[2025-08-19T13:30:34.417+0000][1692007][info][gc,init] CardTable entry size: 512
[2025-08-19T13:30:34.418+0000][1692007][info][gc     ] Using G1
[2025-08-19T13:30:34.947+0000][1692007][info][gc,init] Version: 21.0.2+13-58 (release)
[2025-08-19T13:30:34.947+0000][1692007][info][gc,init] CPUs: 96 total, 1 available
[2025-08-19T13:30:34.947+0000][1692007][info][gc,init] Memory: 125G
[2025-08-19T13:30:34.947+0000][1692007][info][gc,init] Large Page Support: Disabled
[2025-08-19T13:30:34.947+0000][1692007][info][gc,init] NUMA Support: Disabled
[2025-08-19T13:30:34.947+0000][1692007][info][gc,init] Compressed Oops: Enabled (32-bit)
[2025-08-19T13:30:34.947+0000][1692007][info][gc,init] Heap Region Size: 4M
[2025-08-19T13:30:34.947+0000][1692007][info][gc,init] Heap Min Capacity: 512M
[2025-08-19T13:30:34.947+0000][1692007][info][gc,init] Heap Initial Capacity: 512M
[2025-08-19T13:30:34.947+0000][1692007][info][gc,init] Heap Max Capacity: 512M
[2025-08-19T13:30:34.947+0000][1692007][info][gc,init] Pre-touch: Enabled
[2025-08-19T13:30:34.947+0000][1692007][info][gc,init] Parallel Workers: 1
[2025-08-19T13:30:34.947+0000][1692007][info][gc,init] Concurrent Workers: 1
[2025-08-19T13:30:34.947+0000][1692007][info][gc,init] Concurrent Refinement Workers: 1
[2025-08-19T13:30:34.947+0000][1692007][info][gc,init] Periodic GC: Disabled
[2025-08-19T13:30:34.954+0000][1692007][info][gc,metaspace] CDS archive(s) mapped at: [0x0000149873000000-0x0000149873ca6000-0x0000149873ca6000), size 13262848, SharedBaseAddress: 0x0000149873000000, ArchiveRelocationMode: 1.
[2025-08-19T13:30:34.954+0000][1692007][info][gc,metaspace] Compressed class space mapped at: 0x0000149874000000-0x00001498b4000000, reserved size: 1073741824
[2025-08-19T13:30:34.955+0000][1692007][info][gc,metaspace] Narrow klass base: 0x0000149873000000, Narrow klass shift: 0, Narrow klass range: 0x100000000
[2025-08-19T13:30:35.437+0000][1692007][info][gc,start    ] GC(0) Pause Young (Normal) (G1 Evacuation Pause)
[2025-08-19T13:30:35.437+0000][1692007][info][gc,task     ] GC(0) Using 1 workers of 1 for evacuation
[2025-08-19T13:30:35.437+0000][1692007][debug][gc,age      ] GC(0) Desired survivor size 2097152 bytes, new threshold 15 (max threshold 15)
[2025-08-19T13:30:35.439+0000][1692007][info ][gc,phases   ] GC(0)   Pre Evacuate Collection Set: 0.1ms
[2025-08-19T13:30:35.439+0000][1692007][info ][gc,phases   ] GC(0)   Merge Heap Roots: 0.0ms
[2025-08-19T13:30:35.439+0000][1692007][info ][gc,phases   ] GC(0)   Evacuate Collection Set: 1.7ms
[2025-08-19T13:30:35.439+0000][1692007][info ][gc,phases   ] GC(0)   Post Evacuate Collection Set: 0.1ms
[2025-08-19T13:30:35.439+0000][1692007][info ][gc,phases   ] GC(0)   Other: 0.0ms
[2025-08-19T13:30:35.439+0000][1692007][trace][gc,age      ] GC(0) Age table with threshold 15 (max threshold 15)
[2025-08-19T13:30:35.439+0000][1692007][trace][gc,age      ] GC(0) - age   1:    2261296 bytes,    2261296 total
[2025-08-19T13:30:35.439+0000][1692007][info ][gc,heap     ] GC(0) Eden regions: 6->0(5)
[2025-08-19T13:30:35.439+0000][1692007][info ][gc,heap     ] GC(0) Survivor regions: 0->1(1)
[2025-08-19T13:30:35.439+0000][1692007][info ][gc,heap     ] GC(0) Old regions: 1->1
[2025-08-19T13:30:35.439+0000][1692007][info ][gc,heap     ] GC(0) Humongous regions: 0->0
[2025-08-19T13:30:35.439+0000][1692007][info ][gc,metaspace] GC(0) Metaspace: 1158K(1344K)->1158K(1344K) NonClass: 1075K(1152K)->1075K(1152K) Class: 82K(192K)->82K(192K)
[2025-08-19T13:30:35.439+0000][1692007][info ][gc          ] GC(0) Pause Young (Normal) (G1 Evacuation Pause) 25M->3M(512M) 2.093ms
[2025-08-19T13:30:35.439+0000][1692007][info ][gc,cpu      ] GC(0) User=0.00s Sys=0.01s Real=0.00s
[2025-08-19T13:30:35.439+0000][1692007][info ][safepoint   ] Safepoint "G1CollectForAllocation", Time since last: 461634052 ns, Reaching safepoint: 2434 ns, Cleanup: 71097 ns, At safepoint: 2115194 ns, Total: 2188725 ns
[2025-08-19T13:30:35.982+0000][1692007][info ][safepoint   ] Safepoint "ICBufferFull", Time since last: 542969526 ns, Reaching safepoint: 1973 ns, Cleanup: 94893 ns, At safepoint: 1503 ns, Total: 98369 ns
[2025-08-19T13:30:36.025+0000][1692007][info ][gc,start    ] GC(1) Pause Young (Normal) (G1 Evacuation Pause)
[2025-08-19T13:30:36.025+0000][1692007][info ][gc,task     ] GC(1) Using 1 workers of 1 for evacuation
[2025-08-19T13:30:36.025+0000][1692007][debug][gc,age      ] GC(1) Desired survivor size 2097152 bytes, new threshold 1 (max threshold 15)
[2025-08-19T13:30:36.028+0000][1692007][info ][gc,phases   ] GC(1)   Pre Evacuate Collection Set: 0.1ms
[2025-08-19T13:30:36.028+0000][1692007][info ][gc,phases   ] GC(1)   Merge Heap Roots: 0.0ms
[2025-08-19T13:30:36.028+0000][1692007][info ][gc,phases   ] GC(1)   Evacuate Collection Set: 3.1ms
[2025-08-19T13:30:36.028+0000][1692007][info ][gc,phases   ] GC(1)   Post Evacuate Collection Set: 0.2ms
[2025-08-19T13:30:36.028+0000][1692007][info ][gc,phases   ] GC(1)   Other: 0.0ms
[2025-08-19T13:30:36.028+0000][1692007][trace][gc,age      ] GC(1) Age table with threshold 1 (max threshold 15)
[2025-08-19T13:30:36.028+0000][1692007][trace][gc,age      ] GC(1) - age   1:    1906488 bytes,    1906488 total
[2025-08-19T13:30:36.028+0000][1692007][info ][gc,heap     ] GC(1) Eden regions: 5->0(5)
[2025-08-19T13:30:36.028+0000][1692007][info ][gc,heap     ] GC(1) Survivor regions: 1->1(1)
[2025-08-19T13:30:36.028+0000][1692007][info ][gc,heap     ] GC(1) Old regions: 1->2
[2025-08-19T13:30:36.028+0000][1692007][info ][gc,heap     ] GC(1) Humongous regions: 0->0
[2025-08-19T13:30:36.028+0000][1692007][info ][gc,metaspace] GC(1) Metaspace: 6655K(6912K)->6655K(6912K) NonClass: 5901K(6016K)->5901K(6016K) Class: 754K(896K)->754K(896K)
[2025-08-19T13:30:36.029+0000][1692007][info ][gc          ] GC(1) Pause Young (Normal) (G1 Evacuation Pause) 23M->5M(512M) 3.458ms
[2025-08-19T13:30:36.029+0000][1692007][info ][gc,cpu      ] GC(1) User=0.01s Sys=0.00s Real=0.01s
[2025-08-19T13:30:36.029+0000][1692007][info ][safepoint   ] Safepoint "G1CollectForAllocation", Time since last: 43011736 ns, Reaching safepoint: 2023 ns, Cleanup: 10025 ns, At safepoint: 3479364 ns, Total: 3491412 ns
[2025-08-19T13:30:36.480+0000][1692007][info ][safepoint   ] Safepoint "ICBufferFull", Time since last: 450960085 ns, Reaching safepoint: 1923 ns, Cleanup: 99730 ns, At safepoint: 1493 ns, Total: 103146 ns
[2025-08-19T13:30:36.530+0000][1692007][info ][gc,start    ] GC(2) Pause Young (Normal) (G1 Evacuation Pause)
[2025-08-19T13:30:36.530+0000][1692007][info ][gc,task     ] GC(2) Using 1 workers of 1 for evacuation
[2025-08-19T13:30:36.530+0000][1692007][debug][gc,age      ] GC(2) Desired survivor size 2097152 bytes, new threshold 15 (max threshold 15)
[2025-08-19T13:30:36.534+0000][1692007][info ][gc,phases   ] GC(2)   Pre Evacuate Collection Set: 0.1ms
[2025-08-19T13:30:36.534+0000][1692007][info ][gc,phases   ] GC(2)   Merge Heap Roots: 0.0ms
[2025-08-19T13:30:36.534+0000][1692007][info ][gc,phases   ] GC(2)   Evacuate Collection Set: 3.9ms
[2025-08-19T13:30:36.534+0000][1692007][info ][gc,phases   ] GC(2)   Post Evacuate Collection Set: 0.1ms
[2025-08-19T13:30:36.534+0000][1692007][info ][gc,phases   ] GC(2)   Other: 0.0ms
[2025-08-19T13:30:36.534+0000][1692007][trace][gc,age      ] GC(2) Age table with threshold 15 (max threshold 15)
[2025-08-19T13:30:36.534+0000][1692007][trace][gc,age      ] GC(2) - age   1:    1996184 bytes,    1996184 total
[2025-08-19T13:30:36.534+0000][1692007][trace][gc,age      ] GC(2) - age   2:    1869160 bytes,    3865344 total
[2025-08-19T13:30:36.534+0000][1692007][info ][gc,heap     ] GC(2) Eden regions: 5->0(5)
[2025-08-19T13:30:36.534+0000][1692007][info ][gc,heap     ] GC(2) Survivor regions: 1->1(1)
[2025-08-19T13:30:36.534+0000][1692007][info ][gc,heap     ] GC(2) Old regions: 2->2
[2025-08-19T13:30:36.534+0000][1692007][info ][gc,heap     ] GC(2) Humongous regions: 0->0
[2025-08-19T13:30:36.534+0000][1692007][info ][gc,metaspace] GC(2) Metaspace: 9716K(9984K)->9716K(9984K) NonClass: 8553K(8704K)->8553K(8704K) Class: 1162K(1280K)->1162K(1280K)
[2025-08-19T13:30:36.534+0000][1692007][info ][gc          ] GC(2) Pause Young (Normal) (G1 Evacuation Pause) 25M->7M(512M) 4.278ms
[2025-08-19T13:30:36.534+0000][1692007][info ][gc,cpu      ] GC(2) User=0.00s Sys=0.00s Real=0.00s
[2025-08-19T13:30:36.534+0000][1692007][info ][safepoint   ] Safepoint "G1CollectForAllocation", Time since last: 50352751 ns, Reaching safepoint: 2253 ns, Cleanup: 11087 ns, At safepoint: 4303788 ns, Total: 4317128 ns
[2025-08-19T13:30:37.634+0000][1692007][info ][safepoint   ] Safepoint "Cleanup", Time since last: 1099910809 ns, Reaching safepoint: 1723 ns, Cleanup: 88904 ns, At safepoint: 1202 ns, Total: 91829 ns
[2025-08-19T13:30:37.813+0000][1692007][info ][gc,start    ] GC(3) Pause Young (Normal) (G1 Evacuation Pause)
[2025-08-19T13:30:37.813+0000][1692007][info ][gc,task     ] GC(3) Using 1 workers of 1 for evacuation
[2025-08-19T13:30:37.813+0000][1692007][debug][gc,age      ] GC(3) Desired survivor size 2097152 bytes, new threshold 2 (max threshold 15)
[2025-08-19T13:30:37.819+0000][1692007][info ][gc,phases   ] GC(3)   Pre Evacuate Collection Set: 0.1ms
[2025-08-19T13:30:37.819+0000][1692007][info ][gc,phases   ] GC(3)   Merge Heap Roots: 0.0ms
[2025-08-19T13:30:37.819+0000][1692007][info ][gc,phases   ] GC(3)   Evacuate Collection Set: 5.3ms
[2025-08-19T13:30:37.819+0000][1692007][info ][gc,phases   ] GC(3)   Post Evacuate Collection Set: 0.3ms
[2025-08-19T13:30:37.819+0000][1692007][info ][gc,phases   ] GC(3)   Other: 0.0ms
[2025-08-19T13:30:37.819+0000][1692007][trace][gc,age      ] GC(3) Age table with threshold 2 (max threshold 15)
[2025-08-19T13:30:37.819+0000][1692007][trace][gc,age      ] GC(3) - age   1:    2182760 bytes,    2182760 total
[2025-08-19T13:30:37.819+0000][1692007][trace][gc,age      ] GC(3) - age   2:    1829200 bytes,    4011960 total
[2025-08-19T13:30:37.819+0000][1692007][info ][gc,heap     ] GC(3) Eden regions: 5->0(5)
[2025-08-19T13:30:37.819+0000][1692007][info ][gc,heap     ] GC(3) Survivor regions: 1->1(1)
[2025-08-19T13:30:37.819+0000][1692007][info ][gc,heap     ] GC(3) Old regions: 2->3
[2025-08-19T13:30:37.819+0000][1692007][info ][gc,heap     ] GC(3) Humongous regions: 0->0
[2025-08-19T13:30:37.819+0000][1692007][info ][gc,metaspace] GC(3) Metaspace: 15558K(16064K)->15558K(16064K) NonClass: 13641K(13952K)->13641K(13952K) Class: 1916K(2112K)->1916K(2112K)
[2025-08-19T13:30:37.819+0000][1692007][info ][gc          ] GC(3) Pause Young (Normal) (G1 Evacuation Pause) 27M->9M(512M) 5.837ms
[2025-08-19T13:30:37.819+0000][1692007][info ][gc,cpu      ] GC(3) User=0.01s Sys=0.00s Real=0.01s
[2025-08-19T13:30:37.819+0000][1692007][info ][safepoint   ] Safepoint "G1CollectForAllocation", Time since last: 178555503 ns, Reaching safepoint: 2293 ns, Cleanup: 55784 ns, At safepoint: 5859969 ns, Total: 5918046 ns
[2025-08-19T13:30:38.508+0000][1692007][info ][gc,start    ] GC(4) Pause Young (Normal) (G1 Evacuation Pause)
[2025-08-19T13:30:38.508+0000][1692007][info ][gc,task     ] GC(4) Using 1 workers of 1 for evacuation
[2025-08-19T13:30:38.508+0000][1692007][debug][gc,age      ] GC(4) Desired survivor size 2097152 bytes, new threshold 1 (max threshold 15)
[2025-08-19T13:30:38.512+0000][1692007][info ][gc,phases   ] GC(4)   Pre Evacuate Collection Set: 0.1ms
[2025-08-19T13:30:38.512+0000][1692007][info ][gc,phases   ] GC(4)   Merge Heap Roots: 0.0ms
[2025-08-19T13:30:38.512+0000][1692007][info ][gc,phases   ] GC(4)   Evacuate Collection Set: 4.3ms
[2025-08-19T13:30:38.512+0000][1692007][info ][gc,phases   ] GC(4)   Post Evacuate Collection Set: 0.2ms
[2025-08-19T13:30:38.512+0000][1692007][info ][gc,phases   ] GC(4)   Other: 0.0ms
[2025-08-19T13:30:38.512+0000][1692007][trace][gc,age      ] GC(4) Age table with threshold 1 (max threshold 15)
[2025-08-19T13:30:38.512+0000][1692007][trace][gc,age      ] GC(4) - age   1:     804816 bytes,     804816 total
[2025-08-19T13:30:38.512+0000][1692007][info ][gc,heap     ] GC(4) Eden regions: 5->0(12)
[2025-08-19T13:30:38.512+0000][1692007][info ][gc,heap     ] GC(4) Survivor regions: 1->1(1)
[2025-08-19T13:30:38.512+0000][1692007][info ][gc,heap     ] GC(4) Old regions: 3->3
[2025-08-19T13:30:38.512+0000][1692007][info ][gc,heap     ] GC(4) Humongous regions: 0->0
[2025-08-19T13:30:38.512+0000][1692007][info ][gc,metaspace] GC(4) Metaspace: 20217K(20736K)->20217K(20736K) NonClass: 17947K(18240K)->17947K(18240K) Class: 2270K(2496K)->2270K(2496K)
[2025-08-19T13:30:38.512+0000][1692007][info ][gc          ] GC(4) Pause Young (Normal) (G1 Evacuation Pause) 29M->9M(512M) 4.810ms
[2025-08-19T13:30:38.512+0000][1692007][info ][gc,cpu      ] GC(4) User=0.01s Sys=0.00s Real=0.00s
[2025-08-19T13:30:38.512+0000][1692007][info ][safepoint   ] Safepoint "G1CollectForAllocation", Time since last: 688808398 ns, Reaching safepoint: 2333 ns, Cleanup: 66701 ns, At safepoint: 4833599 ns, Total: 4902633 ns
[2025-08-19T13:30:39.228+0000][1692007][info ][gc,start    ] GC(5) Pause Young (Normal) (G1 Evacuation Pause)
[2025-08-19T13:30:39.228+0000][1692007][info ][gc,task     ] GC(5) Using 1 workers of 1 for evacuation
[2025-08-19T13:30:39.228+0000][1692007][debug][gc,age      ] GC(5) Desired survivor size 4194304 bytes, new threshold 15 (max threshold 15)
[2025-08-19T13:30:39.231+0000][1692007][info ][gc,phases   ] GC(5)   Pre Evacuate Collection Set: 0.1ms
[2025-08-19T13:30:39.231+0000][1692007][info ][gc,phases   ] GC(5)   Merge Heap Roots: 0.0ms
[2025-08-19T13:30:39.231+0000][1692007][info ][gc,phases   ] GC(5)   Evacuate Collection Set: 3.2ms
[2025-08-19T13:30:39.231+0000][1692007][info ][gc,phases   ] GC(5)   Post Evacuate Collection Set: 0.2ms
[2025-08-19T13:30:39.231+0000][1692007][info ][gc,phases   ] GC(5)   Other: 0.0ms
[2025-08-19T13:30:39.231+0000][1692007][trace][gc,age      ] GC(5) Age table with threshold 15 (max threshold 15)
[2025-08-19T13:30:39.231+0000][1692007][trace][gc,age      ] GC(5) - age   1:    2524312 bytes,    2524312 total
[2025-08-19T13:30:39.231+0000][1692007][trace][gc,age      ] GC(5) - age   2:     727008 bytes,    3251320 total
[2025-08-19T13:30:39.231+0000][1692007][info ][gc,heap     ] GC(5) Eden regions: 13->0(75)
[2025-08-19T13:30:39.231+0000][1692007][info ][gc,heap     ] GC(5) Survivor regions: 1->1(2)
[2025-08-19T13:30:39.231+0000][1692007][info ][gc,heap     ] GC(5) Old regions: 3->3
[2025-08-19T13:30:39.231+0000][1692007][info ][gc,heap     ] GC(5) Humongous regions: 0->0
[2025-08-19T13:30:39.231+0000][1692007][info ][gc,metaspace] GC(5) Metaspace: 20899K(21504K)->20899K(21504K) NonClass: 18587K(18944K)->18587K(18944K) Class: 2311K(2560K)->2311K(2560K)
[2025-08-19T13:30:39.231+0000][1692007][info ][gc          ] GC(5) Pause Young (Normal) (G1 Evacuation Pause) 61M->11M(512M) 3.663ms
[2025-08-19T13:30:39.231+0000][1692007][info ][gc,cpu      ] GC(5) User=0.00s Sys=0.00s Real=0.00s
[2025-08-19T13:30:39.231+0000][1692007][info ][safepoint   ] Safepoint "G1CollectForAllocation", Time since last: 715199858 ns, Reaching safepoint: 2323 ns, Cleanup: 97688 ns, At safepoint: 3687047 ns, Total: 3787058 ns
[2025-08-19T13:30:39.297+0000][1692007][info ][gc,start    ] GC(6) Pause Young (Concurrent Start) (Metadata GC Threshold)
[2025-08-19T13:30:39.297+0000][1692007][info ][gc,task     ] GC(6) Using 1 workers of 1 for evacuation
[2025-08-19T13:30:39.297+0000][1692007][debug][gc,age      ] GC(6) Desired survivor size 20971520 bytes, new threshold 15 (max threshold 15)
[2025-08-19T13:30:39.300+0000][1692007][info ][gc,phases   ] GC(6)   Pre Evacuate Collection Set: 0.1ms
[2025-08-19T13:30:39.300+0000][1692007][info ][gc,phases   ] GC(6)   Merge Heap Roots: 0.0ms
[2025-08-19T13:30:39.300+0000][1692007][info ][gc,phases   ] GC(6)   Evacuate Collection Set: 2.0ms
[2025-08-19T13:30:39.300+0000][1692007][info ][gc,phases   ] GC(6)   Post Evacuate Collection Set: 0.1ms
[2025-08-19T13:30:39.300+0000][1692007][info ][gc,phases   ] GC(6)   Other: 0.0ms
[2025-08-19T13:30:39.300+0000][1692007][trace][gc,age      ] GC(6) Age table with threshold 15 (max threshold 15)
[2025-08-19T13:30:39.300+0000][1692007][trace][gc,age      ] GC(6) - age   1:      61312 bytes,      61312 total
[2025-08-19T13:30:39.300+0000][1692007][trace][gc,age      ] GC(6) - age   2:     943264 bytes,    1004576 total
[2025-08-19T13:30:39.300+0000][1692007][trace][gc,age      ] GC(6) - age   3:     726976 bytes,    1731552 total
[2025-08-19T13:30:39.300+0000][1692007][info ][gc,heap     ] GC(6) Eden regions: 2->0(75)
[2025-08-19T13:30:39.300+0000][1692007][info ][gc,heap     ] GC(6) Survivor regions: 1->1(10)
[2025-08-19T13:30:39.300+0000][1692007][info ][gc,heap     ] GC(6) Old regions: 3->3
[2025-08-19T13:30:39.300+0000][1692007][info ][gc,heap     ] GC(6) Humongous regions: 0->0
[2025-08-19T13:30:39.300+0000][1692007][info ][gc,metaspace] GC(6) Metaspace: 20973K(21504K)->20973K(21504K) NonClass: 18650K(18944K)->18650K(18944K) Class: 2322K(2560K)->2322K(2560K)
[2025-08-19T13:30:39.300+0000][1692007][info ][gc          ] GC(6) Pause Young (Concurrent Start) (Metadata GC Threshold) 19M->10M(512M) 2.388ms
[2025-08-19T13:30:39.300+0000][1692007][info ][gc,cpu      ] GC(6) User=0.00s Sys=0.00s Real=0.00s
[2025-08-19T13:30:39.300+0000][1692007][info ][safepoint   ] Safepoint "CollectForMetadataAllocation", Time since last: 65952767 ns, Reaching safepoint: 1923 ns, Cleanup: 17065 ns, At safepoint: 2448087 ns, Total: 2467075 ns
[2025-08-19T13:30:39.303+0000][1692007][info ][gc          ] GC(7) Concurrent Mark Cycle
[2025-08-19T13:30:39.303+0000][1692007][info ][gc,marking  ] GC(7) Concurrent Scan Root Regions
[2025-08-19T13:30:39.305+0000][1692007][info ][gc,marking  ] GC(7) Concurrent Scan Root Regions 1.290ms
[2025-08-19T13:30:39.305+0000][1692007][info ][gc,marking  ] GC(7) Concurrent Mark
[2025-08-19T13:30:39.305+0000][1692007][info ][gc,marking  ] GC(7) Concurrent Mark From Roots
[2025-08-19T13:30:39.305+0000][1692007][info ][gc,task     ] GC(7) Using 1 workers of 1 for marking
[2025-08-19T13:30:39.315+0000][1692007][info ][gc,marking  ] GC(7) Concurrent Mark From Roots 10.273ms
[2025-08-19T13:30:39.315+0000][1692007][info ][gc,marking  ] GC(7) Concurrent Preclean
[2025-08-19T13:30:39.315+0000][1692007][info ][gc,marking  ] GC(7) Concurrent Preclean 0.013ms
[2025-08-19T13:30:39.325+0000][1692007][info ][gc,start    ] GC(7) Pause Remark
[2025-08-19T13:30:39.333+0000][1692007][info ][gc          ] GC(7) Pause Remark 10M->10M(512M) 7.750ms
[2025-08-19T13:30:39.333+0000][1692007][info ][gc,cpu      ] GC(7) User=0.01s Sys=0.00s Real=0.01s
[2025-08-19T13:30:39.335+0000][1692007][info ][safepoint   ] Safepoint "G1PauseRemark", Time since last: 22521727 ns, Reaching safepoint: 2771805 ns, Cleanup: 1683 ns, At safepoint: 9780358 ns, Total: 12553846 ns
[2025-08-19T13:30:39.335+0000][1692007][info ][gc,marking  ] GC(7) Concurrent Mark 30.660ms
[2025-08-19T13:30:39.335+0000][1692007][info ][gc,marking  ] GC(7) Concurrent Rebuild Remembered Sets and Scrub Regions
[2025-08-19T13:30:39.338+0000][1692007][info ][gc,marking  ] GC(7) Concurrent Rebuild Remembered Sets and Scrub Regions 2.498ms
[2025-08-19T13:30:39.338+0000][1692007][info ][gc,start    ] GC(7) Pause Cleanup
[2025-08-19T13:30:39.338+0000][1692007][info ][gc          ] GC(7) Pause Cleanup 11M->11M(512M) 0.359ms
[2025-08-19T13:30:39.338+0000][1692007][info ][gc,cpu      ] GC(7) User=0.00s Sys=0.00s Real=0.00s
[2025-08-19T13:30:39.338+0000][1692007][info ][safepoint   ] Safepoint "G1PauseCleanup", Time since last: 2951096 ns, Reaching safepoint: 8122 ns, Cleanup: 751 ns, At safepoint: 495138 ns, Total: 504011 ns
[2025-08-19T13:30:39.338+0000][1692007][info ][gc,marking  ] GC(7) Concurrent Clear Claimed Marks
[2025-08-19T13:30:39.338+0000][1692007][info ][gc,marking  ] GC(7) Concurrent Clear Claimed Marks 0.012ms
[2025-08-19T13:30:39.338+0000][1692007][info ][gc,marking  ] GC(7) Concurrent Cleanup for Next Mark
[2025-08-19T13:30:39.339+0000][1692007][info ][gc,marking  ] GC(7) Concurrent Cleanup for Next Mark 0.271ms
[2025-08-19T13:30:39.339+0000][1692007][info ][gc          ] GC(7) Concurrent Mark Cycle 35.338ms
[2025-08-19T13:30:40.376+0000][1692007][info ][safepoint   ] Safepoint "ICBufferFull", Time since last: 1037344476 ns, Reaching safepoint: 2524 ns, Cleanup: 103596 ns, At safepoint: 1222 ns, Total: 107342 ns
[2025-08-19T13:30:40.981+0000][1692007][info ][safepoint   ] Safepoint "ICBufferFull", Time since last: 605458843 ns, Reaching safepoint: 2414 ns, Cleanup: 113221 ns, At safepoint: 1322 ns, Total: 116957 ns
[2025-08-19T13:30:41.946+0000][1692007][info ][gc,start    ] GC(8) Pause Young (Prepare Mixed) (G1 Evacuation Pause)
[2025-08-19T13:30:41.946+0000][1692007][info ][gc,task     ] GC(8) Using 1 workers of 1 for evacuation
[2025-08-19T13:30:41.946+0000][1692007][debug][gc,age      ] GC(8) Desired survivor size 20971520 bytes, new threshold 15 (max threshold 15)
[2025-08-19T13:30:41.985+0000][1692007][info ][gc,phases   ] GC(8)   Pre Evacuate Collection Set: 0.1ms
[2025-08-19T13:30:41.985+0000][1692007][info ][gc,phases   ] GC(8)   Merge Heap Roots: 0.0ms
[2025-08-19T13:30:41.985+0000][1692007][info ][gc,phases   ] GC(8)   Evacuate Collection Set: 24.5ms
[2025-08-19T13:30:41.985+0000][1692007][info ][gc,phases   ] GC(8)   Post Evacuate Collection Set: 15.1ms
[2025-08-19T13:30:41.985+0000][1692007][info ][gc,phases   ] GC(8)   Other: 0.1ms
[2025-08-19T13:30:41.985+0000][1692007][trace][gc,age      ] GC(8) Age table with threshold 15 (max threshold 15)
[2025-08-19T13:30:41.985+0000][1692007][trace][gc,age      ] GC(8) - age   1:    9111200 bytes,    9111200 total
[2025-08-19T13:30:41.985+0000][1692007][trace][gc,age      ] GC(8) - age   2:      58416 bytes,    9169616 total
[2025-08-19T13:30:41.986+0000][1692007][trace][gc,age      ] GC(8) - age   3:     942936 bytes,   10112552 total
[2025-08-19T13:30:41.986+0000][1692007][trace][gc,age      ] GC(8) - age   4:     724848 bytes,   10837400 total
[2025-08-19T13:30:41.986+0000][1692007][info ][gc,heap     ] GC(8) Eden regions: 75->0(40)
[2025-08-19T13:30:41.986+0000][1692007][info ][gc,heap     ] GC(8) Survivor regions: 1->3(10)
[2025-08-19T13:30:41.986+0000][1692007][info ][gc,heap     ] GC(8) Old regions: 3->3
[2025-08-19T13:30:41.986+0000][1692007][info ][gc,heap     ] GC(8) Humongous regions: 0->0
[2025-08-19T13:30:41.986+0000][1692007][info ][gc,metaspace] GC(8) Metaspace: 29439K(30144K)->29439K(30144K) NonClass: 26078K(26496K)->26078K(26496K) Class: 3361K(3648K)->3361K(3648K)
[2025-08-19T13:30:41.986+0000][1692007][info ][gc          ] GC(8) Pause Young (Prepare Mixed) (G1 Evacuation Pause) 310M->19M(512M) 39.932ms
[2025-08-19T13:30:41.986+0000][1692007][info ][gc,cpu      ] GC(8) User=0.01s Sys=0.00s Real=0.04s
[2025-08-19T13:30:41.986+0000][1692007][info ][safepoint   ] Safepoint "G1CollectForAllocation", Time since last: 964083043 ns, Reaching safepoint: 2825 ns, Cleanup: 101413 ns, At safepoint: 39961510 ns, Total: 40065748 ns
[2025-08-19T13:30:42.794+0000][1692007][info ][gc,start    ] GC(9) Pause Young (Mixed) (G1 Evacuation Pause)
[2025-08-19T13:30:42.794+0000][1692007][info ][gc,task     ] GC(9) Using 1 workers of 1 for evacuation
[2025-08-19T13:30:42.794+0000][1692007][debug][gc,age      ] GC(9) Desired survivor size 12582912 bytes, new threshold 15 (max threshold 15)
[2025-08-19T13:30:42.807+0000][1692007][info ][gc,phases   ] GC(9)   Pre Evacuate Collection Set: 0.1ms
[2025-08-19T13:30:42.807+0000][1692007][info ][gc,phases   ] GC(9)   Merge Heap Roots: 0.0ms
[2025-08-19T13:30:42.807+0000][1692007][info ][gc,phases   ] GC(9)   Evacuate Collection Set: 12.3ms
[2025-08-19T13:30:42.807+0000][1692007][info ][gc,phases   ] GC(9)   Post Evacuate Collection Set: 0.4ms
[2025-08-19T13:30:42.807+0000][1692007][info ][gc,phases   ] GC(9)   Other: 0.0ms
[2025-08-19T13:30:42.807+0000][1692007][trace][gc,age      ] GC(9) Age table with threshold 15 (max threshold 15)
[2025-08-19T13:30:42.807+0000][1692007][trace][gc,age      ] GC(9) - age   1:    2182184 bytes,    2182184 total
[2025-08-19T13:30:42.807+0000][1692007][trace][gc,age      ] GC(9) - age   2:    8524408 bytes,   10706592 total
[2025-08-19T13:30:42.807+0000][1692007][trace][gc,age      ] GC(9) - age   3:      58384 bytes,   10764976 total
[2025-08-19T13:30:42.807+0000][1692007][trace][gc,age      ] GC(9) - age   4:     942936 bytes,   11707912 total
[2025-08-19T13:30:42.807+0000][1692007][trace][gc,age      ] GC(9) - age   5:     724848 bytes,   12432760 total
[2025-08-19T13:30:42.807+0000][1692007][info ][gc,heap     ] GC(9) Eden regions: 39->0(28)
[2025-08-19T13:30:42.807+0000][1692007][info ][gc,heap     ] GC(9) Survivor regions: 3->4(6)
[2025-08-19T13:30:42.807+0000][1692007][info ][gc,heap     ] GC(9) Old regions: 3->3
[2025-08-19T13:30:42.807+0000][1692007][info ][gc,heap     ] GC(9) Humongous regions: 0->0
[2025-08-19T13:30:42.807+0000][1692007][info ][gc,metaspace] GC(9) Metaspace: 29839K(30528K)->29839K(30528K) NonClass: 26439K(26816K)->26439K(26816K) Class: 3400K(3712K)->3400K(3712K)
[2025-08-19T13:30:42.807+0000][1692007][info ][gc          ] GC(9) Pause Young (Mixed) (G1 Evacuation Pause) 175M->22M(512M) 13.046ms
[2025-08-19T13:30:42.807+0000][1692007][info ][gc,cpu      ] GC(9) User=0.01s Sys=0.00s Real=0.02s
[2025-08-19T13:30:42.807+0000][1692007][info ][safepoint   ] Safepoint "G1CollectForAllocation", Time since last: 808679099 ns, Reaching safepoint: 2684 ns, Cleanup: 98018 ns, At safepoint: 13071928 ns, Total: 13172630 ns
[2025-08-19T13:30:43.268+0000][1692007][info ][gc,start    ] GC(10) Pause Young (Normal) (G1 Evacuation Pause)
[2025-08-19T13:30:43.268+0000][1692007][info ][gc,task     ] GC(10) Using 1 workers of 1 for evacuation
[2025-08-19T13:30:43.268+0000][1692007][debug][gc,age      ] GC(10) Desired survivor size 8388608 bytes, new threshold 2 (max threshold 15)
[2025-08-19T13:30:43.278+0000][1692007][info ][gc,phases   ] GC(10)   Pre Evacuate Collection Set: 0.1ms
[2025-08-19T13:30:43.278+0000][1692007][info ][gc,phases   ] GC(10)   Merge Heap Roots: 0.0ms
[2025-08-19T13:30:43.278+0000][1692007][info ][gc,phases   ] GC(10)   Evacuate Collection Set: 10.1ms
[2025-08-19T13:30:43.278+0000][1692007][info ][gc,phases   ] GC(10)   Post Evacuate Collection Set: 0.3ms
[2025-08-19T13:30:43.278+0000][1692007][info ][gc,phases   ] GC(10)   Other: 0.0ms
[2025-08-19T13:30:43.278+0000][1692007][trace][gc,age      ] GC(10) Age table with threshold 2 (max threshold 15)
[2025-08-19T13:30:43.278+0000][1692007][trace][gc,age      ] GC(10) - age   1:    1520592 bytes,    1520592 total
[2025-08-19T13:30:43.278+0000][1692007][trace][gc,age      ] GC(10) - age   2:    1958504 bytes,    3479096 total
[2025-08-19T13:30:43.278+0000][1692007][info ][gc,heap     ] GC(10) Eden regions: 24->0(75)
[2025-08-19T13:30:43.278+0000][1692007][info ][gc,heap     ] GC(10) Survivor regions: 4->1(4)
[2025-08-19T13:30:43.278+0000][1692007][info ][gc,heap     ] GC(10) Old regions: 3->5
[2025-08-19T13:30:43.278+0000][1692007][info ][gc,heap     ] GC(10) Humongous regions: 0->0
[2025-08-19T13:30:43.278+0000][1692007][info ][gc,metaspace] GC(10) Metaspace: 30100K(30848K)->30100K(30848K) NonClass: 26668K(27072K)->26668K(27072K) Class: 3432K(3776K)->3432K(3776K)
[2025-08-19T13:30:43.278+0000][1692007][info ][gc          ] GC(10) Pause Young (Normal) (G1 Evacuation Pause) 118M->23M(512M) 10.715ms
[2025-08-19T13:30:43.278+0000][1692007][info ][gc,cpu      ] GC(10) User=0.01s Sys=0.00s Real=0.01s
[2025-08-19T13:30:43.278+0000][1692007][info ][safepoint   ] Safepoint "G1CollectForAllocation", Time since last: 460105785 ns, Reaching safepoint: 2474 ns, Cleanup: 21933 ns, At safepoint: 10741599 ns, Total: 10766006 ns
[2025-08-19T13:30:44.604+0000][1692007][info ][safepoint   ] Safepoint "Cleanup", Time since last: 1325267821 ns, Reaching safepoint: 1712 ns, Cleanup: 58208 ns, At safepoint: 1092 ns, Total: 61012 ns
[2025-08-19T13:30:45.093+0000][1692007][info ][gc,start    ] GC(11) Pause Young (Concurrent Start) (Metadata GC Threshold)
[2025-08-19T13:30:45.093+0000][1692007][info ][gc,task     ] GC(11) Using 1 workers of 1 for evacuation
[2025-08-19T13:30:45.093+0000][1692007][debug][gc,age      ] GC(11) Desired survivor size 20971520 bytes, new threshold 15 (max threshold 15)
[2025-08-19T13:30:45.100+0000][1692007][info ][gc,phases   ] GC(11)   Pre Evacuate Collection Set: 0.1ms
[2025-08-19T13:30:45.100+0000][1692007][info ][gc,phases   ] GC(11)   Merge Heap Roots: 0.0ms
[2025-08-19T13:30:45.100+0000][1692007][info ][gc,phases   ] GC(11)   Evacuate Collection Set: 6.5ms
[2025-08-19T13:30:45.100+0000][1692007][info ][gc,phases   ] GC(11)   Post Evacuate Collection Set: 0.3ms
[2025-08-19T13:30:45.100+0000][1692007][info ][gc,phases   ] GC(11)   Other: 0.0ms
[2025-08-19T13:30:45.100+0000][1692007][trace][gc,age      ] GC(11) Age table with threshold 15 (max threshold 15)
[2025-08-19T13:30:45.100+0000][1692007][trace][gc,age      ] GC(11) - age   1:    3252448 bytes,    3252448 total
[2025-08-19T13:30:45.100+0000][1692007][trace][gc,age      ] GC(11) - age   2:     733736 bytes,    3986184 total
[2025-08-19T13:30:45.100+0000][1692007][trace][gc,age      ] GC(11) - age   3:    1958504 bytes,    5944688 total
[2025-08-19T13:30:45.100+0000][1692007][info ][gc,heap     ] GC(11) Eden regions: 47->0(74)
[2025-08-19T13:30:45.100+0000][1692007][info ][gc,heap     ] GC(11) Survivor regions: 1->2(10)
[2025-08-19T13:30:45.100+0000][1692007][info ][gc,heap     ] GC(11) Old regions: 5->5
[2025-08-19T13:30:45.100+0000][1692007][info ][gc,heap     ] GC(11) Humongous regions: 0->0
[2025-08-19T13:30:45.100+0000][1692007][info ][gc,metaspace] GC(11) Metaspace: 35275K(36096K)->35275K(36096K) NonClass: 31285K(31744K)->31285K(31744K) Class: 3990K(4352K)->3990K(4352K)
[2025-08-19T13:30:45.100+0000][1692007][info ][gc          ] GC(11) Pause Young (Concurrent Start) (Metadata GC Threshold) 209M->25M(512M) 7.030ms
[2025-08-19T13:30:45.100+0000][1692007][info ][gc,cpu      ] GC(11) User=0.00s Sys=0.00s Real=0.01s
[2025-08-19T13:30:45.100+0000][1692007][info ][safepoint   ] Safepoint "CollectForMetadataAllocation", Time since last: 489063300 ns, Reaching safepoint: 2503 ns, Cleanup: 41243 ns, At safepoint: 7091988 ns, Total: 7135734 ns
[2025-08-19T13:30:45.103+0000][1692007][info ][gc          ] GC(12) Concurrent Mark Cycle
[2025-08-19T13:30:45.103+0000][1692007][info ][gc,marking  ] GC(12) Concurrent Scan Root Regions
[2025-08-19T13:30:45.105+0000][1692007][info ][gc,marking  ] GC(12) Concurrent Scan Root Regions 1.345ms
[2025-08-19T13:30:45.105+0000][1692007][info ][gc,marking  ] GC(12) Concurrent Mark
[2025-08-19T13:30:45.105+0000][1692007][info ][gc,marking  ] GC(12) Concurrent Mark From Roots
[2025-08-19T13:30:45.105+0000][1692007][info ][gc,task     ] GC(12) Using 1 workers of 1 for marking
[2025-08-19T13:30:45.127+0000][1692007][info ][gc,marking  ] GC(12) Concurrent Mark From Roots 21.829ms
[2025-08-19T13:30:45.127+0000][1692007][info ][gc,marking  ] GC(12) Concurrent Preclean
[2025-08-19T13:30:45.127+0000][1692007][info ][gc,marking  ] GC(12) Concurrent Preclean 0.027ms
[2025-08-19T13:30:45.127+0000][1692007][info ][gc,start    ] GC(12) Pause Remark
[2025-08-19T13:30:45.144+0000][1692007][info ][gc          ] GC(12) Pause Remark 27M->27M(512M) 17.437ms
[2025-08-19T13:30:45.144+0000][1692007][info ][gc,cpu      ] GC(12) User=0.01s Sys=0.00s Real=0.01s
[2025-08-19T13:30:45.144+0000][1692007][info ][safepoint   ] Safepoint "G1PauseRemark", Time since last: 26853118 ns, Reaching safepoint: 74833 ns, Cleanup: 1342 ns, At safepoint: 17478271 ns, Total: 17554446 ns
[2025-08-19T13:30:45.145+0000][1692007][info ][gc,marking  ] GC(12) Concurrent Mark 40.218ms
[2025-08-19T13:30:45.145+0000][1692007][info ][gc,marking  ] GC(12) Concurrent Rebuild Remembered Sets and Scrub Regions
[2025-08-19T13:30:45.166+0000][1692007][info ][gc,marking  ] GC(12) Concurrent Rebuild Remembered Sets and Scrub Regions 20.728ms
[2025-08-19T13:30:45.166+0000][1692007][info ][gc,start    ] GC(12) Pause Cleanup
[2025-08-19T13:30:45.166+0000][1692007][info ][gc          ] GC(12) Pause Cleanup 27M->27M(512M) 0.631ms
[2025-08-19T13:30:45.167+0000][1692007][info ][gc,cpu      ] GC(12) User=0.00s Sys=0.00s Real=0.00s
[2025-08-19T13:30:45.167+0000][1692007][info ][safepoint   ] Safepoint "G1PauseCleanup", Time since last: 21533415 ns, Reaching safepoint: 1973 ns, Cleanup: 11137 ns, At safepoint: 953990 ns, Total: 967100 ns
[2025-08-19T13:30:45.167+0000][1692007][info ][gc,marking  ] GC(12) Concurrent Clear Claimed Marks
[2025-08-19T13:30:45.167+0000][1692007][info ][gc,marking  ] GC(12) Concurrent Clear Claimed Marks 0.039ms
[2025-08-19T13:30:45.167+0000][1692007][info ][gc,marking  ] GC(12) Concurrent Cleanup for Next Mark
[2025-08-19T13:30:45.169+0000][1692007][info ][gc,marking  ] GC(12) Concurrent Cleanup for Next Mark 1.977ms
[2025-08-19T13:30:45.169+0000][1692007][info ][gc          ] GC(12) Concurrent Mark Cycle 65.418ms
[2025-08-19T13:30:46.167+0000][1692007][info ][safepoint   ] Safepoint "Cleanup", Time since last: 1000071806 ns, Reaching safepoint: 3645 ns, Cleanup: 22504 ns, At safepoint: 2364 ns, Total: 28513 ns
[2025-08-19T13:30:47.167+0000][1692007][info ][safepoint   ] Safepoint "Cleanup", Time since last: 1000139207 ns, Reaching safepoint: 227874 ns, Cleanup: 56035 ns, At safepoint: 3575 ns, Total: 287484 ns
[2025-08-19T13:30:47.482+0000][1692007][info ][gc,start    ] GC(13) Pause Young (Normal) (G1 Evacuation Pause)
[2025-08-19T13:30:47.482+0000][1692007][info ][gc,task     ] GC(13) Using 1 workers of 1 for evacuation
[2025-08-19T13:30:47.482+0000][1692007][debug][gc,age      ] GC(13) Desired survivor size 20971520 bytes, new threshold 15 (max threshold 15)
[2025-08-19T13:30:47.489+0000][1692007][info ][gc,phases   ] GC(13)   Pre Evacuate Collection Set: 0.2ms
[2025-08-19T13:30:47.489+0000][1692007][info ][gc,phases   ] GC(13)   Merge Heap Roots: 0.0ms
[2025-08-19T13:30:47.489+0000][1692007][info ][gc,phases   ] GC(13)   Evacuate Collection Set: 6.5ms
[2025-08-19T13:30:47.489+0000][1692007][info ][gc,phases   ] GC(13)   Post Evacuate Collection Set: 0.4ms
[2025-08-19T13:30:47.489+0000][1692007][info ][gc,phases   ] GC(13)   Other: 0.0ms
[2025-08-19T13:30:47.489+0000][1692007][trace][gc,age      ] GC(13) Age table with threshold 15 (max threshold 15)
[2025-08-19T13:30:47.489+0000][1692007][trace][gc,age      ] GC(13) - age   1:    5862304 bytes,    5862304 total
[2025-08-19T13:30:47.489+0000][1692007][trace][gc,age      ] GC(13) - age   2:    3235648 bytes,    9097952 total
[2025-08-19T13:30:47.489+0000][1692007][trace][gc,age      ] GC(13) - age   3:     733008 bytes,    9830960 total
[2025-08-19T13:30:47.489+0000][1692007][trace][gc,age      ] GC(13) - age   4:    1957208 bytes,   11788168 total
[2025-08-19T13:30:47.489+0000][1692007][info ][gc,heap     ] GC(13) Eden regions: 74->0(73)
[2025-08-19T13:30:47.489+0000][1692007][info ][gc,heap     ] GC(13) Survivor regions: 2->3(10)
[2025-08-19T13:30:47.489+0000][1692007][info ][gc,heap     ] GC(13) Old regions: 5->5
[2025-08-19T13:30:47.489+0000][1692007][info ][gc,heap     ] GC(13) Humongous regions: 0->0
[2025-08-19T13:30:47.489+0000][1692007][info ][gc,metaspace] GC(13) Metaspace: 37454K(38400K)->37454K(38400K) NonClass: 33177K(33728K)->33177K(33728K) Class: 4276K(4672K)->4276K(4672K)
[2025-08-19T13:30:47.489+0000][1692007][info ][gc          ] GC(13) Pause Young (Normal) (G1 Evacuation Pause) 321M->31M(512M) 7.282ms
[2025-08-19T13:30:47.489+0000][1692007][info ][gc,cpu      ] GC(13) User=0.01s Sys=0.00s Real=0.01s
[2025-08-19T13:30:47.489+0000][1692007][info ][safepoint   ] Safepoint "G1CollectForAllocation", Time since last: 314550641 ns, Reaching safepoint: 2674 ns, Cleanup: 32520 ns, At safepoint: 7308385 ns, Total: 7343579 ns
[2025-08-19T13:30:48.489+0000][1692007][info ][safepoint   ] Safepoint "Cleanup", Time since last: 1000070884 ns, Reaching safepoint: 3445 ns, Cleanup: 36796 ns, At safepoint: 1913 ns, Total: 42154 ns
[2025-08-19T13:30:48.643+0000][1692007][info ][gc,start    ] GC(14) Pause Young (Normal) (G1 Evacuation Pause)
[2025-08-19T13:30:48.643+0000][1692007][info ][gc,task     ] GC(14) Using 1 workers of 1 for evacuation
[2025-08-19T13:30:48.643+0000][1692007][debug][gc,age      ] GC(14) Desired survivor size 20971520 bytes, new threshold 15 (max threshold 15)
[2025-08-19T13:30:48.650+0000][1692007][info ][gc,phases   ] GC(14)   Pre Evacuate Collection Set: 0.1ms
[2025-08-19T13:30:48.650+0000][1692007][info ][gc,phases   ] GC(14)   Merge Heap Roots: 0.0ms
[2025-08-19T13:30:48.650+0000][1692007][info ][gc,phases   ] GC(14)   Evacuate Collection Set: 6.2ms
[2025-08-19T13:30:48.650+0000][1692007][info ][gc,phases   ] GC(14)   Post Evacuate Collection Set: 0.3ms
[2025-08-19T13:30:48.650+0000][1692007][info ][gc,phases   ] GC(14)   Other: 0.0ms
[2025-08-19T13:30:48.650+0000][1692007][trace][gc,age      ] GC(14) Age table with threshold 15 (max threshold 15)
[2025-08-19T13:30:48.650+0000][1692007][trace][gc,age      ] GC(14) - age   1:    3341832 bytes,    3341832 total
[2025-08-19T13:30:48.650+0000][1692007][trace][gc,age      ] GC(14) - age   2:    5682256 bytes,    9024088 total
[2025-08-19T13:30:48.650+0000][1692007][trace][gc,age      ] GC(14) - age   3:    3233520 bytes,   12257608 total
[2025-08-19T13:30:48.650+0000][1692007][trace][gc,age      ] GC(14) - age   4:     732912 bytes,   12990520 total
[2025-08-19T13:30:48.650+0000][1692007][trace][gc,age      ] GC(14) - age   5:    1956840 bytes,   14947360 total
[2025-08-19T13:30:48.650+0000][1692007][info ][gc,heap     ] GC(14) Eden regions: 73->0(72)
[2025-08-19T13:30:48.650+0000][1692007][info ][gc,heap     ] GC(14) Survivor regions: 3->4(10)
[2025-08-19T13:30:48.650+0000][1692007][info ][gc,heap     ] GC(14) Old regions: 5->5
[2025-08-19T13:30:48.650+0000][1692007][info ][gc,heap     ] GC(14) Humongous regions: 0->0
[2025-08-19T13:30:48.650+0000][1692007][info ][gc,metaspace] GC(14) Metaspace: 38126K(39040K)->38126K(39040K) NonClass: 33756K(34304K)->33756K(34304K) Class: 4370K(4736K)->4370K(4736K)
[2025-08-19T13:30:48.650+0000][1692007][info ][gc          ] GC(14) Pause Young (Normal) (G1 Evacuation Pause) 323M->34M(512M) 6.803ms
[2025-08-19T13:30:48.650+0000][1692007][info ][gc,cpu      ] GC(14) User=0.01s Sys=0.00s Real=0.01s
[2025-08-19T13:30:48.650+0000][1692007][info ][safepoint   ] Safepoint "G1CollectForAllocation", Time since last: 153974596 ns, Reaching safepoint: 2644 ns, Cleanup: 9354 ns, At safepoint: 6829993 ns, Total: 6841991 ns
[2025-08-19T13:30:50.278+0000][1692007][info ][safepoint   ] Safepoint "ICBufferFull", Time since last: 1627641606 ns, Reaching safepoint: 2453 ns, Cleanup: 116737 ns, At safepoint: 1231 ns, Total: 120421 ns
[2025-08-19T13:30:51.278+0000][1692007][info ][safepoint   ] Safepoint "Cleanup", Time since last: 1000093248 ns, Reaching safepoint: 2684 ns, Cleanup: 55795 ns, At safepoint: 1772 ns, Total: 60251 ns
[2025-08-19T13:30:52.293+0000][1692007][info ][safepoint   ] Safepoint "Cleanup", Time since last: 1000088771 ns, Reaching safepoint: 14695771 ns, Cleanup: 27882 ns, At safepoint: 5638 ns, Total: 14729291 ns
[2025-08-19T13:30:53.293+0000][1692007][info ][safepoint   ] Safepoint "Cleanup", Time since last: 1000094350 ns, Reaching safepoint: 3605 ns, Cleanup: 68353 ns, At safepoint: 2254 ns, Total: 74212 ns
[2025-08-19T13:30:53.733+0000][1692007][info ][gc,start    ] GC(15) Pause Young (Normal) (G1 Evacuation Pause)
[2025-08-19T13:30:53.733+0000][1692007][info ][gc,task     ] GC(15) Using 1 workers of 1 for evacuation
[2025-08-19T13:30:53.733+0000][1692007][debug][gc,age      ] GC(15) Desired survivor size 20971520 bytes, new threshold 15 (max threshold 15)
[2025-08-19T13:30:53.754+0000][1692007][info ][gc,phases   ] GC(15)   Pre Evacuate Collection Set: 0.1ms
[2025-08-19T13:30:53.754+0000][1692007][info ][gc,phases   ] GC(15)   Merge Heap Roots: 0.0ms
[2025-08-19T13:30:53.754+0000][1692007][info ][gc,phases   ] GC(15)   Evacuate Collection Set: 15.0ms
[2025-08-19T13:30:53.754+0000][1692007][info ][gc,phases   ] GC(15)   Post Evacuate Collection Set: 6.0ms
[2025-08-19T13:30:53.754+0000][1692007][info ][gc,phases   ] GC(15)   Other: 0.0ms
[2025-08-19T13:30:53.754+0000][1692007][trace][gc,age      ] GC(15) Age table with threshold 15 (max threshold 15)
[2025-08-19T13:30:53.754+0000][1692007][trace][gc,age      ] GC(15) - age   1:    4846312 bytes,    4846312 total
[2025-08-19T13:30:53.754+0000][1692007][trace][gc,age      ] GC(15) - age   2:    3326816 bytes,    8173128 total
[2025-08-19T13:30:53.754+0000][1692007][trace][gc,age      ] GC(15) - age   3:    5662976 bytes,   13836104 total
[2025-08-19T13:30:53.754+0000][1692007][trace][gc,age      ] GC(15) - age   4:    3227088 bytes,   17063192 total
[2025-08-19T13:30:53.754+0000][1692007][trace][gc,age      ] GC(15) - age   5:     732600 bytes,   17795792 total
[2025-08-19T13:30:53.754+0000][1692007][trace][gc,age      ] GC(15) - age   6:    1954224 bytes,   19750016 total
[2025-08-19T13:30:53.754+0000][1692007][info ][gc,heap     ] GC(15) Eden regions: 72->0(71)
[2025-08-19T13:30:53.754+0000][1692007][info ][gc,heap     ] GC(15) Survivor regions: 4->5(10)
[2025-08-19T13:30:53.754+0000][1692007][info ][gc,heap     ] GC(15) Old regions: 5->5
[2025-08-19T13:30:53.754+0000][1692007][info ][gc,heap     ] GC(15) Humongous regions: 0->0
[2025-08-19T13:30:53.754+0000][1692007][info ][gc,metaspace] GC(15) Metaspace: 49623K(50816K)->49623K(50816K) NonClass: 43812K(44544K)->43812K(44544K) Class: 5810K(6272K)->5810K(6272K)
[2025-08-19T13:30:53.754+0000][1692007][info ][gc          ] GC(15) Pause Young (Normal) (G1 Evacuation Pause) 322M->39M(512M) 21.356ms
[2025-08-19T13:30:53.754+0000][1692007][info ][gc,cpu      ] GC(15) User=0.01s Sys=0.00s Real=0.02s
[2025-08-19T13:30:53.754+0000][1692007][info ][safepoint   ] Safepoint "G1CollectForAllocation", Time since last: 439505529 ns, Reaching safepoint: 2003 ns, Cleanup: 15914 ns, At safepoint: 21383748 ns, Total: 21401665 ns
[2025-08-19T13:30:55.635+0000][1692007][info ][safepoint   ] Safepoint "Cleanup", Time since last: 1880255584 ns, Reaching safepoint: 541468 ns, Cleanup: 31628 ns, At safepoint: 2774 ns, Total: 575870 ns
[2025-08-19T13:30:56.336+0000][1692007][info ][gc,start    ] GC(16) Pause Young (Concurrent Start) (Metadata GC Threshold)
[2025-08-19T13:30:56.336+0000][1692007][info ][gc,task     ] GC(16) Using 1 workers of 1 for evacuation
[2025-08-19T13:30:56.336+0000][1692007][debug][gc,age      ] GC(16) Desired survivor size 20971520 bytes, new threshold 15 (max threshold 15)
[2025-08-19T13:30:56.384+0000][1692007][info ][gc,phases   ] GC(16)   Pre Evacuate Collection Set: 0.1ms
[2025-08-19T13:30:56.384+0000][1692007][info ][gc,phases   ] GC(16)   Merge Heap Roots: 0.0ms
[2025-08-19T13:30:56.384+0000][1692007][info ][gc,phases   ] GC(16)   Evacuate Collection Set: 46.4ms
[2025-08-19T13:30:56.384+0000][1692007][info ][gc,phases   ] GC(16)   Post Evacuate Collection Set: 0.8ms
[2025-08-19T13:30:56.384+0000][1692007][info ][gc,phases   ] GC(16)   Other: 0.0ms
[2025-08-19T13:30:56.384+0000][1692007][trace][gc,age      ] GC(16) Age table with threshold 15 (max threshold 15)
[2025-08-19T13:30:56.384+0000][1692007][trace][gc,age      ] GC(16) - age   1:    1984664 bytes,    1984664 total
[2025-08-19T13:30:56.384+0000][1692007][trace][gc,age      ] GC(16) - age   2:    4698056 bytes,    6682720 total
[2025-08-19T13:30:56.384+0000][1692007][trace][gc,age      ] GC(16) - age   3:    3325632 bytes,   10008352 total
[2025-08-19T13:30:56.384+0000][1692007][trace][gc,age      ] GC(16) - age   4:    5660712 bytes,   15669064 total
[2025-08-19T13:30:56.384+0000][1692007][trace][gc,age      ] GC(16) - age   5:    3226512 bytes,   18895576 total
[2025-08-19T13:30:56.384+0000][1692007][trace][gc,age      ] GC(16) - age   6:     732568 bytes,   19628144 total
[2025-08-19T13:30:56.384+0000][1692007][trace][gc,age      ] GC(16) - age   7:    1953416 bytes,   21581560 total
[2025-08-19T13:30:56.384+0000][1692007][info ][gc,heap     ] GC(16) Eden regions: 13->0(70)
[2025-08-19T13:30:56.384+0000][1692007][info ][gc,heap     ] GC(16) Survivor regions: 5->6(10)
[2025-08-19T13:30:56.384+0000][1692007][info ][gc,heap     ] GC(16) Old regions: 5->5
[2025-08-19T13:30:56.384+0000][1692007][info ][gc,heap     ] GC(16) Humongous regions: 0->0
[2025-08-19T13:30:56.384+0000][1692007][info ][gc,metaspace] GC(16) Metaspace: 58973K(60288K)->58973K(60288K) NonClass: 51730K(52480K)->51730K(52480K) Class: 7243K(7808K)->7243K(7808K)
[2025-08-19T13:30:56.384+0000][1692007][info ][gc          ] GC(16) Pause Young (Concurrent Start) (Metadata GC Threshold) 89M->41M(512M) 47.620ms
[2025-08-19T13:30:56.384+0000][1692007][info ][gc,cpu      ] GC(16) User=0.02s Sys=0.00s Real=0.04s
[2025-08-19T13:30:56.384+0000][1692007][info ][safepoint   ] Safepoint "CollectForMetadataAllocation", Time since last: 701660905 ns, Reaching safepoint: 3565 ns, Cleanup: 16986 ns, At safepoint: 47696861 ns, Total: 47717412 ns
[2025-08-19T13:30:56.387+0000][1692007][info ][gc          ] GC(17) Concurrent Mark Cycle
[2025-08-19T13:30:56.391+0000][1692007][info ][gc,marking  ] GC(17) Concurrent Scan Root Regions
[2025-08-19T13:30:56.403+0000][1692007][info ][gc,marking  ] GC(17) Concurrent Scan Root Regions 12.421ms
[2025-08-19T13:30:56.403+0000][1692007][info ][gc,marking  ] GC(17) Concurrent Mark
[2025-08-19T13:30:56.403+0000][1692007][info ][gc,marking  ] GC(17) Concurrent Mark From Roots
[2025-08-19T13:30:56.403+0000][1692007][info ][gc,task     ] GC(17) Using 1 workers of 1 for marking
[2025-08-19T13:30:56.441+0000][1692007][info ][gc,marking  ] GC(17) Concurrent Mark From Roots 37.411ms
[2025-08-19T13:30:56.441+0000][1692007][info ][gc,marking  ] GC(17) Concurrent Preclean
[2025-08-19T13:30:56.441+0000][1692007][info ][gc,marking  ] GC(17) Concurrent Preclean 0.049ms
[2025-08-19T13:30:56.467+0000][1692007][info ][gc,start    ] GC(17) Pause Remark
[2025-08-19T13:30:56.508+0000][1692007][info ][gc          ] GC(17) Pause Remark 43M->43M(512M) 40.324ms
[2025-08-19T13:30:56.508+0000][1692007][info ][gc,cpu      ] GC(17) User=0.01s Sys=0.00s Real=0.04s
[2025-08-19T13:30:56.508+0000][1692007][info ][safepoint   ] Safepoint "G1PauseRemark", Time since last: 56646504 ns, Reaching safepoint: 26572984 ns, Cleanup: 6901 ns, At safepoint: 40376477 ns, Total: 66956362 ns
[2025-08-19T13:30:56.508+0000][1692007][info ][gc,marking  ] GC(17) Concurrent Mark 104.638ms
[2025-08-19T13:30:56.508+0000][1692007][info ][gc,marking  ] GC(17) Concurrent Rebuild Remembered Sets and Scrub Regions
[2025-08-19T13:30:56.517+0000][1692007][info ][gc,marking  ] GC(17) Concurrent Rebuild Remembered Sets and Scrub Regions 9.248ms
[2025-08-19T13:30:56.518+0000][1692007][info ][gc,start    ] GC(17) Pause Cleanup
[2025-08-19T13:30:56.523+0000][1692007][info ][gc          ] GC(17) Pause Cleanup 45M->45M(512M) 5.889ms
[2025-08-19T13:30:56.523+0000][1692007][info ][gc,cpu      ] GC(17) User=0.00s Sys=0.00s Real=0.00s
[2025-08-19T13:30:56.523+0000][1692007][info ][safepoint   ] Safepoint "G1PauseCleanup", Time since last: 9744664 ns, Reaching safepoint: 66470 ns, Cleanup: 9605 ns, At safepoint: 5919718 ns, Total: 5995793 ns
[2025-08-19T13:30:56.523+0000][1692007][info ][gc,marking  ] GC(17) Concurrent Clear Claimed Marks
[2025-08-19T13:30:56.524+0000][1692007][info ][gc,marking  ] GC(17) Concurrent Clear Claimed Marks 0.286ms
[2025-08-19T13:30:56.524+0000][1692007][info ][gc,marking  ] GC(17) Concurrent Cleanup for Next Mark
[2025-08-19T13:30:56.529+0000][1692007][info ][gc,marking  ] GC(17) Concurrent Cleanup for Next Mark 5.717ms
[2025-08-19T13:30:56.530+0000][1692007][info ][gc          ] GC(17) Concurrent Mark Cycle 142.075ms
[2025-08-19T13:30:57.529+0000][1692007][info ][safepoint   ] Safepoint "Cleanup", Time since last: 1000071125 ns, Reaching safepoint: 5466604 ns, Cleanup: 11858 ns, At safepoint: 3666 ns, Total: 5482128 ns
[2025-08-19T13:30:59.411+0000][1692007][info ][safepoint   ] Safepoint "Cleanup", Time since last: 1854652884 ns, Reaching safepoint: 27446704 ns, Cleanup: 115064 ns, At safepoint: 5188 ns, Total: 27566956 ns
[2025-08-19T13:31:00.427+0000][1692007][info ][safepoint   ] Safepoint "Cleanup", Time since last: 1000094429 ns, Reaching safepoint: 15842742 ns, Cleanup: 32640 ns, At safepoint: 5608 ns, Total: 15880990 ns
[2025-08-19T13:31:01.444+0000][1692007][info ][safepoint   ] Safepoint "Cleanup", Time since last: 1000094520 ns, Reaching safepoint: 16863022 ns, Cleanup: 25669 ns, At safepoint: 4096 ns, Total: 16892787 ns
[2025-08-19T13:31:02.452+0000][1692007][info ][safepoint   ] Safepoint "Cleanup", Time since last: 1000102011 ns, Reaching safepoint: 7526996 ns, Cleanup: 13440 ns, At safepoint: 4547 ns, Total: 7544983 ns
[2025-08-19T13:31:03.456+0000][1692007][info ][safepoint   ] Safepoint "Cleanup", Time since last: 1000090985 ns, Reaching safepoint: 4184067 ns, Cleanup: 22945 ns, At safepoint: 4176 ns, Total: 4211188 ns
[2025-08-19T13:31:04.469+0000][1692007][info ][safepoint   ] Safepoint "Cleanup", Time since last: 1000097975 ns, Reaching safepoint: 12659426 ns, Cleanup: 23355 ns, At safepoint: 3505 ns, Total: 12686286 ns
[2025-08-19T13:31:06.093+0000][1692007][info ][gc,start    ] GC(18) Pause Young (Normal) (G1 Evacuation Pause)
[2025-08-19T13:31:06.094+0000][1692007][info ][gc,task     ] GC(18) Using 1 workers of 1 for evacuation
[2025-08-19T13:31:06.094+0000][1692007][debug][gc,age      ] GC(18) Desired survivor size 20971520 bytes, new threshold 7 (max threshold 15)
[2025-08-19T13:31:06.215+0000][1692007][info ][gc,phases   ] GC(18)   Pre Evacuate Collection Set: 0.1ms
[2025-08-19T13:31:06.215+0000][1692007][info ][gc,phases   ] GC(18)   Merge Heap Roots: 0.0ms
[2025-08-19T13:31:06.215+0000][1692007][info ][gc,phases   ] GC(18)   Evacuate Collection Set: 108.8ms
[2025-08-19T13:31:06.215+0000][1692007][info ][gc,phases   ] GC(18)   Post Evacuate Collection Set: 12.1ms
[2025-08-19T13:31:06.215+0000][1692007][info ][gc,phases   ] GC(18)   Other: 0.0ms
[2025-08-19T13:31:06.215+0000][1692007][trace][gc,age      ] GC(18) Age table with threshold 7 (max threshold 15)
[2025-08-19T13:31:06.215+0000][1692007][trace][gc,age      ] GC(18) - age   1:    7496552 bytes,    7496552 total
[2025-08-19T13:31:06.215+0000][1692007][trace][gc,age      ] GC(18) - age   2:    1837056 bytes,    9333608 total
[2025-08-19T13:31:06.215+0000][1692007][trace][gc,age      ] GC(18) - age   3:    4629168 bytes,   13962776 total
[2025-08-19T13:31:06.215+0000][1692007][trace][gc,age      ] GC(18) - age   4:    3312336 bytes,   17275112 total
[2025-08-19T13:31:06.215+0000][1692007][trace][gc,age      ] GC(18) - age   5:    5635240 bytes,   22910352 total
[2025-08-19T13:31:06.215+0000][1692007][trace][gc,age      ] GC(18) - age   6:    3212688 bytes,   26123040 total
[2025-08-19T13:31:06.215+0000][1692007][trace][gc,age      ] GC(18) - age   7:     728888 bytes,   26851928 total
[2025-08-19T13:31:06.215+0000][1692007][info ][gc,heap     ] GC(18) Eden regions: 70->0(69)
[2025-08-19T13:31:06.215+0000][1692007][info ][gc,heap     ] GC(18) Survivor regions: 6->7(10)
[2025-08-19T13:31:06.215+0000][1692007][info ][gc,heap     ] GC(18) Old regions: 5->6
[2025-08-19T13:31:06.215+0000][1692007][info ][gc,heap     ] GC(18) Humongous regions: 0->0
[2025-08-19T13:31:06.215+0000][1692007][info ][gc,metaspace] GC(18) Metaspace: 67397K(69056K)->67397K(69056K) NonClass: 58852K(59840K)->58852K(59840K) Class: 8545K(9216K)->8545K(9216K)
[2025-08-19T13:31:06.215+0000][1692007][info ][gc          ] GC(18) Pause Young (Normal) (G1 Evacuation Pause) 321M->47M(512M) 121.213ms
[2025-08-19T13:31:06.215+0000][1692007][info ][gc,cpu      ] GC(18) User=0.03s Sys=0.00s Real=0.12s
[2025-08-19T13:31:06.215+0000][1692007][info ][safepoint   ] Safepoint "G1CollectForAllocation", Time since last: 1624532431 ns, Reaching safepoint: 3896 ns, Cleanup: 7331 ns, At safepoint: 121251485 ns, Total: 121262712 ns
[2025-08-19T13:31:07.340+0000][1692007][info ][safepoint   ] Safepoint "Cleanup", Time since last: 1125014635 ns, Reaching safepoint: 1993 ns, Cleanup: 52690 ns, At safepoint: 1082 ns, Total: 55765 ns
[2025-08-19T13:31:08.376+0000][1692007][info ][safepoint   ] Safepoint "Cleanup", Time since last: 1002196193 ns, Reaching safepoint: 33796331 ns, Cleanup: 85119 ns, At safepoint: 5178 ns, Total: 33886628 ns
[2025-08-19T13:31:09.381+0000][1692007][info ][safepoint   ] Safepoint "Cleanup", Time since last: 1000099707 ns, Reaching safepoint: 5261174 ns, Cleanup: 28113 ns, At safepoint: 4527 ns, Total: 5293814 ns
[2025-08-19T13:31:10.427+0000][1692007][info ][safepoint   ] Safepoint "Cleanup", Time since last: 1002124975 ns, Reaching safepoint: 43850884 ns, Cleanup: 11818 ns, At safepoint: 7361 ns, Total: 43870063 ns
[2025-08-19T13:31:11.914+0000][1692007][info ][gc,start    ] GC(19) Pause Young (Normal) (G1 Evacuation Pause)
[2025-08-19T13:31:11.914+0000][1692007][info ][gc,task     ] GC(19) Using 1 workers of 1 for evacuation
[2025-08-19T13:31:11.914+0000][1692007][debug][gc,age      ] GC(19) Desired survivor size 20971520 bytes, new threshold 5 (max threshold 15)
[2025-08-19T13:31:12.071+0000][1692007][info ][gc,phases   ] GC(19)   Pre Evacuate Collection Set: 0.1ms
[2025-08-19T13:31:12.071+0000][1692007][info ][gc,phases   ] GC(19)   Merge Heap Roots: 0.0ms
[2025-08-19T13:31:12.071+0000][1692007][info ][gc,phases   ] GC(19)   Evacuate Collection Set: 155.8ms
[2025-08-19T13:31:12.071+0000][1692007][info ][gc,phases   ] GC(19)   Post Evacuate Collection Set: 1.2ms
[2025-08-19T13:31:12.071+0000][1692007][info ][gc,phases   ] GC(19)   Other: 0.0ms
[2025-08-19T13:31:12.071+0000][1692007][trace][gc,age      ] GC(19) Age table with threshold 5 (max threshold 15)
[2025-08-19T13:31:12.071+0000][1692007][trace][gc,age      ] GC(19) - age   1:    3812384 bytes,    3812384 total
[2025-08-19T13:31:12.071+0000][1692007][trace][gc,age      ] GC(19) - age   2:    6501160 bytes,   10313544 total
[2025-08-19T13:31:12.071+0000][1692007][trace][gc,age      ] GC(19) - age   3:    1809592 bytes,   12123136 total
[2025-08-19T13:31:12.071+0000][1692007][trace][gc,age      ] GC(19) - age   4:    4594944 bytes,   16718080 total
[2025-08-19T13:31:12.071+0000][1692007][trace][gc,age      ] GC(19) - age   5:    3273712 bytes,   19991792 total
[2025-08-19T13:31:12.071+0000][1692007][info ][gc,heap     ] GC(19) Eden regions: 69->0(71)
[2025-08-19T13:31:12.071+0000][1692007][info ][gc,heap     ] GC(19) Survivor regions: 7->5(10)
[2025-08-19T13:31:12.071+0000][1692007][info ][gc,heap     ] GC(19) Old regions: 6->8
[2025-08-19T13:31:12.071+0000][1692007][info ][gc,heap     ] GC(19) Humongous regions: 0->0
[2025-08-19T13:31:12.071+0000][1692007][info ][gc,metaspace] GC(19) Metaspace: 72204K(73920K)->72204K(73920K) NonClass: 62911K(63936K)->62911K(63936K) Class: 9293K(9984K)->9293K(9984K)
[2025-08-19T13:31:12.071+0000][1692007][info ][gc          ] GC(19) Pause Young (Normal) (G1 Evacuation Pause) 323M->50M(512M) 157.365ms
[2025-08-19T13:31:12.071+0000][1692007][info ][gc,cpu      ] GC(19) User=0.04s Sys=0.00s Real=0.16s
[2025-08-19T13:31:12.071+0000][1692007][info ][safepoint   ] Safepoint "G1CollectForAllocation", Time since last: 1486633608 ns, Reaching safepoint: 3615 ns, Cleanup: 2384 ns, At safepoint: 157400179 ns, Total: 157406178 ns
[2025-08-19T13:31:14.075+0000][1692007][info ][safepoint   ] Safepoint "Cleanup", Time since last: 2000120075 ns, Reaching safepoint: 3136676 ns, Cleanup: 30927 ns, At safepoint: 4988 ns, Total: 3172591 ns
[2025-08-19T13:31:15.144+0000][1692007][info ][safepoint   ] Safepoint "Cleanup", Time since last: 1068859392 ns, Reaching safepoint: 2414 ns, Cleanup: 70326 ns, At safepoint: 1172 ns, Total: 73912 ns
[2025-08-19T13:31:16.144+0000][1692007][info ][safepoint   ] Safepoint "Cleanup", Time since last: 1000099507 ns, Reaching safepoint: 5428 ns, Cleanup: 34773 ns, At safepoint: 1833 ns, Total: 42034 ns
[2025-08-19T13:31:17.144+0000][1692007][info ][safepoint   ] Safepoint "Cleanup", Time since last: 1000093508 ns, Reaching safepoint: 3285 ns, Cleanup: 30396 ns, At safepoint: 1512 ns, Total: 35193 ns
[2025-08-19T13:31:18.878+0000][1692007][info ][safepoint   ] Safepoint "Cleanup", Time since last: 1667054237 ns, Reaching safepoint: 66636749 ns, Cleanup: 53291 ns, At safepoint: 5238 ns, Total: 66695278 ns
[2025-08-19T13:31:19.878+0000][1692007][info ][safepoint   ] Safepoint "Cleanup", Time since last: 1000090433 ns, Reaching safepoint: 805557 ns, Cleanup: 7301 ns, At safepoint: 3695 ns, Total: 816553 ns
[2025-08-19T13:31:21.904+0000][1692007][info ][safepoint   ] Safepoint "Cleanup", Time since last: 2000146986 ns, Reaching safepoint: 25328385 ns, Cleanup: 9084 ns, At safepoint: 7431 ns, Total: 25344900 ns
[2025-08-19T13:31:22.932+0000][1692007][info ][safepoint   ] Safepoint "Cleanup", Time since last: 1000099758 ns, Reaching safepoint: 27616009 ns, Cleanup: 67101 ns, At safepoint: 5409 ns, Total: 27688519 ns
[2025-08-19T13:31:23.950+0000][1692007][info ][safepoint   ] Safepoint "Cleanup", Time since last: 1000093097 ns, Reaching safepoint: 17951396 ns, Cleanup: 7331 ns, At safepoint: 5839 ns, Total: 17964566 ns
[2025-08-19T13:31:24.357+0000][1692007][info ][gc,start    ] GC(20) Pause Young (Normal) (G1 Evacuation Pause)
[2025-08-19T13:31:24.357+0000][1692007][info ][gc,task     ] GC(20) Using 1 workers of 1 for evacuation
[2025-08-19T13:31:24.357+0000][1692007][debug][gc,age      ] GC(20) Desired survivor size 20971520 bytes, new threshold 15 (max threshold 15)
[2025-08-19T13:31:24.491+0000][1692007][info ][gc,phases   ] GC(20)   Pre Evacuate Collection Set: 0.2ms
[2025-08-19T13:31:24.491+0000][1692007][info ][gc,phases   ] GC(20)   Merge Heap Roots: 0.1ms
[2025-08-19T13:31:24.491+0000][1692007][info ][gc,phases   ] GC(20)   Evacuate Collection Set: 131.0ms
[2025-08-19T13:31:24.491+0000][1692007][info ][gc,phases   ] GC(20)   Post Evacuate Collection Set: 1.8ms
[2025-08-19T13:31:24.491+0000][1692007][info ][gc,phases   ] GC(20)   Other: 0.1ms
[2025-08-19T13:31:24.491+0000][1692007][trace][gc,age      ] GC(20) Age table with threshold 15 (max threshold 15)
[2025-08-19T13:31:24.491+0000][1692007][trace][gc,age      ] GC(20) - age   1:    6097616 bytes,    6097616 total
[2025-08-19T13:31:24.491+0000][1692007][trace][gc,age      ] GC(20) - age   2:    3683976 bytes,    9781592 total
[2025-08-19T13:31:24.491+0000][1692007][trace][gc,age      ] GC(20) - age   3:    6485288 bytes,   16266880 total
[2025-08-19T13:31:24.491+0000][1692007][trace][gc,age      ] GC(20) - age   4:    1803616 bytes,   18070496 total
[2025-08-19T13:31:24.491+0000][1692007][trace][gc,age      ] GC(20) - age   5:    4451672 bytes,   22522168 total
[2025-08-19T13:31:24.491+0000][1692007][trace][gc,age      ] GC(20) - age   6:    3270824 bytes,   25792992 total
[2025-08-19T13:31:24.491+0000][1692007][info ][gc,heap     ] GC(20) Eden regions: 71->0(69)
[2025-08-19T13:31:24.491+0000][1692007][info ][gc,heap     ] GC(20) Survivor regions: 5->7(10)
[2025-08-19T13:31:24.491+0000][1692007][info ][gc,heap     ] GC(20) Old regions: 8->8
[2025-08-19T13:31:24.491+0000][1692007][info ][gc,heap     ] GC(20) Humongous regions: 0->0
[2025-08-19T13:31:24.491+0000][1692007][info ][gc,metaspace] GC(20) Metaspace: 85643K(87488K)->85643K(87488K) NonClass: 74578K(75648K)->74578K(75648K) Class: 11064K(11840K)->11064K(11840K)
[2025-08-19T13:31:24.491+0000][1692007][info ][gc          ] GC(20) Pause Young (Normal) (G1 Evacuation Pause) 334M->56M(512M) 133.289ms
[2025-08-19T13:31:24.491+0000][1692007][info ][gc,cpu      ] GC(20) User=0.04s Sys=0.00s Real=0.13s
[2025-08-19T13:31:24.491+0000][1692007][info ][safepoint   ] Safepoint "G1CollectForAllocation", Time since last: 399005726 ns, Reaching safepoint: 8595809 ns, Cleanup: 26380 ns, At safepoint: 133330364 ns, Total: 141952553 ns
[2025-08-19T13:31:25.516+0000][1692007][info ][safepoint   ] Safepoint "Cleanup", Time since last: 1000073739 ns, Reaching safepoint: 24780147 ns, Cleanup: 36415 ns, At safepoint: 5668 ns, Total: 24822230 ns
[2025-08-19T13:31:27.262+0000][1692007][info ][safepoint   ] Safepoint "Cleanup", Time since last: 1701683507 ns, Reaching safepoint: 44888059 ns, Cleanup: 55273 ns, At safepoint: 3756 ns, Total: 44947088 ns
[2025-08-19T13:31:28.262+0000][1692007][info ][safepoint   ] Safepoint "Cleanup", Time since last: 1000106558 ns, Reaching safepoint: 3325 ns, Cleanup: 39670 ns, At safepoint: 1933 ns, Total: 44928 ns
[2025-08-19T13:31:29.267+0000][1692007][info ][safepoint   ] Safepoint "Cleanup", Time since last: 1000090083 ns, Reaching safepoint: 4222045 ns, Cleanup: 23456 ns, At safepoint: 3545 ns, Total: 4249046 ns
[2025-08-19T13:31:30.275+0000][1692007][info ][safepoint   ] Safepoint "Cleanup", Time since last: 1000091966 ns, Reaching safepoint: 8528938 ns, Cleanup: 14252 ns, At safepoint: 3816 ns, Total: 8547006 ns
[2025-08-19T13:31:31.276+0000][1692007][info ][safepoint   ] Safepoint "Cleanup", Time since last: 1000089802 ns, Reaching safepoint: 5008 ns, Cleanup: 19279 ns, At safepoint: 1843 ns, Total: 26130 ns
[2025-08-19T13:31:31.526+0000][1692007][info ][gc,start    ] GC(21) Pause Young (Concurrent Start) (Metadata GC Threshold)
[2025-08-19T13:31:31.526+0000][1692007][info ][gc,task     ] GC(21) Using 1 workers of 1 for evacuation
[2025-08-19T13:31:31.526+0000][1692007][debug][gc,age      ] GC(21) Desired survivor size 20971520 bytes, new threshold 5 (max threshold 15)
[2025-08-19T13:31:31.829+0000][1692007][info ][gc,mmu      ] GC(21) MMU target violated: 201.0ms (200.0ms/201.0ms)
[2025-08-19T13:31:31.829+0000][1692007][info ][gc,phases   ] GC(21)   Pre Evacuate Collection Set: 0.1ms
[2025-08-19T13:31:31.829+0000][1692007][info ][gc,phases   ] GC(21)   Merge Heap Roots: 0.0ms
[2025-08-19T13:31:31.829+0000][1692007][info ][gc,phases   ] GC(21)   Evacuate Collection Set: 301.0ms
[2025-08-19T13:31:31.829+0000][1692007][info ][gc,phases   ] GC(21)   Post Evacuate Collection Set: 1.5ms
[2025-08-19T13:31:31.829+0000][1692007][info ][gc,phases   ] GC(21)   Other: 0.1ms
[2025-08-19T13:31:31.829+0000][1692007][trace][gc,age      ] GC(21) Age table with threshold 5 (max threshold 15)
[2025-08-19T13:31:31.829+0000][1692007][trace][gc,age      ] GC(21) - age   1:    4393848 bytes,    4393848 total
[2025-08-19T13:31:31.829+0000][1692007][trace][gc,age      ] GC(21) - age   2:    5756904 bytes,   10150752 total
[2025-08-19T13:31:31.829+0000][1692007][trace][gc,age      ] GC(21) - age   3:    3660768 bytes,   13811520 total
[2025-08-19T13:31:31.829+0000][1692007][trace][gc,age      ] GC(21) - age   4:    6477968 bytes,   20289488 total
[2025-08-19T13:31:31.829+0000][1692007][trace][gc,age      ] GC(21) - age   5:    1801720 bytes,   22091208 total
[2025-08-19T13:31:31.829+0000][1692007][info ][gc,heap     ] GC(21) Eden regions: 37->0(28)
[2025-08-19T13:31:31.829+0000][1692007][info ][gc,heap     ] GC(21) Survivor regions: 7->6(10)
[2025-08-19T13:31:31.829+0000][1692007][info ][gc,heap     ] GC(21) Old regions: 8->10
[2025-08-19T13:31:31.829+0000][1692007][info ][gc,heap     ] GC(21) Humongous regions: 0->0
[2025-08-19T13:31:31.829+0000][1692007][info ][gc,metaspace] GC(21) Metaspace: 99219K(101056K)->99219K(101056K) NonClass: 86333K(87360K)->86333K(87360K) Class: 12886K(13696K)->12886K(13696K)
[2025-08-19T13:31:31.829+0000][1692007][info ][gc          ] GC(21) Pause Young (Concurrent Start) (Metadata GC Threshold) 202M->61M(512M) 302.821ms
[2025-08-19T13:31:31.829+0000][1692007][info ][gc,cpu      ] GC(21) User=0.05s Sys=0.00s Real=0.30s
[2025-08-19T13:31:31.829+0000][1692007][info ][safepoint   ] Safepoint "CollectForMetadataAllocation", Time since last: 250748862 ns, Reaching safepoint: 2634 ns, Cleanup: 5188 ns, At safepoint: 302902353 ns, Total: 302910175 ns
[2025-08-19T13:31:31.829+0000][1692007][info ][gc          ] GC(22) Concurrent Mark Cycle
[2025-08-19T13:31:31.835+0000][1692007][info ][gc,marking  ] GC(22) Concurrent Scan Root Regions
[2025-08-19T13:31:31.870+0000][1692007][info ][gc,marking  ] GC(22) Concurrent Scan Root Regions 34.883ms
[2025-08-19T13:31:31.870+0000][1692007][info ][gc,marking  ] GC(22) Concurrent Mark
[2025-08-19T13:31:31.870+0000][1692007][info ][gc,marking  ] GC(22) Concurrent Mark From Roots
[2025-08-19T13:31:31.870+0000][1692007][info ][gc,task     ] GC(22) Using 1 workers of 1 for marking
[2025-08-19T13:31:31.932+0000][1692007][info ][safepoint   ] Safepoint "CollectForMetadataAllocation", Time since last: 83414072 ns, Reaching safepoint: 18957185 ns, Cleanup: 12679 ns, At safepoint: 45879 ns, Total: 19015743 ns
[2025-08-19T13:31:32.203+0000][1692007][info ][safepoint   ] Safepoint "CollectForMetadataAllocation", Time since last: 147760243 ns, Reaching safepoint: 124051885 ns, Cleanup: 3675 ns, At safepoint: 63286 ns, Total: 124118846 ns
[2025-08-19T13:31:32.218+0000][1692007][info ][gc,marking  ] GC(22) Concurrent Mark From Roots 347.366ms
[2025-08-19T13:31:32.218+0000][1692007][info ][gc,marking  ] GC(22) Concurrent Preclean
[2025-08-19T13:31:32.218+0000][1692007][info ][gc,marking  ] GC(22) Concurrent Preclean 0.138ms
[2025-08-19T13:31:32.288+0000][1692007][info ][gc,start    ] GC(22) Pause Remark
[2025-08-19T13:31:32.303+0000][1692007][info ][gc          ] GC(22) Pause Remark 68M->68M(512M) 15.179ms
[2025-08-19T13:31:32.303+0000][1692007][info ][gc,cpu      ] GC(22) User=0.01s Sys=0.00s Real=0.01s
[2025-08-19T13:31:32.303+0000][1692007][info ][safepoint   ] Safepoint "G1PauseRemark", Time since last: 23908070 ns, Reaching safepoint: 60139829 ns, Cleanup: 3726 ns, At safepoint: 15233883 ns, Total: 75377438 ns
[2025-08-19T13:31:32.304+0000][1692007][info ][gc,marking  ] GC(22) Concurrent Mark 433.553ms
[2025-08-19T13:31:32.304+0000][1692007][info ][gc,marking  ] GC(22) Concurrent Rebuild Remembered Sets and Scrub Regions
[2025-08-19T13:31:32.311+0000][1692007][info ][gc,marking  ] GC(22) Concurrent Rebuild Remembered Sets and Scrub Regions 7.613ms
[2025-08-19T13:31:32.312+0000][1692007][info ][gc,start    ] GC(22) Pause Cleanup
[2025-08-19T13:31:32.318+0000][1692007][info ][gc          ] GC(22) Pause Cleanup 68M->68M(512M) 6.867ms
[2025-08-19T13:31:32.318+0000][1692007][info ][gc,cpu      ] GC(22) User=0.00s Sys=0.00s Real=0.01s
[2025-08-19T13:31:32.318+0000][1692007][info ][safepoint   ] Safepoint "G1PauseCleanup", Time since last: 8675810 ns, Reaching safepoint: 68443 ns, Cleanup: 8793 ns, At safepoint: 6901231 ns, Total: 6978467 ns
[2025-08-19T13:31:32.318+0000][1692007][info ][gc,marking  ] GC(22) Concurrent Clear Claimed Marks
[2025-08-19T13:31:32.319+0000][1692007][info ][gc,marking  ] GC(22) Concurrent Clear Claimed Marks 0.410ms
[2025-08-19T13:31:32.319+0000][1692007][info ][gc,marking  ] GC(22) Concurrent Cleanup for Next Mark
[2025-08-19T13:31:32.325+0000][1692007][info ][gc,marking  ] GC(22) Concurrent Cleanup for Next Mark 6.090ms
[2025-08-19T13:31:32.325+0000][1692007][info ][gc          ] GC(22) Concurrent Mark Cycle 495.715ms
[2025-08-19T13:31:32.460+0000][1692007][info ][gc,start    ] GC(23) Pause Young (Prepare Mixed) (G1 Evacuation Pause)
[2025-08-19T13:31:32.460+0000][1692007][info ][gc,task     ] GC(23) Using 1 workers of 1 for evacuation
[2025-08-19T13:31:32.460+0000][1692007][debug][gc,age      ] GC(23) Desired survivor size 2097152 bytes, new threshold 1 (max threshold 15)
[2025-08-19T13:31:32.625+0000][1692007][info ][gc,phases   ] GC(23)   Pre Evacuate Collection Set: 0.1ms
[2025-08-19T13:31:32.625+0000][1692007][info ][gc,phases   ] GC(23)   Merge Heap Roots: 0.1ms
[2025-08-19T13:31:32.625+0000][1692007][info ][gc,phases   ] GC(23)   Evacuate Collection Set: 163.8ms
[2025-08-19T13:31:32.625+0000][1692007][info ][gc,phases   ] GC(23)   Post Evacuate Collection Set: 1.3ms
[2025-08-19T13:31:32.625+0000][1692007][info ][gc,phases   ] GC(23)   Other: 0.0ms
[2025-08-19T13:31:32.625+0000][1692007][trace][gc,age      ] GC(23) Age table with threshold 1 (max threshold 15)
[2025-08-19T13:31:32.625+0000][1692007][trace][gc,age      ] GC(23) - age   1:     309848 bytes,     309848 total
[2025-08-19T13:31:32.625+0000][1692007][info ][gc,heap     ] GC(23) Eden regions: 2->0(75)
[2025-08-19T13:31:32.625+0000][1692007][info ][gc,heap     ] GC(23) Survivor regions: 6->1(1)
[2025-08-19T13:31:32.625+0000][1692007][info ][gc,heap     ] GC(23) Old regions: 10->16
[2025-08-19T13:31:32.625+0000][1692007][info ][gc,heap     ] GC(23) Humongous regions: 0->0
[2025-08-19T13:31:32.625+0000][1692007][info ][gc,metaspace] GC(23) Metaspace: 100241K(102144K)->100241K(102144K) NonClass: 87195K(88320K)->87195K(88320K) Class: 13045K(13824K)->13045K(13824K)
[2025-08-19T13:31:32.625+0000][1692007][info ][gc          ] GC(23) Pause Young (Prepare Mixed) (G1 Evacuation Pause) 69M->64M(512M) 165.442ms
[2025-08-19T13:31:32.625+0000][1692007][info ][gc,cpu      ] GC(23) User=0.04s Sys=0.00s Real=0.16s
[2025-08-19T13:31:32.625+0000][1692007][info ][safepoint   ] Safepoint "G1CollectForAllocation", Time since last: 141182451 ns, Reaching safepoint: 2874 ns, Cleanup: 9334 ns, At safepoint: 165479980 ns, Total: 165492188 ns
[2025-08-19T13:31:33.625+0000][1692007][info ][safepoint   ] Safepoint "Cleanup", Time since last: 1000069912 ns, Reaching safepoint: 3145 ns, Cleanup: 51297 ns, At safepoint: 1683 ns, Total: 56125 ns
[2025-08-19T13:31:35.561+0000][1692007][info ][safepoint   ] Safepoint "Cleanup", Time since last: 1935379209 ns, Reaching safepoint: 3335 ns, Cleanup: 60451 ns, At safepoint: 2314 ns, Total: 66100 ns
[2025-08-19T13:31:36.850+0000][1692007][info ][safepoint   ] Safepoint "Cleanup", Time since last: 1275304568 ns, Reaching safepoint: 13689691 ns, Cleanup: 44737 ns, At safepoint: 4907 ns, Total: 13739335 ns
[2025-08-19T13:31:37.877+0000][1692007][info ][safepoint   ] Safepoint "Cleanup", Time since last: 1000097074 ns, Reaching safepoint: 26953118 ns, Cleanup: 23666 ns, At safepoint: 6500 ns, Total: 26983284 ns
[2025-08-19T13:31:38.877+0000][1692007][info ][safepoint   ] Safepoint "Cleanup", Time since last: 1000099167 ns, Reaching safepoint: 132420 ns, Cleanup: 26199 ns, At safepoint: 2244 ns, Total: 160863 ns
[2025-08-19T13:31:40.274+0000][1692007][info ][safepoint   ] Safepoint "Cleanup", Time since last: 1396935596 ns, Reaching safepoint: 2584 ns, Cleanup: 48474 ns, At safepoint: 1001 ns, Total: 52059 ns
[2025-08-19T13:31:41.522+0000][1692007][info ][safepoint   ] Safepoint "ICBufferFull", Time since last: 1221698044 ns, Reaching safepoint: 25872847 ns, Cleanup: 113511 ns, At safepoint: 4127 ns, Total: 25990485 ns
[2025-08-19T13:31:42.522+0000][1692007][info ][safepoint   ] Safepoint "Cleanup", Time since last: 1000095601 ns, Reaching safepoint: 5378 ns, Cleanup: 20792 ns, At safepoint: 2263 ns, Total: 28433 ns
[2025-08-19T13:31:44.522+0000][1692007][info ][safepoint   ] Safepoint "Cleanup", Time since last: 2000155439 ns, Reaching safepoint: 5438 ns, Cleanup: 14111 ns, At safepoint: 2134 ns, Total: 21683 ns
[2025-08-19T13:31:46.522+0000][1692007][info ][safepoint   ] Safepoint "Cleanup", Time since last: 2000156099 ns, Reaching safepoint: 5138 ns, Cleanup: 16095 ns, At safepoint: 2393 ns, Total: 23626 ns
[2025-08-19T13:31:47.522+0000][1692007][info ][safepoint   ] Safepoint "Cleanup", Time since last: 1000099317 ns, Reaching safepoint: 5368 ns, Cleanup: 10777 ns, At safepoint: 2203 ns, Total: 18348 ns
[2025-08-19T13:31:49.522+0000][1692007][info ][safepoint   ] Safepoint "Cleanup", Time since last: 2000120806 ns, Reaching safepoint: 5048 ns, Cleanup: 12319 ns, At safepoint: 2113 ns, Total: 19480 ns
[2025-08-19T13:31:50.523+0000][1692007][info ][safepoint   ] Safepoint "Cleanup", Time since last: 1000096833 ns, Reaching safepoint: 4717 ns, Cleanup: 10426 ns, At safepoint: 2073 ns, Total: 17216 ns
[2025-08-19T13:31:53.523+0000][1692007][info ][safepoint   ] Safepoint "Cleanup", Time since last: 3000216268 ns, Reaching safepoint: 5518 ns, Cleanup: 11317 ns, At safepoint: 2083 ns, Total: 18918 ns
[2025-08-19T13:31:54.523+0000][1692007][info ][safepoint   ] Safepoint "Cleanup", Time since last: 1000573614 ns, Reaching safepoint: 5508 ns, Cleanup: 11327 ns, At safepoint: 2514 ns, Total: 19349 ns
[2025-08-19T13:31:56.524+0000][1692007][info ][safepoint   ] Safepoint "Cleanup", Time since last: 2000160717 ns, Reaching safepoint: 29053 ns, Cleanup: 12289 ns, At safepoint: 2574 ns, Total: 43916 ns
[2025-08-19T13:31:57.524+0000][1692007][info ][safepoint   ] Safepoint "Cleanup", Time since last: 1000099357 ns, Reaching safepoint: 5618 ns, Cleanup: 10677 ns, At safepoint: 2403 ns, Total: 18698 ns
[2025-08-19T13:31:59.294+0000][1692007][info ][safepoint   ] Safepoint "Cleanup", Time since last: 1769940963 ns, Reaching safepoint: 2453 ns, Cleanup: 42985 ns, At safepoint: 1142 ns, Total: 46580 ns
[2025-08-19T13:32:00.294+0000][1692007][info ][safepoint   ] Safepoint "Cleanup", Time since last: 1000402475 ns, Reaching safepoint: 4397 ns, Cleanup: 47261 ns, At safepoint: 1963 ns, Total: 53621 ns
[2025-08-19T13:32:01.302+0000][1692007][info ][safepoint   ] Safepoint "Cleanup", Time since last: 1000133138 ns, Reaching safepoint: 8112860 ns, Cleanup: 47512 ns, At safepoint: 3766 ns, Total: 8164138 ns
[2025-08-19T13:32:01.954+0000][1692007][info ][gc,start    ] GC(24) Pause Young (Mixed) (G1 Evacuation Pause)
[2025-08-19T13:32:01.954+0000][1692007][info ][gc,task     ] GC(24) Using 1 workers of 1 for evacuation
[2025-08-19T13:32:01.954+0000][1692007][debug][gc,age      ] GC(24) Desired survivor size 16777216 bytes, new threshold 15 (max threshold 15)
[2025-08-19T13:32:02.133+0000][1692007][info ][gc,phases   ] GC(24)   Pre Evacuate Collection Set: 0.1ms
[2025-08-19T13:32:02.133+0000][1692007][info ][gc,phases   ] GC(24)   Merge Heap Roots: 0.1ms
[2025-08-19T13:32:02.133+0000][1692007][info ][gc,phases   ] GC(24)   Evacuate Collection Set: 158.6ms
[2025-08-19T13:32:02.133+0000][1692007][info ][gc,phases   ] GC(24)   Post Evacuate Collection Set: 20.2ms
[2025-08-19T13:32:02.133+0000][1692007][info ][gc,phases   ] GC(24)   Other: 0.0ms
[2025-08-19T13:32:02.133+0000][1692007][trace][gc,age      ] GC(24) Age table with threshold 15 (max threshold 15)
[2025-08-19T13:32:02.133+0000][1692007][trace][gc,age      ] GC(24) - age   1:   15795584 bytes,   15795584 total
[2025-08-19T13:32:02.133+0000][1692007][trace][gc,age      ] GC(24) - age   2:     276824 bytes,   16072408 total
[2025-08-19T13:32:02.133+0000][1692007][info ][gc,heap     ] GC(24) Eden regions: 56->0(38)
[2025-08-19T13:32:02.133+0000][1692007][info ][gc,heap     ] GC(24) Survivor regions: 1->4(8)
[2025-08-19T13:32:02.133+0000][1692007][info ][gc,heap     ] GC(24) Old regions: 16->16
[2025-08-19T13:32:02.133+0000][1692007][info ][gc,heap     ] GC(24) Humongous regions: 0->0
[2025-08-19T13:32:02.133+0000][1692007][info ][gc,metaspace] GC(24) Metaspace: 128761K(132416K)->128761K(132416K) NonClass: 111170K(113088K)->111170K(113088K) Class: 17590K(19328K)->17590K(19328K)
[2025-08-19T13:32:02.133+0000][1692007][info ][gc          ] GC(24) Pause Young (Mixed) (G1 Evacuation Pause) 288M->78M(512M) 179.191ms
[2025-08-19T13:32:02.133+0000][1692007][info ][gc,cpu      ] GC(24) User=0.03s Sys=0.00s Real=0.18s
[2025-08-19T13:32:02.133+0000][1692007][info ][safepoint   ] Safepoint "G1CollectForAllocation", Time since last: 651157205 ns, Reaching safepoint: 3456 ns, Cleanup: 108524 ns, At safepoint: 179237602 ns, Total: 179349582 ns
[2025-08-19T13:32:02.932+0000][1692007][info ][safepoint   ] Safepoint "ICBufferFull", Time since last: 769722125 ns, Reaching safepoint: 29515057 ns, Cleanup: 107533 ns, At safepoint: 5728 ns, Total: 29628318 ns
[2025-08-19T13:32:04.494+0000][1692007][info ][safepoint   ] Safepoint "Cleanup", Time since last: 1561676991 ns, Reaching safepoint: 5659 ns, Cleanup: 56795 ns, At safepoint: 1913 ns, Total: 64367 ns
[2025-08-19T13:32:05.521+0000][1692007][info ][safepoint   ] Safepoint "Cleanup", Time since last: 1000095491 ns, Reaching safepoint: 27214553 ns, Cleanup: 33812 ns, At safepoint: 7381 ns, Total: 27255746 ns
[2025-08-19T13:32:06.350+0000][1692007][info ][gc,start    ] GC(25) Pause Young (Normal) (G1 Evacuation Pause)
[2025-08-19T13:32:06.350+0000][1692007][info ][gc,task     ] GC(25) Using 1 workers of 1 for evacuation
[2025-08-19T13:32:06.350+0000][1692007][debug][gc,age      ] GC(25) Desired survivor size 6291456 bytes, new threshold 1 (max threshold 15)
[2025-08-19T13:32:06.482+0000][1692007][info ][gc,phases   ] GC(25)   Pre Evacuate Collection Set: 0.1ms
[2025-08-19T13:32:06.482+0000][1692007][info ][gc,phases   ] GC(25)   Merge Heap Roots: 0.1ms
[2025-08-19T13:32:06.482+0000][1692007][info ][gc,phases   ] GC(25)   Evacuate Collection Set: 121.3ms
[2025-08-19T13:32:06.482+0000][1692007][info ][gc,phases   ] GC(25)   Post Evacuate Collection Set: 10.0ms
[2025-08-19T13:32:06.482+0000][1692007][info ][gc,phases   ] GC(25)   Other: 0.0ms
[2025-08-19T13:32:06.482+0000][1692007][trace][gc,age      ] GC(25) Age table with threshold 1 (max threshold 15)
[2025-08-19T13:32:06.482+0000][1692007][trace][gc,age      ] GC(25) - age   1:    3610648 bytes,    3610648 total
[2025-08-19T13:32:06.482+0000][1692007][info ][gc,heap     ] GC(25) Eden regions: 15->0(75)
[2025-08-19T13:32:06.482+0000][1692007][info ][gc,heap     ] GC(25) Survivor regions: 4->1(3)
[2025-08-19T13:32:06.482+0000][1692007][info ][gc,heap     ] GC(25) Old regions: 16->20
[2025-08-19T13:32:06.482+0000][1692007][info ][gc,heap     ] GC(25) Humongous regions: 0->0
[2025-08-19T13:32:06.482+0000][1692007][info ][gc,metaspace] GC(25) Metaspace: 134789K(138496K)->134789K(138496K) NonClass: 116336K(118272K)->116336K(118272K) Class: 18453K(20224K)->18453K(20224K)
[2025-08-19T13:32:06.482+0000][1692007][info ][gc          ] GC(25) Pause Young (Normal) (G1 Evacuation Pause) 138M->82M(512M) 131.545ms
[2025-08-19T13:32:06.482+0000][1692007][info ][gc,cpu      ] GC(25) User=0.03s Sys=0.00s Real=0.13s
[2025-08-19T13:32:06.482+0000][1692007][info ][safepoint   ] Safepoint "G1CollectForAllocation", Time since last: 828672298 ns, Reaching safepoint: 4647 ns, Cleanup: 80411 ns, At safepoint: 131592220 ns, Total: 131677278 ns
[2025-08-19T13:32:07.566+0000][1692007][info ][safepoint   ] Safepoint "Cleanup", Time since last: 1034139627 ns, Reaching safepoint: 49680686 ns, Cleanup: 82575 ns, At safepoint: 10546 ns, Total: 49773807 ns
[2025-08-19T13:32:08.793+0000][1692007][info ][safepoint   ] Safepoint "Cleanup", Time since last: 1220126350 ns, Reaching safepoint: 6997236 ns, Cleanup: 52489 ns, At safepoint: 5528 ns, Total: 7055253 ns
[2025-08-19T13:32:10.467+0000][1692007][info ][safepoint   ] Safepoint "Cleanup", Time since last: 1665631548 ns, Reaching safepoint: 8251820 ns, Cleanup: 79370 ns, At safepoint: 3966 ns, Total: 8335156 ns
[2025-08-19T13:32:11.489+0000][1692007][info ][safepoint   ] Safepoint "Cleanup", Time since last: 1000088160 ns, Reaching safepoint: 22214434 ns, Cleanup: 33851 ns, At safepoint: 6590 ns, Total: 22254875 ns
[2025-08-19T13:32:12.510+0000][1692007][info ][safepoint   ] Safepoint "Cleanup", Time since last: 1000097935 ns, Reaching safepoint: 20769070 ns, Cleanup: 42124 ns, At safepoint: 5358 ns, Total: 20816552 ns
[2025-08-19T13:32:13.518+0000][1692007][info ][safepoint   ] Safepoint "Cleanup", Time since last: 1000092747 ns, Reaching safepoint: 7349037 ns, Cleanup: 51197 ns, At safepoint: 3435 ns, Total: 7403669 ns
[2025-08-19T13:32:14.518+0000][1692007][info ][safepoint   ] Safepoint "Cleanup", Time since last: 1000103994 ns, Reaching safepoint: 7031 ns, Cleanup: 46430 ns, At safepoint: 2374 ns, Total: 55835 ns
[2025-08-19T13:32:16.092+0000][1692007][info ][safepoint   ] Safepoint "Cleanup", Time since last: 1574259109 ns, Reaching safepoint: 4627 ns, Cleanup: 56966 ns, At safepoint: 1662 ns, Total: 63255 ns
[2025-08-19T13:32:17.114+0000][1692007][info ][safepoint   ] Safepoint "Cleanup", Time since last: 1000087369 ns, Reaching safepoint: 21478943 ns, Cleanup: 44858 ns, At safepoint: 5137 ns, Total: 21528938 ns
[2025-08-19T13:32:18.118+0000][1692007][info ][safepoint   ] Safepoint "Cleanup", Time since last: 1004774827 ns, Reaching safepoint: 2754 ns, Cleanup: 31538 ns, At safepoint: 1372 ns, Total: 35664 ns
[2025-08-19T13:32:19.395+0000][1692007][info ][safepoint   ] Safepoint "Cleanup", Time since last: 1269237236 ns, Reaching safepoint: 7392463 ns, Cleanup: 21963 ns, At safepoint: 5048 ns, Total: 7419474 ns
[2025-08-19T13:32:20.411+0000][1692007][info ][safepoint   ] Safepoint "Cleanup", Time since last: 1000098625 ns, Reaching safepoint: 15764054 ns, Cleanup: 19399 ns, At safepoint: 3595 ns, Total: 15787048 ns
[2025-08-19T13:32:22.043+0000][1692007][info ][safepoint   ] Safepoint "Cleanup", Time since last: 1620699083 ns, Reaching safepoint: 11631843 ns, Cleanup: 77117 ns, At safepoint: 3665 ns, Total: 11712625 ns
[2025-08-19T13:32:23.044+0000][1692007][info ][safepoint   ] Safepoint "Cleanup", Time since last: 1000126028 ns, Reaching safepoint: 4867 ns, Cleanup: 8813 ns, At safepoint: 1623 ns, Total: 15303 ns
[2025-08-19T13:32:24.044+0000][1692007][info ][safepoint   ] Safepoint "Cleanup", Time since last: 1000090724 ns, Reaching safepoint: 6109 ns, Cleanup: 56615 ns, At safepoint: 2394 ns, Total: 65118 ns
[2025-08-19T13:32:25.044+0000][1692007][info ][safepoint   ] Safepoint "Cleanup", Time since last: 1000086858 ns, Reaching safepoint: 5879 ns, Cleanup: 16545 ns, At safepoint: 2073 ns, Total: 24497 ns
[2025-08-19T13:32:26.044+0000][1692007][info ][safepoint   ] Safepoint "Cleanup", Time since last: 1000084605 ns, Reaching safepoint: 5669 ns, Cleanup: 12408 ns, At safepoint: 1993 ns, Total: 20070 ns
[2025-08-19T13:32:27.044+0000][1692007][info ][safepoint   ] Safepoint "Cleanup", Time since last: 1000088441 ns, Reaching safepoint: 20210 ns, Cleanup: 11368 ns, At safepoint: 2593 ns, Total: 34171 ns
[2025-08-19T13:32:28.044+0000][1692007][info ][safepoint   ] Safepoint "Cleanup", Time since last: 1000089182 ns, Reaching safepoint: 5689 ns, Cleanup: 13480 ns, At safepoint: 1983 ns, Total: 21152 ns
[2025-08-19T13:32:30.044+0000][1692007][info ][safepoint   ] Safepoint "Cleanup", Time since last: 2000149820 ns, Reaching safepoint: 5288 ns, Cleanup: 11448 ns, At safepoint: 5919 ns, Total: 22655 ns
[2025-08-19T13:32:32.045+0000][1692007][info ][safepoint   ] Safepoint "Cleanup", Time since last: 2000183431 ns, Reaching safepoint: 6169 ns, Cleanup: 17476 ns, At safepoint: 1673 ns, Total: 25318 ns
[2025-08-19T13:32:33.045+0000][1692007][info ][safepoint   ] Safepoint "Cleanup", Time since last: 1000087770 ns, Reaching safepoint: 5738 ns, Cleanup: 8834 ns, At safepoint: 1592 ns, Total: 16164 ns
[2025-08-19T13:32:34.045+0000][1692007][info ][safepoint   ] Safepoint "Cleanup", Time since last: 1000092437 ns, Reaching safepoint: 5718 ns, Cleanup: 8423 ns, At safepoint: 1622 ns, Total: 15763 ns
[2025-08-19T13:32:35.606+0000][1692007][info ][safepoint   ] Safepoint "Cleanup", Time since last: 1561018287 ns, Reaching safepoint: 5808 ns, Cleanup: 11638 ns, At safepoint: 2183 ns, Total: 19629 ns
[2025-08-19T13:32:36.606+0000][1692007][info ][safepoint   ] Safepoint "Cleanup", Time since last: 1000105176 ns, Reaching safepoint: 5328 ns, Cleanup: 19179 ns, At safepoint: 2023 ns, Total: 26530 ns
[2025-08-19T13:32:37.606+0000][1692007][info ][safepoint   ] Safepoint "Cleanup", Time since last: 1000112738 ns, Reaching safepoint: 6850 ns, Cleanup: 10235 ns, At safepoint: 2093 ns, Total: 19178 ns
[2025-08-19T13:32:40.606+0000][1692007][info ][safepoint   ] Safepoint "Cleanup", Time since last: 3000236379 ns, Reaching safepoint: 5197 ns, Cleanup: 10607 ns, At safepoint: 2073 ns, Total: 17877 ns
[2025-08-19T13:32:41.606+0000][1692007][info ][safepoint   ] Safepoint "Cleanup", Time since last: 1000102281 ns, Reaching safepoint: 5629 ns, Cleanup: 9474 ns, At safepoint: 1973 ns, Total: 17076 ns
[2025-08-19T13:32:43.607+0000][1692007][info ][safepoint   ] Safepoint "Cleanup", Time since last: 2000165734 ns, Reaching safepoint: 5348 ns, Cleanup: 9595 ns, At safepoint: 2103 ns, Total: 17046 ns
[2025-08-19T13:32:44.607+0000][1692007][info ][safepoint   ] Safepoint "Cleanup", Time since last: 1000094440 ns, Reaching safepoint: 5528 ns, Cleanup: 9414 ns, At safepoint: 1743 ns, Total: 16685 ns
[2025-08-19T13:32:47.607+0000][1692007][info ][safepoint   ] Safepoint "Cleanup", Time since last: 3000248366 ns, Reaching safepoint: 5128 ns, Cleanup: 15013 ns, At safepoint: 2153 ns, Total: 22294 ns
[2025-08-19T13:32:53.607+0000][1692007][info ][safepoint   ] Safepoint "Cleanup", Time since last: 6000347888 ns, Reaching safepoint: 6039 ns, Cleanup: 10706 ns, At safepoint: 1732 ns, Total: 18477 ns
[2025-08-19T13:32:54.608+0000][1692007][info ][safepoint   ] Safepoint "Cleanup", Time since last: 1000439000 ns, Reaching safepoint: 5689 ns, Cleanup: 12369 ns, At safepoint: 1752 ns, Total: 19810 ns
[2025-08-19T13:33:01.608+0000][1692007][info ][safepoint   ] Safepoint "Cleanup", Time since last: 7000468217 ns, Reaching safepoint: 5658 ns, Cleanup: 11247 ns, At safepoint: 1843 ns, Total: 18748 ns
[2025-08-19T13:33:02.608+0000][1692007][info ][safepoint   ] Safepoint "Cleanup", Time since last: 1000106077 ns, Reaching safepoint: 5549 ns, Cleanup: 11146 ns, At safepoint: 1983 ns, Total: 18678 ns
[2025-08-19T13:33:04.609+0000][1692007][info ][safepoint   ] Safepoint "Cleanup", Time since last: 2000183612 ns, Reaching safepoint: 5498 ns, Cleanup: 9324 ns, At safepoint: 1843 ns, Total: 16665 ns
[2025-08-19T13:33:06.609+0000][1692007][info ][safepoint   ] Safepoint "Cleanup", Time since last: 2000152034 ns, Reaching safepoint: 5348 ns, Cleanup: 12258 ns, At safepoint: 2324 ns, Total: 19930 ns
[2025-08-19T13:33:07.609+0000][1692007][info ][safepoint   ] Safepoint "Cleanup", Time since last: 1000104475 ns, Reaching safepoint: 5708 ns, Cleanup: 11077 ns, At safepoint: 2193 ns, Total: 18978 ns
[2025-08-19T13:33:08.609+0000][1692007][info ][safepoint   ] Safepoint "Cleanup", Time since last: 1000101571 ns, Reaching safepoint: 5568 ns, Cleanup: 9925 ns, At safepoint: 2283 ns, Total: 17776 ns
[2025-08-19T13:33:09.609+0000][1692007][info ][safepoint   ] Safepoint "Cleanup", Time since last: 1000102933 ns, Reaching safepoint: 5528 ns, Cleanup: 13651 ns, At safepoint: 1953 ns, Total: 21132 ns
[2025-08-19T13:33:10.609+0000][1692007][info ][safepoint   ] Safepoint "Cleanup", Time since last: 1000111215 ns, Reaching safepoint: 5418 ns, Cleanup: 16675 ns, At safepoint: 1893 ns, Total: 23986 ns
[2025-08-19T13:33:11.609+0000][1692007][info ][safepoint   ] Safepoint "Cleanup", Time since last: 1000104996 ns, Reaching safepoint: 5228 ns, Cleanup: 9815 ns, At safepoint: 2083 ns, Total: 17126 ns
[2025-08-19T13:33:13.610+0000][1692007][info ][safepoint   ] Safepoint "Cleanup", Time since last: 2000162950 ns, Reaching safepoint: 6009 ns, Cleanup: 9915 ns, At safepoint: 1943 ns, Total: 17867 ns
[2025-08-19T13:33:15.610+0000][1692007][info ][safepoint   ] Safepoint "Cleanup", Time since last: 2000147146 ns, Reaching safepoint: 5298 ns, Cleanup: 12709 ns, At safepoint: 1803 ns, Total: 19810 ns
[2025-08-19T13:33:17.610+0000][1692007][info ][safepoint   ] Safepoint "Cleanup", Time since last: 2000160697 ns, Reaching safepoint: 5668 ns, Cleanup: 11027 ns, At safepoint: 1933 ns, Total: 18628 ns
[2025-08-19T13:33:19.610+0000][1692007][info ][safepoint   ] Safepoint "Cleanup", Time since last: 2000162319 ns, Reaching safepoint: 6209 ns, Cleanup: 10777 ns, At safepoint: 2073 ns, Total: 19059 ns
[2025-08-19T13:33:20.610+0000][1692007][info ][safepoint   ] Safepoint "Cleanup", Time since last: 1000094930 ns, Reaching safepoint: 5949 ns, Cleanup: 9555 ns, At safepoint: 1752 ns, Total: 17256 ns
[2025-08-19T13:33:23.610+0000][1692007][info ][safepoint   ] Safepoint "Cleanup", Time since last: 3000210960 ns, Reaching safepoint: 6089 ns, Cleanup: 9254 ns, At safepoint: 1923 ns, Total: 17266 ns
[2025-08-19T13:33:24.611+0000][1692007][info ][safepoint   ] Safepoint "Cleanup", Time since last: 1000099998 ns, Reaching safepoint: 5759 ns, Cleanup: 9334 ns, At safepoint: 2063 ns, Total: 17156 ns
[2025-08-19T13:33:27.611+0000][1692007][info ][safepoint   ] Safepoint "Cleanup", Time since last: 3000215727 ns, Reaching safepoint: 5809 ns, Cleanup: 8392 ns, At safepoint: 2003 ns, Total: 16204 ns
[2025-08-19T13:33:29.611+0000][1692007][info ][safepoint   ] Safepoint "Cleanup", Time since last: 2000157262 ns, Reaching safepoint: 30346 ns, Cleanup: 9915 ns, At safepoint: 2473 ns, Total: 42734 ns
[2025-08-19T13:33:31.611+0000][1692007][info ][safepoint   ] Safepoint "Cleanup", Time since last: 2000151573 ns, Reaching safepoint: 5799 ns, Cleanup: 10105 ns, At safepoint: 1873 ns, Total: 17777 ns
[2025-08-19T13:33:32.611+0000][1692007][info ][safepoint   ] Safepoint "Cleanup", Time since last: 1000096663 ns, Reaching safepoint: 5859 ns, Cleanup: 13581 ns, At safepoint: 1912 ns, Total: 21352 ns
[2025-08-19T13:33:33.611+0000][1692007][info ][safepoint   ] Safepoint "Cleanup", Time since last: 1000103013 ns, Reaching safepoint: 5789 ns, Cleanup: 11107 ns, At safepoint: 1943 ns, Total: 18839 ns
[2025-08-19T13:33:34.612+0000][1692007][info ][safepoint   ] Safepoint "Cleanup", Time since last: 1000094239 ns, Reaching safepoint: 5839 ns, Cleanup: 9845 ns, At safepoint: 2013 ns, Total: 17697 ns
[2025-08-19T13:33:35.623+0000][1692007][info ][safepoint   ] Safepoint "Cleanup", Time since last: 1011574424 ns, Reaching safepoint: 5528 ns, Cleanup: 9775 ns, At safepoint: 1893 ns, Total: 17196 ns
[2025-08-19T13:33:36.623+0000][1692007][info ][safepoint   ] Safepoint "Cleanup", Time since last: 1000094139 ns, Reaching safepoint: 6029 ns, Cleanup: 13661 ns, At safepoint: 2063 ns, Total: 21753 ns
[2025-08-19T13:33:37.623+0000][1692007][info ][safepoint   ] Safepoint "Cleanup", Time since last: 1000088881 ns, Reaching safepoint: 5889 ns, Cleanup: 9084 ns, At safepoint: 1873 ns, Total: 16846 ns
[2025-08-19T13:33:39.624+0000][1692007][info ][safepoint   ] Safepoint "Cleanup", Time since last: 2000187256 ns, Reaching safepoint: 5929 ns, Cleanup: 10166 ns, At safepoint: 1923 ns, Total: 18018 ns
[2025-08-19T13:33:41.624+0000][1692007][info ][safepoint   ] Safepoint "Cleanup", Time since last: 2000151653 ns, Reaching safepoint: 6229 ns, Cleanup: 9835 ns, At safepoint: 2043 ns, Total: 18107 ns
[2025-08-19T13:33:44.624+0000][1692007][info ][safepoint   ] Safepoint "Cleanup", Time since last: 3000228396 ns, Reaching safepoint: 6430 ns, Cleanup: 10025 ns, At safepoint: 1913 ns, Total: 18368 ns
[2025-08-19T13:33:45.624+0000][1692007][info ][safepoint   ] Safepoint "Cleanup", Time since last: 1000090353 ns, Reaching safepoint: 5048 ns, Cleanup: 6840 ns, At safepoint: 1833 ns, Total: 13721 ns
[2025-08-19T13:33:47.624+0000][1692007][info ][safepoint   ] Safepoint "Cleanup", Time since last: 2000154598 ns, Reaching safepoint: 5698 ns, Cleanup: 11157 ns, At safepoint: 1823 ns, Total: 18678 ns
[2025-08-19T13:33:51.625+0000][1692007][info ][safepoint   ] Safepoint "Cleanup", Time since last: 4000269615 ns, Reaching safepoint: 5839 ns, Cleanup: 11547 ns, At safepoint: 2064 ns, Total: 19450 ns
[2025-08-19T13:33:52.625+0000][1692007][info ][safepoint   ] Safepoint "Cleanup", Time since last: 1000103092 ns, Reaching safepoint: 6029 ns, Cleanup: 10536 ns, At safepoint: 2194 ns, Total: 18759 ns
[2025-08-19T13:33:55.625+0000][1692007][info ][safepoint   ] Safepoint "Cleanup", Time since last: 3000209597 ns, Reaching safepoint: 6039 ns, Cleanup: 10707 ns, At safepoint: 1812 ns, Total: 18558 ns
[2025-08-19T13:33:56.625+0000][1692007][info ][safepoint   ] Safepoint "Cleanup", Time since last: 1000096563 ns, Reaching safepoint: 6150 ns, Cleanup: 13530 ns, At safepoint: 1923 ns, Total: 21603 ns
[2025-08-19T13:34:04.626+0000][1692007][info ][safepoint   ] Safepoint "Cleanup", Time since last: 8000494563 ns, Reaching safepoint: 326203 ns, Cleanup: 16374 ns, At safepoint: 2234 ns, Total: 344811 ns
[2025-08-19T13:34:05.626+0000][1692007][info ][safepoint   ] Safepoint "Cleanup", Time since last: 1000105937 ns, Reaching safepoint: 5648 ns, Cleanup: 11257 ns, At safepoint: 2023 ns, Total: 18928 ns
[2025-08-19T13:34:06.626+0000][1692007][info ][safepoint   ] Safepoint "Cleanup", Time since last: 1000129704 ns, Reaching safepoint: 6129 ns, Cleanup: 9515 ns, At safepoint: 2353 ns, Total: 17997 ns
[2025-08-19T13:34:07.626+0000][1692007][info ][safepoint   ] Safepoint "Cleanup", Time since last: 1000104174 ns, Reaching safepoint: 4908 ns, Cleanup: 12759 ns, At safepoint: 1933 ns, Total: 19600 ns
[2025-08-19T13:34:08.626+0000][1692007][info ][safepoint   ] Safepoint "Cleanup", Time since last: 1000091836 ns, Reaching safepoint: 5748 ns, Cleanup: 11598 ns, At safepoint: 1943 ns, Total: 19289 ns
[2025-08-19T13:34:09.627+0000][1692007][info ][safepoint   ] Safepoint "Cleanup", Time since last: 1000110093 ns, Reaching safepoint: 6029 ns, Cleanup: 10817 ns, At safepoint: 2033 ns, Total: 18879 ns
[2025-08-19T13:34:16.627+0000][1692007][info ][safepoint   ] Safepoint "Cleanup", Time since last: 7000465682 ns, Reaching safepoint: 5739 ns, Cleanup: 11497 ns, At safepoint: 1953 ns, Total: 19189 ns
[2025-08-19T13:34:18.627+0000][1692007][info ][safepoint   ] Safepoint "Cleanup", Time since last: 2000153296 ns, Reaching safepoint: 5889 ns, Cleanup: 13510 ns, At safepoint: 2113 ns, Total: 21512 ns
[2025-08-19T13:34:19.628+0000][1692007][info ][safepoint   ] Safepoint "Cleanup", Time since last: 1000446962 ns, Reaching safepoint: 7552 ns, Cleanup: 9995 ns, At safepoint: 1963 ns, Total: 19510 ns
[2025-08-19T13:34:21.628+0000][1692007][info ][safepoint   ] Safepoint "Cleanup", Time since last: 2000163401 ns, Reaching safepoint: 5909 ns, Cleanup: 10946 ns, At safepoint: 2133 ns, Total: 18988 ns
[2025-08-19T13:34:24.628+0000][1692007][info ][safepoint   ] Safepoint "Cleanup", Time since last: 3000222087 ns, Reaching safepoint: 6239 ns, Cleanup: 11568 ns, At safepoint: 1902 ns, Total: 19709 ns
[2025-08-19T13:34:26.628+0000][1692007][info ][safepoint   ] Safepoint "Cleanup", Time since last: 2000166105 ns, Reaching safepoint: 5719 ns, Cleanup: 10496 ns, At safepoint: 2053 ns, Total: 18268 ns
[2025-08-19T13:34:27.628+0000][1692007][info ][safepoint   ] Safepoint "Cleanup", Time since last: 1000099708 ns, Reaching safepoint: 10215 ns, Cleanup: 9635 ns, At safepoint: 2013 ns, Total: 21863 ns
[2025-08-19T13:34:29.629+0000][1692007][info ][safepoint   ] Safepoint "Cleanup", Time since last: 2000157291 ns, Reaching safepoint: 31988 ns, Cleanup: 11287 ns, At safepoint: 4067 ns, Total: 47342 ns
[2025-08-19T13:34:32.629+0000][1692007][info ][safepoint   ] Safepoint "Cleanup", Time since last: 3000214354 ns, Reaching safepoint: 5789 ns, Cleanup: 18809 ns, At safepoint: 1832 ns, Total: 26430 ns
[2025-08-19T13:34:34.629+0000][1692007][info ][safepoint   ] Safepoint "Cleanup", Time since last: 2000159075 ns, Reaching safepoint: 5969 ns, Cleanup: 11106 ns, At safepoint: 2054 ns, Total: 19129 ns
[2025-08-19T13:34:36.629+0000][1692007][info ][safepoint   ] Safepoint "Cleanup", Time since last: 2000153145 ns, Reaching safepoint: 5779 ns, Cleanup: 14582 ns, At safepoint: 1903 ns, Total: 22264 ns
[2025-08-19T13:34:37.629+0000][1692007][info ][safepoint   ] Safepoint "Cleanup", Time since last: 1000099116 ns, Reaching safepoint: 5579 ns, Cleanup: 14692 ns, At safepoint: 1923 ns, Total: 22194 ns
[2025-08-19T13:34:39.629+0000][1692007][info ][safepoint   ] Safepoint "Cleanup", Time since last: 2000132474 ns, Reaching safepoint: 6169 ns, Cleanup: 8834 ns, At safepoint: 2003 ns, Total: 17006 ns
[2025-08-19T13:34:40.630+0000][1692007][info ][safepoint   ] Safepoint "Cleanup", Time since last: 1000111876 ns, Reaching safepoint: 5688 ns, Cleanup: 10306 ns, At safepoint: 1963 ns, Total: 17957 ns
[2025-08-19T13:34:42.630+0000][1692007][info ][safepoint   ] Safepoint "Cleanup", Time since last: 2000171903 ns, Reaching safepoint: 6260 ns, Cleanup: 9444 ns, At safepoint: 2063 ns, Total: 17767 ns
[2025-08-19T13:34:43.630+0000][1692007][info ][safepoint   ] Safepoint "Cleanup", Time since last: 1000106117 ns, Reaching safepoint: 5959 ns, Cleanup: 9875 ns, At safepoint: 1993 ns, Total: 17827 ns
[2025-08-19T13:34:44.630+0000][1692007][info ][safepoint   ] Safepoint "Cleanup", Time since last: 1000105887 ns, Reaching safepoint: 5579 ns, Cleanup: 10015 ns, At safepoint: 1863 ns, Total: 17457 ns
[2025-08-19T13:34:53.631+0000][1692007][info ][safepoint   ] Safepoint "Cleanup", Time since last: 9000530835 ns, Reaching safepoint: 5368 ns, Cleanup: 9404 ns, At safepoint: 2143 ns, Total: 16915 ns
[2025-08-19T13:34:55.631+0000][1692007][info ][safepoint   ] Safepoint "Cleanup", Time since last: 2000162891 ns, Reaching safepoint: 6029 ns, Cleanup: 10956 ns, At safepoint: 1783 ns, Total: 18768 ns
[2025-08-19T13:35:02.631+0000][1692007][info ][safepoint   ] Safepoint "Cleanup", Time since last: 7000443319 ns, Reaching safepoint: 69745 ns, Cleanup: 17436 ns, At safepoint: 2154 ns, Total: 89335 ns
[2025-08-19T13:35:04.631+0000][1692007][info ][safepoint   ] Safepoint "Cleanup", Time since last: 2000154757 ns, Reaching safepoint: 5919 ns, Cleanup: 9294 ns, At safepoint: 2274 ns, Total: 17487 ns
[2025-08-19T13:35:06.632+0000][1692007][info ][safepoint   ] Safepoint "Cleanup", Time since last: 2000164663 ns, Reaching safepoint: 6229 ns, Cleanup: 12299 ns, At safepoint: 1892 ns, Total: 20420 ns
[2025-08-19T13:35:07.632+0000][1692007][info ][safepoint   ] Safepoint "Cleanup", Time since last: 1000100790 ns, Reaching safepoint: 5568 ns, Cleanup: 14071 ns, At safepoint: 1903 ns, Total: 21542 ns
[2025-08-19T13:35:08.632+0000][1692007][info ][safepoint   ] Safepoint "Cleanup", Time since last: 1000102732 ns, Reaching safepoint: 5989 ns, Cleanup: 11718 ns, At safepoint: 2264 ns, Total: 19971 ns
[2025-08-19T13:35:15.632+0000][1692007][info ][safepoint   ] Safepoint "Cleanup", Time since last: 7000455136 ns, Reaching safepoint: 5318 ns, Cleanup: 9344 ns, At safepoint: 2194 ns, Total: 16856 ns
[2025-08-19T13:35:17.633+0000][1692007][info ][safepoint   ] Safepoint "Cleanup", Time since last: 2000168969 ns, Reaching safepoint: 5699 ns, Cleanup: 9764 ns, At safepoint: 1963 ns, Total: 17426 ns
[2025-08-19T13:35:20.633+0000][1692007][info ][safepoint   ] Safepoint "Cleanup", Time since last: 3000220044 ns, Reaching safepoint: 6049 ns, Cleanup: 9805 ns, At safepoint: 1993 ns, Total: 17847 ns
[2025-08-19T13:35:24.633+0000][1692007][info ][safepoint   ] Safepoint "Cleanup", Time since last: 4000276916 ns, Reaching safepoint: 6069 ns, Cleanup: 9154 ns, At safepoint: 2223 ns, Total: 17446 ns
[2025-08-19T13:35:25.633+0000][1692007][info ][safepoint   ] Safepoint "Cleanup", Time since last: 1000108311 ns, Reaching safepoint: 6129 ns, Cleanup: 10486 ns, At safepoint: 2053 ns, Total: 18668 ns
[2025-08-19T13:35:32.635+0000][1692007][info ][safepoint   ] Safepoint "Cleanup", Time since last: 7001288175 ns, Reaching safepoint: 40250 ns, Cleanup: 9785 ns, At safepoint: 1863 ns, Total: 51898 ns
[2025-08-19T13:35:33.635+0000][1692007][info ][safepoint   ] Safepoint "Cleanup", Time since last: 1000103904 ns, Reaching safepoint: 5929 ns, Cleanup: 9655 ns, At safepoint: 1892 ns, Total: 17476 ns
[2025-08-19T13:35:35.635+0000][1692007][info ][safepoint   ] Safepoint "Cleanup", Time since last: 2000169831 ns, Reaching safepoint: 5949 ns, Cleanup: 17316 ns, At safepoint: 2083 ns, Total: 25348 ns
[2025-08-19T13:35:36.635+0000][1692007][info ][safepoint   ] Safepoint "Cleanup", Time since last: 1000108842 ns, Reaching safepoint: 6209 ns, Cleanup: 16184 ns, At safepoint: 2074 ns, Total: 24467 ns
[2025-08-19T13:35:37.635+0000][1692007][info ][safepoint   ] Safepoint "Cleanup", Time since last: 1000099877 ns, Reaching safepoint: 5719 ns, Cleanup: 10015 ns, At safepoint: 1913 ns, Total: 17647 ns
[2025-08-19T13:35:38.635+0000][1692007][info ][safepoint   ] Safepoint "Cleanup", Time since last: 1000105066 ns, Reaching safepoint: 5418 ns, Cleanup: 12098 ns, At safepoint: 2023 ns, Total: 19539 ns
[2025-08-19T13:35:41.636+0000][1692007][info ][safepoint   ] Safepoint "Cleanup", Time since last: 3000352814 ns, Reaching safepoint: 5999 ns, Cleanup: 11648 ns, At safepoint: 1702 ns, Total: 19349 ns
[2025-08-19T13:35:42.636+0000][1692007][info ][safepoint   ] Safepoint "Cleanup", Time since last: 1000135082 ns, Reaching safepoint: 5698 ns, Cleanup: 12509 ns, At safepoint: 1993 ns, Total: 20200 ns
[2025-08-19T13:35:43.636+0000][1692007][info ][safepoint   ] Safepoint "Cleanup", Time since last: 1000114210 ns, Reaching safepoint: 4807 ns, Cleanup: 9144 ns, At safepoint: 1772 ns, Total: 15723 ns
[2025-08-19T13:35:44.636+0000][1692007][info ][safepoint   ] Safepoint "Cleanup", Time since last: 1000110574 ns, Reaching safepoint: 5569 ns, Cleanup: 9754 ns, At safepoint: 1973 ns, Total: 17296 ns
[2025-08-19T13:35:48.636+0000][1692007][info ][safepoint   ] Safepoint "Cleanup", Time since last: 4000267492 ns, Reaching safepoint: 4888 ns, Cleanup: 11477 ns, At safepoint: 1683 ns, Total: 18048 ns
[2025-08-19T13:35:49.636+0000][1692007][info ][safepoint   ] Safepoint "Cleanup", Time since last: 1000078315 ns, Reaching safepoint: 5288 ns, Cleanup: 9635 ns, At safepoint: 1812 ns, Total: 16735 ns
[2025-08-19T13:35:51.637+0000][1692007][info ][safepoint   ] Safepoint "Cleanup", Time since last: 2000188910 ns, Reaching safepoint: 6009 ns, Cleanup: 9815 ns, At safepoint: 2043 ns, Total: 17867 ns
[2025-08-19T13:35:53.637+0000][1692007][info ][safepoint   ] Safepoint "Cleanup", Time since last: 2000175309 ns, Reaching safepoint: 5618 ns, Cleanup: 9565 ns, At safepoint: 1862 ns, Total: 17045 ns
[2025-08-19T13:35:54.637+0000][1692007][info ][safepoint   ] Safepoint "Cleanup", Time since last: 1000117435 ns, Reaching safepoint: 5548 ns, Cleanup: 9574 ns, At safepoint: 1873 ns, Total: 16995 ns
[2025-08-19T13:35:58.637+0000][1692007][info ][safepoint   ] Safepoint "Cleanup", Time since last: 4000306171 ns, Reaching safepoint: 5578 ns, Cleanup: 5519 ns, At safepoint: 1983 ns, Total: 13080 ns
[2025-08-19T13:36:02.638+0000][1692007][info ][safepoint   ] Safepoint "Cleanup", Time since last: 4000238628 ns, Reaching safepoint: 66090 ns, Cleanup: 12559 ns, At safepoint: 2143 ns, Total: 80792 ns
[2025-08-19T13:36:06.638+0000][1692007][info ][safepoint   ] Safepoint "Cleanup", Time since last: 4000280942 ns, Reaching safepoint: 5859 ns, Cleanup: 17026 ns, At safepoint: 1913 ns, Total: 24798 ns
[2025-08-19T13:36:07.638+0000][1692007][info ][safepoint   ] Safepoint "Cleanup", Time since last: 1000115641 ns, Reaching safepoint: 5739 ns, Cleanup: 12709 ns, At safepoint: 1913 ns, Total: 20361 ns
[2025-08-19T13:36:08.638+0000][1692007][info ][safepoint   ] Safepoint "Cleanup", Time since last: 1000130955 ns, Reaching safepoint: 5238 ns, Cleanup: 9464 ns, At safepoint: 1793 ns, Total: 16495 ns
[2025-08-19T13:36:11.638+0000][1692007][info ][safepoint   ] Safepoint "Cleanup", Time since last: 3000218781 ns, Reaching safepoint: 5749 ns, Cleanup: 15764 ns, At safepoint: 2043 ns, Total: 23556 ns
[2025-08-19T13:36:12.639+0000][1692007][info ][safepoint   ] Safepoint "Cleanup", Time since last: 1000097825 ns, Reaching safepoint: 5478 ns, Cleanup: 8563 ns, At safepoint: 1973 ns, Total: 16014 ns
[2025-08-19T13:36:13.639+0000][1692007][info ][safepoint   ] Safepoint "Cleanup", Time since last: 1000101150 ns, Reaching safepoint: 5428 ns, Cleanup: 9624 ns, At safepoint: 1803 ns, Total: 16855 ns
[2025-08-19T13:36:16.639+0000][1692007][info ][safepoint   ] Safepoint "Cleanup", Time since last: 3000220424 ns, Reaching safepoint: 5709 ns, Cleanup: 9674 ns, At safepoint: 2123 ns, Total: 17506 ns
[2025-08-19T13:36:18.639+0000][1692007][info ][safepoint   ] Safepoint "Cleanup", Time since last: 2000170712 ns, Reaching safepoint: 5959 ns, Cleanup: 10065 ns, At safepoint: 1993 ns, Total: 18017 ns
[2025-08-19T13:36:20.639+0000][1692007][info ][safepoint   ] Safepoint "Cleanup", Time since last: 2000163522 ns, Reaching safepoint: 5468 ns, Cleanup: 11828 ns, At safepoint: 1802 ns, Total: 19098 ns
[2025-08-19T13:36:23.639+0000][1692007][info ][safepoint   ] Safepoint "Cleanup", Time since last: 3000198702 ns, Reaching safepoint: 5838 ns, Cleanup: 10937 ns, At safepoint: 2043 ns, Total: 18818 ns
[2025-08-19T13:36:26.640+0000][1692007][info ][safepoint   ] Safepoint "Cleanup", Time since last: 3000218581 ns, Reaching safepoint: 5619 ns, Cleanup: 10586 ns, At safepoint: 2383 ns, Total: 18588 ns
[2025-08-19T13:36:30.640+0000][1692007][info ][safepoint   ] Safepoint "Cleanup", Time since last: 4000304618 ns, Reaching safepoint: 5319 ns, Cleanup: 10235 ns, At safepoint: 1813 ns, Total: 17367 ns
[2025-08-19T13:36:32.640+0000][1692007][info ][safepoint   ] Safepoint "Cleanup", Time since last: 2000180636 ns, Reaching safepoint: 28724 ns, Cleanup: 12098 ns, At safepoint: 4417 ns, Total: 45239 ns
[2025-08-19T13:36:36.641+0000][1692007][info ][safepoint   ] Safepoint "Cleanup", Time since last: 4000251347 ns, Reaching safepoint: 6059 ns, Cleanup: 10757 ns, At safepoint: 2013 ns, Total: 18829 ns
[2025-08-19T13:36:38.641+0000][1692007][info ][safepoint   ] Safepoint "Cleanup", Time since last: 2000160106 ns, Reaching safepoint: 5829 ns, Cleanup: 12208 ns, At safepoint: 2123 ns, Total: 20160 ns
[2025-08-19T13:36:39.641+0000][1692007][info ][safepoint   ] Safepoint "Cleanup", Time since last: 1000103373 ns, Reaching safepoint: 5499 ns, Cleanup: 9895 ns, At safepoint: 1732 ns, Total: 17126 ns
[2025-08-19T13:36:40.641+0000][1692007][info ][safepoint   ] Safepoint "Cleanup", Time since last: 1000122412 ns, Reaching safepoint: 5528 ns, Cleanup: 10366 ns, At safepoint: 1743 ns, Total: 17637 ns
[2025-08-19T13:36:42.641+0000][1692007][info ][safepoint   ] Safepoint "Cleanup", Time since last: 2000151603 ns, Reaching safepoint: 5708 ns, Cleanup: 11628 ns, At safepoint: 1753 ns, Total: 19089 ns
[2025-08-19T13:36:54.642+0000][1692007][info ][safepoint   ] Safepoint "Cleanup", Time since last: 12000743948 ns, Reaching safepoint: 5207 ns, Cleanup: 9385 ns, At safepoint: 1832 ns, Total: 16424 ns
[2025-08-19T13:37:02.643+0000][1692007][info ][safepoint   ] Safepoint "Cleanup", Time since last: 8001292599 ns, Reaching safepoint: 5037 ns, Cleanup: 13020 ns, At safepoint: 1683 ns, Total: 19740 ns
[2025-08-19T13:37:04.643+0000][1692007][info ][safepoint   ] Safepoint "Cleanup", Time since last: 2000176620 ns, Reaching safepoint: 5719 ns, Cleanup: 13350 ns, At safepoint: 1823 ns, Total: 20892 ns
[2025-08-19T13:37:06.644+0000][1692007][info ][safepoint   ] Safepoint "Cleanup", Time since last: 2000153826 ns, Reaching safepoint: 5629 ns, Cleanup: 10426 ns, At safepoint: 1792 ns, Total: 17847 ns
[2025-08-19T13:37:08.644+0000][1692007][info ][safepoint   ] Safepoint "Cleanup", Time since last: 2000158203 ns, Reaching safepoint: 5499 ns, Cleanup: 12528 ns, At safepoint: 1923 ns, Total: 19950 ns
[2025-08-19T13:37:09.644+0000][1692007][info ][safepoint   ] Safepoint "Cleanup", Time since last: 1000111726 ns, Reaching safepoint: 5549 ns, Cleanup: 14091 ns, At safepoint: 2223 ns, Total: 21863 ns
[2025-08-19T13:37:10.644+0000][1692007][info ][safepoint   ] Safepoint "Cleanup", Time since last: 1000114891 ns, Reaching safepoint: 5057 ns, Cleanup: 19340 ns, At safepoint: 1963 ns, Total: 26360 ns
[2025-08-19T13:37:14.644+0000][1692007][info ][safepoint   ] Safepoint "Cleanup", Time since last: 4000295444 ns, Reaching safepoint: 5739 ns, Cleanup: 8913 ns, At safepoint: 2263 ns, Total: 16915 ns
[2025-08-19T13:37:19.645+0000][1692007][info ][safepoint   ] Safepoint "Cleanup", Time since last: 5000269072 ns, Reaching safepoint: 5488 ns, Cleanup: 7962 ns, At safepoint: 2224 ns, Total: 15674 ns
[2025-08-19T13:37:20.645+0000][1692007][info ][safepoint   ] Safepoint "Cleanup", Time since last: 1000096412 ns, Reaching safepoint: 5779 ns, Cleanup: 8833 ns, At safepoint: 2144 ns, Total: 16756 ns
[2025-08-19T13:37:27.645+0000][1692007][info ][safepoint   ] Safepoint "Cleanup", Time since last: 7000443589 ns, Reaching safepoint: 5588 ns, Cleanup: 9154 ns, At safepoint: 2203 ns, Total: 16945 ns
[2025-08-19T13:37:28.645+0000][1692007][info ][safepoint   ] Safepoint "Cleanup", Time since last: 1000101020 ns, Reaching safepoint: 6269 ns, Cleanup: 13791 ns, At safepoint: 2224 ns, Total: 22284 ns
[2025-08-19T13:37:29.645+0000][1692007][info ][safepoint   ] Safepoint "Cleanup", Time since last: 1000062030 ns, Reaching safepoint: 5599 ns, Cleanup: 9174 ns, At safepoint: 2093 ns, Total: 16866 ns
[2025-08-19T13:37:32.646+0000][1692007][info ][safepoint   ] Safepoint "Cleanup", Time since last: 3000215446 ns, Reaching safepoint: 4908 ns, Cleanup: 12228 ns, At safepoint: 1983 ns, Total: 19119 ns
[2025-08-19T13:37:36.706+0000][1692007][info ][safepoint   ] Safepoint "Cleanup", Time since last: 4060633814 ns, Reaching safepoint: 6339 ns, Cleanup: 12098 ns, At safepoint: 2073 ns, Total: 20510 ns
[2025-08-19T13:37:43.707+0000][1692007][info ][safepoint   ] Safepoint "Cleanup", Time since last: 7000440094 ns, Reaching safepoint: 5529 ns, Cleanup: 14362 ns, At safepoint: 1822 ns, Total: 21713 ns
[2025-08-19T13:37:48.707+0000][1692007][info ][safepoint   ] Safepoint "Cleanup", Time since last: 5000325828 ns, Reaching safepoint: 6529 ns, Cleanup: 9264 ns, At safepoint: 1993 ns, Total: 17786 ns
[2025-08-19T13:37:49.707+0000][1692007][info ][safepoint   ] Safepoint "Cleanup", Time since last: 1000097475 ns, Reaching safepoint: 5248 ns, Cleanup: 13520 ns, At safepoint: 2003 ns, Total: 20771 ns
[2025-08-19T13:37:51.707+0000][1692007][info ][safepoint   ] Safepoint "Cleanup", Time since last: 2000159475 ns, Reaching safepoint: 5679 ns, Cleanup: 13240 ns, At safepoint: 1963 ns, Total: 20882 ns
[2025-08-19T13:37:55.708+0000][1692007][info ][safepoint   ] Safepoint "Cleanup", Time since last: 4000269545 ns, Reaching safepoint: 5919 ns, Cleanup: 9334 ns, At safepoint: 1893 ns, Total: 17146 ns
[2025-08-19T13:37:57.708+0000][1692007][info ][safepoint   ] Safepoint "Cleanup", Time since last: 2000155168 ns, Reaching safepoint: 6099 ns, Cleanup: 9395 ns, At safepoint: 2023 ns, Total: 17517 ns
[2025-08-19T13:37:58.708+0000][1692007][info ][safepoint   ] Safepoint "Cleanup", Time since last: 1000103253 ns, Reaching safepoint: 6500 ns, Cleanup: 9624 ns, At safepoint: 2264 ns, Total: 18388 ns
[2025-08-19T13:38:02.708+0000][1692007][info ][safepoint   ] Safepoint "Cleanup", Time since last: 4000280872 ns, Reaching safepoint: 5919 ns, Cleanup: 11818 ns, At safepoint: 2003 ns, Total: 19740 ns
[2025-08-19T13:38:03.708+0000][1692007][info ][safepoint   ] Safepoint "Cleanup", Time since last: 1000100619 ns, Reaching safepoint: 5849 ns, Cleanup: 9885 ns, At safepoint: 1933 ns, Total: 17667 ns
[2025-08-19T13:38:05.709+0000][1692007][info ][safepoint   ] Safepoint "Cleanup", Time since last: 2000146655 ns, Reaching safepoint: 35554 ns, Cleanup: 9504 ns, At safepoint: 1923 ns, Total: 46981 ns
[2025-08-19T13:38:06.709+0000][1692007][info ][safepoint   ] Safepoint "Cleanup", Time since last: 1000095171 ns, Reaching safepoint: 5839 ns, Cleanup: 13210 ns, At safepoint: 1872 ns, Total: 20921 ns
[2025-08-19T13:38:07.709+0000][1692007][info ][safepoint   ] Safepoint "Cleanup", Time since last: 1000066888 ns, Reaching safepoint: 5990 ns, Cleanup: 11096 ns, At safepoint: 2003 ns, Total: 19089 ns
[2025-08-19T13:38:09.709+0000][1692007][info ][safepoint   ] Safepoint "Cleanup", Time since last: 2000152114 ns, Reaching safepoint: 5719 ns, Cleanup: 9825 ns, At safepoint: 2033 ns, Total: 17577 ns
[2025-08-19T13:38:09.792+0000][1692007][info ][gc,start    ] GC(26) Pause Young (Normal) (G1 Evacuation Pause)
[2025-08-19T13:38:09.792+0000][1692007][info ][gc,task     ] GC(26) Using 1 workers of 1 for evacuation
[2025-08-19T13:38:09.792+0000][1692007][debug][gc,age      ] GC(26) Desired survivor size 20971520 bytes, new threshold 15 (max threshold 15)
[2025-08-19T13:38:09.855+0000][1692007][info ][gc,phases   ] GC(26)   Pre Evacuate Collection Set: 0.1ms
[2025-08-19T13:38:09.855+0000][1692007][info ][gc,phases   ] GC(26)   Merge Heap Roots: 0.0ms
[2025-08-19T13:38:09.855+0000][1692007][info ][gc,phases   ] GC(26)   Evacuate Collection Set: 54.3ms
[2025-08-19T13:38:09.855+0000][1692007][info ][gc,phases   ] GC(26)   Post Evacuate Collection Set: 8.6ms
[2025-08-19T13:38:09.855+0000][1692007][info ][gc,phases   ] GC(26)   Other: 0.0ms
[2025-08-19T13:38:09.855+0000][1692007][trace][gc,age      ] GC(26) Age table with threshold 15 (max threshold 15)
[2025-08-19T13:38:09.855+0000][1692007][trace][gc,age      ] GC(26) - age   1:   17253256 bytes,   17253256 total
[2025-08-19T13:38:09.855+0000][1692007][trace][gc,age      ] GC(26) - age   2:    3353424 bytes,   20606680 total
[2025-08-19T13:38:09.855+0000][1692007][info ][gc,heap     ] GC(26) Eden regions: 75->0(40)
[2025-08-19T13:38:09.855+0000][1692007][info ][gc,heap     ] GC(26) Survivor regions: 1->5(10)
[2025-08-19T13:38:09.855+0000][1692007][info ][gc,heap     ] GC(26) Old regions: 20->20
[2025-08-19T13:38:09.855+0000][1692007][info ][gc,heap     ] GC(26) Humongous regions: 0->0
[2025-08-19T13:38:09.855+0000][1692007][info ][gc,metaspace] GC(26) Metaspace: 138781K(142528K)->138781K(142528K) NonClass: 119890K(121856K)->119890K(121856K) Class: 18891K(20672K)->18891K(20672K)
[2025-08-19T13:38:09.855+0000][1692007][info ][gc          ] GC(26) Pause Young (Normal) (G1 Evacuation Pause) 382M->98M(512M) 63.315ms
[2025-08-19T13:38:09.855+0000][1692007][info ][gc,cpu      ] GC(26) User=0.02s Sys=0.01s Real=0.06s
[2025-08-19T13:38:09.855+0000][1692007][info ][safepoint   ] Safepoint "G1CollectForAllocation", Time since last: 82765753 ns, Reaching safepoint: 5058 ns, Cleanup: 1863 ns, At safepoint: 63361814 ns, Total: 63368735 ns
[2025-08-19T13:38:10.855+0000][1692007][info ][safepoint   ] Safepoint "Cleanup", Time since last: 1000074069 ns, Reaching safepoint: 6570 ns, Cleanup: 12929 ns, At safepoint: 2394 ns, Total: 21893 ns
[2025-08-19T13:38:11.855+0000][1692007][info ][safepoint   ] Safepoint "Cleanup", Time since last: 1000099517 ns, Reaching safepoint: 6430 ns, Cleanup: 11197 ns, At safepoint: 2574 ns, Total: 20201 ns
[2025-08-19T13:38:12.855+0000][1692007][info ][safepoint   ] Safepoint "Cleanup", Time since last: 1000073638 ns, Reaching safepoint: 6780 ns, Cleanup: 11998 ns, At safepoint: 2084 ns, Total: 20862 ns
[2025-08-19T13:38:13.856+0000][1692007][info ][safepoint   ] Safepoint "Cleanup", Time since last: 1000094529 ns, Reaching safepoint: 6180 ns, Cleanup: 12589 ns, At safepoint: 2273 ns, Total: 21042 ns
[2025-08-19T13:38:14.856+0000][1692007][info ][safepoint   ] Safepoint "Cleanup", Time since last: 1000104785 ns, Reaching safepoint: 7031 ns, Cleanup: 10726 ns, At safepoint: 2274 ns, Total: 20031 ns
[2025-08-19T13:38:16.856+0000][1692007][info ][safepoint   ] Safepoint "Cleanup", Time since last: 2000163701 ns, Reaching safepoint: 6079 ns, Cleanup: 12148 ns, At safepoint: 1883 ns, Total: 20110 ns
[2025-08-19T13:38:20.856+0000][1692007][info ][safepoint   ] Safepoint "Cleanup", Time since last: 4000244167 ns, Reaching safepoint: 6470 ns, Cleanup: 12789 ns, At safepoint: 2183 ns, Total: 21442 ns
[2025-08-19T13:38:24.856+0000][1692007][info ][safepoint   ] Safepoint "Cleanup", Time since last: 4000277297 ns, Reaching safepoint: 6751 ns, Cleanup: 10896 ns, At safepoint: 2404 ns, Total: 20051 ns
[2025-08-19T13:38:26.857+0000][1692007][info ][safepoint   ] Safepoint "Cleanup", Time since last: 2000355441 ns, Reaching safepoint: 6209 ns, Cleanup: 9584 ns, At safepoint: 2174 ns, Total: 17967 ns
[2025-08-19T13:38:32.859+0000][1692007][info ][safepoint   ] Safepoint "Cleanup", Time since last: 6001756995 ns, Reaching safepoint: 6580 ns, Cleanup: 14812 ns, At safepoint: 2174 ns, Total: 23566 ns
[2025-08-19T13:38:34.859+0000][1692007][info ][safepoint   ] Safepoint "Cleanup", Time since last: 2000158353 ns, Reaching safepoint: 7100 ns, Cleanup: 11107 ns, At safepoint: 2063 ns, Total: 20270 ns
[2025-08-19T13:38:36.859+0000][1692007][info ][safepoint   ] Safepoint "Cleanup", Time since last: 2000233467 ns, Reaching safepoint: 33070 ns, Cleanup: 11317 ns, At safepoint: 1833 ns, Total: 46220 ns
[2025-08-19T13:38:44.860+0000][1692007][info ][safepoint   ] Safepoint "Cleanup", Time since last: 8001240900 ns, Reaching safepoint: 6770 ns, Cleanup: 10927 ns, At safepoint: 1973 ns, Total: 19670 ns
[2025-08-19T13:38:45.860+0000][1692007][info ][safepoint   ] Safepoint "Cleanup", Time since last: 1000119257 ns, Reaching safepoint: 6500 ns, Cleanup: 10986 ns, At safepoint: 2143 ns, Total: 19629 ns
[2025-08-19T13:38:53.861+0000][1692007][info ][safepoint   ] Safepoint "Cleanup", Time since last: 8000509807 ns, Reaching safepoint: 6019 ns, Cleanup: 12068 ns, At safepoint: 2053 ns, Total: 20140 ns
[2025-08-19T13:38:59.784+0000][1692007][info ][safepoint   ] Safepoint "ICBufferFull", Time since last: 5923251485 ns, Reaching safepoint: 4517 ns, Cleanup: 116385 ns, At safepoint: 1312 ns, Total: 122214 ns
[2025-08-19T13:39:00.735+0000][1692007][info ][safepoint   ] Safepoint "ICBufferFull", Time since last: 950473133 ns, Reaching safepoint: 4297 ns, Cleanup: 89345 ns, At safepoint: 1462 ns, Total: 95104 ns
[2025-08-19T13:39:01.391+0000][1692007][info ][safepoint   ] Safepoint "ICBufferFull", Time since last: 656282855 ns, Reaching safepoint: 5018 ns, Cleanup: 126621 ns, At safepoint: 1653 ns, Total: 133292 ns
[2025-08-19T13:39:02.391+0000][1692007][info ][safepoint   ] Safepoint "Cleanup", Time since last: 1000118235 ns, Reaching safepoint: 7011 ns, Cleanup: 53591 ns, At safepoint: 2123 ns, Total: 62725 ns
[2025-08-19T13:39:03.392+0000][1692007][info ][safepoint   ] Safepoint "Cleanup", Time since last: 1000097514 ns, Reaching safepoint: 7271 ns, Cleanup: 18528 ns, At safepoint: 2234 ns, Total: 28033 ns
[2025-08-19T13:39:06.392+0000][1692007][info ][safepoint   ] Safepoint "Cleanup", Time since last: 3000225311 ns, Reaching safepoint: 34642 ns, Cleanup: 17597 ns, At safepoint: 1793 ns, Total: 54032 ns
[2025-08-19T13:39:08.392+0000][1692007][info ][safepoint   ] Safepoint "Cleanup", Time since last: 2000269521 ns, Reaching safepoint: 6299 ns, Cleanup: 11287 ns, At safepoint: 1903 ns, Total: 19489 ns
[2025-08-19T13:39:12.393+0000][1692007][info ][safepoint   ] Safepoint "Cleanup", Time since last: 4000445351 ns, Reaching safepoint: 7181 ns, Cleanup: 13680 ns, At safepoint: 2224 ns, Total: 23085 ns
[2025-08-19T13:39:20.393+0000][1692007][info ][safepoint   ] Safepoint "Cleanup", Time since last: 8000587313 ns, Reaching safepoint: 17477 ns, Cleanup: 11237 ns, At safepoint: 2583 ns, Total: 31297 ns
[2025-08-19T13:39:22.393+0000][1692007][info ][safepoint   ] Safepoint "Cleanup", Time since last: 2000135199 ns, Reaching safepoint: 6580 ns, Cleanup: 11237 ns, At safepoint: 2313 ns, Total: 20130 ns
[2025-08-19T13:39:24.394+0000][1692007][info ][safepoint   ] Safepoint "Cleanup", Time since last: 2000151863 ns, Reaching safepoint: 154924 ns, Cleanup: 20992 ns, At safepoint: 2734 ns, Total: 178650 ns
[2025-08-19T13:39:24.606+0000][1692007][info ][gc,start    ] GC(27) Pause Young (Normal) (G1 Evacuation Pause)
[2025-08-19T13:39:24.609+0000][1692007][info ][gc,task     ] GC(27) Using 1 workers of 1 for evacuation
[2025-08-19T13:39:24.609+0000][1692007][debug][gc,age      ] GC(27) Desired survivor size 12582912 bytes, new threshold 1 (max threshold 15)
[2025-08-19T13:39:24.883+0000][1692007][info ][gc,mmu      ] GC(27) MMU target violated: 201.0ms (200.0ms/201.0ms)
[2025-08-19T13:39:24.886+0000][1692007][info ][gc,phases   ] GC(27)   Pre Evacuate Collection Set: 0.1ms
[2025-08-19T13:39:24.886+0000][1692007][info ][gc,phases   ] GC(27)   Merge Heap Roots: 0.1ms
[2025-08-19T13:39:24.886+0000][1692007][info ][gc,phases   ] GC(27)   Evacuate Collection Set: 264.1ms
[2025-08-19T13:39:24.886+0000][1692007][info ][gc,phases   ] GC(27)   Post Evacuate Collection Set: 8.0ms
[2025-08-19T13:39:24.886+0000][1692007][info ][gc,phases   ] GC(27)   Other: 3.6ms
[2025-08-19T13:39:24.886+0000][1692007][trace][gc,age      ] GC(27) Age table with threshold 1 (max threshold 15)
[2025-08-19T13:39:24.886+0000][1692007][trace][gc,age      ] GC(27) - age   1:   18498856 bytes,   18498856 total
[2025-08-19T13:39:24.886+0000][1692007][info ][gc,heap     ] GC(27) Eden regions: 42->0(16)
[2025-08-19T13:39:24.886+0000][1692007][info ][gc,heap     ] GC(27) Survivor regions: 5->5(6)
[2025-08-19T13:39:24.886+0000][1692007][info ][gc,heap     ] GC(27) Old regions: 20->25
[2025-08-19T13:39:24.886+0000][1692007][info ][gc,heap     ] GC(27) Humongous regions: 0->0
[2025-08-19T13:39:24.886+0000][1692007][info ][gc,metaspace] GC(27) Metaspace: 141355K(145152K)->141355K(145152K) NonClass: 122133K(124160K)->122133K(124160K) Class: 19222K(20992K)->19222K(20992K)
[2025-08-19T13:39:24.886+0000][1692007][info ][gc          ] GC(27) Pause Young (Normal) (G1 Evacuation Pause) 266M->116M(512M) 281.212ms
[2025-08-19T13:39:24.886+0000][1692007][info ][gc,cpu      ] GC(27) User=0.03s Sys=0.05s Real=0.29s
[2025-08-19T13:39:24.886+0000][1692007][info ][safepoint   ] Safepoint "G1CollectForAllocation", Time since last: 211351444 ns, Reaching safepoint: 70226 ns, Cleanup: 10576 ns, At safepoint: 281269658 ns, Total: 281350460 ns
[2025-08-19T13:39:25.550+0000][1692007][info ][safepoint   ] Safepoint "ICBufferFull", Time since last: 663892345 ns, Reaching safepoint: 4417 ns, Cleanup: 116927 ns, At safepoint: 1542 ns, Total: 122886 ns
[2025-08-19T13:39:25.562+0000][1692007][info ][gc,start    ] GC(28) Pause Young (Normal) (G1 Evacuation Pause)
[2025-08-19T13:39:25.563+0000][1692007][info ][gc,task     ] GC(28) Using 1 workers of 1 for evacuation
[2025-08-19T13:39:25.563+0000][1692007][debug][gc,age      ] GC(28) Desired survivor size 10485760 bytes, new threshold 1 (max threshold 15)
[2025-08-19T13:39:25.653+0000][1692007][info ][gc,phases   ] GC(28)   Pre Evacuate Collection Set: 0.1ms
[2025-08-19T13:39:25.653+0000][1692007][info ][gc,phases   ] GC(28)   Merge Heap Roots: 0.0ms
[2025-08-19T13:39:25.653+0000][1692007][info ][gc,phases   ] GC(28)   Evacuate Collection Set: 87.7ms
[2025-08-19T13:39:25.653+0000][1692007][info ][gc,phases   ] GC(28)   Post Evacuate Collection Set: 2.8ms
[2025-08-19T13:39:25.653+0000][1692007][info ][gc,phases   ] GC(28)   Other: 0.0ms
[2025-08-19T13:39:25.653+0000][1692007][trace][gc,age      ] GC(28) Age table with threshold 1 (max threshold 15)
[2025-08-19T13:39:25.653+0000][1692007][trace][gc,age      ] GC(28) - age   1:   20891896 bytes,   20891896 total
[2025-08-19T13:39:25.653+0000][1692007][info ][gc,heap     ] GC(28) Eden regions: 28->0(21)
[2025-08-19T13:39:25.653+0000][1692007][info ][gc,heap     ] GC(28) Survivor regions: 5->5(5)
[2025-08-19T13:39:25.653+0000][1692007][info ][gc,heap     ] GC(28) Old regions: 25->29
[2025-08-19T13:39:25.653+0000][1692007][info ][gc,heap     ] GC(28) Humongous regions: 0->0
[2025-08-19T13:39:25.653+0000][1692007][info ][gc,metaspace] GC(28) Metaspace: 141730K(145536K)->141730K(145536K) NonClass: 122464K(124480K)->122464K(124480K) Class: 19266K(21056K)->19266K(21056K)
[2025-08-19T13:39:25.653+0000][1692007][info ][gc          ] GC(28) Pause Young (Normal) (G1 Evacuation Pause) 228M->134M(512M) 90.911ms
[2025-08-19T13:39:25.654+0000][1692007][info ][gc,cpu      ] GC(28) User=0.02s Sys=0.04s Real=0.09s
[2025-08-19T13:39:25.654+0000][1692007][info ][safepoint   ] Safepoint "G1CollectForAllocation", Time since last: 12016445 ns, Reaching safepoint: 2543 ns, Cleanup: 13461 ns, At safepoint: 91373641 ns, Total: 91389645 ns
[2025-08-19T13:39:26.654+0000][1692007][info ][safepoint   ] Safepoint "Cleanup", Time since last: 1000077724 ns, Reaching safepoint: 6340 ns, Cleanup: 43696 ns, At safepoint: 1823 ns, Total: 51859 ns
[2025-08-19T13:39:27.654+0000][1692007][info ][safepoint   ] Safepoint "Cleanup", Time since last: 1000109682 ns, Reaching safepoint: 8002 ns, Cleanup: 57056 ns, At safepoint: 2254 ns, Total: 67312 ns
[2025-08-19T13:39:32.559+0000][1692007][info ][gc,start    ] GC(29) Pause Young (Normal) (G1 Evacuation Pause)
[2025-08-19T13:39:32.559+0000][1692007][info ][gc,task     ] GC(29) Using 1 workers of 1 for evacuation
[2025-08-19T13:39:32.559+0000][1692007][debug][gc,age      ] GC(29) Desired survivor size 8388608 bytes, new threshold 1 (max threshold 15)
[2025-08-19T13:39:32.672+0000][1692007][info ][gc,phases   ] GC(29)   Pre Evacuate Collection Set: 0.1ms
[2025-08-19T13:39:32.672+0000][1692007][info ][gc,phases   ] GC(29)   Merge Heap Roots: 0.0ms
[2025-08-19T13:39:32.672+0000][1692007][info ][gc,phases   ] GC(29)   Evacuate Collection Set: 111.9ms
[2025-08-19T13:39:32.672+0000][1692007][info ][gc,phases   ] GC(29)   Post Evacuate Collection Set: 0.8ms
[2025-08-19T13:39:32.672+0000][1692007][info ][gc,phases   ] GC(29)   Other: 0.0ms
[2025-08-19T13:39:32.672+0000][1692007][trace][gc,age      ] GC(29) Age table with threshold 1 (max threshold 15)
[2025-08-19T13:39:32.672+0000][1692007][trace][gc,age      ] GC(29) - age   1:   10552104 bytes,   10552104 total
[2025-08-19T13:39:32.672+0000][1692007][info ][gc,heap     ] GC(29) Eden regions: 23->0(40)
[2025-08-19T13:39:32.672+0000][1692007][info ][gc,heap     ] GC(29) Survivor regions: 5->3(4)
[2025-08-19T13:39:32.672+0000][1692007][info ][gc,heap     ] GC(29) Old regions: 29->33
[2025-08-19T13:39:32.672+0000][1692007][info ][gc,heap     ] GC(29) Humongous regions: 0->0
[2025-08-19T13:39:32.672+0000][1692007][info ][gc,metaspace] GC(29) Metaspace: 141851K(145600K)->141851K(145600K) NonClass: 122584K(124544K)->122584K(124544K) Class: 19266K(21056K)->19266K(21056K)
[2025-08-19T13:39:32.672+0000][1692007][info ][gc          ] GC(29) Pause Young (Normal) (G1 Evacuation Pause) 226M->142M(512M) 113.051ms
[2025-08-19T13:39:32.672+0000][1692007][info ][gc,cpu      ] GC(29) User=0.01s Sys=0.02s Real=0.11s
[2025-08-19T13:39:32.672+0000][1692007][info ][safepoint   ] Safepoint "G1CollectForAllocation", Time since last: 4904371620 ns, Reaching safepoint: 4777 ns, Cleanup: 41703 ns, At safepoint: 113099717 ns, Total: 113146197 ns
[2025-08-19T13:39:33.672+0000][1692007][info ][safepoint   ] Safepoint "Cleanup", Time since last: 1000585721 ns, Reaching safepoint: 10866 ns, Cleanup: 35915 ns, At safepoint: 2283 ns, Total: 49064 ns
[2025-08-19T13:39:34.672+0000][1692007][info ][safepoint   ] Safepoint "Cleanup", Time since last: 1000120048 ns, Reaching safepoint: 5589 ns, Cleanup: 16725 ns, At safepoint: 1833 ns, Total: 24147 ns
[2025-08-19T13:39:35.745+0000][1692007][info ][safepoint   ] Safepoint "Cleanup", Time since last: 1069694513 ns, Reaching safepoint: 3146171 ns, Cleanup: 29915 ns, At safepoint: 4657 ns, Total: 3180743 ns
[2025-08-19T13:39:35.885+0000][1692007][info ][gc,start    ] GC(30) Pause Young (Normal) (G1 Evacuation Pause)
[2025-08-19T13:39:35.885+0000][1692007][info ][gc,task     ] GC(30) Using 1 workers of 1 for evacuation
[2025-08-19T13:39:35.885+0000][1692007][debug][gc,age      ] GC(30) Desired survivor size 14680064 bytes, new threshold 15 (max threshold 15)
[2025-08-19T13:39:35.926+0000][1692007][info ][gc,phases   ] GC(30)   Pre Evacuate Collection Set: 0.3ms
[2025-08-19T13:39:35.926+0000][1692007][info ][gc,phases   ] GC(30)   Merge Heap Roots: 0.0ms
[2025-08-19T13:39:35.926+0000][1692007][info ][gc,phases   ] GC(30)   Evacuate Collection Set: 39.8ms
[2025-08-19T13:39:35.926+0000][1692007][info ][gc,phases   ] GC(30)   Post Evacuate Collection Set: 1.0ms
[2025-08-19T13:39:35.926+0000][1692007][info ][gc,phases   ] GC(30)   Other: 0.0ms
[2025-08-19T13:39:35.926+0000][1692007][trace][gc,age      ] GC(30) Age table with threshold 15 (max threshold 15)
[2025-08-19T13:39:35.926+0000][1692007][trace][gc,age      ] GC(30) - age   1:    8596840 bytes,    8596840 total
[2025-08-19T13:39:35.926+0000][1692007][trace][gc,age      ] GC(30) - age   2:     482296 bytes,    9079136 total
[2025-08-19T13:39:35.926+0000][1692007][info ][gc,heap     ] GC(30) Eden regions: 46->0(61)
[2025-08-19T13:39:35.926+0000][1692007][info ][gc,heap     ] GC(30) Survivor regions: 3->3(7)
[2025-08-19T13:39:35.926+0000][1692007][info ][gc,heap     ] GC(30) Old regions: 33->33
[2025-08-19T13:39:35.926+0000][1692007][info ][gc,heap     ] GC(30) Humongous regions: 0->0
[2025-08-19T13:39:35.926+0000][1692007][info ][gc,metaspace] GC(30) Metaspace: 141920K(145728K)->141920K(145728K) NonClass: 122653K(124672K)->122653K(124672K) Class: 19266K(21056K)->19266K(21056K)
[2025-08-19T13:39:35.927+0000][1692007][info ][gc          ] GC(30) Pause Young (Normal) (G1 Evacuation Pause) 326M->140M(512M) 41.462ms
[2025-08-19T13:39:35.927+0000][1692007][info ][gc,cpu      ] GC(30) User=0.01s Sys=0.01s Real=0.05s
[2025-08-19T13:39:35.927+0000][1692007][info ][safepoint   ] Safepoint "G1CollectForAllocation", Time since last: 139620062 ns, Reaching safepoint: 5288 ns, Cleanup: 8963 ns, At safepoint: 41913168 ns, Total: 41927419 ns
[2025-08-19T13:39:36.927+0000][1692007][info ][safepoint   ] Safepoint "Cleanup", Time since last: 1000177926 ns, Reaching safepoint: 32549 ns, Cleanup: 23085 ns, At safepoint: 1892 ns, Total: 57526 ns
[2025-08-19T13:39:37.927+0000][1692007][info ][safepoint   ] Safepoint "Cleanup", Time since last: 1000091255 ns, Reaching safepoint: 6160 ns, Cleanup: 16474 ns, At safepoint: 2114 ns, Total: 24748 ns
[2025-08-19T13:39:38.928+0000][1692007][info ][safepoint   ] Safepoint "Cleanup", Time since last: 1000328092 ns, Reaching safepoint: 6500 ns, Cleanup: 11618 ns, At safepoint: 2083 ns, Total: 20201 ns
[2025-08-19T13:39:39.928+0000][1692007][info ][safepoint   ] Safepoint "Cleanup", Time since last: 1000103773 ns, Reaching safepoint: 13180 ns, Cleanup: 7341 ns, At safepoint: 1673 ns, Total: 22194 ns
[2025-08-19T13:39:58.929+0000][1692007][info ][safepoint   ] Safepoint "Cleanup", Time since last: 19001120295 ns, Reaching safepoint: 6350 ns, Cleanup: 10966 ns, At safepoint: 1983 ns, Total: 19299 ns
[2025-08-19T13:40:02.929+0000][1692007][info ][safepoint   ] Safepoint "Cleanup", Time since last: 4000284528 ns, Reaching safepoint: 6439 ns, Cleanup: 16265 ns, At safepoint: 2323 ns, Total: 25027 ns
[2025-08-19T13:40:10.930+0000][1692007][info ][safepoint   ] Safepoint "Cleanup", Time since last: 8000507914 ns, Reaching safepoint: 29064 ns, Cleanup: 14001 ns, At safepoint: 2003 ns, Total: 45068 ns
[2025-08-19T13:40:11.930+0000][1692007][info ][safepoint   ] Safepoint "Cleanup", Time since last: 1000093218 ns, Reaching safepoint: 6009 ns, Cleanup: 15152 ns, At safepoint: 2134 ns, Total: 23295 ns
[2025-08-19T13:40:12.930+0000][1692007][info ][safepoint   ] Safepoint "Cleanup", Time since last: 1000112777 ns, Reaching safepoint: 6119 ns, Cleanup: 12289 ns, At safepoint: 2303 ns, Total: 20711 ns
[2025-08-19T13:40:20.930+0000][1692007][info ][safepoint   ] Safepoint "Cleanup", Time since last: 8000474664 ns, Reaching safepoint: 6099 ns, Cleanup: 10876 ns, At safepoint: 1953 ns, Total: 18928 ns
[2025-08-19T13:40:21.931+0000][1692007][info ][safepoint   ] Safepoint "Cleanup", Time since last: 1000097374 ns, Reaching safepoint: 6180 ns, Cleanup: 10546 ns, At safepoint: 2043 ns, Total: 18769 ns
[2025-08-19T13:40:29.931+0000][1692007][info ][safepoint   ] Safepoint "Cleanup", Time since last: 8000567022 ns, Reaching safepoint: 6029 ns, Cleanup: 10847 ns, At safepoint: 2183 ns, Total: 19059 ns
[2025-08-19T13:40:32.931+0000][1692007][info ][safepoint   ] Safepoint "Cleanup", Time since last: 3000223228 ns, Reaching safepoint: 6150 ns, Cleanup: 13189 ns, At safepoint: 2013 ns, Total: 21352 ns
[2025-08-19T13:40:49.932+0000][1692007][info ][safepoint   ] Safepoint "Cleanup", Time since last: 17001033621 ns, Reaching safepoint: 34522 ns, Cleanup: 13320 ns, At safepoint: 1893 ns, Total: 49735 ns
[2025-08-19T13:40:56.933+0000][1692007][info ][safepoint   ] Safepoint "Cleanup", Time since last: 7000445603 ns, Reaching safepoint: 6249 ns, Cleanup: 10326 ns, At safepoint: 2193 ns, Total: 18768 ns
[2025-08-19T13:41:04.960+0000][1692007][info ][gc,start    ] GC(31) Pause Young (Normal) (G1 Evacuation Pause)
[2025-08-19T13:41:04.960+0000][1692007][info ][gc,task     ] GC(31) Using 1 workers of 1 for evacuation
[2025-08-19T13:41:04.960+0000][1692007][debug][gc,age      ] GC(31) Desired survivor size 18874368 bytes, new threshold 15 (max threshold 15)
[2025-08-19T13:41:04.965+0000][1692007][info ][gc,phases   ] GC(31)   Pre Evacuate Collection Set: 0.1ms
[2025-08-19T13:41:04.965+0000][1692007][info ][gc,phases   ] GC(31)   Merge Heap Roots: 0.0ms
[2025-08-19T13:41:04.965+0000][1692007][info ][gc,phases   ] GC(31)   Evacuate Collection Set: 3.9ms
[2025-08-19T13:41:04.965+0000][1692007][info ][gc,phases   ] GC(31)   Post Evacuate Collection Set: 1.3ms
[2025-08-19T13:41:04.965+0000][1692007][info ][gc,phases   ] GC(31)   Other: 0.0ms
[2025-08-19T13:41:04.965+0000][1692007][trace][gc,age      ] GC(31) Age table with threshold 15 (max threshold 15)
[2025-08-19T13:41:04.965+0000][1692007][trace][gc,age      ] GC(31) - age   1:      15560 bytes,      15560 total
[2025-08-19T13:41:04.965+0000][1692007][trace][gc,age      ] GC(31) - age   2:       8368 bytes,      23928 total
[2025-08-19T13:41:04.965+0000][1692007][trace][gc,age      ] GC(31) - age   3:     176608 bytes,     200536 total
[2025-08-19T13:41:04.965+0000][1692007][info ][gc,heap     ] GC(31) Eden regions: 67->0(75)
[2025-08-19T13:41:04.965+0000][1692007][info ][gc,heap     ] GC(31) Survivor regions: 3->1(9)
[2025-08-19T13:41:04.965+0000][1692007][info ][gc,heap     ] GC(31) Old regions: 33->33
[2025-08-19T13:41:04.965+0000][1692007][info ][gc,heap     ] GC(31) Humongous regions: 0->0
[2025-08-19T13:41:04.965+0000][1692007][info ][gc,metaspace] GC(31) Metaspace: 141968K(145792K)->141968K(145792K) NonClass: 122701K(124736K)->122701K(124736K) Class: 19266K(21056K)->19266K(21056K)
[2025-08-19T13:41:04.965+0000][1692007][info ][gc          ] GC(31) Pause Young (Normal) (G1 Evacuation Pause) 408M->131M(512M) 5.519ms
[2025-08-19T13:41:04.965+0000][1692007][info ][gc,cpu      ] GC(31) User=0.00s Sys=0.00s Real=0.00s
[2025-08-19T13:41:04.965+0000][1692007][info ][safepoint   ] Safepoint "G1CollectForAllocation", Time since last: 8026559080 ns, Reaching safepoint: 4587 ns, Cleanup: 2654 ns, At safepoint: 5553415 ns, Total: 5560656 ns
[2025-08-19T13:41:06.965+0000][1692007][info ][safepoint   ] Safepoint "Cleanup", Time since last: 2000129129 ns, Reaching safepoint: 5759 ns, Cleanup: 16375 ns, At safepoint: 2133 ns, Total: 24267 ns
[2025-08-19T13:41:24.966+0000][1692007][info ][safepoint   ] Safepoint "Cleanup", Time since last: 18001062662 ns, Reaching safepoint: 28823 ns, Cleanup: 6690 ns, At safepoint: 1703 ns, Total: 37216 ns
[2025-08-19T13:41:26.966+0000][1692007][info ][safepoint   ] Safepoint "Cleanup", Time since last: 2000118964 ns, Reaching safepoint: 5528 ns, Cleanup: 7271 ns, At safepoint: 2113 ns, Total: 14912 ns
[2025-08-19T13:41:46.972+0000][1692007][info ][safepoint   ] Safepoint "Cleanup", Time since last: 20005016075 ns, Reaching safepoint: 65710 ns, Cleanup: 10415 ns, At safepoint: 2064 ns, Total: 78189 ns
[2025-08-19T13:41:54.972+0000][1692007][info ][safepoint   ] Safepoint "Cleanup", Time since last: 8000708456 ns, Reaching safepoint: 6079 ns, Cleanup: 10095 ns, At safepoint: 1963 ns, Total: 18137 ns
[2025-08-19T13:42:05.973+0000][1692007][info ][safepoint   ] Safepoint "Cleanup", Time since last: 11000672203 ns, Reaching safepoint: 5197 ns, Cleanup: 8503 ns, At safepoint: 1963 ns, Total: 15663 ns
[2025-08-19T13:42:20.974+0000][1692007][info ][safepoint   ] Safepoint "Cleanup", Time since last: 15000872363 ns, Reaching safepoint: 64798 ns, Cleanup: 9675 ns, At safepoint: 2013 ns, Total: 76486 ns
[2025-08-19T13:42:24.974+0000][1692007][info ][safepoint   ] Safepoint "Cleanup", Time since last: 4000279871 ns, Reaching safepoint: 5818 ns, Cleanup: 10987 ns, At safepoint: 1672 ns, Total: 18477 ns
[2025-08-19T13:42:32.975+0000][1692007][info ][safepoint   ] Safepoint "Cleanup", Time since last: 8000446882 ns, Reaching safepoint: 5358 ns, Cleanup: 9895 ns, At safepoint: 1782 ns, Total: 17035 ns
[2025-08-19T13:42:35.975+0000][1692007][info ][safepoint   ] Safepoint "Cleanup", Time since last: 3000204170 ns, Reaching safepoint: 4787 ns, Cleanup: 7301 ns, At safepoint: 1753 ns, Total: 13841 ns
[2025-08-19T13:42:54.976+0000][1692007][info ][safepoint   ] Safepoint "Cleanup", Time since last: 19001213987 ns, Reaching safepoint: 32920 ns, Cleanup: 11277 ns, At safepoint: 2123 ns, Total: 46320 ns
[2025-08-19T13:42:59.980+0000][1692007][info ][safepoint   ] Safepoint "Cleanup", Time since last: 5003650247 ns, Reaching safepoint: 5659 ns, Cleanup: 9814 ns, At safepoint: 2104 ns, Total: 17577 ns
[2025-08-19T13:44:02.985+0000][1692007][info ][safepoint   ] Safepoint "Cleanup", Time since last: 63004953775 ns, Reaching safepoint: 33881 ns, Cleanup: 12930 ns, At safepoint: 2404 ns, Total: 49215 ns
[2025-08-19T13:44:25.986+0000][1692007][info ][safepoint   ] Safepoint "Cleanup", Time since last: 23001435169 ns, Reaching safepoint: 36325 ns, Cleanup: 9895 ns, At safepoint: 2103 ns, Total: 48323 ns
[2025-08-19T13:44:35.987+0000][1692007][info ][safepoint   ] Safepoint "Cleanup", Time since last: 10001110968 ns, Reaching safepoint: 5338 ns, Cleanup: 7832 ns, At safepoint: 1813 ns, Total: 14983 ns
[2025-08-19T13:44:40.988+0000][1692007][info ][safepoint   ] Safepoint "Cleanup", Time since last: 5000468082 ns, Reaching safepoint: 6009 ns, Cleanup: 7832 ns, At safepoint: 2303 ns, Total: 16144 ns
[2025-08-19T13:44:41.988+0000][1692007][info ][safepoint   ] Safepoint "Cleanup", Time since last: 1000102562 ns, Reaching safepoint: 5288 ns, Cleanup: 7962 ns, At safepoint: 2163 ns, Total: 15413 ns
[2025-08-19T13:45:00.990+0000][1692007][info ][safepoint   ] Safepoint "Cleanup", Time since last: 19001512719 ns, Reaching safepoint: 29064 ns, Cleanup: 7070 ns, At safepoint: 1813 ns, Total: 37947 ns
[2025-08-19T13:45:13.000+0000][1692007][info ][safepoint   ] Safepoint "Cleanup", Time since last: 12010848235 ns, Reaching safepoint: 5959 ns, Cleanup: 8944 ns, At safepoint: 1662 ns, Total: 16565 ns
[2025-08-19T13:45:28.001+0000][1692007][info ][safepoint   ] Safepoint "Cleanup", Time since last: 15000935729 ns, Reaching safepoint: 32219 ns, Cleanup: 6870 ns, At safepoint: 1903 ns, Total: 40992 ns
[2025-08-19T13:45:35.002+0000][1692007][info ][safepoint   ] Safepoint "Cleanup", Time since last: 7000446033 ns, Reaching safepoint: 6039 ns, Cleanup: 8453 ns, At safepoint: 1803 ns, Total: 16295 ns
[2025-08-19T13:45:41.002+0000][1692007][info ][safepoint   ] Safepoint "Cleanup", Time since last: 6000401288 ns, Reaching safepoint: 5268 ns, Cleanup: 9084 ns, At safepoint: 1973 ns, Total: 16325 ns
[2025-08-19T13:45:56.003+0000][1692007][info ][safepoint   ] Safepoint "Cleanup", Time since last: 15001135660 ns, Reaching safepoint: 43956 ns, Cleanup: 11337 ns, At safepoint: 4387 ns, Total: 59680 ns
[2025-08-19T13:46:22.006+0000][1692007][info ][safepoint   ] Safepoint "Cleanup", Time since last: 26002082768 ns, Reaching safepoint: 30937 ns, Cleanup: 14271 ns, At safepoint: 4217 ns, Total: 49425 ns
[2025-08-19T13:46:28.006+0000][1692007][info ][safepoint   ] Safepoint "Cleanup", Time since last: 6000395369 ns, Reaching safepoint: 5689 ns, Cleanup: 10205 ns, At safepoint: 2153 ns, Total: 18047 ns
[2025-08-19T13:46:30.006+0000][1692007][info ][safepoint   ] Safepoint "Cleanup", Time since last: 2000169751 ns, Reaching safepoint: 5448 ns, Cleanup: 11377 ns, At safepoint: 1863 ns, Total: 18688 ns
[2025-08-19T13:46:38.007+0000][1692007][info ][safepoint   ] Safepoint "Cleanup", Time since last: 8000489265 ns, Reaching safepoint: 6130 ns, Cleanup: 9644 ns, At safepoint: 2033 ns, Total: 17807 ns
[2025-08-19T13:46:39.007+0000][1692007][info ][safepoint   ] Safepoint "Cleanup", Time since last: 1000108471 ns, Reaching safepoint: 5719 ns, Cleanup: 12048 ns, At safepoint: 2404 ns, Total: 20171 ns
[2025-08-19T13:46:57.008+0000][1692007][info ][safepoint   ] Safepoint "Cleanup", Time since last: 18001091995 ns, Reaching safepoint: 38549 ns, Cleanup: 16745 ns, At safepoint: 1913 ns, Total: 57207 ns
[2025-08-19T13:47:05.009+0000][1692007][info ][safepoint   ] Safepoint "Cleanup", Time since last: 8000472660 ns, Reaching safepoint: 6049 ns, Cleanup: 12229 ns, At safepoint: 2003 ns, Total: 20281 ns
[2025-08-19T13:47:10.009+0000][1692007][info ][safepoint   ] Safepoint "Cleanup", Time since last: 5000338216 ns, Reaching safepoint: 5758 ns, Cleanup: 9875 ns, At safepoint: 2434 ns, Total: 18067 ns
[2025-08-19T13:47:28.011+0000][1692007][info ][safepoint   ] Safepoint "Cleanup", Time since last: 18001940697 ns, Reaching safepoint: 32920 ns, Cleanup: 10356 ns, At safepoint: 1873 ns, Total: 45149 ns
[2025-08-19T13:47:38.024+0000][1692007][info ][safepoint   ] Safepoint "Cleanup", Time since last: 10012640988 ns, Reaching safepoint: 6049 ns, Cleanup: 10506 ns, At safepoint: 2023 ns, Total: 18578 ns
[2025-08-19T13:47:58.025+0000][1692007][info ][safepoint   ] Safepoint "Cleanup", Time since last: 20001215666 ns, Reaching safepoint: 37467 ns, Cleanup: 10356 ns, At safepoint: 1923 ns, Total: 49746 ns
[2025-08-19T13:48:03.025+0000][1692007][info ][safepoint   ] Safepoint "Cleanup", Time since last: 5000330053 ns, Reaching safepoint: 5188 ns, Cleanup: 10446 ns, At safepoint: 2153 ns, Total: 17787 ns
[2025-08-19T13:48:26.027+0000][1692007][info ][safepoint   ] Safepoint "Cleanup", Time since last: 23001358273 ns, Reaching safepoint: 62114 ns, Cleanup: 10145 ns, At safepoint: 1853 ns, Total: 74112 ns
[2025-08-19T13:48:29.027+0000][1692007][info ][safepoint   ] Safepoint "Cleanup", Time since last: 3000226233 ns, Reaching safepoint: 5899 ns, Cleanup: 9855 ns, At safepoint: 1863 ns, Total: 17617 ns
[2025-08-19T13:48:30.027+0000][1692007][info ][safepoint   ] Safepoint "Cleanup", Time since last: 1000124224 ns, Reaching safepoint: 5809 ns, Cleanup: 13160 ns, At safepoint: 2023 ns, Total: 20992 ns
[2025-08-19T13:48:55.029+0000][1692007][info ][safepoint   ] Safepoint "Cleanup", Time since last: 25001543998 ns, Reaching safepoint: 19690 ns, Cleanup: 10305 ns, At safepoint: 4587 ns, Total: 34582 ns
[2025-08-19T13:48:56.029+0000][1692007][info ][safepoint   ] Safepoint "Cleanup", Time since last: 1000092597 ns, Reaching safepoint: 5819 ns, Cleanup: 14151 ns, At safepoint: 2164 ns, Total: 22134 ns
[2025-08-19T13:49:03.030+0000][1692007][info ][safepoint   ] Safepoint "Cleanup", Time since last: 7001756581 ns, Reaching safepoint: 5609 ns, Cleanup: 14051 ns, At safepoint: 1943 ns, Total: 21603 ns
[2025-08-19T13:49:07.031+0000][1692007][info ][safepoint   ] Safepoint "Cleanup", Time since last: 4000350107 ns, Reaching safepoint: 5728 ns, Cleanup: 10096 ns, At safepoint: 2383 ns, Total: 18207 ns
[2025-08-19T13:49:32.033+0000][1692007][info ][safepoint   ] Safepoint "Cleanup", Time since last: 25001899415 ns, Reaching safepoint: 39540 ns, Cleanup: 9524 ns, At safepoint: 1873 ns, Total: 50937 ns
[2025-08-19T13:50:02.038+0000][1692007][info ][safepoint   ] Safepoint "Cleanup", Time since last: 30005506126 ns, Reaching safepoint: 38969 ns, Cleanup: 10506 ns, At safepoint: 2003 ns, Total: 51478 ns
[2025-08-19T13:50:08.039+0000][1692007][info ][safepoint   ] Safepoint "Cleanup", Time since last: 6000428539 ns, Reaching safepoint: 6280 ns, Cleanup: 11697 ns, At safepoint: 2254 ns, Total: 20231 ns
[2025-08-19T13:50:24.040+0000][1692007][info ][safepoint   ] Safepoint "Cleanup", Time since last: 16001111611 ns, Reaching safepoint: 5298 ns, Cleanup: 9885 ns, At safepoint: 1913 ns, Total: 17096 ns
[2025-08-19T13:50:40.041+0000][1692007][info ][safepoint   ] Safepoint "Cleanup", Time since last: 16001166654 ns, Reaching safepoint: 5939 ns, Cleanup: 11298 ns, At safepoint: 2483 ns, Total: 19720 ns
[2025-08-19T13:50:50.044+0000][1692007][info ][safepoint   ] Safepoint "Cleanup", Time since last: 10002676062 ns, Reaching safepoint: 6209 ns, Cleanup: 13070 ns, At safepoint: 2213 ns, Total: 21492 ns
[2025-08-19T13:50:57.044+0000][1692007][info ][safepoint   ] Safepoint "Cleanup", Time since last: 7000621698 ns, Reaching safepoint: 5338 ns, Cleanup: 9665 ns, At safepoint: 2183 ns, Total: 17186 ns
[2025-08-19T13:52:24.051+0000][1692007][info ][safepoint   ] Safepoint "Cleanup", Time since last: 87006096503 ns, Reaching safepoint: 33961 ns, Cleanup: 10496 ns, At safepoint: 2173 ns, Total: 46630 ns
[2025-08-19T13:52:40.052+0000][1692007][info ][safepoint   ] Safepoint "Cleanup", Time since last: 16001091160 ns, Reaching safepoint: 71679 ns, Cleanup: 10225 ns, At safepoint: 4247 ns, Total: 86151 ns
[2025-08-19T13:52:40.504+0000][1692007][info ][gc,start    ] GC(32) Pause Young (Normal) (G1 Evacuation Pause)
[2025-08-19T13:52:40.504+0000][1692007][info ][gc,task     ] GC(32) Using 1 workers of 1 for evacuation
[2025-08-19T13:52:40.504+0000][1692007][debug][gc,age      ] GC(32) Desired survivor size 20971520 bytes, new threshold 15 (max threshold 15)
[2025-08-19T13:52:40.507+0000][1692007][info ][gc,phases   ] GC(32)   Pre Evacuate Collection Set: 0.1ms
[2025-08-19T13:52:40.507+0000][1692007][info ][gc,phases   ] GC(32)   Merge Heap Roots: 0.0ms
[2025-08-19T13:52:40.507+0000][1692007][info ][gc,phases   ] GC(32)   Evacuate Collection Set: 2.3ms
[2025-08-19T13:52:40.507+0000][1692007][info ][gc,phases   ] GC(32)   Post Evacuate Collection Set: 0.8ms
[2025-08-19T13:52:40.507+0000][1692007][info ][gc,phases   ] GC(32)   Other: 0.0ms
[2025-08-19T13:52:40.507+0000][1692007][trace][gc,age      ] GC(32) Age table with threshold 15 (max threshold 15)
[2025-08-19T13:52:40.507+0000][1692007][trace][gc,age      ] GC(32) - age   1:      39664 bytes,      39664 total
[2025-08-19T13:52:40.507+0000][1692007][trace][gc,age      ] GC(32) - age   2:       6592 bytes,      46256 total
[2025-08-19T13:52:40.507+0000][1692007][trace][gc,age      ] GC(32) - age   3:       8368 bytes,      54624 total
[2025-08-19T13:52:40.507+0000][1692007][trace][gc,age      ] GC(32) - age   4:     176608 bytes,     231232 total
[2025-08-19T13:52:40.507+0000][1692007][info ][gc,heap     ] GC(32) Eden regions: 75->0(75)
[2025-08-19T13:52:40.507+0000][1692007][info ][gc,heap     ] GC(32) Survivor regions: 1->1(10)
[2025-08-19T13:52:40.507+0000][1692007][info ][gc,heap     ] GC(32) Old regions: 33->33
[2025-08-19T13:52:40.507+0000][1692007][info ][gc,heap     ] GC(32) Humongous regions: 0->0
[2025-08-19T13:52:40.507+0000][1692007][info ][gc,metaspace] GC(32) Metaspace: 142032K(145856K)->142032K(145856K) NonClass: 122765K(124800K)->122765K(124800K) Class: 19266K(21056K)->19266K(21056K)
[2025-08-19T13:52:40.507+0000][1692007][info ][gc          ] GC(32) Pause Young (Normal) (G1 Evacuation Pause) 431M->130M(512M) 3.354ms
[2025-08-19T13:52:40.507+0000][1692007][info ][gc,cpu      ] GC(32) User=0.01s Sys=0.01s Real=0.01s
[2025-08-19T13:52:40.507+0000][1692007][info ][safepoint   ] Safepoint "G1CollectForAllocation", Time since last: 451984084 ns, Reaching safepoint: 4877 ns, Cleanup: 2754 ns, At safepoint: 3386784 ns, Total: 3394415 ns
[2025-08-19T13:53:50.517+0000][1692007][info ][safepoint   ] Safepoint "Cleanup", Time since last: 70009418101 ns, Reaching safepoint: 34832 ns, Cleanup: 10606 ns, At safepoint: 2504 ns, Total: 47942 ns
[2025-08-19T13:54:23.523+0000][1692007][info ][safepoint   ] Safepoint "Cleanup", Time since last: 33006257151 ns, Reaching safepoint: 61022 ns, Cleanup: 9905 ns, At safepoint: 2303 ns, Total: 73230 ns
[2025-08-19T13:56:33.535+0000][1692007][info ][safepoint   ] Safepoint "Cleanup", Time since last: 130011662715 ns, Reaching safepoint: 36215 ns, Cleanup: 11467 ns, At safepoint: 1993 ns, Total: 49675 ns
[2025-08-19T13:56:36.535+0000][1692007][info ][safepoint   ] Safepoint "Cleanup", Time since last: 3000216176 ns, Reaching safepoint: 35013 ns, Cleanup: 11377 ns, At safepoint: 2053 ns, Total: 48443 ns
[2025-08-19T13:57:23.543+0000][1692007][info ][safepoint   ] Safepoint "Cleanup", Time since last: 47008151771 ns, Reaching safepoint: 40140 ns, Cleanup: 11488 ns, At safepoint: 2403 ns, Total: 54031 ns
[2025-08-19T13:57:58.545+0000][1692007][info ][safepoint   ] Safepoint "Cleanup", Time since last: 35002116922 ns, Reaching safepoint: 20721 ns, Cleanup: 11548 ns, At safepoint: 2363 ns, Total: 34632 ns
[2025-08-19T13:57:59.545+0000][1692007][info ][safepoint   ] Safepoint "Cleanup", Time since last: 1000097123 ns, Reaching safepoint: 6610 ns, Cleanup: 14492 ns, At safepoint: 1953 ns, Total: 23055 ns
[2025-08-19T13:58:03.546+0000][1692007][info ][safepoint   ] Safepoint "Cleanup", Time since last: 4000295462 ns, Reaching safepoint: 41683 ns, Cleanup: 11277 ns, At safepoint: 4527 ns, Total: 57487 ns
[2025-08-19T13:58:08.546+0000][1692007][info ][safepoint   ] Safepoint "Cleanup", Time since last: 5000333456 ns, Reaching safepoint: 335827 ns, Cleanup: 11677 ns, At safepoint: 7051 ns, Total: 354555 ns
[2025-08-19T13:58:32.549+0000][1692007][info ][safepoint   ] Safepoint "Cleanup", Time since last: 24002725960 ns, Reaching safepoint: 33491 ns, Cleanup: 11006 ns, At safepoint: 2554 ns, Total: 47051 ns
[2025-08-19T13:58:33.549+0000][1692007][info ][safepoint   ] Safepoint "Cleanup", Time since last: 1000103453 ns, Reaching safepoint: 38879 ns, Cleanup: 10395 ns, At safepoint: 4948 ns, Total: 54222 ns
[2025-08-19T13:58:34.549+0000][1692007][info ][safepoint   ] Safepoint "Cleanup", Time since last: 1000061449 ns, Reaching safepoint: 6239 ns, Cleanup: 14713 ns, At safepoint: 2393 ns, Total: 23345 ns
[2025-08-19T13:58:36.550+0000][1692007][info ][safepoint   ] Safepoint "Cleanup", Time since last: 2000167065 ns, Reaching safepoint: 6540 ns, Cleanup: 12369 ns, At safepoint: 2113 ns, Total: 21022 ns
[2025-08-19T13:58:38.550+0000][1692007][info ][safepoint   ] Safepoint "Cleanup", Time since last: 2000170410 ns, Reaching safepoint: 37747 ns, Cleanup: 11888 ns, At safepoint: 4297 ns, Total: 53932 ns
[2025-08-19T13:58:46.550+0000][1692007][info ][safepoint   ] Safepoint "Cleanup", Time since last: 8000520086 ns, Reaching safepoint: 42985 ns, Cleanup: 10937 ns, At safepoint: 2193 ns, Total: 56115 ns
[2025-08-19T13:58:47.551+0000][1692007][info ][safepoint   ] Safepoint "Cleanup", Time since last: 1000104184 ns, Reaching safepoint: 6139 ns, Cleanup: 11698 ns, At safepoint: 2053 ns, Total: 19890 ns
[2025-08-19T13:58:56.551+0000][1692007][info ][safepoint   ] Safepoint "Cleanup", Time since last: 9000584841 ns, Reaching safepoint: 33140 ns, Cleanup: 15033 ns, At safepoint: 2393 ns, Total: 50566 ns
[2025-08-19T13:59:36.554+0000][1692007][info ][safepoint   ] Safepoint "Cleanup", Time since last: 40002398739 ns, Reaching safepoint: 6580 ns, Cleanup: 11357 ns, At safepoint: 1953 ns, Total: 19890 ns
[2025-08-19T13:59:37.554+0000][1692007][info ][safepoint   ] Safepoint "Cleanup", Time since last: 1000102231 ns, Reaching safepoint: 6129 ns, Cleanup: 11417 ns, At safepoint: 2053 ns, Total: 19599 ns
[2025-08-19T14:00:06.555+0000][1692007][info ][safepoint   ] Safepoint "Cleanup", Time since last: 29001685201 ns, Reaching safepoint: 66180 ns, Cleanup: 13761 ns, At safepoint: 2584 ns, Total: 82525 ns
[2025-08-19T14:00:39.558+0000][1692007][info ][safepoint   ] Safepoint "Cleanup", Time since last: 33002018920 ns, Reaching safepoint: 32589 ns, Cleanup: 11007 ns, At safepoint: 2053 ns, Total: 45649 ns
[2025-08-19T14:01:00.561+0000][1692007][info ][safepoint   ] Safepoint "Cleanup", Time since last: 21003726582 ns, Reaching safepoint: 40331 ns, Cleanup: 11177 ns, At safepoint: 2223 ns, Total: 53731 ns
[2025-08-19T14:01:03.562+0000][1692007][info ][safepoint   ] Safepoint "Cleanup", Time since last: 3000493655 ns, Reaching safepoint: 61653 ns, Cleanup: 11007 ns, At safepoint: 1993 ns, Total: 74653 ns
[2025-08-19T14:01:20.565+0000][1692007][info ][safepoint   ] Safepoint "Cleanup", Time since last: 17003023543 ns, Reaching safepoint: 31868 ns, Cleanup: 11227 ns, At safepoint: 4547 ns, Total: 47642 ns
[2025-08-19T14:01:28.566+0000][1692007][info ][safepoint   ] Safepoint "Cleanup", Time since last: 8001495079 ns, Reaching safepoint: 35474 ns, Cleanup: 10946 ns, At safepoint: 4547 ns, Total: 50967 ns
[2025-08-19T14:01:55.582+0000][1692007][info ][safepoint   ] Safepoint "Cleanup", Time since last: 27003938901 ns, Reaching safepoint: 11689481 ns, Cleanup: 71719 ns, At safepoint: 5007 ns, Total: 11766207 ns
[2025-08-19T14:01:56.583+0000][1692007][info ][safepoint   ] Safepoint "Cleanup", Time since last: 1000090844 ns, Reaching safepoint: 381005 ns, Cleanup: 180603 ns, At safepoint: 2674 ns, Total: 564282 ns
[2025-08-19T14:01:57.583+0000][1692007][info ][safepoint   ] Safepoint "Cleanup", Time since last: 1000088179 ns, Reaching safepoint: 392473 ns, Cleanup: 101353 ns, At safepoint: 2574 ns, Total: 496400 ns
[2025-08-19T14:01:57.733+0000][1692007][info ][gc,start    ] GC(33) Pause Young (Normal) (G1 Evacuation Pause)
[2025-08-19T14:01:57.733+0000][1692007][info ][gc,task     ] GC(33) Using 1 workers of 1 for evacuation
[2025-08-19T14:01:57.733+0000][1692007][debug][gc,age      ] GC(33) Desired survivor size 20971520 bytes, new threshold 15 (max threshold 15)
[2025-08-19T14:01:57.746+0000][1692007][info ][gc,phases   ] GC(33)   Pre Evacuate Collection Set: 0.2ms
[2025-08-19T14:01:57.746+0000][1692007][info ][gc,phases   ] GC(33)   Merge Heap Roots: 0.1ms
[2025-08-19T14:01:57.746+0000][1692007][info ][gc,phases   ] GC(33)   Evacuate Collection Set: 11.6ms
[2025-08-19T14:01:57.746+0000][1692007][info ][gc,phases   ] GC(33)   Post Evacuate Collection Set: 1.0ms
[2025-08-19T14:01:57.746+0000][1692007][info ][gc,phases   ] GC(33)   Other: 0.0ms
[2025-08-19T14:01:57.746+0000][1692007][trace][gc,age      ] GC(33) Age table with threshold 15 (max threshold 15)
[2025-08-19T14:01:57.746+0000][1692007][trace][gc,age      ] GC(33) - age   1:    5791552 bytes,    5791552 total
[2025-08-19T14:01:57.746+0000][1692007][trace][gc,age      ] GC(33) - age   2:      29200 bytes,    5820752 total
[2025-08-19T14:01:57.746+0000][1692007][trace][gc,age      ] GC(33) - age   3:       6512 bytes,    5827264 total
[2025-08-19T14:01:57.746+0000][1692007][trace][gc,age      ] GC(33) - age   4:       8144 bytes,    5835408 total
[2025-08-19T14:01:57.746+0000][1692007][trace][gc,age      ] GC(33) - age   5:     176440 bytes,    6011848 total
[2025-08-19T14:01:57.746+0000][1692007][info ][gc,heap     ] GC(33) Eden regions: 75->0(74)
[2025-08-19T14:01:57.746+0000][1692007][info ][gc,heap     ] GC(33) Survivor regions: 1->2(10)
[2025-08-19T14:01:57.746+0000][1692007][info ][gc,heap     ] GC(33) Old regions: 33->33
[2025-08-19T14:01:57.746+0000][1692007][info ][gc,heap     ] GC(33) Humongous regions: 0->0
[2025-08-19T14:01:57.746+0000][1692007][info ][gc,metaspace] GC(33) Metaspace: 142553K(146304K)->142553K(146304K) NonClass: 123254K(125248K)->123254K(125248K) Class: 19299K(21056K)->19299K(21056K)
[2025-08-19T14:01:57.746+0000][1692007][info ][gc          ] GC(33) Pause Young (Normal) (G1 Evacuation Pause) 430M->135M(512M) 12.990ms
[2025-08-19T14:01:57.746+0000][1692007][info ][gc,cpu      ] GC(33) User=0.01s Sys=0.00s Real=0.02s
[2025-08-19T14:01:57.746+0000][1692007][info ][safepoint   ] Safepoint "G1CollectForAllocation", Time since last: 149502939 ns, Reaching safepoint: 4667 ns, Cleanup: 16365 ns, At safepoint: 13029274 ns, Total: 13050306 ns
[2025-08-19T14:01:58.218+0000][1692007][info ][gc,start    ] GC(34) Pause Young (Normal) (G1 Evacuation Pause)
[2025-08-19T14:01:58.218+0000][1692007][info ][gc,task     ] GC(34) Using 1 workers of 1 for evacuation
[2025-08-19T14:01:58.218+0000][1692007][debug][gc,age      ] GC(34) Desired survivor size 20971520 bytes, new threshold 15 (max threshold 15)
[2025-08-19T14:01:58.231+0000][1692007][info ][gc,phases   ] GC(34)   Pre Evacuate Collection Set: 0.1ms
[2025-08-19T14:01:58.231+0000][1692007][info ][gc,phases   ] GC(34)   Merge Heap Roots: 0.0ms
[2025-08-19T14:01:58.231+0000][1692007][info ][gc,phases   ] GC(34)   Evacuate Collection Set: 11.7ms
[2025-08-19T14:01:58.231+0000][1692007][info ][gc,phases   ] GC(34)   Post Evacuate Collection Set: 0.9ms
[2025-08-19T14:01:58.231+0000][1692007][info ][gc,phases   ] GC(34)   Other: 0.0ms
[2025-08-19T14:01:58.231+0000][1692007][trace][gc,age      ] GC(34) Age table with threshold 15 (max threshold 15)
[2025-08-19T14:01:58.231+0000][1692007][trace][gc,age      ] GC(34) - age   1:    5427160 bytes,    5427160 total
[2025-08-19T14:01:58.231+0000][1692007][trace][gc,age      ] GC(34) - age   2:    5776856 bytes,   11204016 total
[2025-08-19T14:01:58.231+0000][1692007][trace][gc,age      ] GC(34) - age   3:      29200 bytes,   11233216 total
[2025-08-19T14:01:58.231+0000][1692007][trace][gc,age      ] GC(34) - age   4:       6512 bytes,   11239728 total
[2025-08-19T14:01:58.231+0000][1692007][trace][gc,age      ] GC(34) - age   5:       8144 bytes,   11247872 total
[2025-08-19T14:01:58.231+0000][1692007][trace][gc,age      ] GC(34) - age   6:     176408 bytes,   11424280 total
[2025-08-19T14:01:58.231+0000][1692007][info ][gc,heap     ] GC(34) Eden regions: 74->0(73)
[2025-08-19T14:01:58.231+0000][1692007][info ][gc,heap     ] GC(34) Survivor regions: 2->3(10)
[2025-08-19T14:01:58.231+0000][1692007][info ][gc,heap     ] GC(34) Old regions: 33->33
[2025-08-19T14:01:58.231+0000][1692007][info ][gc,heap     ] GC(34) Humongous regions: 0->0
[2025-08-19T14:01:58.231+0000][1692007][info ][gc,metaspace] GC(34) Metaspace: 142705K(146496K)->142705K(146496K) NonClass: 123384K(125376K)->123384K(125376K) Class: 19320K(21120K)->19320K(21120K)
[2025-08-19T14:01:58.231+0000][1692007][info ][gc          ] GC(34) Pause Young (Normal) (G1 Evacuation Pause) 431M->141M(512M) 12.910ms
[2025-08-19T14:01:58.231+0000][1692007][info ][gc,cpu      ] GC(34) User=0.01s Sys=0.00s Real=0.01s
[2025-08-19T14:01:58.231+0000][1692007][info ][safepoint   ] Safepoint "G1CollectForAllocation", Time since last: 471853317 ns, Reaching safepoint: 98198 ns, Cleanup: 51468 ns, At safepoint: 13301885 ns, Total: 13451551 ns
[2025-08-19T14:01:59.286+0000][1692007][info ][safepoint   ] Safepoint "ICBufferFull", Time since last: 1054687645 ns, Reaching safepoint: 5238 ns, Cleanup: 111268 ns, At safepoint: 1121 ns, Total: 117627 ns
[2025-08-19T14:02:00.887+0000][1692007][info ][safepoint   ] Safepoint "Cleanup", Time since last: 1601050982 ns, Reaching safepoint: 4587 ns, Cleanup: 71137 ns, At safepoint: 1813 ns, Total: 77537 ns
[2025-08-19T14:02:01.910+0000][1692007][info ][safepoint   ] Safepoint "Cleanup", Time since last: 1000090563 ns, Reaching safepoint: 23100411 ns, Cleanup: 12139 ns, At safepoint: 3485 ns, Total: 23116035 ns
[2025-08-19T14:02:02.911+0000][1692007][info ][safepoint   ] Safepoint "Cleanup", Time since last: 1000218306 ns, Reaching safepoint: 70276 ns, Cleanup: 29335 ns, At safepoint: 2403 ns, Total: 102014 ns
[2025-08-19T14:02:03.912+0000][1692007][info ][safepoint   ] Safepoint "Cleanup", Time since last: 1000090854 ns, Reaching safepoint: 650592 ns, Cleanup: 26681 ns, At safepoint: 2984 ns, Total: 680257 ns
[2025-08-19T14:02:04.912+0000][1692007][info ][safepoint   ] Safepoint "Cleanup", Time since last: 1000093738 ns, Reaching safepoint: 71458 ns, Cleanup: 11227 ns, At safepoint: 2794 ns, Total: 85479 ns
[2025-08-19T14:02:05.912+0000][1692007][info ][safepoint   ] Safepoint "Cleanup", Time since last: 1000095140 ns, Reaching safepoint: 69766 ns, Cleanup: 28963 ns, At safepoint: 2334 ns, Total: 101063 ns
[2025-08-19T14:02:06.913+0000][1692007][info ][safepoint   ] Safepoint "Cleanup", Time since last: 1000092216 ns, Reaching safepoint: 1065508 ns, Cleanup: 8984 ns, At safepoint: 2964 ns, Total: 1077456 ns
[2025-08-19T14:02:07.389+0000][1692007][info ][gc,start    ] GC(35) Pause Young (Normal) (G1 Evacuation Pause)
[2025-08-19T14:02:07.389+0000][1692007][info ][gc,task     ] GC(35) Using 1 workers of 1 for evacuation
[2025-08-19T14:02:07.389+0000][1692007][debug][gc,age      ] GC(35) Desired survivor size 20971520 bytes, new threshold 15 (max threshold 15)
[2025-08-19T14:02:07.402+0000][1692007][info ][gc,phases   ] GC(35)   Pre Evacuate Collection Set: 0.1ms
[2025-08-19T14:02:07.402+0000][1692007][info ][gc,phases   ] GC(35)   Merge Heap Roots: 0.0ms
[2025-08-19T14:02:07.402+0000][1692007][info ][gc,phases   ] GC(35)   Evacuate Collection Set: 12.2ms
[2025-08-19T14:02:07.402+0000][1692007][info ][gc,phases   ] GC(35)   Post Evacuate Collection Set: 0.9ms
[2025-08-19T14:02:07.402+0000][1692007][info ][gc,phases   ] GC(35)   Other: 0.0ms
[2025-08-19T14:02:07.402+0000][1692007][trace][gc,age      ] GC(35) Age table with threshold 15 (max threshold 15)
[2025-08-19T14:02:07.402+0000][1692007][trace][gc,age      ] GC(35) - age   1:    5490136 bytes,    5490136 total
[2025-08-19T14:02:07.402+0000][1692007][trace][gc,age      ] GC(35) - age   2:    5419872 bytes,   10910008 total
[2025-08-19T14:02:07.402+0000][1692007][trace][gc,age      ] GC(35) - age   3:    5771712 bytes,   16681720 total
[2025-08-19T14:02:07.402+0000][1692007][trace][gc,age      ] GC(35) - age   4:      28832 bytes,   16710552 total
[2025-08-19T14:02:07.402+0000][1692007][trace][gc,age      ] GC(35) - age   5:       6512 bytes,   16717064 total
[2025-08-19T14:02:07.402+0000][1692007][trace][gc,age      ] GC(35) - age   6:       8144 bytes,   16725208 total
[2025-08-19T14:02:07.402+0000][1692007][trace][gc,age      ] GC(35) - age   7:     176408 bytes,   16901616 total
[2025-08-19T14:02:07.402+0000][1692007][info ][gc,heap     ] GC(35) Eden regions: 73->0(71)
[2025-08-19T14:02:07.402+0000][1692007][info ][gc,heap     ] GC(35) Survivor regions: 3->5(10)
[2025-08-19T14:02:07.402+0000][1692007][info ][gc,heap     ] GC(35) Old regions: 33->33
[2025-08-19T14:02:07.402+0000][1692007][info ][gc,heap     ] GC(35) Humongous regions: 0->0
[2025-08-19T14:02:07.402+0000][1692007][info ][gc,metaspace] GC(35) Metaspace: 143531K(147392K)->143531K(147392K) NonClass: 124094K(126144K)->124094K(126144K) Class: 19436K(21248K)->19436K(21248K)
[2025-08-19T14:02:07.402+0000][1692007][info ][gc          ] GC(35) Pause Young (Normal) (G1 Evacuation Pause) 433M->148M(512M) 13.452ms
[2025-08-19T14:02:07.402+0000][1692007][info ][gc,cpu      ] GC(35) User=0.01s Sys=0.00s Real=0.01s
[2025-08-19T14:02:07.402+0000][1692007][info ][safepoint   ] Safepoint "G1CollectForAllocation", Time since last: 472649509 ns, Reaching safepoint: 4668 ns, Cleanup: 11587 ns, At safepoint: 16378471 ns, Total: 16394726 ns
[2025-08-19T14:02:08.402+0000][1692007][info ][safepoint   ] Safepoint "Cleanup", Time since last: 1000074269 ns, Reaching safepoint: 86200 ns, Cleanup: 38949 ns, At safepoint: 5348 ns, Total: 130497 ns
[2025-08-19T14:02:09.403+0000][1692007][info ][safepoint   ] Safepoint "Cleanup", Time since last: 1000059677 ns, Reaching safepoint: 390169 ns, Cleanup: 38057 ns, At safepoint: 2594 ns, Total: 430820 ns
[2025-08-19T14:02:10.403+0000][1692007][info ][safepoint   ] Safepoint "Cleanup", Time since last: 1000096262 ns, Reaching safepoint: 71087 ns, Cleanup: 12189 ns, At safepoint: 3475 ns, Total: 86751 ns
[2025-08-19T14:02:11.403+0000][1692007][info ][safepoint   ] Safepoint "Cleanup", Time since last: 1000103212 ns, Reaching safepoint: 71979 ns, Cleanup: 18828 ns, At safepoint: 2935 ns, Total: 93742 ns
[2025-08-19T14:02:12.403+0000][1692007][info ][safepoint   ] Safepoint "Cleanup", Time since last: 1000105876 ns, Reaching safepoint: 69385 ns, Cleanup: 11707 ns, At safepoint: 2825 ns, Total: 83917 ns
[2025-08-19T14:02:13.404+0000][1692007][info ][safepoint   ] Safepoint "Cleanup", Time since last: 1000099096 ns, Reaching safepoint: 5328 ns, Cleanup: 28413 ns, At safepoint: 2644 ns, Total: 36385 ns
[2025-08-19T14:02:14.404+0000][1692007][info ][safepoint   ] Safepoint "Cleanup", Time since last: 1000095520 ns, Reaching safepoint: 20201 ns, Cleanup: 11037 ns, At safepoint: 2203 ns, Total: 33441 ns
[2025-08-19T14:02:15.404+0000][1692007][info ][safepoint   ] Safepoint "Cleanup", Time since last: 1000089932 ns, Reaching safepoint: 5058 ns, Cleanup: 5538 ns, At safepoint: 1963 ns, Total: 12559 ns
[2025-08-19T14:02:16.404+0000][1692007][info ][safepoint   ] Safepoint "Cleanup", Time since last: 1000096222 ns, Reaching safepoint: 5188 ns, Cleanup: 8202 ns, At safepoint: 1763 ns, Total: 15153 ns
[2025-08-19T14:02:18.410+0000][1692007][info ][safepoint   ] Safepoint "Cleanup", Time since last: 2000159213 ns, Reaching safepoint: 6295606 ns, Cleanup: 15424 ns, At safepoint: 3064 ns, Total: 6314094 ns
[2025-08-19T14:02:18.816+0000][1692007][info ][gc,start    ] GC(36) Pause Young (Normal) (G1 Evacuation Pause)
[2025-08-19T14:02:18.816+0000][1692007][info ][gc,task     ] GC(36) Using 1 workers of 1 for evacuation
[2025-08-19T14:02:18.816+0000][1692007][debug][gc,age      ] GC(36) Desired survivor size 20971520 bytes, new threshold 15 (max threshold 15)
[2025-08-19T14:02:18.877+0000][1692007][info ][gc,phases   ] GC(36)   Pre Evacuate Collection Set: 0.1ms
[2025-08-19T14:02:18.877+0000][1692007][info ][gc,phases   ] GC(36)   Merge Heap Roots: 0.0ms
[2025-08-19T14:02:18.877+0000][1692007][info ][gc,phases   ] GC(36)   Evacuate Collection Set: 58.7ms
[2025-08-19T14:02:18.877+0000][1692007][info ][gc,phases   ] GC(36)   Post Evacuate Collection Set: 1.9ms
[2025-08-19T14:02:18.877+0000][1692007][info ][gc,phases   ] GC(36)   Other: 0.0ms
[2025-08-19T14:02:18.877+0000][1692007][trace][gc,age      ] GC(36) Age table with threshold 15 (max threshold 15)
[2025-08-19T14:02:18.877+0000][1692007][trace][gc,age      ] GC(36) - age   1:   24152936 bytes,   24152936 total
[2025-08-19T14:02:18.877+0000][1692007][trace][gc,age      ] GC(36) - age   2:     233640 bytes,   24386576 total
[2025-08-19T14:02:18.877+0000][1692007][trace][gc,age      ] GC(36) - age   3:      77328 bytes,   24463904 total
[2025-08-19T14:02:18.877+0000][1692007][trace][gc,age      ] GC(36) - age   4:    5770664 bytes,   30234568 total
[2025-08-19T14:02:18.877+0000][1692007][trace][gc,age      ] GC(36) - age   5:      28648 bytes,   30263216 total
[2025-08-19T14:02:18.877+0000][1692007][trace][gc,age      ] GC(36) - age   6:       6512 bytes,   30269728 total
[2025-08-19T14:02:18.877+0000][1692007][trace][gc,age      ] GC(36) - age   7:       8144 bytes,   30277872 total
[2025-08-19T14:02:18.877+0000][1692007][trace][gc,age      ] GC(36) - age   8:     176408 bytes,   30454280 total
[2025-08-19T14:02:18.877+0000][1692007][info ][gc,heap     ] GC(36) Eden regions: 71->0(65)
[2025-08-19T14:02:18.877+0000][1692007][info ][gc,heap     ] GC(36) Survivor regions: 5->8(10)
[2025-08-19T14:02:18.877+0000][1692007][info ][gc,heap     ] GC(36) Old regions: 33->33
[2025-08-19T14:02:18.877+0000][1692007][info ][gc,heap     ] GC(36) Humongous regions: 0->0
[2025-08-19T14:02:18.877+0000][1692007][info ][gc,metaspace] GC(36) Metaspace: 143635K(147520K)->143635K(147520K) NonClass: 124196K(126272K)->124196K(126272K) Class: 19439K(21248K)->19439K(21248K)
[2025-08-19T14:02:18.877+0000][1692007][info ][gc          ] GC(36) Pause Young (Normal) (G1 Evacuation Pause) 431M->160M(512M) 61.032ms
[2025-08-19T14:02:18.877+0000][1692007][info ][gc,cpu      ] GC(36) User=0.01s Sys=0.02s Real=0.06s
[2025-08-19T14:02:18.877+0000][1692007][info ][safepoint   ] Safepoint "G1CollectForAllocation", Time since last: 405768860 ns, Reaching safepoint: 32038 ns, Cleanup: 9655 ns, At safepoint: 61356498 ns, Total: 61398191 ns
[2025-08-19T14:02:19.878+0000][1692007][info ][safepoint   ] Safepoint "Cleanup", Time since last: 1000079496 ns, Reaching safepoint: 6861 ns, Cleanup: 55844 ns, At safepoint: 2534 ns, Total: 65239 ns
[2025-08-19T14:02:22.878+0000][1692007][info ][safepoint   ] Safepoint "Cleanup", Time since last: 3000259251 ns, Reaching safepoint: 5989 ns, Cleanup: 20320 ns, At safepoint: 2133 ns, Total: 28442 ns
[2025-08-19T14:02:24.878+0000][1692007][info ][safepoint   ] Safepoint "Cleanup", Time since last: 2000160285 ns, Reaching safepoint: 33912 ns, Cleanup: 10996 ns, At safepoint: 2103 ns, Total: 47011 ns
[2025-08-19T14:02:32.879+0000][1692007][info ][safepoint   ] Safepoint "Cleanup", Time since last: 8000468179 ns, Reaching safepoint: 35664 ns, Cleanup: 14511 ns, At safepoint: 4597 ns, Total: 54772 ns
[2025-08-19T14:02:38.241+0000][1692007][info ][safepoint   ] Safepoint "Cleanup", Time since last: 5362077819 ns, Reaching safepoint: 5588 ns, Cleanup: 10937 ns, At safepoint: 1983 ns, Total: 18508 ns
[2025-08-19T14:02:40.241+0000][1692007][info ][safepoint   ] Safepoint "Cleanup", Time since last: 2000164090 ns, Reaching safepoint: 311631 ns, Cleanup: 11016 ns, At safepoint: 2033 ns, Total: 324680 ns
[2025-08-19T14:02:54.242+0000][1692007][info ][safepoint   ] Safepoint "Cleanup", Time since last: 14000841781 ns, Reaching safepoint: 42625 ns, Cleanup: 13310 ns, At safepoint: 1712 ns, Total: 57647 ns
[2025-08-19T14:03:10.243+0000][1692007][info ][safepoint   ] Safepoint "Cleanup", Time since last: 16001083259 ns, Reaching safepoint: 35594 ns, Cleanup: 11747 ns, At safepoint: 4347 ns, Total: 51688 ns
[2025-08-19T14:03:12.244+0000][1692007][info ][safepoint   ] Safepoint "Cleanup", Time since last: 2000323321 ns, Reaching safepoint: 6440 ns, Cleanup: 10626 ns, At safepoint: 1973 ns, Total: 19039 ns
[2025-08-19T14:03:20.244+0000][1692007][info ][safepoint   ] Safepoint "Cleanup", Time since last: 8000597443 ns, Reaching safepoint: 32780 ns, Cleanup: 11938 ns, At safepoint: 4827 ns, Total: 49545 ns
[2025-08-19T14:03:29.245+0000][1692007][info ][safepoint   ] Safepoint "Cleanup", Time since last: 9000560684 ns, Reaching safepoint: 23005 ns, Cleanup: 12389 ns, At safepoint: 1953 ns, Total: 37347 ns
[2025-08-19T14:03:36.245+0000][1692007][info ][safepoint   ] Safepoint "Cleanup", Time since last: 7000440430 ns, Reaching safepoint: 40100 ns, Cleanup: 10687 ns, At safepoint: 7020 ns, Total: 57807 ns
[2025-08-19T14:04:03.247+0000][1692007][info ][safepoint   ] Safepoint "Cleanup", Time since last: 27001889617 ns, Reaching safepoint: 39369 ns, Cleanup: 11788 ns, At safepoint: 1993 ns, Total: 53150 ns
[2025-08-19T14:06:00.255+0000][1692007][info ][safepoint   ] Safepoint "Cleanup", Time since last: 117007291361 ns, Reaching safepoint: 37807 ns, Cleanup: 10696 ns, At safepoint: 2154 ns, Total: 50657 ns
[2025-08-19T14:06:01.255+0000][1692007][info ][safepoint   ] Safepoint "Cleanup", Time since last: 1000098084 ns, Reaching safepoint: 6049 ns, Cleanup: 11097 ns, At safepoint: 1723 ns, Total: 18869 ns
[2025-08-19T14:07:31.260+0000][1692007][info ][safepoint   ] Safepoint "Cleanup", Time since last: 90005074350 ns, Reaching safepoint: 64648 ns, Cleanup: 11327 ns, At safepoint: 2083 ns, Total: 78058 ns
[2025-08-19T14:07:56.053+0000][1692007][info ][gc,start    ] GC(37) Pause Young (Normal) (G1 Evacuation Pause)
[2025-08-19T14:07:56.053+0000][1692007][info ][gc,task     ] GC(37) Using 1 workers of 1 for evacuation
[2025-08-19T14:07:56.053+0000][1692007][debug][gc,age      ] GC(37) Desired survivor size 20971520 bytes, new threshold 1 (max threshold 15)
[2025-08-19T14:07:56.062+0000][1692007][info ][gc,phases   ] GC(37)   Pre Evacuate Collection Set: 0.1ms
[2025-08-19T14:07:56.062+0000][1692007][info ][gc,phases   ] GC(37)   Merge Heap Roots: 0.0ms
[2025-08-19T14:07:56.062+0000][1692007][info ][gc,phases   ] GC(37)   Evacuate Collection Set: 8.3ms
[2025-08-19T14:07:56.062+0000][1692007][info ][gc,phases   ] GC(37)   Post Evacuate Collection Set: 0.9ms
[2025-08-19T14:07:56.062+0000][1692007][info ][gc,phases   ] GC(37)   Other: 0.0ms
[2025-08-19T14:07:56.062+0000][1692007][trace][gc,age      ] GC(37) Age table with threshold 1 (max threshold 15)
[2025-08-19T14:07:56.062+0000][1692007][trace][gc,age      ] GC(37) - age   1:      17056 bytes,      17056 total
[2025-08-19T14:07:56.062+0000][1692007][info ][gc,heap     ] GC(37) Eden regions: 65->0(75)
[2025-08-19T14:07:56.062+0000][1692007][info ][gc,heap     ] GC(37) Survivor regions: 8->1(10)
[2025-08-19T14:07:56.062+0000][1692007][info ][gc,heap     ] GC(37) Old regions: 33->33
[2025-08-19T14:07:56.062+0000][1692007][info ][gc,heap     ] GC(37) Humongous regions: 0->0
[2025-08-19T14:07:56.062+0000][1692007][info ][gc,metaspace] GC(37) Metaspace: 143687K(147584K)->143687K(147584K) NonClass: 124248K(126336K)->124248K(126336K) Class: 19439K(21248K)->19439K(21248K)
[2025-08-19T14:07:56.062+0000][1692007][info ][gc          ] GC(37) Pause Young (Normal) (G1 Evacuation Pause) 420M->132M(512M) 9.474ms
[2025-08-19T14:07:56.062+0000][1692007][info ][gc,cpu      ] GC(37) User=0.01s Sys=0.00s Real=0.01s
[2025-08-19T14:07:56.062+0000][1692007][info ][safepoint   ] Safepoint "G1CollectForAllocation", Time since last: 24792774641 ns, Reaching safepoint: 7241 ns, Cleanup: 2664 ns, At safepoint: 9510270 ns, Total: 9520175 ns
[2025-08-19T14:08:33.064+0000][1692007][info ][safepoint   ] Safepoint "Cleanup", Time since last: 37002221072 ns, Reaching safepoint: 38989 ns, Cleanup: 11136 ns, At safepoint: 2124 ns, Total: 52249 ns
[2025-08-19T14:08:38.065+0000][1692007][info ][safepoint   ] Safepoint "Cleanup", Time since last: 5000329499 ns, Reaching safepoint: 37166 ns, Cleanup: 10436 ns, At safepoint: 5138 ns, Total: 52740 ns
[2025-08-19T14:10:12.071+0000][1692007][info ][safepoint   ] Safepoint "Cleanup", Time since last: 94005625328 ns, Reaching safepoint: 71858 ns, Cleanup: 10877 ns, At safepoint: 4447 ns, Total: 87182 ns
[2025-08-19T14:10:56.073+0000][1692007][info ][safepoint   ] Safepoint "Cleanup", Time since last: 44002616657 ns, Reaching safepoint: 35914 ns, Cleanup: 12529 ns, At safepoint: 4567 ns, Total: 53010 ns
[2025-08-19T14:11:01.074+0000][1692007][info ][safepoint   ] Safepoint "Cleanup", Time since last: 5000512749 ns, Reaching safepoint: 38057 ns, Cleanup: 12749 ns, At safepoint: 4327 ns, Total: 55133 ns
[2025-08-19T14:11:03.077+0000][1692007][info ][safepoint   ] Safepoint "Cleanup", Time since last: 2003513551 ns, Reaching safepoint: 6540 ns, Cleanup: 10526 ns, At safepoint: 2323 ns, Total: 19389 ns
[2025-08-19T14:11:11.078+0000][1692007][info ][safepoint   ] Safepoint "Cleanup", Time since last: 8000548572 ns, Reaching safepoint: 12278 ns, Cleanup: 11107 ns, At safepoint: 4186 ns, Total: 27571 ns
[2025-08-19T14:11:29.079+0000][1692007][info ][safepoint   ] Safepoint "Cleanup", Time since last: 18001441379 ns, Reaching safepoint: 29735 ns, Cleanup: 10195 ns, At safepoint: 2053 ns, Total: 41983 ns
[2025-08-19T14:11:30.080+0000][1692007][info ][safepoint   ] Safepoint "Cleanup", Time since last: 1000284172 ns, Reaching safepoint: 6820 ns, Cleanup: 12029 ns, At safepoint: 2003 ns, Total: 20852 ns
[2025-08-19T14:11:31.080+0000][1692007][info ][safepoint   ] Safepoint "Cleanup", Time since last: 1000098521 ns, Reaching safepoint: 6680 ns, Cleanup: 15624 ns, At safepoint: 2363 ns, Total: 24667 ns
[2025-08-19T14:11:33.080+0000][1692007][info ][safepoint   ] Safepoint "Cleanup", Time since last: 2000156352 ns, Reaching safepoint: 31328 ns, Cleanup: 10405 ns, At safepoint: 3556 ns, Total: 45289 ns
[2025-08-19T14:11:50.081+0000][1692007][info ][safepoint   ] Safepoint "Cleanup", Time since last: 17001046048 ns, Reaching safepoint: 34833 ns, Cleanup: 10876 ns, At safepoint: 4617 ns, Total: 50326 ns
[2025-08-19T14:12:17.083+0000][1692007][info ][safepoint   ] Safepoint "Cleanup", Time since last: 27001971665 ns, Reaching safepoint: 37497 ns, Cleanup: 11077 ns, At safepoint: 1953 ns, Total: 50527 ns
[2025-08-19T14:12:27.084+0000][1692007][info ][safepoint   ] Safepoint "Cleanup", Time since last: 10000804313 ns, Reaching safepoint: 35644 ns, Cleanup: 11457 ns, At safepoint: 2083 ns, Total: 49184 ns
[2025-08-19T14:13:50.092+0000][1692007][info ][safepoint   ] Safepoint "Cleanup", Time since last: 83007478089 ns, Reaching safepoint: 38899 ns, Cleanup: 11127 ns, At safepoint: 4476 ns, Total: 54502 ns
[2025-08-19T14:14:03.093+0000][1692007][info ][safepoint   ] Safepoint "Cleanup", Time since last: 13001421144 ns, Reaching safepoint: 30776 ns, Cleanup: 10977 ns, At safepoint: 2303 ns, Total: 44056 ns
[2025-08-19T14:14:12.094+0000][1692007][info ][safepoint   ] Safepoint "Cleanup", Time since last: 9000631019 ns, Reaching safepoint: 38959 ns, Cleanup: 12208 ns, At safepoint: 1903 ns, Total: 53070 ns
[2025-08-19T14:14:25.095+0000][1692007][info ][safepoint   ] Safepoint "Cleanup", Time since last: 13001050794 ns, Reaching safepoint: 35875 ns, Cleanup: 11277 ns, At safepoint: 2614 ns, Total: 49766 ns
[2025-08-19T14:14:47.097+0000][1692007][info ][safepoint   ] Safepoint "Cleanup", Time since last: 22002272693 ns, Reaching safepoint: 32209 ns, Cleanup: 11177 ns, At safepoint: 216056 ns, Total: 259442 ns
[2025-08-19T14:16:13.103+0000][1692007][info ][safepoint   ] Safepoint "Cleanup", Time since last: 86005673895 ns, Reaching safepoint: 29695 ns, Cleanup: 12359 ns, At safepoint: 2404 ns, Total: 44458 ns
[2025-08-19T14:17:34.110+0000][1692007][info ][safepoint   ] Safepoint "Cleanup", Time since last: 81006809545 ns, Reaching safepoint: 36265 ns, Cleanup: 12399 ns, At safepoint: 2223 ns, Total: 50887 ns
[2025-08-19T14:17:52.111+0000][1692007][info ][safepoint   ] Safepoint "Cleanup", Time since last: 18001471263 ns, Reaching safepoint: 36135 ns, Cleanup: 11317 ns, At safepoint: 2113 ns, Total: 49565 ns
[2025-08-19T14:18:14.113+0000][1692007][info ][safepoint   ] Safepoint "Cleanup", Time since last: 22001301469 ns, Reaching safepoint: 36154 ns, Cleanup: 12289 ns, At safepoint: 4557 ns, Total: 53000 ns
[2025-08-19T14:18:34.114+0000][1692007][info ][safepoint   ] Safepoint "Cleanup", Time since last: 20001348674 ns, Reaching safepoint: 35383 ns, Cleanup: 11147 ns, At safepoint: 4647 ns, Total: 51177 ns
[2025-08-19T14:19:33.469+0000][1692007][info ][gc,start    ] GC(38) Pause Young (Normal) (G1 Evacuation Pause)
[2025-08-19T14:19:33.469+0000][1692007][info ][gc,task     ] GC(38) Using 1 workers of 1 for evacuation
[2025-08-19T14:19:33.469+0000][1692007][debug][gc,age      ] GC(38) Desired survivor size 20971520 bytes, new threshold 15 (max threshold 15)
[2025-08-19T14:19:33.472+0000][1692007][info ][gc,phases   ] GC(38)   Pre Evacuate Collection Set: 0.1ms
[2025-08-19T14:19:33.472+0000][1692007][info ][gc,phases   ] GC(38)   Merge Heap Roots: 0.0ms
[2025-08-19T14:19:33.472+0000][1692007][info ][gc,phases   ] GC(38)   Evacuate Collection Set: 1.4ms
[2025-08-19T14:19:33.472+0000][1692007][info ][gc,phases   ] GC(38)   Post Evacuate Collection Set: 0.8ms
[2025-08-19T14:19:33.472+0000][1692007][info ][gc,phases   ] GC(38)   Other: 0.0ms
[2025-08-19T14:19:33.472+0000][1692007][trace][gc,age      ] GC(38) Age table with threshold 15 (max threshold 15)
[2025-08-19T14:19:33.472+0000][1692007][trace][gc,age      ] GC(38) - age   1:      18184 bytes,      18184 total
[2025-08-19T14:19:33.472+0000][1692007][trace][gc,age      ] GC(38) - age   2:       8496 bytes,      26680 total
[2025-08-19T14:19:33.472+0000][1692007][info ][gc,heap     ] GC(38) Eden regions: 75->0(75)
[2025-08-19T14:19:33.472+0000][1692007][info ][gc,heap     ] GC(38) Survivor regions: 1->1(10)
[2025-08-19T14:19:33.472+0000][1692007][info ][gc,heap     ] GC(38) Old regions: 33->33
[2025-08-19T14:19:33.472+0000][1692007][info ][gc,heap     ] GC(38) Humongous regions: 0->0
[2025-08-19T14:19:33.472+0000][1692007][info ][gc,metaspace] GC(38) Metaspace: 143735K(147584K)->143735K(147584K) NonClass: 124295K(126336K)->124295K(126336K) Class: 19439K(21248K)->19439K(21248K)
[2025-08-19T14:19:33.472+0000][1692007][info ][gc          ] GC(38) Pause Young (Normal) (G1 Evacuation Pause) 432M->132M(512M) 2.525ms
[2025-08-19T14:19:33.472+0000][1692007][info ][gc,cpu      ] GC(38) User=0.00s Sys=0.00s Real=0.00s
[2025-08-19T14:19:33.472+0000][1692007][info ][safepoint   ] Safepoint "G1CollectForAllocation", Time since last: 59355190098 ns, Reaching safepoint: 8523 ns, Cleanup: 3054 ns, At safepoint: 2558584 ns, Total: 2570161 ns
[2025-08-19T14:20:06.474+0000][1692007][info ][safepoint   ] Safepoint "Cleanup", Time since last: 33001824810 ns, Reaching safepoint: 38318 ns, Cleanup: 13511 ns, At safepoint: 1932 ns, Total: 53761 ns
[2025-08-19T14:20:36.476+0000][1692007][info ][safepoint   ] Safepoint "Cleanup", Time since last: 30001729468 ns, Reaching safepoint: 6479 ns, Cleanup: 11968 ns, At safepoint: 33902 ns, Total: 52349 ns
[2025-08-19T14:22:16.485+0000][1692007][info ][safepoint   ] Safepoint "Cleanup", Time since last: 100009611511 ns, Reaching safepoint: 45158 ns, Cleanup: 11237 ns, At safepoint: 2244 ns, Total: 58639 ns
[2025-08-19T14:23:06.488+0000][1692007][info ][safepoint   ] Safepoint "Cleanup", Time since last: 50003019343 ns, Reaching safepoint: 40171 ns, Cleanup: 11507 ns, At safepoint: 2153 ns, Total: 53831 ns
[2025-08-19T14:24:07.493+0000][1692007][info ][safepoint   ] Safepoint "Cleanup", Time since last: 61004838352 ns, Reaching safepoint: 39780 ns, Cleanup: 5658 ns, At safepoint: 2334 ns, Total: 47772 ns
[2025-08-19T14:25:36.499+0000][1692007][info ][safepoint   ] Safepoint "Cleanup", Time since last: 89005553231 ns, Reaching safepoint: 6731 ns, Cleanup: 11557 ns, At safepoint: 2183 ns, Total: 20471 ns
[2025-08-19T14:25:52.500+0000][1692007][info ][safepoint   ] Safepoint "Cleanup", Time since last: 16000978484 ns, Reaching safepoint: 39590 ns, Cleanup: 10876 ns, At safepoint: 5368 ns, Total: 55834 ns
[2025-08-19T14:27:36.506+0000][1692007][info ][safepoint   ] Safepoint "Cleanup", Time since last: 104006075919 ns, Reaching safepoint: 6369 ns, Cleanup: 12078 ns, At safepoint: 2214 ns, Total: 20661 ns
[2025-08-19T14:29:03.511+0000][1692007][info ][safepoint   ] Safepoint "Cleanup", Time since last: 87004954771 ns, Reaching safepoint: 20941 ns, Cleanup: 6180 ns, At safepoint: 4516 ns, Total: 31637 ns
[2025-08-19T14:29:06.511+0000][1692007][info ][safepoint   ] Safepoint "Cleanup", Time since last: 3000506743 ns, Reaching safepoint: 6580 ns, Cleanup: 10736 ns, At safepoint: 1823 ns, Total: 19139 ns
[2025-08-19T14:29:38.513+0000][1692007][info ][safepoint   ] Safepoint "Cleanup", Time since last: 32001847877 ns, Reaching safepoint: 33450 ns, Cleanup: 10426 ns, At safepoint: 1853 ns, Total: 45729 ns
[2025-08-19T14:30:06.515+0000][1692007][info ][safepoint   ] Safepoint "Cleanup", Time since last: 28001665953 ns, Reaching safepoint: 40721 ns, Cleanup: 12539 ns, At safepoint: 4537 ns, Total: 57797 ns
[2025-08-19T14:30:07.515+0000][1692007][info ][safepoint   ] Safepoint "Cleanup", Time since last: 1000097720 ns, Reaching safepoint: 5078 ns, Cleanup: 6339 ns, At safepoint: 2174 ns, Total: 13591 ns
[2025-08-19T14:30:36.518+0000][1692007][info ][safepoint   ] Safepoint "Cleanup", Time since last: 29002698323 ns, Reaching safepoint: 6210 ns, Cleanup: 10916 ns, At safepoint: 2314 ns, Total: 19440 ns
[2025-08-19T14:31:07.520+0000][1692007][info ][safepoint   ] Safepoint "Cleanup", Time since last: 31002110190 ns, Reaching safepoint: 30146 ns, Cleanup: 8693 ns, At safepoint: 2143 ns, Total: 40982 ns
[2025-08-19T14:31:11.822+0000][1692007][info ][gc,start    ] GC(39) Pause Young (Normal) (G1 Evacuation Pause)
[2025-08-19T14:31:11.822+0000][1692007][info ][gc,task     ] GC(39) Using 1 workers of 1 for evacuation
[2025-08-19T14:31:11.822+0000][1692007][debug][gc,age      ] GC(39) Desired survivor size 20971520 bytes, new threshold 15 (max threshold 15)
[2025-08-19T14:31:11.824+0000][1692007][info ][gc,phases   ] GC(39)   Pre Evacuate Collection Set: 0.1ms
[2025-08-19T14:31:11.824+0000][1692007][info ][gc,phases   ] GC(39)   Merge Heap Roots: 0.0ms
[2025-08-19T14:31:11.824+0000][1692007][info ][gc,phases   ] GC(39)   Evacuate Collection Set: 1.4ms
[2025-08-19T14:31:11.824+0000][1692007][info ][gc,phases   ] GC(39)   Post Evacuate Collection Set: 0.8ms
[2025-08-19T14:31:11.824+0000][1692007][info ][gc,phases   ] GC(39)   Other: 0.0ms
[2025-08-19T14:31:11.824+0000][1692007][trace][gc,age      ] GC(39) Age table with threshold 15 (max threshold 15)
[2025-08-19T14:31:11.824+0000][1692007][trace][gc,age      ] GC(39) - age   1:      11632 bytes,      11632 total
[2025-08-19T14:31:11.824+0000][1692007][trace][gc,age      ] GC(39) - age   2:       8312 bytes,      19944 total
[2025-08-19T14:31:11.824+0000][1692007][trace][gc,age      ] GC(39) - age   3:       8496 bytes,      28440 total
[2025-08-19T14:31:11.824+0000][1692007][info ][gc,heap     ] GC(39) Eden regions: 75->0(75)
[2025-08-19T14:31:11.824+0000][1692007][info ][gc,heap     ] GC(39) Survivor regions: 1->1(10)
[2025-08-19T14:31:11.824+0000][1692007][info ][gc,heap     ] GC(39) Old regions: 33->33
[2025-08-19T14:31:11.824+0000][1692007][info ][gc,heap     ] GC(39) Humongous regions: 0->0
[2025-08-19T14:31:11.824+0000][1692007][info ][gc,metaspace] GC(39) Metaspace: 143773K(147648K)->143773K(147648K) NonClass: 124334K(126400K)->124334K(126400K) Class: 19439K(21248K)->19439K(21248K)
[2025-08-19T14:31:11.825+0000][1692007][info ][gc          ] GC(39) Pause Young (Normal) (G1 Evacuation Pause) 432M->131M(512M) 2.507ms
[2025-08-19T14:31:11.825+0000][1692007][info ][gc,cpu      ] GC(39) User=0.01s Sys=0.00s Real=0.00s
[2025-08-19T14:31:11.825+0000][1692007][info ][safepoint   ] Safepoint "G1CollectForAllocation", Time since last: 4301928536 ns, Reaching safepoint: 7461 ns, Cleanup: 2885 ns, At safepoint: 2540045 ns, Total: 2550391 ns
[2025-08-19T14:31:15.825+0000][1692007][info ][safepoint   ] Safepoint "Cleanup", Time since last: 4000250638 ns, Reaching safepoint: 5669 ns, Cleanup: 50426 ns, At safepoint: 2013 ns, Total: 58108 ns
[2025-08-19T14:31:17.825+0000][1692007][info ][safepoint   ] Safepoint "Cleanup", Time since last: 2000153166 ns, Reaching safepoint: 5699 ns, Cleanup: 19840 ns, At safepoint: 1842 ns, Total: 27381 ns
[2025-08-19T14:31:18.825+0000][1692007][info ][safepoint   ] Safepoint "Cleanup", Time since last: 1000118231 ns, Reaching safepoint: 6420 ns, Cleanup: 53991 ns, At safepoint: 2114 ns, Total: 62525 ns
[2025-08-19T14:31:19.825+0000][1692007][info ][safepoint   ] Safepoint "Cleanup", Time since last: 1000096117 ns, Reaching safepoint: 6390 ns, Cleanup: 10866 ns, At safepoint: 2123 ns, Total: 19379 ns
[2025-08-19T14:31:37.772+0000][1692007][info ][safepoint   ] Safepoint "Cleanup", Time since last: 17947127245 ns, Reaching safepoint: 6580 ns, Cleanup: 46520 ns, At safepoint: 2384 ns, Total: 55484 ns
[2025-08-19T14:31:41.773+0000][1692007][info ][safepoint   ] Safepoint "Cleanup", Time since last: 4000501146 ns, Reaching safepoint: 6440 ns, Cleanup: 56986 ns, At safepoint: 2243 ns, Total: 65669 ns
[2025-08-19T14:31:42.773+0000][1692007][info ][safepoint   ] Safepoint "Cleanup", Time since last: 1000093795 ns, Reaching safepoint: 6930 ns, Cleanup: 11307 ns, At safepoint: 1883 ns, Total: 20120 ns
[2025-08-19T14:31:44.774+0000][1692007][info ][safepoint   ] Safepoint "Cleanup", Time since last: 2000339517 ns, Reaching safepoint: 6320 ns, Cleanup: 18828 ns, At safepoint: 2334 ns, Total: 27482 ns
[2025-08-19T14:31:45.394+0000][1692007][info ][gc,start    ] GC(40) Pause Young (Normal) (G1 Evacuation Pause)
[2025-08-19T14:31:45.395+0000][1692007][info ][gc,task     ] GC(40) Using 1 workers of 1 for evacuation
[2025-08-19T14:31:45.399+0000][1692007][debug][gc,age      ] GC(40) Desired survivor size 20971520 bytes, new threshold 15 (max threshold 15)
[2025-08-19T14:31:45.456+0000][1692007][info ][gc,phases   ] GC(40)   Pre Evacuate Collection Set: 1.9ms
[2025-08-19T14:31:45.456+0000][1692007][info ][gc,phases   ] GC(40)   Merge Heap Roots: 0.0ms
[2025-08-19T14:31:45.456+0000][1692007][info ][gc,phases   ] GC(40)   Evacuate Collection Set: 43.6ms
[2025-08-19T14:31:45.456+0000][1692007][info ][gc,phases   ] GC(40)   Post Evacuate Collection Set: 10.7ms
[2025-08-19T14:31:45.457+0000][1692007][info ][gc,phases   ] GC(40)   Other: 5.0ms
[2025-08-19T14:31:45.457+0000][1692007][trace][gc,age      ] GC(40) Age table with threshold 15 (max threshold 15)
[2025-08-19T14:31:45.457+0000][1692007][trace][gc,age      ] GC(40) - age   1:    7956752 bytes,    7956752 total
[2025-08-19T14:31:45.457+0000][1692007][trace][gc,age      ] GC(40) - age   2:       2088 bytes,    7958840 total
[2025-08-19T14:31:45.457+0000][1692007][trace][gc,age      ] GC(40) - age   3:       7960 bytes,    7966800 total
[2025-08-19T14:31:45.457+0000][1692007][trace][gc,age      ] GC(40) - age   4:       8496 bytes,    7975296 total
[2025-08-19T14:31:45.457+0000][1692007][info ][gc,heap     ] GC(40) Eden regions: 75->0(74)
[2025-08-19T14:31:45.457+0000][1692007][info ][gc,heap     ] GC(40) Survivor regions: 1->2(10)
[2025-08-19T14:31:45.457+0000][1692007][info ][gc,heap     ] GC(40) Old regions: 33->33
[2025-08-19T14:31:45.457+0000][1692007][info ][gc,heap     ] GC(40) Humongous regions: 0->0
[2025-08-19T14:31:45.457+0000][1692007][info ][gc,metaspace] GC(40) Metaspace: 143876K(147712K)->143876K(147712K) NonClass: 124435K(126464K)->124435K(126464K) Class: 19440K(21248K)->19440K(21248K)
[2025-08-19T14:31:45.457+0000][1692007][info ][gc          ] GC(40) Pause Young (Normal) (G1 Evacuation Pause) 431M->138M(512M) 64.870ms
[2025-08-19T14:31:45.457+0000][1692007][info ][gc,cpu      ] GC(40) User=0.00s Sys=0.01s Real=0.07s
[2025-08-19T14:31:45.457+0000][1692007][info ][safepoint   ] Safepoint "G1CollectForAllocation", Time since last: 618334252 ns, Reaching safepoint: 5128 ns, Cleanup: 20471 ns, At safepoint: 64984868 ns, Total: 65010467 ns
[2025-08-19T14:31:46.457+0000][1692007][info ][safepoint   ] Safepoint "Cleanup", Time since last: 1000085942 ns, Reaching safepoint: 20781 ns, Cleanup: 100923 ns, At safepoint: 2143 ns, Total: 123847 ns
[2025-08-19T14:31:47.457+0000][1692007][info ][safepoint   ] Safepoint "Cleanup", Time since last: 1000168837 ns, Reaching safepoint: 7952 ns, Cleanup: 36986 ns, At safepoint: 2444 ns, Total: 47382 ns
[2025-08-19T14:31:48.457+0000][1692007][info ][safepoint   ] Safepoint "Cleanup", Time since last: 1000061906 ns, Reaching safepoint: 6249 ns, Cleanup: 22574 ns, At safepoint: 2114 ns, Total: 30937 ns
[2025-08-19T14:32:04.458+0000][1692007][info ][safepoint   ] Safepoint "Cleanup", Time since last: 16000966838 ns, Reaching safepoint: 5458 ns, Cleanup: 11588 ns, At safepoint: 1672 ns, Total: 18718 ns
[2025-08-19T14:32:06.459+0000][1692007][info ][safepoint   ] Safepoint "Cleanup", Time since last: 2000156281 ns, Reaching safepoint: 38799 ns, Cleanup: 12609 ns, At safepoint: 2033 ns, Total: 53441 ns
[2025-08-19T14:33:06.464+0000][1692007][info ][safepoint   ] Safepoint "Cleanup", Time since last: 60005678168 ns, Reaching safepoint: 38007 ns, Cleanup: 13180 ns, At safepoint: 2344 ns, Total: 53531 ns
[2025-08-19T14:33:33.466+0000][1692007][info ][safepoint   ] Safepoint "Cleanup", Time since last: 27002019735 ns, Reaching safepoint: 53320 ns, Cleanup: 10977 ns, At safepoint: 4827 ns, Total: 69124 ns
[2025-08-19T14:33:40.467+0000][1692007][info ][safepoint   ] Safepoint "Cleanup", Time since last: 7000470117 ns, Reaching safepoint: 38678 ns, Cleanup: 11177 ns, At safepoint: 4437 ns, Total: 54292 ns
[2025-08-19T14:34:06.469+0000][1692007][info ][safepoint   ] Safepoint "Cleanup", Time since last: 26001544094 ns, Reaching safepoint: 49465 ns, Cleanup: 11066 ns, At safepoint: 2334 ns, Total: 62865 ns
[2025-08-19T14:34:36.470+0000][1692007][info ][safepoint   ] Safepoint "Cleanup", Time since last: 30001759549 ns, Reaching safepoint: 6390 ns, Cleanup: 11607 ns, At safepoint: 2063 ns, Total: 20060 ns
[2025-08-19T14:34:38.021+0000][1692007][info ][gc,start    ] GC(41) Pause Young (Normal) (G1 Evacuation Pause)
[2025-08-19T14:34:38.021+0000][1692007][info ][gc,task     ] GC(41) Using 1 workers of 1 for evacuation
[2025-08-19T14:34:38.021+0000][1692007][debug][gc,age      ] GC(41) Desired survivor size 20971520 bytes, new threshold 15 (max threshold 15)
[2025-08-19T14:34:38.028+0000][1692007][info ][gc,phases   ] GC(41)   Pre Evacuate Collection Set: 0.1ms
[2025-08-19T14:34:38.028+0000][1692007][info ][gc,phases   ] GC(41)   Merge Heap Roots: 0.0ms
[2025-08-19T14:34:38.028+0000][1692007][info ][gc,phases   ] GC(41)   Evacuate Collection Set: 5.8ms
[2025-08-19T14:34:38.028+0000][1692007][info ][gc,phases   ] GC(41)   Post Evacuate Collection Set: 1.5ms
[2025-08-19T14:34:38.028+0000][1692007][info ][gc,phases   ] GC(41)   Other: 0.0ms
[2025-08-19T14:34:38.028+0000][1692007][trace][gc,age      ] GC(41) Age table with threshold 15 (max threshold 15)
[2025-08-19T14:34:38.028+0000][1692007][trace][gc,age      ] GC(41) - age   1:      20544 bytes,      20544 total
[2025-08-19T14:34:38.028+0000][1692007][trace][gc,age      ] GC(41) - age   2:      18704 bytes,      39248 total
[2025-08-19T14:34:38.028+0000][1692007][trace][gc,age      ] GC(41) - age   3:       1064 bytes,      40312 total
[2025-08-19T14:34:38.028+0000][1692007][trace][gc,age      ] GC(41) - age   4:       7960 bytes,      48272 total
[2025-08-19T14:34:38.028+0000][1692007][trace][gc,age      ] GC(41) - age   5:       8496 bytes,      56768 total
[2025-08-19T14:34:38.028+0000][1692007][info ][gc,heap     ] GC(41) Eden regions: 74->0(75)
[2025-08-19T14:34:38.028+0000][1692007][info ][gc,heap     ] GC(41) Survivor regions: 2->1(10)
[2025-08-19T14:34:38.028+0000][1692007][info ][gc,heap     ] GC(41) Old regions: 33->33
[2025-08-19T14:34:38.028+0000][1692007][info ][gc,heap     ] GC(41) Humongous regions: 0->0
[2025-08-19T14:34:38.028+0000][1692007][info ][gc,metaspace] GC(41) Metaspace: 143906K(147712K)->143906K(147712K) NonClass: 124465K(126464K)->124465K(126464K) Class: 19440K(21248K)->19440K(21248K)
[2025-08-19T14:34:38.028+0000][1692007][info ][gc          ] GC(41) Pause Young (Normal) (G1 Evacuation Pause) 434M->131M(512M) 7.650ms
[2025-08-19T14:34:38.028+0000][1692007][info ][gc,cpu      ] GC(41) User=0.00s Sys=0.00s Real=0.01s
[2025-08-19T14:34:38.028+0000][1692007][info ][safepoint   ] Safepoint "G1CollectForAllocation", Time since last: 1550477380 ns, Reaching safepoint: 4317 ns, Cleanup: 1863 ns, At safepoint: 7688600 ns, Total: 7694780 ns
[2025-08-19T14:35:03.032+0000][1692007][info ][safepoint   ] Safepoint "Cleanup", Time since last: 25003842652 ns, Reaching safepoint: 48413 ns, Cleanup: 22124 ns, At safepoint: 2654 ns, Total: 73191 ns
[2025-08-19T14:35:04.033+0000][1692007][info ][safepoint   ] Safepoint "Cleanup", Time since last: 1000099532 ns, Reaching safepoint: 395247 ns, Cleanup: 9745 ns, At safepoint: 2363 ns, Total: 407355 ns
[2025-08-19T14:35:08.039+0000][1692007][info ][safepoint   ] Safepoint "Cleanup", Time since last: 4005975042 ns, Reaching safepoint: 33852 ns, Cleanup: 6660 ns, At safepoint: 1602 ns, Total: 42114 ns
[2025-08-19T14:35:22.040+0000][1692007][info ][safepoint   ] Safepoint "Cleanup", Time since last: 14000862917 ns, Reaching safepoint: 64748 ns, Cleanup: 10746 ns, At safepoint: 2033 ns, Total: 77527 ns
[2025-08-19T14:35:23.040+0000][1692007][info ][safepoint   ] Safepoint "Cleanup", Time since last: 1000106733 ns, Reaching safepoint: 6971 ns, Cleanup: 20972 ns, At safepoint: 2093 ns, Total: 30036 ns
[2025-08-19T14:35:23.424+0000][1692007][info ][gc,start    ] GC(42) Pause Young (Normal) (G1 Evacuation Pause)
[2025-08-19T14:35:23.424+0000][1692007][info ][gc,task     ] GC(42) Using 1 workers of 1 for evacuation
[2025-08-19T14:35:23.424+0000][1692007][debug][gc,age      ] GC(42) Desired survivor size 20971520 bytes, new threshold 15 (max threshold 15)
[2025-08-19T14:35:23.430+0000][1692007][info ][gc,phases   ] GC(42)   Pre Evacuate Collection Set: 0.1ms
[2025-08-19T14:35:23.430+0000][1692007][info ][gc,phases   ] GC(42)   Merge Heap Roots: 0.0ms
[2025-08-19T14:35:23.430+0000][1692007][info ][gc,phases   ] GC(42)   Evacuate Collection Set: 5.4ms
[2025-08-19T14:35:23.430+0000][1692007][info ][gc,phases   ] GC(42)   Post Evacuate Collection Set: 1.0ms
[2025-08-19T14:35:23.430+0000][1692007][info ][gc,phases   ] GC(42)   Other: 0.0ms
[2025-08-19T14:35:23.430+0000][1692007][trace][gc,age      ] GC(42) Age table with threshold 15 (max threshold 15)
[2025-08-19T14:35:23.430+0000][1692007][trace][gc,age      ] GC(42) - age   1:    9486744 bytes,    9486744 total
[2025-08-19T14:35:23.430+0000][1692007][trace][gc,age      ] GC(42) - age   2:       3232 bytes,    9489976 total
[2025-08-19T14:35:23.430+0000][1692007][trace][gc,age      ] GC(42) - age   3:      17480 bytes,    9507456 total
[2025-08-19T14:35:23.430+0000][1692007][trace][gc,age      ] GC(42) - age   4:       1064 bytes,    9508520 total
[2025-08-19T14:35:23.430+0000][1692007][trace][gc,age      ] GC(42) - age   5:       7960 bytes,    9516480 total
[2025-08-19T14:35:23.430+0000][1692007][trace][gc,age      ] GC(42) - age   6:       8496 bytes,    9524976 total
[2025-08-19T14:35:23.430+0000][1692007][info ][gc,heap     ] GC(42) Eden regions: 75->0(73)
[2025-08-19T14:35:23.430+0000][1692007][info ][gc,heap     ] GC(42) Survivor regions: 1->3(10)
[2025-08-19T14:35:23.430+0000][1692007][info ][gc,heap     ] GC(42) Old regions: 33->33
[2025-08-19T14:35:23.430+0000][1692007][info ][gc,heap     ] GC(42) Humongous regions: 0->0
[2025-08-19T14:35:23.430+0000][1692007][info ][gc,metaspace] GC(42) Metaspace: 143970K(147840K)->143970K(147840K) NonClass: 124529K(126592K)->124529K(126592K) Class: 19440K(21248K)->19440K(21248K)
[2025-08-19T14:35:23.430+0000][1692007][info ][gc          ] GC(42) Pause Young (Normal) (G1 Evacuation Pause) 431M->141M(512M) 6.625ms
[2025-08-19T14:35:23.430+0000][1692007][info ][gc,cpu      ] GC(42) User=0.00s Sys=0.00s Real=0.01s
[2025-08-19T14:35:23.430+0000][1692007][info ][safepoint   ] Safepoint "G1CollectForAllocation", Time since last: 383317183 ns, Reaching safepoint: 217379 ns, Cleanup: 9664 ns, At safepoint: 6665676 ns, Total: 6892719 ns
[2025-08-19T14:35:24.430+0000][1692007][info ][safepoint   ] Safepoint "Cleanup", Time since last: 1000076477 ns, Reaching safepoint: 184289 ns, Cleanup: 5468 ns, At safepoint: 2113 ns, Total: 191870 ns
[2025-08-19T14:35:25.202+0000][1692007][info ][gc,start    ] GC(43) Pause Young (Normal) (G1 Evacuation Pause)
[2025-08-19T14:35:25.202+0000][1692007][info ][gc,task     ] GC(43) Using 1 workers of 1 for evacuation
[2025-08-19T14:35:25.202+0000][1692007][debug][gc,age      ] GC(43) Desired survivor size 20971520 bytes, new threshold 15 (max threshold 15)
[2025-08-19T14:35:25.205+0000][1692007][info ][gc,phases   ] GC(43)   Pre Evacuate Collection Set: 0.1ms
[2025-08-19T14:35:25.205+0000][1692007][info ][gc,phases   ] GC(43)   Merge Heap Roots: 0.0ms
[2025-08-19T14:35:25.205+0000][1692007][info ][gc,phases   ] GC(43)   Evacuate Collection Set: 2.0ms
[2025-08-19T14:35:25.205+0000][1692007][info ][gc,phases   ] GC(43)   Post Evacuate Collection Set: 0.8ms
[2025-08-19T14:35:25.205+0000][1692007][info ][gc,phases   ] GC(43)   Other: 0.0ms
[2025-08-19T14:35:25.205+0000][1692007][trace][gc,age      ] GC(43) Age table with threshold 15 (max threshold 15)
[2025-08-19T14:35:25.205+0000][1692007][trace][gc,age      ] GC(43) - age   1:     789248 bytes,     789248 total
[2025-08-19T14:35:25.205+0000][1692007][trace][gc,age      ] GC(43) - age   2:     196328 bytes,     985576 total
[2025-08-19T14:35:25.205+0000][1692007][trace][gc,age      ] GC(43) - age   3:       3104 bytes,     988680 total
[2025-08-19T14:35:25.205+0000][1692007][trace][gc,age      ] GC(43) - age   4:      17448 bytes,    1006128 total
[2025-08-19T14:35:25.205+0000][1692007][trace][gc,age      ] GC(43) - age   5:       1064 bytes,    1007192 total
[2025-08-19T14:35:25.205+0000][1692007][trace][gc,age      ] GC(43) - age   6:       7960 bytes,    1015152 total
[2025-08-19T14:35:25.205+0000][1692007][trace][gc,age      ] GC(43) - age   7:       8496 bytes,    1023648 total
[2025-08-19T14:35:25.205+0000][1692007][info ][gc,heap     ] GC(43) Eden regions: 73->0(75)
[2025-08-19T14:35:25.205+0000][1692007][info ][gc,heap     ] GC(43) Survivor regions: 3->1(10)
[2025-08-19T14:35:25.205+0000][1692007][info ][gc,heap     ] GC(43) Old regions: 33->33
[2025-08-19T14:35:25.205+0000][1692007][info ][gc,heap     ] GC(43) Humongous regions: 0->0
[2025-08-19T14:35:25.205+0000][1692007][info ][gc,metaspace] GC(43) Metaspace: 143989K(147840K)->143989K(147840K) NonClass: 124548K(126592K)->124548K(126592K) Class: 19440K(21248K)->19440K(21248K)
[2025-08-19T14:35:25.205+0000][1692007][info ][gc          ] GC(43) Pause Young (Normal) (G1 Evacuation Pause) 433M->132M(512M) 3.196ms
[2025-08-19T14:35:25.205+0000][1692007][info ][gc,cpu      ] GC(43) User=0.01s Sys=0.00s Real=0.00s
[2025-08-19T14:35:25.205+0000][1692007][info ][safepoint   ] Safepoint "G1CollectForAllocation", Time since last: 761681579 ns, Reaching safepoint: 9922984 ns, Cleanup: 11938 ns, At safepoint: 3232461 ns, Total: 13167383 ns
[2025-08-19T14:35:26.205+0000][1692007][info ][safepoint   ] Safepoint "Cleanup", Time since last: 1000034624 ns, Reaching safepoint: 6150 ns, Cleanup: 11527 ns, At safepoint: 2113 ns, Total: 19790 ns
[2025-08-19T14:35:38.206+0000][1692007][info ][safepoint   ] Safepoint "Cleanup", Time since last: 12000788490 ns, Reaching safepoint: 6429 ns, Cleanup: 12299 ns, At safepoint: 2093 ns, Total: 20821 ns
[2025-08-19T14:39:26.226+0000][1692007][info ][safepoint   ] Safepoint "Cleanup", Time since last: 228019588727 ns, Reaching safepoint: 41513 ns, Cleanup: 21522 ns, At safepoint: 4818 ns, Total: 67853 ns
[2025-08-19T14:40:06.229+0000][1692007][info ][safepoint   ] Safepoint "Cleanup", Time since last: 40003086346 ns, Reaching safepoint: 37006 ns, Cleanup: 11387 ns, At safepoint: 2123 ns, Total: 50516 ns
[2025-08-19T14:40:25.230+0000][1692007][info ][safepoint   ] Safepoint "Cleanup", Time since last: 19001122992 ns, Reaching safepoint: 40461 ns, Cleanup: 11217 ns, At safepoint: 1893 ns, Total: 53571 ns
[2025-08-19T14:41:42.235+0000][1692007][info ][safepoint   ] Safepoint "Cleanup", Time since last: 77004417205 ns, Reaching safepoint: 38979 ns, Cleanup: 8472 ns, At safepoint: 1523 ns, Total: 48974 ns
[2025-08-19T14:42:05.236+0000][1692007][info ][safepoint   ] Safepoint "Cleanup", Time since last: 23001317544 ns, Reaching safepoint: 38128 ns, Cleanup: 10516 ns, At safepoint: 4577 ns, Total: 53221 ns
[2025-08-19T14:42:07.236+0000][1692007][info ][safepoint   ] Safepoint "Cleanup", Time since last: 2000155249 ns, Reaching safepoint: 5428 ns, Cleanup: 8523 ns, At safepoint: 2143 ns, Total: 16094 ns
[2025-08-19T14:42:07.493+0000][1692007][info ][gc,start    ] GC(44) Pause Young (Normal) (G1 Evacuation Pause)
[2025-08-19T14:42:07.495+0000][1692007][info ][gc,task     ] GC(44) Using 1 workers of 1 for evacuation
[2025-08-19T14:42:07.495+0000][1692007][debug][gc,age      ] GC(44) Desired survivor size 20971520 bytes, new threshold 15 (max threshold 15)
[2025-08-19T14:42:07.501+0000][1692007][info ][gc,phases   ] GC(44)   Pre Evacuate Collection Set: 0.2ms
[2025-08-19T14:42:07.501+0000][1692007][info ][gc,phases   ] GC(44)   Merge Heap Roots: 0.0ms
[2025-08-19T14:42:07.501+0000][1692007][info ][gc,phases   ] GC(44)   Evacuate Collection Set: 4.2ms
[2025-08-19T14:42:07.501+0000][1692007][info ][gc,phases   ] GC(44)   Post Evacuate Collection Set: 0.9ms
[2025-08-19T14:42:07.501+0000][1692007][info ][gc,phases   ] GC(44)   Other: 0.0ms
[2025-08-19T14:42:07.501+0000][1692007][trace][gc,age      ] GC(44) Age table with threshold 15 (max threshold 15)
[2025-08-19T14:42:07.501+0000][1692007][trace][gc,age      ] GC(44) - age   1:      12936 bytes,      12936 total
[2025-08-19T14:42:07.501+0000][1692007][trace][gc,age      ] GC(44) - age   2:       1408 bytes,      14344 total
[2025-08-19T14:42:07.501+0000][1692007][trace][gc,age      ] GC(44) - age   3:      11008 bytes,      25352 total
[2025-08-19T14:42:07.501+0000][1692007][trace][gc,age      ] GC(44) - age   4:       2104 bytes,      27456 total
[2025-08-19T14:42:07.501+0000][1692007][trace][gc,age      ] GC(44) - age   5:      17120 bytes,      44576 total
[2025-08-19T14:42:07.501+0000][1692007][trace][gc,age      ] GC(44) - age   6:       1032 bytes,      45608 total
[2025-08-19T14:42:07.501+0000][1692007][trace][gc,age      ] GC(44) - age   7:       7960 bytes,      53568 total
[2025-08-19T14:42:07.501+0000][1692007][trace][gc,age      ] GC(44) - age   8:       8496 bytes,      62064 total
[2025-08-19T14:42:07.501+0000][1692007][info ][gc,heap     ] GC(44) Eden regions: 75->0(75)
[2025-08-19T14:42:07.501+0000][1692007][info ][gc,heap     ] GC(44) Survivor regions: 1->1(10)
[2025-08-19T14:42:07.501+0000][1692007][info ][gc,heap     ] GC(44) Old regions: 33->33
[2025-08-19T14:42:07.501+0000][1692007][info ][gc,heap     ] GC(44) Humongous regions: 0->0
[2025-08-19T14:42:07.501+0000][1692007][info ][gc,metaspace] GC(44) Metaspace: 144018K(147904K)->144018K(147904K) NonClass: 124578K(126656K)->124578K(126656K) Class: 19440K(21248K)->19440K(21248K)
[2025-08-19T14:42:07.501+0000][1692007][info ][gc          ] GC(44) Pause Young (Normal) (G1 Evacuation Pause) 432M->131M(512M) 7.586ms
[2025-08-19T14:42:07.501+0000][1692007][info ][gc,cpu      ] GC(44) User=0.00s Sys=0.00s Real=0.01s
[2025-08-19T14:42:07.501+0000][1692007][info ][safepoint   ] Safepoint "G1CollectForAllocation", Time since last: 257174036 ns, Reaching safepoint: 4497 ns, Cleanup: 3485 ns, At safepoint: 7873750 ns, Total: 7881732 ns
[2025-08-19T14:43:16.506+0000][1692007][info ][safepoint   ] Safepoint "Cleanup", Time since last: 69004245286 ns, Reaching safepoint: 39840 ns, Cleanup: 14002 ns, At safepoint: 4266 ns, Total: 58108 ns
[2025-08-19T14:43:17.506+0000][1692007][info ][safepoint   ] Safepoint "Cleanup", Time since last: 1000444804 ns, Reaching safepoint: 6370 ns, Cleanup: 11036 ns, At safepoint: 2073 ns, Total: 19479 ns
[2025-08-19T14:43:23.865+0000][1692007][info ][gc,start    ] GC(45) Pause Young (Normal) (G1 Evacuation Pause)
[2025-08-19T14:43:23.865+0000][1692007][info ][gc,task     ] GC(45) Using 1 workers of 1 for evacuation
[2025-08-19T14:43:23.865+0000][1692007][debug][gc,age      ] GC(45) Desired survivor size 20971520 bytes, new threshold 15 (max threshold 15)
[2025-08-19T14:43:24.047+0000][1692007][info ][gc,phases   ] GC(45)   Pre Evacuate Collection Set: 0.1ms
[2025-08-19T14:43:24.047+0000][1692007][info ][gc,phases   ] GC(45)   Merge Heap Roots: 0.0ms
[2025-08-19T14:43:24.047+0000][1692007][info ][gc,phases   ] GC(45)   Evacuate Collection Set: 180.6ms
[2025-08-19T14:43:24.047+0000][1692007][info ][gc,phases   ] GC(45)   Post Evacuate Collection Set: 1.0ms
[2025-08-19T14:43:24.047+0000][1692007][info ][gc,phases   ] GC(45)   Other: 0.0ms
[2025-08-19T14:43:24.047+0000][1692007][trace][gc,age      ] GC(45) Age table with threshold 15 (max threshold 15)
[2025-08-19T14:43:24.047+0000][1692007][trace][gc,age      ] GC(45) - age   1:   41614832 bytes,   41614832 total
[2025-08-19T14:43:24.047+0000][1692007][trace][gc,age      ] GC(45) - age   2:       2616 bytes,   41617448 total
[2025-08-19T14:43:24.047+0000][1692007][trace][gc,age      ] GC(45) - age   3:       1288 bytes,   41618736 total
[2025-08-19T14:43:24.047+0000][1692007][trace][gc,age      ] GC(45) - age   4:      10248 bytes,   41628984 total
[2025-08-19T14:43:24.047+0000][1692007][trace][gc,age      ] GC(45) - age   5:       1920 bytes,   41630904 total
[2025-08-19T14:43:24.047+0000][1692007][trace][gc,age      ] GC(45) - age   6:      17120 bytes,   41648024 total
[2025-08-19T14:43:24.047+0000][1692007][trace][gc,age      ] GC(45) - age   7:       1032 bytes,   41649056 total
[2025-08-19T14:43:24.047+0000][1692007][trace][gc,age      ] GC(45) - age   8:       7960 bytes,   41657016 total
[2025-08-19T14:43:24.048+0000][1692007][trace][gc,age      ] GC(45) - age   9:       8496 bytes,   41665512 total
[2025-08-19T14:43:24.048+0000][1692007][info ][gc,heap     ] GC(45) Eden regions: 75->0(57)
[2025-08-19T14:43:24.048+0000][1692007][info ][gc,heap     ] GC(45) Survivor regions: 1->10(10)
[2025-08-19T14:43:24.048+0000][1692007][info ][gc,heap     ] GC(45) Old regions: 33->37
[2025-08-19T14:43:24.048+0000][1692007][info ][gc,heap     ] GC(45) Humongous regions: 0->0
[2025-08-19T14:43:24.048+0000][1692007][info ][gc,metaspace] GC(45) Metaspace: 144021K(147904K)->144021K(147904K) NonClass: 124581K(126656K)->124581K(126656K) Class: 19440K(21248K)->19440K(21248K)
[2025-08-19T14:43:24.048+0000][1692007][info ][gc          ] GC(45) Pause Young (Normal) (G1 Evacuation Pause) 431M->184M(512M) 182.520ms
[2025-08-19T14:43:24.048+0000][1692007][info ][gc,cpu      ] GC(45) User=0.01s Sys=0.05s Real=0.19s
[2025-08-19T14:43:24.048+0000][1692007][info ][safepoint   ] Safepoint "G1CollectForAllocation", Time since last: 6358970985 ns, Reaching safepoint: 29215 ns, Cleanup: 3595 ns, At safepoint: 182573628 ns, Total: 182606438 ns
[2025-08-19T14:43:25.055+0000][1692007][info ][safepoint   ] Safepoint "Cleanup", Time since last: 1003363852 ns, Reaching safepoint: 4468288 ns, Cleanup: 18948 ns, At safepoint: 4387 ns, Total: 4491623 ns
[2025-08-19T14:43:28.056+0000][1692007][info ][safepoint   ] Safepoint "Cleanup", Time since last: 3000203955 ns, Reaching safepoint: 35574 ns, Cleanup: 17065 ns, At safepoint: 1973 ns, Total: 54612 ns
[2025-08-19T14:43:28.092+0000][1692007][info ][gc,start    ] GC(46) Pause Young (Normal) (G1 Evacuation Pause)
[2025-08-19T14:43:28.092+0000][1692007][info ][gc,task     ] GC(46) Using 1 workers of 1 for evacuation
[2025-08-19T14:43:28.092+0000][1692007][debug][gc,age      ] GC(46) Desired survivor size 18874368 bytes, new threshold 1 (max threshold 15)
[2025-08-19T14:43:28.217+0000][1692007][info ][gc,phases   ] GC(46)   Pre Evacuate Collection Set: 0.1ms
[2025-08-19T14:43:28.217+0000][1692007][info ][gc,phases   ] GC(46)   Merge Heap Roots: 0.0ms
[2025-08-19T14:43:28.217+0000][1692007][info ][gc,phases   ] GC(46)   Evacuate Collection Set: 123.7ms
[2025-08-19T14:43:28.217+0000][1692007][info ][gc,phases   ] GC(46)   Post Evacuate Collection Set: 1.5ms
[2025-08-19T14:43:28.217+0000][1692007][info ][gc,phases   ] GC(46)   Other: 0.0ms
[2025-08-19T14:43:28.217+0000][1692007][trace][gc,age      ] GC(46) Age table with threshold 1 (max threshold 15)
[2025-08-19T14:43:28.217+0000][1692007][trace][gc,age      ] GC(46) - age   1:    1613016 bytes,    1613016 total
[2025-08-19T14:43:28.217+0000][1692007][info ][gc,heap     ] GC(46) Eden regions: 57->0(67)
[2025-08-19T14:43:28.217+0000][1692007][info ][gc,heap     ] GC(46) Survivor regions: 10->1(9)
[2025-08-19T14:43:28.217+0000][1692007][info ][gc,heap     ] GC(46) Old regions: 37->45
[2025-08-19T14:43:28.217+0000][1692007][info ][gc,heap     ] GC(46) Humongous regions: 0->0
[2025-08-19T14:43:28.217+0000][1692007][info ][gc,metaspace] GC(46) Metaspace: 144054K(147904K)->144054K(147904K) NonClass: 124613K(126656K)->124613K(126656K) Class: 19440K(21248K)->19440K(21248K)
[2025-08-19T14:43:28.217+0000][1692007][info ][gc          ] GC(46) Pause Young (Normal) (G1 Evacuation Pause) 412M->179M(512M) 125.598ms
[2025-08-19T14:43:28.218+0000][1692007][info ][gc,cpu      ] GC(46) User=0.02s Sys=0.02s Real=0.13s
[2025-08-19T14:43:28.218+0000][1692007][info ][safepoint   ] Safepoint "G1CollectForAllocation", Time since last: 36029055 ns, Reaching safepoint: 4817 ns, Cleanup: 2424 ns, At safepoint: 125987673 ns, Total: 125994914 ns
[2025-08-19T14:43:29.218+0000][1692007][info ][safepoint   ] Safepoint "Cleanup", Time since last: 1000074334 ns, Reaching safepoint: 5999 ns, Cleanup: 10997 ns, At safepoint: 2073 ns, Total: 19069 ns
[2025-08-19T14:43:31.218+0000][1692007][info ][safepoint   ] Safepoint "Cleanup", Time since last: 2000152816 ns, Reaching safepoint: 6640 ns, Cleanup: 20931 ns, At safepoint: 1993 ns, Total: 29564 ns
[2025-08-19T14:44:05.221+0000][1692007][info ][safepoint   ] Safepoint "Cleanup", Time since last: 34002670494 ns, Reaching safepoint: 40141 ns, Cleanup: 11167 ns, At safepoint: 4546 ns, Total: 55854 ns
[2025-08-19T14:45:38.226+0000][1692007][info ][safepoint   ] Safepoint "Cleanup", Time since last: 93005462907 ns, Reaching safepoint: 5919 ns, Cleanup: 10737 ns, At safepoint: 2283 ns, Total: 18939 ns
[2025-08-19T14:46:06.229+0000][1692007][info ][safepoint   ] Safepoint "Cleanup", Time since last: 28002269702 ns, Reaching safepoint: 32429 ns, Cleanup: 10746 ns, At safepoint: 4367 ns, Total: 47542 ns
[2025-08-19T14:46:34.230+0000][1692007][info ][safepoint   ] Safepoint "Cleanup", Time since last: 28001659561 ns, Reaching safepoint: 29184 ns, Cleanup: 7291 ns, At safepoint: 1773 ns, Total: 38248 ns
[2025-08-19T14:46:36.230+0000][1692007][info ][safepoint   ] Safepoint "Cleanup", Time since last: 2000145614 ns, Reaching safepoint: 5989 ns, Cleanup: 11027 ns, At safepoint: 2273 ns, Total: 19289 ns
[2025-08-19T14:46:42.363+0000][1692007][info ][gc,start    ] GC(47) Pause Young (Concurrent Start) (G1 Evacuation Pause)
[2025-08-19T14:46:42.363+0000][1692007][info ][gc,task     ] GC(47) Using 1 workers of 1 for evacuation
[2025-08-19T14:46:42.363+0000][1692007][debug][gc,age      ] GC(47) Desired survivor size 18874368 bytes, new threshold 15 (max threshold 15)
[2025-08-19T14:46:42.422+0000][1692007][info ][gc,phases   ] GC(47)   Pre Evacuate Collection Set: 0.5ms
[2025-08-19T14:46:42.422+0000][1692007][info ][gc,phases   ] GC(47)   Merge Heap Roots: 0.0ms
[2025-08-19T14:46:42.422+0000][1692007][info ][gc,phases   ] GC(47)   Evacuate Collection Set: 55.9ms
[2025-08-19T14:46:42.422+0000][1692007][info ][gc,phases   ] GC(47)   Post Evacuate Collection Set: 0.8ms
[2025-08-19T14:46:42.422+0000][1692007][info ][gc,phases   ] GC(47)   Other: 2.5ms
[2025-08-19T14:46:42.422+0000][1692007][trace][gc,age      ] GC(47) Age table with threshold 15 (max threshold 15)
[2025-08-19T14:46:42.422+0000][1692007][trace][gc,age      ] GC(47) - age   1:      13264 bytes,      13264 total
[2025-08-19T14:46:42.422+0000][1692007][trace][gc,age      ] GC(47) - age   2:      76760 bytes,      90024 total
[2025-08-19T14:46:42.422+0000][1692007][info ][gc,heap     ] GC(47) Eden regions: 67->0(67)
[2025-08-19T14:46:42.422+0000][1692007][info ][gc,heap     ] GC(47) Survivor regions: 1->1(9)
[2025-08-19T14:46:42.422+0000][1692007][info ][gc,heap     ] GC(47) Old regions: 45->45
[2025-08-19T14:46:42.422+0000][1692007][info ][gc,heap     ] GC(47) Humongous regions: 0->0
[2025-08-19T14:46:42.422+0000][1692007][info ][gc,metaspace] GC(47) Metaspace: 144054K(147904K)->144054K(147904K) NonClass: 124614K(126656K)->124614K(126656K) Class: 19440K(21248K)->19440K(21248K)
[2025-08-19T14:46:42.422+0000][1692007][info ][gc          ] GC(47) Pause Young (Concurrent Start) (G1 Evacuation Pause) 447M->178M(512M) 59.846ms
[2025-08-19T14:46:42.422+0000][1692007][info ][gc,cpu      ] GC(47) User=0.00s Sys=0.01s Real=0.06s
[2025-08-19T14:46:42.422+0000][1692007][info ][safepoint   ] Safepoint "G1CollectForAllocation", Time since last: 6132148467 ns, Reaching safepoint: 8613 ns, Cleanup: 2434 ns, At safepoint: 59895546 ns, Total: 59906593 ns
[2025-08-19T14:46:42.427+0000][1692007][info ][gc          ] GC(48) Concurrent Mark Cycle
[2025-08-19T14:46:42.427+0000][1692007][info ][gc,marking  ] GC(48) Concurrent Scan Root Regions
[2025-08-19T14:46:42.473+0000][1692007][info ][gc,marking  ] GC(48) Concurrent Scan Root Regions 46.276ms
[2025-08-19T14:46:42.473+0000][1692007][info ][gc,marking  ] GC(48) Concurrent Mark
[2025-08-19T14:46:42.473+0000][1692007][info ][gc,marking  ] GC(48) Concurrent Mark From Roots
[2025-08-19T14:46:42.474+0000][1692007][info ][gc,task     ] GC(48) Using 1 workers of 1 for marking
[2025-08-19T14:46:43.242+0000][1692007][info ][gc,marking  ] GC(48) Concurrent Mark From Roots 768.724ms
[2025-08-19T14:46:43.242+0000][1692007][info ][gc,marking  ] GC(48) Concurrent Preclean
[2025-08-19T14:46:43.244+0000][1692007][info ][gc,marking  ] GC(48) Concurrent Preclean 2.071ms
[2025-08-19T14:46:43.247+0000][1692007][info ][gc,start    ] GC(48) Pause Remark
[2025-08-19T14:46:44.466+0000][1692007][info ][gc,mmu      ] GC(48) MMU target violated: 201.0ms (200.0ms/201.0ms)
[2025-08-19T14:46:44.466+0000][1692007][info ][gc          ] GC(48) Pause Remark 181M->121M(512M) 1218.412ms
[2025-08-19T14:46:44.466+0000][1692007][info ][gc,cpu      ] GC(48) User=0.08s Sys=0.17s Real=1.22s
[2025-08-19T14:46:44.466+0000][1692007][info ][safepoint   ] Safepoint "G1PauseRemark", Time since last: 824705731 ns, Reaching safepoint: 5168 ns, Cleanup: 2834 ns, At safepoint: 1218464984 ns, Total: 1218472986 ns
[2025-08-19T14:46:44.470+0000][1692007][info ][gc,marking  ] GC(48) Concurrent Mark 1996.906ms
[2025-08-19T14:46:44.470+0000][1692007][info ][gc,marking  ] GC(48) Concurrent Rebuild Remembered Sets and Scrub Regions
[2025-08-19T14:46:44.548+0000][1692007][info ][gc,marking  ] GC(48) Concurrent Rebuild Remembered Sets and Scrub Regions 77.879ms
[2025-08-19T14:46:44.553+0000][1692007][info ][gc,start    ] GC(48) Pause Cleanup
[2025-08-19T14:46:44.553+0000][1692007][info ][gc          ] GC(48) Pause Cleanup 121M->121M(512M) 0.124ms
[2025-08-19T14:46:44.553+0000][1692007][info ][gc,cpu      ] GC(48) User=0.00s Sys=0.00s Real=0.00s
[2025-08-19T14:46:44.553+0000][1692007][info ][safepoint   ] Safepoint "G1PauseCleanup", Time since last: 82771531 ns, Reaching safepoint: 4175986 ns, Cleanup: 15083 ns, At safepoint: 394145 ns, Total: 4585214 ns
[2025-08-19T14:46:44.553+0000][1692007][info ][gc,marking  ] GC(48) Concurrent Clear Claimed Marks
[2025-08-19T14:46:44.553+0000][1692007][info ][gc,marking  ] GC(48) Concurrent Clear Claimed Marks 0.186ms
[2025-08-19T14:46:44.553+0000][1692007][info ][gc,marking  ] GC(48) Concurrent Cleanup for Next Mark
[2025-08-19T14:46:44.580+0000][1692007][info ][gc,marking  ] GC(48) Concurrent Cleanup for Next Mark 26.952ms
[2025-08-19T14:46:44.580+0000][1692007][info ][gc          ] GC(48) Concurrent Mark Cycle 2153.147ms
[2025-08-19T14:47:25.555+0000][1692007][info ][safepoint   ] Safepoint "Cleanup", Time since last: 41002394996 ns, Reaching safepoint: 67522 ns, Cleanup: 9465 ns, At safepoint: 2063 ns, Total: 79050 ns
[2025-08-19T14:47:33.556+0000][1692007][info ][safepoint   ] Safepoint "Cleanup", Time since last: 8000522487 ns, Reaching safepoint: 41843 ns, Cleanup: 8413 ns, At safepoint: 4287 ns, Total: 54543 ns
[2025-08-19T14:47:34.556+0000][1692007][info ][safepoint   ] Safepoint "Cleanup", Time since last: 1000107339 ns, Reaching safepoint: 5799 ns, Cleanup: 11437 ns, At safepoint: 1923 ns, Total: 19159 ns
[2025-08-19T14:47:36.556+0000][1692007][info ][safepoint   ] Safepoint "Cleanup", Time since last: 2000162079 ns, Reaching safepoint: 5849 ns, Cleanup: 10676 ns, At safepoint: 1983 ns, Total: 18508 ns
[2025-08-19T14:48:34.560+0000][1692007][info ][safepoint   ] Safepoint "Cleanup", Time since last: 58003409593 ns, Reaching safepoint: 40691 ns, Cleanup: 9735 ns, At safepoint: 4817 ns, Total: 55243 ns
[2025-08-19T14:49:11.562+0000][1692007][info ][safepoint   ] Safepoint "Cleanup", Time since last: 37002265953 ns, Reaching safepoint: 41793 ns, Cleanup: 9364 ns, At safepoint: 4517 ns, Total: 55674 ns
[2025-08-19T14:49:51.565+0000][1692007][info ][safepoint   ] Safepoint "Cleanup", Time since last: 40003303421 ns, Reaching safepoint: 59390 ns, Cleanup: 10235 ns, At safepoint: 4377 ns, Total: 74002 ns
[2025-08-19T14:50:06.566+0000][1692007][info ][safepoint   ] Safepoint "Cleanup", Time since last: 15000882011 ns, Reaching safepoint: 37837 ns, Cleanup: 12529 ns, At safepoint: 1753 ns, Total: 52119 ns
[2025-08-19T14:51:07.570+0000][1692007][info ][safepoint   ] Safepoint "Cleanup", Time since last: 61003506902 ns, Reaching safepoint: 38628 ns, Cleanup: 7461 ns, At safepoint: 1813 ns, Total: 47902 ns
[2025-08-19T14:51:14.571+0000][1692007][info ][safepoint   ] Safepoint "Cleanup", Time since last: 7000744165 ns, Reaching safepoint: 40561 ns, Cleanup: 9184 ns, At safepoint: 4297 ns, Total: 54042 ns
[2025-08-19T14:52:07.574+0000][1692007][info ][safepoint   ] Safepoint "Cleanup", Time since last: 53003173920 ns, Reaching safepoint: 41894 ns, Cleanup: 9514 ns, At safepoint: 2103 ns, Total: 53511 ns
[2025-08-19T14:52:34.576+0000][1692007][info ][safepoint   ] Safepoint "Cleanup", Time since last: 27001604130 ns, Reaching safepoint: 38118 ns, Cleanup: 13250 ns, At safepoint: 4096 ns, Total: 55464 ns
[2025-08-19T14:53:58.581+0000][1692007][info ][safepoint   ] Safepoint "Cleanup", Time since last: 84005285395 ns, Reaching safepoint: 69004 ns, Cleanup: 10436 ns, At safepoint: 4186 ns, Total: 83626 ns
[2025-08-19T14:54:34.583+0000][1692007][info ][safepoint   ] Safepoint "Cleanup", Time since last: 36002080766 ns, Reaching safepoint: 39279 ns, Cleanup: 8974 ns, At safepoint: 1612 ns, Total: 49865 ns
[2025-08-19T14:57:03.593+0000][1692007][info ][safepoint   ] Safepoint "Cleanup", Time since last: 149010236358 ns, Reaching safepoint: 37046 ns, Cleanup: 7892 ns, At safepoint: 1983 ns, Total: 46921 ns
[2025-08-19T14:57:04.594+0000][1692007][info ][safepoint   ] Safepoint "Cleanup", Time since last: 1000426231 ns, Reaching safepoint: 4547 ns, Cleanup: 8503 ns, At safepoint: 1783 ns, Total: 14833 ns
[2025-08-19T14:57:05.594+0000][1692007][info ][safepoint   ] Safepoint "Cleanup", Time since last: 1000102091 ns, Reaching safepoint: 4407 ns, Cleanup: 8553 ns, At safepoint: 1732 ns, Total: 14692 ns
[2025-08-19T14:57:07.741+0000][1692007][info ][gc,start    ] GC(49) Pause Young (Prepare Mixed) (G1 Evacuation Pause)
[2025-08-19T14:57:07.741+0000][1692007][info ][gc,task     ] GC(49) Using 1 workers of 1 for evacuation
[2025-08-19T14:57:07.741+0000][1692007][debug][gc,age      ] GC(49) Desired survivor size 18874368 bytes, new threshold 15 (max threshold 15)
[2025-08-19T14:57:07.745+0000][1692007][info ][gc,phases   ] GC(49)   Pre Evacuate Collection Set: 0.1ms
[2025-08-19T14:57:07.745+0000][1692007][info ][gc,phases   ] GC(49)   Merge Heap Roots: 0.1ms
[2025-08-19T14:57:07.745+0000][1692007][info ][gc,phases   ] GC(49)   Evacuate Collection Set: 3.1ms
[2025-08-19T14:57:07.745+0000][1692007][info ][gc,phases   ] GC(49)   Post Evacuate Collection Set: 0.9ms
[2025-08-19T14:57:07.745+0000][1692007][info ][gc,phases   ] GC(49)   Other: 0.0ms
[2025-08-19T14:57:07.745+0000][1692007][trace][gc,age      ] GC(49) Age table with threshold 15 (max threshold 15)
[2025-08-19T14:57:07.745+0000][1692007][trace][gc,age      ] GC(49) - age   1:      18648 bytes,      18648 total
[2025-08-19T14:57:07.745+0000][1692007][trace][gc,age      ] GC(49) - age   2:       3408 bytes,      22056 total
[2025-08-19T14:57:07.745+0000][1692007][trace][gc,age      ] GC(49) - age   3:      76760 bytes,      98816 total
[2025-08-19T14:57:07.745+0000][1692007][info ][gc,heap     ] GC(49) Eden regions: 67->0(75)
[2025-08-19T14:57:07.745+0000][1692007][info ][gc,heap     ] GC(49) Survivor regions: 1->1(9)
[2025-08-19T14:57:07.745+0000][1692007][info ][gc,heap     ] GC(49) Old regions: 30->30
[2025-08-19T14:57:07.745+0000][1692007][info ][gc,heap     ] GC(49) Humongous regions: 0->0
[2025-08-19T14:57:07.745+0000][1692007][info ][gc,metaspace] GC(49) Metaspace: 141487K(147904K)->141487K(147904K) NonClass: 122701K(126656K)->122701K(126656K) Class: 18786K(21248K)->18786K(21248K)
[2025-08-19T14:57:07.745+0000][1692007][info ][gc          ] GC(49) Pause Young (Prepare Mixed) (G1 Evacuation Pause) 386M->117M(512M) 4.471ms
[2025-08-19T14:57:07.746+0000][1692007][info ][gc,cpu      ] GC(49) User=0.01s Sys=0.00s Real=0.01s
[2025-08-19T14:57:07.746+0000][1692007][info ][safepoint   ] Safepoint "G1CollectForAllocation", Time since last: 2146948718 ns, Reaching safepoint: 4557 ns, Cleanup: 2593 ns, At safepoint: 4712607 ns, Total: 4719757 ns
[2025-08-19T14:57:35.747+0000][1692007][info ][safepoint   ] Safepoint "Cleanup", Time since last: 28001623646 ns, Reaching safepoint: 36906 ns, Cleanup: 17416 ns, At safepoint: 2194 ns, Total: 56516 ns
[2025-08-19T14:58:05.749+0000][1692007][info ][safepoint   ] Safepoint "Cleanup", Time since last: 30001751053 ns, Reaching safepoint: 34723 ns, Cleanup: 11146 ns, At safepoint: 2074 ns, Total: 47943 ns
[2025-08-19T15:00:46.759+0000][1692007][info ][safepoint   ] Safepoint "Cleanup", Time since last: 161009560684 ns, Reaching safepoint: 46490 ns, Cleanup: 10316 ns, At safepoint: 2083 ns, Total: 58889 ns
[2025-08-19T15:01:33.762+0000][1692007][info ][safepoint   ] Safepoint "Cleanup", Time since last: 47003294389 ns, Reaching safepoint: 38148 ns, Cleanup: 11627 ns, At safepoint: 1933 ns, Total: 51708 ns
[2025-08-19T15:02:04.764+0000][1692007][info ][safepoint   ] Safepoint "Cleanup", Time since last: 31001822931 ns, Reaching safepoint: 69205 ns, Cleanup: 11417 ns, At safepoint: 1933 ns, Total: 82555 ns
[2025-08-19T15:03:28.769+0000][1692007][info ][safepoint   ] Safepoint "Cleanup", Time since last: 84004969736 ns, Reaching safepoint: 37447 ns, Cleanup: 11697 ns, At safepoint: 1993 ns, Total: 51137 ns
[2025-08-19T15:06:00.778+0000][1692007][info ][safepoint   ] Safepoint "Cleanup", Time since last: 152009317443 ns, Reaching safepoint: 42344 ns, Cleanup: 11327 ns, At safepoint: 2163 ns, Total: 55834 ns
[2025-08-19T15:06:06.779+0000][1692007][info ][safepoint   ] Safepoint "Cleanup", Time since last: 6000786052 ns, Reaching safepoint: 6230 ns, Cleanup: 11107 ns, At safepoint: 1882 ns, Total: 19219 ns
[2025-08-19T15:07:06.783+0000][1692007][info ][safepoint   ] Safepoint "Cleanup", Time since last: 60003784857 ns, Reaching safepoint: 40632 ns, Cleanup: 12108 ns, At safepoint: 1953 ns, Total: 54693 ns
[2025-08-19T15:07:08.784+0000][1692007][info ][safepoint   ] Safepoint "Cleanup", Time since last: 2000664308 ns, Reaching safepoint: 5839 ns, Cleanup: 15724 ns, At safepoint: 2063 ns, Total: 23626 ns
[2025-08-19T15:07:36.785+0000][1692007][info ][safepoint   ] Safepoint "Cleanup", Time since last: 28001607337 ns, Reaching safepoint: 6100 ns, Cleanup: 25348 ns, At safepoint: 2123 ns, Total: 33571 ns
[2025-08-19T15:08:06.787+0000][1692007][info ][safepoint   ] Safepoint "Cleanup", Time since last: 30001859023 ns, Reaching safepoint: 44637 ns, Cleanup: 12219 ns, At safepoint: 1973 ns, Total: 58829 ns
[2025-08-19T15:08:08.788+0000][1692007][info ][safepoint   ] Safepoint "Cleanup", Time since last: 2000166386 ns, Reaching safepoint: 5889 ns, Cleanup: 12859 ns, At safepoint: 2154 ns, Total: 20902 ns
[2025-08-19T15:08:48.108+0000][1692007][info ][gc,start    ] GC(50) Pause Young (Mixed) (G1 Evacuation Pause)
[2025-08-19T15:08:48.108+0000][1692007][info ][gc,task     ] GC(50) Using 1 workers of 1 for evacuation
[2025-08-19T15:08:48.108+0000][1692007][debug][gc,age      ] GC(50) Desired survivor size 20971520 bytes, new threshold 15 (max threshold 15)
[2025-08-19T15:08:48.110+0000][1692007][info ][gc,phases   ] GC(50)   Pre Evacuate Collection Set: 0.1ms
[2025-08-19T15:08:48.110+0000][1692007][info ][gc,phases   ] GC(50)   Merge Heap Roots: 0.0ms
[2025-08-19T15:08:48.110+0000][1692007][info ][gc,phases   ] GC(50)   Evacuate Collection Set: 1.5ms
[2025-08-19T15:08:48.110+0000][1692007][info ][gc,phases   ] GC(50)   Post Evacuate Collection Set: 0.8ms
[2025-08-19T15:08:48.110+0000][1692007][info ][gc,phases   ] GC(50)   Other: 0.0ms
[2025-08-19T15:08:48.110+0000][1692007][trace][gc,age      ] GC(50) Age table with threshold 15 (max threshold 15)
[2025-08-19T15:08:48.110+0000][1692007][trace][gc,age      ] GC(50) - age   1:      12408 bytes,      12408 total
[2025-08-19T15:08:48.110+0000][1692007][trace][gc,age      ] GC(50) - age   2:       7696 bytes,      20104 total
[2025-08-19T15:08:48.110+0000][1692007][trace][gc,age      ] GC(50) - age   3:       2384 bytes,      22488 total
[2025-08-19T15:08:48.110+0000][1692007][trace][gc,age      ] GC(50) - age   4:       8640 bytes,      31128 total
[2025-08-19T15:08:48.110+0000][1692007][info ][gc,heap     ] GC(50) Eden regions: 75->0(75)
[2025-08-19T15:08:48.110+0000][1692007][info ][gc,heap     ] GC(50) Survivor regions: 1->1(10)
[2025-08-19T15:08:48.110+0000][1692007][info ][gc,heap     ] GC(50) Old regions: 30->28
[2025-08-19T15:08:48.110+0000][1692007][info ][gc,heap     ] GC(50) Humongous regions: 0->0
[2025-08-19T15:08:48.110+0000][1692007][info ][gc,metaspace] GC(50) Metaspace: 141536K(147904K)->141536K(147904K) NonClass: 122750K(126656K)->122750K(126656K) Class: 18786K(21248K)->18786K(21248K)
[2025-08-19T15:08:48.110+0000][1692007][info ][gc          ] GC(50) Pause Young (Mixed) (G1 Evacuation Pause) 417M->109M(512M) 2.592ms
[2025-08-19T15:08:48.110+0000][1692007][info ][gc,cpu      ] GC(50) User=0.00s Sys=0.00s Real=0.00s
[2025-08-19T15:08:48.110+0000][1692007][info ][safepoint   ] Safepoint "G1CollectForAllocation", Time since last: 39320360689 ns, Reaching safepoint: 4778 ns, Cleanup: 2603 ns, At safepoint: 2625686 ns, Total: 2633067 ns
[2025-08-19T15:10:07.115+0000][1692007][info ][safepoint   ] Safepoint "Cleanup", Time since last: 79004593175 ns, Reaching safepoint: 71137 ns, Cleanup: 11708 ns, At safepoint: 2484 ns, Total: 85329 ns
[2025-08-19T15:10:10.116+0000][1692007][info ][safepoint   ] Safepoint "Cleanup", Time since last: 3000675457 ns, Reaching safepoint: 6140 ns, Cleanup: 11597 ns, At safepoint: 2394 ns, Total: 20131 ns
[2025-08-19T15:14:39.132+0000][1692007][info ][safepoint   ] Safepoint "Cleanup", Time since last: 269015805226 ns, Reaching safepoint: 6149 ns, Cleanup: 10917 ns, At safepoint: 33971 ns, Total: 51037 ns
[2025-08-19T15:19:06.149+0000][1692007][info ][safepoint   ] Safepoint "Cleanup", Time since last: 267016689859 ns, Reaching safepoint: 65509 ns, Cleanup: 10296 ns, At safepoint: 4507 ns, Total: 80312 ns
[2025-08-19T15:19:38.150+0000][1692007][info ][safepoint   ] Safepoint "Cleanup", Time since last: 32001877842 ns, Reaching safepoint: 4647 ns, Cleanup: 7812 ns, At safepoint: 36174 ns, Total: 48633 ns
[2025-08-19T15:20:19.153+0000][1692007][info ][safepoint   ] Safepoint "Cleanup", Time since last: 41002348669 ns, Reaching safepoint: 67031 ns, Cleanup: 11568 ns, At safepoint: 2093 ns, Total: 80692 ns
[2025-08-19T15:20:28.477+0000][1692007][info ][gc,start    ] GC(51) Pause Young (Normal) (G1 Evacuation Pause)
[2025-08-19T15:20:28.477+0000][1692007][info ][gc,task     ] GC(51) Using 1 workers of 1 for evacuation
[2025-08-19T15:20:28.477+0000][1692007][debug][gc,age      ] GC(51) Desired survivor size 20971520 bytes, new threshold 15 (max threshold 15)
[2025-08-19T15:20:28.479+0000][1692007][info ][gc,phases   ] GC(51)   Pre Evacuate Collection Set: 0.4ms
[2025-08-19T15:20:28.479+0000][1692007][info ][gc,phases   ] GC(51)   Merge Heap Roots: 0.0ms
[2025-08-19T15:20:28.479+0000][1692007][info ][gc,phases   ] GC(51)   Evacuate Collection Set: 1.3ms
[2025-08-19T15:20:28.479+0000][1692007][info ][gc,phases   ] GC(51)   Post Evacuate Collection Set: 0.8ms
[2025-08-19T15:20:28.479+0000][1692007][info ][gc,phases   ] GC(51)   Other: 0.0ms
[2025-08-19T15:20:28.479+0000][1692007][trace][gc,age      ] GC(51) Age table with threshold 15 (max threshold 15)
[2025-08-19T15:20:28.479+0000][1692007][trace][gc,age      ] GC(51) - age   1:      13064 bytes,      13064 total
[2025-08-19T15:20:28.479+0000][1692007][trace][gc,age      ] GC(51) - age   2:       2912 bytes,      15976 total
[2025-08-19T15:20:28.479+0000][1692007][trace][gc,age      ] GC(51) - age   3:       7696 bytes,      23672 total
[2025-08-19T15:20:28.479+0000][1692007][trace][gc,age      ] GC(51) - age   4:       2384 bytes,      26056 total
[2025-08-19T15:20:28.479+0000][1692007][trace][gc,age      ] GC(51) - age   5:       8640 bytes,      34696 total
[2025-08-19T15:20:28.479+0000][1692007][info ][gc,heap     ] GC(51) Eden regions: 75->0(75)
[2025-08-19T15:20:28.479+0000][1692007][info ][gc,heap     ] GC(51) Survivor regions: 1->1(10)
[2025-08-19T15:20:28.479+0000][1692007][info ][gc,heap     ] GC(51) Old regions: 28->28
[2025-08-19T15:20:28.479+0000][1692007][info ][gc,heap     ] GC(51) Humongous regions: 0->0
[2025-08-19T15:20:28.479+0000][1692007][info ][gc,metaspace] GC(51) Metaspace: 141545K(147904K)->141545K(147904K) NonClass: 122759K(126656K)->122759K(126656K) Class: 18786K(21248K)->18786K(21248K)
[2025-08-19T15:20:28.479+0000][1692007][info ][gc          ] GC(51) Pause Young (Normal) (G1 Evacuation Pause) 409M->109M(512M) 2.609ms
[2025-08-19T15:20:28.479+0000][1692007][info ][gc,cpu      ] GC(51) User=0.00s Sys=0.00s Real=0.00s
[2025-08-19T15:20:28.479+0000][1692007][info ][safepoint   ] Safepoint "G1CollectForAllocation", Time since last: 9323662191 ns, Reaching safepoint: 7371 ns, Cleanup: 2714 ns, At safepoint: 2642130 ns, Total: 2652215 ns
[2025-08-19T15:20:36.480+0000][1692007][info ][safepoint   ] Safepoint "Cleanup", Time since last: 8000432557 ns, Reaching safepoint: 43656 ns, Cleanup: 15544 ns, At safepoint: 4507 ns, Total: 63707 ns
[2025-08-19T15:26:24.692+0000][1692007][info ][safepoint   ] Safepoint "Cleanup", Time since last: 348212672023 ns, Reaching safepoint: 48433 ns, Cleanup: 10947 ns, At safepoint: 2143 ns, Total: 61523 ns
[2025-08-19T15:32:04.750+0000][1692007][info ][safepoint   ] Safepoint "Cleanup", Time since last: 340057766438 ns, Reaching safepoint: 44638 ns, Cleanup: 12449 ns, At safepoint: 4727 ns, Total: 61814 ns
[2025-08-19T15:32:08.849+0000][1692007][info ][gc,start    ] GC(52) Pause Young (Concurrent Start) (G1 Evacuation Pause)
[2025-08-19T15:32:08.849+0000][1692007][info ][gc,task     ] GC(52) Using 1 workers of 1 for evacuation
[2025-08-19T15:32:08.849+0000][1692007][debug][gc,age      ] GC(52) Desired survivor size 20971520 bytes, new threshold 15 (max threshold 15)
[2025-08-19T15:32:08.852+0000][1692007][info ][gc,phases   ] GC(52)   Pre Evacuate Collection Set: 0.1ms
[2025-08-19T15:32:08.852+0000][1692007][info ][gc,phases   ] GC(52)   Merge Heap Roots: 0.0ms
[2025-08-19T15:32:08.852+0000][1692007][info ][gc,phases   ] GC(52)   Evacuate Collection Set: 1.8ms
[2025-08-19T15:32:08.852+0000][1692007][info ][gc,phases   ] GC(52)   Post Evacuate Collection Set: 0.7ms
[2025-08-19T15:32:08.852+0000][1692007][info ][gc,phases   ] GC(52)   Other: 0.0ms
[2025-08-19T15:32:08.852+0000][1692007][trace][gc,age      ] GC(52) Age table with threshold 15 (max threshold 15)
[2025-08-19T15:32:08.852+0000][1692007][trace][gc,age      ] GC(52) - age   1:      10088 bytes,      10088 total
[2025-08-19T15:32:08.852+0000][1692007][trace][gc,age      ] GC(52) - age   2:       3568 bytes,      13656 total
[2025-08-19T15:32:08.852+0000][1692007][trace][gc,age      ] GC(52) - age   3:       2912 bytes,      16568 total
[2025-08-19T15:32:08.852+0000][1692007][trace][gc,age      ] GC(52) - age   4:       7696 bytes,      24264 total
[2025-08-19T15:32:08.852+0000][1692007][trace][gc,age      ] GC(52) - age   5:       2384 bytes,      26648 total
[2025-08-19T15:32:08.852+0000][1692007][trace][gc,age      ] GC(52) - age   6:       8640 bytes,      35288 total
[2025-08-19T15:32:08.852+0000][1692007][info ][gc,heap     ] GC(52) Eden regions: 75->0(75)
[2025-08-19T15:32:08.852+0000][1692007][info ][gc,heap     ] GC(52) Survivor regions: 1->1(10)
[2025-08-19T15:32:08.852+0000][1692007][info ][gc,heap     ] GC(52) Old regions: 28->28
[2025-08-19T15:32:08.852+0000][1692007][info ][gc,heap     ] GC(52) Humongous regions: 0->0
[2025-08-19T15:32:08.852+0000][1692007][info ][gc,metaspace] GC(52) Metaspace: 141549K(147904K)->141549K(147904K) NonClass: 122763K(126656K)->122763K(126656K) Class: 18786K(21248K)->18786K(21248K)
[2025-08-19T15:32:08.852+0000][1692007][info ][gc          ] GC(52) Pause Young (Concurrent Start) (G1 Evacuation Pause) 409M->109M(512M) 2.917ms
[2025-08-19T15:32:08.852+0000][1692007][info ][gc,cpu      ] GC(52) User=0.01s Sys=0.00s Real=0.00s
[2025-08-19T15:32:08.852+0000][1692007][info ][safepoint   ] Safepoint "G1CollectForAllocation", Time since last: 4099045458 ns, Reaching safepoint: 4617 ns, Cleanup: 2524 ns, At safepoint: 2954873 ns, Total: 2962014 ns
[2025-08-19T15:32:08.857+0000][1692007][info ][gc          ] GC(53) Concurrent Mark Cycle
[2025-08-19T15:32:08.857+0000][1692007][info ][gc,marking  ] GC(53) Concurrent Scan Root Regions
[2025-08-19T15:32:08.858+0000][1692007][info ][gc,marking  ] GC(53) Concurrent Scan Root Regions 0.544ms
[2025-08-19T15:32:08.858+0000][1692007][info ][gc,marking  ] GC(53) Concurrent Mark
[2025-08-19T15:32:08.858+0000][1692007][info ][gc,marking  ] GC(53) Concurrent Mark From Roots
[2025-08-19T15:32:08.858+0000][1692007][info ][gc,task     ] GC(53) Using 1 workers of 1 for marking
[2025-08-19T15:32:08.984+0000][1692007][info ][gc,marking  ] GC(53) Concurrent Mark From Roots 125.716ms
[2025-08-19T15:32:08.984+0000][1692007][info ][gc,marking  ] GC(53) Concurrent Preclean
[2025-08-19T15:32:08.984+0000][1692007][info ][gc,marking  ] GC(53) Concurrent Preclean 0.230ms
[2025-08-19T15:32:08.984+0000][1692007][info ][gc,start    ] GC(53) Pause Remark
[2025-08-19T15:32:09.065+0000][1692007][info ][gc          ] GC(53) Pause Remark 110M->110M(512M) 80.583ms
[2025-08-19T15:32:09.065+0000][1692007][info ][gc,cpu      ] GC(53) User=0.03s Sys=0.00s Real=0.08s
[2025-08-19T15:32:09.065+0000][1692007][info ][safepoint   ] Safepoint "G1PauseRemark", Time since last: 131785246 ns, Reaching safepoint: 4246 ns, Cleanup: 2294 ns, At safepoint: 80657902 ns, Total: 80664442 ns
[2025-08-19T15:32:09.065+0000][1692007][info ][gc,marking  ] GC(53) Concurrent Mark 206.855ms
[2025-08-19T15:32:09.065+0000][1692007][info ][gc,marking  ] GC(53) Concurrent Rebuild Remembered Sets and Scrub Regions
[2025-08-19T15:32:09.112+0000][1692007][info ][gc,marking  ] GC(53) Concurrent Rebuild Remembered Sets and Scrub Regions 46.400ms
[2025-08-19T15:32:09.112+0000][1692007][info ][gc,start    ] GC(53) Pause Cleanup
[2025-08-19T15:32:09.112+0000][1692007][info ][gc          ] GC(53) Pause Cleanup 112M->112M(512M) 0.447ms
[2025-08-19T15:32:09.112+0000][1692007][info ][gc,cpu      ] GC(53) User=0.00s Sys=0.00s Real=0.00s
[2025-08-19T15:32:09.112+0000][1692007][info ][safepoint   ] Safepoint "G1PauseCleanup", Time since last: 47008654 ns, Reaching safepoint: 3635 ns, Cleanup: 57968 ns, At safepoint: 649511 ns, Total: 711114 ns
[2025-08-19T15:32:09.112+0000][1692007][info ][gc,marking  ] GC(53) Concurrent Clear Claimed Marks
[2025-08-19T15:32:09.113+0000][1692007][info ][gc,marking  ] GC(53) Concurrent Clear Claimed Marks 0.187ms
[2025-08-19T15:32:09.113+0000][1692007][info ][gc,marking  ] GC(53) Concurrent Cleanup for Next Mark
[2025-08-19T15:32:09.119+0000][1692007][info ][gc,marking  ] GC(53) Concurrent Cleanup for Next Mark 6.089ms
[2025-08-19T15:32:09.119+0000][1692007][info ][gc          ] GC(53) Concurrent Mark Cycle 261.366ms
[2025-08-19T15:33:06.116+0000][1692007][info ][safepoint   ] Safepoint "Cleanup", Time since last: 57003563622 ns, Reaching safepoint: 25488 ns, Cleanup: 4897 ns, At safepoint: 1543 ns, Total: 31928 ns
[2025-08-19T15:33:07.116+0000][1692007][info ][safepoint   ] Safepoint "Cleanup", Time since last: 1000097960 ns, Reaching safepoint: 6189 ns, Cleanup: 11888 ns, At safepoint: 2033 ns, Total: 20110 ns
[2025-08-19T15:34:37.122+0000][1692007][info ][safepoint   ] Safepoint "Cleanup", Time since last: 90005715960 ns, Reaching safepoint: 6419 ns, Cleanup: 11398 ns, At safepoint: 36505 ns, Total: 54322 ns
[2025-08-19T15:37:45.146+0000][1692007][info ][safepoint   ] Safepoint "Cleanup", Time since last: 188024432462 ns, Reaching safepoint: 48693 ns, Cleanup: 11507 ns, At safepoint: 5819 ns, Total: 66019 ns
[2025-08-19T15:38:36.149+0000][1692007][info ][safepoint   ] Safepoint "Cleanup", Time since last: 51002979186 ns, Reaching safepoint: 36505 ns, Cleanup: 7842 ns, At safepoint: 4046 ns, Total: 48393 ns
[2025-08-19T15:39:38.160+0000][1692007][info ][safepoint   ] Safepoint "Cleanup", Time since last: 62010925596 ns, Reaching safepoint: 6369 ns, Cleanup: 14863 ns, At safepoint: 2313 ns, Total: 23545 ns
[2025-08-19T15:40:06.162+0000][1692007][info ][safepoint   ] Safepoint "Cleanup", Time since last: 28002077777 ns, Reaching safepoint: 18498 ns, Cleanup: 7000 ns, At safepoint: 1733 ns, Total: 27231 ns
[2025-08-19T15:40:08.163+0000][1692007][info ][safepoint   ] Safepoint "Cleanup", Time since last: 2000129932 ns, Reaching safepoint: 36495 ns, Cleanup: 10747 ns, At safepoint: 2133 ns, Total: 49375 ns
[2025-08-19T15:40:09.163+0000][1692007][info ][safepoint   ] Safepoint "Cleanup", Time since last: 1000133420 ns, Reaching safepoint: 6559 ns, Cleanup: 10326 ns, At safepoint: 1813 ns, Total: 18698 ns
[2025-08-19T15:40:37.171+0000][1692007][info ][safepoint   ] Safepoint "Cleanup", Time since last: 28002791584 ns, Reaching safepoint: 1917987 ns, Cleanup: 1145910 ns, At safepoint: 1052911 ns, Total: 4116808 ns
[2025-08-19T15:43:50.915+0000][1692007][info ][gc,start    ] GC(54) Pause Young (Prepare Mixed) (G1 Evacuation Pause)
[2025-08-19T15:43:50.916+0000][1692007][info ][gc,task     ] GC(54) Using 1 workers of 1 for evacuation
[2025-08-19T15:43:51.528+0000][1692007][debug][gc,age      ] GC(54) Desired survivor size 20971520 bytes, new threshold 15 (max threshold 15)
[2025-08-19T15:43:51.778+0000][1692007][info ][gc,mmu      ] GC(54) MMU target violated: 201.0ms (200.0ms/201.0ms)
[2025-08-19T15:43:51.778+0000][1692007][info ][gc,phases   ] GC(54)   Pre Evacuate Collection Set: 4.0ms
[2025-08-19T15:43:51.778+0000][1692007][info ][gc,phases   ] GC(54)   Merge Heap Roots: 3.9ms
[2025-08-19T15:43:51.778+0000][1692007][info ][gc,phases   ] GC(54)   Evacuate Collection Set: 166.2ms
[2025-08-19T15:43:51.778+0000][1692007][info ][gc,phases   ] GC(54)   Post Evacuate Collection Set: 74.8ms
[2025-08-19T15:43:51.778+0000][1692007][info ][gc,phases   ] GC(54)   Other: 613.0ms
[2025-08-19T15:43:51.778+0000][1692007][trace][gc,age      ] GC(54) Age table with threshold 15 (max threshold 15)
[2025-08-19T15:43:51.778+0000][1692007][trace][gc,age      ] GC(54) - age   1:      10440 bytes,      10440 total
[2025-08-19T15:43:51.778+0000][1692007][trace][gc,age      ] GC(54) - age   2:        920 bytes,      11360 total
[2025-08-19T15:43:51.778+0000][1692007][trace][gc,age      ] GC(54) - age   3:       3568 bytes,      14928 total
[2025-08-19T15:43:51.778+0000][1692007][trace][gc,age      ] GC(54) - age   4:       2064 bytes,      16992 total
[2025-08-19T15:43:51.778+0000][1692007][trace][gc,age      ] GC(54) - age   5:       7696 bytes,      24688 total
[2025-08-19T15:43:51.778+0000][1692007][trace][gc,age      ] GC(54) - age   6:       2384 bytes,      27072 total
[2025-08-19T15:43:51.778+0000][1692007][trace][gc,age      ] GC(54) - age   7:       6920 bytes,      33992 total
[2025-08-19T15:43:51.778+0000][1692007][info ][gc,heap     ] GC(54) Eden regions: 75->0(75)
[2025-08-19T15:43:51.778+0000][1692007][info ][gc,heap     ] GC(54) Survivor regions: 1->1(10)
[2025-08-19T15:43:51.778+0000][1692007][info ][gc,heap     ] GC(54) Old regions: 28->28
[2025-08-19T15:43:51.778+0000][1692007][info ][gc,heap     ] GC(54) Humongous regions: 0->0
[2025-08-19T15:43:51.778+0000][1692007][info ][gc,metaspace] GC(54) Metaspace: 141657K(147904K)->141657K(147904K) NonClass: 122870K(126656K)->122870K(126656K) Class: 18786K(21248K)->18786K(21248K)
[2025-08-19T15:43:51.778+0000][1692007][info ][gc          ] GC(54) Pause Young (Prepare Mixed) (G1 Evacuation Pause) 409M->109M(512M) 863.164ms
[2025-08-19T15:43:51.778+0000][1692007][info ][gc,cpu      ] GC(54) User=0.02s Sys=0.02s Real=0.87s
[2025-08-19T15:43:51.778+0000][1692007][info ][safepoint   ] Safepoint "G1CollectForAllocation", Time since last: 193744002442 ns, Reaching safepoint: 7031 ns, Cleanup: 3124 ns, At safepoint: 864025392 ns, Total: 864035547 ns
[2025-08-19T15:45:07.165+0000][1692007][info ][safepoint   ] Safepoint "Cleanup", Time since last: 75387523252 ns, Reaching safepoint: 33721 ns, Cleanup: 10806 ns, At safepoint: 4397 ns, Total: 48924 ns
[2025-08-19T15:55:30.957+0000][1692007][info ][gc,start    ] GC(55) Pause Young (Mixed) (G1 Evacuation Pause)
[2025-08-19T15:55:30.960+0000][1692007][info ][gc,task     ] GC(55) Using 1 workers of 1 for evacuation
[2025-08-19T15:55:30.960+0000][1692007][debug][gc,age      ] GC(55) Desired survivor size 20971520 bytes, new threshold 15 (max threshold 15)
[2025-08-19T15:55:31.386+0000][1692007][info ][gc,mmu      ] GC(55) MMU target violated: 201.0ms (200.0ms/201.0ms)
[2025-08-19T15:55:31.388+0000][1692007][info ][gc,phases   ] GC(55)   Pre Evacuate Collection Set: 7.0ms
[2025-08-19T15:55:31.388+0000][1692007][info ][gc,phases   ] GC(55)   Merge Heap Roots: 3.5ms
[2025-08-19T15:55:31.388+0000][1692007][info ][gc,phases   ] GC(55)   Evacuate Collection Set: 344.4ms
[2025-08-19T15:55:31.388+0000][1692007][info ][gc,phases   ] GC(55)   Post Evacuate Collection Set: 67.0ms
[2025-08-19T15:55:31.388+0000][1692007][info ][gc,phases   ] GC(55)   Other: 4.1ms
[2025-08-19T15:55:31.388+0000][1692007][trace][gc,age      ] GC(55) Age table with threshold 15 (max threshold 15)
[2025-08-19T15:55:31.388+0000][1692007][trace][gc,age      ] GC(55) - age   1:      11664 bytes,      11664 total
[2025-08-19T15:55:31.388+0000][1692007][trace][gc,age      ] GC(55) - age   2:       1216 bytes,      12880 total
[2025-08-19T15:55:31.388+0000][1692007][trace][gc,age      ] GC(55) - age   3:        568 bytes,      13448 total
[2025-08-19T15:55:31.388+0000][1692007][trace][gc,age      ] GC(55) - age   4:       3568 bytes,      17016 total
[2025-08-19T15:55:31.388+0000][1692007][trace][gc,age      ] GC(55) - age   5:       2064 bytes,      19080 total
[2025-08-19T15:55:31.388+0000][1692007][trace][gc,age      ] GC(55) - age   6:       7632 bytes,      26712 total
[2025-08-19T15:55:31.388+0000][1692007][trace][gc,age      ] GC(55) - age   7:       2384 bytes,      29096 total
[2025-08-19T15:55:31.388+0000][1692007][trace][gc,age      ] GC(55) - age   8:       6920 bytes,      36016 total
[2025-08-19T15:55:31.388+0000][1692007][info ][gc,heap     ] GC(55) Eden regions: 75->0(75)
[2025-08-19T15:55:31.388+0000][1692007][info ][gc,heap     ] GC(55) Survivor regions: 1->1(10)
[2025-08-19T15:55:31.388+0000][1692007][info ][gc,heap     ] GC(55) Old regions: 28->26
[2025-08-19T15:55:31.388+0000][1692007][info ][gc,heap     ] GC(55) Humongous regions: 0->0
[2025-08-19T15:55:31.390+0000][1692007][info ][gc,metaspace] GC(55) Metaspace: 141659K(147904K)->141659K(147904K) NonClass: 122871K(126656K)->122871K(126656K) Class: 18787K(21248K)->18787K(21248K)
[2025-08-19T15:55:31.393+0000][1692007][info ][gc          ] GC(55) Pause Young (Mixed) (G1 Evacuation Pause) 409M->102M(512M) 434.594ms
[2025-08-19T15:55:31.393+0000][1692007][info ][gc,cpu      ] GC(55) User=0.01s Sys=0.05s Real=0.43s
[2025-08-19T15:55:31.393+0000][1692007][info ][safepoint   ] Safepoint "G1CollectForAllocation", Time since last: 623779292895 ns, Reaching safepoint: 3955363 ns, Cleanup: 3029605 ns, At safepoint: 441292368 ns, Total: 448277336 ns
[2025-08-19T15:57:08.409+0000][1692007][info ][safepoint   ] Safepoint "Cleanup", Time since last: 97010537388 ns, Reaching safepoint: 1953300 ns, Cleanup: 1313874 ns, At safepoint: 1115695 ns, Total: 4382869 ns
[2025-08-19T15:58:59.451+0000][1692007][info ][safepoint   ] Safepoint "Cleanup", Time since last: 111037658172 ns, Reaching safepoint: 2019329 ns, Cleanup: 2122546 ns, At safepoint: 3245 ns, Total: 4145120 ns
[2025-08-19T16:01:40.738+0000][1692007][info ][safepoint   ] Safepoint "Cleanup", Time since last: 161285892854 ns, Reaching safepoint: 280784 ns, Cleanup: 2181334 ns, At safepoint: 16776 ns, Total: 2478894 ns
[2025-08-19T16:02:00.767+0000][1692007][info ][safepoint   ] Safepoint "Cleanup", Time since last: 20010693806 ns, Reaching safepoint: 18174807 ns, Cleanup: 11026 ns, At safepoint: 182035 ns, Total: 18367868 ns
[2025-08-19T16:05:15.218+0000][1692007][info ][safepoint   ] Safepoint "Cleanup", Time since last: 194442300378 ns, Reaching safepoint: 1070737 ns, Cleanup: 4601479 ns, At safepoint: 1109345 ns, Total: 6781561 ns
[2025-08-19T16:07:23.713+0000][1692007][info ][gc,start    ] GC(56) Pause Young (Concurrent Start) (G1 Evacuation Pause)
[2025-08-19T16:07:23.739+0000][1692007][info ][gc,task     ] GC(56) Using 1 workers of 1 for evacuation
[2025-08-19T16:07:23.739+0000][1692007][debug][gc,age      ] GC(56) Desired survivor size 20971520 bytes, new threshold 15 (max threshold 15)
[2025-08-19T16:07:26.072+0000][1692007][info ][gc,mmu      ] GC(56) MMU target violated: 201.0ms (200.0ms/201.0ms)
[2025-08-19T16:07:26.072+0000][1692007][info ][gc,phases   ] GC(56)   Pre Evacuate Collection Set: 59.3ms
[2025-08-19T16:07:26.072+0000][1692007][info ][gc,phases   ] GC(56)   Merge Heap Roots: 2.1ms
[2025-08-19T16:07:26.072+0000][1692007][info ][gc,phases   ] GC(56)   Evacuate Collection Set: 1779.1ms
[2025-08-19T16:07:26.072+0000][1692007][info ][gc,phases   ] GC(56)   Post Evacuate Collection Set: 438.2ms
[2025-08-19T16:07:26.072+0000][1692007][info ][gc,phases   ] GC(56)   Other: 66.9ms
[2025-08-19T16:07:26.072+0000][1692007][trace][gc,age      ] GC(56) Age table with threshold 15 (max threshold 15)
[2025-08-19T16:07:26.072+0000][1692007][trace][gc,age      ] GC(56) - age   1:     107576 bytes,     107576 total
[2025-08-19T16:07:26.072+0000][1692007][trace][gc,age      ] GC(56) - age   2:       1968 bytes,     109544 total
[2025-08-19T16:07:26.072+0000][1692007][trace][gc,age      ] GC(56) - age   3:       1216 bytes,     110760 total
[2025-08-19T16:07:26.072+0000][1692007][trace][gc,age      ] GC(56) - age   4:        568 bytes,     111328 total
[2025-08-19T16:07:26.072+0000][1692007][trace][gc,age      ] GC(56) - age   5:       3568 bytes,     114896 total
[2025-08-19T16:07:26.072+0000][1692007][trace][gc,age      ] GC(56) - age   6:       2064 bytes,     116960 total
[2025-08-19T16:07:26.072+0000][1692007][trace][gc,age      ] GC(56) - age   7:       7600 bytes,     124560 total
[2025-08-19T16:07:26.072+0000][1692007][trace][gc,age      ] GC(56) - age   8:       2384 bytes,     126944 total
[2025-08-19T16:07:26.072+0000][1692007][trace][gc,age      ] GC(56) - age   9:       6920 bytes,     133864 total
[2025-08-19T16:07:26.072+0000][1692007][info ][gc,heap     ] GC(56) Eden regions: 75->0(5)
[2025-08-19T16:07:26.072+0000][1692007][info ][gc,heap     ] GC(56) Survivor regions: 1->1(10)
[2025-08-19T16:07:26.072+0000][1692007][info ][gc,heap     ] GC(56) Old regions: 26->26
[2025-08-19T16:07:26.072+0000][1692007][info ][gc,heap     ] GC(56) Humongous regions: 0->0
[2025-08-19T16:07:26.073+0000][1692007][info ][gc,metaspace] GC(56) Metaspace: 141659K(147904K)->141659K(147904K) NonClass: 122871K(126656K)->122871K(126656K) Class: 18788K(21248K)->18788K(21248K)
[2025-08-19T16:07:26.081+0000][1692007][info ][gc          ] GC(56) Pause Young (Concurrent Start) (G1 Evacuation Pause) 402M->102M(512M) 2385.417ms
[2025-08-19T16:07:26.081+0000][1692007][info ][gc,cpu      ] GC(56) User=0.02s Sys=0.41s Real=2.43s
[2025-08-19T16:07:26.081+0000][1692007][info ][safepoint   ] Safepoint "G1CollectForAllocation", Time since last: 128343281186 ns, Reaching safepoint: 4412203 ns, Cleanup: 39895838 ns, At safepoint: 2477092371 ns, Total: 2521400412 ns
[2025-08-19T16:07:26.085+0000][1692007][info ][gc          ] GC(57) Concurrent Mark Cycle
[2025-08-19T16:07:26.085+0000][1692007][info ][gc,marking  ] GC(57) Concurrent Scan Root Regions
[2025-08-19T16:07:26.626+0000][1692007][info ][gc,marking  ] GC(57) Concurrent Scan Root Regions 541.305ms
[2025-08-19T16:07:26.626+0000][1692007][info ][gc,marking  ] GC(57) Concurrent Mark
[2025-08-19T16:07:26.626+0000][1692007][info ][gc,marking  ] GC(57) Concurrent Mark From Roots
[2025-08-19T16:07:26.626+0000][1692007][info ][gc,task     ] GC(57) Using 1 workers of 1 for marking
[2025-08-19T16:07:27.085+0000][1692007][info ][safepoint   ] Safepoint "Cleanup", Time since last: 1003702051 ns, Reaching safepoint: 67221 ns, Cleanup: 13070 ns, At safepoint: 34893 ns, Total: 115184 ns
[2025-08-19T16:07:31.597+0000][1692007][info ][gc,marking  ] GC(57) Concurrent Mark From Roots 4970.518ms
[2025-08-19T16:07:31.597+0000][1692007][info ][gc,marking  ] GC(57) Concurrent Preclean
[2025-08-19T16:07:31.597+0000][1692007][info ][gc,marking  ] GC(57) Concurrent Preclean 0.300ms
[2025-08-19T16:07:31.600+0000][1692007][info ][gc,start    ] GC(57) Pause Remark
[2025-08-19T16:07:34.442+0000][1692007][info ][gc,mmu      ] GC(57) MMU target violated: 201.0ms (200.0ms/201.0ms)
[2025-08-19T16:07:34.443+0000][1692007][info ][gc          ] GC(57) Pause Remark 107M->107M(512M) 2842.942ms
[2025-08-19T16:07:34.443+0000][1692007][info ][gc,cpu      ] GC(57) User=0.02s Sys=0.48s Real=2.84s
[2025-08-19T16:07:34.482+0000][1692007][info ][safepoint   ] Safepoint "G1PauseRemark", Time since last: 4514932915 ns, Reaching safepoint: 30876 ns, Cleanup: 2715 ns, At safepoint: 2882620028 ns, Total: 2882653619 ns
[2025-08-19T16:07:34.482+0000][1692007][info ][gc,marking  ] GC(57) Concurrent Mark 7856.168ms
[2025-08-19T16:07:34.483+0000][1692007][info ][gc,marking  ] GC(57) Concurrent Rebuild Remembered Sets and Scrub Regions
[2025-08-19T16:07:34.645+0000][1692007][info ][gc,marking  ] GC(57) Concurrent Rebuild Remembered Sets and Scrub Regions 162.327ms
[2025-08-19T16:07:34.645+0000][1692007][info ][gc,start    ] GC(57) Pause Cleanup
[2025-08-19T16:07:34.646+0000][1692007][info ][gc          ] GC(57) Pause Cleanup 107M->107M(512M) 0.447ms
[2025-08-19T16:07:34.646+0000][1692007][info ][gc,cpu      ] GC(57) User=0.00s Sys=0.00s Real=0.01s
[2025-08-19T16:07:34.646+0000][1692007][info ][safepoint   ] Safepoint "G1PauseCleanup", Time since last: 162923108 ns, Reaching safepoint: 4256 ns, Cleanup: 3536 ns, At safepoint: 620697 ns, Total: 628489 ns
[2025-08-19T16:07:34.646+0000][1692007][info ][gc,marking  ] GC(57) Concurrent Clear Claimed Marks
[2025-08-19T16:07:34.646+0000][1692007][info ][gc,marking  ] GC(57) Concurrent Clear Claimed Marks 0.200ms
[2025-08-19T16:07:34.646+0000][1692007][info ][gc,marking  ] GC(57) Concurrent Cleanup for Next Mark
[2025-08-19T16:07:35.587+0000][1692007][info ][gc,marking  ] GC(57) Concurrent Cleanup for Next Mark 941.357ms
[2025-08-19T16:07:35.587+0000][1692007][info ][gc          ] GC(57) Concurrent Mark Cycle 9502.890ms
[2025-08-19T16:08:11.461+0000][1692007][info ][gc,start    ] GC(58) Pause Young (Prepare Mixed) (G1 Evacuation Pause)
[2025-08-19T16:08:11.461+0000][1692007][info ][gc,task     ] GC(58) Using 1 workers of 1 for evacuation
[2025-08-19T16:08:11.461+0000][1692007][debug][gc,age      ] GC(58) Desired survivor size 2097152 bytes, new threshold 15 (max threshold 15)
[2025-08-19T16:08:11.519+0000][1692007][info ][gc,phases   ] GC(58)   Pre Evacuate Collection Set: 0.3ms
[2025-08-19T16:08:11.519+0000][1692007][info ][gc,phases   ] GC(58)   Merge Heap Roots: 0.7ms
[2025-08-19T16:08:11.519+0000][1692007][info ][gc,phases   ] GC(58)   Evacuate Collection Set: 53.0ms
[2025-08-19T16:08:11.519+0000][1692007][info ][gc,phases   ] GC(58)   Post Evacuate Collection Set: 4.4ms
[2025-08-19T16:08:11.519+0000][1692007][info ][gc,phases   ] GC(58)   Other: 0.3ms
[2025-08-19T16:08:11.519+0000][1692007][trace][gc,age      ] GC(58) Age table with threshold 15 (max threshold 15)
[2025-08-19T16:08:11.519+0000][1692007][trace][gc,age      ] GC(58) - age   1:       7520 bytes,       7520 total
[2025-08-19T16:08:11.519+0000][1692007][trace][gc,age      ] GC(58) - age   2:      10872 bytes,      18392 total
[2025-08-19T16:08:11.519+0000][1692007][trace][gc,age      ] GC(58) - age   3:       1968 bytes,      20360 total
[2025-08-19T16:08:11.519+0000][1692007][trace][gc,age      ] GC(58) - age   4:       1216 bytes,      21576 total
[2025-08-19T16:08:11.519+0000][1692007][trace][gc,age      ] GC(58) - age   5:        568 bytes,      22144 total
[2025-08-19T16:08:11.519+0000][1692007][trace][gc,age      ] GC(58) - age   6:       3568 bytes,      25712 total
[2025-08-19T16:08:11.519+0000][1692007][trace][gc,age      ] GC(58) - age   7:       2064 bytes,      27776 total
[2025-08-19T16:08:11.519+0000][1692007][trace][gc,age      ] GC(58) - age   8:       7600 bytes,      35376 total
[2025-08-19T16:08:11.519+0000][1692007][trace][gc,age      ] GC(58) - age   9:       2384 bytes,      37760 total
[2025-08-19T16:08:11.519+0000][1692007][trace][gc,age      ] GC(58) - age  10:       6840 bytes,      44600 total
[2025-08-19T16:08:11.519+0000][1692007][info ][gc,heap     ] GC(58) Eden regions: 5->0(5)
[2025-08-19T16:08:11.519+0000][1692007][info ][gc,heap     ] GC(58) Survivor regions: 1->1(1)
[2025-08-19T16:08:11.519+0000][1692007][info ][gc,heap     ] GC(58) Old regions: 26->26
[2025-08-19T16:08:11.519+0000][1692007][info ][gc,heap     ] GC(58) Humongous regions: 0->0
[2025-08-19T16:08:11.519+0000][1692007][info ][gc,metaspace] GC(58) Metaspace: 141661K(147904K)->141661K(147904K) NonClass: 122873K(126656K)->122873K(126656K) Class: 18788K(21248K)->18788K(21248K)
[2025-08-19T16:08:11.519+0000][1692007][info ][gc          ] GC(58) Pause Young (Prepare Mixed) (G1 Evacuation Pause) 122M->102M(512M) 58.758ms
[2025-08-19T16:08:11.519+0000][1692007][info ][gc,cpu      ] GC(58) User=0.01s Sys=0.02s Real=0.06s
[2025-08-19T16:08:11.519+0000][1692007][info ][safepoint   ] Safepoint "G1CollectForAllocation", Time since last: 36814738752 ns, Reaching safepoint: 11698 ns, Cleanup: 4587 ns, At safepoint: 58803011 ns, Total: 58819296 ns
[2025-08-19T16:08:57.586+0000][1692007][info ][gc,start    ] GC(59) Pause Young (Mixed) (G1 Evacuation Pause)
[2025-08-19T16:08:57.587+0000][1692007][info ][gc,task     ] GC(59) Using 1 workers of 1 for evacuation
[2025-08-19T16:08:57.587+0000][1692007][debug][gc,age      ] GC(59) Desired survivor size 2097152 bytes, new threshold 15 (max threshold 15)
[2025-08-19T16:08:58.967+0000][1692007][info ][gc,mmu      ] GC(59) MMU target violated: 201.0ms (200.0ms/201.0ms)
[2025-08-19T16:08:58.972+0000][1692007][info ][gc,phases   ] GC(59)   Pre Evacuate Collection Set: 29.5ms
[2025-08-19T16:08:58.972+0000][1692007][info ][gc,phases   ] GC(59)   Merge Heap Roots: 14.7ms
[2025-08-19T16:08:58.972+0000][1692007][info ][gc,phases   ] GC(59)   Evacuate Collection Set: 1301.8ms
[2025-08-19T16:08:58.972+0000][1692007][info ][gc,phases   ] GC(59)   Post Evacuate Collection Set: 27.5ms
[2025-08-19T16:08:58.974+0000][1692007][info ][gc,phases   ] GC(59)   Other: 6.8ms
[2025-08-19T16:08:58.974+0000][1692007][trace][gc,age      ] GC(59) Age table with threshold 15 (max threshold 15)
[2025-08-19T16:08:58.974+0000][1692007][trace][gc,age      ] GC(59) - age   1:       7296 bytes,       7296 total
[2025-08-19T16:08:58.974+0000][1692007][trace][gc,age      ] GC(59) - age   2:        656 bytes,       7952 total
[2025-08-19T16:08:58.974+0000][1692007][trace][gc,age      ] GC(59) - age   3:      10440 bytes,      18392 total
[2025-08-19T16:08:58.974+0000][1692007][trace][gc,age      ] GC(59) - age   4:       1968 bytes,      20360 total
[2025-08-19T16:08:58.974+0000][1692007][trace][gc,age      ] GC(59) - age   5:       1216 bytes,      21576 total
[2025-08-19T16:08:58.974+0000][1692007][trace][gc,age      ] GC(59) - age   6:        568 bytes,      22144 total
[2025-08-19T16:08:58.974+0000][1692007][trace][gc,age      ] GC(59) - age   7:       3568 bytes,      25712 total
[2025-08-19T16:08:58.974+0000][1692007][trace][gc,age      ] GC(59) - age   8:       2064 bytes,      27776 total
[2025-08-19T16:08:58.974+0000][1692007][trace][gc,age      ] GC(59) - age   9:       7600 bytes,      35376 total
[2025-08-19T16:08:58.974+0000][1692007][trace][gc,age      ] GC(59) - age  10:       2384 bytes,      37760 total
[2025-08-19T16:08:58.974+0000][1692007][trace][gc,age      ] GC(59) - age  11:       6840 bytes,      44600 total
[2025-08-19T16:08:58.978+0000][1692007][info ][gc,heap     ] GC(59) Eden regions: 5->0(5)
[2025-08-19T16:08:58.978+0000][1692007][info ][gc,heap     ] GC(59) Survivor regions: 1->1(1)
[2025-08-19T16:08:58.978+0000][1692007][info ][gc,heap     ] GC(59) Old regions: 26->26
[2025-08-19T16:08:58.978+0000][1692007][info ][gc,heap     ] GC(59) Humongous regions: 0->0
[2025-08-19T16:08:58.982+0000][1692007][info ][gc,metaspace] GC(59) Metaspace: 141661K(147904K)->141661K(147904K) NonClass: 122873K(126656K)->122873K(126656K) Class: 18788K(21248K)->18788K(21248K)
[2025-08-19T16:08:58.987+0000][1692007][info ][gc          ] GC(59) Pause Young (Mixed) (G1 Evacuation Pause) 122M->100M(512M) 1398.899ms
[2025-08-19T16:08:58.989+0000][1692007][info ][gc,cpu      ] GC(59) User=0.01s Sys=0.28s Real=1.40s
[2025-08-19T16:08:58.989+0000][1692007][info ][safepoint   ] Safepoint "G1CollectForAllocation", Time since last: 46066773662 ns, Reaching safepoint: 12689 ns, Cleanup: 4006 ns, At safepoint: 1402800759 ns, Total: 1402817454 ns
[2025-08-19T16:09:44.239+0000][1692007][info ][gc,start    ] GC(60) Pause Young (Mixed) (G1 Evacuation Pause)
[2025-08-19T16:09:44.256+0000][1692007][info ][gc,task     ] GC(60) Using 1 workers of 1 for evacuation
[2025-08-19T16:09:44.256+0000][1692007][debug][gc,age      ] GC(60) Desired survivor size 2097152 bytes, new threshold 15 (max threshold 15)
[2025-08-19T16:09:46.498+0000][1692007][info ][gc,mmu      ] GC(60) MMU target violated: 201.0ms (200.0ms/201.0ms)
[2025-08-19T16:09:46.498+0000][1692007][info ][gc,phases   ] GC(60)   Pre Evacuate Collection Set: 12.2ms
[2025-08-19T16:09:46.498+0000][1692007][info ][gc,phases   ] GC(60)   Merge Heap Roots: 38.8ms
[2025-08-19T16:09:46.498+0000][1692007][info ][gc,phases   ] GC(60)   Evacuate Collection Set: 1869.2ms
[2025-08-19T16:09:46.498+0000][1692007][info ][gc,phases   ] GC(60)   Post Evacuate Collection Set: 320.3ms
[2025-08-19T16:09:46.498+0000][1692007][info ][gc,phases   ] GC(60)   Other: 18.0ms
[2025-08-19T16:09:46.498+0000][1692007][trace][gc,age      ] GC(60) Age table with threshold 15 (max threshold 15)
[2025-08-19T16:09:46.499+0000][1692007][trace][gc,age      ] GC(60) - age   1:       9400 bytes,       9400 total
[2025-08-19T16:09:46.499+0000][1692007][trace][gc,age      ] GC(60) - age   2:        256 bytes,       9656 total
[2025-08-19T16:09:46.499+0000][1692007][trace][gc,age      ] GC(60) - age   3:         32 bytes,       9688 total
[2025-08-19T16:09:46.499+0000][1692007][trace][gc,age      ] GC(60) - age   4:      10408 bytes,      20096 total
[2025-08-19T16:09:46.499+0000][1692007][trace][gc,age      ] GC(60) - age   5:       1968 bytes,      22064 total
[2025-08-19T16:09:46.499+0000][1692007][trace][gc,age      ] GC(60) - age   6:       1216 bytes,      23280 total
[2025-08-19T16:09:46.499+0000][1692007][trace][gc,age      ] GC(60) - age   7:        568 bytes,      23848 total
[2025-08-19T16:09:46.499+0000][1692007][trace][gc,age      ] GC(60) - age   8:       3568 bytes,      27416 total
[2025-08-19T16:09:46.499+0000][1692007][trace][gc,age      ] GC(60) - age   9:       2064 bytes,      29480 total
[2025-08-19T16:09:46.499+0000][1692007][trace][gc,age      ] GC(60) - age  10:       7600 bytes,      37080 total
[2025-08-19T16:09:46.499+0000][1692007][trace][gc,age      ] GC(60) - age  11:       2384 bytes,      39464 total
[2025-08-19T16:09:46.499+0000][1692007][trace][gc,age      ] GC(60) - age  12:       6840 bytes,      46304 total
[2025-08-19T16:09:46.499+0000][1692007][info ][gc,heap     ] GC(60) Eden regions: 5->0(5)
[2025-08-19T16:09:46.499+0000][1692007][info ][gc,heap     ] GC(60) Survivor regions: 1->1(1)
[2025-08-19T16:09:46.499+0000][1692007][info ][gc,heap     ] GC(60) Old regions: 26->25
[2025-08-19T16:09:46.499+0000][1692007][info ][gc,heap     ] GC(60) Humongous regions: 0->0
[2025-08-19T16:09:46.499+0000][1692007][info ][gc,metaspace] GC(60) Metaspace: 141661K(147904K)->141661K(147904K) NonClass: 122873K(126656K)->122873K(126656K) Class: 18788K(21248K)->18788K(21248K)
[2025-08-19T16:09:46.499+0000][1692007][info ][gc          ] GC(60) Pause Young (Mixed) (G1 Evacuation Pause) 120M->98M(512M) 2259.645ms
[2025-08-19T16:09:46.499+0000][1692007][info ][gc,cpu      ] GC(60) User=0.01s Sys=0.44s Real=2.26s
[2025-08-19T16:09:46.499+0000][1692007][info ][safepoint   ] Safepoint "G1CollectForAllocation", Time since last: 45232627636 ns, Reaching safepoint: 1359523 ns, Cleanup: 16132472 ns, At safepoint: 2259985687 ns, Total: 2277477682 ns
[2025-08-19T16:10:33.897+0000][1692007][info ][gc,start    ] GC(61) Pause Young (Concurrent Start) (G1 Evacuation Pause)
[2025-08-19T16:10:33.897+0000][1692007][info ][gc,task     ] GC(61) Using 1 workers of 1 for evacuation
[2025-08-19T16:10:33.897+0000][1692007][debug][gc,age      ] GC(61) Desired survivor size 2097152 bytes, new threshold 15 (max threshold 15)
[2025-08-19T16:10:34.063+0000][1692007][info ][gc,phases   ] GC(61)   Pre Evacuate Collection Set: 0.5ms
[2025-08-19T16:10:34.063+0000][1692007][info ][gc,phases   ] GC(61)   Merge Heap Roots: 0.1ms
[2025-08-19T16:10:34.063+0000][1692007][info ][gc,phases   ] GC(61)   Evacuate Collection Set: 160.3ms
[2025-08-19T16:10:34.063+0000][1692007][info ][gc,phases   ] GC(61)   Post Evacuate Collection Set: 5.2ms
[2025-08-19T16:10:34.063+0000][1692007][info ][gc,phases   ] GC(61)   Other: 0.1ms
[2025-08-19T16:10:34.063+0000][1692007][trace][gc,age      ] GC(61) Age table with threshold 15 (max threshold 15)
[2025-08-19T16:10:34.063+0000][1692007][trace][gc,age      ] GC(61) - age   1:      94744 bytes,      94744 total
[2025-08-19T16:10:34.063+0000][1692007][trace][gc,age      ] GC(61) - age   2:       1400 bytes,      96144 total
[2025-08-19T16:10:34.063+0000][1692007][trace][gc,age      ] GC(61) - age   3:         32 bytes,      96176 total
[2025-08-19T16:10:34.063+0000][1692007][trace][gc,age      ] GC(61) - age   4:         32 bytes,      96208 total
[2025-08-19T16:10:34.063+0000][1692007][trace][gc,age      ] GC(61) - age   5:      10408 bytes,     106616 total
[2025-08-19T16:10:34.063+0000][1692007][trace][gc,age      ] GC(61) - age   6:       1968 bytes,     108584 total
[2025-08-19T16:10:34.063+0000][1692007][trace][gc,age      ] GC(61) - age   7:       1216 bytes,     109800 total
[2025-08-19T16:10:34.063+0000][1692007][trace][gc,age      ] GC(61) - age   8:        568 bytes,     110368 total
[2025-08-19T16:10:34.063+0000][1692007][trace][gc,age      ] GC(61) - age   9:       3568 bytes,     113936 total
[2025-08-19T16:10:34.063+0000][1692007][trace][gc,age      ] GC(61) - age  10:       2064 bytes,     116000 total
[2025-08-19T16:10:34.063+0000][1692007][trace][gc,age      ] GC(61) - age  11:       7600 bytes,     123600 total
[2025-08-19T16:10:34.063+0000][1692007][trace][gc,age      ] GC(61) - age  12:       2384 bytes,     125984 total
[2025-08-19T16:10:34.063+0000][1692007][trace][gc,age      ] GC(61) - age  13:       6840 bytes,     132824 total
[2025-08-19T16:10:34.063+0000][1692007][info ][gc,heap     ] GC(61) Eden regions: 5->0(5)
[2025-08-19T16:10:34.063+0000][1692007][info ][gc,heap     ] GC(61) Survivor regions: 1->1(1)
[2025-08-19T16:10:34.063+0000][1692007][info ][gc,heap     ] GC(61) Old regions: 25->25
[2025-08-19T16:10:34.064+0000][1692007][info ][gc,heap     ] GC(61) Humongous regions: 0->0
[2025-08-19T16:10:34.064+0000][1692007][info ][gc,metaspace] GC(61) Metaspace: 141662K(147904K)->141662K(147904K) NonClass: 122874K(126656K)->122874K(126656K) Class: 18788K(21248K)->18788K(21248K)
[2025-08-19T16:10:34.064+0000][1692007][info ][gc          ] GC(61) Pause Young (Concurrent Start) (G1 Evacuation Pause) 118M->98M(512M) 166.514ms
[2025-08-19T16:10:34.064+0000][1692007][info ][gc,cpu      ] GC(61) User=0.01s Sys=0.03s Real=0.16s
[2025-08-19T16:10:34.064+0000][1692007][info ][safepoint   ] Safepoint "G1CollectForAllocation", Time since last: 47397944511 ns, Reaching safepoint: 109405 ns, Cleanup: 5238 ns, At safepoint: 166994120 ns, Total: 167108763 ns
[2025-08-19T16:10:34.067+0000][1692007][info ][gc          ] GC(62) Concurrent Mark Cycle
[2025-08-19T16:10:34.068+0000][1692007][info ][gc,marking  ] GC(62) Concurrent Scan Root Regions
[2025-08-19T16:10:34.433+0000][1692007][info ][gc,marking  ] GC(62) Concurrent Scan Root Regions 364.662ms
[2025-08-19T16:10:34.433+0000][1692007][info ][gc,marking  ] GC(62) Concurrent Mark
[2025-08-19T16:10:34.433+0000][1692007][info ][gc,marking  ] GC(62) Concurrent Mark From Roots
[2025-08-19T16:10:34.434+0000][1692007][info ][gc,task     ] GC(62) Using 1 workers of 1 for marking
[2025-08-19T16:10:38.376+0000][1692007][info ][gc,marking  ] GC(62) Concurrent Mark From Roots 3942.987ms
[2025-08-19T16:10:38.376+0000][1692007][info ][gc,marking  ] GC(62) Concurrent Preclean
[2025-08-19T16:10:38.376+0000][1692007][info ][gc,marking  ] GC(62) Concurrent Preclean 0.316ms
[2025-08-19T16:10:38.426+0000][1692007][info ][gc,start    ] GC(62) Pause Remark
[2025-08-19T16:10:41.161+0000][1692007][info ][gc,mmu      ] GC(62) MMU target violated: 201.0ms (200.0ms/201.0ms)
[2025-08-19T16:10:41.161+0000][1692007][info ][gc          ] GC(62) Pause Remark 101M->101M(512M) 2735.793ms
[2025-08-19T16:10:41.162+0000][1692007][info ][gc,cpu      ] GC(62) User=0.07s Sys=0.47s Real=2.73s
[2025-08-19T16:10:41.164+0000][1692007][info ][safepoint   ] Safepoint "G1PauseRemark", Time since last: 4361573081 ns, Reaching safepoint: 10977 ns, Cleanup: 3635 ns, At safepoint: 2738412804 ns, Total: 2738427416 ns
[2025-08-19T16:10:41.184+0000][1692007][info ][gc,marking  ] GC(62) Concurrent Mark 6751.301ms
[2025-08-19T16:10:41.184+0000][1692007][info ][gc,marking  ] GC(62) Concurrent Rebuild Remembered Sets and Scrub Regions
[2025-08-19T16:10:41.332+0000][1692007][info ][gc,marking  ] GC(62) Concurrent Rebuild Remembered Sets and Scrub Regions 147.816ms
[2025-08-19T16:10:41.332+0000][1692007][info ][gc,start    ] GC(62) Pause Cleanup
[2025-08-19T16:10:41.332+0000][1692007][info ][gc          ] GC(62) Pause Cleanup 101M->101M(512M) 0.484ms
[2025-08-19T16:10:41.333+0000][1692007][info ][gc,cpu      ] GC(62) User=0.00s Sys=0.00s Real=0.00s
[2025-08-19T16:10:41.333+0000][1692007][info ][safepoint   ] Safepoint "G1PauseCleanup", Time since last: 167744614 ns, Reaching safepoint: 4177 ns, Cleanup: 161283 ns, At safepoint: 693588 ns, Total: 859048 ns
[2025-08-19T16:10:41.333+0000][1692007][info ][gc,marking  ] GC(62) Concurrent Clear Claimed Marks
[2025-08-19T16:10:41.333+0000][1692007][info ][gc,marking  ] GC(62) Concurrent Clear Claimed Marks 0.189ms
[2025-08-19T16:10:41.333+0000][1692007][info ][gc,marking  ] GC(62) Concurrent Cleanup for Next Mark
[2025-08-19T16:10:41.614+0000][1692007][info ][gc,marking  ] GC(62) Concurrent Cleanup for Next Mark 281.099ms
[2025-08-19T16:10:41.614+0000][1692007][info ][gc          ] GC(62) Concurrent Mark Cycle 7546.722ms
[2025-08-19T16:11:22.597+0000][1692007][info ][gc,start    ] GC(63) Pause Young (Prepare Mixed) (G1 Evacuation Pause)
[2025-08-19T16:11:22.644+0000][1692007][info ][gc,task     ] GC(63) Using 1 workers of 1 for evacuation
[2025-08-19T16:11:22.644+0000][1692007][debug][gc,age      ] GC(63) Desired survivor size 2097152 bytes, new threshold 15 (max threshold 15)
[2025-08-19T16:11:23.121+0000][1692007][info ][gc,mmu      ] GC(63) MMU target violated: 201.0ms (200.0ms/201.0ms)
[2025-08-19T16:11:23.149+0000][1692007][info ][gc,phases   ] GC(63)   Pre Evacuate Collection Set: 3.5ms
[2025-08-19T16:11:23.149+0000][1692007][info ][gc,phases   ] GC(63)   Merge Heap Roots: 0.5ms
[2025-08-19T16:11:23.149+0000][1692007][info ][gc,phases   ] GC(63)   Evacuate Collection Set: 283.7ms
[2025-08-19T16:11:23.149+0000][1692007][info ][gc,phases   ] GC(63)   Post Evacuate Collection Set: 94.1ms
[2025-08-19T16:11:23.149+0000][1692007][info ][gc,phases   ] GC(63)   Other: 137.7ms
[2025-08-19T16:11:23.149+0000][1692007][trace][gc,age      ] GC(63) Age table with threshold 15 (max threshold 15)
[2025-08-19T16:11:23.149+0000][1692007][trace][gc,age      ] GC(63) - age   1:      11120 bytes,      11120 total
[2025-08-19T16:11:23.149+0000][1692007][trace][gc,age      ] GC(63) - age   2:        288 bytes,      11408 total
[2025-08-19T16:11:23.149+0000][1692007][trace][gc,age      ] GC(63) - age   3:        392 bytes,      11800 total
[2025-08-19T16:11:23.149+0000][1692007][trace][gc,age      ] GC(63) - age   4:         32 bytes,      11832 total
[2025-08-19T16:11:23.149+0000][1692007][trace][gc,age      ] GC(63) - age   6:      10192 bytes,      22024 total
[2025-08-19T16:11:23.149+0000][1692007][trace][gc,age      ] GC(63) - age   7:       1968 bytes,      23992 total
[2025-08-19T16:11:23.149+0000][1692007][trace][gc,age      ] GC(63) - age   8:       1216 bytes,      25208 total
[2025-08-19T16:11:23.149+0000][1692007][trace][gc,age      ] GC(63) - age   9:        568 bytes,      25776 total
[2025-08-19T16:11:23.149+0000][1692007][trace][gc,age      ] GC(63) - age  10:       3568 bytes,      29344 total
[2025-08-19T16:11:23.149+0000][1692007][trace][gc,age      ] GC(63) - age  11:       2064 bytes,      31408 total
[2025-08-19T16:11:23.149+0000][1692007][trace][gc,age      ] GC(63) - age  12:       7600 bytes,      39008 total
[2025-08-19T16:11:23.149+0000][1692007][trace][gc,age      ] GC(63) - age  13:       2384 bytes,      41392 total
[2025-08-19T16:11:23.149+0000][1692007][trace][gc,age      ] GC(63) - age  14:       6840 bytes,      48232 total
[2025-08-19T16:11:23.151+0000][1692007][info ][gc,heap     ] GC(63) Eden regions: 5->0(5)
[2025-08-19T16:11:23.151+0000][1692007][info ][gc,heap     ] GC(63) Survivor regions: 1->1(1)
[2025-08-19T16:11:23.151+0000][1692007][info ][gc,heap     ] GC(63) Old regions: 25->25
[2025-08-19T16:11:23.151+0000][1692007][info ][gc,heap     ] GC(63) Humongous regions: 0->0
[2025-08-19T16:11:23.159+0000][1692007][info ][gc,metaspace] GC(63) Metaspace: 141662K(147904K)->141662K(147904K) NonClass: 122874K(126656K)->122874K(126656K) Class: 18788K(21248K)->18788K(21248K)
[2025-08-19T16:11:23.172+0000][1692007][info ][gc          ] GC(63) Pause Young (Prepare Mixed) (G1 Evacuation Pause) 118M->98M(512M) 590.817ms
[2025-08-19T16:11:23.172+0000][1692007][info ][gc,cpu      ] GC(63) User=0.01s Sys=0.07s Real=0.60s
[2025-08-19T16:11:23.172+0000][1692007][info ][safepoint   ] Safepoint "G1CollectForAllocation", Time since last: 41158095588 ns, Reaching safepoint: 39390 ns, Cleanup: 11247576 ns, At safepoint: 669602808 ns, Total: 680889774 ns
[2025-08-19T16:12:08.271+0000][1692007][info ][safepoint   ] Safepoint "Cleanup", Time since last: 45099436115 ns, Reaching safepoint: 33671 ns, Cleanup: 11237 ns, At safepoint: 2514 ns, Total: 47422 ns
[2025-08-19T16:12:08.293+0000][1692007][info ][gc,start    ] GC(64) Pause Young (Mixed) (G1 Evacuation Pause)
[2025-08-19T16:12:08.293+0000][1692007][info ][gc,task     ] GC(64) Using 1 workers of 1 for evacuation
[2025-08-19T16:12:08.293+0000][1692007][debug][gc,age      ] GC(64) Desired survivor size 2097152 bytes, new threshold 15 (max threshold 15)
[2025-08-19T16:12:09.121+0000][1692007][info ][gc,mmu      ] GC(64) MMU target violated: 201.0ms (200.0ms/201.0ms)
[2025-08-19T16:12:09.121+0000][1692007][info ][gc,phases   ] GC(64)   Pre Evacuate Collection Set: 0.1ms
[2025-08-19T16:12:09.121+0000][1692007][info ][gc,phases   ] GC(64)   Merge Heap Roots: 0.3ms
[2025-08-19T16:12:09.121+0000][1692007][info ][gc,phases   ] GC(64)   Evacuate Collection Set: 825.3ms
[2025-08-19T16:12:09.121+0000][1692007][info ][gc,phases   ] GC(64)   Post Evacuate Collection Set: 2.5ms
[2025-08-19T16:12:09.121+0000][1692007][info ][gc,phases   ] GC(64)   Other: 0.1ms
[2025-08-19T16:12:09.121+0000][1692007][trace][gc,age      ] GC(64) Age table with threshold 15 (max threshold 15)
[2025-08-19T16:12:09.121+0000][1692007][trace][gc,age      ] GC(64) - age   1:       9624 bytes,       9624 total
[2025-08-19T16:12:09.121+0000][1692007][trace][gc,age      ] GC(64) - age   2:        648 bytes,      10272 total
[2025-08-19T16:12:09.121+0000][1692007][trace][gc,age      ] GC(64) - age   3:         64 bytes,      10336 total
[2025-08-19T16:12:09.121+0000][1692007][trace][gc,age      ] GC(64) - age   4:         32 bytes,      10368 total
[2025-08-19T16:12:09.121+0000][1692007][trace][gc,age      ] GC(64) - age   7:       9576 bytes,      19944 total
[2025-08-19T16:12:09.121+0000][1692007][trace][gc,age      ] GC(64) - age   8:       1968 bytes,      21912 total
[2025-08-19T16:12:09.121+0000][1692007][trace][gc,age      ] GC(64) - age   9:       1216 bytes,      23128 total
[2025-08-19T16:12:09.121+0000][1692007][trace][gc,age      ] GC(64) - age  10:        568 bytes,      23696 total
[2025-08-19T16:12:09.121+0000][1692007][trace][gc,age      ] GC(64) - age  11:       3568 bytes,      27264 total
[2025-08-19T16:12:09.121+0000][1692007][trace][gc,age      ] GC(64) - age  12:       2064 bytes,      29328 total
[2025-08-19T16:12:09.121+0000][1692007][trace][gc,age      ] GC(64) - age  13:       7600 bytes,      36928 total
[2025-08-19T16:12:09.121+0000][1692007][trace][gc,age      ] GC(64) - age  14:       2384 bytes,      39312 total
[2025-08-19T16:12:09.121+0000][1692007][trace][gc,age      ] GC(64) - age  15:       6840 bytes,      46152 total
[2025-08-19T16:12:09.121+0000][1692007][info ][gc,heap     ] GC(64) Eden regions: 5->0(5)
[2025-08-19T16:12:09.121+0000][1692007][info ][gc,heap     ] GC(64) Survivor regions: 1->1(1)
[2025-08-19T16:12:09.121+0000][1692007][info ][gc,heap     ] GC(64) Old regions: 25->25
[2025-08-19T16:12:09.121+0000][1692007][info ][gc,heap     ] GC(64) Humongous regions: 0->0
[2025-08-19T16:12:09.121+0000][1692007][info ][gc,metaspace] GC(64) Metaspace: 141662K(147904K)->141662K(147904K) NonClass: 122874K(126656K)->122874K(126656K) Class: 18788K(21248K)->18788K(21248K)
[2025-08-19T16:12:09.121+0000][1692007][info ][gc          ] GC(64) Pause Young (Mixed) (G1 Evacuation Pause) 118M->97M(512M) 828.539ms
[2025-08-19T16:12:09.123+0000][1692007][info ][gc,cpu      ] GC(64) User=0.01s Sys=0.16s Real=0.83s
[2025-08-19T16:12:09.123+0000][1692007][info ][safepoint   ] Safepoint "G1CollectForAllocation", Time since last: 21355260 ns, Reaching safepoint: 2664 ns, Cleanup: 1652 ns, At safepoint: 830081770 ns, Total: 830086086 ns
[2025-08-19T16:12:55.625+0000][1692007][info ][gc,start    ] GC(65) Pause Young (Mixed) (G1 Evacuation Pause)
[2025-08-19T16:12:55.625+0000][1692007][info ][gc,task     ] GC(65) Using 1 workers of 1 for evacuation
[2025-08-19T16:12:55.625+0000][1692007][debug][gc,age      ] GC(65) Desired survivor size 2097152 bytes, new threshold 15 (max threshold 15)
[2025-08-19T16:12:56.505+0000][1692007][info ][gc,mmu      ] GC(65) MMU target violated: 201.0ms (200.0ms/201.0ms)
[2025-08-19T16:12:56.505+0000][1692007][info ][gc,phases   ] GC(65)   Pre Evacuate Collection Set: 0.4ms
[2025-08-19T16:12:56.505+0000][1692007][info ][gc,phases   ] GC(65)   Merge Heap Roots: 1.6ms
[2025-08-19T16:12:56.505+0000][1692007][info ][gc,phases   ] GC(65)   Evacuate Collection Set: 797.3ms
[2025-08-19T16:12:56.505+0000][1692007][info ][gc,phases   ] GC(65)   Post Evacuate Collection Set: 77.9ms
[2025-08-19T16:12:56.505+0000][1692007][info ][gc,phases   ] GC(65)   Other: 2.7ms
[2025-08-19T16:12:56.505+0000][1692007][trace][gc,age      ] GC(65) Age table with threshold 15 (max threshold 15)
[2025-08-19T16:12:56.505+0000][1692007][trace][gc,age      ] GC(65) - age   1:       7504 bytes,       7504 total
[2025-08-19T16:12:56.505+0000][1692007][trace][gc,age      ] GC(65) - age   2:       1384 bytes,       8888 total
[2025-08-19T16:12:56.505+0000][1692007][trace][gc,age      ] GC(65) - age   3:        248 bytes,       9136 total
[2025-08-19T16:12:56.505+0000][1692007][trace][gc,age      ] GC(65) - age   4:         64 bytes,       9200 total
[2025-08-19T16:12:56.505+0000][1692007][trace][gc,age      ] GC(65) - age   8:       9280 bytes,      18480 total
[2025-08-19T16:12:56.505+0000][1692007][trace][gc,age      ] GC(65) - age   9:       1968 bytes,      20448 total
[2025-08-19T16:12:56.505+0000][1692007][trace][gc,age      ] GC(65) - age  10:       1216 bytes,      21664 total
[2025-08-19T16:12:56.505+0000][1692007][trace][gc,age      ] GC(65) - age  11:        568 bytes,      22232 total
[2025-08-19T16:12:56.505+0000][1692007][trace][gc,age      ] GC(65) - age  12:       3568 bytes,      25800 total
[2025-08-19T16:12:56.505+0000][1692007][trace][gc,age      ] GC(65) - age  13:       2064 bytes,      27864 total
[2025-08-19T16:12:56.505+0000][1692007][trace][gc,age      ] GC(65) - age  14:       7600 bytes,      35464 total
[2025-08-19T16:12:56.505+0000][1692007][trace][gc,age      ] GC(65) - age  15:       2384 bytes,      37848 total
[2025-08-19T16:12:56.505+0000][1692007][info ][gc,heap     ] GC(65) Eden regions: 5->0(5)
[2025-08-19T16:12:56.505+0000][1692007][info ][gc,heap     ] GC(65) Survivor regions: 1->1(1)
[2025-08-19T16:12:56.505+0000][1692007][info ][gc,heap     ] GC(65) Old regions: 25->24
[2025-08-19T16:12:56.505+0000][1692007][info ][gc,heap     ] GC(65) Humongous regions: 0->0
[2025-08-19T16:12:56.505+0000][1692007][info ][gc,metaspace] GC(65) Metaspace: 141672K(147904K)->141672K(147904K) NonClass: 122884K(126656K)->122884K(126656K) Class: 18788K(21248K)->18788K(21248K)
[2025-08-19T16:12:56.505+0000][1692007][info ][gc          ] GC(65) Pause Young (Mixed) (G1 Evacuation Pause) 117M->96M(512M) 880.342ms
[2025-08-19T16:12:56.505+0000][1692007][info ][gc,cpu      ] GC(65) User=0.01s Sys=0.20s Real=0.88s
[2025-08-19T16:12:56.505+0000][1692007][info ][safepoint   ] Safepoint "G1CollectForAllocation", Time since last: 46479533774 ns, Reaching safepoint: 307544 ns, Cleanup: 22116791 ns, At safepoint: 880526019 ns, Total: 902950354 ns
[2025-08-19T16:12:57.505+0000][1692007][info ][safepoint   ] Safepoint "Cleanup", Time since last: 1000078033 ns, Reaching safepoint: 6239 ns, Cleanup: 11538 ns, At safepoint: 2053 ns, Total: 19830 ns
[2025-08-19T16:13:42.932+0000][1692007][info ][gc,start    ] GC(66) Pause Young (Concurrent Start) (G1 Evacuation Pause)
[2025-08-19T16:13:42.975+0000][1692007][info ][gc,task     ] GC(66) Using 1 workers of 1 for evacuation
[2025-08-19T16:13:42.977+0000][1692007][debug][gc,age      ] GC(66) Desired survivor size 2097152 bytes, new threshold 15 (max threshold 15)
[2025-08-19T16:13:43.637+0000][1692007][info ][gc,mmu      ] GC(66) MMU target violated: 201.0ms (200.0ms/201.0ms)
[2025-08-19T16:13:43.637+0000][1692007][info ][gc,phases   ] GC(66)   Pre Evacuate Collection Set: 55.9ms
[2025-08-19T16:13:43.637+0000][1692007][info ][gc,phases   ] GC(66)   Merge Heap Roots: 2.2ms
[2025-08-19T16:13:43.637+0000][1692007][info ][gc,phases   ] GC(66)   Evacuate Collection Set: 453.8ms
[2025-08-19T16:13:43.637+0000][1692007][info ][gc,phases   ] GC(66)   Post Evacuate Collection Set: 140.3ms
[2025-08-19T16:13:43.637+0000][1692007][info ][gc,phases   ] GC(66)   Other: 28.2ms
[2025-08-19T16:13:43.637+0000][1692007][trace][gc,age      ] GC(66) Age table with threshold 15 (max threshold 15)
[2025-08-19T16:13:43.638+0000][1692007][trace][gc,age      ] GC(66) - age   1:       8592 bytes,       8592 total
[2025-08-19T16:13:43.638+0000][1692007][trace][gc,age      ] GC(66) - age   2:        440 bytes,       9032 total
[2025-08-19T16:13:43.638+0000][1692007][trace][gc,age      ] GC(66) - age   3:        760 bytes,       9792 total
[2025-08-19T16:13:43.638+0000][1692007][trace][gc,age      ] GC(66) - age   4:        216 bytes,      10008 total
[2025-08-19T16:13:43.638+0000][1692007][trace][gc,age      ] GC(66) - age   5:         64 bytes,      10072 total
[2025-08-19T16:13:43.638+0000][1692007][trace][gc,age      ] GC(66) - age   9:       9280 bytes,      19352 total
[2025-08-19T16:13:43.638+0000][1692007][trace][gc,age      ] GC(66) - age  10:       1968 bytes,      21320 total
[2025-08-19T16:13:43.638+0000][1692007][trace][gc,age      ] GC(66) - age  11:       1216 bytes,      22536 total
[2025-08-19T16:13:43.638+0000][1692007][trace][gc,age      ] GC(66) - age  12:        568 bytes,      23104 total
[2025-08-19T16:13:43.638+0000][1692007][trace][gc,age      ] GC(66) - age  13:       3568 bytes,      26672 total
[2025-08-19T16:13:43.638+0000][1692007][trace][gc,age      ] GC(66) - age  14:       2064 bytes,      28736 total
[2025-08-19T16:13:43.638+0000][1692007][trace][gc,age      ] GC(66) - age  15:       7600 bytes,      36336 total
[2025-08-19T16:13:43.638+0000][1692007][info ][gc,heap     ] GC(66) Eden regions: 5->0(5)
[2025-08-19T16:13:43.638+0000][1692007][info ][gc,heap     ] GC(66) Survivor regions: 1->1(1)
[2025-08-19T16:13:43.638+0000][1692007][info ][gc,heap     ] GC(66) Old regions: 24->25
[2025-08-19T16:13:43.638+0000][1692007][info ][gc,heap     ] GC(66) Humongous regions: 0->0
[2025-08-19T16:13:43.638+0000][1692007][info ][gc,metaspace] GC(66) Metaspace: 141673K(147904K)->141673K(147904K) NonClass: 122885K(126656K)->122885K(126656K) Class: 18788K(21248K)->18788K(21248K)
[2025-08-19T16:13:43.640+0000][1692007][info ][gc          ] GC(66) Pause Young (Concurrent Start) (G1 Evacuation Pause) 116M->96M(512M) 719.306ms
[2025-08-19T16:13:43.640+0000][1692007][info ][gc,cpu      ] GC(66) User=0.00s Sys=0.15s Real=0.72s
[2025-08-19T16:13:43.640+0000][1692007][info ][safepoint   ] Safepoint "G1CollectForAllocation", Time since last: 45403089455 ns, Reaching safepoint: 11317 ns, Cleanup: 851897 ns, At safepoint: 731298299 ns, Total: 732161513 ns
[2025-08-19T16:13:43.645+0000][1692007][info ][gc          ] GC(67) Concurrent Mark Cycle
[2025-08-19T16:13:43.645+0000][1692007][info ][gc,marking  ] GC(67) Concurrent Scan Root Regions
[2025-08-19T16:13:43.977+0000][1692007][info ][gc,marking  ] GC(67) Concurrent Scan Root Regions 331.979ms
[2025-08-19T16:13:43.977+0000][1692007][info ][gc,marking  ] GC(67) Concurrent Mark
[2025-08-19T16:13:43.977+0000][1692007][info ][gc,marking  ] GC(67) Concurrent Mark From Roots
[2025-08-19T16:13:43.977+0000][1692007][info ][gc,task     ] GC(67) Using 1 workers of 1 for marking
[2025-08-19T16:13:48.107+0000][1692007][info ][gc,marking  ] GC(67) Concurrent Mark From Roots 4130.344ms
[2025-08-19T16:13:48.107+0000][1692007][info ][gc,marking  ] GC(67) Concurrent Preclean
[2025-08-19T16:13:48.108+0000][1692007][info ][gc,marking  ] GC(67) Concurrent Preclean 0.388ms
[2025-08-19T16:13:48.110+0000][1692007][info ][gc,start    ] GC(67) Pause Remark
[2025-08-19T16:13:48.658+0000][1692007][info ][gc,mmu      ] GC(67) MMU target violated: 201.0ms (200.0ms/201.0ms)
[2025-08-19T16:13:48.658+0000][1692007][info ][gc          ] GC(67) Pause Remark 99M->99M(512M) 548.035ms
[2025-08-19T16:13:48.658+0000][1692007][info ][gc,cpu      ] GC(67) User=0.01s Sys=0.12s Real=0.55s
[2025-08-19T16:13:48.658+0000][1692007][info ][safepoint   ] Safepoint "G1PauseRemark", Time since last: 4469285826 ns, Reaching safepoint: 136556 ns, Cleanup: 3155 ns, At safepoint: 548084313 ns, Total: 548224024 ns
[2025-08-19T16:13:48.662+0000][1692007][info ][gc,marking  ] GC(67) Concurrent Mark 4685.502ms
[2025-08-19T16:13:48.662+0000][1692007][info ][gc,marking  ] GC(67) Concurrent Rebuild Remembered Sets and Scrub Regions
[2025-08-19T16:13:48.783+0000][1692007][info ][gc,marking  ] GC(67) Concurrent Rebuild Remembered Sets and Scrub Regions 121.046ms
[2025-08-19T16:13:48.784+0000][1692007][info ][gc,start    ] GC(67) Pause Cleanup
[2025-08-19T16:13:48.784+0000][1692007][info ][gc          ] GC(67) Pause Cleanup 99M->99M(512M) 0.620ms
[2025-08-19T16:13:48.784+0000][1692007][info ][gc,cpu      ] GC(67) User=0.00s Sys=0.00s Real=0.00s
[2025-08-19T16:13:48.784+0000][1692007][info ][safepoint   ] Safepoint "G1PauseCleanup", Time since last: 125631887 ns, Reaching safepoint: 4436 ns, Cleanup: 2364 ns, At safepoint: 752837 ns, Total: 759637 ns
[2025-08-19T16:13:48.784+0000][1692007][info ][gc,marking  ] GC(67) Concurrent Clear Claimed Marks
[2025-08-19T16:13:48.785+0000][1692007][info ][gc,marking  ] GC(67) Concurrent Clear Claimed Marks 0.221ms
[2025-08-19T16:13:48.785+0000][1692007][info ][gc,marking  ] GC(67) Concurrent Cleanup for Next Mark
[2025-08-19T16:13:49.142+0000][1692007][info ][gc,marking  ] GC(67) Concurrent Cleanup for Next Mark 357.722ms
[2025-08-19T16:13:49.142+0000][1692007][info ][gc          ] GC(67) Concurrent Mark Cycle 5497.660ms
[2025-08-19T16:14:29.633+0000][1692007][info ][gc,start    ] GC(68) Pause Young (Prepare Mixed) (G1 Evacuation Pause)
[2025-08-19T16:14:29.671+0000][1692007][info ][gc,task     ] GC(68) Using 1 workers of 1 for evacuation
[2025-08-19T16:14:29.671+0000][1692007][debug][gc,age      ] GC(68) Desired survivor size 2097152 bytes, new threshold 15 (max threshold 15)
[2025-08-19T16:14:30.264+0000][1692007][info ][gc,mmu      ] GC(68) MMU target violated: 201.0ms (200.0ms/201.0ms)
[2025-08-19T16:14:30.264+0000][1692007][info ][gc,phases   ] GC(68)   Pre Evacuate Collection Set: 2.4ms
[2025-08-19T16:14:30.264+0000][1692007][info ][gc,phases   ] GC(68)   Merge Heap Roots: 6.9ms
[2025-08-19T16:14:30.264+0000][1692007][info ][gc,phases   ] GC(68)   Evacuate Collection Set: 409.2ms
[2025-08-19T16:14:30.264+0000][1692007][info ][gc,phases   ] GC(68)   Post Evacuate Collection Set: 171.9ms
[2025-08-19T16:14:30.264+0000][1692007][info ][gc,phases   ] GC(68)   Other: 2.4ms
[2025-08-19T16:14:30.264+0000][1692007][trace][gc,age      ] GC(68) Age table with threshold 15 (max threshold 15)
[2025-08-19T16:14:30.264+0000][1692007][trace][gc,age      ] GC(68) - age   1:       8248 bytes,       8248 total
[2025-08-19T16:14:30.264+0000][1692007][trace][gc,age      ] GC(68) - age   2:       1216 bytes,       9464 total
[2025-08-19T16:14:30.264+0000][1692007][trace][gc,age      ] GC(68) - age   3:        216 bytes,       9680 total
[2025-08-19T16:14:30.264+0000][1692007][trace][gc,age      ] GC(68) - age   4:        760 bytes,      10440 total
[2025-08-19T16:14:30.264+0000][1692007][trace][gc,age      ] GC(68) - age   5:        216 bytes,      10656 total
[2025-08-19T16:14:30.264+0000][1692007][trace][gc,age      ] GC(68) - age   6:         64 bytes,      10720 total
[2025-08-19T16:14:30.264+0000][1692007][trace][gc,age      ] GC(68) - age  10:       9280 bytes,      20000 total
[2025-08-19T16:14:30.264+0000][1692007][trace][gc,age      ] GC(68) - age  11:       1968 bytes,      21968 total
[2025-08-19T16:14:30.264+0000][1692007][trace][gc,age      ] GC(68) - age  12:       1216 bytes,      23184 total
[2025-08-19T16:14:30.264+0000][1692007][trace][gc,age      ] GC(68) - age  13:        568 bytes,      23752 total
[2025-08-19T16:14:30.264+0000][1692007][trace][gc,age      ] GC(68) - age  14:       3568 bytes,      27320 total
[2025-08-19T16:14:30.264+0000][1692007][trace][gc,age      ] GC(68) - age  15:       2064 bytes,      29384 total
[2025-08-19T16:14:30.264+0000][1692007][info ][gc,heap     ] GC(68) Eden regions: 5->0(5)
[2025-08-19T16:14:30.264+0000][1692007][info ][gc,heap     ] GC(68) Survivor regions: 1->1(1)
[2025-08-19T16:14:30.264+0000][1692007][info ][gc,heap     ] GC(68) Old regions: 25->25
[2025-08-19T16:14:30.264+0000][1692007][info ][gc,heap     ] GC(68) Humongous regions: 0->0
[2025-08-19T16:14:30.265+0000][1692007][info ][gc,metaspace] GC(68) Metaspace: 141677K(147904K)->141677K(147904K) NonClass: 122889K(126656K)->122889K(126656K) Class: 18788K(21248K)->18788K(21248K)
[2025-08-19T16:14:30.269+0000][1692007][info ][gc          ] GC(68) Pause Young (Prepare Mixed) (G1 Evacuation Pause) 116M->96M(512M) 662.809ms
[2025-08-19T16:14:30.269+0000][1692007][info ][gc,cpu      ] GC(68) User=0.00s Sys=0.10s Real=0.67s
[2025-08-19T16:14:30.269+0000][1692007][info ][safepoint   ] Safepoint "G1CollectForAllocation", Time since last: 40813265685 ns, Reaching safepoint: 1115295 ns, Cleanup: 8823 ns, At safepoint: 669863231 ns, Total: 670987349 ns
[2025-08-19T16:15:15.565+0000][1692007][info ][gc,start    ] GC(69) Pause Young (Mixed) (G1 Evacuation Pause)
[2025-08-19T16:15:15.565+0000][1692007][info ][gc,task     ] GC(69) Using 1 workers of 1 for evacuation
[2025-08-19T16:15:15.566+0000][1692007][debug][gc,age      ] GC(69) Desired survivor size 2097152 bytes, new threshold 15 (max threshold 15)
[2025-08-19T16:15:18.016+0000][1692007][info ][gc,mmu      ] GC(69) MMU target violated: 201.0ms (200.0ms/201.0ms)
[2025-08-19T16:15:18.016+0000][1692007][info ][gc,phases   ] GC(69)   Pre Evacuate Collection Set: 35.9ms
[2025-08-19T16:15:18.016+0000][1692007][info ][gc,phases   ] GC(69)   Merge Heap Roots: 15.7ms
[2025-08-19T16:15:18.016+0000][1692007][info ][gc,phases   ] GC(69)   Evacuate Collection Set: 2170.5ms
[2025-08-19T16:15:18.016+0000][1692007][info ][gc,phases   ] GC(69)   Post Evacuate Collection Set: 227.9ms
[2025-08-19T16:15:18.016+0000][1692007][info ][gc,phases   ] GC(69)   Other: 0.6ms
[2025-08-19T16:15:18.016+0000][1692007][trace][gc,age      ] GC(69) Age table with threshold 15 (max threshold 15)
[2025-08-19T16:15:18.017+0000][1692007][trace][gc,age      ] GC(69) - age   1:       9040 bytes,       9040 total
[2025-08-19T16:15:18.017+0000][1692007][trace][gc,age      ] GC(69) - age   2:        224 bytes,       9264 total
[2025-08-19T16:15:18.017+0000][1692007][trace][gc,age      ] GC(69) - age   3:        208 bytes,       9472 total
[2025-08-19T16:15:18.017+0000][1692007][trace][gc,age      ] GC(69) - age   4:        216 bytes,       9688 total
[2025-08-19T16:15:18.017+0000][1692007][trace][gc,age      ] GC(69) - age   5:        728 bytes,      10416 total
[2025-08-19T16:15:18.017+0000][1692007][trace][gc,age      ] GC(69) - age   6:        216 bytes,      10632 total
[2025-08-19T16:15:18.017+0000][1692007][trace][gc,age      ] GC(69) - age   7:         64 bytes,      10696 total
[2025-08-19T16:15:18.017+0000][1692007][trace][gc,age      ] GC(69) - age  11:       9280 bytes,      19976 total
[2025-08-19T16:15:18.017+0000][1692007][trace][gc,age      ] GC(69) - age  12:       1968 bytes,      21944 total
[2025-08-19T16:15:18.017+0000][1692007][trace][gc,age      ] GC(69) - age  13:       1216 bytes,      23160 total
[2025-08-19T16:15:18.017+0000][1692007][trace][gc,age      ] GC(69) - age  14:        568 bytes,      23728 total
[2025-08-19T16:15:18.017+0000][1692007][trace][gc,age      ] GC(69) - age  15:       3568 bytes,      27296 total
[2025-08-19T16:15:18.017+0000][1692007][info ][gc,heap     ] GC(69) Eden regions: 5->0(5)
[2025-08-19T16:15:18.017+0000][1692007][info ][gc,heap     ] GC(69) Survivor regions: 1->1(1)
[2025-08-19T16:15:18.017+0000][1692007][info ][gc,heap     ] GC(69) Old regions: 25->24
[2025-08-19T16:15:18.017+0000][1692007][info ][gc,heap     ] GC(69) Humongous regions: 0->0
[2025-08-19T16:15:18.017+0000][1692007][info ][gc,metaspace] GC(69) Metaspace: 141677K(147904K)->141677K(147904K) NonClass: 122889K(126656K)->122889K(126656K) Class: 18788K(21248K)->18788K(21248K)
[2025-08-19T16:15:18.017+0000][1692007][info ][gc          ] GC(69) Pause Young (Mixed) (G1 Evacuation Pause) 116M->95M(512M) 2451.950ms
[2025-08-19T16:15:18.017+0000][1692007][info ][gc,cpu      ] GC(69) User=0.00s Sys=0.50s Real=2.46s
[2025-08-19T16:15:18.017+0000][1692007][info ][safepoint   ] Safepoint "G1CollectForAllocation", Time since last: 45296070247 ns, Reaching safepoint: 160423 ns, Cleanup: 3535 ns, At safepoint: 2452278181 ns, Total: 2452442139 ns
[2025-08-19T16:16:05.526+0000][1692007][info ][gc,start    ] GC(70) Pause Young (Concurrent Start) (G1 Evacuation Pause)
[2025-08-19T16:16:05.556+0000][1692007][info ][gc,task     ] GC(70) Using 1 workers of 1 for evacuation
[2025-08-19T16:16:05.556+0000][1692007][debug][gc,age      ] GC(70) Desired survivor size 2097152 bytes, new threshold 15 (max threshold 15)
[2025-08-19T16:16:06.314+0000][1692007][info ][gc,mmu      ] GC(70) MMU target violated: 201.0ms (200.0ms/201.0ms)
[2025-08-19T16:16:06.316+0000][1692007][info ][gc,phases   ] GC(70)   Pre Evacuate Collection Set: 21.3ms
[2025-08-19T16:16:06.316+0000][1692007][info ][gc,phases   ] GC(70)   Merge Heap Roots: 24.3ms
[2025-08-19T16:16:06.316+0000][1692007][info ][gc,phases   ] GC(70)   Evacuate Collection Set: 599.9ms
[2025-08-19T16:16:06.316+0000][1692007][info ][gc,phases   ] GC(70)   Post Evacuate Collection Set: 107.2ms
[2025-08-19T16:16:06.316+0000][1692007][info ][gc,phases   ] GC(70)   Other: 7.4ms
[2025-08-19T16:16:06.316+0000][1692007][trace][gc,age      ] GC(70) Age table with threshold 15 (max threshold 15)
[2025-08-19T16:16:06.316+0000][1692007][trace][gc,age      ] GC(70) - age   1:       8480 bytes,       8480 total
[2025-08-19T16:16:06.316+0000][1692007][trace][gc,age      ] GC(70) - age   2:        656 bytes,       9136 total
[2025-08-19T16:16:06.316+0000][1692007][trace][gc,age      ] GC(70) - age   4:         32 bytes,       9168 total
[2025-08-19T16:16:06.316+0000][1692007][trace][gc,age      ] GC(70) - age   5:        184 bytes,       9352 total
[2025-08-19T16:16:06.316+0000][1692007][trace][gc,age      ] GC(70) - age   6:        728 bytes,      10080 total
[2025-08-19T16:16:06.316+0000][1692007][trace][gc,age      ] GC(70) - age   7:        216 bytes,      10296 total
[2025-08-19T16:16:06.316+0000][1692007][trace][gc,age      ] GC(70) - age   8:         64 bytes,      10360 total
[2025-08-19T16:16:06.316+0000][1692007][trace][gc,age      ] GC(70) - age  12:       9280 bytes,      19640 total
[2025-08-19T16:16:06.316+0000][1692007][trace][gc,age      ] GC(70) - age  13:       1968 bytes,      21608 total
[2025-08-19T16:16:06.316+0000][1692007][trace][gc,age      ] GC(70) - age  14:       1216 bytes,      22824 total
[2025-08-19T16:16:06.316+0000][1692007][trace][gc,age      ] GC(70) - age  15:        568 bytes,      23392 total
[2025-08-19T16:16:06.316+0000][1692007][info ][gc,heap     ] GC(70) Eden regions: 5->0(5)
[2025-08-19T16:16:06.316+0000][1692007][info ][gc,heap     ] GC(70) Survivor regions: 1->1(1)
[2025-08-19T16:16:06.316+0000][1692007][info ][gc,heap     ] GC(70) Old regions: 24->24
[2025-08-19T16:16:06.316+0000][1692007][info ][gc,heap     ] GC(70) Humongous regions: 0->0
[2025-08-19T16:16:06.318+0000][1692007][info ][gc,metaspace] GC(70) Metaspace: 141679K(147904K)->141679K(147904K) NonClass: 122891K(126656K)->122891K(126656K) Class: 18788K(21248K)->18788K(21248K)
[2025-08-19T16:16:06.342+0000][1692007][info ][gc          ] GC(70) Pause Young (Concurrent Start) (G1 Evacuation Pause) 115M->95M(512M) 816.768ms
[2025-08-19T16:16:06.342+0000][1692007][info ][gc,cpu      ] GC(70) User=0.01s Sys=0.17s Real=0.82s
[2025-08-19T16:16:06.347+0000][1692007][info ][gc          ] GC(71) Concurrent Mark Cycle
[2025-08-19T16:16:06.350+0000][1692007][info ][gc,marking  ] GC(71) Concurrent Scan Root Regions
[2025-08-19T16:16:06.347+0000][1692007][info ][safepoint   ] Safepoint "G1CollectForAllocation", Time since last: 47452498402 ns, Reaching safepoint: 1625365 ns, Cleanup: 2566085 ns, At safepoint: 868322349 ns, Total: 872513799 ns
[2025-08-19T16:16:06.573+0000][1692007][info ][gc,marking  ] GC(71) Concurrent Scan Root Regions 222.552ms
[2025-08-19T16:16:06.573+0000][1692007][info ][gc,marking  ] GC(71) Concurrent Mark
[2025-08-19T16:16:06.573+0000][1692007][info ][gc,marking  ] GC(71) Concurrent Mark From Roots
[2025-08-19T16:16:06.573+0000][1692007][info ][gc,task     ] GC(71) Using 1 workers of 1 for marking
[2025-08-19T16:16:10.538+0000][1692007][info ][gc,marking  ] GC(71) Concurrent Mark From Roots 3965.205ms
[2025-08-19T16:16:10.538+0000][1692007][info ][gc,marking  ] GC(71) Concurrent Preclean
[2025-08-19T16:16:10.539+0000][1692007][info ][gc,marking  ] GC(71) Concurrent Preclean 0.396ms
[2025-08-19T16:16:10.540+0000][1692007][info ][gc,start    ] GC(71) Pause Remark
[2025-08-19T16:16:11.314+0000][1692007][info ][gc,mmu      ] GC(71) MMU target violated: 201.0ms (200.0ms/201.0ms)
[2025-08-19T16:16:11.315+0000][1692007][info ][gc          ] GC(71) Pause Remark 97M->97M(512M) 774.050ms
[2025-08-19T16:16:11.315+0000][1692007][info ][gc,cpu      ] GC(71) User=0.01s Sys=0.17s Real=0.77s
[2025-08-19T16:16:11.315+0000][1692007][info ][safepoint   ] Safepoint "G1PauseRemark", Time since last: 4198006307 ns, Reaching safepoint: 353674 ns, Cleanup: 3525 ns, At safepoint: 774100017 ns, Total: 774457216 ns
[2025-08-19T16:16:11.315+0000][1692007][info ][gc,marking  ] GC(71) Concurrent Mark 4741.851ms
[2025-08-19T16:16:11.316+0000][1692007][info ][gc,marking  ] GC(71) Concurrent Rebuild Remembered Sets and Scrub Regions
[2025-08-19T16:16:11.443+0000][1692007][info ][gc,marking  ] GC(71) Concurrent Rebuild Remembered Sets and Scrub Regions 127.378ms
[2025-08-19T16:16:11.443+0000][1692007][info ][gc,start    ] GC(71) Pause Cleanup
[2025-08-19T16:16:11.444+0000][1692007][info ][gc          ] GC(71) Pause Cleanup 98M->98M(512M) 0.459ms
[2025-08-19T16:16:11.444+0000][1692007][info ][gc,cpu      ] GC(71) User=0.00s Sys=0.00s Real=0.00s
[2025-08-19T16:16:11.444+0000][1692007][info ][safepoint   ] Safepoint "G1PauseCleanup", Time since last: 128642743 ns, Reaching safepoint: 6220 ns, Cleanup: 85909 ns, At safepoint: 593687 ns, Total: 685816 ns
[2025-08-19T16:16:11.444+0000][1692007][info ][gc,marking  ] GC(71) Concurrent Clear Claimed Marks
[2025-08-19T16:16:11.444+0000][1692007][info ][gc,marking  ] GC(71) Concurrent Clear Claimed Marks 0.193ms
[2025-08-19T16:16:11.444+0000][1692007][info ][gc,marking  ] GC(71) Concurrent Cleanup for Next Mark
[2025-08-19T16:16:11.732+0000][1692007][info ][gc,marking  ] GC(71) Concurrent Cleanup for Next Mark 288.249ms
[2025-08-19T16:16:11.732+0000][1692007][info ][gc          ] GC(71) Concurrent Mark Cycle 5385.918ms
[2025-08-19T16:16:52.326+0000][1692007][info ][gc,start    ] GC(72) Pause Young (Prepare Mixed) (G1 Evacuation Pause)
[2025-08-19T16:16:52.537+0000][1692007][info ][gc,task     ] GC(72) Using 1 workers of 1 for evacuation
[2025-08-19T16:16:52.537+0000][1692007][debug][gc,age      ] GC(72) Desired survivor size 2097152 bytes, new threshold 15 (max threshold 15)
[2025-08-19T16:16:52.814+0000][1692007][info ][gc,mmu      ] GC(72) MMU target violated: 201.0ms (200.0ms/201.0ms)
[2025-08-19T16:16:52.814+0000][1692007][info ][gc,phases   ] GC(72)   Pre Evacuate Collection Set: 1.0ms
[2025-08-19T16:16:52.814+0000][1692007][info ][gc,phases   ] GC(72)   Merge Heap Roots: 0.3ms
[2025-08-19T16:16:52.814+0000][1692007][info ][gc,phases   ] GC(72)   Evacuate Collection Set: 199.3ms
[2025-08-19T16:16:52.814+0000][1692007][info ][gc,phases   ] GC(72)   Post Evacuate Collection Set: 76.2ms
[2025-08-19T16:16:52.814+0000][1692007][info ][gc,phases   ] GC(72)   Other: 210.6ms
[2025-08-19T16:16:52.814+0000][1692007][trace][gc,age      ] GC(72) Age table with threshold 15 (max threshold 15)
[2025-08-19T16:16:52.814+0000][1692007][trace][gc,age      ] GC(72) - age   1:       9168 bytes,       9168 total
[2025-08-19T16:16:52.814+0000][1692007][trace][gc,age      ] GC(72) - age   2:        432 bytes,       9600 total
[2025-08-19T16:16:52.814+0000][1692007][trace][gc,age      ] GC(72) - age   3:         32 bytes,       9632 total
[2025-08-19T16:16:52.814+0000][1692007][trace][gc,age      ] GC(72) - age   6:        184 bytes,       9816 total
[2025-08-19T16:16:52.814+0000][1692007][trace][gc,age      ] GC(72) - age   7:        728 bytes,      10544 total
[2025-08-19T16:16:52.814+0000][1692007][trace][gc,age      ] GC(72) - age   8:         32 bytes,      10576 total
[2025-08-19T16:16:52.814+0000][1692007][trace][gc,age      ] GC(72) - age   9:         64 bytes,      10640 total
[2025-08-19T16:16:52.814+0000][1692007][trace][gc,age      ] GC(72) - age  13:       8896 bytes,      19536 total
[2025-08-19T16:16:52.814+0000][1692007][trace][gc,age      ] GC(72) - age  14:       1968 bytes,      21504 total
[2025-08-19T16:16:52.814+0000][1692007][trace][gc,age      ] GC(72) - age  15:       1216 bytes,      22720 total
[2025-08-19T16:16:52.814+0000][1692007][info ][gc,heap     ] GC(72) Eden regions: 5->0(5)
[2025-08-19T16:16:52.814+0000][1692007][info ][gc,heap     ] GC(72) Survivor regions: 1->1(1)
[2025-08-19T16:16:52.814+0000][1692007][info ][gc,heap     ] GC(72) Old regions: 24->24
[2025-08-19T16:16:52.814+0000][1692007][info ][gc,heap     ] GC(72) Humongous regions: 0->0
[2025-08-19T16:16:52.814+0000][1692007][info ][gc,metaspace] GC(72) Metaspace: 141686K(147904K)->141686K(147904K) NonClass: 122898K(126656K)->122898K(126656K) Class: 18788K(21248K)->18788K(21248K)
[2025-08-19T16:16:52.814+0000][1692007][info ][gc          ] GC(72) Pause Young (Prepare Mixed) (G1 Evacuation Pause) 115M->95M(512M) 487.892ms
[2025-08-19T16:16:52.814+0000][1692007][info ][gc,cpu      ] GC(72) User=0.01s Sys=0.05s Real=0.48s
[2025-08-19T16:16:52.815+0000][1692007][info ][safepoint   ] Safepoint "G1CollectForAllocation", Time since last: 40882215101 ns, Reaching safepoint: 58598 ns, Cleanup: 4197 ns, At safepoint: 488343774 ns, Total: 488406569 ns
[2025-08-19T16:17:34.908+0000][1692007][info ][safepoint   ] Safepoint "Cleanup", Time since last: 42017410026 ns, Reaching safepoint: 42704 ns, Cleanup: 73576714 ns, At safepoint: 39439 ns, Total: 73658857 ns
[2025-08-19T16:17:38.674+0000][1692007][info ][gc,start    ] GC(73) Pause Young (Mixed) (G1 Evacuation Pause)
[2025-08-19T16:17:38.677+0000][1692007][info ][gc,task     ] GC(73) Using 1 workers of 1 for evacuation
[2025-08-19T16:17:38.692+0000][1692007][debug][gc,age      ] GC(73) Desired survivor size 2097152 bytes, new threshold 15 (max threshold 15)
[2025-08-19T16:17:39.984+0000][1692007][info ][gc,mmu      ] GC(73) MMU target violated: 201.0ms (200.0ms/201.0ms)
[2025-08-19T16:17:39.985+0000][1692007][info ][gc,phases   ] GC(73)   Pre Evacuate Collection Set: 0.9ms
[2025-08-19T16:17:39.985+0000][1692007][info ][gc,phases   ] GC(73)   Merge Heap Roots: 42.5ms
[2025-08-19T16:17:39.985+0000][1692007][info ][gc,phases   ] GC(73)   Evacuate Collection Set: 1164.1ms
[2025-08-19T16:17:39.985+0000][1692007][info ][gc,phases   ] GC(73)   Post Evacuate Collection Set: 71.4ms
[2025-08-19T16:17:39.985+0000][1692007][info ][gc,phases   ] GC(73)   Other: 29.7ms
[2025-08-19T16:17:39.985+0000][1692007][trace][gc,age      ] GC(73) Age table with threshold 15 (max threshold 15)
[2025-08-19T16:17:39.985+0000][1692007][trace][gc,age      ] GC(73) - age   1:       8712 bytes,       8712 total
[2025-08-19T16:17:39.985+0000][1692007][trace][gc,age      ] GC(73) - age   2:       1512 bytes,      10224 total
[2025-08-19T16:17:39.985+0000][1692007][trace][gc,age      ] GC(73) - age   3:        208 bytes,      10432 total
[2025-08-19T16:17:39.985+0000][1692007][trace][gc,age      ] GC(73) - age   7:        184 bytes,      10616 total
[2025-08-19T16:17:39.985+0000][1692007][trace][gc,age      ] GC(73) - age   8:        368 bytes,      10984 total
[2025-08-19T16:17:39.985+0000][1692007][trace][gc,age      ] GC(73) - age   9:         32 bytes,      11016 total
[2025-08-19T16:17:39.985+0000][1692007][trace][gc,age      ] GC(73) - age  10:         64 bytes,      11080 total
[2025-08-19T16:17:39.985+0000][1692007][trace][gc,age      ] GC(73) - age  14:       8896 bytes,      19976 total
[2025-08-19T16:17:39.985+0000][1692007][trace][gc,age      ] GC(73) - age  15:       1968 bytes,      21944 total
[2025-08-19T16:17:39.986+0000][1692007][info ][gc,heap     ] GC(73) Eden regions: 5->0(5)
[2025-08-19T16:17:39.986+0000][1692007][info ][gc,heap     ] GC(73) Survivor regions: 1->1(1)
[2025-08-19T16:17:39.986+0000][1692007][info ][gc,heap     ] GC(73) Old regions: 24->24
[2025-08-19T16:17:39.986+0000][1692007][info ][gc,heap     ] GC(73) Humongous regions: 0->0
[2025-08-19T16:17:40.031+0000][1692007][info ][gc,metaspace] GC(73) Metaspace: 141686K(147904K)->141686K(147904K) NonClass: 122898K(126656K)->122898K(126656K) Class: 18788K(21248K)->18788K(21248K)
[2025-08-19T16:17:40.032+0000][1692007][info ][gc          ] GC(73) Pause Young (Mixed) (G1 Evacuation Pause) 115M->94M(512M) 1357.691ms
[2025-08-19T16:17:40.032+0000][1692007][info ][gc,cpu      ] GC(73) User=0.01s Sys=0.25s Real=1.38s
[2025-08-19T16:17:40.032+0000][1692007][info ][safepoint   ] Safepoint "G1CollectForAllocation", Time since last: 3741587304 ns, Reaching safepoint: 17877 ns, Cleanup: 3165 ns, At safepoint: 1384557244 ns, Total: 1384578286 ns
[2025-08-19T16:18:25.151+0000][1692007][info ][gc,start    ] GC(74) Pause Young (Concurrent Start) (G1 Evacuation Pause)
[2025-08-19T16:18:25.151+0000][1692007][info ][gc,task     ] GC(74) Using 1 workers of 1 for evacuation
[2025-08-19T16:18:25.151+0000][1692007][debug][gc,age      ] GC(74) Desired survivor size 2097152 bytes, new threshold 15 (max threshold 15)
[2025-08-19T16:18:25.726+0000][1692007][info ][gc,mmu      ] GC(74) MMU target violated: 201.0ms (200.0ms/201.0ms)
[2025-08-19T16:18:25.726+0000][1692007][info ][gc,phases   ] GC(74)   Pre Evacuate Collection Set: 24.4ms
[2025-08-19T16:18:25.726+0000][1692007][info ][gc,phases   ] GC(74)   Merge Heap Roots: 0.3ms
[2025-08-19T16:18:25.726+0000][1692007][info ][gc,phases   ] GC(74)   Evacuate Collection Set: 523.4ms
[2025-08-19T16:18:25.726+0000][1692007][info ][gc,phases   ] GC(74)   Post Evacuate Collection Set: 24.5ms
[2025-08-19T16:18:25.726+0000][1692007][info ][gc,phases   ] GC(74)   Other: 2.9ms
[2025-08-19T16:18:25.726+0000][1692007][trace][gc,age      ] GC(74) Age table with threshold 15 (max threshold 15)
[2025-08-19T16:18:25.727+0000][1692007][trace][gc,age      ] GC(74) - age   1:       8776 bytes,       8776 total
[2025-08-19T16:18:25.727+0000][1692007][trace][gc,age      ] GC(74) - age   2:        712 bytes,       9488 total
[2025-08-19T16:18:25.727+0000][1692007][trace][gc,age      ] GC(74) - age   3:        936 bytes,      10424 total
[2025-08-19T16:18:25.727+0000][1692007][trace][gc,age      ] GC(74) - age   4:         32 bytes,      10456 total
[2025-08-19T16:18:25.727+0000][1692007][trace][gc,age      ] GC(74) - age   8:        184 bytes,      10640 total
[2025-08-19T16:18:25.727+0000][1692007][trace][gc,age      ] GC(74) - age   9:        368 bytes,      11008 total
[2025-08-19T16:18:25.727+0000][1692007][trace][gc,age      ] GC(74) - age  10:         32 bytes,      11040 total
[2025-08-19T16:18:25.727+0000][1692007][trace][gc,age      ] GC(74) - age  11:         64 bytes,      11104 total
[2025-08-19T16:18:25.727+0000][1692007][trace][gc,age      ] GC(74) - age  15:       8896 bytes,      20000 total
[2025-08-19T16:18:25.727+0000][1692007][info ][gc,heap     ] GC(74) Eden regions: 5->0(6)
[2025-08-19T16:18:25.727+0000][1692007][info ][gc,heap     ] GC(74) Survivor regions: 1->1(1)
[2025-08-19T16:18:25.727+0000][1692007][info ][gc,heap     ] GC(74) Old regions: 24->24
[2025-08-19T16:18:25.727+0000][1692007][info ][gc,heap     ] GC(74) Humongous regions: 0->0
[2025-08-19T16:18:25.727+0000][1692007][info ][gc,metaspace] GC(74) Metaspace: 141689K(147904K)->141689K(147904K) NonClass: 122901K(126656K)->122901K(126656K) Class: 18788K(21248K)->18788K(21248K)
[2025-08-19T16:18:25.728+0000][1692007][info ][gc          ] GC(74) Pause Young (Concurrent Start) (G1 Evacuation Pause) 114M->95M(512M) 576.577ms
[2025-08-19T16:18:25.729+0000][1692007][info ][gc,cpu      ] GC(74) User=0.00s Sys=0.13s Real=0.58s
[2025-08-19T16:18:25.729+0000][1692007][info ][safepoint   ] Safepoint "G1CollectForAllocation", Time since last: 45118139351 ns, Reaching safepoint: 898507 ns, Cleanup: 70015 ns, At safepoint: 577780110 ns, Total: 578748632 ns
[2025-08-19T16:18:25.733+0000][1692007][info ][gc          ] GC(75) Concurrent Mark Cycle
[2025-08-19T16:18:25.733+0000][1692007][info ][gc,marking  ] GC(75) Concurrent Scan Root Regions
[2025-08-19T16:18:25.797+0000][1692007][info ][gc,marking  ] GC(75) Concurrent Scan Root Regions 63.790ms
[2025-08-19T16:18:25.797+0000][1692007][info ][gc,marking  ] GC(75) Concurrent Mark
[2025-08-19T16:18:25.797+0000][1692007][info ][gc,marking  ] GC(75) Concurrent Mark From Roots
[2025-08-19T16:18:25.797+0000][1692007][info ][gc,task     ] GC(75) Using 1 workers of 1 for marking
[2025-08-19T16:18:28.916+0000][1692007][info ][gc,marking  ] GC(75) Concurrent Mark From Roots 3119.812ms
[2025-08-19T16:18:28.916+0000][1692007][info ][gc,marking  ] GC(75) Concurrent Preclean
[2025-08-19T16:18:28.917+0000][1692007][info ][gc,marking  ] GC(75) Concurrent Preclean 0.379ms
[2025-08-19T16:18:28.921+0000][1692007][info ][gc,start    ] GC(75) Pause Remark
[2025-08-19T16:18:29.169+0000][1692007][info ][gc,mmu      ] GC(75) MMU target violated: 201.0ms (200.0ms/201.0ms)
[2025-08-19T16:18:29.169+0000][1692007][info ][gc          ] GC(75) Pause Remark 96M->96M(512M) 247.894ms
[2025-08-19T16:18:29.169+0000][1692007][info ][gc,cpu      ] GC(75) User=0.01s Sys=0.04s Real=0.25s
[2025-08-19T16:18:29.169+0000][1692007][info ][safepoint   ] Safepoint "G1PauseRemark", Time since last: 3191940130 ns, Reaching safepoint: 169345 ns, Cleanup: 3756 ns, At safepoint: 247941105 ns, Total: 248114206 ns
[2025-08-19T16:18:29.172+0000][1692007][info ][gc,marking  ] GC(75) Concurrent Mark 3375.784ms
[2025-08-19T16:18:29.172+0000][1692007][info ][gc,marking  ] GC(75) Concurrent Rebuild Remembered Sets and Scrub Regions
[2025-08-19T16:18:29.316+0000][1692007][info ][gc,marking  ] GC(75) Concurrent Rebuild Remembered Sets and Scrub Regions 143.939ms
[2025-08-19T16:18:29.316+0000][1692007][info ][gc,start    ] GC(75) Pause Cleanup
[2025-08-19T16:18:29.317+0000][1692007][info ][gc          ] GC(75) Pause Cleanup 96M->96M(512M) 0.516ms
[2025-08-19T16:18:29.317+0000][1692007][info ][gc,cpu      ] GC(75) User=0.00s Sys=0.00s Real=0.00s
[2025-08-19T16:18:29.317+0000][1692007][info ][safepoint   ] Safepoint "G1PauseCleanup", Time since last: 147767595 ns, Reaching safepoint: 4396 ns, Cleanup: 1973 ns, At safepoint: 613527 ns, Total: 619896 ns
[2025-08-19T16:18:29.317+0000][1692007][info ][gc,marking  ] GC(75) Concurrent Clear Claimed Marks
[2025-08-19T16:18:29.317+0000][1692007][info ][gc,marking  ] GC(75) Concurrent Clear Claimed Marks 0.200ms
[2025-08-19T16:18:29.317+0000][1692007][info ][gc,marking  ] GC(75) Concurrent Cleanup for Next Mark
[2025-08-19T16:18:29.541+0000][1692007][info ][gc,marking  ] GC(75) Concurrent Cleanup for Next Mark 224.096ms
[2025-08-19T16:18:29.541+0000][1692007][info ][gc          ] GC(75) Concurrent Mark Cycle 3808.873ms
[2025-08-19T16:19:08.328+0000][1692007][info ][safepoint   ] Safepoint "Cleanup", Time since last: 39010482427 ns, Reaching safepoint: 38958 ns, Cleanup: 11908 ns, At safepoint: 127423 ns, Total: 178289 ns
[2025-08-19T16:19:11.350+0000][1692007][info ][gc,start    ] GC(76) Pause Young (Prepare Mixed) (G1 Evacuation Pause)
[2025-08-19T16:19:11.350+0000][1692007][info ][gc,task     ] GC(76) Using 1 workers of 1 for evacuation
[2025-08-19T16:19:11.350+0000][1692007][debug][gc,age      ] GC(76) Desired survivor size 2097152 bytes, new threshold 15 (max threshold 15)
[2025-08-19T16:19:11.524+0000][1692007][info ][gc,phases   ] GC(76)   Pre Evacuate Collection Set: 1.1ms
[2025-08-19T16:19:11.525+0000][1692007][info ][gc,phases   ] GC(76)   Merge Heap Roots: 5.4ms
[2025-08-19T16:19:11.525+0000][1692007][info ][gc,phases   ] GC(76)   Evacuate Collection Set: 94.5ms
[2025-08-19T16:19:11.525+0000][1692007][info ][gc,phases   ] GC(76)   Post Evacuate Collection Set: 69.7ms
[2025-08-19T16:19:11.525+0000][1692007][info ][gc,phases   ] GC(76)   Other: 2.3ms
[2025-08-19T16:19:11.525+0000][1692007][trace][gc,age      ] GC(76) Age table with threshold 15 (max threshold 15)
[2025-08-19T16:19:11.526+0000][1692007][trace][gc,age      ] GC(76) - age   1:      17088 bytes,      17088 total
[2025-08-19T16:19:11.526+0000][1692007][trace][gc,age      ] GC(76) - age   2:        576 bytes,      17664 total
[2025-08-19T16:19:11.526+0000][1692007][trace][gc,age      ] GC(76) - age   3:         56 bytes,      17720 total
[2025-08-19T16:19:11.526+0000][1692007][trace][gc,age      ] GC(76) - age   4:        936 bytes,      18656 total
[2025-08-19T16:19:11.526+0000][1692007][trace][gc,age      ] GC(76) - age   9:        184 bytes,      18840 total
[2025-08-19T16:19:11.527+0000][1692007][trace][gc,age      ] GC(76) - age  10:        368 bytes,      19208 total
[2025-08-19T16:19:11.527+0000][1692007][trace][gc,age      ] GC(76) - age  11:         32 bytes,      19240 total
[2025-08-19T16:19:11.527+0000][1692007][trace][gc,age      ] GC(76) - age  12:         64 bytes,      19304 total
[2025-08-19T16:19:11.538+0000][1692007][info ][gc,heap     ] GC(76) Eden regions: 5->0(5)
[2025-08-19T16:19:11.538+0000][1692007][info ][gc,heap     ] GC(76) Survivor regions: 1->1(1)
[2025-08-19T16:19:11.539+0000][1692007][info ][gc,heap     ] GC(76) Old regions: 24->24
[2025-08-19T16:19:11.539+0000][1692007][info ][gc,heap     ] GC(76) Humongous regions: 0->0
[2025-08-19T16:19:11.539+0000][1692007][info ][gc,metaspace] GC(76) Metaspace: 141689K(147904K)->141689K(147904K) NonClass: 122901K(126656K)->122901K(126656K) Class: 18788K(21248K)->18788K(21248K)
[2025-08-19T16:19:11.539+0000][1692007][info ][gc          ] GC(76) Pause Young (Prepare Mixed) (G1 Evacuation Pause) 115M->95M(512M) 189.572ms
[2025-08-19T16:19:11.539+0000][1692007][info ][gc,cpu      ] GC(76) User=0.00s Sys=0.03s Real=0.19s
[2025-08-19T16:19:11.551+0000][1692007][info ][safepoint   ] Safepoint "G1CollectForAllocation", Time since last: 3021864125 ns, Reaching safepoint: 4667 ns, Cleanup: 3025 ns, At safepoint: 201801415 ns, Total: 201809107 ns
[2025-08-19T16:19:59.008+0000][1692007][info ][gc,start    ] GC(77) Pause Young (Mixed) (G1 Evacuation Pause)
[2025-08-19T16:19:59.145+0000][1692007][info ][gc,task     ] GC(77) Using 1 workers of 1 for evacuation
[2025-08-19T16:19:59.198+0000][1692007][debug][gc,age      ] GC(77) Desired survivor size 2097152 bytes, new threshold 15 (max threshold 15)
[2025-08-19T16:20:02.708+0000][1692007][info ][gc,mmu      ] GC(77) MMU target violated: 201.0ms (200.0ms/201.0ms)
[2025-08-19T16:20:02.946+0000][1692007][info ][gc,phases   ] GC(77)   Pre Evacuate Collection Set: 7.1ms
[2025-08-19T16:20:02.946+0000][1692007][info ][gc,phases   ] GC(77)   Merge Heap Roots: 1.8ms
[2025-08-19T16:20:02.946+0000][1692007][info ][gc,phases   ] GC(77)   Evacuate Collection Set: 3360.1ms
[2025-08-19T16:20:02.946+0000][1692007][info ][gc,phases   ] GC(77)   Post Evacuate Collection Set: 118.8ms
[2025-08-19T16:20:02.948+0000][1692007][info ][gc,phases   ] GC(77)   Other: 77.0ms
[2025-08-19T16:20:02.948+0000][1692007][trace][gc,age      ] GC(77) Age table with threshold 15 (max threshold 15)
[2025-08-19T16:20:02.948+0000][1692007][trace][gc,age      ] GC(77) - age   1:       8368 bytes,       8368 total
[2025-08-19T16:20:02.948+0000][1692007][trace][gc,age      ] GC(77) - age   2:        480 bytes,       8848 total
[2025-08-19T16:20:02.948+0000][1692007][trace][gc,age      ] GC(77) - age   4:         56 bytes,       8904 total
[2025-08-19T16:20:02.948+0000][1692007][trace][gc,age      ] GC(77) - age   5:        904 bytes,       9808 total
[2025-08-19T16:20:02.948+0000][1692007][trace][gc,age      ] GC(77) - age  10:        184 bytes,       9992 total
[2025-08-19T16:20:02.948+0000][1692007][trace][gc,age      ] GC(77) - age  11:        368 bytes,      10360 total
[2025-08-19T16:20:02.948+0000][1692007][trace][gc,age      ] GC(77) - age  12:         32 bytes,      10392 total
[2025-08-19T16:20:02.948+0000][1692007][trace][gc,age      ] GC(77) - age  13:         64 bytes,      10456 total
[2025-08-19T16:20:02.948+0000][1692007][info ][gc,heap     ] GC(77) Eden regions: 5->0(5)
[2025-08-19T16:20:02.948+0000][1692007][info ][gc,heap     ] GC(77) Survivor regions: 1->1(1)
[2025-08-19T16:20:02.948+0000][1692007][info ][gc,heap     ] GC(77) Old regions: 24->24
[2025-08-19T16:20:02.948+0000][1692007][info ][gc,heap     ] GC(77) Humongous regions: 0->0
[2025-08-19T16:20:02.959+0000][1692007][info ][gc,metaspace] GC(77) Metaspace: 141689K(147904K)->141689K(147904K) NonClass: 122901K(126656K)->122901K(126656K) Class: 18788K(21248K)->18788K(21248K)
[2025-08-19T16:20:02.969+0000][1692007][info ][gc          ] GC(77) Pause Young (Mixed) (G1 Evacuation Pause) 115M->94M(512M) 4067.774ms
[2025-08-19T16:20:03.013+0000][1692007][info ][gc,cpu      ] GC(77) User=0.02s Sys=0.72s Real=4.20s
[2025-08-19T16:20:03.014+0000][1692007][info ][safepoint   ] Safepoint "G1CollectForAllocation", Time since last: 47182977259 ns, Reaching safepoint: 10778287 ns, Cleanup: 47714707 ns, At safepoint: 4220963436 ns, Total: 4279456430 ns
[2025-08-19T16:50:54.821+0000][1692007][info ][safepoint   ] Safepoint "Cleanup", Time since last: 1851805188542 ns, Reaching safepoint: 213362 ns, Cleanup: 1518203 ns, At safepoint: 3245 ns, Total: 1734810 ns
[2025-08-19T16:50:55.821+0000][1692007][info ][safepoint   ] Safepoint "Cleanup", Time since last: 1000399383 ns, Reaching safepoint: 8323 ns, Cleanup: 11287 ns, At safepoint: 1953 ns, Total: 21563 ns
[2025-08-19T16:51:02.822+0000][1692007][info ][safepoint   ] Safepoint "Cleanup", Time since last: 7000444585 ns, Reaching safepoint: 45168 ns, Cleanup: 12389 ns, At safepoint: 1943 ns, Total: 59500 ns
[2025-08-19T16:51:03.822+0000][1692007][info ][safepoint   ] Safepoint "Cleanup", Time since last: 1000101714 ns, Reaching safepoint: 6339 ns, Cleanup: 13531 ns, At safepoint: 2123 ns, Total: 21993 ns
[2025-08-19T16:51:04.822+0000][1692007][info ][safepoint   ] Safepoint "Cleanup", Time since last: 1000103977 ns, Reaching safepoint: 6641 ns, Cleanup: 11337 ns, At safepoint: 2473 ns, Total: 20451 ns
[2025-08-19T16:51:07.822+0000][1692007][info ][safepoint   ] Safepoint "Cleanup", Time since last: 3000210089 ns, Reaching safepoint: 72640 ns, Cleanup: 10826 ns, At safepoint: 2244 ns, Total: 85710 ns
[2025-08-19T16:51:19.823+0000][1692007][info ][safepoint   ] Safepoint "Cleanup", Time since last: 12000705701 ns, Reaching safepoint: 71769 ns, Cleanup: 11136 ns, At safepoint: 2474 ns, Total: 85379 ns
[2025-08-19T16:51:46.196+0000][1692007][info ][safepoint   ] Safepoint "Cleanup", Time since last: 26373142655 ns, Reaching safepoint: 68083 ns, Cleanup: 9033 ns, At safepoint: 1953 ns, Total: 79069 ns
[2025-08-19T16:51:48.196+0000][1692007][info ][safepoint   ] Safepoint "Cleanup", Time since last: 2000120153 ns, Reaching safepoint: 39720 ns, Cleanup: 11988 ns, At safepoint: 4526 ns, Total: 56234 ns
[2025-08-19T16:51:54.197+0000][1692007][info ][safepoint   ] Safepoint "Cleanup", Time since last: 6000380248 ns, Reaching safepoint: 12689 ns, Cleanup: 7391 ns, At safepoint: 4176 ns, Total: 24256 ns
[2025-08-19T16:52:02.197+0000][1692007][info ][safepoint   ] Safepoint "Cleanup", Time since last: 8000497536 ns, Reaching safepoint: 5438 ns, Cleanup: 9534 ns, At safepoint: 2224 ns, Total: 17196 ns
[2025-08-19T16:52:31.159+0000][1692007][info ][gc,start    ] GC(78) Pause Young (Concurrent Start) (G1 Evacuation Pause)
[2025-08-19T16:52:31.159+0000][1692007][info ][gc,task     ] GC(78) Using 1 workers of 1 for evacuation
[2025-08-19T16:52:31.159+0000][1692007][debug][gc,age      ] GC(78) Desired survivor size 6291456 bytes, new threshold 15 (max threshold 15)
[2025-08-19T16:52:31.290+0000][1692007][info ][gc,phases   ] GC(78)   Pre Evacuate Collection Set: 1.7ms
[2025-08-19T16:52:31.290+0000][1692007][info ][gc,phases   ] GC(78)   Merge Heap Roots: 0.3ms
[2025-08-19T16:52:31.290+0000][1692007][info ][gc,phases   ] GC(78)   Evacuate Collection Set: 94.6ms
[2025-08-19T16:52:31.290+0000][1692007][info ][gc,phases   ] GC(78)   Post Evacuate Collection Set: 33.8ms
[2025-08-19T16:52:31.290+0000][1692007][info ][gc,phases   ] GC(78)   Other: 0.5ms
[2025-08-19T16:52:31.290+0000][1692007][trace][gc,age      ] GC(78) Age table with threshold 15 (max threshold 15)
[2025-08-19T16:52:31.290+0000][1692007][trace][gc,age      ] GC(78) - age   1:     217808 bytes,     217808 total
[2025-08-19T16:52:31.290+0000][1692007][trace][gc,age      ] GC(78) - age  14:         64 bytes,     217872 total
[2025-08-19T16:52:31.290+0000][1692007][info ][gc,heap     ] GC(78) Eden regions: 23->0(10)
[2025-08-19T16:52:31.290+0000][1692007][info ][gc,heap     ] GC(78) Survivor regions: 1->1(3)
[2025-08-19T16:52:31.290+0000][1692007][info ][gc,heap     ] GC(78) Old regions: 24->24
[2025-08-19T16:52:31.290+0000][1692007][info ][gc,heap     ] GC(78) Humongous regions: 0->0
[2025-08-19T16:52:31.290+0000][1692007][info ][gc,metaspace] GC(78) Metaspace: 141936K(147904K)->141936K(147904K) NonClass: 123083K(126656K)->123083K(126656K) Class: 18853K(21248K)->18853K(21248K)
[2025-08-19T16:52:31.290+0000][1692007][info ][gc          ] GC(78) Pause Young (Concurrent Start) (G1 Evacuation Pause) 186M->94M(512M) 131.288ms
[2025-08-19T16:52:31.290+0000][1692007][info ][gc,cpu      ] GC(78) User=0.00s Sys=0.01s Real=0.13s
[2025-08-19T16:52:31.290+0000][1692007][info ][safepoint   ] Safepoint "G1CollectForAllocation", Time since last: 28961553713 ns, Reaching safepoint: 7722 ns, Cleanup: 3505 ns, At safepoint: 131348216 ns, Total: 131359443 ns
[2025-08-19T16:52:31.295+0000][1692007][info ][gc          ] GC(79) Concurrent Mark Cycle
[2025-08-19T16:52:31.295+0000][1692007][info ][gc,marking  ] GC(79) Concurrent Scan Root Regions
[2025-08-19T16:52:31.329+0000][1692007][info ][gc,marking  ] GC(79) Concurrent Scan Root Regions 34.545ms
[2025-08-19T16:52:31.329+0000][1692007][info ][gc,marking  ] GC(79) Concurrent Mark
[2025-08-19T16:52:31.329+0000][1692007][info ][gc,marking  ] GC(79) Concurrent Mark From Roots
[2025-08-19T16:52:31.329+0000][1692007][info ][gc,task     ] GC(79) Using 1 workers of 1 for marking
[2025-08-19T16:52:31.964+0000][1692007][info ][gc,marking  ] GC(79) Concurrent Mark From Roots 634.886ms
[2025-08-19T16:52:31.964+0000][1692007][info ][gc,marking  ] GC(79) Concurrent Preclean
[2025-08-19T16:52:31.965+0000][1692007][info ][gc,marking  ] GC(79) Concurrent Preclean 0.381ms
[2025-08-19T16:52:31.965+0000][1692007][info ][gc,start    ] GC(79) Pause Remark
[2025-08-19T16:52:31.998+0000][1692007][info ][gc          ] GC(79) Pause Remark 95M->95M(512M) 33.673ms
[2025-08-19T16:52:31.998+0000][1692007][info ][gc,cpu      ] GC(79) User=0.00s Sys=0.01s Real=0.04s
[2025-08-19T16:52:31.998+0000][1692007][info ][safepoint   ] Safepoint "G1PauseRemark", Time since last: 674346054 ns, Reaching safepoint: 5078 ns, Cleanup: 2974 ns, At safepoint: 33721775 ns, Total: 33729827 ns
[2025-08-19T16:52:31.998+0000][1692007][info ][gc,marking  ] GC(79) Concurrent Mark 669.083ms
[2025-08-19T16:52:31.998+0000][1692007][info ][gc,marking  ] GC(79) Concurrent Rebuild Remembered Sets and Scrub Regions
[2025-08-19T16:52:32.053+0000][1692007][info ][gc,marking  ] GC(79) Concurrent Rebuild Remembered Sets and Scrub Regions 54.414ms
[2025-08-19T16:52:32.053+0000][1692007][info ][gc,start    ] GC(79) Pause Cleanup
[2025-08-19T16:52:32.053+0000][1692007][info ][gc          ] GC(79) Pause Cleanup 96M->96M(512M) 0.125ms
[2025-08-19T16:52:32.053+0000][1692007][info ][gc,cpu      ] GC(79) User=0.00s Sys=0.00s Real=0.00s
[2025-08-19T16:52:32.053+0000][1692007][info ][safepoint   ] Safepoint "G1PauseCleanup", Time since last: 54475907 ns, Reaching safepoint: 4046 ns, Cleanup: 2063 ns, At safepoint: 149386 ns, Total: 155495 ns
[2025-08-19T16:52:32.053+0000][1692007][info ][gc,marking  ] GC(79) Concurrent Clear Claimed Marks
[2025-08-19T16:52:32.053+0000][1692007][info ][gc,marking  ] GC(79) Concurrent Clear Claimed Marks 0.210ms
[2025-08-19T16:52:32.053+0000][1692007][info ][gc,marking  ] GC(79) Concurrent Cleanup for Next Mark
[2025-08-19T16:52:32.096+0000][1692007][info ][gc,marking  ] GC(79) Concurrent Cleanup for Next Mark 42.498ms
[2025-08-19T16:52:32.096+0000][1692007][info ][gc          ] GC(79) Concurrent Mark Cycle 801.201ms
[2025-08-19T16:53:18.311+0000][1692007][info ][gc,start    ] GC(80) Pause Young (Prepare Mixed) (G1 Evacuation Pause)
[2025-08-19T16:53:18.311+0000][1692007][info ][gc,task     ] GC(80) Using 1 workers of 1 for evacuation
[2025-08-19T16:53:18.311+0000][1692007][debug][gc,age      ] GC(80) Desired survivor size 2097152 bytes, new threshold 15 (max threshold 15)
[2025-08-19T16:53:18.315+0000][1692007][info ][gc,phases   ] GC(80)   Pre Evacuate Collection Set: 0.0ms
[2025-08-19T16:53:18.315+0000][1692007][info ][gc,phases   ] GC(80)   Merge Heap Roots: 0.0ms
[2025-08-19T16:53:18.315+0000][1692007][info ][gc,phases   ] GC(80)   Evacuate Collection Set: 3.3ms
[2025-08-19T16:53:18.315+0000][1692007][info ][gc,phases   ] GC(80)   Post Evacuate Collection Set: 0.9ms
[2025-08-19T16:53:18.315+0000][1692007][info ][gc,phases   ] GC(80)   Other: 0.0ms
[2025-08-19T16:53:18.315+0000][1692007][trace][gc,age      ] GC(80) Age table with threshold 15 (max threshold 15)
[2025-08-19T16:53:18.315+0000][1692007][trace][gc,age      ] GC(80) - age   1:      13112 bytes,      13112 total
[2025-08-19T16:53:18.315+0000][1692007][trace][gc,age      ] GC(80) - age   2:     200432 bytes,     213544 total
[2025-08-19T16:53:18.315+0000][1692007][trace][gc,age      ] GC(80) - age  15:         64 bytes,     213608 total
[2025-08-19T16:53:18.315+0000][1692007][info ][gc,heap     ] GC(80) Eden regions: 5->0(5)
[2025-08-19T16:53:18.315+0000][1692007][info ][gc,heap     ] GC(80) Survivor regions: 1->1(1)
[2025-08-19T16:53:18.315+0000][1692007][info ][gc,heap     ] GC(80) Old regions: 24->24
[2025-08-19T16:53:18.315+0000][1692007][info ][gc,heap     ] GC(80) Humongous regions: 0->0
[2025-08-19T16:53:18.315+0000][1692007][info ][gc,metaspace] GC(80) Metaspace: 141937K(147904K)->141937K(147904K) NonClass: 123084K(126656K)->123084K(126656K) Class: 18853K(21248K)->18853K(21248K)
[2025-08-19T16:53:18.315+0000][1692007][info ][gc          ] GC(80) Pause Young (Prepare Mixed) (G1 Evacuation Pause) 114M->94M(512M) 4.362ms
[2025-08-19T16:53:18.315+0000][1692007][info ][gc,cpu      ] GC(80) User=0.00s Sys=0.00s Real=0.00s
[2025-08-19T16:53:18.315+0000][1692007][info ][safepoint   ] Safepoint "G1CollectForAllocation", Time since last: 46257538545 ns, Reaching safepoint: 7701 ns, Cleanup: 3396 ns, At safepoint: 4401046 ns, Total: 4412143 ns
[2025-08-19T16:54:03.525+0000][1692007][info ][gc,start    ] GC(81) Pause Young (Mixed) (G1 Evacuation Pause)
[2025-08-19T16:54:03.525+0000][1692007][info ][gc,task     ] GC(81) Using 1 workers of 1 for evacuation
[2025-08-19T16:54:03.525+0000][1692007][debug][gc,age      ] GC(81) Desired survivor size 2097152 bytes, new threshold 15 (max threshold 15)
[2025-08-19T16:54:03.550+0000][1692007][info ][gc,phases   ] GC(81)   Pre Evacuate Collection Set: 0.0ms
[2025-08-19T16:54:03.550+0000][1692007][info ][gc,phases   ] GC(81)   Merge Heap Roots: 0.1ms
[2025-08-19T16:54:03.550+0000][1692007][info ][gc,phases   ] GC(81)   Evacuate Collection Set: 23.7ms
[2025-08-19T16:54:03.550+0000][1692007][info ][gc,phases   ] GC(81)   Post Evacuate Collection Set: 1.0ms
[2025-08-19T16:54:03.550+0000][1692007][info ][gc,phases   ] GC(81)   Other: 0.0ms
[2025-08-19T16:54:03.550+0000][1692007][trace][gc,age      ] GC(81) Age table with threshold 15 (max threshold 15)
[2025-08-19T16:54:03.550+0000][1692007][trace][gc,age      ] GC(81) - age   1:       8264 bytes,       8264 total
[2025-08-19T16:54:03.550+0000][1692007][trace][gc,age      ] GC(81) - age   2:       4736 bytes,      13000 total
[2025-08-19T16:54:03.550+0000][1692007][trace][gc,age      ] GC(81) - age   3:     199952 bytes,     212952 total
[2025-08-19T16:54:03.550+0000][1692007][info ][gc,heap     ] GC(81) Eden regions: 5->0(48)
[2025-08-19T16:54:03.550+0000][1692007][info ][gc,heap     ] GC(81) Survivor regions: 1->1(1)
[2025-08-19T16:54:03.550+0000][1692007][info ][gc,heap     ] GC(81) Old regions: 24->24
[2025-08-19T16:54:03.550+0000][1692007][info ][gc,heap     ] GC(81) Humongous regions: 0->0
[2025-08-19T16:54:03.550+0000][1692007][info ][gc,metaspace] GC(81) Metaspace: 141937K(147904K)->141937K(147904K) NonClass: 123084K(126656K)->123084K(126656K) Class: 18853K(21248K)->18853K(21248K)
[2025-08-19T16:54:03.550+0000][1692007][info ][gc          ] GC(81) Pause Young (Mixed) (G1 Evacuation Pause) 114M->94M(512M) 24.931ms
[2025-08-19T16:54:03.550+0000][1692007][info ][gc,cpu      ] GC(81) User=0.01s Sys=0.00s Real=0.03s
[2025-08-19T16:54:03.550+0000][1692007][info ][safepoint   ] Safepoint "G1CollectForAllocation", Time since last: 45209925171 ns, Reaching safepoint: 7742 ns, Cleanup: 3765 ns, At safepoint: 24968867 ns, Total: 24980374 ns
[2025-08-19T17:00:26.572+0000][1692007][info ][safepoint   ] Safepoint "Cleanup", Time since last: 383022546440 ns, Reaching safepoint: 42625 ns, Cleanup: 11147 ns, At safepoint: 4366 ns, Total: 58138 ns
[2025-08-19T17:00:31.573+0000][1692007][info ][safepoint   ] Safepoint "Cleanup", Time since last: 5000705328 ns, Reaching safepoint: 39519 ns, Cleanup: 11328 ns, At safepoint: 4566 ns, Total: 55413 ns
[2025-08-19T17:00:54.575+0000][1692007][info ][safepoint   ] Safepoint "Cleanup", Time since last: 23001593649 ns, Reaching safepoint: 44066 ns, Cleanup: 15454 ns, At safepoint: 6189 ns, Total: 65709 ns
[2025-08-19T17:01:24.577+0000][1692007][info ][safepoint   ] Safepoint "Cleanup", Time since last: 30001823859 ns, Reaching safepoint: 41553 ns, Cleanup: 11087 ns, At safepoint: 1993 ns, Total: 54633 ns
[2025-08-19T17:02:54.898+0000][1692007][info ][gc,start    ] GC(82) Pause Young (Concurrent Start) (G1 Evacuation Pause)
[2025-08-19T17:02:54.898+0000][1692007][info ][gc,task     ] GC(82) Using 1 workers of 1 for evacuation
[2025-08-19T17:02:54.898+0000][1692007][debug][gc,age      ] GC(82) Desired survivor size 16777216 bytes, new threshold 15 (max threshold 15)
[2025-08-19T17:02:54.902+0000][1692007][info ][gc,phases   ] GC(82)   Pre Evacuate Collection Set: 0.0ms
[2025-08-19T17:02:54.902+0000][1692007][info ][gc,phases   ] GC(82)   Merge Heap Roots: 0.0ms
[2025-08-19T17:02:54.902+0000][1692007][info ][gc,phases   ] GC(82)   Evacuate Collection Set: 2.8ms
[2025-08-19T17:02:54.902+0000][1692007][info ][gc,phases   ] GC(82)   Post Evacuate Collection Set: 0.8ms
[2025-08-19T17:02:54.902+0000][1692007][info ][gc,phases   ] GC(82)   Other: 0.0ms
[2025-08-19T17:02:54.902+0000][1692007][trace][gc,age      ] GC(82) Age table with threshold 15 (max threshold 15)
[2025-08-19T17:02:54.902+0000][1692007][trace][gc,age      ] GC(82) - age   1:      10936 bytes,      10936 total
[2025-08-19T17:02:54.902+0000][1692007][trace][gc,age      ] GC(82) - age   3:       4304 bytes,      15240 total
[2025-08-19T17:02:54.902+0000][1692007][trace][gc,age      ] GC(82) - age   4:     198760 bytes,     214000 total
[2025-08-19T17:02:54.902+0000][1692007][info ][gc,heap     ] GC(82) Eden regions: 57->0(75)
[2025-08-19T17:02:54.902+0000][1692007][info ][gc,heap     ] GC(82) Survivor regions: 1->1(8)
[2025-08-19T17:02:54.902+0000][1692007][info ][gc,heap     ] GC(82) Old regions: 24->24
[2025-08-19T17:02:54.902+0000][1692007][info ][gc,heap     ] GC(82) Humongous regions: 0->0
[2025-08-19T17:02:54.902+0000][1692007][info ][gc,metaspace] GC(82) Metaspace: 141937K(147904K)->141937K(147904K) NonClass: 123084K(126656K)->123084K(126656K) Class: 18853K(21248K)->18853K(21248K)
[2025-08-19T17:02:54.902+0000][1692007][info ][gc          ] GC(82) Pause Young (Concurrent Start) (G1 Evacuation Pause) 322M->94M(512M) 3.938ms
[2025-08-19T17:02:54.902+0000][1692007][info ][gc,cpu      ] GC(82) User=0.00s Sys=0.00s Real=0.00s
[2025-08-19T17:02:54.902+0000][1692007][info ][safepoint   ] Safepoint "G1CollectForAllocation", Time since last: 90321270314 ns, Reaching safepoint: 7341 ns, Cleanup: 2874 ns, At safepoint: 3977907 ns, Total: 3988122 ns
[2025-08-19T17:02:54.902+0000][1692007][info ][gc          ] GC(83) Concurrent Mark Cycle
[2025-08-19T17:02:54.902+0000][1692007][info ][gc,marking  ] GC(83) Concurrent Scan Root Regions
[2025-08-19T17:02:54.909+0000][1692007][info ][gc,marking  ] GC(83) Concurrent Scan Root Regions 7.032ms
[2025-08-19T17:02:54.909+0000][1692007][info ][gc,marking  ] GC(83) Concurrent Mark
[2025-08-19T17:02:54.909+0000][1692007][info ][gc,marking  ] GC(83) Concurrent Mark From Roots
[2025-08-19T17:02:54.909+0000][1692007][info ][gc,task     ] GC(83) Using 1 workers of 1 for marking
[2025-08-19T17:02:55.026+0000][1692007][info ][gc,marking  ] GC(83) Concurrent Mark From Roots 116.747ms
[2025-08-19T17:02:55.026+0000][1692007][info ][gc,marking  ] GC(83) Concurrent Preclean
[2025-08-19T17:02:55.026+0000][1692007][info ][gc,marking  ] GC(83) Concurrent Preclean 0.273ms
[2025-08-19T17:02:55.026+0000][1692007][info ][gc,start    ] GC(83) Pause Remark
[2025-08-19T17:02:55.031+0000][1692007][info ][gc          ] GC(83) Pause Remark 94M->94M(512M) 5.295ms
[2025-08-19T17:02:55.031+0000][1692007][info ][gc,cpu      ] GC(83) User=0.01s Sys=0.00s Real=0.00s
[2025-08-19T17:02:55.031+0000][1692007][info ][safepoint   ] Safepoint "G1PauseRemark", Time since last: 124137829 ns, Reaching safepoint: 4727 ns, Cleanup: 2624 ns, At safepoint: 5332022 ns, Total: 5339373 ns
[2025-08-19T17:02:55.031+0000][1692007][info ][gc,marking  ] GC(83) Concurrent Mark 122.430ms
[2025-08-19T17:02:55.031+0000][1692007][info ][gc,marking  ] GC(83) Concurrent Rebuild Remembered Sets and Scrub Regions
[2025-08-19T17:02:55.098+0000][1692007][info ][gc,marking  ] GC(83) Concurrent Rebuild Remembered Sets and Scrub Regions 66.435ms
[2025-08-19T17:02:55.098+0000][1692007][info ][gc,start    ] GC(83) Pause Cleanup
[2025-08-19T17:02:55.098+0000][1692007][info ][gc          ] GC(83) Pause Cleanup 96M->96M(512M) 0.046ms
[2025-08-19T17:02:55.098+0000][1692007][info ][gc,cpu      ] GC(83) User=0.00s Sys=0.00s Real=0.00s
[2025-08-19T17:02:55.098+0000][1692007][info ][safepoint   ] Safepoint "G1PauseCleanup", Time since last: 66496541 ns, Reaching safepoint: 4116 ns, Cleanup: 2023 ns, At safepoint: 70356 ns, Total: 76495 ns
[2025-08-19T17:02:55.098+0000][1692007][info ][gc,marking  ] GC(83) Concurrent Clear Claimed Marks
[2025-08-19T17:02:55.098+0000][1692007][info ][gc,marking  ] GC(83) Concurrent Clear Claimed Marks 0.190ms
[2025-08-19T17:02:55.098+0000][1692007][info ][gc,marking  ] GC(83) Concurrent Cleanup for Next Mark
[2025-08-19T17:02:55.098+0000][1692007][info ][gc,marking  ] GC(83) Concurrent Cleanup for Next Mark 0.240ms
[2025-08-19T17:02:55.098+0000][1692007][info ][gc          ] GC(83) Concurrent Mark Cycle 196.496ms
[2025-08-19T17:03:39.936+0000][1692007][info ][gc,start    ] GC(84) Pause Young (Prepare Mixed) (G1 Evacuation Pause)
[2025-08-19T17:03:39.936+0000][1692007][info ][gc,task     ] GC(84) Using 1 workers of 1 for evacuation
[2025-08-19T17:03:39.936+0000][1692007][debug][gc,age      ] GC(84) Desired survivor size 2097152 bytes, new threshold 15 (max threshold 15)
[2025-08-19T17:03:39.939+0000][1692007][info ][gc,phases   ] GC(84)   Pre Evacuate Collection Set: 0.0ms
[2025-08-19T17:03:39.939+0000][1692007][info ][gc,phases   ] GC(84)   Merge Heap Roots: 0.0ms
[2025-08-19T17:03:39.939+0000][1692007][info ][gc,phases   ] GC(84)   Evacuate Collection Set: 1.9ms
[2025-08-19T17:03:39.939+0000][1692007][info ][gc,phases   ] GC(84)   Post Evacuate Collection Set: 0.8ms
[2025-08-19T17:03:39.939+0000][1692007][info ][gc,phases   ] GC(84)   Other: 0.0ms
[2025-08-19T17:03:39.939+0000][1692007][trace][gc,age      ] GC(84) Age table with threshold 15 (max threshold 15)
[2025-08-19T17:03:39.939+0000][1692007][trace][gc,age      ] GC(84) - age   1:       8136 bytes,       8136 total
[2025-08-19T17:03:39.939+0000][1692007][trace][gc,age      ] GC(84) - age   2:       2616 bytes,      10752 total
[2025-08-19T17:03:39.939+0000][1692007][trace][gc,age      ] GC(84) - age   4:       4304 bytes,      15056 total
[2025-08-19T17:03:39.939+0000][1692007][trace][gc,age      ] GC(84) - age   5:     198760 bytes,     213816 total
[2025-08-19T17:03:39.939+0000][1692007][info ][gc,heap     ] GC(84) Eden regions: 5->0(5)
[2025-08-19T17:03:39.939+0000][1692007][info ][gc,heap     ] GC(84) Survivor regions: 1->1(1)
[2025-08-19T17:03:39.939+0000][1692007][info ][gc,heap     ] GC(84) Old regions: 24->24
[2025-08-19T17:03:39.939+0000][1692007][info ][gc,heap     ] GC(84) Humongous regions: 0->0
[2025-08-19T17:03:39.939+0000][1692007][info ][gc,metaspace] GC(84) Metaspace: 141937K(147904K)->141937K(147904K) NonClass: 123084K(126656K)->123084K(126656K) Class: 18853K(21248K)->18853K(21248K)
[2025-08-19T17:03:39.939+0000][1692007][info ][gc          ] GC(84) Pause Young (Prepare Mixed) (G1 Evacuation Pause) 114M->94M(512M) 2.866ms
[2025-08-19T17:03:39.939+0000][1692007][info ][gc,cpu      ] GC(84) User=0.01s Sys=0.00s Real=0.00s
[2025-08-19T17:03:39.939+0000][1692007][info ][safepoint   ] Safepoint "G1CollectForAllocation", Time since last: 44837977622 ns, Reaching safepoint: 7011 ns, Cleanup: 2504 ns, At safepoint: 2899499 ns, Total: 2909014 ns
[2025-08-19T17:04:24.972+0000][1692007][info ][gc,start    ] GC(85) Pause Young (Mixed) (G1 Evacuation Pause)
[2025-08-19T17:04:24.972+0000][1692007][info ][gc,task     ] GC(85) Using 1 workers of 1 for evacuation
[2025-08-19T17:04:24.972+0000][1692007][debug][gc,age      ] GC(85) Desired survivor size 2097152 bytes, new threshold 15 (max threshold 15)
[2025-08-19T17:04:24.991+0000][1692007][info ][gc,phases   ] GC(85)   Pre Evacuate Collection Set: 0.0ms
[2025-08-19T17:04:24.991+0000][1692007][info ][gc,phases   ] GC(85)   Merge Heap Roots: 0.1ms
[2025-08-19T17:04:24.991+0000][1692007][info ][gc,phases   ] GC(85)   Evacuate Collection Set: 17.9ms
[2025-08-19T17:04:24.991+0000][1692007][info ][gc,phases   ] GC(85)   Post Evacuate Collection Set: 0.9ms
[2025-08-19T17:04:24.991+0000][1692007][info ][gc,phases   ] GC(85)   Other: 0.0ms
[2025-08-19T17:04:24.991+0000][1692007][trace][gc,age      ] GC(85) Age table with threshold 15 (max threshold 15)
[2025-08-19T17:04:24.991+0000][1692007][trace][gc,age      ] GC(85) - age   1:       9072 bytes,       9072 total
[2025-08-19T17:04:24.991+0000][1692007][trace][gc,age      ] GC(85) - age   2:        256 bytes,       9328 total
[2025-08-19T17:04:24.991+0000][1692007][trace][gc,age      ] GC(85) - age   3:       1432 bytes,      10760 total
[2025-08-19T17:04:24.991+0000][1692007][trace][gc,age      ] GC(85) - age   5:       4304 bytes,      15064 total
[2025-08-19T17:04:24.991+0000][1692007][trace][gc,age      ] GC(85) - age   6:     198760 bytes,     213824 total
[2025-08-19T17:04:24.991+0000][1692007][info ][gc,heap     ] GC(85) Eden regions: 5->0(75)
[2025-08-19T17:04:24.991+0000][1692007][info ][gc,heap     ] GC(85) Survivor regions: 1->1(1)
[2025-08-19T17:04:24.991+0000][1692007][info ][gc,heap     ] GC(85) Old regions: 24->24
[2025-08-19T17:04:24.991+0000][1692007][info ][gc,heap     ] GC(85) Humongous regions: 0->0
[2025-08-19T17:04:24.991+0000][1692007][info ][gc,metaspace] GC(85) Metaspace: 141937K(147904K)->141937K(147904K) NonClass: 123084K(126656K)->123084K(126656K) Class: 18853K(21248K)->18853K(21248K)
[2025-08-19T17:04:24.991+0000][1692007][info ][gc          ] GC(85) Pause Young (Mixed) (G1 Evacuation Pause) 114M->93M(512M) 19.074ms
[2025-08-19T17:04:24.991+0000][1692007][info ][gc,cpu      ] GC(85) User=0.01s Sys=0.01s Real=0.02s
[2025-08-19T17:04:24.991+0000][1692007][info ][safepoint   ] Safepoint "G1CollectForAllocation", Time since last: 45032916632 ns, Reaching safepoint: 7271 ns, Cleanup: 3235 ns, At safepoint: 19112563 ns, Total: 19123069 ns
[2025-08-19T17:04:44.992+0000][1692007][info ][safepoint   ] Safepoint "Cleanup", Time since last: 20001166077 ns, Reaching safepoint: 6890 ns, Cleanup: 11628 ns, At safepoint: 38558 ns, Total: 57076 ns
[2025-08-19T17:10:25.013+0000][1692007][info ][safepoint   ] Safepoint "Cleanup", Time since last: 340021105556 ns, Reaching safepoint: 37888 ns, Cleanup: 15573 ns, At safepoint: 2063 ns, Total: 55524 ns
[2025-08-19T17:10:55.016+0000][1692007][info ][safepoint   ] Safepoint "Cleanup", Time since last: 30002138007 ns, Reaching safepoint: 37757 ns, Cleanup: 13090 ns, At safepoint: 4677 ns, Total: 55524 ns
[2025-08-19T17:11:25.017+0000][1692007][info ][safepoint   ] Safepoint "Cleanup", Time since last: 30001751372 ns, Reaching safepoint: 41653 ns, Cleanup: 11698 ns, At safepoint: 1913 ns, Total: 55264 ns
[2025-08-19T17:11:54.487+0000][1692007][info ][safepoint   ] Safepoint "Cleanup", Time since last: 29469029256 ns, Reaching safepoint: 18428 ns, Cleanup: 134533 ns, At safepoint: 4677 ns, Total: 157638 ns
[2025-08-19T17:11:55.487+0000][1692007][info ][safepoint   ] Safepoint "Cleanup", Time since last: 1000096538 ns, Reaching safepoint: 6149 ns, Cleanup: 10196 ns, At safepoint: 2113 ns, Total: 18458 ns
[2025-08-19T17:13:14.491+0000][1692007][info ][safepoint   ] Safepoint "Cleanup", Time since last: 79004719526 ns, Reaching safepoint: 43506 ns, Cleanup: 11327 ns, At safepoint: 4597 ns, Total: 59430 ns
[2025-08-19T17:13:24.493+0000][1692007][info ][safepoint   ] Safepoint "Cleanup", Time since last: 10001057379 ns, Reaching safepoint: 42204 ns, Cleanup: 14031 ns, At safepoint: 6510 ns, Total: 62745 ns
[2025-08-19T17:16:05.489+0000][1692007][info ][gc,start    ] GC(86) Pause Young (Concurrent Start) (G1 Evacuation Pause)
[2025-08-19T17:16:05.489+0000][1692007][info ][gc,task     ] GC(86) Using 1 workers of 1 for evacuation
[2025-08-19T17:16:05.489+0000][1692007][debug][gc,age      ] GC(86) Desired survivor size 20971520 bytes, new threshold 15 (max threshold 15)
[2025-08-19T17:16:05.492+0000][1692007][info ][gc,phases   ] GC(86)   Pre Evacuate Collection Set: 0.1ms
[2025-08-19T17:16:05.493+0000][1692007][info ][gc,phases   ] GC(86)   Merge Heap Roots: 0.0ms
[2025-08-19T17:16:05.493+0000][1692007][info ][gc,phases   ] GC(86)   Evacuate Collection Set: 2.7ms
[2025-08-19T17:16:05.493+0000][1692007][info ][gc,phases   ] GC(86)   Post Evacuate Collection Set: 0.8ms
[2025-08-19T17:16:05.493+0000][1692007][info ][gc,phases   ] GC(86)   Other: 0.0ms
[2025-08-19T17:16:05.493+0000][1692007][trace][gc,age      ] GC(86) Age table with threshold 15 (max threshold 15)
[2025-08-19T17:16:05.493+0000][1692007][trace][gc,age      ] GC(86) - age   1:      15936 bytes,      15936 total
[2025-08-19T17:16:05.493+0000][1692007][trace][gc,age      ] GC(86) - age   4:         32 bytes,      15968 total
[2025-08-19T17:16:05.493+0000][1692007][trace][gc,age      ] GC(86) - age   6:       4304 bytes,      20272 total
[2025-08-19T17:16:05.493+0000][1692007][trace][gc,age      ] GC(86) - age   7:     198408 bytes,     218680 total
[2025-08-19T17:16:05.493+0000][1692007][info ][gc,heap     ] GC(86) Eden regions: 75->0(75)
[2025-08-19T17:16:05.493+0000][1692007][info ][gc,heap     ] GC(86) Survivor regions: 1->1(10)
[2025-08-19T17:16:05.493+0000][1692007][info ][gc,heap     ] GC(86) Old regions: 24->24
[2025-08-19T17:16:05.493+0000][1692007][info ][gc,heap     ] GC(86) Humongous regions: 0->0
[2025-08-19T17:16:05.493+0000][1692007][info ][gc,metaspace] GC(86) Metaspace: 141960K(147904K)->141960K(147904K) NonClass: 123107K(126656K)->123107K(126656K) Class: 18853K(21248K)->18853K(21248K)
[2025-08-19T17:16:05.493+0000][1692007][info ][gc          ] GC(86) Pause Young (Concurrent Start) (G1 Evacuation Pause) 393M->93M(512M) 3.800ms
[2025-08-19T17:16:05.493+0000][1692007][info ][gc,cpu      ] GC(86) User=0.00s Sys=0.00s Real=0.00s
[2025-08-19T17:16:05.493+0000][1692007][info ][safepoint   ] Safepoint "G1CollectForAllocation", Time since last: 160996194589 ns, Reaching safepoint: 7362 ns, Cleanup: 2413 ns, At safepoint: 3836324 ns, Total: 3846099 ns
[2025-08-19T17:16:05.499+0000][1692007][info ][gc          ] GC(87) Concurrent Mark Cycle
[2025-08-19T17:16:05.499+0000][1692007][info ][gc,marking  ] GC(87) Concurrent Scan Root Regions
[2025-08-19T17:16:05.500+0000][1692007][info ][gc,marking  ] GC(87) Concurrent Scan Root Regions 0.594ms
[2025-08-19T17:16:05.500+0000][1692007][info ][gc,marking  ] GC(87) Concurrent Mark
[2025-08-19T17:16:05.500+0000][1692007][info ][gc,marking  ] GC(87) Concurrent Mark From Roots
[2025-08-19T17:16:05.500+0000][1692007][info ][gc,task     ] GC(87) Using 1 workers of 1 for marking
[2025-08-19T17:16:05.618+0000][1692007][info ][gc,marking  ] GC(87) Concurrent Mark From Roots 118.450ms
[2025-08-19T17:16:05.618+0000][1692007][info ][gc,marking  ] GC(87) Concurrent Preclean
[2025-08-19T17:16:05.619+0000][1692007][info ][gc,marking  ] GC(87) Concurrent Preclean 0.288ms
[2025-08-19T17:16:05.619+0000][1692007][info ][gc,start    ] GC(87) Pause Remark
[2025-08-19T17:16:05.624+0000][1692007][info ][gc          ] GC(87) Pause Remark 95M->95M(512M) 4.880ms
[2025-08-19T17:16:05.624+0000][1692007][info ][gc,cpu      ] GC(87) User=0.00s Sys=0.00s Real=0.00s
[2025-08-19T17:16:05.624+0000][1692007][info ][safepoint   ] Safepoint "G1PauseRemark", Time since last: 126181805 ns, Reaching safepoint: 4847 ns, Cleanup: 3045 ns, At safepoint: 4914101 ns, Total: 4921993 ns
[2025-08-19T17:16:05.624+0000][1692007][info ][gc,marking  ] GC(87) Concurrent Mark 123.925ms
[2025-08-19T17:16:05.624+0000][1692007][info ][gc,marking  ] GC(87) Concurrent Rebuild Remembered Sets and Scrub Regions
[2025-08-19T17:16:05.680+0000][1692007][info ][gc,marking  ] GC(87) Concurrent Rebuild Remembered Sets and Scrub Regions 56.194ms
[2025-08-19T17:16:05.680+0000][1692007][info ][gc,start    ] GC(87) Pause Cleanup
[2025-08-19T17:16:05.680+0000][1692007][info ][gc          ] GC(87) Pause Cleanup 96M->96M(512M) 0.041ms
[2025-08-19T17:16:05.680+0000][1692007][info ][gc,cpu      ] GC(87) User=0.00s Sys=0.00s Real=0.00s
[2025-08-19T17:16:05.680+0000][1692007][info ][safepoint   ] Safepoint "G1PauseCleanup", Time since last: 56450058 ns, Reaching safepoint: 4307 ns, Cleanup: 1652 ns, At safepoint: 64348 ns, Total: 70307 ns
[2025-08-19T17:16:05.680+0000][1692007][info ][gc,marking  ] GC(87) Concurrent Clear Claimed Marks
[2025-08-19T17:16:05.680+0000][1692007][info ][gc,marking  ] GC(87) Concurrent Clear Claimed Marks 0.181ms
[2025-08-19T17:16:05.680+0000][1692007][info ][gc,marking  ] GC(87) Concurrent Cleanup for Next Mark
[2025-08-19T17:16:05.688+0000][1692007][info ][gc,marking  ] GC(87) Concurrent Cleanup for Next Mark 7.422ms
[2025-08-19T17:16:05.688+0000][1692007][info ][gc          ] GC(87) Concurrent Mark Cycle 188.481ms
[2025-08-19T17:16:14.681+0000][1692007][info ][safepoint   ] Safepoint "Cleanup", Time since last: 9000502649 ns, Reaching safepoint: 71729 ns, Cleanup: 9854 ns, At safepoint: 4587 ns, Total: 86170 ns
[2025-08-19T17:16:50.528+0000][1692007][info ][gc,start    ] GC(88) Pause Young (Prepare Mixed) (G1 Evacuation Pause)
[2025-08-19T17:16:50.528+0000][1692007][info ][gc,task     ] GC(88) Using 1 workers of 1 for evacuation
[2025-08-19T17:16:50.528+0000][1692007][debug][gc,age      ] GC(88) Desired survivor size 2097152 bytes, new threshold 15 (max threshold 15)
[2025-08-19T17:16:50.531+0000][1692007][info ][gc,phases   ] GC(88)   Pre Evacuate Collection Set: 0.0ms
[2025-08-19T17:16:50.531+0000][1692007][info ][gc,phases   ] GC(88)   Merge Heap Roots: 0.0ms
[2025-08-19T17:16:50.531+0000][1692007][info ][gc,phases   ] GC(88)   Evacuate Collection Set: 1.9ms
[2025-08-19T17:16:50.531+0000][1692007][info ][gc,phases   ] GC(88)   Post Evacuate Collection Set: 0.8ms
[2025-08-19T17:16:50.531+0000][1692007][info ][gc,phases   ] GC(88)   Other: 0.0ms
[2025-08-19T17:16:50.531+0000][1692007][trace][gc,age      ] GC(88) Age table with threshold 15 (max threshold 15)
[2025-08-19T17:16:50.531+0000][1692007][trace][gc,age      ] GC(88) - age   1:       8136 bytes,       8136 total
[2025-08-19T17:16:50.531+0000][1692007][trace][gc,age      ] GC(88) - age   2:       7800 bytes,      15936 total
[2025-08-19T17:16:50.531+0000][1692007][trace][gc,age      ] GC(88) - age   5:         32 bytes,      15968 total
[2025-08-19T17:16:50.531+0000][1692007][trace][gc,age      ] GC(88) - age   7:       4304 bytes,      20272 total
[2025-08-19T17:16:50.531+0000][1692007][trace][gc,age      ] GC(88) - age   8:     198408 bytes,     218680 total
[2025-08-19T17:16:50.531+0000][1692007][info ][gc,heap     ] GC(88) Eden regions: 5->0(5)
[2025-08-19T17:16:50.531+0000][1692007][info ][gc,heap     ] GC(88) Survivor regions: 1->1(1)
[2025-08-19T17:16:50.531+0000][1692007][info ][gc,heap     ] GC(88) Old regions: 24->24
[2025-08-19T17:16:50.531+0000][1692007][info ][gc,heap     ] GC(88) Humongous regions: 0->0
[2025-08-19T17:16:50.531+0000][1692007][info ][gc,metaspace] GC(88) Metaspace: 141960K(147904K)->141960K(147904K) NonClass: 123107K(126656K)->123107K(126656K) Class: 18853K(21248K)->18853K(21248K)
[2025-08-19T17:16:50.531+0000][1692007][info ][gc          ] GC(88) Pause Young (Prepare Mixed) (G1 Evacuation Pause) 113M->93M(512M) 2.964ms
[2025-08-19T17:16:50.531+0000][1692007][info ][gc,cpu      ] GC(88) User=0.00s Sys=0.00s Real=0.00s
[2025-08-19T17:16:50.531+0000][1692007][info ][safepoint   ] Safepoint "G1CollectForAllocation", Time since last: 35846919015 ns, Reaching safepoint: 9254 ns, Cleanup: 2824 ns, At safepoint: 2997737 ns, Total: 3009815 ns
[2025-08-19T17:17:35.562+0000][1692007][info ][gc,start    ] GC(89) Pause Young (Mixed) (G1 Evacuation Pause)
[2025-08-19T17:17:35.562+0000][1692007][info ][gc,task     ] GC(89) Using 1 workers of 1 for evacuation
[2025-08-19T17:17:35.562+0000][1692007][debug][gc,age      ] GC(89) Desired survivor size 2097152 bytes, new threshold 15 (max threshold 15)
[2025-08-19T17:17:35.572+0000][1692007][info ][gc,phases   ] GC(89)   Pre Evacuate Collection Set: 0.0ms
[2025-08-19T17:17:35.572+0000][1692007][info ][gc,phases   ] GC(89)   Merge Heap Roots: 0.1ms
[2025-08-19T17:17:35.572+0000][1692007][info ][gc,phases   ] GC(89)   Evacuate Collection Set: 9.2ms
[2025-08-19T17:17:35.572+0000][1692007][info ][gc,phases   ] GC(89)   Post Evacuate Collection Set: 0.9ms
[2025-08-19T17:17:35.572+0000][1692007][info ][gc,phases   ] GC(89)   Other: 0.0ms
[2025-08-19T17:17:35.572+0000][1692007][trace][gc,age      ] GC(89) Age table with threshold 15 (max threshold 15)
[2025-08-19T17:17:35.572+0000][1692007][trace][gc,age      ] GC(89) - age   1:       9608 bytes,       9608 total
[2025-08-19T17:17:35.572+0000][1692007][trace][gc,age      ] GC(89) - age   2:        224 bytes,       9832 total
[2025-08-19T17:17:35.572+0000][1692007][trace][gc,age      ] GC(89) - age   3:       6080 bytes,      15912 total
[2025-08-19T17:17:35.572+0000][1692007][trace][gc,age      ] GC(89) - age   6:         32 bytes,      15944 total
[2025-08-19T17:17:35.572+0000][1692007][trace][gc,age      ] GC(89) - age   8:       4304 bytes,      20248 total
[2025-08-19T17:17:35.572+0000][1692007][trace][gc,age      ] GC(89) - age   9:     198408 bytes,     218656 total
[2025-08-19T17:17:35.572+0000][1692007][info ][gc,heap     ] GC(89) Eden regions: 5->0(75)
[2025-08-19T17:17:35.572+0000][1692007][info ][gc,heap     ] GC(89) Survivor regions: 1->1(1)
[2025-08-19T17:17:35.572+0000][1692007][info ][gc,heap     ] GC(89) Old regions: 24->24
[2025-08-19T17:17:35.572+0000][1692007][info ][gc,heap     ] GC(89) Humongous regions: 0->0
[2025-08-19T17:17:35.572+0000][1692007][info ][gc,metaspace] GC(89) Metaspace: 141960K(147904K)->141960K(147904K) NonClass: 123107K(126656K)->123107K(126656K) Class: 18853K(21248K)->18853K(21248K)
[2025-08-19T17:17:35.572+0000][1692007][info ][gc          ] GC(89) Pause Young (Mixed) (G1 Evacuation Pause) 113M->93M(512M) 10.366ms
[2025-08-19T17:17:35.572+0000][1692007][info ][gc,cpu      ] GC(89) User=0.01s Sys=0.01s Real=0.01s
[2025-08-19T17:17:35.572+0000][1692007][info ][safepoint   ] Safepoint "G1CollectForAllocation", Time since last: 45030941901 ns, Reaching safepoint: 7241 ns, Cleanup: 2594 ns, At safepoint: 10404232 ns, Total: 10414067 ns
[2025-08-19T17:21:31.586+0000][1692007][info ][safepoint   ] Safepoint "Cleanup", Time since last: 236014021782 ns, Reaching safepoint: 71217 ns, Cleanup: 11297 ns, At safepoint: 4517 ns, Total: 87031 ns
[2025-08-19T17:23:15.593+0000][1692007][info ][safepoint   ] Safepoint "Cleanup", Time since last: 104006410988 ns, Reaching safepoint: 44728 ns, Cleanup: 11237 ns, At safepoint: 2413 ns, Total: 58378 ns
[2025-08-19T17:23:24.594+0000][1692007][info ][safepoint   ] Safepoint "Cleanup", Time since last: 9001069053 ns, Reaching safepoint: 43846 ns, Cleanup: 14122 ns, At safepoint: 4516 ns, Total: 62484 ns
[2025-08-19T17:29:16.006+0000][1692007][info ][gc,start    ] GC(90) Pause Young (Concurrent Start) (G1 Evacuation Pause)
[2025-08-19T17:29:16.007+0000][1692007][info ][gc,task     ] GC(90) Using 1 workers of 1 for evacuation
[2025-08-19T17:29:16.007+0000][1692007][debug][gc,age      ] GC(90) Desired survivor size 20971520 bytes, new threshold 15 (max threshold 15)
[2025-08-19T17:29:16.010+0000][1692007][info ][gc,phases   ] GC(90)   Pre Evacuate Collection Set: 0.1ms
[2025-08-19T17:29:16.010+0000][1692007][info ][gc,phases   ] GC(90)   Merge Heap Roots: 0.0ms
[2025-08-19T17:29:16.010+0000][1692007][info ][gc,phases   ] GC(90)   Evacuate Collection Set: 2.0ms
[2025-08-19T17:29:16.010+0000][1692007][info ][gc,phases   ] GC(90)   Post Evacuate Collection Set: 0.8ms
[2025-08-19T17:29:16.010+0000][1692007][info ][gc,phases   ] GC(90)   Other: 0.0ms
[2025-08-19T17:29:16.010+0000][1692007][trace][gc,age      ] GC(90) Age table with threshold 15 (max threshold 15)
[2025-08-19T17:29:16.010+0000][1692007][trace][gc,age      ] GC(90) - age   1:      75256 bytes,      75256 total
[2025-08-19T17:29:16.010+0000][1692007][trace][gc,age      ] GC(90) - age   4:       4864 bytes,      80120 total
[2025-08-19T17:29:16.010+0000][1692007][trace][gc,age      ] GC(90) - age   7:         32 bytes,      80152 total
[2025-08-19T17:29:16.010+0000][1692007][trace][gc,age      ] GC(90) - age   9:       4304 bytes,      84456 total
[2025-08-19T17:29:16.010+0000][1692007][trace][gc,age      ] GC(90) - age  10:     198408 bytes,     282864 total
[2025-08-19T17:29:16.010+0000][1692007][info ][gc,heap     ] GC(90) Eden regions: 75->0(75)
[2025-08-19T17:29:16.010+0000][1692007][info ][gc,heap     ] GC(90) Survivor regions: 1->1(10)
[2025-08-19T17:29:16.010+0000][1692007][info ][gc,heap     ] GC(90) Old regions: 24->24
[2025-08-19T17:29:16.010+0000][1692007][info ][gc,heap     ] GC(90) Humongous regions: 0->0
[2025-08-19T17:29:16.010+0000][1692007][info ][gc,metaspace] GC(90) Metaspace: 141963K(147904K)->141963K(147904K) NonClass: 123109K(126656K)->123109K(126656K) Class: 18853K(21248K)->18853K(21248K)
[2025-08-19T17:29:16.010+0000][1692007][info ][gc          ] GC(90) Pause Young (Concurrent Start) (G1 Evacuation Pause) 393M->93M(512M) 3.406ms
[2025-08-19T17:29:16.010+0000][1692007][info ][gc,cpu      ] GC(90) User=0.00s Sys=0.00s Real=0.00s
[2025-08-19T17:29:16.010+0000][1692007][info ][safepoint   ] Safepoint "G1CollectForAllocation", Time since last: 351412510393 ns, Reaching safepoint: 8062 ns, Cleanup: 3705 ns, At safepoint: 3442279 ns, Total: 3454046 ns
[2025-08-19T17:29:16.016+0000][1692007][info ][gc          ] GC(91) Concurrent Mark Cycle
[2025-08-19T17:29:16.016+0000][1692007][info ][gc,marking  ] GC(91) Concurrent Scan Root Regions
[2025-08-19T17:29:16.018+0000][1692007][info ][gc,marking  ] GC(91) Concurrent Scan Root Regions 1.146ms
[2025-08-19T17:29:16.018+0000][1692007][info ][gc,marking  ] GC(91) Concurrent Mark
[2025-08-19T17:29:16.018+0000][1692007][info ][gc,marking  ] GC(91) Concurrent Mark From Roots
[2025-08-19T17:29:16.018+0000][1692007][info ][gc,task     ] GC(91) Using 1 workers of 1 for marking
[2025-08-19T17:29:16.139+0000][1692007][info ][gc,marking  ] GC(91) Concurrent Mark From Roots 121.918ms
[2025-08-19T17:29:16.139+0000][1692007][info ][gc,marking  ] GC(91) Concurrent Preclean
[2025-08-19T17:29:16.140+0000][1692007][info ][gc,marking  ] GC(91) Concurrent Preclean 0.268ms
[2025-08-19T17:29:16.140+0000][1692007][info ][gc,start    ] GC(91) Pause Remark
[2025-08-19T17:29:16.149+0000][1692007][info ][gc          ] GC(91) Pause Remark 96M->96M(512M) 8.775ms
[2025-08-19T17:29:16.149+0000][1692007][info ][gc,cpu      ] GC(91) User=0.01s Sys=0.00s Real=0.01s
[2025-08-19T17:29:16.149+0000][1692007][info ][safepoint   ] Safepoint "G1PauseRemark", Time since last: 130017413 ns, Reaching safepoint: 4877 ns, Cleanup: 2825 ns, At safepoint: 8814631 ns, Total: 8822333 ns
[2025-08-19T17:29:16.149+0000][1692007][info ][gc,marking  ] GC(91) Concurrent Mark 131.079ms
[2025-08-19T17:29:16.149+0000][1692007][info ][gc,marking  ] GC(91) Concurrent Rebuild Remembered Sets and Scrub Regions
[2025-08-19T17:29:16.194+0000][1692007][info ][gc,marking  ] GC(91) Concurrent Rebuild Remembered Sets and Scrub Regions 45.141ms
[2025-08-19T17:29:16.194+0000][1692007][info ][gc,start    ] GC(91) Pause Cleanup
[2025-08-19T17:29:16.194+0000][1692007][info ][gc          ] GC(91) Pause Cleanup 96M->96M(512M) 0.041ms
[2025-08-19T17:29:16.194+0000][1692007][info ][gc,cpu      ] GC(91) User=0.00s Sys=0.00s Real=0.00s
[2025-08-19T17:29:16.194+0000][1692007][info ][safepoint   ] Safepoint "G1PauseCleanup", Time since last: 45194754 ns, Reaching safepoint: 3896 ns, Cleanup: 112930 ns, At safepoint: 64498 ns, Total: 181324 ns
[2025-08-19T17:29:16.194+0000][1692007][info ][gc,marking  ] GC(91) Concurrent Clear Claimed Marks
[2025-08-19T17:29:16.194+0000][1692007][info ][gc,marking  ] GC(91) Concurrent Clear Claimed Marks 0.164ms
[2025-08-19T17:29:16.194+0000][1692007][info ][gc,marking  ] GC(91) Concurrent Cleanup for Next Mark
[2025-08-19T17:29:16.207+0000][1692007][info ][gc,marking  ] GC(91) Concurrent Cleanup for Next Mark 12.413ms
[2025-08-19T17:29:16.207+0000][1692007][info ][gc          ] GC(91) Concurrent Mark Cycle 190.215ms
[2025-08-19T17:29:57.771+0000][1692007][info ][gc,start    ] GC(92) Pause Young (Prepare Mixed) (G1 Evacuation Pause)
[2025-08-19T17:29:57.771+0000][1692007][info ][gc,task     ] GC(92) Using 1 workers of 1 for evacuation
[2025-08-19T17:29:57.771+0000][1692007][debug][gc,age      ] GC(92) Desired survivor size 2097152 bytes, new threshold 15 (max threshold 15)
[2025-08-19T17:29:57.774+0000][1692007][info ][gc,phases   ] GC(92)   Pre Evacuate Collection Set: 0.0ms
[2025-08-19T17:29:57.774+0000][1692007][info ][gc,phases   ] GC(92)   Merge Heap Roots: 0.0ms
[2025-08-19T17:29:57.774+0000][1692007][info ][gc,phases   ] GC(92)   Evacuate Collection Set: 2.0ms
[2025-08-19T17:29:57.774+0000][1692007][info ][gc,phases   ] GC(92)   Post Evacuate Collection Set: 0.8ms
[2025-08-19T17:29:57.774+0000][1692007][info ][gc,phases   ] GC(92)   Other: 0.0ms
[2025-08-19T17:29:57.774+0000][1692007][trace][gc,age      ] GC(92) Age table with threshold 15 (max threshold 15)
[2025-08-19T17:29:57.774+0000][1692007][trace][gc,age      ] GC(92) - age   1:       7496 bytes,       7496 total
[2025-08-19T17:29:57.774+0000][1692007][trace][gc,age      ] GC(92) - age   2:       2048 bytes,       9544 total
[2025-08-19T17:29:57.774+0000][1692007][trace][gc,age      ] GC(92) - age   5:       4864 bytes,      14408 total
[2025-08-19T17:29:57.774+0000][1692007][trace][gc,age      ] GC(92) - age   8:         32 bytes,      14440 total
[2025-08-19T17:29:57.774+0000][1692007][trace][gc,age      ] GC(92) - age  10:       4304 bytes,      18744 total
[2025-08-19T17:29:57.774+0000][1692007][trace][gc,age      ] GC(92) - age  11:     198408 bytes,     217152 total
[2025-08-19T17:29:57.774+0000][1692007][info ][gc,heap     ] GC(92) Eden regions: 5->0(5)
[2025-08-19T17:29:57.774+0000][1692007][info ][gc,heap     ] GC(92) Survivor regions: 1->1(1)
[2025-08-19T17:29:57.774+0000][1692007][info ][gc,heap     ] GC(92) Old regions: 24->24
[2025-08-19T17:29:57.774+0000][1692007][info ][gc,heap     ] GC(92) Humongous regions: 0->0
[2025-08-19T17:29:57.774+0000][1692007][info ][gc,metaspace] GC(92) Metaspace: 141963K(147904K)->141963K(147904K) NonClass: 123109K(126656K)->123109K(126656K) Class: 18853K(21248K)->18853K(21248K)
[2025-08-19T17:29:57.774+0000][1692007][info ][gc          ] GC(92) Pause Young (Prepare Mixed) (G1 Evacuation Pause) 113M->93M(512M) 3.071ms
[2025-08-19T17:29:57.774+0000][1692007][info ][gc,cpu      ] GC(92) User=0.00s Sys=0.00s Real=0.00s
[2025-08-19T17:29:57.774+0000][1692007][info ][safepoint   ] Safepoint "G1CollectForAllocation", Time since last: 41577092237 ns, Reaching safepoint: 7741 ns, Cleanup: 2975 ns, At safepoint: 3104388 ns, Total: 3115104 ns
[2025-08-19T17:30:09.780+0000][1692007][info ][safepoint   ] Safepoint "Cleanup", Time since last: 12005943070 ns, Reaching safepoint: 42814 ns, Cleanup: 8533 ns, At safepoint: 1913 ns, Total: 53260 ns
[2025-08-19T17:30:45.989+0000][1692007][info ][gc,start    ] GC(93) Pause Young (Mixed) (G1 Evacuation Pause)
[2025-08-19T17:30:45.989+0000][1692007][info ][gc,task     ] GC(93) Using 1 workers of 1 for evacuation
[2025-08-19T17:30:45.989+0000][1692007][debug][gc,age      ] GC(93) Desired survivor size 2097152 bytes, new threshold 15 (max threshold 15)
[2025-08-19T17:30:46.006+0000][1692007][info ][gc,phases   ] GC(93)   Pre Evacuate Collection Set: 0.1ms
[2025-08-19T17:30:46.006+0000][1692007][info ][gc,phases   ] GC(93)   Merge Heap Roots: 0.1ms
[2025-08-19T17:30:46.006+0000][1692007][info ][gc,phases   ] GC(93)   Evacuate Collection Set: 16.0ms
[2025-08-19T17:30:46.006+0000][1692007][info ][gc,phases   ] GC(93)   Post Evacuate Collection Set: 0.8ms
[2025-08-19T17:30:46.006+0000][1692007][info ][gc,phases   ] GC(93)   Other: 0.0ms
[2025-08-19T17:30:46.006+0000][1692007][trace][gc,age      ] GC(93) Age table with threshold 15 (max threshold 15)
[2025-08-19T17:30:46.006+0000][1692007][trace][gc,age      ] GC(93) - age   1:       8136 bytes,       8136 total
[2025-08-19T17:30:46.006+0000][1692007][trace][gc,age      ] GC(93) - age   2:       1184 bytes,       9320 total
[2025-08-19T17:30:46.006+0000][1692007][trace][gc,age      ] GC(93) - age   3:       1824 bytes,      11144 total
[2025-08-19T17:30:46.006+0000][1692007][trace][gc,age      ] GC(93) - age   6:       4864 bytes,      16008 total
[2025-08-19T17:30:46.006+0000][1692007][trace][gc,age      ] GC(93) - age   9:         32 bytes,      16040 total
[2025-08-19T17:30:46.006+0000][1692007][trace][gc,age      ] GC(93) - age  11:       4304 bytes,      20344 total
[2025-08-19T17:30:46.006+0000][1692007][trace][gc,age      ] GC(93) - age  12:     198408 bytes,     218752 total
[2025-08-19T17:30:46.006+0000][1692007][info ][gc,heap     ] GC(93) Eden regions: 5->0(75)
[2025-08-19T17:30:46.006+0000][1692007][info ][gc,heap     ] GC(93) Survivor regions: 1->1(1)
[2025-08-19T17:30:46.006+0000][1692007][info ][gc,heap     ] GC(93) Old regions: 24->24
[2025-08-19T17:30:46.006+0000][1692007][info ][gc,heap     ] GC(93) Humongous regions: 0->0
[2025-08-19T17:30:46.006+0000][1692007][info ][gc,metaspace] GC(93) Metaspace: 141963K(147904K)->141963K(147904K) NonClass: 123109K(126656K)->123109K(126656K) Class: 18853K(21248K)->18853K(21248K)
[2025-08-19T17:30:46.006+0000][1692007][info ][gc          ] GC(93) Pause Young (Mixed) (G1 Evacuation Pause) 113M->92M(512M) 17.186ms
[2025-08-19T17:30:46.006+0000][1692007][info ][gc,cpu      ] GC(93) User=0.01s Sys=0.00s Real=0.02s
[2025-08-19T17:30:46.006+0000][1692007][info ][safepoint   ] Safepoint "G1CollectForAllocation", Time since last: 36208327270 ns, Reaching safepoint: 6590 ns, Cleanup: 2463 ns, At safepoint: 17231463 ns, Total: 17240516 ns
[2025-08-19T17:33:56.026+0000][1692007][info ][safepoint   ] Safepoint "Cleanup", Time since last: 190020616291 ns, Reaching safepoint: 37767 ns, Cleanup: 19790 ns, At safepoint: 4177 ns, Total: 61734 ns
[2025-08-19T17:38:07.070+0000][1692007][info ][safepoint   ] Safepoint "Cleanup", Time since last: 251043048030 ns, Reaching safepoint: 42324 ns, Cleanup: 11097 ns, At safepoint: 2183 ns, Total: 55604 ns
[2025-08-19T17:42:26.019+0000][1692007][info ][gc,start    ] GC(94) Pause Young (Concurrent Start) (G1 Evacuation Pause)
[2025-08-19T17:42:26.020+0000][1692007][info ][gc,task     ] GC(94) Using 1 workers of 1 for evacuation
[2025-08-19T17:42:26.020+0000][1692007][debug][gc,age      ] GC(94) Desired survivor size 20971520 bytes, new threshold 15 (max threshold 15)
[2025-08-19T17:42:26.023+0000][1692007][info ][gc,phases   ] GC(94)   Pre Evacuate Collection Set: 0.7ms
[2025-08-19T17:42:26.023+0000][1692007][info ][gc,phases   ] GC(94)   Merge Heap Roots: 0.0ms
[2025-08-19T17:42:26.023+0000][1692007][info ][gc,phases   ] GC(94)   Evacuate Collection Set: 1.8ms
[2025-08-19T17:42:26.023+0000][1692007][info ][gc,phases   ] GC(94)   Post Evacuate Collection Set: 0.8ms
[2025-08-19T17:42:26.023+0000][1692007][info ][gc,phases   ] GC(94)   Other: 0.1ms
[2025-08-19T17:42:26.023+0000][1692007][trace][gc,age      ] GC(94) Age table with threshold 15 (max threshold 15)
[2025-08-19T17:42:26.023+0000][1692007][trace][gc,age      ] GC(94) - age   1:      10432 bytes,      10432 total
[2025-08-19T17:42:26.023+0000][1692007][trace][gc,age      ] GC(94) - age   4:         72 bytes,      10504 total
[2025-08-19T17:42:26.023+0000][1692007][trace][gc,age      ] GC(94) - age   7:       4864 bytes,      15368 total
[2025-08-19T17:42:26.023+0000][1692007][trace][gc,age      ] GC(94) - age  10:         32 bytes,      15400 total
[2025-08-19T17:42:26.023+0000][1692007][trace][gc,age      ] GC(94) - age  12:       4304 bytes,      19704 total
[2025-08-19T17:42:26.023+0000][1692007][trace][gc,age      ] GC(94) - age  13:     198408 bytes,     218112 total
[2025-08-19T17:42:26.023+0000][1692007][info ][gc,heap     ] GC(94) Eden regions: 75->0(75)
[2025-08-19T17:42:26.023+0000][1692007][info ][gc,heap     ] GC(94) Survivor regions: 1->1(10)
[2025-08-19T17:42:26.023+0000][1692007][info ][gc,heap     ] GC(94) Old regions: 24->24
[2025-08-19T17:42:26.023+0000][1692007][info ][gc,heap     ] GC(94) Humongous regions: 0->0
[2025-08-19T17:42:26.023+0000][1692007][info ][gc,metaspace] GC(94) Metaspace: 141963K(147904K)->141963K(147904K) NonClass: 123109K(126656K)->123109K(126656K) Class: 18853K(21248K)->18853K(21248K)
[2025-08-19T17:42:26.023+0000][1692007][info ][gc          ] GC(94) Pause Young (Concurrent Start) (G1 Evacuation Pause) 392M->92M(512M) 4.126ms
[2025-08-19T17:42:26.023+0000][1692007][info ][gc,cpu      ] GC(94) User=0.00s Sys=0.00s Real=0.00s
[2025-08-19T17:42:26.023+0000][1692007][info ][safepoint   ] Safepoint "G1CollectForAllocation", Time since last: 258949703026 ns, Reaching safepoint: 7361 ns, Cleanup: 3235 ns, At safepoint: 4165201 ns, Total: 4175797 ns
[2025-08-19T17:42:26.027+0000][1692007][info ][gc          ] GC(95) Concurrent Mark Cycle
[2025-08-19T17:42:26.027+0000][1692007][info ][gc,marking  ] GC(95) Concurrent Scan Root Regions
[2025-08-19T17:42:26.029+0000][1692007][info ][gc,marking  ] GC(95) Concurrent Scan Root Regions 1.353ms
[2025-08-19T17:42:26.029+0000][1692007][info ][gc,marking  ] GC(95) Concurrent Mark
[2025-08-19T17:42:26.029+0000][1692007][info ][gc,marking  ] GC(95) Concurrent Mark From Roots
[2025-08-19T17:42:26.029+0000][1692007][info ][gc,task     ] GC(95) Using 1 workers of 1 for marking
[2025-08-19T17:42:26.167+0000][1692007][info ][gc,marking  ] GC(95) Concurrent Mark From Roots 138.164ms
[2025-08-19T17:42:26.167+0000][1692007][info ][gc,marking  ] GC(95) Concurrent Preclean
[2025-08-19T17:42:26.167+0000][1692007][info ][gc,marking  ] GC(95) Concurrent Preclean 0.377ms
[2025-08-19T17:42:26.167+0000][1692007][info ][gc,start    ] GC(95) Pause Remark
[2025-08-19T17:42:26.172+0000][1692007][info ][gc          ] GC(95) Pause Remark 94M->94M(512M) 4.358ms
[2025-08-19T17:42:26.172+0000][1692007][info ][gc,cpu      ] GC(95) User=0.01s Sys=0.00s Real=0.00s
[2025-08-19T17:42:26.172+0000][1692007][info ][safepoint   ] Safepoint "G1PauseRemark", Time since last: 143933937 ns, Reaching safepoint: 5208 ns, Cleanup: 3155 ns, At safepoint: 4396940 ns, Total: 4405303 ns
[2025-08-19T17:42:26.172+0000][1692007][info ][gc,marking  ] GC(95) Concurrent Mark 143.029ms
[2025-08-19T17:42:26.172+0000][1692007][info ][gc,marking  ] GC(95) Concurrent Rebuild Remembered Sets and Scrub Regions
[2025-08-19T17:42:26.232+0000][1692007][info ][gc,marking  ] GC(95) Concurrent Rebuild Remembered Sets and Scrub Regions 59.843ms
[2025-08-19T17:42:26.232+0000][1692007][info ][gc,start    ] GC(95) Pause Cleanup
[2025-08-19T17:42:26.232+0000][1692007][info ][gc          ] GC(95) Pause Cleanup 94M->94M(512M) 0.044ms
[2025-08-19T17:42:26.232+0000][1692007][info ][gc,cpu      ] GC(95) User=0.00s Sys=0.00s Real=0.00s
[2025-08-19T17:42:26.232+0000][1692007][info ][safepoint   ] Safepoint "G1PauseCleanup", Time since last: 59900235 ns, Reaching safepoint: 3365 ns, Cleanup: 2224 ns, At safepoint: 67772 ns, Total: 73361 ns
[2025-08-19T17:42:26.232+0000][1692007][info ][gc,marking  ] GC(95) Concurrent Clear Claimed Marks
[2025-08-19T17:42:26.232+0000][1692007][info ][gc,marking  ] GC(95) Concurrent Clear Claimed Marks 0.187ms
[2025-08-19T17:42:26.232+0000][1692007][info ][gc,marking  ] GC(95) Concurrent Cleanup for Next Mark
[2025-08-19T17:42:26.232+0000][1692007][info ][gc,marking  ] GC(95) Concurrent Cleanup for Next Mark 0.257ms
[2025-08-19T17:42:26.232+0000][1692007][info ][gc          ] GC(95) Concurrent Mark Cycle 204.832ms
[2025-08-19T17:43:06.422+0000][1692007][info ][gc,start    ] GC(96) Pause Young (Prepare Mixed) (G1 Evacuation Pause)
[2025-08-19T17:43:06.422+0000][1692007][info ][gc,task     ] GC(96) Using 1 workers of 1 for evacuation
[2025-08-19T17:43:06.422+0000][1692007][debug][gc,age      ] GC(96) Desired survivor size 2097152 bytes, new threshold 15 (max threshold 15)
[2025-08-19T17:43:06.425+0000][1692007][info ][gc,phases   ] GC(96)   Pre Evacuate Collection Set: 0.0ms
[2025-08-19T17:43:06.425+0000][1692007][info ][gc,phases   ] GC(96)   Merge Heap Roots: 0.0ms
[2025-08-19T17:43:06.425+0000][1692007][info ][gc,phases   ] GC(96)   Evacuate Collection Set: 2.1ms
[2025-08-19T17:43:06.425+0000][1692007][info ][gc,phases   ] GC(96)   Post Evacuate Collection Set: 0.8ms
[2025-08-19T17:43:06.425+0000][1692007][info ][gc,phases   ] GC(96)   Other: 0.0ms
[2025-08-19T17:43:06.425+0000][1692007][trace][gc,age      ] GC(96) Age table with threshold 15 (max threshold 15)
[2025-08-19T17:43:06.425+0000][1692007][trace][gc,age      ] GC(96) - age   1:       7664 bytes,       7664 total
[2025-08-19T17:43:06.425+0000][1692007][trace][gc,age      ] GC(96) - age   2:       2256 bytes,       9920 total
[2025-08-19T17:43:06.425+0000][1692007][trace][gc,age      ] GC(96) - age   5:         72 bytes,       9992 total
[2025-08-19T17:43:06.425+0000][1692007][trace][gc,age      ] GC(96) - age   8:       4864 bytes,      14856 total
[2025-08-19T17:43:06.425+0000][1692007][trace][gc,age      ] GC(96) - age  11:         32 bytes,      14888 total
[2025-08-19T17:43:06.425+0000][1692007][trace][gc,age      ] GC(96) - age  13:       4304 bytes,      19192 total
[2025-08-19T17:43:06.425+0000][1692007][trace][gc,age      ] GC(96) - age  14:     198408 bytes,     217600 total
[2025-08-19T17:43:06.425+0000][1692007][info ][gc,heap     ] GC(96) Eden regions: 5->0(5)
[2025-08-19T17:43:06.425+0000][1692007][info ][gc,heap     ] GC(96) Survivor regions: 1->1(1)
[2025-08-19T17:43:06.425+0000][1692007][info ][gc,heap     ] GC(96) Old regions: 24->24
[2025-08-19T17:43:06.425+0000][1692007][info ][gc,heap     ] GC(96) Humongous regions: 0->0
[2025-08-19T17:43:06.425+0000][1692007][info ][gc,metaspace] GC(96) Metaspace: 141963K(147904K)->141963K(147904K) NonClass: 123109K(126656K)->123109K(126656K) Class: 18853K(21248K)->18853K(21248K)
[2025-08-19T17:43:06.425+0000][1692007][info ][gc          ] GC(96) Pause Young (Prepare Mixed) (G1 Evacuation Pause) 112M->92M(512M) 3.107ms
[2025-08-19T17:43:06.425+0000][1692007][info ][gc,cpu      ] GC(96) User=0.01s Sys=0.00s Real=0.00s
[2025-08-19T17:43:06.425+0000][1692007][info ][safepoint   ] Safepoint "G1CollectForAllocation", Time since last: 40190399701 ns, Reaching safepoint: 7221 ns, Cleanup: 2874 ns, At safepoint: 3139051 ns, Total: 3149146 ns
[2025-08-19T17:43:24.427+0000][1692007][info ][safepoint   ] Safepoint "Cleanup", Time since last: 18001013511 ns, Reaching safepoint: 274485 ns, Cleanup: 9013 ns, At safepoint: 2244 ns, Total: 285742 ns
[2025-08-19T17:43:26.427+0000][1692007][info ][safepoint   ] Safepoint "Cleanup", Time since last: 2000155389 ns, Reaching safepoint: 26990 ns, Cleanup: 7391 ns, At safepoint: 4177 ns, Total: 38558 ns
[2025-08-19T17:43:54.129+0000][1692007][info ][gc,start    ] GC(97) Pause Young (Mixed) (G1 Evacuation Pause)
[2025-08-19T17:43:54.129+0000][1692007][info ][gc,task     ] GC(97) Using 1 workers of 1 for evacuation
[2025-08-19T17:43:54.129+0000][1692007][debug][gc,age      ] GC(97) Desired survivor size 2097152 bytes, new threshold 15 (max threshold 15)
[2025-08-19T17:43:54.141+0000][1692007][info ][gc,phases   ] GC(97)   Pre Evacuate Collection Set: 0.0ms
[2025-08-19T17:43:54.141+0000][1692007][info ][gc,phases   ] GC(97)   Merge Heap Roots: 0.0ms
[2025-08-19T17:43:54.141+0000][1692007][info ][gc,phases   ] GC(97)   Evacuate Collection Set: 11.4ms
[2025-08-19T17:43:54.141+0000][1692007][info ][gc,phases   ] GC(97)   Post Evacuate Collection Set: 1.0ms
[2025-08-19T17:43:54.141+0000][1692007][info ][gc,phases   ] GC(97)   Other: 0.0ms
[2025-08-19T17:43:54.141+0000][1692007][trace][gc,age      ] GC(97) Age table with threshold 15 (max threshold 15)
[2025-08-19T17:43:54.141+0000][1692007][trace][gc,age      ] GC(97) - age   1:       9984 bytes,       9984 total
[2025-08-19T17:43:54.141+0000][1692007][trace][gc,age      ] GC(97) - age   2:       1136 bytes,      11120 total
[2025-08-19T17:43:54.141+0000][1692007][trace][gc,age      ] GC(97) - age   3:       1952 bytes,      13072 total
[2025-08-19T17:43:54.141+0000][1692007][trace][gc,age      ] GC(97) - age   6:         72 bytes,      13144 total
[2025-08-19T17:43:54.141+0000][1692007][trace][gc,age      ] GC(97) - age   9:       4864 bytes,      18008 total
[2025-08-19T17:43:54.141+0000][1692007][trace][gc,age      ] GC(97) - age  12:         32 bytes,      18040 total
[2025-08-19T17:43:54.141+0000][1692007][trace][gc,age      ] GC(97) - age  14:       4304 bytes,      22344 total
[2025-08-19T17:43:54.141+0000][1692007][trace][gc,age      ] GC(97) - age  15:     198408 bytes,     220752 total
[2025-08-19T17:43:54.141+0000][1692007][info ][gc,heap     ] GC(97) Eden regions: 5->0(75)
[2025-08-19T17:43:54.141+0000][1692007][info ][gc,heap     ] GC(97) Survivor regions: 1->1(1)
[2025-08-19T17:43:54.141+0000][1692007][info ][gc,heap     ] GC(97) Old regions: 24->23
[2025-08-19T17:43:54.141+0000][1692007][info ][gc,heap     ] GC(97) Humongous regions: 0->0
[2025-08-19T17:43:54.141+0000][1692007][info ][gc,metaspace] GC(97) Metaspace: 141964K(147904K)->141964K(147904K) NonClass: 123111K(126656K)->123111K(126656K) Class: 18853K(21248K)->18853K(21248K)
[2025-08-19T17:43:54.141+0000][1692007][info ][gc          ] GC(97) Pause Young (Mixed) (G1 Evacuation Pause) 112M->91M(512M) 12.877ms
[2025-08-19T17:43:54.142+0000][1692007][info ][gc,cpu      ] GC(97) User=0.00s Sys=0.00s Real=0.01s
[2025-08-19T17:43:54.142+0000][1692007][info ][safepoint   ] Safepoint "G1CollectForAllocation", Time since last: 27701799722 ns, Reaching safepoint: 32339 ns, Cleanup: 5428 ns, At safepoint: 12914555 ns, Total: 12952322 ns
[2025-08-19T17:43:55.142+0000][1692007][info ][safepoint   ] Safepoint "Cleanup", Time since last: 1000071916 ns, Reaching safepoint: 6630 ns, Cleanup: 10706 ns, At safepoint: 1933 ns, Total: 19269 ns
[2025-08-19T17:50:55.204+0000][1692007][info ][safepoint   ] Safepoint "Cleanup", Time since last: 420062067229 ns, Reaching safepoint: 6399 ns, Cleanup: 11257 ns, At safepoint: 29355 ns, Total: 47011 ns
[2025-08-19T17:54:24.241+0000][1692007][info ][safepoint   ] Safepoint "Cleanup", Time since last: 209036960171 ns, Reaching safepoint: 65989 ns, Cleanup: 12629 ns, At safepoint: 4377 ns, Total: 82995 ns
[2025-08-19T17:55:34.044+0000][1692007][info ][gc,start    ] GC(98) Pause Young (Concurrent Start) (G1 Evacuation Pause)
[2025-08-19T17:55:34.045+0000][1692007][info ][gc,task     ] GC(98) Using 1 workers of 1 for evacuation
[2025-08-19T17:55:34.045+0000][1692007][debug][gc,age      ] GC(98) Desired survivor size 20971520 bytes, new threshold 15 (max threshold 15)
[2025-08-19T17:55:34.047+0000][1692007][info ][gc,phases   ] GC(98)   Pre Evacuate Collection Set: 0.1ms
[2025-08-19T17:55:34.047+0000][1692007][info ][gc,phases   ] GC(98)   Merge Heap Roots: 0.0ms
[2025-08-19T17:55:34.047+0000][1692007][info ][gc,phases   ] GC(98)   Evacuate Collection Set: 1.7ms
[2025-08-19T17:55:34.047+0000][1692007][info ][gc,phases   ] GC(98)   Post Evacuate Collection Set: 0.8ms
[2025-08-19T17:55:34.047+0000][1692007][info ][gc,phases   ] GC(98)   Other: 0.0ms
[2025-08-19T17:55:34.047+0000][1692007][trace][gc,age      ] GC(98) Age table with threshold 15 (max threshold 15)
[2025-08-19T17:55:34.047+0000][1692007][trace][gc,age      ] GC(98) - age   1:      10616 bytes,      10616 total
[2025-08-19T17:55:34.047+0000][1692007][trace][gc,age      ] GC(98) - age   2:        232 bytes,      10848 total
[2025-08-19T17:55:34.047+0000][1692007][trace][gc,age      ] GC(98) - age   4:        232 bytes,      11080 total
[2025-08-19T17:55:34.047+0000][1692007][trace][gc,age      ] GC(98) - age   7:         72 bytes,      11152 total
[2025-08-19T17:55:34.047+0000][1692007][trace][gc,age      ] GC(98) - age  10:       4864 bytes,      16016 total
[2025-08-19T17:55:34.047+0000][1692007][trace][gc,age      ] GC(98) - age  13:         32 bytes,      16048 total
[2025-08-19T17:55:34.047+0000][1692007][trace][gc,age      ] GC(98) - age  15:       4304 bytes,      20352 total
[2025-08-19T17:55:34.047+0000][1692007][info ][gc,heap     ] GC(98) Eden regions: 75->0(75)
[2025-08-19T17:55:34.047+0000][1692007][info ][gc,heap     ] GC(98) Survivor regions: 1->1(10)
[2025-08-19T17:55:34.047+0000][1692007][info ][gc,heap     ] GC(98) Old regions: 23->23
[2025-08-19T17:55:34.047+0000][1692007][info ][gc,heap     ] GC(98) Humongous regions: 0->0
[2025-08-19T17:55:34.047+0000][1692007][info ][gc,metaspace] GC(98) Metaspace: 141964K(147904K)->141964K(147904K) NonClass: 123111K(126656K)->123111K(126656K) Class: 18853K(21248K)->18853K(21248K)
[2025-08-19T17:55:34.047+0000][1692007][info ][gc          ] GC(98) Pause Young (Concurrent Start) (G1 Evacuation Pause) 391M->92M(512M) 2.964ms
[2025-08-19T17:55:34.047+0000][1692007][info ][gc,cpu      ] GC(98) User=0.00s Sys=0.00s Real=0.01s
[2025-08-19T17:55:34.047+0000][1692007][info ][safepoint   ] Safepoint "G1CollectForAllocation", Time since last: 69803432463 ns, Reaching safepoint: 8623 ns, Cleanup: 3435 ns, At safepoint: 2999962 ns, Total: 3012020 ns
[2025-08-19T17:55:34.052+0000][1692007][info ][gc          ] GC(99) Concurrent Mark Cycle
[2025-08-19T17:55:34.052+0000][1692007][info ][gc,marking  ] GC(99) Concurrent Scan Root Regions
[2025-08-19T17:55:34.053+0000][1692007][info ][gc,marking  ] GC(99) Concurrent Scan Root Regions 0.549ms
[2025-08-19T17:55:34.053+0000][1692007][info ][gc,marking  ] GC(99) Concurrent Mark
[2025-08-19T17:55:34.053+0000][1692007][info ][gc,marking  ] GC(99) Concurrent Mark From Roots
[2025-08-19T17:55:34.053+0000][1692007][info ][gc,task     ] GC(99) Using 1 workers of 1 for marking
[2025-08-19T17:55:34.175+0000][1692007][info ][gc,marking  ] GC(99) Concurrent Mark From Roots 122.347ms
[2025-08-19T17:55:34.175+0000][1692007][info ][gc,marking  ] GC(99) Concurrent Preclean
[2025-08-19T17:55:34.176+0000][1692007][info ][gc,marking  ] GC(99) Concurrent Preclean 0.395ms
[2025-08-19T17:55:34.176+0000][1692007][info ][gc,start    ] GC(99) Pause Remark
[2025-08-19T17:55:34.181+0000][1692007][info ][gc          ] GC(99) Pause Remark 94M->94M(512M) 4.935ms
[2025-08-19T17:55:34.181+0000][1692007][info ][gc,cpu      ] GC(99) User=0.00s Sys=0.00s Real=0.00s
[2025-08-19T17:55:34.181+0000][1692007][info ][safepoint   ] Safepoint "G1PauseRemark", Time since last: 128558538 ns, Reaching safepoint: 4637 ns, Cleanup: 3075 ns, At safepoint: 4969867 ns, Total: 4977579 ns
[2025-08-19T17:55:34.181+0000][1692007][info ][gc,marking  ] GC(99) Concurrent Mark 127.834ms
[2025-08-19T17:55:34.181+0000][1692007][info ][gc,marking  ] GC(99) Concurrent Rebuild Remembered Sets and Scrub Regions
[2025-08-19T17:55:34.237+0000][1692007][info ][gc,marking  ] GC(99) Concurrent Rebuild Remembered Sets and Scrub Regions 56.042ms
[2025-08-19T17:55:34.237+0000][1692007][info ][gc,start    ] GC(99) Pause Cleanup
[2025-08-19T17:55:34.237+0000][1692007][info ][gc          ] GC(99) Pause Cleanup 94M->94M(512M) 0.040ms
[2025-08-19T17:55:34.237+0000][1692007][info ][gc,cpu      ] GC(99) User=0.00s Sys=0.00s Real=0.00s
[2025-08-19T17:55:34.237+0000][1692007][info ][safepoint   ] Safepoint "G1PauseCleanup", Time since last: 56100029 ns, Reaching safepoint: 4026 ns, Cleanup: 2865 ns, At safepoint: 63756 ns, Total: 70647 ns
[2025-08-19T17:55:34.237+0000][1692007][info ][gc,marking  ] GC(99) Concurrent Clear Claimed Marks
[2025-08-19T17:55:34.237+0000][1692007][info ][gc,marking  ] GC(99) Concurrent Clear Claimed Marks 0.171ms
[2025-08-19T17:55:34.237+0000][1692007][info ][gc,marking  ] GC(99) Concurrent Cleanup for Next Mark
[2025-08-19T17:55:34.237+0000][1692007][info ][gc,marking  ] GC(99) Concurrent Cleanup for Next Mark 0.245ms
[2025-08-19T17:55:34.237+0000][1692007][info ][gc          ] GC(99) Concurrent Mark Cycle 185.001ms
[2025-08-19T17:56:18.953+0000][1692007][info ][gc,start    ] GC(100) Pause Young (Prepare Mixed) (G1 Evacuation Pause)
[2025-08-19T17:56:18.953+0000][1692007][info ][gc,task     ] GC(100) Using 1 workers of 1 for evacuation
[2025-08-19T17:56:18.953+0000][1692007][debug][gc,age      ] GC(100) Desired survivor size 2097152 bytes, new threshold 15 (max threshold 15)
[2025-08-19T17:56:18.956+0000][1692007][info ][gc,phases   ] GC(100)   Pre Evacuate Collection Set: 0.3ms
[2025-08-19T17:56:18.956+0000][1692007][info ][gc,phases   ] GC(100)   Merge Heap Roots: 0.0ms
[2025-08-19T17:56:18.956+0000][1692007][info ][gc,phases   ] GC(100)   Evacuate Collection Set: 1.7ms
[2025-08-19T17:56:18.956+0000][1692007][info ][gc,phases   ] GC(100)   Post Evacuate Collection Set: 0.8ms
[2025-08-19T17:56:18.956+0000][1692007][info ][gc,phases   ] GC(100)   Other: 0.0ms
[2025-08-19T17:56:18.956+0000][1692007][trace][gc,age      ] GC(100) Age table with threshold 15 (max threshold 15)
[2025-08-19T17:56:18.956+0000][1692007][trace][gc,age      ] GC(100) - age   1:       8184 bytes,       8184 total
[2025-08-19T17:56:18.956+0000][1692007][trace][gc,age      ] GC(100) - age   2:       2360 bytes,      10544 total
[2025-08-19T17:56:18.956+0000][1692007][trace][gc,age      ] GC(100) - age   3:        232 bytes,      10776 total
[2025-08-19T17:56:18.956+0000][1692007][trace][gc,age      ] GC(100) - age   5:        232 bytes,      11008 total
[2025-08-19T17:56:18.956+0000][1692007][trace][gc,age      ] GC(100) - age   8:         72 bytes,      11080 total
[2025-08-19T17:56:18.956+0000][1692007][trace][gc,age      ] GC(100) - age  11:       4864 bytes,      15944 total
[2025-08-19T17:56:18.956+0000][1692007][trace][gc,age      ] GC(100) - age  14:         32 bytes,      15976 total
[2025-08-19T17:56:18.956+0000][1692007][info ][gc,heap     ] GC(100) Eden regions: 5->0(5)
[2025-08-19T17:56:18.956+0000][1692007][info ][gc,heap     ] GC(100) Survivor regions: 1->1(1)
[2025-08-19T17:56:18.956+0000][1692007][info ][gc,heap     ] GC(100) Old regions: 23->24
[2025-08-19T17:56:18.956+0000][1692007][info ][gc,heap     ] GC(100) Humongous regions: 0->0
[2025-08-19T17:56:18.956+0000][1692007][info ][gc,metaspace] GC(100) Metaspace: 141964K(147904K)->141964K(147904K) NonClass: 123111K(126656K)->123111K(126656K) Class: 18853K(21248K)->18853K(21248K)
[2025-08-19T17:56:18.956+0000][1692007][info ][gc          ] GC(100) Pause Young (Prepare Mixed) (G1 Evacuation Pause) 112M->92M(512M) 2.971ms
[2025-08-19T17:56:18.956+0000][1692007][info ][gc,cpu      ] GC(100) User=0.00s Sys=0.00s Real=0.01s
[2025-08-19T17:56:18.956+0000][1692007][info ][safepoint   ] Safepoint "G1CollectForAllocation", Time since last: 44716353197 ns, Reaching safepoint: 9935 ns, Cleanup: 3626 ns, At safepoint: 3006571 ns, Total: 3020132 ns
[2025-08-19T17:57:04.431+0000][1692007][info ][gc,start    ] GC(101) Pause Young (Mixed) (G1 Evacuation Pause)
[2025-08-19T17:57:04.431+0000][1692007][info ][gc,task     ] GC(101) Using 1 workers of 1 for evacuation
[2025-08-19T17:57:04.431+0000][1692007][debug][gc,age      ] GC(101) Desired survivor size 2097152 bytes, new threshold 15 (max threshold 15)
[2025-08-19T17:57:04.469+0000][1692007][info ][gc,phases   ] GC(101)   Pre Evacuate Collection Set: 0.0ms
[2025-08-19T17:57:04.469+0000][1692007][info ][gc,phases   ] GC(101)   Merge Heap Roots: 0.2ms
[2025-08-19T17:57:04.469+0000][1692007][info ][gc,phases   ] GC(101)   Evacuate Collection Set: 36.6ms
[2025-08-19T17:57:04.469+0000][1692007][info ][gc,phases   ] GC(101)   Post Evacuate Collection Set: 1.2ms
[2025-08-19T17:57:04.469+0000][1692007][info ][gc,phases   ] GC(101)   Other: 0.0ms
[2025-08-19T17:57:04.469+0000][1692007][trace][gc,age      ] GC(101) Age table with threshold 15 (max threshold 15)
[2025-08-19T17:57:04.469+0000][1692007][trace][gc,age      ] GC(101) - age   1:       7752 bytes,       7752 total
[2025-08-19T17:57:04.469+0000][1692007][trace][gc,age      ] GC(101) - age   2:        472 bytes,       8224 total
[2025-08-19T17:57:04.469+0000][1692007][trace][gc,age      ] GC(101) - age   3:       1672 bytes,       9896 total
[2025-08-19T17:57:04.469+0000][1692007][trace][gc,age      ] GC(101) - age   4:        232 bytes,      10128 total
[2025-08-19T17:57:04.469+0000][1692007][trace][gc,age      ] GC(101) - age   6:        232 bytes,      10360 total
[2025-08-19T17:57:04.469+0000][1692007][trace][gc,age      ] GC(101) - age   9:         72 bytes,      10432 total
[2025-08-19T17:57:04.469+0000][1692007][trace][gc,age      ] GC(101) - age  12:       4864 bytes,      15296 total
[2025-08-19T17:57:04.469+0000][1692007][trace][gc,age      ] GC(101) - age  15:         32 bytes,      15328 total
[2025-08-19T17:57:04.469+0000][1692007][info ][gc,heap     ] GC(101) Eden regions: 5->0(75)
[2025-08-19T17:57:04.469+0000][1692007][info ][gc,heap     ] GC(101) Survivor regions: 1->1(1)
[2025-08-19T17:57:04.469+0000][1692007][info ][gc,heap     ] GC(101) Old regions: 24->23
[2025-08-19T17:57:04.469+0000][1692007][info ][gc,heap     ] GC(101) Humongous regions: 0->0
[2025-08-19T17:57:04.469+0000][1692007][info ][gc,metaspace] GC(101) Metaspace: 141964K(147904K)->141964K(147904K) NonClass: 123111K(126656K)->123111K(126656K) Class: 18853K(21248K)->18853K(21248K)
[2025-08-19T17:57:04.469+0000][1692007][info ][gc          ] GC(101) Pause Young (Mixed) (G1 Evacuation Pause) 112M->91M(512M) 38.413ms
[2025-08-19T17:57:04.469+0000][1692007][info ][gc,cpu      ] GC(101) User=0.02s Sys=0.01s Real=0.04s
[2025-08-19T17:57:04.469+0000][1692007][info ][safepoint   ] Safepoint "G1CollectForAllocation", Time since last: 45474354182 ns, Reaching safepoint: 14752 ns, Cleanup: 3315 ns, At safepoint: 38460235 ns, Total: 38478302 ns
[2025-08-19T18:01:04.483+0000][1692007][info ][safepoint   ] Safepoint "Cleanup", Time since last: 240013945012 ns, Reaching safepoint: 72470 ns, Cleanup: 11327 ns, At safepoint: 5318 ns, Total: 89115 ns
[2025-08-19T18:02:54.490+0000][1692007][info ][safepoint   ] Safepoint "Cleanup", Time since last: 110007214038 ns, Reaching safepoint: 73882 ns, Cleanup: 10155 ns, At safepoint: 2154 ns, Total: 86191 ns
[2025-08-19T18:05:24.501+0000][1692007][info ][safepoint   ] Safepoint "Cleanup", Time since last: 150010371267 ns, Reaching safepoint: 28403 ns, Cleanup: 10346 ns, At safepoint: 2423 ns, Total: 41172 ns
[2025-08-19T18:05:27.501+0000][1692007][info ][safepoint   ] Safepoint "Cleanup", Time since last: 3000559027 ns, Reaching safepoint: 38878 ns, Cleanup: 10196 ns, At safepoint: 4246 ns, Total: 53320 ns
[2025-08-19T18:05:54.503+0000][1692007][info ][safepoint   ] Safepoint "Cleanup", Time since last: 27001584921 ns, Reaching safepoint: 38988 ns, Cleanup: 9695 ns, At safepoint: 1893 ns, Total: 50576 ns
[2025-08-19T18:08:46.394+0000][1692007][info ][gc,start    ] GC(102) Pause Young (Concurrent Start) (G1 Evacuation Pause)
[2025-08-19T18:08:46.394+0000][1692007][info ][gc,task     ] GC(102) Using 1 workers of 1 for evacuation
[2025-08-19T18:08:46.394+0000][1692007][debug][gc,age      ] GC(102) Desired survivor size 20971520 bytes, new threshold 15 (max threshold 15)
[2025-08-19T18:08:46.397+0000][1692007][info ][gc,phases   ] GC(102)   Pre Evacuate Collection Set: 0.0ms
[2025-08-19T18:08:46.397+0000][1692007][info ][gc,phases   ] GC(102)   Merge Heap Roots: 0.0ms
[2025-08-19T18:08:46.397+0000][1692007][info ][gc,phases   ] GC(102)   Evacuate Collection Set: 1.4ms
[2025-08-19T18:08:46.397+0000][1692007][info ][gc,phases   ] GC(102)   Post Evacuate Collection Set: 0.8ms
[2025-08-19T18:08:46.397+0000][1692007][info ][gc,phases   ] GC(102)   Other: 0.0ms
[2025-08-19T18:08:46.397+0000][1692007][trace][gc,age      ] GC(102) Age table with threshold 15 (max threshold 15)
[2025-08-19T18:08:46.397+0000][1692007][trace][gc,age      ] GC(102) - age   1:      95232 bytes,      95232 total
[2025-08-19T18:08:46.397+0000][1692007][trace][gc,age      ] GC(102) - age   4:        344 bytes,      95576 total
[2025-08-19T18:08:46.397+0000][1692007][trace][gc,age      ] GC(102) - age   5:        232 bytes,      95808 total
[2025-08-19T18:08:46.397+0000][1692007][trace][gc,age      ] GC(102) - age   7:        232 bytes,      96040 total
[2025-08-19T18:08:46.397+0000][1692007][trace][gc,age      ] GC(102) - age  10:         72 bytes,      96112 total
[2025-08-19T18:08:46.397+0000][1692007][trace][gc,age      ] GC(102) - age  13:       4864 bytes,     100976 total
[2025-08-19T18:08:46.397+0000][1692007][info ][gc,heap     ] GC(102) Eden regions: 75->0(75)
[2025-08-19T18:08:46.397+0000][1692007][info ][gc,heap     ] GC(102) Survivor regions: 1->1(10)
[2025-08-19T18:08:46.397+0000][1692007][info ][gc,heap     ] GC(102) Old regions: 23->23
[2025-08-19T18:08:46.397+0000][1692007][info ][gc,heap     ] GC(102) Humongous regions: 0->0
[2025-08-19T18:08:46.397+0000][1692007][info ][gc,metaspace] GC(102) Metaspace: 141964K(147904K)->141964K(147904K) NonClass: 123111K(126656K)->123111K(126656K) Class: 18853K(21248K)->18853K(21248K)
[2025-08-19T18:08:46.397+0000][1692007][info ][gc          ] GC(102) Pause Young (Concurrent Start) (G1 Evacuation Pause) 391M->92M(512M) 2.893ms
[2025-08-19T18:08:46.397+0000][1692007][info ][gc,cpu      ] GC(102) User=0.00s Sys=0.00s Real=0.01s
[2025-08-19T18:08:46.397+0000][1692007][info ][safepoint   ] Safepoint "G1CollectForAllocation", Time since last: 171890803060 ns, Reaching safepoint: 7661 ns, Cleanup: 3295 ns, At safepoint: 2928514 ns, Total: 2939470 ns
[2025-08-19T18:08:46.403+0000][1692007][info ][gc          ] GC(103) Concurrent Mark Cycle
[2025-08-19T18:08:46.403+0000][1692007][info ][gc,marking  ] GC(103) Concurrent Scan Root Regions
[2025-08-19T18:08:46.404+0000][1692007][info ][gc,marking  ] GC(103) Concurrent Scan Root Regions 1.005ms
[2025-08-19T18:08:46.404+0000][1692007][info ][gc,marking  ] GC(103) Concurrent Mark
[2025-08-19T18:08:46.404+0000][1692007][info ][gc,marking  ] GC(103) Concurrent Mark From Roots
[2025-08-19T18:08:46.404+0000][1692007][info ][gc,task     ] GC(103) Using 1 workers of 1 for marking
[2025-08-19T18:08:46.519+0000][1692007][info ][gc,marking  ] GC(103) Concurrent Mark From Roots 115.054ms
[2025-08-19T18:08:46.519+0000][1692007][info ][gc,marking  ] GC(103) Concurrent Preclean
[2025-08-19T18:08:46.520+0000][1692007][info ][gc,marking  ] GC(103) Concurrent Preclean 0.384ms
[2025-08-19T18:08:46.520+0000][1692007][info ][gc,start    ] GC(103) Pause Remark
[2025-08-19T18:08:47.298+0000][1692007][info ][gc,mmu      ] GC(103) MMU target violated: 201.0ms (200.0ms/201.0ms)
[2025-08-19T18:08:47.298+0000][1692007][info ][gc          ] GC(103) Pause Remark 95M->95M(512M) 778.250ms
[2025-08-19T18:08:47.298+0000][1692007][info ][gc,cpu      ] GC(103) User=0.03s Sys=0.12s Real=0.78s
[2025-08-19T18:08:47.298+0000][1692007][info ][safepoint   ] Safepoint "G1PauseRemark", Time since last: 123042707 ns, Reaching safepoint: 4827 ns, Cleanup: 2825 ns, At safepoint: 778297704 ns, Total: 778305356 ns
[2025-08-19T18:08:47.298+0000][1692007][info ][gc,marking  ] GC(103) Concurrent Mark 894.087ms
[2025-08-19T18:08:47.298+0000][1692007][info ][gc,marking  ] GC(103) Concurrent Rebuild Remembered Sets and Scrub Regions
[2025-08-19T18:08:47.312+0000][1692007][info ][gc,marking  ] GC(103) Concurrent Rebuild Remembered Sets and Scrub Regions 13.402ms
[2025-08-19T18:08:47.312+0000][1692007][info ][gc,start    ] GC(103) Pause Cleanup
[2025-08-19T18:08:47.312+0000][1692007][info ][gc          ] GC(103) Pause Cleanup 95M->95M(512M) 0.012ms
[2025-08-19T18:08:47.312+0000][1692007][info ][gc,cpu      ] GC(103) User=0.00s Sys=0.00s Real=0.00s
[2025-08-19T18:08:47.312+0000][1692007][info ][safepoint   ] Safepoint "G1PauseCleanup", Time since last: 13711191 ns, Reaching safepoint: 335446 ns, Cleanup: 2184 ns, At safepoint: 30355 ns, Total: 367985 ns
[2025-08-19T18:08:47.312+0000][1692007][info ][gc,marking  ] GC(103) Concurrent Clear Claimed Marks
[2025-08-19T18:08:47.312+0000][1692007][info ][gc,marking  ] GC(103) Concurrent Clear Claimed Marks 0.199ms
[2025-08-19T18:08:47.312+0000][1692007][info ][gc,marking  ] GC(103) Concurrent Cleanup for Next Mark
[2025-08-19T18:08:47.328+0000][1692007][info ][gc,marking  ] GC(103) Concurrent Cleanup for Next Mark 15.269ms
[2025-08-19T18:08:47.328+0000][1692007][info ][gc          ] GC(103) Concurrent Mark Cycle 924.423ms
[2025-08-19T18:08:48.312+0000][1692007][info ][safepoint   ] Safepoint "Cleanup", Time since last: 1000071546 ns, Reaching safepoint: 5859 ns, Cleanup: 10115 ns, At safepoint: 2223 ns, Total: 18197 ns
[2025-08-19T18:15:24.335+0000][1692007][info ][safepoint   ] Safepoint "Cleanup", Time since last: 396022343443 ns, Reaching safepoint: 42644 ns, Cleanup: 13741 ns, At safepoint: 2383 ns, Total: 58768 ns
[2025-08-19T18:15:57.338+0000][1692007][info ][safepoint   ] Safepoint "Cleanup", Time since last: 33002403659 ns, Reaching safepoint: 382829 ns, Cleanup: 11066 ns, At safepoint: 2404 ns, Total: 396299 ns
[2025-08-19T18:20:31.728+0000][1692007][info ][gc,start    ] GC(104) Pause Young (Normal) (G1 Evacuation Pause)
[2025-08-19T18:20:31.728+0000][1692007][info ][gc,task     ] GC(104) Using 1 workers of 1 for evacuation
[2025-08-19T18:20:31.728+0000][1692007][debug][gc,age      ] GC(104) Desired survivor size 20971520 bytes, new threshold 15 (max threshold 15)
[2025-08-19T18:20:31.731+0000][1692007][info ][gc,phases   ] GC(104)   Pre Evacuate Collection Set: 0.0ms
[2025-08-19T18:20:31.731+0000][1692007][info ][gc,phases   ] GC(104)   Merge Heap Roots: 0.1ms
[2025-08-19T18:20:31.731+0000][1692007][info ][gc,phases   ] GC(104)   Evacuate Collection Set: 1.8ms
[2025-08-19T18:20:31.731+0000][1692007][info ][gc,phases   ] GC(104)   Post Evacuate Collection Set: 0.8ms
[2025-08-19T18:20:31.731+0000][1692007][info ][gc,phases   ] GC(104)   Other: 0.0ms
[2025-08-19T18:20:31.731+0000][1692007][trace][gc,age      ] GC(104) Age table with threshold 15 (max threshold 15)
[2025-08-19T18:20:31.731+0000][1692007][trace][gc,age      ] GC(104) - age   1:       9592 bytes,       9592 total
[2025-08-19T18:20:31.731+0000][1692007][trace][gc,age      ] GC(104) - age   2:        520 bytes,      10112 total
[2025-08-19T18:20:31.731+0000][1692007][trace][gc,age      ] GC(104) - age   5:        344 bytes,      10456 total
[2025-08-19T18:20:31.731+0000][1692007][trace][gc,age      ] GC(104) - age   6:        232 bytes,      10688 total
[2025-08-19T18:20:31.731+0000][1692007][trace][gc,age      ] GC(104) - age   8:        232 bytes,      10920 total
[2025-08-19T18:20:31.731+0000][1692007][trace][gc,age      ] GC(104) - age  11:         72 bytes,      10992 total
[2025-08-19T18:20:31.731+0000][1692007][trace][gc,age      ] GC(104) - age  14:       4864 bytes,      15856 total
[2025-08-19T18:20:31.731+0000][1692007][info ][gc,heap     ] GC(104) Eden regions: 75->0(75)
[2025-08-19T18:20:31.731+0000][1692007][info ][gc,heap     ] GC(104) Survivor regions: 1->1(10)
[2025-08-19T18:20:31.731+0000][1692007][info ][gc,heap     ] GC(104) Old regions: 23->23
[2025-08-19T18:20:31.731+0000][1692007][info ][gc,heap     ] GC(104) Humongous regions: 0->0
[2025-08-19T18:20:31.731+0000][1692007][info ][gc,metaspace] GC(104) Metaspace: 141863K(147904K)->141863K(147904K) NonClass: 123049K(126656K)->123049K(126656K) Class: 18814K(21248K)->18814K(21248K)
[2025-08-19T18:20:31.731+0000][1692007][info ][gc          ] GC(104) Pause Young (Normal) (G1 Evacuation Pause) 392M->92M(512M) 3.252ms
[2025-08-19T18:20:31.731+0000][1692007][info ][gc,cpu      ] GC(104) User=0.00s Sys=0.00s Real=0.00s
[2025-08-19T18:20:31.731+0000][1692007][info ][safepoint   ] Safepoint "G1CollectForAllocation", Time since last: 274390237938 ns, Reaching safepoint: 29064 ns, Cleanup: 3716 ns, At safepoint: 3284060 ns, Total: 3316840 ns
[2025-08-19T18:20:54.733+0000][1692007][info ][safepoint   ] Safepoint "Cleanup", Time since last: 23001353022 ns, Reaching safepoint: 6450 ns, Cleanup: 11538 ns, At safepoint: 66360 ns, Total: 84348 ns
[2025-08-19T18:29:24.763+0000][1692007][info ][safepoint   ] Safepoint "Cleanup", Time since last: 510030752978 ns, Reaching safepoint: 78439 ns, Cleanup: 10746 ns, At safepoint: 6009 ns, Total: 95194 ns
[2025-08-19T18:32:18.059+0000][1692007][info ][gc,start    ] GC(105) Pause Young (Concurrent Start) (G1 Evacuation Pause)
[2025-08-19T18:32:18.060+0000][1692007][info ][gc,task     ] GC(105) Using 1 workers of 1 for evacuation
[2025-08-19T18:32:18.060+0000][1692007][debug][gc,age      ] GC(105) Desired survivor size 20971520 bytes, new threshold 15 (max threshold 15)
[2025-08-19T18:32:18.062+0000][1692007][info ][gc,phases   ] GC(105)   Pre Evacuate Collection Set: 0.0ms
[2025-08-19T18:32:18.062+0000][1692007][info ][gc,phases   ] GC(105)   Merge Heap Roots: 0.0ms
[2025-08-19T18:32:18.062+0000][1692007][info ][gc,phases   ] GC(105)   Evacuate Collection Set: 1.3ms
[2025-08-19T18:32:18.062+0000][1692007][info ][gc,phases   ] GC(105)   Post Evacuate Collection Set: 0.8ms
[2025-08-19T18:32:18.062+0000][1692007][info ][gc,phases   ] GC(105)   Other: 0.0ms
[2025-08-19T18:32:18.062+0000][1692007][trace][gc,age      ] GC(105) Age table with threshold 15 (max threshold 15)
[2025-08-19T18:32:18.062+0000][1692007][trace][gc,age      ] GC(105) - age   1:      11624 bytes,      11624 total
[2025-08-19T18:32:18.062+0000][1692007][trace][gc,age      ] GC(105) - age   2:        448 bytes,      12072 total
[2025-08-19T18:32:18.062+0000][1692007][trace][gc,age      ] GC(105) - age   3:        168 bytes,      12240 total
[2025-08-19T18:32:18.062+0000][1692007][trace][gc,age      ] GC(105) - age   6:        344 bytes,      12584 total
[2025-08-19T18:32:18.062+0000][1692007][trace][gc,age      ] GC(105) - age   7:        232 bytes,      12816 total
[2025-08-19T18:32:18.062+0000][1692007][trace][gc,age      ] GC(105) - age   9:        232 bytes,      13048 total
[2025-08-19T18:32:18.062+0000][1692007][trace][gc,age      ] GC(105) - age  12:         72 bytes,      13120 total
[2025-08-19T18:32:18.062+0000][1692007][trace][gc,age      ] GC(105) - age  15:       4864 bytes,      17984 total
[2025-08-19T18:32:18.062+0000][1692007][info ][gc,heap     ] GC(105) Eden regions: 75->0(75)
[2025-08-19T18:32:18.062+0000][1692007][info ][gc,heap     ] GC(105) Survivor regions: 1->1(10)
[2025-08-19T18:32:18.062+0000][1692007][info ][gc,heap     ] GC(105) Old regions: 23->23
[2025-08-19T18:32:18.062+0000][1692007][info ][gc,heap     ] GC(105) Humongous regions: 0->0
[2025-08-19T18:32:18.062+0000][1692007][info ][gc,metaspace] GC(105) Metaspace: 141863K(147904K)->141863K(147904K) NonClass: 123049K(126656K)->123049K(126656K) Class: 18814K(21248K)->18814K(21248K)
[2025-08-19T18:32:18.062+0000][1692007][info ][gc          ] GC(105) Pause Young (Concurrent Start) (G1 Evacuation Pause) 392M->92M(512M) 2.685ms
[2025-08-19T18:32:18.062+0000][1692007][info ][gc,cpu      ] GC(105) User=0.00s Sys=0.00s Real=0.00s
[2025-08-19T18:32:18.062+0000][1692007][info ][safepoint   ] Safepoint "G1CollectForAllocation", Time since last: 173295840313 ns, Reaching safepoint: 7431 ns, Cleanup: 2714 ns, At safepoint: 2721391 ns, Total: 2731536 ns
[2025-08-19T18:32:18.067+0000][1692007][info ][gc          ] GC(106) Concurrent Mark Cycle
[2025-08-19T18:32:18.067+0000][1692007][info ][gc,marking  ] GC(106) Concurrent Scan Root Regions
[2025-08-19T18:32:18.068+0000][1692007][info ][gc,marking  ] GC(106) Concurrent Scan Root Regions 0.459ms
[2025-08-19T18:32:18.068+0000][1692007][info ][gc,marking  ] GC(106) Concurrent Mark
[2025-08-19T18:32:18.068+0000][1692007][info ][gc,marking  ] GC(106) Concurrent Mark From Roots
[2025-08-19T18:32:18.068+0000][1692007][info ][gc,task     ] GC(106) Using 1 workers of 1 for marking
[2025-08-19T18:32:18.179+0000][1692007][info ][gc,marking  ] GC(106) Concurrent Mark From Roots 111.439ms
[2025-08-19T18:32:18.179+0000][1692007][info ][gc,marking  ] GC(106) Concurrent Preclean
[2025-08-19T18:32:18.180+0000][1692007][info ][gc,marking  ] GC(106) Concurrent Preclean 0.343ms
[2025-08-19T18:32:18.180+0000][1692007][info ][gc,start    ] GC(106) Pause Remark
[2025-08-19T18:32:18.184+0000][1692007][info ][gc          ] GC(106) Pause Remark 93M->93M(512M) 4.576ms
[2025-08-19T18:32:18.184+0000][1692007][info ][gc,cpu      ] GC(106) User=0.01s Sys=0.00s Real=0.00s
[2025-08-19T18:32:18.184+0000][1692007][info ][safepoint   ] Safepoint "G1PauseRemark", Time since last: 117687929 ns, Reaching safepoint: 5117 ns, Cleanup: 3025 ns, At safepoint: 4616322 ns, Total: 4624464 ns
[2025-08-19T18:32:18.184+0000][1692007][info ][gc,marking  ] GC(106) Concurrent Mark 116.481ms
[2025-08-19T18:32:18.184+0000][1692007][info ][gc,marking  ] GC(106) Concurrent Rebuild Remembered Sets and Scrub Regions
[2025-08-19T18:32:18.245+0000][1692007][info ][gc,marking  ] GC(106) Concurrent Rebuild Remembered Sets and Scrub Regions 60.498ms
[2025-08-19T18:32:18.245+0000][1692007][info ][gc,start    ] GC(106) Pause Cleanup
[2025-08-19T18:32:18.245+0000][1692007][info ][gc          ] GC(106) Pause Cleanup 95M->95M(512M) 0.041ms
[2025-08-19T18:32:18.245+0000][1692007][info ][gc,cpu      ] GC(106) User=0.00s Sys=0.00s Real=0.00s
[2025-08-19T18:32:18.245+0000][1692007][info ][safepoint   ] Safepoint "G1PauseCleanup", Time since last: 60558259 ns, Reaching safepoint: 3545 ns, Cleanup: 9835 ns, At safepoint: 63757 ns, Total: 77137 ns
[2025-08-19T18:32:18.245+0000][1692007][info ][gc,marking  ] GC(106) Concurrent Clear Claimed Marks
[2025-08-19T18:32:18.245+0000][1692007][info ][gc,marking  ] GC(106) Concurrent Clear Claimed Marks 0.171ms
[2025-08-19T18:32:18.245+0000][1692007][info ][gc,marking  ] GC(106) Concurrent Cleanup for Next Mark
[2025-08-19T18:32:18.245+0000][1692007][info ][gc,marking  ] GC(106) Concurrent Cleanup for Next Mark 0.266ms
[2025-08-19T18:32:18.245+0000][1692007][info ][gc          ] GC(106) Concurrent Mark Cycle 178.041ms
[2025-08-19T18:32:58.097+0000][1692007][info ][gc,start    ] GC(107) Pause Young (Prepare Mixed) (G1 Evacuation Pause)
[2025-08-19T18:32:58.097+0000][1692007][info ][gc,task     ] GC(107) Using 1 workers of 1 for evacuation
[2025-08-19T18:32:58.097+0000][1692007][debug][gc,age      ] GC(107) Desired survivor size 2097152 bytes, new threshold 15 (max threshold 15)
[2025-08-19T18:32:58.099+0000][1692007][info ][gc,phases   ] GC(107)   Pre Evacuate Collection Set: 0.0ms
[2025-08-19T18:32:58.099+0000][1692007][info ][gc,phases   ] GC(107)   Merge Heap Roots: 0.0ms
[2025-08-19T18:32:58.099+0000][1692007][info ][gc,phases   ] GC(107)   Evacuate Collection Set: 1.7ms
[2025-08-19T18:32:58.099+0000][1692007][info ][gc,phases   ] GC(107)   Post Evacuate Collection Set: 0.7ms
[2025-08-19T18:32:58.099+0000][1692007][info ][gc,phases   ] GC(107)   Other: 0.0ms
[2025-08-19T18:32:58.099+0000][1692007][trace][gc,age      ] GC(107) Age table with threshold 15 (max threshold 15)
[2025-08-19T18:32:58.099+0000][1692007][trace][gc,age      ] GC(107) - age   1:       9440 bytes,       9440 total
[2025-08-19T18:32:58.099+0000][1692007][trace][gc,age      ] GC(107) - age   2:       3896 bytes,      13336 total
[2025-08-19T18:32:58.099+0000][1692007][trace][gc,age      ] GC(107) - age   3:        448 bytes,      13784 total
[2025-08-19T18:32:58.099+0000][1692007][trace][gc,age      ] GC(107) - age   4:        168 bytes,      13952 total
[2025-08-19T18:32:58.099+0000][1692007][trace][gc,age      ] GC(107) - age   7:        344 bytes,      14296 total
[2025-08-19T18:32:58.099+0000][1692007][trace][gc,age      ] GC(107) - age   8:        232 bytes,      14528 total
[2025-08-19T18:32:58.099+0000][1692007][trace][gc,age      ] GC(107) - age  10:        232 bytes,      14760 total
[2025-08-19T18:32:58.099+0000][1692007][trace][gc,age      ] GC(107) - age  13:         72 bytes,      14832 total
[2025-08-19T18:32:58.099+0000][1692007][info ][gc,heap     ] GC(107) Eden regions: 5->0(5)
[2025-08-19T18:32:58.099+0000][1692007][info ][gc,heap     ] GC(107) Survivor regions: 1->1(1)
[2025-08-19T18:32:58.099+0000][1692007][info ][gc,heap     ] GC(107) Old regions: 23->24
[2025-08-19T18:32:58.099+0000][1692007][info ][gc,heap     ] GC(107) Humongous regions: 0->0
[2025-08-19T18:32:58.099+0000][1692007][info ][gc,metaspace] GC(107) Metaspace: 141863K(147904K)->141863K(147904K) NonClass: 123049K(126656K)->123049K(126656K) Class: 18814K(21248K)->18814K(21248K)
[2025-08-19T18:32:58.099+0000][1692007][info ][gc          ] GC(107) Pause Young (Prepare Mixed) (G1 Evacuation Pause) 112M->92M(512M) 2.649ms
[2025-08-19T18:32:58.099+0000][1692007][info ][gc,cpu      ] GC(107) User=0.01s Sys=0.00s Real=0.00s
[2025-08-19T18:32:58.099+0000][1692007][info ][safepoint   ] Safepoint "G1CollectForAllocation", Time since last: 39851863440 ns, Reaching safepoint: 7561 ns, Cleanup: 2334 ns, At safepoint: 2681400 ns, Total: 2691295 ns
[2025-08-19T18:33:46.245+0000][1692007][info ][gc,start    ] GC(108) Pause Young (Mixed) (G1 Evacuation Pause)
[2025-08-19T18:33:46.245+0000][1692007][info ][gc,task     ] GC(108) Using 1 workers of 1 for evacuation
[2025-08-19T18:33:46.245+0000][1692007][debug][gc,age      ] GC(108) Desired survivor size 2097152 bytes, new threshold 15 (max threshold 15)
[2025-08-19T18:33:46.273+0000][1692007][info ][gc,phases   ] GC(108)   Pre Evacuate Collection Set: 0.2ms
[2025-08-19T18:33:46.273+0000][1692007][info ][gc,phases   ] GC(108)   Merge Heap Roots: 0.2ms
[2025-08-19T18:33:46.273+0000][1692007][info ][gc,phases   ] GC(108)   Evacuate Collection Set: 18.7ms
[2025-08-19T18:33:46.273+0000][1692007][info ][gc,phases   ] GC(108)   Post Evacuate Collection Set: 8.8ms
[2025-08-19T18:33:46.273+0000][1692007][info ][gc,phases   ] GC(108)   Other: 0.0ms
[2025-08-19T18:33:46.273+0000][1692007][trace][gc,age      ] GC(108) Age table with threshold 15 (max threshold 15)
[2025-08-19T18:33:46.273+0000][1692007][trace][gc,age      ] GC(108) - age   1:       7264 bytes,       7264 total
[2025-08-19T18:33:46.273+0000][1692007][trace][gc,age      ] GC(108) - age   2:       1360 bytes,       8624 total
[2025-08-19T18:33:46.273+0000][1692007][trace][gc,age      ] GC(108) - age   3:       3672 bytes,      12296 total
[2025-08-19T18:33:46.273+0000][1692007][trace][gc,age      ] GC(108) - age   4:        448 bytes,      12744 total
[2025-08-19T18:33:46.273+0000][1692007][trace][gc,age      ] GC(108) - age   5:        168 bytes,      12912 total
[2025-08-19T18:33:46.273+0000][1692007][trace][gc,age      ] GC(108) - age   8:        344 bytes,      13256 total
[2025-08-19T18:33:46.273+0000][1692007][trace][gc,age      ] GC(108) - age   9:        232 bytes,      13488 total
[2025-08-19T18:33:46.273+0000][1692007][trace][gc,age      ] GC(108) - age  11:        232 bytes,      13720 total
[2025-08-19T18:33:46.273+0000][1692007][trace][gc,age      ] GC(108) - age  14:         72 bytes,      13792 total
[2025-08-19T18:33:46.273+0000][1692007][info ][gc,heap     ] GC(108) Eden regions: 5->0(75)
[2025-08-19T18:33:46.273+0000][1692007][info ][gc,heap     ] GC(108) Survivor regions: 1->1(1)
[2025-08-19T18:33:46.273+0000][1692007][info ][gc,heap     ] GC(108) Old regions: 24->23
[2025-08-19T18:33:46.273+0000][1692007][info ][gc,heap     ] GC(108) Humongous regions: 0->0
[2025-08-19T18:33:46.273+0000][1692007][info ][gc,metaspace] GC(108) Metaspace: 141863K(147904K)->141863K(147904K) NonClass: 123049K(126656K)->123049K(126656K) Class: 18814K(21248K)->18814K(21248K)
[2025-08-19T18:33:46.273+0000][1692007][info ][gc          ] GC(108) Pause Young (Mixed) (G1 Evacuation Pause) 112M->91M(512M) 28.111ms
[2025-08-19T18:33:46.273+0000][1692007][info ][gc,cpu      ] GC(108) User=0.02s Sys=0.00s Real=0.03s
[2025-08-19T18:33:46.273+0000][1692007][info ][safepoint   ] Safepoint "G1CollectForAllocation", Time since last: 48145780611 ns, Reaching safepoint: 4958 ns, Cleanup: 3906 ns, At safepoint: 28158110 ns, Total: 28166974 ns
[2025-08-19T18:40:58.324+0000][1692007][info ][safepoint   ] Safepoint "Cleanup", Time since last: 432050253325 ns, Reaching safepoint: 44017 ns, Cleanup: 11046 ns, At safepoint: 4848 ns, Total: 59911 ns
[2025-08-19T18:45:26.711+0000][1692007][info ][gc,start    ] GC(109) Pause Young (Concurrent Start) (G1 Evacuation Pause)
[2025-08-19T18:45:26.711+0000][1692007][info ][gc,task     ] GC(109) Using 1 workers of 1 for evacuation
[2025-08-19T18:45:26.711+0000][1692007][debug][gc,age      ] GC(109) Desired survivor size 20971520 bytes, new threshold 15 (max threshold 15)
[2025-08-19T18:45:26.713+0000][1692007][info ][gc,phases   ] GC(109)   Pre Evacuate Collection Set: 0.1ms
[2025-08-19T18:45:26.713+0000][1692007][info ][gc,phases   ] GC(109)   Merge Heap Roots: 0.0ms
[2025-08-19T18:45:26.713+0000][1692007][info ][gc,phases   ] GC(109)   Evacuate Collection Set: 1.3ms
[2025-08-19T18:45:26.713+0000][1692007][info ][gc,phases   ] GC(109)   Post Evacuate Collection Set: 0.8ms
[2025-08-19T18:45:26.713+0000][1692007][info ][gc,phases   ] GC(109)   Other: 0.0ms
[2025-08-19T18:45:26.713+0000][1692007][trace][gc,age      ] GC(109) Age table with threshold 15 (max threshold 15)
[2025-08-19T18:45:26.713+0000][1692007][trace][gc,age      ] GC(109) - age   1:      26928 bytes,      26928 total
[2025-08-19T18:45:26.713+0000][1692007][trace][gc,age      ] GC(109) - age   4:       2096 bytes,      29024 total
[2025-08-19T18:45:26.713+0000][1692007][trace][gc,age      ] GC(109) - age   5:        448 bytes,      29472 total
[2025-08-19T18:45:26.713+0000][1692007][trace][gc,age      ] GC(109) - age   6:        168 bytes,      29640 total
[2025-08-19T18:45:26.713+0000][1692007][trace][gc,age      ] GC(109) - age   9:        344 bytes,      29984 total
[2025-08-19T18:45:26.713+0000][1692007][trace][gc,age      ] GC(109) - age  10:        232 bytes,      30216 total
[2025-08-19T18:45:26.713+0000][1692007][trace][gc,age      ] GC(109) - age  12:        232 bytes,      30448 total
[2025-08-19T18:45:26.713+0000][1692007][trace][gc,age      ] GC(109) - age  15:         72 bytes,      30520 total
[2025-08-19T18:45:26.713+0000][1692007][info ][gc,heap     ] GC(109) Eden regions: 75->0(75)
[2025-08-19T18:45:26.713+0000][1692007][info ][gc,heap     ] GC(109) Survivor regions: 1->1(10)
[2025-08-19T18:45:26.713+0000][1692007][info ][gc,heap     ] GC(109) Old regions: 23->23
[2025-08-19T18:45:26.713+0000][1692007][info ][gc,heap     ] GC(109) Humongous regions: 0->0
[2025-08-19T18:45:26.713+0000][1692007][info ][gc,metaspace] GC(109) Metaspace: 141863K(147904K)->141863K(147904K) NonClass: 123049K(126656K)->123049K(126656K) Class: 18814K(21248K)->18814K(21248K)
[2025-08-19T18:45:26.713+0000][1692007][info ][gc          ] GC(109) Pause Young (Concurrent Start) (G1 Evacuation Pause) 391M->91M(512M) 2.841ms
[2025-08-19T18:45:26.713+0000][1692007][info ][gc,cpu      ] GC(109) User=0.00s Sys=0.00s Real=0.00s
[2025-08-19T18:45:26.713+0000][1692007][info ][safepoint   ] Safepoint "G1CollectForAllocation", Time since last: 268386720794 ns, Reaching safepoint: 7411 ns, Cleanup: 3495 ns, At safepoint: 2881643 ns, Total: 2892549 ns
[2025-08-19T18:45:26.718+0000][1692007][info ][gc          ] GC(110) Concurrent Mark Cycle
[2025-08-19T18:45:26.718+0000][1692007][info ][gc,marking  ] GC(110) Concurrent Scan Root Regions
[2025-08-19T18:45:26.720+0000][1692007][info ][gc,marking  ] GC(110) Concurrent Scan Root Regions 1.174ms
[2025-08-19T18:45:26.720+0000][1692007][info ][gc,marking  ] GC(110) Concurrent Mark
[2025-08-19T18:45:26.720+0000][1692007][info ][gc,marking  ] GC(110) Concurrent Mark From Roots
[2025-08-19T18:45:26.720+0000][1692007][info ][gc,task     ] GC(110) Using 1 workers of 1 for marking
[2025-08-19T18:45:26.843+0000][1692007][info ][gc,marking  ] GC(110) Concurrent Mark From Roots 122.942ms
[2025-08-19T18:45:26.843+0000][1692007][info ][gc,marking  ] GC(110) Concurrent Preclean
[2025-08-19T18:45:26.843+0000][1692007][info ][gc,marking  ] GC(110) Concurrent Preclean 0.384ms
[2025-08-19T18:45:26.843+0000][1692007][info ][gc,start    ] GC(110) Pause Remark
[2025-08-19T18:45:26.847+0000][1692007][info ][gc          ] GC(110) Pause Remark 94M->94M(512M) 4.292ms
[2025-08-19T18:45:26.847+0000][1692007][info ][gc,cpu      ] GC(110) User=0.00s Sys=0.00s Real=0.01s
[2025-08-19T18:45:26.847+0000][1692007][info ][safepoint   ] Safepoint "G1PauseRemark", Time since last: 129576187 ns, Reaching safepoint: 4808 ns, Cleanup: 2413 ns, At safepoint: 4326956 ns, Total: 4334177 ns
[2025-08-19T18:45:26.847+0000][1692007][info ][gc,marking  ] GC(110) Concurrent Mark 127.726ms
[2025-08-19T18:45:26.847+0000][1692007][info ][gc,marking  ] GC(110) Concurrent Rebuild Remembered Sets and Scrub Regions
[2025-08-19T18:45:26.895+0000][1692007][info ][gc,marking  ] GC(110) Concurrent Rebuild Remembered Sets and Scrub Regions 47.453ms
[2025-08-19T18:45:26.895+0000][1692007][info ][gc,start    ] GC(110) Pause Cleanup
[2025-08-19T18:45:26.895+0000][1692007][info ][gc          ] GC(110) Pause Cleanup 94M->94M(512M) 0.036ms
[2025-08-19T18:45:26.895+0000][1692007][info ][gc,cpu      ] GC(110) User=0.00s Sys=0.00s Real=0.00s
[2025-08-19T18:45:26.895+0000][1692007][info ][safepoint   ] Safepoint "G1PauseCleanup", Time since last: 47508014 ns, Reaching safepoint: 3636 ns, Cleanup: 1823 ns, At safepoint: 57597 ns, Total: 63056 ns
[2025-08-19T18:45:26.895+0000][1692007][info ][gc,marking  ] GC(110) Concurrent Clear Claimed Marks
[2025-08-19T18:45:26.895+0000][1692007][info ][gc,marking  ] GC(110) Concurrent Clear Claimed Marks 0.157ms
[2025-08-19T18:45:26.895+0000][1692007][info ][gc,marking  ] GC(110) Concurrent Cleanup for Next Mark
[2025-08-19T18:45:26.895+0000][1692007][info ][gc,marking  ] GC(110) Concurrent Cleanup for Next Mark 0.230ms
[2025-08-19T18:45:26.895+0000][1692007][info ][gc          ] GC(110) Concurrent Mark Cycle 176.892ms
[2025-08-19T18:53:04.922+0000][1692007][info ][safepoint   ] Safepoint "Cleanup", Time since last: 458027522248 ns, Reaching safepoint: 44988 ns, Cleanup: 11047 ns, At safepoint: 4687 ns, Total: 60722 ns
[2025-08-19T18:57:10.242+0000][1692007][info ][gc,start    ] GC(111) Pause Young (Normal) (G1 Evacuation Pause)
[2025-08-19T18:57:10.243+0000][1692007][info ][gc,task     ] GC(111) Using 1 workers of 1 for evacuation
[2025-08-19T18:57:10.243+0000][1692007][debug][gc,age      ] GC(111) Desired survivor size 20971520 bytes, new threshold 15 (max threshold 15)
[2025-08-19T18:57:10.245+0000][1692007][info ][gc,phases   ] GC(111)   Pre Evacuate Collection Set: 0.0ms
[2025-08-19T18:57:10.245+0000][1692007][info ][gc,phases   ] GC(111)   Merge Heap Roots: 0.0ms
[2025-08-19T18:57:10.245+0000][1692007][info ][gc,phases   ] GC(111)   Evacuate Collection Set: 1.8ms
[2025-08-19T18:57:10.246+0000][1692007][info ][gc,phases   ] GC(111)   Post Evacuate Collection Set: 0.8ms
[2025-08-19T18:57:10.246+0000][1692007][info ][gc,phases   ] GC(111)   Other: 0.0ms
[2025-08-19T18:57:10.246+0000][1692007][trace][gc,age      ] GC(111) Age table with threshold 15 (max threshold 15)
[2025-08-19T18:57:10.246+0000][1692007][trace][gc,age      ] GC(111) - age   1:      10224 bytes,      10224 total
[2025-08-19T18:57:10.246+0000][1692007][trace][gc,age      ] GC(111) - age   2:         72 bytes,      10296 total
[2025-08-19T18:57:10.246+0000][1692007][trace][gc,age      ] GC(111) - age   5:       2096 bytes,      12392 total
[2025-08-19T18:57:10.246+0000][1692007][trace][gc,age      ] GC(111) - age   6:        448 bytes,      12840 total
[2025-08-19T18:57:10.246+0000][1692007][trace][gc,age      ] GC(111) - age   7:        168 bytes,      13008 total
[2025-08-19T18:57:10.246+0000][1692007][trace][gc,age      ] GC(111) - age  10:        168 bytes,      13176 total
[2025-08-19T18:57:10.246+0000][1692007][trace][gc,age      ] GC(111) - age  11:        232 bytes,      13408 total
[2025-08-19T18:57:10.246+0000][1692007][trace][gc,age      ] GC(111) - age  13:        232 bytes,      13640 total
[2025-08-19T18:57:10.246+0000][1692007][info ][gc,heap     ] GC(111) Eden regions: 75->0(75)
[2025-08-19T18:57:10.246+0000][1692007][info ][gc,heap     ] GC(111) Survivor regions: 1->1(10)
[2025-08-19T18:57:10.246+0000][1692007][info ][gc,heap     ] GC(111) Old regions: 23->23
[2025-08-19T18:57:10.246+0000][1692007][info ][gc,heap     ] GC(111) Humongous regions: 0->0
[2025-08-19T18:57:10.246+0000][1692007][info ][gc,metaspace] GC(111) Metaspace: 141863K(147904K)->141863K(147904K) NonClass: 123049K(126656K)->123049K(126656K) Class: 18814K(21248K)->18814K(21248K)
[2025-08-19T18:57:10.246+0000][1692007][info ][gc          ] GC(111) Pause Young (Normal) (G1 Evacuation Pause) 391M->91M(512M) 3.210ms
[2025-08-19T18:57:10.246+0000][1692007][info ][gc,cpu      ] GC(111) User=0.00s Sys=0.00s Real=0.01s
[2025-08-19T18:57:10.246+0000][1692007][info ][safepoint   ] Safepoint "G1CollectForAllocation", Time since last: 245319895940 ns, Reaching safepoint: 8002 ns, Cleanup: 3736 ns, At safepoint: 3247715 ns, Total: 3259453 ns
[2025-08-19T19:08:54.525+0000][1692007][info ][gc,start    ] GC(112) Pause Young (Concurrent Start) (G1 Evacuation Pause)
[2025-08-19T19:08:54.525+0000][1692007][info ][gc,task     ] GC(112) Using 1 workers of 1 for evacuation
[2025-08-19T19:08:54.525+0000][1692007][debug][gc,age      ] GC(112) Desired survivor size 20971520 bytes, new threshold 15 (max threshold 15)
[2025-08-19T19:08:54.527+0000][1692007][info ][gc,phases   ] GC(112)   Pre Evacuate Collection Set: 0.0ms
[2025-08-19T19:08:54.527+0000][1692007][info ][gc,phases   ] GC(112)   Merge Heap Roots: 0.0ms
[2025-08-19T19:08:54.527+0000][1692007][info ][gc,phases   ] GC(112)   Evacuate Collection Set: 1.3ms
[2025-08-19T19:08:54.527+0000][1692007][info ][gc,phases   ] GC(112)   Post Evacuate Collection Set: 0.7ms
[2025-08-19T19:08:54.527+0000][1692007][info ][gc,phases   ] GC(112)   Other: 0.0ms
[2025-08-19T19:08:54.527+0000][1692007][trace][gc,age      ] GC(112) Age table with threshold 15 (max threshold 15)
[2025-08-19T19:08:54.527+0000][1692007][trace][gc,age      ] GC(112) - age   1:      11024 bytes,      11024 total
[2025-08-19T19:08:54.527+0000][1692007][trace][gc,age      ] GC(112) - age   2:        568 bytes,      11592 total
[2025-08-19T19:08:54.527+0000][1692007][trace][gc,age      ] GC(112) - age   3:         72 bytes,      11664 total
[2025-08-19T19:08:54.527+0000][1692007][trace][gc,age      ] GC(112) - age   6:       2096 bytes,      13760 total
[2025-08-19T19:08:54.527+0000][1692007][trace][gc,age      ] GC(112) - age   7:        448 bytes,      14208 total
[2025-08-19T19:08:54.527+0000][1692007][trace][gc,age      ] GC(112) - age   8:        168 bytes,      14376 total
[2025-08-19T19:08:54.527+0000][1692007][trace][gc,age      ] GC(112) - age  11:        168 bytes,      14544 total
[2025-08-19T19:08:54.527+0000][1692007][trace][gc,age      ] GC(112) - age  12:        232 bytes,      14776 total
[2025-08-19T19:08:54.527+0000][1692007][trace][gc,age      ] GC(112) - age  14:        232 bytes,      15008 total
[2025-08-19T19:08:54.527+0000][1692007][info ][gc,heap     ] GC(112) Eden regions: 75->0(75)
[2025-08-19T19:08:54.527+0000][1692007][info ][gc,heap     ] GC(112) Survivor regions: 1->1(10)
[2025-08-19T19:08:54.527+0000][1692007][info ][gc,heap     ] GC(112) Old regions: 23->23
[2025-08-19T19:08:54.527+0000][1692007][info ][gc,heap     ] GC(112) Humongous regions: 0->0
[2025-08-19T19:08:54.527+0000][1692007][info ][gc,metaspace] GC(112) Metaspace: 141870K(147904K)->141870K(147904K) NonClass: 123056K(126656K)->123056K(126656K) Class: 18814K(21248K)->18814K(21248K)
[2025-08-19T19:08:54.527+0000][1692007][info ][gc          ] GC(112) Pause Young (Concurrent Start) (G1 Evacuation Pause) 391M->91M(512M) 2.325ms
[2025-08-19T19:08:54.527+0000][1692007][info ][gc,cpu      ] GC(112) User=0.00s Sys=0.00s Real=0.01s
[2025-08-19T19:08:54.527+0000][1692007][info ][safepoint   ] Safepoint "G1CollectForAllocation", Time since last: 704279448018 ns, Reaching safepoint: 7442 ns, Cleanup: 2373 ns, At safepoint: 2361136 ns, Total: 2370951 ns
[2025-08-19T19:08:54.534+0000][1692007][info ][gc          ] GC(113) Concurrent Mark Cycle
[2025-08-19T19:08:54.534+0000][1692007][info ][gc,marking  ] GC(113) Concurrent Scan Root Regions
[2025-08-19T19:08:54.535+0000][1692007][info ][gc,marking  ] GC(113) Concurrent Scan Root Regions 0.414ms
[2025-08-19T19:08:54.535+0000][1692007][info ][gc,marking  ] GC(113) Concurrent Mark
[2025-08-19T19:08:54.535+0000][1692007][info ][gc,marking  ] GC(113) Concurrent Mark From Roots
[2025-08-19T19:08:54.535+0000][1692007][info ][gc,task     ] GC(113) Using 1 workers of 1 for marking
[2025-08-19T19:08:54.645+0000][1692007][info ][gc,marking  ] GC(113) Concurrent Mark From Roots 109.704ms
[2025-08-19T19:08:54.645+0000][1692007][info ][gc,marking  ] GC(113) Concurrent Preclean
[2025-08-19T19:08:54.645+0000][1692007][info ][gc,marking  ] GC(113) Concurrent Preclean 0.353ms
[2025-08-19T19:08:54.645+0000][1692007][info ][gc,start    ] GC(113) Pause Remark
[2025-08-19T19:08:54.649+0000][1692007][info ][gc          ] GC(113) Pause Remark 92M->92M(512M) 4.107ms
[2025-08-19T19:08:54.649+0000][1692007][info ][gc,cpu      ] GC(113) User=0.00s Sys=0.00s Real=0.01s
[2025-08-19T19:08:54.649+0000][1692007][info ][safepoint   ] Safepoint "G1PauseRemark", Time since last: 117511065 ns, Reaching safepoint: 5048 ns, Cleanup: 2994 ns, At safepoint: 4144560 ns, Total: 4152602 ns
[2025-08-19T19:08:54.649+0000][1692007][info ][gc,marking  ] GC(113) Concurrent Mark 114.383ms
[2025-08-19T19:08:54.649+0000][1692007][info ][gc,marking  ] GC(113) Concurrent Rebuild Remembered Sets and Scrub Regions
[2025-08-19T19:08:54.707+0000][1692007][info ][gc,marking  ] GC(113) Concurrent Rebuild Remembered Sets and Scrub Regions 57.930ms
[2025-08-19T19:08:54.707+0000][1692007][info ][gc,start    ] GC(113) Pause Cleanup
[2025-08-19T19:08:54.707+0000][1692007][info ][gc          ] GC(113) Pause Cleanup 92M->92M(512M) 0.036ms
[2025-08-19T19:08:54.707+0000][1692007][info ][gc,cpu      ] GC(113) User=0.00s Sys=0.00s Real=0.00s
[2025-08-19T19:08:54.707+0000][1692007][info ][safepoint   ] Safepoint "G1PauseCleanup", Time since last: 58079622 ns, Reaching safepoint: 3695 ns, Cleanup: 1172 ns, At safepoint: 59660 ns, Total: 64527 ns
[2025-08-19T19:08:54.707+0000][1692007][info ][gc,marking  ] GC(113) Concurrent Clear Claimed Marks
[2025-08-19T19:08:54.707+0000][1692007][info ][gc,marking  ] GC(113) Concurrent Clear Claimed Marks 0.178ms
[2025-08-19T19:08:54.707+0000][1692007][info ][gc,marking  ] GC(113) Concurrent Cleanup for Next Mark
[2025-08-19T19:08:54.708+0000][1692007][info ][gc,marking  ] GC(113) Concurrent Cleanup for Next Mark 0.264ms
[2025-08-19T19:08:54.708+0000][1692007][info ][gc          ] GC(113) Concurrent Mark Cycle 173.313ms
[2025-08-19T19:09:21.709+0000][1692007][info ][safepoint   ] Safepoint "Cleanup", Time since last: 27001556415 ns, Reaching safepoint: 73701 ns, Cleanup: 13781 ns, At safepoint: 2313 ns, Total: 89795 ns
[2025-08-19T19:09:31.710+0000][1692007][info ][safepoint   ] Safepoint "Cleanup", Time since last: 10000566354 ns, Reaching safepoint: 70196 ns, Cleanup: 11958 ns, At safepoint: 4426 ns, Total: 86580 ns
[2025-08-19T19:09:59.711+0000][1692007][info ][safepoint   ] Safepoint "Cleanup", Time since last: 28001701722 ns, Reaching safepoint: 45008 ns, Cleanup: 10846 ns, At safepoint: 2103 ns, Total: 57957 ns
[2025-08-19T19:10:34.713+0000][1692007][info ][safepoint   ] Safepoint "Cleanup", Time since last: 35002039899 ns, Reaching safepoint: 45128 ns, Cleanup: 10055 ns, At safepoint: 6981 ns, Total: 62164 ns
[2025-08-19T19:19:24.745+0000][1692007][info ][safepoint   ] Safepoint "Cleanup", Time since last: 530031378486 ns, Reaching safepoint: 72650 ns, Cleanup: 11317 ns, At safepoint: 4607 ns, Total: 88574 ns
[2025-08-19T19:19:38.746+0000][1692007][info ][safepoint   ] Safepoint "Cleanup", Time since last: 14001196442 ns, Reaching safepoint: 69124 ns, Cleanup: 9454 ns, At safepoint: 1963 ns, Total: 80541 ns
[2025-08-19T19:20:39.907+0000][1692007][info ][gc,start    ] GC(114) Pause Young (Normal) (G1 Evacuation Pause)
[2025-08-19T19:20:39.907+0000][1692007][info ][gc,task     ] GC(114) Using 1 workers of 1 for evacuation
[2025-08-19T19:20:39.907+0000][1692007][debug][gc,age      ] GC(114) Desired survivor size 20971520 bytes, new threshold 15 (max threshold 15)
[2025-08-19T19:20:39.909+0000][1692007][info ][gc,phases   ] GC(114)   Pre Evacuate Collection Set: 0.1ms
[2025-08-19T19:20:39.909+0000][1692007][info ][gc,phases   ] GC(114)   Merge Heap Roots: 0.0ms
[2025-08-19T19:20:39.909+0000][1692007][info ][gc,phases   ] GC(114)   Evacuate Collection Set: 1.6ms
[2025-08-19T19:20:39.909+0000][1692007][info ][gc,phases   ] GC(114)   Post Evacuate Collection Set: 0.7ms
[2025-08-19T19:20:39.909+0000][1692007][info ][gc,phases   ] GC(114)   Other: 0.0ms
[2025-08-19T19:20:39.909+0000][1692007][trace][gc,age      ] GC(114) Age table with threshold 15 (max threshold 15)
[2025-08-19T19:20:39.909+0000][1692007][trace][gc,age      ] GC(114) - age   1:      11664 bytes,      11664 total
[2025-08-19T19:20:39.909+0000][1692007][trace][gc,age      ] GC(114) - age   2:        352 bytes,      12016 total
[2025-08-19T19:20:39.909+0000][1692007][trace][gc,age      ] GC(114) - age   3:        568 bytes,      12584 total
[2025-08-19T19:20:39.909+0000][1692007][trace][gc,age      ] GC(114) - age   4:         72 bytes,      12656 total
[2025-08-19T19:20:39.909+0000][1692007][trace][gc,age      ] GC(114) - age   7:       2096 bytes,      14752 total
[2025-08-19T19:20:39.909+0000][1692007][trace][gc,age      ] GC(114) - age   8:        448 bytes,      15200 total
[2025-08-19T19:20:39.909+0000][1692007][trace][gc,age      ] GC(114) - age   9:        168 bytes,      15368 total
[2025-08-19T19:20:39.909+0000][1692007][trace][gc,age      ] GC(114) - age  12:        168 bytes,      15536 total
[2025-08-19T19:20:39.909+0000][1692007][trace][gc,age      ] GC(114) - age  13:        232 bytes,      15768 total
[2025-08-19T19:20:39.909+0000][1692007][trace][gc,age      ] GC(114) - age  15:        232 bytes,      16000 total
[2025-08-19T19:20:39.909+0000][1692007][info ][gc,heap     ] GC(114) Eden regions: 75->0(75)
[2025-08-19T19:20:39.909+0000][1692007][info ][gc,heap     ] GC(114) Survivor regions: 1->1(10)
[2025-08-19T19:20:39.909+0000][1692007][info ][gc,heap     ] GC(114) Old regions: 23->23
[2025-08-19T19:20:39.909+0000][1692007][info ][gc,heap     ] GC(114) Humongous regions: 0->0
[2025-08-19T19:20:39.909+0000][1692007][info ][gc,metaspace] GC(114) Metaspace: 141870K(147904K)->141870K(147904K) NonClass: 123056K(126656K)->123056K(126656K) Class: 18814K(21248K)->18814K(21248K)
[2025-08-19T19:20:39.909+0000][1692007][info ][gc          ] GC(114) Pause Young (Normal) (G1 Evacuation Pause) 391M->91M(512M) 2.608ms
[2025-08-19T19:20:39.909+0000][1692007][info ][gc,cpu      ] GC(114) User=0.00s Sys=0.00s Real=0.00s
[2025-08-19T19:20:39.909+0000][1692007][info ][safepoint   ] Safepoint "G1CollectForAllocation", Time since last: 61160289429 ns, Reaching safepoint: 190728 ns, Cleanup: 2714 ns, At safepoint: 2640268 ns, Total: 2833710 ns
[2025-08-19T19:32:25.530+0000][1692007][info ][gc,start    ] GC(115) Pause Young (Concurrent Start) (G1 Evacuation Pause)
[2025-08-19T19:32:25.530+0000][1692007][info ][gc,task     ] GC(115) Using 1 workers of 1 for evacuation
[2025-08-19T19:32:25.530+0000][1692007][debug][gc,age      ] GC(115) Desired survivor size 20971520 bytes, new threshold 15 (max threshold 15)
[2025-08-19T19:32:25.532+0000][1692007][info ][gc,phases   ] GC(115)   Pre Evacuate Collection Set: 0.0ms
[2025-08-19T19:32:25.532+0000][1692007][info ][gc,phases   ] GC(115)   Merge Heap Roots: 0.0ms
[2025-08-19T19:32:25.532+0000][1692007][info ][gc,phases   ] GC(115)   Evacuate Collection Set: 1.4ms
[2025-08-19T19:32:25.532+0000][1692007][info ][gc,phases   ] GC(115)   Post Evacuate Collection Set: 0.8ms
[2025-08-19T19:32:25.532+0000][1692007][info ][gc,phases   ] GC(115)   Other: 0.1ms
[2025-08-19T19:32:25.532+0000][1692007][trace][gc,age      ] GC(115) Age table with threshold 15 (max threshold 15)
[2025-08-19T19:32:25.533+0000][1692007][trace][gc,age      ] GC(115) - age   1:      11024 bytes,      11024 total
[2025-08-19T19:32:25.533+0000][1692007][trace][gc,age      ] GC(115) - age   2:        736 bytes,      11760 total
[2025-08-19T19:32:25.533+0000][1692007][trace][gc,age      ] GC(115) - age   4:        568 bytes,      12328 total
[2025-08-19T19:32:25.533+0000][1692007][trace][gc,age      ] GC(115) - age   5:         72 bytes,      12400 total
[2025-08-19T19:32:25.533+0000][1692007][trace][gc,age      ] GC(115) - age   8:       2096 bytes,      14496 total
[2025-08-19T19:32:25.533+0000][1692007][trace][gc,age      ] GC(115) - age   9:        448 bytes,      14944 total
[2025-08-19T19:32:25.533+0000][1692007][trace][gc,age      ] GC(115) - age  10:        168 bytes,      15112 total
[2025-08-19T19:32:25.533+0000][1692007][trace][gc,age      ] GC(115) - age  13:        168 bytes,      15280 total
[2025-08-19T19:32:25.533+0000][1692007][trace][gc,age      ] GC(115) - age  14:        232 bytes,      15512 total
[2025-08-19T19:32:25.533+0000][1692007][info ][gc,heap     ] GC(115) Eden regions: 75->0(75)
[2025-08-19T19:32:25.533+0000][1692007][info ][gc,heap     ] GC(115) Survivor regions: 1->1(10)
[2025-08-19T19:32:25.533+0000][1692007][info ][gc,heap     ] GC(115) Old regions: 23->23
[2025-08-19T19:32:25.533+0000][1692007][info ][gc,heap     ] GC(115) Humongous regions: 0->0
[2025-08-19T19:32:25.533+0000][1692007][info ][gc,metaspace] GC(115) Metaspace: 141870K(147904K)->141870K(147904K) NonClass: 123056K(126656K)->123056K(126656K) Class: 18814K(21248K)->18814K(21248K)
[2025-08-19T19:32:25.533+0000][1692007][info ][gc          ] GC(115) Pause Young (Concurrent Start) (G1 Evacuation Pause) 391M->91M(512M) 2.498ms
[2025-08-19T19:32:25.533+0000][1692007][info ][gc,cpu      ] GC(115) User=0.00s Sys=0.00s Real=0.00s
[2025-08-19T19:32:25.533+0000][1692007][info ][safepoint   ] Safepoint "G1CollectForAllocation", Time since last: 705620786477 ns, Reaching safepoint: 7281 ns, Cleanup: 2263 ns, At safepoint: 2534458 ns, Total: 2544002 ns
[2025-08-19T19:32:25.539+0000][1692007][info ][gc          ] GC(116) Concurrent Mark Cycle
[2025-08-19T19:32:25.539+0000][1692007][info ][gc,marking  ] GC(116) Concurrent Scan Root Regions
[2025-08-19T19:32:25.540+0000][1692007][info ][gc,marking  ] GC(116) Concurrent Scan Root Regions 0.407ms
[2025-08-19T19:32:25.540+0000][1692007][info ][gc,marking  ] GC(116) Concurrent Mark
[2025-08-19T19:32:25.540+0000][1692007][info ][gc,marking  ] GC(116) Concurrent Mark From Roots
[2025-08-19T19:32:25.540+0000][1692007][info ][gc,task     ] GC(116) Using 1 workers of 1 for marking
[2025-08-19T19:32:25.654+0000][1692007][info ][gc,marking  ] GC(116) Concurrent Mark From Roots 114.529ms
[2025-08-19T19:32:25.654+0000][1692007][info ][gc,marking  ] GC(116) Concurrent Preclean
[2025-08-19T19:32:25.655+0000][1692007][info ][gc,marking  ] GC(116) Concurrent Preclean 0.398ms
[2025-08-19T19:32:25.655+0000][1692007][info ][gc,start    ] GC(116) Pause Remark
[2025-08-19T19:32:25.659+0000][1692007][info ][gc          ] GC(116) Pause Remark 92M->92M(512M) 4.151ms
[2025-08-19T19:32:25.659+0000][1692007][info ][gc,cpu      ] GC(116) User=0.00s Sys=0.00s Real=0.01s
[2025-08-19T19:32:25.659+0000][1692007][info ][safepoint   ] Safepoint "G1PauseRemark", Time since last: 122208781 ns, Reaching safepoint: 4858 ns, Cleanup: 3194 ns, At safepoint: 4188927 ns, Total: 4196979 ns
[2025-08-19T19:32:25.659+0000][1692007][info ][gc,marking  ] GC(116) Concurrent Mark 119.215ms
[2025-08-19T19:32:25.659+0000][1692007][info ][gc,marking  ] GC(116) Concurrent Rebuild Remembered Sets and Scrub Regions
[2025-08-19T19:32:25.712+0000][1692007][info ][gc,marking  ] GC(116) Concurrent Rebuild Remembered Sets and Scrub Regions 52.570ms
[2025-08-19T19:32:25.712+0000][1692007][info ][gc,start    ] GC(116) Pause Cleanup
[2025-08-19T19:32:25.712+0000][1692007][info ][gc          ] GC(116) Pause Cleanup 92M->92M(512M) 0.036ms
[2025-08-19T19:32:25.712+0000][1692007][info ][gc,cpu      ] GC(116) User=0.00s Sys=0.00s Real=0.00s
[2025-08-19T19:32:25.712+0000][1692007][info ][safepoint   ] Safepoint "G1PauseCleanup", Time since last: 52634137 ns, Reaching safepoint: 3606 ns, Cleanup: 1622 ns, At safepoint: 59680 ns, Total: 64908 ns
[2025-08-19T19:32:25.712+0000][1692007][info ][gc,marking  ] GC(116) Concurrent Clear Claimed Marks
[2025-08-19T19:32:25.712+0000][1692007][info ][gc,marking  ] GC(116) Concurrent Clear Claimed Marks 0.155ms
[2025-08-19T19:32:25.712+0000][1692007][info ][gc,marking  ] GC(116) Concurrent Cleanup for Next Mark
[2025-08-19T19:32:25.712+0000][1692007][info ][gc,marking  ] GC(116) Concurrent Cleanup for Next Mark 0.261ms
[2025-08-19T19:32:25.712+0000][1692007][info ][gc          ] GC(116) Concurrent Mark Cycle 172.751ms
[2025-08-19T19:33:24.715+0000][1692007][info ][safepoint   ] Safepoint "Cleanup", Time since last: 59003470264 ns, Reaching safepoint: 69024 ns, Cleanup: 19630 ns, At safepoint: 1973 ns, Total: 90627 ns
[2025-08-19T19:44:05.911+0000][1692007][info ][gc,start    ] GC(117) Pause Young (Normal) (G1 Evacuation Pause)
[2025-08-19T19:44:05.911+0000][1692007][info ][gc,task     ] GC(117) Using 1 workers of 1 for evacuation
[2025-08-19T19:44:05.911+0000][1692007][debug][gc,age      ] GC(117) Desired survivor size 20971520 bytes, new threshold 15 (max threshold 15)
[2025-08-19T19:44:05.914+0000][1692007][info ][gc,phases   ] GC(117)   Pre Evacuate Collection Set: 0.0ms
[2025-08-19T19:44:05.914+0000][1692007][info ][gc,phases   ] GC(117)   Merge Heap Roots: 0.0ms
[2025-08-19T19:44:05.914+0000][1692007][info ][gc,phases   ] GC(117)   Evacuate Collection Set: 1.7ms
[2025-08-19T19:44:05.914+0000][1692007][info ][gc,phases   ] GC(117)   Post Evacuate Collection Set: 0.8ms
[2025-08-19T19:44:05.914+0000][1692007][info ][gc,phases   ] GC(117)   Other: 0.0ms
[2025-08-19T19:44:05.914+0000][1692007][trace][gc,age      ] GC(117) Age table with threshold 15 (max threshold 15)
[2025-08-19T19:44:05.914+0000][1692007][trace][gc,age      ] GC(117) - age   1:      21400 bytes,      21400 total
[2025-08-19T19:44:05.914+0000][1692007][trace][gc,age      ] GC(117) - age   3:        736 bytes,      22136 total
[2025-08-19T19:44:05.914+0000][1692007][trace][gc,age      ] GC(117) - age   5:        568 bytes,      22704 total
[2025-08-19T19:44:05.914+0000][1692007][trace][gc,age      ] GC(117) - age   6:         72 bytes,      22776 total
[2025-08-19T19:44:05.914+0000][1692007][trace][gc,age      ] GC(117) - age   9:       2096 bytes,      24872 total
[2025-08-19T19:44:05.914+0000][1692007][trace][gc,age      ] GC(117) - age  10:        448 bytes,      25320 total
[2025-08-19T19:44:05.914+0000][1692007][trace][gc,age      ] GC(117) - age  11:        168 bytes,      25488 total
[2025-08-19T19:44:05.914+0000][1692007][trace][gc,age      ] GC(117) - age  14:        168 bytes,      25656 total
[2025-08-19T19:44:05.914+0000][1692007][trace][gc,age      ] GC(117) - age  15:        232 bytes,      25888 total
[2025-08-19T19:44:05.914+0000][1692007][info ][gc,heap     ] GC(117) Eden regions: 75->0(75)
[2025-08-19T19:44:05.914+0000][1692007][info ][gc,heap     ] GC(117) Survivor regions: 1->1(10)
[2025-08-19T19:44:05.914+0000][1692007][info ][gc,heap     ] GC(117) Old regions: 23->23
[2025-08-19T19:44:05.914+0000][1692007][info ][gc,heap     ] GC(117) Humongous regions: 0->0
[2025-08-19T19:44:05.914+0000][1692007][info ][gc,metaspace] GC(117) Metaspace: 141870K(147904K)->141870K(147904K) NonClass: 123056K(126656K)->123056K(126656K) Class: 18814K(21248K)->18814K(21248K)
[2025-08-19T19:44:05.914+0000][1692007][info ][gc          ] GC(117) Pause Young (Normal) (G1 Evacuation Pause) 391M->91M(512M) 2.742ms
[2025-08-19T19:44:05.914+0000][1692007][info ][gc,cpu      ] GC(117) User=0.01s Sys=0.00s Real=0.00s
[2025-08-19T19:44:05.914+0000][1692007][info ][safepoint   ] Safepoint "G1CollectForAllocation", Time since last: 641195551566 ns, Reaching safepoint: 38759 ns, Cleanup: 2404 ns, At safepoint: 2776914 ns, Total: 2818077 ns
[2025-08-19T19:55:46.530+0000][1692007][info ][gc,start    ] GC(118) Pause Young (Concurrent Start) (G1 Evacuation Pause)
[2025-08-19T19:55:46.530+0000][1692007][info ][gc,task     ] GC(118) Using 1 workers of 1 for evacuation
[2025-08-19T19:55:46.530+0000][1692007][debug][gc,age      ] GC(118) Desired survivor size 20971520 bytes, new threshold 15 (max threshold 15)
[2025-08-19T19:55:46.533+0000][1692007][info ][gc,phases   ] GC(118)   Pre Evacuate Collection Set: 0.0ms
[2025-08-19T19:55:46.533+0000][1692007][info ][gc,phases   ] GC(118)   Merge Heap Roots: 0.0ms
[2025-08-19T19:55:46.533+0000][1692007][info ][gc,phases   ] GC(118)   Evacuate Collection Set: 1.3ms
[2025-08-19T19:55:46.533+0000][1692007][info ][gc,phases   ] GC(118)   Post Evacuate Collection Set: 0.9ms
[2025-08-19T19:55:46.533+0000][1692007][info ][gc,phases   ] GC(118)   Other: 0.1ms
[2025-08-19T19:55:46.533+0000][1692007][trace][gc,age      ] GC(118) Age table with threshold 15 (max threshold 15)
[2025-08-19T19:55:46.533+0000][1692007][trace][gc,age      ] GC(118) - age   1:      11392 bytes,      11392 total
[2025-08-19T19:55:46.533+0000][1692007][trace][gc,age      ] GC(118) - age   2:       1920 bytes,      13312 total
[2025-08-19T19:55:46.533+0000][1692007][trace][gc,age      ] GC(118) - age   4:        736 bytes,      14048 total
[2025-08-19T19:55:46.533+0000][1692007][trace][gc,age      ] GC(118) - age   6:        392 bytes,      14440 total
[2025-08-19T19:55:46.533+0000][1692007][trace][gc,age      ] GC(118) - age   7:         72 bytes,      14512 total
[2025-08-19T19:55:46.533+0000][1692007][trace][gc,age      ] GC(118) - age  10:       2096 bytes,      16608 total
[2025-08-19T19:55:46.533+0000][1692007][trace][gc,age      ] GC(118) - age  11:        448 bytes,      17056 total
[2025-08-19T19:55:46.533+0000][1692007][trace][gc,age      ] GC(118) - age  12:        168 bytes,      17224 total
[2025-08-19T19:55:46.533+0000][1692007][trace][gc,age      ] GC(118) - age  15:        168 bytes,      17392 total
[2025-08-19T19:55:46.533+0000][1692007][info ][gc,heap     ] GC(118) Eden regions: 75->0(75)
[2025-08-19T19:55:46.533+0000][1692007][info ][gc,heap     ] GC(118) Survivor regions: 1->1(10)
[2025-08-19T19:55:46.533+0000][1692007][info ][gc,heap     ] GC(118) Old regions: 23->23
[2025-08-19T19:55:46.533+0000][1692007][info ][gc,heap     ] GC(118) Humongous regions: 0->0
[2025-08-19T19:55:46.533+0000][1692007][info ][gc,metaspace] GC(118) Metaspace: 141870K(147904K)->141870K(147904K) NonClass: 123056K(126656K)->123056K(126656K) Class: 18814K(21248K)->18814K(21248K)
[2025-08-19T19:55:46.533+0000][1692007][info ][gc          ] GC(118) Pause Young (Concurrent Start) (G1 Evacuation Pause) 391M->91M(512M) 2.488ms
[2025-08-19T19:55:46.533+0000][1692007][info ][gc,cpu      ] GC(118) User=0.00s Sys=0.00s Real=0.00s
[2025-08-19T19:55:46.533+0000][1692007][info ][safepoint   ] Safepoint "G1CollectForAllocation", Time since last: 700616637962 ns, Reaching safepoint: 5087 ns, Cleanup: 2734 ns, At safepoint: 2524924 ns, Total: 2532745 ns
[2025-08-19T19:55:46.539+0000][1692007][info ][gc          ] GC(119) Concurrent Mark Cycle
[2025-08-19T19:55:46.539+0000][1692007][info ][gc,marking  ] GC(119) Concurrent Scan Root Regions
[2025-08-19T19:55:46.540+0000][1692007][info ][gc,marking  ] GC(119) Concurrent Scan Root Regions 0.409ms
[2025-08-19T19:55:46.540+0000][1692007][info ][gc,marking  ] GC(119) Concurrent Mark
[2025-08-19T19:55:46.540+0000][1692007][info ][gc,marking  ] GC(119) Concurrent Mark From Roots
[2025-08-19T19:55:46.540+0000][1692007][info ][gc,task     ] GC(119) Using 1 workers of 1 for marking
[2025-08-19T19:55:46.655+0000][1692007][info ][gc,marking  ] GC(119) Concurrent Mark From Roots 115.557ms
[2025-08-19T19:55:46.655+0000][1692007][info ][gc,marking  ] GC(119) Concurrent Preclean
[2025-08-19T19:55:46.656+0000][1692007][info ][gc,marking  ] GC(119) Concurrent Preclean 0.385ms
[2025-08-19T19:55:46.656+0000][1692007][info ][gc,start    ] GC(119) Pause Remark
[2025-08-19T19:55:46.660+0000][1692007][info ][gc          ] GC(119) Pause Remark 91M->91M(512M) 4.308ms
[2025-08-19T19:55:46.660+0000][1692007][info ][gc,cpu      ] GC(119) User=0.00s Sys=0.00s Real=0.00s
[2025-08-19T19:55:46.660+0000][1692007][info ][safepoint   ] Safepoint "G1PauseRemark", Time since last: 123013119 ns, Reaching safepoint: 4807 ns, Cleanup: 2784 ns, At safepoint: 4346314 ns, Total: 4353905 ns
[2025-08-19T19:55:46.660+0000][1692007][info ][gc,marking  ] GC(119) Concurrent Mark 120.375ms
[2025-08-19T19:55:46.660+0000][1692007][info ][gc,marking  ] GC(119) Concurrent Rebuild Remembered Sets and Scrub Regions
[2025-08-19T19:55:46.714+0000][1692007][info ][gc,marking  ] GC(119) Concurrent Rebuild Remembered Sets and Scrub Regions 53.682ms
[2025-08-19T19:55:46.714+0000][1692007][info ][gc,start    ] GC(119) Pause Cleanup
[2025-08-19T19:55:46.714+0000][1692007][info ][gc          ] GC(119) Pause Cleanup 91M->91M(512M) 0.035ms
[2025-08-19T19:55:46.714+0000][1692007][info ][gc,cpu      ] GC(119) User=0.00s Sys=0.00s Real=0.00s
[2025-08-19T19:55:46.714+0000][1692007][info ][safepoint   ] Safepoint "G1PauseCleanup", Time since last: 53733791 ns, Reaching safepoint: 3716 ns, Cleanup: 1442 ns, At safepoint: 58959 ns, Total: 64117 ns
[2025-08-19T19:55:46.714+0000][1692007][info ][gc,marking  ] GC(119) Concurrent Clear Claimed Marks
[2025-08-19T19:55:46.714+0000][1692007][info ][gc,marking  ] GC(119) Concurrent Clear Claimed Marks 0.159ms
[2025-08-19T19:55:46.714+0000][1692007][info ][gc,marking  ] GC(119) Concurrent Cleanup for Next Mark
[2025-08-19T19:55:46.714+0000][1692007][info ][gc,marking  ] GC(119) Concurrent Cleanup for Next Mark 0.267ms
[2025-08-19T19:55:46.714+0000][1692007][info ][gc          ] GC(119) Concurrent Mark Cycle 175.037ms
[2025-08-19T20:07:24.755+0000][1692007][info ][safepoint   ] Safepoint "Cleanup", Time since last: 698040595882 ns, Reaching safepoint: 288015 ns, Cleanup: 10807 ns, At safepoint: 5047 ns, Total: 303869 ns
[2025-08-19T20:07:31.779+0000][1692007][info ][gc,start    ] GC(120) Pause Young (Normal) (G1 Evacuation Pause)
[2025-08-19T20:07:31.779+0000][1692007][info ][gc,task     ] GC(120) Using 1 workers of 1 for evacuation
[2025-08-19T20:07:31.779+0000][1692007][debug][gc,age      ] GC(120) Desired survivor size 20971520 bytes, new threshold 15 (max threshold 15)
[2025-08-19T20:07:31.782+0000][1692007][info ][gc,phases   ] GC(120)   Pre Evacuate Collection Set: 0.0ms
[2025-08-19T20:07:31.782+0000][1692007][info ][gc,phases   ] GC(120)   Merge Heap Roots: 0.0ms
[2025-08-19T20:07:31.782+0000][1692007][info ][gc,phases   ] GC(120)   Evacuate Collection Set: 1.7ms
[2025-08-19T20:07:31.782+0000][1692007][info ][gc,phases   ] GC(120)   Post Evacuate Collection Set: 0.8ms
[2025-08-19T20:07:31.782+0000][1692007][info ][gc,phases   ] GC(120)   Other: 0.0ms
[2025-08-19T20:07:31.782+0000][1692007][trace][gc,age      ] GC(120) Age table with threshold 15 (max threshold 15)
[2025-08-19T20:07:31.782+0000][1692007][trace][gc,age      ] GC(120) - age   1:       9616 bytes,       9616 total
[2025-08-19T20:07:31.782+0000][1692007][trace][gc,age      ] GC(120) - age   2:        368 bytes,       9984 total
[2025-08-19T20:07:31.782+0000][1692007][trace][gc,age      ] GC(120) - age   3:       1920 bytes,      11904 total
[2025-08-19T20:07:31.782+0000][1692007][trace][gc,age      ] GC(120) - age   5:        736 bytes,      12640 total
[2025-08-19T20:07:31.782+0000][1692007][trace][gc,age      ] GC(120) - age   7:        392 bytes,      13032 total
[2025-08-19T20:07:31.782+0000][1692007][trace][gc,age      ] GC(120) - age   8:         72 bytes,      13104 total
[2025-08-19T20:07:31.782+0000][1692007][trace][gc,age      ] GC(120) - age  11:       2096 bytes,      15200 total
[2025-08-19T20:07:31.782+0000][1692007][trace][gc,age      ] GC(120) - age  12:        448 bytes,      15648 total
[2025-08-19T20:07:31.782+0000][1692007][trace][gc,age      ] GC(120) - age  13:        168 bytes,      15816 total
[2025-08-19T20:07:31.782+0000][1692007][info ][gc,heap     ] GC(120) Eden regions: 75->0(75)
[2025-08-19T20:07:31.782+0000][1692007][info ][gc,heap     ] GC(120) Survivor regions: 1->1(10)
[2025-08-19T20:07:31.782+0000][1692007][info ][gc,heap     ] GC(120) Old regions: 23->23
[2025-08-19T20:07:31.782+0000][1692007][info ][gc,heap     ] GC(120) Humongous regions: 0->0
[2025-08-19T20:07:31.782+0000][1692007][info ][gc,metaspace] GC(120) Metaspace: 141870K(147904K)->141870K(147904K) NonClass: 123056K(126656K)->123056K(126656K) Class: 18814K(21248K)->18814K(21248K)
[2025-08-19T20:07:31.782+0000][1692007][info ][gc          ] GC(120) Pause Young (Normal) (G1 Evacuation Pause) 391M->91M(512M) 2.698ms
[2025-08-19T20:07:31.782+0000][1692007][info ][gc,cpu      ] GC(120) User=0.01s Sys=0.00s Real=0.00s
[2025-08-19T20:07:31.782+0000][1692007][info ][safepoint   ] Safepoint "G1CollectForAllocation", Time since last: 7024175454 ns, Reaching safepoint: 7972 ns, Cleanup: 3215 ns, At safepoint: 2732206 ns, Total: 2743393 ns
[2025-08-19T20:15:54.812+0000][1692007][info ][safepoint   ] Safepoint "Cleanup", Time since last: 503030104033 ns, Reaching safepoint: 73762 ns, Cleanup: 11327 ns, At safepoint: 2213 ns, Total: 87302 ns
[2025-08-19T20:19:13.222+0000][1692007][info ][gc,start    ] GC(121) Pause Young (Concurrent Start) (G1 Evacuation Pause)
[2025-08-19T20:19:13.223+0000][1692007][info ][gc,task     ] GC(121) Using 1 workers of 1 for evacuation
[2025-08-19T20:19:13.223+0000][1692007][debug][gc,age      ] GC(121) Desired survivor size 20971520 bytes, new threshold 15 (max threshold 15)
[2025-08-19T20:19:13.225+0000][1692007][info ][gc,phases   ] GC(121)   Pre Evacuate Collection Set: 0.1ms
[2025-08-19T20:19:13.225+0000][1692007][info ][gc,phases   ] GC(121)   Merge Heap Roots: 0.0ms
[2025-08-19T20:19:13.225+0000][1692007][info ][gc,phases   ] GC(121)   Evacuate Collection Set: 1.2ms
[2025-08-19T20:19:13.225+0000][1692007][info ][gc,phases   ] GC(121)   Post Evacuate Collection Set: 0.8ms
[2025-08-19T20:19:13.225+0000][1692007][info ][gc,phases   ] GC(121)   Other: 0.0ms
[2025-08-19T20:19:13.225+0000][1692007][trace][gc,age      ] GC(121) Age table with threshold 15 (max threshold 15)
[2025-08-19T20:19:13.225+0000][1692007][trace][gc,age      ] GC(121) - age   1:       9336 bytes,       9336 total
[2025-08-19T20:19:13.225+0000][1692007][trace][gc,age      ] GC(121) - age   2:        472 bytes,       9808 total
[2025-08-19T20:19:13.225+0000][1692007][trace][gc,age      ] GC(121) - age   3:        368 bytes,      10176 total
[2025-08-19T20:19:13.225+0000][1692007][trace][gc,age      ] GC(121) - age   4:       1920 bytes,      12096 total
[2025-08-19T20:19:13.225+0000][1692007][trace][gc,age      ] GC(121) - age   6:        736 bytes,      12832 total
[2025-08-19T20:19:13.225+0000][1692007][trace][gc,age      ] GC(121) - age   8:        392 bytes,      13224 total
[2025-08-19T20:19:13.225+0000][1692007][trace][gc,age      ] GC(121) - age   9:         72 bytes,      13296 total
[2025-08-19T20:19:13.225+0000][1692007][trace][gc,age      ] GC(121) - age  12:       2096 bytes,      15392 total
[2025-08-19T20:19:13.225+0000][1692007][trace][gc,age      ] GC(121) - age  13:        448 bytes,      15840 total
[2025-08-19T20:19:13.225+0000][1692007][trace][gc,age      ] GC(121) - age  14:        168 bytes,      16008 total
[2025-08-19T20:19:13.225+0000][1692007][info ][gc,heap     ] GC(121) Eden regions: 75->0(75)
[2025-08-19T20:19:13.225+0000][1692007][info ][gc,heap     ] GC(121) Survivor regions: 1->1(10)
[2025-08-19T20:19:13.225+0000][1692007][info ][gc,heap     ] GC(121) Old regions: 23->23
[2025-08-19T20:19:13.225+0000][1692007][info ][gc,heap     ] GC(121) Humongous regions: 0->0
[2025-08-19T20:19:13.225+0000][1692007][info ][gc,metaspace] GC(121) Metaspace: 141870K(147904K)->141870K(147904K) NonClass: 123056K(126656K)->123056K(126656K) Class: 18814K(21248K)->18814K(21248K)
[2025-08-19T20:19:13.225+0000][1692007][info ][gc          ] GC(121) Pause Young (Concurrent Start) (G1 Evacuation Pause) 391M->91M(512M) 2.713ms
[2025-08-19T20:19:13.225+0000][1692007][info ][gc,cpu      ] GC(121) User=0.00s Sys=0.00s Real=0.00s
[2025-08-19T20:19:13.225+0000][1692007][info ][safepoint   ] Safepoint "G1CollectForAllocation", Time since last: 198410176637 ns, Reaching safepoint: 10216 ns, Cleanup: 2003 ns, At safepoint: 2751185 ns, Total: 2763404 ns
[2025-08-19T20:19:13.225+0000][1692007][info ][gc          ] GC(122) Concurrent Mark Cycle
[2025-08-19T20:19:13.225+0000][1692007][info ][gc,marking  ] GC(122) Concurrent Scan Root Regions
[2025-08-19T20:19:13.225+0000][1692007][info ][gc,marking  ] GC(122) Concurrent Scan Root Regions 0.402ms
[2025-08-19T20:19:13.225+0000][1692007][info ][gc,marking  ] GC(122) Concurrent Mark
[2025-08-19T20:19:13.225+0000][1692007][info ][gc,marking  ] GC(122) Concurrent Mark From Roots
[2025-08-19T20:19:13.225+0000][1692007][info ][gc,task     ] GC(122) Using 1 workers of 1 for marking
[2025-08-19T20:19:13.345+0000][1692007][info ][gc,marking  ] GC(122) Concurrent Mark From Roots 119.612ms
[2025-08-19T20:19:13.345+0000][1692007][info ][gc,marking  ] GC(122) Concurrent Preclean
[2025-08-19T20:19:13.345+0000][1692007][info ][gc,marking  ] GC(122) Concurrent Preclean 0.376ms
[2025-08-19T20:19:13.345+0000][1692007][info ][gc,start    ] GC(122) Pause Remark
[2025-08-19T20:19:13.350+0000][1692007][info ][gc          ] GC(122) Pause Remark 91M->91M(512M) 4.321ms
[2025-08-19T20:19:13.350+0000][1692007][info ][gc,cpu      ] GC(122) User=0.01s Sys=0.00s Real=0.00s
[2025-08-19T20:19:13.350+0000][1692007][info ][safepoint   ] Safepoint "G1PauseRemark", Time since last: 120493615 ns, Reaching safepoint: 4907 ns, Cleanup: 3525 ns, At safepoint: 4357671 ns, Total: 4366103 ns
[2025-08-19T20:19:13.350+0000][1692007][info ][gc,marking  ] GC(122) Concurrent Mark 124.436ms
[2025-08-19T20:19:13.350+0000][1692007][info ][gc,marking  ] GC(122) Concurrent Rebuild Remembered Sets and Scrub Regions
[2025-08-19T20:19:13.411+0000][1692007][info ][gc,marking  ] GC(122) Concurrent Rebuild Remembered Sets and Scrub Regions 61.025ms
[2025-08-19T20:19:13.411+0000][1692007][info ][gc,start    ] GC(122) Pause Cleanup
[2025-08-19T20:19:13.411+0000][1692007][info ][gc          ] GC(122) Pause Cleanup 91M->91M(512M) 0.039ms
[2025-08-19T20:19:13.411+0000][1692007][info ][gc,cpu      ] GC(122) User=0.00s Sys=0.00s Real=0.00s
[2025-08-19T20:19:13.411+0000][1692007][info ][safepoint   ] Safepoint "G1PauseCleanup", Time since last: 61081553 ns, Reaching safepoint: 3746 ns, Cleanup: 2183 ns, At safepoint: 62244 ns, Total: 68173 ns
[2025-08-19T20:19:13.411+0000][1692007][info ][gc,marking  ] GC(122) Concurrent Clear Claimed Marks
[2025-08-19T20:19:13.411+0000][1692007][info ][gc,marking  ] GC(122) Concurrent Clear Claimed Marks 0.177ms
[2025-08-19T20:19:13.411+0000][1692007][info ][gc,marking  ] GC(122) Concurrent Cleanup for Next Mark
[2025-08-19T20:19:13.411+0000][1692007][info ][gc,marking  ] GC(122) Concurrent Cleanup for Next Mark 0.267ms
[2025-08-19T20:19:13.411+0000][1692007][info ][gc          ] GC(122) Concurrent Mark Cycle 186.460ms
[2025-08-19T20:23:02.425+0000][1692007][info ][safepoint   ] Safepoint "Cleanup", Time since last: 229013763129 ns, Reaching safepoint: 41443 ns, Cleanup: 9524 ns, At safepoint: 4286 ns, Total: 55253 ns
[2025-08-19T20:23:24.426+0000][1692007][info ][safepoint   ] Safepoint "Cleanup", Time since last: 22001650378 ns, Reaching safepoint: 42855 ns, Cleanup: 10776 ns, At safepoint: 2003 ns, Total: 55634 ns
[2025-08-19T20:23:54.428+0000][1692007][info ][safepoint   ] Safepoint "Cleanup", Time since last: 30001746028 ns, Reaching safepoint: 229186 ns, Cleanup: 10426 ns, At safepoint: 6690 ns, Total: 246302 ns
[2025-08-19T20:30:57.903+0000][1692007][info ][gc,start    ] GC(123) Pause Young (Normal) (G1 Evacuation Pause)
[2025-08-19T20:30:57.903+0000][1692007][info ][gc,task     ] GC(123) Using 1 workers of 1 for evacuation
[2025-08-19T20:30:57.903+0000][1692007][debug][gc,age      ] GC(123) Desired survivor size 20971520 bytes, new threshold 15 (max threshold 15)
[2025-08-19T20:30:57.906+0000][1692007][info ][gc,phases   ] GC(123)   Pre Evacuate Collection Set: 0.0ms
[2025-08-19T20:30:57.906+0000][1692007][info ][gc,phases   ] GC(123)   Merge Heap Roots: 0.1ms
[2025-08-19T20:30:57.906+0000][1692007][info ][gc,phases   ] GC(123)   Evacuate Collection Set: 1.7ms
[2025-08-19T20:30:57.906+0000][1692007][info ][gc,phases   ] GC(123)   Post Evacuate Collection Set: 0.8ms
[2025-08-19T20:30:57.906+0000][1692007][info ][gc,phases   ] GC(123)   Other: 0.0ms
[2025-08-19T20:30:57.906+0000][1692007][trace][gc,age      ] GC(123) Age table with threshold 15 (max threshold 15)
[2025-08-19T20:30:57.906+0000][1692007][trace][gc,age      ] GC(123) - age   1:      11976 bytes,      11976 total
[2025-08-19T20:30:57.906+0000][1692007][trace][gc,age      ] GC(123) - age   2:         64 bytes,      12040 total
[2025-08-19T20:30:57.906+0000][1692007][trace][gc,age      ] GC(123) - age   3:        120 bytes,      12160 total
[2025-08-19T20:30:57.906+0000][1692007][trace][gc,age      ] GC(123) - age   4:        368 bytes,      12528 total
[2025-08-19T20:30:57.906+0000][1692007][trace][gc,age      ] GC(123) - age   5:       1920 bytes,      14448 total
[2025-08-19T20:30:57.906+0000][1692007][trace][gc,age      ] GC(123) - age   7:        736 bytes,      15184 total
[2025-08-19T20:30:57.906+0000][1692007][trace][gc,age      ] GC(123) - age   9:        392 bytes,      15576 total
[2025-08-19T20:30:57.906+0000][1692007][trace][gc,age      ] GC(123) - age  10:         72 bytes,      15648 total
[2025-08-19T20:30:57.906+0000][1692007][trace][gc,age      ] GC(123) - age  13:       2096 bytes,      17744 total
[2025-08-19T20:30:57.906+0000][1692007][trace][gc,age      ] GC(123) - age  14:        448 bytes,      18192 total
[2025-08-19T20:30:57.906+0000][1692007][trace][gc,age      ] GC(123) - age  15:        168 bytes,      18360 total
[2025-08-19T20:30:57.906+0000][1692007][info ][gc,heap     ] GC(123) Eden regions: 75->0(75)
[2025-08-19T20:30:57.906+0000][1692007][info ][gc,heap     ] GC(123) Survivor regions: 1->1(10)
[2025-08-19T20:30:57.906+0000][1692007][info ][gc,heap     ] GC(123) Old regions: 23->23
[2025-08-19T20:30:57.906+0000][1692007][info ][gc,heap     ] GC(123) Humongous regions: 0->0
[2025-08-19T20:30:57.906+0000][1692007][info ][gc,metaspace] GC(123) Metaspace: 141877K(147904K)->141877K(147904K) NonClass: 123063K(126656K)->123063K(126656K) Class: 18814K(21248K)->18814K(21248K)
[2025-08-19T20:30:57.906+0000][1692007][info ][gc          ] GC(123) Pause Young (Normal) (G1 Evacuation Pause) 391M->91M(512M) 2.822ms
[2025-08-19T20:30:57.906+0000][1692007][info ][gc,cpu      ] GC(123) User=0.00s Sys=0.00s Real=0.01s
[2025-08-19T20:30:57.906+0000][1692007][info ][safepoint   ] Safepoint "G1CollectForAllocation", Time since last: 423474417343 ns, Reaching safepoint: 8002 ns, Cleanup: 2834 ns, At safepoint: 2856334 ns, Total: 2867170 ns
[2025-08-19T20:34:41.919+0000][1692007][info ][safepoint   ] Safepoint "Cleanup", Time since last: 224013371117 ns, Reaching safepoint: 43265 ns, Cleanup: 10756 ns, At safepoint: 221445 ns, Total: 275466 ns
[2025-08-19T20:35:26.923+0000][1692007][info ][safepoint   ] Safepoint "Cleanup", Time since last: 45003251984 ns, Reaching safepoint: 40060 ns, Cleanup: 10637 ns, At safepoint: 4396 ns, Total: 55093 ns
[2025-08-19T20:42:39.360+0000][1692007][info ][gc,start    ] GC(124) Pause Young (Concurrent Start) (G1 Evacuation Pause)
[2025-08-19T20:42:39.360+0000][1692007][info ][gc,task     ] GC(124) Using 1 workers of 1 for evacuation
[2025-08-19T20:42:39.360+0000][1692007][debug][gc,age      ] GC(124) Desired survivor size 20971520 bytes, new threshold 15 (max threshold 15)
[2025-08-19T20:42:39.362+0000][1692007][info ][gc,phases   ] GC(124)   Pre Evacuate Collection Set: 0.1ms
[2025-08-19T20:42:39.362+0000][1692007][info ][gc,phases   ] GC(124)   Merge Heap Roots: 0.0ms
[2025-08-19T20:42:39.362+0000][1692007][info ][gc,phases   ] GC(124)   Evacuate Collection Set: 1.3ms
[2025-08-19T20:42:39.362+0000][1692007][info ][gc,phases   ] GC(124)   Post Evacuate Collection Set: 0.7ms
[2025-08-19T20:42:39.362+0000][1692007][info ][gc,phases   ] GC(124)   Other: 0.0ms
[2025-08-19T20:42:39.362+0000][1692007][trace][gc,age      ] GC(124) Age table with threshold 15 (max threshold 15)
[2025-08-19T20:42:39.362+0000][1692007][trace][gc,age      ] GC(124) - age   1:       9440 bytes,       9440 total
[2025-08-19T20:42:39.362+0000][1692007][trace][gc,age      ] GC(124) - age   2:        928 bytes,      10368 total
[2025-08-19T20:42:39.362+0000][1692007][trace][gc,age      ] GC(124) - age   3:         64 bytes,      10432 total
[2025-08-19T20:42:39.362+0000][1692007][trace][gc,age      ] GC(124) - age   4:        120 bytes,      10552 total
[2025-08-19T20:42:39.362+0000][1692007][trace][gc,age      ] GC(124) - age   5:        368 bytes,      10920 total
[2025-08-19T20:42:39.362+0000][1692007][trace][gc,age      ] GC(124) - age   6:       1920 bytes,      12840 total
[2025-08-19T20:42:39.362+0000][1692007][trace][gc,age      ] GC(124) - age   8:        736 bytes,      13576 total
[2025-08-19T20:42:39.362+0000][1692007][trace][gc,age      ] GC(124) - age  10:        392 bytes,      13968 total
[2025-08-19T20:42:39.362+0000][1692007][trace][gc,age      ] GC(124) - age  11:         72 bytes,      14040 total
[2025-08-19T20:42:39.362+0000][1692007][trace][gc,age      ] GC(124) - age  14:       2096 bytes,      16136 total
[2025-08-19T20:42:39.362+0000][1692007][trace][gc,age      ] GC(124) - age  15:        448 bytes,      16584 total
[2025-08-19T20:42:39.362+0000][1692007][info ][gc,heap     ] GC(124) Eden regions: 75->0(75)
[2025-08-19T20:42:39.362+0000][1692007][info ][gc,heap     ] GC(124) Survivor regions: 1->1(10)
[2025-08-19T20:42:39.362+0000][1692007][info ][gc,heap     ] GC(124) Old regions: 23->23
[2025-08-19T20:42:39.362+0000][1692007][info ][gc,heap     ] GC(124) Humongous regions: 0->0
[2025-08-19T20:42:39.362+0000][1692007][info ][gc,metaspace] GC(124) Metaspace: 141877K(147904K)->141877K(147904K) NonClass: 123063K(126656K)->123063K(126656K) Class: 18814K(21248K)->18814K(21248K)
[2025-08-19T20:42:39.362+0000][1692007][info ][gc          ] GC(124) Pause Young (Concurrent Start) (G1 Evacuation Pause) 391M->91M(512M) 2.623ms
[2025-08-19T20:42:39.362+0000][1692007][info ][gc,cpu      ] GC(124) User=0.01s Sys=0.00s Real=0.00s
[2025-08-19T20:42:39.362+0000][1692007][info ][safepoint   ] Safepoint "G1CollectForAllocation", Time since last: 432437013762 ns, Reaching safepoint: 7251 ns, Cleanup: 3826 ns, At safepoint: 2659827 ns, Total: 2670904 ns
[2025-08-19T20:42:39.367+0000][1692007][info ][gc          ] GC(125) Concurrent Mark Cycle
[2025-08-19T20:42:39.367+0000][1692007][info ][gc,marking  ] GC(125) Concurrent Scan Root Regions
[2025-08-19T20:42:39.368+0000][1692007][info ][gc,marking  ] GC(125) Concurrent Scan Root Regions 0.484ms
[2025-08-19T20:42:39.368+0000][1692007][info ][gc,marking  ] GC(125) Concurrent Mark
[2025-08-19T20:42:39.368+0000][1692007][info ][gc,marking  ] GC(125) Concurrent Mark From Roots
[2025-08-19T20:42:39.368+0000][1692007][info ][gc,task     ] GC(125) Using 1 workers of 1 for marking
[2025-08-19T20:42:39.483+0000][1692007][info ][gc,marking  ] GC(125) Concurrent Mark From Roots 115.132ms
[2025-08-19T20:42:39.483+0000][1692007][info ][gc,marking  ] GC(125) Concurrent Preclean
[2025-08-19T20:42:39.483+0000][1692007][info ][gc,marking  ] GC(125) Concurrent Preclean 0.352ms
[2025-08-19T20:42:39.483+0000][1692007][info ][gc,start    ] GC(125) Pause Remark
[2025-08-19T20:42:39.488+0000][1692007][info ][gc          ] GC(125) Pause Remark 92M->92M(512M) 4.293ms
[2025-08-19T20:42:39.488+0000][1692007][info ][gc,cpu      ] GC(125) User=0.01s Sys=0.00s Real=0.01s
[2025-08-19T20:42:39.488+0000][1692007][info ][safepoint   ] Safepoint "G1PauseRemark", Time since last: 121057799 ns, Reaching safepoint: 4888 ns, Cleanup: 3175 ns, At safepoint: 4330570 ns, Total: 4338633 ns
[2025-08-19T20:42:39.488+0000][1692007][info ][gc,marking  ] GC(125) Concurrent Mark 119.909ms
[2025-08-19T20:42:39.488+0000][1692007][info ][gc,marking  ] GC(125) Concurrent Rebuild Remembered Sets and Scrub Regions
[2025-08-19T20:42:39.529+0000][1692007][info ][gc,marking  ] GC(125) Concurrent Rebuild Remembered Sets and Scrub Regions 41.713ms
[2025-08-19T20:42:39.530+0000][1692007][info ][gc,start    ] GC(125) Pause Cleanup
[2025-08-19T20:42:39.530+0000][1692007][info ][gc          ] GC(125) Pause Cleanup 92M->92M(512M) 0.035ms
[2025-08-19T20:42:39.530+0000][1692007][info ][gc,cpu      ] GC(125) User=0.00s Sys=0.00s Real=0.00s
[2025-08-19T20:42:39.530+0000][1692007][info ][safepoint   ] Safepoint "G1PauseCleanup", Time since last: 41775158 ns, Reaching safepoint: 3715 ns, Cleanup: 1593 ns, At safepoint: 56265 ns, Total: 61573 ns
[2025-08-19T20:42:39.530+0000][1692007][info ][gc,marking  ] GC(125) Concurrent Clear Claimed Marks
[2025-08-19T20:42:39.530+0000][1692007][info ][gc,marking  ] GC(125) Concurrent Clear Claimed Marks 0.144ms
[2025-08-19T20:42:39.530+0000][1692007][info ][gc,marking  ] GC(125) Concurrent Cleanup for Next Mark
[2025-08-19T20:42:39.542+0000][1692007][info ][gc,marking  ] GC(125) Concurrent Cleanup for Next Mark 12.399ms
[2025-08-19T20:42:39.542+0000][1692007][info ][gc          ] GC(125) Concurrent Mark Cycle 174.790ms
[2025-08-19T20:43:03.531+0000][1692007][info ][safepoint   ] Safepoint "Cleanup", Time since last: 24001438066 ns, Reaching safepoint: 344771 ns, Cleanup: 12589 ns, At safepoint: 6971 ns, Total: 364331 ns
[2025-08-19T20:44:14.536+0000][1692007][info ][safepoint   ] Safepoint "Cleanup", Time since last: 71004193424 ns, Reaching safepoint: 36905 ns, Cleanup: 11438 ns, At safepoint: 4246 ns, Total: 52589 ns
[2025-08-19T20:53:04.567+0000][1692007][info ][safepoint   ] Safepoint "Cleanup", Time since last: 530031503449 ns, Reaching safepoint: 73151 ns, Cleanup: 11107 ns, At safepoint: 4667 ns, Total: 88925 ns
[2025-08-19T20:54:23.892+0000][1692007][info ][gc,start    ] GC(126) Pause Young (Normal) (G1 Evacuation Pause)
[2025-08-19T20:54:23.893+0000][1692007][info ][gc,task     ] GC(126) Using 1 workers of 1 for evacuation
[2025-08-19T20:54:23.893+0000][1692007][debug][gc,age      ] GC(126) Desired survivor size 20971520 bytes, new threshold 15 (max threshold 15)
[2025-08-19T20:54:23.895+0000][1692007][info ][gc,phases   ] GC(126)   Pre Evacuate Collection Set: 0.0ms
[2025-08-19T20:54:23.895+0000][1692007][info ][gc,phases   ] GC(126)   Merge Heap Roots: 0.0ms
[2025-08-19T20:54:23.895+0000][1692007][info ][gc,phases   ] GC(126)   Evacuate Collection Set: 1.7ms
[2025-08-19T20:54:23.895+0000][1692007][info ][gc,phases   ] GC(126)   Post Evacuate Collection Set: 0.7ms
[2025-08-19T20:54:23.895+0000][1692007][info ][gc,phases   ] GC(126)   Other: 0.0ms
[2025-08-19T20:54:23.895+0000][1692007][trace][gc,age      ] GC(126) Age table with threshold 15 (max threshold 15)
[2025-08-19T20:54:23.895+0000][1692007][trace][gc,age      ] GC(126) - age   1:      11232 bytes,      11232 total
[2025-08-19T20:54:23.895+0000][1692007][trace][gc,age      ] GC(126) - age   3:        928 bytes,      12160 total
[2025-08-19T20:54:23.895+0000][1692007][trace][gc,age      ] GC(126) - age   4:         64 bytes,      12224 total
[2025-08-19T20:54:23.895+0000][1692007][trace][gc,age      ] GC(126) - age   5:        120 bytes,      12344 total
[2025-08-19T20:54:23.895+0000][1692007][trace][gc,age      ] GC(126) - age   6:        192 bytes,      12536 total
[2025-08-19T20:54:23.895+0000][1692007][trace][gc,age      ] GC(126) - age   7:       1920 bytes,      14456 total
[2025-08-19T20:54:23.895+0000][1692007][trace][gc,age      ] GC(126) - age   9:        736 bytes,      15192 total
[2025-08-19T20:54:23.895+0000][1692007][trace][gc,age      ] GC(126) - age  11:        392 bytes,      15584 total
[2025-08-19T20:54:23.895+0000][1692007][trace][gc,age      ] GC(126) - age  12:         72 bytes,      15656 total
[2025-08-19T20:54:23.895+0000][1692007][trace][gc,age      ] GC(126) - age  15:       2096 bytes,      17752 total
[2025-08-19T20:54:23.895+0000][1692007][info ][gc,heap     ] GC(126) Eden regions: 75->0(75)
[2025-08-19T20:54:23.895+0000][1692007][info ][gc,heap     ] GC(126) Survivor regions: 1->1(10)
[2025-08-19T20:54:23.895+0000][1692007][info ][gc,heap     ] GC(126) Old regions: 23->23
[2025-08-19T20:54:23.895+0000][1692007][info ][gc,heap     ] GC(126) Humongous regions: 0->0
[2025-08-19T20:54:23.895+0000][1692007][info ][gc,metaspace] GC(126) Metaspace: 141877K(147904K)->141877K(147904K) NonClass: 123063K(126656K)->123063K(126656K) Class: 18814K(21248K)->18814K(21248K)
[2025-08-19T20:54:23.895+0000][1692007][info ][gc          ] GC(126) Pause Young (Normal) (G1 Evacuation Pause) 391M->91M(512M) 2.778ms
[2025-08-19T20:54:23.895+0000][1692007][info ][gc,cpu      ] GC(126) User=0.01s Sys=0.00s Real=0.00s
[2025-08-19T20:54:23.895+0000][1692007][info ][safepoint   ] Safepoint "G1CollectForAllocation", Time since last: 79324878915 ns, Reaching safepoint: 255005 ns, Cleanup: 2474 ns, At safepoint: 2814721 ns, Total: 3072200 ns
[2025-08-19T21:02:33.927+0000][1692007][info ][safepoint   ] Safepoint "Cleanup", Time since last: 490031917265 ns, Reaching safepoint: 41092 ns, Cleanup: 11117 ns, At safepoint: 4487 ns, Total: 56696 ns
[2025-08-19T21:06:06.339+0000][1692007][info ][gc,start    ] GC(127) Pause Young (Concurrent Start) (G1 Evacuation Pause)
[2025-08-19T21:06:06.340+0000][1692007][info ][gc,task     ] GC(127) Using 1 workers of 1 for evacuation
[2025-08-19T21:06:06.340+0000][1692007][debug][gc,age      ] GC(127) Desired survivor size 20971520 bytes, new threshold 15 (max threshold 15)
[2025-08-19T21:06:06.342+0000][1692007][info ][gc,phases   ] GC(127)   Pre Evacuate Collection Set: 0.1ms
[2025-08-19T21:06:06.342+0000][1692007][info ][gc,phases   ] GC(127)   Merge Heap Roots: 0.0ms
[2025-08-19T21:06:06.342+0000][1692007][info ][gc,phases   ] GC(127)   Evacuate Collection Set: 1.7ms
[2025-08-19T21:06:06.342+0000][1692007][info ][gc,phases   ] GC(127)   Post Evacuate Collection Set: 0.8ms
[2025-08-19T21:06:06.342+0000][1692007][info ][gc,phases   ] GC(127)   Other: 0.3ms
[2025-08-19T21:06:06.342+0000][1692007][trace][gc,age      ] GC(127) Age table with threshold 15 (max threshold 15)
[2025-08-19T21:06:06.342+0000][1692007][trace][gc,age      ] GC(127) - age   1:      10240 bytes,      10240 total
[2025-08-19T21:06:06.342+0000][1692007][trace][gc,age      ] GC(127) - age   2:        176 bytes,      10416 total
[2025-08-19T21:06:06.342+0000][1692007][trace][gc,age      ] GC(127) - age   4:        928 bytes,      11344 total
[2025-08-19T21:06:06.342+0000][1692007][trace][gc,age      ] GC(127) - age   5:         64 bytes,      11408 total
[2025-08-19T21:06:06.342+0000][1692007][trace][gc,age      ] GC(127) - age   6:        120 bytes,      11528 total
[2025-08-19T21:06:06.342+0000][1692007][trace][gc,age      ] GC(127) - age   7:        192 bytes,      11720 total
[2025-08-19T21:06:06.342+0000][1692007][trace][gc,age      ] GC(127) - age   8:       1920 bytes,      13640 total
[2025-08-19T21:06:06.342+0000][1692007][trace][gc,age      ] GC(127) - age  10:        736 bytes,      14376 total
[2025-08-19T21:06:06.342+0000][1692007][trace][gc,age      ] GC(127) - age  12:        392 bytes,      14768 total
[2025-08-19T21:06:06.342+0000][1692007][trace][gc,age      ] GC(127) - age  13:         72 bytes,      14840 total
[2025-08-19T21:06:06.342+0000][1692007][info ][gc,heap     ] GC(127) Eden regions: 75->0(75)
[2025-08-19T21:06:06.342+0000][1692007][info ][gc,heap     ] GC(127) Survivor regions: 1->1(10)
[2025-08-19T21:06:06.342+0000][1692007][info ][gc,heap     ] GC(127) Old regions: 23->23
[2025-08-19T21:06:06.342+0000][1692007][info ][gc,heap     ] GC(127) Humongous regions: 0->0
[2025-08-19T21:06:06.342+0000][1692007][info ][gc,metaspace] GC(127) Metaspace: 141880K(147904K)->141880K(147904K) NonClass: 123066K(126656K)->123066K(126656K) Class: 18814K(21248K)->18814K(21248K)
[2025-08-19T21:06:06.342+0000][1692007][info ][gc          ] GC(127) Pause Young (Concurrent Start) (G1 Evacuation Pause) 391M->91M(512M) 3.252ms
[2025-08-19T21:06:06.342+0000][1692007][info ][gc,cpu      ] GC(127) User=0.00s Sys=0.00s Real=0.00s
[2025-08-19T21:06:06.343+0000][1692007][info ][safepoint   ] Safepoint "G1CollectForAllocation", Time since last: 212412063338 ns, Reaching safepoint: 8693 ns, Cleanup: 3415 ns, At safepoint: 3293634 ns, Total: 3305742 ns
[2025-08-19T21:06:06.347+0000][1692007][info ][gc          ] GC(128) Concurrent Mark Cycle
[2025-08-19T21:06:06.347+0000][1692007][info ][gc,marking  ] GC(128) Concurrent Scan Root Regions
[2025-08-19T21:06:06.348+0000][1692007][info ][gc,marking  ] GC(128) Concurrent Scan Root Regions 0.982ms
[2025-08-19T21:06:06.348+0000][1692007][info ][gc,marking  ] GC(128) Concurrent Mark
[2025-08-19T21:06:06.348+0000][1692007][info ][gc,marking  ] GC(128) Concurrent Mark From Roots
[2025-08-19T21:06:06.348+0000][1692007][info ][gc,task     ] GC(128) Using 1 workers of 1 for marking
[2025-08-19T21:06:06.463+0000][1692007][info ][gc,marking  ] GC(128) Concurrent Mark From Roots 115.038ms
[2025-08-19T21:06:06.463+0000][1692007][info ][gc,marking  ] GC(128) Concurrent Preclean
[2025-08-19T21:06:06.464+0000][1692007][info ][gc,marking  ] GC(128) Concurrent Preclean 0.385ms
[2025-08-19T21:06:06.464+0000][1692007][info ][gc,start    ] GC(128) Pause Remark
[2025-08-19T21:06:06.469+0000][1692007][info ][gc          ] GC(128) Pause Remark 94M->94M(512M) 4.405ms
[2025-08-19T21:06:06.469+0000][1692007][info ][gc,cpu      ] GC(128) User=0.00s Sys=0.00s Real=0.01s
[2025-08-19T21:06:06.469+0000][1692007][info ][safepoint   ] Safepoint "G1PauseRemark", Time since last: 121654666 ns, Reaching safepoint: 5117 ns, Cleanup: 2755 ns, At safepoint: 4441346 ns, Total: 4449218 ns
[2025-08-19T21:06:06.469+0000][1692007][info ][gc,marking  ] GC(128) Concurrent Mark 120.262ms
[2025-08-19T21:06:06.469+0000][1692007][info ][gc,marking  ] GC(128) Concurrent Rebuild Remembered Sets and Scrub Regions
[2025-08-19T21:06:06.520+0000][1692007][info ][gc,marking  ] GC(128) Concurrent Rebuild Remembered Sets and Scrub Regions 51.246ms
[2025-08-19T21:06:06.520+0000][1692007][info ][gc,start    ] GC(128) Pause Cleanup
[2025-08-19T21:06:06.520+0000][1692007][info ][gc          ] GC(128) Pause Cleanup 94M->94M(512M) 0.036ms
[2025-08-19T21:06:06.520+0000][1692007][info ][gc,cpu      ] GC(128) User=0.00s Sys=0.00s Real=0.00s
[2025-08-19T21:06:06.520+0000][1692007][info ][safepoint   ] Safepoint "G1PauseCleanup", Time since last: 51294779 ns, Reaching safepoint: 3955 ns, Cleanup: 1753 ns, At safepoint: 57297 ns, Total: 63005 ns
[2025-08-19T21:06:06.520+0000][1692007][info ][gc,marking  ] GC(128) Concurrent Clear Claimed Marks
[2025-08-19T21:06:06.520+0000][1692007][info ][gc,marking  ] GC(128) Concurrent Clear Claimed Marks 0.148ms
[2025-08-19T21:06:06.520+0000][1692007][info ][gc,marking  ] GC(128) Concurrent Cleanup for Next Mark
[2025-08-19T21:06:06.520+0000][1692007][info ][gc,marking  ] GC(128) Concurrent Cleanup for Next Mark 0.266ms
[2025-08-19T21:06:06.520+0000][1692007][info ][gc          ] GC(128) Concurrent Mark Cycle 173.053ms
[2025-08-19T21:17:50.030+0000][1692007][info ][gc,start    ] GC(129) Pause Young (Normal) (G1 Evacuation Pause)
[2025-08-19T21:17:50.031+0000][1692007][info ][gc,task     ] GC(129) Using 1 workers of 1 for evacuation
[2025-08-19T21:17:50.031+0000][1692007][debug][gc,age      ] GC(129) Desired survivor size 20971520 bytes, new threshold 15 (max threshold 15)
[2025-08-19T21:17:50.033+0000][1692007][info ][gc,phases   ] GC(129)   Pre Evacuate Collection Set: 0.0ms
[2025-08-19T21:17:50.033+0000][1692007][info ][gc,phases   ] GC(129)   Merge Heap Roots: 0.0ms
[2025-08-19T21:17:50.033+0000][1692007][info ][gc,phases   ] GC(129)   Evacuate Collection Set: 1.6ms
[2025-08-19T21:17:50.033+0000][1692007][info ][gc,phases   ] GC(129)   Post Evacuate Collection Set: 0.7ms
[2025-08-19T21:17:50.033+0000][1692007][info ][gc,phases   ] GC(129)   Other: 0.1ms
[2025-08-19T21:17:50.033+0000][1692007][trace][gc,age      ] GC(129) Age table with threshold 15 (max threshold 15)
[2025-08-19T21:17:50.033+0000][1692007][trace][gc,age      ] GC(129) - age   1:       9120 bytes,       9120 total
[2025-08-19T21:17:50.033+0000][1692007][trace][gc,age      ] GC(129) - age   2:        352 bytes,       9472 total
[2025-08-19T21:17:50.033+0000][1692007][trace][gc,age      ] GC(129) - age   3:        176 bytes,       9648 total
[2025-08-19T21:17:50.033+0000][1692007][trace][gc,age      ] GC(129) - age   5:        928 bytes,      10576 total
[2025-08-19T21:17:50.033+0000][1692007][trace][gc,age      ] GC(129) - age   6:         64 bytes,      10640 total
[2025-08-19T21:17:50.033+0000][1692007][trace][gc,age      ] GC(129) - age   7:        120 bytes,      10760 total
[2025-08-19T21:17:50.033+0000][1692007][trace][gc,age      ] GC(129) - age   8:        192 bytes,      10952 total
[2025-08-19T21:17:50.033+0000][1692007][trace][gc,age      ] GC(129) - age   9:       1920 bytes,      12872 total
[2025-08-19T21:17:50.033+0000][1692007][trace][gc,age      ] GC(129) - age  11:        736 bytes,      13608 total
[2025-08-19T21:17:50.033+0000][1692007][trace][gc,age      ] GC(129) - age  13:        392 bytes,      14000 total
[2025-08-19T21:17:50.033+0000][1692007][trace][gc,age      ] GC(129) - age  14:         72 bytes,      14072 total
[2025-08-19T21:17:50.033+0000][1692007][info ][gc,heap     ] GC(129) Eden regions: 75->0(75)
[2025-08-19T21:17:50.033+0000][1692007][info ][gc,heap     ] GC(129) Survivor regions: 1->1(10)
[2025-08-19T21:17:50.033+0000][1692007][info ][gc,heap     ] GC(129) Old regions: 23->23
[2025-08-19T21:17:50.033+0000][1692007][info ][gc,heap     ] GC(129) Humongous regions: 0->0
[2025-08-19T21:17:50.033+0000][1692007][info ][gc,metaspace] GC(129) Metaspace: 141880K(147904K)->141880K(147904K) NonClass: 123066K(126656K)->123066K(126656K) Class: 18814K(21248K)->18814K(21248K)
[2025-08-19T21:17:50.033+0000][1692007][info ][gc          ] GC(129) Pause Young (Normal) (G1 Evacuation Pause) 391M->91M(512M) 3.129ms
[2025-08-19T21:17:50.033+0000][1692007][info ][gc,cpu      ] GC(129) User=0.01s Sys=0.00s Real=0.00s
[2025-08-19T21:17:50.033+0000][1692007][info ][safepoint   ] Safepoint "G1CollectForAllocation", Time since last: 703510076531 ns, Reaching safepoint: 5749 ns, Cleanup: 3866 ns, At safepoint: 3162645 ns, Total: 3172260 ns
[2025-08-19T21:25:45.061+0000][1692007][info ][safepoint   ] Safepoint "Cleanup", Time since last: 475027840860 ns, Reaching safepoint: 69675 ns, Cleanup: 9555 ns, At safepoint: 4336 ns, Total: 83566 ns
[2025-08-19T21:29:35.238+0000][1692007][info ][gc,start    ] GC(130) Pause Young (Concurrent Start) (G1 Evacuation Pause)
[2025-08-19T21:29:35.238+0000][1692007][info ][gc,task     ] GC(130) Using 1 workers of 1 for evacuation
[2025-08-19T21:29:35.238+0000][1692007][debug][gc,age      ] GC(130) Desired survivor size 20971520 bytes, new threshold 15 (max threshold 15)
[2025-08-19T21:29:35.240+0000][1692007][info ][gc,phases   ] GC(130)   Pre Evacuate Collection Set: 0.0ms
[2025-08-19T21:29:35.240+0000][1692007][info ][gc,phases   ] GC(130)   Merge Heap Roots: 0.0ms
[2025-08-19T21:29:35.240+0000][1692007][info ][gc,phases   ] GC(130)   Evacuate Collection Set: 1.3ms
[2025-08-19T21:29:35.240+0000][1692007][info ][gc,phases   ] GC(130)   Post Evacuate Collection Set: 0.8ms
[2025-08-19T21:29:35.240+0000][1692007][info ][gc,phases   ] GC(130)   Other: 0.0ms
[2025-08-19T21:29:35.240+0000][1692007][trace][gc,age      ] GC(130) Age table with threshold 15 (max threshold 15)
[2025-08-19T21:29:35.240+0000][1692007][trace][gc,age      ] GC(130) - age   1:      17808 bytes,      17808 total
[2025-08-19T21:29:35.240+0000][1692007][trace][gc,age      ] GC(130) - age   4:        176 bytes,      17984 total
[2025-08-19T21:29:35.240+0000][1692007][trace][gc,age      ] GC(130) - age   6:        928 bytes,      18912 total
[2025-08-19T21:29:35.240+0000][1692007][trace][gc,age      ] GC(130) - age   7:         64 bytes,      18976 total
[2025-08-19T21:29:35.240+0000][1692007][trace][gc,age      ] GC(130) - age   8:        120 bytes,      19096 total
[2025-08-19T21:29:35.240+0000][1692007][trace][gc,age      ] GC(130) - age   9:        192 bytes,      19288 total
[2025-08-19T21:29:35.240+0000][1692007][trace][gc,age      ] GC(130) - age  10:       1920 bytes,      21208 total
[2025-08-19T21:29:35.240+0000][1692007][trace][gc,age      ] GC(130) - age  12:        736 bytes,      21944 total
[2025-08-19T21:29:35.240+0000][1692007][trace][gc,age      ] GC(130) - age  14:        392 bytes,      22336 total
[2025-08-19T21:29:35.240+0000][1692007][trace][gc,age      ] GC(130) - age  15:         72 bytes,      22408 total
[2025-08-19T21:29:35.240+0000][1692007][info ][gc,heap     ] GC(130) Eden regions: 75->0(75)
[2025-08-19T21:29:35.240+0000][1692007][info ][gc,heap     ] GC(130) Survivor regions: 1->1(10)
[2025-08-19T21:29:35.240+0000][1692007][info ][gc,heap     ] GC(130) Old regions: 23->23
[2025-08-19T21:29:35.240+0000][1692007][info ][gc,heap     ] GC(130) Humongous regions: 0->0
[2025-08-19T21:29:35.240+0000][1692007][info ][gc,metaspace] GC(130) Metaspace: 141880K(147904K)->141880K(147904K) NonClass: 123066K(126656K)->123066K(126656K) Class: 18814K(21248K)->18814K(21248K)
[2025-08-19T21:29:35.240+0000][1692007][info ][gc          ] GC(130) Pause Young (Concurrent Start) (G1 Evacuation Pause) 391M->91M(512M) 2.340ms
[2025-08-19T21:29:35.240+0000][1692007][info ][gc,cpu      ] GC(130) User=0.01s Sys=0.00s Real=0.00s
[2025-08-19T21:29:35.240+0000][1692007][info ][safepoint   ] Safepoint "G1CollectForAllocation", Time since last: 230176247795 ns, Reaching safepoint: 312432 ns, Cleanup: 2624 ns, At safepoint: 2374906 ns, Total: 2689962 ns
[2025-08-19T21:29:35.246+0000][1692007][info ][gc          ] GC(131) Concurrent Mark Cycle
[2025-08-19T21:29:35.246+0000][1692007][info ][gc,marking  ] GC(131) Concurrent Scan Root Regions
[2025-08-19T21:29:35.246+0000][1692007][info ][gc,marking  ] GC(131) Concurrent Scan Root Regions 0.435ms
[2025-08-19T21:29:35.246+0000][1692007][info ][gc,marking  ] GC(131) Concurrent Mark
[2025-08-19T21:29:35.246+0000][1692007][info ][gc,marking  ] GC(131) Concurrent Mark From Roots
[2025-08-19T21:29:35.246+0000][1692007][info ][gc,task     ] GC(131) Using 1 workers of 1 for marking
[2025-08-19T21:29:35.357+0000][1692007][info ][gc,marking  ] GC(131) Concurrent Mark From Roots 110.630ms
[2025-08-19T21:29:35.357+0000][1692007][info ][gc,marking  ] GC(131) Concurrent Preclean
[2025-08-19T21:29:35.357+0000][1692007][info ][gc,marking  ] GC(131) Concurrent Preclean 0.391ms
[2025-08-19T21:29:35.357+0000][1692007][info ][gc,start    ] GC(131) Pause Remark
[2025-08-19T21:29:35.361+0000][1692007][info ][gc          ] GC(131) Pause Remark 93M->93M(512M) 4.206ms
[2025-08-19T21:29:35.361+0000][1692007][info ][gc,cpu      ] GC(131) User=0.01s Sys=0.00s Real=0.00s
[2025-08-19T21:29:35.361+0000][1692007][info ][safepoint   ] Safepoint "G1PauseRemark", Time since last: 116991981 ns, Reaching safepoint: 4516 ns, Cleanup: 1813 ns, At safepoint: 4246633 ns, Total: 4252962 ns
[2025-08-19T21:29:35.361+0000][1692007][info ][gc,marking  ] GC(131) Concurrent Mark 115.347ms
[2025-08-19T21:29:35.361+0000][1692007][info ][gc,marking  ] GC(131) Concurrent Rebuild Remembered Sets and Scrub Regions
[2025-08-19T21:29:35.407+0000][1692007][info ][gc,marking  ] GC(131) Concurrent Rebuild Remembered Sets and Scrub Regions 45.336ms
[2025-08-19T21:29:35.407+0000][1692007][info ][gc,start    ] GC(131) Pause Cleanup
[2025-08-19T21:29:35.407+0000][1692007][info ][gc          ] GC(131) Pause Cleanup 93M->93M(512M) 0.036ms
[2025-08-19T21:29:35.407+0000][1692007][info ][gc,cpu      ] GC(131) User=0.00s Sys=0.00s Real=0.00s
[2025-08-19T21:29:35.407+0000][1692007][info ][safepoint   ] Safepoint "G1PauseCleanup", Time since last: 45389183 ns, Reaching safepoint: 3345 ns, Cleanup: 2333 ns, At safepoint: 59811 ns, Total: 65489 ns
[2025-08-19T21:29:35.407+0000][1692007][info ][gc,marking  ] GC(131) Concurrent Clear Claimed Marks
[2025-08-19T21:29:35.407+0000][1692007][info ][gc,marking  ] GC(131) Concurrent Clear Claimed Marks 0.153ms
[2025-08-19T21:29:35.407+0000][1692007][info ][gc,marking  ] GC(131) Concurrent Cleanup for Next Mark
[2025-08-19T21:29:35.420+0000][1692007][info ][gc,marking  ] GC(131) Concurrent Cleanup for Next Mark 12.648ms
[2025-08-19T21:29:35.420+0000][1692007][info ][gc          ] GC(131) Concurrent Mark Cycle 174.102ms
[2025-08-19T21:37:54.436+0000][1692007][info ][safepoint   ] Safepoint "Cleanup", Time since last: 499028810879 ns, Reaching safepoint: 38077 ns, Cleanup: 12379 ns, At safepoint: 1833 ns, Total: 52289 ns
[2025-08-19T21:41:19.249+0000][1692007][info ][gc,start    ] GC(132) Pause Young (Normal) (G1 Evacuation Pause)
[2025-08-19T21:41:19.250+0000][1692007][info ][gc,task     ] GC(132) Using 1 workers of 1 for evacuation
[2025-08-19T21:41:19.250+0000][1692007][debug][gc,age      ] GC(132) Desired survivor size 20971520 bytes, new threshold 15 (max threshold 15)
[2025-08-19T21:41:19.253+0000][1692007][info ][gc,phases   ] GC(132)   Pre Evacuate Collection Set: 0.0ms
[2025-08-19T21:41:19.253+0000][1692007][info ][gc,phases   ] GC(132)   Merge Heap Roots: 0.0ms
[2025-08-19T21:41:19.253+0000][1692007][info ][gc,phases   ] GC(132)   Evacuate Collection Set: 1.6ms
[2025-08-19T21:41:19.253+0000][1692007][info ][gc,phases   ] GC(132)   Post Evacuate Collection Set: 0.8ms
[2025-08-19T21:41:19.253+0000][1692007][info ][gc,phases   ] GC(132)   Other: 0.2ms
[2025-08-19T21:41:19.253+0000][1692007][trace][gc,age      ] GC(132) Age table with threshold 15 (max threshold 15)
[2025-08-19T21:41:19.253+0000][1692007][trace][gc,age      ] GC(132) - age   1:       9656 bytes,       9656 total
[2025-08-19T21:41:19.253+0000][1692007][trace][gc,age      ] GC(132) - age   2:       6784 bytes,      16440 total
[2025-08-19T21:41:19.253+0000][1692007][trace][gc,age      ] GC(132) - age   5:        176 bytes,      16616 total
[2025-08-19T21:41:19.253+0000][1692007][trace][gc,age      ] GC(132) - age   7:        928 bytes,      17544 total
[2025-08-19T21:41:19.253+0000][1692007][trace][gc,age      ] GC(132) - age   8:         64 bytes,      17608 total
[2025-08-19T21:41:19.253+0000][1692007][trace][gc,age      ] GC(132) - age   9:        120 bytes,      17728 total
[2025-08-19T21:41:19.253+0000][1692007][trace][gc,age      ] GC(132) - age  10:        192 bytes,      17920 total
[2025-08-19T21:41:19.253+0000][1692007][trace][gc,age      ] GC(132) - age  11:       1920 bytes,      19840 total
[2025-08-19T21:41:19.253+0000][1692007][trace][gc,age      ] GC(132) - age  13:        736 bytes,      20576 total
[2025-08-19T21:41:19.253+0000][1692007][trace][gc,age      ] GC(132) - age  15:        392 bytes,      20968 total
[2025-08-19T21:41:19.253+0000][1692007][info ][gc,heap     ] GC(132) Eden regions: 75->0(75)
[2025-08-19T21:41:19.253+0000][1692007][info ][gc,heap     ] GC(132) Survivor regions: 1->1(10)
[2025-08-19T21:41:19.253+0000][1692007][info ][gc,heap     ] GC(132) Old regions: 23->23
[2025-08-19T21:41:19.253+0000][1692007][info ][gc,heap     ] GC(132) Humongous regions: 0->0
[2025-08-19T21:41:19.253+0000][1692007][info ][gc,metaspace] GC(132) Metaspace: 141880K(147904K)->141880K(147904K) NonClass: 123066K(126656K)->123066K(126656K) Class: 18814K(21248K)->18814K(21248K)
[2025-08-19T21:41:19.253+0000][1692007][info ][gc          ] GC(132) Pause Young (Normal) (G1 Evacuation Pause) 391M->91M(512M) 3.290ms
[2025-08-19T21:41:19.253+0000][1692007][info ][gc,cpu      ] GC(132) User=0.00s Sys=0.00s Real=0.00s
[2025-08-19T21:41:19.253+0000][1692007][info ][safepoint   ] Safepoint "G1CollectForAllocation", Time since last: 204813785971 ns, Reaching safepoint: 8203 ns, Cleanup: 3916 ns, At safepoint: 3323899 ns, Total: 3336018 ns
[2025-08-19T21:53:05.051+0000][1692007][info ][gc,start    ] GC(133) Pause Young (Concurrent Start) (G1 Evacuation Pause)
[2025-08-19T21:53:05.052+0000][1692007][info ][gc,task     ] GC(133) Using 1 workers of 1 for evacuation
[2025-08-19T21:53:05.052+0000][1692007][debug][gc,age      ] GC(133) Desired survivor size 20971520 bytes, new threshold 15 (max threshold 15)
[2025-08-19T21:53:05.054+0000][1692007][info ][gc,phases   ] GC(133)   Pre Evacuate Collection Set: 0.0ms
[2025-08-19T21:53:05.054+0000][1692007][info ][gc,phases   ] GC(133)   Merge Heap Roots: 0.0ms
[2025-08-19T21:53:05.054+0000][1692007][info ][gc,phases   ] GC(133)   Evacuate Collection Set: 1.2ms
[2025-08-19T21:53:05.054+0000][1692007][info ][gc,phases   ] GC(133)   Post Evacuate Collection Set: 0.8ms
[2025-08-19T21:53:05.054+0000][1692007][info ][gc,phases   ] GC(133)   Other: 0.0ms
[2025-08-19T21:53:05.054+0000][1692007][trace][gc,age      ] GC(133) Age table with threshold 15 (max threshold 15)
[2025-08-19T21:53:05.054+0000][1692007][trace][gc,age      ] GC(133) - age   1:       9728 bytes,       9728 total
[2025-08-19T21:53:05.054+0000][1692007][trace][gc,age      ] GC(133) - age   3:       6784 bytes,      16512 total
[2025-08-19T21:53:05.054+0000][1692007][trace][gc,age      ] GC(133) - age   8:        928 bytes,      17440 total
[2025-08-19T21:53:05.054+0000][1692007][trace][gc,age      ] GC(133) - age   9:         64 bytes,      17504 total
[2025-08-19T21:53:05.054+0000][1692007][trace][gc,age      ] GC(133) - age  10:        120 bytes,      17624 total
[2025-08-19T21:53:05.054+0000][1692007][trace][gc,age      ] GC(133) - age  11:        192 bytes,      17816 total
[2025-08-19T21:53:05.054+0000][1692007][trace][gc,age      ] GC(133) - age  12:       1920 bytes,      19736 total
[2025-08-19T21:53:05.054+0000][1692007][trace][gc,age      ] GC(133) - age  14:        736 bytes,      20472 total
[2025-08-19T21:53:05.054+0000][1692007][info ][gc,heap     ] GC(133) Eden regions: 75->0(75)
[2025-08-19T21:53:05.054+0000][1692007][info ][gc,heap     ] GC(133) Survivor regions: 1->1(10)
[2025-08-19T21:53:05.054+0000][1692007][info ][gc,heap     ] GC(133) Old regions: 23->23
[2025-08-19T21:53:05.054+0000][1692007][info ][gc,heap     ] GC(133) Humongous regions: 0->0
[2025-08-19T21:53:05.054+0000][1692007][info ][gc,metaspace] GC(133) Metaspace: 141881K(147904K)->141881K(147904K) NonClass: 123067K(126656K)->123067K(126656K) Class: 18814K(21248K)->18814K(21248K)
[2025-08-19T21:53:05.054+0000][1692007][info ][gc          ] GC(133) Pause Young (Concurrent Start) (G1 Evacuation Pause) 391M->91M(512M) 2.736ms
[2025-08-19T21:53:05.054+0000][1692007][info ][gc,cpu      ] GC(133) User=0.00s Sys=0.00s Real=0.00s
[2025-08-19T21:53:05.054+0000][1692007][info ][safepoint   ] Safepoint "G1CollectForAllocation", Time since last: 705798480520 ns, Reaching safepoint: 7662 ns, Cleanup: 3926 ns, At safepoint: 2773769 ns, Total: 2785357 ns
[2025-08-19T21:53:05.060+0000][1692007][info ][gc          ] GC(134) Concurrent Mark Cycle
[2025-08-19T21:53:05.060+0000][1692007][info ][gc,marking  ] GC(134) Concurrent Scan Root Regions
[2025-08-19T21:53:05.061+0000][1692007][info ][gc,marking  ] GC(134) Concurrent Scan Root Regions 0.892ms
[2025-08-19T21:53:05.061+0000][1692007][info ][gc,marking  ] GC(134) Concurrent Mark
[2025-08-19T21:53:05.061+0000][1692007][info ][gc,marking  ] GC(134) Concurrent Mark From Roots
[2025-08-19T21:53:05.061+0000][1692007][info ][gc,task     ] GC(134) Using 1 workers of 1 for marking
[2025-08-19T21:53:05.166+0000][1692007][info ][gc,marking  ] GC(134) Concurrent Mark From Roots 104.597ms
[2025-08-19T21:53:05.166+0000][1692007][info ][gc,marking  ] GC(134) Concurrent Preclean
[2025-08-19T21:53:05.166+0000][1692007][info ][gc,marking  ] GC(134) Concurrent Preclean 0.342ms
[2025-08-19T21:53:05.166+0000][1692007][info ][gc,start    ] GC(134) Pause Remark
[2025-08-19T21:53:05.171+0000][1692007][info ][gc          ] GC(134) Pause Remark 93M->93M(512M) 4.238ms
[2025-08-19T21:53:05.171+0000][1692007][info ][gc,cpu      ] GC(134) User=0.00s Sys=0.00s Real=0.00s
[2025-08-19T21:53:05.171+0000][1692007][info ][safepoint   ] Safepoint "G1PauseRemark", Time since last: 112234759 ns, Reaching safepoint: 4997 ns, Cleanup: 2965 ns, At safepoint: 4275997 ns, Total: 4283959 ns
[2025-08-19T21:53:05.171+0000][1692007][info ][gc,marking  ] GC(134) Concurrent Mark 109.296ms
[2025-08-19T21:53:05.171+0000][1692007][info ][gc,marking  ] GC(134) Concurrent Rebuild Remembered Sets and Scrub Regions
[2025-08-19T21:53:05.238+0000][1692007][info ][gc,marking  ] GC(134) Concurrent Rebuild Remembered Sets and Scrub Regions 67.180ms
[2025-08-19T21:53:05.238+0000][1692007][info ][gc,start    ] GC(134) Pause Cleanup
[2025-08-19T21:53:05.238+0000][1692007][info ][gc          ] GC(134) Pause Cleanup 93M->93M(512M) 0.041ms
[2025-08-19T21:53:05.238+0000][1692007][info ][gc,cpu      ] GC(134) User=0.00s Sys=0.00s Real=0.00s
[2025-08-19T21:53:05.238+0000][1692007][info ][safepoint   ] Safepoint "G1PauseCleanup", Time since last: 67255505 ns, Reaching safepoint: 4186 ns, Cleanup: 2073 ns, At safepoint: 66721 ns, Total: 72980 ns
[2025-08-19T21:53:05.238+0000][1692007][info ][gc,marking  ] GC(134) Concurrent Clear Claimed Marks
[2025-08-19T21:53:05.238+0000][1692007][info ][gc,marking  ] GC(134) Concurrent Clear Claimed Marks 0.175ms
[2025-08-19T21:53:05.238+0000][1692007][info ][gc,marking  ] GC(134) Concurrent Cleanup for Next Mark
[2025-08-19T21:53:05.238+0000][1692007][info ][gc,marking  ] GC(134) Concurrent Cleanup for Next Mark 0.313ms
[2025-08-19T21:53:05.238+0000][1692007][info ][gc          ] GC(134) Concurrent Mark Cycle 178.039ms
[2025-08-19T21:59:36.774+0000][1692007][info ][safepoint   ] Safepoint "Cleanup", Time since last: 391536005084 ns, Reaching safepoint: 44588 ns, Cleanup: 11136 ns, At safepoint: 4377 ns, Total: 60101 ns
[2025-08-19T22:04:47.700+0000][1692007][info ][gc,start    ] GC(135) Pause Young (Normal) (G1 Evacuation Pause)
[2025-08-19T22:04:47.701+0000][1692007][info ][gc,task     ] GC(135) Using 1 workers of 1 for evacuation
[2025-08-19T22:04:47.701+0000][1692007][debug][gc,age      ] GC(135) Desired survivor size 20971520 bytes, new threshold 15 (max threshold 15)
[2025-08-19T22:04:47.703+0000][1692007][info ][gc,phases   ] GC(135)   Pre Evacuate Collection Set: 0.0ms
[2025-08-19T22:04:47.703+0000][1692007][info ][gc,phases   ] GC(135)   Merge Heap Roots: 0.0ms
[2025-08-19T22:04:47.703+0000][1692007][info ][gc,phases   ] GC(135)   Evacuate Collection Set: 1.7ms
[2025-08-19T22:04:47.703+0000][1692007][info ][gc,phases   ] GC(135)   Post Evacuate Collection Set: 0.8ms
[2025-08-19T22:04:47.703+0000][1692007][info ][gc,phases   ] GC(135)   Other: 0.0ms
[2025-08-19T22:04:47.703+0000][1692007][trace][gc,age      ] GC(135) Age table with threshold 15 (max threshold 15)
[2025-08-19T22:04:47.703+0000][1692007][trace][gc,age      ] GC(135) - age   1:      10208 bytes,      10208 total
[2025-08-19T22:04:47.703+0000][1692007][trace][gc,age      ] GC(135) - age   2:        528 bytes,      10736 total
[2025-08-19T22:04:47.703+0000][1692007][trace][gc,age      ] GC(135) - age   4:       6784 bytes,      17520 total
[2025-08-19T22:04:47.703+0000][1692007][trace][gc,age      ] GC(135) - age   9:        928 bytes,      18448 total
[2025-08-19T22:04:47.703+0000][1692007][trace][gc,age      ] GC(135) - age  10:         64 bytes,      18512 total
[2025-08-19T22:04:47.703+0000][1692007][trace][gc,age      ] GC(135) - age  11:        120 bytes,      18632 total
[2025-08-19T22:04:47.703+0000][1692007][trace][gc,age      ] GC(135) - age  12:        192 bytes,      18824 total
[2025-08-19T22:04:47.703+0000][1692007][trace][gc,age      ] GC(135) - age  13:       1920 bytes,      20744 total
[2025-08-19T22:04:47.703+0000][1692007][trace][gc,age      ] GC(135) - age  15:        736 bytes,      21480 total
[2025-08-19T22:04:47.703+0000][1692007][info ][gc,heap     ] GC(135) Eden regions: 75->0(75)
[2025-08-19T22:04:47.703+0000][1692007][info ][gc,heap     ] GC(135) Survivor regions: 1->1(10)
[2025-08-19T22:04:47.703+0000][1692007][info ][gc,heap     ] GC(135) Old regions: 23->23
[2025-08-19T22:04:47.703+0000][1692007][info ][gc,heap     ] GC(135) Humongous regions: 0->0
[2025-08-19T22:04:47.704+0000][1692007][info ][gc,metaspace] GC(135) Metaspace: 141881K(147904K)->141881K(147904K) NonClass: 123067K(126656K)->123067K(126656K) Class: 18814K(21248K)->18814K(21248K)
[2025-08-19T22:04:47.704+0000][1692007][info ][gc          ] GC(135) Pause Young (Normal) (G1 Evacuation Pause) 391M->91M(512M) 3.129ms
[2025-08-19T22:04:47.704+0000][1692007][info ][gc,cpu      ] GC(135) User=0.00s Sys=0.00s Real=0.00s
[2025-08-19T22:04:47.704+0000][1692007][info ][safepoint   ] Safepoint "G1CollectForAllocation", Time since last: 310926415646 ns, Reaching safepoint: 4717 ns, Cleanup: 3255 ns, At safepoint: 3161734 ns, Total: 3169706 ns
[2025-08-19T22:16:31.843+0000][1692007][info ][gc,start    ] GC(136) Pause Young (Concurrent Start) (G1 Evacuation Pause)
[2025-08-19T22:16:31.843+0000][1692007][info ][gc,task     ] GC(136) Using 1 workers of 1 for evacuation
[2025-08-19T22:16:31.843+0000][1692007][debug][gc,age      ] GC(136) Desired survivor size 20971520 bytes, new threshold 15 (max threshold 15)
[2025-08-19T22:16:31.846+0000][1692007][info ][gc,phases   ] GC(136)   Pre Evacuate Collection Set: 0.0ms
[2025-08-19T22:16:31.846+0000][1692007][info ][gc,phases   ] GC(136)   Merge Heap Roots: 0.0ms
[2025-08-19T22:16:31.846+0000][1692007][info ][gc,phases   ] GC(136)   Evacuate Collection Set: 1.3ms
[2025-08-19T22:16:31.846+0000][1692007][info ][gc,phases   ] GC(136)   Post Evacuate Collection Set: 1.2ms
[2025-08-19T22:16:31.846+0000][1692007][info ][gc,phases   ] GC(136)   Other: 0.0ms
[2025-08-19T22:16:31.846+0000][1692007][trace][gc,age      ] GC(136) Age table with threshold 15 (max threshold 15)
[2025-08-19T22:16:31.846+0000][1692007][trace][gc,age      ] GC(136) - age   1:      11024 bytes,      11024 total
[2025-08-19T22:16:31.846+0000][1692007][trace][gc,age      ] GC(136) - age   3:        176 bytes,      11200 total
[2025-08-19T22:16:31.846+0000][1692007][trace][gc,age      ] GC(136) - age   5:       6784 bytes,      17984 total
[2025-08-19T22:16:31.846+0000][1692007][trace][gc,age      ] GC(136) - age  10:        928 bytes,      18912 total
[2025-08-19T22:16:31.846+0000][1692007][trace][gc,age      ] GC(136) - age  11:         64 bytes,      18976 total
[2025-08-19T22:16:31.846+0000][1692007][trace][gc,age      ] GC(136) - age  12:        120 bytes,      19096 total
[2025-08-19T22:16:31.846+0000][1692007][trace][gc,age      ] GC(136) - age  13:        192 bytes,      19288 total
[2025-08-19T22:16:31.846+0000][1692007][trace][gc,age      ] GC(136) - age  14:       1920 bytes,      21208 total
[2025-08-19T22:16:31.846+0000][1692007][info ][gc,heap     ] GC(136) Eden regions: 75->0(75)
[2025-08-19T22:16:31.846+0000][1692007][info ][gc,heap     ] GC(136) Survivor regions: 1->1(10)
[2025-08-19T22:16:31.846+0000][1692007][info ][gc,heap     ] GC(136) Old regions: 23->23
[2025-08-19T22:16:31.846+0000][1692007][info ][gc,heap     ] GC(136) Humongous regions: 0->0
[2025-08-19T22:16:31.846+0000][1692007][info ][gc,metaspace] GC(136) Metaspace: 141881K(147904K)->141881K(147904K) NonClass: 123067K(126656K)->123067K(126656K) Class: 18814K(21248K)->18814K(21248K)
[2025-08-19T22:16:31.846+0000][1692007][info ][gc          ] GC(136) Pause Young (Concurrent Start) (G1 Evacuation Pause) 391M->91M(512M) 2.810ms
[2025-08-19T22:16:31.846+0000][1692007][info ][gc,cpu      ] GC(136) User=0.01s Sys=0.00s Real=0.01s
[2025-08-19T22:16:31.846+0000][1692007][info ][safepoint   ] Safepoint "G1CollectForAllocation", Time since last: 704139440143 ns, Reaching safepoint: 7251 ns, Cleanup: 2493 ns, At safepoint: 2846148 ns, Total: 2855892 ns
[2025-08-19T22:16:31.850+0000][1692007][info ][gc          ] GC(137) Concurrent Mark Cycle
[2025-08-19T22:16:31.850+0000][1692007][info ][gc,marking  ] GC(137) Concurrent Scan Root Regions
[2025-08-19T22:16:31.851+0000][1692007][info ][gc,marking  ] GC(137) Concurrent Scan Root Regions 0.562ms
[2025-08-19T22:16:31.851+0000][1692007][info ][gc,marking  ] GC(137) Concurrent Mark
[2025-08-19T22:16:31.851+0000][1692007][info ][gc,marking  ] GC(137) Concurrent Mark From Roots
[2025-08-19T22:16:31.851+0000][1692007][info ][gc,task     ] GC(137) Using 1 workers of 1 for marking
[2025-08-19T22:16:31.988+0000][1692007][info ][gc,marking  ] GC(137) Concurrent Mark From Roots 137.313ms
[2025-08-19T22:16:31.988+0000][1692007][info ][gc,marking  ] GC(137) Concurrent Preclean
[2025-08-19T22:16:31.989+0000][1692007][info ][gc,marking  ] GC(137) Concurrent Preclean 0.394ms
[2025-08-19T22:16:31.989+0000][1692007][info ][gc,start    ] GC(137) Pause Remark
[2025-08-19T22:16:31.993+0000][1692007][info ][gc          ] GC(137) Pause Remark 94M->94M(512M) 4.260ms
[2025-08-19T22:16:31.993+0000][1692007][info ][gc,cpu      ] GC(137) User=0.01s Sys=0.00s Real=0.00s
[2025-08-19T22:16:31.993+0000][1692007][info ][safepoint   ] Safepoint "G1PauseRemark", Time since last: 142870967 ns, Reaching safepoint: 5008 ns, Cleanup: 3215 ns, At safepoint: 4304730 ns, Total: 4312953 ns
[2025-08-19T22:16:31.993+0000][1692007][info ][gc,marking  ] GC(137) Concurrent Mark 142.089ms
[2025-08-19T22:16:31.993+0000][1692007][info ][gc,marking  ] GC(137) Concurrent Rebuild Remembered Sets and Scrub Regions
[2025-08-19T22:16:32.044+0000][1692007][info ][gc,marking  ] GC(137) Concurrent Rebuild Remembered Sets and Scrub Regions 51.264ms
[2025-08-19T22:16:32.044+0000][1692007][info ][gc,start    ] GC(137) Pause Cleanup
[2025-08-19T22:16:32.044+0000][1692007][info ][gc          ] GC(137) Pause Cleanup 94M->94M(512M) 0.043ms
[2025-08-19T22:16:32.044+0000][1692007][info ][gc,cpu      ] GC(137) User=0.00s Sys=0.00s Real=0.00s
[2025-08-19T22:16:32.044+0000][1692007][info ][safepoint   ] Safepoint "G1PauseCleanup", Time since last: 51319787 ns, Reaching safepoint: 3976 ns, Cleanup: 1332 ns, At safepoint: 66321 ns, Total: 71629 ns
[2025-08-19T22:16:32.044+0000][1692007][info ][gc,marking  ] GC(137) Concurrent Clear Claimed Marks
[2025-08-19T22:16:32.045+0000][1692007][info ][gc,marking  ] GC(137) Concurrent Clear Claimed Marks 0.159ms
[2025-08-19T22:16:32.045+0000][1692007][info ][gc,marking  ] GC(137) Concurrent Cleanup for Next Mark
[2025-08-19T22:16:32.045+0000][1692007][info ][gc,marking  ] GC(137) Concurrent Cleanup for Next Mark 0.267ms
[2025-08-19T22:16:32.045+0000][1692007][info ][gc          ] GC(137) Concurrent Mark Cycle 194.498ms
[2025-08-19T22:28:13.957+0000][1692007][info ][gc,start    ] GC(138) Pause Young (Normal) (G1 Evacuation Pause)
[2025-08-19T22:28:13.958+0000][1692007][info ][gc,task     ] GC(138) Using 1 workers of 1 for evacuation
[2025-08-19T22:28:13.958+0000][1692007][debug][gc,age      ] GC(138) Desired survivor size 20971520 bytes, new threshold 15 (max threshold 15)
[2025-08-19T22:28:13.960+0000][1692007][info ][gc,phases   ] GC(138)   Pre Evacuate Collection Set: 0.1ms
[2025-08-19T22:28:13.960+0000][1692007][info ][gc,phases   ] GC(138)   Merge Heap Roots: 0.0ms
[2025-08-19T22:28:13.960+0000][1692007][info ][gc,phases   ] GC(138)   Evacuate Collection Set: 1.6ms
[2025-08-19T22:28:13.960+0000][1692007][info ][gc,phases   ] GC(138)   Post Evacuate Collection Set: 0.8ms
[2025-08-19T22:28:13.960+0000][1692007][info ][gc,phases   ] GC(138)   Other: 0.0ms
[2025-08-19T22:28:13.960+0000][1692007][trace][gc,age      ] GC(138) Age table with threshold 15 (max threshold 15)
[2025-08-19T22:28:13.960+0000][1692007][trace][gc,age      ] GC(138) - age   1:       9320 bytes,       9320 total
[2025-08-19T22:28:13.960+0000][1692007][trace][gc,age      ] GC(138) - age   4:        176 bytes,       9496 total
[2025-08-19T22:28:13.960+0000][1692007][trace][gc,age      ] GC(138) - age   6:       6784 bytes,      16280 total
[2025-08-19T22:28:13.960+0000][1692007][trace][gc,age      ] GC(138) - age  11:        928 bytes,      17208 total
[2025-08-19T22:28:13.960+0000][1692007][trace][gc,age      ] GC(138) - age  12:         64 bytes,      17272 total
[2025-08-19T22:28:13.960+0000][1692007][trace][gc,age      ] GC(138) - age  13:        120 bytes,      17392 total
[2025-08-19T22:28:13.960+0000][1692007][trace][gc,age      ] GC(138) - age  14:        192 bytes,      17584 total
[2025-08-19T22:28:13.960+0000][1692007][trace][gc,age      ] GC(138) - age  15:       1920 bytes,      19504 total
[2025-08-19T22:28:13.960+0000][1692007][info ][gc,heap     ] GC(138) Eden regions: 75->0(75)
[2025-08-19T22:28:13.960+0000][1692007][info ][gc,heap     ] GC(138) Survivor regions: 1->1(10)
[2025-08-19T22:28:13.960+0000][1692007][info ][gc,heap     ] GC(138) Old regions: 23->23
[2025-08-19T22:28:13.960+0000][1692007][info ][gc,heap     ] GC(138) Humongous regions: 0->0
[2025-08-19T22:28:13.960+0000][1692007][info ][gc,metaspace] GC(138) Metaspace: 141885K(147904K)->141885K(147904K) NonClass: 123071K(126656K)->123071K(126656K) Class: 18814K(21248K)->18814K(21248K)
[2025-08-19T22:28:13.960+0000][1692007][info ][gc          ] GC(138) Pause Young (Normal) (G1 Evacuation Pause) 391M->91M(512M) 3.026ms
[2025-08-19T22:28:13.960+0000][1692007][info ][gc,cpu      ] GC(138) User=0.00s Sys=0.00s Real=0.00s
[2025-08-19T22:28:13.960+0000][1692007][info ][safepoint   ] Safepoint "G1CollectForAllocation", Time since last: 701912580541 ns, Reaching safepoint: 174233 ns, Cleanup: 3545 ns, At safepoint: 3060782 ns, Total: 3238560 ns
[2025-08-19T22:29:24.964+0000][1692007][info ][safepoint   ] Safepoint "Cleanup", Time since last: 71004090832 ns, Reaching safepoint: 48543 ns, Cleanup: 8603 ns, At safepoint: 2093 ns, Total: 59239 ns
[2025-08-19T22:40:00.063+0000][1692007][info ][gc,start    ] GC(139) Pause Young (Concurrent Start) (G1 Evacuation Pause)
[2025-08-19T22:40:00.063+0000][1692007][info ][gc,task     ] GC(139) Using 1 workers of 1 for evacuation
[2025-08-19T22:40:00.063+0000][1692007][debug][gc,age      ] GC(139) Desired survivor size 20971520 bytes, new threshold 15 (max threshold 15)
[2025-08-19T22:40:00.066+0000][1692007][info ][gc,phases   ] GC(139)   Pre Evacuate Collection Set: 0.1ms
[2025-08-19T22:40:00.066+0000][1692007][info ][gc,phases   ] GC(139)   Merge Heap Roots: 0.0ms
[2025-08-19T22:40:00.066+0000][1692007][info ][gc,phases   ] GC(139)   Evacuate Collection Set: 1.3ms
[2025-08-19T22:40:00.066+0000][1692007][info ][gc,phases   ] GC(139)   Post Evacuate Collection Set: 0.7ms
[2025-08-19T22:40:00.066+0000][1692007][info ][gc,phases   ] GC(139)   Other: 0.3ms
[2025-08-19T22:40:00.066+0000][1692007][trace][gc,age      ] GC(139) Age table with threshold 15 (max threshold 15)
[2025-08-19T22:40:00.066+0000][1692007][trace][gc,age      ] GC(139) - age   1:       9648 bytes,       9648 total
[2025-08-19T22:40:00.066+0000][1692007][trace][gc,age      ] GC(139) - age   5:        176 bytes,       9824 total
[2025-08-19T22:40:00.066+0000][1692007][trace][gc,age      ] GC(139) - age   7:       6784 bytes,      16608 total
[2025-08-19T22:40:00.066+0000][1692007][trace][gc,age      ] GC(139) - age  12:        928 bytes,      17536 total
[2025-08-19T22:40:00.066+0000][1692007][trace][gc,age      ] GC(139) - age  13:         64 bytes,      17600 total
[2025-08-19T22:40:00.066+0000][1692007][trace][gc,age      ] GC(139) - age  14:        120 bytes,      17720 total
[2025-08-19T22:40:00.066+0000][1692007][trace][gc,age      ] GC(139) - age  15:        192 bytes,      17912 total
[2025-08-19T22:40:00.066+0000][1692007][info ][gc,heap     ] GC(139) Eden regions: 75->0(75)
[2025-08-19T22:40:00.066+0000][1692007][info ][gc,heap     ] GC(139) Survivor regions: 1->1(10)
[2025-08-19T22:40:00.066+0000][1692007][info ][gc,heap     ] GC(139) Old regions: 23->23
[2025-08-19T22:40:00.066+0000][1692007][info ][gc,heap     ] GC(139) Humongous regions: 0->0
[2025-08-19T22:40:00.066+0000][1692007][info ][gc,metaspace] GC(139) Metaspace: 141887K(147904K)->141887K(147904K) NonClass: 123073K(126656K)->123073K(126656K) Class: 18814K(21248K)->18814K(21248K)
[2025-08-19T22:40:00.066+0000][1692007][info ][gc          ] GC(139) Pause Young (Concurrent Start) (G1 Evacuation Pause) 391M->91M(512M) 2.869ms
[2025-08-19T22:40:00.066+0000][1692007][info ][gc,cpu      ] GC(139) User=0.00s Sys=0.00s Real=0.01s
[2025-08-19T22:40:00.066+0000][1692007][info ][safepoint   ] Safepoint "G1CollectForAllocation", Time since last: 635098407189 ns, Reaching safepoint: 7592 ns, Cleanup: 3265 ns, At safepoint: 2904846 ns, Total: 2915703 ns
[2025-08-19T22:40:00.067+0000][1692007][info ][gc          ] GC(140) Concurrent Mark Cycle
[2025-08-19T22:40:00.067+0000][1692007][info ][gc,marking  ] GC(140) Concurrent Scan Root Regions
[2025-08-19T22:40:00.067+0000][1692007][info ][gc,marking  ] GC(140) Concurrent Scan Root Regions 0.713ms
[2025-08-19T22:40:00.067+0000][1692007][info ][gc,marking  ] GC(140) Concurrent Mark
[2025-08-19T22:40:00.067+0000][1692007][info ][gc,marking  ] GC(140) Concurrent Mark From Roots
[2025-08-19T22:40:00.067+0000][1692007][info ][gc,task     ] GC(140) Using 1 workers of 1 for marking
[2025-08-19T22:40:00.176+0000][1692007][info ][gc,marking  ] GC(140) Concurrent Mark From Roots 108.478ms
[2025-08-19T22:40:00.176+0000][1692007][info ][gc,marking  ] GC(140) Concurrent Preclean
[2025-08-19T22:40:00.176+0000][1692007][info ][gc,marking  ] GC(140) Concurrent Preclean 0.337ms
[2025-08-19T22:40:00.176+0000][1692007][info ][gc,start    ] GC(140) Pause Remark
[2025-08-19T22:40:00.180+0000][1692007][info ][gc          ] GC(140) Pause Remark 92M->92M(512M) 4.195ms
[2025-08-19T22:40:00.180+0000][1692007][info ][gc,cpu      ] GC(140) User=0.01s Sys=0.00s Real=0.00s
[2025-08-19T22:40:00.180+0000][1692007][info ][safepoint   ] Safepoint "G1PauseRemark", Time since last: 110475984 ns, Reaching safepoint: 5368 ns, Cleanup: 2934 ns, At safepoint: 4234354 ns, Total: 4242656 ns
[2025-08-19T22:40:00.180+0000][1692007][info ][gc,marking  ] GC(140) Concurrent Mark 113.128ms
[2025-08-19T22:40:00.180+0000][1692007][info ][gc,marking  ] GC(140) Concurrent Rebuild Remembered Sets and Scrub Regions
[2025-08-19T22:40:00.241+0000][1692007][info ][gc,marking  ] GC(140) Concurrent Rebuild Remembered Sets and Scrub Regions 60.139ms
[2025-08-19T22:40:00.241+0000][1692007][info ][gc,start    ] GC(140) Pause Cleanup
[2025-08-19T22:40:00.241+0000][1692007][info ][gc          ] GC(140) Pause Cleanup 92M->92M(512M) 0.037ms
[2025-08-19T22:40:00.241+0000][1692007][info ][gc,cpu      ] GC(140) User=0.00s Sys=0.00s Real=0.00s
[2025-08-19T22:40:00.241+0000][1692007][info ][safepoint   ] Safepoint "G1PauseCleanup", Time since last: 60199589 ns, Reaching safepoint: 3555 ns, Cleanup: 1853 ns, At safepoint: 62244 ns, Total: 67652 ns
[2025-08-19T22:40:00.241+0000][1692007][info ][gc,marking  ] GC(140) Concurrent Clear Claimed Marks
[2025-08-19T22:40:00.241+0000][1692007][info ][gc,marking  ] GC(140) Concurrent Clear Claimed Marks 0.172ms
[2025-08-19T22:40:00.241+0000][1692007][info ][gc,marking  ] GC(140) Concurrent Cleanup for Next Mark
[2025-08-19T22:40:00.241+0000][1692007][info ][gc,marking  ] GC(140) Concurrent Cleanup for Next Mark 0.265ms
[2025-08-19T22:40:00.241+0000][1692007][info ][gc          ] GC(140) Concurrent Mark Cycle 174.575ms
[2025-08-19T22:41:38.247+0000][1692007][info ][safepoint   ] Safepoint "Cleanup", Time since last: 98006111568 ns, Reaching safepoint: 42404 ns, Cleanup: 11207 ns, At safepoint: 4356 ns, Total: 57967 ns
[2025-08-19T22:42:38.251+0000][1692007][info ][safepoint   ] Safepoint "Cleanup", Time since last: 60003917445 ns, Reaching safepoint: 42174 ns, Cleanup: 12910 ns, At safepoint: 4336 ns, Total: 59420 ns
[2025-08-19T22:51:45.969+0000][1692007][info ][gc,start    ] GC(141) Pause Young (Normal) (G1 Evacuation Pause)
[2025-08-19T22:51:45.969+0000][1692007][info ][gc,task     ] GC(141) Using 1 workers of 1 for evacuation
[2025-08-19T22:51:45.969+0000][1692007][debug][gc,age      ] GC(141) Desired survivor size 20971520 bytes, new threshold 15 (max threshold 15)
[2025-08-19T22:51:45.972+0000][1692007][info ][gc,phases   ] GC(141)   Pre Evacuate Collection Set: 0.1ms
[2025-08-19T22:51:45.972+0000][1692007][info ][gc,phases   ] GC(141)   Merge Heap Roots: 0.0ms
[2025-08-19T22:51:45.972+0000][1692007][info ][gc,phases   ] GC(141)   Evacuate Collection Set: 1.6ms
[2025-08-19T22:51:45.972+0000][1692007][info ][gc,phases   ] GC(141)   Post Evacuate Collection Set: 0.7ms
[2025-08-19T22:51:45.972+0000][1692007][info ][gc,phases   ] GC(141)   Other: 0.2ms
[2025-08-19T22:51:45.972+0000][1692007][trace][gc,age      ] GC(141) Age table with threshold 15 (max threshold 15)
[2025-08-19T22:51:45.972+0000][1692007][trace][gc,age      ] GC(141) - age   1:      10024 bytes,      10024 total
[2025-08-19T22:51:45.972+0000][1692007][trace][gc,age      ] GC(141) - age   2:        184 bytes,      10208 total
[2025-08-19T22:51:45.972+0000][1692007][trace][gc,age      ] GC(141) - age   8:       6784 bytes,      16992 total
[2025-08-19T22:51:45.972+0000][1692007][trace][gc,age      ] GC(141) - age  13:        928 bytes,      17920 total
[2025-08-19T22:51:45.972+0000][1692007][trace][gc,age      ] GC(141) - age  14:         64 bytes,      17984 total
[2025-08-19T22:51:45.972+0000][1692007][trace][gc,age      ] GC(141) - age  15:        120 bytes,      18104 total
[2025-08-19T22:51:45.972+0000][1692007][info ][gc,heap     ] GC(141) Eden regions: 75->0(75)
[2025-08-19T22:51:45.972+0000][1692007][info ][gc,heap     ] GC(141) Survivor regions: 1->1(10)
[2025-08-19T22:51:45.972+0000][1692007][info ][gc,heap     ] GC(141) Old regions: 23->23
[2025-08-19T22:51:45.972+0000][1692007][info ][gc,heap     ] GC(141) Humongous regions: 0->0
[2025-08-19T22:51:45.972+0000][1692007][info ][gc,metaspace] GC(141) Metaspace: 141887K(147904K)->141887K(147904K) NonClass: 123073K(126656K)->123073K(126656K) Class: 18814K(21248K)->18814K(21248K)
[2025-08-19T22:51:45.972+0000][1692007][info ][gc          ] GC(141) Pause Young (Normal) (G1 Evacuation Pause) 391M->91M(512M) 3.147ms
[2025-08-19T22:51:45.972+0000][1692007][info ][gc,cpu      ] GC(141) User=0.00s Sys=0.00s Real=0.00s
[2025-08-19T22:51:45.972+0000][1692007][info ][safepoint   ] Safepoint "G1CollectForAllocation", Time since last: 547718082380 ns, Reaching safepoint: 8223 ns, Cleanup: 3796 ns, At safepoint: 3181003 ns, Total: 3193022 ns
[2025-08-19T22:57:24.992+0000][1692007][info ][safepoint   ] Safepoint "Cleanup", Time since last: 339020144481 ns, Reaching safepoint: 44217 ns, Cleanup: 13250 ns, At safepoint: 2023 ns, Total: 59490 ns
[2025-08-19T22:57:54.995+0000][1692007][info ][safepoint   ] Safepoint "Cleanup", Time since last: 30002316444 ns, Reaching safepoint: 44177 ns, Cleanup: 10886 ns, At safepoint: 2093 ns, Total: 57156 ns
[2025-08-19T22:58:24.997+0000][1692007][info ][safepoint   ] Safepoint "Cleanup", Time since last: 30001804321 ns, Reaching safepoint: 43206 ns, Cleanup: 11197 ns, At safepoint: 4366 ns, Total: 58769 ns
[2025-08-19T22:58:38.998+0000][1692007][info ][safepoint   ] Safepoint "Cleanup", Time since last: 14000829014 ns, Reaching safepoint: 228885 ns, Cleanup: 12049 ns, At safepoint: 5137 ns, Total: 246071 ns
[2025-08-19T23:03:28.752+0000][1692007][info ][gc,start    ] GC(142) Pause Young (Concurrent Start) (G1 Evacuation Pause)
[2025-08-19T23:03:28.752+0000][1692007][info ][gc,task     ] GC(142) Using 1 workers of 1 for evacuation
[2025-08-19T23:03:28.752+0000][1692007][debug][gc,age      ] GC(142) Desired survivor size 20971520 bytes, new threshold 15 (max threshold 15)
[2025-08-19T23:03:28.754+0000][1692007][info ][gc,phases   ] GC(142)   Pre Evacuate Collection Set: 0.1ms
[2025-08-19T23:03:28.754+0000][1692007][info ][gc,phases   ] GC(142)   Merge Heap Roots: 0.0ms
[2025-08-19T23:03:28.754+0000][1692007][info ][gc,phases   ] GC(142)   Evacuate Collection Set: 1.2ms
[2025-08-19T23:03:28.754+0000][1692007][info ][gc,phases   ] GC(142)   Post Evacuate Collection Set: 0.7ms
[2025-08-19T23:03:28.754+0000][1692007][info ][gc,phases   ] GC(142)   Other: 0.0ms
[2025-08-19T23:03:28.754+0000][1692007][trace][gc,age      ] GC(142) Age table with threshold 15 (max threshold 15)
[2025-08-19T23:03:28.754+0000][1692007][trace][gc,age      ] GC(142) - age   1:      14280 bytes,      14280 total
[2025-08-19T23:03:28.754+0000][1692007][trace][gc,age      ] GC(142) - age   2:        600 bytes,      14880 total
[2025-08-19T23:03:28.754+0000][1692007][trace][gc,age      ] GC(142) - age   3:        184 bytes,      15064 total
[2025-08-19T23:03:28.754+0000][1692007][trace][gc,age      ] GC(142) - age   9:       6784 bytes,      21848 total
[2025-08-19T23:03:28.754+0000][1692007][trace][gc,age      ] GC(142) - age  14:        928 bytes,      22776 total
[2025-08-19T23:03:28.754+0000][1692007][trace][gc,age      ] GC(142) - age  15:         64 bytes,      22840 total
[2025-08-19T23:03:28.754+0000][1692007][info ][gc,heap     ] GC(142) Eden regions: 75->0(75)
[2025-08-19T23:03:28.754+0000][1692007][info ][gc,heap     ] GC(142) Survivor regions: 1->1(10)
[2025-08-19T23:03:28.754+0000][1692007][info ][gc,heap     ] GC(142) Old regions: 23->23
[2025-08-19T23:03:28.754+0000][1692007][info ][gc,heap     ] GC(142) Humongous regions: 0->0
[2025-08-19T23:03:28.754+0000][1692007][info ][gc,metaspace] GC(142) Metaspace: 141887K(147904K)->141887K(147904K) NonClass: 123073K(126656K)->123073K(126656K) Class: 18814K(21248K)->18814K(21248K)
[2025-08-19T23:03:28.754+0000][1692007][info ][gc          ] GC(142) Pause Young (Concurrent Start) (G1 Evacuation Pause) 391M->91M(512M) 2.265ms
[2025-08-19T23:03:28.754+0000][1692007][info ][gc,cpu      ] GC(142) User=0.00s Sys=0.00s Real=0.00s
[2025-08-19T23:03:28.754+0000][1692007][info ][safepoint   ] Safepoint "G1CollectForAllocation", Time since last: 289753998220 ns, Reaching safepoint: 7301 ns, Cleanup: 2634 ns, At safepoint: 2299392 ns, Total: 2309327 ns
[2025-08-19T23:03:28.760+0000][1692007][info ][gc          ] GC(143) Concurrent Mark Cycle
[2025-08-19T23:03:28.760+0000][1692007][info ][gc,marking  ] GC(143) Concurrent Scan Root Regions
[2025-08-19T23:03:28.761+0000][1692007][info ][gc,marking  ] GC(143) Concurrent Scan Root Regions 0.414ms
[2025-08-19T23:03:28.761+0000][1692007][info ][gc,marking  ] GC(143) Concurrent Mark
[2025-08-19T23:03:28.761+0000][1692007][info ][gc,marking  ] GC(143) Concurrent Mark From Roots
[2025-08-19T23:03:28.761+0000][1692007][info ][gc,task     ] GC(143) Using 1 workers of 1 for marking
[2025-08-19T23:03:28.877+0000][1692007][info ][gc,marking  ] GC(143) Concurrent Mark From Roots 115.942ms
[2025-08-19T23:03:28.877+0000][1692007][info ][gc,marking  ] GC(143) Concurrent Preclean
[2025-08-19T23:03:28.877+0000][1692007][info ][gc,marking  ] GC(143) Concurrent Preclean 0.362ms
[2025-08-19T23:03:28.877+0000][1692007][info ][gc,start    ] GC(143) Pause Remark
[2025-08-19T23:03:28.881+0000][1692007][info ][gc          ] GC(143) Pause Remark 91M->91M(512M) 4.136ms
[2025-08-19T23:03:28.881+0000][1692007][info ][gc,cpu      ] GC(143) User=0.00s Sys=0.00s Real=0.00s
[2025-08-19T23:03:28.881+0000][1692007][info ][safepoint   ] Safepoint "G1PauseRemark", Time since last: 123236286 ns, Reaching safepoint: 5288 ns, Cleanup: 3195 ns, At safepoint: 4171098 ns, Total: 4179581 ns
[2025-08-19T23:03:28.881+0000][1692007][info ][gc,marking  ] GC(143) Concurrent Mark 120.558ms
[2025-08-19T23:03:28.881+0000][1692007][info ][gc,marking  ] GC(143) Concurrent Rebuild Remembered Sets and Scrub Regions
[2025-08-19T23:03:28.926+0000][1692007][info ][gc,marking  ] GC(143) Concurrent Rebuild Remembered Sets and Scrub Regions 44.179ms
[2025-08-19T23:03:28.926+0000][1692007][info ][gc,start    ] GC(143) Pause Cleanup
[2025-08-19T23:03:28.926+0000][1692007][info ][gc          ] GC(143) Pause Cleanup 91M->91M(512M) 0.033ms
[2025-08-19T23:03:28.926+0000][1692007][info ][gc,cpu      ] GC(143) User=0.00s Sys=0.00s Real=0.00s
[2025-08-19T23:03:28.926+0000][1692007][info ][safepoint   ] Safepoint "G1PauseCleanup", Time since last: 44231984 ns, Reaching safepoint: 3315 ns, Cleanup: 1212 ns, At safepoint: 54171 ns, Total: 58698 ns
[2025-08-19T23:03:28.926+0000][1692007][info ][gc,marking  ] GC(143) Concurrent Clear Claimed Marks
[2025-08-19T23:03:28.926+0000][1692007][info ][gc,marking  ] GC(143) Concurrent Clear Claimed Marks 0.139ms
[2025-08-19T23:03:28.926+0000][1692007][info ][gc,marking  ] GC(143) Concurrent Cleanup for Next Mark
[2025-08-19T23:03:28.933+0000][1692007][info ][gc,marking  ] GC(143) Concurrent Cleanup for Next Mark 6.748ms
[2025-08-19T23:03:28.933+0000][1692007][info ][gc          ] GC(143) Concurrent Mark Cycle 172.179ms
[2025-08-19T23:15:11.424+0000][1692007][info ][gc,start    ] GC(144) Pause Young (Normal) (G1 Evacuation Pause)
[2025-08-19T23:15:11.425+0000][1692007][info ][gc,task     ] GC(144) Using 1 workers of 1 for evacuation
[2025-08-19T23:15:11.425+0000][1692007][debug][gc,age      ] GC(144) Desired survivor size 20971520 bytes, new threshold 15 (max threshold 15)
[2025-08-19T23:15:11.427+0000][1692007][info ][gc,phases   ] GC(144)   Pre Evacuate Collection Set: 0.0ms
[2025-08-19T23:15:11.427+0000][1692007][info ][gc,phases   ] GC(144)   Merge Heap Roots: 0.0ms
[2025-08-19T23:15:11.427+0000][1692007][info ][gc,phases   ] GC(144)   Evacuate Collection Set: 1.6ms
[2025-08-19T23:15:11.427+0000][1692007][info ][gc,phases   ] GC(144)   Post Evacuate Collection Set: 0.7ms
[2025-08-19T23:15:11.427+0000][1692007][info ][gc,phases   ] GC(144)   Other: 0.0ms
[2025-08-19T23:15:11.427+0000][1692007][trace][gc,age      ] GC(144) Age table with threshold 15 (max threshold 15)
[2025-08-19T23:15:11.427+0000][1692007][trace][gc,age      ] GC(144) - age   1:       9816 bytes,       9816 total
[2025-08-19T23:15:11.427+0000][1692007][trace][gc,age      ] GC(144) - age   2:       4984 bytes,      14800 total
[2025-08-19T23:15:11.427+0000][1692007][trace][gc,age      ] GC(144) - age   3:        248 bytes,      15048 total
[2025-08-19T23:15:11.427+0000][1692007][trace][gc,age      ] GC(144) - age   4:        184 bytes,      15232 total
[2025-08-19T23:15:11.427+0000][1692007][trace][gc,age      ] GC(144) - age  10:       6784 bytes,      22016 total
[2025-08-19T23:15:11.427+0000][1692007][trace][gc,age      ] GC(144) - age  15:        928 bytes,      22944 total
[2025-08-19T23:15:11.427+0000][1692007][info ][gc,heap     ] GC(144) Eden regions: 75->0(75)
[2025-08-19T23:15:11.427+0000][1692007][info ][gc,heap     ] GC(144) Survivor regions: 1->1(10)
[2025-08-19T23:15:11.427+0000][1692007][info ][gc,heap     ] GC(144) Old regions: 23->23
[2025-08-19T23:15:11.427+0000][1692007][info ][gc,heap     ] GC(144) Humongous regions: 0->0
[2025-08-19T23:15:11.427+0000][1692007][info ][gc,metaspace] GC(144) Metaspace: 141887K(147904K)->141887K(147904K) NonClass: 123073K(126656K)->123073K(126656K) Class: 18814K(21248K)->18814K(21248K)
[2025-08-19T23:15:11.427+0000][1692007][info ][gc          ] GC(144) Pause Young (Normal) (G1 Evacuation Pause) 391M->91M(512M) 2.922ms
[2025-08-19T23:15:11.427+0000][1692007][info ][gc,cpu      ] GC(144) User=0.00s Sys=0.00s Real=0.01s
[2025-08-19T23:15:11.427+0000][1692007][info ][safepoint   ] Safepoint "G1CollectForAllocation", Time since last: 702498656686 ns, Reaching safepoint: 6680 ns, Cleanup: 3015 ns, At safepoint: 2953289 ns, Total: 2962984 ns
[2025-08-19T23:20:55.001+0000][1692007][info ][safepoint   ] Safepoint "Cleanup", Time since last: 343573522755 ns, Reaching safepoint: 43345 ns, Cleanup: 11297 ns, At safepoint: 2134 ns, Total: 56776 ns
[2025-08-19T23:26:54.687+0000][1692007][info ][gc,start    ] GC(145) Pause Young (Concurrent Start) (G1 Evacuation Pause)
[2025-08-19T23:26:54.687+0000][1692007][info ][gc,task     ] GC(145) Using 1 workers of 1 for evacuation
[2025-08-19T23:26:54.687+0000][1692007][debug][gc,age      ] GC(145) Desired survivor size 20971520 bytes, new threshold 15 (max threshold 15)
[2025-08-19T23:26:54.689+0000][1692007][info ][gc,phases   ] GC(145)   Pre Evacuate Collection Set: 0.0ms
[2025-08-19T23:26:54.689+0000][1692007][info ][gc,phases   ] GC(145)   Merge Heap Roots: 0.0ms
[2025-08-19T23:26:54.689+0000][1692007][info ][gc,phases   ] GC(145)   Evacuate Collection Set: 1.3ms
[2025-08-19T23:26:54.689+0000][1692007][info ][gc,phases   ] GC(145)   Post Evacuate Collection Set: 0.7ms
[2025-08-19T23:26:54.689+0000][1692007][info ][gc,phases   ] GC(145)   Other: 0.0ms
[2025-08-19T23:26:54.689+0000][1692007][trace][gc,age      ] GC(145) Age table with threshold 15 (max threshold 15)
[2025-08-19T23:26:54.689+0000][1692007][trace][gc,age      ] GC(145) - age   1:      12072 bytes,      12072 total
[2025-08-19T23:26:54.689+0000][1692007][trace][gc,age      ] GC(145) - age   2:        312 bytes,      12384 total
[2025-08-19T23:26:54.689+0000][1692007][trace][gc,age      ] GC(145) - age   3:       4984 bytes,      17368 total
[2025-08-19T23:26:54.689+0000][1692007][trace][gc,age      ] GC(145) - age   4:        248 bytes,      17616 total
[2025-08-19T23:26:54.689+0000][1692007][trace][gc,age      ] GC(145) - age   5:        184 bytes,      17800 total
[2025-08-19T23:26:54.689+0000][1692007][trace][gc,age      ] GC(145) - age  11:       6784 bytes,      24584 total
[2025-08-19T23:26:54.689+0000][1692007][info ][gc,heap     ] GC(145) Eden regions: 75->0(75)
[2025-08-19T23:26:54.689+0000][1692007][info ][gc,heap     ] GC(145) Survivor regions: 1->1(10)
[2025-08-19T23:26:54.689+0000][1692007][info ][gc,heap     ] GC(145) Old regions: 23->23
[2025-08-19T23:26:54.689+0000][1692007][info ][gc,heap     ] GC(145) Humongous regions: 0->0
[2025-08-19T23:26:54.689+0000][1692007][info ][gc,metaspace] GC(145) Metaspace: 141888K(147904K)->141888K(147904K) NonClass: 123074K(126656K)->123074K(126656K) Class: 18814K(21248K)->18814K(21248K)
[2025-08-19T23:26:54.689+0000][1692007][info ][gc          ] GC(145) Pause Young (Concurrent Start) (G1 Evacuation Pause) 391M->91M(512M) 2.381ms
[2025-08-19T23:26:54.689+0000][1692007][info ][gc,cpu      ] GC(145) User=0.00s Sys=0.00s Real=0.00s
[2025-08-19T23:26:54.689+0000][1692007][info ][safepoint   ] Safepoint "G1CollectForAllocation", Time since last: 359685802363 ns, Reaching safepoint: 9725 ns, Cleanup: 3445 ns, At safepoint: 2417300 ns, Total: 2430470 ns
[2025-08-19T23:26:54.695+0000][1692007][info ][gc          ] GC(146) Concurrent Mark Cycle
[2025-08-19T23:26:54.695+0000][1692007][info ][gc,marking  ] GC(146) Concurrent Scan Root Regions
[2025-08-19T23:26:54.696+0000][1692007][info ][gc,marking  ] GC(146) Concurrent Scan Root Regions 0.408ms
[2025-08-19T23:26:54.696+0000][1692007][info ][gc,marking  ] GC(146) Concurrent Mark
[2025-08-19T23:26:54.696+0000][1692007][info ][gc,marking  ] GC(146) Concurrent Mark From Roots
[2025-08-19T23:26:54.696+0000][1692007][info ][gc,task     ] GC(146) Using 1 workers of 1 for marking
[2025-08-19T23:26:54.820+0000][1692007][info ][gc,marking  ] GC(146) Concurrent Mark From Roots 124.008ms
[2025-08-19T23:26:54.820+0000][1692007][info ][gc,marking  ] GC(146) Concurrent Preclean
[2025-08-19T23:26:54.820+0000][1692007][info ][gc,marking  ] GC(146) Concurrent Preclean 0.386ms
[2025-08-19T23:26:54.820+0000][1692007][info ][gc,start    ] GC(146) Pause Remark
[2025-08-19T23:26:54.825+0000][1692007][info ][gc          ] GC(146) Pause Remark 95M->95M(512M) 4.263ms
[2025-08-19T23:26:54.825+0000][1692007][info ][gc,cpu      ] GC(146) User=0.01s Sys=0.00s Real=0.00s
[2025-08-19T23:26:54.825+0000][1692007][info ][safepoint   ] Safepoint "G1PauseRemark", Time since last: 131174872 ns, Reaching safepoint: 4948 ns, Cleanup: 2914 ns, At safepoint: 4299553 ns, Total: 4307415 ns
[2025-08-19T23:26:54.825+0000][1692007][info ][gc,marking  ] GC(146) Concurrent Mark 128.775ms
[2025-08-19T23:26:54.825+0000][1692007][info ][gc,marking  ] GC(146) Concurrent Rebuild Remembered Sets and Scrub Regions
[2025-08-19T23:26:54.862+0000][1692007][info ][gc,marking  ] GC(146) Concurrent Rebuild Remembered Sets and Scrub Regions 37.067ms
[2025-08-19T23:26:54.862+0000][1692007][info ][gc,start    ] GC(146) Pause Cleanup
[2025-08-19T23:26:54.862+0000][1692007][info ][gc          ] GC(146) Pause Cleanup 95M->95M(512M) 0.035ms
[2025-08-19T23:26:54.862+0000][1692007][info ][gc,cpu      ] GC(146) User=0.00s Sys=0.00s Real=0.00s
[2025-08-19T23:26:54.862+0000][1692007][info ][safepoint   ] Safepoint "G1PauseCleanup", Time since last: 37118374 ns, Reaching safepoint: 3725 ns, Cleanup: 1643 ns, At safepoint: 55494 ns, Total: 60862 ns
[2025-08-19T23:26:54.862+0000][1692007][info ][gc,marking  ] GC(146) Concurrent Clear Claimed Marks
[2025-08-19T23:26:54.862+0000][1692007][info ][gc,marking  ] GC(146) Concurrent Clear Claimed Marks 0.132ms
[2025-08-19T23:26:54.862+0000][1692007][info ][gc,marking  ] GC(146) Concurrent Cleanup for Next Mark
[2025-08-19T23:26:54.870+0000][1692007][info ][gc,marking  ] GC(146) Concurrent Cleanup for Next Mark 8.142ms
[2025-08-19T23:26:54.870+0000][1692007][info ][gc          ] GC(146) Concurrent Mark Cycle 174.668ms
[2025-08-19T23:29:09.870+0000][1692007][info ][safepoint   ] Safepoint "Cleanup", Time since last: 135007890078 ns, Reaching safepoint: 41202 ns, Cleanup: 8803 ns, At safepoint: 4417 ns, Total: 54422 ns
[2025-08-19T23:30:39.876+0000][1692007][info ][safepoint   ] Safepoint "Cleanup", Time since last: 90005874120 ns, Reaching safepoint: 40031 ns, Cleanup: 7882 ns, At safepoint: 279612 ns, Total: 327525 ns
[2025-08-19T23:36:44.898+0000][1692007][info ][safepoint   ] Safepoint "Cleanup", Time since last: 365021755945 ns, Reaching safepoint: 38889 ns, Cleanup: 11267 ns, At safepoint: 4707 ns, Total: 54863 ns
[2025-08-19T23:38:39.855+0000][1692007][info ][gc,start    ] GC(147) Pause Young (Normal) (G1 Evacuation Pause)
[2025-08-19T23:38:39.855+0000][1692007][info ][gc,task     ] GC(147) Using 1 workers of 1 for evacuation
[2025-08-19T23:38:39.855+0000][1692007][debug][gc,age      ] GC(147) Desired survivor size 20971520 bytes, new threshold 15 (max threshold 15)
[2025-08-19T23:38:39.859+0000][1692007][info ][gc,phases   ] GC(147)   Pre Evacuate Collection Set: 0.1ms
[2025-08-19T23:38:39.859+0000][1692007][info ][gc,phases   ] GC(147)   Merge Heap Roots: 0.5ms
[2025-08-19T23:38:39.859+0000][1692007][info ][gc,phases   ] GC(147)   Evacuate Collection Set: 2.3ms
[2025-08-19T23:38:39.859+0000][1692007][info ][gc,phases   ] GC(147)   Post Evacuate Collection Set: 0.8ms
[2025-08-19T23:38:39.859+0000][1692007][info ][gc,phases   ] GC(147)   Other: 0.3ms
[2025-08-19T23:38:39.859+0000][1692007][trace][gc,age      ] GC(147) Age table with threshold 15 (max threshold 15)
[2025-08-19T23:38:39.859+0000][1692007][trace][gc,age      ] GC(147) - age   1:      10048 bytes,      10048 total
[2025-08-19T23:38:39.859+0000][1692007][trace][gc,age      ] GC(147) - age   3:        312 bytes,      10360 total
[2025-08-19T23:38:39.859+0000][1692007][trace][gc,age      ] GC(147) - age   4:       4984 bytes,      15344 total
[2025-08-19T23:38:39.859+0000][1692007][trace][gc,age      ] GC(147) - age   5:        248 bytes,      15592 total
[2025-08-19T23:38:39.859+0000][1692007][trace][gc,age      ] GC(147) - age   6:        184 bytes,      15776 total
[2025-08-19T23:38:39.859+0000][1692007][trace][gc,age      ] GC(147) - age  12:       6784 bytes,      22560 total
[2025-08-19T23:38:39.859+0000][1692007][info ][gc,heap     ] GC(147) Eden regions: 75->0(75)
[2025-08-19T23:38:39.859+0000][1692007][info ][gc,heap     ] GC(147) Survivor regions: 1->1(10)
[2025-08-19T23:38:39.859+0000][1692007][info ][gc,heap     ] GC(147) Old regions: 23->23
[2025-08-19T23:38:39.859+0000][1692007][info ][gc,heap     ] GC(147) Humongous regions: 0->0
[2025-08-19T23:38:39.859+0000][1692007][info ][gc,metaspace] GC(147) Metaspace: 141888K(147904K)->141888K(147904K) NonClass: 123074K(126656K)->123074K(126656K) Class: 18814K(21248K)->18814K(21248K)
[2025-08-19T23:38:39.859+0000][1692007][info ][gc          ] GC(147) Pause Young (Normal) (G1 Evacuation Pause) 391M->91M(512M) 4.231ms
[2025-08-19T23:38:39.859+0000][1692007][info ][gc,cpu      ] GC(147) User=0.00s Sys=0.00s Real=0.01s
[2025-08-19T23:38:39.859+0000][1692007][info ][safepoint   ] Safepoint "G1CollectForAllocation", Time since last: 114957471631 ns, Reaching safepoint: 7461 ns, Cleanup: 2994 ns, At safepoint: 4265121 ns, Total: 4275576 ns
[2025-08-19T23:50:24.776+0000][1692007][info ][gc,start    ] GC(148) Pause Young (Concurrent Start) (G1 Evacuation Pause)
[2025-08-19T23:50:25.024+0000][1692007][info ][gc,task     ] GC(148) Using 1 workers of 1 for evacuation
[2025-08-19T23:50:25.024+0000][1692007][debug][gc,age      ] GC(148) Desired survivor size 20971520 bytes, new threshold 15 (max threshold 15)
[2025-08-19T23:50:25.026+0000][1692007][info ][gc,phases   ] GC(148)   Pre Evacuate Collection Set: 0.1ms
[2025-08-19T23:50:25.026+0000][1692007][info ][gc,phases   ] GC(148)   Merge Heap Roots: 0.0ms
[2025-08-19T23:50:25.026+0000][1692007][info ][gc,phases   ] GC(148)   Evacuate Collection Set: 1.3ms
[2025-08-19T23:50:25.026+0000][1692007][info ][gc,phases   ] GC(148)   Post Evacuate Collection Set: 0.7ms
[2025-08-19T23:50:25.026+0000][1692007][info ][gc,phases   ] GC(148)   Other: 0.1ms
[2025-08-19T23:50:25.026+0000][1692007][trace][gc,age      ] GC(148) Age table with threshold 15 (max threshold 15)
[2025-08-19T23:50:25.026+0000][1692007][trace][gc,age      ] GC(148) - age   1:       9168 bytes,       9168 total
[2025-08-19T23:50:25.026+0000][1692007][trace][gc,age      ] GC(148) - age   2:        352 bytes,       9520 total
[2025-08-19T23:50:25.026+0000][1692007][trace][gc,age      ] GC(148) - age   4:        312 bytes,       9832 total
[2025-08-19T23:50:25.026+0000][1692007][trace][gc,age      ] GC(148) - age   5:       4984 bytes,      14816 total
[2025-08-19T23:50:25.026+0000][1692007][trace][gc,age      ] GC(148) - age   6:        248 bytes,      15064 total
[2025-08-19T23:50:25.026+0000][1692007][trace][gc,age      ] GC(148) - age   7:        184 bytes,      15248 total
[2025-08-19T23:50:25.026+0000][1692007][trace][gc,age      ] GC(148) - age  13:       6784 bytes,      22032 total
[2025-08-19T23:50:25.026+0000][1692007][info ][gc,heap     ] GC(148) Eden regions: 75->0(75)
[2025-08-19T23:50:25.026+0000][1692007][info ][gc,heap     ] GC(148) Survivor regions: 1->1(10)
[2025-08-19T23:50:25.026+0000][1692007][info ][gc,heap     ] GC(148) Old regions: 23->23
[2025-08-19T23:50:25.026+0000][1692007][info ][gc,heap     ] GC(148) Humongous regions: 0->0
[2025-08-19T23:50:25.026+0000][1692007][info ][gc,metaspace] GC(148) Metaspace: 141888K(147904K)->141888K(147904K) NonClass: 123074K(126656K)->123074K(126656K) Class: 18814K(21248K)->18814K(21248K)
[2025-08-19T23:50:25.026+0000][1692007][info ][gc          ] GC(148) Pause Young (Concurrent Start) (G1 Evacuation Pause) 391M->91M(512M) 250.728ms
[2025-08-19T23:50:25.026+0000][1692007][info ][gc,cpu      ] GC(148) User=0.00s Sys=0.00s Real=0.25s
[2025-08-19T23:50:25.026+0000][1692007][info ][safepoint   ] Safepoint "G1CollectForAllocation", Time since last: 704916168827 ns, Reaching safepoint: 7061 ns, Cleanup: 2814 ns, At safepoint: 250790947 ns, Total: 250800822 ns
[2025-08-19T23:50:25.026+0000][1692007][info ][gc          ] GC(149) Concurrent Mark Cycle
[2025-08-19T23:50:25.026+0000][1692007][info ][gc,marking  ] GC(149) Concurrent Scan Root Regions
[2025-08-19T23:50:25.033+0000][1692007][info ][gc,marking  ] GC(149) Concurrent Scan Root Regions 6.567ms
[2025-08-19T23:50:25.033+0000][1692007][info ][gc,marking  ] GC(149) Concurrent Mark
[2025-08-19T23:50:25.033+0000][1692007][info ][gc,marking  ] GC(149) Concurrent Mark From Roots
[2025-08-19T23:50:25.033+0000][1692007][info ][gc,task     ] GC(149) Using 1 workers of 1 for marking
[2025-08-19T23:50:25.144+0000][1692007][info ][gc,marking  ] GC(149) Concurrent Mark From Roots 110.885ms
[2025-08-19T23:50:25.144+0000][1692007][info ][gc,marking  ] GC(149) Concurrent Preclean
[2025-08-19T23:50:25.144+0000][1692007][info ][gc,marking  ] GC(149) Concurrent Preclean 0.362ms
[2025-08-19T23:50:25.144+0000][1692007][info ][gc,start    ] GC(149) Pause Remark
[2025-08-19T23:50:25.148+0000][1692007][info ][gc          ] GC(149) Pause Remark 94M->94M(512M) 4.160ms
[2025-08-19T23:50:25.149+0000][1692007][info ][gc,cpu      ] GC(149) User=0.00s Sys=0.00s Real=0.01s
[2025-08-19T23:50:25.149+0000][1692007][info ][safepoint   ] Safepoint "G1PauseRemark", Time since last: 117917902 ns, Reaching safepoint: 5017 ns, Cleanup: 3215 ns, At safepoint: 4201084 ns, Total: 4209316 ns
[2025-08-19T23:50:25.149+0000][1692007][info ][gc,marking  ] GC(149) Concurrent Mark 115.530ms
[2025-08-19T23:50:25.149+0000][1692007][info ][gc,marking  ] GC(149) Concurrent Rebuild Remembered Sets and Scrub Regions
[2025-08-19T23:50:25.207+0000][1692007][info ][gc,marking  ] GC(149) Concurrent Rebuild Remembered Sets and Scrub Regions 58.400ms
[2025-08-19T23:50:25.207+0000][1692007][info ][gc,start    ] GC(149) Pause Cleanup
[2025-08-19T23:50:25.207+0000][1692007][info ][gc          ] GC(149) Pause Cleanup 94M->94M(512M) 0.037ms
[2025-08-19T23:50:25.207+0000][1692007][info ][gc,cpu      ] GC(149) User=0.00s Sys=0.00s Real=0.00s
[2025-08-19T23:50:25.207+0000][1692007][info ][safepoint   ] Safepoint "G1PauseCleanup", Time since last: 58451710 ns, Reaching safepoint: 3886 ns, Cleanup: 1182 ns, At safepoint: 62765 ns, Total: 67833 ns
[2025-08-19T23:50:25.207+0000][1692007][info ][gc,marking  ] GC(149) Concurrent Clear Claimed Marks
[2025-08-19T23:50:25.207+0000][1692007][info ][gc,marking  ] GC(149) Concurrent Clear Claimed Marks 0.170ms
[2025-08-19T23:50:25.207+0000][1692007][info ][gc,marking  ] GC(149) Concurrent Cleanup for Next Mark
[2025-08-19T23:50:25.207+0000][1692007][info ][gc,marking  ] GC(149) Concurrent Cleanup for Next Mark 0.268ms
[2025-08-19T23:50:25.208+0000][1692007][info ][gc          ] GC(149) Concurrent Mark Cycle 181.123ms
[2025-08-19T23:56:11.229+0000][1692007][info ][safepoint   ] Safepoint "Cleanup", Time since last: 346022178660 ns, Reaching safepoint: 34572 ns, Cleanup: 11017 ns, At safepoint: 4457 ns, Total: 50046 ns
[2025-08-20T00:02:10.433+0000][1692007][info ][gc,start    ] GC(150) Pause Young (Normal) (G1 Evacuation Pause)
[2025-08-20T00:02:10.433+0000][1692007][info ][gc,task     ] GC(150) Using 1 workers of 1 for evacuation
[2025-08-20T00:02:10.433+0000][1692007][debug][gc,age      ] GC(150) Desired survivor size 20971520 bytes, new threshold 15 (max threshold 15)
[2025-08-20T00:02:10.436+0000][1692007][info ][gc,phases   ] GC(150)   Pre Evacuate Collection Set: 0.0ms
[2025-08-20T00:02:10.436+0000][1692007][info ][gc,phases   ] GC(150)   Merge Heap Roots: 0.0ms
[2025-08-20T00:02:10.436+0000][1692007][info ][gc,phases   ] GC(150)   Evacuate Collection Set: 1.6ms
[2025-08-20T00:02:10.436+0000][1692007][info ][gc,phases   ] GC(150)   Post Evacuate Collection Set: 0.8ms
[2025-08-20T00:02:10.436+0000][1692007][info ][gc,phases   ] GC(150)   Other: 0.0ms
[2025-08-20T00:02:10.436+0000][1692007][trace][gc,age      ] GC(150) Age table with threshold 15 (max threshold 15)
[2025-08-20T00:02:10.436+0000][1692007][trace][gc,age      ] GC(150) - age   1:       9952 bytes,       9952 total
[2025-08-20T00:02:10.436+0000][1692007][trace][gc,age      ] GC(150) - age   5:        312 bytes,      10264 total
[2025-08-20T00:02:10.436+0000][1692007][trace][gc,age      ] GC(150) - age   6:       4984 bytes,      15248 total
[2025-08-20T00:02:10.436+0000][1692007][trace][gc,age      ] GC(150) - age   7:         72 bytes,      15320 total
[2025-08-20T00:02:10.436+0000][1692007][trace][gc,age      ] GC(150) - age   8:        184 bytes,      15504 total
[2025-08-20T00:02:10.436+0000][1692007][trace][gc,age      ] GC(150) - age  14:       6784 bytes,      22288 total
[2025-08-20T00:02:10.436+0000][1692007][info ][gc,heap     ] GC(150) Eden regions: 75->0(75)
[2025-08-20T00:02:10.436+0000][1692007][info ][gc,heap     ] GC(150) Survivor regions: 1->1(10)
[2025-08-20T00:02:10.436+0000][1692007][info ][gc,heap     ] GC(150) Old regions: 23->23
[2025-08-20T00:02:10.436+0000][1692007][info ][gc,heap     ] GC(150) Humongous regions: 0->0
[2025-08-20T00:02:10.436+0000][1692007][info ][gc,metaspace] GC(150) Metaspace: 141889K(147904K)->141889K(147904K) NonClass: 123075K(126656K)->123075K(126656K) Class: 18814K(21248K)->18814K(21248K)
[2025-08-20T00:02:10.436+0000][1692007][info ][gc          ] GC(150) Pause Young (Normal) (G1 Evacuation Pause) 391M->91M(512M) 3.098ms
[2025-08-20T00:02:10.436+0000][1692007][info ][gc,cpu      ] GC(150) User=0.00s Sys=0.00s Real=0.01s
[2025-08-20T00:02:10.436+0000][1692007][info ][safepoint   ] Safepoint "G1CollectForAllocation", Time since last: 359203211155 ns, Reaching safepoint: 9424 ns, Cleanup: 3476 ns, At safepoint: 3133381 ns, Total: 3146281 ns
[2025-08-20T00:13:53.890+0000][1692007][info ][gc,start    ] GC(151) Pause Young (Concurrent Start) (G1 Evacuation Pause)
[2025-08-20T00:13:53.890+0000][1692007][info ][gc,task     ] GC(151) Using 1 workers of 1 for evacuation
[2025-08-20T00:13:53.890+0000][1692007][debug][gc,age      ] GC(151) Desired survivor size 20971520 bytes, new threshold 15 (max threshold 15)
[2025-08-20T00:13:53.892+0000][1692007][info ][gc,phases   ] GC(151)   Pre Evacuate Collection Set: 0.1ms
[2025-08-20T00:13:53.892+0000][1692007][info ][gc,phases   ] GC(151)   Merge Heap Roots: 0.0ms
[2025-08-20T00:13:53.892+0000][1692007][info ][gc,phases   ] GC(151)   Evacuate Collection Set: 1.2ms
[2025-08-20T00:13:53.892+0000][1692007][info ][gc,phases   ] GC(151)   Post Evacuate Collection Set: 0.8ms
[2025-08-20T00:13:53.892+0000][1692007][info ][gc,phases   ] GC(151)   Other: 0.0ms
[2025-08-20T00:13:53.892+0000][1692007][trace][gc,age      ] GC(151) Age table with threshold 15 (max threshold 15)
[2025-08-20T00:13:53.892+0000][1692007][trace][gc,age      ] GC(151) - age   1:       9776 bytes,       9776 total
[2025-08-20T00:13:53.892+0000][1692007][trace][gc,age      ] GC(151) - age   2:        176 bytes,       9952 total
[2025-08-20T00:13:53.892+0000][1692007][trace][gc,age      ] GC(151) - age   6:        312 bytes,      10264 total
[2025-08-20T00:13:53.892+0000][1692007][trace][gc,age      ] GC(151) - age   7:       4984 bytes,      15248 total
[2025-08-20T00:13:53.892+0000][1692007][trace][gc,age      ] GC(151) - age   8:         72 bytes,      15320 total
[2025-08-20T00:13:53.892+0000][1692007][trace][gc,age      ] GC(151) - age   9:        184 bytes,      15504 total
[2025-08-20T00:13:53.892+0000][1692007][trace][gc,age      ] GC(151) - age  15:       6784 bytes,      22288 total
[2025-08-20T00:13:53.892+0000][1692007][info ][gc,heap     ] GC(151) Eden regions: 75->0(75)
[2025-08-20T00:13:53.892+0000][1692007][info ][gc,heap     ] GC(151) Survivor regions: 1->1(10)
[2025-08-20T00:13:53.892+0000][1692007][info ][gc,heap     ] GC(151) Old regions: 23->23
[2025-08-20T00:13:53.892+0000][1692007][info ][gc,heap     ] GC(151) Humongous regions: 0->0
[2025-08-20T00:13:53.892+0000][1692007][info ][gc,metaspace] GC(151) Metaspace: 141889K(147904K)->141889K(147904K) NonClass: 123075K(126656K)->123075K(126656K) Class: 18814K(21248K)->18814K(21248K)
[2025-08-20T00:13:53.892+0000][1692007][info ][gc          ] GC(151) Pause Young (Concurrent Start) (G1 Evacuation Pause) 391M->91M(512M) 2.611ms
[2025-08-20T00:13:53.892+0000][1692007][info ][gc,cpu      ] GC(151) User=0.01s Sys=0.00s Real=0.00s
[2025-08-20T00:13:53.892+0000][1692007][info ][safepoint   ] Safepoint "G1CollectForAllocation", Time since last: 703454086983 ns, Reaching safepoint: 8002 ns, Cleanup: 3536 ns, At safepoint: 2646986 ns, Total: 2658524 ns
[2025-08-20T00:13:53.899+0000][1692007][info ][gc          ] GC(152) Concurrent Mark Cycle
[2025-08-20T00:13:53.899+0000][1692007][info ][gc,marking  ] GC(152) Concurrent Scan Root Regions
[2025-08-20T00:13:53.900+0000][1692007][info ][gc,marking  ] GC(152) Concurrent Scan Root Regions 0.443ms
[2025-08-20T00:13:53.900+0000][1692007][info ][gc,marking  ] GC(152) Concurrent Mark
[2025-08-20T00:13:53.900+0000][1692007][info ][gc,marking  ] GC(152) Concurrent Mark From Roots
[2025-08-20T00:13:53.900+0000][1692007][info ][gc,task     ] GC(152) Using 1 workers of 1 for marking
[2025-08-20T00:13:54.021+0000][1692007][info ][gc,marking  ] GC(152) Concurrent Mark From Roots 121.397ms
[2025-08-20T00:13:54.021+0000][1692007][info ][gc,marking  ] GC(152) Concurrent Preclean
[2025-08-20T00:13:54.022+0000][1692007][info ][gc,marking  ] GC(152) Concurrent Preclean 0.400ms
[2025-08-20T00:13:54.022+0000][1692007][info ][gc,start    ] GC(152) Pause Remark
[2025-08-20T00:13:54.026+0000][1692007][info ][gc          ] GC(152) Pause Remark 94M->94M(512M) 4.080ms
[2025-08-20T00:13:54.026+0000][1692007][info ][gc,cpu      ] GC(152) User=0.00s Sys=0.00s Real=0.01s
[2025-08-20T00:13:54.026+0000][1692007][info ][safepoint   ] Safepoint "G1PauseRemark", Time since last: 129296872 ns, Reaching safepoint: 3706 ns, Cleanup: 1663 ns, At safepoint: 4113280 ns, Total: 4118649 ns
[2025-08-20T00:13:54.026+0000][1692007][info ][gc,marking  ] GC(152) Concurrent Mark 125.987ms
[2025-08-20T00:13:54.026+0000][1692007][info ][gc,marking  ] GC(152) Concurrent Rebuild Remembered Sets and Scrub Regions
[2025-08-20T00:13:54.072+0000][1692007][info ][gc,marking  ] GC(152) Concurrent Rebuild Remembered Sets and Scrub Regions 45.868ms
[2025-08-20T00:13:54.072+0000][1692007][info ][gc,start    ] GC(152) Pause Cleanup
[2025-08-20T00:13:54.072+0000][1692007][info ][gc          ] GC(152) Pause Cleanup 94M->94M(512M) 0.034ms
[2025-08-20T00:13:54.072+0000][1692007][info ][gc,cpu      ] GC(152) User=0.00s Sys=0.00s Real=0.00s
[2025-08-20T00:13:54.072+0000][1692007][info ][safepoint   ] Safepoint "G1PauseCleanup", Time since last: 45915661 ns, Reaching safepoint: 3145 ns, Cleanup: 1051 ns, At safepoint: 54573 ns, Total: 58769 ns
[2025-08-20T00:13:54.072+0000][1692007][info ][gc,marking  ] GC(152) Concurrent Clear Claimed Marks
[2025-08-20T00:13:54.072+0000][1692007][info ][gc,marking  ] GC(152) Concurrent Clear Claimed Marks 0.148ms
[2025-08-20T00:13:54.072+0000][1692007][info ][gc,marking  ] GC(152) Concurrent Cleanup for Next Mark
[2025-08-20T00:13:54.072+0000][1692007][info ][gc,marking  ] GC(152) Concurrent Cleanup for Next Mark 0.253ms
[2025-08-20T00:13:54.072+0000][1692007][info ][gc          ] GC(152) Concurrent Mark Cycle 172.848ms
[2025-08-20T00:25:37.051+0000][1692007][info ][gc,start    ] GC(153) Pause Young (Normal) (G1 Evacuation Pause)
[2025-08-20T00:25:37.051+0000][1692007][info ][gc,task     ] GC(153) Using 1 workers of 1 for evacuation
[2025-08-20T00:25:37.051+0000][1692007][debug][gc,age      ] GC(153) Desired survivor size 20971520 bytes, new threshold 15 (max threshold 15)
[2025-08-20T00:25:37.054+0000][1692007][info ][gc,phases   ] GC(153)   Pre Evacuate Collection Set: 0.0ms
[2025-08-20T00:25:37.054+0000][1692007][info ][gc,phases   ] GC(153)   Merge Heap Roots: 0.0ms
[2025-08-20T00:25:37.054+0000][1692007][info ][gc,phases   ] GC(153)   Evacuate Collection Set: 1.6ms
[2025-08-20T00:25:37.054+0000][1692007][info ][gc,phases   ] GC(153)   Post Evacuate Collection Set: 0.8ms
[2025-08-20T00:25:37.054+0000][1692007][info ][gc,phases   ] GC(153)   Other: 0.0ms
[2025-08-20T00:25:37.054+0000][1692007][trace][gc,age      ] GC(153) Age table with threshold 15 (max threshold 15)
[2025-08-20T00:25:37.054+0000][1692007][trace][gc,age      ] GC(153) - age   1:      11024 bytes,      11024 total
[2025-08-20T00:25:37.054+0000][1692007][trace][gc,age      ] GC(153) - age   3:        176 bytes,      11200 total
[2025-08-20T00:25:37.054+0000][1692007][trace][gc,age      ] GC(153) - age   7:        312 bytes,      11512 total
[2025-08-20T00:25:37.054+0000][1692007][trace][gc,age      ] GC(153) - age   8:       4984 bytes,      16496 total
[2025-08-20T00:25:37.054+0000][1692007][trace][gc,age      ] GC(153) - age   9:         72 bytes,      16568 total
[2025-08-20T00:25:37.054+0000][1692007][trace][gc,age      ] GC(153) - age  10:        184 bytes,      16752 total
[2025-08-20T00:25:37.054+0000][1692007][info ][gc,heap     ] GC(153) Eden regions: 75->0(75)
[2025-08-20T00:25:37.054+0000][1692007][info ][gc,heap     ] GC(153) Survivor regions: 1->1(10)
[2025-08-20T00:25:37.054+0000][1692007][info ][gc,heap     ] GC(153) Old regions: 23->23
[2025-08-20T00:25:37.054+0000][1692007][info ][gc,heap     ] GC(153) Humongous regions: 0->0
[2025-08-20T00:25:37.054+0000][1692007][info ][gc,metaspace] GC(153) Metaspace: 141889K(147904K)->141889K(147904K) NonClass: 123075K(126656K)->123075K(126656K) Class: 18814K(21248K)->18814K(21248K)
[2025-08-20T00:25:37.054+0000][1692007][info ][gc          ] GC(153) Pause Young (Normal) (G1 Evacuation Pause) 391M->91M(512M) 2.724ms
[2025-08-20T00:25:37.054+0000][1692007][info ][gc,cpu      ] GC(153) User=0.00s Sys=0.00s Real=0.00s
[2025-08-20T00:25:37.054+0000][1692007][info ][safepoint   ] Safepoint "G1CollectForAllocation", Time since last: 702979254357 ns, Reaching safepoint: 7392 ns, Cleanup: 2433 ns, At safepoint: 2755741 ns, Total: 2765566 ns
[2025-08-20T00:26:42.058+0000][1692007][info ][safepoint   ] Safepoint "Cleanup", Time since last: 65003831427 ns, Reaching safepoint: 44267 ns, Cleanup: 11056 ns, At safepoint: 2043 ns, Total: 57366 ns
[2025-08-20T00:26:55.059+0000][1692007][info ][safepoint   ] Safepoint "Cleanup", Time since last: 13000810426 ns, Reaching safepoint: 42735 ns, Cleanup: 10616 ns, At safepoint: 4487 ns, Total: 57838 ns
[2025-08-20T00:37:21.322+0000][1692007][info ][gc,start    ] GC(154) Pause Young (Concurrent Start) (G1 Evacuation Pause)
[2025-08-20T00:37:21.323+0000][1692007][info ][gc,task     ] GC(154) Using 1 workers of 1 for evacuation
[2025-08-20T00:37:21.323+0000][1692007][debug][gc,age      ] GC(154) Desired survivor size 20971520 bytes, new threshold 15 (max threshold 15)
[2025-08-20T00:37:21.325+0000][1692007][info ][gc,phases   ] GC(154)   Pre Evacuate Collection Set: 0.1ms
[2025-08-20T00:37:21.325+0000][1692007][info ][gc,phases   ] GC(154)   Merge Heap Roots: 0.0ms
[2025-08-20T00:37:21.325+0000][1692007][info ][gc,phases   ] GC(154)   Evacuate Collection Set: 1.2ms
[2025-08-20T00:37:21.325+0000][1692007][info ][gc,phases   ] GC(154)   Post Evacuate Collection Set: 0.8ms
[2025-08-20T00:37:21.325+0000][1692007][info ][gc,phases   ] GC(154)   Other: 0.3ms
[2025-08-20T00:37:21.325+0000][1692007][trace][gc,age      ] GC(154) Age table with threshold 15 (max threshold 15)
[2025-08-20T00:37:21.325+0000][1692007][trace][gc,age      ] GC(154) - age   1:       9384 bytes,       9384 total
[2025-08-20T00:37:21.325+0000][1692007][trace][gc,age      ] GC(154) - age   4:        176 bytes,       9560 total
[2025-08-20T00:37:21.325+0000][1692007][trace][gc,age      ] GC(154) - age   8:        312 bytes,       9872 total
[2025-08-20T00:37:21.325+0000][1692007][trace][gc,age      ] GC(154) - age   9:       4984 bytes,      14856 total
[2025-08-20T00:37:21.325+0000][1692007][trace][gc,age      ] GC(154) - age  10:         72 bytes,      14928 total
[2025-08-20T00:37:21.325+0000][1692007][trace][gc,age      ] GC(154) - age  11:        184 bytes,      15112 total
[2025-08-20T00:37:21.325+0000][1692007][info ][gc,heap     ] GC(154) Eden regions: 75->0(75)
[2025-08-20T00:37:21.325+0000][1692007][info ][gc,heap     ] GC(154) Survivor regions: 1->1(10)
[2025-08-20T00:37:21.325+0000][1692007][info ][gc,heap     ] GC(154) Old regions: 23->23
[2025-08-20T00:37:21.325+0000][1692007][info ][gc,heap     ] GC(154) Humongous regions: 0->0
[2025-08-20T00:37:21.325+0000][1692007][info ][gc,metaspace] GC(154) Metaspace: 141893K(147904K)->141893K(147904K) NonClass: 123079K(126656K)->123079K(126656K) Class: 18814K(21248K)->18814K(21248K)
[2025-08-20T00:37:21.325+0000][1692007][info ][gc          ] GC(154) Pause Young (Concurrent Start) (G1 Evacuation Pause) 391M->91M(512M) 2.789ms
[2025-08-20T00:37:21.325+0000][1692007][info ][gc,cpu      ] GC(154) User=0.00s Sys=0.00s Real=0.00s
[2025-08-20T00:37:21.325+0000][1692007][info ][safepoint   ] Safepoint "G1CollectForAllocation", Time since last: 626263789602 ns, Reaching safepoint: 7171 ns, Cleanup: 3125 ns, At safepoint: 2828932 ns, Total: 2839228 ns
[2025-08-20T00:37:21.330+0000][1692007][info ][gc          ] GC(155) Concurrent Mark Cycle
[2025-08-20T00:37:21.330+0000][1692007][info ][gc,marking  ] GC(155) Concurrent Scan Root Regions
[2025-08-20T00:37:21.331+0000][1692007][info ][gc,marking  ] GC(155) Concurrent Scan Root Regions 0.910ms
[2025-08-20T00:37:21.331+0000][1692007][info ][gc,marking  ] GC(155) Concurrent Mark
[2025-08-20T00:37:21.331+0000][1692007][info ][gc,marking  ] GC(155) Concurrent Mark From Roots
[2025-08-20T00:37:21.331+0000][1692007][info ][gc,task     ] GC(155) Using 1 workers of 1 for marking
[2025-08-20T00:37:21.459+0000][1692007][info ][gc,marking  ] GC(155) Concurrent Mark From Roots 127.987ms
[2025-08-20T00:37:21.459+0000][1692007][info ][gc,marking  ] GC(155) Concurrent Preclean
[2025-08-20T00:37:21.460+0000][1692007][info ][gc,marking  ] GC(155) Concurrent Preclean 0.385ms
[2025-08-20T00:37:21.460+0000][1692007][info ][gc,start    ] GC(155) Pause Remark
[2025-08-20T00:37:21.464+0000][1692007][info ][gc          ] GC(155) Pause Remark 91M->91M(512M) 4.238ms
[2025-08-20T00:37:21.464+0000][1692007][info ][gc,cpu      ] GC(155) User=0.00s Sys=0.00s Real=0.00s
[2025-08-20T00:37:21.464+0000][1692007][info ][safepoint   ] Safepoint "G1PauseRemark", Time since last: 134549488 ns, Reaching safepoint: 4877 ns, Cleanup: 2624 ns, At safepoint: 4277068 ns, Total: 4284569 ns
[2025-08-20T00:37:21.464+0000][1692007][info ][gc,marking  ] GC(155) Concurrent Mark 132.726ms
[2025-08-20T00:37:21.464+0000][1692007][info ][gc,marking  ] GC(155) Concurrent Rebuild Remembered Sets and Scrub Regions
[2025-08-20T00:37:21.502+0000][1692007][info ][gc,marking  ] GC(155) Concurrent Rebuild Remembered Sets and Scrub Regions 37.680ms
[2025-08-20T00:37:21.502+0000][1692007][info ][gc,start    ] GC(155) Pause Cleanup
[2025-08-20T00:37:21.502+0000][1692007][info ][gc          ] GC(155) Pause Cleanup 91M->91M(512M) 0.031ms
[2025-08-20T00:37:21.502+0000][1692007][info ][gc,cpu      ] GC(155) User=0.00s Sys=0.00s Real=0.00s
[2025-08-20T00:37:21.502+0000][1692007][info ][safepoint   ] Safepoint "G1PauseCleanup", Time since last: 37724714 ns, Reaching safepoint: 3175 ns, Cleanup: 1122 ns, At safepoint: 53080 ns, Total: 57377 ns
[2025-08-20T00:37:21.502+0000][1692007][info ][gc,marking  ] GC(155) Concurrent Clear Claimed Marks
[2025-08-20T00:37:21.502+0000][1692007][info ][gc,marking  ] GC(155) Concurrent Clear Claimed Marks 0.141ms
[2025-08-20T00:37:21.502+0000][1692007][info ][gc,marking  ] GC(155) Concurrent Cleanup for Next Mark
[2025-08-20T00:37:21.522+0000][1692007][info ][gc,marking  ] GC(155) Concurrent Cleanup for Next Mark 20.353ms
[2025-08-20T00:37:21.522+0000][1692007][info ][gc          ] GC(155) Concurrent Mark Cycle 191.971ms
[2025-08-20T00:44:13.526+0000][1692007][info ][safepoint   ] Safepoint "Cleanup", Time since last: 412024570959 ns, Reaching safepoint: 43817 ns, Cleanup: 11136 ns, At safepoint: 4417 ns, Total: 59370 ns
[2025-08-20T00:44:24.528+0000][1692007][info ][safepoint   ] Safepoint "Cleanup", Time since last: 11001067138 ns, Reaching safepoint: 72158 ns, Cleanup: 11267 ns, At safepoint: 4427 ns, Total: 87852 ns
[2025-08-20T00:48:58.520+0000][1692007][info ][gc,start    ] GC(156) Pause Young (Normal) (G1 Evacuation Pause)
[2025-08-20T00:48:58.520+0000][1692007][info ][gc,task     ] GC(156) Using 1 workers of 1 for evacuation
[2025-08-20T00:48:58.520+0000][1692007][debug][gc,age      ] GC(156) Desired survivor size 20971520 bytes, new threshold 15 (max threshold 15)
[2025-08-20T00:48:58.523+0000][1692007][info ][gc,phases   ] GC(156)   Pre Evacuate Collection Set: 0.1ms
[2025-08-20T00:48:58.523+0000][1692007][info ][gc,phases   ] GC(156)   Merge Heap Roots: 0.0ms
[2025-08-20T00:48:58.523+0000][1692007][info ][gc,phases   ] GC(156)   Evacuate Collection Set: 1.6ms
[2025-08-20T00:48:58.523+0000][1692007][info ][gc,phases   ] GC(156)   Post Evacuate Collection Set: 0.8ms
[2025-08-20T00:48:58.523+0000][1692007][info ][gc,phases   ] GC(156)   Other: 0.0ms
[2025-08-20T00:48:58.523+0000][1692007][trace][gc,age      ] GC(156) Age table with threshold 15 (max threshold 15)
[2025-08-20T00:48:58.523+0000][1692007][trace][gc,age      ] GC(156) - age   1:       9192 bytes,       9192 total
[2025-08-20T00:48:58.523+0000][1692007][trace][gc,age      ] GC(156) - age   2:        352 bytes,       9544 total
[2025-08-20T00:48:58.523+0000][1692007][trace][gc,age      ] GC(156) - age   5:        176 bytes,       9720 total
[2025-08-20T00:48:58.523+0000][1692007][trace][gc,age      ] GC(156) - age   9:        312 bytes,      10032 total
[2025-08-20T00:48:58.523+0000][1692007][trace][gc,age      ] GC(156) - age  10:       4984 bytes,      15016 total
[2025-08-20T00:48:58.523+0000][1692007][trace][gc,age      ] GC(156) - age  11:         72 bytes,      15088 total
[2025-08-20T00:48:58.523+0000][1692007][trace][gc,age      ] GC(156) - age  12:        184 bytes,      15272 total
[2025-08-20T00:48:58.523+0000][1692007][info ][gc,heap     ] GC(156) Eden regions: 75->0(75)
[2025-08-20T00:48:58.523+0000][1692007][info ][gc,heap     ] GC(156) Survivor regions: 1->1(10)
[2025-08-20T00:48:58.523+0000][1692007][info ][gc,heap     ] GC(156) Old regions: 23->23
[2025-08-20T00:48:58.523+0000][1692007][info ][gc,heap     ] GC(156) Humongous regions: 0->0
[2025-08-20T00:48:58.523+0000][1692007][info ][gc,metaspace] GC(156) Metaspace: 141893K(147904K)->141893K(147904K) NonClass: 123079K(126656K)->123079K(126656K) Class: 18814K(21248K)->18814K(21248K)
[2025-08-20T00:48:58.523+0000][1692007][info ][gc          ] GC(156) Pause Young (Normal) (G1 Evacuation Pause) 391M->91M(512M) 3.038ms
[2025-08-20T00:48:58.523+0000][1692007][info ][gc,cpu      ] GC(156) User=0.00s Sys=0.00s Real=0.00s
[2025-08-20T00:48:58.523+0000][1692007][info ][safepoint   ] Safepoint "G1CollectForAllocation", Time since last: 273992302636 ns, Reaching safepoint: 7992 ns, Cleanup: 3466 ns, At safepoint: 3071718 ns, Total: 3083176 ns
[2025-08-20T00:59:13.560+0000][1692007][info ][safepoint   ] Safepoint "Cleanup", Time since last: 615036916307 ns, Reaching safepoint: 39830 ns, Cleanup: 10776 ns, At safepoint: 4747 ns, Total: 55353 ns
[2025-08-20T01:00:44.496+0000][1692007][info ][gc,start    ] GC(157) Pause Young (Concurrent Start) (G1 Evacuation Pause)
[2025-08-20T01:00:44.496+0000][1692007][info ][gc,task     ] GC(157) Using 1 workers of 1 for evacuation
[2025-08-20T01:00:44.496+0000][1692007][debug][gc,age      ] GC(157) Desired survivor size 20971520 bytes, new threshold 15 (max threshold 15)
[2025-08-20T01:00:44.499+0000][1692007][info ][gc,phases   ] GC(157)   Pre Evacuate Collection Set: 0.1ms
[2025-08-20T01:00:44.499+0000][1692007][info ][gc,phases   ] GC(157)   Merge Heap Roots: 0.0ms
[2025-08-20T01:00:44.499+0000][1692007][info ][gc,phases   ] GC(157)   Evacuate Collection Set: 1.2ms
[2025-08-20T01:00:44.499+0000][1692007][info ][gc,phases   ] GC(157)   Post Evacuate Collection Set: 0.7ms
[2025-08-20T01:00:44.499+0000][1692007][info ][gc,phases   ] GC(157)   Other: 0.0ms
[2025-08-20T01:00:44.499+0000][1692007][trace][gc,age      ] GC(157) Age table with threshold 15 (max threshold 15)
[2025-08-20T01:00:44.499+0000][1692007][trace][gc,age      ] GC(157) - age   1:      10720 bytes,      10720 total
[2025-08-20T01:00:44.499+0000][1692007][trace][gc,age      ] GC(157) - age  10:        312 bytes,      11032 total
[2025-08-20T01:00:44.499+0000][1692007][trace][gc,age      ] GC(157) - age  11:       4984 bytes,      16016 total
[2025-08-20T01:00:44.499+0000][1692007][trace][gc,age      ] GC(157) - age  12:         72 bytes,      16088 total
[2025-08-20T01:00:44.499+0000][1692007][trace][gc,age      ] GC(157) - age  13:        184 bytes,      16272 total
[2025-08-20T01:00:44.499+0000][1692007][info ][gc,heap     ] GC(157) Eden regions: 75->0(75)
[2025-08-20T01:00:44.499+0000][1692007][info ][gc,heap     ] GC(157) Survivor regions: 1->1(10)
[2025-08-20T01:00:44.499+0000][1692007][info ][gc,heap     ] GC(157) Old regions: 23->23
[2025-08-20T01:00:44.499+0000][1692007][info ][gc,heap     ] GC(157) Humongous regions: 0->0
[2025-08-20T01:00:44.499+0000][1692007][info ][gc,metaspace] GC(157) Metaspace: 141894K(147968K)->141894K(147968K) NonClass: 123080K(126720K)->123080K(126720K) Class: 18814K(21248K)->18814K(21248K)
[2025-08-20T01:00:44.499+0000][1692007][info ][gc          ] GC(157) Pause Young (Concurrent Start) (G1 Evacuation Pause) 391M->91M(512M) 2.592ms
[2025-08-20T01:00:44.499+0000][1692007][info ][gc,cpu      ] GC(157) User=0.00s Sys=0.00s Real=0.00s
[2025-08-20T01:00:44.499+0000][1692007][info ][safepoint   ] Safepoint "G1CollectForAllocation", Time since last: 90935859790 ns, Reaching safepoint: 200663 ns, Cleanup: 3425 ns, At safepoint: 2627327 ns, Total: 2831415 ns
[2025-08-20T01:00:44.505+0000][1692007][info ][gc          ] GC(158) Concurrent Mark Cycle
[2025-08-20T01:00:44.505+0000][1692007][info ][gc,marking  ] GC(158) Concurrent Scan Root Regions
[2025-08-20T01:00:44.506+0000][1692007][info ][gc,marking  ] GC(158) Concurrent Scan Root Regions 0.439ms
[2025-08-20T01:00:44.506+0000][1692007][info ][gc,marking  ] GC(158) Concurrent Mark
[2025-08-20T01:00:44.506+0000][1692007][info ][gc,marking  ] GC(158) Concurrent Mark From Roots
[2025-08-20T01:00:44.506+0000][1692007][info ][gc,task     ] GC(158) Using 1 workers of 1 for marking
[2025-08-20T01:00:44.619+0000][1692007][info ][gc,marking  ] GC(158) Concurrent Mark From Roots 113.032ms
[2025-08-20T01:00:44.619+0000][1692007][info ][gc,marking  ] GC(158) Concurrent Preclean
[2025-08-20T01:00:44.619+0000][1692007][info ][gc,marking  ] GC(158) Concurrent Preclean 0.354ms
[2025-08-20T01:00:44.619+0000][1692007][info ][gc,start    ] GC(158) Pause Remark
[2025-08-20T01:00:44.624+0000][1692007][info ][gc          ] GC(158) Pause Remark 91M->91M(512M) 4.254ms
[2025-08-20T01:00:44.624+0000][1692007][info ][gc,cpu      ] GC(158) User=0.01s Sys=0.00s Real=0.00s
[2025-08-20T01:00:44.624+0000][1692007][info ][safepoint   ] Safepoint "G1PauseRemark", Time since last: 120634244 ns, Reaching safepoint: 4848 ns, Cleanup: 2934 ns, At safepoint: 4294865 ns, Total: 4302647 ns
[2025-08-20T01:00:44.624+0000][1692007][info ][gc,marking  ] GC(158) Concurrent Mark 117.759ms
[2025-08-20T01:00:44.624+0000][1692007][info ][gc,marking  ] GC(158) Concurrent Rebuild Remembered Sets and Scrub Regions
[2025-08-20T01:00:44.670+0000][1692007][info ][gc,marking  ] GC(158) Concurrent Rebuild Remembered Sets and Scrub Regions 45.957ms
[2025-08-20T01:00:44.670+0000][1692007][info ][gc,start    ] GC(158) Pause Cleanup
[2025-08-20T01:00:44.670+0000][1692007][info ][gc          ] GC(158) Pause Cleanup 92M->92M(512M) 0.034ms
[2025-08-20T01:00:44.670+0000][1692007][info ][gc,cpu      ] GC(158) User=0.00s Sys=0.00s Real=0.00s
[2025-08-20T01:00:44.670+0000][1692007][info ][safepoint   ] Safepoint "G1PauseCleanup", Time since last: 46007099 ns, Reaching safepoint: 3906 ns, Cleanup: 812 ns, At safepoint: 58167 ns, Total: 62885 ns
[2025-08-20T01:00:44.670+0000][1692007][info ][gc,marking  ] GC(158) Concurrent Clear Claimed Marks
[2025-08-20T01:00:44.670+0000][1692007][info ][gc,marking  ] GC(158) Concurrent Clear Claimed Marks 0.153ms
[2025-08-20T01:00:44.670+0000][1692007][info ][gc,marking  ] GC(158) Concurrent Cleanup for Next Mark
[2025-08-20T01:00:44.683+0000][1692007][info ][gc,marking  ] GC(158) Concurrent Cleanup for Next Mark 12.803ms
[2025-08-20T01:00:44.683+0000][1692007][info ][gc          ] GC(158) Concurrent Mark Cycle 177.258ms
[2025-08-20T01:07:04.692+0000][1692007][info ][safepoint   ] Safepoint "Cleanup", Time since last: 380022490798 ns, Reaching safepoint: 70186 ns, Cleanup: 10936 ns, At safepoint: 2194 ns, Total: 83316 ns
[2025-08-20T01:10:59.706+0000][1692007][info ][safepoint   ] Safepoint "Cleanup", Time since last: 235014119867 ns, Reaching safepoint: 76295 ns, Cleanup: 12599 ns, At safepoint: 7231 ns, Total: 96125 ns
[2025-08-20T01:11:24.709+0000][1692007][info ][safepoint   ] Safepoint "Cleanup", Time since last: 25001880716 ns, Reaching safepoint: 246492 ns, Cleanup: 11568 ns, At safepoint: 2303 ns, Total: 260363 ns
[2025-08-20T01:12:28.969+0000][1692007][info ][gc,start    ] GC(159) Pause Young (Normal) (G1 Evacuation Pause)
[2025-08-20T01:12:28.969+0000][1692007][info ][gc,task     ] GC(159) Using 1 workers of 1 for evacuation
[2025-08-20T01:12:28.969+0000][1692007][debug][gc,age      ] GC(159) Desired survivor size 20971520 bytes, new threshold 15 (max threshold 15)
[2025-08-20T01:12:28.971+0000][1692007][info ][gc,phases   ] GC(159)   Pre Evacuate Collection Set: 0.0ms
[2025-08-20T01:12:28.971+0000][1692007][info ][gc,phases   ] GC(159)   Merge Heap Roots: 0.0ms
[2025-08-20T01:12:28.971+0000][1692007][info ][gc,phases   ] GC(159)   Evacuate Collection Set: 1.6ms
[2025-08-20T01:12:28.971+0000][1692007][info ][gc,phases   ] GC(159)   Post Evacuate Collection Set: 0.7ms
[2025-08-20T01:12:28.971+0000][1692007][info ][gc,phases   ] GC(159)   Other: 0.0ms
[2025-08-20T01:12:28.971+0000][1692007][trace][gc,age      ] GC(159) Age table with threshold 15 (max threshold 15)
[2025-08-20T01:12:28.971+0000][1692007][trace][gc,age      ] GC(159) - age   1:      15416 bytes,      15416 total
[2025-08-20T01:12:28.971+0000][1692007][trace][gc,age      ] GC(159) - age   2:        984 bytes,      16400 total
[2025-08-20T01:12:28.971+0000][1692007][trace][gc,age      ] GC(159) - age  11:        312 bytes,      16712 total
[2025-08-20T01:12:28.971+0000][1692007][trace][gc,age      ] GC(159) - age  12:       4984 bytes,      21696 total
[2025-08-20T01:12:28.971+0000][1692007][trace][gc,age      ] GC(159) - age  13:         72 bytes,      21768 total
[2025-08-20T01:12:28.971+0000][1692007][trace][gc,age      ] GC(159) - age  14:        184 bytes,      21952 total
[2025-08-20T01:12:28.971+0000][1692007][info ][gc,heap     ] GC(159) Eden regions: 75->0(75)
[2025-08-20T01:12:28.971+0000][1692007][info ][gc,heap     ] GC(159) Survivor regions: 1->1(10)
[2025-08-20T01:12:28.971+0000][1692007][info ][gc,heap     ] GC(159) Old regions: 23->23
[2025-08-20T01:12:28.971+0000][1692007][info ][gc,heap     ] GC(159) Humongous regions: 0->0
[2025-08-20T01:12:28.971+0000][1692007][info ][gc,metaspace] GC(159) Metaspace: 141894K(147968K)->141894K(147968K) NonClass: 123080K(126720K)->123080K(126720K) Class: 18814K(21248K)->18814K(21248K)
[2025-08-20T01:12:28.971+0000][1692007][info ][gc          ] GC(159) Pause Young (Normal) (G1 Evacuation Pause) 391M->91M(512M) 2.588ms
[2025-08-20T01:12:28.971+0000][1692007][info ][gc,cpu      ] GC(159) User=0.00s Sys=0.00s Real=0.00s
[2025-08-20T01:12:28.971+0000][1692007][info ][safepoint   ] Safepoint "G1CollectForAllocation", Time since last: 64259948399 ns, Reaching safepoint: 7070 ns, Cleanup: 2454 ns, At safepoint: 2620667 ns, Total: 2630191 ns
[2025-08-20T01:24:14.013+0000][1692007][info ][gc,start    ] GC(160) Pause Young (Concurrent Start) (G1 Evacuation Pause)
[2025-08-20T01:24:14.013+0000][1692007][info ][gc,task     ] GC(160) Using 1 workers of 1 for evacuation
[2025-08-20T01:24:14.013+0000][1692007][debug][gc,age      ] GC(160) Desired survivor size 20971520 bytes, new threshold 15 (max threshold 15)
[2025-08-20T01:24:14.015+0000][1692007][info ][gc,phases   ] GC(160)   Pre Evacuate Collection Set: 0.1ms
[2025-08-20T01:24:14.015+0000][1692007][info ][gc,phases   ] GC(160)   Merge Heap Roots: 0.0ms
[2025-08-20T01:24:14.015+0000][1692007][info ][gc,phases   ] GC(160)   Evacuate Collection Set: 1.3ms
[2025-08-20T01:24:14.015+0000][1692007][info ][gc,phases   ] GC(160)   Post Evacuate Collection Set: 0.7ms
[2025-08-20T01:24:14.015+0000][1692007][info ][gc,phases   ] GC(160)   Other: 0.0ms
[2025-08-20T01:24:14.015+0000][1692007][trace][gc,age      ] GC(160) Age table with threshold 15 (max threshold 15)
[2025-08-20T01:24:14.015+0000][1692007][trace][gc,age      ] GC(160) - age   1:      17080 bytes,      17080 total
[2025-08-20T01:24:14.015+0000][1692007][trace][gc,age      ] GC(160) - age   2:       4360 bytes,      21440 total
[2025-08-20T01:24:14.015+0000][1692007][trace][gc,age      ] GC(160) - age   3:        984 bytes,      22424 total
[2025-08-20T01:24:14.015+0000][1692007][trace][gc,age      ] GC(160) - age  12:        312 bytes,      22736 total
[2025-08-20T01:24:14.015+0000][1692007][trace][gc,age      ] GC(160) - age  13:       4984 bytes,      27720 total
[2025-08-20T01:24:14.015+0000][1692007][trace][gc,age      ] GC(160) - age  14:         72 bytes,      27792 total
[2025-08-20T01:24:14.015+0000][1692007][trace][gc,age      ] GC(160) - age  15:        184 bytes,      27976 total
[2025-08-20T01:24:14.015+0000][1692007][info ][gc,heap     ] GC(160) Eden regions: 75->0(75)
[2025-08-20T01:24:14.015+0000][1692007][info ][gc,heap     ] GC(160) Survivor regions: 1->1(10)
[2025-08-20T01:24:14.015+0000][1692007][info ][gc,heap     ] GC(160) Old regions: 23->23
[2025-08-20T01:24:14.015+0000][1692007][info ][gc,heap     ] GC(160) Humongous regions: 0->0
[2025-08-20T01:24:14.015+0000][1692007][info ][gc,metaspace] GC(160) Metaspace: 141894K(147968K)->141894K(147968K) NonClass: 123080K(126720K)->123080K(126720K) Class: 18814K(21248K)->18814K(21248K)
[2025-08-20T01:24:14.015+0000][1692007][info ][gc          ] GC(160) Pause Young (Concurrent Start) (G1 Evacuation Pause) 391M->91M(512M) 2.478ms
[2025-08-20T01:24:14.015+0000][1692007][info ][gc,cpu      ] GC(160) User=0.01s Sys=0.00s Real=0.00s
[2025-08-20T01:24:14.015+0000][1692007][info ][safepoint   ] Safepoint "G1CollectForAllocation", Time since last: 705041515922 ns, Reaching safepoint: 7531 ns, Cleanup: 3415 ns, At safepoint: 2513235 ns, Total: 2524181 ns
[2025-08-20T01:24:14.021+0000][1692007][info ][gc          ] GC(161) Concurrent Mark Cycle
[2025-08-20T01:24:14.021+0000][1692007][info ][gc,marking  ] GC(161) Concurrent Scan Root Regions
[2025-08-20T01:24:14.022+0000][1692007][info ][gc,marking  ] GC(161) Concurrent Scan Root Regions 0.413ms
[2025-08-20T01:24:14.022+0000][1692007][info ][gc,marking  ] GC(161) Concurrent Mark
[2025-08-20T01:24:14.022+0000][1692007][info ][gc,marking  ] GC(161) Concurrent Mark From Roots
[2025-08-20T01:24:14.022+0000][1692007][info ][gc,task     ] GC(161) Using 1 workers of 1 for marking
[2025-08-20T01:24:14.138+0000][1692007][info ][gc,marking  ] GC(161) Concurrent Mark From Roots 115.715ms
[2025-08-20T01:24:14.138+0000][1692007][info ][gc,marking  ] GC(161) Concurrent Preclean
[2025-08-20T01:24:14.138+0000][1692007][info ][gc,marking  ] GC(161) Concurrent Preclean 0.354ms
[2025-08-20T01:24:14.138+0000][1692007][info ][gc,start    ] GC(161) Pause Remark
[2025-08-20T01:24:14.142+0000][1692007][info ][gc          ] GC(161) Pause Remark 93M->93M(512M) 4.199ms
[2025-08-20T01:24:14.142+0000][1692007][info ][gc,cpu      ] GC(161) User=0.01s Sys=0.00s Real=0.00s
[2025-08-20T01:24:14.142+0000][1692007][info ][safepoint   ] Safepoint "G1PauseRemark", Time since last: 122747513 ns, Reaching safepoint: 4697 ns, Cleanup: 2344 ns, At safepoint: 4238109 ns, Total: 4245150 ns
[2025-08-20T01:24:14.142+0000][1692007][info ][gc,marking  ] GC(161) Concurrent Mark 120.395ms
[2025-08-20T01:24:14.142+0000][1692007][info ][gc,marking  ] GC(161) Concurrent Rebuild Remembered Sets and Scrub Regions
[2025-08-20T01:24:14.189+0000][1692007][info ][gc,marking  ] GC(161) Concurrent Rebuild Remembered Sets and Scrub Regions 46.868ms
[2025-08-20T01:24:14.189+0000][1692007][info ][gc,start    ] GC(161) Pause Cleanup
[2025-08-20T01:24:14.189+0000][1692007][info ][gc          ] GC(161) Pause Cleanup 93M->93M(512M) 0.035ms
[2025-08-20T01:24:14.189+0000][1692007][info ][gc,cpu      ] GC(161) User=0.00s Sys=0.00s Real=0.00s
[2025-08-20T01:24:14.189+0000][1692007][info ][safepoint   ] Safepoint "G1PauseCleanup", Time since last: 46920558 ns, Reaching safepoint: 3205 ns, Cleanup: 1332 ns, At safepoint: 58198 ns, Total: 62735 ns
[2025-08-20T01:24:14.189+0000][1692007][info ][gc,marking  ] GC(161) Concurrent Clear Claimed Marks
[2025-08-20T01:24:14.189+0000][1692007][info ][gc,marking  ] GC(161) Concurrent Clear Claimed Marks 0.156ms
[2025-08-20T01:24:14.189+0000][1692007][info ][gc,marking  ] GC(161) Concurrent Cleanup for Next Mark
[2025-08-20T01:24:14.203+0000][1692007][info ][gc,marking  ] GC(161) Concurrent Cleanup for Next Mark 13.272ms
[2025-08-20T01:24:14.203+0000][1692007][info ][gc          ] GC(161) Concurrent Mark Cycle 181.253ms
[2025-08-20T01:33:24.953+0000][1692007][info ][safepoint   ] Safepoint "Cleanup", Time since last: 550763455873 ns, Reaching safepoint: 43846 ns, Cleanup: 13871 ns, At safepoint: 2113 ns, Total: 59830 ns
[2025-08-20T01:35:53.854+0000][1692007][info ][gc,start    ] GC(162) Pause Young (Normal) (G1 Evacuation Pause)
[2025-08-20T01:35:53.854+0000][1692007][info ][gc,task     ] GC(162) Using 1 workers of 1 for evacuation
[2025-08-20T01:35:53.854+0000][1692007][debug][gc,age      ] GC(162) Desired survivor size 20971520 bytes, new threshold 15 (max threshold 15)
[2025-08-20T01:35:53.857+0000][1692007][info ][gc,phases   ] GC(162)   Pre Evacuate Collection Set: 0.0ms
[2025-08-20T01:35:53.857+0000][1692007][info ][gc,phases   ] GC(162)   Merge Heap Roots: 0.0ms
[2025-08-20T01:35:53.857+0000][1692007][info ][gc,phases   ] GC(162)   Evacuate Collection Set: 1.6ms
[2025-08-20T01:35:53.857+0000][1692007][info ][gc,phases   ] GC(162)   Post Evacuate Collection Set: 0.8ms
[2025-08-20T01:35:53.857+0000][1692007][info ][gc,phases   ] GC(162)   Other: 0.0ms
[2025-08-20T01:35:53.857+0000][1692007][trace][gc,age      ] GC(162) Age table with threshold 15 (max threshold 15)
[2025-08-20T01:35:53.857+0000][1692007][trace][gc,age      ] GC(162) - age   1:      27888 bytes,      27888 total
[2025-08-20T01:35:53.857+0000][1692007][trace][gc,age      ] GC(162) - age   2:        352 bytes,      28240 total
[2025-08-20T01:35:53.857+0000][1692007][trace][gc,age      ] GC(162) - age   3:       4360 bytes,      32600 total
[2025-08-20T01:35:53.857+0000][1692007][trace][gc,age      ] GC(162) - age   4:        984 bytes,      33584 total
[2025-08-20T01:35:53.857+0000][1692007][trace][gc,age      ] GC(162) - age  13:        312 bytes,      33896 total
[2025-08-20T01:35:53.857+0000][1692007][trace][gc,age      ] GC(162) - age  14:       4984 bytes,      38880 total
[2025-08-20T01:35:53.857+0000][1692007][trace][gc,age      ] GC(162) - age  15:         72 bytes,      38952 total
[2025-08-20T01:35:53.857+0000][1692007][info ][gc,heap     ] GC(162) Eden regions: 75->0(75)
[2025-08-20T01:35:53.857+0000][1692007][info ][gc,heap     ] GC(162) Survivor regions: 1->1(10)
[2025-08-20T01:35:53.857+0000][1692007][info ][gc,heap     ] GC(162) Old regions: 23->23
[2025-08-20T01:35:53.857+0000][1692007][info ][gc,heap     ] GC(162) Humongous regions: 0->0
[2025-08-20T01:35:53.857+0000][1692007][info ][gc,metaspace] GC(162) Metaspace: 141895K(147968K)->141895K(147968K) NonClass: 123080K(126720K)->123080K(126720K) Class: 18814K(21248K)->18814K(21248K)
[2025-08-20T01:35:53.857+0000][1692007][info ][gc          ] GC(162) Pause Young (Normal) (G1 Evacuation Pause) 391M->91M(512M) 3.078ms
[2025-08-20T01:35:53.857+0000][1692007][info ][gc,cpu      ] GC(162) User=0.00s Sys=0.00s Real=0.01s
[2025-08-20T01:35:53.857+0000][1692007][info ][safepoint   ] Safepoint "G1CollectForAllocation", Time since last: 148900853313 ns, Reaching safepoint: 10095 ns, Cleanup: 2774 ns, At safepoint: 3111999 ns, Total: 3124868 ns
[2025-08-20T01:44:24.940+0000][1692007][info ][safepoint   ] Safepoint "Cleanup", Time since last: 511083352223 ns, Reaching safepoint: 39480 ns, Cleanup: 7882 ns, At safepoint: 4396 ns, Total: 51758 ns
[2025-08-20T01:47:35.846+0000][1692007][info ][gc,start    ] GC(163) Pause Young (Concurrent Start) (G1 Evacuation Pause)
[2025-08-20T01:47:35.846+0000][1692007][info ][gc,task     ] GC(163) Using 1 workers of 1 for evacuation
[2025-08-20T01:47:35.846+0000][1692007][debug][gc,age      ] GC(163) Desired survivor size 20971520 bytes, new threshold 15 (max threshold 15)
[2025-08-20T01:47:35.848+0000][1692007][info ][gc,phases   ] GC(163)   Pre Evacuate Collection Set: 0.1ms
[2025-08-20T01:47:35.848+0000][1692007][info ][gc,phases   ] GC(163)   Merge Heap Roots: 0.0ms
[2025-08-20T01:47:35.848+0000][1692007][info ][gc,phases   ] GC(163)   Evacuate Collection Set: 1.3ms
[2025-08-20T01:47:35.848+0000][1692007][info ][gc,phases   ] GC(163)   Post Evacuate Collection Set: 0.8ms
[2025-08-20T01:47:35.848+0000][1692007][info ][gc,phases   ] GC(163)   Other: 0.0ms
[2025-08-20T01:47:35.848+0000][1692007][trace][gc,age      ] GC(163) Age table with threshold 15 (max threshold 15)
[2025-08-20T01:47:35.848+0000][1692007][trace][gc,age      ] GC(163) - age   1:      10424 bytes,      10424 total
[2025-08-20T01:47:35.848+0000][1692007][trace][gc,age      ] GC(163) - age   2:       3536 bytes,      13960 total
[2025-08-20T01:47:35.848+0000][1692007][trace][gc,age      ] GC(163) - age   4:       4360 bytes,      18320 total
[2025-08-20T01:47:35.848+0000][1692007][trace][gc,age      ] GC(163) - age   5:        984 bytes,      19304 total
[2025-08-20T01:47:35.848+0000][1692007][trace][gc,age      ] GC(163) - age  14:        312 bytes,      19616 total
[2025-08-20T01:47:35.848+0000][1692007][trace][gc,age      ] GC(163) - age  15:       4984 bytes,      24600 total
[2025-08-20T01:47:35.848+0000][1692007][info ][gc,heap     ] GC(163) Eden regions: 75->0(75)
[2025-08-20T01:47:35.848+0000][1692007][info ][gc,heap     ] GC(163) Survivor regions: 1->1(10)
[2025-08-20T01:47:35.848+0000][1692007][info ][gc,heap     ] GC(163) Old regions: 23->23
[2025-08-20T01:47:35.848+0000][1692007][info ][gc,heap     ] GC(163) Humongous regions: 0->0
[2025-08-20T01:47:35.848+0000][1692007][info ][gc,metaspace] GC(163) Metaspace: 141895K(147968K)->141895K(147968K) NonClass: 123080K(126720K)->123080K(126720K) Class: 18814K(21248K)->18814K(21248K)
[2025-08-20T01:47:35.848+0000][1692007][info ][gc          ] GC(163) Pause Young (Concurrent Start) (G1 Evacuation Pause) 391M->91M(512M) 2.616ms
[2025-08-20T01:47:35.848+0000][1692007][info ][gc,cpu      ] GC(163) User=0.00s Sys=0.00s Real=0.00s
[2025-08-20T01:47:35.848+0000][1692007][info ][safepoint   ] Safepoint "G1CollectForAllocation", Time since last: 190905695485 ns, Reaching safepoint: 12389 ns, Cleanup: 3545 ns, At safepoint: 2654489 ns, Total: 2670423 ns
[2025-08-20T01:47:35.852+0000][1692007][info ][gc          ] GC(164) Concurrent Mark Cycle
[2025-08-20T01:47:35.852+0000][1692007][info ][gc,marking  ] GC(164) Concurrent Scan Root Regions
[2025-08-20T01:47:35.853+0000][1692007][info ][gc,marking  ] GC(164) Concurrent Scan Root Regions 0.946ms
[2025-08-20T01:47:35.853+0000][1692007][info ][gc,marking  ] GC(164) Concurrent Mark
[2025-08-20T01:47:35.853+0000][1692007][info ][gc,marking  ] GC(164) Concurrent Mark From Roots
[2025-08-20T01:47:35.853+0000][1692007][info ][gc,task     ] GC(164) Using 1 workers of 1 for marking
[2025-08-20T01:47:35.964+0000][1692007][info ][gc,marking  ] GC(164) Concurrent Mark From Roots 110.479ms
[2025-08-20T01:47:35.964+0000][1692007][info ][gc,marking  ] GC(164) Concurrent Preclean
[2025-08-20T01:47:35.964+0000][1692007][info ][gc,marking  ] GC(164) Concurrent Preclean 0.313ms
[2025-08-20T01:47:35.964+0000][1692007][info ][gc,start    ] GC(164) Pause Remark
[2025-08-20T01:47:35.968+0000][1692007][info ][gc          ] GC(164) Pause Remark 94M->94M(512M) 4.201ms
[2025-08-20T01:47:35.968+0000][1692007][info ][gc,cpu      ] GC(164) User=0.01s Sys=0.00s Real=0.01s
[2025-08-20T01:47:35.968+0000][1692007][info ][safepoint   ] Safepoint "G1PauseRemark", Time since last: 115769707 ns, Reaching safepoint: 5068 ns, Cleanup: 3485 ns, At safepoint: 4240533 ns, Total: 4249086 ns
[2025-08-20T01:47:35.968+0000][1692007][info ][gc,marking  ] GC(164) Concurrent Mark 115.128ms
[2025-08-20T01:47:35.968+0000][1692007][info ][gc,marking  ] GC(164) Concurrent Rebuild Remembered Sets and Scrub Regions
[2025-08-20T01:47:36.015+0000][1692007][info ][gc,marking  ] GC(164) Concurrent Rebuild Remembered Sets and Scrub Regions 46.850ms
[2025-08-20T01:47:36.015+0000][1692007][info ][gc,start    ] GC(164) Pause Cleanup
[2025-08-20T01:47:36.015+0000][1692007][info ][gc          ] GC(164) Pause Cleanup 94M->94M(512M) 0.034ms
[2025-08-20T01:47:36.015+0000][1692007][info ][gc,cpu      ] GC(164) User=0.00s Sys=0.00s Real=0.00s
[2025-08-20T01:47:36.015+0000][1692007][info ][safepoint   ] Safepoint "G1PauseCleanup", Time since last: 46902250 ns, Reaching safepoint: 3495 ns, Cleanup: 1072 ns, At safepoint: 61723 ns, Total: 66290 ns
[2025-08-20T01:47:36.015+0000][1692007][info ][gc,marking  ] GC(164) Concurrent Clear Claimed Marks
[2025-08-20T01:47:36.016+0000][1692007][info ][gc,marking  ] GC(164) Concurrent Clear Claimed Marks 0.157ms
[2025-08-20T01:47:36.016+0000][1692007][info ][gc,marking  ] GC(164) Concurrent Cleanup for Next Mark
[2025-08-20T01:47:36.026+0000][1692007][info ][gc,marking  ] GC(164) Concurrent Cleanup for Next Mark 10.442ms
[2025-08-20T01:47:36.026+0000][1692007][info ][gc          ] GC(164) Concurrent Mark Cycle 173.675ms
[2025-08-20T01:59:20.718+0000][1692007][info ][gc,start    ] GC(165) Pause Young (Normal) (G1 Evacuation Pause)
[2025-08-20T01:59:20.718+0000][1692007][info ][gc,task     ] GC(165) Using 1 workers of 1 for evacuation
[2025-08-20T01:59:20.718+0000][1692007][debug][gc,age      ] GC(165) Desired survivor size 20971520 bytes, new threshold 15 (max threshold 15)
[2025-08-20T01:59:20.721+0000][1692007][info ][gc,phases   ] GC(165)   Pre Evacuate Collection Set: 0.1ms
[2025-08-20T01:59:20.721+0000][1692007][info ][gc,phases   ] GC(165)   Merge Heap Roots: 0.0ms
[2025-08-20T01:59:20.721+0000][1692007][info ][gc,phases   ] GC(165)   Evacuate Collection Set: 1.7ms
[2025-08-20T01:59:20.721+0000][1692007][info ][gc,phases   ] GC(165)   Post Evacuate Collection Set: 0.8ms
[2025-08-20T01:59:20.721+0000][1692007][info ][gc,phases   ] GC(165)   Other: 0.0ms
[2025-08-20T01:59:20.721+0000][1692007][trace][gc,age      ] GC(165) Age table with threshold 15 (max threshold 15)
[2025-08-20T01:59:20.721+0000][1692007][trace][gc,age      ] GC(165) - age   1:      11232 bytes,      11232 total
[2025-08-20T01:59:20.721+0000][1692007][trace][gc,age      ] GC(165) - age   3:       3480 bytes,      14712 total
[2025-08-20T01:59:20.721+0000][1692007][trace][gc,age      ] GC(165) - age   5:       4360 bytes,      19072 total
[2025-08-20T01:59:20.721+0000][1692007][trace][gc,age      ] GC(165) - age   6:        808 bytes,      19880 total
[2025-08-20T01:59:20.721+0000][1692007][trace][gc,age      ] GC(165) - age  15:        312 bytes,      20192 total
[2025-08-20T01:59:20.721+0000][1692007][info ][gc,heap     ] GC(165) Eden regions: 75->0(75)
[2025-08-20T01:59:20.721+0000][1692007][info ][gc,heap     ] GC(165) Survivor regions: 1->1(10)
[2025-08-20T01:59:20.721+0000][1692007][info ][gc,heap     ] GC(165) Old regions: 23->23
[2025-08-20T01:59:20.721+0000][1692007][info ][gc,heap     ] GC(165) Humongous regions: 0->0
[2025-08-20T01:59:20.721+0000][1692007][info ][gc,metaspace] GC(165) Metaspace: 141896K(147968K)->141896K(147968K) NonClass: 123082K(126720K)->123082K(126720K) Class: 18814K(21248K)->18814K(21248K)
[2025-08-20T01:59:20.721+0000][1692007][info ][gc          ] GC(165) Pause Young (Normal) (G1 Evacuation Pause) 391M->91M(512M) 2.922ms
[2025-08-20T01:59:20.721+0000][1692007][info ][gc,cpu      ] GC(165) User=0.00s Sys=0.00s Real=0.00s
[2025-08-20T01:59:20.721+0000][1692007][info ][safepoint   ] Safepoint "G1CollectForAllocation", Time since last: 704702644991 ns, Reaching safepoint: 7531 ns, Cleanup: 2774 ns, At safepoint: 2954381 ns, Total: 2964686 ns
[2025-08-20T02:11:01.287+0000][1692007][info ][gc,start    ] GC(166) Pause Young (Concurrent Start) (G1 Evacuation Pause)
[2025-08-20T02:11:01.287+0000][1692007][info ][gc,task     ] GC(166) Using 1 workers of 1 for evacuation
[2025-08-20T02:11:01.287+0000][1692007][debug][gc,age      ] GC(166) Desired survivor size 20971520 bytes, new threshold 15 (max threshold 15)
[2025-08-20T02:11:01.289+0000][1692007][info ][gc,phases   ] GC(166)   Pre Evacuate Collection Set: 0.0ms
[2025-08-20T02:11:01.289+0000][1692007][info ][gc,phases   ] GC(166)   Merge Heap Roots: 0.0ms
[2025-08-20T02:11:01.289+0000][1692007][info ][gc,phases   ] GC(166)   Evacuate Collection Set: 1.2ms
[2025-08-20T02:11:01.289+0000][1692007][info ][gc,phases   ] GC(166)   Post Evacuate Collection Set: 0.8ms
[2025-08-20T02:11:01.289+0000][1692007][info ][gc,phases   ] GC(166)   Other: 0.0ms
[2025-08-20T02:11:01.289+0000][1692007][trace][gc,age      ] GC(166) Age table with threshold 15 (max threshold 15)
[2025-08-20T02:11:01.289+0000][1692007][trace][gc,age      ] GC(166) - age   1:      11240 bytes,      11240 total
[2025-08-20T02:11:01.289+0000][1692007][trace][gc,age      ] GC(166) - age   2:        176 bytes,      11416 total
[2025-08-20T02:11:01.289+0000][1692007][trace][gc,age      ] GC(166) - age   4:       3480 bytes,      14896 total
[2025-08-20T02:11:01.289+0000][1692007][trace][gc,age      ] GC(166) - age   6:       4360 bytes,      19256 total
[2025-08-20T02:11:01.289+0000][1692007][trace][gc,age      ] GC(166) - age   7:        808 bytes,      20064 total
[2025-08-20T02:11:01.289+0000][1692007][info ][gc,heap     ] GC(166) Eden regions: 75->0(75)
[2025-08-20T02:11:01.289+0000][1692007][info ][gc,heap     ] GC(166) Survivor regions: 1->1(10)
[2025-08-20T02:11:01.290+0000][1692007][info ][gc,heap     ] GC(166) Old regions: 23->23
[2025-08-20T02:11:01.290+0000][1692007][info ][gc,heap     ] GC(166) Humongous regions: 0->0
[2025-08-20T02:11:01.290+0000][1692007][info ][gc,metaspace] GC(166) Metaspace: 141896K(147968K)->141896K(147968K) NonClass: 123082K(126720K)->123082K(126720K) Class: 18814K(21248K)->18814K(21248K)
[2025-08-20T02:11:01.290+0000][1692007][info ][gc          ] GC(166) Pause Young (Concurrent Start) (G1 Evacuation Pause) 391M->91M(512M) 2.275ms
[2025-08-20T02:11:01.290+0000][1692007][info ][gc,cpu      ] GC(166) User=0.00s Sys=0.00s Real=0.00s
[2025-08-20T02:11:01.290+0000][1692007][info ][safepoint   ] Safepoint "G1CollectForAllocation", Time since last: 700566203025 ns, Reaching safepoint: 7261 ns, Cleanup: 2583 ns, At safepoint: 2312232 ns, Total: 2322076 ns
[2025-08-20T02:11:01.296+0000][1692007][info ][gc          ] GC(167) Concurrent Mark Cycle
[2025-08-20T02:11:01.296+0000][1692007][info ][gc,marking  ] GC(167) Concurrent Scan Root Regions
[2025-08-20T02:11:01.297+0000][1692007][info ][gc,marking  ] GC(167) Concurrent Scan Root Regions 0.410ms
[2025-08-20T02:11:01.297+0000][1692007][info ][gc,marking  ] GC(167) Concurrent Mark
[2025-08-20T02:11:01.297+0000][1692007][info ][gc,marking  ] GC(167) Concurrent Mark From Roots
[2025-08-20T02:11:01.297+0000][1692007][info ][gc,task     ] GC(167) Using 1 workers of 1 for marking
[2025-08-20T02:11:01.421+0000][1692007][info ][gc,marking  ] GC(167) Concurrent Mark From Roots 124.279ms
[2025-08-20T02:11:01.421+0000][1692007][info ][gc,marking  ] GC(167) Concurrent Preclean
[2025-08-20T02:11:01.421+0000][1692007][info ][gc,marking  ] GC(167) Concurrent Preclean 0.380ms
[2025-08-20T02:11:01.422+0000][1692007][info ][gc,start    ] GC(167) Pause Remark
[2025-08-20T02:11:01.426+0000][1692007][info ][gc          ] GC(167) Pause Remark 91M->91M(512M) 4.259ms
[2025-08-20T02:11:01.426+0000][1692007][info ][gc,cpu      ] GC(167) User=0.01s Sys=0.00s Real=0.01s
[2025-08-20T02:11:01.426+0000][1692007][info ][safepoint   ] Safepoint "G1PauseRemark", Time since last: 131972203 ns, Reaching safepoint: 5088 ns, Cleanup: 3145 ns, At safepoint: 4297319 ns, Total: 4305552 ns
[2025-08-20T02:11:01.426+0000][1692007][info ][gc,marking  ] GC(167) Concurrent Mark 129.044ms
[2025-08-20T02:11:01.426+0000][1692007][info ][gc,marking  ] GC(167) Concurrent Rebuild Remembered Sets and Scrub Regions
[2025-08-20T02:11:01.472+0000][1692007][info ][gc,marking  ] GC(167) Concurrent Rebuild Remembered Sets and Scrub Regions 46.604ms
[2025-08-20T02:11:01.472+0000][1692007][info ][gc,start    ] GC(167) Pause Cleanup
[2025-08-20T02:11:01.473+0000][1692007][info ][gc          ] GC(167) Pause Cleanup 91M->91M(512M) 0.034ms
[2025-08-20T02:11:01.473+0000][1692007][info ][gc,cpu      ] GC(167) User=0.00s Sys=0.00s Real=0.00s
[2025-08-20T02:11:01.473+0000][1692007][info ][safepoint   ] Safepoint "G1PauseCleanup", Time since last: 46650811 ns, Reaching safepoint: 3275 ns, Cleanup: 1302 ns, At safepoint: 55213 ns, Total: 59790 ns
[2025-08-20T02:11:01.473+0000][1692007][info ][gc,marking  ] GC(167) Concurrent Clear Claimed Marks
[2025-08-20T02:11:01.473+0000][1692007][info ][gc,marking  ] GC(167) Concurrent Clear Claimed Marks 0.152ms
[2025-08-20T02:11:01.473+0000][1692007][info ][gc,marking  ] GC(167) Concurrent Cleanup for Next Mark
[2025-08-20T02:11:01.480+0000][1692007][info ][gc,marking  ] GC(167) Concurrent Cleanup for Next Mark 6.939ms
[2025-08-20T02:11:01.480+0000][1692007][info ][gc          ] GC(167) Concurrent Mark Cycle 183.289ms
[2025-08-20T02:22:46.784+0000][1692007][info ][gc,start    ] GC(168) Pause Young (Normal) (G1 Evacuation Pause)
[2025-08-20T02:22:46.784+0000][1692007][info ][gc,task     ] GC(168) Using 1 workers of 1 for evacuation
[2025-08-20T02:22:46.784+0000][1692007][debug][gc,age      ] GC(168) Desired survivor size 20971520 bytes, new threshold 15 (max threshold 15)
[2025-08-20T02:22:46.787+0000][1692007][info ][gc,phases   ] GC(168)   Pre Evacuate Collection Set: 0.0ms
[2025-08-20T02:22:46.787+0000][1692007][info ][gc,phases   ] GC(168)   Merge Heap Roots: 0.0ms
[2025-08-20T02:22:46.787+0000][1692007][info ][gc,phases   ] GC(168)   Evacuate Collection Set: 1.6ms
[2025-08-20T02:22:46.787+0000][1692007][info ][gc,phases   ] GC(168)   Post Evacuate Collection Set: 0.8ms
[2025-08-20T02:22:46.787+0000][1692007][info ][gc,phases   ] GC(168)   Other: 0.0ms
[2025-08-20T02:22:46.787+0000][1692007][trace][gc,age      ] GC(168) Age table with threshold 15 (max threshold 15)
[2025-08-20T02:22:46.787+0000][1692007][trace][gc,age      ] GC(168) - age   1:       9504 bytes,       9504 total
[2025-08-20T02:22:46.787+0000][1692007][trace][gc,age      ] GC(168) - age   2:        216 bytes,       9720 total
[2025-08-20T02:22:46.787+0000][1692007][trace][gc,age      ] GC(168) - age   3:        176 bytes,       9896 total
[2025-08-20T02:22:46.787+0000][1692007][trace][gc,age      ] GC(168) - age   5:       3480 bytes,      13376 total
[2025-08-20T02:22:46.787+0000][1692007][trace][gc,age      ] GC(168) - age   7:       4360 bytes,      17736 total
[2025-08-20T02:22:46.787+0000][1692007][trace][gc,age      ] GC(168) - age   8:        808 bytes,      18544 total
[2025-08-20T02:22:46.787+0000][1692007][info ][gc,heap     ] GC(168) Eden regions: 75->0(75)
[2025-08-20T02:22:46.787+0000][1692007][info ][gc,heap     ] GC(168) Survivor regions: 1->1(10)
[2025-08-20T02:22:46.787+0000][1692007][info ][gc,heap     ] GC(168) Old regions: 23->23
[2025-08-20T02:22:46.787+0000][1692007][info ][gc,heap     ] GC(168) Humongous regions: 0->0
[2025-08-20T02:22:46.787+0000][1692007][info ][gc,metaspace] GC(168) Metaspace: 141896K(147968K)->141896K(147968K) NonClass: 123082K(126720K)->123082K(126720K) Class: 18814K(21248K)->18814K(21248K)
[2025-08-20T02:22:46.787+0000][1692007][info ][gc          ] GC(168) Pause Young (Normal) (G1 Evacuation Pause) 391M->91M(512M) 2.681ms
[2025-08-20T02:22:46.787+0000][1692007][info ][gc,cpu      ] GC(168) User=0.00s Sys=0.00s Real=0.01s
[2025-08-20T02:22:46.787+0000][1692007][info ][safepoint   ] Safepoint "G1CollectForAllocation", Time since last: 705311446761 ns, Reaching safepoint: 7071 ns, Cleanup: 2483 ns, At safepoint: 2712356 ns, Total: 2721910 ns
[2025-08-20T02:34:29.453+0000][1692007][info ][gc,start    ] GC(169) Pause Young (Concurrent Start) (G1 Evacuation Pause)
[2025-08-20T02:34:29.453+0000][1692007][info ][gc,task     ] GC(169) Using 1 workers of 1 for evacuation
[2025-08-20T02:34:29.453+0000][1692007][debug][gc,age      ] GC(169) Desired survivor size 20971520 bytes, new threshold 15 (max threshold 15)
[2025-08-20T02:34:29.455+0000][1692007][info ][gc,phases   ] GC(169)   Pre Evacuate Collection Set: 0.1ms
[2025-08-20T02:34:29.455+0000][1692007][info ][gc,phases   ] GC(169)   Merge Heap Roots: 0.0ms
[2025-08-20T02:34:29.455+0000][1692007][info ][gc,phases   ] GC(169)   Evacuate Collection Set: 1.2ms
[2025-08-20T02:34:29.455+0000][1692007][info ][gc,phases   ] GC(169)   Post Evacuate Collection Set: 0.7ms
[2025-08-20T02:34:29.455+0000][1692007][info ][gc,phases   ] GC(169)   Other: 0.0ms
[2025-08-20T02:34:29.455+0000][1692007][trace][gc,age      ] GC(169) Age table with threshold 15 (max threshold 15)
[2025-08-20T02:34:29.455+0000][1692007][trace][gc,age      ] GC(169) - age   1:       9144 bytes,       9144 total
[2025-08-20T02:34:29.455+0000][1692007][trace][gc,age      ] GC(169) - age   2:        352 bytes,       9496 total
[2025-08-20T02:34:29.455+0000][1692007][trace][gc,age      ] GC(169) - age   3:        216 bytes,       9712 total
[2025-08-20T02:34:29.455+0000][1692007][trace][gc,age      ] GC(169) - age   4:        176 bytes,       9888 total
[2025-08-20T02:34:29.455+0000][1692007][trace][gc,age      ] GC(169) - age   6:       3480 bytes,      13368 total
[2025-08-20T02:34:29.455+0000][1692007][trace][gc,age      ] GC(169) - age   8:       4360 bytes,      17728 total
[2025-08-20T02:34:29.455+0000][1692007][trace][gc,age      ] GC(169) - age   9:        808 bytes,      18536 total
[2025-08-20T02:34:29.455+0000][1692007][info ][gc,heap     ] GC(169) Eden regions: 75->0(75)
[2025-08-20T02:34:29.455+0000][1692007][info ][gc,heap     ] GC(169) Survivor regions: 1->1(10)
[2025-08-20T02:34:29.455+0000][1692007][info ][gc,heap     ] GC(169) Old regions: 23->23
[2025-08-20T02:34:29.455+0000][1692007][info ][gc,heap     ] GC(169) Humongous regions: 0->0
[2025-08-20T02:34:29.455+0000][1692007][info ][gc,metaspace] GC(169) Metaspace: 141896K(147968K)->141896K(147968K) NonClass: 123082K(126720K)->123082K(126720K) Class: 18814K(21248K)->18814K(21248K)
[2025-08-20T02:34:29.455+0000][1692007][info ][gc          ] GC(169) Pause Young (Concurrent Start) (G1 Evacuation Pause) 391M->91M(512M) 2.393ms
[2025-08-20T02:34:29.455+0000][1692007][info ][gc,cpu      ] GC(169) User=0.01s Sys=0.00s Real=0.00s
[2025-08-20T02:34:29.455+0000][1692007][info ][safepoint   ] Safepoint "G1CollectForAllocation", Time since last: 702666047738 ns, Reaching safepoint: 108594 ns, Cleanup: 3095 ns, At safepoint: 2428467 ns, Total: 2540156 ns
[2025-08-20T02:34:29.459+0000][1692007][info ][gc          ] GC(170) Concurrent Mark Cycle
[2025-08-20T02:34:29.459+0000][1692007][info ][gc,marking  ] GC(170) Concurrent Scan Root Regions
[2025-08-20T02:34:29.460+0000][1692007][info ][gc,marking  ] GC(170) Concurrent Scan Root Regions 0.402ms
[2025-08-20T02:34:29.460+0000][1692007][info ][gc,marking  ] GC(170) Concurrent Mark
[2025-08-20T02:34:29.460+0000][1692007][info ][gc,marking  ] GC(170) Concurrent Mark From Roots
[2025-08-20T02:34:29.460+0000][1692007][info ][gc,task     ] GC(170) Using 1 workers of 1 for marking
[2025-08-20T02:34:29.585+0000][1692007][info ][gc,marking  ] GC(170) Concurrent Mark From Roots 124.974ms
[2025-08-20T02:34:29.585+0000][1692007][info ][gc,marking  ] GC(170) Concurrent Preclean
[2025-08-20T02:34:29.585+0000][1692007][info ][gc,marking  ] GC(170) Concurrent Preclean 0.363ms
[2025-08-20T02:34:29.585+0000][1692007][info ][gc,start    ] GC(170) Pause Remark
[2025-08-20T02:34:29.589+0000][1692007][info ][gc          ] GC(170) Pause Remark 91M->91M(512M) 4.132ms
[2025-08-20T02:34:29.589+0000][1692007][info ][gc,cpu      ] GC(170) User=0.00s Sys=0.00s Real=0.01s
[2025-08-20T02:34:29.589+0000][1692007][info ][safepoint   ] Safepoint "G1PauseRemark", Time since last: 129919841 ns, Reaching safepoint: 5448 ns, Cleanup: 3175 ns, At safepoint: 4166251 ns, Total: 4174874 ns
[2025-08-20T02:34:29.589+0000][1692007][info ][gc,marking  ] GC(170) Concurrent Mark 129.599ms
[2025-08-20T02:34:29.589+0000][1692007][info ][gc,marking  ] GC(170) Concurrent Rebuild Remembered Sets and Scrub Regions
[2025-08-20T02:34:29.623+0000][1692007][info ][gc,marking  ] GC(170) Concurrent Rebuild Remembered Sets and Scrub Regions 33.509ms
[2025-08-20T02:34:29.623+0000][1692007][info ][gc,start    ] GC(170) Pause Cleanup
[2025-08-20T02:34:29.623+0000][1692007][info ][gc          ] GC(170) Pause Cleanup 94M->94M(512M) 0.033ms
[2025-08-20T02:34:29.623+0000][1692007][info ][gc,cpu      ] GC(170) User=0.00s Sys=0.00s Real=0.00s
[2025-08-20T02:34:29.623+0000][1692007][info ][safepoint   ] Safepoint "G1PauseCleanup", Time since last: 33558141 ns, Reaching safepoint: 3154 ns, Cleanup: 1513 ns, At safepoint: 52569 ns, Total: 57236 ns
[2025-08-20T02:34:29.623+0000][1692007][info ][gc,marking  ] GC(170) Concurrent Clear Claimed Marks
[2025-08-20T02:34:29.623+0000][1692007][info ][gc,marking  ] GC(170) Concurrent Clear Claimed Marks 0.132ms
[2025-08-20T02:34:29.623+0000][1692007][info ][gc,marking  ] GC(170) Concurrent Cleanup for Next Mark
[2025-08-20T02:34:29.640+0000][1692007][info ][gc,marking  ] GC(170) Concurrent Cleanup for Next Mark 16.454ms
[2025-08-20T02:34:29.640+0000][1692007][info ][gc          ] GC(170) Concurrent Mark Cycle 180.235ms
[2025-08-20T02:46:13.038+0000][1692007][info ][gc,start    ] GC(171) Pause Young (Normal) (G1 Evacuation Pause)
[2025-08-20T02:46:13.039+0000][1692007][info ][gc,task     ] GC(171) Using 1 workers of 1 for evacuation
[2025-08-20T02:46:13.039+0000][1692007][debug][gc,age      ] GC(171) Desired survivor size 20971520 bytes, new threshold 15 (max threshold 15)
[2025-08-20T02:46:13.041+0000][1692007][info ][gc,phases   ] GC(171)   Pre Evacuate Collection Set: 0.0ms
[2025-08-20T02:46:13.041+0000][1692007][info ][gc,phases   ] GC(171)   Merge Heap Roots: 0.0ms
[2025-08-20T02:46:13.041+0000][1692007][info ][gc,phases   ] GC(171)   Evacuate Collection Set: 1.6ms
[2025-08-20T02:46:13.041+0000][1692007][info ][gc,phases   ] GC(171)   Post Evacuate Collection Set: 0.8ms
[2025-08-20T02:46:13.042+0000][1692007][info ][gc,phases   ] GC(171)   Other: 0.0ms
[2025-08-20T02:46:13.042+0000][1692007][trace][gc,age      ] GC(171) Age table with threshold 15 (max threshold 15)
[2025-08-20T02:46:13.042+0000][1692007][trace][gc,age      ] GC(171) - age   1:       9504 bytes,       9504 total
[2025-08-20T02:46:13.042+0000][1692007][trace][gc,age      ] GC(171) - age   4:        216 bytes,       9720 total
[2025-08-20T02:46:13.042+0000][1692007][trace][gc,age      ] GC(171) - age   5:        176 bytes,       9896 total
[2025-08-20T02:46:13.042+0000][1692007][trace][gc,age      ] GC(171) - age   7:       3480 bytes,      13376 total
[2025-08-20T02:46:13.042+0000][1692007][trace][gc,age      ] GC(171) - age   9:       4360 bytes,      17736 total
[2025-08-20T02:46:13.042+0000][1692007][trace][gc,age      ] GC(171) - age  10:        808 bytes,      18544 total
[2025-08-20T02:46:13.042+0000][1692007][info ][gc,heap     ] GC(171) Eden regions: 75->0(75)
[2025-08-20T02:46:13.042+0000][1692007][info ][gc,heap     ] GC(171) Survivor regions: 1->1(10)
[2025-08-20T02:46:13.042+0000][1692007][info ][gc,heap     ] GC(171) Old regions: 23->23
[2025-08-20T02:46:13.042+0000][1692007][info ][gc,heap     ] GC(171) Humongous regions: 0->0
[2025-08-20T02:46:13.042+0000][1692007][info ][gc,metaspace] GC(171) Metaspace: 141896K(147968K)->141896K(147968K) NonClass: 123082K(126720K)->123082K(126720K) Class: 18814K(21248K)->18814K(21248K)
[2025-08-20T02:46:13.042+0000][1692007][info ][gc          ] GC(171) Pause Young (Normal) (G1 Evacuation Pause) 391M->91M(512M) 3.106ms
[2025-08-20T02:46:13.042+0000][1692007][info ][gc,cpu      ] GC(171) User=0.00s Sys=0.00s Real=0.00s
[2025-08-20T02:46:13.042+0000][1692007][info ][safepoint   ] Safepoint "G1CollectForAllocation", Time since last: 703415434610 ns, Reaching safepoint: 8563 ns, Cleanup: 3625 ns, At safepoint: 3139771 ns, Total: 3151959 ns
[2025-08-20T02:57:55.688+0000][1692007][info ][gc,start    ] GC(172) Pause Young (Concurrent Start) (G1 Evacuation Pause)
[2025-08-20T02:57:55.689+0000][1692007][info ][gc,task     ] GC(172) Using 1 workers of 1 for evacuation
[2025-08-20T02:57:55.689+0000][1692007][debug][gc,age      ] GC(172) Desired survivor size 20971520 bytes, new threshold 15 (max threshold 15)
[2025-08-20T02:57:55.691+0000][1692007][info ][gc,phases   ] GC(172)   Pre Evacuate Collection Set: 0.0ms
[2025-08-20T02:57:55.691+0000][1692007][info ][gc,phases   ] GC(172)   Merge Heap Roots: 0.0ms
[2025-08-20T02:57:55.691+0000][1692007][info ][gc,phases   ] GC(172)   Evacuate Collection Set: 1.2ms
[2025-08-20T02:57:55.691+0000][1692007][info ][gc,phases   ] GC(172)   Post Evacuate Collection Set: 0.7ms
[2025-08-20T02:57:55.691+0000][1692007][info ][gc,phases   ] GC(172)   Other: 0.2ms
[2025-08-20T02:57:55.691+0000][1692007][trace][gc,age      ] GC(172) Age table with threshold 15 (max threshold 15)
[2025-08-20T02:57:55.691+0000][1692007][trace][gc,age      ] GC(172) - age   1:       9496 bytes,       9496 total
[2025-08-20T02:57:55.691+0000][1692007][trace][gc,age      ] GC(172) - age   2:         32 bytes,       9528 total
[2025-08-20T02:57:55.691+0000][1692007][trace][gc,age      ] GC(172) - age   5:        216 bytes,       9744 total
[2025-08-20T02:57:55.691+0000][1692007][trace][gc,age      ] GC(172) - age   8:       3480 bytes,      13224 total
[2025-08-20T02:57:55.691+0000][1692007][trace][gc,age      ] GC(172) - age  10:       4360 bytes,      17584 total
[2025-08-20T02:57:55.691+0000][1692007][trace][gc,age      ] GC(172) - age  11:        808 bytes,      18392 total
[2025-08-20T02:57:55.691+0000][1692007][info ][gc,heap     ] GC(172) Eden regions: 75->0(75)
[2025-08-20T02:57:55.691+0000][1692007][info ][gc,heap     ] GC(172) Survivor regions: 1->1(10)
[2025-08-20T02:57:55.691+0000][1692007][info ][gc,heap     ] GC(172) Old regions: 23->23
[2025-08-20T02:57:55.691+0000][1692007][info ][gc,heap     ] GC(172) Humongous regions: 0->0
[2025-08-20T02:57:55.691+0000][1692007][info ][gc,metaspace] GC(172) Metaspace: 141898K(147968K)->141898K(147968K) NonClass: 123084K(126720K)->123084K(126720K) Class: 18814K(21248K)->18814K(21248K)
[2025-08-20T02:57:55.691+0000][1692007][info ][gc          ] GC(172) Pause Young (Concurrent Start) (G1 Evacuation Pause) 391M->91M(512M) 2.721ms
[2025-08-20T02:57:55.691+0000][1692007][info ][gc,cpu      ] GC(172) User=0.00s Sys=0.00s Real=0.00s
[2025-08-20T02:57:55.691+0000][1692007][info ][safepoint   ] Safepoint "G1CollectForAllocation", Time since last: 702646693925 ns, Reaching safepoint: 7461 ns, Cleanup: 3135 ns, At safepoint: 2757724 ns, Total: 2768320 ns
[2025-08-20T02:57:55.697+0000][1692007][info ][gc          ] GC(173) Concurrent Mark Cycle
[2025-08-20T02:57:55.697+0000][1692007][info ][gc,marking  ] GC(173) Concurrent Scan Root Regions
[2025-08-20T02:57:55.698+0000][1692007][info ][gc,marking  ] GC(173) Concurrent Scan Root Regions 0.411ms
[2025-08-20T02:57:55.698+0000][1692007][info ][gc,marking  ] GC(173) Concurrent Mark
[2025-08-20T02:57:55.698+0000][1692007][info ][gc,marking  ] GC(173) Concurrent Mark From Roots
[2025-08-20T02:57:55.698+0000][1692007][info ][gc,task     ] GC(173) Using 1 workers of 1 for marking
[2025-08-20T02:57:55.819+0000][1692007][info ][gc,marking  ] GC(173) Concurrent Mark From Roots 121.116ms
[2025-08-20T02:57:55.819+0000][1692007][info ][gc,marking  ] GC(173) Concurrent Preclean
[2025-08-20T02:57:55.819+0000][1692007][info ][gc,marking  ] GC(173) Concurrent Preclean 0.391ms
[2025-08-20T02:57:55.819+0000][1692007][info ][gc,start    ] GC(173) Pause Remark
[2025-08-20T02:57:55.823+0000][1692007][info ][gc          ] GC(173) Pause Remark 91M->91M(512M) 4.082ms
[2025-08-20T02:57:55.824+0000][1692007][info ][gc,cpu      ] GC(173) User=0.00s Sys=0.00s Real=0.00s
[2025-08-20T02:57:55.824+0000][1692007][info ][safepoint   ] Safepoint "G1PauseRemark", Time since last: 128345656 ns, Reaching safepoint: 4907 ns, Cleanup: 3225 ns, At safepoint: 4115965 ns, Total: 4124097 ns
[2025-08-20T02:57:55.824+0000][1692007][info ][gc,marking  ] GC(173) Concurrent Mark 125.742ms
[2025-08-20T02:57:55.824+0000][1692007][info ][gc,marking  ] GC(173) Concurrent Rebuild Remembered Sets and Scrub Regions
[2025-08-20T02:57:55.861+0000][1692007][info ][gc,marking  ] GC(173) Concurrent Rebuild Remembered Sets and Scrub Regions 37.407ms
[2025-08-20T02:57:55.861+0000][1692007][info ][gc,start    ] GC(173) Pause Cleanup
[2025-08-20T02:57:55.861+0000][1692007][info ][gc          ] GC(173) Pause Cleanup 91M->91M(512M) 0.033ms
[2025-08-20T02:57:55.861+0000][1692007][info ][gc,cpu      ] GC(173) User=0.00s Sys=0.00s Real=0.00s
[2025-08-20T02:57:55.861+0000][1692007][info ][safepoint   ] Safepoint "G1PauseCleanup", Time since last: 37449867 ns, Reaching safepoint: 3546 ns, Cleanup: 831 ns, At safepoint: 52689 ns, Total: 57066 ns
[2025-08-20T02:57:55.861+0000][1692007][info ][gc,marking  ] GC(173) Concurrent Clear Claimed Marks
[2025-08-20T02:57:55.861+0000][1692007][info ][gc,marking  ] GC(173) Concurrent Clear Claimed Marks 0.123ms
[2025-08-20T02:57:55.861+0000][1692007][info ][gc,marking  ] GC(173) Concurrent Cleanup for Next Mark
[2025-08-20T02:57:55.874+0000][1692007][info ][gc,marking  ] GC(173) Concurrent Cleanup for Next Mark 12.433ms
[2025-08-20T02:57:55.874+0000][1692007][info ][gc          ] GC(173) Concurrent Mark Cycle 176.251ms
[2025-08-20T03:09:38.808+0000][1692007][info ][gc,start    ] GC(174) Pause Young (Normal) (G1 Evacuation Pause)
[2025-08-20T03:09:38.808+0000][1692007][info ][gc,task     ] GC(174) Using 1 workers of 1 for evacuation
[2025-08-20T03:09:38.808+0000][1692007][debug][gc,age      ] GC(174) Desired survivor size 20971520 bytes, new threshold 15 (max threshold 15)
[2025-08-20T03:09:38.811+0000][1692007][info ][gc,phases   ] GC(174)   Pre Evacuate Collection Set: 0.0ms
[2025-08-20T03:09:38.811+0000][1692007][info ][gc,phases   ] GC(174)   Merge Heap Roots: 0.0ms
[2025-08-20T03:09:38.811+0000][1692007][info ][gc,phases   ] GC(174)   Evacuate Collection Set: 1.6ms
[2025-08-20T03:09:38.811+0000][1692007][info ][gc,phases   ] GC(174)   Post Evacuate Collection Set: 0.8ms
[2025-08-20T03:09:38.811+0000][1692007][info ][gc,phases   ] GC(174)   Other: 0.0ms
[2025-08-20T03:09:38.811+0000][1692007][trace][gc,age      ] GC(174) Age table with threshold 15 (max threshold 15)
[2025-08-20T03:09:38.811+0000][1692007][trace][gc,age      ] GC(174) - age   1:       9400 bytes,       9400 total
[2025-08-20T03:09:38.811+0000][1692007][trace][gc,age      ] GC(174) - age   2:        176 bytes,       9576 total
[2025-08-20T03:09:38.811+0000][1692007][trace][gc,age      ] GC(174) - age   3:         32 bytes,       9608 total
[2025-08-20T03:09:38.811+0000][1692007][trace][gc,age      ] GC(174) - age   6:        216 bytes,       9824 total
[2025-08-20T03:09:38.811+0000][1692007][trace][gc,age      ] GC(174) - age   9:       3480 bytes,      13304 total
[2025-08-20T03:09:38.811+0000][1692007][trace][gc,age      ] GC(174) - age  11:       4360 bytes,      17664 total
[2025-08-20T03:09:38.811+0000][1692007][trace][gc,age      ] GC(174) - age  12:        808 bytes,      18472 total
[2025-08-20T03:09:38.811+0000][1692007][info ][gc,heap     ] GC(174) Eden regions: 75->0(75)
[2025-08-20T03:09:38.811+0000][1692007][info ][gc,heap     ] GC(174) Survivor regions: 1->1(10)
[2025-08-20T03:09:38.811+0000][1692007][info ][gc,heap     ] GC(174) Old regions: 23->23
[2025-08-20T03:09:38.811+0000][1692007][info ][gc,heap     ] GC(174) Humongous regions: 0->0
[2025-08-20T03:09:38.811+0000][1692007][info ][gc,metaspace] GC(174) Metaspace: 141898K(147968K)->141898K(147968K) NonClass: 123084K(126720K)->123084K(126720K) Class: 18814K(21248K)->18814K(21248K)
[2025-08-20T03:09:38.811+0000][1692007][info ][gc          ] GC(174) Pause Young (Normal) (G1 Evacuation Pause) 391M->91M(512M) 2.919ms
[2025-08-20T03:09:38.811+0000][1692007][info ][gc,cpu      ] GC(174) User=0.00s Sys=0.00s Real=0.00s
[2025-08-20T03:09:38.811+0000][1692007][info ][safepoint   ] Safepoint "G1CollectForAllocation", Time since last: 702946689236 ns, Reaching safepoint: 6910 ns, Cleanup: 3165 ns, At safepoint: 2951677 ns, Total: 2961752 ns
[2025-08-20T03:21:23.963+0000][1692007][info ][gc,start    ] GC(175) Pause Young (Concurrent Start) (G1 Evacuation Pause)
[2025-08-20T03:21:23.963+0000][1692007][info ][gc,task     ] GC(175) Using 1 workers of 1 for evacuation
[2025-08-20T03:21:23.963+0000][1692007][debug][gc,age      ] GC(175) Desired survivor size 20971520 bytes, new threshold 15 (max threshold 15)
[2025-08-20T03:21:23.965+0000][1692007][info ][gc,phases   ] GC(175)   Pre Evacuate Collection Set: 0.0ms
[2025-08-20T03:21:23.965+0000][1692007][info ][gc,phases   ] GC(175)   Merge Heap Roots: 0.0ms
[2025-08-20T03:21:23.965+0000][1692007][info ][gc,phases   ] GC(175)   Evacuate Collection Set: 1.2ms
[2025-08-20T03:21:23.965+0000][1692007][info ][gc,phases   ] GC(175)   Post Evacuate Collection Set: 0.7ms
[2025-08-20T03:21:23.965+0000][1692007][info ][gc,phases   ] GC(175)   Other: 0.0ms
[2025-08-20T03:21:23.965+0000][1692007][trace][gc,age      ] GC(175) Age table with threshold 15 (max threshold 15)
[2025-08-20T03:21:23.965+0000][1692007][trace][gc,age      ] GC(175) - age   1:      11208 bytes,      11208 total
[2025-08-20T03:21:23.965+0000][1692007][trace][gc,age      ] GC(175) - age   3:        176 bytes,      11384 total
[2025-08-20T03:21:23.965+0000][1692007][trace][gc,age      ] GC(175) - age   4:         32 bytes,      11416 total
[2025-08-20T03:21:23.965+0000][1692007][trace][gc,age      ] GC(175) - age   7:        216 bytes,      11632 total
[2025-08-20T03:21:23.965+0000][1692007][trace][gc,age      ] GC(175) - age  10:       3480 bytes,      15112 total
[2025-08-20T03:21:23.965+0000][1692007][trace][gc,age      ] GC(175) - age  12:       4360 bytes,      19472 total
[2025-08-20T03:21:23.965+0000][1692007][trace][gc,age      ] GC(175) - age  13:        808 bytes,      20280 total
[2025-08-20T03:21:23.965+0000][1692007][info ][gc,heap     ] GC(175) Eden regions: 75->0(75)
[2025-08-20T03:21:23.965+0000][1692007][info ][gc,heap     ] GC(175) Survivor regions: 1->1(10)
[2025-08-20T03:21:23.965+0000][1692007][info ][gc,heap     ] GC(175) Old regions: 23->23
[2025-08-20T03:21:23.965+0000][1692007][info ][gc,heap     ] GC(175) Humongous regions: 0->0
[2025-08-20T03:21:23.965+0000][1692007][info ][gc,metaspace] GC(175) Metaspace: 141900K(147968K)->141900K(147968K) NonClass: 123086K(126720K)->123086K(126720K) Class: 18814K(21248K)->18814K(21248K)
[2025-08-20T03:21:23.965+0000][1692007][info ][gc          ] GC(175) Pause Young (Concurrent Start) (G1 Evacuation Pause) 391M->91M(512M) 2.218ms
[2025-08-20T03:21:23.965+0000][1692007][info ][gc,cpu      ] GC(175) User=0.00s Sys=0.00s Real=0.00s
[2025-08-20T03:21:23.965+0000][1692007][info ][safepoint   ] Safepoint "G1CollectForAllocation", Time since last: 705152075431 ns, Reaching safepoint: 7391 ns, Cleanup: 2113 ns, At safepoint: 2252131 ns, Total: 2261635 ns
[2025-08-20T03:21:23.971+0000][1692007][info ][gc          ] GC(176) Concurrent Mark Cycle
[2025-08-20T03:21:23.971+0000][1692007][info ][gc,marking  ] GC(176) Concurrent Scan Root Regions
[2025-08-20T03:21:23.972+0000][1692007][info ][gc,marking  ] GC(176) Concurrent Scan Root Regions 0.395ms
[2025-08-20T03:21:23.972+0000][1692007][info ][gc,marking  ] GC(176) Concurrent Mark
[2025-08-20T03:21:23.972+0000][1692007][info ][gc,marking  ] GC(176) Concurrent Mark From Roots
[2025-08-20T03:21:23.972+0000][1692007][info ][gc,task     ] GC(176) Using 1 workers of 1 for marking
[2025-08-20T03:21:24.083+0000][1692007][info ][gc,marking  ] GC(176) Concurrent Mark From Roots 111.173ms
[2025-08-20T03:21:24.083+0000][1692007][info ][gc,marking  ] GC(176) Concurrent Preclean
[2025-08-20T03:21:24.083+0000][1692007][info ][gc,marking  ] GC(176) Concurrent Preclean 0.334ms
[2025-08-20T03:21:24.083+0000][1692007][info ][gc,start    ] GC(176) Pause Remark
[2025-08-20T03:21:24.087+0000][1692007][info ][gc          ] GC(176) Pause Remark 91M->91M(512M) 4.128ms
[2025-08-20T03:21:24.088+0000][1692007][info ][gc,cpu      ] GC(176) User=0.00s Sys=0.00s Real=0.01s
[2025-08-20T03:21:24.088+0000][1692007][info ][safepoint   ] Safepoint "G1PauseRemark", Time since last: 118334440 ns, Reaching safepoint: 5048 ns, Cleanup: 2744 ns, At safepoint: 4170777 ns, Total: 4178569 ns
[2025-08-20T03:21:24.088+0000][1692007][info ][gc,marking  ] GC(176) Concurrent Mark 115.756ms
[2025-08-20T03:21:24.088+0000][1692007][info ][gc,marking  ] GC(176) Concurrent Rebuild Remembered Sets and Scrub Regions
[2025-08-20T03:21:24.146+0000][1692007][info ][gc,marking  ] GC(176) Concurrent Rebuild Remembered Sets and Scrub Regions 58.555ms
[2025-08-20T03:21:24.146+0000][1692007][info ][gc,start    ] GC(176) Pause Cleanup
[2025-08-20T03:21:24.146+0000][1692007][info ][gc          ] GC(176) Pause Cleanup 91M->91M(512M) 0.039ms
[2025-08-20T03:21:24.146+0000][1692007][info ][gc,cpu      ] GC(176) User=0.00s Sys=0.00s Real=0.00s
[2025-08-20T03:21:24.146+0000][1692007][info ][safepoint   ] Safepoint "G1PauseCleanup", Time since last: 58615097 ns, Reaching safepoint: 3776 ns, Cleanup: 1682 ns, At safepoint: 63396 ns, Total: 68854 ns
[2025-08-20T03:21:24.146+0000][1692007][info ][gc,marking  ] GC(176) Concurrent Clear Claimed Marks
[2025-08-20T03:21:24.146+0000][1692007][info ][gc,marking  ] GC(176) Concurrent Clear Claimed Marks 0.172ms
[2025-08-20T03:21:24.146+0000][1692007][info ][gc,marking  ] GC(176) Concurrent Cleanup for Next Mark
[2025-08-20T03:21:24.147+0000][1692007][info ][gc,marking  ] GC(176) Concurrent Cleanup for Next Mark 0.266ms
[2025-08-20T03:21:24.147+0000][1692007][info ][gc          ] GC(176) Concurrent Mark Cycle 175.303ms
[2025-08-20T03:23:55.156+0000][1692007][info ][safepoint   ] Safepoint "Cleanup", Time since last: 151009294946 ns, Reaching safepoint: 251900 ns, Cleanup: 11748 ns, At safepoint: 5198 ns, Total: 268846 ns
[2025-08-20T03:33:09.536+0000][1692007][info ][gc,start    ] GC(177) Pause Young (Normal) (G1 Evacuation Pause)
[2025-08-20T03:33:09.536+0000][1692007][info ][gc,task     ] GC(177) Using 1 workers of 1 for evacuation
[2025-08-20T03:33:09.537+0000][1692007][debug][gc,age      ] GC(177) Desired survivor size 20971520 bytes, new threshold 15 (max threshold 15)
[2025-08-20T03:33:09.539+0000][1692007][info ][gc,phases   ] GC(177)   Pre Evacuate Collection Set: 0.0ms
[2025-08-20T03:33:09.539+0000][1692007][info ][gc,phases   ] GC(177)   Merge Heap Roots: 0.0ms
[2025-08-20T03:33:09.539+0000][1692007][info ][gc,phases   ] GC(177)   Evacuate Collection Set: 1.6ms
[2025-08-20T03:33:09.539+0000][1692007][info ][gc,phases   ] GC(177)   Post Evacuate Collection Set: 0.8ms
[2025-08-20T03:33:09.539+0000][1692007][info ][gc,phases   ] GC(177)   Other: 0.0ms
[2025-08-20T03:33:09.539+0000][1692007][trace][gc,age      ] GC(177) Age table with threshold 15 (max threshold 15)
[2025-08-20T03:33:09.539+0000][1692007][trace][gc,age      ] GC(177) - age   1:      10464 bytes,      10464 total
[2025-08-20T03:33:09.539+0000][1692007][trace][gc,age      ] GC(177) - age   2:        352 bytes,      10816 total
[2025-08-20T03:33:09.539+0000][1692007][trace][gc,age      ] GC(177) - age   4:        176 bytes,      10992 total
[2025-08-20T03:33:09.539+0000][1692007][trace][gc,age      ] GC(177) - age   5:         32 bytes,      11024 total
[2025-08-20T03:33:09.539+0000][1692007][trace][gc,age      ] GC(177) - age   8:        216 bytes,      11240 total
[2025-08-20T03:33:09.539+0000][1692007][trace][gc,age      ] GC(177) - age  11:       3480 bytes,      14720 total
[2025-08-20T03:33:09.539+0000][1692007][trace][gc,age      ] GC(177) - age  13:       4360 bytes,      19080 total
[2025-08-20T03:33:09.539+0000][1692007][trace][gc,age      ] GC(177) - age  14:        808 bytes,      19888 total
[2025-08-20T03:33:09.539+0000][1692007][info ][gc,heap     ] GC(177) Eden regions: 75->0(75)
[2025-08-20T03:33:09.539+0000][1692007][info ][gc,heap     ] GC(177) Survivor regions: 1->1(10)
[2025-08-20T03:33:09.539+0000][1692007][info ][gc,heap     ] GC(177) Old regions: 23->23
[2025-08-20T03:33:09.539+0000][1692007][info ][gc,heap     ] GC(177) Humongous regions: 0->0
[2025-08-20T03:33:09.539+0000][1692007][info ][gc,metaspace] GC(177) Metaspace: 141901K(147968K)->141901K(147968K) NonClass: 123087K(126720K)->123087K(126720K) Class: 18814K(21248K)->18814K(21248K)
[2025-08-20T03:33:09.539+0000][1692007][info ][gc          ] GC(177) Pause Young (Normal) (G1 Evacuation Pause) 391M->91M(512M) 2.692ms
[2025-08-20T03:33:09.539+0000][1692007][info ][gc,cpu      ] GC(177) User=0.00s Sys=0.00s Real=0.00s
[2025-08-20T03:33:09.539+0000][1692007][info ][safepoint   ] Safepoint "G1CollectForAllocation", Time since last: 554380573712 ns, Reaching safepoint: 7150 ns, Cleanup: 6831 ns, At safepoint: 2723312 ns, Total: 2737293 ns
[2025-08-20T03:44:53.165+0000][1692007][info ][gc,start    ] GC(178) Pause Young (Concurrent Start) (G1 Evacuation Pause)
[2025-08-20T03:44:53.165+0000][1692007][info ][gc,task     ] GC(178) Using 1 workers of 1 for evacuation
[2025-08-20T03:44:53.165+0000][1692007][debug][gc,age      ] GC(178) Desired survivor size 20971520 bytes, new threshold 15 (max threshold 15)
[2025-08-20T03:44:53.168+0000][1692007][info ][gc,phases   ] GC(178)   Pre Evacuate Collection Set: 0.1ms
[2025-08-20T03:44:53.168+0000][1692007][info ][gc,phases   ] GC(178)   Merge Heap Roots: 0.0ms
[2025-08-20T03:44:53.168+0000][1692007][info ][gc,phases   ] GC(178)   Evacuate Collection Set: 1.2ms
[2025-08-20T03:44:53.168+0000][1692007][info ][gc,phases   ] GC(178)   Post Evacuate Collection Set: 0.7ms
[2025-08-20T03:44:53.168+0000][1692007][info ][gc,phases   ] GC(178)   Other: 0.2ms
[2025-08-20T03:44:53.168+0000][1692007][trace][gc,age      ] GC(178) Age table with threshold 15 (max threshold 15)
[2025-08-20T03:44:53.168+0000][1692007][trace][gc,age      ] GC(178) - age   1:       9376 bytes,       9376 total
[2025-08-20T03:44:53.168+0000][1692007][trace][gc,age      ] GC(178) - age   5:        176 bytes,       9552 total
[2025-08-20T03:44:53.168+0000][1692007][trace][gc,age      ] GC(178) - age   6:         32 bytes,       9584 total
[2025-08-20T03:44:53.168+0000][1692007][trace][gc,age      ] GC(178) - age   9:        216 bytes,       9800 total
[2025-08-20T03:44:53.168+0000][1692007][trace][gc,age      ] GC(178) - age  12:       3480 bytes,      13280 total
[2025-08-20T03:44:53.168+0000][1692007][trace][gc,age      ] GC(178) - age  14:       4360 bytes,      17640 total
[2025-08-20T03:44:53.168+0000][1692007][trace][gc,age      ] GC(178) - age  15:        808 bytes,      18448 total
[2025-08-20T03:44:53.168+0000][1692007][info ][gc,heap     ] GC(178) Eden regions: 75->0(75)
[2025-08-20T03:44:53.168+0000][1692007][info ][gc,heap     ] GC(178) Survivor regions: 1->1(10)
[2025-08-20T03:44:53.168+0000][1692007][info ][gc,heap     ] GC(178) Old regions: 23->23
[2025-08-20T03:44:53.168+0000][1692007][info ][gc,heap     ] GC(178) Humongous regions: 0->0
[2025-08-20T03:44:53.168+0000][1692007][info ][gc,metaspace] GC(178) Metaspace: 141901K(147968K)->141901K(147968K) NonClass: 123087K(126720K)->123087K(126720K) Class: 18814K(21248K)->18814K(21248K)
[2025-08-20T03:44:53.168+0000][1692007][info ][gc          ] GC(178) Pause Young (Concurrent Start) (G1 Evacuation Pause) 391M->91M(512M) 2.554ms
[2025-08-20T03:44:53.168+0000][1692007][info ][gc,cpu      ] GC(178) User=0.00s Sys=0.00s Real=0.01s
[2025-08-20T03:44:53.168+0000][1692007][info ][safepoint   ] Safepoint "G1CollectForAllocation", Time since last: 703625942527 ns, Reaching safepoint: 6951 ns, Cleanup: 2874 ns, At safepoint: 2590892 ns, Total: 2600717 ns
[2025-08-20T03:44:53.174+0000][1692007][info ][gc          ] GC(179) Concurrent Mark Cycle
[2025-08-20T03:44:53.174+0000][1692007][info ][gc,marking  ] GC(179) Concurrent Scan Root Regions
[2025-08-20T03:44:53.175+0000][1692007][info ][gc,marking  ] GC(179) Concurrent Scan Root Regions 0.406ms
[2025-08-20T03:44:53.175+0000][1692007][info ][gc,marking  ] GC(179) Concurrent Mark
[2025-08-20T03:44:53.175+0000][1692007][info ][gc,marking  ] GC(179) Concurrent Mark From Roots
[2025-08-20T03:44:53.175+0000][1692007][info ][gc,task     ] GC(179) Using 1 workers of 1 for marking
[2025-08-20T03:44:53.286+0000][1692007][info ][gc,marking  ] GC(179) Concurrent Mark From Roots 111.156ms
[2025-08-20T03:44:53.286+0000][1692007][info ][gc,marking  ] GC(179) Concurrent Preclean
[2025-08-20T03:44:53.286+0000][1692007][info ][gc,marking  ] GC(179) Concurrent Preclean 0.352ms
[2025-08-20T03:44:53.286+0000][1692007][info ][gc,start    ] GC(179) Pause Remark
[2025-08-20T03:44:53.291+0000][1692007][info ][gc          ] GC(179) Pause Remark 91M->91M(512M) 4.160ms
[2025-08-20T03:44:53.291+0000][1692007][info ][gc,cpu      ] GC(179) User=0.00s Sys=0.00s Real=0.00s
[2025-08-20T03:44:53.291+0000][1692007][info ][safepoint   ] Safepoint "G1PauseRemark", Time since last: 118718021 ns, Reaching safepoint: 5047 ns, Cleanup: 2785 ns, At safepoint: 4202175 ns, Total: 4210007 ns
[2025-08-20T03:44:53.291+0000][1692007][info ][gc,marking  ] GC(179) Concurrent Mark 115.784ms
[2025-08-20T03:44:53.291+0000][1692007][info ][gc,marking  ] GC(179) Concurrent Rebuild Remembered Sets and Scrub Regions
[2025-08-20T03:44:53.339+0000][1692007][info ][gc,marking  ] GC(179) Concurrent Rebuild Remembered Sets and Scrub Regions 48.083ms
[2025-08-20T03:44:53.339+0000][1692007][info ][gc,start    ] GC(179) Pause Cleanup
[2025-08-20T03:44:53.339+0000][1692007][info ][gc          ] GC(179) Pause Cleanup 91M->91M(512M) 0.033ms
[2025-08-20T03:44:53.339+0000][1692007][info ][gc,cpu      ] GC(179) User=0.00s Sys=0.00s Real=0.00s
[2025-08-20T03:44:53.339+0000][1692007][info ][safepoint   ] Safepoint "G1PauseCleanup", Time since last: 48131577 ns, Reaching safepoint: 3175 ns, Cleanup: 771 ns, At safepoint: 56856 ns, Total: 60802 ns
[2025-08-20T03:44:53.339+0000][1692007][info ][gc,marking  ] GC(179) Concurrent Clear Claimed Marks
[2025-08-20T03:44:53.339+0000][1692007][info ][gc,marking  ] GC(179) Concurrent Clear Claimed Marks 0.153ms
[2025-08-20T03:44:53.339+0000][1692007][info ][gc,marking  ] GC(179) Concurrent Cleanup for Next Mark
[2025-08-20T03:44:53.346+0000][1692007][info ][gc,marking  ] GC(179) Concurrent Cleanup for Next Mark 7.374ms
[2025-08-20T03:44:53.346+0000][1692007][info ][gc          ] GC(179) Concurrent Mark Cycle 171.940ms
[2025-08-20T03:51:54.364+0000][1692007][info ][safepoint   ] Safepoint "Cleanup", Time since last: 421024968154 ns, Reaching safepoint: 32299 ns, Cleanup: 6229 ns, At safepoint: 1943 ns, Total: 40471 ns
[2025-08-20T03:52:05.365+0000][1692007][info ][safepoint   ] Safepoint "Cleanup", Time since last: 11000837053 ns, Reaching safepoint: 46290 ns, Cleanup: 14742 ns, At safepoint: 4327 ns, Total: 65359 ns
[2025-08-20T03:56:37.976+0000][1692007][info ][gc,start    ] GC(180) Pause Young (Normal) (G1 Evacuation Pause)
[2025-08-20T03:56:37.976+0000][1692007][info ][gc,task     ] GC(180) Using 1 workers of 1 for evacuation
[2025-08-20T03:56:37.976+0000][1692007][debug][gc,age      ] GC(180) Desired survivor size 20971520 bytes, new threshold 15 (max threshold 15)
[2025-08-20T03:56:37.979+0000][1692007][info ][gc,phases   ] GC(180)   Pre Evacuate Collection Set: 0.0ms
[2025-08-20T03:56:37.979+0000][1692007][info ][gc,phases   ] GC(180)   Merge Heap Roots: 0.1ms
[2025-08-20T03:56:37.979+0000][1692007][info ][gc,phases   ] GC(180)   Evacuate Collection Set: 1.6ms
[2025-08-20T03:56:37.979+0000][1692007][info ][gc,phases   ] GC(180)   Post Evacuate Collection Set: 0.8ms
[2025-08-20T03:56:37.979+0000][1692007][info ][gc,phases   ] GC(180)   Other: 0.1ms
[2025-08-20T03:56:37.979+0000][1692007][trace][gc,age      ] GC(180) Age table with threshold 15 (max threshold 15)
[2025-08-20T03:56:37.979+0000][1692007][trace][gc,age      ] GC(180) - age   1:       9952 bytes,       9952 total
[2025-08-20T03:56:37.979+0000][1692007][trace][gc,age      ] GC(180) - age   7:         32 bytes,       9984 total
[2025-08-20T03:56:37.979+0000][1692007][trace][gc,age      ] GC(180) - age  10:        216 bytes,      10200 total
[2025-08-20T03:56:37.979+0000][1692007][trace][gc,age      ] GC(180) - age  13:       3480 bytes,      13680 total
[2025-08-20T03:56:37.979+0000][1692007][trace][gc,age      ] GC(180) - age  15:       4360 bytes,      18040 total
[2025-08-20T03:56:37.979+0000][1692007][info ][gc,heap     ] GC(180) Eden regions: 75->0(75)
[2025-08-20T03:56:37.979+0000][1692007][info ][gc,heap     ] GC(180) Survivor regions: 1->1(10)
[2025-08-20T03:56:37.979+0000][1692007][info ][gc,heap     ] GC(180) Old regions: 23->23
[2025-08-20T03:56:37.979+0000][1692007][info ][gc,heap     ] GC(180) Humongous regions: 0->0
[2025-08-20T03:56:37.979+0000][1692007][info ][gc,metaspace] GC(180) Metaspace: 141901K(147968K)->141901K(147968K) NonClass: 123087K(126720K)->123087K(126720K) Class: 18814K(21248K)->18814K(21248K)
[2025-08-20T03:56:37.979+0000][1692007][info ][gc          ] GC(180) Pause Young (Normal) (G1 Evacuation Pause) 391M->91M(512M) 3.086ms
[2025-08-20T03:56:37.979+0000][1692007][info ][gc,cpu      ] GC(180) User=0.00s Sys=0.00s Real=0.00s
[2025-08-20T03:56:37.979+0000][1692007][info ][safepoint   ] Safepoint "G1CollectForAllocation", Time since last: 272611056375 ns, Reaching safepoint: 7571 ns, Cleanup: 3586 ns, At safepoint: 3118138 ns, Total: 3129295 ns
[2025-08-20T04:08:20.850+0000][1692007][info ][gc,start    ] GC(181) Pause Young (Concurrent Start) (G1 Evacuation Pause)
[2025-08-20T04:08:20.850+0000][1692007][info ][gc,task     ] GC(181) Using 1 workers of 1 for evacuation
[2025-08-20T04:08:20.850+0000][1692007][debug][gc,age      ] GC(181) Desired survivor size 20971520 bytes, new threshold 15 (max threshold 15)
[2025-08-20T04:08:20.852+0000][1692007][info ][gc,phases   ] GC(181)   Pre Evacuate Collection Set: 0.1ms
[2025-08-20T04:08:20.852+0000][1692007][info ][gc,phases   ] GC(181)   Merge Heap Roots: 0.0ms
[2025-08-20T04:08:20.852+0000][1692007][info ][gc,phases   ] GC(181)   Evacuate Collection Set: 1.2ms
[2025-08-20T04:08:20.852+0000][1692007][info ][gc,phases   ] GC(181)   Post Evacuate Collection Set: 0.7ms
[2025-08-20T04:08:20.852+0000][1692007][info ][gc,phases   ] GC(181)   Other: 0.0ms
[2025-08-20T04:08:20.852+0000][1692007][trace][gc,age      ] GC(181) Age table with threshold 15 (max threshold 15)
[2025-08-20T04:08:20.852+0000][1692007][trace][gc,age      ] GC(181) - age   1:      14016 bytes,      14016 total
[2025-08-20T04:08:20.852+0000][1692007][trace][gc,age      ] GC(181) - age   2:        176 bytes,      14192 total
[2025-08-20T04:08:20.852+0000][1692007][trace][gc,age      ] GC(181) - age   8:         32 bytes,      14224 total
[2025-08-20T04:08:20.852+0000][1692007][trace][gc,age      ] GC(181) - age  11:        216 bytes,      14440 total
[2025-08-20T04:08:20.852+0000][1692007][trace][gc,age      ] GC(181) - age  14:       3480 bytes,      17920 total
[2025-08-20T04:08:20.852+0000][1692007][info ][gc,heap     ] GC(181) Eden regions: 75->0(75)
[2025-08-20T04:08:20.852+0000][1692007][info ][gc,heap     ] GC(181) Survivor regions: 1->1(10)
[2025-08-20T04:08:20.852+0000][1692007][info ][gc,heap     ] GC(181) Old regions: 23->23
[2025-08-20T04:08:20.852+0000][1692007][info ][gc,heap     ] GC(181) Humongous regions: 0->0
[2025-08-20T04:08:20.852+0000][1692007][info ][gc,metaspace] GC(181) Metaspace: 141901K(147968K)->141901K(147968K) NonClass: 123087K(126720K)->123087K(126720K) Class: 18814K(21248K)->18814K(21248K)
[2025-08-20T04:08:20.852+0000][1692007][info ][gc          ] GC(181) Pause Young (Concurrent Start) (G1 Evacuation Pause) 391M->91M(512M) 2.283ms
[2025-08-20T04:08:20.852+0000][1692007][info ][gc,cpu      ] GC(181) User=0.01s Sys=0.00s Real=0.00s
[2025-08-20T04:08:20.852+0000][1692007][info ][safepoint   ] Safepoint "G1CollectForAllocation", Time since last: 702871292725 ns, Reaching safepoint: 37557 ns, Cleanup: 2584 ns, At safepoint: 2317799 ns, Total: 2357940 ns
[2025-08-20T04:08:20.859+0000][1692007][info ][gc          ] GC(182) Concurrent Mark Cycle
[2025-08-20T04:08:20.859+0000][1692007][info ][gc,marking  ] GC(182) Concurrent Scan Root Regions
[2025-08-20T04:08:20.860+0000][1692007][info ][gc,marking  ] GC(182) Concurrent Scan Root Regions 0.518ms
[2025-08-20T04:08:20.860+0000][1692007][info ][gc,marking  ] GC(182) Concurrent Mark
[2025-08-20T04:08:20.860+0000][1692007][info ][gc,marking  ] GC(182) Concurrent Mark From Roots
[2025-08-20T04:08:20.860+0000][1692007][info ][gc,task     ] GC(182) Using 1 workers of 1 for marking
[2025-08-20T04:08:20.967+0000][1692007][info ][gc,marking  ] GC(182) Concurrent Mark From Roots 107.079ms
[2025-08-20T04:08:20.967+0000][1692007][info ][gc,marking  ] GC(182) Concurrent Preclean
[2025-08-20T04:08:20.967+0000][1692007][info ][gc,marking  ] GC(182) Concurrent Preclean 0.341ms
[2025-08-20T04:08:20.967+0000][1692007][info ][gc,start    ] GC(182) Pause Remark
[2025-08-20T04:08:20.972+0000][1692007][info ][gc          ] GC(182) Pause Remark 91M->91M(512M) 4.200ms
[2025-08-20T04:08:20.972+0000][1692007][info ][gc,cpu      ] GC(182) User=0.01s Sys=0.00s Real=0.00s
[2025-08-20T04:08:20.972+0000][1692007][info ][safepoint   ] Safepoint "G1PauseRemark", Time since last: 114893357 ns, Reaching safepoint: 5288 ns, Cleanup: 3185 ns, At safepoint: 4243708 ns, Total: 4252181 ns
[2025-08-20T04:08:20.972+0000][1692007][info ][gc,marking  ] GC(182) Concurrent Mark 111.760ms
[2025-08-20T04:08:20.972+0000][1692007][info ][gc,marking  ] GC(182) Concurrent Rebuild Remembered Sets and Scrub Regions
[2025-08-20T04:08:21.028+0000][1692007][info ][gc,marking  ] GC(182) Concurrent Rebuild Remembered Sets and Scrub Regions 56.262ms
[2025-08-20T04:08:21.028+0000][1692007][info ][gc,start    ] GC(182) Pause Cleanup
[2025-08-20T04:08:21.028+0000][1692007][info ][gc          ] GC(182) Pause Cleanup 91M->91M(512M) 0.035ms
[2025-08-20T04:08:21.028+0000][1692007][info ][gc,cpu      ] GC(182) User=0.00s Sys=0.00s Real=0.00s
[2025-08-20T04:08:21.028+0000][1692007][info ][safepoint   ] Safepoint "G1PauseCleanup", Time since last: 56313032 ns, Reaching safepoint: 3625 ns, Cleanup: 1232 ns, At safepoint: 58779 ns, Total: 63636 ns
[2025-08-20T04:08:21.028+0000][1692007][info ][gc,marking  ] GC(182) Concurrent Clear Claimed Marks
[2025-08-20T04:08:21.028+0000][1692007][info ][gc,marking  ] GC(182) Concurrent Clear Claimed Marks 0.166ms
[2025-08-20T04:08:21.028+0000][1692007][info ][gc,marking  ] GC(182) Concurrent Cleanup for Next Mark
[2025-08-20T04:08:21.028+0000][1692007][info ][gc,marking  ] GC(182) Concurrent Cleanup for Next Mark 0.257ms
[2025-08-20T04:08:21.028+0000][1692007][info ][gc          ] GC(182) Concurrent Mark Cycle 169.106ms
[2025-08-20T04:17:07.060+0000][1692007][info ][safepoint   ] Safepoint "Cleanup", Time since last: 526031720394 ns, Reaching safepoint: 32178 ns, Cleanup: 12299 ns, At safepoint: 4697 ns, Total: 49174 ns
[2025-08-20T04:20:06.536+0000][1692007][info ][gc,start    ] GC(183) Pause Young (Normal) (G1 Evacuation Pause)
[2025-08-20T04:20:06.537+0000][1692007][info ][gc,task     ] GC(183) Using 1 workers of 1 for evacuation
[2025-08-20T04:20:06.537+0000][1692007][debug][gc,age      ] GC(183) Desired survivor size 20971520 bytes, new threshold 15 (max threshold 15)
[2025-08-20T04:20:06.539+0000][1692007][info ][gc,phases   ] GC(183)   Pre Evacuate Collection Set: 0.0ms
[2025-08-20T04:20:06.539+0000][1692007][info ][gc,phases   ] GC(183)   Merge Heap Roots: 0.0ms
[2025-08-20T04:20:06.539+0000][1692007][info ][gc,phases   ] GC(183)   Evacuate Collection Set: 1.6ms
[2025-08-20T04:20:06.539+0000][1692007][info ][gc,phases   ] GC(183)   Post Evacuate Collection Set: 0.7ms
[2025-08-20T04:20:06.539+0000][1692007][info ][gc,phases   ] GC(183)   Other: 0.0ms
[2025-08-20T04:20:06.539+0000][1692007][trace][gc,age      ] GC(183) Age table with threshold 15 (max threshold 15)
[2025-08-20T04:20:06.539+0000][1692007][trace][gc,age      ] GC(183) - age   1:       9032 bytes,       9032 total
[2025-08-20T04:20:06.539+0000][1692007][trace][gc,age      ] GC(183) - age   2:       3344 bytes,      12376 total
[2025-08-20T04:20:06.539+0000][1692007][trace][gc,age      ] GC(183) - age   3:        176 bytes,      12552 total
[2025-08-20T04:20:06.539+0000][1692007][trace][gc,age      ] GC(183) - age   9:         32 bytes,      12584 total
[2025-08-20T04:20:06.539+0000][1692007][trace][gc,age      ] GC(183) - age  12:        216 bytes,      12800 total
[2025-08-20T04:20:06.539+0000][1692007][trace][gc,age      ] GC(183) - age  15:       3480 bytes,      16280 total
[2025-08-20T04:20:06.539+0000][1692007][info ][gc,heap     ] GC(183) Eden regions: 75->0(75)
[2025-08-20T04:20:06.539+0000][1692007][info ][gc,heap     ] GC(183) Survivor regions: 1->1(10)
[2025-08-20T04:20:06.539+0000][1692007][info ][gc,heap     ] GC(183) Old regions: 23->23
[2025-08-20T04:20:06.539+0000][1692007][info ][gc,heap     ] GC(183) Humongous regions: 0->0
[2025-08-20T04:20:06.539+0000][1692007][info ][gc,metaspace] GC(183) Metaspace: 141904K(147968K)->141904K(147968K) NonClass: 123089K(126720K)->123089K(126720K) Class: 18814K(21248K)->18814K(21248K)
[2025-08-20T04:20:06.539+0000][1692007][info ][gc          ] GC(183) Pause Young (Normal) (G1 Evacuation Pause) 391M->91M(512M) 2.888ms
[2025-08-20T04:20:06.539+0000][1692007][info ][gc,cpu      ] GC(183) User=0.00s Sys=0.00s Real=0.00s
[2025-08-20T04:20:06.539+0000][1692007][info ][safepoint   ] Safepoint "G1CollectForAllocation", Time since last: 179476399294 ns, Reaching safepoint: 158740 ns, Cleanup: 3035 ns, At safepoint: 2925197 ns, Total: 3086972 ns
[2025-08-20T04:20:54.544+0000][1692007][info ][safepoint   ] Safepoint "Cleanup", Time since last: 48004712628 ns, Reaching safepoint: 69435 ns, Cleanup: 9594 ns, At safepoint: 4267 ns, Total: 83296 ns
[2025-08-20T04:31:51.586+0000][1692007][info ][gc,start    ] GC(184) Pause Young (Concurrent Start) (G1 Evacuation Pause)
[2025-08-20T04:31:51.587+0000][1692007][info ][gc,task     ] GC(184) Using 1 workers of 1 for evacuation
[2025-08-20T04:31:51.587+0000][1692007][debug][gc,age      ] GC(184) Desired survivor size 20971520 bytes, new threshold 15 (max threshold 15)
[2025-08-20T04:31:51.589+0000][1692007][info ][gc,phases   ] GC(184)   Pre Evacuate Collection Set: 0.1ms
[2025-08-20T04:31:51.589+0000][1692007][info ][gc,phases   ] GC(184)   Merge Heap Roots: 0.0ms
[2025-08-20T04:31:51.589+0000][1692007][info ][gc,phases   ] GC(184)   Evacuate Collection Set: 1.2ms
[2025-08-20T04:31:51.589+0000][1692007][info ][gc,phases   ] GC(184)   Post Evacuate Collection Set: 0.7ms
[2025-08-20T04:31:51.589+0000][1692007][info ][gc,phases   ] GC(184)   Other: 0.3ms
[2025-08-20T04:31:51.589+0000][1692007][trace][gc,age      ] GC(184) Age table with threshold 15 (max threshold 15)
[2025-08-20T04:31:51.589+0000][1692007][trace][gc,age      ] GC(184) - age   1:      11232 bytes,      11232 total
[2025-08-20T04:31:51.589+0000][1692007][trace][gc,age      ] GC(184) - age   3:       2992 bytes,      14224 total
[2025-08-20T04:31:51.589+0000][1692007][trace][gc,age      ] GC(184) - age   4:        176 bytes,      14400 total
[2025-08-20T04:31:51.589+0000][1692007][trace][gc,age      ] GC(184) - age  10:         32 bytes,      14432 total
[2025-08-20T04:31:51.589+0000][1692007][trace][gc,age      ] GC(184) - age  13:        216 bytes,      14648 total
[2025-08-20T04:31:51.589+0000][1692007][info ][gc,heap     ] GC(184) Eden regions: 75->0(75)
[2025-08-20T04:31:51.589+0000][1692007][info ][gc,heap     ] GC(184) Survivor regions: 1->1(10)
[2025-08-20T04:31:51.589+0000][1692007][info ][gc,heap     ] GC(184) Old regions: 23->23
[2025-08-20T04:31:51.589+0000][1692007][info ][gc,heap     ] GC(184) Humongous regions: 0->0
[2025-08-20T04:31:51.589+0000][1692007][info ][gc,metaspace] GC(184) Metaspace: 141904K(147968K)->141904K(147968K) NonClass: 123089K(126720K)->123089K(126720K) Class: 18814K(21248K)->18814K(21248K)
[2025-08-20T04:31:51.589+0000][1692007][info ][gc          ] GC(184) Pause Young (Concurrent Start) (G1 Evacuation Pause) 391M->91M(512M) 2.457ms
[2025-08-20T04:31:51.589+0000][1692007][info ][gc,cpu      ] GC(184) User=0.00s Sys=0.01s Real=0.00s
[2025-08-20T04:31:51.589+0000][1692007][info ][safepoint   ] Safepoint "G1CollectForAllocation", Time since last: 657042360189 ns, Reaching safepoint: 7361 ns, Cleanup: 2514 ns, At safepoint: 2500175 ns, Total: 2510050 ns
[2025-08-20T04:31:51.589+0000][1692007][info ][gc          ] GC(185) Concurrent Mark Cycle
[2025-08-20T04:31:51.589+0000][1692007][info ][gc,marking  ] GC(185) Concurrent Scan Root Regions
[2025-08-20T04:31:51.590+0000][1692007][info ][gc,marking  ] GC(185) Concurrent Scan Root Regions 0.375ms
[2025-08-20T04:31:51.590+0000][1692007][info ][gc,marking  ] GC(185) Concurrent Mark
[2025-08-20T04:31:51.590+0000][1692007][info ][gc,marking  ] GC(185) Concurrent Mark From Roots
[2025-08-20T04:31:51.590+0000][1692007][info ][gc,task     ] GC(185) Using 1 workers of 1 for marking
[2025-08-20T04:31:51.708+0000][1692007][info ][gc,marking  ] GC(185) Concurrent Mark From Roots 118.535ms
[2025-08-20T04:31:51.708+0000][1692007][info ][gc,marking  ] GC(185) Concurrent Preclean
[2025-08-20T04:31:51.709+0000][1692007][info ][gc,marking  ] GC(185) Concurrent Preclean 0.375ms
[2025-08-20T04:31:51.709+0000][1692007][info ][gc,start    ] GC(185) Pause Remark
[2025-08-20T04:31:51.713+0000][1692007][info ][gc          ] GC(185) Pause Remark 93M->93M(512M) 4.415ms
[2025-08-20T04:31:51.713+0000][1692007][info ][gc,cpu      ] GC(185) User=0.00s Sys=0.00s Real=0.00s
[2025-08-20T04:31:51.713+0000][1692007][info ][safepoint   ] Safepoint "G1PauseRemark", Time since last: 119846709 ns, Reaching safepoint: 4928 ns, Cleanup: 2263 ns, At safepoint: 4452183 ns, Total: 4459374 ns
[2025-08-20T04:31:51.713+0000][1692007][info ][gc,marking  ] GC(185) Concurrent Mark 123.481ms
[2025-08-20T04:31:51.713+0000][1692007][info ][gc,marking  ] GC(185) Concurrent Rebuild Remembered Sets and Scrub Regions
[2025-08-20T04:31:51.751+0000][1692007][info ][gc,marking  ] GC(185) Concurrent Rebuild Remembered Sets and Scrub Regions 37.511ms
[2025-08-20T04:31:51.751+0000][1692007][info ][gc,start    ] GC(185) Pause Cleanup
[2025-08-20T04:31:51.751+0000][1692007][info ][gc          ] GC(185) Pause Cleanup 93M->93M(512M) 0.033ms
[2025-08-20T04:31:51.751+0000][1692007][info ][gc,cpu      ] GC(185) User=0.00s Sys=0.00s Real=0.00s
[2025-08-20T04:31:51.751+0000][1692007][info ][safepoint   ] Safepoint "G1PauseCleanup", Time since last: 37567788 ns, Reaching safepoint: 3204 ns, Cleanup: 2023 ns, At safepoint: 54453 ns, Total: 59680 ns
[2025-08-20T04:31:51.751+0000][1692007][info ][gc,marking  ] GC(185) Concurrent Clear Claimed Marks
[2025-08-20T04:31:51.751+0000][1692007][info ][gc,marking  ] GC(185) Concurrent Clear Claimed Marks 0.134ms
[2025-08-20T04:31:51.751+0000][1692007][info ][gc,marking  ] GC(185) Concurrent Cleanup for Next Mark
[2025-08-20T04:31:51.763+0000][1692007][info ][gc,marking  ] GC(185) Concurrent Cleanup for Next Mark 12.424ms
[2025-08-20T04:31:51.763+0000][1692007][info ][gc          ] GC(185) Concurrent Mark Cycle 174.069ms
[2025-08-20T04:43:37.665+0000][1692007][info ][gc,start    ] GC(186) Pause Young (Normal) (G1 Evacuation Pause)
[2025-08-20T04:43:37.666+0000][1692007][info ][gc,task     ] GC(186) Using 1 workers of 1 for evacuation
[2025-08-20T04:43:37.666+0000][1692007][debug][gc,age      ] GC(186) Desired survivor size 20971520 bytes, new threshold 15 (max threshold 15)
[2025-08-20T04:43:37.669+0000][1692007][info ][gc,phases   ] GC(186)   Pre Evacuate Collection Set: 0.0ms
[2025-08-20T04:43:37.669+0000][1692007][info ][gc,phases   ] GC(186)   Merge Heap Roots: 0.0ms
[2025-08-20T04:43:37.669+0000][1692007][info ][gc,phases   ] GC(186)   Evacuate Collection Set: 1.7ms
[2025-08-20T04:43:37.669+0000][1692007][info ][gc,phases   ] GC(186)   Post Evacuate Collection Set: 0.8ms
[2025-08-20T04:43:37.669+0000][1692007][info ][gc,phases   ] GC(186)   Other: 0.0ms
[2025-08-20T04:43:37.669+0000][1692007][trace][gc,age      ] GC(186) Age table with threshold 15 (max threshold 15)
[2025-08-20T04:43:37.669+0000][1692007][trace][gc,age      ] GC(186) - age   1:     116216 bytes,     116216 total
[2025-08-20T04:43:37.669+0000][1692007][trace][gc,age      ] GC(186) - age   2:        176 bytes,     116392 total
[2025-08-20T04:43:37.669+0000][1692007][trace][gc,age      ] GC(186) - age   4:       2992 bytes,     119384 total
[2025-08-20T04:43:37.669+0000][1692007][trace][gc,age      ] GC(186) - age   5:        176 bytes,     119560 total
[2025-08-20T04:43:37.669+0000][1692007][trace][gc,age      ] GC(186) - age  11:         32 bytes,     119592 total
[2025-08-20T04:43:37.669+0000][1692007][trace][gc,age      ] GC(186) - age  14:        216 bytes,     119808 total
[2025-08-20T04:43:37.669+0000][1692007][info ][gc,heap     ] GC(186) Eden regions: 75->0(75)
[2025-08-20T04:43:37.669+0000][1692007][info ][gc,heap     ] GC(186) Survivor regions: 1->1(10)
[2025-08-20T04:43:37.669+0000][1692007][info ][gc,heap     ] GC(186) Old regions: 23->23
[2025-08-20T04:43:37.669+0000][1692007][info ][gc,heap     ] GC(186) Humongous regions: 0->0
[2025-08-20T04:43:37.669+0000][1692007][info ][gc,metaspace] GC(186) Metaspace: 141904K(147968K)->141904K(147968K) NonClass: 123089K(126720K)->123089K(126720K) Class: 18814K(21248K)->18814K(21248K)
[2025-08-20T04:43:37.669+0000][1692007][info ][gc          ] GC(186) Pause Young (Normal) (G1 Evacuation Pause) 391M->91M(512M) 3.176ms
[2025-08-20T04:43:37.669+0000][1692007][info ][gc,cpu      ] GC(186) User=0.01s Sys=0.00s Real=0.00s
[2025-08-20T04:43:37.669+0000][1692007][info ][safepoint   ] Safepoint "G1CollectForAllocation", Time since last: 705914577665 ns, Reaching safepoint: 10255 ns, Cleanup: 3826 ns, At safepoint: 3208715 ns, Total: 3222796 ns
[2025-08-20T04:45:52.677+0000][1692007][info ][safepoint   ] Safepoint "Cleanup", Time since last: 135007923062 ns, Reaching safepoint: 6550 ns, Cleanup: 11417 ns, At safepoint: 26350 ns, Total: 44317 ns
[2025-08-20T04:55:23.894+0000][1692007][info ][gc,start    ] GC(187) Pause Young (Concurrent Start) (G1 Evacuation Pause)
[2025-08-20T04:55:23.894+0000][1692007][info ][gc,task     ] GC(187) Using 1 workers of 1 for evacuation
[2025-08-20T04:55:23.894+0000][1692007][debug][gc,age      ] GC(187) Desired survivor size 20971520 bytes, new threshold 15 (max threshold 15)
[2025-08-20T04:55:23.896+0000][1692007][info ][gc,phases   ] GC(187)   Pre Evacuate Collection Set: 0.0ms
[2025-08-20T04:55:23.896+0000][1692007][info ][gc,phases   ] GC(187)   Merge Heap Roots: 0.0ms
[2025-08-20T04:55:23.896+0000][1692007][info ][gc,phases   ] GC(187)   Evacuate Collection Set: 1.2ms
[2025-08-20T04:55:23.896+0000][1692007][info ][gc,phases   ] GC(187)   Post Evacuate Collection Set: 0.7ms
[2025-08-20T04:55:23.896+0000][1692007][info ][gc,phases   ] GC(187)   Other: 0.0ms
[2025-08-20T04:55:23.896+0000][1692007][trace][gc,age      ] GC(187) Age table with threshold 15 (max threshold 15)
[2025-08-20T04:55:23.896+0000][1692007][trace][gc,age      ] GC(187) - age   1:       9800 bytes,       9800 total
[2025-08-20T04:55:23.896+0000][1692007][trace][gc,age      ] GC(187) - age   2:       1592 bytes,      11392 total
[2025-08-20T04:55:23.896+0000][1692007][trace][gc,age      ] GC(187) - age   3:        176 bytes,      11568 total
[2025-08-20T04:55:23.896+0000][1692007][trace][gc,age      ] GC(187) - age   5:       2992 bytes,      14560 total
[2025-08-20T04:55:23.896+0000][1692007][trace][gc,age      ] GC(187) - age  12:         32 bytes,      14592 total
[2025-08-20T04:55:23.896+0000][1692007][trace][gc,age      ] GC(187) - age  15:        216 bytes,      14808 total
[2025-08-20T04:55:23.896+0000][1692007][info ][gc,heap     ] GC(187) Eden regions: 75->0(75)
[2025-08-20T04:55:23.896+0000][1692007][info ][gc,heap     ] GC(187) Survivor regions: 1->1(10)
[2025-08-20T04:55:23.896+0000][1692007][info ][gc,heap     ] GC(187) Old regions: 23->23
[2025-08-20T04:55:23.896+0000][1692007][info ][gc,heap     ] GC(187) Humongous regions: 0->0
[2025-08-20T04:55:23.896+0000][1692007][info ][gc,metaspace] GC(187) Metaspace: 141904K(147968K)->141904K(147968K) NonClass: 123089K(126720K)->123089K(126720K) Class: 18814K(21248K)->18814K(21248K)
[2025-08-20T04:55:23.896+0000][1692007][info ][gc          ] GC(187) Pause Young (Concurrent Start) (G1 Evacuation Pause) 391M->91M(512M) 2.338ms
[2025-08-20T04:55:23.896+0000][1692007][info ][gc,cpu      ] GC(187) User=0.01s Sys=0.00s Real=0.01s
[2025-08-20T04:55:23.896+0000][1692007][info ][safepoint   ] Safepoint "G1CollectForAllocation", Time since last: 571217212838 ns, Reaching safepoint: 7040 ns, Cleanup: 2775 ns, At safepoint: 2371971 ns, Total: 2381786 ns
[2025-08-20T04:55:23.899+0000][1692007][info ][gc          ] GC(188) Concurrent Mark Cycle
[2025-08-20T04:55:23.899+0000][1692007][info ][gc,marking  ] GC(188) Concurrent Scan Root Regions
[2025-08-20T04:55:23.900+0000][1692007][info ][gc,marking  ] GC(188) Concurrent Scan Root Regions 0.470ms
[2025-08-20T04:55:23.900+0000][1692007][info ][gc,marking  ] GC(188) Concurrent Mark
[2025-08-20T04:55:23.900+0000][1692007][info ][gc,marking  ] GC(188) Concurrent Mark From Roots
[2025-08-20T04:55:23.900+0000][1692007][info ][gc,task     ] GC(188) Using 1 workers of 1 for marking
[2025-08-20T04:55:24.016+0000][1692007][info ][gc,marking  ] GC(188) Concurrent Mark From Roots 116.319ms
[2025-08-20T04:55:24.016+0000][1692007][info ][gc,marking  ] GC(188) Concurrent Preclean
[2025-08-20T04:55:24.017+0000][1692007][info ][gc,marking  ] GC(188) Concurrent Preclean 0.357ms
[2025-08-20T04:55:24.017+0000][1692007][info ][gc,start    ] GC(188) Pause Remark
[2025-08-20T04:55:24.021+0000][1692007][info ][gc          ] GC(188) Pause Remark 91M->91M(512M) 4.187ms
[2025-08-20T04:55:24.021+0000][1692007][info ][gc,cpu      ] GC(188) User=0.00s Sys=0.00s Real=0.00s
[2025-08-20T04:55:24.021+0000][1692007][info ][safepoint   ] Safepoint "G1PauseRemark", Time since last: 120344363 ns, Reaching safepoint: 5188 ns, Cleanup: 3094 ns, At safepoint: 4220553 ns, Total: 4228835 ns
[2025-08-20T04:55:24.021+0000][1692007][info ][gc,marking  ] GC(188) Concurrent Mark 120.974ms
[2025-08-20T04:55:24.021+0000][1692007][info ][gc,marking  ] GC(188) Concurrent Rebuild Remembered Sets and Scrub Regions
[2025-08-20T04:55:24.076+0000][1692007][info ][gc,marking  ] GC(188) Concurrent Rebuild Remembered Sets and Scrub Regions 55.252ms
[2025-08-20T04:55:24.076+0000][1692007][info ][gc,start    ] GC(188) Pause Cleanup
[2025-08-20T04:55:24.076+0000][1692007][info ][gc          ] GC(188) Pause Cleanup 91M->91M(512M) 0.035ms
[2025-08-20T04:55:24.076+0000][1692007][info ][gc,cpu      ] GC(188) User=0.00s Sys=0.00s Real=0.00s
[2025-08-20T04:55:24.076+0000][1692007][info ][safepoint   ] Safepoint "G1PauseCleanup", Time since last: 55301116 ns, Reaching safepoint: 3586 ns, Cleanup: 1412 ns, At safepoint: 58809 ns, Total: 63807 ns
[2025-08-20T04:55:24.076+0000][1692007][info ][gc,marking  ] GC(188) Concurrent Clear Claimed Marks
[2025-08-20T04:55:24.076+0000][1692007][info ][gc,marking  ] GC(188) Concurrent Clear Claimed Marks 0.147ms
[2025-08-20T04:55:24.076+0000][1692007][info ][gc,marking  ] GC(188) Concurrent Cleanup for Next Mark
[2025-08-20T04:55:24.077+0000][1692007][info ][gc,marking  ] GC(188) Concurrent Cleanup for Next Mark 0.249ms
[2025-08-20T04:55:24.077+0000][1692007][info ][gc          ] GC(188) Concurrent Mark Cycle 177.233ms
[2025-08-20T05:07:08.552+0000][1692007][info ][gc,start    ] GC(189) Pause Young (Normal) (G1 Evacuation Pause)
[2025-08-20T05:07:08.552+0000][1692007][info ][gc,task     ] GC(189) Using 1 workers of 1 for evacuation
[2025-08-20T05:07:08.552+0000][1692007][debug][gc,age      ] GC(189) Desired survivor size 20971520 bytes, new threshold 15 (max threshold 15)
[2025-08-20T05:07:08.555+0000][1692007][info ][gc,phases   ] GC(189)   Pre Evacuate Collection Set: 0.0ms
[2025-08-20T05:07:08.555+0000][1692007][info ][gc,phases   ] GC(189)   Merge Heap Roots: 0.0ms
[2025-08-20T05:07:08.555+0000][1692007][info ][gc,phases   ] GC(189)   Evacuate Collection Set: 1.6ms
[2025-08-20T05:07:08.555+0000][1692007][info ][gc,phases   ] GC(189)   Post Evacuate Collection Set: 0.7ms
[2025-08-20T05:07:08.555+0000][1692007][info ][gc,phases   ] GC(189)   Other: 0.0ms
[2025-08-20T05:07:08.555+0000][1692007][trace][gc,age      ] GC(189) Age table with threshold 15 (max threshold 15)
[2025-08-20T05:07:08.555+0000][1692007][trace][gc,age      ] GC(189) - age   1:       9928 bytes,       9928 total
[2025-08-20T05:07:08.555+0000][1692007][trace][gc,age      ] GC(189) - age   2:        176 bytes,      10104 total
[2025-08-20T05:07:08.555+0000][1692007][trace][gc,age      ] GC(189) - age   3:       1592 bytes,      11696 total
[2025-08-20T05:07:08.555+0000][1692007][trace][gc,age      ] GC(189) - age   4:        176 bytes,      11872 total
[2025-08-20T05:07:08.555+0000][1692007][trace][gc,age      ] GC(189) - age   6:       2992 bytes,      14864 total
[2025-08-20T05:07:08.555+0000][1692007][trace][gc,age      ] GC(189) - age  13:         32 bytes,      14896 total
[2025-08-20T05:07:08.555+0000][1692007][info ][gc,heap     ] GC(189) Eden regions: 75->0(75)
[2025-08-20T05:07:08.555+0000][1692007][info ][gc,heap     ] GC(189) Survivor regions: 1->1(10)
[2025-08-20T05:07:08.555+0000][1692007][info ][gc,heap     ] GC(189) Old regions: 23->23
[2025-08-20T05:07:08.555+0000][1692007][info ][gc,heap     ] GC(189) Humongous regions: 0->0
[2025-08-20T05:07:08.555+0000][1692007][info ][gc,metaspace] GC(189) Metaspace: 141904K(147968K)->141904K(147968K) NonClass: 123089K(126720K)->123089K(126720K) Class: 18814K(21248K)->18814K(21248K)
[2025-08-20T05:07:08.555+0000][1692007][info ][gc          ] GC(189) Pause Young (Normal) (G1 Evacuation Pause) 391M->91M(512M) 2.924ms
[2025-08-20T05:07:08.555+0000][1692007][info ][gc,cpu      ] GC(189) User=0.01s Sys=0.00s Real=0.00s
[2025-08-20T05:07:08.555+0000][1692007][info ][safepoint   ] Safepoint "G1CollectForAllocation", Time since last: 704475815027 ns, Reaching safepoint: 7932 ns, Cleanup: 3355 ns, At safepoint: 2956905 ns, Total: 2968192 ns
[2025-08-20T05:18:53.425+0000][1692007][info ][gc,start    ] GC(190) Pause Young (Concurrent Start) (G1 Evacuation Pause)
[2025-08-20T05:18:53.425+0000][1692007][info ][gc,task     ] GC(190) Using 1 workers of 1 for evacuation
[2025-08-20T05:18:53.425+0000][1692007][debug][gc,age      ] GC(190) Desired survivor size 20971520 bytes, new threshold 15 (max threshold 15)
[2025-08-20T05:18:53.427+0000][1692007][info ][gc,phases   ] GC(190)   Pre Evacuate Collection Set: 0.1ms
[2025-08-20T05:18:53.427+0000][1692007][info ][gc,phases   ] GC(190)   Merge Heap Roots: 0.0ms
[2025-08-20T05:18:53.427+0000][1692007][info ][gc,phases   ] GC(190)   Evacuate Collection Set: 1.2ms
[2025-08-20T05:18:53.427+0000][1692007][info ][gc,phases   ] GC(190)   Post Evacuate Collection Set: 0.8ms
[2025-08-20T05:18:53.427+0000][1692007][info ][gc,phases   ] GC(190)   Other: 0.0ms
[2025-08-20T05:18:53.427+0000][1692007][trace][gc,age      ] GC(190) Age table with threshold 15 (max threshold 15)
[2025-08-20T05:18:53.427+0000][1692007][trace][gc,age      ] GC(190) - age   1:      12384 bytes,      12384 total
[2025-08-20T05:18:53.427+0000][1692007][trace][gc,age      ] GC(190) - age   2:        728 bytes,      13112 total
[2025-08-20T05:18:53.427+0000][1692007][trace][gc,age      ] GC(190) - age   3:        176 bytes,      13288 total
[2025-08-20T05:18:53.427+0000][1692007][trace][gc,age      ] GC(190) - age   4:       1592 bytes,      14880 total
[2025-08-20T05:18:53.427+0000][1692007][trace][gc,age      ] GC(190) - age   5:        176 bytes,      15056 total
[2025-08-20T05:18:53.427+0000][1692007][trace][gc,age      ] GC(190) - age   7:       2992 bytes,      18048 total
[2025-08-20T05:18:53.427+0000][1692007][trace][gc,age      ] GC(190) - age  14:         32 bytes,      18080 total
[2025-08-20T05:18:53.427+0000][1692007][info ][gc,heap     ] GC(190) Eden regions: 75->0(75)
[2025-08-20T05:18:53.427+0000][1692007][info ][gc,heap     ] GC(190) Survivor regions: 1->1(10)
[2025-08-20T05:18:53.427+0000][1692007][info ][gc,heap     ] GC(190) Old regions: 23->23
[2025-08-20T05:18:53.427+0000][1692007][info ][gc,heap     ] GC(190) Humongous regions: 0->0
[2025-08-20T05:18:53.427+0000][1692007][info ][gc,metaspace] GC(190) Metaspace: 141904K(147968K)->141904K(147968K) NonClass: 123089K(126720K)->123089K(126720K) Class: 18814K(21248K)->18814K(21248K)
[2025-08-20T05:18:53.427+0000][1692007][info ][gc          ] GC(190) Pause Young (Concurrent Start) (G1 Evacuation Pause) 391M->91M(512M) 2.310ms
[2025-08-20T05:18:53.427+0000][1692007][info ][gc,cpu      ] GC(190) User=0.00s Sys=0.00s Real=0.01s
[2025-08-20T05:18:53.427+0000][1692007][info ][safepoint   ] Safepoint "G1CollectForAllocation", Time since last: 704869977829 ns, Reaching safepoint: 4487 ns, Cleanup: 3105 ns, At safepoint: 2347114 ns, Total: 2354706 ns
[2025-08-20T05:18:53.427+0000][1692007][info ][gc          ] GC(191) Concurrent Mark Cycle
[2025-08-20T05:18:53.427+0000][1692007][info ][gc,marking  ] GC(191) Concurrent Scan Root Regions
[2025-08-20T05:18:53.432+0000][1692007][info ][gc,marking  ] GC(191) Concurrent Scan Root Regions 5.091ms
[2025-08-20T05:18:53.432+0000][1692007][info ][gc,marking  ] GC(191) Concurrent Mark
[2025-08-20T05:18:53.432+0000][1692007][info ][gc,marking  ] GC(191) Concurrent Mark From Roots
[2025-08-20T05:18:53.432+0000][1692007][info ][gc,task     ] GC(191) Using 1 workers of 1 for marking
[2025-08-20T05:18:53.616+0000][1692007][info ][gc,marking  ] GC(191) Concurrent Mark From Roots 183.961ms
[2025-08-20T05:18:53.616+0000][1692007][info ][gc,marking  ] GC(191) Concurrent Preclean
[2025-08-20T05:18:53.617+0000][1692007][info ][gc,marking  ] GC(191) Concurrent Preclean 0.371ms
[2025-08-20T05:18:53.617+0000][1692007][info ][gc,start    ] GC(191) Pause Remark
[2025-08-20T05:18:53.621+0000][1692007][info ][gc          ] GC(191) Pause Remark 93M->93M(512M) 4.199ms
[2025-08-20T05:18:53.621+0000][1692007][info ][gc,cpu      ] GC(191) User=0.01s Sys=0.00s Real=0.00s
[2025-08-20T05:18:53.621+0000][1692007][info ][safepoint   ] Safepoint "G1PauseRemark", Time since last: 189513823 ns, Reaching safepoint: 5007 ns, Cleanup: 2064 ns, At safepoint: 4232471 ns, Total: 4239542 ns
[2025-08-20T05:18:53.621+0000][1692007][info ][gc,marking  ] GC(191) Concurrent Mark 188.635ms
[2025-08-20T05:18:53.621+0000][1692007][info ][gc,marking  ] GC(191) Concurrent Rebuild Remembered Sets and Scrub Regions
[2025-08-20T05:18:53.652+0000][1692007][info ][gc,marking  ] GC(191) Concurrent Rebuild Remembered Sets and Scrub Regions 31.105ms
[2025-08-20T05:18:53.652+0000][1692007][info ][gc,start    ] GC(191) Pause Cleanup
[2025-08-20T05:18:53.652+0000][1692007][info ][gc          ] GC(191) Pause Cleanup 93M->93M(512M) 0.029ms
[2025-08-20T05:18:53.652+0000][1692007][info ][gc,cpu      ] GC(191) User=0.00s Sys=0.00s Real=0.00s
[2025-08-20T05:18:53.652+0000][1692007][info ][safepoint   ] Safepoint "G1PauseCleanup", Time since last: 31145300 ns, Reaching safepoint: 2935 ns, Cleanup: 701 ns, At safepoint: 47432 ns, Total: 51068 ns
[2025-08-20T05:18:53.652+0000][1692007][info ][gc,marking  ] GC(191) Concurrent Clear Claimed Marks
[2025-08-20T05:18:53.652+0000][1692007][info ][gc,marking  ] GC(191) Concurrent Clear Claimed Marks 0.135ms
[2025-08-20T05:18:53.652+0000][1692007][info ][gc,marking  ] GC(191) Concurrent Cleanup for Next Mark
[2025-08-20T05:18:53.666+0000][1692007][info ][gc,marking  ] GC(191) Concurrent Cleanup for Next Mark 13.148ms
[2025-08-20T05:18:53.666+0000][1692007][info ][gc          ] GC(191) Concurrent Mark Cycle 238.251ms
[2025-08-20T05:30:34.089+0000][1692007][info ][gc,start    ] GC(192) Pause Young (Normal) (G1 Evacuation Pause)
[2025-08-20T05:30:34.089+0000][1692007][info ][gc,task     ] GC(192) Using 1 workers of 1 for evacuation
[2025-08-20T05:30:34.089+0000][1692007][debug][gc,age      ] GC(192) Desired survivor size 20971520 bytes, new threshold 15 (max threshold 15)
[2025-08-20T05:30:34.091+0000][1692007][info ][gc,phases   ] GC(192)   Pre Evacuate Collection Set: 0.0ms
[2025-08-20T05:30:34.091+0000][1692007][info ][gc,phases   ] GC(192)   Merge Heap Roots: 0.0ms
[2025-08-20T05:30:34.091+0000][1692007][info ][gc,phases   ] GC(192)   Evacuate Collection Set: 1.6ms
[2025-08-20T05:30:34.091+0000][1692007][info ][gc,phases   ] GC(192)   Post Evacuate Collection Set: 0.8ms
[2025-08-20T05:30:34.091+0000][1692007][info ][gc,phases   ] GC(192)   Other: 0.0ms
[2025-08-20T05:30:34.091+0000][1692007][trace][gc,age      ] GC(192) Age table with threshold 15 (max threshold 15)
[2025-08-20T05:30:34.091+0000][1692007][trace][gc,age      ] GC(192) - age   1:      11048 bytes,      11048 total
[2025-08-20T05:30:34.091+0000][1692007][trace][gc,age      ] GC(192) - age   2:         56 bytes,      11104 total
[2025-08-20T05:30:34.091+0000][1692007][trace][gc,age      ] GC(192) - age   3:        376 bytes,      11480 total
[2025-08-20T05:30:34.092+0000][1692007][trace][gc,age      ] GC(192) - age   4:        176 bytes,      11656 total
[2025-08-20T05:30:34.092+0000][1692007][trace][gc,age      ] GC(192) - age   5:       1592 bytes,      13248 total
[2025-08-20T05:30:34.092+0000][1692007][trace][gc,age      ] GC(192) - age   6:        176 bytes,      13424 total
[2025-08-20T05:30:34.092+0000][1692007][trace][gc,age      ] GC(192) - age   8:       2992 bytes,      16416 total
[2025-08-20T05:30:34.092+0000][1692007][trace][gc,age      ] GC(192) - age  15:         32 bytes,      16448 total
[2025-08-20T05:30:34.092+0000][1692007][info ][gc,heap     ] GC(192) Eden regions: 75->0(75)
[2025-08-20T05:30:34.092+0000][1692007][info ][gc,heap     ] GC(192) Survivor regions: 1->1(10)
[2025-08-20T05:30:34.092+0000][1692007][info ][gc,heap     ] GC(192) Old regions: 23->23
[2025-08-20T05:30:34.092+0000][1692007][info ][gc,heap     ] GC(192) Humongous regions: 0->0
[2025-08-20T05:30:34.092+0000][1692007][info ][gc,metaspace] GC(192) Metaspace: 141904K(147968K)->141904K(147968K) NonClass: 123089K(126720K)->123089K(126720K) Class: 18814K(21248K)->18814K(21248K)
[2025-08-20T05:30:34.092+0000][1692007][info ][gc          ] GC(192) Pause Young (Normal) (G1 Evacuation Pause) 391M->91M(512M) 2.675ms
[2025-08-20T05:30:34.092+0000][1692007][info ][gc,cpu      ] GC(192) User=0.00s Sys=0.00s Real=0.00s
[2025-08-20T05:30:34.092+0000][1692007][info ][safepoint   ] Safepoint "G1CollectForAllocation", Time since last: 700436604253 ns, Reaching safepoint: 6830 ns, Cleanup: 2674 ns, At safepoint: 2707749 ns, Total: 2717253 ns
[2025-08-20T05:39:55.129+0000][1692007][info ][safepoint   ] Safepoint "Cleanup", Time since last: 561037791475 ns, Reaching safepoint: 43776 ns, Cleanup: 10656 ns, At safepoint: 1843 ns, Total: 56275 ns
[2025-08-20T05:42:14.658+0000][1692007][info ][gc,start    ] GC(193) Pause Young (Concurrent Start) (G1 Evacuation Pause)
[2025-08-20T05:42:14.659+0000][1692007][info ][gc,task     ] GC(193) Using 1 workers of 1 for evacuation
[2025-08-20T05:42:14.659+0000][1692007][debug][gc,age      ] GC(193) Desired survivor size 20971520 bytes, new threshold 15 (max threshold 15)
[2025-08-20T05:42:14.661+0000][1692007][info ][gc,phases   ] GC(193)   Pre Evacuate Collection Set: 0.0ms
[2025-08-20T05:42:14.661+0000][1692007][info ][gc,phases   ] GC(193)   Merge Heap Roots: 0.0ms
[2025-08-20T05:42:14.661+0000][1692007][info ][gc,phases   ] GC(193)   Evacuate Collection Set: 1.2ms
[2025-08-20T05:42:14.661+0000][1692007][info ][gc,phases   ] GC(193)   Post Evacuate Collection Set: 0.7ms
[2025-08-20T05:42:14.661+0000][1692007][info ][gc,phases   ] GC(193)   Other: 0.0ms
[2025-08-20T05:42:14.661+0000][1692007][trace][gc,age      ] GC(193) Age table with threshold 15 (max threshold 15)
[2025-08-20T05:42:14.661+0000][1692007][trace][gc,age      ] GC(193) - age   1:      11264 bytes,      11264 total
[2025-08-20T05:42:14.661+0000][1692007][trace][gc,age      ] GC(193) - age   3:         56 bytes,      11320 total
[2025-08-20T05:42:14.661+0000][1692007][trace][gc,age      ] GC(193) - age   4:        376 bytes,      11696 total
[2025-08-20T05:42:14.661+0000][1692007][trace][gc,age      ] GC(193) - age   5:        176 bytes,      11872 total
[2025-08-20T05:42:14.661+0000][1692007][trace][gc,age      ] GC(193) - age   6:       1592 bytes,      13464 total
[2025-08-20T05:42:14.661+0000][1692007][trace][gc,age      ] GC(193) - age   7:        176 bytes,      13640 total
[2025-08-20T05:42:14.661+0000][1692007][trace][gc,age      ] GC(193) - age   9:       2992 bytes,      16632 total
[2025-08-20T05:42:14.661+0000][1692007][info ][gc,heap     ] GC(193) Eden regions: 75->0(75)
[2025-08-20T05:42:14.661+0000][1692007][info ][gc,heap     ] GC(193) Survivor regions: 1->1(10)
[2025-08-20T05:42:14.661+0000][1692007][info ][gc,heap     ] GC(193) Old regions: 23->23
[2025-08-20T05:42:14.661+0000][1692007][info ][gc,heap     ] GC(193) Humongous regions: 0->0
[2025-08-20T05:42:14.661+0000][1692007][info ][gc,metaspace] GC(193) Metaspace: 141908K(147968K)->141908K(147968K) NonClass: 123094K(126720K)->123094K(126720K) Class: 18814K(21248K)->18814K(21248K)
[2025-08-20T05:42:14.661+0000][1692007][info ][gc          ] GC(193) Pause Young (Concurrent Start) (G1 Evacuation Pause) 391M->91M(512M) 2.240ms
[2025-08-20T05:42:14.661+0000][1692007][info ][gc,cpu      ] GC(193) User=0.00s Sys=0.00s Real=0.00s
[2025-08-20T05:42:14.661+0000][1692007][info ][safepoint   ] Safepoint "G1CollectForAllocation", Time since last: 139528963574 ns, Reaching safepoint: 8923 ns, Cleanup: 2654 ns, At safepoint: 2275687 ns, Total: 2287264 ns
[2025-08-20T05:42:14.667+0000][1692007][info ][gc          ] GC(194) Concurrent Mark Cycle
[2025-08-20T05:42:14.667+0000][1692007][info ][gc,marking  ] GC(194) Concurrent Scan Root Regions
[2025-08-20T05:42:14.668+0000][1692007][info ][gc,marking  ] GC(194) Concurrent Scan Root Regions 0.396ms
[2025-08-20T05:42:14.668+0000][1692007][info ][gc,marking  ] GC(194) Concurrent Mark
[2025-08-20T05:42:14.668+0000][1692007][info ][gc,marking  ] GC(194) Concurrent Mark From Roots
[2025-08-20T05:42:14.668+0000][1692007][info ][gc,task     ] GC(194) Using 1 workers of 1 for marking
[2025-08-20T05:42:14.782+0000][1692007][info ][gc,marking  ] GC(194) Concurrent Mark From Roots 114.323ms
[2025-08-20T05:42:14.782+0000][1692007][info ][gc,marking  ] GC(194) Concurrent Preclean
[2025-08-20T05:42:14.782+0000][1692007][info ][gc,marking  ] GC(194) Concurrent Preclean 0.348ms
[2025-08-20T05:42:14.783+0000][1692007][info ][gc,start    ] GC(194) Pause Remark
[2025-08-20T05:42:14.787+0000][1692007][info ][gc          ] GC(194) Pause Remark 91M->91M(512M) 4.296ms
[2025-08-20T05:42:14.787+0000][1692007][info ][gc,cpu      ] GC(194) User=0.01s Sys=0.00s Real=0.01s
[2025-08-20T05:42:14.787+0000][1692007][info ][safepoint   ] Safepoint "G1PauseRemark", Time since last: 121858263 ns, Reaching safepoint: 4728 ns, Cleanup: 2944 ns, At safepoint: 4334696 ns, Total: 4342368 ns
[2025-08-20T05:42:14.787+0000][1692007][info ][gc,marking  ] GC(194) Concurrent Mark 119.086ms
[2025-08-20T05:42:14.787+0000][1692007][info ][gc,marking  ] GC(194) Concurrent Rebuild Remembered Sets and Scrub Regions
[2025-08-20T05:42:14.834+0000][1692007][info ][gc,marking  ] GC(194) Concurrent Rebuild Remembered Sets and Scrub Regions 46.941ms
[2025-08-20T05:42:14.834+0000][1692007][info ][gc,start    ] GC(194) Pause Cleanup
[2025-08-20T05:42:14.834+0000][1692007][info ][gc          ] GC(194) Pause Cleanup 91M->91M(512M) 0.035ms
[2025-08-20T05:42:14.834+0000][1692007][info ][gc,cpu      ] GC(194) User=0.00s Sys=0.00s Real=0.00s
[2025-08-20T05:42:14.834+0000][1692007][info ][safepoint   ] Safepoint "G1PauseCleanup", Time since last: 46994348 ns, Reaching safepoint: 3155 ns, Cleanup: 1763 ns, At safepoint: 58238 ns, Total: 63156 ns
[2025-08-20T05:42:14.834+0000][1692007][info ][gc,marking  ] GC(194) Concurrent Clear Claimed Marks
[2025-08-20T05:42:14.834+0000][1692007][info ][gc,marking  ] GC(194) Concurrent Clear Claimed Marks 0.148ms
[2025-08-20T05:42:14.834+0000][1692007][info ][gc,marking  ] GC(194) Concurrent Cleanup for Next Mark
[2025-08-20T05:42:14.844+0000][1692007][info ][gc,marking  ] GC(194) Concurrent Cleanup for Next Mark 9.521ms
[2025-08-20T05:42:14.844+0000][1692007][info ][gc          ] GC(194) Concurrent Mark Cycle 176.250ms
[2025-08-20T05:47:04.851+0000][1692007][info ][safepoint   ] Safepoint "Cleanup", Time since last: 290016989235 ns, Reaching safepoint: 39750 ns, Cleanup: 8102 ns, At safepoint: 4767 ns, Total: 52619 ns
[2025-08-20T05:54:00.037+0000][1692007][info ][gc,start    ] GC(195) Pause Young (Normal) (G1 Evacuation Pause)
[2025-08-20T05:54:00.037+0000][1692007][info ][gc,task     ] GC(195) Using 1 workers of 1 for evacuation
[2025-08-20T05:54:00.037+0000][1692007][debug][gc,age      ] GC(195) Desired survivor size 20971520 bytes, new threshold 15 (max threshold 15)
[2025-08-20T05:54:00.040+0000][1692007][info ][gc,phases   ] GC(195)   Pre Evacuate Collection Set: 0.0ms
[2025-08-20T05:54:00.040+0000][1692007][info ][gc,phases   ] GC(195)   Merge Heap Roots: 0.0ms
[2025-08-20T05:54:00.040+0000][1692007][info ][gc,phases   ] GC(195)   Evacuate Collection Set: 1.6ms
[2025-08-20T05:54:00.040+0000][1692007][info ][gc,phases   ] GC(195)   Post Evacuate Collection Set: 0.7ms
[2025-08-20T05:54:00.040+0000][1692007][info ][gc,phases   ] GC(195)   Other: 0.0ms
[2025-08-20T05:54:00.040+0000][1692007][trace][gc,age      ] GC(195) Age table with threshold 15 (max threshold 15)
[2025-08-20T05:54:00.040+0000][1692007][trace][gc,age      ] GC(195) - age   1:      11200 bytes,      11200 total
[2025-08-20T05:54:00.040+0000][1692007][trace][gc,age      ] GC(195) - age   2:        216 bytes,      11416 total
[2025-08-20T05:54:00.040+0000][1692007][trace][gc,age      ] GC(195) - age   4:         56 bytes,      11472 total
[2025-08-20T05:54:00.040+0000][1692007][trace][gc,age      ] GC(195) - age   5:        376 bytes,      11848 total
[2025-08-20T05:54:00.040+0000][1692007][trace][gc,age      ] GC(195) - age   7:       1592 bytes,      13440 total
[2025-08-20T05:54:00.040+0000][1692007][trace][gc,age      ] GC(195) - age   8:        176 bytes,      13616 total
[2025-08-20T05:54:00.040+0000][1692007][trace][gc,age      ] GC(195) - age  10:       2992 bytes,      16608 total
[2025-08-20T05:54:00.040+0000][1692007][info ][gc,heap     ] GC(195) Eden regions: 75->0(75)
[2025-08-20T05:54:00.040+0000][1692007][info ][gc,heap     ] GC(195) Survivor regions: 1->1(10)
[2025-08-20T05:54:00.040+0000][1692007][info ][gc,heap     ] GC(195) Old regions: 23->23
[2025-08-20T05:54:00.040+0000][1692007][info ][gc,heap     ] GC(195) Humongous regions: 0->0
[2025-08-20T05:54:00.040+0000][1692007][info ][gc,metaspace] GC(195) Metaspace: 141908K(147968K)->141908K(147968K) NonClass: 123094K(126720K)->123094K(126720K) Class: 18814K(21248K)->18814K(21248K)
[2025-08-20T05:54:00.040+0000][1692007][info ][gc          ] GC(195) Pause Young (Normal) (G1 Evacuation Pause) 391M->91M(512M) 2.696ms
[2025-08-20T05:54:00.040+0000][1692007][info ][gc,cpu      ] GC(195) User=0.00s Sys=0.01s Real=0.00s
[2025-08-20T05:54:00.040+0000][1692007][info ][safepoint   ] Safepoint "G1CollectForAllocation", Time since last: 415186294611 ns, Reaching safepoint: 9224 ns, Cleanup: 2464 ns, At safepoint: 2730323 ns, Total: 2742011 ns
[2025-08-20T06:05:40.832+0000][1692007][info ][gc,start    ] GC(196) Pause Young (Concurrent Start) (G1 Evacuation Pause)
[2025-08-20T06:05:40.832+0000][1692007][info ][gc,task     ] GC(196) Using 1 workers of 1 for evacuation
[2025-08-20T06:05:40.832+0000][1692007][debug][gc,age      ] GC(196) Desired survivor size 20971520 bytes, new threshold 15 (max threshold 15)
[2025-08-20T06:05:40.834+0000][1692007][info ][gc,phases   ] GC(196)   Pre Evacuate Collection Set: 0.1ms
[2025-08-20T06:05:40.834+0000][1692007][info ][gc,phases   ] GC(196)   Merge Heap Roots: 0.0ms
[2025-08-20T06:05:40.834+0000][1692007][info ][gc,phases   ] GC(196)   Evacuate Collection Set: 1.2ms
[2025-08-20T06:05:40.834+0000][1692007][info ][gc,phases   ] GC(196)   Post Evacuate Collection Set: 0.7ms
[2025-08-20T06:05:40.834+0000][1692007][info ][gc,phases   ] GC(196)   Other: 0.0ms
[2025-08-20T06:05:40.834+0000][1692007][trace][gc,age      ] GC(196) Age table with threshold 15 (max threshold 15)
[2025-08-20T06:05:40.834+0000][1692007][trace][gc,age      ] GC(196) - age   1:       9304 bytes,       9304 total
[2025-08-20T06:05:40.834+0000][1692007][trace][gc,age      ] GC(196) - age   2:        528 bytes,       9832 total
[2025-08-20T06:05:40.834+0000][1692007][trace][gc,age      ] GC(196) - age   3:        216 bytes,      10048 total
[2025-08-20T06:05:40.834+0000][1692007][trace][gc,age      ] GC(196) - age   5:         56 bytes,      10104 total
[2025-08-20T06:05:40.834+0000][1692007][trace][gc,age      ] GC(196) - age   6:        376 bytes,      10480 total
[2025-08-20T06:05:40.834+0000][1692007][trace][gc,age      ] GC(196) - age   8:       1592 bytes,      12072 total
[2025-08-20T06:05:40.834+0000][1692007][trace][gc,age      ] GC(196) - age   9:        176 bytes,      12248 total
[2025-08-20T06:05:40.834+0000][1692007][trace][gc,age      ] GC(196) - age  11:       2992 bytes,      15240 total
[2025-08-20T06:05:40.834+0000][1692007][info ][gc,heap     ] GC(196) Eden regions: 75->0(75)
[2025-08-20T06:05:40.834+0000][1692007][info ][gc,heap     ] GC(196) Survivor regions: 1->1(10)
[2025-08-20T06:05:40.834+0000][1692007][info ][gc,heap     ] GC(196) Old regions: 23->23
[2025-08-20T06:05:40.834+0000][1692007][info ][gc,heap     ] GC(196) Humongous regions: 0->0
[2025-08-20T06:05:40.834+0000][1692007][info ][gc,metaspace] GC(196) Metaspace: 141909K(147968K)->141909K(147968K) NonClass: 123095K(126720K)->123095K(126720K) Class: 18814K(21248K)->18814K(21248K)
[2025-08-20T06:05:40.834+0000][1692007][info ][gc          ] GC(196) Pause Young (Concurrent Start) (G1 Evacuation Pause) 391M->91M(512M) 2.572ms
[2025-08-20T06:05:40.834+0000][1692007][info ][gc,cpu      ] GC(196) User=0.00s Sys=0.00s Real=0.00s
[2025-08-20T06:05:40.834+0000][1692007][info ][safepoint   ] Safepoint "G1CollectForAllocation", Time since last: 700791768625 ns, Reaching safepoint: 7932 ns, Cleanup: 3385 ns, At safepoint: 2609170 ns, Total: 2620487 ns
[2025-08-20T06:05:40.837+0000][1692007][info ][gc          ] GC(197) Concurrent Mark Cycle
[2025-08-20T06:05:40.837+0000][1692007][info ][gc,marking  ] GC(197) Concurrent Scan Root Regions
[2025-08-20T06:05:40.838+0000][1692007][info ][gc,marking  ] GC(197) Concurrent Scan Root Regions 0.392ms
[2025-08-20T06:05:40.838+0000][1692007][info ][gc,marking  ] GC(197) Concurrent Mark
[2025-08-20T06:05:40.838+0000][1692007][info ][gc,marking  ] GC(197) Concurrent Mark From Roots
[2025-08-20T06:05:40.838+0000][1692007][info ][gc,task     ] GC(197) Using 1 workers of 1 for marking
[2025-08-20T06:05:40.960+0000][1692007][info ][gc,marking  ] GC(197) Concurrent Mark From Roots 121.846ms
[2025-08-20T06:05:40.960+0000][1692007][info ][gc,marking  ] GC(197) Concurrent Preclean
[2025-08-20T06:05:40.960+0000][1692007][info ][gc,marking  ] GC(197) Concurrent Preclean 0.367ms
[2025-08-20T06:05:40.960+0000][1692007][info ][gc,start    ] GC(197) Pause Remark
[2025-08-20T06:05:40.964+0000][1692007][info ][gc          ] GC(197) Pause Remark 94M->94M(512M) 4.158ms
[2025-08-20T06:05:40.964+0000][1692007][info ][gc,cpu      ] GC(197) User=0.01s Sys=0.00s Real=0.00s
[2025-08-20T06:05:40.964+0000][1692007][info ][safepoint   ] Safepoint "G1PauseRemark", Time since last: 125677022 ns, Reaching safepoint: 5058 ns, Cleanup: 2874 ns, At safepoint: 4194454 ns, Total: 4202386 ns
[2025-08-20T06:05:40.964+0000][1692007][info ][gc,marking  ] GC(197) Concurrent Mark 126.489ms
[2025-08-20T06:05:40.964+0000][1692007][info ][gc,marking  ] GC(197) Concurrent Rebuild Remembered Sets and Scrub Regions
[2025-08-20T06:05:41.015+0000][1692007][info ][gc,marking  ] GC(197) Concurrent Rebuild Remembered Sets and Scrub Regions 50.288ms
[2025-08-20T06:05:41.015+0000][1692007][info ][gc,start    ] GC(197) Pause Cleanup
[2025-08-20T06:05:41.015+0000][1692007][info ][gc          ] GC(197) Pause Cleanup 94M->94M(512M) 0.036ms
[2025-08-20T06:05:41.015+0000][1692007][info ][gc,cpu      ] GC(197) User=0.00s Sys=0.00s Real=0.00s
[2025-08-20T06:05:41.015+0000][1692007][info ][safepoint   ] Safepoint "G1PauseCleanup", Time since last: 50341870 ns, Reaching safepoint: 3546 ns, Cleanup: 1342 ns, At safepoint: 59229 ns, Total: 64117 ns
[2025-08-20T06:05:41.015+0000][1692007][info ][gc,marking  ] GC(197) Concurrent Clear Claimed Marks
[2025-08-20T06:05:41.015+0000][1692007][info ][gc,marking  ] GC(197) Concurrent Clear Claimed Marks 0.153ms
[2025-08-20T06:05:41.015+0000][1692007][info ][gc,marking  ] GC(197) Concurrent Cleanup for Next Mark
[2025-08-20T06:05:41.015+0000][1692007][info ][gc,marking  ] GC(197) Concurrent Cleanup for Next Mark 0.259ms
[2025-08-20T06:05:41.015+0000][1692007][info ][gc          ] GC(197) Concurrent Mark Cycle 177.739ms
[2025-08-20T06:05:55.016+0000][1692007][info ][safepoint   ] Safepoint "Cleanup", Time since last: 14000826594 ns, Reaching safepoint: 6159 ns, Cleanup: 10576 ns, At safepoint: 2514 ns, Total: 19249 ns
[2025-08-20T06:17:25.984+0000][1692007][info ][gc,start    ] GC(198) Pause Young (Normal) (G1 Evacuation Pause)
[2025-08-20T06:17:25.984+0000][1692007][info ][gc,task     ] GC(198) Using 1 workers of 1 for evacuation
[2025-08-20T06:17:25.984+0000][1692007][debug][gc,age      ] GC(198) Desired survivor size 20971520 bytes, new threshold 15 (max threshold 15)
[2025-08-20T06:17:25.987+0000][1692007][info ][gc,phases   ] GC(198)   Pre Evacuate Collection Set: 0.0ms
[2025-08-20T06:17:25.987+0000][1692007][info ][gc,phases   ] GC(198)   Merge Heap Roots: 0.0ms
[2025-08-20T06:17:25.987+0000][1692007][info ][gc,phases   ] GC(198)   Evacuate Collection Set: 1.6ms
[2025-08-20T06:17:25.987+0000][1692007][info ][gc,phases   ] GC(198)   Post Evacuate Collection Set: 0.7ms
[2025-08-20T06:17:25.987+0000][1692007][info ][gc,phases   ] GC(198)   Other: 0.0ms
[2025-08-20T06:17:25.987+0000][1692007][trace][gc,age      ] GC(198) Age table with threshold 15 (max threshold 15)
[2025-08-20T06:17:25.987+0000][1692007][trace][gc,age      ] GC(198) - age   1:       9688 bytes,       9688 total
[2025-08-20T06:17:25.987+0000][1692007][trace][gc,age      ] GC(198) - age   3:        176 bytes,       9864 total
[2025-08-20T06:17:25.987+0000][1692007][trace][gc,age      ] GC(198) - age   4:        216 bytes,      10080 total
[2025-08-20T06:17:25.987+0000][1692007][trace][gc,age      ] GC(198) - age   6:         56 bytes,      10136 total
[2025-08-20T06:17:25.987+0000][1692007][trace][gc,age      ] GC(198) - age   7:        376 bytes,      10512 total
[2025-08-20T06:17:25.987+0000][1692007][trace][gc,age      ] GC(198) - age   9:       1592 bytes,      12104 total
[2025-08-20T06:17:25.987+0000][1692007][trace][gc,age      ] GC(198) - age  10:        176 bytes,      12280 total
[2025-08-20T06:17:25.987+0000][1692007][trace][gc,age      ] GC(198) - age  12:       2992 bytes,      15272 total
[2025-08-20T06:17:25.987+0000][1692007][info ][gc,heap     ] GC(198) Eden regions: 75->0(75)
[2025-08-20T06:17:25.987+0000][1692007][info ][gc,heap     ] GC(198) Survivor regions: 1->1(10)
[2025-08-20T06:17:25.987+0000][1692007][info ][gc,heap     ] GC(198) Old regions: 23->23
[2025-08-20T06:17:25.987+0000][1692007][info ][gc,heap     ] GC(198) Humongous regions: 0->0
[2025-08-20T06:17:25.987+0000][1692007][info ][gc,metaspace] GC(198) Metaspace: 141909K(147968K)->141909K(147968K) NonClass: 123095K(126720K)->123095K(126720K) Class: 18814K(21248K)->18814K(21248K)
[2025-08-20T06:17:25.987+0000][1692007][info ][gc          ] GC(198) Pause Young (Normal) (G1 Evacuation Pause) 391M->91M(512M) 2.630ms
[2025-08-20T06:17:25.987+0000][1692007][info ][gc,cpu      ] GC(198) User=0.00s Sys=0.00s Real=0.01s
[2025-08-20T06:17:25.987+0000][1692007][info ][safepoint   ] Safepoint "G1CollectForAllocation", Time since last: 690968781308 ns, Reaching safepoint: 8563 ns, Cleanup: 2664 ns, At safepoint: 2661799 ns, Total: 2673026 ns
[2025-08-20T06:29:11.353+0000][1692007][info ][gc,start    ] GC(199) Pause Young (Concurrent Start) (G1 Evacuation Pause)
[2025-08-20T06:29:11.353+0000][1692007][info ][gc,task     ] GC(199) Using 1 workers of 1 for evacuation
[2025-08-20T06:29:11.353+0000][1692007][debug][gc,age      ] GC(199) Desired survivor size 20971520 bytes, new threshold 15 (max threshold 15)
[2025-08-20T06:29:11.355+0000][1692007][info ][gc,phases   ] GC(199)   Pre Evacuate Collection Set: 0.0ms
[2025-08-20T06:29:11.355+0000][1692007][info ][gc,phases   ] GC(199)   Merge Heap Roots: 0.0ms
[2025-08-20T06:29:11.355+0000][1692007][info ][gc,phases   ] GC(199)   Evacuate Collection Set: 1.2ms
[2025-08-20T06:29:11.355+0000][1692007][info ][gc,phases   ] GC(199)   Post Evacuate Collection Set: 0.7ms
[2025-08-20T06:29:11.355+0000][1692007][info ][gc,phases   ] GC(199)   Other: 0.0ms
[2025-08-20T06:29:11.355+0000][1692007][trace][gc,age      ] GC(199) Age table with threshold 15 (max threshold 15)
[2025-08-20T06:29:11.355+0000][1692007][trace][gc,age      ] GC(199) - age   1:      11056 bytes,      11056 total
[2025-08-20T06:29:11.355+0000][1692007][trace][gc,age      ] GC(199) - age   4:        176 bytes,      11232 total
[2025-08-20T06:29:11.355+0000][1692007][trace][gc,age      ] GC(199) - age   5:        216 bytes,      11448 total
[2025-08-20T06:29:11.355+0000][1692007][trace][gc,age      ] GC(199) - age   7:         56 bytes,      11504 total
[2025-08-20T06:29:11.355+0000][1692007][trace][gc,age      ] GC(199) - age   8:        376 bytes,      11880 total
[2025-08-20T06:29:11.355+0000][1692007][trace][gc,age      ] GC(199) - age  10:       1592 bytes,      13472 total
[2025-08-20T06:29:11.355+0000][1692007][trace][gc,age      ] GC(199) - age  11:        176 bytes,      13648 total
[2025-08-20T06:29:11.355+0000][1692007][trace][gc,age      ] GC(199) - age  13:       2992 bytes,      16640 total
[2025-08-20T06:29:11.355+0000][1692007][info ][gc,heap     ] GC(199) Eden regions: 75->0(75)
[2025-08-20T06:29:11.355+0000][1692007][info ][gc,heap     ] GC(199) Survivor regions: 1->1(10)
[2025-08-20T06:29:11.355+0000][1692007][info ][gc,heap     ] GC(199) Old regions: 23->23
[2025-08-20T06:29:11.355+0000][1692007][info ][gc,heap     ] GC(199) Humongous regions: 0->0
[2025-08-20T06:29:11.355+0000][1692007][info ][gc,metaspace] GC(199) Metaspace: 141909K(147968K)->141909K(147968K) NonClass: 123095K(126720K)->123095K(126720K) Class: 18814K(21248K)->18814K(21248K)
[2025-08-20T06:29:11.355+0000][1692007][info ][gc          ] GC(199) Pause Young (Concurrent Start) (G1 Evacuation Pause) 391M->91M(512M) 2.233ms
[2025-08-20T06:29:11.355+0000][1692007][info ][gc,cpu      ] GC(199) User=0.00s Sys=0.00s Real=0.00s
[2025-08-20T06:29:11.355+0000][1692007][info ][safepoint   ] Safepoint "G1CollectForAllocation", Time since last: 705365674615 ns, Reaching safepoint: 6851 ns, Cleanup: 2183 ns, At safepoint: 2266703 ns, Total: 2275737 ns
[2025-08-20T06:29:11.360+0000][1692007][info ][gc          ] GC(200) Concurrent Mark Cycle
[2025-08-20T06:29:11.360+0000][1692007][info ][gc,marking  ] GC(200) Concurrent Scan Root Regions
[2025-08-20T06:29:11.361+0000][1692007][info ][gc,marking  ] GC(200) Concurrent Scan Root Regions 0.393ms
[2025-08-20T06:29:11.361+0000][1692007][info ][gc,marking  ] GC(200) Concurrent Mark
[2025-08-20T06:29:11.361+0000][1692007][info ][gc,marking  ] GC(200) Concurrent Mark From Roots
[2025-08-20T06:29:11.361+0000][1692007][info ][gc,task     ] GC(200) Using 1 workers of 1 for marking
[2025-08-20T06:29:11.477+0000][1692007][info ][gc,marking  ] GC(200) Concurrent Mark From Roots 116.622ms
[2025-08-20T06:29:11.477+0000][1692007][info ][gc,marking  ] GC(200) Concurrent Preclean
[2025-08-20T06:29:11.478+0000][1692007][info ][gc,marking  ] GC(200) Concurrent Preclean 0.352ms
[2025-08-20T06:29:11.478+0000][1692007][info ][gc,start    ] GC(200) Pause Remark
[2025-08-20T06:29:11.482+0000][1692007][info ][gc          ] GC(200) Pause Remark 91M->91M(512M) 4.250ms
[2025-08-20T06:29:11.482+0000][1692007][info ][gc,cpu      ] GC(200) User=0.01s Sys=0.00s Real=0.00s
[2025-08-20T06:29:11.482+0000][1692007][info ][safepoint   ] Safepoint "G1PauseRemark", Time since last: 122894526 ns, Reaching safepoint: 4897 ns, Cleanup: 2885 ns, At safepoint: 4288586 ns, Total: 4296368 ns
[2025-08-20T06:29:11.482+0000][1692007][info ][gc,marking  ] GC(200) Concurrent Mark 121.354ms
[2025-08-20T06:29:11.482+0000][1692007][info ][gc,marking  ] GC(200) Concurrent Rebuild Remembered Sets and Scrub Regions
[2025-08-20T06:29:11.531+0000][1692007][info ][gc,marking  ] GC(200) Concurrent Rebuild Remembered Sets and Scrub Regions 49.203ms
[2025-08-20T06:29:11.531+0000][1692007][info ][gc,start    ] GC(200) Pause Cleanup
[2025-08-20T06:29:11.531+0000][1692007][info ][gc          ] GC(200) Pause Cleanup 91M->91M(512M) 0.035ms
[2025-08-20T06:29:11.531+0000][1692007][info ][gc,cpu      ] GC(200) User=0.00s Sys=0.00s Real=0.00s
[2025-08-20T06:29:11.531+0000][1692007][info ][safepoint   ] Safepoint "G1PauseCleanup", Time since last: 49270440 ns, Reaching safepoint: 3305 ns, Cleanup: 1923 ns, At safepoint: 66160 ns, Total: 71388 ns
[2025-08-20T06:29:11.531+0000][1692007][info ][gc,marking  ] GC(200) Concurrent Clear Claimed Marks
[2025-08-20T06:29:11.532+0000][1692007][info ][gc,marking  ] GC(200) Concurrent Clear Claimed Marks 0.152ms
[2025-08-20T06:29:11.532+0000][1692007][info ][gc,marking  ] GC(200) Concurrent Cleanup for Next Mark
[2025-08-20T06:29:11.541+0000][1692007][info ][gc,marking  ] GC(200) Concurrent Cleanup for Next Mark 8.985ms
[2025-08-20T06:29:11.541+0000][1692007][info ][gc          ] GC(200) Concurrent Mark Cycle 180.250ms
[2025-08-20T06:40:52.978+0000][1692007][info ][gc,start    ] GC(201) Pause Young (Normal) (G1 Evacuation Pause)
[2025-08-20T06:40:52.979+0000][1692007][info ][gc,task     ] GC(201) Using 1 workers of 1 for evacuation
[2025-08-20T06:40:52.979+0000][1692007][debug][gc,age      ] GC(201) Desired survivor size 20971520 bytes, new threshold 15 (max threshold 15)
[2025-08-20T06:40:52.981+0000][1692007][info ][gc,phases   ] GC(201)   Pre Evacuate Collection Set: 0.0ms
[2025-08-20T06:40:52.981+0000][1692007][info ][gc,phases   ] GC(201)   Merge Heap Roots: 0.0ms
[2025-08-20T06:40:52.981+0000][1692007][info ][gc,phases   ] GC(201)   Evacuate Collection Set: 1.6ms
[2025-08-20T06:40:52.981+0000][1692007][info ][gc,phases   ] GC(201)   Post Evacuate Collection Set: 0.7ms
[2025-08-20T06:40:52.981+0000][1692007][info ][gc,phases   ] GC(201)   Other: 0.0ms
[2025-08-20T06:40:52.981+0000][1692007][trace][gc,age      ] GC(201) Age table with threshold 15 (max threshold 15)
[2025-08-20T06:40:52.981+0000][1692007][trace][gc,age      ] GC(201) - age   1:       9424 bytes,       9424 total
[2025-08-20T06:40:52.981+0000][1692007][trace][gc,age      ] GC(201) - age   5:        176 bytes,       9600 total
[2025-08-20T06:40:52.981+0000][1692007][trace][gc,age      ] GC(201) - age   6:        216 bytes,       9816 total
[2025-08-20T06:40:52.981+0000][1692007][trace][gc,age      ] GC(201) - age   8:         56 bytes,       9872 total
[2025-08-20T06:40:52.981+0000][1692007][trace][gc,age      ] GC(201) - age   9:        376 bytes,      10248 total
[2025-08-20T06:40:52.981+0000][1692007][trace][gc,age      ] GC(201) - age  11:       1592 bytes,      11840 total
[2025-08-20T06:40:52.981+0000][1692007][trace][gc,age      ] GC(201) - age  12:        176 bytes,      12016 total
[2025-08-20T06:40:52.981+0000][1692007][trace][gc,age      ] GC(201) - age  14:       2992 bytes,      15008 total
[2025-08-20T06:40:52.981+0000][1692007][info ][gc,heap     ] GC(201) Eden regions: 75->0(75)
[2025-08-20T06:40:52.981+0000][1692007][info ][gc,heap     ] GC(201) Survivor regions: 1->1(10)
[2025-08-20T06:40:52.981+0000][1692007][info ][gc,heap     ] GC(201) Old regions: 23->23
[2025-08-20T06:40:52.981+0000][1692007][info ][gc,heap     ] GC(201) Humongous regions: 0->0
[2025-08-20T06:40:52.981+0000][1692007][info ][gc,metaspace] GC(201) Metaspace: 141909K(147968K)->141909K(147968K) NonClass: 123095K(126720K)->123095K(126720K) Class: 18814K(21248K)->18814K(21248K)
[2025-08-20T06:40:52.981+0000][1692007][info ][gc          ] GC(201) Pause Young (Normal) (G1 Evacuation Pause) 391M->91M(512M) 3.050ms
[2025-08-20T06:40:52.981+0000][1692007][info ][gc,cpu      ] GC(201) User=0.00s Sys=0.00s Real=0.00s
[2025-08-20T06:40:52.981+0000][1692007][info ][safepoint   ] Safepoint "G1CollectForAllocation", Time since last: 701446661683 ns, Reaching safepoint: 248786 ns, Cleanup: 3415 ns, At safepoint: 3081072 ns, Total: 3333273 ns
[2025-08-20T06:43:55.003+0000][1692007][info ][safepoint   ] Safepoint "Cleanup", Time since last: 182021173716 ns, Reaching safepoint: 38658 ns, Cleanup: 11808 ns, At safepoint: 4156 ns, Total: 54622 ns
[2025-08-20T06:44:57.008+0000][1692007][info ][safepoint   ] Safepoint "Cleanup", Time since last: 62004871047 ns, Reaching safepoint: 69866 ns, Cleanup: 10986 ns, At safepoint: 1993 ns, Total: 82845 ns
[2025-08-20T06:45:55.011+0000][1692007][info ][safepoint   ] Safepoint "Cleanup", Time since last: 58003367525 ns, Reaching safepoint: 6039 ns, Cleanup: 10867 ns, At safepoint: 157638 ns, Total: 174544 ns
[2025-08-20T06:52:33.095+0000][1692007][info ][gc,start    ] GC(202) Pause Young (Concurrent Start) (G1 Evacuation Pause)
[2025-08-20T06:52:33.095+0000][1692007][info ][gc,task     ] GC(202) Using 1 workers of 1 for evacuation
[2025-08-20T06:52:33.095+0000][1692007][debug][gc,age      ] GC(202) Desired survivor size 20971520 bytes, new threshold 15 (max threshold 15)
[2025-08-20T06:52:33.097+0000][1692007][info ][gc,phases   ] GC(202)   Pre Evacuate Collection Set: 0.0ms
[2025-08-20T06:52:33.097+0000][1692007][info ][gc,phases   ] GC(202)   Merge Heap Roots: 0.0ms
[2025-08-20T06:52:33.097+0000][1692007][info ][gc,phases   ] GC(202)   Evacuate Collection Set: 1.1ms
[2025-08-20T06:52:33.097+0000][1692007][info ][gc,phases   ] GC(202)   Post Evacuate Collection Set: 0.7ms
[2025-08-20T06:52:33.097+0000][1692007][info ][gc,phases   ] GC(202)   Other: 0.0ms
[2025-08-20T06:52:33.097+0000][1692007][trace][gc,age      ] GC(202) Age table with threshold 15 (max threshold 15)
[2025-08-20T06:52:33.097+0000][1692007][trace][gc,age      ] GC(202) - age   1:       9616 bytes,       9616 total
[2025-08-20T06:52:33.097+0000][1692007][trace][gc,age      ] GC(202) - age   7:        216 bytes,       9832 total
[2025-08-20T06:52:33.097+0000][1692007][trace][gc,age      ] GC(202) - age   9:         56 bytes,       9888 total
[2025-08-20T06:52:33.097+0000][1692007][trace][gc,age      ] GC(202) - age  10:        376 bytes,      10264 total
[2025-08-20T06:52:33.097+0000][1692007][trace][gc,age      ] GC(202) - age  12:       1592 bytes,      11856 total
[2025-08-20T06:52:33.097+0000][1692007][trace][gc,age      ] GC(202) - age  13:        176 bytes,      12032 total
[2025-08-20T06:52:33.097+0000][1692007][trace][gc,age      ] GC(202) - age  15:       2992 bytes,      15024 total
[2025-08-20T06:52:33.097+0000][1692007][info ][gc,heap     ] GC(202) Eden regions: 75->0(75)
[2025-08-20T06:52:33.097+0000][1692007][info ][gc,heap     ] GC(202) Survivor regions: 1->1(10)
[2025-08-20T06:52:33.097+0000][1692007][info ][gc,heap     ] GC(202) Old regions: 23->23
[2025-08-20T06:52:33.097+0000][1692007][info ][gc,heap     ] GC(202) Humongous regions: 0->0
[2025-08-20T06:52:33.097+0000][1692007][info ][gc,metaspace] GC(202) Metaspace: 141909K(147968K)->141909K(147968K) NonClass: 123095K(126720K)->123095K(126720K) Class: 18814K(21248K)->18814K(21248K)
[2025-08-20T06:52:33.097+0000][1692007][info ][gc          ] GC(202) Pause Young (Concurrent Start) (G1 Evacuation Pause) 391M->91M(512M) 2.359ms
[2025-08-20T06:52:33.097+0000][1692007][info ][gc,cpu      ] GC(202) User=0.00s Sys=0.00s Real=0.01s
[2025-08-20T06:52:33.097+0000][1692007][info ][safepoint   ] Safepoint "G1CollectForAllocation", Time since last: 398083782120 ns, Reaching safepoint: 6760 ns, Cleanup: 3265 ns, At safepoint: 2407826 ns, Total: 2417851 ns
[2025-08-20T06:52:33.101+0000][1692007][info ][gc          ] GC(203) Concurrent Mark Cycle
[2025-08-20T06:52:33.101+0000][1692007][info ][gc,marking  ] GC(203) Concurrent Scan Root Regions
[2025-08-20T06:52:33.102+0000][1692007][info ][gc,marking  ] GC(203) Concurrent Scan Root Regions 0.394ms
[2025-08-20T06:52:33.102+0000][1692007][info ][gc,marking  ] GC(203) Concurrent Mark
[2025-08-20T06:52:33.102+0000][1692007][info ][gc,marking  ] GC(203) Concurrent Mark From Roots
[2025-08-20T06:52:33.102+0000][1692007][info ][gc,task     ] GC(203) Using 1 workers of 1 for marking
[2025-08-20T06:52:33.220+0000][1692007][info ][gc,marking  ] GC(203) Concurrent Mark From Roots 118.254ms
[2025-08-20T06:52:33.220+0000][1692007][info ][gc,marking  ] GC(203) Concurrent Preclean
[2025-08-20T06:52:33.220+0000][1692007][info ][gc,marking  ] GC(203) Concurrent Preclean 0.352ms
[2025-08-20T06:52:33.220+0000][1692007][info ][gc,start    ] GC(203) Pause Remark
[2025-08-20T06:52:33.225+0000][1692007][info ][gc          ] GC(203) Pause Remark 91M->91M(512M) 4.365ms
[2025-08-20T06:52:33.225+0000][1692007][info ][gc,cpu      ] GC(203) User=0.00s Sys=0.00s Real=0.00s
[2025-08-20T06:52:33.225+0000][1692007][info ][safepoint   ] Safepoint "G1PauseRemark", Time since last: 123095798 ns, Reaching safepoint: 8373 ns, Cleanup: 2934 ns, At safepoint: 4412794 ns, Total: 4424101 ns
[2025-08-20T06:52:33.225+0000][1692007][info ][gc,marking  ] GC(203) Concurrent Mark 123.107ms
[2025-08-20T06:52:33.225+0000][1692007][info ][gc,marking  ] GC(203) Concurrent Rebuild Remembered Sets and Scrub Regions
[2025-08-20T06:52:33.272+0000][1692007][info ][gc,marking  ] GC(203) Concurrent Rebuild Remembered Sets and Scrub Regions 46.899ms
[2025-08-20T06:52:33.272+0000][1692007][info ][gc,start    ] GC(203) Pause Cleanup
[2025-08-20T06:52:33.272+0000][1692007][info ][gc          ] GC(203) Pause Cleanup 91M->91M(512M) 0.033ms
[2025-08-20T06:52:33.272+0000][1692007][info ][gc,cpu      ] GC(203) User=0.00s Sys=0.00s Real=0.00s
[2025-08-20T06:52:33.272+0000][1692007][info ][safepoint   ] Safepoint "G1PauseCleanup", Time since last: 46949996 ns, Reaching safepoint: 3806 ns, Cleanup: 1131 ns, At safepoint: 55795 ns, Total: 60732 ns
[2025-08-20T06:52:33.272+0000][1692007][info ][gc,marking  ] GC(203) Concurrent Clear Claimed Marks
[2025-08-20T06:52:33.272+0000][1692007][info ][gc,marking  ] GC(203) Concurrent Clear Claimed Marks 0.146ms
[2025-08-20T06:52:33.272+0000][1692007][info ][gc,marking  ] GC(203) Concurrent Cleanup for Next Mark
[2025-08-20T06:52:33.278+0000][1692007][info ][gc,marking  ] GC(203) Concurrent Cleanup for Next Mark 5.563ms
[2025-08-20T06:52:33.278+0000][1692007][info ][gc          ] GC(203) Concurrent Mark Cycle 176.251ms
[2025-08-20T07:04:18.195+0000][1692007][info ][gc,start    ] GC(204) Pause Young (Normal) (G1 Evacuation Pause)
[2025-08-20T07:04:18.195+0000][1692007][info ][gc,task     ] GC(204) Using 1 workers of 1 for evacuation
[2025-08-20T07:04:18.195+0000][1692007][debug][gc,age      ] GC(204) Desired survivor size 20971520 bytes, new threshold 15 (max threshold 15)
[2025-08-20T07:04:18.198+0000][1692007][info ][gc,phases   ] GC(204)   Pre Evacuate Collection Set: 0.0ms
[2025-08-20T07:04:18.198+0000][1692007][info ][gc,phases   ] GC(204)   Merge Heap Roots: 0.0ms
[2025-08-20T07:04:18.198+0000][1692007][info ][gc,phases   ] GC(204)   Evacuate Collection Set: 1.6ms
[2025-08-20T07:04:18.198+0000][1692007][info ][gc,phases   ] GC(204)   Post Evacuate Collection Set: 1.7ms
[2025-08-20T07:04:18.198+0000][1692007][info ][gc,phases   ] GC(204)   Other: 0.0ms
[2025-08-20T07:04:18.198+0000][1692007][trace][gc,age      ] GC(204) Age table with threshold 15 (max threshold 15)
[2025-08-20T07:04:18.198+0000][1692007][trace][gc,age      ] GC(204) - age   1:       9152 bytes,       9152 total
[2025-08-20T07:04:18.198+0000][1692007][trace][gc,age      ] GC(204) - age   2:        528 bytes,       9680 total
[2025-08-20T07:04:18.198+0000][1692007][trace][gc,age      ] GC(204) - age   8:        216 bytes,       9896 total
[2025-08-20T07:04:18.198+0000][1692007][trace][gc,age      ] GC(204) - age  10:         56 bytes,       9952 total
[2025-08-20T07:04:18.198+0000][1692007][trace][gc,age      ] GC(204) - age  11:        376 bytes,      10328 total
[2025-08-20T07:04:18.198+0000][1692007][trace][gc,age      ] GC(204) - age  13:       1592 bytes,      11920 total
[2025-08-20T07:04:18.198+0000][1692007][trace][gc,age      ] GC(204) - age  14:        176 bytes,      12096 total
[2025-08-20T07:04:18.198+0000][1692007][info ][gc,heap     ] GC(204) Eden regions: 75->0(75)
[2025-08-20T07:04:18.198+0000][1692007][info ][gc,heap     ] GC(204) Survivor regions: 1->1(10)
[2025-08-20T07:04:18.198+0000][1692007][info ][gc,heap     ] GC(204) Old regions: 23->23
[2025-08-20T07:04:18.198+0000][1692007][info ][gc,heap     ] GC(204) Humongous regions: 0->0
[2025-08-20T07:04:18.198+0000][1692007][info ][gc,metaspace] GC(204) Metaspace: 141909K(147968K)->141909K(147968K) NonClass: 123095K(126720K)->123095K(126720K) Class: 18814K(21248K)->18814K(21248K)
[2025-08-20T07:04:18.198+0000][1692007][info ][gc          ] GC(204) Pause Young (Normal) (G1 Evacuation Pause) 391M->91M(512M) 3.708ms
[2025-08-20T07:04:18.198+0000][1692007][info ][gc,cpu      ] GC(204) User=0.00s Sys=0.00s Real=0.01s
[2025-08-20T07:04:18.198+0000][1692007][info ][safepoint   ] Safepoint "G1CollectForAllocation", Time since last: 704922689870 ns, Reaching safepoint: 7100 ns, Cleanup: 2454 ns, At safepoint: 3749131 ns, Total: 3758685 ns
[2025-08-20T07:16:03.703+0000][1692007][info ][gc,start    ] GC(205) Pause Young (Concurrent Start) (G1 Evacuation Pause)
[2025-08-20T07:16:03.703+0000][1692007][info ][gc,task     ] GC(205) Using 1 workers of 1 for evacuation
[2025-08-20T07:16:03.703+0000][1692007][debug][gc,age      ] GC(205) Desired survivor size 20971520 bytes, new threshold 15 (max threshold 15)
[2025-08-20T07:16:03.705+0000][1692007][info ][gc,phases   ] GC(205)   Pre Evacuate Collection Set: 0.1ms
[2025-08-20T07:16:03.705+0000][1692007][info ][gc,phases   ] GC(205)   Merge Heap Roots: 0.0ms
[2025-08-20T07:16:03.705+0000][1692007][info ][gc,phases   ] GC(205)   Evacuate Collection Set: 1.2ms
[2025-08-20T07:16:03.705+0000][1692007][info ][gc,phases   ] GC(205)   Post Evacuate Collection Set: 1.0ms
[2025-08-20T07:16:03.705+0000][1692007][info ][gc,phases   ] GC(205)   Other: 0.0ms
[2025-08-20T07:16:03.705+0000][1692007][trace][gc,age      ] GC(205) Age table with threshold 15 (max threshold 15)
[2025-08-20T07:16:03.705+0000][1692007][trace][gc,age      ] GC(205) - age   1:      10968 bytes,      10968 total
[2025-08-20T07:16:03.705+0000][1692007][trace][gc,age      ] GC(205) - age   3:        176 bytes,      11144 total
[2025-08-20T07:16:03.705+0000][1692007][trace][gc,age      ] GC(205) - age   9:        216 bytes,      11360 total
[2025-08-20T07:16:03.705+0000][1692007][trace][gc,age      ] GC(205) - age  11:         56 bytes,      11416 total
[2025-08-20T07:16:03.705+0000][1692007][trace][gc,age      ] GC(205) - age  12:        376 bytes,      11792 total
[2025-08-20T07:16:03.705+0000][1692007][trace][gc,age      ] GC(205) - age  14:       1592 bytes,      13384 total
[2025-08-20T07:16:03.705+0000][1692007][trace][gc,age      ] GC(205) - age  15:        176 bytes,      13560 total
[2025-08-20T07:16:03.705+0000][1692007][info ][gc,heap     ] GC(205) Eden regions: 75->0(75)
[2025-08-20T07:16:03.705+0000][1692007][info ][gc,heap     ] GC(205) Survivor regions: 1->1(10)
[2025-08-20T07:16:03.705+0000][1692007][info ][gc,heap     ] GC(205) Old regions: 23->23
[2025-08-20T07:16:03.705+0000][1692007][info ][gc,heap     ] GC(205) Humongous regions: 0->0
[2025-08-20T07:16:03.705+0000][1692007][info ][gc,metaspace] GC(205) Metaspace: 141909K(147968K)->141909K(147968K) NonClass: 123095K(126720K)->123095K(126720K) Class: 18814K(21248K)->18814K(21248K)
[2025-08-20T07:16:03.705+0000][1692007][info ][gc          ] GC(205) Pause Young (Concurrent Start) (G1 Evacuation Pause) 391M->91M(512M) 2.558ms
[2025-08-20T07:16:03.705+0000][1692007][info ][gc,cpu      ] GC(205) User=0.00s Sys=0.00s Real=0.00s
[2025-08-20T07:16:03.705+0000][1692007][info ][safepoint   ] Safepoint "G1CollectForAllocation", Time since last: 705504320684 ns, Reaching safepoint: 7050 ns, Cleanup: 2664 ns, At safepoint: 2594748 ns, Total: 2604462 ns
[2025-08-20T07:16:03.709+0000][1692007][info ][gc          ] GC(206) Concurrent Mark Cycle
[2025-08-20T07:16:03.709+0000][1692007][info ][gc,marking  ] GC(206) Concurrent Scan Root Regions
[2025-08-20T07:16:03.710+0000][1692007][info ][gc,marking  ] GC(206) Concurrent Scan Root Regions 0.479ms
[2025-08-20T07:16:03.710+0000][1692007][info ][gc,marking  ] GC(206) Concurrent Mark
[2025-08-20T07:16:03.710+0000][1692007][info ][gc,marking  ] GC(206) Concurrent Mark From Roots
[2025-08-20T07:16:03.710+0000][1692007][info ][gc,task     ] GC(206) Using 1 workers of 1 for marking
[2025-08-20T07:16:03.844+0000][1692007][info ][gc,marking  ] GC(206) Concurrent Mark From Roots 134.090ms
[2025-08-20T07:16:03.844+0000][1692007][info ][gc,marking  ] GC(206) Concurrent Preclean
[2025-08-20T07:16:03.844+0000][1692007][info ][gc,marking  ] GC(206) Concurrent Preclean 0.397ms
[2025-08-20T07:16:03.844+0000][1692007][info ][gc,start    ] GC(206) Pause Remark
[2025-08-20T07:16:03.849+0000][1692007][info ][gc          ] GC(206) Pause Remark 92M->92M(512M) 4.240ms
[2025-08-20T07:16:03.849+0000][1692007][info ][gc,cpu      ] GC(206) User=0.00s Sys=0.00s Real=0.01s
[2025-08-20T07:16:03.849+0000][1692007][info ][safepoint   ] Safepoint "G1PauseRemark", Time since last: 139121166 ns, Reaching safepoint: 5228 ns, Cleanup: 3295 ns, At safepoint: 4277820 ns, Total: 4286343 ns
[2025-08-20T07:16:03.849+0000][1692007][info ][gc,marking  ] GC(206) Concurrent Mark 138.841ms
[2025-08-20T07:16:03.849+0000][1692007][info ][gc,marking  ] GC(206) Concurrent Rebuild Remembered Sets and Scrub Regions
[2025-08-20T07:16:03.895+0000][1692007][info ][gc,marking  ] GC(206) Concurrent Rebuild Remembered Sets and Scrub Regions 46.078ms
[2025-08-20T07:16:03.895+0000][1692007][info ][gc,start    ] GC(206) Pause Cleanup
[2025-08-20T07:16:03.895+0000][1692007][info ][gc          ] GC(206) Pause Cleanup 92M->92M(512M) 0.038ms
[2025-08-20T07:16:03.895+0000][1692007][info ][gc,cpu      ] GC(206) User=0.00s Sys=0.00s Real=0.00s
[2025-08-20T07:16:03.895+0000][1692007][info ][safepoint   ] Safepoint "G1PauseCleanup", Time since last: 46133883 ns, Reaching safepoint: 3515 ns, Cleanup: 1613 ns, At safepoint: 60721 ns, Total: 65849 ns
[2025-08-20T07:16:03.895+0000][1692007][info ][gc,marking  ] GC(206) Concurrent Clear Claimed Marks
[2025-08-20T07:16:03.895+0000][1692007][info ][gc,marking  ] GC(206) Concurrent Clear Claimed Marks 0.142ms
[2025-08-20T07:16:03.895+0000][1692007][info ][gc,marking  ] GC(206) Concurrent Cleanup for Next Mark
[2025-08-20T07:16:03.908+0000][1692007][info ][gc,marking  ] GC(206) Concurrent Cleanup for Next Mark 12.548ms
[2025-08-20T07:16:03.908+0000][1692007][info ][gc          ] GC(206) Concurrent Mark Cycle 198.241ms
[2025-08-20T07:27:49.129+0000][1692007][info ][gc,start    ] GC(207) Pause Young (Normal) (G1 Evacuation Pause)
[2025-08-20T07:27:49.129+0000][1692007][info ][gc,task     ] GC(207) Using 1 workers of 1 for evacuation
[2025-08-20T07:27:49.129+0000][1692007][debug][gc,age      ] GC(207) Desired survivor size 20971520 bytes, new threshold 15 (max threshold 15)
[2025-08-20T07:27:49.132+0000][1692007][info ][gc,phases   ] GC(207)   Pre Evacuate Collection Set: 0.0ms
[2025-08-20T07:27:49.132+0000][1692007][info ][gc,phases   ] GC(207)   Merge Heap Roots: 0.0ms
[2025-08-20T07:27:49.132+0000][1692007][info ][gc,phases   ] GC(207)   Evacuate Collection Set: 1.6ms
[2025-08-20T07:27:49.132+0000][1692007][info ][gc,phases   ] GC(207)   Post Evacuate Collection Set: 1.0ms
[2025-08-20T07:27:49.132+0000][1692007][info ][gc,phases   ] GC(207)   Other: 0.0ms
[2025-08-20T07:27:49.132+0000][1692007][trace][gc,age      ] GC(207) Age table with threshold 15 (max threshold 15)
[2025-08-20T07:27:49.132+0000][1692007][trace][gc,age      ] GC(207) - age   1:      11048 bytes,      11048 total
[2025-08-20T07:27:49.132+0000][1692007][trace][gc,age      ] GC(207) - age   4:        176 bytes,      11224 total
[2025-08-20T07:27:49.132+0000][1692007][trace][gc,age      ] GC(207) - age  10:        216 bytes,      11440 total
[2025-08-20T07:27:49.132+0000][1692007][trace][gc,age      ] GC(207) - age  12:         56 bytes,      11496 total
[2025-08-20T07:27:49.132+0000][1692007][trace][gc,age      ] GC(207) - age  13:        376 bytes,      11872 total
[2025-08-20T07:27:49.132+0000][1692007][trace][gc,age      ] GC(207) - age  15:       1592 bytes,      13464 total
[2025-08-20T07:27:49.132+0000][1692007][info ][gc,heap     ] GC(207) Eden regions: 75->0(75)
[2025-08-20T07:27:49.132+0000][1692007][info ][gc,heap     ] GC(207) Survivor regions: 1->1(10)
[2025-08-20T07:27:49.132+0000][1692007][info ][gc,heap     ] GC(207) Old regions: 23->23
[2025-08-20T07:27:49.132+0000][1692007][info ][gc,heap     ] GC(207) Humongous regions: 0->0
[2025-08-20T07:27:49.132+0000][1692007][info ][gc,metaspace] GC(207) Metaspace: 141909K(147968K)->141909K(147968K) NonClass: 123095K(126720K)->123095K(126720K) Class: 18814K(21248K)->18814K(21248K)
[2025-08-20T07:27:49.132+0000][1692007][info ][gc          ] GC(207) Pause Young (Normal) (G1 Evacuation Pause) 391M->91M(512M) 2.933ms
[2025-08-20T07:27:49.132+0000][1692007][info ][gc,cpu      ] GC(207) User=0.00s Sys=0.00s Real=0.00s
[2025-08-20T07:27:49.132+0000][1692007][info ][safepoint   ] Safepoint "G1CollectForAllocation", Time since last: 705233951466 ns, Reaching safepoint: 351631 ns, Cleanup: 2764 ns, At safepoint: 2973380 ns, Total: 3327775 ns
[2025-08-20T07:39:29.571+0000][1692007][info ][gc,start    ] GC(208) Pause Young (Concurrent Start) (G1 Evacuation Pause)
[2025-08-20T07:39:29.571+0000][1692007][info ][gc,task     ] GC(208) Using 1 workers of 1 for evacuation
[2025-08-20T07:39:29.571+0000][1692007][debug][gc,age      ] GC(208) Desired survivor size 20971520 bytes, new threshold 15 (max threshold 15)
[2025-08-20T07:39:29.573+0000][1692007][info ][gc,phases   ] GC(208)   Pre Evacuate Collection Set: 0.0ms
[2025-08-20T07:39:29.573+0000][1692007][info ][gc,phases   ] GC(208)   Merge Heap Roots: 0.0ms
[2025-08-20T07:39:29.573+0000][1692007][info ][gc,phases   ] GC(208)   Evacuate Collection Set: 1.2ms
[2025-08-20T07:39:29.573+0000][1692007][info ][gc,phases   ] GC(208)   Post Evacuate Collection Set: 0.7ms
[2025-08-20T07:39:29.573+0000][1692007][info ][gc,phases   ] GC(208)   Other: 0.0ms
[2025-08-20T07:39:29.573+0000][1692007][trace][gc,age      ] GC(208) Age table with threshold 15 (max threshold 15)
[2025-08-20T07:39:29.573+0000][1692007][trace][gc,age      ] GC(208) - age   1:      21560 bytes,      21560 total
[2025-08-20T07:39:29.573+0000][1692007][trace][gc,age      ] GC(208) - age   5:        176 bytes,      21736 total
[2025-08-20T07:39:29.573+0000][1692007][trace][gc,age      ] GC(208) - age  11:        216 bytes,      21952 total
[2025-08-20T07:39:29.573+0000][1692007][trace][gc,age      ] GC(208) - age  13:         56 bytes,      22008 total
[2025-08-20T07:39:29.573+0000][1692007][trace][gc,age      ] GC(208) - age  14:        376 bytes,      22384 total
[2025-08-20T07:39:29.573+0000][1692007][info ][gc,heap     ] GC(208) Eden regions: 75->0(75)
[2025-08-20T07:39:29.573+0000][1692007][info ][gc,heap     ] GC(208) Survivor regions: 1->1(10)
[2025-08-20T07:39:29.573+0000][1692007][info ][gc,heap     ] GC(208) Old regions: 23->23
[2025-08-20T07:39:29.573+0000][1692007][info ][gc,heap     ] GC(208) Humongous regions: 0->0
[2025-08-20T07:39:29.573+0000][1692007][info ][gc,metaspace] GC(208) Metaspace: 141909K(147968K)->141909K(147968K) NonClass: 123095K(126720K)->123095K(126720K) Class: 18814K(21248K)->18814K(21248K)
[2025-08-20T07:39:29.573+0000][1692007][info ][gc          ] GC(208) Pause Young (Concurrent Start) (G1 Evacuation Pause) 391M->91M(512M) 2.269ms
[2025-08-20T07:39:29.573+0000][1692007][info ][gc,cpu      ] GC(208) User=0.00s Sys=0.00s Real=0.00s
[2025-08-20T07:39:29.573+0000][1692007][info ][safepoint   ] Safepoint "G1CollectForAllocation", Time since last: 700438737618 ns, Reaching safepoint: 6861 ns, Cleanup: 2464 ns, At safepoint: 2303838 ns, Total: 2313163 ns
[2025-08-20T07:39:29.577+0000][1692007][info ][gc          ] GC(209) Concurrent Mark Cycle
[2025-08-20T07:39:29.577+0000][1692007][info ][gc,marking  ] GC(209) Concurrent Scan Root Regions
[2025-08-20T07:39:29.578+0000][1692007][info ][gc,marking  ] GC(209) Concurrent Scan Root Regions 0.732ms
[2025-08-20T07:39:29.578+0000][1692007][info ][gc,marking  ] GC(209) Concurrent Mark
[2025-08-20T07:39:29.578+0000][1692007][info ][gc,marking  ] GC(209) Concurrent Mark From Roots
[2025-08-20T07:39:29.578+0000][1692007][info ][gc,task     ] GC(209) Using 1 workers of 1 for marking
[2025-08-20T07:39:29.688+0000][1692007][info ][gc,marking  ] GC(209) Concurrent Mark From Roots 109.677ms
[2025-08-20T07:39:29.688+0000][1692007][info ][gc,marking  ] GC(209) Concurrent Preclean
[2025-08-20T07:39:29.688+0000][1692007][info ][gc,marking  ] GC(209) Concurrent Preclean 0.346ms
[2025-08-20T07:39:29.688+0000][1692007][info ][gc,start    ] GC(209) Pause Remark
[2025-08-20T07:39:29.692+0000][1692007][info ][gc          ] GC(209) Pause Remark 93M->93M(512M) 4.177ms
[2025-08-20T07:39:29.692+0000][1692007][info ][gc,cpu      ] GC(209) User=0.01s Sys=0.00s Real=0.00s
[2025-08-20T07:39:29.692+0000][1692007][info ][safepoint   ] Safepoint "G1PauseRemark", Time since last: 114996146 ns, Reaching safepoint: 4898 ns, Cleanup: 3285 ns, At safepoint: 4256607 ns, Total: 4264790 ns
[2025-08-20T07:39:29.692+0000][1692007][info ][gc,marking  ] GC(209) Concurrent Mark 114.354ms
[2025-08-20T07:39:29.692+0000][1692007][info ][gc,marking  ] GC(209) Concurrent Rebuild Remembered Sets and Scrub Regions
[2025-08-20T07:39:29.744+0000][1692007][info ][gc,marking  ] GC(209) Concurrent Rebuild Remembered Sets and Scrub Regions 51.270ms
[2025-08-20T07:39:29.744+0000][1692007][info ][gc,start    ] GC(209) Pause Cleanup
[2025-08-20T07:39:29.744+0000][1692007][info ][gc          ] GC(209) Pause Cleanup 93M->93M(512M) 0.036ms
[2025-08-20T07:39:29.744+0000][1692007][info ][gc,cpu      ] GC(209) User=0.00s Sys=0.00s Real=0.00s
[2025-08-20T07:39:29.744+0000][1692007][info ][safepoint   ] Safepoint "G1PauseCleanup", Time since last: 51317911 ns, Reaching safepoint: 3495 ns, Cleanup: 1503 ns, At safepoint: 60200 ns, Total: 65198 ns
[2025-08-20T07:39:29.744+0000][1692007][info ][gc,marking  ] GC(209) Concurrent Clear Claimed Marks
[2025-08-20T07:39:29.744+0000][1692007][info ][gc,marking  ] GC(209) Concurrent Clear Claimed Marks 0.155ms
[2025-08-20T07:39:29.744+0000][1692007][info ][gc,marking  ] GC(209) Concurrent Cleanup for Next Mark
[2025-08-20T07:39:29.757+0000][1692007][info ][gc,marking  ] GC(209) Concurrent Cleanup for Next Mark 12.573ms
[2025-08-20T07:39:29.757+0000][1692007][info ][gc          ] GC(209) Concurrent Mark Cycle 179.232ms
[2025-08-20T07:51:15.088+0000][1692007][info ][gc,start    ] GC(210) Pause Young (Normal) (G1 Evacuation Pause)
[2025-08-20T07:51:15.088+0000][1692007][info ][gc,task     ] GC(210) Using 1 workers of 1 for evacuation
[2025-08-20T07:51:15.088+0000][1692007][debug][gc,age      ] GC(210) Desired survivor size 20971520 bytes, new threshold 15 (max threshold 15)
[2025-08-20T07:51:15.091+0000][1692007][info ][gc,phases   ] GC(210)   Pre Evacuate Collection Set: 0.0ms
[2025-08-20T07:51:15.091+0000][1692007][info ][gc,phases   ] GC(210)   Merge Heap Roots: 0.0ms
[2025-08-20T07:51:15.091+0000][1692007][info ][gc,phases   ] GC(210)   Evacuate Collection Set: 1.6ms
[2025-08-20T07:51:15.091+0000][1692007][info ][gc,phases   ] GC(210)   Post Evacuate Collection Set: 0.9ms
[2025-08-20T07:51:15.091+0000][1692007][info ][gc,phases   ] GC(210)   Other: 0.3ms
[2025-08-20T07:51:15.091+0000][1692007][trace][gc,age      ] GC(210) Age table with threshold 15 (max threshold 15)
[2025-08-20T07:51:15.091+0000][1692007][trace][gc,age      ] GC(210) - age   1:      11264 bytes,      11264 total
[2025-08-20T07:51:15.091+0000][1692007][trace][gc,age      ] GC(210) - age   2:       1920 bytes,      13184 total
[2025-08-20T07:51:15.091+0000][1692007][trace][gc,age      ] GC(210) - age  12:        216 bytes,      13400 total
[2025-08-20T07:51:15.091+0000][1692007][trace][gc,age      ] GC(210) - age  14:         56 bytes,      13456 total
[2025-08-20T07:51:15.091+0000][1692007][trace][gc,age      ] GC(210) - age  15:        376 bytes,      13832 total
[2025-08-20T07:51:15.091+0000][1692007][info ][gc,heap     ] GC(210) Eden regions: 75->0(75)
[2025-08-20T07:51:15.091+0000][1692007][info ][gc,heap     ] GC(210) Survivor regions: 1->1(10)
[2025-08-20T07:51:15.091+0000][1692007][info ][gc,heap     ] GC(210) Old regions: 23->23
[2025-08-20T07:51:15.091+0000][1692007][info ][gc,heap     ] GC(210) Humongous regions: 0->0
[2025-08-20T07:51:15.091+0000][1692007][info ][gc,metaspace] GC(210) Metaspace: 141909K(147968K)->141909K(147968K) NonClass: 123095K(126720K)->123095K(126720K) Class: 18814K(21248K)->18814K(21248K)
[2025-08-20T07:51:15.091+0000][1692007][info ][gc          ] GC(210) Pause Young (Normal) (G1 Evacuation Pause) 391M->91M(512M) 3.044ms
[2025-08-20T07:51:15.091+0000][1692007][info ][gc,cpu      ] GC(210) User=0.01s Sys=0.00s Real=0.00s
[2025-08-20T07:51:15.091+0000][1692007][info ][safepoint   ] Safepoint "G1CollectForAllocation", Time since last: 705344076090 ns, Reaching safepoint: 7331 ns, Cleanup: 2454 ns, At safepoint: 3075173 ns, Total: 3084958 ns
[2025-08-20T08:03:01.255+0000][1692007][info ][gc,start    ] GC(211) Pause Young (Concurrent Start) (G1 Evacuation Pause)
[2025-08-20T08:03:01.256+0000][1692007][info ][gc,task     ] GC(211) Using 1 workers of 1 for evacuation
[2025-08-20T08:03:01.256+0000][1692007][debug][gc,age      ] GC(211) Desired survivor size 20971520 bytes, new threshold 15 (max threshold 15)
[2025-08-20T08:03:01.258+0000][1692007][info ][gc,phases   ] GC(211)   Pre Evacuate Collection Set: 0.1ms
[2025-08-20T08:03:01.258+0000][1692007][info ][gc,phases   ] GC(211)   Merge Heap Roots: 0.0ms
[2025-08-20T08:03:01.258+0000][1692007][info ][gc,phases   ] GC(211)   Evacuate Collection Set: 1.2ms
[2025-08-20T08:03:01.258+0000][1692007][info ][gc,phases   ] GC(211)   Post Evacuate Collection Set: 0.7ms
[2025-08-20T08:03:01.258+0000][1692007][info ][gc,phases   ] GC(211)   Other: 0.0ms
[2025-08-20T08:03:01.258+0000][1692007][trace][gc,age      ] GC(211) Age table with threshold 15 (max threshold 15)
[2025-08-20T08:03:01.258+0000][1692007][trace][gc,age      ] GC(211) - age   1:       9200 bytes,       9200 total
[2025-08-20T08:03:01.258+0000][1692007][trace][gc,age      ] GC(211) - age   2:        592 bytes,       9792 total
[2025-08-20T08:03:01.258+0000][1692007][trace][gc,age      ] GC(211) - age   3:       1920 bytes,      11712 total
[2025-08-20T08:03:01.258+0000][1692007][trace][gc,age      ] GC(211) - age  13:        216 bytes,      11928 total
[2025-08-20T08:03:01.258+0000][1692007][trace][gc,age      ] GC(211) - age  15:         56 bytes,      11984 total
[2025-08-20T08:03:01.258+0000][1692007][info ][gc,heap     ] GC(211) Eden regions: 75->0(75)
[2025-08-20T08:03:01.258+0000][1692007][info ][gc,heap     ] GC(211) Survivor regions: 1->1(10)
[2025-08-20T08:03:01.258+0000][1692007][info ][gc,heap     ] GC(211) Old regions: 23->23
[2025-08-20T08:03:01.258+0000][1692007][info ][gc,heap     ] GC(211) Humongous regions: 0->0
[2025-08-20T08:03:01.258+0000][1692007][info ][gc,metaspace] GC(211) Metaspace: 141909K(147968K)->141909K(147968K) NonClass: 123095K(126720K)->123095K(126720K) Class: 18814K(21248K)->18814K(21248K)
[2025-08-20T08:03:01.258+0000][1692007][info ][gc          ] GC(211) Pause Young (Concurrent Start) (G1 Evacuation Pause) 391M->91M(512M) 2.467ms
[2025-08-20T08:03:01.258+0000][1692007][info ][gc,cpu      ] GC(211) User=0.00s Sys=0.00s Real=0.01s
[2025-08-20T08:03:01.258+0000][1692007][info ][safepoint   ] Safepoint "G1CollectForAllocation", Time since last: 706164168187 ns, Reaching safepoint: 7071 ns, Cleanup: 3415 ns, At safepoint: 2502769 ns, Total: 2513255 ns
[2025-08-20T08:03:01.264+0000][1692007][info ][gc          ] GC(212) Concurrent Mark Cycle
[2025-08-20T08:03:01.264+0000][1692007][info ][gc,marking  ] GC(212) Concurrent Scan Root Regions
[2025-08-20T08:03:01.265+0000][1692007][info ][gc,marking  ] GC(212) Concurrent Scan Root Regions 0.847ms
[2025-08-20T08:03:01.265+0000][1692007][info ][gc,marking  ] GC(212) Concurrent Mark
[2025-08-20T08:03:01.265+0000][1692007][info ][gc,marking  ] GC(212) Concurrent Mark From Roots
[2025-08-20T08:03:01.265+0000][1692007][info ][gc,task     ] GC(212) Using 1 workers of 1 for marking
[2025-08-20T08:03:01.374+0000][1692007][info ][gc,marking  ] GC(212) Concurrent Mark From Roots 108.850ms
[2025-08-20T08:03:01.374+0000][1692007][info ][gc,marking  ] GC(212) Concurrent Preclean
[2025-08-20T08:03:01.374+0000][1692007][info ][gc,marking  ] GC(212) Concurrent Preclean 0.343ms
[2025-08-20T08:03:01.374+0000][1692007][info ][gc,start    ] GC(212) Pause Remark
[2025-08-20T08:03:01.379+0000][1692007][info ][gc          ] GC(212) Pause Remark 93M->93M(512M) 4.115ms
[2025-08-20T08:03:01.379+0000][1692007][info ][gc,cpu      ] GC(212) User=0.00s Sys=0.00s Real=0.01s
[2025-08-20T08:03:01.379+0000][1692007][info ][safepoint   ] Safepoint "G1PauseRemark", Time since last: 116780991 ns, Reaching safepoint: 5127 ns, Cleanup: 3145 ns, At safepoint: 4151298 ns, Total: 4159570 ns
[2025-08-20T08:03:01.379+0000][1692007][info ][gc,marking  ] GC(212) Concurrent Mark 113.429ms
[2025-08-20T08:03:01.379+0000][1692007][info ][gc,marking  ] GC(212) Concurrent Rebuild Remembered Sets and Scrub Regions
[2025-08-20T08:03:01.442+0000][1692007][info ][gc,marking  ] GC(212) Concurrent Rebuild Remembered Sets and Scrub Regions 62.953ms
[2025-08-20T08:03:01.442+0000][1692007][info ][gc,start    ] GC(212) Pause Cleanup
[2025-08-20T08:03:01.442+0000][1692007][info ][gc          ] GC(212) Pause Cleanup 93M->93M(512M) 0.041ms
[2025-08-20T08:03:01.442+0000][1692007][info ][gc,cpu      ] GC(212) User=0.00s Sys=0.00s Real=0.00s
[2025-08-20T08:03:01.442+0000][1692007][info ][safepoint   ] Safepoint "G1PauseCleanup", Time since last: 63043952 ns, Reaching safepoint: 3996 ns, Cleanup: 1923 ns, At safepoint: 65519 ns, Total: 71438 ns
[2025-08-20T08:03:01.442+0000][1692007][info ][gc,marking  ] GC(212) Concurrent Clear Claimed Marks
[2025-08-20T08:03:01.442+0000][1692007][info ][gc,marking  ] GC(212) Concurrent Clear Claimed Marks 0.160ms
[2025-08-20T08:03:01.442+0000][1692007][info ][gc,marking  ] GC(212) Concurrent Cleanup for Next Mark
[2025-08-20T08:03:01.442+0000][1692007][info ][gc,marking  ] GC(212) Concurrent Cleanup for Next Mark 0.261ms
[2025-08-20T08:03:01.442+0000][1692007][info ][gc          ] GC(212) Concurrent Mark Cycle 177.842ms
[2025-08-20T08:07:00.457+0000][1692007][info ][safepoint   ] Safepoint "Cleanup", Time since last: 239015356868 ns, Reaching safepoint: 40872 ns, Cleanup: 9674 ns, At safepoint: 2134 ns, Total: 52680 ns
[2025-08-20T08:14:46.238+0000][1692007][info ][gc,start    ] GC(213) Pause Young (Normal) (G1 Evacuation Pause)
[2025-08-20T08:14:46.238+0000][1692007][info ][gc,task     ] GC(213) Using 1 workers of 1 for evacuation
[2025-08-20T08:14:46.238+0000][1692007][debug][gc,age      ] GC(213) Desired survivor size 20971520 bytes, new threshold 15 (max threshold 15)
[2025-08-20T08:14:46.241+0000][1692007][info ][gc,phases   ] GC(213)   Pre Evacuate Collection Set: 0.1ms
[2025-08-20T08:14:46.241+0000][1692007][info ][gc,phases   ] GC(213)   Merge Heap Roots: 0.0ms
[2025-08-20T08:14:46.241+0000][1692007][info ][gc,phases   ] GC(213)   Evacuate Collection Set: 1.6ms
[2025-08-20T08:14:46.241+0000][1692007][info ][gc,phases   ] GC(213)   Post Evacuate Collection Set: 1.4ms
[2025-08-20T08:14:46.241+0000][1692007][info ][gc,phases   ] GC(213)   Other: 0.0ms
[2025-08-20T08:14:46.241+0000][1692007][trace][gc,age      ] GC(213) Age table with threshold 15 (max threshold 15)
[2025-08-20T08:14:46.241+0000][1692007][trace][gc,age      ] GC(213) - age   1:      11056 bytes,      11056 total
[2025-08-20T08:14:46.241+0000][1692007][trace][gc,age      ] GC(213) - age   3:        240 bytes,      11296 total
[2025-08-20T08:14:46.241+0000][1692007][trace][gc,age      ] GC(213) - age   4:       1920 bytes,      13216 total
[2025-08-20T08:14:46.241+0000][1692007][trace][gc,age      ] GC(213) - age  14:        216 bytes,      13432 total
[2025-08-20T08:14:46.242+0000][1692007][info ][gc,heap     ] GC(213) Eden regions: 75->0(75)
[2025-08-20T08:14:46.242+0000][1692007][info ][gc,heap     ] GC(213) Survivor regions: 1->1(10)
[2025-08-20T08:14:46.242+0000][1692007][info ][gc,heap     ] GC(213) Old regions: 23->23
[2025-08-20T08:14:46.242+0000][1692007][info ][gc,heap     ] GC(213) Humongous regions: 0->0
[2025-08-20T08:14:46.242+0000][1692007][info ][gc,metaspace] GC(213) Metaspace: 141909K(147968K)->141909K(147968K) NonClass: 123095K(126720K)->123095K(126720K) Class: 18814K(21248K)->18814K(21248K)
[2025-08-20T08:14:46.242+0000][1692007][info ][gc          ] GC(213) Pause Young (Normal) (G1 Evacuation Pause) 391M->91M(512M) 3.334ms
[2025-08-20T08:14:46.242+0000][1692007][info ][gc,cpu      ] GC(213) User=0.00s Sys=0.00s Real=0.00s
[2025-08-20T08:14:46.242+0000][1692007][info ][safepoint   ] Safepoint "G1CollectForAllocation", Time since last: 465781005215 ns, Reaching safepoint: 6971 ns, Cleanup: 2824 ns, At safepoint: 3366684 ns, Total: 3376479 ns
[2025-08-20T08:26:31.791+0000][1692007][info ][gc,start    ] GC(214) Pause Young (Concurrent Start) (G1 Evacuation Pause)
[2025-08-20T08:26:31.791+0000][1692007][info ][gc,task     ] GC(214) Using 1 workers of 1 for evacuation
[2025-08-20T08:26:31.791+0000][1692007][debug][gc,age      ] GC(214) Desired survivor size 20971520 bytes, new threshold 15 (max threshold 15)
[2025-08-20T08:26:31.795+0000][1692007][info ][gc,phases   ] GC(214)   Pre Evacuate Collection Set: 0.1ms
[2025-08-20T08:26:31.795+0000][1692007][info ][gc,phases   ] GC(214)   Merge Heap Roots: 0.0ms
[2025-08-20T08:26:31.795+0000][1692007][info ][gc,phases   ] GC(214)   Evacuate Collection Set: 2.5ms
[2025-08-20T08:26:31.795+0000][1692007][info ][gc,phases   ] GC(214)   Post Evacuate Collection Set: 0.9ms
[2025-08-20T08:26:31.795+0000][1692007][info ][gc,phases   ] GC(214)   Other: 0.0ms
[2025-08-20T08:26:31.795+0000][1692007][trace][gc,age      ] GC(214) Age table with threshold 15 (max threshold 15)
[2025-08-20T08:26:31.795+0000][1692007][trace][gc,age      ] GC(214) - age   1:      10896 bytes,      10896 total
[2025-08-20T08:26:31.795+0000][1692007][trace][gc,age      ] GC(214) - age   4:        240 bytes,      11136 total
[2025-08-20T08:26:31.795+0000][1692007][trace][gc,age      ] GC(214) - age   5:       1920 bytes,      13056 total
[2025-08-20T08:26:31.795+0000][1692007][trace][gc,age      ] GC(214) - age  15:        216 bytes,      13272 total
[2025-08-20T08:26:31.795+0000][1692007][info ][gc,heap     ] GC(214) Eden regions: 75->0(75)
[2025-08-20T08:26:31.795+0000][1692007][info ][gc,heap     ] GC(214) Survivor regions: 1->1(10)
[2025-08-20T08:26:31.795+0000][1692007][info ][gc,heap     ] GC(214) Old regions: 23->23
[2025-08-20T08:26:31.795+0000][1692007][info ][gc,heap     ] GC(214) Humongous regions: 0->0
[2025-08-20T08:26:31.795+0000][1692007][info ][gc,metaspace] GC(214) Metaspace: 141909K(147968K)->141909K(147968K) NonClass: 123095K(126720K)->123095K(126720K) Class: 18814K(21248K)->18814K(21248K)
[2025-08-20T08:26:31.795+0000][1692007][info ][gc          ] GC(214) Pause Young (Concurrent Start) (G1 Evacuation Pause) 391M->91M(512M) 3.786ms
[2025-08-20T08:26:31.795+0000][1692007][info ][gc,cpu      ] GC(214) User=0.00s Sys=0.00s Real=0.00s
[2025-08-20T08:26:31.795+0000][1692007][info ][safepoint   ] Safepoint "G1CollectForAllocation", Time since last: 705549635764 ns, Reaching safepoint: 7221 ns, Cleanup: 2895 ns, At safepoint: 3822231 ns, Total: 3832347 ns
[2025-08-20T08:26:31.800+0000][1692007][info ][gc          ] GC(215) Concurrent Mark Cycle
[2025-08-20T08:26:31.800+0000][1692007][info ][gc,marking  ] GC(215) Concurrent Scan Root Regions
[2025-08-20T08:26:31.801+0000][1692007][info ][gc,marking  ] GC(215) Concurrent Scan Root Regions 0.396ms
[2025-08-20T08:26:31.801+0000][1692007][info ][gc,marking  ] GC(215) Concurrent Mark
[2025-08-20T08:26:31.801+0000][1692007][info ][gc,marking  ] GC(215) Concurrent Mark From Roots
[2025-08-20T08:26:31.801+0000][1692007][info ][gc,task     ] GC(215) Using 1 workers of 1 for marking
[2025-08-20T08:26:31.932+0000][1692007][info ][gc,marking  ] GC(215) Concurrent Mark From Roots 131.085ms
[2025-08-20T08:26:31.932+0000][1692007][info ][gc,marking  ] GC(215) Concurrent Preclean
[2025-08-20T08:26:31.932+0000][1692007][info ][gc,marking  ] GC(215) Concurrent Preclean 0.376ms
[2025-08-20T08:26:31.932+0000][1692007][info ][gc,start    ] GC(215) Pause Remark
[2025-08-20T08:26:31.936+0000][1692007][info ][gc          ] GC(215) Pause Remark 92M->92M(512M) 4.120ms
[2025-08-20T08:26:31.936+0000][1692007][info ][gc,cpu      ] GC(215) User=0.00s Sys=0.00s Real=0.01s
[2025-08-20T08:26:31.936+0000][1692007][info ][safepoint   ] Safepoint "G1PauseRemark", Time since last: 137285985 ns, Reaching safepoint: 5098 ns, Cleanup: 3135 ns, At safepoint: 4153111 ns, Total: 4161344 ns
[2025-08-20T08:26:31.936+0000][1692007][info ][gc,marking  ] GC(215) Concurrent Mark 135.694ms
[2025-08-20T08:26:31.936+0000][1692007][info ][gc,marking  ] GC(215) Concurrent Rebuild Remembered Sets and Scrub Regions
[2025-08-20T08:26:31.974+0000][1692007][info ][gc,marking  ] GC(215) Concurrent Rebuild Remembered Sets and Scrub Regions 37.460ms
[2025-08-20T08:26:31.974+0000][1692007][info ][gc,start    ] GC(215) Pause Cleanup
[2025-08-20T08:26:31.974+0000][1692007][info ][gc          ] GC(215) Pause Cleanup 92M->92M(512M) 0.030ms
[2025-08-20T08:26:31.974+0000][1692007][info ][gc,cpu      ] GC(215) User=0.00s Sys=0.00s Real=0.00s
[2025-08-20T08:26:31.974+0000][1692007][info ][safepoint   ] Safepoint "G1PauseCleanup", Time since last: 37544430 ns, Reaching safepoint: 3145 ns, Cleanup: 701 ns, At safepoint: 49865 ns, Total: 53711 ns
[2025-08-20T08:26:31.974+0000][1692007][info ][gc,marking  ] GC(215) Concurrent Clear Claimed Marks
[2025-08-20T08:26:31.974+0000][1692007][info ][gc,marking  ] GC(215) Concurrent Clear Claimed Marks 0.124ms
[2025-08-20T08:26:31.974+0000][1692007][info ][gc,marking  ] GC(215) Concurrent Cleanup for Next Mark
[2025-08-20T08:26:31.983+0000][1692007][info ][gc,marking  ] GC(215) Concurrent Cleanup for Next Mark 8.930ms
[2025-08-20T08:26:31.983+0000][1692007][info ][gc          ] GC(215) Concurrent Mark Cycle 182.778ms
[2025-08-20T08:30:31.989+0000][1692007][info ][safepoint   ] Safepoint "Cleanup", Time since last: 240015308754 ns, Reaching safepoint: 4957 ns, Cleanup: 7311 ns, At safepoint: 1713 ns, Total: 13981 ns
[2025-08-20T08:34:31.433+0000][1692007][info ][safepoint   ] Safepoint "Cleanup", Time since last: 239443599840 ns, Reaching safepoint: 41943 ns, Cleanup: 11077 ns, At safepoint: 2143 ns, Total: 55163 ns
[2025-08-20T08:38:17.366+0000][1692007][info ][gc,start    ] GC(216) Pause Young (Normal) (G1 Evacuation Pause)
[2025-08-20T08:38:17.366+0000][1692007][info ][gc,task     ] GC(216) Using 1 workers of 1 for evacuation
[2025-08-20T08:38:17.366+0000][1692007][debug][gc,age      ] GC(216) Desired survivor size 20971520 bytes, new threshold 15 (max threshold 15)
[2025-08-20T08:38:17.369+0000][1692007][info ][gc,phases   ] GC(216)   Pre Evacuate Collection Set: 0.0ms
[2025-08-20T08:38:17.369+0000][1692007][info ][gc,phases   ] GC(216)   Merge Heap Roots: 0.0ms
[2025-08-20T08:38:17.369+0000][1692007][info ][gc,phases   ] GC(216)   Evacuate Collection Set: 1.6ms
[2025-08-20T08:38:17.369+0000][1692007][info ][gc,phases   ] GC(216)   Post Evacuate Collection Set: 1.3ms
[2025-08-20T08:38:17.369+0000][1692007][info ][gc,phases   ] GC(216)   Other: 0.0ms
[2025-08-20T08:38:17.369+0000][1692007][trace][gc,age      ] GC(216) Age table with threshold 15 (max threshold 15)
[2025-08-20T08:38:17.369+0000][1692007][trace][gc,age      ] GC(216) - age   1:      11360 bytes,      11360 total
[2025-08-20T08:38:17.369+0000][1692007][trace][gc,age      ] GC(216) - age   5:        240 bytes,      11600 total
[2025-08-20T08:38:17.369+0000][1692007][trace][gc,age      ] GC(216) - age   6:       1920 bytes,      13520 total
[2025-08-20T08:38:17.369+0000][1692007][info ][gc,heap     ] GC(216) Eden regions: 75->0(75)
[2025-08-20T08:38:17.369+0000][1692007][info ][gc,heap     ] GC(216) Survivor regions: 1->1(10)
[2025-08-20T08:38:17.369+0000][1692007][info ][gc,heap     ] GC(216) Old regions: 23->23
[2025-08-20T08:38:17.369+0000][1692007][info ][gc,heap     ] GC(216) Humongous regions: 0->0
[2025-08-20T08:38:17.369+0000][1692007][info ][gc,metaspace] GC(216) Metaspace: 141909K(147968K)->141909K(147968K) NonClass: 123095K(126720K)->123095K(126720K) Class: 18814K(21248K)->18814K(21248K)
[2025-08-20T08:38:17.369+0000][1692007][info ][gc          ] GC(216) Pause Young (Normal) (G1 Evacuation Pause) 391M->91M(512M) 3.227ms
[2025-08-20T08:38:17.369+0000][1692007][info ][gc,cpu      ] GC(216) User=0.00s Sys=0.00s Real=0.00s
[2025-08-20T08:38:17.369+0000][1692007][info ][safepoint   ] Safepoint "G1CollectForAllocation", Time since last: 225932668181 ns, Reaching safepoint: 7462 ns, Cleanup: 2834 ns, At safepoint: 3260313 ns, Total: 3270609 ns
[2025-08-20T08:50:02.936+0000][1692007][info ][gc,start    ] GC(217) Pause Young (Concurrent Start) (G1 Evacuation Pause)
[2025-08-20T08:50:02.936+0000][1692007][info ][gc,task     ] GC(217) Using 1 workers of 1 for evacuation
[2025-08-20T08:50:02.936+0000][1692007][debug][gc,age      ] GC(217) Desired survivor size 20971520 bytes, new threshold 15 (max threshold 15)
[2025-08-20T08:50:02.940+0000][1692007][info ][gc,phases   ] GC(217)   Pre Evacuate Collection Set: 0.0ms
[2025-08-20T08:50:02.940+0000][1692007][info ][gc,phases   ] GC(217)   Merge Heap Roots: 0.0ms
[2025-08-20T08:50:02.940+0000][1692007][info ][gc,phases   ] GC(217)   Evacuate Collection Set: 1.2ms
[2025-08-20T08:50:02.940+0000][1692007][info ][gc,phases   ] GC(217)   Post Evacuate Collection Set: 2.6ms
[2025-08-20T08:50:02.940+0000][1692007][info ][gc,phases   ] GC(217)   Other: 0.1ms
[2025-08-20T08:50:02.940+0000][1692007][trace][gc,age      ] GC(217) Age table with threshold 15 (max threshold 15)
[2025-08-20T08:50:02.940+0000][1692007][trace][gc,age      ] GC(217) - age   1:      10696 bytes,      10696 total
[2025-08-20T08:50:02.940+0000][1692007][trace][gc,age      ] GC(217) - age   2:        688 bytes,      11384 total
[2025-08-20T08:50:02.940+0000][1692007][trace][gc,age      ] GC(217) - age   6:        240 bytes,      11624 total
[2025-08-20T08:50:02.940+0000][1692007][trace][gc,age      ] GC(217) - age   7:       1920 bytes,      13544 total
[2025-08-20T08:50:02.940+0000][1692007][info ][gc,heap     ] GC(217) Eden regions: 75->0(75)
[2025-08-20T08:50:02.940+0000][1692007][info ][gc,heap     ] GC(217) Survivor regions: 1->1(10)
[2025-08-20T08:50:02.940+0000][1692007][info ][gc,heap     ] GC(217) Old regions: 23->23
[2025-08-20T08:50:02.940+0000][1692007][info ][gc,heap     ] GC(217) Humongous regions: 0->0
[2025-08-20T08:50:02.940+0000][1692007][info ][gc,metaspace] GC(217) Metaspace: 141909K(147968K)->141909K(147968K) NonClass: 123095K(126720K)->123095K(126720K) Class: 18814K(21248K)->18814K(21248K)
[2025-08-20T08:50:02.940+0000][1692007][info ][gc          ] GC(217) Pause Young (Concurrent Start) (G1 Evacuation Pause) 391M->91M(512M) 4.106ms
[2025-08-20T08:50:02.940+0000][1692007][info ][gc,cpu      ] GC(217) User=0.00s Sys=0.00s Real=0.00s
[2025-08-20T08:50:02.940+0000][1692007][info ][safepoint   ] Safepoint "G1CollectForAllocation", Time since last: 705566625349 ns, Reaching safepoint: 6910 ns, Cleanup: 2544 ns, At safepoint: 4142505 ns, Total: 4151959 ns
[2025-08-20T08:50:02.944+0000][1692007][info ][gc          ] GC(218) Concurrent Mark Cycle
[2025-08-20T08:50:02.944+0000][1692007][info ][gc,marking  ] GC(218) Concurrent Scan Root Regions
[2025-08-20T08:50:02.945+0000][1692007][info ][gc,marking  ] GC(218) Concurrent Scan Root Regions 0.401ms
[2025-08-20T08:50:02.945+0000][1692007][info ][gc,marking  ] GC(218) Concurrent Mark
[2025-08-20T08:50:02.945+0000][1692007][info ][gc,marking  ] GC(218) Concurrent Mark From Roots
[2025-08-20T08:50:02.945+0000][1692007][info ][gc,task     ] GC(218) Using 1 workers of 1 for marking
[2025-08-20T08:50:03.063+0000][1692007][info ][gc,marking  ] GC(218) Concurrent Mark From Roots 118.449ms
[2025-08-20T08:50:03.063+0000][1692007][info ][gc,marking  ] GC(218) Concurrent Preclean
[2025-08-20T08:50:03.064+0000][1692007][info ][gc,marking  ] GC(218) Concurrent Preclean 0.378ms
[2025-08-20T08:50:03.064+0000][1692007][info ][gc,start    ] GC(218) Pause Remark
[2025-08-20T08:50:03.068+0000][1692007][info ][gc          ] GC(218) Pause Remark 92M->92M(512M) 4.258ms
[2025-08-20T08:50:03.068+0000][1692007][info ][gc,cpu      ] GC(218) User=0.01s Sys=0.00s Real=0.01s
[2025-08-20T08:50:03.068+0000][1692007][info ][safepoint   ] Safepoint "G1PauseRemark", Time since last: 123917857 ns, Reaching safepoint: 5008 ns, Cleanup: 2734 ns, At safepoint: 4293343 ns, Total: 4301085 ns
[2025-08-20T08:50:03.068+0000][1692007][info ][gc,marking  ] GC(218) Concurrent Mark 123.198ms
[2025-08-20T08:50:03.068+0000][1692007][info ][gc,marking  ] GC(218) Concurrent Rebuild Remembered Sets and Scrub Regions
[2025-08-20T08:50:03.118+0000][1692007][info ][gc,marking  ] GC(218) Concurrent Rebuild Remembered Sets and Scrub Regions 50.061ms
[2025-08-20T08:50:03.118+0000][1692007][info ][gc,start    ] GC(218) Pause Cleanup
[2025-08-20T08:50:03.118+0000][1692007][info ][gc          ] GC(218) Pause Cleanup 94M->94M(512M) 0.037ms
[2025-08-20T08:50:03.118+0000][1692007][info ][gc,cpu      ] GC(218) User=0.00s Sys=0.00s Real=0.00s
[2025-08-20T08:50:03.118+0000][1692007][info ][safepoint   ] Safepoint "G1PauseCleanup", Time since last: 50114664 ns, Reaching safepoint: 3705 ns, Cleanup: 1392 ns, At safepoint: 96957 ns, Total: 102054 ns
[2025-08-20T08:50:03.118+0000][1692007][info ][gc,marking  ] GC(218) Concurrent Clear Claimed Marks
[2025-08-20T08:50:03.118+0000][1692007][info ][gc,marking  ] GC(218) Concurrent Clear Claimed Marks 0.148ms
[2025-08-20T08:50:03.118+0000][1692007][info ][gc,marking  ] GC(218) Concurrent Cleanup for Next Mark
[2025-08-20T08:50:03.120+0000][1692007][info ][gc,marking  ] GC(218) Concurrent Cleanup for Next Mark 1.324ms
[2025-08-20T08:50:03.120+0000][1692007][info ][gc          ] GC(218) Concurrent Mark Cycle 175.317ms
[2025-08-20T09:01:48.450+0000][1692007][info ][gc,start    ] GC(219) Pause Young (Normal) (G1 Evacuation Pause)
[2025-08-20T09:01:48.450+0000][1692007][info ][gc,task     ] GC(219) Using 1 workers of 1 for evacuation
[2025-08-20T09:01:48.450+0000][1692007][debug][gc,age      ] GC(219) Desired survivor size 20971520 bytes, new threshold 15 (max threshold 15)
[2025-08-20T09:01:48.453+0000][1692007][info ][gc,phases   ] GC(219)   Pre Evacuate Collection Set: 0.1ms
[2025-08-20T09:01:48.453+0000][1692007][info ][gc,phases   ] GC(219)   Merge Heap Roots: 0.0ms
[2025-08-20T09:01:48.453+0000][1692007][info ][gc,phases   ] GC(219)   Evacuate Collection Set: 1.6ms
[2025-08-20T09:01:48.453+0000][1692007][info ][gc,phases   ] GC(219)   Post Evacuate Collection Set: 1.1ms
[2025-08-20T09:01:48.453+0000][1692007][info ][gc,phases   ] GC(219)   Other: 0.0ms
[2025-08-20T09:01:48.453+0000][1692007][trace][gc,age      ] GC(219) Age table with threshold 15 (max threshold 15)
[2025-08-20T09:01:48.453+0000][1692007][trace][gc,age      ] GC(219) - age   1:      11416 bytes,      11416 total
[2025-08-20T09:01:48.453+0000][1692007][trace][gc,age      ] GC(219) - age   3:        336 bytes,      11752 total
[2025-08-20T09:01:48.453+0000][1692007][trace][gc,age      ] GC(219) - age   7:         64 bytes,      11816 total
[2025-08-20T09:01:48.453+0000][1692007][trace][gc,age      ] GC(219) - age   8:       1920 bytes,      13736 total
[2025-08-20T09:01:48.453+0000][1692007][info ][gc,heap     ] GC(219) Eden regions: 75->0(75)
[2025-08-20T09:01:48.453+0000][1692007][info ][gc,heap     ] GC(219) Survivor regions: 1->1(10)
[2025-08-20T09:01:48.453+0000][1692007][info ][gc,heap     ] GC(219) Old regions: 23->23
[2025-08-20T09:01:48.453+0000][1692007][info ][gc,heap     ] GC(219) Humongous regions: 0->0
[2025-08-20T09:01:48.453+0000][1692007][info ][gc,metaspace] GC(219) Metaspace: 141909K(147968K)->141909K(147968K) NonClass: 123095K(126720K)->123095K(126720K) Class: 18814K(21248K)->18814K(21248K)
[2025-08-20T09:01:48.453+0000][1692007][info ][gc          ] GC(219) Pause Young (Normal) (G1 Evacuation Pause) 391M->91M(512M) 3.137ms
[2025-08-20T09:01:48.453+0000][1692007][info ][gc,cpu      ] GC(219) User=0.01s Sys=0.00s Real=0.00s
[2025-08-20T09:01:48.453+0000][1692007][info ][safepoint   ] Safepoint "G1CollectForAllocation", Time since last: 705331529028 ns, Reaching safepoint: 7231 ns, Cleanup: 2294 ns, At safepoint: 3173031 ns, Total: 3182556 ns
[2025-08-20T09:13:33.904+0000][1692007][info ][gc,start    ] GC(220) Pause Young (Concurrent Start) (G1 Evacuation Pause)
[2025-08-20T09:13:33.904+0000][1692007][info ][gc,task     ] GC(220) Using 1 workers of 1 for evacuation
[2025-08-20T09:13:33.904+0000][1692007][debug][gc,age      ] GC(220) Desired survivor size 20971520 bytes, new threshold 15 (max threshold 15)
[2025-08-20T09:13:33.907+0000][1692007][info ][gc,phases   ] GC(220)   Pre Evacuate Collection Set: 0.2ms
[2025-08-20T09:13:33.907+0000][1692007][info ][gc,phases   ] GC(220)   Merge Heap Roots: 0.0ms
[2025-08-20T09:13:33.907+0000][1692007][info ][gc,phases   ] GC(220)   Evacuate Collection Set: 1.2ms
[2025-08-20T09:13:33.907+0000][1692007][info ][gc,phases   ] GC(220)   Post Evacuate Collection Set: 1.0ms
[2025-08-20T09:13:33.907+0000][1692007][info ][gc,phases   ] GC(220)   Other: 0.2ms
[2025-08-20T09:13:33.907+0000][1692007][trace][gc,age      ] GC(220) Age table with threshold 15 (max threshold 15)
[2025-08-20T09:13:33.907+0000][1692007][trace][gc,age      ] GC(220) - age   1:       9712 bytes,       9712 total
[2025-08-20T09:13:33.907+0000][1692007][trace][gc,age      ] GC(220) - age   2:        208 bytes,       9920 total
[2025-08-20T09:13:33.907+0000][1692007][trace][gc,age      ] GC(220) - age   4:        336 bytes,      10256 total
[2025-08-20T09:13:33.907+0000][1692007][trace][gc,age      ] GC(220) - age   8:         64 bytes,      10320 total
[2025-08-20T09:13:33.907+0000][1692007][trace][gc,age      ] GC(220) - age   9:       1920 bytes,      12240 total
[2025-08-20T09:13:33.907+0000][1692007][info ][gc,heap     ] GC(220) Eden regions: 75->0(75)
[2025-08-20T09:13:33.907+0000][1692007][info ][gc,heap     ] GC(220) Survivor regions: 1->1(10)
[2025-08-20T09:13:33.907+0000][1692007][info ][gc,heap     ] GC(220) Old regions: 23->23
[2025-08-20T09:13:33.907+0000][1692007][info ][gc,heap     ] GC(220) Humongous regions: 0->0
[2025-08-20T09:13:33.907+0000][1692007][info ][gc,metaspace] GC(220) Metaspace: 141909K(147968K)->141909K(147968K) NonClass: 123095K(126720K)->123095K(126720K) Class: 18814K(21248K)->18814K(21248K)
[2025-08-20T09:13:33.907+0000][1692007][info ][gc          ] GC(220) Pause Young (Concurrent Start) (G1 Evacuation Pause) 391M->91M(512M) 2.833ms
[2025-08-20T09:13:33.907+0000][1692007][info ][gc,cpu      ] GC(220) User=0.00s Sys=0.00s Real=0.01s
[2025-08-20T09:13:33.907+0000][1692007][info ][safepoint   ] Safepoint "G1CollectForAllocation", Time since last: 705450997406 ns, Reaching safepoint: 194553 ns, Cleanup: 2314 ns, At safepoint: 2869734 ns, Total: 3066601 ns
[2025-08-20T09:13:33.912+0000][1692007][info ][gc          ] GC(221) Concurrent Mark Cycle
[2025-08-20T09:13:33.912+0000][1692007][info ][gc,marking  ] GC(221) Concurrent Scan Root Regions
[2025-08-20T09:13:33.913+0000][1692007][info ][gc,marking  ] GC(221) Concurrent Scan Root Regions 0.379ms
[2025-08-20T09:13:33.913+0000][1692007][info ][gc,marking  ] GC(221) Concurrent Mark
[2025-08-20T09:13:33.913+0000][1692007][info ][gc,marking  ] GC(221) Concurrent Mark From Roots
[2025-08-20T09:13:33.913+0000][1692007][info ][gc,task     ] GC(221) Using 1 workers of 1 for marking
[2025-08-20T09:13:34.035+0000][1692007][info ][gc,marking  ] GC(221) Concurrent Mark From Roots 121.815ms
[2025-08-20T09:13:34.035+0000][1692007][info ][gc,marking  ] GC(221) Concurrent Preclean
[2025-08-20T09:13:34.035+0000][1692007][info ][gc,marking  ] GC(221) Concurrent Preclean 0.370ms
[2025-08-20T09:13:34.035+0000][1692007][info ][gc,start    ] GC(221) Pause Remark
[2025-08-20T09:13:34.039+0000][1692007][info ][gc          ] GC(221) Pause Remark 94M->94M(512M) 4.225ms
[2025-08-20T09:13:34.039+0000][1692007][info ][gc,cpu      ] GC(221) User=0.01s Sys=0.00s Real=0.01s
[2025-08-20T09:13:34.039+0000][1692007][info ][safepoint   ] Safepoint "G1PauseRemark", Time since last: 128048637 ns, Reaching safepoint: 5198 ns, Cleanup: 2985 ns, At safepoint: 4260794 ns, Total: 4268977 ns
[2025-08-20T09:13:34.039+0000][1692007][info ][gc,marking  ] GC(221) Concurrent Mark 126.538ms
[2025-08-20T09:13:34.039+0000][1692007][info ][gc,marking  ] GC(221) Concurrent Rebuild Remembered Sets and Scrub Regions
[2025-08-20T09:13:34.093+0000][1692007][info ][gc,marking  ] GC(221) Concurrent Rebuild Remembered Sets and Scrub Regions 54.176ms
[2025-08-20T09:13:34.094+0000][1692007][info ][gc,start    ] GC(221) Pause Cleanup
[2025-08-20T09:13:34.094+0000][1692007][info ][gc          ] GC(221) Pause Cleanup 94M->94M(512M) 0.036ms
[2025-08-20T09:13:34.094+0000][1692007][info ][gc,cpu      ] GC(221) User=0.00s Sys=0.00s Real=0.00s
[2025-08-20T09:13:34.094+0000][1692007][info ][safepoint   ] Safepoint "G1PauseCleanup", Time since last: 54233604 ns, Reaching safepoint: 3495 ns, Cleanup: 1242 ns, At safepoint: 58449 ns, Total: 63186 ns
[2025-08-20T09:13:34.094+0000][1692007][info ][gc,marking  ] GC(221) Concurrent Clear Claimed Marks
[2025-08-20T09:13:34.094+0000][1692007][info ][gc,marking  ] GC(221) Concurrent Clear Claimed Marks 0.154ms
[2025-08-20T09:13:34.094+0000][1692007][info ][gc,marking  ] GC(221) Concurrent Cleanup for Next Mark
[2025-08-20T09:13:34.094+0000][1692007][info ][gc,marking  ] GC(221) Concurrent Cleanup for Next Mark 0.242ms
[2025-08-20T09:13:34.094+0000][1692007][info ][gc          ] GC(221) Concurrent Mark Cycle 181.669ms
[2025-08-20T09:25:15.696+0000][1692007][info ][gc,start    ] GC(222) Pause Young (Normal) (G1 Evacuation Pause)
[2025-08-20T09:25:15.696+0000][1692007][info ][gc,task     ] GC(222) Using 1 workers of 1 for evacuation
[2025-08-20T09:25:15.696+0000][1692007][debug][gc,age      ] GC(222) Desired survivor size 20971520 bytes, new threshold 15 (max threshold 15)
[2025-08-20T09:25:15.699+0000][1692007][info ][gc,phases   ] GC(222)   Pre Evacuate Collection Set: 0.0ms
[2025-08-20T09:25:15.699+0000][1692007][info ][gc,phases   ] GC(222)   Merge Heap Roots: 0.1ms
[2025-08-20T09:25:15.699+0000][1692007][info ][gc,phases   ] GC(222)   Evacuate Collection Set: 1.6ms
[2025-08-20T09:25:15.699+0000][1692007][info ][gc,phases   ] GC(222)   Post Evacuate Collection Set: 0.7ms
[2025-08-20T09:25:15.699+0000][1692007][info ][gc,phases   ] GC(222)   Other: 0.0ms
[2025-08-20T09:25:15.699+0000][1692007][trace][gc,age      ] GC(222) Age table with threshold 15 (max threshold 15)
[2025-08-20T09:25:15.699+0000][1692007][trace][gc,age      ] GC(222) - age   1:       9408 bytes,       9408 total
[2025-08-20T09:25:15.699+0000][1692007][trace][gc,age      ] GC(222) - age   3:        208 bytes,       9616 total
[2025-08-20T09:25:15.699+0000][1692007][trace][gc,age      ] GC(222) - age   5:        336 bytes,       9952 total
[2025-08-20T09:25:15.699+0000][1692007][trace][gc,age      ] GC(222) - age   9:         64 bytes,      10016 total
[2025-08-20T09:25:15.699+0000][1692007][trace][gc,age      ] GC(222) - age  10:       1920 bytes,      11936 total
[2025-08-20T09:25:15.699+0000][1692007][info ][gc,heap     ] GC(222) Eden regions: 75->0(75)
[2025-08-20T09:25:15.699+0000][1692007][info ][gc,heap     ] GC(222) Survivor regions: 1->1(10)
[2025-08-20T09:25:15.699+0000][1692007][info ][gc,heap     ] GC(222) Old regions: 23->23
[2025-08-20T09:25:15.699+0000][1692007][info ][gc,heap     ] GC(222) Humongous regions: 0->0
[2025-08-20T09:25:15.699+0000][1692007][info ][gc,metaspace] GC(222) Metaspace: 141909K(147968K)->141909K(147968K) NonClass: 123095K(126720K)->123095K(126720K) Class: 18814K(21248K)->18814K(21248K)
[2025-08-20T09:25:15.699+0000][1692007][info ][gc          ] GC(222) Pause Young (Normal) (G1 Evacuation Pause) 391M->91M(512M) 2.884ms
[2025-08-20T09:25:15.699+0000][1692007][info ][gc,cpu      ] GC(222) User=0.00s Sys=0.00s Real=0.00s
[2025-08-20T09:25:15.699+0000][1692007][info ][safepoint   ] Safepoint "G1CollectForAllocation", Time since last: 701602251527 ns, Reaching safepoint: 7201 ns, Cleanup: 3275 ns, At safepoint: 2916303 ns, Total: 2926779 ns
[2025-08-20T09:37:02.786+0000][1692007][info ][gc,start    ] GC(223) Pause Young (Concurrent Start) (G1 Evacuation Pause)
[2025-08-20T09:37:02.787+0000][1692007][info ][gc,task     ] GC(223) Using 1 workers of 1 for evacuation
[2025-08-20T09:37:02.787+0000][1692007][debug][gc,age      ] GC(223) Desired survivor size 20971520 bytes, new threshold 15 (max threshold 15)
[2025-08-20T09:37:02.789+0000][1692007][info ][gc,phases   ] GC(223)   Pre Evacuate Collection Set: 0.0ms
[2025-08-20T09:37:02.789+0000][1692007][info ][gc,phases   ] GC(223)   Merge Heap Roots: 0.0ms
[2025-08-20T09:37:02.789+0000][1692007][info ][gc,phases   ] GC(223)   Evacuate Collection Set: 1.2ms
[2025-08-20T09:37:02.789+0000][1692007][info ][gc,phases   ] GC(223)   Post Evacuate Collection Set: 0.7ms
[2025-08-20T09:37:02.789+0000][1692007][info ][gc,phases   ] GC(223)   Other: 0.0ms
[2025-08-20T09:37:02.789+0000][1692007][trace][gc,age      ] GC(223) Age table with threshold 15 (max threshold 15)
[2025-08-20T09:37:02.789+0000][1692007][trace][gc,age      ] GC(223) - age   1:      26984 bytes,      26984 total
[2025-08-20T09:37:02.789+0000][1692007][trace][gc,age      ] GC(223) - age   4:        208 bytes,      27192 total
[2025-08-20T09:37:02.789+0000][1692007][trace][gc,age      ] GC(223) - age   6:        336 bytes,      27528 total
[2025-08-20T09:37:02.789+0000][1692007][trace][gc,age      ] GC(223) - age  10:         64 bytes,      27592 total
[2025-08-20T09:37:02.789+0000][1692007][trace][gc,age      ] GC(223) - age  11:       1920 bytes,      29512 total
[2025-08-20T09:37:02.789+0000][1692007][info ][gc,heap     ] GC(223) Eden regions: 75->0(75)
[2025-08-20T09:37:02.789+0000][1692007][info ][gc,heap     ] GC(223) Survivor regions: 1->1(10)
[2025-08-20T09:37:02.789+0000][1692007][info ][gc,heap     ] GC(223) Old regions: 23->23
[2025-08-20T09:37:02.789+0000][1692007][info ][gc,heap     ] GC(223) Humongous regions: 0->0
[2025-08-20T09:37:02.789+0000][1692007][info ][gc,metaspace] GC(223) Metaspace: 141909K(147968K)->141909K(147968K) NonClass: 123095K(126720K)->123095K(126720K) Class: 18814K(21248K)->18814K(21248K)
[2025-08-20T09:37:02.789+0000][1692007][info ][gc          ] GC(223) Pause Young (Concurrent Start) (G1 Evacuation Pause) 391M->91M(512M) 2.619ms
[2025-08-20T09:37:02.789+0000][1692007][info ][gc,cpu      ] GC(223) User=0.00s Sys=0.00s Real=0.00s
[2025-08-20T09:37:02.789+0000][1692007][info ][safepoint   ] Safepoint "G1CollectForAllocation", Time since last: 707087200009 ns, Reaching safepoint: 151739 ns, Cleanup: 3555 ns, At safepoint: 2656652 ns, Total: 2811946 ns
[2025-08-20T09:37:02.795+0000][1692007][info ][gc          ] GC(224) Concurrent Mark Cycle
[2025-08-20T09:37:02.795+0000][1692007][info ][gc,marking  ] GC(224) Concurrent Scan Root Regions
[2025-08-20T09:37:02.796+0000][1692007][info ][gc,marking  ] GC(224) Concurrent Scan Root Regions 0.432ms
[2025-08-20T09:37:02.796+0000][1692007][info ][gc,marking  ] GC(224) Concurrent Mark
[2025-08-20T09:37:02.796+0000][1692007][info ][gc,marking  ] GC(224) Concurrent Mark From Roots
[2025-08-20T09:37:02.796+0000][1692007][info ][gc,task     ] GC(224) Using 1 workers of 1 for marking
[2025-08-20T09:37:02.910+0000][1692007][info ][gc,marking  ] GC(224) Concurrent Mark From Roots 114.185ms
[2025-08-20T09:37:02.910+0000][1692007][info ][gc,marking  ] GC(224) Concurrent Preclean
[2025-08-20T09:37:02.910+0000][1692007][info ][gc,marking  ] GC(224) Concurrent Preclean 0.342ms
[2025-08-20T09:37:02.910+0000][1692007][info ][gc,start    ] GC(224) Pause Remark
[2025-08-20T09:37:02.915+0000][1692007][info ][gc          ] GC(224) Pause Remark 94M->94M(512M) 4.150ms
[2025-08-20T09:37:02.915+0000][1692007][info ][gc,cpu      ] GC(224) User=0.01s Sys=0.00s Real=0.00s
[2025-08-20T09:37:02.915+0000][1692007][info ][safepoint   ] Safepoint "G1PauseRemark", Time since last: 121629617 ns, Reaching safepoint: 4978 ns, Cleanup: 2293 ns, At safepoint: 4191099 ns, Total: 4198370 ns
[2025-08-20T09:37:02.915+0000][1692007][info ][gc,marking  ] GC(224) Concurrent Mark 118.799ms
[2025-08-20T09:37:02.915+0000][1692007][info ][gc,marking  ] GC(224) Concurrent Rebuild Remembered Sets and Scrub Regions
[2025-08-20T09:37:02.962+0000][1692007][info ][gc,marking  ] GC(224) Concurrent Rebuild Remembered Sets and Scrub Regions 47.356ms
[2025-08-20T09:37:02.962+0000][1692007][info ][gc,start    ] GC(224) Pause Cleanup
[2025-08-20T09:37:02.962+0000][1692007][info ][gc          ] GC(224) Pause Cleanup 94M->94M(512M) 0.038ms
[2025-08-20T09:37:02.962+0000][1692007][info ][gc,cpu      ] GC(224) User=0.00s Sys=0.00s Real=0.00s
[2025-08-20T09:37:02.962+0000][1692007][info ][safepoint   ] Safepoint "G1PauseCleanup", Time since last: 47402110 ns, Reaching safepoint: 3024 ns, Cleanup: 1102 ns, At safepoint: 60161 ns, Total: 64287 ns
[2025-08-20T09:37:02.962+0000][1692007][info ][gc,marking  ] GC(224) Concurrent Clear Claimed Marks
[2025-08-20T09:37:02.962+0000][1692007][info ][gc,marking  ] GC(224) Concurrent Clear Claimed Marks 0.144ms
[2025-08-20T09:37:02.962+0000][1692007][info ][gc,marking  ] GC(224) Concurrent Cleanup for Next Mark
[2025-08-20T09:37:02.970+0000][1692007][info ][gc,marking  ] GC(224) Concurrent Cleanup for Next Mark 8.030ms
[2025-08-20T09:37:02.970+0000][1692007][info ][gc          ] GC(224) Concurrent Mark Cycle 174.907ms
[2025-08-20T09:48:46.942+0000][1692007][info ][gc,start    ] GC(225) Pause Young (Normal) (G1 Evacuation Pause)
[2025-08-20T09:48:46.942+0000][1692007][info ][gc,task     ] GC(225) Using 1 workers of 1 for evacuation
[2025-08-20T09:48:46.942+0000][1692007][debug][gc,age      ] GC(225) Desired survivor size 20971520 bytes, new threshold 15 (max threshold 15)
[2025-08-20T09:48:46.945+0000][1692007][info ][gc,phases   ] GC(225)   Pre Evacuate Collection Set: 0.0ms
[2025-08-20T09:48:46.945+0000][1692007][info ][gc,phases   ] GC(225)   Merge Heap Roots: 0.0ms
[2025-08-20T09:48:46.945+0000][1692007][info ][gc,phases   ] GC(225)   Evacuate Collection Set: 1.6ms
[2025-08-20T09:48:46.945+0000][1692007][info ][gc,phases   ] GC(225)   Post Evacuate Collection Set: 1.1ms
[2025-08-20T09:48:46.945+0000][1692007][info ][gc,phases   ] GC(225)   Other: 0.0ms
[2025-08-20T09:48:46.945+0000][1692007][trace][gc,age      ] GC(225) Age table with threshold 15 (max threshold 15)
[2025-08-20T09:48:46.945+0000][1692007][trace][gc,age      ] GC(225) - age   1:      12040 bytes,      12040 total
[2025-08-20T09:48:46.945+0000][1692007][trace][gc,age      ] GC(225) - age   2:        352 bytes,      12392 total
[2025-08-20T09:48:46.945+0000][1692007][trace][gc,age      ] GC(225) - age   5:        176 bytes,      12568 total
[2025-08-20T09:48:46.945+0000][1692007][trace][gc,age      ] GC(225) - age   7:        336 bytes,      12904 total
[2025-08-20T09:48:46.945+0000][1692007][trace][gc,age      ] GC(225) - age  11:         64 bytes,      12968 total
[2025-08-20T09:48:46.945+0000][1692007][trace][gc,age      ] GC(225) - age  12:       1920 bytes,      14888 total
[2025-08-20T09:48:46.945+0000][1692007][info ][gc,heap     ] GC(225) Eden regions: 75->0(75)
[2025-08-20T09:48:46.945+0000][1692007][info ][gc,heap     ] GC(225) Survivor regions: 1->1(10)
[2025-08-20T09:48:46.945+0000][1692007][info ][gc,heap     ] GC(225) Old regions: 23->23
[2025-08-20T09:48:46.945+0000][1692007][info ][gc,heap     ] GC(225) Humongous regions: 0->0
[2025-08-20T09:48:46.945+0000][1692007][info ][gc,metaspace] GC(225) Metaspace: 141909K(147968K)->141909K(147968K) NonClass: 123095K(126720K)->123095K(126720K) Class: 18814K(21248K)->18814K(21248K)
[2025-08-20T09:48:46.945+0000][1692007][info ][gc          ] GC(225) Pause Young (Normal) (G1 Evacuation Pause) 391M->91M(512M) 3.244ms
[2025-08-20T09:48:46.945+0000][1692007][info ][gc,cpu      ] GC(225) User=0.00s Sys=0.00s Real=0.01s
[2025-08-20T09:48:46.945+0000][1692007][info ][safepoint   ] Safepoint "G1CollectForAllocation", Time since last: 703980123558 ns, Reaching safepoint: 6810 ns, Cleanup: 3235 ns, At safepoint: 3278471 ns, Total: 3288516 ns
[2025-08-20T10:00:30.765+0000][1692007][info ][gc,start    ] GC(226) Pause Young (Concurrent Start) (G1 Evacuation Pause)
[2025-08-20T10:00:30.765+0000][1692007][info ][gc,task     ] GC(226) Using 1 workers of 1 for evacuation
[2025-08-20T10:00:30.765+0000][1692007][debug][gc,age      ] GC(226) Desired survivor size 20971520 bytes, new threshold 15 (max threshold 15)
[2025-08-20T10:00:30.767+0000][1692007][info ][gc,phases   ] GC(226)   Pre Evacuate Collection Set: 0.1ms
[2025-08-20T10:00:30.767+0000][1692007][info ][gc,phases   ] GC(226)   Merge Heap Roots: 0.0ms
[2025-08-20T10:00:30.767+0000][1692007][info ][gc,phases   ] GC(226)   Evacuate Collection Set: 1.2ms
[2025-08-20T10:00:30.767+0000][1692007][info ][gc,phases   ] GC(226)   Post Evacuate Collection Set: 0.7ms
[2025-08-20T10:00:30.767+0000][1692007][info ][gc,phases   ] GC(226)   Other: 0.0ms
[2025-08-20T10:00:30.767+0000][1692007][trace][gc,age      ] GC(226) Age table with threshold 15 (max threshold 15)
[2025-08-20T10:00:30.767+0000][1692007][trace][gc,age      ] GC(226) - age   1:      11200 bytes,      11200 total
[2025-08-20T10:00:30.767+0000][1692007][trace][gc,age      ] GC(226) - age   2:       2744 bytes,      13944 total
[2025-08-20T10:00:30.767+0000][1692007][trace][gc,age      ] GC(226) - age   8:        336 bytes,      14280 total
[2025-08-20T10:00:30.767+0000][1692007][trace][gc,age      ] GC(226) - age  12:         64 bytes,      14344 total
[2025-08-20T10:00:30.767+0000][1692007][trace][gc,age      ] GC(226) - age  13:       1920 bytes,      16264 total
[2025-08-20T10:00:30.767+0000][1692007][info ][gc,heap     ] GC(226) Eden regions: 75->0(75)
[2025-08-20T10:00:30.767+0000][1692007][info ][gc,heap     ] GC(226) Survivor regions: 1->1(10)
[2025-08-20T10:00:30.767+0000][1692007][info ][gc,heap     ] GC(226) Old regions: 23->23
[2025-08-20T10:00:30.767+0000][1692007][info ][gc,heap     ] GC(226) Humongous regions: 0->0
[2025-08-20T10:00:30.767+0000][1692007][info ][gc,metaspace] GC(226) Metaspace: 141909K(147968K)->141909K(147968K) NonClass: 123095K(126720K)->123095K(126720K) Class: 18814K(21248K)->18814K(21248K)
[2025-08-20T10:00:30.767+0000][1692007][info ][gc          ] GC(226) Pause Young (Concurrent Start) (G1 Evacuation Pause) 391M->91M(512M) 2.198ms
[2025-08-20T10:00:30.767+0000][1692007][info ][gc,cpu      ] GC(226) User=0.00s Sys=0.00s Real=0.01s
[2025-08-20T10:00:30.767+0000][1692007][info ][safepoint   ] Safepoint "G1CollectForAllocation", Time since last: 703819523915 ns, Reaching safepoint: 9023 ns, Cleanup: 2514 ns, At safepoint: 2234414 ns, Total: 2245951 ns
[2025-08-20T10:00:30.773+0000][1692007][info ][gc          ] GC(227) Concurrent Mark Cycle
[2025-08-20T10:00:30.773+0000][1692007][info ][gc,marking  ] GC(227) Concurrent Scan Root Regions
[2025-08-20T10:00:30.774+0000][1692007][info ][gc,marking  ] GC(227) Concurrent Scan Root Regions 0.390ms
[2025-08-20T10:00:30.774+0000][1692007][info ][gc,marking  ] GC(227) Concurrent Mark
[2025-08-20T10:00:30.774+0000][1692007][info ][gc,marking  ] GC(227) Concurrent Mark From Roots
[2025-08-20T10:00:30.774+0000][1692007][info ][gc,task     ] GC(227) Using 1 workers of 1 for marking
[2025-08-20T10:00:30.888+0000][1692007][info ][gc,marking  ] GC(227) Concurrent Mark From Roots 114.296ms
[2025-08-20T10:00:30.888+0000][1692007][info ][gc,marking  ] GC(227) Concurrent Preclean
[2025-08-20T10:00:30.888+0000][1692007][info ][gc,marking  ] GC(227) Concurrent Preclean 0.334ms
[2025-08-20T10:00:30.888+0000][1692007][info ][gc,start    ] GC(227) Pause Remark
[2025-08-20T10:00:30.893+0000][1692007][info ][gc          ] GC(227) Pause Remark 91M->91M(512M) 4.123ms
[2025-08-20T10:00:30.893+0000][1692007][info ][gc,cpu      ] GC(227) User=0.00s Sys=0.00s Real=0.00s
[2025-08-20T10:00:30.893+0000][1692007][info ][safepoint   ] Safepoint "G1PauseRemark", Time since last: 121227033 ns, Reaching safepoint: 4987 ns, Cleanup: 3235 ns, At safepoint: 4165080 ns, Total: 4173302 ns
[2025-08-20T10:00:30.893+0000][1692007][info ][gc,marking  ] GC(227) Concurrent Mark 118.878ms
[2025-08-20T10:00:30.893+0000][1692007][info ][gc,marking  ] GC(227) Concurrent Rebuild Remembered Sets and Scrub Regions
[2025-08-20T10:00:30.944+0000][1692007][info ][gc,marking  ] GC(227) Concurrent Rebuild Remembered Sets and Scrub Regions 50.930ms
[2025-08-20T10:00:30.944+0000][1692007][info ][gc,start    ] GC(227) Pause Cleanup
[2025-08-20T10:00:30.944+0000][1692007][info ][gc          ] GC(227) Pause Cleanup 91M->91M(512M) 0.035ms
[2025-08-20T10:00:30.944+0000][1692007][info ][gc,cpu      ] GC(227) User=0.00s Sys=0.00s Real=0.00s
[2025-08-20T10:00:30.944+0000][1692007][info ][safepoint   ] Safepoint "G1PauseCleanup", Time since last: 50980024 ns, Reaching safepoint: 3455 ns, Cleanup: 1032 ns, At safepoint: 58067 ns, Total: 62554 ns
[2025-08-20T10:00:30.944+0000][1692007][info ][gc,marking  ] GC(227) Concurrent Clear Claimed Marks
[2025-08-20T10:00:30.944+0000][1692007][info ][gc,marking  ] GC(227) Concurrent Clear Claimed Marks 0.154ms
[2025-08-20T10:00:30.944+0000][1692007][info ][gc,marking  ] GC(227) Concurrent Cleanup for Next Mark
[2025-08-20T10:00:30.944+0000][1692007][info ][gc,marking  ] GC(227) Concurrent Cleanup for Next Mark 0.264ms
[2025-08-20T10:00:30.944+0000][1692007][info ][gc          ] GC(227) Concurrent Mark Cycle 170.759ms
[2025-08-20T10:12:11.172+0000][1692007][info ][gc,start    ] GC(228) Pause Young (Normal) (G1 Evacuation Pause)
[2025-08-20T10:12:11.172+0000][1692007][info ][gc,task     ] GC(228) Using 1 workers of 1 for evacuation
[2025-08-20T10:12:11.172+0000][1692007][debug][gc,age      ] GC(228) Desired survivor size 20971520 bytes, new threshold 15 (max threshold 15)
[2025-08-20T10:12:11.174+0000][1692007][info ][gc,phases   ] GC(228)   Pre Evacuate Collection Set: 0.0ms
[2025-08-20T10:12:11.174+0000][1692007][info ][gc,phases   ] GC(228)   Merge Heap Roots: 0.0ms
[2025-08-20T10:12:11.174+0000][1692007][info ][gc,phases   ] GC(228)   Evacuate Collection Set: 1.6ms
[2025-08-20T10:12:11.174+0000][1692007][info ][gc,phases   ] GC(228)   Post Evacuate Collection Set: 0.7ms
[2025-08-20T10:12:11.174+0000][1692007][info ][gc,phases   ] GC(228)   Other: 0.0ms
[2025-08-20T10:12:11.174+0000][1692007][trace][gc,age      ] GC(228) Age table with threshold 15 (max threshold 15)
[2025-08-20T10:12:11.174+0000][1692007][trace][gc,age      ] GC(228) - age   1:      11096 bytes,      11096 total
[2025-08-20T10:12:11.174+0000][1692007][trace][gc,age      ] GC(228) - age   2:        176 bytes,      11272 total
[2025-08-20T10:12:11.174+0000][1692007][trace][gc,age      ] GC(228) - age   3:       2744 bytes,      14016 total
[2025-08-20T10:12:11.174+0000][1692007][trace][gc,age      ] GC(228) - age   9:        336 bytes,      14352 total
[2025-08-20T10:12:11.174+0000][1692007][trace][gc,age      ] GC(228) - age  13:         64 bytes,      14416 total
[2025-08-20T10:12:11.174+0000][1692007][trace][gc,age      ] GC(228) - age  14:       1920 bytes,      16336 total
[2025-08-20T10:12:11.174+0000][1692007][info ][gc,heap     ] GC(228) Eden regions: 75->0(75)
[2025-08-20T10:12:11.174+0000][1692007][info ][gc,heap     ] GC(228) Survivor regions: 1->1(10)
[2025-08-20T10:12:11.174+0000][1692007][info ][gc,heap     ] GC(228) Old regions: 23->23
[2025-08-20T10:12:11.174+0000][1692007][info ][gc,heap     ] GC(228) Humongous regions: 0->0
[2025-08-20T10:12:11.174+0000][1692007][info ][gc,metaspace] GC(228) Metaspace: 141909K(147968K)->141909K(147968K) NonClass: 123095K(126720K)->123095K(126720K) Class: 18814K(21248K)->18814K(21248K)
[2025-08-20T10:12:11.174+0000][1692007][info ][gc          ] GC(228) Pause Young (Normal) (G1 Evacuation Pause) 391M->91M(512M) 2.682ms
[2025-08-20T10:12:11.174+0000][1692007][info ][gc,cpu      ] GC(228) User=0.00s Sys=0.00s Real=0.00s
[2025-08-20T10:12:11.174+0000][1692007][info ][safepoint   ] Safepoint "G1CollectForAllocation", Time since last: 700227899690 ns, Reaching safepoint: 7011 ns, Cleanup: 2484 ns, At safepoint: 2713317 ns, Total: 2722812 ns
[2025-08-20T10:22:36.215+0000][1692007][info ][safepoint   ] Safepoint "Cleanup", Time since last: 625040583540 ns, Reaching safepoint: 38187 ns, Cleanup: 9645 ns, At safepoint: 4757 ns, Total: 52589 ns
[2025-08-20T10:23:58.243+0000][1692007][info ][gc,start    ] GC(229) Pause Young (Concurrent Start) (G1 Evacuation Pause)
[2025-08-20T10:23:58.243+0000][1692007][info ][gc,task     ] GC(229) Using 1 workers of 1 for evacuation
[2025-08-20T10:23:58.243+0000][1692007][debug][gc,age      ] GC(229) Desired survivor size 20971520 bytes, new threshold 15 (max threshold 15)
[2025-08-20T10:23:58.245+0000][1692007][info ][gc,phases   ] GC(229)   Pre Evacuate Collection Set: 0.1ms
[2025-08-20T10:23:58.245+0000][1692007][info ][gc,phases   ] GC(229)   Merge Heap Roots: 0.0ms
[2025-08-20T10:23:58.245+0000][1692007][info ][gc,phases   ] GC(229)   Evacuate Collection Set: 1.2ms
[2025-08-20T10:23:58.245+0000][1692007][info ][gc,phases   ] GC(229)   Post Evacuate Collection Set: 0.7ms
[2025-08-20T10:23:58.245+0000][1692007][info ][gc,phases   ] GC(229)   Other: 0.0ms
[2025-08-20T10:23:58.245+0000][1692007][trace][gc,age      ] GC(229) Age table with threshold 15 (max threshold 15)
[2025-08-20T10:23:58.245+0000][1692007][trace][gc,age      ] GC(229) - age   1:      27168 bytes,      27168 total
[2025-08-20T10:23:58.245+0000][1692007][trace][gc,age      ] GC(229) - age   2:         72 bytes,      27240 total
[2025-08-20T10:23:58.245+0000][1692007][trace][gc,age      ] GC(229) - age   3:        176 bytes,      27416 total
[2025-08-20T10:23:58.245+0000][1692007][trace][gc,age      ] GC(229) - age   4:       2744 bytes,      30160 total
[2025-08-20T10:23:58.245+0000][1692007][trace][gc,age      ] GC(229) - age  10:        336 bytes,      30496 total
[2025-08-20T10:23:58.245+0000][1692007][trace][gc,age      ] GC(229) - age  14:         64 bytes,      30560 total
[2025-08-20T10:23:58.245+0000][1692007][trace][gc,age      ] GC(229) - age  15:       1920 bytes,      32480 total
[2025-08-20T10:23:58.245+0000][1692007][info ][gc,heap     ] GC(229) Eden regions: 75->0(75)
[2025-08-20T10:23:58.245+0000][1692007][info ][gc,heap     ] GC(229) Survivor regions: 1->1(10)
[2025-08-20T10:23:58.245+0000][1692007][info ][gc,heap     ] GC(229) Old regions: 23->23
[2025-08-20T10:23:58.245+0000][1692007][info ][gc,heap     ] GC(229) Humongous regions: 0->0
[2025-08-20T10:23:58.245+0000][1692007][info ][gc,metaspace] GC(229) Metaspace: 141909K(147968K)->141909K(147968K) NonClass: 123095K(126720K)->123095K(126720K) Class: 18814K(21248K)->18814K(21248K)
[2025-08-20T10:23:58.245+0000][1692007][info ][gc          ] GC(229) Pause Young (Concurrent Start) (G1 Evacuation Pause) 391M->91M(512M) 2.763ms
[2025-08-20T10:23:58.245+0000][1692007][info ][gc,cpu      ] GC(229) User=0.01s Sys=0.00s Real=0.01s
[2025-08-20T10:23:58.245+0000][1692007][info ][safepoint   ] Safepoint "G1CollectForAllocation", Time since last: 82027626100 ns, Reaching safepoint: 4887 ns, Cleanup: 3816 ns, At safepoint: 2799949 ns, Total: 2808652 ns
[2025-08-20T10:23:58.252+0000][1692007][info ][gc          ] GC(230) Concurrent Mark Cycle
[2025-08-20T10:23:58.252+0000][1692007][info ][gc,marking  ] GC(230) Concurrent Scan Root Regions
[2025-08-20T10:23:58.253+0000][1692007][info ][gc,marking  ] GC(230) Concurrent Scan Root Regions 0.889ms
[2025-08-20T10:23:58.253+0000][1692007][info ][gc,marking  ] GC(230) Concurrent Mark
[2025-08-20T10:23:58.253+0000][1692007][info ][gc,marking  ] GC(230) Concurrent Mark From Roots
[2025-08-20T10:23:58.253+0000][1692007][info ][gc,task     ] GC(230) Using 1 workers of 1 for marking
[2025-08-20T10:23:58.370+0000][1692007][info ][gc,marking  ] GC(230) Concurrent Mark From Roots 116.539ms
[2025-08-20T10:23:58.370+0000][1692007][info ][gc,marking  ] GC(230) Concurrent Preclean
[2025-08-20T10:23:58.370+0000][1692007][info ][gc,marking  ] GC(230) Concurrent Preclean 0.354ms
[2025-08-20T10:23:58.370+0000][1692007][info ][gc,start    ] GC(230) Pause Remark
[2025-08-20T10:23:58.374+0000][1692007][info ][gc          ] GC(230) Pause Remark 95M->95M(512M) 4.144ms
[2025-08-20T10:23:58.374+0000][1692007][info ][gc,cpu      ] GC(230) User=0.00s Sys=0.00s Real=0.00s
[2025-08-20T10:23:58.374+0000][1692007][info ][safepoint   ] Safepoint "G1PauseRemark", Time since last: 124845444 ns, Reaching safepoint: 4987 ns, Cleanup: 2534 ns, At safepoint: 4179391 ns, Total: 4186912 ns
[2025-08-20T10:23:58.374+0000][1692007][info ][gc,marking  ] GC(230) Concurrent Mark 121.158ms
[2025-08-20T10:23:58.374+0000][1692007][info ][gc,marking  ] GC(230) Concurrent Rebuild Remembered Sets and Scrub Regions
[2025-08-20T10:23:58.425+0000][1692007][info ][gc,marking  ] GC(230) Concurrent Rebuild Remembered Sets and Scrub Regions 50.663ms
[2025-08-20T10:23:58.425+0000][1692007][info ][gc,start    ] GC(230) Pause Cleanup
[2025-08-20T10:23:58.425+0000][1692007][info ][gc          ] GC(230) Pause Cleanup 95M->95M(512M) 0.036ms
[2025-08-20T10:23:58.425+0000][1692007][info ][gc,cpu      ] GC(230) User=0.00s Sys=0.00s Real=0.00s
[2025-08-20T10:23:58.425+0000][1692007][info ][safepoint   ] Safepoint "G1PauseCleanup", Time since last: 50716630 ns, Reaching safepoint: 3535 ns, Cleanup: 1532 ns, At safepoint: 58478 ns, Total: 63545 ns
[2025-08-20T10:23:58.425+0000][1692007][info ][gc,marking  ] GC(230) Concurrent Clear Claimed Marks
[2025-08-20T10:23:58.425+0000][1692007][info ][gc,marking  ] GC(230) Concurrent Clear Claimed Marks 0.145ms
[2025-08-20T10:23:58.425+0000][1692007][info ][gc,marking  ] GC(230) Concurrent Cleanup for Next Mark
[2025-08-20T10:23:58.426+0000][1692007][info ][gc,marking  ] GC(230) Concurrent Cleanup for Next Mark 0.267ms
[2025-08-20T10:23:58.426+0000][1692007][info ][gc          ] GC(230) Concurrent Mark Cycle 173.283ms
[2025-08-20T10:35:43.606+0000][1692007][info ][gc,start    ] GC(231) Pause Young (Normal) (G1 Evacuation Pause)
[2025-08-20T10:35:43.606+0000][1692007][info ][gc,task     ] GC(231) Using 1 workers of 1 for evacuation
[2025-08-20T10:35:43.606+0000][1692007][debug][gc,age      ] GC(231) Desired survivor size 20971520 bytes, new threshold 15 (max threshold 15)
[2025-08-20T10:35:43.609+0000][1692007][info ][gc,phases   ] GC(231)   Pre Evacuate Collection Set: 0.0ms
[2025-08-20T10:35:43.609+0000][1692007][info ][gc,phases   ] GC(231)   Merge Heap Roots: 0.1ms
[2025-08-20T10:35:43.609+0000][1692007][info ][gc,phases   ] GC(231)   Evacuate Collection Set: 1.6ms
[2025-08-20T10:35:43.609+0000][1692007][info ][gc,phases   ] GC(231)   Post Evacuate Collection Set: 0.8ms
[2025-08-20T10:35:43.609+0000][1692007][info ][gc,phases   ] GC(231)   Other: 0.0ms
[2025-08-20T10:35:43.609+0000][1692007][trace][gc,age      ] GC(231) Age table with threshold 15 (max threshold 15)
[2025-08-20T10:35:43.609+0000][1692007][trace][gc,age      ] GC(231) - age   1:      26816 bytes,      26816 total
[2025-08-20T10:35:43.609+0000][1692007][trace][gc,age      ] GC(231) - age   2:        352 bytes,      27168 total
[2025-08-20T10:35:43.609+0000][1692007][trace][gc,age      ] GC(231) - age   3:         72 bytes,      27240 total
[2025-08-20T10:35:43.609+0000][1692007][trace][gc,age      ] GC(231) - age   4:        176 bytes,      27416 total
[2025-08-20T10:35:43.609+0000][1692007][trace][gc,age      ] GC(231) - age   5:       2744 bytes,      30160 total
[2025-08-20T10:35:43.609+0000][1692007][trace][gc,age      ] GC(231) - age  11:        336 bytes,      30496 total
[2025-08-20T10:35:43.609+0000][1692007][trace][gc,age      ] GC(231) - age  15:         64 bytes,      30560 total
[2025-08-20T10:35:43.609+0000][1692007][info ][gc,heap     ] GC(231) Eden regions: 75->0(75)
[2025-08-20T10:35:43.609+0000][1692007][info ][gc,heap     ] GC(231) Survivor regions: 1->1(10)
[2025-08-20T10:35:43.609+0000][1692007][info ][gc,heap     ] GC(231) Old regions: 23->23
[2025-08-20T10:35:43.609+0000][1692007][info ][gc,heap     ] GC(231) Humongous regions: 0->0
[2025-08-20T10:35:43.609+0000][1692007][info ][gc,metaspace] GC(231) Metaspace: 141909K(147968K)->141909K(147968K) NonClass: 123095K(126720K)->123095K(126720K) Class: 18814K(21248K)->18814K(21248K)
[2025-08-20T10:35:43.609+0000][1692007][info ][gc          ] GC(231) Pause Young (Normal) (G1 Evacuation Pause) 391M->91M(512M) 3.047ms
[2025-08-20T10:35:43.609+0000][1692007][info ][gc,cpu      ] GC(231) User=0.00s Sys=0.00s Real=0.00s
[2025-08-20T10:35:43.609+0000][1692007][info ][safepoint   ] Safepoint "G1CollectForAllocation", Time since last: 705180571105 ns, Reaching safepoint: 7751 ns, Cleanup: 3556 ns, At safepoint: 3078829 ns, Total: 3090136 ns
[2025-08-20T10:42:04.633+0000][1692007][info ][safepoint   ] Safepoint "Cleanup", Time since last: 381023636741 ns, Reaching safepoint: 42614 ns, Cleanup: 10747 ns, At safepoint: 2223 ns, Total: 55584 ns
[2025-08-20T10:47:30.190+0000][1692007][info ][gc,start    ] GC(232) Pause Young (Concurrent Start) (G1 Evacuation Pause)
[2025-08-20T10:47:30.191+0000][1692007][info ][gc,task     ] GC(232) Using 1 workers of 1 for evacuation
[2025-08-20T10:47:30.191+0000][1692007][debug][gc,age      ] GC(232) Desired survivor size 20971520 bytes, new threshold 15 (max threshold 15)
[2025-08-20T10:47:30.193+0000][1692007][info ][gc,phases   ] GC(232)   Pre Evacuate Collection Set: 0.0ms
[2025-08-20T10:47:30.193+0000][1692007][info ][gc,phases   ] GC(232)   Merge Heap Roots: 0.0ms
[2025-08-20T10:47:30.193+0000][1692007][info ][gc,phases   ] GC(232)   Evacuate Collection Set: 1.2ms
[2025-08-20T10:47:30.193+0000][1692007][info ][gc,phases   ] GC(232)   Post Evacuate Collection Set: 0.7ms
[2025-08-20T10:47:30.193+0000][1692007][info ][gc,phases   ] GC(232)   Other: 0.0ms
[2025-08-20T10:47:30.193+0000][1692007][trace][gc,age      ] GC(232) Age table with threshold 15 (max threshold 15)
[2025-08-20T10:47:30.193+0000][1692007][trace][gc,age      ] GC(232) - age   1:       9520 bytes,       9520 total
[2025-08-20T10:47:30.193+0000][1692007][trace][gc,age      ] GC(232) - age   4:         72 bytes,       9592 total
[2025-08-20T10:47:30.193+0000][1692007][trace][gc,age      ] GC(232) - age   5:        176 bytes,       9768 total
[2025-08-20T10:47:30.193+0000][1692007][trace][gc,age      ] GC(232) - age   6:       2744 bytes,      12512 total
[2025-08-20T10:47:30.193+0000][1692007][trace][gc,age      ] GC(232) - age  12:        336 bytes,      12848 total
[2025-08-20T10:47:30.193+0000][1692007][info ][gc,heap     ] GC(232) Eden regions: 75->0(75)
[2025-08-20T10:47:30.193+0000][1692007][info ][gc,heap     ] GC(232) Survivor regions: 1->1(10)
[2025-08-20T10:47:30.193+0000][1692007][info ][gc,heap     ] GC(232) Old regions: 23->23
[2025-08-20T10:47:30.193+0000][1692007][info ][gc,heap     ] GC(232) Humongous regions: 0->0
[2025-08-20T10:47:30.193+0000][1692007][info ][gc,metaspace] GC(232) Metaspace: 141925K(147968K)->141925K(147968K) NonClass: 123111K(126720K)->123111K(126720K) Class: 18814K(21248K)->18814K(21248K)
[2025-08-20T10:47:30.193+0000][1692007][info ][gc          ] GC(232) Pause Young (Concurrent Start) (G1 Evacuation Pause) 391M->91M(512M) 2.599ms
[2025-08-20T10:47:30.193+0000][1692007][info ][gc,cpu      ] GC(232) User=0.00s Sys=0.00s Real=0.00s
[2025-08-20T10:47:30.193+0000][1692007][info ][safepoint   ] Safepoint "G1CollectForAllocation", Time since last: 325557894230 ns, Reaching safepoint: 8063 ns, Cleanup: 2914 ns, At safepoint: 2634749 ns, Total: 2645726 ns
[2025-08-20T10:47:30.199+0000][1692007][info ][gc          ] GC(233) Concurrent Mark Cycle
[2025-08-20T10:47:30.199+0000][1692007][info ][gc,marking  ] GC(233) Concurrent Scan Root Regions
[2025-08-20T10:47:30.200+0000][1692007][info ][gc,marking  ] GC(233) Concurrent Scan Root Regions 0.398ms
[2025-08-20T10:47:30.200+0000][1692007][info ][gc,marking  ] GC(233) Concurrent Mark
[2025-08-20T10:47:30.200+0000][1692007][info ][gc,marking  ] GC(233) Concurrent Mark From Roots
[2025-08-20T10:47:30.200+0000][1692007][info ][gc,task     ] GC(233) Using 1 workers of 1 for marking
[2025-08-20T10:47:30.321+0000][1692007][info ][gc,marking  ] GC(233) Concurrent Mark From Roots 121.270ms
[2025-08-20T10:47:30.321+0000][1692007][info ][gc,marking  ] GC(233) Concurrent Preclean
[2025-08-20T10:47:30.321+0000][1692007][info ][gc,marking  ] GC(233) Concurrent Preclean 0.382ms
[2025-08-20T10:47:30.322+0000][1692007][info ][gc,start    ] GC(233) Pause Remark
[2025-08-20T10:47:30.326+0000][1692007][info ][gc          ] GC(233) Pause Remark 92M->92M(512M) 4.242ms
[2025-08-20T10:47:30.326+0000][1692007][info ][gc,cpu      ] GC(233) User=0.00s Sys=0.00s Real=0.01s
[2025-08-20T10:47:30.326+0000][1692007][info ][safepoint   ] Safepoint "G1PauseRemark", Time since last: 128398744 ns, Reaching safepoint: 5278 ns, Cleanup: 2875 ns, At safepoint: 4274756 ns, Total: 4282909 ns
[2025-08-20T10:47:30.326+0000][1692007][info ][gc,marking  ] GC(233) Concurrent Mark 126.008ms
[2025-08-20T10:47:30.326+0000][1692007][info ][gc,marking  ] GC(233) Concurrent Rebuild Remembered Sets and Scrub Regions
[2025-08-20T10:47:30.373+0000][1692007][info ][gc,marking  ] GC(233) Concurrent Rebuild Remembered Sets and Scrub Regions 47.623ms
[2025-08-20T10:47:30.373+0000][1692007][info ][gc,start    ] GC(233) Pause Cleanup
[2025-08-20T10:47:30.373+0000][1692007][info ][gc          ] GC(233) Pause Cleanup 92M->92M(512M) 0.037ms
[2025-08-20T10:47:30.374+0000][1692007][info ][gc,cpu      ] GC(233) User=0.00s Sys=0.00s Real=0.00s
[2025-08-20T10:47:30.374+0000][1692007][info ][safepoint   ] Safepoint "G1PauseCleanup", Time since last: 47674410 ns, Reaching safepoint: 4497 ns, Cleanup: 1812 ns, At safepoint: 59961 ns, Total: 66270 ns
[2025-08-20T10:47:30.374+0000][1692007][info ][gc,marking  ] GC(233) Concurrent Clear Claimed Marks
[2025-08-20T10:47:30.374+0000][1692007][info ][gc,marking  ] GC(233) Concurrent Clear Claimed Marks 0.141ms
[2025-08-20T10:47:30.374+0000][1692007][info ][gc,marking  ] GC(233) Concurrent Cleanup for Next Mark
[2025-08-20T10:47:30.374+0000][1692007][info ][gc,marking  ] GC(233) Concurrent Cleanup for Next Mark 0.257ms
[2025-08-20T10:47:30.374+0000][1692007][info ][gc          ] GC(233) Concurrent Mark Cycle 174.572ms
[2025-08-20T10:59:12.904+0000][1692007][info ][gc,start    ] GC(234) Pause Young (Normal) (G1 Evacuation Pause)
[2025-08-20T10:59:12.904+0000][1692007][info ][gc,task     ] GC(234) Using 1 workers of 1 for evacuation
[2025-08-20T10:59:12.904+0000][1692007][debug][gc,age      ] GC(234) Desired survivor size 20971520 bytes, new threshold 15 (max threshold 15)
[2025-08-20T10:59:12.907+0000][1692007][info ][gc,phases   ] GC(234)   Pre Evacuate Collection Set: 0.0ms
[2025-08-20T10:59:12.907+0000][1692007][info ][gc,phases   ] GC(234)   Merge Heap Roots: 0.0ms
[2025-08-20T10:59:12.907+0000][1692007][info ][gc,phases   ] GC(234)   Evacuate Collection Set: 1.6ms
[2025-08-20T10:59:12.907+0000][1692007][info ][gc,phases   ] GC(234)   Post Evacuate Collection Set: 1.0ms
[2025-08-20T10:59:12.907+0000][1692007][info ][gc,phases   ] GC(234)   Other: 0.3ms
[2025-08-20T10:59:12.907+0000][1692007][trace][gc,age      ] GC(234) Age table with threshold 15 (max threshold 15)
[2025-08-20T10:59:12.907+0000][1692007][trace][gc,age      ] GC(234) - age   1:      11224 bytes,      11224 total
[2025-08-20T10:59:12.907+0000][1692007][trace][gc,age      ] GC(234) - age   5:         72 bytes,      11296 total
[2025-08-20T10:59:12.907+0000][1692007][trace][gc,age      ] GC(234) - age   7:       2744 bytes,      14040 total
[2025-08-20T10:59:12.907+0000][1692007][trace][gc,age      ] GC(234) - age  13:        336 bytes,      14376 total
[2025-08-20T10:59:12.907+0000][1692007][info ][gc,heap     ] GC(234) Eden regions: 75->0(75)
[2025-08-20T10:59:12.907+0000][1692007][info ][gc,heap     ] GC(234) Survivor regions: 1->1(10)
[2025-08-20T10:59:12.907+0000][1692007][info ][gc,heap     ] GC(234) Old regions: 23->23
[2025-08-20T10:59:12.907+0000][1692007][info ][gc,heap     ] GC(234) Humongous regions: 0->0
[2025-08-20T10:59:12.907+0000][1692007][info ][gc,metaspace] GC(234) Metaspace: 141927K(147968K)->141927K(147968K) NonClass: 123112K(126720K)->123112K(126720K) Class: 18814K(21248K)->18814K(21248K)
[2025-08-20T10:59:12.907+0000][1692007][info ][gc          ] GC(234) Pause Young (Normal) (G1 Evacuation Pause) 391M->91M(512M) 3.213ms
[2025-08-20T10:59:12.907+0000][1692007][info ][gc,cpu      ] GC(234) User=0.00s Sys=0.00s Real=0.01s
[2025-08-20T10:59:12.907+0000][1692007][info ][safepoint   ] Safepoint "G1CollectForAllocation", Time since last: 702530401915 ns, Reaching safepoint: 7261 ns, Cleanup: 2695 ns, At safepoint: 3246623 ns, Total: 3256579 ns
[2025-08-20T11:10:58.326+0000][1692007][info ][gc,start    ] GC(235) Pause Young (Concurrent Start) (G1 Evacuation Pause)
[2025-08-20T11:10:58.327+0000][1692007][info ][gc,task     ] GC(235) Using 1 workers of 1 for evacuation
[2025-08-20T11:10:58.327+0000][1692007][debug][gc,age      ] GC(235) Desired survivor size 20971520 bytes, new threshold 15 (max threshold 15)
[2025-08-20T11:10:58.329+0000][1692007][info ][gc,phases   ] GC(235)   Pre Evacuate Collection Set: 0.0ms
[2025-08-20T11:10:58.329+0000][1692007][info ][gc,phases   ] GC(235)   Merge Heap Roots: 0.0ms
[2025-08-20T11:10:58.329+0000][1692007][info ][gc,phases   ] GC(235)   Evacuate Collection Set: 1.2ms
[2025-08-20T11:10:58.329+0000][1692007][info ][gc,phases   ] GC(235)   Post Evacuate Collection Set: 1.1ms
[2025-08-20T11:10:58.329+0000][1692007][info ][gc,phases   ] GC(235)   Other: 0.1ms
[2025-08-20T11:10:58.329+0000][1692007][trace][gc,age      ] GC(235) Age table with threshold 15 (max threshold 15)
[2025-08-20T11:10:58.329+0000][1692007][trace][gc,age      ] GC(235) - age   1:      11424 bytes,      11424 total
[2025-08-20T11:10:58.329+0000][1692007][trace][gc,age      ] GC(235) - age   2:        176 bytes,      11600 total
[2025-08-20T11:10:58.329+0000][1692007][trace][gc,age      ] GC(235) - age   6:         72 bytes,      11672 total
[2025-08-20T11:10:58.329+0000][1692007][trace][gc,age      ] GC(235) - age   8:       2744 bytes,      14416 total
[2025-08-20T11:10:58.329+0000][1692007][trace][gc,age      ] GC(235) - age  14:        336 bytes,      14752 total
[2025-08-20T11:10:58.329+0000][1692007][info ][gc,heap     ] GC(235) Eden regions: 75->0(75)
[2025-08-20T11:10:58.329+0000][1692007][info ][gc,heap     ] GC(235) Survivor regions: 1->1(10)
[2025-08-20T11:10:58.329+0000][1692007][info ][gc,heap     ] GC(235) Old regions: 23->23
[2025-08-20T11:10:58.329+0000][1692007][info ][gc,heap     ] GC(235) Humongous regions: 0->0
[2025-08-20T11:10:58.329+0000][1692007][info ][gc,metaspace] GC(235) Metaspace: 141930K(147968K)->141930K(147968K) NonClass: 123116K(126720K)->123116K(126720K) Class: 18814K(21248K)->18814K(21248K)
[2025-08-20T11:10:58.329+0000][1692007][info ][gc          ] GC(235) Pause Young (Concurrent Start) (G1 Evacuation Pause) 391M->91M(512M) 2.578ms
[2025-08-20T11:10:58.329+0000][1692007][info ][gc,cpu      ] GC(235) User=0.01s Sys=0.00s Real=0.00s
[2025-08-20T11:10:58.329+0000][1692007][info ][safepoint   ] Safepoint "G1CollectForAllocation", Time since last: 705419233508 ns, Reaching safepoint: 4557 ns, Cleanup: 2674 ns, At safepoint: 2613828 ns, Total: 2621059 ns
[2025-08-20T11:10:58.335+0000][1692007][info ][gc          ] GC(236) Concurrent Mark Cycle
[2025-08-20T11:10:58.335+0000][1692007][info ][gc,marking  ] GC(236) Concurrent Scan Root Regions
[2025-08-20T11:10:58.336+0000][1692007][info ][gc,marking  ] GC(236) Concurrent Scan Root Regions 0.380ms
[2025-08-20T11:10:58.336+0000][1692007][info ][gc,marking  ] GC(236) Concurrent Mark
[2025-08-20T11:10:58.336+0000][1692007][info ][gc,marking  ] GC(236) Concurrent Mark From Roots
[2025-08-20T11:10:58.336+0000][1692007][info ][gc,task     ] GC(236) Using 1 workers of 1 for marking
[2025-08-20T11:10:58.460+0000][1692007][info ][gc,marking  ] GC(236) Concurrent Mark From Roots 123.931ms
[2025-08-20T11:10:58.460+0000][1692007][info ][gc,marking  ] GC(236) Concurrent Preclean
[2025-08-20T11:10:58.460+0000][1692007][info ][gc,marking  ] GC(236) Concurrent Preclean 0.378ms
[2025-08-20T11:10:58.460+0000][1692007][info ][gc,start    ] GC(236) Pause Remark
[2025-08-20T11:10:58.464+0000][1692007][info ][gc          ] GC(236) Pause Remark 91M->91M(512M) 4.175ms
[2025-08-20T11:10:58.464+0000][1692007][info ][gc,cpu      ] GC(236) User=0.01s Sys=0.00s Real=0.00s
[2025-08-20T11:10:58.464+0000][1692007][info ][safepoint   ] Safepoint "G1PauseRemark", Time since last: 131101431 ns, Reaching safepoint: 5118 ns, Cleanup: 3104 ns, At safepoint: 4209587 ns, Total: 4217809 ns
[2025-08-20T11:10:58.464+0000][1692007][info ][gc,marking  ] GC(236) Concurrent Mark 128.604ms
[2025-08-20T11:10:58.464+0000][1692007][info ][gc,marking  ] GC(236) Concurrent Rebuild Remembered Sets and Scrub Regions
[2025-08-20T11:10:58.502+0000][1692007][info ][gc,marking  ] GC(236) Concurrent Rebuild Remembered Sets and Scrub Regions 37.441ms
[2025-08-20T11:10:58.502+0000][1692007][info ][gc,start    ] GC(236) Pause Cleanup
[2025-08-20T11:10:58.502+0000][1692007][info ][gc          ] GC(236) Pause Cleanup 91M->91M(512M) 0.030ms
[2025-08-20T11:10:58.502+0000][1692007][info ][gc,cpu      ] GC(236) User=0.00s Sys=0.00s Real=0.00s
[2025-08-20T11:10:58.502+0000][1692007][info ][safepoint   ] Safepoint "G1PauseCleanup", Time since last: 37488013 ns, Reaching safepoint: 2824 ns, Cleanup: 1081 ns, At safepoint: 50106 ns, Total: 54011 ns
[2025-08-20T11:10:58.502+0000][1692007][info ][gc,marking  ] GC(236) Concurrent Clear Claimed Marks
[2025-08-20T11:10:58.502+0000][1692007][info ][gc,marking  ] GC(236) Concurrent Clear Claimed Marks 0.136ms
[2025-08-20T11:10:58.502+0000][1692007][info ][gc,marking  ] GC(236) Concurrent Cleanup for Next Mark
[2025-08-20T11:10:58.516+0000][1692007][info ][gc,marking  ] GC(236) Concurrent Cleanup for Next Mark 14.425ms
[2025-08-20T11:10:58.516+0000][1692007][info ][gc          ] GC(236) Concurrent Mark Cycle 181.118ms
[2025-08-20T11:20:54.546+0000][1692007][info ][safepoint   ] Safepoint "Cleanup", Time since last: 596044209393 ns, Reaching safepoint: 42324 ns, Cleanup: 10957 ns, At safepoint: 5137 ns, Total: 58418 ns
[2025-08-20T11:22:08.552+0000][1692007][info ][safepoint   ] Safepoint "Cleanup", Time since last: 74005229335 ns, Reaching safepoint: 363539 ns, Cleanup: 10496 ns, At safepoint: 4978 ns, Total: 379013 ns
[2025-08-20T11:22:43.716+0000][1692007][info ][gc,start    ] GC(237) Pause Young (Normal) (G1 Evacuation Pause)
[2025-08-20T11:22:43.716+0000][1692007][info ][gc,task     ] GC(237) Using 1 workers of 1 for evacuation
[2025-08-20T11:22:43.716+0000][1692007][debug][gc,age      ] GC(237) Desired survivor size 20971520 bytes, new threshold 15 (max threshold 15)
[2025-08-20T11:22:43.718+0000][1692007][info ][gc,phases   ] GC(237)   Pre Evacuate Collection Set: 0.0ms
[2025-08-20T11:22:43.718+0000][1692007][info ][gc,phases   ] GC(237)   Merge Heap Roots: 0.0ms
[2025-08-20T11:22:43.718+0000][1692007][info ][gc,phases   ] GC(237)   Evacuate Collection Set: 1.6ms
[2025-08-20T11:22:43.718+0000][1692007][info ][gc,phases   ] GC(237)   Post Evacuate Collection Set: 1.0ms
[2025-08-20T11:22:43.718+0000][1692007][info ][gc,phases   ] GC(237)   Other: 0.0ms
[2025-08-20T11:22:43.718+0000][1692007][trace][gc,age      ] GC(237) Age table with threshold 15 (max threshold 15)
[2025-08-20T11:22:43.718+0000][1692007][trace][gc,age      ] GC(237) - age   1:      11456 bytes,      11456 total
[2025-08-20T11:22:43.718+0000][1692007][trace][gc,age      ] GC(237) - age   2:        456 bytes,      11912 total
[2025-08-20T11:22:43.718+0000][1692007][trace][gc,age      ] GC(237) - age   3:        176 bytes,      12088 total
[2025-08-20T11:22:43.718+0000][1692007][trace][gc,age      ] GC(237) - age   7:         72 bytes,      12160 total
[2025-08-20T11:22:43.718+0000][1692007][trace][gc,age      ] GC(237) - age   9:       2744 bytes,      14904 total
[2025-08-20T11:22:43.718+0000][1692007][trace][gc,age      ] GC(237) - age  15:        336 bytes,      15240 total
[2025-08-20T11:22:43.718+0000][1692007][info ][gc,heap     ] GC(237) Eden regions: 75->0(75)
[2025-08-20T11:22:43.718+0000][1692007][info ][gc,heap     ] GC(237) Survivor regions: 1->1(10)
[2025-08-20T11:22:43.718+0000][1692007][info ][gc,heap     ] GC(237) Old regions: 23->23
[2025-08-20T11:22:43.718+0000][1692007][info ][gc,heap     ] GC(237) Humongous regions: 0->0
[2025-08-20T11:22:43.718+0000][1692007][info ][gc,metaspace] GC(237) Metaspace: 141933K(147968K)->141933K(147968K) NonClass: 123118K(126720K)->123118K(126720K) Class: 18814K(21248K)->18814K(21248K)
[2025-08-20T11:22:43.718+0000][1692007][info ][gc          ] GC(237) Pause Young (Normal) (G1 Evacuation Pause) 391M->91M(512M) 2.816ms
[2025-08-20T11:22:43.718+0000][1692007][info ][gc,cpu      ] GC(237) User=0.01s Sys=0.00s Real=0.00s
[2025-08-20T11:22:43.718+0000][1692007][info ][safepoint   ] Safepoint "G1CollectForAllocation", Time since last: 35163743302 ns, Reaching safepoint: 6961 ns, Cleanup: 2644 ns, At safepoint: 2854741 ns, Total: 2864346 ns
[2025-08-20T11:27:38.736+0000][1692007][info ][safepoint   ] Safepoint "Cleanup", Time since last: 295018002419 ns, Reaching safepoint: 42484 ns, Cleanup: 9986 ns, At safepoint: 1872 ns, Total: 54342 ns
[2025-08-20T11:34:31.020+0000][1692007][info ][gc,start    ] GC(238) Pause Young (Concurrent Start) (G1 Evacuation Pause)
[2025-08-20T11:34:31.020+0000][1692007][info ][gc,task     ] GC(238) Using 1 workers of 1 for evacuation
[2025-08-20T11:34:31.020+0000][1692007][debug][gc,age      ] GC(238) Desired survivor size 20971520 bytes, new threshold 15 (max threshold 15)
[2025-08-20T11:34:31.022+0000][1692007][info ][gc,phases   ] GC(238)   Pre Evacuate Collection Set: 0.0ms
[2025-08-20T11:34:31.022+0000][1692007][info ][gc,phases   ] GC(238)   Merge Heap Roots: 0.0ms
[2025-08-20T11:34:31.022+0000][1692007][info ][gc,phases   ] GC(238)   Evacuate Collection Set: 1.2ms
[2025-08-20T11:34:31.022+0000][1692007][info ][gc,phases   ] GC(238)   Post Evacuate Collection Set: 0.7ms
[2025-08-20T11:34:31.022+0000][1692007][info ][gc,phases   ] GC(238)   Other: 0.0ms
[2025-08-20T11:34:31.022+0000][1692007][trace][gc,age      ] GC(238) Age table with threshold 15 (max threshold 15)
[2025-08-20T11:34:31.022+0000][1692007][trace][gc,age      ] GC(238) - age   1:       9312 bytes,       9312 total
[2025-08-20T11:34:31.022+0000][1692007][trace][gc,age      ] GC(238) - age   2:        784 bytes,      10096 total
[2025-08-20T11:34:31.022+0000][1692007][trace][gc,age      ] GC(238) - age   3:        456 bytes,      10552 total
[2025-08-20T11:34:31.022+0000][1692007][trace][gc,age      ] GC(238) - age   4:        176 bytes,      10728 total
[2025-08-20T11:34:31.022+0000][1692007][trace][gc,age      ] GC(238) - age   8:         72 bytes,      10800 total
[2025-08-20T11:34:31.022+0000][1692007][trace][gc,age      ] GC(238) - age  10:       2744 bytes,      13544 total
[2025-08-20T11:34:31.022+0000][1692007][info ][gc,heap     ] GC(238) Eden regions: 75->0(75)
[2025-08-20T11:34:31.022+0000][1692007][info ][gc,heap     ] GC(238) Survivor regions: 1->1(10)
[2025-08-20T11:34:31.022+0000][1692007][info ][gc,heap     ] GC(238) Old regions: 23->23
[2025-08-20T11:34:31.022+0000][1692007][info ][gc,heap     ] GC(238) Humongous regions: 0->0
[2025-08-20T11:34:31.022+0000][1692007][info ][gc,metaspace] GC(238) Metaspace: 141933K(147968K)->141933K(147968K) NonClass: 123118K(126720K)->123118K(126720K) Class: 18814K(21248K)->18814K(21248K)
[2025-08-20T11:34:31.022+0000][1692007][info ][gc          ] GC(238) Pause Young (Concurrent Start) (G1 Evacuation Pause) 391M->91M(512M) 2.552ms
[2025-08-20T11:34:31.022+0000][1692007][info ][gc,cpu      ] GC(238) User=0.00s Sys=0.00s Real=0.00s
[2025-08-20T11:34:31.022+0000][1692007][info ][safepoint   ] Safepoint "G1CollectForAllocation", Time since last: 412282955182 ns, Reaching safepoint: 334976 ns, Cleanup: 3525 ns, At safepoint: 2589090 ns, Total: 2927591 ns
[2025-08-20T11:34:31.028+0000][1692007][info ][gc          ] GC(239) Concurrent Mark Cycle
[2025-08-20T11:34:31.028+0000][1692007][info ][gc,marking  ] GC(239) Concurrent Scan Root Regions
[2025-08-20T11:34:31.029+0000][1692007][info ][gc,marking  ] GC(239) Concurrent Scan Root Regions 0.671ms
[2025-08-20T11:34:31.029+0000][1692007][info ][gc,marking  ] GC(239) Concurrent Mark
[2025-08-20T11:34:31.029+0000][1692007][info ][gc,marking  ] GC(239) Concurrent Mark From Roots
[2025-08-20T11:34:31.029+0000][1692007][info ][gc,task     ] GC(239) Using 1 workers of 1 for marking
[2025-08-20T11:34:31.148+0000][1692007][info ][gc,marking  ] GC(239) Concurrent Mark From Roots 118.826ms
[2025-08-20T11:34:31.148+0000][1692007][info ][gc,marking  ] GC(239) Concurrent Preclean
[2025-08-20T11:34:31.148+0000][1692007][info ][gc,marking  ] GC(239) Concurrent Preclean 0.345ms
[2025-08-20T11:34:31.148+0000][1692007][info ][gc,start    ] GC(239) Pause Remark
[2025-08-20T11:34:31.153+0000][1692007][info ][gc          ] GC(239) Pause Remark 93M->93M(512M) 4.213ms
[2025-08-20T11:34:31.153+0000][1692007][info ][gc,cpu      ] GC(239) User=0.01s Sys=0.00s Real=0.00s
[2025-08-20T11:34:31.153+0000][1692007][info ][safepoint   ] Safepoint "G1PauseRemark", Time since last: 125976407 ns, Reaching safepoint: 5028 ns, Cleanup: 3104 ns, At safepoint: 4250920 ns, Total: 4259052 ns
[2025-08-20T11:34:31.153+0000][1692007][info ][gc,marking  ] GC(239) Concurrent Mark 123.504ms
[2025-08-20T11:34:31.153+0000][1692007][info ][gc,marking  ] GC(239) Concurrent Rebuild Remembered Sets and Scrub Regions
[2025-08-20T11:34:31.202+0000][1692007][info ][gc,marking  ] GC(239) Concurrent Rebuild Remembered Sets and Scrub Regions 49.347ms
[2025-08-20T11:34:31.202+0000][1692007][info ][gc,start    ] GC(239) Pause Cleanup
[2025-08-20T11:34:31.202+0000][1692007][info ][gc          ] GC(239) Pause Cleanup 93M->93M(512M) 0.035ms
[2025-08-20T11:34:31.202+0000][1692007][info ][gc,cpu      ] GC(239) User=0.00s Sys=0.00s Real=0.00s
[2025-08-20T11:34:31.202+0000][1692007][info ][safepoint   ] Safepoint "G1PauseCleanup", Time since last: 49397676 ns, Reaching safepoint: 3204 ns, Cleanup: 882 ns, At safepoint: 57346 ns, Total: 61432 ns
[2025-08-20T11:34:31.202+0000][1692007][info ][gc,marking  ] GC(239) Concurrent Clear Claimed Marks
[2025-08-20T11:34:31.202+0000][1692007][info ][gc,marking  ] GC(239) Concurrent Clear Claimed Marks 0.173ms
[2025-08-20T11:34:31.202+0000][1692007][info ][gc,marking  ] GC(239) Concurrent Cleanup for Next Mark
[2025-08-20T11:34:31.202+0000][1692007][info ][gc,marking  ] GC(239) Concurrent Cleanup for Next Mark 0.271ms
[2025-08-20T11:34:31.202+0000][1692007][info ][gc          ] GC(239) Concurrent Mark Cycle 174.111ms
[2025-08-20T11:46:17.408+0000][1692007][info ][gc,start    ] GC(240) Pause Young (Normal) (G1 Evacuation Pause)
[2025-08-20T11:46:17.408+0000][1692007][info ][gc,task     ] GC(240) Using 1 workers of 1 for evacuation
[2025-08-20T11:46:17.408+0000][1692007][debug][gc,age      ] GC(240) Desired survivor size 20971520 bytes, new threshold 15 (max threshold 15)
[2025-08-20T11:46:17.410+0000][1692007][info ][gc,phases   ] GC(240)   Pre Evacuate Collection Set: 0.0ms
[2025-08-20T11:46:17.410+0000][1692007][info ][gc,phases   ] GC(240)   Merge Heap Roots: 0.0ms
[2025-08-20T11:46:17.410+0000][1692007][info ][gc,phases   ] GC(240)   Evacuate Collection Set: 1.6ms
[2025-08-20T11:46:17.410+0000][1692007][info ][gc,phases   ] GC(240)   Post Evacuate Collection Set: 0.7ms
[2025-08-20T11:46:17.410+0000][1692007][info ][gc,phases   ] GC(240)   Other: 0.0ms
[2025-08-20T11:46:17.410+0000][1692007][trace][gc,age      ] GC(240) Age table with threshold 15 (max threshold 15)
[2025-08-20T11:46:17.410+0000][1692007][trace][gc,age      ] GC(240) - age   1:      30856 bytes,      30856 total
[2025-08-20T11:46:17.410+0000][1692007][trace][gc,age      ] GC(240) - age   3:        432 bytes,      31288 total
[2025-08-20T11:46:17.410+0000][1692007][trace][gc,age      ] GC(240) - age   4:        456 bytes,      31744 total
[2025-08-20T11:46:17.410+0000][1692007][trace][gc,age      ] GC(240) - age   5:        176 bytes,      31920 total
[2025-08-20T11:46:17.410+0000][1692007][trace][gc,age      ] GC(240) - age   9:         72 bytes,      31992 total
[2025-08-20T11:46:17.410+0000][1692007][trace][gc,age      ] GC(240) - age  11:       2744 bytes,      34736 total
[2025-08-20T11:46:17.410+0000][1692007][info ][gc,heap     ] GC(240) Eden regions: 75->0(75)
[2025-08-20T11:46:17.410+0000][1692007][info ][gc,heap     ] GC(240) Survivor regions: 1->1(10)
[2025-08-20T11:46:17.410+0000][1692007][info ][gc,heap     ] GC(240) Old regions: 23->23
[2025-08-20T11:46:17.410+0000][1692007][info ][gc,heap     ] GC(240) Humongous regions: 0->0
[2025-08-20T11:46:17.410+0000][1692007][info ][gc,metaspace] GC(240) Metaspace: 141933K(147968K)->141933K(147968K) NonClass: 123118K(126720K)->123118K(126720K) Class: 18814K(21248K)->18814K(21248K)
[2025-08-20T11:46:17.411+0000][1692007][info ][gc          ] GC(240) Pause Young (Normal) (G1 Evacuation Pause) 391M->91M(512M) 2.964ms
[2025-08-20T11:46:17.411+0000][1692007][info ][gc,cpu      ] GC(240) User=0.01s Sys=0.00s Real=0.00s
[2025-08-20T11:46:17.411+0000][1692007][info ][safepoint   ] Safepoint "G1CollectForAllocation", Time since last: 706205508758 ns, Reaching safepoint: 9815 ns, Cleanup: 3635 ns, At safepoint: 2999059 ns, Total: 3012509 ns
[2025-08-20T11:50:25.425+0000][1692007][info ][safepoint   ] Safepoint "Cleanup", Time since last: 248014797030 ns, Reaching safepoint: 44337 ns, Cleanup: 10966 ns, At safepoint: 8163 ns, Total: 63466 ns
[2025-08-20T11:58:03.265+0000][1692007][info ][gc,start    ] GC(241) Pause Young (Concurrent Start) (G1 Evacuation Pause)
[2025-08-20T11:58:03.266+0000][1692007][info ][gc,task     ] GC(241) Using 1 workers of 1 for evacuation
[2025-08-20T11:58:03.266+0000][1692007][debug][gc,age      ] GC(241) Desired survivor size 20971520 bytes, new threshold 15 (max threshold 15)
[2025-08-20T11:58:03.268+0000][1692007][info ][gc,phases   ] GC(241)   Pre Evacuate Collection Set: 0.0ms
[2025-08-20T11:58:03.268+0000][1692007][info ][gc,phases   ] GC(241)   Merge Heap Roots: 0.0ms
[2025-08-20T11:58:03.268+0000][1692007][info ][gc,phases   ] GC(241)   Evacuate Collection Set: 1.2ms
[2025-08-20T11:58:03.268+0000][1692007][info ][gc,phases   ] GC(241)   Post Evacuate Collection Set: 0.7ms
[2025-08-20T11:58:03.268+0000][1692007][info ][gc,phases   ] GC(241)   Other: 0.0ms
[2025-08-20T11:58:03.268+0000][1692007][trace][gc,age      ] GC(241) Age table with threshold 15 (max threshold 15)
[2025-08-20T11:58:03.268+0000][1692007][trace][gc,age      ] GC(241) - age   1:      10808 bytes,      10808 total
[2025-08-20T11:58:03.268+0000][1692007][trace][gc,age      ] GC(241) - age   2:       3872 bytes,      14680 total
[2025-08-20T11:58:03.268+0000][1692007][trace][gc,age      ] GC(241) - age   4:        432 bytes,      15112 total
[2025-08-20T11:58:03.268+0000][1692007][trace][gc,age      ] GC(241) - age   5:        456 bytes,      15568 total
[2025-08-20T11:58:03.268+0000][1692007][trace][gc,age      ] GC(241) - age  10:         72 bytes,      15640 total
[2025-08-20T11:58:03.268+0000][1692007][trace][gc,age      ] GC(241) - age  12:       2744 bytes,      18384 total
[2025-08-20T11:58:03.268+0000][1692007][info ][gc,heap     ] GC(241) Eden regions: 75->0(75)
[2025-08-20T11:58:03.268+0000][1692007][info ][gc,heap     ] GC(241) Survivor regions: 1->1(10)
[2025-08-20T11:58:03.268+0000][1692007][info ][gc,heap     ] GC(241) Old regions: 23->23
[2025-08-20T11:58:03.268+0000][1692007][info ][gc,heap     ] GC(241) Humongous regions: 0->0
[2025-08-20T11:58:03.268+0000][1692007][info ][gc,metaspace] GC(241) Metaspace: 141933K(147968K)->141933K(147968K) NonClass: 123118K(126720K)->123118K(126720K) Class: 18814K(21248K)->18814K(21248K)
[2025-08-20T11:58:03.268+0000][1692007][info ][gc          ] GC(241) Pause Young (Concurrent Start) (G1 Evacuation Pause) 391M->91M(512M) 2.566ms
[2025-08-20T11:58:03.268+0000][1692007][info ][gc,cpu      ] GC(241) User=0.00s Sys=0.00s Real=0.01s
[2025-08-20T11:58:03.268+0000][1692007][info ][safepoint   ] Safepoint "G1CollectForAllocation", Time since last: 457839791279 ns, Reaching safepoint: 7412 ns, Cleanup: 3485 ns, At safepoint: 2603121 ns, Total: 2614018 ns
[2025-08-20T11:58:03.273+0000][1692007][info ][gc          ] GC(242) Concurrent Mark Cycle
[2025-08-20T11:58:03.273+0000][1692007][info ][gc,marking  ] GC(242) Concurrent Scan Root Regions
[2025-08-20T11:58:03.274+0000][1692007][info ][gc,marking  ] GC(242) Concurrent Scan Root Regions 0.658ms
[2025-08-20T11:58:03.274+0000][1692007][info ][gc,marking  ] GC(242) Concurrent Mark
[2025-08-20T11:58:03.274+0000][1692007][info ][gc,marking  ] GC(242) Concurrent Mark From Roots
[2025-08-20T11:58:03.274+0000][1692007][info ][gc,task     ] GC(242) Using 1 workers of 1 for marking
[2025-08-20T11:58:03.387+0000][1692007][info ][gc,marking  ] GC(242) Concurrent Mark From Roots 113.120ms
[2025-08-20T11:58:03.387+0000][1692007][info ][gc,marking  ] GC(242) Concurrent Preclean
[2025-08-20T11:58:03.388+0000][1692007][info ][gc,marking  ] GC(242) Concurrent Preclean 0.380ms
[2025-08-20T11:58:03.388+0000][1692007][info ][gc,start    ] GC(242) Pause Remark
[2025-08-20T11:58:03.392+0000][1692007][info ][gc          ] GC(242) Pause Remark 93M->93M(512M) 4.302ms
[2025-08-20T11:58:03.392+0000][1692007][info ][gc,cpu      ] GC(242) User=0.01s Sys=0.00s Real=0.00s
[2025-08-20T11:58:03.392+0000][1692007][info ][safepoint   ] Safepoint "G1PauseRemark", Time since last: 119795528 ns, Reaching safepoint: 4827 ns, Cleanup: 3245 ns, At safepoint: 4336118 ns, Total: 4344190 ns
[2025-08-20T11:58:03.392+0000][1692007][info ][gc,marking  ] GC(242) Concurrent Mark 117.909ms
[2025-08-20T11:58:03.392+0000][1692007][info ][gc,marking  ] GC(242) Concurrent Rebuild Remembered Sets and Scrub Regions
[2025-08-20T11:58:03.437+0000][1692007][info ][gc,marking  ] GC(242) Concurrent Rebuild Remembered Sets and Scrub Regions 45.401ms
[2025-08-20T11:58:03.437+0000][1692007][info ][gc,start    ] GC(242) Pause Cleanup
[2025-08-20T11:58:03.437+0000][1692007][info ][gc          ] GC(242) Pause Cleanup 93M->93M(512M) 0.038ms
[2025-08-20T11:58:03.437+0000][1692007][info ][gc,cpu      ] GC(242) User=0.00s Sys=0.00s Real=0.00s
[2025-08-20T11:58:03.437+0000][1692007][info ][safepoint   ] Safepoint "G1PauseCleanup", Time since last: 45454529 ns, Reaching safepoint: 3806 ns, Cleanup: 1793 ns, At safepoint: 58538 ns, Total: 64137 ns
[2025-08-20T11:58:03.437+0000][1692007][info ][gc,marking  ] GC(242) Concurrent Clear Claimed Marks
[2025-08-20T11:58:03.438+0000][1692007][info ][gc,marking  ] GC(242) Concurrent Clear Claimed Marks 0.143ms
[2025-08-20T11:58:03.438+0000][1692007][info ][gc,marking  ] GC(242) Concurrent Cleanup for Next Mark
[2025-08-20T11:58:03.451+0000][1692007][info ][gc,marking  ] GC(242) Concurrent Cleanup for Next Mark 12.991ms
[2025-08-20T11:58:03.451+0000][1692007][info ][gc          ] GC(242) Concurrent Mark Cycle 177.265ms
[2025-08-20T12:09:45.575+0000][1692007][info ][gc,start    ] GC(243) Pause Young (Normal) (G1 Evacuation Pause)
[2025-08-20T12:09:45.576+0000][1692007][info ][gc,task     ] GC(243) Using 1 workers of 1 for evacuation
[2025-08-20T12:09:45.576+0000][1692007][debug][gc,age      ] GC(243) Desired survivor size 20971520 bytes, new threshold 15 (max threshold 15)
[2025-08-20T12:09:45.579+0000][1692007][info ][gc,phases   ] GC(243)   Pre Evacuate Collection Set: 0.0ms
[2025-08-20T12:09:45.579+0000][1692007][info ][gc,phases   ] GC(243)   Merge Heap Roots: 0.0ms
[2025-08-20T12:09:45.579+0000][1692007][info ][gc,phases   ] GC(243)   Evacuate Collection Set: 1.7ms
[2025-08-20T12:09:45.579+0000][1692007][info ][gc,phases   ] GC(243)   Post Evacuate Collection Set: 1.0ms
[2025-08-20T12:09:45.579+0000][1692007][info ][gc,phases   ] GC(243)   Other: 0.1ms
[2025-08-20T12:09:45.579+0000][1692007][trace][gc,age      ] GC(243) Age table with threshold 15 (max threshold 15)
[2025-08-20T12:09:45.579+0000][1692007][trace][gc,age      ] GC(243) - age   1:      16824 bytes,      16824 total
[2025-08-20T12:09:45.579+0000][1692007][trace][gc,age      ] GC(243) - age   2:        176 bytes,      17000 total
[2025-08-20T12:09:45.579+0000][1692007][trace][gc,age      ] GC(243) - age   3:       3872 bytes,      20872 total
[2025-08-20T12:09:45.579+0000][1692007][trace][gc,age      ] GC(243) - age   5:        432 bytes,      21304 total
[2025-08-20T12:09:45.579+0000][1692007][trace][gc,age      ] GC(243) - age   6:        456 bytes,      21760 total
[2025-08-20T12:09:45.579+0000][1692007][trace][gc,age      ] GC(243) - age  11:         72 bytes,      21832 total
[2025-08-20T12:09:45.579+0000][1692007][trace][gc,age      ] GC(243) - age  13:       2744 bytes,      24576 total
[2025-08-20T12:09:45.579+0000][1692007][info ][gc,heap     ] GC(243) Eden regions: 75->0(75)
[2025-08-20T12:09:45.579+0000][1692007][info ][gc,heap     ] GC(243) Survivor regions: 1->1(10)
[2025-08-20T12:09:45.579+0000][1692007][info ][gc,heap     ] GC(243) Old regions: 23->23
[2025-08-20T12:09:45.579+0000][1692007][info ][gc,heap     ] GC(243) Humongous regions: 0->0
[2025-08-20T12:09:45.579+0000][1692007][info ][gc,metaspace] GC(243) Metaspace: 141933K(147968K)->141933K(147968K) NonClass: 123118K(126720K)->123118K(126720K) Class: 18814K(21248K)->18814K(21248K)
[2025-08-20T12:09:45.579+0000][1692007][info ][gc          ] GC(243) Pause Young (Normal) (G1 Evacuation Pause) 391M->91M(512M) 3.192ms
[2025-08-20T12:09:45.579+0000][1692007][info ][gc,cpu      ] GC(243) User=0.00s Sys=0.00s Real=0.00s
[2025-08-20T12:09:45.579+0000][1692007][info ][safepoint   ] Safepoint "G1CollectForAllocation", Time since last: 702138019926 ns, Reaching safepoint: 7301 ns, Cleanup: 2714 ns, At safepoint: 3224208 ns, Total: 3234223 ns
[2025-08-20T12:20:10.617+0000][1692007][info ][safepoint   ] Safepoint "Cleanup", Time since last: 625038654522 ns, Reaching safepoint: 43115 ns, Cleanup: 12819 ns, At safepoint: 1923 ns, Total: 57857 ns
[2025-08-20T12:21:30.996+0000][1692007][info ][gc,start    ] GC(244) Pause Young (Concurrent Start) (G1 Evacuation Pause)
[2025-08-20T12:21:30.996+0000][1692007][info ][gc,task     ] GC(244) Using 1 workers of 1 for evacuation
[2025-08-20T12:21:30.996+0000][1692007][debug][gc,age      ] GC(244) Desired survivor size 20971520 bytes, new threshold 15 (max threshold 15)
[2025-08-20T12:21:30.999+0000][1692007][info ][gc,phases   ] GC(244)   Pre Evacuate Collection Set: 0.1ms
[2025-08-20T12:21:30.999+0000][1692007][info ][gc,phases   ] GC(244)   Merge Heap Roots: 0.0ms
[2025-08-20T12:21:30.999+0000][1692007][info ][gc,phases   ] GC(244)   Evacuate Collection Set: 1.2ms
[2025-08-20T12:21:30.999+0000][1692007][info ][gc,phases   ] GC(244)   Post Evacuate Collection Set: 1.0ms
[2025-08-20T12:21:30.999+0000][1692007][info ][gc,phases   ] GC(244)   Other: 0.0ms
[2025-08-20T12:21:30.999+0000][1692007][trace][gc,age      ] GC(244) Age table with threshold 15 (max threshold 15)
[2025-08-20T12:21:30.999+0000][1692007][trace][gc,age      ] GC(244) - age   1:       9528 bytes,       9528 total
[2025-08-20T12:21:30.999+0000][1692007][trace][gc,age      ] GC(244) - age   2:       5800 bytes,      15328 total
[2025-08-20T12:21:30.999+0000][1692007][trace][gc,age      ] GC(244) - age   3:        176 bytes,      15504 total
[2025-08-20T12:21:30.999+0000][1692007][trace][gc,age      ] GC(244) - age   4:       3872 bytes,      19376 total
[2025-08-20T12:21:30.999+0000][1692007][trace][gc,age      ] GC(244) - age   6:        432 bytes,      19808 total
[2025-08-20T12:21:30.999+0000][1692007][trace][gc,age      ] GC(244) - age   7:        456 bytes,      20264 total
[2025-08-20T12:21:30.999+0000][1692007][trace][gc,age      ] GC(244) - age  12:         72 bytes,      20336 total
[2025-08-20T12:21:30.999+0000][1692007][trace][gc,age      ] GC(244) - age  14:       2744 bytes,      23080 total
[2025-08-20T12:21:30.999+0000][1692007][info ][gc,heap     ] GC(244) Eden regions: 75->0(75)
[2025-08-20T12:21:30.999+0000][1692007][info ][gc,heap     ] GC(244) Survivor regions: 1->1(10)
[2025-08-20T12:21:30.999+0000][1692007][info ][gc,heap     ] GC(244) Old regions: 23->23
[2025-08-20T12:21:30.999+0000][1692007][info ][gc,heap     ] GC(244) Humongous regions: 0->0
[2025-08-20T12:21:30.999+0000][1692007][info ][gc,metaspace] GC(244) Metaspace: 141933K(147968K)->141933K(147968K) NonClass: 123118K(126720K)->123118K(126720K) Class: 18814K(21248K)->18814K(21248K)
[2025-08-20T12:21:30.999+0000][1692007][info ][gc          ] GC(244) Pause Young (Concurrent Start) (G1 Evacuation Pause) 391M->91M(512M) 2.531ms
[2025-08-20T12:21:30.999+0000][1692007][info ][gc,cpu      ] GC(244) User=0.00s Sys=0.00s Real=0.00s
[2025-08-20T12:21:30.999+0000][1692007][info ][safepoint   ] Safepoint "G1CollectForAllocation", Time since last: 80378699077 ns, Reaching safepoint: 7211 ns, Cleanup: 2413 ns, At safepoint: 2567527 ns, Total: 2577151 ns
[2025-08-20T12:21:31.004+0000][1692007][info ][gc          ] GC(245) Concurrent Mark Cycle
[2025-08-20T12:21:31.004+0000][1692007][info ][gc,marking  ] GC(245) Concurrent Scan Root Regions
[2025-08-20T12:21:31.005+0000][1692007][info ][gc,marking  ] GC(245) Concurrent Scan Root Regions 0.387ms
[2025-08-20T12:21:31.005+0000][1692007][info ][gc,marking  ] GC(245) Concurrent Mark
[2025-08-20T12:21:31.005+0000][1692007][info ][gc,marking  ] GC(245) Concurrent Mark From Roots
[2025-08-20T12:21:31.005+0000][1692007][info ][gc,task     ] GC(245) Using 1 workers of 1 for marking
[2025-08-20T12:21:31.120+0000][1692007][info ][gc,marking  ] GC(245) Concurrent Mark From Roots 115.048ms
[2025-08-20T12:21:31.120+0000][1692007][info ][gc,marking  ] GC(245) Concurrent Preclean
[2025-08-20T12:21:31.120+0000][1692007][info ][gc,marking  ] GC(245) Concurrent Preclean 0.375ms
[2025-08-20T12:21:31.120+0000][1692007][info ][gc,start    ] GC(245) Pause Remark
[2025-08-20T12:21:31.125+0000][1692007][info ][gc          ] GC(245) Pause Remark 92M->92M(512M) 4.253ms
[2025-08-20T12:21:31.125+0000][1692007][info ][gc,cpu      ] GC(245) User=0.01s Sys=0.00s Real=0.00s
[2025-08-20T12:21:31.125+0000][1692007][info ][safepoint   ] Safepoint "G1PauseRemark", Time since last: 121556901 ns, Reaching safepoint: 5037 ns, Cleanup: 2975 ns, At safepoint: 4288325 ns, Total: 4296337 ns
[2025-08-20T12:21:31.125+0000][1692007][info ][gc,marking  ] GC(245) Concurrent Mark 119.792ms
[2025-08-20T12:21:31.125+0000][1692007][info ][gc,marking  ] GC(245) Concurrent Rebuild Remembered Sets and Scrub Regions
[2025-08-20T12:21:31.174+0000][1692007][info ][gc,marking  ] GC(245) Concurrent Rebuild Remembered Sets and Scrub Regions 49.677ms
[2025-08-20T12:21:31.174+0000][1692007][info ][gc,start    ] GC(245) Pause Cleanup
[2025-08-20T12:21:31.174+0000][1692007][info ][gc          ] GC(245) Pause Cleanup 92M->92M(512M) 0.038ms
[2025-08-20T12:21:31.174+0000][1692007][info ][gc,cpu      ] GC(245) User=0.00s Sys=0.00s Real=0.00s
[2025-08-20T12:21:31.174+0000][1692007][info ][safepoint   ] Safepoint "G1PauseCleanup", Time since last: 49743523 ns, Reaching safepoint: 3746 ns, Cleanup: 1251 ns, At safepoint: 66020 ns, Total: 71017 ns
[2025-08-20T12:21:31.174+0000][1692007][info ][gc,marking  ] GC(245) Concurrent Clear Claimed Marks
[2025-08-20T12:21:31.175+0000][1692007][info ][gc,marking  ] GC(245) Concurrent Clear Claimed Marks 0.149ms
[2025-08-20T12:21:31.175+0000][1692007][info ][gc,marking  ] GC(245) Concurrent Cleanup for Next Mark
[2025-08-20T12:21:31.185+0000][1692007][info ][gc,marking  ] GC(245) Concurrent Cleanup for Next Mark 10.354ms
[2025-08-20T12:21:31.185+0000][1692007][info ][gc          ] GC(245) Concurrent Mark Cycle 180.537ms
[2025-08-20T12:24:11.185+0000][1692007][info ][safepoint   ] Safepoint "Cleanup", Time since last: 160010599870 ns, Reaching safepoint: 6240 ns, Cleanup: 11487 ns, At safepoint: 2073 ns, Total: 19800 ns
[2025-08-20T12:33:16.437+0000][1692007][info ][gc,start    ] GC(246) Pause Young (Normal) (G1 Evacuation Pause)
[2025-08-20T12:33:16.437+0000][1692007][info ][gc,task     ] GC(246) Using 1 workers of 1 for evacuation
[2025-08-20T12:33:16.437+0000][1692007][debug][gc,age      ] GC(246) Desired survivor size 20971520 bytes, new threshold 15 (max threshold 15)
[2025-08-20T12:33:16.440+0000][1692007][info ][gc,phases   ] GC(246)   Pre Evacuate Collection Set: 0.1ms
[2025-08-20T12:33:16.440+0000][1692007][info ][gc,phases   ] GC(246)   Merge Heap Roots: 0.0ms
[2025-08-20T12:33:16.440+0000][1692007][info ][gc,phases   ] GC(246)   Evacuate Collection Set: 1.7ms
[2025-08-20T12:33:16.440+0000][1692007][info ][gc,phases   ] GC(246)   Post Evacuate Collection Set: 1.0ms
[2025-08-20T12:33:16.440+0000][1692007][info ][gc,phases   ] GC(246)   Other: 0.0ms
[2025-08-20T12:33:16.440+0000][1692007][trace][gc,age      ] GC(246) Age table with threshold 15 (max threshold 15)
[2025-08-20T12:33:16.440+0000][1692007][trace][gc,age      ] GC(246) - age   1:      13056 bytes,      13056 total
[2025-08-20T12:33:16.440+0000][1692007][trace][gc,age      ] GC(246) - age   2:        408 bytes,      13464 total
[2025-08-20T12:33:16.440+0000][1692007][trace][gc,age      ] GC(246) - age   3:       5800 bytes,      19264 total
[2025-08-20T12:33:16.440+0000][1692007][trace][gc,age      ] GC(246) - age   4:        176 bytes,      19440 total
[2025-08-20T12:33:16.440+0000][1692007][trace][gc,age      ] GC(246) - age   5:       3872 bytes,      23312 total
[2025-08-20T12:33:16.440+0000][1692007][trace][gc,age      ] GC(246) - age   7:        432 bytes,      23744 total
[2025-08-20T12:33:16.440+0000][1692007][trace][gc,age      ] GC(246) - age   8:        456 bytes,      24200 total
[2025-08-20T12:33:16.440+0000][1692007][trace][gc,age      ] GC(246) - age  13:         72 bytes,      24272 total
[2025-08-20T12:33:16.440+0000][1692007][trace][gc,age      ] GC(246) - age  15:       2744 bytes,      27016 total
[2025-08-20T12:33:16.440+0000][1692007][info ][gc,heap     ] GC(246) Eden regions: 75->0(75)
[2025-08-20T12:33:16.440+0000][1692007][info ][gc,heap     ] GC(246) Survivor regions: 1->1(10)
[2025-08-20T12:33:16.440+0000][1692007][info ][gc,heap     ] GC(246) Old regions: 23->23
[2025-08-20T12:33:16.440+0000][1692007][info ][gc,heap     ] GC(246) Humongous regions: 0->0
[2025-08-20T12:33:16.440+0000][1692007][info ][gc,metaspace] GC(246) Metaspace: 141938K(147968K)->141938K(147968K) NonClass: 123122K(126720K)->123122K(126720K) Class: 18815K(21248K)->18815K(21248K)
[2025-08-20T12:33:16.440+0000][1692007][info ][gc          ] GC(246) Pause Young (Normal) (G1 Evacuation Pause) 391M->91M(512M) 3.087ms
[2025-08-20T12:33:16.440+0000][1692007][info ][gc,cpu      ] GC(246) User=0.00s Sys=0.00s Real=0.00s
[2025-08-20T12:33:16.440+0000][1692007][info ][safepoint   ] Safepoint "G1CollectForAllocation", Time since last: 545252119613 ns, Reaching safepoint: 8713 ns, Cleanup: 2684 ns, At safepoint: 3120422 ns, Total: 3131819 ns
[2025-08-20T12:44:56.883+0000][1692007][info ][gc,start    ] GC(247) Pause Young (Concurrent Start) (G1 Evacuation Pause)
[2025-08-20T12:44:56.883+0000][1692007][info ][gc,task     ] GC(247) Using 1 workers of 1 for evacuation
[2025-08-20T12:44:56.883+0000][1692007][debug][gc,age      ] GC(247) Desired survivor size 20971520 bytes, new threshold 15 (max threshold 15)
[2025-08-20T12:44:56.885+0000][1692007][info ][gc,phases   ] GC(247)   Pre Evacuate Collection Set: 0.0ms
[2025-08-20T12:44:56.885+0000][1692007][info ][gc,phases   ] GC(247)   Merge Heap Roots: 0.0ms
[2025-08-20T12:44:56.885+0000][1692007][info ][gc,phases   ] GC(247)   Evacuate Collection Set: 1.2ms
[2025-08-20T12:44:56.885+0000][1692007][info ][gc,phases   ] GC(247)   Post Evacuate Collection Set: 0.8ms
[2025-08-20T12:44:56.885+0000][1692007][info ][gc,phases   ] GC(247)   Other: 0.0ms
[2025-08-20T12:44:56.885+0000][1692007][trace][gc,age      ] GC(247) Age table with threshold 15 (max threshold 15)
[2025-08-20T12:44:56.885+0000][1692007][trace][gc,age      ] GC(247) - age   1:      11048 bytes,      11048 total
[2025-08-20T12:44:56.885+0000][1692007][trace][gc,age      ] GC(247) - age   2:       2440 bytes,      13488 total
[2025-08-20T12:44:56.885+0000][1692007][trace][gc,age      ] GC(247) - age   3:         56 bytes,      13544 total
[2025-08-20T12:44:56.885+0000][1692007][trace][gc,age      ] GC(247) - age   4:       5800 bytes,      19344 total
[2025-08-20T12:44:56.885+0000][1692007][trace][gc,age      ] GC(247) - age   5:        176 bytes,      19520 total
[2025-08-20T12:44:56.885+0000][1692007][trace][gc,age      ] GC(247) - age   6:       3872 bytes,      23392 total
[2025-08-20T12:44:56.885+0000][1692007][trace][gc,age      ] GC(247) - age   8:        432 bytes,      23824 total
[2025-08-20T12:44:56.885+0000][1692007][trace][gc,age      ] GC(247) - age   9:        456 bytes,      24280 total
[2025-08-20T12:44:56.885+0000][1692007][trace][gc,age      ] GC(247) - age  14:         72 bytes,      24352 total
[2025-08-20T12:44:56.885+0000][1692007][info ][gc,heap     ] GC(247) Eden regions: 75->0(75)
[2025-08-20T12:44:56.885+0000][1692007][info ][gc,heap     ] GC(247) Survivor regions: 1->1(10)
[2025-08-20T12:44:56.885+0000][1692007][info ][gc,heap     ] GC(247) Old regions: 23->23
[2025-08-20T12:44:56.885+0000][1692007][info ][gc,heap     ] GC(247) Humongous regions: 0->0
[2025-08-20T12:44:56.885+0000][1692007][info ][gc,metaspace] GC(247) Metaspace: 141938K(147968K)->141938K(147968K) NonClass: 123122K(126720K)->123122K(126720K) Class: 18815K(21248K)->18815K(21248K)
[2025-08-20T12:44:56.885+0000][1692007][info ][gc          ] GC(247) Pause Young (Concurrent Start) (G1 Evacuation Pause) 391M->91M(512M) 2.368ms
[2025-08-20T12:44:56.885+0000][1692007][info ][gc,cpu      ] GC(247) User=0.00s Sys=0.00s Real=0.01s
[2025-08-20T12:44:56.885+0000][1692007][info ][safepoint   ] Safepoint "G1CollectForAllocation", Time since last: 700442827174 ns, Reaching safepoint: 7381 ns, Cleanup: 2393 ns, At safepoint: 2404341 ns, Total: 2414115 ns
[2025-08-20T12:44:56.892+0000][1692007][info ][gc          ] GC(248) Concurrent Mark Cycle
[2025-08-20T12:44:56.892+0000][1692007][info ][gc,marking  ] GC(248) Concurrent Scan Root Regions
[2025-08-20T12:44:56.893+0000][1692007][info ][gc,marking  ] GC(248) Concurrent Scan Root Regions 0.401ms
[2025-08-20T12:44:56.893+0000][1692007][info ][gc,marking  ] GC(248) Concurrent Mark
[2025-08-20T12:44:56.893+0000][1692007][info ][gc,marking  ] GC(248) Concurrent Mark From Roots
[2025-08-20T12:44:56.893+0000][1692007][info ][gc,task     ] GC(248) Using 1 workers of 1 for marking
[2025-08-20T12:44:57.009+0000][1692007][info ][gc,marking  ] GC(248) Concurrent Mark From Roots 115.745ms
[2025-08-20T12:44:57.009+0000][1692007][info ][gc,marking  ] GC(248) Concurrent Preclean
[2025-08-20T12:44:57.009+0000][1692007][info ][gc,marking  ] GC(248) Concurrent Preclean 0.353ms
[2025-08-20T12:44:57.009+0000][1692007][info ][gc,start    ] GC(248) Pause Remark
[2025-08-20T12:44:57.013+0000][1692007][info ][gc          ] GC(248) Pause Remark 91M->91M(512M) 4.275ms
[2025-08-20T12:44:57.013+0000][1692007][info ][gc,cpu      ] GC(248) User=0.00s Sys=0.00s Real=0.00s
[2025-08-20T12:44:57.013+0000][1692007][info ][safepoint   ] Safepoint "G1PauseRemark", Time since last: 123501804 ns, Reaching safepoint: 5068 ns, Cleanup: 3085 ns, At safepoint: 4308996 ns, Total: 4317149 ns
[2025-08-20T12:44:57.013+0000][1692007][info ][gc,marking  ] GC(248) Concurrent Mark 120.527ms
[2025-08-20T12:44:57.013+0000][1692007][info ][gc,marking  ] GC(248) Concurrent Rebuild Remembered Sets and Scrub Regions
[2025-08-20T12:44:57.068+0000][1692007][info ][gc,marking  ] GC(248) Concurrent Rebuild Remembered Sets and Scrub Regions 54.922ms
[2025-08-20T12:44:57.068+0000][1692007][info ][gc,start    ] GC(248) Pause Cleanup
[2025-08-20T12:44:57.068+0000][1692007][info ][gc          ] GC(248) Pause Cleanup 91M->91M(512M) 0.033ms
[2025-08-20T12:44:57.068+0000][1692007][info ][gc,cpu      ] GC(248) User=0.00s Sys=0.00s Real=0.00s
[2025-08-20T12:44:57.068+0000][1692007][info ][safepoint   ] Safepoint "G1PauseCleanup", Time since last: 54971065 ns, Reaching safepoint: 3285 ns, Cleanup: 1572 ns, At safepoint: 55825 ns, Total: 60682 ns
[2025-08-20T12:44:57.068+0000][1692007][info ][gc,marking  ] GC(248) Concurrent Clear Claimed Marks
[2025-08-20T12:44:57.068+0000][1692007][info ][gc,marking  ] GC(248) Concurrent Clear Claimed Marks 0.152ms
[2025-08-20T12:44:57.068+0000][1692007][info ][gc,marking  ] GC(248) Concurrent Cleanup for Next Mark
[2025-08-20T12:44:57.069+0000][1692007][info ][gc,marking  ] GC(248) Concurrent Cleanup for Next Mark 0.225ms
[2025-08-20T12:44:57.069+0000][1692007][info ][gc          ] GC(248) Concurrent Mark Cycle 176.362ms
[2025-08-20T12:54:12.101+0000][1692007][info ][safepoint   ] Safepoint "Cleanup", Time since last: 555032680789 ns, Reaching safepoint: 31347 ns, Cleanup: 11998 ns, At safepoint: 2203 ns, Total: 45548 ns
[2025-08-20T12:56:42.463+0000][1692007][info ][gc,start    ] GC(249) Pause Young (Normal) (G1 Evacuation Pause)
[2025-08-20T12:56:42.464+0000][1692007][info ][gc,task     ] GC(249) Using 1 workers of 1 for evacuation
[2025-08-20T12:56:42.464+0000][1692007][debug][gc,age      ] GC(249) Desired survivor size 20971520 bytes, new threshold 15 (max threshold 15)
[2025-08-20T12:56:42.468+0000][1692007][info ][gc,phases   ] GC(249)   Pre Evacuate Collection Set: 0.0ms
[2025-08-20T12:56:42.468+0000][1692007][info ][gc,phases   ] GC(249)   Merge Heap Roots: 0.0ms
[2025-08-20T12:56:42.468+0000][1692007][info ][gc,phases   ] GC(249)   Evacuate Collection Set: 1.8ms
[2025-08-20T12:56:42.468+0000][1692007][info ][gc,phases   ] GC(249)   Post Evacuate Collection Set: 2.3ms
[2025-08-20T12:56:42.468+0000][1692007][info ][gc,phases   ] GC(249)   Other: 0.0ms
[2025-08-20T12:56:42.468+0000][1692007][trace][gc,age      ] GC(249) Age table with threshold 15 (max threshold 15)
[2025-08-20T12:56:42.468+0000][1692007][trace][gc,age      ] GC(249) - age   1:      11384 bytes,      11384 total
[2025-08-20T12:56:42.468+0000][1692007][trace][gc,age      ] GC(249) - age   3:       2440 bytes,      13824 total
[2025-08-20T12:56:42.468+0000][1692007][trace][gc,age      ] GC(249) - age   4:         56 bytes,      13880 total
[2025-08-20T12:56:42.468+0000][1692007][trace][gc,age      ] GC(249) - age   5:       5800 bytes,      19680 total
[2025-08-20T12:56:42.468+0000][1692007][trace][gc,age      ] GC(249) - age   7:       3872 bytes,      23552 total
[2025-08-20T12:56:42.468+0000][1692007][trace][gc,age      ] GC(249) - age   9:        432 bytes,      23984 total
[2025-08-20T12:56:42.468+0000][1692007][trace][gc,age      ] GC(249) - age  10:        456 bytes,      24440 total
[2025-08-20T12:56:42.468+0000][1692007][trace][gc,age      ] GC(249) - age  15:         72 bytes,      24512 total
[2025-08-20T12:56:42.468+0000][1692007][info ][gc,heap     ] GC(249) Eden regions: 75->0(75)
[2025-08-20T12:56:42.468+0000][1692007][info ][gc,heap     ] GC(249) Survivor regions: 1->1(10)
[2025-08-20T12:56:42.468+0000][1692007][info ][gc,heap     ] GC(249) Old regions: 23->23
[2025-08-20T12:56:42.468+0000][1692007][info ][gc,heap     ] GC(249) Humongous regions: 0->0
[2025-08-20T12:56:42.468+0000][1692007][info ][gc,metaspace] GC(249) Metaspace: 141938K(147968K)->141938K(147968K) NonClass: 123122K(126720K)->123122K(126720K) Class: 18815K(21248K)->18815K(21248K)
[2025-08-20T12:56:42.468+0000][1692007][info ][gc          ] GC(249) Pause Young (Normal) (G1 Evacuation Pause) 391M->91M(512M) 4.510ms
[2025-08-20T12:56:42.468+0000][1692007][info ][gc,cpu      ] GC(249) User=0.01s Sys=0.00s Real=0.01s
[2025-08-20T12:56:42.468+0000][1692007][info ][safepoint   ] Safepoint "G1CollectForAllocation", Time since last: 150362424139 ns, Reaching safepoint: 7141 ns, Cleanup: 2504 ns, At safepoint: 4542960 ns, Total: 4552605 ns
[2025-08-20T12:58:12.473+0000][1692007][info ][safepoint   ] Safepoint "Cleanup", Time since last: 90005405205 ns, Reaching safepoint: 41863 ns, Cleanup: 11528 ns, At safepoint: 4316 ns, Total: 57707 ns
[2025-08-20T13:08:28.032+0000][1692007][info ][gc,start    ] GC(250) Pause Young (Concurrent Start) (G1 Evacuation Pause)
[2025-08-20T13:08:28.032+0000][1692007][info ][gc,task     ] GC(250) Using 1 workers of 1 for evacuation
[2025-08-20T13:08:28.032+0000][1692007][debug][gc,age      ] GC(250) Desired survivor size 20971520 bytes, new threshold 15 (max threshold 15)
[2025-08-20T13:08:28.036+0000][1692007][info ][gc,phases   ] GC(250)   Pre Evacuate Collection Set: 0.1ms
[2025-08-20T13:08:28.036+0000][1692007][info ][gc,phases   ] GC(250)   Merge Heap Roots: 0.0ms
[2025-08-20T13:08:28.036+0000][1692007][info ][gc,phases   ] GC(250)   Evacuate Collection Set: 1.2ms
[2025-08-20T13:08:28.036+0000][1692007][info ][gc,phases   ] GC(250)   Post Evacuate Collection Set: 2.8ms
[2025-08-20T13:08:28.036+0000][1692007][info ][gc,phases   ] GC(250)   Other: 0.0ms
[2025-08-20T13:08:28.036+0000][1692007][trace][gc,age      ] GC(250) Age table with threshold 15 (max threshold 15)
[2025-08-20T13:08:28.036+0000][1692007][trace][gc,age      ] GC(250) - age   1:      11048 bytes,      11048 total
[2025-08-20T13:08:28.036+0000][1692007][trace][gc,age      ] GC(250) - age   2:        336 bytes,      11384 total
[2025-08-20T13:08:28.036+0000][1692007][trace][gc,age      ] GC(250) - age   4:       2440 bytes,      13824 total
[2025-08-20T13:08:28.036+0000][1692007][trace][gc,age      ] GC(250) - age   5:         56 bytes,      13880 total
[2025-08-20T13:08:28.036+0000][1692007][trace][gc,age      ] GC(250) - age   6:       5800 bytes,      19680 total
[2025-08-20T13:08:28.036+0000][1692007][trace][gc,age      ] GC(250) - age   8:       3872 bytes,      23552 total
[2025-08-20T13:08:28.036+0000][1692007][trace][gc,age      ] GC(250) - age  10:        432 bytes,      23984 total
[2025-08-20T13:08:28.036+0000][1692007][trace][gc,age      ] GC(250) - age  11:        456 bytes,      24440 total
[2025-08-20T13:08:28.036+0000][1692007][info ][gc,heap     ] GC(250) Eden regions: 75->0(75)
[2025-08-20T13:08:28.036+0000][1692007][info ][gc,heap     ] GC(250) Survivor regions: 1->1(10)
[2025-08-20T13:08:28.036+0000][1692007][info ][gc,heap     ] GC(250) Old regions: 23->23
[2025-08-20T13:08:28.036+0000][1692007][info ][gc,heap     ] GC(250) Humongous regions: 0->0
[2025-08-20T13:08:28.036+0000][1692007][info ][gc,metaspace] GC(250) Metaspace: 141938K(147968K)->141938K(147968K) NonClass: 123122K(126720K)->123122K(126720K) Class: 18815K(21248K)->18815K(21248K)
[2025-08-20T13:08:28.036+0000][1692007][info ][gc          ] GC(250) Pause Young (Concurrent Start) (G1 Evacuation Pause) 391M->91M(512M) 4.357ms
[2025-08-20T13:08:28.036+0000][1692007][info ][gc,cpu      ] GC(250) User=0.00s Sys=0.00s Real=0.01s
[2025-08-20T13:08:28.036+0000][1692007][info ][safepoint   ] Safepoint "G1CollectForAllocation", Time since last: 615558276094 ns, Reaching safepoint: 7681 ns, Cleanup: 2494 ns, At safepoint: 4394456 ns, Total: 4404631 ns
[2025-08-20T13:08:28.042+0000][1692007][info ][gc          ] GC(251) Concurrent Mark Cycle
[2025-08-20T13:08:28.042+0000][1692007][info ][gc,marking  ] GC(251) Concurrent Scan Root Regions
[2025-08-20T13:08:28.043+0000][1692007][info ][gc,marking  ] GC(251) Concurrent Scan Root Regions 0.392ms
[2025-08-20T13:08:28.043+0000][1692007][info ][gc,marking  ] GC(251) Concurrent Mark
[2025-08-20T13:08:28.043+0000][1692007][info ][gc,marking  ] GC(251) Concurrent Mark From Roots
[2025-08-20T13:08:28.043+0000][1692007][info ][gc,task     ] GC(251) Using 1 workers of 1 for marking
[2025-08-20T13:08:28.165+0000][1692007][info ][gc,marking  ] GC(251) Concurrent Mark From Roots 122.375ms
[2025-08-20T13:08:28.165+0000][1692007][info ][gc,marking  ] GC(251) Concurrent Preclean
[2025-08-20T13:08:28.166+0000][1692007][info ][gc,marking  ] GC(251) Concurrent Preclean 0.364ms
[2025-08-20T13:08:28.166+0000][1692007][info ][gc,start    ] GC(251) Pause Remark
[2025-08-20T13:08:28.170+0000][1692007][info ][gc          ] GC(251) Pause Remark 92M->92M(512M) 4.511ms
[2025-08-20T13:08:28.170+0000][1692007][info ][gc,cpu      ] GC(251) User=0.01s Sys=0.00s Real=0.00s
[2025-08-20T13:08:28.170+0000][1692007][info ][safepoint   ] Safepoint "G1PauseRemark", Time since last: 129415996 ns, Reaching safepoint: 4908 ns, Cleanup: 3014 ns, At safepoint: 4552035 ns, Total: 4559957 ns
[2025-08-20T13:08:28.170+0000][1692007][info ][gc,marking  ] GC(251) Concurrent Mark 127.371ms
[2025-08-20T13:08:28.170+0000][1692007][info ][gc,marking  ] GC(251) Concurrent Rebuild Remembered Sets and Scrub Regions
[2025-08-20T13:08:28.233+0000][1692007][info ][gc,marking  ] GC(251) Concurrent Rebuild Remembered Sets and Scrub Regions 63.050ms
[2025-08-20T13:08:28.233+0000][1692007][info ][gc,start    ] GC(251) Pause Cleanup
[2025-08-20T13:08:28.233+0000][1692007][info ][gc          ] GC(251) Pause Cleanup 95M->95M(512M) 0.039ms
[2025-08-20T13:08:28.233+0000][1692007][info ][gc,cpu      ] GC(251) User=0.00s Sys=0.00s Real=0.00s
[2025-08-20T13:08:28.233+0000][1692007][info ][safepoint   ] Safepoint "G1PauseCleanup", Time since last: 63110380 ns, Reaching safepoint: 3655 ns, Cleanup: 1383 ns, At safepoint: 63435 ns, Total: 68473 ns
[2025-08-20T13:08:28.233+0000][1692007][info ][gc,marking  ] GC(251) Concurrent Clear Claimed Marks
[2025-08-20T13:08:28.233+0000][1692007][info ][gc,marking  ] GC(251) Concurrent Clear Claimed Marks 0.168ms
[2025-08-20T13:08:28.234+0000][1692007][info ][gc,marking  ] GC(251) Concurrent Cleanup for Next Mark
[2025-08-20T13:08:28.234+0000][1692007][info ][gc,marking  ] GC(251) Concurrent Cleanup for Next Mark 0.268ms
[2025-08-20T13:08:28.234+0000][1692007][info ][gc          ] GC(251) Concurrent Mark Cycle 191.421ms
[2025-08-20T13:20:11.117+0000][1692007][info ][gc,start    ] GC(252) Pause Young (Normal) (G1 Evacuation Pause)
[2025-08-20T13:20:11.118+0000][1692007][info ][gc,task     ] GC(252) Using 1 workers of 1 for evacuation
[2025-08-20T13:20:11.118+0000][1692007][debug][gc,age      ] GC(252) Desired survivor size 20971520 bytes, new threshold 15 (max threshold 15)
[2025-08-20T13:20:11.120+0000][1692007][info ][gc,phases   ] GC(252)   Pre Evacuate Collection Set: 0.1ms
[2025-08-20T13:20:11.120+0000][1692007][info ][gc,phases   ] GC(252)   Merge Heap Roots: 0.0ms
[2025-08-20T13:20:11.120+0000][1692007][info ][gc,phases   ] GC(252)   Evacuate Collection Set: 1.7ms
[2025-08-20T13:20:11.120+0000][1692007][info ][gc,phases   ] GC(252)   Post Evacuate Collection Set: 0.7ms
[2025-08-20T13:20:11.120+0000][1692007][info ][gc,phases   ] GC(252)   Other: 0.0ms
[2025-08-20T13:20:11.120+0000][1692007][trace][gc,age      ] GC(252) Age table with threshold 15 (max threshold 15)
[2025-08-20T13:20:11.120+0000][1692007][trace][gc,age      ] GC(252) - age   1:       9008 bytes,       9008 total
[2025-08-20T13:20:11.121+0000][1692007][trace][gc,age      ] GC(252) - age   2:        352 bytes,       9360 total
[2025-08-20T13:20:11.121+0000][1692007][trace][gc,age      ] GC(252) - age   3:        336 bytes,       9696 total
[2025-08-20T13:20:11.121+0000][1692007][trace][gc,age      ] GC(252) - age   5:       2440 bytes,      12136 total
[2025-08-20T13:20:11.121+0000][1692007][trace][gc,age      ] GC(252) - age   6:         56 bytes,      12192 total
[2025-08-20T13:20:11.121+0000][1692007][trace][gc,age      ] GC(252) - age   7:       5800 bytes,      17992 total
[2025-08-20T13:20:11.121+0000][1692007][trace][gc,age      ] GC(252) - age   9:       3872 bytes,      21864 total
[2025-08-20T13:20:11.121+0000][1692007][trace][gc,age      ] GC(252) - age  11:        432 bytes,      22296 total
[2025-08-20T13:20:11.121+0000][1692007][trace][gc,age      ] GC(252) - age  12:        456 bytes,      22752 total
[2025-08-20T13:20:11.121+0000][1692007][info ][gc,heap     ] GC(252) Eden regions: 75->0(75)
[2025-08-20T13:20:11.121+0000][1692007][info ][gc,heap     ] GC(252) Survivor regions: 1->1(10)
[2025-08-20T13:20:11.121+0000][1692007][info ][gc,heap     ] GC(252) Old regions: 23->23
[2025-08-20T13:20:11.121+0000][1692007][info ][gc,heap     ] GC(252) Humongous regions: 0->0
[2025-08-20T13:20:11.121+0000][1692007][info ][gc,metaspace] GC(252) Metaspace: 141938K(147968K)->141938K(147968K) NonClass: 123122K(126720K)->123122K(126720K) Class: 18815K(21248K)->18815K(21248K)
[2025-08-20T13:20:11.121+0000][1692007][info ][gc          ] GC(252) Pause Young (Normal) (G1 Evacuation Pause) 391M->91M(512M) 3.084ms
[2025-08-20T13:20:11.121+0000][1692007][info ][gc,cpu      ] GC(252) User=0.00s Sys=0.00s Real=0.00s
[2025-08-20T13:20:11.121+0000][1692007][info ][safepoint   ] Safepoint "G1CollectForAllocation", Time since last: 702884125173 ns, Reaching safepoint: 6901 ns, Cleanup: 2824 ns, At safepoint: 3114313 ns, Total: 3124038 ns
[2025-08-20T13:28:13.201+0000][1692007][info ][safepoint   ] Safepoint "Cleanup", Time since last: 482080787956 ns, Reaching safepoint: 17436 ns, Cleanup: 5799 ns, At safepoint: 1563 ns, Total: 24798 ns
[2025-08-20T13:28:43.205+0000][1692007][info ][safepoint   ] Safepoint "Cleanup", Time since last: 30003067811 ns, Reaching safepoint: 16084 ns, Cleanup: 6620 ns, At safepoint: 153592 ns, Total: 176296 ns
[2025-08-20T13:31:54.221+0000][1692007][info ][gc,start    ] GC(253) Pause Young (Concurrent Start) (G1 Evacuation Pause)
[2025-08-20T13:31:54.222+0000][1692007][info ][gc,task     ] GC(253) Using 1 workers of 1 for evacuation
[2025-08-20T13:31:54.222+0000][1692007][debug][gc,age      ] GC(253) Desired survivor size 20971520 bytes, new threshold 15 (max threshold 15)
[2025-08-20T13:31:54.226+0000][1692007][info ][gc,phases   ] GC(253)   Pre Evacuate Collection Set: 0.1ms
[2025-08-20T13:31:54.226+0000][1692007][info ][gc,phases   ] GC(253)   Merge Heap Roots: 0.0ms
[2025-08-20T13:31:54.226+0000][1692007][info ][gc,phases   ] GC(253)   Evacuate Collection Set: 1.2ms
[2025-08-20T13:31:54.226+0000][1692007][info ][gc,phases   ] GC(253)   Post Evacuate Collection Set: 2.7ms
[2025-08-20T13:31:54.226+0000][1692007][info ][gc,phases   ] GC(253)   Other: 0.0ms
[2025-08-20T13:31:54.226+0000][1692007][trace][gc,age      ] GC(253) Age table with threshold 15 (max threshold 15)
[2025-08-20T13:31:54.226+0000][1692007][trace][gc,age      ] GC(253) - age   1:      11448 bytes,      11448 total
[2025-08-20T13:31:54.226+0000][1692007][trace][gc,age      ] GC(253) - age   4:        336 bytes,      11784 total
[2025-08-20T13:31:54.226+0000][1692007][trace][gc,age      ] GC(253) - age   6:       2440 bytes,      14224 total
[2025-08-20T13:31:54.226+0000][1692007][trace][gc,age      ] GC(253) - age   7:         56 bytes,      14280 total
[2025-08-20T13:31:54.226+0000][1692007][trace][gc,age      ] GC(253) - age   8:       5800 bytes,      20080 total
[2025-08-20T13:31:54.226+0000][1692007][trace][gc,age      ] GC(253) - age  10:       3872 bytes,      23952 total
[2025-08-20T13:31:54.226+0000][1692007][trace][gc,age      ] GC(253) - age  12:        432 bytes,      24384 total
[2025-08-20T13:31:54.226+0000][1692007][trace][gc,age      ] GC(253) - age  13:        456 bytes,      24840 total
[2025-08-20T13:31:54.226+0000][1692007][info ][gc,heap     ] GC(253) Eden regions: 75->0(75)
[2025-08-20T13:31:54.226+0000][1692007][info ][gc,heap     ] GC(253) Survivor regions: 1->1(10)
[2025-08-20T13:31:54.226+0000][1692007][info ][gc,heap     ] GC(253) Old regions: 23->23
[2025-08-20T13:31:54.226+0000][1692007][info ][gc,heap     ] GC(253) Humongous regions: 0->0
[2025-08-20T13:31:54.226+0000][1692007][info ][gc,metaspace] GC(253) Metaspace: 141938K(147968K)->141938K(147968K) NonClass: 123123K(126720K)->123123K(126720K) Class: 18815K(21248K)->18815K(21248K)
[2025-08-20T13:31:54.226+0000][1692007][info ][gc          ] GC(253) Pause Young (Concurrent Start) (G1 Evacuation Pause) 391M->91M(512M) 4.319ms
[2025-08-20T13:31:54.226+0000][1692007][info ][gc,cpu      ] GC(253) User=0.00s Sys=0.00s Real=0.01s
[2025-08-20T13:31:54.226+0000][1692007][info ][safepoint   ] Safepoint "G1CollectForAllocation", Time since last: 191016798087 ns, Reaching safepoint: 7171 ns, Cleanup: 2584 ns, At safepoint: 4355770 ns, Total: 4365525 ns
[2025-08-20T13:31:54.229+0000][1692007][info ][gc          ] GC(254) Concurrent Mark Cycle
[2025-08-20T13:31:54.229+0000][1692007][info ][gc,marking  ] GC(254) Concurrent Scan Root Regions
[2025-08-20T13:31:54.230+0000][1692007][info ][gc,marking  ] GC(254) Concurrent Scan Root Regions 0.446ms
[2025-08-20T13:31:54.230+0000][1692007][info ][gc,marking  ] GC(254) Concurrent Mark
[2025-08-20T13:31:54.230+0000][1692007][info ][gc,marking  ] GC(254) Concurrent Mark From Roots
[2025-08-20T13:31:54.230+0000][1692007][info ][gc,task     ] GC(254) Using 1 workers of 1 for marking
[2025-08-20T13:31:54.444+0000][1692007][info ][gc,marking  ] GC(254) Concurrent Mark From Roots 214.449ms
[2025-08-20T13:31:54.444+0000][1692007][info ][gc,marking  ] GC(254) Concurrent Preclean
[2025-08-20T13:31:54.445+0000][1692007][info ][gc,marking  ] GC(254) Concurrent Preclean 0.432ms
[2025-08-20T13:31:54.445+0000][1692007][info ][gc,start    ] GC(254) Pause Remark
[2025-08-20T13:31:54.449+0000][1692007][info ][gc          ] GC(254) Pause Remark 96M->96M(512M) 4.494ms
[2025-08-20T13:31:54.449+0000][1692007][info ][gc,cpu      ] GC(254) User=0.01s Sys=0.00s Real=0.01s
[2025-08-20T13:31:54.449+0000][1692007][info ][safepoint   ] Safepoint "G1PauseRemark", Time since last: 218964817 ns, Reaching safepoint: 5759 ns, Cleanup: 3305 ns, At safepoint: 4526918 ns, Total: 4535982 ns
[2025-08-20T13:31:54.449+0000][1692007][info ][gc,marking  ] GC(254) Concurrent Mark 219.487ms
[2025-08-20T13:31:54.449+0000][1692007][info ][gc,marking  ] GC(254) Concurrent Rebuild Remembered Sets and Scrub Regions
[2025-08-20T13:31:54.527+0000][1692007][info ][gc,marking  ] GC(254) Concurrent Rebuild Remembered Sets and Scrub Regions 77.594ms
[2025-08-20T13:31:54.527+0000][1692007][info ][gc,start    ] GC(254) Pause Cleanup
[2025-08-20T13:31:54.527+0000][1692007][info ][gc          ] GC(254) Pause Cleanup 96M->96M(512M) 0.042ms
[2025-08-20T13:31:54.527+0000][1692007][info ][gc,cpu      ] GC(254) User=0.00s Sys=0.00s Real=0.00s
[2025-08-20T13:31:54.527+0000][1692007][info ][safepoint   ] Safepoint "G1PauseCleanup", Time since last: 77655112 ns, Reaching safepoint: 4176 ns, Cleanup: 1633 ns, At safepoint: 68593 ns, Total: 74402 ns
[2025-08-20T13:31:54.527+0000][1692007][info ][gc,marking  ] GC(254) Concurrent Clear Claimed Marks
[2025-08-20T13:31:54.527+0000][1692007][info ][gc,marking  ] GC(254) Concurrent Clear Claimed Marks 0.180ms
[2025-08-20T13:31:54.527+0000][1692007][info ][gc,marking  ] GC(254) Concurrent Cleanup for Next Mark
[2025-08-20T13:31:54.528+0000][1692007][info ][gc,marking  ] GC(254) Concurrent Cleanup for Next Mark 0.290ms
[2025-08-20T13:31:54.528+0000][1692007][info ][gc          ] GC(254) Concurrent Mark Cycle 298.162ms
[2025-08-20T13:33:43.536+0000][1692007][info ][safepoint   ] Safepoint "Cleanup", Time since last: 109008899107 ns, Reaching safepoint: 6940 ns, Cleanup: 14983 ns, At safepoint: 2083 ns, Total: 24006 ns
[2025-08-20T13:33:59.537+0000][1692007][info ][safepoint   ] Safepoint "Cleanup", Time since last: 16001388747 ns, Reaching safepoint: 44647 ns, Cleanup: 11117 ns, At safepoint: 2304 ns, Total: 58068 ns
[2025-08-20T13:41:28.341+0000][1692007][info ][safepoint   ] Safepoint "Cleanup", Time since last: 448803441077 ns, Reaching safepoint: 4998 ns, Cleanup: 9825 ns, At safepoint: 280163 ns, Total: 294986 ns
[2025-08-20T13:43:34.794+0000][1692007][info ][gc,start    ] GC(255) Pause Young (Normal) (G1 Evacuation Pause)
[2025-08-20T13:43:34.794+0000][1692007][info ][gc,task     ] GC(255) Using 1 workers of 1 for evacuation
[2025-08-20T13:43:34.794+0000][1692007][debug][gc,age      ] GC(255) Desired survivor size 20971520 bytes, new threshold 15 (max threshold 15)
[2025-08-20T13:43:34.797+0000][1692007][info ][gc,phases   ] GC(255)   Pre Evacuate Collection Set: 0.1ms
[2025-08-20T13:43:34.797+0000][1692007][info ][gc,phases   ] GC(255)   Merge Heap Roots: 0.0ms
[2025-08-20T13:43:34.797+0000][1692007][info ][gc,phases   ] GC(255)   Evacuate Collection Set: 1.8ms
[2025-08-20T13:43:34.797+0000][1692007][info ][gc,phases   ] GC(255)   Post Evacuate Collection Set: 1.6ms
[2025-08-20T13:43:34.797+0000][1692007][info ][gc,phases   ] GC(255)   Other: 0.0ms
[2025-08-20T13:43:34.797+0000][1692007][trace][gc,age      ] GC(255) Age table with threshold 15 (max threshold 15)
[2025-08-20T13:43:34.797+0000][1692007][trace][gc,age      ] GC(255) - age   1:      21376 bytes,      21376 total
[2025-08-20T13:43:34.797+0000][1692007][trace][gc,age      ] GC(255) - age   2:        464 bytes,      21840 total
[2025-08-20T13:43:34.797+0000][1692007][trace][gc,age      ] GC(255) - age   5:        336 bytes,      22176 total
[2025-08-20T13:43:34.797+0000][1692007][trace][gc,age      ] GC(255) - age   7:       2440 bytes,      24616 total
[2025-08-20T13:43:34.797+0000][1692007][trace][gc,age      ] GC(255) - age   8:         56 bytes,      24672 total
[2025-08-20T13:43:34.797+0000][1692007][trace][gc,age      ] GC(255) - age   9:       5800 bytes,      30472 total
[2025-08-20T13:43:34.797+0000][1692007][trace][gc,age      ] GC(255) - age  11:       3872 bytes,      34344 total
[2025-08-20T13:43:34.797+0000][1692007][trace][gc,age      ] GC(255) - age  13:        432 bytes,      34776 total
[2025-08-20T13:43:34.797+0000][1692007][trace][gc,age      ] GC(255) - age  14:        456 bytes,      35232 total
[2025-08-20T13:43:34.797+0000][1692007][info ][gc,heap     ] GC(255) Eden regions: 75->0(75)
[2025-08-20T13:43:34.797+0000][1692007][info ][gc,heap     ] GC(255) Survivor regions: 1->1(10)
[2025-08-20T13:43:34.797+0000][1692007][info ][gc,heap     ] GC(255) Old regions: 23->23
[2025-08-20T13:43:34.797+0000][1692007][info ][gc,heap     ] GC(255) Humongous regions: 0->0
[2025-08-20T13:43:34.797+0000][1692007][info ][gc,metaspace] GC(255) Metaspace: 141938K(147968K)->141938K(147968K) NonClass: 123123K(126720K)->123123K(126720K) Class: 18815K(21248K)->18815K(21248K)
[2025-08-20T13:43:34.797+0000][1692007][info ][gc          ] GC(255) Pause Young (Normal) (G1 Evacuation Pause) 391M->91M(512M) 3.792ms
[2025-08-20T13:43:34.797+0000][1692007][info ][gc,cpu      ] GC(255) User=0.00s Sys=0.00s Real=0.01s
[2025-08-20T13:43:34.797+0000][1692007][info ][safepoint   ] Safepoint "G1CollectForAllocation", Time since last: 126452497634 ns, Reaching safepoint: 7561 ns, Cleanup: 2564 ns, At safepoint: 3828287 ns, Total: 3838412 ns
[2025-08-20T13:55:20.380+0000][1692007][info ][gc,start    ] GC(256) Pause Young (Concurrent Start) (G1 Evacuation Pause)
[2025-08-20T13:55:20.380+0000][1692007][info ][gc,task     ] GC(256) Using 1 workers of 1 for evacuation
[2025-08-20T13:55:20.380+0000][1692007][debug][gc,age      ] GC(256) Desired survivor size 20971520 bytes, new threshold 15 (max threshold 15)
[2025-08-20T13:55:20.385+0000][1692007][info ][gc,phases   ] GC(256)   Pre Evacuate Collection Set: 0.2ms
[2025-08-20T13:55:20.385+0000][1692007][info ][gc,phases   ] GC(256)   Merge Heap Roots: 0.0ms
[2025-08-20T13:55:20.385+0000][1692007][info ][gc,phases   ] GC(256)   Evacuate Collection Set: 1.2ms
[2025-08-20T13:55:20.385+0000][1692007][info ][gc,phases   ] GC(256)   Post Evacuate Collection Set: 2.9ms
[2025-08-20T13:55:20.385+0000][1692007][info ][gc,phases   ] GC(256)   Other: 0.0ms
[2025-08-20T13:55:20.385+0000][1692007][trace][gc,age      ] GC(256) Age table with threshold 15 (max threshold 15)
[2025-08-20T13:55:20.385+0000][1692007][trace][gc,age      ] GC(256) - age   1:      11072 bytes,      11072 total
[2025-08-20T13:55:20.385+0000][1692007][trace][gc,age      ] GC(256) - age   2:       1920 bytes,      12992 total
[2025-08-20T13:55:20.385+0000][1692007][trace][gc,age      ] GC(256) - age   3:        464 bytes,      13456 total
[2025-08-20T13:55:20.385+0000][1692007][trace][gc,age      ] GC(256) - age   6:        160 bytes,      13616 total
[2025-08-20T13:55:20.385+0000][1692007][trace][gc,age      ] GC(256) - age   8:       2440 bytes,      16056 total
[2025-08-20T13:55:20.385+0000][1692007][trace][gc,age      ] GC(256) - age   9:         56 bytes,      16112 total
[2025-08-20T13:55:20.385+0000][1692007][trace][gc,age      ] GC(256) - age  10:       5800 bytes,      21912 total
[2025-08-20T13:55:20.385+0000][1692007][trace][gc,age      ] GC(256) - age  12:       3872 bytes,      25784 total
[2025-08-20T13:55:20.385+0000][1692007][trace][gc,age      ] GC(256) - age  14:        432 bytes,      26216 total
[2025-08-20T13:55:20.385+0000][1692007][trace][gc,age      ] GC(256) - age  15:        456 bytes,      26672 total
[2025-08-20T13:55:20.385+0000][1692007][info ][gc,heap     ] GC(256) Eden regions: 75->0(75)
[2025-08-20T13:55:20.385+0000][1692007][info ][gc,heap     ] GC(256) Survivor regions: 1->1(10)
[2025-08-20T13:55:20.385+0000][1692007][info ][gc,heap     ] GC(256) Old regions: 23->23
[2025-08-20T13:55:20.385+0000][1692007][info ][gc,heap     ] GC(256) Humongous regions: 0->0
[2025-08-20T13:55:20.385+0000][1692007][info ][gc,metaspace] GC(256) Metaspace: 141938K(147968K)->141938K(147968K) NonClass: 123123K(126720K)->123123K(126720K) Class: 18815K(21248K)->18815K(21248K)
[2025-08-20T13:55:20.385+0000][1692007][info ][gc          ] GC(256) Pause Young (Concurrent Start) (G1 Evacuation Pause) 391M->91M(512M) 4.641ms
[2025-08-20T13:55:20.385+0000][1692007][info ][gc,cpu      ] GC(256) User=0.00s Sys=0.00s Real=0.00s
[2025-08-20T13:55:20.385+0000][1692007][info ][safepoint   ] Safepoint "G1CollectForAllocation", Time since last: 705582540584 ns, Reaching safepoint: 7862 ns, Cleanup: 2744 ns, At safepoint: 4677477 ns, Total: 4688083 ns
[2025-08-20T13:55:20.391+0000][1692007][info ][gc          ] GC(257) Concurrent Mark Cycle
[2025-08-20T13:55:20.391+0000][1692007][info ][gc,marking  ] GC(257) Concurrent Scan Root Regions
[2025-08-20T13:55:20.392+0000][1692007][info ][gc,marking  ] GC(257) Concurrent Scan Root Regions 0.407ms
[2025-08-20T13:55:20.392+0000][1692007][info ][gc,marking  ] GC(257) Concurrent Mark
[2025-08-20T13:55:20.392+0000][1692007][info ][gc,marking  ] GC(257) Concurrent Mark From Roots
[2025-08-20T13:55:20.392+0000][1692007][info ][gc,task     ] GC(257) Using 1 workers of 1 for marking
[2025-08-20T13:55:20.505+0000][1692007][info ][gc,marking  ] GC(257) Concurrent Mark From Roots 113.552ms
[2025-08-20T13:55:20.505+0000][1692007][info ][gc,marking  ] GC(257) Concurrent Preclean
[2025-08-20T13:55:20.506+0000][1692007][info ][gc,marking  ] GC(257) Concurrent Preclean 0.347ms
[2025-08-20T13:55:20.506+0000][1692007][info ][gc,start    ] GC(257) Pause Remark
[2025-08-20T13:55:20.510+0000][1692007][info ][gc          ] GC(257) Pause Remark 93M->93M(512M) 4.259ms
[2025-08-20T13:55:20.510+0000][1692007][info ][gc,cpu      ] GC(257) User=0.00s Sys=0.00s Real=0.00s
[2025-08-20T13:55:20.510+0000][1692007][info ][safepoint   ] Safepoint "G1PauseRemark", Time since last: 121051241 ns, Reaching safepoint: 4217 ns, Cleanup: 1872 ns, At safepoint: 4295239 ns, Total: 4301328 ns
[2025-08-20T13:55:20.510+0000][1692007][info ][gc,marking  ] GC(257) Concurrent Mark 118.279ms
[2025-08-20T13:55:20.510+0000][1692007][info ][gc,marking  ] GC(257) Concurrent Rebuild Remembered Sets and Scrub Regions
[2025-08-20T13:55:20.555+0000][1692007][info ][gc,marking  ] GC(257) Concurrent Rebuild Remembered Sets and Scrub Regions 44.694ms
[2025-08-20T13:55:20.555+0000][1692007][info ][gc,start    ] GC(257) Pause Cleanup
[2025-08-20T13:55:20.555+0000][1692007][info ][gc          ] GC(257) Pause Cleanup 93M->93M(512M) 0.031ms
[2025-08-20T13:55:20.555+0000][1692007][info ][gc,cpu      ] GC(257) User=0.00s Sys=0.00s Real=0.00s
[2025-08-20T13:55:20.555+0000][1692007][info ][safepoint   ] Safepoint "G1PauseCleanup", Time since last: 44739778 ns, Reaching safepoint: 3425 ns, Cleanup: 1092 ns, At safepoint: 92139 ns, Total: 96656 ns
[2025-08-20T13:55:20.555+0000][1692007][info ][gc,marking  ] GC(257) Concurrent Clear Claimed Marks
[2025-08-20T13:55:20.555+0000][1692007][info ][gc,marking  ] GC(257) Concurrent Clear Claimed Marks 0.145ms
[2025-08-20T13:55:20.555+0000][1692007][info ][gc,marking  ] GC(257) Concurrent Cleanup for Next Mark
[2025-08-20T13:55:20.567+0000][1692007][info ][gc,marking  ] GC(257) Concurrent Cleanup for Next Mark 11.508ms
[2025-08-20T13:55:20.567+0000][1692007][info ][gc          ] GC(257) Concurrent Mark Cycle 175.208ms
[2025-08-20T14:07:05.949+0000][1692007][info ][gc,start    ] GC(258) Pause Young (Normal) (G1 Evacuation Pause)
[2025-08-20T14:07:05.949+0000][1692007][info ][gc,task     ] GC(258) Using 1 workers of 1 for evacuation
[2025-08-20T14:07:05.949+0000][1692007][debug][gc,age      ] GC(258) Desired survivor size 20971520 bytes, new threshold 15 (max threshold 15)
[2025-08-20T14:07:05.952+0000][1692007][info ][gc,phases   ] GC(258)   Pre Evacuate Collection Set: 0.0ms
[2025-08-20T14:07:05.952+0000][1692007][info ][gc,phases   ] GC(258)   Merge Heap Roots: 0.0ms
[2025-08-20T14:07:05.952+0000][1692007][info ][gc,phases   ] GC(258)   Evacuate Collection Set: 1.7ms
[2025-08-20T14:07:05.952+0000][1692007][info ][gc,phases   ] GC(258)   Post Evacuate Collection Set: 1.2ms
[2025-08-20T14:07:05.952+0000][1692007][info ][gc,phases   ] GC(258)   Other: 0.0ms
[2025-08-20T14:07:05.952+0000][1692007][trace][gc,age      ] GC(258) Age table with threshold 15 (max threshold 15)
[2025-08-20T14:07:05.952+0000][1692007][trace][gc,age      ] GC(258) - age   1:      11048 bytes,      11048 total
[2025-08-20T14:07:05.952+0000][1692007][trace][gc,age      ] GC(258) - age   2:        176 bytes,      11224 total
[2025-08-20T14:07:05.952+0000][1692007][trace][gc,age      ] GC(258) - age   3:       1920 bytes,      13144 total
[2025-08-20T14:07:05.952+0000][1692007][trace][gc,age      ] GC(258) - age   4:        464 bytes,      13608 total
[2025-08-20T14:07:05.952+0000][1692007][trace][gc,age      ] GC(258) - age   7:        160 bytes,      13768 total
[2025-08-20T14:07:05.952+0000][1692007][trace][gc,age      ] GC(258) - age   9:       2440 bytes,      16208 total
[2025-08-20T14:07:05.952+0000][1692007][trace][gc,age      ] GC(258) - age  10:         56 bytes,      16264 total
[2025-08-20T14:07:05.952+0000][1692007][trace][gc,age      ] GC(258) - age  11:       5800 bytes,      22064 total
[2025-08-20T14:07:05.952+0000][1692007][trace][gc,age      ] GC(258) - age  13:       3872 bytes,      25936 total
[2025-08-20T14:07:05.952+0000][1692007][trace][gc,age      ] GC(258) - age  15:        432 bytes,      26368 total
[2025-08-20T14:07:05.952+0000][1692007][info ][gc,heap     ] GC(258) Eden regions: 75->0(75)
[2025-08-20T14:07:05.952+0000][1692007][info ][gc,heap     ] GC(258) Survivor regions: 1->1(10)
[2025-08-20T14:07:05.952+0000][1692007][info ][gc,heap     ] GC(258) Old regions: 23->23
[2025-08-20T14:07:05.952+0000][1692007][info ][gc,heap     ] GC(258) Humongous regions: 0->0
[2025-08-20T14:07:05.952+0000][1692007][info ][gc,metaspace] GC(258) Metaspace: 141938K(147968K)->141938K(147968K) NonClass: 123123K(126720K)->123123K(126720K) Class: 18815K(21248K)->18815K(21248K)
[2025-08-20T14:07:05.952+0000][1692007][info ][gc          ] GC(258) Pause Young (Normal) (G1 Evacuation Pause) 391M->91M(512M) 3.322ms
[2025-08-20T14:07:05.952+0000][1692007][info ][gc,cpu      ] GC(258) User=0.00s Sys=0.00s Real=0.00s
[2025-08-20T14:07:05.952+0000][1692007][info ][safepoint   ] Safepoint "G1CollectForAllocation", Time since last: 705394090662 ns, Reaching safepoint: 6790 ns, Cleanup: 2444 ns, At safepoint: 3353185 ns, Total: 3362419 ns
[2025-08-20T14:18:50.774+0000][1692007][info ][gc,start    ] GC(259) Pause Young (Concurrent Start) (G1 Evacuation Pause)
[2025-08-20T14:18:50.774+0000][1692007][info ][gc,task     ] GC(259) Using 1 workers of 1 for evacuation
[2025-08-20T14:18:50.774+0000][1692007][debug][gc,age      ] GC(259) Desired survivor size 20971520 bytes, new threshold 15 (max threshold 15)
[2025-08-20T14:18:50.776+0000][1692007][info ][gc,phases   ] GC(259)   Pre Evacuate Collection Set: 0.0ms
[2025-08-20T14:18:50.776+0000][1692007][info ][gc,phases   ] GC(259)   Merge Heap Roots: 0.0ms
[2025-08-20T14:18:50.776+0000][1692007][info ][gc,phases   ] GC(259)   Evacuate Collection Set: 1.3ms
[2025-08-20T14:18:50.776+0000][1692007][info ][gc,phases   ] GC(259)   Post Evacuate Collection Set: 0.8ms
[2025-08-20T14:18:50.776+0000][1692007][info ][gc,phases   ] GC(259)   Other: 0.0ms
[2025-08-20T14:18:50.776+0000][1692007][trace][gc,age      ] GC(259) Age table with threshold 15 (max threshold 15)
[2025-08-20T14:18:50.776+0000][1692007][trace][gc,age      ] GC(259) - age   1:      76912 bytes,      76912 total
[2025-08-20T14:18:50.776+0000][1692007][trace][gc,age      ] GC(259) - age   2:        352 bytes,      77264 total
[2025-08-20T14:18:50.776+0000][1692007][trace][gc,age      ] GC(259) - age   3:        176 bytes,      77440 total
[2025-08-20T14:18:50.776+0000][1692007][trace][gc,age      ] GC(259) - age   4:       1920 bytes,      79360 total
[2025-08-20T14:18:50.776+0000][1692007][trace][gc,age      ] GC(259) - age   5:        464 bytes,      79824 total
[2025-08-20T14:18:50.776+0000][1692007][trace][gc,age      ] GC(259) - age   8:        160 bytes,      79984 total
[2025-08-20T14:18:50.776+0000][1692007][trace][gc,age      ] GC(259) - age  10:       2440 bytes,      82424 total
[2025-08-20T14:18:50.776+0000][1692007][trace][gc,age      ] GC(259) - age  11:         56 bytes,      82480 total
[2025-08-20T14:18:50.776+0000][1692007][trace][gc,age      ] GC(259) - age  12:       5800 bytes,      88280 total
[2025-08-20T14:18:50.776+0000][1692007][trace][gc,age      ] GC(259) - age  14:       3872 bytes,      92152 total
[2025-08-20T14:18:50.776+0000][1692007][info ][gc,heap     ] GC(259) Eden regions: 75->0(75)
[2025-08-20T14:18:50.776+0000][1692007][info ][gc,heap     ] GC(259) Survivor regions: 1->1(10)
[2025-08-20T14:18:50.776+0000][1692007][info ][gc,heap     ] GC(259) Old regions: 23->23
[2025-08-20T14:18:50.776+0000][1692007][info ][gc,heap     ] GC(259) Humongous regions: 0->0
[2025-08-20T14:18:50.776+0000][1692007][info ][gc,metaspace] GC(259) Metaspace: 141938K(147968K)->141938K(147968K) NonClass: 123123K(126720K)->123123K(126720K) Class: 18815K(21248K)->18815K(21248K)
[2025-08-20T14:18:50.776+0000][1692007][info ][gc          ] GC(259) Pause Young (Concurrent Start) (G1 Evacuation Pause) 391M->91M(512M) 2.530ms
[2025-08-20T14:18:50.776+0000][1692007][info ][gc,cpu      ] GC(259) User=0.00s Sys=0.00s Real=0.01s
[2025-08-20T14:18:50.776+0000][1692007][info ][safepoint   ] Safepoint "G1CollectForAllocation", Time since last: 704821357817 ns, Reaching safepoint: 7371 ns, Cleanup: 3245 ns, At safepoint: 2565005 ns, Total: 2575621 ns
[2025-08-20T14:18:50.782+0000][1692007][info ][gc          ] GC(260) Concurrent Mark Cycle
[2025-08-20T14:18:50.782+0000][1692007][info ][gc,marking  ] GC(260) Concurrent Scan Root Regions
[2025-08-20T14:18:50.783+0000][1692007][info ][gc,marking  ] GC(260) Concurrent Scan Root Regions 0.827ms
[2025-08-20T14:18:50.783+0000][1692007][info ][gc,marking  ] GC(260) Concurrent Mark
[2025-08-20T14:18:50.783+0000][1692007][info ][gc,marking  ] GC(260) Concurrent Mark From Roots
[2025-08-20T14:18:50.783+0000][1692007][info ][gc,task     ] GC(260) Using 1 workers of 1 for marking
[2025-08-20T14:18:50.904+0000][1692007][info ][gc,marking  ] GC(260) Concurrent Mark From Roots 120.902ms
[2025-08-20T14:18:50.904+0000][1692007][info ][gc,marking  ] GC(260) Concurrent Preclean
[2025-08-20T14:18:50.905+0000][1692007][info ][gc,marking  ] GC(260) Concurrent Preclean 0.368ms
[2025-08-20T14:18:50.905+0000][1692007][info ][gc,start    ] GC(260) Pause Remark
[2025-08-20T14:18:50.909+0000][1692007][info ][gc          ] GC(260) Pause Remark 93M->93M(512M) 4.122ms
[2025-08-20T14:18:50.909+0000][1692007][info ][gc,cpu      ] GC(260) User=0.01s Sys=0.00s Real=0.01s
[2025-08-20T14:18:50.909+0000][1692007][info ][safepoint   ] Safepoint "G1PauseRemark", Time since last: 128264925 ns, Reaching safepoint: 5077 ns, Cleanup: 3075 ns, At safepoint: 4197561 ns, Total: 4205713 ns
[2025-08-20T14:18:50.909+0000][1692007][info ][gc,marking  ] GC(260) Concurrent Mark 125.549ms
[2025-08-20T14:18:50.909+0000][1692007][info ][gc,marking  ] GC(260) Concurrent Rebuild Remembered Sets and Scrub Regions
[2025-08-20T14:18:50.956+0000][1692007][info ][gc,marking  ] GC(260) Concurrent Rebuild Remembered Sets and Scrub Regions 47.105ms
[2025-08-20T14:18:50.956+0000][1692007][info ][gc,start    ] GC(260) Pause Cleanup
[2025-08-20T14:18:50.956+0000][1692007][info ][gc          ] GC(260) Pause Cleanup 93M->93M(512M) 0.032ms
[2025-08-20T14:18:50.956+0000][1692007][info ][gc,cpu      ] GC(260) User=0.00s Sys=0.00s Real=0.00s
[2025-08-20T14:18:50.956+0000][1692007][info ][safepoint   ] Safepoint "G1PauseCleanup", Time since last: 47154520 ns, Reaching safepoint: 3526 ns, Cleanup: 781 ns, At safepoint: 56064 ns, Total: 60371 ns
[2025-08-20T14:18:50.956+0000][1692007][info ][gc,marking  ] GC(260) Concurrent Clear Claimed Marks
[2025-08-20T14:18:50.956+0000][1692007][info ][gc,marking  ] GC(260) Concurrent Clear Claimed Marks 0.145ms
[2025-08-20T14:18:50.956+0000][1692007][info ][gc,marking  ] GC(260) Concurrent Cleanup for Next Mark
[2025-08-20T14:18:50.956+0000][1692007][info ][gc,marking  ] GC(260) Concurrent Cleanup for Next Mark 0.274ms
[2025-08-20T14:18:50.956+0000][1692007][info ][gc          ] GC(260) Concurrent Mark Cycle 174.042ms
[2025-08-20T14:30:32.089+0000][1692007][info ][gc,start    ] GC(261) Pause Young (Normal) (G1 Evacuation Pause)
[2025-08-20T14:30:32.089+0000][1692007][info ][gc,task     ] GC(261) Using 1 workers of 1 for evacuation
[2025-08-20T14:30:32.089+0000][1692007][debug][gc,age      ] GC(261) Desired survivor size 20971520 bytes, new threshold 15 (max threshold 15)
[2025-08-20T14:30:32.092+0000][1692007][info ][gc,phases   ] GC(261)   Pre Evacuate Collection Set: 0.0ms
[2025-08-20T14:30:32.092+0000][1692007][info ][gc,phases   ] GC(261)   Merge Heap Roots: 0.0ms
[2025-08-20T14:30:32.092+0000][1692007][info ][gc,phases   ] GC(261)   Evacuate Collection Set: 1.7ms
[2025-08-20T14:30:32.092+0000][1692007][info ][gc,phases   ] GC(261)   Post Evacuate Collection Set: 1.0ms
[2025-08-20T14:30:32.092+0000][1692007][info ][gc,phases   ] GC(261)   Other: 0.0ms
[2025-08-20T14:30:32.092+0000][1692007][trace][gc,age      ] GC(261) Age table with threshold 15 (max threshold 15)
[2025-08-20T14:30:32.092+0000][1692007][trace][gc,age      ] GC(261) - age   1:      10968 bytes,      10968 total
[2025-08-20T14:30:32.092+0000][1692007][trace][gc,age      ] GC(261) - age   2:        136 bytes,      11104 total
[2025-08-20T14:30:32.092+0000][1692007][trace][gc,age      ] GC(261) - age   4:        176 bytes,      11280 total
[2025-08-20T14:30:32.092+0000][1692007][trace][gc,age      ] GC(261) - age   5:       1920 bytes,      13200 total
[2025-08-20T14:30:32.092+0000][1692007][trace][gc,age      ] GC(261) - age   6:        464 bytes,      13664 total
[2025-08-20T14:30:32.092+0000][1692007][trace][gc,age      ] GC(261) - age   9:        160 bytes,      13824 total
[2025-08-20T14:30:32.092+0000][1692007][trace][gc,age      ] GC(261) - age  11:       2440 bytes,      16264 total
[2025-08-20T14:30:32.092+0000][1692007][trace][gc,age      ] GC(261) - age  12:         56 bytes,      16320 total
[2025-08-20T14:30:32.092+0000][1692007][trace][gc,age      ] GC(261) - age  13:       5800 bytes,      22120 total
[2025-08-20T14:30:32.092+0000][1692007][trace][gc,age      ] GC(261) - age  15:       3872 bytes,      25992 total
[2025-08-20T14:30:32.092+0000][1692007][info ][gc,heap     ] GC(261) Eden regions: 75->0(75)
[2025-08-20T14:30:32.092+0000][1692007][info ][gc,heap     ] GC(261) Survivor regions: 1->1(10)
[2025-08-20T14:30:32.092+0000][1692007][info ][gc,heap     ] GC(261) Old regions: 23->23
[2025-08-20T14:30:32.092+0000][1692007][info ][gc,heap     ] GC(261) Humongous regions: 0->0
[2025-08-20T14:30:32.092+0000][1692007][info ][gc,metaspace] GC(261) Metaspace: 141938K(147968K)->141938K(147968K) NonClass: 123123K(126720K)->123123K(126720K) Class: 18815K(21248K)->18815K(21248K)
[2025-08-20T14:30:32.092+0000][1692007][info ][gc          ] GC(261) Pause Young (Normal) (G1 Evacuation Pause) 391M->91M(512M) 3.102ms
[2025-08-20T14:30:32.092+0000][1692007][info ][gc,cpu      ] GC(261) User=0.00s Sys=0.00s Real=0.00s
[2025-08-20T14:30:32.092+0000][1692007][info ][safepoint   ] Safepoint "G1CollectForAllocation", Time since last: 701132662615 ns, Reaching safepoint: 8583 ns, Cleanup: 2624 ns, At safepoint: 3135707 ns, Total: 3146914 ns
[2025-08-20T14:42:17.675+0000][1692007][info ][gc,start    ] GC(262) Pause Young (Concurrent Start) (G1 Evacuation Pause)
[2025-08-20T14:42:17.675+0000][1692007][info ][gc,task     ] GC(262) Using 1 workers of 1 for evacuation
[2025-08-20T14:42:17.675+0000][1692007][debug][gc,age      ] GC(262) Desired survivor size 20971520 bytes, new threshold 15 (max threshold 15)
[2025-08-20T14:42:17.679+0000][1692007][info ][gc,phases   ] GC(262)   Pre Evacuate Collection Set: 0.0ms
[2025-08-20T14:42:17.679+0000][1692007][info ][gc,phases   ] GC(262)   Merge Heap Roots: 0.0ms
[2025-08-20T14:42:17.679+0000][1692007][info ][gc,phases   ] GC(262)   Evacuate Collection Set: 1.2ms
[2025-08-20T14:42:17.679+0000][1692007][info ][gc,phases   ] GC(262)   Post Evacuate Collection Set: 2.8ms
[2025-08-20T14:42:17.679+0000][1692007][info ][gc,phases   ] GC(262)   Other: 0.0ms
[2025-08-20T14:42:17.679+0000][1692007][trace][gc,age      ] GC(262) Age table with threshold 15 (max threshold 15)
[2025-08-20T14:42:17.679+0000][1692007][trace][gc,age      ] GC(262) - age   1:      10968 bytes,      10968 total
[2025-08-20T14:42:17.679+0000][1692007][trace][gc,age      ] GC(262) - age   3:        136 bytes,      11104 total
[2025-08-20T14:42:17.679+0000][1692007][trace][gc,age      ] GC(262) - age   5:        176 bytes,      11280 total
[2025-08-20T14:42:17.679+0000][1692007][trace][gc,age      ] GC(262) - age   6:       1920 bytes,      13200 total
[2025-08-20T14:42:17.679+0000][1692007][trace][gc,age      ] GC(262) - age   7:        464 bytes,      13664 total
[2025-08-20T14:42:17.679+0000][1692007][trace][gc,age      ] GC(262) - age  10:        160 bytes,      13824 total
[2025-08-20T14:42:17.679+0000][1692007][trace][gc,age      ] GC(262) - age  12:       2440 bytes,      16264 total
[2025-08-20T14:42:17.679+0000][1692007][trace][gc,age      ] GC(262) - age  13:         56 bytes,      16320 total
[2025-08-20T14:42:17.679+0000][1692007][trace][gc,age      ] GC(262) - age  14:       5800 bytes,      22120 total
[2025-08-20T14:42:17.679+0000][1692007][info ][gc,heap     ] GC(262) Eden regions: 75->0(75)
[2025-08-20T14:42:17.679+0000][1692007][info ][gc,heap     ] GC(262) Survivor regions: 1->1(10)
[2025-08-20T14:42:17.679+0000][1692007][info ][gc,heap     ] GC(262) Old regions: 23->23
[2025-08-20T14:42:17.679+0000][1692007][info ][gc,heap     ] GC(262) Humongous regions: 0->0
[2025-08-20T14:42:17.679+0000][1692007][info ][gc,metaspace] GC(262) Metaspace: 141938K(147968K)->141938K(147968K) NonClass: 123123K(126720K)->123123K(126720K) Class: 18815K(21248K)->18815K(21248K)
[2025-08-20T14:42:17.679+0000][1692007][info ][gc          ] GC(262) Pause Young (Concurrent Start) (G1 Evacuation Pause) 391M->91M(512M) 4.390ms
[2025-08-20T14:42:17.679+0000][1692007][info ][gc,cpu      ] GC(262) User=0.00s Sys=0.00s Real=0.01s
[2025-08-20T14:42:17.679+0000][1692007][info ][safepoint   ] Safepoint "G1CollectForAllocation", Time since last: 705582967505 ns, Reaching safepoint: 7151 ns, Cleanup: 2654 ns, At safepoint: 4427919 ns, Total: 4437724 ns
[2025-08-20T14:42:17.682+0000][1692007][info ][gc          ] GC(263) Concurrent Mark Cycle
[2025-08-20T14:42:17.682+0000][1692007][info ][gc,marking  ] GC(263) Concurrent Scan Root Regions
[2025-08-20T14:42:17.683+0000][1692007][info ][gc,marking  ] GC(263) Concurrent Scan Root Regions 0.427ms
[2025-08-20T14:42:17.683+0000][1692007][info ][gc,marking  ] GC(263) Concurrent Mark
[2025-08-20T14:42:17.683+0000][1692007][info ][gc,marking  ] GC(263) Concurrent Mark From Roots
[2025-08-20T14:42:17.683+0000][1692007][info ][gc,task     ] GC(263) Using 1 workers of 1 for marking
[2025-08-20T14:42:17.796+0000][1692007][info ][gc,marking  ] GC(263) Concurrent Mark From Roots 113.191ms
[2025-08-20T14:42:17.796+0000][1692007][info ][gc,marking  ] GC(263) Concurrent Preclean
[2025-08-20T14:42:17.796+0000][1692007][info ][gc,marking  ] GC(263) Concurrent Preclean 0.351ms
[2025-08-20T14:42:17.796+0000][1692007][info ][gc,start    ] GC(263) Pause Remark
[2025-08-20T14:42:17.801+0000][1692007][info ][gc          ] GC(263) Pause Remark 92M->92M(512M) 4.240ms
[2025-08-20T14:42:17.801+0000][1692007][info ][gc,cpu      ] GC(263) User=0.01s Sys=0.00s Real=0.00s
[2025-08-20T14:42:17.801+0000][1692007][info ][safepoint   ] Safepoint "G1PauseRemark", Time since last: 117244906 ns, Reaching safepoint: 5088 ns, Cleanup: 2874 ns, At safepoint: 4280216 ns, Total: 4288178 ns
[2025-08-20T14:42:17.801+0000][1692007][info ][gc,marking  ] GC(263) Concurrent Mark 117.909ms
[2025-08-20T14:42:17.801+0000][1692007][info ][gc,marking  ] GC(263) Concurrent Rebuild Remembered Sets and Scrub Regions
[2025-08-20T14:42:17.847+0000][1692007][info ][gc,marking  ] GC(263) Concurrent Rebuild Remembered Sets and Scrub Regions 46.481ms
[2025-08-20T14:42:17.847+0000][1692007][info ][gc,start    ] GC(263) Pause Cleanup
[2025-08-20T14:42:17.847+0000][1692007][info ][gc          ] GC(263) Pause Cleanup 92M->92M(512M) 0.033ms
[2025-08-20T14:42:17.847+0000][1692007][info ][gc,cpu      ] GC(263) User=0.00s Sys=0.00s Real=0.00s
[2025-08-20T14:42:17.847+0000][1692007][info ][safepoint   ] Safepoint "G1PauseCleanup", Time since last: 46530698 ns, Reaching safepoint: 3415 ns, Cleanup: 1072 ns, At safepoint: 56986 ns, Total: 61473 ns
[2025-08-20T14:42:17.847+0000][1692007][info ][gc,marking  ] GC(263) Concurrent Clear Claimed Marks
[2025-08-20T14:42:17.847+0000][1692007][info ][gc,marking  ] GC(263) Concurrent Clear Claimed Marks 0.162ms
[2025-08-20T14:42:17.847+0000][1692007][info ][gc,marking  ] GC(263) Concurrent Cleanup for Next Mark
[2025-08-20T14:42:17.860+0000][1692007][info ][gc,marking  ] GC(263) Concurrent Cleanup for Next Mark 12.585ms
[2025-08-20T14:42:17.860+0000][1692007][info ][gc          ] GC(263) Concurrent Mark Cycle 177.713ms
[2025-08-20T14:53:59.071+0000][1692007][info ][gc,start    ] GC(264) Pause Young (Normal) (G1 Evacuation Pause)
[2025-08-20T14:53:59.072+0000][1692007][info ][gc,task     ] GC(264) Using 1 workers of 1 for evacuation
[2025-08-20T14:53:59.072+0000][1692007][debug][gc,age      ] GC(264) Desired survivor size 20971520 bytes, new threshold 15 (max threshold 15)
[2025-08-20T14:53:59.074+0000][1692007][info ][gc,phases   ] GC(264)   Pre Evacuate Collection Set: 0.0ms
[2025-08-20T14:53:59.074+0000][1692007][info ][gc,phases   ] GC(264)   Merge Heap Roots: 0.0ms
[2025-08-20T14:53:59.074+0000][1692007][info ][gc,phases   ] GC(264)   Evacuate Collection Set: 1.7ms
[2025-08-20T14:53:59.074+0000][1692007][info ][gc,phases   ] GC(264)   Post Evacuate Collection Set: 0.7ms
[2025-08-20T14:53:59.074+0000][1692007][info ][gc,phases   ] GC(264)   Other: 0.0ms
[2025-08-20T14:53:59.074+0000][1692007][trace][gc,age      ] GC(264) Age table with threshold 15 (max threshold 15)
[2025-08-20T14:53:59.074+0000][1692007][trace][gc,age      ] GC(264) - age   1:       9784 bytes,       9784 total
[2025-08-20T14:53:59.074+0000][1692007][trace][gc,age      ] GC(264) - age   4:        136 bytes,       9920 total
[2025-08-20T14:53:59.074+0000][1692007][trace][gc,age      ] GC(264) - age   7:       1920 bytes,      11840 total
[2025-08-20T14:53:59.074+0000][1692007][trace][gc,age      ] GC(264) - age   8:        464 bytes,      12304 total
[2025-08-20T14:53:59.074+0000][1692007][trace][gc,age      ] GC(264) - age  11:        160 bytes,      12464 total
[2025-08-20T14:53:59.074+0000][1692007][trace][gc,age      ] GC(264) - age  13:       2440 bytes,      14904 total
[2025-08-20T14:53:59.074+0000][1692007][trace][gc,age      ] GC(264) - age  14:         56 bytes,      14960 total
[2025-08-20T14:53:59.074+0000][1692007][trace][gc,age      ] GC(264) - age  15:       5800 bytes,      20760 total
[2025-08-20T14:53:59.074+0000][1692007][info ][gc,heap     ] GC(264) Eden regions: 75->0(75)
[2025-08-20T14:53:59.074+0000][1692007][info ][gc,heap     ] GC(264) Survivor regions: 1->1(10)
[2025-08-20T14:53:59.074+0000][1692007][info ][gc,heap     ] GC(264) Old regions: 23->23
[2025-08-20T14:53:59.074+0000][1692007][info ][gc,heap     ] GC(264) Humongous regions: 0->0
[2025-08-20T14:53:59.074+0000][1692007][info ][gc,metaspace] GC(264) Metaspace: 141938K(147968K)->141938K(147968K) NonClass: 123123K(126720K)->123123K(126720K) Class: 18815K(21248K)->18815K(21248K)
[2025-08-20T14:53:59.075+0000][1692007][info ][gc          ] GC(264) Pause Young (Normal) (G1 Evacuation Pause) 391M->91M(512M) 3.059ms
[2025-08-20T14:53:59.075+0000][1692007][info ][gc,cpu      ] GC(264) User=0.00s Sys=0.00s Real=0.00s
[2025-08-20T14:53:59.075+0000][1692007][info ][safepoint   ] Safepoint "G1CollectForAllocation", Time since last: 701224126403 ns, Reaching safepoint: 8873 ns, Cleanup: 3445 ns, At safepoint: 3091050 ns, Total: 3103368 ns
[2025-08-20T14:55:47.089+0000][1692007][info ][safepoint   ] Safepoint "Cleanup", Time since last: 108014210031 ns, Reaching safepoint: 319783 ns, Cleanup: 10456 ns, At safepoint: 6249 ns, Total: 336488 ns
[2025-08-20T15:05:43.707+0000][1692007][info ][gc,start    ] GC(265) Pause Young (Concurrent Start) (G1 Evacuation Pause)
[2025-08-20T15:05:43.708+0000][1692007][info ][gc,task     ] GC(265) Using 1 workers of 1 for evacuation
[2025-08-20T15:05:43.708+0000][1692007][debug][gc,age      ] GC(265) Desired survivor size 20971520 bytes, new threshold 15 (max threshold 15)
[2025-08-20T15:05:43.710+0000][1692007][info ][gc,phases   ] GC(265)   Pre Evacuate Collection Set: 0.0ms
[2025-08-20T15:05:43.710+0000][1692007][info ][gc,phases   ] GC(265)   Merge Heap Roots: 0.0ms
[2025-08-20T15:05:43.710+0000][1692007][info ][gc,phases   ] GC(265)   Evacuate Collection Set: 1.2ms
[2025-08-20T15:05:43.710+0000][1692007][info ][gc,phases   ] GC(265)   Post Evacuate Collection Set: 1.1ms
[2025-08-20T15:05:43.710+0000][1692007][info ][gc,phases   ] GC(265)   Other: 0.0ms
[2025-08-20T15:05:43.710+0000][1692007][trace][gc,age      ] GC(265) Age table with threshold 15 (max threshold 15)
[2025-08-20T15:05:43.710+0000][1692007][trace][gc,age      ] GC(265) - age   1:      10696 bytes,      10696 total
[2025-08-20T15:05:43.710+0000][1692007][trace][gc,age      ] GC(265) - age   2:        528 bytes,      11224 total
[2025-08-20T15:05:43.710+0000][1692007][trace][gc,age      ] GC(265) - age   5:        136 bytes,      11360 total
[2025-08-20T15:05:43.710+0000][1692007][trace][gc,age      ] GC(265) - age   8:       1920 bytes,      13280 total
[2025-08-20T15:05:43.710+0000][1692007][trace][gc,age      ] GC(265) - age   9:        464 bytes,      13744 total
[2025-08-20T15:05:43.710+0000][1692007][trace][gc,age      ] GC(265) - age  12:        160 bytes,      13904 total
[2025-08-20T15:05:43.710+0000][1692007][trace][gc,age      ] GC(265) - age  14:       2440 bytes,      16344 total
[2025-08-20T15:05:43.710+0000][1692007][trace][gc,age      ] GC(265) - age  15:         56 bytes,      16400 total
[2025-08-20T15:05:43.710+0000][1692007][info ][gc,heap     ] GC(265) Eden regions: 75->0(75)
[2025-08-20T15:05:43.710+0000][1692007][info ][gc,heap     ] GC(265) Survivor regions: 1->1(10)
[2025-08-20T15:05:43.710+0000][1692007][info ][gc,heap     ] GC(265) Old regions: 23->23
[2025-08-20T15:05:43.710+0000][1692007][info ][gc,heap     ] GC(265) Humongous regions: 0->0
[2025-08-20T15:05:43.710+0000][1692007][info ][gc,metaspace] GC(265) Metaspace: 141938K(147968K)->141938K(147968K) NonClass: 123123K(126720K)->123123K(126720K) Class: 18815K(21248K)->18815K(21248K)
[2025-08-20T15:05:43.710+0000][1692007][info ][gc          ] GC(265) Pause Young (Concurrent Start) (G1 Evacuation Pause) 391M->91M(512M) 2.636ms
[2025-08-20T15:05:43.710+0000][1692007][info ][gc,cpu      ] GC(265) User=0.00s Sys=0.00s Real=0.00s
[2025-08-20T15:05:43.710+0000][1692007][info ][safepoint   ] Safepoint "G1CollectForAllocation", Time since last: 596618330563 ns, Reaching safepoint: 7011 ns, Cleanup: 2834 ns, At safepoint: 2680669 ns, Total: 2690514 ns
[2025-08-20T15:05:43.716+0000][1692007][info ][gc          ] GC(266) Concurrent Mark Cycle
[2025-08-20T15:05:43.716+0000][1692007][info ][gc,marking  ] GC(266) Concurrent Scan Root Regions
[2025-08-20T15:05:43.717+0000][1692007][info ][gc,marking  ] GC(266) Concurrent Scan Root Regions 0.385ms
[2025-08-20T15:05:43.717+0000][1692007][info ][gc,marking  ] GC(266) Concurrent Mark
[2025-08-20T15:05:43.717+0000][1692007][info ][gc,marking  ] GC(266) Concurrent Mark From Roots
[2025-08-20T15:05:43.717+0000][1692007][info ][gc,task     ] GC(266) Using 1 workers of 1 for marking
[2025-08-20T15:05:43.826+0000][1692007][info ][gc,marking  ] GC(266) Concurrent Mark From Roots 109.157ms
[2025-08-20T15:05:43.826+0000][1692007][info ][gc,marking  ] GC(266) Concurrent Preclean
[2025-08-20T15:05:43.826+0000][1692007][info ][gc,marking  ] GC(266) Concurrent Preclean 0.344ms
[2025-08-20T15:05:43.826+0000][1692007][info ][gc,start    ] GC(266) Pause Remark
[2025-08-20T15:05:43.831+0000][1692007][info ][gc          ] GC(266) Pause Remark 94M->94M(512M) 4.323ms
[2025-08-20T15:05:43.831+0000][1692007][info ][gc,cpu      ] GC(266) User=0.00s Sys=0.00s Real=0.00s
[2025-08-20T15:05:43.831+0000][1692007][info ][safepoint   ] Safepoint "G1PauseRemark", Time since last: 116235850 ns, Reaching safepoint: 5058 ns, Cleanup: 2894 ns, At safepoint: 4362720 ns, Total: 4370672 ns
[2025-08-20T15:05:43.831+0000][1692007][info ][gc,marking  ] GC(266) Concurrent Mark 113.949ms
[2025-08-20T15:05:43.831+0000][1692007][info ][gc,marking  ] GC(266) Concurrent Rebuild Remembered Sets and Scrub Regions
[2025-08-20T15:05:43.894+0000][1692007][info ][gc,marking  ] GC(266) Concurrent Rebuild Remembered Sets and Scrub Regions 63.061ms
[2025-08-20T15:05:43.894+0000][1692007][info ][gc,start    ] GC(266) Pause Cleanup
[2025-08-20T15:05:43.894+0000][1692007][info ][gc          ] GC(266) Pause Cleanup 94M->94M(512M) 0.038ms
[2025-08-20T15:05:43.894+0000][1692007][info ][gc,cpu      ] GC(266) User=0.00s Sys=0.00s Real=0.00s
[2025-08-20T15:05:43.894+0000][1692007][info ][safepoint   ] Safepoint "G1PauseCleanup", Time since last: 63113095 ns, Reaching safepoint: 3786 ns, Cleanup: 1232 ns, At safepoint: 65148 ns, Total: 70166 ns
[2025-08-20T15:05:43.894+0000][1692007][info ][gc,marking  ] GC(266) Concurrent Clear Claimed Marks
[2025-08-20T15:05:43.894+0000][1692007][info ][gc,marking  ] GC(266) Concurrent Clear Claimed Marks 0.168ms
[2025-08-20T15:05:43.894+0000][1692007][info ][gc,marking  ] GC(266) Concurrent Cleanup for Next Mark
[2025-08-20T15:05:43.894+0000][1692007][info ][gc,marking  ] GC(266) Concurrent Cleanup for Next Mark 0.242ms
[2025-08-20T15:05:43.894+0000][1692007][info ][gc          ] GC(266) Concurrent Mark Cycle 177.957ms
[2025-08-20T15:17:24.330+0000][1692007][info ][gc,start    ] GC(267) Pause Young (Normal) (G1 Evacuation Pause)
[2025-08-20T15:17:24.330+0000][1692007][info ][gc,task     ] GC(267) Using 1 workers of 1 for evacuation
[2025-08-20T15:17:24.330+0000][1692007][debug][gc,age      ] GC(267) Desired survivor size 20971520 bytes, new threshold 15 (max threshold 15)
[2025-08-20T15:17:24.332+0000][1692007][info ][gc,phases   ] GC(267)   Pre Evacuate Collection Set: 0.0ms
[2025-08-20T15:17:24.332+0000][1692007][info ][gc,phases   ] GC(267)   Merge Heap Roots: 0.0ms
[2025-08-20T15:17:24.332+0000][1692007][info ][gc,phases   ] GC(267)   Evacuate Collection Set: 1.7ms
[2025-08-20T15:17:24.332+0000][1692007][info ][gc,phases   ] GC(267)   Post Evacuate Collection Set: 0.8ms
[2025-08-20T15:17:24.332+0000][1692007][info ][gc,phases   ] GC(267)   Other: 0.0ms
[2025-08-20T15:17:24.332+0000][1692007][trace][gc,age      ] GC(267) Age table with threshold 15 (max threshold 15)
[2025-08-20T15:17:24.332+0000][1692007][trace][gc,age      ] GC(267) - age   1:      11024 bytes,      11024 total
[2025-08-20T15:17:24.332+0000][1692007][trace][gc,age      ] GC(267) - age   3:        176 bytes,      11200 total
[2025-08-20T15:17:24.332+0000][1692007][trace][gc,age      ] GC(267) - age   6:        136 bytes,      11336 total
[2025-08-20T15:17:24.332+0000][1692007][trace][gc,age      ] GC(267) - age   9:       1920 bytes,      13256 total
[2025-08-20T15:17:24.332+0000][1692007][trace][gc,age      ] GC(267) - age  10:        464 bytes,      13720 total
[2025-08-20T15:17:24.332+0000][1692007][trace][gc,age      ] GC(267) - age  13:        160 bytes,      13880 total
[2025-08-20T15:17:24.332+0000][1692007][trace][gc,age      ] GC(267) - age  15:       2440 bytes,      16320 total
[2025-08-20T15:17:24.332+0000][1692007][info ][gc,heap     ] GC(267) Eden regions: 75->0(75)
[2025-08-20T15:17:24.332+0000][1692007][info ][gc,heap     ] GC(267) Survivor regions: 1->1(10)
[2025-08-20T15:17:24.332+0000][1692007][info ][gc,heap     ] GC(267) Old regions: 23->23
[2025-08-20T15:17:24.332+0000][1692007][info ][gc,heap     ] GC(267) Humongous regions: 0->0
[2025-08-20T15:17:24.333+0000][1692007][info ][gc,metaspace] GC(267) Metaspace: 141938K(147968K)->141938K(147968K) NonClass: 123123K(126720K)->123123K(126720K) Class: 18815K(21248K)->18815K(21248K)
[2025-08-20T15:17:24.333+0000][1692007][info ][gc          ] GC(267) Pause Young (Normal) (G1 Evacuation Pause) 391M->91M(512M) 2.807ms
[2025-08-20T15:17:24.333+0000][1692007][info ][gc,cpu      ] GC(267) User=0.01s Sys=0.00s Real=0.00s
[2025-08-20T15:17:24.333+0000][1692007][info ][safepoint   ] Safepoint "G1CollectForAllocation", Time since last: 700435800646 ns, Reaching safepoint: 7020 ns, Cleanup: 2514 ns, At safepoint: 2838968 ns, Total: 2848502 ns
[2025-08-20T15:29:09.851+0000][1692007][info ][gc,start    ] GC(268) Pause Young (Concurrent Start) (G1 Evacuation Pause)
[2025-08-20T15:29:09.851+0000][1692007][info ][gc,task     ] GC(268) Using 1 workers of 1 for evacuation
[2025-08-20T15:29:09.851+0000][1692007][debug][gc,age      ] GC(268) Desired survivor size 20971520 bytes, new threshold 15 (max threshold 15)
[2025-08-20T15:29:09.854+0000][1692007][info ][gc,phases   ] GC(268)   Pre Evacuate Collection Set: 0.1ms
[2025-08-20T15:29:09.854+0000][1692007][info ][gc,phases   ] GC(268)   Merge Heap Roots: 0.0ms
[2025-08-20T15:29:09.854+0000][1692007][info ][gc,phases   ] GC(268)   Evacuate Collection Set: 1.2ms
[2025-08-20T15:29:09.854+0000][1692007][info ][gc,phases   ] GC(268)   Post Evacuate Collection Set: 1.1ms
[2025-08-20T15:29:09.854+0000][1692007][info ][gc,phases   ] GC(268)   Other: 0.0ms
[2025-08-20T15:29:09.854+0000][1692007][trace][gc,age      ] GC(268) Age table with threshold 15 (max threshold 15)
[2025-08-20T15:29:09.854+0000][1692007][trace][gc,age      ] GC(268) - age   1:      11024 bytes,      11024 total
[2025-08-20T15:29:09.854+0000][1692007][trace][gc,age      ] GC(268) - age   4:        176 bytes,      11200 total
[2025-08-20T15:29:09.854+0000][1692007][trace][gc,age      ] GC(268) - age   7:        136 bytes,      11336 total
[2025-08-20T15:29:09.854+0000][1692007][trace][gc,age      ] GC(268) - age  10:       1920 bytes,      13256 total
[2025-08-20T15:29:09.854+0000][1692007][trace][gc,age      ] GC(268) - age  11:        464 bytes,      13720 total
[2025-08-20T15:29:09.854+0000][1692007][trace][gc,age      ] GC(268) - age  14:        160 bytes,      13880 total
[2025-08-20T15:29:09.854+0000][1692007][info ][gc,heap     ] GC(268) Eden regions: 75->0(75)
[2025-08-20T15:29:09.854+0000][1692007][info ][gc,heap     ] GC(268) Survivor regions: 1->1(10)
[2025-08-20T15:29:09.854+0000][1692007][info ][gc,heap     ] GC(268) Old regions: 23->23
[2025-08-20T15:29:09.854+0000][1692007][info ][gc,heap     ] GC(268) Humongous regions: 0->0
[2025-08-20T15:29:09.854+0000][1692007][info ][gc,metaspace] GC(268) Metaspace: 141938K(147968K)->141938K(147968K) NonClass: 123123K(126720K)->123123K(126720K) Class: 18815K(21248K)->18815K(21248K)
[2025-08-20T15:29:09.854+0000][1692007][info ][gc          ] GC(268) Pause Young (Concurrent Start) (G1 Evacuation Pause) 391M->91M(512M) 2.684ms
[2025-08-20T15:29:09.854+0000][1692007][info ][gc,cpu      ] GC(268) User=0.01s Sys=0.00s Real=0.00s
[2025-08-20T15:29:09.854+0000][1692007][info ][safepoint   ] Safepoint "G1CollectForAllocation", Time since last: 705518391836 ns, Reaching safepoint: 7632 ns, Cleanup: 2844 ns, At safepoint: 2730384 ns, Total: 2740860 ns
[2025-08-20T15:29:09.859+0000][1692007][info ][gc          ] GC(269) Concurrent Mark Cycle
[2025-08-20T15:29:09.859+0000][1692007][info ][gc,marking  ] GC(269) Concurrent Scan Root Regions
[2025-08-20T15:29:09.860+0000][1692007][info ][gc,marking  ] GC(269) Concurrent Scan Root Regions 0.391ms
[2025-08-20T15:29:09.860+0000][1692007][info ][gc,marking  ] GC(269) Concurrent Mark
[2025-08-20T15:29:09.860+0000][1692007][info ][gc,marking  ] GC(269) Concurrent Mark From Roots
[2025-08-20T15:29:09.860+0000][1692007][info ][gc,task     ] GC(269) Using 1 workers of 1 for marking
[2025-08-20T15:29:09.983+0000][1692007][info ][gc,marking  ] GC(269) Concurrent Mark From Roots 122.985ms
[2025-08-20T15:29:09.983+0000][1692007][info ][gc,marking  ] GC(269) Concurrent Preclean
[2025-08-20T15:29:09.983+0000][1692007][info ][gc,marking  ] GC(269) Concurrent Preclean 0.360ms
[2025-08-20T15:29:09.983+0000][1692007][info ][gc,start    ] GC(269) Pause Remark
[2025-08-20T15:29:09.987+0000][1692007][info ][gc          ] GC(269) Pause Remark 91M->91M(512M) 4.201ms
[2025-08-20T15:29:09.987+0000][1692007][info ][gc,cpu      ] GC(269) User=0.01s Sys=0.00s Real=0.01s
[2025-08-20T15:29:09.987+0000][1692007][info ][safepoint   ] Safepoint "G1PauseRemark", Time since last: 129512928 ns, Reaching safepoint: 5008 ns, Cleanup: 2884 ns, At safepoint: 4233915 ns, Total: 4241807 ns
[2025-08-20T15:29:09.987+0000][1692007][info ][gc,marking  ] GC(269) Concurrent Mark 127.661ms
[2025-08-20T15:29:09.987+0000][1692007][info ][gc,marking  ] GC(269) Concurrent Rebuild Remembered Sets and Scrub Regions
[2025-08-20T15:29:10.025+0000][1692007][info ][gc,marking  ] GC(269) Concurrent Rebuild Remembered Sets and Scrub Regions 37.329ms
[2025-08-20T15:29:10.025+0000][1692007][info ][gc,start    ] GC(269) Pause Cleanup
[2025-08-20T15:29:10.025+0000][1692007][info ][gc          ] GC(269) Pause Cleanup 91M->91M(512M) 0.031ms
[2025-08-20T15:29:10.025+0000][1692007][info ][gc,cpu      ] GC(269) User=0.00s Sys=0.00s Real=0.00s
[2025-08-20T15:29:10.025+0000][1692007][info ][safepoint   ] Safepoint "G1PauseCleanup", Time since last: 37373844 ns, Reaching safepoint: 2814 ns, Cleanup: 862 ns, At safepoint: 52679 ns, Total: 56355 ns
[2025-08-20T15:29:10.025+0000][1692007][info ][gc,marking  ] GC(269) Concurrent Clear Claimed Marks
[2025-08-20T15:29:10.025+0000][1692007][info ][gc,marking  ] GC(269) Concurrent Clear Claimed Marks 0.123ms
[2025-08-20T15:29:10.025+0000][1692007][info ][gc,marking  ] GC(269) Concurrent Cleanup for Next Mark
[2025-08-20T15:29:10.038+0000][1692007][info ][gc,marking  ] GC(269) Concurrent Cleanup for Next Mark 12.615ms
[2025-08-20T15:29:10.038+0000][1692007][info ][gc          ] GC(269) Concurrent Mark Cycle 178.254ms
[2025-08-20T15:40:55.284+0000][1692007][info ][gc,start    ] GC(270) Pause Young (Normal) (G1 Evacuation Pause)
[2025-08-20T15:40:55.284+0000][1692007][info ][gc,task     ] GC(270) Using 1 workers of 1 for evacuation
[2025-08-20T15:40:55.284+0000][1692007][debug][gc,age      ] GC(270) Desired survivor size 20971520 bytes, new threshold 15 (max threshold 15)
[2025-08-20T15:40:55.287+0000][1692007][info ][gc,phases   ] GC(270)   Pre Evacuate Collection Set: 0.0ms
[2025-08-20T15:40:55.287+0000][1692007][info ][gc,phases   ] GC(270)   Merge Heap Roots: 0.0ms
[2025-08-20T15:40:55.287+0000][1692007][info ][gc,phases   ] GC(270)   Evacuate Collection Set: 1.6ms
[2025-08-20T15:40:55.287+0000][1692007][info ][gc,phases   ] GC(270)   Post Evacuate Collection Set: 0.9ms
[2025-08-20T15:40:55.287+0000][1692007][info ][gc,phases   ] GC(270)   Other: 0.2ms
[2025-08-20T15:40:55.287+0000][1692007][trace][gc,age      ] GC(270) Age table with threshold 15 (max threshold 15)
[2025-08-20T15:40:55.287+0000][1692007][trace][gc,age      ] GC(270) - age   1:      11024 bytes,      11024 total
[2025-08-20T15:40:55.287+0000][1692007][trace][gc,age      ] GC(270) - age   5:        176 bytes,      11200 total
[2025-08-20T15:40:55.287+0000][1692007][trace][gc,age      ] GC(270) - age   8:        136 bytes,      11336 total
[2025-08-20T15:40:55.287+0000][1692007][trace][gc,age      ] GC(270) - age  11:       1920 bytes,      13256 total
[2025-08-20T15:40:55.287+0000][1692007][trace][gc,age      ] GC(270) - age  12:        464 bytes,      13720 total
[2025-08-20T15:40:55.287+0000][1692007][trace][gc,age      ] GC(270) - age  15:        160 bytes,      13880 total
[2025-08-20T15:40:55.287+0000][1692007][info ][gc,heap     ] GC(270) Eden regions: 75->0(75)
[2025-08-20T15:40:55.287+0000][1692007][info ][gc,heap     ] GC(270) Survivor regions: 1->1(10)
[2025-08-20T15:40:55.287+0000][1692007][info ][gc,heap     ] GC(270) Old regions: 23->23
[2025-08-20T15:40:55.287+0000][1692007][info ][gc,heap     ] GC(270) Humongous regions: 0->0
[2025-08-20T15:40:55.287+0000][1692007][info ][gc,metaspace] GC(270) Metaspace: 141938K(147968K)->141938K(147968K) NonClass: 123123K(126720K)->123123K(126720K) Class: 18815K(21248K)->18815K(21248K)
[2025-08-20T15:40:55.287+0000][1692007][info ][gc          ] GC(270) Pause Young (Normal) (G1 Evacuation Pause) 391M->91M(512M) 3.025ms
[2025-08-20T15:40:55.287+0000][1692007][info ][gc,cpu      ] GC(270) User=0.01s Sys=0.00s Real=0.01s
[2025-08-20T15:40:55.287+0000][1692007][info ][safepoint   ] Safepoint "G1CollectForAllocation", Time since last: 705258792540 ns, Reaching safepoint: 6950 ns, Cleanup: 2504 ns, At safepoint: 3056606 ns, Total: 3066060 ns
[2025-08-20T15:52:39.667+0000][1692007][info ][gc,start    ] GC(271) Pause Young (Concurrent Start) (G1 Evacuation Pause)
[2025-08-20T15:52:39.668+0000][1692007][info ][gc,task     ] GC(271) Using 1 workers of 1 for evacuation
[2025-08-20T15:52:39.668+0000][1692007][debug][gc,age      ] GC(271) Desired survivor size 20971520 bytes, new threshold 15 (max threshold 15)
[2025-08-20T15:52:39.670+0000][1692007][info ][gc,phases   ] GC(271)   Pre Evacuate Collection Set: 0.0ms
[2025-08-20T15:52:39.670+0000][1692007][info ][gc,phases   ] GC(271)   Merge Heap Roots: 0.0ms
[2025-08-20T15:52:39.670+0000][1692007][info ][gc,phases   ] GC(271)   Evacuate Collection Set: 1.2ms
[2025-08-20T15:52:39.670+0000][1692007][info ][gc,phases   ] GC(271)   Post Evacuate Collection Set: 0.7ms
[2025-08-20T15:52:39.670+0000][1692007][info ][gc,phases   ] GC(271)   Other: 0.0ms
[2025-08-20T15:52:39.670+0000][1692007][trace][gc,age      ] GC(271) Age table with threshold 15 (max threshold 15)
[2025-08-20T15:52:39.670+0000][1692007][trace][gc,age      ] GC(271) - age   1:      10320 bytes,      10320 total
[2025-08-20T15:52:39.670+0000][1692007][trace][gc,age      ] GC(271) - age   9:        136 bytes,      10456 total
[2025-08-20T15:52:39.670+0000][1692007][trace][gc,age      ] GC(271) - age  12:       1920 bytes,      12376 total
[2025-08-20T15:52:39.670+0000][1692007][trace][gc,age      ] GC(271) - age  13:        464 bytes,      12840 total
[2025-08-20T15:52:39.670+0000][1692007][info ][gc,heap     ] GC(271) Eden regions: 75->0(75)
[2025-08-20T15:52:39.670+0000][1692007][info ][gc,heap     ] GC(271) Survivor regions: 1->1(10)
[2025-08-20T15:52:39.670+0000][1692007][info ][gc,heap     ] GC(271) Old regions: 23->23
[2025-08-20T15:52:39.670+0000][1692007][info ][gc,heap     ] GC(271) Humongous regions: 0->0
[2025-08-20T15:52:39.670+0000][1692007][info ][gc,metaspace] GC(271) Metaspace: 141938K(147968K)->141938K(147968K) NonClass: 123123K(126720K)->123123K(126720K) Class: 18815K(21248K)->18815K(21248K)
[2025-08-20T15:52:39.670+0000][1692007][info ][gc          ] GC(271) Pause Young (Concurrent Start) (G1 Evacuation Pause) 391M->91M(512M) 2.543ms
[2025-08-20T15:52:39.670+0000][1692007][info ][gc,cpu      ] GC(271) User=0.00s Sys=0.00s Real=0.00s
[2025-08-20T15:52:39.670+0000][1692007][info ][safepoint   ] Safepoint "G1CollectForAllocation", Time since last: 704380451850 ns, Reaching safepoint: 6771 ns, Cleanup: 2804 ns, At safepoint: 2578093 ns, Total: 2587668 ns
[2025-08-20T15:52:39.676+0000][1692007][info ][gc          ] GC(272) Concurrent Mark Cycle
[2025-08-20T15:52:39.676+0000][1692007][info ][gc,marking  ] GC(272) Concurrent Scan Root Regions
[2025-08-20T15:52:39.677+0000][1692007][info ][gc,marking  ] GC(272) Concurrent Scan Root Regions 0.430ms
[2025-08-20T15:52:39.677+0000][1692007][info ][gc,marking  ] GC(272) Concurrent Mark
[2025-08-20T15:52:39.677+0000][1692007][info ][gc,marking  ] GC(272) Concurrent Mark From Roots
[2025-08-20T15:52:39.677+0000][1692007][info ][gc,task     ] GC(272) Using 1 workers of 1 for marking
[2025-08-20T15:52:39.795+0000][1692007][info ][gc,marking  ] GC(272) Concurrent Mark From Roots 117.705ms
[2025-08-20T15:52:39.795+0000][1692007][info ][gc,marking  ] GC(272) Concurrent Preclean
[2025-08-20T15:52:39.795+0000][1692007][info ][gc,marking  ] GC(272) Concurrent Preclean 0.345ms
[2025-08-20T15:52:39.795+0000][1692007][info ][gc,start    ] GC(272) Pause Remark
[2025-08-20T15:52:39.801+0000][1692007][info ][gc          ] GC(272) Pause Remark 91M->91M(512M) 5.655ms
[2025-08-20T15:52:39.801+0000][1692007][info ][gc,cpu      ] GC(272) User=0.00s Sys=0.00s Real=0.01s
[2025-08-20T15:52:39.801+0000][1692007][info ][safepoint   ] Safepoint "G1PauseRemark", Time since last: 125171348 ns, Reaching safepoint: 5388 ns, Cleanup: 2955 ns, At safepoint: 5699837 ns, Total: 5708180 ns
[2025-08-20T15:52:39.801+0000][1692007][info ][gc,marking  ] GC(272) Concurrent Mark 123.831ms
[2025-08-20T15:52:39.801+0000][1692007][info ][gc,marking  ] GC(272) Concurrent Rebuild Remembered Sets and Scrub Regions
[2025-08-20T15:52:39.863+0000][1692007][info ][gc,marking  ] GC(272) Concurrent Rebuild Remembered Sets and Scrub Regions 62.016ms
[2025-08-20T15:52:39.863+0000][1692007][info ][gc,start    ] GC(272) Pause Cleanup
[2025-08-20T15:52:39.863+0000][1692007][info ][gc          ] GC(272) Pause Cleanup 93M->93M(512M) 0.038ms
[2025-08-20T15:52:39.863+0000][1692007][info ][gc,cpu      ] GC(272) User=0.00s Sys=0.00s Real=0.00s
[2025-08-20T15:52:39.863+0000][1692007][info ][safepoint   ] Safepoint "G1PauseCleanup", Time since last: 62074888 ns, Reaching safepoint: 3696 ns, Cleanup: 1762 ns, At safepoint: 60802 ns, Total: 66260 ns
[2025-08-20T15:52:39.863+0000][1692007][info ][gc,marking  ] GC(272) Concurrent Clear Claimed Marks
[2025-08-20T15:52:39.863+0000][1692007][info ][gc,marking  ] GC(272) Concurrent Clear Claimed Marks 0.166ms
[2025-08-20T15:52:39.863+0000][1692007][info ][gc,marking  ] GC(272) Concurrent Cleanup for Next Mark
[2025-08-20T15:52:39.869+0000][1692007][info ][gc,marking  ] GC(272) Concurrent Cleanup for Next Mark 5.745ms
[2025-08-20T15:52:39.869+0000][1692007][info ][gc          ] GC(272) Concurrent Mark Cycle 192.349ms
[2025-08-20T16:04:21.102+0000][1692007][info ][gc,start    ] GC(273) Pause Young (Normal) (G1 Evacuation Pause)
[2025-08-20T16:04:21.103+0000][1692007][info ][gc,task     ] GC(273) Using 1 workers of 1 for evacuation
[2025-08-20T16:04:21.103+0000][1692007][debug][gc,age      ] GC(273) Desired survivor size 20971520 bytes, new threshold 15 (max threshold 15)
[2025-08-20T16:04:21.106+0000][1692007][info ][gc,phases   ] GC(273)   Pre Evacuate Collection Set: 0.0ms
[2025-08-20T16:04:21.106+0000][1692007][info ][gc,phases   ] GC(273)   Merge Heap Roots: 0.0ms
[2025-08-20T16:04:21.106+0000][1692007][info ][gc,phases   ] GC(273)   Evacuate Collection Set: 1.6ms
[2025-08-20T16:04:21.106+0000][1692007][info ][gc,phases   ] GC(273)   Post Evacuate Collection Set: 1.3ms
[2025-08-20T16:04:21.106+0000][1692007][info ][gc,phases   ] GC(273)   Other: 0.0ms
[2025-08-20T16:04:21.106+0000][1692007][trace][gc,age      ] GC(273) Age table with threshold 15 (max threshold 15)
[2025-08-20T16:04:21.106+0000][1692007][trace][gc,age      ] GC(273) - age   1:       9152 bytes,       9152 total
[2025-08-20T16:04:21.106+0000][1692007][trace][gc,age      ] GC(273) - age   2:       1168 bytes,      10320 total
[2025-08-20T16:04:21.106+0000][1692007][trace][gc,age      ] GC(273) - age  10:        136 bytes,      10456 total
[2025-08-20T16:04:21.106+0000][1692007][trace][gc,age      ] GC(273) - age  13:       1920 bytes,      12376 total
[2025-08-20T16:04:21.106+0000][1692007][trace][gc,age      ] GC(273) - age  14:        464 bytes,      12840 total
[2025-08-20T16:04:21.106+0000][1692007][info ][gc,heap     ] GC(273) Eden regions: 75->0(75)
[2025-08-20T16:04:21.106+0000][1692007][info ][gc,heap     ] GC(273) Survivor regions: 1->1(10)
[2025-08-20T16:04:21.106+0000][1692007][info ][gc,heap     ] GC(273) Old regions: 23->23
[2025-08-20T16:04:21.106+0000][1692007][info ][gc,heap     ] GC(273) Humongous regions: 0->0
[2025-08-20T16:04:21.106+0000][1692007][info ][gc,metaspace] GC(273) Metaspace: 141938K(147968K)->141938K(147968K) NonClass: 123123K(126720K)->123123K(126720K) Class: 18815K(21248K)->18815K(21248K)
[2025-08-20T16:04:21.106+0000][1692007][info ][gc          ] GC(273) Pause Young (Normal) (G1 Evacuation Pause) 391M->91M(512M) 3.322ms
[2025-08-20T16:04:21.106+0000][1692007][info ][gc,cpu      ] GC(273) User=0.00s Sys=0.00s Real=0.01s
[2025-08-20T16:04:21.106+0000][1692007][info ][safepoint   ] Safepoint "G1CollectForAllocation", Time since last: 701239554133 ns, Reaching safepoint: 7261 ns, Cleanup: 2484 ns, At safepoint: 3353543 ns, Total: 3363288 ns
[2025-08-20T16:16:06.905+0000][1692007][info ][gc,start    ] GC(274) Pause Young (Concurrent Start) (G1 Evacuation Pause)
[2025-08-20T16:16:06.905+0000][1692007][info ][gc,task     ] GC(274) Using 1 workers of 1 for evacuation
[2025-08-20T16:16:06.905+0000][1692007][debug][gc,age      ] GC(274) Desired survivor size 20971520 bytes, new threshold 15 (max threshold 15)
[2025-08-20T16:16:06.907+0000][1692007][info ][gc,phases   ] GC(274)   Pre Evacuate Collection Set: 0.0ms
[2025-08-20T16:16:06.907+0000][1692007][info ][gc,phases   ] GC(274)   Merge Heap Roots: 0.0ms
[2025-08-20T16:16:06.907+0000][1692007][info ][gc,phases   ] GC(274)   Evacuate Collection Set: 1.2ms
[2025-08-20T16:16:06.907+0000][1692007][info ][gc,phases   ] GC(274)   Post Evacuate Collection Set: 0.7ms
[2025-08-20T16:16:06.907+0000][1692007][info ][gc,phases   ] GC(274)   Other: 0.0ms
[2025-08-20T16:16:06.907+0000][1692007][trace][gc,age      ] GC(274) Age table with threshold 15 (max threshold 15)
[2025-08-20T16:16:06.907+0000][1692007][trace][gc,age      ] GC(274) - age   1:       9656 bytes,       9656 total
[2025-08-20T16:16:06.907+0000][1692007][trace][gc,age      ] GC(274) - age   3:        816 bytes,      10472 total
[2025-08-20T16:16:06.907+0000][1692007][trace][gc,age      ] GC(274) - age  11:        136 bytes,      10608 total
[2025-08-20T16:16:06.907+0000][1692007][trace][gc,age      ] GC(274) - age  14:       1920 bytes,      12528 total
[2025-08-20T16:16:06.907+0000][1692007][trace][gc,age      ] GC(274) - age  15:        464 bytes,      12992 total
[2025-08-20T16:16:06.907+0000][1692007][info ][gc,heap     ] GC(274) Eden regions: 75->0(75)
[2025-08-20T16:16:06.907+0000][1692007][info ][gc,heap     ] GC(274) Survivor regions: 1->1(10)
[2025-08-20T16:16:06.907+0000][1692007][info ][gc,heap     ] GC(274) Old regions: 23->23
[2025-08-20T16:16:06.907+0000][1692007][info ][gc,heap     ] GC(274) Humongous regions: 0->0
[2025-08-20T16:16:06.907+0000][1692007][info ][gc,metaspace] GC(274) Metaspace: 141938K(147968K)->141938K(147968K) NonClass: 123123K(126720K)->123123K(126720K) Class: 18815K(21248K)->18815K(21248K)
[2025-08-20T16:16:06.907+0000][1692007][info ][gc          ] GC(274) Pause Young (Concurrent Start) (G1 Evacuation Pause) 391M->91M(512M) 2.424ms
[2025-08-20T16:16:06.907+0000][1692007][info ][gc,cpu      ] GC(274) User=0.00s Sys=0.00s Real=0.01s
[2025-08-20T16:16:06.907+0000][1692007][info ][safepoint   ] Safepoint "G1CollectForAllocation", Time since last: 705799123993 ns, Reaching safepoint: 7071 ns, Cleanup: 3826 ns, At safepoint: 2458512 ns, Total: 2469409 ns
[2025-08-20T16:16:06.912+0000][1692007][info ][gc          ] GC(275) Concurrent Mark Cycle
[2025-08-20T16:16:06.912+0000][1692007][info ][gc,marking  ] GC(275) Concurrent Scan Root Regions
[2025-08-20T16:16:06.913+0000][1692007][info ][gc,marking  ] GC(275) Concurrent Scan Root Regions 0.437ms
[2025-08-20T16:16:06.913+0000][1692007][info ][gc,marking  ] GC(275) Concurrent Mark
[2025-08-20T16:16:06.913+0000][1692007][info ][gc,marking  ] GC(275) Concurrent Mark From Roots
[2025-08-20T16:16:06.913+0000][1692007][info ][gc,task     ] GC(275) Using 1 workers of 1 for marking
[2025-08-20T16:16:07.023+0000][1692007][info ][gc,marking  ] GC(275) Concurrent Mark From Roots 110.405ms
[2025-08-20T16:16:07.023+0000][1692007][info ][gc,marking  ] GC(275) Concurrent Preclean
[2025-08-20T16:16:07.024+0000][1692007][info ][gc,marking  ] GC(275) Concurrent Preclean 0.352ms
[2025-08-20T16:16:07.024+0000][1692007][info ][gc,start    ] GC(275) Pause Remark
[2025-08-20T16:16:07.028+0000][1692007][info ][gc          ] GC(275) Pause Remark 91M->91M(512M) 4.321ms
[2025-08-20T16:16:07.028+0000][1692007][info ][gc,cpu      ] GC(275) User=0.01s Sys=0.00s Real=0.01s
[2025-08-20T16:16:07.028+0000][1692007][info ][safepoint   ] Safepoint "G1PauseRemark", Time since last: 116361238 ns, Reaching safepoint: 4968 ns, Cleanup: 3104 ns, At safepoint: 4359072 ns, Total: 4367144 ns
[2025-08-20T16:16:07.028+0000][1692007][info ][gc,marking  ] GC(275) Concurrent Mark 115.199ms
[2025-08-20T16:16:07.028+0000][1692007][info ][gc,marking  ] GC(275) Concurrent Rebuild Remembered Sets and Scrub Regions
[2025-08-20T16:16:07.088+0000][1692007][info ][gc,marking  ] GC(275) Concurrent Rebuild Remembered Sets and Scrub Regions 60.436ms
[2025-08-20T16:16:07.089+0000][1692007][info ][gc,start    ] GC(275) Pause Cleanup
[2025-08-20T16:16:07.089+0000][1692007][info ][gc          ] GC(275) Pause Cleanup 91M->91M(512M) 0.036ms
[2025-08-20T16:16:07.089+0000][1692007][info ][gc,cpu      ] GC(275) User=0.00s Sys=0.00s Real=0.00s
[2025-08-20T16:16:07.089+0000][1692007][info ][safepoint   ] Safepoint "G1PauseCleanup", Time since last: 60491979 ns, Reaching safepoint: 4097 ns, Cleanup: 1292 ns, At safepoint: 61012 ns, Total: 66401 ns
[2025-08-20T16:16:07.089+0000][1692007][info ][gc,marking  ] GC(275) Concurrent Clear Claimed Marks
[2025-08-20T16:16:07.089+0000][1692007][info ][gc,marking  ] GC(275) Concurrent Clear Claimed Marks 0.151ms
[2025-08-20T16:16:07.089+0000][1692007][info ][gc,marking  ] GC(275) Concurrent Cleanup for Next Mark
[2025-08-20T16:16:07.089+0000][1692007][info ][gc,marking  ] GC(275) Concurrent Cleanup for Next Mark 0.244ms
[2025-08-20T16:16:07.089+0000][1692007][info ][gc          ] GC(275) Concurrent Mark Cycle 176.618ms
[2025-08-20T16:27:05.132+0000][1692007][info ][safepoint   ] Safepoint "Cleanup", Time since last: 658043869344 ns, Reaching safepoint: 34943 ns, Cleanup: 10776 ns, At safepoint: 4467 ns, Total: 50186 ns
[2025-08-20T16:27:51.960+0000][1692007][info ][gc,start    ] GC(276) Pause Young (Normal) (G1 Evacuation Pause)
[2025-08-20T16:27:51.960+0000][1692007][info ][gc,task     ] GC(276) Using 1 workers of 1 for evacuation
[2025-08-20T16:27:51.960+0000][1692007][debug][gc,age      ] GC(276) Desired survivor size 20971520 bytes, new threshold 15 (max threshold 15)
[2025-08-20T16:27:51.963+0000][1692007][info ][gc,phases   ] GC(276)   Pre Evacuate Collection Set: 0.0ms
[2025-08-20T16:27:51.963+0000][1692007][info ][gc,phases   ] GC(276)   Merge Heap Roots: 0.0ms
[2025-08-20T16:27:51.963+0000][1692007][info ][gc,phases   ] GC(276)   Evacuate Collection Set: 1.6ms
[2025-08-20T16:27:51.963+0000][1692007][info ][gc,phases   ] GC(276)   Post Evacuate Collection Set: 1.0ms
[2025-08-20T16:27:51.963+0000][1692007][info ][gc,phases   ] GC(276)   Other: 0.0ms
[2025-08-20T16:27:51.963+0000][1692007][trace][gc,age      ] GC(276) Age table with threshold 15 (max threshold 15)
[2025-08-20T16:27:51.963+0000][1692007][trace][gc,age      ] GC(276) - age   1:      11568 bytes,      11568 total
[2025-08-20T16:27:51.963+0000][1692007][trace][gc,age      ] GC(276) - age   4:        816 bytes,      12384 total
[2025-08-20T16:27:51.963+0000][1692007][trace][gc,age      ] GC(276) - age  12:        136 bytes,      12520 total
[2025-08-20T16:27:51.963+0000][1692007][trace][gc,age      ] GC(276) - age  15:       1920 bytes,      14440 total
[2025-08-20T16:27:51.963+0000][1692007][info ][gc,heap     ] GC(276) Eden regions: 75->0(75)
[2025-08-20T16:27:51.963+0000][1692007][info ][gc,heap     ] GC(276) Survivor regions: 1->1(10)
[2025-08-20T16:27:51.963+0000][1692007][info ][gc,heap     ] GC(276) Old regions: 23->23
[2025-08-20T16:27:51.963+0000][1692007][info ][gc,heap     ] GC(276) Humongous regions: 0->0
[2025-08-20T16:27:51.963+0000][1692007][info ][gc,metaspace] GC(276) Metaspace: 141942K(147968K)->141942K(147968K) NonClass: 123127K(126720K)->123127K(126720K) Class: 18815K(21248K)->18815K(21248K)
[2025-08-20T16:27:51.963+0000][1692007][info ][gc          ] GC(276) Pause Young (Normal) (G1 Evacuation Pause) 391M->91M(512M) 2.830ms
[2025-08-20T16:27:51.963+0000][1692007][info ][gc,cpu      ] GC(276) User=0.00s Sys=0.00s Real=0.00s
[2025-08-20T16:27:51.963+0000][1692007][info ][safepoint   ] Safepoint "G1CollectForAllocation", Time since last: 46827918879 ns, Reaching safepoint: 7341 ns, Cleanup: 2554 ns, At safepoint: 2862202 ns, Total: 2872097 ns
[2025-08-20T16:39:37.496+0000][1692007][info ][gc,start    ] GC(277) Pause Young (Concurrent Start) (G1 Evacuation Pause)
[2025-08-20T16:39:37.496+0000][1692007][info ][gc,task     ] GC(277) Using 1 workers of 1 for evacuation
[2025-08-20T16:39:37.496+0000][1692007][debug][gc,age      ] GC(277) Desired survivor size 20971520 bytes, new threshold 15 (max threshold 15)
[2025-08-20T16:39:37.498+0000][1692007][info ][gc,phases   ] GC(277)   Pre Evacuate Collection Set: 0.1ms
[2025-08-20T16:39:37.498+0000][1692007][info ][gc,phases   ] GC(277)   Merge Heap Roots: 0.0ms
[2025-08-20T16:39:37.498+0000][1692007][info ][gc,phases   ] GC(277)   Evacuate Collection Set: 1.3ms
[2025-08-20T16:39:37.498+0000][1692007][info ][gc,phases   ] GC(277)   Post Evacuate Collection Set: 0.7ms
[2025-08-20T16:39:37.498+0000][1692007][info ][gc,phases   ] GC(277)   Other: 0.1ms
[2025-08-20T16:39:37.498+0000][1692007][trace][gc,age      ] GC(277) Age table with threshold 15 (max threshold 15)
[2025-08-20T16:39:37.499+0000][1692007][trace][gc,age      ] GC(277) - age   1:      97136 bytes,      97136 total
[2025-08-20T16:39:37.499+0000][1692007][trace][gc,age      ] GC(277) - age   2:        336 bytes,      97472 total
[2025-08-20T16:39:37.499+0000][1692007][trace][gc,age      ] GC(277) - age   5:        816 bytes,      98288 total
[2025-08-20T16:39:37.499+0000][1692007][trace][gc,age      ] GC(277) - age  13:        136 bytes,      98424 total
[2025-08-20T16:39:37.499+0000][1692007][info ][gc,heap     ] GC(277) Eden regions: 75->0(75)
[2025-08-20T16:39:37.499+0000][1692007][info ][gc,heap     ] GC(277) Survivor regions: 1->1(10)
[2025-08-20T16:39:37.499+0000][1692007][info ][gc,heap     ] GC(277) Old regions: 23->23
[2025-08-20T16:39:37.499+0000][1692007][info ][gc,heap     ] GC(277) Humongous regions: 0->0
[2025-08-20T16:39:37.499+0000][1692007][info ][gc,metaspace] GC(277) Metaspace: 141942K(147968K)->141942K(147968K) NonClass: 123127K(126720K)->123127K(126720K) Class: 18815K(21248K)->18815K(21248K)
[2025-08-20T16:39:37.499+0000][1692007][info ][gc          ] GC(277) Pause Young (Concurrent Start) (G1 Evacuation Pause) 391M->91M(512M) 2.690ms
[2025-08-20T16:39:37.499+0000][1692007][info ][gc,cpu      ] GC(277) User=0.01s Sys=0.00s Real=0.00s
[2025-08-20T16:39:37.499+0000][1692007][info ][safepoint   ] Safepoint "G1CollectForAllocation", Time since last: 705532325344 ns, Reaching safepoint: 228275 ns, Cleanup: 3605 ns, At safepoint: 2726858 ns, Total: 2958738 ns
[2025-08-20T16:39:37.505+0000][1692007][info ][gc          ] GC(278) Concurrent Mark Cycle
[2025-08-20T16:39:37.505+0000][1692007][info ][gc,marking  ] GC(278) Concurrent Scan Root Regions
[2025-08-20T16:39:37.506+0000][1692007][info ][gc,marking  ] GC(278) Concurrent Scan Root Regions 0.674ms
[2025-08-20T16:39:37.506+0000][1692007][info ][gc,marking  ] GC(278) Concurrent Mark
[2025-08-20T16:39:37.506+0000][1692007][info ][gc,marking  ] GC(278) Concurrent Mark From Roots
[2025-08-20T16:39:37.506+0000][1692007][info ][gc,task     ] GC(278) Using 1 workers of 1 for marking
[2025-08-20T16:39:37.620+0000][1692007][info ][gc,marking  ] GC(278) Concurrent Mark From Roots 114.204ms
[2025-08-20T16:39:37.620+0000][1692007][info ][gc,marking  ] GC(278) Concurrent Preclean
[2025-08-20T16:39:37.621+0000][1692007][info ][gc,marking  ] GC(278) Concurrent Preclean 0.354ms
[2025-08-20T16:39:37.621+0000][1692007][info ][gc,start    ] GC(278) Pause Remark
[2025-08-20T16:39:37.625+0000][1692007][info ][gc          ] GC(278) Pause Remark 93M->93M(512M) 4.153ms
[2025-08-20T16:39:37.625+0000][1692007][info ][gc,cpu      ] GC(278) User=0.01s Sys=0.00s Real=0.00s
[2025-08-20T16:39:37.625+0000][1692007][info ][safepoint   ] Safepoint "G1PauseRemark", Time since last: 122115436 ns, Reaching safepoint: 5118 ns, Cleanup: 3606 ns, At safepoint: 4189295 ns, Total: 4198019 ns
[2025-08-20T16:39:37.625+0000][1692007][info ][gc,marking  ] GC(278) Concurrent Mark 118.829ms
[2025-08-20T16:39:37.625+0000][1692007][info ][gc,marking  ] GC(278) Concurrent Rebuild Remembered Sets and Scrub Regions
[2025-08-20T16:39:37.674+0000][1692007][info ][gc,marking  ] GC(278) Concurrent Rebuild Remembered Sets and Scrub Regions 49.607ms
[2025-08-20T16:39:37.675+0000][1692007][info ][gc,start    ] GC(278) Pause Cleanup
[2025-08-20T16:39:37.675+0000][1692007][info ][gc          ] GC(278) Pause Cleanup 93M->93M(512M) 0.039ms
[2025-08-20T16:39:37.675+0000][1692007][info ][gc,cpu      ] GC(278) User=0.00s Sys=0.00s Real=0.00s
[2025-08-20T16:39:37.675+0000][1692007][info ][safepoint   ] Safepoint "G1PauseCleanup", Time since last: 49661150 ns, Reaching safepoint: 3595 ns, Cleanup: 1382 ns, At safepoint: 61603 ns, Total: 66580 ns
[2025-08-20T16:39:37.675+0000][1692007][info ][gc,marking  ] GC(278) Concurrent Clear Claimed Marks
[2025-08-20T16:39:37.675+0000][1692007][info ][gc,marking  ] GC(278) Concurrent Clear Claimed Marks 0.139ms
[2025-08-20T16:39:37.675+0000][1692007][info ][gc,marking  ] GC(278) Concurrent Cleanup for Next Mark
[2025-08-20T16:39:37.675+0000][1692007][info ][gc,marking  ] GC(278) Concurrent Cleanup for Next Mark 0.261ms
[2025-08-20T16:39:37.675+0000][1692007][info ][gc          ] GC(278) Concurrent Mark Cycle 169.659ms
[2025-08-20T16:51:22.836+0000][1692007][info ][gc,start    ] GC(279) Pause Young (Normal) (G1 Evacuation Pause)
[2025-08-20T16:51:22.836+0000][1692007][info ][gc,task     ] GC(279) Using 1 workers of 1 for evacuation
[2025-08-20T16:51:22.836+0000][1692007][debug][gc,age      ] GC(279) Desired survivor size 20971520 bytes, new threshold 15 (max threshold 15)
[2025-08-20T16:51:22.839+0000][1692007][info ][gc,phases   ] GC(279)   Pre Evacuate Collection Set: 0.0ms
[2025-08-20T16:51:22.839+0000][1692007][info ][gc,phases   ] GC(279)   Merge Heap Roots: 0.1ms
[2025-08-20T16:51:22.839+0000][1692007][info ][gc,phases   ] GC(279)   Evacuate Collection Set: 1.6ms
[2025-08-20T16:51:22.839+0000][1692007][info ][gc,phases   ] GC(279)   Post Evacuate Collection Set: 0.9ms
[2025-08-20T16:51:22.839+0000][1692007][info ][gc,phases   ] GC(279)   Other: 0.0ms
[2025-08-20T16:51:22.839+0000][1692007][trace][gc,age      ] GC(279) Age table with threshold 15 (max threshold 15)
[2025-08-20T16:51:22.839+0000][1692007][trace][gc,age      ] GC(279) - age   1:      11232 bytes,      11232 total
[2025-08-20T16:51:22.839+0000][1692007][trace][gc,age      ] GC(279) - age   3:        336 bytes,      11568 total
[2025-08-20T16:51:22.839+0000][1692007][trace][gc,age      ] GC(279) - age   6:        640 bytes,      12208 total
[2025-08-20T16:51:22.839+0000][1692007][trace][gc,age      ] GC(279) - age  14:        136 bytes,      12344 total
[2025-08-20T16:51:22.839+0000][1692007][info ][gc,heap     ] GC(279) Eden regions: 75->0(75)
[2025-08-20T16:51:22.839+0000][1692007][info ][gc,heap     ] GC(279) Survivor regions: 1->1(10)
[2025-08-20T16:51:22.839+0000][1692007][info ][gc,heap     ] GC(279) Old regions: 23->23
[2025-08-20T16:51:22.839+0000][1692007][info ][gc,heap     ] GC(279) Humongous regions: 0->0
[2025-08-20T16:51:22.839+0000][1692007][info ][gc,metaspace] GC(279) Metaspace: 141942K(147968K)->141942K(147968K) NonClass: 123127K(126720K)->123127K(126720K) Class: 18815K(21248K)->18815K(21248K)
[2025-08-20T16:51:22.839+0000][1692007][info ][gc          ] GC(279) Pause Young (Normal) (G1 Evacuation Pause) 391M->91M(512M) 2.890ms
[2025-08-20T16:51:22.839+0000][1692007][info ][gc,cpu      ] GC(279) User=0.00s Sys=0.00s Real=0.00s
[2025-08-20T16:51:22.839+0000][1692007][info ][safepoint   ] Safepoint "G1CollectForAllocation", Time since last: 705161472197 ns, Reaching safepoint: 7431 ns, Cleanup: 2604 ns, At safepoint: 2922143 ns, Total: 2932178 ns
[2025-08-20T17:03:08.331+0000][1692007][info ][gc,start    ] GC(280) Pause Young (Concurrent Start) (G1 Evacuation Pause)
[2025-08-20T17:03:08.332+0000][1692007][info ][gc,task     ] GC(280) Using 1 workers of 1 for evacuation
[2025-08-20T17:03:08.332+0000][1692007][debug][gc,age      ] GC(280) Desired survivor size 20971520 bytes, new threshold 15 (max threshold 15)
[2025-08-20T17:03:08.334+0000][1692007][info ][gc,phases   ] GC(280)   Pre Evacuate Collection Set: 0.1ms
[2025-08-20T17:03:08.334+0000][1692007][info ][gc,phases   ] GC(280)   Merge Heap Roots: 0.0ms
[2025-08-20T17:03:08.334+0000][1692007][info ][gc,phases   ] GC(280)   Evacuate Collection Set: 1.2ms
[2025-08-20T17:03:08.334+0000][1692007][info ][gc,phases   ] GC(280)   Post Evacuate Collection Set: 0.7ms
[2025-08-20T17:03:08.334+0000][1692007][info ][gc,phases   ] GC(280)   Other: 0.0ms
[2025-08-20T17:03:08.334+0000][1692007][trace][gc,age      ] GC(280) Age table with threshold 15 (max threshold 15)
[2025-08-20T17:03:08.334+0000][1692007][trace][gc,age      ] GC(280) - age   1:       9456 bytes,       9456 total
[2025-08-20T17:03:08.334+0000][1692007][trace][gc,age      ] GC(280) - age   2:        528 bytes,       9984 total
[2025-08-20T17:03:08.334+0000][1692007][trace][gc,age      ] GC(280) - age   4:        336 bytes,      10320 total
[2025-08-20T17:03:08.334+0000][1692007][trace][gc,age      ] GC(280) - age   7:        640 bytes,      10960 total
[2025-08-20T17:03:08.334+0000][1692007][trace][gc,age      ] GC(280) - age  15:        136 bytes,      11096 total
[2025-08-20T17:03:08.334+0000][1692007][info ][gc,heap     ] GC(280) Eden regions: 75->0(75)
[2025-08-20T17:03:08.334+0000][1692007][info ][gc,heap     ] GC(280) Survivor regions: 1->1(10)
[2025-08-20T17:03:08.334+0000][1692007][info ][gc,heap     ] GC(280) Old regions: 23->23
[2025-08-20T17:03:08.334+0000][1692007][info ][gc,heap     ] GC(280) Humongous regions: 0->0
[2025-08-20T17:03:08.334+0000][1692007][info ][gc,metaspace] GC(280) Metaspace: 141942K(147968K)->141942K(147968K) NonClass: 123127K(126720K)->123127K(126720K) Class: 18815K(21248K)->18815K(21248K)
[2025-08-20T17:03:08.334+0000][1692007][info ][gc          ] GC(280) Pause Young (Concurrent Start) (G1 Evacuation Pause) 391M->91M(512M) 2.406ms
[2025-08-20T17:03:08.334+0000][1692007][info ][gc,cpu      ] GC(280) User=0.00s Sys=0.00s Real=0.00s
[2025-08-20T17:03:08.334+0000][1692007][info ][safepoint   ] Safepoint "G1CollectForAllocation", Time since last: 705492432393 ns, Reaching safepoint: 8303 ns, Cleanup: 3505 ns, At safepoint: 2443419 ns, Total: 2455227 ns
[2025-08-20T17:03:08.337+0000][1692007][info ][gc          ] GC(281) Concurrent Mark Cycle
[2025-08-20T17:03:08.337+0000][1692007][info ][gc,marking  ] GC(281) Concurrent Scan Root Regions
[2025-08-20T17:03:08.338+0000][1692007][info ][gc,marking  ] GC(281) Concurrent Scan Root Regions 0.936ms
[2025-08-20T17:03:08.338+0000][1692007][info ][gc,marking  ] GC(281) Concurrent Mark
[2025-08-20T17:03:08.338+0000][1692007][info ][gc,marking  ] GC(281) Concurrent Mark From Roots
[2025-08-20T17:03:08.338+0000][1692007][info ][gc,task     ] GC(281) Using 1 workers of 1 for marking
[2025-08-20T17:03:08.454+0000][1692007][info ][gc,marking  ] GC(281) Concurrent Mark From Roots 115.402ms
[2025-08-20T17:03:08.454+0000][1692007][info ][gc,marking  ] GC(281) Concurrent Preclean
[2025-08-20T17:03:08.454+0000][1692007][info ][gc,marking  ] GC(281) Concurrent Preclean 0.359ms
[2025-08-20T17:03:08.454+0000][1692007][info ][gc,start    ] GC(281) Pause Remark
[2025-08-20T17:03:08.459+0000][1692007][info ][gc          ] GC(281) Pause Remark 95M->95M(512M) 4.474ms
[2025-08-20T17:03:08.459+0000][1692007][info ][gc,cpu      ] GC(281) User=0.00s Sys=0.00s Real=0.01s
[2025-08-20T17:03:08.459+0000][1692007][info ][safepoint   ] Safepoint "G1PauseRemark", Time since last: 120243442 ns, Reaching safepoint: 5198 ns, Cleanup: 2824 ns, At safepoint: 4510882 ns, Total: 4518904 ns
[2025-08-20T17:03:08.459+0000][1692007][info ][gc,marking  ] GC(281) Concurrent Mark 120.354ms
[2025-08-20T17:03:08.459+0000][1692007][info ][gc,marking  ] GC(281) Concurrent Rebuild Remembered Sets and Scrub Regions
[2025-08-20T17:03:08.508+0000][1692007][info ][gc,marking  ] GC(281) Concurrent Rebuild Remembered Sets and Scrub Regions 49.504ms
[2025-08-20T17:03:08.508+0000][1692007][info ][gc,start    ] GC(281) Pause Cleanup
[2025-08-20T17:03:08.508+0000][1692007][info ][gc          ] GC(281) Pause Cleanup 95M->95M(512M) 0.036ms
[2025-08-20T17:03:08.508+0000][1692007][info ][gc,cpu      ] GC(281) User=0.00s Sys=0.00s Real=0.00s
[2025-08-20T17:03:08.508+0000][1692007][info ][safepoint   ] Safepoint "G1PauseCleanup", Time since last: 49553453 ns, Reaching safepoint: 3545 ns, Cleanup: 1352 ns, At safepoint: 57427 ns, Total: 62324 ns
[2025-08-20T17:03:08.508+0000][1692007][info ][gc,marking  ] GC(281) Concurrent Clear Claimed Marks
[2025-08-20T17:03:08.508+0000][1692007][info ][gc,marking  ] GC(281) Concurrent Clear Claimed Marks 0.149ms
[2025-08-20T17:03:08.508+0000][1692007][info ][gc,marking  ] GC(281) Concurrent Cleanup for Next Mark
[2025-08-20T17:03:08.509+0000][1692007][info ][gc,marking  ] GC(281) Concurrent Cleanup for Next Mark 0.258ms
[2025-08-20T17:03:08.509+0000][1692007][info ][gc          ] GC(281) Concurrent Mark Cycle 171.347ms
[2025-08-20T17:11:52.548+0000][1692007][info ][safepoint   ] Safepoint "Cleanup", Time since last: 524039538427 ns, Reaching safepoint: 43716 ns, Cleanup: 11337 ns, At safepoint: 4708 ns, Total: 59761 ns
[2025-08-20T17:12:04.549+0000][1692007][info ][safepoint   ] Safepoint "Cleanup", Time since last: 12001058366 ns, Reaching safepoint: 6340 ns, Cleanup: 12008 ns, At safepoint: 63216 ns, Total: 81564 ns
[2025-08-20T17:14:55.494+0000][1692007][info ][gc,start    ] GC(282) Pause Young (Normal) (G1 Evacuation Pause)
[2025-08-20T17:14:55.495+0000][1692007][info ][gc,task     ] GC(282) Using 1 workers of 1 for evacuation
[2025-08-20T17:14:55.495+0000][1692007][debug][gc,age      ] GC(282) Desired survivor size 20971520 bytes, new threshold 15 (max threshold 15)
[2025-08-20T17:14:55.497+0000][1692007][info ][gc,phases   ] GC(282)   Pre Evacuate Collection Set: 0.0ms
[2025-08-20T17:14:55.497+0000][1692007][info ][gc,phases   ] GC(282)   Merge Heap Roots: 0.0ms
[2025-08-20T17:14:55.497+0000][1692007][info ][gc,phases   ] GC(282)   Evacuate Collection Set: 1.6ms
[2025-08-20T17:14:55.497+0000][1692007][info ][gc,phases   ] GC(282)   Post Evacuate Collection Set: 0.7ms
[2025-08-20T17:14:55.497+0000][1692007][info ][gc,phases   ] GC(282)   Other: 0.0ms
[2025-08-20T17:14:55.497+0000][1692007][trace][gc,age      ] GC(282) Age table with threshold 15 (max threshold 15)
[2025-08-20T17:14:55.497+0000][1692007][trace][gc,age      ] GC(282) - age   1:       9424 bytes,       9424 total
[2025-08-20T17:14:55.497+0000][1692007][trace][gc,age      ] GC(282) - age   3:        176 bytes,       9600 total
[2025-08-20T17:14:55.497+0000][1692007][trace][gc,age      ] GC(282) - age   5:        336 bytes,       9936 total
[2025-08-20T17:14:55.497+0000][1692007][trace][gc,age      ] GC(282) - age   8:        640 bytes,      10576 total
[2025-08-20T17:14:55.497+0000][1692007][info ][gc,heap     ] GC(282) Eden regions: 75->0(75)
[2025-08-20T17:14:55.497+0000][1692007][info ][gc,heap     ] GC(282) Survivor regions: 1->1(10)
[2025-08-20T17:14:55.497+0000][1692007][info ][gc,heap     ] GC(282) Old regions: 23->23
[2025-08-20T17:14:55.497+0000][1692007][info ][gc,heap     ] GC(282) Humongous regions: 0->0
[2025-08-20T17:14:55.497+0000][1692007][info ][gc,metaspace] GC(282) Metaspace: 141942K(147968K)->141942K(147968K) NonClass: 123127K(126720K)->123127K(126720K) Class: 18815K(21248K)->18815K(21248K)
[2025-08-20T17:14:55.497+0000][1692007][info ][gc          ] GC(282) Pause Young (Normal) (G1 Evacuation Pause) 391M->91M(512M) 2.909ms
[2025-08-20T17:14:55.497+0000][1692007][info ][gc,cpu      ] GC(282) User=0.00s Sys=0.00s Real=0.01s
[2025-08-20T17:14:55.497+0000][1692007][info ][safepoint   ] Safepoint "G1CollectForAllocation", Time since last: 170945350475 ns, Reaching safepoint: 8112 ns, Cleanup: 3125 ns, At safepoint: 2939188 ns, Total: 2950425 ns
[2025-08-20T17:26:39.113+0000][1692007][info ][gc,start    ] GC(283) Pause Young (Concurrent Start) (G1 Evacuation Pause)
[2025-08-20T17:26:39.114+0000][1692007][info ][gc,task     ] GC(283) Using 1 workers of 1 for evacuation
[2025-08-20T17:26:39.114+0000][1692007][debug][gc,age      ] GC(283) Desired survivor size 20971520 bytes, new threshold 15 (max threshold 15)
[2025-08-20T17:26:39.116+0000][1692007][info ][gc,phases   ] GC(283)   Pre Evacuate Collection Set: 0.0ms
[2025-08-20T17:26:39.116+0000][1692007][info ][gc,phases   ] GC(283)   Merge Heap Roots: 0.0ms
[2025-08-20T17:26:39.116+0000][1692007][info ][gc,phases   ] GC(283)   Evacuate Collection Set: 1.2ms
[2025-08-20T17:26:39.116+0000][1692007][info ][gc,phases   ] GC(283)   Post Evacuate Collection Set: 1.0ms
[2025-08-20T17:26:39.116+0000][1692007][info ][gc,phases   ] GC(283)   Other: 0.0ms
[2025-08-20T17:26:39.116+0000][1692007][trace][gc,age      ] GC(283) Age table with threshold 15 (max threshold 15)
[2025-08-20T17:26:39.116+0000][1692007][trace][gc,age      ] GC(283) - age   1:      11024 bytes,      11024 total
[2025-08-20T17:26:39.116+0000][1692007][trace][gc,age      ] GC(283) - age   4:        176 bytes,      11200 total
[2025-08-20T17:26:39.116+0000][1692007][trace][gc,age      ] GC(283) - age   6:        336 bytes,      11536 total
[2025-08-20T17:26:39.116+0000][1692007][trace][gc,age      ] GC(283) - age   9:        640 bytes,      12176 total
[2025-08-20T17:26:39.116+0000][1692007][info ][gc,heap     ] GC(283) Eden regions: 75->0(75)
[2025-08-20T17:26:39.116+0000][1692007][info ][gc,heap     ] GC(283) Survivor regions: 1->1(10)
[2025-08-20T17:26:39.116+0000][1692007][info ][gc,heap     ] GC(283) Old regions: 23->23
[2025-08-20T17:26:39.116+0000][1692007][info ][gc,heap     ] GC(283) Humongous regions: 0->0
[2025-08-20T17:26:39.116+0000][1692007][info ][gc,metaspace] GC(283) Metaspace: 141942K(147968K)->141942K(147968K) NonClass: 123127K(126720K)->123127K(126720K) Class: 18815K(21248K)->18815K(21248K)
[2025-08-20T17:26:39.116+0000][1692007][info ][gc          ] GC(283) Pause Young (Concurrent Start) (G1 Evacuation Pause) 391M->91M(512M) 2.505ms
[2025-08-20T17:26:39.116+0000][1692007][info ][gc,cpu      ] GC(283) User=0.00s Sys=0.00s Real=0.01s
[2025-08-20T17:26:39.116+0000][1692007][info ][safepoint   ] Safepoint "G1CollectForAllocation", Time since last: 703616017327 ns, Reaching safepoint: 7151 ns, Cleanup: 2644 ns, At safepoint: 2548418 ns, Total: 2558213 ns
[2025-08-20T17:26:39.119+0000][1692007][info ][gc          ] GC(284) Concurrent Mark Cycle
[2025-08-20T17:26:39.119+0000][1692007][info ][gc,marking  ] GC(284) Concurrent Scan Root Regions
[2025-08-20T17:26:39.120+0000][1692007][info ][gc,marking  ] GC(284) Concurrent Scan Root Regions 1.079ms
[2025-08-20T17:26:39.120+0000][1692007][info ][gc,marking  ] GC(284) Concurrent Mark
[2025-08-20T17:26:39.120+0000][1692007][info ][gc,marking  ] GC(284) Concurrent Mark From Roots
[2025-08-20T17:26:39.120+0000][1692007][info ][gc,task     ] GC(284) Using 1 workers of 1 for marking
[2025-08-20T17:26:39.236+0000][1692007][info ][gc,marking  ] GC(284) Concurrent Mark From Roots 115.774ms
[2025-08-20T17:26:39.236+0000][1692007][info ][gc,marking  ] GC(284) Concurrent Preclean
[2025-08-20T17:26:39.237+0000][1692007][info ][gc,marking  ] GC(284) Concurrent Preclean 0.355ms
[2025-08-20T17:26:39.237+0000][1692007][info ][gc,start    ] GC(284) Pause Remark
[2025-08-20T17:26:39.241+0000][1692007][info ][gc          ] GC(284) Pause Remark 94M->94M(512M) 4.259ms
[2025-08-20T17:26:39.241+0000][1692007][info ][gc,cpu      ] GC(284) User=0.01s Sys=0.00s Real=0.00s
[2025-08-20T17:26:39.241+0000][1692007][info ][safepoint   ] Safepoint "G1PauseRemark", Time since last: 120765541 ns, Reaching safepoint: 5278 ns, Cleanup: 3145 ns, At safepoint: 4313483 ns, Total: 4321906 ns
[2025-08-20T17:26:39.241+0000][1692007][info ][gc,marking  ] GC(284) Concurrent Mark 120.528ms
[2025-08-20T17:26:39.241+0000][1692007][info ][gc,marking  ] GC(284) Concurrent Rebuild Remembered Sets and Scrub Regions
[2025-08-20T17:26:39.283+0000][1692007][info ][gc,marking  ] GC(284) Concurrent Rebuild Remembered Sets and Scrub Regions 42.146ms
[2025-08-20T17:26:39.283+0000][1692007][info ][gc,start    ] GC(284) Pause Cleanup
[2025-08-20T17:26:39.283+0000][1692007][info ][gc          ] GC(284) Pause Cleanup 94M->94M(512M) 0.031ms
[2025-08-20T17:26:39.283+0000][1692007][info ][gc,cpu      ] GC(284) User=0.00s Sys=0.00s Real=0.00s
[2025-08-20T17:26:39.283+0000][1692007][info ][safepoint   ] Safepoint "G1PauseCleanup", Time since last: 42191167 ns, Reaching safepoint: 3135 ns, Cleanup: 771 ns, At safepoint: 52289 ns, Total: 56195 ns
[2025-08-20T17:26:39.283+0000][1692007][info ][gc,marking  ] GC(284) Concurrent Clear Claimed Marks
[2025-08-20T17:26:39.283+0000][1692007][info ][gc,marking  ] GC(284) Concurrent Clear Claimed Marks 0.142ms
[2025-08-20T17:26:39.283+0000][1692007][info ][gc,marking  ] GC(284) Concurrent Cleanup for Next Mark
[2025-08-20T17:26:39.298+0000][1692007][info ][gc,marking  ] GC(284) Concurrent Cleanup for Next Mark 14.220ms
[2025-08-20T17:26:39.298+0000][1692007][info ][gc          ] GC(284) Concurrent Mark Cycle 178.252ms
[2025-08-20T17:38:19.728+0000][1692007][info ][gc,start    ] GC(285) Pause Young (Normal) (G1 Evacuation Pause)
[2025-08-20T17:38:19.729+0000][1692007][info ][gc,task     ] GC(285) Using 1 workers of 1 for evacuation
[2025-08-20T17:38:19.729+0000][1692007][debug][gc,age      ] GC(285) Desired survivor size 20971520 bytes, new threshold 15 (max threshold 15)
[2025-08-20T17:38:19.731+0000][1692007][info ][gc,phases   ] GC(285)   Pre Evacuate Collection Set: 0.0ms
[2025-08-20T17:38:19.731+0000][1692007][info ][gc,phases   ] GC(285)   Merge Heap Roots: 0.0ms
[2025-08-20T17:38:19.731+0000][1692007][info ][gc,phases   ] GC(285)   Evacuate Collection Set: 1.6ms
[2025-08-20T17:38:19.731+0000][1692007][info ][gc,phases   ] GC(285)   Post Evacuate Collection Set: 0.7ms
[2025-08-20T17:38:19.731+0000][1692007][info ][gc,phases   ] GC(285)   Other: 0.0ms
[2025-08-20T17:38:19.731+0000][1692007][trace][gc,age      ] GC(285) Age table with threshold 15 (max threshold 15)
[2025-08-20T17:38:19.731+0000][1692007][trace][gc,age      ] GC(285) - age   1:       9440 bytes,       9440 total
[2025-08-20T17:38:19.731+0000][1692007][trace][gc,age      ] GC(285) - age   5:        176 bytes,       9616 total
[2025-08-20T17:38:19.731+0000][1692007][trace][gc,age      ] GC(285) - age   7:        336 bytes,       9952 total
[2025-08-20T17:38:19.731+0000][1692007][trace][gc,age      ] GC(285) - age  10:        640 bytes,      10592 total
[2025-08-20T17:38:19.731+0000][1692007][info ][gc,heap     ] GC(285) Eden regions: 75->0(75)
[2025-08-20T17:38:19.731+0000][1692007][info ][gc,heap     ] GC(285) Survivor regions: 1->1(10)
[2025-08-20T17:38:19.731+0000][1692007][info ][gc,heap     ] GC(285) Old regions: 23->23
[2025-08-20T17:38:19.731+0000][1692007][info ][gc,heap     ] GC(285) Humongous regions: 0->0
[2025-08-20T17:38:19.731+0000][1692007][info ][gc,metaspace] GC(285) Metaspace: 141942K(147968K)->141942K(147968K) NonClass: 123127K(126720K)->123127K(126720K) Class: 18815K(21248K)->18815K(21248K)
[2025-08-20T17:38:19.731+0000][1692007][info ][gc          ] GC(285) Pause Young (Normal) (G1 Evacuation Pause) 391M->91M(512M) 3.054ms
[2025-08-20T17:38:19.731+0000][1692007][info ][gc,cpu      ] GC(285) User=0.00s Sys=0.00s Real=0.00s
[2025-08-20T17:38:19.731+0000][1692007][info ][safepoint   ] Safepoint "G1CollectForAllocation", Time since last: 700444903534 ns, Reaching safepoint: 7061 ns, Cleanup: 3285 ns, At safepoint: 3086480 ns, Total: 3096826 ns
[2025-08-20T17:44:53.792+0000][1692007][info ][safepoint   ] Safepoint "Cleanup", Time since last: 394060684463 ns, Reaching safepoint: 13380 ns, Cleanup: 7792 ns, At safepoint: 4317 ns, Total: 25489 ns
[2025-08-20T17:50:05.272+0000][1692007][info ][gc,start    ] GC(286) Pause Young (Concurrent Start) (G1 Evacuation Pause)
[2025-08-20T17:50:05.272+0000][1692007][info ][gc,task     ] GC(286) Using 1 workers of 1 for evacuation
[2025-08-20T17:50:05.272+0000][1692007][debug][gc,age      ] GC(286) Desired survivor size 20971520 bytes, new threshold 15 (max threshold 15)
[2025-08-20T17:50:05.274+0000][1692007][info ][gc,phases   ] GC(286)   Pre Evacuate Collection Set: 0.1ms
[2025-08-20T17:50:05.274+0000][1692007][info ][gc,phases   ] GC(286)   Merge Heap Roots: 0.0ms
[2025-08-20T17:50:05.274+0000][1692007][info ][gc,phases   ] GC(286)   Evacuate Collection Set: 1.2ms
[2025-08-20T17:50:05.274+0000][1692007][info ][gc,phases   ] GC(286)   Post Evacuate Collection Set: 0.7ms
[2025-08-20T17:50:05.274+0000][1692007][info ][gc,phases   ] GC(286)   Other: 0.1ms
[2025-08-20T17:50:05.274+0000][1692007][trace][gc,age      ] GC(286) Age table with threshold 15 (max threshold 15)
[2025-08-20T17:50:05.274+0000][1692007][trace][gc,age      ] GC(286) - age   1:       9648 bytes,       9648 total
[2025-08-20T17:50:05.274+0000][1692007][trace][gc,age      ] GC(286) - age   2:        352 bytes,      10000 total
[2025-08-20T17:50:05.274+0000][1692007][trace][gc,age      ] GC(286) - age   6:        176 bytes,      10176 total
[2025-08-20T17:50:05.274+0000][1692007][trace][gc,age      ] GC(286) - age   8:        336 bytes,      10512 total
[2025-08-20T17:50:05.274+0000][1692007][trace][gc,age      ] GC(286) - age  11:        640 bytes,      11152 total
[2025-08-20T17:50:05.274+0000][1692007][info ][gc,heap     ] GC(286) Eden regions: 75->0(75)
[2025-08-20T17:50:05.274+0000][1692007][info ][gc,heap     ] GC(286) Survivor regions: 1->1(10)
[2025-08-20T17:50:05.274+0000][1692007][info ][gc,heap     ] GC(286) Old regions: 23->23
[2025-08-20T17:50:05.274+0000][1692007][info ][gc,heap     ] GC(286) Humongous regions: 0->0
[2025-08-20T17:50:05.274+0000][1692007][info ][gc,metaspace] GC(286) Metaspace: 141942K(147968K)->141942K(147968K) NonClass: 123127K(126720K)->123127K(126720K) Class: 18815K(21248K)->18815K(21248K)
[2025-08-20T17:50:05.274+0000][1692007][info ][gc          ] GC(286) Pause Young (Concurrent Start) (G1 Evacuation Pause) 391M->91M(512M) 2.451ms
[2025-08-20T17:50:05.274+0000][1692007][info ][gc,cpu      ] GC(286) User=0.00s Sys=0.00s Real=0.00s
[2025-08-20T17:50:05.274+0000][1692007][info ][safepoint   ] Safepoint "G1CollectForAllocation", Time since last: 311479998517 ns, Reaching safepoint: 5408 ns, Cleanup: 3715 ns, At safepoint: 2488288 ns, Total: 2497411 ns
[2025-08-20T17:50:05.281+0000][1692007][info ][gc          ] GC(287) Concurrent Mark Cycle
[2025-08-20T17:50:05.281+0000][1692007][info ][gc,marking  ] GC(287) Concurrent Scan Root Regions
[2025-08-20T17:50:05.282+0000][1692007][info ][gc,marking  ] GC(287) Concurrent Scan Root Regions 0.390ms
[2025-08-20T17:50:05.282+0000][1692007][info ][gc,marking  ] GC(287) Concurrent Mark
[2025-08-20T17:50:05.282+0000][1692007][info ][gc,marking  ] GC(287) Concurrent Mark From Roots
[2025-08-20T17:50:05.282+0000][1692007][info ][gc,task     ] GC(287) Using 1 workers of 1 for marking
[2025-08-20T17:50:05.393+0000][1692007][info ][gc,marking  ] GC(287) Concurrent Mark From Roots 111.657ms
[2025-08-20T17:50:05.393+0000][1692007][info ][gc,marking  ] GC(287) Concurrent Preclean
[2025-08-20T17:50:05.394+0000][1692007][info ][gc,marking  ] GC(287) Concurrent Preclean 0.354ms
[2025-08-20T17:50:05.394+0000][1692007][info ][gc,start    ] GC(287) Pause Remark
[2025-08-20T17:50:05.398+0000][1692007][info ][gc          ] GC(287) Pause Remark 91M->91M(512M) 4.282ms
[2025-08-20T17:50:05.398+0000][1692007][info ][gc,cpu      ] GC(287) User=0.01s Sys=0.00s Real=0.01s
[2025-08-20T17:50:05.398+0000][1692007][info ][safepoint   ] Safepoint "G1PauseRemark", Time since last: 119421637 ns, Reaching safepoint: 4827 ns, Cleanup: 3105 ns, At safepoint: 4321135 ns, Total: 4329067 ns
[2025-08-20T17:50:05.398+0000][1692007][info ][gc,marking  ] GC(287) Concurrent Mark 116.433ms
[2025-08-20T17:50:05.398+0000][1692007][info ][gc,marking  ] GC(287) Concurrent Rebuild Remembered Sets and Scrub Regions
[2025-08-20T17:50:05.455+0000][1692007][info ][gc,marking  ] GC(287) Concurrent Rebuild Remembered Sets and Scrub Regions 56.523ms
[2025-08-20T17:50:05.455+0000][1692007][info ][gc,start    ] GC(287) Pause Cleanup
[2025-08-20T17:50:05.455+0000][1692007][info ][gc          ] GC(287) Pause Cleanup 91M->91M(512M) 0.034ms
[2025-08-20T17:50:05.455+0000][1692007][info ][gc,cpu      ] GC(287) User=0.00s Sys=0.00s Real=0.00s
[2025-08-20T17:50:05.455+0000][1692007][info ][safepoint   ] Safepoint "G1PauseCleanup", Time since last: 56589450 ns, Reaching safepoint: 3585 ns, Cleanup: 1142 ns, At safepoint: 58258 ns, Total: 62985 ns
[2025-08-20T17:50:05.455+0000][1692007][info ][gc,marking  ] GC(287) Concurrent Clear Claimed Marks
[2025-08-20T17:50:05.455+0000][1692007][info ][gc,marking  ] GC(287) Concurrent Clear Claimed Marks 0.153ms
[2025-08-20T17:50:05.455+0000][1692007][info ][gc,marking  ] GC(287) Concurrent Cleanup for Next Mark
[2025-08-20T17:50:05.455+0000][1692007][info ][gc,marking  ] GC(287) Concurrent Cleanup for Next Mark 0.264ms
[2025-08-20T17:50:05.455+0000][1692007][info ][gc          ] GC(287) Concurrent Mark Cycle 173.911ms
[2025-08-20T18:01:51.962+0000][1692007][info ][gc,start    ] GC(288) Pause Young (Normal) (G1 Evacuation Pause)
[2025-08-20T18:01:51.962+0000][1692007][info ][gc,task     ] GC(288) Using 1 workers of 1 for evacuation
[2025-08-20T18:01:51.962+0000][1692007][debug][gc,age      ] GC(288) Desired survivor size 20971520 bytes, new threshold 15 (max threshold 15)
[2025-08-20T18:01:51.965+0000][1692007][info ][gc,phases   ] GC(288)   Pre Evacuate Collection Set: 0.0ms
[2025-08-20T18:01:51.965+0000][1692007][info ][gc,phases   ] GC(288)   Merge Heap Roots: 0.0ms
[2025-08-20T18:01:51.965+0000][1692007][info ][gc,phases   ] GC(288)   Evacuate Collection Set: 1.6ms
[2025-08-20T18:01:51.965+0000][1692007][info ][gc,phases   ] GC(288)   Post Evacuate Collection Set: 0.8ms
[2025-08-20T18:01:51.965+0000][1692007][info ][gc,phases   ] GC(288)   Other: 0.0ms
[2025-08-20T18:01:51.965+0000][1692007][trace][gc,age      ] GC(288) Age table with threshold 15 (max threshold 15)
[2025-08-20T18:01:51.965+0000][1692007][trace][gc,age      ] GC(288) - age   1:      10264 bytes,      10264 total
[2025-08-20T18:01:51.965+0000][1692007][trace][gc,age      ] GC(288) - age   2:        344 bytes,      10608 total
[2025-08-20T18:01:51.965+0000][1692007][trace][gc,age      ] GC(288) - age   9:        336 bytes,      10944 total
[2025-08-20T18:01:51.965+0000][1692007][trace][gc,age      ] GC(288) - age  12:        640 bytes,      11584 total
[2025-08-20T18:01:51.965+0000][1692007][info ][gc,heap     ] GC(288) Eden regions: 75->0(75)
[2025-08-20T18:01:51.965+0000][1692007][info ][gc,heap     ] GC(288) Survivor regions: 1->1(10)
[2025-08-20T18:01:51.965+0000][1692007][info ][gc,heap     ] GC(288) Old regions: 23->23
[2025-08-20T18:01:51.965+0000][1692007][info ][gc,heap     ] GC(288) Humongous regions: 0->0
[2025-08-20T18:01:51.965+0000][1692007][info ][gc,metaspace] GC(288) Metaspace: 141942K(147968K)->141942K(147968K) NonClass: 123127K(126720K)->123127K(126720K) Class: 18815K(21248K)->18815K(21248K)
[2025-08-20T18:01:51.965+0000][1692007][info ][gc          ] GC(288) Pause Young (Normal) (G1 Evacuation Pause) 391M->91M(512M) 2.887ms
[2025-08-20T18:01:51.965+0000][1692007][info ][gc,cpu      ] GC(288) User=0.00s Sys=0.00s Real=0.00s
[2025-08-20T18:01:51.965+0000][1692007][info ][safepoint   ] Safepoint "G1CollectForAllocation", Time since last: 706507277277 ns, Reaching safepoint: 7191 ns, Cleanup: 3555 ns, At safepoint: 2918667 ns, Total: 2929413 ns
[2025-08-20T18:13:36.091+0000][1692007][info ][gc,start    ] GC(289) Pause Young (Concurrent Start) (G1 Evacuation Pause)
[2025-08-20T18:13:36.092+0000][1692007][info ][gc,task     ] GC(289) Using 1 workers of 1 for evacuation
[2025-08-20T18:13:36.092+0000][1692007][debug][gc,age      ] GC(289) Desired survivor size 20971520 bytes, new threshold 15 (max threshold 15)
[2025-08-20T18:13:36.094+0000][1692007][info ][gc,phases   ] GC(289)   Pre Evacuate Collection Set: 0.0ms
[2025-08-20T18:13:36.094+0000][1692007][info ][gc,phases   ] GC(289)   Merge Heap Roots: 0.0ms
[2025-08-20T18:13:36.094+0000][1692007][info ][gc,phases   ] GC(289)   Evacuate Collection Set: 1.2ms
[2025-08-20T18:13:36.094+0000][1692007][info ][gc,phases   ] GC(289)   Post Evacuate Collection Set: 0.7ms
[2025-08-20T18:13:36.094+0000][1692007][info ][gc,phases   ] GC(289)   Other: 0.1ms
[2025-08-20T18:13:36.094+0000][1692007][trace][gc,age      ] GC(289) Age table with threshold 15 (max threshold 15)
[2025-08-20T18:13:36.094+0000][1692007][trace][gc,age      ] GC(289) - age   1:      11104 bytes,      11104 total
[2025-08-20T18:13:36.094+0000][1692007][trace][gc,age      ] GC(289) - age   2:        176 bytes,      11280 total
[2025-08-20T18:13:36.094+0000][1692007][trace][gc,age      ] GC(289) - age   3:        344 bytes,      11624 total
[2025-08-20T18:13:36.094+0000][1692007][trace][gc,age      ] GC(289) - age  10:        336 bytes,      11960 total
[2025-08-20T18:13:36.094+0000][1692007][trace][gc,age      ] GC(289) - age  13:        640 bytes,      12600 total
[2025-08-20T18:13:36.094+0000][1692007][info ][gc,heap     ] GC(289) Eden regions: 75->0(75)
[2025-08-20T18:13:36.094+0000][1692007][info ][gc,heap     ] GC(289) Survivor regions: 1->1(10)
[2025-08-20T18:13:36.094+0000][1692007][info ][gc,heap     ] GC(289) Old regions: 23->23
[2025-08-20T18:13:36.094+0000][1692007][info ][gc,heap     ] GC(289) Humongous regions: 0->0
[2025-08-20T18:13:36.094+0000][1692007][info ][gc,metaspace] GC(289) Metaspace: 141942K(147968K)->141942K(147968K) NonClass: 123127K(126720K)->123127K(126720K) Class: 18815K(21248K)->18815K(21248K)
[2025-08-20T18:13:36.094+0000][1692007][info ][gc          ] GC(289) Pause Young (Concurrent Start) (G1 Evacuation Pause) 391M->91M(512M) 2.447ms
[2025-08-20T18:13:36.094+0000][1692007][info ][gc,cpu      ] GC(289) User=0.01s Sys=0.00s Real=0.00s
[2025-08-20T18:13:36.094+0000][1692007][info ][safepoint   ] Safepoint "G1CollectForAllocation", Time since last: 704126430204 ns, Reaching safepoint: 7772 ns, Cleanup: 3385 ns, At safepoint: 2483099 ns, Total: 2494256 ns
[2025-08-20T18:13:36.100+0000][1692007][info ][gc          ] GC(290) Concurrent Mark Cycle
[2025-08-20T18:13:36.100+0000][1692007][info ][gc,marking  ] GC(290) Concurrent Scan Root Regions
[2025-08-20T18:13:36.101+0000][1692007][info ][gc,marking  ] GC(290) Concurrent Scan Root Regions 0.688ms
[2025-08-20T18:13:36.101+0000][1692007][info ][gc,marking  ] GC(290) Concurrent Mark
[2025-08-20T18:13:36.101+0000][1692007][info ][gc,marking  ] GC(290) Concurrent Mark From Roots
[2025-08-20T18:13:36.101+0000][1692007][info ][gc,task     ] GC(290) Using 1 workers of 1 for marking
[2025-08-20T18:13:36.223+0000][1692007][info ][gc,marking  ] GC(290) Concurrent Mark From Roots 121.695ms
[2025-08-20T18:13:36.223+0000][1692007][info ][gc,marking  ] GC(290) Concurrent Preclean
[2025-08-20T18:13:36.223+0000][1692007][info ][gc,marking  ] GC(290) Concurrent Preclean 0.375ms
[2025-08-20T18:13:36.223+0000][1692007][info ][gc,start    ] GC(290) Pause Remark
[2025-08-20T18:13:36.228+0000][1692007][info ][gc          ] GC(290) Pause Remark 93M->93M(512M) 4.360ms
[2025-08-20T18:13:36.228+0000][1692007][info ][gc,cpu      ] GC(290) User=0.00s Sys=0.00s Real=0.01s
[2025-08-20T18:13:36.228+0000][1692007][info ][safepoint   ] Safepoint "G1PauseRemark", Time since last: 129228161 ns, Reaching safepoint: 5028 ns, Cleanup: 3014 ns, At safepoint: 4393705 ns, Total: 4401747 ns
[2025-08-20T18:13:36.228+0000][1692007][info ][gc,marking  ] GC(290) Concurrent Mark 126.541ms
[2025-08-20T18:13:36.228+0000][1692007][info ][gc,marking  ] GC(290) Concurrent Rebuild Remembered Sets and Scrub Regions
[2025-08-20T18:13:36.268+0000][1692007][info ][gc,marking  ] GC(290) Concurrent Rebuild Remembered Sets and Scrub Regions 39.980ms
[2025-08-20T18:13:36.268+0000][1692007][info ][gc,start    ] GC(290) Pause Cleanup
[2025-08-20T18:13:36.268+0000][1692007][info ][gc          ] GC(290) Pause Cleanup 93M->93M(512M) 0.033ms
[2025-08-20T18:13:36.268+0000][1692007][info ][gc,cpu      ] GC(290) User=0.00s Sys=0.00s Real=0.00s
[2025-08-20T18:13:36.268+0000][1692007][info ][safepoint   ] Safepoint "G1PauseCleanup", Time since last: 40041294 ns, Reaching safepoint: 3265 ns, Cleanup: 1042 ns, At safepoint: 52239 ns, Total: 56546 ns
[2025-08-20T18:13:36.268+0000][1692007][info ][gc,marking  ] GC(290) Concurrent Clear Claimed Marks
[2025-08-20T18:13:36.268+0000][1692007][info ][gc,marking  ] GC(290) Concurrent Clear Claimed Marks 0.129ms
[2025-08-20T18:13:36.268+0000][1692007][info ][gc,marking  ] GC(290) Concurrent Cleanup for Next Mark
[2025-08-20T18:13:36.281+0000][1692007][info ][gc,marking  ] GC(290) Concurrent Cleanup for Next Mark 12.773ms
[2025-08-20T18:13:36.281+0000][1692007][info ][gc          ] GC(290) Concurrent Mark Cycle 180.262ms
[2025-08-20T18:25:23.219+0000][1692007][info ][gc,start    ] GC(291) Pause Young (Normal) (G1 Evacuation Pause)
[2025-08-20T18:25:23.219+0000][1692007][info ][gc,task     ] GC(291) Using 1 workers of 1 for evacuation
[2025-08-20T18:25:23.219+0000][1692007][debug][gc,age      ] GC(291) Desired survivor size 20971520 bytes, new threshold 15 (max threshold 15)
[2025-08-20T18:25:23.222+0000][1692007][info ][gc,phases   ] GC(291)   Pre Evacuate Collection Set: 0.0ms
[2025-08-20T18:25:23.222+0000][1692007][info ][gc,phases   ] GC(291)   Merge Heap Roots: 0.0ms
[2025-08-20T18:25:23.222+0000][1692007][info ][gc,phases   ] GC(291)   Evacuate Collection Set: 1.7ms
[2025-08-20T18:25:23.222+0000][1692007][info ][gc,phases   ] GC(291)   Post Evacuate Collection Set: 0.7ms
[2025-08-20T18:25:23.222+0000][1692007][info ][gc,phases   ] GC(291)   Other: 0.0ms
[2025-08-20T18:25:23.222+0000][1692007][trace][gc,age      ] GC(291) Age table with threshold 15 (max threshold 15)
[2025-08-20T18:25:23.222+0000][1692007][trace][gc,age      ] GC(291) - age   1:      80240 bytes,      80240 total
[2025-08-20T18:25:23.222+0000][1692007][trace][gc,age      ] GC(291) - age   3:        176 bytes,      80416 total
[2025-08-20T18:25:23.222+0000][1692007][trace][gc,age      ] GC(291) - age   4:        344 bytes,      80760 total
[2025-08-20T18:25:23.222+0000][1692007][trace][gc,age      ] GC(291) - age  11:        336 bytes,      81096 total
[2025-08-20T18:25:23.222+0000][1692007][trace][gc,age      ] GC(291) - age  14:        640 bytes,      81736 total
[2025-08-20T18:25:23.222+0000][1692007][info ][gc,heap     ] GC(291) Eden regions: 75->0(75)
[2025-08-20T18:25:23.222+0000][1692007][info ][gc,heap     ] GC(291) Survivor regions: 1->1(10)
[2025-08-20T18:25:23.222+0000][1692007][info ][gc,heap     ] GC(291) Old regions: 23->23
[2025-08-20T18:25:23.222+0000][1692007][info ][gc,heap     ] GC(291) Humongous regions: 0->0
[2025-08-20T18:25:23.222+0000][1692007][info ][gc,metaspace] GC(291) Metaspace: 141942K(147968K)->141942K(147968K) NonClass: 123127K(126720K)->123127K(126720K) Class: 18815K(21248K)->18815K(21248K)
[2025-08-20T18:25:23.222+0000][1692007][info ][gc          ] GC(291) Pause Young (Normal) (G1 Evacuation Pause) 391M->91M(512M) 3.123ms
[2025-08-20T18:25:23.222+0000][1692007][info ][gc,cpu      ] GC(291) User=0.01s Sys=0.00s Real=0.00s
[2025-08-20T18:25:23.222+0000][1692007][info ][safepoint   ] Safepoint "G1CollectForAllocation", Time since last: 706950915329 ns, Reaching safepoint: 9084 ns, Cleanup: 3195 ns, At safepoint: 3156576 ns, Total: 3168855 ns
[2025-08-20T18:37:08.681+0000][1692007][info ][gc,start    ] GC(292) Pause Young (Concurrent Start) (G1 Evacuation Pause)
[2025-08-20T18:37:08.682+0000][1692007][info ][gc,task     ] GC(292) Using 1 workers of 1 for evacuation
[2025-08-20T18:37:08.682+0000][1692007][debug][gc,age      ] GC(292) Desired survivor size 20971520 bytes, new threshold 15 (max threshold 15)
[2025-08-20T18:37:08.684+0000][1692007][info ][gc,phases   ] GC(292)   Pre Evacuate Collection Set: 0.1ms
[2025-08-20T18:37:08.684+0000][1692007][info ][gc,phases   ] GC(292)   Merge Heap Roots: 0.0ms
[2025-08-20T18:37:08.684+0000][1692007][info ][gc,phases   ] GC(292)   Evacuate Collection Set: 1.2ms
[2025-08-20T18:37:08.684+0000][1692007][info ][gc,phases   ] GC(292)   Post Evacuate Collection Set: 0.7ms
[2025-08-20T18:37:08.684+0000][1692007][info ][gc,phases   ] GC(292)   Other: 0.0ms
[2025-08-20T18:37:08.684+0000][1692007][trace][gc,age      ] GC(292) Age table with threshold 15 (max threshold 15)
[2025-08-20T18:37:08.684+0000][1692007][trace][gc,age      ] GC(292) - age   1:       9808 bytes,       9808 total
[2025-08-20T18:37:08.684+0000][1692007][trace][gc,age      ] GC(292) - age   4:        176 bytes,       9984 total
[2025-08-20T18:37:08.684+0000][1692007][trace][gc,age      ] GC(292) - age   5:        344 bytes,      10328 total
[2025-08-20T18:37:08.684+0000][1692007][trace][gc,age      ] GC(292) - age  12:        336 bytes,      10664 total
[2025-08-20T18:37:08.684+0000][1692007][trace][gc,age      ] GC(292) - age  15:        640 bytes,      11304 total
[2025-08-20T18:37:08.684+0000][1692007][info ][gc,heap     ] GC(292) Eden regions: 75->0(75)
[2025-08-20T18:37:08.684+0000][1692007][info ][gc,heap     ] GC(292) Survivor regions: 1->1(10)
[2025-08-20T18:37:08.684+0000][1692007][info ][gc,heap     ] GC(292) Old regions: 23->23
[2025-08-20T18:37:08.684+0000][1692007][info ][gc,heap     ] GC(292) Humongous regions: 0->0
[2025-08-20T18:37:08.684+0000][1692007][info ][gc,metaspace] GC(292) Metaspace: 141942K(147968K)->141942K(147968K) NonClass: 123127K(126720K)->123127K(126720K) Class: 18815K(21248K)->18815K(21248K)
[2025-08-20T18:37:08.684+0000][1692007][info ][gc          ] GC(292) Pause Young (Concurrent Start) (G1 Evacuation Pause) 391M->91M(512M) 2.467ms
[2025-08-20T18:37:08.684+0000][1692007][info ][gc,cpu      ] GC(292) User=0.00s Sys=0.00s Real=0.00s
[2025-08-20T18:37:08.684+0000][1692007][info ][safepoint   ] Safepoint "G1CollectForAllocation", Time since last: 705459330624 ns, Reaching safepoint: 8303 ns, Cleanup: 3545 ns, At safepoint: 2504923 ns, Total: 2516771 ns
[2025-08-20T18:37:08.684+0000][1692007][info ][gc          ] GC(293) Concurrent Mark Cycle
[2025-08-20T18:37:08.684+0000][1692007][info ][gc,marking  ] GC(293) Concurrent Scan Root Regions
[2025-08-20T18:37:08.685+0000][1692007][info ][gc,marking  ] GC(293) Concurrent Scan Root Regions 0.866ms
[2025-08-20T18:37:08.685+0000][1692007][info ][gc,marking  ] GC(293) Concurrent Mark
[2025-08-20T18:37:08.685+0000][1692007][info ][gc,marking  ] GC(293) Concurrent Mark From Roots
[2025-08-20T18:37:08.685+0000][1692007][info ][gc,task     ] GC(293) Using 1 workers of 1 for marking
[2025-08-20T18:37:08.791+0000][1692007][info ][gc,marking  ] GC(293) Concurrent Mark From Roots 106.676ms
[2025-08-20T18:37:08.791+0000][1692007][info ][gc,marking  ] GC(293) Concurrent Preclean
[2025-08-20T18:37:08.792+0000][1692007][info ][gc,marking  ] GC(293) Concurrent Preclean 0.315ms
[2025-08-20T18:37:08.792+0000][1692007][info ][gc,start    ] GC(293) Pause Remark
[2025-08-20T18:37:08.796+0000][1692007][info ][gc          ] GC(293) Pause Remark 93M->93M(512M) 4.210ms
[2025-08-20T18:37:08.796+0000][1692007][info ][gc,cpu      ] GC(293) User=0.00s Sys=0.00s Real=0.01s
[2025-08-20T18:37:08.796+0000][1692007][info ][safepoint   ] Safepoint "G1PauseRemark", Time since last: 107951072 ns, Reaching safepoint: 4907 ns, Cleanup: 3325 ns, At safepoint: 4250980 ns, Total: 4259212 ns
[2025-08-20T18:37:08.796+0000][1692007][info ][gc,marking  ] GC(293) Concurrent Mark 111.321ms
[2025-08-20T18:37:08.796+0000][1692007][info ][gc,marking  ] GC(293) Concurrent Rebuild Remembered Sets and Scrub Regions
[2025-08-20T18:37:08.845+0000][1692007][info ][gc,marking  ] GC(293) Concurrent Rebuild Remembered Sets and Scrub Regions 48.760ms
[2025-08-20T18:37:08.845+0000][1692007][info ][gc,start    ] GC(293) Pause Cleanup
[2025-08-20T18:37:08.845+0000][1692007][info ][gc          ] GC(293) Pause Cleanup 93M->93M(512M) 0.034ms
[2025-08-20T18:37:08.845+0000][1692007][info ][gc,cpu      ] GC(293) User=0.00s Sys=0.00s Real=0.00s
[2025-08-20T18:37:08.845+0000][1692007][info ][safepoint   ] Safepoint "G1PauseCleanup", Time since last: 48808928 ns, Reaching safepoint: 3386 ns, Cleanup: 951 ns, At safepoint: 72129 ns, Total: 76466 ns
[2025-08-20T18:37:08.845+0000][1692007][info ][gc,marking  ] GC(293) Concurrent Clear Claimed Marks
[2025-08-20T18:37:08.845+0000][1692007][info ][gc,marking  ] GC(293) Concurrent Clear Claimed Marks 0.144ms
[2025-08-20T18:37:08.845+0000][1692007][info ][gc,marking  ] GC(293) Concurrent Cleanup for Next Mark
[2025-08-20T18:37:08.854+0000][1692007][info ][gc,marking  ] GC(293) Concurrent Cleanup for Next Mark 8.638ms
[2025-08-20T18:37:08.854+0000][1692007][info ][gc          ] GC(293) Concurrent Mark Cycle 169.885ms
[2025-08-20T18:48:52.106+0000][1692007][info ][gc,start    ] GC(294) Pause Young (Normal) (G1 Evacuation Pause)
[2025-08-20T18:48:52.106+0000][1692007][info ][gc,task     ] GC(294) Using 1 workers of 1 for evacuation
[2025-08-20T18:48:52.106+0000][1692007][debug][gc,age      ] GC(294) Desired survivor size 20971520 bytes, new threshold 15 (max threshold 15)
[2025-08-20T18:48:52.109+0000][1692007][info ][gc,phases   ] GC(294)   Pre Evacuate Collection Set: 0.0ms
[2025-08-20T18:48:52.109+0000][1692007][info ][gc,phases   ] GC(294)   Merge Heap Roots: 0.0ms
[2025-08-20T18:48:52.109+0000][1692007][info ][gc,phases   ] GC(294)   Evacuate Collection Set: 2.5ms
[2025-08-20T18:48:52.109+0000][1692007][info ][gc,phases   ] GC(294)   Post Evacuate Collection Set: 1.0ms
[2025-08-20T18:48:52.109+0000][1692007][info ][gc,phases   ] GC(294)   Other: 0.0ms
[2025-08-20T18:48:52.109+0000][1692007][trace][gc,age      ] GC(294) Age table with threshold 15 (max threshold 15)
[2025-08-20T18:48:52.109+0000][1692007][trace][gc,age      ] GC(294) - age   1:      10696 bytes,      10696 total
[2025-08-20T18:48:52.110+0000][1692007][trace][gc,age      ] GC(294) - age   2:        352 bytes,      11048 total
[2025-08-20T18:48:52.110+0000][1692007][trace][gc,age      ] GC(294) - age   5:        176 bytes,      11224 total
[2025-08-20T18:48:52.110+0000][1692007][trace][gc,age      ] GC(294) - age   6:        344 bytes,      11568 total
[2025-08-20T18:48:52.110+0000][1692007][trace][gc,age      ] GC(294) - age  13:        336 bytes,      11904 total
[2025-08-20T18:48:52.110+0000][1692007][info ][gc,heap     ] GC(294) Eden regions: 75->0(75)
[2025-08-20T18:48:52.110+0000][1692007][info ][gc,heap     ] GC(294) Survivor regions: 1->1(10)
[2025-08-20T18:48:52.110+0000][1692007][info ][gc,heap     ] GC(294) Old regions: 23->23
[2025-08-20T18:48:52.110+0000][1692007][info ][gc,heap     ] GC(294) Humongous regions: 0->0
[2025-08-20T18:48:52.110+0000][1692007][info ][gc,metaspace] GC(294) Metaspace: 141942K(147968K)->141942K(147968K) NonClass: 123127K(126720K)->123127K(126720K) Class: 18815K(21248K)->18815K(21248K)
[2025-08-20T18:48:52.110+0000][1692007][info ][gc          ] GC(294) Pause Young (Normal) (G1 Evacuation Pause) 391M->91M(512M) 3.894ms
[2025-08-20T18:48:52.110+0000][1692007][info ][gc,cpu      ] GC(294) User=0.00s Sys=0.01s Real=0.00s
[2025-08-20T18:48:52.110+0000][1692007][info ][safepoint   ] Safepoint "G1CollectForAllocation", Time since last: 703260904112 ns, Reaching safepoint: 9614 ns, Cleanup: 2695 ns, At safepoint: 3927170 ns, Total: 3939479 ns
[2025-08-20T18:57:26.173+0000][1692007][info ][safepoint   ] Safepoint "Cleanup", Time since last: 514063613993 ns, Reaching safepoint: 35885 ns, Cleanup: 10565 ns, At safepoint: 4427 ns, Total: 50877 ns
[2025-08-20T19:00:32.561+0000][1692007][info ][gc,start    ] GC(295) Pause Young (Concurrent Start) (G1 Evacuation Pause)
[2025-08-20T19:00:32.561+0000][1692007][info ][gc,task     ] GC(295) Using 1 workers of 1 for evacuation
[2025-08-20T19:00:32.561+0000][1692007][debug][gc,age      ] GC(295) Desired survivor size 20971520 bytes, new threshold 15 (max threshold 15)
[2025-08-20T19:00:32.564+0000][1692007][info ][gc,phases   ] GC(295)   Pre Evacuate Collection Set: 0.0ms
[2025-08-20T19:00:32.564+0000][1692007][info ][gc,phases   ] GC(295)   Merge Heap Roots: 0.0ms
[2025-08-20T19:00:32.564+0000][1692007][info ][gc,phases   ] GC(295)   Evacuate Collection Set: 1.2ms
[2025-08-20T19:00:32.564+0000][1692007][info ][gc,phases   ] GC(295)   Post Evacuate Collection Set: 0.9ms
[2025-08-20T19:00:32.564+0000][1692007][info ][gc,phases   ] GC(295)   Other: 0.3ms
[2025-08-20T19:00:32.564+0000][1692007][trace][gc,age      ] GC(295) Age table with threshold 15 (max threshold 15)
[2025-08-20T19:00:32.564+0000][1692007][trace][gc,age      ] GC(295) - age   1:      11224 bytes,      11224 total
[2025-08-20T19:00:32.564+0000][1692007][trace][gc,age      ] GC(295) - age   7:        344 bytes,      11568 total
[2025-08-20T19:00:32.564+0000][1692007][trace][gc,age      ] GC(295) - age  14:        336 bytes,      11904 total
[2025-08-20T19:00:32.564+0000][1692007][info ][gc,heap     ] GC(295) Eden regions: 75->0(75)
[2025-08-20T19:00:32.564+0000][1692007][info ][gc,heap     ] GC(295) Survivor regions: 1->1(10)
[2025-08-20T19:00:32.564+0000][1692007][info ][gc,heap     ] GC(295) Old regions: 23->23
[2025-08-20T19:00:32.564+0000][1692007][info ][gc,heap     ] GC(295) Humongous regions: 0->0
[2025-08-20T19:00:32.564+0000][1692007][info ][gc,metaspace] GC(295) Metaspace: 141942K(147968K)->141942K(147968K) NonClass: 123127K(126720K)->123127K(126720K) Class: 18815K(21248K)->18815K(21248K)
[2025-08-20T19:00:32.564+0000][1692007][info ][gc          ] GC(295) Pause Young (Concurrent Start) (G1 Evacuation Pause) 391M->91M(512M) 2.699ms
[2025-08-20T19:00:32.564+0000][1692007][info ][gc,cpu      ] GC(295) User=0.00s Sys=0.00s Real=0.00s
[2025-08-20T19:00:32.564+0000][1692007][info ][safepoint   ] Safepoint "G1CollectForAllocation", Time since last: 186387993493 ns, Reaching safepoint: 6920 ns, Cleanup: 2534 ns, At safepoint: 2735111 ns, Total: 2744565 ns
[2025-08-20T19:00:32.564+0000][1692007][info ][gc          ] GC(296) Concurrent Mark Cycle
[2025-08-20T19:00:32.564+0000][1692007][info ][gc,marking  ] GC(296) Concurrent Scan Root Regions
[2025-08-20T19:00:32.571+0000][1692007][info ][gc,marking  ] GC(296) Concurrent Scan Root Regions 7.378ms
[2025-08-20T19:00:32.571+0000][1692007][info ][gc,marking  ] GC(296) Concurrent Mark
[2025-08-20T19:00:32.571+0000][1692007][info ][gc,marking  ] GC(296) Concurrent Mark From Roots
[2025-08-20T19:00:32.571+0000][1692007][info ][gc,task     ] GC(296) Using 1 workers of 1 for marking
[2025-08-20T19:00:32.681+0000][1692007][info ][gc,marking  ] GC(296) Concurrent Mark From Roots 109.871ms
[2025-08-20T19:00:32.681+0000][1692007][info ][gc,marking  ] GC(296) Concurrent Preclean
[2025-08-20T19:00:32.682+0000][1692007][info ][gc,marking  ] GC(296) Concurrent Preclean 0.353ms
[2025-08-20T19:00:32.682+0000][1692007][info ][gc,start    ] GC(296) Pause Remark
[2025-08-20T19:00:32.686+0000][1692007][info ][gc          ] GC(296) Pause Remark 93M->93M(512M) 4.211ms
[2025-08-20T19:00:32.686+0000][1692007][info ][gc,cpu      ] GC(296) User=0.01s Sys=0.00s Real=0.01s
[2025-08-20T19:00:32.686+0000][1692007][info ][safepoint   ] Safepoint "G1PauseRemark", Time since last: 117694313 ns, Reaching safepoint: 4166 ns, Cleanup: 2003 ns, At safepoint: 4250959 ns, Total: 4257128 ns
[2025-08-20T19:00:32.686+0000][1692007][info ][gc,marking  ] GC(296) Concurrent Mark 114.552ms
[2025-08-20T19:00:32.686+0000][1692007][info ][gc,marking  ] GC(296) Concurrent Rebuild Remembered Sets and Scrub Regions
[2025-08-20T19:00:32.747+0000][1692007][info ][gc,marking  ] GC(296) Concurrent Rebuild Remembered Sets and Scrub Regions 61.211ms
[2025-08-20T19:00:32.747+0000][1692007][info ][gc,start    ] GC(296) Pause Cleanup
[2025-08-20T19:00:32.747+0000][1692007][info ][gc          ] GC(296) Pause Cleanup 95M->95M(512M) 0.039ms
[2025-08-20T19:00:32.747+0000][1692007][info ][gc,cpu      ] GC(296) User=0.00s Sys=0.00s Real=0.00s
[2025-08-20T19:00:32.747+0000][1692007][info ][safepoint   ] Safepoint "G1PauseCleanup", Time since last: 61269194 ns, Reaching safepoint: 3716 ns, Cleanup: 1923 ns, At safepoint: 63746 ns, Total: 69385 ns
[2025-08-20T19:00:32.747+0000][1692007][info ][gc,marking  ] GC(296) Concurrent Clear Claimed Marks
[2025-08-20T19:00:32.747+0000][1692007][info ][gc,marking  ] GC(296) Concurrent Clear Claimed Marks 0.179ms
[2025-08-20T19:00:32.747+0000][1692007][info ][gc,marking  ] GC(296) Concurrent Cleanup for Next Mark
[2025-08-20T19:00:32.748+0000][1692007][info ][gc,marking  ] GC(296) Concurrent Cleanup for Next Mark 0.261ms
[2025-08-20T19:00:32.748+0000][1692007][info ][gc          ] GC(296) Concurrent Mark Cycle 183.738ms
[2025-08-20T19:12:17.961+0000][1692007][info ][gc,start    ] GC(297) Pause Young (Normal) (G1 Evacuation Pause)
[2025-08-20T19:12:17.961+0000][1692007][info ][gc,task     ] GC(297) Using 1 workers of 1 for evacuation
[2025-08-20T19:12:17.961+0000][1692007][debug][gc,age      ] GC(297) Desired survivor size 20971520 bytes, new threshold 15 (max threshold 15)
[2025-08-20T19:12:17.964+0000][1692007][info ][gc,phases   ] GC(297)   Pre Evacuate Collection Set: 0.0ms
[2025-08-20T19:12:17.964+0000][1692007][info ][gc,phases   ] GC(297)   Merge Heap Roots: 0.0ms
[2025-08-20T19:12:17.964+0000][1692007][info ][gc,phases   ] GC(297)   Evacuate Collection Set: 1.6ms
[2025-08-20T19:12:17.964+0000][1692007][info ][gc,phases   ] GC(297)   Post Evacuate Collection Set: 1.0ms
[2025-08-20T19:12:17.964+0000][1692007][info ][gc,phases   ] GC(297)   Other: 0.0ms
[2025-08-20T19:12:17.964+0000][1692007][trace][gc,age      ] GC(297) Age table with threshold 15 (max threshold 15)
[2025-08-20T19:12:17.964+0000][1692007][trace][gc,age      ] GC(297) - age   1:       9504 bytes,       9504 total
[2025-08-20T19:12:17.964+0000][1692007][trace][gc,age      ] GC(297) - age   2:        176 bytes,       9680 total
[2025-08-20T19:12:17.964+0000][1692007][trace][gc,age      ] GC(297) - age   8:        344 bytes,      10024 total
[2025-08-20T19:12:17.964+0000][1692007][trace][gc,age      ] GC(297) - age  15:        336 bytes,      10360 total
[2025-08-20T19:12:17.964+0000][1692007][info ][gc,heap     ] GC(297) Eden regions: 75->0(75)
[2025-08-20T19:12:17.964+0000][1692007][info ][gc,heap     ] GC(297) Survivor regions: 1->1(10)
[2025-08-20T19:12:17.964+0000][1692007][info ][gc,heap     ] GC(297) Old regions: 23->23
[2025-08-20T19:12:17.964+0000][1692007][info ][gc,heap     ] GC(297) Humongous regions: 0->0
[2025-08-20T19:12:17.964+0000][1692007][info ][gc,metaspace] GC(297) Metaspace: 141942K(147968K)->141942K(147968K) NonClass: 123127K(126720K)->123127K(126720K) Class: 18815K(21248K)->18815K(21248K)
[2025-08-20T19:12:17.964+0000][1692007][info ][gc          ] GC(297) Pause Young (Normal) (G1 Evacuation Pause) 391M->91M(512M) 2.976ms
[2025-08-20T19:12:17.964+0000][1692007][info ][gc,cpu      ] GC(297) User=0.00s Sys=0.00s Real=0.00s
[2025-08-20T19:12:17.964+0000][1692007][info ][safepoint   ] Safepoint "G1CollectForAllocation", Time since last: 705213997591 ns, Reaching safepoint: 7682 ns, Cleanup: 2464 ns, At safepoint: 3009034 ns, Total: 3019180 ns
[2025-08-20T19:22:05.023+0000][1692007][info ][safepoint   ] Safepoint "Cleanup", Time since last: 587058337847 ns, Reaching safepoint: 44006 ns, Cleanup: 10576 ns, At safepoint: 4437 ns, Total: 59019 ns
[2025-08-20T19:24:03.418+0000][1692007][info ][gc,start    ] GC(298) Pause Young (Concurrent Start) (G1 Evacuation Pause)
[2025-08-20T19:24:03.418+0000][1692007][info ][gc,task     ] GC(298) Using 1 workers of 1 for evacuation
[2025-08-20T19:24:03.418+0000][1692007][debug][gc,age      ] GC(298) Desired survivor size 20971520 bytes, new threshold 15 (max threshold 15)
[2025-08-20T19:24:03.420+0000][1692007][info ][gc,phases   ] GC(298)   Pre Evacuate Collection Set: 0.1ms
[2025-08-20T19:24:03.420+0000][1692007][info ][gc,phases   ] GC(298)   Merge Heap Roots: 0.0ms
[2025-08-20T19:24:03.420+0000][1692007][info ][gc,phases   ] GC(298)   Evacuate Collection Set: 1.3ms
[2025-08-20T19:24:03.420+0000][1692007][info ][gc,phases   ] GC(298)   Post Evacuate Collection Set: 1.0ms
[2025-08-20T19:24:03.420+0000][1692007][info ][gc,phases   ] GC(298)   Other: 0.0ms
[2025-08-20T19:24:03.420+0000][1692007][trace][gc,age      ] GC(298) Age table with threshold 15 (max threshold 15)
[2025-08-20T19:24:03.420+0000][1692007][trace][gc,age      ] GC(298) - age   1:      11240 bytes,      11240 total
[2025-08-20T19:24:03.420+0000][1692007][trace][gc,age      ] GC(298) - age   3:        176 bytes,      11416 total
[2025-08-20T19:24:03.420+0000][1692007][trace][gc,age      ] GC(298) - age   9:        344 bytes,      11760 total
[2025-08-20T19:24:03.420+0000][1692007][info ][gc,heap     ] GC(298) Eden regions: 75->0(75)
[2025-08-20T19:24:03.420+0000][1692007][info ][gc,heap     ] GC(298) Survivor regions: 1->1(10)
[2025-08-20T19:24:03.420+0000][1692007][info ][gc,heap     ] GC(298) Old regions: 23->23
[2025-08-20T19:24:03.420+0000][1692007][info ][gc,heap     ] GC(298) Humongous regions: 0->0
[2025-08-20T19:24:03.420+0000][1692007][info ][gc,metaspace] GC(298) Metaspace: 141942K(147968K)->141942K(147968K) NonClass: 123127K(126720K)->123127K(126720K) Class: 18815K(21248K)->18815K(21248K)
[2025-08-20T19:24:03.420+0000][1692007][info ][gc          ] GC(298) Pause Young (Concurrent Start) (G1 Evacuation Pause) 391M->91M(512M) 2.719ms
[2025-08-20T19:24:03.420+0000][1692007][info ][gc,cpu      ] GC(298) User=0.00s Sys=0.00s Real=0.00s
[2025-08-20T19:24:03.420+0000][1692007][info ][safepoint   ] Safepoint "G1CollectForAllocation", Time since last: 118394762268 ns, Reaching safepoint: 168575 ns, Cleanup: 2864 ns, At safepoint: 2759568 ns, Total: 2931007 ns
[2025-08-20T19:24:03.425+0000][1692007][info ][gc          ] GC(299) Concurrent Mark Cycle
[2025-08-20T19:24:03.425+0000][1692007][info ][gc,marking  ] GC(299) Concurrent Scan Root Regions
[2025-08-20T19:24:03.426+0000][1692007][info ][gc,marking  ] GC(299) Concurrent Scan Root Regions 0.385ms
[2025-08-20T19:24:03.426+0000][1692007][info ][gc,marking  ] GC(299) Concurrent Mark
[2025-08-20T19:24:03.426+0000][1692007][info ][gc,marking  ] GC(299) Concurrent Mark From Roots
[2025-08-20T19:24:03.426+0000][1692007][info ][gc,task     ] GC(299) Using 1 workers of 1 for marking
[2025-08-20T19:24:03.547+0000][1692007][info ][gc,marking  ] GC(299) Concurrent Mark From Roots 120.833ms
[2025-08-20T19:24:03.547+0000][1692007][info ][gc,marking  ] GC(299) Concurrent Preclean
[2025-08-20T19:24:03.547+0000][1692007][info ][gc,marking  ] GC(299) Concurrent Preclean 0.376ms
[2025-08-20T19:24:03.547+0000][1692007][info ][gc,start    ] GC(299) Pause Remark
[2025-08-20T19:24:03.551+0000][1692007][info ][gc          ] GC(299) Pause Remark 92M->92M(512M) 4.377ms
[2025-08-20T19:24:03.551+0000][1692007][info ][gc,cpu      ] GC(299) User=0.00s Sys=0.00s Real=0.00s
[2025-08-20T19:24:03.551+0000][1692007][info ][safepoint   ] Safepoint "G1PauseRemark", Time since last: 126668693 ns, Reaching safepoint: 5128 ns, Cleanup: 3264 ns, At safepoint: 4413006 ns, Total: 4421398 ns
[2025-08-20T19:24:03.551+0000][1692007][info ][gc,marking  ] GC(299) Concurrent Mark 125.703ms
[2025-08-20T19:24:03.551+0000][1692007][info ][gc,marking  ] GC(299) Concurrent Rebuild Remembered Sets and Scrub Regions
[2025-08-20T19:24:03.595+0000][1692007][info ][gc,marking  ] GC(299) Concurrent Rebuild Remembered Sets and Scrub Regions 43.640ms
[2025-08-20T19:24:03.595+0000][1692007][info ][gc,start    ] GC(299) Pause Cleanup
[2025-08-20T19:24:03.595+0000][1692007][info ][gc          ] GC(299) Pause Cleanup 92M->92M(512M) 0.034ms
[2025-08-20T19:24:03.595+0000][1692007][info ][gc,cpu      ] GC(299) User=0.00s Sys=0.00s Real=0.00s
[2025-08-20T19:24:03.595+0000][1692007][info ][safepoint   ] Safepoint "G1PauseCleanup", Time since last: 43687713 ns, Reaching safepoint: 3515 ns, Cleanup: 841 ns, At safepoint: 55324 ns, Total: 59680 ns
[2025-08-20T19:24:03.595+0000][1692007][info ][gc,marking  ] GC(299) Concurrent Clear Claimed Marks
[2025-08-20T19:24:03.595+0000][1692007][info ][gc,marking  ] GC(299) Concurrent Clear Claimed Marks 0.139ms
[2025-08-20T19:24:03.595+0000][1692007][info ][gc,marking  ] GC(299) Concurrent Cleanup for Next Mark
[2025-08-20T19:24:03.596+0000][1692007][info ][gc,marking  ] GC(299) Concurrent Cleanup for Next Mark 0.276ms
[2025-08-20T19:24:03.596+0000][1692007][info ][gc          ] GC(299) Concurrent Mark Cycle 170.279ms
[2025-08-20T19:34:13.659+0000][1692007][info ][safepoint   ] Safepoint "Cleanup", Time since last: 610063304123 ns, Reaching safepoint: 44708 ns, Cleanup: 10355 ns, At safepoint: 2534 ns, Total: 57597 ns
[2025-08-20T19:35:48.865+0000][1692007][info ][gc,start    ] GC(300) Pause Young (Normal) (G1 Evacuation Pause)
[2025-08-20T19:35:48.865+0000][1692007][info ][gc,task     ] GC(300) Using 1 workers of 1 for evacuation
[2025-08-20T19:35:48.865+0000][1692007][debug][gc,age      ] GC(300) Desired survivor size 20971520 bytes, new threshold 15 (max threshold 15)
[2025-08-20T19:35:48.868+0000][1692007][info ][gc,phases   ] GC(300)   Pre Evacuate Collection Set: 0.1ms
[2025-08-20T19:35:48.868+0000][1692007][info ][gc,phases   ] GC(300)   Merge Heap Roots: 0.0ms
[2025-08-20T19:35:48.868+0000][1692007][info ][gc,phases   ] GC(300)   Evacuate Collection Set: 1.6ms
[2025-08-20T19:35:48.868+0000][1692007][info ][gc,phases   ] GC(300)   Post Evacuate Collection Set: 1.0ms
[2025-08-20T19:35:48.868+0000][1692007][info ][gc,phases   ] GC(300)   Other: 0.0ms
[2025-08-20T19:35:48.868+0000][1692007][trace][gc,age      ] GC(300) Age table with threshold 15 (max threshold 15)
[2025-08-20T19:35:48.868+0000][1692007][trace][gc,age      ] GC(300) - age   1:      20856 bytes,      20856 total
[2025-08-20T19:35:48.868+0000][1692007][trace][gc,age      ] GC(300) - age   2:        352 bytes,      21208 total
[2025-08-20T19:35:48.868+0000][1692007][trace][gc,age      ] GC(300) - age   4:        176 bytes,      21384 total
[2025-08-20T19:35:48.868+0000][1692007][trace][gc,age      ] GC(300) - age  10:        344 bytes,      21728 total
[2025-08-20T19:35:48.868+0000][1692007][info ][gc,heap     ] GC(300) Eden regions: 75->0(75)
[2025-08-20T19:35:48.868+0000][1692007][info ][gc,heap     ] GC(300) Survivor regions: 1->1(10)
[2025-08-20T19:35:48.868+0000][1692007][info ][gc,heap     ] GC(300) Old regions: 23->23
[2025-08-20T19:35:48.868+0000][1692007][info ][gc,heap     ] GC(300) Humongous regions: 0->0
[2025-08-20T19:35:48.868+0000][1692007][info ][gc,metaspace] GC(300) Metaspace: 141942K(147968K)->141942K(147968K) NonClass: 123127K(126720K)->123127K(126720K) Class: 18815K(21248K)->18815K(21248K)
[2025-08-20T19:35:48.868+0000][1692007][info ][gc          ] GC(300) Pause Young (Normal) (G1 Evacuation Pause) 391M->91M(512M) 2.968ms
[2025-08-20T19:35:48.868+0000][1692007][info ][gc,cpu      ] GC(300) User=0.01s Sys=0.00s Real=0.01s
[2025-08-20T19:35:48.868+0000][1692007][info ][safepoint   ] Safepoint "G1CollectForAllocation", Time since last: 95206435108 ns, Reaching safepoint: 7351 ns, Cleanup: 2534 ns, At safepoint: 3001984 ns, Total: 3011869 ns
[2025-08-20T19:47:30.183+0000][1692007][info ][gc,start    ] GC(301) Pause Young (Concurrent Start) (G1 Evacuation Pause)
[2025-08-20T19:47:30.184+0000][1692007][info ][gc,task     ] GC(301) Using 1 workers of 1 for evacuation
[2025-08-20T19:47:30.184+0000][1692007][debug][gc,age      ] GC(301) Desired survivor size 20971520 bytes, new threshold 15 (max threshold 15)
[2025-08-20T19:47:30.186+0000][1692007][info ][gc,phases   ] GC(301)   Pre Evacuate Collection Set: 0.1ms
[2025-08-20T19:47:30.186+0000][1692007][info ][gc,phases   ] GC(301)   Merge Heap Roots: 0.0ms
[2025-08-20T19:47:30.186+0000][1692007][info ][gc,phases   ] GC(301)   Evacuate Collection Set: 1.2ms
[2025-08-20T19:47:30.186+0000][1692007][info ][gc,phases   ] GC(301)   Post Evacuate Collection Set: 0.8ms
[2025-08-20T19:47:30.186+0000][1692007][info ][gc,phases   ] GC(301)   Other: 0.0ms
[2025-08-20T19:47:30.186+0000][1692007][trace][gc,age      ] GC(301) Age table with threshold 15 (max threshold 15)
[2025-08-20T19:47:30.186+0000][1692007][trace][gc,age      ] GC(301) - age   1:       9360 bytes,       9360 total
[2025-08-20T19:47:30.186+0000][1692007][trace][gc,age      ] GC(301) - age   2:       1920 bytes,      11280 total
[2025-08-20T19:47:30.186+0000][1692007][trace][gc,age      ] GC(301) - age   5:        176 bytes,      11456 total
[2025-08-20T19:47:30.186+0000][1692007][trace][gc,age      ] GC(301) - age  11:        344 bytes,      11800 total
[2025-08-20T19:47:30.186+0000][1692007][info ][gc,heap     ] GC(301) Eden regions: 75->0(75)
[2025-08-20T19:47:30.186+0000][1692007][info ][gc,heap     ] GC(301) Survivor regions: 1->1(10)
[2025-08-20T19:47:30.186+0000][1692007][info ][gc,heap     ] GC(301) Old regions: 23->23
[2025-08-20T19:47:30.186+0000][1692007][info ][gc,heap     ] GC(301) Humongous regions: 0->0
[2025-08-20T19:47:30.186+0000][1692007][info ][gc,metaspace] GC(301) Metaspace: 141942K(147968K)->141942K(147968K) NonClass: 123127K(126720K)->123127K(126720K) Class: 18815K(21248K)->18815K(21248K)
[2025-08-20T19:47:30.186+0000][1692007][info ][gc          ] GC(301) Pause Young (Concurrent Start) (G1 Evacuation Pause) 391M->91M(512M) 2.483ms
[2025-08-20T19:47:30.186+0000][1692007][info ][gc,cpu      ] GC(301) User=0.00s Sys=0.00s Real=0.01s
[2025-08-20T19:47:30.186+0000][1692007][info ][safepoint   ] Safepoint "G1CollectForAllocation", Time since last: 701315421566 ns, Reaching safepoint: 7051 ns, Cleanup: 2804 ns, At safepoint: 2520387 ns, Total: 2530242 ns
[2025-08-20T19:47:30.192+0000][1692007][info ][gc          ] GC(302) Concurrent Mark Cycle
[2025-08-20T19:47:30.192+0000][1692007][info ][gc,marking  ] GC(302) Concurrent Scan Root Regions
[2025-08-20T19:47:30.193+0000][1692007][info ][gc,marking  ] GC(302) Concurrent Scan Root Regions 0.434ms
[2025-08-20T19:47:30.193+0000][1692007][info ][gc,marking  ] GC(302) Concurrent Mark
[2025-08-20T19:47:30.193+0000][1692007][info ][gc,marking  ] GC(302) Concurrent Mark From Roots
[2025-08-20T19:47:30.193+0000][1692007][info ][gc,task     ] GC(302) Using 1 workers of 1 for marking
[2025-08-20T19:47:30.303+0000][1692007][info ][gc,marking  ] GC(302) Concurrent Mark From Roots 110.550ms
[2025-08-20T19:47:30.303+0000][1692007][info ][gc,marking  ] GC(302) Concurrent Preclean
[2025-08-20T19:47:30.304+0000][1692007][info ][gc,marking  ] GC(302) Concurrent Preclean 0.359ms
[2025-08-20T19:47:30.304+0000][1692007][info ][gc,start    ] GC(302) Pause Remark
[2025-08-20T19:47:30.308+0000][1692007][info ][gc          ] GC(302) Pause Remark 91M->91M(512M) 4.215ms
[2025-08-20T19:47:30.308+0000][1692007][info ][gc,cpu      ] GC(302) User=0.01s Sys=0.00s Real=0.01s
[2025-08-20T19:47:30.308+0000][1692007][info ][safepoint   ] Safepoint "G1PauseRemark", Time since last: 117825155 ns, Reaching safepoint: 5298 ns, Cleanup: 2954 ns, At safepoint: 4252533 ns, Total: 4260785 ns
[2025-08-20T19:47:30.308+0000][1692007][info ][gc,marking  ] GC(302) Concurrent Mark 115.246ms
[2025-08-20T19:47:30.308+0000][1692007][info ][gc,marking  ] GC(302) Concurrent Rebuild Remembered Sets and Scrub Regions
[2025-08-20T19:47:30.364+0000][1692007][info ][gc,marking  ] GC(302) Concurrent Rebuild Remembered Sets and Scrub Regions 55.907ms
[2025-08-20T19:47:30.364+0000][1692007][info ][gc,start    ] GC(302) Pause Cleanup
[2025-08-20T19:47:30.364+0000][1692007][info ][gc          ] GC(302) Pause Cleanup 91M->91M(512M) 0.038ms
[2025-08-20T19:47:30.364+0000][1692007][info ][gc,cpu      ] GC(302) User=0.00s Sys=0.00s Real=0.00s
[2025-08-20T19:47:30.364+0000][1692007][info ][safepoint   ] Safepoint "G1PauseCleanup", Time since last: 55962722 ns, Reaching safepoint: 3456 ns, Cleanup: 1862 ns, At safepoint: 61804 ns, Total: 67122 ns
[2025-08-20T19:47:30.364+0000][1692007][info ][gc,marking  ] GC(302) Concurrent Clear Claimed Marks
[2025-08-20T19:47:30.364+0000][1692007][info ][gc,marking  ] GC(302) Concurrent Clear Claimed Marks 0.147ms
[2025-08-20T19:47:30.364+0000][1692007][info ][gc,marking  ] GC(302) Concurrent Cleanup for Next Mark
[2025-08-20T19:47:30.364+0000][1692007][info ][gc,marking  ] GC(302) Concurrent Cleanup for Next Mark 0.253ms
[2025-08-20T19:47:30.364+0000][1692007][info ][gc          ] GC(302) Concurrent Mark Cycle 172.138ms
[2025-08-20T19:59:14.770+0000][1692007][info ][gc,start    ] GC(303) Pause Young (Normal) (G1 Evacuation Pause)
[2025-08-20T19:59:14.770+0000][1692007][info ][gc,task     ] GC(303) Using 1 workers of 1 for evacuation
[2025-08-20T19:59:14.770+0000][1692007][debug][gc,age      ] GC(303) Desired survivor size 20971520 bytes, new threshold 15 (max threshold 15)
[2025-08-20T19:59:14.773+0000][1692007][info ][gc,phases   ] GC(303)   Pre Evacuate Collection Set: 0.0ms
[2025-08-20T19:59:14.773+0000][1692007][info ][gc,phases   ] GC(303)   Merge Heap Roots: 0.0ms
[2025-08-20T19:59:14.773+0000][1692007][info ][gc,phases   ] GC(303)   Evacuate Collection Set: 1.6ms
[2025-08-20T19:59:14.773+0000][1692007][info ][gc,phases   ] GC(303)   Post Evacuate Collection Set: 1.0ms
[2025-08-20T19:59:14.773+0000][1692007][info ][gc,phases   ] GC(303)   Other: 0.4ms
[2025-08-20T19:59:14.773+0000][1692007][trace][gc,age      ] GC(303) Age table with threshold 15 (max threshold 15)
[2025-08-20T19:59:14.773+0000][1692007][trace][gc,age      ] GC(303) - age   1:      11144 bytes,      11144 total
[2025-08-20T19:59:14.773+0000][1692007][trace][gc,age      ] GC(303) - age   3:       1920 bytes,      13064 total
[2025-08-20T19:59:14.773+0000][1692007][trace][gc,age      ] GC(303) - age  12:        344 bytes,      13408 total
[2025-08-20T19:59:14.773+0000][1692007][info ][gc,heap     ] GC(303) Eden regions: 75->0(75)
[2025-08-20T19:59:14.773+0000][1692007][info ][gc,heap     ] GC(303) Survivor regions: 1->1(10)
[2025-08-20T19:59:14.773+0000][1692007][info ][gc,heap     ] GC(303) Old regions: 23->23
[2025-08-20T19:59:14.773+0000][1692007][info ][gc,heap     ] GC(303) Humongous regions: 0->0
[2025-08-20T19:59:14.773+0000][1692007][info ][gc,metaspace] GC(303) Metaspace: 141942K(147968K)->141942K(147968K) NonClass: 123127K(126720K)->123127K(126720K) Class: 18815K(21248K)->18815K(21248K)
[2025-08-20T19:59:14.773+0000][1692007][info ][gc          ] GC(303) Pause Young (Normal) (G1 Evacuation Pause) 391M->91M(512M) 3.306ms
[2025-08-20T19:59:14.773+0000][1692007][info ][gc,cpu      ] GC(303) User=0.00s Sys=0.00s Real=0.00s
[2025-08-20T19:59:14.773+0000][1692007][info ][safepoint   ] Safepoint "G1CollectForAllocation", Time since last: 704405514850 ns, Reaching safepoint: 7291 ns, Cleanup: 2614 ns, At safepoint: 3339635 ns, Total: 3349540 ns
[2025-08-20T20:11:00.210+0000][1692007][info ][gc,start    ] GC(304) Pause Young (Concurrent Start) (G1 Evacuation Pause)
[2025-08-20T20:11:00.210+0000][1692007][info ][gc,task     ] GC(304) Using 1 workers of 1 for evacuation
[2025-08-20T20:11:00.210+0000][1692007][debug][gc,age      ] GC(304) Desired survivor size 20971520 bytes, new threshold 15 (max threshold 15)
[2025-08-20T20:11:00.213+0000][1692007][info ][gc,phases   ] GC(304)   Pre Evacuate Collection Set: 0.0ms
[2025-08-20T20:11:00.213+0000][1692007][info ][gc,phases   ] GC(304)   Merge Heap Roots: 0.0ms
[2025-08-20T20:11:00.213+0000][1692007][info ][gc,phases   ] GC(304)   Evacuate Collection Set: 1.2ms
[2025-08-20T20:11:00.213+0000][1692007][info ][gc,phases   ] GC(304)   Post Evacuate Collection Set: 1.0ms
[2025-08-20T20:11:00.213+0000][1692007][info ][gc,phases   ] GC(304)   Other: 0.0ms
[2025-08-20T20:11:00.213+0000][1692007][trace][gc,age      ] GC(304) Age table with threshold 15 (max threshold 15)
[2025-08-20T20:11:00.213+0000][1692007][trace][gc,age      ] GC(304) - age   1:      11024 bytes,      11024 total
[2025-08-20T20:11:00.213+0000][1692007][trace][gc,age      ] GC(304) - age   2:        176 bytes,      11200 total
[2025-08-20T20:11:00.213+0000][1692007][trace][gc,age      ] GC(304) - age   4:       1920 bytes,      13120 total
[2025-08-20T20:11:00.213+0000][1692007][trace][gc,age      ] GC(304) - age  13:        344 bytes,      13464 total
[2025-08-20T20:11:00.213+0000][1692007][info ][gc,heap     ] GC(304) Eden regions: 75->0(75)
[2025-08-20T20:11:00.213+0000][1692007][info ][gc,heap     ] GC(304) Survivor regions: 1->1(10)
[2025-08-20T20:11:00.213+0000][1692007][info ][gc,heap     ] GC(304) Old regions: 23->23
[2025-08-20T20:11:00.213+0000][1692007][info ][gc,heap     ] GC(304) Humongous regions: 0->0
[2025-08-20T20:11:00.213+0000][1692007][info ][gc,metaspace] GC(304) Metaspace: 141942K(147968K)->141942K(147968K) NonClass: 123127K(126720K)->123127K(126720K) Class: 18815K(21248K)->18815K(21248K)
[2025-08-20T20:11:00.213+0000][1692007][info ][gc          ] GC(304) Pause Young (Concurrent Start) (G1 Evacuation Pause) 391M->91M(512M) 2.556ms
[2025-08-20T20:11:00.213+0000][1692007][info ][gc,cpu      ] GC(304) User=0.00s Sys=0.00s Real=0.00s
[2025-08-20T20:11:00.213+0000][1692007][info ][safepoint   ] Safepoint "G1CollectForAllocation", Time since last: 705437216553 ns, Reaching safepoint: 7371 ns, Cleanup: 2483 ns, At safepoint: 2597654 ns, Total: 2607508 ns
[2025-08-20T20:11:00.217+0000][1692007][info ][gc          ] GC(305) Concurrent Mark Cycle
[2025-08-20T20:11:00.217+0000][1692007][info ][gc,marking  ] GC(305) Concurrent Scan Root Regions
[2025-08-20T20:11:00.218+0000][1692007][info ][gc,marking  ] GC(305) Concurrent Scan Root Regions 0.390ms
[2025-08-20T20:11:00.218+0000][1692007][info ][gc,marking  ] GC(305) Concurrent Mark
[2025-08-20T20:11:00.218+0000][1692007][info ][gc,marking  ] GC(305) Concurrent Mark From Roots
[2025-08-20T20:11:00.218+0000][1692007][info ][gc,task     ] GC(305) Using 1 workers of 1 for marking
[2025-08-20T20:11:00.334+0000][1692007][info ][gc,marking  ] GC(305) Concurrent Mark From Roots 116.085ms
[2025-08-20T20:11:00.334+0000][1692007][info ][gc,marking  ] GC(305) Concurrent Preclean
[2025-08-20T20:11:00.334+0000][1692007][info ][gc,marking  ] GC(305) Concurrent Preclean 0.360ms
[2025-08-20T20:11:00.334+0000][1692007][info ][gc,start    ] GC(305) Pause Remark
[2025-08-20T20:11:00.339+0000][1692007][info ][gc          ] GC(305) Pause Remark 92M->92M(512M) 4.208ms
[2025-08-20T20:11:00.339+0000][1692007][info ][gc,cpu      ] GC(305) User=0.01s Sys=0.00s Real=0.01s
[2025-08-20T20:11:00.339+0000][1692007][info ][safepoint   ] Safepoint "G1PauseRemark", Time since last: 121530435 ns, Reaching safepoint: 4757 ns, Cleanup: 3095 ns, At safepoint: 4244691 ns, Total: 4252543 ns
[2025-08-20T20:11:00.339+0000][1692007][info ][gc,marking  ] GC(305) Concurrent Mark 120.769ms
[2025-08-20T20:11:00.339+0000][1692007][info ][gc,marking  ] GC(305) Concurrent Rebuild Remembered Sets and Scrub Regions
[2025-08-20T20:11:00.388+0000][1692007][info ][gc,marking  ] GC(305) Concurrent Rebuild Remembered Sets and Scrub Regions 48.949ms
[2025-08-20T20:11:00.388+0000][1692007][info ][gc,start    ] GC(305) Pause Cleanup
[2025-08-20T20:11:00.388+0000][1692007][info ][gc          ] GC(305) Pause Cleanup 92M->92M(512M) 0.035ms
[2025-08-20T20:11:00.388+0000][1692007][info ][gc,cpu      ] GC(305) User=0.00s Sys=0.00s Real=0.00s
[2025-08-20T20:11:00.388+0000][1692007][info ][safepoint   ] Safepoint "G1PauseCleanup", Time since last: 49001484 ns, Reaching safepoint: 3756 ns, Cleanup: 1032 ns, At safepoint: 58879 ns, Total: 63667 ns
[2025-08-20T20:11:00.388+0000][1692007][info ][gc,marking  ] GC(305) Concurrent Clear Claimed Marks
[2025-08-20T20:11:00.388+0000][1692007][info ][gc,marking  ] GC(305) Concurrent Clear Claimed Marks 0.146ms
[2025-08-20T20:11:00.388+0000][1692007][info ][gc,marking  ] GC(305) Concurrent Cleanup for Next Mark
[2025-08-20T20:11:00.390+0000][1692007][info ][gc,marking  ] GC(305) Concurrent Cleanup for Next Mark 2.362ms
[2025-08-20T20:11:00.390+0000][1692007][info ][gc          ] GC(305) Concurrent Mark Cycle 172.764ms
[2025-08-20T20:22:46.039+0000][1692007][info ][gc,start    ] GC(306) Pause Young (Normal) (G1 Evacuation Pause)
[2025-08-20T20:22:46.039+0000][1692007][info ][gc,task     ] GC(306) Using 1 workers of 1 for evacuation
[2025-08-20T20:22:46.039+0000][1692007][debug][gc,age      ] GC(306) Desired survivor size 20971520 bytes, new threshold 15 (max threshold 15)
[2025-08-20T20:22:46.042+0000][1692007][info ][gc,phases   ] GC(306)   Pre Evacuate Collection Set: 0.0ms
[2025-08-20T20:22:46.042+0000][1692007][info ][gc,phases   ] GC(306)   Merge Heap Roots: 0.0ms
[2025-08-20T20:22:46.042+0000][1692007][info ][gc,phases   ] GC(306)   Evacuate Collection Set: 1.6ms
[2025-08-20T20:22:46.042+0000][1692007][info ][gc,phases   ] GC(306)   Post Evacuate Collection Set: 0.7ms
[2025-08-20T20:22:46.042+0000][1692007][info ][gc,phases   ] GC(306)   Other: 0.0ms
[2025-08-20T20:22:46.042+0000][1692007][trace][gc,age      ] GC(306) Age table with threshold 15 (max threshold 15)
[2025-08-20T20:22:46.042+0000][1692007][trace][gc,age      ] GC(306) - age   1:       9776 bytes,       9776 total
[2025-08-20T20:22:46.042+0000][1692007][trace][gc,age      ] GC(306) - age   3:        176 bytes,       9952 total
[2025-08-20T20:22:46.042+0000][1692007][trace][gc,age      ] GC(306) - age   5:       1920 bytes,      11872 total
[2025-08-20T20:22:46.042+0000][1692007][trace][gc,age      ] GC(306) - age  14:        344 bytes,      12216 total
[2025-08-20T20:22:46.042+0000][1692007][info ][gc,heap     ] GC(306) Eden regions: 75->0(75)
[2025-08-20T20:22:46.042+0000][1692007][info ][gc,heap     ] GC(306) Survivor regions: 1->1(10)
[2025-08-20T20:22:46.042+0000][1692007][info ][gc,heap     ] GC(306) Old regions: 23->23
[2025-08-20T20:22:46.042+0000][1692007][info ][gc,heap     ] GC(306) Humongous regions: 0->0
[2025-08-20T20:22:46.042+0000][1692007][info ][gc,metaspace] GC(306) Metaspace: 141942K(147968K)->141942K(147968K) NonClass: 123127K(126720K)->123127K(126720K) Class: 18815K(21248K)->18815K(21248K)
[2025-08-20T20:22:46.042+0000][1692007][info ][gc          ] GC(306) Pause Young (Normal) (G1 Evacuation Pause) 391M->91M(512M) 2.836ms
[2025-08-20T20:22:46.042+0000][1692007][info ][gc,cpu      ] GC(306) User=0.00s Sys=0.00s Real=0.00s
[2025-08-20T20:22:46.042+0000][1692007][info ][safepoint   ] Safepoint "G1CollectForAllocation", Time since last: 705651525492 ns, Reaching safepoint: 7782 ns, Cleanup: 3636 ns, At safepoint: 2868703 ns, Total: 2880121 ns
[2025-08-20T20:26:00.053+0000][1692007][info ][safepoint   ] Safepoint "Cleanup", Time since last: 194011094313 ns, Reaching safepoint: 42804 ns, Cleanup: 11137 ns, At safepoint: 2233 ns, Total: 56174 ns
[2025-08-20T20:34:31.075+0000][1692007][info ][gc,start    ] GC(307) Pause Young (Normal) (G1 Evacuation Pause)
[2025-08-20T20:34:31.076+0000][1692007][info ][gc,task     ] GC(307) Using 1 workers of 1 for evacuation
[2025-08-20T20:34:31.076+0000][1692007][debug][gc,age      ] GC(307) Desired survivor size 20971520 bytes, new threshold 15 (max threshold 15)
[2025-08-20T20:34:31.077+0000][1692007][info ][gc,phases   ] GC(307)   Pre Evacuate Collection Set: 0.0ms
[2025-08-20T20:34:31.077+0000][1692007][info ][gc,phases   ] GC(307)   Merge Heap Roots: 0.0ms
[2025-08-20T20:34:31.077+0000][1692007][info ][gc,phases   ] GC(307)   Evacuate Collection Set: 0.6ms
[2025-08-20T20:34:31.077+0000][1692007][info ][gc,phases   ] GC(307)   Post Evacuate Collection Set: 1.0ms
[2025-08-20T20:34:31.077+0000][1692007][info ][gc,phases   ] GC(307)   Other: 0.0ms
[2025-08-20T20:34:31.077+0000][1692007][trace][gc,age      ] GC(307) Age table with threshold 15 (max threshold 15)
[2025-08-20T20:34:31.077+0000][1692007][trace][gc,age      ] GC(307) - age   1:      10616 bytes,      10616 total
[2025-08-20T20:34:31.077+0000][1692007][trace][gc,age      ] GC(307) - age   2:        352 bytes,      10968 total
[2025-08-20T20:34:31.077+0000][1692007][trace][gc,age      ] GC(307) - age   4:        176 bytes,      11144 total
[2025-08-20T20:34:31.077+0000][1692007][trace][gc,age      ] GC(307) - age   6:       1920 bytes,      13064 total
[2025-08-20T20:34:31.077+0000][1692007][trace][gc,age      ] GC(307) - age  15:        344 bytes,      13408 total
[2025-08-20T20:34:31.077+0000][1692007][info ][gc,heap     ] GC(307) Eden regions: 75->0(75)
[2025-08-20T20:34:31.077+0000][1692007][info ][gc,heap     ] GC(307) Survivor regions: 1->1(10)
[2025-08-20T20:34:31.077+0000][1692007][info ][gc,heap     ] GC(307) Old regions: 23->23
[2025-08-20T20:34:31.077+0000][1692007][info ][gc,heap     ] GC(307) Humongous regions: 0->0
[2025-08-20T20:34:31.077+0000][1692007][info ][gc,metaspace] GC(307) Metaspace: 141942K(147968K)->141942K(147968K) NonClass: 123127K(126720K)->123127K(126720K) Class: 18815K(21248K)->18815K(21248K)
[2025-08-20T20:34:31.077+0000][1692007][info ][gc          ] GC(307) Pause Young (Normal) (G1 Evacuation Pause) 391M->91M(512M) 1.992ms
[2025-08-20T20:34:31.077+0000][1692007][info ][gc,cpu      ] GC(307) User=0.00s Sys=0.00s Real=0.01s
[2025-08-20T20:34:31.077+0000][1692007][info ][safepoint   ] Safepoint "G1CollectForAllocation", Time since last: 511022144490 ns, Reaching safepoint: 7161 ns, Cleanup: 2614 ns, At safepoint: 2027543 ns, Total: 2037318 ns
[2025-08-20T20:46:16.506+0000][1692007][info ][gc,start    ] GC(308) Pause Young (Normal) (G1 Evacuation Pause)
[2025-08-20T20:46:16.506+0000][1692007][info ][gc,task     ] GC(308) Using 1 workers of 1 for evacuation
[2025-08-20T20:46:16.506+0000][1692007][debug][gc,age      ] GC(308) Desired survivor size 20971520 bytes, new threshold 15 (max threshold 15)
[2025-08-20T20:46:16.508+0000][1692007][info ][gc,phases   ] GC(308)   Pre Evacuate Collection Set: 0.0ms
[2025-08-20T20:46:16.508+0000][1692007][info ][gc,phases   ] GC(308)   Merge Heap Roots: 0.0ms
[2025-08-20T20:46:16.508+0000][1692007][info ][gc,phases   ] GC(308)   Evacuate Collection Set: 0.6ms
[2025-08-20T20:46:16.508+0000][1692007][info ][gc,phases   ] GC(308)   Post Evacuate Collection Set: 0.8ms
[2025-08-20T20:46:16.508+0000][1692007][info ][gc,phases   ] GC(308)   Other: 0.3ms
[2025-08-20T20:46:16.508+0000][1692007][trace][gc,age      ] GC(308) Age table with threshold 15 (max threshold 15)
[2025-08-20T20:46:16.508+0000][1692007][trace][gc,age      ] GC(308) - age   1:      11056 bytes,      11056 total
[2025-08-20T20:46:16.508+0000][1692007][trace][gc,age      ] GC(308) - age   5:        176 bytes,      11232 total
[2025-08-20T20:46:16.508+0000][1692007][trace][gc,age      ] GC(308) - age   7:       1920 bytes,      13152 total
[2025-08-20T20:46:16.508+0000][1692007][info ][gc,heap     ] GC(308) Eden regions: 75->0(75)
[2025-08-20T20:46:16.508+0000][1692007][info ][gc,heap     ] GC(308) Survivor regions: 1->1(10)
[2025-08-20T20:46:16.508+0000][1692007][info ][gc,heap     ] GC(308) Old regions: 23->23
[2025-08-20T20:46:16.508+0000][1692007][info ][gc,heap     ] GC(308) Humongous regions: 0->0
[2025-08-20T20:46:16.508+0000][1692007][info ][gc,metaspace] GC(308) Metaspace: 141942K(147968K)->141942K(147968K) NonClass: 123127K(126720K)->123127K(126720K) Class: 18815K(21248K)->18815K(21248K)
[2025-08-20T20:46:16.508+0000][1692007][info ][gc          ] GC(308) Pause Young (Normal) (G1 Evacuation Pause) 391M->91M(512M) 1.936ms
[2025-08-20T20:46:16.508+0000][1692007][info ][gc,cpu      ] GC(308) User=0.00s Sys=0.00s Real=0.00s
[2025-08-20T20:46:16.508+0000][1692007][info ][safepoint   ] Safepoint "G1CollectForAllocation", Time since last: 705428721585 ns, Reaching safepoint: 7411 ns, Cleanup: 2764 ns, At safepoint: 1968534 ns, Total: 1978709 ns
[2025-08-20T20:58:01.928+0000][1692007][info ][gc,start    ] GC(309) Pause Young (Normal) (G1 Evacuation Pause)
[2025-08-20T20:58:01.928+0000][1692007][info ][gc,task     ] GC(309) Using 1 workers of 1 for evacuation
[2025-08-20T20:58:01.928+0000][1692007][debug][gc,age      ] GC(309) Desired survivor size 20971520 bytes, new threshold 15 (max threshold 15)
[2025-08-20T20:58:01.930+0000][1692007][info ][gc,phases   ] GC(309)   Pre Evacuate Collection Set: 0.0ms
[2025-08-20T20:58:01.930+0000][1692007][info ][gc,phases   ] GC(309)   Merge Heap Roots: 0.0ms
[2025-08-20T20:58:01.930+0000][1692007][info ][gc,phases   ] GC(309)   Evacuate Collection Set: 0.6ms
[2025-08-20T20:58:01.930+0000][1692007][info ][gc,phases   ] GC(309)   Post Evacuate Collection Set: 1.0ms
[2025-08-20T20:58:01.930+0000][1692007][info ][gc,phases   ] GC(309)   Other: 0.0ms
[2025-08-20T20:58:01.930+0000][1692007][trace][gc,age      ] GC(309) Age table with threshold 15 (max threshold 15)
[2025-08-20T20:58:01.930+0000][1692007][trace][gc,age      ] GC(309) - age   1:       9864 bytes,       9864 total
[2025-08-20T20:58:01.930+0000][1692007][trace][gc,age      ] GC(309) - age   8:       1920 bytes,      11784 total
[2025-08-20T20:58:01.930+0000][1692007][info ][gc,heap     ] GC(309) Eden regions: 75->0(75)
[2025-08-20T20:58:01.930+0000][1692007][info ][gc,heap     ] GC(309) Survivor regions: 1->1(10)
[2025-08-20T20:58:01.930+0000][1692007][info ][gc,heap     ] GC(309) Old regions: 23->23
[2025-08-20T20:58:01.930+0000][1692007][info ][gc,heap     ] GC(309) Humongous regions: 0->0
[2025-08-20T20:58:01.930+0000][1692007][info ][gc,metaspace] GC(309) Metaspace: 141942K(147968K)->141942K(147968K) NonClass: 123127K(126720K)->123127K(126720K) Class: 18815K(21248K)->18815K(21248K)
[2025-08-20T20:58:01.930+0000][1692007][info ][gc          ] GC(309) Pause Young (Normal) (G1 Evacuation Pause) 391M->91M(512M) 1.986ms
[2025-08-20T20:58:01.930+0000][1692007][info ][gc,cpu      ] GC(309) User=0.01s Sys=0.00s Real=0.00s
[2025-08-20T20:58:01.930+0000][1692007][info ][safepoint   ] Safepoint "G1CollectForAllocation", Time since last: 705420169355 ns, Reaching safepoint: 6870 ns, Cleanup: 2484 ns, At safepoint: 2016706 ns, Total: 2026060 ns
[2025-08-20T21:09:47.864+0000][1692007][info ][gc,start    ] GC(310) Pause Young (Normal) (G1 Evacuation Pause)
[2025-08-20T21:09:47.865+0000][1692007][info ][gc,task     ] GC(310) Using 1 workers of 1 for evacuation
[2025-08-20T21:09:47.865+0000][1692007][debug][gc,age      ] GC(310) Desired survivor size 20971520 bytes, new threshold 15 (max threshold 15)
[2025-08-20T21:09:47.866+0000][1692007][info ][gc,phases   ] GC(310)   Pre Evacuate Collection Set: 0.0ms
[2025-08-20T21:09:47.866+0000][1692007][info ][gc,phases   ] GC(310)   Merge Heap Roots: 0.0ms
[2025-08-20T21:09:47.866+0000][1692007][info ][gc,phases   ] GC(310)   Evacuate Collection Set: 0.6ms
[2025-08-20T21:09:47.866+0000][1692007][info ][gc,phases   ] GC(310)   Post Evacuate Collection Set: 0.7ms
[2025-08-20T21:09:47.866+0000][1692007][info ][gc,phases   ] GC(310)   Other: 0.2ms
[2025-08-20T21:09:47.866+0000][1692007][trace][gc,age      ] GC(310) Age table with threshold 15 (max threshold 15)
[2025-08-20T21:09:47.866+0000][1692007][trace][gc,age      ] GC(310) - age   1:       9776 bytes,       9776 total
[2025-08-20T21:09:47.866+0000][1692007][trace][gc,age      ] GC(310) - age   2:        176 bytes,       9952 total
[2025-08-20T21:09:47.866+0000][1692007][trace][gc,age      ] GC(310) - age   9:       1920 bytes,      11872 total
[2025-08-20T21:09:47.866+0000][1692007][info ][gc,heap     ] GC(310) Eden regions: 75->0(75)
[2025-08-20T21:09:47.866+0000][1692007][info ][gc,heap     ] GC(310) Survivor regions: 1->1(10)
[2025-08-20T21:09:47.866+0000][1692007][info ][gc,heap     ] GC(310) Old regions: 23->23
[2025-08-20T21:09:47.866+0000][1692007][info ][gc,heap     ] GC(310) Humongous regions: 0->0
[2025-08-20T21:09:47.866+0000][1692007][info ][gc,metaspace] GC(310) Metaspace: 141942K(147968K)->141942K(147968K) NonClass: 123127K(126720K)->123127K(126720K) Class: 18815K(21248K)->18815K(21248K)
[2025-08-20T21:09:47.866+0000][1692007][info ][gc          ] GC(310) Pause Young (Normal) (G1 Evacuation Pause) 391M->91M(512M) 2.178ms
[2025-08-20T21:09:47.866+0000][1692007][info ][gc,cpu      ] GC(310) User=0.01s Sys=0.00s Real=0.01s
[2025-08-20T21:09:47.866+0000][1692007][info ][safepoint   ] Safepoint "G1CollectForAllocation", Time since last: 705933962210 ns, Reaching safepoint: 8032 ns, Cleanup: 3946 ns, At safepoint: 2210369 ns, Total: 2222347 ns
[2025-08-20T21:21:33.231+0000][1692007][info ][gc,start    ] GC(311) Pause Young (Normal) (G1 Evacuation Pause)
[2025-08-20T21:21:33.232+0000][1692007][info ][gc,task     ] GC(311) Using 1 workers of 1 for evacuation
[2025-08-20T21:21:33.232+0000][1692007][debug][gc,age      ] GC(311) Desired survivor size 20971520 bytes, new threshold 15 (max threshold 15)
[2025-08-20T21:21:33.233+0000][1692007][info ][gc,phases   ] GC(311)   Pre Evacuate Collection Set: 0.0ms
[2025-08-20T21:21:33.233+0000][1692007][info ][gc,phases   ] GC(311)   Merge Heap Roots: 0.0ms
[2025-08-20T21:21:33.233+0000][1692007][info ][gc,phases   ] GC(311)   Evacuate Collection Set: 0.6ms
[2025-08-20T21:21:33.233+0000][1692007][info ][gc,phases   ] GC(311)   Post Evacuate Collection Set: 0.7ms
[2025-08-20T21:21:33.233+0000][1692007][info ][gc,phases   ] GC(311)   Other: 0.0ms
[2025-08-20T21:21:33.233+0000][1692007][trace][gc,age      ] GC(311) Age table with threshold 15 (max threshold 15)
[2025-08-20T21:21:33.233+0000][1692007][trace][gc,age      ] GC(311) - age   1:      10168 bytes,      10168 total
[2025-08-20T21:21:33.233+0000][1692007][trace][gc,age      ] GC(311) - age   3:        176 bytes,      10344 total
[2025-08-20T21:21:33.233+0000][1692007][trace][gc,age      ] GC(311) - age  10:       1920 bytes,      12264 total
[2025-08-20T21:21:33.233+0000][1692007][info ][gc,heap     ] GC(311) Eden regions: 75->0(75)
[2025-08-20T21:21:33.233+0000][1692007][info ][gc,heap     ] GC(311) Survivor regions: 1->1(10)
[2025-08-20T21:21:33.233+0000][1692007][info ][gc,heap     ] GC(311) Old regions: 23->23
[2025-08-20T21:21:33.233+0000][1692007][info ][gc,heap     ] GC(311) Humongous regions: 0->0
[2025-08-20T21:21:33.233+0000][1692007][info ][gc,metaspace] GC(311) Metaspace: 141949K(147968K)->141949K(147968K) NonClass: 123134K(126720K)->123134K(126720K) Class: 18815K(21248K)->18815K(21248K)
[2025-08-20T21:21:33.233+0000][1692007][info ][gc          ] GC(311) Pause Young (Normal) (G1 Evacuation Pause) 391M->91M(512M) 1.956ms
[2025-08-20T21:21:33.233+0000][1692007][info ][gc,cpu      ] GC(311) User=0.00s Sys=0.00s Real=0.00s
[2025-08-20T21:21:33.233+0000][1692007][info ][safepoint   ] Safepoint "G1CollectForAllocation", Time since last: 705364850289 ns, Reaching safepoint: 8132 ns, Cleanup: 3686 ns, At safepoint: 1988754 ns, Total: 2000572 ns
[2025-08-20T21:22:05.236+0000][1692007][info ][safepoint   ] Safepoint "Cleanup", Time since last: 32003151990 ns, Reaching safepoint: 32790 ns, Cleanup: 12769 ns, At safepoint: 1903 ns, Total: 47462 ns
[2025-08-20T21:33:18.200+0000][1692007][info ][gc,start    ] GC(312) Pause Young (Normal) (G1 Evacuation Pause)
[2025-08-20T21:33:18.200+0000][1692007][info ][gc,task     ] GC(312) Using 1 workers of 1 for evacuation
[2025-08-20T21:33:18.200+0000][1692007][debug][gc,age      ] GC(312) Desired survivor size 20971520 bytes, new threshold 15 (max threshold 15)
[2025-08-20T21:33:18.201+0000][1692007][info ][gc,phases   ] GC(312)   Pre Evacuate Collection Set: 0.0ms
[2025-08-20T21:33:18.201+0000][1692007][info ][gc,phases   ] GC(312)   Merge Heap Roots: 0.0ms
[2025-08-20T21:33:18.201+0000][1692007][info ][gc,phases   ] GC(312)   Evacuate Collection Set: 0.7ms
[2025-08-20T21:33:18.201+0000][1692007][info ][gc,phases   ] GC(312)   Post Evacuate Collection Set: 0.9ms
[2025-08-20T21:33:18.201+0000][1692007][info ][gc,phases   ] GC(312)   Other: 0.0ms
[2025-08-20T21:33:18.201+0000][1692007][trace][gc,age      ] GC(312) Age table with threshold 15 (max threshold 15)
[2025-08-20T21:33:18.201+0000][1692007][trace][gc,age      ] GC(312) - age   1:      10672 bytes,      10672 total
[2025-08-20T21:33:18.201+0000][1692007][trace][gc,age      ] GC(312) - age   2:        968 bytes,      11640 total
[2025-08-20T21:33:18.201+0000][1692007][trace][gc,age      ] GC(312) - age   4:        176 bytes,      11816 total
[2025-08-20T21:33:18.201+0000][1692007][trace][gc,age      ] GC(312) - age  11:       1920 bytes,      13736 total
[2025-08-20T21:33:18.202+0000][1692007][info ][gc,heap     ] GC(312) Eden regions: 75->0(75)
[2025-08-20T21:33:18.202+0000][1692007][info ][gc,heap     ] GC(312) Survivor regions: 1->1(10)
[2025-08-20T21:33:18.202+0000][1692007][info ][gc,heap     ] GC(312) Old regions: 23->23
[2025-08-20T21:33:18.202+0000][1692007][info ][gc,heap     ] GC(312) Humongous regions: 0->0
[2025-08-20T21:33:18.202+0000][1692007][info ][gc,metaspace] GC(312) Metaspace: 141950K(147968K)->141950K(147968K) NonClass: 123135K(126720K)->123135K(126720K) Class: 18815K(21248K)->18815K(21248K)
[2025-08-20T21:33:18.202+0000][1692007][info ][gc          ] GC(312) Pause Young (Normal) (G1 Evacuation Pause) 391M->91M(512M) 1.882ms
[2025-08-20T21:33:18.202+0000][1692007][info ][gc,cpu      ] GC(312) User=0.00s Sys=0.00s Real=0.00s
[2025-08-20T21:33:18.202+0000][1692007][info ][safepoint   ] Safepoint "G1CollectForAllocation", Time since last: 672962821091 ns, Reaching safepoint: 326703 ns, Cleanup: 2604 ns, At safepoint: 1915293 ns, Total: 2244600 ns
[2025-08-20T21:45:04.098+0000][1692007][info ][gc,start    ] GC(313) Pause Young (Normal) (G1 Evacuation Pause)
[2025-08-20T21:45:04.098+0000][1692007][info ][gc,task     ] GC(313) Using 1 workers of 1 for evacuation
[2025-08-20T21:45:04.098+0000][1692007][debug][gc,age      ] GC(313) Desired survivor size 20971520 bytes, new threshold 15 (max threshold 15)
[2025-08-20T21:45:04.100+0000][1692007][info ][gc,phases   ] GC(313)   Pre Evacuate Collection Set: 0.0ms
[2025-08-20T21:45:04.100+0000][1692007][info ][gc,phases   ] GC(313)   Merge Heap Roots: 0.0ms
[2025-08-20T21:45:04.100+0000][1692007][info ][gc,phases   ] GC(313)   Evacuate Collection Set: 0.6ms
[2025-08-20T21:45:04.100+0000][1692007][info ][gc,phases   ] GC(313)   Post Evacuate Collection Set: 0.7ms
[2025-08-20T21:45:04.100+0000][1692007][info ][gc,phases   ] GC(313)   Other: 0.0ms
[2025-08-20T21:45:04.100+0000][1692007][trace][gc,age      ] GC(313) Age table with threshold 15 (max threshold 15)
[2025-08-20T21:45:04.100+0000][1692007][trace][gc,age      ] GC(313) - age   1:       9776 bytes,       9776 total
[2025-08-20T21:45:04.100+0000][1692007][trace][gc,age      ] GC(313) - age   3:        616 bytes,      10392 total
[2025-08-20T21:45:04.100+0000][1692007][trace][gc,age      ] GC(313) - age   5:        176 bytes,      10568 total
[2025-08-20T21:45:04.100+0000][1692007][trace][gc,age      ] GC(313) - age  12:       1920 bytes,      12488 total
[2025-08-20T21:45:04.100+0000][1692007][info ][gc,heap     ] GC(313) Eden regions: 75->0(75)
[2025-08-20T21:45:04.100+0000][1692007][info ][gc,heap     ] GC(313) Survivor regions: 1->1(10)
[2025-08-20T21:45:04.100+0000][1692007][info ][gc,heap     ] GC(313) Old regions: 23->23
[2025-08-20T21:45:04.100+0000][1692007][info ][gc,heap     ] GC(313) Humongous regions: 0->0
[2025-08-20T21:45:04.100+0000][1692007][info ][gc,metaspace] GC(313) Metaspace: 141950K(147968K)->141950K(147968K) NonClass: 123135K(126720K)->123135K(126720K) Class: 18815K(21248K)->18815K(21248K)
[2025-08-20T21:45:04.100+0000][1692007][info ][gc          ] GC(313) Pause Young (Normal) (G1 Evacuation Pause) 391M->91M(512M) 1.893ms
[2025-08-20T21:45:04.100+0000][1692007][info ][gc,cpu      ] GC(313) User=0.00s Sys=0.00s Real=0.00s
[2025-08-20T21:45:04.100+0000][1692007][info ][safepoint   ] Safepoint "G1CollectForAllocation", Time since last: 705896266145 ns, Reaching safepoint: 7651 ns, Cleanup: 3466 ns, At safepoint: 1926790 ns, Total: 1937907 ns
[2025-08-20T21:56:49.063+0000][1692007][info ][gc,start    ] GC(314) Pause Young (Normal) (G1 Evacuation Pause)
[2025-08-20T21:56:49.064+0000][1692007][info ][gc,task     ] GC(314) Using 1 workers of 1 for evacuation
[2025-08-20T21:56:49.064+0000][1692007][debug][gc,age      ] GC(314) Desired survivor size 20971520 bytes, new threshold 15 (max threshold 15)
[2025-08-20T21:56:49.065+0000][1692007][info ][gc,phases   ] GC(314)   Pre Evacuate Collection Set: 0.0ms
[2025-08-20T21:56:49.065+0000][1692007][info ][gc,phases   ] GC(314)   Merge Heap Roots: 0.0ms
[2025-08-20T21:56:49.065+0000][1692007][info ][gc,phases   ] GC(314)   Evacuate Collection Set: 0.7ms
[2025-08-20T21:56:49.065+0000][1692007][info ][gc,phases   ] GC(314)   Post Evacuate Collection Set: 1.0ms
[2025-08-20T21:56:49.065+0000][1692007][info ][gc,phases   ] GC(314)   Other: 0.0ms
[2025-08-20T21:56:49.065+0000][1692007][trace][gc,age      ] GC(314) Age table with threshold 15 (max threshold 15)
[2025-08-20T21:56:49.065+0000][1692007][trace][gc,age      ] GC(314) - age   1:      11200 bytes,      11200 total
[2025-08-20T21:56:49.065+0000][1692007][trace][gc,age      ] GC(314) - age   4:        616 bytes,      11816 total
[2025-08-20T21:56:49.065+0000][1692007][trace][gc,age      ] GC(314) - age  13:       1920 bytes,      13736 total
[2025-08-20T21:56:49.065+0000][1692007][info ][gc,heap     ] GC(314) Eden regions: 75->0(75)
[2025-08-20T21:56:49.065+0000][1692007][info ][gc,heap     ] GC(314) Survivor regions: 1->1(10)
[2025-08-20T21:56:49.065+0000][1692007][info ][gc,heap     ] GC(314) Old regions: 23->23
[2025-08-20T21:56:49.065+0000][1692007][info ][gc,heap     ] GC(314) Humongous regions: 0->0
[2025-08-20T21:56:49.065+0000][1692007][info ][gc,metaspace] GC(314) Metaspace: 141950K(147968K)->141950K(147968K) NonClass: 123135K(126720K)->123135K(126720K) Class: 18815K(21248K)->18815K(21248K)
[2025-08-20T21:56:49.065+0000][1692007][info ][gc          ] GC(314) Pause Young (Normal) (G1 Evacuation Pause) 391M->91M(512M) 2.047ms
[2025-08-20T21:56:49.065+0000][1692007][info ][gc,cpu      ] GC(314) User=0.00s Sys=0.00s Real=0.01s
[2025-08-20T21:56:49.065+0000][1692007][info ][safepoint   ] Safepoint "G1CollectForAllocation", Time since last: 704963662125 ns, Reaching safepoint: 8062 ns, Cleanup: 3866 ns, At safepoint: 2081264 ns, Total: 2093192 ns
[2025-08-20T22:00:34.080+0000][1692007][info ][safepoint   ] Safepoint "Cleanup", Time since last: 225014233778 ns, Reaching safepoint: 43105 ns, Cleanup: 13059 ns, At safepoint: 4487 ns, Total: 60651 ns
[2025-08-20T22:08:33.576+0000][1692007][info ][gc,start    ] GC(315) Pause Young (Normal) (G1 Evacuation Pause)
[2025-08-20T22:08:33.576+0000][1692007][info ][gc,task     ] GC(315) Using 1 workers of 1 for evacuation
[2025-08-20T22:08:33.576+0000][1692007][debug][gc,age      ] GC(315) Desired survivor size 20971520 bytes, new threshold 15 (max threshold 15)
[2025-08-20T22:08:33.578+0000][1692007][info ][gc,phases   ] GC(315)   Pre Evacuate Collection Set: 0.1ms
[2025-08-20T22:08:33.578+0000][1692007][info ][gc,phases   ] GC(315)   Merge Heap Roots: 0.1ms
[2025-08-20T22:08:33.578+0000][1692007][info ][gc,phases   ] GC(315)   Evacuate Collection Set: 0.7ms
[2025-08-20T22:08:33.578+0000][1692007][info ][gc,phases   ] GC(315)   Post Evacuate Collection Set: 0.8ms
[2025-08-20T22:08:33.578+0000][1692007][info ][gc,phases   ] GC(315)   Other: 0.0ms
[2025-08-20T22:08:33.578+0000][1692007][trace][gc,age      ] GC(315) Age table with threshold 15 (max threshold 15)
[2025-08-20T22:08:33.578+0000][1692007][trace][gc,age      ] GC(315) - age   1:      13304 bytes,      13304 total
[2025-08-20T22:08:33.578+0000][1692007][trace][gc,age      ] GC(315) - age   2:        176 bytes,      13480 total
[2025-08-20T22:08:33.578+0000][1692007][trace][gc,age      ] GC(315) - age   5:        616 bytes,      14096 total
[2025-08-20T22:08:33.578+0000][1692007][trace][gc,age      ] GC(315) - age  14:       1920 bytes,      16016 total
[2025-08-20T22:08:33.578+0000][1692007][info ][gc,heap     ] GC(315) Eden regions: 75->0(75)
[2025-08-20T22:08:33.578+0000][1692007][info ][gc,heap     ] GC(315) Survivor regions: 1->1(10)
[2025-08-20T22:08:33.578+0000][1692007][info ][gc,heap     ] GC(315) Old regions: 23->23
[2025-08-20T22:08:33.578+0000][1692007][info ][gc,heap     ] GC(315) Humongous regions: 0->0
[2025-08-20T22:08:33.578+0000][1692007][info ][gc,metaspace] GC(315) Metaspace: 141950K(147968K)->141950K(147968K) NonClass: 123135K(126720K)->123135K(126720K) Class: 18815K(21248K)->18815K(21248K)
[2025-08-20T22:08:33.578+0000][1692007][info ][gc          ] GC(315) Pause Young (Normal) (G1 Evacuation Pause) 391M->91M(512M) 1.819ms
[2025-08-20T22:08:33.578+0000][1692007][info ][gc,cpu      ] GC(315) User=0.01s Sys=0.00s Real=0.00s
[2025-08-20T22:08:33.578+0000][1692007][info ][safepoint   ] Safepoint "G1CollectForAllocation", Time since last: 479496391822 ns, Reaching safepoint: 7481 ns, Cleanup: 2764 ns, At safepoint: 1851016 ns, Total: 1861261 ns
[2025-08-20T22:20:18.749+0000][1692007][info ][gc,start    ] GC(316) Pause Young (Normal) (G1 Evacuation Pause)
[2025-08-20T22:20:18.952+0000][1692007][info ][gc,task     ] GC(316) Using 1 workers of 1 for evacuation
[2025-08-20T22:20:18.952+0000][1692007][debug][gc,age      ] GC(316) Desired survivor size 20971520 bytes, new threshold 15 (max threshold 15)
[2025-08-20T22:20:18.954+0000][1692007][info ][gc,phases   ] GC(316)   Pre Evacuate Collection Set: 0.1ms
[2025-08-20T22:20:18.954+0000][1692007][info ][gc,phases   ] GC(316)   Merge Heap Roots: 0.0ms
[2025-08-20T22:20:18.954+0000][1692007][info ][gc,phases   ] GC(316)   Evacuate Collection Set: 0.7ms
[2025-08-20T22:20:18.954+0000][1692007][info ][gc,phases   ] GC(316)   Post Evacuate Collection Set: 0.8ms
[2025-08-20T22:20:18.954+0000][1692007][info ][gc,phases   ] GC(316)   Other: 0.1ms
[2025-08-20T22:20:18.954+0000][1692007][trace][gc,age      ] GC(316) Age table with threshold 15 (max threshold 15)
[2025-08-20T22:20:18.954+0000][1692007][trace][gc,age      ] GC(316) - age   1:       9120 bytes,       9120 total
[2025-08-20T22:20:18.954+0000][1692007][trace][gc,age      ] GC(316) - age   2:        352 bytes,       9472 total
[2025-08-20T22:20:18.954+0000][1692007][trace][gc,age      ] GC(316) - age   3:        176 bytes,       9648 total
[2025-08-20T22:20:18.954+0000][1692007][trace][gc,age      ] GC(316) - age   6:        616 bytes,      10264 total
[2025-08-20T22:20:18.954+0000][1692007][trace][gc,age      ] GC(316) - age  15:       1920 bytes,      12184 total
[2025-08-20T22:20:18.954+0000][1692007][info ][gc,heap     ] GC(316) Eden regions: 75->0(75)
[2025-08-20T22:20:18.954+0000][1692007][info ][gc,heap     ] GC(316) Survivor regions: 1->1(10)
[2025-08-20T22:20:18.954+0000][1692007][info ][gc,heap     ] GC(316) Old regions: 23->23
[2025-08-20T22:20:18.954+0000][1692007][info ][gc,heap     ] GC(316) Humongous regions: 0->0
[2025-08-20T22:20:18.954+0000][1692007][info ][gc,metaspace] GC(316) Metaspace: 141950K(147968K)->141950K(147968K) NonClass: 123135K(126720K)->123135K(126720K) Class: 18815K(21248K)->18815K(21248K)
[2025-08-20T22:20:18.954+0000][1692007][info ][gc          ] GC(316) Pause Young (Normal) (G1 Evacuation Pause) 391M->91M(512M) 204.162ms
[2025-08-20T22:20:18.954+0000][1692007][info ][gc,cpu      ] GC(316) User=0.00s Sys=0.00s Real=0.20s
[2025-08-20T22:20:18.954+0000][1692007][info ][safepoint   ] Safepoint "G1CollectForAllocation", Time since last: 705171369052 ns, Reaching safepoint: 8603 ns, Cleanup: 3034 ns, At safepoint: 204211576 ns, Total: 204223213 ns
[2025-08-20T22:32:04.551+0000][1692007][info ][gc,start    ] GC(317) Pause Young (Normal) (G1 Evacuation Pause)
[2025-08-20T22:32:04.640+0000][1692007][info ][gc,task     ] GC(317) Using 1 workers of 1 for evacuation
[2025-08-20T22:32:04.640+0000][1692007][debug][gc,age      ] GC(317) Desired survivor size 20971520 bytes, new threshold 15 (max threshold 15)
[2025-08-20T22:32:04.642+0000][1692007][info ][gc,phases   ] GC(317)   Pre Evacuate Collection Set: 0.2ms
[2025-08-20T22:32:04.642+0000][1692007][info ][gc,phases   ] GC(317)   Merge Heap Roots: 0.0ms
[2025-08-20T22:32:04.642+0000][1692007][info ][gc,phases   ] GC(317)   Evacuate Collection Set: 0.7ms
[2025-08-20T22:32:04.642+0000][1692007][info ][gc,phases   ] GC(317)   Post Evacuate Collection Set: 0.8ms
[2025-08-20T22:32:04.642+0000][1692007][info ][gc,phases   ] GC(317)   Other: 0.1ms
[2025-08-20T22:32:04.642+0000][1692007][trace][gc,age      ] GC(317) Age table with threshold 15 (max threshold 15)
[2025-08-20T22:32:04.642+0000][1692007][trace][gc,age      ] GC(317) - age   1:       9648 bytes,       9648 total
[2025-08-20T22:32:04.642+0000][1692007][trace][gc,age      ] GC(317) - age   4:        176 bytes,       9824 total
[2025-08-20T22:32:04.642+0000][1692007][trace][gc,age      ] GC(317) - age   7:        616 bytes,      10440 total
[2025-08-20T22:32:04.642+0000][1692007][info ][gc,heap     ] GC(317) Eden regions: 75->0(75)
[2025-08-20T22:32:04.642+0000][1692007][info ][gc,heap     ] GC(317) Survivor regions: 1->1(10)
[2025-08-20T22:32:04.642+0000][1692007][info ][gc,heap     ] GC(317) Old regions: 23->23
[2025-08-20T22:32:04.642+0000][1692007][info ][gc,heap     ] GC(317) Humongous regions: 0->0
[2025-08-20T22:32:04.642+0000][1692007][info ][gc,metaspace] GC(317) Metaspace: 141950K(147968K)->141950K(147968K) NonClass: 123135K(126720K)->123135K(126720K) Class: 18815K(21248K)->18815K(21248K)
[2025-08-20T22:32:04.642+0000][1692007][info ][gc          ] GC(317) Pause Young (Normal) (G1 Evacuation Pause) 391M->91M(512M) 90.972ms
[2025-08-20T22:32:04.642+0000][1692007][info ][gc,cpu      ] GC(317) User=0.00s Sys=0.00s Real=0.09s
[2025-08-20T22:32:04.642+0000][1692007][info ][safepoint   ] Safepoint "G1CollectForAllocation", Time since last: 705597296084 ns, Reaching safepoint: 8233 ns, Cleanup: 3665 ns, At safepoint: 91020599 ns, Total: 91032497 ns
[2025-08-20T22:43:44.983+0000][1692007][info ][gc,start    ] GC(318) Pause Young (Normal) (G1 Evacuation Pause)
[2025-08-20T22:43:44.984+0000][1692007][info ][gc,task     ] GC(318) Using 1 workers of 1 for evacuation
[2025-08-20T22:43:44.984+0000][1692007][debug][gc,age      ] GC(318) Desired survivor size 20971520 bytes, new threshold 15 (max threshold 15)
[2025-08-20T22:43:44.985+0000][1692007][info ][gc,phases   ] GC(318)   Pre Evacuate Collection Set: 0.0ms
[2025-08-20T22:43:44.985+0000][1692007][info ][gc,phases   ] GC(318)   Merge Heap Roots: 0.0ms
[2025-08-20T22:43:44.985+0000][1692007][info ][gc,phases   ] GC(318)   Evacuate Collection Set: 0.6ms
[2025-08-20T22:43:44.985+0000][1692007][info ][gc,phases   ] GC(318)   Post Evacuate Collection Set: 0.8ms
[2025-08-20T22:43:44.985+0000][1692007][info ][gc,phases   ] GC(318)   Other: 0.0ms
[2025-08-20T22:43:44.985+0000][1692007][trace][gc,age      ] GC(318) Age table with threshold 15 (max threshold 15)
[2025-08-20T22:43:44.985+0000][1692007][trace][gc,age      ] GC(318) - age   1:       9440 bytes,       9440 total
[2025-08-20T22:43:44.985+0000][1692007][trace][gc,age      ] GC(318) - age   5:        176 bytes,       9616 total
[2025-08-20T22:43:44.985+0000][1692007][trace][gc,age      ] GC(318) - age   8:        616 bytes,      10232 total
[2025-08-20T22:43:44.985+0000][1692007][info ][gc,heap     ] GC(318) Eden regions: 75->0(75)
[2025-08-20T22:43:44.985+0000][1692007][info ][gc,heap     ] GC(318) Survivor regions: 1->1(10)
[2025-08-20T22:43:44.985+0000][1692007][info ][gc,heap     ] GC(318) Old regions: 23->23
[2025-08-20T22:43:44.985+0000][1692007][info ][gc,heap     ] GC(318) Humongous regions: 0->0
[2025-08-20T22:43:44.985+0000][1692007][info ][gc,metaspace] GC(318) Metaspace: 141950K(147968K)->141950K(147968K) NonClass: 123135K(126720K)->123135K(126720K) Class: 18815K(21248K)->18815K(21248K)
[2025-08-20T22:43:44.985+0000][1692007][info ][gc          ] GC(318) Pause Young (Normal) (G1 Evacuation Pause) 391M->91M(512M) 2.051ms
[2025-08-20T22:43:44.985+0000][1692007][info ][gc,cpu      ] GC(318) User=0.00s Sys=0.00s Real=0.01s
[2025-08-20T22:43:44.985+0000][1692007][info ][safepoint   ] Safepoint "G1CollectForAllocation", Time since last: 700341321455 ns, Reaching safepoint: 7802 ns, Cleanup: 3255 ns, At safepoint: 2083286 ns, Total: 2094343 ns
[2025-08-20T22:55:26.243+0000][1692007][info ][gc,start    ] GC(319) Pause Young (Normal) (G1 Evacuation Pause)
[2025-08-20T22:55:26.243+0000][1692007][info ][gc,task     ] GC(319) Using 1 workers of 1 for evacuation
[2025-08-20T22:55:26.243+0000][1692007][debug][gc,age      ] GC(319) Desired survivor size 20971520 bytes, new threshold 15 (max threshold 15)
[2025-08-20T22:55:26.245+0000][1692007][info ][gc,phases   ] GC(319)   Pre Evacuate Collection Set: 0.0ms
[2025-08-20T22:55:26.245+0000][1692007][info ][gc,phases   ] GC(319)   Merge Heap Roots: 0.0ms
[2025-08-20T22:55:26.245+0000][1692007][info ][gc,phases   ] GC(319)   Evacuate Collection Set: 0.7ms
[2025-08-20T22:55:26.245+0000][1692007][info ][gc,phases   ] GC(319)   Post Evacuate Collection Set: 0.9ms
[2025-08-20T22:55:26.245+0000][1692007][info ][gc,phases   ] GC(319)   Other: 0.0ms
[2025-08-20T22:55:26.245+0000][1692007][trace][gc,age      ] GC(319) Age table with threshold 15 (max threshold 15)
[2025-08-20T22:55:26.245+0000][1692007][trace][gc,age      ] GC(319) - age   1:      11232 bytes,      11232 total
[2025-08-20T22:55:26.245+0000][1692007][trace][gc,age      ] GC(319) - age   9:        616 bytes,      11848 total
[2025-08-20T22:55:26.245+0000][1692007][info ][gc,heap     ] GC(319) Eden regions: 75->0(75)
[2025-08-20T22:55:26.245+0000][1692007][info ][gc,heap     ] GC(319) Survivor regions: 1->1(10)
[2025-08-20T22:55:26.245+0000][1692007][info ][gc,heap     ] GC(319) Old regions: 23->23
[2025-08-20T22:55:26.245+0000][1692007][info ][gc,heap     ] GC(319) Humongous regions: 0->0
[2025-08-20T22:55:26.245+0000][1692007][info ][gc,metaspace] GC(319) Metaspace: 141950K(147968K)->141950K(147968K) NonClass: 123135K(126720K)->123135K(126720K) Class: 18815K(21248K)->18815K(21248K)
[2025-08-20T22:55:26.245+0000][1692007][info ][gc          ] GC(319) Pause Young (Normal) (G1 Evacuation Pause) 391M->91M(512M) 1.938ms
[2025-08-20T22:55:26.245+0000][1692007][info ][gc,cpu      ] GC(319) User=0.01s Sys=0.00s Real=0.00s
[2025-08-20T22:55:26.245+0000][1692007][info ][safepoint   ] Safepoint "G1CollectForAllocation", Time since last: 701257300480 ns, Reaching safepoint: 7902 ns, Cleanup: 2504 ns, At safepoint: 1981001 ns, Total: 1991407 ns
[2025-08-20T23:07:10.219+0000][1692007][info ][gc,start    ] GC(320) Pause Young (Normal) (G1 Evacuation Pause)
[2025-08-20T23:07:10.219+0000][1692007][info ][gc,task     ] GC(320) Using 1 workers of 1 for evacuation
[2025-08-20T23:07:10.219+0000][1692007][debug][gc,age      ] GC(320) Desired survivor size 20971520 bytes, new threshold 15 (max threshold 15)
[2025-08-20T23:07:10.221+0000][1692007][info ][gc,phases   ] GC(320)   Pre Evacuate Collection Set: 0.0ms
[2025-08-20T23:07:10.221+0000][1692007][info ][gc,phases   ] GC(320)   Merge Heap Roots: 0.0ms
[2025-08-20T23:07:10.221+0000][1692007][info ][gc,phases   ] GC(320)   Evacuate Collection Set: 0.6ms
[2025-08-20T23:07:10.221+0000][1692007][info ][gc,phases   ] GC(320)   Post Evacuate Collection Set: 0.8ms
[2025-08-20T23:07:10.221+0000][1692007][info ][gc,phases   ] GC(320)   Other: 0.0ms
[2025-08-20T23:07:10.221+0000][1692007][trace][gc,age      ] GC(320) Age table with threshold 15 (max threshold 15)
[2025-08-20T23:07:10.221+0000][1692007][trace][gc,age      ] GC(320) - age   1:       9416 bytes,       9416 total
[2025-08-20T23:07:10.221+0000][1692007][trace][gc,age      ] GC(320) - age   2:        176 bytes,       9592 total
[2025-08-20T23:07:10.221+0000][1692007][trace][gc,age      ] GC(320) - age  10:        616 bytes,      10208 total
[2025-08-20T23:07:10.221+0000][1692007][info ][gc,heap     ] GC(320) Eden regions: 75->0(75)
[2025-08-20T23:07:10.221+0000][1692007][info ][gc,heap     ] GC(320) Survivor regions: 1->1(10)
[2025-08-20T23:07:10.221+0000][1692007][info ][gc,heap     ] GC(320) Old regions: 23->23
[2025-08-20T23:07:10.221+0000][1692007][info ][gc,heap     ] GC(320) Humongous regions: 0->0
[2025-08-20T23:07:10.221+0000][1692007][info ][gc,metaspace] GC(320) Metaspace: 141950K(147968K)->141950K(147968K) NonClass: 123135K(126720K)->123135K(126720K) Class: 18815K(21248K)->18815K(21248K)
[2025-08-20T23:07:10.221+0000][1692007][info ][gc          ] GC(320) Pause Young (Normal) (G1 Evacuation Pause) 391M->91M(512M) 2.035ms
[2025-08-20T23:07:10.221+0000][1692007][info ][gc,cpu      ] GC(320) User=0.00s Sys=0.00s Real=0.00s
[2025-08-20T23:07:10.221+0000][1692007][info ][safepoint   ] Safepoint "G1CollectForAllocation", Time since last: 703973910202 ns, Reaching safepoint: 4387 ns, Cleanup: 3094 ns, At safepoint: 2065269 ns, Total: 2072750 ns
[2025-08-20T23:18:56.535+0000][1692007][info ][gc,start    ] GC(321) Pause Young (Normal) (G1 Evacuation Pause)
[2025-08-20T23:18:56.535+0000][1692007][info ][gc,task     ] GC(321) Using 1 workers of 1 for evacuation
[2025-08-20T23:18:56.535+0000][1692007][debug][gc,age      ] GC(321) Desired survivor size 20971520 bytes, new threshold 15 (max threshold 15)
[2025-08-20T23:18:56.537+0000][1692007][info ][gc,phases   ] GC(321)   Pre Evacuate Collection Set: 0.0ms
[2025-08-20T23:18:56.537+0000][1692007][info ][gc,phases   ] GC(321)   Merge Heap Roots: 0.0ms
[2025-08-20T23:18:56.537+0000][1692007][info ][gc,phases   ] GC(321)   Evacuate Collection Set: 0.6ms
[2025-08-20T23:18:56.537+0000][1692007][info ][gc,phases   ] GC(321)   Post Evacuate Collection Set: 0.7ms
[2025-08-20T23:18:56.537+0000][1692007][info ][gc,phases   ] GC(321)   Other: 0.2ms
[2025-08-20T23:18:56.537+0000][1692007][trace][gc,age      ] GC(321) Age table with threshold 15 (max threshold 15)
[2025-08-20T23:18:56.537+0000][1692007][trace][gc,age      ] GC(321) - age   1:      14256 bytes,      14256 total
[2025-08-20T23:18:56.537+0000][1692007][trace][gc,age      ] GC(321) - age   2:        352 bytes,      14608 total
[2025-08-20T23:18:56.537+0000][1692007][trace][gc,age      ] GC(321) - age   3:        176 bytes,      14784 total
[2025-08-20T23:18:56.537+0000][1692007][trace][gc,age      ] GC(321) - age  11:        616 bytes,      15400 total
[2025-08-20T23:18:56.537+0000][1692007][info ][gc,heap     ] GC(321) Eden regions: 75->0(75)
[2025-08-20T23:18:56.537+0000][1692007][info ][gc,heap     ] GC(321) Survivor regions: 1->1(10)
[2025-08-20T23:18:56.537+0000][1692007][info ][gc,heap     ] GC(321) Old regions: 23->23
[2025-08-20T23:18:56.537+0000][1692007][info ][gc,heap     ] GC(321) Humongous regions: 0->0
[2025-08-20T23:18:56.537+0000][1692007][info ][gc,metaspace] GC(321) Metaspace: 141950K(147968K)->141950K(147968K) NonClass: 123135K(126720K)->123135K(126720K) Class: 18815K(21248K)->18815K(21248K)
[2025-08-20T23:18:56.537+0000][1692007][info ][gc          ] GC(321) Pause Young (Normal) (G1 Evacuation Pause) 391M->91M(512M) 2.177ms
[2025-08-20T23:18:56.537+0000][1692007][info ][gc,cpu      ] GC(321) User=0.00s Sys=0.00s Real=0.01s
[2025-08-20T23:18:56.537+0000][1692007][info ][safepoint   ] Safepoint "G1CollectForAllocation", Time since last: 706314265056 ns, Reaching safepoint: 7721 ns, Cleanup: 3596 ns, At safepoint: 2208995 ns, Total: 2220312 ns
[2025-08-20T23:30:42.035+0000][1692007][info ][gc,start    ] GC(322) Pause Young (Normal) (G1 Evacuation Pause)
[2025-08-20T23:30:42.035+0000][1692007][info ][gc,task     ] GC(322) Using 1 workers of 1 for evacuation
[2025-08-20T23:30:42.035+0000][1692007][debug][gc,age      ] GC(322) Desired survivor size 20971520 bytes, new threshold 15 (max threshold 15)
[2025-08-20T23:30:42.037+0000][1692007][info ][gc,phases   ] GC(322)   Pre Evacuate Collection Set: 0.1ms
[2025-08-20T23:30:42.037+0000][1692007][info ][gc,phases   ] GC(322)   Merge Heap Roots: 0.0ms
[2025-08-20T23:30:42.037+0000][1692007][info ][gc,phases   ] GC(322)   Evacuate Collection Set: 0.7ms
[2025-08-20T23:30:42.037+0000][1692007][info ][gc,phases   ] GC(322)   Post Evacuate Collection Set: 0.7ms
[2025-08-20T23:30:42.037+0000][1692007][info ][gc,phases   ] GC(322)   Other: 0.0ms
[2025-08-20T23:30:42.037+0000][1692007][trace][gc,age      ] GC(322) Age table with threshold 15 (max threshold 15)
[2025-08-20T23:30:42.037+0000][1692007][trace][gc,age      ] GC(322) - age   1:      10384 bytes,      10384 total
[2025-08-20T23:30:42.037+0000][1692007][trace][gc,age      ] GC(322) - age   2:       5056 bytes,      15440 total
[2025-08-20T23:30:42.037+0000][1692007][trace][gc,age      ] GC(322) - age   4:        176 bytes,      15616 total
[2025-08-20T23:30:42.037+0000][1692007][trace][gc,age      ] GC(322) - age  12:        616 bytes,      16232 total
[2025-08-20T23:30:42.037+0000][1692007][info ][gc,heap     ] GC(322) Eden regions: 75->0(75)
[2025-08-20T23:30:42.037+0000][1692007][info ][gc,heap     ] GC(322) Survivor regions: 1->1(10)
[2025-08-20T23:30:42.037+0000][1692007][info ][gc,heap     ] GC(322) Old regions: 23->23
[2025-08-20T23:30:42.037+0000][1692007][info ][gc,heap     ] GC(322) Humongous regions: 0->0
[2025-08-20T23:30:42.037+0000][1692007][info ][gc,metaspace] GC(322) Metaspace: 141950K(147968K)->141950K(147968K) NonClass: 123135K(126720K)->123135K(126720K) Class: 18815K(21248K)->18815K(21248K)
[2025-08-20T23:30:42.037+0000][1692007][info ][gc          ] GC(322) Pause Young (Normal) (G1 Evacuation Pause) 391M->91M(512M) 1.921ms
[2025-08-20T23:30:42.037+0000][1692007][info ][gc,cpu      ] GC(322) User=0.00s Sys=0.00s Real=0.01s
[2025-08-20T23:30:42.037+0000][1692007][info ][safepoint   ] Safepoint "G1CollectForAllocation", Time since last: 705498008760 ns, Reaching safepoint: 9134 ns, Cleanup: 3766 ns, At safepoint: 1954551 ns, Total: 1967451 ns
[2025-08-20T23:42:23.570+0000][1692007][info ][gc,start    ] GC(323) Pause Young (Normal) (G1 Evacuation Pause)
[2025-08-20T23:42:23.570+0000][1692007][info ][gc,task     ] GC(323) Using 1 workers of 1 for evacuation
[2025-08-20T23:42:23.570+0000][1692007][debug][gc,age      ] GC(323) Desired survivor size 20971520 bytes, new threshold 15 (max threshold 15)
[2025-08-20T23:42:23.572+0000][1692007][info ][gc,phases   ] GC(323)   Pre Evacuate Collection Set: 0.1ms
[2025-08-20T23:42:23.572+0000][1692007][info ][gc,phases   ] GC(323)   Merge Heap Roots: 0.0ms
[2025-08-20T23:42:23.572+0000][1692007][info ][gc,phases   ] GC(323)   Evacuate Collection Set: 0.6ms
[2025-08-20T23:42:23.572+0000][1692007][info ][gc,phases   ] GC(323)   Post Evacuate Collection Set: 0.8ms
[2025-08-20T23:42:23.572+0000][1692007][info ][gc,phases   ] GC(323)   Other: 0.0ms
[2025-08-20T23:42:23.572+0000][1692007][trace][gc,age      ] GC(323) Age table with threshold 15 (max threshold 15)
[2025-08-20T23:42:23.572+0000][1692007][trace][gc,age      ] GC(323) - age   1:       9536 bytes,       9536 total
[2025-08-20T23:42:23.572+0000][1692007][trace][gc,age      ] GC(323) - age   3:       5056 bytes,      14592 total
[2025-08-20T23:42:23.572+0000][1692007][trace][gc,age      ] GC(323) - age   5:        176 bytes,      14768 total
[2025-08-20T23:42:23.572+0000][1692007][trace][gc,age      ] GC(323) - age  13:        616 bytes,      15384 total
[2025-08-20T23:42:23.572+0000][1692007][info ][gc,heap     ] GC(323) Eden regions: 75->0(75)
[2025-08-20T23:42:23.572+0000][1692007][info ][gc,heap     ] GC(323) Survivor regions: 1->1(10)
[2025-08-20T23:42:23.572+0000][1692007][info ][gc,heap     ] GC(323) Old regions: 23->23
[2025-08-20T23:42:23.572+0000][1692007][info ][gc,heap     ] GC(323) Humongous regions: 0->0
[2025-08-20T23:42:23.572+0000][1692007][info ][gc,metaspace] GC(323) Metaspace: 141950K(147968K)->141950K(147968K) NonClass: 123135K(126720K)->123135K(126720K) Class: 18815K(21248K)->18815K(21248K)
[2025-08-20T23:42:23.572+0000][1692007][info ][gc          ] GC(323) Pause Young (Normal) (G1 Evacuation Pause) 391M->91M(512M) 2.045ms
[2025-08-20T23:42:23.572+0000][1692007][info ][gc,cpu      ] GC(323) User=0.00s Sys=0.00s Real=0.00s
[2025-08-20T23:42:23.572+0000][1692007][info ][safepoint   ] Safepoint "G1CollectForAllocation", Time since last: 701532707057 ns, Reaching safepoint: 7221 ns, Cleanup: 3045 ns, At safepoint: 2075824 ns, Total: 2086090 ns
[2025-08-20T23:54:08.415+0000][1692007][info ][gc,start    ] GC(324) Pause Young (Normal) (G1 Evacuation Pause)
[2025-08-20T23:54:08.415+0000][1692007][info ][gc,task     ] GC(324) Using 1 workers of 1 for evacuation
[2025-08-20T23:54:08.415+0000][1692007][debug][gc,age      ] GC(324) Desired survivor size 20971520 bytes, new threshold 15 (max threshold 15)
[2025-08-20T23:54:08.416+0000][1692007][info ][gc,phases   ] GC(324)   Pre Evacuate Collection Set: 0.0ms
[2025-08-20T23:54:08.416+0000][1692007][info ][gc,phases   ] GC(324)   Merge Heap Roots: 0.0ms
[2025-08-20T23:54:08.416+0000][1692007][info ][gc,phases   ] GC(324)   Evacuate Collection Set: 0.6ms
[2025-08-20T23:54:08.416+0000][1692007][info ][gc,phases   ] GC(324)   Post Evacuate Collection Set: 0.7ms
[2025-08-20T23:54:08.416+0000][1692007][info ][gc,phases   ] GC(324)   Other: 0.0ms
[2025-08-20T23:54:08.416+0000][1692007][trace][gc,age      ] GC(324) Age table with threshold 15 (max threshold 15)
[2025-08-20T23:54:08.416+0000][1692007][trace][gc,age      ] GC(324) - age   1:      11216 bytes,      11216 total
[2025-08-20T23:54:08.416+0000][1692007][trace][gc,age      ] GC(324) - age   4:       5056 bytes,      16272 total
[2025-08-20T23:54:08.416+0000][1692007][trace][gc,age      ] GC(324) - age  14:        616 bytes,      16888 total
[2025-08-20T23:54:08.416+0000][1692007][info ][gc,heap     ] GC(324) Eden regions: 75->0(75)
[2025-08-20T23:54:08.416+0000][1692007][info ][gc,heap     ] GC(324) Survivor regions: 1->1(10)
[2025-08-20T23:54:08.416+0000][1692007][info ][gc,heap     ] GC(324) Old regions: 23->23
[2025-08-20T23:54:08.416+0000][1692007][info ][gc,heap     ] GC(324) Humongous regions: 0->0
[2025-08-20T23:54:08.416+0000][1692007][info ][gc,metaspace] GC(324) Metaspace: 141950K(147968K)->141950K(147968K) NonClass: 123135K(126720K)->123135K(126720K) Class: 18815K(21248K)->18815K(21248K)
[2025-08-20T23:54:08.416+0000][1692007][info ][gc          ] GC(324) Pause Young (Normal) (G1 Evacuation Pause) 391M->91M(512M) 1.668ms
[2025-08-20T23:54:08.416+0000][1692007][info ][gc,cpu      ] GC(324) User=0.01s Sys=0.00s Real=0.01s
[2025-08-20T23:54:08.416+0000][1692007][info ][safepoint   ] Safepoint "G1CollectForAllocation", Time since last: 704842690119 ns, Reaching safepoint: 8764 ns, Cleanup: 2363 ns, At safepoint: 1699136 ns, Total: 1710263 ns
[2025-08-21T00:05:55.806+0000][1692007][info ][gc,start    ] GC(325) Pause Young (Normal) (G1 Evacuation Pause)
[2025-08-21T00:05:55.807+0000][1692007][info ][gc,task     ] GC(325) Using 1 workers of 1 for evacuation
[2025-08-21T00:05:55.807+0000][1692007][debug][gc,age      ] GC(325) Desired survivor size 20971520 bytes, new threshold 15 (max threshold 15)
[2025-08-21T00:05:55.808+0000][1692007][info ][gc,phases   ] GC(325)   Pre Evacuate Collection Set: 0.0ms
[2025-08-21T00:05:55.808+0000][1692007][info ][gc,phases   ] GC(325)   Merge Heap Roots: 0.0ms
[2025-08-21T00:05:55.808+0000][1692007][info ][gc,phases   ] GC(325)   Evacuate Collection Set: 0.7ms
[2025-08-21T00:05:55.808+0000][1692007][info ][gc,phases   ] GC(325)   Post Evacuate Collection Set: 0.7ms
[2025-08-21T00:05:55.808+0000][1692007][info ][gc,phases   ] GC(325)   Other: 0.0ms
[2025-08-21T00:05:55.808+0000][1692007][trace][gc,age      ] GC(325) Age table with threshold 15 (max threshold 15)
[2025-08-21T00:05:55.808+0000][1692007][trace][gc,age      ] GC(325) - age   1:      11128 bytes,      11128 total
[2025-08-21T00:05:55.808+0000][1692007][trace][gc,age      ] GC(325) - age   2:        176 bytes,      11304 total
[2025-08-21T00:05:55.808+0000][1692007][trace][gc,age      ] GC(325) - age   5:       5056 bytes,      16360 total
[2025-08-21T00:05:55.808+0000][1692007][trace][gc,age      ] GC(325) - age  15:        616 bytes,      16976 total
[2025-08-21T00:05:55.808+0000][1692007][info ][gc,heap     ] GC(325) Eden regions: 75->0(75)
[2025-08-21T00:05:55.808+0000][1692007][info ][gc,heap     ] GC(325) Survivor regions: 1->1(10)
[2025-08-21T00:05:55.808+0000][1692007][info ][gc,heap     ] GC(325) Old regions: 23->23
[2025-08-21T00:05:55.808+0000][1692007][info ][gc,heap     ] GC(325) Humongous regions: 0->0
[2025-08-21T00:05:55.808+0000][1692007][info ][gc,metaspace] GC(325) Metaspace: 141950K(147968K)->141950K(147968K) NonClass: 123135K(126720K)->123135K(126720K) Class: 18815K(21248K)->18815K(21248K)
[2025-08-21T00:05:55.808+0000][1692007][info ][gc          ] GC(325) Pause Young (Normal) (G1 Evacuation Pause) 391M->91M(512M) 2.193ms
[2025-08-21T00:05:55.808+0000][1692007][info ][gc,cpu      ] GC(325) User=0.00s Sys=0.00s Real=0.00s
[2025-08-21T00:05:55.808+0000][1692007][info ][safepoint   ] Safepoint "G1CollectForAllocation", Time since last: 707389539080 ns, Reaching safepoint: 7511 ns, Cleanup: 3415 ns, At safepoint: 2226753 ns, Total: 2237679 ns
[2025-08-21T00:17:39.264+0000][1692007][info ][gc,start    ] GC(326) Pause Young (Normal) (G1 Evacuation Pause)
[2025-08-21T00:17:39.264+0000][1692007][info ][gc,task     ] GC(326) Using 1 workers of 1 for evacuation
[2025-08-21T00:17:39.264+0000][1692007][debug][gc,age      ] GC(326) Desired survivor size 20971520 bytes, new threshold 15 (max threshold 15)
[2025-08-21T00:17:39.266+0000][1692007][info ][gc,phases   ] GC(326)   Pre Evacuate Collection Set: 0.0ms
[2025-08-21T00:17:39.266+0000][1692007][info ][gc,phases   ] GC(326)   Merge Heap Roots: 0.0ms
[2025-08-21T00:17:39.266+0000][1692007][info ][gc,phases   ] GC(326)   Evacuate Collection Set: 0.6ms
[2025-08-21T00:17:39.266+0000][1692007][info ][gc,phases   ] GC(326)   Post Evacuate Collection Set: 1.0ms
[2025-08-21T00:17:39.266+0000][1692007][info ][gc,phases   ] GC(326)   Other: 0.0ms
[2025-08-21T00:17:39.266+0000][1692007][trace][gc,age      ] GC(326) Age table with threshold 15 (max threshold 15)
[2025-08-21T00:17:39.266+0000][1692007][trace][gc,age      ] GC(326) - age   1:       9152 bytes,       9152 total
[2025-08-21T00:17:39.266+0000][1692007][trace][gc,age      ] GC(326) - age   2:        352 bytes,       9504 total
[2025-08-21T00:17:39.266+0000][1692007][trace][gc,age      ] GC(326) - age   3:        176 bytes,       9680 total
[2025-08-21T00:17:39.266+0000][1692007][trace][gc,age      ] GC(326) - age   6:       5056 bytes,      14736 total
[2025-08-21T00:17:39.266+0000][1692007][info ][gc,heap     ] GC(326) Eden regions: 75->0(75)
[2025-08-21T00:17:39.266+0000][1692007][info ][gc,heap     ] GC(326) Survivor regions: 1->1(10)
[2025-08-21T00:17:39.266+0000][1692007][info ][gc,heap     ] GC(326) Old regions: 23->23
[2025-08-21T00:17:39.266+0000][1692007][info ][gc,heap     ] GC(326) Humongous regions: 0->0
[2025-08-21T00:17:39.266+0000][1692007][info ][gc,metaspace] GC(326) Metaspace: 141950K(147968K)->141950K(147968K) NonClass: 123135K(126720K)->123135K(126720K) Class: 18815K(21248K)->18815K(21248K)
[2025-08-21T00:17:39.266+0000][1692007][info ][gc          ] GC(326) Pause Young (Normal) (G1 Evacuation Pause) 391M->91M(512M) 1.989ms
[2025-08-21T00:17:39.266+0000][1692007][info ][gc,cpu      ] GC(326) User=0.00s Sys=0.00s Real=0.01s
[2025-08-21T00:17:39.266+0000][1692007][info ][safepoint   ] Safepoint "G1CollectForAllocation", Time since last: 703456165686 ns, Reaching safepoint: 7521 ns, Cleanup: 2534 ns, At safepoint: 2022875 ns, Total: 2032930 ns
[2025-08-21T00:29:24.710+0000][1692007][info ][gc,start    ] GC(327) Pause Young (Normal) (G1 Evacuation Pause)
[2025-08-21T00:29:24.710+0000][1692007][info ][gc,task     ] GC(327) Using 1 workers of 1 for evacuation
[2025-08-21T00:29:24.710+0000][1692007][debug][gc,age      ] GC(327) Desired survivor size 20971520 bytes, new threshold 15 (max threshold 15)
[2025-08-21T00:29:24.712+0000][1692007][info ][gc,phases   ] GC(327)   Pre Evacuate Collection Set: 0.0ms
[2025-08-21T00:29:24.712+0000][1692007][info ][gc,phases   ] GC(327)   Merge Heap Roots: 0.0ms
[2025-08-21T00:29:24.712+0000][1692007][info ][gc,phases   ] GC(327)   Evacuate Collection Set: 0.6ms
[2025-08-21T00:29:24.712+0000][1692007][info ][gc,phases   ] GC(327)   Post Evacuate Collection Set: 1.0ms
[2025-08-21T00:29:24.712+0000][1692007][info ][gc,phases   ] GC(327)   Other: 0.0ms
[2025-08-21T00:29:24.712+0000][1692007][trace][gc,age      ] GC(327) Age table with threshold 15 (max threshold 15)
[2025-08-21T00:29:24.712+0000][1692007][trace][gc,age      ] GC(327) - age   1:       9528 bytes,       9528 total
[2025-08-21T00:29:24.712+0000][1692007][trace][gc,age      ] GC(327) - age   4:        176 bytes,       9704 total
[2025-08-21T00:29:24.712+0000][1692007][trace][gc,age      ] GC(327) - age   7:       5056 bytes,      14760 total
[2025-08-21T00:29:24.712+0000][1692007][info ][gc,heap     ] GC(327) Eden regions: 75->0(75)
[2025-08-21T00:29:24.712+0000][1692007][info ][gc,heap     ] GC(327) Survivor regions: 1->1(10)
[2025-08-21T00:29:24.712+0000][1692007][info ][gc,heap     ] GC(327) Old regions: 23->23
[2025-08-21T00:29:24.712+0000][1692007][info ][gc,heap     ] GC(327) Humongous regions: 0->0
[2025-08-21T00:29:24.712+0000][1692007][info ][gc,metaspace] GC(327) Metaspace: 141950K(147968K)->141950K(147968K) NonClass: 123135K(126720K)->123135K(126720K) Class: 18815K(21248K)->18815K(21248K)
[2025-08-21T00:29:24.712+0000][1692007][info ][gc          ] GC(327) Pause Young (Normal) (G1 Evacuation Pause) 391M->91M(512M) 1.983ms
[2025-08-21T00:29:24.712+0000][1692007][info ][gc,cpu      ] GC(327) User=0.01s Sys=0.00s Real=0.00s
[2025-08-21T00:29:24.712+0000][1692007][info ][safepoint   ] Safepoint "G1CollectForAllocation", Time since last: 705443485134 ns, Reaching safepoint: 7261 ns, Cleanup: 2634 ns, At safepoint: 2016215 ns, Total: 2026110 ns
[2025-08-21T00:41:09.835+0000][1692007][info ][gc,start    ] GC(328) Pause Young (Normal) (G1 Evacuation Pause)
[2025-08-21T00:41:09.836+0000][1692007][info ][gc,task     ] GC(328) Using 1 workers of 1 for evacuation
[2025-08-21T00:41:09.836+0000][1692007][debug][gc,age      ] GC(328) Desired survivor size 20971520 bytes, new threshold 15 (max threshold 15)
[2025-08-21T00:41:09.838+0000][1692007][info ][gc,phases   ] GC(328)   Pre Evacuate Collection Set: 0.0ms
[2025-08-21T00:41:09.838+0000][1692007][info ][gc,phases   ] GC(328)   Merge Heap Roots: 0.0ms
[2025-08-21T00:41:09.838+0000][1692007][info ][gc,phases   ] GC(328)   Evacuate Collection Set: 0.7ms
[2025-08-21T00:41:09.838+0000][1692007][info ][gc,phases   ] GC(328)   Post Evacuate Collection Set: 1.0ms
[2025-08-21T00:41:09.838+0000][1692007][info ][gc,phases   ] GC(328)   Other: 0.0ms
[2025-08-21T00:41:09.838+0000][1692007][trace][gc,age      ] GC(328) Age table with threshold 15 (max threshold 15)
[2025-08-21T00:41:09.838+0000][1692007][trace][gc,age      ] GC(328) - age   1:      13368 bytes,      13368 total
[2025-08-21T00:41:09.838+0000][1692007][trace][gc,age      ] GC(328) - age   5:        176 bytes,      13544 total
[2025-08-21T00:41:09.838+0000][1692007][trace][gc,age      ] GC(328) - age   8:       5056 bytes,      18600 total
[2025-08-21T00:41:09.838+0000][1692007][info ][gc,heap     ] GC(328) Eden regions: 75->0(75)
[2025-08-21T00:41:09.838+0000][1692007][info ][gc,heap     ] GC(328) Survivor regions: 1->1(10)
[2025-08-21T00:41:09.838+0000][1692007][info ][gc,heap     ] GC(328) Old regions: 23->23
[2025-08-21T00:41:09.838+0000][1692007][info ][gc,heap     ] GC(328) Humongous regions: 0->0
[2025-08-21T00:41:09.838+0000][1692007][info ][gc,metaspace] GC(328) Metaspace: 141950K(147968K)->141950K(147968K) NonClass: 123135K(126720K)->123135K(126720K) Class: 18815K(21248K)->18815K(21248K)
[2025-08-21T00:41:09.838+0000][1692007][info ][gc          ] GC(328) Pause Young (Normal) (G1 Evacuation Pause) 391M->91M(512M) 2.252ms
[2025-08-21T00:41:09.838+0000][1692007][info ][gc,cpu      ] GC(328) User=0.00s Sys=0.00s Real=0.00s
[2025-08-21T00:41:09.838+0000][1692007][info ][safepoint   ] Safepoint "G1CollectForAllocation", Time since last: 705123548496 ns, Reaching safepoint: 13330 ns, Cleanup: 2624 ns, At safepoint: 2285381 ns, Total: 2301335 ns
[2025-08-21T00:52:50.577+0000][1692007][info ][gc,start    ] GC(329) Pause Young (Normal) (G1 Evacuation Pause)
[2025-08-21T00:52:50.577+0000][1692007][info ][gc,task     ] GC(329) Using 1 workers of 1 for evacuation
[2025-08-21T00:52:50.577+0000][1692007][debug][gc,age      ] GC(329) Desired survivor size 20971520 bytes, new threshold 15 (max threshold 15)
[2025-08-21T00:52:50.579+0000][1692007][info ][gc,phases   ] GC(329)   Pre Evacuate Collection Set: 0.0ms
[2025-08-21T00:52:50.579+0000][1692007][info ][gc,phases   ] GC(329)   Merge Heap Roots: 0.0ms
[2025-08-21T00:52:50.579+0000][1692007][info ][gc,phases   ] GC(329)   Evacuate Collection Set: 0.6ms
[2025-08-21T00:52:50.579+0000][1692007][info ][gc,phases   ] GC(329)   Post Evacuate Collection Set: 0.7ms
[2025-08-21T00:52:50.579+0000][1692007][info ][gc,phases   ] GC(329)   Other: 0.0ms
[2025-08-21T00:52:50.579+0000][1692007][trace][gc,age      ] GC(329) Age table with threshold 15 (max threshold 15)
[2025-08-21T00:52:50.579+0000][1692007][trace][gc,age      ] GC(329) - age   1:      11224 bytes,      11224 total
[2025-08-21T00:52:50.579+0000][1692007][trace][gc,age      ] GC(329) - age   9:       5056 bytes,      16280 total
[2025-08-21T00:52:50.579+0000][1692007][info ][gc,heap     ] GC(329) Eden regions: 75->0(75)
[2025-08-21T00:52:50.579+0000][1692007][info ][gc,heap     ] GC(329) Survivor regions: 1->1(10)
[2025-08-21T00:52:50.579+0000][1692007][info ][gc,heap     ] GC(329) Old regions: 23->23
[2025-08-21T00:52:50.579+0000][1692007][info ][gc,heap     ] GC(329) Humongous regions: 0->0
[2025-08-21T00:52:50.579+0000][1692007][info ][gc,metaspace] GC(329) Metaspace: 141950K(147968K)->141950K(147968K) NonClass: 123135K(126720K)->123135K(126720K) Class: 18815K(21248K)->18815K(21248K)
[2025-08-21T00:52:50.579+0000][1692007][info ][gc          ] GC(329) Pause Young (Normal) (G1 Evacuation Pause) 391M->91M(512M) 1.678ms
[2025-08-21T00:52:50.579+0000][1692007][info ][gc,cpu      ] GC(329) User=0.00s Sys=0.00s Real=0.00s
[2025-08-21T00:52:50.579+0000][1692007][info ][safepoint   ] Safepoint "G1CollectForAllocation", Time since last: 700739582930 ns, Reaching safepoint: 7601 ns, Cleanup: 2794 ns, At safepoint: 1710363 ns, Total: 1720758 ns
[2025-08-21T01:04:36.406+0000][1692007][info ][gc,start    ] GC(330) Pause Young (Normal) (G1 Evacuation Pause)
[2025-08-21T01:04:36.406+0000][1692007][info ][gc,task     ] GC(330) Using 1 workers of 1 for evacuation
[2025-08-21T01:04:36.406+0000][1692007][debug][gc,age      ] GC(330) Desired survivor size 20971520 bytes, new threshold 15 (max threshold 15)
[2025-08-21T01:04:36.407+0000][1692007][info ][gc,phases   ] GC(330)   Pre Evacuate Collection Set: 0.0ms
[2025-08-21T01:04:36.408+0000][1692007][info ][gc,phases   ] GC(330)   Merge Heap Roots: 0.0ms
[2025-08-21T01:04:36.408+0000][1692007][info ][gc,phases   ] GC(330)   Evacuate Collection Set: 0.6ms
[2025-08-21T01:04:36.408+0000][1692007][info ][gc,phases   ] GC(330)   Post Evacuate Collection Set: 0.7ms
[2025-08-21T01:04:36.408+0000][1692007][info ][gc,phases   ] GC(330)   Other: 0.0ms
[2025-08-21T01:04:36.408+0000][1692007][trace][gc,age      ] GC(330) Age table with threshold 15 (max threshold 15)
[2025-08-21T01:04:36.408+0000][1692007][trace][gc,age      ] GC(330) - age   1:       9360 bytes,       9360 total
[2025-08-21T01:04:36.408+0000][1692007][trace][gc,age      ] GC(330) - age   2:        528 bytes,       9888 total
[2025-08-21T01:04:36.408+0000][1692007][trace][gc,age      ] GC(330) - age  10:       5056 bytes,      14944 total
[2025-08-21T01:04:36.408+0000][1692007][info ][gc,heap     ] GC(330) Eden regions: 75->0(75)
[2025-08-21T01:04:36.408+0000][1692007][info ][gc,heap     ] GC(330) Survivor regions: 1->1(10)
[2025-08-21T01:04:36.408+0000][1692007][info ][gc,heap     ] GC(330) Old regions: 23->23
[2025-08-21T01:04:36.408+0000][1692007][info ][gc,heap     ] GC(330) Humongous regions: 0->0
[2025-08-21T01:04:36.408+0000][1692007][info ][gc,metaspace] GC(330) Metaspace: 141950K(147968K)->141950K(147968K) NonClass: 123135K(126720K)->123135K(126720K) Class: 18815K(21248K)->18815K(21248K)
[2025-08-21T01:04:36.408+0000][1692007][info ][gc          ] GC(330) Pause Young (Normal) (G1 Evacuation Pause) 391M->91M(512M) 1.954ms
[2025-08-21T01:04:36.408+0000][1692007][info ][gc,cpu      ] GC(330) User=0.00s Sys=0.00s Real=0.00s
[2025-08-21T01:04:36.408+0000][1692007][info ][safepoint   ] Safepoint "G1CollectForAllocation", Time since last: 705826618601 ns, Reaching safepoint: 7111 ns, Cleanup: 2964 ns, At safepoint: 1985158 ns, Total: 1995233 ns
[2025-08-21T01:16:21.473+0000][1692007][info ][gc,start    ] GC(331) Pause Young (Normal) (G1 Evacuation Pause)
[2025-08-21T01:16:21.473+0000][1692007][info ][gc,task     ] GC(331) Using 1 workers of 1 for evacuation
[2025-08-21T01:16:21.473+0000][1692007][debug][gc,age      ] GC(331) Desired survivor size 20971520 bytes, new threshold 15 (max threshold 15)
[2025-08-21T01:16:21.474+0000][1692007][info ][gc,phases   ] GC(331)   Pre Evacuate Collection Set: 0.0ms
[2025-08-21T01:16:21.474+0000][1692007][info ][gc,phases   ] GC(331)   Merge Heap Roots: 0.0ms
[2025-08-21T01:16:21.474+0000][1692007][info ][gc,phases   ] GC(331)   Evacuate Collection Set: 0.6ms
[2025-08-21T01:16:21.474+0000][1692007][info ][gc,phases   ] GC(331)   Post Evacuate Collection Set: 0.8ms
[2025-08-21T01:16:21.474+0000][1692007][info ][gc,phases   ] GC(331)   Other: 0.0ms
[2025-08-21T01:16:21.474+0000][1692007][trace][gc,age      ] GC(331) Age table with threshold 15 (max threshold 15)
[2025-08-21T01:16:21.474+0000][1692007][trace][gc,age      ] GC(331) - age   1:      11232 bytes,      11232 total
[2025-08-21T01:16:21.474+0000][1692007][trace][gc,age      ] GC(331) - age   2:        216 bytes,      11448 total
[2025-08-21T01:16:21.474+0000][1692007][trace][gc,age      ] GC(331) - age   3:        176 bytes,      11624 total
[2025-08-21T01:16:21.474+0000][1692007][trace][gc,age      ] GC(331) - age  11:       5056 bytes,      16680 total
[2025-08-21T01:16:21.474+0000][1692007][info ][gc,heap     ] GC(331) Eden regions: 75->0(75)
[2025-08-21T01:16:21.474+0000][1692007][info ][gc,heap     ] GC(331) Survivor regions: 1->1(10)
[2025-08-21T01:16:21.474+0000][1692007][info ][gc,heap     ] GC(331) Old regions: 23->23
[2025-08-21T01:16:21.474+0000][1692007][info ][gc,heap     ] GC(331) Humongous regions: 0->0
[2025-08-21T01:16:21.474+0000][1692007][info ][gc,metaspace] GC(331) Metaspace: 141950K(147968K)->141950K(147968K) NonClass: 123135K(126720K)->123135K(126720K) Class: 18815K(21248K)->18815K(21248K)
[2025-08-21T01:16:21.474+0000][1692007][info ][gc          ] GC(331) Pause Young (Normal) (G1 Evacuation Pause) 391M->91M(512M) 1.809ms
[2025-08-21T01:16:21.474+0000][1692007][info ][gc,cpu      ] GC(331) User=0.00s Sys=0.00s Real=0.00s
[2025-08-21T01:16:21.474+0000][1692007][info ][safepoint   ] Safepoint "G1CollectForAllocation", Time since last: 705065013300 ns, Reaching safepoint: 8863 ns, Cleanup: 2955 ns, At safepoint: 1841360 ns, Total: 1853178 ns
[2025-08-21T01:28:07.053+0000][1692007][info ][gc,start    ] GC(332) Pause Young (Normal) (G1 Evacuation Pause)
[2025-08-21T01:28:07.053+0000][1692007][info ][gc,task     ] GC(332) Using 1 workers of 1 for evacuation
[2025-08-21T01:28:07.053+0000][1692007][debug][gc,age      ] GC(332) Desired survivor size 20971520 bytes, new threshold 15 (max threshold 15)
[2025-08-21T01:28:07.056+0000][1692007][info ][gc,phases   ] GC(332)   Pre Evacuate Collection Set: 0.1ms
[2025-08-21T01:28:07.056+0000][1692007][info ][gc,phases   ] GC(332)   Merge Heap Roots: 0.0ms
[2025-08-21T01:28:07.056+0000][1692007][info ][gc,phases   ] GC(332)   Evacuate Collection Set: 0.6ms
[2025-08-21T01:28:07.056+0000][1692007][info ][gc,phases   ] GC(332)   Post Evacuate Collection Set: 1.4ms
[2025-08-21T01:28:07.056+0000][1692007][info ][gc,phases   ] GC(332)   Other: 0.0ms
[2025-08-21T01:28:07.056+0000][1692007][trace][gc,age      ] GC(332) Age table with threshold 15 (max threshold 15)
[2025-08-21T01:28:07.056+0000][1692007][trace][gc,age      ] GC(332) - age   1:      11048 bytes,      11048 total
[2025-08-21T01:28:07.056+0000][1692007][trace][gc,age      ] GC(332) - age   3:        216 bytes,      11264 total
[2025-08-21T01:28:07.056+0000][1692007][trace][gc,age      ] GC(332) - age   4:        176 bytes,      11440 total
[2025-08-21T01:28:07.056+0000][1692007][trace][gc,age      ] GC(332) - age  12:       5056 bytes,      16496 total
[2025-08-21T01:28:07.056+0000][1692007][info ][gc,heap     ] GC(332) Eden regions: 75->0(75)
[2025-08-21T01:28:07.056+0000][1692007][info ][gc,heap     ] GC(332) Survivor regions: 1->1(10)
[2025-08-21T01:28:07.056+0000][1692007][info ][gc,heap     ] GC(332) Old regions: 23->23
[2025-08-21T01:28:07.056+0000][1692007][info ][gc,heap     ] GC(332) Humongous regions: 0->0
[2025-08-21T01:28:07.056+0000][1692007][info ][gc,metaspace] GC(332) Metaspace: 141950K(147968K)->141950K(147968K) NonClass: 123135K(126720K)->123135K(126720K) Class: 18815K(21248K)->18815K(21248K)
[2025-08-21T01:28:07.056+0000][1692007][info ][gc          ] GC(332) Pause Young (Normal) (G1 Evacuation Pause) 391M->91M(512M) 2.441ms
[2025-08-21T01:28:07.056+0000][1692007][info ][gc,cpu      ] GC(332) User=0.00s Sys=0.00s Real=0.01s
[2025-08-21T01:28:07.056+0000][1692007][info ][safepoint   ] Safepoint "G1CollectForAllocation", Time since last: 705578775714 ns, Reaching safepoint: 7131 ns, Cleanup: 2634 ns, At safepoint: 2473585 ns, Total: 2483350 ns
[2025-08-21T01:31:42.070+0000][1692007][info ][safepoint   ] Safepoint "Cleanup", Time since last: 215014488448 ns, Reaching safepoint: 36084 ns, Cleanup: 10696 ns, At safepoint: 2514 ns, Total: 49294 ns
[2025-08-21T01:34:12.080+0000][1692007][info ][safepoint   ] Safepoint "Cleanup", Time since last: 150009253620 ns, Reaching safepoint: 6891 ns, Cleanup: 14241 ns, At safepoint: 2093 ns, Total: 23225 ns
[2025-08-21T01:34:28.081+0000][1692007][info ][safepoint   ] Safepoint "Cleanup", Time since last: 16001271924 ns, Reaching safepoint: 47472 ns, Cleanup: 11016 ns, At safepoint: 2244 ns, Total: 60732 ns
[2025-08-21T01:39:50.648+0000][1692007][info ][gc,start    ] GC(333) Pause Young (Normal) (G1 Evacuation Pause)
[2025-08-21T01:39:50.649+0000][1692007][info ][gc,task     ] GC(333) Using 1 workers of 1 for evacuation
[2025-08-21T01:39:50.649+0000][1692007][debug][gc,age      ] GC(333) Desired survivor size 20971520 bytes, new threshold 15 (max threshold 15)
[2025-08-21T01:39:50.650+0000][1692007][info ][gc,phases   ] GC(333)   Pre Evacuate Collection Set: 0.0ms
[2025-08-21T01:39:50.650+0000][1692007][info ][gc,phases   ] GC(333)   Merge Heap Roots: 0.0ms
[2025-08-21T01:39:50.650+0000][1692007][info ][gc,phases   ] GC(333)   Evacuate Collection Set: 0.7ms
[2025-08-21T01:39:50.650+0000][1692007][info ][gc,phases   ] GC(333)   Post Evacuate Collection Set: 0.8ms
[2025-08-21T01:39:50.650+0000][1692007][info ][gc,phases   ] GC(333)   Other: 0.0ms
[2025-08-21T01:39:50.650+0000][1692007][trace][gc,age      ] GC(333) Age table with threshold 15 (max threshold 15)
[2025-08-21T01:39:50.650+0000][1692007][trace][gc,age      ] GC(333) - age   1:      44728 bytes,      44728 total
[2025-08-21T01:39:50.650+0000][1692007][trace][gc,age      ] GC(333) - age   4:        216 bytes,      44944 total
[2025-08-21T01:39:50.650+0000][1692007][trace][gc,age      ] GC(333) - age   5:        176 bytes,      45120 total
[2025-08-21T01:39:50.650+0000][1692007][trace][gc,age      ] GC(333) - age  13:       5056 bytes,      50176 total
[2025-08-21T01:39:50.650+0000][1692007][info ][gc,heap     ] GC(333) Eden regions: 75->0(75)
[2025-08-21T01:39:50.650+0000][1692007][info ][gc,heap     ] GC(333) Survivor regions: 1->1(10)
[2025-08-21T01:39:50.650+0000][1692007][info ][gc,heap     ] GC(333) Old regions: 23->23
[2025-08-21T01:39:50.650+0000][1692007][info ][gc,heap     ] GC(333) Humongous regions: 0->0
[2025-08-21T01:39:50.650+0000][1692007][info ][gc,metaspace] GC(333) Metaspace: 141951K(147968K)->141951K(147968K) NonClass: 123136K(126720K)->123136K(126720K) Class: 18815K(21248K)->18815K(21248K)
[2025-08-21T01:39:50.650+0000][1692007][info ][gc          ] GC(333) Pause Young (Normal) (G1 Evacuation Pause) 391M->91M(512M) 2.059ms
[2025-08-21T01:39:50.650+0000][1692007][info ][gc,cpu      ] GC(333) User=0.00s Sys=0.00s Real=0.00s
[2025-08-21T01:39:50.650+0000][1692007][info ][safepoint   ] Safepoint "G1CollectForAllocation", Time since last: 322567494732 ns, Reaching safepoint: 8833 ns, Cleanup: 3406 ns, At safepoint: 2098098 ns, Total: 2110337 ns
[2025-08-21T01:51:37.120+0000][1692007][info ][gc,start    ] GC(334) Pause Young (Normal) (G1 Evacuation Pause)
[2025-08-21T01:51:37.120+0000][1692007][info ][gc,task     ] GC(334) Using 1 workers of 1 for evacuation
[2025-08-21T01:51:37.120+0000][1692007][debug][gc,age      ] GC(334) Desired survivor size 20971520 bytes, new threshold 15 (max threshold 15)
[2025-08-21T01:51:37.122+0000][1692007][info ][gc,phases   ] GC(334)   Pre Evacuate Collection Set: 0.0ms
[2025-08-21T01:51:37.122+0000][1692007][info ][gc,phases   ] GC(334)   Merge Heap Roots: 0.0ms
[2025-08-21T01:51:37.122+0000][1692007][info ][gc,phases   ] GC(334)   Evacuate Collection Set: 0.7ms
[2025-08-21T01:51:37.122+0000][1692007][info ][gc,phases   ] GC(334)   Post Evacuate Collection Set: 0.8ms
[2025-08-21T01:51:37.122+0000][1692007][info ][gc,phases   ] GC(334)   Other: 0.0ms
[2025-08-21T01:51:37.122+0000][1692007][trace][gc,age      ] GC(334) Age table with threshold 15 (max threshold 15)
[2025-08-21T01:51:37.122+0000][1692007][trace][gc,age      ] GC(334) - age   1:       9952 bytes,       9952 total
[2025-08-21T01:51:37.122+0000][1692007][trace][gc,age      ] GC(334) - age   2:       2560 bytes,      12512 total
[2025-08-21T01:51:37.122+0000][1692007][trace][gc,age      ] GC(334) - age   5:        216 bytes,      12728 total
[2025-08-21T01:51:37.122+0000][1692007][trace][gc,age      ] GC(334) - age  14:       5056 bytes,      17784 total
[2025-08-21T01:51:37.122+0000][1692007][info ][gc,heap     ] GC(334) Eden regions: 75->0(75)
[2025-08-21T01:51:37.122+0000][1692007][info ][gc,heap     ] GC(334) Survivor regions: 1->1(10)
[2025-08-21T01:51:37.122+0000][1692007][info ][gc,heap     ] GC(334) Old regions: 23->23
[2025-08-21T01:51:37.122+0000][1692007][info ][gc,heap     ] GC(334) Humongous regions: 0->0
[2025-08-21T01:51:37.122+0000][1692007][info ][gc,metaspace] GC(334) Metaspace: 141951K(147968K)->141951K(147968K) NonClass: 123136K(126720K)->123136K(126720K) Class: 18815K(21248K)->18815K(21248K)
[2025-08-21T01:51:37.122+0000][1692007][info ][gc          ] GC(334) Pause Young (Normal) (G1 Evacuation Pause) 391M->91M(512M) 2.070ms
[2025-08-21T01:51:37.122+0000][1692007][info ][gc,cpu      ] GC(334) User=0.00s Sys=0.00s Real=0.00s
[2025-08-21T01:51:37.122+0000][1692007][info ][safepoint   ] Safepoint "G1CollectForAllocation", Time since last: 706469031514 ns, Reaching safepoint: 7831 ns, Cleanup: 3496 ns, At safepoint: 2110607 ns, Total: 2121934 ns
[2025-08-21T02:03:23.471+0000][1692007][info ][gc,start    ] GC(335) Pause Young (Normal) (G1 Evacuation Pause)
[2025-08-21T02:03:23.471+0000][1692007][info ][gc,task     ] GC(335) Using 1 workers of 1 for evacuation
[2025-08-21T02:03:23.471+0000][1692007][debug][gc,age      ] GC(335) Desired survivor size 20971520 bytes, new threshold 15 (max threshold 15)
[2025-08-21T02:03:23.473+0000][1692007][info ][gc,phases   ] GC(335)   Pre Evacuate Collection Set: 0.0ms
[2025-08-21T02:03:23.473+0000][1692007][info ][gc,phases   ] GC(335)   Merge Heap Roots: 0.0ms
[2025-08-21T02:03:23.473+0000][1692007][info ][gc,phases   ] GC(335)   Evacuate Collection Set: 0.7ms
[2025-08-21T02:03:23.473+0000][1692007][info ][gc,phases   ] GC(335)   Post Evacuate Collection Set: 0.8ms
[2025-08-21T02:03:23.473+0000][1692007][info ][gc,phases   ] GC(335)   Other: 0.0ms
[2025-08-21T02:03:23.473+0000][1692007][trace][gc,age      ] GC(335) Age table with threshold 15 (max threshold 15)
[2025-08-21T02:03:23.473+0000][1692007][trace][gc,age      ] GC(335) - age   1:      10672 bytes,      10672 total
[2025-08-21T02:03:23.473+0000][1692007][trace][gc,age      ] GC(335) - age   2:        528 bytes,      11200 total
[2025-08-21T02:03:23.473+0000][1692007][trace][gc,age      ] GC(335) - age   3:       2560 bytes,      13760 total
[2025-08-21T02:03:23.473+0000][1692007][trace][gc,age      ] GC(335) - age   6:        216 bytes,      13976 total
[2025-08-21T02:03:23.473+0000][1692007][trace][gc,age      ] GC(335) - age  15:       5056 bytes,      19032 total
[2025-08-21T02:03:23.473+0000][1692007][info ][gc,heap     ] GC(335) Eden regions: 75->0(75)
[2025-08-21T02:03:23.473+0000][1692007][info ][gc,heap     ] GC(335) Survivor regions: 1->1(10)
[2025-08-21T02:03:23.473+0000][1692007][info ][gc,heap     ] GC(335) Old regions: 23->23
[2025-08-21T02:03:23.473+0000][1692007][info ][gc,heap     ] GC(335) Humongous regions: 0->0
[2025-08-21T02:03:23.473+0000][1692007][info ][gc,metaspace] GC(335) Metaspace: 141951K(147968K)->141951K(147968K) NonClass: 123136K(126720K)->123136K(126720K) Class: 18815K(21248K)->18815K(21248K)
[2025-08-21T02:03:23.473+0000][1692007][info ][gc          ] GC(335) Pause Young (Normal) (G1 Evacuation Pause) 391M->91M(512M) 1.727ms
[2025-08-21T02:03:23.473+0000][1692007][info ][gc,cpu      ] GC(335) User=0.00s Sys=0.01s Real=0.00s
[2025-08-21T02:03:23.473+0000][1692007][info ][safepoint   ] Safepoint "G1CollectForAllocation", Time since last: 706349543161 ns, Reaching safepoint: 7071 ns, Cleanup: 2453 ns, At safepoint: 1758706 ns, Total: 1768230 ns
[2025-08-21T02:15:08.843+0000][1692007][info ][gc,start    ] GC(336) Pause Young (Normal) (G1 Evacuation Pause)
[2025-08-21T02:15:08.844+0000][1692007][info ][gc,task     ] GC(336) Using 1 workers of 1 for evacuation
[2025-08-21T02:15:08.844+0000][1692007][debug][gc,age      ] GC(336) Desired survivor size 20971520 bytes, new threshold 15 (max threshold 15)
[2025-08-21T02:15:08.845+0000][1692007][info ][gc,phases   ] GC(336)   Pre Evacuate Collection Set: 0.0ms
[2025-08-21T02:15:08.845+0000][1692007][info ][gc,phases   ] GC(336)   Merge Heap Roots: 0.0ms
[2025-08-21T02:15:08.845+0000][1692007][info ][gc,phases   ] GC(336)   Evacuate Collection Set: 0.7ms
[2025-08-21T02:15:08.845+0000][1692007][info ][gc,phases   ] GC(336)   Post Evacuate Collection Set: 0.7ms
[2025-08-21T02:15:08.845+0000][1692007][info ][gc,phases   ] GC(336)   Other: 0.0ms
[2025-08-21T02:15:08.845+0000][1692007][trace][gc,age      ] GC(336) Age table with threshold 15 (max threshold 15)
[2025-08-21T02:15:08.845+0000][1692007][trace][gc,age      ] GC(336) - age   1:      11024 bytes,      11024 total
[2025-08-21T02:15:08.845+0000][1692007][trace][gc,age      ] GC(336) - age   3:        176 bytes,      11200 total
[2025-08-21T02:15:08.845+0000][1692007][trace][gc,age      ] GC(336) - age   4:       2560 bytes,      13760 total
[2025-08-21T02:15:08.845+0000][1692007][trace][gc,age      ] GC(336) - age   7:        216 bytes,      13976 total
[2025-08-21T02:15:08.845+0000][1692007][info ][gc,heap     ] GC(336) Eden regions: 75->0(75)
[2025-08-21T02:15:08.845+0000][1692007][info ][gc,heap     ] GC(336) Survivor regions: 1->1(10)
[2025-08-21T02:15:08.845+0000][1692007][info ][gc,heap     ] GC(336) Old regions: 23->23
[2025-08-21T02:15:08.845+0000][1692007][info ][gc,heap     ] GC(336) Humongous regions: 0->0
[2025-08-21T02:15:08.845+0000][1692007][info ][gc,metaspace] GC(336) Metaspace: 141951K(147968K)->141951K(147968K) NonClass: 123136K(126720K)->123136K(126720K) Class: 18815K(21248K)->18815K(21248K)
[2025-08-21T02:15:08.845+0000][1692007][info ][gc          ] GC(336) Pause Young (Normal) (G1 Evacuation Pause) 391M->91M(512M) 1.811ms
[2025-08-21T02:15:08.845+0000][1692007][info ][gc,cpu      ] GC(336) User=0.00s Sys=0.00s Real=0.00s
[2025-08-21T02:15:08.845+0000][1692007][info ][safepoint   ] Safepoint "G1CollectForAllocation", Time since last: 705370535658 ns, Reaching safepoint: 7561 ns, Cleanup: 2634 ns, At safepoint: 1845217 ns, Total: 1855412 ns
[2025-08-21T02:26:49.216+0000][1692007][info ][gc,start    ] GC(337) Pause Young (Normal) (G1 Evacuation Pause)
[2025-08-21T02:26:49.217+0000][1692007][info ][gc,task     ] GC(337) Using 1 workers of 1 for evacuation
[2025-08-21T02:26:49.217+0000][1692007][debug][gc,age      ] GC(337) Desired survivor size 20971520 bytes, new threshold 15 (max threshold 15)
[2025-08-21T02:26:49.218+0000][1692007][info ][gc,phases   ] GC(337)   Pre Evacuate Collection Set: 0.0ms
[2025-08-21T02:26:49.218+0000][1692007][info ][gc,phases   ] GC(337)   Merge Heap Roots: 0.0ms
[2025-08-21T02:26:49.218+0000][1692007][info ][gc,phases   ] GC(337)   Evacuate Collection Set: 0.6ms
[2025-08-21T02:26:49.218+0000][1692007][info ][gc,phases   ] GC(337)   Post Evacuate Collection Set: 0.8ms
[2025-08-21T02:26:49.218+0000][1692007][info ][gc,phases   ] GC(337)   Other: 0.0ms
[2025-08-21T02:26:49.218+0000][1692007][trace][gc,age      ] GC(337) Age table with threshold 15 (max threshold 15)
[2025-08-21T02:26:49.218+0000][1692007][trace][gc,age      ] GC(337) - age   1:      11192 bytes,      11192 total
[2025-08-21T02:26:49.218+0000][1692007][trace][gc,age      ] GC(337) - age   4:        176 bytes,      11368 total
[2025-08-21T02:26:49.218+0000][1692007][trace][gc,age      ] GC(337) - age   5:       2560 bytes,      13928 total
[2025-08-21T02:26:49.218+0000][1692007][trace][gc,age      ] GC(337) - age   8:        216 bytes,      14144 total
[2025-08-21T02:26:49.218+0000][1692007][info ][gc,heap     ] GC(337) Eden regions: 75->0(75)
[2025-08-21T02:26:49.218+0000][1692007][info ][gc,heap     ] GC(337) Survivor regions: 1->1(10)
[2025-08-21T02:26:49.218+0000][1692007][info ][gc,heap     ] GC(337) Old regions: 23->23
[2025-08-21T02:26:49.218+0000][1692007][info ][gc,heap     ] GC(337) Humongous regions: 0->0
[2025-08-21T02:26:49.218+0000][1692007][info ][gc,metaspace] GC(337) Metaspace: 141951K(147968K)->141951K(147968K) NonClass: 123136K(126720K)->123136K(126720K) Class: 18815K(21248K)->18815K(21248K)
[2025-08-21T02:26:49.218+0000][1692007][info ][gc          ] GC(337) Pause Young (Normal) (G1 Evacuation Pause) 391M->91M(512M) 1.696ms
[2025-08-21T02:26:49.218+0000][1692007][info ][gc,cpu      ] GC(337) User=0.01s Sys=0.00s Real=0.00s
[2025-08-21T02:26:49.218+0000][1692007][info ][safepoint   ] Safepoint "G1CollectForAllocation", Time since last: 700371131102 ns, Reaching safepoint: 7091 ns, Cleanup: 2554 ns, At safepoint: 1727689 ns, Total: 1737334 ns
[2025-08-21T02:38:34.594+0000][1692007][info ][gc,start    ] GC(338) Pause Young (Normal) (G1 Evacuation Pause)
[2025-08-21T02:38:34.595+0000][1692007][info ][gc,task     ] GC(338) Using 1 workers of 1 for evacuation
[2025-08-21T02:38:34.595+0000][1692007][debug][gc,age      ] GC(338) Desired survivor size 20971520 bytes, new threshold 15 (max threshold 15)
[2025-08-21T02:38:34.596+0000][1692007][info ][gc,phases   ] GC(338)   Pre Evacuate Collection Set: 0.0ms
[2025-08-21T02:38:34.596+0000][1692007][info ][gc,phases   ] GC(338)   Merge Heap Roots: 0.0ms
[2025-08-21T02:38:34.596+0000][1692007][info ][gc,phases   ] GC(338)   Evacuate Collection Set: 0.6ms
[2025-08-21T02:38:34.596+0000][1692007][info ][gc,phases   ] GC(338)   Post Evacuate Collection Set: 0.7ms
[2025-08-21T02:38:34.596+0000][1692007][info ][gc,phases   ] GC(338)   Other: 0.0ms
[2025-08-21T02:38:34.596+0000][1692007][trace][gc,age      ] GC(338) Age table with threshold 15 (max threshold 15)
[2025-08-21T02:38:34.596+0000][1692007][trace][gc,age      ] GC(338) - age   1:      11024 bytes,      11024 total
[2025-08-21T02:38:34.596+0000][1692007][trace][gc,age      ] GC(338) - age   2:        168 bytes,      11192 total
[2025-08-21T02:38:34.596+0000][1692007][trace][gc,age      ] GC(338) - age   5:        176 bytes,      11368 total
[2025-08-21T02:38:34.596+0000][1692007][trace][gc,age      ] GC(338) - age   6:       2560 bytes,      13928 total
[2025-08-21T02:38:34.596+0000][1692007][trace][gc,age      ] GC(338) - age   9:        216 bytes,      14144 total
[2025-08-21T02:38:34.596+0000][1692007][info ][gc,heap     ] GC(338) Eden regions: 75->0(75)
[2025-08-21T02:38:34.596+0000][1692007][info ][gc,heap     ] GC(338) Survivor regions: 1->1(10)
[2025-08-21T02:38:34.596+0000][1692007][info ][gc,heap     ] GC(338) Old regions: 23->23
[2025-08-21T02:38:34.596+0000][1692007][info ][gc,heap     ] GC(338) Humongous regions: 0->0
[2025-08-21T02:38:34.596+0000][1692007][info ][gc,metaspace] GC(338) Metaspace: 141951K(147968K)->141951K(147968K) NonClass: 123136K(126720K)->123136K(126720K) Class: 18815K(21248K)->18815K(21248K)
[2025-08-21T02:38:34.596+0000][1692007][info ][gc          ] GC(338) Pause Young (Normal) (G1 Evacuation Pause) 391M->91M(512M) 1.691ms
[2025-08-21T02:38:34.596+0000][1692007][info ][gc,cpu      ] GC(338) User=0.00s Sys=0.00s Real=0.01s
[2025-08-21T02:38:34.596+0000][1692007][info ][safepoint   ] Safepoint "G1CollectForAllocation", Time since last: 705376236349 ns, Reaching safepoint: 7291 ns, Cleanup: 2674 ns, At safepoint: 1723572 ns, Total: 1733537 ns
[2025-08-21T02:50:19.295+0000][1692007][info ][gc,start    ] GC(339) Pause Young (Normal) (G1 Evacuation Pause)
[2025-08-21T02:50:19.296+0000][1692007][info ][gc,task     ] GC(339) Using 1 workers of 1 for evacuation
[2025-08-21T02:50:19.296+0000][1692007][debug][gc,age      ] GC(339) Desired survivor size 20971520 bytes, new threshold 15 (max threshold 15)
[2025-08-21T02:50:19.297+0000][1692007][info ][gc,phases   ] GC(339)   Pre Evacuate Collection Set: 0.0ms
[2025-08-21T02:50:19.297+0000][1692007][info ][gc,phases   ] GC(339)   Merge Heap Roots: 0.0ms
[2025-08-21T02:50:19.297+0000][1692007][info ][gc,phases   ] GC(339)   Evacuate Collection Set: 0.8ms
[2025-08-21T02:50:19.297+0000][1692007][info ][gc,phases   ] GC(339)   Post Evacuate Collection Set: 0.7ms
[2025-08-21T02:50:19.297+0000][1692007][info ][gc,phases   ] GC(339)   Other: 0.0ms
[2025-08-21T02:50:19.297+0000][1692007][trace][gc,age      ] GC(339) Age table with threshold 15 (max threshold 15)
[2025-08-21T02:50:19.297+0000][1692007][trace][gc,age      ] GC(339) - age   1:      80032 bytes,      80032 total
[2025-08-21T02:50:19.297+0000][1692007][trace][gc,age      ] GC(339) - age   2:        352 bytes,      80384 total
[2025-08-21T02:50:19.297+0000][1692007][trace][gc,age      ] GC(339) - age   3:        168 bytes,      80552 total
[2025-08-21T02:50:19.298+0000][1692007][trace][gc,age      ] GC(339) - age   6:        176 bytes,      80728 total
[2025-08-21T02:50:19.298+0000][1692007][trace][gc,age      ] GC(339) - age   7:       2560 bytes,      83288 total
[2025-08-21T02:50:19.298+0000][1692007][trace][gc,age      ] GC(339) - age  10:        216 bytes,      83504 total
[2025-08-21T02:50:19.298+0000][1692007][info ][gc,heap     ] GC(339) Eden regions: 75->0(75)
[2025-08-21T02:50:19.298+0000][1692007][info ][gc,heap     ] GC(339) Survivor regions: 1->1(10)
[2025-08-21T02:50:19.298+0000][1692007][info ][gc,heap     ] GC(339) Old regions: 23->23
[2025-08-21T02:50:19.298+0000][1692007][info ][gc,heap     ] GC(339) Humongous regions: 0->0
[2025-08-21T02:50:19.298+0000][1692007][info ][gc,metaspace] GC(339) Metaspace: 141951K(147968K)->141951K(147968K) NonClass: 123136K(126720K)->123136K(126720K) Class: 18815K(21248K)->18815K(21248K)
[2025-08-21T02:50:19.298+0000][1692007][info ][gc          ] GC(339) Pause Young (Normal) (G1 Evacuation Pause) 391M->91M(512M) 2.104ms
[2025-08-21T02:50:19.298+0000][1692007][info ][gc,cpu      ] GC(339) User=0.00s Sys=0.00s Real=0.00s
[2025-08-21T02:50:19.298+0000][1692007][info ][safepoint   ] Safepoint "G1CollectForAllocation", Time since last: 704698890606 ns, Reaching safepoint: 386344 ns, Cleanup: 3585 ns, At safepoint: 2137358 ns, Total: 2527287 ns
[2025-08-21T03:02:05.041+0000][1692007][info ][gc,start    ] GC(340) Pause Young (Normal) (G1 Evacuation Pause)
[2025-08-21T03:02:05.042+0000][1692007][info ][gc,task     ] GC(340) Using 1 workers of 1 for evacuation
[2025-08-21T03:02:05.042+0000][1692007][debug][gc,age      ] GC(340) Desired survivor size 20971520 bytes, new threshold 15 (max threshold 15)
[2025-08-21T03:02:05.043+0000][1692007][info ][gc,phases   ] GC(340)   Pre Evacuate Collection Set: 0.0ms
[2025-08-21T03:02:05.043+0000][1692007][info ][gc,phases   ] GC(340)   Merge Heap Roots: 0.0ms
[2025-08-21T03:02:05.043+0000][1692007][info ][gc,phases   ] GC(340)   Evacuate Collection Set: 0.6ms
[2025-08-21T03:02:05.043+0000][1692007][info ][gc,phases   ] GC(340)   Post Evacuate Collection Set: 0.8ms
[2025-08-21T03:02:05.044+0000][1692007][info ][gc,phases   ] GC(340)   Other: 0.0ms
[2025-08-21T03:02:05.044+0000][1692007][trace][gc,age      ] GC(340) Age table with threshold 15 (max threshold 15)
[2025-08-21T03:02:05.044+0000][1692007][trace][gc,age      ] GC(340) - age   1:       9744 bytes,       9744 total
[2025-08-21T03:02:05.044+0000][1692007][trace][gc,age      ] GC(340) - age   4:        168 bytes,       9912 total
[2025-08-21T03:02:05.044+0000][1692007][trace][gc,age      ] GC(340) - age   8:       2560 bytes,      12472 total
[2025-08-21T03:02:05.044+0000][1692007][trace][gc,age      ] GC(340) - age  11:        216 bytes,      12688 total
[2025-08-21T03:02:05.044+0000][1692007][info ][gc,heap     ] GC(340) Eden regions: 75->0(75)
[2025-08-21T03:02:05.044+0000][1692007][info ][gc,heap     ] GC(340) Survivor regions: 1->1(10)
[2025-08-21T03:02:05.044+0000][1692007][info ][gc,heap     ] GC(340) Old regions: 23->23
[2025-08-21T03:02:05.044+0000][1692007][info ][gc,heap     ] GC(340) Humongous regions: 0->0
[2025-08-21T03:02:05.044+0000][1692007][info ][gc,metaspace] GC(340) Metaspace: 141953K(147968K)->141953K(147968K) NonClass: 123138K(126720K)->123138K(126720K) Class: 18815K(21248K)->18815K(21248K)
[2025-08-21T03:02:05.044+0000][1692007][info ][gc          ] GC(340) Pause Young (Normal) (G1 Evacuation Pause) 391M->91M(512M) 2.099ms
[2025-08-21T03:02:05.044+0000][1692007][info ][gc,cpu      ] GC(340) User=0.01s Sys=0.00s Real=0.00s
[2025-08-21T03:02:05.044+0000][1692007][info ][safepoint   ] Safepoint "G1CollectForAllocation", Time since last: 705743860618 ns, Reaching safepoint: 7912 ns, Cleanup: 3535 ns, At safepoint: 2131329 ns, Total: 2142776 ns
[2025-08-21T03:13:45.872+0000][1692007][info ][gc,start    ] GC(341) Pause Young (Normal) (G1 Evacuation Pause)
[2025-08-21T03:13:45.872+0000][1692007][info ][gc,task     ] GC(341) Using 1 workers of 1 for evacuation
[2025-08-21T03:13:45.872+0000][1692007][debug][gc,age      ] GC(341) Desired survivor size 20971520 bytes, new threshold 15 (max threshold 15)
[2025-08-21T03:13:45.874+0000][1692007][info ][gc,phases   ] GC(341)   Pre Evacuate Collection Set: 0.0ms
[2025-08-21T03:13:45.874+0000][1692007][info ][gc,phases   ] GC(341)   Merge Heap Roots: 0.0ms
[2025-08-21T03:13:45.874+0000][1692007][info ][gc,phases   ] GC(341)   Evacuate Collection Set: 0.7ms
[2025-08-21T03:13:45.874+0000][1692007][info ][gc,phases   ] GC(341)   Post Evacuate Collection Set: 0.8ms
[2025-08-21T03:13:45.874+0000][1692007][info ][gc,phases   ] GC(341)   Other: 0.0ms
[2025-08-21T03:13:45.874+0000][1692007][trace][gc,age      ] GC(341) Age table with threshold 15 (max threshold 15)
[2025-08-21T03:13:45.874+0000][1692007][trace][gc,age      ] GC(341) - age   1:      11024 bytes,      11024 total
[2025-08-21T03:13:45.874+0000][1692007][trace][gc,age      ] GC(341) - age   2:        248 bytes,      11272 total
[2025-08-21T03:13:45.874+0000][1692007][trace][gc,age      ] GC(341) - age   5:        168 bytes,      11440 total
[2025-08-21T03:13:45.874+0000][1692007][trace][gc,age      ] GC(341) - age   9:       2560 bytes,      14000 total
[2025-08-21T03:13:45.874+0000][1692007][trace][gc,age      ] GC(341) - age  12:        216 bytes,      14216 total
[2025-08-21T03:13:45.874+0000][1692007][info ][gc,heap     ] GC(341) Eden regions: 75->0(75)
[2025-08-21T03:13:45.874+0000][1692007][info ][gc,heap     ] GC(341) Survivor regions: 1->1(10)
[2025-08-21T03:13:45.874+0000][1692007][info ][gc,heap     ] GC(341) Old regions: 23->23
[2025-08-21T03:13:45.874+0000][1692007][info ][gc,heap     ] GC(341) Humongous regions: 0->0
[2025-08-21T03:13:45.874+0000][1692007][info ][gc,metaspace] GC(341) Metaspace: 141953K(147968K)->141953K(147968K) NonClass: 123138K(126720K)->123138K(126720K) Class: 18815K(21248K)->18815K(21248K)
[2025-08-21T03:13:45.874+0000][1692007][info ][gc          ] GC(341) Pause Young (Normal) (G1 Evacuation Pause) 391M->91M(512M) 1.768ms
[2025-08-21T03:13:45.874+0000][1692007][info ][gc,cpu      ] GC(341) User=0.00s Sys=0.00s Real=0.00s
[2025-08-21T03:13:45.874+0000][1692007][info ][safepoint   ] Safepoint "G1CollectForAllocation", Time since last: 700828506176 ns, Reaching safepoint: 9093 ns, Cleanup: 2935 ns, At safepoint: 1801250 ns, Total: 1813278 ns
[2025-08-21T03:25:31.409+0000][1692007][info ][gc,start    ] GC(342) Pause Young (Normal) (G1 Evacuation Pause)
[2025-08-21T03:25:31.409+0000][1692007][info ][gc,task     ] GC(342) Using 1 workers of 1 for evacuation
[2025-08-21T03:25:31.409+0000][1692007][debug][gc,age      ] GC(342) Desired survivor size 20971520 bytes, new threshold 15 (max threshold 15)
[2025-08-21T03:25:31.411+0000][1692007][info ][gc,phases   ] GC(342)   Pre Evacuate Collection Set: 0.0ms
[2025-08-21T03:25:31.411+0000][1692007][info ][gc,phases   ] GC(342)   Merge Heap Roots: 0.0ms
[2025-08-21T03:25:31.411+0000][1692007][info ][gc,phases   ] GC(342)   Evacuate Collection Set: 0.7ms
[2025-08-21T03:25:31.411+0000][1692007][info ][gc,phases   ] GC(342)   Post Evacuate Collection Set: 0.7ms
[2025-08-21T03:25:31.411+0000][1692007][info ][gc,phases   ] GC(342)   Other: 0.0ms
[2025-08-21T03:25:31.411+0000][1692007][trace][gc,age      ] GC(342) Age table with threshold 15 (max threshold 15)
[2025-08-21T03:25:31.411+0000][1692007][trace][gc,age      ] GC(342) - age   1:       9504 bytes,       9504 total
[2025-08-21T03:25:31.411+0000][1692007][trace][gc,age      ] GC(342) - age   3:        248 bytes,       9752 total
[2025-08-21T03:25:31.411+0000][1692007][trace][gc,age      ] GC(342) - age   6:        168 bytes,       9920 total
[2025-08-21T03:25:31.411+0000][1692007][trace][gc,age      ] GC(342) - age  10:       2560 bytes,      12480 total
[2025-08-21T03:25:31.411+0000][1692007][trace][gc,age      ] GC(342) - age  13:        216 bytes,      12696 total
[2025-08-21T03:25:31.411+0000][1692007][info ][gc,heap     ] GC(342) Eden regions: 75->0(75)
[2025-08-21T03:25:31.411+0000][1692007][info ][gc,heap     ] GC(342) Survivor regions: 1->1(10)
[2025-08-21T03:25:31.411+0000][1692007][info ][gc,heap     ] GC(342) Old regions: 23->23
[2025-08-21T03:25:31.411+0000][1692007][info ][gc,heap     ] GC(342) Humongous regions: 0->0
[2025-08-21T03:25:31.411+0000][1692007][info ][gc,metaspace] GC(342) Metaspace: 141953K(147968K)->141953K(147968K) NonClass: 123138K(126720K)->123138K(126720K) Class: 18815K(21248K)->18815K(21248K)
[2025-08-21T03:25:31.411+0000][1692007][info ][gc          ] GC(342) Pause Young (Normal) (G1 Evacuation Pause) 391M->91M(512M) 1.704ms
[2025-08-21T03:25:31.411+0000][1692007][info ][gc,cpu      ] GC(342) User=0.00s Sys=0.00s Real=0.00s
[2025-08-21T03:25:31.411+0000][1692007][info ][safepoint   ] Safepoint "G1CollectForAllocation", Time since last: 705535169711 ns, Reaching safepoint: 8833 ns, Cleanup: 2654 ns, At safepoint: 1735631 ns, Total: 1747118 ns
[2025-08-21T03:25:46.412+0000][1692007][info ][safepoint   ] Safepoint "Cleanup", Time since last: 15000874093 ns, Reaching safepoint: 42565 ns, Cleanup: 10746 ns, At safepoint: 4306 ns, Total: 57617 ns
[2025-08-21T03:37:16.786+0000][1692007][info ][gc,start    ] GC(343) Pause Young (Normal) (G1 Evacuation Pause)
[2025-08-21T03:37:16.786+0000][1692007][info ][gc,task     ] GC(343) Using 1 workers of 1 for evacuation
[2025-08-21T03:37:16.786+0000][1692007][debug][gc,age      ] GC(343) Desired survivor size 20971520 bytes, new threshold 15 (max threshold 15)
[2025-08-21T03:37:16.788+0000][1692007][info ][gc,phases   ] GC(343)   Pre Evacuate Collection Set: 0.0ms
[2025-08-21T03:37:16.788+0000][1692007][info ][gc,phases   ] GC(343)   Merge Heap Roots: 0.0ms
[2025-08-21T03:37:16.788+0000][1692007][info ][gc,phases   ] GC(343)   Evacuate Collection Set: 0.7ms
[2025-08-21T03:37:16.788+0000][1692007][info ][gc,phases   ] GC(343)   Post Evacuate Collection Set: 0.8ms
[2025-08-21T03:37:16.788+0000][1692007][info ][gc,phases   ] GC(343)   Other: 0.0ms
[2025-08-21T03:37:16.788+0000][1692007][trace][gc,age      ] GC(343) Age table with threshold 15 (max threshold 15)
[2025-08-21T03:37:16.788+0000][1692007][trace][gc,age      ] GC(343) - age   1:      11056 bytes,      11056 total
[2025-08-21T03:37:16.788+0000][1692007][trace][gc,age      ] GC(343) - age   4:        248 bytes,      11304 total
[2025-08-21T03:37:16.788+0000][1692007][trace][gc,age      ] GC(343) - age   7:        168 bytes,      11472 total
[2025-08-21T03:37:16.788+0000][1692007][trace][gc,age      ] GC(343) - age  11:       2560 bytes,      14032 total
[2025-08-21T03:37:16.788+0000][1692007][trace][gc,age      ] GC(343) - age  14:        216 bytes,      14248 total
[2025-08-21T03:37:16.788+0000][1692007][info ][gc,heap     ] GC(343) Eden regions: 75->0(75)
[2025-08-21T03:37:16.788+0000][1692007][info ][gc,heap     ] GC(343) Survivor regions: 1->1(10)
[2025-08-21T03:37:16.788+0000][1692007][info ][gc,heap     ] GC(343) Old regions: 23->23
[2025-08-21T03:37:16.788+0000][1692007][info ][gc,heap     ] GC(343) Humongous regions: 0->0
[2025-08-21T03:37:16.788+0000][1692007][info ][gc,metaspace] GC(343) Metaspace: 141953K(147968K)->141953K(147968K) NonClass: 123138K(126720K)->123138K(126720K) Class: 18815K(21248K)->18815K(21248K)
[2025-08-21T03:37:16.788+0000][1692007][info ][gc          ] GC(343) Pause Young (Normal) (G1 Evacuation Pause) 391M->91M(512M) 1.694ms
[2025-08-21T03:37:16.788+0000][1692007][info ][gc,cpu      ] GC(343) User=0.00s Sys=0.00s Real=0.00s
[2025-08-21T03:37:16.788+0000][1692007][info ][safepoint   ] Safepoint "G1CollectForAllocation", Time since last: 690374222935 ns, Reaching safepoint: 7341 ns, Cleanup: 2764 ns, At safepoint: 1726307 ns, Total: 1736412 ns
[2025-08-21T03:49:02.365+0000][1692007][info ][gc,start    ] GC(344) Pause Young (Normal) (G1 Evacuation Pause)
[2025-08-21T03:49:02.365+0000][1692007][info ][gc,task     ] GC(344) Using 1 workers of 1 for evacuation
[2025-08-21T03:49:02.365+0000][1692007][debug][gc,age      ] GC(344) Desired survivor size 20971520 bytes, new threshold 15 (max threshold 15)
[2025-08-21T03:49:02.367+0000][1692007][info ][gc,phases   ] GC(344)   Pre Evacuate Collection Set: 0.0ms
[2025-08-21T03:49:02.367+0000][1692007][info ][gc,phases   ] GC(344)   Merge Heap Roots: 0.0ms
[2025-08-21T03:49:02.367+0000][1692007][info ][gc,phases   ] GC(344)   Evacuate Collection Set: 0.7ms
[2025-08-21T03:49:02.367+0000][1692007][info ][gc,phases   ] GC(344)   Post Evacuate Collection Set: 0.8ms
[2025-08-21T03:49:02.367+0000][1692007][info ][gc,phases   ] GC(344)   Other: 0.0ms
[2025-08-21T03:49:02.367+0000][1692007][trace][gc,age      ] GC(344) Age table with threshold 15 (max threshold 15)
[2025-08-21T03:49:02.367+0000][1692007][trace][gc,age      ] GC(344) - age   1:      10704 bytes,      10704 total
[2025-08-21T03:49:02.367+0000][1692007][trace][gc,age      ] GC(344) - age   2:        352 bytes,      11056 total
[2025-08-21T03:49:02.367+0000][1692007][trace][gc,age      ] GC(344) - age   5:        248 bytes,      11304 total
[2025-08-21T03:49:02.367+0000][1692007][trace][gc,age      ] GC(344) - age   8:        168 bytes,      11472 total
[2025-08-21T03:49:02.367+0000][1692007][trace][gc,age      ] GC(344) - age  12:       2560 bytes,      14032 total
[2025-08-21T03:49:02.367+0000][1692007][trace][gc,age      ] GC(344) - age  15:        216 bytes,      14248 total
[2025-08-21T03:49:02.367+0000][1692007][info ][gc,heap     ] GC(344) Eden regions: 75->0(75)
[2025-08-21T03:49:02.367+0000][1692007][info ][gc,heap     ] GC(344) Survivor regions: 1->1(10)
[2025-08-21T03:49:02.367+0000][1692007][info ][gc,heap     ] GC(344) Old regions: 23->23
[2025-08-21T03:49:02.367+0000][1692007][info ][gc,heap     ] GC(344) Humongous regions: 0->0
[2025-08-21T03:49:02.367+0000][1692007][info ][gc,metaspace] GC(344) Metaspace: 141953K(147968K)->141953K(147968K) NonClass: 123138K(126720K)->123138K(126720K) Class: 18815K(21248K)->18815K(21248K)
[2025-08-21T03:49:02.367+0000][1692007][info ][gc          ] GC(344) Pause Young (Normal) (G1 Evacuation Pause) 391M->91M(512M) 1.712ms
[2025-08-21T03:49:02.367+0000][1692007][info ][gc,cpu      ] GC(344) User=0.01s Sys=0.00s Real=0.01s
[2025-08-21T03:49:02.367+0000][1692007][info ][safepoint   ] Safepoint "G1CollectForAllocation", Time since last: 705577418728 ns, Reaching safepoint: 7201 ns, Cleanup: 2503 ns, At safepoint: 1743683 ns, Total: 1753387 ns
[2025-08-21T04:00:42.740+0000][1692007][info ][gc,start    ] GC(345) Pause Young (Normal) (G1 Evacuation Pause)
[2025-08-21T04:00:42.740+0000][1692007][info ][gc,task     ] GC(345) Using 1 workers of 1 for evacuation
[2025-08-21T04:00:42.740+0000][1692007][debug][gc,age      ] GC(345) Desired survivor size 20971520 bytes, new threshold 15 (max threshold 15)
[2025-08-21T04:00:42.742+0000][1692007][info ][gc,phases   ] GC(345)   Pre Evacuate Collection Set: 0.0ms
[2025-08-21T04:00:42.742+0000][1692007][info ][gc,phases   ] GC(345)   Merge Heap Roots: 0.0ms
[2025-08-21T04:00:42.742+0000][1692007][info ][gc,phases   ] GC(345)   Evacuate Collection Set: 0.7ms
[2025-08-21T04:00:42.742+0000][1692007][info ][gc,phases   ] GC(345)   Post Evacuate Collection Set: 0.8ms
[2025-08-21T04:00:42.742+0000][1692007][info ][gc,phases   ] GC(345)   Other: 0.0ms
[2025-08-21T04:00:42.742+0000][1692007][trace][gc,age      ] GC(345) Age table with threshold 15 (max threshold 15)
[2025-08-21T04:00:42.742+0000][1692007][trace][gc,age      ] GC(345) - age   1:      11224 bytes,      11224 total
[2025-08-21T04:00:42.742+0000][1692007][trace][gc,age      ] GC(345) - age   6:         72 bytes,      11296 total
[2025-08-21T04:00:42.742+0000][1692007][trace][gc,age      ] GC(345) - age   9:        168 bytes,      11464 total
[2025-08-21T04:00:42.742+0000][1692007][trace][gc,age      ] GC(345) - age  13:       2560 bytes,      14024 total
[2025-08-21T04:00:42.742+0000][1692007][info ][gc,heap     ] GC(345) Eden regions: 75->0(75)
[2025-08-21T04:00:42.742+0000][1692007][info ][gc,heap     ] GC(345) Survivor regions: 1->1(10)
[2025-08-21T04:00:42.742+0000][1692007][info ][gc,heap     ] GC(345) Old regions: 23->23
[2025-08-21T04:00:42.742+0000][1692007][info ][gc,heap     ] GC(345) Humongous regions: 0->0
[2025-08-21T04:00:42.742+0000][1692007][info ][gc,metaspace] GC(345) Metaspace: 141953K(147968K)->141953K(147968K) NonClass: 123138K(126720K)->123138K(126720K) Class: 18815K(21248K)->18815K(21248K)
[2025-08-21T04:00:42.742+0000][1692007][info ][gc          ] GC(345) Pause Young (Normal) (G1 Evacuation Pause) 391M->91M(512M) 1.704ms
[2025-08-21T04:00:42.742+0000][1692007][info ][gc,cpu      ] GC(345) User=0.00s Sys=0.00s Real=0.00s
[2025-08-21T04:00:42.742+0000][1692007][info ][safepoint   ] Safepoint "G1CollectForAllocation", Time since last: 700373458147 ns, Reaching safepoint: 8803 ns, Cleanup: 2614 ns, At safepoint: 1736352 ns, Total: 1747769 ns
[2025-08-21T04:07:47.767+0000][1692007][info ][safepoint   ] Safepoint "Cleanup", Time since last: 425024664391 ns, Reaching safepoint: 44267 ns, Cleanup: 10786 ns, At safepoint: 4447 ns, Total: 59500 ns
[2025-08-21T04:08:17.769+0000][1692007][info ][safepoint   ] Safepoint "Cleanup", Time since last: 30002107776 ns, Reaching safepoint: 43235 ns, Cleanup: 11307 ns, At safepoint: 6360 ns, Total: 60902 ns
[2025-08-21T04:12:28.118+0000][1692007][info ][gc,start    ] GC(346) Pause Young (Normal) (G1 Evacuation Pause)
[2025-08-21T04:12:28.118+0000][1692007][info ][gc,task     ] GC(346) Using 1 workers of 1 for evacuation
[2025-08-21T04:12:28.118+0000][1692007][debug][gc,age      ] GC(346) Desired survivor size 20971520 bytes, new threshold 15 (max threshold 15)
[2025-08-21T04:12:28.120+0000][1692007][info ][gc,phases   ] GC(346)   Pre Evacuate Collection Set: 0.0ms
[2025-08-21T04:12:28.120+0000][1692007][info ][gc,phases   ] GC(346)   Merge Heap Roots: 0.0ms
[2025-08-21T04:12:28.120+0000][1692007][info ][gc,phases   ] GC(346)   Evacuate Collection Set: 0.7ms
[2025-08-21T04:12:28.120+0000][1692007][info ][gc,phases   ] GC(346)   Post Evacuate Collection Set: 0.8ms
[2025-08-21T04:12:28.120+0000][1692007][info ][gc,phases   ] GC(346)   Other: 0.0ms
[2025-08-21T04:12:28.120+0000][1692007][trace][gc,age      ] GC(346) Age table with threshold 15 (max threshold 15)
[2025-08-21T04:12:28.120+0000][1692007][trace][gc,age      ] GC(346) - age   1:      11048 bytes,      11048 total
[2025-08-21T04:12:28.120+0000][1692007][trace][gc,age      ] GC(346) - age   2:        176 bytes,      11224 total
[2025-08-21T04:12:28.120+0000][1692007][trace][gc,age      ] GC(346) - age   7:         72 bytes,      11296 total
[2025-08-21T04:12:28.120+0000][1692007][trace][gc,age      ] GC(346) - age  10:        168 bytes,      11464 total
[2025-08-21T04:12:28.120+0000][1692007][trace][gc,age      ] GC(346) - age  14:       2560 bytes,      14024 total
[2025-08-21T04:12:28.120+0000][1692007][info ][gc,heap     ] GC(346) Eden regions: 75->0(75)
[2025-08-21T04:12:28.120+0000][1692007][info ][gc,heap     ] GC(346) Survivor regions: 1->1(10)
[2025-08-21T04:12:28.120+0000][1692007][info ][gc,heap     ] GC(346) Old regions: 23->23
[2025-08-21T04:12:28.120+0000][1692007][info ][gc,heap     ] GC(346) Humongous regions: 0->0
[2025-08-21T04:12:28.120+0000][1692007][info ][gc,metaspace] GC(346) Metaspace: 141953K(147968K)->141953K(147968K) NonClass: 123138K(126720K)->123138K(126720K) Class: 18815K(21248K)->18815K(21248K)
[2025-08-21T04:12:28.120+0000][1692007][info ][gc          ] GC(346) Pause Young (Normal) (G1 Evacuation Pause) 391M->91M(512M) 1.726ms
[2025-08-21T04:12:28.120+0000][1692007][info ][gc,cpu      ] GC(346) User=0.00s Sys=0.00s Real=0.00s
[2025-08-21T04:12:28.120+0000][1692007][info ][safepoint   ] Safepoint "G1CollectForAllocation", Time since last: 250348875826 ns, Reaching safepoint: 7301 ns, Cleanup: 2674 ns, At safepoint: 1758676 ns, Total: 1768651 ns
[2025-08-21T04:24:13.627+0000][1692007][info ][gc,start    ] GC(347) Pause Young (Normal) (G1 Evacuation Pause)
[2025-08-21T04:24:13.628+0000][1692007][info ][gc,task     ] GC(347) Using 1 workers of 1 for evacuation
[2025-08-21T04:24:13.628+0000][1692007][debug][gc,age      ] GC(347) Desired survivor size 20971520 bytes, new threshold 15 (max threshold 15)
[2025-08-21T04:24:13.630+0000][1692007][info ][gc,phases   ] GC(347)   Pre Evacuate Collection Set: 0.0ms
[2025-08-21T04:24:13.630+0000][1692007][info ][gc,phases   ] GC(347)   Merge Heap Roots: 0.0ms
[2025-08-21T04:24:13.630+0000][1692007][info ][gc,phases   ] GC(347)   Evacuate Collection Set: 0.7ms
[2025-08-21T04:24:13.630+0000][1692007][info ][gc,phases   ] GC(347)   Post Evacuate Collection Set: 0.7ms
[2025-08-21T04:24:13.630+0000][1692007][info ][gc,phases   ] GC(347)   Other: 0.0ms
[2025-08-21T04:24:13.630+0000][1692007][trace][gc,age      ] GC(347) Age table with threshold 15 (max threshold 15)
[2025-08-21T04:24:13.630+0000][1692007][trace][gc,age      ] GC(347) - age   1:      77400 bytes,      77400 total
[2025-08-21T04:24:13.630+0000][1692007][trace][gc,age      ] GC(347) - age   3:        176 bytes,      77576 total
[2025-08-21T04:24:13.630+0000][1692007][trace][gc,age      ] GC(347) - age   8:         72 bytes,      77648 total
[2025-08-21T04:24:13.630+0000][1692007][trace][gc,age      ] GC(347) - age  11:        168 bytes,      77816 total
[2025-08-21T04:24:13.630+0000][1692007][trace][gc,age      ] GC(347) - age  15:       2560 bytes,      80376 total
[2025-08-21T04:24:13.630+0000][1692007][info ][gc,heap     ] GC(347) Eden regions: 75->0(75)
[2025-08-21T04:24:13.630+0000][1692007][info ][gc,heap     ] GC(347) Survivor regions: 1->1(10)
[2025-08-21T04:24:13.630+0000][1692007][info ][gc,heap     ] GC(347) Old regions: 23->23
[2025-08-21T04:24:13.630+0000][1692007][info ][gc,heap     ] GC(347) Humongous regions: 0->0
[2025-08-21T04:24:13.630+0000][1692007][info ][gc,metaspace] GC(347) Metaspace: 141953K(147968K)->141953K(147968K) NonClass: 123138K(126720K)->123138K(126720K) Class: 18815K(21248K)->18815K(21248K)
[2025-08-21T04:24:13.630+0000][1692007][info ][gc          ] GC(347) Pause Young (Normal) (G1 Evacuation Pause) 391M->91M(512M) 2.239ms
[2025-08-21T04:24:13.630+0000][1692007][info ][gc,cpu      ] GC(347) User=0.00s Sys=0.00s Real=0.00s
[2025-08-21T04:24:13.630+0000][1692007][info ][safepoint   ] Safepoint "G1CollectForAllocation", Time since last: 705507713375 ns, Reaching safepoint: 8022 ns, Cleanup: 3335 ns, At safepoint: 2269858 ns, Total: 2281215 ns
[2025-08-21T04:35:54.395+0000][1692007][info ][gc,start    ] GC(348) Pause Young (Normal) (G1 Evacuation Pause)
[2025-08-21T04:35:54.395+0000][1692007][info ][gc,task     ] GC(348) Using 1 workers of 1 for evacuation
[2025-08-21T04:35:54.395+0000][1692007][debug][gc,age      ] GC(348) Desired survivor size 20971520 bytes, new threshold 15 (max threshold 15)
[2025-08-21T04:35:54.397+0000][1692007][info ][gc,phases   ] GC(348)   Pre Evacuate Collection Set: 0.0ms
[2025-08-21T04:35:54.397+0000][1692007][info ][gc,phases   ] GC(348)   Merge Heap Roots: 0.0ms
[2025-08-21T04:35:54.397+0000][1692007][info ][gc,phases   ] GC(348)   Evacuate Collection Set: 0.7ms
[2025-08-21T04:35:54.397+0000][1692007][info ][gc,phases   ] GC(348)   Post Evacuate Collection Set: 1.8ms
[2025-08-21T04:35:54.397+0000][1692007][info ][gc,phases   ] GC(348)   Other: 0.0ms
[2025-08-21T04:35:54.397+0000][1692007][trace][gc,age      ] GC(348) Age table with threshold 15 (max threshold 15)
[2025-08-21T04:35:54.397+0000][1692007][trace][gc,age      ] GC(348) - age   1:      10992 bytes,      10992 total
[2025-08-21T04:35:54.397+0000][1692007][trace][gc,age      ] GC(348) - age   4:        176 bytes,      11168 total
[2025-08-21T04:35:54.397+0000][1692007][trace][gc,age      ] GC(348) - age   9:         72 bytes,      11240 total
[2025-08-21T04:35:54.397+0000][1692007][trace][gc,age      ] GC(348) - age  12:        168 bytes,      11408 total
[2025-08-21T04:35:54.397+0000][1692007][info ][gc,heap     ] GC(348) Eden regions: 75->0(75)
[2025-08-21T04:35:54.397+0000][1692007][info ][gc,heap     ] GC(348) Survivor regions: 1->1(10)
[2025-08-21T04:35:54.397+0000][1692007][info ][gc,heap     ] GC(348) Old regions: 23->23
[2025-08-21T04:35:54.397+0000][1692007][info ][gc,heap     ] GC(348) Humongous regions: 0->0
[2025-08-21T04:35:54.397+0000][1692007][info ][gc,metaspace] GC(348) Metaspace: 141953K(147968K)->141953K(147968K) NonClass: 123138K(126720K)->123138K(126720K) Class: 18815K(21248K)->18815K(21248K)
[2025-08-21T04:35:54.397+0000][1692007][info ][gc          ] GC(348) Pause Young (Normal) (G1 Evacuation Pause) 391M->91M(512M) 2.762ms
[2025-08-21T04:35:54.397+0000][1692007][info ][gc,cpu      ] GC(348) User=0.00s Sys=0.00s Real=0.01s
[2025-08-21T04:35:54.397+0000][1692007][info ][safepoint   ] Safepoint "G1CollectForAllocation", Time since last: 700764941651 ns, Reaching safepoint: 7241 ns, Cleanup: 2624 ns, At safepoint: 2793398 ns, Total: 2803263 ns
[2025-08-21T04:47:39.646+0000][1692007][info ][gc,start    ] GC(349) Pause Young (Normal) (G1 Evacuation Pause)
[2025-08-21T04:47:39.646+0000][1692007][info ][gc,task     ] GC(349) Using 1 workers of 1 for evacuation
[2025-08-21T04:47:39.646+0000][1692007][debug][gc,age      ] GC(349) Desired survivor size 20971520 bytes, new threshold 15 (max threshold 15)
[2025-08-21T04:47:39.648+0000][1692007][info ][gc,phases   ] GC(349)   Pre Evacuate Collection Set: 0.0ms
[2025-08-21T04:47:39.648+0000][1692007][info ][gc,phases   ] GC(349)   Merge Heap Roots: 0.0ms
[2025-08-21T04:47:39.648+0000][1692007][info ][gc,phases   ] GC(349)   Evacuate Collection Set: 0.6ms
[2025-08-21T04:47:39.648+0000][1692007][info ][gc,phases   ] GC(349)   Post Evacuate Collection Set: 0.8ms
[2025-08-21T04:47:39.648+0000][1692007][info ][gc,phases   ] GC(349)   Other: 0.0ms
[2025-08-21T04:47:39.648+0000][1692007][trace][gc,age      ] GC(349) Age table with threshold 15 (max threshold 15)
[2025-08-21T04:47:39.648+0000][1692007][trace][gc,age      ] GC(349) - age   1:       9168 bytes,       9168 total
[2025-08-21T04:47:39.648+0000][1692007][trace][gc,age      ] GC(349) - age   2:        352 bytes,       9520 total
[2025-08-21T04:47:39.648+0000][1692007][trace][gc,age      ] GC(349) - age   5:        176 bytes,       9696 total
[2025-08-21T04:47:39.648+0000][1692007][trace][gc,age      ] GC(349) - age  10:         72 bytes,       9768 total
[2025-08-21T04:47:39.648+0000][1692007][trace][gc,age      ] GC(349) - age  13:        168 bytes,       9936 total
[2025-08-21T04:47:39.648+0000][1692007][info ][gc,heap     ] GC(349) Eden regions: 75->0(75)
[2025-08-21T04:47:39.648+0000][1692007][info ][gc,heap     ] GC(349) Survivor regions: 1->1(10)
[2025-08-21T04:47:39.648+0000][1692007][info ][gc,heap     ] GC(349) Old regions: 23->23
[2025-08-21T04:47:39.648+0000][1692007][info ][gc,heap     ] GC(349) Humongous regions: 0->0
[2025-08-21T04:47:39.648+0000][1692007][info ][gc,metaspace] GC(349) Metaspace: 141953K(147968K)->141953K(147968K) NonClass: 123138K(126720K)->123138K(126720K) Class: 18815K(21248K)->18815K(21248K)
[2025-08-21T04:47:39.648+0000][1692007][info ][gc          ] GC(349) Pause Young (Normal) (G1 Evacuation Pause) 391M->91M(512M) 2.087ms
[2025-08-21T04:47:39.648+0000][1692007][info ][gc,cpu      ] GC(349) User=0.00s Sys=0.00s Real=0.00s
[2025-08-21T04:47:39.648+0000][1692007][info ][safepoint   ] Safepoint "G1CollectForAllocation", Time since last: 705248306648 ns, Reaching safepoint: 7281 ns, Cleanup: 2854 ns, At safepoint: 2118869 ns, Total: 2129004 ns
[2025-08-21T04:58:20.704+0000][1692007][info ][safepoint   ] Safepoint "Cleanup", Time since last: 641055846836 ns, Reaching safepoint: 38007 ns, Cleanup: 11017 ns, At safepoint: 4216 ns, Total: 53240 ns
[2025-08-21T04:59:20.472+0000][1692007][info ][gc,start    ] GC(350) Pause Young (Normal) (G1 Evacuation Pause)
[2025-08-21T04:59:20.472+0000][1692007][info ][gc,task     ] GC(350) Using 1 workers of 1 for evacuation
[2025-08-21T04:59:20.472+0000][1692007][debug][gc,age      ] GC(350) Desired survivor size 20971520 bytes, new threshold 15 (max threshold 15)
[2025-08-21T04:59:20.474+0000][1692007][info ][gc,phases   ] GC(350)   Pre Evacuate Collection Set: 0.0ms
[2025-08-21T04:59:20.474+0000][1692007][info ][gc,phases   ] GC(350)   Merge Heap Roots: 0.0ms
[2025-08-21T04:59:20.474+0000][1692007][info ][gc,phases   ] GC(350)   Evacuate Collection Set: 0.6ms
[2025-08-21T04:59:20.474+0000][1692007][info ][gc,phases   ] GC(350)   Post Evacuate Collection Set: 0.8ms
[2025-08-21T04:59:20.474+0000][1692007][info ][gc,phases   ] GC(350)   Other: 0.0ms
[2025-08-21T04:59:20.474+0000][1692007][trace][gc,age      ] GC(350) Age table with threshold 15 (max threshold 15)
[2025-08-21T04:59:20.474+0000][1692007][trace][gc,age      ] GC(350) - age   1:       9712 bytes,       9712 total
[2025-08-21T04:59:20.474+0000][1692007][trace][gc,age      ] GC(350) - age  11:         72 bytes,       9784 total
[2025-08-21T04:59:20.474+0000][1692007][trace][gc,age      ] GC(350) - age  14:        168 bytes,       9952 total
[2025-08-21T04:59:20.474+0000][1692007][info ][gc,heap     ] GC(350) Eden regions: 75->0(75)
[2025-08-21T04:59:20.474+0000][1692007][info ][gc,heap     ] GC(350) Survivor regions: 1->1(10)
[2025-08-21T04:59:20.474+0000][1692007][info ][gc,heap     ] GC(350) Old regions: 23->23
[2025-08-21T04:59:20.474+0000][1692007][info ][gc,heap     ] GC(350) Humongous regions: 0->0
[2025-08-21T04:59:20.474+0000][1692007][info ][gc,metaspace] GC(350) Metaspace: 141953K(147968K)->141953K(147968K) NonClass: 123138K(126720K)->123138K(126720K) Class: 18815K(21248K)->18815K(21248K)
[2025-08-21T04:59:20.474+0000][1692007][info ][gc          ] GC(350) Pause Young (Normal) (G1 Evacuation Pause) 391M->91M(512M) 1.588ms
[2025-08-21T04:59:20.474+0000][1692007][info ][gc,cpu      ] GC(350) User=0.00s Sys=0.00s Real=0.00s
[2025-08-21T04:59:20.474+0000][1692007][info ][safepoint   ] Safepoint "G1CollectForAllocation", Time since last: 59768621072 ns, Reaching safepoint: 7011 ns, Cleanup: 2694 ns, At safepoint: 1620617 ns, Total: 1630322 ns
[2025-08-21T05:11:05.841+0000][1692007][info ][gc,start    ] GC(351) Pause Young (Normal) (G1 Evacuation Pause)
[2025-08-21T05:11:05.841+0000][1692007][info ][gc,task     ] GC(351) Using 1 workers of 1 for evacuation
[2025-08-21T05:11:05.841+0000][1692007][debug][gc,age      ] GC(351) Desired survivor size 20971520 bytes, new threshold 15 (max threshold 15)
[2025-08-21T05:11:05.842+0000][1692007][info ][gc,phases   ] GC(351)   Pre Evacuate Collection Set: 0.0ms
[2025-08-21T05:11:05.842+0000][1692007][info ][gc,phases   ] GC(351)   Merge Heap Roots: 0.0ms
[2025-08-21T05:11:05.842+0000][1692007][info ][gc,phases   ] GC(351)   Evacuate Collection Set: 0.6ms
[2025-08-21T05:11:05.842+0000][1692007][info ][gc,phases   ] GC(351)   Post Evacuate Collection Set: 0.7ms
[2025-08-21T05:11:05.842+0000][1692007][info ][gc,phases   ] GC(351)   Other: 0.0ms
[2025-08-21T05:11:05.842+0000][1692007][trace][gc,age      ] GC(351) Age table with threshold 15 (max threshold 15)
[2025-08-21T05:11:05.842+0000][1692007][trace][gc,age      ] GC(351) - age   1:      10968 bytes,      10968 total
[2025-08-21T05:11:05.842+0000][1692007][trace][gc,age      ] GC(351) - age   2:        176 bytes,      11144 total
[2025-08-21T05:11:05.842+0000][1692007][trace][gc,age      ] GC(351) - age  12:         72 bytes,      11216 total
[2025-08-21T05:11:05.842+0000][1692007][trace][gc,age      ] GC(351) - age  15:        168 bytes,      11384 total
[2025-08-21T05:11:05.842+0000][1692007][info ][gc,heap     ] GC(351) Eden regions: 75->0(75)
[2025-08-21T05:11:05.842+0000][1692007][info ][gc,heap     ] GC(351) Survivor regions: 1->1(10)
[2025-08-21T05:11:05.842+0000][1692007][info ][gc,heap     ] GC(351) Old regions: 23->23
[2025-08-21T05:11:05.842+0000][1692007][info ][gc,heap     ] GC(351) Humongous regions: 0->0
[2025-08-21T05:11:05.842+0000][1692007][info ][gc,metaspace] GC(351) Metaspace: 141953K(147968K)->141953K(147968K) NonClass: 123138K(126720K)->123138K(126720K) Class: 18815K(21248K)->18815K(21248K)
[2025-08-21T05:11:05.842+0000][1692007][info ][gc          ] GC(351) Pause Young (Normal) (G1 Evacuation Pause) 391M->91M(512M) 1.671ms
[2025-08-21T05:11:05.842+0000][1692007][info ][gc,cpu      ] GC(351) User=0.00s Sys=0.00s Real=0.00s
[2025-08-21T05:11:05.842+0000][1692007][info ][safepoint   ] Safepoint "G1CollectForAllocation", Time since last: 705366540939 ns, Reaching safepoint: 9224 ns, Cleanup: 2494 ns, At safepoint: 1702872 ns, Total: 1714590 ns
[2025-08-21T05:22:50.674+0000][1692007][info ][gc,start    ] GC(352) Pause Young (Normal) (G1 Evacuation Pause)
[2025-08-21T05:22:50.674+0000][1692007][info ][gc,task     ] GC(352) Using 1 workers of 1 for evacuation
[2025-08-21T05:22:50.674+0000][1692007][debug][gc,age      ] GC(352) Desired survivor size 20971520 bytes, new threshold 15 (max threshold 15)
[2025-08-21T05:22:50.675+0000][1692007][info ][gc,phases   ] GC(352)   Pre Evacuate Collection Set: 0.0ms
[2025-08-21T05:22:50.675+0000][1692007][info ][gc,phases   ] GC(352)   Merge Heap Roots: 0.0ms
[2025-08-21T05:22:50.675+0000][1692007][info ][gc,phases   ] GC(352)   Evacuate Collection Set: 0.7ms
[2025-08-21T05:22:50.675+0000][1692007][info ][gc,phases   ] GC(352)   Post Evacuate Collection Set: 0.7ms
[2025-08-21T05:22:50.675+0000][1692007][info ][gc,phases   ] GC(352)   Other: 0.0ms
[2025-08-21T05:22:50.675+0000][1692007][trace][gc,age      ] GC(352) Age table with threshold 15 (max threshold 15)
[2025-08-21T05:22:50.675+0000][1692007][trace][gc,age      ] GC(352) - age   1:      13888 bytes,      13888 total
[2025-08-21T05:22:50.675+0000][1692007][trace][gc,age      ] GC(352) - age   3:        176 bytes,      14064 total
[2025-08-21T05:22:50.675+0000][1692007][trace][gc,age      ] GC(352) - age  13:         72 bytes,      14136 total
[2025-08-21T05:22:50.675+0000][1692007][info ][gc,heap     ] GC(352) Eden regions: 75->0(75)
[2025-08-21T05:22:50.675+0000][1692007][info ][gc,heap     ] GC(352) Survivor regions: 1->1(10)
[2025-08-21T05:22:50.675+0000][1692007][info ][gc,heap     ] GC(352) Old regions: 23->23
[2025-08-21T05:22:50.675+0000][1692007][info ][gc,heap     ] GC(352) Humongous regions: 0->0
[2025-08-21T05:22:50.675+0000][1692007][info ][gc,metaspace] GC(352) Metaspace: 141953K(147968K)->141953K(147968K) NonClass: 123138K(126720K)->123138K(126720K) Class: 18815K(21248K)->18815K(21248K)
[2025-08-21T05:22:50.675+0000][1692007][info ][gc          ] GC(352) Pause Young (Normal) (G1 Evacuation Pause) 391M->91M(512M) 1.683ms
[2025-08-21T05:22:50.675+0000][1692007][info ][gc,cpu      ] GC(352) User=0.00s Sys=0.00s Real=0.01s
[2025-08-21T05:22:50.675+0000][1692007][info ][safepoint   ] Safepoint "G1CollectForAllocation", Time since last: 704831481691 ns, Reaching safepoint: 7111 ns, Cleanup: 2944 ns, At safepoint: 1713728 ns, Total: 1723783 ns
[2025-08-21T05:34:34.114+0000][1692007][info ][gc,start    ] GC(353) Pause Young (Normal) (G1 Evacuation Pause)
[2025-08-21T05:34:34.115+0000][1692007][info ][gc,task     ] GC(353) Using 1 workers of 1 for evacuation
[2025-08-21T05:34:34.115+0000][1692007][debug][gc,age      ] GC(353) Desired survivor size 20971520 bytes, new threshold 15 (max threshold 15)
[2025-08-21T05:34:34.116+0000][1692007][info ][gc,phases   ] GC(353)   Pre Evacuate Collection Set: 0.0ms
[2025-08-21T05:34:34.116+0000][1692007][info ][gc,phases   ] GC(353)   Merge Heap Roots: 0.0ms
[2025-08-21T05:34:34.116+0000][1692007][info ][gc,phases   ] GC(353)   Evacuate Collection Set: 0.6ms
[2025-08-21T05:34:34.116+0000][1692007][info ][gc,phases   ] GC(353)   Post Evacuate Collection Set: 0.7ms
[2025-08-21T05:34:34.116+0000][1692007][info ][gc,phases   ] GC(353)   Other: 0.0ms
[2025-08-21T05:34:34.116+0000][1692007][trace][gc,age      ] GC(353) Age table with threshold 15 (max threshold 15)
[2025-08-21T05:34:34.116+0000][1692007][trace][gc,age      ] GC(353) - age   1:       9176 bytes,       9176 total
[2025-08-21T05:34:34.116+0000][1692007][trace][gc,age      ] GC(353) - age   2:        352 bytes,       9528 total
[2025-08-21T05:34:34.116+0000][1692007][trace][gc,age      ] GC(353) - age   4:        176 bytes,       9704 total
[2025-08-21T05:34:34.116+0000][1692007][trace][gc,age      ] GC(353) - age  14:         72 bytes,       9776 total
[2025-08-21T05:34:34.116+0000][1692007][info ][gc,heap     ] GC(353) Eden regions: 75->0(75)
[2025-08-21T05:34:34.116+0000][1692007][info ][gc,heap     ] GC(353) Survivor regions: 1->1(10)
[2025-08-21T05:34:34.116+0000][1692007][info ][gc,heap     ] GC(353) Old regions: 23->23
[2025-08-21T05:34:34.116+0000][1692007][info ][gc,heap     ] GC(353) Humongous regions: 0->0
[2025-08-21T05:34:34.116+0000][1692007][info ][gc,metaspace] GC(353) Metaspace: 141953K(147968K)->141953K(147968K) NonClass: 123138K(126720K)->123138K(126720K) Class: 18815K(21248K)->18815K(21248K)
[2025-08-21T05:34:34.116+0000][1692007][info ][gc          ] GC(353) Pause Young (Normal) (G1 Evacuation Pause) 391M->91M(512M) 2.011ms
[2025-08-21T05:34:34.116+0000][1692007][info ][gc,cpu      ] GC(353) User=0.00s Sys=0.00s Real=0.01s
[2025-08-21T05:34:34.116+0000][1692007][info ][safepoint   ] Safepoint "G1CollectForAllocation", Time since last: 703438954108 ns, Reaching safepoint: 12368 ns, Cleanup: 2955 ns, At safepoint: 2042775 ns, Total: 2058098 ns
[2025-08-21T05:46:17.234+0000][1692007][info ][gc,start    ] GC(354) Pause Young (Normal) (G1 Evacuation Pause)
[2025-08-21T05:46:17.235+0000][1692007][info ][gc,task     ] GC(354) Using 1 workers of 1 for evacuation
[2025-08-21T05:46:17.235+0000][1692007][debug][gc,age      ] GC(354) Desired survivor size 20971520 bytes, new threshold 15 (max threshold 15)
[2025-08-21T05:46:17.236+0000][1692007][info ][gc,phases   ] GC(354)   Pre Evacuate Collection Set: 0.0ms
[2025-08-21T05:46:17.236+0000][1692007][info ][gc,phases   ] GC(354)   Merge Heap Roots: 0.0ms
[2025-08-21T05:46:17.236+0000][1692007][info ][gc,phases   ] GC(354)   Evacuate Collection Set: 0.6ms
[2025-08-21T05:46:17.236+0000][1692007][info ][gc,phases   ] GC(354)   Post Evacuate Collection Set: 0.8ms
[2025-08-21T05:46:17.236+0000][1692007][info ][gc,phases   ] GC(354)   Other: 0.0ms
[2025-08-21T05:46:17.236+0000][1692007][trace][gc,age      ] GC(354) Age table with threshold 15 (max threshold 15)
[2025-08-21T05:46:17.236+0000][1692007][trace][gc,age      ] GC(354) - age   1:       9160 bytes,       9160 total
[2025-08-21T05:46:17.236+0000][1692007][trace][gc,age      ] GC(354) - age   5:        176 bytes,       9336 total
[2025-08-21T05:46:17.236+0000][1692007][trace][gc,age      ] GC(354) - age  15:         72 bytes,       9408 total
[2025-08-21T05:46:17.236+0000][1692007][info ][gc,heap     ] GC(354) Eden regions: 75->0(75)
[2025-08-21T05:46:17.236+0000][1692007][info ][gc,heap     ] GC(354) Survivor regions: 1->1(10)
[2025-08-21T05:46:17.236+0000][1692007][info ][gc,heap     ] GC(354) Old regions: 23->23
[2025-08-21T05:46:17.236+0000][1692007][info ][gc,heap     ] GC(354) Humongous regions: 0->0
[2025-08-21T05:46:17.236+0000][1692007][info ][gc,metaspace] GC(354) Metaspace: 141953K(147968K)->141953K(147968K) NonClass: 123138K(126720K)->123138K(126720K) Class: 18815K(21248K)->18815K(21248K)
[2025-08-21T05:46:17.236+0000][1692007][info ][gc          ] GC(354) Pause Young (Normal) (G1 Evacuation Pause) 391M->91M(512M) 1.958ms
[2025-08-21T05:46:17.236+0000][1692007][info ][gc,cpu      ] GC(354) User=0.00s Sys=0.00s Real=0.01s
[2025-08-21T05:46:17.236+0000][1692007][info ][safepoint   ] Safepoint "G1CollectForAllocation", Time since last: 703117719091 ns, Reaching safepoint: 4567 ns, Cleanup: 2994 ns, At safepoint: 1988663 ns, Total: 1996224 ns
[2025-08-21T05:58:02.315+0000][1692007][info ][gc,start    ] GC(355) Pause Young (Normal) (G1 Evacuation Pause)
[2025-08-21T05:58:02.315+0000][1692007][info ][gc,task     ] GC(355) Using 1 workers of 1 for evacuation
[2025-08-21T05:58:02.315+0000][1692007][debug][gc,age      ] GC(355) Desired survivor size 20971520 bytes, new threshold 15 (max threshold 15)
[2025-08-21T05:58:02.317+0000][1692007][info ][gc,phases   ] GC(355)   Pre Evacuate Collection Set: 0.0ms
[2025-08-21T05:58:02.317+0000][1692007][info ][gc,phases   ] GC(355)   Merge Heap Roots: 0.0ms
[2025-08-21T05:58:02.317+0000][1692007][info ][gc,phases   ] GC(355)   Evacuate Collection Set: 0.6ms
[2025-08-21T05:58:02.317+0000][1692007][info ][gc,phases   ] GC(355)   Post Evacuate Collection Set: 0.7ms
[2025-08-21T05:58:02.317+0000][1692007][info ][gc,phases   ] GC(355)   Other: 0.0ms
[2025-08-21T05:58:02.317+0000][1692007][trace][gc,age      ] GC(355) Age table with threshold 15 (max threshold 15)
[2025-08-21T05:58:02.317+0000][1692007][trace][gc,age      ] GC(355) - age   1:      27160 bytes,      27160 total
[2025-08-21T05:58:02.317+0000][1692007][info ][gc,heap     ] GC(355) Eden regions: 75->0(75)
[2025-08-21T05:58:02.317+0000][1692007][info ][gc,heap     ] GC(355) Survivor regions: 1->1(10)
[2025-08-21T05:58:02.317+0000][1692007][info ][gc,heap     ] GC(355) Old regions: 23->23
[2025-08-21T05:58:02.317+0000][1692007][info ][gc,heap     ] GC(355) Humongous regions: 0->0
[2025-08-21T05:58:02.317+0000][1692007][info ][gc,metaspace] GC(355) Metaspace: 141953K(147968K)->141953K(147968K) NonClass: 123138K(126720K)->123138K(126720K) Class: 18815K(21248K)->18815K(21248K)
[2025-08-21T05:58:02.317+0000][1692007][info ][gc          ] GC(355) Pause Young (Normal) (G1 Evacuation Pause) 391M->91M(512M) 1.868ms
[2025-08-21T05:58:02.317+0000][1692007][info ][gc,cpu      ] GC(355) User=0.00s Sys=0.00s Real=0.01s
[2025-08-21T05:58:02.317+0000][1692007][info ][safepoint   ] Safepoint "G1CollectForAllocation", Time since last: 705078952705 ns, Reaching safepoint: 9495 ns, Cleanup: 3104 ns, At safepoint: 1900530 ns, Total: 1913129 ns
[2025-08-21T06:09:47.870+0000][1692007][info ][gc,start    ] GC(356) Pause Young (Normal) (G1 Evacuation Pause)
[2025-08-21T06:09:47.871+0000][1692007][info ][gc,task     ] GC(356) Using 1 workers of 1 for evacuation
[2025-08-21T06:09:47.871+0000][1692007][debug][gc,age      ] GC(356) Desired survivor size 20971520 bytes, new threshold 15 (max threshold 15)
[2025-08-21T06:09:47.872+0000][1692007][info ][gc,phases   ] GC(356)   Pre Evacuate Collection Set: 0.1ms
[2025-08-21T06:09:47.872+0000][1692007][info ][gc,phases   ] GC(356)   Merge Heap Roots: 0.0ms
[2025-08-21T06:09:47.872+0000][1692007][info ][gc,phases   ] GC(356)   Evacuate Collection Set: 0.6ms
[2025-08-21T06:09:47.872+0000][1692007][info ][gc,phases   ] GC(356)   Post Evacuate Collection Set: 0.7ms
[2025-08-21T06:09:47.872+0000][1692007][info ][gc,phases   ] GC(356)   Other: 0.0ms
[2025-08-21T06:09:47.872+0000][1692007][trace][gc,age      ] GC(356) Age table with threshold 15 (max threshold 15)
[2025-08-21T06:09:47.872+0000][1692007][trace][gc,age      ] GC(356) - age   1:      10968 bytes,      10968 total
[2025-08-21T06:09:47.872+0000][1692007][trace][gc,age      ] GC(356) - age   2:        176 bytes,      11144 total
[2025-08-21T06:09:47.872+0000][1692007][info ][gc,heap     ] GC(356) Eden regions: 75->0(75)
[2025-08-21T06:09:47.872+0000][1692007][info ][gc,heap     ] GC(356) Survivor regions: 1->1(10)
[2025-08-21T06:09:47.872+0000][1692007][info ][gc,heap     ] GC(356) Old regions: 23->23
[2025-08-21T06:09:47.872+0000][1692007][info ][gc,heap     ] GC(356) Humongous regions: 0->0
[2025-08-21T06:09:47.872+0000][1692007][info ][gc,metaspace] GC(356) Metaspace: 141953K(147968K)->141953K(147968K) NonClass: 123138K(126720K)->123138K(126720K) Class: 18815K(21248K)->18815K(21248K)
[2025-08-21T06:09:47.872+0000][1692007][info ][gc          ] GC(356) Pause Young (Normal) (G1 Evacuation Pause) 391M->91M(512M) 1.747ms
[2025-08-21T06:09:47.872+0000][1692007][info ][gc,cpu      ] GC(356) User=0.00s Sys=0.00s Real=0.00s
[2025-08-21T06:09:47.872+0000][1692007][info ][safepoint   ] Safepoint "G1CollectForAllocation", Time since last: 705553319378 ns, Reaching safepoint: 7321 ns, Cleanup: 2594 ns, At safepoint: 1779648 ns, Total: 1789563 ns
[2025-08-21T06:17:23.899+0000][1692007][info ][safepoint   ] Safepoint "Cleanup", Time since last: 456026941899 ns, Reaching safepoint: 44047 ns, Cleanup: 11147 ns, At safepoint: 4907 ns, Total: 60101 ns
[2025-08-21T06:21:33.252+0000][1692007][info ][gc,start    ] GC(357) Pause Young (Normal) (G1 Evacuation Pause)
[2025-08-21T06:21:33.252+0000][1692007][info ][gc,task     ] GC(357) Using 1 workers of 1 for evacuation
[2025-08-21T06:21:33.252+0000][1692007][debug][gc,age      ] GC(357) Desired survivor size 20971520 bytes, new threshold 15 (max threshold 15)
[2025-08-21T06:21:33.253+0000][1692007][info ][gc,phases   ] GC(357)   Pre Evacuate Collection Set: 0.0ms
[2025-08-21T06:21:33.253+0000][1692007][info ][gc,phases   ] GC(357)   Merge Heap Roots: 0.0ms
[2025-08-21T06:21:33.253+0000][1692007][info ][gc,phases   ] GC(357)   Evacuate Collection Set: 0.6ms
[2025-08-21T06:21:33.253+0000][1692007][info ][gc,phases   ] GC(357)   Post Evacuate Collection Set: 0.7ms
[2025-08-21T06:21:33.253+0000][1692007][info ][gc,phases   ] GC(357)   Other: 0.0ms
[2025-08-21T06:21:33.253+0000][1692007][trace][gc,age      ] GC(357) Age table with threshold 15 (max threshold 15)
[2025-08-21T06:21:33.253+0000][1692007][trace][gc,age      ] GC(357) - age   1:      11392 bytes,      11392 total
[2025-08-21T06:21:33.253+0000][1692007][trace][gc,age      ] GC(357) - age   3:        176 bytes,      11568 total
[2025-08-21T06:21:33.253+0000][1692007][info ][gc,heap     ] GC(357) Eden regions: 75->0(75)
[2025-08-21T06:21:33.253+0000][1692007][info ][gc,heap     ] GC(357) Survivor regions: 1->1(10)
[2025-08-21T06:21:33.253+0000][1692007][info ][gc,heap     ] GC(357) Old regions: 23->23
[2025-08-21T06:21:33.253+0000][1692007][info ][gc,heap     ] GC(357) Humongous regions: 0->0
[2025-08-21T06:21:33.253+0000][1692007][info ][gc,metaspace] GC(357) Metaspace: 141953K(147968K)->141953K(147968K) NonClass: 123138K(126720K)->123138K(126720K) Class: 18815K(21248K)->18815K(21248K)
[2025-08-21T06:21:33.253+0000][1692007][info ][gc          ] GC(357) Pause Young (Normal) (G1 Evacuation Pause) 391M->91M(512M) 1.655ms
[2025-08-21T06:21:33.253+0000][1692007][info ][gc,cpu      ] GC(357) User=0.00s Sys=0.00s Real=0.00s
[2025-08-21T06:21:33.253+0000][1692007][info ][safepoint   ] Safepoint "G1CollectForAllocation", Time since last: 249352640027 ns, Reaching safepoint: 9043 ns, Cleanup: 2614 ns, At safepoint: 1687659 ns, Total: 1699316 ns
[2025-08-21T06:33:18.781+0000][1692007][info ][gc,start    ] GC(358) Pause Young (Normal) (G1 Evacuation Pause)
[2025-08-21T06:33:18.781+0000][1692007][info ][gc,task     ] GC(358) Using 1 workers of 1 for evacuation
[2025-08-21T06:33:18.781+0000][1692007][debug][gc,age      ] GC(358) Desired survivor size 20971520 bytes, new threshold 15 (max threshold 15)
[2025-08-21T06:33:18.783+0000][1692007][info ][gc,phases   ] GC(358)   Pre Evacuate Collection Set: 0.0ms
[2025-08-21T06:33:18.783+0000][1692007][info ][gc,phases   ] GC(358)   Merge Heap Roots: 0.0ms
[2025-08-21T06:33:18.783+0000][1692007][info ][gc,phases   ] GC(358)   Evacuate Collection Set: 0.6ms
[2025-08-21T06:33:18.783+0000][1692007][info ][gc,phases   ] GC(358)   Post Evacuate Collection Set: 0.8ms
[2025-08-21T06:33:18.783+0000][1692007][info ][gc,phases   ] GC(358)   Other: 0.0ms
[2025-08-21T06:33:18.783+0000][1692007][trace][gc,age      ] GC(358) Age table with threshold 15 (max threshold 15)
[2025-08-21T06:33:18.783+0000][1692007][trace][gc,age      ] GC(358) - age   1:      10672 bytes,      10672 total
[2025-08-21T06:33:18.783+0000][1692007][trace][gc,age      ] GC(358) - age   2:        688 bytes,      11360 total
[2025-08-21T06:33:18.783+0000][1692007][trace][gc,age      ] GC(358) - age   4:        176 bytes,      11536 total
[2025-08-21T06:33:18.783+0000][1692007][info ][gc,heap     ] GC(358) Eden regions: 75->0(75)
[2025-08-21T06:33:18.783+0000][1692007][info ][gc,heap     ] GC(358) Survivor regions: 1->1(10)
[2025-08-21T06:33:18.783+0000][1692007][info ][gc,heap     ] GC(358) Old regions: 23->23
[2025-08-21T06:33:18.783+0000][1692007][info ][gc,heap     ] GC(358) Humongous regions: 0->0
[2025-08-21T06:33:18.783+0000][1692007][info ][gc,metaspace] GC(358) Metaspace: 141953K(147968K)->141953K(147968K) NonClass: 123138K(126720K)->123138K(126720K) Class: 18815K(21248K)->18815K(21248K)
[2025-08-21T06:33:18.783+0000][1692007][info ][gc          ] GC(358) Pause Young (Normal) (G1 Evacuation Pause) 391M->91M(512M) 1.679ms
[2025-08-21T06:33:18.783+0000][1692007][info ][gc,cpu      ] GC(358) User=0.00s Sys=0.00s Real=0.00s
[2025-08-21T06:33:18.783+0000][1692007][info ][safepoint   ] Safepoint "G1CollectForAllocation", Time since last: 705527420046 ns, Reaching safepoint: 5108 ns, Cleanup: 2714 ns, At safepoint: 1710403 ns, Total: 1718225 ns
[2025-08-21T06:45:04.152+0000][1692007][info ][gc,start    ] GC(359) Pause Young (Normal) (G1 Evacuation Pause)
[2025-08-21T06:45:04.153+0000][1692007][info ][gc,task     ] GC(359) Using 1 workers of 1 for evacuation
[2025-08-21T06:45:04.153+0000][1692007][debug][gc,age      ] GC(359) Desired survivor size 20971520 bytes, new threshold 15 (max threshold 15)
[2025-08-21T06:45:04.154+0000][1692007][info ][gc,phases   ] GC(359)   Pre Evacuate Collection Set: 0.0ms
[2025-08-21T06:45:04.154+0000][1692007][info ][gc,phases   ] GC(359)   Merge Heap Roots: 0.0ms
[2025-08-21T06:45:04.154+0000][1692007][info ][gc,phases   ] GC(359)   Evacuate Collection Set: 0.6ms
[2025-08-21T06:45:04.154+0000][1692007][info ][gc,phases   ] GC(359)   Post Evacuate Collection Set: 0.8ms
[2025-08-21T06:45:04.154+0000][1692007][info ][gc,phases   ] GC(359)   Other: 0.0ms
[2025-08-21T06:45:04.154+0000][1692007][trace][gc,age      ] GC(359) Age table with threshold 15 (max threshold 15)
[2025-08-21T06:45:04.154+0000][1692007][trace][gc,age      ] GC(359) - age   1:       9528 bytes,       9528 total
[2025-08-21T06:45:04.154+0000][1692007][trace][gc,age      ] GC(359) - age   3:        336 bytes,       9864 total
[2025-08-21T06:45:04.154+0000][1692007][trace][gc,age      ] GC(359) - age   5:        176 bytes,      10040 total
[2025-08-21T06:45:04.154+0000][1692007][info ][gc,heap     ] GC(359) Eden regions: 75->0(75)
[2025-08-21T06:45:04.154+0000][1692007][info ][gc,heap     ] GC(359) Survivor regions: 1->1(10)
[2025-08-21T06:45:04.154+0000][1692007][info ][gc,heap     ] GC(359) Old regions: 23->23
[2025-08-21T06:45:04.154+0000][1692007][info ][gc,heap     ] GC(359) Humongous regions: 0->0
[2025-08-21T06:45:04.154+0000][1692007][info ][gc,metaspace] GC(359) Metaspace: 141953K(147968K)->141953K(147968K) NonClass: 123138K(126720K)->123138K(126720K) Class: 18815K(21248K)->18815K(21248K)
[2025-08-21T06:45:04.154+0000][1692007][info ][gc          ] GC(359) Pause Young (Normal) (G1 Evacuation Pause) 391M->91M(512M) 1.898ms
[2025-08-21T06:45:04.154+0000][1692007][info ][gc,cpu      ] GC(359) User=0.00s Sys=0.00s Real=0.00s
[2025-08-21T06:45:04.154+0000][1692007][info ][safepoint   ] Safepoint "G1CollectForAllocation", Time since last: 705369692855 ns, Reaching safepoint: 7542 ns, Cleanup: 2784 ns, At safepoint: 1929764 ns, Total: 1940090 ns
[2025-08-21T06:56:49.688+0000][1692007][info ][gc,start    ] GC(360) Pause Young (Normal) (G1 Evacuation Pause)
[2025-08-21T06:56:49.689+0000][1692007][info ][gc,task     ] GC(360) Using 1 workers of 1 for evacuation
[2025-08-21T06:56:49.689+0000][1692007][debug][gc,age      ] GC(360) Desired survivor size 20971520 bytes, new threshold 15 (max threshold 15)
[2025-08-21T06:56:49.690+0000][1692007][info ][gc,phases   ] GC(360)   Pre Evacuate Collection Set: 0.0ms
[2025-08-21T06:56:49.690+0000][1692007][info ][gc,phases   ] GC(360)   Merge Heap Roots: 0.0ms
[2025-08-21T06:56:49.690+0000][1692007][info ][gc,phases   ] GC(360)   Evacuate Collection Set: 0.6ms
[2025-08-21T06:56:49.690+0000][1692007][info ][gc,phases   ] GC(360)   Post Evacuate Collection Set: 0.7ms
[2025-08-21T06:56:49.690+0000][1692007][info ][gc,phases   ] GC(360)   Other: 0.0ms
[2025-08-21T06:56:49.690+0000][1692007][trace][gc,age      ] GC(360) Age table with threshold 15 (max threshold 15)
[2025-08-21T06:56:49.690+0000][1692007][trace][gc,age      ] GC(360) - age   1:      11224 bytes,      11224 total
[2025-08-21T06:56:49.690+0000][1692007][trace][gc,age      ] GC(360) - age   4:        336 bytes,      11560 total
[2025-08-21T06:56:49.690+0000][1692007][info ][gc,heap     ] GC(360) Eden regions: 75->0(75)
[2025-08-21T06:56:49.690+0000][1692007][info ][gc,heap     ] GC(360) Survivor regions: 1->1(10)
[2025-08-21T06:56:49.690+0000][1692007][info ][gc,heap     ] GC(360) Old regions: 23->23
[2025-08-21T06:56:49.690+0000][1692007][info ][gc,heap     ] GC(360) Humongous regions: 0->0
[2025-08-21T06:56:49.690+0000][1692007][info ][gc,metaspace] GC(360) Metaspace: 141953K(147968K)->141953K(147968K) NonClass: 123138K(126720K)->123138K(126720K) Class: 18815K(21248K)->18815K(21248K)
[2025-08-21T06:56:49.690+0000][1692007][info ][gc          ] GC(360) Pause Young (Normal) (G1 Evacuation Pause) 391M->91M(512M) 1.652ms
[2025-08-21T06:56:49.690+0000][1692007][info ][gc,cpu      ] GC(360) User=0.00s Sys=0.00s Real=0.00s
[2025-08-21T06:56:49.690+0000][1692007][info ][safepoint   ] Safepoint "G1CollectForAllocation", Time since last: 705534241515 ns, Reaching safepoint: 7321 ns, Cleanup: 2463 ns, At safepoint: 1684324 ns, Total: 1694108 ns
[2025-08-21T07:08:35.257+0000][1692007][info ][gc,start    ] GC(361) Pause Young (Normal) (G1 Evacuation Pause)
[2025-08-21T07:08:35.257+0000][1692007][info ][gc,task     ] GC(361) Using 1 workers of 1 for evacuation
[2025-08-21T07:08:35.257+0000][1692007][debug][gc,age      ] GC(361) Desired survivor size 20971520 bytes, new threshold 15 (max threshold 15)
[2025-08-21T07:08:35.259+0000][1692007][info ][gc,phases   ] GC(361)   Pre Evacuate Collection Set: 0.0ms
[2025-08-21T07:08:35.259+0000][1692007][info ][gc,phases   ] GC(361)   Merge Heap Roots: 0.0ms
[2025-08-21T07:08:35.259+0000][1692007][info ][gc,phases   ] GC(361)   Evacuate Collection Set: 0.6ms
[2025-08-21T07:08:35.259+0000][1692007][info ][gc,phases   ] GC(361)   Post Evacuate Collection Set: 1.2ms
[2025-08-21T07:08:35.259+0000][1692007][info ][gc,phases   ] GC(361)   Other: 0.0ms
[2025-08-21T07:08:35.259+0000][1692007][trace][gc,age      ] GC(361) Age table with threshold 15 (max threshold 15)
[2025-08-21T07:08:35.259+0000][1692007][trace][gc,age      ] GC(361) - age   1:      11024 bytes,      11024 total
[2025-08-21T07:08:35.259+0000][1692007][trace][gc,age      ] GC(361) - age   2:        176 bytes,      11200 total
[2025-08-21T07:08:35.259+0000][1692007][trace][gc,age      ] GC(361) - age   5:        336 bytes,      11536 total
[2025-08-21T07:08:35.259+0000][1692007][info ][gc,heap     ] GC(361) Eden regions: 75->0(75)
[2025-08-21T07:08:35.259+0000][1692007][info ][gc,heap     ] GC(361) Survivor regions: 1->1(10)
[2025-08-21T07:08:35.259+0000][1692007][info ][gc,heap     ] GC(361) Old regions: 23->23
[2025-08-21T07:08:35.259+0000][1692007][info ][gc,heap     ] GC(361) Humongous regions: 0->0
[2025-08-21T07:08:35.259+0000][1692007][info ][gc,metaspace] GC(361) Metaspace: 141953K(147968K)->141953K(147968K) NonClass: 123138K(126720K)->123138K(126720K) Class: 18815K(21248K)->18815K(21248K)
[2025-08-21T07:08:35.259+0000][1692007][info ][gc          ] GC(361) Pause Young (Normal) (G1 Evacuation Pause) 391M->91M(512M) 2.225ms
[2025-08-21T07:08:35.259+0000][1692007][info ][gc,cpu      ] GC(361) User=0.00s Sys=0.00s Real=0.00s
[2025-08-21T07:08:35.259+0000][1692007][info ][safepoint   ] Safepoint "G1CollectForAllocation", Time since last: 705566395702 ns, Reaching safepoint: 7211 ns, Cleanup: 2453 ns, At safepoint: 2257079 ns, Total: 2266743 ns
[2025-08-21T07:13:55.309+0000][1692007][info ][safepoint   ] Safepoint "Cleanup", Time since last: 320050090368 ns, Reaching safepoint: 28804 ns, Cleanup: 11027 ns, At safepoint: 4506 ns, Total: 44337 ns
[2025-08-21T07:20:20.841+0000][1692007][info ][gc,start    ] GC(362) Pause Young (Normal) (G1 Evacuation Pause)
[2025-08-21T07:20:20.841+0000][1692007][info ][gc,task     ] GC(362) Using 1 workers of 1 for evacuation
[2025-08-21T07:20:20.841+0000][1692007][debug][gc,age      ] GC(362) Desired survivor size 20971520 bytes, new threshold 15 (max threshold 15)
[2025-08-21T07:20:20.844+0000][1692007][info ][gc,phases   ] GC(362)   Pre Evacuate Collection Set: 0.0ms
[2025-08-21T07:20:20.844+0000][1692007][info ][gc,phases   ] GC(362)   Merge Heap Roots: 0.0ms
[2025-08-21T07:20:20.844+0000][1692007][info ][gc,phases   ] GC(362)   Evacuate Collection Set: 0.6ms
[2025-08-21T07:20:20.844+0000][1692007][info ][gc,phases   ] GC(362)   Post Evacuate Collection Set: 1.8ms
[2025-08-21T07:20:20.844+0000][1692007][info ][gc,phases   ] GC(362)   Other: 0.0ms
[2025-08-21T07:20:20.844+0000][1692007][trace][gc,age      ] GC(362) Age table with threshold 15 (max threshold 15)
[2025-08-21T07:20:20.844+0000][1692007][trace][gc,age      ] GC(362) - age   1:      10752 bytes,      10752 total
[2025-08-21T07:20:20.844+0000][1692007][trace][gc,age      ] GC(362) - age   2:        352 bytes,      11104 total
[2025-08-21T07:20:20.844+0000][1692007][trace][gc,age      ] GC(362) - age   3:        176 bytes,      11280 total
[2025-08-21T07:20:20.844+0000][1692007][trace][gc,age      ] GC(362) - age   6:        336 bytes,      11616 total
[2025-08-21T07:20:20.844+0000][1692007][info ][gc,heap     ] GC(362) Eden regions: 75->0(75)
[2025-08-21T07:20:20.844+0000][1692007][info ][gc,heap     ] GC(362) Survivor regions: 1->1(10)
[2025-08-21T07:20:20.844+0000][1692007][info ][gc,heap     ] GC(362) Old regions: 23->23
[2025-08-21T07:20:20.844+0000][1692007][info ][gc,heap     ] GC(362) Humongous regions: 0->0
[2025-08-21T07:20:20.844+0000][1692007][info ][gc,metaspace] GC(362) Metaspace: 141953K(147968K)->141953K(147968K) NonClass: 123138K(126720K)->123138K(126720K) Class: 18815K(21248K)->18815K(21248K)
[2025-08-21T07:20:20.844+0000][1692007][info ][gc          ] GC(362) Pause Young (Normal) (G1 Evacuation Pause) 391M->91M(512M) 2.758ms
[2025-08-21T07:20:20.844+0000][1692007][info ][gc,cpu      ] GC(362) User=0.00s Sys=0.00s Real=0.00s
[2025-08-21T07:20:20.844+0000][1692007][info ][safepoint   ] Safepoint "G1CollectForAllocation", Time since last: 385532285416 ns, Reaching safepoint: 8633 ns, Cleanup: 2354 ns, At safepoint: 2800399 ns, Total: 2811386 ns
[2025-08-21T07:32:06.307+0000][1692007][info ][gc,start    ] GC(363) Pause Young (Normal) (G1 Evacuation Pause)
[2025-08-21T07:32:06.308+0000][1692007][info ][gc,task     ] GC(363) Using 1 workers of 1 for evacuation
[2025-08-21T07:32:06.308+0000][1692007][debug][gc,age      ] GC(363) Desired survivor size 20971520 bytes, new threshold 15 (max threshold 15)
[2025-08-21T07:32:06.309+0000][1692007][info ][gc,phases   ] GC(363)   Pre Evacuate Collection Set: 0.0ms
[2025-08-21T07:32:06.309+0000][1692007][info ][gc,phases   ] GC(363)   Merge Heap Roots: 0.0ms
[2025-08-21T07:32:06.309+0000][1692007][info ][gc,phases   ] GC(363)   Evacuate Collection Set: 0.6ms
[2025-08-21T07:32:06.309+0000][1692007][info ][gc,phases   ] GC(363)   Post Evacuate Collection Set: 0.7ms
[2025-08-21T07:32:06.309+0000][1692007][info ][gc,phases   ] GC(363)   Other: 0.0ms
[2025-08-21T07:32:06.309+0000][1692007][trace][gc,age      ] GC(363) Age table with threshold 15 (max threshold 15)
[2025-08-21T07:32:06.309+0000][1692007][trace][gc,age      ] GC(363) - age   1:       9536 bytes,       9536 total
[2025-08-21T07:32:06.309+0000][1692007][trace][gc,age      ] GC(363) - age   4:        176 bytes,       9712 total
[2025-08-21T07:32:06.309+0000][1692007][trace][gc,age      ] GC(363) - age   7:        336 bytes,      10048 total
[2025-08-21T07:32:06.309+0000][1692007][info ][gc,heap     ] GC(363) Eden regions: 75->0(75)
[2025-08-21T07:32:06.309+0000][1692007][info ][gc,heap     ] GC(363) Survivor regions: 1->1(10)
[2025-08-21T07:32:06.309+0000][1692007][info ][gc,heap     ] GC(363) Old regions: 23->23
[2025-08-21T07:32:06.309+0000][1692007][info ][gc,heap     ] GC(363) Humongous regions: 0->0
[2025-08-21T07:32:06.309+0000][1692007][info ][gc,metaspace] GC(363) Metaspace: 141953K(147968K)->141953K(147968K) NonClass: 123138K(126720K)->123138K(126720K) Class: 18815K(21248K)->18815K(21248K)
[2025-08-21T07:32:06.309+0000][1692007][info ][gc          ] GC(363) Pause Young (Normal) (G1 Evacuation Pause) 391M->91M(512M) 1.943ms
[2025-08-21T07:32:06.309+0000][1692007][info ][gc,cpu      ] GC(363) User=0.00s Sys=0.00s Real=0.00s
[2025-08-21T07:32:06.309+0000][1692007][info ][safepoint   ] Safepoint "G1CollectForAllocation", Time since last: 705463157146 ns, Reaching safepoint: 6931 ns, Cleanup: 2924 ns, At safepoint: 1975844 ns, Total: 1985699 ns
[2025-08-21T07:43:46.995+0000][1692007][info ][gc,start    ] GC(364) Pause Young (Normal) (G1 Evacuation Pause)
[2025-08-21T07:43:46.995+0000][1692007][info ][gc,task     ] GC(364) Using 1 workers of 1 for evacuation
[2025-08-21T07:43:46.995+0000][1692007][debug][gc,age      ] GC(364) Desired survivor size 20971520 bytes, new threshold 15 (max threshold 15)
[2025-08-21T07:43:46.998+0000][1692007][info ][gc,phases   ] GC(364)   Pre Evacuate Collection Set: 0.1ms
[2025-08-21T07:43:46.998+0000][1692007][info ][gc,phases   ] GC(364)   Merge Heap Roots: 0.0ms
[2025-08-21T07:43:46.998+0000][1692007][info ][gc,phases   ] GC(364)   Evacuate Collection Set: 0.6ms
[2025-08-21T07:43:46.998+0000][1692007][info ][gc,phases   ] GC(364)   Post Evacuate Collection Set: 1.8ms
[2025-08-21T07:43:46.998+0000][1692007][info ][gc,phases   ] GC(364)   Other: 0.0ms
[2025-08-21T07:43:46.998+0000][1692007][trace][gc,age      ] GC(364) Age table with threshold 15 (max threshold 15)
[2025-08-21T07:43:46.998+0000][1692007][trace][gc,age      ] GC(364) - age   1:      21400 bytes,      21400 total
[2025-08-21T07:43:46.998+0000][1692007][trace][gc,age      ] GC(364) - age   5:        176 bytes,      21576 total
[2025-08-21T07:43:46.998+0000][1692007][trace][gc,age      ] GC(364) - age   8:        336 bytes,      21912 total
[2025-08-21T07:43:46.998+0000][1692007][info ][gc,heap     ] GC(364) Eden regions: 75->0(75)
[2025-08-21T07:43:46.998+0000][1692007][info ][gc,heap     ] GC(364) Survivor regions: 1->1(10)
[2025-08-21T07:43:46.998+0000][1692007][info ][gc,heap     ] GC(364) Old regions: 23->23
[2025-08-21T07:43:46.998+0000][1692007][info ][gc,heap     ] GC(364) Humongous regions: 0->0
[2025-08-21T07:43:46.998+0000][1692007][info ][gc,metaspace] GC(364) Metaspace: 141954K(147968K)->141954K(147968K) NonClass: 123139K(126720K)->123139K(126720K) Class: 18815K(21248K)->18815K(21248K)
[2025-08-21T07:43:46.998+0000][1692007][info ][gc          ] GC(364) Pause Young (Normal) (G1 Evacuation Pause) 391M->91M(512M) 2.808ms
[2025-08-21T07:43:46.998+0000][1692007][info ][gc,cpu      ] GC(364) User=0.00s Sys=0.00s Real=0.01s
[2025-08-21T07:43:46.998+0000][1692007][info ][safepoint   ] Safepoint "G1CollectForAllocation", Time since last: 700685941245 ns, Reaching safepoint: 7432 ns, Cleanup: 2514 ns, At safepoint: 2840393 ns, Total: 2850339 ns
[2025-08-21T07:55:32.576+0000][1692007][info ][gc,start    ] GC(365) Pause Young (Normal) (G1 Evacuation Pause)
[2025-08-21T07:55:32.576+0000][1692007][info ][gc,task     ] GC(365) Using 1 workers of 1 for evacuation
[2025-08-21T07:55:32.576+0000][1692007][debug][gc,age      ] GC(365) Desired survivor size 20971520 bytes, new threshold 15 (max threshold 15)
[2025-08-21T07:55:32.579+0000][1692007][info ][gc,phases   ] GC(365)   Pre Evacuate Collection Set: 0.0ms
[2025-08-21T07:55:32.579+0000][1692007][info ][gc,phases   ] GC(365)   Merge Heap Roots: 0.0ms
[2025-08-21T07:55:32.579+0000][1692007][info ][gc,phases   ] GC(365)   Evacuate Collection Set: 0.6ms
[2025-08-21T07:55:32.579+0000][1692007][info ][gc,phases   ] GC(365)   Post Evacuate Collection Set: 2.0ms
[2025-08-21T07:55:32.579+0000][1692007][info ][gc,phases   ] GC(365)   Other: 0.0ms
[2025-08-21T07:55:32.579+0000][1692007][trace][gc,age      ] GC(365) Age table with threshold 15 (max threshold 15)
[2025-08-21T07:55:32.579+0000][1692007][trace][gc,age      ] GC(365) - age   1:      11200 bytes,      11200 total
[2025-08-21T07:55:32.579+0000][1692007][trace][gc,age      ] GC(365) - age   2:       1920 bytes,      13120 total
[2025-08-21T07:55:32.579+0000][1692007][trace][gc,age      ] GC(365) - age   9:        336 bytes,      13456 total
[2025-08-21T07:55:32.579+0000][1692007][info ][gc,heap     ] GC(365) Eden regions: 75->0(75)
[2025-08-21T07:55:32.579+0000][1692007][info ][gc,heap     ] GC(365) Survivor regions: 1->1(10)
[2025-08-21T07:55:32.579+0000][1692007][info ][gc,heap     ] GC(365) Old regions: 23->23
[2025-08-21T07:55:32.579+0000][1692007][info ][gc,heap     ] GC(365) Humongous regions: 0->0
[2025-08-21T07:55:32.579+0000][1692007][info ][gc,metaspace] GC(365) Metaspace: 141954K(147968K)->141954K(147968K) NonClass: 123139K(126720K)->123139K(126720K) Class: 18815K(21248K)->18815K(21248K)
[2025-08-21T07:55:32.579+0000][1692007][info ][gc          ] GC(365) Pause Young (Normal) (G1 Evacuation Pause) 391M->91M(512M) 3.023ms
[2025-08-21T07:55:32.579+0000][1692007][info ][gc,cpu      ] GC(365) User=0.00s Sys=0.00s Real=0.00s
[2025-08-21T07:55:32.579+0000][1692007][info ][safepoint   ] Safepoint "G1CollectForAllocation", Time since last: 705577801006 ns, Reaching safepoint: 6890 ns, Cleanup: 2895 ns, At safepoint: 3055738 ns, Total: 3065523 ns
[2025-08-21T08:00:57.600+0000][1692007][info ][safepoint   ] Safepoint "Cleanup", Time since last: 325020989236 ns, Reaching safepoint: 38919 ns, Cleanup: 8573 ns, At safepoint: 4607 ns, Total: 52099 ns
[2025-08-21T08:02:27.609+0000][1692007][info ][safepoint   ] Safepoint "Cleanup", Time since last: 90009238793 ns, Reaching safepoint: 43606 ns, Cleanup: 8232 ns, At safepoint: 1973 ns, Total: 53811 ns
[2025-08-21T08:07:17.658+0000][1692007][info ][gc,start    ] GC(366) Pause Young (Normal) (G1 Evacuation Pause)
[2025-08-21T08:07:17.659+0000][1692007][info ][gc,task     ] GC(366) Using 1 workers of 1 for evacuation
[2025-08-21T08:07:17.659+0000][1692007][debug][gc,age      ] GC(366) Desired survivor size 20971520 bytes, new threshold 15 (max threshold 15)
[2025-08-21T08:07:17.660+0000][1692007][info ][gc,phases   ] GC(366)   Pre Evacuate Collection Set: 0.0ms
[2025-08-21T08:07:17.660+0000][1692007][info ][gc,phases   ] GC(366)   Merge Heap Roots: 0.0ms
[2025-08-21T08:07:17.660+0000][1692007][info ][gc,phases   ] GC(366)   Evacuate Collection Set: 0.7ms
[2025-08-21T08:07:17.660+0000][1692007][info ][gc,phases   ] GC(366)   Post Evacuate Collection Set: 0.7ms
[2025-08-21T08:07:17.660+0000][1692007][info ][gc,phases   ] GC(366)   Other: 0.0ms
[2025-08-21T08:07:17.660+0000][1692007][trace][gc,age      ] GC(366) Age table with threshold 15 (max threshold 15)
[2025-08-21T08:07:17.660+0000][1692007][trace][gc,age      ] GC(366) - age   1:       9696 bytes,       9696 total
[2025-08-21T08:07:17.660+0000][1692007][trace][gc,age      ] GC(366) - age   2:        176 bytes,       9872 total
[2025-08-21T08:07:17.660+0000][1692007][trace][gc,age      ] GC(366) - age   3:       1920 bytes,      11792 total
[2025-08-21T08:07:17.660+0000][1692007][trace][gc,age      ] GC(366) - age  10:        336 bytes,      12128 total
[2025-08-21T08:07:17.660+0000][1692007][info ][gc,heap     ] GC(366) Eden regions: 75->0(75)
[2025-08-21T08:07:17.660+0000][1692007][info ][gc,heap     ] GC(366) Survivor regions: 1->1(10)
[2025-08-21T08:07:17.660+0000][1692007][info ][gc,heap     ] GC(366) Old regions: 23->23
[2025-08-21T08:07:17.660+0000][1692007][info ][gc,heap     ] GC(366) Humongous regions: 0->0
[2025-08-21T08:07:17.660+0000][1692007][info ][gc,metaspace] GC(366) Metaspace: 141954K(147968K)->141954K(147968K) NonClass: 123139K(126720K)->123139K(126720K) Class: 18815K(21248K)->18815K(21248K)
[2025-08-21T08:07:17.660+0000][1692007][info ][gc          ] GC(366) Pause Young (Normal) (G1 Evacuation Pause) 391M->91M(512M) 2.011ms
[2025-08-21T08:07:17.660+0000][1692007][info ][gc,cpu      ] GC(366) User=0.00s Sys=0.00s Real=0.00s
[2025-08-21T08:07:17.660+0000][1692007][info ][safepoint   ] Safepoint "G1CollectForAllocation", Time since last: 290049106177 ns, Reaching safepoint: 4177 ns, Cleanup: 2914 ns, At safepoint: 2043518 ns, Total: 2050609 ns
[2025-08-21T08:19:03.750+0000][1692007][info ][gc,start    ] GC(367) Pause Young (Normal) (G1 Evacuation Pause)
[2025-08-21T08:19:03.750+0000][1692007][info ][gc,task     ] GC(367) Using 1 workers of 1 for evacuation
[2025-08-21T08:19:03.750+0000][1692007][debug][gc,age      ] GC(367) Desired survivor size 20971520 bytes, new threshold 15 (max threshold 15)
[2025-08-21T08:19:03.753+0000][1692007][info ][gc,phases   ] GC(367)   Pre Evacuate Collection Set: 0.0ms
[2025-08-21T08:19:03.753+0000][1692007][info ][gc,phases   ] GC(367)   Merge Heap Roots: 0.0ms
[2025-08-21T08:19:03.753+0000][1692007][info ][gc,phases   ] GC(367)   Evacuate Collection Set: 0.6ms
[2025-08-21T08:19:03.753+0000][1692007][info ][gc,phases   ] GC(367)   Post Evacuate Collection Set: 2.2ms
[2025-08-21T08:19:03.753+0000][1692007][info ][gc,phases   ] GC(367)   Other: 0.0ms
[2025-08-21T08:19:03.753+0000][1692007][trace][gc,age      ] GC(367) Age table with threshold 15 (max threshold 15)
[2025-08-21T08:19:03.753+0000][1692007][trace][gc,age      ] GC(367) - age   1:      10672 bytes,      10672 total
[2025-08-21T08:19:03.753+0000][1692007][trace][gc,age      ] GC(367) - age   2:        352 bytes,      11024 total
[2025-08-21T08:19:03.753+0000][1692007][trace][gc,age      ] GC(367) - age   3:        176 bytes,      11200 total
[2025-08-21T08:19:03.753+0000][1692007][trace][gc,age      ] GC(367) - age   4:       1920 bytes,      13120 total
[2025-08-21T08:19:03.753+0000][1692007][trace][gc,age      ] GC(367) - age  11:        336 bytes,      13456 total
[2025-08-21T08:19:03.753+0000][1692007][info ][gc,heap     ] GC(367) Eden regions: 75->0(75)
[2025-08-21T08:19:03.753+0000][1692007][info ][gc,heap     ] GC(367) Survivor regions: 1->1(10)
[2025-08-21T08:19:03.753+0000][1692007][info ][gc,heap     ] GC(367) Old regions: 23->23
[2025-08-21T08:19:03.753+0000][1692007][info ][gc,heap     ] GC(367) Humongous regions: 0->0
[2025-08-21T08:19:03.753+0000][1692007][info ][gc,metaspace] GC(367) Metaspace: 141954K(147968K)->141954K(147968K) NonClass: 123139K(126720K)->123139K(126720K) Class: 18815K(21248K)->18815K(21248K)
[2025-08-21T08:19:03.753+0000][1692007][info ][gc          ] GC(367) Pause Young (Normal) (G1 Evacuation Pause) 391M->91M(512M) 3.241ms
[2025-08-21T08:19:03.753+0000][1692007][info ][gc,cpu      ] GC(367) User=0.00s Sys=0.00s Real=0.00s
[2025-08-21T08:19:03.753+0000][1692007][info ][safepoint   ] Safepoint "G1CollectForAllocation", Time since last: 706089704382 ns, Reaching safepoint: 7692 ns, Cleanup: 2904 ns, At safepoint: 3274216 ns, Total: 3284812 ns
[2025-08-21T08:30:45.903+0000][1692007][info ][gc,start    ] GC(368) Pause Young (Normal) (G1 Evacuation Pause)
[2025-08-21T08:30:45.903+0000][1692007][info ][gc,task     ] GC(368) Using 1 workers of 1 for evacuation
[2025-08-21T08:30:45.903+0000][1692007][debug][gc,age      ] GC(368) Desired survivor size 20971520 bytes, new threshold 15 (max threshold 15)
[2025-08-21T08:30:45.905+0000][1692007][info ][gc,phases   ] GC(368)   Pre Evacuate Collection Set: 0.0ms
[2025-08-21T08:30:45.905+0000][1692007][info ][gc,phases   ] GC(368)   Merge Heap Roots: 0.0ms
[2025-08-21T08:30:45.905+0000][1692007][info ][gc,phases   ] GC(368)   Evacuate Collection Set: 0.6ms
[2025-08-21T08:30:45.905+0000][1692007][info ][gc,phases   ] GC(368)   Post Evacuate Collection Set: 0.7ms
[2025-08-21T08:30:45.905+0000][1692007][info ][gc,phases   ] GC(368)   Other: 0.0ms
[2025-08-21T08:30:45.905+0000][1692007][trace][gc,age      ] GC(368) Age table with threshold 15 (max threshold 15)
[2025-08-21T08:30:45.905+0000][1692007][trace][gc,age      ] GC(368) - age   1:       9608 bytes,       9608 total
[2025-08-21T08:30:45.905+0000][1692007][trace][gc,age      ] GC(368) - age   4:        176 bytes,       9784 total
[2025-08-21T08:30:45.905+0000][1692007][trace][gc,age      ] GC(368) - age   5:       1920 bytes,      11704 total
[2025-08-21T08:30:45.905+0000][1692007][trace][gc,age      ] GC(368) - age  12:        336 bytes,      12040 total
[2025-08-21T08:30:45.905+0000][1692007][info ][gc,heap     ] GC(368) Eden regions: 75->0(75)
[2025-08-21T08:30:45.905+0000][1692007][info ][gc,heap     ] GC(368) Survivor regions: 1->1(10)
[2025-08-21T08:30:45.905+0000][1692007][info ][gc,heap     ] GC(368) Old regions: 23->23
[2025-08-21T08:30:45.905+0000][1692007][info ][gc,heap     ] GC(368) Humongous regions: 0->0
[2025-08-21T08:30:45.905+0000][1692007][info ][gc,metaspace] GC(368) Metaspace: 141954K(147968K)->141954K(147968K) NonClass: 123139K(126720K)->123139K(126720K) Class: 18815K(21248K)->18815K(21248K)
[2025-08-21T08:30:45.905+0000][1692007][info ][gc          ] GC(368) Pause Young (Normal) (G1 Evacuation Pause) 391M->91M(512M) 2.035ms
[2025-08-21T08:30:45.905+0000][1692007][info ][gc,cpu      ] GC(368) User=0.01s Sys=0.00s Real=0.00s
[2025-08-21T08:30:45.905+0000][1692007][info ][safepoint   ] Safepoint "G1CollectForAllocation", Time since last: 702149597941 ns, Reaching safepoint: 9274 ns, Cleanup: 3005 ns, At safepoint: 2068164 ns, Total: 2080443 ns
[2025-08-21T08:42:29.921+0000][1692007][info ][gc,start    ] GC(369) Pause Young (Normal) (G1 Evacuation Pause)
[2025-08-21T08:42:29.921+0000][1692007][info ][gc,task     ] GC(369) Using 1 workers of 1 for evacuation
[2025-08-21T08:42:29.921+0000][1692007][debug][gc,age      ] GC(369) Desired survivor size 20971520 bytes, new threshold 15 (max threshold 15)
[2025-08-21T08:42:29.924+0000][1692007][info ][gc,phases   ] GC(369)   Pre Evacuate Collection Set: 0.0ms
[2025-08-21T08:42:29.924+0000][1692007][info ][gc,phases   ] GC(369)   Merge Heap Roots: 0.0ms
[2025-08-21T08:42:29.924+0000][1692007][info ][gc,phases   ] GC(369)   Evacuate Collection Set: 0.7ms
[2025-08-21T08:42:29.924+0000][1692007][info ][gc,phases   ] GC(369)   Post Evacuate Collection Set: 2.5ms
[2025-08-21T08:42:29.924+0000][1692007][info ][gc,phases   ] GC(369)   Other: 0.0ms
[2025-08-21T08:42:29.924+0000][1692007][trace][gc,age      ] GC(369) Age table with threshold 15 (max threshold 15)
[2025-08-21T08:42:29.924+0000][1692007][trace][gc,age      ] GC(369) - age   1:      11232 bytes,      11232 total
[2025-08-21T08:42:29.924+0000][1692007][trace][gc,age      ] GC(369) - age   5:        176 bytes,      11408 total
[2025-08-21T08:42:29.924+0000][1692007][trace][gc,age      ] GC(369) - age   6:       1920 bytes,      13328 total
[2025-08-21T08:42:29.924+0000][1692007][trace][gc,age      ] GC(369) - age  13:        336 bytes,      13664 total
[2025-08-21T08:42:29.924+0000][1692007][info ][gc,heap     ] GC(369) Eden regions: 75->0(75)
[2025-08-21T08:42:29.924+0000][1692007][info ][gc,heap     ] GC(369) Survivor regions: 1->1(10)
[2025-08-21T08:42:29.924+0000][1692007][info ][gc,heap     ] GC(369) Old regions: 23->23
[2025-08-21T08:42:29.924+0000][1692007][info ][gc,heap     ] GC(369) Humongous regions: 0->0
[2025-08-21T08:42:29.924+0000][1692007][info ][gc,metaspace] GC(369) Metaspace: 141954K(147968K)->141954K(147968K) NonClass: 123139K(126720K)->123139K(126720K) Class: 18815K(21248K)->18815K(21248K)
[2025-08-21T08:42:29.924+0000][1692007][info ][gc          ] GC(369) Pause Young (Normal) (G1 Evacuation Pause) 391M->91M(512M) 3.488ms
[2025-08-21T08:42:29.924+0000][1692007][info ][gc,cpu      ] GC(369) User=0.00s Sys=0.00s Real=0.00s
[2025-08-21T08:42:29.924+0000][1692007][info ][safepoint   ] Safepoint "G1CollectForAllocation", Time since last: 704015768808 ns, Reaching safepoint: 7281 ns, Cleanup: 2634 ns, At safepoint: 3520908 ns, Total: 3530823 ns
[2025-08-21T08:54:16.357+0000][1692007][info ][gc,start    ] GC(370) Pause Young (Normal) (G1 Evacuation Pause)
[2025-08-21T08:54:16.358+0000][1692007][info ][gc,task     ] GC(370) Using 1 workers of 1 for evacuation
[2025-08-21T08:54:16.358+0000][1692007][debug][gc,age      ] GC(370) Desired survivor size 20971520 bytes, new threshold 15 (max threshold 15)
[2025-08-21T08:54:16.359+0000][1692007][info ][gc,phases   ] GC(370)   Pre Evacuate Collection Set: 0.1ms
[2025-08-21T08:54:16.359+0000][1692007][info ][gc,phases   ] GC(370)   Merge Heap Roots: 0.0ms
[2025-08-21T08:54:16.359+0000][1692007][info ][gc,phases   ] GC(370)   Evacuate Collection Set: 0.6ms
[2025-08-21T08:54:16.360+0000][1692007][info ][gc,phases   ] GC(370)   Post Evacuate Collection Set: 0.7ms
[2025-08-21T08:54:16.360+0000][1692007][info ][gc,phases   ] GC(370)   Other: 0.0ms
[2025-08-21T08:54:16.360+0000][1692007][trace][gc,age      ] GC(370) Age table with threshold 15 (max threshold 15)
[2025-08-21T08:54:16.360+0000][1692007][trace][gc,age      ] GC(370) - age   1:      27032 bytes,      27032 total
[2025-08-21T08:54:16.360+0000][1692007][trace][gc,age      ] GC(370) - age   7:       1920 bytes,      28952 total
[2025-08-21T08:54:16.360+0000][1692007][trace][gc,age      ] GC(370) - age  14:        336 bytes,      29288 total
[2025-08-21T08:54:16.360+0000][1692007][info ][gc,heap     ] GC(370) Eden regions: 75->0(75)
[2025-08-21T08:54:16.360+0000][1692007][info ][gc,heap     ] GC(370) Survivor regions: 1->1(10)
[2025-08-21T08:54:16.360+0000][1692007][info ][gc,heap     ] GC(370) Old regions: 23->23
[2025-08-21T08:54:16.360+0000][1692007][info ][gc,heap     ] GC(370) Humongous regions: 0->0
[2025-08-21T08:54:16.360+0000][1692007][info ][gc,metaspace] GC(370) Metaspace: 141954K(147968K)->141954K(147968K) NonClass: 123139K(126720K)->123139K(126720K) Class: 18815K(21248K)->18815K(21248K)
[2025-08-21T08:54:16.360+0000][1692007][info ][gc          ] GC(370) Pause Young (Normal) (G1 Evacuation Pause) 391M->91M(512M) 2.056ms
[2025-08-21T08:54:16.360+0000][1692007][info ][gc,cpu      ] GC(370) User=0.00s Sys=0.00s Real=0.00s
[2025-08-21T08:54:16.360+0000][1692007][info ][safepoint   ] Safepoint "G1CollectForAllocation", Time since last: 706433138061 ns, Reaching safepoint: 36726 ns, Cleanup: 3485 ns, At safepoint: 2088232 ns, Total: 2128443 ns
[2025-08-21T09:06:01.112+0000][1692007][info ][gc,start    ] GC(371) Pause Young (Normal) (G1 Evacuation Pause)
[2025-08-21T09:06:01.112+0000][1692007][info ][gc,task     ] GC(371) Using 1 workers of 1 for evacuation
[2025-08-21T09:06:01.112+0000][1692007][debug][gc,age      ] GC(371) Desired survivor size 20971520 bytes, new threshold 15 (max threshold 15)
[2025-08-21T09:06:01.115+0000][1692007][info ][gc,phases   ] GC(371)   Pre Evacuate Collection Set: 0.0ms
[2025-08-21T09:06:01.115+0000][1692007][info ][gc,phases   ] GC(371)   Merge Heap Roots: 0.0ms
[2025-08-21T09:06:01.115+0000][1692007][info ][gc,phases   ] GC(371)   Evacuate Collection Set: 0.6ms
[2025-08-21T09:06:01.115+0000][1692007][info ][gc,phases   ] GC(371)   Post Evacuate Collection Set: 2.2ms
[2025-08-21T09:06:01.115+0000][1692007][info ][gc,phases   ] GC(371)   Other: 0.0ms
[2025-08-21T09:06:01.115+0000][1692007][trace][gc,age      ] GC(371) Age table with threshold 15 (max threshold 15)
[2025-08-21T09:06:01.115+0000][1692007][trace][gc,age      ] GC(371) - age   1:      11024 bytes,      11024 total
[2025-08-21T09:06:01.115+0000][1692007][trace][gc,age      ] GC(371) - age   2:        176 bytes,      11200 total
[2025-08-21T09:06:01.115+0000][1692007][trace][gc,age      ] GC(371) - age   8:       1920 bytes,      13120 total
[2025-08-21T09:06:01.115+0000][1692007][trace][gc,age      ] GC(371) - age  15:        336 bytes,      13456 total
[2025-08-21T09:06:01.115+0000][1692007][info ][gc,heap     ] GC(371) Eden regions: 75->0(75)
[2025-08-21T09:06:01.115+0000][1692007][info ][gc,heap     ] GC(371) Survivor regions: 1->1(10)
[2025-08-21T09:06:01.115+0000][1692007][info ][gc,heap     ] GC(371) Old regions: 23->23
[2025-08-21T09:06:01.115+0000][1692007][info ][gc,heap     ] GC(371) Humongous regions: 0->0
[2025-08-21T09:06:01.115+0000][1692007][info ][gc,metaspace] GC(371) Metaspace: 141954K(147968K)->141954K(147968K) NonClass: 123139K(126720K)->123139K(126720K) Class: 18815K(21248K)->18815K(21248K)
[2025-08-21T09:06:01.115+0000][1692007][info ][gc          ] GC(371) Pause Young (Normal) (G1 Evacuation Pause) 391M->91M(512M) 3.170ms
[2025-08-21T09:06:01.115+0000][1692007][info ][gc,cpu      ] GC(371) User=0.00s Sys=0.00s Real=0.01s
[2025-08-21T09:06:01.115+0000][1692007][info ][safepoint   ] Safepoint "G1CollectForAllocation", Time since last: 704752604549 ns, Reaching safepoint: 6770 ns, Cleanup: 2755 ns, At safepoint: 3201953 ns, Total: 3211478 ns
[2025-08-21T09:17:43.372+0000][1692007][info ][gc,start    ] GC(372) Pause Young (Normal) (G1 Evacuation Pause)
[2025-08-21T09:17:43.373+0000][1692007][info ][gc,task     ] GC(372) Using 1 workers of 1 for evacuation
[2025-08-21T09:17:43.373+0000][1692007][debug][gc,age      ] GC(372) Desired survivor size 20971520 bytes, new threshold 15 (max threshold 15)
[2025-08-21T09:17:43.374+0000][1692007][info ][gc,phases   ] GC(372)   Pre Evacuate Collection Set: 0.0ms
[2025-08-21T09:17:43.374+0000][1692007][info ][gc,phases   ] GC(372)   Merge Heap Roots: 0.0ms
[2025-08-21T09:17:43.374+0000][1692007][info ][gc,phases   ] GC(372)   Evacuate Collection Set: 0.6ms
[2025-08-21T09:17:43.374+0000][1692007][info ][gc,phases   ] GC(372)   Post Evacuate Collection Set: 0.7ms
[2025-08-21T09:17:43.374+0000][1692007][info ][gc,phases   ] GC(372)   Other: 0.3ms
[2025-08-21T09:17:43.374+0000][1692007][trace][gc,age      ] GC(372) Age table with threshold 15 (max threshold 15)
[2025-08-21T09:17:43.374+0000][1692007][trace][gc,age      ] GC(372) - age   1:       8848 bytes,       8848 total
[2025-08-21T09:17:43.374+0000][1692007][trace][gc,age      ] GC(372) - age   2:        352 bytes,       9200 total
[2025-08-21T09:17:43.374+0000][1692007][trace][gc,age      ] GC(372) - age   3:        176 bytes,       9376 total
[2025-08-21T09:17:43.374+0000][1692007][trace][gc,age      ] GC(372) - age   9:       1920 bytes,      11296 total
[2025-08-21T09:17:43.374+0000][1692007][info ][gc,heap     ] GC(372) Eden regions: 75->0(75)
[2025-08-21T09:17:43.374+0000][1692007][info ][gc,heap     ] GC(372) Survivor regions: 1->1(10)
[2025-08-21T09:17:43.374+0000][1692007][info ][gc,heap     ] GC(372) Old regions: 23->23
[2025-08-21T09:17:43.374+0000][1692007][info ][gc,heap     ] GC(372) Humongous regions: 0->0
[2025-08-21T09:17:43.374+0000][1692007][info ][gc,metaspace] GC(372) Metaspace: 141954K(147968K)->141954K(147968K) NonClass: 123139K(126720K)->123139K(126720K) Class: 18815K(21248K)->18815K(21248K)
[2025-08-21T09:17:43.374+0000][1692007][info ][gc          ] GC(372) Pause Young (Normal) (G1 Evacuation Pause) 391M->91M(512M) 2.213ms
[2025-08-21T09:17:43.374+0000][1692007][info ][gc,cpu      ] GC(372) User=0.00s Sys=0.01s Real=0.00s
[2025-08-21T09:17:43.374+0000][1692007][info ][safepoint   ] Safepoint "G1CollectForAllocation", Time since last: 702256687876 ns, Reaching safepoint: 7040 ns, Cleanup: 3265 ns, At safepoint: 2252030 ns, Total: 2262335 ns
[2025-08-21T09:29:27.290+0000][1692007][info ][gc,start    ] GC(373) Pause Young (Normal) (G1 Evacuation Pause)
[2025-08-21T09:29:27.290+0000][1692007][info ][gc,task     ] GC(373) Using 1 workers of 1 for evacuation
[2025-08-21T09:29:27.290+0000][1692007][debug][gc,age      ] GC(373) Desired survivor size 20971520 bytes, new threshold 15 (max threshold 15)
[2025-08-21T09:29:27.292+0000][1692007][info ][gc,phases   ] GC(373)   Pre Evacuate Collection Set: 0.1ms
[2025-08-21T09:29:27.292+0000][1692007][info ][gc,phases   ] GC(373)   Merge Heap Roots: 0.0ms
[2025-08-21T09:29:27.292+0000][1692007][info ][gc,phases   ] GC(373)   Evacuate Collection Set: 0.6ms
[2025-08-21T09:29:27.292+0000][1692007][info ][gc,phases   ] GC(373)   Post Evacuate Collection Set: 1.7ms
[2025-08-21T09:29:27.292+0000][1692007][info ][gc,phases   ] GC(373)   Other: 0.0ms
[2025-08-21T09:29:27.292+0000][1692007][trace][gc,age      ] GC(373) Age table with threshold 15 (max threshold 15)
[2025-08-21T09:29:27.292+0000][1692007][trace][gc,age      ] GC(373) - age   1:      10968 bytes,      10968 total
[2025-08-21T09:29:27.292+0000][1692007][trace][gc,age      ] GC(373) - age   4:        176 bytes,      11144 total
[2025-08-21T09:29:27.292+0000][1692007][trace][gc,age      ] GC(373) - age  10:       1920 bytes,      13064 total
[2025-08-21T09:29:27.292+0000][1692007][info ][gc,heap     ] GC(373) Eden regions: 75->0(75)
[2025-08-21T09:29:27.292+0000][1692007][info ][gc,heap     ] GC(373) Survivor regions: 1->1(10)
[2025-08-21T09:29:27.292+0000][1692007][info ][gc,heap     ] GC(373) Old regions: 23->23
[2025-08-21T09:29:27.292+0000][1692007][info ][gc,heap     ] GC(373) Humongous regions: 0->0
[2025-08-21T09:29:27.292+0000][1692007][info ][gc,metaspace] GC(373) Metaspace: 141954K(147968K)->141954K(147968K) NonClass: 123139K(126720K)->123139K(126720K) Class: 18815K(21248K)->18815K(21248K)
[2025-08-21T09:29:27.292+0000][1692007][info ][gc          ] GC(373) Pause Young (Normal) (G1 Evacuation Pause) 391M->91M(512M) 2.701ms
[2025-08-21T09:29:27.292+0000][1692007][info ][gc,cpu      ] GC(373) User=0.00s Sys=0.00s Real=0.00s
[2025-08-21T09:29:27.292+0000][1692007][info ][safepoint   ] Safepoint "G1CollectForAllocation", Time since last: 703915400492 ns, Reaching safepoint: 7200 ns, Cleanup: 2454 ns, At safepoint: 2733537 ns, Total: 2743191 ns
[2025-08-21T09:41:07.872+0000][1692007][info ][gc,start    ] GC(374) Pause Young (Normal) (G1 Evacuation Pause)
[2025-08-21T09:41:07.872+0000][1692007][info ][gc,task     ] GC(374) Using 1 workers of 1 for evacuation
[2025-08-21T09:41:07.872+0000][1692007][debug][gc,age      ] GC(374) Desired survivor size 20971520 bytes, new threshold 15 (max threshold 15)
[2025-08-21T09:41:07.874+0000][1692007][info ][gc,phases   ] GC(374)   Pre Evacuate Collection Set: 0.0ms
[2025-08-21T09:41:07.874+0000][1692007][info ][gc,phases   ] GC(374)   Merge Heap Roots: 0.0ms
[2025-08-21T09:41:07.874+0000][1692007][info ][gc,phases   ] GC(374)   Evacuate Collection Set: 0.6ms
[2025-08-21T09:41:07.874+0000][1692007][info ][gc,phases   ] GC(374)   Post Evacuate Collection Set: 1.4ms
[2025-08-21T09:41:07.874+0000][1692007][info ][gc,phases   ] GC(374)   Other: 0.0ms
[2025-08-21T09:41:07.874+0000][1692007][trace][gc,age      ] GC(374) Age table with threshold 15 (max threshold 15)
[2025-08-21T09:41:07.874+0000][1692007][trace][gc,age      ] GC(374) - age   1:      11208 bytes,      11208 total
[2025-08-21T09:41:07.874+0000][1692007][trace][gc,age      ] GC(374) - age   5:        176 bytes,      11384 total
[2025-08-21T09:41:07.874+0000][1692007][trace][gc,age      ] GC(374) - age  11:       1920 bytes,      13304 total
[2025-08-21T09:41:07.874+0000][1692007][info ][gc,heap     ] GC(374) Eden regions: 75->0(75)
[2025-08-21T09:41:07.874+0000][1692007][info ][gc,heap     ] GC(374) Survivor regions: 1->1(10)
[2025-08-21T09:41:07.874+0000][1692007][info ][gc,heap     ] GC(374) Old regions: 23->23
[2025-08-21T09:41:07.874+0000][1692007][info ][gc,heap     ] GC(374) Humongous regions: 0->0
[2025-08-21T09:41:07.874+0000][1692007][info ][gc,metaspace] GC(374) Metaspace: 141954K(147968K)->141954K(147968K) NonClass: 123139K(126720K)->123139K(126720K) Class: 18815K(21248K)->18815K(21248K)
[2025-08-21T09:41:07.874+0000][1692007][info ][gc          ] GC(374) Pause Young (Normal) (G1 Evacuation Pause) 391M->91M(512M) 2.349ms
[2025-08-21T09:41:07.874+0000][1692007][info ][gc,cpu      ] GC(374) User=0.00s Sys=0.00s Real=0.00s
[2025-08-21T09:41:07.874+0000][1692007][info ][safepoint   ] Safepoint "G1CollectForAllocation", Time since last: 700579609349 ns, Reaching safepoint: 7632 ns, Cleanup: 2554 ns, At safepoint: 2381615 ns, Total: 2391801 ns
[2025-08-21T09:52:53.721+0000][1692007][info ][gc,start    ] GC(375) Pause Young (Normal) (G1 Evacuation Pause)
[2025-08-21T09:52:53.722+0000][1692007][info ][gc,task     ] GC(375) Using 1 workers of 1 for evacuation
[2025-08-21T09:52:53.722+0000][1692007][debug][gc,age      ] GC(375) Desired survivor size 20971520 bytes, new threshold 15 (max threshold 15)
[2025-08-21T09:52:53.723+0000][1692007][info ][gc,phases   ] GC(375)   Pre Evacuate Collection Set: 0.0ms
[2025-08-21T09:52:53.723+0000][1692007][info ][gc,phases   ] GC(375)   Merge Heap Roots: 0.0ms
[2025-08-21T09:52:53.723+0000][1692007][info ][gc,phases   ] GC(375)   Evacuate Collection Set: 0.6ms
[2025-08-21T09:52:53.723+0000][1692007][info ][gc,phases   ] GC(375)   Post Evacuate Collection Set: 0.7ms
[2025-08-21T09:52:53.723+0000][1692007][info ][gc,phases   ] GC(375)   Other: 0.0ms
[2025-08-21T09:52:53.723+0000][1692007][trace][gc,age      ] GC(375) Age table with threshold 15 (max threshold 15)
[2025-08-21T09:52:53.723+0000][1692007][trace][gc,age      ] GC(375) - age   1:       9800 bytes,       9800 total
[2025-08-21T09:52:53.723+0000][1692007][trace][gc,age      ] GC(375) - age  12:       1920 bytes,      11720 total
[2025-08-21T09:52:53.723+0000][1692007][info ][gc,heap     ] GC(375) Eden regions: 75->0(75)
[2025-08-21T09:52:53.723+0000][1692007][info ][gc,heap     ] GC(375) Survivor regions: 1->1(10)
[2025-08-21T09:52:53.723+0000][1692007][info ][gc,heap     ] GC(375) Old regions: 23->23
[2025-08-21T09:52:53.723+0000][1692007][info ][gc,heap     ] GC(375) Humongous regions: 0->0
[2025-08-21T09:52:53.723+0000][1692007][info ][gc,metaspace] GC(375) Metaspace: 141954K(147968K)->141954K(147968K) NonClass: 123139K(126720K)->123139K(126720K) Class: 18815K(21248K)->18815K(21248K)
[2025-08-21T09:52:53.723+0000][1692007][info ][gc          ] GC(375) Pause Young (Normal) (G1 Evacuation Pause) 391M->91M(512M) 2.040ms
[2025-08-21T09:52:53.723+0000][1692007][info ][gc,cpu      ] GC(375) User=0.00s Sys=0.00s Real=0.00s
[2025-08-21T09:52:53.723+0000][1692007][info ][safepoint   ] Safepoint "G1CollectForAllocation", Time since last: 705846642768 ns, Reaching safepoint: 232101 ns, Cleanup: 6940 ns, At safepoint: 2072099 ns, Total: 2311140 ns
[2025-08-21T09:56:31.757+0000][1692007][info ][safepoint   ] Safepoint "Cleanup", Time since last: 218033720166 ns, Reaching safepoint: 42063 ns, Cleanup: 9124 ns, At safepoint: 4106 ns, Total: 55293 ns
[2025-08-21T10:04:39.054+0000][1692007][info ][gc,start    ] GC(376) Pause Young (Normal) (G1 Evacuation Pause)
[2025-08-21T10:04:39.054+0000][1692007][info ][gc,task     ] GC(376) Using 1 workers of 1 for evacuation
[2025-08-21T10:04:39.054+0000][1692007][debug][gc,age      ] GC(376) Desired survivor size 20971520 bytes, new threshold 15 (max threshold 15)
[2025-08-21T10:04:39.057+0000][1692007][info ][gc,phases   ] GC(376)   Pre Evacuate Collection Set: 0.0ms
[2025-08-21T10:04:39.057+0000][1692007][info ][gc,phases   ] GC(376)   Merge Heap Roots: 0.0ms
[2025-08-21T10:04:39.057+0000][1692007][info ][gc,phases   ] GC(376)   Evacuate Collection Set: 0.6ms
[2025-08-21T10:04:39.057+0000][1692007][info ][gc,phases   ] GC(376)   Post Evacuate Collection Set: 1.9ms
[2025-08-21T10:04:39.057+0000][1692007][info ][gc,phases   ] GC(376)   Other: 0.0ms
[2025-08-21T10:04:39.057+0000][1692007][trace][gc,age      ] GC(376) Age table with threshold 15 (max threshold 15)
[2025-08-21T10:04:39.057+0000][1692007][trace][gc,age      ] GC(376) - age   1:      10688 bytes,      10688 total
[2025-08-21T10:04:39.057+0000][1692007][trace][gc,age      ] GC(376) - age   2:        528 bytes,      11216 total
[2025-08-21T10:04:39.057+0000][1692007][trace][gc,age      ] GC(376) - age  13:       1920 bytes,      13136 total
[2025-08-21T10:04:39.057+0000][1692007][info ][gc,heap     ] GC(376) Eden regions: 75->0(75)
[2025-08-21T10:04:39.057+0000][1692007][info ][gc,heap     ] GC(376) Survivor regions: 1->1(10)
[2025-08-21T10:04:39.057+0000][1692007][info ][gc,heap     ] GC(376) Old regions: 23->23
[2025-08-21T10:04:39.057+0000][1692007][info ][gc,heap     ] GC(376) Humongous regions: 0->0
[2025-08-21T10:04:39.057+0000][1692007][info ][gc,metaspace] GC(376) Metaspace: 141954K(147968K)->141954K(147968K) NonClass: 123139K(126720K)->123139K(126720K) Class: 18815K(21248K)->18815K(21248K)
[2025-08-21T10:04:39.057+0000][1692007][info ][gc          ] GC(376) Pause Young (Normal) (G1 Evacuation Pause) 391M->91M(512M) 2.918ms
[2025-08-21T10:04:39.057+0000][1692007][info ][gc,cpu      ] GC(376) User=0.00s Sys=0.01s Real=0.01s
[2025-08-21T10:04:39.057+0000][1692007][info ][safepoint   ] Safepoint "G1CollectForAllocation", Time since last: 487297049981 ns, Reaching safepoint: 7431 ns, Cleanup: 2794 ns, At safepoint: 2950736 ns, Total: 2960961 ns
[2025-08-21T10:16:20.990+0000][1692007][info ][gc,start    ] GC(377) Pause Young (Normal) (G1 Evacuation Pause)
[2025-08-21T10:16:20.990+0000][1692007][info ][gc,task     ] GC(377) Using 1 workers of 1 for evacuation
[2025-08-21T10:16:20.990+0000][1692007][debug][gc,age      ] GC(377) Desired survivor size 20971520 bytes, new threshold 15 (max threshold 15)
[2025-08-21T10:16:20.992+0000][1692007][info ][gc,phases   ] GC(377)   Pre Evacuate Collection Set: 0.1ms
[2025-08-21T10:16:20.992+0000][1692007][info ][gc,phases   ] GC(377)   Merge Heap Roots: 0.0ms
[2025-08-21T10:16:20.992+0000][1692007][info ][gc,phases   ] GC(377)   Evacuate Collection Set: 0.6ms
[2025-08-21T10:16:20.992+0000][1692007][info ][gc,phases   ] GC(377)   Post Evacuate Collection Set: 0.8ms
[2025-08-21T10:16:20.992+0000][1692007][info ][gc,phases   ] GC(377)   Other: 0.0ms
[2025-08-21T10:16:20.992+0000][1692007][trace][gc,age      ] GC(377) Age table with threshold 15 (max threshold 15)
[2025-08-21T10:16:20.992+0000][1692007][trace][gc,age      ] GC(377) - age   1:       9552 bytes,       9552 total
[2025-08-21T10:16:20.992+0000][1692007][trace][gc,age      ] GC(377) - age   3:        176 bytes,       9728 total
[2025-08-21T10:16:20.992+0000][1692007][trace][gc,age      ] GC(377) - age  14:       1920 bytes,      11648 total
[2025-08-21T10:16:20.992+0000][1692007][info ][gc,heap     ] GC(377) Eden regions: 75->0(75)
[2025-08-21T10:16:20.992+0000][1692007][info ][gc,heap     ] GC(377) Survivor regions: 1->1(10)
[2025-08-21T10:16:20.992+0000][1692007][info ][gc,heap     ] GC(377) Old regions: 23->23
[2025-08-21T10:16:20.992+0000][1692007][info ][gc,heap     ] GC(377) Humongous regions: 0->0
[2025-08-21T10:16:20.992+0000][1692007][info ][gc,metaspace] GC(377) Metaspace: 141954K(147968K)->141954K(147968K) NonClass: 123139K(126720K)->123139K(126720K) Class: 18815K(21248K)->18815K(21248K)
[2025-08-21T10:16:20.992+0000][1692007][info ][gc          ] GC(377) Pause Young (Normal) (G1 Evacuation Pause) 391M->91M(512M) 1.963ms
[2025-08-21T10:16:20.992+0000][1692007][info ][gc,cpu      ] GC(377) User=0.00s Sys=0.00s Real=0.00s
[2025-08-21T10:16:20.992+0000][1692007][info ][safepoint   ] Safepoint "G1CollectForAllocation", Time since last: 701932812375 ns, Reaching safepoint: 4436 ns, Cleanup: 3065 ns, At safepoint: 1997205 ns, Total: 2004706 ns
[2025-08-21T10:28:05.218+0000][1692007][info ][gc,start    ] GC(378) Pause Young (Normal) (G1 Evacuation Pause)
[2025-08-21T10:28:05.218+0000][1692007][info ][gc,task     ] GC(378) Using 1 workers of 1 for evacuation
[2025-08-21T10:28:05.218+0000][1692007][debug][gc,age      ] GC(378) Desired survivor size 20971520 bytes, new threshold 15 (max threshold 15)
[2025-08-21T10:28:05.220+0000][1692007][info ][gc,phases   ] GC(378)   Pre Evacuate Collection Set: 0.0ms
[2025-08-21T10:28:05.220+0000][1692007][info ][gc,phases   ] GC(378)   Merge Heap Roots: 0.0ms
[2025-08-21T10:28:05.220+0000][1692007][info ][gc,phases   ] GC(378)   Evacuate Collection Set: 0.8ms
[2025-08-21T10:28:05.220+0000][1692007][info ][gc,phases   ] GC(378)   Post Evacuate Collection Set: 0.9ms
[2025-08-21T10:28:05.220+0000][1692007][info ][gc,phases   ] GC(378)   Other: 0.0ms
[2025-08-21T10:28:05.220+0000][1692007][trace][gc,age      ] GC(378) Age table with threshold 15 (max threshold 15)
[2025-08-21T10:28:05.220+0000][1692007][trace][gc,age      ] GC(378) - age   1:      12328 bytes,      12328 total
[2025-08-21T10:28:05.220+0000][1692007][trace][gc,age      ] GC(378) - age   2:         80 bytes,      12408 total
[2025-08-21T10:28:05.220+0000][1692007][trace][gc,age      ] GC(378) - age   4:        176 bytes,      12584 total
[2025-08-21T10:28:05.220+0000][1692007][trace][gc,age      ] GC(378) - age  15:       1920 bytes,      14504 total
[2025-08-21T10:28:05.220+0000][1692007][info ][gc,heap     ] GC(378) Eden regions: 75->0(75)
[2025-08-21T10:28:05.220+0000][1692007][info ][gc,heap     ] GC(378) Survivor regions: 1->1(10)
[2025-08-21T10:28:05.220+0000][1692007][info ][gc,heap     ] GC(378) Old regions: 23->23
[2025-08-21T10:28:05.220+0000][1692007][info ][gc,heap     ] GC(378) Humongous regions: 0->0
[2025-08-21T10:28:05.220+0000][1692007][info ][gc,metaspace] GC(378) Metaspace: 141954K(147968K)->141954K(147968K) NonClass: 123139K(126720K)->123139K(126720K) Class: 18815K(21248K)->18815K(21248K)
[2025-08-21T10:28:05.220+0000][1692007][info ][gc          ] GC(378) Pause Young (Normal) (G1 Evacuation Pause) 391M->91M(512M) 2.260ms
[2025-08-21T10:28:05.220+0000][1692007][info ][gc,cpu      ] GC(378) User=0.00s Sys=0.00s Real=0.00s
[2025-08-21T10:28:05.220+0000][1692007][info ][safepoint   ] Safepoint "G1CollectForAllocation", Time since last: 704225500976 ns, Reaching safepoint: 260954 ns, Cleanup: 2944 ns, At safepoint: 2292722 ns, Total: 2556620 ns
[2025-08-21T10:39:51.323+0000][1692007][info ][gc,start    ] GC(379) Pause Young (Normal) (G1 Evacuation Pause)
[2025-08-21T10:39:51.323+0000][1692007][info ][gc,task     ] GC(379) Using 1 workers of 1 for evacuation
[2025-08-21T10:39:51.323+0000][1692007][debug][gc,age      ] GC(379) Desired survivor size 20971520 bytes, new threshold 15 (max threshold 15)
[2025-08-21T10:39:51.325+0000][1692007][info ][gc,phases   ] GC(379)   Pre Evacuate Collection Set: 0.1ms
[2025-08-21T10:39:51.325+0000][1692007][info ][gc,phases   ] GC(379)   Merge Heap Roots: 0.0ms
[2025-08-21T10:39:51.325+0000][1692007][info ][gc,phases   ] GC(379)   Evacuate Collection Set: 0.6ms
[2025-08-21T10:39:51.325+0000][1692007][info ][gc,phases   ] GC(379)   Post Evacuate Collection Set: 0.8ms
[2025-08-21T10:39:51.325+0000][1692007][info ][gc,phases   ] GC(379)   Other: 0.0ms
[2025-08-21T10:39:51.325+0000][1692007][trace][gc,age      ] GC(379) Age table with threshold 15 (max threshold 15)
[2025-08-21T10:39:51.325+0000][1692007][trace][gc,age      ] GC(379) - age   1:       9816 bytes,       9816 total
[2025-08-21T10:39:51.325+0000][1692007][trace][gc,age      ] GC(379) - age   2:       1304 bytes,      11120 total
[2025-08-21T10:39:51.325+0000][1692007][trace][gc,age      ] GC(379) - age   3:         80 bytes,      11200 total
[2025-08-21T10:39:51.325+0000][1692007][trace][gc,age      ] GC(379) - age   5:        176 bytes,      11376 total
[2025-08-21T10:39:51.325+0000][1692007][info ][gc,heap     ] GC(379) Eden regions: 75->0(75)
[2025-08-21T10:39:51.325+0000][1692007][info ][gc,heap     ] GC(379) Survivor regions: 1->1(10)
[2025-08-21T10:39:51.325+0000][1692007][info ][gc,heap     ] GC(379) Old regions: 23->23
[2025-08-21T10:39:51.325+0000][1692007][info ][gc,heap     ] GC(379) Humongous regions: 0->0
[2025-08-21T10:39:51.325+0000][1692007][info ][gc,metaspace] GC(379) Metaspace: 141954K(147968K)->141954K(147968K) NonClass: 123139K(126720K)->123139K(126720K) Class: 18815K(21248K)->18815K(21248K)
[2025-08-21T10:39:51.325+0000][1692007][info ][gc          ] GC(379) Pause Young (Normal) (G1 Evacuation Pause) 391M->91M(512M) 1.745ms
[2025-08-21T10:39:51.325+0000][1692007][info ][gc,cpu      ] GC(379) User=0.01s Sys=0.01s Real=0.00s
[2025-08-21T10:39:51.325+0000][1692007][info ][safepoint   ] Safepoint "G1CollectForAllocation", Time since last: 706103187750 ns, Reaching safepoint: 7641 ns, Cleanup: 3165 ns, At safepoint: 1776783 ns, Total: 1787589 ns
[2025-08-21T10:41:34.345+0000][1692007][info ][safepoint   ] Safepoint "Cleanup", Time since last: 103019790816 ns, Reaching safepoint: 371350 ns, Cleanup: 9895 ns, At safepoint: 5819 ns, Total: 387064 ns
[2025-08-21T10:45:34.368+0000][1692007][info ][safepoint   ] Safepoint "Cleanup", Time since last: 240022422239 ns, Reaching safepoint: 32969 ns, Cleanup: 8523 ns, At safepoint: 4357 ns, Total: 45849 ns
[2025-08-21T10:49:19.408+0000][1692007][info ][safepoint   ] Safepoint "Cleanup", Time since last: 225040179949 ns, Reaching safepoint: 36855 ns, Cleanup: 7962 ns, At safepoint: 4277 ns, Total: 49094 ns
[2025-08-21T10:49:34.411+0000][1692007][info ][safepoint   ] Safepoint "Cleanup", Time since last: 15002698275 ns, Reaching safepoint: 33150 ns, Cleanup: 8844 ns, At safepoint: 2173 ns, Total: 44167 ns
[2025-08-21T10:51:36.131+0000][1692007][info ][gc,start    ] GC(380) Pause Young (Normal) (G1 Evacuation Pause)
[2025-08-21T10:51:36.131+0000][1692007][info ][gc,task     ] GC(380) Using 1 workers of 1 for evacuation
[2025-08-21T10:51:36.131+0000][1692007][debug][gc,age      ] GC(380) Desired survivor size 20971520 bytes, new threshold 15 (max threshold 15)
[2025-08-21T10:51:36.133+0000][1692007][info ][gc,phases   ] GC(380)   Pre Evacuate Collection Set: 0.0ms
[2025-08-21T10:51:36.133+0000][1692007][info ][gc,phases   ] GC(380)   Merge Heap Roots: 0.0ms
[2025-08-21T10:51:36.133+0000][1692007][info ][gc,phases   ] GC(380)   Evacuate Collection Set: 0.8ms
[2025-08-21T10:51:36.133+0000][1692007][info ][gc,phases   ] GC(380)   Post Evacuate Collection Set: 0.8ms
[2025-08-21T10:51:36.133+0000][1692007][info ][gc,phases   ] GC(380)   Other: 0.0ms
[2025-08-21T10:51:36.133+0000][1692007][trace][gc,age      ] GC(380) Age table with threshold 15 (max threshold 15)
[2025-08-21T10:51:36.133+0000][1692007][trace][gc,age      ] GC(380) - age   1:      12432 bytes,      12432 total
[2025-08-21T10:51:36.133+0000][1692007][trace][gc,age      ] GC(380) - age   2:        320 bytes,      12752 total
[2025-08-21T10:51:36.133+0000][1692007][trace][gc,age      ] GC(380) - age   3:       1304 bytes,      14056 total
[2025-08-21T10:51:36.133+0000][1692007][trace][gc,age      ] GC(380) - age   4:         80 bytes,      14136 total
[2025-08-21T10:51:36.133+0000][1692007][info ][gc,heap     ] GC(380) Eden regions: 75->0(75)
[2025-08-21T10:51:36.133+0000][1692007][info ][gc,heap     ] GC(380) Survivor regions: 1->1(10)
[2025-08-21T10:51:36.133+0000][1692007][info ][gc,heap     ] GC(380) Old regions: 23->23
[2025-08-21T10:51:36.133+0000][1692007][info ][gc,heap     ] GC(380) Humongous regions: 0->0
[2025-08-21T10:51:36.133+0000][1692007][info ][gc,metaspace] GC(380) Metaspace: 141954K(147968K)->141954K(147968K) NonClass: 123139K(126720K)->123139K(126720K) Class: 18815K(21248K)->18815K(21248K)
[2025-08-21T10:51:36.133+0000][1692007][info ][gc          ] GC(380) Pause Young (Normal) (G1 Evacuation Pause) 391M->91M(512M) 1.862ms
[2025-08-21T10:51:36.133+0000][1692007][info ][gc,cpu      ] GC(380) User=0.00s Sys=0.00s Real=0.00s
[2025-08-21T10:51:36.133+0000][1692007][info ][safepoint   ] Safepoint "G1CollectForAllocation", Time since last: 121720029974 ns, Reaching safepoint: 7000 ns, Cleanup: 2664 ns, At safepoint: 1894561 ns, Total: 1904225 ns
[2025-08-21T11:03:21.559+0000][1692007][info ][gc,start    ] GC(381) Pause Young (Normal) (G1 Evacuation Pause)
[2025-08-21T11:03:21.559+0000][1692007][info ][gc,task     ] GC(381) Using 1 workers of 1 for evacuation
[2025-08-21T11:03:21.559+0000][1692007][debug][gc,age      ] GC(381) Desired survivor size 20971520 bytes, new threshold 15 (max threshold 15)
[2025-08-21T11:03:21.561+0000][1692007][info ][gc,phases   ] GC(381)   Pre Evacuate Collection Set: 0.0ms
[2025-08-21T11:03:21.561+0000][1692007][info ][gc,phases   ] GC(381)   Merge Heap Roots: 0.0ms
[2025-08-21T11:03:21.561+0000][1692007][info ][gc,phases   ] GC(381)   Evacuate Collection Set: 0.7ms
[2025-08-21T11:03:21.561+0000][1692007][info ][gc,phases   ] GC(381)   Post Evacuate Collection Set: 0.8ms
[2025-08-21T11:03:21.561+0000][1692007][info ][gc,phases   ] GC(381)   Other: 0.0ms
[2025-08-21T11:03:21.561+0000][1692007][trace][gc,age      ] GC(381) Age table with threshold 15 (max threshold 15)
[2025-08-21T11:03:21.561+0000][1692007][trace][gc,age      ] GC(381) - age   1:      10672 bytes,      10672 total
[2025-08-21T11:03:21.561+0000][1692007][trace][gc,age      ] GC(381) - age   2:       1760 bytes,      12432 total
[2025-08-21T11:03:21.561+0000][1692007][trace][gc,age      ] GC(381) - age   3:        320 bytes,      12752 total
[2025-08-21T11:03:21.561+0000][1692007][trace][gc,age      ] GC(381) - age   4:       1304 bytes,      14056 total
[2025-08-21T11:03:21.561+0000][1692007][trace][gc,age      ] GC(381) - age   5:         80 bytes,      14136 total
[2025-08-21T11:03:21.561+0000][1692007][info ][gc,heap     ] GC(381) Eden regions: 75->0(75)
[2025-08-21T11:03:21.561+0000][1692007][info ][gc,heap     ] GC(381) Survivor regions: 1->1(10)
[2025-08-21T11:03:21.561+0000][1692007][info ][gc,heap     ] GC(381) Old regions: 23->23
[2025-08-21T11:03:21.561+0000][1692007][info ][gc,heap     ] GC(381) Humongous regions: 0->0
[2025-08-21T11:03:21.561+0000][1692007][info ][gc,metaspace] GC(381) Metaspace: 141954K(147968K)->141954K(147968K) NonClass: 123139K(126720K)->123139K(126720K) Class: 18815K(21248K)->18815K(21248K)
[2025-08-21T11:03:21.561+0000][1692007][info ][gc          ] GC(381) Pause Young (Normal) (G1 Evacuation Pause) 391M->91M(512M) 1.691ms
[2025-08-21T11:03:21.561+0000][1692007][info ][gc,cpu      ] GC(381) User=0.00s Sys=0.00s Real=0.00s
[2025-08-21T11:03:21.561+0000][1692007][info ][safepoint   ] Safepoint "G1CollectForAllocation", Time since last: 705426401010 ns, Reaching safepoint: 4417 ns, Cleanup: 2544 ns, At safepoint: 1720878 ns, Total: 1727839 ns
[2025-08-21T11:15:06.976+0000][1692007][info ][gc,start    ] GC(382) Pause Young (Normal) (G1 Evacuation Pause)
[2025-08-21T11:15:06.977+0000][1692007][info ][gc,task     ] GC(382) Using 1 workers of 1 for evacuation
[2025-08-21T11:15:06.977+0000][1692007][debug][gc,age      ] GC(382) Desired survivor size 20971520 bytes, new threshold 15 (max threshold 15)
[2025-08-21T11:15:06.978+0000][1692007][info ][gc,phases   ] GC(382)   Pre Evacuate Collection Set: 0.0ms
[2025-08-21T11:15:06.978+0000][1692007][info ][gc,phases   ] GC(382)   Merge Heap Roots: 0.0ms
[2025-08-21T11:15:06.978+0000][1692007][info ][gc,phases   ] GC(382)   Evacuate Collection Set: 0.6ms
[2025-08-21T11:15:06.978+0000][1692007][info ][gc,phases   ] GC(382)   Post Evacuate Collection Set: 0.8ms
[2025-08-21T11:15:06.978+0000][1692007][info ][gc,phases   ] GC(382)   Other: 0.0ms
[2025-08-21T11:15:06.978+0000][1692007][trace][gc,age      ] GC(382) Age table with threshold 15 (max threshold 15)
[2025-08-21T11:15:06.978+0000][1692007][trace][gc,age      ] GC(382) - age   1:      11024 bytes,      11024 total
[2025-08-21T11:15:06.978+0000][1692007][trace][gc,age      ] GC(382) - age   3:       1408 bytes,      12432 total
[2025-08-21T11:15:06.978+0000][1692007][trace][gc,age      ] GC(382) - age   4:        320 bytes,      12752 total
[2025-08-21T11:15:06.978+0000][1692007][trace][gc,age      ] GC(382) - age   5:       1304 bytes,      14056 total
[2025-08-21T11:15:06.978+0000][1692007][trace][gc,age      ] GC(382) - age   6:         80 bytes,      14136 total
[2025-08-21T11:15:06.978+0000][1692007][info ][gc,heap     ] GC(382) Eden regions: 75->0(75)
[2025-08-21T11:15:06.978+0000][1692007][info ][gc,heap     ] GC(382) Survivor regions: 1->1(10)
[2025-08-21T11:15:06.978+0000][1692007][info ][gc,heap     ] GC(382) Old regions: 23->23
[2025-08-21T11:15:06.978+0000][1692007][info ][gc,heap     ] GC(382) Humongous regions: 0->0
[2025-08-21T11:15:06.978+0000][1692007][info ][gc,metaspace] GC(382) Metaspace: 141954K(147968K)->141954K(147968K) NonClass: 123139K(126720K)->123139K(126720K) Class: 18815K(21248K)->18815K(21248K)
[2025-08-21T11:15:06.978+0000][1692007][info ][gc          ] GC(382) Pause Young (Normal) (G1 Evacuation Pause) 391M->91M(512M) 1.718ms
[2025-08-21T11:15:06.978+0000][1692007][info ][gc,cpu      ] GC(382) User=0.01s Sys=0.00s Real=0.00s
[2025-08-21T11:15:06.978+0000][1692007][info ][safepoint   ] Safepoint "G1CollectForAllocation", Time since last: 705415659959 ns, Reaching safepoint: 7261 ns, Cleanup: 2744 ns, At safepoint: 1749702 ns, Total: 1759707 ns
[2025-08-21T11:26:52.785+0000][1692007][info ][gc,start    ] GC(383) Pause Young (Normal) (G1 Evacuation Pause)
[2025-08-21T11:26:52.786+0000][1692007][info ][gc,task     ] GC(383) Using 1 workers of 1 for evacuation
[2025-08-21T11:26:52.786+0000][1692007][debug][gc,age      ] GC(383) Desired survivor size 20971520 bytes, new threshold 15 (max threshold 15)
[2025-08-21T11:26:52.787+0000][1692007][info ][gc,phases   ] GC(383)   Pre Evacuate Collection Set: 0.0ms
[2025-08-21T11:26:52.787+0000][1692007][info ][gc,phases   ] GC(383)   Merge Heap Roots: 0.0ms
[2025-08-21T11:26:52.787+0000][1692007][info ][gc,phases   ] GC(383)   Evacuate Collection Set: 0.6ms
[2025-08-21T11:26:52.787+0000][1692007][info ][gc,phases   ] GC(383)   Post Evacuate Collection Set: 0.7ms
[2025-08-21T11:26:52.787+0000][1692007][info ][gc,phases   ] GC(383)   Other: 0.0ms
[2025-08-21T11:26:52.787+0000][1692007][trace][gc,age      ] GC(383) Age table with threshold 15 (max threshold 15)
[2025-08-21T11:26:52.787+0000][1692007][trace][gc,age      ] GC(383) - age   1:       9680 bytes,       9680 total
[2025-08-21T11:26:52.787+0000][1692007][trace][gc,age      ] GC(383) - age   4:       1408 bytes,      11088 total
[2025-08-21T11:26:52.787+0000][1692007][trace][gc,age      ] GC(383) - age   5:        320 bytes,      11408 total
[2025-08-21T11:26:52.787+0000][1692007][trace][gc,age      ] GC(383) - age   6:       1304 bytes,      12712 total
[2025-08-21T11:26:52.787+0000][1692007][trace][gc,age      ] GC(383) - age   7:         80 bytes,      12792 total
[2025-08-21T11:26:52.787+0000][1692007][info ][gc,heap     ] GC(383) Eden regions: 75->0(75)
[2025-08-21T11:26:52.787+0000][1692007][info ][gc,heap     ] GC(383) Survivor regions: 1->1(10)
[2025-08-21T11:26:52.787+0000][1692007][info ][gc,heap     ] GC(383) Old regions: 23->23
[2025-08-21T11:26:52.787+0000][1692007][info ][gc,heap     ] GC(383) Humongous regions: 0->0
[2025-08-21T11:26:52.787+0000][1692007][info ][gc,metaspace] GC(383) Metaspace: 141954K(147968K)->141954K(147968K) NonClass: 123139K(126720K)->123139K(126720K) Class: 18815K(21248K)->18815K(21248K)
[2025-08-21T11:26:52.787+0000][1692007][info ][gc          ] GC(383) Pause Young (Normal) (G1 Evacuation Pause) 391M->91M(512M) 2.022ms
[2025-08-21T11:26:52.787+0000][1692007][info ][gc,cpu      ] GC(383) User=0.00s Sys=0.00s Real=0.01s
[2025-08-21T11:26:52.787+0000][1692007][info ][safepoint   ] Safepoint "G1CollectForAllocation", Time since last: 705806962898 ns, Reaching safepoint: 6660 ns, Cleanup: 2985 ns, At safepoint: 2052900 ns, Total: 2062545 ns
[2025-08-21T11:38:37.845+0000][1692007][info ][gc,start    ] GC(384) Pause Young (Normal) (G1 Evacuation Pause)
[2025-08-21T11:38:37.845+0000][1692007][info ][gc,task     ] GC(384) Using 1 workers of 1 for evacuation
[2025-08-21T11:38:37.845+0000][1692007][debug][gc,age      ] GC(384) Desired survivor size 20971520 bytes, new threshold 15 (max threshold 15)
[2025-08-21T11:38:37.847+0000][1692007][info ][gc,phases   ] GC(384)   Pre Evacuate Collection Set: 0.0ms
[2025-08-21T11:38:37.847+0000][1692007][info ][gc,phases   ] GC(384)   Merge Heap Roots: 0.0ms
[2025-08-21T11:38:37.847+0000][1692007][info ][gc,phases   ] GC(384)   Evacuate Collection Set: 0.6ms
[2025-08-21T11:38:37.847+0000][1692007][info ][gc,phases   ] GC(384)   Post Evacuate Collection Set: 1.0ms
[2025-08-21T11:38:37.847+0000][1692007][info ][gc,phases   ] GC(384)   Other: 0.0ms
[2025-08-21T11:38:37.847+0000][1692007][trace][gc,age      ] GC(384) Age table with threshold 15 (max threshold 15)
[2025-08-21T11:38:37.847+0000][1692007][trace][gc,age      ] GC(384) - age   1:      11232 bytes,      11232 total
[2025-08-21T11:38:37.847+0000][1692007][trace][gc,age      ] GC(384) - age   5:       1408 bytes,      12640 total
[2025-08-21T11:38:37.847+0000][1692007][trace][gc,age      ] GC(384) - age   6:        320 bytes,      12960 total
[2025-08-21T11:38:37.847+0000][1692007][trace][gc,age      ] GC(384) - age   7:       1304 bytes,      14264 total
[2025-08-21T11:38:37.847+0000][1692007][trace][gc,age      ] GC(384) - age   8:         80 bytes,      14344 total
[2025-08-21T11:38:37.847+0000][1692007][info ][gc,heap     ] GC(384) Eden regions: 75->0(75)
[2025-08-21T11:38:37.847+0000][1692007][info ][gc,heap     ] GC(384) Survivor regions: 1->1(10)
[2025-08-21T11:38:37.847+0000][1692007][info ][gc,heap     ] GC(384) Old regions: 23->23
[2025-08-21T11:38:37.847+0000][1692007][info ][gc,heap     ] GC(384) Humongous regions: 0->0
[2025-08-21T11:38:37.847+0000][1692007][info ][gc,metaspace] GC(384) Metaspace: 141954K(147968K)->141954K(147968K) NonClass: 123139K(126720K)->123139K(126720K) Class: 18815K(21248K)->18815K(21248K)
[2025-08-21T11:38:37.847+0000][1692007][info ][gc          ] GC(384) Pause Young (Normal) (G1 Evacuation Pause) 391M->91M(512M) 1.974ms
[2025-08-21T11:38:37.847+0000][1692007][info ][gc,cpu      ] GC(384) User=0.00s Sys=0.00s Real=0.01s
[2025-08-21T11:38:37.847+0000][1692007][info ][safepoint   ] Safepoint "G1CollectForAllocation", Time since last: 705057668414 ns, Reaching safepoint: 7922 ns, Cleanup: 2834 ns, At safepoint: 2010917 ns, Total: 2021673 ns
[2025-08-21T11:50:23.285+0000][1692007][info ][gc,start    ] GC(385) Pause Young (Normal) (G1 Evacuation Pause)
[2025-08-21T11:50:23.285+0000][1692007][info ][gc,task     ] GC(385) Using 1 workers of 1 for evacuation
[2025-08-21T11:50:23.285+0000][1692007][debug][gc,age      ] GC(385) Desired survivor size 20971520 bytes, new threshold 15 (max threshold 15)
[2025-08-21T11:50:23.287+0000][1692007][info ][gc,phases   ] GC(385)   Pre Evacuate Collection Set: 0.1ms
[2025-08-21T11:50:23.287+0000][1692007][info ][gc,phases   ] GC(385)   Merge Heap Roots: 0.0ms
[2025-08-21T11:50:23.287+0000][1692007][info ][gc,phases   ] GC(385)   Evacuate Collection Set: 0.7ms
[2025-08-21T11:50:23.287+0000][1692007][info ][gc,phases   ] GC(385)   Post Evacuate Collection Set: 1.0ms
[2025-08-21T11:50:23.287+0000][1692007][info ][gc,phases   ] GC(385)   Other: 0.0ms
[2025-08-21T11:50:23.287+0000][1692007][trace][gc,age      ] GC(385) Age table with threshold 15 (max threshold 15)
[2025-08-21T11:50:23.287+0000][1692007][trace][gc,age      ] GC(385) - age   1:      10696 bytes,      10696 total
[2025-08-21T11:50:23.287+0000][1692007][trace][gc,age      ] GC(385) - age   2:        352 bytes,      11048 total
[2025-08-21T11:50:23.287+0000][1692007][trace][gc,age      ] GC(385) - age   6:       1408 bytes,      12456 total
[2025-08-21T11:50:23.287+0000][1692007][trace][gc,age      ] GC(385) - age   7:        320 bytes,      12776 total
[2025-08-21T11:50:23.287+0000][1692007][trace][gc,age      ] GC(385) - age   8:       1304 bytes,      14080 total
[2025-08-21T11:50:23.287+0000][1692007][trace][gc,age      ] GC(385) - age   9:         80 bytes,      14160 total
[2025-08-21T11:50:23.287+0000][1692007][info ][gc,heap     ] GC(385) Eden regions: 75->0(75)
[2025-08-21T11:50:23.287+0000][1692007][info ][gc,heap     ] GC(385) Survivor regions: 1->1(10)
[2025-08-21T11:50:23.287+0000][1692007][info ][gc,heap     ] GC(385) Old regions: 23->23
[2025-08-21T11:50:23.287+0000][1692007][info ][gc,heap     ] GC(385) Humongous regions: 0->0
[2025-08-21T11:50:23.287+0000][1692007][info ][gc,metaspace] GC(385) Metaspace: 141954K(147968K)->141954K(147968K) NonClass: 123139K(126720K)->123139K(126720K) Class: 18815K(21248K)->18815K(21248K)
[2025-08-21T11:50:23.287+0000][1692007][info ][gc          ] GC(385) Pause Young (Normal) (G1 Evacuation Pause) 391M->91M(512M) 2.044ms
[2025-08-21T11:50:23.287+0000][1692007][info ][gc,cpu      ] GC(385) User=0.00s Sys=0.00s Real=0.01s
[2025-08-21T11:50:23.287+0000][1692007][info ][safepoint   ] Safepoint "G1CollectForAllocation", Time since last: 705437740302 ns, Reaching safepoint: 4417 ns, Cleanup: 2654 ns, At safepoint: 2078700 ns, Total: 2085771 ns
[2025-08-21T11:52:22.343+0000][1692007][info ][safepoint   ] Safepoint "Cleanup", Time since last: 119056326364 ns, Reaching safepoint: 6019 ns, Cleanup: 11377 ns, At safepoint: 251310 ns, Total: 268706 ns
[2025-08-21T12:02:06.764+0000][1692007][info ][gc,start    ] GC(386) Pause Young (Normal) (G1 Evacuation Pause)
[2025-08-21T12:02:06.764+0000][1692007][info ][gc,task     ] GC(386) Using 1 workers of 1 for evacuation
[2025-08-21T12:02:06.764+0000][1692007][debug][gc,age      ] GC(386) Desired survivor size 20971520 bytes, new threshold 15 (max threshold 15)
[2025-08-21T12:02:06.768+0000][1692007][info ][gc,phases   ] GC(386)   Pre Evacuate Collection Set: 0.0ms
[2025-08-21T12:02:06.768+0000][1692007][info ][gc,phases   ] GC(386)   Merge Heap Roots: 0.0ms
[2025-08-21T12:02:06.768+0000][1692007][info ][gc,phases   ] GC(386)   Evacuate Collection Set: 0.7ms
[2025-08-21T12:02:06.768+0000][1692007][info ][gc,phases   ] GC(386)   Post Evacuate Collection Set: 2.9ms
[2025-08-21T12:02:06.768+0000][1692007][info ][gc,phases   ] GC(386)   Other: 0.0ms
[2025-08-21T12:02:06.768+0000][1692007][trace][gc,age      ] GC(386) Age table with threshold 15 (max threshold 15)
[2025-08-21T12:02:06.768+0000][1692007][trace][gc,age      ] GC(386) - age   1:      15400 bytes,      15400 total
[2025-08-21T12:02:06.768+0000][1692007][trace][gc,age      ] GC(386) - age   7:       1232 bytes,      16632 total
[2025-08-21T12:02:06.768+0000][1692007][trace][gc,age      ] GC(386) - age   8:        320 bytes,      16952 total
[2025-08-21T12:02:06.768+0000][1692007][trace][gc,age      ] GC(386) - age   9:       1304 bytes,      18256 total
[2025-08-21T12:02:06.768+0000][1692007][trace][gc,age      ] GC(386) - age  10:         80 bytes,      18336 total
[2025-08-21T12:02:06.768+0000][1692007][info ][gc,heap     ] GC(386) Eden regions: 75->0(75)
[2025-08-21T12:02:06.768+0000][1692007][info ][gc,heap     ] GC(386) Survivor regions: 1->1(10)
[2025-08-21T12:02:06.768+0000][1692007][info ][gc,heap     ] GC(386) Old regions: 23->23
[2025-08-21T12:02:06.768+0000][1692007][info ][gc,heap     ] GC(386) Humongous regions: 0->0
[2025-08-21T12:02:06.768+0000][1692007][info ][gc,metaspace] GC(386) Metaspace: 141954K(147968K)->141954K(147968K) NonClass: 123139K(126720K)->123139K(126720K) Class: 18815K(21248K)->18815K(21248K)
[2025-08-21T12:02:06.768+0000][1692007][info ][gc          ] GC(386) Pause Young (Normal) (G1 Evacuation Pause) 391M->91M(512M) 3.883ms
[2025-08-21T12:02:06.768+0000][1692007][info ][gc,cpu      ] GC(386) User=0.00s Sys=0.00s Real=0.01s
[2025-08-21T12:02:06.768+0000][1692007][info ][safepoint   ] Safepoint "G1CollectForAllocation", Time since last: 584420668862 ns, Reaching safepoint: 7722 ns, Cleanup: 2604 ns, At safepoint: 3915715 ns, Total: 3926041 ns
[2025-08-21T12:13:53.038+0000][1692007][info ][gc,start    ] GC(387) Pause Young (Normal) (G1 Evacuation Pause)
[2025-08-21T12:13:53.038+0000][1692007][info ][gc,task     ] GC(387) Using 1 workers of 1 for evacuation
[2025-08-21T12:13:53.038+0000][1692007][debug][gc,age      ] GC(387) Desired survivor size 20971520 bytes, new threshold 15 (max threshold 15)
[2025-08-21T12:13:53.040+0000][1692007][info ][gc,phases   ] GC(387)   Pre Evacuate Collection Set: 0.2ms
[2025-08-21T12:13:53.040+0000][1692007][info ][gc,phases   ] GC(387)   Merge Heap Roots: 0.1ms
[2025-08-21T12:13:53.040+0000][1692007][info ][gc,phases   ] GC(387)   Evacuate Collection Set: 0.7ms
[2025-08-21T12:13:53.040+0000][1692007][info ][gc,phases   ] GC(387)   Post Evacuate Collection Set: 0.9ms
[2025-08-21T12:13:53.040+0000][1692007][info ][gc,phases   ] GC(387)   Other: 0.0ms
[2025-08-21T12:13:53.040+0000][1692007][trace][gc,age      ] GC(387) Age table with threshold 15 (max threshold 15)
[2025-08-21T12:13:53.040+0000][1692007][trace][gc,age      ] GC(387) - age   1:       9520 bytes,       9520 total
[2025-08-21T12:13:53.040+0000][1692007][trace][gc,age      ] GC(387) - age   2:        176 bytes,       9696 total
[2025-08-21T12:13:53.040+0000][1692007][trace][gc,age      ] GC(387) - age   8:       1232 bytes,      10928 total
[2025-08-21T12:13:53.040+0000][1692007][trace][gc,age      ] GC(387) - age   9:        320 bytes,      11248 total
[2025-08-21T12:13:53.040+0000][1692007][trace][gc,age      ] GC(387) - age  10:       1304 bytes,      12552 total
[2025-08-21T12:13:53.040+0000][1692007][trace][gc,age      ] GC(387) - age  11:         80 bytes,      12632 total
[2025-08-21T12:13:53.040+0000][1692007][info ][gc,heap     ] GC(387) Eden regions: 75->0(75)
[2025-08-21T12:13:53.040+0000][1692007][info ][gc,heap     ] GC(387) Survivor regions: 1->1(10)
[2025-08-21T12:13:53.040+0000][1692007][info ][gc,heap     ] GC(387) Old regions: 23->23
[2025-08-21T12:13:53.040+0000][1692007][info ][gc,heap     ] GC(387) Humongous regions: 0->0
[2025-08-21T12:13:53.040+0000][1692007][info ][gc,metaspace] GC(387) Metaspace: 141954K(147968K)->141954K(147968K) NonClass: 123139K(126720K)->123139K(126720K) Class: 18815K(21248K)->18815K(21248K)
[2025-08-21T12:13:53.040+0000][1692007][info ][gc          ] GC(387) Pause Young (Normal) (G1 Evacuation Pause) 391M->91M(512M) 2.363ms
[2025-08-21T12:13:53.040+0000][1692007][info ][gc,cpu      ] GC(387) User=0.00s Sys=0.00s Real=0.00s
[2025-08-21T12:13:53.040+0000][1692007][info ][safepoint   ] Safepoint "G1CollectForAllocation", Time since last: 706269709128 ns, Reaching safepoint: 7621 ns, Cleanup: 3355 ns, At safepoint: 2394698 ns, Total: 2405674 ns
[2025-08-21T12:25:34.605+0000][1692007][info ][gc,start    ] GC(388) Pause Young (Normal) (G1 Evacuation Pause)
[2025-08-21T12:25:34.605+0000][1692007][info ][gc,task     ] GC(388) Using 1 workers of 1 for evacuation
[2025-08-21T12:25:34.605+0000][1692007][debug][gc,age      ] GC(388) Desired survivor size 20971520 bytes, new threshold 15 (max threshold 15)
[2025-08-21T12:25:34.607+0000][1692007][info ][gc,phases   ] GC(388)   Pre Evacuate Collection Set: 0.0ms
[2025-08-21T12:25:34.607+0000][1692007][info ][gc,phases   ] GC(388)   Merge Heap Roots: 0.0ms
[2025-08-21T12:25:34.607+0000][1692007][info ][gc,phases   ] GC(388)   Evacuate Collection Set: 0.6ms
[2025-08-21T12:25:34.607+0000][1692007][info ][gc,phases   ] GC(388)   Post Evacuate Collection Set: 0.7ms
[2025-08-21T12:25:34.607+0000][1692007][info ][gc,phases   ] GC(388)   Other: 0.0ms
[2025-08-21T12:25:34.607+0000][1692007][trace][gc,age      ] GC(388) Age table with threshold 15 (max threshold 15)
[2025-08-21T12:25:34.607+0000][1692007][trace][gc,age      ] GC(388) - age   1:      11048 bytes,      11048 total
[2025-08-21T12:25:34.607+0000][1692007][trace][gc,age      ] GC(388) - age   3:        176 bytes,      11224 total
[2025-08-21T12:25:34.607+0000][1692007][trace][gc,age      ] GC(388) - age   9:       1232 bytes,      12456 total
[2025-08-21T12:25:34.607+0000][1692007][trace][gc,age      ] GC(388) - age  10:        320 bytes,      12776 total
[2025-08-21T12:25:34.607+0000][1692007][trace][gc,age      ] GC(388) - age  11:       1304 bytes,      14080 total
[2025-08-21T12:25:34.607+0000][1692007][trace][gc,age      ] GC(388) - age  12:         80 bytes,      14160 total
[2025-08-21T12:25:34.607+0000][1692007][info ][gc,heap     ] GC(388) Eden regions: 75->0(75)
[2025-08-21T12:25:34.607+0000][1692007][info ][gc,heap     ] GC(388) Survivor regions: 1->1(10)
[2025-08-21T12:25:34.607+0000][1692007][info ][gc,heap     ] GC(388) Old regions: 23->23
[2025-08-21T12:25:34.607+0000][1692007][info ][gc,heap     ] GC(388) Humongous regions: 0->0
[2025-08-21T12:25:34.607+0000][1692007][info ][gc,metaspace] GC(388) Metaspace: 141954K(147968K)->141954K(147968K) NonClass: 123139K(126720K)->123139K(126720K) Class: 18815K(21248K)->18815K(21248K)
[2025-08-21T12:25:34.607+0000][1692007][info ][gc          ] GC(388) Pause Young (Normal) (G1 Evacuation Pause) 391M->91M(512M) 1.711ms
[2025-08-21T12:25:34.607+0000][1692007][info ][gc,cpu      ] GC(388) User=0.00s Sys=0.00s Real=0.01s
[2025-08-21T12:25:34.607+0000][1692007][info ][safepoint   ] Safepoint "G1CollectForAllocation", Time since last: 701564959117 ns, Reaching safepoint: 7010 ns, Cleanup: 2374 ns, At safepoint: 1740789 ns, Total: 1750173 ns
[2025-08-21T12:37:20.026+0000][1692007][info ][gc,start    ] GC(389) Pause Young (Normal) (G1 Evacuation Pause)
[2025-08-21T12:37:20.026+0000][1692007][info ][gc,task     ] GC(389) Using 1 workers of 1 for evacuation
[2025-08-21T12:37:20.026+0000][1692007][debug][gc,age      ] GC(389) Desired survivor size 20971520 bytes, new threshold 15 (max threshold 15)
[2025-08-21T12:37:20.028+0000][1692007][info ][gc,phases   ] GC(389)   Pre Evacuate Collection Set: 0.0ms
[2025-08-21T12:37:20.028+0000][1692007][info ][gc,phases   ] GC(389)   Merge Heap Roots: 0.0ms
[2025-08-21T12:37:20.028+0000][1692007][info ][gc,phases   ] GC(389)   Evacuate Collection Set: 0.7ms
[2025-08-21T12:37:20.028+0000][1692007][info ][gc,phases   ] GC(389)   Post Evacuate Collection Set: 0.9ms
[2025-08-21T12:37:20.028+0000][1692007][info ][gc,phases   ] GC(389)   Other: 0.0ms
[2025-08-21T12:37:20.028+0000][1692007][trace][gc,age      ] GC(389) Age table with threshold 15 (max threshold 15)
[2025-08-21T12:37:20.028+0000][1692007][trace][gc,age      ] GC(389) - age   1:       9504 bytes,       9504 total
[2025-08-21T12:37:20.028+0000][1692007][trace][gc,age      ] GC(389) - age   4:        176 bytes,       9680 total
[2025-08-21T12:37:20.028+0000][1692007][trace][gc,age      ] GC(389) - age  10:       1232 bytes,      10912 total
[2025-08-21T12:37:20.028+0000][1692007][trace][gc,age      ] GC(389) - age  11:        320 bytes,      11232 total
[2025-08-21T12:37:20.028+0000][1692007][trace][gc,age      ] GC(389) - age  12:       1304 bytes,      12536 total
[2025-08-21T12:37:20.028+0000][1692007][trace][gc,age      ] GC(389) - age  13:         80 bytes,      12616 total
[2025-08-21T12:37:20.028+0000][1692007][info ][gc,heap     ] GC(389) Eden regions: 75->0(75)
[2025-08-21T12:37:20.028+0000][1692007][info ][gc,heap     ] GC(389) Survivor regions: 1->1(10)
[2025-08-21T12:37:20.028+0000][1692007][info ][gc,heap     ] GC(389) Old regions: 23->23
[2025-08-21T12:37:20.028+0000][1692007][info ][gc,heap     ] GC(389) Humongous regions: 0->0
[2025-08-21T12:37:20.028+0000][1692007][info ][gc,metaspace] GC(389) Metaspace: 141954K(147968K)->141954K(147968K) NonClass: 123139K(126720K)->123139K(126720K) Class: 18815K(21248K)->18815K(21248K)
[2025-08-21T12:37:20.028+0000][1692007][info ][gc          ] GC(389) Pause Young (Normal) (G1 Evacuation Pause) 391M->91M(512M) 1.911ms
[2025-08-21T12:37:20.028+0000][1692007][info ][gc,cpu      ] GC(389) User=0.00s Sys=0.00s Real=0.00s
[2025-08-21T12:37:20.028+0000][1692007][info ][safepoint   ] Safepoint "G1CollectForAllocation", Time since last: 705419047124 ns, Reaching safepoint: 7050 ns, Cleanup: 2444 ns, At safepoint: 1944036 ns, Total: 1953530 ns
[2025-08-21T12:49:05.471+0000][1692007][info ][gc,start    ] GC(390) Pause Young (Normal) (G1 Evacuation Pause)
[2025-08-21T12:49:05.471+0000][1692007][info ][gc,task     ] GC(390) Using 1 workers of 1 for evacuation
[2025-08-21T12:49:05.471+0000][1692007][debug][gc,age      ] GC(390) Desired survivor size 20971520 bytes, new threshold 15 (max threshold 15)
[2025-08-21T12:49:05.473+0000][1692007][info ][gc,phases   ] GC(390)   Pre Evacuate Collection Set: 0.0ms
[2025-08-21T12:49:05.473+0000][1692007][info ][gc,phases   ] GC(390)   Merge Heap Roots: 0.0ms
[2025-08-21T12:49:05.473+0000][1692007][info ][gc,phases   ] GC(390)   Evacuate Collection Set: 0.6ms
[2025-08-21T12:49:05.473+0000][1692007][info ][gc,phases   ] GC(390)   Post Evacuate Collection Set: 0.7ms
[2025-08-21T12:49:05.473+0000][1692007][info ][gc,phases   ] GC(390)   Other: 0.0ms
[2025-08-21T12:49:05.473+0000][1692007][trace][gc,age      ] GC(390) Age table with threshold 15 (max threshold 15)
[2025-08-21T12:49:05.473+0000][1692007][trace][gc,age      ] GC(390) - age   1:      10504 bytes,      10504 total
[2025-08-21T12:49:05.473+0000][1692007][trace][gc,age      ] GC(390) - age   2:        352 bytes,      10856 total
[2025-08-21T12:49:05.473+0000][1692007][trace][gc,age      ] GC(390) - age   5:        176 bytes,      11032 total
[2025-08-21T12:49:05.473+0000][1692007][trace][gc,age      ] GC(390) - age  11:       1232 bytes,      12264 total
[2025-08-21T12:49:05.473+0000][1692007][trace][gc,age      ] GC(390) - age  12:        320 bytes,      12584 total
[2025-08-21T12:49:05.473+0000][1692007][trace][gc,age      ] GC(390) - age  13:       1304 bytes,      13888 total
[2025-08-21T12:49:05.473+0000][1692007][trace][gc,age      ] GC(390) - age  14:         80 bytes,      13968 total
[2025-08-21T12:49:05.473+0000][1692007][info ][gc,heap     ] GC(390) Eden regions: 75->0(75)
[2025-08-21T12:49:05.473+0000][1692007][info ][gc,heap     ] GC(390) Survivor regions: 1->1(10)
[2025-08-21T12:49:05.473+0000][1692007][info ][gc,heap     ] GC(390) Old regions: 23->23
[2025-08-21T12:49:05.473+0000][1692007][info ][gc,heap     ] GC(390) Humongous regions: 0->0
[2025-08-21T12:49:05.473+0000][1692007][info ][gc,metaspace] GC(390) Metaspace: 141954K(147968K)->141954K(147968K) NonClass: 123139K(126720K)->123139K(126720K) Class: 18815K(21248K)->18815K(21248K)
[2025-08-21T12:49:05.473+0000][1692007][info ][gc          ] GC(390) Pause Young (Normal) (G1 Evacuation Pause) 391M->91M(512M) 1.684ms
[2025-08-21T12:49:05.473+0000][1692007][info ][gc,cpu      ] GC(390) User=0.01s Sys=0.00s Real=0.00s
[2025-08-21T12:49:05.473+0000][1692007][info ][safepoint   ] Safepoint "G1CollectForAllocation", Time since last: 705443281375 ns, Reaching safepoint: 7071 ns, Cleanup: 2514 ns, At safepoint: 1716652 ns, Total: 1726237 ns
[2025-08-21T12:56:54.507+0000][1692007][info ][safepoint   ] Safepoint "Cleanup", Time since last: 469033807889 ns, Reaching safepoint: 43055 ns, Cleanup: 11217 ns, At safepoint: 4477 ns, Total: 58749 ns
[2025-08-21T13:00:46.961+0000][1692007][info ][gc,start    ] GC(391) Pause Young (Normal) (G1 Evacuation Pause)
[2025-08-21T13:00:46.961+0000][1692007][info ][gc,task     ] GC(391) Using 1 workers of 1 for evacuation
[2025-08-21T13:00:46.961+0000][1692007][debug][gc,age      ] GC(391) Desired survivor size 20971520 bytes, new threshold 15 (max threshold 15)
[2025-08-21T13:00:46.962+0000][1692007][info ][gc,phases   ] GC(391)   Pre Evacuate Collection Set: 0.0ms
[2025-08-21T13:00:46.962+0000][1692007][info ][gc,phases   ] GC(391)   Merge Heap Roots: 0.0ms
[2025-08-21T13:00:46.962+0000][1692007][info ][gc,phases   ] GC(391)   Evacuate Collection Set: 0.6ms
[2025-08-21T13:00:46.962+0000][1692007][info ][gc,phases   ] GC(391)   Post Evacuate Collection Set: 0.7ms
[2025-08-21T13:00:46.962+0000][1692007][info ][gc,phases   ] GC(391)   Other: 0.0ms
[2025-08-21T13:00:46.962+0000][1692007][trace][gc,age      ] GC(391) Age table with threshold 15 (max threshold 15)
[2025-08-21T13:00:46.962+0000][1692007][trace][gc,age      ] GC(391) - age   1:       9768 bytes,       9768 total
[2025-08-21T13:00:46.962+0000][1692007][trace][gc,age      ] GC(391) - age  12:       1232 bytes,      11000 total
[2025-08-21T13:00:46.962+0000][1692007][trace][gc,age      ] GC(391) - age  13:        320 bytes,      11320 total
[2025-08-21T13:00:46.962+0000][1692007][trace][gc,age      ] GC(391) - age  14:       1304 bytes,      12624 total
[2025-08-21T13:00:46.962+0000][1692007][trace][gc,age      ] GC(391) - age  15:         80 bytes,      12704 total
[2025-08-21T13:00:46.962+0000][1692007][info ][gc,heap     ] GC(391) Eden regions: 75->0(75)
[2025-08-21T13:00:46.962+0000][1692007][info ][gc,heap     ] GC(391) Survivor regions: 1->1(10)
[2025-08-21T13:00:46.962+0000][1692007][info ][gc,heap     ] GC(391) Old regions: 23->23
[2025-08-21T13:00:46.962+0000][1692007][info ][gc,heap     ] GC(391) Humongous regions: 0->0
[2025-08-21T13:00:46.962+0000][1692007][info ][gc,metaspace] GC(391) Metaspace: 141954K(147968K)->141954K(147968K) NonClass: 123139K(126720K)->123139K(126720K) Class: 18815K(21248K)->18815K(21248K)
[2025-08-21T13:00:46.962+0000][1692007][info ][gc          ] GC(391) Pause Young (Normal) (G1 Evacuation Pause) 391M->91M(512M) 1.843ms
[2025-08-21T13:00:46.962+0000][1692007][info ][gc,cpu      ] GC(391) User=0.00s Sys=0.00s Real=0.00s
[2025-08-21T13:00:46.962+0000][1692007][info ][safepoint   ] Safepoint "G1CollectForAllocation", Time since last: 232454000708 ns, Reaching safepoint: 8122 ns, Cleanup: 3105 ns, At safepoint: 1874711 ns, Total: 1885938 ns
[2025-08-21T13:12:32.087+0000][1692007][info ][gc,start    ] GC(392) Pause Young (Normal) (G1 Evacuation Pause)
[2025-08-21T13:12:32.088+0000][1692007][info ][gc,task     ] GC(392) Using 1 workers of 1 for evacuation
[2025-08-21T13:12:32.088+0000][1692007][debug][gc,age      ] GC(392) Desired survivor size 20971520 bytes, new threshold 15 (max threshold 15)
[2025-08-21T13:12:32.090+0000][1692007][info ][gc,phases   ] GC(392)   Pre Evacuate Collection Set: 0.0ms
[2025-08-21T13:12:32.090+0000][1692007][info ][gc,phases   ] GC(392)   Merge Heap Roots: 0.0ms
[2025-08-21T13:12:32.090+0000][1692007][info ][gc,phases   ] GC(392)   Evacuate Collection Set: 0.7ms
[2025-08-21T13:12:32.090+0000][1692007][info ][gc,phases   ] GC(392)   Post Evacuate Collection Set: 0.7ms
[2025-08-21T13:12:32.090+0000][1692007][info ][gc,phases   ] GC(392)   Other: 0.4ms
[2025-08-21T13:12:32.090+0000][1692007][trace][gc,age      ] GC(392) Age table with threshold 15 (max threshold 15)
[2025-08-21T13:12:32.090+0000][1692007][trace][gc,age      ] GC(392) - age   1:      10920 bytes,      10920 total
[2025-08-21T13:12:32.090+0000][1692007][trace][gc,age      ] GC(392) - age   2:        176 bytes,      11096 total
[2025-08-21T13:12:32.090+0000][1692007][trace][gc,age      ] GC(392) - age  13:       1232 bytes,      12328 total
[2025-08-21T13:12:32.090+0000][1692007][trace][gc,age      ] GC(392) - age  14:        320 bytes,      12648 total
[2025-08-21T13:12:32.090+0000][1692007][trace][gc,age      ] GC(392) - age  15:       1304 bytes,      13952 total
[2025-08-21T13:12:32.090+0000][1692007][info ][gc,heap     ] GC(392) Eden regions: 75->0(75)
[2025-08-21T13:12:32.090+0000][1692007][info ][gc,heap     ] GC(392) Survivor regions: 1->1(10)
[2025-08-21T13:12:32.090+0000][1692007][info ][gc,heap     ] GC(392) Old regions: 23->23
[2025-08-21T13:12:32.090+0000][1692007][info ][gc,heap     ] GC(392) Humongous regions: 0->0
[2025-08-21T13:12:32.090+0000][1692007][info ][gc,metaspace] GC(392) Metaspace: 141954K(147968K)->141954K(147968K) NonClass: 123139K(126720K)->123139K(126720K) Class: 18815K(21248K)->18815K(21248K)
[2025-08-21T13:12:32.090+0000][1692007][info ][gc          ] GC(392) Pause Young (Normal) (G1 Evacuation Pause) 391M->91M(512M) 2.384ms
[2025-08-21T13:12:32.090+0000][1692007][info ][gc,cpu      ] GC(392) User=0.00s Sys=0.00s Real=0.00s
[2025-08-21T13:12:32.090+0000][1692007][info ][safepoint   ] Safepoint "G1CollectForAllocation", Time since last: 705124839949 ns, Reaching safepoint: 7802 ns, Cleanup: 3495 ns, At safepoint: 2421536 ns, Total: 2432833 ns
[2025-08-21T13:24:16.767+0000][1692007][info ][gc,start    ] GC(393) Pause Young (Normal) (G1 Evacuation Pause)
[2025-08-21T13:24:16.767+0000][1692007][info ][gc,task     ] GC(393) Using 1 workers of 1 for evacuation
[2025-08-21T13:24:16.767+0000][1692007][debug][gc,age      ] GC(393) Desired survivor size 20971520 bytes, new threshold 15 (max threshold 15)
[2025-08-21T13:24:16.769+0000][1692007][info ][gc,phases   ] GC(393)   Pre Evacuate Collection Set: 0.0ms
[2025-08-21T13:24:16.769+0000][1692007][info ][gc,phases   ] GC(393)   Merge Heap Roots: 0.0ms
[2025-08-21T13:24:16.769+0000][1692007][info ][gc,phases   ] GC(393)   Evacuate Collection Set: 0.6ms
[2025-08-21T13:24:16.769+0000][1692007][info ][gc,phases   ] GC(393)   Post Evacuate Collection Set: 0.9ms
[2025-08-21T13:24:16.769+0000][1692007][info ][gc,phases   ] GC(393)   Other: 0.0ms
[2025-08-21T13:24:16.769+0000][1692007][trace][gc,age      ] GC(393) Age table with threshold 15 (max threshold 15)
[2025-08-21T13:24:16.769+0000][1692007][trace][gc,age      ] GC(393) - age   1:      10968 bytes,      10968 total
[2025-08-21T13:24:16.769+0000][1692007][trace][gc,age      ] GC(393) - age   3:        176 bytes,      11144 total
[2025-08-21T13:24:16.769+0000][1692007][trace][gc,age      ] GC(393) - age  14:       1232 bytes,      12376 total
[2025-08-21T13:24:16.769+0000][1692007][trace][gc,age      ] GC(393) - age  15:        320 bytes,      12696 total
[2025-08-21T13:24:16.769+0000][1692007][info ][gc,heap     ] GC(393) Eden regions: 75->0(75)
[2025-08-21T13:24:16.769+0000][1692007][info ][gc,heap     ] GC(393) Survivor regions: 1->1(10)
[2025-08-21T13:24:16.769+0000][1692007][info ][gc,heap     ] GC(393) Old regions: 23->23
[2025-08-21T13:24:16.769+0000][1692007][info ][gc,heap     ] GC(393) Humongous regions: 0->0
[2025-08-21T13:24:16.769+0000][1692007][info ][gc,metaspace] GC(393) Metaspace: 141954K(147968K)->141954K(147968K) NonClass: 123139K(126720K)->123139K(126720K) Class: 18815K(21248K)->18815K(21248K)
[2025-08-21T13:24:16.769+0000][1692007][info ][gc          ] GC(393) Pause Young (Normal) (G1 Evacuation Pause) 391M->91M(512M) 1.870ms
[2025-08-21T13:24:16.769+0000][1692007][info ][gc,cpu      ] GC(393) User=0.00s Sys=0.00s Real=0.00s
[2025-08-21T13:24:16.769+0000][1692007][info ][safepoint   ] Safepoint "G1CollectForAllocation", Time since last: 704677211440 ns, Reaching safepoint: 6680 ns, Cleanup: 2544 ns, At safepoint: 1902533 ns, Total: 1911757 ns
[2025-08-21T13:34:40.815+0000][1692007][info ][safepoint   ] Safepoint "Cleanup", Time since last: 624045834282 ns, Reaching safepoint: 5428 ns, Cleanup: 13891 ns, At safepoint: 2344 ns, Total: 21663 ns
[2025-08-21T13:36:02.229+0000][1692007][info ][gc,start    ] GC(394) Pause Young (Normal) (G1 Evacuation Pause)
[2025-08-21T13:36:02.229+0000][1692007][info ][gc,task     ] GC(394) Using 1 workers of 1 for evacuation
[2025-08-21T13:36:02.229+0000][1692007][debug][gc,age      ] GC(394) Desired survivor size 20971520 bytes, new threshold 15 (max threshold 15)
[2025-08-21T13:36:02.231+0000][1692007][info ][gc,phases   ] GC(394)   Pre Evacuate Collection Set: 0.0ms
[2025-08-21T13:36:02.231+0000][1692007][info ][gc,phases   ] GC(394)   Merge Heap Roots: 0.0ms
[2025-08-21T13:36:02.231+0000][1692007][info ][gc,phases   ] GC(394)   Evacuate Collection Set: 0.7ms
[2025-08-21T13:36:02.231+0000][1692007][info ][gc,phases   ] GC(394)   Post Evacuate Collection Set: 0.9ms
[2025-08-21T13:36:02.231+0000][1692007][info ][gc,phases   ] GC(394)   Other: 0.0ms
[2025-08-21T13:36:02.231+0000][1692007][trace][gc,age      ] GC(394) Age table with threshold 15 (max threshold 15)
[2025-08-21T13:36:02.231+0000][1692007][trace][gc,age      ] GC(394) - age   1:      22376 bytes,      22376 total
[2025-08-21T13:36:02.231+0000][1692007][trace][gc,age      ] GC(394) - age   4:        176 bytes,      22552 total
[2025-08-21T13:36:02.231+0000][1692007][trace][gc,age      ] GC(394) - age  15:       1232 bytes,      23784 total
[2025-08-21T13:36:02.231+0000][1692007][info ][gc,heap     ] GC(394) Eden regions: 75->0(75)
[2025-08-21T13:36:02.231+0000][1692007][info ][gc,heap     ] GC(394) Survivor regions: 1->1(10)
[2025-08-21T13:36:02.231+0000][1692007][info ][gc,heap     ] GC(394) Old regions: 23->23
[2025-08-21T13:36:02.231+0000][1692007][info ][gc,heap     ] GC(394) Humongous regions: 0->0
[2025-08-21T13:36:02.231+0000][1692007][info ][gc,metaspace] GC(394) Metaspace: 141954K(147968K)->141954K(147968K) NonClass: 123139K(126720K)->123139K(126720K) Class: 18815K(21248K)->18815K(21248K)
[2025-08-21T13:36:02.231+0000][1692007][info ][gc          ] GC(394) Pause Young (Normal) (G1 Evacuation Pause) 391M->91M(512M) 1.915ms
[2025-08-21T13:36:02.231+0000][1692007][info ][gc,cpu      ] GC(394) User=0.00s Sys=0.00s Real=0.00s
[2025-08-21T13:36:02.231+0000][1692007][info ][safepoint   ] Safepoint "G1CollectForAllocation", Time since last: 81413927628 ns, Reaching safepoint: 7632 ns, Cleanup: 2534 ns, At safepoint: 1947510 ns, Total: 1957676 ns
[2025-08-21T13:47:47.586+0000][1692007][info ][gc,start    ] GC(395) Pause Young (Normal) (G1 Evacuation Pause)
[2025-08-21T13:47:47.586+0000][1692007][info ][gc,task     ] GC(395) Using 1 workers of 1 for evacuation
[2025-08-21T13:47:47.586+0000][1692007][debug][gc,age      ] GC(395) Desired survivor size 20971520 bytes, new threshold 15 (max threshold 15)
[2025-08-21T13:47:47.587+0000][1692007][info ][gc,phases   ] GC(395)   Pre Evacuate Collection Set: 0.0ms
[2025-08-21T13:47:47.588+0000][1692007][info ][gc,phases   ] GC(395)   Merge Heap Roots: 0.0ms
[2025-08-21T13:47:47.588+0000][1692007][info ][gc,phases   ] GC(395)   Evacuate Collection Set: 0.6ms
[2025-08-21T13:47:47.588+0000][1692007][info ][gc,phases   ] GC(395)   Post Evacuate Collection Set: 0.8ms
[2025-08-21T13:47:47.588+0000][1692007][info ][gc,phases   ] GC(395)   Other: 0.0ms
[2025-08-21T13:47:47.588+0000][1692007][trace][gc,age      ] GC(395) Age table with threshold 15 (max threshold 15)
[2025-08-21T13:47:47.588+0000][1692007][trace][gc,age      ] GC(395) - age   1:       9192 bytes,       9192 total
[2025-08-21T13:47:47.588+0000][1692007][trace][gc,age      ] GC(395) - age   2:       2704 bytes,      11896 total
[2025-08-21T13:47:47.588+0000][1692007][trace][gc,age      ] GC(395) - age   5:        176 bytes,      12072 total
[2025-08-21T13:47:47.588+0000][1692007][info ][gc,heap     ] GC(395) Eden regions: 75->0(75)
[2025-08-21T13:47:47.588+0000][1692007][info ][gc,heap     ] GC(395) Survivor regions: 1->1(10)
[2025-08-21T13:47:47.588+0000][1692007][info ][gc,heap     ] GC(395) Old regions: 23->23
[2025-08-21T13:47:47.588+0000][1692007][info ][gc,heap     ] GC(395) Humongous regions: 0->0
[2025-08-21T13:47:47.588+0000][1692007][info ][gc,metaspace] GC(395) Metaspace: 141954K(147968K)->141954K(147968K) NonClass: 123139K(126720K)->123139K(126720K) Class: 18815K(21248K)->18815K(21248K)
[2025-08-21T13:47:47.588+0000][1692007][info ][gc          ] GC(395) Pause Young (Normal) (G1 Evacuation Pause) 391M->91M(512M) 2.048ms
[2025-08-21T13:47:47.588+0000][1692007][info ][gc,cpu      ] GC(395) User=0.00s Sys=0.00s Real=0.00s
[2025-08-21T13:47:47.588+0000][1692007][info ][safepoint   ] Safepoint "G1CollectForAllocation", Time since last: 705354862293 ns, Reaching safepoint: 6890 ns, Cleanup: 3185 ns, At safepoint: 2078879 ns, Total: 2088954 ns
[2025-08-21T13:59:28.134+0000][1692007][info ][gc,start    ] GC(396) Pause Young (Normal) (G1 Evacuation Pause)
[2025-08-21T13:59:28.135+0000][1692007][info ][gc,task     ] GC(396) Using 1 workers of 1 for evacuation
[2025-08-21T13:59:28.135+0000][1692007][debug][gc,age      ] GC(396) Desired survivor size 20971520 bytes, new threshold 15 (max threshold 15)
[2025-08-21T13:59:28.136+0000][1692007][info ][gc,phases   ] GC(396)   Pre Evacuate Collection Set: 0.0ms
[2025-08-21T13:59:28.136+0000][1692007][info ][gc,phases   ] GC(396)   Merge Heap Roots: 0.0ms
[2025-08-21T13:59:28.136+0000][1692007][info ][gc,phases   ] GC(396)   Evacuate Collection Set: 0.7ms
[2025-08-21T13:59:28.136+0000][1692007][info ][gc,phases   ] GC(396)   Post Evacuate Collection Set: 0.9ms
[2025-08-21T13:59:28.136+0000][1692007][info ][gc,phases   ] GC(396)   Other: 0.0ms
[2025-08-21T13:59:28.136+0000][1692007][trace][gc,age      ] GC(396) Age table with threshold 15 (max threshold 15)
[2025-08-21T13:59:28.136+0000][1692007][trace][gc,age      ] GC(396) - age   1:      11200 bytes,      11200 total
[2025-08-21T13:59:28.136+0000][1692007][trace][gc,age      ] GC(396) - age   2:         96 bytes,      11296 total
[2025-08-21T13:59:28.136+0000][1692007][trace][gc,age      ] GC(396) - age   3:       2352 bytes,      13648 total
[2025-08-21T13:59:28.136+0000][1692007][info ][gc,heap     ] GC(396) Eden regions: 75->0(75)
[2025-08-21T13:59:28.136+0000][1692007][info ][gc,heap     ] GC(396) Survivor regions: 1->1(10)
[2025-08-21T13:59:28.136+0000][1692007][info ][gc,heap     ] GC(396) Old regions: 23->23
[2025-08-21T13:59:28.136+0000][1692007][info ][gc,heap     ] GC(396) Humongous regions: 0->0
[2025-08-21T13:59:28.136+0000][1692007][info ][gc,metaspace] GC(396) Metaspace: 141954K(147968K)->141954K(147968K) NonClass: 123139K(126720K)->123139K(126720K) Class: 18815K(21248K)->18815K(21248K)
[2025-08-21T13:59:28.136+0000][1692007][info ][gc          ] GC(396) Pause Young (Normal) (G1 Evacuation Pause) 391M->91M(512M) 1.910ms
[2025-08-21T13:59:28.136+0000][1692007][info ][gc,cpu      ] GC(396) User=0.00s Sys=0.00s Real=0.01s
[2025-08-21T13:59:28.136+0000][1692007][info ][safepoint   ] Safepoint "G1CollectForAllocation", Time since last: 700546899275 ns, Reaching safepoint: 4477 ns, Cleanup: 2844 ns, At safepoint: 1942002 ns, Total: 1949323 ns
[2025-08-21T14:11:13.594+0000][1692007][info ][gc,start    ] GC(397) Pause Young (Normal) (G1 Evacuation Pause)
[2025-08-21T14:11:13.594+0000][1692007][info ][gc,task     ] GC(397) Using 1 workers of 1 for evacuation
[2025-08-21T14:11:13.594+0000][1692007][debug][gc,age      ] GC(397) Desired survivor size 20971520 bytes, new threshold 15 (max threshold 15)
[2025-08-21T14:11:13.596+0000][1692007][info ][gc,phases   ] GC(397)   Pre Evacuate Collection Set: 0.0ms
[2025-08-21T14:11:13.596+0000][1692007][info ][gc,phases   ] GC(397)   Merge Heap Roots: 0.0ms
[2025-08-21T14:11:13.596+0000][1692007][info ][gc,phases   ] GC(397)   Evacuate Collection Set: 0.6ms
[2025-08-21T14:11:13.596+0000][1692007][info ][gc,phases   ] GC(397)   Post Evacuate Collection Set: 0.9ms
[2025-08-21T14:11:13.596+0000][1692007][info ][gc,phases   ] GC(397)   Other: 0.0ms
[2025-08-21T14:11:13.596+0000][1692007][trace][gc,age      ] GC(397) Age table with threshold 15 (max threshold 15)
[2025-08-21T14:11:13.596+0000][1692007][trace][gc,age      ] GC(397) - age   1:      11024 bytes,      11024 total
[2025-08-21T14:11:13.596+0000][1692007][trace][gc,age      ] GC(397) - age   2:        176 bytes,      11200 total
[2025-08-21T14:11:13.596+0000][1692007][trace][gc,age      ] GC(397) - age   3:         96 bytes,      11296 total
[2025-08-21T14:11:13.596+0000][1692007][trace][gc,age      ] GC(397) - age   4:       2352 bytes,      13648 total
[2025-08-21T14:11:13.596+0000][1692007][info ][gc,heap     ] GC(397) Eden regions: 75->0(75)
[2025-08-21T14:11:13.596+0000][1692007][info ][gc,heap     ] GC(397) Survivor regions: 1->1(10)
[2025-08-21T14:11:13.596+0000][1692007][info ][gc,heap     ] GC(397) Old regions: 23->23
[2025-08-21T14:11:13.596+0000][1692007][info ][gc,heap     ] GC(397) Humongous regions: 0->0
[2025-08-21T14:11:13.596+0000][1692007][info ][gc,metaspace] GC(397) Metaspace: 141954K(147968K)->141954K(147968K) NonClass: 123139K(126720K)->123139K(126720K) Class: 18815K(21248K)->18815K(21248K)
[2025-08-21T14:11:13.596+0000][1692007][info ][gc          ] GC(397) Pause Young (Normal) (G1 Evacuation Pause) 391M->91M(512M) 1.856ms
[2025-08-21T14:11:13.596+0000][1692007][info ][gc,cpu      ] GC(397) User=0.00s Sys=0.00s Real=0.01s
[2025-08-21T14:11:13.596+0000][1692007][info ][safepoint   ] Safepoint "G1CollectForAllocation", Time since last: 705457764444 ns, Reaching safepoint: 7501 ns, Cleanup: 2474 ns, At safepoint: 1888171 ns, Total: 1898146 ns
[2025-08-21T14:22:59.032+0000][1692007][info ][gc,start    ] GC(398) Pause Young (Normal) (G1 Evacuation Pause)
[2025-08-21T14:22:59.032+0000][1692007][info ][gc,task     ] GC(398) Using 1 workers of 1 for evacuation
[2025-08-21T14:22:59.032+0000][1692007][debug][gc,age      ] GC(398) Desired survivor size 20971520 bytes, new threshold 15 (max threshold 15)
[2025-08-21T14:22:59.034+0000][1692007][info ][gc,phases   ] GC(398)   Pre Evacuate Collection Set: 0.0ms
[2025-08-21T14:22:59.034+0000][1692007][info ][gc,phases   ] GC(398)   Merge Heap Roots: 0.0ms
[2025-08-21T14:22:59.034+0000][1692007][info ][gc,phases   ] GC(398)   Evacuate Collection Set: 0.6ms
[2025-08-21T14:22:59.034+0000][1692007][info ][gc,phases   ] GC(398)   Post Evacuate Collection Set: 0.9ms
[2025-08-21T14:22:59.034+0000][1692007][info ][gc,phases   ] GC(398)   Other: 0.0ms
[2025-08-21T14:22:59.034+0000][1692007][trace][gc,age      ] GC(398) Age table with threshold 15 (max threshold 15)
[2025-08-21T14:22:59.034+0000][1692007][trace][gc,age      ] GC(398) - age   1:      11208 bytes,      11208 total
[2025-08-21T14:22:59.034+0000][1692007][trace][gc,age      ] GC(398) - age   3:        176 bytes,      11384 total
[2025-08-21T14:22:59.034+0000][1692007][trace][gc,age      ] GC(398) - age   4:         96 bytes,      11480 total
[2025-08-21T14:22:59.034+0000][1692007][trace][gc,age      ] GC(398) - age   5:       2352 bytes,      13832 total
[2025-08-21T14:22:59.034+0000][1692007][info ][gc,heap     ] GC(398) Eden regions: 75->0(75)
[2025-08-21T14:22:59.034+0000][1692007][info ][gc,heap     ] GC(398) Survivor regions: 1->1(10)
[2025-08-21T14:22:59.034+0000][1692007][info ][gc,heap     ] GC(398) Old regions: 23->23
[2025-08-21T14:22:59.034+0000][1692007][info ][gc,heap     ] GC(398) Humongous regions: 0->0
[2025-08-21T14:22:59.034+0000][1692007][info ][gc,metaspace] GC(398) Metaspace: 141954K(147968K)->141954K(147968K) NonClass: 123139K(126720K)->123139K(126720K) Class: 18815K(21248K)->18815K(21248K)
[2025-08-21T14:22:59.034+0000][1692007][info ][gc          ] GC(398) Pause Young (Normal) (G1 Evacuation Pause) 391M->91M(512M) 1.853ms
[2025-08-21T14:22:59.034+0000][1692007][info ][gc,cpu      ] GC(398) User=0.01s Sys=0.00s Real=0.00s
[2025-08-21T14:22:59.034+0000][1692007][info ][safepoint   ] Safepoint "G1CollectForAllocation", Time since last: 705435848647 ns, Reaching safepoint: 6800 ns, Cleanup: 2564 ns, At safepoint: 1885537 ns, Total: 1894901 ns
[2025-08-21T14:34:43.140+0000][1692007][info ][gc,start    ] GC(399) Pause Young (Normal) (G1 Evacuation Pause)
[2025-08-21T14:34:43.141+0000][1692007][info ][gc,task     ] GC(399) Using 1 workers of 1 for evacuation
[2025-08-21T14:34:43.141+0000][1692007][debug][gc,age      ] GC(399) Desired survivor size 20971520 bytes, new threshold 15 (max threshold 15)
[2025-08-21T14:34:43.142+0000][1692007][info ][gc,phases   ] GC(399)   Pre Evacuate Collection Set: 0.0ms
[2025-08-21T14:34:43.142+0000][1692007][info ][gc,phases   ] GC(399)   Merge Heap Roots: 0.0ms
[2025-08-21T14:34:43.142+0000][1692007][info ][gc,phases   ] GC(399)   Evacuate Collection Set: 0.6ms
[2025-08-21T14:34:43.142+0000][1692007][info ][gc,phases   ] GC(399)   Post Evacuate Collection Set: 0.8ms
[2025-08-21T14:34:43.142+0000][1692007][info ][gc,phases   ] GC(399)   Other: 0.0ms
[2025-08-21T14:34:43.142+0000][1692007][trace][gc,age      ] GC(399) Age table with threshold 15 (max threshold 15)
[2025-08-21T14:34:43.142+0000][1692007][trace][gc,age      ] GC(399) - age   1:       9256 bytes,       9256 total
[2025-08-21T14:34:43.142+0000][1692007][trace][gc,age      ] GC(399) - age   2:        352 bytes,       9608 total
[2025-08-21T14:34:43.142+0000][1692007][trace][gc,age      ] GC(399) - age   4:        176 bytes,       9784 total
[2025-08-21T14:34:43.142+0000][1692007][trace][gc,age      ] GC(399) - age   5:         96 bytes,       9880 total
[2025-08-21T14:34:43.142+0000][1692007][trace][gc,age      ] GC(399) - age   6:       2352 bytes,      12232 total
[2025-08-21T14:34:43.142+0000][1692007][info ][gc,heap     ] GC(399) Eden regions: 75->0(75)
[2025-08-21T14:34:43.142+0000][1692007][info ][gc,heap     ] GC(399) Survivor regions: 1->1(10)
[2025-08-21T14:34:43.142+0000][1692007][info ][gc,heap     ] GC(399) Old regions: 23->23
[2025-08-21T14:34:43.142+0000][1692007][info ][gc,heap     ] GC(399) Humongous regions: 0->0
[2025-08-21T14:34:43.142+0000][1692007][info ][gc,metaspace] GC(399) Metaspace: 141954K(147968K)->141954K(147968K) NonClass: 123139K(126720K)->123139K(126720K) Class: 18815K(21248K)->18815K(21248K)
[2025-08-21T14:34:43.142+0000][1692007][info ][gc          ] GC(399) Pause Young (Normal) (G1 Evacuation Pause) 391M->91M(512M) 1.803ms
[2025-08-21T14:34:43.142+0000][1692007][info ][gc,cpu      ] GC(399) User=0.00s Sys=0.00s Real=0.00s
[2025-08-21T14:34:43.142+0000][1692007][info ][safepoint   ] Safepoint "G1CollectForAllocation", Time since last: 704106407153 ns, Reaching safepoint: 9514 ns, Cleanup: 2764 ns, At safepoint: 1833519 ns, Total: 1845797 ns
[2025-08-21T14:46:28.259+0000][1692007][info ][gc,start    ] GC(400) Pause Young (Normal) (G1 Evacuation Pause)
[2025-08-21T14:46:28.260+0000][1692007][info ][gc,task     ] GC(400) Using 1 workers of 1 for evacuation
[2025-08-21T14:46:28.260+0000][1692007][debug][gc,age      ] GC(400) Desired survivor size 20971520 bytes, new threshold 15 (max threshold 15)
[2025-08-21T14:46:28.261+0000][1692007][info ][gc,phases   ] GC(400)   Pre Evacuate Collection Set: 0.0ms
[2025-08-21T14:46:28.261+0000][1692007][info ][gc,phases   ] GC(400)   Merge Heap Roots: 0.0ms
[2025-08-21T14:46:28.261+0000][1692007][info ][gc,phases   ] GC(400)   Evacuate Collection Set: 0.8ms
[2025-08-21T14:46:28.261+0000][1692007][info ][gc,phases   ] GC(400)   Post Evacuate Collection Set: 0.8ms
[2025-08-21T14:46:28.261+0000][1692007][info ][gc,phases   ] GC(400)   Other: 0.0ms
[2025-08-21T14:46:28.261+0000][1692007][trace][gc,age      ] GC(400) Age table with threshold 15 (max threshold 15)
[2025-08-21T14:46:28.261+0000][1692007][trace][gc,age      ] GC(400) - age   1:      12400 bytes,      12400 total
[2025-08-21T14:46:28.261+0000][1692007][trace][gc,age      ] GC(400) - age   5:        176 bytes,      12576 total
[2025-08-21T14:46:28.261+0000][1692007][trace][gc,age      ] GC(400) - age   6:         96 bytes,      12672 total
[2025-08-21T14:46:28.261+0000][1692007][trace][gc,age      ] GC(400) - age   7:       2352 bytes,      15024 total
[2025-08-21T14:46:28.261+0000][1692007][info ][gc,heap     ] GC(400) Eden regions: 75->0(75)
[2025-08-21T14:46:28.261+0000][1692007][info ][gc,heap     ] GC(400) Survivor regions: 1->1(10)
[2025-08-21T14:46:28.261+0000][1692007][info ][gc,heap     ] GC(400) Old regions: 23->23
[2025-08-21T14:46:28.261+0000][1692007][info ][gc,heap     ] GC(400) Humongous regions: 0->0
[2025-08-21T14:46:28.261+0000][1692007][info ][gc,metaspace] GC(400) Metaspace: 141954K(147968K)->141954K(147968K) NonClass: 123139K(126720K)->123139K(126720K) Class: 18815K(21248K)->18815K(21248K)
[2025-08-21T14:46:28.261+0000][1692007][info ][gc          ] GC(400) Pause Young (Normal) (G1 Evacuation Pause) 391M->91M(512M) 1.870ms
[2025-08-21T14:46:28.261+0000][1692007][info ][gc,cpu      ] GC(400) User=0.00s Sys=0.00s Real=0.00s
[2025-08-21T14:46:28.261+0000][1692007][info ][safepoint   ] Safepoint "G1CollectForAllocation", Time since last: 705117305683 ns, Reaching safepoint: 4277 ns, Cleanup: 3545 ns, At safepoint: 1903955 ns, Total: 1911777 ns
[2025-08-21T14:58:10.329+0000][1692007][info ][gc,start    ] GC(401) Pause Young (Normal) (G1 Evacuation Pause)
[2025-08-21T14:58:10.329+0000][1692007][info ][gc,task     ] GC(401) Using 1 workers of 1 for evacuation
[2025-08-21T14:58:10.329+0000][1692007][debug][gc,age      ] GC(401) Desired survivor size 20971520 bytes, new threshold 15 (max threshold 15)
[2025-08-21T14:58:10.331+0000][1692007][info ][gc,phases   ] GC(401)   Pre Evacuate Collection Set: 0.0ms
[2025-08-21T14:58:10.331+0000][1692007][info ][gc,phases   ] GC(401)   Merge Heap Roots: 0.0ms
[2025-08-21T14:58:10.331+0000][1692007][info ][gc,phases   ] GC(401)   Evacuate Collection Set: 0.6ms
[2025-08-21T14:58:10.331+0000][1692007][info ][gc,phases   ] GC(401)   Post Evacuate Collection Set: 0.7ms
[2025-08-21T14:58:10.331+0000][1692007][info ][gc,phases   ] GC(401)   Other: 0.4ms
[2025-08-21T14:58:10.331+0000][1692007][trace][gc,age      ] GC(401) Age table with threshold 15 (max threshold 15)
[2025-08-21T14:58:10.331+0000][1692007][trace][gc,age      ] GC(401) - age   1:       9688 bytes,       9688 total
[2025-08-21T14:58:10.331+0000][1692007][trace][gc,age      ] GC(401) - age   7:         96 bytes,       9784 total
[2025-08-21T14:58:10.331+0000][1692007][trace][gc,age      ] GC(401) - age   8:       2352 bytes,      12136 total
[2025-08-21T14:58:10.331+0000][1692007][info ][gc,heap     ] GC(401) Eden regions: 75->0(75)
[2025-08-21T14:58:10.331+0000][1692007][info ][gc,heap     ] GC(401) Survivor regions: 1->1(10)
[2025-08-21T14:58:10.331+0000][1692007][info ][gc,heap     ] GC(401) Old regions: 23->23
[2025-08-21T14:58:10.331+0000][1692007][info ][gc,heap     ] GC(401) Humongous regions: 0->0
[2025-08-21T14:58:10.331+0000][1692007][info ][gc,metaspace] GC(401) Metaspace: 141954K(147968K)->141954K(147968K) NonClass: 123139K(126720K)->123139K(126720K) Class: 18815K(21248K)->18815K(21248K)
[2025-08-21T14:58:10.331+0000][1692007][info ][gc          ] GC(401) Pause Young (Normal) (G1 Evacuation Pause) 391M->91M(512M) 2.049ms
[2025-08-21T14:58:10.331+0000][1692007][info ][gc,cpu      ] GC(401) User=0.00s Sys=0.00s Real=0.00s
[2025-08-21T14:58:10.331+0000][1692007][info ][safepoint   ] Safepoint "G1CollectForAllocation", Time since last: 702067363328 ns, Reaching safepoint: 6840 ns, Cleanup: 2664 ns, At safepoint: 2080642 ns, Total: 2090146 ns
[2025-08-21T15:09:50.740+0000][1692007][info ][gc,start    ] GC(402) Pause Young (Normal) (G1 Evacuation Pause)
[2025-08-21T15:09:50.740+0000][1692007][info ][gc,task     ] GC(402) Using 1 workers of 1 for evacuation
[2025-08-21T15:09:50.740+0000][1692007][debug][gc,age      ] GC(402) Desired survivor size 20971520 bytes, new threshold 15 (max threshold 15)
[2025-08-21T15:09:50.742+0000][1692007][info ][gc,phases   ] GC(402)   Pre Evacuate Collection Set: 0.0ms
[2025-08-21T15:09:50.742+0000][1692007][info ][gc,phases   ] GC(402)   Merge Heap Roots: 0.0ms
[2025-08-21T15:09:50.742+0000][1692007][info ][gc,phases   ] GC(402)   Evacuate Collection Set: 0.6ms
[2025-08-21T15:09:50.742+0000][1692007][info ][gc,phases   ] GC(402)   Post Evacuate Collection Set: 0.8ms
[2025-08-21T15:09:50.742+0000][1692007][info ][gc,phases   ] GC(402)   Other: 0.0ms
[2025-08-21T15:09:50.742+0000][1692007][trace][gc,age      ] GC(402) Age table with threshold 15 (max threshold 15)
[2025-08-21T15:09:50.742+0000][1692007][trace][gc,age      ] GC(402) - age   1:       9536 bytes,       9536 total
[2025-08-21T15:09:50.742+0000][1692007][trace][gc,age      ] GC(402) - age   2:        176 bytes,       9712 total
[2025-08-21T15:09:50.742+0000][1692007][trace][gc,age      ] GC(402) - age   8:         96 bytes,       9808 total
[2025-08-21T15:09:50.742+0000][1692007][trace][gc,age      ] GC(402) - age   9:       2352 bytes,      12160 total
[2025-08-21T15:09:50.742+0000][1692007][info ][gc,heap     ] GC(402) Eden regions: 75->0(75)
[2025-08-21T15:09:50.742+0000][1692007][info ][gc,heap     ] GC(402) Survivor regions: 1->1(10)
[2025-08-21T15:09:50.742+0000][1692007][info ][gc,heap     ] GC(402) Old regions: 23->23
[2025-08-21T15:09:50.742+0000][1692007][info ][gc,heap     ] GC(402) Humongous regions: 0->0
[2025-08-21T15:09:50.742+0000][1692007][info ][gc,metaspace] GC(402) Metaspace: 141954K(147968K)->141954K(147968K) NonClass: 123139K(126720K)->123139K(126720K) Class: 18815K(21248K)->18815K(21248K)
[2025-08-21T15:09:50.742+0000][1692007][info ][gc          ] GC(402) Pause Young (Normal) (G1 Evacuation Pause) 391M->91M(512M) 1.673ms
[2025-08-21T15:09:50.742+0000][1692007][info ][gc,cpu      ] GC(402) User=0.01s Sys=0.00s Real=0.00s
[2025-08-21T15:09:50.742+0000][1692007][info ][safepoint   ] Safepoint "G1CollectForAllocation", Time since last: 700409462562 ns, Reaching safepoint: 7432 ns, Cleanup: 2654 ns, At safepoint: 1704564 ns, Total: 1714650 ns
[2025-08-21T15:21:35.643+0000][1692007][info ][gc,start    ] GC(403) Pause Young (Normal) (G1 Evacuation Pause)
[2025-08-21T15:21:35.644+0000][1692007][info ][gc,task     ] GC(403) Using 1 workers of 1 for evacuation
[2025-08-21T15:21:35.644+0000][1692007][debug][gc,age      ] GC(403) Desired survivor size 20971520 bytes, new threshold 15 (max threshold 15)
[2025-08-21T15:21:35.645+0000][1692007][info ][gc,phases   ] GC(403)   Pre Evacuate Collection Set: 0.0ms
[2025-08-21T15:21:35.645+0000][1692007][info ][gc,phases   ] GC(403)   Merge Heap Roots: 0.0ms
[2025-08-21T15:21:35.645+0000][1692007][info ][gc,phases   ] GC(403)   Evacuate Collection Set: 0.6ms
[2025-08-21T15:21:35.645+0000][1692007][info ][gc,phases   ] GC(403)   Post Evacuate Collection Set: 0.8ms
[2025-08-21T15:21:35.645+0000][1692007][info ][gc,phases   ] GC(403)   Other: 0.0ms
[2025-08-21T15:21:35.645+0000][1692007][trace][gc,age      ] GC(403) Age table with threshold 15 (max threshold 15)
[2025-08-21T15:21:35.645+0000][1692007][trace][gc,age      ] GC(403) - age   1:       9384 bytes,       9384 total
[2025-08-21T15:21:35.645+0000][1692007][trace][gc,age      ] GC(403) - age   3:        176 bytes,       9560 total
[2025-08-21T15:21:35.645+0000][1692007][trace][gc,age      ] GC(403) - age   9:         96 bytes,       9656 total
[2025-08-21T15:21:35.645+0000][1692007][trace][gc,age      ] GC(403) - age  10:       2352 bytes,      12008 total
[2025-08-21T15:21:35.645+0000][1692007][info ][gc,heap     ] GC(403) Eden regions: 75->0(75)
[2025-08-21T15:21:35.645+0000][1692007][info ][gc,heap     ] GC(403) Survivor regions: 1->1(10)
[2025-08-21T15:21:35.645+0000][1692007][info ][gc,heap     ] GC(403) Old regions: 23->23
[2025-08-21T15:21:35.645+0000][1692007][info ][gc,heap     ] GC(403) Humongous regions: 0->0
[2025-08-21T15:21:35.645+0000][1692007][info ][gc,metaspace] GC(403) Metaspace: 141954K(147968K)->141954K(147968K) NonClass: 123139K(126720K)->123139K(126720K) Class: 18815K(21248K)->18815K(21248K)
[2025-08-21T15:21:35.645+0000][1692007][info ][gc          ] GC(403) Pause Young (Normal) (G1 Evacuation Pause) 391M->91M(512M) 2.065ms
[2025-08-21T15:21:35.645+0000][1692007][info ][gc,cpu      ] GC(403) User=0.00s Sys=0.00s Real=0.00s
[2025-08-21T15:21:35.645+0000][1692007][info ][safepoint   ] Safepoint "G1CollectForAllocation", Time since last: 704901092762 ns, Reaching safepoint: 7040 ns, Cleanup: 3135 ns, At safepoint: 2097337 ns, Total: 2107512 ns
[2025-08-21T15:33:18.758+0000][1692007][info ][gc,start    ] GC(404) Pause Young (Normal) (G1 Evacuation Pause)
[2025-08-21T15:33:18.758+0000][1692007][info ][gc,task     ] GC(404) Using 1 workers of 1 for evacuation
[2025-08-21T15:33:18.758+0000][1692007][debug][gc,age      ] GC(404) Desired survivor size 20971520 bytes, new threshold 15 (max threshold 15)
[2025-08-21T15:33:18.759+0000][1692007][info ][gc,phases   ] GC(404)   Pre Evacuate Collection Set: 0.0ms
[2025-08-21T15:33:18.759+0000][1692007][info ][gc,phases   ] GC(404)   Merge Heap Roots: 0.0ms
[2025-08-21T15:33:18.759+0000][1692007][info ][gc,phases   ] GC(404)   Evacuate Collection Set: 0.6ms
[2025-08-21T15:33:18.759+0000][1692007][info ][gc,phases   ] GC(404)   Post Evacuate Collection Set: 0.7ms
[2025-08-21T15:33:18.759+0000][1692007][info ][gc,phases   ] GC(404)   Other: 0.0ms
[2025-08-21T15:33:18.759+0000][1692007][trace][gc,age      ] GC(404) Age table with threshold 15 (max threshold 15)
[2025-08-21T15:33:18.759+0000][1692007][trace][gc,age      ] GC(404) - age   1:       8968 bytes,       8968 total
[2025-08-21T15:33:18.759+0000][1692007][trace][gc,age      ] GC(404) - age   2:        352 bytes,       9320 total
[2025-08-21T15:33:18.759+0000][1692007][trace][gc,age      ] GC(404) - age   4:        176 bytes,       9496 total
[2025-08-21T15:33:18.759+0000][1692007][trace][gc,age      ] GC(404) - age  10:         96 bytes,       9592 total
[2025-08-21T15:33:18.759+0000][1692007][trace][gc,age      ] GC(404) - age  11:       2352 bytes,      11944 total
[2025-08-21T15:33:18.760+0000][1692007][info ][gc,heap     ] GC(404) Eden regions: 75->0(75)
[2025-08-21T15:33:18.760+0000][1692007][info ][gc,heap     ] GC(404) Survivor regions: 1->1(10)
[2025-08-21T15:33:18.760+0000][1692007][info ][gc,heap     ] GC(404) Old regions: 23->23
[2025-08-21T15:33:18.760+0000][1692007][info ][gc,heap     ] GC(404) Humongous regions: 0->0
[2025-08-21T15:33:18.760+0000][1692007][info ][gc,metaspace] GC(404) Metaspace: 141954K(147968K)->141954K(147968K) NonClass: 123139K(126720K)->123139K(126720K) Class: 18815K(21248K)->18815K(21248K)
[2025-08-21T15:33:18.760+0000][1692007][info ][gc          ] GC(404) Pause Young (Normal) (G1 Evacuation Pause) 391M->91M(512M) 1.872ms
[2025-08-21T15:33:18.760+0000][1692007][info ][gc,cpu      ] GC(404) User=0.00s Sys=0.00s Real=0.00s
[2025-08-21T15:33:18.760+0000][1692007][info ][safepoint   ] Safepoint "G1CollectForAllocation", Time since last: 703112259315 ns, Reaching safepoint: 251009 ns, Cleanup: 3325 ns, At safepoint: 1903655 ns, Total: 2157989 ns
[2025-08-21T15:45:07.014+0000][1692007][info ][gc,start    ] GC(405) Pause Young (Normal) (G1 Evacuation Pause)
[2025-08-21T15:45:07.014+0000][1692007][info ][gc,task     ] GC(405) Using 1 workers of 1 for evacuation
[2025-08-21T15:45:07.014+0000][1692007][debug][gc,age      ] GC(405) Desired survivor size 20971520 bytes, new threshold 15 (max threshold 15)
[2025-08-21T15:45:07.015+0000][1692007][info ][gc,phases   ] GC(405)   Pre Evacuate Collection Set: 0.0ms
[2025-08-21T15:45:07.016+0000][1692007][info ][gc,phases   ] GC(405)   Merge Heap Roots: 0.0ms
[2025-08-21T15:45:07.016+0000][1692007][info ][gc,phases   ] GC(405)   Evacuate Collection Set: 0.7ms
[2025-08-21T15:45:07.016+0000][1692007][info ][gc,phases   ] GC(405)   Post Evacuate Collection Set: 0.9ms
[2025-08-21T15:45:07.016+0000][1692007][info ][gc,phases   ] GC(405)   Other: 0.0ms
[2025-08-21T15:45:07.016+0000][1692007][trace][gc,age      ] GC(405) Age table with threshold 15 (max threshold 15)
[2025-08-21T15:45:07.016+0000][1692007][trace][gc,age      ] GC(405) - age   1:      11240 bytes,      11240 total
[2025-08-21T15:45:07.016+0000][1692007][trace][gc,age      ] GC(405) - age   5:        176 bytes,      11416 total
[2025-08-21T15:45:07.016+0000][1692007][trace][gc,age      ] GC(405) - age  11:         96 bytes,      11512 total
[2025-08-21T15:45:07.016+0000][1692007][trace][gc,age      ] GC(405) - age  12:       2352 bytes,      13864 total
[2025-08-21T15:45:07.016+0000][1692007][info ][gc,heap     ] GC(405) Eden regions: 75->0(75)
[2025-08-21T15:45:07.016+0000][1692007][info ][gc,heap     ] GC(405) Survivor regions: 1->1(10)
[2025-08-21T15:45:07.016+0000][1692007][info ][gc,heap     ] GC(405) Old regions: 23->23
[2025-08-21T15:45:07.016+0000][1692007][info ][gc,heap     ] GC(405) Humongous regions: 0->0
[2025-08-21T15:45:07.016+0000][1692007][info ][gc,metaspace] GC(405) Metaspace: 141954K(147968K)->141954K(147968K) NonClass: 123139K(126720K)->123139K(126720K) Class: 18815K(21248K)->18815K(21248K)
[2025-08-21T15:45:07.016+0000][1692007][info ][gc          ] GC(405) Pause Young (Normal) (G1 Evacuation Pause) 391M->91M(512M) 1.902ms
[2025-08-21T15:45:07.016+0000][1692007][info ][gc,cpu      ] GC(405) User=0.00s Sys=0.00s Real=0.01s
[2025-08-21T15:45:07.016+0000][1692007][info ][safepoint   ] Safepoint "G1CollectForAllocation", Time since last: 708254090327 ns, Reaching safepoint: 7251 ns, Cleanup: 2544 ns, At safepoint: 1935262 ns, Total: 1945057 ns
[2025-08-21T15:56:52.446+0000][1692007][info ][gc,start    ] GC(406) Pause Young (Normal) (G1 Evacuation Pause)
[2025-08-21T15:56:52.446+0000][1692007][info ][gc,task     ] GC(406) Using 1 workers of 1 for evacuation
[2025-08-21T15:56:52.446+0000][1692007][debug][gc,age      ] GC(406) Desired survivor size 20971520 bytes, new threshold 15 (max threshold 15)
[2025-08-21T15:56:52.448+0000][1692007][info ][gc,phases   ] GC(406)   Pre Evacuate Collection Set: 0.0ms
[2025-08-21T15:56:52.448+0000][1692007][info ][gc,phases   ] GC(406)   Merge Heap Roots: 0.0ms
[2025-08-21T15:56:52.448+0000][1692007][info ][gc,phases   ] GC(406)   Evacuate Collection Set: 0.6ms
[2025-08-21T15:56:52.448+0000][1692007][info ][gc,phases   ] GC(406)   Post Evacuate Collection Set: 1.0ms
[2025-08-21T15:56:52.448+0000][1692007][info ][gc,phases   ] GC(406)   Other: 0.0ms
[2025-08-21T15:56:52.448+0000][1692007][trace][gc,age      ] GC(406) Age table with threshold 15 (max threshold 15)
[2025-08-21T15:56:52.448+0000][1692007][trace][gc,age      ] GC(406) - age   1:      11408 bytes,      11408 total
[2025-08-21T15:56:52.448+0000][1692007][trace][gc,age      ] GC(406) - age  12:         96 bytes,      11504 total
[2025-08-21T15:56:52.448+0000][1692007][trace][gc,age      ] GC(406) - age  13:       2352 bytes,      13856 total
[2025-08-21T15:56:52.448+0000][1692007][info ][gc,heap     ] GC(406) Eden regions: 75->0(75)
[2025-08-21T15:56:52.448+0000][1692007][info ][gc,heap     ] GC(406) Survivor regions: 1->1(10)
[2025-08-21T15:56:52.448+0000][1692007][info ][gc,heap     ] GC(406) Old regions: 23->23
[2025-08-21T15:56:52.448+0000][1692007][info ][gc,heap     ] GC(406) Humongous regions: 0->0
[2025-08-21T15:56:52.448+0000][1692007][info ][gc,metaspace] GC(406) Metaspace: 141954K(147968K)->141954K(147968K) NonClass: 123139K(126720K)->123139K(126720K) Class: 18815K(21248K)->18815K(21248K)
[2025-08-21T15:56:52.448+0000][1692007][info ][gc          ] GC(406) Pause Young (Normal) (G1 Evacuation Pause) 391M->91M(512M) 2.012ms
[2025-08-21T15:56:52.448+0000][1692007][info ][gc,cpu      ] GC(406) User=0.00s Sys=0.00s Real=0.00s
[2025-08-21T15:56:52.448+0000][1692007][info ][safepoint   ] Safepoint "G1CollectForAllocation", Time since last: 705430702667 ns, Reaching safepoint: 9114 ns, Cleanup: 2804 ns, At safepoint: 2044447 ns, Total: 2056365 ns
[2025-08-21T16:08:34.131+0000][1692007][info ][gc,start    ] GC(407) Pause Young (Normal) (G1 Evacuation Pause)
[2025-08-21T16:08:34.131+0000][1692007][info ][gc,task     ] GC(407) Using 1 workers of 1 for evacuation
[2025-08-21T16:08:34.131+0000][1692007][debug][gc,age      ] GC(407) Desired survivor size 20971520 bytes, new threshold 15 (max threshold 15)
[2025-08-21T16:08:34.133+0000][1692007][info ][gc,phases   ] GC(407)   Pre Evacuate Collection Set: 0.0ms
[2025-08-21T16:08:34.133+0000][1692007][info ][gc,phases   ] GC(407)   Merge Heap Roots: 0.0ms
[2025-08-21T16:08:34.133+0000][1692007][info ][gc,phases   ] GC(407)   Evacuate Collection Set: 0.6ms
[2025-08-21T16:08:34.133+0000][1692007][info ][gc,phases   ] GC(407)   Post Evacuate Collection Set: 0.8ms
[2025-08-21T16:08:34.133+0000][1692007][info ][gc,phases   ] GC(407)   Other: 0.0ms
[2025-08-21T16:08:34.133+0000][1692007][trace][gc,age      ] GC(407) Age table with threshold 15 (max threshold 15)
[2025-08-21T16:08:34.133+0000][1692007][trace][gc,age      ] GC(407) - age   1:       9424 bytes,       9424 total
[2025-08-21T16:08:34.133+0000][1692007][trace][gc,age      ] GC(407) - age   2:        176 bytes,       9600 total
[2025-08-21T16:08:34.133+0000][1692007][trace][gc,age      ] GC(407) - age  13:         96 bytes,       9696 total
[2025-08-21T16:08:34.133+0000][1692007][trace][gc,age      ] GC(407) - age  14:       2352 bytes,      12048 total
[2025-08-21T16:08:34.133+0000][1692007][info ][gc,heap     ] GC(407) Eden regions: 75->0(75)
[2025-08-21T16:08:34.133+0000][1692007][info ][gc,heap     ] GC(407) Survivor regions: 1->1(10)
[2025-08-21T16:08:34.133+0000][1692007][info ][gc,heap     ] GC(407) Old regions: 23->23
[2025-08-21T16:08:34.133+0000][1692007][info ][gc,heap     ] GC(407) Humongous regions: 0->0
[2025-08-21T16:08:34.133+0000][1692007][info ][gc,metaspace] GC(407) Metaspace: 141954K(147968K)->141954K(147968K) NonClass: 123139K(126720K)->123139K(126720K) Class: 18815K(21248K)->18815K(21248K)
[2025-08-21T16:08:34.133+0000][1692007][info ][gc          ] GC(407) Pause Young (Normal) (G1 Evacuation Pause) 391M->91M(512M) 1.897ms
[2025-08-21T16:08:34.133+0000][1692007][info ][gc,cpu      ] GC(407) User=0.01s Sys=0.00s Real=0.00s
[2025-08-21T16:08:34.133+0000][1692007][info ][safepoint   ] Safepoint "G1CollectForAllocation", Time since last: 701682482424 ns, Reaching safepoint: 6901 ns, Cleanup: 2924 ns, At safepoint: 1927831 ns, Total: 1937656 ns
[2025-08-21T16:12:46.802+0000][1692007][info ][safepoint   ] Safepoint "Cleanup", Time since last: 252669620692 ns, Reaching safepoint: 42354 ns, Cleanup: 11537 ns, At safepoint: 4487 ns, Total: 58378 ns
[2025-08-21T16:20:20.221+0000][1692007][info ][gc,start    ] GC(408) Pause Young (Normal) (G1 Evacuation Pause)
[2025-08-21T16:20:20.222+0000][1692007][info ][gc,task     ] GC(408) Using 1 workers of 1 for evacuation
[2025-08-21T16:20:20.222+0000][1692007][debug][gc,age      ] GC(408) Desired survivor size 20971520 bytes, new threshold 15 (max threshold 15)
[2025-08-21T16:20:20.223+0000][1692007][info ][gc,phases   ] GC(408)   Pre Evacuate Collection Set: 0.0ms
[2025-08-21T16:20:20.223+0000][1692007][info ][gc,phases   ] GC(408)   Merge Heap Roots: 0.0ms
[2025-08-21T16:20:20.223+0000][1692007][info ][gc,phases   ] GC(408)   Evacuate Collection Set: 0.6ms
[2025-08-21T16:20:20.223+0000][1692007][info ][gc,phases   ] GC(408)   Post Evacuate Collection Set: 0.7ms
[2025-08-21T16:20:20.223+0000][1692007][info ][gc,phases   ] GC(408)   Other: 0.0ms
[2025-08-21T16:20:20.223+0000][1692007][trace][gc,age      ] GC(408) Age table with threshold 15 (max threshold 15)
[2025-08-21T16:20:20.223+0000][1692007][trace][gc,age      ] GC(408) - age   1:       9144 bytes,       9144 total
[2025-08-21T16:20:20.223+0000][1692007][trace][gc,age      ] GC(408) - age   2:        352 bytes,       9496 total
[2025-08-21T16:20:20.223+0000][1692007][trace][gc,age      ] GC(408) - age   3:        176 bytes,       9672 total
[2025-08-21T16:20:20.223+0000][1692007][trace][gc,age      ] GC(408) - age  14:         96 bytes,       9768 total
[2025-08-21T16:20:20.223+0000][1692007][trace][gc,age      ] GC(408) - age  15:       2352 bytes,      12120 total
[2025-08-21T16:20:20.223+0000][1692007][info ][gc,heap     ] GC(408) Eden regions: 75->0(75)
[2025-08-21T16:20:20.223+0000][1692007][info ][gc,heap     ] GC(408) Survivor regions: 1->1(10)
[2025-08-21T16:20:20.223+0000][1692007][info ][gc,heap     ] GC(408) Old regions: 23->23
[2025-08-21T16:20:20.223+0000][1692007][info ][gc,heap     ] GC(408) Humongous regions: 0->0
[2025-08-21T16:20:20.223+0000][1692007][info ][gc,metaspace] GC(408) Metaspace: 141954K(147968K)->141954K(147968K) NonClass: 123139K(126720K)->123139K(126720K) Class: 18815K(21248K)->18815K(21248K)
[2025-08-21T16:20:20.223+0000][1692007][info ][gc          ] GC(408) Pause Young (Normal) (G1 Evacuation Pause) 391M->91M(512M) 2.035ms
[2025-08-21T16:20:20.223+0000][1692007][info ][gc,cpu      ] GC(408) User=0.00s Sys=0.00s Real=0.00s
[2025-08-21T16:20:20.223+0000][1692007][info ][safepoint   ] Safepoint "G1CollectForAllocation", Time since last: 453418963518 ns, Reaching safepoint: 9023 ns, Cleanup: 3456 ns, At safepoint: 2068853 ns, Total: 2081332 ns
[2025-08-21T16:32:02.332+0000][1692007][info ][gc,start    ] GC(409) Pause Young (Normal) (G1 Evacuation Pause)
[2025-08-21T16:32:02.332+0000][1692007][info ][gc,task     ] GC(409) Using 1 workers of 1 for evacuation
[2025-08-21T16:32:02.332+0000][1692007][debug][gc,age      ] GC(409) Desired survivor size 20971520 bytes, new threshold 15 (max threshold 15)
[2025-08-21T16:32:02.334+0000][1692007][info ][gc,phases   ] GC(409)   Pre Evacuate Collection Set: 0.0ms
[2025-08-21T16:32:02.334+0000][1692007][info ][gc,phases   ] GC(409)   Merge Heap Roots: 0.0ms
[2025-08-21T16:32:02.334+0000][1692007][info ][gc,phases   ] GC(409)   Evacuate Collection Set: 0.6ms
[2025-08-21T16:32:02.334+0000][1692007][info ][gc,phases   ] GC(409)   Post Evacuate Collection Set: 0.7ms
[2025-08-21T16:32:02.334+0000][1692007][info ][gc,phases   ] GC(409)   Other: 0.0ms
[2025-08-21T16:32:02.334+0000][1692007][trace][gc,age      ] GC(409) Age table with threshold 15 (max threshold 15)
[2025-08-21T16:32:02.334+0000][1692007][trace][gc,age      ] GC(409) - age   1:       9544 bytes,       9544 total
[2025-08-21T16:32:02.334+0000][1692007][trace][gc,age      ] GC(409) - age   4:        176 bytes,       9720 total
[2025-08-21T16:32:02.334+0000][1692007][trace][gc,age      ] GC(409) - age  15:         96 bytes,       9816 total
[2025-08-21T16:32:02.334+0000][1692007][info ][gc,heap     ] GC(409) Eden regions: 75->0(75)
[2025-08-21T16:32:02.334+0000][1692007][info ][gc,heap     ] GC(409) Survivor regions: 1->1(10)
[2025-08-21T16:32:02.334+0000][1692007][info ][gc,heap     ] GC(409) Old regions: 23->23
[2025-08-21T16:32:02.334+0000][1692007][info ][gc,heap     ] GC(409) Humongous regions: 0->0
[2025-08-21T16:32:02.334+0000][1692007][info ][gc,metaspace] GC(409) Metaspace: 141954K(147968K)->141954K(147968K) NonClass: 123139K(126720K)->123139K(126720K) Class: 18815K(21248K)->18815K(21248K)
[2025-08-21T16:32:02.334+0000][1692007][info ][gc          ] GC(409) Pause Young (Normal) (G1 Evacuation Pause) 391M->91M(512M) 2.008ms
[2025-08-21T16:32:02.334+0000][1692007][info ][gc,cpu      ] GC(409) User=0.00s Sys=0.00s Real=0.00s
[2025-08-21T16:32:02.334+0000][1692007][info ][safepoint   ] Safepoint "G1CollectForAllocation", Time since last: 702108230050 ns, Reaching safepoint: 8183 ns, Cleanup: 3315 ns, At safepoint: 2042804 ns, Total: 2054302 ns
[2025-08-21T16:38:39.412+0000][1692007][info ][safepoint   ] Safepoint "Cleanup", Time since last: 397074907575 ns, Reaching safepoint: 3166541 ns, Cleanup: 12610 ns, At safepoint: 3795 ns, Total: 3182946 ns
[2025-08-21T16:38:40.439+0000][1692007][info ][safepoint   ] Safepoint "Cleanup", Time since last: 1000090737 ns, Reaching safepoint: 27399104 ns, Cleanup: 29975 ns, At safepoint: 6279 ns, Total: 27435358 ns
[2025-08-21T16:38:41.505+0000][1692007][info ][safepoint   ] Safepoint "Cleanup", Time since last: 1000091528 ns, Reaching safepoint: 65818038 ns, Cleanup: 25388 ns, At safepoint: 10366 ns, Total: 65853792 ns
[2025-08-21T16:38:42.505+0000][1692007][info ][safepoint   ] Safepoint "Cleanup", Time since last: 1000104036 ns, Reaching safepoint: 6270 ns, Cleanup: 21532 ns, At safepoint: 2033 ns, Total: 29835 ns
[2025-08-21T16:38:47.506+0000][1692007][info ][safepoint   ] Safepoint "Cleanup", Time since last: 5000323358 ns, Reaching safepoint: 251169 ns, Cleanup: 14372 ns, At safepoint: 3094 ns, Total: 268635 ns
[2025-08-21T16:39:17.510+0000][1692007][info ][safepoint   ] Safepoint "Cleanup", Time since last: 30004197663 ns, Reaching safepoint: 22954 ns, Cleanup: 12499 ns, At safepoint: 2404 ns, Total: 37857 ns
[2025-08-21T16:39:35.512+0000][1692007][info ][safepoint   ] Safepoint "Cleanup", Time since last: 18001568665 ns, Reaching safepoint: 36044 ns, Cleanup: 39940 ns, At safepoint: 2174 ns, Total: 78158 ns
[2025-08-21T16:39:36.555+0000][1692007][info ][safepoint   ] Safepoint "Cleanup", Time since last: 1000094182 ns, Reaching safepoint: 42950777 ns, Cleanup: 20591 ns, At safepoint: 8793 ns, Total: 42980161 ns
[2025-08-21T16:39:37.555+0000][1692007][info ][safepoint   ] Safepoint "Cleanup", Time since last: 1000093301 ns, Reaching safepoint: 6590 ns, Cleanup: 46129 ns, At safepoint: 2043 ns, Total: 54762 ns
[2025-08-21T16:39:42.556+0000][1692007][info ][safepoint   ] Safepoint "Cleanup", Time since last: 5000337830 ns, Reaching safepoint: 39179 ns, Cleanup: 11527 ns, At safepoint: 2664 ns, Total: 53370 ns
[2025-08-21T16:39:56.557+0000][1692007][info ][safepoint   ] Safepoint "Cleanup", Time since last: 14001084465 ns, Reaching safepoint: 31437 ns, Cleanup: 11307 ns, At safepoint: 2324 ns, Total: 45068 ns
[2025-08-21T16:40:05.558+0000][1692007][info ][safepoint   ] Safepoint "Cleanup", Time since last: 9001008400 ns, Reaching safepoint: 168825 ns, Cleanup: 14673 ns, At safepoint: 2123 ns, Total: 185621 ns
[2025-08-21T16:40:07.558+0000][1692007][info ][safepoint   ] Safepoint "Cleanup", Time since last: 2000153411 ns, Reaching safepoint: 6610 ns, Cleanup: 12709 ns, At safepoint: 1743 ns, Total: 21062 ns
[2025-08-21T16:40:14.559+0000][1692007][info ][safepoint   ] Safepoint "Cleanup", Time since last: 7000439832 ns, Reaching safepoint: 430450 ns, Cleanup: 10797 ns, At safepoint: 2183 ns, Total: 443430 ns
[2025-08-21T16:40:25.564+0000][1692007][info ][safepoint   ] Safepoint "Cleanup", Time since last: 11004945145 ns, Reaching safepoint: 35984 ns, Cleanup: 11157 ns, At safepoint: 4377 ns, Total: 51518 ns
[2025-08-21T16:40:29.318+0000][1692007][info ][safepoint   ] Safepoint "Cleanup", Time since last: 3753794732 ns, Reaching safepoint: 6760 ns, Cleanup: 11187 ns, At safepoint: 2323 ns, Total: 20270 ns
[2025-08-21T16:41:08.322+0000][1692007][info ][safepoint   ] Safepoint "Cleanup", Time since last: 39003803205 ns, Reaching safepoint: 69805 ns, Cleanup: 11217 ns, At safepoint: 2184 ns, Total: 83206 ns
[2025-08-21T16:41:28.323+0000][1692007][info ][safepoint   ] Safepoint "Cleanup", Time since last: 20001211545 ns, Reaching safepoint: 5478 ns, Cleanup: 9555 ns, At safepoint: 2003 ns, Total: 17036 ns
[2025-08-21T16:43:16.338+0000][1692007][info ][safepoint   ] Safepoint "Cleanup", Time since last: 108014762358 ns, Reaching safepoint: 324611 ns, Cleanup: 52449 ns, At safepoint: 2383 ns, Total: 379443 ns
[2025-08-21T16:43:19.340+0000][1692007][info ][safepoint   ] Safepoint "Cleanup", Time since last: 3001047682 ns, Reaching safepoint: 938928 ns, Cleanup: 11968 ns, At safepoint: 3245 ns, Total: 954141 ns
[2025-08-21T16:43:20.340+0000][1692007][info ][safepoint   ] Safepoint "Cleanup", Time since last: 1000083405 ns, Reaching safepoint: 35274 ns, Cleanup: 21121 ns, At safepoint: 2194 ns, Total: 58589 ns
[2025-08-21T16:43:26.625+0000][1692007][info ][gc,start    ] GC(410) Pause Young (Normal) (G1 Evacuation Pause)
[2025-08-21T16:43:26.632+0000][1692007][info ][gc,task     ] GC(410) Using 1 workers of 1 for evacuation
[2025-08-21T16:43:26.633+0000][1692007][debug][gc,age      ] GC(410) Desired survivor size 20971520 bytes, new threshold 15 (max threshold 15)
[2025-08-21T16:43:26.721+0000][1692007][info ][gc,phases   ] GC(410)   Pre Evacuate Collection Set: 0.6ms
[2025-08-21T16:43:26.721+0000][1692007][info ][gc,phases   ] GC(410)   Merge Heap Roots: 1.3ms
[2025-08-21T16:43:26.721+0000][1692007][info ][gc,phases   ] GC(410)   Evacuate Collection Set: 59.8ms
[2025-08-21T16:43:26.721+0000][1692007][info ][gc,phases   ] GC(410)   Post Evacuate Collection Set: 21.4ms
[2025-08-21T16:43:26.721+0000][1692007][info ][gc,phases   ] GC(410)   Other: 5.3ms
[2025-08-21T16:43:26.721+0000][1692007][trace][gc,age      ] GC(410) Age table with threshold 15 (max threshold 15)
[2025-08-21T16:43:26.721+0000][1692007][trace][gc,age      ] GC(410) - age   1:     258944 bytes,     258944 total
[2025-08-21T16:43:26.721+0000][1692007][trace][gc,age      ] GC(410) - age   5:        176 bytes,     259120 total
[2025-08-21T16:43:26.721+0000][1692007][info ][gc,heap     ] GC(410) Eden regions: 75->0(75)
[2025-08-21T16:43:26.721+0000][1692007][info ][gc,heap     ] GC(410) Survivor regions: 1->1(10)
[2025-08-21T16:43:26.721+0000][1692007][info ][gc,heap     ] GC(410) Old regions: 23->23
[2025-08-21T16:43:26.721+0000][1692007][info ][gc,heap     ] GC(410) Humongous regions: 0->0
[2025-08-21T16:43:26.722+0000][1692007][info ][gc,metaspace] GC(410) Metaspace: 141999K(147968K)->141999K(147968K) NonClass: 123178K(126720K)->123178K(126720K) Class: 18820K(21248K)->18820K(21248K)
[2025-08-21T16:43:26.722+0000][1692007][info ][gc          ] GC(410) Pause Young (Normal) (G1 Evacuation Pause) 391M->91M(512M) 98.400ms
[2025-08-21T16:43:26.722+0000][1692007][info ][gc,cpu      ] GC(410) User=0.01s Sys=0.01s Real=0.10s
[2025-08-21T16:43:26.722+0000][1692007][info ][safepoint   ] Safepoint "G1CollectForAllocation", Time since last: 6282494564 ns, Reaching safepoint: 12599 ns, Cleanup: 5698 ns, At safepoint: 99783226 ns, Total: 99801523 ns
[2025-08-21T16:43:34.723+0000][1692007][info ][safepoint   ] Safepoint "Cleanup", Time since last: 8000531942 ns, Reaching safepoint: 386673 ns, Cleanup: 6630 ns, At safepoint: 2374 ns, Total: 395677 ns
[2025-08-21T16:43:35.234+0000][1692007][info ][safepoint   ] Safepoint "ICBufferFull", Time since last: 510162631 ns, Reaching safepoint: 222486 ns, Cleanup: 94292 ns, At safepoint: 1813 ns, Total: 318591 ns
[2025-08-21T16:43:35.721+0000][1692007][info ][gc,start    ] GC(411) Pause Young (Normal) (G1 Evacuation Pause)
[2025-08-21T16:43:35.721+0000][1692007][info ][gc,task     ] GC(411) Using 1 workers of 1 for evacuation
[2025-08-21T16:43:35.721+0000][1692007][debug][gc,age      ] GC(411) Desired survivor size 20971520 bytes, new threshold 15 (max threshold 15)
[2025-08-21T16:43:35.964+0000][1692007][info ][gc,mmu      ] GC(411) MMU target violated: 201.0ms (200.0ms/201.0ms)
[2025-08-21T16:43:35.964+0000][1692007][info ][gc,phases   ] GC(411)   Pre Evacuate Collection Set: 0.1ms
[2025-08-21T16:43:35.964+0000][1692007][info ][gc,phases   ] GC(411)   Merge Heap Roots: 0.0ms
[2025-08-21T16:43:35.964+0000][1692007][info ][gc,phases   ] GC(411)   Evacuate Collection Set: 239.8ms
[2025-08-21T16:43:35.964+0000][1692007][info ][gc,phases   ] GC(411)   Post Evacuate Collection Set: 1.5ms
[2025-08-21T16:43:35.964+0000][1692007][info ][gc,phases   ] GC(411)   Other: 1.8ms
[2025-08-21T16:43:35.964+0000][1692007][trace][gc,age      ] GC(411) Age table with threshold 15 (max threshold 15)
[2025-08-21T16:43:35.964+0000][1692007][trace][gc,age      ] GC(411) - age   1:   41614040 bytes,   41614040 total
[2025-08-21T16:43:35.964+0000][1692007][trace][gc,age      ] GC(411) - age   2:      80360 bytes,   41694400 total
[2025-08-21T16:43:35.964+0000][1692007][trace][gc,age      ] GC(411) - age   6:        176 bytes,   41694576 total
[2025-08-21T16:43:35.964+0000][1692007][info ][gc,heap     ] GC(411) Eden regions: 75->0(57)
[2025-08-21T16:43:35.964+0000][1692007][info ][gc,heap     ] GC(411) Survivor regions: 1->10(10)
[2025-08-21T16:43:35.964+0000][1692007][info ][gc,heap     ] GC(411) Old regions: 23->26
[2025-08-21T16:43:35.964+0000][1692007][info ][gc,heap     ] GC(411) Humongous regions: 0->0
[2025-08-21T16:43:35.964+0000][1692007][info ][gc,metaspace] GC(411) Metaspace: 141999K(147968K)->141999K(147968K) NonClass: 123178K(126720K)->123178K(126720K) Class: 18820K(21248K)->18820K(21248K)
[2025-08-21T16:43:35.966+0000][1692007][info ][gc          ] GC(411) Pause Young (Normal) (G1 Evacuation Pause) 391M->141M(512M) 245.267ms
[2025-08-21T16:43:35.966+0000][1692007][info ][gc,cpu      ] GC(411) User=0.02s Sys=0.07s Real=0.25s
[2025-08-21T16:43:35.966+0000][1692007][info ][safepoint   ] Safepoint "G1CollectForAllocation", Time since last: 487174588 ns, Reaching safepoint: 5518 ns, Cleanup: 57567 ns, At safepoint: 245324918 ns, Total: 245388003 ns
[2025-08-21T16:43:36.967+0000][1692007][info ][safepoint   ] Safepoint "Cleanup", Time since last: 1000074883 ns, Reaching safepoint: 7742 ns, Cleanup: 22334 ns, At safepoint: 2443 ns, Total: 32519 ns
[2025-08-21T16:43:47.969+0000][1692007][info ][safepoint   ] Safepoint "Cleanup", Time since last: 11002178888 ns, Reaching safepoint: 36675 ns, Cleanup: 11668 ns, At safepoint: 4507 ns, Total: 52850 ns
[2025-08-21T16:49:14.000+0000][1692007][info ][safepoint   ] Safepoint "Cleanup", Time since last: 326031341097 ns, Reaching safepoint: 62254 ns, Cleanup: 10906 ns, At safepoint: 4447 ns, Total: 77607 ns
[2025-08-21T16:52:07.083+0000][1692007][info ][gc,start    ] GC(412) Pause Young (Normal) (G1 Evacuation Pause)
[2025-08-21T16:52:07.085+0000][1692007][info ][gc,task     ] GC(412) Using 1 workers of 1 for evacuation
[2025-08-21T16:52:07.085+0000][1692007][debug][gc,age      ] GC(412) Desired survivor size 18874368 bytes, new threshold 1 (max threshold 15)
[2025-08-21T16:52:07.270+0000][1692007][info ][gc,phases   ] GC(412)   Pre Evacuate Collection Set: 0.2ms
[2025-08-21T16:52:07.270+0000][1692007][info ][gc,phases   ] GC(412)   Merge Heap Roots: 0.0ms
[2025-08-21T16:52:07.270+0000][1692007][info ][gc,phases   ] GC(412)   Evacuate Collection Set: 182.0ms
[2025-08-21T16:52:07.270+0000][1692007][info ][gc,phases   ] GC(412)   Post Evacuate Collection Set: 1.0ms
[2025-08-21T16:52:07.270+0000][1692007][info ][gc,phases   ] GC(412)   Other: 1.4ms
[2025-08-21T16:52:07.270+0000][1692007][trace][gc,age      ] GC(412) Age table with threshold 1 (max threshold 15)
[2025-08-21T16:52:07.270+0000][1692007][trace][gc,age      ] GC(412) - age   1:      10208 bytes,      10208 total
[2025-08-21T16:52:07.270+0000][1692007][info ][gc,heap     ] GC(412) Eden regions: 57->0(68)
[2025-08-21T16:52:07.270+0000][1692007][info ][gc,heap     ] GC(412) Survivor regions: 10->1(9)
[2025-08-21T16:52:07.270+0000][1692007][info ][gc,heap     ] GC(412) Old regions: 26->35
[2025-08-21T16:52:07.270+0000][1692007][info ][gc,heap     ] GC(412) Humongous regions: 0->0
[2025-08-21T16:52:07.270+0000][1692007][info ][gc,metaspace] GC(412) Metaspace: 141999K(147968K)->141999K(147968K) NonClass: 123178K(126720K)->123178K(126720K) Class: 18820K(21248K)->18820K(21248K)
[2025-08-21T16:52:07.271+0000][1692007][info ][gc          ] GC(412) Pause Young (Normal) (G1 Evacuation Pause) 369M->139M(512M) 187.949ms
[2025-08-21T16:52:07.271+0000][1692007][info ][gc,cpu      ] GC(412) User=0.01s Sys=0.06s Real=0.19s
[2025-08-21T16:52:07.271+0000][1692007][info ][safepoint   ] Safepoint "G1CollectForAllocation", Time since last: 173082393129 ns, Reaching safepoint: 7151 ns, Cleanup: 2955 ns, At safepoint: 188003270 ns, Total: 188013376 ns
[2025-08-21T17:02:46.622+0000][1692007][info ][gc,start    ] GC(413) Pause Young (Concurrent Start) (G1 Evacuation Pause)
[2025-08-21T17:02:46.623+0000][1692007][info ][gc,task     ] GC(413) Using 1 workers of 1 for evacuation
[2025-08-21T17:02:46.623+0000][1692007][debug][gc,age      ] GC(413) Desired survivor size 18874368 bytes, new threshold 15 (max threshold 15)
[2025-08-21T17:02:46.649+0000][1692007][info ][gc,phases   ] GC(413)   Pre Evacuate Collection Set: 0.1ms
[2025-08-21T17:02:46.649+0000][1692007][info ][gc,phases   ] GC(413)   Merge Heap Roots: 0.0ms
[2025-08-21T17:02:46.649+0000][1692007][info ][gc,phases   ] GC(413)   Evacuate Collection Set: 23.6ms
[2025-08-21T17:02:46.649+0000][1692007][info ][gc,phases   ] GC(413)   Post Evacuate Collection Set: 0.7ms
[2025-08-21T17:02:46.649+0000][1692007][info ][gc,phases   ] GC(413)   Other: 1.5ms
[2025-08-21T17:02:46.649+0000][1692007][trace][gc,age      ] GC(413) Age table with threshold 15 (max threshold 15)
[2025-08-21T17:02:46.649+0000][1692007][trace][gc,age      ] GC(413) - age   1:       9424 bytes,       9424 total
[2025-08-21T17:02:46.649+0000][1692007][trace][gc,age      ] GC(413) - age   2:       1232 bytes,      10656 total
[2025-08-21T17:02:46.649+0000][1692007][info ][gc,heap     ] GC(413) Eden regions: 68->0(75)
[2025-08-21T17:02:46.649+0000][1692007][info ][gc,heap     ] GC(413) Survivor regions: 1->1(9)
[2025-08-21T17:02:46.649+0000][1692007][info ][gc,heap     ] GC(413) Old regions: 35->35
[2025-08-21T17:02:46.649+0000][1692007][info ][gc,heap     ] GC(413) Humongous regions: 0->0
[2025-08-21T17:02:46.649+0000][1692007][info ][gc,metaspace] GC(413) Metaspace: 141999K(147968K)->141999K(147968K) NonClass: 123178K(126720K)->123178K(126720K) Class: 18820K(21248K)->18820K(21248K)
[2025-08-21T17:02:46.649+0000][1692007][info ][gc          ] GC(413) Pause Young (Concurrent Start) (G1 Evacuation Pause) 411M->138M(512M) 26.374ms
[2025-08-21T17:02:46.649+0000][1692007][info ][gc,cpu      ] GC(413) User=0.00s Sys=0.00s Real=0.03s
[2025-08-21T17:02:46.649+0000][1692007][info ][safepoint   ] Safepoint "G1CollectForAllocation", Time since last: 639351745153 ns, Reaching safepoint: 8743 ns, Cleanup: 3926 ns, At safepoint: 26420346 ns, Total: 26433015 ns
[2025-08-21T17:02:46.655+0000][1692007][info ][gc          ] GC(414) Concurrent Mark Cycle
[2025-08-21T17:02:46.655+0000][1692007][info ][gc,marking  ] GC(414) Concurrent Scan Root Regions
[2025-08-21T17:02:46.670+0000][1692007][info ][gc,marking  ] GC(414) Concurrent Scan Root Regions 15.068ms
[2025-08-21T17:02:46.670+0000][1692007][info ][gc,marking  ] GC(414) Concurrent Mark
[2025-08-21T17:02:46.670+0000][1692007][info ][gc,marking  ] GC(414) Concurrent Mark From Roots
[2025-08-21T17:02:46.670+0000][1692007][info ][gc,task     ] GC(414) Using 1 workers of 1 for marking
[2025-08-21T17:02:47.162+0000][1692007][info ][gc,marking  ] GC(414) Concurrent Mark From Roots 492.185ms
[2025-08-21T17:02:47.162+0000][1692007][info ][gc,marking  ] GC(414) Concurrent Preclean
[2025-08-21T17:02:47.163+0000][1692007][info ][gc,marking  ] GC(414) Concurrent Preclean 0.638ms
[2025-08-21T17:02:47.167+0000][1692007][info ][gc,start    ] GC(414) Pause Remark
[2025-08-21T17:02:48.027+0000][1692007][info ][gc,mmu      ] GC(414) MMU target violated: 201.0ms (200.0ms/201.0ms)
[2025-08-21T17:02:48.027+0000][1692007][info ][gc          ] GC(414) Pause Remark 140M->100M(512M) 860.337ms
[2025-08-21T17:02:48.027+0000][1692007][info ][gc,cpu      ] GC(414) User=0.04s Sys=0.15s Real=0.86s
[2025-08-21T17:02:48.027+0000][1692007][info ][safepoint   ] Safepoint "G1PauseRemark", Time since last: 517800602 ns, Reaching safepoint: 28032 ns, Cleanup: 3155 ns, At safepoint: 860389310 ns, Total: 860420497 ns
[2025-08-21T17:02:48.031+0000][1692007][info ][gc,marking  ] GC(414) Concurrent Mark 1361.322ms
[2025-08-21T17:02:48.031+0000][1692007][info ][gc,marking  ] GC(414) Concurrent Rebuild Remembered Sets and Scrub Regions
[2025-08-21T17:02:48.100+0000][1692007][info ][gc,marking  ] GC(414) Concurrent Rebuild Remembered Sets and Scrub Regions 68.876ms
[2025-08-21T17:02:48.101+0000][1692007][info ][gc,start    ] GC(414) Pause Cleanup
[2025-08-21T17:02:48.101+0000][1692007][info ][gc          ] GC(414) Pause Cleanup 102M->102M(512M) 0.428ms
[2025-08-21T17:02:48.101+0000][1692007][info ][gc,cpu      ] GC(414) User=0.00s Sys=0.00s Real=0.00s
[2025-08-21T17:02:48.101+0000][1692007][info ][safepoint   ] Safepoint "G1PauseCleanup", Time since last: 73421729 ns, Reaching safepoint: 257229 ns, Cleanup: 10265 ns, At safepoint: 668860 ns, Total: 936354 ns
[2025-08-21T17:02:48.101+0000][1692007][info ][gc,marking  ] GC(414) Concurrent Clear Claimed Marks
[2025-08-21T17:02:48.102+0000][1692007][info ][gc,marking  ] GC(414) Concurrent Clear Claimed Marks 0.179ms
[2025-08-21T17:02:48.102+0000][1692007][info ][gc,marking  ] GC(414) Concurrent Cleanup for Next Mark
[2025-08-21T17:02:48.135+0000][1692007][info ][gc,marking  ] GC(414) Concurrent Cleanup for Next Mark 33.874ms
[2025-08-21T17:02:48.135+0000][1692007][info ][gc          ] GC(414) Concurrent Mark Cycle 1480.818ms
[2025-08-21T17:11:18.784+0000][1692007][info ][safepoint   ] Safepoint "Cleanup", Time since last: 510682262278 ns, Reaching safepoint: 34692 ns, Cleanup: 10436 ns, At safepoint: 4337 ns, Total: 49465 ns
[2025-08-21T17:14:29.022+0000][1692007][info ][gc,start    ] GC(415) Pause Young (Prepare Mixed) (G1 Evacuation Pause)
[2025-08-21T17:14:29.022+0000][1692007][info ][gc,task     ] GC(415) Using 1 workers of 1 for evacuation
[2025-08-21T17:14:29.022+0000][1692007][debug][gc,age      ] GC(415) Desired survivor size 20971520 bytes, new threshold 15 (max threshold 15)
[2025-08-21T17:14:29.025+0000][1692007][info ][gc,phases   ] GC(415)   Pre Evacuate Collection Set: 0.1ms
[2025-08-21T17:14:29.025+0000][1692007][info ][gc,phases   ] GC(415)   Merge Heap Roots: 0.0ms
[2025-08-21T17:14:29.025+0000][1692007][info ][gc,phases   ] GC(415)   Evacuate Collection Set: 1.9ms
[2025-08-21T17:14:29.025+0000][1692007][info ][gc,phases   ] GC(415)   Post Evacuate Collection Set: 0.7ms
[2025-08-21T17:14:29.025+0000][1692007][info ][gc,phases   ] GC(415)   Other: 0.0ms
[2025-08-21T17:14:29.025+0000][1692007][trace][gc,age      ] GC(415) Age table with threshold 15 (max threshold 15)
[2025-08-21T17:14:29.025+0000][1692007][trace][gc,age      ] GC(415) - age   1:      11024 bytes,      11024 total
[2025-08-21T17:14:29.025+0000][1692007][trace][gc,age      ] GC(415) - age   3:        880 bytes,      11904 total
[2025-08-21T17:14:29.025+0000][1692007][info ][gc,heap     ] GC(415) Eden regions: 75->0(5)
[2025-08-21T17:14:29.025+0000][1692007][info ][gc,heap     ] GC(415) Survivor regions: 1->1(10)
[2025-08-21T17:14:29.025+0000][1692007][info ][gc,heap     ] GC(415) Old regions: 25->25
[2025-08-21T17:14:29.025+0000][1692007][info ][gc,heap     ] GC(415) Humongous regions: 0->0
[2025-08-21T17:14:29.025+0000][1692007][info ][gc,metaspace] GC(415) Metaspace: 141998K(147968K)->141998K(147968K) NonClass: 123178K(126720K)->123178K(126720K) Class: 18820K(21248K)->18820K(21248K)
[2025-08-21T17:14:29.025+0000][1692007][info ][gc          ] GC(415) Pause Young (Prepare Mixed) (G1 Evacuation Pause) 398M->98M(512M) 2.938ms
[2025-08-21T17:14:29.025+0000][1692007][info ][gc,cpu      ] GC(415) User=0.00s Sys=0.00s Real=0.00s
[2025-08-21T17:14:29.025+0000][1692007][info ][safepoint   ] Safepoint "G1CollectForAllocation", Time since last: 190238169472 ns, Reaching safepoint: 7681 ns, Cleanup: 2514 ns, At safepoint: 2970446 ns, Total: 2980641 ns
[2025-08-21T17:15:19.032+0000][1692007][info ][safepoint   ] Safepoint "Cleanup", Time since last: 50007239891 ns, Reaching safepoint: 34852 ns, Cleanup: 11007 ns, At safepoint: 4577 ns, Total: 50436 ns
[2025-08-21T17:21:21.654+0000][1692007][info ][gc,start    ] GC(416) Pause Young (Mixed) (G1 Evacuation Pause)
[2025-08-21T17:21:21.654+0000][1692007][info ][gc,task     ] GC(416) Using 1 workers of 1 for evacuation
[2025-08-21T17:21:21.654+0000][1692007][debug][gc,age      ] GC(416) Desired survivor size 12582912 bytes, new threshold 15 (max threshold 15)
[2025-08-21T17:21:21.658+0000][1692007][info ][gc,phases   ] GC(416)   Pre Evacuate Collection Set: 0.1ms
[2025-08-21T17:21:21.658+0000][1692007][info ][gc,phases   ] GC(416)   Merge Heap Roots: 0.0ms
[2025-08-21T17:21:21.658+0000][1692007][info ][gc,phases   ] GC(416)   Evacuate Collection Set: 2.5ms
[2025-08-21T17:21:21.658+0000][1692007][info ][gc,phases   ] GC(416)   Post Evacuate Collection Set: 0.9ms
[2025-08-21T17:21:21.658+0000][1692007][info ][gc,phases   ] GC(416)   Other: 0.2ms
[2025-08-21T17:21:21.658+0000][1692007][trace][gc,age      ] GC(416) Age table with threshold 15 (max threshold 15)
[2025-08-21T17:21:21.658+0000][1692007][trace][gc,age      ] GC(416) - age   1:       9808 bytes,       9808 total
[2025-08-21T17:21:21.658+0000][1692007][trace][gc,age      ] GC(416) - age   4:        880 bytes,      10688 total
[2025-08-21T17:21:21.658+0000][1692007][info ][gc,heap     ] GC(416) Eden regions: 44->0(75)
[2025-08-21T17:21:21.658+0000][1692007][info ][gc,heap     ] GC(416) Survivor regions: 1->1(6)
[2025-08-21T17:21:21.658+0000][1692007][info ][gc,heap     ] GC(416) Old regions: 25->24
[2025-08-21T17:21:21.658+0000][1692007][info ][gc,heap     ] GC(416) Humongous regions: 0->0
[2025-08-21T17:21:21.658+0000][1692007][info ][gc,metaspace] GC(416) Metaspace: 141998K(147968K)->141998K(147968K) NonClass: 123178K(126720K)->123178K(126720K) Class: 18820K(21248K)->18820K(21248K)
[2025-08-21T17:21:21.658+0000][1692007][info ][gc          ] GC(416) Pause Young (Mixed) (G1 Evacuation Pause) 274M->94M(512M) 3.856ms
[2025-08-21T17:21:21.658+0000][1692007][info ][gc,cpu      ] GC(416) User=0.00s Sys=0.00s Real=0.01s
[2025-08-21T17:21:21.658+0000][1692007][info ][safepoint   ] Safepoint "G1CollectForAllocation", Time since last: 362621654257 ns, Reaching safepoint: 8893 ns, Cleanup: 10526 ns, At safepoint: 3891567 ns, Total: 3910986 ns
[2025-08-21T17:33:08.043+0000][1692007][info ][gc,start    ] GC(417) Pause Young (Normal) (G1 Evacuation Pause)
[2025-08-21T17:33:08.044+0000][1692007][info ][gc,task     ] GC(417) Using 1 workers of 1 for evacuation
[2025-08-21T17:33:08.044+0000][1692007][debug][gc,age      ] GC(417) Desired survivor size 20971520 bytes, new threshold 15 (max threshold 15)
[2025-08-21T17:33:08.046+0000][1692007][info ][gc,phases   ] GC(417)   Pre Evacuate Collection Set: 0.1ms
[2025-08-21T17:33:08.046+0000][1692007][info ][gc,phases   ] GC(417)   Merge Heap Roots: 0.0ms
[2025-08-21T17:33:08.046+0000][1692007][info ][gc,phases   ] GC(417)   Evacuate Collection Set: 1.3ms
[2025-08-21T17:33:08.046+0000][1692007][info ][gc,phases   ] GC(417)   Post Evacuate Collection Set: 0.8ms
[2025-08-21T17:33:08.046+0000][1692007][info ][gc,phases   ] GC(417)   Other: 0.0ms
[2025-08-21T17:33:08.046+0000][1692007][trace][gc,age      ] GC(417) Age table with threshold 15 (max threshold 15)
[2025-08-21T17:33:08.046+0000][1692007][trace][gc,age      ] GC(417) - age   1:      26816 bytes,      26816 total
[2025-08-21T17:33:08.046+0000][1692007][trace][gc,age      ] GC(417) - age   2:        352 bytes,      27168 total
[2025-08-21T17:33:08.046+0000][1692007][trace][gc,age      ] GC(417) - age   5:        880 bytes,      28048 total
[2025-08-21T17:33:08.046+0000][1692007][info ][gc,heap     ] GC(417) Eden regions: 75->0(75)
[2025-08-21T17:33:08.046+0000][1692007][info ][gc,heap     ] GC(417) Survivor regions: 1->1(10)
[2025-08-21T17:33:08.046+0000][1692007][info ][gc,heap     ] GC(417) Old regions: 24->24
[2025-08-21T17:33:08.046+0000][1692007][info ][gc,heap     ] GC(417) Humongous regions: 0->0
[2025-08-21T17:33:08.046+0000][1692007][info ][gc,metaspace] GC(417) Metaspace: 141998K(147968K)->141998K(147968K) NonClass: 123178K(126720K)->123178K(126720K) Class: 18820K(21248K)->18820K(21248K)
[2025-08-21T17:33:08.046+0000][1692007][info ][gc          ] GC(417) Pause Young (Normal) (G1 Evacuation Pause) 394M->94M(512M) 2.746ms
[2025-08-21T17:33:08.046+0000][1692007][info ][gc,cpu      ] GC(417) User=0.00s Sys=0.00s Real=0.01s
[2025-08-21T17:33:08.046+0000][1692007][info ][safepoint   ] Safepoint "G1CollectForAllocation", Time since last: 706385507098 ns, Reaching safepoint: 7260 ns, Cleanup: 3195 ns, At safepoint: 2779848 ns, Total: 2790303 ns
[2025-08-21T17:44:49.976+0000][1692007][info ][gc,start    ] GC(418) Pause Young (Normal) (G1 Evacuation Pause)
[2025-08-21T17:44:49.976+0000][1692007][info ][gc,task     ] GC(418) Using 1 workers of 1 for evacuation
[2025-08-21T17:44:49.976+0000][1692007][debug][gc,age      ] GC(418) Desired survivor size 20971520 bytes, new threshold 15 (max threshold 15)
[2025-08-21T17:44:49.978+0000][1692007][info ][gc,phases   ] GC(418)   Pre Evacuate Collection Set: 0.1ms
[2025-08-21T17:44:49.978+0000][1692007][info ][gc,phases   ] GC(418)   Merge Heap Roots: 0.0ms
[2025-08-21T17:44:49.978+0000][1692007][info ][gc,phases   ] GC(418)   Evacuate Collection Set: 0.7ms
[2025-08-21T17:44:49.978+0000][1692007][info ][gc,phases   ] GC(418)   Post Evacuate Collection Set: 0.8ms
[2025-08-21T17:44:49.978+0000][1692007][info ][gc,phases   ] GC(418)   Other: 0.0ms
[2025-08-21T17:44:49.978+0000][1692007][trace][gc,age      ] GC(418) Age table with threshold 15 (max threshold 15)
[2025-08-21T17:44:49.978+0000][1692007][trace][gc,age      ] GC(418) - age   1:      11208 bytes,      11208 total
[2025-08-21T17:44:49.978+0000][1692007][trace][gc,age      ] GC(418) - age   6:        880 bytes,      12088 total
[2025-08-21T17:44:49.978+0000][1692007][info ][gc,heap     ] GC(418) Eden regions: 75->0(75)
[2025-08-21T17:44:49.978+0000][1692007][info ][gc,heap     ] GC(418) Survivor regions: 1->1(10)
[2025-08-21T17:44:49.978+0000][1692007][info ][gc,heap     ] GC(418) Old regions: 24->24
[2025-08-21T17:44:49.978+0000][1692007][info ][gc,heap     ] GC(418) Humongous regions: 0->0
[2025-08-21T17:44:49.978+0000][1692007][info ][gc,metaspace] GC(418) Metaspace: 141998K(147968K)->141998K(147968K) NonClass: 123178K(126720K)->123178K(126720K) Class: 18820K(21248K)->18820K(21248K)
[2025-08-21T17:44:49.978+0000][1692007][info ][gc          ] GC(418) Pause Young (Normal) (G1 Evacuation Pause) 394M->94M(512M) 1.858ms
[2025-08-21T17:44:49.978+0000][1692007][info ][gc,cpu      ] GC(418) User=0.00s Sys=0.00s Real=0.00s
[2025-08-21T17:44:49.978+0000][1692007][info ][safepoint   ] Safepoint "G1CollectForAllocation", Time since last: 701930192289 ns, Reaching safepoint: 7091 ns, Cleanup: 3055 ns, At safepoint: 1891416 ns, Total: 1901562 ns
[2025-08-21T17:56:36.855+0000][1692007][info ][gc,start    ] GC(419) Pause Young (Normal) (G1 Evacuation Pause)
[2025-08-21T17:56:36.855+0000][1692007][info ][gc,task     ] GC(419) Using 1 workers of 1 for evacuation
[2025-08-21T17:56:36.855+0000][1692007][debug][gc,age      ] GC(419) Desired survivor size 20971520 bytes, new threshold 15 (max threshold 15)
[2025-08-21T17:56:36.857+0000][1692007][info ][gc,phases   ] GC(419)   Pre Evacuate Collection Set: 0.1ms
[2025-08-21T17:56:36.857+0000][1692007][info ][gc,phases   ] GC(419)   Merge Heap Roots: 0.0ms
[2025-08-21T17:56:36.857+0000][1692007][info ][gc,phases   ] GC(419)   Evacuate Collection Set: 0.7ms
[2025-08-21T17:56:36.857+0000][1692007][info ][gc,phases   ] GC(419)   Post Evacuate Collection Set: 0.8ms
[2025-08-21T17:56:36.857+0000][1692007][info ][gc,phases   ] GC(419)   Other: 0.0ms
[2025-08-21T17:56:36.857+0000][1692007][trace][gc,age      ] GC(419) Age table with threshold 15 (max threshold 15)
[2025-08-21T17:56:36.857+0000][1692007][trace][gc,age      ] GC(419) - age   1:      27032 bytes,      27032 total
[2025-08-21T17:56:36.857+0000][1692007][trace][gc,age      ] GC(419) - age   7:        704 bytes,      27736 total
[2025-08-21T17:56:36.857+0000][1692007][info ][gc,heap     ] GC(419) Eden regions: 75->0(75)
[2025-08-21T17:56:36.857+0000][1692007][info ][gc,heap     ] GC(419) Survivor regions: 1->1(10)
[2025-08-21T17:56:36.857+0000][1692007][info ][gc,heap     ] GC(419) Old regions: 24->24
[2025-08-21T17:56:36.857+0000][1692007][info ][gc,heap     ] GC(419) Humongous regions: 0->0
[2025-08-21T17:56:36.857+0000][1692007][info ][gc,metaspace] GC(419) Metaspace: 141998K(147968K)->141998K(147968K) NonClass: 123178K(126720K)->123178K(126720K) Class: 18820K(21248K)->18820K(21248K)
[2025-08-21T17:56:36.857+0000][1692007][info ][gc          ] GC(419) Pause Young (Normal) (G1 Evacuation Pause) 394M->94M(512M) 2.325ms
[2025-08-21T17:56:36.857+0000][1692007][info ][gc,cpu      ] GC(419) User=0.00s Sys=0.00s Real=0.01s
[2025-08-21T17:56:36.857+0000][1692007][info ][safepoint   ] Safepoint "G1CollectForAllocation", Time since last: 706876998753 ns, Reaching safepoint: 7852 ns, Cleanup: 3525 ns, At safepoint: 2365192 ns, Total: 2376569 ns
[2025-08-21T18:08:20.921+0000][1692007][info ][gc,start    ] GC(420) Pause Young (Normal) (G1 Evacuation Pause)
[2025-08-21T18:08:20.923+0000][1692007][info ][gc,task     ] GC(420) Using 1 workers of 1 for evacuation
[2025-08-21T18:08:20.923+0000][1692007][debug][gc,age      ] GC(420) Desired survivor size 20971520 bytes, new threshold 15 (max threshold 15)
[2025-08-21T18:08:20.926+0000][1692007][info ][gc,phases   ] GC(420)   Pre Evacuate Collection Set: 0.2ms
[2025-08-21T18:08:20.926+0000][1692007][info ][gc,phases   ] GC(420)   Merge Heap Roots: 0.0ms
[2025-08-21T18:08:20.926+0000][1692007][info ][gc,phases   ] GC(420)   Evacuate Collection Set: 1.4ms
[2025-08-21T18:08:20.926+0000][1692007][info ][gc,phases   ] GC(420)   Post Evacuate Collection Set: 0.8ms
[2025-08-21T18:08:20.926+0000][1692007][info ][gc,phases   ] GC(420)   Other: 0.1ms
[2025-08-21T18:08:20.926+0000][1692007][trace][gc,age      ] GC(420) Age table with threshold 15 (max threshold 15)
[2025-08-21T18:08:20.926+0000][1692007][trace][gc,age      ] GC(420) - age   1:      16336 bytes,      16336 total
[2025-08-21T18:08:20.926+0000][1692007][trace][gc,age      ] GC(420) - age   2:        176 bytes,      16512 total
[2025-08-21T18:08:20.926+0000][1692007][trace][gc,age      ] GC(420) - age   8:        704 bytes,      17216 total
[2025-08-21T18:08:20.926+0000][1692007][info ][gc,heap     ] GC(420) Eden regions: 75->0(75)
[2025-08-21T18:08:20.926+0000][1692007][info ][gc,heap     ] GC(420) Survivor regions: 1->1(10)
[2025-08-21T18:08:20.926+0000][1692007][info ][gc,heap     ] GC(420) Old regions: 24->24
[2025-08-21T18:08:20.926+0000][1692007][info ][gc,heap     ] GC(420) Humongous regions: 0->0
[2025-08-21T18:08:20.926+0000][1692007][info ][gc,metaspace] GC(420) Metaspace: 141998K(147968K)->141998K(147968K) NonClass: 123178K(126720K)->123178K(126720K) Class: 18820K(21248K)->18820K(21248K)
[2025-08-21T18:08:20.926+0000][1692007][info ][gc          ] GC(420) Pause Young (Normal) (G1 Evacuation Pause) 394M->94M(512M) 5.099ms
[2025-08-21T18:08:20.926+0000][1692007][info ][gc,cpu      ] GC(420) User=0.00s Sys=0.00s Real=0.01s
[2025-08-21T18:08:20.926+0000][1692007][info ][safepoint   ] Safepoint "G1CollectForAllocation", Time since last: 704063385716 ns, Reaching safepoint: 9014 ns, Cleanup: 4336 ns, At safepoint: 5137789 ns, Total: 5151139 ns
[2025-08-21T18:20:03.231+0000][1692007][info ][gc,start    ] GC(421) Pause Young (Normal) (G1 Evacuation Pause)
[2025-08-21T18:20:03.232+0000][1692007][info ][gc,task     ] GC(421) Using 1 workers of 1 for evacuation
[2025-08-21T18:20:03.232+0000][1692007][debug][gc,age      ] GC(421) Desired survivor size 20971520 bytes, new threshold 15 (max threshold 15)
[2025-08-21T18:20:03.233+0000][1692007][info ][gc,phases   ] GC(421)   Pre Evacuate Collection Set: 0.1ms
[2025-08-21T18:20:03.234+0000][1692007][info ][gc,phases   ] GC(421)   Merge Heap Roots: 0.0ms
[2025-08-21T18:20:03.234+0000][1692007][info ][gc,phases   ] GC(421)   Evacuate Collection Set: 0.7ms
[2025-08-21T18:20:03.234+0000][1692007][info ][gc,phases   ] GC(421)   Post Evacuate Collection Set: 0.8ms
[2025-08-21T18:20:03.234+0000][1692007][info ][gc,phases   ] GC(421)   Other: 0.0ms
[2025-08-21T18:20:03.234+0000][1692007][trace][gc,age      ] GC(421) Age table with threshold 15 (max threshold 15)
[2025-08-21T18:20:03.234+0000][1692007][trace][gc,age      ] GC(421) - age   1:       9192 bytes,       9192 total
[2025-08-21T18:20:03.234+0000][1692007][trace][gc,age      ] GC(421) - age   2:        352 bytes,       9544 total
[2025-08-21T18:20:03.234+0000][1692007][trace][gc,age      ] GC(421) - age   3:        176 bytes,       9720 total
[2025-08-21T18:20:03.234+0000][1692007][trace][gc,age      ] GC(421) - age   9:        704 bytes,      10424 total
[2025-08-21T18:20:03.234+0000][1692007][info ][gc,heap     ] GC(421) Eden regions: 75->0(75)
[2025-08-21T18:20:03.234+0000][1692007][info ][gc,heap     ] GC(421) Survivor regions: 1->1(10)
[2025-08-21T18:20:03.234+0000][1692007][info ][gc,heap     ] GC(421) Old regions: 24->24
[2025-08-21T18:20:03.234+0000][1692007][info ][gc,heap     ] GC(421) Humongous regions: 0->0
[2025-08-21T18:20:03.234+0000][1692007][info ][gc,metaspace] GC(421) Metaspace: 141998K(147968K)->141998K(147968K) NonClass: 123178K(126720K)->123178K(126720K) Class: 18820K(21248K)->18820K(21248K)
[2025-08-21T18:20:03.234+0000][1692007][info ][gc          ] GC(421) Pause Young (Normal) (G1 Evacuation Pause) 394M->94M(512M) 2.361ms
[2025-08-21T18:20:03.234+0000][1692007][info ][gc,cpu      ] GC(421) User=0.00s Sys=0.00s Real=0.00s
[2025-08-21T18:20:03.234+0000][1692007][info ][safepoint   ] Safepoint "G1CollectForAllocation", Time since last: 702305469009 ns, Reaching safepoint: 7832 ns, Cleanup: 3415 ns, At safepoint: 2398021 ns, Total: 2409268 ns
[2025-08-21T18:28:09.289+0000][1692007][info ][safepoint   ] Safepoint "Cleanup", Time since last: 486031297373 ns, Reaching safepoint: 23491032 ns, Cleanup: 166752 ns, At safepoint: 4206 ns, Total: 23661990 ns
[2025-08-21T18:28:10.257+0000][1692007][info ][safepoint   ] Safepoint "ICBufferFull", Time since last: 967824199 ns, Reaching safepoint: 107472 ns, Cleanup: 92049 ns, At safepoint: 2323 ns, Total: 201844 ns
[2025-08-21T18:28:10.978+0000][1692007][info ][gc,start    ] GC(422) Pause Young (Normal) (G1 Evacuation Pause)
[2025-08-21T18:28:10.978+0000][1692007][info ][gc,task     ] GC(422) Using 1 workers of 1 for evacuation
[2025-08-21T18:28:10.978+0000][1692007][debug][gc,age      ] GC(422) Desired survivor size 20971520 bytes, new threshold 15 (max threshold 15)
[2025-08-21T18:28:10.982+0000][1692007][info ][gc,phases   ] GC(422)   Pre Evacuate Collection Set: 0.1ms
[2025-08-21T18:28:10.982+0000][1692007][info ][gc,phases   ] GC(422)   Merge Heap Roots: 0.0ms
[2025-08-21T18:28:10.982+0000][1692007][info ][gc,phases   ] GC(422)   Evacuate Collection Set: 3.3ms
[2025-08-21T18:28:10.982+0000][1692007][info ][gc,phases   ] GC(422)   Post Evacuate Collection Set: 0.9ms
[2025-08-21T18:28:10.982+0000][1692007][info ][gc,phases   ] GC(422)   Other: 0.0ms
[2025-08-21T18:28:10.982+0000][1692007][trace][gc,age      ] GC(422) Age table with threshold 15 (max threshold 15)
[2025-08-21T18:28:10.982+0000][1692007][trace][gc,age      ] GC(422) - age   1:    1857760 bytes,    1857760 total
[2025-08-21T18:28:10.982+0000][1692007][trace][gc,age      ] GC(422) - age   4:        176 bytes,    1857936 total
[2025-08-21T18:28:10.982+0000][1692007][trace][gc,age      ] GC(422) - age  10:        624 bytes,    1858560 total
[2025-08-21T18:28:10.982+0000][1692007][info ][gc,heap     ] GC(422) Eden regions: 75->0(75)
[2025-08-21T18:28:10.982+0000][1692007][info ][gc,heap     ] GC(422) Survivor regions: 1->1(10)
[2025-08-21T18:28:10.982+0000][1692007][info ][gc,heap     ] GC(422) Old regions: 24->24
[2025-08-21T18:28:10.982+0000][1692007][info ][gc,heap     ] GC(422) Humongous regions: 0->0
[2025-08-21T18:28:10.982+0000][1692007][info ][gc,metaspace] GC(422) Metaspace: 142006K(147968K)->142006K(147968K) NonClass: 123184K(126720K)->123184K(126720K) Class: 18821K(21248K)->18821K(21248K)
[2025-08-21T18:28:10.982+0000][1692007][info ][gc          ] GC(422) Pause Young (Normal) (G1 Evacuation Pause) 394M->95M(512M) 4.544ms
[2025-08-21T18:28:10.982+0000][1692007][info ][gc,cpu      ] GC(422) User=0.01s Sys=0.00s Real=0.00s
[2025-08-21T18:28:10.982+0000][1692007][info ][safepoint   ] Safepoint "G1CollectForAllocation", Time since last: 720693863 ns, Reaching safepoint: 5148 ns, Cleanup: 122165 ns, At safepoint: 4580947 ns, Total: 4708260 ns
[2025-08-21T18:28:11.807+0000][1692007][info ][safepoint   ] Safepoint "ICBufferFull", Time since last: 825022052 ns, Reaching safepoint: 70707 ns, Cleanup: 118238 ns, At safepoint: 2444 ns, Total: 191389 ns
[2025-08-21T18:28:12.815+0000][1692007][info ][safepoint   ] Safepoint "Cleanup", Time since last: 1000089109 ns, Reaching safepoint: 7341767 ns, Cleanup: 77507 ns, At safepoint: 4106 ns, Total: 7423380 ns
[2025-08-21T18:28:13.340+0000][1692007][info ][gc,start    ] GC(423) Pause Young (Normal) (G1 Evacuation Pause)
[2025-08-21T18:28:13.340+0000][1692007][info ][gc,task     ] GC(423) Using 1 workers of 1 for evacuation
[2025-08-21T18:28:13.340+0000][1692007][debug][gc,age      ] GC(423) Desired survivor size 20971520 bytes, new threshold 15 (max threshold 15)
[2025-08-21T18:28:13.347+0000][1692007][info ][gc,phases   ] GC(423)   Pre Evacuate Collection Set: 0.1ms
[2025-08-21T18:28:13.347+0000][1692007][info ][gc,phases   ] GC(423)   Merge Heap Roots: 0.0ms
[2025-08-21T18:28:13.347+0000][1692007][info ][gc,phases   ] GC(423)   Evacuate Collection Set: 6.0ms
[2025-08-21T18:28:13.347+0000][1692007][info ][gc,phases   ] GC(423)   Post Evacuate Collection Set: 0.8ms
[2025-08-21T18:28:13.347+0000][1692007][info ][gc,phases   ] GC(423)   Other: 0.0ms
[2025-08-21T18:28:13.347+0000][1692007][trace][gc,age      ] GC(423) Age table with threshold 15 (max threshold 15)
[2025-08-21T18:28:13.347+0000][1692007][trace][gc,age      ] GC(423) - age   1:    6286008 bytes,    6286008 total
[2025-08-21T18:28:13.347+0000][1692007][trace][gc,age      ] GC(423) - age   2:    1819672 bytes,    8105680 total
[2025-08-21T18:28:13.347+0000][1692007][trace][gc,age      ] GC(423) - age   5:        176 bytes,    8105856 total
[2025-08-21T18:28:13.347+0000][1692007][trace][gc,age      ] GC(423) - age  11:        624 bytes,    8106480 total
[2025-08-21T18:28:13.347+0000][1692007][info ][gc,heap     ] GC(423) Eden regions: 75->0(74)
[2025-08-21T18:28:13.347+0000][1692007][info ][gc,heap     ] GC(423) Survivor regions: 1->2(10)
[2025-08-21T18:28:13.347+0000][1692007][info ][gc,heap     ] GC(423) Old regions: 24->24
[2025-08-21T18:28:13.347+0000][1692007][info ][gc,heap     ] GC(423) Humongous regions: 0->0
[2025-08-21T18:28:13.347+0000][1692007][info ][gc,metaspace] GC(423) Metaspace: 142062K(147968K)->142062K(147968K) NonClass: 123239K(126720K)->123239K(126720K) Class: 18822K(21248K)->18822K(21248K)
[2025-08-21T18:28:13.347+0000][1692007][info ][gc          ] GC(423) Pause Young (Normal) (G1 Evacuation Pause) 395M->102M(512M) 7.136ms
[2025-08-21T18:28:13.347+0000][1692007][info ][gc,cpu      ] GC(423) User=0.00s Sys=0.00s Real=0.01s
[2025-08-21T18:28:13.347+0000][1692007][info ][safepoint   ] Safepoint "G1CollectForAllocation", Time since last: 524792294 ns, Reaching safepoint: 6711 ns, Cleanup: 41232 ns, At safepoint: 7169736 ns, Total: 7217679 ns
[2025-08-21T18:28:14.347+0000][1692007][info ][safepoint   ] Safepoint "Cleanup", Time since last: 1000069681 ns, Reaching safepoint: 5568 ns, Cleanup: 63926 ns, At safepoint: 1803 ns, Total: 71297 ns
[2025-08-21T18:28:15.348+0000][1692007][info ][safepoint   ] Safepoint "Cleanup", Time since last: 1001141659 ns, Reaching safepoint: 8062 ns, Cleanup: 19660 ns, At safepoint: 2053 ns, Total: 29775 ns
[2025-08-21T18:28:18.349+0000][1692007][info ][safepoint   ] Safepoint "Cleanup", Time since last: 3000214488 ns, Reaching safepoint: 362007 ns, Cleanup: 9514 ns, At safepoint: 2414 ns, Total: 373935 ns
[2025-08-21T18:28:19.349+0000][1692007][info ][safepoint   ] Safepoint "Cleanup", Time since last: 1000096631 ns, Reaching safepoint: 5438 ns, Cleanup: 11617 ns, At safepoint: 2003 ns, Total: 19058 ns
[2025-08-21T18:28:20.350+0000][1692007][info ][safepoint   ] Safepoint "Cleanup", Time since last: 1001075800 ns, Reaching safepoint: 5398 ns, Cleanup: 11287 ns, At safepoint: 1953 ns, Total: 18638 ns
[2025-08-21T18:28:20.471+0000][1692007][info ][gc,start    ] GC(424) Pause Young (Normal) (G1 Evacuation Pause)
[2025-08-21T18:28:20.471+0000][1692007][info ][gc,task     ] GC(424) Using 1 workers of 1 for evacuation
[2025-08-21T18:28:20.471+0000][1692007][debug][gc,age      ] GC(424) Desired survivor size 20971520 bytes, new threshold 15 (max threshold 15)
[2025-08-21T18:28:20.477+0000][1692007][info ][gc,phases   ] GC(424)   Pre Evacuate Collection Set: 0.1ms
[2025-08-21T18:28:20.477+0000][1692007][info ][gc,phases   ] GC(424)   Merge Heap Roots: 0.0ms
[2025-08-21T18:28:20.477+0000][1692007][info ][gc,phases   ] GC(424)   Evacuate Collection Set: 4.9ms
[2025-08-21T18:28:20.477+0000][1692007][info ][gc,phases   ] GC(424)   Post Evacuate Collection Set: 0.8ms
[2025-08-21T18:28:20.477+0000][1692007][info ][gc,phases   ] GC(424)   Other: 0.0ms
[2025-08-21T18:28:20.477+0000][1692007][trace][gc,age      ] GC(424) Age table with threshold 15 (max threshold 15)
[2025-08-21T18:28:20.477+0000][1692007][trace][gc,age      ] GC(424) - age   1:   33018248 bytes,   33018248 total
[2025-08-21T18:28:20.477+0000][1692007][trace][gc,age      ] GC(424) - age   2:      33120 bytes,   33051368 total
[2025-08-21T18:28:20.477+0000][1692007][trace][gc,age      ] GC(424) - age   3:     585776 bytes,   33637144 total
[2025-08-21T18:28:20.477+0000][1692007][trace][gc,age      ] GC(424) - age   6:        176 bytes,   33637320 total
[2025-08-21T18:28:20.477+0000][1692007][trace][gc,age      ] GC(424) - age  12:        624 bytes,   33637944 total
[2025-08-21T18:28:20.477+0000][1692007][info ][gc,heap     ] GC(424) Eden regions: 74->0(67)
[2025-08-21T18:28:20.477+0000][1692007][info ][gc,heap     ] GC(424) Survivor regions: 2->9(10)
[2025-08-21T18:28:20.477+0000][1692007][info ][gc,heap     ] GC(424) Old regions: 24->24
[2025-08-21T18:28:20.477+0000][1692007][info ][gc,heap     ] GC(424) Humongous regions: 0->0
[2025-08-21T18:28:20.477+0000][1692007][info ][gc,metaspace] GC(424) Metaspace: 142101K(147968K)->142101K(147968K) NonClass: 123278K(126720K)->123278K(126720K) Class: 18822K(21248K)->18822K(21248K)
[2025-08-21T18:28:20.477+0000][1692007][info ][gc          ] GC(424) Pause Young (Normal) (G1 Evacuation Pause) 398M->128M(512M) 6.006ms
[2025-08-21T18:28:20.477+0000][1692007][info ][gc,cpu      ] GC(424) User=0.01s Sys=0.00s Real=0.01s
[2025-08-21T18:28:20.477+0000][1692007][info ][safepoint   ] Safepoint "G1CollectForAllocation", Time since last: 120831700 ns, Reaching safepoint: 5388 ns, Cleanup: 5478 ns, At safepoint: 6049575 ns, Total: 6060441 ns
[2025-08-21T18:28:21.596+0000][1692007][info ][safepoint   ] Safepoint "Cleanup", Time since last: 1000070301 ns, Reaching safepoint: 119119164 ns, Cleanup: 24908 ns, At safepoint: 9024 ns, Total: 119153096 ns
[2025-08-21T18:28:22.602+0000][1692007][info ][safepoint   ] Safepoint "Cleanup", Time since last: 1000106205 ns, Reaching safepoint: 5282477 ns, Cleanup: 7070 ns, At safepoint: 4087 ns, Total: 5293634 ns
[2025-08-21T18:28:23.605+0000][1692007][info ][safepoint   ] Safepoint "Cleanup", Time since last: 1000098513 ns, Reaching safepoint: 3157788 ns, Cleanup: 8463 ns, At safepoint: 3786 ns, Total: 3170037 ns
[2025-08-21T18:28:24.605+0000][1692007][info ][safepoint   ] Safepoint "Cleanup", Time since last: 1000097051 ns, Reaching safepoint: 6060 ns, Cleanup: 25107 ns, At safepoint: 1903 ns, Total: 33070 ns
[2025-08-21T18:28:27.606+0000][1692007][info ][safepoint   ] Safepoint "Cleanup", Time since last: 3000224654 ns, Reaching safepoint: 324770 ns, Cleanup: 56596 ns, At safepoint: 2313 ns, Total: 383679 ns
[2025-08-21T18:28:38.076+0000][1692007][info ][gc,start    ] GC(425) Pause Young (Normal) (G1 Evacuation Pause)
[2025-08-21T18:28:38.076+0000][1692007][info ][gc,task     ] GC(425) Using 1 workers of 1 for evacuation
[2025-08-21T18:28:38.076+0000][1692007][debug][gc,age      ] GC(425) Desired survivor size 20971520 bytes, new threshold 1 (max threshold 15)
[2025-08-21T18:28:38.082+0000][1692007][info ][gc,phases   ] GC(425)   Pre Evacuate Collection Set: 0.1ms
[2025-08-21T18:28:38.082+0000][1692007][info ][gc,phases   ] GC(425)   Merge Heap Roots: 0.0ms
[2025-08-21T18:28:38.082+0000][1692007][info ][gc,phases   ] GC(425)   Evacuate Collection Set: 3.6ms
[2025-08-21T18:28:38.082+0000][1692007][info ][gc,phases   ] GC(425)   Post Evacuate Collection Set: 1.5ms
[2025-08-21T18:28:38.082+0000][1692007][info ][gc,phases   ] GC(425)   Other: 0.1ms
[2025-08-21T18:28:38.082+0000][1692007][trace][gc,age      ] GC(425) Age table with threshold 1 (max threshold 15)
[2025-08-21T18:28:38.082+0000][1692007][trace][gc,age      ] GC(425) - age   1:    7846240 bytes,    7846240 total
[2025-08-21T18:28:38.082+0000][1692007][info ][gc,heap     ] GC(425) Eden regions: 67->0(74)
[2025-08-21T18:28:38.082+0000][1692007][info ][gc,heap     ] GC(425) Survivor regions: 9->2(10)
[2025-08-21T18:28:38.082+0000][1692007][info ][gc,heap     ] GC(425) Old regions: 24->24
[2025-08-21T18:28:38.082+0000][1692007][info ][gc,heap     ] GC(425) Humongous regions: 0->0
[2025-08-21T18:28:38.082+0000][1692007][info ][gc,metaspace] GC(425) Metaspace: 142112K(147968K)->142112K(147968K) NonClass: 123289K(126720K)->123289K(126720K) Class: 18822K(21248K)->18822K(21248K)
[2025-08-21T18:28:38.082+0000][1692007][info ][gc          ] GC(425) Pause Young (Normal) (G1 Evacuation Pause) 396M->102M(512M) 6.527ms
[2025-08-21T18:28:38.082+0000][1692007][info ][gc,cpu      ] GC(425) User=0.01s Sys=0.00s Real=0.01s
[2025-08-21T18:28:38.082+0000][1692007][info ][safepoint   ] Safepoint "G1CollectForAllocation", Time since last: 10469043701 ns, Reaching safepoint: 32209 ns, Cleanup: 570121 ns, At safepoint: 6570041 ns, Total: 7172371 ns
[2025-08-21T18:28:39.082+0000][1692007][info ][safepoint   ] Safepoint "Cleanup", Time since last: 1000077902 ns, Reaching safepoint: 5889 ns, Cleanup: 27141 ns, At safepoint: 1893 ns, Total: 34923 ns
[2025-08-21T18:28:41.582+0000][1692007][info ][gc,start    ] GC(426) Pause Young (Normal) (G1 Evacuation Pause)
[2025-08-21T18:28:41.582+0000][1692007][info ][gc,task     ] GC(426) Using 1 workers of 1 for evacuation
[2025-08-21T18:28:41.582+0000][1692007][debug][gc,age      ] GC(426) Desired survivor size 20971520 bytes, new threshold 15 (max threshold 15)
[2025-08-21T18:28:41.584+0000][1692007][info ][gc,phases   ] GC(426)   Pre Evacuate Collection Set: 0.1ms
[2025-08-21T18:28:41.584+0000][1692007][info ][gc,phases   ] GC(426)   Merge Heap Roots: 0.0ms
[2025-08-21T18:28:41.584+0000][1692007][info ][gc,phases   ] GC(426)   Evacuate Collection Set: 1.1ms
[2025-08-21T18:28:41.584+0000][1692007][info ][gc,phases   ] GC(426)   Post Evacuate Collection Set: 0.8ms
[2025-08-21T18:28:41.584+0000][1692007][info ][gc,phases   ] GC(426)   Other: 0.0ms
[2025-08-21T18:28:41.584+0000][1692007][trace][gc,age      ] GC(426) Age table with threshold 15 (max threshold 15)
[2025-08-21T18:28:41.584+0000][1692007][trace][gc,age      ] GC(426) - age   1:     548912 bytes,     548912 total
[2025-08-21T18:28:41.584+0000][1692007][trace][gc,age      ] GC(426) - age   2:      45080 bytes,     593992 total
[2025-08-21T18:28:41.584+0000][1692007][info ][gc,heap     ] GC(426) Eden regions: 74->0(75)
[2025-08-21T18:28:41.584+0000][1692007][info ][gc,heap     ] GC(426) Survivor regions: 2->1(10)
[2025-08-21T18:28:41.584+0000][1692007][info ][gc,heap     ] GC(426) Old regions: 24->24
[2025-08-21T18:28:41.584+0000][1692007][info ][gc,heap     ] GC(426) Humongous regions: 0->0
[2025-08-21T18:28:41.584+0000][1692007][info ][gc,metaspace] GC(426) Metaspace: 142115K(147968K)->142115K(147968K) NonClass: 123292K(126720K)->123292K(126720K) Class: 18822K(21248K)->18822K(21248K)
[2025-08-21T18:28:41.584+0000][1692007][info ][gc          ] GC(426) Pause Young (Normal) (G1 Evacuation Pause) 398M->96M(512M) 2.234ms
[2025-08-21T18:28:41.584+0000][1692007][info ][gc,cpu      ] GC(426) User=0.00s Sys=0.00s Real=0.00s
[2025-08-21T18:28:41.584+0000][1692007][info ][safepoint   ] Safepoint "G1CollectForAllocation", Time since last: 2499206669 ns, Reaching safepoint: 472724 ns, Cleanup: 23024 ns, At safepoint: 2272392 ns, Total: 2768140 ns
[2025-08-21T18:28:42.584+0000][1692007][info ][safepoint   ] Safepoint "Cleanup", Time since last: 1000081157 ns, Reaching safepoint: 6400 ns, Cleanup: 68884 ns, At safepoint: 2263 ns, Total: 77547 ns
[2025-08-21T18:28:43.584+0000][1692007][info ][safepoint   ] Safepoint "Cleanup", Time since last: 1000099956 ns, Reaching safepoint: 5448 ns, Cleanup: 48193 ns, At safepoint: 2294 ns, Total: 55935 ns
[2025-08-21T18:28:44.230+0000][1692007][info ][gc,start    ] GC(427) Pause Young (Normal) (G1 Evacuation Pause)
[2025-08-21T18:28:44.230+0000][1692007][info ][gc,task     ] GC(427) Using 1 workers of 1 for evacuation
[2025-08-21T18:28:44.231+0000][1692007][debug][gc,age      ] GC(427) Desired survivor size 20971520 bytes, new threshold 15 (max threshold 15)
[2025-08-21T18:28:44.233+0000][1692007][info ][gc,phases   ] GC(427)   Pre Evacuate Collection Set: 0.1ms
[2025-08-21T18:28:44.233+0000][1692007][info ][gc,phases   ] GC(427)   Merge Heap Roots: 0.0ms
[2025-08-21T18:28:44.233+0000][1692007][info ][gc,phases   ] GC(427)   Evacuate Collection Set: 1.8ms
[2025-08-21T18:28:44.233+0000][1692007][info ][gc,phases   ] GC(427)   Post Evacuate Collection Set: 0.8ms
[2025-08-21T18:28:44.233+0000][1692007][info ][gc,phases   ] GC(427)   Other: 0.4ms
[2025-08-21T18:28:44.233+0000][1692007][trace][gc,age      ] GC(427) Age table with threshold 15 (max threshold 15)
[2025-08-21T18:28:44.233+0000][1692007][trace][gc,age      ] GC(427) - age   1:    6860960 bytes,    6860960 total
[2025-08-21T18:28:44.233+0000][1692007][trace][gc,age      ] GC(427) - age   2:       2512 bytes,    6863472 total
[2025-08-21T18:28:44.233+0000][1692007][trace][gc,age      ] GC(427) - age   3:      44480 bytes,    6907952 total
[2025-08-21T18:28:44.233+0000][1692007][info ][gc,heap     ] GC(427) Eden regions: 75->0(74)
[2025-08-21T18:28:44.233+0000][1692007][info ][gc,heap     ] GC(427) Survivor regions: 1->2(10)
[2025-08-21T18:28:44.233+0000][1692007][info ][gc,heap     ] GC(427) Old regions: 24->24
[2025-08-21T18:28:44.233+0000][1692007][info ][gc,heap     ] GC(427) Humongous regions: 0->0
[2025-08-21T18:28:44.233+0000][1692007][info ][gc,metaspace] GC(427) Metaspace: 142162K(147968K)->142162K(147968K) NonClass: 123339K(126720K)->123339K(126720K) Class: 18822K(21248K)->18822K(21248K)
[2025-08-21T18:28:44.233+0000][1692007][info ][gc          ] GC(427) Pause Young (Normal) (G1 Evacuation Pause) 396M->101M(512M) 3.581ms
[2025-08-21T18:28:44.233+0000][1692007][info ][gc,cpu      ] GC(427) User=0.01s Sys=0.00s Real=0.00s
[2025-08-21T18:28:44.233+0000][1692007][info ][safepoint   ] Safepoint "G1CollectForAllocation", Time since last: 645616864 ns, Reaching safepoint: 8783 ns, Cleanup: 3275 ns, At safepoint: 3607457 ns, Total: 3619515 ns
[2025-08-21T18:28:50.241+0000][1692007][info ][safepoint   ] Safepoint "Cleanup", Time since last: 6000374605 ns, Reaching safepoint: 7360915 ns, Cleanup: 9404 ns, At safepoint: 3275 ns, Total: 7373594 ns
[2025-08-21T18:28:51.599+0000][1692007][info ][safepoint   ] Safepoint "Cleanup", Time since last: 1000099245 ns, Reaching safepoint: 357271913 ns, Cleanup: 17066 ns, At safepoint: 10856 ns, Total: 357299835 ns
[2025-08-21T18:28:52.562+0000][1692007][info ][gc,start    ] GC(428) Pause Young (Normal) (G1 Evacuation Pause)
[2025-08-21T18:28:52.562+0000][1692007][info ][gc,task     ] GC(428) Using 1 workers of 1 for evacuation
[2025-08-21T18:28:52.562+0000][1692007][debug][gc,age      ] GC(428) Desired survivor size 20971520 bytes, new threshold 15 (max threshold 15)
[2025-08-21T18:28:52.653+0000][1692007][info ][gc,phases   ] GC(428)   Pre Evacuate Collection Set: 0.1ms
[2025-08-21T18:28:52.653+0000][1692007][info ][gc,phases   ] GC(428)   Merge Heap Roots: 0.0ms
[2025-08-21T18:28:52.654+0000][1692007][info ][gc,phases   ] GC(428)   Evacuate Collection Set: 89.5ms
[2025-08-21T18:28:52.654+0000][1692007][info ][gc,phases   ] GC(428)   Post Evacuate Collection Set: 1.1ms
[2025-08-21T18:28:52.654+0000][1692007][info ][gc,phases   ] GC(428)   Other: 0.0ms
[2025-08-21T18:28:52.654+0000][1692007][trace][gc,age      ] GC(428) Age table with threshold 15 (max threshold 15)
[2025-08-21T18:28:52.654+0000][1692007][trace][gc,age      ] GC(428) - age   1:   36394496 bytes,   36394496 total
[2025-08-21T18:28:52.654+0000][1692007][trace][gc,age      ] GC(428) - age   2:    4549224 bytes,   40943720 total
[2025-08-21T18:28:52.654+0000][1692007][trace][gc,age      ] GC(428) - age   3:       2512 bytes,   40946232 total
[2025-08-21T18:28:52.654+0000][1692007][trace][gc,age      ] GC(428) - age   4:      42568 bytes,   40988800 total
[2025-08-21T18:28:52.654+0000][1692007][info ][gc,heap     ] GC(428) Eden regions: 74->0(66)
[2025-08-21T18:28:52.654+0000][1692007][info ][gc,heap     ] GC(428) Survivor regions: 2->10(10)
[2025-08-21T18:28:52.654+0000][1692007][info ][gc,heap     ] GC(428) Old regions: 24->27
[2025-08-21T18:28:52.654+0000][1692007][info ][gc,heap     ] GC(428) Humongous regions: 0->0
[2025-08-21T18:28:52.654+0000][1692007][info ][gc,metaspace] GC(428) Metaspace: 142163K(147968K)->142163K(147968K) NonClass: 123340K(126720K)->123340K(126720K) Class: 18822K(21248K)->18822K(21248K)
[2025-08-21T18:28:52.654+0000][1692007][info ][gc          ] GC(428) Pause Young (Normal) (G1 Evacuation Pause) 397M->147M(512M) 92.092ms
[2025-08-21T18:28:52.654+0000][1692007][info ][gc,cpu      ] GC(428) User=0.01s Sys=0.02s Real=0.09s
[2025-08-21T18:28:52.654+0000][1692007][info ][safepoint   ] Safepoint "G1CollectForAllocation", Time since last: 963659890 ns, Reaching safepoint: 70887 ns, Cleanup: 11938 ns, At safepoint: 92143049 ns, Total: 92225874 ns
[2025-08-21T18:28:53.655+0000][1692007][info ][safepoint   ] Safepoint "Cleanup", Time since last: 1000074237 ns, Reaching safepoint: 6450 ns, Cleanup: 25989 ns, At safepoint: 1913 ns, Total: 34352 ns
[2025-08-21T18:28:56.655+0000][1692007][info ][safepoint   ] Safepoint "Cleanup", Time since last: 3000221499 ns, Reaching safepoint: 35784 ns, Cleanup: 35904 ns, At safepoint: 2124 ns, Total: 73812 ns
[2025-08-21T18:29:07.215+0000][1692007][info ][gc,start    ] GC(429) Pause Young (Concurrent Start) (G1 Evacuation Pause)
[2025-08-21T18:29:07.215+0000][1692007][info ][gc,task     ] GC(429) Using 1 workers of 1 for evacuation
[2025-08-21T18:29:07.215+0000][1692007][debug][gc,age      ] GC(429) Desired survivor size 20971520 bytes, new threshold 1 (max threshold 15)
[2025-08-21T18:29:07.263+0000][1692007][info ][gc,phases   ] GC(429)   Pre Evacuate Collection Set: 0.1ms
[2025-08-21T18:29:07.263+0000][1692007][info ][gc,phases   ] GC(429)   Merge Heap Roots: 0.0ms
[2025-08-21T18:29:07.263+0000][1692007][info ][gc,phases   ] GC(429)   Evacuate Collection Set: 45.6ms
[2025-08-21T18:29:07.263+0000][1692007][info ][gc,phases   ] GC(429)   Post Evacuate Collection Set: 1.0ms
[2025-08-21T18:29:07.263+0000][1692007][info ][gc,phases   ] GC(429)   Other: 1.0ms
[2025-08-21T18:29:07.263+0000][1692007][trace][gc,age      ] GC(429) Age table with threshold 1 (max threshold 15)
[2025-08-21T18:29:07.263+0000][1692007][trace][gc,age      ] GC(429) - age   1:   41829216 bytes,   41829216 total
[2025-08-21T18:29:07.263+0000][1692007][info ][gc,heap     ] GC(429) Eden regions: 66->0(65)
[2025-08-21T18:29:07.263+0000][1692007][info ][gc,heap     ] GC(429) Survivor regions: 10->10(10)
[2025-08-21T18:29:07.263+0000][1692007][info ][gc,heap     ] GC(429) Old regions: 27->29
[2025-08-21T18:29:07.263+0000][1692007][info ][gc,heap     ] GC(429) Humongous regions: 0->0
[2025-08-21T18:29:07.263+0000][1692007][info ][gc,metaspace] GC(429) Metaspace: 142163K(147968K)->142163K(147968K) NonClass: 123340K(126720K)->123340K(126720K) Class: 18822K(21248K)->18822K(21248K)
[2025-08-21T18:29:07.263+0000][1692007][info ][gc          ] GC(429) Pause Young (Concurrent Start) (G1 Evacuation Pause) 411M->152M(512M) 47.803ms
[2025-08-21T18:29:07.263+0000][1692007][info ][gc,cpu      ] GC(429) User=0.01s Sys=0.00s Real=0.04s
[2025-08-21T18:29:07.263+0000][1692007][info ][safepoint   ] Safepoint "G1CollectForAllocation", Time since last: 10560462085 ns, Reaching safepoint: 35824 ns, Cleanup: 3215 ns, At safepoint: 47855804 ns, Total: 47894843 ns
[2025-08-21T18:29:07.264+0000][1692007][info ][gc          ] GC(430) Concurrent Mark Cycle
[2025-08-21T18:29:07.264+0000][1692007][info ][gc,marking  ] GC(430) Concurrent Scan Root Regions
[2025-08-21T18:29:07.282+0000][1692007][info ][gc,marking  ] GC(430) Concurrent Scan Root Regions 17.803ms
[2025-08-21T18:29:07.282+0000][1692007][info ][gc,marking  ] GC(430) Concurrent Mark
[2025-08-21T18:29:07.282+0000][1692007][info ][gc,marking  ] GC(430) Concurrent Mark From Roots
[2025-08-21T18:29:07.282+0000][1692007][info ][gc,task     ] GC(430) Using 1 workers of 1 for marking
[2025-08-21T18:29:07.740+0000][1692007][info ][gc,marking  ] GC(430) Concurrent Mark From Roots 457.981ms
[2025-08-21T18:29:07.741+0000][1692007][info ][gc,marking  ] GC(430) Concurrent Preclean
[2025-08-21T18:29:07.741+0000][1692007][info ][gc,marking  ] GC(430) Concurrent Preclean 0.685ms
[2025-08-21T18:29:07.744+0000][1692007][info ][gc,start    ] GC(430) Pause Remark
[2025-08-21T18:29:07.815+0000][1692007][info ][gc          ] GC(430) Pause Remark 312M->312M(512M) 71.793ms
[2025-08-21T18:29:07.819+0000][1692007][info ][gc,cpu      ] GC(430) User=0.01s Sys=0.01s Real=0.08s
[2025-08-21T18:29:07.819+0000][1692007][info ][safepoint   ] Safepoint "G1PauseRemark", Time since last: 480369284 ns, Reaching safepoint: 4948 ns, Cleanup: 28563 ns, At safepoint: 75131081 ns, Total: 75164592 ns
[2025-08-21T18:29:07.819+0000][1692007][info ][gc,marking  ] GC(430) Concurrent Mark 537.064ms
[2025-08-21T18:29:07.819+0000][1692007][info ][gc,marking  ] GC(430) Concurrent Rebuild Remembered Sets and Scrub Regions
[2025-08-21T18:29:07.867+0000][1692007][info ][gc,marking  ] GC(430) Concurrent Rebuild Remembered Sets and Scrub Regions 48.582ms
[2025-08-21T18:29:07.868+0000][1692007][info ][gc,start    ] GC(430) Pause Cleanup
[2025-08-21T18:29:07.868+0000][1692007][info ][gc          ] GC(430) Pause Cleanup 312M->312M(512M) 0.321ms
[2025-08-21T18:29:07.868+0000][1692007][info ][gc,cpu      ] GC(430) User=0.00s Sys=0.00s Real=0.00s
[2025-08-21T18:29:07.868+0000][1692007][info ][safepoint   ] Safepoint "G1PauseCleanup", Time since last: 48957317 ns, Reaching safepoint: 4206 ns, Cleanup: 3485 ns, At safepoint: 454737 ns, Total: 462428 ns
[2025-08-21T18:29:07.868+0000][1692007][info ][gc,marking  ] GC(430) Concurrent Clear Claimed Marks
[2025-08-21T18:29:07.868+0000][1692007][info ][gc,marking  ] GC(430) Concurrent Clear Claimed Marks 0.189ms
[2025-08-21T18:29:07.868+0000][1692007][info ][gc,marking  ] GC(430) Concurrent Cleanup for Next Mark
[2025-08-21T18:29:07.881+0000][1692007][info ][gc,marking  ] GC(430) Concurrent Cleanup for Next Mark 12.333ms
[2025-08-21T18:29:07.881+0000][1692007][info ][gc          ] GC(430) Concurrent Mark Cycle 617.107ms
[2025-08-21T18:29:10.685+0000][1692007][info ][gc,start    ] GC(431) Pause Young (Prepare Mixed) (G1 Evacuation Pause)
[2025-08-21T18:29:10.685+0000][1692007][info ][gc,task     ] GC(431) Using 1 workers of 1 for evacuation
[2025-08-21T18:29:10.685+0000][1692007][debug][gc,age      ] GC(431) Desired survivor size 20971520 bytes, new threshold 1 (max threshold 15)
[2025-08-21T18:29:10.689+0000][1692007][info ][gc,phases   ] GC(431)   Pre Evacuate Collection Set: 0.1ms
[2025-08-21T18:29:10.689+0000][1692007][info ][gc,phases   ] GC(431)   Merge Heap Roots: 0.1ms
[2025-08-21T18:29:10.689+0000][1692007][info ][gc,phases   ] GC(431)   Evacuate Collection Set: 3.7ms
[2025-08-21T18:29:10.689+0000][1692007][info ][gc,phases   ] GC(431)   Post Evacuate Collection Set: 0.8ms
[2025-08-21T18:29:10.689+0000][1692007][info ][gc,phases   ] GC(431)   Other: 0.0ms
[2025-08-21T18:29:10.689+0000][1692007][trace][gc,age      ] GC(431) Age table with threshold 1 (max threshold 15)
[2025-08-21T18:29:10.689+0000][1692007][trace][gc,age      ] GC(431) - age   1:    1584280 bytes,    1584280 total
[2025-08-21T18:29:10.689+0000][1692007][info ][gc,heap     ] GC(431) Eden regions: 65->0(5)
[2025-08-21T18:29:10.689+0000][1692007][info ][gc,heap     ] GC(431) Survivor regions: 10->1(10)
[2025-08-21T18:29:10.689+0000][1692007][info ][gc,heap     ] GC(431) Old regions: 29->29
[2025-08-21T18:29:10.689+0000][1692007][info ][gc,heap     ] GC(431) Humongous regions: 0->0
[2025-08-21T18:29:10.689+0000][1692007][info ][gc,metaspace] GC(431) Metaspace: 142189K(147968K)->142189K(147968K) NonClass: 123366K(126720K)->123366K(126720K) Class: 18822K(21248K)->18822K(21248K)
[2025-08-21T18:29:10.689+0000][1692007][info ][gc          ] GC(431) Pause Young (Prepare Mixed) (G1 Evacuation Pause) 412M->114M(512M) 4.903ms
[2025-08-21T18:29:10.689+0000][1692007][info ][gc,cpu      ] GC(431) User=0.00s Sys=0.00s Real=0.01s
[2025-08-21T18:29:10.689+0000][1692007][info ][safepoint   ] Safepoint "G1CollectForAllocation", Time since last: 2816041951 ns, Reaching safepoint: 249197 ns, Cleanup: 51057 ns, At safepoint: 4945538 ns, Total: 5245792 ns
[2025-08-21T18:29:10.751+0000][1692007][info ][gc,start    ] GC(432) Pause Young (Mixed) (G1 Evacuation Pause)
[2025-08-21T18:29:10.751+0000][1692007][info ][gc,task     ] GC(432) Using 1 workers of 1 for evacuation
[2025-08-21T18:29:10.751+0000][1692007][debug][gc,age      ] GC(432) Desired survivor size 2097152 bytes, new threshold 15 (max threshold 15)
[2025-08-21T18:29:10.754+0000][1692007][info ][gc,phases   ] GC(432)   Pre Evacuate Collection Set: 0.1ms
[2025-08-21T18:29:10.754+0000][1692007][info ][gc,phases   ] GC(432)   Merge Heap Roots: 0.0ms
[2025-08-21T18:29:10.754+0000][1692007][info ][gc,phases   ] GC(432)   Evacuate Collection Set: 2.0ms
[2025-08-21T18:29:10.754+0000][1692007][info ][gc,phases   ] GC(432)   Post Evacuate Collection Set: 0.7ms
[2025-08-21T18:29:10.754+0000][1692007][info ][gc,phases   ] GC(432)   Other: 0.0ms
[2025-08-21T18:29:10.754+0000][1692007][trace][gc,age      ] GC(432) Age table with threshold 15 (max threshold 15)
[2025-08-21T18:29:10.754+0000][1692007][trace][gc,age      ] GC(432) - age   1:     331280 bytes,     331280 total
[2025-08-21T18:29:10.754+0000][1692007][trace][gc,age      ] GC(432) - age   2:    1584016 bytes,    1915296 total
[2025-08-21T18:29:10.754+0000][1692007][info ][gc,heap     ] GC(432) Eden regions: 5->0(75)
[2025-08-21T18:29:10.754+0000][1692007][info ][gc,heap     ] GC(432) Survivor regions: 1->1(1)
[2025-08-21T18:29:10.754+0000][1692007][info ][gc,heap     ] GC(432) Old regions: 29->28
[2025-08-21T18:29:10.754+0000][1692007][info ][gc,heap     ] GC(432) Humongous regions: 0->0
[2025-08-21T18:29:10.754+0000][1692007][info ][gc,metaspace] GC(432) Metaspace: 142189K(147968K)->142189K(147968K) NonClass: 123366K(126720K)->123366K(126720K) Class: 18822K(21248K)->18822K(21248K)
[2025-08-21T18:29:10.754+0000][1692007][info ][gc          ] GC(432) Pause Young (Mixed) (G1 Evacuation Pause) 134M->110M(512M) 3.000ms
[2025-08-21T18:29:10.754+0000][1692007][info ][gc,cpu      ] GC(432) User=0.01s Sys=0.00s Real=0.00s
[2025-08-21T18:29:10.754+0000][1692007][info ][safepoint   ] Safepoint "G1CollectForAllocation", Time since last: 61094234 ns, Reaching safepoint: 69946 ns, Cleanup: 2353 ns, At safepoint: 3038719 ns, Total: 3111018 ns
[2025-08-21T18:29:11.754+0000][1692007][info ][safepoint   ] Safepoint "Cleanup", Time since last: 1000068899 ns, Reaching safepoint: 5488 ns, Cleanup: 41683 ns, At safepoint: 2614 ns, Total: 49785 ns
[2025-08-21T18:29:12.754+0000][1692007][info ][safepoint   ] Safepoint "Cleanup", Time since last: 1000102710 ns, Reaching safepoint: 5749 ns, Cleanup: 26490 ns, At safepoint: 2443 ns, Total: 34682 ns
[2025-08-21T18:29:15.755+0000][1692007][info ][safepoint   ] Safepoint "Cleanup", Time since last: 3000953845 ns, Reaching safepoint: 268666 ns, Cleanup: 8152 ns, At safepoint: 2033 ns, Total: 278851 ns
[2025-08-21T18:29:17.036+0000][1692007][info ][gc,start    ] GC(433) Pause Young (Normal) (G1 Evacuation Pause)
[2025-08-21T18:29:17.036+0000][1692007][info ][gc,task     ] GC(433) Using 1 workers of 1 for evacuation
[2025-08-21T18:29:17.036+0000][1692007][debug][gc,age      ] GC(433) Desired survivor size 20971520 bytes, new threshold 15 (max threshold 15)
[2025-08-21T18:29:17.040+0000][1692007][info ][gc,phases   ] GC(433)   Pre Evacuate Collection Set: 0.1ms
[2025-08-21T18:29:17.040+0000][1692007][info ][gc,phases   ] GC(433)   Merge Heap Roots: 0.0ms
[2025-08-21T18:29:17.040+0000][1692007][info ][gc,phases   ] GC(433)   Evacuate Collection Set: 3.1ms
[2025-08-21T18:29:17.040+0000][1692007][info ][gc,phases   ] GC(433)   Post Evacuate Collection Set: 0.9ms
[2025-08-21T18:29:17.040+0000][1692007][info ][gc,phases   ] GC(433)   Other: 0.0ms
[2025-08-21T18:29:17.040+0000][1692007][trace][gc,age      ] GC(433) Age table with threshold 15 (max threshold 15)
[2025-08-21T18:29:17.040+0000][1692007][trace][gc,age      ] GC(433) - age   1:   28125880 bytes,   28125880 total
[2025-08-21T18:29:17.040+0000][1692007][trace][gc,age      ] GC(433) - age   3:     399696 bytes,   28525576 total
[2025-08-21T18:29:17.040+0000][1692007][info ][gc,heap     ] GC(433) Eden regions: 75->0(69)
[2025-08-21T18:29:17.040+0000][1692007][info ][gc,heap     ] GC(433) Survivor regions: 1->7(10)
[2025-08-21T18:29:17.040+0000][1692007][info ][gc,heap     ] GC(433) Old regions: 28->28
[2025-08-21T18:29:17.040+0000][1692007][info ][gc,heap     ] GC(433) Humongous regions: 0->0
[2025-08-21T18:29:17.040+0000][1692007][info ][gc,metaspace] GC(433) Metaspace: 142211K(147968K)->142211K(147968K) NonClass: 123388K(126720K)->123388K(126720K) Class: 18822K(21248K)->18822K(21248K)
[2025-08-21T18:29:17.040+0000][1692007][info ][gc          ] GC(433) Pause Young (Normal) (G1 Evacuation Pause) 410M->136M(512M) 4.339ms
[2025-08-21T18:29:17.040+0000][1692007][info ][gc,cpu      ] GC(433) User=0.00s Sys=0.00s Real=0.00s
[2025-08-21T18:29:17.040+0000][1692007][info ][safepoint   ] Safepoint "G1CollectForAllocation", Time since last: 1280758260 ns, Reaching safepoint: 5168 ns, Cleanup: 3395 ns, At safepoint: 4380845 ns, Total: 4389408 ns
[2025-08-21T18:29:19.058+0000][1692007][info ][safepoint   ] Safepoint "Cleanup", Time since last: 2000102745 ns, Reaching safepoint: 17933189 ns, Cleanup: 12249 ns, At safepoint: 4677 ns, Total: 17950115 ns
[2025-08-21T18:29:20.071+0000][1692007][info ][safepoint   ] Safepoint "Cleanup", Time since last: 1000099004 ns, Reaching safepoint: 12615460 ns, Cleanup: 33140 ns, At safepoint: 6610 ns, Total: 12655210 ns
[2025-08-21T18:29:21.071+0000][1692007][info ][safepoint   ] Safepoint "Cleanup", Time since last: 1000100918 ns, Reaching safepoint: 5718 ns, Cleanup: 14993 ns, At safepoint: 2133 ns, Total: 22844 ns
[2025-08-21T18:29:23.256+0000][1692007][info ][gc,start    ] GC(434) Pause Young (Normal) (G1 Evacuation Pause)
[2025-08-21T18:29:23.256+0000][1692007][info ][gc,task     ] GC(434) Using 1 workers of 1 for evacuation
[2025-08-21T18:29:23.256+0000][1692007][debug][gc,age      ] GC(434) Desired survivor size 20971520 bytes, new threshold 1 (max threshold 15)
[2025-08-21T18:29:23.259+0000][1692007][info ][gc,phases   ] GC(434)   Pre Evacuate Collection Set: 0.1ms
[2025-08-21T18:29:23.259+0000][1692007][info ][gc,phases   ] GC(434)   Merge Heap Roots: 0.0ms
[2025-08-21T18:29:23.259+0000][1692007][info ][gc,phases   ] GC(434)   Evacuate Collection Set: 1.9ms
[2025-08-21T18:29:23.259+0000][1692007][info ][gc,phases   ] GC(434)   Post Evacuate Collection Set: 0.8ms
[2025-08-21T18:29:23.259+0000][1692007][info ][gc,phases   ] GC(434)   Other: 0.0ms
[2025-08-21T18:29:23.259+0000][1692007][trace][gc,age      ] GC(434) Age table with threshold 1 (max threshold 15)
[2025-08-21T18:29:23.259+0000][1692007][trace][gc,age      ] GC(434) - age   1:     353800 bytes,     353800 total
[2025-08-21T18:29:23.259+0000][1692007][info ][gc,heap     ] GC(434) Eden regions: 69->0(75)
[2025-08-21T18:29:23.259+0000][1692007][info ][gc,heap     ] GC(434) Survivor regions: 7->1(10)
[2025-08-21T18:29:23.259+0000][1692007][info ][gc,heap     ] GC(434) Old regions: 28->28
[2025-08-21T18:29:23.259+0000][1692007][info ][gc,heap     ] GC(434) Humongous regions: 0->0
[2025-08-21T18:29:23.259+0000][1692007][info ][gc,metaspace] GC(434) Metaspace: 142219K(147968K)->142219K(147968K) NonClass: 123396K(126720K)->123396K(126720K) Class: 18822K(21248K)->18822K(21248K)
[2025-08-21T18:29:23.259+0000][1692007][info ][gc          ] GC(434) Pause Young (Normal) (G1 Evacuation Pause) 412M->109M(512M) 3.055ms
[2025-08-21T18:29:23.259+0000][1692007][info ][gc,cpu      ] GC(434) User=0.01s Sys=0.00s Real=0.00s
[2025-08-21T18:29:23.259+0000][1692007][info ][safepoint   ] Safepoint "G1CollectForAllocation", Time since last: 2184488434 ns, Reaching safepoint: 69334 ns, Cleanup: 18098 ns, At safepoint: 3092339 ns, Total: 3179771 ns
[2025-08-21T18:29:24.259+0000][1692007][info ][safepoint   ] Safepoint "Cleanup", Time since last: 1000067467 ns, Reaching safepoint: 320925 ns, Cleanup: 75534 ns, At safepoint: 3455 ns, Total: 399914 ns
[2025-08-21T18:29:24.462+0000][1692007][info ][gc,start    ] GC(435) Pause Young (Concurrent Start) (G1 Evacuation Pause)
[2025-08-21T18:29:24.462+0000][1692007][info ][gc,task     ] GC(435) Using 1 workers of 1 for evacuation
[2025-08-21T18:29:24.462+0000][1692007][debug][gc,age      ] GC(435) Desired survivor size 20971520 bytes, new threshold 15 (max threshold 15)
[2025-08-21T18:29:24.465+0000][1692007][info ][gc,phases   ] GC(435)   Pre Evacuate Collection Set: 0.1ms
[2025-08-21T18:29:24.465+0000][1692007][info ][gc,phases   ] GC(435)   Merge Heap Roots: 0.0ms
[2025-08-21T18:29:24.465+0000][1692007][info ][gc,phases   ] GC(435)   Evacuate Collection Set: 2.1ms
[2025-08-21T18:29:24.465+0000][1692007][info ][gc,phases   ] GC(435)   Post Evacuate Collection Set: 0.8ms
[2025-08-21T18:29:24.465+0000][1692007][info ][gc,phases   ] GC(435)   Other: 0.0ms
[2025-08-21T18:29:24.465+0000][1692007][trace][gc,age      ] GC(435) Age table with threshold 15 (max threshold 15)
[2025-08-21T18:29:24.465+0000][1692007][trace][gc,age      ] GC(435) - age   1:     826680 bytes,     826680 total
[2025-08-21T18:29:24.465+0000][1692007][trace][gc,age      ] GC(435) - age   2:       5120 bytes,     831800 total
[2025-08-21T18:29:24.465+0000][1692007][info ][gc,heap     ] GC(435) Eden regions: 75->0(75)
[2025-08-21T18:29:24.465+0000][1692007][info ][gc,heap     ] GC(435) Survivor regions: 1->1(10)
[2025-08-21T18:29:24.465+0000][1692007][info ][gc,heap     ] GC(435) Old regions: 28->28
[2025-08-21T18:29:24.465+0000][1692007][info ][gc,heap     ] GC(435) Humongous regions: 0->0
[2025-08-21T18:29:24.465+0000][1692007][info ][gc,metaspace] GC(435) Metaspace: 142269K(147968K)->142269K(147968K) NonClass: 123446K(126720K)->123446K(126720K) Class: 18823K(21248K)->18823K(21248K)
[2025-08-21T18:29:24.465+0000][1692007][info ][gc          ] GC(435) Pause Young (Concurrent Start) (G1 Evacuation Pause) 409M->109M(512M) 3.192ms
[2025-08-21T18:29:24.465+0000][1692007][info ][gc,cpu      ] GC(435) User=0.00s Sys=0.00s Real=0.01s
[2025-08-21T18:29:24.465+0000][1692007][info ][safepoint   ] Safepoint "G1CollectForAllocation", Time since last: 202853646 ns, Reaching safepoint: 4677 ns, Cleanup: 19740 ns, At safepoint: 3229937 ns, Total: 3254354 ns
[2025-08-21T18:29:24.470+0000][1692007][info ][gc          ] GC(436) Concurrent Mark Cycle
[2025-08-21T18:29:24.470+0000][1692007][info ][gc,marking  ] GC(436) Concurrent Scan Root Regions
[2025-08-21T18:29:24.471+0000][1692007][info ][gc,marking  ] GC(436) Concurrent Scan Root Regions 0.791ms
[2025-08-21T18:29:24.471+0000][1692007][info ][gc,marking  ] GC(436) Concurrent Mark
[2025-08-21T18:29:24.471+0000][1692007][info ][gc,marking  ] GC(436) Concurrent Mark From Roots
[2025-08-21T18:29:24.471+0000][1692007][info ][gc,task     ] GC(436) Using 1 workers of 1 for marking
[2025-08-21T18:29:24.602+0000][1692007][info ][gc,marking  ] GC(436) Concurrent Mark From Roots 131.077ms
[2025-08-21T18:29:24.602+0000][1692007][info ][gc,marking  ] GC(436) Concurrent Preclean
[2025-08-21T18:29:24.603+0000][1692007][info ][gc,marking  ] GC(436) Concurrent Preclean 0.390ms
[2025-08-21T18:29:24.613+0000][1692007][info ][gc,start    ] GC(436) Pause Remark
[2025-08-21T18:29:24.628+0000][1692007][info ][gc          ] GC(436) Pause Remark 118M->114M(512M) 15.055ms
[2025-08-21T18:29:24.628+0000][1692007][info ][gc,cpu      ] GC(436) User=0.01s Sys=0.00s Real=0.02s
[2025-08-21T18:29:24.628+0000][1692007][info ][safepoint   ] Safepoint "G1PauseRemark", Time since last: 137287429 ns, Reaching safepoint: 10493966 ns, Cleanup: 3876 ns, At safepoint: 15110187 ns, Total: 25608029 ns
[2025-08-21T18:29:24.629+0000][1692007][info ][gc,marking  ] GC(436) Concurrent Mark 157.596ms
[2025-08-21T18:29:24.629+0000][1692007][info ][gc,marking  ] GC(436) Concurrent Rebuild Remembered Sets and Scrub Regions
[2025-08-21T18:29:24.672+0000][1692007][info ][gc,marking  ] GC(436) Concurrent Rebuild Remembered Sets and Scrub Regions 42.938ms
[2025-08-21T18:29:24.672+0000][1692007][info ][gc,start    ] GC(436) Pause Cleanup
[2025-08-21T18:29:24.672+0000][1692007][info ][gc          ] GC(436) Pause Cleanup 116M->116M(512M) 0.332ms
[2025-08-21T18:29:24.672+0000][1692007][info ][gc,cpu      ] GC(436) User=0.00s Sys=0.00s Real=0.00s
[2025-08-21T18:29:24.672+0000][1692007][info ][safepoint   ] Safepoint "G1PauseCleanup", Time since last: 43442670 ns, Reaching safepoint: 4166 ns, Cleanup: 8092 ns, At safepoint: 500716 ns, Total: 512974 ns
[2025-08-21T18:29:24.672+0000][1692007][info ][gc,marking  ] GC(436) Concurrent Clear Claimed Marks
[2025-08-21T18:29:24.673+0000][1692007][info ][gc,marking  ] GC(436) Concurrent Clear Claimed Marks 0.182ms
[2025-08-21T18:29:24.673+0000][1692007][info ][gc,marking  ] GC(436) Concurrent Cleanup for Next Mark
[2025-08-21T18:29:24.683+0000][1692007][info ][gc,marking  ] GC(436) Concurrent Cleanup for Next Mark 10.262ms
[2025-08-21T18:29:24.683+0000][1692007][info ][gc          ] GC(436) Concurrent Mark Cycle 212.925ms
[2025-08-21T18:29:30.173+0000][1692007][info ][safepoint   ] Safepoint "Cleanup", Time since last: 5481059241 ns, Reaching safepoint: 19951918 ns, Cleanup: 13140 ns, At safepoint: 4546 ns, Total: 19969604 ns
[2025-08-21T18:29:31.311+0000][1692007][info ][gc,start    ] GC(437) Pause Young (Prepare Mixed) (G1 Evacuation Pause)
[2025-08-21T18:29:31.311+0000][1692007][info ][gc,task     ] GC(437) Using 1 workers of 1 for evacuation
[2025-08-21T18:29:31.311+0000][1692007][debug][gc,age      ] GC(437) Desired survivor size 20971520 bytes, new threshold 15 (max threshold 15)
[2025-08-21T18:29:31.330+0000][1692007][info ][gc,phases   ] GC(437)   Pre Evacuate Collection Set: 0.1ms
[2025-08-21T18:29:31.330+0000][1692007][info ][gc,phases   ] GC(437)   Merge Heap Roots: 0.0ms
[2025-08-21T18:29:31.330+0000][1692007][info ][gc,phases   ] GC(437)   Evacuate Collection Set: 18.0ms
[2025-08-21T18:29:31.330+0000][1692007][info ][gc,phases   ] GC(437)   Post Evacuate Collection Set: 0.9ms
[2025-08-21T18:29:31.330+0000][1692007][info ][gc,phases   ] GC(437)   Other: 0.0ms
[2025-08-21T18:29:31.330+0000][1692007][trace][gc,age      ] GC(437) Age table with threshold 15 (max threshold 15)
[2025-08-21T18:29:31.330+0000][1692007][trace][gc,age      ] GC(437) - age   1:   41269936 bytes,   41269936 total
[2025-08-21T18:29:31.330+0000][1692007][trace][gc,age      ] GC(437) - age   2:     122232 bytes,   41392168 total
[2025-08-21T18:29:31.330+0000][1692007][trace][gc,age      ] GC(437) - age   3:       1776 bytes,   41393944 total
[2025-08-21T18:29:31.330+0000][1692007][info ][gc,heap     ] GC(437) Eden regions: 75->0(1)
[2025-08-21T18:29:31.330+0000][1692007][info ][gc,heap     ] GC(437) Survivor regions: 1->10(10)
[2025-08-21T18:29:31.330+0000][1692007][info ][gc,heap     ] GC(437) Old regions: 27->29
[2025-08-21T18:29:31.330+0000][1692007][info ][gc,heap     ] GC(437) Humongous regions: 0->0
[2025-08-21T18:29:31.330+0000][1692007][info ][gc,metaspace] GC(437) Metaspace: 142276K(147968K)->142276K(147968K) NonClass: 123453K(126720K)->123453K(126720K) Class: 18823K(21248K)->18823K(21248K)
[2025-08-21T18:29:31.330+0000][1692007][info ][gc          ] GC(437) Pause Young (Prepare Mixed) (G1 Evacuation Pause) 405M->152M(512M) 19.251ms
[2025-08-21T18:29:31.330+0000][1692007][info ][gc,cpu      ] GC(437) User=0.01s Sys=0.00s Real=0.02s
[2025-08-21T18:29:31.330+0000][1692007][info ][safepoint   ] Safepoint "G1CollectForAllocation", Time since last: 1137285481 ns, Reaching safepoint: 511022 ns, Cleanup: 2373 ns, At safepoint: 19297631 ns, Total: 19811026 ns
[2025-08-21T18:29:31.343+0000][1692007][info ][gc,start    ] GC(438) Pause Young (Mixed) (G1 Evacuation Pause)
[2025-08-21T18:29:31.343+0000][1692007][info ][gc,task     ] GC(438) Using 1 workers of 1 for evacuation
[2025-08-21T18:29:31.343+0000][1692007][debug][gc,age      ] GC(438) Desired survivor size 4194304 bytes, new threshold 1 (max threshold 15)
[2025-08-21T18:29:31.497+0000][1692007][info ][gc,phases   ] GC(438)   Pre Evacuate Collection Set: 0.1ms
[2025-08-21T18:29:31.497+0000][1692007][info ][gc,phases   ] GC(438)   Merge Heap Roots: 0.0ms
[2025-08-21T18:29:31.497+0000][1692007][info ][gc,phases   ] GC(438)   Evacuate Collection Set: 152.4ms
[2025-08-21T18:29:31.497+0000][1692007][info ][gc,phases   ] GC(438)   Post Evacuate Collection Set: 0.9ms
[2025-08-21T18:29:31.497+0000][1692007][info ][gc,phases   ] GC(438)   Other: 0.0ms
[2025-08-21T18:29:31.497+0000][1692007][trace][gc,age      ] GC(438) Age table with threshold 1 (max threshold 15)
[2025-08-21T18:29:31.497+0000][1692007][trace][gc,age      ] GC(438) - age   1:    1615472 bytes,    1615472 total
[2025-08-21T18:29:31.497+0000][1692007][info ][gc,heap     ] GC(438) Eden regions: 1->0(70)
[2025-08-21T18:29:31.497+0000][1692007][info ][gc,heap     ] GC(438) Survivor regions: 10->1(2)
[2025-08-21T18:29:31.497+0000][1692007][info ][gc,heap     ] GC(438) Old regions: 29->38
[2025-08-21T18:29:31.497+0000][1692007][info ][gc,heap     ] GC(438) Humongous regions: 0->0
[2025-08-21T18:29:31.497+0000][1692007][info ][gc,metaspace] GC(438) Metaspace: 142276K(147968K)->142276K(147968K) NonClass: 123453K(126720K)->123453K(126720K) Class: 18823K(21248K)->18823K(21248K)
[2025-08-21T18:29:31.497+0000][1692007][info ][gc          ] GC(438) Pause Young (Mixed) (G1 Evacuation Pause) 156M->150M(512M) 153.531ms
[2025-08-21T18:29:31.497+0000][1692007][info ][gc,cpu      ] GC(438) User=0.01s Sys=0.05s Real=0.16s
[2025-08-21T18:29:31.497+0000][1692007][info ][safepoint   ] Safepoint "G1CollectForAllocation", Time since last: 12146802 ns, Reaching safepoint: 467325 ns, Cleanup: 6951 ns, At safepoint: 153569345 ns, Total: 154043621 ns
[2025-08-21T18:29:32.497+0000][1692007][info ][safepoint   ] Safepoint "Cleanup", Time since last: 1000076330 ns, Reaching safepoint: 6480 ns, Cleanup: 20110 ns, At safepoint: 2314 ns, Total: 28904 ns
[2025-08-21T18:29:34.983+0000][1692007][info ][gc,start    ] GC(439) Pause Young (Normal) (G1 Evacuation Pause)
[2025-08-21T18:29:34.983+0000][1692007][info ][gc,task     ] GC(439) Using 1 workers of 1 for evacuation
[2025-08-21T18:29:34.983+0000][1692007][debug][gc,age      ] GC(439) Desired survivor size 18874368 bytes, new threshold 15 (max threshold 15)
[2025-08-21T18:29:34.987+0000][1692007][info ][gc,phases   ] GC(439)   Pre Evacuate Collection Set: 0.1ms
[2025-08-21T18:29:34.987+0000][1692007][info ][gc,phases   ] GC(439)   Merge Heap Roots: 0.0ms
[2025-08-21T18:29:34.987+0000][1692007][info ][gc,phases   ] GC(439)   Evacuate Collection Set: 2.8ms
[2025-08-21T18:29:34.987+0000][1692007][info ][gc,phases   ] GC(439)   Post Evacuate Collection Set: 0.8ms
[2025-08-21T18:29:34.987+0000][1692007][info ][gc,phases   ] GC(439)   Other: 0.0ms
[2025-08-21T18:29:34.987+0000][1692007][trace][gc,age      ] GC(439) Age table with threshold 15 (max threshold 15)
[2025-08-21T18:29:34.987+0000][1692007][trace][gc,age      ] GC(439) - age   1:    2204392 bytes,    2204392 total
[2025-08-21T18:29:34.987+0000][1692007][trace][gc,age      ] GC(439) - age   2:        224 bytes,    2204616 total
[2025-08-21T18:29:34.987+0000][1692007][info ][gc,heap     ] GC(439) Eden regions: 70->0(74)
[2025-08-21T18:29:34.987+0000][1692007][info ][gc,heap     ] GC(439) Survivor regions: 1->1(9)
[2025-08-21T18:29:34.987+0000][1692007][info ][gc,heap     ] GC(439) Old regions: 38->38
[2025-08-21T18:29:34.987+0000][1692007][info ][gc,heap     ] GC(439) Humongous regions: 0->0
[2025-08-21T18:29:34.987+0000][1692007][info ][gc,metaspace] GC(439) Metaspace: 142284K(147968K)->142284K(147968K) NonClass: 123461K(126720K)->123461K(126720K) Class: 18823K(21248K)->18823K(21248K)
[2025-08-21T18:29:34.987+0000][1692007][info ][gc          ] GC(439) Pause Young (Normal) (G1 Evacuation Pause) 430M->150M(512M) 3.943ms
[2025-08-21T18:29:34.987+0000][1692007][info ][gc,cpu      ] GC(439) User=0.00s Sys=0.00s Real=0.01s
[2025-08-21T18:29:34.987+0000][1692007][info ][safepoint   ] Safepoint "G1CollectForAllocation", Time since last: 2486371157 ns, Reaching safepoint: 4296 ns, Cleanup: 21743 ns, At safepoint: 3982854 ns, Total: 4008893 ns
[2025-08-21T18:29:35.988+0000][1692007][info ][safepoint   ] Safepoint "Cleanup", Time since last: 1000076010 ns, Reaching safepoint: 302286 ns, Cleanup: 40131 ns, At safepoint: 1893 ns, Total: 344310 ns
[2025-08-21T18:29:40.551+0000][1692007][info ][gc,start    ] GC(440) Pause Young (Normal) (G1 Evacuation Pause)
[2025-08-21T18:29:40.551+0000][1692007][info ][gc,task     ] GC(440) Using 1 workers of 1 for evacuation
[2025-08-21T18:29:40.551+0000][1692007][debug][gc,age      ] GC(440) Desired survivor size 20971520 bytes, new threshold 15 (max threshold 15)
[2025-08-21T18:29:40.556+0000][1692007][info ][gc,phases   ] GC(440)   Pre Evacuate Collection Set: 0.1ms
[2025-08-21T18:29:40.556+0000][1692007][info ][gc,phases   ] GC(440)   Merge Heap Roots: 0.0ms
[2025-08-21T18:29:40.556+0000][1692007][info ][gc,phases   ] GC(440)   Evacuate Collection Set: 3.4ms
[2025-08-21T18:29:40.556+0000][1692007][info ][gc,phases   ] GC(440)   Post Evacuate Collection Set: 0.8ms
[2025-08-21T18:29:40.556+0000][1692007][info ][gc,phases   ] GC(440)   Other: 0.0ms
[2025-08-21T18:29:40.556+0000][1692007][trace][gc,age      ] GC(440) Age table with threshold 15 (max threshold 15)
[2025-08-21T18:29:40.556+0000][1692007][trace][gc,age      ] GC(440) - age   1:   30864920 bytes,   30864920 total
[2025-08-21T18:29:40.556+0000][1692007][trace][gc,age      ] GC(440) - age   2:     518464 bytes,   31383384 total
[2025-08-21T18:29:40.556+0000][1692007][trace][gc,age      ] GC(440) - age   3:        224 bytes,   31383608 total
[2025-08-21T18:29:40.556+0000][1692007][info ][gc,heap     ] GC(440) Eden regions: 74->0(60)
[2025-08-21T18:29:40.556+0000][1692007][info ][gc,heap     ] GC(440) Survivor regions: 1->8(10)
[2025-08-21T18:29:40.556+0000][1692007][info ][gc,heap     ] GC(440) Old regions: 38->38
[2025-08-21T18:29:40.556+0000][1692007][info ][gc,heap     ] GC(440) Humongous regions: 0->0
[2025-08-21T18:29:40.556+0000][1692007][info ][gc,metaspace] GC(440) Metaspace: 142297K(147968K)->142297K(147968K) NonClass: 123472K(126720K)->123472K(126720K) Class: 18824K(21248K)->18824K(21248K)
[2025-08-21T18:29:40.556+0000][1692007][info ][gc          ] GC(440) Pause Young (Normal) (G1 Evacuation Pause) 446M->179M(512M) 4.514ms
[2025-08-21T18:29:40.556+0000][1692007][info ][gc,cpu      ] GC(440) User=0.01s Sys=0.00s Real=0.01s
[2025-08-21T18:29:40.556+0000][1692007][info ][safepoint   ] Safepoint "G1CollectForAllocation", Time since last: 4563558332 ns, Reaching safepoint: 7731 ns, Cleanup: 3335 ns, At safepoint: 4554878 ns, Total: 4565944 ns
[2025-08-21T18:29:41.556+0000][1692007][info ][safepoint   ] Safepoint "Cleanup", Time since last: 1000073927 ns, Reaching safepoint: 444441 ns, Cleanup: 14672 ns, At safepoint: 2835 ns, Total: 461948 ns
[2025-08-21T18:29:43.327+0000][1692007][info ][gc,start    ] GC(441) Pause Young (Concurrent Start) (G1 Evacuation Pause)
[2025-08-21T18:29:43.327+0000][1692007][info ][gc,task     ] GC(441) Using 1 workers of 1 for evacuation
[2025-08-21T18:29:43.327+0000][1692007][debug][gc,age      ] GC(441) Desired survivor size 18874368 bytes, new threshold 1 (max threshold 15)
[2025-08-21T18:29:43.391+0000][1692007][info ][gc,phases   ] GC(441)   Pre Evacuate Collection Set: 0.1ms
[2025-08-21T18:29:43.391+0000][1692007][info ][gc,phases   ] GC(441)   Merge Heap Roots: 0.0ms
[2025-08-21T18:29:43.391+0000][1692007][info ][gc,phases   ] GC(441)   Evacuate Collection Set: 63.2ms
[2025-08-21T18:29:43.391+0000][1692007][info ][gc,phases   ] GC(441)   Post Evacuate Collection Set: 0.9ms
[2025-08-21T18:29:43.391+0000][1692007][info ][gc,phases   ] GC(441)   Other: 0.0ms
[2025-08-21T18:29:43.391+0000][1692007][trace][gc,age      ] GC(441) Age table with threshold 1 (max threshold 15)
[2025-08-21T18:29:43.391+0000][1692007][trace][gc,age      ] GC(441) - age   1:   24146544 bytes,   24146544 total
[2025-08-21T18:29:43.391+0000][1692007][info ][gc,heap     ] GC(441) Eden regions: 60->0(57)
[2025-08-21T18:29:43.391+0000][1692007][info ][gc,heap     ] GC(441) Survivor regions: 8->6(9)
[2025-08-21T18:29:43.391+0000][1692007][info ][gc,heap     ] GC(441) Old regions: 38->45
[2025-08-21T18:29:43.391+0000][1692007][info ][gc,heap     ] GC(441) Humongous regions: 0->0
[2025-08-21T18:29:43.391+0000][1692007][info ][gc,metaspace] GC(441) Metaspace: 142297K(147968K)->142297K(147968K) NonClass: 123472K(126720K)->123472K(126720K) Class: 18824K(21248K)->18824K(21248K)
[2025-08-21T18:29:43.391+0000][1692007][info ][gc          ] GC(441) Pause Young (Concurrent Start) (G1 Evacuation Pause) 419M->202M(512M) 64.483ms
[2025-08-21T18:29:43.391+0000][1692007][info ][gc,cpu      ] GC(441) User=0.01s Sys=0.01s Real=0.06s
[2025-08-21T18:29:43.391+0000][1692007][info ][safepoint   ] Safepoint "G1CollectForAllocation", Time since last: 1770197489 ns, Reaching safepoint: 196337 ns, Cleanup: 7021 ns, At safepoint: 64540678 ns, Total: 64744036 ns
[2025-08-21T18:29:43.391+0000][1692007][info ][gc          ] GC(442) Concurrent Mark Cycle
[2025-08-21T18:29:43.399+0000][1692007][info ][gc,marking  ] GC(442) Concurrent Scan Root Regions
[2025-08-21T18:29:43.400+0000][1692007][info ][gc,marking  ] GC(442) Concurrent Scan Root Regions 1.068ms
[2025-08-21T18:29:43.400+0000][1692007][info ][gc,marking  ] GC(442) Concurrent Mark
[2025-08-21T18:29:43.400+0000][1692007][info ][gc,marking  ] GC(442) Concurrent Mark From Roots
[2025-08-21T18:29:43.400+0000][1692007][info ][gc,task     ] GC(442) Using 1 workers of 1 for marking
[2025-08-21T18:29:43.560+0000][1692007][info ][gc,marking  ] GC(442) Concurrent Mark From Roots 159.947ms
[2025-08-21T18:29:43.560+0000][1692007][info ][gc,marking  ] GC(442) Concurrent Preclean
[2025-08-21T18:29:43.561+0000][1692007][info ][gc,marking  ] GC(442) Concurrent Preclean 0.438ms
[2025-08-21T18:29:43.561+0000][1692007][info ][gc,start    ] GC(442) Pause Remark
[2025-08-21T18:29:43.572+0000][1692007][info ][gc          ] GC(442) Pause Remark 224M->224M(512M) 10.658ms
[2025-08-21T18:29:43.572+0000][1692007][info ][gc,cpu      ] GC(442) User=0.01s Sys=0.00s Real=0.01s
[2025-08-21T18:29:43.572+0000][1692007][info ][safepoint   ] Safepoint "G1PauseRemark", Time since last: 169704029 ns, Reaching safepoint: 5058 ns, Cleanup: 2994 ns, At safepoint: 10708000 ns, Total: 10716052 ns
[2025-08-21T18:29:43.575+0000][1692007][info ][gc,marking  ] GC(442) Concurrent Mark 175.101ms
[2025-08-21T18:29:43.576+0000][1692007][info ][gc,marking  ] GC(442) Concurrent Rebuild Remembered Sets and Scrub Regions
[2025-08-21T18:29:43.640+0000][1692007][info ][gc,marking  ] GC(442) Concurrent Rebuild Remembered Sets and Scrub Regions 64.227ms
[2025-08-21T18:29:43.640+0000][1692007][info ][gc,start    ] GC(442) Pause Cleanup
[2025-08-21T18:29:43.641+0000][1692007][info ][gc          ] GC(442) Pause Cleanup 224M->224M(512M) 0.489ms
[2025-08-21T18:29:43.641+0000][1692007][info ][gc,cpu      ] GC(442) User=0.00s Sys=0.00s Real=0.00s
[2025-08-21T18:29:43.641+0000][1692007][info ][safepoint   ] Safepoint "G1PauseCleanup", Time since last: 68597254 ns, Reaching safepoint: 4236 ns, Cleanup: 5599 ns, At safepoint: 667808 ns, Total: 677643 ns
[2025-08-21T18:29:43.641+0000][1692007][info ][gc,marking  ] GC(442) Concurrent Clear Claimed Marks
[2025-08-21T18:29:43.641+0000][1692007][info ][gc,marking  ] GC(442) Concurrent Clear Claimed Marks 0.195ms
[2025-08-21T18:29:43.641+0000][1692007][info ][gc,marking  ] GC(442) Concurrent Cleanup for Next Mark
[2025-08-21T18:29:43.641+0000][1692007][info ][gc,marking  ] GC(442) Concurrent Cleanup for Next Mark 0.231ms
[2025-08-21T18:29:43.642+0000][1692007][info ][gc          ] GC(442) Concurrent Mark Cycle 250.345ms
[2025-08-21T18:29:47.643+0000][1692007][info ][safepoint   ] Safepoint "Cleanup", Time since last: 4001613246 ns, Reaching safepoint: 92069 ns, Cleanup: 15844 ns, At safepoint: 2834 ns, Total: 110747 ns
[2025-08-21T18:29:48.080+0000][1692007][info ][gc,start    ] GC(443) Pause Young (Prepare Mixed) (G1 Evacuation Pause)
[2025-08-21T18:29:48.080+0000][1692007][info ][gc,task     ] GC(443) Using 1 workers of 1 for evacuation
[2025-08-21T18:29:48.080+0000][1692007][debug][gc,age      ] GC(443) Desired survivor size 16777216 bytes, new threshold 1 (max threshold 15)
[2025-08-21T18:29:48.086+0000][1692007][info ][gc,phases   ] GC(443)   Pre Evacuate Collection Set: 0.1ms
[2025-08-21T18:29:48.086+0000][1692007][info ][gc,phases   ] GC(443)   Merge Heap Roots: 0.1ms
[2025-08-21T18:29:48.086+0000][1692007][info ][gc,phases   ] GC(443)   Evacuate Collection Set: 5.4ms
[2025-08-21T18:29:48.086+0000][1692007][info ][gc,phases   ] GC(443)   Post Evacuate Collection Set: 0.8ms
[2025-08-21T18:29:48.086+0000][1692007][info ][gc,phases   ] GC(443)   Other: 0.0ms
[2025-08-21T18:29:48.086+0000][1692007][trace][gc,age      ] GC(443) Age table with threshold 1 (max threshold 15)
[2025-08-21T18:29:48.086+0000][1692007][trace][gc,age      ] GC(443) - age   1:    5494416 bytes,    5494416 total
[2025-08-21T18:29:48.086+0000][1692007][info ][gc,heap     ] GC(443) Eden regions: 57->0(4)
[2025-08-21T18:29:48.086+0000][1692007][info ][gc,heap     ] GC(443) Survivor regions: 6->2(8)
[2025-08-21T18:29:48.086+0000][1692007][info ][gc,heap     ] GC(443) Old regions: 45->45
[2025-08-21T18:29:48.086+0000][1692007][info ][gc,heap     ] GC(443) Humongous regions: 0->0
[2025-08-21T18:29:48.086+0000][1692007][info ][gc,metaspace] GC(443) Metaspace: 142305K(147968K)->142305K(147968K) NonClass: 123480K(126720K)->123480K(126720K) Class: 18824K(21248K)->18824K(21248K)
[2025-08-21T18:29:48.086+0000][1692007][info ][gc          ] GC(443) Pause Young (Prepare Mixed) (G1 Evacuation Pause) 430M->184M(512M) 6.609ms
[2025-08-21T18:29:48.086+0000][1692007][info ][gc,cpu      ] GC(443) User=0.01s Sys=0.00s Real=0.01s
[2025-08-21T18:29:48.086+0000][1692007][info ][safepoint   ] Safepoint "G1CollectForAllocation", Time since last: 436925913 ns, Reaching safepoint: 5118 ns, Cleanup: 24757 ns, At safepoint: 6649802 ns, Total: 6679677 ns
[2025-08-21T18:29:48.144+0000][1692007][info ][gc,start    ] GC(444) Pause Young (Mixed) (G1 Evacuation Pause)
[2025-08-21T18:29:48.144+0000][1692007][info ][gc,task     ] GC(444) Using 1 workers of 1 for evacuation
[2025-08-21T18:29:48.144+0000][1692007][debug][gc,age      ] GC(444) Desired survivor size 2097152 bytes, new threshold 1 (max threshold 15)
[2025-08-21T18:29:48.147+0000][1692007][info ][gc,phases   ] GC(444)   Pre Evacuate Collection Set: 0.1ms
[2025-08-21T18:29:48.147+0000][1692007][info ][gc,phases   ] GC(444)   Merge Heap Roots: 0.0ms
[2025-08-21T18:29:48.147+0000][1692007][info ][gc,phases   ] GC(444)   Evacuate Collection Set: 2.1ms
[2025-08-21T18:29:48.147+0000][1692007][info ][gc,phases   ] GC(444)   Post Evacuate Collection Set: 0.7ms
[2025-08-21T18:29:48.147+0000][1692007][info ][gc,phases   ] GC(444)   Other: 0.0ms
[2025-08-21T18:29:48.147+0000][1692007][trace][gc,age      ] GC(444) Age table with threshold 1 (max threshold 15)
[2025-08-21T18:29:48.147+0000][1692007][trace][gc,age      ] GC(444) - age   1:      36632 bytes,      36632 total
[2025-08-21T18:29:48.147+0000][1692007][info ][gc,heap     ] GC(444) Eden regions: 5->0(5)
[2025-08-21T18:29:48.147+0000][1692007][info ][gc,heap     ] GC(444) Survivor regions: 2->1(1)
[2025-08-21T18:29:48.147+0000][1692007][info ][gc,heap     ] GC(444) Old regions: 45->45
[2025-08-21T18:29:48.147+0000][1692007][info ][gc,heap     ] GC(444) Humongous regions: 0->0
[2025-08-21T18:29:48.147+0000][1692007][info ][gc,metaspace] GC(444) Metaspace: 142309K(147968K)->142309K(147968K) NonClass: 123485K(126720K)->123485K(126720K) Class: 18824K(21248K)->18824K(21248K)
[2025-08-21T18:29:48.147+0000][1692007][info ][gc          ] GC(444) Pause Young (Mixed) (G1 Evacuation Pause) 204M->178M(512M) 3.023ms
[2025-08-21T18:29:48.147+0000][1692007][info ][gc,cpu      ] GC(444) User=0.00s Sys=0.00s Real=0.01s
[2025-08-21T18:29:48.147+0000][1692007][info ][safepoint   ] Safepoint "G1CollectForAllocation", Time since last: 58000773 ns, Reaching safepoint: 4537 ns, Cleanup: 2263 ns, At safepoint: 3054613 ns, Total: 3061413 ns
[2025-08-21T18:29:49.147+0000][1692007][info ][safepoint   ] Safepoint "Cleanup", Time since last: 1000069720 ns, Reaching safepoint: 5218 ns, Cleanup: 15483 ns, At safepoint: 2274 ns, Total: 22975 ns
[2025-08-21T18:29:49.325+0000][1692007][info ][gc,start    ] GC(445) Pause Young (Mixed) (G1 Evacuation Pause)
[2025-08-21T18:29:49.325+0000][1692007][info ][gc,task     ] GC(445) Using 1 workers of 1 for evacuation
[2025-08-21T18:29:49.325+0000][1692007][debug][gc,age      ] GC(445) Desired survivor size 6291456 bytes, new threshold 15 (max threshold 15)
[2025-08-21T18:29:49.327+0000][1692007][info ][gc,phases   ] GC(445)   Pre Evacuate Collection Set: 0.1ms
[2025-08-21T18:29:49.327+0000][1692007][info ][gc,phases   ] GC(445)   Merge Heap Roots: 0.0ms
[2025-08-21T18:29:49.327+0000][1692007][info ][gc,phases   ] GC(445)   Evacuate Collection Set: 1.6ms
[2025-08-21T18:29:49.327+0000][1692007][info ][gc,phases   ] GC(445)   Post Evacuate Collection Set: 0.7ms
[2025-08-21T18:29:49.327+0000][1692007][info ][gc,phases   ] GC(445)   Other: 0.0ms
[2025-08-21T18:29:49.327+0000][1692007][trace][gc,age      ] GC(445) Age table with threshold 15 (max threshold 15)
[2025-08-21T18:29:49.327+0000][1692007][trace][gc,age      ] GC(445) - age   1:   10053904 bytes,   10053904 total
[2025-08-21T18:29:49.327+0000][1692007][trace][gc,age      ] GC(445) - age   2:        200 bytes,   10054104 total
[2025-08-21T18:29:49.327+0000][1692007][info ][gc,heap     ] GC(445) Eden regions: 22->0(3)
[2025-08-21T18:29:49.327+0000][1692007][info ][gc,heap     ] GC(445) Survivor regions: 1->3(3)
[2025-08-21T18:29:49.327+0000][1692007][info ][gc,heap     ] GC(445) Old regions: 45->44
[2025-08-21T18:29:49.327+0000][1692007][info ][gc,heap     ] GC(445) Humongous regions: 0->0
[2025-08-21T18:29:49.327+0000][1692007][info ][gc,metaspace] GC(445) Metaspace: 142311K(147968K)->142311K(147968K) NonClass: 123486K(126720K)->123486K(126720K) Class: 18824K(21248K)->18824K(21248K)
[2025-08-21T18:29:49.327+0000][1692007][info ][gc          ] GC(445) Pause Young (Mixed) (G1 Evacuation Pause) 266M->183M(512M) 2.612ms
[2025-08-21T18:29:49.327+0000][1692007][info ][gc,cpu      ] GC(445) User=0.00s Sys=0.00s Real=0.01s
[2025-08-21T18:29:49.327+0000][1692007][info ][safepoint   ] Safepoint "G1CollectForAllocation", Time since last: 177251806 ns, Reaching safepoint: 5278 ns, Cleanup: 3505 ns, At safepoint: 2645705 ns, Total: 2654488 ns
[2025-08-21T18:29:50.541+0000][1692007][info ][gc,start    ] GC(446) Pause Young (Mixed) (G1 Evacuation Pause)
[2025-08-21T18:29:50.541+0000][1692007][info ][gc,task     ] GC(446) Using 1 workers of 1 for evacuation
[2025-08-21T18:29:50.541+0000][1692007][debug][gc,age      ] GC(446) Desired survivor size 4194304 bytes, new threshold 1 (max threshold 15)
[2025-08-21T18:29:50.544+0000][1692007][info ][gc,phases   ] GC(446)   Pre Evacuate Collection Set: 0.1ms
[2025-08-21T18:29:50.544+0000][1692007][info ][gc,phases   ] GC(446)   Merge Heap Roots: 0.0ms
[2025-08-21T18:29:50.544+0000][1692007][info ][gc,phases   ] GC(446)   Evacuate Collection Set: 2.2ms
[2025-08-21T18:29:50.544+0000][1692007][info ][gc,phases   ] GC(446)   Post Evacuate Collection Set: 0.8ms
[2025-08-21T18:29:50.544+0000][1692007][info ][gc,phases   ] GC(446)   Other: 0.0ms
[2025-08-21T18:29:50.544+0000][1692007][trace][gc,age      ] GC(446) Age table with threshold 1 (max threshold 15)
[2025-08-21T18:29:50.544+0000][1692007][trace][gc,age      ] GC(446) - age   1:    8269520 bytes,    8269520 total
[2025-08-21T18:29:50.544+0000][1692007][info ][gc,heap     ] GC(446) Eden regions: 13->0(4)
[2025-08-21T18:29:50.544+0000][1692007][info ][gc,heap     ] GC(446) Survivor regions: 3->2(2)
[2025-08-21T18:29:50.544+0000][1692007][info ][gc,heap     ] GC(446) Old regions: 44->45
[2025-08-21T18:29:50.544+0000][1692007][info ][gc,heap     ] GC(446) Humongous regions: 0->0
[2025-08-21T18:29:50.544+0000][1692007][info ][gc,metaspace] GC(446) Metaspace: 142311K(147968K)->142311K(147968K) NonClass: 123486K(126720K)->123486K(126720K) Class: 18824K(21248K)->18824K(21248K)
[2025-08-21T18:29:50.544+0000][1692007][info ][gc          ] GC(446) Pause Young (Mixed) (G1 Evacuation Pause) 235M->187M(512M) 3.291ms
[2025-08-21T18:29:50.544+0000][1692007][info ][gc,cpu      ] GC(446) User=0.00s Sys=0.00s Real=0.00s
[2025-08-21T18:29:50.544+0000][1692007][info ][safepoint   ] Safepoint "G1CollectForAllocation", Time since last: 1213353596 ns, Reaching safepoint: 5128 ns, Cleanup: 3285 ns, At safepoint: 3332673 ns, Total: 3341086 ns
[2025-08-21T18:29:53.162+0000][1692007][info ][gc,start    ] GC(447) Pause Young (Mixed) (G1 Evacuation Pause)
[2025-08-21T18:29:53.162+0000][1692007][info ][gc,task     ] GC(447) Using 1 workers of 1 for evacuation
[2025-08-21T18:29:53.162+0000][1692007][debug][gc,age      ] GC(447) Desired survivor size 8388608 bytes, new threshold 15 (max threshold 15)
[2025-08-21T18:29:53.166+0000][1692007][info ][gc,phases   ] GC(447)   Pre Evacuate Collection Set: 0.1ms
[2025-08-21T18:29:53.166+0000][1692007][info ][gc,phases   ] GC(447)   Merge Heap Roots: 0.0ms
[2025-08-21T18:29:53.166+0000][1692007][info ][gc,phases   ] GC(447)   Evacuate Collection Set: 2.5ms
[2025-08-21T18:29:53.166+0000][1692007][info ][gc,phases   ] GC(447)   Post Evacuate Collection Set: 0.8ms
[2025-08-21T18:29:53.166+0000][1692007][info ][gc,phases   ] GC(447)   Other: 0.1ms
[2025-08-21T18:29:53.166+0000][1692007][trace][gc,age      ] GC(447) Age table with threshold 15 (max threshold 15)
[2025-08-21T18:29:53.166+0000][1692007][trace][gc,age      ] GC(447) - age   1:   10560928 bytes,   10560928 total
[2025-08-21T18:29:53.166+0000][1692007][trace][gc,age      ] GC(447) - age   2:    6037616 bytes,   16598544 total
[2025-08-21T18:29:53.166+0000][1692007][info ][gc,heap     ] GC(447) Eden regions: 23->0(2)
[2025-08-21T18:29:53.166+0000][1692007][info ][gc,heap     ] GC(447) Survivor regions: 2->4(4)
[2025-08-21T18:29:53.166+0000][1692007][info ][gc,heap     ] GC(447) Old regions: 45->46
[2025-08-21T18:29:53.166+0000][1692007][info ][gc,heap     ] GC(447) Humongous regions: 0->0
[2025-08-21T18:29:53.166+0000][1692007][info ][gc,metaspace] GC(447) Metaspace: 142311K(147968K)->142311K(147968K) NonClass: 123486K(126720K)->123486K(126720K) Class: 18824K(21248K)->18824K(21248K)
[2025-08-21T18:29:53.166+0000][1692007][info ][gc          ] GC(447) Pause Young (Mixed) (G1 Evacuation Pause) 279M->197M(512M) 4.264ms
[2025-08-21T18:29:53.166+0000][1692007][info ][gc,cpu      ] GC(447) User=0.01s Sys=0.00s Real=0.01s
[2025-08-21T18:29:53.166+0000][1692007][info ][safepoint   ] Safepoint "G1CollectForAllocation", Time since last: 2617436470 ns, Reaching safepoint: 350489 ns, Cleanup: 4086 ns, At safepoint: 4307264 ns, Total: 4661839 ns
[2025-08-21T18:29:54.066+0000][1692007][info ][gc,start    ] GC(448) Pause Young (Mixed) (G1 Evacuation Pause)
[2025-08-21T18:29:54.066+0000][1692007][info ][gc,task     ] GC(448) Using 1 workers of 1 for evacuation
[2025-08-21T18:29:54.066+0000][1692007][debug][gc,age      ] GC(448) Desired survivor size 4194304 bytes, new threshold 1 (max threshold 15)
[2025-08-21T18:29:54.069+0000][1692007][info ][gc,phases   ] GC(448)   Pre Evacuate Collection Set: 0.1ms
[2025-08-21T18:29:54.069+0000][1692007][info ][gc,phases   ] GC(448)   Merge Heap Roots: 0.0ms
[2025-08-21T18:29:54.069+0000][1692007][info ][gc,phases   ] GC(448)   Evacuate Collection Set: 2.6ms
[2025-08-21T18:29:54.069+0000][1692007][info ][gc,phases   ] GC(448)   Post Evacuate Collection Set: 0.8ms
[2025-08-21T18:29:54.069+0000][1692007][info ][gc,phases   ] GC(448)   Other: 0.0ms
[2025-08-21T18:29:54.069+0000][1692007][trace][gc,age      ] GC(448) Age table with threshold 1 (max threshold 15)
[2025-08-21T18:29:54.069+0000][1692007][trace][gc,age      ] GC(448) - age   1:    7737232 bytes,    7737232 total
[2025-08-21T18:29:54.069+0000][1692007][info ][gc,heap     ] GC(448) Eden regions: 12->0(19)
[2025-08-21T18:29:54.069+0000][1692007][info ][gc,heap     ] GC(448) Survivor regions: 4->2(2)
[2025-08-21T18:29:54.069+0000][1692007][info ][gc,heap     ] GC(448) Old regions: 46->49
[2025-08-21T18:29:54.069+0000][1692007][info ][gc,heap     ] GC(448) Humongous regions: 0->0
[2025-08-21T18:29:54.069+0000][1692007][info ][gc,metaspace] GC(448) Metaspace: 142311K(147968K)->142311K(147968K) NonClass: 123486K(126720K)->123486K(126720K) Class: 18824K(21248K)->18824K(21248K)
[2025-08-21T18:29:54.069+0000][1692007][info ][gc          ] GC(448) Pause Young (Mixed) (G1 Evacuation Pause) 245M->200M(512M) 3.752ms
[2025-08-21T18:29:54.069+0000][1692007][info ][gc,cpu      ] GC(448) User=0.01s Sys=0.00s Real=0.00s
[2025-08-21T18:29:54.069+0000][1692007][info ][safepoint   ] Safepoint "G1CollectForAllocation", Time since last: 899493387 ns, Reaching safepoint: 4727 ns, Cleanup: 3075 ns, At safepoint: 3796572 ns, Total: 3804374 ns
[2025-08-21T18:29:54.815+0000][1692007][info ][gc,start    ] GC(449) Pause Young (Mixed) (G1 Evacuation Pause)
[2025-08-21T18:29:54.815+0000][1692007][info ][gc,task     ] GC(449) Using 1 workers of 1 for evacuation
[2025-08-21T18:29:54.815+0000][1692007][debug][gc,age      ] GC(449) Desired survivor size 10485760 bytes, new threshold 15 (max threshold 15)
[2025-08-21T18:29:54.819+0000][1692007][info ][gc,phases   ] GC(449)   Pre Evacuate Collection Set: 0.1ms
[2025-08-21T18:29:54.819+0000][1692007][info ][gc,phases   ] GC(449)   Merge Heap Roots: 0.0ms
[2025-08-21T18:29:54.819+0000][1692007][info ][gc,phases   ] GC(449)   Evacuate Collection Set: 2.7ms
[2025-08-21T18:29:54.819+0000][1692007][info ][gc,phases   ] GC(449)   Post Evacuate Collection Set: 0.8ms
[2025-08-21T18:29:54.819+0000][1692007][info ][gc,phases   ] GC(449)   Other: 0.0ms
[2025-08-21T18:29:54.819+0000][1692007][trace][gc,age      ] GC(449) Age table with threshold 15 (max threshold 15)
[2025-08-21T18:29:54.819+0000][1692007][trace][gc,age      ] GC(449) - age   1:   12349872 bytes,   12349872 total
[2025-08-21T18:29:54.819+0000][1692007][trace][gc,age      ] GC(449) - age   2:    7643824 bytes,   19993696 total
[2025-08-21T18:29:54.819+0000][1692007][info ][gc,heap     ] GC(449) Eden regions: 35->0(13)
[2025-08-21T18:29:54.819+0000][1692007][info ][gc,heap     ] GC(449) Survivor regions: 2->5(5)
[2025-08-21T18:29:54.819+0000][1692007][info ][gc,heap     ] GC(449) Old regions: 49->48
[2025-08-21T18:29:54.819+0000][1692007][info ][gc,heap     ] GC(449) Humongous regions: 0->0
[2025-08-21T18:29:54.819+0000][1692007][info ][gc,metaspace] GC(449) Metaspace: 142311K(147968K)->142311K(147968K) NonClass: 123486K(126720K)->123486K(126720K) Class: 18824K(21248K)->18824K(21248K)
[2025-08-21T18:29:54.819+0000][1692007][info ][gc          ] GC(449) Pause Young (Mixed) (G1 Evacuation Pause) 340M->208M(512M) 3.840ms
[2025-08-21T18:29:54.819+0000][1692007][info ][gc,cpu      ] GC(449) User=0.00s Sys=0.00s Real=0.01s
[2025-08-21T18:29:54.819+0000][1692007][info ][safepoint   ] Safepoint "G1CollectForAllocation", Time since last: 745430677 ns, Reaching safepoint: 5498 ns, Cleanup: 9154 ns, At safepoint: 3884586 ns, Total: 3899238 ns
[2025-08-21T18:29:59.261+0000][1692007][info ][gc,start    ] GC(450) Pause Young (Mixed) (G1 Evacuation Pause)
[2025-08-21T18:29:59.261+0000][1692007][info ][gc,task     ] GC(450) Using 1 workers of 1 for evacuation
[2025-08-21T18:29:59.261+0000][1692007][debug][gc,age      ] GC(450) Desired survivor size 8388608 bytes, new threshold 1 (max threshold 15)
[2025-08-21T18:29:59.272+0000][1692007][info ][gc,phases   ] GC(450)   Pre Evacuate Collection Set: 0.1ms
[2025-08-21T18:29:59.272+0000][1692007][info ][gc,phases   ] GC(450)   Merge Heap Roots: 0.0ms
[2025-08-21T18:29:59.272+0000][1692007][info ][gc,phases   ] GC(450)   Evacuate Collection Set: 9.7ms
[2025-08-21T18:29:59.272+0000][1692007][info ][gc,phases   ] GC(450)   Post Evacuate Collection Set: 1.3ms
[2025-08-21T18:29:59.272+0000][1692007][info ][gc,phases   ] GC(450)   Other: 0.0ms
[2025-08-21T18:29:59.272+0000][1692007][trace][gc,age      ] GC(450) Age table with threshold 1 (max threshold 15)
[2025-08-21T18:29:59.272+0000][1692007][trace][gc,age      ] GC(450) - age   1:     683080 bytes,     683080 total
[2025-08-21T18:29:59.272+0000][1692007][info ][gc,heap     ] GC(450) Eden regions: 25->0(62)
[2025-08-21T18:29:59.272+0000][1692007][info ][gc,heap     ] GC(450) Survivor regions: 5->1(4)
[2025-08-21T18:29:59.272+0000][1692007][info ][gc,heap     ] GC(450) Old regions: 48->50
[2025-08-21T18:29:59.272+0000][1692007][info ][gc,heap     ] GC(450) Humongous regions: 0->0
[2025-08-21T18:29:59.272+0000][1692007][info ][gc,metaspace] GC(450) Metaspace: 142317K(147968K)->142317K(147968K) NonClass: 123492K(126720K)->123492K(126720K) Class: 18824K(21248K)->18824K(21248K)
[2025-08-21T18:29:59.272+0000][1692007][info ][gc          ] GC(450) Pause Young (Mixed) (G1 Evacuation Pause) 308M->198M(512M) 11.293ms
[2025-08-21T18:29:59.272+0000][1692007][info ][gc,cpu      ] GC(450) User=0.01s Sys=0.00s Real=0.01s
[2025-08-21T18:29:59.272+0000][1692007][info ][safepoint   ] Safepoint "G1CollectForAllocation", Time since last: 4441584557 ns, Reaching safepoint: 287194 ns, Cleanup: 40391 ns, At safepoint: 11340314 ns, Total: 11667899 ns
[2025-08-21T18:29:59.582+0000][1692007][info ][gc,start    ] GC(451) Pause Young (Mixed) (G1 Evacuation Pause)
[2025-08-21T18:29:59.582+0000][1692007][info ][gc,task     ] GC(451) Using 1 workers of 1 for evacuation
[2025-08-21T18:29:59.582+0000][1692007][debug][gc,age      ] GC(451) Desired survivor size 16777216 bytes, new threshold 15 (max threshold 15)
[2025-08-21T18:29:59.587+0000][1692007][info ][gc,phases   ] GC(451)   Pre Evacuate Collection Set: 0.1ms
[2025-08-21T18:29:59.587+0000][1692007][info ][gc,phases   ] GC(451)   Merge Heap Roots: 0.0ms
[2025-08-21T18:29:59.587+0000][1692007][info ][gc,phases   ] GC(451)   Evacuate Collection Set: 4.0ms
[2025-08-21T18:29:59.587+0000][1692007][info ][gc,phases   ] GC(451)   Post Evacuate Collection Set: 0.8ms
[2025-08-21T18:29:59.587+0000][1692007][info ][gc,phases   ] GC(451)   Other: 0.0ms
[2025-08-21T18:29:59.587+0000][1692007][trace][gc,age      ] GC(451) Age table with threshold 15 (max threshold 15)
[2025-08-21T18:29:59.587+0000][1692007][trace][gc,age      ] GC(451) - age   1:    3945744 bytes,    3945744 total
[2025-08-21T18:29:59.587+0000][1692007][trace][gc,age      ] GC(451) - age   2:     674520 bytes,    4620264 total
[2025-08-21T18:29:59.587+0000][1692007][info ][gc,heap     ] GC(451) Eden regions: 62->0(61)
[2025-08-21T18:29:59.587+0000][1692007][info ][gc,heap     ] GC(451) Survivor regions: 1->2(8)
[2025-08-21T18:29:59.587+0000][1692007][info ][gc,heap     ] GC(451) Old regions: 50->49
[2025-08-21T18:29:59.587+0000][1692007][info ][gc,heap     ] GC(451) Humongous regions: 0->0
[2025-08-21T18:29:59.587+0000][1692007][info ][gc,metaspace] GC(451) Metaspace: 142317K(147968K)->142317K(147968K) NonClass: 123492K(126720K)->123492K(126720K) Class: 18824K(21248K)->18824K(21248K)
[2025-08-21T18:29:59.587+0000][1692007][info ][gc          ] GC(451) Pause Young (Mixed) (G1 Evacuation Pause) 446M->199M(512M) 5.134ms
[2025-08-21T18:29:59.587+0000][1692007][info ][gc,cpu      ] GC(451) User=0.01s Sys=0.00s Real=0.01s
[2025-08-21T18:29:59.587+0000][1692007][info ][safepoint   ] Safepoint "G1CollectForAllocation", Time since last: 309686818 ns, Reaching safepoint: 4997 ns, Cleanup: 18508 ns, At safepoint: 5174714 ns, Total: 5198219 ns
[2025-08-21T18:30:00.587+0000][1692007][info ][safepoint   ] Safepoint "Cleanup", Time since last: 1000070692 ns, Reaching safepoint: 5779 ns, Cleanup: 15333 ns, At safepoint: 2233 ns, Total: 23345 ns
[2025-08-21T18:30:02.587+0000][1692007][info ][safepoint   ] Safepoint "Cleanup", Time since last: 2000157648 ns, Reaching safepoint: 38368 ns, Cleanup: 11337 ns, At safepoint: 2404 ns, Total: 52109 ns
[2025-08-21T18:30:03.263+0000][1692007][info ][gc,start    ] GC(452) Pause Young (Normal) (G1 Evacuation Pause)
[2025-08-21T18:30:03.263+0000][1692007][info ][gc,task     ] GC(452) Using 1 workers of 1 for evacuation
[2025-08-21T18:30:03.263+0000][1692007][debug][gc,age      ] GC(452) Desired survivor size 16777216 bytes, new threshold 15 (max threshold 15)
[2025-08-21T18:30:03.268+0000][1692007][info ][gc,phases   ] GC(452)   Pre Evacuate Collection Set: 0.1ms
[2025-08-21T18:30:03.268+0000][1692007][info ][gc,phases   ] GC(452)   Merge Heap Roots: 0.0ms
[2025-08-21T18:30:03.268+0000][1692007][info ][gc,phases   ] GC(452)   Evacuate Collection Set: 3.4ms
[2025-08-21T18:30:03.268+0000][1692007][info ][gc,phases   ] GC(452)   Post Evacuate Collection Set: 0.9ms
[2025-08-21T18:30:03.268+0000][1692007][info ][gc,phases   ] GC(452)   Other: 0.0ms
[2025-08-21T18:30:03.268+0000][1692007][trace][gc,age      ] GC(452) Age table with threshold 15 (max threshold 15)
[2025-08-21T18:30:03.268+0000][1692007][trace][gc,age      ] GC(452) - age   1:   32355880 bytes,   32355880 total
[2025-08-21T18:30:03.268+0000][1692007][trace][gc,age      ] GC(452) - age   2:        488 bytes,   32356368 total
[2025-08-21T18:30:03.268+0000][1692007][trace][gc,age      ] GC(452) - age   3:     571384 bytes,   32927752 total
[2025-08-21T18:30:03.268+0000][1692007][info ][gc,heap     ] GC(452) Eden regions: 61->0(49)
[2025-08-21T18:30:03.268+0000][1692007][info ][gc,heap     ] GC(452) Survivor regions: 2->8(8)
[2025-08-21T18:30:03.268+0000][1692007][info ][gc,heap     ] GC(452) Old regions: 49->49
[2025-08-21T18:30:03.268+0000][1692007][info ][gc,heap     ] GC(452) Humongous regions: 0->0
[2025-08-21T18:30:03.268+0000][1692007][info ][gc,metaspace] GC(452) Metaspace: 142323K(147968K)->142323K(147968K) NonClass: 123498K(126720K)->123498K(126720K) Class: 18824K(21248K)->18824K(21248K)
[2025-08-21T18:30:03.268+0000][1692007][info ][gc          ] GC(452) Pause Young (Normal) (G1 Evacuation Pause) 443M->226M(512M) 4.558ms
[2025-08-21T18:30:03.268+0000][1692007][info ][gc,cpu      ] GC(452) User=0.00s Sys=0.00s Real=0.01s
[2025-08-21T18:30:03.268+0000][1692007][info ][safepoint   ] Safepoint "G1CollectForAllocation", Time since last: 675909226 ns, Reaching safepoint: 5308 ns, Cleanup: 3385 ns, At safepoint: 4599616 ns, Total: 4608309 ns
[2025-08-21T18:30:04.282+0000][1692007][info ][safepoint   ] Safepoint "Cleanup", Time since last: 1000074477 ns, Reaching safepoint: 14699897 ns, Cleanup: 9375 ns, At safepoint: 4266 ns, Total: 14713538 ns
[2025-08-21T18:30:04.945+0000][1692007][info ][gc,start    ] GC(453) Pause Young (Normal) (G1 Evacuation Pause)
[2025-08-21T18:30:04.945+0000][1692007][info ][gc,task     ] GC(453) Using 1 workers of 1 for evacuation
[2025-08-21T18:30:04.945+0000][1692007][debug][gc,age      ] GC(453) Desired survivor size 16777216 bytes, new threshold 1 (max threshold 15)
[2025-08-21T18:30:04.951+0000][1692007][info ][gc,phases   ] GC(453)   Pre Evacuate Collection Set: 0.1ms
[2025-08-21T18:30:04.951+0000][1692007][info ][gc,phases   ] GC(453)   Merge Heap Roots: 0.0ms
[2025-08-21T18:30:04.951+0000][1692007][info ][gc,phases   ] GC(453)   Evacuate Collection Set: 5.3ms
[2025-08-21T18:30:04.951+0000][1692007][info ][gc,phases   ] GC(453)   Post Evacuate Collection Set: 0.8ms
[2025-08-21T18:30:04.951+0000][1692007][info ][gc,phases   ] GC(453)   Other: 0.0ms
[2025-08-21T18:30:04.951+0000][1692007][trace][gc,age      ] GC(453) Age table with threshold 1 (max threshold 15)
[2025-08-21T18:30:04.951+0000][1692007][trace][gc,age      ] GC(453) - age   1:   21751944 bytes,   21751944 total
[2025-08-21T18:30:04.951+0000][1692007][info ][gc,heap     ] GC(453) Eden regions: 49->0(45)
[2025-08-21T18:30:04.951+0000][1692007][info ][gc,heap     ] GC(453) Survivor regions: 8->6(8)
[2025-08-21T18:30:04.951+0000][1692007][info ][gc,heap     ] GC(453) Old regions: 49->57
[2025-08-21T18:30:04.951+0000][1692007][info ][gc,heap     ] GC(453) Humongous regions: 0->0
[2025-08-21T18:30:04.951+0000][1692007][info ][gc,metaspace] GC(453) Metaspace: 142324K(147968K)->142324K(147968K) NonClass: 123499K(126720K)->123499K(126720K) Class: 18824K(21248K)->18824K(21248K)
[2025-08-21T18:30:04.952+0000][1692007][info ][gc          ] GC(453) Pause Young (Normal) (G1 Evacuation Pause) 422M->247M(512M) 6.458ms
[2025-08-21T18:30:04.952+0000][1692007][info ][gc,cpu      ] GC(453) User=0.01s Sys=0.00s Real=0.01s
[2025-08-21T18:30:04.952+0000][1692007][info ][safepoint   ] Safepoint "G1CollectForAllocation", Time since last: 662597796 ns, Reaching safepoint: 6870 ns, Cleanup: 6630 ns, At safepoint: 6505914 ns, Total: 6519414 ns
[2025-08-21T18:30:05.952+0000][1692007][info ][safepoint   ] Safepoint "Cleanup", Time since last: 1000075399 ns, Reaching safepoint: 6209 ns, Cleanup: 16876 ns, At safepoint: 2033 ns, Total: 25118 ns
[2025-08-21T18:30:09.299+0000][1692007][info ][gc,start    ] GC(454) Pause Young (Concurrent Start) (G1 Evacuation Pause)
[2025-08-21T18:30:09.299+0000][1692007][info ][gc,task     ] GC(454) Using 1 workers of 1 for evacuation
[2025-08-21T18:30:09.299+0000][1692007][debug][gc,age      ] GC(454) Desired survivor size 14680064 bytes, new threshold 1 (max threshold 15)
[2025-08-21T18:30:09.303+0000][1692007][info ][gc,phases   ] GC(454)   Pre Evacuate Collection Set: 0.1ms
[2025-08-21T18:30:09.303+0000][1692007][info ][gc,phases   ] GC(454)   Merge Heap Roots: 0.0ms
[2025-08-21T18:30:09.303+0000][1692007][info ][gc,phases   ] GC(454)   Evacuate Collection Set: 3.4ms
[2025-08-21T18:30:09.303+0000][1692007][info ][gc,phases   ] GC(454)   Post Evacuate Collection Set: 0.8ms
[2025-08-21T18:30:09.303+0000][1692007][info ][gc,phases   ] GC(454)   Other: 0.0ms
[2025-08-21T18:30:09.303+0000][1692007][trace][gc,age      ] GC(454) Age table with threshold 1 (max threshold 15)
[2025-08-21T18:30:09.303+0000][1692007][trace][gc,age      ] GC(454) - age   1:    2208688 bytes,    2208688 total
[2025-08-21T18:30:09.303+0000][1692007][info ][gc,heap     ] GC(454) Eden regions: 45->0(55)
[2025-08-21T18:30:09.303+0000][1692007][info ][gc,heap     ] GC(454) Survivor regions: 6->1(7)
[2025-08-21T18:30:09.303+0000][1692007][info ][gc,heap     ] GC(454) Old regions: 57->57
[2025-08-21T18:30:09.303+0000][1692007][info ][gc,heap     ] GC(454) Humongous regions: 0->0
[2025-08-21T18:30:09.303+0000][1692007][info ][gc,metaspace] GC(454) Metaspace: 142332K(147968K)->142332K(147968K) NonClass: 123507K(126720K)->123507K(126720K) Class: 18824K(21248K)->18824K(21248K)
[2025-08-21T18:30:09.304+0000][1692007][info ][gc          ] GC(454) Pause Young (Concurrent Start) (G1 Evacuation Pause) 427M->228M(512M) 4.508ms
[2025-08-21T18:30:09.304+0000][1692007][info ][gc,cpu      ] GC(454) User=0.00s Sys=0.00s Real=0.00s
[2025-08-21T18:30:09.304+0000][1692007][info ][safepoint   ] Safepoint "G1CollectForAllocation", Time since last: 3342010102 ns, Reaching safepoint: 5307454 ns, Cleanup: 30056 ns, At safepoint: 4551633 ns, Total: 9889143 ns
[2025-08-21T18:30:09.304+0000][1692007][info ][gc          ] GC(455) Concurrent Mark Cycle
[2025-08-21T18:30:09.304+0000][1692007][info ][gc,marking  ] GC(455) Concurrent Scan Root Regions
[2025-08-21T18:30:09.308+0000][1692007][info ][gc,marking  ] GC(455) Concurrent Scan Root Regions 4.811ms
[2025-08-21T18:30:09.308+0000][1692007][info ][gc,marking  ] GC(455) Concurrent Mark
[2025-08-21T18:30:09.308+0000][1692007][info ][gc,marking  ] GC(455) Concurrent Mark From Roots
[2025-08-21T18:30:09.308+0000][1692007][info ][gc,task     ] GC(455) Using 1 workers of 1 for marking
[2025-08-21T18:30:09.537+0000][1692007][info ][gc,marking  ] GC(455) Concurrent Mark From Roots 228.155ms
[2025-08-21T18:30:09.537+0000][1692007][info ][gc,marking  ] GC(455) Concurrent Preclean
[2025-08-21T18:30:09.537+0000][1692007][info ][gc,marking  ] GC(455) Concurrent Preclean 0.397ms
[2025-08-21T18:30:09.537+0000][1692007][info ][gc,start    ] GC(455) Pause Remark
[2025-08-21T18:30:09.547+0000][1692007][info ][gc          ] GC(455) Pause Remark 349M->285M(512M) 10.353ms
[2025-08-21T18:30:09.548+0000][1692007][info ][gc,cpu      ] GC(455) User=0.01s Sys=0.00s Real=0.01s
[2025-08-21T18:30:09.548+0000][1692007][info ][safepoint   ] Safepoint "G1PauseRemark", Time since last: 233554114 ns, Reaching safepoint: 4738 ns, Cleanup: 13570 ns, At safepoint: 10405994 ns, Total: 10424302 ns
[2025-08-21T18:30:09.548+0000][1692007][info ][gc,marking  ] GC(455) Concurrent Mark 239.140ms
[2025-08-21T18:30:09.548+0000][1692007][info ][gc,marking  ] GC(455) Concurrent Rebuild Remembered Sets and Scrub Regions
[2025-08-21T18:30:09.601+0000][1692007][info ][gc,marking  ] GC(455) Concurrent Rebuild Remembered Sets and Scrub Regions 53.591ms
[2025-08-21T18:30:09.601+0000][1692007][info ][gc,start    ] GC(455) Pause Cleanup
[2025-08-21T18:30:09.601+0000][1692007][info ][gc          ] GC(455) Pause Cleanup 285M->285M(512M) 0.204ms
[2025-08-21T18:30:09.602+0000][1692007][info ][gc,cpu      ] GC(455) User=0.00s Sys=0.00s Real=0.00s
[2025-08-21T18:30:09.602+0000][1692007][info ][safepoint   ] Safepoint "G1PauseCleanup", Time since last: 53725427 ns, Reaching safepoint: 4056 ns, Cleanup: 2644 ns, At safepoint: 336167 ns, Total: 342867 ns
[2025-08-21T18:30:09.602+0000][1692007][info ][gc,marking  ] GC(455) Concurrent Clear Claimed Marks
[2025-08-21T18:30:09.602+0000][1692007][info ][gc,marking  ] GC(455) Concurrent Clear Claimed Marks 0.171ms
[2025-08-21T18:30:09.602+0000][1692007][info ][gc,marking  ] GC(455) Concurrent Cleanup for Next Mark
[2025-08-21T18:30:09.603+0000][1692007][info ][gc,marking  ] GC(455) Concurrent Cleanup for Next Mark 0.692ms
[2025-08-21T18:30:09.603+0000][1692007][info ][gc          ] GC(455) Concurrent Mark Cycle 299.051ms
[2025-08-21T18:30:09.856+0000][1692007][info ][gc,start    ] GC(456) Pause Young (Prepare Mixed) (G1 Evacuation Pause)
[2025-08-21T18:30:09.856+0000][1692007][info ][gc,task     ] GC(456) Using 1 workers of 1 for evacuation
[2025-08-21T18:30:09.856+0000][1692007][debug][gc,age      ] GC(456) Desired survivor size 14680064 bytes, new threshold 15 (max threshold 15)
[2025-08-21T18:30:09.861+0000][1692007][info ][gc,phases   ] GC(456)   Pre Evacuate Collection Set: 0.1ms
[2025-08-21T18:30:09.861+0000][1692007][info ][gc,phases   ] GC(456)   Merge Heap Roots: 0.0ms
[2025-08-21T18:30:09.861+0000][1692007][info ][gc,phases   ] GC(456)   Evacuate Collection Set: 4.1ms
[2025-08-21T18:30:09.861+0000][1692007][info ][gc,phases   ] GC(456)   Post Evacuate Collection Set: 0.8ms
[2025-08-21T18:30:09.861+0000][1692007][info ][gc,phases   ] GC(456)   Other: 0.0ms
[2025-08-21T18:30:09.861+0000][1692007][trace][gc,age      ] GC(456) Age table with threshold 15 (max threshold 15)
[2025-08-21T18:30:09.861+0000][1692007][trace][gc,age      ] GC(456) - age   1:    2073104 bytes,    2073104 total
[2025-08-21T18:30:09.861+0000][1692007][trace][gc,age      ] GC(456) - age   2:    2200536 bytes,    4273640 total
[2025-08-21T18:30:09.861+0000][1692007][info ][gc,heap     ] GC(456) Eden regions: 55->0(69)
[2025-08-21T18:30:09.861+0000][1692007][info ][gc,heap     ] GC(456) Survivor regions: 1->2(7)
[2025-08-21T18:30:09.861+0000][1692007][info ][gc,heap     ] GC(456) Old regions: 41->41
[2025-08-21T18:30:09.861+0000][1692007][info ][gc,heap     ] GC(456) Humongous regions: 0->0
[2025-08-21T18:30:09.861+0000][1692007][info ][gc,metaspace] GC(456) Metaspace: 142348K(147968K)->142348K(147968K) NonClass: 123523K(126720K)->123523K(126720K) Class: 18824K(21248K)->18824K(21248K)
[2025-08-21T18:30:09.861+0000][1692007][info ][gc          ] GC(456) Pause Young (Prepare Mixed) (G1 Evacuation Pause) 384M->166M(512M) 5.184ms
[2025-08-21T18:30:09.861+0000][1692007][info ][gc,cpu      ] GC(456) User=0.00s Sys=0.00s Real=0.00s
[2025-08-21T18:30:09.861+0000][1692007][info ][safepoint   ] Safepoint "G1CollectForAllocation", Time since last: 254259631 ns, Reaching safepoint: 4517 ns, Cleanup: 8944 ns, At safepoint: 5222386 ns, Total: 5235847 ns
[2025-08-21T18:30:10.861+0000][1692007][info ][safepoint   ] Safepoint "Cleanup", Time since last: 1000081097 ns, Reaching safepoint: 5679 ns, Cleanup: 18668 ns, At safepoint: 2263 ns, Total: 26610 ns
[2025-08-21T18:30:14.560+0000][1692007][info ][gc,start    ] GC(457) Pause Young (Mixed) (G1 Evacuation Pause)
[2025-08-21T18:30:14.560+0000][1692007][info ][gc,task     ] GC(457) Using 1 workers of 1 for evacuation
[2025-08-21T18:30:14.560+0000][1692007][debug][gc,age      ] GC(457) Desired survivor size 18874368 bytes, new threshold 15 (max threshold 15)
[2025-08-21T18:30:14.566+0000][1692007][info ][gc,phases   ] GC(457)   Pre Evacuate Collection Set: 0.1ms
[2025-08-21T18:30:14.566+0000][1692007][info ][gc,phases   ] GC(457)   Merge Heap Roots: 0.0ms
[2025-08-21T18:30:14.566+0000][1692007][info ][gc,phases   ] GC(457)   Evacuate Collection Set: 4.9ms
[2025-08-21T18:30:14.566+0000][1692007][info ][gc,phases   ] GC(457)   Post Evacuate Collection Set: 0.9ms
[2025-08-21T18:30:14.566+0000][1692007][info ][gc,phases   ] GC(457)   Other: 0.0ms
[2025-08-21T18:30:14.566+0000][1692007][trace][gc,age      ] GC(457) Age table with threshold 15 (max threshold 15)
[2025-08-21T18:30:14.566+0000][1692007][trace][gc,age      ] GC(457) - age   1:   36743616 bytes,   36743616 total
[2025-08-21T18:30:14.566+0000][1692007][trace][gc,age      ] GC(457) - age   2:        936 bytes,   36744552 total
[2025-08-21T18:30:14.566+0000][1692007][trace][gc,age      ] GC(457) - age   3:     530976 bytes,   37275528 total
[2025-08-21T18:30:14.566+0000][1692007][info ][gc,heap     ] GC(457) Eden regions: 69->0(66)
[2025-08-21T18:30:14.566+0000][1692007][info ][gc,heap     ] GC(457) Survivor regions: 2->9(9)
[2025-08-21T18:30:14.566+0000][1692007][info ][gc,heap     ] GC(457) Old regions: 41->30
[2025-08-21T18:30:14.566+0000][1692007][info ][gc,heap     ] GC(457) Humongous regions: 0->0
[2025-08-21T18:30:14.566+0000][1692007][info ][gc,metaspace] GC(457) Metaspace: 142364K(147968K)->142364K(147968K) NonClass: 123539K(126720K)->123539K(126720K) Class: 18824K(21248K)->18824K(21248K)
[2025-08-21T18:30:14.566+0000][1692007][info ][gc          ] GC(457) Pause Young (Mixed) (G1 Evacuation Pause) 442M->154M(512M) 6.141ms
[2025-08-21T18:30:14.566+0000][1692007][info ][gc,cpu      ] GC(457) User=0.00s Sys=0.00s Real=0.01s
[2025-08-21T18:30:14.566+0000][1692007][info ][safepoint   ] Safepoint "G1CollectForAllocation", Time since last: 3698913548 ns, Reaching safepoint: 32409 ns, Cleanup: 3846 ns, At safepoint: 6189777 ns, Total: 6226032 ns
[2025-08-21T18:30:16.567+0000][1692007][info ][safepoint   ] Safepoint "Cleanup", Time since last: 2000117798 ns, Reaching safepoint: 40330 ns, Cleanup: 14492 ns, At safepoint: 4197 ns, Total: 59019 ns
[2025-08-21T18:30:20.291+0000][1692007][info ][gc,start    ] GC(458) Pause Young (Concurrent Start) (G1 Evacuation Pause)
[2025-08-21T18:30:20.291+0000][1692007][info ][gc,task     ] GC(458) Using 1 workers of 1 for evacuation
[2025-08-21T18:30:20.291+0000][1692007][debug][gc,age      ] GC(458) Desired survivor size 20971520 bytes, new threshold 1 (max threshold 15)
[2025-08-21T18:30:20.294+0000][1692007][info ][gc,phases   ] GC(458)   Pre Evacuate Collection Set: 0.1ms
[2025-08-21T18:30:20.294+0000][1692007][info ][gc,phases   ] GC(458)   Merge Heap Roots: 0.0ms
[2025-08-21T18:30:20.294+0000][1692007][info ][gc,phases   ] GC(458)   Evacuate Collection Set: 2.2ms
[2025-08-21T18:30:20.294+0000][1692007][info ][gc,phases   ] GC(458)   Post Evacuate Collection Set: 0.8ms
[2025-08-21T18:30:20.294+0000][1692007][info ][gc,phases   ] GC(458)   Other: 0.0ms
[2025-08-21T18:30:20.294+0000][1692007][trace][gc,age      ] GC(458) Age table with threshold 1 (max threshold 15)
[2025-08-21T18:30:20.294+0000][1692007][trace][gc,age      ] GC(458) - age   1:     918152 bytes,     918152 total
[2025-08-21T18:30:20.294+0000][1692007][info ][gc,heap     ] GC(458) Eden regions: 66->0(75)
[2025-08-21T18:30:20.294+0000][1692007][info ][gc,heap     ] GC(458) Survivor regions: 9->1(10)
[2025-08-21T18:30:20.294+0000][1692007][info ][gc,heap     ] GC(458) Old regions: 30->30
[2025-08-21T18:30:20.294+0000][1692007][info ][gc,heap     ] GC(458) Humongous regions: 0->0
[2025-08-21T18:30:20.294+0000][1692007][info ][gc,metaspace] GC(458) Metaspace: 142371K(147968K)->142371K(147968K) NonClass: 123546K(126720K)->123546K(126720K) Class: 18824K(21248K)->18824K(21248K)
[2025-08-21T18:30:20.294+0000][1692007][info ][gc          ] GC(458) Pause Young (Concurrent Start) (G1 Evacuation Pause) 418M->119M(512M) 3.338ms
[2025-08-21T18:30:20.294+0000][1692007][info ][gc,cpu      ] GC(458) User=0.00s Sys=0.00s Real=0.00s
[2025-08-21T18:30:20.294+0000][1692007][info ][safepoint   ] Safepoint "G1CollectForAllocation", Time since last: 3724464981 ns, Reaching safepoint: 4367 ns, Cleanup: 30186 ns, At safepoint: 3382688 ns, Total: 3417241 ns
[2025-08-21T18:30:20.294+0000][1692007][info ][gc          ] GC(459) Concurrent Mark Cycle
[2025-08-21T18:30:20.294+0000][1692007][info ][gc,marking  ] GC(459) Concurrent Scan Root Regions
[2025-08-21T18:30:20.299+0000][1692007][info ][gc,marking  ] GC(459) Concurrent Scan Root Regions 4.938ms
[2025-08-21T18:30:20.299+0000][1692007][info ][gc,marking  ] GC(459) Concurrent Mark
[2025-08-21T18:30:20.299+0000][1692007][info ][gc,marking  ] GC(459) Concurrent Mark From Roots
[2025-08-21T18:30:20.299+0000][1692007][info ][gc,task     ] GC(459) Using 1 workers of 1 for marking
[2025-08-21T18:30:20.601+0000][1692007][info ][gc,marking  ] GC(459) Concurrent Mark From Roots 301.176ms
[2025-08-21T18:30:20.601+0000][1692007][info ][gc,marking  ] GC(459) Concurrent Preclean
[2025-08-21T18:30:20.601+0000][1692007][info ][gc,marking  ] GC(459) Concurrent Preclean 0.433ms
[2025-08-21T18:30:20.601+0000][1692007][info ][gc,start    ] GC(459) Pause Remark
[2025-08-21T18:30:20.630+0000][1692007][info ][gc          ] GC(459) Pause Remark 274M->270M(512M) 29.278ms
[2025-08-21T18:30:20.630+0000][1692007][info ][gc,cpu      ] GC(459) User=0.01s Sys=0.00s Real=0.03s
[2025-08-21T18:30:20.630+0000][1692007][info ][safepoint   ] Safepoint "G1PauseRemark", Time since last: 306736392 ns, Reaching safepoint: 4888 ns, Cleanup: 6910 ns, At safepoint: 29340445 ns, Total: 29352243 ns
[2025-08-21T18:30:20.631+0000][1692007][info ][gc,marking  ] GC(459) Concurrent Mark 331.169ms
[2025-08-21T18:30:20.631+0000][1692007][info ][gc,marking  ] GC(459) Concurrent Rebuild Remembered Sets and Scrub Regions
[2025-08-21T18:30:20.729+0000][1692007][info ][gc,marking  ] GC(459) Concurrent Rebuild Remembered Sets and Scrub Regions 97.580ms
[2025-08-21T18:30:20.729+0000][1692007][info ][gc,start    ] GC(459) Pause Cleanup
[2025-08-21T18:30:20.729+0000][1692007][info ][gc          ] GC(459) Pause Cleanup 277M->277M(512M) 0.184ms
[2025-08-21T18:30:20.729+0000][1692007][info ][gc,cpu      ] GC(459) User=0.00s Sys=0.00s Real=0.00s
[2025-08-21T18:30:20.729+0000][1692007][info ][safepoint   ] Safepoint "G1PauseCleanup", Time since last: 98146305 ns, Reaching safepoint: 4246 ns, Cleanup: 14622 ns, At safepoint: 312031 ns, Total: 330899 ns
[2025-08-21T18:30:20.729+0000][1692007][info ][gc,marking  ] GC(459) Concurrent Clear Claimed Marks
[2025-08-21T18:30:20.729+0000][1692007][info ][gc,marking  ] GC(459) Concurrent Clear Claimed Marks 0.183ms
[2025-08-21T18:30:20.729+0000][1692007][info ][gc,marking  ] GC(459) Concurrent Cleanup for Next Mark
[2025-08-21T18:30:20.734+0000][1692007][info ][gc,marking  ] GC(459) Concurrent Cleanup for Next Mark 5.147ms
[2025-08-21T18:30:20.734+0000][1692007][info ][gc          ] GC(459) Concurrent Mark Cycle 439.916ms
[2025-08-21T18:30:21.729+0000][1692007][info ][safepoint   ] Safepoint "Cleanup", Time since last: 1000073025 ns, Reaching safepoint: 311621 ns, Cleanup: 35393 ns, At safepoint: 6750 ns, Total: 353764 ns
[2025-08-21T18:30:21.831+0000][1692007][info ][gc,start    ] GC(460) Pause Young (Prepare Mixed) (G1 Evacuation Pause)
[2025-08-21T18:30:21.831+0000][1692007][info ][gc,task     ] GC(460) Using 1 workers of 1 for evacuation
[2025-08-21T18:30:21.831+0000][1692007][debug][gc,age      ] GC(460) Desired survivor size 20971520 bytes, new threshold 15 (max threshold 15)
[2025-08-21T18:30:21.835+0000][1692007][info ][gc,phases   ] GC(460)   Pre Evacuate Collection Set: 0.1ms
[2025-08-21T18:30:21.835+0000][1692007][info ][gc,phases   ] GC(460)   Merge Heap Roots: 0.0ms
[2025-08-21T18:30:21.835+0000][1692007][info ][gc,phases   ] GC(460)   Evacuate Collection Set: 2.5ms
[2025-08-21T18:30:21.835+0000][1692007][info ][gc,phases   ] GC(460)   Post Evacuate Collection Set: 0.8ms
[2025-08-21T18:30:21.835+0000][1692007][info ][gc,phases   ] GC(460)   Other: 0.0ms
[2025-08-21T18:30:21.835+0000][1692007][trace][gc,age      ] GC(460) Age table with threshold 15 (max threshold 15)
[2025-08-21T18:30:21.835+0000][1692007][trace][gc,age      ] GC(460) - age   1:    7224728 bytes,    7224728 total
[2025-08-21T18:30:21.835+0000][1692007][trace][gc,age      ] GC(460) - age   2:     593272 bytes,    7818000 total
[2025-08-21T18:30:21.835+0000][1692007][info ][gc,heap     ] GC(460) Eden regions: 75->0(74)
[2025-08-21T18:30:21.835+0000][1692007][info ][gc,heap     ] GC(460) Survivor regions: 1->2(10)
[2025-08-21T18:30:21.835+0000][1692007][info ][gc,heap     ] GC(460) Old regions: 29->29
[2025-08-21T18:30:21.835+0000][1692007][info ][gc,heap     ] GC(460) Humongous regions: 0->0
[2025-08-21T18:30:21.835+0000][1692007][info ][gc,metaspace] GC(460) Metaspace: 142375K(147968K)->142375K(147968K) NonClass: 123551K(126720K)->123551K(126720K) Class: 18824K(21248K)->18824K(21248K)
[2025-08-21T18:30:21.835+0000][1692007][info ][gc          ] GC(460) Pause Young (Prepare Mixed) (G1 Evacuation Pause) 415M->121M(512M) 3.669ms
[2025-08-21T18:30:21.835+0000][1692007][info ][gc,cpu      ] GC(460) User=0.00s Sys=0.00s Real=0.00s
[2025-08-21T18:30:21.835+0000][1692007][info ][safepoint   ] Safepoint "G1CollectForAllocation", Time since last: 101583896 ns, Reaching safepoint: 4957 ns, Cleanup: 3546 ns, At safepoint: 3709361 ns, Total: 3717864 ns
[2025-08-21T18:30:22.835+0000][1692007][info ][safepoint   ] Safepoint "Cleanup", Time since last: 1000073315 ns, Reaching safepoint: 5549 ns, Cleanup: 9344 ns, At safepoint: 2073 ns, Total: 16966 ns
[2025-08-21T18:30:24.855+0000][1692007][info ][safepoint   ] Safepoint "Cleanup", Time since last: 2000154553 ns, Reaching safepoint: 20046891 ns, Cleanup: 9124 ns, At safepoint: 3976 ns, Total: 20059991 ns
[2025-08-21T18:30:25.300+0000][1692007][info ][gc,start    ] GC(461) Pause Young (Mixed) (G1 Evacuation Pause)
[2025-08-21T18:30:25.300+0000][1692007][info ][gc,task     ] GC(461) Using 1 workers of 1 for evacuation
[2025-08-21T18:30:25.300+0000][1692007][debug][gc,age      ] GC(461) Desired survivor size 20971520 bytes, new threshold 15 (max threshold 15)
[2025-08-21T18:30:25.306+0000][1692007][info ][gc,phases   ] GC(461)   Pre Evacuate Collection Set: 0.1ms
[2025-08-21T18:30:25.306+0000][1692007][info ][gc,phases   ] GC(461)   Merge Heap Roots: 0.0ms
[2025-08-21T18:30:25.306+0000][1692007][info ][gc,phases   ] GC(461)   Evacuate Collection Set: 5.3ms
[2025-08-21T18:30:25.306+0000][1692007][info ][gc,phases   ] GC(461)   Post Evacuate Collection Set: 0.8ms
[2025-08-21T18:30:25.306+0000][1692007][info ][gc,phases   ] GC(461)   Other: 0.0ms
[2025-08-21T18:30:25.306+0000][1692007][trace][gc,age      ] GC(461) Age table with threshold 15 (max threshold 15)
[2025-08-21T18:30:25.306+0000][1692007][trace][gc,age      ] GC(461) - age   1:   34978208 bytes,   34978208 total
[2025-08-21T18:30:25.306+0000][1692007][trace][gc,age      ] GC(461) - age   2:    6326976 bytes,   41305184 total
[2025-08-21T18:30:25.306+0000][1692007][trace][gc,age      ] GC(461) - age   3:        488 bytes,   41305672 total
[2025-08-21T18:30:25.306+0000][1692007][info ][gc,heap     ] GC(461) Eden regions: 74->0(63)
[2025-08-21T18:30:25.306+0000][1692007][info ][gc,heap     ] GC(461) Survivor regions: 2->10(10)
[2025-08-21T18:30:25.306+0000][1692007][info ][gc,heap     ] GC(461) Old regions: 29->31
[2025-08-21T18:30:25.306+0000][1692007][info ][gc,heap     ] GC(461) Humongous regions: 0->0
[2025-08-21T18:30:25.306+0000][1692007][info ][gc,metaspace] GC(461) Metaspace: 142383K(147968K)->142383K(147968K) NonClass: 123558K(126720K)->123558K(126720K) Class: 18824K(21248K)->18824K(21248K)
[2025-08-21T18:30:25.306+0000][1692007][info ][gc          ] GC(461) Pause Young (Mixed) (G1 Evacuation Pause) 417M->162M(512M) 6.476ms
[2025-08-21T18:30:25.306+0000][1692007][info ][gc,cpu      ] GC(461) User=0.01s Sys=0.00s Real=0.01s
[2025-08-21T18:30:25.306+0000][1692007][info ][safepoint   ] Safepoint "G1CollectForAllocation", Time since last: 444510256 ns, Reaching safepoint: 5288 ns, Cleanup: 6620 ns, At safepoint: 6523571 ns, Total: 6535479 ns
[2025-08-21T18:30:26.306+0000][1692007][info ][safepoint   ] Safepoint "Cleanup", Time since last: 1000075238 ns, Reaching safepoint: 5929 ns, Cleanup: 10847 ns, At safepoint: 2544 ns, Total: 19320 ns
[2025-08-21T18:30:28.860+0000][1692007][info ][gc,start    ] GC(462) Pause Young (Concurrent Start) (G1 Evacuation Pause)
[2025-08-21T18:30:28.860+0000][1692007][info ][gc,task     ] GC(462) Using 1 workers of 1 for evacuation
[2025-08-21T18:30:28.860+0000][1692007][debug][gc,age      ] GC(462) Desired survivor size 20971520 bytes, new threshold 1 (max threshold 15)
[2025-08-21T18:30:28.864+0000][1692007][info ][gc,phases   ] GC(462)   Pre Evacuate Collection Set: 0.1ms
[2025-08-21T18:30:28.864+0000][1692007][info ][gc,phases   ] GC(462)   Merge Heap Roots: 0.0ms
[2025-08-21T18:30:28.864+0000][1692007][info ][gc,phases   ] GC(462)   Evacuate Collection Set: 3.4ms
[2025-08-21T18:30:28.864+0000][1692007][info ][gc,phases   ] GC(462)   Post Evacuate Collection Set: 0.8ms
[2025-08-21T18:30:28.864+0000][1692007][info ][gc,phases   ] GC(462)   Other: 0.0ms
[2025-08-21T18:30:28.864+0000][1692007][trace][gc,age      ] GC(462) Age table with threshold 1 (max threshold 15)
[2025-08-21T18:30:28.864+0000][1692007][trace][gc,age      ] GC(462) - age   1:    2453184 bytes,    2453184 total
[2025-08-21T18:30:28.864+0000][1692007][info ][gc,heap     ] GC(462) Eden regions: 63->0(75)
[2025-08-21T18:30:28.864+0000][1692007][info ][gc,heap     ] GC(462) Survivor regions: 10->1(10)
[2025-08-21T18:30:28.864+0000][1692007][info ][gc,heap     ] GC(462) Old regions: 31->31
[2025-08-21T18:30:28.864+0000][1692007][info ][gc,heap     ] GC(462) Humongous regions: 0->0
[2025-08-21T18:30:28.864+0000][1692007][info ][gc,metaspace] GC(462) Metaspace: 142386K(147968K)->142386K(147968K) NonClass: 123561K(126720K)->123561K(126720K) Class: 18824K(21248K)->18824K(21248K)
[2025-08-21T18:30:28.864+0000][1692007][info ][gc          ] GC(462) Pause Young (Concurrent Start) (G1 Evacuation Pause) 414M->124M(512M) 4.457ms
[2025-08-21T18:30:28.864+0000][1692007][info ][gc,cpu      ] GC(462) User=0.00s Sys=0.00s Real=0.00s
[2025-08-21T18:30:28.864+0000][1692007][info ][safepoint   ] Safepoint "G1CollectForAllocation", Time since last: 2553207061 ns, Reaching safepoint: 244349 ns, Cleanup: 24067 ns, At safepoint: 4502689 ns, Total: 4771105 ns
[2025-08-21T18:30:28.867+0000][1692007][info ][gc          ] GC(463) Concurrent Mark Cycle
[2025-08-21T18:30:28.867+0000][1692007][info ][gc,marking  ] GC(463) Concurrent Scan Root Regions
[2025-08-21T18:30:28.869+0000][1692007][info ][gc,marking  ] GC(463) Concurrent Scan Root Regions 1.228ms
[2025-08-21T18:30:28.869+0000][1692007][info ][gc,marking  ] GC(463) Concurrent Mark
[2025-08-21T18:30:28.869+0000][1692007][info ][gc,marking  ] GC(463) Concurrent Mark From Roots
[2025-08-21T18:30:28.869+0000][1692007][info ][gc,task     ] GC(463) Using 1 workers of 1 for marking
[2025-08-21T18:30:29.061+0000][1692007][info ][gc,marking  ] GC(463) Concurrent Mark From Roots 192.837ms
[2025-08-21T18:30:29.062+0000][1692007][info ][gc,marking  ] GC(463) Concurrent Preclean
[2025-08-21T18:30:29.062+0000][1692007][info ][gc,marking  ] GC(463) Concurrent Preclean 0.402ms
[2025-08-21T18:30:29.062+0000][1692007][info ][gc,start    ] GC(463) Pause Remark
[2025-08-21T18:30:29.069+0000][1692007][info ][gc          ] GC(463) Pause Remark 187M->183M(512M) 7.267ms
[2025-08-21T18:30:29.069+0000][1692007][info ][gc,cpu      ] GC(463) User=0.01s Sys=0.00s Real=0.01s
[2025-08-21T18:30:29.069+0000][1692007][info ][safepoint   ] Safepoint "G1PauseRemark", Time since last: 197915810 ns, Reaching safepoint: 4787 ns, Cleanup: 8152 ns, At safepoint: 7306563 ns, Total: 7319502 ns
[2025-08-21T18:30:29.069+0000][1692007][info ][gc,marking  ] GC(463) Concurrent Mark 200.747ms
[2025-08-21T18:30:29.069+0000][1692007][info ][gc,marking  ] GC(463) Concurrent Rebuild Remembered Sets and Scrub Regions
[2025-08-21T18:30:29.119+0000][1692007][info ][gc,marking  ] GC(463) Concurrent Rebuild Remembered Sets and Scrub Regions 49.194ms
[2025-08-21T18:30:29.119+0000][1692007][info ][gc,start    ] GC(463) Pause Cleanup
[2025-08-21T18:30:29.119+0000][1692007][info ][gc          ] GC(463) Pause Cleanup 189M->189M(512M) 0.338ms
[2025-08-21T18:30:29.119+0000][1692007][info ][gc,cpu      ] GC(463) User=0.00s Sys=0.00s Real=0.00s
[2025-08-21T18:30:29.119+0000][1692007][info ][safepoint   ] Safepoint "G1PauseCleanup", Time since last: 49341698 ns, Reaching safepoint: 6009 ns, Cleanup: 2384 ns, At safepoint: 504191 ns, Total: 512584 ns
[2025-08-21T18:30:29.119+0000][1692007][info ][gc,marking  ] GC(463) Concurrent Clear Claimed Marks
[2025-08-21T18:30:29.119+0000][1692007][info ][gc,marking  ] GC(463) Concurrent Clear Claimed Marks 0.224ms
[2025-08-21T18:30:29.120+0000][1692007][info ][gc,marking  ] GC(463) Concurrent Cleanup for Next Mark
[2025-08-21T18:30:29.120+0000][1692007][info ][gc,marking  ] GC(463) Concurrent Cleanup for Next Mark 0.241ms
[2025-08-21T18:30:29.120+0000][1692007][info ][gc          ] GC(463) Concurrent Mark Cycle 252.462ms
[2025-08-21T18:30:30.119+0000][1692007][info ][safepoint   ] Safepoint "Cleanup", Time since last: 1000072364 ns, Reaching safepoint: 5539 ns, Cleanup: 18538 ns, At safepoint: 1712 ns, Total: 25789 ns
[2025-08-21T18:30:31.976+0000][1692007][info ][gc,start    ] GC(464) Pause Young (Prepare Mixed) (G1 Evacuation Pause)
[2025-08-21T18:30:31.976+0000][1692007][info ][gc,task     ] GC(464) Using 1 workers of 1 for evacuation
[2025-08-21T18:30:31.976+0000][1692007][debug][gc,age      ] GC(464) Desired survivor size 20971520 bytes, new threshold 15 (max threshold 15)
[2025-08-21T18:30:31.982+0000][1692007][info ][gc,phases   ] GC(464)   Pre Evacuate Collection Set: 0.1ms
[2025-08-21T18:30:31.982+0000][1692007][info ][gc,phases   ] GC(464)   Merge Heap Roots: 0.0ms
[2025-08-21T18:30:31.982+0000][1692007][info ][gc,phases   ] GC(464)   Evacuate Collection Set: 3.8ms
[2025-08-21T18:30:31.982+0000][1692007][info ][gc,phases   ] GC(464)   Post Evacuate Collection Set: 1.6ms
[2025-08-21T18:30:31.982+0000][1692007][info ][gc,phases   ] GC(464)   Other: 0.0ms
[2025-08-21T18:30:31.982+0000][1692007][trace][gc,age      ] GC(464) Age table with threshold 15 (max threshold 15)
[2025-08-21T18:30:31.982+0000][1692007][trace][gc,age      ] GC(464) - age   1:   24799440 bytes,   24799440 total
[2025-08-21T18:30:31.982+0000][1692007][trace][gc,age      ] GC(464) - age   2:     511720 bytes,   25311160 total
[2025-08-21T18:30:31.982+0000][1692007][info ][gc,heap     ] GC(464) Eden regions: 75->0(69)
[2025-08-21T18:30:31.982+0000][1692007][info ][gc,heap     ] GC(464) Survivor regions: 1->7(10)
[2025-08-21T18:30:31.982+0000][1692007][info ][gc,heap     ] GC(464) Old regions: 30->30
[2025-08-21T18:30:31.982+0000][1692007][info ][gc,heap     ] GC(464) Humongous regions: 0->0
[2025-08-21T18:30:31.982+0000][1692007][info ][gc,metaspace] GC(464) Metaspace: 142386K(147968K)->142386K(147968K) NonClass: 123561K(126720K)->123561K(126720K) Class: 18824K(21248K)->18824K(21248K)
[2025-08-21T18:30:31.982+0000][1692007][info ][gc          ] GC(464) Pause Young (Prepare Mixed) (G1 Evacuation Pause) 420M->142M(512M) 5.742ms
[2025-08-21T18:30:31.982+0000][1692007][info ][gc,cpu      ] GC(464) User=0.01s Sys=0.00s Real=0.00s
[2025-08-21T18:30:31.982+0000][1692007][info ][safepoint   ] Safepoint "G1CollectForAllocation", Time since last: 1856592810 ns, Reaching safepoint: 173592 ns, Cleanup: 4527 ns, At safepoint: 5787719 ns, Total: 5965838 ns
[2025-08-21T18:30:34.124+0000][1692007][info ][gc,start    ] GC(465) Pause Young (Mixed) (G1 Evacuation Pause)
[2025-08-21T18:30:34.124+0000][1692007][info ][gc,task     ] GC(465) Using 1 workers of 1 for evacuation
[2025-08-21T18:30:34.124+0000][1692007][debug][gc,age      ] GC(465) Desired survivor size 20971520 bytes, new threshold 1 (max threshold 15)
[2025-08-21T18:30:34.131+0000][1692007][info ][gc,phases   ] GC(465)   Pre Evacuate Collection Set: 0.1ms
[2025-08-21T18:30:34.131+0000][1692007][info ][gc,phases   ] GC(465)   Merge Heap Roots: 0.0ms
[2025-08-21T18:30:34.131+0000][1692007][info ][gc,phases   ] GC(465)   Evacuate Collection Set: 5.5ms
[2025-08-21T18:30:34.131+0000][1692007][info ][gc,phases   ] GC(465)   Post Evacuate Collection Set: 0.8ms
[2025-08-21T18:30:34.131+0000][1692007][info ][gc,phases   ] GC(465)   Other: 0.0ms
[2025-08-21T18:30:34.131+0000][1692007][trace][gc,age      ] GC(465) Age table with threshold 1 (max threshold 15)
[2025-08-21T18:30:34.131+0000][1692007][trace][gc,age      ] GC(465) - age   1:   26659568 bytes,   26659568 total
[2025-08-21T18:30:34.131+0000][1692007][info ][gc,heap     ] GC(465) Eden regions: 69->0(65)
[2025-08-21T18:30:34.131+0000][1692007][info ][gc,heap     ] GC(465) Survivor regions: 7->7(10)
[2025-08-21T18:30:34.131+0000][1692007][info ][gc,heap     ] GC(465) Old regions: 30->35
[2025-08-21T18:30:34.131+0000][1692007][info ][gc,heap     ] GC(465) Humongous regions: 0->0
[2025-08-21T18:30:34.131+0000][1692007][info ][gc,metaspace] GC(465) Metaspace: 142386K(147968K)->142386K(147968K) NonClass: 123562K(126720K)->123562K(126720K) Class: 18824K(21248K)->18824K(21248K)
[2025-08-21T18:30:34.131+0000][1692007][info ][gc          ] GC(465) Pause Young (Mixed) (G1 Evacuation Pause) 418M->164M(512M) 6.634ms
[2025-08-21T18:30:34.131+0000][1692007][info ][gc,cpu      ] GC(465) User=0.00s Sys=0.00s Real=0.01s
[2025-08-21T18:30:34.131+0000][1692007][info ][safepoint   ] Safepoint "G1CollectForAllocation", Time since last: 2142188209 ns, Reaching safepoint: 5158 ns, Cleanup: 3215 ns, At safepoint: 6683142 ns, Total: 6691515 ns
[2025-08-21T18:30:37.888+0000][1692007][info ][gc,start    ] GC(466) Pause Young (Concurrent Start) (G1 Evacuation Pause)
[2025-08-21T18:30:37.888+0000][1692007][info ][gc,task     ] GC(466) Using 1 workers of 1 for evacuation
[2025-08-21T18:30:37.888+0000][1692007][debug][gc,age      ] GC(466) Desired survivor size 18874368 bytes, new threshold 1 (max threshold 15)
[2025-08-21T18:30:37.894+0000][1692007][info ][gc,phases   ] GC(466)   Pre Evacuate Collection Set: 0.1ms
[2025-08-21T18:30:37.894+0000][1692007][info ][gc,phases   ] GC(466)   Merge Heap Roots: 0.0ms
[2025-08-21T18:30:37.894+0000][1692007][info ][gc,phases   ] GC(466)   Evacuate Collection Set: 5.2ms
[2025-08-21T18:30:37.894+0000][1692007][info ][gc,phases   ] GC(466)   Post Evacuate Collection Set: 0.9ms
[2025-08-21T18:30:37.894+0000][1692007][info ][gc,phases   ] GC(466)   Other: 0.0ms
[2025-08-21T18:30:37.894+0000][1692007][trace][gc,age      ] GC(466) Age table with threshold 1 (max threshold 15)
[2025-08-21T18:30:37.894+0000][1692007][trace][gc,age      ] GC(466) - age   1:    6112880 bytes,    6112880 total
[2025-08-21T18:30:37.894+0000][1692007][info ][gc,heap     ] GC(466) Eden regions: 65->0(74)
[2025-08-21T18:30:37.894+0000][1692007][info ][gc,heap     ] GC(466) Survivor regions: 7->2(9)
[2025-08-21T18:30:37.894+0000][1692007][info ][gc,heap     ] GC(466) Old regions: 35->35
[2025-08-21T18:30:37.894+0000][1692007][info ][gc,heap     ] GC(466) Humongous regions: 0->0
[2025-08-21T18:30:37.894+0000][1692007][info ][gc,metaspace] GC(466) Metaspace: 142389K(147968K)->142389K(147968K) NonClass: 123565K(126720K)->123565K(126720K) Class: 18824K(21248K)->18824K(21248K)
[2025-08-21T18:30:37.894+0000][1692007][info ][gc          ] GC(466) Pause Young (Concurrent Start) (G1 Evacuation Pause) 424M->144M(512M) 6.395ms
[2025-08-21T18:30:37.894+0000][1692007][info ][gc,cpu      ] GC(466) User=0.00s Sys=0.00s Real=0.00s
[2025-08-21T18:30:37.894+0000][1692007][info ][safepoint   ] Safepoint "G1CollectForAllocation", Time since last: 3756785947 ns, Reaching safepoint: 28874 ns, Cleanup: 27391 ns, At safepoint: 6437721 ns, Total: 6493986 ns
[2025-08-21T18:30:37.898+0000][1692007][info ][gc          ] GC(467) Concurrent Mark Cycle
[2025-08-21T18:30:37.898+0000][1692007][info ][gc,marking  ] GC(467) Concurrent Scan Root Regions
[2025-08-21T18:30:37.900+0000][1692007][info ][gc,marking  ] GC(467) Concurrent Scan Root Regions 1.642ms
[2025-08-21T18:30:37.900+0000][1692007][info ][gc,marking  ] GC(467) Concurrent Mark
[2025-08-21T18:30:37.900+0000][1692007][info ][gc,marking  ] GC(467) Concurrent Mark From Roots
[2025-08-21T18:30:37.900+0000][1692007][info ][gc,task     ] GC(467) Using 1 workers of 1 for marking
[2025-08-21T18:30:38.120+0000][1692007][info ][gc,marking  ] GC(467) Concurrent Mark From Roots 219.525ms
[2025-08-21T18:30:38.120+0000][1692007][info ][gc,marking  ] GC(467) Concurrent Preclean
[2025-08-21T18:30:38.120+0000][1692007][info ][gc,marking  ] GC(467) Concurrent Preclean 0.415ms
[2025-08-21T18:30:38.120+0000][1692007][info ][gc,start    ] GC(467) Pause Remark
[2025-08-21T18:30:38.129+0000][1692007][info ][gc          ] GC(467) Pause Remark 166M->166M(512M) 8.640ms
[2025-08-21T18:30:38.129+0000][1692007][info ][gc,cpu      ] GC(467) User=0.01s Sys=0.00s Real=0.01s
[2025-08-21T18:30:38.129+0000][1692007][info ][safepoint   ] Safepoint "G1PauseRemark", Time since last: 226107150 ns, Reaching safepoint: 5028 ns, Cleanup: 2804 ns, At safepoint: 8691164 ns, Total: 8698996 ns
[2025-08-21T18:30:38.129+0000][1692007][info ][gc,marking  ] GC(467) Concurrent Mark 228.836ms
[2025-08-21T18:30:38.129+0000][1692007][info ][gc,marking  ] GC(467) Concurrent Rebuild Remembered Sets and Scrub Regions
[2025-08-21T18:30:38.220+0000][1692007][info ][gc,marking  ] GC(467) Concurrent Rebuild Remembered Sets and Scrub Regions 90.496ms
[2025-08-21T18:30:38.220+0000][1692007][info ][gc,start    ] GC(467) Pause Cleanup
[2025-08-21T18:30:38.220+0000][1692007][info ][gc          ] GC(467) Pause Cleanup 202M->202M(512M) 0.143ms
[2025-08-21T18:30:38.220+0000][1692007][info ][gc,cpu      ] GC(467) User=0.00s Sys=0.00s Real=0.00s
[2025-08-21T18:30:38.220+0000][1692007][info ][safepoint   ] Safepoint "G1PauseCleanup", Time since last: 91044210 ns, Reaching safepoint: 69114 ns, Cleanup: 8904 ns, At safepoint: 258801 ns, Total: 336819 ns
[2025-08-21T18:30:38.220+0000][1692007][info ][gc,marking  ] GC(467) Concurrent Clear Claimed Marks
[2025-08-21T18:30:38.220+0000][1692007][info ][gc,marking  ] GC(467) Concurrent Clear Claimed Marks 0.186ms
[2025-08-21T18:30:38.220+0000][1692007][info ][gc,marking  ] GC(467) Concurrent Cleanup for Next Mark
[2025-08-21T18:30:38.221+0000][1692007][info ][gc,marking  ] GC(467) Concurrent Cleanup for Next Mark 0.746ms
[2025-08-21T18:30:38.221+0000][1692007][info ][gc          ] GC(467) Concurrent Mark Cycle 322.798ms
[2025-08-21T18:30:39.220+0000][1692007][info ][safepoint   ] Safepoint "Cleanup", Time since last: 1000070220 ns, Reaching safepoint: 5378 ns, Cleanup: 15404 ns, At safepoint: 2083 ns, Total: 22865 ns
[2025-08-21T18:30:40.220+0000][1692007][info ][safepoint   ] Safepoint "Cleanup", Time since last: 1000089250 ns, Reaching safepoint: 5368 ns, Cleanup: 9784 ns, At safepoint: 1803 ns, Total: 16955 ns
[2025-08-21T18:30:40.923+0000][1692007][info ][gc,start    ] GC(468) Pause Young (Prepare Mixed) (G1 Evacuation Pause)
[2025-08-21T18:30:40.923+0000][1692007][info ][gc,task     ] GC(468) Using 1 workers of 1 for evacuation
[2025-08-21T18:30:40.923+0000][1692007][debug][gc,age      ] GC(468) Desired survivor size 20971520 bytes, new threshold 15 (max threshold 15)
[2025-08-21T18:30:40.928+0000][1692007][info ][gc,phases   ] GC(468)   Pre Evacuate Collection Set: 0.1ms
[2025-08-21T18:30:40.928+0000][1692007][info ][gc,phases   ] GC(468)   Merge Heap Roots: 0.0ms
[2025-08-21T18:30:40.928+0000][1692007][info ][gc,phases   ] GC(468)   Evacuate Collection Set: 3.9ms
[2025-08-21T18:30:40.928+0000][1692007][info ][gc,phases   ] GC(468)   Post Evacuate Collection Set: 0.8ms
[2025-08-21T18:30:40.928+0000][1692007][info ][gc,phases   ] GC(468)   Other: 0.0ms
[2025-08-21T18:30:40.928+0000][1692007][trace][gc,age      ] GC(468) Age table with threshold 15 (max threshold 15)
[2025-08-21T18:30:40.928+0000][1692007][trace][gc,age      ] GC(468) - age   1:   27794256 bytes,   27794256 total
[2025-08-21T18:30:40.928+0000][1692007][trace][gc,age      ] GC(468) - age   2:     551120 bytes,   28345376 total
[2025-08-21T18:30:40.928+0000][1692007][info ][gc,heap     ] GC(468) Eden regions: 74->0(65)
[2025-08-21T18:30:40.928+0000][1692007][info ][gc,heap     ] GC(468) Survivor regions: 2->7(10)
[2025-08-21T18:30:40.928+0000][1692007][info ][gc,heap     ] GC(468) Old regions: 35->35
[2025-08-21T18:30:40.928+0000][1692007][info ][gc,heap     ] GC(468) Humongous regions: 0->0
[2025-08-21T18:30:40.928+0000][1692007][info ][gc,metaspace] GC(468) Metaspace: 142392K(147968K)->142392K(147968K) NonClass: 123567K(126720K)->123567K(126720K) Class: 18824K(21248K)->18824K(21248K)
[2025-08-21T18:30:40.928+0000][1692007][info ][gc          ] GC(468) Pause Young (Prepare Mixed) (G1 Evacuation Pause) 440M->166M(512M) 5.091ms
[2025-08-21T18:30:40.928+0000][1692007][info ][gc,cpu      ] GC(468) User=0.00s Sys=0.00s Real=0.01s
[2025-08-21T18:30:40.928+0000][1692007][info ][safepoint   ] Safepoint "G1CollectForAllocation", Time since last: 702949949 ns, Reaching safepoint: 9835 ns, Cleanup: 3415 ns, At safepoint: 5135825 ns, Total: 5149075 ns
[2025-08-21T18:30:42.899+0000][1692007][info ][gc,start    ] GC(469) Pause Young (Mixed) (G1 Evacuation Pause)
[2025-08-21T18:30:42.899+0000][1692007][info ][gc,task     ] GC(469) Using 1 workers of 1 for evacuation
[2025-08-21T18:30:42.899+0000][1692007][debug][gc,age      ] GC(469) Desired survivor size 18874368 bytes, new threshold 1 (max threshold 15)
[2025-08-21T18:30:42.906+0000][1692007][info ][gc,phases   ] GC(469)   Pre Evacuate Collection Set: 0.1ms
[2025-08-21T18:30:42.906+0000][1692007][info ][gc,phases   ] GC(469)   Merge Heap Roots: 0.0ms
[2025-08-21T18:30:42.906+0000][1692007][info ][gc,phases   ] GC(469)   Evacuate Collection Set: 5.5ms
[2025-08-21T18:30:42.906+0000][1692007][info ][gc,phases   ] GC(469)   Post Evacuate Collection Set: 0.9ms
[2025-08-21T18:30:42.906+0000][1692007][info ][gc,phases   ] GC(469)   Other: 0.0ms
[2025-08-21T18:30:42.906+0000][1692007][trace][gc,age      ] GC(469) Age table with threshold 1 (max threshold 15)
[2025-08-21T18:30:42.906+0000][1692007][trace][gc,age      ] GC(469) - age   1:   24379576 bytes,   24379576 total
[2025-08-21T18:30:42.906+0000][1692007][info ][gc,heap     ] GC(469) Eden regions: 65->0(65)
[2025-08-21T18:30:42.906+0000][1692007][info ][gc,heap     ] GC(469) Survivor regions: 7->6(9)
[2025-08-21T18:30:42.906+0000][1692007][info ][gc,heap     ] GC(469) Old regions: 35->37
[2025-08-21T18:30:42.906+0000][1692007][info ][gc,heap     ] GC(469) Humongous regions: 0->0
[2025-08-21T18:30:42.906+0000][1692007][info ][gc,metaspace] GC(469) Metaspace: 142393K(147968K)->142393K(147968K) NonClass: 123568K(126720K)->123568K(126720K) Class: 18824K(21248K)->18824K(21248K)
[2025-08-21T18:30:42.906+0000][1692007][info ][gc          ] GC(469) Pause Young (Mixed) (G1 Evacuation Pause) 426M->168M(512M) 6.723ms
[2025-08-21T18:30:42.906+0000][1692007][info ][gc,cpu      ] GC(469) User=0.01s Sys=0.00s Real=0.01s
[2025-08-21T18:30:42.906+0000][1692007][info ][safepoint   ] Safepoint "G1CollectForAllocation", Time since last: 1970354144 ns, Reaching safepoint: 87191 ns, Cleanup: 7862 ns, At safepoint: 6769753 ns, Total: 6864806 ns
[2025-08-21T18:30:43.906+0000][1692007][info ][safepoint   ] Safepoint "Cleanup", Time since last: 1000074507 ns, Reaching safepoint: 6069 ns, Cleanup: 13771 ns, At safepoint: 2564 ns, Total: 22404 ns
[2025-08-21T18:30:46.786+0000][1692007][info ][gc,start    ] GC(470) Pause Young (Concurrent Start) (G1 Evacuation Pause)
[2025-08-21T18:30:46.786+0000][1692007][info ][gc,task     ] GC(470) Using 1 workers of 1 for evacuation
[2025-08-21T18:30:46.786+0000][1692007][debug][gc,age      ] GC(470) Desired survivor size 18874368 bytes, new threshold 1 (max threshold 15)
[2025-08-21T18:30:46.789+0000][1692007][info ][gc,phases   ] GC(470)   Pre Evacuate Collection Set: 0.1ms
[2025-08-21T18:30:46.789+0000][1692007][info ][gc,phases   ] GC(470)   Merge Heap Roots: 0.0ms
[2025-08-21T18:30:46.789+0000][1692007][info ][gc,phases   ] GC(470)   Evacuate Collection Set: 2.3ms
[2025-08-21T18:30:46.789+0000][1692007][info ][gc,phases   ] GC(470)   Post Evacuate Collection Set: 0.9ms
[2025-08-21T18:30:46.789+0000][1692007][info ][gc,phases   ] GC(470)   Other: 0.0ms
[2025-08-21T18:30:46.789+0000][1692007][trace][gc,age      ] GC(470) Age table with threshold 1 (max threshold 15)
[2025-08-21T18:30:46.789+0000][1692007][trace][gc,age      ] GC(470) - age   1:    2096240 bytes,    2096240 total
[2025-08-21T18:30:46.789+0000][1692007][info ][gc,heap     ] GC(470) Eden regions: 65->0(75)
[2025-08-21T18:30:46.789+0000][1692007][info ][gc,heap     ] GC(470) Survivor regions: 6->1(9)
[2025-08-21T18:30:46.789+0000][1692007][info ][gc,heap     ] GC(470) Old regions: 37->37
[2025-08-21T18:30:46.789+0000][1692007][info ][gc,heap     ] GC(470) Humongous regions: 0->0
[2025-08-21T18:30:46.789+0000][1692007][info ][gc,metaspace] GC(470) Metaspace: 142405K(147968K)->142405K(147968K) NonClass: 123581K(126720K)->123581K(126720K) Class: 18824K(21248K)->18824K(21248K)
[2025-08-21T18:30:46.789+0000][1692007][info ][gc          ] GC(470) Pause Young (Concurrent Start) (G1 Evacuation Pause) 428M->146M(512M) 3.442ms
[2025-08-21T18:30:46.789+0000][1692007][info ][gc,cpu      ] GC(470) User=0.00s Sys=0.00s Real=0.00s
[2025-08-21T18:30:46.789+0000][1692007][info ][safepoint   ] Safepoint "G1CollectForAllocation", Time since last: 2880145690 ns, Reaching safepoint: 4908 ns, Cleanup: 24697 ns, At safepoint: 3480025 ns, Total: 3509630 ns
[2025-08-21T18:30:46.794+0000][1692007][info ][gc          ] GC(471) Concurrent Mark Cycle
[2025-08-21T18:30:46.794+0000][1692007][info ][gc,marking  ] GC(471) Concurrent Scan Root Regions
[2025-08-21T18:30:46.795+0000][1692007][info ][gc,marking  ] GC(471) Concurrent Scan Root Regions 0.703ms
[2025-08-21T18:30:46.795+0000][1692007][info ][gc,marking  ] GC(471) Concurrent Mark
[2025-08-21T18:30:46.795+0000][1692007][info ][gc,marking  ] GC(471) Concurrent Mark From Roots
[2025-08-21T18:30:46.795+0000][1692007][info ][gc,task     ] GC(471) Using 1 workers of 1 for marking
[2025-08-21T18:30:46.916+0000][1692007][info ][gc,marking  ] GC(471) Concurrent Mark From Roots 120.879ms
[2025-08-21T18:30:46.916+0000][1692007][info ][gc,marking  ] GC(471) Concurrent Preclean
[2025-08-21T18:30:46.916+0000][1692007][info ][gc,marking  ] GC(471) Concurrent Preclean 0.381ms
[2025-08-21T18:30:46.916+0000][1692007][info ][gc,start    ] GC(471) Pause Remark
[2025-08-21T18:30:46.923+0000][1692007][info ][gc          ] GC(471) Pause Remark 154M->150M(512M) 6.902ms
[2025-08-21T18:30:46.923+0000][1692007][info ][gc,cpu      ] GC(471) User=0.01s Sys=0.00s Real=0.00s
[2025-08-21T18:30:46.923+0000][1692007][info ][safepoint   ] Safepoint "G1PauseRemark", Time since last: 126996729 ns, Reaching safepoint: 4848 ns, Cleanup: 2824 ns, At safepoint: 6941121 ns, Total: 6948793 ns
[2025-08-21T18:30:46.923+0000][1692007][info ][gc,marking  ] GC(471) Concurrent Mark 128.378ms
[2025-08-21T18:30:46.924+0000][1692007][info ][gc,marking  ] GC(471) Concurrent Rebuild Remembered Sets and Scrub Regions
[2025-08-21T18:30:46.986+0000][1692007][info ][gc,marking  ] GC(471) Concurrent Rebuild Remembered Sets and Scrub Regions 62.723ms
[2025-08-21T18:30:46.987+0000][1692007][info ][gc,start    ] GC(471) Pause Cleanup
[2025-08-21T18:30:46.987+0000][1692007][info ][gc          ] GC(471) Pause Cleanup 162M->162M(512M) 0.201ms
[2025-08-21T18:30:46.987+0000][1692007][info ][gc,cpu      ] GC(471) User=0.00s Sys=0.00s Real=0.00s
[2025-08-21T18:30:46.987+0000][1692007][info ][safepoint   ] Safepoint "G1PauseCleanup", Time since last: 63094826 ns, Reaching safepoint: 4126 ns, Cleanup: 2614 ns, At safepoint: 327615 ns, Total: 334355 ns
[2025-08-21T18:30:46.987+0000][1692007][info ][gc,marking  ] GC(471) Concurrent Clear Claimed Marks
[2025-08-21T18:30:46.987+0000][1692007][info ][gc,marking  ] GC(471) Concurrent Clear Claimed Marks 0.182ms
[2025-08-21T18:30:46.987+0000][1692007][info ][gc,marking  ] GC(471) Concurrent Cleanup for Next Mark
[2025-08-21T18:30:46.988+0000][1692007][info ][gc,marking  ] GC(471) Concurrent Cleanup for Next Mark 0.520ms
[2025-08-21T18:30:46.988+0000][1692007][info ][gc          ] GC(471) Concurrent Mark Cycle 193.214ms
[2025-08-21T18:30:50.879+0000][1692007][info ][gc,start    ] GC(472) Pause Young (Prepare Mixed) (G1 Evacuation Pause)
[2025-08-21T18:30:50.879+0000][1692007][info ][gc,task     ] GC(472) Using 1 workers of 1 for evacuation
[2025-08-21T18:30:50.879+0000][1692007][debug][gc,age      ] GC(472) Desired survivor size 20971520 bytes, new threshold 15 (max threshold 15)
[2025-08-21T18:30:50.887+0000][1692007][info ][gc,phases   ] GC(472)   Pre Evacuate Collection Set: 0.2ms
[2025-08-21T18:30:50.887+0000][1692007][info ][gc,phases   ] GC(472)   Merge Heap Roots: 0.1ms
[2025-08-21T18:30:50.887+0000][1692007][info ][gc,phases   ] GC(472)   Evacuate Collection Set: 5.3ms
[2025-08-21T18:30:50.887+0000][1692007][info ][gc,phases   ] GC(472)   Post Evacuate Collection Set: 2.4ms
[2025-08-21T18:30:50.887+0000][1692007][info ][gc,phases   ] GC(472)   Other: 0.0ms
[2025-08-21T18:30:50.887+0000][1692007][trace][gc,age      ] GC(472) Age table with threshold 15 (max threshold 15)
[2025-08-21T18:30:50.887+0000][1692007][trace][gc,age      ] GC(472) - age   1:   39937688 bytes,   39937688 total
[2025-08-21T18:30:50.887+0000][1692007][trace][gc,age      ] GC(472) - age   2:    1166320 bytes,   41104008 total
[2025-08-21T18:30:50.887+0000][1692007][info ][gc,heap     ] GC(472) Eden regions: 75->0(56)
[2025-08-21T18:30:50.887+0000][1692007][info ][gc,heap     ] GC(472) Survivor regions: 1->10(10)
[2025-08-21T18:30:50.887+0000][1692007][info ][gc,heap     ] GC(472) Old regions: 36->38
[2025-08-21T18:30:50.887+0000][1692007][info ][gc,heap     ] GC(472) Humongous regions: 0->0
[2025-08-21T18:30:50.887+0000][1692007][info ][gc,metaspace] GC(472) Metaspace: 142407K(147968K)->142407K(147968K) NonClass: 123583K(126720K)->123583K(126720K) Class: 18824K(21248K)->18824K(21248K)
[2025-08-21T18:30:50.887+0000][1692007][info ][gc          ] GC(472) Pause Young (Prepare Mixed) (G1 Evacuation Pause) 442M->191M(512M) 8.184ms
[2025-08-21T18:30:50.887+0000][1692007][info ][gc,cpu      ] GC(472) User=0.00s Sys=0.01s Real=0.01s
[2025-08-21T18:30:50.887+0000][1692007][info ][safepoint   ] Safepoint "G1CollectForAllocation", Time since last: 3892243753 ns, Reaching safepoint: 34222 ns, Cleanup: 6440 ns, At safepoint: 8237609 ns, Total: 8278271 ns
[2025-08-21T18:30:51.887+0000][1692007][info ][safepoint   ] Safepoint "Cleanup", Time since last: 1000077892 ns, Reaching safepoint: 6159 ns, Cleanup: 12670 ns, At safepoint: 2413 ns, Total: 21242 ns
[2025-08-21T18:30:54.718+0000][1692007][info ][gc,start    ] GC(473) Pause Young (Mixed) (G1 Evacuation Pause)
[2025-08-21T18:30:54.718+0000][1692007][info ][gc,task     ] GC(473) Using 1 workers of 1 for evacuation
[2025-08-21T18:30:54.718+0000][1692007][debug][gc,age      ] GC(473) Desired survivor size 18874368 bytes, new threshold 1 (max threshold 15)
[2025-08-21T18:30:54.722+0000][1692007][info ][gc,phases   ] GC(473)   Pre Evacuate Collection Set: 0.1ms
[2025-08-21T18:30:54.722+0000][1692007][info ][gc,phases   ] GC(473)   Merge Heap Roots: 0.0ms
[2025-08-21T18:30:54.722+0000][1692007][info ][gc,phases   ] GC(473)   Evacuate Collection Set: 2.4ms
[2025-08-21T18:30:54.722+0000][1692007][info ][gc,phases   ] GC(473)   Post Evacuate Collection Set: 0.8ms
[2025-08-21T18:30:54.722+0000][1692007][info ][gc,phases   ] GC(473)   Other: 0.0ms
[2025-08-21T18:30:54.722+0000][1692007][trace][gc,age      ] GC(473) Age table with threshold 1 (max threshold 15)
[2025-08-21T18:30:54.722+0000][1692007][trace][gc,age      ] GC(473) - age   1:    1456016 bytes,    1456016 total
[2025-08-21T18:30:54.722+0000][1692007][info ][gc,heap     ] GC(473) Eden regions: 56->0(75)
[2025-08-21T18:30:54.722+0000][1692007][info ][gc,heap     ] GC(473) Survivor regions: 10->1(9)
[2025-08-21T18:30:54.722+0000][1692007][info ][gc,heap     ] GC(473) Old regions: 38->32
[2025-08-21T18:30:54.722+0000][1692007][info ][gc,heap     ] GC(473) Humongous regions: 0->0
[2025-08-21T18:30:54.722+0000][1692007][info ][gc,metaspace] GC(473) Metaspace: 142409K(147968K)->142409K(147968K) NonClass: 123584K(126720K)->123584K(126720K) Class: 18824K(21248K)->18824K(21248K)
[2025-08-21T18:30:54.722+0000][1692007][info ][gc          ] GC(473) Pause Young (Mixed) (G1 Evacuation Pause) 415M->129M(512M) 3.540ms
[2025-08-21T18:30:54.722+0000][1692007][info ][gc,cpu      ] GC(473) User=0.01s Sys=0.00s Real=0.00s
[2025-08-21T18:30:54.722+0000][1692007][info ][safepoint   ] Safepoint "G1CollectForAllocation", Time since last: 2830680026 ns, Reaching safepoint: 32379 ns, Cleanup: 20000 ns, At safepoint: 3578584 ns, Total: 3630963 ns
[2025-08-21T18:30:55.692+0000][1692007][info ][gc,start    ] GC(474) Pause Young (Concurrent Start) (G1 Evacuation Pause)
[2025-08-21T18:30:55.692+0000][1692007][info ][gc,task     ] GC(474) Using 1 workers of 1 for evacuation
[2025-08-21T18:30:55.692+0000][1692007][debug][gc,age      ] GC(474) Desired survivor size 20971520 bytes, new threshold 15 (max threshold 15)
[2025-08-21T18:30:55.696+0000][1692007][info ][gc,phases   ] GC(474)   Pre Evacuate Collection Set: 0.1ms
[2025-08-21T18:30:55.696+0000][1692007][info ][gc,phases   ] GC(474)   Merge Heap Roots: 0.0ms
[2025-08-21T18:30:55.696+0000][1692007][info ][gc,phases   ] GC(474)   Evacuate Collection Set: 2.9ms
[2025-08-21T18:30:55.696+0000][1692007][info ][gc,phases   ] GC(474)   Post Evacuate Collection Set: 0.8ms
[2025-08-21T18:30:55.696+0000][1692007][info ][gc,phases   ] GC(474)   Other: 0.0ms
[2025-08-21T18:30:55.696+0000][1692007][trace][gc,age      ] GC(474) Age table with threshold 15 (max threshold 15)
[2025-08-21T18:30:55.696+0000][1692007][trace][gc,age      ] GC(474) - age   1:   17198904 bytes,   17198904 total
[2025-08-21T18:30:55.696+0000][1692007][trace][gc,age      ] GC(474) - age   2:     470280 bytes,   17669184 total
[2025-08-21T18:30:55.696+0000][1692007][info ][gc,heap     ] GC(474) Eden regions: 75->0(71)
[2025-08-21T18:30:55.696+0000][1692007][info ][gc,heap     ] GC(474) Survivor regions: 1->5(10)
[2025-08-21T18:30:55.696+0000][1692007][info ][gc,heap     ] GC(474) Old regions: 32->32
[2025-08-21T18:30:55.696+0000][1692007][info ][gc,heap     ] GC(474) Humongous regions: 0->0
[2025-08-21T18:30:55.696+0000][1692007][info ][gc,metaspace] GC(474) Metaspace: 142417K(147968K)->142417K(147968K) NonClass: 123592K(126720K)->123592K(126720K) Class: 18824K(21248K)->18824K(21248K)
[2025-08-21T18:30:55.697+0000][1692007][info ][gc          ] GC(474) Pause Young (Concurrent Start) (G1 Evacuation Pause) 429M->145M(512M) 4.090ms
[2025-08-21T18:30:55.697+0000][1692007][info ][gc,cpu      ] GC(474) User=0.00s Sys=0.00s Real=0.01s
[2025-08-21T18:30:55.697+0000][1692007][info ][safepoint   ] Safepoint "G1CollectForAllocation", Time since last: 970576193 ns, Reaching safepoint: 23956 ns, Cleanup: 20161 ns, At safepoint: 4137137 ns, Total: 4181254 ns
[2025-08-21T18:30:55.700+0000][1692007][info ][gc          ] GC(475) Concurrent Mark Cycle
[2025-08-21T18:30:55.700+0000][1692007][info ][gc,marking  ] GC(475) Concurrent Scan Root Regions
[2025-08-21T18:30:55.701+0000][1692007][info ][gc,marking  ] GC(475) Concurrent Scan Root Regions 0.921ms
[2025-08-21T18:30:55.701+0000][1692007][info ][gc,marking  ] GC(475) Concurrent Mark
[2025-08-21T18:30:55.701+0000][1692007][info ][gc,marking  ] GC(475) Concurrent Mark From Roots
[2025-08-21T18:30:55.701+0000][1692007][info ][gc,task     ] GC(475) Using 1 workers of 1 for marking
[2025-08-21T18:30:55.855+0000][1692007][info ][gc,marking  ] GC(475) Concurrent Mark From Roots 154.049ms
[2025-08-21T18:30:55.855+0000][1692007][info ][gc,marking  ] GC(475) Concurrent Preclean
[2025-08-21T18:30:55.856+0000][1692007][info ][gc,marking  ] GC(475) Concurrent Preclean 0.402ms
[2025-08-21T18:30:55.856+0000][1692007][info ][gc,start    ] GC(475) Pause Remark
[2025-08-21T18:30:55.863+0000][1692007][info ][gc          ] GC(475) Pause Remark 191M->191M(512M) 7.283ms
[2025-08-21T18:30:55.863+0000][1692007][info ][gc,cpu      ] GC(475) User=0.00s Sys=0.00s Real=0.00s
[2025-08-21T18:30:55.863+0000][1692007][info ][safepoint   ] Safepoint "G1PauseRemark", Time since last: 159352558 ns, Reaching safepoint: 4908 ns, Cleanup: 2664 ns, At safepoint: 7323629 ns, Total: 7331201 ns
[2025-08-21T18:30:55.869+0000][1692007][info ][gc,marking  ] GC(475) Concurrent Mark 167.645ms
[2025-08-21T18:30:55.869+0000][1692007][info ][gc,marking  ] GC(475) Concurrent Rebuild Remembered Sets and Scrub Regions
[2025-08-21T18:30:55.940+0000][1692007][info ][gc,marking  ] GC(475) Concurrent Rebuild Remembered Sets and Scrub Regions 70.746ms
[2025-08-21T18:30:55.940+0000][1692007][info ][gc,start    ] GC(475) Pause Cleanup
[2025-08-21T18:30:55.940+0000][1692007][info ][gc          ] GC(475) Pause Cleanup 210M->210M(512M) 0.351ms
[2025-08-21T18:30:55.940+0000][1692007][info ][gc,cpu      ] GC(475) User=0.00s Sys=0.00s Real=0.00s
[2025-08-21T18:30:55.941+0000][1692007][info ][safepoint   ] Safepoint "G1PauseCleanup", Time since last: 76779810 ns, Reaching safepoint: 3966 ns, Cleanup: 2373 ns, At safepoint: 505814 ns, Total: 512153 ns
[2025-08-21T18:30:55.941+0000][1692007][info ][gc,marking  ] GC(475) Concurrent Clear Claimed Marks
[2025-08-21T18:30:55.941+0000][1692007][info ][gc,marking  ] GC(475) Concurrent Clear Claimed Marks 0.181ms
[2025-08-21T18:30:55.941+0000][1692007][info ][gc,marking  ] GC(475) Concurrent Cleanup for Next Mark
[2025-08-21T18:30:55.941+0000][1692007][info ][gc,marking  ] GC(475) Concurrent Cleanup for Next Mark 0.246ms
[2025-08-21T18:30:55.941+0000][1692007][info ][gc          ] GC(475) Concurrent Mark Cycle 240.599ms
[2025-08-21T18:30:56.749+0000][1692007][info ][gc,start    ] GC(476) Pause Young (Prepare Mixed) (G1 Evacuation Pause)
[2025-08-21T18:30:56.749+0000][1692007][info ][gc,task     ] GC(476) Using 1 workers of 1 for evacuation
[2025-08-21T18:30:56.749+0000][1692007][debug][gc,age      ] GC(476) Desired survivor size 20971520 bytes, new threshold 15 (max threshold 15)
[2025-08-21T18:30:56.756+0000][1692007][info ][gc,phases   ] GC(476)   Pre Evacuate Collection Set: 0.1ms
[2025-08-21T18:30:56.756+0000][1692007][info ][gc,phases   ] GC(476)   Merge Heap Roots: 0.0ms
[2025-08-21T18:30:56.757+0000][1692007][info ][gc,phases   ] GC(476)   Evacuate Collection Set: 6.5ms
[2025-08-21T18:30:56.757+0000][1692007][info ][gc,phases   ] GC(476)   Post Evacuate Collection Set: 0.8ms
[2025-08-21T18:30:56.757+0000][1692007][info ][gc,phases   ] GC(476)   Other: 0.0ms
[2025-08-21T18:30:56.757+0000][1692007][trace][gc,age      ] GC(476) Age table with threshold 15 (max threshold 15)
[2025-08-21T18:30:56.757+0000][1692007][trace][gc,age      ] GC(476) - age   1:   28394936 bytes,   28394936 total
[2025-08-21T18:30:56.757+0000][1692007][trace][gc,age      ] GC(476) - age   2:   12442648 bytes,   40837584 total
[2025-08-21T18:30:56.757+0000][1692007][trace][gc,age      ] GC(476) - age   3:       4688 bytes,   40842272 total
[2025-08-21T18:30:56.757+0000][1692007][info ][gc,heap     ] GC(476) Eden regions: 71->0(59)
[2025-08-21T18:30:56.757+0000][1692007][info ][gc,heap     ] GC(476) Survivor regions: 5->10(10)
[2025-08-21T18:30:56.757+0000][1692007][info ][gc,heap     ] GC(476) Old regions: 32->35
[2025-08-21T18:30:56.757+0000][1692007][info ][gc,heap     ] GC(476) Humongous regions: 0->0
[2025-08-21T18:30:56.757+0000][1692007][info ][gc,metaspace] GC(476) Metaspace: 142417K(147968K)->142417K(147968K) NonClass: 123592K(126720K)->123592K(126720K) Class: 18824K(21248K)->18824K(21248K)
[2025-08-21T18:30:56.757+0000][1692007][info ][gc          ] GC(476) Pause Young (Prepare Mixed) (G1 Evacuation Pause) 429M->179M(512M) 7.667ms
[2025-08-21T18:30:56.757+0000][1692007][info ][gc,cpu      ] GC(476) User=0.01s Sys=0.00s Real=0.01s
[2025-08-21T18:30:56.757+0000][1692007][info ][safepoint   ] Safepoint "G1CollectForAllocation", Time since last: 808365821 ns, Reaching safepoint: 5097 ns, Cleanup: 3456 ns, At safepoint: 7714759 ns, Total: 7723312 ns
[2025-08-21T18:31:00.037+0000][1692007][info ][gc,start    ] GC(477) Pause Young (Mixed) (G1 Evacuation Pause)
[2025-08-21T18:31:00.037+0000][1692007][info ][gc,task     ] GC(477) Using 1 workers of 1 for evacuation
[2025-08-21T18:31:00.037+0000][1692007][debug][gc,age      ] GC(477) Desired survivor size 18874368 bytes, new threshold 1 (max threshold 15)
[2025-08-21T18:31:00.043+0000][1692007][info ][gc,phases   ] GC(477)   Pre Evacuate Collection Set: 0.2ms
[2025-08-21T18:31:00.043+0000][1692007][info ][gc,phases   ] GC(477)   Merge Heap Roots: 0.3ms
[2025-08-21T18:31:00.043+0000][1692007][info ][gc,phases   ] GC(477)   Evacuate Collection Set: 4.6ms
[2025-08-21T18:31:00.043+0000][1692007][info ][gc,phases   ] GC(477)   Post Evacuate Collection Set: 0.8ms
[2025-08-21T18:31:00.043+0000][1692007][info ][gc,phases   ] GC(477)   Other: 0.0ms
[2025-08-21T18:31:00.043+0000][1692007][trace][gc,age      ] GC(477) Age table with threshold 1 (max threshold 15)
[2025-08-21T18:31:00.043+0000][1692007][trace][gc,age      ] GC(477) - age   1:    6355608 bytes,    6355608 total
[2025-08-21T18:31:00.043+0000][1692007][info ][gc,heap     ] GC(477) Eden regions: 59->0(74)
[2025-08-21T18:31:00.043+0000][1692007][info ][gc,heap     ] GC(477) Survivor regions: 10->2(9)
[2025-08-21T18:31:00.043+0000][1692007][info ][gc,heap     ] GC(477) Old regions: 35->33
[2025-08-21T18:31:00.043+0000][1692007][info ][gc,heap     ] GC(477) Humongous regions: 0->0
[2025-08-21T18:31:00.043+0000][1692007][info ][gc,metaspace] GC(477) Metaspace: 142418K(147968K)->142418K(147968K) NonClass: 123593K(126720K)->123593K(126720K) Class: 18824K(21248K)->18824K(21248K)
[2025-08-21T18:31:00.043+0000][1692007][info ][gc          ] GC(477) Pause Young (Mixed) (G1 Evacuation Pause) 415M->139M(512M) 6.035ms
[2025-08-21T18:31:00.043+0000][1692007][info ][gc,cpu      ] GC(477) User=0.01s Sys=0.00s Real=0.00s
[2025-08-21T18:31:00.043+0000][1692007][info ][safepoint   ] Safepoint "G1CollectForAllocation", Time since last: 3280582624 ns, Reaching safepoint: 33501 ns, Cleanup: 16665 ns, At safepoint: 6075855 ns, Total: 6126021 ns
[2025-08-21T18:31:02.828+0000][1692007][info ][gc,start    ] GC(478) Pause Young (Concurrent Start) (G1 Evacuation Pause)
[2025-08-21T18:31:02.829+0000][1692007][info ][gc,task     ] GC(478) Using 1 workers of 1 for evacuation
[2025-08-21T18:31:02.829+0000][1692007][debug][gc,age      ] GC(478) Desired survivor size 20971520 bytes, new threshold 15 (max threshold 15)
[2025-08-21T18:31:02.834+0000][1692007][info ][gc,phases   ] GC(478)   Pre Evacuate Collection Set: 0.1ms
[2025-08-21T18:31:02.834+0000][1692007][info ][gc,phases   ] GC(478)   Merge Heap Roots: 0.0ms
[2025-08-21T18:31:02.834+0000][1692007][info ][gc,phases   ] GC(478)   Evacuate Collection Set: 4.3ms
[2025-08-21T18:31:02.834+0000][1692007][info ][gc,phases   ] GC(478)   Post Evacuate Collection Set: 0.8ms
[2025-08-21T18:31:02.834+0000][1692007][info ][gc,phases   ] GC(478)   Other: 0.0ms
[2025-08-21T18:31:02.834+0000][1692007][trace][gc,age      ] GC(478) Age table with threshold 15 (max threshold 15)
[2025-08-21T18:31:02.834+0000][1692007][trace][gc,age      ] GC(478) - age   1:   34076248 bytes,   34076248 total
[2025-08-21T18:31:02.834+0000][1692007][trace][gc,age      ] GC(478) - age   2:     433616 bytes,   34509864 total
[2025-08-21T18:31:02.834+0000][1692007][info ][gc,heap     ] GC(478) Eden regions: 74->0(63)
[2025-08-21T18:31:02.834+0000][1692007][info ][gc,heap     ] GC(478) Survivor regions: 2->9(10)
[2025-08-21T18:31:02.834+0000][1692007][info ][gc,heap     ] GC(478) Old regions: 33->33
[2025-08-21T18:31:02.834+0000][1692007][info ][gc,heap     ] GC(478) Humongous regions: 0->0
[2025-08-21T18:31:02.834+0000][1692007][info ][gc,metaspace] GC(478) Metaspace: 142419K(147968K)->142419K(147968K) NonClass: 123594K(126720K)->123594K(126720K) Class: 18824K(21248K)->18824K(21248K)
[2025-08-21T18:31:02.834+0000][1692007][info ][gc          ] GC(478) Pause Young (Concurrent Start) (G1 Evacuation Pause) 435M->165M(512M) 5.644ms
[2025-08-21T18:31:02.834+0000][1692007][info ][gc,cpu      ] GC(478) User=0.01s Sys=0.00s Real=0.00s
[2025-08-21T18:31:02.834+0000][1692007][info ][safepoint   ] Safepoint "G1CollectForAllocation", Time since last: 2784722768 ns, Reaching safepoint: 191659 ns, Cleanup: 4197 ns, At safepoint: 5691494 ns, Total: 5887350 ns
[2025-08-21T18:31:02.836+0000][1692007][info ][gc          ] GC(479) Concurrent Mark Cycle
[2025-08-21T18:31:02.836+0000][1692007][info ][gc,marking  ] GC(479) Concurrent Scan Root Regions
[2025-08-21T18:31:02.837+0000][1692007][info ][gc,marking  ] GC(479) Concurrent Scan Root Regions 1.066ms
[2025-08-21T18:31:02.837+0000][1692007][info ][gc,marking  ] GC(479) Concurrent Mark
[2025-08-21T18:31:02.837+0000][1692007][info ][gc,marking  ] GC(479) Concurrent Mark From Roots
[2025-08-21T18:31:02.837+0000][1692007][info ][gc,task     ] GC(479) Using 1 workers of 1 for marking
[2025-08-21T18:31:03.058+0000][1692007][info ][gc,marking  ] GC(479) Concurrent Mark From Roots 220.397ms
[2025-08-21T18:31:03.058+0000][1692007][info ][gc,marking  ] GC(479) Concurrent Preclean
[2025-08-21T18:31:03.058+0000][1692007][info ][gc,marking  ] GC(479) Concurrent Preclean 0.432ms
[2025-08-21T18:31:03.064+0000][1692007][info ][gc,start    ] GC(479) Pause Remark
[2025-08-21T18:31:03.071+0000][1692007][info ][gc          ] GC(479) Pause Remark 194M->194M(512M) 7.315ms
[2025-08-21T18:31:03.071+0000][1692007][info ][gc,cpu      ] GC(479) User=0.01s Sys=0.00s Real=0.01s
[2025-08-21T18:31:03.071+0000][1692007][info ][safepoint   ] Safepoint "G1PauseRemark", Time since last: 224507935 ns, Reaching safepoint: 5273523 ns, Cleanup: 2664 ns, At safepoint: 7363619 ns, Total: 12639806 ns
[2025-08-21T18:31:03.071+0000][1692007][info ][gc,marking  ] GC(479) Concurrent Mark 233.612ms
[2025-08-21T18:31:03.071+0000][1692007][info ][gc,marking  ] GC(479) Concurrent Rebuild Remembered Sets and Scrub Regions
[2025-08-21T18:31:03.140+0000][1692007][info ][gc,marking  ] GC(479) Concurrent Rebuild Remembered Sets and Scrub Regions 69.342ms
[2025-08-21T18:31:03.159+0000][1692007][info ][gc,start    ] GC(479) Pause Cleanup
[2025-08-21T18:31:03.159+0000][1692007][info ][gc          ] GC(479) Pause Cleanup 205M->205M(512M) 0.127ms
[2025-08-21T18:31:03.159+0000][1692007][info ][gc,cpu      ] GC(479) User=0.00s Sys=0.00s Real=0.00s
[2025-08-21T18:31:03.159+0000][1692007][info ][safepoint   ] Safepoint "G1PauseCleanup", Time since last: 69723155 ns, Reaching safepoint: 18329378 ns, Cleanup: 3836 ns, At safepoint: 284810 ns, Total: 18618024 ns
[2025-08-21T18:31:03.160+0000][1692007][info ][gc,marking  ] GC(479) Concurrent Clear Claimed Marks
[2025-08-21T18:31:03.160+0000][1692007][info ][gc,marking  ] GC(479) Concurrent Clear Claimed Marks 0.183ms
[2025-08-21T18:31:03.160+0000][1692007][info ][gc,marking  ] GC(479) Concurrent Cleanup for Next Mark
[2025-08-21T18:31:03.160+0000][1692007][info ][gc,marking  ] GC(479) Concurrent Cleanup for Next Mark 0.255ms
[2025-08-21T18:31:03.160+0000][1692007][info ][gc          ] GC(479) Concurrent Mark Cycle 323.964ms
[2025-08-21T18:31:07.246+0000][1692007][info ][gc,start    ] GC(480) Pause Young (Prepare Mixed) (G1 Evacuation Pause)
[2025-08-21T18:31:07.247+0000][1692007][info ][gc,task     ] GC(480) Using 1 workers of 1 for evacuation
[2025-08-21T18:31:07.247+0000][1692007][debug][gc,age      ] GC(480) Desired survivor size 18874368 bytes, new threshold 1 (max threshold 15)
[2025-08-21T18:31:07.250+0000][1692007][info ][gc,phases   ] GC(480)   Pre Evacuate Collection Set: 0.1ms
[2025-08-21T18:31:07.250+0000][1692007][info ][gc,phases   ] GC(480)   Merge Heap Roots: 0.0ms
[2025-08-21T18:31:07.250+0000][1692007][info ][gc,phases   ] GC(480)   Evacuate Collection Set: 2.0ms
[2025-08-21T18:31:07.250+0000][1692007][info ][gc,phases   ] GC(480)   Post Evacuate Collection Set: 1.0ms
[2025-08-21T18:31:07.250+0000][1692007][info ][gc,phases   ] GC(480)   Other: 0.0ms
[2025-08-21T18:31:07.250+0000][1692007][trace][gc,age      ] GC(480) Age table with threshold 1 (max threshold 15)
[2025-08-21T18:31:07.250+0000][1692007][trace][gc,age      ] GC(480) - age   1:     216232 bytes,     216232 total
[2025-08-21T18:31:07.250+0000][1692007][info ][gc,heap     ] GC(480) Eden regions: 63->0(75)
[2025-08-21T18:31:07.250+0000][1692007][info ][gc,heap     ] GC(480) Survivor regions: 9->1(9)
[2025-08-21T18:31:07.250+0000][1692007][info ][gc,heap     ] GC(480) Old regions: 33->33
[2025-08-21T18:31:07.250+0000][1692007][info ][gc,heap     ] GC(480) Humongous regions: 0->0
[2025-08-21T18:31:07.250+0000][1692007][info ][gc,metaspace] GC(480) Metaspace: 142420K(147968K)->142420K(147968K) NonClass: 123595K(126720K)->123595K(126720K) Class: 18824K(21248K)->18824K(21248K)
[2025-08-21T18:31:07.250+0000][1692007][info ][gc          ] GC(480) Pause Young (Prepare Mixed) (G1 Evacuation Pause) 417M->133M(512M) 3.238ms
[2025-08-21T18:31:07.250+0000][1692007][info ][gc,cpu      ] GC(480) User=0.01s Sys=0.00s Real=0.00s
[2025-08-21T18:31:07.250+0000][1692007][info ][safepoint   ] Safepoint "G1CollectForAllocation", Time since last: 4087062116 ns, Reaching safepoint: 4607 ns, Cleanup: 5979 ns, At safepoint: 3273643 ns, Total: 3284229 ns
[2025-08-21T18:31:08.216+0000][1692007][info ][gc,start    ] GC(481) Pause Young (Mixed) (G1 Evacuation Pause)
[2025-08-21T18:31:08.216+0000][1692007][info ][gc,task     ] GC(481) Using 1 workers of 1 for evacuation
[2025-08-21T18:31:08.216+0000][1692007][debug][gc,age      ] GC(481) Desired survivor size 20971520 bytes, new threshold 15 (max threshold 15)
[2025-08-21T18:31:08.220+0000][1692007][info ][gc,phases   ] GC(481)   Pre Evacuate Collection Set: 0.1ms
[2025-08-21T18:31:08.220+0000][1692007][info ][gc,phases   ] GC(481)   Merge Heap Roots: 0.0ms
[2025-08-21T18:31:08.220+0000][1692007][info ][gc,phases   ] GC(481)   Evacuate Collection Set: 2.9ms
[2025-08-21T18:31:08.220+0000][1692007][info ][gc,phases   ] GC(481)   Post Evacuate Collection Set: 0.8ms
[2025-08-21T18:31:08.220+0000][1692007][info ][gc,phases   ] GC(481)   Other: 0.0ms
[2025-08-21T18:31:08.220+0000][1692007][trace][gc,age      ] GC(481) Age table with threshold 15 (max threshold 15)
[2025-08-21T18:31:08.220+0000][1692007][trace][gc,age      ] GC(481) - age   1:   16661624 bytes,   16661624 total
[2025-08-21T18:31:08.220+0000][1692007][trace][gc,age      ] GC(481) - age   2:       3872 bytes,   16665496 total
[2025-08-21T18:31:08.220+0000][1692007][info ][gc,heap     ] GC(481) Eden regions: 75->0(71)
[2025-08-21T18:31:08.220+0000][1692007][info ][gc,heap     ] GC(481) Survivor regions: 1->5(10)
[2025-08-21T18:31:08.220+0000][1692007][info ][gc,heap     ] GC(481) Old regions: 33->30
[2025-08-21T18:31:08.220+0000][1692007][info ][gc,heap     ] GC(481) Humongous regions: 0->0
[2025-08-21T18:31:08.220+0000][1692007][info ][gc,metaspace] GC(481) Metaspace: 142425K(147968K)->142425K(147968K) NonClass: 123600K(126720K)->123600K(126720K) Class: 18824K(21248K)->18824K(21248K)
[2025-08-21T18:31:08.220+0000][1692007][info ][gc          ] GC(481) Pause Young (Mixed) (G1 Evacuation Pause) 433M->137M(512M) 3.984ms
[2025-08-21T18:31:08.220+0000][1692007][info ][gc,cpu      ] GC(481) User=0.00s Sys=0.01s Real=0.00s
[2025-08-21T18:31:08.220+0000][1692007][info ][safepoint   ] Safepoint "G1CollectForAllocation", Time since last: 966589644 ns, Reaching safepoint: 30226 ns, Cleanup: 30296 ns, At safepoint: 4021753 ns, Total: 4082275 ns
[2025-08-21T18:31:09.290+0000][1692007][info ][gc,start    ] GC(482) Pause Young (Concurrent Start) (G1 Evacuation Pause)
[2025-08-21T18:31:09.290+0000][1692007][info ][gc,task     ] GC(482) Using 1 workers of 1 for evacuation
[2025-08-21T18:31:09.290+0000][1692007][debug][gc,age      ] GC(482) Desired survivor size 20971520 bytes, new threshold 15 (max threshold 15)
[2025-08-21T18:31:09.297+0000][1692007][info ][gc,phases   ] GC(482)   Pre Evacuate Collection Set: 0.1ms
[2025-08-21T18:31:09.297+0000][1692007][info ][gc,phases   ] GC(482)   Merge Heap Roots: 0.0ms
[2025-08-21T18:31:09.297+0000][1692007][info ][gc,phases   ] GC(482)   Evacuate Collection Set: 6.0ms
[2025-08-21T18:31:09.297+0000][1692007][info ][gc,phases   ] GC(482)   Post Evacuate Collection Set: 0.9ms
[2025-08-21T18:31:09.297+0000][1692007][info ][gc,phases   ] GC(482)   Other: 0.0ms
[2025-08-21T18:31:09.297+0000][1692007][trace][gc,age      ] GC(482) Age table with threshold 15 (max threshold 15)
[2025-08-21T18:31:09.297+0000][1692007][trace][gc,age      ] GC(482) - age   1:   26738512 bytes,   26738512 total
[2025-08-21T18:31:09.297+0000][1692007][trace][gc,age      ] GC(482) - age   2:   13987680 bytes,   40726192 total
[2025-08-21T18:31:09.297+0000][1692007][trace][gc,age      ] GC(482) - age   3:       3184 bytes,   40729376 total
[2025-08-21T18:31:09.297+0000][1692007][info ][gc,heap     ] GC(482) Eden regions: 71->0(61)
[2025-08-21T18:31:09.297+0000][1692007][info ][gc,heap     ] GC(482) Survivor regions: 5->10(10)
[2025-08-21T18:31:09.297+0000][1692007][info ][gc,heap     ] GC(482) Old regions: 30->33
[2025-08-21T18:31:09.297+0000][1692007][info ][gc,heap     ] GC(482) Humongous regions: 0->0
[2025-08-21T18:31:09.297+0000][1692007][info ][gc,metaspace] GC(482) Metaspace: 142425K(147968K)->142425K(147968K) NonClass: 123600K(126720K)->123600K(126720K) Class: 18824K(21248K)->18824K(21248K)
[2025-08-21T18:31:09.297+0000][1692007][info ][gc          ] GC(482) Pause Young (Concurrent Start) (G1 Evacuation Pause) 421M->171M(512M) 7.245ms
[2025-08-21T18:31:09.297+0000][1692007][info ][gc,cpu      ] GC(482) User=0.00s Sys=0.00s Real=0.01s
[2025-08-21T18:31:09.297+0000][1692007][info ][safepoint   ] Safepoint "G1CollectForAllocation", Time since last: 1069677630 ns, Reaching safepoint: 5248 ns, Cleanup: 2243 ns, At safepoint: 7297850 ns, Total: 7305341 ns
[2025-08-21T18:31:09.301+0000][1692007][info ][gc          ] GC(483) Concurrent Mark Cycle
[2025-08-21T18:31:09.301+0000][1692007][info ][gc,marking  ] GC(483) Concurrent Scan Root Regions
[2025-08-21T18:31:09.302+0000][1692007][info ][gc,marking  ] GC(483) Concurrent Scan Root Regions 1.000ms
[2025-08-21T18:31:09.302+0000][1692007][info ][gc,marking  ] GC(483) Concurrent Mark
[2025-08-21T18:31:09.302+0000][1692007][info ][gc,marking  ] GC(483) Concurrent Mark From Roots
[2025-08-21T18:31:09.302+0000][1692007][info ][gc,task     ] GC(483) Using 1 workers of 1 for marking
[2025-08-21T18:31:09.467+0000][1692007][info ][gc,marking  ] GC(483) Concurrent Mark From Roots 164.195ms
[2025-08-21T18:31:09.467+0000][1692007][info ][gc,marking  ] GC(483) Concurrent Preclean
[2025-08-21T18:31:09.467+0000][1692007][info ][gc,marking  ] GC(483) Concurrent Preclean 0.377ms
[2025-08-21T18:31:09.467+0000][1692007][info ][gc,start    ] GC(483) Pause Remark
[2025-08-21T18:31:09.475+0000][1692007][info ][gc          ] GC(483) Pause Remark 225M->225M(512M) 7.388ms
[2025-08-21T18:31:09.475+0000][1692007][info ][gc,cpu      ] GC(483) User=0.01s Sys=0.00s Real=0.00s
[2025-08-21T18:31:09.475+0000][1692007][info ][safepoint   ] Safepoint "G1PauseRemark", Time since last: 169697419 ns, Reaching safepoint: 5028 ns, Cleanup: 9394 ns, At safepoint: 7428187 ns, Total: 7442609 ns
[2025-08-21T18:31:09.475+0000][1692007][info ][gc,marking  ] GC(483) Concurrent Mark 172.181ms
[2025-08-21T18:31:09.475+0000][1692007][info ][gc,marking  ] GC(483) Concurrent Rebuild Remembered Sets and Scrub Regions
[2025-08-21T18:31:09.527+0000][1692007][info ][gc,marking  ] GC(483) Concurrent Rebuild Remembered Sets and Scrub Regions 52.180ms
[2025-08-21T18:31:09.527+0000][1692007][info ][gc,start    ] GC(483) Pause Cleanup
[2025-08-21T18:31:09.527+0000][1692007][info ][gc          ] GC(483) Pause Cleanup 225M->225M(512M) 0.375ms
[2025-08-21T18:31:09.527+0000][1692007][info ][gc,cpu      ] GC(483) User=0.00s Sys=0.00s Real=0.00s
[2025-08-21T18:31:09.527+0000][1692007][info ][safepoint   ] Safepoint "G1PauseCleanup", Time since last: 52315959 ns, Reaching safepoint: 3625 ns, Cleanup: 2234 ns, At safepoint: 569990 ns, Total: 575849 ns
[2025-08-21T18:31:09.527+0000][1692007][info ][gc,marking  ] GC(483) Concurrent Clear Claimed Marks
[2025-08-21T18:31:09.528+0000][1692007][info ][gc,marking  ] GC(483) Concurrent Clear Claimed Marks 0.165ms
[2025-08-21T18:31:09.528+0000][1692007][info ][gc,marking  ] GC(483) Concurrent Cleanup for Next Mark
[2025-08-21T18:31:09.528+0000][1692007][info ][gc,marking  ] GC(483) Concurrent Cleanup for Next Mark 0.267ms
[2025-08-21T18:31:09.528+0000][1692007][info ][gc          ] GC(483) Concurrent Mark Cycle 226.548ms
[2025-08-21T18:31:12.259+0000][1692007][info ][gc,start    ] GC(484) Pause Young (Prepare Mixed) (G1 Evacuation Pause)
[2025-08-21T18:31:12.259+0000][1692007][info ][gc,task     ] GC(484) Using 1 workers of 1 for evacuation
[2025-08-21T18:31:12.259+0000][1692007][debug][gc,age      ] GC(484) Desired survivor size 18874368 bytes, new threshold 1 (max threshold 15)
[2025-08-21T18:31:12.265+0000][1692007][info ][gc,phases   ] GC(484)   Pre Evacuate Collection Set: 0.3ms
[2025-08-21T18:31:12.265+0000][1692007][info ][gc,phases   ] GC(484)   Merge Heap Roots: 0.0ms
[2025-08-21T18:31:12.265+0000][1692007][info ][gc,phases   ] GC(484)   Evacuate Collection Set: 4.2ms
[2025-08-21T18:31:12.265+0000][1692007][info ][gc,phases   ] GC(484)   Post Evacuate Collection Set: 1.1ms
[2025-08-21T18:31:12.265+0000][1692007][info ][gc,phases   ] GC(484)   Other: 0.0ms
[2025-08-21T18:31:12.265+0000][1692007][trace][gc,age      ] GC(484) Age table with threshold 1 (max threshold 15)
[2025-08-21T18:31:12.265+0000][1692007][trace][gc,age      ] GC(484) - age   1:    3360168 bytes,    3360168 total
[2025-08-21T18:31:12.265+0000][1692007][info ][gc,heap     ] GC(484) Eden regions: 61->0(75)
[2025-08-21T18:31:12.265+0000][1692007][info ][gc,heap     ] GC(484) Survivor regions: 10->1(9)
[2025-08-21T18:31:12.265+0000][1692007][info ][gc,heap     ] GC(484) Old regions: 33->33
[2025-08-21T18:31:12.265+0000][1692007][info ][gc,heap     ] GC(484) Humongous regions: 0->0
[2025-08-21T18:31:12.265+0000][1692007][info ][gc,metaspace] GC(484) Metaspace: 142433K(147968K)->142433K(147968K) NonClass: 123608K(126720K)->123608K(126720K) Class: 18824K(21248K)->18824K(21248K)
[2025-08-21T18:31:12.265+0000][1692007][info ][gc          ] GC(484) Pause Young (Prepare Mixed) (G1 Evacuation Pause) 415M->135M(512M) 5.800ms
[2025-08-21T18:31:12.265+0000][1692007][info ][gc,cpu      ] GC(484) User=0.00s Sys=0.00s Real=0.00s
[2025-08-21T18:31:12.265+0000][1692007][info ][safepoint   ] Safepoint "G1CollectForAllocation", Time since last: 2731658129 ns, Reaching safepoint: 4738 ns, Cleanup: 19329 ns, At safepoint: 5836082 ns, Total: 5860149 ns
[2025-08-21T18:31:13.265+0000][1692007][info ][safepoint   ] Safepoint "Cleanup", Time since last: 1000073526 ns, Reaching safepoint: 248485 ns, Cleanup: 8503 ns, At safepoint: 5248 ns, Total: 262236 ns
[2025-08-21T18:31:14.810+0000][1692007][info ][gc,start    ] GC(485) Pause Young (Mixed) (G1 Evacuation Pause)
[2025-08-21T18:31:14.810+0000][1692007][info ][gc,task     ] GC(485) Using 1 workers of 1 for evacuation
[2025-08-21T18:31:14.811+0000][1692007][debug][gc,age      ] GC(485) Desired survivor size 20971520 bytes, new threshold 15 (max threshold 15)
[2025-08-21T18:31:14.816+0000][1692007][info ][gc,phases   ] GC(485)   Pre Evacuate Collection Set: 0.1ms
[2025-08-21T18:31:14.816+0000][1692007][info ][gc,phases   ] GC(485)   Merge Heap Roots: 0.0ms
[2025-08-21T18:31:14.816+0000][1692007][info ][gc,phases   ] GC(485)   Evacuate Collection Set: 4.7ms
[2025-08-21T18:31:14.816+0000][1692007][info ][gc,phases   ] GC(485)   Post Evacuate Collection Set: 0.9ms
[2025-08-21T18:31:14.816+0000][1692007][info ][gc,phases   ] GC(485)   Other: 0.0ms
[2025-08-21T18:31:14.816+0000][1692007][trace][gc,age      ] GC(485) Age table with threshold 15 (max threshold 15)
[2025-08-21T18:31:14.816+0000][1692007][trace][gc,age      ] GC(485) - age   1:   40352568 bytes,   40352568 total
[2025-08-21T18:31:14.816+0000][1692007][trace][gc,age      ] GC(485) - age   2:     554328 bytes,   40906896 total
[2025-08-21T18:31:14.816+0000][1692007][info ][gc,heap     ] GC(485) Eden regions: 75->0(60)
[2025-08-21T18:31:14.816+0000][1692007][info ][gc,heap     ] GC(485) Survivor regions: 1->10(10)
[2025-08-21T18:31:14.816+0000][1692007][info ][gc,heap     ] GC(485) Old regions: 33->34
[2025-08-21T18:31:14.816+0000][1692007][info ][gc,heap     ] GC(485) Humongous regions: 0->0
[2025-08-21T18:31:14.816+0000][1692007][info ][gc,metaspace] GC(485) Metaspace: 142433K(147968K)->142433K(147968K) NonClass: 123608K(126720K)->123608K(126720K) Class: 18824K(21248K)->18824K(21248K)
[2025-08-21T18:31:14.816+0000][1692007][info ][gc          ] GC(485) Pause Young (Mixed) (G1 Evacuation Pause) 435M->172M(512M) 5.897ms
[2025-08-21T18:31:14.816+0000][1692007][info ][gc,cpu      ] GC(485) User=0.00s Sys=0.00s Real=0.01s
[2025-08-21T18:31:14.816+0000][1692007][info ][safepoint   ] Safepoint "G1CollectForAllocation", Time since last: 1545129710 ns, Reaching safepoint: 5348 ns, Cleanup: 3926 ns, At safepoint: 5950145 ns, Total: 5959419 ns
[2025-08-21T18:31:15.816+0000][1692007][info ][safepoint   ] Safepoint "Cleanup", Time since last: 1000075278 ns, Reaching safepoint: 5939 ns, Cleanup: 12109 ns, At safepoint: 2373 ns, Total: 20421 ns
[2025-08-21T18:31:18.095+0000][1692007][info ][gc,start    ] GC(486) Pause Young (Concurrent Start) (G1 Evacuation Pause)
[2025-08-21T18:31:18.095+0000][1692007][info ][gc,task     ] GC(486) Using 1 workers of 1 for evacuation
[2025-08-21T18:31:18.095+0000][1692007][debug][gc,age      ] GC(486) Desired survivor size 18874368 bytes, new threshold 1 (max threshold 15)
[2025-08-21T18:31:18.099+0000][1692007][info ][gc,phases   ] GC(486)   Pre Evacuate Collection Set: 0.4ms
[2025-08-21T18:31:18.100+0000][1692007][info ][gc,phases   ] GC(486)   Merge Heap Roots: 0.0ms
[2025-08-21T18:31:18.100+0000][1692007][info ][gc,phases   ] GC(486)   Evacuate Collection Set: 2.8ms
[2025-08-21T18:31:18.100+0000][1692007][info ][gc,phases   ] GC(486)   Post Evacuate Collection Set: 0.8ms
[2025-08-21T18:31:18.100+0000][1692007][info ][gc,phases   ] GC(486)   Other: 0.0ms
[2025-08-21T18:31:18.100+0000][1692007][trace][gc,age      ] GC(486) Age table with threshold 1 (max threshold 15)
[2025-08-21T18:31:18.100+0000][1692007][trace][gc,age      ] GC(486) - age   1:    1858032 bytes,    1858032 total
[2025-08-21T18:31:18.100+0000][1692007][info ][gc,heap     ] GC(486) Eden regions: 60->0(75)
[2025-08-21T18:31:18.100+0000][1692007][info ][gc,heap     ] GC(486) Survivor regions: 10->1(9)
[2025-08-21T18:31:18.100+0000][1692007][info ][gc,heap     ] GC(486) Old regions: 34->34
[2025-08-21T18:31:18.100+0000][1692007][info ][gc,heap     ] GC(486) Humongous regions: 0->0
[2025-08-21T18:31:18.100+0000][1692007][info ][gc,metaspace] GC(486) Metaspace: 142441K(147968K)->142441K(147968K) NonClass: 123616K(126720K)->123616K(126720K) Class: 18824K(21248K)->18824K(21248K)
[2025-08-21T18:31:18.100+0000][1692007][info ][gc          ] GC(486) Pause Young (Concurrent Start) (G1 Evacuation Pause) 412M->134M(512M) 4.158ms
[2025-08-21T18:31:18.100+0000][1692007][info ][gc,cpu      ] GC(486) User=0.00s Sys=0.00s Real=0.00s
[2025-08-21T18:31:18.100+0000][1692007][info ][safepoint   ] Safepoint "G1CollectForAllocation", Time since last: 2278865296 ns, Reaching safepoint: 33871 ns, Cleanup: 23726 ns, At safepoint: 4207243 ns, Total: 4264840 ns
[2025-08-21T18:31:18.103+0000][1692007][info ][gc          ] GC(487) Concurrent Mark Cycle
[2025-08-21T18:31:18.103+0000][1692007][info ][gc,marking  ] GC(487) Concurrent Scan Root Regions
[2025-08-21T18:31:18.105+0000][1692007][info ][gc,marking  ] GC(487) Concurrent Scan Root Regions 1.236ms
[2025-08-21T18:31:18.105+0000][1692007][info ][gc,marking  ] GC(487) Concurrent Mark
[2025-08-21T18:31:18.105+0000][1692007][info ][gc,marking  ] GC(487) Concurrent Mark From Roots
[2025-08-21T18:31:18.105+0000][1692007][info ][gc,task     ] GC(487) Using 1 workers of 1 for marking
[2025-08-21T18:31:18.363+0000][1692007][info ][gc,marking  ] GC(487) Concurrent Mark From Roots 258.732ms
[2025-08-21T18:31:18.363+0000][1692007][info ][gc,marking  ] GC(487) Concurrent Preclean
[2025-08-21T18:31:18.364+0000][1692007][info ][gc,marking  ] GC(487) Concurrent Preclean 0.418ms
[2025-08-21T18:31:18.364+0000][1692007][info ][gc,start    ] GC(487) Pause Remark
[2025-08-21T18:31:18.371+0000][1692007][info ][gc          ] GC(487) Pause Remark 264M->264M(512M) 6.756ms
[2025-08-21T18:31:18.371+0000][1692007][info ][gc,cpu      ] GC(487) User=0.01s Sys=0.00s Real=0.01s
[2025-08-21T18:31:18.371+0000][1692007][info ][safepoint   ] Safepoint "G1PauseRemark", Time since last: 264297709 ns, Reaching safepoint: 7020 ns, Cleanup: 10877 ns, At safepoint: 6804545 ns, Total: 6822442 ns
[2025-08-21T18:31:18.371+0000][1692007][info ][gc,marking  ] GC(487) Concurrent Mark 266.256ms
[2025-08-21T18:31:18.371+0000][1692007][info ][gc,marking  ] GC(487) Concurrent Rebuild Remembered Sets and Scrub Regions
[2025-08-21T18:31:18.440+0000][1692007][info ][gc,marking  ] GC(487) Concurrent Rebuild Remembered Sets and Scrub Regions 68.961ms
[2025-08-21T18:31:18.441+0000][1692007][info ][gc,start    ] GC(487) Pause Cleanup
[2025-08-21T18:31:18.441+0000][1692007][info ][gc          ] GC(487) Pause Cleanup 287M->287M(512M) 0.084ms
[2025-08-21T18:31:18.441+0000][1692007][info ][gc,cpu      ] GC(487) User=0.00s Sys=0.00s Real=0.00s
[2025-08-21T18:31:18.441+0000][1692007][info ][safepoint   ] Safepoint "G1PauseCleanup", Time since last: 69242909 ns, Reaching safepoint: 650733 ns, Cleanup: 11197 ns, At safepoint: 259472 ns, Total: 921402 ns
[2025-08-21T18:31:18.441+0000][1692007][info ][gc,marking  ] GC(487) Concurrent Clear Claimed Marks
[2025-08-21T18:31:18.441+0000][1692007][info ][gc,marking  ] GC(487) Concurrent Clear Claimed Marks 0.180ms
[2025-08-21T18:31:18.441+0000][1692007][info ][gc,marking  ] GC(487) Concurrent Cleanup for Next Mark
[2025-08-21T18:31:18.458+0000][1692007][info ][gc,marking  ] GC(487) Concurrent Cleanup for Next Mark 16.589ms
[2025-08-21T18:31:18.458+0000][1692007][info ][gc          ] GC(487) Concurrent Mark Cycle 354.370ms
[2025-08-21T18:31:19.392+0000][1692007][info ][gc,start    ] GC(488) Pause Young (Prepare Mixed) (G1 Evacuation Pause)
[2025-08-21T18:31:19.392+0000][1692007][info ][gc,task     ] GC(488) Using 1 workers of 1 for evacuation
[2025-08-21T18:31:19.392+0000][1692007][debug][gc,age      ] GC(488) Desired survivor size 20971520 bytes, new threshold 15 (max threshold 15)
[2025-08-21T18:31:19.396+0000][1692007][info ][gc,phases   ] GC(488)   Pre Evacuate Collection Set: 0.1ms
[2025-08-21T18:31:19.396+0000][1692007][info ][gc,phases   ] GC(488)   Merge Heap Roots: 0.0ms
[2025-08-21T18:31:19.396+0000][1692007][info ][gc,phases   ] GC(488)   Evacuate Collection Set: 3.0ms
[2025-08-21T18:31:19.396+0000][1692007][info ][gc,phases   ] GC(488)   Post Evacuate Collection Set: 0.8ms
[2025-08-21T18:31:19.396+0000][1692007][info ][gc,phases   ] GC(488)   Other: 0.0ms
[2025-08-21T18:31:19.396+0000][1692007][trace][gc,age      ] GC(488) Age table with threshold 15 (max threshold 15)
[2025-08-21T18:31:19.396+0000][1692007][trace][gc,age      ] GC(488) - age   1:   11510128 bytes,   11510128 total
[2025-08-21T18:31:19.396+0000][1692007][trace][gc,age      ] GC(488) - age   2:     535392 bytes,   12045520 total
[2025-08-21T18:31:19.396+0000][1692007][info ][gc,heap     ] GC(488) Eden regions: 75->0(73)
[2025-08-21T18:31:19.396+0000][1692007][info ][gc,heap     ] GC(488) Survivor regions: 1->3(10)
[2025-08-21T18:31:19.396+0000][1692007][info ][gc,heap     ] GC(488) Old regions: 34->34
[2025-08-21T18:31:19.396+0000][1692007][info ][gc,heap     ] GC(488) Humongous regions: 0->0
[2025-08-21T18:31:19.396+0000][1692007][info ][gc,metaspace] GC(488) Metaspace: 142442K(147968K)->142442K(147968K) NonClass: 123617K(126720K)->123617K(126720K) Class: 18824K(21248K)->18824K(21248K)
[2025-08-21T18:31:19.396+0000][1692007][info ][gc          ] GC(488) Pause Young (Prepare Mixed) (G1 Evacuation Pause) 434M->144M(512M) 4.085ms
[2025-08-21T18:31:19.396+0000][1692007][info ][gc,cpu      ] GC(488) User=0.00s Sys=0.00s Real=0.01s
[2025-08-21T18:31:19.396+0000][1692007][info ][safepoint   ] Safepoint "G1CollectForAllocation", Time since last: 950608982 ns, Reaching safepoint: 4848 ns, Cleanup: 12649 ns, At safepoint: 4119330 ns, Total: 4136827 ns
[2025-08-21T18:31:22.350+0000][1692007][info ][gc,start    ] GC(489) Pause Young (Mixed) (G1 Evacuation Pause)
[2025-08-21T18:31:22.350+0000][1692007][info ][gc,task     ] GC(489) Using 1 workers of 1 for evacuation
[2025-08-21T18:31:22.350+0000][1692007][debug][gc,age      ] GC(489) Desired survivor size 20971520 bytes, new threshold 15 (max threshold 15)
[2025-08-21T18:31:22.357+0000][1692007][info ][gc,phases   ] GC(489)   Pre Evacuate Collection Set: 0.1ms
[2025-08-21T18:31:22.357+0000][1692007][info ][gc,phases   ] GC(489)   Merge Heap Roots: 0.0ms
[2025-08-21T18:31:22.357+0000][1692007][info ][gc,phases   ] GC(489)   Evacuate Collection Set: 5.6ms
[2025-08-21T18:31:22.357+0000][1692007][info ][gc,phases   ] GC(489)   Post Evacuate Collection Set: 0.9ms
[2025-08-21T18:31:22.357+0000][1692007][info ][gc,phases   ] GC(489)   Other: 0.0ms
[2025-08-21T18:31:22.357+0000][1692007][trace][gc,age      ] GC(489) Age table with threshold 15 (max threshold 15)
[2025-08-21T18:31:22.357+0000][1692007][trace][gc,age      ] GC(489) - age   1:   31186296 bytes,   31186296 total
[2025-08-21T18:31:22.357+0000][1692007][trace][gc,age      ] GC(489) - age   2:    9679600 bytes,   40865896 total
[2025-08-21T18:31:22.357+0000][1692007][trace][gc,age      ] GC(489) - age   3:       5736 bytes,   40871632 total
[2025-08-21T18:31:22.357+0000][1692007][info ][gc,heap     ] GC(489) Eden regions: 73->0(61)
[2025-08-21T18:31:22.357+0000][1692007][info ][gc,heap     ] GC(489) Survivor regions: 3->10(10)
[2025-08-21T18:31:22.357+0000][1692007][info ][gc,heap     ] GC(489) Old regions: 34->33
[2025-08-21T18:31:22.357+0000][1692007][info ][gc,heap     ] GC(489) Humongous regions: 0->0
[2025-08-21T18:31:22.357+0000][1692007][info ][gc,metaspace] GC(489) Metaspace: 142444K(147968K)->142444K(147968K) NonClass: 123619K(126720K)->123619K(126720K) Class: 18824K(21248K)->18824K(21248K)
[2025-08-21T18:31:22.357+0000][1692007][info ][gc          ] GC(489) Pause Young (Mixed) (G1 Evacuation Pause) 436M->169M(512M) 6.931ms
[2025-08-21T18:31:22.357+0000][1692007][info ][gc,cpu      ] GC(489) User=0.01s Sys=0.00s Real=0.01s
[2025-08-21T18:31:22.357+0000][1692007][info ][safepoint   ] Safepoint "G1CollectForAllocation", Time since last: 2954650085 ns, Reaching safepoint: 5538 ns, Cleanup: 3335 ns, At safepoint: 6978989 ns, Total: 6987862 ns
[2025-08-21T18:31:25.357+0000][1692007][info ][safepoint   ] Safepoint "Cleanup", Time since last: 3000156070 ns, Reaching safepoint: 24126 ns, Cleanup: 15794 ns, At safepoint: 2414 ns, Total: 42334 ns
[2025-08-21T18:31:27.359+0000][1692007][info ][safepoint   ] Safepoint "Cleanup", Time since last: 2001456078 ns, Reaching safepoint: 5949 ns, Cleanup: 33000 ns, At safepoint: 2403 ns, Total: 41352 ns
[2025-08-21T18:31:38.677+0000][1692007][info ][gc,start    ] GC(490) Pause Young (Concurrent Start) (G1 Evacuation Pause)
[2025-08-21T18:31:38.677+0000][1692007][info ][gc,task     ] GC(490) Using 1 workers of 1 for evacuation
[2025-08-21T18:31:38.677+0000][1692007][debug][gc,age      ] GC(490) Desired survivor size 18874368 bytes, new threshold 1 (max threshold 15)
[2025-08-21T18:31:38.686+0000][1692007][info ][gc,phases   ] GC(490)   Pre Evacuate Collection Set: 0.1ms
[2025-08-21T18:31:38.686+0000][1692007][info ][gc,phases   ] GC(490)   Merge Heap Roots: 0.0ms
[2025-08-21T18:31:38.686+0000][1692007][info ][gc,phases   ] GC(490)   Evacuate Collection Set: 7.8ms
[2025-08-21T18:31:38.686+0000][1692007][info ][gc,phases   ] GC(490)   Post Evacuate Collection Set: 0.8ms
[2025-08-21T18:31:38.686+0000][1692007][info ][gc,phases   ] GC(490)   Other: 0.0ms
[2025-08-21T18:31:38.686+0000][1692007][trace][gc,age      ] GC(490) Age table with threshold 1 (max threshold 15)
[2025-08-21T18:31:38.686+0000][1692007][trace][gc,age      ] GC(490) - age   1:   37650936 bytes,   37650936 total
[2025-08-21T18:31:38.686+0000][1692007][info ][gc,heap     ] GC(490) Eden regions: 61->0(61)
[2025-08-21T18:31:38.686+0000][1692007][info ][gc,heap     ] GC(490) Survivor regions: 10->9(9)
[2025-08-21T18:31:38.686+0000][1692007][info ][gc,heap     ] GC(490) Old regions: 33->35
[2025-08-21T18:31:38.686+0000][1692007][info ][gc,heap     ] GC(490) Humongous regions: 0->0
[2025-08-21T18:31:38.686+0000][1692007][info ][gc,metaspace] GC(490) Metaspace: 142446K(147968K)->142446K(147968K) NonClass: 123622K(126720K)->123622K(126720K) Class: 18824K(21248K)->18824K(21248K)
[2025-08-21T18:31:38.686+0000][1692007][info ][gc          ] GC(490) Pause Young (Concurrent Start) (G1 Evacuation Pause) 413M->175M(512M) 8.927ms
[2025-08-21T18:31:38.686+0000][1692007][info ][gc,cpu      ] GC(490) User=0.01s Sys=0.00s Real=0.01s
[2025-08-21T18:31:38.686+0000][1692007][info ][safepoint   ] Safepoint "G1CollectForAllocation", Time since last: 11317549224 ns, Reaching safepoint: 844766 ns, Cleanup: 13129 ns, At safepoint: 8988003 ns, Total: 9845898 ns
[2025-08-21T18:31:38.690+0000][1692007][info ][gc          ] GC(491) Concurrent Mark Cycle
[2025-08-21T18:31:38.690+0000][1692007][info ][gc,marking  ] GC(491) Concurrent Scan Root Regions
[2025-08-21T18:31:38.692+0000][1692007][info ][gc,marking  ] GC(491) Concurrent Scan Root Regions 1.440ms
[2025-08-21T18:31:38.692+0000][1692007][info ][gc,marking  ] GC(491) Concurrent Mark
[2025-08-21T18:31:38.692+0000][1692007][info ][gc,marking  ] GC(491) Concurrent Mark From Roots
[2025-08-21T18:31:38.692+0000][1692007][info ][gc,task     ] GC(491) Using 1 workers of 1 for marking
[2025-08-21T18:31:38.923+0000][1692007][info ][gc,marking  ] GC(491) Concurrent Mark From Roots 231.489ms
[2025-08-21T18:31:38.923+0000][1692007][info ][gc,marking  ] GC(491) Concurrent Preclean
[2025-08-21T18:31:38.924+0000][1692007][info ][gc,marking  ] GC(491) Concurrent Preclean 0.405ms
[2025-08-21T18:31:38.924+0000][1692007][info ][gc,start    ] GC(491) Pause Remark
[2025-08-21T18:31:38.932+0000][1692007][info ][gc          ] GC(491) Pause Remark 329M->325M(512M) 7.610ms
[2025-08-21T18:31:38.932+0000][1692007][info ][gc,cpu      ] GC(491) User=0.01s Sys=0.00s Real=0.01s
[2025-08-21T18:31:38.932+0000][1692007][info ][safepoint   ] Safepoint "G1PauseRemark", Time since last: 237535236 ns, Reaching safepoint: 5148 ns, Cleanup: 14692 ns, At safepoint: 7674659 ns, Total: 7694499 ns
[2025-08-21T18:31:38.932+0000][1692007][info ][gc,marking  ] GC(491) Concurrent Mark 239.795ms
[2025-08-21T18:31:38.932+0000][1692007][info ][gc,marking  ] GC(491) Concurrent Rebuild Remembered Sets and Scrub Regions
[2025-08-21T18:31:38.980+0000][1692007][info ][gc,marking  ] GC(491) Concurrent Rebuild Remembered Sets and Scrub Regions 48.238ms
[2025-08-21T18:31:38.980+0000][1692007][info ][gc,start    ] GC(491) Pause Cleanup
[2025-08-21T18:31:38.980+0000][1692007][info ][gc          ] GC(491) Pause Cleanup 325M->325M(512M) 0.402ms
[2025-08-21T18:31:38.981+0000][1692007][info ][gc,cpu      ] GC(491) User=0.00s Sys=0.00s Real=0.00s
[2025-08-21T18:31:38.981+0000][1692007][info ][safepoint   ] Safepoint "G1PauseCleanup", Time since last: 48383701 ns, Reaching safepoint: 3505 ns, Cleanup: 1633 ns, At safepoint: 543821 ns, Total: 548959 ns
[2025-08-21T18:31:38.981+0000][1692007][info ][gc,marking  ] GC(491) Concurrent Clear Claimed Marks
[2025-08-21T18:31:38.981+0000][1692007][info ][gc,marking  ] GC(491) Concurrent Clear Claimed Marks 0.163ms
[2025-08-21T18:31:38.981+0000][1692007][info ][gc,marking  ] GC(491) Concurrent Cleanup for Next Mark
[2025-08-21T18:31:38.981+0000][1692007][info ][gc,marking  ] GC(491) Concurrent Cleanup for Next Mark 0.744ms
[2025-08-21T18:31:38.981+0000][1692007][info ][gc          ] GC(491) Concurrent Mark Cycle 291.109ms
[2025-08-21T18:31:42.555+0000][1692007][info ][gc,start    ] GC(492) Pause Young (Prepare Mixed) (G1 Evacuation Pause)
[2025-08-21T18:31:42.555+0000][1692007][info ][gc,task     ] GC(492) Using 1 workers of 1 for evacuation
[2025-08-21T18:31:42.555+0000][1692007][debug][gc,age      ] GC(492) Desired survivor size 18874368 bytes, new threshold 1 (max threshold 15)
[2025-08-21T18:31:42.563+0000][1692007][info ][gc,phases   ] GC(492)   Pre Evacuate Collection Set: 0.1ms
[2025-08-21T18:31:42.563+0000][1692007][info ][gc,phases   ] GC(492)   Merge Heap Roots: 0.1ms
[2025-08-21T18:31:42.563+0000][1692007][info ][gc,phases   ] GC(492)   Evacuate Collection Set: 7.0ms
[2025-08-21T18:31:42.563+0000][1692007][info ][gc,phases   ] GC(492)   Post Evacuate Collection Set: 0.9ms
[2025-08-21T18:31:42.563+0000][1692007][info ][gc,phases   ] GC(492)   Other: 0.0ms
[2025-08-21T18:31:42.563+0000][1692007][trace][gc,age      ] GC(492) Age table with threshold 1 (max threshold 15)
[2025-08-21T18:31:42.563+0000][1692007][trace][gc,age      ] GC(492) - age   1:    1396600 bytes,    1396600 total
[2025-08-21T18:31:42.563+0000][1692007][info ][gc,heap     ] GC(492) Eden regions: 61->0(65)
[2025-08-21T18:31:42.563+0000][1692007][info ][gc,heap     ] GC(492) Survivor regions: 9->1(9)
[2025-08-21T18:31:42.563+0000][1692007][info ][gc,heap     ] GC(492) Old regions: 34->43
[2025-08-21T18:31:42.563+0000][1692007][info ][gc,heap     ] GC(492) Humongous regions: 0->0
[2025-08-21T18:31:42.563+0000][1692007][info ][gc,metaspace] GC(492) Metaspace: 142450K(147968K)->142450K(147968K) NonClass: 123625K(126720K)->123625K(126720K) Class: 18824K(21248K)->18824K(21248K)
[2025-08-21T18:31:42.563+0000][1692007][info ][gc          ] GC(492) Pause Young (Prepare Mixed) (G1 Evacuation Pause) 415M->174M(512M) 8.220ms
[2025-08-21T18:31:42.563+0000][1692007][info ][gc,cpu      ] GC(492) User=0.01s Sys=0.00s Real=0.01s
[2025-08-21T18:31:42.563+0000][1692007][info ][safepoint   ] Safepoint "G1CollectForAllocation", Time since last: 3574304464 ns, Reaching safepoint: 4948 ns, Cleanup: 12519 ns, At safepoint: 8261044 ns, Total: 8278511 ns
[2025-08-21T18:31:43.563+0000][1692007][info ][safepoint   ] Safepoint "Cleanup", Time since last: 1000070381 ns, Reaching safepoint: 133722 ns, Cleanup: 15864 ns, At safepoint: 4577 ns, Total: 154163 ns
[2025-08-21T18:31:45.519+0000][1692007][info ][gc,start    ] GC(493) Pause Young (Mixed) (G1 Evacuation Pause)
[2025-08-21T18:31:45.519+0000][1692007][info ][gc,task     ] GC(493) Using 1 workers of 1 for evacuation
[2025-08-21T18:31:45.519+0000][1692007][debug][gc,age      ] GC(493) Desired survivor size 18874368 bytes, new threshold 15 (max threshold 15)
[2025-08-21T18:31:45.523+0000][1692007][info ][gc,phases   ] GC(493)   Pre Evacuate Collection Set: 0.1ms
[2025-08-21T18:31:45.523+0000][1692007][info ][gc,phases   ] GC(493)   Merge Heap Roots: 0.0ms
[2025-08-21T18:31:45.523+0000][1692007][info ][gc,phases   ] GC(493)   Evacuate Collection Set: 3.2ms
[2025-08-21T18:31:45.523+0000][1692007][info ][gc,phases   ] GC(493)   Post Evacuate Collection Set: 0.9ms
[2025-08-21T18:31:45.523+0000][1692007][info ][gc,phases   ] GC(493)   Other: 0.0ms
[2025-08-21T18:31:45.523+0000][1692007][trace][gc,age      ] GC(493) Age table with threshold 15 (max threshold 15)
[2025-08-21T18:31:45.523+0000][1692007][trace][gc,age      ] GC(493) - age   1:   24623656 bytes,   24623656 total
[2025-08-21T18:31:45.523+0000][1692007][trace][gc,age      ] GC(493) - age   2:     526864 bytes,   25150520 total
[2025-08-21T18:31:45.523+0000][1692007][info ][gc,heap     ] GC(493) Eden regions: 65->0(59)
[2025-08-21T18:31:45.523+0000][1692007][info ][gc,heap     ] GC(493) Survivor regions: 1->7(9)
[2025-08-21T18:31:45.523+0000][1692007][info ][gc,heap     ] GC(493) Old regions: 43->41
[2025-08-21T18:31:45.523+0000][1692007][info ][gc,heap     ] GC(493) Humongous regions: 0->0
[2025-08-21T18:31:45.523+0000][1692007][info ][gc,metaspace] GC(493) Metaspace: 142453K(147968K)->142453K(147968K) NonClass: 123628K(126720K)->123628K(126720K) Class: 18824K(21248K)->18824K(21248K)
[2025-08-21T18:31:45.523+0000][1692007][info ][gc          ] GC(493) Pause Young (Mixed) (G1 Evacuation Pause) 434M->188M(512M) 4.379ms
[2025-08-21T18:31:45.523+0000][1692007][info ][gc,cpu      ] GC(493) User=0.01s Sys=0.00s Real=0.00s
[2025-08-21T18:31:45.523+0000][1692007][info ][safepoint   ] Safepoint "G1CollectForAllocation", Time since last: 1955608527 ns, Reaching safepoint: 5228 ns, Cleanup: 3525 ns, At safepoint: 4424441 ns, Total: 4433194 ns
[2025-08-21T18:31:47.407+0000][1692007][info ][gc,start    ] GC(494) Pause Young (Concurrent Start) (G1 Evacuation Pause)
[2025-08-21T18:31:47.408+0000][1692007][info ][gc,task     ] GC(494) Using 1 workers of 1 for evacuation
[2025-08-21T18:31:47.408+0000][1692007][debug][gc,age      ] GC(494) Desired survivor size 18874368 bytes, new threshold 1 (max threshold 15)
[2025-08-21T18:31:47.415+0000][1692007][info ][gc,phases   ] GC(494)   Pre Evacuate Collection Set: 0.1ms
[2025-08-21T18:31:47.415+0000][1692007][info ][gc,phases   ] GC(494)   Merge Heap Roots: 0.0ms
[2025-08-21T18:31:47.415+0000][1692007][info ][gc,phases   ] GC(494)   Evacuate Collection Set: 6.1ms
[2025-08-21T18:31:47.415+0000][1692007][info ][gc,phases   ] GC(494)   Post Evacuate Collection Set: 0.8ms
[2025-08-21T18:31:47.415+0000][1692007][info ][gc,phases   ] GC(494)   Other: 0.0ms
[2025-08-21T18:31:47.415+0000][1692007][trace][gc,age      ] GC(494) Age table with threshold 1 (max threshold 15)
[2025-08-21T18:31:47.415+0000][1692007][trace][gc,age      ] GC(494) - age   1:   26880104 bytes,   26880104 total
[2025-08-21T18:31:47.415+0000][1692007][info ][gc,heap     ] GC(494) Eden regions: 59->0(53)
[2025-08-21T18:31:47.415+0000][1692007][info ][gc,heap     ] GC(494) Survivor regions: 7->7(9)
[2025-08-21T18:31:47.415+0000][1692007][info ][gc,heap     ] GC(494) Old regions: 41->47
[2025-08-21T18:31:47.415+0000][1692007][info ][gc,heap     ] GC(494) Humongous regions: 0->0
[2025-08-21T18:31:47.415+0000][1692007][info ][gc,metaspace] GC(494) Metaspace: 142453K(147968K)->142453K(147968K) NonClass: 123628K(126720K)->123628K(126720K) Class: 18824K(21248K)->18824K(21248K)
[2025-08-21T18:31:47.415+0000][1692007][info ][gc          ] GC(494) Pause Young (Concurrent Start) (G1 Evacuation Pause) 424M->216M(512M) 7.253ms
[2025-08-21T18:31:47.415+0000][1692007][info ][gc,cpu      ] GC(494) User=0.00s Sys=0.00s Real=0.00s
[2025-08-21T18:31:47.415+0000][1692007][info ][safepoint   ] Safepoint "G1CollectForAllocation", Time since last: 1884056952 ns, Reaching safepoint: 5027 ns, Cleanup: 6871 ns, At safepoint: 7316448 ns, Total: 7328346 ns
[2025-08-21T18:31:47.418+0000][1692007][info ][gc          ] GC(495) Concurrent Mark Cycle
[2025-08-21T18:31:47.418+0000][1692007][info ][gc,marking  ] GC(495) Concurrent Scan Root Regions
[2025-08-21T18:31:47.419+0000][1692007][info ][gc,marking  ] GC(495) Concurrent Scan Root Regions 1.036ms
[2025-08-21T18:31:47.419+0000][1692007][info ][gc,marking  ] GC(495) Concurrent Mark
[2025-08-21T18:31:47.419+0000][1692007][info ][gc,marking  ] GC(495) Concurrent Mark From Roots
[2025-08-21T18:31:47.419+0000][1692007][info ][gc,task     ] GC(495) Using 1 workers of 1 for marking
[2025-08-21T18:31:47.592+0000][1692007][info ][gc,marking  ] GC(495) Concurrent Mark From Roots 172.808ms
[2025-08-21T18:31:47.592+0000][1692007][info ][gc,marking  ] GC(495) Concurrent Preclean
[2025-08-21T18:31:47.593+0000][1692007][info ][gc,marking  ] GC(495) Concurrent Preclean 0.416ms
[2025-08-21T18:31:47.593+0000][1692007][info ][gc,start    ] GC(495) Pause Remark
[2025-08-21T18:31:47.600+0000][1692007][info ][gc          ] GC(495) Pause Remark 263M->231M(512M) 7.450ms
[2025-08-21T18:31:47.600+0000][1692007][info ][gc,cpu      ] GC(495) User=0.00s Sys=0.00s Real=0.01s
[2025-08-21T18:31:47.600+0000][1692007][info ][safepoint   ] Safepoint "G1PauseRemark", Time since last: 178052646 ns, Reaching safepoint: 5017 ns, Cleanup: 3005 ns, At safepoint: 7493545 ns, Total: 7501567 ns
[2025-08-21T18:31:47.600+0000][1692007][info ][gc,marking  ] GC(495) Concurrent Mark 180.906ms
[2025-08-21T18:31:47.600+0000][1692007][info ][gc,marking  ] GC(495) Concurrent Rebuild Remembered Sets and Scrub Regions
[2025-08-21T18:31:47.636+0000][1692007][info ][gc,marking  ] GC(495) Concurrent Rebuild Remembered Sets and Scrub Regions 35.309ms
[2025-08-21T18:31:47.636+0000][1692007][info ][gc,start    ] GC(495) Pause Cleanup
[2025-08-21T18:31:47.636+0000][1692007][info ][gc          ] GC(495) Pause Cleanup 231M->231M(512M) 0.516ms
[2025-08-21T18:31:47.637+0000][1692007][info ][gc,cpu      ] GC(495) User=0.00s Sys=0.00s Real=0.00s
[2025-08-21T18:31:47.637+0000][1692007][info ][safepoint   ] Safepoint "G1PauseCleanup", Time since last: 35467658 ns, Reaching safepoint: 3996 ns, Cleanup: 2323 ns, At safepoint: 756463 ns, Total: 762782 ns
[2025-08-21T18:31:47.637+0000][1692007][info ][gc,marking  ] GC(495) Concurrent Clear Claimed Marks
[2025-08-21T18:31:47.637+0000][1692007][info ][gc,marking  ] GC(495) Concurrent Clear Claimed Marks 0.177ms
[2025-08-21T18:31:47.637+0000][1692007][info ][gc,marking  ] GC(495) Concurrent Cleanup for Next Mark
[2025-08-21T18:31:47.651+0000][1692007][info ][gc,marking  ] GC(495) Concurrent Cleanup for Next Mark 13.811ms
[2025-08-21T18:31:47.651+0000][1692007][info ][gc          ] GC(495) Concurrent Mark Cycle 232.205ms
[2025-08-21T18:31:51.130+0000][1692007][info ][gc,start    ] GC(496) Pause Young (Prepare Mixed) (G1 Evacuation Pause)
[2025-08-21T18:31:51.130+0000][1692007][info ][gc,task     ] GC(496) Using 1 workers of 1 for evacuation
[2025-08-21T18:31:51.130+0000][1692007][debug][gc,age      ] GC(496) Desired survivor size 16777216 bytes, new threshold 1 (max threshold 15)
[2025-08-21T18:31:51.135+0000][1692007][info ][gc,phases   ] GC(496)   Pre Evacuate Collection Set: 0.1ms
[2025-08-21T18:31:51.135+0000][1692007][info ][gc,phases   ] GC(496)   Merge Heap Roots: 0.1ms
[2025-08-21T18:31:51.135+0000][1692007][info ][gc,phases   ] GC(496)   Evacuate Collection Set: 4.1ms
[2025-08-21T18:31:51.135+0000][1692007][info ][gc,phases   ] GC(496)   Post Evacuate Collection Set: 0.8ms
[2025-08-21T18:31:51.135+0000][1692007][info ][gc,phases   ] GC(496)   Other: 0.0ms
[2025-08-21T18:31:51.135+0000][1692007][trace][gc,age      ] GC(496) Age table with threshold 1 (max threshold 15)
[2025-08-21T18:31:51.135+0000][1692007][trace][gc,age      ] GC(496) - age   1:    2859704 bytes,    2859704 total
[2025-08-21T18:31:51.135+0000][1692007][info ][gc,heap     ] GC(496) Eden regions: 53->0(70)
[2025-08-21T18:31:51.135+0000][1692007][info ][gc,heap     ] GC(496) Survivor regions: 7->1(8)
[2025-08-21T18:31:51.135+0000][1692007][info ][gc,heap     ] GC(496) Old regions: 39->40
[2025-08-21T18:31:51.135+0000][1692007][info ][gc,heap     ] GC(496) Humongous regions: 0->0
[2025-08-21T18:31:51.135+0000][1692007][info ][gc,metaspace] GC(496) Metaspace: 142456K(147968K)->142456K(147968K) NonClass: 123631K(126720K)->123631K(126720K) Class: 18824K(21248K)->18824K(21248K)
[2025-08-21T18:31:51.135+0000][1692007][info ][gc          ] GC(496) Pause Young (Prepare Mixed) (G1 Evacuation Pause) 396M->162M(512M) 5.233ms
[2025-08-21T18:31:51.135+0000][1692007][info ][gc,cpu      ] GC(496) User=0.00s Sys=0.00s Real=0.00s
[2025-08-21T18:31:51.135+0000][1692007][info ][safepoint   ] Safepoint "G1CollectForAllocation", Time since last: 3486732928 ns, Reaching safepoint: 6299903 ns, Cleanup: 33150 ns, At safepoint: 5268956 ns, Total: 11602009 ns
[2025-08-21T18:31:53.360+0000][1692007][info ][gc,start    ] GC(497) Pause Young (Mixed) (G1 Evacuation Pause)
[2025-08-21T18:31:53.361+0000][1692007][info ][gc,task     ] GC(497) Using 1 workers of 1 for evacuation
[2025-08-21T18:31:53.361+0000][1692007][debug][gc,age      ] GC(497) Desired survivor size 18874368 bytes, new threshold 15 (max threshold 15)
[2025-08-21T18:31:53.365+0000][1692007][info ][gc,phases   ] GC(497)   Pre Evacuate Collection Set: 0.1ms
[2025-08-21T18:31:53.365+0000][1692007][info ][gc,phases   ] GC(497)   Merge Heap Roots: 0.0ms
[2025-08-21T18:31:53.365+0000][1692007][info ][gc,phases   ] GC(497)   Evacuate Collection Set: 3.1ms
[2025-08-21T18:31:53.365+0000][1692007][info ][gc,phases   ] GC(497)   Post Evacuate Collection Set: 0.8ms
[2025-08-21T18:31:53.365+0000][1692007][info ][gc,phases   ] GC(497)   Other: 0.0ms
[2025-08-21T18:31:53.365+0000][1692007][trace][gc,age      ] GC(497) Age table with threshold 15 (max threshold 15)
[2025-08-21T18:31:53.365+0000][1692007][trace][gc,age      ] GC(497) - age   1:   21690032 bytes,   21690032 total
[2025-08-21T18:31:53.365+0000][1692007][trace][gc,age      ] GC(497) - age   2:     510152 bytes,   22200184 total
[2025-08-21T18:31:53.365+0000][1692007][info ][gc,heap     ] GC(497) Eden regions: 70->0(66)
[2025-08-21T18:31:53.365+0000][1692007][info ][gc,heap     ] GC(497) Survivor regions: 1->6(9)
[2025-08-21T18:31:53.365+0000][1692007][info ][gc,heap     ] GC(497) Old regions: 40->36
[2025-08-21T18:31:53.365+0000][1692007][info ][gc,heap     ] GC(497) Humongous regions: 0->0
[2025-08-21T18:31:53.365+0000][1692007][info ][gc,metaspace] GC(497) Metaspace: 142456K(147968K)->142456K(147968K) NonClass: 123631K(126720K)->123631K(126720K) Class: 18824K(21248K)->18824K(21248K)
[2025-08-21T18:31:53.365+0000][1692007][info ][gc          ] GC(497) Pause Young (Mixed) (G1 Evacuation Pause) 442M->164M(512M) 4.215ms
[2025-08-21T18:31:53.365+0000][1692007][info ][gc,cpu      ] GC(497) User=0.01s Sys=0.00s Real=0.00s
[2025-08-21T18:31:53.365+0000][1692007][info ][safepoint   ] Safepoint "G1CollectForAllocation", Time since last: 2225563779 ns, Reaching safepoint: 5218 ns, Cleanup: 3565 ns, At safepoint: 4260023 ns, Total: 4268806 ns
[2025-08-21T18:31:55.188+0000][1692007][info ][gc,start    ] GC(498) Pause Young (Concurrent Start) (G1 Evacuation Pause)
[2025-08-21T18:31:55.188+0000][1692007][info ][gc,task     ] GC(498) Using 1 workers of 1 for evacuation
[2025-08-21T18:31:55.188+0000][1692007][debug][gc,age      ] GC(498) Desired survivor size 18874368 bytes, new threshold 1 (max threshold 15)
[2025-08-21T18:31:55.194+0000][1692007][info ][gc,phases   ] GC(498)   Pre Evacuate Collection Set: 0.1ms
[2025-08-21T18:31:55.194+0000][1692007][info ][gc,phases   ] GC(498)   Merge Heap Roots: 0.0ms
[2025-08-21T18:31:55.194+0000][1692007][info ][gc,phases   ] GC(498)   Evacuate Collection Set: 5.0ms
[2025-08-21T18:31:55.194+0000][1692007][info ][gc,phases   ] GC(498)   Post Evacuate Collection Set: 0.8ms
[2025-08-21T18:31:55.194+0000][1692007][info ][gc,phases   ] GC(498)   Other: 0.0ms
[2025-08-21T18:31:55.194+0000][1692007][trace][gc,age      ] GC(498) Age table with threshold 1 (max threshold 15)
[2025-08-21T18:31:55.194+0000][1692007][trace][gc,age      ] GC(498) - age   1:   27633808 bytes,   27633808 total
[2025-08-21T18:31:55.194+0000][1692007][info ][gc,heap     ] GC(498) Eden regions: 66->0(59)
[2025-08-21T18:31:55.194+0000][1692007][info ][gc,heap     ] GC(498) Survivor regions: 6->7(9)
[2025-08-21T18:31:55.194+0000][1692007][info ][gc,heap     ] GC(498) Old regions: 36->41
[2025-08-21T18:31:55.195+0000][1692007][info ][gc,heap     ] GC(498) Humongous regions: 0->0
[2025-08-21T18:31:55.195+0000][1692007][info ][gc,metaspace] GC(498) Metaspace: 142463K(147968K)->142463K(147968K) NonClass: 123638K(126720K)->123638K(126720K) Class: 18824K(21248K)->18824K(21248K)
[2025-08-21T18:31:55.195+0000][1692007][info ][gc          ] GC(498) Pause Young (Concurrent Start) (G1 Evacuation Pause) 428M->191M(512M) 6.140ms
[2025-08-21T18:31:55.195+0000][1692007][info ][gc,cpu      ] GC(498) User=0.01s Sys=0.00s Real=0.00s
[2025-08-21T18:31:55.195+0000][1692007][info ][safepoint   ] Safepoint "G1CollectForAllocation", Time since last: 1823379497 ns, Reaching safepoint: 266492 ns, Cleanup: 8913 ns, At safepoint: 6193082 ns, Total: 6468487 ns
[2025-08-21T18:31:55.198+0000][1692007][info ][gc          ] GC(499) Concurrent Mark Cycle
[2025-08-21T18:31:55.198+0000][1692007][info ][gc,marking  ] GC(499) Concurrent Scan Root Regions
[2025-08-21T18:31:55.199+0000][1692007][info ][gc,marking  ] GC(499) Concurrent Scan Root Regions 0.961ms
[2025-08-21T18:31:55.199+0000][1692007][info ][gc,marking  ] GC(499) Concurrent Mark
[2025-08-21T18:31:55.199+0000][1692007][info ][gc,marking  ] GC(499) Concurrent Mark From Roots
[2025-08-21T18:31:55.199+0000][1692007][info ][gc,task     ] GC(499) Using 1 workers of 1 for marking
[2025-08-21T18:31:55.351+0000][1692007][info ][gc,marking  ] GC(499) Concurrent Mark From Roots 151.385ms
[2025-08-21T18:31:55.351+0000][1692007][info ][gc,marking  ] GC(499) Concurrent Preclean
[2025-08-21T18:31:55.351+0000][1692007][info ][gc,marking  ] GC(499) Concurrent Preclean 0.377ms
[2025-08-21T18:31:55.351+0000][1692007][info ][gc,start    ] GC(499) Pause Remark
[2025-08-21T18:31:55.359+0000][1692007][info ][gc          ] GC(499) Pause Remark 238M->222M(512M) 7.246ms
[2025-08-21T18:31:55.359+0000][1692007][info ][gc,cpu      ] GC(499) User=0.01s Sys=0.00s Real=0.01s
[2025-08-21T18:31:55.359+0000][1692007][info ][safepoint   ] Safepoint "G1PauseRemark", Time since last: 156671410 ns, Reaching safepoint: 5097 ns, Cleanup: 2945 ns, At safepoint: 7298160 ns, Total: 7306202 ns
[2025-08-21T18:31:55.359+0000][1692007][info ][gc,marking  ] GC(499) Concurrent Mark 159.220ms
[2025-08-21T18:31:55.359+0000][1692007][info ][gc,marking  ] GC(499) Concurrent Rebuild Remembered Sets and Scrub Regions
[2025-08-21T18:31:55.411+0000][1692007][info ][gc,marking  ] GC(499) Concurrent Rebuild Remembered Sets and Scrub Regions 52.090ms
[2025-08-21T18:31:55.411+0000][1692007][info ][gc,start    ] GC(499) Pause Cleanup
[2025-08-21T18:31:55.411+0000][1692007][info ][gc          ] GC(499) Pause Cleanup 222M->222M(512M) 0.408ms
[2025-08-21T18:31:55.411+0000][1692007][info ][gc,cpu      ] GC(499) User=0.00s Sys=0.00s Real=0.00s
[2025-08-21T18:31:55.411+0000][1692007][info ][safepoint   ] Safepoint "G1PauseCleanup", Time since last: 52230119 ns, Reaching safepoint: 3786 ns, Cleanup: 2704 ns, At safepoint: 525634 ns, Total: 532124 ns
[2025-08-21T18:31:55.411+0000][1692007][info ][gc,marking  ] GC(499) Concurrent Clear Claimed Marks
[2025-08-21T18:31:55.411+0000][1692007][info ][gc,marking  ] GC(499) Concurrent Clear Claimed Marks 0.186ms
[2025-08-21T18:31:55.412+0000][1692007][info ][gc,marking  ] GC(499) Concurrent Cleanup for Next Mark
[2025-08-21T18:31:55.412+0000][1692007][info ][gc,marking  ] GC(499) Concurrent Cleanup for Next Mark 0.227ms
[2025-08-21T18:31:55.412+0000][1692007][info ][gc          ] GC(499) Concurrent Mark Cycle 213.387ms
[2025-08-21T18:31:58.412+0000][1692007][info ][safepoint   ] Safepoint "Cleanup", Time since last: 3000465357 ns, Reaching safepoint: 4407 ns, Cleanup: 7281 ns, At safepoint: 1833 ns, Total: 13521 ns
[2025-08-21T18:31:58.534+0000][1692007][info ][gc,start    ] GC(500) Pause Young (Prepare Mixed) (G1 Evacuation Pause)
[2025-08-21T18:31:58.534+0000][1692007][info ][gc,task     ] GC(500) Using 1 workers of 1 for evacuation
[2025-08-21T18:31:58.534+0000][1692007][debug][gc,age      ] GC(500) Desired survivor size 18874368 bytes, new threshold 1 (max threshold 15)
[2025-08-21T18:31:58.539+0000][1692007][info ][gc,phases   ] GC(500)   Pre Evacuate Collection Set: 0.1ms
[2025-08-21T18:31:58.539+0000][1692007][info ][gc,phases   ] GC(500)   Merge Heap Roots: 0.1ms
[2025-08-21T18:31:58.539+0000][1692007][info ][gc,phases   ] GC(500)   Evacuate Collection Set: 4.2ms
[2025-08-21T18:31:58.539+0000][1692007][info ][gc,phases   ] GC(500)   Post Evacuate Collection Set: 0.8ms
[2025-08-21T18:31:58.539+0000][1692007][info ][gc,phases   ] GC(500)   Other: 0.0ms
[2025-08-21T18:31:58.539+0000][1692007][trace][gc,age      ] GC(500) Age table with threshold 1 (max threshold 15)
[2025-08-21T18:31:58.539+0000][1692007][trace][gc,age      ] GC(500) - age   1:    3133680 bytes,    3133680 total
[2025-08-21T18:31:58.539+0000][1692007][info ][gc,heap     ] GC(500) Eden regions: 59->0(74)
[2025-08-21T18:31:58.539+0000][1692007][info ][gc,heap     ] GC(500) Survivor regions: 7->1(9)
[2025-08-21T18:31:58.539+0000][1692007][info ][gc,heap     ] GC(500) Old regions: 37->37
[2025-08-21T18:31:58.539+0000][1692007][info ][gc,heap     ] GC(500) Humongous regions: 0->0
[2025-08-21T18:31:58.539+0000][1692007][info ][gc,metaspace] GC(500) Metaspace: 142468K(147968K)->142468K(147968K) NonClass: 123643K(126720K)->123643K(126720K) Class: 18824K(21248K)->18824K(21248K)
[2025-08-21T18:31:58.539+0000][1692007][info ][gc          ] GC(500) Pause Young (Prepare Mixed) (G1 Evacuation Pause) 411M->151M(512M) 5.335ms
[2025-08-21T18:31:58.539+0000][1692007][info ][gc,cpu      ] GC(500) User=0.01s Sys=0.00s Real=0.01s
[2025-08-21T18:31:58.539+0000][1692007][info ][safepoint   ] Safepoint "G1CollectForAllocation", Time since last: 122235770 ns, Reaching safepoint: 4437 ns, Cleanup: 8663 ns, At safepoint: 5370449 ns, Total: 5383549 ns
[2025-08-21T18:31:59.540+0000][1692007][info ][safepoint   ] Safepoint "Cleanup", Time since last: 1000082359 ns, Reaching safepoint: 244299 ns, Cleanup: 10777 ns, At safepoint: 2193 ns, Total: 257269 ns
[2025-08-21T18:31:59.584+0000][1692007][info ][gc,start    ] GC(501) Pause Young (Mixed) (G1 Evacuation Pause)
[2025-08-21T18:31:59.584+0000][1692007][info ][gc,task     ] GC(501) Using 1 workers of 1 for evacuation
[2025-08-21T18:31:59.584+0000][1692007][debug][gc,age      ] GC(501) Desired survivor size 20971520 bytes, new threshold 15 (max threshold 15)
[2025-08-21T18:31:59.587+0000][1692007][info ][gc,phases   ] GC(501)   Pre Evacuate Collection Set: 0.1ms
[2025-08-21T18:31:59.587+0000][1692007][info ][gc,phases   ] GC(501)   Merge Heap Roots: 0.0ms
[2025-08-21T18:31:59.587+0000][1692007][info ][gc,phases   ] GC(501)   Evacuate Collection Set: 2.7ms
[2025-08-21T18:31:59.587+0000][1692007][info ][gc,phases   ] GC(501)   Post Evacuate Collection Set: 0.9ms
[2025-08-21T18:31:59.587+0000][1692007][info ][gc,phases   ] GC(501)   Other: 0.0ms
[2025-08-21T18:31:59.587+0000][1692007][trace][gc,age      ] GC(501) Age table with threshold 15 (max threshold 15)
[2025-08-21T18:31:59.587+0000][1692007][trace][gc,age      ] GC(501) - age   1:   17154152 bytes,   17154152 total
[2025-08-21T18:31:59.587+0000][1692007][trace][gc,age      ] GC(501) - age   2:     537376 bytes,   17691528 total
[2025-08-21T18:31:59.587+0000][1692007][info ][gc,heap     ] GC(501) Eden regions: 74->0(70)
[2025-08-21T18:31:59.587+0000][1692007][info ][gc,heap     ] GC(501) Survivor regions: 1->5(10)
[2025-08-21T18:31:59.587+0000][1692007][info ][gc,heap     ] GC(501) Old regions: 37->34
[2025-08-21T18:31:59.587+0000][1692007][info ][gc,heap     ] GC(501) Humongous regions: 0->0
[2025-08-21T18:31:59.587+0000][1692007][info ][gc,metaspace] GC(501) Metaspace: 142468K(147968K)->142468K(147968K) NonClass: 123643K(126720K)->123643K(126720K) Class: 18824K(21248K)->18824K(21248K)
[2025-08-21T18:31:59.588+0000][1692007][info ][gc          ] GC(501) Pause Young (Mixed) (G1 Evacuation Pause) 447M->153M(512M) 3.828ms
[2025-08-21T18:31:59.588+0000][1692007][info ][gc,cpu      ] GC(501) User=0.00s Sys=0.00s Real=0.01s
[2025-08-21T18:31:59.588+0000][1692007][info ][safepoint   ] Safepoint "G1CollectForAllocation", Time since last: 43912790 ns, Reaching safepoint: 2984 ns, Cleanup: 2374 ns, At safepoint: 3869773 ns, Total: 3875131 ns
[2025-08-21T18:32:00.664+0000][1692007][info ][gc,start    ] GC(502) Pause Young (Concurrent Start) (G1 Evacuation Pause)
[2025-08-21T18:32:00.664+0000][1692007][info ][gc,task     ] GC(502) Using 1 workers of 1 for evacuation
[2025-08-21T18:32:00.664+0000][1692007][debug][gc,age      ] GC(502) Desired survivor size 20971520 bytes, new threshold 15 (max threshold 15)
[2025-08-21T18:32:00.671+0000][1692007][info ][gc,phases   ] GC(502)   Pre Evacuate Collection Set: 0.1ms
[2025-08-21T18:32:00.671+0000][1692007][info ][gc,phases   ] GC(502)   Merge Heap Roots: 0.0ms
[2025-08-21T18:32:00.671+0000][1692007][info ][gc,phases   ] GC(502)   Evacuate Collection Set: 5.2ms
[2025-08-21T18:32:00.671+0000][1692007][info ][gc,phases   ] GC(502)   Post Evacuate Collection Set: 0.9ms
[2025-08-21T18:32:00.671+0000][1692007][info ][gc,phases   ] GC(502)   Other: 0.0ms
[2025-08-21T18:32:00.671+0000][1692007][trace][gc,age      ] GC(502) Age table with threshold 15 (max threshold 15)
[2025-08-21T18:32:00.671+0000][1692007][trace][gc,age      ] GC(502) - age   1:   27338008 bytes,   27338008 total
[2025-08-21T18:32:00.671+0000][1692007][trace][gc,age      ] GC(502) - age   2:   13671928 bytes,   41009936 total
[2025-08-21T18:32:00.671+0000][1692007][trace][gc,age      ] GC(502) - age   3:       7752 bytes,   41017688 total
[2025-08-21T18:32:00.671+0000][1692007][info ][gc,heap     ] GC(502) Eden regions: 70->0(57)
[2025-08-21T18:32:00.671+0000][1692007][info ][gc,heap     ] GC(502) Survivor regions: 5->10(10)
[2025-08-21T18:32:00.671+0000][1692007][info ][gc,heap     ] GC(502) Old regions: 34->37
[2025-08-21T18:32:00.671+0000][1692007][info ][gc,heap     ] GC(502) Humongous regions: 0->0
[2025-08-21T18:32:00.671+0000][1692007][info ][gc,metaspace] GC(502) Metaspace: 142473K(147968K)->142473K(147968K) NonClass: 123648K(126720K)->123648K(126720K) Class: 18824K(21248K)->18824K(21248K)
[2025-08-21T18:32:00.671+0000][1692007][info ][gc          ] GC(502) Pause Young (Concurrent Start) (G1 Evacuation Pause) 433M->185M(512M) 6.443ms
[2025-08-21T18:32:00.671+0000][1692007][info ][gc,cpu      ] GC(502) User=0.01s Sys=0.00s Real=0.01s
[2025-08-21T18:32:00.671+0000][1692007][info ][safepoint   ] Safepoint "G1CollectForAllocation", Time since last: 1076642858 ns, Reaching safepoint: 5849 ns, Cleanup: 3335 ns, At safepoint: 6498203 ns, Total: 6507387 ns
[2025-08-21T18:32:00.671+0000][1692007][info ][gc          ] GC(503) Concurrent Mark Cycle
[2025-08-21T18:32:00.671+0000][1692007][info ][gc,marking  ] GC(503) Concurrent Scan Root Regions
[2025-08-21T18:32:00.676+0000][1692007][info ][gc,marking  ] GC(503) Concurrent Scan Root Regions 5.092ms
[2025-08-21T18:32:00.676+0000][1692007][info ][gc,marking  ] GC(503) Concurrent Mark
[2025-08-21T18:32:00.676+0000][1692007][info ][gc,marking  ] GC(503) Concurrent Mark From Roots
[2025-08-21T18:32:00.676+0000][1692007][info ][gc,task     ] GC(503) Using 1 workers of 1 for marking
[2025-08-21T18:32:00.828+0000][1692007][info ][gc,marking  ] GC(503) Concurrent Mark From Roots 151.974ms
[2025-08-21T18:32:00.828+0000][1692007][info ][gc,marking  ] GC(503) Concurrent Preclean
[2025-08-21T18:32:00.828+0000][1692007][info ][gc,marking  ] GC(503) Concurrent Preclean 0.378ms
[2025-08-21T18:32:00.831+0000][1692007][info ][gc,start    ] GC(503) Pause Remark
[2025-08-21T18:32:00.839+0000][1692007][info ][gc          ] GC(503) Pause Remark 238M->226M(512M) 7.313ms
[2025-08-21T18:32:00.839+0000][1692007][info ][gc,cpu      ] GC(503) User=0.00s Sys=0.00s Real=0.01s
[2025-08-21T18:32:00.839+0000][1692007][info ][safepoint   ] Safepoint "G1PauseRemark", Time since last: 160693282 ns, Reaching safepoint: 51969 ns, Cleanup: 3155 ns, At safepoint: 7354605 ns, Total: 7409729 ns
[2025-08-21T18:32:00.839+0000][1692007][info ][gc,marking  ] GC(503) Concurrent Mark 163.012ms
[2025-08-21T18:32:00.839+0000][1692007][info ][gc,marking  ] GC(503) Concurrent Rebuild Remembered Sets and Scrub Regions
[2025-08-21T18:32:00.896+0000][1692007][info ][gc,marking  ] GC(503) Concurrent Rebuild Remembered Sets and Scrub Regions 56.809ms
[2025-08-21T18:32:00.896+0000][1692007][info ][gc,start    ] GC(503) Pause Cleanup
[2025-08-21T18:32:00.897+0000][1692007][info ][gc          ] GC(503) Pause Cleanup 226M->226M(512M) 0.453ms
[2025-08-21T18:32:00.897+0000][1692007][info ][gc,cpu      ] GC(503) User=0.00s Sys=0.00s Real=0.00s
[2025-08-21T18:32:00.897+0000][1692007][info ][safepoint   ] Safepoint "G1PauseCleanup", Time since last: 57392114 ns, Reaching safepoint: 3856 ns, Cleanup: 2183 ns, At safepoint: 589831 ns, Total: 595870 ns
[2025-08-21T18:32:00.897+0000][1692007][info ][gc,marking  ] GC(503) Concurrent Clear Claimed Marks
[2025-08-21T18:32:00.897+0000][1692007][info ][gc,marking  ] GC(503) Concurrent Clear Claimed Marks 0.174ms
[2025-08-21T18:32:00.897+0000][1692007][info ][gc,marking  ] GC(503) Concurrent Cleanup for Next Mark
[2025-08-21T18:32:00.897+0000][1692007][info ][gc,marking  ] GC(503) Concurrent Cleanup for Next Mark 0.255ms
[2025-08-21T18:32:00.897+0000][1692007][info ][gc          ] GC(503) Concurrent Mark Cycle 226.527ms
[2025-08-21T18:32:03.377+0000][1692007][info ][gc,start    ] GC(504) Pause Young (Prepare Mixed) (G1 Evacuation Pause)
[2025-08-21T18:32:03.377+0000][1692007][info ][gc,task     ] GC(504) Using 1 workers of 1 for evacuation
[2025-08-21T18:32:03.377+0000][1692007][debug][gc,age      ] GC(504) Desired survivor size 18874368 bytes, new threshold 1 (max threshold 15)
[2025-08-21T18:32:03.382+0000][1692007][info ][gc,phases   ] GC(504)   Pre Evacuate Collection Set: 0.1ms
[2025-08-21T18:32:03.382+0000][1692007][info ][gc,phases   ] GC(504)   Merge Heap Roots: 0.1ms
[2025-08-21T18:32:03.382+0000][1692007][info ][gc,phases   ] GC(504)   Evacuate Collection Set: 4.1ms
[2025-08-21T18:32:03.382+0000][1692007][info ][gc,phases   ] GC(504)   Post Evacuate Collection Set: 0.8ms
[2025-08-21T18:32:03.382+0000][1692007][info ][gc,phases   ] GC(504)   Other: 0.0ms
[2025-08-21T18:32:03.382+0000][1692007][trace][gc,age      ] GC(504) Age table with threshold 1 (max threshold 15)
[2025-08-21T18:32:03.382+0000][1692007][trace][gc,age      ] GC(504) - age   1:    2980824 bytes,    2980824 total
[2025-08-21T18:32:03.382+0000][1692007][info ][gc,heap     ] GC(504) Eden regions: 57->0(75)
[2025-08-21T18:32:03.382+0000][1692007][info ][gc,heap     ] GC(504) Survivor regions: 10->1(9)
[2025-08-21T18:32:03.382+0000][1692007][info ][gc,heap     ] GC(504) Old regions: 34->34
[2025-08-21T18:32:03.382+0000][1692007][info ][gc,heap     ] GC(504) Humongous regions: 0->0
[2025-08-21T18:32:03.382+0000][1692007][info ][gc,metaspace] GC(504) Metaspace: 142478K(147968K)->142478K(147968K) NonClass: 123653K(126720K)->123653K(126720K) Class: 18824K(21248K)->18824K(21248K)
[2025-08-21T18:32:03.382+0000][1692007][info ][gc          ] GC(504) Pause Young (Prepare Mixed) (G1 Evacuation Pause) 401M->137M(512M) 5.279ms
[2025-08-21T18:32:03.382+0000][1692007][info ][gc,cpu      ] GC(504) User=0.00s Sys=0.00s Real=0.00s
[2025-08-21T18:32:03.382+0000][1692007][info ][safepoint   ] Safepoint "G1CollectForAllocation", Time since last: 2480017653 ns, Reaching safepoint: 5178 ns, Cleanup: 13911 ns, At safepoint: 5314425 ns, Total: 5333514 ns
[2025-08-21T18:32:05.008+0000][1692007][info ][gc,start    ] GC(505) Pause Young (Mixed) (G1 Evacuation Pause)
[2025-08-21T18:32:05.008+0000][1692007][info ][gc,task     ] GC(505) Using 1 workers of 1 for evacuation
[2025-08-21T18:32:05.008+0000][1692007][debug][gc,age      ] GC(505) Desired survivor size 20971520 bytes, new threshold 15 (max threshold 15)
[2025-08-21T18:32:05.011+0000][1692007][info ][gc,phases   ] GC(505)   Pre Evacuate Collection Set: 0.1ms
[2025-08-21T18:32:05.011+0000][1692007][info ][gc,phases   ] GC(505)   Merge Heap Roots: 0.0ms
[2025-08-21T18:32:05.011+0000][1692007][info ][gc,phases   ] GC(505)   Evacuate Collection Set: 2.4ms
[2025-08-21T18:32:05.011+0000][1692007][info ][gc,phases   ] GC(505)   Post Evacuate Collection Set: 0.9ms
[2025-08-21T18:32:05.011+0000][1692007][info ][gc,phases   ] GC(505)   Other: 0.0ms
[2025-08-21T18:32:05.011+0000][1692007][trace][gc,age      ] GC(505) Age table with threshold 15 (max threshold 15)
[2025-08-21T18:32:05.011+0000][1692007][trace][gc,age      ] GC(505) - age   1:    8336872 bytes,    8336872 total
[2025-08-21T18:32:05.011+0000][1692007][trace][gc,age      ] GC(505) - age   2:     553416 bytes,    8890288 total
[2025-08-21T18:32:05.011+0000][1692007][info ][gc,heap     ] GC(505) Eden regions: 75->0(73)
[2025-08-21T18:32:05.011+0000][1692007][info ][gc,heap     ] GC(505) Survivor regions: 1->3(10)
[2025-08-21T18:32:05.011+0000][1692007][info ][gc,heap     ] GC(505) Old regions: 34->32
[2025-08-21T18:32:05.011+0000][1692007][info ][gc,heap     ] GC(505) Humongous regions: 0->0
[2025-08-21T18:32:05.011+0000][1692007][info ][gc,metaspace] GC(505) Metaspace: 142480K(147968K)->142480K(147968K) NonClass: 123656K(126720K)->123656K(126720K) Class: 18824K(21248K)->18824K(21248K)
[2025-08-21T18:32:05.011+0000][1692007][info ][gc          ] GC(505) Pause Young (Mixed) (G1 Evacuation Pause) 437M->135M(512M) 3.520ms
[2025-08-21T18:32:05.011+0000][1692007][info ][gc,cpu      ] GC(505) User=0.00s Sys=0.00s Real=0.00s
[2025-08-21T18:32:05.011+0000][1692007][info ][safepoint   ] Safepoint "G1CollectForAllocation", Time since last: 1625423436 ns, Reaching safepoint: 32449 ns, Cleanup: 9244 ns, At safepoint: 3547367 ns, Total: 3589060 ns
[2025-08-21T18:32:08.024+0000][1692007][info ][safepoint   ] Safepoint "Cleanup", Time since last: 3000182710 ns, Reaching safepoint: 12586136 ns, Cleanup: 9193 ns, At safepoint: 3916 ns, Total: 12599245 ns
[2025-08-21T18:32:08.398+0000][1692007][info ][gc,start    ] GC(506) Pause Young (Concurrent Start) (G1 Evacuation Pause)
[2025-08-21T18:32:08.398+0000][1692007][info ][gc,task     ] GC(506) Using 1 workers of 1 for evacuation
[2025-08-21T18:32:08.398+0000][1692007][debug][gc,age      ] GC(506) Desired survivor size 20971520 bytes, new threshold 15 (max threshold 15)
[2025-08-21T18:32:08.405+0000][1692007][info ][gc,phases   ] GC(506)   Pre Evacuate Collection Set: 0.1ms
[2025-08-21T18:32:08.405+0000][1692007][info ][gc,phases   ] GC(506)   Merge Heap Roots: 0.0ms
[2025-08-21T18:32:08.405+0000][1692007][info ][gc,phases   ] GC(506)   Evacuate Collection Set: 5.6ms
[2025-08-21T18:32:08.405+0000][1692007][info ][gc,phases   ] GC(506)   Post Evacuate Collection Set: 1.0ms
[2025-08-21T18:32:08.405+0000][1692007][info ][gc,phases   ] GC(506)   Other: 0.0ms
[2025-08-21T18:32:08.405+0000][1692007][trace][gc,age      ] GC(506) Age table with threshold 15 (max threshold 15)
[2025-08-21T18:32:08.405+0000][1692007][trace][gc,age      ] GC(506) - age   1:   34570608 bytes,   34570608 total
[2025-08-21T18:32:08.405+0000][1692007][trace][gc,age      ] GC(506) - age   2:    6200928 bytes,   40771536 total
[2025-08-21T18:32:08.405+0000][1692007][trace][gc,age      ] GC(506) - age   3:       5384 bytes,   40776920 total
[2025-08-21T18:32:08.405+0000][1692007][info ][gc,heap     ] GC(506) Eden regions: 73->0(58)
[2025-08-21T18:32:08.405+0000][1692007][info ][gc,heap     ] GC(506) Survivor regions: 3->10(10)
[2025-08-21T18:32:08.405+0000][1692007][info ][gc,heap     ] GC(506) Old regions: 32->36
[2025-08-21T18:32:08.405+0000][1692007][info ][gc,heap     ] GC(506) Humongous regions: 0->0
[2025-08-21T18:32:08.405+0000][1692007][info ][gc,metaspace] GC(506) Metaspace: 142480K(147968K)->142480K(147968K) NonClass: 123656K(126720K)->123656K(126720K) Class: 18824K(21248K)->18824K(21248K)
[2025-08-21T18:32:08.405+0000][1692007][info ][gc          ] GC(506) Pause Young (Concurrent Start) (G1 Evacuation Pause) 427M->183M(512M) 6.928ms
[2025-08-21T18:32:08.405+0000][1692007][info ][gc,cpu      ] GC(506) User=0.00s Sys=0.00s Real=0.00s
[2025-08-21T18:32:08.405+0000][1692007][info ][safepoint   ] Safepoint "G1CollectForAllocation", Time since last: 373858780 ns, Reaching safepoint: 4637 ns, Cleanup: 6169 ns, At safepoint: 6998028 ns, Total: 7008834 ns
[2025-08-21T18:32:08.405+0000][1692007][info ][gc          ] GC(507) Concurrent Mark Cycle
[2025-08-21T18:32:08.405+0000][1692007][info ][gc,marking  ] GC(507) Concurrent Scan Root Regions
[2025-08-21T18:32:08.410+0000][1692007][info ][gc,marking  ] GC(507) Concurrent Scan Root Regions 5.539ms
[2025-08-21T18:32:08.410+0000][1692007][info ][gc,marking  ] GC(507) Concurrent Mark
[2025-08-21T18:32:08.410+0000][1692007][info ][gc,marking  ] GC(507) Concurrent Mark From Roots
[2025-08-21T18:32:08.410+0000][1692007][info ][gc,task     ] GC(507) Using 1 workers of 1 for marking
[2025-08-21T18:32:08.594+0000][1692007][info ][gc,marking  ] GC(507) Concurrent Mark From Roots 183.610ms
[2025-08-21T18:32:08.594+0000][1692007][info ][gc,marking  ] GC(507) Concurrent Preclean
[2025-08-21T18:32:08.594+0000][1692007][info ][gc,marking  ] GC(507) Concurrent Preclean 0.389ms
[2025-08-21T18:32:08.595+0000][1692007][info ][gc,start    ] GC(507) Pause Remark
[2025-08-21T18:32:08.603+0000][1692007][info ][gc          ] GC(507) Pause Remark 312M->312M(512M) 8.027ms
[2025-08-21T18:32:08.603+0000][1692007][info ][gc,cpu      ] GC(507) User=0.01s Sys=0.00s Real=0.01s
[2025-08-21T18:32:08.603+0000][1692007][info ][safepoint   ] Safepoint "G1PauseRemark", Time since last: 189745933 ns, Reaching safepoint: 4787 ns, Cleanup: 2924 ns, At safepoint: 8071498 ns, Total: 8079209 ns
[2025-08-21T18:32:08.603+0000][1692007][info ][gc,marking  ] GC(507) Concurrent Mark 192.292ms
[2025-08-21T18:32:08.603+0000][1692007][info ][gc,marking  ] GC(507) Concurrent Rebuild Remembered Sets and Scrub Regions
[2025-08-21T18:32:08.644+0000][1692007][info ][gc,marking  ] GC(507) Concurrent Rebuild Remembered Sets and Scrub Regions 41.469ms
[2025-08-21T18:32:08.645+0000][1692007][info ][gc,start    ] GC(507) Pause Cleanup
[2025-08-21T18:32:08.645+0000][1692007][info ][gc          ] GC(507) Pause Cleanup 312M->312M(512M) 0.444ms
[2025-08-21T18:32:08.645+0000][1692007][info ][gc,cpu      ] GC(507) User=0.00s Sys=0.00s Real=0.00s
[2025-08-21T18:32:08.645+0000][1692007][info ][safepoint   ] Safepoint "G1PauseCleanup", Time since last: 41952580 ns, Reaching safepoint: 3786 ns, Cleanup: 1883 ns, At safepoint: 662360 ns, Total: 668029 ns
[2025-08-21T18:32:08.645+0000][1692007][info ][gc,marking  ] GC(507) Concurrent Clear Claimed Marks
[2025-08-21T18:32:08.645+0000][1692007][info ][gc,marking  ] GC(507) Concurrent Clear Claimed Marks 0.183ms
[2025-08-21T18:32:08.645+0000][1692007][info ][gc,marking  ] GC(507) Concurrent Cleanup for Next Mark
[2025-08-21T18:32:08.654+0000][1692007][info ][gc,marking  ] GC(507) Concurrent Cleanup for Next Mark 8.529ms
[2025-08-21T18:32:08.654+0000][1692007][info ][gc          ] GC(507) Concurrent Mark Cycle 249.167ms
[2025-08-21T18:32:11.961+0000][1692007][info ][gc,start    ] GC(508) Pause Young (Prepare Mixed) (G1 Evacuation Pause)
[2025-08-21T18:32:11.961+0000][1692007][info ][gc,task     ] GC(508) Using 1 workers of 1 for evacuation
[2025-08-21T18:32:11.961+0000][1692007][debug][gc,age      ] GC(508) Desired survivor size 18874368 bytes, new threshold 1 (max threshold 15)
[2025-08-21T18:32:11.965+0000][1692007][info ][gc,phases   ] GC(508)   Pre Evacuate Collection Set: 0.1ms
[2025-08-21T18:32:11.965+0000][1692007][info ][gc,phases   ] GC(508)   Merge Heap Roots: 0.1ms
[2025-08-21T18:32:11.965+0000][1692007][info ][gc,phases   ] GC(508)   Evacuate Collection Set: 3.0ms
[2025-08-21T18:32:11.965+0000][1692007][info ][gc,phases   ] GC(508)   Post Evacuate Collection Set: 0.8ms
[2025-08-21T18:32:11.965+0000][1692007][info ][gc,phases   ] GC(508)   Other: 0.0ms
[2025-08-21T18:32:11.965+0000][1692007][trace][gc,age      ] GC(508) Age table with threshold 1 (max threshold 15)
[2025-08-21T18:32:11.965+0000][1692007][trace][gc,age      ] GC(508) - age   1:    1474888 bytes,    1474888 total
[2025-08-21T18:32:11.965+0000][1692007][info ][gc,heap     ] GC(508) Eden regions: 58->0(74)
[2025-08-21T18:32:11.965+0000][1692007][info ][gc,heap     ] GC(508) Survivor regions: 10->1(9)
[2025-08-21T18:32:11.965+0000][1692007][info ][gc,heap     ] GC(508) Old regions: 36->36
[2025-08-21T18:32:11.965+0000][1692007][info ][gc,heap     ] GC(508) Humongous regions: 0->0
[2025-08-21T18:32:11.965+0000][1692007][info ][gc,metaspace] GC(508) Metaspace: 142486K(147968K)->142486K(147968K) NonClass: 123661K(126720K)->123661K(126720K) Class: 18824K(21248K)->18824K(21248K)
[2025-08-21T18:32:11.965+0000][1692007][info ][gc          ] GC(508) Pause Young (Prepare Mixed) (G1 Evacuation Pause) 415M->145M(512M) 4.194ms
[2025-08-21T18:32:11.965+0000][1692007][info ][gc,cpu      ] GC(508) User=0.00s Sys=0.00s Real=0.00s
[2025-08-21T18:32:11.965+0000][1692007][info ][safepoint   ] Safepoint "G1CollectForAllocation", Time since last: 3315569816 ns, Reaching safepoint: 36135 ns, Cleanup: 11497 ns, At safepoint: 4233593 ns, Total: 4281225 ns
[2025-08-21T18:32:12.965+0000][1692007][info ][safepoint   ] Safepoint "Cleanup", Time since last: 1000071192 ns, Reaching safepoint: 5408 ns, Cleanup: 17387 ns, At safepoint: 1762 ns, Total: 24557 ns
[2025-08-21T18:32:14.265+0000][1692007][info ][gc,start    ] GC(509) Pause Young (Mixed) (G1 Evacuation Pause)
[2025-08-21T18:32:14.265+0000][1692007][info ][gc,task     ] GC(509) Using 1 workers of 1 for evacuation
[2025-08-21T18:32:14.265+0000][1692007][debug][gc,age      ] GC(509) Desired survivor size 20971520 bytes, new threshold 15 (max threshold 15)
[2025-08-21T18:32:14.270+0000][1692007][info ][gc,phases   ] GC(509)   Pre Evacuate Collection Set: 0.1ms
[2025-08-21T18:32:14.270+0000][1692007][info ][gc,phases   ] GC(509)   Merge Heap Roots: 0.0ms
[2025-08-21T18:32:14.270+0000][1692007][info ][gc,phases   ] GC(509)   Evacuate Collection Set: 3.5ms
[2025-08-21T18:32:14.270+0000][1692007][info ][gc,phases   ] GC(509)   Post Evacuate Collection Set: 0.9ms
[2025-08-21T18:32:14.270+0000][1692007][info ][gc,phases   ] GC(509)   Other: 0.0ms
[2025-08-21T18:32:14.270+0000][1692007][trace][gc,age      ] GC(509) Age table with threshold 15 (max threshold 15)
[2025-08-21T18:32:14.270+0000][1692007][trace][gc,age      ] GC(509) - age   1:   32477816 bytes,   32477816 total
[2025-08-21T18:32:14.270+0000][1692007][trace][gc,age      ] GC(509) - age   2:     346640 bytes,   32824456 total
[2025-08-21T18:32:14.270+0000][1692007][info ][gc,heap     ] GC(509) Eden regions: 74->0(63)
[2025-08-21T18:32:14.270+0000][1692007][info ][gc,heap     ] GC(509) Survivor regions: 1->9(10)
[2025-08-21T18:32:14.270+0000][1692007][info ][gc,heap     ] GC(509) Old regions: 36->33
[2025-08-21T18:32:14.270+0000][1692007][info ][gc,heap     ] GC(509) Humongous regions: 0->0
[2025-08-21T18:32:14.270+0000][1692007][info ][gc,metaspace] GC(509) Metaspace: 142486K(147968K)->142486K(147968K) NonClass: 123661K(126720K)->123661K(126720K) Class: 18824K(21248K)->18824K(21248K)
[2025-08-21T18:32:14.270+0000][1692007][info ][gc          ] GC(509) Pause Young (Mixed) (G1 Evacuation Pause) 441M->165M(512M) 4.670ms
[2025-08-21T18:32:14.270+0000][1692007][info ][gc,cpu      ] GC(509) User=0.01s Sys=0.00s Real=0.01s
[2025-08-21T18:32:14.270+0000][1692007][info ][safepoint   ] Safepoint "G1CollectForAllocation", Time since last: 1299778982 ns, Reaching safepoint: 35924 ns, Cleanup: 3595 ns, At safepoint: 4714239 ns, Total: 4753758 ns
[2025-08-21T18:32:17.965+0000][1692007][info ][gc,start    ] GC(510) Pause Young (Concurrent Start) (G1 Evacuation Pause)
[2025-08-21T18:32:17.965+0000][1692007][info ][gc,task     ] GC(510) Using 1 workers of 1 for evacuation
[2025-08-21T18:32:17.965+0000][1692007][debug][gc,age      ] GC(510) Desired survivor size 18874368 bytes, new threshold 1 (max threshold 15)
[2025-08-21T18:32:17.968+0000][1692007][info ][gc,phases   ] GC(510)   Pre Evacuate Collection Set: 0.1ms
[2025-08-21T18:32:17.968+0000][1692007][info ][gc,phases   ] GC(510)   Merge Heap Roots: 0.0ms
[2025-08-21T18:32:17.968+0000][1692007][info ][gc,phases   ] GC(510)   Evacuate Collection Set: 1.7ms
[2025-08-21T18:32:17.968+0000][1692007][info ][gc,phases   ] GC(510)   Post Evacuate Collection Set: 0.8ms
[2025-08-21T18:32:17.968+0000][1692007][info ][gc,phases   ] GC(510)   Other: 0.0ms
[2025-08-21T18:32:17.968+0000][1692007][trace][gc,age      ] GC(510) Age table with threshold 1 (max threshold 15)
[2025-08-21T18:32:17.968+0000][1692007][trace][gc,age      ] GC(510) - age   1:     477312 bytes,     477312 total
[2025-08-21T18:32:17.968+0000][1692007][info ][gc,heap     ] GC(510) Eden regions: 63->0(75)
[2025-08-21T18:32:17.968+0000][1692007][info ][gc,heap     ] GC(510) Survivor regions: 9->1(9)
[2025-08-21T18:32:17.968+0000][1692007][info ][gc,heap     ] GC(510) Old regions: 33->33
[2025-08-21T18:32:17.968+0000][1692007][info ][gc,heap     ] GC(510) Humongous regions: 0->0
[2025-08-21T18:32:17.968+0000][1692007][info ][gc,metaspace] GC(510) Metaspace: 142488K(147968K)->142488K(147968K) NonClass: 123663K(126720K)->123663K(126720K) Class: 18824K(21248K)->18824K(21248K)
[2025-08-21T18:32:17.968+0000][1692007][info ][gc          ] GC(510) Pause Young (Concurrent Start) (G1 Evacuation Pause) 417M->133M(512M) 2.860ms
[2025-08-21T18:32:17.968+0000][1692007][info ][gc,cpu      ] GC(510) User=0.00s Sys=0.00s Real=0.01s
[2025-08-21T18:32:17.968+0000][1692007][info ][safepoint   ] Safepoint "G1CollectForAllocation", Time since last: 3695399011 ns, Reaching safepoint: 4127 ns, Cleanup: 2403 ns, At safepoint: 2901171 ns, Total: 2907701 ns
[2025-08-21T18:32:17.972+0000][1692007][info ][gc          ] GC(511) Concurrent Mark Cycle
[2025-08-21T18:32:17.972+0000][1692007][info ][gc,marking  ] GC(511) Concurrent Scan Root Regions
[2025-08-21T18:32:17.973+0000][1692007][info ][gc,marking  ] GC(511) Concurrent Scan Root Regions 0.761ms
[2025-08-21T18:32:17.973+0000][1692007][info ][gc,marking  ] GC(511) Concurrent Mark
[2025-08-21T18:32:17.973+0000][1692007][info ][gc,marking  ] GC(511) Concurrent Mark From Roots
[2025-08-21T18:32:17.973+0000][1692007][info ][gc,task     ] GC(511) Using 1 workers of 1 for marking
[2025-08-21T18:32:18.291+0000][1692007][info ][gc,marking  ] GC(511) Concurrent Mark From Roots 317.642ms
[2025-08-21T18:32:18.291+0000][1692007][info ][gc,marking  ] GC(511) Concurrent Preclean
[2025-08-21T18:32:18.291+0000][1692007][info ][gc,marking  ] GC(511) Concurrent Preclean 0.389ms
[2025-08-21T18:32:18.299+0000][1692007][info ][gc,start    ] GC(511) Pause Remark
[2025-08-21T18:32:18.306+0000][1692007][info ][gc          ] GC(511) Pause Remark 341M->337M(512M) 6.980ms
[2025-08-21T18:32:18.306+0000][1692007][info ][gc,cpu      ] GC(511) User=0.01s Sys=0.00s Real=0.01s
[2025-08-21T18:32:18.306+0000][1692007][info ][safepoint   ] Safepoint "G1PauseRemark", Time since last: 323305563 ns, Reaching safepoint: 7356608 ns, Cleanup: 13300 ns, At safepoint: 7024438 ns, Total: 14394346 ns
[2025-08-21T18:32:18.306+0000][1692007][info ][gc,marking  ] GC(511) Concurrent Mark 332.591ms
[2025-08-21T18:32:18.306+0000][1692007][info ][gc,marking  ] GC(511) Concurrent Rebuild Remembered Sets and Scrub Regions
[2025-08-21T18:32:18.358+0000][1692007][info ][gc,marking  ] GC(511) Concurrent Rebuild Remembered Sets and Scrub Regions 51.880ms
[2025-08-21T18:32:18.358+0000][1692007][info ][gc,start    ] GC(511) Pause Cleanup
[2025-08-21T18:32:18.358+0000][1692007][info ][gc          ] GC(511) Pause Cleanup 337M->337M(512M) 0.453ms
[2025-08-21T18:32:18.358+0000][1692007][info ][gc,cpu      ] GC(511) User=0.00s Sys=0.00s Real=0.00s
[2025-08-21T18:32:18.358+0000][1692007][info ][safepoint   ] Safepoint "G1PauseCleanup", Time since last: 52022525 ns, Reaching safepoint: 6360 ns, Cleanup: 1833 ns, At safepoint: 749161 ns, Total: 757354 ns
[2025-08-21T18:32:18.359+0000][1692007][info ][gc,marking  ] GC(511) Concurrent Clear Claimed Marks
[2025-08-21T18:32:18.359+0000][1692007][info ][gc,marking  ] GC(511) Concurrent Clear Claimed Marks 0.180ms
[2025-08-21T18:32:18.359+0000][1692007][info ][gc,marking  ] GC(511) Concurrent Cleanup for Next Mark
[2025-08-21T18:32:18.359+0000][1692007][info ][gc,marking  ] GC(511) Concurrent Cleanup for Next Mark 0.230ms
[2025-08-21T18:32:18.359+0000][1692007][info ][gc          ] GC(511) Concurrent Mark Cycle 386.606ms
[2025-08-21T18:32:18.736+0000][1692007][info ][gc,start    ] GC(512) Pause Young (Prepare Mixed) (G1 Evacuation Pause)
[2025-08-21T18:32:18.736+0000][1692007][info ][gc,task     ] GC(512) Using 1 workers of 1 for evacuation
[2025-08-21T18:32:18.736+0000][1692007][debug][gc,age      ] GC(512) Desired survivor size 20971520 bytes, new threshold 15 (max threshold 15)
[2025-08-21T18:32:18.744+0000][1692007][info ][gc,phases   ] GC(512)   Pre Evacuate Collection Set: 0.1ms
[2025-08-21T18:32:18.744+0000][1692007][info ][gc,phases   ] GC(512)   Merge Heap Roots: 0.0ms
[2025-08-21T18:32:18.744+0000][1692007][info ][gc,phases   ] GC(512)   Evacuate Collection Set: 5.5ms
[2025-08-21T18:32:18.744+0000][1692007][info ][gc,phases   ] GC(512)   Post Evacuate Collection Set: 2.0ms
[2025-08-21T18:32:18.744+0000][1692007][info ][gc,phases   ] GC(512)   Other: 0.0ms
[2025-08-21T18:32:18.744+0000][1692007][trace][gc,age      ] GC(512) Age table with threshold 15 (max threshold 15)
[2025-08-21T18:32:18.744+0000][1692007][trace][gc,age      ] GC(512) - age   1:    5367528 bytes,    5367528 total
[2025-08-21T18:32:18.744+0000][1692007][trace][gc,age      ] GC(512) - age   2:       3464 bytes,    5370992 total
[2025-08-21T18:32:18.744+0000][1692007][info ][gc,heap     ] GC(512) Eden regions: 75->0(74)
[2025-08-21T18:32:18.744+0000][1692007][info ][gc,heap     ] GC(512) Survivor regions: 1->2(10)
[2025-08-21T18:32:18.744+0000][1692007][info ][gc,heap     ] GC(512) Old regions: 32->32
[2025-08-21T18:32:18.744+0000][1692007][info ][gc,heap     ] GC(512) Humongous regions: 0->0
[2025-08-21T18:32:18.744+0000][1692007][info ][gc,metaspace] GC(512) Metaspace: 142498K(147968K)->142498K(147968K) NonClass: 123673K(126720K)->123673K(126720K) Class: 18824K(21248K)->18824K(21248K)
[2025-08-21T18:32:18.744+0000][1692007][info ][gc          ] GC(512) Pause Young (Prepare Mixed) (G1 Evacuation Pause) 429M->132M(512M) 7.818ms
[2025-08-21T18:32:18.744+0000][1692007][info ][gc,cpu      ] GC(512) User=0.00s Sys=0.00s Real=0.00s
[2025-08-21T18:32:18.744+0000][1692007][info ][safepoint   ] Safepoint "G1CollectForAllocation", Time since last: 377834824 ns, Reaching safepoint: 5268 ns, Cleanup: 12689 ns, At safepoint: 7866148 ns, Total: 7884105 ns
[2025-08-21T18:32:21.237+0000][1692007][info ][gc,start    ] GC(513) Pause Young (Mixed) (G1 Evacuation Pause)
[2025-08-21T18:32:21.237+0000][1692007][info ][gc,task     ] GC(513) Using 1 workers of 1 for evacuation
[2025-08-21T18:32:21.237+0000][1692007][debug][gc,age      ] GC(513) Desired survivor size 20971520 bytes, new threshold 15 (max threshold 15)
[2025-08-21T18:32:21.242+0000][1692007][info ][gc,phases   ] GC(513)   Pre Evacuate Collection Set: 0.1ms
[2025-08-21T18:32:21.242+0000][1692007][info ][gc,phases   ] GC(513)   Merge Heap Roots: 0.0ms
[2025-08-21T18:32:21.242+0000][1692007][info ][gc,phases   ] GC(513)   Evacuate Collection Set: 4.4ms
[2025-08-21T18:32:21.242+0000][1692007][info ][gc,phases   ] GC(513)   Post Evacuate Collection Set: 0.8ms
[2025-08-21T18:32:21.242+0000][1692007][info ][gc,phases   ] GC(513)   Other: 0.0ms
[2025-08-21T18:32:21.242+0000][1692007][trace][gc,age      ] GC(513) Age table with threshold 15 (max threshold 15)
[2025-08-21T18:32:21.242+0000][1692007][trace][gc,age      ] GC(513) - age   1:   40126744 bytes,   40126744 total
[2025-08-21T18:32:21.242+0000][1692007][trace][gc,age      ] GC(513) - age   2:     582592 bytes,   40709336 total
[2025-08-21T18:32:21.242+0000][1692007][trace][gc,age      ] GC(513) - age   3:       3272 bytes,   40712608 total
[2025-08-21T18:32:21.242+0000][1692007][info ][gc,heap     ] GC(513) Eden regions: 74->0(63)
[2025-08-21T18:32:21.242+0000][1692007][info ][gc,heap     ] GC(513) Survivor regions: 2->10(10)
[2025-08-21T18:32:21.242+0000][1692007][info ][gc,heap     ] GC(513) Old regions: 32->31
[2025-08-21T18:32:21.242+0000][1692007][info ][gc,heap     ] GC(513) Humongous regions: 0->0
[2025-08-21T18:32:21.242+0000][1692007][info ][gc,metaspace] GC(513) Metaspace: 142498K(147968K)->142498K(147968K) NonClass: 123673K(126720K)->123673K(126720K) Class: 18824K(21248K)->18824K(21248K)
[2025-08-21T18:32:21.242+0000][1692007][info ][gc          ] GC(513) Pause Young (Mixed) (G1 Evacuation Pause) 428M->161M(512M) 5.535ms
[2025-08-21T18:32:21.242+0000][1692007][info ][gc,cpu      ] GC(513) User=0.01s Sys=0.00s Real=0.00s
[2025-08-21T18:32:21.242+0000][1692007][info ][safepoint   ] Safepoint "G1CollectForAllocation", Time since last: 2492242483 ns, Reaching safepoint: 32319 ns, Cleanup: 3715 ns, At safepoint: 5577252 ns, Total: 5613286 ns
[2025-08-21T18:32:22.242+0000][1692007][info ][safepoint   ] Safepoint "Cleanup", Time since last: 1000070932 ns, Reaching safepoint: 6079 ns, Cleanup: 10536 ns, At safepoint: 1813 ns, Total: 18428 ns
[2025-08-21T18:32:23.877+0000][1692007][info ][gc,start    ] GC(514) Pause Young (Concurrent Start) (G1 Evacuation Pause)
[2025-08-21T18:32:23.877+0000][1692007][info ][gc,task     ] GC(514) Using 1 workers of 1 for evacuation
[2025-08-21T18:32:23.877+0000][1692007][debug][gc,age      ] GC(514) Desired survivor size 20971520 bytes, new threshold 1 (max threshold 15)
[2025-08-21T18:32:23.880+0000][1692007][info ][gc,phases   ] GC(514)   Pre Evacuate Collection Set: 0.1ms
[2025-08-21T18:32:23.880+0000][1692007][info ][gc,phases   ] GC(514)   Merge Heap Roots: 0.0ms
[2025-08-21T18:32:23.880+0000][1692007][info ][gc,phases   ] GC(514)   Evacuate Collection Set: 2.2ms
[2025-08-21T18:32:23.880+0000][1692007][info ][gc,phases   ] GC(514)   Post Evacuate Collection Set: 0.9ms
[2025-08-21T18:32:23.880+0000][1692007][info ][gc,phases   ] GC(514)   Other: 0.0ms
[2025-08-21T18:32:23.880+0000][1692007][trace][gc,age      ] GC(514) Age table with threshold 1 (max threshold 15)
[2025-08-21T18:32:23.880+0000][1692007][trace][gc,age      ] GC(514) - age   1:    1121416 bytes,    1121416 total
[2025-08-21T18:32:23.880+0000][1692007][info ][gc,heap     ] GC(514) Eden regions: 63->0(75)
[2025-08-21T18:32:23.880+0000][1692007][info ][gc,heap     ] GC(514) Survivor regions: 10->1(10)
[2025-08-21T18:32:23.880+0000][1692007][info ][gc,heap     ] GC(514) Old regions: 31->31
[2025-08-21T18:32:23.880+0000][1692007][info ][gc,heap     ] GC(514) Humongous regions: 0->0
[2025-08-21T18:32:23.880+0000][1692007][info ][gc,metaspace] GC(514) Metaspace: 142502K(147968K)->142502K(147968K) NonClass: 123677K(126720K)->123677K(126720K) Class: 18824K(21248K)->18824K(21248K)
[2025-08-21T18:32:23.880+0000][1692007][info ][gc          ] GC(514) Pause Young (Concurrent Start) (G1 Evacuation Pause) 413M->123M(512M) 3.483ms
[2025-08-21T18:32:23.880+0000][1692007][info ][gc,cpu      ] GC(514) User=0.00s Sys=0.00s Real=0.00s
[2025-08-21T18:32:23.880+0000][1692007][info ][safepoint   ] Safepoint "G1CollectForAllocation", Time since last: 1634503988 ns, Reaching safepoint: 4857 ns, Cleanup: 14112 ns, At safepoint: 3521247 ns, Total: 3540216 ns
[2025-08-21T18:32:23.883+0000][1692007][info ][gc          ] GC(515) Concurrent Mark Cycle
[2025-08-21T18:32:23.883+0000][1692007][info ][gc,marking  ] GC(515) Concurrent Scan Root Regions
[2025-08-21T18:32:23.884+0000][1692007][info ][gc,marking  ] GC(515) Concurrent Scan Root Regions 0.813ms
[2025-08-21T18:32:23.884+0000][1692007][info ][gc,marking  ] GC(515) Concurrent Mark
[2025-08-21T18:32:23.884+0000][1692007][info ][gc,marking  ] GC(515) Concurrent Mark From Roots
[2025-08-21T18:32:23.884+0000][1692007][info ][gc,task     ] GC(515) Using 1 workers of 1 for marking
[2025-08-21T18:32:24.194+0000][1692007][info ][gc,marking  ] GC(515) Concurrent Mark From Roots 309.715ms
[2025-08-21T18:32:24.194+0000][1692007][info ][gc,marking  ] GC(515) Concurrent Preclean
[2025-08-21T18:32:24.194+0000][1692007][info ][gc,marking  ] GC(515) Concurrent Preclean 0.421ms
[2025-08-21T18:32:24.194+0000][1692007][info ][gc,start    ] GC(515) Pause Remark
[2025-08-21T18:32:24.202+0000][1692007][info ][gc          ] GC(515) Pause Remark 268M->268M(512M) 7.047ms
[2025-08-21T18:32:24.202+0000][1692007][info ][gc,cpu      ] GC(515) User=0.00s Sys=0.00s Real=0.01s
[2025-08-21T18:32:24.202+0000][1692007][info ][safepoint   ] Safepoint "G1PauseRemark", Time since last: 314264320 ns, Reaching safepoint: 4807 ns, Cleanup: 8944 ns, At safepoint: 7092159 ns, Total: 7105910 ns
[2025-08-21T18:32:24.202+0000][1692007][info ][gc,marking  ] GC(515) Concurrent Mark 317.398ms
[2025-08-21T18:32:24.202+0000][1692007][info ][gc,marking  ] GC(515) Concurrent Rebuild Remembered Sets and Scrub Regions
[2025-08-21T18:32:24.275+0000][1692007][info ][gc,marking  ] GC(515) Concurrent Rebuild Remembered Sets and Scrub Regions 73.898ms
[2025-08-21T18:32:24.276+0000][1692007][info ][gc,start    ] GC(515) Pause Cleanup
[2025-08-21T18:32:24.276+0000][1692007][info ][gc          ] GC(515) Pause Cleanup 275M->275M(512M) 0.244ms
[2025-08-21T18:32:24.276+0000][1692007][info ][gc,cpu      ] GC(515) User=0.00s Sys=0.00s Real=0.00s
[2025-08-21T18:32:24.276+0000][1692007][info ][safepoint   ] Safepoint "G1PauseCleanup", Time since last: 74039863 ns, Reaching safepoint: 3996 ns, Cleanup: 1833 ns, At safepoint: 364300 ns, Total: 370129 ns
[2025-08-21T18:32:24.276+0000][1692007][info ][gc,marking  ] GC(515) Concurrent Clear Claimed Marks
[2025-08-21T18:32:24.276+0000][1692007][info ][gc,marking  ] GC(515) Concurrent Clear Claimed Marks 0.184ms
[2025-08-21T18:32:24.276+0000][1692007][info ][gc,marking  ] GC(515) Concurrent Cleanup for Next Mark
[2025-08-21T18:32:24.280+0000][1692007][info ][gc,marking  ] GC(515) Concurrent Cleanup for Next Mark 3.650ms
[2025-08-21T18:32:24.280+0000][1692007][info ][gc          ] GC(515) Concurrent Mark Cycle 396.494ms
[2025-08-21T18:32:24.686+0000][1692007][info ][gc,start    ] GC(516) Pause Young (Prepare Mixed) (G1 Evacuation Pause)
[2025-08-21T18:32:24.686+0000][1692007][info ][gc,task     ] GC(516) Using 1 workers of 1 for evacuation
[2025-08-21T18:32:24.686+0000][1692007][debug][gc,age      ] GC(516) Desired survivor size 20971520 bytes, new threshold 15 (max threshold 15)
[2025-08-21T18:32:24.690+0000][1692007][info ][gc,phases   ] GC(516)   Pre Evacuate Collection Set: 0.1ms
[2025-08-21T18:32:24.690+0000][1692007][info ][gc,phases   ] GC(516)   Merge Heap Roots: 0.0ms
[2025-08-21T18:32:24.690+0000][1692007][info ][gc,phases   ] GC(516)   Evacuate Collection Set: 2.6ms
[2025-08-21T18:32:24.690+0000][1692007][info ][gc,phases   ] GC(516)   Post Evacuate Collection Set: 0.8ms
[2025-08-21T18:32:24.690+0000][1692007][info ][gc,phases   ] GC(516)   Other: 0.0ms
[2025-08-21T18:32:24.690+0000][1692007][trace][gc,age      ] GC(516) Age table with threshold 15 (max threshold 15)
[2025-08-21T18:32:24.690+0000][1692007][trace][gc,age      ] GC(516) - age   1:    8163744 bytes,    8163744 total
[2025-08-21T18:32:24.690+0000][1692007][trace][gc,age      ] GC(516) - age   2:     565032 bytes,    8728776 total
[2025-08-21T18:32:24.690+0000][1692007][info ][gc,heap     ] GC(516) Eden regions: 75->0(73)
[2025-08-21T18:32:24.690+0000][1692007][info ][gc,heap     ] GC(516) Survivor regions: 1->3(10)
[2025-08-21T18:32:24.690+0000][1692007][info ][gc,heap     ] GC(516) Old regions: 31->31
[2025-08-21T18:32:24.690+0000][1692007][info ][gc,heap     ] GC(516) Humongous regions: 0->0
[2025-08-21T18:32:24.690+0000][1692007][info ][gc,metaspace] GC(516) Metaspace: 142502K(147968K)->142502K(147968K) NonClass: 123677K(126720K)->123677K(126720K) Class: 18824K(21248K)->18824K(21248K)
[2025-08-21T18:32:24.690+0000][1692007][info ][gc          ] GC(516) Pause Young (Prepare Mixed) (G1 Evacuation Pause) 423M->131M(512M) 3.699ms
[2025-08-21T18:32:24.690+0000][1692007][info ][gc,cpu      ] GC(516) User=0.00s Sys=0.00s Real=0.00s
[2025-08-21T18:32:24.690+0000][1692007][info ][safepoint   ] Safepoint "G1CollectForAllocation", Time since last: 409984050 ns, Reaching safepoint: 246753 ns, Cleanup: 10455 ns, At safepoint: 3739006 ns, Total: 3996214 ns
[2025-08-21T18:32:25.684+0000][1692007][info ][gc,start    ] GC(517) Pause Young (Mixed) (G1 Evacuation Pause)
[2025-08-21T18:32:25.684+0000][1692007][info ][gc,task     ] GC(517) Using 1 workers of 1 for evacuation
[2025-08-21T18:32:25.684+0000][1692007][debug][gc,age      ] GC(517) Desired survivor size 20971520 bytes, new threshold 15 (max threshold 15)
[2025-08-21T18:32:25.690+0000][1692007][info ][gc,phases   ] GC(517)   Pre Evacuate Collection Set: 0.1ms
[2025-08-21T18:32:25.690+0000][1692007][info ][gc,phases   ] GC(517)   Merge Heap Roots: 0.0ms
[2025-08-21T18:32:25.690+0000][1692007][info ][gc,phases   ] GC(517)   Evacuate Collection Set: 5.0ms
[2025-08-21T18:32:25.690+0000][1692007][info ][gc,phases   ] GC(517)   Post Evacuate Collection Set: 1.0ms
[2025-08-21T18:32:25.690+0000][1692007][info ][gc,phases   ] GC(517)   Other: 0.0ms
[2025-08-21T18:32:25.690+0000][1692007][trace][gc,age      ] GC(517) Age table with threshold 15 (max threshold 15)
[2025-08-21T18:32:25.690+0000][1692007][trace][gc,age      ] GC(517) - age   1:   35529448 bytes,   35529448 total
[2025-08-21T18:32:25.690+0000][1692007][trace][gc,age      ] GC(517) - age   2:    5448464 bytes,   40977912 total
[2025-08-21T18:32:25.690+0000][1692007][trace][gc,age      ] GC(517) - age   3:        928 bytes,   40978840 total
[2025-08-21T18:32:25.690+0000][1692007][info ][gc,heap     ] GC(517) Eden regions: 73->0(61)
[2025-08-21T18:32:25.690+0000][1692007][info ][gc,heap     ] GC(517) Survivor regions: 3->10(10)
[2025-08-21T18:32:25.690+0000][1692007][info ][gc,heap     ] GC(517) Old regions: 31->33
[2025-08-21T18:32:25.690+0000][1692007][info ][gc,heap     ] GC(517) Humongous regions: 0->0
[2025-08-21T18:32:25.690+0000][1692007][info ][gc,metaspace] GC(517) Metaspace: 142502K(147968K)->142502K(147968K) NonClass: 123677K(126720K)->123677K(126720K) Class: 18824K(21248K)->18824K(21248K)
[2025-08-21T18:32:25.691+0000][1692007][info ][gc          ] GC(517) Pause Young (Mixed) (G1 Evacuation Pause) 423M->171M(512M) 6.426ms
[2025-08-21T18:32:25.691+0000][1692007][info ][gc,cpu      ] GC(517) User=0.00s Sys=0.00s Real=0.01s
[2025-08-21T18:32:25.691+0000][1692007][info ][safepoint   ] Safepoint "G1CollectForAllocation", Time since last: 994085514 ns, Reaching safepoint: 5609 ns, Cleanup: 9214 ns, At safepoint: 6476559 ns, Total: 6491382 ns
[2025-08-21T18:32:28.019+0000][1692007][info ][gc,start    ] GC(518) Pause Young (Concurrent Start) (G1 Evacuation Pause)
[2025-08-21T18:32:28.019+0000][1692007][info ][gc,task     ] GC(518) Using 1 workers of 1 for evacuation
[2025-08-21T18:32:28.019+0000][1692007][debug][gc,age      ] GC(518) Desired survivor size 18874368 bytes, new threshold 1 (max threshold 15)
[2025-08-21T18:32:28.023+0000][1692007][info ][gc,phases   ] GC(518)   Pre Evacuate Collection Set: 0.1ms
[2025-08-21T18:32:28.023+0000][1692007][info ][gc,phases   ] GC(518)   Merge Heap Roots: 0.0ms
[2025-08-21T18:32:28.023+0000][1692007][info ][gc,phases   ] GC(518)   Evacuate Collection Set: 3.3ms
[2025-08-21T18:32:28.023+0000][1692007][info ][gc,phases   ] GC(518)   Post Evacuate Collection Set: 0.9ms
[2025-08-21T18:32:28.023+0000][1692007][info ][gc,phases   ] GC(518)   Other: 0.0ms
[2025-08-21T18:32:28.023+0000][1692007][trace][gc,age      ] GC(518) Age table with threshold 1 (max threshold 15)
[2025-08-21T18:32:28.023+0000][1692007][trace][gc,age      ] GC(518) - age   1:    2484640 bytes,    2484640 total
[2025-08-21T18:32:28.023+0000][1692007][info ][gc,heap     ] GC(518) Eden regions: 61->0(75)
[2025-08-21T18:32:28.023+0000][1692007][info ][gc,heap     ] GC(518) Survivor regions: 10->1(9)
[2025-08-21T18:32:28.023+0000][1692007][info ][gc,heap     ] GC(518) Old regions: 33->33
[2025-08-21T18:32:28.023+0000][1692007][info ][gc,heap     ] GC(518) Humongous regions: 0->0
[2025-08-21T18:32:28.023+0000][1692007][info ][gc,metaspace] GC(518) Metaspace: 142504K(147968K)->142504K(147968K) NonClass: 123679K(126720K)->123679K(126720K) Class: 18824K(21248K)->18824K(21248K)
[2025-08-21T18:32:28.023+0000][1692007][info ][gc          ] GC(518) Pause Young (Concurrent Start) (G1 Evacuation Pause) 415M->135M(512M) 4.600ms
[2025-08-21T18:32:28.023+0000][1692007][info ][gc,cpu      ] GC(518) User=0.00s Sys=0.00s Real=0.00s
[2025-08-21T18:32:28.023+0000][1692007][info ][safepoint   ] Safepoint "G1CollectForAllocation", Time since last: 2327909455 ns, Reaching safepoint: 68784 ns, Cleanup: 11858 ns, At safepoint: 4646155 ns, Total: 4726797 ns
[2025-08-21T18:32:28.027+0000][1692007][info ][gc          ] GC(519) Concurrent Mark Cycle
[2025-08-21T18:32:28.027+0000][1692007][info ][gc,marking  ] GC(519) Concurrent Scan Root Regions
[2025-08-21T18:32:28.029+0000][1692007][info ][gc,marking  ] GC(519) Concurrent Scan Root Regions 1.488ms
[2025-08-21T18:32:28.029+0000][1692007][info ][gc,marking  ] GC(519) Concurrent Mark
[2025-08-21T18:32:28.029+0000][1692007][info ][gc,marking  ] GC(519) Concurrent Mark From Roots
[2025-08-21T18:32:28.029+0000][1692007][info ][gc,task     ] GC(519) Using 1 workers of 1 for marking
[2025-08-21T18:32:28.196+0000][1692007][info ][gc,marking  ] GC(519) Concurrent Mark From Roots 166.944ms
[2025-08-21T18:32:28.196+0000][1692007][info ][gc,marking  ] GC(519) Concurrent Preclean
[2025-08-21T18:32:28.196+0000][1692007][info ][gc,marking  ] GC(519) Concurrent Preclean 0.390ms
[2025-08-21T18:32:28.198+0000][1692007][info ][gc,start    ] GC(519) Pause Remark
[2025-08-21T18:32:28.205+0000][1692007][info ][gc          ] GC(519) Pause Remark 182M->182M(512M) 6.689ms
[2025-08-21T18:32:28.205+0000][1692007][info ][gc,cpu      ] GC(519) User=0.01s Sys=0.00s Real=0.00s
[2025-08-21T18:32:28.205+0000][1692007][info ][safepoint   ] Safepoint "G1PauseRemark", Time since last: 173170234 ns, Reaching safepoint: 2125489 ns, Cleanup: 2824 ns, At safepoint: 6742672 ns, Total: 8870985 ns
[2025-08-21T18:32:28.206+0000][1692007][info ][gc,marking  ] GC(519) Concurrent Mark 177.228ms
[2025-08-21T18:32:28.206+0000][1692007][info ][gc,marking  ] GC(519) Concurrent Rebuild Remembered Sets and Scrub Regions
[2025-08-21T18:32:28.276+0000][1692007][info ][gc,marking  ] GC(519) Concurrent Rebuild Remembered Sets and Scrub Regions 69.940ms
[2025-08-21T18:32:28.287+0000][1692007][info ][gc,start    ] GC(519) Pause Cleanup
[2025-08-21T18:32:28.287+0000][1692007][info ][gc          ] GC(519) Pause Cleanup 217M->217M(512M) 0.102ms
[2025-08-21T18:32:28.287+0000][1692007][info ][gc,cpu      ] GC(519) User=0.00s Sys=0.00s Real=0.00s
[2025-08-21T18:32:28.287+0000][1692007][info ][safepoint   ] Safepoint "G1PauseCleanup", Time since last: 70953482 ns, Reaching safepoint: 10508959 ns, Cleanup: 2614 ns, At safepoint: 395377 ns, Total: 10906950 ns
[2025-08-21T18:32:28.287+0000][1692007][info ][gc,marking  ] GC(519) Concurrent Clear Claimed Marks
[2025-08-21T18:32:28.287+0000][1692007][info ][gc,marking  ] GC(519) Concurrent Clear Claimed Marks 0.189ms
[2025-08-21T18:32:28.287+0000][1692007][info ][gc,marking  ] GC(519) Concurrent Cleanup for Next Mark
[2025-08-21T18:32:28.288+0000][1692007][info ][gc,marking  ] GC(519) Concurrent Cleanup for Next Mark 0.248ms
[2025-08-21T18:32:28.288+0000][1692007][info ][gc          ] GC(519) Concurrent Mark Cycle 260.472ms
[2025-08-21T18:32:30.347+0000][1692007][info ][gc,start    ] GC(520) Pause Young (Prepare Mixed) (G1 Evacuation Pause)
[2025-08-21T18:32:30.347+0000][1692007][info ][gc,task     ] GC(520) Using 1 workers of 1 for evacuation
[2025-08-21T18:32:30.347+0000][1692007][debug][gc,age      ] GC(520) Desired survivor size 20971520 bytes, new threshold 15 (max threshold 15)
[2025-08-21T18:32:30.352+0000][1692007][info ][gc,phases   ] GC(520)   Pre Evacuate Collection Set: 0.1ms
[2025-08-21T18:32:30.353+0000][1692007][info ][gc,phases   ] GC(520)   Merge Heap Roots: 0.0ms
[2025-08-21T18:32:30.353+0000][1692007][info ][gc,phases   ] GC(520)   Evacuate Collection Set: 4.2ms
[2025-08-21T18:32:30.353+0000][1692007][info ][gc,phases   ] GC(520)   Post Evacuate Collection Set: 0.9ms
[2025-08-21T18:32:30.353+0000][1692007][info ][gc,phases   ] GC(520)   Other: 0.1ms
[2025-08-21T18:32:30.353+0000][1692007][trace][gc,age      ] GC(520) Age table with threshold 15 (max threshold 15)
[2025-08-21T18:32:30.353+0000][1692007][trace][gc,age      ] GC(520) - age   1:   32864056 bytes,   32864056 total
[2025-08-21T18:32:30.353+0000][1692007][trace][gc,age      ] GC(520) - age   2:     399968 bytes,   33264024 total
[2025-08-21T18:32:30.353+0000][1692007][info ][gc,heap     ] GC(520) Eden regions: 75->0(63)
[2025-08-21T18:32:30.353+0000][1692007][info ][gc,heap     ] GC(520) Survivor regions: 1->9(10)
[2025-08-21T18:32:30.353+0000][1692007][info ][gc,heap     ] GC(520) Old regions: 33->33
[2025-08-21T18:32:30.353+0000][1692007][info ][gc,heap     ] GC(520) Humongous regions: 0->0
[2025-08-21T18:32:30.353+0000][1692007][info ][gc,metaspace] GC(520) Metaspace: 142504K(147968K)->142504K(147968K) NonClass: 123679K(126720K)->123679K(126720K) Class: 18824K(21248K)->18824K(21248K)
[2025-08-21T18:32:30.353+0000][1692007][info ][gc          ] GC(520) Pause Young (Prepare Mixed) (G1 Evacuation Pause) 435M->165M(512M) 5.378ms
[2025-08-21T18:32:30.353+0000][1692007][info ][gc,cpu      ] GC(520) User=0.00s Sys=0.00s Real=0.00s
[2025-08-21T18:32:30.353+0000][1692007][info ][safepoint   ] Safepoint "G1CollectForAllocation", Time since last: 2060073312 ns, Reaching safepoint: 32219 ns, Cleanup: 3836 ns, At safepoint: 5424000 ns, Total: 5460055 ns
[2025-08-21T18:32:37.353+0000][1692007][info ][safepoint   ] Safepoint "Cleanup", Time since last: 7000426729 ns, Reaching safepoint: 36605 ns, Cleanup: 10045 ns, At safepoint: 4657 ns, Total: 51307 ns
[2025-08-21T18:33:01.176+0000][1692007][info ][gc,start    ] GC(521) Pause Young (Mixed) (G1 Evacuation Pause)
[2025-08-21T18:33:01.176+0000][1692007][info ][gc,task     ] GC(521) Using 1 workers of 1 for evacuation
[2025-08-21T18:33:01.176+0000][1692007][debug][gc,age      ] GC(521) Desired survivor size 18874368 bytes, new threshold 1 (max threshold 15)
[2025-08-21T18:33:01.179+0000][1692007][info ][gc,phases   ] GC(521)   Pre Evacuate Collection Set: 0.1ms
[2025-08-21T18:33:01.179+0000][1692007][info ][gc,phases   ] GC(521)   Merge Heap Roots: 0.0ms
[2025-08-21T18:33:01.179+0000][1692007][info ][gc,phases   ] GC(521)   Evacuate Collection Set: 1.5ms
[2025-08-21T18:33:01.179+0000][1692007][info ][gc,phases   ] GC(521)   Post Evacuate Collection Set: 0.8ms
[2025-08-21T18:33:01.179+0000][1692007][info ][gc,phases   ] GC(521)   Other: 0.0ms
[2025-08-21T18:33:01.179+0000][1692007][trace][gc,age      ] GC(521) Age table with threshold 1 (max threshold 15)
[2025-08-21T18:33:01.179+0000][1692007][trace][gc,age      ] GC(521) - age   1:       9320 bytes,       9320 total
[2025-08-21T18:33:01.179+0000][1692007][info ][gc,heap     ] GC(521) Eden regions: 63->0(75)
[2025-08-21T18:33:01.179+0000][1692007][info ][gc,heap     ] GC(521) Survivor regions: 9->1(9)
[2025-08-21T18:33:01.179+0000][1692007][info ][gc,heap     ] GC(521) Old regions: 33->30
[2025-08-21T18:33:01.179+0000][1692007][info ][gc,heap     ] GC(521) Humongous regions: 0->0
[2025-08-21T18:33:01.179+0000][1692007][info ][gc,metaspace] GC(521) Metaspace: 142504K(147968K)->142504K(147968K) NonClass: 123679K(126720K)->123679K(126720K) Class: 18824K(21248K)->18824K(21248K)
[2025-08-21T18:33:01.179+0000][1692007][info ][gc          ] GC(521) Pause Young (Mixed) (G1 Evacuation Pause) 417M->121M(512M) 2.581ms
[2025-08-21T18:33:01.179+0000][1692007][info ][gc,cpu      ] GC(521) User=0.01s Sys=0.00s Real=0.00s
[2025-08-21T18:33:01.179+0000][1692007][info ][safepoint   ] Safepoint "G1CollectForAllocation", Time since last: 23823147202 ns, Reaching safepoint: 8022 ns, Cleanup: 3405 ns, At safepoint: 2616021 ns, Total: 2627448 ns
[2025-08-21T18:35:55.196+0000][1692007][info ][safepoint   ] Safepoint "Cleanup", Time since last: 174017243318 ns, Reaching safepoint: 35464 ns, Cleanup: 11918 ns, At safepoint: 4306 ns, Total: 51688 ns
[2025-08-21T18:42:05.250+0000][1692007][info ][safepoint   ] Safepoint "Cleanup", Time since last: 370051780431 ns, Reaching safepoint: 849883 ns, Cleanup: 455237 ns, At safepoint: 1068354 ns, Total: 2373474 ns
[2025-08-21T18:44:07.770+0000][1692007][info ][gc,start    ] GC(522) Pause Young (Concurrent Start) (G1 Evacuation Pause)
[2025-08-21T18:44:07.771+0000][1692007][info ][gc,task     ] GC(522) Using 1 workers of 1 for evacuation
[2025-08-21T18:44:07.771+0000][1692007][debug][gc,age      ] GC(522) Desired survivor size 20971520 bytes, new threshold 15 (max threshold 15)
[2025-08-21T18:44:07.857+0000][1692007][info ][gc,phases   ] GC(522)   Pre Evacuate Collection Set: 1.7ms
[2025-08-21T18:44:07.857+0000][1692007][info ][gc,phases   ] GC(522)   Merge Heap Roots: 0.4ms
[2025-08-21T18:44:07.857+0000][1692007][info ][gc,phases   ] GC(522)   Evacuate Collection Set: 70.2ms
[2025-08-21T18:44:07.857+0000][1692007][info ][gc,phases   ] GC(522)   Post Evacuate Collection Set: 13.9ms
[2025-08-21T18:44:07.858+0000][1692007][info ][gc,phases   ] GC(522)   Other: 0.8ms
[2025-08-21T18:44:07.858+0000][1692007][trace][gc,age      ] GC(522) Age table with threshold 15 (max threshold 15)
[2025-08-21T18:44:07.858+0000][1692007][trace][gc,age      ] GC(522) - age   1:      11160 bytes,      11160 total
[2025-08-21T18:44:07.858+0000][1692007][trace][gc,age      ] GC(522) - age   2:       1080 bytes,      12240 total
[2025-08-21T18:44:07.858+0000][1692007][info ][gc,heap     ] GC(522) Eden regions: 75->0(48)
[2025-08-21T18:44:07.858+0000][1692007][info ][gc,heap     ] GC(522) Survivor regions: 1->1(10)
[2025-08-21T18:44:07.858+0000][1692007][info ][gc,heap     ] GC(522) Old regions: 30->30
[2025-08-21T18:44:07.858+0000][1692007][info ][gc,heap     ] GC(522) Humongous regions: 0->0
[2025-08-21T18:44:07.858+0000][1692007][info ][gc,metaspace] GC(522) Metaspace: 142504K(147968K)->142504K(147968K) NonClass: 123679K(126720K)->123679K(126720K) Class: 18824K(21248K)->18824K(21248K)
[2025-08-21T18:44:07.858+0000][1692007][info ][gc          ] GC(522) Pause Young (Concurrent Start) (G1 Evacuation Pause) 421M->120M(512M) 87.707ms
[2025-08-21T18:44:07.858+0000][1692007][info ][gc,cpu      ] GC(522) User=0.01s Sys=0.02s Real=0.09s
[2025-08-21T18:44:07.858+0000][1692007][info ][safepoint   ] Safepoint "G1CollectForAllocation", Time since last: 122517730861 ns, Reaching safepoint: 259933 ns, Cleanup: 2704 ns, At safepoint: 89308359 ns, Total: 89570996 ns
[2025-08-21T18:44:07.858+0000][1692007][info ][gc          ] GC(523) Concurrent Mark Cycle
[2025-08-21T18:44:07.862+0000][1692007][info ][gc,marking  ] GC(523) Concurrent Scan Root Regions
[2025-08-21T18:44:07.873+0000][1692007][info ][gc,marking  ] GC(523) Concurrent Scan Root Regions 11.348ms
[2025-08-21T18:44:07.873+0000][1692007][info ][gc,marking  ] GC(523) Concurrent Mark
[2025-08-21T18:44:07.873+0000][1692007][info ][gc,marking  ] GC(523) Concurrent Mark From Roots
[2025-08-21T18:44:07.873+0000][1692007][info ][gc,task     ] GC(523) Using 1 workers of 1 for marking
[2025-08-21T18:44:08.273+0000][1692007][info ][gc,marking  ] GC(523) Concurrent Mark From Roots 399.764ms
[2025-08-21T18:44:08.273+0000][1692007][info ][gc,marking  ] GC(523) Concurrent Preclean
[2025-08-21T18:44:08.273+0000][1692007][info ][gc,marking  ] GC(523) Concurrent Preclean 0.447ms
[2025-08-21T18:44:08.273+0000][1692007][info ][gc,start    ] GC(523) Pause Remark
[2025-08-21T18:44:08.388+0000][1692007][info ][gc          ] GC(523) Pause Remark 123M->123M(512M) 114.770ms
[2025-08-21T18:44:08.388+0000][1692007][info ][gc,cpu      ] GC(523) User=0.01s Sys=0.02s Real=0.12s
[2025-08-21T18:44:08.388+0000][1692007][info ][safepoint   ] Safepoint "G1PauseRemark", Time since last: 415664217 ns, Reaching safepoint: 29304 ns, Cleanup: 2925 ns, At safepoint: 114851670 ns, Total: 114883899 ns
[2025-08-21T18:44:08.393+0000][1692007][info ][gc,marking  ] GC(523) Concurrent Mark 520.460ms
[2025-08-21T18:44:08.393+0000][1692007][info ][gc,marking  ] GC(523) Concurrent Rebuild Remembered Sets and Scrub Regions
[2025-08-21T18:44:08.464+0000][1692007][info ][gc,marking  ] GC(523) Concurrent Rebuild Remembered Sets and Scrub Regions 70.632ms
[2025-08-21T18:44:08.464+0000][1692007][info ][gc,start    ] GC(523) Pause Cleanup
[2025-08-21T18:44:08.465+0000][1692007][info ][gc          ] GC(523) Pause Cleanup 123M->123M(512M) 0.713ms
[2025-08-21T18:44:08.465+0000][1692007][info ][gc,cpu      ] GC(523) User=0.00s Sys=0.00s Real=0.00s
[2025-08-21T18:44:08.465+0000][1692007][info ][safepoint   ] Safepoint "G1PauseCleanup", Time since last: 75976297 ns, Reaching safepoint: 4296 ns, Cleanup: 2083 ns, At safepoint: 794490 ns, Total: 800869 ns
[2025-08-21T18:44:08.465+0000][1692007][info ][gc,marking  ] GC(523) Concurrent Clear Claimed Marks
[2025-08-21T18:44:08.465+0000][1692007][info ][gc,marking  ] GC(523) Concurrent Clear Claimed Marks 0.185ms
[2025-08-21T18:44:08.465+0000][1692007][info ][gc,marking  ] GC(523) Concurrent Cleanup for Next Mark
[2025-08-21T18:44:08.499+0000][1692007][info ][gc,marking  ] GC(523) Concurrent Cleanup for Next Mark 34.244ms
[2025-08-21T18:44:08.499+0000][1692007][info ][gc          ] GC(523) Concurrent Mark Cycle 641.724ms
[2025-08-21T18:51:13.502+0000][1692007][info ][safepoint   ] Safepoint "Cleanup", Time since last: 425031080544 ns, Reaching safepoint: 6292442 ns, Cleanup: 19910 ns, At safepoint: 3746 ns, Total: 6316098 ns
[2025-08-21T18:51:14.503+0000][1692007][info ][safepoint   ] Safepoint "Cleanup", Time since last: 1000437645 ns, Reaching safepoint: 5929 ns, Cleanup: 25329 ns, At safepoint: 1942 ns, Total: 33200 ns
[2025-08-21T18:51:17.968+0000][1692007][info ][gc,start    ] GC(524) Pause Young (Prepare Mixed) (G1 Evacuation Pause)
[2025-08-21T18:51:17.968+0000][1692007][info ][gc,task     ] GC(524) Using 1 workers of 1 for evacuation
[2025-08-21T18:51:17.968+0000][1692007][debug][gc,age      ] GC(524) Desired survivor size 14680064 bytes, new threshold 15 (max threshold 15)
[2025-08-21T18:51:17.970+0000][1692007][info ][gc,phases   ] GC(524)   Pre Evacuate Collection Set: 0.0ms
[2025-08-21T18:51:17.970+0000][1692007][info ][gc,phases   ] GC(524)   Merge Heap Roots: 0.0ms
[2025-08-21T18:51:17.970+0000][1692007][info ][gc,phases   ] GC(524)   Evacuate Collection Set: 1.6ms
[2025-08-21T18:51:17.970+0000][1692007][info ][gc,phases   ] GC(524)   Post Evacuate Collection Set: 0.9ms
[2025-08-21T18:51:17.970+0000][1692007][info ][gc,phases   ] GC(524)   Other: 0.0ms
[2025-08-21T18:51:17.970+0000][1692007][trace][gc,age      ] GC(524) Age table with threshold 15 (max threshold 15)
[2025-08-21T18:51:17.970+0000][1692007][trace][gc,age      ] GC(524) - age   1:      48032 bytes,      48032 total
[2025-08-21T18:51:17.970+0000][1692007][trace][gc,age      ] GC(524) - age   2:         88 bytes,      48120 total
[2025-08-21T18:51:17.970+0000][1692007][trace][gc,age      ] GC(524) - age   3:        200 bytes,      48320 total
[2025-08-21T18:51:17.970+0000][1692007][info ][gc,heap     ] GC(524) Eden regions: 48->0(75)
[2025-08-21T18:51:17.970+0000][1692007][info ][gc,heap     ] GC(524) Survivor regions: 1->1(7)
[2025-08-21T18:51:17.970+0000][1692007][info ][gc,heap     ] GC(524) Old regions: 30->30
[2025-08-21T18:51:17.970+0000][1692007][info ][gc,heap     ] GC(524) Humongous regions: 0->0
[2025-08-21T18:51:17.970+0000][1692007][info ][gc,metaspace] GC(524) Metaspace: 142521K(148032K)->142521K(148032K) NonClass: 123696K(126784K)->123696K(126784K) Class: 18825K(21248K)->18825K(21248K)
[2025-08-21T18:51:17.970+0000][1692007][info ][gc          ] GC(524) Pause Young (Prepare Mixed) (G1 Evacuation Pause) 312M->119M(512M) 2.755ms
[2025-08-21T18:51:17.970+0000][1692007][info ][gc,cpu      ] GC(524) User=0.01s Sys=0.00s Real=0.00s
[2025-08-21T18:51:17.970+0000][1692007][info ][safepoint   ] Safepoint "G1CollectForAllocation", Time since last: 3464674179 ns, Reaching safepoint: 7862 ns, Cleanup: 4046 ns, At safepoint: 2787940 ns, Total: 2799848 ns
[2025-08-21T18:51:59.006+0000][1692007][info ][safepoint   ] Safepoint "Cleanup", Time since last: 41007627783 ns, Reaching safepoint: 27877246 ns, Cleanup: 43676 ns, At safepoint: 6449 ns, Total: 27927371 ns
[2025-08-21T18:52:00.006+0000][1692007][info ][safepoint   ] Safepoint "Cleanup", Time since last: 1000101248 ns, Reaching safepoint: 6570 ns, Cleanup: 32589 ns, At safepoint: 2293 ns, Total: 41452 ns
[2025-08-21T18:52:05.006+0000][1692007][info ][safepoint   ] Safepoint "Cleanup", Time since last: 5000335180 ns, Reaching safepoint: 35524 ns, Cleanup: 17657 ns, At safepoint: 2233 ns, Total: 55414 ns
[2025-08-21T18:52:53.010+0000][1692007][info ][safepoint   ] Safepoint "Cleanup", Time since last: 48003108763 ns, Reaching safepoint: 39880 ns, Cleanup: 10646 ns, At safepoint: 4376 ns, Total: 54902 ns
[2025-08-21T18:57:05.025+0000][1692007][info ][safepoint   ] Safepoint "Cleanup", Time since last: 252014952427 ns, Reaching safepoint: 35273 ns, Cleanup: 10346 ns, At safepoint: 2243 ns, Total: 47862 ns
[2025-08-21T19:02:59.414+0000][1692007][info ][gc,start    ] GC(525) Pause Young (Mixed) (G1 Evacuation Pause)
[2025-08-21T19:02:59.414+0000][1692007][info ][gc,task     ] GC(525) Using 1 workers of 1 for evacuation
[2025-08-21T19:02:59.414+0000][1692007][debug][gc,age      ] GC(525) Desired survivor size 20971520 bytes, new threshold 15 (max threshold 15)
[2025-08-21T19:02:59.416+0000][1692007][info ][gc,phases   ] GC(525)   Pre Evacuate Collection Set: 0.0ms
[2025-08-21T19:02:59.416+0000][1692007][info ][gc,phases   ] GC(525)   Merge Heap Roots: 0.0ms
[2025-08-21T19:02:59.416+0000][1692007][info ][gc,phases   ] GC(525)   Evacuate Collection Set: 1.3ms
[2025-08-21T19:02:59.416+0000][1692007][info ][gc,phases   ] GC(525)   Post Evacuate Collection Set: 0.9ms
[2025-08-21T19:02:59.416+0000][1692007][info ][gc,phases   ] GC(525)   Other: 0.1ms
[2025-08-21T19:02:59.416+0000][1692007][trace][gc,age      ] GC(525) Age table with threshold 15 (max threshold 15)
[2025-08-21T19:02:59.416+0000][1692007][trace][gc,age      ] GC(525) - age   1:      35496 bytes,      35496 total
[2025-08-21T19:02:59.416+0000][1692007][trace][gc,age      ] GC(525) - age   2:      34888 bytes,      70384 total
[2025-08-21T19:02:59.416+0000][1692007][trace][gc,age      ] GC(525) - age   3:         88 bytes,      70472 total
[2025-08-21T19:02:59.416+0000][1692007][trace][gc,age      ] GC(525) - age   4:        200 bytes,      70672 total
[2025-08-21T19:02:59.416+0000][1692007][info ][gc,heap     ] GC(525) Eden regions: 75->0(75)
[2025-08-21T19:02:59.416+0000][1692007][info ][gc,heap     ] GC(525) Survivor regions: 1->1(10)
[2025-08-21T19:02:59.416+0000][1692007][info ][gc,heap     ] GC(525) Old regions: 30->29
[2025-08-21T19:02:59.416+0000][1692007][info ][gc,heap     ] GC(525) Humongous regions: 0->0
[2025-08-21T19:02:59.416+0000][1692007][info ][gc,metaspace] GC(525) Metaspace: 142528K(148032K)->142528K(148032K) NonClass: 123703K(126784K)->123703K(126784K) Class: 18825K(21248K)->18825K(21248K)
[2025-08-21T19:02:59.416+0000][1692007][info ][gc          ] GC(525) Pause Young (Mixed) (G1 Evacuation Pause) 419M->115M(512M) 2.672ms
[2025-08-21T19:02:59.416+0000][1692007][info ][gc,cpu      ] GC(525) User=0.01s Sys=0.00s Real=0.01s
[2025-08-21T19:02:59.416+0000][1692007][info ][safepoint   ] Safepoint "G1CollectForAllocation", Time since last: 354389115604 ns, Reaching safepoint: 7181 ns, Cleanup: 3335 ns, At safepoint: 2709642 ns, Total: 2720158 ns
[2025-08-21T19:06:17.438+0000][1692007][info ][safepoint   ] Safepoint "Cleanup", Time since last: 198011611954 ns, Reaching safepoint: 10478372 ns, Cleanup: 23296 ns, At safepoint: 2724 ns, Total: 10504392 ns
[2025-08-21T19:06:18.464+0000][1692007][info ][safepoint   ] Safepoint "Cleanup", Time since last: 1000266857 ns, Reaching safepoint: 25248717 ns, Cleanup: 11537 ns, At safepoint: 4497 ns, Total: 25264751 ns
[2025-08-21T19:06:18.928+0000][1692007][info ][gc,start    ] GC(526) Pause Young (Concurrent Start) (G1 Evacuation Pause)
[2025-08-21T19:06:18.928+0000][1692007][info ][gc,task     ] GC(526) Using 1 workers of 1 for evacuation
[2025-08-21T19:06:18.928+0000][1692007][debug][gc,age      ] GC(526) Desired survivor size 20971520 bytes, new threshold 15 (max threshold 15)
[2025-08-21T19:06:18.934+0000][1692007][info ][gc,phases   ] GC(526)   Pre Evacuate Collection Set: 0.1ms
[2025-08-21T19:06:18.934+0000][1692007][info ][gc,phases   ] GC(526)   Merge Heap Roots: 0.0ms
[2025-08-21T19:06:18.934+0000][1692007][info ][gc,phases   ] GC(526)   Evacuate Collection Set: 5.1ms
[2025-08-21T19:06:18.934+0000][1692007][info ][gc,phases   ] GC(526)   Post Evacuate Collection Set: 0.8ms
[2025-08-21T19:06:18.934+0000][1692007][info ][gc,phases   ] GC(526)   Other: 0.0ms
[2025-08-21T19:06:18.934+0000][1692007][trace][gc,age      ] GC(526) Age table with threshold 15 (max threshold 15)
[2025-08-21T19:06:18.934+0000][1692007][trace][gc,age      ] GC(526) - age   1:    4197136 bytes,    4197136 total
[2025-08-21T19:06:18.934+0000][1692007][trace][gc,age      ] GC(526) - age   2:       9504 bytes,    4206640 total
[2025-08-21T19:06:18.934+0000][1692007][trace][gc,age      ] GC(526) - age   3:      34536 bytes,    4241176 total
[2025-08-21T19:06:18.934+0000][1692007][trace][gc,age      ] GC(526) - age   4:         88 bytes,    4241264 total
[2025-08-21T19:06:18.934+0000][1692007][trace][gc,age      ] GC(526) - age   5:        200 bytes,    4241464 total
[2025-08-21T19:06:18.934+0000][1692007][info ][gc,heap     ] GC(526) Eden regions: 75->0(74)
[2025-08-21T19:06:18.934+0000][1692007][info ][gc,heap     ] GC(526) Survivor regions: 1->2(10)
[2025-08-21T19:06:18.934+0000][1692007][info ][gc,heap     ] GC(526) Old regions: 29->29
[2025-08-21T19:06:18.934+0000][1692007][info ][gc,heap     ] GC(526) Humongous regions: 0->0
[2025-08-21T19:06:18.934+0000][1692007][info ][gc,metaspace] GC(526) Metaspace: 142547K(148032K)->142547K(148032K) NonClass: 123721K(126784K)->123721K(126784K) Class: 18825K(21248K)->18825K(21248K)
[2025-08-21T19:06:18.934+0000][1692007][info ][gc          ] GC(526) Pause Young (Concurrent Start) (G1 Evacuation Pause) 415M->119M(512M) 6.193ms
[2025-08-21T19:06:18.934+0000][1692007][info ][gc,cpu      ] GC(526) User=0.01s Sys=0.00s Real=0.00s
[2025-08-21T19:06:18.934+0000][1692007][info ][safepoint   ] Safepoint "G1CollectForAllocation", Time since last: 464107409 ns, Reaching safepoint: 5137 ns, Cleanup: 14853 ns, At safepoint: 6238750 ns, Total: 6258740 ns
[2025-08-21T19:06:18.939+0000][1692007][info ][gc          ] GC(527) Concurrent Mark Cycle
[2025-08-21T19:06:18.939+0000][1692007][info ][gc,marking  ] GC(527) Concurrent Scan Root Regions
[2025-08-21T19:06:18.940+0000][1692007][info ][gc,marking  ] GC(527) Concurrent Scan Root Regions 1.370ms
[2025-08-21T19:06:18.940+0000][1692007][info ][gc,marking  ] GC(527) Concurrent Mark
[2025-08-21T19:06:18.940+0000][1692007][info ][gc,marking  ] GC(527) Concurrent Mark From Roots
[2025-08-21T19:06:18.940+0000][1692007][info ][gc,task     ] GC(527) Using 1 workers of 1 for marking
[2025-08-21T19:06:19.142+0000][1692007][info ][gc,marking  ] GC(527) Concurrent Mark From Roots 201.978ms
[2025-08-21T19:06:19.142+0000][1692007][info ][gc,marking  ] GC(527) Concurrent Preclean
[2025-08-21T19:06:19.143+0000][1692007][info ][gc,marking  ] GC(527) Concurrent Preclean 0.395ms
[2025-08-21T19:06:19.157+0000][1692007][info ][gc,start    ] GC(527) Pause Remark
[2025-08-21T19:06:19.165+0000][1692007][info ][gc          ] GC(527) Pause Remark 223M->223M(512M) 7.508ms
[2025-08-21T19:06:19.165+0000][1692007][info ][gc,cpu      ] GC(527) User=0.01s Sys=0.00s Real=0.00s
[2025-08-21T19:06:19.165+0000][1692007][info ][safepoint   ] Safepoint "G1PauseRemark", Time since last: 208275233 ns, Reaching safepoint: 14751766 ns, Cleanup: 12198 ns, At safepoint: 7548058 ns, Total: 22312022 ns
[2025-08-21T19:06:19.165+0000][1692007][info ][gc,marking  ] GC(527) Concurrent Mark 224.962ms
[2025-08-21T19:06:19.165+0000][1692007][info ][gc,marking  ] GC(527) Concurrent Rebuild Remembered Sets and Scrub Regions
[2025-08-21T19:06:19.208+0000][1692007][info ][gc,marking  ] GC(527) Concurrent Rebuild Remembered Sets and Scrub Regions 42.863ms
[2025-08-21T19:06:19.224+0000][1692007][info ][gc,start    ] GC(527) Pause Cleanup
[2025-08-21T19:06:19.224+0000][1692007][info ][gc          ] GC(527) Pause Cleanup 226M->226M(512M) 0.057ms
[2025-08-21T19:06:19.224+0000][1692007][info ][gc,cpu      ] GC(527) User=0.00s Sys=0.00s Real=0.00s
[2025-08-21T19:06:19.224+0000][1692007][info ][safepoint   ] Safepoint "G1PauseCleanup", Time since last: 43124420 ns, Reaching safepoint: 15801661 ns, Cleanup: 2463 ns, At safepoint: 85970 ns, Total: 15890094 ns
[2025-08-21T19:06:19.229+0000][1692007][info ][gc,marking  ] GC(527) Concurrent Clear Claimed Marks
[2025-08-21T19:06:19.230+0000][1692007][info ][gc,marking  ] GC(527) Concurrent Clear Claimed Marks 0.189ms
[2025-08-21T19:06:19.230+0000][1692007][info ][gc,marking  ] GC(527) Concurrent Cleanup for Next Mark
[2025-08-21T19:06:19.230+0000][1692007][info ][gc,marking  ] GC(527) Concurrent Cleanup for Next Mark 0.297ms
[2025-08-21T19:06:19.230+0000][1692007][info ][gc          ] GC(527) Concurrent Mark Cycle 290.977ms
[2025-08-21T19:06:21.724+0000][1692007][info ][gc,start    ] GC(528) Pause Young (Prepare Mixed) (G1 Evacuation Pause)
[2025-08-21T19:06:21.724+0000][1692007][info ][gc,task     ] GC(528) Using 1 workers of 1 for evacuation
[2025-08-21T19:06:21.724+0000][1692007][debug][gc,age      ] GC(528) Desired survivor size 20971520 bytes, new threshold 15 (max threshold 15)
[2025-08-21T19:06:21.729+0000][1692007][info ][gc,phases   ] GC(528)   Pre Evacuate Collection Set: 0.0ms
[2025-08-21T19:06:21.729+0000][1692007][info ][gc,phases   ] GC(528)   Merge Heap Roots: 0.0ms
[2025-08-21T19:06:21.729+0000][1692007][info ][gc,phases   ] GC(528)   Evacuate Collection Set: 3.9ms
[2025-08-21T19:06:21.729+0000][1692007][info ][gc,phases   ] GC(528)   Post Evacuate Collection Set: 0.8ms
[2025-08-21T19:06:21.729+0000][1692007][info ][gc,phases   ] GC(528)   Other: 0.0ms
[2025-08-21T19:06:21.729+0000][1692007][trace][gc,age      ] GC(528) Age table with threshold 15 (max threshold 15)
[2025-08-21T19:06:21.729+0000][1692007][trace][gc,age      ] GC(528) - age   1:    5903744 bytes,    5903744 total
[2025-08-21T19:06:21.729+0000][1692007][trace][gc,age      ] GC(528) - age   2:     615640 bytes,    6519384 total
[2025-08-21T19:06:21.729+0000][1692007][trace][gc,age      ] GC(528) - age   3:       9504 bytes,    6528888 total
[2025-08-21T19:06:21.729+0000][1692007][trace][gc,age      ] GC(528) - age   4:      34480 bytes,    6563368 total
[2025-08-21T19:06:21.729+0000][1692007][trace][gc,age      ] GC(528) - age   5:         88 bytes,    6563456 total
[2025-08-21T19:06:21.729+0000][1692007][trace][gc,age      ] GC(528) - age   6:        120 bytes,    6563576 total
[2025-08-21T19:06:21.729+0000][1692007][info ][gc,heap     ] GC(528) Eden regions: 74->0(74)
[2025-08-21T19:06:21.729+0000][1692007][info ][gc,heap     ] GC(528) Survivor regions: 2->2(10)
[2025-08-21T19:06:21.729+0000][1692007][info ][gc,heap     ] GC(528) Old regions: 29->29
[2025-08-21T19:06:21.729+0000][1692007][info ][gc,heap     ] GC(528) Humongous regions: 0->0
[2025-08-21T19:06:21.729+0000][1692007][info ][gc,metaspace] GC(528) Metaspace: 142547K(148032K)->142547K(148032K) NonClass: 123721K(126784K)->123721K(126784K) Class: 18825K(21248K)->18825K(21248K)
[2025-08-21T19:06:21.729+0000][1692007][info ][gc          ] GC(528) Pause Young (Prepare Mixed) (G1 Evacuation Pause) 415M->121M(512M) 4.921ms
[2025-08-21T19:06:21.729+0000][1692007][info ][gc,cpu      ] GC(528) User=0.01s Sys=0.00s Real=0.01s
[2025-08-21T19:06:21.729+0000][1692007][info ][safepoint   ] Safepoint "G1CollectForAllocation", Time since last: 2500057785 ns, Reaching safepoint: 5037 ns, Cleanup: 3385 ns, At safepoint: 4954902 ns, Total: 4963324 ns
[2025-08-21T19:06:29.746+0000][1692007][info ][gc,start    ] GC(529) Pause Young (Mixed) (G1 Evacuation Pause)
[2025-08-21T19:06:29.746+0000][1692007][info ][gc,task     ] GC(529) Using 1 workers of 1 for evacuation
[2025-08-21T19:06:29.746+0000][1692007][debug][gc,age      ] GC(529) Desired survivor size 20971520 bytes, new threshold 15 (max threshold 15)
[2025-08-21T19:06:29.904+0000][1692007][info ][gc,phases   ] GC(529)   Pre Evacuate Collection Set: 0.1ms
[2025-08-21T19:06:29.904+0000][1692007][info ][gc,phases   ] GC(529)   Merge Heap Roots: 0.0ms
[2025-08-21T19:06:29.904+0000][1692007][info ][gc,phases   ] GC(529)   Evacuate Collection Set: 157.5ms
[2025-08-21T19:06:29.904+0000][1692007][info ][gc,phases   ] GC(529)   Post Evacuate Collection Set: 0.9ms
[2025-08-21T19:06:29.904+0000][1692007][info ][gc,phases   ] GC(529)   Other: 0.0ms
[2025-08-21T19:06:29.904+0000][1692007][trace][gc,age      ] GC(529) Age table with threshold 15 (max threshold 15)
[2025-08-21T19:06:29.904+0000][1692007][trace][gc,age      ] GC(529) - age   1:   36874544 bytes,   36874544 total
[2025-08-21T19:06:29.904+0000][1692007][trace][gc,age      ] GC(529) - age   2:    4519680 bytes,   41394224 total
[2025-08-21T19:06:29.904+0000][1692007][trace][gc,age      ] GC(529) - age   3:      36952 bytes,   41431176 total
[2025-08-21T19:06:29.904+0000][1692007][trace][gc,age      ] GC(529) - age   4:       9504 bytes,   41440680 total
[2025-08-21T19:06:29.904+0000][1692007][trace][gc,age      ] GC(529) - age   5:      34480 bytes,   41475160 total
[2025-08-21T19:06:29.904+0000][1692007][trace][gc,age      ] GC(529) - age   6:         88 bytes,   41475248 total
[2025-08-21T19:06:29.904+0000][1692007][trace][gc,age      ] GC(529) - age   7:        120 bytes,   41475368 total
[2025-08-21T19:06:29.904+0000][1692007][info ][gc,heap     ] GC(529) Eden regions: 74->0(64)
[2025-08-21T19:06:29.904+0000][1692007][info ][gc,heap     ] GC(529) Survivor regions: 2->10(10)
[2025-08-21T19:06:29.904+0000][1692007][info ][gc,heap     ] GC(529) Old regions: 29->30
[2025-08-21T19:06:29.904+0000][1692007][info ][gc,heap     ] GC(529) Humongous regions: 0->0
[2025-08-21T19:06:29.904+0000][1692007][info ][gc,metaspace] GC(529) Metaspace: 142547K(148032K)->142547K(148032K) NonClass: 123721K(126784K)->123721K(126784K) Class: 18825K(21248K)->18825K(21248K)
[2025-08-21T19:06:29.905+0000][1692007][info ][gc          ] GC(529) Pause Young (Mixed) (G1 Evacuation Pause) 417M->159M(512M) 158.696ms
[2025-08-21T19:06:29.905+0000][1692007][info ][gc,cpu      ] GC(529) User=0.00s Sys=0.04s Real=0.15s
[2025-08-21T19:06:29.905+0000][1692007][info ][safepoint   ] Safepoint "G1CollectForAllocation", Time since last: 8016761129 ns, Reaching safepoint: 30416 ns, Cleanup: 3335 ns, At safepoint: 158744480 ns, Total: 158778231 ns
[2025-08-21T19:06:35.775+0000][1692007][info ][safepoint   ] Safepoint "Cleanup", Time since last: 5870580100 ns, Reaching safepoint: 3305 ns, Cleanup: 7922 ns, At safepoint: 1062 ns, Total: 12289 ns
[2025-08-21T19:06:36.776+0000][1692007][info ][safepoint   ] Safepoint "Cleanup", Time since last: 1000990640 ns, Reaching safepoint: 6500 ns, Cleanup: 41523 ns, At safepoint: 2173 ns, Total: 50196 ns
[2025-08-21T19:06:52.777+0000][1692007][info ][safepoint   ] Safepoint "Cleanup", Time since last: 16000962161 ns, Reaching safepoint: 38027 ns, Cleanup: 10356 ns, At safepoint: 1893 ns, Total: 50276 ns
[2025-08-21T19:06:53.777+0000][1692007][info ][safepoint   ] Safepoint "Cleanup", Time since last: 1000100817 ns, Reaching safepoint: 6319 ns, Cleanup: 10646 ns, At safepoint: 2124 ns, Total: 19089 ns
[2025-08-21T19:06:55.778+0000][1692007][info ][safepoint   ] Safepoint "Cleanup", Time since last: 2000110196 ns, Reaching safepoint: 42053 ns, Cleanup: 12239 ns, At safepoint: 348356 ns, Total: 402648 ns
[2025-08-21T19:07:23.780+0000][1692007][info ][safepoint   ] Safepoint "Cleanup", Time since last: 28001660393 ns, Reaching safepoint: 37646 ns, Cleanup: 13200 ns, At safepoint: 2013 ns, Total: 52859 ns
[2025-08-21T19:07:30.963+0000][1692007][info ][safepoint   ] Safepoint "Cleanup", Time since last: 7183548148 ns, Reaching safepoint: 38278 ns, Cleanup: 10626 ns, At safepoint: 4617 ns, Total: 53521 ns
[2025-08-21T19:07:33.963+0000][1692007][info ][safepoint   ] Safepoint "Cleanup", Time since last: 3000216401 ns, Reaching safepoint: 6590 ns, Cleanup: 10747 ns, At safepoint: 2283 ns, Total: 19620 ns
[2025-08-21T19:07:35.964+0000][1692007][info ][safepoint   ] Safepoint "Cleanup", Time since last: 2000154503 ns, Reaching safepoint: 27241 ns, Cleanup: 11187 ns, At safepoint: 6600 ns, Total: 45028 ns
[2025-08-21T19:08:39.968+0000][1692007][info ][safepoint   ] Safepoint "Cleanup", Time since last: 64003848372 ns, Reaching safepoint: 60601 ns, Cleanup: 20972 ns, At safepoint: 1953 ns, Total: 83526 ns
[2025-08-21T19:08:40.968+0000][1692007][info ][safepoint   ] Safepoint "Cleanup", Time since last: 1000350965 ns, Reaching safepoint: 6950 ns, Cleanup: 28623 ns, At safepoint: 2174 ns, Total: 37747 ns
[2025-08-21T19:08:48.968+0000][1692007][info ][safepoint   ] Safepoint "Cleanup", Time since last: 8000474305 ns, Reaching safepoint: 5187 ns, Cleanup: 15434 ns, At safepoint: 1832 ns, Total: 22453 ns
[2025-08-21T19:09:14.970+0000][1692007][info ][safepoint   ] Safepoint "Cleanup", Time since last: 26001628035 ns, Reaching safepoint: 4727 ns, Cleanup: 31918 ns, At safepoint: 1973 ns, Total: 38618 ns
[2025-08-21T19:09:15.970+0000][1692007][info ][safepoint   ] Safepoint "Cleanup", Time since last: 1000085093 ns, Reaching safepoint: 5849 ns, Cleanup: 13671 ns, At safepoint: 2043 ns, Total: 21563 ns
[2025-08-21T19:09:57.976+0000][1692007][info ][safepoint   ] Safepoint "Cleanup", Time since last: 42003211864 ns, Reaching safepoint: 1094723 ns, Cleanup: 1451281 ns, At safepoint: 8012 ns, Total: 2554016 ns
[2025-08-21T19:11:40.533+0000][1692007][info ][gc,start    ] GC(530) Pause Young (Concurrent Start) (G1 Evacuation Pause)
[2025-08-21T19:11:40.535+0000][1692007][info ][gc,task     ] GC(530) Using 1 workers of 1 for evacuation
[2025-08-21T19:11:40.536+0000][1692007][debug][gc,age      ] GC(530) Desired survivor size 20971520 bytes, new threshold 1 (max threshold 15)
[2025-08-21T19:11:40.586+0000][1692007][info ][gc,phases   ] GC(530)   Pre Evacuate Collection Set: 1.7ms
[2025-08-21T19:11:40.586+0000][1692007][info ][gc,phases   ] GC(530)   Merge Heap Roots: 1.4ms
[2025-08-21T19:11:40.586+0000][1692007][info ][gc,phases   ] GC(530)   Evacuate Collection Set: 32.2ms
[2025-08-21T19:11:40.586+0000][1692007][info ][gc,phases   ] GC(530)   Post Evacuate Collection Set: 13.2ms
[2025-08-21T19:11:40.586+0000][1692007][info ][gc,phases   ] GC(530)   Other: 3.6ms
[2025-08-21T19:11:40.586+0000][1692007][trace][gc,age      ] GC(530) Age table with threshold 1 (max threshold 15)
[2025-08-21T19:11:40.586+0000][1692007][trace][gc,age      ] GC(530) - age   1:     184304 bytes,     184304 total
[2025-08-21T19:11:40.586+0000][1692007][info ][gc,heap     ] GC(530) Eden regions: 64->0(75)
[2025-08-21T19:11:40.586+0000][1692007][info ][gc,heap     ] GC(530) Survivor regions: 10->1(10)
[2025-08-21T19:11:40.586+0000][1692007][info ][gc,heap     ] GC(530) Old regions: 30->30
[2025-08-21T19:11:40.586+0000][1692007][info ][gc,heap     ] GC(530) Humongous regions: 0->0
[2025-08-21T19:11:40.587+0000][1692007][info ][gc,metaspace] GC(530) Metaspace: 142717K(148032K)->142717K(148032K) NonClass: 123854K(126784K)->123854K(126784K) Class: 18863K(21248K)->18863K(21248K)
[2025-08-21T19:11:40.587+0000][1692007][info ][gc          ] GC(530) Pause Young (Concurrent Start) (G1 Evacuation Pause) 415M->120M(512M) 54.601ms
[2025-08-21T19:11:40.587+0000][1692007][info ][gc,cpu      ] GC(530) User=0.01s Sys=0.00s Real=0.06s
[2025-08-21T19:11:40.587+0000][1692007][info ][safepoint   ] Safepoint "G1CollectForAllocation", Time since last: 102554963078 ns, Reaching safepoint: 9294 ns, Cleanup: 4146 ns, At safepoint: 56321838 ns, Total: 56335278 ns
[2025-08-21T19:11:40.587+0000][1692007][info ][gc          ] GC(531) Concurrent Mark Cycle
[2025-08-21T19:11:40.587+0000][1692007][info ][gc,marking  ] GC(531) Concurrent Scan Root Regions
[2025-08-21T19:11:40.603+0000][1692007][info ][gc,marking  ] GC(531) Concurrent Scan Root Regions 15.278ms
[2025-08-21T19:11:40.603+0000][1692007][info ][gc,marking  ] GC(531) Concurrent Mark
[2025-08-21T19:11:40.603+0000][1692007][info ][gc,marking  ] GC(531) Concurrent Mark From Roots
[2025-08-21T19:11:40.603+0000][1692007][info ][gc,task     ] GC(531) Using 1 workers of 1 for marking
[2025-08-21T19:11:40.749+0000][1692007][info ][gc,marking  ] GC(531) Concurrent Mark From Roots 146.884ms
[2025-08-21T19:11:40.749+0000][1692007][info ][gc,marking  ] GC(531) Concurrent Preclean
[2025-08-21T19:11:40.750+0000][1692007][info ][gc,marking  ] GC(531) Concurrent Preclean 0.379ms
[2025-08-21T19:11:40.754+0000][1692007][info ][gc,start    ] GC(531) Pause Remark
[2025-08-21T19:11:40.802+0000][1692007][info ][gc          ] GC(531) Pause Remark 120M->116M(512M) 47.687ms
[2025-08-21T19:11:40.802+0000][1692007][info ][gc,cpu      ] GC(531) User=0.02s Sys=0.00s Real=0.05s
[2025-08-21T19:11:40.802+0000][1692007][info ][safepoint   ] Safepoint "G1PauseRemark", Time since last: 167076592 ns, Reaching safepoint: 5188 ns, Cleanup: 3034 ns, At safepoint: 47745458 ns, Total: 47753680 ns
[2025-08-21T19:11:40.802+0000][1692007][info ][gc,marking  ] GC(531) Concurrent Mark 199.540ms
[2025-08-21T19:11:40.802+0000][1692007][info ][gc,marking  ] GC(531) Concurrent Rebuild Remembered Sets and Scrub Regions
[2025-08-21T19:11:40.845+0000][1692007][info ][gc,marking  ] GC(531) Concurrent Rebuild Remembered Sets and Scrub Regions 42.753ms
[2025-08-21T19:11:40.845+0000][1692007][info ][gc,start    ] GC(531) Pause Cleanup
[2025-08-21T19:11:40.845+0000][1692007][info ][gc          ] GC(531) Pause Cleanup 116M->116M(512M) 0.137ms
[2025-08-21T19:11:40.845+0000][1692007][info ][gc,cpu      ] GC(531) User=0.00s Sys=0.00s Real=0.00s
[2025-08-21T19:11:40.845+0000][1692007][info ][safepoint   ] Safepoint "G1PauseCleanup", Time since last: 42814872 ns, Reaching safepoint: 3545 ns, Cleanup: 1873 ns, At safepoint: 160552 ns, Total: 165970 ns
[2025-08-21T19:11:40.845+0000][1692007][info ][gc,marking  ] GC(531) Concurrent Clear Claimed Marks
[2025-08-21T19:11:40.845+0000][1692007][info ][gc,marking  ] GC(531) Concurrent Clear Claimed Marks 0.184ms
[2025-08-21T19:11:40.845+0000][1692007][info ][gc,marking  ] GC(531) Concurrent Cleanup for Next Mark
[2025-08-21T19:11:40.847+0000][1692007][info ][gc,marking  ] GC(531) Concurrent Cleanup for Next Mark 1.716ms
[2025-08-21T19:11:40.847+0000][1692007][info ][gc          ] GC(531) Concurrent Mark Cycle 259.724ms
[2025-08-21T19:12:48.851+0000][1692007][info ][safepoint   ] Safepoint "Cleanup", Time since last: 68003839490 ns, Reaching safepoint: 2488748 ns, Cleanup: 9244 ns, At safepoint: 3215 ns, Total: 2501207 ns
[2025-08-21T19:12:49.852+0000][1692007][info ][safepoint   ] Safepoint "Cleanup", Time since last: 1000486300 ns, Reaching safepoint: 6259 ns, Cleanup: 13440 ns, At safepoint: 2254 ns, Total: 21953 ns
[2025-08-21T19:12:55.288+0000][1692007][info ][gc,start    ] GC(532) Pause Young (Prepare Mixed) (G1 Evacuation Pause)
[2025-08-21T19:12:55.288+0000][1692007][info ][gc,task     ] GC(532) Using 1 workers of 1 for evacuation
[2025-08-21T19:12:55.288+0000][1692007][debug][gc,age      ] GC(532) Desired survivor size 20971520 bytes, new threshold 15 (max threshold 15)
[2025-08-21T19:12:55.357+0000][1692007][info ][gc,phases   ] GC(532)   Pre Evacuate Collection Set: 0.0ms
[2025-08-21T19:12:55.357+0000][1692007][info ][gc,phases   ] GC(532)   Merge Heap Roots: 0.0ms
[2025-08-21T19:12:55.357+0000][1692007][info ][gc,phases   ] GC(532)   Evacuate Collection Set: 66.9ms
[2025-08-21T19:12:55.357+0000][1692007][info ][gc,phases   ] GC(532)   Post Evacuate Collection Set: 1.5ms
[2025-08-21T19:12:55.357+0000][1692007][info ][gc,phases   ] GC(532)   Other: 0.0ms
[2025-08-21T19:12:55.357+0000][1692007][trace][gc,age      ] GC(532) Age table with threshold 15 (max threshold 15)
[2025-08-21T19:12:55.357+0000][1692007][trace][gc,age      ] GC(532) - age   1:   41679792 bytes,   41679792 total
[2025-08-21T19:12:55.357+0000][1692007][trace][gc,age      ] GC(532) - age   2:      27984 bytes,   41707776 total
[2025-08-21T19:12:55.357+0000][1692007][info ][gc,heap     ] GC(532) Eden regions: 75->0(62)
[2025-08-21T19:12:55.357+0000][1692007][info ][gc,heap     ] GC(532) Survivor regions: 1->10(10)
[2025-08-21T19:12:55.357+0000][1692007][info ][gc,heap     ] GC(532) Old regions: 29->32
[2025-08-21T19:12:55.357+0000][1692007][info ][gc,heap     ] GC(532) Humongous regions: 0->0
[2025-08-21T19:12:55.357+0000][1692007][info ][gc,metaspace] GC(532) Metaspace: 142719K(148032K)->142719K(148032K) NonClass: 123856K(126784K)->123856K(126784K) Class: 18863K(21248K)->18863K(21248K)
[2025-08-21T19:12:55.357+0000][1692007][info ][gc          ] GC(532) Pause Young (Prepare Mixed) (G1 Evacuation Pause) 416M->164M(512M) 68.691ms
[2025-08-21T19:12:55.357+0000][1692007][info ][gc,cpu      ] GC(532) User=0.01s Sys=0.01s Real=0.07s
[2025-08-21T19:12:55.357+0000][1692007][info ][safepoint   ] Safepoint "G1CollectForAllocation", Time since last: 5435886372 ns, Reaching safepoint: 160011 ns, Cleanup: 11017 ns, At safepoint: 68739479 ns, Total: 68910507 ns
[2025-08-21T19:12:56.357+0000][1692007][info ][safepoint   ] Safepoint "Cleanup", Time since last: 1000071874 ns, Reaching safepoint: 6380 ns, Cleanup: 13851 ns, At safepoint: 2273 ns, Total: 22504 ns
[2025-08-21T19:12:57.357+0000][1692007][info ][safepoint   ] Safepoint "Cleanup", Time since last: 1000117343 ns, Reaching safepoint: 6790 ns, Cleanup: 18268 ns, At safepoint: 2153 ns, Total: 27211 ns
[2025-08-21T19:13:06.537+0000][1692007][info ][gc,start    ] GC(533) Pause Young (Mixed) (G1 Evacuation Pause)
[2025-08-21T19:13:06.538+0000][1692007][info ][gc,task     ] GC(533) Using 1 workers of 1 for evacuation
[2025-08-21T19:13:06.538+0000][1692007][debug][gc,age      ] GC(533) Desired survivor size 18874368 bytes, new threshold 1 (max threshold 15)
[2025-08-21T19:13:06.716+0000][1692007][info ][gc,phases   ] GC(533)   Pre Evacuate Collection Set: 0.1ms
[2025-08-21T19:13:06.716+0000][1692007][info ][gc,phases   ] GC(533)   Merge Heap Roots: 0.0ms
[2025-08-21T19:13:06.716+0000][1692007][info ][gc,phases   ] GC(533)   Evacuate Collection Set: 177.7ms
[2025-08-21T19:13:06.716+0000][1692007][info ][gc,phases   ] GC(533)   Post Evacuate Collection Set: 0.9ms
[2025-08-21T19:13:06.716+0000][1692007][info ][gc,phases   ] GC(533)   Other: 0.0ms
[2025-08-21T19:13:06.716+0000][1692007][trace][gc,age      ] GC(533) Age table with threshold 1 (max threshold 15)
[2025-08-21T19:13:06.716+0000][1692007][trace][gc,age      ] GC(533) - age   1:   37639320 bytes,   37639320 total
[2025-08-21T19:13:06.716+0000][1692007][info ][gc,heap     ] GC(533) Eden regions: 62->0(27)
[2025-08-21T19:13:06.716+0000][1692007][info ][gc,heap     ] GC(533) Survivor regions: 10->9(9)
[2025-08-21T19:13:06.716+0000][1692007][info ][gc,heap     ] GC(533) Old regions: 32->44
[2025-08-21T19:13:06.716+0000][1692007][info ][gc,heap     ] GC(533) Humongous regions: 0->0
[2025-08-21T19:13:06.716+0000][1692007][info ][gc,metaspace] GC(533) Metaspace: 142730K(148032K)->142730K(148032K) NonClass: 123867K(126784K)->123867K(126784K) Class: 18863K(21248K)->18863K(21248K)
[2025-08-21T19:13:06.716+0000][1692007][info ][gc          ] GC(533) Pause Young (Mixed) (G1 Evacuation Pause) 412M->212M(512M) 178.906ms
[2025-08-21T19:13:06.716+0000][1692007][info ][gc,cpu      ] GC(533) User=0.01s Sys=0.04s Real=0.18s
[2025-08-21T19:13:06.716+0000][1692007][info ][safepoint   ] Safepoint "G1CollectForAllocation", Time since last: 9180173618 ns, Reaching safepoint: 346253 ns, Cleanup: 2604 ns, At safepoint: 178959025 ns, Total: 179307882 ns
[2025-08-21T19:13:09.550+0000][1692007][info ][gc,start    ] GC(534) Pause Young (Concurrent Start) (G1 Evacuation Pause)
[2025-08-21T19:13:09.550+0000][1692007][info ][gc,task     ] GC(534) Using 1 workers of 1 for evacuation
[2025-08-21T19:13:09.550+0000][1692007][debug][gc,age      ] GC(534) Desired survivor size 10485760 bytes, new threshold 1 (max threshold 15)
[2025-08-21T19:13:09.570+0000][1692007][info ][gc,phases   ] GC(534)   Pre Evacuate Collection Set: 0.0ms
[2025-08-21T19:13:09.570+0000][1692007][info ][gc,phases   ] GC(534)   Merge Heap Roots: 0.0ms
[2025-08-21T19:13:09.570+0000][1692007][info ][gc,phases   ] GC(534)   Evacuate Collection Set: 19.1ms
[2025-08-21T19:13:09.570+0000][1692007][info ][gc,phases   ] GC(534)   Post Evacuate Collection Set: 0.9ms
[2025-08-21T19:13:09.570+0000][1692007][info ][gc,phases   ] GC(534)   Other: 0.0ms
[2025-08-21T19:13:09.570+0000][1692007][trace][gc,age      ] GC(534) Age table with threshold 1 (max threshold 15)
[2025-08-21T19:13:09.570+0000][1692007][trace][gc,age      ] GC(534) - age   1:     420840 bytes,     420840 total
[2025-08-21T19:13:09.570+0000][1692007][info ][gc,heap     ] GC(534) Eden regions: 27->0(57)
[2025-08-21T19:13:09.570+0000][1692007][info ][gc,heap     ] GC(534) Survivor regions: 9->1(5)
[2025-08-21T19:13:09.570+0000][1692007][info ][gc,heap     ] GC(534) Old regions: 44->52
[2025-08-21T19:13:09.570+0000][1692007][info ][gc,heap     ] GC(534) Humongous regions: 0->0
[2025-08-21T19:13:09.570+0000][1692007][info ][gc,metaspace] GC(534) Metaspace: 142732K(148032K)->142732K(148032K) NonClass: 123868K(126784K)->123868K(126784K) Class: 18863K(21248K)->18863K(21248K)
[2025-08-21T19:13:09.570+0000][1692007][info ][gc          ] GC(534) Pause Young (Concurrent Start) (G1 Evacuation Pause) 320M->210M(512M) 20.156ms
[2025-08-21T19:13:09.570+0000][1692007][info ][gc,cpu      ] GC(534) User=0.00s Sys=0.00s Real=0.02s
[2025-08-21T19:13:09.570+0000][1692007][info ][safepoint   ] Safepoint "G1CollectForAllocation", Time since last: 2833188215 ns, Reaching safepoint: 14431 ns, Cleanup: 13160 ns, At safepoint: 20197780 ns, Total: 20225371 ns
[2025-08-21T19:13:09.573+0000][1692007][info ][gc          ] GC(535) Concurrent Mark Cycle
[2025-08-21T19:13:09.573+0000][1692007][info ][gc,marking  ] GC(535) Concurrent Scan Root Regions
[2025-08-21T19:13:09.575+0000][1692007][info ][gc,marking  ] GC(535) Concurrent Scan Root Regions 1.484ms
[2025-08-21T19:13:09.575+0000][1692007][info ][gc,marking  ] GC(535) Concurrent Mark
[2025-08-21T19:13:09.575+0000][1692007][info ][gc,marking  ] GC(535) Concurrent Mark From Roots
[2025-08-21T19:13:09.575+0000][1692007][info ][gc,task     ] GC(535) Using 1 workers of 1 for marking
[2025-08-21T19:13:09.839+0000][1692007][info ][gc,marking  ] GC(535) Concurrent Mark From Roots 264.041ms
[2025-08-21T19:13:09.839+0000][1692007][info ][gc,marking  ] GC(535) Concurrent Preclean
[2025-08-21T19:13:09.839+0000][1692007][info ][gc,marking  ] GC(535) Concurrent Preclean 0.407ms
[2025-08-21T19:13:09.839+0000][1692007][info ][gc,start    ] GC(535) Pause Remark
[2025-08-21T19:13:10.389+0000][1692007][info ][gc,mmu      ] GC(535) MMU target violated: 201.0ms (200.0ms/201.0ms)
[2025-08-21T19:13:10.389+0000][1692007][info ][gc          ] GC(535) Pause Remark 403M->367M(512M) 549.805ms
[2025-08-21T19:13:10.389+0000][1692007][info ][gc,cpu      ] GC(535) User=0.03s Sys=0.07s Real=0.55s
[2025-08-21T19:13:10.389+0000][1692007][info ][safepoint   ] Safepoint "G1PauseRemark", Time since last: 269548828 ns, Reaching safepoint: 4617 ns, Cleanup: 19019 ns, At safepoint: 549853388 ns, Total: 549877024 ns
[2025-08-21T19:13:10.393+0000][1692007][info ][gc,marking  ] GC(535) Concurrent Mark 818.500ms
[2025-08-21T19:13:10.393+0000][1692007][info ][gc,marking  ] GC(535) Concurrent Rebuild Remembered Sets and Scrub Regions
[2025-08-21T19:13:10.490+0000][1692007][info ][gc,marking  ] GC(535) Concurrent Rebuild Remembered Sets and Scrub Regions 96.436ms
[2025-08-21T19:13:10.490+0000][1692007][info ][gc,start    ] GC(535) Pause Cleanup
[2025-08-21T19:13:10.490+0000][1692007][info ][gc          ] GC(535) Pause Cleanup 368M->368M(512M) 0.052ms
[2025-08-21T19:13:10.490+0000][1692007][info ][gc,cpu      ] GC(535) User=0.00s Sys=0.00s Real=0.00s
[2025-08-21T19:13:10.490+0000][1692007][info ][safepoint   ] Safepoint "G1PauseCleanup", Time since last: 100607371 ns, Reaching safepoint: 68934 ns, Cleanup: 15814 ns, At safepoint: 80041 ns, Total: 164789 ns
[2025-08-21T19:13:10.490+0000][1692007][info ][gc,marking  ] GC(535) Concurrent Clear Claimed Marks
[2025-08-21T19:13:10.490+0000][1692007][info ][gc,marking  ] GC(535) Concurrent Clear Claimed Marks 0.172ms
[2025-08-21T19:13:10.490+0000][1692007][info ][gc,marking  ] GC(535) Concurrent Cleanup for Next Mark
[2025-08-21T19:13:10.491+0000][1692007][info ][gc,marking  ] GC(535) Concurrent Cleanup for Next Mark 0.445ms
[2025-08-21T19:13:10.491+0000][1692007][info ][gc          ] GC(535) Concurrent Mark Cycle 917.329ms
[2025-08-21T19:13:11.490+0000][1692007][info ][safepoint   ] Safepoint "Cleanup", Time since last: 1000072274 ns, Reaching safepoint: 6230 ns, Cleanup: 28402 ns, At safepoint: 2013 ns, Total: 36645 ns
[2025-08-21T19:13:14.490+0000][1692007][info ][safepoint   ] Safepoint "Cleanup", Time since last: 3000204987 ns, Reaching safepoint: 44076 ns, Cleanup: 11097 ns, At safepoint: 5829 ns, Total: 61002 ns
[2025-08-21T19:13:15.491+0000][1692007][info ][safepoint   ] Safepoint "Cleanup", Time since last: 1000091223 ns, Reaching safepoint: 6460 ns, Cleanup: 11908 ns, At safepoint: 2183 ns, Total: 20551 ns
[2025-08-21T19:13:27.491+0000][1692007][info ][safepoint   ] Safepoint "Cleanup", Time since last: 12000771852 ns, Reaching safepoint: 34302 ns, Cleanup: 10226 ns, At safepoint: 2023 ns, Total: 46551 ns
[2025-08-21T19:13:55.095+0000][1692007][info ][safepoint   ] Safepoint "Cleanup", Time since last: 27603615741 ns, Reaching safepoint: 70857 ns, Cleanup: 11528 ns, At safepoint: 4597 ns, Total: 86982 ns
[2025-08-21T19:14:30.446+0000][1692007][info ][gc,start    ] GC(536) Pause Young (Prepare Mixed) (G1 Evacuation Pause)
[2025-08-21T19:14:30.446+0000][1692007][info ][gc,task     ] GC(536) Using 1 workers of 1 for evacuation
[2025-08-21T19:14:30.446+0000][1692007][debug][gc,age      ] GC(536) Desired survivor size 16777216 bytes, new threshold 15 (max threshold 15)
[2025-08-21T19:14:30.449+0000][1692007][info ][gc,phases   ] GC(536)   Pre Evacuate Collection Set: 0.1ms
[2025-08-21T19:14:30.449+0000][1692007][info ][gc,phases   ] GC(536)   Merge Heap Roots: 0.0ms
[2025-08-21T19:14:30.449+0000][1692007][info ][gc,phases   ] GC(536)   Evacuate Collection Set: 1.8ms
[2025-08-21T19:14:30.449+0000][1692007][info ][gc,phases   ] GC(536)   Post Evacuate Collection Set: 0.8ms
[2025-08-21T19:14:30.449+0000][1692007][info ][gc,phases   ] GC(536)   Other: 0.0ms
[2025-08-21T19:14:30.449+0000][1692007][trace][gc,age      ] GC(536) Age table with threshold 15 (max threshold 15)
[2025-08-21T19:14:30.449+0000][1692007][trace][gc,age      ] GC(536) - age   1:      31960 bytes,      31960 total
[2025-08-21T19:14:30.449+0000][1692007][trace][gc,age      ] GC(536) - age   2:       2576 bytes,      34536 total
[2025-08-21T19:14:30.449+0000][1692007][info ][gc,heap     ] GC(536) Eden regions: 57->0(67)
[2025-08-21T19:14:30.449+0000][1692007][info ][gc,heap     ] GC(536) Survivor regions: 1->1(8)
[2025-08-21T19:14:30.449+0000][1692007][info ][gc,heap     ] GC(536) Old regions: 43->43
[2025-08-21T19:14:30.449+0000][1692007][info ][gc,heap     ] GC(536) Humongous regions: 0->0
[2025-08-21T19:14:30.449+0000][1692007][info ][gc,metaspace] GC(536) Metaspace: 142731K(148032K)->142731K(148032K) NonClass: 123871K(126784K)->123871K(126784K) Class: 18859K(21248K)->18859K(21248K)
[2025-08-21T19:14:30.449+0000][1692007][info ][gc          ] GC(536) Pause Young (Prepare Mixed) (G1 Evacuation Pause) 402M->173M(512M) 2.858ms
[2025-08-21T19:14:30.449+0000][1692007][info ][gc,cpu      ] GC(536) User=0.01s Sys=0.00s Real=0.00s
[2025-08-21T19:14:30.449+0000][1692007][info ][safepoint   ] Safepoint "G1CollectForAllocation", Time since last: 35350808888 ns, Reaching safepoint: 4447 ns, Cleanup: 2494 ns, At safepoint: 2891726 ns, Total: 2898667 ns
[2025-08-21T19:14:31.449+0000][1692007][info ][safepoint   ] Safepoint "Cleanup", Time since last: 1000076852 ns, Reaching safepoint: 39039 ns, Cleanup: 11197 ns, At safepoint: 4517 ns, Total: 54753 ns
[2025-08-21T19:14:46.450+0000][1692007][info ][safepoint   ] Safepoint "Cleanup", Time since last: 15000912962 ns, Reaching safepoint: 44317 ns, Cleanup: 12699 ns, At safepoint: 4286 ns, Total: 61302 ns
[2025-08-21T19:14:53.450+0000][1692007][info ][safepoint   ] Safepoint "Cleanup", Time since last: 7000440034 ns, Reaching safepoint: 5598 ns, Cleanup: 10135 ns, At safepoint: 2124 ns, Total: 17857 ns
[2025-08-21T19:17:54.130+0000][1692007][info ][safepoint   ] Safepoint "Cleanup", Time since last: 180679952103 ns, Reaching safepoint: 34702 ns, Cleanup: 10296 ns, At safepoint: 4106 ns, Total: 49104 ns
[2025-08-21T19:18:54.134+0000][1692007][info ][safepoint   ] Safepoint "Cleanup", Time since last: 60003834834 ns, Reaching safepoint: 41093 ns, Cleanup: 13360 ns, At safepoint: 2083 ns, Total: 56536 ns
[2025-08-21T19:19:55.138+0000][1692007][info ][safepoint   ] Safepoint "Cleanup", Time since last: 61003406343 ns, Reaching safepoint: 39910 ns, Cleanup: 14402 ns, At safepoint: 4366 ns, Total: 58678 ns
[2025-08-21T19:20:55.142+0000][1692007][info ][safepoint   ] Safepoint "Cleanup", Time since last: 60003956729 ns, Reaching safepoint: 42714 ns, Cleanup: 10787 ns, At safepoint: 4777 ns, Total: 58278 ns
[2025-08-21T19:21:09.143+0000][1692007][info ][safepoint   ] Safepoint "Cleanup", Time since last: 14000888409 ns, Reaching safepoint: 38779 ns, Cleanup: 11778 ns, At safepoint: 4937 ns, Total: 55494 ns
[2025-08-21T19:24:56.862+0000][1692007][info ][gc,start    ] GC(537) Pause Young (Mixed) (G1 Evacuation Pause)
[2025-08-21T19:24:56.862+0000][1692007][info ][gc,task     ] GC(537) Using 1 workers of 1 for evacuation
[2025-08-21T19:24:56.862+0000][1692007][debug][gc,age      ] GC(537) Desired survivor size 18874368 bytes, new threshold 15 (max threshold 15)
[2025-08-21T19:24:56.864+0000][1692007][info ][gc,phases   ] GC(537)   Pre Evacuate Collection Set: 0.0ms
[2025-08-21T19:24:56.864+0000][1692007][info ][gc,phases   ] GC(537)   Merge Heap Roots: 0.0ms
[2025-08-21T19:24:56.864+0000][1692007][info ][gc,phases   ] GC(537)   Evacuate Collection Set: 1.2ms
[2025-08-21T19:24:56.864+0000][1692007][info ][gc,phases   ] GC(537)   Post Evacuate Collection Set: 1.0ms
[2025-08-21T19:24:56.864+0000][1692007][info ][gc,phases   ] GC(537)   Other: 0.0ms
[2025-08-21T19:24:56.864+0000][1692007][trace][gc,age      ] GC(537) Age table with threshold 15 (max threshold 15)
[2025-08-21T19:24:56.864+0000][1692007][trace][gc,age      ] GC(537) - age   1:       9992 bytes,       9992 total
[2025-08-21T19:24:56.864+0000][1692007][trace][gc,age      ] GC(537) - age   2:      21912 bytes,      31904 total
[2025-08-21T19:24:56.864+0000][1692007][trace][gc,age      ] GC(537) - age   3:       2576 bytes,      34480 total
[2025-08-21T19:24:56.864+0000][1692007][info ][gc,heap     ] GC(537) Eden regions: 67->0(71)
[2025-08-21T19:24:56.864+0000][1692007][info ][gc,heap     ] GC(537) Survivor regions: 1->1(9)
[2025-08-21T19:24:56.864+0000][1692007][info ][gc,heap     ] GC(537) Old regions: 43->41
[2025-08-21T19:24:56.864+0000][1692007][info ][gc,heap     ] GC(537) Humongous regions: 0->0
[2025-08-21T19:24:56.864+0000][1692007][info ][gc,metaspace] GC(537) Metaspace: 142731K(148032K)->142731K(148032K) NonClass: 123871K(126784K)->123871K(126784K) Class: 18859K(21248K)->18859K(21248K)
[2025-08-21T19:24:56.864+0000][1692007][info ][gc          ] GC(537) Pause Young (Mixed) (G1 Evacuation Pause) 441M->162M(512M) 2.771ms
[2025-08-21T19:24:56.864+0000][1692007][info ][gc,cpu      ] GC(537) User=0.00s Sys=0.00s Real=0.00s
[2025-08-21T19:24:56.864+0000][1692007][info ][safepoint   ] Safepoint "G1CollectForAllocation", Time since last: 227718964946 ns, Reaching safepoint: 7631 ns, Cleanup: 3125 ns, At safepoint: 2802963 ns, Total: 2813719 ns
[2025-08-21T19:27:24.885+0000][1692007][info ][safepoint   ] Safepoint "Cleanup", Time since last: 148020298234 ns, Reaching safepoint: 40251 ns, Cleanup: 10456 ns, At safepoint: 5989 ns, Total: 56696 ns
[2025-08-21T19:29:47.507+0000][1692007][info ][gc,start    ] GC(538) Pause Young (Concurrent Start) (G1 Evacuation Pause)
[2025-08-21T19:29:47.508+0000][1692007][info ][gc,task     ] GC(538) Using 1 workers of 1 for evacuation
[2025-08-21T19:29:47.508+0000][1692007][debug][gc,age      ] GC(538) Desired survivor size 18874368 bytes, new threshold 15 (max threshold 15)
[2025-08-21T19:29:47.512+0000][1692007][info ][gc,phases   ] GC(538)   Pre Evacuate Collection Set: 0.0ms
[2025-08-21T19:29:47.512+0000][1692007][info ][gc,phases   ] GC(538)   Merge Heap Roots: 0.0ms
[2025-08-21T19:29:47.512+0000][1692007][info ][gc,phases   ] GC(538)   Evacuate Collection Set: 3.4ms
[2025-08-21T19:29:47.512+0000][1692007][info ][gc,phases   ] GC(538)   Post Evacuate Collection Set: 0.8ms
[2025-08-21T19:29:47.512+0000][1692007][info ][gc,phases   ] GC(538)   Other: 0.0ms
[2025-08-21T19:29:47.512+0000][1692007][trace][gc,age      ] GC(538) Age table with threshold 15 (max threshold 15)
[2025-08-21T19:29:47.512+0000][1692007][trace][gc,age      ] GC(538) - age   1:    2516688 bytes,    2516688 total
[2025-08-21T19:29:47.512+0000][1692007][trace][gc,age      ] GC(538) - age   2:       1240 bytes,    2517928 total
[2025-08-21T19:29:47.512+0000][1692007][trace][gc,age      ] GC(538) - age   3:      18192 bytes,    2536120 total
[2025-08-21T19:29:47.512+0000][1692007][trace][gc,age      ] GC(538) - age   4:         96 bytes,    2536216 total
[2025-08-21T19:29:47.512+0000][1692007][info ][gc,heap     ] GC(538) Eden regions: 71->0(71)
[2025-08-21T19:29:47.512+0000][1692007][info ][gc,heap     ] GC(538) Survivor regions: 1->1(9)
[2025-08-21T19:29:47.512+0000][1692007][info ][gc,heap     ] GC(538) Old regions: 41->41
[2025-08-21T19:29:47.512+0000][1692007][info ][gc,heap     ] GC(538) Humongous regions: 0->0
[2025-08-21T19:29:47.512+0000][1692007][info ][gc,metaspace] GC(538) Metaspace: 142741K(148032K)->142741K(148032K) NonClass: 123881K(126784K)->123881K(126784K) Class: 18859K(21248K)->18859K(21248K)
[2025-08-21T19:29:47.512+0000][1692007][info ][gc          ] GC(538) Pause Young (Concurrent Start) (G1 Evacuation Pause) 446M->164M(512M) 4.848ms
[2025-08-21T19:29:47.512+0000][1692007][info ][gc,cpu      ] GC(538) User=0.01s Sys=0.00s Real=0.00s
[2025-08-21T19:29:47.512+0000][1692007][info ][safepoint   ] Safepoint "G1CollectForAllocation", Time since last: 142622367477 ns, Reaching safepoint: 97217 ns, Cleanup: 17156 ns, At safepoint: 4888511 ns, Total: 5002884 ns
[2025-08-21T19:29:47.515+0000][1692007][info ][gc          ] GC(539) Concurrent Mark Cycle
[2025-08-21T19:29:47.515+0000][1692007][info ][gc,marking  ] GC(539) Concurrent Scan Root Regions
[2025-08-21T19:29:47.517+0000][1692007][info ][gc,marking  ] GC(539) Concurrent Scan Root Regions 1.216ms
[2025-08-21T19:29:47.517+0000][1692007][info ][gc,marking  ] GC(539) Concurrent Mark
[2025-08-21T19:29:47.517+0000][1692007][info ][gc,marking  ] GC(539) Concurrent Mark From Roots
[2025-08-21T19:29:47.517+0000][1692007][info ][gc,task     ] GC(539) Using 1 workers of 1 for marking
[2025-08-21T19:29:47.746+0000][1692007][info ][gc,marking  ] GC(539) Concurrent Mark From Roots 229.213ms
[2025-08-21T19:29:47.746+0000][1692007][info ][gc,marking  ] GC(539) Concurrent Preclean
[2025-08-21T19:29:47.746+0000][1692007][info ][gc,marking  ] GC(539) Concurrent Preclean 0.389ms
[2025-08-21T19:29:47.746+0000][1692007][info ][gc,start    ] GC(539) Pause Remark
[2025-08-21T19:29:47.755+0000][1692007][info ][gc          ] GC(539) Pause Remark 262M->222M(512M) 8.827ms
[2025-08-21T19:29:47.755+0000][1692007][info ][gc,cpu      ] GC(539) User=0.01s Sys=0.00s Real=0.00s
[2025-08-21T19:29:47.755+0000][1692007][info ][safepoint   ] Safepoint "G1PauseRemark", Time since last: 234118568 ns, Reaching safepoint: 4637 ns, Cleanup: 1963 ns, At safepoint: 8868632 ns, Total: 8875232 ns
[2025-08-21T19:29:47.755+0000][1692007][info ][gc,marking  ] GC(539) Concurrent Mark 238.538ms
[2025-08-21T19:29:47.755+0000][1692007][info ][gc,marking  ] GC(539) Concurrent Rebuild Remembered Sets and Scrub Regions
[2025-08-21T19:29:47.807+0000][1692007][info ][gc,marking  ] GC(539) Concurrent Rebuild Remembered Sets and Scrub Regions 51.935ms
[2025-08-21T19:29:47.807+0000][1692007][info ][gc,start    ] GC(539) Pause Cleanup
[2025-08-21T19:29:47.807+0000][1692007][info ][gc          ] GC(539) Pause Cleanup 222M->222M(512M) 0.048ms
[2025-08-21T19:29:47.807+0000][1692007][info ][gc,cpu      ] GC(539) User=0.00s Sys=0.00s Real=0.00s
[2025-08-21T19:29:47.807+0000][1692007][info ][safepoint   ] Safepoint "G1PauseCleanup", Time since last: 51988735 ns, Reaching safepoint: 3615 ns, Cleanup: 2133 ns, At safepoint: 70677 ns, Total: 76425 ns
[2025-08-21T19:29:47.807+0000][1692007][info ][gc,marking  ] GC(539) Concurrent Clear Claimed Marks
[2025-08-21T19:29:47.807+0000][1692007][info ][gc,marking  ] GC(539) Concurrent Clear Claimed Marks 0.158ms
[2025-08-21T19:29:47.807+0000][1692007][info ][gc,marking  ] GC(539) Concurrent Cleanup for Next Mark
[2025-08-21T19:29:47.817+0000][1692007][info ][gc,marking  ] GC(539) Concurrent Cleanup for Next Mark 9.538ms
[2025-08-21T19:29:47.817+0000][1692007][info ][gc          ] GC(539) Concurrent Mark Cycle 301.545ms
[2025-08-21T19:29:49.807+0000][1692007][info ][safepoint   ] Safepoint "Cleanup", Time since last: 2000126502 ns, Reaching safepoint: 5849 ns, Cleanup: 13921 ns, At safepoint: 2103 ns, Total: 21873 ns
[2025-08-21T19:29:50.856+0000][1692007][info ][gc,start    ] GC(540) Pause Young (Prepare Mixed) (G1 Evacuation Pause)
[2025-08-21T19:29:50.856+0000][1692007][info ][gc,task     ] GC(540) Using 1 workers of 1 for evacuation
[2025-08-21T19:29:50.856+0000][1692007][debug][gc,age      ] GC(540) Desired survivor size 18874368 bytes, new threshold 15 (max threshold 15)
[2025-08-21T19:29:50.865+0000][1692007][info ][gc,phases   ] GC(540)   Pre Evacuate Collection Set: 0.0ms
[2025-08-21T19:29:50.865+0000][1692007][info ][gc,phases   ] GC(540)   Merge Heap Roots: 0.0ms
[2025-08-21T19:29:50.865+0000][1692007][info ][gc,phases   ] GC(540)   Evacuate Collection Set: 8.3ms
[2025-08-21T19:29:50.865+0000][1692007][info ][gc,phases   ] GC(540)   Post Evacuate Collection Set: 0.8ms
[2025-08-21T19:29:50.865+0000][1692007][info ][gc,phases   ] GC(540)   Other: 0.0ms
[2025-08-21T19:29:50.865+0000][1692007][trace][gc,age      ] GC(540) Age table with threshold 15 (max threshold 15)
[2025-08-21T19:29:50.865+0000][1692007][trace][gc,age      ] GC(540) - age   1:   11720960 bytes,   11720960 total
[2025-08-21T19:29:50.865+0000][1692007][trace][gc,age      ] GC(540) - age   2:     517808 bytes,   12238768 total
[2025-08-21T19:29:50.865+0000][1692007][trace][gc,age      ] GC(540) - age   3:       1216 bytes,   12239984 total
[2025-08-21T19:29:50.865+0000][1692007][trace][gc,age      ] GC(540) - age   4:      17208 bytes,   12257192 total
[2025-08-21T19:29:50.865+0000][1692007][trace][gc,age      ] GC(540) - age   5:         96 bytes,   12257288 total
[2025-08-21T19:29:50.865+0000][1692007][info ][gc,heap     ] GC(540) Eden regions: 71->0(73)
[2025-08-21T19:29:50.865+0000][1692007][info ][gc,heap     ] GC(540) Survivor regions: 1->3(9)
[2025-08-21T19:29:50.865+0000][1692007][info ][gc,heap     ] GC(540) Old regions: 31->31
[2025-08-21T19:29:50.865+0000][1692007][info ][gc,heap     ] GC(540) Humongous regions: 0->0
[2025-08-21T19:29:50.865+0000][1692007][info ][gc,metaspace] GC(540) Metaspace: 142742K(148032K)->142742K(148032K) NonClass: 123882K(126784K)->123882K(126784K) Class: 18859K(21248K)->18859K(21248K)
[2025-08-21T19:29:50.865+0000][1692007][info ][gc          ] GC(540) Pause Young (Prepare Mixed) (G1 Evacuation Pause) 408M->133M(512M) 9.300ms
[2025-08-21T19:29:50.865+0000][1692007][info ][gc,cpu      ] GC(540) User=0.00s Sys=0.00s Real=0.00s
[2025-08-21T19:29:50.865+0000][1692007][info ][safepoint   ] Safepoint "G1CollectForAllocation", Time since last: 1048397277 ns, Reaching safepoint: 5088 ns, Cleanup: 3575 ns, At safepoint: 9337260 ns, Total: 9345923 ns
[2025-08-21T19:29:54.865+0000][1692007][info ][safepoint   ] Safepoint "Cleanup", Time since last: 4000242919 ns, Reaching safepoint: 32088 ns, Cleanup: 14883 ns, At safepoint: 2343 ns, Total: 49314 ns
[2025-08-21T19:29:57.652+0000][1692007][info ][gc,start    ] GC(541) Pause Young (Mixed) (G1 Evacuation Pause)
[2025-08-21T19:29:57.652+0000][1692007][info ][gc,task     ] GC(541) Using 1 workers of 1 for evacuation
[2025-08-21T19:29:57.652+0000][1692007][debug][gc,age      ] GC(541) Desired survivor size 20971520 bytes, new threshold 15 (max threshold 15)
[2025-08-21T19:29:57.661+0000][1692007][info ][gc,phases   ] GC(541)   Pre Evacuate Collection Set: 0.1ms
[2025-08-21T19:29:57.661+0000][1692007][info ][gc,phases   ] GC(541)   Merge Heap Roots: 0.0ms
[2025-08-21T19:29:57.661+0000][1692007][info ][gc,phases   ] GC(541)   Evacuate Collection Set: 7.5ms
[2025-08-21T19:29:57.661+0000][1692007][info ][gc,phases   ] GC(541)   Post Evacuate Collection Set: 1.3ms
[2025-08-21T19:29:57.661+0000][1692007][info ][gc,phases   ] GC(541)   Other: 0.0ms
[2025-08-21T19:29:57.661+0000][1692007][trace][gc,age      ] GC(541) Age table with threshold 15 (max threshold 15)
[2025-08-21T19:29:57.661+0000][1692007][trace][gc,age      ] GC(541) - age   1:   31602032 bytes,   31602032 total
[2025-08-21T19:29:57.661+0000][1692007][trace][gc,age      ] GC(541) - age   2:    9116520 bytes,   40718552 total
[2025-08-21T19:29:57.661+0000][1692007][trace][gc,age      ] GC(541) - age   3:      10208 bytes,   40728760 total
[2025-08-21T19:29:57.661+0000][1692007][trace][gc,age      ] GC(541) - age   4:       1216 bytes,   40729976 total
[2025-08-21T19:29:57.661+0000][1692007][trace][gc,age      ] GC(541) - age   5:      17128 bytes,   40747104 total
[2025-08-21T19:29:57.661+0000][1692007][trace][gc,age      ] GC(541) - age   6:         96 bytes,   40747200 total
[2025-08-21T19:29:57.661+0000][1692007][info ][gc,heap     ] GC(541) Eden regions: 73->0(61)
[2025-08-21T19:29:57.661+0000][1692007][info ][gc,heap     ] GC(541) Survivor regions: 3->10(10)
[2025-08-21T19:29:57.661+0000][1692007][info ][gc,heap     ] GC(541) Old regions: 31->33
[2025-08-21T19:29:57.661+0000][1692007][info ][gc,heap     ] GC(541) Humongous regions: 0->0
[2025-08-21T19:29:57.661+0000][1692007][info ][gc,metaspace] GC(541) Metaspace: 142745K(148032K)->142745K(148032K) NonClass: 123885K(126784K)->123885K(126784K) Class: 18859K(21248K)->18859K(21248K)
[2025-08-21T19:29:57.661+0000][1692007][info ][gc          ] GC(541) Pause Young (Mixed) (G1 Evacuation Pause) 425M->171M(512M) 9.068ms
[2025-08-21T19:29:57.661+0000][1692007][info ][gc,cpu      ] GC(541) User=0.01s Sys=0.00s Real=0.01s
[2025-08-21T19:29:57.661+0000][1692007][info ][safepoint   ] Safepoint "G1CollectForAllocation", Time since last: 2786743622 ns, Reaching safepoint: 207303 ns, Cleanup: 8774 ns, At safepoint: 9115424 ns, Total: 9331501 ns
[2025-08-21T19:29:58.662+0000][1692007][info ][safepoint   ] Safepoint "Cleanup", Time since last: 1000077192 ns, Reaching safepoint: 6380 ns, Cleanup: 10766 ns, At safepoint: 2103 ns, Total: 19249 ns
[2025-08-21T19:30:24.663+0000][1692007][info ][safepoint   ] Safepoint "Cleanup", Time since last: 26001522524 ns, Reaching safepoint: 41954 ns, Cleanup: 11447 ns, At safepoint: 4487 ns, Total: 57888 ns
[2025-08-21T19:34:33.683+0000][1692007][info ][safepoint   ] Safepoint "Cleanup", Time since last: 249019610498 ns, Reaching safepoint: 5869 ns, Cleanup: 10956 ns, At safepoint: 2404 ns, Total: 19229 ns
[2025-08-21T19:34:54.684+0000][1692007][info ][safepoint   ] Safepoint "Cleanup", Time since last: 21001679673 ns, Reaching safepoint: 32249 ns, Cleanup: 26379 ns, At safepoint: 2524 ns, Total: 61152 ns
[2025-08-21T19:35:09.685+0000][1692007][info ][safepoint   ] Safepoint "Cleanup", Time since last: 15000877138 ns, Reaching safepoint: 29435 ns, Cleanup: 7701 ns, At safepoint: 1723 ns, Total: 38859 ns
[2025-08-21T19:36:09.689+0000][1692007][info ][safepoint   ] Safepoint "Cleanup", Time since last: 60003591417 ns, Reaching safepoint: 38007 ns, Cleanup: 14772 ns, At safepoint: 2074 ns, Total: 54853 ns
[2025-08-21T19:36:15.569+0000][1692007][info ][gc,start    ] GC(542) Pause Young (Concurrent Start) (G1 Evacuation Pause)
[2025-08-21T19:36:15.570+0000][1692007][info ][gc,task     ] GC(542) Using 1 workers of 1 for evacuation
[2025-08-21T19:36:15.570+0000][1692007][debug][gc,age      ] GC(542) Desired survivor size 18874368 bytes, new threshold 1 (max threshold 15)
[2025-08-21T19:36:15.572+0000][1692007][info ][gc,phases   ] GC(542)   Pre Evacuate Collection Set: 0.1ms
[2025-08-21T19:36:15.572+0000][1692007][info ][gc,phases   ] GC(542)   Merge Heap Roots: 0.0ms
[2025-08-21T19:36:15.572+0000][1692007][info ][gc,phases   ] GC(542)   Evacuate Collection Set: 1.4ms
[2025-08-21T19:36:15.572+0000][1692007][info ][gc,phases   ] GC(542)   Post Evacuate Collection Set: 0.7ms
[2025-08-21T19:36:15.572+0000][1692007][info ][gc,phases   ] GC(542)   Other: 0.0ms
[2025-08-21T19:36:15.572+0000][1692007][trace][gc,age      ] GC(542) Age table with threshold 1 (max threshold 15)
[2025-08-21T19:36:15.572+0000][1692007][trace][gc,age      ] GC(542) - age   1:      22952 bytes,      22952 total
[2025-08-21T19:36:15.572+0000][1692007][info ][gc,heap     ] GC(542) Eden regions: 61->0(75)
[2025-08-21T19:36:15.572+0000][1692007][info ][gc,heap     ] GC(542) Survivor regions: 10->1(9)
[2025-08-21T19:36:15.572+0000][1692007][info ][gc,heap     ] GC(542) Old regions: 33->33
[2025-08-21T19:36:15.572+0000][1692007][info ][gc,heap     ] GC(542) Humongous regions: 0->0
[2025-08-21T19:36:15.572+0000][1692007][info ][gc,metaspace] GC(542) Metaspace: 142745K(148032K)->142745K(148032K) NonClass: 123885K(126784K)->123885K(126784K) Class: 18859K(21248K)->18859K(21248K)
[2025-08-21T19:36:15.572+0000][1692007][info ][gc          ] GC(542) Pause Young (Concurrent Start) (G1 Evacuation Pause) 415M->133M(512M) 2.343ms
[2025-08-21T19:36:15.572+0000][1692007][info ][gc,cpu      ] GC(542) User=0.00s Sys=0.00s Real=0.00s
[2025-08-21T19:36:15.572+0000][1692007][info ][safepoint   ] Safepoint "G1CollectForAllocation", Time since last: 5880382136 ns, Reaching safepoint: 7862 ns, Cleanup: 3445 ns, At safepoint: 2378461 ns, Total: 2389768 ns
[2025-08-21T19:36:15.578+0000][1692007][info ][gc          ] GC(543) Concurrent Mark Cycle
[2025-08-21T19:36:15.578+0000][1692007][info ][gc,marking  ] GC(543) Concurrent Scan Root Regions
[2025-08-21T19:36:15.579+0000][1692007][info ][gc,marking  ] GC(543) Concurrent Scan Root Regions 0.465ms
[2025-08-21T19:36:15.579+0000][1692007][info ][gc,marking  ] GC(543) Concurrent Mark
[2025-08-21T19:36:15.579+0000][1692007][info ][gc,marking  ] GC(543) Concurrent Mark From Roots
[2025-08-21T19:36:15.579+0000][1692007][info ][gc,task     ] GC(543) Using 1 workers of 1 for marking
[2025-08-21T19:36:15.695+0000][1692007][info ][gc,marking  ] GC(543) Concurrent Mark From Roots 116.468ms
[2025-08-21T19:36:15.695+0000][1692007][info ][gc,marking  ] GC(543) Concurrent Preclean
[2025-08-21T19:36:15.696+0000][1692007][info ][gc,marking  ] GC(543) Concurrent Preclean 0.358ms
[2025-08-21T19:36:15.696+0000][1692007][info ][gc,start    ] GC(543) Pause Remark
[2025-08-21T19:36:15.705+0000][1692007][info ][gc          ] GC(543) Pause Remark 133M->129M(512M) 9.208ms
[2025-08-21T19:36:15.705+0000][1692007][info ][gc,cpu      ] GC(543) User=0.01s Sys=0.00s Real=0.00s
[2025-08-21T19:36:15.705+0000][1692007][info ][safepoint   ] Safepoint "G1PauseRemark", Time since last: 123906994 ns, Reaching safepoint: 4928 ns, Cleanup: 2534 ns, At safepoint: 9248195 ns, Total: 9255657 ns
[2025-08-21T19:36:15.705+0000][1692007][info ][gc,marking  ] GC(543) Concurrent Mark 126.158ms
[2025-08-21T19:36:15.705+0000][1692007][info ][gc,marking  ] GC(543) Concurrent Rebuild Remembered Sets and Scrub Regions
[2025-08-21T19:36:15.757+0000][1692007][info ][gc,marking  ] GC(543) Concurrent Rebuild Remembered Sets and Scrub Regions 52.425ms
[2025-08-21T19:36:15.757+0000][1692007][info ][gc,start    ] GC(543) Pause Cleanup
[2025-08-21T19:36:15.758+0000][1692007][info ][gc          ] GC(543) Pause Cleanup 129M->129M(512M) 0.045ms
[2025-08-21T19:36:15.758+0000][1692007][info ][gc,cpu      ] GC(543) User=0.00s Sys=0.00s Real=0.00s
[2025-08-21T19:36:15.758+0000][1692007][info ][safepoint   ] Safepoint "G1PauseCleanup", Time since last: 52483542 ns, Reaching safepoint: 3896 ns, Cleanup: 2423 ns, At safepoint: 70597 ns, Total: 76916 ns
[2025-08-21T19:36:15.758+0000][1692007][info ][gc,marking  ] GC(543) Concurrent Clear Claimed Marks
[2025-08-21T19:36:15.758+0000][1692007][info ][gc,marking  ] GC(543) Concurrent Clear Claimed Marks 0.164ms
[2025-08-21T19:36:15.758+0000][1692007][info ][gc,marking  ] GC(543) Concurrent Cleanup for Next Mark
[2025-08-21T19:36:15.758+0000][1692007][info ][gc,marking  ] GC(543) Concurrent Cleanup for Next Mark 0.255ms
[2025-08-21T19:36:15.758+0000][1692007][info ][gc          ] GC(543) Concurrent Mark Cycle 179.630ms
[2025-08-21T19:36:39.759+0000][1692007][info ][safepoint   ] Safepoint "Cleanup", Time since last: 24001421009 ns, Reaching safepoint: 39019 ns, Cleanup: 8543 ns, At safepoint: 4417 ns, Total: 51979 ns
[2025-08-21T19:36:54.760+0000][1692007][info ][safepoint   ] Safepoint "Cleanup", Time since last: 15000888935 ns, Reaching safepoint: 66230 ns, Cleanup: 10356 ns, At safepoint: 4316 ns, Total: 80902 ns
[2025-08-21T19:45:46.803+0000][1692007][info ][safepoint   ] Safepoint "Cleanup", Time since last: 532042808092 ns, Reaching safepoint: 42764 ns, Cleanup: 11137 ns, At safepoint: 2244 ns, Total: 56145 ns
[2025-08-21T19:47:57.526+0000][1692007][info ][gc,start    ] GC(544) Pause Young (Prepare Mixed) (G1 Evacuation Pause)
[2025-08-21T19:47:57.526+0000][1692007][info ][gc,task     ] GC(544) Using 1 workers of 1 for evacuation
[2025-08-21T19:47:57.526+0000][1692007][debug][gc,age      ] GC(544) Desired survivor size 20971520 bytes, new threshold 15 (max threshold 15)
[2025-08-21T19:47:57.529+0000][1692007][info ][gc,phases   ] GC(544)   Pre Evacuate Collection Set: 0.0ms
[2025-08-21T19:47:57.529+0000][1692007][info ][gc,phases   ] GC(544)   Merge Heap Roots: 0.0ms
[2025-08-21T19:47:57.529+0000][1692007][info ][gc,phases   ] GC(544)   Evacuate Collection Set: 1.9ms
[2025-08-21T19:47:57.529+0000][1692007][info ][gc,phases   ] GC(544)   Post Evacuate Collection Set: 0.9ms
[2025-08-21T19:47:57.529+0000][1692007][info ][gc,phases   ] GC(544)   Other: 0.0ms
[2025-08-21T19:47:57.529+0000][1692007][trace][gc,age      ] GC(544) Age table with threshold 15 (max threshold 15)
[2025-08-21T19:47:57.529+0000][1692007][trace][gc,age      ] GC(544) - age   1:       9848 bytes,       9848 total
[2025-08-21T19:47:57.529+0000][1692007][trace][gc,age      ] GC(544) - age   2:      13808 bytes,      23656 total
[2025-08-21T19:47:57.529+0000][1692007][info ][gc,heap     ] GC(544) Eden regions: 75->0(75)
[2025-08-21T19:47:57.529+0000][1692007][info ][gc,heap     ] GC(544) Survivor regions: 1->1(10)
[2025-08-21T19:47:57.529+0000][1692007][info ][gc,heap     ] GC(544) Old regions: 32->32
[2025-08-21T19:47:57.529+0000][1692007][info ][gc,heap     ] GC(544) Humongous regions: 0->0
[2025-08-21T19:47:57.529+0000][1692007][info ][gc,metaspace] GC(544) Metaspace: 142745K(148032K)->142745K(148032K) NonClass: 123885K(126784K)->123885K(126784K) Class: 18859K(21248K)->18859K(21248K)
[2025-08-21T19:47:57.529+0000][1692007][info ][gc          ] GC(544) Pause Young (Prepare Mixed) (G1 Evacuation Pause) 429M->128M(512M) 3.390ms
[2025-08-21T19:47:57.529+0000][1692007][info ][gc,cpu      ] GC(544) User=0.00s Sys=0.00s Real=0.00s
[2025-08-21T19:47:57.529+0000][1692007][info ][safepoint   ] Safepoint "G1CollectForAllocation", Time since last: 130722659443 ns, Reaching safepoint: 7341 ns, Cleanup: 3395 ns, At safepoint: 3425763 ns, Total: 3436499 ns
[2025-08-21T19:48:55.533+0000][1692007][info ][safepoint   ] Safepoint "Cleanup", Time since last: 58003661140 ns, Reaching safepoint: 35513 ns, Cleanup: 10256 ns, At safepoint: 1973 ns, Total: 47742 ns
[2025-08-21T19:52:04.544+0000][1692007][info ][safepoint   ] Safepoint "Cleanup", Time since last: 189010946078 ns, Reaching safepoint: 67642 ns, Cleanup: 13631 ns, At safepoint: 2033 ns, Total: 83306 ns
[2025-08-21T19:52:40.546+0000][1692007][info ][safepoint   ] Safepoint "Cleanup", Time since last: 36002421507 ns, Reaching safepoint: 42394 ns, Cleanup: 12369 ns, At safepoint: 4637 ns, Total: 59400 ns
[2025-08-21T19:54:54.555+0000][1692007][info ][safepoint   ] Safepoint "Cleanup", Time since last: 134009162503 ns, Reaching safepoint: 44417 ns, Cleanup: 10947 ns, At safepoint: 5838 ns, Total: 61202 ns
[2025-08-21T19:56:56.565+0000][1692007][info ][safepoint   ] Safepoint "Cleanup", Time since last: 122009156778 ns, Reaching safepoint: 43136 ns, Cleanup: 43115 ns, At safepoint: 2073 ns, Total: 88324 ns
[2025-08-21T19:57:18.149+0000][1692007][info ][gc,start    ] GC(545) Pause Young (Mixed) (G1 Evacuation Pause)
[2025-08-21T19:57:18.152+0000][1692007][info ][gc,task     ] GC(545) Using 1 workers of 1 for evacuation
[2025-08-21T19:57:18.153+0000][1692007][debug][gc,age      ] GC(545) Desired survivor size 20971520 bytes, new threshold 15 (max threshold 15)
[2025-08-21T19:57:18.345+0000][1692007][info ][gc,phases   ] GC(545)   Pre Evacuate Collection Set: 2.0ms
[2025-08-21T19:57:18.345+0000][1692007][info ][gc,phases   ] GC(545)   Merge Heap Roots: 0.6ms
[2025-08-21T19:57:18.345+0000][1692007][info ][gc,phases   ] GC(545)   Evacuate Collection Set: 157.8ms
[2025-08-21T19:57:18.345+0000][1692007][info ][gc,phases   ] GC(545)   Post Evacuate Collection Set: 31.5ms
[2025-08-21T19:57:18.345+0000][1692007][info ][gc,phases   ] GC(545)   Other: 1.9ms
[2025-08-21T19:57:18.345+0000][1692007][trace][gc,age      ] GC(545) Age table with threshold 15 (max threshold 15)
[2025-08-21T19:57:18.345+0000][1692007][trace][gc,age      ] GC(545) - age   1:   18632248 bytes,   18632248 total
[2025-08-21T19:57:18.345+0000][1692007][trace][gc,age      ] GC(545) - age   3:       3952 bytes,   18636200 total
[2025-08-21T19:57:18.345+0000][1692007][info ][gc,heap     ] GC(545) Eden regions: 75->0(71)
[2025-08-21T19:57:18.345+0000][1692007][info ][gc,heap     ] GC(545) Survivor regions: 1->5(10)
[2025-08-21T19:57:18.345+0000][1692007][info ][gc,heap     ] GC(545) Old regions: 32->30
[2025-08-21T19:57:18.345+0000][1692007][info ][gc,heap     ] GC(545) Humongous regions: 0->0
[2025-08-21T19:57:18.345+0000][1692007][info ][gc,metaspace] GC(545) Metaspace: 142785K(148032K)->142785K(148032K) NonClass: 123925K(126784K)->123925K(126784K) Class: 18859K(21248K)->18859K(21248K)
[2025-08-21T19:57:18.347+0000][1692007][info ][gc          ] GC(545) Pause Young (Mixed) (G1 Evacuation Pause) 428M->138M(512M) 198.676ms
[2025-08-21T19:57:18.347+0000][1692007][info ][gc,cpu      ] GC(545) User=0.01s Sys=0.03s Real=0.20s
[2025-08-21T19:57:18.347+0000][1692007][info ][safepoint   ] Safepoint "G1CollectForAllocation", Time since last: 21572678880 ns, Reaching safepoint: 602590 ns, Cleanup: 3309307 ns, At safepoint: 206054901 ns, Total: 209966798 ns
[2025-08-21T19:57:19.347+0000][1692007][info ][safepoint   ] Safepoint "Cleanup", Time since last: 1000071053 ns, Reaching safepoint: 10396 ns, Cleanup: 22364 ns, At safepoint: 2814 ns, Total: 35574 ns
[2025-08-21T19:57:55.350+0000][1692007][info ][safepoint   ] Safepoint "Cleanup", Time since last: 36002160172 ns, Reaching safepoint: 67783 ns, Cleanup: 11137 ns, At safepoint: 4777 ns, Total: 83697 ns
[2025-08-21T19:58:25.091+0000][1692007][info ][gc,start    ] GC(546) Pause Young (Concurrent Start) (G1 Evacuation Pause)
[2025-08-21T19:58:25.091+0000][1692007][info ][gc,task     ] GC(546) Using 1 workers of 1 for evacuation
[2025-08-21T19:58:25.091+0000][1692007][debug][gc,age      ] GC(546) Desired survivor size 20971520 bytes, new threshold 15 (max threshold 15)
[2025-08-21T19:58:25.105+0000][1692007][info ][gc,phases   ] GC(546)   Pre Evacuate Collection Set: 0.1ms
[2025-08-21T19:58:25.105+0000][1692007][info ][gc,phases   ] GC(546)   Merge Heap Roots: 0.0ms
[2025-08-21T19:58:25.105+0000][1692007][info ][gc,phases   ] GC(546)   Evacuate Collection Set: 13.3ms
[2025-08-21T19:58:25.105+0000][1692007][info ][gc,phases   ] GC(546)   Post Evacuate Collection Set: 1.0ms
[2025-08-21T19:58:25.105+0000][1692007][info ][gc,phases   ] GC(546)   Other: 0.0ms
[2025-08-21T19:58:25.105+0000][1692007][trace][gc,age      ] GC(546) Age table with threshold 15 (max threshold 15)
[2025-08-21T19:58:25.105+0000][1692007][trace][gc,age      ] GC(546) - age   1:      24128 bytes,      24128 total
[2025-08-21T19:58:25.105+0000][1692007][trace][gc,age      ] GC(546) - age   2:      16000 bytes,      40128 total
[2025-08-21T19:58:25.105+0000][1692007][trace][gc,age      ] GC(546) - age   4:       3952 bytes,      44080 total
[2025-08-21T19:58:25.105+0000][1692007][info ][gc,heap     ] GC(546) Eden regions: 71->0(75)
[2025-08-21T19:58:25.105+0000][1692007][info ][gc,heap     ] GC(546) Survivor regions: 5->1(10)
[2025-08-21T19:58:25.105+0000][1692007][info ][gc,heap     ] GC(546) Old regions: 30->30
[2025-08-21T19:58:25.105+0000][1692007][info ][gc,heap     ] GC(546) Humongous regions: 0->0
[2025-08-21T19:58:25.105+0000][1692007][info ][gc,metaspace] GC(546) Metaspace: 142786K(148032K)->142786K(148032K) NonClass: 123926K(126784K)->123926K(126784K) Class: 18859K(21248K)->18859K(21248K)
[2025-08-21T19:58:25.105+0000][1692007][info ][gc          ] GC(546) Pause Young (Concurrent Start) (G1 Evacuation Pause) 422M->121M(512M) 14.550ms
[2025-08-21T19:58:25.106+0000][1692007][info ][gc,cpu      ] GC(546) User=0.00s Sys=0.00s Real=0.02s
[2025-08-21T19:58:25.106+0000][1692007][info ][safepoint   ] Safepoint "G1CollectForAllocation", Time since last: 29741134305 ns, Reaching safepoint: 22775 ns, Cleanup: 3535 ns, At safepoint: 15160703 ns, Total: 15187013 ns
[2025-08-21T19:58:25.106+0000][1692007][info ][gc          ] GC(547) Concurrent Mark Cycle
[2025-08-21T19:58:25.106+0000][1692007][info ][gc,marking  ] GC(547) Concurrent Scan Root Regions
[2025-08-21T19:58:25.121+0000][1692007][info ][gc,marking  ] GC(547) Concurrent Scan Root Regions 14.909ms
[2025-08-21T19:58:25.121+0000][1692007][info ][gc,marking  ] GC(547) Concurrent Mark
[2025-08-21T19:58:25.121+0000][1692007][info ][gc,marking  ] GC(547) Concurrent Mark From Roots
[2025-08-21T19:58:25.121+0000][1692007][info ][gc,task     ] GC(547) Using 1 workers of 1 for marking
[2025-08-21T19:58:25.506+0000][1692007][info ][gc,marking  ] GC(547) Concurrent Mark From Roots 385.030ms
[2025-08-21T19:58:25.506+0000][1692007][info ][gc,marking  ] GC(547) Concurrent Preclean
[2025-08-21T19:58:25.507+0000][1692007][info ][gc,marking  ] GC(547) Concurrent Preclean 0.514ms
[2025-08-21T19:58:25.510+0000][1692007][info ][gc,start    ] GC(547) Pause Remark
[2025-08-21T19:58:25.942+0000][1692007][info ][gc,mmu      ] GC(547) MMU target violated: 201.0ms (200.0ms/201.0ms)
[2025-08-21T19:58:25.942+0000][1692007][info ][gc          ] GC(547) Pause Remark 123M->123M(512M) 431.888ms
[2025-08-21T19:58:25.942+0000][1692007][info ][gc,cpu      ] GC(547) User=0.02s Sys=0.07s Real=0.43s
[2025-08-21T19:58:25.942+0000][1692007][info ][safepoint   ] Safepoint "G1PauseRemark", Time since last: 404244915 ns, Reaching safepoint: 5147 ns, Cleanup: 2855 ns, At safepoint: 431935969 ns, Total: 431943971 ns
[2025-08-21T19:58:25.945+0000][1692007][info ][gc,marking  ] GC(547) Concurrent Mark 823.965ms
[2025-08-21T19:58:25.945+0000][1692007][info ][gc,marking  ] GC(547) Concurrent Rebuild Remembered Sets and Scrub Regions
[2025-08-21T19:58:26.001+0000][1692007][info ][gc,marking  ] GC(547) Concurrent Rebuild Remembered Sets and Scrub Regions 55.777ms
[2025-08-21T19:58:26.002+0000][1692007][info ][gc,start    ] GC(547) Pause Cleanup
[2025-08-21T19:58:26.002+0000][1692007][info ][gc          ] GC(547) Pause Cleanup 123M->123M(512M) 0.046ms
[2025-08-21T19:58:26.002+0000][1692007][info ][gc,cpu      ] GC(547) User=0.00s Sys=0.00s Real=0.00s
[2025-08-21T19:58:26.002+0000][1692007][info ][safepoint   ] Safepoint "G1PauseCleanup", Time since last: 59057459 ns, Reaching safepoint: 347054 ns, Cleanup: 2073 ns, At safepoint: 68984 ns, Total: 418111 ns
[2025-08-21T19:58:26.002+0000][1692007][info ][gc,marking  ] GC(547) Concurrent Clear Claimed Marks
[2025-08-21T19:58:26.002+0000][1692007][info ][gc,marking  ] GC(547) Concurrent Clear Claimed Marks 0.182ms
[2025-08-21T19:58:26.002+0000][1692007][info ][gc,marking  ] GC(547) Concurrent Cleanup for Next Mark
[2025-08-21T19:58:26.006+0000][1692007][info ][gc,marking  ] GC(547) Concurrent Cleanup for Next Mark 4.044ms
[2025-08-21T19:58:26.006+0000][1692007][info ][gc          ] GC(547) Concurrent Mark Cycle 899.916ms
[2025-08-21T19:58:27.002+0000][1692007][info ][safepoint   ] Safepoint "Cleanup", Time since last: 1000096432 ns, Reaching safepoint: 6029 ns, Cleanup: 14462 ns, At safepoint: 1993 ns, Total: 22484 ns
[2025-08-21T20:02:05.019+0000][1692007][info ][safepoint   ] Safepoint "Cleanup", Time since last: 218016916961 ns, Reaching safepoint: 43746 ns, Cleanup: 11036 ns, At safepoint: 4477 ns, Total: 59259 ns
[2025-08-21T20:04:11.027+0000][1692007][info ][safepoint   ] Safepoint "Cleanup", Time since last: 126007779194 ns, Reaching safepoint: 463309 ns, Cleanup: 17256 ns, At safepoint: 2394 ns, Total: 482959 ns
[2025-08-21T20:05:45.033+0000][1692007][info ][safepoint   ] Safepoint "Cleanup", Time since last: 94006161005 ns, Reaching safepoint: 42875 ns, Cleanup: 21813 ns, At safepoint: 2063 ns, Total: 66751 ns
[2025-08-21T20:05:45.264+0000][1692007][info ][gc,start    ] GC(548) Pause Young (Prepare Mixed) (G1 Evacuation Pause)
[2025-08-21T20:05:45.264+0000][1692007][info ][gc,task     ] GC(548) Using 1 workers of 1 for evacuation
[2025-08-21T20:05:45.264+0000][1692007][debug][gc,age      ] GC(548) Desired survivor size 20971520 bytes, new threshold 15 (max threshold 15)
[2025-08-21T20:05:45.278+0000][1692007][info ][gc,phases   ] GC(548)   Pre Evacuate Collection Set: 0.0ms
[2025-08-21T20:05:45.278+0000][1692007][info ][gc,phases   ] GC(548)   Merge Heap Roots: 0.0ms
[2025-08-21T20:05:45.278+0000][1692007][info ][gc,phases   ] GC(548)   Evacuate Collection Set: 12.8ms
[2025-08-21T20:05:45.278+0000][1692007][info ][gc,phases   ] GC(548)   Post Evacuate Collection Set: 0.8ms
[2025-08-21T20:05:45.278+0000][1692007][info ][gc,phases   ] GC(548)   Other: 0.0ms
[2025-08-21T20:05:45.278+0000][1692007][trace][gc,age      ] GC(548) Age table with threshold 15 (max threshold 15)
[2025-08-21T20:05:45.278+0000][1692007][trace][gc,age      ] GC(548) - age   1:    5078192 bytes,    5078192 total
[2025-08-21T20:05:45.278+0000][1692007][trace][gc,age      ] GC(548) - age   2:      16192 bytes,    5094384 total
[2025-08-21T20:05:45.278+0000][1692007][trace][gc,age      ] GC(548) - age   3:       2816 bytes,    5097200 total
[2025-08-21T20:05:45.278+0000][1692007][trace][gc,age      ] GC(548) - age   5:       3952 bytes,    5101152 total
[2025-08-21T20:05:45.278+0000][1692007][info ][gc,heap     ] GC(548) Eden regions: 75->0(74)
[2025-08-21T20:05:45.278+0000][1692007][info ][gc,heap     ] GC(548) Survivor regions: 1->2(10)
[2025-08-21T20:05:45.278+0000][1692007][info ][gc,heap     ] GC(548) Old regions: 30->30
[2025-08-21T20:05:45.278+0000][1692007][info ][gc,heap     ] GC(548) Humongous regions: 0->0
[2025-08-21T20:05:45.278+0000][1692007][info ][gc,metaspace] GC(548) Metaspace: 142789K(148032K)->142789K(148032K) NonClass: 123931K(126784K)->123931K(126784K) Class: 18857K(21248K)->18857K(21248K)
[2025-08-21T20:05:45.278+0000][1692007][info ][gc          ] GC(548) Pause Young (Prepare Mixed) (G1 Evacuation Pause) 421M->124M(512M) 13.874ms
[2025-08-21T20:05:45.278+0000][1692007][info ][gc,cpu      ] GC(548) User=0.00s Sys=0.00s Real=0.02s
[2025-08-21T20:05:45.278+0000][1692007][info ][safepoint   ] Safepoint "G1CollectForAllocation", Time since last: 230825305 ns, Reaching safepoint: 70136 ns, Cleanup: 6950 ns, At safepoint: 13912469 ns, Total: 13989555 ns
[2025-08-21T20:05:46.278+0000][1692007][info ][safepoint   ] Safepoint "Cleanup", Time since last: 1000065837 ns, Reaching safepoint: 135835 ns, Cleanup: 67612 ns, At safepoint: 2394 ns, Total: 205841 ns
[2025-08-21T20:05:47.056+0000][1692007][info ][gc,start    ] GC(549) Pause Young (Mixed) (G1 Evacuation Pause)
[2025-08-21T20:05:47.056+0000][1692007][info ][gc,task     ] GC(549) Using 1 workers of 1 for evacuation
[2025-08-21T20:05:47.056+0000][1692007][debug][gc,age      ] GC(549) Desired survivor size 20971520 bytes, new threshold 15 (max threshold 15)
[2025-08-21T20:05:47.064+0000][1692007][info ][gc,phases   ] GC(549)   Pre Evacuate Collection Set: 0.1ms
[2025-08-21T20:05:47.064+0000][1692007][info ][gc,phases   ] GC(549)   Merge Heap Roots: 0.0ms
[2025-08-21T20:05:47.064+0000][1692007][info ][gc,phases   ] GC(549)   Evacuate Collection Set: 7.4ms
[2025-08-21T20:05:47.064+0000][1692007][info ][gc,phases   ] GC(549)   Post Evacuate Collection Set: 1.0ms
[2025-08-21T20:05:47.064+0000][1692007][info ][gc,phases   ] GC(549)   Other: 0.0ms
[2025-08-21T20:05:47.064+0000][1692007][trace][gc,age      ] GC(549) Age table with threshold 15 (max threshold 15)
[2025-08-21T20:05:47.064+0000][1692007][trace][gc,age      ] GC(549) - age   1:    7442784 bytes,    7442784 total
[2025-08-21T20:05:47.064+0000][1692007][trace][gc,age      ] GC(549) - age   2:    5053408 bytes,   12496192 total
[2025-08-21T20:05:47.064+0000][1692007][trace][gc,age      ] GC(549) - age   3:         40 bytes,   12496232 total
[2025-08-21T20:05:47.064+0000][1692007][trace][gc,age      ] GC(549) - age   4:       2816 bytes,   12499048 total
[2025-08-21T20:05:47.064+0000][1692007][trace][gc,age      ] GC(549) - age   6:       3952 bytes,   12503000 total
[2025-08-21T20:05:47.064+0000][1692007][info ][gc,heap     ] GC(549) Eden regions: 74->0(73)
[2025-08-21T20:05:47.064+0000][1692007][info ][gc,heap     ] GC(549) Survivor regions: 2->3(10)
[2025-08-21T20:05:47.064+0000][1692007][info ][gc,heap     ] GC(549) Old regions: 30->29
[2025-08-21T20:05:47.064+0000][1692007][info ][gc,heap     ] GC(549) Humongous regions: 0->0
[2025-08-21T20:05:47.064+0000][1692007][info ][gc,metaspace] GC(549) Metaspace: 142796K(148032K)->142796K(148032K) NonClass: 123938K(126784K)->123938K(126784K) Class: 18857K(21248K)->18857K(21248K)
[2025-08-21T20:05:47.064+0000][1692007][info ][gc          ] GC(549) Pause Young (Mixed) (G1 Evacuation Pause) 420M->127M(512M) 8.676ms
[2025-08-21T20:05:47.064+0000][1692007][info ][gc,cpu      ] GC(549) User=0.01s Sys=0.00s Real=0.00s
[2025-08-21T20:05:47.064+0000][1692007][info ][safepoint   ] Safepoint "G1CollectForAllocation", Time since last: 777448336 ns, Reaching safepoint: 5228 ns, Cleanup: 11687 ns, At safepoint: 8712807 ns, Total: 8729722 ns
[2025-08-21T20:05:48.065+0000][1692007][info ][safepoint   ] Safepoint "Cleanup", Time since last: 1000073288 ns, Reaching safepoint: 98639 ns, Cleanup: 12249 ns, At safepoint: 2203 ns, Total: 113091 ns
[2025-08-21T20:05:49.065+0000][1692007][info ][safepoint   ] Safepoint "Cleanup", Time since last: 1000088722 ns, Reaching safepoint: 70586 ns, Cleanup: 7702 ns, At safepoint: 2974 ns, Total: 81262 ns
[2025-08-21T20:05:52.074+0000][1692007][info ][safepoint   ] Safepoint "Cleanup", Time since last: 3002745339 ns, Reaching safepoint: 6302957 ns, Cleanup: 10466 ns, At safepoint: 3415 ns, Total: 6316838 ns
[2025-08-21T20:05:54.075+0000][1692007][info ][safepoint   ] Safepoint "Cleanup", Time since last: 2000174138 ns, Reaching safepoint: 983616 ns, Cleanup: 13750 ns, At safepoint: 2795 ns, Total: 1000161 ns
[2025-08-21T20:05:55.352+0000][1692007][info ][safepoint   ] Safepoint "Cleanup", Time since last: 1000089923 ns, Reaching safepoint: 276566586 ns, Cleanup: 11247 ns, At safepoint: 9244 ns, Total: 276587077 ns
[2025-08-21T20:05:57.352+0000][1692007][info ][safepoint   ] Safepoint "Cleanup", Time since last: 2000153327 ns, Reaching safepoint: 334575 ns, Cleanup: 8773 ns, At safepoint: 3035 ns, Total: 346383 ns
[2025-08-21T20:05:58.786+0000][1692007][info ][gc,start    ] GC(550) Pause Young (Concurrent Start) (G1 Evacuation Pause)
[2025-08-21T20:05:58.786+0000][1692007][info ][gc,task     ] GC(550) Using 1 workers of 1 for evacuation
[2025-08-21T20:05:58.786+0000][1692007][debug][gc,age      ] GC(550) Desired survivor size 20971520 bytes, new threshold 15 (max threshold 15)
[2025-08-21T20:05:58.839+0000][1692007][info ][gc,phases   ] GC(550)   Pre Evacuate Collection Set: 0.1ms
[2025-08-21T20:05:58.839+0000][1692007][info ][gc,phases   ] GC(550)   Merge Heap Roots: 0.0ms
[2025-08-21T20:05:58.839+0000][1692007][info ][gc,phases   ] GC(550)   Evacuate Collection Set: 51.9ms
[2025-08-21T20:05:58.839+0000][1692007][info ][gc,phases   ] GC(550)   Post Evacuate Collection Set: 1.1ms
[2025-08-21T20:05:58.839+0000][1692007][info ][gc,phases   ] GC(550)   Other: 0.0ms
[2025-08-21T20:05:58.839+0000][1692007][trace][gc,age      ] GC(550) Age table with threshold 15 (max threshold 15)
[2025-08-21T20:05:58.839+0000][1692007][trace][gc,age      ] GC(550) - age   1:   23352184 bytes,   23352184 total
[2025-08-21T20:05:58.839+0000][1692007][trace][gc,age      ] GC(550) - age   2:       4816 bytes,   23357000 total
[2025-08-21T20:05:58.839+0000][1692007][trace][gc,age      ] GC(550) - age   3:    4299960 bytes,   27656960 total
[2025-08-21T20:05:58.839+0000][1692007][trace][gc,age      ] GC(550) - age   4:         40 bytes,   27657000 total
[2025-08-21T20:05:58.839+0000][1692007][trace][gc,age      ] GC(550) - age   5:       2432 bytes,   27659432 total
[2025-08-21T20:05:58.839+0000][1692007][trace][gc,age      ] GC(550) - age   7:       3952 bytes,   27663384 total
[2025-08-21T20:05:58.839+0000][1692007][info ][gc,heap     ] GC(550) Eden regions: 73->0(69)
[2025-08-21T20:05:58.839+0000][1692007][info ][gc,heap     ] GC(550) Survivor regions: 3->7(10)
[2025-08-21T20:05:58.839+0000][1692007][info ][gc,heap     ] GC(550) Old regions: 29->29
[2025-08-21T20:05:58.839+0000][1692007][info ][gc,heap     ] GC(550) Humongous regions: 0->0
[2025-08-21T20:05:58.839+0000][1692007][info ][gc,metaspace] GC(550) Metaspace: 142801K(148032K)->142801K(148032K) NonClass: 123943K(126784K)->123943K(126784K) Class: 18857K(21248K)->18857K(21248K)
[2025-08-21T20:05:58.839+0000][1692007][info ][gc          ] GC(550) Pause Young (Concurrent Start) (G1 Evacuation Pause) 419M->143M(512M) 53.267ms
[2025-08-21T20:05:58.839+0000][1692007][info ][gc,cpu      ] GC(550) User=0.01s Sys=0.02s Real=0.05s
[2025-08-21T20:05:58.839+0000][1692007][info ][safepoint   ] Safepoint "G1CollectForAllocation", Time since last: 1433412546 ns, Reaching safepoint: 30206 ns, Cleanup: 3195 ns, At safepoint: 53322649 ns, Total: 53356050 ns
[2025-08-21T20:05:58.839+0000][1692007][info ][gc          ] GC(551) Concurrent Mark Cycle
[2025-08-21T20:05:58.839+0000][1692007][info ][gc,marking  ] GC(551) Concurrent Scan Root Regions
[2025-08-21T20:05:58.845+0000][1692007][info ][gc,marking  ] GC(551) Concurrent Scan Root Regions 5.775ms
[2025-08-21T20:05:58.845+0000][1692007][info ][gc,marking  ] GC(551) Concurrent Mark
[2025-08-21T20:05:58.845+0000][1692007][info ][gc,marking  ] GC(551) Concurrent Mark From Roots
[2025-08-21T20:05:58.845+0000][1692007][info ][gc,task     ] GC(551) Using 1 workers of 1 for marking
[2025-08-21T20:05:59.019+0000][1692007][info ][gc,marking  ] GC(551) Concurrent Mark From Roots 173.890ms
[2025-08-21T20:05:59.019+0000][1692007][info ][gc,marking  ] GC(551) Concurrent Preclean
[2025-08-21T20:05:59.019+0000][1692007][info ][gc,marking  ] GC(551) Concurrent Preclean 0.385ms
[2025-08-21T20:05:59.019+0000][1692007][info ][gc,start    ] GC(551) Pause Remark
[2025-08-21T20:05:59.047+0000][1692007][info ][gc          ] GC(551) Pause Remark 171M->171M(512M) 28.173ms
[2025-08-21T20:05:59.047+0000][1692007][info ][gc,cpu      ] GC(551) User=0.01s Sys=0.00s Real=0.03s
[2025-08-21T20:05:59.047+0000][1692007][info ][safepoint   ] Safepoint "G1PauseRemark", Time since last: 180158686 ns, Reaching safepoint: 5479 ns, Cleanup: 3094 ns, At safepoint: 28222137 ns, Total: 28230710 ns
[2025-08-21T20:05:59.047+0000][1692007][info ][gc,marking  ] GC(551) Concurrent Mark 202.619ms
[2025-08-21T20:05:59.047+0000][1692007][info ][gc,marking  ] GC(551) Concurrent Rebuild Remembered Sets and Scrub Regions
[2025-08-21T20:05:59.100+0000][1692007][info ][gc,marking  ] GC(551) Concurrent Rebuild Remembered Sets and Scrub Regions 52.243ms
[2025-08-21T20:05:59.100+0000][1692007][info ][gc,start    ] GC(551) Pause Cleanup
[2025-08-21T20:05:59.100+0000][1692007][info ][gc          ] GC(551) Pause Cleanup 186M->186M(512M) 0.046ms
[2025-08-21T20:05:59.100+0000][1692007][info ][gc,cpu      ] GC(551) User=0.00s Sys=0.00s Real=0.00s
[2025-08-21T20:05:59.100+0000][1692007][info ][safepoint   ] Safepoint "G1PauseCleanup", Time since last: 52343260 ns, Reaching safepoint: 4136 ns, Cleanup: 2144 ns, At safepoint: 69494 ns, Total: 75774 ns
[2025-08-21T20:05:59.100+0000][1692007][info ][gc,marking  ] GC(551) Concurrent Clear Claimed Marks
[2025-08-21T20:05:59.100+0000][1692007][info ][gc,marking  ] GC(551) Concurrent Clear Claimed Marks 0.182ms
[2025-08-21T20:05:59.100+0000][1692007][info ][gc,marking  ] GC(551) Concurrent Cleanup for Next Mark
[2025-08-21T20:05:59.105+0000][1692007][info ][gc,marking  ] GC(551) Concurrent Cleanup for Next Mark 4.988ms
[2025-08-21T20:05:59.105+0000][1692007][info ][gc          ] GC(551) Concurrent Mark Cycle 265.991ms
[2025-08-21T20:05:59.824+0000][1692007][info ][gc,start    ] GC(552) Pause Young (Prepare Mixed) (G1 Evacuation Pause)
[2025-08-21T20:05:59.825+0000][1692007][info ][gc,task     ] GC(552) Using 1 workers of 1 for evacuation
[2025-08-21T20:05:59.825+0000][1692007][debug][gc,age      ] GC(552) Desired survivor size 20971520 bytes, new threshold 1 (max threshold 15)
[2025-08-21T20:05:59.922+0000][1692007][info ][gc,phases   ] GC(552)   Pre Evacuate Collection Set: 0.0ms
[2025-08-21T20:05:59.922+0000][1692007][info ][gc,phases   ] GC(552)   Merge Heap Roots: 0.0ms
[2025-08-21T20:05:59.922+0000][1692007][info ][gc,phases   ] GC(552)   Evacuate Collection Set: 95.7ms
[2025-08-21T20:05:59.922+0000][1692007][info ][gc,phases   ] GC(552)   Post Evacuate Collection Set: 1.2ms
[2025-08-21T20:05:59.922+0000][1692007][info ][gc,phases   ] GC(552)   Other: 0.0ms
[2025-08-21T20:05:59.922+0000][1692007][trace][gc,age      ] GC(552) Age table with threshold 1 (max threshold 15)
[2025-08-21T20:05:59.922+0000][1692007][trace][gc,age      ] GC(552) - age   1:   25964728 bytes,   25964728 total
[2025-08-21T20:05:59.922+0000][1692007][info ][gc,heap     ] GC(552) Eden regions: 69->0(65)
[2025-08-21T20:05:59.922+0000][1692007][info ][gc,heap     ] GC(552) Survivor regions: 7->7(10)
[2025-08-21T20:05:59.922+0000][1692007][info ][gc,heap     ] GC(552) Old regions: 29->35
[2025-08-21T20:05:59.922+0000][1692007][info ][gc,heap     ] GC(552) Humongous regions: 0->0
[2025-08-21T20:05:59.922+0000][1692007][info ][gc,metaspace] GC(552) Metaspace: 142807K(148032K)->142807K(148032K) NonClass: 123949K(126784K)->123949K(126784K) Class: 18857K(21248K)->18857K(21248K)
[2025-08-21T20:05:59.922+0000][1692007][info ][gc          ] GC(552) Pause Young (Prepare Mixed) (G1 Evacuation Pause) 419M->165M(512M) 97.229ms
[2025-08-21T20:05:59.922+0000][1692007][info ][gc,cpu      ] GC(552) User=0.01s Sys=0.03s Real=0.10s
[2025-08-21T20:05:59.922+0000][1692007][info ][safepoint   ] Safepoint "G1CollectForAllocation", Time since last: 724638702 ns, Reaching safepoint: 5769 ns, Cleanup: 3195 ns, At safepoint: 97277402 ns, Total: 97286366 ns
[2025-08-21T20:06:00.922+0000][1692007][info ][safepoint   ] Safepoint "Cleanup", Time since last: 1000068752 ns, Reaching safepoint: 233052 ns, Cleanup: 27741 ns, At safepoint: 2755 ns, Total: 263548 ns
[2025-08-21T20:06:01.922+0000][1692007][info ][safepoint   ] Safepoint "Cleanup", Time since last: 1000110234 ns, Reaching safepoint: 6930 ns, Cleanup: 19149 ns, At safepoint: 1973 ns, Total: 28052 ns
[2025-08-21T20:06:05.923+0000][1692007][info ][safepoint   ] Safepoint "Cleanup", Time since last: 4000253012 ns, Reaching safepoint: 372733 ns, Cleanup: 9725 ns, At safepoint: 2043 ns, Total: 384501 ns
[2025-08-21T20:06:06.923+0000][1692007][info ][safepoint   ] Safepoint "Cleanup", Time since last: 1000087920 ns, Reaching safepoint: 6210 ns, Cleanup: 9544 ns, At safepoint: 2764 ns, Total: 18518 ns
[2025-08-21T20:06:07.102+0000][1692007][info ][gc,start    ] GC(553) Pause Young (Mixed) (G1 Evacuation Pause)
[2025-08-21T20:06:07.102+0000][1692007][info ][gc,task     ] GC(553) Using 1 workers of 1 for evacuation
[2025-08-21T20:06:07.102+0000][1692007][debug][gc,age      ] GC(553) Desired survivor size 18874368 bytes, new threshold 1 (max threshold 15)
[2025-08-21T20:06:07.109+0000][1692007][info ][gc,phases   ] GC(553)   Pre Evacuate Collection Set: 0.1ms
[2025-08-21T20:06:07.109+0000][1692007][info ][gc,phases   ] GC(553)   Merge Heap Roots: 0.0ms
[2025-08-21T20:06:07.109+0000][1692007][info ][gc,phases   ] GC(553)   Evacuate Collection Set: 5.9ms
[2025-08-21T20:06:07.109+0000][1692007][info ][gc,phases   ] GC(553)   Post Evacuate Collection Set: 1.6ms
[2025-08-21T20:06:07.109+0000][1692007][info ][gc,phases   ] GC(553)   Other: 0.0ms
[2025-08-21T20:06:07.109+0000][1692007][trace][gc,age      ] GC(553) Age table with threshold 1 (max threshold 15)
[2025-08-21T20:06:07.109+0000][1692007][trace][gc,age      ] GC(553) - age   1:   14535496 bytes,   14535496 total
[2025-08-21T20:06:07.109+0000][1692007][info ][gc,heap     ] GC(553) Eden regions: 65->0(72)
[2025-08-21T20:06:07.109+0000][1692007][info ][gc,heap     ] GC(553) Survivor regions: 7->4(9)
[2025-08-21T20:06:07.109+0000][1692007][info ][gc,heap     ] GC(553) Old regions: 35->34
[2025-08-21T20:06:07.109+0000][1692007][info ][gc,heap     ] GC(553) Humongous regions: 0->0
[2025-08-21T20:06:07.109+0000][1692007][info ][gc,metaspace] GC(553) Metaspace: 142843K(148032K)->142843K(148032K) NonClass: 123985K(126784K)->123985K(126784K) Class: 18857K(21248K)->18857K(21248K)
[2025-08-21T20:06:07.109+0000][1692007][info ][gc          ] GC(553) Pause Young (Mixed) (G1 Evacuation Pause) 425M->149M(512M) 7.746ms
[2025-08-21T20:06:07.109+0000][1692007][info ][gc,cpu      ] GC(553) User=0.00s Sys=0.00s Real=0.01s
[2025-08-21T20:06:07.109+0000][1692007][info ][safepoint   ] Safepoint "G1CollectForAllocation", Time since last: 178710890 ns, Reaching safepoint: 4607 ns, Cleanup: 3436 ns, At safepoint: 7789602 ns, Total: 7797645 ns
[2025-08-21T20:06:08.110+0000][1692007][info ][safepoint   ] Safepoint "Cleanup", Time since last: 1000070765 ns, Reaching safepoint: 5508 ns, Cleanup: 11207 ns, At safepoint: 1933 ns, Total: 18648 ns
[2025-08-21T20:06:09.557+0000][1692007][info ][gc,start    ] GC(554) Pause Young (Concurrent Start) (G1 Evacuation Pause)
[2025-08-21T20:06:09.557+0000][1692007][info ][gc,task     ] GC(554) Using 1 workers of 1 for evacuation
[2025-08-21T20:06:09.557+0000][1692007][debug][gc,age      ] GC(554) Desired survivor size 20971520 bytes, new threshold 15 (max threshold 15)
[2025-08-21T20:06:09.559+0000][1692007][info ][gc,phases   ] GC(554)   Pre Evacuate Collection Set: 0.1ms
[2025-08-21T20:06:09.559+0000][1692007][info ][gc,phases   ] GC(554)   Merge Heap Roots: 0.0ms
[2025-08-21T20:06:09.559+0000][1692007][info ][gc,phases   ] GC(554)   Evacuate Collection Set: 1.5ms
[2025-08-21T20:06:09.559+0000][1692007][info ][gc,phases   ] GC(554)   Post Evacuate Collection Set: 0.8ms
[2025-08-21T20:06:09.559+0000][1692007][info ][gc,phases   ] GC(554)   Other: 0.0ms
[2025-08-21T20:06:09.559+0000][1692007][trace][gc,age      ] GC(554) Age table with threshold 15 (max threshold 15)
[2025-08-21T20:06:09.559+0000][1692007][trace][gc,age      ] GC(554) - age   1:    1317392 bytes,    1317392 total
[2025-08-21T20:06:09.559+0000][1692007][trace][gc,age      ] GC(554) - age   2:     230976 bytes,    1548368 total
[2025-08-21T20:06:09.559+0000][1692007][info ][gc,heap     ] GC(554) Eden regions: 72->0(75)
[2025-08-21T20:06:09.559+0000][1692007][info ][gc,heap     ] GC(554) Survivor regions: 4->1(10)
[2025-08-21T20:06:09.559+0000][1692007][info ][gc,heap     ] GC(554) Old regions: 34->34
[2025-08-21T20:06:09.559+0000][1692007][info ][gc,heap     ] GC(554) Humongous regions: 0->0
[2025-08-21T20:06:09.559+0000][1692007][info ][gc,metaspace] GC(554) Metaspace: 142848K(148032K)->142848K(148032K) NonClass: 123990K(126784K)->123990K(126784K) Class: 18857K(21248K)->18857K(21248K)
[2025-08-21T20:06:09.559+0000][1692007][info ][gc          ] GC(554) Pause Young (Concurrent Start) (G1 Evacuation Pause) 437M->137M(512M) 2.500ms
[2025-08-21T20:06:09.559+0000][1692007][info ][gc,cpu      ] GC(554) User=0.00s Sys=0.00s Real=0.00s
[2025-08-21T20:06:09.559+0000][1692007][info ][safepoint   ] Safepoint "G1CollectForAllocation", Time since last: 1447062218 ns, Reaching safepoint: 31858 ns, Cleanup: 3505 ns, At safepoint: 2539044 ns, Total: 2574407 ns
[2025-08-21T20:06:09.559+0000][1692007][info ][gc          ] GC(555) Concurrent Mark Cycle
[2025-08-21T20:06:09.559+0000][1692007][info ][gc,marking  ] GC(555) Concurrent Scan Root Regions
[2025-08-21T20:06:09.564+0000][1692007][info ][gc,marking  ] GC(555) Concurrent Scan Root Regions 4.638ms
[2025-08-21T20:06:09.564+0000][1692007][info ][gc,marking  ] GC(555) Concurrent Mark
[2025-08-21T20:06:09.564+0000][1692007][info ][gc,marking  ] GC(555) Concurrent Mark From Roots
[2025-08-21T20:06:09.564+0000][1692007][info ][gc,task     ] GC(555) Using 1 workers of 1 for marking
[2025-08-21T20:06:09.757+0000][1692007][info ][gc,marking  ] GC(555) Concurrent Mark From Roots 193.153ms
[2025-08-21T20:06:09.757+0000][1692007][info ][gc,marking  ] GC(555) Concurrent Preclean
[2025-08-21T20:06:09.757+0000][1692007][info ][gc,marking  ] GC(555) Concurrent Preclean 0.422ms
[2025-08-21T20:06:09.758+0000][1692007][info ][gc,start    ] GC(555) Pause Remark
[2025-08-21T20:06:09.779+0000][1692007][info ][gc          ] GC(555) Pause Remark 175M->159M(512M) 21.828ms
[2025-08-21T20:06:09.779+0000][1692007][info ][gc,cpu      ] GC(555) User=0.01s Sys=0.00s Real=0.02s
[2025-08-21T20:06:09.779+0000][1692007][info ][safepoint   ] Safepoint "G1PauseRemark", Time since last: 198311228 ns, Reaching safepoint: 5198 ns, Cleanup: 7391 ns, At safepoint: 21880460 ns, Total: 21893049 ns
[2025-08-21T20:06:09.779+0000][1692007][info ][gc,marking  ] GC(555) Concurrent Mark 215.548ms
[2025-08-21T20:06:09.779+0000][1692007][info ][gc,marking  ] GC(555) Concurrent Rebuild Remembered Sets and Scrub Regions
[2025-08-21T20:06:09.828+0000][1692007][info ][gc,marking  ] GC(555) Concurrent Rebuild Remembered Sets and Scrub Regions 48.914ms
[2025-08-21T20:06:09.828+0000][1692007][info ][gc,start    ] GC(555) Pause Cleanup
[2025-08-21T20:06:09.828+0000][1692007][info ][gc          ] GC(555) Pause Cleanup 159M->159M(512M) 0.058ms
[2025-08-21T20:06:09.828+0000][1692007][info ][gc,cpu      ] GC(555) User=0.00s Sys=0.00s Real=0.00s
[2025-08-21T20:06:09.828+0000][1692007][info ][safepoint   ] Safepoint "G1PauseCleanup", Time since last: 49004038 ns, Reaching safepoint: 4056 ns, Cleanup: 3465 ns, At safepoint: 84428 ns, Total: 91949 ns
[2025-08-21T20:06:09.828+0000][1692007][info ][gc,marking  ] GC(555) Concurrent Clear Claimed Marks
[2025-08-21T20:06:09.829+0000][1692007][info ][gc,marking  ] GC(555) Concurrent Clear Claimed Marks 0.187ms
[2025-08-21T20:06:09.829+0000][1692007][info ][gc,marking  ] GC(555) Concurrent Cleanup for Next Mark
[2025-08-21T20:06:09.829+0000][1692007][info ][gc,marking  ] GC(555) Concurrent Cleanup for Next Mark 0.213ms
[2025-08-21T20:06:09.829+0000][1692007][info ][gc          ] GC(555) Concurrent Mark Cycle 269.698ms
[2025-08-21T20:07:07.833+0000][1692007][info ][safepoint   ] Safepoint "Cleanup", Time since last: 58003704884 ns, Reaching safepoint: 343418 ns, Cleanup: 11608 ns, At safepoint: 2253 ns, Total: 357279 ns
[2025-08-21T20:09:40.841+0000][1692007][info ][safepoint   ] Safepoint "Cleanup", Time since last: 153008809502 ns, Reaching safepoint: 34873 ns, Cleanup: 9654 ns, At safepoint: 4126 ns, Total: 48653 ns
[2025-08-21T20:11:47.850+0000][1692007][info ][safepoint   ] Safepoint "Cleanup", Time since last: 127008708933 ns, Reaching safepoint: 24056 ns, Cleanup: 8373 ns, At safepoint: 1933 ns, Total: 34362 ns
[2025-08-21T20:11:49.851+0000][1692007][info ][safepoint   ] Safepoint "Cleanup", Time since last: 2000451717 ns, Reaching safepoint: 5758 ns, Cleanup: 14392 ns, At safepoint: 2234 ns, Total: 22384 ns
[2025-08-21T20:12:00.627+0000][1692007][info ][gc,start    ] GC(556) Pause Young (Prepare Mixed) (G1 Evacuation Pause)
[2025-08-21T20:12:00.634+0000][1692007][info ][gc,task     ] GC(556) Using 1 workers of 1 for evacuation
[2025-08-21T20:12:00.635+0000][1692007][debug][gc,age      ] GC(556) Desired survivor size 20971520 bytes, new threshold 15 (max threshold 15)
[2025-08-21T20:12:00.704+0000][1692007][info ][gc,phases   ] GC(556)   Pre Evacuate Collection Set: 0.1ms
[2025-08-21T20:12:00.704+0000][1692007][info ][gc,phases   ] GC(556)   Merge Heap Roots: 3.0ms
[2025-08-21T20:12:00.704+0000][1692007][info ][gc,phases   ] GC(556)   Evacuate Collection Set: 60.1ms
[2025-08-21T20:12:00.704+0000][1692007][info ][gc,phases   ] GC(556)   Post Evacuate Collection Set: 5.1ms
[2025-08-21T20:12:00.706+0000][1692007][info ][gc,phases   ] GC(556)   Other: 4.5ms
[2025-08-21T20:12:00.706+0000][1692007][trace][gc,age      ] GC(556) Age table with threshold 15 (max threshold 15)
[2025-08-21T20:12:00.706+0000][1692007][trace][gc,age      ] GC(556) - age   1:   35921096 bytes,   35921096 total
[2025-08-21T20:12:00.706+0000][1692007][trace][gc,age      ] GC(556) - age   2:        432 bytes,   35921528 total
[2025-08-21T20:12:00.706+0000][1692007][trace][gc,age      ] GC(556) - age   3:      34944 bytes,   35956472 total
[2025-08-21T20:12:00.706+0000][1692007][info ][gc,heap     ] GC(556) Eden regions: 75->0(66)
[2025-08-21T20:12:00.706+0000][1692007][info ][gc,heap     ] GC(556) Survivor regions: 1->9(10)
[2025-08-21T20:12:00.706+0000][1692007][info ][gc,heap     ] GC(556) Old regions: 30->30
[2025-08-21T20:12:00.706+0000][1692007][info ][gc,heap     ] GC(556) Humongous regions: 0->0
[2025-08-21T20:12:00.707+0000][1692007][info ][gc,metaspace] GC(556) Metaspace: 142850K(148032K)->142850K(148032K) NonClass: 123992K(126784K)->123992K(126784K) Class: 18857K(21248K)->18857K(21248K)
[2025-08-21T20:12:00.712+0000][1692007][info ][gc          ] GC(556) Pause Young (Prepare Mixed) (G1 Evacuation Pause) 421M->155M(512M) 87.819ms
[2025-08-21T20:12:00.712+0000][1692007][info ][gc,cpu      ] GC(556) User=0.01s Sys=0.02s Real=0.09s
[2025-08-21T20:12:00.712+0000][1692007][info ][safepoint   ] Safepoint "G1CollectForAllocation", Time since last: 10772138544 ns, Reaching safepoint: 32489 ns, Cleanup: 4897 ns, At safepoint: 89154727 ns, Total: 89192113 ns
[2025-08-21T20:12:02.473+0000][1692007][info ][gc,start    ] GC(557) Pause Young (Mixed) (G1 Evacuation Pause)
[2025-08-21T20:12:02.473+0000][1692007][info ][gc,task     ] GC(557) Using 1 workers of 1 for evacuation
[2025-08-21T20:12:02.473+0000][1692007][debug][gc,age      ] GC(557) Desired survivor size 20971520 bytes, new threshold 1 (max threshold 15)
[2025-08-21T20:12:02.480+0000][1692007][info ][gc,phases   ] GC(557)   Pre Evacuate Collection Set: 0.1ms
[2025-08-21T20:12:02.480+0000][1692007][info ][gc,phases   ] GC(557)   Merge Heap Roots: 0.0ms
[2025-08-21T20:12:02.480+0000][1692007][info ][gc,phases   ] GC(557)   Evacuate Collection Set: 6.5ms
[2025-08-21T20:12:02.480+0000][1692007][info ][gc,phases   ] GC(557)   Post Evacuate Collection Set: 0.9ms
[2025-08-21T20:12:02.480+0000][1692007][info ][gc,phases   ] GC(557)   Other: 0.0ms
[2025-08-21T20:12:02.480+0000][1692007][trace][gc,age      ] GC(557) Age table with threshold 1 (max threshold 15)
[2025-08-21T20:12:02.480+0000][1692007][trace][gc,age      ] GC(557) - age   1:   19677760 bytes,   19677760 total
[2025-08-21T20:12:02.480+0000][1692007][info ][gc,heap     ] GC(557) Eden regions: 66->0(71)
[2025-08-21T20:12:02.480+0000][1692007][info ][gc,heap     ] GC(557) Survivor regions: 9->5(10)
[2025-08-21T20:12:02.480+0000][1692007][info ][gc,heap     ] GC(557) Old regions: 30->29
[2025-08-21T20:12:02.480+0000][1692007][info ][gc,heap     ] GC(557) Humongous regions: 0->0
[2025-08-21T20:12:02.480+0000][1692007][info ][gc,metaspace] GC(557) Metaspace: 142862K(148096K)->142862K(148096K) NonClass: 124004K(126848K)->124004K(126848K) Class: 18857K(21248K)->18857K(21248K)
[2025-08-21T20:12:02.480+0000][1692007][info ][gc          ] GC(557) Pause Young (Mixed) (G1 Evacuation Pause) 419M->135M(512M) 7.569ms
[2025-08-21T20:12:02.480+0000][1692007][info ][gc,cpu      ] GC(557) User=0.01s Sys=0.00s Real=0.01s
[2025-08-21T20:12:02.480+0000][1692007][info ][safepoint   ] Safepoint "G1CollectForAllocation", Time since last: 1760524698 ns, Reaching safepoint: 29054 ns, Cleanup: 33150 ns, At safepoint: 7609992 ns, Total: 7672196 ns
[2025-08-21T20:12:03.259+0000][1692007][info ][gc,start    ] GC(558) Pause Young (Concurrent Start) (G1 Evacuation Pause)
[2025-08-21T20:12:03.259+0000][1692007][info ][gc,task     ] GC(558) Using 1 workers of 1 for evacuation
[2025-08-21T20:12:03.259+0000][1692007][debug][gc,age      ] GC(558) Desired survivor size 20971520 bytes, new threshold 15 (max threshold 15)
[2025-08-21T20:12:03.272+0000][1692007][info ][gc,phases   ] GC(558)   Pre Evacuate Collection Set: 0.1ms
[2025-08-21T20:12:03.272+0000][1692007][info ][gc,phases   ] GC(558)   Merge Heap Roots: 0.0ms
[2025-08-21T20:12:03.272+0000][1692007][info ][gc,phases   ] GC(558)   Evacuate Collection Set: 11.0ms
[2025-08-21T20:12:03.272+0000][1692007][info ][gc,phases   ] GC(558)   Post Evacuate Collection Set: 1.5ms
[2025-08-21T20:12:03.272+0000][1692007][info ][gc,phases   ] GC(558)   Other: 0.6ms
[2025-08-21T20:12:03.272+0000][1692007][trace][gc,age      ] GC(558) Age table with threshold 15 (max threshold 15)
[2025-08-21T20:12:03.272+0000][1692007][trace][gc,age      ] GC(558) - age   1:   20993248 bytes,   20993248 total
[2025-08-21T20:12:03.272+0000][1692007][trace][gc,age      ] GC(558) - age   2:     236320 bytes,   21229568 total
[2025-08-21T20:12:03.272+0000][1692007][info ][gc,heap     ] GC(558) Eden regions: 71->0(70)
[2025-08-21T20:12:03.272+0000][1692007][info ][gc,heap     ] GC(558) Survivor regions: 5->6(10)
[2025-08-21T20:12:03.272+0000][1692007][info ][gc,heap     ] GC(558) Old regions: 29->29
[2025-08-21T20:12:03.272+0000][1692007][info ][gc,heap     ] GC(558) Humongous regions: 0->0
[2025-08-21T20:12:03.272+0000][1692007][info ][gc,metaspace] GC(558) Metaspace: 142870K(148096K)->142870K(148096K) NonClass: 124012K(126848K)->124012K(126848K) Class: 18857K(21248K)->18857K(21248K)
[2025-08-21T20:12:03.272+0000][1692007][info ][gc          ] GC(558) Pause Young (Concurrent Start) (G1 Evacuation Pause) 419M->137M(512M) 13.310ms
[2025-08-21T20:12:03.272+0000][1692007][info ][gc,cpu      ] GC(558) User=0.01s Sys=0.00s Real=0.01s
[2025-08-21T20:12:03.272+0000][1692007][info ][safepoint   ] Safepoint "G1CollectForAllocation", Time since last: 778930144 ns, Reaching safepoint: 16304 ns, Cleanup: 13140 ns, At safepoint: 13363059 ns, Total: 13392503 ns
[2025-08-21T20:12:03.276+0000][1692007][info ][gc          ] GC(559) Concurrent Mark Cycle
[2025-08-21T20:12:03.276+0000][1692007][info ][gc,marking  ] GC(559) Concurrent Scan Root Regions
[2025-08-21T20:12:03.287+0000][1692007][info ][gc,marking  ] GC(559) Concurrent Scan Root Regions 10.270ms
[2025-08-21T20:12:03.287+0000][1692007][info ][gc,marking  ] GC(559) Concurrent Mark
[2025-08-21T20:12:03.287+0000][1692007][info ][gc,marking  ] GC(559) Concurrent Mark From Roots
[2025-08-21T20:12:03.287+0000][1692007][info ][gc,task     ] GC(559) Using 1 workers of 1 for marking
[2025-08-21T20:12:03.664+0000][1692007][info ][gc,marking  ] GC(559) Concurrent Mark From Roots 377.432ms
[2025-08-21T20:12:03.664+0000][1692007][info ][gc,marking  ] GC(559) Concurrent Preclean
[2025-08-21T20:12:03.665+0000][1692007][info ][gc,marking  ] GC(559) Concurrent Preclean 0.451ms
[2025-08-21T20:12:03.665+0000][1692007][info ][gc,start    ] GC(559) Pause Remark
[2025-08-21T20:12:03.715+0000][1692007][info ][gc          ] GC(559) Pause Remark 255M->255M(512M) 50.215ms
[2025-08-21T20:12:03.715+0000][1692007][info ][gc,cpu      ] GC(559) User=0.01s Sys=0.00s Real=0.05s
[2025-08-21T20:12:03.715+0000][1692007][info ][safepoint   ] Safepoint "G1PauseRemark", Time since last: 392213427 ns, Reaching safepoint: 5077 ns, Cleanup: 13651 ns, At safepoint: 50274026 ns, Total: 50292754 ns
[2025-08-21T20:12:03.715+0000][1692007][info ][gc,marking  ] GC(559) Concurrent Mark 428.262ms
[2025-08-21T20:12:03.715+0000][1692007][info ][gc,marking  ] GC(559) Concurrent Rebuild Remembered Sets and Scrub Regions
[2025-08-21T20:12:03.768+0000][1692007][info ][gc,marking  ] GC(559) Concurrent Rebuild Remembered Sets and Scrub Regions 52.753ms
[2025-08-21T20:12:03.768+0000][1692007][info ][gc,start    ] GC(559) Pause Cleanup
[2025-08-21T20:12:03.768+0000][1692007][info ][gc          ] GC(559) Pause Cleanup 255M->255M(512M) 0.044ms
[2025-08-21T20:12:03.768+0000][1692007][info ][gc,cpu      ] GC(559) User=0.00s Sys=0.00s Real=0.00s
[2025-08-21T20:12:03.768+0000][1692007][info ][safepoint   ] Safepoint "G1PauseCleanup", Time since last: 52825138 ns, Reaching safepoint: 4116 ns, Cleanup: 2163 ns, At safepoint: 67392 ns, Total: 73671 ns
[2025-08-21T20:12:03.768+0000][1692007][info ][gc,marking  ] GC(559) Concurrent Clear Claimed Marks
[2025-08-21T20:12:03.768+0000][1692007][info ][gc,marking  ] GC(559) Concurrent Clear Claimed Marks 0.187ms
[2025-08-21T20:12:03.768+0000][1692007][info ][gc,marking  ] GC(559) Concurrent Cleanup for Next Mark
[2025-08-21T20:12:03.769+0000][1692007][info ][gc,marking  ] GC(559) Concurrent Cleanup for Next Mark 0.715ms
[2025-08-21T20:12:03.769+0000][1692007][info ][gc          ] GC(559) Concurrent Mark Cycle 492.995ms
[2025-08-21T20:12:05.768+0000][1692007][info ][safepoint   ] Safepoint "Cleanup", Time since last: 2000127177 ns, Reaching safepoint: 6149 ns, Cleanup: 10997 ns, At safepoint: 2193 ns, Total: 19339 ns
[2025-08-21T20:16:30.564+0000][1692007][info ][gc,start    ] GC(560) Pause Young (Prepare Mixed) (G1 Evacuation Pause)
[2025-08-21T20:16:30.565+0000][1692007][info ][gc,task     ] GC(560) Using 1 workers of 1 for evacuation
[2025-08-21T20:16:30.565+0000][1692007][debug][gc,age      ] GC(560) Desired survivor size 20971520 bytes, new threshold 1 (max threshold 15)
[2025-08-21T20:16:30.568+0000][1692007][info ][gc,phases   ] GC(560)   Pre Evacuate Collection Set: 0.1ms
[2025-08-21T20:16:30.568+0000][1692007][info ][gc,phases   ] GC(560)   Merge Heap Roots: 0.0ms
[2025-08-21T20:16:30.568+0000][1692007][info ][gc,phases   ] GC(560)   Evacuate Collection Set: 2.1ms
[2025-08-21T20:16:30.568+0000][1692007][info ][gc,phases   ] GC(560)   Post Evacuate Collection Set: 0.8ms
[2025-08-21T20:16:30.568+0000][1692007][info ][gc,phases   ] GC(560)   Other: 0.0ms
[2025-08-21T20:16:30.568+0000][1692007][trace][gc,age      ] GC(560) Age table with threshold 1 (max threshold 15)
[2025-08-21T20:16:30.568+0000][1692007][trace][gc,age      ] GC(560) - age   1:      10072 bytes,      10072 total
[2025-08-21T20:16:30.568+0000][1692007][info ][gc,heap     ] GC(560) Eden regions: 70->0(75)
[2025-08-21T20:16:30.568+0000][1692007][info ][gc,heap     ] GC(560) Survivor regions: 6->1(10)
[2025-08-21T20:16:30.568+0000][1692007][info ][gc,heap     ] GC(560) Old regions: 29->29
[2025-08-21T20:16:30.568+0000][1692007][info ][gc,heap     ] GC(560) Humongous regions: 0->0
[2025-08-21T20:16:30.568+0000][1692007][info ][gc,metaspace] GC(560) Metaspace: 142870K(148096K)->142870K(148096K) NonClass: 124012K(126848K)->124012K(126848K) Class: 18857K(21248K)->18857K(21248K)
[2025-08-21T20:16:30.568+0000][1692007][info ][gc          ] GC(560) Pause Young (Prepare Mixed) (G1 Evacuation Pause) 417M->117M(512M) 3.480ms
[2025-08-21T20:16:30.568+0000][1692007][info ][gc,cpu      ] GC(560) User=0.01s Sys=0.00s Real=0.01s
[2025-08-21T20:16:30.568+0000][1692007][info ][safepoint   ] Safepoint "G1CollectForAllocation", Time since last: 264796367885 ns, Reaching safepoint: 8733 ns, Cleanup: 3225 ns, At safepoint: 3515659 ns, Total: 3527617 ns
[2025-08-21T20:21:26.585+0000][1692007][info ][safepoint   ] Safepoint "Cleanup", Time since last: 296017233525 ns, Reaching safepoint: 44377 ns, Cleanup: 12018 ns, At safepoint: 5218 ns, Total: 61613 ns
[2025-08-21T20:22:04.588+0000][1692007][info ][safepoint   ] Safepoint "Cleanup", Time since last: 38002564288 ns, Reaching safepoint: 72269 ns, Cleanup: 10936 ns, At safepoint: 4377 ns, Total: 87582 ns
[2025-08-21T20:28:17.789+0000][1692007][info ][gc,start    ] GC(561) Pause Young (Mixed) (G1 Evacuation Pause)
[2025-08-21T20:28:17.789+0000][1692007][info ][gc,task     ] GC(561) Using 1 workers of 1 for evacuation
[2025-08-21T20:28:17.789+0000][1692007][debug][gc,age      ] GC(561) Desired survivor size 20971520 bytes, new threshold 15 (max threshold 15)
[2025-08-21T20:28:17.791+0000][1692007][info ][gc,phases   ] GC(561)   Pre Evacuate Collection Set: 0.0ms
[2025-08-21T20:28:17.791+0000][1692007][info ][gc,phases   ] GC(561)   Merge Heap Roots: 0.0ms
[2025-08-21T20:28:17.791+0000][1692007][info ][gc,phases   ] GC(561)   Evacuate Collection Set: 1.3ms
[2025-08-21T20:28:17.791+0000][1692007][info ][gc,phases   ] GC(561)   Post Evacuate Collection Set: 0.9ms
[2025-08-21T20:28:17.791+0000][1692007][info ][gc,phases   ] GC(561)   Other: 0.0ms
[2025-08-21T20:28:17.791+0000][1692007][trace][gc,age      ] GC(561) Age table with threshold 15 (max threshold 15)
[2025-08-21T20:28:17.791+0000][1692007][trace][gc,age      ] GC(561) - age   1:      11072 bytes,      11072 total
[2025-08-21T20:28:17.791+0000][1692007][trace][gc,age      ] GC(561) - age   2:        656 bytes,      11728 total
[2025-08-21T20:28:17.791+0000][1692007][info ][gc,heap     ] GC(561) Eden regions: 75->0(75)
[2025-08-21T20:28:17.791+0000][1692007][info ][gc,heap     ] GC(561) Survivor regions: 1->1(10)
[2025-08-21T20:28:17.791+0000][1692007][info ][gc,heap     ] GC(561) Old regions: 29->28
[2025-08-21T20:28:17.791+0000][1692007][info ][gc,heap     ] GC(561) Humongous regions: 0->0
[2025-08-21T20:28:17.791+0000][1692007][info ][gc,metaspace] GC(561) Metaspace: 142870K(148096K)->142870K(148096K) NonClass: 124012K(126848K)->124012K(126848K) Class: 18857K(21248K)->18857K(21248K)
[2025-08-21T20:28:17.791+0000][1692007][info ][gc          ] GC(561) Pause Young (Mixed) (G1 Evacuation Pause) 417M->112M(512M) 2.521ms
[2025-08-21T20:28:17.791+0000][1692007][info ][gc,cpu      ] GC(561) User=0.00s Sys=0.00s Real=0.00s
[2025-08-21T20:28:17.791+0000][1692007][info ][safepoint   ] Safepoint "G1CollectForAllocation", Time since last: 373201026211 ns, Reaching safepoint: 7080 ns, Cleanup: 3075 ns, At safepoint: 2553496 ns, Total: 2563651 ns
[2025-08-21T20:32:04.805+0000][1692007][info ][safepoint   ] Safepoint "Cleanup", Time since last: 227013358774 ns, Reaching safepoint: 38488 ns, Cleanup: 11608 ns, At safepoint: 5448 ns, Total: 55544 ns
[2025-08-21T20:35:01.823+0000][1692007][info ][safepoint   ] Safepoint "Cleanup", Time since last: 177010619915 ns, Reaching safepoint: 7368467 ns, Cleanup: 9394 ns, At safepoint: 2914 ns, Total: 7380775 ns
[2025-08-21T20:35:02.823+0000][1692007][info ][safepoint   ] Safepoint "Cleanup", Time since last: 1000199558 ns, Reaching safepoint: 6190 ns, Cleanup: 24927 ns, At safepoint: 2043 ns, Total: 33160 ns
[2025-08-21T20:35:07.953+0000][1692007][info ][gc,start    ] GC(562) Pause Young (Concurrent Start) (G1 Evacuation Pause)
[2025-08-21T20:35:07.953+0000][1692007][info ][gc,task     ] GC(562) Using 1 workers of 1 for evacuation
[2025-08-21T20:35:07.953+0000][1692007][debug][gc,age      ] GC(562) Desired survivor size 20971520 bytes, new threshold 15 (max threshold 15)
[2025-08-21T20:35:07.973+0000][1692007][info ][gc,phases   ] GC(562)   Pre Evacuate Collection Set: 0.1ms
[2025-08-21T20:35:07.973+0000][1692007][info ][gc,phases   ] GC(562)   Merge Heap Roots: 0.0ms
[2025-08-21T20:35:07.973+0000][1692007][info ][gc,phases   ] GC(562)   Evacuate Collection Set: 18.1ms
[2025-08-21T20:35:07.973+0000][1692007][info ][gc,phases   ] GC(562)   Post Evacuate Collection Set: 1.2ms
[2025-08-21T20:35:07.973+0000][1692007][info ][gc,phases   ] GC(562)   Other: 0.1ms
[2025-08-21T20:35:07.973+0000][1692007][trace][gc,age      ] GC(562) Age table with threshold 15 (max threshold 15)
[2025-08-21T20:35:07.973+0000][1692007][trace][gc,age      ] GC(562) - age   1:   38354120 bytes,   38354120 total
[2025-08-21T20:35:07.973+0000][1692007][trace][gc,age      ] GC(562) - age   2:        432 bytes,   38354552 total
[2025-08-21T20:35:07.973+0000][1692007][trace][gc,age      ] GC(562) - age   3:        656 bytes,   38355208 total
[2025-08-21T20:35:07.973+0000][1692007][info ][gc,heap     ] GC(562) Eden regions: 75->0(66)
[2025-08-21T20:35:07.973+0000][1692007][info ][gc,heap     ] GC(562) Survivor regions: 1->10(10)
[2025-08-21T20:35:07.973+0000][1692007][info ][gc,heap     ] GC(562) Old regions: 28->28
[2025-08-21T20:35:07.973+0000][1692007][info ][gc,heap     ] GC(562) Humongous regions: 0->0
[2025-08-21T20:35:07.973+0000][1692007][info ][gc,metaspace] GC(562) Metaspace: 142876K(148096K)->142876K(148096K) NonClass: 124018K(126848K)->124018K(126848K) Class: 18857K(21248K)->18857K(21248K)
[2025-08-21T20:35:07.973+0000][1692007][info ][gc          ] GC(562) Pause Young (Concurrent Start) (G1 Evacuation Pause) 412M->149M(512M) 19.574ms
[2025-08-21T20:35:07.973+0000][1692007][info ][gc,cpu      ] GC(562) User=0.01s Sys=0.01s Real=0.02s
[2025-08-21T20:35:07.973+0000][1692007][info ][safepoint   ] Safepoint "G1CollectForAllocation", Time since last: 5129583420 ns, Reaching safepoint: 370429 ns, Cleanup: 3836 ns, At safepoint: 19628229 ns, Total: 20002494 ns
[2025-08-21T20:35:07.977+0000][1692007][info ][gc          ] GC(563) Concurrent Mark Cycle
[2025-08-21T20:35:07.977+0000][1692007][info ][gc,marking  ] GC(563) Concurrent Scan Root Regions
[2025-08-21T20:35:07.984+0000][1692007][info ][gc,marking  ] GC(563) Concurrent Scan Root Regions 6.437ms
[2025-08-21T20:35:07.984+0000][1692007][info ][gc,marking  ] GC(563) Concurrent Mark
[2025-08-21T20:35:07.984+0000][1692007][info ][gc,marking  ] GC(563) Concurrent Mark From Roots
[2025-08-21T20:35:07.984+0000][1692007][info ][gc,task     ] GC(563) Using 1 workers of 1 for marking
[2025-08-21T20:35:08.248+0000][1692007][info ][gc,marking  ] GC(563) Concurrent Mark From Roots 264.662ms
[2025-08-21T20:35:08.249+0000][1692007][info ][gc,marking  ] GC(563) Concurrent Preclean
[2025-08-21T20:35:08.249+0000][1692007][info ][gc,marking  ] GC(563) Concurrent Preclean 0.416ms
[2025-08-21T20:35:08.249+0000][1692007][info ][gc,start    ] GC(563) Pause Remark
[2025-08-21T20:35:08.260+0000][1692007][info ][gc          ] GC(563) Pause Remark 345M->345M(512M) 11.146ms
[2025-08-21T20:35:08.260+0000][1692007][info ][gc,cpu      ] GC(563) User=0.01s Sys=0.00s Real=0.01s
[2025-08-21T20:35:08.260+0000][1692007][info ][safepoint   ] Safepoint "G1PauseRemark", Time since last: 276266943 ns, Reaching safepoint: 5238 ns, Cleanup: 10266 ns, At safepoint: 11185550 ns, Total: 11201054 ns
[2025-08-21T20:35:08.260+0000][1692007][info ][gc,marking  ] GC(563) Concurrent Mark 276.362ms
[2025-08-21T20:35:08.260+0000][1692007][info ][gc,marking  ] GC(563) Concurrent Rebuild Remembered Sets and Scrub Regions
[2025-08-21T20:35:08.297+0000][1692007][info ][gc,marking  ] GC(563) Concurrent Rebuild Remembered Sets and Scrub Regions 36.846ms
[2025-08-21T20:35:08.297+0000][1692007][info ][gc,start    ] GC(563) Pause Cleanup
[2025-08-21T20:35:08.297+0000][1692007][info ][gc          ] GC(563) Pause Cleanup 345M->345M(512M) 0.045ms
[2025-08-21T20:35:08.297+0000][1692007][info ][gc,cpu      ] GC(563) User=0.00s Sys=0.00s Real=0.00s
[2025-08-21T20:35:08.297+0000][1692007][info ][safepoint   ] Safepoint "G1PauseCleanup", Time since last: 36908734 ns, Reaching safepoint: 3976 ns, Cleanup: 1612 ns, At safepoint: 70056 ns, Total: 75644 ns
[2025-08-21T20:35:08.297+0000][1692007][info ][gc,marking  ] GC(563) Concurrent Clear Claimed Marks
[2025-08-21T20:35:08.297+0000][1692007][info ][gc,marking  ] GC(563) Concurrent Clear Claimed Marks 0.188ms
[2025-08-21T20:35:08.297+0000][1692007][info ][gc,marking  ] GC(563) Concurrent Cleanup for Next Mark
[2025-08-21T20:35:08.306+0000][1692007][info ][gc,marking  ] GC(563) Concurrent Cleanup for Next Mark 9.044ms
[2025-08-21T20:35:08.306+0000][1692007][info ][gc          ] GC(563) Concurrent Mark Cycle 329.054ms
[2025-08-21T20:35:09.297+0000][1692007][info ][safepoint   ] Safepoint "Cleanup", Time since last: 1000070083 ns, Reaching safepoint: 31217 ns, Cleanup: 15743 ns, At safepoint: 2344 ns, Total: 49304 ns
[2025-08-21T20:35:09.545+0000][1692007][info ][gc,start    ] GC(564) Pause Young (Prepare Mixed) (G1 Evacuation Pause)
[2025-08-21T20:35:09.545+0000][1692007][info ][gc,task     ] GC(564) Using 1 workers of 1 for evacuation
[2025-08-21T20:35:09.545+0000][1692007][debug][gc,age      ] GC(564) Desired survivor size 20971520 bytes, new threshold 1 (max threshold 15)
[2025-08-21T20:35:09.551+0000][1692007][info ][gc,phases   ] GC(564)   Pre Evacuate Collection Set: 0.1ms
[2025-08-21T20:35:09.551+0000][1692007][info ][gc,phases   ] GC(564)   Merge Heap Roots: 0.1ms
[2025-08-21T20:35:09.551+0000][1692007][info ][gc,phases   ] GC(564)   Evacuate Collection Set: 4.5ms
[2025-08-21T20:35:09.551+0000][1692007][info ][gc,phases   ] GC(564)   Post Evacuate Collection Set: 1.1ms
[2025-08-21T20:35:09.551+0000][1692007][info ][gc,phases   ] GC(564)   Other: 0.0ms
[2025-08-21T20:35:09.551+0000][1692007][trace][gc,age      ] GC(564) Age table with threshold 1 (max threshold 15)
[2025-08-21T20:35:09.551+0000][1692007][trace][gc,age      ] GC(564) - age   1:   21868904 bytes,   21868904 total
[2025-08-21T20:35:09.551+0000][1692007][info ][gc,heap     ] GC(564) Eden regions: 66->0(70)
[2025-08-21T20:35:09.551+0000][1692007][info ][gc,heap     ] GC(564) Survivor regions: 10->6(10)
[2025-08-21T20:35:09.551+0000][1692007][info ][gc,heap     ] GC(564) Old regions: 28->28
[2025-08-21T20:35:09.551+0000][1692007][info ][gc,heap     ] GC(564) Humongous regions: 0->0
[2025-08-21T20:35:09.551+0000][1692007][info ][gc,metaspace] GC(564) Metaspace: 142894K(148096K)->142894K(148096K) NonClass: 124036K(126848K)->124036K(126848K) Class: 18857K(21248K)->18857K(21248K)
[2025-08-21T20:35:09.551+0000][1692007][info ][gc          ] GC(564) Pause Young (Prepare Mixed) (G1 Evacuation Pause) 413M->133M(512M) 5.811ms
[2025-08-21T20:35:09.551+0000][1692007][info ][gc,cpu      ] GC(564) User=0.01s Sys=0.00s Real=0.01s
[2025-08-21T20:35:09.551+0000][1692007][info ][safepoint   ] Safepoint "G1CollectForAllocation", Time since last: 242135934 ns, Reaching safepoint: 5828752 ns, Cleanup: 3144 ns, At safepoint: 5855332 ns, Total: 11687228 ns
[2025-08-21T20:35:09.966+0000][1692007][info ][gc,start    ] GC(565) Pause Young (Mixed) (G1 Evacuation Pause)
[2025-08-21T20:35:09.966+0000][1692007][info ][gc,task     ] GC(565) Using 1 workers of 1 for evacuation
[2025-08-21T20:35:09.966+0000][1692007][debug][gc,age      ] GC(565) Desired survivor size 20971520 bytes, new threshold 1 (max threshold 15)
[2025-08-21T20:35:09.975+0000][1692007][info ][gc,phases   ] GC(565)   Pre Evacuate Collection Set: 0.0ms
[2025-08-21T20:35:09.975+0000][1692007][info ][gc,phases   ] GC(565)   Merge Heap Roots: 0.0ms
[2025-08-21T20:35:09.975+0000][1692007][info ][gc,phases   ] GC(565)   Evacuate Collection Set: 8.1ms
[2025-08-21T20:35:09.975+0000][1692007][info ][gc,phases   ] GC(565)   Post Evacuate Collection Set: 1.0ms
[2025-08-21T20:35:09.975+0000][1692007][info ][gc,phases   ] GC(565)   Other: 0.0ms
[2025-08-21T20:35:09.975+0000][1692007][trace][gc,age      ] GC(565) Age table with threshold 1 (max threshold 15)
[2025-08-21T20:35:09.975+0000][1692007][trace][gc,age      ] GC(565) - age   1:   20072272 bytes,   20072272 total
[2025-08-21T20:35:09.975+0000][1692007][info ][gc,heap     ] GC(565) Eden regions: 70->0(71)
[2025-08-21T20:35:09.975+0000][1692007][info ][gc,heap     ] GC(565) Survivor regions: 6->5(10)
[2025-08-21T20:35:09.975+0000][1692007][info ][gc,heap     ] GC(565) Old regions: 28->27
[2025-08-21T20:35:09.975+0000][1692007][info ][gc,heap     ] GC(565) Humongous regions: 0->0
[2025-08-21T20:35:09.975+0000][1692007][info ][gc,metaspace] GC(565) Metaspace: 142904K(148096K)->142904K(148096K) NonClass: 124045K(126848K)->124045K(126848K) Class: 18858K(21248K)->18858K(21248K)
[2025-08-21T20:35:09.975+0000][1692007][info ][gc          ] GC(565) Pause Young (Mixed) (G1 Evacuation Pause) 413M->127M(512M) 9.297ms
[2025-08-21T20:35:09.975+0000][1692007][info ][gc,cpu      ] GC(565) User=0.01s Sys=0.00s Real=0.00s
[2025-08-21T20:35:09.975+0000][1692007][info ][safepoint   ] Safepoint "G1CollectForAllocation", Time since last: 414513320 ns, Reaching safepoint: 5369 ns, Cleanup: 9624 ns, At safepoint: 9343329 ns, Total: 9358322 ns
[2025-08-21T20:38:54.988+0000][1692007][info ][safepoint   ] Safepoint "Cleanup", Time since last: 225013304456 ns, Reaching safepoint: 44227 ns, Cleanup: 11187 ns, At safepoint: 4947 ns, Total: 60361 ns
[2025-08-21T20:39:56.806+0000][1692007][info ][gc,start    ] GC(566) Pause Young (Concurrent Start) (G1 Evacuation Pause)
[2025-08-21T20:39:56.806+0000][1692007][info ][gc,task     ] GC(566) Using 1 workers of 1 for evacuation
[2025-08-21T20:39:56.806+0000][1692007][debug][gc,age      ] GC(566) Desired survivor size 20971520 bytes, new threshold 15 (max threshold 15)
[2025-08-21T20:39:56.808+0000][1692007][info ][gc,phases   ] GC(566)   Pre Evacuate Collection Set: 0.0ms
[2025-08-21T20:39:56.808+0000][1692007][info ][gc,phases   ] GC(566)   Merge Heap Roots: 0.0ms
[2025-08-21T20:39:56.808+0000][1692007][info ][gc,phases   ] GC(566)   Evacuate Collection Set: 1.3ms
[2025-08-21T20:39:56.808+0000][1692007][info ][gc,phases   ] GC(566)   Post Evacuate Collection Set: 0.8ms
[2025-08-21T20:39:56.808+0000][1692007][info ][gc,phases   ] GC(566)   Other: 0.0ms
[2025-08-21T20:39:56.808+0000][1692007][trace][gc,age      ] GC(566) Age table with threshold 15 (max threshold 15)
[2025-08-21T20:39:56.808+0000][1692007][trace][gc,age      ] GC(566) - age   1:      10440 bytes,      10440 total
[2025-08-21T20:39:56.808+0000][1692007][trace][gc,age      ] GC(566) - age   2:      33384 bytes,      43824 total
[2025-08-21T20:39:56.808+0000][1692007][info ][gc,heap     ] GC(566) Eden regions: 71->0(75)
[2025-08-21T20:39:56.808+0000][1692007][info ][gc,heap     ] GC(566) Survivor regions: 5->1(10)
[2025-08-21T20:39:56.808+0000][1692007][info ][gc,heap     ] GC(566) Old regions: 27->27
[2025-08-21T20:39:56.808+0000][1692007][info ][gc,heap     ] GC(566) Humongous regions: 0->0
[2025-08-21T20:39:56.808+0000][1692007][info ][gc,metaspace] GC(566) Metaspace: 142919K(148096K)->142919K(148096K) NonClass: 124061K(126848K)->124061K(126848K) Class: 18858K(21248K)->18858K(21248K)
[2025-08-21T20:39:56.808+0000][1692007][info ][gc          ] GC(566) Pause Young (Concurrent Start) (G1 Evacuation Pause) 411M->109M(512M) 2.239ms
[2025-08-21T20:39:56.808+0000][1692007][info ][gc,cpu      ] GC(566) User=0.00s Sys=0.00s Real=0.00s
[2025-08-21T20:39:56.808+0000][1692007][info ][safepoint   ] Safepoint "G1CollectForAllocation", Time since last: 61817445446 ns, Reaching safepoint: 8283 ns, Cleanup: 2914 ns, At safepoint: 2281695 ns, Total: 2292892 ns
[2025-08-21T20:39:56.813+0000][1692007][info ][gc          ] GC(567) Concurrent Mark Cycle
[2025-08-21T20:39:56.813+0000][1692007][info ][gc,marking  ] GC(567) Concurrent Scan Root Regions
[2025-08-21T20:39:56.814+0000][1692007][info ][gc,marking  ] GC(567) Concurrent Scan Root Regions 0.452ms
[2025-08-21T20:39:56.814+0000][1692007][info ][gc,marking  ] GC(567) Concurrent Mark
[2025-08-21T20:39:56.814+0000][1692007][info ][gc,marking  ] GC(567) Concurrent Mark From Roots
[2025-08-21T20:39:56.814+0000][1692007][info ][gc,task     ] GC(567) Using 1 workers of 1 for marking
[2025-08-21T20:39:56.933+0000][1692007][info ][gc,marking  ] GC(567) Concurrent Mark From Roots 118.843ms
[2025-08-21T20:39:56.933+0000][1692007][info ][gc,marking  ] GC(567) Concurrent Preclean
[2025-08-21T20:39:56.933+0000][1692007][info ][gc,marking  ] GC(567) Concurrent Preclean 0.375ms
[2025-08-21T20:39:56.933+0000][1692007][info ][gc,start    ] GC(567) Pause Remark
[2025-08-21T20:39:56.944+0000][1692007][info ][gc          ] GC(567) Pause Remark 109M->109M(512M) 10.758ms
[2025-08-21T20:39:56.944+0000][1692007][info ][gc,cpu      ] GC(567) User=0.01s Sys=0.00s Real=0.01s
[2025-08-21T20:39:56.944+0000][1692007][info ][safepoint   ] Safepoint "G1PauseRemark", Time since last: 125040496 ns, Reaching safepoint: 4907 ns, Cleanup: 2715 ns, At safepoint: 10798986 ns, Total: 10806608 ns
[2025-08-21T20:39:56.944+0000][1692007][info ][gc,marking  ] GC(567) Concurrent Mark 130.097ms
[2025-08-21T20:39:56.944+0000][1692007][info ][gc,marking  ] GC(567) Concurrent Rebuild Remembered Sets and Scrub Regions
[2025-08-21T20:39:56.989+0000][1692007][info ][gc,marking  ] GC(567) Concurrent Rebuild Remembered Sets and Scrub Regions 44.920ms
[2025-08-21T20:39:56.989+0000][1692007][info ][gc,start    ] GC(567) Pause Cleanup
[2025-08-21T20:39:56.989+0000][1692007][info ][gc          ] GC(567) Pause Cleanup 109M->109M(512M) 0.042ms
[2025-08-21T20:39:56.989+0000][1692007][info ][gc,cpu      ] GC(567) User=0.00s Sys=0.00s Real=0.00s
[2025-08-21T20:39:56.989+0000][1692007][info ][safepoint   ] Safepoint "G1PauseCleanup", Time since last: 44975134 ns, Reaching safepoint: 3966 ns, Cleanup: 1733 ns, At safepoint: 62875 ns, Total: 68574 ns
[2025-08-21T20:39:56.989+0000][1692007][info ][gc,marking  ] GC(567) Concurrent Clear Claimed Marks
[2025-08-21T20:39:56.989+0000][1692007][info ][gc,marking  ] GC(567) Concurrent Clear Claimed Marks 0.150ms
[2025-08-21T20:39:56.989+0000][1692007][info ][gc,marking  ] GC(567) Concurrent Cleanup for Next Mark
[2025-08-21T20:39:56.994+0000][1692007][info ][gc,marking  ] GC(567) Concurrent Cleanup for Next Mark 4.566ms
[2025-08-21T20:39:56.994+0000][1692007][info ][gc          ] GC(567) Concurrent Mark Cycle 180.337ms
[2025-08-21T20:42:04.997+0000][1692007][info ][safepoint   ] Safepoint "Cleanup", Time since last: 128007541890 ns, Reaching safepoint: 40972 ns, Cleanup: 11748 ns, At safepoint: 2113 ns, Total: 54833 ns
[2025-08-21T20:47:05.016+0000][1692007][info ][safepoint   ] Safepoint "Cleanup", Time since last: 300019216259 ns, Reaching safepoint: 36515 ns, Cleanup: 10736 ns, At safepoint: 4327 ns, Total: 51578 ns
[2025-08-21T20:51:42.926+0000][1692007][info ][gc,start    ] GC(568) Pause Young (Prepare Mixed) (G1 Evacuation Pause)
[2025-08-21T20:51:42.926+0000][1692007][info ][gc,task     ] GC(568) Using 1 workers of 1 for evacuation
[2025-08-21T20:51:42.926+0000][1692007][debug][gc,age      ] GC(568) Desired survivor size 20971520 bytes, new threshold 15 (max threshold 15)
[2025-08-21T20:51:42.929+0000][1692007][info ][gc,phases   ] GC(568)   Pre Evacuate Collection Set: 0.0ms
[2025-08-21T20:51:42.929+0000][1692007][info ][gc,phases   ] GC(568)   Merge Heap Roots: 0.0ms
[2025-08-21T20:51:42.929+0000][1692007][info ][gc,phases   ] GC(568)   Evacuate Collection Set: 1.8ms
[2025-08-21T20:51:42.929+0000][1692007][info ][gc,phases   ] GC(568)   Post Evacuate Collection Set: 0.8ms
[2025-08-21T20:51:42.929+0000][1692007][info ][gc,phases   ] GC(568)   Other: 0.0ms
[2025-08-21T20:51:42.929+0000][1692007][trace][gc,age      ] GC(568) Age table with threshold 15 (max threshold 15)
[2025-08-21T20:51:42.929+0000][1692007][trace][gc,age      ] GC(568) - age   1:       9856 bytes,       9856 total
[2025-08-21T20:51:42.929+0000][1692007][trace][gc,age      ] GC(568) - age   2:       1264 bytes,      11120 total
[2025-08-21T20:51:42.929+0000][1692007][trace][gc,age      ] GC(568) - age   3:      33352 bytes,      44472 total
[2025-08-21T20:51:42.929+0000][1692007][info ][gc,heap     ] GC(568) Eden regions: 75->0(75)
[2025-08-21T20:51:42.929+0000][1692007][info ][gc,heap     ] GC(568) Survivor regions: 1->1(10)
[2025-08-21T20:51:42.929+0000][1692007][info ][gc,heap     ] GC(568) Old regions: 27->27
[2025-08-21T20:51:42.929+0000][1692007][info ][gc,heap     ] GC(568) Humongous regions: 0->0
[2025-08-21T20:51:42.929+0000][1692007][info ][gc,metaspace] GC(568) Metaspace: 142919K(148096K)->142919K(148096K) NonClass: 124061K(126848K)->124061K(126848K) Class: 18858K(21248K)->18858K(21248K)
[2025-08-21T20:51:42.929+0000][1692007][info ][gc          ] GC(568) Pause Young (Prepare Mixed) (G1 Evacuation Pause) 409M->108M(512M) 3.017ms
[2025-08-21T20:51:42.929+0000][1692007][info ][gc,cpu      ] GC(568) User=0.00s Sys=0.00s Real=0.00s
[2025-08-21T20:51:42.929+0000][1692007][info ][safepoint   ] Safepoint "G1CollectForAllocation", Time since last: 277909919963 ns, Reaching safepoint: 8573 ns, Cleanup: 3175 ns, At safepoint: 3047131 ns, Total: 3058879 ns
[2025-08-21T21:03:27.621+0000][1692007][info ][gc,start    ] GC(569) Pause Young (Mixed) (G1 Evacuation Pause)
[2025-08-21T21:03:27.621+0000][1692007][info ][gc,task     ] GC(569) Using 1 workers of 1 for evacuation
[2025-08-21T21:03:27.621+0000][1692007][debug][gc,age      ] GC(569) Desired survivor size 20971520 bytes, new threshold 15 (max threshold 15)
[2025-08-21T21:03:27.625+0000][1692007][info ][gc,phases   ] GC(569)   Pre Evacuate Collection Set: 0.0ms
[2025-08-21T21:03:27.625+0000][1692007][info ][gc,phases   ] GC(569)   Merge Heap Roots: 0.0ms
[2025-08-21T21:03:27.625+0000][1692007][info ][gc,phases   ] GC(569)   Evacuate Collection Set: 3.1ms
[2025-08-21T21:03:27.625+0000][1692007][info ][gc,phases   ] GC(569)   Post Evacuate Collection Set: 0.8ms
[2025-08-21T21:03:27.625+0000][1692007][info ][gc,phases   ] GC(569)   Other: 0.0ms
[2025-08-21T21:03:27.625+0000][1692007][trace][gc,age      ] GC(569) Age table with threshold 15 (max threshold 15)
[2025-08-21T21:03:27.625+0000][1692007][trace][gc,age      ] GC(569) - age   1:      16496 bytes,      16496 total
[2025-08-21T21:03:27.625+0000][1692007][trace][gc,age      ] GC(569) - age   2:        552 bytes,      17048 total
[2025-08-21T21:03:27.625+0000][1692007][trace][gc,age      ] GC(569) - age   3:       1264 bytes,      18312 total
[2025-08-21T21:03:27.625+0000][1692007][trace][gc,age      ] GC(569) - age   4:      17200 bytes,      35512 total
[2025-08-21T21:03:27.625+0000][1692007][info ][gc,heap     ] GC(569) Eden regions: 75->0(75)
[2025-08-21T21:03:27.625+0000][1692007][info ][gc,heap     ] GC(569) Survivor regions: 1->1(10)
[2025-08-21T21:03:27.625+0000][1692007][info ][gc,heap     ] GC(569) Old regions: 27->26
[2025-08-21T21:03:27.625+0000][1692007][info ][gc,heap     ] GC(569) Humongous regions: 0->0
[2025-08-21T21:03:27.625+0000][1692007][info ][gc,metaspace] GC(569) Metaspace: 142919K(148096K)->142919K(148096K) NonClass: 124061K(126848K)->124061K(126848K) Class: 18858K(21248K)->18858K(21248K)
[2025-08-21T21:03:27.625+0000][1692007][info ][gc          ] GC(569) Pause Young (Mixed) (G1 Evacuation Pause) 408M->103M(512M) 4.277ms
[2025-08-21T21:03:27.625+0000][1692007][info ][gc,cpu      ] GC(569) User=0.01s Sys=0.00s Real=0.00s
[2025-08-21T21:03:27.625+0000][1692007][info ][safepoint   ] Safepoint "G1CollectForAllocation", Time since last: 704691878570 ns, Reaching safepoint: 8853 ns, Cleanup: 2934 ns, At safepoint: 4310209 ns, Total: 4321996 ns
[2025-08-21T21:15:12.164+0000][1692007][info ][gc,start    ] GC(570) Pause Young (Concurrent Start) (G1 Evacuation Pause)
[2025-08-21T21:15:12.164+0000][1692007][info ][gc,task     ] GC(570) Using 1 workers of 1 for evacuation
[2025-08-21T21:15:12.164+0000][1692007][debug][gc,age      ] GC(570) Desired survivor size 20971520 bytes, new threshold 15 (max threshold 15)
[2025-08-21T21:15:12.167+0000][1692007][info ][gc,phases   ] GC(570)   Pre Evacuate Collection Set: 0.0ms
[2025-08-21T21:15:12.167+0000][1692007][info ][gc,phases   ] GC(570)   Merge Heap Roots: 0.0ms
[2025-08-21T21:15:12.167+0000][1692007][info ][gc,phases   ] GC(570)   Evacuate Collection Set: 1.6ms
[2025-08-21T21:15:12.167+0000][1692007][info ][gc,phases   ] GC(570)   Post Evacuate Collection Set: 0.8ms
[2025-08-21T21:15:12.167+0000][1692007][info ][gc,phases   ] GC(570)   Other: 0.0ms
[2025-08-21T21:15:12.167+0000][1692007][trace][gc,age      ] GC(570) Age table with threshold 15 (max threshold 15)
[2025-08-21T21:15:12.167+0000][1692007][trace][gc,age      ] GC(570) - age   1:       9496 bytes,       9496 total
[2025-08-21T21:15:12.167+0000][1692007][trace][gc,age      ] GC(570) - age   3:        200 bytes,       9696 total
[2025-08-21T21:15:12.167+0000][1692007][trace][gc,age      ] GC(570) - age   4:       1264 bytes,      10960 total
[2025-08-21T21:15:12.167+0000][1692007][trace][gc,age      ] GC(570) - age   5:      17200 bytes,      28160 total
[2025-08-21T21:15:12.167+0000][1692007][info ][gc,heap     ] GC(570) Eden regions: 75->0(75)
[2025-08-21T21:15:12.167+0000][1692007][info ][gc,heap     ] GC(570) Survivor regions: 1->1(10)
[2025-08-21T21:15:12.167+0000][1692007][info ][gc,heap     ] GC(570) Old regions: 26->26
[2025-08-21T21:15:12.167+0000][1692007][info ][gc,heap     ] GC(570) Humongous regions: 0->0
[2025-08-21T21:15:12.167+0000][1692007][info ][gc,metaspace] GC(570) Metaspace: 142919K(148096K)->142919K(148096K) NonClass: 124061K(126848K)->124061K(126848K) Class: 18858K(21248K)->18858K(21248K)
[2025-08-21T21:15:12.167+0000][1692007][info ][gc          ] GC(570) Pause Young (Concurrent Start) (G1 Evacuation Pause) 403M->103M(512M) 2.762ms
[2025-08-21T21:15:12.167+0000][1692007][info ][gc,cpu      ] GC(570) User=0.00s Sys=0.00s Real=0.01s
[2025-08-21T21:15:12.167+0000][1692007][info ][safepoint   ] Safepoint "G1CollectForAllocation", Time since last: 704539013822 ns, Reaching safepoint: 8693 ns, Cleanup: 3085 ns, At safepoint: 2796803 ns, Total: 2808581 ns
[2025-08-21T21:15:12.173+0000][1692007][info ][gc          ] GC(571) Concurrent Mark Cycle
[2025-08-21T21:15:12.173+0000][1692007][info ][gc,marking  ] GC(571) Concurrent Scan Root Regions
[2025-08-21T21:15:12.174+0000][1692007][info ][gc,marking  ] GC(571) Concurrent Scan Root Regions 0.598ms
[2025-08-21T21:15:12.174+0000][1692007][info ][gc,marking  ] GC(571) Concurrent Mark
[2025-08-21T21:15:12.174+0000][1692007][info ][gc,marking  ] GC(571) Concurrent Mark From Roots
[2025-08-21T21:15:12.174+0000][1692007][info ][gc,task     ] GC(571) Using 1 workers of 1 for marking
[2025-08-21T21:15:12.302+0000][1692007][info ][gc,marking  ] GC(571) Concurrent Mark From Roots 127.712ms
[2025-08-21T21:15:12.302+0000][1692007][info ][gc,marking  ] GC(571) Concurrent Preclean
[2025-08-21T21:15:12.302+0000][1692007][info ][gc,marking  ] GC(571) Concurrent Preclean 0.391ms
[2025-08-21T21:15:12.302+0000][1692007][info ][gc,start    ] GC(571) Pause Remark
[2025-08-21T21:15:12.313+0000][1692007][info ][gc          ] GC(571) Pause Remark 103M->103M(512M) 10.760ms
[2025-08-21T21:15:12.313+0000][1692007][info ][gc,cpu      ] GC(571) User=0.01s Sys=0.00s Real=0.01s
[2025-08-21T21:15:12.313+0000][1692007][info ][safepoint   ] Safepoint "G1PauseRemark", Time since last: 135314133 ns, Reaching safepoint: 5118 ns, Cleanup: 3015 ns, At safepoint: 10798465 ns, Total: 10806598 ns
[2025-08-21T21:15:12.313+0000][1692007][info ][gc,marking  ] GC(571) Concurrent Mark 138.979ms
[2025-08-21T21:15:12.313+0000][1692007][info ][gc,marking  ] GC(571) Concurrent Rebuild Remembered Sets and Scrub Regions
[2025-08-21T21:15:12.348+0000][1692007][info ][gc,marking  ] GC(571) Concurrent Rebuild Remembered Sets and Scrub Regions 34.949ms
[2025-08-21T21:15:12.348+0000][1692007][info ][gc,start    ] GC(571) Pause Cleanup
[2025-08-21T21:15:12.348+0000][1692007][info ][gc          ] GC(571) Pause Cleanup 103M->103M(512M) 0.036ms
[2025-08-21T21:15:12.348+0000][1692007][info ][gc,cpu      ] GC(571) User=0.00s Sys=0.00s Real=0.00s
[2025-08-21T21:15:12.348+0000][1692007][info ][safepoint   ] Safepoint "G1PauseCleanup", Time since last: 34996414 ns, Reaching safepoint: 3846 ns, Cleanup: 1472 ns, At safepoint: 54953 ns, Total: 60271 ns
[2025-08-21T21:15:12.348+0000][1692007][info ][gc,marking  ] GC(571) Concurrent Clear Claimed Marks
[2025-08-21T21:15:12.348+0000][1692007][info ][gc,marking  ] GC(571) Concurrent Clear Claimed Marks 0.144ms
[2025-08-21T21:15:12.348+0000][1692007][info ][gc,marking  ] GC(571) Concurrent Cleanup for Next Mark
[2025-08-21T21:15:12.363+0000][1692007][info ][gc,marking  ] GC(571) Concurrent Cleanup for Next Mark 14.440ms
[2025-08-21T21:15:12.363+0000][1692007][info ][gc          ] GC(571) Concurrent Mark Cycle 189.252ms
[2025-08-21T21:26:54.574+0000][1692007][info ][gc,start    ] GC(572) Pause Young (Prepare Mixed) (G1 Evacuation Pause)
[2025-08-21T21:26:54.574+0000][1692007][info ][gc,task     ] GC(572) Using 1 workers of 1 for evacuation
[2025-08-21T21:26:54.574+0000][1692007][debug][gc,age      ] GC(572) Desired survivor size 20971520 bytes, new threshold 15 (max threshold 15)
[2025-08-21T21:26:54.577+0000][1692007][info ][gc,phases   ] GC(572)   Pre Evacuate Collection Set: 0.0ms
[2025-08-21T21:26:54.577+0000][1692007][info ][gc,phases   ] GC(572)   Merge Heap Roots: 0.0ms
[2025-08-21T21:26:54.577+0000][1692007][info ][gc,phases   ] GC(572)   Evacuate Collection Set: 1.8ms
[2025-08-21T21:26:54.577+0000][1692007][info ][gc,phases   ] GC(572)   Post Evacuate Collection Set: 0.8ms
[2025-08-21T21:26:54.577+0000][1692007][info ][gc,phases   ] GC(572)   Other: 0.0ms
[2025-08-21T21:26:54.577+0000][1692007][trace][gc,age      ] GC(572) Age table with threshold 15 (max threshold 15)
[2025-08-21T21:26:54.577+0000][1692007][trace][gc,age      ] GC(572) - age   1:       9504 bytes,       9504 total
[2025-08-21T21:26:54.577+0000][1692007][trace][gc,age      ] GC(572) - age   4:        176 bytes,       9680 total
[2025-08-21T21:26:54.577+0000][1692007][trace][gc,age      ] GC(572) - age   5:       1264 bytes,      10944 total
[2025-08-21T21:26:54.577+0000][1692007][trace][gc,age      ] GC(572) - age   6:       1168 bytes,      12112 total
[2025-08-21T21:26:54.577+0000][1692007][info ][gc,heap     ] GC(572) Eden regions: 75->0(75)
[2025-08-21T21:26:54.577+0000][1692007][info ][gc,heap     ] GC(572) Survivor regions: 1->1(10)
[2025-08-21T21:26:54.577+0000][1692007][info ][gc,heap     ] GC(572) Old regions: 26->26
[2025-08-21T21:26:54.577+0000][1692007][info ][gc,heap     ] GC(572) Humongous regions: 0->0
[2025-08-21T21:26:54.577+0000][1692007][info ][gc,metaspace] GC(572) Metaspace: 142919K(148096K)->142919K(148096K) NonClass: 124061K(126848K)->124061K(126848K) Class: 18858K(21248K)->18858K(21248K)
[2025-08-21T21:26:54.577+0000][1692007][info ][gc          ] GC(572) Pause Young (Prepare Mixed) (G1 Evacuation Pause) 403M->103M(512M) 2.843ms
[2025-08-21T21:26:54.577+0000][1692007][info ][gc,cpu      ] GC(572) User=0.00s Sys=0.00s Real=0.01s
[2025-08-21T21:26:54.577+0000][1692007][info ][safepoint   ] Safepoint "G1CollectForAllocation", Time since last: 702226073698 ns, Reaching safepoint: 6961 ns, Cleanup: 2493 ns, At safepoint: 2876163 ns, Total: 2885617 ns
[2025-08-21T21:27:59.581+0000][1692007][info ][safepoint   ] Safepoint "Cleanup", Time since last: 65003811546 ns, Reaching safepoint: 41062 ns, Cleanup: 11247 ns, At safepoint: 4777 ns, Total: 57086 ns
[2025-08-21T21:30:59.596+0000][1692007][info ][safepoint   ] Safepoint "Cleanup", Time since last: 180015034266 ns, Reaching safepoint: 477160 ns, Cleanup: 11878 ns, At safepoint: 10135 ns, Total: 499173 ns
[2025-08-21T21:38:39.944+0000][1692007][info ][gc,start    ] GC(573) Pause Young (Mixed) (G1 Evacuation Pause)
[2025-08-21T21:38:39.944+0000][1692007][info ][gc,task     ] GC(573) Using 1 workers of 1 for evacuation
[2025-08-21T21:38:39.944+0000][1692007][debug][gc,age      ] GC(573) Desired survivor size 20971520 bytes, new threshold 15 (max threshold 15)
[2025-08-21T21:38:39.947+0000][1692007][info ][gc,phases   ] GC(573)   Pre Evacuate Collection Set: 0.0ms
[2025-08-21T21:38:39.947+0000][1692007][info ][gc,phases   ] GC(573)   Merge Heap Roots: 0.0ms
[2025-08-21T21:38:39.947+0000][1692007][info ][gc,phases   ] GC(573)   Evacuate Collection Set: 1.7ms
[2025-08-21T21:38:39.947+0000][1692007][info ][gc,phases   ] GC(573)   Post Evacuate Collection Set: 1.1ms
[2025-08-21T21:38:39.947+0000][1692007][info ][gc,phases   ] GC(573)   Other: 0.0ms
[2025-08-21T21:38:39.947+0000][1692007][trace][gc,age      ] GC(573) Age table with threshold 15 (max threshold 15)
[2025-08-21T21:38:39.947+0000][1692007][trace][gc,age      ] GC(573) - age   1:      11048 bytes,      11048 total
[2025-08-21T21:38:39.947+0000][1692007][trace][gc,age      ] GC(573) - age   5:        176 bytes,      11224 total
[2025-08-21T21:38:39.947+0000][1692007][trace][gc,age      ] GC(573) - age   6:       1264 bytes,      12488 total
[2025-08-21T21:38:39.947+0000][1692007][trace][gc,age      ] GC(573) - age   7:       1168 bytes,      13656 total
[2025-08-21T21:38:39.947+0000][1692007][info ][gc,heap     ] GC(573) Eden regions: 75->0(75)
[2025-08-21T21:38:39.947+0000][1692007][info ][gc,heap     ] GC(573) Survivor regions: 1->1(10)
[2025-08-21T21:38:39.947+0000][1692007][info ][gc,heap     ] GC(573) Old regions: 26->25
[2025-08-21T21:38:39.947+0000][1692007][info ][gc,heap     ] GC(573) Humongous regions: 0->0
[2025-08-21T21:38:39.947+0000][1692007][info ][gc,metaspace] GC(573) Metaspace: 142919K(148096K)->142919K(148096K) NonClass: 124061K(126848K)->124061K(126848K) Class: 18858K(21248K)->18858K(21248K)
[2025-08-21T21:38:39.947+0000][1692007][info ][gc          ] GC(573) Pause Young (Mixed) (G1 Evacuation Pause) 403M->99M(512M) 3.112ms
[2025-08-21T21:38:39.947+0000][1692007][info ][gc,cpu      ] GC(573) User=0.00s Sys=0.00s Real=0.01s
[2025-08-21T21:38:39.947+0000][1692007][info ][safepoint   ] Safepoint "G1CollectForAllocation", Time since last: 460347276096 ns, Reaching safepoint: 8022 ns, Cleanup: 2724 ns, At safepoint: 3144829 ns, Total: 3155575 ns
[2025-08-21T21:45:00.969+0000][1692007][info ][safepoint   ] Safepoint "Cleanup", Time since last: 381022415953 ns, Reaching safepoint: 33541 ns, Cleanup: 11747 ns, At safepoint: 2384 ns, Total: 47672 ns
[2025-08-21T21:45:01.970+0000][1692007][info ][safepoint   ] Safepoint "Cleanup", Time since last: 1000337603 ns, Reaching safepoint: 6370 ns, Cleanup: 10386 ns, At safepoint: 2103 ns, Total: 18859 ns
[2025-08-21T21:45:21.481+0000][1692007][info ][gc,start    ] GC(574) Pause Young (Concurrent Start) (G1 Evacuation Pause)
[2025-08-21T21:45:21.481+0000][1692007][info ][gc,task     ] GC(574) Using 1 workers of 1 for evacuation
[2025-08-21T21:45:21.481+0000][1692007][debug][gc,age      ] GC(574) Desired survivor size 20971520 bytes, new threshold 15 (max threshold 15)
[2025-08-21T21:45:21.512+0000][1692007][info ][gc,phases   ] GC(574)   Pre Evacuate Collection Set: 0.1ms
[2025-08-21T21:45:21.512+0000][1692007][info ][gc,phases   ] GC(574)   Merge Heap Roots: 0.0ms
[2025-08-21T21:45:21.512+0000][1692007][info ][gc,phases   ] GC(574)   Evacuate Collection Set: 29.1ms
[2025-08-21T21:45:21.512+0000][1692007][info ][gc,phases   ] GC(574)   Post Evacuate Collection Set: 1.5ms
[2025-08-21T21:45:21.512+0000][1692007][info ][gc,phases   ] GC(574)   Other: 0.1ms
[2025-08-21T21:45:21.512+0000][1692007][trace][gc,age      ] GC(574) Age table with threshold 15 (max threshold 15)
[2025-08-21T21:45:21.512+0000][1692007][trace][gc,age      ] GC(574) - age   1:   39854184 bytes,   39854184 total
[2025-08-21T21:45:21.512+0000][1692007][trace][gc,age      ] GC(574) - age   2:        384 bytes,   39854568 total
[2025-08-21T21:45:21.512+0000][1692007][trace][gc,age      ] GC(574) - age   6:        176 bytes,   39854744 total
[2025-08-21T21:45:21.512+0000][1692007][trace][gc,age      ] GC(574) - age   7:        960 bytes,   39855704 total
[2025-08-21T21:45:21.512+0000][1692007][trace][gc,age      ] GC(574) - age   8:       1168 bytes,   39856872 total
[2025-08-21T21:45:21.512+0000][1692007][info ][gc,heap     ] GC(574) Eden regions: 75->0(66)
[2025-08-21T21:45:21.512+0000][1692007][info ][gc,heap     ] GC(574) Survivor regions: 1->10(10)
[2025-08-21T21:45:21.512+0000][1692007][info ][gc,heap     ] GC(574) Old regions: 25->25
[2025-08-21T21:45:21.512+0000][1692007][info ][gc,heap     ] GC(574) Humongous regions: 0->0
[2025-08-21T21:45:21.512+0000][1692007][info ][gc,metaspace] GC(574) Metaspace: 142920K(148096K)->142920K(148096K) NonClass: 124062K(126848K)->124062K(126848K) Class: 18858K(21248K)->18858K(21248K)
[2025-08-21T21:45:21.512+0000][1692007][info ][gc          ] GC(574) Pause Young (Concurrent Start) (G1 Evacuation Pause) 399M->138M(512M) 30.872ms
[2025-08-21T21:45:21.512+0000][1692007][info ][gc,cpu      ] GC(574) User=0.01s Sys=0.00s Real=0.03s
[2025-08-21T21:45:21.512+0000][1692007][info ][safepoint   ] Safepoint "G1CollectForAllocation", Time since last: 19510997453 ns, Reaching safepoint: 374045 ns, Cleanup: 3786 ns, At safepoint: 30925937 ns, Total: 31303768 ns
[2025-08-21T21:45:21.512+0000][1692007][info ][gc          ] GC(575) Concurrent Mark Cycle
[2025-08-21T21:45:21.512+0000][1692007][info ][gc,marking  ] GC(575) Concurrent Scan Root Regions
[2025-08-21T21:45:21.518+0000][1692007][info ][gc,marking  ] GC(575) Concurrent Scan Root Regions 6.025ms
[2025-08-21T21:45:21.518+0000][1692007][info ][gc,marking  ] GC(575) Concurrent Mark
[2025-08-21T21:45:21.518+0000][1692007][info ][gc,marking  ] GC(575) Concurrent Mark From Roots
[2025-08-21T21:45:21.518+0000][1692007][info ][gc,task     ] GC(575) Using 1 workers of 1 for marking
[2025-08-21T21:45:21.791+0000][1692007][info ][gc,marking  ] GC(575) Concurrent Mark From Roots 272.719ms
[2025-08-21T21:45:21.791+0000][1692007][info ][gc,marking  ] GC(575) Concurrent Preclean
[2025-08-21T21:45:21.791+0000][1692007][info ][gc,marking  ] GC(575) Concurrent Preclean 0.447ms
[2025-08-21T21:45:21.791+0000][1692007][info ][gc,start    ] GC(575) Pause Remark
[2025-08-21T21:45:21.803+0000][1692007][info ][gc          ] GC(575) Pause Remark 332M->332M(512M) 11.920ms
[2025-08-21T21:45:21.803+0000][1692007][info ][gc,cpu      ] GC(575) User=0.01s Sys=0.00s Real=0.01s
[2025-08-21T21:45:21.803+0000][1692007][info ][safepoint   ] Safepoint "G1PauseRemark", Time since last: 279290999 ns, Reaching safepoint: 5128 ns, Cleanup: 2934 ns, At safepoint: 11960540 ns, Total: 11968602 ns
[2025-08-21T21:45:21.803+0000][1692007][info ][gc,marking  ] GC(575) Concurrent Mark 285.206ms
[2025-08-21T21:45:21.803+0000][1692007][info ][gc,marking  ] GC(575) Concurrent Rebuild Remembered Sets and Scrub Regions
[2025-08-21T21:45:21.881+0000][1692007][info ][gc,marking  ] GC(575) Concurrent Rebuild Remembered Sets and Scrub Regions 77.741ms
[2025-08-21T21:45:21.881+0000][1692007][info ][gc,start    ] GC(575) Pause Cleanup
[2025-08-21T21:45:21.881+0000][1692007][info ][gc          ] GC(575) Pause Cleanup 332M->332M(512M) 0.049ms
[2025-08-21T21:45:21.881+0000][1692007][info ][gc,cpu      ] GC(575) User=0.00s Sys=0.00s Real=0.00s
[2025-08-21T21:45:21.881+0000][1692007][info ][safepoint   ] Safepoint "G1PauseCleanup", Time since last: 77814307 ns, Reaching safepoint: 3986 ns, Cleanup: 1873 ns, At safepoint: 75003 ns, Total: 80862 ns
[2025-08-21T21:45:21.881+0000][1692007][info ][gc,marking  ] GC(575) Concurrent Clear Claimed Marks
[2025-08-21T21:45:21.881+0000][1692007][info ][gc,marking  ] GC(575) Concurrent Clear Claimed Marks 0.192ms
[2025-08-21T21:45:21.881+0000][1692007][info ][gc,marking  ] GC(575) Concurrent Cleanup for Next Mark
[2025-08-21T21:45:21.882+0000][1692007][info ][gc,marking  ] GC(575) Concurrent Cleanup for Next Mark 0.680ms
[2025-08-21T21:45:21.882+0000][1692007][info ][gc          ] GC(575) Concurrent Mark Cycle 370.042ms
[2025-08-21T21:45:25.881+0000][1692007][info ][safepoint   ] Safepoint "Cleanup", Time since last: 4000244453 ns, Reaching safepoint: 30626 ns, Cleanup: 11508 ns, At safepoint: 6209 ns, Total: 48343 ns
[2025-08-21T21:45:28.307+0000][1692007][info ][gc,start    ] GC(576) Pause Young (Prepare Mixed) (G1 Evacuation Pause)
[2025-08-21T21:45:28.307+0000][1692007][info ][gc,task     ] GC(576) Using 1 workers of 1 for evacuation
[2025-08-21T21:45:28.307+0000][1692007][debug][gc,age      ] GC(576) Desired survivor size 20971520 bytes, new threshold 1 (max threshold 15)
[2025-08-21T21:45:28.328+0000][1692007][info ][gc,phases   ] GC(576)   Pre Evacuate Collection Set: 0.1ms
[2025-08-21T21:45:28.328+0000][1692007][info ][gc,phases   ] GC(576)   Merge Heap Roots: 0.1ms
[2025-08-21T21:45:28.328+0000][1692007][info ][gc,phases   ] GC(576)   Evacuate Collection Set: 11.6ms
[2025-08-21T21:45:28.328+0000][1692007][info ][gc,phases   ] GC(576)   Post Evacuate Collection Set: 9.3ms
[2025-08-21T21:45:28.328+0000][1692007][info ][gc,phases   ] GC(576)   Other: 0.1ms
[2025-08-21T21:45:28.328+0000][1692007][trace][gc,age      ] GC(576) Age table with threshold 1 (max threshold 15)
[2025-08-21T21:45:28.328+0000][1692007][trace][gc,age      ] GC(576) - age   1:   10821024 bytes,   10821024 total
[2025-08-21T21:45:28.328+0000][1692007][info ][gc,heap     ] GC(576) Eden regions: 66->0(49)
[2025-08-21T21:45:28.328+0000][1692007][info ][gc,heap     ] GC(576) Survivor regions: 10->3(10)
[2025-08-21T21:45:28.328+0000][1692007][info ][gc,heap     ] GC(576) Old regions: 25->25
[2025-08-21T21:45:28.328+0000][1692007][info ][gc,heap     ] GC(576) Humongous regions: 0->0
[2025-08-21T21:45:28.328+0000][1692007][info ][gc,metaspace] GC(576) Metaspace: 142930K(148096K)->142930K(148096K) NonClass: 124072K(126848K)->124072K(126848K) Class: 18858K(21248K)->18858K(21248K)
[2025-08-21T21:45:28.328+0000][1692007][info ][gc          ] GC(576) Pause Young (Prepare Mixed) (G1 Evacuation Pause) 402M->111M(512M) 21.229ms
[2025-08-21T21:45:28.328+0000][1692007][info ][gc,cpu      ] GC(576) User=0.00s Sys=0.00s Real=0.02s
[2025-08-21T21:45:28.328+0000][1692007][info ][safepoint   ] Safepoint "G1CollectForAllocation", Time since last: 2425772628 ns, Reaching safepoint: 25950 ns, Cleanup: 4166 ns, At safepoint: 21276376 ns, Total: 21306492 ns
[2025-08-21T21:45:29.329+0000][1692007][info ][safepoint   ] Safepoint "Cleanup", Time since last: 1000075037 ns, Reaching safepoint: 7371 ns, Cleanup: 21713 ns, At safepoint: 2394 ns, Total: 31478 ns
[2025-08-21T21:45:31.454+0000][1692007][info ][gc,start    ] GC(577) Pause Young (Mixed) (G1 Evacuation Pause)
[2025-08-21T21:45:31.454+0000][1692007][info ][gc,task     ] GC(577) Using 1 workers of 1 for evacuation
[2025-08-21T21:45:31.454+0000][1692007][debug][gc,age      ] GC(577) Desired survivor size 16777216 bytes, new threshold 15 (max threshold 15)
[2025-08-21T21:45:31.459+0000][1692007][info ][gc,phases   ] GC(577)   Pre Evacuate Collection Set: 0.1ms
[2025-08-21T21:45:31.459+0000][1692007][info ][gc,phases   ] GC(577)   Merge Heap Roots: 0.0ms
[2025-08-21T21:45:31.459+0000][1692007][info ][gc,phases   ] GC(577)   Evacuate Collection Set: 3.4ms
[2025-08-21T21:45:31.459+0000][1692007][info ][gc,phases   ] GC(577)   Post Evacuate Collection Set: 0.9ms
[2025-08-21T21:45:31.459+0000][1692007][info ][gc,phases   ] GC(577)   Other: 0.0ms
[2025-08-21T21:45:31.459+0000][1692007][trace][gc,age      ] GC(577) Age table with threshold 15 (max threshold 15)
[2025-08-21T21:45:31.459+0000][1692007][trace][gc,age      ] GC(577) - age   1:    7471816 bytes,    7471816 total
[2025-08-21T21:45:31.459+0000][1692007][trace][gc,age      ] GC(577) - age   2:     179336 bytes,    7651152 total
[2025-08-21T21:45:31.459+0000][1692007][info ][gc,heap     ] GC(577) Eden regions: 56->0(74)
[2025-08-21T21:45:31.459+0000][1692007][info ][gc,heap     ] GC(577) Survivor regions: 3->2(8)
[2025-08-21T21:45:31.459+0000][1692007][info ][gc,heap     ] GC(577) Old regions: 25->24
[2025-08-21T21:45:31.459+0000][1692007][info ][gc,heap     ] GC(577) Humongous regions: 0->0
[2025-08-21T21:45:31.459+0000][1692007][info ][gc,metaspace] GC(577) Metaspace: 142930K(148096K)->142930K(148096K) NonClass: 124072K(126848K)->124072K(126848K) Class: 18858K(21248K)->18858K(21248K)
[2025-08-21T21:45:31.459+0000][1692007][info ][gc          ] GC(577) Pause Young (Mixed) (G1 Evacuation Pause) 335M->103M(512M) 4.530ms
[2025-08-21T21:45:31.459+0000][1692007][info ][gc,cpu      ] GC(577) User=0.00s Sys=0.00s Real=0.01s
[2025-08-21T21:45:31.459+0000][1692007][info ][safepoint   ] Safepoint "G1CollectForAllocation", Time since last: 2125827442 ns, Reaching safepoint: 5147 ns, Cleanup: 2544 ns, At safepoint: 4568178 ns, Total: 4575869 ns
[2025-08-21T21:45:40.460+0000][1692007][info ][safepoint   ] Safepoint "Cleanup", Time since last: 9000540628 ns, Reaching safepoint: 40160 ns, Cleanup: 11077 ns, At safepoint: 1963 ns, Total: 53200 ns
[2025-08-21T21:55:49.585+0000][1692007][info ][gc,start    ] GC(578) Pause Young (Concurrent Start) (G1 Evacuation Pause)
[2025-08-21T21:55:49.585+0000][1692007][info ][gc,task     ] GC(578) Using 1 workers of 1 for evacuation
[2025-08-21T21:55:49.585+0000][1692007][debug][gc,age      ] GC(578) Desired survivor size 20971520 bytes, new threshold 15 (max threshold 15)
[2025-08-21T21:55:49.588+0000][1692007][info ][gc,phases   ] GC(578)   Pre Evacuate Collection Set: 0.1ms
[2025-08-21T21:55:49.588+0000][1692007][info ][gc,phases   ] GC(578)   Merge Heap Roots: 0.0ms
[2025-08-21T21:55:49.588+0000][1692007][info ][gc,phases   ] GC(578)   Evacuate Collection Set: 1.9ms
[2025-08-21T21:55:49.588+0000][1692007][info ][gc,phases   ] GC(578)   Post Evacuate Collection Set: 0.9ms
[2025-08-21T21:55:49.588+0000][1692007][info ][gc,phases   ] GC(578)   Other: 0.0ms
[2025-08-21T21:55:49.588+0000][1692007][trace][gc,age      ] GC(578) Age table with threshold 15 (max threshold 15)
[2025-08-21T21:55:49.588+0000][1692007][trace][gc,age      ] GC(578) - age   1:      17440 bytes,      17440 total
[2025-08-21T21:55:49.588+0000][1692007][trace][gc,age      ] GC(578) - age   2:        608 bytes,      18048 total
[2025-08-21T21:55:49.588+0000][1692007][trace][gc,age      ] GC(578) - age   3:      17624 bytes,      35672 total
[2025-08-21T21:55:49.588+0000][1692007][info ][gc,heap     ] GC(578) Eden regions: 74->0(75)
[2025-08-21T21:55:49.588+0000][1692007][info ][gc,heap     ] GC(578) Survivor regions: 2->1(10)
[2025-08-21T21:55:49.588+0000][1692007][info ][gc,heap     ] GC(578) Old regions: 24->24
[2025-08-21T21:55:49.588+0000][1692007][info ][gc,heap     ] GC(578) Humongous regions: 0->0
[2025-08-21T21:55:49.588+0000][1692007][info ][gc,metaspace] GC(578) Metaspace: 142932K(148096K)->142932K(148096K) NonClass: 124074K(126848K)->124074K(126848K) Class: 18858K(21248K)->18858K(21248K)
[2025-08-21T21:55:49.588+0000][1692007][info ][gc          ] GC(578) Pause Young (Concurrent Start) (G1 Evacuation Pause) 399M->97M(512M) 3.354ms
[2025-08-21T21:55:49.588+0000][1692007][info ][gc,cpu      ] GC(578) User=0.00s Sys=0.00s Real=0.01s
[2025-08-21T21:55:49.588+0000][1692007][info ][safepoint   ] Safepoint "G1CollectForAllocation", Time since last: 609125462933 ns, Reaching safepoint: 9905 ns, Cleanup: 3295 ns, At safepoint: 3390920 ns, Total: 3404120 ns
[2025-08-21T21:55:49.593+0000][1692007][info ][gc          ] GC(579) Concurrent Mark Cycle
[2025-08-21T21:55:49.593+0000][1692007][info ][gc,marking  ] GC(579) Concurrent Scan Root Regions
[2025-08-21T21:55:49.593+0000][1692007][info ][gc,marking  ] GC(579) Concurrent Scan Root Regions 0.477ms
[2025-08-21T21:55:49.593+0000][1692007][info ][gc,marking  ] GC(579) Concurrent Mark
[2025-08-21T21:55:49.593+0000][1692007][info ][gc,marking  ] GC(579) Concurrent Mark From Roots
[2025-08-21T21:55:49.593+0000][1692007][info ][gc,task     ] GC(579) Using 1 workers of 1 for marking
[2025-08-21T21:55:49.729+0000][1692007][info ][gc,marking  ] GC(579) Concurrent Mark From Roots 135.400ms
[2025-08-21T21:55:49.729+0000][1692007][info ][gc,marking  ] GC(579) Concurrent Preclean
[2025-08-21T21:55:49.729+0000][1692007][info ][gc,marking  ] GC(579) Concurrent Preclean 0.388ms
[2025-08-21T21:55:49.733+0000][1692007][info ][gc,start    ] GC(579) Pause Remark
[2025-08-21T21:55:49.750+0000][1692007][info ][gc          ] GC(579) Pause Remark 97M->97M(512M) 17.722ms
[2025-08-21T21:55:49.750+0000][1692007][info ][gc,cpu      ] GC(579) User=0.02s Sys=0.00s Real=0.02s
[2025-08-21T21:55:49.750+0000][1692007][info ][safepoint   ] Safepoint "G1PauseRemark", Time since last: 144089401 ns, Reaching safepoint: 4747 ns, Cleanup: 3015 ns, At safepoint: 17769370 ns, Total: 17777132 ns
[2025-08-21T21:55:49.751+0000][1692007][info ][gc,marking  ] GC(579) Concurrent Mark 157.457ms
[2025-08-21T21:55:49.751+0000][1692007][info ][gc,marking  ] GC(579) Concurrent Rebuild Remembered Sets and Scrub Regions
[2025-08-21T21:55:49.778+0000][1692007][info ][gc,marking  ] GC(579) Concurrent Rebuild Remembered Sets and Scrub Regions 27.237ms
[2025-08-21T21:55:49.778+0000][1692007][info ][gc,start    ] GC(579) Pause Cleanup
[2025-08-21T21:55:49.778+0000][1692007][info ][gc          ] GC(579) Pause Cleanup 99M->99M(512M) 0.040ms
[2025-08-21T21:55:49.778+0000][1692007][info ][gc,cpu      ] GC(579) User=0.00s Sys=0.00s Real=0.00s
[2025-08-21T21:55:49.778+0000][1692007][info ][safepoint   ] Safepoint "G1PauseCleanup", Time since last: 27801638 ns, Reaching safepoint: 3425 ns, Cleanup: 972 ns, At safepoint: 61222 ns, Total: 65619 ns
[2025-08-21T21:55:49.778+0000][1692007][info ][gc,marking  ] GC(579) Concurrent Clear Claimed Marks
[2025-08-21T21:55:49.778+0000][1692007][info ][gc,marking  ] GC(579) Concurrent Clear Claimed Marks 0.148ms
[2025-08-21T21:55:49.778+0000][1692007][info ][gc,marking  ] GC(579) Concurrent Cleanup for Next Mark
[2025-08-21T21:55:49.794+0000][1692007][info ][gc,marking  ] GC(579) Concurrent Cleanup for Next Mark 15.420ms
[2025-08-21T21:55:49.794+0000][1692007][info ][gc          ] GC(579) Concurrent Mark Cycle 200.890ms
[2025-08-21T21:56:25.751+0000][1692007][info ][gc,start    ] GC(580) Pause Young (Prepare Mixed) (G1 Evacuation Pause)
[2025-08-21T21:56:25.751+0000][1692007][info ][gc,task     ] GC(580) Using 1 workers of 1 for evacuation
[2025-08-21T21:56:25.751+0000][1692007][debug][gc,age      ] GC(580) Desired survivor size 2097152 bytes, new threshold 15 (max threshold 15)
[2025-08-21T21:56:25.765+0000][1692007][info ][gc,phases   ] GC(580)   Pre Evacuate Collection Set: 0.5ms
[2025-08-21T21:56:25.765+0000][1692007][info ][gc,phases   ] GC(580)   Merge Heap Roots: 0.1ms
[2025-08-21T21:56:25.765+0000][1692007][info ][gc,phases   ] GC(580)   Evacuate Collection Set: 12.7ms
[2025-08-21T21:56:25.765+0000][1692007][info ][gc,phases   ] GC(580)   Post Evacuate Collection Set: 0.9ms
[2025-08-21T21:56:25.765+0000][1692007][info ][gc,phases   ] GC(580)   Other: 0.0ms
[2025-08-21T21:56:25.765+0000][1692007][trace][gc,age      ] GC(580) Age table with threshold 15 (max threshold 15)
[2025-08-21T21:56:25.765+0000][1692007][trace][gc,age      ] GC(580) - age   1:     602504 bytes,     602504 total
[2025-08-21T21:56:25.765+0000][1692007][trace][gc,age      ] GC(580) - age   2:       3136 bytes,     605640 total
[2025-08-21T21:56:25.765+0000][1692007][trace][gc,age      ] GC(580) - age   3:        608 bytes,     606248 total
[2025-08-21T21:56:25.765+0000][1692007][trace][gc,age      ] GC(580) - age   4:        936 bytes,     607184 total
[2025-08-21T21:56:25.765+0000][1692007][info ][gc,heap     ] GC(580) Eden regions: 5->0(5)
[2025-08-21T21:56:25.765+0000][1692007][info ][gc,heap     ] GC(580) Survivor regions: 1->1(1)
[2025-08-21T21:56:25.765+0000][1692007][info ][gc,heap     ] GC(580) Old regions: 24->24
[2025-08-21T21:56:25.765+0000][1692007][info ][gc,heap     ] GC(580) Humongous regions: 0->0
[2025-08-21T21:56:25.765+0000][1692007][info ][gc,metaspace] GC(580) Metaspace: 142950K(148096K)->142950K(148096K) NonClass: 124091K(126848K)->124091K(126848K) Class: 18858K(21248K)->18858K(21248K)
[2025-08-21T21:56:25.765+0000][1692007][info ][gc          ] GC(580) Pause Young (Prepare Mixed) (G1 Evacuation Pause) 117M->96M(512M) 14.298ms
[2025-08-21T21:56:25.765+0000][1692007][info ][gc,cpu      ] GC(580) User=0.00s Sys=0.00s Real=0.01s
[2025-08-21T21:56:25.765+0000][1692007][info ][safepoint   ] Safepoint "G1CollectForAllocation", Time since last: 35972579064 ns, Reaching safepoint: 30636 ns, Cleanup: 10827 ns, At safepoint: 14339611 ns, Total: 14381074 ns
[2025-08-21T21:56:26.025+0000][1692007][info ][gc,start    ] GC(581) Pause Young (Mixed) (G1 Evacuation Pause)
[2025-08-21T21:56:26.025+0000][1692007][info ][gc,task     ] GC(581) Using 1 workers of 1 for evacuation
[2025-08-21T21:56:26.025+0000][1692007][debug][gc,age      ] GC(581) Desired survivor size 2097152 bytes, new threshold 15 (max threshold 15)
[2025-08-21T21:56:26.158+0000][1692007][info ][gc,phases   ] GC(581)   Pre Evacuate Collection Set: 0.0ms
[2025-08-21T21:56:26.158+0000][1692007][info ][gc,phases   ] GC(581)   Merge Heap Roots: 0.5ms
[2025-08-21T21:56:26.158+0000][1692007][info ][gc,phases   ] GC(581)   Evacuate Collection Set: 131.1ms
[2025-08-21T21:56:26.158+0000][1692007][info ][gc,phases   ] GC(581)   Post Evacuate Collection Set: 1.0ms
[2025-08-21T21:56:26.158+0000][1692007][info ][gc,phases   ] GC(581)   Other: 0.0ms
[2025-08-21T21:56:26.158+0000][1692007][trace][gc,age      ] GC(581) Age table with threshold 15 (max threshold 15)
[2025-08-21T21:56:26.158+0000][1692007][trace][gc,age      ] GC(581) - age   1:    3669088 bytes,    3669088 total
[2025-08-21T21:56:26.158+0000][1692007][trace][gc,age      ] GC(581) - age   2:     426392 bytes,    4095480 total
[2025-08-21T21:56:26.158+0000][1692007][trace][gc,age      ] GC(581) - age   3:       1456 bytes,    4096936 total
[2025-08-21T21:56:26.158+0000][1692007][trace][gc,age      ] GC(581) - age   4:        576 bytes,    4097512 total
[2025-08-21T21:56:26.158+0000][1692007][trace][gc,age      ] GC(581) - age   5:        816 bytes,    4098328 total
[2025-08-21T21:56:26.158+0000][1692007][info ][gc,heap     ] GC(581) Eden regions: 5->0(75)
[2025-08-21T21:56:26.158+0000][1692007][info ][gc,heap     ] GC(581) Survivor regions: 1->1(1)
[2025-08-21T21:56:26.158+0000][1692007][info ][gc,heap     ] GC(581) Old regions: 24->25
[2025-08-21T21:56:26.158+0000][1692007][info ][gc,heap     ] GC(581) Humongous regions: 0->0
[2025-08-21T21:56:26.158+0000][1692007][info ][gc,metaspace] GC(581) Metaspace: 142974K(148096K)->142974K(148096K) NonClass: 124115K(126848K)->124115K(126848K) Class: 18858K(21248K)->18858K(21248K)
[2025-08-21T21:56:26.158+0000][1692007][info ][gc          ] GC(581) Pause Young (Mixed) (G1 Evacuation Pause) 116M->101M(512M) 132.766ms
[2025-08-21T21:56:26.158+0000][1692007][info ][gc,cpu      ] GC(581) User=0.02s Sys=0.00s Real=0.13s
[2025-08-21T21:56:26.158+0000][1692007][info ][safepoint   ] Safepoint "G1CollectForAllocation", Time since last: 260109791 ns, Reaching safepoint: 137097 ns, Cleanup: 20391 ns, At safepoint: 132816190 ns, Total: 132973678 ns
[2025-08-21T21:56:27.158+0000][1692007][info ][safepoint   ] Safepoint "Cleanup", Time since last: 1000072644 ns, Reaching safepoint: 6770 ns, Cleanup: 27201 ns, At safepoint: 2164 ns, Total: 36135 ns
[2025-08-21T21:56:28.024+0000][1692007][info ][gc,start    ] GC(582) Pause Young (Concurrent Start) (G1 Evacuation Pause)
[2025-08-21T21:56:28.024+0000][1692007][info ][gc,task     ] GC(582) Using 1 workers of 1 for evacuation
[2025-08-21T21:56:28.024+0000][1692007][debug][gc,age      ] GC(582) Desired survivor size 20971520 bytes, new threshold 15 (max threshold 15)
[2025-08-21T21:56:28.029+0000][1692007][info ][gc,phases   ] GC(582)   Pre Evacuate Collection Set: 0.1ms
[2025-08-21T21:56:28.029+0000][1692007][info ][gc,phases   ] GC(582)   Merge Heap Roots: 0.0ms
[2025-08-21T21:56:28.029+0000][1692007][info ][gc,phases   ] GC(582)   Evacuate Collection Set: 1.9ms
[2025-08-21T21:56:28.029+0000][1692007][info ][gc,phases   ] GC(582)   Post Evacuate Collection Set: 3.2ms
[2025-08-21T21:56:28.029+0000][1692007][info ][gc,phases   ] GC(582)   Other: 0.0ms
[2025-08-21T21:56:28.029+0000][1692007][trace][gc,age      ] GC(582) Age table with threshold 15 (max threshold 15)
[2025-08-21T21:56:28.029+0000][1692007][trace][gc,age      ] GC(582) - age   1:    2095120 bytes,    2095120 total
[2025-08-21T21:56:28.029+0000][1692007][trace][gc,age      ] GC(582) - age   2:     381536 bytes,    2476656 total
[2025-08-21T21:56:28.029+0000][1692007][trace][gc,age      ] GC(582) - age   3:     301920 bytes,    2778576 total
[2025-08-21T21:56:28.029+0000][1692007][trace][gc,age      ] GC(582) - age   4:       1424 bytes,    2780000 total
[2025-08-21T21:56:28.029+0000][1692007][trace][gc,age      ] GC(582) - age   5:        512 bytes,    2780512 total
[2025-08-21T21:56:28.029+0000][1692007][trace][gc,age      ] GC(582) - age   6:        816 bytes,    2781328 total
[2025-08-21T21:56:28.029+0000][1692007][info ][gc,heap     ] GC(582) Eden regions: 75->0(75)
[2025-08-21T21:56:28.029+0000][1692007][info ][gc,heap     ] GC(582) Survivor regions: 1->1(10)
[2025-08-21T21:56:28.029+0000][1692007][info ][gc,heap     ] GC(582) Old regions: 25->25
[2025-08-21T21:56:28.029+0000][1692007][info ][gc,heap     ] GC(582) Humongous regions: 0->0
[2025-08-21T21:56:28.029+0000][1692007][info ][gc,metaspace] GC(582) Metaspace: 142995K(148096K)->142995K(148096K) NonClass: 124136K(126848K)->124136K(126848K) Class: 18858K(21248K)->18858K(21248K)
[2025-08-21T21:56:28.029+0000][1692007][info ][gc          ] GC(582) Pause Young (Concurrent Start) (G1 Evacuation Pause) 401M->100M(512M) 5.342ms
[2025-08-21T21:56:28.029+0000][1692007][info ][gc,cpu      ] GC(582) User=0.00s Sys=0.00s Real=0.01s
[2025-08-21T21:56:28.029+0000][1692007][info ][safepoint   ] Safepoint "G1CollectForAllocation", Time since last: 865238517 ns, Reaching safepoint: 4657 ns, Cleanup: 3345 ns, At safepoint: 5383699 ns, Total: 5391701 ns
[2025-08-21T21:56:28.030+0000][1692007][info ][gc          ] GC(583) Concurrent Mark Cycle
[2025-08-21T21:56:28.030+0000][1692007][info ][gc,marking  ] GC(583) Concurrent Scan Root Regions
[2025-08-21T21:56:28.031+0000][1692007][info ][gc,marking  ] GC(583) Concurrent Scan Root Regions 0.812ms
[2025-08-21T21:56:28.031+0000][1692007][info ][gc,marking  ] GC(583) Concurrent Mark
[2025-08-21T21:56:28.031+0000][1692007][info ][gc,marking  ] GC(583) Concurrent Mark From Roots
[2025-08-21T21:56:28.031+0000][1692007][info ][gc,task     ] GC(583) Using 1 workers of 1 for marking
[2025-08-21T21:56:28.188+0000][1692007][info ][gc,marking  ] GC(583) Concurrent Mark From Roots 156.887ms
[2025-08-21T21:56:28.188+0000][1692007][info ][gc,marking  ] GC(583) Concurrent Preclean
[2025-08-21T21:56:28.189+0000][1692007][info ][gc,marking  ] GC(583) Concurrent Preclean 0.384ms
[2025-08-21T21:56:28.189+0000][1692007][info ][gc,start    ] GC(583) Pause Remark
[2025-08-21T21:56:28.199+0000][1692007][info ][gc          ] GC(583) Pause Remark 170M->170M(512M) 10.394ms
[2025-08-21T21:56:28.199+0000][1692007][info ][gc,cpu      ] GC(583) User=0.01s Sys=0.00s Real=0.01s
[2025-08-21T21:56:28.199+0000][1692007][info ][safepoint   ] Safepoint "G1PauseRemark", Time since last: 159604458 ns, Reaching safepoint: 4907 ns, Cleanup: 2844 ns, At safepoint: 10434916 ns, Total: 10442667 ns
[2025-08-21T21:56:28.199+0000][1692007][info ][gc,marking  ] GC(583) Concurrent Mark 167.788ms
[2025-08-21T21:56:28.199+0000][1692007][info ][gc,marking  ] GC(583) Concurrent Rebuild Remembered Sets and Scrub Regions
[2025-08-21T21:56:28.259+0000][1692007][info ][gc,marking  ] GC(583) Concurrent Rebuild Remembered Sets and Scrub Regions 59.945ms
[2025-08-21T21:56:28.259+0000][1692007][info ][gc,start    ] GC(583) Pause Cleanup
[2025-08-21T21:56:28.259+0000][1692007][info ][gc          ] GC(583) Pause Cleanup 170M->170M(512M) 0.047ms
[2025-08-21T21:56:28.259+0000][1692007][info ][gc,cpu      ] GC(583) User=0.00s Sys=0.00s Real=0.00s
[2025-08-21T21:56:28.259+0000][1692007][info ][safepoint   ] Safepoint "G1PauseCleanup", Time since last: 60009058 ns, Reaching safepoint: 4146 ns, Cleanup: 2584 ns, At safepoint: 72970 ns, Total: 79700 ns
[2025-08-21T21:56:28.259+0000][1692007][info ][gc,marking  ] GC(583) Concurrent Clear Claimed Marks
[2025-08-21T21:56:28.259+0000][1692007][info ][gc,marking  ] GC(583) Concurrent Clear Claimed Marks 0.188ms
[2025-08-21T21:56:28.259+0000][1692007][info ][gc,marking  ] GC(583) Concurrent Cleanup for Next Mark
[2025-08-21T21:56:28.259+0000][1692007][info ][gc,marking  ] GC(583) Concurrent Cleanup for Next Mark 0.233ms
[2025-08-21T21:56:28.260+0000][1692007][info ][gc          ] GC(583) Concurrent Mark Cycle 229.131ms
[2025-08-21T22:05:29.022+0000][1692007][info ][gc,start    ] GC(584) Pause Young (Prepare Mixed) (G1 Evacuation Pause)
[2025-08-21T22:05:29.023+0000][1692007][info ][gc,task     ] GC(584) Using 1 workers of 1 for evacuation
[2025-08-21T22:05:29.023+0000][1692007][debug][gc,age      ] GC(584) Desired survivor size 20971520 bytes, new threshold 15 (max threshold 15)
[2025-08-21T22:05:29.025+0000][1692007][info ][gc,phases   ] GC(584)   Pre Evacuate Collection Set: 0.0ms
[2025-08-21T22:05:29.025+0000][1692007][info ][gc,phases   ] GC(584)   Merge Heap Roots: 0.0ms
[2025-08-21T22:05:29.025+0000][1692007][info ][gc,phases   ] GC(584)   Evacuate Collection Set: 1.7ms
[2025-08-21T22:05:29.025+0000][1692007][info ][gc,phases   ] GC(584)   Post Evacuate Collection Set: 0.8ms
[2025-08-21T22:05:29.025+0000][1692007][info ][gc,phases   ] GC(584)   Other: 0.0ms
[2025-08-21T22:05:29.025+0000][1692007][trace][gc,age      ] GC(584) Age table with threshold 15 (max threshold 15)
[2025-08-21T22:05:29.025+0000][1692007][trace][gc,age      ] GC(584) - age   1:      10360 bytes,      10360 total
[2025-08-21T22:05:29.025+0000][1692007][trace][gc,age      ] GC(584) - age   2:      16928 bytes,      27288 total
[2025-08-21T22:05:29.025+0000][1692007][trace][gc,age      ] GC(584) - age   3:      17392 bytes,      44680 total
[2025-08-21T22:05:29.025+0000][1692007][trace][gc,age      ] GC(584) - age   4:      11064 bytes,      55744 total
[2025-08-21T22:05:29.025+0000][1692007][trace][gc,age      ] GC(584) - age   5:        864 bytes,      56608 total
[2025-08-21T22:05:29.025+0000][1692007][trace][gc,age      ] GC(584) - age   6:         32 bytes,      56640 total
[2025-08-21T22:05:29.025+0000][1692007][trace][gc,age      ] GC(584) - age   7:        816 bytes,      57456 total
[2025-08-21T22:05:29.025+0000][1692007][info ][gc,heap     ] GC(584) Eden regions: 75->0(5)
[2025-08-21T22:05:29.025+0000][1692007][info ][gc,heap     ] GC(584) Survivor regions: 1->1(10)
[2025-08-21T22:05:29.025+0000][1692007][info ][gc,heap     ] GC(584) Old regions: 25->25
[2025-08-21T22:05:29.025+0000][1692007][info ][gc,heap     ] GC(584) Humongous regions: 0->0
[2025-08-21T22:05:29.025+0000][1692007][info ][gc,metaspace] GC(584) Metaspace: 142995K(148096K)->142995K(148096K) NonClass: 124137K(126848K)->124137K(126848K) Class: 18858K(21248K)->18858K(21248K)
[2025-08-21T22:05:29.025+0000][1692007][info ][gc          ] GC(584) Pause Young (Prepare Mixed) (G1 Evacuation Pause) 400M->98M(512M) 3.164ms
[2025-08-21T22:05:29.025+0000][1692007][info ][gc,cpu      ] GC(584) User=0.00s Sys=0.00s Real=0.01s
[2025-08-21T22:05:29.025+0000][1692007][info ][safepoint   ] Safepoint "G1CollectForAllocation", Time since last: 540763219282 ns, Reaching safepoint: 9124 ns, Cleanup: 3545 ns, At safepoint: 3197468 ns, Total: 3210137 ns
[2025-08-21T22:13:35.060+0000][1692007][info ][safepoint   ] Safepoint "Cleanup", Time since last: 486032698881 ns, Reaching safepoint: 2107332 ns, Cleanup: 10807 ns, At safepoint: 3675 ns, Total: 2121814 ns
[2025-08-21T22:13:36.061+0000][1692007][info ][safepoint   ] Safepoint "Cleanup", Time since last: 1000498741 ns, Reaching safepoint: 5018 ns, Cleanup: 14342 ns, At safepoint: 1852 ns, Total: 21212 ns
[2025-08-21T22:13:50.298+0000][1692007][info ][gc,start    ] GC(585) Pause Young (Mixed) (G1 Evacuation Pause)
[2025-08-21T22:13:50.300+0000][1692007][info ][gc,task     ] GC(585) Using 1 workers of 1 for evacuation
[2025-08-21T22:13:50.300+0000][1692007][debug][gc,age      ] GC(585) Desired survivor size 20971520 bytes, new threshold 15 (max threshold 15)
[2025-08-21T22:13:50.343+0000][1692007][info ][gc,phases   ] GC(585)   Pre Evacuate Collection Set: 0.1ms
[2025-08-21T22:13:50.343+0000][1692007][info ][gc,phases   ] GC(585)   Merge Heap Roots: 0.1ms
[2025-08-21T22:13:50.343+0000][1692007][info ][gc,phases   ] GC(585)   Evacuate Collection Set: 35.7ms
[2025-08-21T22:13:50.343+0000][1692007][info ][gc,phases   ] GC(585)   Post Evacuate Collection Set: 6.9ms
[2025-08-21T22:13:50.343+0000][1692007][info ][gc,phases   ] GC(585)   Other: 1.8ms
[2025-08-21T22:13:50.343+0000][1692007][trace][gc,age      ] GC(585) Age table with threshold 15 (max threshold 15)
[2025-08-21T22:13:50.343+0000][1692007][trace][gc,age      ] GC(585) - age   1:   28147088 bytes,   28147088 total
[2025-08-21T22:13:50.343+0000][1692007][trace][gc,age      ] GC(585) - age   2:       1008 bytes,   28148096 total
[2025-08-21T22:13:50.343+0000][1692007][trace][gc,age      ] GC(585) - age   3:        656 bytes,   28148752 total
[2025-08-21T22:13:50.343+0000][1692007][trace][gc,age      ] GC(585) - age   4:      17280 bytes,   28166032 total
[2025-08-21T22:13:50.343+0000][1692007][trace][gc,age      ] GC(585) - age   5:       9512 bytes,   28175544 total
[2025-08-21T22:13:50.343+0000][1692007][trace][gc,age      ] GC(585) - age   6:        864 bytes,   28176408 total
[2025-08-21T22:13:50.343+0000][1692007][trace][gc,age      ] GC(585) - age   7:         32 bytes,   28176440 total
[2025-08-21T22:13:50.343+0000][1692007][trace][gc,age      ] GC(585) - age   8:        816 bytes,   28177256 total
[2025-08-21T22:13:50.343+0000][1692007][info ][gc,heap     ] GC(585) Eden regions: 75->0(69)
[2025-08-21T22:13:50.343+0000][1692007][info ][gc,heap     ] GC(585) Survivor regions: 1->7(10)
[2025-08-21T22:13:50.343+0000][1692007][info ][gc,heap     ] GC(585) Old regions: 25->24
[2025-08-21T22:13:50.343+0000][1692007][info ][gc,heap     ] GC(585) Humongous regions: 0->0
[2025-08-21T22:13:50.343+0000][1692007][info ][gc,metaspace] GC(585) Metaspace: 143005K(148096K)->143005K(148096K) NonClass: 124147K(126848K)->124147K(126848K) Class: 18858K(21248K)->18858K(21248K)
[2025-08-21T22:13:50.343+0000][1692007][info ][gc          ] GC(585) Pause Young (Mixed) (G1 Evacuation Pause) 398M->122M(512M) 44.988ms
[2025-08-21T22:13:50.343+0000][1692007][info ][gc,cpu      ] GC(585) User=0.01s Sys=0.00s Real=0.04s
[2025-08-21T22:13:50.343+0000][1692007][info ][safepoint   ] Safepoint "G1CollectForAllocation", Time since last: 14237179674 ns, Reaching safepoint: 30126 ns, Cleanup: 3946 ns, At safepoint: 45042390 ns, Total: 45076462 ns
[2025-08-21T22:13:51.343+0000][1692007][info ][safepoint   ] Safepoint "Cleanup", Time since last: 1000074140 ns, Reaching safepoint: 5328 ns, Cleanup: 18347 ns, At safepoint: 1422 ns, Total: 25097 ns
[2025-08-21T22:13:54.933+0000][1692007][info ][gc,start    ] GC(586) Pause Young (Concurrent Start) (G1 Evacuation Pause)
[2025-08-21T22:13:54.933+0000][1692007][info ][gc,task     ] GC(586) Using 1 workers of 1 for evacuation
[2025-08-21T22:13:54.933+0000][1692007][debug][gc,age      ] GC(586) Desired survivor size 20971520 bytes, new threshold 1 (max threshold 15)
[2025-08-21T22:13:54.938+0000][1692007][info ][gc,phases   ] GC(586)   Pre Evacuate Collection Set: 0.1ms
[2025-08-21T22:13:54.938+0000][1692007][info ][gc,phases   ] GC(586)   Merge Heap Roots: 0.0ms
[2025-08-21T22:13:54.938+0000][1692007][info ][gc,phases   ] GC(586)   Evacuate Collection Set: 3.7ms
[2025-08-21T22:13:54.938+0000][1692007][info ][gc,phases   ] GC(586)   Post Evacuate Collection Set: 1.3ms
[2025-08-21T22:13:54.938+0000][1692007][info ][gc,phases   ] GC(586)   Other: 0.0ms
[2025-08-21T22:13:54.938+0000][1692007][trace][gc,age      ] GC(586) Age table with threshold 1 (max threshold 15)
[2025-08-21T22:13:54.938+0000][1692007][trace][gc,age      ] GC(586) - age   1:   10957848 bytes,   10957848 total
[2025-08-21T22:13:54.938+0000][1692007][info ][gc,heap     ] GC(586) Eden regions: 69->0(73)
[2025-08-21T22:13:54.938+0000][1692007][info ][gc,heap     ] GC(586) Survivor regions: 7->3(10)
[2025-08-21T22:13:54.938+0000][1692007][info ][gc,heap     ] GC(586) Old regions: 24->24
[2025-08-21T22:13:54.938+0000][1692007][info ][gc,heap     ] GC(586) Humongous regions: 0->0
[2025-08-21T22:13:54.938+0000][1692007][info ][gc,metaspace] GC(586) Metaspace: 143072K(148160K)->143072K(148160K) NonClass: 124214K(126912K)->124214K(126912K) Class: 18858K(21248K)->18858K(21248K)
[2025-08-21T22:13:54.938+0000][1692007][info ][gc          ] GC(586) Pause Young (Concurrent Start) (G1 Evacuation Pause) 398M->106M(512M) 5.200ms
[2025-08-21T22:13:54.938+0000][1692007][info ][gc,cpu      ] GC(586) User=0.00s Sys=0.01s Real=0.01s
[2025-08-21T22:13:54.938+0000][1692007][info ][safepoint   ] Safepoint "G1CollectForAllocation", Time since last: 3589757985 ns, Reaching safepoint: 16896 ns, Cleanup: 2273 ns, At safepoint: 5247013 ns, Total: 5266182 ns
[2025-08-21T22:13:54.943+0000][1692007][info ][gc          ] GC(587) Concurrent Mark Cycle
[2025-08-21T22:13:54.943+0000][1692007][info ][gc,marking  ] GC(587) Concurrent Scan Root Regions
[2025-08-21T22:13:54.945+0000][1692007][info ][gc,marking  ] GC(587) Concurrent Scan Root Regions 1.458ms
[2025-08-21T22:13:54.945+0000][1692007][info ][gc,marking  ] GC(587) Concurrent Mark
[2025-08-21T22:13:54.945+0000][1692007][info ][gc,marking  ] GC(587) Concurrent Mark From Roots
[2025-08-21T22:13:54.945+0000][1692007][info ][gc,task     ] GC(587) Using 1 workers of 1 for marking
[2025-08-21T22:13:55.113+0000][1692007][info ][gc,marking  ] GC(587) Concurrent Mark From Roots 167.721ms
[2025-08-21T22:13:55.113+0000][1692007][info ][gc,marking  ] GC(587) Concurrent Preclean
[2025-08-21T22:13:55.113+0000][1692007][info ][gc,marking  ] GC(587) Concurrent Preclean 0.394ms
[2025-08-21T22:13:55.113+0000][1692007][info ][gc,start    ] GC(587) Pause Remark
[2025-08-21T22:13:55.128+0000][1692007][info ][gc          ] GC(587) Pause Remark 126M->126M(512M) 14.531ms
[2025-08-21T22:13:55.128+0000][1692007][info ][gc,cpu      ] GC(587) User=0.01s Sys=0.00s Real=0.02s
[2025-08-21T22:13:55.128+0000][1692007][info ][safepoint   ] Safepoint "G1PauseRemark", Time since last: 174806031 ns, Reaching safepoint: 4997 ns, Cleanup: 10657 ns, At safepoint: 14571511 ns, Total: 14587165 ns
[2025-08-21T22:13:55.128+0000][1692007][info ][gc,marking  ] GC(587) Concurrent Mark 182.773ms
[2025-08-21T22:13:55.128+0000][1692007][info ][gc,marking  ] GC(587) Concurrent Rebuild Remembered Sets and Scrub Regions
[2025-08-21T22:13:55.207+0000][1692007][info ][gc,marking  ] GC(587) Concurrent Rebuild Remembered Sets and Scrub Regions 79.300ms
[2025-08-21T22:13:55.207+0000][1692007][info ][gc,start    ] GC(587) Pause Cleanup
[2025-08-21T22:13:55.207+0000][1692007][info ][gc          ] GC(587) Pause Cleanup 174M->174M(512M) 0.050ms
[2025-08-21T22:13:55.207+0000][1692007][info ][gc,cpu      ] GC(587) User=0.00s Sys=0.00s Real=0.00s
[2025-08-21T22:13:55.207+0000][1692007][info ][safepoint   ] Safepoint "G1PauseCleanup", Time since last: 79362280 ns, Reaching safepoint: 4096 ns, Cleanup: 2274 ns, At safepoint: 76966 ns, Total: 83336 ns
[2025-08-21T22:13:55.207+0000][1692007][info ][gc,marking  ] GC(587) Concurrent Clear Claimed Marks
[2025-08-21T22:13:55.207+0000][1692007][info ][gc,marking  ] GC(587) Concurrent Clear Claimed Marks 0.191ms
[2025-08-21T22:13:55.207+0000][1692007][info ][gc,marking  ] GC(587) Concurrent Cleanup for Next Mark
[2025-08-21T22:13:55.210+0000][1692007][info ][gc,marking  ] GC(587) Concurrent Cleanup for Next Mark 3.107ms
[2025-08-21T22:13:55.210+0000][1692007][info ][gc          ] GC(587) Concurrent Mark Cycle 267.012ms
[2025-08-21T22:13:55.249+0000][1692007][info ][gc,start    ] GC(588) Pause Young (Prepare Mixed) (G1 Evacuation Pause)
[2025-08-21T22:13:55.249+0000][1692007][info ][gc,task     ] GC(588) Using 1 workers of 1 for evacuation
[2025-08-21T22:13:55.249+0000][1692007][debug][gc,age      ] GC(588) Desired survivor size 6291456 bytes, new threshold 1 (max threshold 15)
[2025-08-21T22:13:55.257+0000][1692007][info ][gc,phases   ] GC(588)   Pre Evacuate Collection Set: 0.1ms
[2025-08-21T22:13:55.257+0000][1692007][info ][gc,phases   ] GC(588)   Merge Heap Roots: 0.0ms
[2025-08-21T22:13:55.257+0000][1692007][info ][gc,phases   ] GC(588)   Evacuate Collection Set: 6.7ms
[2025-08-21T22:13:55.257+0000][1692007][info ][gc,phases   ] GC(588)   Post Evacuate Collection Set: 1.2ms
[2025-08-21T22:13:55.257+0000][1692007][info ][gc,phases   ] GC(588)   Other: 0.0ms
[2025-08-21T22:13:55.257+0000][1692007][trace][gc,age      ] GC(588) Age table with threshold 1 (max threshold 15)
[2025-08-21T22:13:55.257+0000][1692007][trace][gc,age      ] GC(588) - age   1:     177560 bytes,     177560 total
[2025-08-21T22:13:55.257+0000][1692007][info ][gc,heap     ] GC(588) Eden regions: 17->0(5)
[2025-08-21T22:13:55.257+0000][1692007][info ][gc,heap     ] GC(588) Survivor regions: 3->1(3)
[2025-08-21T22:13:55.257+0000][1692007][info ][gc,heap     ] GC(588) Old regions: 24->24
[2025-08-21T22:13:55.257+0000][1692007][info ][gc,heap     ] GC(588) Humongous regions: 0->0
[2025-08-21T22:13:55.257+0000][1692007][info ][gc,metaspace] GC(588) Metaspace: 143072K(148160K)->143072K(148160K) NonClass: 124214K(126912K)->124214K(126912K) Class: 18858K(21248K)->18858K(21248K)
[2025-08-21T22:13:55.257+0000][1692007][info ][gc          ] GC(588) Pause Young (Prepare Mixed) (G1 Evacuation Pause) 174M->97M(512M) 8.134ms
[2025-08-21T22:13:55.257+0000][1692007][info ][gc,cpu      ] GC(588) User=0.01s Sys=0.01s Real=0.01s
[2025-08-21T22:13:55.257+0000][1692007][info ][safepoint   ] Safepoint "G1CollectForAllocation", Time since last: 42236613 ns, Reaching safepoint: 3395 ns, Cleanup: 1993 ns, At safepoint: 8161744 ns, Total: 8167132 ns
[2025-08-21T22:13:55.989+0000][1692007][info ][gc,start    ] GC(589) Pause Young (Mixed) (G1 Evacuation Pause)
[2025-08-21T22:13:55.989+0000][1692007][info ][gc,task     ] GC(589) Using 1 workers of 1 for evacuation
[2025-08-21T22:13:55.989+0000][1692007][debug][gc,age      ] GC(589) Desired survivor size 2097152 bytes, new threshold 15 (max threshold 15)
[2025-08-21T22:13:56.051+0000][1692007][info ][gc,phases   ] GC(589)   Pre Evacuate Collection Set: 0.0ms
[2025-08-21T22:13:56.051+0000][1692007][info ][gc,phases   ] GC(589)   Merge Heap Roots: 0.5ms
[2025-08-21T22:13:56.051+0000][1692007][info ][gc,phases   ] GC(589)   Evacuate Collection Set: 60.9ms
[2025-08-21T22:13:56.051+0000][1692007][info ][gc,phases   ] GC(589)   Post Evacuate Collection Set: 0.9ms
[2025-08-21T22:13:56.051+0000][1692007][info ][gc,phases   ] GC(589)   Other: 0.0ms
[2025-08-21T22:13:56.051+0000][1692007][trace][gc,age      ] GC(589) Age table with threshold 15 (max threshold 15)
[2025-08-21T22:13:56.051+0000][1692007][trace][gc,age      ] GC(589) - age   1:    3995392 bytes,    3995392 total
[2025-08-21T22:13:56.051+0000][1692007][trace][gc,age      ] GC(589) - age   2:     173184 bytes,    4168576 total
[2025-08-21T22:13:56.051+0000][1692007][info ][gc,heap     ] GC(589) Eden regions: 5->0(75)
[2025-08-21T22:13:56.051+0000][1692007][info ][gc,heap     ] GC(589) Survivor regions: 1->1(1)
[2025-08-21T22:13:56.051+0000][1692007][info ][gc,heap     ] GC(589) Old regions: 24->25
[2025-08-21T22:13:56.051+0000][1692007][info ][gc,heap     ] GC(589) Humongous regions: 0->0
[2025-08-21T22:13:56.051+0000][1692007][info ][gc,metaspace] GC(589) Metaspace: 143072K(148160K)->143072K(148160K) NonClass: 124214K(126912K)->124214K(126912K) Class: 18858K(21248K)->18858K(21248K)
[2025-08-21T22:13:56.051+0000][1692007][info ][gc          ] GC(589) Pause Young (Mixed) (G1 Evacuation Pause) 117M->100M(512M) 62.507ms
[2025-08-21T22:13:56.051+0000][1692007][info ][gc,cpu      ] GC(589) User=0.02s Sys=0.00s Real=0.06s
[2025-08-21T22:13:56.051+0000][1692007][info ][safepoint   ] Safepoint "G1CollectForAllocation", Time since last: 731457223 ns, Reaching safepoint: 5819 ns, Cleanup: 3335 ns, At safepoint: 62556334 ns, Total: 62565488 ns
[2025-08-21T22:13:58.052+0000][1692007][info ][safepoint   ] Safepoint "Cleanup", Time since last: 2000127870 ns, Reaching safepoint: 31437 ns, Cleanup: 11658 ns, At safepoint: 4597 ns, Total: 47692 ns
[2025-08-21T22:13:58.594+0000][1692007][info ][gc,start    ] GC(590) Pause Young (Concurrent Start) (G1 Evacuation Pause)
[2025-08-21T22:13:58.594+0000][1692007][info ][gc,task     ] GC(590) Using 1 workers of 1 for evacuation
[2025-08-21T22:13:58.594+0000][1692007][debug][gc,age      ] GC(590) Desired survivor size 20971520 bytes, new threshold 15 (max threshold 15)
[2025-08-21T22:13:58.602+0000][1692007][info ][gc,phases   ] GC(590)   Pre Evacuate Collection Set: 0.1ms
[2025-08-21T22:13:58.602+0000][1692007][info ][gc,phases   ] GC(590)   Merge Heap Roots: 0.0ms
[2025-08-21T22:13:58.602+0000][1692007][info ][gc,phases   ] GC(590)   Evacuate Collection Set: 2.1ms
[2025-08-21T22:13:58.602+0000][1692007][info ][gc,phases   ] GC(590)   Post Evacuate Collection Set: 5.2ms
[2025-08-21T22:13:58.602+0000][1692007][info ][gc,phases   ] GC(590)   Other: 0.0ms
[2025-08-21T22:13:58.602+0000][1692007][trace][gc,age      ] GC(590) Age table with threshold 15 (max threshold 15)
[2025-08-21T22:13:58.602+0000][1692007][trace][gc,age      ] GC(590) - age   1:    3932696 bytes,    3932696 total
[2025-08-21T22:13:58.602+0000][1692007][trace][gc,age      ] GC(590) - age   2:      68040 bytes,    4000736 total
[2025-08-21T22:13:58.602+0000][1692007][trace][gc,age      ] GC(590) - age   3:      96392 bytes,    4097128 total
[2025-08-21T22:13:58.602+0000][1692007][info ][gc,heap     ] GC(590) Eden regions: 75->0(75)
[2025-08-21T22:13:58.602+0000][1692007][info ][gc,heap     ] GC(590) Survivor regions: 1->1(10)
[2025-08-21T22:13:58.602+0000][1692007][info ][gc,heap     ] GC(590) Old regions: 25->25
[2025-08-21T22:13:58.602+0000][1692007][info ][gc,heap     ] GC(590) Humongous regions: 0->0
[2025-08-21T22:13:58.602+0000][1692007][info ][gc,metaspace] GC(590) Metaspace: 143075K(148160K)->143075K(148160K) NonClass: 124216K(126912K)->124216K(126912K) Class: 18858K(21248K)->18858K(21248K)
[2025-08-21T22:13:58.602+0000][1692007][info ][gc          ] GC(590) Pause Young (Concurrent Start) (G1 Evacuation Pause) 400M->100M(512M) 7.585ms
[2025-08-21T22:13:58.602+0000][1692007][info ][gc,cpu      ] GC(590) User=0.00s Sys=0.00s Real=0.01s
[2025-08-21T22:13:58.602+0000][1692007][info ][safepoint   ] Safepoint "G1CollectForAllocation", Time since last: 542572725 ns, Reaching safepoint: 5788 ns, Cleanup: 9605 ns, At safepoint: 7632284 ns, Total: 7647677 ns
[2025-08-21T22:13:58.605+0000][1692007][info ][gc          ] GC(591) Concurrent Mark Cycle
[2025-08-21T22:13:58.605+0000][1692007][info ][gc,marking  ] GC(591) Concurrent Scan Root Regions
[2025-08-21T22:13:58.607+0000][1692007][info ][gc,marking  ] GC(591) Concurrent Scan Root Regions 1.397ms
[2025-08-21T22:13:58.607+0000][1692007][info ][gc,marking  ] GC(591) Concurrent Mark
[2025-08-21T22:13:58.607+0000][1692007][info ][gc,marking  ] GC(591) Concurrent Mark From Roots
[2025-08-21T22:13:58.607+0000][1692007][info ][gc,task     ] GC(591) Using 1 workers of 1 for marking
[2025-08-21T22:13:58.760+0000][1692007][info ][gc,marking  ] GC(591) Concurrent Mark From Roots 153.142ms
[2025-08-21T22:13:58.760+0000][1692007][info ][gc,marking  ] GC(591) Concurrent Preclean
[2025-08-21T22:13:58.760+0000][1692007][info ][gc,marking  ] GC(591) Concurrent Preclean 0.425ms
[2025-08-21T22:13:58.760+0000][1692007][info ][gc,start    ] GC(591) Pause Remark
[2025-08-21T22:13:58.772+0000][1692007][info ][gc          ] GC(591) Pause Remark 138M->138M(512M) 11.249ms
[2025-08-21T22:13:58.772+0000][1692007][info ][gc,cpu      ] GC(591) User=0.01s Sys=0.00s Real=0.01s
[2025-08-21T22:13:58.772+0000][1692007][info ][safepoint   ] Safepoint "G1PauseRemark", Time since last: 158575965 ns, Reaching safepoint: 4727 ns, Cleanup: 2794 ns, At safepoint: 11295225 ns, Total: 11302746 ns
[2025-08-21T22:13:58.772+0000][1692007][info ][gc,marking  ] GC(591) Concurrent Mark 165.270ms
[2025-08-21T22:13:58.772+0000][1692007][info ][gc,marking  ] GC(591) Concurrent Rebuild Remembered Sets and Scrub Regions
[2025-08-21T22:13:58.826+0000][1692007][info ][gc,marking  ] GC(591) Concurrent Rebuild Remembered Sets and Scrub Regions 53.580ms
[2025-08-21T22:13:58.826+0000][1692007][info ][gc,start    ] GC(591) Pause Cleanup
[2025-08-21T22:13:58.826+0000][1692007][info ][gc          ] GC(591) Pause Cleanup 138M->138M(512M) 0.043ms
[2025-08-21T22:13:58.826+0000][1692007][info ][gc,cpu      ] GC(591) User=0.00s Sys=0.00s Real=0.00s
[2025-08-21T22:13:58.826+0000][1692007][info ][safepoint   ] Safepoint "G1PauseCleanup", Time since last: 53923169 ns, Reaching safepoint: 3926 ns, Cleanup: 2243 ns, At safepoint: 66931 ns, Total: 73100 ns
[2025-08-21T22:13:58.826+0000][1692007][info ][gc,marking  ] GC(591) Concurrent Clear Claimed Marks
[2025-08-21T22:13:58.826+0000][1692007][info ][gc,marking  ] GC(591) Concurrent Clear Claimed Marks 0.181ms
[2025-08-21T22:13:58.826+0000][1692007][info ][gc,marking  ] GC(591) Concurrent Cleanup for Next Mark
[2025-08-21T22:13:58.826+0000][1692007][info ][gc,marking  ] GC(591) Concurrent Cleanup for Next Mark 0.266ms
[2025-08-21T22:13:58.826+0000][1692007][info ][gc          ] GC(591) Concurrent Mark Cycle 220.891ms
[2025-08-21T22:13:59.248+0000][1692007][info ][gc,start    ] GC(592) Pause Young (Prepare Mixed) (G1 Evacuation Pause)
[2025-08-21T22:13:59.248+0000][1692007][info ][gc,task     ] GC(592) Using 1 workers of 1 for evacuation
[2025-08-21T22:13:59.248+0000][1692007][debug][gc,age      ] GC(592) Desired survivor size 4194304 bytes, new threshold 15 (max threshold 15)
[2025-08-21T22:13:59.254+0000][1692007][info ][gc,phases   ] GC(592)   Pre Evacuate Collection Set: 0.0ms
[2025-08-21T22:13:59.254+0000][1692007][info ][gc,phases   ] GC(592)   Merge Heap Roots: 0.0ms
[2025-08-21T22:13:59.254+0000][1692007][info ][gc,phases   ] GC(592)   Evacuate Collection Set: 1.8ms
[2025-08-21T22:13:59.254+0000][1692007][info ][gc,phases   ] GC(592)   Post Evacuate Collection Set: 3.4ms
[2025-08-21T22:13:59.254+0000][1692007][info ][gc,phases   ] GC(592)   Other: 0.0ms
[2025-08-21T22:13:59.254+0000][1692007][trace][gc,age      ] GC(592) Age table with threshold 15 (max threshold 15)
[2025-08-21T22:13:59.254+0000][1692007][trace][gc,age      ] GC(592) - age   1:    1031408 bytes,    1031408 total
[2025-08-21T22:13:59.254+0000][1692007][trace][gc,age      ] GC(592) - age   2:     250496 bytes,    1281904 total
[2025-08-21T22:13:59.254+0000][1692007][trace][gc,age      ] GC(592) - age   4:        144 bytes,    1282048 total
[2025-08-21T22:13:59.254+0000][1692007][info ][gc,heap     ] GC(592) Eden regions: 10->0(5)
[2025-08-21T22:13:59.254+0000][1692007][info ][gc,heap     ] GC(592) Survivor regions: 1->1(2)
[2025-08-21T22:13:59.254+0000][1692007][info ][gc,heap     ] GC(592) Old regions: 25->25
[2025-08-21T22:13:59.254+0000][1692007][info ][gc,heap     ] GC(592) Humongous regions: 0->0
[2025-08-21T22:13:59.254+0000][1692007][info ][gc,metaspace] GC(592) Metaspace: 143075K(148160K)->143075K(148160K) NonClass: 124216K(126912K)->124216K(126912K) Class: 18858K(21248K)->18858K(21248K)
[2025-08-21T22:13:59.254+0000][1692007][info ][gc          ] GC(592) Pause Young (Prepare Mixed) (G1 Evacuation Pause) 140M->97M(512M) 5.405ms
[2025-08-21T22:13:59.254+0000][1692007][info ][gc,cpu      ] GC(592) User=0.00s Sys=0.00s Real=0.00s
[2025-08-21T22:13:59.254+0000][1692007][info ][safepoint   ] Safepoint "G1CollectForAllocation", Time since last: 422617424 ns, Reaching safepoint: 5498 ns, Cleanup: 3395 ns, At safepoint: 5441677 ns, Total: 5450570 ns
[2025-08-21T22:13:59.270+0000][1692007][info ][gc,start    ] GC(593) Pause Young (Mixed) (G1 Evacuation Pause)
[2025-08-21T22:13:59.270+0000][1692007][info ][gc,task     ] GC(593) Using 1 workers of 1 for evacuation
[2025-08-21T22:13:59.270+0000][1692007][debug][gc,age      ] GC(593) Desired survivor size 2097152 bytes, new threshold 15 (max threshold 15)
[2025-08-21T22:13:59.300+0000][1692007][info ][gc,phases   ] GC(593)   Pre Evacuate Collection Set: 0.1ms
[2025-08-21T22:13:59.300+0000][1692007][info ][gc,phases   ] GC(593)   Merge Heap Roots: 0.1ms
[2025-08-21T22:13:59.300+0000][1692007][info ][gc,phases   ] GC(593)   Evacuate Collection Set: 28.3ms
[2025-08-21T22:13:59.300+0000][1692007][info ][gc,phases   ] GC(593)   Post Evacuate Collection Set: 0.9ms
[2025-08-21T22:13:59.300+0000][1692007][info ][gc,phases   ] GC(593)   Other: 0.0ms
[2025-08-21T22:13:59.300+0000][1692007][trace][gc,age      ] GC(593) Age table with threshold 15 (max threshold 15)
[2025-08-21T22:13:59.300+0000][1692007][trace][gc,age      ] GC(593) - age   1:    2973544 bytes,    2973544 total
[2025-08-21T22:13:59.300+0000][1692007][trace][gc,age      ] GC(593) - age   2:     897464 bytes,    3871008 total
[2025-08-21T22:13:59.300+0000][1692007][trace][gc,age      ] GC(593) - age   3:     247760 bytes,    4118768 total
[2025-08-21T22:13:59.300+0000][1692007][info ][gc,heap     ] GC(593) Eden regions: 5->0(75)
[2025-08-21T22:13:59.300+0000][1692007][info ][gc,heap     ] GC(593) Survivor regions: 1->1(1)
[2025-08-21T22:13:59.300+0000][1692007][info ][gc,heap     ] GC(593) Old regions: 25->25
[2025-08-21T22:13:59.300+0000][1692007][info ][gc,heap     ] GC(593) Humongous regions: 0->0
[2025-08-21T22:13:59.300+0000][1692007][info ][gc,metaspace] GC(593) Metaspace: 143075K(148160K)->143075K(148160K) NonClass: 124216K(126912K)->124216K(126912K) Class: 18858K(21248K)->18858K(21248K)
[2025-08-21T22:13:59.300+0000][1692007][info ][gc          ] GC(593) Pause Young (Mixed) (G1 Evacuation Pause) 117M->102M(512M) 29.497ms
[2025-08-21T22:13:59.300+0000][1692007][info ][gc,cpu      ] GC(593) User=0.01s Sys=0.01s Real=0.03s
[2025-08-21T22:13:59.300+0000][1692007][info ][safepoint   ] Safepoint "G1CollectForAllocation", Time since last: 12743191 ns, Reaching safepoint: 3526675 ns, Cleanup: 3245 ns, At safepoint: 29540623 ns, Total: 33070543 ns
[2025-08-21T22:18:20.327+0000][1692007][info ][safepoint   ] Safepoint "Cleanup", Time since last: 261015199221 ns, Reaching safepoint: 12636280 ns, Cleanup: 18848 ns, At safepoint: 3515 ns, Total: 12658643 ns
[2025-08-21T22:18:21.332+0000][1692007][info ][safepoint   ] Safepoint "Cleanup", Time since last: 1000264988 ns, Reaching safepoint: 4199001 ns, Cleanup: 16565 ns, At safepoint: 3445 ns, Total: 4219011 ns
[2025-08-21T22:18:22.335+0000][1692007][info ][safepoint   ] Safepoint "Cleanup", Time since last: 1002459502 ns, Reaching safepoint: 510741 ns, Cleanup: 11016 ns, At safepoint: 3776 ns, Total: 525533 ns
[2025-08-21T22:18:22.525+0000][1692007][info ][gc,start    ] GC(594) Pause Young (Concurrent Start) (G1 Evacuation Pause)
[2025-08-21T22:18:22.525+0000][1692007][info ][gc,task     ] GC(594) Using 1 workers of 1 for evacuation
[2025-08-21T22:18:22.525+0000][1692007][debug][gc,age      ] GC(594) Desired survivor size 20971520 bytes, new threshold 15 (max threshold 15)
[2025-08-21T22:18:22.532+0000][1692007][info ][gc,phases   ] GC(594)   Pre Evacuate Collection Set: 0.1ms
[2025-08-21T22:18:22.532+0000][1692007][info ][gc,phases   ] GC(594)   Merge Heap Roots: 0.0ms
[2025-08-21T22:18:22.532+0000][1692007][info ][gc,phases   ] GC(594)   Evacuate Collection Set: 6.0ms
[2025-08-21T22:18:22.532+0000][1692007][info ][gc,phases   ] GC(594)   Post Evacuate Collection Set: 0.8ms
[2025-08-21T22:18:22.532+0000][1692007][info ][gc,phases   ] GC(594)   Other: 0.0ms
[2025-08-21T22:18:22.532+0000][1692007][trace][gc,age      ] GC(594) Age table with threshold 15 (max threshold 15)
[2025-08-21T22:18:22.532+0000][1692007][trace][gc,age      ] GC(594) - age   1:   11601488 bytes,   11601488 total
[2025-08-21T22:18:22.532+0000][1692007][trace][gc,age      ] GC(594) - age   2:      16472 bytes,   11617960 total
[2025-08-21T22:18:22.532+0000][1692007][trace][gc,age      ] GC(594) - age   3:         32 bytes,   11617992 total
[2025-08-21T22:18:22.532+0000][1692007][trace][gc,age      ] GC(594) - age   4:     164656 bytes,   11782648 total
[2025-08-21T22:18:22.532+0000][1692007][info ][gc,heap     ] GC(594) Eden regions: 75->0(73)
[2025-08-21T22:18:22.532+0000][1692007][info ][gc,heap     ] GC(594) Survivor regions: 1->3(10)
[2025-08-21T22:18:22.532+0000][1692007][info ][gc,heap     ] GC(594) Old regions: 25->25
[2025-08-21T22:18:22.532+0000][1692007][info ][gc,heap     ] GC(594) Humongous regions: 0->0
[2025-08-21T22:18:22.532+0000][1692007][info ][gc,metaspace] GC(594) Metaspace: 143101K(148160K)->143101K(148160K) NonClass: 124242K(126912K)->124242K(126912K) Class: 18858K(21248K)->18858K(21248K)
[2025-08-21T22:18:22.532+0000][1692007][info ][gc          ] GC(594) Pause Young (Concurrent Start) (G1 Evacuation Pause) 402M->110M(512M) 7.028ms
[2025-08-21T22:18:22.532+0000][1692007][info ][gc,cpu      ] GC(594) User=0.00s Sys=0.00s Real=0.01s
[2025-08-21T22:18:22.532+0000][1692007][info ][safepoint   ] Safepoint "G1CollectForAllocation", Time since last: 190126033 ns, Reaching safepoint: 4727 ns, Cleanup: 18829 ns, At safepoint: 7072578 ns, Total: 7096134 ns
[2025-08-21T22:18:22.536+0000][1692007][info ][gc          ] GC(595) Concurrent Mark Cycle
[2025-08-21T22:18:22.536+0000][1692007][info ][gc,marking  ] GC(595) Concurrent Scan Root Regions
[2025-08-21T22:18:22.538+0000][1692007][info ][gc,marking  ] GC(595) Concurrent Scan Root Regions 1.946ms
[2025-08-21T22:18:22.538+0000][1692007][info ][gc,marking  ] GC(595) Concurrent Mark
[2025-08-21T22:18:22.538+0000][1692007][info ][gc,marking  ] GC(595) Concurrent Mark From Roots
[2025-08-21T22:18:22.538+0000][1692007][info ][gc,task     ] GC(595) Using 1 workers of 1 for marking
[2025-08-21T22:18:22.829+0000][1692007][info ][gc,marking  ] GC(595) Concurrent Mark From Roots 291.155ms
[2025-08-21T22:18:22.830+0000][1692007][info ][gc,marking  ] GC(595) Concurrent Preclean
[2025-08-21T22:18:22.830+0000][1692007][info ][gc,marking  ] GC(595) Concurrent Preclean 0.443ms
[2025-08-21T22:18:22.830+0000][1692007][info ][gc,start    ] GC(595) Pause Remark
[2025-08-21T22:18:22.841+0000][1692007][info ][gc          ] GC(595) Pause Remark 271M->271M(512M) 10.865ms
[2025-08-21T22:18:22.841+0000][1692007][info ][gc,cpu      ] GC(595) User=0.01s Sys=0.00s Real=0.01s
[2025-08-21T22:18:22.841+0000][1692007][info ][safepoint   ] Safepoint "G1PauseRemark", Time since last: 297803346 ns, Reaching safepoint: 70807 ns, Cleanup: 16495 ns, At safepoint: 10904996 ns, Total: 10992298 ns
[2025-08-21T22:18:22.841+0000][1692007][info ][gc,marking  ] GC(595) Concurrent Mark 302.656ms
[2025-08-21T22:18:22.841+0000][1692007][info ][gc,marking  ] GC(595) Concurrent Rebuild Remembered Sets and Scrub Regions
[2025-08-21T22:18:22.941+0000][1692007][info ][gc,marking  ] GC(595) Concurrent Rebuild Remembered Sets and Scrub Regions 100.216ms
[2025-08-21T22:18:22.947+0000][1692007][info ][gc,start    ] GC(595) Pause Cleanup
[2025-08-21T22:18:22.947+0000][1692007][info ][gc          ] GC(595) Pause Cleanup 271M->271M(512M) 0.055ms
[2025-08-21T22:18:22.947+0000][1692007][info ][gc,cpu      ] GC(595) User=0.00s Sys=0.00s Real=0.00s
[2025-08-21T22:18:22.947+0000][1692007][info ][safepoint   ] Safepoint "G1PauseCleanup", Time since last: 100279162 ns, Reaching safepoint: 5377359 ns, Cleanup: 3465 ns, At safepoint: 84177 ns, Total: 5465001 ns
[2025-08-21T22:18:22.947+0000][1692007][info ][gc,marking  ] GC(595) Concurrent Clear Claimed Marks
[2025-08-21T22:18:22.947+0000][1692007][info ][gc,marking  ] GC(595) Concurrent Clear Claimed Marks 0.200ms
[2025-08-21T22:18:22.947+0000][1692007][info ][gc,marking  ] GC(595) Concurrent Cleanup for Next Mark
[2025-08-21T22:18:22.952+0000][1692007][info ][gc,marking  ] GC(595) Concurrent Cleanup for Next Mark 4.562ms
[2025-08-21T22:18:22.952+0000][1692007][info ][gc          ] GC(595) Concurrent Mark Cycle 415.585ms
[2025-08-21T22:18:23.099+0000][1692007][info ][gc,start    ] GC(596) Pause Young (Prepare Mixed) (G1 Evacuation Pause)
[2025-08-21T22:18:23.099+0000][1692007][info ][gc,task     ] GC(596) Using 1 workers of 1 for evacuation
[2025-08-21T22:18:23.099+0000][1692007][debug][gc,age      ] GC(596) Desired survivor size 12582912 bytes, new threshold 15 (max threshold 15)
[2025-08-21T22:18:23.108+0000][1692007][info ][gc,phases   ] GC(596)   Pre Evacuate Collection Set: 0.0ms
[2025-08-21T22:18:23.108+0000][1692007][info ][gc,phases   ] GC(596)   Merge Heap Roots: 0.0ms
[2025-08-21T22:18:23.108+0000][1692007][info ][gc,phases   ] GC(596)   Evacuate Collection Set: 8.9ms
[2025-08-21T22:18:23.108+0000][1692007][info ][gc,phases   ] GC(596)   Post Evacuate Collection Set: 0.8ms
[2025-08-21T22:18:23.108+0000][1692007][info ][gc,phases   ] GC(596)   Other: 0.0ms
[2025-08-21T22:18:23.108+0000][1692007][trace][gc,age      ] GC(596) Age table with threshold 15 (max threshold 15)
[2025-08-21T22:18:23.108+0000][1692007][trace][gc,age      ] GC(596) - age   1:    5443520 bytes,    5443520 total
[2025-08-21T22:18:23.108+0000][1692007][trace][gc,age      ] GC(596) - age   2:    7831312 bytes,   13274832 total
[2025-08-21T22:18:23.109+0000][1692007][trace][gc,age      ] GC(596) - age   4:         32 bytes,   13274864 total
[2025-08-21T22:18:23.109+0000][1692007][trace][gc,age      ] GC(596) - age   5:        400 bytes,   13275264 total
[2025-08-21T22:18:23.109+0000][1692007][info ][gc,heap     ] GC(596) Eden regions: 41->0(2)
[2025-08-21T22:18:23.109+0000][1692007][info ][gc,heap     ] GC(596) Survivor regions: 3->4(6)
[2025-08-21T22:18:23.109+0000][1692007][info ][gc,heap     ] GC(596) Old regions: 25->25
[2025-08-21T22:18:23.109+0000][1692007][info ][gc,heap     ] GC(596) Humongous regions: 0->0
[2025-08-21T22:18:23.109+0000][1692007][info ][gc,metaspace] GC(596) Metaspace: 143106K(148160K)->143106K(148160K) NonClass: 124247K(126912K)->124247K(126912K) Class: 18858K(21248K)->18858K(21248K)
[2025-08-21T22:18:23.109+0000][1692007][info ][gc          ] GC(596) Pause Young (Prepare Mixed) (G1 Evacuation Pause) 274M->112M(512M) 9.980ms
[2025-08-21T22:18:23.109+0000][1692007][info ][gc,cpu      ] GC(596) User=0.01s Sys=0.00s Real=0.01s
[2025-08-21T22:18:23.109+0000][1692007][info ][safepoint   ] Safepoint "G1CollectForAllocation", Time since last: 151559902 ns, Reaching safepoint: 259492 ns, Cleanup: 9725 ns, At safepoint: 10023104 ns, Total: 10292321 ns
[2025-08-21T22:18:24.109+0000][1692007][info ][safepoint   ] Safepoint "Cleanup", Time since last: 1000072707 ns, Reaching safepoint: 70527 ns, Cleanup: 23916 ns, At safepoint: 2163 ns, Total: 96606 ns
[2025-08-21T22:18:24.867+0000][1692007][info ][gc,start    ] GC(597) Pause Young (Mixed) (G1 Evacuation Pause)
[2025-08-21T22:18:24.867+0000][1692007][info ][gc,task     ] GC(597) Using 1 workers of 1 for evacuation
[2025-08-21T22:18:24.867+0000][1692007][debug][gc,age      ] GC(597) Desired survivor size 2097152 bytes, new threshold 1 (max threshold 15)
[2025-08-21T22:18:24.935+0000][1692007][info ][gc,phases   ] GC(597)   Pre Evacuate Collection Set: 0.0ms
[2025-08-21T22:18:24.935+0000][1692007][info ][gc,phases   ] GC(597)   Merge Heap Roots: 0.2ms
[2025-08-21T22:18:24.935+0000][1692007][info ][gc,phases   ] GC(597)   Evacuate Collection Set: 66.4ms
[2025-08-21T22:18:24.935+0000][1692007][info ][gc,phases   ] GC(597)   Post Evacuate Collection Set: 1.4ms
[2025-08-21T22:18:24.935+0000][1692007][info ][gc,phases   ] GC(597)   Other: 0.0ms
[2025-08-21T22:18:24.935+0000][1692007][trace][gc,age      ] GC(597) Age table with threshold 1 (max threshold 15)
[2025-08-21T22:18:24.935+0000][1692007][trace][gc,age      ] GC(597) - age   1:    1248584 bytes,    1248584 total
[2025-08-21T22:18:24.935+0000][1692007][info ][gc,heap     ] GC(597) Eden regions: 2->0(75)
[2025-08-21T22:18:24.935+0000][1692007][info ][gc,heap     ] GC(597) Survivor regions: 4->1(1)
[2025-08-21T22:18:24.935+0000][1692007][info ][gc,heap     ] GC(597) Old regions: 25->27
[2025-08-21T22:18:24.935+0000][1692007][info ][gc,heap     ] GC(597) Humongous regions: 0->0
[2025-08-21T22:18:24.935+0000][1692007][info ][gc,metaspace] GC(597) Metaspace: 143106K(148160K)->143106K(148160K) NonClass: 124247K(126912K)->124247K(126912K) Class: 18858K(21248K)->18858K(21248K)
[2025-08-21T22:18:24.935+0000][1692007][info ][gc          ] GC(597) Pause Young (Mixed) (G1 Evacuation Pause) 120M->108M(512M) 68.129ms
[2025-08-21T22:18:24.935+0000][1692007][info ][gc,cpu      ] GC(597) User=0.02s Sys=0.01s Real=0.06s
[2025-08-21T22:18:24.935+0000][1692007][info ][safepoint   ] Safepoint "G1CollectForAllocation", Time since last: 757737554 ns, Reaching safepoint: 184169 ns, Cleanup: 2974 ns, At safepoint: 68174607 ns, Total: 68361750 ns
[2025-08-21T22:18:25.935+0000][1692007][info ][safepoint   ] Safepoint "Cleanup", Time since last: 1000072578 ns, Reaching safepoint: 70116 ns, Cleanup: 11277 ns, At safepoint: 3415 ns, Total: 84808 ns
[2025-08-21T22:18:26.935+0000][1692007][info ][safepoint   ] Safepoint "Cleanup", Time since last: 1000088863 ns, Reaching safepoint: 7030 ns, Cleanup: 12179 ns, At safepoint: 2103 ns, Total: 21312 ns
[2025-08-21T22:18:28.950+0000][1692007][info ][safepoint   ] Safepoint "Cleanup", Time since last: 2000148961 ns, Reaching safepoint: 14687537 ns, Cleanup: 10726 ns, At safepoint: 3355 ns, Total: 14701618 ns
[2025-08-21T22:18:31.950+0000][1692007][info ][safepoint   ] Safepoint "Cleanup", Time since last: 3000310023 ns, Reaching safepoint: 6760 ns, Cleanup: 20821 ns, At safepoint: 2204 ns, Total: 29785 ns
[2025-08-21T22:18:35.559+0000][1692007][info ][gc,start    ] GC(598) Pause Young (Concurrent Start) (G1 Evacuation Pause)
[2025-08-21T22:18:35.560+0000][1692007][info ][gc,task     ] GC(598) Using 1 workers of 1 for evacuation
[2025-08-21T22:18:35.560+0000][1692007][debug][gc,age      ] GC(598) Desired survivor size 20971520 bytes, new threshold 15 (max threshold 15)
[2025-08-21T22:18:35.567+0000][1692007][info ][gc,phases   ] GC(598)   Pre Evacuate Collection Set: 0.1ms
[2025-08-21T22:18:35.567+0000][1692007][info ][gc,phases   ] GC(598)   Merge Heap Roots: 0.0ms
[2025-08-21T22:18:35.567+0000][1692007][info ][gc,phases   ] GC(598)   Evacuate Collection Set: 5.1ms
[2025-08-21T22:18:35.567+0000][1692007][info ][gc,phases   ] GC(598)   Post Evacuate Collection Set: 1.7ms
[2025-08-21T22:18:35.567+0000][1692007][info ][gc,phases   ] GC(598)   Other: 0.1ms
[2025-08-21T22:18:35.567+0000][1692007][trace][gc,age      ] GC(598) Age table with threshold 15 (max threshold 15)
[2025-08-21T22:18:35.567+0000][1692007][trace][gc,age      ] GC(598) - age   1:   25637664 bytes,   25637664 total
[2025-08-21T22:18:35.567+0000][1692007][trace][gc,age      ] GC(598) - age   2:       1024 bytes,   25638688 total
[2025-08-21T22:18:35.567+0000][1692007][info ][gc,heap     ] GC(598) Eden regions: 75->0(69)
[2025-08-21T22:18:35.567+0000][1692007][info ][gc,heap     ] GC(598) Survivor regions: 1->7(10)
[2025-08-21T22:18:35.567+0000][1692007][info ][gc,heap     ] GC(598) Old regions: 27->27
[2025-08-21T22:18:35.567+0000][1692007][info ][gc,heap     ] GC(598) Humongous regions: 0->0
[2025-08-21T22:18:35.567+0000][1692007][info ][gc,metaspace] GC(598) Metaspace: 143112K(148160K)->143112K(148160K) NonClass: 124253K(126912K)->124253K(126912K) Class: 18859K(21248K)->18859K(21248K)
[2025-08-21T22:18:35.567+0000][1692007][info ][gc          ] GC(598) Pause Young (Concurrent Start) (G1 Evacuation Pause) 408M->131M(512M) 8.122ms
[2025-08-21T22:18:35.567+0000][1692007][info ][gc,cpu      ] GC(598) User=0.00s Sys=0.00s Real=0.01s
[2025-08-21T22:18:35.567+0000][1692007][info ][safepoint   ] Safepoint "G1CollectForAllocation", Time since last: 3608781188 ns, Reaching safepoint: 38518 ns, Cleanup: 3245 ns, At safepoint: 8169585 ns, Total: 8211348 ns
[2025-08-21T22:18:35.572+0000][1692007][info ][gc          ] GC(599) Concurrent Mark Cycle
[2025-08-21T22:18:35.572+0000][1692007][info ][gc,marking  ] GC(599) Concurrent Scan Root Regions
[2025-08-21T22:18:35.574+0000][1692007][info ][gc,marking  ] GC(599) Concurrent Scan Root Regions 1.014ms
[2025-08-21T22:18:35.574+0000][1692007][info ][gc,marking  ] GC(599) Concurrent Mark
[2025-08-21T22:18:35.574+0000][1692007][info ][gc,marking  ] GC(599) Concurrent Mark From Roots
[2025-08-21T22:18:35.574+0000][1692007][info ][gc,task     ] GC(599) Using 1 workers of 1 for marking
[2025-08-21T22:18:35.719+0000][1692007][info ][gc,marking  ] GC(599) Concurrent Mark From Roots 145.336ms
[2025-08-21T22:18:35.719+0000][1692007][info ][gc,marking  ] GC(599) Concurrent Preclean
[2025-08-21T22:18:35.719+0000][1692007][info ][gc,marking  ] GC(599) Concurrent Preclean 0.386ms
[2025-08-21T22:18:35.720+0000][1692007][info ][gc,start    ] GC(599) Pause Remark
[2025-08-21T22:18:35.743+0000][1692007][info ][gc          ] GC(599) Pause Remark 140M->140M(512M) 23.213ms
[2025-08-21T22:18:35.743+0000][1692007][info ][gc,cpu      ] GC(599) User=0.01s Sys=0.00s Real=0.02s
[2025-08-21T22:18:35.743+0000][1692007][info ][safepoint   ] Safepoint "G1PauseRemark", Time since last: 152512931 ns, Reaching safepoint: 4877 ns, Cleanup: 3195 ns, At safepoint: 23255824 ns, Total: 23263896 ns
[2025-08-21T22:18:35.743+0000][1692007][info ][gc,marking  ] GC(599) Concurrent Mark 169.672ms
[2025-08-21T22:18:35.743+0000][1692007][info ][gc,marking  ] GC(599) Concurrent Rebuild Remembered Sets and Scrub Regions
[2025-08-21T22:18:35.788+0000][1692007][info ][gc,marking  ] GC(599) Concurrent Rebuild Remembered Sets and Scrub Regions 44.763ms
[2025-08-21T22:18:35.788+0000][1692007][info ][gc,start    ] GC(599) Pause Cleanup
[2025-08-21T22:18:35.788+0000][1692007][info ][gc          ] GC(599) Pause Cleanup 141M->141M(512M) 0.043ms
[2025-08-21T22:18:35.788+0000][1692007][info ][gc,cpu      ] GC(599) User=0.00s Sys=0.00s Real=0.00s
[2025-08-21T22:18:35.788+0000][1692007][info ][safepoint   ] Safepoint "G1PauseCleanup", Time since last: 44951643 ns, Reaching safepoint: 4256 ns, Cleanup: 1423 ns, At safepoint: 66660 ns, Total: 72339 ns
[2025-08-21T22:18:35.788+0000][1692007][info ][gc,marking  ] GC(599) Concurrent Clear Claimed Marks
[2025-08-21T22:18:35.788+0000][1692007][info ][gc,marking  ] GC(599) Concurrent Clear Claimed Marks 0.184ms
[2025-08-21T22:18:35.788+0000][1692007][info ][gc,marking  ] GC(599) Concurrent Cleanup for Next Mark
[2025-08-21T22:18:35.790+0000][1692007][info ][gc,marking  ] GC(599) Concurrent Cleanup for Next Mark 1.710ms
[2025-08-21T22:18:35.790+0000][1692007][info ][gc          ] GC(599) Concurrent Mark Cycle 217.716ms
[2025-08-21T22:18:41.573+0000][1692007][info ][gc,start    ] GC(600) Pause Young (Prepare Mixed) (G1 Evacuation Pause)
[2025-08-21T22:18:41.573+0000][1692007][info ][gc,task     ] GC(600) Using 1 workers of 1 for evacuation
[2025-08-21T22:18:41.573+0000][1692007][debug][gc,age      ] GC(600) Desired survivor size 20971520 bytes, new threshold 1 (max threshold 15)
[2025-08-21T22:18:41.729+0000][1692007][info ][gc,phases   ] GC(600)   Pre Evacuate Collection Set: 0.0ms
[2025-08-21T22:18:41.729+0000][1692007][info ][gc,phases   ] GC(600)   Merge Heap Roots: 0.0ms
[2025-08-21T22:18:41.729+0000][1692007][info ][gc,phases   ] GC(600)   Evacuate Collection Set: 154.9ms
[2025-08-21T22:18:41.729+0000][1692007][info ][gc,phases   ] GC(600)   Post Evacuate Collection Set: 0.9ms
[2025-08-21T22:18:41.729+0000][1692007][info ][gc,phases   ] GC(600)   Other: 0.3ms
[2025-08-21T22:18:41.729+0000][1692007][trace][gc,age      ] GC(600) Age table with threshold 1 (max threshold 15)
[2025-08-21T22:18:41.729+0000][1692007][trace][gc,age      ] GC(600) - age   1:   41455992 bytes,   41455992 total
[2025-08-21T22:18:41.729+0000][1692007][info ][gc,heap     ] GC(600) Eden regions: 69->0(1)
[2025-08-21T22:18:41.729+0000][1692007][info ][gc,heap     ] GC(600) Survivor regions: 7->10(10)
[2025-08-21T22:18:41.729+0000][1692007][info ][gc,heap     ] GC(600) Old regions: 27->34
[2025-08-21T22:18:41.729+0000][1692007][info ][gc,heap     ] GC(600) Humongous regions: 0->0
[2025-08-21T22:18:41.729+0000][1692007][info ][gc,metaspace] GC(600) Metaspace: 143112K(148160K)->143112K(148160K) NonClass: 124253K(126912K)->124253K(126912K) Class: 18859K(21248K)->18859K(21248K)
[2025-08-21T22:18:41.729+0000][1692007][info ][gc          ] GC(600) Pause Young (Prepare Mixed) (G1 Evacuation Pause) 407M->173M(512M) 156.354ms
[2025-08-21T22:18:41.729+0000][1692007][info ][gc,cpu      ] GC(600) User=0.01s Sys=0.04s Real=0.16s
[2025-08-21T22:18:41.729+0000][1692007][info ][safepoint   ] Safepoint "G1CollectForAllocation", Time since last: 5784646405 ns, Reaching safepoint: 33971 ns, Cleanup: 3315 ns, At safepoint: 156403495 ns, Total: 156440781 ns
[2025-08-21T22:18:42.788+0000][1692007][info ][gc,start    ] GC(601) Pause Young (Mixed) (G1 Evacuation Pause)
[2025-08-21T22:18:42.788+0000][1692007][info ][gc,task     ] GC(601) Using 1 workers of 1 for evacuation
[2025-08-21T22:18:42.788+0000][1692007][debug][gc,age      ] GC(601) Desired survivor size 6291456 bytes, new threshold 1 (max threshold 15)
[2025-08-21T22:18:42.932+0000][1692007][info ][gc,phases   ] GC(601)   Pre Evacuate Collection Set: 0.0ms
[2025-08-21T22:18:42.932+0000][1692007][info ][gc,phases   ] GC(601)   Merge Heap Roots: 0.0ms
[2025-08-21T22:18:42.932+0000][1692007][info ][gc,phases   ] GC(601)   Evacuate Collection Set: 143.4ms
[2025-08-21T22:18:42.932+0000][1692007][info ][gc,phases   ] GC(601)   Post Evacuate Collection Set: 0.9ms
[2025-08-21T22:18:42.932+0000][1692007][info ][gc,phases   ] GC(601)   Other: 0.0ms
[2025-08-21T22:18:42.932+0000][1692007][trace][gc,age      ] GC(601) Age table with threshold 1 (max threshold 15)
[2025-08-21T22:18:42.932+0000][1692007][trace][gc,age      ] GC(601) - age   1:    6981272 bytes,    6981272 total
[2025-08-21T22:18:42.932+0000][1692007][info ][gc,heap     ] GC(601) Eden regions: 11->0(65)
[2025-08-21T22:18:42.932+0000][1692007][info ][gc,heap     ] GC(601) Survivor regions: 10->2(3)
[2025-08-21T22:18:42.932+0000][1692007][info ][gc,heap     ] GC(601) Old regions: 34->43
[2025-08-21T22:18:42.932+0000][1692007][info ][gc,heap     ] GC(601) Humongous regions: 0->0
[2025-08-21T22:18:42.932+0000][1692007][info ][gc,metaspace] GC(601) Metaspace: 143112K(148160K)->143112K(148160K) NonClass: 124253K(126912K)->124253K(126912K) Class: 18859K(21248K)->18859K(21248K)
[2025-08-21T22:18:42.932+0000][1692007][info ][gc          ] GC(601) Pause Young (Mixed) (G1 Evacuation Pause) 217M->178M(512M) 144.635ms
[2025-08-21T22:18:42.932+0000][1692007][info ][gc,cpu      ] GC(601) User=0.02s Sys=0.04s Real=0.14s
[2025-08-21T22:18:42.932+0000][1692007][info ][safepoint   ] Safepoint "G1CollectForAllocation", Time since last: 1058528441 ns, Reaching safepoint: 5448 ns, Cleanup: 3636 ns, At safepoint: 144685541 ns, Total: 144694625 ns
[2025-08-21T22:18:45.349+0000][1692007][info ][gc,start    ] GC(602) Pause Young (Concurrent Start) (G1 Evacuation Pause)
[2025-08-21T22:18:45.349+0000][1692007][info ][gc,task     ] GC(602) Using 1 workers of 1 for evacuation
[2025-08-21T22:18:45.349+0000][1692007][debug][gc,age      ] GC(602) Desired survivor size 18874368 bytes, new threshold 15 (max threshold 15)
[2025-08-21T22:18:45.353+0000][1692007][info ][gc,phases   ] GC(602)   Pre Evacuate Collection Set: 0.1ms
[2025-08-21T22:18:45.353+0000][1692007][info ][gc,phases   ] GC(602)   Merge Heap Roots: 0.0ms
[2025-08-21T22:18:45.353+0000][1692007][info ][gc,phases   ] GC(602)   Evacuate Collection Set: 3.6ms
[2025-08-21T22:18:45.353+0000][1692007][info ][gc,phases   ] GC(602)   Post Evacuate Collection Set: 0.8ms
[2025-08-21T22:18:45.353+0000][1692007][info ][gc,phases   ] GC(602)   Other: 0.0ms
[2025-08-21T22:18:45.353+0000][1692007][trace][gc,age      ] GC(602) Age table with threshold 15 (max threshold 15)
[2025-08-21T22:18:45.353+0000][1692007][trace][gc,age      ] GC(602) - age   1:   21789688 bytes,   21789688 total
[2025-08-21T22:18:45.353+0000][1692007][trace][gc,age      ] GC(602) - age   2:    6853672 bytes,   28643360 total
[2025-08-21T22:18:45.353+0000][1692007][info ][gc,heap     ] GC(602) Eden regions: 65->0(57)
[2025-08-21T22:18:45.353+0000][1692007][info ][gc,heap     ] GC(602) Survivor regions: 2->7(9)
[2025-08-21T22:18:45.353+0000][1692007][info ][gc,heap     ] GC(602) Old regions: 43->43
[2025-08-21T22:18:45.353+0000][1692007][info ][gc,heap     ] GC(602) Humongous regions: 0->0
[2025-08-21T22:18:45.353+0000][1692007][info ][gc,metaspace] GC(602) Metaspace: 143112K(148160K)->143112K(148160K) NonClass: 124253K(126912K)->124253K(126912K) Class: 18859K(21248K)->18859K(21248K)
[2025-08-21T22:18:45.353+0000][1692007][info ][gc          ] GC(602) Pause Young (Concurrent Start) (G1 Evacuation Pause) 438M->199M(512M) 4.619ms
[2025-08-21T22:18:45.353+0000][1692007][info ][gc,cpu      ] GC(602) User=0.01s Sys=0.00s Real=0.00s
[2025-08-21T22:18:45.353+0000][1692007][info ][safepoint   ] Safepoint "G1CollectForAllocation", Time since last: 2416401014 ns, Reaching safepoint: 26099 ns, Cleanup: 2795 ns, At safepoint: 4669691 ns, Total: 4698585 ns
[2025-08-21T22:18:45.357+0000][1692007][info ][gc          ] GC(603) Concurrent Mark Cycle
[2025-08-21T22:18:45.357+0000][1692007][info ][gc,marking  ] GC(603) Concurrent Scan Root Regions
[2025-08-21T22:18:45.358+0000][1692007][info ][gc,marking  ] GC(603) Concurrent Scan Root Regions 0.805ms
[2025-08-21T22:18:45.358+0000][1692007][info ][gc,marking  ] GC(603) Concurrent Mark
[2025-08-21T22:18:45.358+0000][1692007][info ][gc,marking  ] GC(603) Concurrent Mark From Roots
[2025-08-21T22:18:45.358+0000][1692007][info ][gc,task     ] GC(603) Using 1 workers of 1 for marking
[2025-08-21T22:18:45.493+0000][1692007][info ][gc,marking  ] GC(603) Concurrent Mark From Roots 134.421ms
[2025-08-21T22:18:45.493+0000][1692007][info ][gc,marking  ] GC(603) Concurrent Preclean
[2025-08-21T22:18:45.493+0000][1692007][info ][gc,marking  ] GC(603) Concurrent Preclean 0.386ms
[2025-08-21T22:18:45.493+0000][1692007][info ][gc,start    ] GC(603) Pause Remark
[2025-08-21T22:18:45.510+0000][1692007][info ][gc          ] GC(603) Pause Remark 207M->207M(512M) 16.441ms
[2025-08-21T22:18:45.510+0000][1692007][info ][gc,cpu      ] GC(603) User=0.01s Sys=0.00s Real=0.02s
[2025-08-21T22:18:45.510+0000][1692007][info ][safepoint   ] Safepoint "G1PauseRemark", Time since last: 139548355 ns, Reaching safepoint: 4927 ns, Cleanup: 2784 ns, At safepoint: 16487465 ns, Total: 16495176 ns
[2025-08-21T22:18:45.510+0000][1692007][info ][gc,marking  ] GC(603) Concurrent Mark 151.374ms
[2025-08-21T22:18:45.510+0000][1692007][info ][gc,marking  ] GC(603) Concurrent Rebuild Remembered Sets and Scrub Regions
[2025-08-21T22:18:45.551+0000][1692007][info ][gc,marking  ] GC(603) Concurrent Rebuild Remembered Sets and Scrub Regions 41.701ms
[2025-08-21T22:18:45.551+0000][1692007][info ][gc,start    ] GC(603) Pause Cleanup
[2025-08-21T22:18:45.551+0000][1692007][info ][gc          ] GC(603) Pause Cleanup 207M->207M(512M) 0.051ms
[2025-08-21T22:18:45.551+0000][1692007][info ][gc,cpu      ] GC(603) User=0.00s Sys=0.00s Real=0.00s
[2025-08-21T22:18:45.551+0000][1692007][info ][safepoint   ] Safepoint "G1PauseCleanup", Time since last: 41760755 ns, Reaching safepoint: 3956 ns, Cleanup: 3485 ns, At safepoint: 79080 ns, Total: 86521 ns
[2025-08-21T22:18:45.551+0000][1692007][info ][gc,marking  ] GC(603) Concurrent Clear Claimed Marks
[2025-08-21T22:18:45.552+0000][1692007][info ][gc,marking  ] GC(603) Concurrent Clear Claimed Marks 0.190ms
[2025-08-21T22:18:45.552+0000][1692007][info ][gc,marking  ] GC(603) Concurrent Cleanup for Next Mark
[2025-08-21T22:18:45.565+0000][1692007][info ][gc,marking  ] GC(603) Concurrent Cleanup for Next Mark 13.115ms
[2025-08-21T22:18:45.565+0000][1692007][info ][gc          ] GC(603) Concurrent Mark Cycle 207.365ms
[2025-08-21T22:18:47.552+0000][1692007][info ][safepoint   ] Safepoint "Cleanup", Time since last: 2000132155 ns, Reaching safepoint: 5549 ns, Cleanup: 11207 ns, At safepoint: 1622 ns, Total: 18378 ns
[2025-08-21T22:18:49.719+0000][1692007][info ][gc,start    ] GC(604) Pause Young (Prepare Mixed) (G1 Evacuation Pause)
[2025-08-21T22:18:49.719+0000][1692007][info ][gc,task     ] GC(604) Using 1 workers of 1 for evacuation
[2025-08-21T22:18:49.719+0000][1692007][debug][gc,age      ] GC(604) Desired survivor size 16777216 bytes, new threshold 1 (max threshold 15)
[2025-08-21T22:18:49.724+0000][1692007][info ][gc,phases   ] GC(604)   Pre Evacuate Collection Set: 0.1ms
[2025-08-21T22:18:49.724+0000][1692007][info ][gc,phases   ] GC(604)   Merge Heap Roots: 0.1ms
[2025-08-21T22:18:49.724+0000][1692007][info ][gc,phases   ] GC(604)   Evacuate Collection Set: 3.5ms
[2025-08-21T22:18:49.724+0000][1692007][info ][gc,phases   ] GC(604)   Post Evacuate Collection Set: 1.2ms
[2025-08-21T22:18:49.724+0000][1692007][info ][gc,phases   ] GC(604)   Other: 0.0ms
[2025-08-21T22:18:49.724+0000][1692007][trace][gc,age      ] GC(604) Age table with threshold 1 (max threshold 15)
[2025-08-21T22:18:49.724+0000][1692007][trace][gc,age      ] GC(604) - age   1:    9414776 bytes,    9414776 total
[2025-08-21T22:18:49.724+0000][1692007][info ][gc,heap     ] GC(604) Eden regions: 57->0(3)
[2025-08-21T22:18:49.724+0000][1692007][info ][gc,heap     ] GC(604) Survivor regions: 7->3(8)
[2025-08-21T22:18:49.724+0000][1692007][info ][gc,heap     ] GC(604) Old regions: 43->43
[2025-08-21T22:18:49.724+0000][1692007][info ][gc,heap     ] GC(604) Humongous regions: 0->0
[2025-08-21T22:18:49.724+0000][1692007][info ][gc,metaspace] GC(604) Metaspace: 143129K(148224K)->143129K(148224K) NonClass: 124269K(126976K)->124269K(126976K) Class: 18859K(21248K)->18859K(21248K)
[2025-08-21T22:18:49.724+0000][1692007][info ][gc          ] GC(604) Pause Young (Prepare Mixed) (G1 Evacuation Pause) 427M->181M(512M) 5.019ms
[2025-08-21T22:18:49.724+0000][1692007][info ][gc,cpu      ] GC(604) User=0.00s Sys=0.00s Real=0.00s
[2025-08-21T22:18:49.724+0000][1692007][info ][safepoint   ] Safepoint "G1CollectForAllocation", Time since last: 2167194405 ns, Reaching safepoint: 5177 ns, Cleanup: 3265 ns, At safepoint: 5061733 ns, Total: 5070175 ns
[2025-08-21T22:18:50.724+0000][1692007][info ][safepoint   ] Safepoint "Cleanup", Time since last: 1000073459 ns, Reaching safepoint: 25489 ns, Cleanup: 11177 ns, At safepoint: 2093 ns, Total: 38759 ns
[2025-08-21T22:18:55.454+0000][1692007][info ][gc,start    ] GC(605) Pause Young (Mixed) (G1 Evacuation Pause)
[2025-08-21T22:18:55.454+0000][1692007][info ][gc,task     ] GC(605) Using 1 workers of 1 for evacuation
[2025-08-21T22:18:55.454+0000][1692007][debug][gc,age      ] GC(605) Desired survivor size 18874368 bytes, new threshold 15 (max threshold 15)
[2025-08-21T22:18:55.464+0000][1692007][info ][gc,phases   ] GC(605)   Pre Evacuate Collection Set: 0.1ms
[2025-08-21T22:18:55.464+0000][1692007][info ][gc,phases   ] GC(605)   Merge Heap Roots: 0.0ms
[2025-08-21T22:18:55.464+0000][1692007][info ][gc,phases   ] GC(605)   Evacuate Collection Set: 6.9ms
[2025-08-21T22:18:55.464+0000][1692007][info ][gc,phases   ] GC(605)   Post Evacuate Collection Set: 2.9ms
[2025-08-21T22:18:55.464+0000][1692007][info ][gc,phases   ] GC(605)   Other: 0.0ms
[2025-08-21T22:18:55.464+0000][1692007][trace][gc,age      ] GC(605) Age table with threshold 15 (max threshold 15)
[2025-08-21T22:18:55.464+0000][1692007][trace][gc,age      ] GC(605) - age   1:   13164256 bytes,   13164256 total
[2025-08-21T22:18:55.464+0000][1692007][trace][gc,age      ] GC(605) - age   2:     619520 bytes,   13783776 total
[2025-08-21T22:18:55.464+0000][1692007][info ][gc,heap     ] GC(605) Eden regions: 65->0(63)
[2025-08-21T22:18:55.464+0000][1692007][info ][gc,heap     ] GC(605) Survivor regions: 3->4(9)
[2025-08-21T22:18:55.464+0000][1692007][info ][gc,heap     ] GC(605) Old regions: 43->43
[2025-08-21T22:18:55.464+0000][1692007][info ][gc,heap     ] GC(605) Humongous regions: 0->0
[2025-08-21T22:18:55.464+0000][1692007][info ][gc,metaspace] GC(605) Metaspace: 143132K(148224K)->143132K(148224K) NonClass: 124273K(126976K)->124273K(126976K) Class: 18859K(21248K)->18859K(21248K)
[2025-08-21T22:18:55.464+0000][1692007][info ][gc          ] GC(605) Pause Young (Mixed) (G1 Evacuation Pause) 441M->183M(512M) 9.997ms
[2025-08-21T22:18:55.464+0000][1692007][info ][gc,cpu      ] GC(605) User=0.00s Sys=0.00s Real=0.01s
[2025-08-21T22:18:55.464+0000][1692007][info ][safepoint   ] Safepoint "G1CollectForAllocation", Time since last: 4730028628 ns, Reaching safepoint: 37046 ns, Cleanup: 8744 ns, At safepoint: 10037956 ns, Total: 10083746 ns
[2025-08-21T22:20:54.474+0000][1692007][info ][safepoint   ] Safepoint "Cleanup", Time since last: 119009240525 ns, Reaching safepoint: 528738 ns, Cleanup: 11137 ns, At safepoint: 3255 ns, Total: 543130 ns
[2025-08-21T22:22:12.971+0000][1692007][info ][gc,start    ] GC(606) Pause Young (Concurrent Start) (G1 Evacuation Pause)
[2025-08-21T22:22:12.971+0000][1692007][info ][gc,task     ] GC(606) Using 1 workers of 1 for evacuation
[2025-08-21T22:22:12.971+0000][1692007][debug][gc,age      ] GC(606) Desired survivor size 18874368 bytes, new threshold 15 (max threshold 15)
[2025-08-21T22:22:12.974+0000][1692007][info ][gc,phases   ] GC(606)   Pre Evacuate Collection Set: 0.0ms
[2025-08-21T22:22:12.974+0000][1692007][info ][gc,phases   ] GC(606)   Merge Heap Roots: 0.0ms
[2025-08-21T22:22:12.974+0000][1692007][info ][gc,phases   ] GC(606)   Evacuate Collection Set: 1.7ms
[2025-08-21T22:22:12.974+0000][1692007][info ][gc,phases   ] GC(606)   Post Evacuate Collection Set: 0.8ms
[2025-08-21T22:22:12.974+0000][1692007][info ][gc,phases   ] GC(606)   Other: 0.0ms
[2025-08-21T22:22:12.974+0000][1692007][trace][gc,age      ] GC(606) Age table with threshold 15 (max threshold 15)
[2025-08-21T22:22:12.974+0000][1692007][trace][gc,age      ] GC(606) - age   1:      11304 bytes,      11304 total
[2025-08-21T22:22:12.974+0000][1692007][trace][gc,age      ] GC(606) - age   2:       4264 bytes,      15568 total
[2025-08-21T22:22:12.974+0000][1692007][trace][gc,age      ] GC(606) - age   3:       8640 bytes,      24208 total
[2025-08-21T22:22:12.974+0000][1692007][info ][gc,heap     ] GC(606) Eden regions: 63->0(69)
[2025-08-21T22:22:12.974+0000][1692007][info ][gc,heap     ] GC(606) Survivor regions: 4->1(9)
[2025-08-21T22:22:12.974+0000][1692007][info ][gc,heap     ] GC(606) Old regions: 43->43
[2025-08-21T22:22:12.974+0000][1692007][info ][gc,heap     ] GC(606) Humongous regions: 0->0
[2025-08-21T22:22:12.974+0000][1692007][info ][gc,metaspace] GC(606) Metaspace: 143132K(148224K)->143132K(148224K) NonClass: 124273K(126976K)->124273K(126976K) Class: 18859K(21248K)->18859K(21248K)
[2025-08-21T22:22:12.974+0000][1692007][info ][gc          ] GC(606) Pause Young (Concurrent Start) (G1 Evacuation Pause) 435M->171M(512M) 3.086ms
[2025-08-21T22:22:12.974+0000][1692007][info ][gc,cpu      ] GC(606) User=0.00s Sys=0.00s Real=0.00s
[2025-08-21T22:22:12.974+0000][1692007][info ][safepoint   ] Safepoint "G1CollectForAllocation", Time since last: 78496736113 ns, Reaching safepoint: 7341 ns, Cleanup: 3175 ns, At safepoint: 3122534 ns, Total: 3133050 ns
[2025-08-21T22:22:12.979+0000][1692007][info ][gc          ] GC(607) Concurrent Mark Cycle
[2025-08-21T22:22:12.979+0000][1692007][info ][gc,marking  ] GC(607) Concurrent Scan Root Regions
[2025-08-21T22:22:12.980+0000][1692007][info ][gc,marking  ] GC(607) Concurrent Scan Root Regions 0.635ms
[2025-08-21T22:22:12.980+0000][1692007][info ][gc,marking  ] GC(607) Concurrent Mark
[2025-08-21T22:22:12.980+0000][1692007][info ][gc,marking  ] GC(607) Concurrent Mark From Roots
[2025-08-21T22:22:12.980+0000][1692007][info ][gc,task     ] GC(607) Using 1 workers of 1 for marking
[2025-08-21T22:22:13.106+0000][1692007][info ][gc,marking  ] GC(607) Concurrent Mark From Roots 126.412ms
[2025-08-21T22:22:13.106+0000][1692007][info ][gc,marking  ] GC(607) Concurrent Preclean
[2025-08-21T22:22:13.107+0000][1692007][info ][gc,marking  ] GC(607) Concurrent Preclean 0.386ms
[2025-08-21T22:22:13.107+0000][1692007][info ][gc,start    ] GC(607) Pause Remark
[2025-08-21T22:22:13.133+0000][1692007][info ][gc          ] GC(607) Pause Remark 171M->127M(512M) 25.663ms
[2025-08-21T22:22:13.133+0000][1692007][info ][gc,cpu      ] GC(607) User=0.01s Sys=0.00s Real=0.02s
[2025-08-21T22:22:13.133+0000][1692007][info ][safepoint   ] Safepoint "G1PauseRemark", Time since last: 133183612 ns, Reaching safepoint: 5038 ns, Cleanup: 3024 ns, At safepoint: 25711121 ns, Total: 25719183 ns
[2025-08-21T22:22:13.133+0000][1692007][info ][gc,marking  ] GC(607) Concurrent Mark 152.591ms
[2025-08-21T22:22:13.133+0000][1692007][info ][gc,marking  ] GC(607) Concurrent Rebuild Remembered Sets and Scrub Regions
[2025-08-21T22:22:13.172+0000][1692007][info ][gc,marking  ] GC(607) Concurrent Rebuild Remembered Sets and Scrub Regions 39.469ms
[2025-08-21T22:22:13.172+0000][1692007][info ][gc,start    ] GC(607) Pause Cleanup
[2025-08-21T22:22:13.172+0000][1692007][info ][gc          ] GC(607) Pause Cleanup 127M->127M(512M) 0.049ms
[2025-08-21T22:22:13.172+0000][1692007][info ][gc,cpu      ] GC(607) User=0.00s Sys=0.00s Real=0.00s
[2025-08-21T22:22:13.172+0000][1692007][info ][safepoint   ] Safepoint "G1PauseCleanup", Time since last: 39526150 ns, Reaching safepoint: 3525 ns, Cleanup: 1212 ns, At safepoint: 72219 ns, Total: 76956 ns
[2025-08-21T22:22:13.172+0000][1692007][info ][gc,marking  ] GC(607) Concurrent Clear Claimed Marks
[2025-08-21T22:22:13.172+0000][1692007][info ][gc,marking  ] GC(607) Concurrent Clear Claimed Marks 0.168ms
[2025-08-21T22:22:13.172+0000][1692007][info ][gc,marking  ] GC(607) Concurrent Cleanup for Next Mark
[2025-08-21T22:22:13.178+0000][1692007][info ][gc,marking  ] GC(607) Concurrent Cleanup for Next Mark 5.647ms
[2025-08-21T22:22:13.178+0000][1692007][info ][gc          ] GC(607) Concurrent Mark Cycle 198.670ms
[2025-08-21T22:27:34.198+0000][1692007][info ][safepoint   ] Safepoint "Cleanup", Time since last: 321025606055 ns, Reaching safepoint: 6860 ns, Cleanup: 14723 ns, At safepoint: 2383 ns, Total: 23966 ns
[2025-08-21T22:27:35.198+0000][1692007][info ][safepoint   ] Safepoint "Cleanup", Time since last: 1000252827 ns, Reaching safepoint: 6129 ns, Cleanup: 12499 ns, At safepoint: 2163 ns, Total: 20791 ns
[2025-08-21T22:27:53.642+0000][1692007][info ][gc,start    ] GC(608) Pause Young (Prepare Mixed) (G1 Evacuation Pause)
[2025-08-21T22:27:53.643+0000][1692007][info ][gc,task     ] GC(608) Using 1 workers of 1 for evacuation
[2025-08-21T22:27:53.643+0000][1692007][debug][gc,age      ] GC(608) Desired survivor size 18874368 bytes, new threshold 15 (max threshold 15)
[2025-08-21T22:27:53.687+0000][1692007][info ][gc,phases   ] GC(608)   Pre Evacuate Collection Set: 0.1ms
[2025-08-21T22:27:53.687+0000][1692007][info ][gc,phases   ] GC(608)   Merge Heap Roots: 1.3ms
[2025-08-21T22:27:53.687+0000][1692007][info ][gc,phases   ] GC(608)   Evacuate Collection Set: 35.7ms
[2025-08-21T22:27:53.687+0000][1692007][info ][gc,phases   ] GC(608)   Post Evacuate Collection Set: 4.3ms
[2025-08-21T22:27:53.688+0000][1692007][info ][gc,phases   ] GC(608)   Other: 3.1ms
[2025-08-21T22:27:53.688+0000][1692007][trace][gc,age      ] GC(608) Age table with threshold 15 (max threshold 15)
[2025-08-21T22:27:53.688+0000][1692007][trace][gc,age      ] GC(608) - age   1:   37539680 bytes,   37539680 total
[2025-08-21T22:27:53.688+0000][1692007][trace][gc,age      ] GC(608) - age   2:       1376 bytes,   37541056 total
[2025-08-21T22:27:53.688+0000][1692007][trace][gc,age      ] GC(608) - age   3:        544 bytes,   37541600 total
[2025-08-21T22:27:53.688+0000][1692007][trace][gc,age      ] GC(608) - age   4:       7600 bytes,   37549200 total
[2025-08-21T22:27:53.688+0000][1692007][info ][gc,heap     ] GC(608) Eden regions: 69->0(2)
[2025-08-21T22:27:53.688+0000][1692007][info ][gc,heap     ] GC(608) Survivor regions: 1->9(9)
[2025-08-21T22:27:53.688+0000][1692007][info ][gc,heap     ] GC(608) Old regions: 32->33
[2025-08-21T22:27:53.688+0000][1692007][info ][gc,heap     ] GC(608) Humongous regions: 0->0
[2025-08-21T22:27:53.688+0000][1692007][info ][gc,metaspace] GC(608) Metaspace: 143133K(148224K)->143133K(148224K) NonClass: 124274K(126976K)->124274K(126976K) Class: 18859K(21248K)->18859K(21248K)
[2025-08-21T22:27:53.688+0000][1692007][info ][gc          ] GC(608) Pause Young (Prepare Mixed) (G1 Evacuation Pause) 403M->165M(512M) 46.825ms
[2025-08-21T22:27:53.688+0000][1692007][info ][gc,cpu      ] GC(608) User=0.01s Sys=0.00s Real=0.05s
[2025-08-21T22:27:53.688+0000][1692007][info ][safepoint   ] Safepoint "G1CollectForAllocation", Time since last: 18439483669 ns, Reaching safepoint: 34022 ns, Cleanup: 4717 ns, At safepoint: 50766011 ns, Total: 50804750 ns
[2025-08-21T22:27:53.936+0000][1692007][info ][gc,start    ] GC(609) Pause Young (Mixed) (G1 Evacuation Pause)
[2025-08-21T22:27:53.936+0000][1692007][info ][gc,task     ] GC(609) Using 1 workers of 1 for evacuation
[2025-08-21T22:27:53.936+0000][1692007][debug][gc,age      ] GC(609) Desired survivor size 18874368 bytes, new threshold 1 (max threshold 15)
[2025-08-21T22:27:53.993+0000][1692007][info ][gc,phases   ] GC(609)   Pre Evacuate Collection Set: 0.0ms
[2025-08-21T22:27:53.993+0000][1692007][info ][gc,phases   ] GC(609)   Merge Heap Roots: 0.0ms
[2025-08-21T22:27:53.993+0000][1692007][info ][gc,phases   ] GC(609)   Evacuate Collection Set: 41.0ms
[2025-08-21T22:27:53.993+0000][1692007][info ][gc,phases   ] GC(609)   Post Evacuate Collection Set: 16.4ms
[2025-08-21T22:27:53.993+0000][1692007][info ][gc,phases   ] GC(609)   Other: 0.0ms
[2025-08-21T22:27:53.993+0000][1692007][trace][gc,age      ] GC(609) Age table with threshold 1 (max threshold 15)
[2025-08-21T22:27:53.993+0000][1692007][trace][gc,age      ] GC(609) - age   1:   37652128 bytes,   37652128 total
[2025-08-21T22:27:53.993+0000][1692007][info ][gc,heap     ] GC(609) Eden regions: 63->0(1)
[2025-08-21T22:27:53.993+0000][1692007][info ][gc,heap     ] GC(609) Survivor regions: 9->9(9)
[2025-08-21T22:27:53.993+0000][1692007][info ][gc,heap     ] GC(609) Old regions: 33->59
[2025-08-21T22:27:53.993+0000][1692007][info ][gc,heap     ] GC(609) Humongous regions: 0->0
[2025-08-21T22:27:53.993+0000][1692007][info ][gc,metaspace] GC(609) Metaspace: 143133K(148224K)->143133K(148224K) NonClass: 124274K(126976K)->124274K(126976K) Class: 18859K(21248K)->18859K(21248K)
[2025-08-21T22:27:53.994+0000][1692007][info ][gc          ] GC(609) Pause Young (Mixed) (G1 Evacuation Pause) (Evacuation Failure) 417M->272M(512M) 57.623ms
[2025-08-21T22:27:53.994+0000][1692007][info ][gc,cpu      ] GC(609) User=0.02s Sys=0.00s Real=0.05s
[2025-08-21T22:27:53.994+0000][1692007][info ][safepoint   ] Safepoint "G1CollectForAllocation", Time since last: 247486866 ns, Reaching safepoint: 5599 ns, Cleanup: 3595 ns, At safepoint: 57671207 ns, Total: 57680401 ns
[2025-08-21T22:27:54.000+0000][1692007][info ][gc,start    ] GC(610) Pause Young (Mixed) (G1 Evacuation Pause)
[2025-08-21T22:27:54.000+0000][1692007][info ][gc,task     ] GC(610) Using 1 workers of 1 for evacuation
[2025-08-21T22:27:54.000+0000][1692007][debug][gc,age      ] GC(610) Desired survivor size 4194304 bytes, new threshold 1 (max threshold 15)
[2025-08-21T22:27:54.015+0000][1692007][info ][gc,phases   ] GC(610)   Pre Evacuate Collection Set: 0.0ms
[2025-08-21T22:27:54.015+0000][1692007][info ][gc,phases   ] GC(610)   Merge Heap Roots: 0.0ms
[2025-08-21T22:27:54.015+0000][1692007][info ][gc,phases   ] GC(610)   Evacuate Collection Set: 14.1ms
[2025-08-21T22:27:54.015+0000][1692007][info ][gc,phases   ] GC(610)   Post Evacuate Collection Set: 0.9ms
[2025-08-21T22:27:54.015+0000][1692007][info ][gc,phases   ] GC(610)   Other: 0.0ms
[2025-08-21T22:27:54.015+0000][1692007][trace][gc,age      ] GC(610) Age table with threshold 1 (max threshold 15)
[2025-08-21T22:27:54.015+0000][1692007][trace][gc,age      ] GC(610) - age   1:    1800312 bytes,    1800312 total
[2025-08-21T22:27:54.015+0000][1692007][info ][gc,heap     ] GC(610) Eden regions: 1->0(40)
[2025-08-21T22:27:54.015+0000][1692007][info ][gc,heap     ] GC(610) Survivor regions: 9->1(2)
[2025-08-21T22:27:54.015+0000][1692007][info ][gc,heap     ] GC(610) Old regions: 59->68
[2025-08-21T22:27:54.015+0000][1692007][info ][gc,heap     ] GC(610) Humongous regions: 0->0
[2025-08-21T22:27:54.015+0000][1692007][info ][gc,metaspace] GC(610) Metaspace: 143133K(148224K)->143133K(148224K) NonClass: 124274K(126976K)->124274K(126976K) Class: 18859K(21248K)->18859K(21248K)
[2025-08-21T22:27:54.015+0000][1692007][info ][gc          ] GC(610) Pause Young (Mixed) (G1 Evacuation Pause) 276M->272M(512M) 15.127ms
[2025-08-21T22:27:54.015+0000][1692007][info ][gc,cpu      ] GC(610) User=0.01s Sys=0.00s Real=0.02s
[2025-08-21T22:27:54.015+0000][1692007][info ][safepoint   ] Safepoint "G1CollectForAllocation", Time since last: 6647858 ns, Reaching safepoint: 8272 ns, Cleanup: 2354 ns, At safepoint: 15171116 ns, Total: 15181742 ns
[2025-08-21T22:27:54.127+0000][1692007][info ][gc,start    ] GC(611) Pause Young (Concurrent Start) (G1 Evacuation Pause)
[2025-08-21T22:27:54.127+0000][1692007][info ][gc,task     ] GC(611) Using 1 workers of 1 for evacuation
[2025-08-21T22:27:54.127+0000][1692007][debug][gc,age      ] GC(611) Desired survivor size 12582912 bytes, new threshold 15 (max threshold 15)
[2025-08-21T22:27:54.130+0000][1692007][info ][gc,phases   ] GC(611)   Pre Evacuate Collection Set: 0.0ms
[2025-08-21T22:27:54.130+0000][1692007][info ][gc,phases   ] GC(611)   Merge Heap Roots: 0.0ms
[2025-08-21T22:27:54.130+0000][1692007][info ][gc,phases   ] GC(611)   Evacuate Collection Set: 2.2ms
[2025-08-21T22:27:54.130+0000][1692007][info ][gc,phases   ] GC(611)   Post Evacuate Collection Set: 0.8ms
[2025-08-21T22:27:54.131+0000][1692007][info ][gc,phases   ] GC(611)   Other: 0.0ms
[2025-08-21T22:27:54.131+0000][1692007][trace][gc,age      ] GC(611) Age table with threshold 15 (max threshold 15)
[2025-08-21T22:27:54.131+0000][1692007][trace][gc,age      ] GC(611) - age   1:    8836648 bytes,    8836648 total
[2025-08-21T22:27:54.131+0000][1692007][trace][gc,age      ] GC(611) - age   2:     132104 bytes,    8968752 total
[2025-08-21T22:27:54.131+0000][1692007][info ][gc,heap     ] GC(611) Eden regions: 40->0(40)
[2025-08-21T22:27:54.131+0000][1692007][info ][gc,heap     ] GC(611) Survivor regions: 1->3(6)
[2025-08-21T22:27:54.131+0000][1692007][info ][gc,heap     ] GC(611) Old regions: 68->68
[2025-08-21T22:27:54.131+0000][1692007][info ][gc,heap     ] GC(611) Humongous regions: 0->0
[2025-08-21T22:27:54.131+0000][1692007][info ][gc,metaspace] GC(611) Metaspace: 143133K(148224K)->143133K(148224K) NonClass: 124274K(126976K)->124274K(126976K) Class: 18859K(21248K)->18859K(21248K)
[2025-08-21T22:27:54.131+0000][1692007][info ][gc          ] GC(611) Pause Young (Concurrent Start) (G1 Evacuation Pause) 432M->279M(512M) 3.171ms
[2025-08-21T22:27:54.131+0000][1692007][info ][gc,cpu      ] GC(611) User=0.00s Sys=0.00s Real=0.00s
[2025-08-21T22:27:54.131+0000][1692007][info ][safepoint   ] Safepoint "G1CollectForAllocation", Time since last: 111967138 ns, Reaching safepoint: 5668 ns, Cleanup: 14142 ns, At safepoint: 3214563 ns, Total: 3234373 ns
[2025-08-21T22:27:54.135+0000][1692007][info ][gc          ] GC(612) Concurrent Mark Cycle
[2025-08-21T22:27:54.135+0000][1692007][info ][gc,marking  ] GC(612) Concurrent Scan Root Regions
[2025-08-21T22:27:54.136+0000][1692007][info ][gc,marking  ] GC(612) Concurrent Scan Root Regions 0.704ms
[2025-08-21T22:27:54.136+0000][1692007][info ][gc,marking  ] GC(612) Concurrent Mark
[2025-08-21T22:27:54.136+0000][1692007][info ][gc,marking  ] GC(612) Concurrent Mark From Roots
[2025-08-21T22:27:54.136+0000][1692007][info ][gc,task     ] GC(612) Using 1 workers of 1 for marking
[2025-08-21T22:27:54.326+0000][1692007][info ][gc,marking  ] GC(612) Concurrent Mark From Roots 190.291ms
[2025-08-21T22:27:54.326+0000][1692007][info ][gc,marking  ] GC(612) Concurrent Preclean
[2025-08-21T22:27:54.327+0000][1692007][info ][gc,marking  ] GC(612) Concurrent Preclean 0.419ms
[2025-08-21T22:27:54.327+0000][1692007][info ][gc,start    ] GC(612) Pause Remark
[2025-08-21T22:27:54.347+0000][1692007][info ][gc          ] GC(612) Pause Remark 357M->325M(512M) 20.503ms
[2025-08-21T22:27:54.347+0000][1692007][info ][gc,cpu      ] GC(612) User=0.01s Sys=0.00s Real=0.02s
[2025-08-21T22:27:54.347+0000][1692007][info ][safepoint   ] Safepoint "G1PauseRemark", Time since last: 196283416 ns, Reaching safepoint: 5057 ns, Cleanup: 3155 ns, At safepoint: 20546944 ns, Total: 20555156 ns
[2025-08-21T22:27:54.347+0000][1692007][info ][gc,marking  ] GC(612) Concurrent Mark 211.339ms
[2025-08-21T22:27:54.347+0000][1692007][info ][gc,marking  ] GC(612) Concurrent Rebuild Remembered Sets and Scrub Regions
[2025-08-21T22:27:54.397+0000][1692007][info ][gc,marking  ] GC(612) Concurrent Rebuild Remembered Sets and Scrub Regions 49.835ms
[2025-08-21T22:27:54.397+0000][1692007][info ][gc,start    ] GC(612) Pause Cleanup
[2025-08-21T22:27:54.397+0000][1692007][info ][gc          ] GC(612) Pause Cleanup 325M->325M(512M) 0.057ms
[2025-08-21T22:27:54.397+0000][1692007][info ][gc,cpu      ] GC(612) User=0.00s Sys=0.00s Real=0.00s
[2025-08-21T22:27:54.397+0000][1692007][info ][safepoint   ] Safepoint "G1PauseCleanup", Time since last: 49901816 ns, Reaching safepoint: 3935 ns, Cleanup: 3396 ns, At safepoint: 83716 ns, Total: 91047 ns
[2025-08-21T22:27:54.397+0000][1692007][info ][gc,marking  ] GC(612) Concurrent Clear Claimed Marks
[2025-08-21T22:27:54.398+0000][1692007][info ][gc,marking  ] GC(612) Concurrent Clear Claimed Marks 0.189ms
[2025-08-21T22:27:54.398+0000][1692007][info ][gc,marking  ] GC(612) Concurrent Cleanup for Next Mark
[2025-08-21T22:27:54.398+0000][1692007][info ][gc,marking  ] GC(612) Concurrent Cleanup for Next Mark 0.267ms
[2025-08-21T22:27:54.398+0000][1692007][info ][gc          ] GC(612) Concurrent Mark Cycle 262.514ms
[2025-08-21T22:27:56.398+0000][1692007][info ][safepoint   ] Safepoint "Cleanup", Time since last: 2000304730 ns, Reaching safepoint: 9304 ns, Cleanup: 16976 ns, At safepoint: 2033 ns, Total: 28313 ns
[2025-08-21T22:27:57.230+0000][1692007][info ][gc,start    ] GC(613) Pause Young (Prepare Mixed) (G1 Evacuation Pause)
[2025-08-21T22:27:57.230+0000][1692007][info ][gc,task     ] GC(613) Using 1 workers of 1 for evacuation
[2025-08-21T22:27:57.230+0000][1692007][debug][gc,age      ] GC(613) Desired survivor size 12582912 bytes, new threshold 15 (max threshold 15)
[2025-08-21T22:27:57.240+0000][1692007][info ][gc,phases   ] GC(613)   Pre Evacuate Collection Set: 0.0ms
[2025-08-21T22:27:57.240+0000][1692007][info ][gc,phases   ] GC(613)   Merge Heap Roots: 0.2ms
[2025-08-21T22:27:57.240+0000][1692007][info ][gc,phases   ] GC(613)   Evacuate Collection Set: 6.4ms
[2025-08-21T22:27:57.240+0000][1692007][info ][gc,phases   ] GC(613)   Post Evacuate Collection Set: 3.1ms
[2025-08-21T22:27:57.240+0000][1692007][info ][gc,phases   ] GC(613)   Other: 0.0ms
[2025-08-21T22:27:57.240+0000][1692007][trace][gc,age      ] GC(613) Age table with threshold 15 (max threshold 15)
[2025-08-21T22:27:57.240+0000][1692007][trace][gc,age      ] GC(613) - age   1:   10267376 bytes,   10267376 total
[2025-08-21T22:27:57.240+0000][1692007][info ][gc,heap     ] GC(613) Eden regions: 40->0(48)
[2025-08-21T22:27:57.240+0000][1692007][info ][gc,heap     ] GC(613) Survivor regions: 3->3(6)
[2025-08-21T22:27:57.240+0000][1692007][info ][gc,heap     ] GC(613) Old regions: 60->60
[2025-08-21T22:27:57.240+0000][1692007][info ][gc,heap     ] GC(613) Humongous regions: 0->0
[2025-08-21T22:27:57.240+0000][1692007][info ][gc,metaspace] GC(613) Metaspace: 143147K(148224K)->143147K(148224K) NonClass: 124287K(126976K)->124287K(126976K) Class: 18859K(21248K)->18859K(21248K)
[2025-08-21T22:27:57.240+0000][1692007][info ][gc          ] GC(613) Pause Young (Prepare Mixed) (G1 Evacuation Pause) 407M->249M(512M) 9.904ms
[2025-08-21T22:27:57.240+0000][1692007][info ][gc,cpu      ] GC(613) User=0.01s Sys=0.00s Real=0.01s
[2025-08-21T22:27:57.240+0000][1692007][info ][safepoint   ] Safepoint "G1CollectForAllocation", Time since last: 832345275 ns, Reaching safepoint: 6280 ns, Cleanup: 5989 ns, At safepoint: 9947229 ns, Total: 9959498 ns
[2025-08-21T22:27:58.524+0000][1692007][info ][gc,start    ] GC(614) Pause Young (Mixed) (G1 Evacuation Pause)
[2025-08-21T22:27:58.524+0000][1692007][info ][gc,task     ] GC(614) Using 1 workers of 1 for evacuation
[2025-08-21T22:27:58.524+0000][1692007][debug][gc,age      ] GC(614) Desired survivor size 14680064 bytes, new threshold 15 (max threshold 15)
[2025-08-21T22:27:58.528+0000][1692007][info ][gc,phases   ] GC(614)   Pre Evacuate Collection Set: 0.1ms
[2025-08-21T22:27:58.528+0000][1692007][info ][gc,phases   ] GC(614)   Merge Heap Roots: 0.0ms
[2025-08-21T22:27:58.528+0000][1692007][info ][gc,phases   ] GC(614)   Evacuate Collection Set: 3.1ms
[2025-08-21T22:27:58.528+0000][1692007][info ][gc,phases   ] GC(614)   Post Evacuate Collection Set: 1.0ms
[2025-08-21T22:27:58.528+0000][1692007][info ][gc,phases   ] GC(614)   Other: 0.0ms
[2025-08-21T22:27:58.528+0000][1692007][trace][gc,age      ] GC(614) Age table with threshold 15 (max threshold 15)
[2025-08-21T22:27:58.528+0000][1692007][trace][gc,age      ] GC(614) - age   1:    9213216 bytes,    9213216 total
[2025-08-21T22:27:58.528+0000][1692007][trace][gc,age      ] GC(614) - age   2:     832688 bytes,   10045904 total
[2025-08-21T22:27:58.528+0000][1692007][info ][gc,heap     ] GC(614) Eden regions: 48->0(55)
[2025-08-21T22:27:58.528+0000][1692007][info ][gc,heap     ] GC(614) Survivor regions: 3->3(7)
[2025-08-21T22:27:58.528+0000][1692007][info ][gc,heap     ] GC(614) Old regions: 60->53
[2025-08-21T22:27:58.528+0000][1692007][info ][gc,heap     ] GC(614) Humongous regions: 0->0
[2025-08-21T22:27:58.528+0000][1692007][info ][gc,metaspace] GC(614) Metaspace: 143160K(148224K)->143160K(148224K) NonClass: 124300K(126976K)->124300K(126976K) Class: 18859K(21248K)->18859K(21248K)
[2025-08-21T22:27:58.528+0000][1692007][info ][gc          ] GC(614) Pause Young (Mixed) (G1 Evacuation Pause) 441M->220M(512M) 4.265ms
[2025-08-21T22:27:58.528+0000][1692007][info ][gc,cpu      ] GC(614) User=0.00s Sys=0.00s Real=0.01s
[2025-08-21T22:27:58.528+0000][1692007][info ][safepoint   ] Safepoint "G1CollectForAllocation", Time since last: 1283539066 ns, Reaching safepoint: 29575 ns, Cleanup: 8964 ns, At safepoint: 4309987 ns, Total: 4348526 ns
[2025-08-21T22:27:59.528+0000][1692007][info ][safepoint   ] Safepoint "Cleanup", Time since last: 1000237113 ns, Reaching safepoint: 5268 ns, Cleanup: 7842 ns, At safepoint: 1642 ns, Total: 14752 ns
[2025-08-21T22:28:00.418+0000][1692007][info ][gc,start    ] GC(615) Pause Young (Concurrent Start) (G1 Evacuation Pause)
[2025-08-21T22:28:00.418+0000][1692007][info ][gc,task     ] GC(615) Using 1 workers of 1 for evacuation
[2025-08-21T22:28:00.418+0000][1692007][debug][gc,age      ] GC(615) Desired survivor size 16777216 bytes, new threshold 15 (max threshold 15)
[2025-08-21T22:28:00.423+0000][1692007][info ][gc,phases   ] GC(615)   Pre Evacuate Collection Set: 0.0ms
[2025-08-21T22:28:00.423+0000][1692007][info ][gc,phases   ] GC(615)   Merge Heap Roots: 0.0ms
[2025-08-21T22:28:00.423+0000][1692007][info ][gc,phases   ] GC(615)   Evacuate Collection Set: 3.8ms
[2025-08-21T22:28:00.423+0000][1692007][info ][gc,phases   ] GC(615)   Post Evacuate Collection Set: 1.0ms
[2025-08-21T22:28:00.423+0000][1692007][info ][gc,phases   ] GC(615)   Other: 0.0ms
[2025-08-21T22:28:00.423+0000][1692007][trace][gc,age      ] GC(615) Age table with threshold 15 (max threshold 15)
[2025-08-21T22:28:00.423+0000][1692007][trace][gc,age      ] GC(615) - age   1:   12353984 bytes,   12353984 total
[2025-08-21T22:28:00.423+0000][1692007][trace][gc,age      ] GC(615) - age   2:      45072 bytes,   12399056 total
[2025-08-21T22:28:00.423+0000][1692007][trace][gc,age      ] GC(615) - age   3:     110424 bytes,   12509480 total
[2025-08-21T22:28:00.423+0000][1692007][info ][gc,heap     ] GC(615) Eden regions: 55->0(55)
[2025-08-21T22:28:00.423+0000][1692007][info ][gc,heap     ] GC(615) Survivor regions: 3->3(8)
[2025-08-21T22:28:00.423+0000][1692007][info ][gc,heap     ] GC(615) Old regions: 53->53
[2025-08-21T22:28:00.423+0000][1692007][info ][gc,heap     ] GC(615) Humongous regions: 0->0
[2025-08-21T22:28:00.423+0000][1692007][info ][gc,metaspace] GC(615) Metaspace: 143193K(148224K)->143193K(148224K) NonClass: 124332K(126976K)->124332K(126976K) Class: 18861K(21248K)->18861K(21248K)
[2025-08-21T22:28:00.423+0000][1692007][info ][gc          ] GC(615) Pause Young (Concurrent Start) (G1 Evacuation Pause) 440M->222M(512M) 5.031ms
[2025-08-21T22:28:00.423+0000][1692007][info ][gc,cpu      ] GC(615) User=0.01s Sys=0.00s Real=0.00s
[2025-08-21T22:28:00.423+0000][1692007][info ][safepoint   ] Safepoint "G1CollectForAllocation", Time since last: 889529117 ns, Reaching safepoint: 4237 ns, Cleanup: 42404 ns, At safepoint: 5076615 ns, Total: 5123256 ns
[2025-08-21T22:28:00.424+0000][1692007][info ][gc          ] GC(616) Concurrent Mark Cycle
[2025-08-21T22:28:00.424+0000][1692007][info ][gc,marking  ] GC(616) Concurrent Scan Root Regions
[2025-08-21T22:28:00.425+0000][1692007][info ][gc,marking  ] GC(616) Concurrent Scan Root Regions 1.115ms
[2025-08-21T22:28:00.425+0000][1692007][info ][gc,marking  ] GC(616) Concurrent Mark
[2025-08-21T22:28:00.426+0000][1692007][info ][gc,marking  ] GC(616) Concurrent Mark From Roots
[2025-08-21T22:28:00.426+0000][1692007][info ][gc,task     ] GC(616) Using 1 workers of 1 for marking
[2025-08-21T22:28:00.681+0000][1692007][info ][gc,marking  ] GC(616) Concurrent Mark From Roots 255.021ms
[2025-08-21T22:28:00.681+0000][1692007][info ][gc,marking  ] GC(616) Concurrent Preclean
[2025-08-21T22:28:00.681+0000][1692007][info ][gc,marking  ] GC(616) Concurrent Preclean 0.426ms
[2025-08-21T22:28:00.681+0000][1692007][info ][gc,start    ] GC(616) Pause Remark
[2025-08-21T22:28:00.701+0000][1692007][info ][gc          ] GC(616) Pause Remark 236M->144M(512M) 19.633ms
[2025-08-21T22:28:00.701+0000][1692007][info ][gc,cpu      ] GC(616) User=0.01s Sys=0.00s Real=0.02s
[2025-08-21T22:28:00.701+0000][1692007][info ][safepoint   ] Safepoint "G1PauseRemark", Time since last: 258159711 ns, Reaching safepoint: 70276 ns, Cleanup: 8793 ns, At safepoint: 19682479 ns, Total: 19761548 ns
[2025-08-21T22:28:00.701+0000][1692007][info ][gc,marking  ] GC(616) Concurrent Mark 275.276ms
[2025-08-21T22:28:00.701+0000][1692007][info ][gc,marking  ] GC(616) Concurrent Rebuild Remembered Sets and Scrub Regions
[2025-08-21T22:28:00.780+0000][1692007][info ][gc,marking  ] GC(616) Concurrent Rebuild Remembered Sets and Scrub Regions 79.497ms
[2025-08-21T22:28:00.780+0000][1692007][info ][gc,start    ] GC(616) Pause Cleanup
[2025-08-21T22:28:00.780+0000][1692007][info ][gc          ] GC(616) Pause Cleanup 144M->144M(512M) 0.055ms
[2025-08-21T22:28:00.780+0000][1692007][info ][gc,cpu      ] GC(616) User=0.00s Sys=0.00s Real=0.00s
[2025-08-21T22:28:00.780+0000][1692007][info ][safepoint   ] Safepoint "G1PauseCleanup", Time since last: 79561769 ns, Reaching safepoint: 4397 ns, Cleanup: 1722 ns, At safepoint: 81854 ns, Total: 87973 ns
[2025-08-21T22:28:00.780+0000][1692007][info ][gc,marking  ] GC(616) Concurrent Clear Claimed Marks
[2025-08-21T22:28:00.781+0000][1692007][info ][gc,marking  ] GC(616) Concurrent Clear Claimed Marks 0.188ms
[2025-08-21T22:28:00.781+0000][1692007][info ][gc,marking  ] GC(616) Concurrent Cleanup for Next Mark
[2025-08-21T22:28:00.781+0000][1692007][info ][gc,marking  ] GC(616) Concurrent Cleanup for Next Mark 0.293ms
[2025-08-21T22:28:00.781+0000][1692007][info ][gc          ] GC(616) Concurrent Mark Cycle 356.545ms
[2025-08-21T22:28:01.781+0000][1692007][info ][safepoint   ] Safepoint "Cleanup", Time since last: 1000071432 ns, Reaching safepoint: 6761 ns, Cleanup: 17937 ns, At safepoint: 2203 ns, Total: 26901 ns
[2025-08-21T22:28:02.781+0000][1692007][info ][safepoint   ] Safepoint "Cleanup", Time since last: 1000092725 ns, Reaching safepoint: 92800 ns, Cleanup: 22745 ns, At safepoint: 4807 ns, Total: 120352 ns
[2025-08-21T22:28:04.781+0000][1692007][info ][safepoint   ] Safepoint "Cleanup", Time since last: 2000148274 ns, Reaching safepoint: 6129 ns, Cleanup: 21532 ns, At safepoint: 2194 ns, Total: 29855 ns
[2025-08-21T22:28:06.816+0000][1692007][info ][gc,start    ] GC(617) Pause Young (Prepare Mixed) (G1 Evacuation Pause)
[2025-08-21T22:28:06.817+0000][1692007][info ][gc,task     ] GC(617) Using 1 workers of 1 for evacuation
[2025-08-21T22:28:06.817+0000][1692007][debug][gc,age      ] GC(617) Desired survivor size 16777216 bytes, new threshold 15 (max threshold 15)
[2025-08-21T22:28:06.822+0000][1692007][info ][gc,phases   ] GC(617)   Pre Evacuate Collection Set: 0.0ms
[2025-08-21T22:28:06.822+0000][1692007][info ][gc,phases   ] GC(617)   Merge Heap Roots: 0.0ms
[2025-08-21T22:28:06.822+0000][1692007][info ][gc,phases   ] GC(617)   Evacuate Collection Set: 3.6ms
[2025-08-21T22:28:06.822+0000][1692007][info ][gc,phases   ] GC(617)   Post Evacuate Collection Set: 1.0ms
[2025-08-21T22:28:06.822+0000][1692007][info ][gc,phases   ] GC(617)   Other: 0.0ms
[2025-08-21T22:28:06.822+0000][1692007][trace][gc,age      ] GC(617) Age table with threshold 15 (max threshold 15)
[2025-08-21T22:28:06.822+0000][1692007][trace][gc,age      ] GC(617) - age   1:   12020800 bytes,   12020800 total
[2025-08-21T22:28:06.822+0000][1692007][trace][gc,age      ] GC(617) - age   2:     409112 bytes,   12429912 total
[2025-08-21T22:28:06.822+0000][1692007][trace][gc,age      ] GC(617) - age   3:        656 bytes,   12430568 total
[2025-08-21T22:28:06.822+0000][1692007][trace][gc,age      ] GC(617) - age   4:     105840 bytes,   12536408 total
[2025-08-21T22:28:06.822+0000][1692007][info ][gc,heap     ] GC(617) Eden regions: 55->0(73)
[2025-08-21T22:28:06.822+0000][1692007][info ][gc,heap     ] GC(617) Survivor regions: 3->3(8)
[2025-08-21T22:28:06.822+0000][1692007][info ][gc,heap     ] GC(617) Old regions: 30->30
[2025-08-21T22:28:06.822+0000][1692007][info ][gc,heap     ] GC(617) Humongous regions: 0->0
[2025-08-21T22:28:06.822+0000][1692007][info ][gc,metaspace] GC(617) Metaspace: 143226K(148224K)->143226K(148224K) NonClass: 124365K(126976K)->124365K(126976K) Class: 18861K(21248K)->18861K(21248K)
[2025-08-21T22:28:06.822+0000][1692007][info ][gc          ] GC(617) Pause Young (Prepare Mixed) (G1 Evacuation Pause) 350M->130M(512M) 5.823ms
[2025-08-21T22:28:06.822+0000][1692007][info ][gc,cpu      ] GC(617) User=0.01s Sys=0.01s Real=0.00s
[2025-08-21T22:28:06.822+0000][1692007][info ][safepoint   ] Safepoint "G1CollectForAllocation", Time since last: 2034873435 ns, Reaching safepoint: 5528 ns, Cleanup: 6530 ns, At safepoint: 5864184 ns, Total: 5876242 ns
[2025-08-21T22:28:07.822+0000][1692007][info ][safepoint   ] Safepoint "Cleanup", Time since last: 1000072594 ns, Reaching safepoint: 6500 ns, Cleanup: 10997 ns, At safepoint: 2003 ns, Total: 19500 ns
[2025-08-21T22:28:09.824+0000][1692007][info ][safepoint   ] Safepoint "Cleanup", Time since last: 2001913649 ns, Reaching safepoint: 32059 ns, Cleanup: 14572 ns, At safepoint: 2433 ns, Total: 49064 ns
[2025-08-21T22:28:10.824+0000][1692007][info ][safepoint   ] Safepoint "Cleanup", Time since last: 1000088479 ns, Reaching safepoint: 6029 ns, Cleanup: 21923 ns, At safepoint: 2093 ns, Total: 30045 ns
[2025-08-21T22:28:11.218+0000][1692007][info ][gc,start    ] GC(618) Pause Young (Mixed) (G1 Evacuation Pause)
[2025-08-21T22:28:11.218+0000][1692007][info ][gc,task     ] GC(618) Using 1 workers of 1 for evacuation
[2025-08-21T22:28:11.218+0000][1692007][debug][gc,age      ] GC(618) Desired survivor size 20971520 bytes, new threshold 15 (max threshold 15)
[2025-08-21T22:28:11.232+0000][1692007][info ][gc,phases   ] GC(618)   Pre Evacuate Collection Set: 0.1ms
[2025-08-21T22:28:11.232+0000][1692007][info ][gc,phases   ] GC(618)   Merge Heap Roots: 0.0ms
[2025-08-21T22:28:11.232+0000][1692007][info ][gc,phases   ] GC(618)   Evacuate Collection Set: 12.2ms
[2025-08-21T22:28:11.232+0000][1692007][info ][gc,phases   ] GC(618)   Post Evacuate Collection Set: 1.6ms
[2025-08-21T22:28:11.232+0000][1692007][info ][gc,phases   ] GC(618)   Other: 0.2ms
[2025-08-21T22:28:11.232+0000][1692007][trace][gc,age      ] GC(618) Age table with threshold 15 (max threshold 15)
[2025-08-21T22:28:11.232+0000][1692007][trace][gc,age      ] GC(618) - age   1:    9890344 bytes,    9890344 total
[2025-08-21T22:28:11.232+0000][1692007][trace][gc,age      ] GC(618) - age   2:     183400 bytes,   10073744 total
[2025-08-21T22:28:11.232+0000][1692007][trace][gc,age      ] GC(618) - age   3:       3576 bytes,   10077320 total
[2025-08-21T22:28:11.232+0000][1692007][trace][gc,age      ] GC(618) - age   4:        544 bytes,   10077864 total
[2025-08-21T22:28:11.232+0000][1692007][trace][gc,age      ] GC(618) - age   5:     105840 bytes,   10183704 total
[2025-08-21T22:28:11.232+0000][1692007][info ][gc,heap     ] GC(618) Eden regions: 73->0(73)
[2025-08-21T22:28:11.232+0000][1692007][info ][gc,heap     ] GC(618) Survivor regions: 3->3(10)
[2025-08-21T22:28:11.232+0000][1692007][info ][gc,heap     ] GC(618) Old regions: 30->29
[2025-08-21T22:28:11.232+0000][1692007][info ][gc,heap     ] GC(618) Humongous regions: 0->0
[2025-08-21T22:28:11.232+0000][1692007][info ][gc,metaspace] GC(618) Metaspace: 143256K(148288K)->143256K(148288K) NonClass: 124395K(127040K)->124395K(127040K) Class: 18861K(21248K)->18861K(21248K)
[2025-08-21T22:28:11.232+0000][1692007][info ][gc          ] GC(618) Pause Young (Mixed) (G1 Evacuation Pause) 422M->124M(512M) 14.193ms
[2025-08-21T22:28:11.232+0000][1692007][info ][gc,cpu      ] GC(618) User=0.01s Sys=0.00s Real=0.01s
[2025-08-21T22:28:11.232+0000][1692007][info ][safepoint   ] Safepoint "G1CollectForAllocation", Time since last: 393957160 ns, Reaching safepoint: 259422 ns, Cleanup: 5969 ns, At safepoint: 14233941 ns, Total: 14499332 ns
[2025-08-21T22:28:12.232+0000][1692007][info ][safepoint   ] Safepoint "Cleanup", Time since last: 1000067327 ns, Reaching safepoint: 5268 ns, Cleanup: 13200 ns, At safepoint: 1673 ns, Total: 20141 ns
[2025-08-21T22:28:14.234+0000][1692007][info ][safepoint   ] Safepoint "Cleanup", Time since last: 2000414605 ns, Reaching safepoint: 34102 ns, Cleanup: 903805 ns, At safepoint: 2824 ns, Total: 940731 ns
[2025-08-21T22:28:14.770+0000][1692007][info ][gc,start    ] GC(619) Pause Young (Concurrent Start) (G1 Evacuation Pause)
[2025-08-21T22:28:14.771+0000][1692007][info ][gc,task     ] GC(619) Using 1 workers of 1 for evacuation
[2025-08-21T22:28:14.771+0000][1692007][debug][gc,age      ] GC(619) Desired survivor size 20971520 bytes, new threshold 15 (max threshold 15)
[2025-08-21T22:28:14.775+0000][1692007][info ][gc,phases   ] GC(619)   Pre Evacuate Collection Set: 0.1ms
[2025-08-21T22:28:14.775+0000][1692007][info ][gc,phases   ] GC(619)   Merge Heap Roots: 0.0ms
[2025-08-21T22:28:14.775+0000][1692007][info ][gc,phases   ] GC(619)   Evacuate Collection Set: 2.9ms
[2025-08-21T22:28:14.775+0000][1692007][info ][gc,phases   ] GC(619)   Post Evacuate Collection Set: 1.3ms
[2025-08-21T22:28:14.775+0000][1692007][info ][gc,phases   ] GC(619)   Other: 1.5ms
[2025-08-21T22:28:14.775+0000][1692007][trace][gc,age      ] GC(619) Age table with threshold 15 (max threshold 15)
[2025-08-21T22:28:14.775+0000][1692007][trace][gc,age      ] GC(619) - age   1:    3127056 bytes,    3127056 total
[2025-08-21T22:28:14.775+0000][1692007][trace][gc,age      ] GC(619) - age   2:        576 bytes,    3127632 total
[2025-08-21T22:28:14.775+0000][1692007][trace][gc,age      ] GC(619) - age   3:       2000 bytes,    3129632 total
[2025-08-21T22:28:14.775+0000][1692007][trace][gc,age      ] GC(619) - age   4:       3544 bytes,    3133176 total
[2025-08-21T22:28:14.775+0000][1692007][trace][gc,age      ] GC(619) - age   5:        464 bytes,    3133640 total
[2025-08-21T22:28:14.775+0000][1692007][trace][gc,age      ] GC(619) - age   6:     105840 bytes,    3239480 total
[2025-08-21T22:28:14.775+0000][1692007][info ][gc,heap     ] GC(619) Eden regions: 73->0(75)
[2025-08-21T22:28:14.775+0000][1692007][info ][gc,heap     ] GC(619) Survivor regions: 3->1(10)
[2025-08-21T22:28:14.775+0000][1692007][info ][gc,heap     ] GC(619) Old regions: 29->29
[2025-08-21T22:28:14.775+0000][1692007][info ][gc,heap     ] GC(619) Humongous regions: 0->0
[2025-08-21T22:28:14.775+0000][1692007][info ][gc,metaspace] GC(619) Metaspace: 143270K(148288K)->143270K(148288K) NonClass: 124408K(127040K)->124408K(127040K) Class: 18861K(21248K)->18861K(21248K)
[2025-08-21T22:28:14.775+0000][1692007][info ][gc          ] GC(619) Pause Young (Concurrent Start) (G1 Evacuation Pause) 416M->118M(512M) 5.806ms
[2025-08-21T22:28:14.775+0000][1692007][info ][gc,cpu      ] GC(619) User=0.00s Sys=0.00s Real=0.01s
[2025-08-21T22:28:14.775+0000][1692007][info ][safepoint   ] Safepoint "G1CollectForAllocation", Time since last: 535898495 ns, Reaching safepoint: 5759 ns, Cleanup: 3395 ns, At safepoint: 5850163 ns, Total: 5859317 ns
[2025-08-21T22:28:14.779+0000][1692007][info ][gc          ] GC(620) Concurrent Mark Cycle
[2025-08-21T22:28:14.779+0000][1692007][info ][gc,marking  ] GC(620) Concurrent Scan Root Regions
[2025-08-21T22:28:14.781+0000][1692007][info ][gc,marking  ] GC(620) Concurrent Scan Root Regions 1.523ms
[2025-08-21T22:28:14.781+0000][1692007][info ][gc,marking  ] GC(620) Concurrent Mark
[2025-08-21T22:28:14.781+0000][1692007][info ][gc,marking  ] GC(620) Concurrent Mark From Roots
[2025-08-21T22:28:14.781+0000][1692007][info ][gc,task     ] GC(620) Using 1 workers of 1 for marking
[2025-08-21T22:28:15.034+0000][1692007][info ][gc,marking  ] GC(620) Concurrent Mark From Roots 253.477ms
[2025-08-21T22:28:15.034+0000][1692007][info ][gc,marking  ] GC(620) Concurrent Preclean
[2025-08-21T22:28:15.035+0000][1692007][info ][gc,marking  ] GC(620) Concurrent Preclean 0.409ms
[2025-08-21T22:28:15.035+0000][1692007][info ][gc,start    ] GC(620) Pause Remark
[2025-08-21T22:28:15.058+0000][1692007][info ][gc          ] GC(620) Pause Remark 192M->192M(512M) 23.410ms
[2025-08-21T22:28:15.058+0000][1692007][info ][gc,cpu      ] GC(620) User=0.01s Sys=0.00s Real=0.03s
[2025-08-21T22:28:15.058+0000][1692007][info ][safepoint   ] Safepoint "G1PauseRemark", Time since last: 259375066 ns, Reaching safepoint: 4928 ns, Cleanup: 2474 ns, At safepoint: 23456066 ns, Total: 23463468 ns
[2025-08-21T22:28:15.062+0000][1692007][info ][gc,marking  ] GC(620) Concurrent Mark 281.452ms
[2025-08-21T22:28:15.062+0000][1692007][info ][gc,marking  ] GC(620) Concurrent Rebuild Remembered Sets and Scrub Regions
[2025-08-21T22:28:15.102+0000][1692007][info ][gc,marking  ] GC(620) Concurrent Rebuild Remembered Sets and Scrub Regions 40.041ms
[2025-08-21T22:28:15.102+0000][1692007][info ][gc,start    ] GC(620) Pause Cleanup
[2025-08-21T22:28:15.103+0000][1692007][info ][gc          ] GC(620) Pause Cleanup 192M->192M(512M) 0.051ms
[2025-08-21T22:28:15.103+0000][1692007][info ][gc,cpu      ] GC(620) User=0.00s Sys=0.00s Real=0.00s
[2025-08-21T22:28:15.103+0000][1692007][info ][safepoint   ] Safepoint "G1PauseCleanup", Time since last: 44141077 ns, Reaching safepoint: 4237 ns, Cleanup: 7962 ns, At safepoint: 78188 ns, Total: 90387 ns
[2025-08-21T22:28:15.103+0000][1692007][info ][gc,marking  ] GC(620) Concurrent Clear Claimed Marks
[2025-08-21T22:28:15.103+0000][1692007][info ][gc,marking  ] GC(620) Concurrent Clear Claimed Marks 0.188ms
[2025-08-21T22:28:15.103+0000][1692007][info ][gc,marking  ] GC(620) Concurrent Cleanup for Next Mark
[2025-08-21T22:28:15.104+0000][1692007][info ][gc,marking  ] GC(620) Concurrent Cleanup for Next Mark 0.963ms
[2025-08-21T22:28:15.104+0000][1692007][info ][gc          ] GC(620) Concurrent Mark Cycle 324.358ms
[2025-08-21T22:28:16.934+0000][1692007][info ][gc,start    ] GC(621) Pause Young (Prepare Mixed) (G1 Evacuation Pause)
[2025-08-21T22:28:16.934+0000][1692007][info ][gc,task     ] GC(621) Using 1 workers of 1 for evacuation
[2025-08-21T22:28:16.934+0000][1692007][debug][gc,age      ] GC(621) Desired survivor size 20971520 bytes, new threshold 15 (max threshold 15)
[2025-08-21T22:28:16.955+0000][1692007][info ][gc,phases   ] GC(621)   Pre Evacuate Collection Set: 0.1ms
[2025-08-21T22:28:16.955+0000][1692007][info ][gc,phases   ] GC(621)   Merge Heap Roots: 0.0ms
[2025-08-21T22:28:16.955+0000][1692007][info ][gc,phases   ] GC(621)   Evacuate Collection Set: 18.8ms
[2025-08-21T22:28:16.955+0000][1692007][info ][gc,phases   ] GC(621)   Post Evacuate Collection Set: 1.5ms
[2025-08-21T22:28:16.955+0000][1692007][info ][gc,phases   ] GC(621)   Other: 0.0ms
[2025-08-21T22:28:16.955+0000][1692007][trace][gc,age      ] GC(621) Age table with threshold 15 (max threshold 15)
[2025-08-21T22:28:16.955+0000][1692007][trace][gc,age      ] GC(621) - age   1:   13614608 bytes,   13614608 total
[2025-08-21T22:28:16.955+0000][1692007][trace][gc,age      ] GC(621) - age   2:     181120 bytes,   13795728 total
[2025-08-21T22:28:16.955+0000][1692007][trace][gc,age      ] GC(621) - age   3:        512 bytes,   13796240 total
[2025-08-21T22:28:16.955+0000][1692007][trace][gc,age      ] GC(621) - age   4:       1728 bytes,   13797968 total
[2025-08-21T22:28:16.955+0000][1692007][trace][gc,age      ] GC(621) - age   5:       3432 bytes,   13801400 total
[2025-08-21T22:28:16.955+0000][1692007][trace][gc,age      ] GC(621) - age   6:        464 bytes,   13801864 total
[2025-08-21T22:28:16.955+0000][1692007][trace][gc,age      ] GC(621) - age   7:     105840 bytes,   13907704 total
[2025-08-21T22:28:16.955+0000][1692007][info ][gc,heap     ] GC(621) Eden regions: 75->0(72)
[2025-08-21T22:28:16.955+0000][1692007][info ][gc,heap     ] GC(621) Survivor regions: 1->4(10)
[2025-08-21T22:28:16.955+0000][1692007][info ][gc,heap     ] GC(621) Old regions: 29->29
[2025-08-21T22:28:16.955+0000][1692007][info ][gc,heap     ] GC(621) Humongous regions: 0->0
[2025-08-21T22:28:16.955+0000][1692007][info ][gc,metaspace] GC(621) Metaspace: 143274K(148288K)->143274K(148288K) NonClass: 124413K(127040K)->124413K(127040K) Class: 18861K(21248K)->18861K(21248K)
[2025-08-21T22:28:16.955+0000][1692007][info ][gc          ] GC(621) Pause Young (Prepare Mixed) (G1 Evacuation Pause) 418M->128M(512M) 20.618ms
[2025-08-21T22:28:16.955+0000][1692007][info ][gc,cpu      ] GC(621) User=0.00s Sys=0.01s Real=0.02s
[2025-08-21T22:28:16.955+0000][1692007][info ][safepoint   ] Safepoint "G1CollectForAllocation", Time since last: 1831538492 ns, Reaching safepoint: 6070 ns, Cleanup: 8893 ns, At safepoint: 20662538 ns, Total: 20677501 ns
[2025-08-21T22:28:18.955+0000][1692007][info ][safepoint   ] Safepoint "Cleanup", Time since last: 2000139270 ns, Reaching safepoint: 295206 ns, Cleanup: 19610 ns, At safepoint: 2003 ns, Total: 316819 ns
[2025-08-21T22:28:19.306+0000][1692007][info ][gc,start    ] GC(622) Pause Young (Mixed) (G1 Evacuation Pause)
[2025-08-21T22:28:19.306+0000][1692007][info ][gc,task     ] GC(622) Using 1 workers of 1 for evacuation
[2025-08-21T22:28:19.306+0000][1692007][debug][gc,age      ] GC(622) Desired survivor size 20971520 bytes, new threshold 15 (max threshold 15)
[2025-08-21T22:28:19.316+0000][1692007][info ][gc,phases   ] GC(622)   Pre Evacuate Collection Set: 0.4ms
[2025-08-21T22:28:19.316+0000][1692007][info ][gc,phases   ] GC(622)   Merge Heap Roots: 0.1ms
[2025-08-21T22:28:19.316+0000][1692007][info ][gc,phases   ] GC(622)   Evacuate Collection Set: 2.0ms
[2025-08-21T22:28:19.316+0000][1692007][info ][gc,phases   ] GC(622)   Post Evacuate Collection Set: 7.7ms
[2025-08-21T22:28:19.316+0000][1692007][info ][gc,phases   ] GC(622)   Other: 0.0ms
[2025-08-21T22:28:19.316+0000][1692007][trace][gc,age      ] GC(622) Age table with threshold 15 (max threshold 15)
[2025-08-21T22:28:19.316+0000][1692007][trace][gc,age      ] GC(622) - age   1:    1096600 bytes,    1096600 total
[2025-08-21T22:28:19.316+0000][1692007][trace][gc,age      ] GC(622) - age   2:     363720 bytes,    1460320 total
[2025-08-21T22:28:19.316+0000][1692007][trace][gc,age      ] GC(622) - age   3:        144 bytes,    1460464 total
[2025-08-21T22:28:19.316+0000][1692007][trace][gc,age      ] GC(622) - age   4:        352 bytes,    1460816 total
[2025-08-21T22:28:19.316+0000][1692007][trace][gc,age      ] GC(622) - age   5:       1696 bytes,    1462512 total
[2025-08-21T22:28:19.316+0000][1692007][trace][gc,age      ] GC(622) - age   6:       3432 bytes,    1465944 total
[2025-08-21T22:28:19.316+0000][1692007][trace][gc,age      ] GC(622) - age   7:        464 bytes,    1466408 total
[2025-08-21T22:28:19.316+0000][1692007][trace][gc,age      ] GC(622) - age   8:     105840 bytes,    1572248 total
[2025-08-21T22:28:19.316+0000][1692007][info ][gc,heap     ] GC(622) Eden regions: 72->0(75)
[2025-08-21T22:28:19.316+0000][1692007][info ][gc,heap     ] GC(622) Survivor regions: 4->1(10)
[2025-08-21T22:28:19.316+0000][1692007][info ][gc,heap     ] GC(622) Old regions: 29->28
[2025-08-21T22:28:19.316+0000][1692007][info ][gc,heap     ] GC(622) Humongous regions: 0->0
[2025-08-21T22:28:19.316+0000][1692007][info ][gc,metaspace] GC(622) Metaspace: 143278K(148288K)->143278K(148288K) NonClass: 124416K(127040K)->124416K(127040K) Class: 18861K(21248K)->18861K(21248K)
[2025-08-21T22:28:19.316+0000][1692007][info ][gc          ] GC(622) Pause Young (Mixed) (G1 Evacuation Pause) 416M->112M(512M) 10.312ms
[2025-08-21T22:28:19.316+0000][1692007][info ][gc,cpu      ] GC(622) User=0.00s Sys=0.00s Real=0.01s
[2025-08-21T22:28:19.316+0000][1692007][info ][safepoint   ] Safepoint "G1CollectForAllocation", Time since last: 350302827 ns, Reaching safepoint: 5338 ns, Cleanup: 3345 ns, At safepoint: 10354764 ns, Total: 10363447 ns
[2025-08-21T22:28:20.316+0000][1692007][info ][safepoint   ] Safepoint "Cleanup", Time since last: 1000075339 ns, Reaching safepoint: 6119 ns, Cleanup: 10416 ns, At safepoint: 2353 ns, Total: 18888 ns
[2025-08-21T22:28:21.000+0000][1692007][info ][gc,start    ] GC(623) Pause Young (Concurrent Start) (G1 Evacuation Pause)
[2025-08-21T22:28:21.000+0000][1692007][info ][gc,task     ] GC(623) Using 1 workers of 1 for evacuation
[2025-08-21T22:28:21.000+0000][1692007][debug][gc,age      ] GC(623) Desired survivor size 20971520 bytes, new threshold 15 (max threshold 15)
[2025-08-21T22:28:21.011+0000][1692007][info ][gc,phases   ] GC(623)   Pre Evacuate Collection Set: 0.0ms
[2025-08-21T22:28:21.011+0000][1692007][info ][gc,phases   ] GC(623)   Merge Heap Roots: 0.0ms
[2025-08-21T22:28:21.011+0000][1692007][info ][gc,phases   ] GC(623)   Evacuate Collection Set: 2.2ms
[2025-08-21T22:28:21.011+0000][1692007][info ][gc,phases   ] GC(623)   Post Evacuate Collection Set: 7.8ms
[2025-08-21T22:28:21.011+0000][1692007][info ][gc,phases   ] GC(623)   Other: 0.0ms
[2025-08-21T22:28:21.011+0000][1692007][trace][gc,age      ] GC(623) Age table with threshold 15 (max threshold 15)
[2025-08-21T22:28:21.011+0000][1692007][trace][gc,age      ] GC(623) - age   1:    3281952 bytes,    3281952 total
[2025-08-21T22:28:21.011+0000][1692007][trace][gc,age      ] GC(623) - age   2:        984 bytes,    3282936 total
[2025-08-21T22:28:21.011+0000][1692007][trace][gc,age      ] GC(623) - age   3:       1296 bytes,    3284232 total
[2025-08-21T22:28:21.011+0000][1692007][trace][gc,age      ] GC(623) - age   5:        352 bytes,    3284584 total
[2025-08-21T22:28:21.011+0000][1692007][trace][gc,age      ] GC(623) - age   6:       1616 bytes,    3286200 total
[2025-08-21T22:28:21.011+0000][1692007][trace][gc,age      ] GC(623) - age   7:       3432 bytes,    3289632 total
[2025-08-21T22:28:21.011+0000][1692007][trace][gc,age      ] GC(623) - age   8:        464 bytes,    3290096 total
[2025-08-21T22:28:21.011+0000][1692007][trace][gc,age      ] GC(623) - age   9:     105840 bytes,    3395936 total
[2025-08-21T22:28:21.011+0000][1692007][info ][gc,heap     ] GC(623) Eden regions: 75->0(75)
[2025-08-21T22:28:21.011+0000][1692007][info ][gc,heap     ] GC(623) Survivor regions: 1->1(10)
[2025-08-21T22:28:21.011+0000][1692007][info ][gc,heap     ] GC(623) Old regions: 28->28
[2025-08-21T22:28:21.011+0000][1692007][info ][gc,heap     ] GC(623) Humongous regions: 0->0
[2025-08-21T22:28:21.011+0000][1692007][info ][gc,metaspace] GC(623) Metaspace: 143280K(148288K)->143280K(148288K) NonClass: 124419K(127040K)->124419K(127040K) Class: 18861K(21248K)->18861K(21248K)
[2025-08-21T22:28:21.011+0000][1692007][info ][gc          ] GC(623) Pause Young (Concurrent Start) (G1 Evacuation Pause) 412M->113M(512M) 10.185ms
[2025-08-21T22:28:21.011+0000][1692007][info ][gc,cpu      ] GC(623) User=0.00s Sys=0.00s Real=0.01s
[2025-08-21T22:28:21.011+0000][1692007][info ][safepoint   ] Safepoint "G1CollectForAllocation", Time since last: 684400276 ns, Reaching safepoint: 5598 ns, Cleanup: 10296 ns, At safepoint: 10233441 ns, Total: 10249335 ns
[2025-08-21T22:28:21.014+0000][1692007][info ][gc          ] GC(624) Concurrent Mark Cycle
[2025-08-21T22:28:21.014+0000][1692007][info ][gc,marking  ] GC(624) Concurrent Scan Root Regions
[2025-08-21T22:28:21.015+0000][1692007][info ][gc,marking  ] GC(624) Concurrent Scan Root Regions 0.970ms
[2025-08-21T22:28:21.015+0000][1692007][info ][gc,marking  ] GC(624) Concurrent Mark
[2025-08-21T22:28:21.015+0000][1692007][info ][gc,marking  ] GC(624) Concurrent Mark From Roots
[2025-08-21T22:28:21.015+0000][1692007][info ][gc,task     ] GC(624) Using 1 workers of 1 for marking
[2025-08-21T22:28:21.197+0000][1692007][info ][gc,marking  ] GC(624) Concurrent Mark From Roots 181.210ms
[2025-08-21T22:28:21.197+0000][1692007][info ][gc,marking  ] GC(624) Concurrent Preclean
[2025-08-21T22:28:21.197+0000][1692007][info ][gc,marking  ] GC(624) Concurrent Preclean 0.449ms
[2025-08-21T22:28:21.197+0000][1692007][info ][gc,start    ] GC(624) Pause Remark
[2025-08-21T22:28:21.209+0000][1692007][info ][gc          ] GC(624) Pause Remark 147M->147M(512M) 11.428ms
[2025-08-21T22:28:21.209+0000][1692007][info ][gc,cpu      ] GC(624) User=0.01s Sys=0.00s Real=0.01s
[2025-08-21T22:28:21.209+0000][1692007][info ][safepoint   ] Safepoint "G1PauseRemark", Time since last: 186429898 ns, Reaching safepoint: 5228 ns, Cleanup: 3044 ns, At safepoint: 11466814 ns, Total: 11475086 ns
[2025-08-21T22:28:21.209+0000][1692007][info ][gc,marking  ] GC(624) Concurrent Mark 193.203ms
[2025-08-21T22:28:21.209+0000][1692007][info ][gc,marking  ] GC(624) Concurrent Rebuild Remembered Sets and Scrub Regions
[2025-08-21T22:28:21.532+0000][1692007][info ][gc,marking  ] GC(624) Concurrent Rebuild Remembered Sets and Scrub Regions 322.981ms
[2025-08-21T22:28:21.532+0000][1692007][info ][gc,start    ] GC(624) Pause Cleanup
[2025-08-21T22:28:21.532+0000][1692007][info ][gc          ] GC(624) Pause Cleanup 327M->327M(512M) 0.050ms
[2025-08-21T22:28:21.532+0000][1692007][info ][gc,cpu      ] GC(624) User=0.00s Sys=0.00s Real=0.00s
[2025-08-21T22:28:21.532+0000][1692007][info ][safepoint   ] Safepoint "G1PauseCleanup", Time since last: 323043459 ns, Reaching safepoint: 513295 ns, Cleanup: 2724 ns, At safepoint: 80922 ns, Total: 596941 ns
[2025-08-21T22:28:21.532+0000][1692007][info ][gc,marking  ] GC(624) Concurrent Clear Claimed Marks
[2025-08-21T22:28:21.532+0000][1692007][info ][gc,marking  ] GC(624) Concurrent Clear Claimed Marks 0.214ms
[2025-08-21T22:28:21.532+0000][1692007][info ][gc,marking  ] GC(624) Concurrent Cleanup for Next Mark
[2025-08-21T22:28:21.534+0000][1692007][info ][gc,marking  ] GC(624) Concurrent Cleanup for Next Mark 1.884ms
[2025-08-21T22:28:21.534+0000][1692007][info ][gc          ] GC(624) Concurrent Mark Cycle 519.948ms
[2025-08-21T22:30:46.596+0000][1692007][info ][gc,start    ] GC(625) Pause Young (Prepare Mixed) (G1 Evacuation Pause)
[2025-08-21T22:30:46.597+0000][1692007][info ][gc,task     ] GC(625) Using 1 workers of 1 for evacuation
[2025-08-21T22:30:46.597+0000][1692007][debug][gc,age      ] GC(625) Desired survivor size 20971520 bytes, new threshold 15 (max threshold 15)
[2025-08-21T22:30:46.599+0000][1692007][info ][gc,phases   ] GC(625)   Pre Evacuate Collection Set: 0.1ms
[2025-08-21T22:30:46.599+0000][1692007][info ][gc,phases   ] GC(625)   Merge Heap Roots: 0.1ms
[2025-08-21T22:30:46.599+0000][1692007][info ][gc,phases   ] GC(625)   Evacuate Collection Set: 1.7ms
[2025-08-21T22:30:46.599+0000][1692007][info ][gc,phases   ] GC(625)   Post Evacuate Collection Set: 0.7ms
[2025-08-21T22:30:46.599+0000][1692007][info ][gc,phases   ] GC(625)   Other: 0.0ms
[2025-08-21T22:30:46.599+0000][1692007][trace][gc,age      ] GC(625) Age table with threshold 15 (max threshold 15)
[2025-08-21T22:30:46.599+0000][1692007][trace][gc,age      ] GC(625) - age   1:      10000 bytes,      10000 total
[2025-08-21T22:30:46.599+0000][1692007][trace][gc,age      ] GC(625) - age   2:       1880 bytes,      11880 total
[2025-08-21T22:30:46.599+0000][1692007][trace][gc,age      ] GC(625) - age   3:        280 bytes,      12160 total
[2025-08-21T22:30:46.599+0000][1692007][trace][gc,age      ] GC(625) - age   4:         72 bytes,      12232 total
[2025-08-21T22:30:46.599+0000][1692007][trace][gc,age      ] GC(625) - age   6:        352 bytes,      12584 total
[2025-08-21T22:30:46.599+0000][1692007][trace][gc,age      ] GC(625) - age   7:        120 bytes,      12704 total
[2025-08-21T22:30:46.599+0000][1692007][trace][gc,age      ] GC(625) - age   8:       3192 bytes,      15896 total
[2025-08-21T22:30:46.599+0000][1692007][trace][gc,age      ] GC(625) - age   9:        224 bytes,      16120 total
[2025-08-21T22:30:46.599+0000][1692007][trace][gc,age      ] GC(625) - age  10:      35160 bytes,      51280 total
[2025-08-21T22:30:46.599+0000][1692007][info ][gc,heap     ] GC(625) Eden regions: 75->0(75)
[2025-08-21T22:30:46.599+0000][1692007][info ][gc,heap     ] GC(625) Survivor regions: 1->1(10)
[2025-08-21T22:30:46.599+0000][1692007][info ][gc,heap     ] GC(625) Old regions: 28->28
[2025-08-21T22:30:46.599+0000][1692007][info ][gc,heap     ] GC(625) Humongous regions: 0->0
[2025-08-21T22:30:46.599+0000][1692007][info ][gc,metaspace] GC(625) Metaspace: 143280K(148288K)->143280K(148288K) NonClass: 124419K(127040K)->124419K(127040K) Class: 18861K(21248K)->18861K(21248K)
[2025-08-21T22:30:46.599+0000][1692007][info ][gc          ] GC(625) Pause Young (Prepare Mixed) (G1 Evacuation Pause) 413M->111M(512M) 3.123ms
[2025-08-21T22:30:46.599+0000][1692007][info ][gc,cpu      ] GC(625) User=0.00s Sys=0.00s Real=0.00s
[2025-08-21T22:30:46.599+0000][1692007][info ][safepoint   ] Safepoint "G1CollectForAllocation", Time since last: 145063869795 ns, Reaching safepoint: 6920 ns, Cleanup: 3395 ns, At safepoint: 3155805 ns, Total: 3166120 ns
[2025-08-21T22:41:01.637+0000][1692007][info ][safepoint   ] Safepoint "Cleanup", Time since last: 615037490076 ns, Reaching safepoint: 35554 ns, Cleanup: 12719 ns, At safepoint: 6260 ns, Total: 54533 ns
[2025-08-21T22:42:27.207+0000][1692007][info ][gc,start    ] GC(626) Pause Young (Mixed) (G1 Evacuation Pause)
[2025-08-21T22:42:27.207+0000][1692007][info ][gc,task     ] GC(626) Using 1 workers of 1 for evacuation
[2025-08-21T22:42:27.207+0000][1692007][debug][gc,age      ] GC(626) Desired survivor size 20971520 bytes, new threshold 15 (max threshold 15)
[2025-08-21T22:42:27.210+0000][1692007][info ][gc,phases   ] GC(626)   Pre Evacuate Collection Set: 0.1ms
[2025-08-21T22:42:27.210+0000][1692007][info ][gc,phases   ] GC(626)   Merge Heap Roots: 0.0ms
[2025-08-21T22:42:27.210+0000][1692007][info ][gc,phases   ] GC(626)   Evacuate Collection Set: 2.1ms
[2025-08-21T22:42:27.210+0000][1692007][info ][gc,phases   ] GC(626)   Post Evacuate Collection Set: 0.7ms
[2025-08-21T22:42:27.210+0000][1692007][info ][gc,phases   ] GC(626)   Other: 0.0ms
[2025-08-21T22:42:27.210+0000][1692007][trace][gc,age      ] GC(626) Age table with threshold 15 (max threshold 15)
[2025-08-21T22:42:27.210+0000][1692007][trace][gc,age      ] GC(626) - age   1:       9544 bytes,       9544 total
[2025-08-21T22:42:27.210+0000][1692007][trace][gc,age      ] GC(626) - age   2:       1088 bytes,      10632 total
[2025-08-21T22:42:27.210+0000][1692007][trace][gc,age      ] GC(626) - age   3:       1848 bytes,      12480 total
[2025-08-21T22:42:27.210+0000][1692007][trace][gc,age      ] GC(626) - age   4:        280 bytes,      12760 total
[2025-08-21T22:42:27.210+0000][1692007][trace][gc,age      ] GC(626) - age   5:         72 bytes,      12832 total
[2025-08-21T22:42:27.210+0000][1692007][trace][gc,age      ] GC(626) - age   7:        352 bytes,      13184 total
[2025-08-21T22:42:27.210+0000][1692007][trace][gc,age      ] GC(626) - age   8:        120 bytes,      13304 total
[2025-08-21T22:42:27.210+0000][1692007][trace][gc,age      ] GC(626) - age   9:       3192 bytes,      16496 total
[2025-08-21T22:42:27.210+0000][1692007][trace][gc,age      ] GC(626) - age  10:        224 bytes,      16720 total
[2025-08-21T22:42:27.210+0000][1692007][trace][gc,age      ] GC(626) - age  11:      35096 bytes,      51816 total
[2025-08-21T22:42:27.210+0000][1692007][info ][gc,heap     ] GC(626) Eden regions: 75->0(75)
[2025-08-21T22:42:27.210+0000][1692007][info ][gc,heap     ] GC(626) Survivor regions: 1->1(10)
[2025-08-21T22:42:27.210+0000][1692007][info ][gc,heap     ] GC(626) Old regions: 28->27
[2025-08-21T22:42:27.210+0000][1692007][info ][gc,heap     ] GC(626) Humongous regions: 0->0
[2025-08-21T22:42:27.210+0000][1692007][info ][gc,metaspace] GC(626) Metaspace: 143280K(148288K)->143280K(148288K) NonClass: 124419K(127040K)->124419K(127040K) Class: 18861K(21248K)->18861K(21248K)
[2025-08-21T22:42:27.210+0000][1692007][info ][gc          ] GC(626) Pause Young (Mixed) (G1 Evacuation Pause) 411M->107M(512M) 3.612ms
[2025-08-21T22:42:27.210+0000][1692007][info ][gc,cpu      ] GC(626) User=0.00s Sys=0.00s Real=0.00s
[2025-08-21T22:42:27.210+0000][1692007][info ][safepoint   ] Safepoint "G1CollectForAllocation", Time since last: 85570018720 ns, Reaching safepoint: 7462 ns, Cleanup: 3054 ns, At safepoint: 3643121 ns, Total: 3653637 ns
[2025-08-21T22:54:12.324+0000][1692007][info ][gc,start    ] GC(627) Pause Young (Concurrent Start) (G1 Evacuation Pause)
[2025-08-21T22:54:12.324+0000][1692007][info ][gc,task     ] GC(627) Using 1 workers of 1 for evacuation
[2025-08-21T22:54:12.324+0000][1692007][debug][gc,age      ] GC(627) Desired survivor size 20971520 bytes, new threshold 15 (max threshold 15)
[2025-08-21T22:54:12.327+0000][1692007][info ][gc,phases   ] GC(627)   Pre Evacuate Collection Set: 0.0ms
[2025-08-21T22:54:12.327+0000][1692007][info ][gc,phases   ] GC(627)   Merge Heap Roots: 0.0ms
[2025-08-21T22:54:12.327+0000][1692007][info ][gc,phases   ] GC(627)   Evacuate Collection Set: 1.3ms
[2025-08-21T22:54:12.327+0000][1692007][info ][gc,phases   ] GC(627)   Post Evacuate Collection Set: 2.1ms
[2025-08-21T22:54:12.327+0000][1692007][info ][gc,phases   ] GC(627)   Other: 0.0ms
[2025-08-21T22:54:12.327+0000][1692007][trace][gc,age      ] GC(627) Age table with threshold 15 (max threshold 15)
[2025-08-21T22:54:12.327+0000][1692007][trace][gc,age      ] GC(627) - age   1:      11224 bytes,      11224 total
[2025-08-21T22:54:12.327+0000][1692007][trace][gc,age      ] GC(627) - age   3:       1088 bytes,      12312 total
[2025-08-21T22:54:12.327+0000][1692007][trace][gc,age      ] GC(627) - age   4:       1848 bytes,      14160 total
[2025-08-21T22:54:12.327+0000][1692007][trace][gc,age      ] GC(627) - age   5:        280 bytes,      14440 total
[2025-08-21T22:54:12.327+0000][1692007][trace][gc,age      ] GC(627) - age   6:         72 bytes,      14512 total
[2025-08-21T22:54:12.327+0000][1692007][trace][gc,age      ] GC(627) - age   8:        352 bytes,      14864 total
[2025-08-21T22:54:12.327+0000][1692007][trace][gc,age      ] GC(627) - age   9:        120 bytes,      14984 total
[2025-08-21T22:54:12.327+0000][1692007][trace][gc,age      ] GC(627) - age  10:       1800 bytes,      16784 total
[2025-08-21T22:54:12.327+0000][1692007][trace][gc,age      ] GC(627) - age  11:        224 bytes,      17008 total
[2025-08-21T22:54:12.327+0000][1692007][trace][gc,age      ] GC(627) - age  12:       2728 bytes,      19736 total
[2025-08-21T22:54:12.327+0000][1692007][info ][gc,heap     ] GC(627) Eden regions: 75->0(75)
[2025-08-21T22:54:12.327+0000][1692007][info ][gc,heap     ] GC(627) Survivor regions: 1->1(10)
[2025-08-21T22:54:12.327+0000][1692007][info ][gc,heap     ] GC(627) Old regions: 27->27
[2025-08-21T22:54:12.327+0000][1692007][info ][gc,heap     ] GC(627) Humongous regions: 0->0
[2025-08-21T22:54:12.327+0000][1692007][info ][gc,metaspace] GC(627) Metaspace: 143280K(148288K)->143280K(148288K) NonClass: 124419K(127040K)->124419K(127040K) Class: 18861K(21248K)->18861K(21248K)
[2025-08-21T22:54:12.327+0000][1692007][info ][gc          ] GC(627) Pause Young (Concurrent Start) (G1 Evacuation Pause) 407M->106M(512M) 3.713ms
[2025-08-21T22:54:12.327+0000][1692007][info ][gc,cpu      ] GC(627) User=0.00s Sys=0.00s Real=0.01s
[2025-08-21T22:54:12.327+0000][1692007][info ][safepoint   ] Safepoint "G1CollectForAllocation", Time since last: 705113251888 ns, Reaching safepoint: 7121 ns, Cleanup: 2273 ns, At safepoint: 3750984 ns, Total: 3760378 ns
[2025-08-21T22:54:12.332+0000][1692007][info ][gc          ] GC(628) Concurrent Mark Cycle
[2025-08-21T22:54:12.332+0000][1692007][info ][gc,marking  ] GC(628) Concurrent Scan Root Regions
[2025-08-21T22:54:12.333+0000][1692007][info ][gc,marking  ] GC(628) Concurrent Scan Root Regions 0.781ms
[2025-08-21T22:54:12.333+0000][1692007][info ][gc,marking  ] GC(628) Concurrent Mark
[2025-08-21T22:54:12.333+0000][1692007][info ][gc,marking  ] GC(628) Concurrent Mark From Roots
[2025-08-21T22:54:12.333+0000][1692007][info ][gc,task     ] GC(628) Using 1 workers of 1 for marking
[2025-08-21T22:54:12.452+0000][1692007][info ][gc,marking  ] GC(628) Concurrent Mark From Roots 118.373ms
[2025-08-21T22:54:12.452+0000][1692007][info ][gc,marking  ] GC(628) Concurrent Preclean
[2025-08-21T22:54:12.452+0000][1692007][info ][gc,marking  ] GC(628) Concurrent Preclean 0.389ms
[2025-08-21T22:54:12.452+0000][1692007][info ][gc,start    ] GC(628) Pause Remark
[2025-08-21T22:54:12.465+0000][1692007][info ][gc          ] GC(628) Pause Remark 108M->108M(512M) 12.606ms
[2025-08-21T22:54:12.465+0000][1692007][info ][gc,cpu      ] GC(628) User=0.01s Sys=0.01s Real=0.01s
[2025-08-21T22:54:12.465+0000][1692007][info ][safepoint   ] Safepoint "G1PauseRemark", Time since last: 124558646 ns, Reaching safepoint: 4968 ns, Cleanup: 2804 ns, At safepoint: 12650091 ns, Total: 12657863 ns
[2025-08-21T22:54:12.465+0000][1692007][info ][gc,marking  ] GC(628) Concurrent Mark 131.515ms
[2025-08-21T22:54:12.465+0000][1692007][info ][gc,marking  ] GC(628) Concurrent Rebuild Remembered Sets and Scrub Regions
[2025-08-21T22:54:12.522+0000][1692007][info ][gc,marking  ] GC(628) Concurrent Rebuild Remembered Sets and Scrub Regions 57.227ms
[2025-08-21T22:54:12.522+0000][1692007][info ][gc,start    ] GC(628) Pause Cleanup
[2025-08-21T22:54:12.522+0000][1692007][info ][gc          ] GC(628) Pause Cleanup 108M->108M(512M) 0.041ms
[2025-08-21T22:54:12.522+0000][1692007][info ][gc,cpu      ] GC(628) User=0.00s Sys=0.00s Real=0.00s
[2025-08-21T22:54:12.522+0000][1692007][info ][safepoint   ] Safepoint "G1PauseCleanup", Time since last: 57286469 ns, Reaching safepoint: 3826 ns, Cleanup: 3335 ns, At safepoint: 71978 ns, Total: 79139 ns
[2025-08-21T22:54:12.522+0000][1692007][info ][gc,marking  ] GC(628) Concurrent Clear Claimed Marks
[2025-08-21T22:54:12.522+0000][1692007][info ][gc,marking  ] GC(628) Concurrent Clear Claimed Marks 0.169ms
[2025-08-21T22:54:12.522+0000][1692007][info ][gc,marking  ] GC(628) Concurrent Cleanup for Next Mark
[2025-08-21T22:54:12.522+0000][1692007][info ][gc,marking  ] GC(628) Concurrent Cleanup for Next Mark 0.263ms
[2025-08-21T22:54:12.522+0000][1692007][info ][gc          ] GC(628) Concurrent Mark Cycle 190.112ms
[2025-08-21T23:00:54.545+0000][1692007][info ][safepoint   ] Safepoint "Cleanup", Time since last: 402023200012 ns, Reaching safepoint: 44036 ns, Cleanup: 11037 ns, At safepoint: 4657 ns, Total: 59730 ns
[2025-08-21T23:05:59.423+0000][1692007][info ][gc,start    ] GC(629) Pause Young (Prepare Mixed) (G1 Evacuation Pause)
[2025-08-21T23:05:59.423+0000][1692007][info ][gc,task     ] GC(629) Using 1 workers of 1 for evacuation
[2025-08-21T23:05:59.423+0000][1692007][debug][gc,age      ] GC(629) Desired survivor size 20971520 bytes, new threshold 15 (max threshold 15)
[2025-08-21T23:05:59.426+0000][1692007][info ][gc,phases   ] GC(629)   Pre Evacuate Collection Set: 0.1ms
[2025-08-21T23:05:59.426+0000][1692007][info ][gc,phases   ] GC(629)   Merge Heap Roots: 0.0ms
[2025-08-21T23:05:59.426+0000][1692007][info ][gc,phases   ] GC(629)   Evacuate Collection Set: 1.7ms
[2025-08-21T23:05:59.426+0000][1692007][info ][gc,phases   ] GC(629)   Post Evacuate Collection Set: 0.7ms
[2025-08-21T23:05:59.426+0000][1692007][info ][gc,phases   ] GC(629)   Other: 0.0ms
[2025-08-21T23:05:59.426+0000][1692007][trace][gc,age      ] GC(629) Age table with threshold 15 (max threshold 15)
[2025-08-21T23:05:59.426+0000][1692007][trace][gc,age      ] GC(629) - age   1:       9552 bytes,       9552 total
[2025-08-21T23:05:59.426+0000][1692007][trace][gc,age      ] GC(629) - age   2:        176 bytes,       9728 total
[2025-08-21T23:05:59.426+0000][1692007][trace][gc,age      ] GC(629) - age   4:       1072 bytes,      10800 total
[2025-08-21T23:05:59.426+0000][1692007][trace][gc,age      ] GC(629) - age   5:       1848 bytes,      12648 total
[2025-08-21T23:05:59.426+0000][1692007][trace][gc,age      ] GC(629) - age   6:        280 bytes,      12928 total
[2025-08-21T23:05:59.426+0000][1692007][trace][gc,age      ] GC(629) - age   7:         72 bytes,      13000 total
[2025-08-21T23:05:59.426+0000][1692007][trace][gc,age      ] GC(629) - age   9:        352 bytes,      13352 total
[2025-08-21T23:05:59.426+0000][1692007][trace][gc,age      ] GC(629) - age  10:        120 bytes,      13472 total
[2025-08-21T23:05:59.426+0000][1692007][trace][gc,age      ] GC(629) - age  11:       1800 bytes,      15272 total
[2025-08-21T23:05:59.426+0000][1692007][trace][gc,age      ] GC(629) - age  12:        224 bytes,      15496 total
[2025-08-21T23:05:59.426+0000][1692007][trace][gc,age      ] GC(629) - age  13:       2728 bytes,      18224 total
[2025-08-21T23:05:59.426+0000][1692007][info ][gc,heap     ] GC(629) Eden regions: 75->0(75)
[2025-08-21T23:05:59.426+0000][1692007][info ][gc,heap     ] GC(629) Survivor regions: 1->1(10)
[2025-08-21T23:05:59.426+0000][1692007][info ][gc,heap     ] GC(629) Old regions: 27->27
[2025-08-21T23:05:59.426+0000][1692007][info ][gc,heap     ] GC(629) Humongous regions: 0->0
[2025-08-21T23:05:59.426+0000][1692007][info ][gc,metaspace] GC(629) Metaspace: 143280K(148288K)->143280K(148288K) NonClass: 124419K(127040K)->124419K(127040K) Class: 18861K(21248K)->18861K(21248K)
[2025-08-21T23:05:59.426+0000][1692007][info ][gc          ] GC(629) Pause Young (Prepare Mixed) (G1 Evacuation Pause) 406M->106M(512M) 3.168ms
[2025-08-21T23:05:59.426+0000][1692007][info ][gc,cpu      ] GC(629) User=0.00s Sys=0.00s Real=0.01s
[2025-08-21T23:05:59.426+0000][1692007][info ][safepoint   ] Safepoint "G1CollectForAllocation", Time since last: 304877296362 ns, Reaching safepoint: 7601 ns, Cleanup: 3806 ns, At safepoint: 3213993 ns, Total: 3225400 ns
[2025-08-21T23:17:43.048+0000][1692007][info ][gc,start    ] GC(630) Pause Young (Mixed) (G1 Evacuation Pause)
[2025-08-21T23:17:43.049+0000][1692007][info ][gc,task     ] GC(630) Using 1 workers of 1 for evacuation
[2025-08-21T23:17:43.049+0000][1692007][debug][gc,age      ] GC(630) Desired survivor size 20971520 bytes, new threshold 15 (max threshold 15)
[2025-08-21T23:17:43.053+0000][1692007][info ][gc,phases   ] GC(630)   Pre Evacuate Collection Set: 0.0ms
[2025-08-21T23:17:43.053+0000][1692007][info ][gc,phases   ] GC(630)   Merge Heap Roots: 0.2ms
[2025-08-21T23:17:43.053+0000][1692007][info ][gc,phases   ] GC(630)   Evacuate Collection Set: 2.9ms
[2025-08-21T23:17:43.053+0000][1692007][info ][gc,phases   ] GC(630)   Post Evacuate Collection Set: 0.8ms
[2025-08-21T23:17:43.053+0000][1692007][info ][gc,phases   ] GC(630)   Other: 0.0ms
[2025-08-21T23:17:43.053+0000][1692007][trace][gc,age      ] GC(630) Age table with threshold 15 (max threshold 15)
[2025-08-21T23:17:43.053+0000][1692007][trace][gc,age      ] GC(630) - age   1:      10696 bytes,      10696 total
[2025-08-21T23:17:43.053+0000][1692007][trace][gc,age      ] GC(630) - age   2:        352 bytes,      11048 total
[2025-08-21T23:17:43.053+0000][1692007][trace][gc,age      ] GC(630) - age   3:        176 bytes,      11224 total
[2025-08-21T23:17:43.053+0000][1692007][trace][gc,age      ] GC(630) - age   5:       1072 bytes,      12296 total
[2025-08-21T23:17:43.053+0000][1692007][trace][gc,age      ] GC(630) - age   6:       1848 bytes,      14144 total
[2025-08-21T23:17:43.053+0000][1692007][trace][gc,age      ] GC(630) - age   7:        280 bytes,      14424 total
[2025-08-21T23:17:43.053+0000][1692007][trace][gc,age      ] GC(630) - age   8:         72 bytes,      14496 total
[2025-08-21T23:17:43.053+0000][1692007][trace][gc,age      ] GC(630) - age  10:        352 bytes,      14848 total
[2025-08-21T23:17:43.053+0000][1692007][trace][gc,age      ] GC(630) - age  11:        120 bytes,      14968 total
[2025-08-21T23:17:43.053+0000][1692007][trace][gc,age      ] GC(630) - age  12:       1800 bytes,      16768 total
[2025-08-21T23:17:43.053+0000][1692007][trace][gc,age      ] GC(630) - age  13:        224 bytes,      16992 total
[2025-08-21T23:17:43.053+0000][1692007][trace][gc,age      ] GC(630) - age  14:       2728 bytes,      19720 total
[2025-08-21T23:17:43.053+0000][1692007][info ][gc,heap     ] GC(630) Eden regions: 75->0(75)
[2025-08-21T23:17:43.053+0000][1692007][info ][gc,heap     ] GC(630) Survivor regions: 1->1(10)
[2025-08-21T23:17:43.053+0000][1692007][info ][gc,heap     ] GC(630) Old regions: 27->26
[2025-08-21T23:17:43.053+0000][1692007][info ][gc,heap     ] GC(630) Humongous regions: 0->0
[2025-08-21T23:17:43.053+0000][1692007][info ][gc,metaspace] GC(630) Metaspace: 143280K(148288K)->143280K(148288K) NonClass: 124419K(127040K)->124419K(127040K) Class: 18861K(21248K)->18861K(21248K)
[2025-08-21T23:17:43.053+0000][1692007][info ][gc          ] GC(630) Pause Young (Mixed) (G1 Evacuation Pause) 406M->102M(512M) 4.233ms
[2025-08-21T23:17:43.053+0000][1692007][info ][gc,cpu      ] GC(630) User=0.00s Sys=0.00s Real=0.00s
[2025-08-21T23:17:43.053+0000][1692007][info ][safepoint   ] Safepoint "G1CollectForAllocation", Time since last: 703622658986 ns, Reaching safepoint: 11107 ns, Cleanup: 2394 ns, At safepoint: 4265961 ns, Total: 4279462 ns
[2025-08-21T23:19:03.057+0000][1692007][info ][safepoint   ] Safepoint "Cleanup", Time since last: 80004693372 ns, Reaching safepoint: 27181 ns, Cleanup: 11037 ns, At safepoint: 4647 ns, Total: 42865 ns
[2025-08-21T23:22:33.070+0000][1692007][info ][safepoint   ] Safepoint "Cleanup", Time since last: 210012871203 ns, Reaching safepoint: 35113 ns, Cleanup: 10476 ns, At safepoint: 4517 ns, Total: 50106 ns
[2025-08-21T23:29:28.621+0000][1692007][info ][gc,start    ] GC(631) Pause Young (Concurrent Start) (G1 Evacuation Pause)
[2025-08-21T23:29:28.622+0000][1692007][info ][gc,task     ] GC(631) Using 1 workers of 1 for evacuation
[2025-08-21T23:29:28.622+0000][1692007][debug][gc,age      ] GC(631) Desired survivor size 20971520 bytes, new threshold 15 (max threshold 15)
[2025-08-21T23:29:28.624+0000][1692007][info ][gc,phases   ] GC(631)   Pre Evacuate Collection Set: 0.1ms
[2025-08-21T23:29:28.624+0000][1692007][info ][gc,phases   ] GC(631)   Merge Heap Roots: 0.0ms
[2025-08-21T23:29:28.624+0000][1692007][info ][gc,phases   ] GC(631)   Evacuate Collection Set: 1.3ms
[2025-08-21T23:29:28.624+0000][1692007][info ][gc,phases   ] GC(631)   Post Evacuate Collection Set: 0.7ms
[2025-08-21T23:29:28.624+0000][1692007][info ][gc,phases   ] GC(631)   Other: 0.0ms
[2025-08-21T23:29:28.624+0000][1692007][trace][gc,age      ] GC(631) Age table with threshold 15 (max threshold 15)
[2025-08-21T23:29:28.624+0000][1692007][trace][gc,age      ] GC(631) - age   1:      11144 bytes,      11144 total
[2025-08-21T23:29:28.624+0000][1692007][trace][gc,age      ] GC(631) - age   4:        176 bytes,      11320 total
[2025-08-21T23:29:28.624+0000][1692007][trace][gc,age      ] GC(631) - age   6:       1072 bytes,      12392 total
[2025-08-21T23:29:28.624+0000][1692007][trace][gc,age      ] GC(631) - age   7:       1848 bytes,      14240 total
[2025-08-21T23:29:28.624+0000][1692007][trace][gc,age      ] GC(631) - age   8:        280 bytes,      14520 total
[2025-08-21T23:29:28.624+0000][1692007][trace][gc,age      ] GC(631) - age   9:         72 bytes,      14592 total
[2025-08-21T23:29:28.624+0000][1692007][trace][gc,age      ] GC(631) - age  11:        352 bytes,      14944 total
[2025-08-21T23:29:28.624+0000][1692007][trace][gc,age      ] GC(631) - age  12:        120 bytes,      15064 total
[2025-08-21T23:29:28.624+0000][1692007][trace][gc,age      ] GC(631) - age  13:       1800 bytes,      16864 total
[2025-08-21T23:29:28.624+0000][1692007][trace][gc,age      ] GC(631) - age  14:        224 bytes,      17088 total
[2025-08-21T23:29:28.624+0000][1692007][trace][gc,age      ] GC(631) - age  15:       2728 bytes,      19816 total
[2025-08-21T23:29:28.624+0000][1692007][info ][gc,heap     ] GC(631) Eden regions: 75->0(75)
[2025-08-21T23:29:28.624+0000][1692007][info ][gc,heap     ] GC(631) Survivor regions: 1->1(10)
[2025-08-21T23:29:28.624+0000][1692007][info ][gc,heap     ] GC(631) Old regions: 26->26
[2025-08-21T23:29:28.624+0000][1692007][info ][gc,heap     ] GC(631) Humongous regions: 0->0
[2025-08-21T23:29:28.624+0000][1692007][info ][gc,metaspace] GC(631) Metaspace: 143280K(148288K)->143280K(148288K) NonClass: 124419K(127040K)->124419K(127040K) Class: 18861K(21248K)->18861K(21248K)
[2025-08-21T23:29:28.624+0000][1692007][info ][gc          ] GC(631) Pause Young (Concurrent Start) (G1 Evacuation Pause) 402M->103M(512M) 2.330ms
[2025-08-21T23:29:28.624+0000][1692007][info ][gc,cpu      ] GC(631) User=0.00s Sys=0.00s Real=0.00s
[2025-08-21T23:29:28.624+0000][1692007][info ][safepoint   ] Safepoint "G1CollectForAllocation", Time since last: 415551041191 ns, Reaching safepoint: 8844 ns, Cleanup: 2323 ns, At safepoint: 2366694 ns, Total: 2377861 ns
[2025-08-21T23:29:28.630+0000][1692007][info ][gc          ] GC(632) Concurrent Mark Cycle
[2025-08-21T23:29:28.630+0000][1692007][info ][gc,marking  ] GC(632) Concurrent Scan Root Regions
[2025-08-21T23:29:28.631+0000][1692007][info ][gc,marking  ] GC(632) Concurrent Scan Root Regions 0.430ms
[2025-08-21T23:29:28.631+0000][1692007][info ][gc,marking  ] GC(632) Concurrent Mark
[2025-08-21T23:29:28.631+0000][1692007][info ][gc,marking  ] GC(632) Concurrent Mark From Roots
[2025-08-21T23:29:28.631+0000][1692007][info ][gc,task     ] GC(632) Using 1 workers of 1 for marking
[2025-08-21T23:29:28.747+0000][1692007][info ][gc,marking  ] GC(632) Concurrent Mark From Roots 116.345ms
[2025-08-21T23:29:28.747+0000][1692007][info ][gc,marking  ] GC(632) Concurrent Preclean
[2025-08-21T23:29:28.748+0000][1692007][info ][gc,marking  ] GC(632) Concurrent Preclean 0.377ms
[2025-08-21T23:29:28.748+0000][1692007][info ][gc,start    ] GC(632) Pause Remark
[2025-08-21T23:29:28.757+0000][1692007][info ][gc          ] GC(632) Pause Remark 104M->104M(512M) 9.683ms
[2025-08-21T23:29:28.757+0000][1692007][info ][gc,cpu      ] GC(632) User=0.01s Sys=0.00s Real=0.01s
[2025-08-21T23:29:28.757+0000][1692007][info ][safepoint   ] Safepoint "G1PauseRemark", Time since last: 123816247 ns, Reaching safepoint: 4948 ns, Cleanup: 3154 ns, At safepoint: 9731775 ns, Total: 9739877 ns
[2025-08-21T23:29:28.757+0000][1692007][info ][gc,marking  ] GC(632) Concurrent Mark 126.573ms
[2025-08-21T23:29:28.757+0000][1692007][info ][gc,marking  ] GC(632) Concurrent Rebuild Remembered Sets and Scrub Regions
[2025-08-21T23:29:28.804+0000][1692007][info ][gc,marking  ] GC(632) Concurrent Rebuild Remembered Sets and Scrub Regions 46.493ms
[2025-08-21T23:29:28.804+0000][1692007][info ][gc,start    ] GC(632) Pause Cleanup
[2025-08-21T23:29:28.804+0000][1692007][info ][gc          ] GC(632) Pause Cleanup 104M->104M(512M) 0.040ms
[2025-08-21T23:29:28.804+0000][1692007][info ][gc,cpu      ] GC(632) User=0.00s Sys=0.00s Real=0.00s
[2025-08-21T23:29:28.804+0000][1692007][info ][safepoint   ] Safepoint "G1PauseCleanup", Time since last: 46546503 ns, Reaching safepoint: 3375 ns, Cleanup: 1392 ns, At safepoint: 62445 ns, Total: 67212 ns
[2025-08-21T23:29:28.804+0000][1692007][info ][gc,marking  ] GC(632) Concurrent Clear Claimed Marks
[2025-08-21T23:29:28.804+0000][1692007][info ][gc,marking  ] GC(632) Concurrent Clear Claimed Marks 0.157ms
[2025-08-21T23:29:28.804+0000][1692007][info ][gc,marking  ] GC(632) Concurrent Cleanup for Next Mark
[2025-08-21T23:29:28.813+0000][1692007][info ][gc,marking  ] GC(632) Concurrent Cleanup for Next Mark 8.342ms
[2025-08-21T23:29:28.813+0000][1692007][info ][gc          ] GC(632) Concurrent Mark Cycle 182.144ms
[2025-08-21T23:41:12.801+0000][1692007][info ][gc,start    ] GC(633) Pause Young (Prepare Mixed) (G1 Evacuation Pause)
[2025-08-21T23:41:12.801+0000][1692007][info ][gc,task     ] GC(633) Using 1 workers of 1 for evacuation
[2025-08-21T23:41:12.801+0000][1692007][debug][gc,age      ] GC(633) Desired survivor size 20971520 bytes, new threshold 15 (max threshold 15)
[2025-08-21T23:41:12.804+0000][1692007][info ][gc,phases   ] GC(633)   Pre Evacuate Collection Set: 0.0ms
[2025-08-21T23:41:12.804+0000][1692007][info ][gc,phases   ] GC(633)   Merge Heap Roots: 0.0ms
[2025-08-21T23:41:12.804+0000][1692007][info ][gc,phases   ] GC(633)   Evacuate Collection Set: 1.6ms
[2025-08-21T23:41:12.804+0000][1692007][info ][gc,phases   ] GC(633)   Post Evacuate Collection Set: 0.7ms
[2025-08-21T23:41:12.804+0000][1692007][info ][gc,phases   ] GC(633)   Other: 0.0ms
[2025-08-21T23:41:12.804+0000][1692007][trace][gc,age      ] GC(633) Age table with threshold 15 (max threshold 15)
[2025-08-21T23:41:12.804+0000][1692007][trace][gc,age      ] GC(633) - age   1:       9400 bytes,       9400 total
[2025-08-21T23:41:12.804+0000][1692007][trace][gc,age      ] GC(633) - age   2:         96 bytes,       9496 total
[2025-08-21T23:41:12.804+0000][1692007][trace][gc,age      ] GC(633) - age   5:        176 bytes,       9672 total
[2025-08-21T23:41:12.804+0000][1692007][trace][gc,age      ] GC(633) - age   7:       1072 bytes,      10744 total
[2025-08-21T23:41:12.804+0000][1692007][trace][gc,age      ] GC(633) - age   8:       1848 bytes,      12592 total
[2025-08-21T23:41:12.804+0000][1692007][trace][gc,age      ] GC(633) - age   9:        280 bytes,      12872 total
[2025-08-21T23:41:12.804+0000][1692007][trace][gc,age      ] GC(633) - age  10:         72 bytes,      12944 total
[2025-08-21T23:41:12.804+0000][1692007][trace][gc,age      ] GC(633) - age  12:        352 bytes,      13296 total
[2025-08-21T23:41:12.804+0000][1692007][trace][gc,age      ] GC(633) - age  13:        120 bytes,      13416 total
[2025-08-21T23:41:12.804+0000][1692007][trace][gc,age      ] GC(633) - age  14:       1800 bytes,      15216 total
[2025-08-21T23:41:12.804+0000][1692007][trace][gc,age      ] GC(633) - age  15:        224 bytes,      15440 total
[2025-08-21T23:41:12.804+0000][1692007][info ][gc,heap     ] GC(633) Eden regions: 75->0(75)
[2025-08-21T23:41:12.804+0000][1692007][info ][gc,heap     ] GC(633) Survivor regions: 1->1(10)
[2025-08-21T23:41:12.804+0000][1692007][info ][gc,heap     ] GC(633) Old regions: 26->26
[2025-08-21T23:41:12.804+0000][1692007][info ][gc,heap     ] GC(633) Humongous regions: 0->0
[2025-08-21T23:41:12.804+0000][1692007][info ][gc,metaspace] GC(633) Metaspace: 143280K(148288K)->143280K(148288K) NonClass: 124419K(127040K)->124419K(127040K) Class: 18861K(21248K)->18861K(21248K)
[2025-08-21T23:41:12.804+0000][1692007][info ][gc          ] GC(633) Pause Young (Prepare Mixed) (G1 Evacuation Pause) 403M->102M(512M) 3.046ms
[2025-08-21T23:41:12.804+0000][1692007][info ][gc,cpu      ] GC(633) User=0.00s Sys=0.00s Real=0.00s
[2025-08-21T23:41:12.804+0000][1692007][info ][safepoint   ] Safepoint "G1CollectForAllocation", Time since last: 703996923187 ns, Reaching safepoint: 7011 ns, Cleanup: 3525 ns, At safepoint: 3077947 ns, Total: 3088483 ns
[2025-08-21T23:43:33.824+0000][1692007][info ][safepoint   ] Safepoint "Cleanup", Time since last: 141019977099 ns, Reaching safepoint: 42134 ns, Cleanup: 7972 ns, At safepoint: 6379 ns, Total: 56485 ns
[2025-08-21T23:52:54.348+0000][1692007][info ][gc,start    ] GC(634) Pause Young (Mixed) (G1 Evacuation Pause)
[2025-08-21T23:52:54.348+0000][1692007][info ][gc,task     ] GC(634) Using 1 workers of 1 for evacuation
[2025-08-21T23:52:54.348+0000][1692007][debug][gc,age      ] GC(634) Desired survivor size 20971520 bytes, new threshold 15 (max threshold 15)
[2025-08-21T23:52:54.352+0000][1692007][info ][gc,phases   ] GC(634)   Pre Evacuate Collection Set: 0.0ms
[2025-08-21T23:52:54.352+0000][1692007][info ][gc,phases   ] GC(634)   Merge Heap Roots: 0.2ms
[2025-08-21T23:52:54.352+0000][1692007][info ][gc,phases   ] GC(634)   Evacuate Collection Set: 2.8ms
[2025-08-21T23:52:54.352+0000][1692007][info ][gc,phases   ] GC(634)   Post Evacuate Collection Set: 0.9ms
[2025-08-21T23:52:54.352+0000][1692007][info ][gc,phases   ] GC(634)   Other: 0.0ms
[2025-08-21T23:52:54.352+0000][1692007][trace][gc,age      ] GC(634) Age table with threshold 15 (max threshold 15)
[2025-08-21T23:52:54.352+0000][1692007][trace][gc,age      ] GC(634) - age   1:       9680 bytes,       9680 total
[2025-08-21T23:52:54.352+0000][1692007][trace][gc,age      ] GC(634) - age   3:         96 bytes,       9776 total
[2025-08-21T23:52:54.352+0000][1692007][trace][gc,age      ] GC(634) - age   8:       1072 bytes,      10848 total
[2025-08-21T23:52:54.352+0000][1692007][trace][gc,age      ] GC(634) - age   9:       1848 bytes,      12696 total
[2025-08-21T23:52:54.352+0000][1692007][trace][gc,age      ] GC(634) - age  10:        280 bytes,      12976 total
[2025-08-21T23:52:54.352+0000][1692007][trace][gc,age      ] GC(634) - age  11:         72 bytes,      13048 total
[2025-08-21T23:52:54.352+0000][1692007][trace][gc,age      ] GC(634) - age  13:        352 bytes,      13400 total
[2025-08-21T23:52:54.352+0000][1692007][trace][gc,age      ] GC(634) - age  14:        120 bytes,      13520 total
[2025-08-21T23:52:54.352+0000][1692007][trace][gc,age      ] GC(634) - age  15:       1800 bytes,      15320 total
[2025-08-21T23:52:54.352+0000][1692007][info ][gc,heap     ] GC(634) Eden regions: 75->0(75)
[2025-08-21T23:52:54.352+0000][1692007][info ][gc,heap     ] GC(634) Survivor regions: 1->1(10)
[2025-08-21T23:52:54.352+0000][1692007][info ][gc,heap     ] GC(634) Old regions: 26->25
[2025-08-21T23:52:54.352+0000][1692007][info ][gc,heap     ] GC(634) Humongous regions: 0->0
[2025-08-21T23:52:54.352+0000][1692007][info ][gc,metaspace] GC(634) Metaspace: 143280K(148288K)->143280K(148288K) NonClass: 124419K(127040K)->124419K(127040K) Class: 18861K(21248K)->18861K(21248K)
[2025-08-21T23:52:54.352+0000][1692007][info ][gc          ] GC(634) Pause Young (Mixed) (G1 Evacuation Pause) 402M->99M(512M) 4.186ms
[2025-08-21T23:52:54.352+0000][1692007][info ][gc,cpu      ] GC(634) User=0.01s Sys=0.00s Real=0.00s
[2025-08-21T23:52:54.352+0000][1692007][info ][safepoint   ] Safepoint "G1CollectForAllocation", Time since last: 560524185172 ns, Reaching safepoint: 7120 ns, Cleanup: 2544 ns, At safepoint: 4226161 ns, Total: 4235825 ns
[2025-08-22T00:04:38.752+0000][1692007][info ][gc,start    ] GC(635) Pause Young (Concurrent Start) (G1 Evacuation Pause)
[2025-08-22T00:04:38.752+0000][1692007][info ][gc,task     ] GC(635) Using 1 workers of 1 for evacuation
[2025-08-22T00:04:38.752+0000][1692007][debug][gc,age      ] GC(635) Desired survivor size 20971520 bytes, new threshold 15 (max threshold 15)
[2025-08-22T00:04:38.755+0000][1692007][info ][gc,phases   ] GC(635)   Pre Evacuate Collection Set: 0.1ms
[2025-08-22T00:04:38.755+0000][1692007][info ][gc,phases   ] GC(635)   Merge Heap Roots: 0.0ms
[2025-08-22T00:04:38.755+0000][1692007][info ][gc,phases   ] GC(635)   Evacuate Collection Set: 1.5ms
[2025-08-22T00:04:38.755+0000][1692007][info ][gc,phases   ] GC(635)   Post Evacuate Collection Set: 0.7ms
[2025-08-22T00:04:38.755+0000][1692007][info ][gc,phases   ] GC(635)   Other: 0.0ms
[2025-08-22T00:04:38.755+0000][1692007][trace][gc,age      ] GC(635) Age table with threshold 15 (max threshold 15)
[2025-08-22T00:04:38.755+0000][1692007][trace][gc,age      ] GC(635) - age   1:      96784 bytes,      96784 total
[2025-08-22T00:04:38.755+0000][1692007][trace][gc,age      ] GC(635) - age   2:        528 bytes,      97312 total
[2025-08-22T00:04:38.755+0000][1692007][trace][gc,age      ] GC(635) - age   4:         96 bytes,      97408 total
[2025-08-22T00:04:38.755+0000][1692007][trace][gc,age      ] GC(635) - age   9:       1072 bytes,      98480 total
[2025-08-22T00:04:38.755+0000][1692007][trace][gc,age      ] GC(635) - age  10:       1848 bytes,     100328 total
[2025-08-22T00:04:38.755+0000][1692007][trace][gc,age      ] GC(635) - age  11:        280 bytes,     100608 total
[2025-08-22T00:04:38.755+0000][1692007][trace][gc,age      ] GC(635) - age  12:         72 bytes,     100680 total
[2025-08-22T00:04:38.755+0000][1692007][trace][gc,age      ] GC(635) - age  14:        352 bytes,     101032 total
[2025-08-22T00:04:38.755+0000][1692007][trace][gc,age      ] GC(635) - age  15:        120 bytes,     101152 total
[2025-08-22T00:04:38.755+0000][1692007][info ][gc,heap     ] GC(635) Eden regions: 75->0(75)
[2025-08-22T00:04:38.755+0000][1692007][info ][gc,heap     ] GC(635) Survivor regions: 1->1(10)
[2025-08-22T00:04:38.755+0000][1692007][info ][gc,heap     ] GC(635) Old regions: 25->25
[2025-08-22T00:04:38.755+0000][1692007][info ][gc,heap     ] GC(635) Humongous regions: 0->0
[2025-08-22T00:04:38.755+0000][1692007][info ][gc,metaspace] GC(635) Metaspace: 143280K(148288K)->143280K(148288K) NonClass: 124419K(127040K)->124419K(127040K) Class: 18861K(21248K)->18861K(21248K)
[2025-08-22T00:04:38.755+0000][1692007][info ][gc          ] GC(635) Pause Young (Concurrent Start) (G1 Evacuation Pause) 399M->99M(512M) 2.854ms
[2025-08-22T00:04:38.755+0000][1692007][info ][gc,cpu      ] GC(635) User=0.00s Sys=0.00s Real=0.00s
[2025-08-22T00:04:38.755+0000][1692007][info ][safepoint   ] Safepoint "G1CollectForAllocation", Time since last: 704399353528 ns, Reaching safepoint: 7922 ns, Cleanup: 3525 ns, At safepoint: 2891677 ns, Total: 2903124 ns
[2025-08-22T00:04:38.758+0000][1692007][info ][gc          ] GC(636) Concurrent Mark Cycle
[2025-08-22T00:04:38.758+0000][1692007][info ][gc,marking  ] GC(636) Concurrent Scan Root Regions
[2025-08-22T00:04:38.759+0000][1692007][info ][gc,marking  ] GC(636) Concurrent Scan Root Regions 0.784ms
[2025-08-22T00:04:38.759+0000][1692007][info ][gc,marking  ] GC(636) Concurrent Mark
[2025-08-22T00:04:38.759+0000][1692007][info ][gc,marking  ] GC(636) Concurrent Mark From Roots
[2025-08-22T00:04:38.759+0000][1692007][info ][gc,task     ] GC(636) Using 1 workers of 1 for marking
[2025-08-22T00:04:38.879+0000][1692007][info ][gc,marking  ] GC(636) Concurrent Mark From Roots 120.311ms
[2025-08-22T00:04:38.880+0000][1692007][info ][gc,marking  ] GC(636) Concurrent Preclean
[2025-08-22T00:04:38.880+0000][1692007][info ][gc,marking  ] GC(636) Concurrent Preclean 0.365ms
[2025-08-22T00:04:38.880+0000][1692007][info ][gc,start    ] GC(636) Pause Remark
[2025-08-22T00:04:38.896+0000][1692007][info ][gc          ] GC(636) Pause Remark 101M->101M(512M) 15.950ms
[2025-08-22T00:04:38.896+0000][1692007][info ][gc,cpu      ] GC(636) User=0.01s Sys=0.00s Real=0.02s
[2025-08-22T00:04:38.896+0000][1692007][info ][safepoint   ] Safepoint "G1PauseRemark", Time since last: 125202110 ns, Reaching safepoint: 4547 ns, Cleanup: 2974 ns, At safepoint: 15996284 ns, Total: 16003805 ns
[2025-08-22T00:04:38.896+0000][1692007][info ][gc,marking  ] GC(636) Concurrent Mark 136.772ms
[2025-08-22T00:04:38.896+0000][1692007][info ][gc,marking  ] GC(636) Concurrent Rebuild Remembered Sets and Scrub Regions
[2025-08-22T00:04:38.939+0000][1692007][info ][gc,marking  ] GC(636) Concurrent Rebuild Remembered Sets and Scrub Regions 43.122ms
[2025-08-22T00:04:38.939+0000][1692007][info ][gc,start    ] GC(636) Pause Cleanup
[2025-08-22T00:04:38.939+0000][1692007][info ][gc          ] GC(636) Pause Cleanup 101M->101M(512M) 0.041ms
[2025-08-22T00:04:38.939+0000][1692007][info ][gc,cpu      ] GC(636) User=0.00s Sys=0.00s Real=0.00s
[2025-08-22T00:04:38.939+0000][1692007][info ][safepoint   ] Safepoint "G1PauseCleanup", Time since last: 43172709 ns, Reaching safepoint: 3666 ns, Cleanup: 4917 ns, At safepoint: 62825 ns, Total: 71408 ns
[2025-08-22T00:04:38.939+0000][1692007][info ][gc,marking  ] GC(636) Concurrent Clear Claimed Marks
[2025-08-22T00:04:38.939+0000][1692007][info ][gc,marking  ] GC(636) Concurrent Clear Claimed Marks 0.169ms
[2025-08-22T00:04:38.939+0000][1692007][info ][gc,marking  ] GC(636) Concurrent Cleanup for Next Mark
[2025-08-22T00:04:38.953+0000][1692007][info ][gc,marking  ] GC(636) Concurrent Cleanup for Next Mark 13.253ms
[2025-08-22T00:04:38.953+0000][1692007][info ][gc          ] GC(636) Concurrent Mark Cycle 194.257ms
[2025-08-22T00:16:24.153+0000][1692007][info ][gc,start    ] GC(637) Pause Young (Prepare Mixed) (G1 Evacuation Pause)
[2025-08-22T00:16:24.153+0000][1692007][info ][gc,task     ] GC(637) Using 1 workers of 1 for evacuation
[2025-08-22T00:16:24.153+0000][1692007][debug][gc,age      ] GC(637) Desired survivor size 20971520 bytes, new threshold 15 (max threshold 15)
[2025-08-22T00:16:24.156+0000][1692007][info ][gc,phases   ] GC(637)   Pre Evacuate Collection Set: 0.0ms
[2025-08-22T00:16:24.156+0000][1692007][info ][gc,phases   ] GC(637)   Merge Heap Roots: 0.1ms
[2025-08-22T00:16:24.156+0000][1692007][info ][gc,phases   ] GC(637)   Evacuate Collection Set: 1.6ms
[2025-08-22T00:16:24.156+0000][1692007][info ][gc,phases   ] GC(637)   Post Evacuate Collection Set: 0.8ms
[2025-08-22T00:16:24.156+0000][1692007][info ][gc,phases   ] GC(637)   Other: 0.0ms
[2025-08-22T00:16:24.156+0000][1692007][trace][gc,age      ] GC(637) Age table with threshold 15 (max threshold 15)
[2025-08-22T00:16:24.156+0000][1692007][trace][gc,age      ] GC(637) - age   1:       9400 bytes,       9400 total
[2025-08-22T00:16:24.156+0000][1692007][trace][gc,age      ] GC(637) - age   3:        176 bytes,       9576 total
[2025-08-22T00:16:24.156+0000][1692007][trace][gc,age      ] GC(637) - age   5:         96 bytes,       9672 total
[2025-08-22T00:16:24.156+0000][1692007][trace][gc,age      ] GC(637) - age  10:       1072 bytes,      10744 total
[2025-08-22T00:16:24.156+0000][1692007][trace][gc,age      ] GC(637) - age  11:       1848 bytes,      12592 total
[2025-08-22T00:16:24.156+0000][1692007][trace][gc,age      ] GC(637) - age  12:        280 bytes,      12872 total
[2025-08-22T00:16:24.156+0000][1692007][trace][gc,age      ] GC(637) - age  13:         72 bytes,      12944 total
[2025-08-22T00:16:24.156+0000][1692007][trace][gc,age      ] GC(637) - age  15:        352 bytes,      13296 total
[2025-08-22T00:16:24.156+0000][1692007][info ][gc,heap     ] GC(637) Eden regions: 75->0(75)
[2025-08-22T00:16:24.156+0000][1692007][info ][gc,heap     ] GC(637) Survivor regions: 1->1(10)
[2025-08-22T00:16:24.156+0000][1692007][info ][gc,heap     ] GC(637) Old regions: 25->25
[2025-08-22T00:16:24.156+0000][1692007][info ][gc,heap     ] GC(637) Humongous regions: 0->0
[2025-08-22T00:16:24.156+0000][1692007][info ][gc,metaspace] GC(637) Metaspace: 143280K(148288K)->143280K(148288K) NonClass: 124419K(127040K)->124419K(127040K) Class: 18861K(21248K)->18861K(21248K)
[2025-08-22T00:16:24.156+0000][1692007][info ][gc          ] GC(637) Pause Young (Prepare Mixed) (G1 Evacuation Pause) 399M->99M(512M) 2.973ms
[2025-08-22T00:16:24.156+0000][1692007][info ][gc,cpu      ] GC(637) User=0.00s Sys=0.00s Real=0.01s
[2025-08-22T00:16:24.156+0000][1692007][info ][safepoint   ] Safepoint "G1CollectForAllocation", Time since last: 705213696994 ns, Reaching safepoint: 6771 ns, Cleanup: 3014 ns, At safepoint: 3004687 ns, Total: 3014472 ns
[2025-08-22T00:28:05.775+0000][1692007][info ][gc,start    ] GC(638) Pause Young (Mixed) (G1 Evacuation Pause)
[2025-08-22T00:28:05.775+0000][1692007][info ][gc,task     ] GC(638) Using 1 workers of 1 for evacuation
[2025-08-22T00:28:05.775+0000][1692007][debug][gc,age      ] GC(638) Desired survivor size 20971520 bytes, new threshold 15 (max threshold 15)
[2025-08-22T00:28:05.791+0000][1692007][info ][gc,phases   ] GC(638)   Pre Evacuate Collection Set: 0.1ms
[2025-08-22T00:28:05.791+0000][1692007][info ][gc,phases   ] GC(638)   Merge Heap Roots: 0.1ms
[2025-08-22T00:28:05.791+0000][1692007][info ][gc,phases   ] GC(638)   Evacuate Collection Set: 14.4ms
[2025-08-22T00:28:05.791+0000][1692007][info ][gc,phases   ] GC(638)   Post Evacuate Collection Set: 0.8ms
[2025-08-22T00:28:05.791+0000][1692007][info ][gc,phases   ] GC(638)   Other: 0.0ms
[2025-08-22T00:28:05.791+0000][1692007][trace][gc,age      ] GC(638) Age table with threshold 15 (max threshold 15)
[2025-08-22T00:28:05.791+0000][1692007][trace][gc,age      ] GC(638) - age   1:       9344 bytes,       9344 total
[2025-08-22T00:28:05.791+0000][1692007][trace][gc,age      ] GC(638) - age   4:        176 bytes,       9520 total
[2025-08-22T00:28:05.791+0000][1692007][trace][gc,age      ] GC(638) - age   6:         96 bytes,       9616 total
[2025-08-22T00:28:05.791+0000][1692007][trace][gc,age      ] GC(638) - age  11:       1072 bytes,      10688 total
[2025-08-22T00:28:05.791+0000][1692007][trace][gc,age      ] GC(638) - age  12:       1848 bytes,      12536 total
[2025-08-22T00:28:05.791+0000][1692007][trace][gc,age      ] GC(638) - age  13:        280 bytes,      12816 total
[2025-08-22T00:28:05.791+0000][1692007][trace][gc,age      ] GC(638) - age  14:         72 bytes,      12888 total
[2025-08-22T00:28:05.791+0000][1692007][info ][gc,heap     ] GC(638) Eden regions: 75->0(75)
[2025-08-22T00:28:05.791+0000][1692007][info ][gc,heap     ] GC(638) Survivor regions: 1->1(10)
[2025-08-22T00:28:05.791+0000][1692007][info ][gc,heap     ] GC(638) Old regions: 25->25
[2025-08-22T00:28:05.791+0000][1692007][info ][gc,heap     ] GC(638) Humongous regions: 0->0
[2025-08-22T00:28:05.791+0000][1692007][info ][gc,metaspace] GC(638) Metaspace: 143280K(148288K)->143280K(148288K) NonClass: 124419K(127040K)->124419K(127040K) Class: 18861K(21248K)->18861K(21248K)
[2025-08-22T00:28:05.791+0000][1692007][info ][gc          ] GC(638) Pause Young (Mixed) (G1 Evacuation Pause) 399M->97M(512M) 15.583ms
[2025-08-22T00:28:05.791+0000][1692007][info ][gc,cpu      ] GC(638) User=0.01s Sys=0.00s Real=0.02s
[2025-08-22T00:28:05.791+0000][1692007][info ][safepoint   ] Safepoint "G1CollectForAllocation", Time since last: 701619264704 ns, Reaching safepoint: 7251 ns, Cleanup: 2453 ns, At safepoint: 15625414 ns, Total: 15635118 ns
[2025-08-22T00:35:54.846+0000][1692007][info ][safepoint   ] Safepoint "Cleanup", Time since last: 469055169794 ns, Reaching safepoint: 42314 ns, Cleanup: 10796 ns, At safepoint: 5037 ns, Total: 58147 ns
[2025-08-22T00:39:51.365+0000][1692007][info ][gc,start    ] GC(639) Pause Young (Concurrent Start) (G1 Evacuation Pause)
[2025-08-22T00:39:51.365+0000][1692007][info ][gc,task     ] GC(639) Using 1 workers of 1 for evacuation
[2025-08-22T00:39:51.365+0000][1692007][debug][gc,age      ] GC(639) Desired survivor size 20971520 bytes, new threshold 15 (max threshold 15)
[2025-08-22T00:39:51.367+0000][1692007][info ][gc,phases   ] GC(639)   Pre Evacuate Collection Set: 0.0ms
[2025-08-22T00:39:51.367+0000][1692007][info ][gc,phases   ] GC(639)   Merge Heap Roots: 0.0ms
[2025-08-22T00:39:51.367+0000][1692007][info ][gc,phases   ] GC(639)   Evacuate Collection Set: 1.2ms
[2025-08-22T00:39:51.367+0000][1692007][info ][gc,phases   ] GC(639)   Post Evacuate Collection Set: 0.7ms
[2025-08-22T00:39:51.367+0000][1692007][info ][gc,phases   ] GC(639)   Other: 0.1ms
[2025-08-22T00:39:51.367+0000][1692007][trace][gc,age      ] GC(639) Age table with threshold 15 (max threshold 15)
[2025-08-22T00:39:51.367+0000][1692007][trace][gc,age      ] GC(639) - age   1:      11024 bytes,      11024 total
[2025-08-22T00:39:51.367+0000][1692007][trace][gc,age      ] GC(639) - age   5:        176 bytes,      11200 total
[2025-08-22T00:39:51.367+0000][1692007][trace][gc,age      ] GC(639) - age   7:         96 bytes,      11296 total
[2025-08-22T00:39:51.367+0000][1692007][trace][gc,age      ] GC(639) - age  12:       1072 bytes,      12368 total
[2025-08-22T00:39:51.367+0000][1692007][trace][gc,age      ] GC(639) - age  13:       1848 bytes,      14216 total
[2025-08-22T00:39:51.367+0000][1692007][trace][gc,age      ] GC(639) - age  14:        280 bytes,      14496 total
[2025-08-22T00:39:51.367+0000][1692007][trace][gc,age      ] GC(639) - age  15:         72 bytes,      14568 total
[2025-08-22T00:39:51.367+0000][1692007][info ][gc,heap     ] GC(639) Eden regions: 75->0(75)
[2025-08-22T00:39:51.367+0000][1692007][info ][gc,heap     ] GC(639) Survivor regions: 1->1(10)
[2025-08-22T00:39:51.367+0000][1692007][info ][gc,heap     ] GC(639) Old regions: 25->25
[2025-08-22T00:39:51.367+0000][1692007][info ][gc,heap     ] GC(639) Humongous regions: 0->0
[2025-08-22T00:39:51.367+0000][1692007][info ][gc,metaspace] GC(639) Metaspace: 143280K(148288K)->143280K(148288K) NonClass: 124419K(127040K)->124419K(127040K) Class: 18861K(21248K)->18861K(21248K)
[2025-08-22T00:39:51.367+0000][1692007][info ][gc          ] GC(639) Pause Young (Concurrent Start) (G1 Evacuation Pause) 397M->97M(512M) 2.279ms
[2025-08-22T00:39:51.367+0000][1692007][info ][gc,cpu      ] GC(639) User=0.00s Sys=0.00s Real=0.01s
[2025-08-22T00:39:51.367+0000][1692007][info ][safepoint   ] Safepoint "G1CollectForAllocation", Time since last: 236518496948 ns, Reaching safepoint: 332542 ns, Cleanup: 2393 ns, At safepoint: 2316058 ns, Total: 2650993 ns
[2025-08-22T00:39:51.371+0000][1692007][info ][gc          ] GC(640) Concurrent Mark Cycle
[2025-08-22T00:39:51.371+0000][1692007][info ][gc,marking  ] GC(640) Concurrent Scan Root Regions
[2025-08-22T00:39:51.372+0000][1692007][info ][gc,marking  ] GC(640) Concurrent Scan Root Regions 0.529ms
[2025-08-22T00:39:51.372+0000][1692007][info ][gc,marking  ] GC(640) Concurrent Mark
[2025-08-22T00:39:51.372+0000][1692007][info ][gc,marking  ] GC(640) Concurrent Mark From Roots
[2025-08-22T00:39:51.372+0000][1692007][info ][gc,task     ] GC(640) Using 1 workers of 1 for marking
[2025-08-22T00:39:51.489+0000][1692007][info ][gc,marking  ] GC(640) Concurrent Mark From Roots 117.115ms
[2025-08-22T00:39:51.489+0000][1692007][info ][gc,marking  ] GC(640) Concurrent Preclean
[2025-08-22T00:39:51.489+0000][1692007][info ][gc,marking  ] GC(640) Concurrent Preclean 0.381ms
[2025-08-22T00:39:51.489+0000][1692007][info ][gc,start    ] GC(640) Pause Remark
[2025-08-22T00:39:51.497+0000][1692007][info ][gc          ] GC(640) Pause Remark 99M->99M(512M) 7.553ms
[2025-08-22T00:39:51.497+0000][1692007][info ][gc,cpu      ] GC(640) User=0.00s Sys=0.00s Real=0.01s
[2025-08-22T00:39:51.497+0000][1692007][info ][safepoint   ] Safepoint "G1PauseRemark", Time since last: 122303944 ns, Reaching safepoint: 4787 ns, Cleanup: 3185 ns, At safepoint: 7585895 ns, Total: 7593867 ns
[2025-08-22T00:39:51.497+0000][1692007][info ][gc,marking  ] GC(640) Concurrent Mark 125.161ms
[2025-08-22T00:39:51.497+0000][1692007][info ][gc,marking  ] GC(640) Concurrent Rebuild Remembered Sets and Scrub Regions
[2025-08-22T00:39:51.555+0000][1692007][info ][gc,marking  ] GC(640) Concurrent Rebuild Remembered Sets and Scrub Regions 58.387ms
[2025-08-22T00:39:51.556+0000][1692007][info ][gc,start    ] GC(640) Pause Cleanup
[2025-08-22T00:39:51.556+0000][1692007][info ][gc          ] GC(640) Pause Cleanup 99M->99M(512M) 0.044ms
[2025-08-22T00:39:51.556+0000][1692007][info ][gc,cpu      ] GC(640) User=0.00s Sys=0.00s Real=0.00s
[2025-08-22T00:39:51.556+0000][1692007][info ][safepoint   ] Safepoint "G1PauseCleanup", Time since last: 58442956 ns, Reaching safepoint: 3776 ns, Cleanup: 2013 ns, At safepoint: 68714 ns, Total: 74503 ns
[2025-08-22T00:39:51.556+0000][1692007][info ][gc,marking  ] GC(640) Concurrent Clear Claimed Marks
[2025-08-22T00:39:51.556+0000][1692007][info ][gc,marking  ] GC(640) Concurrent Clear Claimed Marks 0.182ms
[2025-08-22T00:39:51.556+0000][1692007][info ][gc,marking  ] GC(640) Concurrent Cleanup for Next Mark
[2025-08-22T00:39:51.556+0000][1692007][info ][gc,marking  ] GC(640) Concurrent Cleanup for Next Mark 0.266ms
[2025-08-22T00:39:51.556+0000][1692007][info ][gc          ] GC(640) Concurrent Mark Cycle 184.684ms
[2025-08-22T00:51:36.566+0000][1692007][info ][gc,start    ] GC(641) Pause Young (Prepare Mixed) (G1 Evacuation Pause)
[2025-08-22T00:51:36.566+0000][1692007][info ][gc,task     ] GC(641) Using 1 workers of 1 for evacuation
[2025-08-22T00:51:36.567+0000][1692007][debug][gc,age      ] GC(641) Desired survivor size 20971520 bytes, new threshold 15 (max threshold 15)
[2025-08-22T00:51:36.570+0000][1692007][info ][gc,phases   ] GC(641)   Pre Evacuate Collection Set: 0.1ms
[2025-08-22T00:51:36.570+0000][1692007][info ][gc,phases   ] GC(641)   Merge Heap Roots: 0.1ms
[2025-08-22T00:51:36.570+0000][1692007][info ][gc,phases   ] GC(641)   Evacuate Collection Set: 2.1ms
[2025-08-22T00:51:36.570+0000][1692007][info ][gc,phases   ] GC(641)   Post Evacuate Collection Set: 0.8ms
[2025-08-22T00:51:36.570+0000][1692007][info ][gc,phases   ] GC(641)   Other: 0.0ms
[2025-08-22T00:51:36.570+0000][1692007][trace][gc,age      ] GC(641) Age table with threshold 15 (max threshold 15)
[2025-08-22T00:51:36.570+0000][1692007][trace][gc,age      ] GC(641) - age   1:      13544 bytes,      13544 total
[2025-08-22T00:51:36.570+0000][1692007][trace][gc,age      ] GC(641) - age   8:         96 bytes,      13640 total
[2025-08-22T00:51:36.570+0000][1692007][trace][gc,age      ] GC(641) - age  13:       1072 bytes,      14712 total
[2025-08-22T00:51:36.570+0000][1692007][trace][gc,age      ] GC(641) - age  14:       1848 bytes,      16560 total
[2025-08-22T00:51:36.570+0000][1692007][trace][gc,age      ] GC(641) - age  15:        280 bytes,      16840 total
[2025-08-22T00:51:36.570+0000][1692007][info ][gc,heap     ] GC(641) Eden regions: 75->0(75)
[2025-08-22T00:51:36.570+0000][1692007][info ][gc,heap     ] GC(641) Survivor regions: 1->1(10)
[2025-08-22T00:51:36.570+0000][1692007][info ][gc,heap     ] GC(641) Old regions: 25->25
[2025-08-22T00:51:36.570+0000][1692007][info ][gc,heap     ] GC(641) Humongous regions: 0->0
[2025-08-22T00:51:36.570+0000][1692007][info ][gc,metaspace] GC(641) Metaspace: 143280K(148288K)->143280K(148288K) NonClass: 124419K(127040K)->124419K(127040K) Class: 18861K(21248K)->18861K(21248K)
[2025-08-22T00:51:36.570+0000][1692007][info ][gc          ] GC(641) Pause Young (Prepare Mixed) (G1 Evacuation Pause) 397M->97M(512M) 3.313ms
[2025-08-22T00:51:36.570+0000][1692007][info ][gc,cpu      ] GC(641) User=0.00s Sys=0.00s Real=0.00s
[2025-08-22T00:51:36.570+0000][1692007][info ][safepoint   ] Safepoint "G1CollectForAllocation", Time since last: 705010722309 ns, Reaching safepoint: 4247 ns, Cleanup: 2273 ns, At safepoint: 3344440 ns, Total: 3350960 ns
[2025-08-22T01:03:20.626+0000][1692007][info ][gc,start    ] GC(642) Pause Young (Mixed) (G1 Evacuation Pause)
[2025-08-22T01:03:20.626+0000][1692007][info ][gc,task     ] GC(642) Using 1 workers of 1 for evacuation
[2025-08-22T01:03:20.626+0000][1692007][debug][gc,age      ] GC(642) Desired survivor size 20971520 bytes, new threshold 15 (max threshold 15)
[2025-08-22T01:03:20.635+0000][1692007][info ][gc,phases   ] GC(642)   Pre Evacuate Collection Set: 0.0ms
[2025-08-22T01:03:20.635+0000][1692007][info ][gc,phases   ] GC(642)   Merge Heap Roots: 0.1ms
[2025-08-22T01:03:20.635+0000][1692007][info ][gc,phases   ] GC(642)   Evacuate Collection Set: 8.3ms
[2025-08-22T01:03:20.635+0000][1692007][info ][gc,phases   ] GC(642)   Post Evacuate Collection Set: 0.7ms
[2025-08-22T01:03:20.635+0000][1692007][info ][gc,phases   ] GC(642)   Other: 0.0ms
[2025-08-22T01:03:20.635+0000][1692007][trace][gc,age      ] GC(642) Age table with threshold 15 (max threshold 15)
[2025-08-22T01:03:20.635+0000][1692007][trace][gc,age      ] GC(642) - age   1:       9216 bytes,       9216 total
[2025-08-22T01:03:20.635+0000][1692007][trace][gc,age      ] GC(642) - age   2:        528 bytes,       9744 total
[2025-08-22T01:03:20.635+0000][1692007][trace][gc,age      ] GC(642) - age   9:         96 bytes,       9840 total
[2025-08-22T01:03:20.635+0000][1692007][trace][gc,age      ] GC(642) - age  14:       1072 bytes,      10912 total
[2025-08-22T01:03:20.635+0000][1692007][trace][gc,age      ] GC(642) - age  15:       1848 bytes,      12760 total
[2025-08-22T01:03:20.635+0000][1692007][info ][gc,heap     ] GC(642) Eden regions: 75->0(75)
[2025-08-22T01:03:20.635+0000][1692007][info ][gc,heap     ] GC(642) Survivor regions: 1->1(10)
[2025-08-22T01:03:20.635+0000][1692007][info ][gc,heap     ] GC(642) Old regions: 25->24
[2025-08-22T01:03:20.635+0000][1692007][info ][gc,heap     ] GC(642) Humongous regions: 0->0
[2025-08-22T01:03:20.635+0000][1692007][info ][gc,metaspace] GC(642) Metaspace: 143280K(148288K)->143280K(148288K) NonClass: 124419K(127040K)->124419K(127040K) Class: 18861K(21248K)->18861K(21248K)
[2025-08-22T01:03:20.635+0000][1692007][info ][gc          ] GC(642) Pause Young (Mixed) (G1 Evacuation Pause) 397M->94M(512M) 9.600ms
[2025-08-22T01:03:20.635+0000][1692007][info ][gc,cpu      ] GC(642) User=0.01s Sys=0.00s Real=0.01s
[2025-08-22T01:03:20.635+0000][1692007][info ][safepoint   ] Safepoint "G1CollectForAllocation", Time since last: 704056140567 ns, Reaching safepoint: 7651 ns, Cleanup: 1753 ns, At safepoint: 9636110 ns, Total: 9645514 ns
[2025-08-22T01:15:02.792+0000][1692007][info ][gc,start    ] GC(643) Pause Young (Concurrent Start) (G1 Evacuation Pause)
[2025-08-22T01:15:02.793+0000][1692007][info ][gc,task     ] GC(643) Using 1 workers of 1 for evacuation
[2025-08-22T01:15:02.793+0000][1692007][debug][gc,age      ] GC(643) Desired survivor size 20971520 bytes, new threshold 15 (max threshold 15)
[2025-08-22T01:15:02.795+0000][1692007][info ][gc,phases   ] GC(643)   Pre Evacuate Collection Set: 0.0ms
[2025-08-22T01:15:02.795+0000][1692007][info ][gc,phases   ] GC(643)   Merge Heap Roots: 0.0ms
[2025-08-22T01:15:02.795+0000][1692007][info ][gc,phases   ] GC(643)   Evacuate Collection Set: 1.2ms
[2025-08-22T01:15:02.795+0000][1692007][info ][gc,phases   ] GC(643)   Post Evacuate Collection Set: 0.7ms
[2025-08-22T01:15:02.795+0000][1692007][info ][gc,phases   ] GC(643)   Other: 0.0ms
[2025-08-22T01:15:02.795+0000][1692007][trace][gc,age      ] GC(643) Age table with threshold 15 (max threshold 15)
[2025-08-22T01:15:02.795+0000][1692007][trace][gc,age      ] GC(643) - age   1:       9496 bytes,       9496 total
[2025-08-22T01:15:02.795+0000][1692007][trace][gc,age      ] GC(643) - age   2:        192 bytes,       9688 total
[2025-08-22T01:15:02.795+0000][1692007][trace][gc,age      ] GC(643) - age   3:        176 bytes,       9864 total
[2025-08-22T01:15:02.795+0000][1692007][trace][gc,age      ] GC(643) - age  10:         96 bytes,       9960 total
[2025-08-22T01:15:02.795+0000][1692007][trace][gc,age      ] GC(643) - age  15:       1072 bytes,      11032 total
[2025-08-22T01:15:02.795+0000][1692007][info ][gc,heap     ] GC(643) Eden regions: 75->0(75)
[2025-08-22T01:15:02.795+0000][1692007][info ][gc,heap     ] GC(643) Survivor regions: 1->1(10)
[2025-08-22T01:15:02.795+0000][1692007][info ][gc,heap     ] GC(643) Old regions: 24->24
[2025-08-22T01:15:02.795+0000][1692007][info ][gc,heap     ] GC(643) Humongous regions: 0->0
[2025-08-22T01:15:02.795+0000][1692007][info ][gc,metaspace] GC(643) Metaspace: 143280K(148288K)->143280K(148288K) NonClass: 124419K(127040K)->124419K(127040K) Class: 18861K(21248K)->18861K(21248K)
[2025-08-22T01:15:02.795+0000][1692007][info ][gc          ] GC(643) Pause Young (Concurrent Start) (G1 Evacuation Pause) 394M->94M(512M) 2.549ms
[2025-08-22T01:15:02.795+0000][1692007][info ][gc,cpu      ] GC(643) User=0.00s Sys=0.00s Real=0.00s
[2025-08-22T01:15:02.795+0000][1692007][info ][safepoint   ] Safepoint "G1CollectForAllocation", Time since last: 702156953178 ns, Reaching safepoint: 8373 ns, Cleanup: 2984 ns, At safepoint: 2586195 ns, Total: 2597552 ns
[2025-08-22T01:15:02.801+0000][1692007][info ][gc          ] GC(644) Concurrent Mark Cycle
[2025-08-22T01:15:02.801+0000][1692007][info ][gc,marking  ] GC(644) Concurrent Scan Root Regions
[2025-08-22T01:15:02.802+0000][1692007][info ][gc,marking  ] GC(644) Concurrent Scan Root Regions 0.400ms
[2025-08-22T01:15:02.802+0000][1692007][info ][gc,marking  ] GC(644) Concurrent Mark
[2025-08-22T01:15:02.802+0000][1692007][info ][gc,marking  ] GC(644) Concurrent Mark From Roots
[2025-08-22T01:15:02.802+0000][1692007][info ][gc,task     ] GC(644) Using 1 workers of 1 for marking
[2025-08-22T01:15:02.921+0000][1692007][info ][gc,marking  ] GC(644) Concurrent Mark From Roots 119.335ms
[2025-08-22T01:15:02.921+0000][1692007][info ][gc,marking  ] GC(644) Concurrent Preclean
[2025-08-22T01:15:02.922+0000][1692007][info ][gc,marking  ] GC(644) Concurrent Preclean 0.394ms
[2025-08-22T01:15:02.922+0000][1692007][info ][gc,start    ] GC(644) Pause Remark
[2025-08-22T01:15:02.933+0000][1692007][info ][gc          ] GC(644) Pause Remark 94M->94M(512M) 10.928ms
[2025-08-22T01:15:02.933+0000][1692007][info ][gc,cpu      ] GC(644) User=0.01s Sys=0.00s Real=0.01s
[2025-08-22T01:15:02.933+0000][1692007][info ][safepoint   ] Safepoint "G1PauseRemark", Time since last: 126577492 ns, Reaching safepoint: 5028 ns, Cleanup: 2784 ns, At safepoint: 10969795 ns, Total: 10977607 ns
[2025-08-22T01:15:02.933+0000][1692007][info ][gc,marking  ] GC(644) Concurrent Mark 130.769ms
[2025-08-22T01:15:02.933+0000][1692007][info ][gc,marking  ] GC(644) Concurrent Rebuild Remembered Sets and Scrub Regions
[2025-08-22T01:15:02.967+0000][1692007][info ][gc,marking  ] GC(644) Concurrent Rebuild Remembered Sets and Scrub Regions 34.778ms
[2025-08-22T01:15:02.967+0000][1692007][info ][gc,start    ] GC(644) Pause Cleanup
[2025-08-22T01:15:02.967+0000][1692007][info ][gc          ] GC(644) Pause Cleanup 94M->94M(512M) 0.034ms
[2025-08-22T01:15:02.967+0000][1692007][info ][gc,cpu      ] GC(644) User=0.00s Sys=0.00s Real=0.00s
[2025-08-22T01:15:02.967+0000][1692007][info ][safepoint   ] Safepoint "G1PauseCleanup", Time since last: 34824965 ns, Reaching safepoint: 3355 ns, Cleanup: 5729 ns, At safepoint: 54012 ns, Total: 63096 ns
[2025-08-22T01:15:02.967+0000][1692007][info ][gc,marking  ] GC(644) Concurrent Clear Claimed Marks
[2025-08-22T01:15:02.968+0000][1692007][info ][gc,marking  ] GC(644) Concurrent Clear Claimed Marks 0.131ms
[2025-08-22T01:15:02.968+0000][1692007][info ][gc,marking  ] GC(644) Concurrent Cleanup for Next Mark
[2025-08-22T01:15:02.981+0000][1692007][info ][gc,marking  ] GC(644) Concurrent Cleanup for Next Mark 13.030ms
[2025-08-22T01:15:02.981+0000][1692007][info ][gc          ] GC(644) Concurrent Mark Cycle 179.249ms
[2025-08-22T01:26:48.295+0000][1692007][info ][gc,start    ] GC(645) Pause Young (Prepare Mixed) (G1 Evacuation Pause)
[2025-08-22T01:26:48.295+0000][1692007][info ][gc,task     ] GC(645) Using 1 workers of 1 for evacuation
[2025-08-22T01:26:48.295+0000][1692007][debug][gc,age      ] GC(645) Desired survivor size 20971520 bytes, new threshold 15 (max threshold 15)
[2025-08-22T01:26:48.298+0000][1692007][info ][gc,phases   ] GC(645)   Pre Evacuate Collection Set: 0.1ms
[2025-08-22T01:26:48.298+0000][1692007][info ][gc,phases   ] GC(645)   Merge Heap Roots: 0.0ms
[2025-08-22T01:26:48.298+0000][1692007][info ][gc,phases   ] GC(645)   Evacuate Collection Set: 1.7ms
[2025-08-22T01:26:48.298+0000][1692007][info ][gc,phases   ] GC(645)   Post Evacuate Collection Set: 0.8ms
[2025-08-22T01:26:48.298+0000][1692007][info ][gc,phases   ] GC(645)   Other: 0.0ms
[2025-08-22T01:26:48.298+0000][1692007][trace][gc,age      ] GC(645) Age table with threshold 15 (max threshold 15)
[2025-08-22T01:26:48.298+0000][1692007][trace][gc,age      ] GC(645) - age   1:      26984 bytes,      26984 total
[2025-08-22T01:26:48.298+0000][1692007][trace][gc,age      ] GC(645) - age   3:        192 bytes,      27176 total
[2025-08-22T01:26:48.298+0000][1692007][trace][gc,age      ] GC(645) - age   4:        176 bytes,      27352 total
[2025-08-22T01:26:48.298+0000][1692007][trace][gc,age      ] GC(645) - age  11:         96 bytes,      27448 total
[2025-08-22T01:26:48.298+0000][1692007][info ][gc,heap     ] GC(645) Eden regions: 75->0(75)
[2025-08-22T01:26:48.298+0000][1692007][info ][gc,heap     ] GC(645) Survivor regions: 1->1(10)
[2025-08-22T01:26:48.298+0000][1692007][info ][gc,heap     ] GC(645) Old regions: 24->24
[2025-08-22T01:26:48.298+0000][1692007][info ][gc,heap     ] GC(645) Humongous regions: 0->0
[2025-08-22T01:26:48.298+0000][1692007][info ][gc,metaspace] GC(645) Metaspace: 143280K(148288K)->143280K(148288K) NonClass: 124419K(127040K)->124419K(127040K) Class: 18861K(21248K)->18861K(21248K)
[2025-08-22T01:26:48.298+0000][1692007][info ][gc          ] GC(645) Pause Young (Prepare Mixed) (G1 Evacuation Pause) 394M->94M(512M) 3.120ms
[2025-08-22T01:26:48.298+0000][1692007][info ][gc,cpu      ] GC(645) User=0.00s Sys=0.00s Real=0.01s
[2025-08-22T01:26:48.298+0000][1692007][info ][safepoint   ] Safepoint "G1CollectForAllocation", Time since last: 705327602997 ns, Reaching safepoint: 8553 ns, Cleanup: 3546 ns, At safepoint: 3156085 ns, Total: 3168184 ns
[2025-08-22T01:31:42.316+0000][1692007][info ][safepoint   ] Safepoint "Cleanup", Time since last: 294018010641 ns, Reaching safepoint: 42574 ns, Cleanup: 20531 ns, At safepoint: 2344 ns, Total: 65449 ns
[2025-08-22T01:35:08.329+0000][1692007][info ][safepoint   ] Safepoint "Cleanup", Time since last: 206012564717 ns, Reaching safepoint: 59520 ns, Cleanup: 19710 ns, At safepoint: 2353 ns, Total: 81583 ns
[2025-08-22T01:35:24.330+0000][1692007][info ][safepoint   ] Safepoint "Cleanup", Time since last: 16001197519 ns, Reaching safepoint: 39891 ns, Cleanup: 11988 ns, At safepoint: 2353 ns, Total: 54232 ns
[2025-08-22T01:38:33.612+0000][1692007][info ][gc,start    ] GC(646) Pause Young (Mixed) (G1 Evacuation Pause)
[2025-08-22T01:38:33.612+0000][1692007][info ][gc,task     ] GC(646) Using 1 workers of 1 for evacuation
[2025-08-22T01:38:33.612+0000][1692007][debug][gc,age      ] GC(646) Desired survivor size 20971520 bytes, new threshold 15 (max threshold 15)
[2025-08-22T01:38:33.641+0000][1692007][info ][gc,phases   ] GC(646)   Pre Evacuate Collection Set: 0.2ms
[2025-08-22T01:38:33.641+0000][1692007][info ][gc,phases   ] GC(646)   Merge Heap Roots: 0.4ms
[2025-08-22T01:38:33.641+0000][1692007][info ][gc,phases   ] GC(646)   Evacuate Collection Set: 15.5ms
[2025-08-22T01:38:33.641+0000][1692007][info ][gc,phases   ] GC(646)   Post Evacuate Collection Set: 12.2ms
[2025-08-22T01:38:33.641+0000][1692007][info ][gc,phases   ] GC(646)   Other: 0.4ms
[2025-08-22T01:38:33.641+0000][1692007][trace][gc,age      ] GC(646) Age table with threshold 15 (max threshold 15)
[2025-08-22T01:38:33.641+0000][1692007][trace][gc,age      ] GC(646) - age   1:      28800 bytes,      28800 total
[2025-08-22T01:38:33.641+0000][1692007][trace][gc,age      ] GC(646) - age   4:        192 bytes,      28992 total
[2025-08-22T01:38:33.641+0000][1692007][trace][gc,age      ] GC(646) - age   5:        176 bytes,      29168 total
[2025-08-22T01:38:33.641+0000][1692007][trace][gc,age      ] GC(646) - age  12:         96 bytes,      29264 total
[2025-08-22T01:38:33.641+0000][1692007][info ][gc,heap     ] GC(646) Eden regions: 75->0(75)
[2025-08-22T01:38:33.641+0000][1692007][info ][gc,heap     ] GC(646) Survivor regions: 1->1(10)
[2025-08-22T01:38:33.641+0000][1692007][info ][gc,heap     ] GC(646) Old regions: 24->24
[2025-08-22T01:38:33.641+0000][1692007][info ][gc,heap     ] GC(646) Humongous regions: 0->0
[2025-08-22T01:38:33.641+0000][1692007][info ][gc,metaspace] GC(646) Metaspace: 143280K(148288K)->143280K(148288K) NonClass: 124419K(127040K)->124419K(127040K) Class: 18861K(21248K)->18861K(21248K)
[2025-08-22T01:38:33.641+0000][1692007][info ][gc          ] GC(646) Pause Young (Mixed) (G1 Evacuation Pause) 394M->92M(512M) 28.871ms
[2025-08-22T01:38:33.641+0000][1692007][info ][gc,cpu      ] GC(646) User=0.01s Sys=0.00s Real=0.03s
[2025-08-22T01:38:33.641+0000][1692007][info ][safepoint   ] Safepoint "G1CollectForAllocation", Time since last: 189281569176 ns, Reaching safepoint: 7681 ns, Cleanup: 2744 ns, At safepoint: 28913520 ns, Total: 28923945 ns
[2025-08-22T01:38:34.641+0000][1692007][info ][safepoint   ] Safepoint "Cleanup", Time since last: 1000073523 ns, Reaching safepoint: 6420 ns, Cleanup: 11097 ns, At safepoint: 2403 ns, Total: 19920 ns
[2025-08-22T01:40:54.649+0000][1692007][info ][safepoint   ] Safepoint "Cleanup", Time since last: 140008326422 ns, Reaching safepoint: 71057 ns, Cleanup: 12519 ns, At safepoint: 4627 ns, Total: 88203 ns
[2025-08-22T01:50:16.091+0000][1692007][info ][gc,start    ] GC(647) Pause Young (Concurrent Start) (G1 Evacuation Pause)
[2025-08-22T01:50:16.091+0000][1692007][info ][gc,task     ] GC(647) Using 1 workers of 1 for evacuation
[2025-08-22T01:50:16.092+0000][1692007][debug][gc,age      ] GC(647) Desired survivor size 20971520 bytes, new threshold 15 (max threshold 15)
[2025-08-22T01:50:16.094+0000][1692007][info ][gc,phases   ] GC(647)   Pre Evacuate Collection Set: 0.0ms
[2025-08-22T01:50:16.094+0000][1692007][info ][gc,phases   ] GC(647)   Merge Heap Roots: 0.0ms
[2025-08-22T01:50:16.094+0000][1692007][info ][gc,phases   ] GC(647)   Evacuate Collection Set: 1.2ms
[2025-08-22T01:50:16.094+0000][1692007][info ][gc,phases   ] GC(647)   Post Evacuate Collection Set: 0.9ms
[2025-08-22T01:50:16.094+0000][1692007][info ][gc,phases   ] GC(647)   Other: 0.0ms
[2025-08-22T01:50:16.094+0000][1692007][trace][gc,age      ] GC(647) Age table with threshold 15 (max threshold 15)
[2025-08-22T01:50:16.094+0000][1692007][trace][gc,age      ] GC(647) - age   1:       8968 bytes,       8968 total
[2025-08-22T01:50:16.094+0000][1692007][trace][gc,age      ] GC(647) - age   2:       2912 bytes,      11880 total
[2025-08-22T01:50:16.094+0000][1692007][trace][gc,age      ] GC(647) - age   5:        192 bytes,      12072 total
[2025-08-22T01:50:16.094+0000][1692007][trace][gc,age      ] GC(647) - age   6:        176 bytes,      12248 total
[2025-08-22T01:50:16.094+0000][1692007][trace][gc,age      ] GC(647) - age  13:         96 bytes,      12344 total
[2025-08-22T01:50:16.094+0000][1692007][info ][gc,heap     ] GC(647) Eden regions: 75->0(75)
[2025-08-22T01:50:16.094+0000][1692007][info ][gc,heap     ] GC(647) Survivor regions: 1->1(10)
[2025-08-22T01:50:16.094+0000][1692007][info ][gc,heap     ] GC(647) Old regions: 24->24
[2025-08-22T01:50:16.094+0000][1692007][info ][gc,heap     ] GC(647) Humongous regions: 0->0
[2025-08-22T01:50:16.094+0000][1692007][info ][gc,metaspace] GC(647) Metaspace: 143280K(148288K)->143280K(148288K) NonClass: 124419K(127040K)->124419K(127040K) Class: 18861K(21248K)->18861K(21248K)
[2025-08-22T01:50:16.094+0000][1692007][info ][gc          ] GC(647) Pause Young (Concurrent Start) (G1 Evacuation Pause) 392M->92M(512M) 2.708ms
[2025-08-22T01:50:16.094+0000][1692007][info ][gc,cpu      ] GC(647) User=0.00s Sys=0.00s Real=0.00s
[2025-08-22T01:50:16.094+0000][1692007][info ][safepoint   ] Safepoint "G1CollectForAllocation", Time since last: 561441840732 ns, Reaching safepoint: 7321 ns, Cleanup: 3305 ns, At safepoint: 2744224 ns, Total: 2754850 ns
[2025-08-22T01:50:16.098+0000][1692007][info ][gc          ] GC(648) Concurrent Mark Cycle
[2025-08-22T01:50:16.098+0000][1692007][info ][gc,marking  ] GC(648) Concurrent Scan Root Regions
[2025-08-22T01:50:16.099+0000][1692007][info ][gc,marking  ] GC(648) Concurrent Scan Root Regions 0.587ms
[2025-08-22T01:50:16.099+0000][1692007][info ][gc,marking  ] GC(648) Concurrent Mark
[2025-08-22T01:50:16.099+0000][1692007][info ][gc,marking  ] GC(648) Concurrent Mark From Roots
[2025-08-22T01:50:16.099+0000][1692007][info ][gc,task     ] GC(648) Using 1 workers of 1 for marking
[2025-08-22T01:50:16.226+0000][1692007][info ][gc,marking  ] GC(648) Concurrent Mark From Roots 126.723ms
[2025-08-22T01:50:16.226+0000][1692007][info ][gc,marking  ] GC(648) Concurrent Preclean
[2025-08-22T01:50:16.226+0000][1692007][info ][gc,marking  ] GC(648) Concurrent Preclean 0.407ms
[2025-08-22T01:50:16.226+0000][1692007][info ][gc,start    ] GC(648) Pause Remark
[2025-08-22T01:50:16.233+0000][1692007][info ][gc          ] GC(648) Pause Remark 92M->92M(512M) 6.322ms
[2025-08-22T01:50:16.233+0000][1692007][info ][gc,cpu      ] GC(648) User=0.01s Sys=0.00s Real=0.00s
[2025-08-22T01:50:16.233+0000][1692007][info ][safepoint   ] Safepoint "G1PauseRemark", Time since last: 132392339 ns, Reaching safepoint: 5338 ns, Cleanup: 10366 ns, At safepoint: 6357330 ns, Total: 6373034 ns
[2025-08-22T01:50:16.233+0000][1692007][info ][gc,marking  ] GC(648) Concurrent Mark 133.575ms
[2025-08-22T01:50:16.233+0000][1692007][info ][gc,marking  ] GC(648) Concurrent Rebuild Remembered Sets and Scrub Regions
[2025-08-22T01:50:16.267+0000][1692007][info ][gc,marking  ] GC(648) Concurrent Rebuild Remembered Sets and Scrub Regions 34.246ms
[2025-08-22T01:50:16.267+0000][1692007][info ][gc,start    ] GC(648) Pause Cleanup
[2025-08-22T01:50:16.267+0000][1692007][info ][gc          ] GC(648) Pause Cleanup 92M->92M(512M) 0.032ms
[2025-08-22T01:50:16.267+0000][1692007][info ][gc,cpu      ] GC(648) User=0.00s Sys=0.00s Real=0.00s
[2025-08-22T01:50:16.267+0000][1692007][info ][safepoint   ] Safepoint "G1PauseCleanup", Time since last: 34288397 ns, Reaching safepoint: 3365 ns, Cleanup: 1082 ns, At safepoint: 49965 ns, Total: 54412 ns
[2025-08-22T01:50:16.267+0000][1692007][info ][gc,marking  ] GC(648) Concurrent Clear Claimed Marks
[2025-08-22T01:50:16.267+0000][1692007][info ][gc,marking  ] GC(648) Concurrent Clear Claimed Marks 0.141ms
[2025-08-22T01:50:16.267+0000][1692007][info ][gc,marking  ] GC(648) Concurrent Cleanup for Next Mark
[2025-08-22T01:50:16.267+0000][1692007][info ][gc,marking  ] GC(648) Concurrent Cleanup for Next Mark 0.254ms
[2025-08-22T01:50:16.267+0000][1692007][info ][gc          ] GC(648) Concurrent Mark Cycle 168.931ms
[2025-08-22T02:01:59.376+0000][1692007][info ][gc,start    ] GC(649) Pause Young (Normal) (G1 Evacuation Pause)
[2025-08-22T02:01:59.376+0000][1692007][info ][gc,task     ] GC(649) Using 1 workers of 1 for evacuation
[2025-08-22T02:01:59.376+0000][1692007][debug][gc,age      ] GC(649) Desired survivor size 20971520 bytes, new threshold 15 (max threshold 15)
[2025-08-22T02:01:59.379+0000][1692007][info ][gc,phases   ] GC(649)   Pre Evacuate Collection Set: 0.0ms
[2025-08-22T02:01:59.379+0000][1692007][info ][gc,phases   ] GC(649)   Merge Heap Roots: 0.0ms
[2025-08-22T02:01:59.379+0000][1692007][info ][gc,phases   ] GC(649)   Evacuate Collection Set: 1.6ms
[2025-08-22T02:01:59.379+0000][1692007][info ][gc,phases   ] GC(649)   Post Evacuate Collection Set: 1.0ms
[2025-08-22T02:01:59.379+0000][1692007][info ][gc,phases   ] GC(649)   Other: 0.0ms
[2025-08-22T02:01:59.379+0000][1692007][trace][gc,age      ] GC(649) Age table with threshold 15 (max threshold 15)
[2025-08-22T02:01:59.379+0000][1692007][trace][gc,age      ] GC(649) - age   1:       9680 bytes,       9680 total
[2025-08-22T02:01:59.379+0000][1692007][trace][gc,age      ] GC(649) - age   3:       2536 bytes,      12216 total
[2025-08-22T02:01:59.379+0000][1692007][trace][gc,age      ] GC(649) - age   6:        192 bytes,      12408 total
[2025-08-22T02:01:59.379+0000][1692007][trace][gc,age      ] GC(649) - age  14:         96 bytes,      12504 total
[2025-08-22T02:01:59.379+0000][1692007][info ][gc,heap     ] GC(649) Eden regions: 75->0(75)
[2025-08-22T02:01:59.379+0000][1692007][info ][gc,heap     ] GC(649) Survivor regions: 1->1(10)
[2025-08-22T02:01:59.379+0000][1692007][info ][gc,heap     ] GC(649) Old regions: 24->24
[2025-08-22T02:01:59.379+0000][1692007][info ][gc,heap     ] GC(649) Humongous regions: 0->0
[2025-08-22T02:01:59.379+0000][1692007][info ][gc,metaspace] GC(649) Metaspace: 143280K(148288K)->143280K(148288K) NonClass: 124419K(127040K)->124419K(127040K) Class: 18861K(21248K)->18861K(21248K)
[2025-08-22T02:01:59.379+0000][1692007][info ][gc          ] GC(649) Pause Young (Normal) (G1 Evacuation Pause) 392M->92M(512M) 3.032ms
[2025-08-22T02:01:59.379+0000][1692007][info ][gc,cpu      ] GC(649) User=0.00s Sys=0.00s Real=0.00s
[2025-08-22T02:01:59.379+0000][1692007][info ][safepoint   ] Safepoint "G1CollectForAllocation", Time since last: 703109379482 ns, Reaching safepoint: 9114 ns, Cleanup: 2373 ns, At safepoint: 3065690 ns, Total: 3077177 ns
[2025-08-22T02:13:44.807+0000][1692007][info ][gc,start    ] GC(650) Pause Young (Concurrent Start) (G1 Evacuation Pause)
[2025-08-22T02:13:44.807+0000][1692007][info ][gc,task     ] GC(650) Using 1 workers of 1 for evacuation
[2025-08-22T02:13:44.807+0000][1692007][debug][gc,age      ] GC(650) Desired survivor size 20971520 bytes, new threshold 15 (max threshold 15)
[2025-08-22T02:13:44.809+0000][1692007][info ][gc,phases   ] GC(650)   Pre Evacuate Collection Set: 0.0ms
[2025-08-22T02:13:44.809+0000][1692007][info ][gc,phases   ] GC(650)   Merge Heap Roots: 0.0ms
[2025-08-22T02:13:44.809+0000][1692007][info ][gc,phases   ] GC(650)   Evacuate Collection Set: 1.2ms
[2025-08-22T02:13:44.809+0000][1692007][info ][gc,phases   ] GC(650)   Post Evacuate Collection Set: 1.0ms
[2025-08-22T02:13:44.809+0000][1692007][info ][gc,phases   ] GC(650)   Other: 0.0ms
[2025-08-22T02:13:44.809+0000][1692007][trace][gc,age      ] GC(650) Age table with threshold 15 (max threshold 15)
[2025-08-22T02:13:44.809+0000][1692007][trace][gc,age      ] GC(650) - age   1:      11024 bytes,      11024 total
[2025-08-22T02:13:44.809+0000][1692007][trace][gc,age      ] GC(650) - age   2:        176 bytes,      11200 total
[2025-08-22T02:13:44.809+0000][1692007][trace][gc,age      ] GC(650) - age   4:       2536 bytes,      13736 total
[2025-08-22T02:13:44.809+0000][1692007][trace][gc,age      ] GC(650) - age   7:        192 bytes,      13928 total
[2025-08-22T02:13:44.809+0000][1692007][trace][gc,age      ] GC(650) - age  15:         96 bytes,      14024 total
[2025-08-22T02:13:44.809+0000][1692007][info ][gc,heap     ] GC(650) Eden regions: 75->0(75)
[2025-08-22T02:13:44.809+0000][1692007][info ][gc,heap     ] GC(650) Survivor regions: 1->1(10)
[2025-08-22T02:13:44.809+0000][1692007][info ][gc,heap     ] GC(650) Old regions: 24->24
[2025-08-22T02:13:44.809+0000][1692007][info ][gc,heap     ] GC(650) Humongous regions: 0->0
[2025-08-22T02:13:44.809+0000][1692007][info ][gc,metaspace] GC(650) Metaspace: 143280K(148288K)->143280K(148288K) NonClass: 124419K(127040K)->124419K(127040K) Class: 18861K(21248K)->18861K(21248K)
[2025-08-22T02:13:44.809+0000][1692007][info ][gc          ] GC(650) Pause Young (Concurrent Start) (G1 Evacuation Pause) 392M->92M(512M) 2.571ms
[2025-08-22T02:13:44.809+0000][1692007][info ][gc,cpu      ] GC(650) User=0.01s Sys=0.00s Real=0.00s
[2025-08-22T02:13:44.809+0000][1692007][info ][safepoint   ] Safepoint "G1CollectForAllocation", Time since last: 705427304397 ns, Reaching safepoint: 7762 ns, Cleanup: 2273 ns, At safepoint: 2607637 ns, Total: 2617672 ns
[2025-08-22T02:13:44.814+0000][1692007][info ][gc          ] GC(651) Concurrent Mark Cycle
[2025-08-22T02:13:44.814+0000][1692007][info ][gc,marking  ] GC(651) Concurrent Scan Root Regions
[2025-08-22T02:13:44.815+0000][1692007][info ][gc,marking  ] GC(651) Concurrent Scan Root Regions 0.390ms
[2025-08-22T02:13:44.815+0000][1692007][info ][gc,marking  ] GC(651) Concurrent Mark
[2025-08-22T02:13:44.815+0000][1692007][info ][gc,marking  ] GC(651) Concurrent Mark From Roots
[2025-08-22T02:13:44.815+0000][1692007][info ][gc,task     ] GC(651) Using 1 workers of 1 for marking
[2025-08-22T02:13:44.935+0000][1692007][info ][gc,marking  ] GC(651) Concurrent Mark From Roots 119.945ms
[2025-08-22T02:13:44.935+0000][1692007][info ][gc,marking  ] GC(651) Concurrent Preclean
[2025-08-22T02:13:44.935+0000][1692007][info ][gc,marking  ] GC(651) Concurrent Preclean 0.411ms
[2025-08-22T02:13:44.935+0000][1692007][info ][gc,start    ] GC(651) Pause Remark
[2025-08-22T02:13:44.948+0000][1692007][info ][gc          ] GC(651) Pause Remark 92M->92M(512M) 12.548ms
[2025-08-22T02:13:44.948+0000][1692007][info ][gc,cpu      ] GC(651) User=0.01s Sys=0.00s Real=0.02s
[2025-08-22T02:13:44.948+0000][1692007][info ][safepoint   ] Safepoint "G1PauseRemark", Time since last: 125939068 ns, Reaching safepoint: 4868 ns, Cleanup: 2914 ns, At safepoint: 12592164 ns, Total: 12599946 ns
[2025-08-22T02:13:44.948+0000][1692007][info ][gc,marking  ] GC(651) Concurrent Mark 133.038ms
[2025-08-22T02:13:44.948+0000][1692007][info ][gc,marking  ] GC(651) Concurrent Rebuild Remembered Sets and Scrub Regions
[2025-08-22T02:13:44.990+0000][1692007][info ][gc,marking  ] GC(651) Concurrent Rebuild Remembered Sets and Scrub Regions 42.658ms
[2025-08-22T02:13:44.991+0000][1692007][info ][gc,start    ] GC(651) Pause Cleanup
[2025-08-22T02:13:44.991+0000][1692007][info ][gc          ] GC(651) Pause Cleanup 92M->92M(512M) 0.035ms
[2025-08-22T02:13:44.991+0000][1692007][info ][gc,cpu      ] GC(651) User=0.00s Sys=0.00s Real=0.00s
[2025-08-22T02:13:44.991+0000][1692007][info ][safepoint   ] Safepoint "G1PauseCleanup", Time since last: 42718065 ns, Reaching safepoint: 4256 ns, Cleanup: 23395 ns, At safepoint: 58128 ns, Total: 85779 ns
[2025-08-22T02:13:44.991+0000][1692007][info ][gc,marking  ] GC(651) Concurrent Clear Claimed Marks
[2025-08-22T02:13:44.991+0000][1692007][info ][gc,marking  ] GC(651) Concurrent Clear Claimed Marks 0.150ms
[2025-08-22T02:13:44.991+0000][1692007][info ][gc,marking  ] GC(651) Concurrent Cleanup for Next Mark
[2025-08-22T02:13:44.991+0000][1692007][info ][gc,marking  ] GC(651) Concurrent Cleanup for Next Mark 0.266ms
[2025-08-22T02:13:44.991+0000][1692007][info ][gc          ] GC(651) Concurrent Mark Cycle 176.674ms
[2025-08-22T02:25:30.263+0000][1692007][info ][gc,start    ] GC(652) Pause Young (Normal) (G1 Evacuation Pause)
[2025-08-22T02:25:30.263+0000][1692007][info ][gc,task     ] GC(652) Using 1 workers of 1 for evacuation
[2025-08-22T02:25:30.263+0000][1692007][debug][gc,age      ] GC(652) Desired survivor size 20971520 bytes, new threshold 15 (max threshold 15)
[2025-08-22T02:25:30.266+0000][1692007][info ][gc,phases   ] GC(652)   Pre Evacuate Collection Set: 0.0ms
[2025-08-22T02:25:30.266+0000][1692007][info ][gc,phases   ] GC(652)   Merge Heap Roots: 0.0ms
[2025-08-22T02:25:30.266+0000][1692007][info ][gc,phases   ] GC(652)   Evacuate Collection Set: 1.6ms
[2025-08-22T02:25:30.266+0000][1692007][info ][gc,phases   ] GC(652)   Post Evacuate Collection Set: 1.0ms
[2025-08-22T02:25:30.266+0000][1692007][info ][gc,phases   ] GC(652)   Other: 0.0ms
[2025-08-22T02:25:30.266+0000][1692007][trace][gc,age      ] GC(652) Age table with threshold 15 (max threshold 15)
[2025-08-22T02:25:30.266+0000][1692007][trace][gc,age      ] GC(652) - age   1:      11048 bytes,      11048 total
[2025-08-22T02:25:30.266+0000][1692007][trace][gc,age      ] GC(652) - age   3:        176 bytes,      11224 total
[2025-08-22T02:25:30.266+0000][1692007][trace][gc,age      ] GC(652) - age   5:       2536 bytes,      13760 total
[2025-08-22T02:25:30.266+0000][1692007][trace][gc,age      ] GC(652) - age   8:        192 bytes,      13952 total
[2025-08-22T02:25:30.266+0000][1692007][info ][gc,heap     ] GC(652) Eden regions: 75->0(75)
[2025-08-22T02:25:30.266+0000][1692007][info ][gc,heap     ] GC(652) Survivor regions: 1->1(10)
[2025-08-22T02:25:30.266+0000][1692007][info ][gc,heap     ] GC(652) Old regions: 24->24
[2025-08-22T02:25:30.266+0000][1692007][info ][gc,heap     ] GC(652) Humongous regions: 0->0
[2025-08-22T02:25:30.266+0000][1692007][info ][gc,metaspace] GC(652) Metaspace: 143280K(148288K)->143280K(148288K) NonClass: 124419K(127040K)->124419K(127040K) Class: 18861K(21248K)->18861K(21248K)
[2025-08-22T02:25:30.266+0000][1692007][info ][gc          ] GC(652) Pause Young (Normal) (G1 Evacuation Pause) 392M->92M(512M) 2.996ms
[2025-08-22T02:25:30.266+0000][1692007][info ][gc,cpu      ] GC(652) User=0.00s Sys=0.00s Real=0.01s
[2025-08-22T02:25:30.266+0000][1692007][info ][safepoint   ] Safepoint "G1CollectForAllocation", Time since last: 705272130539 ns, Reaching safepoint: 7371 ns, Cleanup: 2373 ns, At safepoint: 3033942 ns, Total: 3043686 ns
[2025-08-22T02:37:15.694+0000][1692007][info ][gc,start    ] GC(653) Pause Young (Concurrent Start) (G1 Evacuation Pause)
[2025-08-22T02:37:15.694+0000][1692007][info ][gc,task     ] GC(653) Using 1 workers of 1 for evacuation
[2025-08-22T02:37:15.694+0000][1692007][debug][gc,age      ] GC(653) Desired survivor size 20971520 bytes, new threshold 15 (max threshold 15)
[2025-08-22T02:37:15.697+0000][1692007][info ][gc,phases   ] GC(653)   Pre Evacuate Collection Set: 0.0ms
[2025-08-22T02:37:15.697+0000][1692007][info ][gc,phases   ] GC(653)   Merge Heap Roots: 0.0ms
[2025-08-22T02:37:15.697+0000][1692007][info ][gc,phases   ] GC(653)   Evacuate Collection Set: 1.3ms
[2025-08-22T02:37:15.697+0000][1692007][info ][gc,phases   ] GC(653)   Post Evacuate Collection Set: 2.1ms
[2025-08-22T02:37:15.697+0000][1692007][info ][gc,phases   ] GC(653)   Other: 0.0ms
[2025-08-22T02:37:15.697+0000][1692007][trace][gc,age      ] GC(653) Age table with threshold 15 (max threshold 15)
[2025-08-22T02:37:15.697+0000][1692007][trace][gc,age      ] GC(653) - age   1:      11208 bytes,      11208 total
[2025-08-22T02:37:15.697+0000][1692007][trace][gc,age      ] GC(653) - age   4:        176 bytes,      11384 total
[2025-08-22T02:37:15.697+0000][1692007][trace][gc,age      ] GC(653) - age   6:       2536 bytes,      13920 total
[2025-08-22T02:37:15.697+0000][1692007][trace][gc,age      ] GC(653) - age   9:        192 bytes,      14112 total
[2025-08-22T02:37:15.697+0000][1692007][info ][gc,heap     ] GC(653) Eden regions: 75->0(75)
[2025-08-22T02:37:15.697+0000][1692007][info ][gc,heap     ] GC(653) Survivor regions: 1->1(10)
[2025-08-22T02:37:15.697+0000][1692007][info ][gc,heap     ] GC(653) Old regions: 24->24
[2025-08-22T02:37:15.698+0000][1692007][info ][gc,heap     ] GC(653) Humongous regions: 0->0
[2025-08-22T02:37:15.698+0000][1692007][info ][gc,metaspace] GC(653) Metaspace: 143280K(148288K)->143280K(148288K) NonClass: 124419K(127040K)->124419K(127040K) Class: 18861K(21248K)->18861K(21248K)
[2025-08-22T02:37:15.698+0000][1692007][info ][gc          ] GC(653) Pause Young (Concurrent Start) (G1 Evacuation Pause) 392M->92M(512M) 3.928ms
[2025-08-22T02:37:15.698+0000][1692007][info ][gc,cpu      ] GC(653) User=0.00s Sys=0.00s Real=0.01s
[2025-08-22T02:37:15.698+0000][1692007][info ][safepoint   ] Safepoint "G1CollectForAllocation", Time since last: 705427798088 ns, Reaching safepoint: 7912 ns, Cleanup: 2364 ns, At safepoint: 3966078 ns, Total: 3976354 ns
[2025-08-22T02:37:15.702+0000][1692007][info ][gc          ] GC(654) Concurrent Mark Cycle
[2025-08-22T02:37:15.702+0000][1692007][info ][gc,marking  ] GC(654) Concurrent Scan Root Regions
[2025-08-22T02:37:15.703+0000][1692007][info ][gc,marking  ] GC(654) Concurrent Scan Root Regions 0.397ms
[2025-08-22T02:37:15.703+0000][1692007][info ][gc,marking  ] GC(654) Concurrent Mark
[2025-08-22T02:37:15.703+0000][1692007][info ][gc,marking  ] GC(654) Concurrent Mark From Roots
[2025-08-22T02:37:15.703+0000][1692007][info ][gc,task     ] GC(654) Using 1 workers of 1 for marking
[2025-08-22T02:37:15.812+0000][1692007][info ][gc,marking  ] GC(654) Concurrent Mark From Roots 109.506ms
[2025-08-22T02:37:15.812+0000][1692007][info ][gc,marking  ] GC(654) Concurrent Preclean
[2025-08-22T02:37:15.813+0000][1692007][info ][gc,marking  ] GC(654) Concurrent Preclean 0.381ms
[2025-08-22T02:37:15.813+0000][1692007][info ][gc,start    ] GC(654) Pause Remark
[2025-08-22T02:37:15.816+0000][1692007][info ][gc          ] GC(654) Pause Remark 93M->93M(512M) 3.637ms
[2025-08-22T02:37:15.816+0000][1692007][info ][gc,cpu      ] GC(654) User=0.00s Sys=0.00s Real=0.01s
[2025-08-22T02:37:15.816+0000][1692007][info ][safepoint   ] Safepoint "G1PauseRemark", Time since last: 115210897 ns, Reaching safepoint: 4817 ns, Cleanup: 2825 ns, At safepoint: 3677262 ns, Total: 3684904 ns
[2025-08-22T02:37:15.816+0000][1692007][info ][gc,marking  ] GC(654) Concurrent Mark 113.691ms
[2025-08-22T02:37:15.816+0000][1692007][info ][gc,marking  ] GC(654) Concurrent Rebuild Remembered Sets and Scrub Regions
[2025-08-22T02:37:15.870+0000][1692007][info ][gc,marking  ] GC(654) Concurrent Rebuild Remembered Sets and Scrub Regions 53.251ms
[2025-08-22T02:37:15.870+0000][1692007][info ][gc,start    ] GC(654) Pause Cleanup
[2025-08-22T02:37:15.870+0000][1692007][info ][gc          ] GC(654) Pause Cleanup 93M->93M(512M) 0.035ms
[2025-08-22T02:37:15.870+0000][1692007][info ][gc,cpu      ] GC(654) User=0.00s Sys=0.00s Real=0.00s
[2025-08-22T02:37:15.870+0000][1692007][info ][safepoint   ] Safepoint "G1PauseCleanup", Time since last: 53312011 ns, Reaching safepoint: 4196 ns, Cleanup: 1192 ns, At safepoint: 58969 ns, Total: 64357 ns
[2025-08-22T02:37:15.870+0000][1692007][info ][gc,marking  ] GC(654) Concurrent Clear Claimed Marks
[2025-08-22T02:37:15.870+0000][1692007][info ][gc,marking  ] GC(654) Concurrent Clear Claimed Marks 0.158ms
[2025-08-22T02:37:15.870+0000][1692007][info ][gc,marking  ] GC(654) Concurrent Cleanup for Next Mark
[2025-08-22T02:37:15.881+0000][1692007][info ][gc,marking  ] GC(654) Concurrent Cleanup for Next Mark 11.359ms
[2025-08-22T02:37:15.881+0000][1692007][info ][gc          ] GC(654) Concurrent Mark Cycle 179.007ms
[2025-08-22T02:49:01.132+0000][1692007][info ][gc,start    ] GC(655) Pause Young (Normal) (G1 Evacuation Pause)
[2025-08-22T02:49:01.132+0000][1692007][info ][gc,task     ] GC(655) Using 1 workers of 1 for evacuation
[2025-08-22T02:49:01.132+0000][1692007][debug][gc,age      ] GC(655) Desired survivor size 20971520 bytes, new threshold 15 (max threshold 15)
[2025-08-22T02:49:01.135+0000][1692007][info ][gc,phases   ] GC(655)   Pre Evacuate Collection Set: 0.0ms
[2025-08-22T02:49:01.135+0000][1692007][info ][gc,phases   ] GC(655)   Merge Heap Roots: 0.0ms
[2025-08-22T02:49:01.135+0000][1692007][info ][gc,phases   ] GC(655)   Evacuate Collection Set: 1.6ms
[2025-08-22T02:49:01.135+0000][1692007][info ][gc,phases   ] GC(655)   Post Evacuate Collection Set: 1.0ms
[2025-08-22T02:49:01.135+0000][1692007][info ][gc,phases   ] GC(655)   Other: 0.0ms
[2025-08-22T02:49:01.135+0000][1692007][trace][gc,age      ] GC(655) Age table with threshold 15 (max threshold 15)
[2025-08-22T02:49:01.135+0000][1692007][trace][gc,age      ] GC(655) - age   1:      10672 bytes,      10672 total
[2025-08-22T02:49:01.135+0000][1692007][trace][gc,age      ] GC(655) - age   2:        352 bytes,      11024 total
[2025-08-22T02:49:01.135+0000][1692007][trace][gc,age      ] GC(655) - age   5:        176 bytes,      11200 total
[2025-08-22T02:49:01.135+0000][1692007][trace][gc,age      ] GC(655) - age   7:       2536 bytes,      13736 total
[2025-08-22T02:49:01.135+0000][1692007][trace][gc,age      ] GC(655) - age  10:        192 bytes,      13928 total
[2025-08-22T02:49:01.135+0000][1692007][info ][gc,heap     ] GC(655) Eden regions: 75->0(75)
[2025-08-22T02:49:01.135+0000][1692007][info ][gc,heap     ] GC(655) Survivor regions: 1->1(10)
[2025-08-22T02:49:01.135+0000][1692007][info ][gc,heap     ] GC(655) Old regions: 24->24
[2025-08-22T02:49:01.135+0000][1692007][info ][gc,heap     ] GC(655) Humongous regions: 0->0
[2025-08-22T02:49:01.135+0000][1692007][info ][gc,metaspace] GC(655) Metaspace: 143280K(148288K)->143280K(148288K) NonClass: 124419K(127040K)->124419K(127040K) Class: 18861K(21248K)->18861K(21248K)
[2025-08-22T02:49:01.135+0000][1692007][info ][gc          ] GC(655) Pause Young (Normal) (G1 Evacuation Pause) 392M->92M(512M) 2.991ms
[2025-08-22T02:49:01.135+0000][1692007][info ][gc,cpu      ] GC(655) User=0.00s Sys=0.00s Real=0.00s
[2025-08-22T02:49:01.135+0000][1692007][info ][safepoint   ] Safepoint "G1CollectForAllocation", Time since last: 705261944441 ns, Reaching safepoint: 8553 ns, Cleanup: 2644 ns, At safepoint: 3024907 ns, Total: 3036104 ns
[2025-08-22T03:00:46.326+0000][1692007][info ][gc,start    ] GC(656) Pause Young (Concurrent Start) (G1 Evacuation Pause)
[2025-08-22T03:00:46.326+0000][1692007][info ][gc,task     ] GC(656) Using 1 workers of 1 for evacuation
[2025-08-22T03:00:46.326+0000][1692007][debug][gc,age      ] GC(656) Desired survivor size 20971520 bytes, new threshold 15 (max threshold 15)
[2025-08-22T03:00:46.328+0000][1692007][info ][gc,phases   ] GC(656)   Pre Evacuate Collection Set: 0.1ms
[2025-08-22T03:00:46.328+0000][1692007][info ][gc,phases   ] GC(656)   Merge Heap Roots: 0.0ms
[2025-08-22T03:00:46.328+0000][1692007][info ][gc,phases   ] GC(656)   Evacuate Collection Set: 1.3ms
[2025-08-22T03:00:46.328+0000][1692007][info ][gc,phases   ] GC(656)   Post Evacuate Collection Set: 0.7ms
[2025-08-22T03:00:46.328+0000][1692007][info ][gc,phases   ] GC(656)   Other: 0.0ms
[2025-08-22T03:00:46.328+0000][1692007][trace][gc,age      ] GC(656) Age table with threshold 15 (max threshold 15)
[2025-08-22T03:00:46.328+0000][1692007][trace][gc,age      ] GC(656) - age   1:      80416 bytes,      80416 total
[2025-08-22T03:00:46.328+0000][1692007][trace][gc,age      ] GC(656) - age   8:       2536 bytes,      82952 total
[2025-08-22T03:00:46.328+0000][1692007][trace][gc,age      ] GC(656) - age  11:        192 bytes,      83144 total
[2025-08-22T03:00:46.328+0000][1692007][info ][gc,heap     ] GC(656) Eden regions: 75->0(75)
[2025-08-22T03:00:46.328+0000][1692007][info ][gc,heap     ] GC(656) Survivor regions: 1->1(10)
[2025-08-22T03:00:46.328+0000][1692007][info ][gc,heap     ] GC(656) Old regions: 24->24
[2025-08-22T03:00:46.328+0000][1692007][info ][gc,heap     ] GC(656) Humongous regions: 0->0
[2025-08-22T03:00:46.328+0000][1692007][info ][gc,metaspace] GC(656) Metaspace: 143280K(148288K)->143280K(148288K) NonClass: 124419K(127040K)->124419K(127040K) Class: 18861K(21248K)->18861K(21248K)
[2025-08-22T03:00:46.328+0000][1692007][info ][gc          ] GC(656) Pause Young (Concurrent Start) (G1 Evacuation Pause) 392M->92M(512M) 2.677ms
[2025-08-22T03:00:46.328+0000][1692007][info ][gc,cpu      ] GC(656) User=0.01s Sys=0.00s Real=0.00s
[2025-08-22T03:00:46.328+0000][1692007][info ][safepoint   ] Safepoint "G1CollectForAllocation", Time since last: 705190688283 ns, Reaching safepoint: 7801 ns, Cleanup: 3235 ns, At safepoint: 2712927 ns, Total: 2723963 ns
[2025-08-22T03:00:46.331+0000][1692007][info ][gc          ] GC(657) Concurrent Mark Cycle
[2025-08-22T03:00:46.331+0000][1692007][info ][gc,marking  ] GC(657) Concurrent Scan Root Regions
[2025-08-22T03:00:46.332+0000][1692007][info ][gc,marking  ] GC(657) Concurrent Scan Root Regions 0.736ms
[2025-08-22T03:00:46.332+0000][1692007][info ][gc,marking  ] GC(657) Concurrent Mark
[2025-08-22T03:00:46.332+0000][1692007][info ][gc,marking  ] GC(657) Concurrent Mark From Roots
[2025-08-22T03:00:46.332+0000][1692007][info ][gc,task     ] GC(657) Using 1 workers of 1 for marking
[2025-08-22T03:00:46.450+0000][1692007][info ][gc,marking  ] GC(657) Concurrent Mark From Roots 118.138ms
[2025-08-22T03:00:46.450+0000][1692007][info ][gc,marking  ] GC(657) Concurrent Preclean
[2025-08-22T03:00:46.451+0000][1692007][info ][gc,marking  ] GC(657) Concurrent Preclean 0.375ms
[2025-08-22T03:00:46.451+0000][1692007][info ][gc,start    ] GC(657) Pause Remark
[2025-08-22T03:00:46.454+0000][1692007][info ][gc          ] GC(657) Pause Remark 96M->96M(512M) 3.674ms
[2025-08-22T03:00:46.454+0000][1692007][info ][gc,cpu      ] GC(657) User=0.01s Sys=0.00s Real=0.00s
[2025-08-22T03:00:46.454+0000][1692007][info ][safepoint   ] Safepoint "G1PauseRemark", Time since last: 122509087 ns, Reaching safepoint: 4396 ns, Cleanup: 3065 ns, At safepoint: 3709561 ns, Total: 3717022 ns
[2025-08-22T03:00:46.454+0000][1692007][info ][gc,marking  ] GC(657) Concurrent Mark 122.300ms
[2025-08-22T03:00:46.454+0000][1692007][info ][gc,marking  ] GC(657) Concurrent Rebuild Remembered Sets and Scrub Regions
[2025-08-22T03:00:46.489+0000][1692007][info ][gc,marking  ] GC(657) Concurrent Rebuild Remembered Sets and Scrub Regions 34.349ms
[2025-08-22T03:00:46.489+0000][1692007][info ][gc,start    ] GC(657) Pause Cleanup
[2025-08-22T03:00:46.489+0000][1692007][info ][gc          ] GC(657) Pause Cleanup 96M->96M(512M) 0.070ms
[2025-08-22T03:00:46.489+0000][1692007][info ][gc,cpu      ] GC(657) User=0.00s Sys=0.00s Real=0.00s
[2025-08-22T03:00:46.489+0000][1692007][info ][safepoint   ] Safepoint "G1PauseCleanup", Time since last: 34393494 ns, Reaching safepoint: 3635 ns, Cleanup: 1202 ns, At safepoint: 90276 ns, Total: 95113 ns
[2025-08-22T03:00:46.489+0000][1692007][info ][gc,marking  ] GC(657) Concurrent Clear Claimed Marks
[2025-08-22T03:00:46.489+0000][1692007][info ][gc,marking  ] GC(657) Concurrent Clear Claimed Marks 0.135ms
[2025-08-22T03:00:46.489+0000][1692007][info ][gc,marking  ] GC(657) Concurrent Cleanup for Next Mark
[2025-08-22T03:00:46.496+0000][1692007][info ][gc,marking  ] GC(657) Concurrent Cleanup for Next Mark 6.956ms
[2025-08-22T03:00:46.496+0000][1692007][info ][gc          ] GC(657) Concurrent Mark Cycle 164.644ms
[2025-08-22T03:12:31.803+0000][1692007][info ][gc,start    ] GC(658) Pause Young (Normal) (G1 Evacuation Pause)
[2025-08-22T03:12:31.804+0000][1692007][info ][gc,task     ] GC(658) Using 1 workers of 1 for evacuation
[2025-08-22T03:12:31.804+0000][1692007][debug][gc,age      ] GC(658) Desired survivor size 20971520 bytes, new threshold 15 (max threshold 15)
[2025-08-22T03:12:31.806+0000][1692007][info ][gc,phases   ] GC(658)   Pre Evacuate Collection Set: 0.0ms
[2025-08-22T03:12:31.806+0000][1692007][info ][gc,phases   ] GC(658)   Merge Heap Roots: 0.0ms
[2025-08-22T03:12:31.806+0000][1692007][info ][gc,phases   ] GC(658)   Evacuate Collection Set: 1.6ms
[2025-08-22T03:12:31.806+0000][1692007][info ][gc,phases   ] GC(658)   Post Evacuate Collection Set: 0.7ms
[2025-08-22T03:12:31.806+0000][1692007][info ][gc,phases   ] GC(658)   Other: 0.0ms
[2025-08-22T03:12:31.806+0000][1692007][trace][gc,age      ] GC(658) Age table with threshold 15 (max threshold 15)
[2025-08-22T03:12:31.806+0000][1692007][trace][gc,age      ] GC(658) - age   1:       9808 bytes,       9808 total
[2025-08-22T03:12:31.806+0000][1692007][trace][gc,age      ] GC(658) - age   2:        176 bytes,       9984 total
[2025-08-22T03:12:31.806+0000][1692007][trace][gc,age      ] GC(658) - age   9:       2536 bytes,      12520 total
[2025-08-22T03:12:31.806+0000][1692007][trace][gc,age      ] GC(658) - age  12:        192 bytes,      12712 total
[2025-08-22T03:12:31.806+0000][1692007][info ][gc,heap     ] GC(658) Eden regions: 75->0(75)
[2025-08-22T03:12:31.806+0000][1692007][info ][gc,heap     ] GC(658) Survivor regions: 1->1(10)
[2025-08-22T03:12:31.806+0000][1692007][info ][gc,heap     ] GC(658) Old regions: 24->24
[2025-08-22T03:12:31.806+0000][1692007][info ][gc,heap     ] GC(658) Humongous regions: 0->0
[2025-08-22T03:12:31.806+0000][1692007][info ][gc,metaspace] GC(658) Metaspace: 143280K(148288K)->143280K(148288K) NonClass: 124419K(127040K)->124419K(127040K) Class: 18861K(21248K)->18861K(21248K)
[2025-08-22T03:12:31.806+0000][1692007][info ][gc          ] GC(658) Pause Young (Normal) (G1 Evacuation Pause) 392M->92M(512M) 2.924ms
[2025-08-22T03:12:31.806+0000][1692007][info ][gc,cpu      ] GC(658) User=0.00s Sys=0.00s Real=0.01s
[2025-08-22T03:12:31.806+0000][1692007][info ][safepoint   ] Safepoint "G1CollectForAllocation", Time since last: 705314535157 ns, Reaching safepoint: 7962 ns, Cleanup: 3455 ns, At safepoint: 2957386 ns, Total: 2968803 ns
[2025-08-22T03:24:12.419+0000][1692007][info ][gc,start    ] GC(659) Pause Young (Concurrent Start) (G1 Evacuation Pause)
[2025-08-22T03:24:12.419+0000][1692007][info ][gc,task     ] GC(659) Using 1 workers of 1 for evacuation
[2025-08-22T03:24:12.419+0000][1692007][debug][gc,age      ] GC(659) Desired survivor size 20971520 bytes, new threshold 15 (max threshold 15)
[2025-08-22T03:24:12.421+0000][1692007][info ][gc,phases   ] GC(659)   Pre Evacuate Collection Set: 0.0ms
[2025-08-22T03:24:12.421+0000][1692007][info ][gc,phases   ] GC(659)   Merge Heap Roots: 0.0ms
[2025-08-22T03:24:12.421+0000][1692007][info ][gc,phases   ] GC(659)   Evacuate Collection Set: 1.2ms
[2025-08-22T03:24:12.421+0000][1692007][info ][gc,phases   ] GC(659)   Post Evacuate Collection Set: 0.8ms
[2025-08-22T03:24:12.422+0000][1692007][info ][gc,phases   ] GC(659)   Other: 0.0ms
[2025-08-22T03:24:12.422+0000][1692007][trace][gc,age      ] GC(659) Age table with threshold 15 (max threshold 15)
[2025-08-22T03:24:12.422+0000][1692007][trace][gc,age      ] GC(659) - age   1:      11024 bytes,      11024 total
[2025-08-22T03:24:12.422+0000][1692007][trace][gc,age      ] GC(659) - age   3:        176 bytes,      11200 total
[2025-08-22T03:24:12.422+0000][1692007][trace][gc,age      ] GC(659) - age  10:       2536 bytes,      13736 total
[2025-08-22T03:24:12.422+0000][1692007][trace][gc,age      ] GC(659) - age  13:        192 bytes,      13928 total
[2025-08-22T03:24:12.422+0000][1692007][info ][gc,heap     ] GC(659) Eden regions: 75->0(75)
[2025-08-22T03:24:12.422+0000][1692007][info ][gc,heap     ] GC(659) Survivor regions: 1->1(10)
[2025-08-22T03:24:12.422+0000][1692007][info ][gc,heap     ] GC(659) Old regions: 24->24
[2025-08-22T03:24:12.422+0000][1692007][info ][gc,heap     ] GC(659) Humongous regions: 0->0
[2025-08-22T03:24:12.422+0000][1692007][info ][gc,metaspace] GC(659) Metaspace: 143280K(148288K)->143280K(148288K) NonClass: 124419K(127040K)->124419K(127040K) Class: 18861K(21248K)->18861K(21248K)
[2025-08-22T03:24:12.422+0000][1692007][info ][gc          ] GC(659) Pause Young (Concurrent Start) (G1 Evacuation Pause) 392M->92M(512M) 2.297ms
[2025-08-22T03:24:12.422+0000][1692007][info ][gc,cpu      ] GC(659) User=0.00s Sys=0.00s Real=0.00s
[2025-08-22T03:24:12.422+0000][1692007][info ][safepoint   ] Safepoint "G1CollectForAllocation", Time since last: 700612803523 ns, Reaching safepoint: 7792 ns, Cleanup: 2513 ns, At safepoint: 2331671 ns, Total: 2341976 ns
[2025-08-22T03:24:12.428+0000][1692007][info ][gc          ] GC(660) Concurrent Mark Cycle
[2025-08-22T03:24:12.428+0000][1692007][info ][gc,marking  ] GC(660) Concurrent Scan Root Regions
[2025-08-22T03:24:12.429+0000][1692007][info ][gc,marking  ] GC(660) Concurrent Scan Root Regions 0.400ms
[2025-08-22T03:24:12.429+0000][1692007][info ][gc,marking  ] GC(660) Concurrent Mark
[2025-08-22T03:24:12.429+0000][1692007][info ][gc,marking  ] GC(660) Concurrent Mark From Roots
[2025-08-22T03:24:12.429+0000][1692007][info ][gc,task     ] GC(660) Using 1 workers of 1 for marking
[2025-08-22T03:24:12.552+0000][1692007][info ][gc,marking  ] GC(660) Concurrent Mark From Roots 123.591ms
[2025-08-22T03:24:12.552+0000][1692007][info ][gc,marking  ] GC(660) Concurrent Preclean
[2025-08-22T03:24:12.553+0000][1692007][info ][gc,marking  ] GC(660) Concurrent Preclean 0.400ms
[2025-08-22T03:24:12.553+0000][1692007][info ][gc,start    ] GC(660) Pause Remark
[2025-08-22T03:24:12.556+0000][1692007][info ][gc          ] GC(660) Pause Remark 92M->92M(512M) 3.654ms
[2025-08-22T03:24:12.557+0000][1692007][info ][gc,cpu      ] GC(660) User=0.00s Sys=0.00s Real=0.01s
[2025-08-22T03:24:12.557+0000][1692007][info ][safepoint   ] Safepoint "G1PauseRemark", Time since last: 131253882 ns, Reaching safepoint: 4747 ns, Cleanup: 2864 ns, At safepoint: 3690673 ns, Total: 3698284 ns
[2025-08-22T03:24:12.557+0000][1692007][info ][gc,marking  ] GC(660) Concurrent Mark 127.760ms
[2025-08-22T03:24:12.557+0000][1692007][info ][gc,marking  ] GC(660) Concurrent Rebuild Remembered Sets and Scrub Regions
[2025-08-22T03:24:12.592+0000][1692007][info ][gc,marking  ] GC(660) Concurrent Rebuild Remembered Sets and Scrub Regions 35.839ms
[2025-08-22T03:24:12.592+0000][1692007][info ][gc,start    ] GC(660) Pause Cleanup
[2025-08-22T03:24:12.592+0000][1692007][info ][gc          ] GC(660) Pause Cleanup 92M->92M(512M) 0.030ms
[2025-08-22T03:24:12.592+0000][1692007][info ][gc,cpu      ] GC(660) User=0.00s Sys=0.00s Real=0.00s
[2025-08-22T03:24:12.592+0000][1692007][info ][safepoint   ] Safepoint "G1PauseCleanup", Time since last: 35882392 ns, Reaching safepoint: 3875 ns, Cleanup: 1202 ns, At safepoint: 51358 ns, Total: 56435 ns
[2025-08-22T03:24:12.592+0000][1692007][info ][gc,marking  ] GC(660) Concurrent Clear Claimed Marks
[2025-08-22T03:24:12.593+0000][1692007][info ][gc,marking  ] GC(660) Concurrent Clear Claimed Marks 0.143ms
[2025-08-22T03:24:12.593+0000][1692007][info ][gc,marking  ] GC(660) Concurrent Cleanup for Next Mark
[2025-08-22T03:24:12.604+0000][1692007][info ][gc,marking  ] GC(660) Concurrent Cleanup for Next Mark 11.073ms
[2025-08-22T03:24:12.604+0000][1692007][info ][gc          ] GC(660) Concurrent Mark Cycle 175.345ms
[2025-08-22T03:35:58.148+0000][1692007][info ][gc,start    ] GC(661) Pause Young (Normal) (G1 Evacuation Pause)
[2025-08-22T03:35:58.149+0000][1692007][info ][gc,task     ] GC(661) Using 1 workers of 1 for evacuation
[2025-08-22T03:35:58.149+0000][1692007][debug][gc,age      ] GC(661) Desired survivor size 20971520 bytes, new threshold 15 (max threshold 15)
[2025-08-22T03:35:58.151+0000][1692007][info ][gc,phases   ] GC(661)   Pre Evacuate Collection Set: 0.0ms
[2025-08-22T03:35:58.151+0000][1692007][info ][gc,phases   ] GC(661)   Merge Heap Roots: 0.0ms
[2025-08-22T03:35:58.151+0000][1692007][info ][gc,phases   ] GC(661)   Evacuate Collection Set: 1.6ms
[2025-08-22T03:35:58.151+0000][1692007][info ][gc,phases   ] GC(661)   Post Evacuate Collection Set: 0.8ms
[2025-08-22T03:35:58.151+0000][1692007][info ][gc,phases   ] GC(661)   Other: 0.0ms
[2025-08-22T03:35:58.151+0000][1692007][trace][gc,age      ] GC(661) Age table with threshold 15 (max threshold 15)
[2025-08-22T03:35:58.151+0000][1692007][trace][gc,age      ] GC(661) - age   1:       9496 bytes,       9496 total
[2025-08-22T03:35:58.151+0000][1692007][trace][gc,age      ] GC(661) - age   4:        176 bytes,       9672 total
[2025-08-22T03:35:58.151+0000][1692007][trace][gc,age      ] GC(661) - age  11:       2536 bytes,      12208 total
[2025-08-22T03:35:58.151+0000][1692007][trace][gc,age      ] GC(661) - age  14:        192 bytes,      12400 total
[2025-08-22T03:35:58.151+0000][1692007][info ][gc,heap     ] GC(661) Eden regions: 75->0(75)
[2025-08-22T03:35:58.151+0000][1692007][info ][gc,heap     ] GC(661) Survivor regions: 1->1(10)
[2025-08-22T03:35:58.151+0000][1692007][info ][gc,heap     ] GC(661) Old regions: 24->24
[2025-08-22T03:35:58.151+0000][1692007][info ][gc,heap     ] GC(661) Humongous regions: 0->0
[2025-08-22T03:35:58.151+0000][1692007][info ][gc,metaspace] GC(661) Metaspace: 143280K(148288K)->143280K(148288K) NonClass: 124419K(127040K)->124419K(127040K) Class: 18861K(21248K)->18861K(21248K)
[2025-08-22T03:35:58.151+0000][1692007][info ][gc          ] GC(661) Pause Young (Normal) (G1 Evacuation Pause) 392M->92M(512M) 3.057ms
[2025-08-22T03:35:58.151+0000][1692007][info ][gc,cpu      ] GC(661) User=0.01s Sys=0.00s Real=0.00s
[2025-08-22T03:35:58.151+0000][1692007][info ][safepoint   ] Safepoint "G1CollectForAllocation", Time since last: 705555473477 ns, Reaching safepoint: 8663 ns, Cleanup: 3045 ns, At safepoint: 3088373 ns, Total: 3100081 ns
[2025-08-22T03:47:43.293+0000][1692007][info ][gc,start    ] GC(662) Pause Young (Concurrent Start) (G1 Evacuation Pause)
[2025-08-22T03:47:43.293+0000][1692007][info ][gc,task     ] GC(662) Using 1 workers of 1 for evacuation
[2025-08-22T03:47:43.293+0000][1692007][debug][gc,age      ] GC(662) Desired survivor size 20971520 bytes, new threshold 15 (max threshold 15)
[2025-08-22T03:47:43.295+0000][1692007][info ][gc,phases   ] GC(662)   Pre Evacuate Collection Set: 0.0ms
[2025-08-22T03:47:43.295+0000][1692007][info ][gc,phases   ] GC(662)   Merge Heap Roots: 0.0ms
[2025-08-22T03:47:43.295+0000][1692007][info ][gc,phases   ] GC(662)   Evacuate Collection Set: 1.2ms
[2025-08-22T03:47:43.295+0000][1692007][info ][gc,phases   ] GC(662)   Post Evacuate Collection Set: 0.7ms
[2025-08-22T03:47:43.295+0000][1692007][info ][gc,phases   ] GC(662)   Other: 0.0ms
[2025-08-22T03:47:43.295+0000][1692007][trace][gc,age      ] GC(662) Age table with threshold 15 (max threshold 15)
[2025-08-22T03:47:43.295+0000][1692007][trace][gc,age      ] GC(662) - age   1:       9200 bytes,       9200 total
[2025-08-22T03:47:43.295+0000][1692007][trace][gc,age      ] GC(662) - age   2:        352 bytes,       9552 total
[2025-08-22T03:47:43.295+0000][1692007][trace][gc,age      ] GC(662) - age   5:        176 bytes,       9728 total
[2025-08-22T03:47:43.295+0000][1692007][trace][gc,age      ] GC(662) - age  12:       2536 bytes,      12264 total
[2025-08-22T03:47:43.295+0000][1692007][trace][gc,age      ] GC(662) - age  15:        192 bytes,      12456 total
[2025-08-22T03:47:43.295+0000][1692007][info ][gc,heap     ] GC(662) Eden regions: 75->0(75)
[2025-08-22T03:47:43.295+0000][1692007][info ][gc,heap     ] GC(662) Survivor regions: 1->1(10)
[2025-08-22T03:47:43.295+0000][1692007][info ][gc,heap     ] GC(662) Old regions: 24->24
[2025-08-22T03:47:43.295+0000][1692007][info ][gc,heap     ] GC(662) Humongous regions: 0->0
[2025-08-22T03:47:43.295+0000][1692007][info ][gc,metaspace] GC(662) Metaspace: 143280K(148288K)->143280K(148288K) NonClass: 124419K(127040K)->124419K(127040K) Class: 18861K(21248K)->18861K(21248K)
[2025-08-22T03:47:43.295+0000][1692007][info ][gc          ] GC(662) Pause Young (Concurrent Start) (G1 Evacuation Pause) 392M->92M(512M) 2.414ms
[2025-08-22T03:47:43.295+0000][1692007][info ][gc,cpu      ] GC(662) User=0.00s Sys=0.00s Real=0.00s
[2025-08-22T03:47:43.295+0000][1692007][info ][safepoint   ] Safepoint "G1CollectForAllocation", Time since last: 705141628596 ns, Reaching safepoint: 6990 ns, Cleanup: 2644 ns, At safepoint: 2447426 ns, Total: 2457060 ns
[2025-08-22T03:47:43.295+0000][1692007][info ][gc          ] GC(663) Concurrent Mark Cycle
[2025-08-22T03:47:43.295+0000][1692007][info ][gc,marking  ] GC(663) Concurrent Scan Root Regions
[2025-08-22T03:47:43.296+0000][1692007][info ][gc,marking  ] GC(663) Concurrent Scan Root Regions 0.844ms
[2025-08-22T03:47:43.296+0000][1692007][info ][gc,marking  ] GC(663) Concurrent Mark
[2025-08-22T03:47:43.296+0000][1692007][info ][gc,marking  ] GC(663) Concurrent Mark From Roots
[2025-08-22T03:47:43.296+0000][1692007][info ][gc,task     ] GC(663) Using 1 workers of 1 for marking
[2025-08-22T03:47:43.405+0000][1692007][info ][gc,marking  ] GC(663) Concurrent Mark From Roots 108.445ms
[2025-08-22T03:47:43.405+0000][1692007][info ][gc,marking  ] GC(663) Concurrent Preclean
[2025-08-22T03:47:43.405+0000][1692007][info ][gc,marking  ] GC(663) Concurrent Preclean 0.368ms
[2025-08-22T03:47:43.405+0000][1692007][info ][gc,start    ] GC(663) Pause Remark
[2025-08-22T03:47:43.409+0000][1692007][info ][gc          ] GC(663) Pause Remark 94M->94M(512M) 3.570ms
[2025-08-22T03:47:43.409+0000][1692007][info ][gc,cpu      ] GC(663) User=0.00s Sys=0.00s Real=0.01s
[2025-08-22T03:47:43.409+0000][1692007][info ][safepoint   ] Safepoint "G1PauseRemark", Time since last: 109980658 ns, Reaching safepoint: 4957 ns, Cleanup: 3015 ns, At safepoint: 3608989 ns, Total: 3616961 ns
[2025-08-22T03:47:43.409+0000][1692007][info ][gc,marking  ] GC(663) Concurrent Mark 112.506ms
[2025-08-22T03:47:43.409+0000][1692007][info ][gc,marking  ] GC(663) Concurrent Rebuild Remembered Sets and Scrub Regions
[2025-08-22T03:47:43.452+0000][1692007][info ][gc,marking  ] GC(663) Concurrent Rebuild Remembered Sets and Scrub Regions 43.718ms
[2025-08-22T03:47:43.452+0000][1692007][info ][gc,start    ] GC(663) Pause Cleanup
[2025-08-22T03:47:43.453+0000][1692007][info ][gc          ] GC(663) Pause Cleanup 94M->94M(512M) 0.034ms
[2025-08-22T03:47:43.453+0000][1692007][info ][gc,cpu      ] GC(663) User=0.00s Sys=0.00s Real=0.00s
[2025-08-22T03:47:43.453+0000][1692007][info ][safepoint   ] Safepoint "G1PauseCleanup", Time since last: 43764584 ns, Reaching safepoint: 3786 ns, Cleanup: 1131 ns, At safepoint: 55124 ns, Total: 60041 ns
[2025-08-22T03:47:43.453+0000][1692007][info ][gc,marking  ] GC(663) Concurrent Clear Claimed Marks
[2025-08-22T03:47:43.453+0000][1692007][info ][gc,marking  ] GC(663) Concurrent Clear Claimed Marks 0.155ms
[2025-08-22T03:47:43.453+0000][1692007][info ][gc,marking  ] GC(663) Concurrent Cleanup for Next Mark
[2025-08-22T03:47:43.461+0000][1692007][info ][gc,marking  ] GC(663) Concurrent Cleanup for Next Mark 8.440ms
[2025-08-22T03:47:43.461+0000][1692007][info ][gc          ] GC(663) Concurrent Mark Cycle 165.804ms
[2025-08-22T03:59:28.697+0000][1692007][info ][gc,start    ] GC(664) Pause Young (Normal) (G1 Evacuation Pause)
[2025-08-22T03:59:28.697+0000][1692007][info ][gc,task     ] GC(664) Using 1 workers of 1 for evacuation
[2025-08-22T03:59:28.697+0000][1692007][debug][gc,age      ] GC(664) Desired survivor size 20971520 bytes, new threshold 15 (max threshold 15)
[2025-08-22T03:59:28.699+0000][1692007][info ][gc,phases   ] GC(664)   Pre Evacuate Collection Set: 0.0ms
[2025-08-22T03:59:28.699+0000][1692007][info ][gc,phases   ] GC(664)   Merge Heap Roots: 0.0ms
[2025-08-22T03:59:28.699+0000][1692007][info ][gc,phases   ] GC(664)   Evacuate Collection Set: 1.6ms
[2025-08-22T03:59:28.699+0000][1692007][info ][gc,phases   ] GC(664)   Post Evacuate Collection Set: 0.8ms
[2025-08-22T03:59:28.699+0000][1692007][info ][gc,phases   ] GC(664)   Other: 0.0ms
[2025-08-22T03:59:28.699+0000][1692007][trace][gc,age      ] GC(664) Age table with threshold 15 (max threshold 15)
[2025-08-22T03:59:28.699+0000][1692007][trace][gc,age      ] GC(664) - age   1:      11456 bytes,      11456 total
[2025-08-22T03:59:28.699+0000][1692007][trace][gc,age      ] GC(664) - age  13:       2536 bytes,      13992 total
[2025-08-22T03:59:28.699+0000][1692007][info ][gc,heap     ] GC(664) Eden regions: 75->0(75)
[2025-08-22T03:59:28.699+0000][1692007][info ][gc,heap     ] GC(664) Survivor regions: 1->1(10)
[2025-08-22T03:59:28.699+0000][1692007][info ][gc,heap     ] GC(664) Old regions: 24->24
[2025-08-22T03:59:28.699+0000][1692007][info ][gc,heap     ] GC(664) Humongous regions: 0->0
[2025-08-22T03:59:28.699+0000][1692007][info ][gc,metaspace] GC(664) Metaspace: 143280K(148288K)->143280K(148288K) NonClass: 124419K(127040K)->124419K(127040K) Class: 18861K(21248K)->18861K(21248K)
[2025-08-22T03:59:28.699+0000][1692007][info ][gc          ] GC(664) Pause Young (Normal) (G1 Evacuation Pause) 392M->92M(512M) 2.681ms
[2025-08-22T03:59:28.699+0000][1692007][info ][gc,cpu      ] GC(664) User=0.00s Sys=0.00s Real=0.00s
[2025-08-22T03:59:28.699+0000][1692007][info ][safepoint   ] Safepoint "G1CollectForAllocation", Time since last: 705244169489 ns, Reaching safepoint: 6820 ns, Cleanup: 2183 ns, At safepoint: 2712776 ns, Total: 2721779 ns
[2025-08-22T04:11:14.276+0000][1692007][info ][gc,start    ] GC(665) Pause Young (Concurrent Start) (G1 Evacuation Pause)
[2025-08-22T04:11:14.276+0000][1692007][info ][gc,task     ] GC(665) Using 1 workers of 1 for evacuation
[2025-08-22T04:11:14.276+0000][1692007][debug][gc,age      ] GC(665) Desired survivor size 20971520 bytes, new threshold 15 (max threshold 15)
[2025-08-22T04:11:14.279+0000][1692007][info ][gc,phases   ] GC(665)   Pre Evacuate Collection Set: 0.0ms
[2025-08-22T04:11:14.279+0000][1692007][info ][gc,phases   ] GC(665)   Merge Heap Roots: 0.0ms
[2025-08-22T04:11:14.279+0000][1692007][info ][gc,phases   ] GC(665)   Evacuate Collection Set: 1.2ms
[2025-08-22T04:11:14.279+0000][1692007][info ][gc,phases   ] GC(665)   Post Evacuate Collection Set: 1.0ms
[2025-08-22T04:11:14.279+0000][1692007][info ][gc,phases   ] GC(665)   Other: 0.1ms
[2025-08-22T04:11:14.279+0000][1692007][trace][gc,age      ] GC(665) Age table with threshold 15 (max threshold 15)
[2025-08-22T04:11:14.279+0000][1692007][trace][gc,age      ] GC(665) - age   1:      11160 bytes,      11160 total
[2025-08-22T04:11:14.279+0000][1692007][trace][gc,age      ] GC(665) - age   2:        224 bytes,      11384 total
[2025-08-22T04:11:14.279+0000][1692007][trace][gc,age      ] GC(665) - age  14:       2536 bytes,      13920 total
[2025-08-22T04:11:14.279+0000][1692007][info ][gc,heap     ] GC(665) Eden regions: 75->0(75)
[2025-08-22T04:11:14.279+0000][1692007][info ][gc,heap     ] GC(665) Survivor regions: 1->1(10)
[2025-08-22T04:11:14.279+0000][1692007][info ][gc,heap     ] GC(665) Old regions: 24->24
[2025-08-22T04:11:14.279+0000][1692007][info ][gc,heap     ] GC(665) Humongous regions: 0->0
[2025-08-22T04:11:14.279+0000][1692007][info ][gc,metaspace] GC(665) Metaspace: 143280K(148288K)->143280K(148288K) NonClass: 124419K(127040K)->124419K(127040K) Class: 18861K(21248K)->18861K(21248K)
[2025-08-22T04:11:14.279+0000][1692007][info ][gc          ] GC(665) Pause Young (Concurrent Start) (G1 Evacuation Pause) 392M->92M(512M) 2.553ms
[2025-08-22T04:11:14.279+0000][1692007][info ][gc,cpu      ] GC(665) User=0.00s Sys=0.00s Real=0.00s
[2025-08-22T04:11:14.279+0000][1692007][info ][safepoint   ] Safepoint "G1CollectForAllocation", Time since last: 705576646043 ns, Reaching safepoint: 6791 ns, Cleanup: 2393 ns, At safepoint: 2588399 ns, Total: 2597583 ns
[2025-08-22T04:11:14.284+0000][1692007][info ][gc          ] GC(666) Concurrent Mark Cycle
[2025-08-22T04:11:14.284+0000][1692007][info ][gc,marking  ] GC(666) Concurrent Scan Root Regions
[2025-08-22T04:11:14.285+0000][1692007][info ][gc,marking  ] GC(666) Concurrent Scan Root Regions 0.410ms
[2025-08-22T04:11:14.285+0000][1692007][info ][gc,marking  ] GC(666) Concurrent Mark
[2025-08-22T04:11:14.285+0000][1692007][info ][gc,marking  ] GC(666) Concurrent Mark From Roots
[2025-08-22T04:11:14.285+0000][1692007][info ][gc,task     ] GC(666) Using 1 workers of 1 for marking
[2025-08-22T04:11:14.403+0000][1692007][info ][gc,marking  ] GC(666) Concurrent Mark From Roots 118.644ms
[2025-08-22T04:11:14.403+0000][1692007][info ][gc,marking  ] GC(666) Concurrent Preclean
[2025-08-22T04:11:14.404+0000][1692007][info ][gc,marking  ] GC(666) Concurrent Preclean 0.397ms
[2025-08-22T04:11:14.404+0000][1692007][info ][gc,start    ] GC(666) Pause Remark
[2025-08-22T04:11:14.408+0000][1692007][info ][gc          ] GC(666) Pause Remark 95M->95M(512M) 4.299ms
[2025-08-22T04:11:14.408+0000][1692007][info ][gc,cpu      ] GC(666) User=0.01s Sys=0.00s Real=0.01s
[2025-08-22T04:11:14.408+0000][1692007][info ][safepoint   ] Safepoint "G1PauseRemark", Time since last: 125216361 ns, Reaching safepoint: 4917 ns, Cleanup: 2935 ns, At safepoint: 4335005 ns, Total: 4342857 ns
[2025-08-22T04:11:14.408+0000][1692007][info ][gc,marking  ] GC(666) Concurrent Mark 123.455ms
[2025-08-22T04:11:14.408+0000][1692007][info ][gc,marking  ] GC(666) Concurrent Rebuild Remembered Sets and Scrub Regions
[2025-08-22T04:11:14.448+0000][1692007][info ][gc,marking  ] GC(666) Concurrent Rebuild Remembered Sets and Scrub Regions 39.268ms
[2025-08-22T04:11:14.448+0000][1692007][info ][gc,start    ] GC(666) Pause Cleanup
[2025-08-22T04:11:14.448+0000][1692007][info ][gc          ] GC(666) Pause Cleanup 95M->95M(512M) 0.032ms
[2025-08-22T04:11:14.448+0000][1692007][info ][gc,cpu      ] GC(666) User=0.00s Sys=0.00s Real=0.00s
[2025-08-22T04:11:14.448+0000][1692007][info ][safepoint   ] Safepoint "G1PauseCleanup", Time since last: 39311929 ns, Reaching safepoint: 3886 ns, Cleanup: 4627 ns, At safepoint: 51939 ns, Total: 60452 ns
[2025-08-22T04:11:14.448+0000][1692007][info ][gc,marking  ] GC(666) Concurrent Clear Claimed Marks
[2025-08-22T04:11:14.448+0000][1692007][info ][gc,marking  ] GC(666) Concurrent Clear Claimed Marks 0.140ms
[2025-08-22T04:11:14.448+0000][1692007][info ][gc,marking  ] GC(666) Concurrent Cleanup for Next Mark
[2025-08-22T04:11:14.461+0000][1692007][info ][gc,marking  ] GC(666) Concurrent Cleanup for Next Mark 12.850ms
[2025-08-22T04:11:14.461+0000][1692007][info ][gc          ] GC(666) Concurrent Mark Cycle 176.266ms
[2025-08-22T04:22:59.708+0000][1692007][info ][gc,start    ] GC(667) Pause Young (Normal) (G1 Evacuation Pause)
[2025-08-22T04:22:59.708+0000][1692007][info ][gc,task     ] GC(667) Using 1 workers of 1 for evacuation
[2025-08-22T04:22:59.708+0000][1692007][debug][gc,age      ] GC(667) Desired survivor size 20971520 bytes, new threshold 15 (max threshold 15)
[2025-08-22T04:22:59.711+0000][1692007][info ][gc,phases   ] GC(667)   Pre Evacuate Collection Set: 0.0ms
[2025-08-22T04:22:59.711+0000][1692007][info ][gc,phases   ] GC(667)   Merge Heap Roots: 0.0ms
[2025-08-22T04:22:59.711+0000][1692007][info ][gc,phases   ] GC(667)   Evacuate Collection Set: 1.6ms
[2025-08-22T04:22:59.711+0000][1692007][info ][gc,phases   ] GC(667)   Post Evacuate Collection Set: 1.1ms
[2025-08-22T04:22:59.711+0000][1692007][info ][gc,phases   ] GC(667)   Other: 0.0ms
[2025-08-22T04:22:59.711+0000][1692007][trace][gc,age      ] GC(667) Age table with threshold 15 (max threshold 15)
[2025-08-22T04:22:59.711+0000][1692007][trace][gc,age      ] GC(667) - age   1:      11024 bytes,      11024 total
[2025-08-22T04:22:59.711+0000][1692007][trace][gc,age      ] GC(667) - age   3:        224 bytes,      11248 total
[2025-08-22T04:22:59.711+0000][1692007][trace][gc,age      ] GC(667) - age  15:       2536 bytes,      13784 total
[2025-08-22T04:22:59.711+0000][1692007][info ][gc,heap     ] GC(667) Eden regions: 75->0(75)
[2025-08-22T04:22:59.711+0000][1692007][info ][gc,heap     ] GC(667) Survivor regions: 1->1(10)
[2025-08-22T04:22:59.711+0000][1692007][info ][gc,heap     ] GC(667) Old regions: 24->24
[2025-08-22T04:22:59.711+0000][1692007][info ][gc,heap     ] GC(667) Humongous regions: 0->0
[2025-08-22T04:22:59.711+0000][1692007][info ][gc,metaspace] GC(667) Metaspace: 143280K(148288K)->143280K(148288K) NonClass: 124419K(127040K)->124419K(127040K) Class: 18861K(21248K)->18861K(21248K)
[2025-08-22T04:22:59.711+0000][1692007][info ][gc          ] GC(667) Pause Young (Normal) (G1 Evacuation Pause) 392M->92M(512M) 3.048ms
[2025-08-22T04:22:59.711+0000][1692007][info ][gc,cpu      ] GC(667) User=0.00s Sys=0.00s Real=0.00s
[2025-08-22T04:22:59.711+0000][1692007][info ][safepoint   ] Safepoint "G1CollectForAllocation", Time since last: 705260481736 ns, Reaching safepoint: 7210 ns, Cleanup: 2294 ns, At safepoint: 3082544 ns, Total: 3092048 ns
[2025-08-22T04:34:45.192+0000][1692007][info ][gc,start    ] GC(668) Pause Young (Concurrent Start) (G1 Evacuation Pause)
[2025-08-22T04:34:45.192+0000][1692007][info ][gc,task     ] GC(668) Using 1 workers of 1 for evacuation
[2025-08-22T04:34:45.192+0000][1692007][debug][gc,age      ] GC(668) Desired survivor size 20971520 bytes, new threshold 15 (max threshold 15)
[2025-08-22T04:34:45.194+0000][1692007][info ][gc,phases   ] GC(668)   Pre Evacuate Collection Set: 0.0ms
[2025-08-22T04:34:45.195+0000][1692007][info ][gc,phases   ] GC(668)   Merge Heap Roots: 0.0ms
[2025-08-22T04:34:45.195+0000][1692007][info ][gc,phases   ] GC(668)   Evacuate Collection Set: 1.2ms
[2025-08-22T04:34:45.195+0000][1692007][info ][gc,phases   ] GC(668)   Post Evacuate Collection Set: 1.0ms
[2025-08-22T04:34:45.195+0000][1692007][info ][gc,phases   ] GC(668)   Other: 0.0ms
[2025-08-22T04:34:45.195+0000][1692007][trace][gc,age      ] GC(668) Age table with threshold 15 (max threshold 15)
[2025-08-22T04:34:45.195+0000][1692007][trace][gc,age      ] GC(668) - age   1:      10704 bytes,      10704 total
[2025-08-22T04:34:45.195+0000][1692007][trace][gc,age      ] GC(668) - age   2:        352 bytes,      11056 total
[2025-08-22T04:34:45.195+0000][1692007][trace][gc,age      ] GC(668) - age   4:        224 bytes,      11280 total
[2025-08-22T04:34:45.195+0000][1692007][info ][gc,heap     ] GC(668) Eden regions: 75->0(75)
[2025-08-22T04:34:45.195+0000][1692007][info ][gc,heap     ] GC(668) Survivor regions: 1->1(10)
[2025-08-22T04:34:45.195+0000][1692007][info ][gc,heap     ] GC(668) Old regions: 24->24
[2025-08-22T04:34:45.195+0000][1692007][info ][gc,heap     ] GC(668) Humongous regions: 0->0
[2025-08-22T04:34:45.195+0000][1692007][info ][gc,metaspace] GC(668) Metaspace: 143280K(148288K)->143280K(148288K) NonClass: 124419K(127040K)->124419K(127040K) Class: 18861K(21248K)->18861K(21248K)
[2025-08-22T04:34:45.195+0000][1692007][info ][gc          ] GC(668) Pause Young (Concurrent Start) (G1 Evacuation Pause) 392M->92M(512M) 2.555ms
[2025-08-22T04:34:45.195+0000][1692007][info ][gc,cpu      ] GC(668) User=0.01s Sys=0.00s Real=0.00s
[2025-08-22T04:34:45.195+0000][1692007][info ][safepoint   ] Safepoint "G1CollectForAllocation", Time since last: 705480795638 ns, Reaching safepoint: 7181 ns, Cleanup: 2273 ns, At safepoint: 2592395 ns, Total: 2601849 ns
[2025-08-22T04:34:45.200+0000][1692007][info ][gc          ] GC(669) Concurrent Mark Cycle
[2025-08-22T04:34:45.200+0000][1692007][info ][gc,marking  ] GC(669) Concurrent Scan Root Regions
[2025-08-22T04:34:45.201+0000][1692007][info ][gc,marking  ] GC(669) Concurrent Scan Root Regions 0.403ms
[2025-08-22T04:34:45.201+0000][1692007][info ][gc,marking  ] GC(669) Concurrent Mark
[2025-08-22T04:34:45.201+0000][1692007][info ][gc,marking  ] GC(669) Concurrent Mark From Roots
[2025-08-22T04:34:45.201+0000][1692007][info ][gc,task     ] GC(669) Using 1 workers of 1 for marking
[2025-08-22T04:34:45.315+0000][1692007][info ][gc,marking  ] GC(669) Concurrent Mark From Roots 114.215ms
[2025-08-22T04:34:45.315+0000][1692007][info ][gc,marking  ] GC(669) Concurrent Preclean
[2025-08-22T04:34:45.315+0000][1692007][info ][gc,marking  ] GC(669) Concurrent Preclean 0.389ms
[2025-08-22T04:34:45.315+0000][1692007][info ][gc,start    ] GC(669) Pause Remark
[2025-08-22T04:34:45.319+0000][1692007][info ][gc          ] GC(669) Pause Remark 95M->95M(512M) 3.426ms
[2025-08-22T04:34:45.319+0000][1692007][info ][gc,cpu      ] GC(669) User=0.01s Sys=0.00s Real=0.00s
[2025-08-22T04:34:45.319+0000][1692007][info ][safepoint   ] Safepoint "G1PauseRemark", Time since last: 120895276 ns, Reaching safepoint: 4908 ns, Cleanup: 3034 ns, At safepoint: 3465483 ns, Total: 3473425 ns
[2025-08-22T04:34:45.319+0000][1692007][info ][gc,marking  ] GC(669) Concurrent Mark 118.161ms
[2025-08-22T04:34:45.319+0000][1692007][info ][gc,marking  ] GC(669) Concurrent Rebuild Remembered Sets and Scrub Regions
[2025-08-22T04:34:45.366+0000][1692007][info ][gc,marking  ] GC(669) Concurrent Rebuild Remembered Sets and Scrub Regions 46.838ms
[2025-08-22T04:34:45.366+0000][1692007][info ][gc,start    ] GC(669) Pause Cleanup
[2025-08-22T04:34:45.366+0000][1692007][info ][gc          ] GC(669) Pause Cleanup 95M->95M(512M) 0.036ms
[2025-08-22T04:34:45.366+0000][1692007][info ][gc,cpu      ] GC(669) User=0.00s Sys=0.00s Real=0.00s
[2025-08-22T04:34:45.366+0000][1692007][info ][safepoint   ] Safepoint "G1PauseCleanup", Time since last: 46890823 ns, Reaching safepoint: 3966 ns, Cleanup: 1021 ns, At safepoint: 59240 ns, Total: 64227 ns
[2025-08-22T04:34:45.366+0000][1692007][info ][gc,marking  ] GC(669) Concurrent Clear Claimed Marks
[2025-08-22T04:34:45.366+0000][1692007][info ][gc,marking  ] GC(669) Concurrent Clear Claimed Marks 0.153ms
[2025-08-22T04:34:45.366+0000][1692007][info ][gc,marking  ] GC(669) Concurrent Cleanup for Next Mark
[2025-08-22T04:34:45.366+0000][1692007][info ][gc,marking  ] GC(669) Concurrent Cleanup for Next Mark 0.265ms
[2025-08-22T04:34:45.366+0000][1692007][info ][gc          ] GC(669) Concurrent Mark Cycle 165.983ms
[2025-08-22T04:46:30.870+0000][1692007][info ][gc,start    ] GC(670) Pause Young (Normal) (G1 Evacuation Pause)
[2025-08-22T04:46:30.871+0000][1692007][info ][gc,task     ] GC(670) Using 1 workers of 1 for evacuation
[2025-08-22T04:46:30.871+0000][1692007][debug][gc,age      ] GC(670) Desired survivor size 20971520 bytes, new threshold 15 (max threshold 15)
[2025-08-22T04:46:30.873+0000][1692007][info ][gc,phases   ] GC(670)   Pre Evacuate Collection Set: 0.0ms
[2025-08-22T04:46:30.873+0000][1692007][info ][gc,phases   ] GC(670)   Merge Heap Roots: 0.0ms
[2025-08-22T04:46:30.873+0000][1692007][info ][gc,phases   ] GC(670)   Evacuate Collection Set: 1.6ms
[2025-08-22T04:46:30.873+0000][1692007][info ][gc,phases   ] GC(670)   Post Evacuate Collection Set: 0.7ms
[2025-08-22T04:46:30.873+0000][1692007][info ][gc,phases   ] GC(670)   Other: 0.0ms
[2025-08-22T04:46:30.873+0000][1692007][trace][gc,age      ] GC(670) Age table with threshold 15 (max threshold 15)
[2025-08-22T04:46:30.873+0000][1692007][trace][gc,age      ] GC(670) - age   1:       9400 bytes,       9400 total
[2025-08-22T04:46:30.873+0000][1692007][trace][gc,age      ] GC(670) - age   5:        224 bytes,       9624 total
[2025-08-22T04:46:30.873+0000][1692007][info ][gc,heap     ] GC(670) Eden regions: 75->0(75)
[2025-08-22T04:46:30.873+0000][1692007][info ][gc,heap     ] GC(670) Survivor regions: 1->1(10)
[2025-08-22T04:46:30.873+0000][1692007][info ][gc,heap     ] GC(670) Old regions: 24->24
[2025-08-22T04:46:30.873+0000][1692007][info ][gc,heap     ] GC(670) Humongous regions: 0->0
[2025-08-22T04:46:30.873+0000][1692007][info ][gc,metaspace] GC(670) Metaspace: 143280K(148288K)->143280K(148288K) NonClass: 124419K(127040K)->124419K(127040K) Class: 18861K(21248K)->18861K(21248K)
[2025-08-22T04:46:30.873+0000][1692007][info ][gc          ] GC(670) Pause Young (Normal) (G1 Evacuation Pause) 392M->92M(512M) 2.916ms
[2025-08-22T04:46:30.873+0000][1692007][info ][gc,cpu      ] GC(670) User=0.00s Sys=0.00s Real=0.00s
[2025-08-22T04:46:30.873+0000][1692007][info ][safepoint   ] Safepoint "G1CollectForAllocation", Time since last: 705504546975 ns, Reaching safepoint: 7131 ns, Cleanup: 3165 ns, At safepoint: 2946439 ns, Total: 2956735 ns
[2025-08-22T04:58:17.076+0000][1692007][info ][gc,start    ] GC(671) Pause Young (Concurrent Start) (G1 Evacuation Pause)
[2025-08-22T04:58:17.076+0000][1692007][info ][gc,task     ] GC(671) Using 1 workers of 1 for evacuation
[2025-08-22T04:58:17.076+0000][1692007][debug][gc,age      ] GC(671) Desired survivor size 20971520 bytes, new threshold 15 (max threshold 15)
[2025-08-22T04:58:17.078+0000][1692007][info ][gc,phases   ] GC(671)   Pre Evacuate Collection Set: 0.0ms
[2025-08-22T04:58:17.078+0000][1692007][info ][gc,phases   ] GC(671)   Merge Heap Roots: 0.0ms
[2025-08-22T04:58:17.078+0000][1692007][info ][gc,phases   ] GC(671)   Evacuate Collection Set: 1.2ms
[2025-08-22T04:58:17.078+0000][1692007][info ][gc,phases   ] GC(671)   Post Evacuate Collection Set: 0.7ms
[2025-08-22T04:58:17.078+0000][1692007][info ][gc,phases   ] GC(671)   Other: 0.0ms
[2025-08-22T04:58:17.078+0000][1692007][trace][gc,age      ] GC(671) Age table with threshold 15 (max threshold 15)
[2025-08-22T04:58:17.078+0000][1692007][trace][gc,age      ] GC(671) - age   1:       9728 bytes,       9728 total
[2025-08-22T04:58:17.078+0000][1692007][trace][gc,age      ] GC(671) - age   6:         48 bytes,       9776 total
[2025-08-22T04:58:17.078+0000][1692007][info ][gc,heap     ] GC(671) Eden regions: 75->0(75)
[2025-08-22T04:58:17.078+0000][1692007][info ][gc,heap     ] GC(671) Survivor regions: 1->1(10)
[2025-08-22T04:58:17.078+0000][1692007][info ][gc,heap     ] GC(671) Old regions: 24->24
[2025-08-22T04:58:17.078+0000][1692007][info ][gc,heap     ] GC(671) Humongous regions: 0->0
[2025-08-22T04:58:17.078+0000][1692007][info ][gc,metaspace] GC(671) Metaspace: 143280K(148288K)->143280K(148288K) NonClass: 124419K(127040K)->124419K(127040K) Class: 18861K(21248K)->18861K(21248K)
[2025-08-22T04:58:17.078+0000][1692007][info ][gc          ] GC(671) Pause Young (Concurrent Start) (G1 Evacuation Pause) 392M->92M(512M) 2.358ms
[2025-08-22T04:58:17.078+0000][1692007][info ][gc,cpu      ] GC(671) User=0.00s Sys=0.00s Real=0.00s
[2025-08-22T04:58:17.078+0000][1692007][info ][safepoint   ] Safepoint "G1CollectForAllocation", Time since last: 706202294450 ns, Reaching safepoint: 7922 ns, Cleanup: 3515 ns, At safepoint: 2394095 ns, Total: 2405532 ns
[2025-08-22T04:58:17.084+0000][1692007][info ][gc          ] GC(672) Concurrent Mark Cycle
[2025-08-22T04:58:17.084+0000][1692007][info ][gc,marking  ] GC(672) Concurrent Scan Root Regions
[2025-08-22T04:58:17.085+0000][1692007][info ][gc,marking  ] GC(672) Concurrent Scan Root Regions 0.441ms
[2025-08-22T04:58:17.085+0000][1692007][info ][gc,marking  ] GC(672) Concurrent Mark
[2025-08-22T04:58:17.085+0000][1692007][info ][gc,marking  ] GC(672) Concurrent Mark From Roots
[2025-08-22T04:58:17.085+0000][1692007][info ][gc,task     ] GC(672) Using 1 workers of 1 for marking
[2025-08-22T04:58:17.199+0000][1692007][info ][gc,marking  ] GC(672) Concurrent Mark From Roots 113.792ms
[2025-08-22T04:58:17.199+0000][1692007][info ][gc,marking  ] GC(672) Concurrent Preclean
[2025-08-22T04:58:17.199+0000][1692007][info ][gc,marking  ] GC(672) Concurrent Preclean 0.378ms
[2025-08-22T04:58:17.199+0000][1692007][info ][gc,start    ] GC(672) Pause Remark
[2025-08-22T04:58:17.202+0000][1692007][info ][gc          ] GC(672) Pause Remark 94M->94M(512M) 3.354ms
[2025-08-22T04:58:17.202+0000][1692007][info ][gc,cpu      ] GC(672) User=0.00s Sys=0.00s Real=0.00s
[2025-08-22T04:58:17.202+0000][1692007][info ][safepoint   ] Safepoint "G1PauseRemark", Time since last: 120949717 ns, Reaching safepoint: 4737 ns, Cleanup: 2734 ns, At safepoint: 3393374 ns, Total: 3400845 ns
[2025-08-22T04:58:17.202+0000][1692007][info ][gc,marking  ] GC(672) Concurrent Mark 117.668ms
[2025-08-22T04:58:17.202+0000][1692007][info ][gc,marking  ] GC(672) Concurrent Rebuild Remembered Sets and Scrub Regions
[2025-08-22T04:58:17.253+0000][1692007][info ][gc,marking  ] GC(672) Concurrent Rebuild Remembered Sets and Scrub Regions 50.493ms
[2025-08-22T04:58:17.253+0000][1692007][info ][gc,start    ] GC(672) Pause Cleanup
[2025-08-22T04:58:17.253+0000][1692007][info ][gc          ] GC(672) Pause Cleanup 94M->94M(512M) 0.035ms
[2025-08-22T04:58:17.253+0000][1692007][info ][gc,cpu      ] GC(672) User=0.00s Sys=0.00s Real=0.00s
[2025-08-22T04:58:17.253+0000][1692007][info ][safepoint   ] Safepoint "G1PauseCleanup", Time since last: 50569447 ns, Reaching safepoint: 3976 ns, Cleanup: 1452 ns, At safepoint: 58809 ns, Total: 64237 ns
[2025-08-22T04:58:17.253+0000][1692007][info ][gc,marking  ] GC(672) Concurrent Clear Claimed Marks
[2025-08-22T04:58:17.253+0000][1692007][info ][gc,marking  ] GC(672) Concurrent Clear Claimed Marks 0.154ms
[2025-08-22T04:58:17.253+0000][1692007][info ][gc,marking  ] GC(672) Concurrent Cleanup for Next Mark
[2025-08-22T04:58:17.254+0000][1692007][info ][gc,marking  ] GC(672) Concurrent Cleanup for Next Mark 0.258ms
[2025-08-22T04:58:17.254+0000][1692007][info ][gc          ] GC(672) Concurrent Mark Cycle 169.169ms
[2025-08-22T05:10:03.103+0000][1692007][info ][gc,start    ] GC(673) Pause Young (Normal) (G1 Evacuation Pause)
[2025-08-22T05:10:03.103+0000][1692007][info ][gc,task     ] GC(673) Using 1 workers of 1 for evacuation
[2025-08-22T05:10:03.103+0000][1692007][debug][gc,age      ] GC(673) Desired survivor size 20971520 bytes, new threshold 15 (max threshold 15)
[2025-08-22T05:10:03.106+0000][1692007][info ][gc,phases   ] GC(673)   Pre Evacuate Collection Set: 0.0ms
[2025-08-22T05:10:03.106+0000][1692007][info ][gc,phases   ] GC(673)   Merge Heap Roots: 0.7ms
[2025-08-22T05:10:03.106+0000][1692007][info ][gc,phases   ] GC(673)   Evacuate Collection Set: 1.6ms
[2025-08-22T05:10:03.106+0000][1692007][info ][gc,phases   ] GC(673)   Post Evacuate Collection Set: 0.7ms
[2025-08-22T05:10:03.106+0000][1692007][info ][gc,phases   ] GC(673)   Other: 0.0ms
[2025-08-22T05:10:03.106+0000][1692007][trace][gc,age      ] GC(673) Age table with threshold 15 (max threshold 15)
[2025-08-22T05:10:03.106+0000][1692007][trace][gc,age      ] GC(673) - age   1:       9416 bytes,       9416 total
[2025-08-22T05:10:03.106+0000][1692007][trace][gc,age      ] GC(673) - age   2:        176 bytes,       9592 total
[2025-08-22T05:10:03.106+0000][1692007][trace][gc,age      ] GC(673) - age   7:         48 bytes,       9640 total
[2025-08-22T05:10:03.106+0000][1692007][info ][gc,heap     ] GC(673) Eden regions: 75->0(75)
[2025-08-22T05:10:03.106+0000][1692007][info ][gc,heap     ] GC(673) Survivor regions: 1->1(10)
[2025-08-22T05:10:03.106+0000][1692007][info ][gc,heap     ] GC(673) Old regions: 24->24
[2025-08-22T05:10:03.106+0000][1692007][info ][gc,heap     ] GC(673) Humongous regions: 0->0
[2025-08-22T05:10:03.106+0000][1692007][info ][gc,metaspace] GC(673) Metaspace: 143280K(148288K)->143280K(148288K) NonClass: 124419K(127040K)->124419K(127040K) Class: 18861K(21248K)->18861K(21248K)
[2025-08-22T05:10:03.106+0000][1692007][info ][gc          ] GC(673) Pause Young (Normal) (G1 Evacuation Pause) 392M->92M(512M) 3.553ms
[2025-08-22T05:10:03.106+0000][1692007][info ][gc,cpu      ] GC(673) User=0.00s Sys=0.00s Real=0.01s
[2025-08-22T05:10:03.106+0000][1692007][info ][safepoint   ] Safepoint "G1CollectForAllocation", Time since last: 705849729658 ns, Reaching safepoint: 8022 ns, Cleanup: 3175 ns, At safepoint: 3585704 ns, Total: 3596901 ns
[2025-08-22T05:21:47.082+0000][1692007][info ][gc,start    ] GC(674) Pause Young (Concurrent Start) (G1 Evacuation Pause)
[2025-08-22T05:21:47.082+0000][1692007][info ][gc,task     ] GC(674) Using 1 workers of 1 for evacuation
[2025-08-22T05:21:47.082+0000][1692007][debug][gc,age      ] GC(674) Desired survivor size 20971520 bytes, new threshold 15 (max threshold 15)
[2025-08-22T05:21:47.084+0000][1692007][info ][gc,phases   ] GC(674)   Pre Evacuate Collection Set: 0.1ms
[2025-08-22T05:21:47.084+0000][1692007][info ][gc,phases   ] GC(674)   Merge Heap Roots: 0.0ms
[2025-08-22T05:21:47.084+0000][1692007][info ][gc,phases   ] GC(674)   Evacuate Collection Set: 1.2ms
[2025-08-22T05:21:47.084+0000][1692007][info ][gc,phases   ] GC(674)   Post Evacuate Collection Set: 1.0ms
[2025-08-22T05:21:47.084+0000][1692007][info ][gc,phases   ] GC(674)   Other: 0.1ms
[2025-08-22T05:21:47.085+0000][1692007][trace][gc,age      ] GC(674) Age table with threshold 15 (max threshold 15)
[2025-08-22T05:21:47.085+0000][1692007][trace][gc,age      ] GC(674) - age   1:      11048 bytes,      11048 total
[2025-08-22T05:21:47.085+0000][1692007][trace][gc,age      ] GC(674) - age   3:        176 bytes,      11224 total
[2025-08-22T05:21:47.085+0000][1692007][trace][gc,age      ] GC(674) - age   8:         48 bytes,      11272 total
[2025-08-22T05:21:47.085+0000][1692007][info ][gc,heap     ] GC(674) Eden regions: 75->0(75)
[2025-08-22T05:21:47.085+0000][1692007][info ][gc,heap     ] GC(674) Survivor regions: 1->1(10)
[2025-08-22T05:21:47.085+0000][1692007][info ][gc,heap     ] GC(674) Old regions: 24->24
[2025-08-22T05:21:47.085+0000][1692007][info ][gc,heap     ] GC(674) Humongous regions: 0->0
[2025-08-22T05:21:47.085+0000][1692007][info ][gc,metaspace] GC(674) Metaspace: 143280K(148288K)->143280K(148288K) NonClass: 124419K(127040K)->124419K(127040K) Class: 18861K(21248K)->18861K(21248K)
[2025-08-22T05:21:47.085+0000][1692007][info ][gc          ] GC(674) Pause Young (Concurrent Start) (G1 Evacuation Pause) 392M->92M(512M) 2.664ms
[2025-08-22T05:21:47.085+0000][1692007][info ][gc,cpu      ] GC(674) User=0.00s Sys=0.00s Real=0.00s
[2025-08-22T05:21:47.085+0000][1692007][info ][safepoint   ] Safepoint "G1CollectForAllocation", Time since last: 703975433440 ns, Reaching safepoint: 6731 ns, Cleanup: 2584 ns, At safepoint: 2701258 ns, Total: 2710573 ns
[2025-08-22T05:21:47.088+0000][1692007][info ][gc          ] GC(675) Concurrent Mark Cycle
[2025-08-22T05:21:47.088+0000][1692007][info ][gc,marking  ] GC(675) Concurrent Scan Root Regions
[2025-08-22T05:21:47.089+0000][1692007][info ][gc,marking  ] GC(675) Concurrent Scan Root Regions 0.427ms
[2025-08-22T05:21:47.089+0000][1692007][info ][gc,marking  ] GC(675) Concurrent Mark
[2025-08-22T05:21:47.089+0000][1692007][info ][gc,marking  ] GC(675) Concurrent Mark From Roots
[2025-08-22T05:21:47.089+0000][1692007][info ][gc,task     ] GC(675) Using 1 workers of 1 for marking
[2025-08-22T05:21:47.213+0000][1692007][info ][gc,marking  ] GC(675) Concurrent Mark From Roots 123.784ms
[2025-08-22T05:21:47.213+0000][1692007][info ][gc,marking  ] GC(675) Concurrent Preclean
[2025-08-22T05:21:47.213+0000][1692007][info ][gc,marking  ] GC(675) Concurrent Preclean 0.387ms
[2025-08-22T05:21:47.213+0000][1692007][info ][gc,start    ] GC(675) Pause Remark
[2025-08-22T05:21:47.216+0000][1692007][info ][gc          ] GC(675) Pause Remark 92M->92M(512M) 3.404ms
[2025-08-22T05:21:47.216+0000][1692007][info ][gc,cpu      ] GC(675) User=0.00s Sys=0.00s Real=0.01s
[2025-08-22T05:21:47.216+0000][1692007][info ][safepoint   ] Safepoint "G1PauseRemark", Time since last: 128472977 ns, Reaching safepoint: 5168 ns, Cleanup: 2944 ns, At safepoint: 3440515 ns, Total: 3448627 ns
[2025-08-22T05:21:47.216+0000][1692007][info ][gc,marking  ] GC(675) Concurrent Mark 127.690ms
[2025-08-22T05:21:47.216+0000][1692007][info ][gc,marking  ] GC(675) Concurrent Rebuild Remembered Sets and Scrub Regions
[2025-08-22T05:21:47.258+0000][1692007][info ][gc,marking  ] GC(675) Concurrent Rebuild Remembered Sets and Scrub Regions 41.033ms
[2025-08-22T05:21:47.258+0000][1692007][info ][gc,start    ] GC(675) Pause Cleanup
[2025-08-22T05:21:47.258+0000][1692007][info ][gc          ] GC(675) Pause Cleanup 94M->94M(512M) 0.053ms
[2025-08-22T05:21:47.258+0000][1692007][info ][gc,cpu      ] GC(675) User=0.00s Sys=0.00s Real=0.00s
[2025-08-22T05:21:47.258+0000][1692007][info ][safepoint   ] Safepoint "G1PauseCleanup", Time since last: 41085958 ns, Reaching safepoint: 4186 ns, Cleanup: 1402 ns, At safepoint: 90086 ns, Total: 95674 ns
[2025-08-22T05:21:47.258+0000][1692007][info ][gc,marking  ] GC(675) Concurrent Clear Claimed Marks
[2025-08-22T05:21:47.258+0000][1692007][info ][gc,marking  ] GC(675) Concurrent Clear Claimed Marks 0.151ms
[2025-08-22T05:21:47.258+0000][1692007][info ][gc,marking  ] GC(675) Concurrent Cleanup for Next Mark
[2025-08-22T05:21:47.271+0000][1692007][info ][gc,marking  ] GC(675) Concurrent Cleanup for Next Mark 12.761ms
[2025-08-22T05:21:47.271+0000][1692007][info ][gc          ] GC(675) Concurrent Mark Cycle 182.242ms
[2025-08-22T05:33:28.344+0000][1692007][info ][gc,start    ] GC(676) Pause Young (Normal) (G1 Evacuation Pause)
[2025-08-22T05:33:28.345+0000][1692007][info ][gc,task     ] GC(676) Using 1 workers of 1 for evacuation
[2025-08-22T05:33:28.345+0000][1692007][debug][gc,age      ] GC(676) Desired survivor size 20971520 bytes, new threshold 15 (max threshold 15)
[2025-08-22T05:33:28.347+0000][1692007][info ][gc,phases   ] GC(676)   Pre Evacuate Collection Set: 0.0ms
[2025-08-22T05:33:28.347+0000][1692007][info ][gc,phases   ] GC(676)   Merge Heap Roots: 0.0ms
[2025-08-22T05:33:28.347+0000][1692007][info ][gc,phases   ] GC(676)   Evacuate Collection Set: 1.5ms
[2025-08-22T05:33:28.347+0000][1692007][info ][gc,phases   ] GC(676)   Post Evacuate Collection Set: 0.8ms
[2025-08-22T05:33:28.347+0000][1692007][info ][gc,phases   ] GC(676)   Other: 0.0ms
[2025-08-22T05:33:28.347+0000][1692007][trace][gc,age      ] GC(676) Age table with threshold 15 (max threshold 15)
[2025-08-22T05:33:28.347+0000][1692007][trace][gc,age      ] GC(676) - age   1:       9240 bytes,       9240 total
[2025-08-22T05:33:28.347+0000][1692007][trace][gc,age      ] GC(676) - age   2:        352 bytes,       9592 total
[2025-08-22T05:33:28.347+0000][1692007][trace][gc,age      ] GC(676) - age   4:        176 bytes,       9768 total
[2025-08-22T05:33:28.347+0000][1692007][trace][gc,age      ] GC(676) - age   9:         48 bytes,       9816 total
[2025-08-22T05:33:28.347+0000][1692007][info ][gc,heap     ] GC(676) Eden regions: 75->0(75)
[2025-08-22T05:33:28.347+0000][1692007][info ][gc,heap     ] GC(676) Survivor regions: 1->1(10)
[2025-08-22T05:33:28.347+0000][1692007][info ][gc,heap     ] GC(676) Old regions: 24->24
[2025-08-22T05:33:28.347+0000][1692007][info ][gc,heap     ] GC(676) Humongous regions: 0->0
[2025-08-22T05:33:28.347+0000][1692007][info ][gc,metaspace] GC(676) Metaspace: 143280K(148288K)->143280K(148288K) NonClass: 124419K(127040K)->124419K(127040K) Class: 18861K(21248K)->18861K(21248K)
[2025-08-22T05:33:28.347+0000][1692007][info ][gc          ] GC(676) Pause Young (Normal) (G1 Evacuation Pause) 392M->92M(512M) 2.973ms
[2025-08-22T05:33:28.347+0000][1692007][info ][gc,cpu      ] GC(676) User=0.00s Sys=0.00s Real=0.01s
[2025-08-22T05:33:28.347+0000][1692007][info ][safepoint   ] Safepoint "G1CollectForAllocation", Time since last: 701086720521 ns, Reaching safepoint: 10266 ns, Cleanup: 2994 ns, At safepoint: 3004677 ns, Total: 3017937 ns
[2025-08-22T05:45:13.898+0000][1692007][info ][gc,start    ] GC(677) Pause Young (Concurrent Start) (G1 Evacuation Pause)
[2025-08-22T05:45:13.899+0000][1692007][info ][gc,task     ] GC(677) Using 1 workers of 1 for evacuation
[2025-08-22T05:45:13.899+0000][1692007][debug][gc,age      ] GC(677) Desired survivor size 20971520 bytes, new threshold 15 (max threshold 15)
[2025-08-22T05:45:13.901+0000][1692007][info ][gc,phases   ] GC(677)   Pre Evacuate Collection Set: 0.0ms
[2025-08-22T05:45:13.901+0000][1692007][info ][gc,phases   ] GC(677)   Merge Heap Roots: 0.0ms
[2025-08-22T05:45:13.901+0000][1692007][info ][gc,phases   ] GC(677)   Evacuate Collection Set: 1.2ms
[2025-08-22T05:45:13.901+0000][1692007][info ][gc,phases   ] GC(677)   Post Evacuate Collection Set: 0.8ms
[2025-08-22T05:45:13.901+0000][1692007][info ][gc,phases   ] GC(677)   Other: 0.0ms
[2025-08-22T05:45:13.901+0000][1692007][trace][gc,age      ] GC(677) Age table with threshold 15 (max threshold 15)
[2025-08-22T05:45:13.901+0000][1692007][trace][gc,age      ] GC(677) - age   1:      10200 bytes,      10200 total
[2025-08-22T05:45:13.901+0000][1692007][trace][gc,age      ] GC(677) - age   5:        176 bytes,      10376 total
[2025-08-22T05:45:13.901+0000][1692007][trace][gc,age      ] GC(677) - age  10:         48 bytes,      10424 total
[2025-08-22T05:45:13.901+0000][1692007][info ][gc,heap     ] GC(677) Eden regions: 75->0(75)
[2025-08-22T05:45:13.901+0000][1692007][info ][gc,heap     ] GC(677) Survivor regions: 1->1(10)
[2025-08-22T05:45:13.901+0000][1692007][info ][gc,heap     ] GC(677) Old regions: 24->24
[2025-08-22T05:45:13.901+0000][1692007][info ][gc,heap     ] GC(677) Humongous regions: 0->0
[2025-08-22T05:45:13.901+0000][1692007][info ][gc,metaspace] GC(677) Metaspace: 143280K(148288K)->143280K(148288K) NonClass: 124419K(127040K)->124419K(127040K) Class: 18861K(21248K)->18861K(21248K)
[2025-08-22T05:45:13.901+0000][1692007][info ][gc          ] GC(677) Pause Young (Concurrent Start) (G1 Evacuation Pause) 392M->92M(512M) 2.639ms
[2025-08-22T05:45:13.901+0000][1692007][info ][gc,cpu      ] GC(677) User=0.01s Sys=0.00s Real=0.00s
[2025-08-22T05:45:13.901+0000][1692007][info ][safepoint   ] Safepoint "G1CollectForAllocation", Time since last: 705550969765 ns, Reaching safepoint: 10326 ns, Cleanup: 3515 ns, At safepoint: 2677663 ns, Total: 2691504 ns
[2025-08-22T05:45:13.906+0000][1692007][info ][gc          ] GC(678) Concurrent Mark Cycle
[2025-08-22T05:45:13.906+0000][1692007][info ][gc,marking  ] GC(678) Concurrent Scan Root Regions
[2025-08-22T05:45:13.907+0000][1692007][info ][gc,marking  ] GC(678) Concurrent Scan Root Regions 1.026ms
[2025-08-22T05:45:13.907+0000][1692007][info ][gc,marking  ] GC(678) Concurrent Mark
[2025-08-22T05:45:13.907+0000][1692007][info ][gc,marking  ] GC(678) Concurrent Mark From Roots
[2025-08-22T05:45:13.907+0000][1692007][info ][gc,task     ] GC(678) Using 1 workers of 1 for marking
[2025-08-22T05:45:14.031+0000][1692007][info ][gc,marking  ] GC(678) Concurrent Mark From Roots 123.075ms
[2025-08-22T05:45:14.031+0000][1692007][info ][gc,marking  ] GC(678) Concurrent Preclean
[2025-08-22T05:45:14.031+0000][1692007][info ][gc,marking  ] GC(678) Concurrent Preclean 0.395ms
[2025-08-22T05:45:14.031+0000][1692007][info ][gc,start    ] GC(678) Pause Remark
[2025-08-22T05:45:14.034+0000][1692007][info ][gc          ] GC(678) Pause Remark 94M->94M(512M) 3.390ms
[2025-08-22T05:45:14.034+0000][1692007][info ][gc,cpu      ] GC(678) User=0.00s Sys=0.00s Real=0.00s
[2025-08-22T05:45:14.034+0000][1692007][info ][safepoint   ] Safepoint "G1PauseRemark", Time since last: 129885810 ns, Reaching safepoint: 4958 ns, Cleanup: 2974 ns, At safepoint: 3424030 ns, Total: 3431962 ns
[2025-08-22T05:45:14.034+0000][1692007][info ][gc,marking  ] GC(678) Concurrent Mark 126.974ms
[2025-08-22T05:45:14.034+0000][1692007][info ][gc,marking  ] GC(678) Concurrent Rebuild Remembered Sets and Scrub Regions
[2025-08-22T05:45:14.069+0000][1692007][info ][gc,marking  ] GC(678) Concurrent Rebuild Remembered Sets and Scrub Regions 34.500ms
[2025-08-22T05:45:14.069+0000][1692007][info ][gc,start    ] GC(678) Pause Cleanup
[2025-08-22T05:45:14.069+0000][1692007][info ][gc          ] GC(678) Pause Cleanup 94M->94M(512M) 0.031ms
[2025-08-22T05:45:14.069+0000][1692007][info ][gc,cpu      ] GC(678) User=0.00s Sys=0.00s Real=0.00s
[2025-08-22T05:45:14.069+0000][1692007][info ][safepoint   ] Safepoint "G1PauseCleanup", Time since last: 34543849 ns, Reaching safepoint: 4037 ns, Cleanup: 1121 ns, At safepoint: 50016 ns, Total: 55174 ns
[2025-08-22T05:45:14.069+0000][1692007][info ][gc,marking  ] GC(678) Concurrent Clear Claimed Marks
[2025-08-22T05:45:14.069+0000][1692007][info ][gc,marking  ] GC(678) Concurrent Clear Claimed Marks 0.135ms
[2025-08-22T05:45:14.069+0000][1692007][info ][gc,marking  ] GC(678) Concurrent Cleanup for Next Mark
[2025-08-22T05:45:14.082+0000][1692007][info ][gc,marking  ] GC(678) Concurrent Cleanup for Next Mark 12.475ms
[2025-08-22T05:45:14.082+0000][1692007][info ][gc          ] GC(678) Concurrent Mark Cycle 175.285ms
[2025-08-22T05:53:18.098+0000][1692007][info ][safepoint   ] Safepoint "Cleanup", Time since last: 484029006677 ns, Reaching safepoint: 67772 ns, Cleanup: 13100 ns, At safepoint: 5889 ns, Total: 86761 ns
[2025-08-22T05:56:59.408+0000][1692007][info ][gc,start    ] GC(679) Pause Young (Normal) (G1 Evacuation Pause)
[2025-08-22T05:56:59.408+0000][1692007][info ][gc,task     ] GC(679) Using 1 workers of 1 for evacuation
[2025-08-22T05:56:59.408+0000][1692007][debug][gc,age      ] GC(679) Desired survivor size 20971520 bytes, new threshold 15 (max threshold 15)
[2025-08-22T05:56:59.410+0000][1692007][info ][gc,phases   ] GC(679)   Pre Evacuate Collection Set: 0.0ms
[2025-08-22T05:56:59.410+0000][1692007][info ][gc,phases   ] GC(679)   Merge Heap Roots: 0.0ms
[2025-08-22T05:56:59.410+0000][1692007][info ][gc,phases   ] GC(679)   Evacuate Collection Set: 1.6ms
[2025-08-22T05:56:59.410+0000][1692007][info ][gc,phases   ] GC(679)   Post Evacuate Collection Set: 0.8ms
[2025-08-22T05:56:59.410+0000][1692007][info ][gc,phases   ] GC(679)   Other: 0.0ms
[2025-08-22T05:56:59.410+0000][1692007][trace][gc,age      ] GC(679) Age table with threshold 15 (max threshold 15)
[2025-08-22T05:56:59.410+0000][1692007][trace][gc,age      ] GC(679) - age   1:       9984 bytes,       9984 total
[2025-08-22T05:56:59.410+0000][1692007][trace][gc,age      ] GC(679) - age  11:         48 bytes,      10032 total
[2025-08-22T05:56:59.410+0000][1692007][info ][gc,heap     ] GC(679) Eden regions: 75->0(75)
[2025-08-22T05:56:59.410+0000][1692007][info ][gc,heap     ] GC(679) Survivor regions: 1->1(10)
[2025-08-22T05:56:59.410+0000][1692007][info ][gc,heap     ] GC(679) Old regions: 24->24
[2025-08-22T05:56:59.410+0000][1692007][info ][gc,heap     ] GC(679) Humongous regions: 0->0
[2025-08-22T05:56:59.410+0000][1692007][info ][gc,metaspace] GC(679) Metaspace: 143282K(148288K)->143282K(148288K) NonClass: 124420K(127040K)->124420K(127040K) Class: 18861K(21248K)->18861K(21248K)
[2025-08-22T05:56:59.410+0000][1692007][info ][gc          ] GC(679) Pause Young (Normal) (G1 Evacuation Pause) 392M->92M(512M) 2.966ms
[2025-08-22T05:56:59.410+0000][1692007][info ][gc,cpu      ] GC(679) User=0.00s Sys=0.00s Real=0.00s
[2025-08-22T05:56:59.410+0000][1692007][info ][safepoint   ] Safepoint "G1CollectForAllocation", Time since last: 221309402057 ns, Reaching safepoint: 8623 ns, Cleanup: 3085 ns, At safepoint: 2998597 ns, Total: 3010305 ns
[2025-08-22T06:08:43.929+0000][1692007][info ][gc,start    ] GC(680) Pause Young (Concurrent Start) (G1 Evacuation Pause)
[2025-08-22T06:08:43.929+0000][1692007][info ][gc,task     ] GC(680) Using 1 workers of 1 for evacuation
[2025-08-22T06:08:43.929+0000][1692007][debug][gc,age      ] GC(680) Desired survivor size 20971520 bytes, new threshold 15 (max threshold 15)
[2025-08-22T06:08:43.933+0000][1692007][info ][gc,phases   ] GC(680)   Pre Evacuate Collection Set: 0.0ms
[2025-08-22T06:08:43.933+0000][1692007][info ][gc,phases   ] GC(680)   Merge Heap Roots: 0.0ms
[2025-08-22T06:08:43.933+0000][1692007][info ][gc,phases   ] GC(680)   Evacuate Collection Set: 1.2ms
[2025-08-22T06:08:43.933+0000][1692007][info ][gc,phases   ] GC(680)   Post Evacuate Collection Set: 2.9ms
[2025-08-22T06:08:43.933+0000][1692007][info ][gc,phases   ] GC(680)   Other: 0.0ms
[2025-08-22T06:08:43.933+0000][1692007][trace][gc,age      ] GC(680) Age table with threshold 15 (max threshold 15)
[2025-08-22T06:08:43.933+0000][1692007][trace][gc,age      ] GC(680) - age   1:      11024 bytes,      11024 total
[2025-08-22T06:08:43.933+0000][1692007][trace][gc,age      ] GC(680) - age   2:        176 bytes,      11200 total
[2025-08-22T06:08:43.933+0000][1692007][trace][gc,age      ] GC(680) - age  12:         48 bytes,      11248 total
[2025-08-22T06:08:43.933+0000][1692007][info ][gc,heap     ] GC(680) Eden regions: 75->0(75)
[2025-08-22T06:08:43.933+0000][1692007][info ][gc,heap     ] GC(680) Survivor regions: 1->1(10)
[2025-08-22T06:08:43.933+0000][1692007][info ][gc,heap     ] GC(680) Old regions: 24->24
[2025-08-22T06:08:43.933+0000][1692007][info ][gc,heap     ] GC(680) Humongous regions: 0->0
[2025-08-22T06:08:43.933+0000][1692007][info ][gc,metaspace] GC(680) Metaspace: 143282K(148288K)->143282K(148288K) NonClass: 124420K(127040K)->124420K(127040K) Class: 18861K(21248K)->18861K(21248K)
[2025-08-22T06:08:43.933+0000][1692007][info ][gc          ] GC(680) Pause Young (Concurrent Start) (G1 Evacuation Pause) 392M->92M(512M) 4.442ms
[2025-08-22T06:08:43.933+0000][1692007][info ][gc,cpu      ] GC(680) User=0.00s Sys=0.00s Real=0.00s
[2025-08-22T06:08:43.933+0000][1692007][info ][safepoint   ] Safepoint "G1CollectForAllocation", Time since last: 704518147012 ns, Reaching safepoint: 7531 ns, Cleanup: 2484 ns, At safepoint: 4479424 ns, Total: 4489439 ns
[2025-08-22T06:08:43.939+0000][1692007][info ][gc          ] GC(681) Concurrent Mark Cycle
[2025-08-22T06:08:43.939+0000][1692007][info ][gc,marking  ] GC(681) Concurrent Scan Root Regions
[2025-08-22T06:08:43.940+0000][1692007][info ][gc,marking  ] GC(681) Concurrent Scan Root Regions 0.395ms
[2025-08-22T06:08:43.940+0000][1692007][info ][gc,marking  ] GC(681) Concurrent Mark
[2025-08-22T06:08:43.940+0000][1692007][info ][gc,marking  ] GC(681) Concurrent Mark From Roots
[2025-08-22T06:08:43.940+0000][1692007][info ][gc,task     ] GC(681) Using 1 workers of 1 for marking
[2025-08-22T06:08:44.061+0000][1692007][info ][gc,marking  ] GC(681) Concurrent Mark From Roots 121.187ms
[2025-08-22T06:08:44.061+0000][1692007][info ][gc,marking  ] GC(681) Concurrent Preclean
[2025-08-22T06:08:44.061+0000][1692007][info ][gc,marking  ] GC(681) Concurrent Preclean 0.390ms
[2025-08-22T06:08:44.061+0000][1692007][info ][gc,start    ] GC(681) Pause Remark
[2025-08-22T06:08:44.065+0000][1692007][info ][gc          ] GC(681) Pause Remark 93M->93M(512M) 3.373ms
[2025-08-22T06:08:44.065+0000][1692007][info ][gc,cpu      ] GC(681) User=0.00s Sys=0.00s Real=0.00s
[2025-08-22T06:08:44.065+0000][1692007][info ][safepoint   ] Safepoint "G1PauseRemark", Time since last: 128279967 ns, Reaching safepoint: 4957 ns, Cleanup: 2714 ns, At safepoint: 3412032 ns, Total: 3419703 ns
[2025-08-22T06:08:44.065+0000][1692007][info ][gc,marking  ] GC(681) Concurrent Mark 125.069ms
[2025-08-22T06:08:44.065+0000][1692007][info ][gc,marking  ] GC(681) Concurrent Rebuild Remembered Sets and Scrub Regions
[2025-08-22T06:08:44.105+0000][1692007][info ][gc,marking  ] GC(681) Concurrent Rebuild Remembered Sets and Scrub Regions 39.793ms
[2025-08-22T06:08:44.105+0000][1692007][info ][gc,start    ] GC(681) Pause Cleanup
[2025-08-22T06:08:44.105+0000][1692007][info ][gc          ] GC(681) Pause Cleanup 93M->93M(512M) 0.033ms
[2025-08-22T06:08:44.105+0000][1692007][info ][gc,cpu      ] GC(681) User=0.00s Sys=0.00s Real=0.00s
[2025-08-22T06:08:44.105+0000][1692007][info ][safepoint   ] Safepoint "G1PauseCleanup", Time since last: 39839836 ns, Reaching safepoint: 3706 ns, Cleanup: 1492 ns, At safepoint: 55374 ns, Total: 60572 ns
[2025-08-22T06:08:44.105+0000][1692007][info ][gc,marking  ] GC(681) Concurrent Clear Claimed Marks
[2025-08-22T06:08:44.105+0000][1692007][info ][gc,marking  ] GC(681) Concurrent Clear Claimed Marks 0.134ms
[2025-08-22T06:08:44.105+0000][1692007][info ][gc,marking  ] GC(681) Concurrent Cleanup for Next Mark
[2025-08-22T06:08:44.105+0000][1692007][info ][gc,marking  ] GC(681) Concurrent Cleanup for Next Mark 0.259ms
[2025-08-22T06:08:44.105+0000][1692007][info ][gc          ] GC(681) Concurrent Mark Cycle 165.782ms
[2025-08-22T06:17:19.076+0000][1692007][info ][safepoint   ] Safepoint "Cleanup", Time since last: 514971042891 ns, Reaching safepoint: 12489 ns, Cleanup: 5118 ns, At safepoint: 4406 ns, Total: 22013 ns
[2025-08-22T06:20:29.421+0000][1692007][info ][gc,start    ] GC(682) Pause Young (Normal) (G1 Evacuation Pause)
[2025-08-22T06:20:29.421+0000][1692007][info ][gc,task     ] GC(682) Using 1 workers of 1 for evacuation
[2025-08-22T06:20:29.421+0000][1692007][debug][gc,age      ] GC(682) Desired survivor size 20971520 bytes, new threshold 15 (max threshold 15)
[2025-08-22T06:20:29.424+0000][1692007][info ][gc,phases   ] GC(682)   Pre Evacuate Collection Set: 0.0ms
[2025-08-22T06:20:29.424+0000][1692007][info ][gc,phases   ] GC(682)   Merge Heap Roots: 0.0ms
[2025-08-22T06:20:29.424+0000][1692007][info ][gc,phases   ] GC(682)   Evacuate Collection Set: 1.6ms
[2025-08-22T06:20:29.424+0000][1692007][info ][gc,phases   ] GC(682)   Post Evacuate Collection Set: 1.0ms
[2025-08-22T06:20:29.424+0000][1692007][info ][gc,phases   ] GC(682)   Other: 0.0ms
[2025-08-22T06:20:29.424+0000][1692007][trace][gc,age      ] GC(682) Age table with threshold 15 (max threshold 15)
[2025-08-22T06:20:29.424+0000][1692007][trace][gc,age      ] GC(682) - age   1:      10504 bytes,      10504 total
[2025-08-22T06:20:29.424+0000][1692007][trace][gc,age      ] GC(682) - age   2:        352 bytes,      10856 total
[2025-08-22T06:20:29.424+0000][1692007][trace][gc,age      ] GC(682) - age   3:        176 bytes,      11032 total
[2025-08-22T06:20:29.424+0000][1692007][trace][gc,age      ] GC(682) - age  13:         48 bytes,      11080 total
[2025-08-22T06:20:29.424+0000][1692007][info ][gc,heap     ] GC(682) Eden regions: 75->0(75)
[2025-08-22T06:20:29.424+0000][1692007][info ][gc,heap     ] GC(682) Survivor regions: 1->1(10)
[2025-08-22T06:20:29.424+0000][1692007][info ][gc,heap     ] GC(682) Old regions: 24->24
[2025-08-22T06:20:29.424+0000][1692007][info ][gc,heap     ] GC(682) Humongous regions: 0->0
[2025-08-22T06:20:29.424+0000][1692007][info ][gc,metaspace] GC(682) Metaspace: 143282K(148288K)->143282K(148288K) NonClass: 124420K(127040K)->124420K(127040K) Class: 18861K(21248K)->18861K(21248K)
[2025-08-22T06:20:29.424+0000][1692007][info ][gc          ] GC(682) Pause Young (Normal) (G1 Evacuation Pause) 392M->92M(512M) 3.023ms
[2025-08-22T06:20:29.424+0000][1692007][info ][gc,cpu      ] GC(682) User=0.00s Sys=0.00s Real=0.00s
[2025-08-22T06:20:29.424+0000][1692007][info ][safepoint   ] Safepoint "G1CollectForAllocation", Time since last: 190345189889 ns, Reaching safepoint: 6951 ns, Cleanup: 2353 ns, At safepoint: 3056385 ns, Total: 3065689 ns
[2025-08-22T06:32:14.830+0000][1692007][info ][gc,start    ] GC(683) Pause Young (Concurrent Start) (G1 Evacuation Pause)
[2025-08-22T06:32:14.830+0000][1692007][info ][gc,task     ] GC(683) Using 1 workers of 1 for evacuation
[2025-08-22T06:32:14.830+0000][1692007][debug][gc,age      ] GC(683) Desired survivor size 20971520 bytes, new threshold 15 (max threshold 15)
[2025-08-22T06:32:14.832+0000][1692007][info ][gc,phases   ] GC(683)   Pre Evacuate Collection Set: 0.0ms
[2025-08-22T06:32:14.832+0000][1692007][info ][gc,phases   ] GC(683)   Merge Heap Roots: 0.0ms
[2025-08-22T06:32:14.832+0000][1692007][info ][gc,phases   ] GC(683)   Evacuate Collection Set: 1.2ms
[2025-08-22T06:32:14.832+0000][1692007][info ][gc,phases   ] GC(683)   Post Evacuate Collection Set: 1.0ms
[2025-08-22T06:32:14.832+0000][1692007][info ][gc,phases   ] GC(683)   Other: 0.0ms
[2025-08-22T06:32:14.832+0000][1692007][trace][gc,age      ] GC(683) Age table with threshold 15 (max threshold 15)
[2025-08-22T06:32:14.832+0000][1692007][trace][gc,age      ] GC(683) - age   1:      11024 bytes,      11024 total
[2025-08-22T06:32:14.832+0000][1692007][trace][gc,age      ] GC(683) - age   4:        176 bytes,      11200 total
[2025-08-22T06:32:14.832+0000][1692007][trace][gc,age      ] GC(683) - age  14:         48 bytes,      11248 total
[2025-08-22T06:32:14.832+0000][1692007][info ][gc,heap     ] GC(683) Eden regions: 75->0(75)
[2025-08-22T06:32:14.832+0000][1692007][info ][gc,heap     ] GC(683) Survivor regions: 1->1(10)
[2025-08-22T06:32:14.832+0000][1692007][info ][gc,heap     ] GC(683) Old regions: 24->24
[2025-08-22T06:32:14.832+0000][1692007][info ][gc,heap     ] GC(683) Humongous regions: 0->0
[2025-08-22T06:32:14.832+0000][1692007][info ][gc,metaspace] GC(683) Metaspace: 143282K(148288K)->143282K(148288K) NonClass: 124420K(127040K)->124420K(127040K) Class: 18861K(21248K)->18861K(21248K)
[2025-08-22T06:32:14.832+0000][1692007][info ][gc          ] GC(683) Pause Young (Concurrent Start) (G1 Evacuation Pause) 392M->92M(512M) 2.583ms
[2025-08-22T06:32:14.832+0000][1692007][info ][gc,cpu      ] GC(683) User=0.00s Sys=0.00s Real=0.00s
[2025-08-22T06:32:14.832+0000][1692007][info ][safepoint   ] Safepoint "G1CollectForAllocation", Time since last: 705405468898 ns, Reaching safepoint: 9404 ns, Cleanup: 2914 ns, At safepoint: 2629331 ns, Total: 2641649 ns
[2025-08-22T06:32:14.837+0000][1692007][info ][gc          ] GC(684) Concurrent Mark Cycle
[2025-08-22T06:32:14.837+0000][1692007][info ][gc,marking  ] GC(684) Concurrent Scan Root Regions
[2025-08-22T06:32:14.838+0000][1692007][info ][gc,marking  ] GC(684) Concurrent Scan Root Regions 0.385ms
[2025-08-22T06:32:14.838+0000][1692007][info ][gc,marking  ] GC(684) Concurrent Mark
[2025-08-22T06:32:14.838+0000][1692007][info ][gc,marking  ] GC(684) Concurrent Mark From Roots
[2025-08-22T06:32:14.838+0000][1692007][info ][gc,task     ] GC(684) Using 1 workers of 1 for marking
[2025-08-22T06:32:14.946+0000][1692007][info ][gc,marking  ] GC(684) Concurrent Mark From Roots 107.737ms
[2025-08-22T06:32:14.946+0000][1692007][info ][gc,marking  ] GC(684) Concurrent Preclean
[2025-08-22T06:32:14.946+0000][1692007][info ][gc,marking  ] GC(684) Concurrent Preclean 0.362ms
[2025-08-22T06:32:14.946+0000][1692007][info ][gc,start    ] GC(684) Pause Remark
[2025-08-22T06:32:14.949+0000][1692007][info ][gc          ] GC(684) Pause Remark 94M->94M(512M) 3.344ms
[2025-08-22T06:32:14.949+0000][1692007][info ][gc,cpu      ] GC(684) User=0.00s Sys=0.00s Real=0.00s
[2025-08-22T06:32:14.949+0000][1692007][info ][safepoint   ] Safepoint "G1PauseRemark", Time since last: 113774965 ns, Reaching safepoint: 3686 ns, Cleanup: 1823 ns, At safepoint: 3378100 ns, Total: 3383609 ns
[2025-08-22T06:32:14.949+0000][1692007][info ][gc,marking  ] GC(684) Concurrent Mark 111.555ms
[2025-08-22T06:32:14.949+0000][1692007][info ][gc,marking  ] GC(684) Concurrent Rebuild Remembered Sets and Scrub Regions
[2025-08-22T06:32:15.000+0000][1692007][info ][gc,marking  ] GC(684) Concurrent Rebuild Remembered Sets and Scrub Regions 50.940ms
[2025-08-22T06:32:15.000+0000][1692007][info ][gc,start    ] GC(684) Pause Cleanup
[2025-08-22T06:32:15.000+0000][1692007][info ][gc          ] GC(684) Pause Cleanup 94M->94M(512M) 0.041ms
[2025-08-22T06:32:15.000+0000][1692007][info ][gc,cpu      ] GC(684) User=0.00s Sys=0.00s Real=0.00s
[2025-08-22T06:32:15.000+0000][1692007][info ][safepoint   ] Safepoint "G1PauseCleanup", Time since last: 50990885 ns, Reaching safepoint: 4647 ns, Cleanup: 1562 ns, At safepoint: 64527 ns, Total: 70736 ns
[2025-08-22T06:32:15.000+0000][1692007][info ][gc,marking  ] GC(684) Concurrent Clear Claimed Marks
[2025-08-22T06:32:15.001+0000][1692007][info ][gc,marking  ] GC(684) Concurrent Clear Claimed Marks 0.152ms
[2025-08-22T06:32:15.001+0000][1692007][info ][gc,marking  ] GC(684) Concurrent Cleanup for Next Mark
[2025-08-22T06:32:15.011+0000][1692007][info ][gc,marking  ] GC(684) Concurrent Cleanup for Next Mark 10.769ms
[2025-08-22T06:32:15.011+0000][1692007][info ][gc          ] GC(684) Concurrent Mark Cycle 173.957ms
[2025-08-22T06:43:55.294+0000][1692007][info ][gc,start    ] GC(685) Pause Young (Normal) (G1 Evacuation Pause)
[2025-08-22T06:43:55.294+0000][1692007][info ][gc,task     ] GC(685) Using 1 workers of 1 for evacuation
[2025-08-22T06:43:55.294+0000][1692007][debug][gc,age      ] GC(685) Desired survivor size 20971520 bytes, new threshold 15 (max threshold 15)
[2025-08-22T06:43:55.297+0000][1692007][info ][gc,phases   ] GC(685)   Pre Evacuate Collection Set: 0.0ms
[2025-08-22T06:43:55.297+0000][1692007][info ][gc,phases   ] GC(685)   Merge Heap Roots: 0.1ms
[2025-08-22T06:43:55.297+0000][1692007][info ][gc,phases   ] GC(685)   Evacuate Collection Set: 1.6ms
[2025-08-22T06:43:55.297+0000][1692007][info ][gc,phases   ] GC(685)   Post Evacuate Collection Set: 1.2ms
[2025-08-22T06:43:55.297+0000][1692007][info ][gc,phases   ] GC(685)   Other: 0.0ms
[2025-08-22T06:43:55.297+0000][1692007][trace][gc,age      ] GC(685) Age table with threshold 15 (max threshold 15)
[2025-08-22T06:43:55.297+0000][1692007][trace][gc,age      ] GC(685) - age   1:      11024 bytes,      11024 total
[2025-08-22T06:43:55.297+0000][1692007][trace][gc,age      ] GC(685) - age   5:        176 bytes,      11200 total
[2025-08-22T06:43:55.297+0000][1692007][trace][gc,age      ] GC(685) - age  15:         48 bytes,      11248 total
[2025-08-22T06:43:55.297+0000][1692007][info ][gc,heap     ] GC(685) Eden regions: 75->0(75)
[2025-08-22T06:43:55.297+0000][1692007][info ][gc,heap     ] GC(685) Survivor regions: 1->1(10)
[2025-08-22T06:43:55.297+0000][1692007][info ][gc,heap     ] GC(685) Old regions: 24->24
[2025-08-22T06:43:55.297+0000][1692007][info ][gc,heap     ] GC(685) Humongous regions: 0->0
[2025-08-22T06:43:55.297+0000][1692007][info ][gc,metaspace] GC(685) Metaspace: 143282K(148288K)->143282K(148288K) NonClass: 124420K(127040K)->124420K(127040K) Class: 18861K(21248K)->18861K(21248K)
[2025-08-22T06:43:55.297+0000][1692007][info ][gc          ] GC(685) Pause Young (Normal) (G1 Evacuation Pause) 392M->92M(512M) 3.145ms
[2025-08-22T06:43:55.297+0000][1692007][info ][gc,cpu      ] GC(685) User=0.00s Sys=0.00s Real=0.01s
[2025-08-22T06:43:55.297+0000][1692007][info ][safepoint   ] Safepoint "G1CollectForAllocation", Time since last: 700293125901 ns, Reaching safepoint: 7432 ns, Cleanup: 2714 ns, At safepoint: 3178860 ns, Total: 3189006 ns
[2025-08-22T06:55:40.862+0000][1692007][info ][gc,start    ] GC(686) Pause Young (Concurrent Start) (G1 Evacuation Pause)
[2025-08-22T06:55:40.862+0000][1692007][info ][gc,task     ] GC(686) Using 1 workers of 1 for evacuation
[2025-08-22T06:55:40.862+0000][1692007][debug][gc,age      ] GC(686) Desired survivor size 20971520 bytes, new threshold 15 (max threshold 15)
[2025-08-22T06:55:40.864+0000][1692007][info ][gc,phases   ] GC(686)   Pre Evacuate Collection Set: 0.1ms
[2025-08-22T06:55:40.864+0000][1692007][info ][gc,phases   ] GC(686)   Merge Heap Roots: 0.0ms
[2025-08-22T06:55:40.864+0000][1692007][info ][gc,phases   ] GC(686)   Evacuate Collection Set: 1.2ms
[2025-08-22T06:55:40.864+0000][1692007][info ][gc,phases   ] GC(686)   Post Evacuate Collection Set: 1.1ms
[2025-08-22T06:55:40.864+0000][1692007][info ][gc,phases   ] GC(686)   Other: 0.3ms
[2025-08-22T06:55:40.864+0000][1692007][trace][gc,age      ] GC(686) Age table with threshold 15 (max threshold 15)
[2025-08-22T06:55:40.864+0000][1692007][trace][gc,age      ] GC(686) - age   1:      11032 bytes,      11032 total
[2025-08-22T06:55:40.864+0000][1692007][info ][gc,heap     ] GC(686) Eden regions: 75->0(75)
[2025-08-22T06:55:40.864+0000][1692007][info ][gc,heap     ] GC(686) Survivor regions: 1->1(10)
[2025-08-22T06:55:40.864+0000][1692007][info ][gc,heap     ] GC(686) Old regions: 24->24
[2025-08-22T06:55:40.864+0000][1692007][info ][gc,heap     ] GC(686) Humongous regions: 0->0
[2025-08-22T06:55:40.864+0000][1692007][info ][gc,metaspace] GC(686) Metaspace: 143282K(148288K)->143282K(148288K) NonClass: 124420K(127040K)->124420K(127040K) Class: 18861K(21248K)->18861K(21248K)
[2025-08-22T06:55:40.864+0000][1692007][info ][gc          ] GC(686) Pause Young (Concurrent Start) (G1 Evacuation Pause) 392M->92M(512M) 2.807ms
[2025-08-22T06:55:40.864+0000][1692007][info ][gc,cpu      ] GC(686) User=0.00s Sys=0.00s Real=0.00s
[2025-08-22T06:55:40.864+0000][1692007][info ][safepoint   ] Safepoint "G1CollectForAllocation", Time since last: 705564847894 ns, Reaching safepoint: 5027 ns, Cleanup: 2364 ns, At safepoint: 2842983 ns, Total: 2850374 ns
[2025-08-22T06:55:40.869+0000][1692007][info ][gc          ] GC(687) Concurrent Mark Cycle
[2025-08-22T06:55:40.869+0000][1692007][info ][gc,marking  ] GC(687) Concurrent Scan Root Regions
[2025-08-22T06:55:40.870+0000][1692007][info ][gc,marking  ] GC(687) Concurrent Scan Root Regions 0.389ms
[2025-08-22T06:55:40.870+0000][1692007][info ][gc,marking  ] GC(687) Concurrent Mark
[2025-08-22T06:55:40.870+0000][1692007][info ][gc,marking  ] GC(687) Concurrent Mark From Roots
[2025-08-22T06:55:40.870+0000][1692007][info ][gc,task     ] GC(687) Using 1 workers of 1 for marking
[2025-08-22T06:55:40.979+0000][1692007][info ][gc,marking  ] GC(687) Concurrent Mark From Roots 109.564ms
[2025-08-22T06:55:40.979+0000][1692007][info ][gc,marking  ] GC(687) Concurrent Preclean
[2025-08-22T06:55:40.980+0000][1692007][info ][gc,marking  ] GC(687) Concurrent Preclean 0.364ms
[2025-08-22T06:55:40.980+0000][1692007][info ][gc,start    ] GC(687) Pause Remark
[2025-08-22T06:55:40.983+0000][1692007][info ][gc          ] GC(687) Pause Remark 92M->92M(512M) 3.380ms
[2025-08-22T06:55:40.983+0000][1692007][info ][gc,cpu      ] GC(687) User=0.00s Sys=0.00s Real=0.00s
[2025-08-22T06:55:40.983+0000][1692007][info ][safepoint   ] Safepoint "G1PauseRemark", Time since last: 115370454 ns, Reaching safepoint: 4778 ns, Cleanup: 3014 ns, At safepoint: 3417901 ns, Total: 3425693 ns
[2025-08-22T06:55:40.983+0000][1692007][info ][gc,marking  ] GC(687) Concurrent Mark 113.435ms
[2025-08-22T06:55:40.983+0000][1692007][info ][gc,marking  ] GC(687) Concurrent Rebuild Remembered Sets and Scrub Regions
[2025-08-22T06:55:41.022+0000][1692007][info ][gc,marking  ] GC(687) Concurrent Rebuild Remembered Sets and Scrub Regions 38.386ms
[2025-08-22T06:55:41.022+0000][1692007][info ][gc,start    ] GC(687) Pause Cleanup
[2025-08-22T06:55:41.022+0000][1692007][info ][gc          ] GC(687) Pause Cleanup 92M->92M(512M) 0.035ms
[2025-08-22T06:55:41.022+0000][1692007][info ][gc,cpu      ] GC(687) User=0.00s Sys=0.00s Real=0.00s
[2025-08-22T06:55:41.022+0000][1692007][info ][safepoint   ] Safepoint "G1PauseCleanup", Time since last: 38437700 ns, Reaching safepoint: 3946 ns, Cleanup: 901 ns, At safepoint: 56075 ns, Total: 60922 ns
[2025-08-22T06:55:41.022+0000][1692007][info ][gc,marking  ] GC(687) Concurrent Clear Claimed Marks
[2025-08-22T06:55:41.022+0000][1692007][info ][gc,marking  ] GC(687) Concurrent Clear Claimed Marks 0.142ms
[2025-08-22T06:55:41.022+0000][1692007][info ][gc,marking  ] GC(687) Concurrent Cleanup for Next Mark
[2025-08-22T06:55:41.035+0000][1692007][info ][gc,marking  ] GC(687) Concurrent Cleanup for Next Mark 12.760ms
[2025-08-22T06:55:41.035+0000][1692007][info ][gc          ] GC(687) Concurrent Mark Cycle 165.254ms
[2025-08-22T07:07:26.490+0000][1692007][info ][gc,start    ] GC(688) Pause Young (Normal) (G1 Evacuation Pause)
[2025-08-22T07:07:26.490+0000][1692007][info ][gc,task     ] GC(688) Using 1 workers of 1 for evacuation
[2025-08-22T07:07:26.490+0000][1692007][debug][gc,age      ] GC(688) Desired survivor size 20971520 bytes, new threshold 15 (max threshold 15)
[2025-08-22T07:07:26.494+0000][1692007][info ][gc,phases   ] GC(688)   Pre Evacuate Collection Set: 0.0ms
[2025-08-22T07:07:26.494+0000][1692007][info ][gc,phases   ] GC(688)   Merge Heap Roots: 0.0ms
[2025-08-22T07:07:26.494+0000][1692007][info ][gc,phases   ] GC(688)   Evacuate Collection Set: 1.6ms
[2025-08-22T07:07:26.494+0000][1692007][info ][gc,phases   ] GC(688)   Post Evacuate Collection Set: 2.3ms
[2025-08-22T07:07:26.494+0000][1692007][info ][gc,phases   ] GC(688)   Other: 0.0ms
[2025-08-22T07:07:26.494+0000][1692007][trace][gc,age      ] GC(688) Age table with threshold 15 (max threshold 15)
[2025-08-22T07:07:26.494+0000][1692007][trace][gc,age      ] GC(688) - age   1:      11048 bytes,      11048 total
[2025-08-22T07:07:26.494+0000][1692007][trace][gc,age      ] GC(688) - age   2:        176 bytes,      11224 total
[2025-08-22T07:07:26.494+0000][1692007][info ][gc,heap     ] GC(688) Eden regions: 75->0(75)
[2025-08-22T07:07:26.494+0000][1692007][info ][gc,heap     ] GC(688) Survivor regions: 1->1(10)
[2025-08-22T07:07:26.494+0000][1692007][info ][gc,heap     ] GC(688) Old regions: 24->24
[2025-08-22T07:07:26.494+0000][1692007][info ][gc,heap     ] GC(688) Humongous regions: 0->0
[2025-08-22T07:07:26.494+0000][1692007][info ][gc,metaspace] GC(688) Metaspace: 143282K(148288K)->143282K(148288K) NonClass: 124420K(127040K)->124420K(127040K) Class: 18861K(21248K)->18861K(21248K)
[2025-08-22T07:07:26.494+0000][1692007][info ][gc          ] GC(688) Pause Young (Normal) (G1 Evacuation Pause) 392M->92M(512M) 4.188ms
[2025-08-22T07:07:26.494+0000][1692007][info ][gc,cpu      ] GC(688) User=0.00s Sys=0.00s Real=0.00s
[2025-08-22T07:07:26.494+0000][1692007][info ][safepoint   ] Safepoint "G1CollectForAllocation", Time since last: 705467944774 ns, Reaching safepoint: 7451 ns, Cleanup: 2424 ns, At safepoint: 4226352 ns, Total: 4236227 ns
[2025-08-22T07:19:12.103+0000][1692007][info ][gc,start    ] GC(689) Pause Young (Concurrent Start) (G1 Evacuation Pause)
[2025-08-22T07:19:12.103+0000][1692007][info ][gc,task     ] GC(689) Using 1 workers of 1 for evacuation
[2025-08-22T07:19:12.103+0000][1692007][debug][gc,age      ] GC(689) Desired survivor size 20971520 bytes, new threshold 15 (max threshold 15)
[2025-08-22T07:19:12.106+0000][1692007][info ][gc,phases   ] GC(689)   Pre Evacuate Collection Set: 0.1ms
[2025-08-22T07:19:12.106+0000][1692007][info ][gc,phases   ] GC(689)   Merge Heap Roots: 0.0ms
[2025-08-22T07:19:12.106+0000][1692007][info ][gc,phases   ] GC(689)   Evacuate Collection Set: 1.9ms
[2025-08-22T07:19:12.106+0000][1692007][info ][gc,phases   ] GC(689)   Post Evacuate Collection Set: 1.1ms
[2025-08-22T07:19:12.106+0000][1692007][info ][gc,phases   ] GC(689)   Other: 0.0ms
[2025-08-22T07:19:12.106+0000][1692007][trace][gc,age      ] GC(689) Age table with threshold 15 (max threshold 15)
[2025-08-22T07:19:12.106+0000][1692007][trace][gc,age      ] GC(689) - age   1:      10616 bytes,      10616 total
[2025-08-22T07:19:12.106+0000][1692007][trace][gc,age      ] GC(689) - age   2:        352 bytes,      10968 total
[2025-08-22T07:19:12.106+0000][1692007][trace][gc,age      ] GC(689) - age   3:        176 bytes,      11144 total
[2025-08-22T07:19:12.106+0000][1692007][info ][gc,heap     ] GC(689) Eden regions: 75->0(75)
[2025-08-22T07:19:12.106+0000][1692007][info ][gc,heap     ] GC(689) Survivor regions: 1->1(10)
[2025-08-22T07:19:12.106+0000][1692007][info ][gc,heap     ] GC(689) Old regions: 24->24
[2025-08-22T07:19:12.106+0000][1692007][info ][gc,heap     ] GC(689) Humongous regions: 0->0
[2025-08-22T07:19:12.106+0000][1692007][info ][gc,metaspace] GC(689) Metaspace: 143282K(148288K)->143282K(148288K) NonClass: 124420K(127040K)->124420K(127040K) Class: 18861K(21248K)->18861K(21248K)
[2025-08-22T07:19:12.106+0000][1692007][info ][gc          ] GC(689) Pause Young (Concurrent Start) (G1 Evacuation Pause) 392M->92M(512M) 3.386ms
[2025-08-22T07:19:12.106+0000][1692007][info ][gc,cpu      ] GC(689) User=0.00s Sys=0.00s Real=0.01s
[2025-08-22T07:19:12.106+0000][1692007][info ][safepoint   ] Safepoint "G1CollectForAllocation", Time since last: 705608957005 ns, Reaching safepoint: 7301 ns, Cleanup: 2574 ns, At safepoint: 3422718 ns, Total: 3432593 ns
[2025-08-22T07:19:12.106+0000][1692007][info ][gc          ] GC(690) Concurrent Mark Cycle
[2025-08-22T07:19:12.106+0000][1692007][info ][gc,marking  ] GC(690) Concurrent Scan Root Regions
[2025-08-22T07:19:12.110+0000][1692007][info ][gc,marking  ] GC(690) Concurrent Scan Root Regions 4.087ms
[2025-08-22T07:19:12.110+0000][1692007][info ][gc,marking  ] GC(690) Concurrent Mark
[2025-08-22T07:19:12.110+0000][1692007][info ][gc,marking  ] GC(690) Concurrent Mark From Roots
[2025-08-22T07:19:12.110+0000][1692007][info ][gc,task     ] GC(690) Using 1 workers of 1 for marking
[2025-08-22T07:19:12.296+0000][1692007][info ][gc,marking  ] GC(690) Concurrent Mark From Roots 185.798ms
[2025-08-22T07:19:12.296+0000][1692007][info ][gc,marking  ] GC(690) Concurrent Preclean
[2025-08-22T07:19:12.297+0000][1692007][info ][gc,marking  ] GC(690) Concurrent Preclean 0.403ms
[2025-08-22T07:19:12.297+0000][1692007][info ][gc,start    ] GC(690) Pause Remark
[2025-08-22T07:19:12.300+0000][1692007][info ][gc          ] GC(690) Pause Remark 94M->94M(512M) 3.246ms
[2025-08-22T07:19:12.300+0000][1692007][info ][gc,cpu      ] GC(690) User=0.00s Sys=0.00s Real=0.00s
[2025-08-22T07:19:12.300+0000][1692007][info ][safepoint   ] Safepoint "G1PauseRemark", Time since last: 190374485 ns, Reaching safepoint: 4817 ns, Cleanup: 2895 ns, At safepoint: 3275746 ns, Total: 3283458 ns
[2025-08-22T07:19:12.300+0000][1692007][info ][gc,marking  ] GC(690) Concurrent Mark 189.548ms
[2025-08-22T07:19:12.300+0000][1692007][info ][gc,marking  ] GC(690) Concurrent Rebuild Remembered Sets and Scrub Regions
[2025-08-22T07:19:12.389+0000][1692007][info ][gc,marking  ] GC(690) Concurrent Rebuild Remembered Sets and Scrub Regions 88.958ms
[2025-08-22T07:19:12.389+0000][1692007][info ][gc,start    ] GC(690) Pause Cleanup
[2025-08-22T07:19:12.389+0000][1692007][info ][gc          ] GC(690) Pause Cleanup 94M->94M(512M) 0.041ms
[2025-08-22T07:19:12.389+0000][1692007][info ][gc,cpu      ] GC(690) User=0.00s Sys=0.00s Real=0.00s
[2025-08-22T07:19:12.389+0000][1692007][info ][safepoint   ] Safepoint "G1PauseCleanup", Time since last: 89019965 ns, Reaching safepoint: 4427 ns, Cleanup: 2313 ns, At safepoint: 68173 ns, Total: 74913 ns
[2025-08-22T07:19:12.389+0000][1692007][info ][gc,marking  ] GC(690) Concurrent Clear Claimed Marks
[2025-08-22T07:19:12.389+0000][1692007][info ][gc,marking  ] GC(690) Concurrent Clear Claimed Marks 0.187ms
[2025-08-22T07:19:12.389+0000][1692007][info ][gc,marking  ] GC(690) Concurrent Cleanup for Next Mark
[2025-08-22T07:19:12.389+0000][1692007][info ][gc,marking  ] GC(690) Concurrent Cleanup for Next Mark 0.249ms
[2025-08-22T07:19:12.389+0000][1692007][info ][gc          ] GC(690) Concurrent Mark Cycle 283.191ms
[2025-08-22T07:30:54.594+0000][1692007][info ][gc,start    ] GC(691) Pause Young (Normal) (G1 Evacuation Pause)
[2025-08-22T07:30:54.594+0000][1692007][info ][gc,task     ] GC(691) Using 1 workers of 1 for evacuation
[2025-08-22T07:30:54.594+0000][1692007][debug][gc,age      ] GC(691) Desired survivor size 20971520 bytes, new threshold 15 (max threshold 15)
[2025-08-22T07:30:54.596+0000][1692007][info ][gc,phases   ] GC(691)   Pre Evacuate Collection Set: 0.0ms
[2025-08-22T07:30:54.596+0000][1692007][info ][gc,phases   ] GC(691)   Merge Heap Roots: 0.0ms
[2025-08-22T07:30:54.596+0000][1692007][info ][gc,phases   ] GC(691)   Evacuate Collection Set: 1.6ms
[2025-08-22T07:30:54.596+0000][1692007][info ][gc,phases   ] GC(691)   Post Evacuate Collection Set: 0.8ms
[2025-08-22T07:30:54.596+0000][1692007][info ][gc,phases   ] GC(691)   Other: 0.0ms
[2025-08-22T07:30:54.596+0000][1692007][trace][gc,age      ] GC(691) Age table with threshold 15 (max threshold 15)
[2025-08-22T07:30:54.596+0000][1692007][trace][gc,age      ] GC(691) - age   1:       9200 bytes,       9200 total
[2025-08-22T07:30:54.596+0000][1692007][trace][gc,age      ] GC(691) - age   4:        176 bytes,       9376 total
[2025-08-22T07:30:54.596+0000][1692007][info ][gc,heap     ] GC(691) Eden regions: 75->0(75)
[2025-08-22T07:30:54.596+0000][1692007][info ][gc,heap     ] GC(691) Survivor regions: 1->1(10)
[2025-08-22T07:30:54.596+0000][1692007][info ][gc,heap     ] GC(691) Old regions: 24->24
[2025-08-22T07:30:54.596+0000][1692007][info ][gc,heap     ] GC(691) Humongous regions: 0->0
[2025-08-22T07:30:54.596+0000][1692007][info ][gc,metaspace] GC(691) Metaspace: 143282K(148288K)->143282K(148288K) NonClass: 124420K(127040K)->124420K(127040K) Class: 18861K(21248K)->18861K(21248K)
[2025-08-22T07:30:54.596+0000][1692007][info ][gc          ] GC(691) Pause Young (Normal) (G1 Evacuation Pause) 392M->92M(512M) 2.835ms
[2025-08-22T07:30:54.596+0000][1692007][info ][gc,cpu      ] GC(691) User=0.01s Sys=0.00s Real=0.01s
[2025-08-22T07:30:54.596+0000][1692007][info ][safepoint   ] Safepoint "G1CollectForAllocation", Time since last: 702204538758 ns, Reaching safepoint: 7161 ns, Cleanup: 3024 ns, At safepoint: 2872908 ns, Total: 2883093 ns
[2025-08-22T07:42:37.973+0000][1692007][info ][gc,start    ] GC(692) Pause Young (Concurrent Start) (G1 Evacuation Pause)
[2025-08-22T07:42:37.973+0000][1692007][info ][gc,task     ] GC(692) Using 1 workers of 1 for evacuation
[2025-08-22T07:42:37.973+0000][1692007][debug][gc,age      ] GC(692) Desired survivor size 20971520 bytes, new threshold 15 (max threshold 15)
[2025-08-22T07:42:37.976+0000][1692007][info ][gc,phases   ] GC(692)   Pre Evacuate Collection Set: 0.0ms
[2025-08-22T07:42:37.976+0000][1692007][info ][gc,phases   ] GC(692)   Merge Heap Roots: 0.0ms
[2025-08-22T07:42:37.976+0000][1692007][info ][gc,phases   ] GC(692)   Evacuate Collection Set: 1.2ms
[2025-08-22T07:42:37.976+0000][1692007][info ][gc,phases   ] GC(692)   Post Evacuate Collection Set: 1.0ms
[2025-08-22T07:42:37.976+0000][1692007][info ][gc,phases   ] GC(692)   Other: 0.0ms
[2025-08-22T07:42:37.976+0000][1692007][trace][gc,age      ] GC(692) Age table with threshold 15 (max threshold 15)
[2025-08-22T07:42:37.976+0000][1692007][trace][gc,age      ] GC(692) - age   1:      21400 bytes,      21400 total
[2025-08-22T07:42:37.976+0000][1692007][trace][gc,age      ] GC(692) - age   5:        176 bytes,      21576 total
[2025-08-22T07:42:37.976+0000][1692007][info ][gc,heap     ] GC(692) Eden regions: 75->0(75)
[2025-08-22T07:42:37.976+0000][1692007][info ][gc,heap     ] GC(692) Survivor regions: 1->1(10)
[2025-08-22T07:42:37.976+0000][1692007][info ][gc,heap     ] GC(692) Old regions: 24->24
[2025-08-22T07:42:37.976+0000][1692007][info ][gc,heap     ] GC(692) Humongous regions: 0->0
[2025-08-22T07:42:37.976+0000][1692007][info ][gc,metaspace] GC(692) Metaspace: 143283K(148288K)->143283K(148288K) NonClass: 124422K(127040K)->124422K(127040K) Class: 18861K(21248K)->18861K(21248K)
[2025-08-22T07:42:37.976+0000][1692007][info ][gc          ] GC(692) Pause Young (Concurrent Start) (G1 Evacuation Pause) 392M->92M(512M) 2.581ms
[2025-08-22T07:42:37.976+0000][1692007][info ][gc,cpu      ] GC(692) User=0.01s Sys=0.00s Real=0.01s
[2025-08-22T07:42:37.976+0000][1692007][info ][safepoint   ] Safepoint "G1CollectForAllocation", Time since last: 703376853049 ns, Reaching safepoint: 7020 ns, Cleanup: 2213 ns, At safepoint: 2617493 ns, Total: 2626726 ns
[2025-08-22T07:42:37.979+0000][1692007][info ][gc          ] GC(693) Concurrent Mark Cycle
[2025-08-22T07:42:37.979+0000][1692007][info ][gc,marking  ] GC(693) Concurrent Scan Root Regions
[2025-08-22T07:42:37.980+0000][1692007][info ][gc,marking  ] GC(693) Concurrent Scan Root Regions 0.446ms
[2025-08-22T07:42:37.980+0000][1692007][info ][gc,marking  ] GC(693) Concurrent Mark
[2025-08-22T07:42:37.980+0000][1692007][info ][gc,marking  ] GC(693) Concurrent Mark From Roots
[2025-08-22T07:42:37.980+0000][1692007][info ][gc,task     ] GC(693) Using 1 workers of 1 for marking
[2025-08-22T07:42:38.161+0000][1692007][info ][gc,marking  ] GC(693) Concurrent Mark From Roots 180.797ms
[2025-08-22T07:42:38.161+0000][1692007][info ][gc,marking  ] GC(693) Concurrent Preclean
[2025-08-22T07:42:38.161+0000][1692007][info ][gc,marking  ] GC(693) Concurrent Preclean 0.403ms
[2025-08-22T07:42:38.161+0000][1692007][info ][gc,start    ] GC(693) Pause Remark
[2025-08-22T07:42:38.165+0000][1692007][info ][gc          ] GC(693) Pause Remark 94M->94M(512M) 3.988ms
[2025-08-22T07:42:38.165+0000][1692007][info ][gc,cpu      ] GC(693) User=0.01s Sys=0.00s Real=0.00s
[2025-08-22T07:42:38.165+0000][1692007][info ][safepoint   ] Safepoint "G1PauseRemark", Time since last: 185182289 ns, Reaching safepoint: 5158 ns, Cleanup: 2754 ns, At safepoint: 4029594 ns, Total: 4037506 ns
[2025-08-22T07:42:38.165+0000][1692007][info ][gc,marking  ] GC(693) Concurrent Mark 185.306ms
[2025-08-22T07:42:38.165+0000][1692007][info ][gc,marking  ] GC(693) Concurrent Rebuild Remembered Sets and Scrub Regions
[2025-08-22T07:42:38.222+0000][1692007][info ][gc,marking  ] GC(693) Concurrent Rebuild Remembered Sets and Scrub Regions 56.954ms
[2025-08-22T07:42:38.222+0000][1692007][info ][gc,start    ] GC(693) Pause Cleanup
[2025-08-22T07:42:38.222+0000][1692007][info ][gc          ] GC(693) Pause Cleanup 94M->94M(512M) 0.040ms
[2025-08-22T07:42:38.222+0000][1692007][info ][gc,cpu      ] GC(693) User=0.00s Sys=0.00s Real=0.00s
[2025-08-22T07:42:38.222+0000][1692007][info ][safepoint   ] Safepoint "G1PauseCleanup", Time since last: 57008581 ns, Reaching safepoint: 4086 ns, Cleanup: 1613 ns, At safepoint: 63265 ns, Total: 68964 ns
[2025-08-22T07:42:38.222+0000][1692007][info ][gc,marking  ] GC(693) Concurrent Clear Claimed Marks
[2025-08-22T07:42:38.222+0000][1692007][info ][gc,marking  ] GC(693) Concurrent Clear Claimed Marks 0.165ms
[2025-08-22T07:42:38.222+0000][1692007][info ][gc,marking  ] GC(693) Concurrent Cleanup for Next Mark
[2025-08-22T07:42:38.237+0000][1692007][info ][gc,marking  ] GC(693) Concurrent Cleanup for Next Mark 14.749ms
[2025-08-22T07:42:38.237+0000][1692007][info ][gc          ] GC(693) Concurrent Mark Cycle 257.785ms
[2025-08-22T07:54:23.417+0000][1692007][info ][gc,start    ] GC(694) Pause Young (Normal) (G1 Evacuation Pause)
[2025-08-22T07:54:23.417+0000][1692007][info ][gc,task     ] GC(694) Using 1 workers of 1 for evacuation
[2025-08-22T07:54:23.417+0000][1692007][debug][gc,age      ] GC(694) Desired survivor size 20971520 bytes, new threshold 15 (max threshold 15)
[2025-08-22T07:54:23.420+0000][1692007][info ][gc,phases   ] GC(694)   Pre Evacuate Collection Set: 0.0ms
[2025-08-22T07:54:23.420+0000][1692007][info ][gc,phases   ] GC(694)   Merge Heap Roots: 0.0ms
[2025-08-22T07:54:23.420+0000][1692007][info ][gc,phases   ] GC(694)   Evacuate Collection Set: 1.9ms
[2025-08-22T07:54:23.420+0000][1692007][info ][gc,phases   ] GC(694)   Post Evacuate Collection Set: 1.4ms
[2025-08-22T07:54:23.420+0000][1692007][info ][gc,phases   ] GC(694)   Other: 0.0ms
[2025-08-22T07:54:23.420+0000][1692007][trace][gc,age      ] GC(694) Age table with threshold 15 (max threshold 15)
[2025-08-22T07:54:23.420+0000][1692007][trace][gc,age      ] GC(694) - age   1:       9864 bytes,       9864 total
[2025-08-22T07:54:23.420+0000][1692007][trace][gc,age      ] GC(694) - age   2:       1920 bytes,      11784 total
[2025-08-22T07:54:23.420+0000][1692007][info ][gc,heap     ] GC(694) Eden regions: 75->0(75)
[2025-08-22T07:54:23.420+0000][1692007][info ][gc,heap     ] GC(694) Survivor regions: 1->1(10)
[2025-08-22T07:54:23.420+0000][1692007][info ][gc,heap     ] GC(694) Old regions: 24->24
[2025-08-22T07:54:23.420+0000][1692007][info ][gc,heap     ] GC(694) Humongous regions: 0->0
[2025-08-22T07:54:23.420+0000][1692007][info ][gc,metaspace] GC(694) Metaspace: 143283K(148288K)->143283K(148288K) NonClass: 124422K(127040K)->124422K(127040K) Class: 18861K(21248K)->18861K(21248K)
[2025-08-22T07:54:23.420+0000][1692007][info ][gc          ] GC(694) Pause Young (Normal) (G1 Evacuation Pause) 392M->92M(512M) 3.660ms
[2025-08-22T07:54:23.420+0000][1692007][info ][gc,cpu      ] GC(694) User=0.00s Sys=0.00s Real=0.00s
[2025-08-22T07:54:23.420+0000][1692007][info ][safepoint   ] Safepoint "G1CollectForAllocation", Time since last: 705194337305 ns, Reaching safepoint: 8723 ns, Cleanup: 2394 ns, At safepoint: 3694458 ns, Total: 3705575 ns
[2025-08-22T08:06:08.882+0000][1692007][info ][gc,start    ] GC(695) Pause Young (Concurrent Start) (G1 Evacuation Pause)
[2025-08-22T08:06:08.882+0000][1692007][info ][gc,task     ] GC(695) Using 1 workers of 1 for evacuation
[2025-08-22T08:06:08.882+0000][1692007][debug][gc,age      ] GC(695) Desired survivor size 20971520 bytes, new threshold 15 (max threshold 15)
[2025-08-22T08:06:08.884+0000][1692007][info ][gc,phases   ] GC(695)   Pre Evacuate Collection Set: 0.1ms
[2025-08-22T08:06:08.884+0000][1692007][info ][gc,phases   ] GC(695)   Merge Heap Roots: 0.0ms
[2025-08-22T08:06:08.884+0000][1692007][info ][gc,phases   ] GC(695)   Evacuate Collection Set: 1.2ms
[2025-08-22T08:06:08.884+0000][1692007][info ][gc,phases   ] GC(695)   Post Evacuate Collection Set: 1.0ms
[2025-08-22T08:06:08.884+0000][1692007][info ][gc,phases   ] GC(695)   Other: 0.0ms
[2025-08-22T08:06:08.884+0000][1692007][trace][gc,age      ] GC(695) Age table with threshold 15 (max threshold 15)
[2025-08-22T08:06:08.884+0000][1692007][trace][gc,age      ] GC(695) - age   1:      10968 bytes,      10968 total
[2025-08-22T08:06:08.884+0000][1692007][trace][gc,age      ] GC(695) - age   2:        176 bytes,      11144 total
[2025-08-22T08:06:08.884+0000][1692007][trace][gc,age      ] GC(695) - age   3:       1920 bytes,      13064 total
[2025-08-22T08:06:08.884+0000][1692007][info ][gc,heap     ] GC(695) Eden regions: 75->0(75)
[2025-08-22T08:06:08.884+0000][1692007][info ][gc,heap     ] GC(695) Survivor regions: 1->1(10)
[2025-08-22T08:06:08.884+0000][1692007][info ][gc,heap     ] GC(695) Old regions: 24->24
[2025-08-22T08:06:08.884+0000][1692007][info ][gc,heap     ] GC(695) Humongous regions: 0->0
[2025-08-22T08:06:08.884+0000][1692007][info ][gc,metaspace] GC(695) Metaspace: 143283K(148288K)->143283K(148288K) NonClass: 124422K(127040K)->124422K(127040K) Class: 18861K(21248K)->18861K(21248K)
[2025-08-22T08:06:08.884+0000][1692007][info ][gc          ] GC(695) Pause Young (Concurrent Start) (G1 Evacuation Pause) 392M->92M(512M) 2.572ms
[2025-08-22T08:06:08.884+0000][1692007][info ][gc,cpu      ] GC(695) User=0.00s Sys=0.00s Real=0.00s
[2025-08-22T08:06:08.884+0000][1692007][info ][safepoint   ] Safepoint "G1CollectForAllocation", Time since last: 705461439188 ns, Reaching safepoint: 7161 ns, Cleanup: 2754 ns, At safepoint: 2608980 ns, Total: 2618895 ns
[2025-08-22T08:06:08.888+0000][1692007][info ][gc          ] GC(696) Concurrent Mark Cycle
[2025-08-22T08:06:08.888+0000][1692007][info ][gc,marking  ] GC(696) Concurrent Scan Root Regions
[2025-08-22T08:06:08.889+0000][1692007][info ][gc,marking  ] GC(696) Concurrent Scan Root Regions 0.434ms
[2025-08-22T08:06:08.889+0000][1692007][info ][gc,marking  ] GC(696) Concurrent Mark
[2025-08-22T08:06:08.889+0000][1692007][info ][gc,marking  ] GC(696) Concurrent Mark From Roots
[2025-08-22T08:06:08.889+0000][1692007][info ][gc,task     ] GC(696) Using 1 workers of 1 for marking
[2025-08-22T08:06:09.099+0000][1692007][info ][gc,marking  ] GC(696) Concurrent Mark From Roots 210.424ms
[2025-08-22T08:06:09.099+0000][1692007][info ][gc,marking  ] GC(696) Concurrent Preclean
[2025-08-22T08:06:09.100+0000][1692007][info ][gc,marking  ] GC(696) Concurrent Preclean 0.438ms
[2025-08-22T08:06:09.100+0000][1692007][info ][gc,start    ] GC(696) Pause Remark
[2025-08-22T08:06:09.103+0000][1692007][info ][gc          ] GC(696) Pause Remark 92M->92M(512M) 3.518ms
[2025-08-22T08:06:09.103+0000][1692007][info ][gc,cpu      ] GC(696) User=0.00s Sys=0.00s Real=0.00s
[2025-08-22T08:06:09.103+0000][1692007][info ][safepoint   ] Safepoint "G1PauseRemark", Time since last: 215431935 ns, Reaching safepoint: 5107 ns, Cleanup: 2875 ns, At safepoint: 3553505 ns, Total: 3561487 ns
[2025-08-22T08:06:09.103+0000][1692007][info ][gc,marking  ] GC(696) Concurrent Mark 214.492ms
[2025-08-22T08:06:09.103+0000][1692007][info ][gc,marking  ] GC(696) Concurrent Rebuild Remembered Sets and Scrub Regions
[2025-08-22T08:06:09.210+0000][1692007][info ][gc,marking  ] GC(696) Concurrent Rebuild Remembered Sets and Scrub Regions 106.607ms
[2025-08-22T08:06:09.210+0000][1692007][info ][gc,start    ] GC(696) Pause Cleanup
[2025-08-22T08:06:09.210+0000][1692007][info ][gc          ] GC(696) Pause Cleanup 96M->96M(512M) 0.044ms
[2025-08-22T08:06:09.210+0000][1692007][info ][gc,cpu      ] GC(696) User=0.00s Sys=0.00s Real=0.00s
[2025-08-22T08:06:09.210+0000][1692007][info ][safepoint   ] Safepoint "G1PauseCleanup", Time since last: 106670349 ns, Reaching safepoint: 4827 ns, Cleanup: 1883 ns, At safepoint: 70016 ns, Total: 76726 ns
[2025-08-22T08:06:09.210+0000][1692007][info ][gc,marking  ] GC(696) Concurrent Clear Claimed Marks
[2025-08-22T08:06:09.210+0000][1692007][info ][gc,marking  ] GC(696) Concurrent Clear Claimed Marks 0.192ms
[2025-08-22T08:06:09.210+0000][1692007][info ][gc,marking  ] GC(696) Concurrent Cleanup for Next Mark
[2025-08-22T08:06:09.211+0000][1692007][info ][gc,marking  ] GC(696) Concurrent Cleanup for Next Mark 0.333ms
[2025-08-22T08:06:09.211+0000][1692007][info ][gc          ] GC(696) Concurrent Mark Cycle 322.234ms
[2025-08-22T08:17:53.294+0000][1692007][info ][gc,start    ] GC(697) Pause Young (Normal) (G1 Evacuation Pause)
[2025-08-22T08:17:53.295+0000][1692007][info ][gc,task     ] GC(697) Using 1 workers of 1 for evacuation
[2025-08-22T08:17:53.295+0000][1692007][debug][gc,age      ] GC(697) Desired survivor size 20971520 bytes, new threshold 15 (max threshold 15)
[2025-08-22T08:17:53.297+0000][1692007][info ][gc,phases   ] GC(697)   Pre Evacuate Collection Set: 0.0ms
[2025-08-22T08:17:53.297+0000][1692007][info ][gc,phases   ] GC(697)   Merge Heap Roots: 0.0ms
[2025-08-22T08:17:53.297+0000][1692007][info ][gc,phases   ] GC(697)   Evacuate Collection Set: 1.6ms
[2025-08-22T08:17:53.297+0000][1692007][info ][gc,phases   ] GC(697)   Post Evacuate Collection Set: 0.8ms
[2025-08-22T08:17:53.297+0000][1692007][info ][gc,phases   ] GC(697)   Other: 0.0ms
[2025-08-22T08:17:53.297+0000][1692007][trace][gc,age      ] GC(697) Age table with threshold 15 (max threshold 15)
[2025-08-22T08:17:53.297+0000][1692007][trace][gc,age      ] GC(697) - age   1:       9544 bytes,       9544 total
[2025-08-22T08:17:53.297+0000][1692007][trace][gc,age      ] GC(697) - age   2:        352 bytes,       9896 total
[2025-08-22T08:17:53.297+0000][1692007][trace][gc,age      ] GC(697) - age   3:        176 bytes,      10072 total
[2025-08-22T08:17:53.297+0000][1692007][trace][gc,age      ] GC(697) - age   4:       1920 bytes,      11992 total
[2025-08-22T08:17:53.297+0000][1692007][info ][gc,heap     ] GC(697) Eden regions: 75->0(75)
[2025-08-22T08:17:53.297+0000][1692007][info ][gc,heap     ] GC(697) Survivor regions: 1->1(10)
[2025-08-22T08:17:53.297+0000][1692007][info ][gc,heap     ] GC(697) Old regions: 24->24
[2025-08-22T08:17:53.297+0000][1692007][info ][gc,heap     ] GC(697) Humongous regions: 0->0
[2025-08-22T08:17:53.297+0000][1692007][info ][gc,metaspace] GC(697) Metaspace: 143283K(148288K)->143283K(148288K) NonClass: 124422K(127040K)->124422K(127040K) Class: 18861K(21248K)->18861K(21248K)
[2025-08-22T08:17:53.297+0000][1692007][info ][gc          ] GC(697) Pause Young (Normal) (G1 Evacuation Pause) 392M->92M(512M) 3.028ms
[2025-08-22T08:17:53.297+0000][1692007][info ][gc,cpu      ] GC(697) User=0.01s Sys=0.00s Real=0.01s
[2025-08-22T08:17:53.297+0000][1692007][info ][safepoint   ] Safepoint "G1CollectForAllocation", Time since last: 704084213302 ns, Reaching safepoint: 6841 ns, Cleanup: 3154 ns, At safepoint: 3059510 ns, Total: 3069505 ns
[2025-08-22T08:24:39.369+0000][1692007][info ][safepoint   ] Safepoint "Cleanup", Time since last: 406071743555 ns, Reaching safepoint: 21212 ns, Cleanup: 8213 ns, At safepoint: 4226 ns, Total: 33651 ns
[2025-08-22T08:29:35.448+0000][1692007][info ][gc,start    ] GC(698) Pause Young (Concurrent Start) (G1 Evacuation Pause)
[2025-08-22T08:29:35.448+0000][1692007][info ][gc,task     ] GC(698) Using 1 workers of 1 for evacuation
[2025-08-22T08:29:35.448+0000][1692007][debug][gc,age      ] GC(698) Desired survivor size 20971520 bytes, new threshold 15 (max threshold 15)
[2025-08-22T08:29:35.450+0000][1692007][info ][gc,phases   ] GC(698)   Pre Evacuate Collection Set: 0.1ms
[2025-08-22T08:29:35.450+0000][1692007][info ][gc,phases   ] GC(698)   Merge Heap Roots: 0.0ms
[2025-08-22T08:29:35.450+0000][1692007][info ][gc,phases   ] GC(698)   Evacuate Collection Set: 1.2ms
[2025-08-22T08:29:35.450+0000][1692007][info ][gc,phases   ] GC(698)   Post Evacuate Collection Set: 0.8ms
[2025-08-22T08:29:35.450+0000][1692007][info ][gc,phases   ] GC(698)   Other: 0.1ms
[2025-08-22T08:29:35.450+0000][1692007][trace][gc,age      ] GC(698) Age table with threshold 15 (max threshold 15)
[2025-08-22T08:29:35.450+0000][1692007][trace][gc,age      ] GC(698) - age   1:       9608 bytes,       9608 total
[2025-08-22T08:29:35.450+0000][1692007][trace][gc,age      ] GC(698) - age   2:        184 bytes,       9792 total
[2025-08-22T08:29:35.450+0000][1692007][trace][gc,age      ] GC(698) - age   4:        176 bytes,       9968 total
[2025-08-22T08:29:35.450+0000][1692007][trace][gc,age      ] GC(698) - age   5:       1920 bytes,      11888 total
[2025-08-22T08:29:35.450+0000][1692007][info ][gc,heap     ] GC(698) Eden regions: 75->0(75)
[2025-08-22T08:29:35.451+0000][1692007][info ][gc,heap     ] GC(698) Survivor regions: 1->1(10)
[2025-08-22T08:29:35.451+0000][1692007][info ][gc,heap     ] GC(698) Old regions: 24->24
[2025-08-22T08:29:35.451+0000][1692007][info ][gc,heap     ] GC(698) Humongous regions: 0->0
[2025-08-22T08:29:35.451+0000][1692007][info ][gc,metaspace] GC(698) Metaspace: 143283K(148288K)->143283K(148288K) NonClass: 124422K(127040K)->124422K(127040K) Class: 18861K(21248K)->18861K(21248K)
[2025-08-22T08:29:35.451+0000][1692007][info ][gc          ] GC(698) Pause Young (Concurrent Start) (G1 Evacuation Pause) 392M->92M(512M) 2.554ms
[2025-08-22T08:29:35.451+0000][1692007][info ][gc,cpu      ] GC(698) User=0.00s Sys=0.00s Real=0.00s
[2025-08-22T08:29:35.451+0000][1692007][info ][safepoint   ] Safepoint "G1CollectForAllocation", Time since last: 296078841694 ns, Reaching safepoint: 7621 ns, Cleanup: 3135 ns, At safepoint: 2592564 ns, Total: 2603320 ns
[2025-08-22T08:29:35.455+0000][1692007][info ][gc          ] GC(699) Concurrent Mark Cycle
[2025-08-22T08:29:35.455+0000][1692007][info ][gc,marking  ] GC(699) Concurrent Scan Root Regions
[2025-08-22T08:29:35.456+0000][1692007][info ][gc,marking  ] GC(699) Concurrent Scan Root Regions 0.459ms
[2025-08-22T08:29:35.456+0000][1692007][info ][gc,marking  ] GC(699) Concurrent Mark
[2025-08-22T08:29:35.456+0000][1692007][info ][gc,marking  ] GC(699) Concurrent Mark From Roots
[2025-08-22T08:29:35.456+0000][1692007][info ][gc,task     ] GC(699) Using 1 workers of 1 for marking
[2025-08-22T08:29:35.646+0000][1692007][info ][gc,marking  ] GC(699) Concurrent Mark From Roots 189.749ms
[2025-08-22T08:29:35.646+0000][1692007][info ][gc,marking  ] GC(699) Concurrent Preclean
[2025-08-22T08:29:35.646+0000][1692007][info ][gc,marking  ] GC(699) Concurrent Preclean 0.470ms
[2025-08-22T08:29:35.646+0000][1692007][info ][gc,start    ] GC(699) Pause Remark
[2025-08-22T08:29:35.650+0000][1692007][info ][gc          ] GC(699) Pause Remark 92M->92M(512M) 3.591ms
[2025-08-22T08:29:35.650+0000][1692007][info ][gc,cpu      ] GC(699) User=0.01s Sys=0.00s Real=0.00s
[2025-08-22T08:29:35.650+0000][1692007][info ][safepoint   ] Safepoint "G1PauseRemark", Time since last: 195562736 ns, Reaching safepoint: 5208 ns, Cleanup: 3305 ns, At safepoint: 3629410 ns, Total: 3637923 ns
[2025-08-22T08:29:35.650+0000][1692007][info ][gc,marking  ] GC(699) Concurrent Mark 193.922ms
[2025-08-22T08:29:35.650+0000][1692007][info ][gc,marking  ] GC(699) Concurrent Rebuild Remembered Sets and Scrub Regions
[2025-08-22T08:29:35.719+0000][1692007][info ][gc,marking  ] GC(699) Concurrent Rebuild Remembered Sets and Scrub Regions 69.332ms
[2025-08-22T08:29:35.719+0000][1692007][info ][gc,start    ] GC(699) Pause Cleanup
[2025-08-22T08:29:35.719+0000][1692007][info ][gc          ] GC(699) Pause Cleanup 94M->94M(512M) 0.041ms
[2025-08-22T08:29:35.719+0000][1692007][info ][gc,cpu      ] GC(699) User=0.00s Sys=0.00s Real=0.00s
[2025-08-22T08:29:35.719+0000][1692007][info ][safepoint   ] Safepoint "G1PauseCleanup", Time since last: 69387404 ns, Reaching safepoint: 4516 ns, Cleanup: 2384 ns, At safepoint: 66300 ns, Total: 73200 ns
[2025-08-22T08:29:35.719+0000][1692007][info ][gc,marking  ] GC(699) Concurrent Clear Claimed Marks
[2025-08-22T08:29:35.719+0000][1692007][info ][gc,marking  ] GC(699) Concurrent Clear Claimed Marks 0.196ms
[2025-08-22T08:29:35.719+0000][1692007][info ][gc,marking  ] GC(699) Concurrent Cleanup for Next Mark
[2025-08-22T08:29:35.720+0000][1692007][info ][gc,marking  ] GC(699) Concurrent Cleanup for Next Mark 0.559ms
[2025-08-22T08:29:35.720+0000][1692007][info ][gc          ] GC(699) Concurrent Mark Cycle 264.626ms
[2025-08-22T08:41:20.248+0000][1692007][info ][gc,start    ] GC(700) Pause Young (Normal) (G1 Evacuation Pause)
[2025-08-22T08:41:20.248+0000][1692007][info ][gc,task     ] GC(700) Using 1 workers of 1 for evacuation
[2025-08-22T08:41:20.248+0000][1692007][debug][gc,age      ] GC(700) Desired survivor size 20971520 bytes, new threshold 15 (max threshold 15)
[2025-08-22T08:41:20.251+0000][1692007][info ][gc,phases   ] GC(700)   Pre Evacuate Collection Set: 0.0ms
[2025-08-22T08:41:20.251+0000][1692007][info ][gc,phases   ] GC(700)   Merge Heap Roots: 0.0ms
[2025-08-22T08:41:20.251+0000][1692007][info ][gc,phases   ] GC(700)   Evacuate Collection Set: 1.6ms
[2025-08-22T08:41:20.251+0000][1692007][info ][gc,phases   ] GC(700)   Post Evacuate Collection Set: 1.0ms
[2025-08-22T08:41:20.251+0000][1692007][info ][gc,phases   ] GC(700)   Other: 0.0ms
[2025-08-22T08:41:20.251+0000][1692007][trace][gc,age      ] GC(700) Age table with threshold 15 (max threshold 15)
[2025-08-22T08:41:20.251+0000][1692007][trace][gc,age      ] GC(700) - age   1:      11024 bytes,      11024 total
[2025-08-22T08:41:20.251+0000][1692007][trace][gc,age      ] GC(700) - age   3:        184 bytes,      11208 total
[2025-08-22T08:41:20.251+0000][1692007][trace][gc,age      ] GC(700) - age   5:        176 bytes,      11384 total
[2025-08-22T08:41:20.251+0000][1692007][trace][gc,age      ] GC(700) - age   6:       1920 bytes,      13304 total
[2025-08-22T08:41:20.251+0000][1692007][info ][gc,heap     ] GC(700) Eden regions: 75->0(75)
[2025-08-22T08:41:20.251+0000][1692007][info ][gc,heap     ] GC(700) Survivor regions: 1->1(10)
[2025-08-22T08:41:20.251+0000][1692007][info ][gc,heap     ] GC(700) Old regions: 24->24
[2025-08-22T08:41:20.251+0000][1692007][info ][gc,heap     ] GC(700) Humongous regions: 0->0
[2025-08-22T08:41:20.251+0000][1692007][info ][gc,metaspace] GC(700) Metaspace: 143283K(148288K)->143283K(148288K) NonClass: 124422K(127040K)->124422K(127040K) Class: 18861K(21248K)->18861K(21248K)
[2025-08-22T08:41:20.251+0000][1692007][info ][gc          ] GC(700) Pause Young (Normal) (G1 Evacuation Pause) 392M->92M(512M) 2.999ms
[2025-08-22T08:41:20.251+0000][1692007][info ][gc,cpu      ] GC(700) User=0.00s Sys=0.00s Real=0.00s
[2025-08-22T08:41:20.251+0000][1692007][info ][safepoint   ] Safepoint "G1CollectForAllocation", Time since last: 704528338010 ns, Reaching safepoint: 7952 ns, Cleanup: 2654 ns, At safepoint: 3031748 ns, Total: 3042354 ns
[2025-08-22T08:53:05.611+0000][1692007][info ][gc,start    ] GC(701) Pause Young (Concurrent Start) (G1 Evacuation Pause)
[2025-08-22T08:53:05.611+0000][1692007][info ][gc,task     ] GC(701) Using 1 workers of 1 for evacuation
[2025-08-22T08:53:05.611+0000][1692007][debug][gc,age      ] GC(701) Desired survivor size 20971520 bytes, new threshold 15 (max threshold 15)
[2025-08-22T08:53:05.613+0000][1692007][info ][gc,phases   ] GC(701)   Pre Evacuate Collection Set: 0.1ms
[2025-08-22T08:53:05.613+0000][1692007][info ][gc,phases   ] GC(701)   Merge Heap Roots: 0.0ms
[2025-08-22T08:53:05.613+0000][1692007][info ][gc,phases   ] GC(701)   Evacuate Collection Set: 1.5ms
[2025-08-22T08:53:05.613+0000][1692007][info ][gc,phases   ] GC(701)   Post Evacuate Collection Set: 0.9ms
[2025-08-22T08:53:05.614+0000][1692007][info ][gc,phases   ] GC(701)   Other: 0.3ms
[2025-08-22T08:53:05.614+0000][1692007][trace][gc,age      ] GC(701) Age table with threshold 15 (max threshold 15)
[2025-08-22T08:53:05.614+0000][1692007][trace][gc,age      ] GC(701) - age   1:      27160 bytes,      27160 total
[2025-08-22T08:53:05.614+0000][1692007][trace][gc,age      ] GC(701) - age   4:        184 bytes,      27344 total
[2025-08-22T08:53:05.614+0000][1692007][trace][gc,age      ] GC(701) - age   7:       1920 bytes,      29264 total
[2025-08-22T08:53:05.614+0000][1692007][info ][gc,heap     ] GC(701) Eden regions: 75->0(75)
[2025-08-22T08:53:05.614+0000][1692007][info ][gc,heap     ] GC(701) Survivor regions: 1->1(10)
[2025-08-22T08:53:05.614+0000][1692007][info ][gc,heap     ] GC(701) Old regions: 24->24
[2025-08-22T08:53:05.614+0000][1692007][info ][gc,heap     ] GC(701) Humongous regions: 0->0
[2025-08-22T08:53:05.614+0000][1692007][info ][gc,metaspace] GC(701) Metaspace: 143283K(148288K)->143283K(148288K) NonClass: 124422K(127040K)->124422K(127040K) Class: 18861K(21248K)->18861K(21248K)
[2025-08-22T08:53:05.614+0000][1692007][info ][gc          ] GC(701) Pause Young (Concurrent Start) (G1 Evacuation Pause) 392M->92M(512M) 2.921ms
[2025-08-22T08:53:05.614+0000][1692007][info ][gc,cpu      ] GC(701) User=0.00s Sys=0.00s Real=0.00s
[2025-08-22T08:53:05.614+0000][1692007][info ][safepoint   ] Safepoint "G1CollectForAllocation", Time since last: 705360004541 ns, Reaching safepoint: 9905 ns, Cleanup: 3545 ns, At safepoint: 2958838 ns, Total: 2972288 ns
[2025-08-22T08:53:05.617+0000][1692007][info ][gc          ] GC(702) Concurrent Mark Cycle
[2025-08-22T08:53:05.617+0000][1692007][info ][gc,marking  ] GC(702) Concurrent Scan Root Regions
[2025-08-22T08:53:05.618+0000][1692007][info ][gc,marking  ] GC(702) Concurrent Scan Root Regions 0.491ms
[2025-08-22T08:53:05.618+0000][1692007][info ][gc,marking  ] GC(702) Concurrent Mark
[2025-08-22T08:53:05.618+0000][1692007][info ][gc,marking  ] GC(702) Concurrent Mark From Roots
[2025-08-22T08:53:05.618+0000][1692007][info ][gc,task     ] GC(702) Using 1 workers of 1 for marking
[2025-08-22T08:53:05.749+0000][1692007][info ][gc,marking  ] GC(702) Concurrent Mark From Roots 130.838ms
[2025-08-22T08:53:05.749+0000][1692007][info ][gc,marking  ] GC(702) Concurrent Preclean
[2025-08-22T08:53:05.749+0000][1692007][info ][gc,marking  ] GC(702) Concurrent Preclean 0.396ms
[2025-08-22T08:53:05.749+0000][1692007][info ][gc,start    ] GC(702) Pause Remark
[2025-08-22T08:53:05.753+0000][1692007][info ][gc          ] GC(702) Pause Remark 96M->96M(512M) 3.460ms
[2025-08-22T08:53:05.753+0000][1692007][info ][gc,cpu      ] GC(702) User=0.00s Sys=0.00s Real=0.00s
[2025-08-22T08:53:05.753+0000][1692007][info ][safepoint   ] Safepoint "G1PauseRemark", Time since last: 135577958 ns, Reaching safepoint: 4136 ns, Cleanup: 2213 ns, At safepoint: 3489490 ns, Total: 3495839 ns
[2025-08-22T08:53:05.753+0000][1692007][info ][gc,marking  ] GC(702) Concurrent Mark 134.791ms
[2025-08-22T08:53:05.753+0000][1692007][info ][gc,marking  ] GC(702) Concurrent Rebuild Remembered Sets and Scrub Regions
[2025-08-22T08:53:05.797+0000][1692007][info ][gc,marking  ] GC(702) Concurrent Rebuild Remembered Sets and Scrub Regions 44.589ms
[2025-08-22T08:53:05.797+0000][1692007][info ][gc,start    ] GC(702) Pause Cleanup
[2025-08-22T08:53:05.797+0000][1692007][info ][gc          ] GC(702) Pause Cleanup 96M->96M(512M) 0.037ms
[2025-08-22T08:53:05.797+0000][1692007][info ][gc,cpu      ] GC(702) User=0.00s Sys=0.00s Real=0.00s
[2025-08-22T08:53:05.797+0000][1692007][info ][safepoint   ] Safepoint "G1PauseCleanup", Time since last: 44638990 ns, Reaching safepoint: 4396 ns, Cleanup: 1643 ns, At safepoint: 61102 ns, Total: 67141 ns
[2025-08-22T08:53:05.797+0000][1692007][info ][gc,marking  ] GC(702) Concurrent Clear Claimed Marks
[2025-08-22T08:53:05.798+0000][1692007][info ][gc,marking  ] GC(702) Concurrent Clear Claimed Marks 0.188ms
[2025-08-22T08:53:05.798+0000][1692007][info ][gc,marking  ] GC(702) Concurrent Cleanup for Next Mark
[2025-08-22T08:53:05.806+0000][1692007][info ][gc,marking  ] GC(702) Concurrent Cleanup for Next Mark 8.335ms
[2025-08-22T08:53:05.806+0000][1692007][info ][gc          ] GC(702) Concurrent Mark Cycle 188.550ms
[2025-08-22T09:04:46.105+0000][1692007][info ][gc,start    ] GC(703) Pause Young (Normal) (G1 Evacuation Pause)
[2025-08-22T09:04:46.106+0000][1692007][info ][gc,task     ] GC(703) Using 1 workers of 1 for evacuation
[2025-08-22T09:04:46.106+0000][1692007][debug][gc,age      ] GC(703) Desired survivor size 20971520 bytes, new threshold 15 (max threshold 15)
[2025-08-22T09:04:46.109+0000][1692007][info ][gc,phases   ] GC(703)   Pre Evacuate Collection Set: 0.0ms
[2025-08-22T09:04:46.109+0000][1692007][info ][gc,phases   ] GC(703)   Merge Heap Roots: 0.0ms
[2025-08-22T09:04:46.109+0000][1692007][info ][gc,phases   ] GC(703)   Evacuate Collection Set: 1.6ms
[2025-08-22T09:04:46.109+0000][1692007][info ][gc,phases   ] GC(703)   Post Evacuate Collection Set: 1.5ms
[2025-08-22T09:04:46.109+0000][1692007][info ][gc,phases   ] GC(703)   Other: 0.0ms
[2025-08-22T09:04:46.109+0000][1692007][trace][gc,age      ] GC(703) Age table with threshold 15 (max threshold 15)
[2025-08-22T09:04:46.109+0000][1692007][trace][gc,age      ] GC(703) - age   1:      10696 bytes,      10696 total
[2025-08-22T09:04:46.109+0000][1692007][trace][gc,age      ] GC(703) - age   2:        528 bytes,      11224 total
[2025-08-22T09:04:46.109+0000][1692007][trace][gc,age      ] GC(703) - age   5:        184 bytes,      11408 total
[2025-08-22T09:04:46.109+0000][1692007][trace][gc,age      ] GC(703) - age   8:       1920 bytes,      13328 total
[2025-08-22T09:04:46.109+0000][1692007][info ][gc,heap     ] GC(703) Eden regions: 75->0(75)
[2025-08-22T09:04:46.109+0000][1692007][info ][gc,heap     ] GC(703) Survivor regions: 1->1(10)
[2025-08-22T09:04:46.109+0000][1692007][info ][gc,heap     ] GC(703) Old regions: 24->24
[2025-08-22T09:04:46.109+0000][1692007][info ][gc,heap     ] GC(703) Humongous regions: 0->0
[2025-08-22T09:04:46.109+0000][1692007][info ][gc,metaspace] GC(703) Metaspace: 143283K(148288K)->143283K(148288K) NonClass: 124422K(127040K)->124422K(127040K) Class: 18861K(21248K)->18861K(21248K)
[2025-08-22T09:04:46.109+0000][1692007][info ][gc          ] GC(703) Pause Young (Normal) (G1 Evacuation Pause) 392M->92M(512M) 3.453ms
[2025-08-22T09:04:46.109+0000][1692007][info ][gc,cpu      ] GC(703) User=0.00s Sys=0.00s Real=0.00s
[2025-08-22T09:04:46.109+0000][1692007][info ][safepoint   ] Safepoint "G1CollectForAllocation", Time since last: 700308015897 ns, Reaching safepoint: 4907 ns, Cleanup: 2374 ns, At safepoint: 3485944 ns, Total: 3493225 ns
[2025-08-22T09:16:31.543+0000][1692007][info ][gc,start    ] GC(704) Pause Young (Concurrent Start) (G1 Evacuation Pause)
[2025-08-22T09:16:31.543+0000][1692007][info ][gc,task     ] GC(704) Using 1 workers of 1 for evacuation
[2025-08-22T09:16:31.543+0000][1692007][debug][gc,age      ] GC(704) Desired survivor size 20971520 bytes, new threshold 15 (max threshold 15)
[2025-08-22T09:16:31.545+0000][1692007][info ][gc,phases   ] GC(704)   Pre Evacuate Collection Set: 0.0ms
[2025-08-22T09:16:31.545+0000][1692007][info ][gc,phases   ] GC(704)   Merge Heap Roots: 0.0ms
[2025-08-22T09:16:31.545+0000][1692007][info ][gc,phases   ] GC(704)   Evacuate Collection Set: 1.2ms
[2025-08-22T09:16:31.545+0000][1692007][info ][gc,phases   ] GC(704)   Post Evacuate Collection Set: 1.0ms
[2025-08-22T09:16:31.545+0000][1692007][info ][gc,phases   ] GC(704)   Other: 0.0ms
[2025-08-22T09:16:31.546+0000][1692007][trace][gc,age      ] GC(704) Age table with threshold 15 (max threshold 15)
[2025-08-22T09:16:31.546+0000][1692007][trace][gc,age      ] GC(704) - age   1:      10968 bytes,      10968 total
[2025-08-22T09:16:31.546+0000][1692007][trace][gc,age      ] GC(704) - age   3:        176 bytes,      11144 total
[2025-08-22T09:16:31.546+0000][1692007][trace][gc,age      ] GC(704) - age   6:        184 bytes,      11328 total
[2025-08-22T09:16:31.546+0000][1692007][trace][gc,age      ] GC(704) - age   9:       1920 bytes,      13248 total
[2025-08-22T09:16:31.546+0000][1692007][info ][gc,heap     ] GC(704) Eden regions: 75->0(75)
[2025-08-22T09:16:31.546+0000][1692007][info ][gc,heap     ] GC(704) Survivor regions: 1->1(10)
[2025-08-22T09:16:31.546+0000][1692007][info ][gc,heap     ] GC(704) Old regions: 24->24
[2025-08-22T09:16:31.546+0000][1692007][info ][gc,heap     ] GC(704) Humongous regions: 0->0
[2025-08-22T09:16:31.546+0000][1692007][info ][gc,metaspace] GC(704) Metaspace: 143283K(148288K)->143283K(148288K) NonClass: 124422K(127040K)->124422K(127040K) Class: 18861K(21248K)->18861K(21248K)
[2025-08-22T09:16:31.546+0000][1692007][info ][gc          ] GC(704) Pause Young (Concurrent Start) (G1 Evacuation Pause) 392M->92M(512M) 2.566ms
[2025-08-22T09:16:31.546+0000][1692007][info ][gc,cpu      ] GC(704) User=0.00s Sys=0.00s Real=0.01s
[2025-08-22T09:16:31.546+0000][1692007][info ][safepoint   ] Safepoint "G1CollectForAllocation", Time since last: 705434090417 ns, Reaching safepoint: 7211 ns, Cleanup: 2523 ns, At safepoint: 2603603 ns, Total: 2613337 ns
[2025-08-22T09:16:31.551+0000][1692007][info ][gc          ] GC(705) Concurrent Mark Cycle
[2025-08-22T09:16:31.551+0000][1692007][info ][gc,marking  ] GC(705) Concurrent Scan Root Regions
[2025-08-22T09:16:31.552+0000][1692007][info ][gc,marking  ] GC(705) Concurrent Scan Root Regions 0.406ms
[2025-08-22T09:16:31.552+0000][1692007][info ][gc,marking  ] GC(705) Concurrent Mark
[2025-08-22T09:16:31.552+0000][1692007][info ][gc,marking  ] GC(705) Concurrent Mark From Roots
[2025-08-22T09:16:31.552+0000][1692007][info ][gc,task     ] GC(705) Using 1 workers of 1 for marking
[2025-08-22T09:16:31.672+0000][1692007][info ][gc,marking  ] GC(705) Concurrent Mark From Roots 120.213ms
[2025-08-22T09:16:31.672+0000][1692007][info ][gc,marking  ] GC(705) Concurrent Preclean
[2025-08-22T09:16:31.672+0000][1692007][info ][gc,marking  ] GC(705) Concurrent Preclean 0.385ms
[2025-08-22T09:16:31.672+0000][1692007][info ][gc,start    ] GC(705) Pause Remark
[2025-08-22T09:16:31.676+0000][1692007][info ][gc          ] GC(705) Pause Remark 95M->95M(512M) 3.210ms
[2025-08-22T09:16:31.676+0000][1692007][info ][gc,cpu      ] GC(705) User=0.00s Sys=0.00s Real=0.01s
[2025-08-22T09:16:31.676+0000][1692007][info ][safepoint   ] Safepoint "G1PauseRemark", Time since last: 126896424 ns, Reaching safepoint: 4507 ns, Cleanup: 2464 ns, At safepoint: 3247625 ns, Total: 3254596 ns
[2025-08-22T09:16:31.676+0000][1692007][info ][gc,marking  ] GC(705) Concurrent Mark 123.933ms
[2025-08-22T09:16:31.676+0000][1692007][info ][gc,marking  ] GC(705) Concurrent Rebuild Remembered Sets and Scrub Regions
[2025-08-22T09:16:31.718+0000][1692007][info ][gc,marking  ] GC(705) Concurrent Rebuild Remembered Sets and Scrub Regions 42.251ms
[2025-08-22T09:16:31.718+0000][1692007][info ][gc,start    ] GC(705) Pause Cleanup
