[2025-06-30T11:46:42.701+0000][706046][info][gc,init] CardTable entry size: 512
[2025-06-30T11:46:42.701+0000][706046][info][gc     ] Using G1
[2025-06-30T11:46:42.715+0000][706046][info][gc,init] Version: 21.0.2+13-58 (release)
[2025-06-30T11:46:42.715+0000][706046][info][gc,init] CPUs: 96 total, 96 available
[2025-06-30T11:46:42.715+0000][706046][info][gc,init] Memory: 125G
[2025-06-30T11:46:42.715+0000][706046][info][gc,init] Large Page Support: Disabled
[2025-06-30T11:46:42.715+0000][706046][info][gc,init] NUMA Support: Disabled
[2025-06-30T11:46:42.715+0000][706046][info][gc,init] Compressed Oops: Enabled (32-bit)
[2025-06-30T11:46:42.715+0000][706046][info][gc,init] Heap Region Size: 4M
[2025-06-30T11:46:42.715+0000][706046][info][gc,init] Heap Min Capacity: 512M
[2025-06-30T11:46:42.715+0000][706046][info][gc,init] Heap Initial Capacity: 512M
[2025-06-30T11:46:42.715+0000][706046][info][gc,init] Heap Max Capacity: 512M
[2025-06-30T11:46:42.715+0000][706046][info][gc,init] Pre-touch: Enabled
[2025-06-30T11:46:42.715+0000][706046][info][gc,init] Parallel Workers: 63
[2025-06-30T11:46:42.715+0000][706046][info][gc,init] Concurrent Workers: 16
[2025-06-30T11:46:42.715+0000][706046][info][gc,init] Concurrent Refinement Workers: 63
[2025-06-30T11:46:42.715+0000][706046][info][gc,init] Periodic GC: Disabled
[2025-06-30T11:46:42.720+0000][706046][info][gc,metaspace] CDS archive(s) mapped at: [0x0000146f07000000-0x0000146f07ca6000-0x0000146f07ca6000), size 13262848, SharedBaseAddress: 0x0000146f07000000, ArchiveRelocationMode: 1.
[2025-06-30T11:46:42.720+0000][706046][info][gc,metaspace] Compressed class space mapped at: 0x0000146f08000000-0x0000146f48000000, reserved size: 1073741824
[2025-06-30T11:46:42.720+0000][706046][info][gc,metaspace] Narrow klass base: 0x0000146f07000000, Narrow klass shift: 0, Narrow klass range: 0x100000000
[2025-06-30T11:46:42.830+0000][706046][info][gc,start    ] GC(0) Pause Young (Normal) (G1 Evacuation Pause)
[2025-06-30T11:46:42.830+0000][706046][info][gc,task     ] GC(0) Using 12 workers of 63 for evacuation
[2025-06-30T11:46:42.830+0000][706046][debug][gc,age      ] GC(0) Desired survivor size 2097152 bytes, new threshold 15 (max threshold 15)
[2025-06-30T11:46:42.831+0000][706046][info ][gc,phases   ] GC(0)   Pre Evacuate Collection Set: 0.1ms
[2025-06-30T11:46:42.831+0000][706046][info ][gc,phases   ] GC(0)   Merge Heap Roots: 0.0ms
[2025-06-30T11:46:42.831+0000][706046][info ][gc,phases   ] GC(0)   Evacuate Collection Set: 0.5ms
[2025-06-30T11:46:42.831+0000][706046][info ][gc,phases   ] GC(0)   Post Evacuate Collection Set: 0.5ms
[2025-06-30T11:46:42.831+0000][706046][info ][gc,phases   ] GC(0)   Other: 0.1ms
[2025-06-30T11:46:42.831+0000][706046][trace][gc,age      ] GC(0) Age table with threshold 15 (max threshold 15)
[2025-06-30T11:46:42.831+0000][706046][trace][gc,age      ] GC(0) - age   1:    1878032 bytes,    1878032 total
[2025-06-30T11:46:42.831+0000][706046][info ][gc,heap     ] GC(0) Eden regions: 6->0(20)
[2025-06-30T11:46:42.831+0000][706046][info ][gc,heap     ] GC(0) Survivor regions: 0->1(1)
[2025-06-30T11:46:42.831+0000][706046][info ][gc,heap     ] GC(0) Old regions: 1->1
[2025-06-30T11:46:42.831+0000][706046][info ][gc,heap     ] GC(0) Humongous regions: 0->0
[2025-06-30T11:46:42.831+0000][706046][info ][gc,metaspace] GC(0) Metaspace: 1020K(1152K)->1020K(1152K) NonClass: 951K(1024K)->951K(1024K) Class: 68K(128K)->68K(128K)
[2025-06-30T11:46:42.831+0000][706046][info ][gc          ] GC(0) Pause Young (Normal) (G1 Evacuation Pause) 25M->3M(512M) 1.297ms
[2025-06-30T11:46:42.831+0000][706046][info ][gc,cpu      ] GC(0) User=0.02s Sys=0.00s Real=0.00s
[2025-06-30T11:46:42.831+0000][706046][info ][safepoint   ] Safepoint "G1CollectForAllocation", Time since last: 106070708 ns, Reaching safepoint: 3966 ns, Cleanup: 189837 ns, At safepoint: 1367936 ns, Total: 1561739 ns
[2025-06-30T11:46:42.970+0000][706046][info ][safepoint   ] Safepoint "ICBufferFull", Time since last: 138770696 ns, Reaching safepoint: 5948 ns, Cleanup: 231881 ns, At safepoint: 5999 ns, Total: 243828 ns
[2025-06-30T11:46:43.119+0000][706046][info ][safepoint   ] Safepoint "ICBufferFull", Time since last: 148221526 ns, Reaching safepoint: 4437 ns, Cleanup: 216948 ns, At safepoint: 3785 ns, Total: 225170 ns
[2025-06-30T11:46:43.298+0000][706046][info ][safepoint   ] Safepoint "ICBufferFull", Time since last: 179316101 ns, Reaching safepoint: 4206 ns, Cleanup: 231309 ns, At safepoint: 3666 ns, Total: 239181 ns
[2025-06-30T11:46:43.432+0000][706046][info ][safepoint   ] Safepoint "ICBufferFull", Time since last: 133002656 ns, Reaching safepoint: 5839 ns, Cleanup: 203387 ns, At safepoint: 8232 ns, Total: 217458 ns
[2025-06-30T11:46:43.597+0000][706046][info ][gc,start    ] GC(1) Pause Young (Normal) (G1 Evacuation Pause)
[2025-06-30T11:46:43.598+0000][706046][info ][gc,task     ] GC(1) Using 12 workers of 63 for evacuation
[2025-06-30T11:46:43.598+0000][706046][debug][gc,age      ] GC(1) Desired survivor size 6291456 bytes, new threshold 15 (max threshold 15)
[2025-06-30T11:46:43.604+0000][706046][info ][gc,phases   ] GC(1)   Pre Evacuate Collection Set: 0.1ms
[2025-06-30T11:46:43.604+0000][706046][info ][gc,phases   ] GC(1)   Merge Heap Roots: 0.0ms
[2025-06-30T11:46:43.604+0000][706046][info ][gc,phases   ] GC(1)   Evacuate Collection Set: 5.0ms
[2025-06-30T11:46:43.604+0000][706046][info ][gc,phases   ] GC(1)   Post Evacuate Collection Set: 1.2ms
[2025-06-30T11:46:43.604+0000][706046][info ][gc,phases   ] GC(1)   Other: 0.1ms
[2025-06-30T11:46:43.604+0000][706046][trace][gc,age      ] GC(1) Age table with threshold 15 (max threshold 15)
[2025-06-30T11:46:43.604+0000][706046][trace][gc,age      ] GC(1) - age   1:    7286728 bytes,    7286728 total
[2025-06-30T11:46:43.604+0000][706046][trace][gc,age      ] GC(1) - age   2:    1817936 bytes,    9104664 total
[2025-06-30T11:46:43.604+0000][706046][info ][gc,heap     ] GC(1) Eden regions: 20->0(23)
[2025-06-30T11:46:43.604+0000][706046][info ][gc,heap     ] GC(1) Survivor regions: 1->3(3)
[2025-06-30T11:46:43.604+0000][706046][info ][gc,heap     ] GC(1) Old regions: 1->1
[2025-06-30T11:46:43.604+0000][706046][info ][gc,heap     ] GC(1) Humongous regions: 0->0
[2025-06-30T11:46:43.604+0000][706046][info ][gc,metaspace] GC(1) Metaspace: 20204K(20736K)->20204K(20736K) NonClass: 17934K(18240K)->17934K(18240K) Class: 2269K(2496K)->2269K(2496K)
[2025-06-30T11:46:43.604+0000][706046][info ][gc          ] GC(1) Pause Young (Normal) (G1 Evacuation Pause) 83M->10M(512M) 6.499ms
[2025-06-30T11:46:43.604+0000][706046][info ][gc,cpu      ] GC(1) User=0.07s Sys=0.00s Real=0.00s
[2025-06-30T11:46:43.604+0000][706046][info ][safepoint   ] Safepoint "G1CollectForAllocation", Time since last: 165677355 ns, Reaching safepoint: 5298 ns, Cleanup: 145039 ns, At safepoint: 6565885 ns, Total: 6716222 ns
[2025-06-30T11:46:43.787+0000][706046][info ][safepoint   ] Safepoint "ICBufferFull", Time since last: 182840342 ns, Reaching safepoint: 5929 ns, Cleanup: 223006 ns, At safepoint: 5549 ns, Total: 234484 ns
[2025-06-30T11:46:43.832+0000][706046][info ][gc,start    ] GC(2) Pause Young (Concurrent Start) (Metadata GC Threshold)
[2025-06-30T11:46:43.832+0000][706046][info ][gc,task     ] GC(2) Using 12 workers of 63 for evacuation
[2025-06-30T11:46:43.832+0000][706046][debug][gc,age      ] GC(2) Desired survivor size 8388608 bytes, new threshold 2 (max threshold 15)
[2025-06-30T11:46:43.838+0000][706046][info ][gc,phases   ] GC(2)   Pre Evacuate Collection Set: 0.2ms
[2025-06-30T11:46:43.838+0000][706046][info ][gc,phases   ] GC(2)   Merge Heap Roots: 0.0ms
[2025-06-30T11:46:43.838+0000][706046][info ][gc,phases   ] GC(2)   Evacuate Collection Set: 4.6ms
[2025-06-30T11:46:43.838+0000][706046][info ][gc,phases   ] GC(2)   Post Evacuate Collection Set: 1.1ms
[2025-06-30T11:46:43.838+0000][706046][info ][gc,phases   ] GC(2)   Other: 0.1ms
[2025-06-30T11:46:43.838+0000][706046][trace][gc,age      ] GC(2) Age table with threshold 2 (max threshold 15)
[2025-06-30T11:46:43.838+0000][706046][trace][gc,age      ] GC(2) - age   1:    1041520 bytes,    1041520 total
[2025-06-30T11:46:43.838+0000][706046][trace][gc,age      ] GC(2) - age   2:    6331920 bytes,    7373440 total
[2025-06-30T11:46:43.838+0000][706046][info ][gc,heap     ] GC(2) Eden regions: 17->0(29)
[2025-06-30T11:46:43.838+0000][706046][info ][gc,heap     ] GC(2) Survivor regions: 3->2(4)
[2025-06-30T11:46:43.838+0000][706046][info ][gc,heap     ] GC(2) Old regions: 1->2
[2025-06-30T11:46:43.838+0000][706046][info ][gc,heap     ] GC(2) Humongous regions: 0->0
[2025-06-30T11:46:43.838+0000][706046][info ][gc,metaspace] GC(2) Metaspace: 20977K(21504K)->20977K(21504K) NonClass: 18657K(18944K)->18657K(18944K) Class: 2319K(2560K)->2319K(2560K)
[2025-06-30T11:46:43.838+0000][706046][info ][gc          ] GC(2) Pause Young (Concurrent Start) (Metadata GC Threshold) 75M->10M(512M) 6.086ms
[2025-06-30T11:46:43.838+0000][706046][info ][gc,cpu      ] GC(2) User=0.06s Sys=0.01s Real=0.01s
[2025-06-30T11:46:43.838+0000][706046][info ][gc          ] GC(3) Concurrent Mark Cycle
[2025-06-30T11:46:43.838+0000][706046][info ][gc,marking  ] GC(3) Concurrent Scan Root Regions
[2025-06-30T11:46:43.838+0000][706046][info ][safepoint   ] Safepoint "CollectForMetadataAllocation", Time since last: 44713979 ns, Reaching safepoint: 4737 ns, Cleanup: 84768 ns, At safepoint: 6207263 ns, Total: 6296768 ns
[2025-06-30T11:46:43.838+0000][706046][info ][safepoint   ] Safepoint "CollectForMetadataAllocation", Time since last: 80531 ns, Reaching safepoint: 67953 ns, Cleanup: 871 ns, At safepoint: 9354 ns, Total: 78178 ns
[2025-06-30T11:46:43.838+0000][706046][info ][safepoint   ] Safepoint "CollectForMetadataAllocation", Time since last: 28483 ns, Reaching safepoint: 66210 ns, Cleanup: 972 ns, At safepoint: 14952 ns, Total: 82134 ns
[2025-06-30T11:46:43.840+0000][706046][info ][gc,marking  ] GC(3) Concurrent Scan Root Regions 1.715ms
[2025-06-30T11:46:43.840+0000][706046][info ][gc,marking  ] GC(3) Concurrent Mark
[2025-06-30T11:46:43.840+0000][706046][info ][gc,marking  ] GC(3) Concurrent Mark From Roots
[2025-06-30T11:46:43.841+0000][706046][info ][gc,task     ] GC(3) Using 16 workers of 16 for marking
[2025-06-30T11:46:43.844+0000][706046][info ][gc,marking  ] GC(3) Concurrent Mark From Roots 3.800ms
[2025-06-30T11:46:43.844+0000][706046][info ][gc,marking  ] GC(3) Concurrent Preclean
[2025-06-30T11:46:43.844+0000][706046][info ][gc,marking  ] GC(3) Concurrent Preclean 0.008ms
[2025-06-30T11:46:43.844+0000][706046][info ][gc,start    ] GC(3) Pause Remark
[2025-06-30T11:46:43.846+0000][706046][info ][gc          ] GC(3) Pause Remark 12M->12M(512M) 2.086ms
[2025-06-30T11:46:43.846+0000][706046][info ][gc,cpu      ] GC(3) User=0.02s Sys=0.00s Real=0.01s
[2025-06-30T11:46:43.846+0000][706046][info ][safepoint   ] Safepoint "G1PauseRemark", Time since last: 5274285 ns, Reaching safepoint: 66420 ns, Cleanup: 7131 ns, At safepoint: 2120922 ns, Total: 2194473 ns
[2025-06-30T11:46:43.846+0000][706046][info ][gc,marking  ] GC(3) Concurrent Mark 6.044ms
[2025-06-30T11:46:43.846+0000][706046][info ][gc,marking  ] GC(3) Concurrent Rebuild Remembered Sets and Scrub Regions
[2025-06-30T11:46:43.846+0000][706046][info ][gc,marking  ] GC(3) Concurrent Rebuild Remembered Sets and Scrub Regions 0.431ms
[2025-06-30T11:46:43.846+0000][706046][info ][gc,start    ] GC(3) Pause Cleanup
[2025-06-30T11:46:43.846+0000][706046][info ][gc          ] GC(3) Pause Cleanup 12M->12M(512M) 0.048ms
[2025-06-30T11:46:43.846+0000][706046][info ][gc,cpu      ] GC(3) User=0.00s Sys=0.00s Real=0.00s
[2025-06-30T11:46:43.846+0000][706046][info ][safepoint   ] Safepoint "G1PauseCleanup", Time since last: 463010 ns, Reaching safepoint: 66821 ns, Cleanup: 901 ns, At safepoint: 62765 ns, Total: 130487 ns
[2025-06-30T11:46:43.846+0000][706046][info ][gc,marking  ] GC(3) Concurrent Clear Claimed Marks
[2025-06-30T11:46:43.846+0000][706046][info ][gc,marking  ] GC(3) Concurrent Clear Claimed Marks 0.065ms
[2025-06-30T11:46:43.846+0000][706046][info ][gc,marking  ] GC(3) Concurrent Cleanup for Next Mark
[2025-06-30T11:46:43.847+0000][706046][info ][gc,marking  ] GC(3) Concurrent Cleanup for Next Mark 0.161ms
[2025-06-30T11:46:43.847+0000][706046][info ][gc          ] GC(3) Concurrent Mark Cycle 8.640ms
[2025-06-30T11:46:44.036+0000][706046][info ][gc,start    ] GC(4) Pause Young (Prepare Mixed) (G1 Evacuation Pause)
[2025-06-30T11:46:44.036+0000][706046][info ][gc,task     ] GC(4) Using 12 workers of 63 for evacuation
[2025-06-30T11:46:44.036+0000][706046][debug][gc,age      ] GC(4) Desired survivor size 8388608 bytes, new threshold 15 (max threshold 15)
[2025-06-30T11:46:44.041+0000][706046][info ][gc,phases   ] GC(4)   Pre Evacuate Collection Set: 0.1ms
[2025-06-30T11:46:44.041+0000][706046][info ][gc,phases   ] GC(4)   Merge Heap Roots: 0.1ms
[2025-06-30T11:46:44.041+0000][706046][info ][gc,phases   ] GC(4)   Evacuate Collection Set: 3.9ms
[2025-06-30T11:46:44.041+0000][706046][info ][gc,phases   ] GC(4)   Post Evacuate Collection Set: 1.0ms
[2025-06-30T11:46:44.041+0000][706046][info ][gc,phases   ] GC(4)   Other: 0.1ms
[2025-06-30T11:46:44.041+0000][706046][trace][gc,age      ] GC(4) Age table with threshold 15 (max threshold 15)
[2025-06-30T11:46:44.041+0000][706046][trace][gc,age      ] GC(4) - age   1:    1854808 bytes,    1854808 total
[2025-06-30T11:46:44.041+0000][706046][trace][gc,age      ] GC(4) - age   2:    1031848 bytes,    2886656 total
[2025-06-30T11:46:44.041+0000][706046][trace][gc,age      ] GC(4) - age   3:    6323168 bytes,    9209824 total
[2025-06-30T11:46:44.041+0000][706046][info ][gc,heap     ] GC(4) Eden regions: 29->0(66)
[2025-06-30T11:46:44.041+0000][706046][info ][gc,heap     ] GC(4) Survivor regions: 2->3(4)
[2025-06-30T11:46:44.041+0000][706046][info ][gc,heap     ] GC(4) Old regions: 2->2
[2025-06-30T11:46:44.041+0000][706046][info ][gc,heap     ] GC(4) Humongous regions: 0->0
[2025-06-30T11:46:44.041+0000][706046][info ][gc,metaspace] GC(4) Metaspace: 22794K(23424K)->22794K(23424K) NonClass: 20267K(20608K)->20267K(20608K) Class: 2527K(2816K)->2527K(2816K)
[2025-06-30T11:46:44.041+0000][706046][info ][gc          ] GC(4) Pause Young (Prepare Mixed) (G1 Evacuation Pause) 126M->12M(512M) 5.179ms
[2025-06-30T11:46:44.041+0000][706046][info ][gc,cpu      ] GC(4) User=0.05s Sys=0.00s Real=0.00s
[2025-06-30T11:46:44.041+0000][706046][info ][safepoint   ] Safepoint "G1CollectForAllocation", Time since last: 189190350 ns, Reaching safepoint: 6950 ns, Cleanup: 185090 ns, At safepoint: 5253903 ns, Total: 5445943 ns
[2025-06-30T11:46:44.296+0000][706046][info ][safepoint   ] Safepoint "ICBufferFull", Time since last: 254306367 ns, Reaching safepoint: 72680 ns, Cleanup: 238470 ns, At safepoint: 8182 ns, Total: 319332 ns
[2025-06-30T11:46:44.513+0000][706046][info ][safepoint   ] Safepoint "ICBufferFull", Time since last: 217098752 ns, Reaching safepoint: 7131 ns, Cleanup: 221455 ns, At safepoint: 1963 ns, Total: 230549 ns
[2025-06-30T11:46:44.519+0000][706046][info ][gc,start    ] GC(5) Pause Young (Mixed) (G1 Evacuation Pause)
[2025-06-30T11:46:44.519+0000][706046][info ][gc,task     ] GC(5) Using 12 workers of 63 for evacuation
[2025-06-30T11:46:44.519+0000][706046][debug][gc,age      ] GC(5) Desired survivor size 18874368 bytes, new threshold 15 (max threshold 15)
[2025-06-30T11:46:44.530+0000][706046][info ][gc,phases   ] GC(5)   Pre Evacuate Collection Set: 0.1ms
[2025-06-30T11:46:44.530+0000][706046][info ][gc,phases   ] GC(5)   Merge Heap Roots: 0.1ms
[2025-06-30T11:46:44.530+0000][706046][info ][gc,phases   ] GC(5)   Evacuate Collection Set: 9.9ms
[2025-06-30T11:46:44.530+0000][706046][info ][gc,phases   ] GC(5)   Post Evacuate Collection Set: 1.3ms
[2025-06-30T11:46:44.530+0000][706046][info ][gc,phases   ] GC(5)   Other: 0.1ms
[2025-06-30T11:46:44.530+0000][706046][trace][gc,age      ] GC(5) Age table with threshold 15 (max threshold 15)
[2025-06-30T11:46:44.530+0000][706046][trace][gc,age      ] GC(5) - age   1:    7789336 bytes,    7789336 total
[2025-06-30T11:46:44.530+0000][706046][trace][gc,age      ] GC(5) - age   2:    1835280 bytes,    9624616 total
[2025-06-30T11:46:44.530+0000][706046][trace][gc,age      ] GC(5) - age   3:    1031552 bytes,   10656168 total
[2025-06-30T11:46:44.530+0000][706046][trace][gc,age      ] GC(5) - age   4:    6320912 bytes,   16977080 total
[2025-06-30T11:46:44.530+0000][706046][info ][gc,heap     ] GC(5) Eden regions: 66->0(71)
[2025-06-30T11:46:44.530+0000][706046][info ][gc,heap     ] GC(5) Survivor regions: 3->5(9)
[2025-06-30T11:46:44.530+0000][706046][info ][gc,heap     ] GC(5) Old regions: 2->1
[2025-06-30T11:46:44.530+0000][706046][info ][gc,heap     ] GC(5) Humongous regions: 0->0
[2025-06-30T11:46:44.530+0000][706046][info ][gc,metaspace] GC(5) Metaspace: 29852K(30528K)->29852K(30528K) NonClass: 26452K(26816K)->26452K(26816K) Class: 3399K(3712K)->3399K(3712K)
[2025-06-30T11:46:44.530+0000][706046][info ][gc          ] GC(5) Pause Young (Mixed) (G1 Evacuation Pause) 276M->20M(512M) 11.591ms
[2025-06-30T11:46:44.530+0000][706046][info ][gc,cpu      ] GC(5) User=0.10s Sys=0.00s Real=0.01s
[2025-06-30T11:46:44.530+0000][706046][info ][safepoint   ] Safepoint "G1CollectForAllocation", Time since last: 5545443 ns, Reaching safepoint: 2614 ns, Cleanup: 6210 ns, At safepoint: 11666516 ns, Total: 11675340 ns
[2025-06-30T11:46:44.741+0000][706046][info ][gc,start    ] GC(6) Pause Young (Normal) (G1 Evacuation Pause)
[2025-06-30T11:46:44.741+0000][706046][info ][gc,task     ] GC(6) Using 12 workers of 63 for evacuation
[2025-06-30T11:46:44.741+0000][706046][debug][gc,age      ] GC(6) Desired survivor size 20971520 bytes, new threshold 15 (max threshold 15)
[2025-06-30T11:46:44.748+0000][706046][info ][gc,phases   ] GC(6)   Pre Evacuate Collection Set: 0.1ms
[2025-06-30T11:46:44.748+0000][706046][info ][gc,phases   ] GC(6)   Merge Heap Roots: 0.1ms
[2025-06-30T11:46:44.748+0000][706046][info ][gc,phases   ] GC(6)   Evacuate Collection Set: 6.1ms
[2025-06-30T11:46:44.748+0000][706046][info ][gc,phases   ] GC(6)   Post Evacuate Collection Set: 1.0ms
[2025-06-30T11:46:44.748+0000][706046][info ][gc,phases   ] GC(6)   Other: 0.1ms
[2025-06-30T11:46:44.748+0000][706046][trace][gc,age      ] GC(6) Age table with threshold 15 (max threshold 15)
[2025-06-30T11:46:44.748+0000][706046][trace][gc,age      ] GC(6) - age   1:    3080784 bytes,    3080784 total
[2025-06-30T11:46:44.748+0000][706046][trace][gc,age      ] GC(6) - age   2:    7467024 bytes,   10547808 total
[2025-06-30T11:46:44.748+0000][706046][trace][gc,age      ] GC(6) - age   3:    1834896 bytes,   12382704 total
[2025-06-30T11:46:44.748+0000][706046][trace][gc,age      ] GC(6) - age   4:    1031552 bytes,   13414256 total
[2025-06-30T11:46:44.748+0000][706046][trace][gc,age      ] GC(6) - age   5:    6320912 bytes,   19735168 total
[2025-06-30T11:46:44.748+0000][706046][info ][gc,heap     ] GC(6) Eden regions: 71->0(70)
[2025-06-30T11:46:44.748+0000][706046][info ][gc,heap     ] GC(6) Survivor regions: 5->6(10)
[2025-06-30T11:46:44.748+0000][706046][info ][gc,heap     ] GC(6) Old regions: 1->1
[2025-06-30T11:46:44.748+0000][706046][info ][gc,heap     ] GC(6) Humongous regions: 0->0
[2025-06-30T11:46:44.748+0000][706046][info ][gc,metaspace] GC(6) Metaspace: 30494K(31296K)->30494K(31296K) NonClass: 27011K(27456K)->27011K(27456K) Class: 3483K(3840K)->3483K(3840K)
[2025-06-30T11:46:44.749+0000][706046][info ][gc          ] GC(6) Pause Young (Normal) (G1 Evacuation Pause) 304M->23M(512M) 7.566ms
[2025-06-30T11:46:44.749+0000][706046][info ][gc,cpu      ] GC(6) User=0.06s Sys=0.01s Real=0.01s
[2025-06-30T11:46:44.749+0000][706046][info ][safepoint   ] Safepoint "G1CollectForAllocation", Time since last: 210543824 ns, Reaching safepoint: 7822 ns, Cleanup: 112510 ns, At safepoint: 7639837 ns, Total: 7760169 ns
[2025-06-30T11:46:44.969+0000][706046][info ][gc,start    ] GC(7) Pause Young (Concurrent Start) (Metadata GC Threshold)
[2025-06-30T11:46:44.969+0000][706046][info ][gc,task     ] GC(7) Using 12 workers of 63 for evacuation
[2025-06-30T11:46:44.969+0000][706046][debug][gc,age      ] GC(7) Desired survivor size 20971520 bytes, new threshold 15 (max threshold 15)
[2025-06-30T11:46:44.976+0000][706046][info ][gc,phases   ] GC(7)   Pre Evacuate Collection Set: 0.2ms
[2025-06-30T11:46:44.976+0000][706046][info ][gc,phases   ] GC(7)   Merge Heap Roots: 0.0ms
[2025-06-30T11:46:44.976+0000][706046][info ][gc,phases   ] GC(7)   Evacuate Collection Set: 5.6ms
[2025-06-30T11:46:44.976+0000][706046][info ][gc,phases   ] GC(7)   Post Evacuate Collection Set: 1.0ms
[2025-06-30T11:46:44.976+0000][706046][info ][gc,phases   ] GC(7)   Other: 0.1ms
[2025-06-30T11:46:44.976+0000][706046][trace][gc,age      ] GC(7) Age table with threshold 15 (max threshold 15)
[2025-06-30T11:46:44.976+0000][706046][trace][gc,age      ] GC(7) - age   1:    2745128 bytes,    2745128 total
[2025-06-30T11:46:44.976+0000][706046][trace][gc,age      ] GC(7) - age   2:    2422880 bytes,    5168008 total
[2025-06-30T11:46:44.976+0000][706046][trace][gc,age      ] GC(7) - age   3:    7462928 bytes,   12630936 total
[2025-06-30T11:46:44.976+0000][706046][trace][gc,age      ] GC(7) - age   4:    1833744 bytes,   14464680 total
[2025-06-30T11:46:44.976+0000][706046][trace][gc,age      ] GC(7) - age   5:    1031344 bytes,   15496024 total
[2025-06-30T11:46:44.976+0000][706046][trace][gc,age      ] GC(7) - age   6:    6319672 bytes,   21815696 total
[2025-06-30T11:46:44.976+0000][706046][info ][gc,heap     ] GC(7) Eden regions: 20->0(70)
[2025-06-30T11:46:44.976+0000][706046][info ][gc,heap     ] GC(7) Survivor regions: 6->6(10)
[2025-06-30T11:46:44.976+0000][706046][info ][gc,heap     ] GC(7) Old regions: 1->1
[2025-06-30T11:46:44.976+0000][706046][info ][gc,heap     ] GC(7) Humongous regions: 0->0
[2025-06-30T11:46:44.976+0000][706046][info ][gc,metaspace] GC(7) Metaspace: 35272K(36096K)->35272K(36096K) NonClass: 31297K(31808K)->31297K(31808K) Class: 3975K(4288K)->3975K(4288K)
[2025-06-30T11:46:44.976+0000][706046][info ][gc          ] GC(7) Pause Young (Concurrent Start) (Metadata GC Threshold) 103M->26M(512M) 7.059ms
[2025-06-30T11:46:44.976+0000][706046][info ][gc,cpu      ] GC(7) User=0.07s Sys=0.00s Real=0.01s
[2025-06-30T11:46:44.976+0000][706046][info ][gc          ] GC(8) Concurrent Mark Cycle
[2025-06-30T11:46:44.976+0000][706046][info ][gc,marking  ] GC(8) Concurrent Scan Root Regions
[2025-06-30T11:46:44.976+0000][706046][info ][safepoint   ] Safepoint "CollectForMetadataAllocation", Time since last: 220150931 ns, Reaching safepoint: 7111 ns, Cleanup: 171899 ns, At safepoint: 7189606 ns, Total: 7368616 ns
[2025-06-30T11:46:44.978+0000][706046][info ][gc,marking  ] GC(8) Concurrent Scan Root Regions 2.169ms
[2025-06-30T11:46:44.978+0000][706046][info ][gc,marking  ] GC(8) Concurrent Mark
[2025-06-30T11:46:44.978+0000][706046][info ][gc,marking  ] GC(8) Concurrent Mark From Roots
[2025-06-30T11:46:44.978+0000][706046][info ][gc,task     ] GC(8) Using 16 workers of 16 for marking
[2025-06-30T11:46:44.980+0000][706046][info ][gc,marking  ] GC(8) Concurrent Mark From Roots 1.997ms
[2025-06-30T11:46:44.980+0000][706046][info ][gc,marking  ] GC(8) Concurrent Preclean
[2025-06-30T11:46:44.980+0000][706046][info ][gc,marking  ] GC(8) Concurrent Preclean 0.015ms
[2025-06-30T11:46:44.980+0000][706046][info ][gc,start    ] GC(8) Pause Remark
[2025-06-30T11:46:44.984+0000][706046][info ][gc          ] GC(8) Pause Remark 28M->28M(512M) 3.982ms
[2025-06-30T11:46:44.984+0000][706046][info ][gc,cpu      ] GC(8) User=0.02s Sys=0.00s Real=0.00s
[2025-06-30T11:46:44.984+0000][706046][info ][safepoint   ] Safepoint "G1PauseRemark", Time since last: 4214364 ns, Reaching safepoint: 67993 ns, Cleanup: 1402 ns, At safepoint: 4016685 ns, Total: 4086080 ns
[2025-06-30T11:46:44.984+0000][706046][info ][gc,marking  ] GC(8) Concurrent Mark 6.138ms
[2025-06-30T11:46:44.984+0000][706046][info ][gc,marking  ] GC(8) Concurrent Rebuild Remembered Sets and Scrub Regions
[2025-06-30T11:46:44.985+0000][706046][info ][gc,marking  ] GC(8) Concurrent Rebuild Remembered Sets and Scrub Regions 0.794ms
[2025-06-30T11:46:44.985+0000][706046][info ][gc,start    ] GC(8) Pause Cleanup
[2025-06-30T11:46:44.985+0000][706046][info ][gc          ] GC(8) Pause Cleanup 28M->28M(512M) 0.046ms
[2025-06-30T11:46:44.985+0000][706046][info ][gc,cpu      ] GC(8) User=0.00s Sys=0.00s Real=0.01s
[2025-06-30T11:46:44.985+0000][706046][info ][safepoint   ] Safepoint "G1PauseCleanup", Time since last: 837655 ns, Reaching safepoint: 128023 ns, Cleanup: 6821 ns, At safepoint: 61983 ns, Total: 196827 ns
[2025-06-30T11:46:44.985+0000][706046][info ][gc,marking  ] GC(8) Concurrent Clear Claimed Marks
[2025-06-30T11:46:44.985+0000][706046][info ][gc,marking  ] GC(8) Concurrent Clear Claimed Marks 0.059ms
[2025-06-30T11:46:44.985+0000][706046][info ][gc,marking  ] GC(8) Concurrent Cleanup for Next Mark
[2025-06-30T11:46:44.986+0000][706046][info ][gc,marking  ] GC(8) Concurrent Cleanup for Next Mark 0.177ms
[2025-06-30T11:46:44.986+0000][706046][info ][gc          ] GC(8) Concurrent Mark Cycle 9.643ms
[2025-06-30T11:46:45.333+0000][706046][info ][gc,start    ] GC(9) Pause Young (Normal) (G1 Evacuation Pause)
[2025-06-30T11:46:45.333+0000][706046][info ][gc,task     ] GC(9) Using 12 workers of 63 for evacuation
[2025-06-30T11:46:45.333+0000][706046][debug][gc,age      ] GC(9) Desired survivor size 20971520 bytes, new threshold 6 (max threshold 15)
[2025-06-30T11:46:45.341+0000][706046][info ][gc,phases   ] GC(9)   Pre Evacuate Collection Set: 0.1ms
[2025-06-30T11:46:45.341+0000][706046][info ][gc,phases   ] GC(9)   Merge Heap Roots: 0.1ms
[2025-06-30T11:46:45.341+0000][706046][info ][gc,phases   ] GC(9)   Evacuate Collection Set: 7.2ms
[2025-06-30T11:46:45.341+0000][706046][info ][gc,phases   ] GC(9)   Post Evacuate Collection Set: 1.2ms
[2025-06-30T11:46:45.341+0000][706046][info ][gc,phases   ] GC(9)   Other: 0.1ms
[2025-06-30T11:46:45.341+0000][706046][trace][gc,age      ] GC(9) Age table with threshold 6 (max threshold 15)
[2025-06-30T11:46:45.341+0000][706046][trace][gc,age      ] GC(9) - age   1:    6088576 bytes,    6088576 total
[2025-06-30T11:46:45.341+0000][706046][trace][gc,age      ] GC(9) - age   2:    2727912 bytes,    8816488 total
[2025-06-30T11:46:45.341+0000][706046][trace][gc,age      ] GC(9) - age   3:    2421480 bytes,   11237968 total
[2025-06-30T11:46:45.341+0000][706046][trace][gc,age      ] GC(9) - age   4:    7460168 bytes,   18698136 total
[2025-06-30T11:46:45.341+0000][706046][trace][gc,age      ] GC(9) - age   5:    1833264 bytes,   20531400 total
[2025-06-30T11:46:45.341+0000][706046][trace][gc,age      ] GC(9) - age   6:    1031216 bytes,   21562616 total
[2025-06-30T11:46:45.341+0000][706046][info ][gc,heap     ] GC(9) Eden regions: 70->0(70)
[2025-06-30T11:46:45.341+0000][706046][info ][gc,heap     ] GC(9) Survivor regions: 6->6(10)
[2025-06-30T11:46:45.341+0000][706046][info ][gc,heap     ] GC(9) Old regions: 1->3
[2025-06-30T11:46:45.341+0000][706046][info ][gc,heap     ] GC(9) Humongous regions: 0->0
[2025-06-30T11:46:45.341+0000][706046][info ][gc,metaspace] GC(9) Metaspace: 37571K(38528K)->37571K(38528K) NonClass: 33291K(33856K)->33291K(33856K) Class: 4280K(4672K)->4280K(4672K)
[2025-06-30T11:46:45.341+0000][706046][info ][gc          ] GC(9) Pause Young (Normal) (G1 Evacuation Pause) 306M->32M(512M) 8.760ms
[2025-06-30T11:46:45.341+0000][706046][info ][gc,cpu      ] GC(9) User=0.09s Sys=0.01s Real=0.01s
[2025-06-30T11:46:45.341+0000][706046][info ][safepoint   ] Safepoint "G1CollectForAllocation", Time since last: 346865923 ns, Reaching safepoint: 5028 ns, Cleanup: 212110 ns, At safepoint: 8831055 ns, Total: 9048193 ns
[2025-06-30T11:46:45.590+0000][706046][info ][gc,start    ] GC(10) Pause Young (Normal) (G1 Evacuation Pause)
[2025-06-30T11:46:45.590+0000][706046][info ][gc,task     ] GC(10) Using 12 workers of 63 for evacuation
[2025-06-30T11:46:45.590+0000][706046][debug][gc,age      ] GC(10) Desired survivor size 20971520 bytes, new threshold 6 (max threshold 15)
[2025-06-30T11:46:45.594+0000][706046][info ][gc,phases   ] GC(10)   Pre Evacuate Collection Set: 0.1ms
[2025-06-30T11:46:45.594+0000][706046][info ][gc,phases   ] GC(10)   Merge Heap Roots: 0.1ms
[2025-06-30T11:46:45.594+0000][706046][info ][gc,phases   ] GC(10)   Evacuate Collection Set: 2.5ms
[2025-06-30T11:46:45.594+0000][706046][info ][gc,phases   ] GC(10)   Post Evacuate Collection Set: 0.9ms
[2025-06-30T11:46:45.594+0000][706046][info ][gc,phases   ] GC(10)   Other: 0.1ms
[2025-06-30T11:46:45.594+0000][706046][trace][gc,age      ] GC(10) Age table with threshold 6 (max threshold 15)
[2025-06-30T11:46:45.594+0000][706046][trace][gc,age      ] GC(10) - age   1:    3744160 bytes,    3744160 total
[2025-06-30T11:46:45.594+0000][706046][trace][gc,age      ] GC(10) - age   2:    5639632 bytes,    9383792 total
[2025-06-30T11:46:45.594+0000][706046][trace][gc,age      ] GC(10) - age   3:    2725816 bytes,   12109608 total
[2025-06-30T11:46:45.594+0000][706046][trace][gc,age      ] GC(10) - age   4:    2421352 bytes,   14530960 total
[2025-06-30T11:46:45.594+0000][706046][trace][gc,age      ] GC(10) - age   5:    7457976 bytes,   21988936 total
[2025-06-30T11:46:45.594+0000][706046][trace][gc,age      ] GC(10) - age   6:    1832208 bytes,   23821144 total
[2025-06-30T11:46:45.594+0000][706046][info ][gc,heap     ] GC(10) Eden regions: 70->0(69)
[2025-06-30T11:46:45.594+0000][706046][info ][gc,heap     ] GC(10) Survivor regions: 6->7(10)
[2025-06-30T11:46:45.594+0000][706046][info ][gc,heap     ] GC(10) Old regions: 3->3
[2025-06-30T11:46:45.594+0000][706046][info ][gc,heap     ] GC(10) Humongous regions: 0->0
[2025-06-30T11:46:45.594+0000][706046][info ][gc,metaspace] GC(10) Metaspace: 38276K(39232K)->38276K(39232K) NonClass: 33895K(34432K)->33895K(34432K) Class: 4381K(4800K)->4381K(4800K)
[2025-06-30T11:46:45.594+0000][706046][info ][gc          ] GC(10) Pause Young (Normal) (G1 Evacuation Pause) 312M->35M(512M) 3.823ms
[2025-06-30T11:46:45.594+0000][706046][info ][gc,cpu      ] GC(10) User=0.03s Sys=0.00s Real=0.00s
[2025-06-30T11:46:45.594+0000][706046][info ][safepoint   ] Safepoint "G1CollectForAllocation", Time since last: 248935957 ns, Reaching safepoint: 7151 ns, Cleanup: 87121 ns, At safepoint: 3900330 ns, Total: 3994602 ns
[2025-06-30T11:46:45.901+0000][706046][info ][safepoint   ] Safepoint "ICBufferFull", Time since last: 306646571 ns, Reaching safepoint: 6119 ns, Cleanup: 210368 ns, At safepoint: 4887 ns, Total: 221374 ns
[2025-06-30T11:46:46.302+0000][706046][info ][gc,start    ] GC(11) Pause Young (Normal) (G1 Evacuation Pause)
[2025-06-30T11:46:46.302+0000][706046][info ][gc,task     ] GC(11) Using 12 workers of 63 for evacuation
[2025-06-30T11:46:46.302+0000][706046][debug][gc,age      ] GC(11) Desired survivor size 20971520 bytes, new threshold 5 (max threshold 15)
[2025-06-30T11:46:46.310+0000][706046][info ][gc,phases   ] GC(11)   Pre Evacuate Collection Set: 0.1ms
[2025-06-30T11:46:46.310+0000][706046][info ][gc,phases   ] GC(11)   Merge Heap Roots: 0.1ms
[2025-06-30T11:46:46.310+0000][706046][info ][gc,phases   ] GC(11)   Evacuate Collection Set: 6.5ms
[2025-06-30T11:46:46.310+0000][706046][info ][gc,phases   ] GC(11)   Post Evacuate Collection Set: 1.1ms
[2025-06-30T11:46:46.310+0000][706046][info ][gc,phases   ] GC(11)   Other: 0.1ms
[2025-06-30T11:46:46.310+0000][706046][trace][gc,age      ] GC(11) Age table with threshold 5 (max threshold 15)
[2025-06-30T11:46:46.310+0000][706046][trace][gc,age      ] GC(11) - age   1:    4818000 bytes,    4818000 total
[2025-06-30T11:46:46.310+0000][706046][trace][gc,age      ] GC(11) - age   2:    3357800 bytes,    8175800 total
[2025-06-30T11:46:46.310+0000][706046][trace][gc,age      ] GC(11) - age   3:    5615240 bytes,   13791040 total
[2025-06-30T11:46:46.310+0000][706046][trace][gc,age      ] GC(11) - age   4:    2719928 bytes,   16510968 total
[2025-06-30T11:46:46.310+0000][706046][trace][gc,age      ] GC(11) - age   5:    2419416 bytes,   18930384 total
[2025-06-30T11:46:46.310+0000][706046][info ][gc,heap     ] GC(11) Eden regions: 69->0(70)
[2025-06-30T11:46:46.310+0000][706046][info ][gc,heap     ] GC(11) Survivor regions: 7->6(10)
[2025-06-30T11:46:46.310+0000][706046][info ][gc,heap     ] GC(11) Old regions: 3->5
[2025-06-30T11:46:46.310+0000][706046][info ][gc,heap     ] GC(11) Humongous regions: 0->0
[2025-06-30T11:46:46.310+0000][706046][info ][gc,metaspace] GC(11) Metaspace: 49363K(50560K)->49363K(50560K) NonClass: 43590K(44288K)->43590K(44288K) Class: 5772K(6272K)->5772K(6272K)
[2025-06-30T11:46:46.310+0000][706046][info ][gc          ] GC(11) Pause Young (Normal) (G1 Evacuation Pause) 311M->39M(512M) 7.999ms
[2025-06-30T11:46:46.310+0000][706046][info ][gc,cpu      ] GC(11) User=0.08s Sys=0.01s Real=0.01s
[2025-06-30T11:46:46.310+0000][706046][info ][safepoint   ] Safepoint "G1CollectForAllocation", Time since last: 400504648 ns, Reaching safepoint: 6069 ns, Cleanup: 187343 ns, At safepoint: 8078599 ns, Total: 8272011 ns
[2025-06-30T11:46:46.345+0000][706046][info ][gc,heap,exit] Heap
[2025-06-30T11:46:46.347+0000][706046][info ][gc,heap,exit]  garbage-first heap   total 524288K, used 90056K [0x00000000e0000000, 0x0000000100000000)
[2025-06-30T11:46:46.347+0000][706046][info ][gc,heap,exit]   region size 4096K, 18 young (73728K), 6 survivors (24576K)
[2025-06-30T11:46:46.347+0000][706046][info ][gc,heap,exit]  Metaspace       used 49612K, committed 50880K, reserved 1114112K
[2025-06-30T11:46:46.347+0000][706046][info ][gc,heap,exit]   class space    used 5811K, committed 6336K, reserved 1048576K
