[2025-08-28T12:59:53.639+0000][1088462][info][gc,init] CardTable entry size: 512
[2025-08-28T12:59:53.639+0000][1088462][info][gc     ] Using G1
[2025-08-28T12:59:53.648+0000][1088462][info][gc,init] Version: 21.0.2+13-58 (release)
[2025-08-28T12:59:53.648+0000][1088462][info][gc,init] CPUs: 48 total, 48 available
[2025-08-28T12:59:53.648+0000][1088462][info][gc,init] Memory: 377G
[2025-08-28T12:59:53.648+0000][1088462][info][gc,init] Large Page Support: Disabled
[2025-08-28T12:59:53.648+0000][1088462][info][gc,init] NUMA Support: Disabled
[2025-08-28T12:59:53.648+0000][1088462][info][gc,init] Compressed Oops: Enabled (32-bit)
[2025-08-28T12:59:53.648+0000][1088462][info][gc,init] Heap Region Size: 4M
[2025-08-28T12:59:53.648+0000][1088462][info][gc,init] Heap Min Capacity: 512M
[2025-08-28T12:59:53.648+0000][1088462][info][gc,init] Heap Initial Capacity: 512M
[2025-08-28T12:59:53.648+0000][1088462][info][gc,init] Heap Max Capacity: 512M
[2025-08-28T12:59:53.648+0000][1088462][info][gc,init] Pre-touch: Enabled
[2025-08-28T12:59:53.648+0000][1088462][info][gc,init] Parallel Workers: 33
[2025-08-28T12:59:53.648+0000][1088462][info][gc,init] Concurrent Workers: 8
[2025-08-28T12:59:53.648+0000][1088462][info][gc,init] Concurrent Refinement Workers: 33
[2025-08-28T12:59:53.648+0000][1088462][info][gc,init] Periodic GC: Disabled
[2025-08-28T12:59:53.654+0000][1088462][info][gc,metaspace] CDS archive(s) mapped at: [0x000015524b000000-0x000015524bca6000-0x000015524bca6000), size 13262848, SharedBaseAddress: 0x000015524b000000, ArchiveRelocationMode: 1.
[2025-08-28T12:59:53.654+0000][1088462][info][gc,metaspace] Compressed class space mapped at: 0x000015524c000000-0x000015528c000000, reserved size: 1073741824
[2025-08-28T12:59:53.654+0000][1088462][info][gc,metaspace] Narrow klass base: 0x000015524b000000, Narrow klass shift: 0, Narrow klass range: 0x100000000
[2025-08-28T12:59:53.770+0000][1088462][info][gc,start    ] GC(0) Pause Young (Normal) (G1 Evacuation Pause)
[2025-08-28T12:59:53.770+0000][1088462][info][gc,task     ] GC(0) Using 12 workers of 33 for evacuation
[2025-08-28T12:59:53.770+0000][1088462][debug][gc,age      ] GC(0) Desired survivor size 2097152 bytes, new threshold 15 (max threshold 15)
[2025-08-28T12:59:53.771+0000][1088462][info ][gc,phases   ] GC(0)   Pre Evacuate Collection Set: 0.1ms
[2025-08-28T12:59:53.771+0000][1088462][info ][gc,phases   ] GC(0)   Merge Heap Roots: 0.0ms
[2025-08-28T12:59:53.771+0000][1088462][info ][gc,phases   ] GC(0)   Evacuate Collection Set: 0.6ms
[2025-08-28T12:59:53.771+0000][1088462][info ][gc,phases   ] GC(0)   Post Evacuate Collection Set: 0.3ms
[2025-08-28T12:59:53.771+0000][1088462][info ][gc,phases   ] GC(0)   Other: 0.0ms
[2025-08-28T12:59:53.771+0000][1088462][trace][gc,age      ] GC(0) Age table with threshold 15 (max threshold 15)
[2025-08-28T12:59:53.771+0000][1088462][trace][gc,age      ] GC(0) - age   1:    1915168 bytes,    1915168 total
[2025-08-28T12:59:53.771+0000][1088462][info ][gc,heap     ] GC(0) Eden regions: 6->0(21)
[2025-08-28T12:59:53.771+0000][1088462][info ][gc,heap     ] GC(0) Survivor regions: 0->1(1)
[2025-08-28T12:59:53.771+0000][1088462][info ][gc,heap     ] GC(0) Old regions: 1->1
[2025-08-28T12:59:53.771+0000][1088462][info ][gc,heap     ] GC(0) Humongous regions: 0->0
[2025-08-28T12:59:53.771+0000][1088462][info ][gc,metaspace] GC(0) Metaspace: 1008K(1152K)->1008K(1152K) NonClass: 939K(1024K)->939K(1024K) Class: 68K(128K)->68K(128K)
[2025-08-28T12:59:53.771+0000][1088462][info ][gc          ] GC(0) Pause Young (Normal) (G1 Evacuation Pause) 25M->3M(512M) 1.215ms
[2025-08-28T12:59:53.771+0000][1088462][info ][gc,cpu      ] GC(0) User=0.01s Sys=0.01s Real=0.01s
[2025-08-28T12:59:53.771+0000][1088462][info ][safepoint   ] Safepoint "G1CollectForAllocation", Time since last: 112435406 ns, Reaching safepoint: 4517 ns, Cleanup: 152089 ns, At safepoint: 1256067 ns, Total: 1412673 ns
[2025-08-28T12:59:53.922+0000][1088462][info ][safepoint   ] Safepoint "ICBufferFull", Time since last: 150708870 ns, Reaching safepoint: 5238 ns, Cleanup: 163686 ns, At safepoint: 5278 ns, Total: 174202 ns
[2025-08-28T12:59:54.086+0000][1088462][info ][safepoint   ] Safepoint "ICBufferFull", Time since last: 164300053 ns, Reaching safepoint: 69335 ns, Cleanup: 207772 ns, At safepoint: 7691 ns, Total: 284798 ns
[2025-08-28T12:59:54.265+0000][1088462][info ][safepoint   ] Safepoint "ICBufferFull", Time since last: 177963436 ns, Reaching safepoint: 3886 ns, Cleanup: 207742 ns, At safepoint: 3185 ns, Total: 214813 ns
[2025-08-28T12:59:54.397+0000][1088462][info ][safepoint   ] Safepoint "ICBufferFull", Time since last: 132537383 ns, Reaching safepoint: 70727 ns, Cleanup: 191207 ns, At safepoint: 5028 ns, Total: 266962 ns
[2025-08-28T12:59:54.587+0000][1088462][info ][gc,start    ] GC(1) Pause Young (Normal) (G1 Evacuation Pause)
[2025-08-28T12:59:54.588+0000][1088462][info ][gc,task     ] GC(1) Using 12 workers of 33 for evacuation
[2025-08-28T12:59:54.588+0000][1088462][debug][gc,age      ] GC(1) Desired survivor size 6291456 bytes, new threshold 15 (max threshold 15)
[2025-08-28T12:59:54.594+0000][1088462][info ][gc,phases   ] GC(1)   Pre Evacuate Collection Set: 0.1ms
[2025-08-28T12:59:54.594+0000][1088462][info ][gc,phases   ] GC(1)   Merge Heap Roots: 0.1ms
[2025-08-28T12:59:54.594+0000][1088462][info ][gc,phases   ] GC(1)   Evacuate Collection Set: 5.1ms
[2025-08-28T12:59:54.594+0000][1088462][info ][gc,phases   ] GC(1)   Post Evacuate Collection Set: 0.8ms
[2025-08-28T12:59:54.594+0000][1088462][info ][gc,phases   ] GC(1)   Other: 0.1ms
[2025-08-28T12:59:54.594+0000][1088462][trace][gc,age      ] GC(1) Age table with threshold 15 (max threshold 15)
[2025-08-28T12:59:54.594+0000][1088462][trace][gc,age      ] GC(1) - age   1:    7353680 bytes,    7353680 total
[2025-08-28T12:59:54.594+0000][1088462][trace][gc,age      ] GC(1) - age   2:    1816448 bytes,    9170128 total
[2025-08-28T12:59:54.594+0000][1088462][info ][gc,heap     ] GC(1) Eden regions: 21->0(23)
[2025-08-28T12:59:54.594+0000][1088462][info ][gc,heap     ] GC(1) Survivor regions: 1->3(3)
[2025-08-28T12:59:54.594+0000][1088462][info ][gc,heap     ] GC(1) Old regions: 1->1
[2025-08-28T12:59:54.594+0000][1088462][info ][gc,heap     ] GC(1) Humongous regions: 0->0
[2025-08-28T12:59:54.594+0000][1088462][info ][gc,metaspace] GC(1) Metaspace: 20281K(20864K)->20281K(20864K) NonClass: 18012K(18368K)->18012K(18368K) Class: 2269K(2496K)->2269K(2496K)
[2025-08-28T12:59:54.594+0000][1088462][info ][gc          ] GC(1) Pause Young (Normal) (G1 Evacuation Pause) 87M->10M(512M) 6.226ms
[2025-08-28T12:59:54.594+0000][1088462][info ][gc,cpu      ] GC(1) User=0.06s Sys=0.00s Real=0.01s
[2025-08-28T12:59:54.594+0000][1088462][info ][safepoint   ] Safepoint "G1CollectForAllocation", Time since last: 189964199 ns, Reaching safepoint: 5708 ns, Cleanup: 154993 ns, At safepoint: 6269241 ns, Total: 6429942 ns
[2025-08-28T12:59:54.778+0000][1088462][info ][safepoint   ] Safepoint "ICBufferFull", Time since last: 183904773 ns, Reaching safepoint: 5629 ns, Cleanup: 185719 ns, At safepoint: 3355 ns, Total: 194703 ns
[2025-08-28T12:59:54.800+0000][1088462][info ][gc,start    ] GC(2) Pause Young (Concurrent Start) (Metadata GC Threshold)
[2025-08-28T12:59:54.800+0000][1088462][info ][gc,task     ] GC(2) Using 12 workers of 33 for evacuation
[2025-08-28T12:59:54.800+0000][1088462][debug][gc,age      ] GC(2) Desired survivor size 8388608 bytes, new threshold 2 (max threshold 15)
[2025-08-28T12:59:54.806+0000][1088462][info ][gc,phases   ] GC(2)   Pre Evacuate Collection Set: 0.2ms
[2025-08-28T12:59:54.806+0000][1088462][info ][gc,phases   ] GC(2)   Merge Heap Roots: 0.0ms
[2025-08-28T12:59:54.806+0000][1088462][info ][gc,phases   ] GC(2)   Evacuate Collection Set: 4.3ms
[2025-08-28T12:59:54.806+0000][1088462][info ][gc,phases   ] GC(2)   Post Evacuate Collection Set: 1.0ms
[2025-08-28T12:59:54.806+0000][1088462][info ][gc,phases   ] GC(2)   Other: 0.1ms
[2025-08-28T12:59:54.806+0000][1088462][trace][gc,age      ] GC(2) Age table with threshold 2 (max threshold 15)
[2025-08-28T12:59:54.806+0000][1088462][trace][gc,age      ] GC(2) - age   1:     958648 bytes,     958648 total
[2025-08-28T12:59:54.806+0000][1088462][trace][gc,age      ] GC(2) - age   2:    6403848 bytes,    7362496 total
[2025-08-28T12:59:54.806+0000][1088462][info ][gc,heap     ] GC(2) Eden regions: 16->0(30)
[2025-08-28T12:59:54.806+0000][1088462][info ][gc,heap     ] GC(2) Survivor regions: 3->2(4)
[2025-08-28T12:59:54.806+0000][1088462][info ][gc,heap     ] GC(2) Old regions: 1->2
[2025-08-28T12:59:54.806+0000][1088462][info ][gc,heap     ] GC(2) Humongous regions: 0->0
[2025-08-28T12:59:54.806+0000][1088462][info ][gc,metaspace] GC(2) Metaspace: 20976K(21504K)->20976K(21504K) NonClass: 18656K(18944K)->18656K(18944K) Class: 2319K(2560K)->2319K(2560K)
[2025-08-28T12:59:54.806+0000][1088462][info ][gc          ] GC(2) Pause Young (Concurrent Start) (Metadata GC Threshold) 71M->10M(512M) 5.754ms
[2025-08-28T12:59:54.806+0000][1088462][info ][gc,cpu      ] GC(2) User=0.06s Sys=0.01s Real=0.01s
[2025-08-28T12:59:54.806+0000][1088462][info ][gc          ] GC(3) Concurrent Mark Cycle
[2025-08-28T12:59:54.806+0000][1088462][info ][gc,marking  ] GC(3) Concurrent Scan Root Regions
[2025-08-28T12:59:54.806+0000][1088462][info ][safepoint   ] Safepoint "CollectForMetadataAllocation", Time since last: 22143325 ns, Reaching safepoint: 7931 ns, Cleanup: 65279 ns, At safepoint: 5862669 ns, Total: 5935879 ns
[2025-08-28T12:59:54.806+0000][1088462][info ][safepoint   ] Safepoint "CollectForMetadataAllocation", Time since last: 43285 ns, Reaching safepoint: 70356 ns, Cleanup: 1122 ns, At safepoint: 6079 ns, Total: 77557 ns
[2025-08-28T12:59:54.806+0000][1088462][info ][safepoint   ] Safepoint "CollectForMetadataAllocation", Time since last: 24597 ns, Reaching safepoint: 66780 ns, Cleanup: 711 ns, At safepoint: 8383 ns, Total: 75874 ns
[2025-08-28T12:59:54.808+0000][1088462][info ][gc,marking  ] GC(3) Concurrent Scan Root Regions 1.757ms
[2025-08-28T12:59:54.808+0000][1088462][info ][gc,marking  ] GC(3) Concurrent Mark
[2025-08-28T12:59:54.808+0000][1088462][info ][gc,marking  ] GC(3) Concurrent Mark From Roots
[2025-08-28T12:59:54.808+0000][1088462][info ][gc,task     ] GC(3) Using 8 workers of 8 for marking
[2025-08-28T12:59:54.811+0000][1088462][info ][gc,marking  ] GC(3) Concurrent Mark From Roots 3.129ms
[2025-08-28T12:59:54.811+0000][1088462][info ][gc,marking  ] GC(3) Concurrent Preclean
[2025-08-28T12:59:54.811+0000][1088462][info ][gc,marking  ] GC(3) Concurrent Preclean 0.008ms
[2025-08-28T12:59:54.811+0000][1088462][info ][gc,start    ] GC(3) Pause Remark
[2025-08-28T12:59:54.813+0000][1088462][info ][gc          ] GC(3) Pause Remark 12M->12M(512M) 1.858ms
[2025-08-28T12:59:54.813+0000][1088462][info ][gc,cpu      ] GC(3) User=0.02s Sys=0.00s Real=0.00s
[2025-08-28T12:59:54.813+0000][1088462][info ][safepoint   ] Safepoint "G1PauseRemark", Time since last: 4687033 ns, Reaching safepoint: 65949 ns, Cleanup: 10837 ns, At safepoint: 1882769 ns, Total: 1959555 ns
[2025-08-28T12:59:54.813+0000][1088462][info ][gc,marking  ] GC(3) Concurrent Mark 5.135ms
[2025-08-28T12:59:54.813+0000][1088462][info ][gc,marking  ] GC(3) Concurrent Rebuild Remembered Sets and Scrub Regions
[2025-08-28T12:59:54.813+0000][1088462][info ][gc,marking  ] GC(3) Concurrent Rebuild Remembered Sets and Scrub Regions 0.416ms
[2025-08-28T12:59:54.813+0000][1088462][info ][gc,start    ] GC(3) Pause Cleanup
[2025-08-28T12:59:54.813+0000][1088462][info ][gc          ] GC(3) Pause Cleanup 12M->12M(512M) 0.040ms
[2025-08-28T12:59:54.813+0000][1088462][info ][gc,cpu      ] GC(3) User=0.00s Sys=0.00s Real=0.00s
[2025-08-28T12:59:54.813+0000][1088462][info ][safepoint   ] Safepoint "G1PauseCleanup", Time since last: 445159 ns, Reaching safepoint: 64937 ns, Cleanup: 611 ns, At safepoint: 52509 ns, Total: 118057 ns
[2025-08-28T12:59:54.813+0000][1088462][info ][gc,marking  ] GC(3) Concurrent Clear Claimed Marks
[2025-08-28T12:59:54.813+0000][1088462][info ][gc,marking  ] GC(3) Concurrent Clear Claimed Marks 0.045ms
[2025-08-28T12:59:54.813+0000][1088462][info ][gc,marking  ] GC(3) Concurrent Cleanup for Next Mark
[2025-08-28T12:59:54.813+0000][1088462][info ][gc,marking  ] GC(3) Concurrent Cleanup for Next Mark 0.099ms
[2025-08-28T12:59:54.813+0000][1088462][info ][gc          ] GC(3) Concurrent Mark Cycle 7.657ms
[2025-08-28T12:59:55.026+0000][1088462][info ][gc,start    ] GC(4) Pause Young (Prepare Mixed) (G1 Evacuation Pause)
[2025-08-28T12:59:55.027+0000][1088462][info ][gc,task     ] GC(4) Using 12 workers of 33 for evacuation
[2025-08-28T12:59:55.027+0000][1088462][debug][gc,age      ] GC(4) Desired survivor size 8388608 bytes, new threshold 15 (max threshold 15)
[2025-08-28T12:59:55.031+0000][1088462][info ][gc,phases   ] GC(4)   Pre Evacuate Collection Set: 0.1ms
[2025-08-28T12:59:55.031+0000][1088462][info ][gc,phases   ] GC(4)   Merge Heap Roots: 0.0ms
[2025-08-28T12:59:55.031+0000][1088462][info ][gc,phases   ] GC(4)   Evacuate Collection Set: 4.0ms
[2025-08-28T12:59:55.031+0000][1088462][info ][gc,phases   ] GC(4)   Post Evacuate Collection Set: 0.7ms
[2025-08-28T12:59:55.031+0000][1088462][info ][gc,phases   ] GC(4)   Other: 0.1ms
[2025-08-28T12:59:55.031+0000][1088462][trace][gc,age      ] GC(4) Age table with threshold 15 (max threshold 15)
[2025-08-28T12:59:55.031+0000][1088462][trace][gc,age      ] GC(4) - age   1:    2630480 bytes,    2630480 total
[2025-08-28T12:59:55.031+0000][1088462][trace][gc,age      ] GC(4) - age   2:     950072 bytes,    3580552 total
[2025-08-28T12:59:55.031+0000][1088462][trace][gc,age      ] GC(4) - age   3:    6395160 bytes,    9975712 total
[2025-08-28T12:59:55.031+0000][1088462][info ][gc,heap     ] GC(4) Eden regions: 30->0(65)
[2025-08-28T12:59:55.031+0000][1088462][info ][gc,heap     ] GC(4) Survivor regions: 2->3(4)
[2025-08-28T12:59:55.031+0000][1088462][info ][gc,heap     ] GC(4) Old regions: 2->2
[2025-08-28T12:59:55.031+0000][1088462][info ][gc,heap     ] GC(4) Humongous regions: 0->0
[2025-08-28T12:59:55.031+0000][1088462][info ][gc,metaspace] GC(4) Metaspace: 23678K(24320K)->23678K(24320K) NonClass: 21083K(21440K)->21083K(21440K) Class: 2594K(2880K)->2594K(2880K)
[2025-08-28T12:59:55.032+0000][1088462][info ][gc          ] GC(4) Pause Young (Prepare Mixed) (G1 Evacuation Pause) 130M->13M(512M) 5.056ms
[2025-08-28T12:59:55.032+0000][1088462][info ][gc,cpu      ] GC(4) User=0.04s Sys=0.01s Real=0.01s
[2025-08-28T12:59:55.032+0000][1088462][info ][safepoint   ] Safepoint "G1CollectForAllocation", Time since last: 212893956 ns, Reaching safepoint: 7701 ns, Cleanup: 178368 ns, At safepoint: 5115878 ns, Total: 5301947 ns
[2025-08-28T12:59:55.265+0000][1088462][info ][safepoint   ] Safepoint "ICBufferFull", Time since last: 233250185 ns, Reaching safepoint: 6860 ns, Cleanup: 219450 ns, At safepoint: 4216 ns, Total: 230526 ns
[2025-08-28T12:59:55.514+0000][1088462][info ][gc,start    ] GC(5) Pause Young (Mixed) (G1 Evacuation Pause)
[2025-08-28T12:59:55.514+0000][1088462][info ][gc,task     ] GC(5) Using 12 workers of 33 for evacuation
[2025-08-28T12:59:55.514+0000][1088462][debug][gc,age      ] GC(5) Desired survivor size 18874368 bytes, new threshold 15 (max threshold 15)
[2025-08-28T12:59:55.524+0000][1088462][info ][gc,phases   ] GC(5)   Pre Evacuate Collection Set: 0.1ms
[2025-08-28T12:59:55.524+0000][1088462][info ][gc,phases   ] GC(5)   Merge Heap Roots: 0.1ms
[2025-08-28T12:59:55.524+0000][1088462][info ][gc,phases   ] GC(5)   Evacuate Collection Set: 8.1ms
[2025-08-28T12:59:55.524+0000][1088462][info ][gc,phases   ] GC(5)   Post Evacuate Collection Set: 0.9ms
[2025-08-28T12:59:55.524+0000][1088462][info ][gc,phases   ] GC(5)   Other: 0.1ms
[2025-08-28T12:59:55.524+0000][1088462][trace][gc,age      ] GC(5) Age table with threshold 15 (max threshold 15)
[2025-08-28T12:59:55.524+0000][1088462][trace][gc,age      ] GC(5) - age   1:    7075864 bytes,    7075864 total
[2025-08-28T12:59:55.524+0000][1088462][trace][gc,age      ] GC(5) - age   2:    2576640 bytes,    9652504 total
[2025-08-28T12:59:55.524+0000][1088462][trace][gc,age      ] GC(5) - age   3:     949776 bytes,   10602280 total
[2025-08-28T12:59:55.524+0000][1088462][trace][gc,age      ] GC(5) - age   4:    6390616 bytes,   16992896 total
[2025-08-28T12:59:55.524+0000][1088462][info ][gc,heap     ] GC(5) Eden regions: 65->0(71)
[2025-08-28T12:59:55.524+0000][1088462][info ][gc,heap     ] GC(5) Survivor regions: 3->5(9)
[2025-08-28T12:59:55.524+0000][1088462][info ][gc,heap     ] GC(5) Old regions: 2->1
[2025-08-28T12:59:55.524+0000][1088462][info ][gc,heap     ] GC(5) Humongous regions: 0->0
[2025-08-28T12:59:55.524+0000][1088462][info ][gc,metaspace] GC(5) Metaspace: 29850K(30528K)->29850K(30528K) NonClass: 26451K(26816K)->26451K(26816K) Class: 3399K(3712K)->3399K(3712K)
[2025-08-28T12:59:55.524+0000][1088462][info ][gc          ] GC(5) Pause Young (Mixed) (G1 Evacuation Pause) 273M->20M(512M) 9.417ms
[2025-08-28T12:59:55.524+0000][1088462][info ][gc,cpu      ] GC(5) User=0.09s Sys=0.01s Real=0.01s
[2025-08-28T12:59:55.524+0000][1088462][info ][safepoint   ] Safepoint "G1CollectForAllocation", Time since last: 249188715 ns, Reaching safepoint: 5799 ns, Cleanup: 174132 ns, At safepoint: 9472584 ns, Total: 9652515 ns
[2025-08-28T12:59:55.750+0000][1088462][info ][gc,start    ] GC(6) Pause Young (Normal) (G1 Evacuation Pause)
[2025-08-28T12:59:55.750+0000][1088462][info ][gc,task     ] GC(6) Using 12 workers of 33 for evacuation
[2025-08-28T12:59:55.750+0000][1088462][debug][gc,age      ] GC(6) Desired survivor size 20971520 bytes, new threshold 15 (max threshold 15)
[2025-08-28T12:59:55.756+0000][1088462][info ][gc,phases   ] GC(6)   Pre Evacuate Collection Set: 0.1ms
[2025-08-28T12:59:55.756+0000][1088462][info ][gc,phases   ] GC(6)   Merge Heap Roots: 0.1ms
[2025-08-28T12:59:55.756+0000][1088462][info ][gc,phases   ] GC(6)   Evacuate Collection Set: 4.8ms
[2025-08-28T12:59:55.756+0000][1088462][info ][gc,phases   ] GC(6)   Post Evacuate Collection Set: 1.0ms
[2025-08-28T12:59:55.756+0000][1088462][info ][gc,phases   ] GC(6)   Other: 0.1ms
[2025-08-28T12:59:55.756+0000][1088462][trace][gc,age      ] GC(6) Age table with threshold 15 (max threshold 15)
[2025-08-28T12:59:55.756+0000][1088462][trace][gc,age      ] GC(6) - age   1:    3290232 bytes,    3290232 total
[2025-08-28T12:59:55.756+0000][1088462][trace][gc,age      ] GC(6) - age   2:    6729280 bytes,   10019512 total
[2025-08-28T12:59:55.756+0000][1088462][trace][gc,age      ] GC(6) - age   3:    2576256 bytes,   12595768 total
[2025-08-28T12:59:55.756+0000][1088462][trace][gc,age      ] GC(6) - age   4:     949776 bytes,   13545544 total
[2025-08-28T12:59:55.756+0000][1088462][trace][gc,age      ] GC(6) - age   5:    6390616 bytes,   19936160 total
[2025-08-28T12:59:55.756+0000][1088462][info ][gc,heap     ] GC(6) Eden regions: 71->0(71)
[2025-08-28T12:59:55.756+0000][1088462][info ][gc,heap     ] GC(6) Survivor regions: 5->5(10)
[2025-08-28T12:59:55.756+0000][1088462][info ][gc,heap     ] GC(6) Old regions: 1->1
[2025-08-28T12:59:55.756+0000][1088462][info ][gc,heap     ] GC(6) Humongous regions: 0->0
[2025-08-28T12:59:55.756+0000][1088462][info ][gc,metaspace] GC(6) Metaspace: 30490K(31296K)->30490K(31296K) NonClass: 27007K(27456K)->27007K(27456K) Class: 3483K(3840K)->3483K(3840K)
[2025-08-28T12:59:55.756+0000][1088462][info ][gc          ] GC(6) Pause Young (Normal) (G1 Evacuation Pause) 304M->22M(512M) 6.199ms
[2025-08-28T12:59:55.756+0000][1088462][info ][gc,cpu      ] GC(6) User=0.05s Sys=0.01s Real=0.01s
[2025-08-28T12:59:55.756+0000][1088462][info ][safepoint   ] Safepoint "G1CollectForAllocation", Time since last: 225783535 ns, Reaching safepoint: 6700 ns, Cleanup: 91287 ns, At safepoint: 6269451 ns, Total: 6367438 ns
[2025-08-28T12:59:55.974+0000][1088462][info ][gc,start    ] GC(7) Pause Young (Concurrent Start) (Metadata GC Threshold)
[2025-08-28T12:59:55.974+0000][1088462][info ][gc,task     ] GC(7) Using 12 workers of 33 for evacuation
[2025-08-28T12:59:55.974+0000][1088462][debug][gc,age      ] GC(7) Desired survivor size 20971520 bytes, new threshold 15 (max threshold 15)
[2025-08-28T12:59:55.982+0000][1088462][info ][gc,phases   ] GC(7)   Pre Evacuate Collection Set: 0.2ms
[2025-08-28T12:59:55.982+0000][1088462][info ][gc,phases   ] GC(7)   Merge Heap Roots: 0.0ms
[2025-08-28T12:59:55.982+0000][1088462][info ][gc,phases   ] GC(7)   Evacuate Collection Set: 6.3ms
[2025-08-28T12:59:55.982+0000][1088462][info ][gc,phases   ] GC(7)   Post Evacuate Collection Set: 0.9ms
[2025-08-28T12:59:55.982+0000][1088462][info ][gc,phases   ] GC(7)   Other: 0.1ms
[2025-08-28T12:59:55.982+0000][1088462][trace][gc,age      ] GC(7) Age table with threshold 15 (max threshold 15)
[2025-08-28T12:59:55.982+0000][1088462][trace][gc,age      ] GC(7) - age   1:    2745736 bytes,    2745736 total
[2025-08-28T12:59:55.982+0000][1088462][trace][gc,age      ] GC(7) - age   2:    2422880 bytes,    5168616 total
[2025-08-28T12:59:55.982+0000][1088462][trace][gc,age      ] GC(7) - age   3:    6725184 bytes,   11893800 total
[2025-08-28T12:59:55.982+0000][1088462][trace][gc,age      ] GC(7) - age   4:    2575104 bytes,   14468904 total
[2025-08-28T12:59:55.982+0000][1088462][trace][gc,age      ] GC(7) - age   5:     949568 bytes,   15418472 total
[2025-08-28T12:59:55.982+0000][1088462][trace][gc,age      ] GC(7) - age   6:    6389376 bytes,   21807848 total
[2025-08-28T12:59:55.982+0000][1088462][info ][gc,heap     ] GC(7) Eden regions: 20->0(70)
[2025-08-28T12:59:55.982+0000][1088462][info ][gc,heap     ] GC(7) Survivor regions: 5->6(10)
[2025-08-28T12:59:55.982+0000][1088462][info ][gc,heap     ] GC(7) Old regions: 1->1
[2025-08-28T12:59:55.982+0000][1088462][info ][gc,heap     ] GC(7) Humongous regions: 0->0
[2025-08-28T12:59:55.982+0000][1088462][info ][gc,metaspace] GC(7) Metaspace: 35272K(36096K)->35272K(36096K) NonClass: 31296K(31808K)->31296K(31808K) Class: 3975K(4288K)->3975K(4288K)
[2025-08-28T12:59:55.982+0000][1088462][info ][gc          ] GC(7) Pause Young (Concurrent Start) (Metadata GC Threshold) 102M->25M(512M) 7.711ms
[2025-08-28T12:59:55.982+0000][1088462][info ][gc,cpu      ] GC(7) User=0.07s Sys=0.00s Real=0.01s
[2025-08-28T12:59:55.982+0000][1088462][info ][gc          ] GC(8) Concurrent Mark Cycle
[2025-08-28T12:59:55.982+0000][1088462][info ][gc,marking  ] GC(8) Concurrent Scan Root Regions
[2025-08-28T12:59:55.982+0000][1088462][info ][safepoint   ] Safepoint "CollectForMetadataAllocation", Time since last: 218163494 ns, Reaching safepoint: 7782 ns, Cleanup: 142053 ns, At safepoint: 7822295 ns, Total: 7972130 ns
[2025-08-28T12:59:55.984+0000][1088462][info ][gc,marking  ] GC(8) Concurrent Scan Root Regions 1.433ms
[2025-08-28T12:59:55.984+0000][1088462][info ][gc,marking  ] GC(8) Concurrent Mark
[2025-08-28T12:59:55.984+0000][1088462][info ][gc,marking  ] GC(8) Concurrent Mark From Roots
[2025-08-28T12:59:55.984+0000][1088462][info ][gc,task     ] GC(8) Using 8 workers of 8 for marking
[2025-08-28T12:59:55.985+0000][1088462][info ][gc,marking  ] GC(8) Concurrent Mark From Roots 1.864ms
[2025-08-28T12:59:55.985+0000][1088462][info ][gc,marking  ] GC(8) Concurrent Preclean
[2025-08-28T12:59:55.985+0000][1088462][info ][gc,marking  ] GC(8) Concurrent Preclean 0.013ms
[2025-08-28T12:59:55.986+0000][1088462][info ][gc,start    ] GC(8) Pause Remark
[2025-08-28T12:59:55.989+0000][1088462][info ][gc          ] GC(8) Pause Remark 27M->27M(512M) 3.573ms
[2025-08-28T12:59:55.989+0000][1088462][info ][gc,cpu      ] GC(8) User=0.02s Sys=0.00s Real=0.00s
[2025-08-28T12:59:55.989+0000][1088462][info ][safepoint   ] Safepoint "G1PauseRemark", Time since last: 3325046 ns, Reaching safepoint: 67101 ns, Cleanup: 1583 ns, At safepoint: 3598768 ns, Total: 3667452 ns
[2025-08-28T12:59:55.989+0000][1088462][info ][gc,marking  ] GC(8) Concurrent Mark 5.575ms
[2025-08-28T12:59:55.989+0000][1088462][info ][gc,marking  ] GC(8) Concurrent Rebuild Remembered Sets and Scrub Regions
[2025-08-28T12:59:55.990+0000][1088462][info ][gc,marking  ] GC(8) Concurrent Rebuild Remembered Sets and Scrub Regions 0.637ms
[2025-08-28T12:59:55.990+0000][1088462][info ][gc,start    ] GC(8) Pause Cleanup
[2025-08-28T12:59:55.990+0000][1088462][info ][gc          ] GC(8) Pause Cleanup 27M->27M(512M) 0.036ms
[2025-08-28T12:59:55.990+0000][1088462][info ][gc,cpu      ] GC(8) User=0.00s Sys=0.00s Real=0.00s
[2025-08-28T12:59:55.990+0000][1088462][info ][safepoint   ] Safepoint "G1PauseCleanup", Time since last: 660312 ns, Reaching safepoint: 65378 ns, Cleanup: 6259 ns, At safepoint: 48924 ns, Total: 120561 ns
[2025-08-28T12:59:55.990+0000][1088462][info ][gc,marking  ] GC(8) Concurrent Clear Claimed Marks
[2025-08-28T12:59:55.990+0000][1088462][info ][gc,marking  ] GC(8) Concurrent Clear Claimed Marks 0.013ms
[2025-08-28T12:59:55.990+0000][1088462][info ][gc,marking  ] GC(8) Concurrent Cleanup for Next Mark
[2025-08-28T12:59:55.990+0000][1088462][info ][gc,marking  ] GC(8) Concurrent Cleanup for Next Mark 0.107ms
[2025-08-28T12:59:55.990+0000][1088462][info ][gc          ] GC(8) Concurrent Mark Cycle 7.965ms
[2025-08-28T12:59:56.342+0000][1088462][info ][gc,start    ] GC(9) Pause Young (Normal) (G1 Evacuation Pause)
[2025-08-28T12:59:56.342+0000][1088462][info ][gc,task     ] GC(9) Using 12 workers of 33 for evacuation
[2025-08-28T12:59:56.342+0000][1088462][debug][gc,age      ] GC(9) Desired survivor size 20971520 bytes, new threshold 6 (max threshold 15)
[2025-08-28T12:59:56.350+0000][1088462][info ][gc,phases   ] GC(9)   Pre Evacuate Collection Set: 0.1ms
[2025-08-28T12:59:56.350+0000][1088462][info ][gc,phases   ] GC(9)   Merge Heap Roots: 0.1ms
[2025-08-28T12:59:56.350+0000][1088462][info ][gc,phases   ] GC(9)   Evacuate Collection Set: 6.9ms
[2025-08-28T12:59:56.350+0000][1088462][info ][gc,phases   ] GC(9)   Post Evacuate Collection Set: 1.0ms
[2025-08-28T12:59:56.350+0000][1088462][info ][gc,phases   ] GC(9)   Other: 0.1ms
[2025-08-28T12:59:56.350+0000][1088462][trace][gc,age      ] GC(9) Age table with threshold 6 (max threshold 15)
[2025-08-28T12:59:56.350+0000][1088462][trace][gc,age      ] GC(9) - age   1:    6430992 bytes,    6430992 total
[2025-08-28T12:59:56.350+0000][1088462][trace][gc,age      ] GC(9) - age   2:    2728520 bytes,    9159512 total
[2025-08-28T12:59:56.350+0000][1088462][trace][gc,age      ] GC(9) - age   3:    2421480 bytes,   11580992 total
[2025-08-28T12:59:56.350+0000][1088462][trace][gc,age      ] GC(9) - age   4:    6720328 bytes,   18301320 total
[2025-08-28T12:59:56.350+0000][1088462][trace][gc,age      ] GC(9) - age   5:    2574528 bytes,   20875848 total
[2025-08-28T12:59:56.350+0000][1088462][trace][gc,age      ] GC(9) - age   6:     949440 bytes,   21825288 total
[2025-08-28T12:59:56.350+0000][1088462][info ][gc,heap     ] GC(9) Eden regions: 70->0(70)
[2025-08-28T12:59:56.350+0000][1088462][info ][gc,heap     ] GC(9) Survivor regions: 6->6(10)
[2025-08-28T12:59:56.350+0000][1088462][info ][gc,heap     ] GC(9) Old regions: 1->3
[2025-08-28T12:59:56.350+0000][1088462][info ][gc,heap     ] GC(9) Humongous regions: 0->0
[2025-08-28T12:59:56.350+0000][1088462][info ][gc,metaspace] GC(9) Metaspace: 37573K(38528K)->37573K(38528K) NonClass: 33293K(33856K)->33293K(33856K) Class: 4280K(4672K)->4280K(4672K)
[2025-08-28T12:59:56.350+0000][1088462][info ][gc          ] GC(9) Pause Young (Normal) (G1 Evacuation Pause) 305M->32M(512M) 8.227ms
[2025-08-28T12:59:56.350+0000][1088462][info ][gc,cpu      ] GC(9) User=0.06s Sys=0.02s Real=0.00s
[2025-08-28T12:59:56.350+0000][1088462][info ][safepoint   ] Safepoint "G1CollectForAllocation", Time since last: 351601701 ns, Reaching safepoint: 6891 ns, Cleanup: 173691 ns, At safepoint: 8288855 ns, Total: 8469437 ns
[2025-08-28T12:59:56.577+0000][1088462][info ][gc,start    ] GC(10) Pause Young (Normal) (G1 Evacuation Pause)
[2025-08-28T12:59:56.577+0000][1088462][info ][gc,task     ] GC(10) Using 12 workers of 33 for evacuation
[2025-08-28T12:59:56.577+0000][1088462][debug][gc,age      ] GC(10) Desired survivor size 20971520 bytes, new threshold 6 (max threshold 15)
[2025-08-28T12:59:56.581+0000][1088462][info ][gc,phases   ] GC(10)   Pre Evacuate Collection Set: 0.1ms
[2025-08-28T12:59:56.581+0000][1088462][info ][gc,phases   ] GC(10)   Merge Heap Roots: 0.1ms
[2025-08-28T12:59:56.581+0000][1088462][info ][gc,phases   ] GC(10)   Evacuate Collection Set: 3.0ms
[2025-08-28T12:59:56.581+0000][1088462][info ][gc,phases   ] GC(10)   Post Evacuate Collection Set: 0.7ms
[2025-08-28T12:59:56.581+0000][1088462][info ][gc,phases   ] GC(10)   Other: 0.1ms
[2025-08-28T12:59:56.581+0000][1088462][trace][gc,age      ] GC(10) Age table with threshold 6 (max threshold 15)
[2025-08-28T12:59:56.581+0000][1088462][trace][gc,age      ] GC(10) - age   1:    4234504 bytes,    4234504 total
[2025-08-28T12:59:56.581+0000][1088462][trace][gc,age      ] GC(10) - age   2:    5639656 bytes,    9874160 total
[2025-08-28T12:59:56.581+0000][1088462][trace][gc,age      ] GC(10) - age   3:    2726424 bytes,   12600584 total
[2025-08-28T12:59:56.581+0000][1088462][trace][gc,age      ] GC(10) - age   4:    2421352 bytes,   15021936 total
[2025-08-28T12:59:56.581+0000][1088462][trace][gc,age      ] GC(10) - age   5:    6718424 bytes,   21740360 total
[2025-08-28T12:59:56.581+0000][1088462][trace][gc,age      ] GC(10) - age   6:    2573248 bytes,   24313608 total
[2025-08-28T12:59:56.581+0000][1088462][info ][gc,heap     ] GC(10) Eden regions: 70->0(69)
[2025-08-28T12:59:56.581+0000][1088462][info ][gc,heap     ] GC(10) Survivor regions: 6->7(10)
[2025-08-28T12:59:56.581+0000][1088462][info ][gc,heap     ] GC(10) Old regions: 3->3
[2025-08-28T12:59:56.581+0000][1088462][info ][gc,heap     ] GC(10) Humongous regions: 0->0
[2025-08-28T12:59:56.581+0000][1088462][info ][gc,metaspace] GC(10) Metaspace: 38278K(39232K)->38278K(39232K) NonClass: 33897K(34432K)->33897K(34432K) Class: 4381K(4800K)->4381K(4800K)
[2025-08-28T12:59:56.581+0000][1088462][info ][gc          ] GC(10) Pause Young (Normal) (G1 Evacuation Pause) 312M->37M(512M) 4.082ms
[2025-08-28T12:59:56.581+0000][1088462][info ][gc,cpu      ] GC(10) User=0.04s Sys=0.00s Real=0.01s
[2025-08-28T12:59:56.581+0000][1088462][info ][safepoint   ] Safepoint "G1CollectForAllocation", Time since last: 226939202 ns, Reaching safepoint: 7882 ns, Cleanup: 91868 ns, At safepoint: 4137347 ns, Total: 4237097 ns
[2025-08-28T12:59:56.837+0000][1088462][info ][safepoint   ] Safepoint "ICBufferFull", Time since last: 255157517 ns, Reaching safepoint: 6430 ns, Cleanup: 191057 ns, At safepoint: 1913 ns, Total: 199400 ns
[2025-08-28T12:59:57.200+0000][1088462][info ][gc,start    ] GC(11) Pause Young (Normal) (G1 Evacuation Pause)
[2025-08-28T12:59:57.200+0000][1088462][info ][gc,task     ] GC(11) Using 12 workers of 33 for evacuation
[2025-08-28T12:59:57.200+0000][1088462][debug][gc,age      ] GC(11) Desired survivor size 20971520 bytes, new threshold 5 (max threshold 15)
[2025-08-28T12:59:57.207+0000][1088462][info ][gc,phases   ] GC(11)   Pre Evacuate Collection Set: 0.1ms
[2025-08-28T12:59:57.207+0000][1088462][info ][gc,phases   ] GC(11)   Merge Heap Roots: 0.1ms
[2025-08-28T12:59:57.207+0000][1088462][info ][gc,phases   ] GC(11)   Evacuate Collection Set: 6.1ms
[2025-08-28T12:59:57.207+0000][1088462][info ][gc,phases   ] GC(11)   Post Evacuate Collection Set: 0.9ms
[2025-08-28T12:59:57.207+0000][1088462][info ][gc,phases   ] GC(11)   Other: 0.1ms
[2025-08-28T12:59:57.207+0000][1088462][trace][gc,age      ] GC(11) Age table with threshold 5 (max threshold 15)
[2025-08-28T12:59:57.207+0000][1088462][trace][gc,age      ] GC(11) - age   1:    4819064 bytes,    4819064 total
[2025-08-28T12:59:57.207+0000][1088462][trace][gc,age      ] GC(11) - age   2:    3357736 bytes,    8176800 total
[2025-08-28T12:59:57.207+0000][1088462][trace][gc,age      ] GC(11) - age   3:    5614984 bytes,   13791784 total
[2025-08-28T12:59:57.207+0000][1088462][trace][gc,age      ] GC(11) - age   4:    2720536 bytes,   16512320 total
[2025-08-28T12:59:57.207+0000][1088462][trace][gc,age      ] GC(11) - age   5:    2419384 bytes,   18931704 total
[2025-08-28T12:59:57.207+0000][1088462][info ][gc,heap     ] GC(11) Eden regions: 69->0(71)
[2025-08-28T12:59:57.207+0000][1088462][info ][gc,heap     ] GC(11) Survivor regions: 7->5(10)
[2025-08-28T12:59:57.207+0000][1088462][info ][gc,heap     ] GC(11) Old regions: 3->5
[2025-08-28T12:59:57.207+0000][1088462][info ][gc,heap     ] GC(11) Humongous regions: 0->0
[2025-08-28T12:59:57.207+0000][1088462][info ][gc,metaspace] GC(11) Metaspace: 49369K(50624K)->49369K(50624K) NonClass: 43596K(44352K)->43596K(44352K) Class: 5772K(6272K)->5772K(6272K)
[2025-08-28T12:59:57.207+0000][1088462][info ][gc          ] GC(11) Pause Young (Normal) (G1 Evacuation Pause) 313M->39M(512M) 7.413ms
[2025-08-28T12:59:57.207+0000][1088462][info ][gc,cpu      ] GC(11) User=0.07s Sys=0.00s Real=0.01s
[2025-08-28T12:59:57.207+0000][1088462][info ][safepoint   ] Safepoint "G1CollectForAllocation", Time since last: 363272584 ns, Reaching safepoint: 8353 ns, Cleanup: 190486 ns, At safepoint: 7473170 ns, Total: 7672009 ns
[2025-08-28T12:59:57.610+0000][1088462][info ][gc,start    ] GC(12) Pause Young (Concurrent Start) (Metadata GC Threshold)
[2025-08-28T12:59:57.611+0000][1088462][info ][gc,task     ] GC(12) Using 12 workers of 33 for evacuation
[2025-08-28T12:59:57.611+0000][1088462][debug][gc,age      ] GC(12) Desired survivor size 20971520 bytes, new threshold 15 (max threshold 15)
[2025-08-28T12:59:57.617+0000][1088462][info ][gc,phases   ] GC(12)   Pre Evacuate Collection Set: 0.2ms
[2025-08-28T12:59:57.617+0000][1088462][info ][gc,phases   ] GC(12)   Merge Heap Roots: 0.1ms
[2025-08-28T12:59:57.617+0000][1088462][info ][gc,phases   ] GC(12)   Evacuate Collection Set: 5.2ms
[2025-08-28T12:59:57.617+0000][1088462][info ][gc,phases   ] GC(12)   Post Evacuate Collection Set: 0.8ms
[2025-08-28T12:59:57.617+0000][1088462][info ][gc,phases   ] GC(12)   Other: 0.2ms
[2025-08-28T12:59:57.617+0000][1088462][trace][gc,age      ] GC(12) Age table with threshold 15 (max threshold 15)
[2025-08-28T12:59:57.617+0000][1088462][trace][gc,age      ] GC(12) - age   1:    2099192 bytes,    2099192 total
[2025-08-28T12:59:57.617+0000][1088462][trace][gc,age      ] GC(12) - age   2:    4632184 bytes,    6731376 total
[2025-08-28T12:59:57.617+0000][1088462][trace][gc,age      ] GC(12) - age   3:    3356552 bytes,   10087928 total
[2025-08-28T12:59:57.617+0000][1088462][trace][gc,age      ] GC(12) - age   4:    5611552 bytes,   15699480 total
[2025-08-28T12:59:57.617+0000][1088462][trace][gc,age      ] GC(12) - age   5:    2720536 bytes,   18420016 total
[2025-08-28T12:59:57.617+0000][1088462][trace][gc,age      ] GC(12) - age   6:    2418776 bytes,   20838792 total
[2025-08-28T12:59:57.617+0000][1088462][info ][gc,heap     ] GC(12) Eden regions: 23->0(70)
[2025-08-28T12:59:57.617+0000][1088462][info ][gc,heap     ] GC(12) Survivor regions: 5->6(10)
[2025-08-28T12:59:57.617+0000][1088462][info ][gc,heap     ] GC(12) Old regions: 5->5
[2025-08-28T12:59:57.617+0000][1088462][info ][gc,heap     ] GC(12) Humongous regions: 0->0
[2025-08-28T12:59:57.617+0000][1088462][info ][gc,metaspace] GC(12) Metaspace: 59151K(60416K)->59151K(60416K) NonClass: 51895K(52608K)->51895K(52608K) Class: 7255K(7808K)->7255K(7808K)
[2025-08-28T12:59:57.617+0000][1088462][info ][gc          ] GC(12) Pause Young (Concurrent Start) (Metadata GC Threshold) 131M->41M(512M) 7.115ms
[2025-08-28T12:59:57.617+0000][1088462][info ][gc          ] GC(13) Concurrent Mark Cycle
[2025-08-28T12:59:57.618+0000][1088462][info ][gc,marking  ] GC(13) Concurrent Scan Root Regions
[2025-08-28T12:59:57.618+0000][1088462][info ][gc,cpu      ] GC(12) User=0.06s Sys=0.00s Real=0.01s
[2025-08-28T12:59:57.618+0000][1088462][info ][safepoint   ] Safepoint "CollectForMetadataAllocation", Time since last: 402705179 ns, Reaching safepoint: 8974 ns, Cleanup: 145829 ns, At safepoint: 7295323 ns, Total: 7450126 ns
[2025-08-28T12:59:57.619+0000][1088462][info ][gc,marking  ] GC(13) Concurrent Scan Root Regions 1.907ms
[2025-08-28T12:59:57.619+0000][1088462][info ][gc,marking  ] GC(13) Concurrent Mark
[2025-08-28T12:59:57.619+0000][1088462][info ][gc,marking  ] GC(13) Concurrent Mark From Roots
[2025-08-28T12:59:57.619+0000][1088462][info ][gc,task     ] GC(13) Using 8 workers of 8 for marking
[2025-08-28T12:59:57.624+0000][1088462][info ][gc,marking  ] GC(13) Concurrent Mark From Roots 4.101ms
[2025-08-28T12:59:57.624+0000][1088462][info ][gc,marking  ] GC(13) Concurrent Preclean
[2025-08-28T12:59:57.624+0000][1088462][info ][gc,marking  ] GC(13) Concurrent Preclean 0.097ms
[2025-08-28T12:59:57.624+0000][1088462][info ][gc,start    ] GC(13) Pause Remark
[2025-08-28T12:59:57.640+0000][1088462][info ][gc          ] GC(13) Pause Remark 45M->45M(512M) 15.848ms
[2025-08-28T12:59:57.640+0000][1088462][info ][gc,cpu      ] GC(13) User=0.07s Sys=0.10s Real=0.01s
[2025-08-28T12:59:57.640+0000][1088462][info ][safepoint   ] Safepoint "G1PauseRemark", Time since last: 6049781 ns, Reaching safepoint: 69334 ns, Cleanup: 9945 ns, At safepoint: 15890649 ns, Total: 15969928 ns
[2025-08-28T12:59:57.640+0000][1088462][info ][gc,marking  ] GC(13) Concurrent Mark 20.217ms
[2025-08-28T12:59:57.640+0000][1088462][info ][gc,marking  ] GC(13) Concurrent Rebuild Remembered Sets and Scrub Regions
[2025-08-28T12:59:57.641+0000][1088462][info ][gc,marking  ] GC(13) Concurrent Rebuild Remembered Sets and Scrub Regions 1.495ms
[2025-08-28T12:59:57.641+0000][1088462][info ][gc,start    ] GC(13) Pause Cleanup
[2025-08-28T12:59:57.641+0000][1088462][info ][gc          ] GC(13) Pause Cleanup 45M->45M(512M) 0.048ms
[2025-08-28T12:59:57.641+0000][1088462][info ][gc,cpu      ] GC(13) User=0.00s Sys=0.00s Real=0.00s
[2025-08-28T12:59:57.641+0000][1088462][info ][safepoint   ] Safepoint "G1PauseCleanup", Time since last: 1547516 ns, Reaching safepoint: 67571 ns, Cleanup: 13591 ns, At safepoint: 65157 ns, Total: 146319 ns
[2025-08-28T12:59:57.641+0000][1088462][info ][gc,marking  ] GC(13) Concurrent Clear Claimed Marks
[2025-08-28T12:59:57.641+0000][1088462][info ][gc,marking  ] GC(13) Concurrent Clear Claimed Marks 0.040ms
[2025-08-28T12:59:57.641+0000][1088462][info ][gc,marking  ] GC(13) Concurrent Cleanup for Next Mark
[2025-08-28T12:59:57.641+0000][1088462][info ][gc,marking  ] GC(13) Concurrent Cleanup for Next Mark 0.120ms
[2025-08-28T12:59:57.642+0000][1088462][info ][gc          ] GC(13) Concurrent Mark Cycle 24.012ms
[2025-08-28T12:59:58.028+0000][1088462][info ][safepoint   ] Safepoint "ICBufferFull", Time since last: 386740690 ns, Reaching safepoint: 6370 ns, Cleanup: 202534 ns, At safepoint: 2223 ns, Total: 211127 ns
[2025-08-28T12:59:58.509+0000][1088462][info ][gc,start    ] GC(14) Pause Young (Prepare Mixed) (G1 Evacuation Pause)
[2025-08-28T12:59:58.509+0000][1088462][info ][gc,task     ] GC(14) Using 12 workers of 33 for evacuation
[2025-08-28T12:59:58.509+0000][1088462][debug][gc,age      ] GC(14) Desired survivor size 20971520 bytes, new threshold 15 (max threshold 15)
[2025-08-28T12:59:58.516+0000][1088462][info ][gc,phases   ] GC(14)   Pre Evacuate Collection Set: 0.1ms
[2025-08-28T12:59:58.516+0000][1088462][info ][gc,phases   ] GC(14)   Merge Heap Roots: 0.1ms
[2025-08-28T12:59:58.516+0000][1088462][info ][gc,phases   ] GC(14)   Evacuate Collection Set: 4.7ms
[2025-08-28T12:59:58.516+0000][1088462][info ][gc,phases   ] GC(14)   Post Evacuate Collection Set: 1.3ms
[2025-08-28T12:59:58.516+0000][1088462][info ][gc,phases   ] GC(14)   Other: 0.1ms
[2025-08-28T12:59:58.516+0000][1088462][trace][gc,age      ] GC(14) Age table with threshold 15 (max threshold 15)
[2025-08-28T12:59:58.516+0000][1088462][trace][gc,age      ] GC(14) - age   1:    7305976 bytes,    7305976 total
[2025-08-28T12:59:58.516+0000][1088462][trace][gc,age      ] GC(14) - age   2:    1938896 bytes,    9244872 total
[2025-08-28T12:59:58.516+0000][1088462][trace][gc,age      ] GC(14) - age   3:    4567600 bytes,   13812472 total
[2025-08-28T12:59:58.516+0000][1088462][trace][gc,age      ] GC(14) - age   4:    3343976 bytes,   17156448 total
[2025-08-28T12:59:58.516+0000][1088462][trace][gc,age      ] GC(14) - age   5:    5593304 bytes,   22749752 total
[2025-08-28T12:59:58.516+0000][1088462][trace][gc,age      ] GC(14) - age   6:    2713392 bytes,   25463144 total
[2025-08-28T12:59:58.516+0000][1088462][trace][gc,age      ] GC(14) - age   7:    2404992 bytes,   27868136 total
[2025-08-28T12:59:58.516+0000][1088462][info ][gc,heap     ] GC(14) Eden regions: 70->0(68)
[2025-08-28T12:59:58.516+0000][1088462][info ][gc,heap     ] GC(14) Survivor regions: 6->8(10)
[2025-08-28T12:59:58.516+0000][1088462][info ][gc,heap     ] GC(14) Old regions: 5->5
[2025-08-28T12:59:58.516+0000][1088462][info ][gc,heap     ] GC(14) Humongous regions: 0->0
[2025-08-28T12:59:58.516+0000][1088462][info ][gc,metaspace] GC(14) Metaspace: 67445K(69120K)->67445K(69120K) NonClass: 58904K(59840K)->58904K(59840K) Class: 8540K(9280K)->8540K(9280K)
[2025-08-28T12:59:58.516+0000][1088462][info ][gc          ] GC(14) Pause Young (Prepare Mixed) (G1 Evacuation Pause) 321M->49M(512M) 6.436ms
[2025-08-28T12:59:58.516+0000][1088462][info ][gc,cpu      ] GC(14) User=0.05s Sys=0.01s Real=0.01s
[2025-08-28T12:59:58.516+0000][1088462][info ][safepoint   ] Safepoint "G1CollectForAllocation", Time since last: 480787685 ns, Reaching safepoint: 22755 ns, Cleanup: 94752 ns, At safepoint: 6494429 ns, Total: 6611936 ns
[2025-08-28T12:59:58.786+0000][1088462][info ][safepoint   ] Safepoint "ICBufferFull", Time since last: 270147143 ns, Reaching safepoint: 11077 ns, Cleanup: 175884 ns, At safepoint: 5799 ns, Total: 192760 ns
[2025-08-28T12:59:59.054+0000][1088462][info ][gc,start    ] GC(15) Pause Young (Mixed) (G1 Evacuation Pause)
[2025-08-28T12:59:59.054+0000][1088462][info ][gc,task     ] GC(15) Using 12 workers of 33 for evacuation
[2025-08-28T12:59:59.054+0000][1088462][debug][gc,age      ] GC(15) Desired survivor size 20971520 bytes, new threshold 5 (max threshold 15)
[2025-08-28T12:59:59.065+0000][1088462][info ][gc,phases   ] GC(15)   Pre Evacuate Collection Set: 0.3ms
[2025-08-28T12:59:59.065+0000][1088462][info ][gc,phases   ] GC(15)   Merge Heap Roots: 0.1ms
[2025-08-28T12:59:59.065+0000][1088462][info ][gc,phases   ] GC(15)   Evacuate Collection Set: 9.3ms
[2025-08-28T12:59:59.065+0000][1088462][info ][gc,phases   ] GC(15)   Post Evacuate Collection Set: 1.4ms
[2025-08-28T12:59:59.065+0000][1088462][info ][gc,phases   ] GC(15)   Other: 0.1ms
[2025-08-28T12:59:59.065+0000][1088462][trace][gc,age      ] GC(15) Age table with threshold 5 (max threshold 15)
[2025-08-28T12:59:59.065+0000][1088462][trace][gc,age      ] GC(15) - age   1:    3814520 bytes,    3814520 total
[2025-08-28T12:59:59.065+0000][1088462][trace][gc,age      ] GC(15) - age   2:    6493064 bytes,   10307584 total
[2025-08-28T12:59:59.065+0000][1088462][trace][gc,age      ] GC(15) - age   3:    1910640 bytes,   12218224 total
[2025-08-28T12:59:59.065+0000][1088462][trace][gc,age      ] GC(15) - age   4:    4532544 bytes,   16750768 total
[2025-08-28T12:59:59.065+0000][1088462][trace][gc,age      ] GC(15) - age   5:    3304840 bytes,   20055608 total
[2025-08-28T12:59:59.065+0000][1088462][info ][gc,heap     ] GC(15) Eden regions: 68->0(70)
[2025-08-28T12:59:59.065+0000][1088462][info ][gc,heap     ] GC(15) Survivor regions: 8->6(10)
[2025-08-28T12:59:59.065+0000][1088462][info ][gc,heap     ] GC(15) Old regions: 5->8
[2025-08-28T12:59:59.065+0000][1088462][info ][gc,heap     ] GC(15) Humongous regions: 0->0
[2025-08-28T12:59:59.065+0000][1088462][info ][gc,metaspace] GC(15) Metaspace: 72248K(73920K)->72248K(73920K) NonClass: 62959K(63936K)->62959K(63936K) Class: 9288K(9984K)->9288K(9984K)
[2025-08-28T12:59:59.065+0000][1088462][info ][gc          ] GC(15) Pause Young (Mixed) (G1 Evacuation Pause) 321M->50M(512M) 11.306ms
[2025-08-28T12:59:59.065+0000][1088462][info ][gc,cpu      ] GC(15) User=0.11s Sys=0.02s Real=0.01s
[2025-08-28T12:59:59.065+0000][1088462][info ][safepoint   ] Safepoint "G1CollectForAllocation", Time since last: 267875149 ns, Reaching safepoint: 7702 ns, Cleanup: 47371 ns, At safepoint: 11369715 ns, Total: 11424788 ns
[2025-08-28T12:59:59.469+0000][1088462][info ][safepoint   ] Safepoint "ICBufferFull", Time since last: 403680375 ns, Reaching safepoint: 5909 ns, Cleanup: 176485 ns, At safepoint: 4167 ns, Total: 186561 ns
[2025-08-28T13:00:00.050+0000][1088462][info ][gc,start    ] GC(16) Pause Young (Normal) (G1 Evacuation Pause)
[2025-08-28T13:00:00.050+0000][1088462][info ][gc,task     ] GC(16) Using 12 workers of 33 for evacuation
[2025-08-28T13:00:00.050+0000][1088462][debug][gc,age      ] GC(16) Desired survivor size 20971520 bytes, new threshold 15 (max threshold 15)
[2025-08-28T13:00:00.059+0000][1088462][info ][gc,phases   ] GC(16)   Pre Evacuate Collection Set: 0.1ms
[2025-08-28T13:00:00.059+0000][1088462][info ][gc,phases   ] GC(16)   Merge Heap Roots: 0.1ms
[2025-08-28T13:00:00.059+0000][1088462][info ][gc,phases   ] GC(16)   Evacuate Collection Set: 7.9ms
[2025-08-28T13:00:00.059+0000][1088462][info ][gc,phases   ] GC(16)   Post Evacuate Collection Set: 1.1ms
[2025-08-28T13:00:00.059+0000][1088462][info ][gc,phases   ] GC(16)   Other: 0.1ms
[2025-08-28T13:00:00.059+0000][1088462][trace][gc,age      ] GC(16) Age table with threshold 15 (max threshold 15)
[2025-08-28T13:00:00.059+0000][1088462][trace][gc,age      ] GC(16) - age   1:    6178920 bytes,    6178920 total
[2025-08-28T13:00:00.059+0000][1088462][trace][gc,age      ] GC(16) - age   2:    3685992 bytes,    9864912 total
[2025-08-28T13:00:00.059+0000][1088462][trace][gc,age      ] GC(16) - age   3:    6477192 bytes,   16342104 total
[2025-08-28T13:00:00.059+0000][1088462][trace][gc,age      ] GC(16) - age   4:    1904184 bytes,   18246288 total
[2025-08-28T13:00:00.059+0000][1088462][trace][gc,age      ] GC(16) - age   5:    4389224 bytes,   22635512 total
[2025-08-28T13:00:00.059+0000][1088462][trace][gc,age      ] GC(16) - age   6:    3302352 bytes,   25937864 total
[2025-08-28T13:00:00.059+0000][1088462][info ][gc,heap     ] GC(16) Eden regions: 70->0(69)
[2025-08-28T13:00:00.059+0000][1088462][info ][gc,heap     ] GC(16) Survivor regions: 6->7(10)
[2025-08-28T13:00:00.059+0000][1088462][info ][gc,heap     ] GC(16) Old regions: 8->8
[2025-08-28T13:00:00.059+0000][1088462][info ][gc,heap     ] GC(16) Humongous regions: 0->0
[2025-08-28T13:00:00.059+0000][1088462][info ][gc,metaspace] GC(16) Metaspace: 85732K(87488K)->85732K(87488K) NonClass: 74665K(75648K)->74665K(75648K) Class: 11067K(11840K)->11067K(11840K)
[2025-08-28T13:00:00.059+0000][1088462][info ][gc          ] GC(16) Pause Young (Normal) (G1 Evacuation Pause) 330M->57M(512M) 9.424ms
[2025-08-28T13:00:00.059+0000][1088462][info ][gc,cpu      ] GC(16) User=0.10s Sys=0.00s Real=0.01s
[2025-08-28T13:00:00.059+0000][1088462][info ][safepoint   ] Safepoint "G1CollectForAllocation", Time since last: 580203949 ns, Reaching safepoint: 73190 ns, Cleanup: 156875 ns, At safepoint: 9500307 ns, Total: 9730372 ns
[2025-08-28T13:00:00.624+0000][1088462][info ][safepoint   ] Safepoint "ICBufferFull", Time since last: 564806701 ns, Reaching safepoint: 71988 ns, Cleanup: 243276 ns, At safepoint: 5138 ns, Total: 320402 ns
[2025-08-28T13:00:00.625+0000][1088462][info ][gc,start    ] GC(17) Pause Young (Concurrent Start) (Metadata GC Threshold)
[2025-08-28T13:00:00.625+0000][1088462][info ][gc,task     ] GC(17) Using 12 workers of 33 for evacuation
[2025-08-28T13:00:00.625+0000][1088462][debug][gc,age      ] GC(17) Desired survivor size 20971520 bytes, new threshold 5 (max threshold 15)
[2025-08-28T13:00:00.636+0000][1088462][info ][gc,phases   ] GC(17)   Pre Evacuate Collection Set: 0.6ms
[2025-08-28T13:00:00.636+0000][1088462][info ][gc,phases   ] GC(17)   Merge Heap Roots: 0.1ms
[2025-08-28T13:00:00.636+0000][1088462][info ][gc,phases   ] GC(17)   Evacuate Collection Set: 8.7ms
[2025-08-28T13:00:00.636+0000][1088462][info ][gc,phases   ] GC(17)   Post Evacuate Collection Set: 1.1ms
[2025-08-28T13:00:00.636+0000][1088462][info ][gc,phases   ] GC(17)   Other: 0.1ms
[2025-08-28T13:00:00.636+0000][1088462][trace][gc,age      ] GC(17) Age table with threshold 5 (max threshold 15)
[2025-08-28T13:00:00.636+0000][1088462][trace][gc,age      ] GC(17) - age   1:    4327440 bytes,    4327440 total
[2025-08-28T13:00:00.636+0000][1088462][trace][gc,age      ] GC(17) - age   2:    5834728 bytes,   10162168 total
[2025-08-28T13:00:00.636+0000][1088462][trace][gc,age      ] GC(17) - age   3:    3662784 bytes,   13824952 total
[2025-08-28T13:00:00.636+0000][1088462][trace][gc,age      ] GC(17) - age   4:    6469776 bytes,   20294728 total
[2025-08-28T13:00:00.636+0000][1088462][trace][gc,age      ] GC(17) - age   5:    1901880 bytes,   22196608 total
[2025-08-28T13:00:00.636+0000][1088462][info ][gc,heap     ] GC(17) Eden regions: 32->0(70)
[2025-08-28T13:00:00.636+0000][1088462][info ][gc,heap     ] GC(17) Survivor regions: 7->6(10)
[2025-08-28T13:00:00.636+0000][1088462][info ][gc,heap     ] GC(17) Old regions: 8->10
[2025-08-28T13:00:00.636+0000][1088462][info ][gc,heap     ] GC(17) Humongous regions: 0->0
[2025-08-28T13:00:00.636+0000][1088462][info ][gc,metaspace] GC(17) Metaspace: 99252K(101056K)->99252K(101056K) NonClass: 86371K(87424K)->86371K(87424K) Class: 12880K(13632K)->12880K(13632K)
[2025-08-28T13:00:00.636+0000][1088462][info ][gc          ] GC(17) Pause Young (Concurrent Start) (Metadata GC Threshold) 184M->60M(512M) 10.797ms
[2025-08-28T13:00:00.636+0000][1088462][info ][gc,cpu      ] GC(17) User=0.09s Sys=0.00s Real=0.01s
[2025-08-28T13:00:00.636+0000][1088462][info ][gc          ] GC(18) Concurrent Mark Cycle
[2025-08-28T13:00:00.636+0000][1088462][info ][gc,marking  ] GC(18) Concurrent Scan Root Regions
[2025-08-28T13:00:00.636+0000][1088462][info ][safepoint   ] Safepoint "CollectForMetadataAllocation", Time since last: 713422 ns, Reaching safepoint: 2994 ns, Cleanup: 3435 ns, At safepoint: 10990025 ns, Total: 10996454 ns
[2025-08-28T13:00:00.638+0000][1088462][info ][gc,marking  ] GC(18) Concurrent Scan Root Regions 2.313ms
[2025-08-28T13:00:00.638+0000][1088462][info ][gc,marking  ] GC(18) Concurrent Mark
[2025-08-28T13:00:00.638+0000][1088462][info ][gc,marking  ] GC(18) Concurrent Mark From Roots
[2025-08-28T13:00:00.638+0000][1088462][info ][gc,task     ] GC(18) Using 8 workers of 8 for marking
[2025-08-28T13:00:00.642+0000][1088462][info ][gc,marking  ] GC(18) Concurrent Mark From Roots 3.328ms
[2025-08-28T13:00:00.642+0000][1088462][info ][gc,marking  ] GC(18) Concurrent Preclean
[2025-08-28T13:00:00.642+0000][1088462][info ][gc,marking  ] GC(18) Concurrent Preclean 0.152ms
[2025-08-28T13:00:00.642+0000][1088462][info ][gc,start    ] GC(18) Pause Remark
[2025-08-28T13:00:00.646+0000][1088462][info ][gc          ] GC(18) Pause Remark 63M->63M(512M) 4.692ms
[2025-08-28T13:00:00.646+0000][1088462][info ][gc,cpu      ] GC(18) User=0.02s Sys=0.00s Real=0.00s
[2025-08-28T13:00:00.646+0000][1088462][info ][safepoint   ] Safepoint "G1PauseRemark", Time since last: 5755038 ns, Reaching safepoint: 3055 ns, Cleanup: 16044 ns, At safepoint: 4761916 ns, Total: 4781015 ns
[2025-08-28T13:00:00.647+0000][1088462][info ][gc,marking  ] GC(18) Concurrent Mark 8.300ms
[2025-08-28T13:00:00.647+0000][1088462][info ][gc,marking  ] GC(18) Concurrent Rebuild Remembered Sets and Scrub Regions
[2025-08-28T13:00:00.648+0000][1088462][info ][gc,marking  ] GC(18) Concurrent Rebuild Remembered Sets and Scrub Regions 1.424ms
[2025-08-28T13:00:00.648+0000][1088462][info ][gc,start    ] GC(18) Pause Cleanup
[2025-08-28T13:00:00.648+0000][1088462][info ][gc          ] GC(18) Pause Cleanup 63M->63M(512M) 0.052ms
[2025-08-28T13:00:00.648+0000][1088462][info ][gc,cpu      ] GC(18) User=0.00s Sys=0.00s Real=0.00s
[2025-08-28T13:00:00.648+0000][1088462][info ][safepoint   ] Safepoint "G1PauseCleanup", Time since last: 1467074 ns, Reaching safepoint: 68604 ns, Cleanup: 10686 ns, At safepoint: 66349 ns, Total: 145639 ns
[2025-08-28T13:00:00.648+0000][1088462][info ][gc,marking  ] GC(18) Concurrent Clear Claimed Marks
[2025-08-28T13:00:00.648+0000][1088462][info ][gc,marking  ] GC(18) Concurrent Clear Claimed Marks 0.117ms
[2025-08-28T13:00:00.648+0000][1088462][info ][gc,marking  ] GC(18) Concurrent Cleanup for Next Mark
[2025-08-28T13:00:00.648+0000][1088462][info ][gc,marking  ] GC(18) Concurrent Cleanup for Next Mark 0.239ms
[2025-08-28T13:00:00.648+0000][1088462][info ][gc          ] GC(18) Concurrent Mark Cycle 12.617ms
[2025-08-28T13:00:00.954+0000][1088462][info ][safepoint   ] Safepoint "ICBufferFull", Time since last: 305715262 ns, Reaching safepoint: 6229 ns, Cleanup: 148764 ns, At safepoint: 2514 ns, Total: 157507 ns
[2025-08-28T13:00:01.447+0000][1088462][info ][safepoint   ] Safepoint "ICBufferFull", Time since last: 492955189 ns, Reaching safepoint: 4136 ns, Cleanup: 169084 ns, At safepoint: 1633 ns, Total: 174853 ns
[2025-08-28T13:00:01.625+0000][1088462][info ][safepoint   ] Safepoint "ICBufferFull", Time since last: 177412199 ns, Reaching safepoint: 6410 ns, Cleanup: 176455 ns, At safepoint: 4787 ns, Total: 187652 ns
[2025-08-28T13:00:01.866+0000][1088462][info ][safepoint   ] Safepoint "ICBufferFull", Time since last: 240705281 ns, Reaching safepoint: 11557 ns, Cleanup: 185178 ns, At safepoint: 7932 ns, Total: 204667 ns
[2025-08-28T13:00:01.942+0000][1088462][info ][safepoint   ] Safepoint "ICBufferFull", Time since last: 76563503 ns, Reaching safepoint: 10856 ns, Cleanup: 220672 ns, At safepoint: 2314 ns, Total: 233842 ns
[2025-08-28T13:00:02.140+0000][1088462][info ][safepoint   ] Safepoint "ICBufferFull", Time since last: 197031231 ns, Reaching safepoint: 319950 ns, Cleanup: 203186 ns, At safepoint: 6510 ns, Total: 529646 ns
[2025-08-28T13:00:02.147+0000][1088462][info ][gc,start    ] GC(19) Pause Young (Normal) (G1 Evacuation Pause)
[2025-08-28T13:00:02.147+0000][1088462][info ][gc,task     ] GC(19) Using 12 workers of 33 for evacuation
[2025-08-28T13:00:02.147+0000][1088462][debug][gc,age      ] GC(19) Desired survivor size 20971520 bytes, new threshold 5 (max threshold 15)
[2025-08-28T13:00:02.162+0000][1088462][info ][gc,phases   ] GC(19)   Pre Evacuate Collection Set: 0.1ms
[2025-08-28T13:00:02.162+0000][1088462][info ][gc,phases   ] GC(19)   Merge Heap Roots: 0.1ms
[2025-08-28T13:00:02.162+0000][1088462][info ][gc,phases   ] GC(19)   Evacuate Collection Set: 13.1ms
[2025-08-28T13:00:02.162+0000][1088462][info ][gc,phases   ] GC(19)   Post Evacuate Collection Set: 1.3ms
[2025-08-28T13:00:02.162+0000][1088462][info ][gc,phases   ] GC(19)   Other: 0.1ms
[2025-08-28T13:00:02.162+0000][1088462][trace][gc,age      ] GC(19) Age table with threshold 5 (max threshold 15)
[2025-08-28T13:00:02.162+0000][1088462][trace][gc,age      ] GC(19) - age   1:   18177400 bytes,   18177400 total
[2025-08-28T13:00:02.162+0000][1088462][trace][gc,age      ] GC(19) - age   2:    4087072 bytes,   22264472 total
[2025-08-28T13:00:02.162+0000][1088462][trace][gc,age      ] GC(19) - age   3:    5744960 bytes,   28009432 total
[2025-08-28T13:00:02.162+0000][1088462][trace][gc,age      ] GC(19) - age   4:    3626400 bytes,   31635832 total
[2025-08-28T13:00:02.162+0000][1088462][trace][gc,age      ] GC(19) - age   5:    6337592 bytes,   37973424 total
[2025-08-28T13:00:02.162+0000][1088462][info ][gc,heap     ] GC(19) Eden regions: 70->0(66)
[2025-08-28T13:00:02.162+0000][1088462][info ][gc,heap     ] GC(19) Survivor regions: 6->10(10)
[2025-08-28T13:00:02.162+0000][1088462][info ][gc,heap     ] GC(19) Old regions: 10->10
[2025-08-28T13:00:02.162+0000][1088462][info ][gc,heap     ] GC(19) Humongous regions: 0->0
[2025-08-28T13:00:02.162+0000][1088462][info ][gc,metaspace] GC(19) Metaspace: 131493K(135168K)->131493K(135168K) NonClass: 113483K(115392K)->113483K(115392K) Class: 18010K(19776K)->18010K(19776K)
[2025-08-28T13:00:02.162+0000][1088462][info ][gc          ] GC(19) Pause Young (Normal) (G1 Evacuation Pause) 340M->79M(512M) 14.859ms
[2025-08-28T13:00:02.162+0000][1088462][info ][gc,cpu      ] GC(19) User=0.13s Sys=0.02s Real=0.02s
[2025-08-28T13:00:02.162+0000][1088462][info ][safepoint   ] Safepoint "G1CollectForAllocation", Time since last: 7149964 ns, Reaching safepoint: 72929 ns, Cleanup: 10366 ns, At safepoint: 14970476 ns, Total: 15053771 ns
[2025-08-28T13:00:02.431+0000][1088462][info ][safepoint   ] Safepoint "ICBufferFull", Time since last: 268785287 ns, Reaching safepoint: 12869 ns, Cleanup: 190737 ns, At safepoint: 4547 ns, Total: 208153 ns
[2025-08-28T13:00:02.563+0000][1088462][info ][safepoint   ] Safepoint "ICBufferFull", Time since last: 131871545 ns, Reaching safepoint: 77346 ns, Cleanup: 176395 ns, At safepoint: 8893 ns, Total: 262634 ns
[2025-08-28T13:00:02.773+0000][1088462][info ][safepoint   ] Safepoint "ICBufferFull", Time since last: 209204594 ns, Reaching safepoint: 57136 ns, Cleanup: 207632 ns, At safepoint: 8443 ns, Total: 273211 ns
[2025-08-28T13:00:02.773+0000][1088462][info ][safepoint   ] Safepoint "ICBufferFull", Time since last: 58388 ns, Reaching safepoint: 68252 ns, Cleanup: 3115 ns, At safepoint: 5288 ns, Total: 76655 ns
[2025-08-28T13:00:03.503+0000][1088462][info ][safepoint   ] Safepoint "ICBufferFull", Time since last: 729712577 ns, Reaching safepoint: 19119 ns, Cleanup: 208954 ns, At safepoint: 2995 ns, Total: 231068 ns
[2025-08-28T13:00:04.503+0000][1088462][info ][safepoint   ] Safepoint "Cleanup", Time since last: 1000118759 ns, Reaching safepoint: 13250 ns, Cleanup: 85889 ns, At safepoint: 2845 ns, Total: 101984 ns
[2025-08-28T13:00:05.504+0000][1088462][info ][safepoint   ] Safepoint "Cleanup", Time since last: 1000506011 ns, Reaching safepoint: 12499 ns, Cleanup: 79379 ns, At safepoint: 2624 ns, Total: 94502 ns
[2025-08-28T13:00:05.800+0000][1088462][info ][gc,start    ] GC(20) Pause Young (Normal) (G1 Evacuation Pause)
[2025-08-28T13:00:05.801+0000][1088462][info ][gc,task     ] GC(20) Using 12 workers of 33 for evacuation
[2025-08-28T13:00:05.801+0000][1088462][debug][gc,age      ] GC(20) Desired survivor size 20971520 bytes, new threshold 2 (max threshold 15)
[2025-08-28T13:00:05.820+0000][1088462][info ][gc,phases   ] GC(20)   Pre Evacuate Collection Set: 0.3ms
[2025-08-28T13:00:05.820+0000][1088462][info ][gc,phases   ] GC(20)   Merge Heap Roots: 0.1ms
[2025-08-28T13:00:05.820+0000][1088462][info ][gc,phases   ] GC(20)   Evacuate Collection Set: 17.3ms
[2025-08-28T13:00:05.820+0000][1088462][info ][gc,phases   ] GC(20)   Post Evacuate Collection Set: 1.4ms
[2025-08-28T13:00:05.820+0000][1088462][info ][gc,phases   ] GC(20)   Other: 0.1ms
[2025-08-28T13:00:05.820+0000][1088462][trace][gc,age      ] GC(20) Age table with threshold 2 (max threshold 15)
[2025-08-28T13:00:05.820+0000][1088462][trace][gc,age      ] GC(20) - age   1:   13873512 bytes,   13873512 total
[2025-08-28T13:00:05.820+0000][1088462][trace][gc,age      ] GC(20) - age   2:   17592472 bytes,   31465984 total
[2025-08-28T13:00:05.820+0000][1088462][info ][gc,heap     ] GC(20) Eden regions: 66->0(67)
[2025-08-28T13:00:05.820+0000][1088462][info ][gc,heap     ] GC(20) Survivor regions: 10->9(10)
[2025-08-28T13:00:05.820+0000][1088462][info ][gc,heap     ] GC(20) Old regions: 10->15
[2025-08-28T13:00:05.820+0000][1088462][info ][gc,heap     ] GC(20) Humongous regions: 0->0
[2025-08-28T13:00:05.820+0000][1088462][info ][gc,metaspace] GC(20) Metaspace: 135540K(139264K)->135540K(139264K) NonClass: 117081K(119040K)->117081K(119040K) Class: 18459K(20224K)->18459K(20224K)
[2025-08-28T13:00:05.820+0000][1088462][info ][gc          ] GC(20) Pause Young (Normal) (G1 Evacuation Pause) 343M->93M(512M) 19.279ms
[2025-08-28T13:00:05.820+0000][1088462][info ][gc,cpu      ] GC(20) User=0.17s Sys=0.02s Real=0.02s
[2025-08-28T13:00:05.820+0000][1088462][info ][safepoint   ] Safepoint "G1CollectForAllocation", Time since last: 296698523 ns, Reaching safepoint: 12939 ns, Cleanup: 28793 ns, At safepoint: 19375256 ns, Total: 19416988 ns
[2025-08-28T13:00:06.820+0000][1088462][info ][safepoint   ] Safepoint "Cleanup", Time since last: 1000088684 ns, Reaching safepoint: 20942 ns, Cleanup: 109464 ns, At safepoint: 3325 ns, Total: 133731 ns
[2025-08-28T13:00:07.820+0000][1088462][info ][safepoint   ] Safepoint "Cleanup", Time since last: 1000111279 ns, Reaching safepoint: 13961 ns, Cleanup: 42374 ns, At safepoint: 3244 ns, Total: 59579 ns
[2025-08-28T13:00:08.820+0000][1088462][info ][safepoint   ] Safepoint "Cleanup", Time since last: 1000121905 ns, Reaching safepoint: 37827 ns, Cleanup: 27261 ns, At safepoint: 3074 ns, Total: 68162 ns
[2025-08-28T13:00:09.821+0000][1088462][info ][safepoint   ] Safepoint "Cleanup", Time since last: 1000115806 ns, Reaching safepoint: 13710 ns, Cleanup: 27812 ns, At safepoint: 3215 ns, Total: 44737 ns
[2025-08-28T13:00:10.821+0000][1088462][info ][safepoint   ] Safepoint "Cleanup", Time since last: 1000126622 ns, Reaching safepoint: 13029 ns, Cleanup: 40201 ns, At safepoint: 2373 ns, Total: 55603 ns
[2025-08-28T13:00:10.915+0000][1088462][info ][gc,start    ] GC(21) Pause Young (Normal) (G1 Evacuation Pause)
[2025-08-28T13:00:10.915+0000][1088462][info ][gc,task     ] GC(21) Using 12 workers of 33 for evacuation
[2025-08-28T13:00:10.915+0000][1088462][debug][gc,age      ] GC(21) Desired survivor size 20971520 bytes, new threshold 2 (max threshold 15)
[2025-08-28T13:00:10.925+0000][1088462][info ][gc,phases   ] GC(21)   Pre Evacuate Collection Set: 0.2ms
[2025-08-28T13:00:10.925+0000][1088462][info ][gc,phases   ] GC(21)   Merge Heap Roots: 0.1ms
[2025-08-28T13:00:10.925+0000][1088462][info ][gc,phases   ] GC(21)   Evacuate Collection Set: 8.4ms
[2025-08-28T13:00:10.925+0000][1088462][info ][gc,phases   ] GC(21)   Post Evacuate Collection Set: 0.7ms
[2025-08-28T13:00:10.925+0000][1088462][info ][gc,phases   ] GC(21)   Other: 0.1ms
[2025-08-28T13:00:10.925+0000][1088462][trace][gc,age      ] GC(21) Age table with threshold 2 (max threshold 15)
[2025-08-28T13:00:10.925+0000][1088462][trace][gc,age      ] GC(21) - age   1:     157120 bytes,     157120 total
[2025-08-28T13:00:10.925+0000][1088462][trace][gc,age      ] GC(21) - age   2:   13575256 bytes,   13732376 total
[2025-08-28T13:00:10.925+0000][1088462][info ][gc,heap     ] GC(21) Eden regions: 67->0(71)
[2025-08-28T13:00:10.925+0000][1088462][info ][gc,heap     ] GC(21) Survivor regions: 9->5(10)
[2025-08-28T13:00:10.925+0000][1088462][info ][gc,heap     ] GC(21) Old regions: 15->20
[2025-08-28T13:00:10.925+0000][1088462][info ][gc,heap     ] GC(21) Humongous regions: 0->0
[2025-08-28T13:00:10.925+0000][1088462][info ][gc,metaspace] GC(21) Metaspace: 135745K(139456K)->135745K(139456K) NonClass: 117285K(119232K)->117285K(119232K) Class: 18459K(20224K)->18459K(20224K)
[2025-08-28T13:00:10.925+0000][1088462][info ][gc          ] GC(21) Pause Young (Normal) (G1 Evacuation Pause) 361M->95M(512M) 9.558ms
[2025-08-28T13:00:10.925+0000][1088462][info ][gc,cpu      ] GC(21) User=0.08s Sys=0.00s Real=0.01s
[2025-08-28T13:00:10.925+0000][1088462][info ][safepoint   ] Safepoint "G1CollectForAllocation", Time since last: 94375960 ns, Reaching safepoint: 13971 ns, Cleanup: 6159 ns, At safepoint: 9644613 ns, Total: 9664743 ns
[2025-08-28T13:00:11.925+0000][1088462][info ][safepoint   ] Safepoint "Cleanup", Time since last: 1000092040 ns, Reaching safepoint: 14041 ns, Cleanup: 36876 ns, At safepoint: 3615 ns, Total: 54532 ns
[2025-08-28T13:00:12.925+0000][1088462][info ][safepoint   ] Safepoint "Cleanup", Time since last: 1000120032 ns, Reaching safepoint: 13430 ns, Cleanup: 14682 ns, At safepoint: 3315 ns, Total: 31427 ns
[2025-08-28T13:00:13.925+0000][1088462][info ][safepoint   ] Safepoint "Cleanup", Time since last: 1000120683 ns, Reaching safepoint: 44807 ns, Cleanup: 18307 ns, At safepoint: 5639 ns, Total: 68753 ns
[2025-08-28T13:00:15.925+0000][1088462][info ][safepoint   ] Safepoint "Cleanup", Time since last: 2000161525 ns, Reaching safepoint: 12900 ns, Cleanup: 19058 ns, At safepoint: 2534 ns, Total: 34492 ns
[2025-08-28T13:00:16.460+0000][1088462][info ][gc,start    ] GC(22) Pause Young (Normal) (G1 Evacuation Pause)
[2025-08-28T13:00:16.460+0000][1088462][info ][gc,task     ] GC(22) Using 12 workers of 33 for evacuation
[2025-08-28T13:00:16.460+0000][1088462][debug][gc,age      ] GC(22) Desired survivor size 20971520 bytes, new threshold 15 (max threshold 15)
[2025-08-28T13:00:16.464+0000][1088462][info ][gc,phases   ] GC(22)   Pre Evacuate Collection Set: 0.2ms
[2025-08-28T13:00:16.464+0000][1088462][info ][gc,phases   ] GC(22)   Merge Heap Roots: 0.1ms
[2025-08-28T13:00:16.464+0000][1088462][info ][gc,phases   ] GC(22)   Evacuate Collection Set: 3.0ms
[2025-08-28T13:00:16.464+0000][1088462][info ][gc,phases   ] GC(22)   Post Evacuate Collection Set: 0.5ms
[2025-08-28T13:00:16.464+0000][1088462][info ][gc,phases   ] GC(22)   Other: 0.1ms
[2025-08-28T13:00:16.464+0000][1088462][trace][gc,age      ] GC(22) Age table with threshold 15 (max threshold 15)
[2025-08-28T13:00:16.464+0000][1088462][trace][gc,age      ] GC(22) - age   1:     283224 bytes,     283224 total
[2025-08-28T13:00:16.464+0000][1088462][trace][gc,age      ] GC(22) - age   2:       9528 bytes,     292752 total
[2025-08-28T13:00:16.464+0000][1088462][trace][gc,age      ] GC(22) - age   3:   13557368 bytes,   13850120 total
[2025-08-28T13:00:16.464+0000][1088462][info ][gc,heap     ] GC(22) Eden regions: 71->0(72)
[2025-08-28T13:00:16.464+0000][1088462][info ][gc,heap     ] GC(22) Survivor regions: 5->4(10)
[2025-08-28T13:00:16.464+0000][1088462][info ][gc,heap     ] GC(22) Old regions: 20->20
[2025-08-28T13:00:16.464+0000][1088462][info ][gc,heap     ] GC(22) Humongous regions: 0->0
[2025-08-28T13:00:16.464+0000][1088462][info ][gc,metaspace] GC(22) Metaspace: 135765K(139456K)->135765K(139456K) NonClass: 117304K(119232K)->117304K(119232K) Class: 18460K(20224K)->18460K(20224K)
[2025-08-28T13:00:16.464+0000][1088462][info ][gc          ] GC(22) Pause Young (Normal) (G1 Evacuation Pause) 379M->94M(512M) 3.959ms
[2025-08-28T13:00:16.464+0000][1088462][info ][gc,cpu      ] GC(22) User=0.04s Sys=0.00s Real=0.01s
[2025-08-28T13:00:16.464+0000][1088462][info ][safepoint   ] Safepoint "G1CollectForAllocation", Time since last: 534809525 ns, Reaching safepoint: 14431 ns, Cleanup: 19900 ns, At safepoint: 4037107 ns, Total: 4071438 ns
[2025-08-28T13:00:18.465+0000][1088462][info ][safepoint   ] Safepoint "Cleanup", Time since last: 2000169607 ns, Reaching safepoint: 13741 ns, Cleanup: 16124 ns, At safepoint: 2955 ns, Total: 32820 ns
[2025-08-28T13:00:20.465+0000][1088462][info ][safepoint   ] Safepoint "Cleanup", Time since last: 2000598712 ns, Reaching safepoint: 42223 ns, Cleanup: 21523 ns, At safepoint: 3104 ns, Total: 66850 ns
[2025-08-28T13:00:21.465+0000][1088462][info ][safepoint   ] Safepoint "Cleanup", Time since last: 1000106342 ns, Reaching safepoint: 13951 ns, Cleanup: 17135 ns, At safepoint: 2935 ns, Total: 34021 ns
[2025-08-28T13:00:21.959+0000][1088462][info ][gc,start    ] GC(23) Pause Young (Normal) (G1 Evacuation Pause)
[2025-08-28T13:00:21.959+0000][1088462][info ][gc,task     ] GC(23) Using 12 workers of 33 for evacuation
[2025-08-28T13:00:21.959+0000][1088462][debug][gc,age      ] GC(23) Desired survivor size 20971520 bytes, new threshold 15 (max threshold 15)
[2025-08-28T13:00:21.963+0000][1088462][info ][gc,phases   ] GC(23)   Pre Evacuate Collection Set: 0.1ms
[2025-08-28T13:00:21.963+0000][1088462][info ][gc,phases   ] GC(23)   Merge Heap Roots: 0.1ms
[2025-08-28T13:00:21.963+0000][1088462][info ][gc,phases   ] GC(23)   Evacuate Collection Set: 2.7ms
[2025-08-28T13:00:21.963+0000][1088462][info ][gc,phases   ] GC(23)   Post Evacuate Collection Set: 0.6ms
[2025-08-28T13:00:21.963+0000][1088462][info ][gc,phases   ] GC(23)   Other: 0.4ms
[2025-08-28T13:00:21.963+0000][1088462][trace][gc,age      ] GC(23) Age table with threshold 15 (max threshold 15)
[2025-08-28T13:00:21.963+0000][1088462][trace][gc,age      ] GC(23) - age   1:     578424 bytes,     578424 total
[2025-08-28T13:00:21.963+0000][1088462][trace][gc,age      ] GC(23) - age   2:       3920 bytes,     582344 total
[2025-08-28T13:00:21.963+0000][1088462][trace][gc,age      ] GC(23) - age   3:       9528 bytes,     591872 total
[2025-08-28T13:00:21.963+0000][1088462][trace][gc,age      ] GC(23) - age   4:   13556896 bytes,   14148768 total
[2025-08-28T13:00:21.963+0000][1088462][info ][gc,heap     ] GC(23) Eden regions: 72->0(72)
[2025-08-28T13:00:21.963+0000][1088462][info ][gc,heap     ] GC(23) Survivor regions: 4->4(10)
[2025-08-28T13:00:21.963+0000][1088462][info ][gc,heap     ] GC(23) Old regions: 20->20
[2025-08-28T13:00:21.963+0000][1088462][info ][gc,heap     ] GC(23) Humongous regions: 0->0
[2025-08-28T13:00:21.963+0000][1088462][info ][gc,metaspace] GC(23) Metaspace: 135876K(139648K)->135876K(139648K) NonClass: 117400K(119424K)->117400K(119424K) Class: 18475K(20224K)->18475K(20224K)
[2025-08-28T13:00:21.963+0000][1088462][info ][gc          ] GC(23) Pause Young (Normal) (G1 Evacuation Pause) 382M->94M(512M) 4.070ms
[2025-08-28T13:00:21.963+0000][1088462][info ][gc,cpu      ] GC(23) User=0.02s Sys=0.00s Real=0.01s
[2025-08-28T13:00:21.963+0000][1088462][info ][safepoint   ] Safepoint "G1CollectForAllocation", Time since last: 493737845 ns, Reaching safepoint: 12599 ns, Cleanup: 33831 ns, At safepoint: 4191038 ns, Total: 4237468 ns
[2025-08-28T13:00:23.372+0000][1088462][info ][safepoint   ] Safepoint "Cleanup", Time since last: 1409087632 ns, Reaching safepoint: 17616 ns, Cleanup: 45599 ns, At safepoint: 2534 ns, Total: 65749 ns
[2025-08-28T13:00:24.373+0000][1088462][info ][safepoint   ] Safepoint "Cleanup", Time since last: 1000092049 ns, Reaching safepoint: 73701 ns, Cleanup: 35393 ns, At safepoint: 3085 ns, Total: 112179 ns
[2025-08-28T13:00:25.373+0000][1088462][info ][safepoint   ] Safepoint "Cleanup", Time since last: 1000116316 ns, Reaching safepoint: 17757 ns, Cleanup: 15173 ns, At safepoint: 3174 ns, Total: 36104 ns
[2025-08-28T13:00:26.373+0000][1088462][info ][safepoint   ] Safepoint "Cleanup", Time since last: 1000078409 ns, Reaching safepoint: 18148 ns, Cleanup: 21502 ns, At safepoint: 2734 ns, Total: 42384 ns
[2025-08-28T13:00:27.373+0000][1088462][info ][safepoint   ] Safepoint "Cleanup", Time since last: 1000072781 ns, Reaching safepoint: 17797 ns, Cleanup: 29624 ns, At safepoint: 2824 ns, Total: 50245 ns
[2025-08-28T13:00:27.578+0000][1088462][info ][gc,start    ] GC(24) Pause Young (Normal) (G1 Evacuation Pause)
[2025-08-28T13:00:27.578+0000][1088462][info ][gc,task     ] GC(24) Using 12 workers of 33 for evacuation
[2025-08-28T13:00:27.578+0000][1088462][debug][gc,age      ] GC(24) Desired survivor size 20971520 bytes, new threshold 15 (max threshold 15)
[2025-08-28T13:00:27.582+0000][1088462][info ][gc,phases   ] GC(24)   Pre Evacuate Collection Set: 0.2ms
[2025-08-28T13:00:27.582+0000][1088462][info ][gc,phases   ] GC(24)   Merge Heap Roots: 0.1ms
[2025-08-28T13:00:27.582+0000][1088462][info ][gc,phases   ] GC(24)   Evacuate Collection Set: 2.8ms
[2025-08-28T13:00:27.582+0000][1088462][info ][gc,phases   ] GC(24)   Post Evacuate Collection Set: 0.6ms
[2025-08-28T13:00:27.582+0000][1088462][info ][gc,phases   ] GC(24)   Other: 0.1ms
[2025-08-28T13:00:27.582+0000][1088462][trace][gc,age      ] GC(24) Age table with threshold 15 (max threshold 15)
[2025-08-28T13:00:27.582+0000][1088462][trace][gc,age      ] GC(24) - age   1:     621656 bytes,     621656 total
[2025-08-28T13:00:27.582+0000][1088462][trace][gc,age      ] GC(24) - age   2:      25480 bytes,     647136 total
[2025-08-28T13:00:27.582+0000][1088462][trace][gc,age      ] GC(24) - age   3:       3920 bytes,     651056 total
[2025-08-28T13:00:27.582+0000][1088462][trace][gc,age      ] GC(24) - age   4:       9496 bytes,     660552 total
[2025-08-28T13:00:27.582+0000][1088462][trace][gc,age      ] GC(24) - age   5:   13556336 bytes,   14216888 total
[2025-08-28T13:00:27.582+0000][1088462][info ][gc,heap     ] GC(24) Eden regions: 72->0(72)
[2025-08-28T13:00:27.582+0000][1088462][info ][gc,heap     ] GC(24) Survivor regions: 4->4(10)
[2025-08-28T13:00:27.582+0000][1088462][info ][gc,heap     ] GC(24) Old regions: 20->20
[2025-08-28T13:00:27.582+0000][1088462][info ][gc,heap     ] GC(24) Humongous regions: 0->0
[2025-08-28T13:00:27.582+0000][1088462][info ][gc,metaspace] GC(24) Metaspace: 136013K(139776K)->136013K(139776K) NonClass: 117506K(119488K)->117506K(119488K) Class: 18506K(20288K)->18506K(20288K)
[2025-08-28T13:00:27.582+0000][1088462][info ][gc          ] GC(24) Pause Young (Normal) (G1 Evacuation Pause) 382M->93M(512M) 3.982ms
[2025-08-28T13:00:27.582+0000][1088462][info ][gc,cpu      ] GC(24) User=0.02s Sys=0.00s Real=0.01s
[2025-08-28T13:00:27.582+0000][1088462][info ][safepoint   ] Safepoint "G1CollectForAllocation", Time since last: 204632905 ns, Reaching safepoint: 18548 ns, Cleanup: 5528 ns, At safepoint: 4115494 ns, Total: 4139570 ns
[2025-08-28T13:00:30.582+0000][1088462][info ][safepoint   ] Safepoint "Cleanup", Time since last: 3000247416 ns, Reaching safepoint: 47902 ns, Cleanup: 15593 ns, At safepoint: 3195 ns, Total: 66690 ns
[2025-08-28T13:00:31.582+0000][1088462][info ][safepoint   ] Safepoint "Cleanup", Time since last: 1000118540 ns, Reaching safepoint: 13540 ns, Cleanup: 16445 ns, At safepoint: 3024 ns, Total: 33009 ns
[2025-08-28T13:00:32.582+0000][1088462][info ][safepoint   ] Safepoint "Cleanup", Time since last: 1000114554 ns, Reaching safepoint: 13720 ns, Cleanup: 19009 ns, At safepoint: 3045 ns, Total: 35774 ns
[2025-08-28T13:00:33.081+0000][1088462][info ][gc,start    ] GC(25) Pause Young (Normal) (G1 Evacuation Pause)
[2025-08-28T13:00:33.081+0000][1088462][info ][gc,task     ] GC(25) Using 12 workers of 33 for evacuation
[2025-08-28T13:00:33.081+0000][1088462][debug][gc,age      ] GC(25) Desired survivor size 20971520 bytes, new threshold 15 (max threshold 15)
[2025-08-28T13:00:33.085+0000][1088462][info ][gc,phases   ] GC(25)   Pre Evacuate Collection Set: 0.2ms
[2025-08-28T13:00:33.085+0000][1088462][info ][gc,phases   ] GC(25)   Merge Heap Roots: 0.1ms
[2025-08-28T13:00:33.085+0000][1088462][info ][gc,phases   ] GC(25)   Evacuate Collection Set: 2.7ms
[2025-08-28T13:00:33.085+0000][1088462][info ][gc,phases   ] GC(25)   Post Evacuate Collection Set: 0.6ms
[2025-08-28T13:00:33.085+0000][1088462][info ][gc,phases   ] GC(25)   Other: 0.1ms
[2025-08-28T13:00:33.085+0000][1088462][trace][gc,age      ] GC(25) Age table with threshold 15 (max threshold 15)
[2025-08-28T13:00:33.085+0000][1088462][trace][gc,age      ] GC(25) - age   1:     564144 bytes,     564144 total
[2025-08-28T13:00:33.085+0000][1088462][trace][gc,age      ] GC(25) - age   2:      64416 bytes,     628560 total
[2025-08-28T13:00:33.085+0000][1088462][trace][gc,age      ] GC(25) - age   3:      24824 bytes,     653384 total
[2025-08-28T13:00:33.085+0000][1088462][trace][gc,age      ] GC(25) - age   4:       3920 bytes,     657304 total
[2025-08-28T13:00:33.085+0000][1088462][trace][gc,age      ] GC(25) - age   5:       9496 bytes,     666800 total
[2025-08-28T13:00:33.085+0000][1088462][trace][gc,age      ] GC(25) - age   6:   13554864 bytes,   14221664 total
[2025-08-28T13:00:33.085+0000][1088462][info ][gc,heap     ] GC(25) Eden regions: 72->0(72)
[2025-08-28T13:00:33.085+0000][1088462][info ][gc,heap     ] GC(25) Survivor regions: 4->4(10)
[2025-08-28T13:00:33.085+0000][1088462][info ][gc,heap     ] GC(25) Old regions: 20->20
[2025-08-28T13:00:33.085+0000][1088462][info ][gc,heap     ] GC(25) Humongous regions: 0->0
[2025-08-28T13:00:33.085+0000][1088462][info ][gc,metaspace] GC(25) Metaspace: 136030K(139776K)->136030K(139776K) NonClass: 117522K(119488K)->117522K(119488K) Class: 18507K(20288K)->18507K(20288K)
[2025-08-28T13:00:33.085+0000][1088462][info ][gc          ] GC(25) Pause Young (Normal) (G1 Evacuation Pause) 381M->93M(512M) 3.708ms
[2025-08-28T13:00:33.085+0000][1088462][info ][gc,cpu      ] GC(25) User=0.03s Sys=0.00s Real=0.00s
[2025-08-28T13:00:33.085+0000][1088462][info ][safepoint   ] Safepoint "G1CollectForAllocation", Time since last: 498378649 ns, Reaching safepoint: 13991 ns, Cleanup: 18808 ns, At safepoint: 3789665 ns, Total: 3822464 ns
[2025-08-28T13:00:36.085+0000][1088462][info ][safepoint   ] Safepoint "Cleanup", Time since last: 3000181296 ns, Reaching safepoint: 46691 ns, Cleanup: 19950 ns, At safepoint: 3355 ns, Total: 69996 ns
[2025-08-28T13:00:38.085+0000][1088462][info ][safepoint   ] Safepoint "Cleanup", Time since last: 2000196878 ns, Reaching safepoint: 13621 ns, Cleanup: 16635 ns, At safepoint: 3234 ns, Total: 33490 ns
[2025-08-28T13:00:38.637+0000][1088462][info ][gc,start    ] GC(26) Pause Young (Normal) (G1 Evacuation Pause)
[2025-08-28T13:00:38.637+0000][1088462][info ][gc,task     ] GC(26) Using 12 workers of 33 for evacuation
[2025-08-28T13:00:38.637+0000][1088462][debug][gc,age      ] GC(26) Desired survivor size 20971520 bytes, new threshold 15 (max threshold 15)
[2025-08-28T13:00:38.640+0000][1088462][info ][gc,phases   ] GC(26)   Pre Evacuate Collection Set: 0.2ms
[2025-08-28T13:00:38.640+0000][1088462][info ][gc,phases   ] GC(26)   Merge Heap Roots: 0.1ms
[2025-08-28T13:00:38.640+0000][1088462][info ][gc,phases   ] GC(26)   Evacuate Collection Set: 2.4ms
[2025-08-28T13:00:38.640+0000][1088462][info ][gc,phases   ] GC(26)   Post Evacuate Collection Set: 0.6ms
[2025-08-28T13:00:38.640+0000][1088462][info ][gc,phases   ] GC(26)   Other: 0.1ms
[2025-08-28T13:00:38.640+0000][1088462][trace][gc,age      ] GC(26) Age table with threshold 15 (max threshold 15)
[2025-08-28T13:00:38.640+0000][1088462][trace][gc,age      ] GC(26) - age   1:     628992 bytes,     628992 total
[2025-08-28T13:00:38.640+0000][1088462][trace][gc,age      ] GC(26) - age   2:      13184 bytes,     642176 total
[2025-08-28T13:00:38.640+0000][1088462][trace][gc,age      ] GC(26) - age   3:      64384 bytes,     706560 total
[2025-08-28T13:00:38.640+0000][1088462][trace][gc,age      ] GC(26) - age   4:      24824 bytes,     731384 total
[2025-08-28T13:00:38.640+0000][1088462][trace][gc,age      ] GC(26) - age   5:       3608 bytes,     734992 total
[2025-08-28T13:00:38.640+0000][1088462][trace][gc,age      ] GC(26) - age   6:       9496 bytes,     744488 total
[2025-08-28T13:00:38.640+0000][1088462][trace][gc,age      ] GC(26) - age   7:   13554640 bytes,   14299128 total
[2025-08-28T13:00:38.640+0000][1088462][info ][gc,heap     ] GC(26) Eden regions: 72->0(72)
[2025-08-28T13:00:38.640+0000][1088462][info ][gc,heap     ] GC(26) Survivor regions: 4->4(10)
[2025-08-28T13:00:38.640+0000][1088462][info ][gc,heap     ] GC(26) Old regions: 20->20
[2025-08-28T13:00:38.640+0000][1088462][info ][gc,heap     ] GC(26) Humongous regions: 0->0
[2025-08-28T13:00:38.640+0000][1088462][info ][gc,metaspace] GC(26) Metaspace: 136034K(139776K)->136034K(139776K) NonClass: 117527K(119488K)->117527K(119488K) Class: 18507K(20288K)->18507K(20288K)
[2025-08-28T13:00:38.640+0000][1088462][info ][gc          ] GC(26) Pause Young (Normal) (G1 Evacuation Pause) 381M->94M(512M) 3.409ms
[2025-08-28T13:00:38.640+0000][1088462][info ][gc,cpu      ] GC(26) User=0.03s Sys=0.00s Real=0.00s
[2025-08-28T13:00:38.640+0000][1088462][info ][safepoint   ] Safepoint "G1CollectForAllocation", Time since last: 551483491 ns, Reaching safepoint: 14332 ns, Cleanup: 6229 ns, At safepoint: 3490796 ns, Total: 3511357 ns
[2025-08-28T13:00:42.642+0000][1088462][info ][safepoint   ] Safepoint "Cleanup", Time since last: 4000504383 ns, Reaching safepoint: 986292 ns, Cleanup: 15553 ns, At safepoint: 4567 ns, Total: 1006412 ns
[2025-08-28T13:00:44.412+0000][1088462][info ][gc,start    ] GC(27) Pause Young (Normal) (G1 Evacuation Pause)
[2025-08-28T13:00:44.412+0000][1088462][info ][gc,task     ] GC(27) Using 12 workers of 33 for evacuation
[2025-08-28T13:00:44.412+0000][1088462][debug][gc,age      ] GC(27) Desired survivor size 20971520 bytes, new threshold 15 (max threshold 15)
[2025-08-28T13:00:44.415+0000][1088462][info ][gc,phases   ] GC(27)   Pre Evacuate Collection Set: 0.2ms
[2025-08-28T13:00:44.415+0000][1088462][info ][gc,phases   ] GC(27)   Merge Heap Roots: 0.1ms
[2025-08-28T13:00:44.415+0000][1088462][info ][gc,phases   ] GC(27)   Evacuate Collection Set: 2.7ms
[2025-08-28T13:00:44.415+0000][1088462][info ][gc,phases   ] GC(27)   Post Evacuate Collection Set: 0.6ms
[2025-08-28T13:00:44.415+0000][1088462][info ][gc,phases   ] GC(27)   Other: 0.1ms
[2025-08-28T13:00:44.415+0000][1088462][trace][gc,age      ] GC(27) Age table with threshold 15 (max threshold 15)
[2025-08-28T13:00:44.415+0000][1088462][trace][gc,age      ] GC(27) - age   1:     434656 bytes,     434656 total
[2025-08-28T13:00:44.415+0000][1088462][trace][gc,age      ] GC(27) - age   2:      11928 bytes,     446584 total
[2025-08-28T13:00:44.415+0000][1088462][trace][gc,age      ] GC(27) - age   3:      12944 bytes,     459528 total
[2025-08-28T13:00:44.415+0000][1088462][trace][gc,age      ] GC(27) - age   4:      64384 bytes,     523912 total
[2025-08-28T13:00:44.415+0000][1088462][trace][gc,age      ] GC(27) - age   5:      24824 bytes,     548736 total
[2025-08-28T13:00:44.415+0000][1088462][trace][gc,age      ] GC(27) - age   6:       3608 bytes,     552344 total
[2025-08-28T13:00:44.415+0000][1088462][trace][gc,age      ] GC(27) - age   7:       9496 bytes,     561840 total
[2025-08-28T13:00:44.415+0000][1088462][trace][gc,age      ] GC(27) - age   8:   13554640 bytes,   14116480 total
[2025-08-28T13:00:44.415+0000][1088462][info ][gc,heap     ] GC(27) Eden regions: 72->0(72)
[2025-08-28T13:00:44.415+0000][1088462][info ][gc,heap     ] GC(27) Survivor regions: 4->4(10)
[2025-08-28T13:00:44.415+0000][1088462][info ][gc,heap     ] GC(27) Old regions: 20->20
[2025-08-28T13:00:44.415+0000][1088462][info ][gc,heap     ] GC(27) Humongous regions: 0->0
[2025-08-28T13:00:44.415+0000][1088462][info ][gc,metaspace] GC(27) Metaspace: 136041K(139776K)->136041K(139776K) NonClass: 117534K(119488K)->117534K(119488K) Class: 18507K(20288K)->18507K(20288K)
[2025-08-28T13:00:44.415+0000][1088462][info ][gc          ] GC(27) Pause Young (Normal) (G1 Evacuation Pause) 382M->93M(512M) 3.776ms
[2025-08-28T13:00:44.415+0000][1088462][info ][gc,cpu      ] GC(27) User=0.03s Sys=0.00s Real=0.00s
[2025-08-28T13:00:44.415+0000][1088462][info ][safepoint   ] Safepoint "G1CollectForAllocation", Time since last: 1769859078 ns, Reaching safepoint: 15212 ns, Cleanup: 6510 ns, At safepoint: 3874593 ns, Total: 3896315 ns
[2025-08-28T13:00:45.416+0000][1088462][info ][safepoint   ] Safepoint "Cleanup", Time since last: 1000092049 ns, Reaching safepoint: 69204 ns, Cleanup: 28974 ns, At safepoint: 3375 ns, Total: 101553 ns
[2025-08-28T13:00:46.416+0000][1088462][info ][safepoint   ] Safepoint "Cleanup", Time since last: 1000122145 ns, Reaching safepoint: 14151 ns, Cleanup: 14302 ns, At safepoint: 2914 ns, Total: 31367 ns
[2025-08-28T13:00:49.708+0000][1088462][info ][gc,start    ] GC(28) Pause Young (Normal) (G1 Evacuation Pause)
[2025-08-28T13:00:49.710+0000][1088462][info ][gc,task     ] GC(28) Using 12 workers of 33 for evacuation
[2025-08-28T13:00:49.710+0000][1088462][debug][gc,age      ] GC(28) Desired survivor size 20971520 bytes, new threshold 15 (max threshold 15)
[2025-08-28T13:00:49.714+0000][1088462][info ][gc,phases   ] GC(28)   Pre Evacuate Collection Set: 0.1ms
[2025-08-28T13:00:49.714+0000][1088462][info ][gc,phases   ] GC(28)   Merge Heap Roots: 0.1ms
[2025-08-28T13:00:49.714+0000][1088462][info ][gc,phases   ] GC(28)   Evacuate Collection Set: 2.3ms
[2025-08-28T13:00:49.714+0000][1088462][info ][gc,phases   ] GC(28)   Post Evacuate Collection Set: 0.6ms
[2025-08-28T13:00:49.714+0000][1088462][info ][gc,phases   ] GC(28)   Other: 0.1ms
[2025-08-28T13:00:49.714+0000][1088462][trace][gc,age      ] GC(28) Age table with threshold 15 (max threshold 15)
[2025-08-28T13:00:49.714+0000][1088462][trace][gc,age      ] GC(28) - age   1:     550992 bytes,     550992 total
[2025-08-28T13:00:49.714+0000][1088462][trace][gc,age      ] GC(28) - age   2:        344 bytes,     551336 total
[2025-08-28T13:00:49.714+0000][1088462][trace][gc,age      ] GC(28) - age   3:       2080 bytes,     553416 total
[2025-08-28T13:00:49.714+0000][1088462][trace][gc,age      ] GC(28) - age   4:      12944 bytes,     566360 total
[2025-08-28T13:00:49.714+0000][1088462][trace][gc,age      ] GC(28) - age   5:      64072 bytes,     630432 total
[2025-08-28T13:00:49.714+0000][1088462][trace][gc,age      ] GC(28) - age   6:      24824 bytes,     655256 total
[2025-08-28T13:00:49.714+0000][1088462][trace][gc,age      ] GC(28) - age   7:       3608 bytes,     658864 total
[2025-08-28T13:00:49.714+0000][1088462][trace][gc,age      ] GC(28) - age   8:       9496 bytes,     668360 total
[2025-08-28T13:00:49.714+0000][1088462][trace][gc,age      ] GC(28) - age   9:   13554640 bytes,   14223000 total
[2025-08-28T13:00:49.714+0000][1088462][info ][gc,heap     ] GC(28) Eden regions: 72->0(72)
[2025-08-28T13:00:49.714+0000][1088462][info ][gc,heap     ] GC(28) Survivor regions: 4->4(10)
[2025-08-28T13:00:49.714+0000][1088462][info ][gc,heap     ] GC(28) Old regions: 20->20
[2025-08-28T13:00:49.714+0000][1088462][info ][gc,heap     ] GC(28) Humongous regions: 0->0
[2025-08-28T13:00:49.714+0000][1088462][info ][gc,metaspace] GC(28) Metaspace: 136047K(139776K)->136047K(139776K) NonClass: 117540K(119488K)->117540K(119488K) Class: 18507K(20288K)->18507K(20288K)
[2025-08-28T13:00:49.714+0000][1088462][info ][gc          ] GC(28) Pause Young (Normal) (G1 Evacuation Pause) 381M->93M(512M) 6.159ms
[2025-08-28T13:00:49.714+0000][1088462][info ][gc,cpu      ] GC(28) User=0.02s Sys=0.00s Real=0.01s
[2025-08-28T13:00:49.714+0000][1088462][info ][safepoint   ] Safepoint "G1CollectForAllocation", Time since last: 3291751502 ns, Reaching safepoint: 31037 ns, Cleanup: 6029 ns, At safepoint: 6258345 ns, Total: 6295411 ns
[2025-08-28T13:00:50.714+0000][1088462][info ][safepoint   ] Safepoint "Cleanup", Time since last: 1000099480 ns, Reaching safepoint: 14001 ns, Cleanup: 20421 ns, At safepoint: 3195 ns, Total: 37617 ns
[2025-08-28T13:00:51.714+0000][1088462][info ][safepoint   ] Safepoint "Cleanup", Time since last: 1000123957 ns, Reaching safepoint: 14843 ns, Cleanup: 15273 ns, At safepoint: 3285 ns, Total: 33401 ns
[2025-08-28T13:00:52.714+0000][1088462][info ][safepoint   ] Safepoint "Cleanup", Time since last: 1000121714 ns, Reaching safepoint: 13731 ns, Cleanup: 29394 ns, At safepoint: 3305 ns, Total: 46430 ns
[2025-08-28T13:00:54.677+0000][1088462][info ][safepoint   ] Safepoint "Cleanup", Time since last: 1962354642 ns, Reaching safepoint: 76766 ns, Cleanup: 9223 ns, At safepoint: 2484 ns, Total: 88473 ns
[2025-08-28T13:00:55.326+0000][1088462][info ][gc,start    ] GC(29) Pause Young (Normal) (G1 Evacuation Pause)
[2025-08-28T13:00:55.326+0000][1088462][info ][gc,task     ] GC(29) Using 12 workers of 33 for evacuation
[2025-08-28T13:00:55.326+0000][1088462][debug][gc,age      ] GC(29) Desired survivor size 20971520 bytes, new threshold 15 (max threshold 15)
[2025-08-28T13:00:55.331+0000][1088462][info ][gc,phases   ] GC(29)   Pre Evacuate Collection Set: 0.3ms
[2025-08-28T13:00:55.331+0000][1088462][info ][gc,phases   ] GC(29)   Merge Heap Roots: 0.1ms
[2025-08-28T13:00:55.331+0000][1088462][info ][gc,phases   ] GC(29)   Evacuate Collection Set: 4.0ms
[2025-08-28T13:00:55.331+0000][1088462][info ][gc,phases   ] GC(29)   Post Evacuate Collection Set: 0.6ms
[2025-08-28T13:00:55.331+0000][1088462][info ][gc,phases   ] GC(29)   Other: 0.1ms
[2025-08-28T13:00:55.331+0000][1088462][trace][gc,age      ] GC(29) Age table with threshold 15 (max threshold 15)
[2025-08-28T13:00:55.331+0000][1088462][trace][gc,age      ] GC(29) - age   1:     552440 bytes,     552440 total
[2025-08-28T13:00:55.331+0000][1088462][trace][gc,age      ] GC(29) - age   2:        672 bytes,     553112 total
[2025-08-28T13:00:55.331+0000][1088462][trace][gc,age      ] GC(29) - age   3:        104 bytes,     553216 total
[2025-08-28T13:00:55.331+0000][1088462][trace][gc,age      ] GC(29) - age   4:       1768 bytes,     554984 total
[2025-08-28T13:00:55.331+0000][1088462][trace][gc,age      ] GC(29) - age   5:      12464 bytes,     567448 total
[2025-08-28T13:00:55.331+0000][1088462][trace][gc,age      ] GC(29) - age   6:      63736 bytes,     631184 total
[2025-08-28T13:00:55.331+0000][1088462][trace][gc,age      ] GC(29) - age   7:      24352 bytes,     655536 total
[2025-08-28T13:00:55.331+0000][1088462][trace][gc,age      ] GC(29) - age   8:       3608 bytes,     659144 total
[2025-08-28T13:00:55.331+0000][1088462][trace][gc,age      ] GC(29) - age   9:       9496 bytes,     668640 total
[2025-08-28T13:00:55.331+0000][1088462][trace][gc,age      ] GC(29) - age  10:   13554640 bytes,   14223280 total
[2025-08-28T13:00:55.331+0000][1088462][info ][gc,heap     ] GC(29) Eden regions: 72->0(72)
[2025-08-28T13:00:55.331+0000][1088462][info ][gc,heap     ] GC(29) Survivor regions: 4->4(10)
[2025-08-28T13:00:55.331+0000][1088462][info ][gc,heap     ] GC(29) Old regions: 20->20
[2025-08-28T13:00:55.331+0000][1088462][info ][gc,heap     ] GC(29) Humongous regions: 0->0
[2025-08-28T13:00:55.331+0000][1088462][info ][gc,metaspace] GC(29) Metaspace: 136052K(139776K)->136052K(139776K) NonClass: 117545K(119488K)->117545K(119488K) Class: 18507K(20288K)->18507K(20288K)
[2025-08-28T13:00:55.331+0000][1088462][info ][gc          ] GC(29) Pause Young (Normal) (G1 Evacuation Pause) 381M->93M(512M) 5.157ms
[2025-08-28T13:00:55.331+0000][1088462][info ][gc,cpu      ] GC(29) User=0.03s Sys=0.00s Real=0.01s
[2025-08-28T13:00:55.331+0000][1088462][info ][safepoint   ] Safepoint "G1CollectForAllocation", Time since last: 649083025 ns, Reaching safepoint: 45258 ns, Cleanup: 15533 ns, At safepoint: 5233264 ns, Total: 5294055 ns
[2025-08-28T13:00:56.331+0000][1088462][info ][safepoint   ] Safepoint "Cleanup", Time since last: 1000085660 ns, Reaching safepoint: 13080 ns, Cleanup: 18307 ns, At safepoint: 2805 ns, Total: 34192 ns
[2025-08-28T13:00:59.331+0000][1088462][info ][safepoint   ] Safepoint "Cleanup", Time since last: 3000206704 ns, Reaching safepoint: 13010 ns, Cleanup: 15834 ns, At safepoint: 3295 ns, Total: 32139 ns
[2025-08-28T13:01:01.159+0000][1088462][info ][gc,start    ] GC(30) Pause Young (Normal) (G1 Evacuation Pause)
[2025-08-28T13:01:01.159+0000][1088462][info ][gc,task     ] GC(30) Using 12 workers of 33 for evacuation
[2025-08-28T13:01:01.159+0000][1088462][debug][gc,age      ] GC(30) Desired survivor size 20971520 bytes, new threshold 15 (max threshold 15)
[2025-08-28T13:01:01.163+0000][1088462][info ][gc,phases   ] GC(30)   Pre Evacuate Collection Set: 0.2ms
[2025-08-28T13:01:01.163+0000][1088462][info ][gc,phases   ] GC(30)   Merge Heap Roots: 0.1ms
[2025-08-28T13:01:01.163+0000][1088462][info ][gc,phases   ] GC(30)   Evacuate Collection Set: 3.1ms
[2025-08-28T13:01:01.163+0000][1088462][info ][gc,phases   ] GC(30)   Post Evacuate Collection Set: 0.5ms
[2025-08-28T13:01:01.163+0000][1088462][info ][gc,phases   ] GC(30)   Other: 0.1ms
[2025-08-28T13:01:01.163+0000][1088462][trace][gc,age      ] GC(30) Age table with threshold 15 (max threshold 15)
[2025-08-28T13:01:01.163+0000][1088462][trace][gc,age      ] GC(30) - age   1:     552984 bytes,     552984 total
[2025-08-28T13:01:01.163+0000][1088462][trace][gc,age      ] GC(30) - age   2:       2264 bytes,     555248 total
[2025-08-28T13:01:01.163+0000][1088462][trace][gc,age      ] GC(30) - age   3:        672 bytes,     555920 total
[2025-08-28T13:01:01.163+0000][1088462][trace][gc,age      ] GC(30) - age   4:        104 bytes,     556024 total
[2025-08-28T13:01:01.163+0000][1088462][trace][gc,age      ] GC(30) - age   5:       1768 bytes,     557792 total
[2025-08-28T13:01:01.163+0000][1088462][trace][gc,age      ] GC(30) - age   6:      12288 bytes,     570080 total
[2025-08-28T13:01:01.163+0000][1088462][trace][gc,age      ] GC(30) - age   7:      63736 bytes,     633816 total
[2025-08-28T13:01:01.163+0000][1088462][trace][gc,age      ] GC(30) - age   8:      24352 bytes,     658168 total
[2025-08-28T13:01:01.163+0000][1088462][trace][gc,age      ] GC(30) - age   9:       3608 bytes,     661776 total
[2025-08-28T13:01:01.163+0000][1088462][trace][gc,age      ] GC(30) - age  10:       9496 bytes,     671272 total
[2025-08-28T13:01:01.163+0000][1088462][trace][gc,age      ] GC(30) - age  11:   13554640 bytes,   14225912 total
[2025-08-28T13:01:01.163+0000][1088462][info ][gc,heap     ] GC(30) Eden regions: 72->0(72)
[2025-08-28T13:01:01.163+0000][1088462][info ][gc,heap     ] GC(30) Survivor regions: 4->4(10)
[2025-08-28T13:01:01.163+0000][1088462][info ][gc,heap     ] GC(30) Old regions: 20->20
[2025-08-28T13:01:01.163+0000][1088462][info ][gc,heap     ] GC(30) Humongous regions: 0->0
[2025-08-28T13:01:01.163+0000][1088462][info ][gc,metaspace] GC(30) Metaspace: 136055K(139776K)->136055K(139776K) NonClass: 117548K(119488K)->117548K(119488K) Class: 18507K(20288K)->18507K(20288K)
[2025-08-28T13:01:01.163+0000][1088462][info ][gc          ] GC(30) Pause Young (Normal) (G1 Evacuation Pause) 381M->94M(512M) 4.035ms
[2025-08-28T13:01:01.163+0000][1088462][info ][gc,cpu      ] GC(30) User=0.03s Sys=0.00s Real=0.01s
[2025-08-28T13:01:01.163+0000][1088462][info ][safepoint   ] Safepoint "G1CollectForAllocation", Time since last: 1827753179 ns, Reaching safepoint: 14031 ns, Cleanup: 18888 ns, At safepoint: 4114833 ns, Total: 4147752 ns
[2025-08-28T13:01:02.163+0000][1088462][info ][safepoint   ] Safepoint "Cleanup", Time since last: 1000075972 ns, Reaching safepoint: 13831 ns, Cleanup: 15343 ns, At safepoint: 3004 ns, Total: 32178 ns
[2025-08-28T13:01:04.164+0000][1088462][info ][safepoint   ] Safepoint "Cleanup", Time since last: 2000115088 ns, Reaching safepoint: 22925 ns, Cleanup: 14561 ns, At safepoint: 3275 ns, Total: 40761 ns
[2025-08-28T13:01:06.163+0000][1088462][info ][gc,start    ] GC(31) Pause Young (Normal) (G1 Evacuation Pause)
[2025-08-28T13:01:06.163+0000][1088462][info ][gc,task     ] GC(31) Using 12 workers of 33 for evacuation
[2025-08-28T13:01:06.163+0000][1088462][debug][gc,age      ] GC(31) Desired survivor size 20971520 bytes, new threshold 15 (max threshold 15)
[2025-08-28T13:01:06.167+0000][1088462][info ][gc,phases   ] GC(31)   Pre Evacuate Collection Set: 0.1ms
[2025-08-28T13:01:06.167+0000][1088462][info ][gc,phases   ] GC(31)   Merge Heap Roots: 0.1ms
[2025-08-28T13:01:06.167+0000][1088462][info ][gc,phases   ] GC(31)   Evacuate Collection Set: 2.4ms
[2025-08-28T13:01:06.167+0000][1088462][info ][gc,phases   ] GC(31)   Post Evacuate Collection Set: 0.5ms
[2025-08-28T13:01:06.167+0000][1088462][info ][gc,phases   ] GC(31)   Other: 0.1ms
[2025-08-28T13:01:06.167+0000][1088462][trace][gc,age      ] GC(31) Age table with threshold 15 (max threshold 15)
[2025-08-28T13:01:06.167+0000][1088462][trace][gc,age      ] GC(31) - age   1:     543568 bytes,     543568 total
[2025-08-28T13:01:06.167+0000][1088462][trace][gc,age      ] GC(31) - age   2:      12416 bytes,     555984 total
[2025-08-28T13:01:06.167+0000][1088462][trace][gc,age      ] GC(31) - age   3:       1112 bytes,     557096 total
[2025-08-28T13:01:06.167+0000][1088462][trace][gc,age      ] GC(31) - age   4:        672 bytes,     557768 total
[2025-08-28T13:01:06.167+0000][1088462][trace][gc,age      ] GC(31) - age   5:        104 bytes,     557872 total
[2025-08-28T13:01:06.167+0000][1088462][trace][gc,age      ] GC(31) - age   6:       1768 bytes,     559640 total
[2025-08-28T13:01:06.167+0000][1088462][trace][gc,age      ] GC(31) - age   7:      10632 bytes,     570272 total
[2025-08-28T13:01:06.167+0000][1088462][trace][gc,age      ] GC(31) - age   8:      63736 bytes,     634008 total
[2025-08-28T13:01:06.167+0000][1088462][trace][gc,age      ] GC(31) - age   9:      24352 bytes,     658360 total
[2025-08-28T13:01:06.167+0000][1088462][trace][gc,age      ] GC(31) - age  10:       3608 bytes,     661968 total
[2025-08-28T13:01:06.167+0000][1088462][trace][gc,age      ] GC(31) - age  11:       9496 bytes,     671464 total
[2025-08-28T13:01:06.167+0000][1088462][trace][gc,age      ] GC(31) - age  12:   13554640 bytes,   14226104 total
[2025-08-28T13:01:06.167+0000][1088462][info ][gc,heap     ] GC(31) Eden regions: 72->0(72)
[2025-08-28T13:01:06.167+0000][1088462][info ][gc,heap     ] GC(31) Survivor regions: 4->4(10)
[2025-08-28T13:01:06.167+0000][1088462][info ][gc,heap     ] GC(31) Old regions: 20->20
[2025-08-28T13:01:06.167+0000][1088462][info ][gc,heap     ] GC(31) Humongous regions: 0->0
[2025-08-28T13:01:06.167+0000][1088462][info ][gc,metaspace] GC(31) Metaspace: 136060K(139840K)->136060K(139840K) NonClass: 117553K(119552K)->117553K(119552K) Class: 18507K(20288K)->18507K(20288K)
[2025-08-28T13:01:06.167+0000][1088462][info ][gc          ] GC(31) Pause Young (Normal) (G1 Evacuation Pause) 382M->93M(512M) 3.328ms
[2025-08-28T13:01:06.167+0000][1088462][info ][gc,cpu      ] GC(31) User=0.02s Sys=0.01s Real=0.00s
[2025-08-28T13:01:06.167+0000][1088462][info ][safepoint   ] Safepoint "G1CollectForAllocation", Time since last: 1999682488 ns, Reaching safepoint: 45789 ns, Cleanup: 5969 ns, At safepoint: 3405597 ns, Total: 3457355 ns
[2025-08-28T13:01:08.167+0000][1088462][info ][safepoint   ] Safepoint "Cleanup", Time since last: 2000115980 ns, Reaching safepoint: 13049 ns, Cleanup: 24537 ns, At safepoint: 3225 ns, Total: 40811 ns
[2025-08-28T13:01:11.167+0000][1088462][info ][safepoint   ] Safepoint "Cleanup", Time since last: 3000206022 ns, Reaching safepoint: 46811 ns, Cleanup: 16945 ns, At safepoint: 3195 ns, Total: 66951 ns
[2025-08-28T13:01:12.055+0000][1088462][info ][gc,start    ] GC(32) Pause Young (Normal) (G1 Evacuation Pause)
[2025-08-28T13:01:12.055+0000][1088462][info ][gc,task     ] GC(32) Using 12 workers of 33 for evacuation
[2025-08-28T13:01:12.055+0000][1088462][debug][gc,age      ] GC(32) Desired survivor size 20971520 bytes, new threshold 15 (max threshold 15)
[2025-08-28T13:01:12.059+0000][1088462][info ][gc,phases   ] GC(32)   Pre Evacuate Collection Set: 0.2ms
[2025-08-28T13:01:12.059+0000][1088462][info ][gc,phases   ] GC(32)   Merge Heap Roots: 0.1ms
[2025-08-28T13:01:12.059+0000][1088462][info ][gc,phases   ] GC(32)   Evacuate Collection Set: 2.7ms
[2025-08-28T13:01:12.059+0000][1088462][info ][gc,phases   ] GC(32)   Post Evacuate Collection Set: 0.5ms
[2025-08-28T13:01:12.059+0000][1088462][info ][gc,phases   ] GC(32)   Other: 0.1ms
[2025-08-28T13:01:12.059+0000][1088462][trace][gc,age      ] GC(32) Age table with threshold 15 (max threshold 15)
[2025-08-28T13:01:12.059+0000][1088462][trace][gc,age      ] GC(32) - age   1:     553144 bytes,     553144 total
[2025-08-28T13:01:12.059+0000][1088462][trace][gc,age      ] GC(32) - age   2:       3456 bytes,     556600 total
[2025-08-28T13:01:12.059+0000][1088462][trace][gc,age      ] GC(32) - age   3:       1944 bytes,     558544 total
[2025-08-28T13:01:12.059+0000][1088462][trace][gc,age      ] GC(32) - age   4:       1112 bytes,     559656 total
[2025-08-28T13:01:12.059+0000][1088462][trace][gc,age      ] GC(32) - age   5:        672 bytes,     560328 total
[2025-08-28T13:01:12.059+0000][1088462][trace][gc,age      ] GC(32) - age   6:        104 bytes,     560432 total
[2025-08-28T13:01:12.059+0000][1088462][trace][gc,age      ] GC(32) - age   7:       1544 bytes,     561976 total
[2025-08-28T13:01:12.059+0000][1088462][trace][gc,age      ] GC(32) - age   8:      10632 bytes,     572608 total
[2025-08-28T13:01:12.059+0000][1088462][trace][gc,age      ] GC(32) - age   9:      63736 bytes,     636344 total
[2025-08-28T13:01:12.059+0000][1088462][trace][gc,age      ] GC(32) - age  10:      24352 bytes,     660696 total
[2025-08-28T13:01:12.059+0000][1088462][trace][gc,age      ] GC(32) - age  11:       3608 bytes,     664304 total
[2025-08-28T13:01:12.059+0000][1088462][trace][gc,age      ] GC(32) - age  12:       9496 bytes,     673800 total
[2025-08-28T13:01:12.059+0000][1088462][trace][gc,age      ] GC(32) - age  13:   13554640 bytes,   14228440 total
[2025-08-28T13:01:12.059+0000][1088462][info ][gc,heap     ] GC(32) Eden regions: 72->0(72)
[2025-08-28T13:01:12.059+0000][1088462][info ][gc,heap     ] GC(32) Survivor regions: 4->4(10)
[2025-08-28T13:01:12.059+0000][1088462][info ][gc,heap     ] GC(32) Old regions: 20->20
[2025-08-28T13:01:12.059+0000][1088462][info ][gc,heap     ] GC(32) Humongous regions: 0->0
[2025-08-28T13:01:12.059+0000][1088462][info ][gc,metaspace] GC(32) Metaspace: 136074K(139840K)->136074K(139840K) NonClass: 117566K(119552K)->117566K(119552K) Class: 18507K(20288K)->18507K(20288K)
[2025-08-28T13:01:12.059+0000][1088462][info ][gc          ] GC(32) Pause Young (Normal) (G1 Evacuation Pause) 381M->93M(512M) 3.654ms
[2025-08-28T13:01:12.059+0000][1088462][info ][gc,cpu      ] GC(32) User=0.03s Sys=0.00s Real=0.00s
[2025-08-28T13:01:12.059+0000][1088462][info ][safepoint   ] Safepoint "G1CollectForAllocation", Time since last: 887856240 ns, Reaching safepoint: 12328 ns, Cleanup: 5498 ns, At safepoint: 3731798 ns, Total: 3749624 ns
[2025-08-28T13:01:15.059+0000][1088462][info ][safepoint   ] Safepoint "Cleanup", Time since last: 3000239682 ns, Reaching safepoint: 12269 ns, Cleanup: 13540 ns, At safepoint: 2965 ns, Total: 28774 ns
[2025-08-28T13:01:16.059+0000][1088462][info ][safepoint   ] Safepoint "Cleanup", Time since last: 1000117444 ns, Reaching safepoint: 39068 ns, Cleanup: 13330 ns, At safepoint: 3045 ns, Total: 55443 ns
[2025-08-28T13:01:17.830+0000][1088462][info ][gc,start    ] GC(33) Pause Young (Normal) (G1 Evacuation Pause)
[2025-08-28T13:01:17.830+0000][1088462][info ][gc,task     ] GC(33) Using 12 workers of 33 for evacuation
[2025-08-28T13:01:17.830+0000][1088462][debug][gc,age      ] GC(33) Desired survivor size 20971520 bytes, new threshold 15 (max threshold 15)
[2025-08-28T13:01:17.835+0000][1088462][info ][gc,phases   ] GC(33)   Pre Evacuate Collection Set: 0.2ms
[2025-08-28T13:01:17.835+0000][1088462][info ][gc,phases   ] GC(33)   Merge Heap Roots: 0.1ms
[2025-08-28T13:01:17.835+0000][1088462][info ][gc,phases   ] GC(33)   Evacuate Collection Set: 3.7ms
[2025-08-28T13:01:17.835+0000][1088462][info ][gc,phases   ] GC(33)   Post Evacuate Collection Set: 0.7ms
[2025-08-28T13:01:17.835+0000][1088462][info ][gc,phases   ] GC(33)   Other: 0.1ms
[2025-08-28T13:01:17.835+0000][1088462][trace][gc,age      ] GC(33) Age table with threshold 15 (max threshold 15)
[2025-08-28T13:01:17.835+0000][1088462][trace][gc,age      ] GC(33) - age   1:     540224 bytes,     540224 total
[2025-08-28T13:01:17.835+0000][1088462][trace][gc,age      ] GC(33) - age   2:      13280 bytes,     553504 total
[2025-08-28T13:01:17.835+0000][1088462][trace][gc,age      ] GC(33) - age   3:       3456 bytes,     556960 total
[2025-08-28T13:01:17.835+0000][1088462][trace][gc,age      ] GC(33) - age   4:       1944 bytes,     558904 total
[2025-08-28T13:01:17.835+0000][1088462][trace][gc,age      ] GC(33) - age   5:       1112 bytes,     560016 total
[2025-08-28T13:01:17.835+0000][1088462][trace][gc,age      ] GC(33) - age   6:        672 bytes,     560688 total
[2025-08-28T13:01:17.835+0000][1088462][trace][gc,age      ] GC(33) - age   7:        104 bytes,     560792 total
[2025-08-28T13:01:17.835+0000][1088462][trace][gc,age      ] GC(33) - age   8:       1544 bytes,     562336 total
[2025-08-28T13:01:17.835+0000][1088462][trace][gc,age      ] GC(33) - age   9:      10632 bytes,     572968 total
[2025-08-28T13:01:17.835+0000][1088462][trace][gc,age      ] GC(33) - age  10:      63736 bytes,     636704 total
[2025-08-28T13:01:17.835+0000][1088462][trace][gc,age      ] GC(33) - age  11:      24352 bytes,     661056 total
[2025-08-28T13:01:17.835+0000][1088462][trace][gc,age      ] GC(33) - age  12:       3608 bytes,     664664 total
[2025-08-28T13:01:17.835+0000][1088462][trace][gc,age      ] GC(33) - age  13:       9496 bytes,     674160 total
[2025-08-28T13:01:17.835+0000][1088462][trace][gc,age      ] GC(33) - age  14:   13554640 bytes,   14228800 total
[2025-08-28T13:01:17.835+0000][1088462][info ][gc,heap     ] GC(33) Eden regions: 72->0(72)
[2025-08-28T13:01:17.835+0000][1088462][info ][gc,heap     ] GC(33) Survivor regions: 4->4(10)
[2025-08-28T13:01:17.835+0000][1088462][info ][gc,heap     ] GC(33) Old regions: 20->20
[2025-08-28T13:01:17.835+0000][1088462][info ][gc,heap     ] GC(33) Humongous regions: 0->0
[2025-08-28T13:01:17.835+0000][1088462][info ][gc,metaspace] GC(33) Metaspace: 136078K(139840K)->136078K(139840K) NonClass: 117571K(119552K)->117571K(119552K) Class: 18507K(20288K)->18507K(20288K)
[2025-08-28T13:01:17.835+0000][1088462][info ][gc          ] GC(33) Pause Young (Normal) (G1 Evacuation Pause) 381M->93M(512M) 4.835ms
[2025-08-28T13:01:17.835+0000][1088462][info ][gc,cpu      ] GC(33) User=0.02s Sys=0.01s Real=0.01s
[2025-08-28T13:01:17.835+0000][1088462][info ][safepoint   ] Safepoint "G1CollectForAllocation", Time since last: 1771047429 ns, Reaching safepoint: 13210 ns, Cleanup: 5739 ns, At safepoint: 4912662 ns, Total: 4931611 ns
[2025-08-28T13:01:20.835+0000][1088462][info ][safepoint   ] Safepoint "Cleanup", Time since last: 3000237389 ns, Reaching safepoint: 39379 ns, Cleanup: 14131 ns, At safepoint: 5909 ns, Total: 59419 ns
[2025-08-28T13:01:22.836+0000][1088462][info ][safepoint   ] Safepoint "Cleanup", Time since last: 2000178153 ns, Reaching safepoint: 12819 ns, Cleanup: 21402 ns, At safepoint: 2534 ns, Total: 36755 ns
[2025-08-28T13:01:22.946+0000][1088462][info ][gc,start    ] GC(34) Pause Young (Normal) (G1 Evacuation Pause)
[2025-08-28T13:01:22.946+0000][1088462][info ][gc,task     ] GC(34) Using 12 workers of 33 for evacuation
[2025-08-28T13:01:22.946+0000][1088462][debug][gc,age      ] GC(34) Desired survivor size 20971520 bytes, new threshold 15 (max threshold 15)
[2025-08-28T13:01:22.949+0000][1088462][info ][gc,phases   ] GC(34)   Pre Evacuate Collection Set: 0.1ms
[2025-08-28T13:01:22.949+0000][1088462][info ][gc,phases   ] GC(34)   Merge Heap Roots: 0.1ms
[2025-08-28T13:01:22.949+0000][1088462][info ][gc,phases   ] GC(34)   Evacuate Collection Set: 2.0ms
[2025-08-28T13:01:22.949+0000][1088462][info ][gc,phases   ] GC(34)   Post Evacuate Collection Set: 0.5ms
[2025-08-28T13:01:22.949+0000][1088462][info ][gc,phases   ] GC(34)   Other: 0.1ms
[2025-08-28T13:01:22.949+0000][1088462][trace][gc,age      ] GC(34) Age table with threshold 15 (max threshold 15)
[2025-08-28T13:01:22.949+0000][1088462][trace][gc,age      ] GC(34) - age   1:     568112 bytes,     568112 total
[2025-08-28T13:01:22.949+0000][1088462][trace][gc,age      ] GC(34) - age   2:        248 bytes,     568360 total
[2025-08-28T13:01:22.949+0000][1088462][trace][gc,age      ] GC(34) - age   3:       3040 bytes,     571400 total
[2025-08-28T13:01:22.949+0000][1088462][trace][gc,age      ] GC(34) - age   4:       2976 bytes,     574376 total
[2025-08-28T13:01:22.949+0000][1088462][trace][gc,age      ] GC(34) - age   5:       1944 bytes,     576320 total
[2025-08-28T13:01:22.949+0000][1088462][trace][gc,age      ] GC(34) - age   6:       1112 bytes,     577432 total
[2025-08-28T13:01:22.949+0000][1088462][trace][gc,age      ] GC(34) - age   7:        672 bytes,     578104 total
[2025-08-28T13:01:22.949+0000][1088462][trace][gc,age      ] GC(34) - age   8:        104 bytes,     578208 total
[2025-08-28T13:01:22.949+0000][1088462][trace][gc,age      ] GC(34) - age   9:       1544 bytes,     579752 total
[2025-08-28T13:01:22.949+0000][1088462][trace][gc,age      ] GC(34) - age  10:      10544 bytes,     590296 total
[2025-08-28T13:01:22.949+0000][1088462][trace][gc,age      ] GC(34) - age  11:      63512 bytes,     653808 total
[2025-08-28T13:01:22.949+0000][1088462][trace][gc,age      ] GC(34) - age  12:      24352 bytes,     678160 total
[2025-08-28T13:01:22.949+0000][1088462][trace][gc,age      ] GC(34) - age  13:       3608 bytes,     681768 total
[2025-08-28T13:01:22.949+0000][1088462][trace][gc,age      ] GC(34) - age  14:       9496 bytes,     691264 total
[2025-08-28T13:01:22.949+0000][1088462][trace][gc,age      ] GC(34) - age  15:   13554368 bytes,   14245632 total
[2025-08-28T13:01:22.949+0000][1088462][info ][gc,heap     ] GC(34) Eden regions: 72->0(72)
[2025-08-28T13:01:22.949+0000][1088462][info ][gc,heap     ] GC(34) Survivor regions: 4->4(10)
[2025-08-28T13:01:22.949+0000][1088462][info ][gc,heap     ] GC(34) Old regions: 20->20
[2025-08-28T13:01:22.949+0000][1088462][info ][gc,heap     ] GC(34) Humongous regions: 0->0
[2025-08-28T13:01:22.949+0000][1088462][info ][gc,metaspace] GC(34) Metaspace: 136092K(139904K)->136092K(139904K) NonClass: 117584K(119616K)->117584K(119616K) Class: 18507K(20288K)->18507K(20288K)
[2025-08-28T13:01:22.949+0000][1088462][info ][gc          ] GC(34) Pause Young (Normal) (G1 Evacuation Pause) 381M->93M(512M) 2.947ms
[2025-08-28T13:01:22.949+0000][1088462][info ][gc,cpu      ] GC(34) User=0.02s Sys=0.00s Real=0.00s
[2025-08-28T13:01:22.949+0000][1088462][info ][safepoint   ] Safepoint "G1CollectForAllocation", Time since last: 110006196 ns, Reaching safepoint: 13090 ns, Cleanup: 6310 ns, At safepoint: 3025015 ns, Total: 3044415 ns
[2025-08-28T13:01:23.949+0000][1088462][info ][safepoint   ] Safepoint "Cleanup", Time since last: 1000098025 ns, Reaching safepoint: 13180 ns, Cleanup: 18137 ns, At safepoint: 3305 ns, Total: 34622 ns
[2025-08-28T13:01:24.949+0000][1088462][info ][safepoint   ] Safepoint "Cleanup", Time since last: 1000115000 ns, Reaching safepoint: 11628 ns, Cleanup: 26119 ns, At safepoint: 3155 ns, Total: 40902 ns
[2025-08-28T13:01:25.949+0000][1088462][info ][safepoint   ] Safepoint "Cleanup", Time since last: 1000128460 ns, Reaching safepoint: 46470 ns, Cleanup: 19259 ns, At safepoint: 3175 ns, Total: 68904 ns
[2025-08-28T13:01:26.949+0000][1088462][info ][safepoint   ] Safepoint "Cleanup", Time since last: 1000167789 ns, Reaching safepoint: 35764 ns, Cleanup: 19790 ns, At safepoint: 3355 ns, Total: 58909 ns
[2025-08-28T13:01:27.950+0000][1088462][info ][safepoint   ] Safepoint "Cleanup", Time since last: 1000123092 ns, Reaching safepoint: 11468 ns, Cleanup: 16935 ns, At safepoint: 2985 ns, Total: 31388 ns
[2025-08-28T13:01:28.721+0000][1088462][info ][gc,start    ] GC(35) Pause Young (Normal) (G1 Evacuation Pause)
[2025-08-28T13:01:28.721+0000][1088462][info ][gc,task     ] GC(35) Using 12 workers of 33 for evacuation
[2025-08-28T13:01:28.721+0000][1088462][debug][gc,age      ] GC(35) Desired survivor size 20971520 bytes, new threshold 15 (max threshold 15)
[2025-08-28T13:01:28.725+0000][1088462][info ][gc,phases   ] GC(35)   Pre Evacuate Collection Set: 0.4ms
[2025-08-28T13:01:28.725+0000][1088462][info ][gc,phases   ] GC(35)   Merge Heap Roots: 0.1ms
[2025-08-28T13:01:28.725+0000][1088462][info ][gc,phases   ] GC(35)   Evacuate Collection Set: 3.3ms
[2025-08-28T13:01:28.725+0000][1088462][info ][gc,phases   ] GC(35)   Post Evacuate Collection Set: 0.6ms
[2025-08-28T13:01:28.725+0000][1088462][info ][gc,phases   ] GC(35)   Other: 0.1ms
[2025-08-28T13:01:28.725+0000][1088462][trace][gc,age      ] GC(35) Age table with threshold 15 (max threshold 15)
[2025-08-28T13:01:28.725+0000][1088462][trace][gc,age      ] GC(35) - age   1:     555808 bytes,     555808 total
[2025-08-28T13:01:28.725+0000][1088462][trace][gc,age      ] GC(35) - age   2:      12248 bytes,     568056 total
[2025-08-28T13:01:28.725+0000][1088462][trace][gc,age      ] GC(35) - age   3:        248 bytes,     568304 total
[2025-08-28T13:01:28.725+0000][1088462][trace][gc,age      ] GC(35) - age   4:       3008 bytes,     571312 total
[2025-08-28T13:01:28.725+0000][1088462][trace][gc,age      ] GC(35) - age   5:       2976 bytes,     574288 total
[2025-08-28T13:01:28.725+0000][1088462][trace][gc,age      ] GC(35) - age   6:       1944 bytes,     576232 total
[2025-08-28T13:01:28.725+0000][1088462][trace][gc,age      ] GC(35) - age   7:       1112 bytes,     577344 total
[2025-08-28T13:01:28.725+0000][1088462][trace][gc,age      ] GC(35) - age   8:        672 bytes,     578016 total
[2025-08-28T13:01:28.725+0000][1088462][trace][gc,age      ] GC(35) - age   9:        104 bytes,     578120 total
[2025-08-28T13:01:28.725+0000][1088462][trace][gc,age      ] GC(35) - age  10:       1544 bytes,     579664 total
[2025-08-28T13:01:28.725+0000][1088462][trace][gc,age      ] GC(35) - age  11:      10544 bytes,     590208 total
[2025-08-28T13:01:28.725+0000][1088462][trace][gc,age      ] GC(35) - age  12:      63512 bytes,     653720 total
[2025-08-28T13:01:28.725+0000][1088462][trace][gc,age      ] GC(35) - age  13:      24352 bytes,     678072 total
[2025-08-28T13:01:28.725+0000][1088462][trace][gc,age      ] GC(35) - age  14:       3608 bytes,     681680 total
[2025-08-28T13:01:28.725+0000][1088462][trace][gc,age      ] GC(35) - age  15:       9496 bytes,     691176 total
[2025-08-28T13:01:28.725+0000][1088462][info ][gc,heap     ] GC(35) Eden regions: 72->0(75)
[2025-08-28T13:01:28.725+0000][1088462][info ][gc,heap     ] GC(35) Survivor regions: 4->1(10)
[2025-08-28T13:01:28.725+0000][1088462][info ][gc,heap     ] GC(35) Old regions: 20->24
[2025-08-28T13:01:28.725+0000][1088462][info ][gc,heap     ] GC(35) Humongous regions: 0->0
[2025-08-28T13:01:28.725+0000][1088462][info ][gc,metaspace] GC(35) Metaspace: 136117K(139904K)->136117K(139904K) NonClass: 117610K(119616K)->117610K(119616K) Class: 18507K(20288K)->18507K(20288K)
[2025-08-28T13:01:28.725+0000][1088462][info ][gc          ] GC(35) Pause Young (Normal) (G1 Evacuation Pause) 381M->95M(512M) 4.612ms
[2025-08-28T13:01:28.725+0000][1088462][info ][gc,cpu      ] GC(35) User=0.03s Sys=0.01s Real=0.00s
[2025-08-28T13:01:28.725+0000][1088462][info ][safepoint   ] Safepoint "G1CollectForAllocation", Time since last: 771038458 ns, Reaching safepoint: 13220 ns, Cleanup: 18568 ns, At safepoint: 4701604 ns, Total: 4733392 ns
[2025-08-28T13:01:30.726+0000][1088462][info ][safepoint   ] Safepoint "Cleanup", Time since last: 2000164483 ns, Reaching safepoint: 41602 ns, Cleanup: 25498 ns, At safepoint: 5799 ns, Total: 72899 ns
[2025-08-28T13:01:31.726+0000][1088462][info ][safepoint   ] Safepoint "Cleanup", Time since last: 1000126357 ns, Reaching safepoint: 12890 ns, Cleanup: 21392 ns, At safepoint: 2994 ns, Total: 37276 ns
[2025-08-28T13:01:32.726+0000][1088462][info ][safepoint   ] Safepoint "Cleanup", Time since last: 1000123624 ns, Reaching safepoint: 12418 ns, Cleanup: 16665 ns, At safepoint: 2785 ns, Total: 31868 ns
[2025-08-28T13:01:34.721+0000][1088462][info ][gc,start    ] GC(36) Pause Young (Normal) (G1 Evacuation Pause)
[2025-08-28T13:01:34.721+0000][1088462][info ][gc,task     ] GC(36) Using 12 workers of 33 for evacuation
[2025-08-28T13:01:34.721+0000][1088462][debug][gc,age      ] GC(36) Desired survivor size 20971520 bytes, new threshold 15 (max threshold 15)
[2025-08-28T13:01:34.724+0000][1088462][info ][gc,phases   ] GC(36)   Pre Evacuate Collection Set: 0.2ms
[2025-08-28T13:01:34.724+0000][1088462][info ][gc,phases   ] GC(36)   Merge Heap Roots: 0.1ms
[2025-08-28T13:01:34.724+0000][1088462][info ][gc,phases   ] GC(36)   Evacuate Collection Set: 1.9ms
[2025-08-28T13:01:34.724+0000][1088462][info ][gc,phases   ] GC(36)   Post Evacuate Collection Set: 0.4ms
[2025-08-28T13:01:34.724+0000][1088462][info ][gc,phases   ] GC(36)   Other: 0.1ms
[2025-08-28T13:01:34.724+0000][1088462][trace][gc,age      ] GC(36) Age table with threshold 15 (max threshold 15)
[2025-08-28T13:01:34.724+0000][1088462][trace][gc,age      ] GC(36) - age   1:     543088 bytes,     543088 total
[2025-08-28T13:01:34.724+0000][1088462][trace][gc,age      ] GC(36) - age   2:        576 bytes,     543664 total
[2025-08-28T13:01:34.724+0000][1088462][trace][gc,age      ] GC(36) - age   3:      11440 bytes,     555104 total
[2025-08-28T13:01:34.724+0000][1088462][trace][gc,age      ] GC(36) - age   4:        248 bytes,     555352 total
[2025-08-28T13:01:34.724+0000][1088462][trace][gc,age      ] GC(36) - age   5:       2696 bytes,     558048 total
[2025-08-28T13:01:34.724+0000][1088462][trace][gc,age      ] GC(36) - age   6:       1320 bytes,     559368 total
[2025-08-28T13:01:34.724+0000][1088462][trace][gc,age      ] GC(36) - age   7:       1768 bytes,     561136 total
[2025-08-28T13:01:34.724+0000][1088462][trace][gc,age      ] GC(36) - age   8:       1112 bytes,     562248 total
[2025-08-28T13:01:34.724+0000][1088462][trace][gc,age      ] GC(36) - age   9:        672 bytes,     562920 total
[2025-08-28T13:01:34.724+0000][1088462][trace][gc,age      ] GC(36) - age  10:        104 bytes,     563024 total
[2025-08-28T13:01:34.724+0000][1088462][trace][gc,age      ] GC(36) - age  11:       1512 bytes,     564536 total
[2025-08-28T13:01:34.724+0000][1088462][trace][gc,age      ] GC(36) - age  12:      10544 bytes,     575080 total
[2025-08-28T13:01:34.724+0000][1088462][trace][gc,age      ] GC(36) - age  13:      63512 bytes,     638592 total
[2025-08-28T13:01:34.724+0000][1088462][trace][gc,age      ] GC(36) - age  14:      24352 bytes,     662944 total
[2025-08-28T13:01:34.724+0000][1088462][trace][gc,age      ] GC(36) - age  15:       3608 bytes,     666552 total
[2025-08-28T13:01:34.724+0000][1088462][info ][gc,heap     ] GC(36) Eden regions: 75->0(75)
[2025-08-28T13:01:34.724+0000][1088462][info ][gc,heap     ] GC(36) Survivor regions: 1->1(10)
[2025-08-28T13:01:34.724+0000][1088462][info ][gc,heap     ] GC(36) Old regions: 24->24
[2025-08-28T13:01:34.724+0000][1088462][info ][gc,heap     ] GC(36) Humongous regions: 0->0
[2025-08-28T13:01:34.724+0000][1088462][info ][gc,metaspace] GC(36) Metaspace: 136123K(139904K)->136123K(139904K) NonClass: 117615K(119616K)->117615K(119616K) Class: 18507K(20288K)->18507K(20288K)
[2025-08-28T13:01:34.724+0000][1088462][info ][gc          ] GC(36) Pause Young (Normal) (G1 Evacuation Pause) 395M->93M(512M) 2.795ms
[2025-08-28T13:01:34.724+0000][1088462][info ][gc,cpu      ] GC(36) User=0.02s Sys=0.00s Real=0.00s
[2025-08-28T13:01:34.724+0000][1088462][info ][safepoint   ] Safepoint "G1CollectForAllocation", Time since last: 1995063016 ns, Reaching safepoint: 13150 ns, Cleanup: 19499 ns, At safepoint: 2873989 ns, Total: 2906638 ns
[2025-08-28T13:01:40.079+0000][1088462][info ][gc,start    ] GC(37) Pause Young (Normal) (G1 Evacuation Pause)
[2025-08-28T13:01:40.079+0000][1088462][info ][gc,task     ] GC(37) Using 12 workers of 33 for evacuation
[2025-08-28T13:01:40.079+0000][1088462][debug][gc,age      ] GC(37) Desired survivor size 20971520 bytes, new threshold 15 (max threshold 15)
[2025-08-28T13:01:40.082+0000][1088462][info ][gc,phases   ] GC(37)   Pre Evacuate Collection Set: 0.2ms
[2025-08-28T13:01:40.082+0000][1088462][info ][gc,phases   ] GC(37)   Merge Heap Roots: 0.1ms
[2025-08-28T13:01:40.082+0000][1088462][info ][gc,phases   ] GC(37)   Evacuate Collection Set: 1.8ms
[2025-08-28T13:01:40.082+0000][1088462][info ][gc,phases   ] GC(37)   Post Evacuate Collection Set: 0.4ms
[2025-08-28T13:01:40.082+0000][1088462][info ][gc,phases   ] GC(37)   Other: 0.1ms
[2025-08-28T13:01:40.082+0000][1088462][trace][gc,age      ] GC(37) Age table with threshold 15 (max threshold 15)
[2025-08-28T13:01:40.082+0000][1088462][trace][gc,age      ] GC(37) - age   1:     550608 bytes,     550608 total
[2025-08-28T13:01:40.082+0000][1088462][trace][gc,age      ] GC(37) - age   2:       3248 bytes,     553856 total
[2025-08-28T13:01:40.082+0000][1088462][trace][gc,age      ] GC(37) - age   3:        576 bytes,     554432 total
[2025-08-28T13:01:40.082+0000][1088462][trace][gc,age      ] GC(37) - age   4:       1440 bytes,     555872 total
[2025-08-28T13:01:40.082+0000][1088462][trace][gc,age      ] GC(37) - age   5:        248 bytes,     556120 total
[2025-08-28T13:01:40.082+0000][1088462][trace][gc,age      ] GC(37) - age   6:       2696 bytes,     558816 total
[2025-08-28T13:01:40.082+0000][1088462][trace][gc,age      ] GC(37) - age   7:       1320 bytes,     560136 total
[2025-08-28T13:01:40.082+0000][1088462][trace][gc,age      ] GC(37) - age   8:       1768 bytes,     561904 total
[2025-08-28T13:01:40.082+0000][1088462][trace][gc,age      ] GC(37) - age   9:       1112 bytes,     563016 total
[2025-08-28T13:01:40.082+0000][1088462][trace][gc,age      ] GC(37) - age  10:        672 bytes,     563688 total
[2025-08-28T13:01:40.082+0000][1088462][trace][gc,age      ] GC(37) - age  11:        104 bytes,     563792 total
[2025-08-28T13:01:40.082+0000][1088462][trace][gc,age      ] GC(37) - age  12:       1200 bytes,     564992 total
[2025-08-28T13:01:40.082+0000][1088462][trace][gc,age      ] GC(37) - age  13:      10544 bytes,     575536 total
[2025-08-28T13:01:40.082+0000][1088462][trace][gc,age      ] GC(37) - age  14:      63512 bytes,     639048 total
[2025-08-28T13:01:40.082+0000][1088462][trace][gc,age      ] GC(37) - age  15:      24352 bytes,     663400 total
[2025-08-28T13:01:40.082+0000][1088462][info ][gc,heap     ] GC(37) Eden regions: 75->0(75)
[2025-08-28T13:01:40.082+0000][1088462][info ][gc,heap     ] GC(37) Survivor regions: 1->1(10)
[2025-08-28T13:01:40.082+0000][1088462][info ][gc,heap     ] GC(37) Old regions: 24->24
[2025-08-28T13:01:40.082+0000][1088462][info ][gc,heap     ] GC(37) Humongous regions: 0->0
[2025-08-28T13:01:40.082+0000][1088462][info ][gc,metaspace] GC(37) Metaspace: 136127K(139904K)->136127K(139904K) NonClass: 117620K(119616K)->117620K(119616K) Class: 18507K(20288K)->18507K(20288K)
[2025-08-28T13:01:40.082+0000][1088462][info ][gc          ] GC(37) Pause Young (Normal) (G1 Evacuation Pause) 393M->93M(512M) 2.665ms
[2025-08-28T13:01:40.082+0000][1088462][info ][gc,cpu      ] GC(37) User=0.00s Sys=0.00s Real=0.01s
[2025-08-28T13:01:40.082+0000][1088462][info ][safepoint   ] Safepoint "G1CollectForAllocation", Time since last: 5355293885 ns, Reaching safepoint: 42554 ns, Cleanup: 5709 ns, At safepoint: 2739866 ns, Total: 2788129 ns
[2025-08-28T13:01:41.082+0000][1088462][info ][safepoint   ] Safepoint "Cleanup", Time since last: 1000081631 ns, Reaching safepoint: 41702 ns, Cleanup: 12048 ns, At safepoint: 2835 ns, Total: 56585 ns
[2025-08-28T13:01:42.082+0000][1088462][info ][safepoint   ] Safepoint "Cleanup", Time since last: 1000109251 ns, Reaching safepoint: 12299 ns, Cleanup: 14261 ns, At safepoint: 3185 ns, Total: 29745 ns
[2025-08-28T13:01:43.082+0000][1088462][info ][safepoint   ] Safepoint "Cleanup", Time since last: 1000125757 ns, Reaching safepoint: 12859 ns, Cleanup: 15223 ns, At safepoint: 2834 ns, Total: 30916 ns
[2025-08-28T13:01:46.117+0000][1088462][info ][gc,start    ] GC(38) Pause Young (Normal) (G1 Evacuation Pause)
[2025-08-28T13:01:46.117+0000][1088462][info ][gc,task     ] GC(38) Using 12 workers of 33 for evacuation
[2025-08-28T13:01:46.117+0000][1088462][debug][gc,age      ] GC(38) Desired survivor size 20971520 bytes, new threshold 15 (max threshold 15)
[2025-08-28T13:01:46.119+0000][1088462][info ][gc,phases   ] GC(38)   Pre Evacuate Collection Set: 0.2ms
[2025-08-28T13:01:46.119+0000][1088462][info ][gc,phases   ] GC(38)   Merge Heap Roots: 0.1ms
[2025-08-28T13:01:46.119+0000][1088462][info ][gc,phases   ] GC(38)   Evacuate Collection Set: 1.5ms
[2025-08-28T13:01:46.119+0000][1088462][info ][gc,phases   ] GC(38)   Post Evacuate Collection Set: 0.4ms
[2025-08-28T13:01:46.119+0000][1088462][info ][gc,phases   ] GC(38)   Other: 0.1ms
[2025-08-28T13:01:46.119+0000][1088462][trace][gc,age      ] GC(38) Age table with threshold 15 (max threshold 15)
[2025-08-28T13:01:46.119+0000][1088462][trace][gc,age      ] GC(38) - age   1:     540216 bytes,     540216 total
[2025-08-28T13:01:46.119+0000][1088462][trace][gc,age      ] GC(38) - age   2:      10632 bytes,     550848 total
[2025-08-28T13:01:46.119+0000][1088462][trace][gc,age      ] GC(38) - age   3:       3008 bytes,     553856 total
[2025-08-28T13:01:46.119+0000][1088462][trace][gc,age      ] GC(38) - age   4:        576 bytes,     554432 total
[2025-08-28T13:01:46.119+0000][1088462][trace][gc,age      ] GC(38) - age   5:       1440 bytes,     555872 total
[2025-08-28T13:01:46.119+0000][1088462][trace][gc,age      ] GC(38) - age   6:        248 bytes,     556120 total
[2025-08-28T13:01:46.119+0000][1088462][trace][gc,age      ] GC(38) - age   7:       2696 bytes,     558816 total
[2025-08-28T13:01:46.119+0000][1088462][trace][gc,age      ] GC(38) - age   8:       1320 bytes,     560136 total
[2025-08-28T13:01:46.119+0000][1088462][trace][gc,age      ] GC(38) - age   9:       1768 bytes,     561904 total
[2025-08-28T13:01:46.119+0000][1088462][trace][gc,age      ] GC(38) - age  10:       1112 bytes,     563016 total
[2025-08-28T13:01:46.119+0000][1088462][trace][gc,age      ] GC(38) - age  11:        672 bytes,     563688 total
[2025-08-28T13:01:46.119+0000][1088462][trace][gc,age      ] GC(38) - age  12:        104 bytes,     563792 total
[2025-08-28T13:01:46.119+0000][1088462][trace][gc,age      ] GC(38) - age  13:       1200 bytes,     564992 total
[2025-08-28T13:01:46.119+0000][1088462][trace][gc,age      ] GC(38) - age  14:      10544 bytes,     575536 total
[2025-08-28T13:01:46.119+0000][1088462][trace][gc,age      ] GC(38) - age  15:      63512 bytes,     639048 total
[2025-08-28T13:01:46.119+0000][1088462][info ][gc,heap     ] GC(38) Eden regions: 75->0(75)
[2025-08-28T13:01:46.119+0000][1088462][info ][gc,heap     ] GC(38) Survivor regions: 1->1(10)
[2025-08-28T13:01:46.119+0000][1088462][info ][gc,heap     ] GC(38) Old regions: 24->24
[2025-08-28T13:01:46.119+0000][1088462][info ][gc,heap     ] GC(38) Humongous regions: 0->0
[2025-08-28T13:01:46.119+0000][1088462][info ][gc,metaspace] GC(38) Metaspace: 136127K(139904K)->136127K(139904K) NonClass: 117620K(119616K)->117620K(119616K) Class: 18507K(20288K)->18507K(20288K)
[2025-08-28T13:01:46.119+0000][1088462][info ][gc          ] GC(38) Pause Young (Normal) (G1 Evacuation Pause) 393M->93M(512M) 2.433ms
[2025-08-28T13:01:46.119+0000][1088462][info ][gc,cpu      ] GC(38) User=0.01s Sys=0.00s Real=0.00s
[2025-08-28T13:01:46.119+0000][1088462][info ][safepoint   ] Safepoint "G1CollectForAllocation", Time since last: 3034375506 ns, Reaching safepoint: 40841 ns, Cleanup: 5578 ns, At safepoint: 2508790 ns, Total: 2555209 ns
[2025-08-28T13:01:47.119+0000][1088462][info ][safepoint   ] Safepoint "Cleanup", Time since last: 1000078856 ns, Reaching safepoint: 12839 ns, Cleanup: 14452 ns, At safepoint: 3255 ns, Total: 30546 ns
[2025-08-28T13:01:49.120+0000][1088462][info ][safepoint   ] Safepoint "Cleanup", Time since last: 2000191283 ns, Reaching safepoint: 13610 ns, Cleanup: 13831 ns, At safepoint: 3315 ns, Total: 30756 ns
[2025-08-28T13:01:52.117+0000][1088462][info ][gc,start    ] GC(39) Pause Young (Normal) (G1 Evacuation Pause)
[2025-08-28T13:01:52.117+0000][1088462][info ][gc,task     ] GC(39) Using 12 workers of 33 for evacuation
[2025-08-28T13:01:52.117+0000][1088462][debug][gc,age      ] GC(39) Desired survivor size 20971520 bytes, new threshold 15 (max threshold 15)
[2025-08-28T13:01:52.119+0000][1088462][info ][gc,phases   ] GC(39)   Pre Evacuate Collection Set: 0.1ms
[2025-08-28T13:01:52.119+0000][1088462][info ][gc,phases   ] GC(39)   Merge Heap Roots: 0.1ms
[2025-08-28T13:01:52.119+0000][1088462][info ][gc,phases   ] GC(39)   Evacuate Collection Set: 1.4ms
[2025-08-28T13:01:52.119+0000][1088462][info ][gc,phases   ] GC(39)   Post Evacuate Collection Set: 0.4ms
[2025-08-28T13:01:52.119+0000][1088462][info ][gc,phases   ] GC(39)   Other: 0.1ms
[2025-08-28T13:01:52.119+0000][1088462][trace][gc,age      ] GC(39) Age table with threshold 15 (max threshold 15)
[2025-08-28T13:01:52.119+0000][1088462][trace][gc,age      ] GC(39) - age   1:     543664 bytes,     543664 total
[2025-08-28T13:01:52.119+0000][1088462][trace][gc,age      ] GC(39) - age   3:      10320 bytes,     553984 total
[2025-08-28T13:01:52.119+0000][1088462][trace][gc,age      ] GC(39) - age   4:       2560 bytes,     556544 total
[2025-08-28T13:01:52.119+0000][1088462][trace][gc,age      ] GC(39) - age   5:        576 bytes,     557120 total
[2025-08-28T13:01:52.119+0000][1088462][trace][gc,age      ] GC(39) - age   6:       1440 bytes,     558560 total
[2025-08-28T13:01:52.119+0000][1088462][trace][gc,age      ] GC(39) - age   7:        248 bytes,     558808 total
[2025-08-28T13:01:52.119+0000][1088462][trace][gc,age      ] GC(39) - age   8:       2472 bytes,     561280 total
[2025-08-28T13:01:52.119+0000][1088462][trace][gc,age      ] GC(39) - age   9:       1232 bytes,     562512 total
[2025-08-28T13:01:52.119+0000][1088462][trace][gc,age      ] GC(39) - age  10:       1768 bytes,     564280 total
[2025-08-28T13:01:52.119+0000][1088462][trace][gc,age      ] GC(39) - age  11:        888 bytes,     565168 total
[2025-08-28T13:01:52.119+0000][1088462][trace][gc,age      ] GC(39) - age  12:        672 bytes,     565840 total
[2025-08-28T13:01:52.119+0000][1088462][trace][gc,age      ] GC(39) - age  13:        104 bytes,     565944 total
[2025-08-28T13:01:52.119+0000][1088462][trace][gc,age      ] GC(39) - age  14:       1200 bytes,     567144 total
[2025-08-28T13:01:52.119+0000][1088462][trace][gc,age      ] GC(39) - age  15:      10544 bytes,     577688 total
[2025-08-28T13:01:52.119+0000][1088462][info ][gc,heap     ] GC(39) Eden regions: 75->0(75)
[2025-08-28T13:01:52.119+0000][1088462][info ][gc,heap     ] GC(39) Survivor regions: 1->1(10)
[2025-08-28T13:01:52.119+0000][1088462][info ][gc,heap     ] GC(39) Old regions: 24->24
[2025-08-28T13:01:52.119+0000][1088462][info ][gc,heap     ] GC(39) Humongous regions: 0->0
[2025-08-28T13:01:52.119+0000][1088462][info ][gc,metaspace] GC(39) Metaspace: 136132K(139904K)->136132K(139904K) NonClass: 117624K(119616K)->117624K(119616K) Class: 18507K(20288K)->18507K(20288K)
[2025-08-28T13:01:52.119+0000][1088462][info ][gc          ] GC(39) Pause Young (Normal) (G1 Evacuation Pause) 393M->93M(512M) 2.247ms
[2025-08-28T13:01:52.119+0000][1088462][info ][gc,cpu      ] GC(39) User=0.01s Sys=0.00s Real=0.00s
[2025-08-28T13:01:52.119+0000][1088462][info ][safepoint   ] Safepoint "G1CollectForAllocation", Time since last: 2996964381 ns, Reaching safepoint: 43636 ns, Cleanup: 15703 ns, At safepoint: 2323922 ns, Total: 2383261 ns
[2025-08-28T13:01:53.119+0000][1088462][info ][safepoint   ] Safepoint "Cleanup", Time since last: 1000087199 ns, Reaching safepoint: 13370 ns, Cleanup: 16204 ns, At safepoint: 2734 ns, Total: 32308 ns
[2025-08-28T13:01:58.018+0000][1088462][info ][gc,start    ] GC(40) Pause Young (Normal) (G1 Evacuation Pause)
[2025-08-28T13:01:58.018+0000][1088462][info ][gc,task     ] GC(40) Using 12 workers of 33 for evacuation
[2025-08-28T13:01:58.018+0000][1088462][debug][gc,age      ] GC(40) Desired survivor size 20971520 bytes, new threshold 15 (max threshold 15)
[2025-08-28T13:01:58.020+0000][1088462][info ][gc,phases   ] GC(40)   Pre Evacuate Collection Set: 0.2ms
[2025-08-28T13:01:58.020+0000][1088462][info ][gc,phases   ] GC(40)   Merge Heap Roots: 0.1ms
[2025-08-28T13:01:58.020+0000][1088462][info ][gc,phases   ] GC(40)   Evacuate Collection Set: 1.7ms
[2025-08-28T13:01:58.020+0000][1088462][info ][gc,phases   ] GC(40)   Post Evacuate Collection Set: 0.4ms
[2025-08-28T13:01:58.020+0000][1088462][info ][gc,phases   ] GC(40)   Other: 0.1ms
[2025-08-28T13:01:58.020+0000][1088462][trace][gc,age      ] GC(40) Age table with threshold 15 (max threshold 15)
[2025-08-28T13:01:58.020+0000][1088462][trace][gc,age      ] GC(40) - age   1:     553176 bytes,     553176 total
[2025-08-28T13:01:58.020+0000][1088462][trace][gc,age      ] GC(40) - age   2:       3760 bytes,     556936 total
[2025-08-28T13:01:58.020+0000][1088462][trace][gc,age      ] GC(40) - age   4:        472 bytes,     557408 total
[2025-08-28T13:01:58.020+0000][1088462][trace][gc,age      ] GC(40) - age   5:       2528 bytes,     559936 total
[2025-08-28T13:01:58.020+0000][1088462][trace][gc,age      ] GC(40) - age   6:        576 bytes,     560512 total
[2025-08-28T13:01:58.020+0000][1088462][trace][gc,age      ] GC(40) - age   7:       1128 bytes,     561640 total
[2025-08-28T13:01:58.020+0000][1088462][trace][gc,age      ] GC(40) - age   8:        248 bytes,     561888 total
[2025-08-28T13:01:58.020+0000][1088462][trace][gc,age      ] GC(40) - age   9:       2472 bytes,     564360 total
[2025-08-28T13:01:58.020+0000][1088462][trace][gc,age      ] GC(40) - age  10:       1232 bytes,     565592 total
[2025-08-28T13:01:58.020+0000][1088462][trace][gc,age      ] GC(40) - age  11:       1768 bytes,     567360 total
[2025-08-28T13:01:58.020+0000][1088462][trace][gc,age      ] GC(40) - age  12:        552 bytes,     567912 total
[2025-08-28T13:01:58.020+0000][1088462][trace][gc,age      ] GC(40) - age  13:        672 bytes,     568584 total
[2025-08-28T13:01:58.020+0000][1088462][trace][gc,age      ] GC(40) - age  14:        104 bytes,     568688 total
[2025-08-28T13:01:58.020+0000][1088462][trace][gc,age      ] GC(40) - age  15:       1200 bytes,     569888 total
[2025-08-28T13:01:58.020+0000][1088462][info ][gc,heap     ] GC(40) Eden regions: 75->0(75)
[2025-08-28T13:01:58.020+0000][1088462][info ][gc,heap     ] GC(40) Survivor regions: 1->1(10)
[2025-08-28T13:01:58.020+0000][1088462][info ][gc,heap     ] GC(40) Old regions: 24->24
[2025-08-28T13:01:58.020+0000][1088462][info ][gc,heap     ] GC(40) Humongous regions: 0->0
[2025-08-28T13:01:58.020+0000][1088462][info ][gc,metaspace] GC(40) Metaspace: 136132K(139904K)->136132K(139904K) NonClass: 117624K(119616K)->117624K(119616K) Class: 18507K(20288K)->18507K(20288K)
[2025-08-28T13:01:58.020+0000][1088462][info ][gc          ] GC(40) Pause Young (Normal) (G1 Evacuation Pause) 393M->93M(512M) 2.523ms
[2025-08-28T13:01:58.020+0000][1088462][info ][gc,cpu      ] GC(40) User=0.01s Sys=0.00s Real=0.00s
[2025-08-28T13:01:58.021+0000][1088462][info ][safepoint   ] Safepoint "G1CollectForAllocation", Time since last: 4898675557 ns, Reaching safepoint: 47872 ns, Cleanup: 5548 ns, At safepoint: 2603613 ns, Total: 2657033 ns
[2025-08-28T13:01:59.021+0000][1088462][info ][safepoint   ] Safepoint "Cleanup", Time since last: 1000083983 ns, Reaching safepoint: 12689 ns, Cleanup: 14582 ns, At safepoint: 3466 ns, Total: 30737 ns
[2025-08-28T13:02:00.021+0000][1088462][info ][safepoint   ] Safepoint "Cleanup", Time since last: 1000127949 ns, Reaching safepoint: 12830 ns, Cleanup: 15303 ns, At safepoint: 3205 ns, Total: 31338 ns
[2025-08-28T13:02:04.018+0000][1088462][info ][gc,start    ] GC(41) Pause Young (Normal) (G1 Evacuation Pause)
[2025-08-28T13:02:04.018+0000][1088462][info ][gc,task     ] GC(41) Using 12 workers of 33 for evacuation
[2025-08-28T13:02:04.018+0000][1088462][debug][gc,age      ] GC(41) Desired survivor size 20971520 bytes, new threshold 15 (max threshold 15)
[2025-08-28T13:02:04.020+0000][1088462][info ][gc,phases   ] GC(41)   Pre Evacuate Collection Set: 0.2ms
[2025-08-28T13:02:04.020+0000][1088462][info ][gc,phases   ] GC(41)   Merge Heap Roots: 0.1ms
[2025-08-28T13:02:04.020+0000][1088462][info ][gc,phases   ] GC(41)   Evacuate Collection Set: 1.3ms
[2025-08-28T13:02:04.020+0000][1088462][info ][gc,phases   ] GC(41)   Post Evacuate Collection Set: 0.5ms
[2025-08-28T13:02:04.020+0000][1088462][info ][gc,phases   ] GC(41)   Other: 0.1ms
[2025-08-28T13:02:04.020+0000][1088462][trace][gc,age      ] GC(41) Age table with threshold 15 (max threshold 15)
[2025-08-28T13:02:04.020+0000][1088462][trace][gc,age      ] GC(41) - age   1:     560616 bytes,     560616 total
[2025-08-28T13:02:04.020+0000][1088462][trace][gc,age      ] GC(41) - age   2:      13176 bytes,     573792 total
[2025-08-28T13:02:04.020+0000][1088462][trace][gc,age      ] GC(41) - age   3:       3048 bytes,     576840 total
[2025-08-28T13:02:04.020+0000][1088462][trace][gc,age      ] GC(41) - age   5:        160 bytes,     577000 total
[2025-08-28T13:02:04.020+0000][1088462][trace][gc,age      ] GC(41) - age   6:        696 bytes,     577696 total
[2025-08-28T13:02:04.020+0000][1088462][trace][gc,age      ] GC(41) - age   7:        576 bytes,     578272 total
[2025-08-28T13:02:04.020+0000][1088462][trace][gc,age      ] GC(41) - age   8:       1128 bytes,     579400 total
[2025-08-28T13:02:04.020+0000][1088462][trace][gc,age      ] GC(41) - age   9:        248 bytes,     579648 total
[2025-08-28T13:02:04.020+0000][1088462][trace][gc,age      ] GC(41) - age  10:       2472 bytes,     582120 total
[2025-08-28T13:02:04.020+0000][1088462][trace][gc,age      ] GC(41) - age  11:        880 bytes,     583000 total
[2025-08-28T13:02:04.020+0000][1088462][trace][gc,age      ] GC(41) - age  12:       1416 bytes,     584416 total
[2025-08-28T13:02:04.020+0000][1088462][trace][gc,age      ] GC(41) - age  13:        552 bytes,     584968 total
[2025-08-28T13:02:04.020+0000][1088462][trace][gc,age      ] GC(41) - age  14:        672 bytes,     585640 total
[2025-08-28T13:02:04.020+0000][1088462][trace][gc,age      ] GC(41) - age  15:        104 bytes,     585744 total
[2025-08-28T13:02:04.020+0000][1088462][info ][gc,heap     ] GC(41) Eden regions: 75->0(75)
[2025-08-28T13:02:04.020+0000][1088462][info ][gc,heap     ] GC(41) Survivor regions: 1->1(10)
[2025-08-28T13:02:04.020+0000][1088462][info ][gc,heap     ] GC(41) Old regions: 24->24
[2025-08-28T13:02:04.020+0000][1088462][info ][gc,heap     ] GC(41) Humongous regions: 0->0
[2025-08-28T13:02:04.020+0000][1088462][info ][gc,metaspace] GC(41) Metaspace: 136135K(139904K)->136135K(139904K) NonClass: 117628K(119616K)->117628K(119616K) Class: 18507K(20288K)->18507K(20288K)
[2025-08-28T13:02:04.020+0000][1088462][info ][gc          ] GC(41) Pause Young (Normal) (G1 Evacuation Pause) 393M->93M(512M) 2.246ms
[2025-08-28T13:02:04.020+0000][1088462][info ][gc,cpu      ] GC(41) User=0.00s Sys=0.01s Real=0.00s
[2025-08-28T13:02:04.020+0000][1088462][info ][safepoint   ] Safepoint "G1CollectForAllocation", Time since last: 3996953374 ns, Reaching safepoint: 50406 ns, Cleanup: 6119 ns, At safepoint: 2329470 ns, Total: 2385995 ns
[2025-08-28T13:02:06.020+0000][1088462][info ][safepoint   ] Safepoint "Cleanup", Time since last: 2000151678 ns, Reaching safepoint: 14181 ns, Cleanup: 16675 ns, At safepoint: 3285 ns, Total: 34141 ns
[2025-08-28T13:02:07.020+0000][1088462][info ][safepoint   ] Safepoint "Cleanup", Time since last: 1000120516 ns, Reaching safepoint: 48293 ns, Cleanup: 18868 ns, At safepoint: 5909 ns, Total: 73070 ns
[2025-08-28T13:02:10.018+0000][1088462][info ][gc,start    ] GC(42) Pause Young (Normal) (G1 Evacuation Pause)
[2025-08-28T13:02:10.018+0000][1088462][info ][gc,task     ] GC(42) Using 12 workers of 33 for evacuation
[2025-08-28T13:02:10.018+0000][1088462][debug][gc,age      ] GC(42) Desired survivor size 20971520 bytes, new threshold 15 (max threshold 15)
[2025-08-28T13:02:10.020+0000][1088462][info ][gc,phases   ] GC(42)   Pre Evacuate Collection Set: 0.1ms
[2025-08-28T13:02:10.020+0000][1088462][info ][gc,phases   ] GC(42)   Merge Heap Roots: 0.1ms
[2025-08-28T13:02:10.020+0000][1088462][info ][gc,phases   ] GC(42)   Evacuate Collection Set: 1.4ms
[2025-08-28T13:02:10.020+0000][1088462][info ][gc,phases   ] GC(42)   Post Evacuate Collection Set: 0.4ms
[2025-08-28T13:02:10.020+0000][1088462][info ][gc,phases   ] GC(42)   Other: 0.1ms
[2025-08-28T13:02:10.020+0000][1088462][trace][gc,age      ] GC(42) Age table with threshold 15 (max threshold 15)
[2025-08-28T13:02:10.020+0000][1088462][trace][gc,age      ] GC(42) - age   1:     555176 bytes,     555176 total
[2025-08-28T13:02:10.020+0000][1088462][trace][gc,age      ] GC(42) - age   2:       4600 bytes,     559776 total
[2025-08-28T13:02:10.020+0000][1088462][trace][gc,age      ] GC(42) - age   3:      12984 bytes,     572760 total
[2025-08-28T13:02:10.020+0000][1088462][trace][gc,age      ] GC(42) - age   4:       3048 bytes,     575808 total
[2025-08-28T13:02:10.020+0000][1088462][trace][gc,age      ] GC(42) - age   6:        160 bytes,     575968 total
[2025-08-28T13:02:10.020+0000][1088462][trace][gc,age      ] GC(42) - age   7:        696 bytes,     576664 total
[2025-08-28T13:02:10.020+0000][1088462][trace][gc,age      ] GC(42) - age   8:        576 bytes,     577240 total
[2025-08-28T13:02:10.020+0000][1088462][trace][gc,age      ] GC(42) - age   9:       1128 bytes,     578368 total
[2025-08-28T13:02:10.020+0000][1088462][trace][gc,age      ] GC(42) - age  10:        248 bytes,     578616 total
[2025-08-28T13:02:10.020+0000][1088462][trace][gc,age      ] GC(42) - age  11:       2472 bytes,     581088 total
[2025-08-28T13:02:10.020+0000][1088462][trace][gc,age      ] GC(42) - age  12:        880 bytes,     581968 total
[2025-08-28T13:02:10.020+0000][1088462][trace][gc,age      ] GC(42) - age  13:       1416 bytes,     583384 total
[2025-08-28T13:02:10.020+0000][1088462][trace][gc,age      ] GC(42) - age  14:        552 bytes,     583936 total
[2025-08-28T13:02:10.020+0000][1088462][trace][gc,age      ] GC(42) - age  15:        672 bytes,     584608 total
[2025-08-28T13:02:10.020+0000][1088462][info ][gc,heap     ] GC(42) Eden regions: 75->0(75)
[2025-08-28T13:02:10.020+0000][1088462][info ][gc,heap     ] GC(42) Survivor regions: 1->1(10)
[2025-08-28T13:02:10.020+0000][1088462][info ][gc,heap     ] GC(42) Old regions: 24->24
[2025-08-28T13:02:10.020+0000][1088462][info ][gc,heap     ] GC(42) Humongous regions: 0->0
[2025-08-28T13:02:10.020+0000][1088462][info ][gc,metaspace] GC(42) Metaspace: 136145K(139904K)->136145K(139904K) NonClass: 117638K(119616K)->117638K(119616K) Class: 18507K(20288K)->18507K(20288K)
[2025-08-28T13:02:10.020+0000][1088462][info ][gc          ] GC(42) Pause Young (Normal) (G1 Evacuation Pause) 393M->93M(512M) 2.153ms
[2025-08-28T13:02:10.020+0000][1088462][info ][gc,cpu      ] GC(42) User=0.00s Sys=0.00s Real=0.00s
[2025-08-28T13:02:10.020+0000][1088462][info ][safepoint   ] Safepoint "G1CollectForAllocation", Time since last: 2997493478 ns, Reaching safepoint: 14952 ns, Cleanup: 5759 ns, At safepoint: 2233897 ns, Total: 2254608 ns
[2025-08-28T13:02:13.022+0000][1088462][info ][safepoint   ] Safepoint "Cleanup", Time since last: 3000405084 ns, Reaching safepoint: 829105 ns, Cleanup: 152199 ns, At safepoint: 3726 ns, Total: 985030 ns
[2025-08-28T13:02:14.022+0000][1088462][info ][safepoint   ] Safepoint "Cleanup", Time since last: 1000184422 ns, Reaching safepoint: 14351 ns, Cleanup: 16365 ns, At safepoint: 3065 ns, Total: 33781 ns
[2025-08-28T13:02:14.973+0000][1088462][info ][gc,start    ] GC(43) Pause Young (Normal) (G1 Evacuation Pause)
[2025-08-28T13:02:14.973+0000][1088462][info ][gc,task     ] GC(43) Using 12 workers of 33 for evacuation
[2025-08-28T13:02:14.973+0000][1088462][debug][gc,age      ] GC(43) Desired survivor size 20971520 bytes, new threshold 15 (max threshold 15)
[2025-08-28T13:02:14.975+0000][1088462][info ][gc,phases   ] GC(43)   Pre Evacuate Collection Set: 0.4ms
[2025-08-28T13:02:14.975+0000][1088462][info ][gc,phases   ] GC(43)   Merge Heap Roots: 0.1ms
[2025-08-28T13:02:14.975+0000][1088462][info ][gc,phases   ] GC(43)   Evacuate Collection Set: 1.7ms
[2025-08-28T13:02:14.975+0000][1088462][info ][gc,phases   ] GC(43)   Post Evacuate Collection Set: 0.5ms
[2025-08-28T13:02:14.975+0000][1088462][info ][gc,phases   ] GC(43)   Other: 0.1ms
[2025-08-28T13:02:14.975+0000][1088462][trace][gc,age      ] GC(43) Age table with threshold 15 (max threshold 15)
[2025-08-28T13:02:14.975+0000][1088462][trace][gc,age      ] GC(43) - age   1:     555536 bytes,     555536 total
[2025-08-28T13:02:14.975+0000][1088462][trace][gc,age      ] GC(43) - age   2:        152 bytes,     555688 total
[2025-08-28T13:02:14.975+0000][1088462][trace][gc,age      ] GC(43) - age   3:       4360 bytes,     560048 total
[2025-08-28T13:02:14.975+0000][1088462][trace][gc,age      ] GC(43) - age   4:      12984 bytes,     573032 total
[2025-08-28T13:02:14.975+0000][1088462][trace][gc,age      ] GC(43) - age   5:       3048 bytes,     576080 total
[2025-08-28T13:02:14.975+0000][1088462][trace][gc,age      ] GC(43) - age   7:        160 bytes,     576240 total
[2025-08-28T13:02:14.976+0000][1088462][trace][gc,age      ] GC(43) - age   8:        696 bytes,     576936 total
[2025-08-28T13:02:14.976+0000][1088462][trace][gc,age      ] GC(43) - age   9:        576 bytes,     577512 total
[2025-08-28T13:02:14.976+0000][1088462][trace][gc,age      ] GC(43) - age  10:       1128 bytes,     578640 total
[2025-08-28T13:02:14.976+0000][1088462][trace][gc,age      ] GC(43) - age  11:        248 bytes,     578888 total
[2025-08-28T13:02:14.976+0000][1088462][trace][gc,age      ] GC(43) - age  12:       2472 bytes,     581360 total
[2025-08-28T13:02:14.976+0000][1088462][trace][gc,age      ] GC(43) - age  13:        880 bytes,     582240 total
[2025-08-28T13:02:14.976+0000][1088462][trace][gc,age      ] GC(43) - age  14:       1416 bytes,     583656 total
[2025-08-28T13:02:14.976+0000][1088462][trace][gc,age      ] GC(43) - age  15:        552 bytes,     584208 total
[2025-08-28T13:02:14.976+0000][1088462][info ][gc,heap     ] GC(43) Eden regions: 75->0(75)
[2025-08-28T13:02:14.976+0000][1088462][info ][gc,heap     ] GC(43) Survivor regions: 1->1(10)
[2025-08-28T13:02:14.976+0000][1088462][info ][gc,heap     ] GC(43) Old regions: 24->24
[2025-08-28T13:02:14.976+0000][1088462][info ][gc,heap     ] GC(43) Humongous regions: 0->0
[2025-08-28T13:02:14.976+0000][1088462][info ][gc,metaspace] GC(43) Metaspace: 136146K(139904K)->136146K(139904K) NonClass: 117638K(119616K)->117638K(119616K) Class: 18507K(20288K)->18507K(20288K)
[2025-08-28T13:02:14.976+0000][1088462][info ][gc          ] GC(43) Pause Young (Normal) (G1 Evacuation Pause) 393M->93M(512M) 2.987ms
[2025-08-28T13:02:14.976+0000][1088462][info ][gc,cpu      ] GC(43) User=0.01s Sys=0.00s Real=0.00s
[2025-08-28T13:02:14.976+0000][1088462][info ][safepoint   ] Safepoint "G1CollectForAllocation", Time since last: 950641502 ns, Reaching safepoint: 14281 ns, Cleanup: 5839 ns, At safepoint: 3074680 ns, Total: 3094800 ns
[2025-08-28T13:02:15.976+0000][1088462][info ][safepoint   ] Safepoint "Cleanup", Time since last: 1000075258 ns, Reaching safepoint: 11348 ns, Cleanup: 14411 ns, At safepoint: 2634 ns, Total: 28393 ns
[2025-08-28T13:02:21.263+0000][1088462][info ][gc,start    ] GC(44) Pause Young (Normal) (G1 Evacuation Pause)
[2025-08-28T13:02:21.263+0000][1088462][info ][gc,task     ] GC(44) Using 12 workers of 33 for evacuation
[2025-08-28T13:02:21.263+0000][1088462][debug][gc,age      ] GC(44) Desired survivor size 20971520 bytes, new threshold 15 (max threshold 15)
[2025-08-28T13:02:21.265+0000][1088462][info ][gc,phases   ] GC(44)   Pre Evacuate Collection Set: 0.1ms
[2025-08-28T13:02:21.265+0000][1088462][info ][gc,phases   ] GC(44)   Merge Heap Roots: 0.0ms
[2025-08-28T13:02:21.265+0000][1088462][info ][gc,phases   ] GC(44)   Evacuate Collection Set: 1.3ms
[2025-08-28T13:02:21.265+0000][1088462][info ][gc,phases   ] GC(44)   Post Evacuate Collection Set: 0.4ms
[2025-08-28T13:02:21.265+0000][1088462][info ][gc,phases   ] GC(44)   Other: 0.1ms
[2025-08-28T13:02:21.265+0000][1088462][trace][gc,age      ] GC(44) Age table with threshold 15 (max threshold 15)
[2025-08-28T13:02:21.265+0000][1088462][trace][gc,age      ] GC(44) - age   1:     551616 bytes,     551616 total
[2025-08-28T13:02:21.265+0000][1088462][trace][gc,age      ] GC(44) - age   2:        240 bytes,     551856 total
[2025-08-28T13:02:21.265+0000][1088462][trace][gc,age      ] GC(44) - age   3:        152 bytes,     552008 total
[2025-08-28T13:02:21.265+0000][1088462][trace][gc,age      ] GC(44) - age   4:       4360 bytes,     556368 total
[2025-08-28T13:02:21.265+0000][1088462][trace][gc,age      ] GC(44) - age   5:       2584 bytes,     558952 total
[2025-08-28T13:02:21.265+0000][1088462][trace][gc,age      ] GC(44) - age   6:       3048 bytes,     562000 total
[2025-08-28T13:02:21.265+0000][1088462][trace][gc,age      ] GC(44) - age   8:        160 bytes,     562160 total
[2025-08-28T13:02:21.265+0000][1088462][trace][gc,age      ] GC(44) - age   9:        696 bytes,     562856 total
[2025-08-28T13:02:21.265+0000][1088462][trace][gc,age      ] GC(44) - age  10:        576 bytes,     563432 total
[2025-08-28T13:02:21.265+0000][1088462][trace][gc,age      ] GC(44) - age  11:       1128 bytes,     564560 total
[2025-08-28T13:02:21.265+0000][1088462][trace][gc,age      ] GC(44) - age  12:        248 bytes,     564808 total
[2025-08-28T13:02:21.265+0000][1088462][trace][gc,age      ] GC(44) - age  13:       2472 bytes,     567280 total
[2025-08-28T13:02:21.265+0000][1088462][trace][gc,age      ] GC(44) - age  14:        880 bytes,     568160 total
[2025-08-28T13:02:21.265+0000][1088462][trace][gc,age      ] GC(44) - age  15:       1416 bytes,     569576 total
[2025-08-28T13:02:21.265+0000][1088462][info ][gc,heap     ] GC(44) Eden regions: 75->0(75)
[2025-08-28T13:02:21.265+0000][1088462][info ][gc,heap     ] GC(44) Survivor regions: 1->1(10)
[2025-08-28T13:02:21.265+0000][1088462][info ][gc,heap     ] GC(44) Old regions: 24->24
[2025-08-28T13:02:21.265+0000][1088462][info ][gc,heap     ] GC(44) Humongous regions: 0->0
[2025-08-28T13:02:21.265+0000][1088462][info ][gc,metaspace] GC(44) Metaspace: 136146K(139904K)->136146K(139904K) NonClass: 117638K(119616K)->117638K(119616K) Class: 18507K(20288K)->18507K(20288K)
[2025-08-28T13:02:21.265+0000][1088462][info ][gc          ] GC(44) Pause Young (Normal) (G1 Evacuation Pause) 393M->93M(512M) 2.145ms
[2025-08-28T13:02:21.265+0000][1088462][info ][gc,cpu      ] GC(44) User=0.01s Sys=0.00s Real=0.00s
[2025-08-28T13:02:21.265+0000][1088462][info ][safepoint   ] Safepoint "G1CollectForAllocation", Time since last: 5287422184 ns, Reaching safepoint: 42324 ns, Cleanup: 5097 ns, At safepoint: 2217803 ns, Total: 2265224 ns
[2025-08-28T13:02:23.266+0000][1088462][info ][safepoint   ] Safepoint "Cleanup", Time since last: 2000155453 ns, Reaching safepoint: 48674 ns, Cleanup: 11887 ns, At safepoint: 3105 ns, Total: 63666 ns
[2025-08-28T13:02:26.266+0000][1088462][info ][safepoint   ] Safepoint "Cleanup", Time since last: 3000250441 ns, Reaching safepoint: 11638 ns, Cleanup: 15473 ns, At safepoint: 2434 ns, Total: 29545 ns
[2025-08-28T13:02:27.300+0000][1088462][info ][gc,start    ] GC(45) Pause Young (Normal) (G1 Evacuation Pause)
[2025-08-28T13:02:27.300+0000][1088462][info ][gc,task     ] GC(45) Using 12 workers of 33 for evacuation
[2025-08-28T13:02:27.300+0000][1088462][debug][gc,age      ] GC(45) Desired survivor size 20971520 bytes, new threshold 15 (max threshold 15)
[2025-08-28T13:02:27.302+0000][1088462][info ][gc,phases   ] GC(45)   Pre Evacuate Collection Set: 0.1ms
[2025-08-28T13:02:27.302+0000][1088462][info ][gc,phases   ] GC(45)   Merge Heap Roots: 0.1ms
[2025-08-28T13:02:27.302+0000][1088462][info ][gc,phases   ] GC(45)   Evacuate Collection Set: 1.1ms
[2025-08-28T13:02:27.302+0000][1088462][info ][gc,phases   ] GC(45)   Post Evacuate Collection Set: 0.4ms
[2025-08-28T13:02:27.302+0000][1088462][info ][gc,phases   ] GC(45)   Other: 0.1ms
[2025-08-28T13:02:27.302+0000][1088462][trace][gc,age      ] GC(45) Age table with threshold 15 (max threshold 15)
[2025-08-28T13:02:27.302+0000][1088462][trace][gc,age      ] GC(45) - age   1:     557600 bytes,     557600 total
[2025-08-28T13:02:27.302+0000][1088462][trace][gc,age      ] GC(45) - age   2:      11696 bytes,     569296 total
[2025-08-28T13:02:27.302+0000][1088462][trace][gc,age      ] GC(45) - age   4:        152 bytes,     569448 total
[2025-08-28T13:02:27.302+0000][1088462][trace][gc,age      ] GC(45) - age   5:       3880 bytes,     573328 total
[2025-08-28T13:02:27.302+0000][1088462][trace][gc,age      ] GC(45) - age   6:       2584 bytes,     575912 total
[2025-08-28T13:02:27.302+0000][1088462][trace][gc,age      ] GC(45) - age   7:       2824 bytes,     578736 total
[2025-08-28T13:02:27.302+0000][1088462][trace][gc,age      ] GC(45) - age   9:        160 bytes,     578896 total
[2025-08-28T13:02:27.302+0000][1088462][trace][gc,age      ] GC(45) - age  10:        608 bytes,     579504 total
[2025-08-28T13:02:27.302+0000][1088462][trace][gc,age      ] GC(45) - age  11:        544 bytes,     580048 total
[2025-08-28T13:02:27.302+0000][1088462][trace][gc,age      ] GC(45) - age  12:        568 bytes,     580616 total
[2025-08-28T13:02:27.302+0000][1088462][trace][gc,age      ] GC(45) - age  13:        248 bytes,     580864 total
[2025-08-28T13:02:27.302+0000][1088462][trace][gc,age      ] GC(45) - age  14:       2472 bytes,     583336 total
[2025-08-28T13:02:27.302+0000][1088462][trace][gc,age      ] GC(45) - age  15:        880 bytes,     584216 total
[2025-08-28T13:02:27.302+0000][1088462][info ][gc,heap     ] GC(45) Eden regions: 75->0(75)
[2025-08-28T13:02:27.302+0000][1088462][info ][gc,heap     ] GC(45) Survivor regions: 1->1(10)
[2025-08-28T13:02:27.302+0000][1088462][info ][gc,heap     ] GC(45) Old regions: 24->24
[2025-08-28T13:02:27.302+0000][1088462][info ][gc,heap     ] GC(45) Humongous regions: 0->0
[2025-08-28T13:02:27.302+0000][1088462][info ][gc,metaspace] GC(45) Metaspace: 136163K(139968K)->136163K(139968K) NonClass: 117655K(119680K)->117655K(119680K) Class: 18507K(20288K)->18507K(20288K)
[2025-08-28T13:02:27.302+0000][1088462][info ][gc          ] GC(45) Pause Young (Normal) (G1 Evacuation Pause) 393M->93M(512M) 1.847ms
[2025-08-28T13:02:27.302+0000][1088462][info ][gc,cpu      ] GC(45) User=0.01s Sys=0.00s Real=0.01s
[2025-08-28T13:02:27.302+0000][1088462][info ][safepoint   ] Safepoint "G1CollectForAllocation", Time since last: 1034219157 ns, Reaching safepoint: 43065 ns, Cleanup: 5538 ns, At safepoint: 1916890 ns, Total: 1965493 ns
[2025-08-28T13:02:29.140+0000][1088462][info ][safepoint   ] Safepoint "Cleanup", Time since last: 1837935871 ns, Reaching safepoint: 6760 ns, Cleanup: 72369 ns, At safepoint: 3575 ns, Total: 82704 ns
[2025-08-28T13:02:29.221+0000][1088462][info ][safepoint   ] Safepoint "ICBufferFull", Time since last: 81048494 ns, Reaching safepoint: 12289 ns, Cleanup: 124267 ns, At safepoint: 3996 ns, Total: 140552 ns
[2025-08-28T13:02:29.221+0000][1088462][info ][safepoint   ] Safepoint "ICBufferFull", Time since last: 39439 ns, Reaching safepoint: 69625 ns, Cleanup: 2603 ns, At safepoint: 4567 ns, Total: 76795 ns
[2025-08-28T13:02:30.222+0000][1088462][info ][safepoint   ] Safepoint "Cleanup", Time since last: 1000078934 ns, Reaching safepoint: 15994 ns, Cleanup: 116064 ns, At safepoint: 3195 ns, Total: 135253 ns
[2025-08-28T13:02:32.222+0000][1088462][info ][safepoint   ] Safepoint "Cleanup", Time since last: 2000174793 ns, Reaching safepoint: 47341 ns, Cleanup: 13951 ns, At safepoint: 2844 ns, Total: 64136 ns
[2025-08-28T13:02:32.419+0000][1088462][info ][gc,start    ] GC(46) Pause Young (Normal) (G1 Evacuation Pause)
[2025-08-28T13:02:32.419+0000][1088462][info ][gc,task     ] GC(46) Using 12 workers of 33 for evacuation
[2025-08-28T13:02:32.419+0000][1088462][debug][gc,age      ] GC(46) Desired survivor size 20971520 bytes, new threshold 15 (max threshold 15)
[2025-08-28T13:02:32.422+0000][1088462][info ][gc,phases   ] GC(46)   Pre Evacuate Collection Set: 0.1ms
[2025-08-28T13:02:32.422+0000][1088462][info ][gc,phases   ] GC(46)   Merge Heap Roots: 0.1ms
[2025-08-28T13:02:32.422+0000][1088462][info ][gc,phases   ] GC(46)   Evacuate Collection Set: 1.9ms
[2025-08-28T13:02:32.422+0000][1088462][info ][gc,phases   ] GC(46)   Post Evacuate Collection Set: 0.5ms
[2025-08-28T13:02:32.422+0000][1088462][info ][gc,phases   ] GC(46)   Other: 0.1ms
[2025-08-28T13:02:32.422+0000][1088462][trace][gc,age      ] GC(46) Age table with threshold 15 (max threshold 15)
[2025-08-28T13:02:32.422+0000][1088462][trace][gc,age      ] GC(46) - age   1:     939888 bytes,     939888 total
[2025-08-28T13:02:32.422+0000][1088462][trace][gc,age      ] GC(46) - age   2:       1152 bytes,     941040 total
[2025-08-28T13:02:32.422+0000][1088462][trace][gc,age      ] GC(46) - age   3:      11696 bytes,     952736 total
[2025-08-28T13:02:32.422+0000][1088462][trace][gc,age      ] GC(46) - age   5:        152 bytes,     952888 total
[2025-08-28T13:02:32.422+0000][1088462][trace][gc,age      ] GC(46) - age   6:       2784 bytes,     955672 total
[2025-08-28T13:02:32.422+0000][1088462][trace][gc,age      ] GC(46) - age   7:       2472 bytes,     958144 total
[2025-08-28T13:02:32.422+0000][1088462][trace][gc,age      ] GC(46) - age   8:       2824 bytes,     960968 total
[2025-08-28T13:02:32.422+0000][1088462][trace][gc,age      ] GC(46) - age  10:        160 bytes,     961128 total
[2025-08-28T13:02:32.422+0000][1088462][trace][gc,age      ] GC(46) - age  11:        608 bytes,     961736 total
[2025-08-28T13:02:32.422+0000][1088462][trace][gc,age      ] GC(46) - age  12:        544 bytes,     962280 total
[2025-08-28T13:02:32.422+0000][1088462][trace][gc,age      ] GC(46) - age  13:        568 bytes,     962848 total
[2025-08-28T13:02:32.422+0000][1088462][trace][gc,age      ] GC(46) - age  14:        248 bytes,     963096 total
[2025-08-28T13:02:32.422+0000][1088462][trace][gc,age      ] GC(46) - age  15:       2472 bytes,     965568 total
[2025-08-28T13:02:32.422+0000][1088462][info ][gc,heap     ] GC(46) Eden regions: 75->0(75)
[2025-08-28T13:02:32.422+0000][1088462][info ][gc,heap     ] GC(46) Survivor regions: 1->1(10)
[2025-08-28T13:02:32.422+0000][1088462][info ][gc,heap     ] GC(46) Old regions: 24->24
[2025-08-28T13:02:32.422+0000][1088462][info ][gc,heap     ] GC(46) Humongous regions: 0->0
[2025-08-28T13:02:32.422+0000][1088462][info ][gc,metaspace] GC(46) Metaspace: 138118K(141888K)->138118K(141888K) NonClass: 119345K(121344K)->119345K(121344K) Class: 18772K(20544K)->18772K(20544K)
[2025-08-28T13:02:32.422+0000][1088462][info ][gc          ] GC(46) Pause Young (Normal) (G1 Evacuation Pause) 393M->94M(512M) 2.802ms
[2025-08-28T13:02:32.422+0000][1088462][info ][gc,cpu      ] GC(46) User=0.01s Sys=0.00s Real=0.01s
[2025-08-28T13:02:32.422+0000][1088462][info ][safepoint   ] Safepoint "G1CollectForAllocation", Time since last: 197230756 ns, Reaching safepoint: 16454 ns, Cleanup: 12229 ns, At safepoint: 2893027 ns, Total: 2921710 ns
[2025-08-28T13:02:33.538+0000][1088462][info ][safepoint   ] Safepoint "Cleanup", Time since last: 1112806063 ns, Reaching safepoint: 3162462 ns, Cleanup: 174292 ns, At safepoint: 28252 ns, Total: 3365006 ns
[2025-08-28T13:02:33.684+0000][1088462][info ][safepoint   ] Safepoint "ICBufferFull", Time since last: 142176033 ns, Reaching safepoint: 3170294 ns, Cleanup: 230397 ns, At safepoint: 25858 ns, Total: 3426549 ns
[2025-08-28T13:02:33.684+0000][1088462][info ][safepoint   ] Safepoint "ICBufferFull", Time since last: 52519 ns, Reaching safepoint: 76375 ns, Cleanup: 2995 ns, At safepoint: 5578 ns, Total: 84948 ns
[2025-08-28T13:02:33.684+0000][1088462][info ][safepoint   ] Safepoint "ICBufferFull", Time since last: 22243 ns, Reaching safepoint: 69765 ns, Cleanup: 852 ns, At safepoint: 6309 ns, Total: 76926 ns
[2025-08-28T13:02:34.176+0000][1088462][info ][safepoint   ] Safepoint "ICBufferFull", Time since last: 448659466 ns, Reaching safepoint: 43249953 ns, Cleanup: 227022 ns, At safepoint: 38728 ns, Total: 43515703 ns
[2025-08-28T13:02:34.337+0000][1088462][info ][safepoint   ] Safepoint "ICBufferFull", Time since last: 149539127 ns, Reaching safepoint: 10559599 ns, Cleanup: 236275 ns, At safepoint: 25398 ns, Total: 10821272 ns
[2025-08-28T13:02:34.829+0000][1088462][info ][gc,start    ] GC(47) Pause Young (Normal) (G1 Evacuation Pause)
[2025-08-28T13:02:34.829+0000][1088462][info ][gc,task     ] GC(47) Using 12 workers of 33 for evacuation
[2025-08-28T13:02:34.829+0000][1088462][debug][gc,age      ] GC(47) Desired survivor size 20971520 bytes, new threshold 15 (max threshold 15)
[2025-08-28T13:02:34.834+0000][1088462][info ][gc,phases   ] GC(47)   Pre Evacuate Collection Set: 0.2ms
[2025-08-28T13:02:34.834+0000][1088462][info ][gc,phases   ] GC(47)   Merge Heap Roots: 0.1ms
[2025-08-28T13:02:34.834+0000][1088462][info ][gc,phases   ] GC(47)   Evacuate Collection Set: 4.2ms
[2025-08-28T13:02:34.834+0000][1088462][info ][gc,phases   ] GC(47)   Post Evacuate Collection Set: 0.7ms
[2025-08-28T13:02:34.834+0000][1088462][info ][gc,phases   ] GC(47)   Other: 0.1ms
[2025-08-28T13:02:34.834+0000][1088462][trace][gc,age      ] GC(47) Age table with threshold 15 (max threshold 15)
[2025-08-28T13:02:34.834+0000][1088462][trace][gc,age      ] GC(47) - age   1:   21960384 bytes,   21960384 total
[2025-08-28T13:02:34.834+0000][1088462][trace][gc,age      ] GC(47) - age   2:     351024 bytes,   22311408 total
[2025-08-28T13:02:34.834+0000][1088462][trace][gc,age      ] GC(47) - age   3:       1056 bytes,   22312464 total
[2025-08-28T13:02:34.834+0000][1088462][trace][gc,age      ] GC(47) - age   4:      11696 bytes,   22324160 total
[2025-08-28T13:02:34.834+0000][1088462][trace][gc,age      ] GC(47) - age   6:        152 bytes,   22324312 total
[2025-08-28T13:02:34.834+0000][1088462][trace][gc,age      ] GC(47) - age   7:       2048 bytes,   22326360 total
[2025-08-28T13:02:34.834+0000][1088462][trace][gc,age      ] GC(47) - age   8:       2440 bytes,   22328800 total
[2025-08-28T13:02:34.834+0000][1088462][trace][gc,age      ] GC(47) - age   9:       2824 bytes,   22331624 total
[2025-08-28T13:02:34.834+0000][1088462][trace][gc,age      ] GC(47) - age  11:        160 bytes,   22331784 total
[2025-08-28T13:02:34.834+0000][1088462][trace][gc,age      ] GC(47) - age  12:        608 bytes,   22332392 total
[2025-08-28T13:02:34.834+0000][1088462][trace][gc,age      ] GC(47) - age  13:        544 bytes,   22332936 total
[2025-08-28T13:02:34.834+0000][1088462][trace][gc,age      ] GC(47) - age  14:        536 bytes,   22333472 total
[2025-08-28T13:02:34.834+0000][1088462][trace][gc,age      ] GC(47) - age  15:        248 bytes,   22333720 total
[2025-08-28T13:02:34.834+0000][1088462][info ][gc,heap     ] GC(47) Eden regions: 75->0(70)
[2025-08-28T13:02:34.834+0000][1088462][info ][gc,heap     ] GC(47) Survivor regions: 1->6(10)
[2025-08-28T13:02:34.834+0000][1088462][info ][gc,heap     ] GC(47) Old regions: 24->24
[2025-08-28T13:02:34.834+0000][1088462][info ][gc,heap     ] GC(47) Humongous regions: 0->0
[2025-08-28T13:02:34.834+0000][1088462][info ][gc,metaspace] GC(47) Metaspace: 139593K(143488K)->139593K(143488K) NonClass: 120620K(122688K)->120620K(122688K) Class: 18973K(20800K)->18973K(20800K)
[2025-08-28T13:02:34.834+0000][1088462][info ][gc          ] GC(47) Pause Young (Normal) (G1 Evacuation Pause) 394M->114M(512M) 5.384ms
[2025-08-28T13:02:34.834+0000][1088462][info ][gc,cpu      ] GC(47) User=0.03s Sys=0.00s Real=0.01s
[2025-08-28T13:02:34.834+0000][1088462][info ][safepoint   ] Safepoint "G1CollectForAllocation", Time since last: 492259836 ns, Reaching safepoint: 24988 ns, Cleanup: 26750 ns, At safepoint: 5498803 ns, Total: 5550541 ns
[2025-08-28T13:02:35.835+0000][1088462][info ][safepoint   ] Safepoint "Cleanup", Time since last: 1000091262 ns, Reaching safepoint: 23876 ns, Cleanup: 60251 ns, At safepoint: 5768 ns, Total: 89895 ns
[2025-08-28T13:02:36.050+0000][1088462][info ][gc,start    ] GC(48) Pause Young (Normal) (G1 Evacuation Pause)
[2025-08-28T13:02:36.050+0000][1088462][info ][gc,task     ] GC(48) Using 12 workers of 33 for evacuation
[2025-08-28T13:02:36.050+0000][1088462][debug][gc,age      ] GC(48) Desired survivor size 20971520 bytes, new threshold 1 (max threshold 15)
[2025-08-28T13:02:36.055+0000][1088462][info ][gc,phases   ] GC(48)   Pre Evacuate Collection Set: 0.2ms
[2025-08-28T13:02:36.055+0000][1088462][info ][gc,phases   ] GC(48)   Merge Heap Roots: 0.1ms
[2025-08-28T13:02:36.055+0000][1088462][info ][gc,phases   ] GC(48)   Evacuate Collection Set: 4.7ms
[2025-08-28T13:02:36.055+0000][1088462][info ][gc,phases   ] GC(48)   Post Evacuate Collection Set: 0.4ms
[2025-08-28T13:02:36.055+0000][1088462][info ][gc,phases   ] GC(48)   Other: 0.1ms
[2025-08-28T13:02:36.055+0000][1088462][trace][gc,age      ] GC(48) Age table with threshold 1 (max threshold 15)
[2025-08-28T13:02:36.055+0000][1088462][trace][gc,age      ] GC(48) - age   1:   22100104 bytes,   22100104 total
[2025-08-28T13:02:36.055+0000][1088462][info ][gc,heap     ] GC(48) Eden regions: 70->0(70)
[2025-08-28T13:02:36.055+0000][1088462][info ][gc,heap     ] GC(48) Survivor regions: 6->6(10)
[2025-08-28T13:02:36.055+0000][1088462][info ][gc,heap     ] GC(48) Old regions: 24->25
[2025-08-28T13:02:36.055+0000][1088462][info ][gc,heap     ] GC(48) Humongous regions: 0->0
[2025-08-28T13:02:36.055+0000][1088462][info ][gc,metaspace] GC(48) Metaspace: 139620K(143552K)->139620K(143552K) NonClass: 120646K(122752K)->120646K(122752K) Class: 18973K(20800K)->18973K(20800K)
[2025-08-28T13:02:36.055+0000][1088462][info ][gc          ] GC(48) Pause Young (Normal) (G1 Evacuation Pause) 394M->121M(512M) 5.643ms
[2025-08-28T13:02:36.055+0000][1088462][info ][gc,cpu      ] GC(48) User=0.03s Sys=0.00s Real=0.01s
[2025-08-28T13:02:36.055+0000][1088462][info ][safepoint   ] Safepoint "G1CollectForAllocation", Time since last: 214884334 ns, Reaching safepoint: 24708 ns, Cleanup: 72719 ns, At safepoint: 5769710 ns, Total: 5867137 ns
[2025-08-28T13:02:37.003+0000][1088462][info ][safepoint   ] Safepoint "ICBufferFull", Time since last: 947807143 ns, Reaching safepoint: 26310 ns, Cleanup: 191928 ns, At safepoint: 2734 ns, Total: 220972 ns
[2025-08-28T13:02:37.003+0000][1088462][info ][safepoint   ] Safepoint "ICBufferFull", Time since last: 61412 ns, Reaching safepoint: 69164 ns, Cleanup: 5469 ns, At safepoint: 2583 ns, Total: 77216 ns
[2025-08-28T13:02:37.639+0000][1088462][info ][gc,start    ] GC(49) Pause Young (Normal) (G1 Evacuation Pause)
[2025-08-28T13:02:37.639+0000][1088462][info ][gc,task     ] GC(49) Using 12 workers of 33 for evacuation
[2025-08-28T13:02:37.639+0000][1088462][debug][gc,age      ] GC(49) Desired survivor size 20971520 bytes, new threshold 1 (max threshold 15)
[2025-08-28T13:02:37.643+0000][1088462][info ][gc,phases   ] GC(49)   Pre Evacuate Collection Set: 0.2ms
[2025-08-28T13:02:37.643+0000][1088462][info ][gc,phases   ] GC(49)   Merge Heap Roots: 0.2ms
[2025-08-28T13:02:37.643+0000][1088462][info ][gc,phases   ] GC(49)   Evacuate Collection Set: 3.1ms
[2025-08-28T13:02:37.643+0000][1088462][info ][gc,phases   ] GC(49)   Post Evacuate Collection Set: 0.5ms
[2025-08-28T13:02:37.643+0000][1088462][info ][gc,phases   ] GC(49)   Other: 0.1ms
[2025-08-28T13:02:37.643+0000][1088462][trace][gc,age      ] GC(49) Age table with threshold 1 (max threshold 15)
[2025-08-28T13:02:37.643+0000][1088462][trace][gc,age      ] GC(49) - age   1:   35224168 bytes,   35224168 total
[2025-08-28T13:02:37.643+0000][1088462][info ][gc,heap     ] GC(49) Eden regions: 70->0(67)
[2025-08-28T13:02:37.643+0000][1088462][info ][gc,heap     ] GC(49) Survivor regions: 6->9(10)
[2025-08-28T13:02:37.643+0000][1088462][info ][gc,heap     ] GC(49) Old regions: 25->29
[2025-08-28T13:02:37.643+0000][1088462][info ][gc,heap     ] GC(49) Humongous regions: 0->0
[2025-08-28T13:02:37.643+0000][1088462][info ][gc,metaspace] GC(49) Metaspace: 139749K(143616K)->139749K(143616K) NonClass: 120769K(122816K)->120769K(122816K) Class: 18980K(20800K)->18980K(20800K)
[2025-08-28T13:02:37.643+0000][1088462][info ][gc          ] GC(49) Pause Young (Normal) (G1 Evacuation Pause) 401M->146M(512M) 4.167ms
[2025-08-28T13:02:37.643+0000][1088462][info ][gc,cpu      ] GC(49) User=0.02s Sys=0.00s Real=0.01s
[2025-08-28T13:02:37.643+0000][1088462][info ][safepoint   ] Safepoint "G1CollectForAllocation", Time since last: 635369693 ns, Reaching safepoint: 55032 ns, Cleanup: 89905 ns, At safepoint: 4281094 ns, Total: 4426031 ns
[2025-08-28T13:02:38.643+0000][1088462][info ][safepoint   ] Safepoint "Cleanup", Time since last: 1000086605 ns, Reaching safepoint: 24296 ns, Cleanup: 23786 ns, At safepoint: 2474 ns, Total: 50556 ns
[2025-08-28T13:02:40.644+0000][1088462][info ][safepoint   ] Safepoint "Cleanup", Time since last: 2000184717 ns, Reaching safepoint: 31888 ns, Cleanup: 15764 ns, At safepoint: 3074 ns, Total: 50726 ns
[2025-08-28T13:02:41.840+0000][1088462][info ][gc,start    ] GC(50) Pause Young (Normal) (G1 Evacuation Pause)
[2025-08-28T13:02:41.840+0000][1088462][info ][gc,task     ] GC(50) Using 12 workers of 33 for evacuation
[2025-08-28T13:02:41.840+0000][1088462][debug][gc,age      ] GC(50) Desired survivor size 20971520 bytes, new threshold 1 (max threshold 15)
[2025-08-28T13:02:41.843+0000][1088462][info ][gc,phases   ] GC(50)   Pre Evacuate Collection Set: 0.2ms
[2025-08-28T13:02:41.843+0000][1088462][info ][gc,phases   ] GC(50)   Merge Heap Roots: 0.1ms
[2025-08-28T13:02:41.843+0000][1088462][info ][gc,phases   ] GC(50)   Evacuate Collection Set: 1.7ms
[2025-08-28T13:02:41.843+0000][1088462][info ][gc,phases   ] GC(50)   Post Evacuate Collection Set: 0.4ms
[2025-08-28T13:02:41.843+0000][1088462][info ][gc,phases   ] GC(50)   Other: 0.1ms
[2025-08-28T13:02:41.843+0000][1088462][trace][gc,age      ] GC(50) Age table with threshold 1 (max threshold 15)
[2025-08-28T13:02:41.843+0000][1088462][trace][gc,age      ] GC(50) - age   1:     554760 bytes,     554760 total
[2025-08-28T13:02:41.843+0000][1088462][info ][gc,heap     ] GC(50) Eden regions: 67->0(75)
[2025-08-28T13:02:41.843+0000][1088462][info ][gc,heap     ] GC(50) Survivor regions: 9->1(10)
[2025-08-28T13:02:41.843+0000][1088462][info ][gc,heap     ] GC(50) Old regions: 29->29
[2025-08-28T13:02:41.843+0000][1088462][info ][gc,heap     ] GC(50) Humongous regions: 0->0
[2025-08-28T13:02:41.843+0000][1088462][info ][gc,metaspace] GC(50) Metaspace: 139749K(143616K)->139749K(143616K) NonClass: 120769K(122816K)->120769K(122816K) Class: 18980K(20800K)->18980K(20800K)
[2025-08-28T13:02:41.843+0000][1088462][info ][gc          ] GC(50) Pause Young (Normal) (G1 Evacuation Pause) 414M->113M(512M) 2.668ms
[2025-08-28T13:02:41.843+0000][1088462][info ][gc,cpu      ] GC(50) User=0.01s Sys=0.00s Real=0.01s
[2025-08-28T13:02:41.843+0000][1088462][info ][safepoint   ] Safepoint "G1CollectForAllocation", Time since last: 1196500493 ns, Reaching safepoint: 23826 ns, Cleanup: 4257 ns, At safepoint: 2776762 ns, Total: 2804845 ns
[2025-08-28T13:02:46.843+0000][1088462][info ][safepoint   ] Safepoint "Cleanup", Time since last: 5000374768 ns, Reaching safepoint: 55654 ns, Cleanup: 11657 ns, At safepoint: 2704 ns, Total: 70015 ns
[2025-08-28T13:02:47.915+0000][1088462][info ][gc,start    ] GC(51) Pause Young (Normal) (G1 Evacuation Pause)
[2025-08-28T13:02:47.915+0000][1088462][info ][gc,task     ] GC(51) Using 12 workers of 33 for evacuation
[2025-08-28T13:02:47.915+0000][1088462][debug][gc,age      ] GC(51) Desired survivor size 20971520 bytes, new threshold 15 (max threshold 15)
[2025-08-28T13:02:47.916+0000][1088462][info ][gc,phases   ] GC(51)   Pre Evacuate Collection Set: 0.2ms
[2025-08-28T13:02:47.916+0000][1088462][info ][gc,phases   ] GC(51)   Merge Heap Roots: 0.1ms
[2025-08-28T13:02:47.916+0000][1088462][info ][gc,phases   ] GC(51)   Evacuate Collection Set: 1.1ms
[2025-08-28T13:02:47.916+0000][1088462][info ][gc,phases   ] GC(51)   Post Evacuate Collection Set: 0.3ms
[2025-08-28T13:02:47.916+0000][1088462][info ][gc,phases   ] GC(51)   Other: 0.1ms
[2025-08-28T13:02:47.916+0000][1088462][trace][gc,age      ] GC(51) Age table with threshold 15 (max threshold 15)
[2025-08-28T13:02:47.916+0000][1088462][trace][gc,age      ] GC(51) - age   1:     534240 bytes,     534240 total
[2025-08-28T13:02:47.916+0000][1088462][trace][gc,age      ] GC(51) - age   2:      14720 bytes,     548960 total
[2025-08-28T13:02:47.916+0000][1088462][info ][gc,heap     ] GC(51) Eden regions: 75->0(75)
[2025-08-28T13:02:47.916+0000][1088462][info ][gc,heap     ] GC(51) Survivor regions: 1->1(10)
[2025-08-28T13:02:47.916+0000][1088462][info ][gc,heap     ] GC(51) Old regions: 29->29
[2025-08-28T13:02:47.916+0000][1088462][info ][gc,heap     ] GC(51) Humongous regions: 0->0
[2025-08-28T13:02:47.916+0000][1088462][info ][gc,metaspace] GC(51) Metaspace: 139752K(143616K)->139752K(143616K) NonClass: 120771K(122816K)->120771K(122816K) Class: 18980K(20800K)->18980K(20800K)
[2025-08-28T13:02:47.916+0000][1088462][info ][gc          ] GC(51) Pause Young (Normal) (G1 Evacuation Pause) 413M->113M(512M) 1.829ms
[2025-08-28T13:02:47.916+0000][1088462][info ][gc,cpu      ] GC(51) User=0.01s Sys=0.01s Real=0.00s
[2025-08-28T13:02:47.916+0000][1088462][info ][safepoint   ] Safepoint "G1CollectForAllocation", Time since last: 1071018187 ns, Reaching safepoint: 53260 ns, Cleanup: 4607 ns, At safepoint: 1931823 ns, Total: 1989690 ns
[2025-08-28T13:02:49.917+0000][1088462][info ][safepoint   ] Safepoint "Cleanup", Time since last: 2000162954 ns, Reaching safepoint: 26620 ns, Cleanup: 21092 ns, At safepoint: 3065 ns, Total: 50777 ns
[2025-08-28T13:02:51.917+0000][1088462][info ][safepoint   ] Safepoint "Cleanup", Time since last: 2000186249 ns, Reaching safepoint: 26390 ns, Cleanup: 26320 ns, At safepoint: 2854 ns, Total: 55564 ns
[2025-08-28T13:02:52.917+0000][1088462][info ][safepoint   ] Safepoint "Cleanup", Time since last: 1000123510 ns, Reaching safepoint: 57837 ns, Cleanup: 18969 ns, At safepoint: 5759 ns, Total: 82565 ns
[2025-08-28T13:02:53.915+0000][1088462][info ][gc,start    ] GC(52) Pause Young (Normal) (G1 Evacuation Pause)
[2025-08-28T13:02:53.915+0000][1088462][info ][gc,task     ] GC(52) Using 12 workers of 33 for evacuation
[2025-08-28T13:02:53.915+0000][1088462][debug][gc,age      ] GC(52) Desired survivor size 20971520 bytes, new threshold 15 (max threshold 15)
[2025-08-28T13:02:53.917+0000][1088462][info ][gc,phases   ] GC(52)   Pre Evacuate Collection Set: 0.2ms
[2025-08-28T13:02:53.917+0000][1088462][info ][gc,phases   ] GC(52)   Merge Heap Roots: 0.1ms
[2025-08-28T13:02:53.917+0000][1088462][info ][gc,phases   ] GC(52)   Evacuate Collection Set: 1.5ms
[2025-08-28T13:02:53.917+0000][1088462][info ][gc,phases   ] GC(52)   Post Evacuate Collection Set: 0.4ms
[2025-08-28T13:02:53.917+0000][1088462][info ][gc,phases   ] GC(52)   Other: 0.1ms
[2025-08-28T13:02:53.917+0000][1088462][trace][gc,age      ] GC(52) Age table with threshold 15 (max threshold 15)
[2025-08-28T13:02:53.917+0000][1088462][trace][gc,age      ] GC(52) - age   1:     545184 bytes,     545184 total
[2025-08-28T13:02:53.917+0000][1088462][trace][gc,age      ] GC(52) - age   2:        360 bytes,     545544 total
[2025-08-28T13:02:53.917+0000][1088462][trace][gc,age      ] GC(52) - age   3:      14320 bytes,     559864 total
[2025-08-28T13:02:53.917+0000][1088462][info ][gc,heap     ] GC(52) Eden regions: 75->0(75)
[2025-08-28T13:02:53.917+0000][1088462][info ][gc,heap     ] GC(52) Survivor regions: 1->1(10)
[2025-08-28T13:02:53.917+0000][1088462][info ][gc,heap     ] GC(52) Old regions: 29->29
[2025-08-28T13:02:53.917+0000][1088462][info ][gc,heap     ] GC(52) Humongous regions: 0->0
[2025-08-28T13:02:53.917+0000][1088462][info ][gc,metaspace] GC(52) Metaspace: 139760K(143616K)->139760K(143616K) NonClass: 120780K(122816K)->120780K(122816K) Class: 18980K(20800K)->18980K(20800K)
[2025-08-28T13:02:53.917+0000][1088462][info ][gc          ] GC(52) Pause Young (Normal) (G1 Evacuation Pause) 413M->113M(512M) 2.290ms
[2025-08-28T13:02:53.917+0000][1088462][info ][gc,cpu      ] GC(52) User=0.01s Sys=0.00s Real=0.00s
[2025-08-28T13:02:53.917+0000][1088462][info ][safepoint   ] Safepoint "G1CollectForAllocation", Time since last: 997817785 ns, Reaching safepoint: 26310 ns, Cleanup: 22744 ns, At safepoint: 2400988 ns, Total: 2450042 ns
[2025-08-28T13:02:54.917+0000][1088462][info ][safepoint   ] Safepoint "Cleanup", Time since last: 1000072664 ns, Reaching safepoint: 26069 ns, Cleanup: 18168 ns, At safepoint: 2834 ns, Total: 47071 ns
[2025-08-28T13:02:56.918+0000][1088462][info ][safepoint   ] Safepoint "Cleanup", Time since last: 2000182233 ns, Reaching safepoint: 27512 ns, Cleanup: 19749 ns, At safepoint: 2604 ns, Total: 49865 ns
[2025-08-28T13:02:57.918+0000][1088462][info ][safepoint   ] Safepoint "Cleanup", Time since last: 1000101167 ns, Reaching safepoint: 61162 ns, Cleanup: 14973 ns, At safepoint: 5518 ns, Total: 81653 ns
[2025-08-28T13:02:58.918+0000][1088462][info ][safepoint   ] Safepoint "Cleanup", Time since last: 1000123701 ns, Reaching safepoint: 26570 ns, Cleanup: 15753 ns, At safepoint: 2845 ns, Total: 45168 ns
[2025-08-28T13:02:59.174+0000][1088462][info ][gc,start    ] GC(53) Pause Young (Normal) (G1 Evacuation Pause)
[2025-08-28T13:02:59.174+0000][1088462][info ][gc,task     ] GC(53) Using 12 workers of 33 for evacuation
[2025-08-28T13:02:59.174+0000][1088462][debug][gc,age      ] GC(53) Desired survivor size 20971520 bytes, new threshold 15 (max threshold 15)
[2025-08-28T13:02:59.176+0000][1088462][info ][gc,phases   ] GC(53)   Pre Evacuate Collection Set: 0.2ms
[2025-08-28T13:02:59.176+0000][1088462][info ][gc,phases   ] GC(53)   Merge Heap Roots: 0.1ms
[2025-08-28T13:02:59.176+0000][1088462][info ][gc,phases   ] GC(53)   Evacuate Collection Set: 1.3ms
[2025-08-28T13:02:59.176+0000][1088462][info ][gc,phases   ] GC(53)   Post Evacuate Collection Set: 0.4ms
[2025-08-28T13:02:59.176+0000][1088462][info ][gc,phases   ] GC(53)   Other: 0.1ms
[2025-08-28T13:02:59.176+0000][1088462][trace][gc,age      ] GC(53) Age table with threshold 15 (max threshold 15)
[2025-08-28T13:02:59.176+0000][1088462][trace][gc,age      ] GC(53) - age   1:     540880 bytes,     540880 total
[2025-08-28T13:02:59.176+0000][1088462][trace][gc,age      ] GC(53) - age   2:       5280 bytes,     546160 total
[2025-08-28T13:02:59.176+0000][1088462][trace][gc,age      ] GC(53) - age   3:        360 bytes,     546520 total
[2025-08-28T13:02:59.176+0000][1088462][trace][gc,age      ] GC(53) - age   4:      14320 bytes,     560840 total
[2025-08-28T13:02:59.176+0000][1088462][info ][gc,heap     ] GC(53) Eden regions: 75->0(75)
[2025-08-28T13:02:59.176+0000][1088462][info ][gc,heap     ] GC(53) Survivor regions: 1->1(10)
[2025-08-28T13:02:59.176+0000][1088462][info ][gc,heap     ] GC(53) Old regions: 29->29
[2025-08-28T13:02:59.176+0000][1088462][info ][gc,heap     ] GC(53) Humongous regions: 0->0
[2025-08-28T13:02:59.176+0000][1088462][info ][gc,metaspace] GC(53) Metaspace: 139760K(143616K)->139760K(143616K) NonClass: 120780K(122816K)->120780K(122816K) Class: 18980K(20800K)->18980K(20800K)
[2025-08-28T13:02:59.176+0000][1088462][info ][gc          ] GC(53) Pause Young (Normal) (G1 Evacuation Pause) 413M->113M(512M) 2.156ms
[2025-08-28T13:02:59.176+0000][1088462][info ][gc,cpu      ] GC(53) User=0.00s Sys=0.01s Real=0.00s
[2025-08-28T13:02:59.176+0000][1088462][info ][safepoint   ] Safepoint "G1CollectForAllocation", Time since last: 256122434 ns, Reaching safepoint: 27451 ns, Cleanup: 5278 ns, At safepoint: 2269190 ns, Total: 2301919 ns
[2025-08-28T13:03:00.177+0000][1088462][info ][safepoint   ] Safepoint "Cleanup", Time since last: 1000090281 ns, Reaching safepoint: 26770 ns, Cleanup: 13881 ns, At safepoint: 2984 ns, Total: 43635 ns
[2025-08-28T13:03:01.177+0000][1088462][info ][safepoint   ] Safepoint "Cleanup", Time since last: 1000124622 ns, Reaching safepoint: 26370 ns, Cleanup: 21733 ns, At safepoint: 9554 ns, Total: 57657 ns
[2025-08-28T13:03:02.177+0000][1088462][info ][safepoint   ] Safepoint "Cleanup", Time since last: 1000118303 ns, Reaching safepoint: 27501 ns, Cleanup: 24477 ns, At safepoint: 3154 ns, Total: 55132 ns
[2025-08-28T13:03:03.177+0000][1088462][info ][safepoint   ] Safepoint "Cleanup", Time since last: 1000116771 ns, Reaching safepoint: 62874 ns, Cleanup: 23205 ns, At safepoint: 2915 ns, Total: 88994 ns
[2025-08-28T13:03:04.177+0000][1088462][info ][safepoint   ] Safepoint "Cleanup", Time since last: 1000105523 ns, Reaching safepoint: 25148 ns, Cleanup: 20250 ns, At safepoint: 2764 ns, Total: 48162 ns
[2025-08-28T13:03:05.039+0000][1088462][info ][gc,start    ] GC(54) Pause Young (Normal) (G1 Evacuation Pause)
[2025-08-28T13:03:05.039+0000][1088462][info ][gc,task     ] GC(54) Using 12 workers of 33 for evacuation
[2025-08-28T13:03:05.039+0000][1088462][debug][gc,age      ] GC(54) Desired survivor size 20971520 bytes, new threshold 15 (max threshold 15)
[2025-08-28T13:03:05.041+0000][1088462][info ][gc,phases   ] GC(54)   Pre Evacuate Collection Set: 0.2ms
[2025-08-28T13:03:05.041+0000][1088462][info ][gc,phases   ] GC(54)   Merge Heap Roots: 0.1ms
[2025-08-28T13:03:05.041+0000][1088462][info ][gc,phases   ] GC(54)   Evacuate Collection Set: 1.3ms
[2025-08-28T13:03:05.041+0000][1088462][info ][gc,phases   ] GC(54)   Post Evacuate Collection Set: 0.4ms
[2025-08-28T13:03:05.041+0000][1088462][info ][gc,phases   ] GC(54)   Other: 0.1ms
[2025-08-28T13:03:05.041+0000][1088462][trace][gc,age      ] GC(54) Age table with threshold 15 (max threshold 15)
[2025-08-28T13:03:05.041+0000][1088462][trace][gc,age      ] GC(54) - age   1:     572200 bytes,     572200 total
[2025-08-28T13:03:05.041+0000][1088462][trace][gc,age      ] GC(54) - age   2:        976 bytes,     573176 total
[2025-08-28T13:03:05.041+0000][1088462][trace][gc,age      ] GC(54) - age   3:       4472 bytes,     577648 total
[2025-08-28T13:03:05.041+0000][1088462][trace][gc,age      ] GC(54) - age   4:        360 bytes,     578008 total
[2025-08-28T13:03:05.041+0000][1088462][trace][gc,age      ] GC(54) - age   5:       4040 bytes,     582048 total
[2025-08-28T13:03:05.041+0000][1088462][info ][gc,heap     ] GC(54) Eden regions: 75->0(75)
[2025-08-28T13:03:05.041+0000][1088462][info ][gc,heap     ] GC(54) Survivor regions: 1->1(10)
[2025-08-28T13:03:05.041+0000][1088462][info ][gc,heap     ] GC(54) Old regions: 29->29
[2025-08-28T13:03:05.041+0000][1088462][info ][gc,heap     ] GC(54) Humongous regions: 0->0
[2025-08-28T13:03:05.041+0000][1088462][info ][gc,metaspace] GC(54) Metaspace: 139762K(143616K)->139762K(143616K) NonClass: 120782K(122816K)->120782K(122816K) Class: 18980K(20800K)->18980K(20800K)
[2025-08-28T13:03:05.041+0000][1088462][info ][gc          ] GC(54) Pause Young (Normal) (G1 Evacuation Pause) 413M->113M(512M) 2.146ms
[2025-08-28T13:03:05.041+0000][1088462][info ][gc,cpu      ] GC(54) User=0.01s Sys=0.00s Real=0.01s
[2025-08-28T13:03:05.041+0000][1088462][info ][safepoint   ] Safepoint "G1CollectForAllocation", Time since last: 861579746 ns, Reaching safepoint: 27291 ns, Cleanup: 4958 ns, At safepoint: 2259085 ns, Total: 2291334 ns
[2025-08-28T13:03:07.041+0000][1088462][info ][safepoint   ] Safepoint "Cleanup", Time since last: 2000076745 ns, Reaching safepoint: 25939 ns, Cleanup: 18658 ns, At safepoint: 2874 ns, Total: 47471 ns
[2025-08-28T13:03:08.042+0000][1088462][info ][safepoint   ] Safepoint "Cleanup", Time since last: 1000104562 ns, Reaching safepoint: 57216 ns, Cleanup: 23776 ns, At safepoint: 139820 ns, Total: 220812 ns
[2025-08-28T13:03:09.042+0000][1088462][info ][safepoint   ] Safepoint "Cleanup", Time since last: 1000079414 ns, Reaching safepoint: 26971 ns, Cleanup: 15513 ns, At safepoint: 2784 ns, Total: 45268 ns
[2025-08-28T13:03:11.077+0000][1088462][info ][gc,start    ] GC(55) Pause Young (Normal) (G1 Evacuation Pause)
[2025-08-28T13:03:11.077+0000][1088462][info ][gc,task     ] GC(55) Using 12 workers of 33 for evacuation
[2025-08-28T13:03:11.077+0000][1088462][debug][gc,age      ] GC(55) Desired survivor size 20971520 bytes, new threshold 15 (max threshold 15)
[2025-08-28T13:03:11.079+0000][1088462][info ][gc,phases   ] GC(55)   Pre Evacuate Collection Set: 0.2ms
[2025-08-28T13:03:11.079+0000][1088462][info ][gc,phases   ] GC(55)   Merge Heap Roots: 0.1ms
[2025-08-28T13:03:11.079+0000][1088462][info ][gc,phases   ] GC(55)   Evacuate Collection Set: 1.2ms
[2025-08-28T13:03:11.079+0000][1088462][info ][gc,phases   ] GC(55)   Post Evacuate Collection Set: 0.4ms
[2025-08-28T13:03:11.079+0000][1088462][info ][gc,phases   ] GC(55)   Other: 0.1ms
[2025-08-28T13:03:11.079+0000][1088462][trace][gc,age      ] GC(55) Age table with threshold 15 (max threshold 15)
[2025-08-28T13:03:11.079+0000][1088462][trace][gc,age      ] GC(55) - age   1:     542512 bytes,     542512 total
[2025-08-28T13:03:11.079+0000][1088462][trace][gc,age      ] GC(55) - age   2:      16616 bytes,     559128 total
[2025-08-28T13:03:11.079+0000][1088462][trace][gc,age      ] GC(55) - age   3:        944 bytes,     560072 total
[2025-08-28T13:03:11.079+0000][1088462][trace][gc,age      ] GC(55) - age   4:       4472 bytes,     564544 total
[2025-08-28T13:03:11.079+0000][1088462][trace][gc,age      ] GC(55) - age   5:        360 bytes,     564904 total
[2025-08-28T13:03:11.079+0000][1088462][trace][gc,age      ] GC(55) - age   6:       4040 bytes,     568944 total
[2025-08-28T13:03:11.079+0000][1088462][info ][gc,heap     ] GC(55) Eden regions: 75->0(75)
[2025-08-28T13:03:11.079+0000][1088462][info ][gc,heap     ] GC(55) Survivor regions: 1->1(10)
[2025-08-28T13:03:11.079+0000][1088462][info ][gc,heap     ] GC(55) Old regions: 29->29
[2025-08-28T13:03:11.079+0000][1088462][info ][gc,heap     ] GC(55) Humongous regions: 0->0
[2025-08-28T13:03:11.079+0000][1088462][info ][gc,metaspace] GC(55) Metaspace: 139764K(143616K)->139764K(143616K) NonClass: 120783K(122816K)->120783K(122816K) Class: 18980K(20800K)->18980K(20800K)
[2025-08-28T13:03:11.079+0000][1088462][info ][gc          ] GC(55) Pause Young (Normal) (G1 Evacuation Pause) 413M->113M(512M) 2.102ms
[2025-08-28T13:03:11.079+0000][1088462][info ][gc,cpu      ] GC(55) User=0.01s Sys=0.00s Real=0.00s
[2025-08-28T13:03:11.079+0000][1088462][info ][safepoint   ] Safepoint "G1CollectForAllocation", Time since last: 2035011200 ns, Reaching safepoint: 25689 ns, Cleanup: 5007 ns, At safepoint: 2215970 ns, Total: 2246666 ns
[2025-08-28T13:03:13.079+0000][1088462][info ][safepoint   ] Safepoint "Cleanup", Time since last: 2000157101 ns, Reaching safepoint: 60591 ns, Cleanup: 14312 ns, At safepoint: 5478 ns, Total: 80381 ns
[2025-08-28T13:03:14.079+0000][1088462][info ][safepoint   ] Safepoint "Cleanup", Time since last: 1000113202 ns, Reaching safepoint: 25519 ns, Cleanup: 16444 ns, At safepoint: 3455 ns, Total: 45418 ns
[2025-08-28T13:03:17.080+0000][1088462][info ][safepoint   ] Safepoint "Cleanup", Time since last: 3000217965 ns, Reaching safepoint: 26289 ns, Cleanup: 15093 ns, At safepoint: 3155 ns, Total: 44537 ns
[2025-08-28T13:03:17.114+0000][1088462][info ][gc,start    ] GC(56) Pause Young (Normal) (G1 Evacuation Pause)
[2025-08-28T13:03:17.114+0000][1088462][info ][gc,task     ] GC(56) Using 12 workers of 33 for evacuation
[2025-08-28T13:03:17.114+0000][1088462][debug][gc,age      ] GC(56) Desired survivor size 20971520 bytes, new threshold 15 (max threshold 15)
[2025-08-28T13:03:17.116+0000][1088462][info ][gc,phases   ] GC(56)   Pre Evacuate Collection Set: 0.2ms
[2025-08-28T13:03:17.116+0000][1088462][info ][gc,phases   ] GC(56)   Merge Heap Roots: 0.1ms
[2025-08-28T13:03:17.116+0000][1088462][info ][gc,phases   ] GC(56)   Evacuate Collection Set: 1.3ms
[2025-08-28T13:03:17.116+0000][1088462][info ][gc,phases   ] GC(56)   Post Evacuate Collection Set: 0.4ms
[2025-08-28T13:03:17.116+0000][1088462][info ][gc,phases   ] GC(56)   Other: 0.1ms
[2025-08-28T13:03:17.116+0000][1088462][trace][gc,age      ] GC(56) Age table with threshold 15 (max threshold 15)
[2025-08-28T13:03:17.116+0000][1088462][trace][gc,age      ] GC(56) - age   1:     540112 bytes,     540112 total
[2025-08-28T13:03:17.116+0000][1088462][trace][gc,age      ] GC(56) - age   2:       2640 bytes,     542752 total
[2025-08-28T13:03:17.116+0000][1088462][trace][gc,age      ] GC(56) - age   3:      16376 bytes,     559128 total
[2025-08-28T13:03:17.116+0000][1088462][trace][gc,age      ] GC(56) - age   4:        944 bytes,     560072 total
[2025-08-28T13:03:17.116+0000][1088462][trace][gc,age      ] GC(56) - age   5:       4472 bytes,     564544 total
[2025-08-28T13:03:17.116+0000][1088462][trace][gc,age      ] GC(56) - age   6:        360 bytes,     564904 total
[2025-08-28T13:03:17.116+0000][1088462][trace][gc,age      ] GC(56) - age   7:       4040 bytes,     568944 total
[2025-08-28T13:03:17.116+0000][1088462][info ][gc,heap     ] GC(56) Eden regions: 75->0(75)
[2025-08-28T13:03:17.116+0000][1088462][info ][gc,heap     ] GC(56) Survivor regions: 1->1(10)
[2025-08-28T13:03:17.116+0000][1088462][info ][gc,heap     ] GC(56) Old regions: 29->29
[2025-08-28T13:03:17.116+0000][1088462][info ][gc,heap     ] GC(56) Humongous regions: 0->0
[2025-08-28T13:03:17.116+0000][1088462][info ][gc,metaspace] GC(56) Metaspace: 139764K(143616K)->139764K(143616K) NonClass: 120783K(122816K)->120783K(122816K) Class: 18980K(20800K)->18980K(20800K)
[2025-08-28T13:03:17.116+0000][1088462][info ][gc          ] GC(56) Pause Young (Normal) (G1 Evacuation Pause) 413M->113M(512M) 2.115ms
[2025-08-28T13:03:17.116+0000][1088462][info ][gc,cpu      ] GC(56) User=0.01s Sys=0.00s Real=0.00s
[2025-08-28T13:03:17.116+0000][1088462][info ][safepoint   ] Safepoint "G1CollectForAllocation", Time since last: 34448417 ns, Reaching safepoint: 15783 ns, Cleanup: 3155 ns, At safepoint: 2227828 ns, Total: 2246766 ns
[2025-08-28T13:03:22.117+0000][1088462][info ][safepoint   ] Safepoint "Cleanup", Time since last: 5000304859 ns, Reaching safepoint: 59640 ns, Cleanup: 39259 ns, At safepoint: 2955 ns, Total: 101854 ns
[2025-08-28T13:03:23.152+0000][1088462][info ][gc,start    ] GC(57) Pause Young (Normal) (G1 Evacuation Pause)
[2025-08-28T13:03:23.152+0000][1088462][info ][gc,task     ] GC(57) Using 12 workers of 33 for evacuation
[2025-08-28T13:03:23.152+0000][1088462][debug][gc,age      ] GC(57) Desired survivor size 20971520 bytes, new threshold 15 (max threshold 15)
[2025-08-28T13:03:23.154+0000][1088462][info ][gc,phases   ] GC(57)   Pre Evacuate Collection Set: 0.2ms
[2025-08-28T13:03:23.154+0000][1088462][info ][gc,phases   ] GC(57)   Merge Heap Roots: 0.1ms
[2025-08-28T13:03:23.154+0000][1088462][info ][gc,phases   ] GC(57)   Evacuate Collection Set: 1.3ms
[2025-08-28T13:03:23.154+0000][1088462][info ][gc,phases   ] GC(57)   Post Evacuate Collection Set: 0.4ms
[2025-08-28T13:03:23.154+0000][1088462][info ][gc,phases   ] GC(57)   Other: 0.1ms
[2025-08-28T13:03:23.154+0000][1088462][trace][gc,age      ] GC(57) Age table with threshold 15 (max threshold 15)
[2025-08-28T13:03:23.154+0000][1088462][trace][gc,age      ] GC(57) - age   1:     541232 bytes,     541232 total
[2025-08-28T13:03:23.154+0000][1088462][trace][gc,age      ] GC(57) - age   2:         32 bytes,     541264 total
[2025-08-28T13:03:23.154+0000][1088462][trace][gc,age      ] GC(57) - age   3:       2640 bytes,     543904 total
[2025-08-28T13:03:23.154+0000][1088462][trace][gc,age      ] GC(57) - age   4:      15896 bytes,     559800 total
[2025-08-28T13:03:23.154+0000][1088462][trace][gc,age      ] GC(57) - age   5:        944 bytes,     560744 total
[2025-08-28T13:03:23.154+0000][1088462][trace][gc,age      ] GC(57) - age   6:       4472 bytes,     565216 total
[2025-08-28T13:03:23.154+0000][1088462][trace][gc,age      ] GC(57) - age   7:        360 bytes,     565576 total
[2025-08-28T13:03:23.154+0000][1088462][trace][gc,age      ] GC(57) - age   8:       4040 bytes,     569616 total
[2025-08-28T13:03:23.154+0000][1088462][info ][gc,heap     ] GC(57) Eden regions: 75->0(75)
[2025-08-28T13:03:23.154+0000][1088462][info ][gc,heap     ] GC(57) Survivor regions: 1->1(10)
[2025-08-28T13:03:23.154+0000][1088462][info ][gc,heap     ] GC(57) Old regions: 29->29
[2025-08-28T13:03:23.154+0000][1088462][info ][gc,heap     ] GC(57) Humongous regions: 0->0
[2025-08-28T13:03:23.154+0000][1088462][info ][gc,metaspace] GC(57) Metaspace: 139767K(143616K)->139767K(143616K) NonClass: 120786K(122816K)->120786K(122816K) Class: 18980K(20800K)->18980K(20800K)
[2025-08-28T13:03:23.154+0000][1088462][info ][gc          ] GC(57) Pause Young (Normal) (G1 Evacuation Pause) 413M->113M(512M) 2.146ms
[2025-08-28T13:03:23.154+0000][1088462][info ][gc,cpu      ] GC(57) User=0.01s Sys=0.00s Real=0.00s
[2025-08-28T13:03:23.154+0000][1088462][info ][safepoint   ] Safepoint "G1CollectForAllocation", Time since last: 1034796702 ns, Reaching safepoint: 25789 ns, Cleanup: 24386 ns, At safepoint: 2258084 ns, Total: 2308259 ns
[2025-08-28T13:03:27.767+0000][1088462][info ][gc,start    ] GC(58) Pause Young (Normal) (G1 Evacuation Pause)
[2025-08-28T13:03:27.767+0000][1088462][info ][gc,task     ] GC(58) Using 12 workers of 33 for evacuation
[2025-08-28T13:03:27.767+0000][1088462][debug][gc,age      ] GC(58) Desired survivor size 20971520 bytes, new threshold 15 (max threshold 15)
[2025-08-28T13:03:27.769+0000][1088462][info ][gc,phases   ] GC(58)   Pre Evacuate Collection Set: 0.2ms
[2025-08-28T13:03:27.769+0000][1088462][info ][gc,phases   ] GC(58)   Merge Heap Roots: 0.1ms
[2025-08-28T13:03:27.769+0000][1088462][info ][gc,phases   ] GC(58)   Evacuate Collection Set: 1.2ms
[2025-08-28T13:03:27.769+0000][1088462][info ][gc,phases   ] GC(58)   Post Evacuate Collection Set: 0.4ms
[2025-08-28T13:03:27.769+0000][1088462][info ][gc,phases   ] GC(58)   Other: 0.1ms
[2025-08-28T13:03:27.769+0000][1088462][trace][gc,age      ] GC(58) Age table with threshold 15 (max threshold 15)
[2025-08-28T13:03:27.769+0000][1088462][trace][gc,age      ] GC(58) - age   1:     539840 bytes,     539840 total
[2025-08-28T13:03:27.769+0000][1088462][trace][gc,age      ] GC(58) - age   2:       1368 bytes,     541208 total
[2025-08-28T13:03:27.769+0000][1088462][trace][gc,age      ] GC(58) - age   3:         32 bytes,     541240 total
[2025-08-28T13:03:27.769+0000][1088462][trace][gc,age      ] GC(58) - age   4:       2640 bytes,     543880 total
[2025-08-28T13:03:27.769+0000][1088462][trace][gc,age      ] GC(58) - age   5:      15736 bytes,     559616 total
[2025-08-28T13:03:27.769+0000][1088462][trace][gc,age      ] GC(58) - age   6:        944 bytes,     560560 total
[2025-08-28T13:03:27.769+0000][1088462][trace][gc,age      ] GC(58) - age   7:       4472 bytes,     565032 total
[2025-08-28T13:03:27.769+0000][1088462][trace][gc,age      ] GC(58) - age   8:        360 bytes,     565392 total
[2025-08-28T13:03:27.769+0000][1088462][trace][gc,age      ] GC(58) - age   9:       4040 bytes,     569432 total
[2025-08-28T13:03:27.769+0000][1088462][info ][gc,heap     ] GC(58) Eden regions: 75->0(75)
[2025-08-28T13:03:27.769+0000][1088462][info ][gc,heap     ] GC(58) Survivor regions: 1->1(10)
[2025-08-28T13:03:27.769+0000][1088462][info ][gc,heap     ] GC(58) Old regions: 29->29
[2025-08-28T13:03:27.769+0000][1088462][info ][gc,heap     ] GC(58) Humongous regions: 0->0
[2025-08-28T13:03:27.769+0000][1088462][info ][gc,metaspace] GC(58) Metaspace: 139770K(143616K)->139770K(143616K) NonClass: 120789K(122816K)->120789K(122816K) Class: 18980K(20800K)->18980K(20800K)
[2025-08-28T13:03:27.769+0000][1088462][info ][gc          ] GC(58) Pause Young (Normal) (G1 Evacuation Pause) 413M->113M(512M) 2.048ms
[2025-08-28T13:03:27.769+0000][1088462][info ][gc,cpu      ] GC(58) User=0.01s Sys=0.00s Real=0.00s
[2025-08-28T13:03:27.769+0000][1088462][info ][safepoint   ] Safepoint "G1CollectForAllocation", Time since last: 4612731720 ns, Reaching safepoint: 60731 ns, Cleanup: 5067 ns, At safepoint: 2157753 ns, Total: 2223551 ns
[2025-08-28T13:03:33.804+0000][1088462][info ][gc,start    ] GC(59) Pause Young (Normal) (G1 Evacuation Pause)
[2025-08-28T13:03:33.804+0000][1088462][info ][gc,task     ] GC(59) Using 12 workers of 33 for evacuation
[2025-08-28T13:03:33.804+0000][1088462][debug][gc,age      ] GC(59) Desired survivor size 20971520 bytes, new threshold 15 (max threshold 15)
[2025-08-28T13:03:33.806+0000][1088462][info ][gc,phases   ] GC(59)   Pre Evacuate Collection Set: 0.2ms
[2025-08-28T13:03:33.806+0000][1088462][info ][gc,phases   ] GC(59)   Merge Heap Roots: 0.1ms
[2025-08-28T13:03:33.806+0000][1088462][info ][gc,phases   ] GC(59)   Evacuate Collection Set: 1.4ms
[2025-08-28T13:03:33.806+0000][1088462][info ][gc,phases   ] GC(59)   Post Evacuate Collection Set: 0.4ms
[2025-08-28T13:03:33.806+0000][1088462][info ][gc,phases   ] GC(59)   Other: 0.1ms
[2025-08-28T13:03:33.806+0000][1088462][trace][gc,age      ] GC(59) Age table with threshold 15 (max threshold 15)
[2025-08-28T13:03:33.806+0000][1088462][trace][gc,age      ] GC(59) - age   1:    1188904 bytes,    1188904 total
[2025-08-28T13:03:33.806+0000][1088462][trace][gc,age      ] GC(59) - age   3:        560 bytes,    1189464 total
[2025-08-28T13:03:33.806+0000][1088462][trace][gc,age      ] GC(59) - age   4:         32 bytes,    1189496 total
[2025-08-28T13:03:33.806+0000][1088462][trace][gc,age      ] GC(59) - age   5:       2640 bytes,    1192136 total
[2025-08-28T13:03:33.806+0000][1088462][trace][gc,age      ] GC(59) - age   6:      13904 bytes,    1206040 total
[2025-08-28T13:03:33.806+0000][1088462][trace][gc,age      ] GC(59) - age   7:        944 bytes,    1206984 total
[2025-08-28T13:03:33.806+0000][1088462][trace][gc,age      ] GC(59) - age   8:       4472 bytes,    1211456 total
[2025-08-28T13:03:33.806+0000][1088462][trace][gc,age      ] GC(59) - age   9:        360 bytes,    1211816 total
[2025-08-28T13:03:33.806+0000][1088462][trace][gc,age      ] GC(59) - age  10:       4040 bytes,    1215856 total
[2025-08-28T13:03:33.806+0000][1088462][info ][gc,heap     ] GC(59) Eden regions: 75->0(75)
[2025-08-28T13:03:33.806+0000][1088462][info ][gc,heap     ] GC(59) Survivor regions: 1->1(10)
[2025-08-28T13:03:33.806+0000][1088462][info ][gc,heap     ] GC(59) Old regions: 29->29
[2025-08-28T13:03:33.806+0000][1088462][info ][gc,heap     ] GC(59) Humongous regions: 0->0
[2025-08-28T13:03:33.806+0000][1088462][info ][gc,metaspace] GC(59) Metaspace: 139771K(143616K)->139771K(143616K) NonClass: 120791K(122816K)->120791K(122816K) Class: 18980K(20800K)->18980K(20800K)
[2025-08-28T13:03:33.806+0000][1088462][info ][gc          ] GC(59) Pause Young (Normal) (G1 Evacuation Pause) 413M->114M(512M) 2.242ms
[2025-08-28T13:03:33.806+0000][1088462][info ][gc,cpu      ] GC(59) User=0.01s Sys=0.00s Real=0.00s
[2025-08-28T13:03:33.806+0000][1088462][info ][safepoint   ] Safepoint "G1CollectForAllocation", Time since last: 6035080951 ns, Reaching safepoint: 60811 ns, Cleanup: 5278 ns, At safepoint: 2352676 ns, Total: 2418765 ns
[2025-08-28T13:03:37.807+0000][1088462][info ][safepoint   ] Safepoint "Cleanup", Time since last: 4000324216 ns, Reaching safepoint: 26520 ns, Cleanup: 25018 ns, At safepoint: 3375 ns, Total: 54913 ns
[2025-08-28T13:03:40.005+0000][1088462][info ][gc,start    ] GC(60) Pause Young (Normal) (G1 Evacuation Pause)
[2025-08-28T13:03:40.005+0000][1088462][info ][gc,task     ] GC(60) Using 12 workers of 33 for evacuation
[2025-08-28T13:03:40.005+0000][1088462][debug][gc,age      ] GC(60) Desired survivor size 20971520 bytes, new threshold 15 (max threshold 15)
[2025-08-28T13:03:40.007+0000][1088462][info ][gc,phases   ] GC(60)   Pre Evacuate Collection Set: 0.2ms
[2025-08-28T13:03:40.007+0000][1088462][info ][gc,phases   ] GC(60)   Merge Heap Roots: 0.1ms
[2025-08-28T13:03:40.007+0000][1088462][info ][gc,phases   ] GC(60)   Evacuate Collection Set: 1.5ms
[2025-08-28T13:03:40.007+0000][1088462][info ][gc,phases   ] GC(60)   Post Evacuate Collection Set: 0.4ms
[2025-08-28T13:03:40.007+0000][1088462][info ][gc,phases   ] GC(60)   Other: 0.1ms
[2025-08-28T13:03:40.007+0000][1088462][trace][gc,age      ] GC(60) Age table with threshold 15 (max threshold 15)
[2025-08-28T13:03:40.007+0000][1088462][trace][gc,age      ] GC(60) - age   1:     551024 bytes,     551024 total
[2025-08-28T13:03:40.007+0000][1088462][trace][gc,age      ] GC(60) - age   2:       2744 bytes,     553768 total
[2025-08-28T13:03:40.007+0000][1088462][trace][gc,age      ] GC(60) - age   4:        560 bytes,     554328 total
[2025-08-28T13:03:40.007+0000][1088462][trace][gc,age      ] GC(60) - age   5:         32 bytes,     554360 total
[2025-08-28T13:03:40.007+0000][1088462][trace][gc,age      ] GC(60) - age   6:       2640 bytes,     557000 total
[2025-08-28T13:03:40.007+0000][1088462][trace][gc,age      ] GC(60) - age   7:       3904 bytes,     560904 total
[2025-08-28T13:03:40.007+0000][1088462][trace][gc,age      ] GC(60) - age   8:        944 bytes,     561848 total
[2025-08-28T13:03:40.007+0000][1088462][trace][gc,age      ] GC(60) - age   9:       4472 bytes,     566320 total
[2025-08-28T13:03:40.007+0000][1088462][trace][gc,age      ] GC(60) - age  10:        360 bytes,     566680 total
[2025-08-28T13:03:40.007+0000][1088462][trace][gc,age      ] GC(60) - age  11:       4008 bytes,     570688 total
[2025-08-28T13:03:40.007+0000][1088462][info ][gc,heap     ] GC(60) Eden regions: 75->0(75)
[2025-08-28T13:03:40.007+0000][1088462][info ][gc,heap     ] GC(60) Survivor regions: 1->1(10)
[2025-08-28T13:03:40.007+0000][1088462][info ][gc,heap     ] GC(60) Old regions: 29->29
[2025-08-28T13:03:40.007+0000][1088462][info ][gc,heap     ] GC(60) Humongous regions: 0->0
[2025-08-28T13:03:40.007+0000][1088462][info ][gc,metaspace] GC(60) Metaspace: 139797K(143680K)->139797K(143680K) NonClass: 120815K(122880K)->120815K(122880K) Class: 18981K(20800K)->18981K(20800K)
[2025-08-28T13:03:40.007+0000][1088462][info ][gc          ] GC(60) Pause Young (Normal) (G1 Evacuation Pause) 414M->113M(512M) 2.373ms
[2025-08-28T13:03:40.007+0000][1088462][info ][gc,cpu      ] GC(60) User=0.01s Sys=0.00s Real=0.00s
[2025-08-28T13:03:40.007+0000][1088462][info ][safepoint   ] Safepoint "G1CollectForAllocation", Time since last: 2197957131 ns, Reaching safepoint: 61572 ns, Cleanup: 5188 ns, At safepoint: 2485085 ns, Total: 2551845 ns
[2025-08-28T13:03:42.007+0000][1088462][info ][safepoint   ] Safepoint "Cleanup", Time since last: 2000152884 ns, Reaching safepoint: 26270 ns, Cleanup: 15313 ns, At safepoint: 3194 ns, Total: 44777 ns
[2025-08-28T13:03:44.008+0000][1088462][info ][safepoint   ] Safepoint "Cleanup", Time since last: 2000160636 ns, Reaching safepoint: 59790 ns, Cleanup: 14983 ns, At safepoint: 6590 ns, Total: 81363 ns
[2025-08-28T13:03:45.008+0000][1088462][info ][safepoint   ] Safepoint "Cleanup", Time since last: 1000090959 ns, Reaching safepoint: 20120 ns, Cleanup: 7131 ns, At safepoint: 3104 ns, Total: 30355 ns
[2025-08-28T13:03:45.992+0000][1088462][info ][gc,start    ] GC(61) Pause Young (Normal) (G1 Evacuation Pause)
[2025-08-28T13:03:45.992+0000][1088462][info ][gc,task     ] GC(61) Using 12 workers of 33 for evacuation
[2025-08-28T13:03:45.992+0000][1088462][debug][gc,age      ] GC(61) Desired survivor size 20971520 bytes, new threshold 15 (max threshold 15)
[2025-08-28T13:03:45.994+0000][1088462][info ][gc,phases   ] GC(61)   Pre Evacuate Collection Set: 0.2ms
[2025-08-28T13:03:45.994+0000][1088462][info ][gc,phases   ] GC(61)   Merge Heap Roots: 0.0ms
[2025-08-28T13:03:45.994+0000][1088462][info ][gc,phases   ] GC(61)   Evacuate Collection Set: 1.4ms
[2025-08-28T13:03:45.994+0000][1088462][info ][gc,phases   ] GC(61)   Post Evacuate Collection Set: 0.3ms
[2025-08-28T13:03:45.994+0000][1088462][info ][gc,phases   ] GC(61)   Other: 0.1ms
[2025-08-28T13:03:45.994+0000][1088462][trace][gc,age      ] GC(61) Age table with threshold 15 (max threshold 15)
[2025-08-28T13:03:45.994+0000][1088462][trace][gc,age      ] GC(61) - age   1:     540440 bytes,     540440 total
[2025-08-28T13:03:45.994+0000][1088462][trace][gc,age      ] GC(61) - age   2:      10888 bytes,     551328 total
[2025-08-28T13:03:45.994+0000][1088462][trace][gc,age      ] GC(61) - age   3:       2504 bytes,     553832 total
[2025-08-28T13:03:45.994+0000][1088462][trace][gc,age      ] GC(61) - age   5:        560 bytes,     554392 total
[2025-08-28T13:03:45.994+0000][1088462][trace][gc,age      ] GC(61) - age   6:         32 bytes,     554424 total
[2025-08-28T13:03:45.994+0000][1088462][trace][gc,age      ] GC(61) - age   7:       2640 bytes,     557064 total
[2025-08-28T13:03:45.994+0000][1088462][trace][gc,age      ] GC(61) - age   8:       3680 bytes,     560744 total
[2025-08-28T13:03:45.994+0000][1088462][trace][gc,age      ] GC(61) - age   9:        944 bytes,     561688 total
[2025-08-28T13:03:45.994+0000][1088462][trace][gc,age      ] GC(61) - age  10:       4472 bytes,     566160 total
[2025-08-28T13:03:45.994+0000][1088462][trace][gc,age      ] GC(61) - age  11:        360 bytes,     566520 total
[2025-08-28T13:03:45.994+0000][1088462][trace][gc,age      ] GC(61) - age  12:       4008 bytes,     570528 total
[2025-08-28T13:03:45.994+0000][1088462][info ][gc,heap     ] GC(61) Eden regions: 75->0(75)
[2025-08-28T13:03:45.994+0000][1088462][info ][gc,heap     ] GC(61) Survivor regions: 1->1(10)
[2025-08-28T13:03:45.994+0000][1088462][info ][gc,heap     ] GC(61) Old regions: 29->29
[2025-08-28T13:03:45.994+0000][1088462][info ][gc,heap     ] GC(61) Humongous regions: 0->0
[2025-08-28T13:03:45.994+0000][1088462][info ][gc,metaspace] GC(61) Metaspace: 139800K(143680K)->139800K(143680K) NonClass: 120819K(122880K)->120819K(122880K) Class: 18981K(20800K)->18981K(20800K)
[2025-08-28T13:03:45.994+0000][1088462][info ][gc          ] GC(61) Pause Young (Normal) (G1 Evacuation Pause) 413M->113M(512M) 2.126ms
[2025-08-28T13:03:45.994+0000][1088462][info ][gc,cpu      ] GC(61) User=0.01s Sys=0.00s Real=0.00s
[2025-08-28T13:03:45.994+0000][1088462][info ][safepoint   ] Safepoint "G1CollectForAllocation", Time since last: 984369384 ns, Reaching safepoint: 20431 ns, Cleanup: 3154 ns, At safepoint: 2239095 ns, Total: 2262680 ns
[2025-08-28T13:03:49.995+0000][1088462][info ][safepoint   ] Safepoint "Cleanup", Time since last: 4000261072 ns, Reaching safepoint: 50686 ns, Cleanup: 15623 ns, At safepoint: 5198 ns, Total: 71507 ns
[2025-08-28T13:03:51.992+0000][1088462][info ][gc,start    ] GC(62) Pause Young (Normal) (G1 Evacuation Pause)
[2025-08-28T13:03:51.992+0000][1088462][info ][gc,task     ] GC(62) Using 12 workers of 33 for evacuation
[2025-08-28T13:03:51.992+0000][1088462][debug][gc,age      ] GC(62) Desired survivor size 20971520 bytes, new threshold 15 (max threshold 15)
[2025-08-28T13:03:51.995+0000][1088462][info ][gc,phases   ] GC(62)   Pre Evacuate Collection Set: 0.2ms
[2025-08-28T13:03:51.995+0000][1088462][info ][gc,phases   ] GC(62)   Merge Heap Roots: 0.1ms
[2025-08-28T13:03:51.995+0000][1088462][info ][gc,phases   ] GC(62)   Evacuate Collection Set: 1.5ms
[2025-08-28T13:03:51.995+0000][1088462][info ][gc,phases   ] GC(62)   Post Evacuate Collection Set: 0.4ms
[2025-08-28T13:03:51.995+0000][1088462][info ][gc,phases   ] GC(62)   Other: 0.1ms
[2025-08-28T13:03:51.995+0000][1088462][trace][gc,age      ] GC(62) Age table with threshold 15 (max threshold 15)
[2025-08-28T13:03:51.995+0000][1088462][trace][gc,age      ] GC(62) - age   1:     540976 bytes,     540976 total
[2025-08-28T13:03:51.995+0000][1088462][trace][gc,age      ] GC(62) - age   2:        224 bytes,     541200 total
[2025-08-28T13:03:51.995+0000][1088462][trace][gc,age      ] GC(62) - age   3:      10888 bytes,     552088 total
[2025-08-28T13:03:51.995+0000][1088462][trace][gc,age      ] GC(62) - age   4:       2056 bytes,     554144 total
[2025-08-28T13:03:51.995+0000][1088462][trace][gc,age      ] GC(62) - age   6:        560 bytes,     554704 total
[2025-08-28T13:03:51.995+0000][1088462][trace][gc,age      ] GC(62) - age   7:         32 bytes,     554736 total
[2025-08-28T13:03:51.995+0000][1088462][trace][gc,age      ] GC(62) - age   8:       2640 bytes,     557376 total
[2025-08-28T13:03:51.995+0000][1088462][trace][gc,age      ] GC(62) - age   9:       3592 bytes,     560968 total
[2025-08-28T13:03:51.995+0000][1088462][trace][gc,age      ] GC(62) - age  10:        944 bytes,     561912 total
[2025-08-28T13:03:51.995+0000][1088462][trace][gc,age      ] GC(62) - age  11:       4248 bytes,     566160 total
[2025-08-28T13:03:51.995+0000][1088462][trace][gc,age      ] GC(62) - age  12:        360 bytes,     566520 total
[2025-08-28T13:03:51.995+0000][1088462][trace][gc,age      ] GC(62) - age  13:       4008 bytes,     570528 total
[2025-08-28T13:03:51.995+0000][1088462][info ][gc,heap     ] GC(62) Eden regions: 75->0(75)
[2025-08-28T13:03:51.995+0000][1088462][info ][gc,heap     ] GC(62) Survivor regions: 1->1(10)
[2025-08-28T13:03:51.995+0000][1088462][info ][gc,heap     ] GC(62) Old regions: 29->29
[2025-08-28T13:03:51.995+0000][1088462][info ][gc,heap     ] GC(62) Humongous regions: 0->0
[2025-08-28T13:03:51.995+0000][1088462][info ][gc,metaspace] GC(62) Metaspace: 139803K(143680K)->139803K(143680K) NonClass: 120822K(122880K)->120822K(122880K) Class: 18981K(20800K)->18981K(20800K)
[2025-08-28T13:03:51.995+0000][1088462][info ][gc          ] GC(62) Pause Young (Normal) (G1 Evacuation Pause) 413M->113M(512M) 2.457ms
[2025-08-28T13:03:51.995+0000][1088462][info ][gc,cpu      ] GC(62) User=0.01s Sys=0.00s Real=0.00s
[2025-08-28T13:03:51.995+0000][1088462][info ][safepoint   ] Safepoint "G1CollectForAllocation", Time since last: 1997407549 ns, Reaching safepoint: 24787 ns, Cleanup: 16735 ns, At safepoint: 2650263 ns, Total: 2691785 ns
[2025-08-28T13:03:54.995+0000][1088462][info ][safepoint   ] Safepoint "Cleanup", Time since last: 3000263763 ns, Reaching safepoint: 59740 ns, Cleanup: 15754 ns, At safepoint: 3555 ns, Total: 79049 ns
[2025-08-28T13:03:56.510+0000][1088462][info ][gc,start    ] GC(63) Pause Young (Normal) (G1 Evacuation Pause)
[2025-08-28T13:03:56.510+0000][1088462][info ][gc,task     ] GC(63) Using 12 workers of 33 for evacuation
[2025-08-28T13:03:56.510+0000][1088462][debug][gc,age      ] GC(63) Desired survivor size 20971520 bytes, new threshold 15 (max threshold 15)
[2025-08-28T13:03:56.512+0000][1088462][info ][gc,phases   ] GC(63)   Pre Evacuate Collection Set: 0.2ms
[2025-08-28T13:03:56.512+0000][1088462][info ][gc,phases   ] GC(63)   Merge Heap Roots: 0.1ms
[2025-08-28T13:03:56.512+0000][1088462][info ][gc,phases   ] GC(63)   Evacuate Collection Set: 1.5ms
[2025-08-28T13:03:56.512+0000][1088462][info ][gc,phases   ] GC(63)   Post Evacuate Collection Set: 0.4ms
[2025-08-28T13:03:56.512+0000][1088462][info ][gc,phases   ] GC(63)   Other: 0.1ms
[2025-08-28T13:03:56.512+0000][1088462][trace][gc,age      ] GC(63) Age table with threshold 15 (max threshold 15)
[2025-08-28T13:03:56.512+0000][1088462][trace][gc,age      ] GC(63) - age   1:     540408 bytes,     540408 total
[2025-08-28T13:03:56.512+0000][1088462][trace][gc,age      ] GC(63) - age   2:        936 bytes,     541344 total
[2025-08-28T13:03:56.512+0000][1088462][trace][gc,age      ] GC(63) - age   3:        224 bytes,     541568 total
[2025-08-28T13:03:56.512+0000][1088462][trace][gc,age      ] GC(63) - age   4:      10576 bytes,     552144 total
[2025-08-28T13:03:56.512+0000][1088462][trace][gc,age      ] GC(63) - age   5:       2024 bytes,     554168 total
[2025-08-28T13:03:56.512+0000][1088462][trace][gc,age      ] GC(63) - age   7:        560 bytes,     554728 total
[2025-08-28T13:03:56.512+0000][1088462][trace][gc,age      ] GC(63) - age   8:         32 bytes,     554760 total
[2025-08-28T13:03:56.512+0000][1088462][trace][gc,age      ] GC(63) - age   9:       2640 bytes,     557400 total
[2025-08-28T13:03:56.512+0000][1088462][trace][gc,age      ] GC(63) - age  10:       3592 bytes,     560992 total
[2025-08-28T13:03:56.512+0000][1088462][trace][gc,age      ] GC(63) - age  11:        944 bytes,     561936 total
[2025-08-28T13:03:56.512+0000][1088462][trace][gc,age      ] GC(63) - age  12:       3912 bytes,     565848 total
[2025-08-28T13:03:56.512+0000][1088462][trace][gc,age      ] GC(63) - age  13:        360 bytes,     566208 total
[2025-08-28T13:03:56.512+0000][1088462][trace][gc,age      ] GC(63) - age  14:       4008 bytes,     570216 total
[2025-08-28T13:03:56.512+0000][1088462][info ][gc,heap     ] GC(63) Eden regions: 75->0(75)
[2025-08-28T13:03:56.512+0000][1088462][info ][gc,heap     ] GC(63) Survivor regions: 1->1(10)
[2025-08-28T13:03:56.512+0000][1088462][info ][gc,heap     ] GC(63) Old regions: 29->29
[2025-08-28T13:03:56.512+0000][1088462][info ][gc,heap     ] GC(63) Humongous regions: 0->0
[2025-08-28T13:03:56.512+0000][1088462][info ][gc,metaspace] GC(63) Metaspace: 139816K(143680K)->139816K(143680K) NonClass: 120835K(122880K)->120835K(122880K) Class: 18981K(20800K)->18981K(20800K)
[2025-08-28T13:03:56.512+0000][1088462][info ][gc          ] GC(63) Pause Young (Normal) (G1 Evacuation Pause) 413M->113M(512M) 2.393ms
[2025-08-28T13:03:56.512+0000][1088462][info ][gc,cpu      ] GC(63) User=0.01s Sys=0.00s Real=0.01s
[2025-08-28T13:03:56.512+0000][1088462][info ][safepoint   ] Safepoint "G1CollectForAllocation", Time since last: 1514577044 ns, Reaching safepoint: 27001 ns, Cleanup: 5187 ns, At safepoint: 2508921 ns, Total: 2541109 ns
[2025-08-28T13:03:57.512+0000][1088462][info ][safepoint   ] Safepoint "Cleanup", Time since last: 1000084449 ns, Reaching safepoint: 27661 ns, Cleanup: 14272 ns, At safepoint: 3064 ns, Total: 44997 ns
[2025-08-28T13:04:00.513+0000][1088462][info ][safepoint   ] Safepoint "Cleanup", Time since last: 3000277414 ns, Reaching safepoint: 62664 ns, Cleanup: 15183 ns, At safepoint: 6099 ns, Total: 83946 ns
[2025-08-28T13:04:02.547+0000][1088462][info ][gc,start    ] GC(64) Pause Young (Normal) (G1 Evacuation Pause)
[2025-08-28T13:04:02.547+0000][1088462][info ][gc,task     ] GC(64) Using 12 workers of 33 for evacuation
[2025-08-28T13:04:02.547+0000][1088462][debug][gc,age      ] GC(64) Desired survivor size 20971520 bytes, new threshold 15 (max threshold 15)
[2025-08-28T13:04:02.550+0000][1088462][info ][gc,phases   ] GC(64)   Pre Evacuate Collection Set: 0.2ms
[2025-08-28T13:04:02.550+0000][1088462][info ][gc,phases   ] GC(64)   Merge Heap Roots: 0.1ms
[2025-08-28T13:04:02.550+0000][1088462][info ][gc,phases   ] GC(64)   Evacuate Collection Set: 1.4ms
[2025-08-28T13:04:02.550+0000][1088462][info ][gc,phases   ] GC(64)   Post Evacuate Collection Set: 0.4ms
[2025-08-28T13:04:02.550+0000][1088462][info ][gc,phases   ] GC(64)   Other: 0.1ms
[2025-08-28T13:04:02.550+0000][1088462][trace][gc,age      ] GC(64) Age table with threshold 15 (max threshold 15)
[2025-08-28T13:04:02.550+0000][1088462][trace][gc,age      ] GC(64) - age   1:     543600 bytes,     543600 total
[2025-08-28T13:04:02.550+0000][1088462][trace][gc,age      ] GC(64) - age   2:        336 bytes,     543936 total
[2025-08-28T13:04:02.550+0000][1088462][trace][gc,age      ] GC(64) - age   3:        224 bytes,     544160 total
[2025-08-28T13:04:02.550+0000][1088462][trace][gc,age      ] GC(64) - age   4:        224 bytes,     544384 total
[2025-08-28T13:04:02.550+0000][1088462][trace][gc,age      ] GC(64) - age   5:      10576 bytes,     554960 total
[2025-08-28T13:04:02.550+0000][1088462][trace][gc,age      ] GC(64) - age   6:        928 bytes,     555888 total
[2025-08-28T13:04:02.550+0000][1088462][trace][gc,age      ] GC(64) - age   8:        560 bytes,     556448 total
[2025-08-28T13:04:02.550+0000][1088462][trace][gc,age      ] GC(64) - age   9:         32 bytes,     556480 total
[2025-08-28T13:04:02.550+0000][1088462][trace][gc,age      ] GC(64) - age  10:       2640 bytes,     559120 total
[2025-08-28T13:04:02.550+0000][1088462][trace][gc,age      ] GC(64) - age  11:       2888 bytes,     562008 total
[2025-08-28T13:04:02.550+0000][1088462][trace][gc,age      ] GC(64) - age  12:        944 bytes,     562952 total
[2025-08-28T13:04:02.550+0000][1088462][trace][gc,age      ] GC(64) - age  13:       3912 bytes,     566864 total
[2025-08-28T13:04:02.550+0000][1088462][trace][gc,age      ] GC(64) - age  14:        360 bytes,     567224 total
[2025-08-28T13:04:02.550+0000][1088462][trace][gc,age      ] GC(64) - age  15:       4008 bytes,     571232 total
[2025-08-28T13:04:02.550+0000][1088462][info ][gc,heap     ] GC(64) Eden regions: 75->0(75)
[2025-08-28T13:04:02.550+0000][1088462][info ][gc,heap     ] GC(64) Survivor regions: 1->1(10)
[2025-08-28T13:04:02.550+0000][1088462][info ][gc,heap     ] GC(64) Old regions: 29->29
[2025-08-28T13:04:02.550+0000][1088462][info ][gc,heap     ] GC(64) Humongous regions: 0->0
[2025-08-28T13:04:02.550+0000][1088462][info ][gc,metaspace] GC(64) Metaspace: 139861K(143744K)->139861K(143744K) NonClass: 120880K(122944K)->120880K(122944K) Class: 18981K(20800K)->18981K(20800K)
[2025-08-28T13:04:02.550+0000][1088462][info ][gc          ] GC(64) Pause Young (Normal) (G1 Evacuation Pause) 413M->113M(512M) 2.284ms
[2025-08-28T13:04:02.550+0000][1088462][info ][gc,cpu      ] GC(64) User=0.01s Sys=0.00s Real=0.00s
[2025-08-28T13:04:02.550+0000][1088462][info ][safepoint   ] Safepoint "G1CollectForAllocation", Time since last: 2034465227 ns, Reaching safepoint: 27431 ns, Cleanup: 4988 ns, At safepoint: 2402500 ns, Total: 2434919 ns
[2025-08-28T13:04:03.550+0000][1088462][info ][safepoint   ] Safepoint "Cleanup", Time since last: 1000108545 ns, Reaching safepoint: 27291 ns, Cleanup: 75283 ns, At safepoint: 3185 ns, Total: 105759 ns
[2025-08-28T13:04:04.550+0000][1088462][info ][safepoint   ] Safepoint "Cleanup", Time since last: 1000125481 ns, Reaching safepoint: 284207 ns, Cleanup: 55594 ns, At safepoint: 6780 ns, Total: 346581 ns
[2025-08-28T13:04:05.004+0000][1088462][info ][gc,start    ] GC(65) Pause Young (Normal) (G1 Evacuation Pause)
[2025-08-28T13:04:05.004+0000][1088462][info ][gc,task     ] GC(65) Using 12 workers of 33 for evacuation
[2025-08-28T13:04:05.004+0000][1088462][debug][gc,age      ] GC(65) Desired survivor size 20971520 bytes, new threshold 15 (max threshold 15)
[2025-08-28T13:04:05.007+0000][1088462][info ][gc,phases   ] GC(65)   Pre Evacuate Collection Set: 0.2ms
[2025-08-28T13:04:05.007+0000][1088462][info ][gc,phases   ] GC(65)   Merge Heap Roots: 0.1ms
[2025-08-28T13:04:05.007+0000][1088462][info ][gc,phases   ] GC(65)   Evacuate Collection Set: 2.5ms
[2025-08-28T13:04:05.007+0000][1088462][info ][gc,phases   ] GC(65)   Post Evacuate Collection Set: 0.5ms
[2025-08-28T13:04:05.007+0000][1088462][info ][gc,phases   ] GC(65)   Other: 0.1ms
[2025-08-28T13:04:05.007+0000][1088462][trace][gc,age      ] GC(65) Age table with threshold 15 (max threshold 15)
[2025-08-28T13:04:05.007+0000][1088462][trace][gc,age      ] GC(65) - age   1:   23641792 bytes,   23641792 total
[2025-08-28T13:04:05.007+0000][1088462][trace][gc,age      ] GC(65) - age   2:       3672 bytes,   23645464 total
[2025-08-28T13:04:05.007+0000][1088462][trace][gc,age      ] GC(65) - age   3:        112 bytes,   23645576 total
[2025-08-28T13:04:05.007+0000][1088462][trace][gc,age      ] GC(65) - age   4:        224 bytes,   23645800 total
[2025-08-28T13:04:05.007+0000][1088462][trace][gc,age      ] GC(65) - age   5:        224 bytes,   23646024 total
[2025-08-28T13:04:05.007+0000][1088462][trace][gc,age      ] GC(65) - age   6:      10576 bytes,   23656600 total
[2025-08-28T13:04:05.007+0000][1088462][trace][gc,age      ] GC(65) - age   7:        192 bytes,   23656792 total
[2025-08-28T13:04:05.007+0000][1088462][trace][gc,age      ] GC(65) - age   9:        560 bytes,   23657352 total
[2025-08-28T13:04:05.007+0000][1088462][trace][gc,age      ] GC(65) - age  10:         32 bytes,   23657384 total
[2025-08-28T13:04:05.007+0000][1088462][trace][gc,age      ] GC(65) - age  11:       2640 bytes,   23660024 total
[2025-08-28T13:04:05.007+0000][1088462][trace][gc,age      ] GC(65) - age  12:       2888 bytes,   23662912 total
[2025-08-28T13:04:05.007+0000][1088462][trace][gc,age      ] GC(65) - age  13:        944 bytes,   23663856 total
[2025-08-28T13:04:05.007+0000][1088462][trace][gc,age      ] GC(65) - age  14:       3912 bytes,   23667768 total
[2025-08-28T13:04:05.007+0000][1088462][trace][gc,age      ] GC(65) - age  15:        360 bytes,   23668128 total
[2025-08-28T13:04:05.007+0000][1088462][info ][gc,heap     ] GC(65) Eden regions: 75->0(70)
[2025-08-28T13:04:05.007+0000][1088462][info ][gc,heap     ] GC(65) Survivor regions: 1->6(10)
[2025-08-28T13:04:05.007+0000][1088462][info ][gc,heap     ] GC(65) Old regions: 29->29
[2025-08-28T13:04:05.007+0000][1088462][info ][gc,heap     ] GC(65) Humongous regions: 0->0
[2025-08-28T13:04:05.007+0000][1088462][info ][gc,metaspace] GC(65) Metaspace: 139903K(143744K)->139903K(143744K) NonClass: 120920K(122944K)->120920K(122944K) Class: 18982K(20800K)->18982K(20800K)
[2025-08-28T13:04:05.007+0000][1088462][info ][gc          ] GC(65) Pause Young (Normal) (G1 Evacuation Pause) 413M->135M(512M) 3.637ms
[2025-08-28T13:04:05.007+0000][1088462][info ][gc,cpu      ] GC(65) User=0.02s Sys=0.01s Real=0.00s
[2025-08-28T13:04:05.007+0000][1088462][info ][safepoint   ] Safepoint "G1CollectForAllocation", Time since last: 453326528 ns, Reaching safepoint: 27932 ns, Cleanup: 17877 ns, At safepoint: 3757767 ns, Total: 3803576 ns
[2025-08-28T13:04:06.008+0000][1088462][info ][safepoint   ] Safepoint "Cleanup", Time since last: 1000100103 ns, Reaching safepoint: 26780 ns, Cleanup: 29474 ns, At safepoint: 3005 ns, Total: 59259 ns
[2025-08-28T13:04:07.008+0000][1088462][info ][safepoint   ] Safepoint "Cleanup", Time since last: 1000098851 ns, Reaching safepoint: 27000 ns, Cleanup: 20471 ns, At safepoint: 2965 ns, Total: 50436 ns
[2025-08-28T13:04:07.650+0000][1088462][info ][gc,start    ] GC(66) Pause Young (Normal) (G1 Evacuation Pause)
[2025-08-28T13:04:07.650+0000][1088462][info ][gc,task     ] GC(66) Using 12 workers of 33 for evacuation
[2025-08-28T13:04:07.650+0000][1088462][debug][gc,age      ] GC(66) Desired survivor size 20971520 bytes, new threshold 1 (max threshold 15)
[2025-08-28T13:04:07.653+0000][1088462][info ][gc,phases   ] GC(66)   Pre Evacuate Collection Set: 0.2ms
[2025-08-28T13:04:07.653+0000][1088462][info ][gc,phases   ] GC(66)   Merge Heap Roots: 0.2ms
[2025-08-28T13:04:07.653+0000][1088462][info ][gc,phases   ] GC(66)   Evacuate Collection Set: 1.9ms
[2025-08-28T13:04:07.653+0000][1088462][info ][gc,phases   ] GC(66)   Post Evacuate Collection Set: 0.5ms
[2025-08-28T13:04:07.653+0000][1088462][info ][gc,phases   ] GC(66)   Other: 0.1ms
[2025-08-28T13:04:07.653+0000][1088462][trace][gc,age      ] GC(66) Age table with threshold 1 (max threshold 15)
[2025-08-28T13:04:07.653+0000][1088462][trace][gc,age      ] GC(66) - age   1:    6590032 bytes,    6590032 total
[2025-08-28T13:04:07.653+0000][1088462][info ][gc,heap     ] GC(66) Eden regions: 70->0(74)
[2025-08-28T13:04:07.653+0000][1088462][info ][gc,heap     ] GC(66) Survivor regions: 6->2(10)
[2025-08-28T13:04:07.653+0000][1088462][info ][gc,heap     ] GC(66) Old regions: 29->29
[2025-08-28T13:04:07.653+0000][1088462][info ][gc,heap     ] GC(66) Humongous regions: 0->0
[2025-08-28T13:04:07.653+0000][1088462][info ][gc,metaspace] GC(66) Metaspace: 139921K(143808K)->139921K(143808K) NonClass: 120938K(123008K)->120938K(123008K) Class: 18982K(20800K)->18982K(20800K)
[2025-08-28T13:04:07.653+0000][1088462][info ][gc          ] GC(66) Pause Young (Normal) (G1 Evacuation Pause) 415M->119M(512M) 2.984ms
[2025-08-28T13:04:07.653+0000][1088462][info ][gc,cpu      ] GC(66) User=0.01s Sys=0.00s Real=0.01s
[2025-08-28T13:04:07.653+0000][1088462][info ][safepoint   ] Safepoint "G1CollectForAllocation", Time since last: 638937061 ns, Reaching safepoint: 3147480 ns, Cleanup: 19489 ns, At safepoint: 3099898 ns, Total: 6266867 ns
[2025-08-28T13:04:09.653+0000][1088462][info ][safepoint   ] Safepoint "Cleanup", Time since last: 2000173486 ns, Reaching safepoint: 119940 ns, Cleanup: 12769 ns, At safepoint: 20190 ns, Total: 152899 ns
[2025-08-28T13:04:10.654+0000][1088462][info ][safepoint   ] Safepoint "Cleanup", Time since last: 1000108696 ns, Reaching safepoint: 96585 ns, Cleanup: 11217 ns, At safepoint: 2925 ns, Total: 110727 ns
[2025-08-28T13:04:11.654+0000][1088462][info ][safepoint   ] Safepoint "Cleanup", Time since last: 1000098790 ns, Reaching safepoint: 16936 ns, Cleanup: 14501 ns, At safepoint: 2815 ns, Total: 34252 ns
[2025-08-28T13:04:13.372+0000][1088462][info ][gc,start    ] GC(67) Pause Young (Normal) (G1 Evacuation Pause)
[2025-08-28T13:04:13.372+0000][1088462][info ][gc,task     ] GC(67) Using 12 workers of 33 for evacuation
[2025-08-28T13:04:13.372+0000][1088462][debug][gc,age      ] GC(67) Desired survivor size 20971520 bytes, new threshold 15 (max threshold 15)
[2025-08-28T13:04:13.375+0000][1088462][info ][gc,phases   ] GC(67)   Pre Evacuate Collection Set: 0.3ms
[2025-08-28T13:04:13.375+0000][1088462][info ][gc,phases   ] GC(67)   Merge Heap Roots: 0.1ms
[2025-08-28T13:04:13.375+0000][1088462][info ][gc,phases   ] GC(67)   Evacuate Collection Set: 2.1ms
[2025-08-28T13:04:13.375+0000][1088462][info ][gc,phases   ] GC(67)   Post Evacuate Collection Set: 0.7ms
[2025-08-28T13:04:13.375+0000][1088462][info ][gc,phases   ] GC(67)   Other: 0.1ms
[2025-08-28T13:04:13.375+0000][1088462][trace][gc,age      ] GC(67) Age table with threshold 15 (max threshold 15)
[2025-08-28T13:04:13.375+0000][1088462][trace][gc,age      ] GC(67) - age   1:     550848 bytes,     550848 total
[2025-08-28T13:04:13.375+0000][1088462][trace][gc,age      ] GC(67) - age   2:      25752 bytes,     576600 total
[2025-08-28T13:04:13.376+0000][1088462][info ][gc,heap     ] GC(67) Eden regions: 74->0(75)
[2025-08-28T13:04:13.376+0000][1088462][info ][gc,heap     ] GC(67) Survivor regions: 2->1(10)
[2025-08-28T13:04:13.376+0000][1088462][info ][gc,heap     ] GC(67) Old regions: 29->29
[2025-08-28T13:04:13.376+0000][1088462][info ][gc,heap     ] GC(67) Humongous regions: 0->0
[2025-08-28T13:04:13.376+0000][1088462][info ][gc,metaspace] GC(67) Metaspace: 139933K(143872K)->139933K(143872K) NonClass: 120950K(123072K)->120950K(123072K) Class: 18982K(20800K)->18982K(20800K)
[2025-08-28T13:04:13.376+0000][1088462][info ][gc          ] GC(67) Pause Young (Normal) (G1 Evacuation Pause) 415M->113M(512M) 3.315ms
[2025-08-28T13:04:13.376+0000][1088462][info ][gc,cpu      ] GC(67) User=0.01s Sys=0.01s Real=0.00s
[2025-08-28T13:04:13.376+0000][1088462][info ][safepoint   ] Safepoint "G1CollectForAllocation", Time since last: 1718456259 ns, Reaching safepoint: 16575 ns, Cleanup: 5368 ns, At safepoint: 3421852 ns, Total: 3443795 ns
[2025-08-28T13:04:14.376+0000][1088462][info ][safepoint   ] Safepoint "Cleanup", Time since last: 1000077950 ns, Reaching safepoint: 19619 ns, Cleanup: 18408 ns, At safepoint: 2924 ns, Total: 40951 ns
[2025-08-28T13:04:18.376+0000][1088462][info ][safepoint   ] Safepoint "Cleanup", Time since last: 4000288311 ns, Reaching safepoint: 45769 ns, Cleanup: 14972 ns, At safepoint: 2824 ns, Total: 63565 ns
[2025-08-28T13:04:19.490+0000][1088462][info ][gc,start    ] GC(68) Pause Young (Normal) (G1 Evacuation Pause)
[2025-08-28T13:04:19.490+0000][1088462][info ][gc,task     ] GC(68) Using 12 workers of 33 for evacuation
[2025-08-28T13:04:19.490+0000][1088462][debug][gc,age      ] GC(68) Desired survivor size 20971520 bytes, new threshold 15 (max threshold 15)
[2025-08-28T13:04:19.493+0000][1088462][info ][gc,phases   ] GC(68)   Pre Evacuate Collection Set: 0.2ms
[2025-08-28T13:04:19.493+0000][1088462][info ][gc,phases   ] GC(68)   Merge Heap Roots: 0.1ms
[2025-08-28T13:04:19.493+0000][1088462][info ][gc,phases   ] GC(68)   Evacuate Collection Set: 1.7ms
[2025-08-28T13:04:19.493+0000][1088462][info ][gc,phases   ] GC(68)   Post Evacuate Collection Set: 0.4ms
[2025-08-28T13:04:19.493+0000][1088462][info ][gc,phases   ] GC(68)   Other: 0.1ms
[2025-08-28T13:04:19.493+0000][1088462][trace][gc,age      ] GC(68) Age table with threshold 15 (max threshold 15)
[2025-08-28T13:04:19.493+0000][1088462][trace][gc,age      ] GC(68) - age   1:     552216 bytes,     552216 total
[2025-08-28T13:04:19.493+0000][1088462][trace][gc,age      ] GC(68) - age   2:      10800 bytes,     563016 total
[2025-08-28T13:04:19.493+0000][1088462][trace][gc,age      ] GC(68) - age   3:      25752 bytes,     588768 total
[2025-08-28T13:04:19.493+0000][1088462][info ][gc,heap     ] GC(68) Eden regions: 75->0(75)
[2025-08-28T13:04:19.493+0000][1088462][info ][gc,heap     ] GC(68) Survivor regions: 1->1(10)
[2025-08-28T13:04:19.493+0000][1088462][info ][gc,heap     ] GC(68) Old regions: 29->29
[2025-08-28T13:04:19.493+0000][1088462][info ][gc,heap     ] GC(68) Humongous regions: 0->0
[2025-08-28T13:04:19.493+0000][1088462][info ][gc,metaspace] GC(68) Metaspace: 139990K(143872K)->139990K(143872K) NonClass: 121007K(123072K)->121007K(123072K) Class: 18982K(20800K)->18982K(20800K)
[2025-08-28T13:04:19.493+0000][1088462][info ][gc          ] GC(68) Pause Young (Normal) (G1 Evacuation Pause) 413M->113M(512M) 2.496ms
[2025-08-28T13:04:19.493+0000][1088462][info ][gc,cpu      ] GC(68) User=0.01s Sys=0.01s Real=0.01s
[2025-08-28T13:04:19.493+0000][1088462][info ][safepoint   ] Safepoint "G1CollectForAllocation", Time since last: 1114113809 ns, Reaching safepoint: 17076 ns, Cleanup: 4767 ns, At safepoint: 2585294 ns, Total: 2607137 ns
[2025-08-28T13:04:20.493+0000][1088462][info ][safepoint   ] Safepoint "Cleanup", Time since last: 1000076956 ns, Reaching safepoint: 47471 ns, Cleanup: 13040 ns, At safepoint: 3054 ns, Total: 63565 ns
[2025-08-28T13:04:25.309+0000][1088462][info ][gc,start    ] GC(69) Pause Young (Normal) (G1 Evacuation Pause)
[2025-08-28T13:04:25.309+0000][1088462][info ][gc,task     ] GC(69) Using 12 workers of 33 for evacuation
[2025-08-28T13:04:25.309+0000][1088462][debug][gc,age      ] GC(69) Desired survivor size 20971520 bytes, new threshold 15 (max threshold 15)
[2025-08-28T13:04:25.311+0000][1088462][info ][gc,phases   ] GC(69)   Pre Evacuate Collection Set: 0.1ms
[2025-08-28T13:04:25.311+0000][1088462][info ][gc,phases   ] GC(69)   Merge Heap Roots: 0.1ms
[2025-08-28T13:04:25.311+0000][1088462][info ][gc,phases   ] GC(69)   Evacuate Collection Set: 1.5ms
[2025-08-28T13:04:25.311+0000][1088462][info ][gc,phases   ] GC(69)   Post Evacuate Collection Set: 0.4ms
[2025-08-28T13:04:25.311+0000][1088462][info ][gc,phases   ] GC(69)   Other: 0.1ms
[2025-08-28T13:04:25.311+0000][1088462][trace][gc,age      ] GC(69) Age table with threshold 15 (max threshold 15)
[2025-08-28T13:04:25.311+0000][1088462][trace][gc,age      ] GC(69) - age   1:     541264 bytes,     541264 total
[2025-08-28T13:04:25.311+0000][1088462][trace][gc,age      ] GC(69) - age   2:      11848 bytes,     553112 total
[2025-08-28T13:04:25.311+0000][1088462][trace][gc,age      ] GC(69) - age   3:      10560 bytes,     563672 total
[2025-08-28T13:04:25.311+0000][1088462][trace][gc,age      ] GC(69) - age   4:      25592 bytes,     589264 total
[2025-08-28T13:04:25.311+0000][1088462][info ][gc,heap     ] GC(69) Eden regions: 75->0(75)
[2025-08-28T13:04:25.311+0000][1088462][info ][gc,heap     ] GC(69) Survivor regions: 1->1(10)
[2025-08-28T13:04:25.311+0000][1088462][info ][gc,heap     ] GC(69) Old regions: 29->29
[2025-08-28T13:04:25.311+0000][1088462][info ][gc,heap     ] GC(69) Humongous regions: 0->0
[2025-08-28T13:04:25.311+0000][1088462][info ][gc,metaspace] GC(69) Metaspace: 139992K(143936K)->139992K(143936K) NonClass: 121009K(123136K)->121009K(123136K) Class: 18982K(20800K)->18982K(20800K)
[2025-08-28T13:04:25.312+0000][1088462][info ][gc          ] GC(69) Pause Young (Normal) (G1 Evacuation Pause) 413M->113M(512M) 2.276ms
[2025-08-28T13:04:25.312+0000][1088462][info ][gc,cpu      ] GC(69) User=0.01s Sys=0.00s Real=0.01s
[2025-08-28T13:04:25.312+0000][1088462][info ][safepoint   ] Safepoint "G1CollectForAllocation", Time since last: 4816209154 ns, Reaching safepoint: 46550 ns, Cleanup: 4657 ns, At safepoint: 2369140 ns, Total: 2420347 ns
[2025-08-28T13:04:30.009+0000][1088462][info ][gc,start    ] GC(70) Pause Young (Normal) (G1 Evacuation Pause)
[2025-08-28T13:04:30.009+0000][1088462][info ][gc,task     ] GC(70) Using 12 workers of 33 for evacuation
[2025-08-28T13:04:30.009+0000][1088462][debug][gc,age      ] GC(70) Desired survivor size 20971520 bytes, new threshold 15 (max threshold 15)
[2025-08-28T13:04:30.012+0000][1088462][info ][gc,phases   ] GC(70)   Pre Evacuate Collection Set: 0.1ms
[2025-08-28T13:04:30.012+0000][1088462][info ][gc,phases   ] GC(70)   Merge Heap Roots: 0.1ms
[2025-08-28T13:04:30.012+0000][1088462][info ][gc,phases   ] GC(70)   Evacuate Collection Set: 1.8ms
[2025-08-28T13:04:30.012+0000][1088462][info ][gc,phases   ] GC(70)   Post Evacuate Collection Set: 0.3ms
[2025-08-28T13:04:30.012+0000][1088462][info ][gc,phases   ] GC(70)   Other: 0.1ms
[2025-08-28T13:04:30.012+0000][1088462][trace][gc,age      ] GC(70) Age table with threshold 15 (max threshold 15)
[2025-08-28T13:04:30.012+0000][1088462][trace][gc,age      ] GC(70) - age   1:     540208 bytes,     540208 total
[2025-08-28T13:04:30.012+0000][1088462][trace][gc,age      ] GC(70) - age   2:       1368 bytes,     541576 total
[2025-08-28T13:04:30.012+0000][1088462][trace][gc,age      ] GC(70) - age   3:      11848 bytes,     553424 total
[2025-08-28T13:04:30.012+0000][1088462][trace][gc,age      ] GC(70) - age   4:      10560 bytes,     563984 total
[2025-08-28T13:04:30.012+0000][1088462][trace][gc,age      ] GC(70) - age   5:      25592 bytes,     589576 total
[2025-08-28T13:04:30.012+0000][1088462][info ][gc,heap     ] GC(70) Eden regions: 75->0(75)
[2025-08-28T13:04:30.012+0000][1088462][info ][gc,heap     ] GC(70) Survivor regions: 1->1(10)
[2025-08-28T13:04:30.012+0000][1088462][info ][gc,heap     ] GC(70) Old regions: 29->29
[2025-08-28T13:04:30.012+0000][1088462][info ][gc,heap     ] GC(70) Humongous regions: 0->0
[2025-08-28T13:04:30.012+0000][1088462][info ][gc,metaspace] GC(70) Metaspace: 139992K(143936K)->139992K(143936K) NonClass: 121009K(123136K)->121009K(123136K) Class: 18982K(20800K)->18982K(20800K)
[2025-08-28T13:04:30.012+0000][1088462][info ][gc          ] GC(70) Pause Young (Normal) (G1 Evacuation Pause) 413M->113M(512M) 2.498ms
[2025-08-28T13:04:30.012+0000][1088462][info ][gc,cpu      ] GC(70) User=0.00s Sys=0.01s Real=0.01s
[2025-08-28T13:04:30.012+0000][1088462][info ][safepoint   ] Safepoint "G1CollectForAllocation", Time since last: 4697568884 ns, Reaching safepoint: 47261 ns, Cleanup: 4848 ns, At safepoint: 2596040 ns, Total: 2648149 ns
[2025-08-28T13:04:36.012+0000][1088462][info ][safepoint   ] Safepoint "Cleanup", Time since last: 6000375874 ns, Reaching safepoint: 52438 ns, Cleanup: 13551 ns, At safepoint: 3195 ns, Total: 69184 ns
[2025-08-28T13:04:36.047+0000][1088462][info ][gc,start    ] GC(71) Pause Young (Normal) (G1 Evacuation Pause)
[2025-08-28T13:04:36.047+0000][1088462][info ][gc,task     ] GC(71) Using 12 workers of 33 for evacuation
[2025-08-28T13:04:36.047+0000][1088462][debug][gc,age      ] GC(71) Desired survivor size 20971520 bytes, new threshold 15 (max threshold 15)
[2025-08-28T13:04:36.049+0000][1088462][info ][gc,phases   ] GC(71)   Pre Evacuate Collection Set: 0.2ms
[2025-08-28T13:04:36.049+0000][1088462][info ][gc,phases   ] GC(71)   Merge Heap Roots: 0.1ms
[2025-08-28T13:04:36.049+0000][1088462][info ][gc,phases   ] GC(71)   Evacuate Collection Set: 1.5ms
[2025-08-28T13:04:36.049+0000][1088462][info ][gc,phases   ] GC(71)   Post Evacuate Collection Set: 0.4ms
[2025-08-28T13:04:36.049+0000][1088462][info ][gc,phases   ] GC(71)   Other: 0.1ms
[2025-08-28T13:04:36.049+0000][1088462][trace][gc,age      ] GC(71) Age table with threshold 15 (max threshold 15)
[2025-08-28T13:04:36.049+0000][1088462][trace][gc,age      ] GC(71) - age   1:     542352 bytes,     542352 total
[2025-08-28T13:04:36.049+0000][1088462][trace][gc,age      ] GC(71) - age   2:        200 bytes,     542552 total
[2025-08-28T13:04:36.049+0000][1088462][trace][gc,age      ] GC(71) - age   3:        560 bytes,     543112 total
[2025-08-28T13:04:36.049+0000][1088462][trace][gc,age      ] GC(71) - age   4:      11848 bytes,     554960 total
[2025-08-28T13:04:36.049+0000][1088462][trace][gc,age      ] GC(71) - age   5:      10528 bytes,     565488 total
[2025-08-28T13:04:36.049+0000][1088462][trace][gc,age      ] GC(71) - age   6:      25592 bytes,     591080 total
[2025-08-28T13:04:36.049+0000][1088462][info ][gc,heap     ] GC(71) Eden regions: 75->0(75)
[2025-08-28T13:04:36.049+0000][1088462][info ][gc,heap     ] GC(71) Survivor regions: 1->1(10)
[2025-08-28T13:04:36.049+0000][1088462][info ][gc,heap     ] GC(71) Old regions: 29->29
[2025-08-28T13:04:36.049+0000][1088462][info ][gc,heap     ] GC(71) Humongous regions: 0->0
[2025-08-28T13:04:36.049+0000][1088462][info ][gc,metaspace] GC(71) Metaspace: 139992K(143936K)->139992K(143936K) NonClass: 121009K(123136K)->121009K(123136K) Class: 18982K(20800K)->18982K(20800K)
[2025-08-28T13:04:36.049+0000][1088462][info ][gc          ] GC(71) Pause Young (Normal) (G1 Evacuation Pause) 413M->113M(512M) 2.310ms
[2025-08-28T13:04:36.049+0000][1088462][info ][gc,cpu      ] GC(71) User=0.01s Sys=0.00s Real=0.00s
[2025-08-28T13:04:36.049+0000][1088462][info ][safepoint   ] Safepoint "G1CollectForAllocation", Time since last: 34573684 ns, Reaching safepoint: 9625 ns, Cleanup: 1202 ns, At safepoint: 2402419 ns, Total: 2413246 ns
[2025-08-28T13:04:42.084+0000][1088462][info ][gc,start    ] GC(72) Pause Young (Normal) (G1 Evacuation Pause)
[2025-08-28T13:04:42.084+0000][1088462][info ][gc,task     ] GC(72) Using 12 workers of 33 for evacuation
[2025-08-28T13:04:42.084+0000][1088462][debug][gc,age      ] GC(72) Desired survivor size 20971520 bytes, new threshold 15 (max threshold 15)
[2025-08-28T13:04:42.087+0000][1088462][info ][gc,phases   ] GC(72)   Pre Evacuate Collection Set: 0.2ms
[2025-08-28T13:04:42.087+0000][1088462][info ][gc,phases   ] GC(72)   Merge Heap Roots: 0.1ms
[2025-08-28T13:04:42.087+0000][1088462][info ][gc,phases   ] GC(72)   Evacuate Collection Set: 1.6ms
[2025-08-28T13:04:42.087+0000][1088462][info ][gc,phases   ] GC(72)   Post Evacuate Collection Set: 0.4ms
[2025-08-28T13:04:42.087+0000][1088462][info ][gc,phases   ] GC(72)   Other: 0.1ms
[2025-08-28T13:04:42.087+0000][1088462][trace][gc,age      ] GC(72) Age table with threshold 15 (max threshold 15)
[2025-08-28T13:04:42.087+0000][1088462][trace][gc,age      ] GC(72) - age   1:     555912 bytes,     555912 total
[2025-08-28T13:04:42.087+0000][1088462][trace][gc,age      ] GC(72) - age   2:       2320 bytes,     558232 total
[2025-08-28T13:04:42.087+0000][1088462][trace][gc,age      ] GC(72) - age   3:        200 bytes,     558432 total
[2025-08-28T13:04:42.087+0000][1088462][trace][gc,age      ] GC(72) - age   4:        560 bytes,     558992 total
[2025-08-28T13:04:42.087+0000][1088462][trace][gc,age      ] GC(72) - age   5:      11848 bytes,     570840 total
[2025-08-28T13:04:42.087+0000][1088462][trace][gc,age      ] GC(72) - age   6:      10528 bytes,     581368 total
[2025-08-28T13:04:42.087+0000][1088462][trace][gc,age      ] GC(72) - age   7:      25592 bytes,     606960 total
[2025-08-28T13:04:42.087+0000][1088462][info ][gc,heap     ] GC(72) Eden regions: 75->0(75)
[2025-08-28T13:04:42.087+0000][1088462][info ][gc,heap     ] GC(72) Survivor regions: 1->1(10)
[2025-08-28T13:04:42.087+0000][1088462][info ][gc,heap     ] GC(72) Old regions: 29->29
[2025-08-28T13:04:42.087+0000][1088462][info ][gc,heap     ] GC(72) Humongous regions: 0->0
[2025-08-28T13:04:42.087+0000][1088462][info ][gc,metaspace] GC(72) Metaspace: 139992K(143936K)->139992K(143936K) NonClass: 121009K(123136K)->121009K(123136K) Class: 18982K(20800K)->18982K(20800K)
[2025-08-28T13:04:42.087+0000][1088462][info ][gc          ] GC(72) Pause Young (Normal) (G1 Evacuation Pause) 413M->113M(512M) 2.536ms
[2025-08-28T13:04:42.087+0000][1088462][info ][gc,cpu      ] GC(72) User=0.01s Sys=0.00s Real=0.00s
[2025-08-28T13:04:42.087+0000][1088462][info ][safepoint   ] Safepoint "G1CollectForAllocation", Time since last: 6034724260 ns, Reaching safepoint: 64246 ns, Cleanup: 6520 ns, At safepoint: 2635109 ns, Total: 2705875 ns
[2025-08-28T13:04:48.121+0000][1088462][info ][gc,start    ] GC(73) Pause Young (Normal) (G1 Evacuation Pause)
[2025-08-28T13:04:48.121+0000][1088462][info ][gc,task     ] GC(73) Using 12 workers of 33 for evacuation
[2025-08-28T13:04:48.121+0000][1088462][debug][gc,age      ] GC(73) Desired survivor size 20971520 bytes, new threshold 15 (max threshold 15)
[2025-08-28T13:04:48.124+0000][1088462][info ][gc,phases   ] GC(73)   Pre Evacuate Collection Set: 0.2ms
[2025-08-28T13:04:48.124+0000][1088462][info ][gc,phases   ] GC(73)   Merge Heap Roots: 0.1ms
[2025-08-28T13:04:48.124+0000][1088462][info ][gc,phases   ] GC(73)   Evacuate Collection Set: 1.6ms
[2025-08-28T13:04:48.124+0000][1088462][info ][gc,phases   ] GC(73)   Post Evacuate Collection Set: 0.4ms
[2025-08-28T13:04:48.124+0000][1088462][info ][gc,phases   ] GC(73)   Other: 0.1ms
[2025-08-28T13:04:48.124+0000][1088462][trace][gc,age      ] GC(73) Age table with threshold 15 (max threshold 15)
[2025-08-28T13:04:48.124+0000][1088462][trace][gc,age      ] GC(73) - age   1:     556032 bytes,     556032 total
[2025-08-28T13:04:48.124+0000][1088462][trace][gc,age      ] GC(73) - age   2:        240 bytes,     556272 total
[2025-08-28T13:04:48.124+0000][1088462][trace][gc,age      ] GC(73) - age   3:       2320 bytes,     558592 total
[2025-08-28T13:04:48.124+0000][1088462][trace][gc,age      ] GC(73) - age   4:        200 bytes,     558792 total
[2025-08-28T13:04:48.124+0000][1088462][trace][gc,age      ] GC(73) - age   5:        560 bytes,     559352 total
[2025-08-28T13:04:48.124+0000][1088462][trace][gc,age      ] GC(73) - age   6:      11848 bytes,     571200 total
[2025-08-28T13:04:48.124+0000][1088462][trace][gc,age      ] GC(73) - age   7:      10528 bytes,     581728 total
[2025-08-28T13:04:48.124+0000][1088462][trace][gc,age      ] GC(73) - age   8:      25592 bytes,     607320 total
[2025-08-28T13:04:48.124+0000][1088462][info ][gc,heap     ] GC(73) Eden regions: 75->0(75)
[2025-08-28T13:04:48.124+0000][1088462][info ][gc,heap     ] GC(73) Survivor regions: 1->1(10)
[2025-08-28T13:04:48.124+0000][1088462][info ][gc,heap     ] GC(73) Old regions: 29->29
[2025-08-28T13:04:48.124+0000][1088462][info ][gc,heap     ] GC(73) Humongous regions: 0->0
[2025-08-28T13:04:48.124+0000][1088462][info ][gc,metaspace] GC(73) Metaspace: 139992K(143936K)->139992K(143936K) NonClass: 121009K(123136K)->121009K(123136K) Class: 18982K(20800K)->18982K(20800K)
[2025-08-28T13:04:48.124+0000][1088462][info ][gc          ] GC(73) Pause Young (Normal) (G1 Evacuation Pause) 413M->113M(512M) 2.468ms
[2025-08-28T13:04:48.124+0000][1088462][info ][gc,cpu      ] GC(73) User=0.01s Sys=0.00s Real=0.00s
[2025-08-28T13:04:48.124+0000][1088462][info ][safepoint   ] Safepoint "G1CollectForAllocation", Time since last: 6034681837 ns, Reaching safepoint: 53680 ns, Cleanup: 5919 ns, At safepoint: 2573887 ns, Total: 2633486 ns
[2025-08-28T13:04:52.124+0000][1088462][info ][safepoint   ] Safepoint "Cleanup", Time since last: 4000265108 ns, Reaching safepoint: 50776 ns, Cleanup: 15373 ns, At safepoint: 5959 ns, Total: 72108 ns
[2025-08-28T13:04:54.297+0000][1088462][info ][gc,start    ] GC(74) Pause Young (Normal) (G1 Evacuation Pause)
[2025-08-28T13:04:54.297+0000][1088462][info ][gc,task     ] GC(74) Using 12 workers of 33 for evacuation
[2025-08-28T13:04:54.297+0000][1088462][debug][gc,age      ] GC(74) Desired survivor size 20971520 bytes, new threshold 15 (max threshold 15)
[2025-08-28T13:04:54.299+0000][1088462][info ][gc,phases   ] GC(74)   Pre Evacuate Collection Set: 0.2ms
[2025-08-28T13:04:54.299+0000][1088462][info ][gc,phases   ] GC(74)   Merge Heap Roots: 0.1ms
[2025-08-28T13:04:54.299+0000][1088462][info ][gc,phases   ] GC(74)   Evacuate Collection Set: 1.5ms
[2025-08-28T13:04:54.299+0000][1088462][info ][gc,phases   ] GC(74)   Post Evacuate Collection Set: 0.3ms
[2025-08-28T13:04:54.299+0000][1088462][info ][gc,phases   ] GC(74)   Other: 0.1ms
[2025-08-28T13:04:54.299+0000][1088462][trace][gc,age      ] GC(74) Age table with threshold 15 (max threshold 15)
[2025-08-28T13:04:54.299+0000][1088462][trace][gc,age      ] GC(74) - age   1:     542424 bytes,     542424 total
[2025-08-28T13:04:54.299+0000][1088462][trace][gc,age      ] GC(74) - age   4:       1840 bytes,     544264 total
[2025-08-28T13:04:54.299+0000][1088462][trace][gc,age      ] GC(74) - age   5:        200 bytes,     544464 total
[2025-08-28T13:04:54.299+0000][1088462][trace][gc,age      ] GC(74) - age   6:        448 bytes,     544912 total
[2025-08-28T13:04:54.299+0000][1088462][trace][gc,age      ] GC(74) - age   7:      11848 bytes,     556760 total
[2025-08-28T13:04:54.299+0000][1088462][trace][gc,age      ] GC(74) - age   8:      10528 bytes,     567288 total
[2025-08-28T13:04:54.299+0000][1088462][trace][gc,age      ] GC(74) - age   9:      25480 bytes,     592768 total
[2025-08-28T13:04:54.299+0000][1088462][info ][gc,heap     ] GC(74) Eden regions: 75->0(75)
[2025-08-28T13:04:54.299+0000][1088462][info ][gc,heap     ] GC(74) Survivor regions: 1->1(10)
[2025-08-28T13:04:54.299+0000][1088462][info ][gc,heap     ] GC(74) Old regions: 29->29
[2025-08-28T13:04:54.299+0000][1088462][info ][gc,heap     ] GC(74) Humongous regions: 0->0
[2025-08-28T13:04:54.299+0000][1088462][info ][gc,metaspace] GC(74) Metaspace: 139992K(143936K)->139992K(143936K) NonClass: 121009K(123136K)->121009K(123136K) Class: 18982K(20800K)->18982K(20800K)
[2025-08-28T13:04:54.299+0000][1088462][info ][gc          ] GC(74) Pause Young (Normal) (G1 Evacuation Pause) 413M->113M(512M) 2.264ms
[2025-08-28T13:04:54.299+0000][1088462][info ][gc,cpu      ] GC(74) User=0.01s Sys=0.01s Real=0.00s
[2025-08-28T13:04:54.299+0000][1088462][info ][safepoint   ] Safepoint "G1CollectForAllocation", Time since last: 2172291677 ns, Reaching safepoint: 26650 ns, Cleanup: 6340 ns, At safepoint: 2362469 ns, Total: 2395459 ns
[2025-08-28T13:04:55.299+0000][1088462][info ][safepoint   ] Safepoint "Cleanup", Time since last: 1000082184 ns, Reaching safepoint: 19279 ns, Cleanup: 13840 ns, At safepoint: 3005 ns, Total: 36124 ns
[2025-08-28T13:04:59.901+0000][1088462][info ][gc,start    ] GC(75) Pause Young (Normal) (G1 Evacuation Pause)
[2025-08-28T13:04:59.901+0000][1088462][info ][gc,task     ] GC(75) Using 12 workers of 33 for evacuation
[2025-08-28T13:04:59.901+0000][1088462][debug][gc,age      ] GC(75) Desired survivor size 20971520 bytes, new threshold 15 (max threshold 15)
[2025-08-28T13:04:59.903+0000][1088462][info ][gc,phases   ] GC(75)   Pre Evacuate Collection Set: 0.2ms
[2025-08-28T13:04:59.903+0000][1088462][info ][gc,phases   ] GC(75)   Merge Heap Roots: 0.1ms
[2025-08-28T13:04:59.903+0000][1088462][info ][gc,phases   ] GC(75)   Evacuate Collection Set: 1.7ms
[2025-08-28T13:04:59.903+0000][1088462][info ][gc,phases   ] GC(75)   Post Evacuate Collection Set: 0.4ms
[2025-08-28T13:04:59.903+0000][1088462][info ][gc,phases   ] GC(75)   Other: 0.1ms
[2025-08-28T13:04:59.903+0000][1088462][trace][gc,age      ] GC(75) Age table with threshold 15 (max threshold 15)
[2025-08-28T13:04:59.903+0000][1088462][trace][gc,age      ] GC(75) - age   1:     552080 bytes,     552080 total
[2025-08-28T13:04:59.903+0000][1088462][trace][gc,age      ] GC(75) - age   2:       2552 bytes,     554632 total
[2025-08-28T13:04:59.903+0000][1088462][trace][gc,age      ] GC(75) - age   5:       1840 bytes,     556472 total
[2025-08-28T13:04:59.903+0000][1088462][trace][gc,age      ] GC(75) - age   6:         24 bytes,     556496 total
[2025-08-28T13:04:59.903+0000][1088462][trace][gc,age      ] GC(75) - age   7:        448 bytes,     556944 total
[2025-08-28T13:04:59.903+0000][1088462][trace][gc,age      ] GC(75) - age   8:       1624 bytes,     558568 total
[2025-08-28T13:04:59.903+0000][1088462][trace][gc,age      ] GC(75) - age   9:      10528 bytes,     569096 total
[2025-08-28T13:04:59.903+0000][1088462][trace][gc,age      ] GC(75) - age  10:      25480 bytes,     594576 total
[2025-08-28T13:04:59.903+0000][1088462][info ][gc,heap     ] GC(75) Eden regions: 75->0(75)
[2025-08-28T13:04:59.903+0000][1088462][info ][gc,heap     ] GC(75) Survivor regions: 1->1(10)
[2025-08-28T13:04:59.903+0000][1088462][info ][gc,heap     ] GC(75) Old regions: 29->29
[2025-08-28T13:04:59.903+0000][1088462][info ][gc,heap     ] GC(75) Humongous regions: 0->0
[2025-08-28T13:04:59.903+0000][1088462][info ][gc,metaspace] GC(75) Metaspace: 139992K(143936K)->139992K(143936K) NonClass: 121009K(123136K)->121009K(123136K) Class: 18982K(20800K)->18982K(20800K)
[2025-08-28T13:04:59.903+0000][1088462][info ][gc          ] GC(75) Pause Young (Normal) (G1 Evacuation Pause) 413M->113M(512M) 2.451ms
[2025-08-28T13:04:59.903+0000][1088462][info ][gc,cpu      ] GC(75) User=0.01s Sys=0.00s Real=0.00s
[2025-08-28T13:04:59.903+0000][1088462][info ][safepoint   ] Safepoint "G1CollectForAllocation", Time since last: 4601732045 ns, Reaching safepoint: 19470 ns, Cleanup: 5568 ns, At safepoint: 2551794 ns, Total: 2576832 ns
[2025-08-28T13:05:04.904+0000][1088462][info ][safepoint   ] Safepoint "Cleanup", Time since last: 5000359910 ns, Reaching safepoint: 19359 ns, Cleanup: 72218 ns, At safepoint: 3986 ns, Total: 95563 ns
[2025-08-28T13:05:05.676+0000][1088462][info ][gc,start    ] GC(76) Pause Young (Normal) (G1 Evacuation Pause)
[2025-08-28T13:05:05.676+0000][1088462][info ][gc,task     ] GC(76) Using 12 workers of 33 for evacuation
[2025-08-28T13:05:05.676+0000][1088462][debug][gc,age      ] GC(76) Desired survivor size 20971520 bytes, new threshold 15 (max threshold 15)
[2025-08-28T13:05:05.678+0000][1088462][info ][gc,phases   ] GC(76)   Pre Evacuate Collection Set: 0.2ms
[2025-08-28T13:05:05.678+0000][1088462][info ][gc,phases   ] GC(76)   Merge Heap Roots: 0.1ms
[2025-08-28T13:05:05.678+0000][1088462][info ][gc,phases   ] GC(76)   Evacuate Collection Set: 1.5ms
[2025-08-28T13:05:05.678+0000][1088462][info ][gc,phases   ] GC(76)   Post Evacuate Collection Set: 0.4ms
[2025-08-28T13:05:05.678+0000][1088462][info ][gc,phases   ] GC(76)   Other: 0.1ms
[2025-08-28T13:05:05.678+0000][1088462][trace][gc,age      ] GC(76) Age table with threshold 15 (max threshold 15)
[2025-08-28T13:05:05.678+0000][1088462][trace][gc,age      ] GC(76) - age   1:     945728 bytes,     945728 total
[2025-08-28T13:05:05.678+0000][1088462][trace][gc,age      ] GC(76) - age   2:      12024 bytes,     957752 total
[2025-08-28T13:05:05.678+0000][1088462][trace][gc,age      ] GC(76) - age   3:       1744 bytes,     959496 total
[2025-08-28T13:05:05.678+0000][1088462][trace][gc,age      ] GC(76) - age   6:        152 bytes,     959648 total
[2025-08-28T13:05:05.678+0000][1088462][trace][gc,age      ] GC(76) - age   7:         24 bytes,     959672 total
[2025-08-28T13:05:05.678+0000][1088462][trace][gc,age      ] GC(76) - age   8:        448 bytes,     960120 total
[2025-08-28T13:05:05.678+0000][1088462][trace][gc,age      ] GC(76) - age   9:       1624 bytes,     961744 total
[2025-08-28T13:05:05.678+0000][1088462][trace][gc,age      ] GC(76) - age  10:      10528 bytes,     972272 total
[2025-08-28T13:05:05.678+0000][1088462][trace][gc,age      ] GC(76) - age  11:      25448 bytes,     997720 total
[2025-08-28T13:05:05.678+0000][1088462][info ][gc,heap     ] GC(76) Eden regions: 75->0(75)
[2025-08-28T13:05:05.678+0000][1088462][info ][gc,heap     ] GC(76) Survivor regions: 1->1(10)
[2025-08-28T13:05:05.678+0000][1088462][info ][gc,heap     ] GC(76) Old regions: 29->29
[2025-08-28T13:05:05.678+0000][1088462][info ][gc,heap     ] GC(76) Humongous regions: 0->0
[2025-08-28T13:05:05.678+0000][1088462][info ][gc,metaspace] GC(76) Metaspace: 140077K(144000K)->140077K(144000K) NonClass: 121074K(123200K)->121074K(123200K) Class: 19002K(20800K)->19002K(20800K)
[2025-08-28T13:05:05.678+0000][1088462][info ][gc          ] GC(76) Pause Young (Normal) (G1 Evacuation Pause) 413M->114M(512M) 2.359ms
[2025-08-28T13:05:05.678+0000][1088462][info ][gc,cpu      ] GC(76) User=0.01s Sys=0.00s Real=0.00s
[2025-08-28T13:05:05.678+0000][1088462][info ][safepoint   ] Safepoint "G1CollectForAllocation", Time since last: 772147095 ns, Reaching safepoint: 19088 ns, Cleanup: 8784 ns, At safepoint: 2461989 ns, Total: 2489861 ns
[2025-08-28T13:05:11.713+0000][1088462][info ][gc,start    ] GC(77) Pause Young (Normal) (G1 Evacuation Pause)
[2025-08-28T13:05:11.713+0000][1088462][info ][gc,task     ] GC(77) Using 12 workers of 33 for evacuation
[2025-08-28T13:05:11.713+0000][1088462][debug][gc,age      ] GC(77) Desired survivor size 20971520 bytes, new threshold 15 (max threshold 15)
[2025-08-28T13:05:11.716+0000][1088462][info ][gc,phases   ] GC(77)   Pre Evacuate Collection Set: 0.1ms
[2025-08-28T13:05:11.716+0000][1088462][info ][gc,phases   ] GC(77)   Merge Heap Roots: 0.1ms
[2025-08-28T13:05:11.716+0000][1088462][info ][gc,phases   ] GC(77)   Evacuate Collection Set: 1.7ms
[2025-08-28T13:05:11.716+0000][1088462][info ][gc,phases   ] GC(77)   Post Evacuate Collection Set: 0.4ms
[2025-08-28T13:05:11.716+0000][1088462][info ][gc,phases   ] GC(77)   Other: 0.1ms
[2025-08-28T13:05:11.716+0000][1088462][trace][gc,age      ] GC(77) Age table with threshold 15 (max threshold 15)
[2025-08-28T13:05:11.716+0000][1088462][trace][gc,age      ] GC(77) - age   1:     540144 bytes,     540144 total
[2025-08-28T13:05:11.716+0000][1088462][trace][gc,age      ] GC(77) - age   2:     403880 bytes,     944024 total
[2025-08-28T13:05:11.716+0000][1088462][trace][gc,age      ] GC(77) - age   3:      12024 bytes,     956048 total
[2025-08-28T13:05:11.716+0000][1088462][trace][gc,age      ] GC(77) - age   4:       1744 bytes,     957792 total
[2025-08-28T13:05:11.716+0000][1088462][trace][gc,age      ] GC(77) - age   7:        152 bytes,     957944 total
[2025-08-28T13:05:11.716+0000][1088462][trace][gc,age      ] GC(77) - age   8:         24 bytes,     957968 total
[2025-08-28T13:05:11.716+0000][1088462][trace][gc,age      ] GC(77) - age   9:        448 bytes,     958416 total
[2025-08-28T13:05:11.716+0000][1088462][trace][gc,age      ] GC(77) - age  10:       1624 bytes,     960040 total
[2025-08-28T13:05:11.716+0000][1088462][trace][gc,age      ] GC(77) - age  11:      10528 bytes,     970568 total
[2025-08-28T13:05:11.716+0000][1088462][trace][gc,age      ] GC(77) - age  12:      25448 bytes,     996016 total
[2025-08-28T13:05:11.716+0000][1088462][info ][gc,heap     ] GC(77) Eden regions: 75->0(75)
[2025-08-28T13:05:11.716+0000][1088462][info ][gc,heap     ] GC(77) Survivor regions: 1->1(10)
[2025-08-28T13:05:11.716+0000][1088462][info ][gc,heap     ] GC(77) Old regions: 29->29
[2025-08-28T13:05:11.716+0000][1088462][info ][gc,heap     ] GC(77) Humongous regions: 0->0
[2025-08-28T13:05:11.716+0000][1088462][info ][gc,metaspace] GC(77) Metaspace: 140077K(144000K)->140077K(144000K) NonClass: 121074K(123200K)->121074K(123200K) Class: 19002K(20800K)->19002K(20800K)
[2025-08-28T13:05:11.716+0000][1088462][info ][gc          ] GC(77) Pause Young (Normal) (G1 Evacuation Pause) 414M->114M(512M) 2.538ms
[2025-08-28T13:05:11.716+0000][1088462][info ][gc,cpu      ] GC(77) User=0.01s Sys=0.01s Real=0.00s
[2025-08-28T13:05:11.716+0000][1088462][info ][safepoint   ] Safepoint "G1CollectForAllocation", Time since last: 6034610373 ns, Reaching safepoint: 50676 ns, Cleanup: 6240 ns, At safepoint: 2636501 ns, Total: 2693417 ns
[2025-08-28T13:05:17.751+0000][1088462][info ][gc,start    ] GC(78) Pause Young (Normal) (G1 Evacuation Pause)
[2025-08-28T13:05:17.751+0000][1088462][info ][gc,task     ] GC(78) Using 12 workers of 33 for evacuation
[2025-08-28T13:05:17.751+0000][1088462][debug][gc,age      ] GC(78) Desired survivor size 20971520 bytes, new threshold 15 (max threshold 15)
[2025-08-28T13:05:17.753+0000][1088462][info ][gc,phases   ] GC(78)   Pre Evacuate Collection Set: 0.2ms
[2025-08-28T13:05:17.753+0000][1088462][info ][gc,phases   ] GC(78)   Merge Heap Roots: 0.1ms
[2025-08-28T13:05:17.753+0000][1088462][info ][gc,phases   ] GC(78)   Evacuate Collection Set: 1.9ms
[2025-08-28T13:05:17.753+0000][1088462][info ][gc,phases   ] GC(78)   Post Evacuate Collection Set: 0.4ms
[2025-08-28T13:05:17.753+0000][1088462][info ][gc,phases   ] GC(78)   Other: 0.1ms
[2025-08-28T13:05:17.753+0000][1088462][trace][gc,age      ] GC(78) Age table with threshold 15 (max threshold 15)
[2025-08-28T13:05:17.753+0000][1088462][trace][gc,age      ] GC(78) - age   1:     539936 bytes,     539936 total
[2025-08-28T13:05:17.753+0000][1088462][trace][gc,age      ] GC(78) - age   2:        272 bytes,     540208 total
[2025-08-28T13:05:17.753+0000][1088462][trace][gc,age      ] GC(78) - age   3:     403880 bytes,     944088 total
[2025-08-28T13:05:17.753+0000][1088462][trace][gc,age      ] GC(78) - age   4:      12024 bytes,     956112 total
[2025-08-28T13:05:17.753+0000][1088462][trace][gc,age      ] GC(78) - age   5:       1744 bytes,     957856 total
[2025-08-28T13:05:17.753+0000][1088462][trace][gc,age      ] GC(78) - age   8:        152 bytes,     958008 total
[2025-08-28T13:05:17.753+0000][1088462][trace][gc,age      ] GC(78) - age   9:         24 bytes,     958032 total
[2025-08-28T13:05:17.753+0000][1088462][trace][gc,age      ] GC(78) - age  10:        448 bytes,     958480 total
[2025-08-28T13:05:17.753+0000][1088462][trace][gc,age      ] GC(78) - age  11:       1624 bytes,     960104 total
[2025-08-28T13:05:17.753+0000][1088462][trace][gc,age      ] GC(78) - age  12:      10528 bytes,     970632 total
[2025-08-28T13:05:17.753+0000][1088462][trace][gc,age      ] GC(78) - age  13:      25448 bytes,     996080 total
[2025-08-28T13:05:17.753+0000][1088462][info ][gc,heap     ] GC(78) Eden regions: 75->0(75)
[2025-08-28T13:05:17.753+0000][1088462][info ][gc,heap     ] GC(78) Survivor regions: 1->1(10)
[2025-08-28T13:05:17.753+0000][1088462][info ][gc,heap     ] GC(78) Old regions: 29->29
[2025-08-28T13:05:17.753+0000][1088462][info ][gc,heap     ] GC(78) Humongous regions: 0->0
[2025-08-28T13:05:17.753+0000][1088462][info ][gc,metaspace] GC(78) Metaspace: 140077K(144000K)->140077K(144000K) NonClass: 121074K(123200K)->121074K(123200K) Class: 19002K(20800K)->19002K(20800K)
[2025-08-28T13:05:17.754+0000][1088462][info ][gc          ] GC(78) Pause Young (Normal) (G1 Evacuation Pause) 414M->114M(512M) 2.718ms
[2025-08-28T13:05:17.754+0000][1088462][info ][gc,cpu      ] GC(78) User=0.01s Sys=0.00s Real=0.00s
[2025-08-28T13:05:17.754+0000][1088462][info ][safepoint   ] Safepoint "G1CollectForAllocation", Time since last: 6034887018 ns, Reaching safepoint: 51747 ns, Cleanup: 5869 ns, At safepoint: 2822982 ns, Total: 2880598 ns
[2025-08-28T13:05:22.754+0000][1088462][info ][safepoint   ] Safepoint "Cleanup", Time since last: 5000396614 ns, Reaching safepoint: 51848 ns, Cleanup: 14001 ns, At safepoint: 3265 ns, Total: 69114 ns
[2025-08-28T13:05:23.713+0000][1088462][info ][gc,start    ] GC(79) Pause Young (Normal) (G1 Evacuation Pause)
[2025-08-28T13:05:23.713+0000][1088462][info ][gc,task     ] GC(79) Using 12 workers of 33 for evacuation
[2025-08-28T13:05:23.713+0000][1088462][debug][gc,age      ] GC(79) Desired survivor size 20971520 bytes, new threshold 15 (max threshold 15)
[2025-08-28T13:05:23.715+0000][1088462][info ][gc,phases   ] GC(79)   Pre Evacuate Collection Set: 0.2ms
[2025-08-28T13:05:23.715+0000][1088462][info ][gc,phases   ] GC(79)   Merge Heap Roots: 0.1ms
[2025-08-28T13:05:23.715+0000][1088462][info ][gc,phases   ] GC(79)   Evacuate Collection Set: 1.7ms
[2025-08-28T13:05:23.715+0000][1088462][info ][gc,phases   ] GC(79)   Post Evacuate Collection Set: 0.4ms
[2025-08-28T13:05:23.715+0000][1088462][info ][gc,phases   ] GC(79)   Other: 0.1ms
[2025-08-28T13:05:23.715+0000][1088462][trace][gc,age      ] GC(79) Age table with threshold 15 (max threshold 15)
[2025-08-28T13:05:23.715+0000][1088462][trace][gc,age      ] GC(79) - age   1:     557656 bytes,     557656 total
[2025-08-28T13:05:23.715+0000][1088462][trace][gc,age      ] GC(79) - age   3:         32 bytes,     557688 total
[2025-08-28T13:05:23.715+0000][1088462][trace][gc,age      ] GC(79) - age   4:     403312 bytes,     961000 total
[2025-08-28T13:05:23.715+0000][1088462][trace][gc,age      ] GC(79) - age   5:      12024 bytes,     973024 total
[2025-08-28T13:05:23.715+0000][1088462][trace][gc,age      ] GC(79) - age   6:       1520 bytes,     974544 total
[2025-08-28T13:05:23.715+0000][1088462][trace][gc,age      ] GC(79) - age   9:         64 bytes,     974608 total
[2025-08-28T13:05:23.715+0000][1088462][trace][gc,age      ] GC(79) - age  10:         24 bytes,     974632 total
[2025-08-28T13:05:23.715+0000][1088462][trace][gc,age      ] GC(79) - age  11:        224 bytes,     974856 total
[2025-08-28T13:05:23.715+0000][1088462][trace][gc,age      ] GC(79) - age  12:       1624 bytes,     976480 total
[2025-08-28T13:05:23.715+0000][1088462][trace][gc,age      ] GC(79) - age  13:      10528 bytes,     987008 total
[2025-08-28T13:05:23.715+0000][1088462][trace][gc,age      ] GC(79) - age  14:      25448 bytes,    1012456 total
[2025-08-28T13:05:23.715+0000][1088462][info ][gc,heap     ] GC(79) Eden regions: 75->0(75)
[2025-08-28T13:05:23.715+0000][1088462][info ][gc,heap     ] GC(79) Survivor regions: 1->1(10)
[2025-08-28T13:05:23.715+0000][1088462][info ][gc,heap     ] GC(79) Old regions: 29->29
[2025-08-28T13:05:23.715+0000][1088462][info ][gc,heap     ] GC(79) Humongous regions: 0->0
[2025-08-28T13:05:23.715+0000][1088462][info ][gc,metaspace] GC(79) Metaspace: 140083K(144000K)->140083K(144000K) NonClass: 121081K(123200K)->121081K(123200K) Class: 19002K(20800K)->19002K(20800K)
[2025-08-28T13:05:23.716+0000][1088462][info ][gc          ] GC(79) Pause Young (Normal) (G1 Evacuation Pause) 414M->114M(512M) 2.609ms
[2025-08-28T13:05:23.716+0000][1088462][info ][gc,cpu      ] GC(79) User=0.01s Sys=0.00s Real=0.00s
[2025-08-28T13:05:23.716+0000][1088462][info ][safepoint   ] Safepoint "G1CollectForAllocation", Time since last: 958790976 ns, Reaching safepoint: 20291 ns, Cleanup: 6239 ns, At safepoint: 2706968 ns, Total: 2733498 ns
[2025-08-28T13:05:24.716+0000][1088462][info ][safepoint   ] Safepoint "Cleanup", Time since last: 1000058699 ns, Reaching safepoint: 20842 ns, Cleanup: 18047 ns, At safepoint: 3595 ns, Total: 42484 ns
[2025-08-28T13:05:26.716+0000][1088462][info ][safepoint   ] Safepoint "Cleanup", Time since last: 2000189196 ns, Reaching safepoint: 49965 ns, Cleanup: 14312 ns, At safepoint: 3695 ns, Total: 67972 ns
[2025-08-28T13:05:29.288+0000][1088462][info ][gc,start    ] GC(80) Pause Young (Normal) (G1 Evacuation Pause)
[2025-08-28T13:05:29.289+0000][1088462][info ][gc,task     ] GC(80) Using 12 workers of 33 for evacuation
[2025-08-28T13:05:29.289+0000][1088462][debug][gc,age      ] GC(80) Desired survivor size 20971520 bytes, new threshold 15 (max threshold 15)
[2025-08-28T13:05:29.291+0000][1088462][info ][gc,phases   ] GC(80)   Pre Evacuate Collection Set: 0.2ms
[2025-08-28T13:05:29.291+0000][1088462][info ][gc,phases   ] GC(80)   Merge Heap Roots: 0.1ms
[2025-08-28T13:05:29.291+0000][1088462][info ][gc,phases   ] GC(80)   Evacuate Collection Set: 2.0ms
[2025-08-28T13:05:29.291+0000][1088462][info ][gc,phases   ] GC(80)   Post Evacuate Collection Set: 0.5ms
[2025-08-28T13:05:29.291+0000][1088462][info ][gc,phases   ] GC(80)   Other: 0.1ms
[2025-08-28T13:05:29.291+0000][1088462][trace][gc,age      ] GC(80) Age table with threshold 15 (max threshold 15)
[2025-08-28T13:05:29.291+0000][1088462][trace][gc,age      ] GC(80) - age   1:     540040 bytes,     540040 total
[2025-08-28T13:05:29.291+0000][1088462][trace][gc,age      ] GC(80) - age   2:       1808 bytes,     541848 total
[2025-08-28T13:05:29.291+0000][1088462][trace][gc,age      ] GC(80) - age   4:         32 bytes,     541880 total
[2025-08-28T13:05:29.291+0000][1088462][trace][gc,age      ] GC(80) - age   5:     403280 bytes,     945160 total
[2025-08-28T13:05:29.291+0000][1088462][trace][gc,age      ] GC(80) - age   6:      12024 bytes,     957184 total
[2025-08-28T13:05:29.291+0000][1088462][trace][gc,age      ] GC(80) - age   7:       1520 bytes,     958704 total
[2025-08-28T13:05:29.291+0000][1088462][trace][gc,age      ] GC(80) - age  10:         64 bytes,     958768 total
[2025-08-28T13:05:29.291+0000][1088462][trace][gc,age      ] GC(80) - age  11:         24 bytes,     958792 total
[2025-08-28T13:05:29.291+0000][1088462][trace][gc,age      ] GC(80) - age  12:        224 bytes,     959016 total
[2025-08-28T13:05:29.291+0000][1088462][trace][gc,age      ] GC(80) - age  13:       1624 bytes,     960640 total
[2025-08-28T13:05:29.291+0000][1088462][trace][gc,age      ] GC(80) - age  14:      10528 bytes,     971168 total
[2025-08-28T13:05:29.291+0000][1088462][trace][gc,age      ] GC(80) - age  15:      25448 bytes,     996616 total
[2025-08-28T13:05:29.291+0000][1088462][info ][gc,heap     ] GC(80) Eden regions: 75->0(75)
[2025-08-28T13:05:29.291+0000][1088462][info ][gc,heap     ] GC(80) Survivor regions: 1->1(10)
[2025-08-28T13:05:29.291+0000][1088462][info ][gc,heap     ] GC(80) Old regions: 29->29
[2025-08-28T13:05:29.291+0000][1088462][info ][gc,heap     ] GC(80) Humongous regions: 0->0
[2025-08-28T13:05:29.291+0000][1088462][info ][gc,metaspace] GC(80) Metaspace: 140083K(144000K)->140083K(144000K) NonClass: 121081K(123200K)->121081K(123200K) Class: 19002K(20800K)->19002K(20800K)
[2025-08-28T13:05:29.291+0000][1088462][info ][gc          ] GC(80) Pause Young (Normal) (G1 Evacuation Pause) 414M->114M(512M) 2.981ms
[2025-08-28T13:05:29.292+0000][1088462][info ][gc,cpu      ] GC(80) User=0.01s Sys=0.01s Real=0.01s
[2025-08-28T13:05:29.292+0000][1088462][info ][safepoint   ] Safepoint "G1CollectForAllocation", Time since last: 2572478154 ns, Reaching safepoint: 19910 ns, Cleanup: 5488 ns, At safepoint: 3156153 ns, Total: 3181551 ns
[2025-08-28T13:05:30.292+0000][1088462][info ][safepoint   ] Safepoint "Cleanup", Time since last: 1000092740 ns, Reaching safepoint: 26971 ns, Cleanup: 16545 ns, At safepoint: 2894 ns, Total: 46410 ns
[2025-08-28T13:05:35.292+0000][1088462][info ][safepoint   ] Safepoint "Cleanup", Time since last: 5000409199 ns, Reaching safepoint: 62024 ns, Cleanup: 17256 ns, At safepoint: 3555 ns, Total: 82835 ns
[2025-08-28T13:05:35.401+0000][1088462][info ][gc,start    ] GC(81) Pause Young (Normal) (G1 Evacuation Pause)
[2025-08-28T13:05:35.401+0000][1088462][info ][gc,task     ] GC(81) Using 12 workers of 33 for evacuation
[2025-08-28T13:05:35.401+0000][1088462][debug][gc,age      ] GC(81) Desired survivor size 20971520 bytes, new threshold 15 (max threshold 15)
[2025-08-28T13:05:35.404+0000][1088462][info ][gc,phases   ] GC(81)   Pre Evacuate Collection Set: 0.2ms
[2025-08-28T13:05:35.404+0000][1088462][info ][gc,phases   ] GC(81)   Merge Heap Roots: 0.1ms
[2025-08-28T13:05:35.404+0000][1088462][info ][gc,phases   ] GC(81)   Evacuate Collection Set: 1.9ms
[2025-08-28T13:05:35.404+0000][1088462][info ][gc,phases   ] GC(81)   Post Evacuate Collection Set: 0.4ms
[2025-08-28T13:05:35.404+0000][1088462][info ][gc,phases   ] GC(81)   Other: 0.1ms
[2025-08-28T13:05:35.404+0000][1088462][trace][gc,age      ] GC(81) Age table with threshold 15 (max threshold 15)
[2025-08-28T13:05:35.404+0000][1088462][trace][gc,age      ] GC(81) - age   1:     543456 bytes,     543456 total
[2025-08-28T13:05:35.404+0000][1088462][trace][gc,age      ] GC(81) - age   2:         32 bytes,     543488 total
[2025-08-28T13:05:35.404+0000][1088462][trace][gc,age      ] GC(81) - age   3:        840 bytes,     544328 total
[2025-08-28T13:05:35.404+0000][1088462][trace][gc,age      ] GC(81) - age   5:         32 bytes,     544360 total
[2025-08-28T13:05:35.404+0000][1088462][trace][gc,age      ] GC(81) - age   6:     401624 bytes,     945984 total
[2025-08-28T13:05:35.404+0000][1088462][trace][gc,age      ] GC(81) - age   7:      11624 bytes,     957608 total
[2025-08-28T13:05:35.404+0000][1088462][trace][gc,age      ] GC(81) - age   8:       1520 bytes,     959128 total
[2025-08-28T13:05:35.404+0000][1088462][trace][gc,age      ] GC(81) - age  11:         64 bytes,     959192 total
[2025-08-28T13:05:35.404+0000][1088462][trace][gc,age      ] GC(81) - age  12:         24 bytes,     959216 total
[2025-08-28T13:05:35.404+0000][1088462][trace][gc,age      ] GC(81) - age  13:        224 bytes,     959440 total
[2025-08-28T13:05:35.404+0000][1088462][trace][gc,age      ] GC(81) - age  14:       1624 bytes,     961064 total
[2025-08-28T13:05:35.404+0000][1088462][trace][gc,age      ] GC(81) - age  15:      10528 bytes,     971592 total
[2025-08-28T13:05:35.404+0000][1088462][info ][gc,heap     ] GC(81) Eden regions: 75->0(75)
[2025-08-28T13:05:35.404+0000][1088462][info ][gc,heap     ] GC(81) Survivor regions: 1->1(10)
[2025-08-28T13:05:35.404+0000][1088462][info ][gc,heap     ] GC(81) Old regions: 29->29
[2025-08-28T13:05:35.404+0000][1088462][info ][gc,heap     ] GC(81) Humongous regions: 0->0
[2025-08-28T13:05:35.404+0000][1088462][info ][gc,metaspace] GC(81) Metaspace: 140084K(144000K)->140084K(144000K) NonClass: 121082K(123200K)->121082K(123200K) Class: 19002K(20800K)->19002K(20800K)
[2025-08-28T13:05:35.404+0000][1088462][info ][gc          ] GC(81) Pause Young (Normal) (G1 Evacuation Pause) 414M->114M(512M) 2.777ms
[2025-08-28T13:05:35.404+0000][1088462][info ][gc,cpu      ] GC(81) User=0.01s Sys=0.00s Real=0.00s
[2025-08-28T13:05:35.404+0000][1088462][info ][safepoint   ] Safepoint "G1CollectForAllocation", Time since last: 108796596 ns, Reaching safepoint: 28053 ns, Cleanup: 5388 ns, At safepoint: 2898876 ns, Total: 2932317 ns
[2025-08-28T13:05:37.404+0000][1088462][info ][safepoint   ] Safepoint "Cleanup", Time since last: 2000175245 ns, Reaching safepoint: 58488 ns, Cleanup: 16715 ns, At safepoint: 3535 ns, Total: 78738 ns
[2025-08-28T13:05:41.438+0000][1088462][info ][gc,start    ] GC(82) Pause Young (Normal) (G1 Evacuation Pause)
[2025-08-28T13:05:41.438+0000][1088462][info ][gc,task     ] GC(82) Using 12 workers of 33 for evacuation
[2025-08-28T13:05:41.438+0000][1088462][debug][gc,age      ] GC(82) Desired survivor size 20971520 bytes, new threshold 15 (max threshold 15)
[2025-08-28T13:05:41.440+0000][1088462][info ][gc,phases   ] GC(82)   Pre Evacuate Collection Set: 0.2ms
[2025-08-28T13:05:41.440+0000][1088462][info ][gc,phases   ] GC(82)   Merge Heap Roots: 0.1ms
[2025-08-28T13:05:41.440+0000][1088462][info ][gc,phases   ] GC(82)   Evacuate Collection Set: 1.6ms
[2025-08-28T13:05:41.440+0000][1088462][info ][gc,phases   ] GC(82)   Post Evacuate Collection Set: 0.4ms
[2025-08-28T13:05:41.440+0000][1088462][info ][gc,phases   ] GC(82)   Other: 0.1ms
[2025-08-28T13:05:41.440+0000][1088462][trace][gc,age      ] GC(82) Age table with threshold 15 (max threshold 15)
[2025-08-28T13:05:41.440+0000][1088462][trace][gc,age      ] GC(82) - age   1:     555696 bytes,     555696 total
[2025-08-28T13:05:41.440+0000][1088462][trace][gc,age      ] GC(82) - age   2:       3208 bytes,     558904 total
[2025-08-28T13:05:41.440+0000][1088462][trace][gc,age      ] GC(82) - age   3:         32 bytes,     558936 total
[2025-08-28T13:05:41.440+0000][1088462][trace][gc,age      ] GC(82) - age   4:        840 bytes,     559776 total
[2025-08-28T13:05:41.440+0000][1088462][trace][gc,age      ] GC(82) - age   6:         32 bytes,     559808 total
[2025-08-28T13:05:41.440+0000][1088462][trace][gc,age      ] GC(82) - age   7:     401624 bytes,     961432 total
[2025-08-28T13:05:41.440+0000][1088462][trace][gc,age      ] GC(82) - age   8:      11624 bytes,     973056 total
[2025-08-28T13:05:41.440+0000][1088462][trace][gc,age      ] GC(82) - age   9:       1520 bytes,     974576 total
[2025-08-28T13:05:41.440+0000][1088462][trace][gc,age      ] GC(82) - age  12:         64 bytes,     974640 total
[2025-08-28T13:05:41.440+0000][1088462][trace][gc,age      ] GC(82) - age  13:         24 bytes,     974664 total
[2025-08-28T13:05:41.440+0000][1088462][trace][gc,age      ] GC(82) - age  14:        224 bytes,     974888 total
[2025-08-28T13:05:41.441+0000][1088462][trace][gc,age      ] GC(82) - age  15:       1624 bytes,     976512 total
[2025-08-28T13:05:41.441+0000][1088462][info ][gc,heap     ] GC(82) Eden regions: 75->0(75)
[2025-08-28T13:05:41.441+0000][1088462][info ][gc,heap     ] GC(82) Survivor regions: 1->1(10)
[2025-08-28T13:05:41.441+0000][1088462][info ][gc,heap     ] GC(82) Old regions: 29->29
[2025-08-28T13:05:41.441+0000][1088462][info ][gc,heap     ] GC(82) Humongous regions: 0->0
[2025-08-28T13:05:41.441+0000][1088462][info ][gc,metaspace] GC(82) Metaspace: 140084K(144000K)->140084K(144000K) NonClass: 121082K(123200K)->121082K(123200K) Class: 19002K(20800K)->19002K(20800K)
[2025-08-28T13:05:41.441+0000][1088462][info ][gc          ] GC(82) Pause Young (Normal) (G1 Evacuation Pause) 414M->114M(512M) 2.467ms
[2025-08-28T13:05:41.441+0000][1088462][info ][gc,cpu      ] GC(82) User=0.01s Sys=0.01s Real=0.00s
[2025-08-28T13:05:41.441+0000][1088462][info ][safepoint   ] Safepoint "G1CollectForAllocation", Time since last: 4033771472 ns, Reaching safepoint: 28192 ns, Cleanup: 4887 ns, At safepoint: 2590363 ns, Total: 2623442 ns
[2025-08-28T13:05:42.441+0000][1088462][info ][safepoint   ] Safepoint "Cleanup", Time since last: 1000115154 ns, Reaching safepoint: 65188 ns, Cleanup: 16465 ns, At safepoint: 6029 ns, Total: 87682 ns
[2025-08-28T13:05:45.441+0000][1088462][info ][safepoint   ] Safepoint "Cleanup", Time since last: 3000299572 ns, Reaching safepoint: 26540 ns, Cleanup: 15674 ns, At safepoint: 3565 ns, Total: 45779 ns
[2025-08-28T13:05:47.628+0000][1088462][info ][gc,start    ] GC(83) Pause Young (Normal) (G1 Evacuation Pause)
[2025-08-28T13:05:47.628+0000][1088462][info ][gc,task     ] GC(83) Using 12 workers of 33 for evacuation
[2025-08-28T13:05:47.628+0000][1088462][debug][gc,age      ] GC(83) Desired survivor size 20971520 bytes, new threshold 15 (max threshold 15)
[2025-08-28T13:05:47.630+0000][1088462][info ][gc,phases   ] GC(83)   Pre Evacuate Collection Set: 0.2ms
[2025-08-28T13:05:47.630+0000][1088462][info ][gc,phases   ] GC(83)   Merge Heap Roots: 0.1ms
[2025-08-28T13:05:47.630+0000][1088462][info ][gc,phases   ] GC(83)   Evacuate Collection Set: 1.6ms
[2025-08-28T13:05:47.630+0000][1088462][info ][gc,phases   ] GC(83)   Post Evacuate Collection Set: 0.4ms
[2025-08-28T13:05:47.630+0000][1088462][info ][gc,phases   ] GC(83)   Other: 0.1ms
[2025-08-28T13:05:47.630+0000][1088462][trace][gc,age      ] GC(83) Age table with threshold 15 (max threshold 15)
[2025-08-28T13:05:47.630+0000][1088462][trace][gc,age      ] GC(83) - age   1:     550504 bytes,     550504 total
[2025-08-28T13:05:47.630+0000][1088462][trace][gc,age      ] GC(83) - age   2:        240 bytes,     550744 total
[2025-08-28T13:05:47.630+0000][1088462][trace][gc,age      ] GC(83) - age   3:       3208 bytes,     553952 total
[2025-08-28T13:05:47.630+0000][1088462][trace][gc,age      ] GC(83) - age   4:         32 bytes,     553984 total
[2025-08-28T13:05:47.630+0000][1088462][trace][gc,age      ] GC(83) - age   5:        840 bytes,     554824 total
[2025-08-28T13:05:47.630+0000][1088462][trace][gc,age      ] GC(83) - age   7:         32 bytes,     554856 total
[2025-08-28T13:05:47.630+0000][1088462][trace][gc,age      ] GC(83) - age   8:     401624 bytes,     956480 total
[2025-08-28T13:05:47.630+0000][1088462][trace][gc,age      ] GC(83) - age   9:       1312 bytes,     957792 total
[2025-08-28T13:05:47.630+0000][1088462][trace][gc,age      ] GC(83) - age  10:       1520 bytes,     959312 total
[2025-08-28T13:05:47.630+0000][1088462][trace][gc,age      ] GC(83) - age  13:         64 bytes,     959376 total
[2025-08-28T13:05:47.630+0000][1088462][trace][gc,age      ] GC(83) - age  14:         24 bytes,     959400 total
[2025-08-28T13:05:47.630+0000][1088462][trace][gc,age      ] GC(83) - age  15:        224 bytes,     959624 total
[2025-08-28T13:05:47.630+0000][1088462][info ][gc,heap     ] GC(83) Eden regions: 75->0(75)
[2025-08-28T13:05:47.630+0000][1088462][info ][gc,heap     ] GC(83) Survivor regions: 1->1(10)
[2025-08-28T13:05:47.630+0000][1088462][info ][gc,heap     ] GC(83) Old regions: 29->29
[2025-08-28T13:05:47.630+0000][1088462][info ][gc,heap     ] GC(83) Humongous regions: 0->0
[2025-08-28T13:05:47.630+0000][1088462][info ][gc,metaspace] GC(83) Metaspace: 140084K(144000K)->140084K(144000K) NonClass: 121082K(123200K)->121082K(123200K) Class: 19002K(20800K)->19002K(20800K)
[2025-08-28T13:05:47.630+0000][1088462][info ][gc          ] GC(83) Pause Young (Normal) (G1 Evacuation Pause) 414M->114M(512M) 2.480ms
[2025-08-28T13:05:47.631+0000][1088462][info ][gc,cpu      ] GC(83) User=0.01s Sys=0.00s Real=0.00s
[2025-08-28T13:05:47.631+0000][1088462][info ][safepoint   ] Safepoint "G1CollectForAllocation", Time since last: 2186748015 ns, Reaching safepoint: 60471 ns, Cleanup: 5728 ns, At safepoint: 2599627 ns, Total: 2665826 ns
[2025-08-28T13:05:52.631+0000][1088462][info ][safepoint   ] Safepoint "Cleanup", Time since last: 5000455859 ns, Reaching safepoint: 63816 ns, Cleanup: 18728 ns, At safepoint: 3275 ns, Total: 85819 ns
[2025-08-28T13:05:53.553+0000][1088462][info ][gc,start    ] GC(84) Pause Young (Normal) (G1 Evacuation Pause)
[2025-08-28T13:05:53.553+0000][1088462][info ][gc,task     ] GC(84) Using 12 workers of 33 for evacuation
[2025-08-28T13:05:53.553+0000][1088462][debug][gc,age      ] GC(84) Desired survivor size 20971520 bytes, new threshold 15 (max threshold 15)
[2025-08-28T13:05:53.555+0000][1088462][info ][gc,phases   ] GC(84)   Pre Evacuate Collection Set: 0.2ms
[2025-08-28T13:05:53.555+0000][1088462][info ][gc,phases   ] GC(84)   Merge Heap Roots: 0.1ms
[2025-08-28T13:05:53.555+0000][1088462][info ][gc,phases   ] GC(84)   Evacuate Collection Set: 1.5ms
[2025-08-28T13:05:53.555+0000][1088462][info ][gc,phases   ] GC(84)   Post Evacuate Collection Set: 0.4ms
[2025-08-28T13:05:53.555+0000][1088462][info ][gc,phases   ] GC(84)   Other: 0.1ms
[2025-08-28T13:05:53.555+0000][1088462][trace][gc,age      ] GC(84) Age table with threshold 15 (max threshold 15)
[2025-08-28T13:05:53.555+0000][1088462][trace][gc,age      ] GC(84) - age   1:     541376 bytes,     541376 total
[2025-08-28T13:05:53.555+0000][1088462][trace][gc,age      ] GC(84) - age   2:      10632 bytes,     552008 total
[2025-08-28T13:05:53.555+0000][1088462][trace][gc,age      ] GC(84) - age   4:       2728 bytes,     554736 total
[2025-08-28T13:05:53.555+0000][1088462][trace][gc,age      ] GC(84) - age   5:         32 bytes,     554768 total
[2025-08-28T13:05:53.555+0000][1088462][trace][gc,age      ] GC(84) - age   6:        752 bytes,     555520 total
[2025-08-28T13:05:53.555+0000][1088462][trace][gc,age      ] GC(84) - age   8:         32 bytes,     555552 total
[2025-08-28T13:05:53.555+0000][1088462][trace][gc,age      ] GC(84) - age   9:     401624 bytes,     957176 total
[2025-08-28T13:05:53.555+0000][1088462][trace][gc,age      ] GC(84) - age  10:       1312 bytes,     958488 total
[2025-08-28T13:05:53.555+0000][1088462][trace][gc,age      ] GC(84) - age  11:       1184 bytes,     959672 total
[2025-08-28T13:05:53.555+0000][1088462][trace][gc,age      ] GC(84) - age  14:         64 bytes,     959736 total
[2025-08-28T13:05:53.556+0000][1088462][trace][gc,age      ] GC(84) - age  15:         24 bytes,     959760 total
[2025-08-28T13:05:53.556+0000][1088462][info ][gc,heap     ] GC(84) Eden regions: 75->0(75)
[2025-08-28T13:05:53.556+0000][1088462][info ][gc,heap     ] GC(84) Survivor regions: 1->1(10)
[2025-08-28T13:05:53.556+0000][1088462][info ][gc,heap     ] GC(84) Old regions: 29->29
[2025-08-28T13:05:53.556+0000][1088462][info ][gc,heap     ] GC(84) Humongous regions: 0->0
[2025-08-28T13:05:53.556+0000][1088462][info ][gc,metaspace] GC(84) Metaspace: 140085K(144000K)->140085K(144000K) NonClass: 121082K(123200K)->121082K(123200K) Class: 19002K(20800K)->19002K(20800K)
[2025-08-28T13:05:53.556+0000][1088462][info ][gc          ] GC(84) Pause Young (Normal) (G1 Evacuation Pause) 414M->114M(512M) 2.403ms
[2025-08-28T13:05:53.556+0000][1088462][info ][gc,cpu      ] GC(84) User=0.01s Sys=0.00s Real=0.00s
[2025-08-28T13:05:53.556+0000][1088462][info ][safepoint   ] Safepoint "G1CollectForAllocation", Time since last: 921940743 ns, Reaching safepoint: 27521 ns, Cleanup: 5048 ns, At safepoint: 2527057 ns, Total: 2559626 ns
[2025-08-28T13:05:57.765+0000][1088462][info ][safepoint   ] Safepoint "Cleanup", Time since last: 4208877721 ns, Reaching safepoint: 61883 ns, Cleanup: 16304 ns, At safepoint: 3305 ns, Total: 81492 ns
[2025-08-28T13:05:59.591+0000][1088462][info ][gc,start    ] GC(85) Pause Young (Normal) (G1 Evacuation Pause)
[2025-08-28T13:05:59.591+0000][1088462][info ][gc,task     ] GC(85) Using 12 workers of 33 for evacuation
[2025-08-28T13:05:59.591+0000][1088462][debug][gc,age      ] GC(85) Desired survivor size 20971520 bytes, new threshold 15 (max threshold 15)
[2025-08-28T13:05:59.593+0000][1088462][info ][gc,phases   ] GC(85)   Pre Evacuate Collection Set: 0.2ms
[2025-08-28T13:05:59.593+0000][1088462][info ][gc,phases   ] GC(85)   Merge Heap Roots: 0.1ms
[2025-08-28T13:05:59.593+0000][1088462][info ][gc,phases   ] GC(85)   Evacuate Collection Set: 1.5ms
[2025-08-28T13:05:59.593+0000][1088462][info ][gc,phases   ] GC(85)   Post Evacuate Collection Set: 0.4ms
[2025-08-28T13:05:59.593+0000][1088462][info ][gc,phases   ] GC(85)   Other: 0.1ms
[2025-08-28T13:05:59.593+0000][1088462][trace][gc,age      ] GC(85) Age table with threshold 15 (max threshold 15)
[2025-08-28T13:05:59.593+0000][1088462][trace][gc,age      ] GC(85) - age   1:     540584 bytes,     540584 total
[2025-08-28T13:05:59.593+0000][1088462][trace][gc,age      ] GC(85) - age   2:       1368 bytes,     541952 total
[2025-08-28T13:05:59.593+0000][1088462][trace][gc,age      ] GC(85) - age   3:      10320 bytes,     552272 total
[2025-08-28T13:05:59.593+0000][1088462][trace][gc,age      ] GC(85) - age   5:       2552 bytes,     554824 total
[2025-08-28T13:05:59.593+0000][1088462][trace][gc,age      ] GC(85) - age   6:         32 bytes,     554856 total
[2025-08-28T13:05:59.593+0000][1088462][trace][gc,age      ] GC(85) - age   7:        752 bytes,     555608 total
[2025-08-28T13:05:59.593+0000][1088462][trace][gc,age      ] GC(85) - age   9:         32 bytes,     555640 total
[2025-08-28T13:05:59.593+0000][1088462][trace][gc,age      ] GC(85) - age  10:     401624 bytes,     957264 total
[2025-08-28T13:05:59.593+0000][1088462][trace][gc,age      ] GC(85) - age  11:       1136 bytes,     958400 total
[2025-08-28T13:05:59.593+0000][1088462][trace][gc,age      ] GC(85) - age  12:       1184 bytes,     959584 total
[2025-08-28T13:05:59.593+0000][1088462][trace][gc,age      ] GC(85) - age  15:         64 bytes,     959648 total
[2025-08-28T13:05:59.593+0000][1088462][info ][gc,heap     ] GC(85) Eden regions: 75->0(75)
[2025-08-28T13:05:59.593+0000][1088462][info ][gc,heap     ] GC(85) Survivor regions: 1->1(10)
[2025-08-28T13:05:59.593+0000][1088462][info ][gc,heap     ] GC(85) Old regions: 29->29
[2025-08-28T13:05:59.593+0000][1088462][info ][gc,heap     ] GC(85) Humongous regions: 0->0
[2025-08-28T13:05:59.593+0000][1088462][info ][gc,metaspace] GC(85) Metaspace: 140085K(144000K)->140085K(144000K) NonClass: 121082K(123200K)->121082K(123200K) Class: 19002K(20800K)->19002K(20800K)
[2025-08-28T13:05:59.593+0000][1088462][info ][gc          ] GC(85) Pause Young (Normal) (G1 Evacuation Pause) 414M->114M(512M) 2.467ms
[2025-08-28T13:05:59.593+0000][1088462][info ][gc,cpu      ] GC(85) User=0.01s Sys=0.01s Real=0.00s
[2025-08-28T13:05:59.593+0000][1088462][info ][safepoint   ] Safepoint "G1CollectForAllocation", Time since last: 1826014457 ns, Reaching safepoint: 45358 ns, Cleanup: 5609 ns, At safepoint: 2589581 ns, Total: 2640548 ns
[2025-08-28T13:06:01.593+0000][1088462][info ][safepoint   ] Safepoint "Cleanup", Time since last: 2000174053 ns, Reaching safepoint: 26801 ns, Cleanup: 15343 ns, At safepoint: 3064 ns, Total: 45208 ns
[2025-08-28T13:06:05.065+0000][1088462][info ][gc,start    ] GC(86) Pause Young (Normal) (G1 Evacuation Pause)
[2025-08-28T13:06:05.066+0000][1088462][info ][gc,task     ] GC(86) Using 12 workers of 33 for evacuation
[2025-08-28T13:06:05.066+0000][1088462][debug][gc,age      ] GC(86) Desired survivor size 20971520 bytes, new threshold 15 (max threshold 15)
[2025-08-28T13:06:05.068+0000][1088462][info ][gc,phases   ] GC(86)   Pre Evacuate Collection Set: 0.2ms
[2025-08-28T13:06:05.068+0000][1088462][info ][gc,phases   ] GC(86)   Merge Heap Roots: 0.1ms
[2025-08-28T13:06:05.068+0000][1088462][info ][gc,phases   ] GC(86)   Evacuate Collection Set: 1.4ms
[2025-08-28T13:06:05.068+0000][1088462][info ][gc,phases   ] GC(86)   Post Evacuate Collection Set: 0.4ms
[2025-08-28T13:06:05.068+0000][1088462][info ][gc,phases   ] GC(86)   Other: 0.1ms
[2025-08-28T13:06:05.068+0000][1088462][trace][gc,age      ] GC(86) Age table with threshold 15 (max threshold 15)
[2025-08-28T13:06:05.068+0000][1088462][trace][gc,age      ] GC(86) - age   1:     543848 bytes,     543848 total
[2025-08-28T13:06:05.068+0000][1088462][trace][gc,age      ] GC(86) - age   2:        576 bytes,     544424 total
[2025-08-28T13:06:05.068+0000][1088462][trace][gc,age      ] GC(86) - age   3:        560 bytes,     544984 total
[2025-08-28T13:06:05.068+0000][1088462][trace][gc,age      ] GC(86) - age   4:      10320 bytes,     555304 total
[2025-08-28T13:06:05.068+0000][1088462][trace][gc,age      ] GC(86) - age   6:        896 bytes,     556200 total
[2025-08-28T13:06:05.068+0000][1088462][trace][gc,age      ] GC(86) - age   8:        752 bytes,     556952 total
[2025-08-28T13:06:05.068+0000][1088462][trace][gc,age      ] GC(86) - age  10:         32 bytes,     556984 total
[2025-08-28T13:06:05.068+0000][1088462][trace][gc,age      ] GC(86) - age  11:     401096 bytes,     958080 total
[2025-08-28T13:06:05.068+0000][1088462][trace][gc,age      ] GC(86) - age  12:       1136 bytes,     959216 total
[2025-08-28T13:06:05.068+0000][1088462][trace][gc,age      ] GC(86) - age  13:       1184 bytes,     960400 total
[2025-08-28T13:06:05.068+0000][1088462][info ][gc,heap     ] GC(86) Eden regions: 75->0(75)
[2025-08-28T13:06:05.068+0000][1088462][info ][gc,heap     ] GC(86) Survivor regions: 1->1(10)
[2025-08-28T13:06:05.068+0000][1088462][info ][gc,heap     ] GC(86) Old regions: 29->29
[2025-08-28T13:06:05.068+0000][1088462][info ][gc,heap     ] GC(86) Humongous regions: 0->0
[2025-08-28T13:06:05.068+0000][1088462][info ][gc,metaspace] GC(86) Metaspace: 140090K(144000K)->140090K(144000K) NonClass: 121087K(123200K)->121087K(123200K) Class: 19002K(20800K)->19002K(20800K)
[2025-08-28T13:06:05.068+0000][1088462][info ][gc          ] GC(86) Pause Young (Normal) (G1 Evacuation Pause) 414M->114M(512M) 2.360ms
[2025-08-28T13:06:05.068+0000][1088462][info ][gc,cpu      ] GC(86) User=0.01s Sys=0.00s Real=0.00s
[2025-08-28T13:06:05.068+0000][1088462][info ][safepoint   ] Safepoint "G1CollectForAllocation", Time since last: 3471902332 ns, Reaching safepoint: 62433 ns, Cleanup: 5629 ns, At safepoint: 2481048 ns, Total: 2549110 ns
[2025-08-28T13:06:11.103+0000][1088462][info ][gc,start    ] GC(87) Pause Young (Normal) (G1 Evacuation Pause)
[2025-08-28T13:06:11.103+0000][1088462][info ][gc,task     ] GC(87) Using 12 workers of 33 for evacuation
[2025-08-28T13:06:11.103+0000][1088462][debug][gc,age      ] GC(87) Desired survivor size 20971520 bytes, new threshold 15 (max threshold 15)
[2025-08-28T13:06:11.106+0000][1088462][info ][gc,phases   ] GC(87)   Pre Evacuate Collection Set: 0.2ms
[2025-08-28T13:06:11.106+0000][1088462][info ][gc,phases   ] GC(87)   Merge Heap Roots: 0.1ms
[2025-08-28T13:06:11.106+0000][1088462][info ][gc,phases   ] GC(87)   Evacuate Collection Set: 1.5ms
[2025-08-28T13:06:11.106+0000][1088462][info ][gc,phases   ] GC(87)   Post Evacuate Collection Set: 0.4ms
[2025-08-28T13:06:11.106+0000][1088462][info ][gc,phases   ] GC(87)   Other: 0.1ms
[2025-08-28T13:06:11.106+0000][1088462][trace][gc,age      ] GC(87) Age table with threshold 15 (max threshold 15)
[2025-08-28T13:06:11.106+0000][1088462][trace][gc,age      ] GC(87) - age   1:     540264 bytes,     540264 total
[2025-08-28T13:06:11.106+0000][1088462][trace][gc,age      ] GC(87) - age   2:       3976 bytes,     544240 total
[2025-08-28T13:06:11.106+0000][1088462][trace][gc,age      ] GC(87) - age   3:        576 bytes,     544816 total
[2025-08-28T13:06:11.106+0000][1088462][trace][gc,age      ] GC(87) - age   4:        560 bytes,     545376 total
[2025-08-28T13:06:11.106+0000][1088462][trace][gc,age      ] GC(87) - age   5:      10320 bytes,     555696 total
[2025-08-28T13:06:11.106+0000][1088462][trace][gc,age      ] GC(87) - age   7:        672 bytes,     556368 total
[2025-08-28T13:06:11.106+0000][1088462][trace][gc,age      ] GC(87) - age   9:        752 bytes,     557120 total
[2025-08-28T13:06:11.106+0000][1088462][trace][gc,age      ] GC(87) - age  12:     401096 bytes,     958216 total
[2025-08-28T13:06:11.106+0000][1088462][trace][gc,age      ] GC(87) - age  13:       1136 bytes,     959352 total
[2025-08-28T13:06:11.106+0000][1088462][trace][gc,age      ] GC(87) - age  14:       1184 bytes,     960536 total
[2025-08-28T13:06:11.106+0000][1088462][info ][gc,heap     ] GC(87) Eden regions: 75->0(75)
[2025-08-28T13:06:11.106+0000][1088462][info ][gc,heap     ] GC(87) Survivor regions: 1->1(10)
[2025-08-28T13:06:11.106+0000][1088462][info ][gc,heap     ] GC(87) Old regions: 29->29
[2025-08-28T13:06:11.106+0000][1088462][info ][gc,heap     ] GC(87) Humongous regions: 0->0
[2025-08-28T13:06:11.106+0000][1088462][info ][gc,metaspace] GC(87) Metaspace: 140092K(144000K)->140092K(144000K) NonClass: 121090K(123200K)->121090K(123200K) Class: 19002K(20800K)->19002K(20800K)
[2025-08-28T13:06:11.106+0000][1088462][info ][gc          ] GC(87) Pause Young (Normal) (G1 Evacuation Pause) 414M->114M(512M) 2.479ms
[2025-08-28T13:06:11.106+0000][1088462][info ][gc,cpu      ] GC(87) User=0.01s Sys=0.00s Real=0.00s
[2025-08-28T13:06:11.106+0000][1088462][info ][safepoint   ] Safepoint "G1CollectForAllocation", Time since last: 6035193009 ns, Reaching safepoint: 63356 ns, Cleanup: 5408 ns, At safepoint: 2669311 ns, Total: 2738075 ns
[2025-08-28T13:06:12.106+0000][1088462][info ][safepoint   ] Safepoint "Cleanup", Time since last: 1000096997 ns, Reaching safepoint: 19649 ns, Cleanup: 15553 ns, At safepoint: 3716 ns, Total: 38918 ns
[2025-08-28T13:06:17.278+0000][1088462][info ][gc,start    ] GC(88) Pause Young (Normal) (G1 Evacuation Pause)
[2025-08-28T13:06:17.278+0000][1088462][info ][gc,task     ] GC(88) Using 12 workers of 33 for evacuation
[2025-08-28T13:06:17.278+0000][1088462][debug][gc,age      ] GC(88) Desired survivor size 20971520 bytes, new threshold 15 (max threshold 15)
[2025-08-28T13:06:17.281+0000][1088462][info ][gc,phases   ] GC(88)   Pre Evacuate Collection Set: 0.2ms
[2025-08-28T13:06:17.281+0000][1088462][info ][gc,phases   ] GC(88)   Merge Heap Roots: 0.1ms
[2025-08-28T13:06:17.281+0000][1088462][info ][gc,phases   ] GC(88)   Evacuate Collection Set: 1.7ms
[2025-08-28T13:06:17.281+0000][1088462][info ][gc,phases   ] GC(88)   Post Evacuate Collection Set: 0.4ms
[2025-08-28T13:06:17.281+0000][1088462][info ][gc,phases   ] GC(88)   Other: 0.1ms
[2025-08-28T13:06:17.281+0000][1088462][trace][gc,age      ] GC(88) Age table with threshold 15 (max threshold 15)
[2025-08-28T13:06:17.281+0000][1088462][trace][gc,age      ] GC(88) - age   1:     540248 bytes,     540248 total
[2025-08-28T13:06:17.281+0000][1088462][trace][gc,age      ] GC(88) - age   2:        256 bytes,     540504 total
[2025-08-28T13:06:17.281+0000][1088462][trace][gc,age      ] GC(88) - age   3:       3736 bytes,     544240 total
[2025-08-28T13:06:17.281+0000][1088462][trace][gc,age      ] GC(88) - age   4:        576 bytes,     544816 total
[2025-08-28T13:06:17.281+0000][1088462][trace][gc,age      ] GC(88) - age   5:        560 bytes,     545376 total
[2025-08-28T13:06:17.281+0000][1088462][trace][gc,age      ] GC(88) - age   6:      10320 bytes,     555696 total
[2025-08-28T13:06:17.281+0000][1088462][trace][gc,age      ] GC(88) - age   8:        672 bytes,     556368 total
[2025-08-28T13:06:17.281+0000][1088462][trace][gc,age      ] GC(88) - age  10:        752 bytes,     557120 total
[2025-08-28T13:06:17.281+0000][1088462][trace][gc,age      ] GC(88) - age  13:     401096 bytes,     958216 total
[2025-08-28T13:06:17.281+0000][1088462][trace][gc,age      ] GC(88) - age  14:       1136 bytes,     959352 total
[2025-08-28T13:06:17.281+0000][1088462][trace][gc,age      ] GC(88) - age  15:       1184 bytes,     960536 total
[2025-08-28T13:06:17.281+0000][1088462][info ][gc,heap     ] GC(88) Eden regions: 75->0(75)
[2025-08-28T13:06:17.281+0000][1088462][info ][gc,heap     ] GC(88) Survivor regions: 1->1(10)
[2025-08-28T13:06:17.281+0000][1088462][info ][gc,heap     ] GC(88) Old regions: 29->29
[2025-08-28T13:06:17.281+0000][1088462][info ][gc,heap     ] GC(88) Humongous regions: 0->0
[2025-08-28T13:06:17.281+0000][1088462][info ][gc,metaspace] GC(88) Metaspace: 140092K(144000K)->140092K(144000K) NonClass: 121090K(123200K)->121090K(123200K) Class: 19002K(20800K)->19002K(20800K)
[2025-08-28T13:06:17.281+0000][1088462][info ][gc          ] GC(88) Pause Young (Normal) (G1 Evacuation Pause) 414M->114M(512M) 2.567ms
[2025-08-28T13:06:17.281+0000][1088462][info ][gc,cpu      ] GC(88) User=0.01s Sys=0.01s Real=0.01s
[2025-08-28T13:06:17.281+0000][1088462][info ][safepoint   ] Safepoint "G1CollectForAllocation", Time since last: 5172141418 ns, Reaching safepoint: 19510 ns, Cleanup: 6049 ns, At safepoint: 2681118 ns, Total: 2706677 ns
[2025-08-28T13:06:22.281+0000][1088462][info ][gc,start    ] GC(89) Pause Young (Normal) (G1 Evacuation Pause)
[2025-08-28T13:06:22.281+0000][1088462][info ][gc,task     ] GC(89) Using 12 workers of 33 for evacuation
[2025-08-28T13:06:22.281+0000][1088462][debug][gc,age      ] GC(89) Desired survivor size 20971520 bytes, new threshold 15 (max threshold 15)
[2025-08-28T13:06:22.283+0000][1088462][info ][gc,phases   ] GC(89)   Pre Evacuate Collection Set: 0.2ms
[2025-08-28T13:06:22.283+0000][1088462][info ][gc,phases   ] GC(89)   Merge Heap Roots: 0.1ms
[2025-08-28T13:06:22.283+0000][1088462][info ][gc,phases   ] GC(89)   Evacuate Collection Set: 1.3ms
[2025-08-28T13:06:22.283+0000][1088462][info ][gc,phases   ] GC(89)   Post Evacuate Collection Set: 0.4ms
[2025-08-28T13:06:22.283+0000][1088462][info ][gc,phases   ] GC(89)   Other: 0.1ms
[2025-08-28T13:06:22.283+0000][1088462][trace][gc,age      ] GC(89) Age table with threshold 15 (max threshold 15)
[2025-08-28T13:06:22.283+0000][1088462][trace][gc,age      ] GC(89) - age   1:     540872 bytes,     540872 total
[2025-08-28T13:06:22.283+0000][1088462][trace][gc,age      ] GC(89) - age   3:        256 bytes,     541128 total
[2025-08-28T13:06:22.283+0000][1088462][trace][gc,age      ] GC(89) - age   4:       3288 bytes,     544416 total
[2025-08-28T13:06:22.283+0000][1088462][trace][gc,age      ] GC(89) - age   5:        576 bytes,     544992 total
[2025-08-28T13:06:22.283+0000][1088462][trace][gc,age      ] GC(89) - age   6:        560 bytes,     545552 total
[2025-08-28T13:06:22.283+0000][1088462][trace][gc,age      ] GC(89) - age   7:      10160 bytes,     555712 total
[2025-08-28T13:06:22.283+0000][1088462][trace][gc,age      ] GC(89) - age   9:        584 bytes,     556296 total
[2025-08-28T13:06:22.283+0000][1088462][trace][gc,age      ] GC(89) - age  11:        528 bytes,     556824 total
[2025-08-28T13:06:22.283+0000][1088462][trace][gc,age      ] GC(89) - age  14:     401096 bytes,     957920 total
[2025-08-28T13:06:22.283+0000][1088462][trace][gc,age      ] GC(89) - age  15:       1136 bytes,     959056 total
[2025-08-28T13:06:22.283+0000][1088462][info ][gc,heap     ] GC(89) Eden regions: 75->0(75)
[2025-08-28T13:06:22.283+0000][1088462][info ][gc,heap     ] GC(89) Survivor regions: 1->1(10)
[2025-08-28T13:06:22.283+0000][1088462][info ][gc,heap     ] GC(89) Old regions: 29->29
[2025-08-28T13:06:22.283+0000][1088462][info ][gc,heap     ] GC(89) Humongous regions: 0->0
[2025-08-28T13:06:22.283+0000][1088462][info ][gc,metaspace] GC(89) Metaspace: 140094K(144000K)->140094K(144000K) NonClass: 121092K(123200K)->121092K(123200K) Class: 19002K(20800K)->19002K(20800K)
[2025-08-28T13:06:22.283+0000][1088462][info ][gc          ] GC(89) Pause Young (Normal) (G1 Evacuation Pause) 414M->114M(512M) 2.200ms
[2025-08-28T13:06:22.283+0000][1088462][info ][gc,cpu      ] GC(89) User=0.01s Sys=0.01s Real=0.00s
[2025-08-28T13:06:22.284+0000][1088462][info ][safepoint   ] Safepoint "G1CollectForAllocation", Time since last: 5000403281 ns, Reaching safepoint: 21132 ns, Cleanup: 6109 ns, At safepoint: 2303151 ns, Total: 2330392 ns
[2025-08-28T13:06:25.284+0000][1088462][info ][safepoint   ] Safepoint "Cleanup", Time since last: 3000236137 ns, Reaching safepoint: 52759 ns, Cleanup: 12419 ns, At safepoint: 6189 ns, Total: 71367 ns
[2025-08-28T13:06:28.414+0000][1088462][info ][gc,start    ] GC(90) Pause Young (Normal) (G1 Evacuation Pause)
[2025-08-28T13:06:28.414+0000][1088462][info ][gc,task     ] GC(90) Using 12 workers of 33 for evacuation
[2025-08-28T13:06:28.414+0000][1088462][debug][gc,age      ] GC(90) Desired survivor size 20971520 bytes, new threshold 15 (max threshold 15)
[2025-08-28T13:06:28.416+0000][1088462][info ][gc,phases   ] GC(90)   Pre Evacuate Collection Set: 0.2ms
[2025-08-28T13:06:28.416+0000][1088462][info ][gc,phases   ] GC(90)   Merge Heap Roots: 0.1ms
[2025-08-28T13:06:28.416+0000][1088462][info ][gc,phases   ] GC(90)   Evacuate Collection Set: 1.8ms
[2025-08-28T13:06:28.416+0000][1088462][info ][gc,phases   ] GC(90)   Post Evacuate Collection Set: 0.4ms
[2025-08-28T13:06:28.416+0000][1088462][info ][gc,phases   ] GC(90)   Other: 0.1ms
[2025-08-28T13:06:28.416+0000][1088462][trace][gc,age      ] GC(90) Age table with threshold 15 (max threshold 15)
[2025-08-28T13:06:28.416+0000][1088462][trace][gc,age      ] GC(90) - age   1:     551160 bytes,     551160 total
[2025-08-28T13:06:28.416+0000][1088462][trace][gc,age      ] GC(90) - age   2:        936 bytes,     552096 total
[2025-08-28T13:06:28.416+0000][1088462][trace][gc,age      ] GC(90) - age   4:        256 bytes,     552352 total
[2025-08-28T13:06:28.416+0000][1088462][trace][gc,age      ] GC(90) - age   5:       3256 bytes,     555608 total
[2025-08-28T13:06:28.416+0000][1088462][trace][gc,age      ] GC(90) - age   6:        576 bytes,     556184 total
[2025-08-28T13:06:28.416+0000][1088462][trace][gc,age      ] GC(90) - age   7:        560 bytes,     556744 total
[2025-08-28T13:06:28.416+0000][1088462][trace][gc,age      ] GC(90) - age   8:        160 bytes,     556904 total
[2025-08-28T13:06:28.416+0000][1088462][trace][gc,age      ] GC(90) - age  10:        584 bytes,     557488 total
[2025-08-28T13:06:28.416+0000][1088462][trace][gc,age      ] GC(90) - age  12:        192 bytes,     557680 total
[2025-08-28T13:06:28.416+0000][1088462][trace][gc,age      ] GC(90) - age  15:     401096 bytes,     958776 total
[2025-08-28T13:06:28.416+0000][1088462][info ][gc,heap     ] GC(90) Eden regions: 75->0(75)
[2025-08-28T13:06:28.416+0000][1088462][info ][gc,heap     ] GC(90) Survivor regions: 1->1(10)
[2025-08-28T13:06:28.416+0000][1088462][info ][gc,heap     ] GC(90) Old regions: 29->29
[2025-08-28T13:06:28.416+0000][1088462][info ][gc,heap     ] GC(90) Humongous regions: 0->0
[2025-08-28T13:06:28.416+0000][1088462][info ][gc,metaspace] GC(90) Metaspace: 140100K(144000K)->140100K(144000K) NonClass: 121097K(123200K)->121097K(123200K) Class: 19002K(20800K)->19002K(20800K)
[2025-08-28T13:06:28.416+0000][1088462][info ][gc          ] GC(90) Pause Young (Normal) (G1 Evacuation Pause) 414M->114M(512M) 2.660ms
[2025-08-28T13:06:28.416+0000][1088462][info ][gc,cpu      ] GC(90) User=0.01s Sys=0.00s Real=0.00s
[2025-08-28T13:06:28.416+0000][1088462][info ][safepoint   ] Safepoint "G1CollectForAllocation", Time since last: 3129779046 ns, Reaching safepoint: 17226 ns, Cleanup: 5018 ns, At safepoint: 2752004 ns, Total: 2774248 ns
[2025-08-28T13:06:34.451+0000][1088462][info ][gc,start    ] GC(91) Pause Young (Normal) (G1 Evacuation Pause)
[2025-08-28T13:06:34.451+0000][1088462][info ][gc,task     ] GC(91) Using 12 workers of 33 for evacuation
[2025-08-28T13:06:34.451+0000][1088462][debug][gc,age      ] GC(91) Desired survivor size 20971520 bytes, new threshold 15 (max threshold 15)
[2025-08-28T13:06:34.453+0000][1088462][info ][gc,phases   ] GC(91)   Pre Evacuate Collection Set: 0.2ms
[2025-08-28T13:06:34.453+0000][1088462][info ][gc,phases   ] GC(91)   Merge Heap Roots: 0.1ms
[2025-08-28T13:06:34.453+0000][1088462][info ][gc,phases   ] GC(91)   Evacuate Collection Set: 1.3ms
[2025-08-28T13:06:34.453+0000][1088462][info ][gc,phases   ] GC(91)   Post Evacuate Collection Set: 0.4ms
[2025-08-28T13:06:34.453+0000][1088462][info ][gc,phases   ] GC(91)   Other: 0.1ms
[2025-08-28T13:06:34.453+0000][1088462][trace][gc,age      ] GC(91) Age table with threshold 15 (max threshold 15)
[2025-08-28T13:06:34.453+0000][1088462][trace][gc,age      ] GC(91) - age   1:     557880 bytes,     557880 total
[2025-08-28T13:06:34.453+0000][1088462][trace][gc,age      ] GC(91) - age   2:      11056 bytes,     568936 total
[2025-08-28T13:06:34.453+0000][1088462][trace][gc,age      ] GC(91) - age   3:        224 bytes,     569160 total
[2025-08-28T13:06:34.453+0000][1088462][trace][gc,age      ] GC(91) - age   5:        256 bytes,     569416 total
[2025-08-28T13:06:34.453+0000][1088462][trace][gc,age      ] GC(91) - age   6:       1568 bytes,     570984 total
[2025-08-28T13:06:34.453+0000][1088462][trace][gc,age      ] GC(91) - age   7:        400 bytes,     571384 total
[2025-08-28T13:06:34.453+0000][1088462][trace][gc,age      ] GC(91) - age   8:        560 bytes,     571944 total
[2025-08-28T13:06:34.453+0000][1088462][trace][gc,age      ] GC(91) - age   9:        160 bytes,     572104 total
[2025-08-28T13:06:34.453+0000][1088462][trace][gc,age      ] GC(91) - age  11:        584 bytes,     572688 total
[2025-08-28T13:06:34.453+0000][1088462][trace][gc,age      ] GC(91) - age  13:        192 bytes,     572880 total
[2025-08-28T13:06:34.453+0000][1088462][info ][gc,heap     ] GC(91) Eden regions: 75->0(75)
[2025-08-28T13:06:34.453+0000][1088462][info ][gc,heap     ] GC(91) Survivor regions: 1->1(10)
[2025-08-28T13:06:34.453+0000][1088462][info ][gc,heap     ] GC(91) Old regions: 29->29
[2025-08-28T13:06:34.453+0000][1088462][info ][gc,heap     ] GC(91) Humongous regions: 0->0
[2025-08-28T13:06:34.453+0000][1088462][info ][gc,metaspace] GC(91) Metaspace: 140100K(144000K)->140100K(144000K) NonClass: 121097K(123200K)->121097K(123200K) Class: 19002K(20800K)->19002K(20800K)
[2025-08-28T13:06:34.453+0000][1088462][info ][gc          ] GC(91) Pause Young (Normal) (G1 Evacuation Pause) 414M->114M(512M) 2.182ms
[2025-08-28T13:06:34.453+0000][1088462][info ][gc,cpu      ] GC(91) User=0.01s Sys=0.00s Real=0.00s
[2025-08-28T13:06:34.453+0000][1088462][info ][safepoint   ] Safepoint "G1CollectForAllocation", Time since last: 6034348288 ns, Reaching safepoint: 17596 ns, Cleanup: 4687 ns, At safepoint: 2278253 ns, Total: 2300536 ns
[2025-08-28T13:06:40.489+0000][1088462][info ][gc,start    ] GC(92) Pause Young (Normal) (G1 Evacuation Pause)
[2025-08-28T13:06:40.489+0000][1088462][info ][gc,task     ] GC(92) Using 12 workers of 33 for evacuation
[2025-08-28T13:06:40.489+0000][1088462][debug][gc,age      ] GC(92) Desired survivor size 20971520 bytes, new threshold 15 (max threshold 15)
[2025-08-28T13:06:40.492+0000][1088462][info ][gc,phases   ] GC(92)   Pre Evacuate Collection Set: 0.2ms
[2025-08-28T13:06:40.492+0000][1088462][info ][gc,phases   ] GC(92)   Merge Heap Roots: 0.1ms
[2025-08-28T13:06:40.492+0000][1088462][info ][gc,phases   ] GC(92)   Evacuate Collection Set: 2.1ms
[2025-08-28T13:06:40.492+0000][1088462][info ][gc,phases   ] GC(92)   Post Evacuate Collection Set: 0.5ms
[2025-08-28T13:06:40.492+0000][1088462][info ][gc,phases   ] GC(92)   Other: 0.1ms
[2025-08-28T13:06:40.492+0000][1088462][trace][gc,age      ] GC(92) Age table with threshold 15 (max threshold 15)
[2025-08-28T13:06:40.492+0000][1088462][trace][gc,age      ] GC(92) - age   1:     540008 bytes,     540008 total
[2025-08-28T13:06:40.492+0000][1088462][trace][gc,age      ] GC(92) - age   2:       2672 bytes,     542680 total
[2025-08-28T13:06:40.492+0000][1088462][trace][gc,age      ] GC(92) - age   3:      10744 bytes,     553424 total
[2025-08-28T13:06:40.492+0000][1088462][trace][gc,age      ] GC(92) - age   4:        224 bytes,     553648 total
[2025-08-28T13:06:40.492+0000][1088462][trace][gc,age      ] GC(92) - age   6:        256 bytes,     553904 total
[2025-08-28T13:06:40.492+0000][1088462][trace][gc,age      ] GC(92) - age   7:       1568 bytes,     555472 total
[2025-08-28T13:06:40.492+0000][1088462][trace][gc,age      ] GC(92) - age   8:        400 bytes,     555872 total
[2025-08-28T13:06:40.492+0000][1088462][trace][gc,age      ] GC(92) - age   9:        560 bytes,     556432 total
[2025-08-28T13:06:40.492+0000][1088462][trace][gc,age      ] GC(92) - age  10:        160 bytes,     556592 total
[2025-08-28T13:06:40.492+0000][1088462][trace][gc,age      ] GC(92) - age  12:        584 bytes,     557176 total
[2025-08-28T13:06:40.492+0000][1088462][trace][gc,age      ] GC(92) - age  14:        192 bytes,     557368 total
[2025-08-28T13:06:40.492+0000][1088462][info ][gc,heap     ] GC(92) Eden regions: 75->0(75)
[2025-08-28T13:06:40.492+0000][1088462][info ][gc,heap     ] GC(92) Survivor regions: 1->1(10)
[2025-08-28T13:06:40.492+0000][1088462][info ][gc,heap     ] GC(92) Old regions: 29->29
[2025-08-28T13:06:40.492+0000][1088462][info ][gc,heap     ] GC(92) Humongous regions: 0->0
[2025-08-28T13:06:40.492+0000][1088462][info ][gc,metaspace] GC(92) Metaspace: 140100K(144000K)->140100K(144000K) NonClass: 121097K(123200K)->121097K(123200K) Class: 19002K(20800K)->19002K(20800K)
[2025-08-28T13:06:40.492+0000][1088462][info ][gc          ] GC(92) Pause Young (Normal) (G1 Evacuation Pause) 414M->114M(512M) 3.200ms
[2025-08-28T13:06:40.492+0000][1088462][info ][gc,cpu      ] GC(92) User=0.01s Sys=0.01s Real=0.01s
[2025-08-28T13:06:40.492+0000][1088462][info ][safepoint   ] Safepoint "G1CollectForAllocation", Time since last: 6035931896 ns, Reaching safepoint: 21753 ns, Cleanup: 8002 ns, At safepoint: 3391124 ns, Total: 3420879 ns
[2025-08-28T13:06:46.527+0000][1088462][info ][gc,start    ] GC(93) Pause Young (Normal) (G1 Evacuation Pause)
[2025-08-28T13:06:46.527+0000][1088462][info ][gc,task     ] GC(93) Using 12 workers of 33 for evacuation
[2025-08-28T13:06:46.527+0000][1088462][debug][gc,age      ] GC(93) Desired survivor size 20971520 bytes, new threshold 15 (max threshold 15)
[2025-08-28T13:06:46.530+0000][1088462][info ][gc,phases   ] GC(93)   Pre Evacuate Collection Set: 0.2ms
[2025-08-28T13:06:46.530+0000][1088462][info ][gc,phases   ] GC(93)   Merge Heap Roots: 0.1ms
[2025-08-28T13:06:46.530+0000][1088462][info ][gc,phases   ] GC(93)   Evacuate Collection Set: 2.1ms
[2025-08-28T13:06:46.530+0000][1088462][info ][gc,phases   ] GC(93)   Post Evacuate Collection Set: 0.6ms
[2025-08-28T13:06:46.530+0000][1088462][info ][gc,phases   ] GC(93)   Other: 0.1ms
[2025-08-28T13:06:46.530+0000][1088462][trace][gc,age      ] GC(93) Age table with threshold 15 (max threshold 15)
[2025-08-28T13:06:46.530+0000][1088462][trace][gc,age      ] GC(93) - age   1:     540328 bytes,     540328 total
[2025-08-28T13:06:46.530+0000][1088462][trace][gc,age      ] GC(93) - age   3:       2432 bytes,     542760 total
[2025-08-28T13:06:46.530+0000][1088462][trace][gc,age      ] GC(93) - age   4:      10744 bytes,     553504 total
[2025-08-28T13:06:46.530+0000][1088462][trace][gc,age      ] GC(93) - age   5:        224 bytes,     553728 total
[2025-08-28T13:06:46.530+0000][1088462][trace][gc,age      ] GC(93) - age   7:        256 bytes,     553984 total
[2025-08-28T13:06:46.530+0000][1088462][trace][gc,age      ] GC(93) - age   8:       1568 bytes,     555552 total
[2025-08-28T13:06:46.530+0000][1088462][trace][gc,age      ] GC(93) - age   9:        400 bytes,     555952 total
[2025-08-28T13:06:46.530+0000][1088462][trace][gc,age      ] GC(93) - age  10:        560 bytes,     556512 total
[2025-08-28T13:06:46.530+0000][1088462][trace][gc,age      ] GC(93) - age  11:        160 bytes,     556672 total
[2025-08-28T13:06:46.530+0000][1088462][trace][gc,age      ] GC(93) - age  13:        584 bytes,     557256 total
[2025-08-28T13:06:46.530+0000][1088462][trace][gc,age      ] GC(93) - age  15:        192 bytes,     557448 total
[2025-08-28T13:06:46.530+0000][1088462][info ][gc,heap     ] GC(93) Eden regions: 75->0(75)
[2025-08-28T13:06:46.530+0000][1088462][info ][gc,heap     ] GC(93) Survivor regions: 1->1(10)
[2025-08-28T13:06:46.530+0000][1088462][info ][gc,heap     ] GC(93) Old regions: 29->29
[2025-08-28T13:06:46.530+0000][1088462][info ][gc,heap     ] GC(93) Humongous regions: 0->0
[2025-08-28T13:06:46.530+0000][1088462][info ][gc,metaspace] GC(93) Metaspace: 140101K(144000K)->140101K(144000K) NonClass: 121098K(123200K)->121098K(123200K) Class: 19002K(20800K)->19002K(20800K)
[2025-08-28T13:06:46.530+0000][1088462][info ][gc          ] GC(93) Pause Young (Normal) (G1 Evacuation Pause) 414M->114M(512M) 3.333ms
[2025-08-28T13:06:46.530+0000][1088462][info ][gc,cpu      ] GC(93) User=0.01s Sys=0.00s Real=0.00s
[2025-08-28T13:06:46.530+0000][1088462][info ][safepoint   ] Safepoint "G1CollectForAllocation", Time since last: 6034111522 ns, Reaching safepoint: 21342 ns, Cleanup: 6910 ns, At safepoint: 3561551 ns, Total: 3589803 ns
[2025-08-28T13:06:52.541+0000][1088462][info ][gc,start    ] GC(94) Pause Young (Normal) (G1 Evacuation Pause)
[2025-08-28T13:06:52.541+0000][1088462][info ][gc,task     ] GC(94) Using 12 workers of 33 for evacuation
[2025-08-28T13:06:52.541+0000][1088462][debug][gc,age      ] GC(94) Desired survivor size 20971520 bytes, new threshold 15 (max threshold 15)
[2025-08-28T13:06:52.545+0000][1088462][info ][gc,phases   ] GC(94)   Pre Evacuate Collection Set: 0.2ms
[2025-08-28T13:06:52.545+0000][1088462][info ][gc,phases   ] GC(94)   Merge Heap Roots: 0.1ms
[2025-08-28T13:06:52.545+0000][1088462][info ][gc,phases   ] GC(94)   Evacuate Collection Set: 2.7ms
[2025-08-28T13:06:52.545+0000][1088462][info ][gc,phases   ] GC(94)   Post Evacuate Collection Set: 0.4ms
[2025-08-28T13:06:52.545+0000][1088462][info ][gc,phases   ] GC(94)   Other: 0.1ms
[2025-08-28T13:06:52.545+0000][1088462][trace][gc,age      ] GC(94) Age table with threshold 15 (max threshold 15)
[2025-08-28T13:06:52.545+0000][1088462][trace][gc,age      ] GC(94) - age   1:     556136 bytes,     556136 total
[2025-08-28T13:06:52.545+0000][1088462][trace][gc,age      ] GC(94) - age   2:         80 bytes,     556216 total
[2025-08-28T13:06:52.545+0000][1088462][trace][gc,age      ] GC(94) - age   4:       1952 bytes,     558168 total
[2025-08-28T13:06:52.545+0000][1088462][trace][gc,age      ] GC(94) - age   5:      10744 bytes,     568912 total
[2025-08-28T13:06:52.545+0000][1088462][trace][gc,age      ] GC(94) - age   6:        224 bytes,     569136 total
[2025-08-28T13:06:52.545+0000][1088462][trace][gc,age      ] GC(94) - age   8:         32 bytes,     569168 total
[2025-08-28T13:06:52.545+0000][1088462][trace][gc,age      ] GC(94) - age   9:       1296 bytes,     570464 total
[2025-08-28T13:06:52.545+0000][1088462][trace][gc,age      ] GC(94) - age  10:        400 bytes,     570864 total
[2025-08-28T13:06:52.545+0000][1088462][trace][gc,age      ] GC(94) - age  12:        160 bytes,     571024 total
[2025-08-28T13:06:52.545+0000][1088462][trace][gc,age      ] GC(94) - age  14:        584 bytes,     571608 total
[2025-08-28T13:06:52.545+0000][1088462][info ][gc,heap     ] GC(94) Eden regions: 75->0(75)
[2025-08-28T13:06:52.545+0000][1088462][info ][gc,heap     ] GC(94) Survivor regions: 1->1(10)
[2025-08-28T13:06:52.545+0000][1088462][info ][gc,heap     ] GC(94) Old regions: 29->29
[2025-08-28T13:06:52.545+0000][1088462][info ][gc,heap     ] GC(94) Humongous regions: 0->0
[2025-08-28T13:06:52.545+0000][1088462][info ][gc,metaspace] GC(94) Metaspace: 140101K(144000K)->140101K(144000K) NonClass: 121098K(123200K)->121098K(123200K) Class: 19002K(20800K)->19002K(20800K)
[2025-08-28T13:06:52.545+0000][1088462][info ][gc          ] GC(94) Pause Young (Normal) (G1 Evacuation Pause) 414M->114M(512M) 3.558ms
[2025-08-28T13:06:52.545+0000][1088462][info ][gc,cpu      ] GC(94) User=0.01s Sys=0.00s Real=0.00s
[2025-08-28T13:06:52.545+0000][1088462][info ][safepoint   ] Safepoint "G1CollectForAllocation", Time since last: 6010992190 ns, Reaching safepoint: 57807 ns, Cleanup: 5789 ns, At safepoint: 3702111 ns, Total: 3765707 ns
[2025-08-28T13:06:58.217+0000][1088462][info ][gc,start    ] GC(95) Pause Young (Normal) (G1 Evacuation Pause)
[2025-08-28T13:06:58.217+0000][1088462][info ][gc,task     ] GC(95) Using 12 workers of 33 for evacuation
[2025-08-28T13:06:58.217+0000][1088462][debug][gc,age      ] GC(95) Desired survivor size 20971520 bytes, new threshold 15 (max threshold 15)
[2025-08-28T13:06:58.219+0000][1088462][info ][gc,phases   ] GC(95)   Pre Evacuate Collection Set: 0.2ms
[2025-08-28T13:06:58.219+0000][1088462][info ][gc,phases   ] GC(95)   Merge Heap Roots: 0.1ms
[2025-08-28T13:06:58.219+0000][1088462][info ][gc,phases   ] GC(95)   Evacuate Collection Set: 1.8ms
[2025-08-28T13:06:58.219+0000][1088462][info ][gc,phases   ] GC(95)   Post Evacuate Collection Set: 0.3ms
[2025-08-28T13:06:58.219+0000][1088462][info ][gc,phases   ] GC(95)   Other: 0.1ms
[2025-08-28T13:06:58.219+0000][1088462][trace][gc,age      ] GC(95) Age table with threshold 15 (max threshold 15)
[2025-08-28T13:06:58.219+0000][1088462][trace][gc,age      ] GC(95) - age   1:     540040 bytes,     540040 total
[2025-08-28T13:06:58.219+0000][1088462][trace][gc,age      ] GC(95) - age   2:       1592 bytes,     541632 total
[2025-08-28T13:06:58.219+0000][1088462][trace][gc,age      ] GC(95) - age   3:         80 bytes,     541712 total
[2025-08-28T13:06:58.219+0000][1088462][trace][gc,age      ] GC(95) - age   5:       1920 bytes,     543632 total
[2025-08-28T13:06:58.219+0000][1088462][trace][gc,age      ] GC(95) - age   6:      10584 bytes,     554216 total
[2025-08-28T13:06:58.219+0000][1088462][trace][gc,age      ] GC(95) - age   7:        224 bytes,     554440 total
[2025-08-28T13:06:58.219+0000][1088462][trace][gc,age      ] GC(95) - age   9:         32 bytes,     554472 total
[2025-08-28T13:06:58.219+0000][1088462][trace][gc,age      ] GC(95) - age  10:       1296 bytes,     555768 total
[2025-08-28T13:06:58.219+0000][1088462][trace][gc,age      ] GC(95) - age  11:        400 bytes,     556168 total
[2025-08-28T13:06:58.219+0000][1088462][trace][gc,age      ] GC(95) - age  13:        160 bytes,     556328 total
[2025-08-28T13:06:58.219+0000][1088462][trace][gc,age      ] GC(95) - age  15:        584 bytes,     556912 total
[2025-08-28T13:06:58.219+0000][1088462][info ][gc,heap     ] GC(95) Eden regions: 75->0(75)
[2025-08-28T13:06:58.219+0000][1088462][info ][gc,heap     ] GC(95) Survivor regions: 1->1(10)
[2025-08-28T13:06:58.219+0000][1088462][info ][gc,heap     ] GC(95) Old regions: 29->29
[2025-08-28T13:06:58.219+0000][1088462][info ][gc,heap     ] GC(95) Humongous regions: 0->0
[2025-08-28T13:06:58.219+0000][1088462][info ][gc,metaspace] GC(95) Metaspace: 140101K(144000K)->140101K(144000K) NonClass: 121098K(123200K)->121098K(123200K) Class: 19002K(20800K)->19002K(20800K)
[2025-08-28T13:06:58.219+0000][1088462][info ][gc          ] GC(95) Pause Young (Normal) (G1 Evacuation Pause) 414M->114M(512M) 2.703ms
[2025-08-28T13:06:58.219+0000][1088462][info ][gc,cpu      ] GC(95) User=0.01s Sys=0.00s Real=0.00s
[2025-08-28T13:06:58.219+0000][1088462][info ][safepoint   ] Safepoint "G1CollectForAllocation", Time since last: 5671635407 ns, Reaching safepoint: 28713 ns, Cleanup: 5358 ns, At safepoint: 2910623 ns, Total: 2944694 ns
[2025-08-28T13:07:01.220+0000][1088462][info ][safepoint   ] Safepoint "Cleanup", Time since last: 3000259413 ns, Reaching safepoint: 26941 ns, Cleanup: 14982 ns, At safepoint: 3526 ns, Total: 45449 ns
[2025-08-28T13:07:03.904+0000][1088462][info ][gc,start    ] GC(96) Pause Young (Normal) (G1 Evacuation Pause)
[2025-08-28T13:07:03.904+0000][1088462][info ][gc,task     ] GC(96) Using 12 workers of 33 for evacuation
[2025-08-28T13:07:03.904+0000][1088462][debug][gc,age      ] GC(96) Desired survivor size 20971520 bytes, new threshold 15 (max threshold 15)
[2025-08-28T13:07:03.907+0000][1088462][info ][gc,phases   ] GC(96)   Pre Evacuate Collection Set: 0.2ms
[2025-08-28T13:07:03.907+0000][1088462][info ][gc,phases   ] GC(96)   Merge Heap Roots: 0.1ms
[2025-08-28T13:07:03.907+0000][1088462][info ][gc,phases   ] GC(96)   Evacuate Collection Set: 1.9ms
[2025-08-28T13:07:03.907+0000][1088462][info ][gc,phases   ] GC(96)   Post Evacuate Collection Set: 0.4ms
[2025-08-28T13:07:03.907+0000][1088462][info ][gc,phases   ] GC(96)   Other: 0.1ms
[2025-08-28T13:07:03.907+0000][1088462][trace][gc,age      ] GC(96) Age table with threshold 15 (max threshold 15)
[2025-08-28T13:07:03.907+0000][1088462][trace][gc,age      ] GC(96) - age   1:     544264 bytes,     544264 total
[2025-08-28T13:07:03.907+0000][1088462][trace][gc,age      ] GC(96) - age   3:        872 bytes,     545136 total
[2025-08-28T13:07:03.907+0000][1088462][trace][gc,age      ] GC(96) - age   4:         80 bytes,     545216 total
[2025-08-28T13:07:03.907+0000][1088462][trace][gc,age      ] GC(96) - age   7:      10584 bytes,     555800 total
[2025-08-28T13:07:03.907+0000][1088462][trace][gc,age      ] GC(96) - age   8:        224 bytes,     556024 total
[2025-08-28T13:07:03.907+0000][1088462][trace][gc,age      ] GC(96) - age  10:         32 bytes,     556056 total
[2025-08-28T13:07:03.907+0000][1088462][trace][gc,age      ] GC(96) - age  11:        768 bytes,     556824 total
[2025-08-28T13:07:03.907+0000][1088462][trace][gc,age      ] GC(96) - age  12:        224 bytes,     557048 total
[2025-08-28T13:07:03.907+0000][1088462][trace][gc,age      ] GC(96) - age  14:        160 bytes,     557208 total
[2025-08-28T13:07:03.907+0000][1088462][info ][gc,heap     ] GC(96) Eden regions: 75->0(75)
[2025-08-28T13:07:03.907+0000][1088462][info ][gc,heap     ] GC(96) Survivor regions: 1->1(10)
[2025-08-28T13:07:03.907+0000][1088462][info ][gc,heap     ] GC(96) Old regions: 29->29
[2025-08-28T13:07:03.907+0000][1088462][info ][gc,heap     ] GC(96) Humongous regions: 0->0
[2025-08-28T13:07:03.907+0000][1088462][info ][gc,metaspace] GC(96) Metaspace: 140101K(144000K)->140101K(144000K) NonClass: 121098K(123200K)->121098K(123200K) Class: 19002K(20800K)->19002K(20800K)
[2025-08-28T13:07:03.907+0000][1088462][info ][gc          ] GC(96) Pause Young (Normal) (G1 Evacuation Pause) 414M->114M(512M) 2.856ms
[2025-08-28T13:07:03.907+0000][1088462][info ][gc,cpu      ] GC(96) User=0.00s Sys=0.01s Real=0.00s
[2025-08-28T13:07:03.907+0000][1088462][info ][safepoint   ] Safepoint "G1CollectForAllocation", Time since last: 2684436894 ns, Reaching safepoint: 27231 ns, Cleanup: 6169 ns, At safepoint: 3050743 ns, Total: 3084143 ns
[2025-08-28T13:07:09.941+0000][1088462][info ][gc,start    ] GC(97) Pause Young (Normal) (G1 Evacuation Pause)
[2025-08-28T13:07:09.941+0000][1088462][info ][gc,task     ] GC(97) Using 12 workers of 33 for evacuation
[2025-08-28T13:07:09.941+0000][1088462][debug][gc,age      ] GC(97) Desired survivor size 20971520 bytes, new threshold 15 (max threshold 15)
[2025-08-28T13:07:09.944+0000][1088462][info ][gc,phases   ] GC(97)   Pre Evacuate Collection Set: 0.2ms
[2025-08-28T13:07:09.944+0000][1088462][info ][gc,phases   ] GC(97)   Merge Heap Roots: 0.1ms
[2025-08-28T13:07:09.944+0000][1088462][info ][gc,phases   ] GC(97)   Evacuate Collection Set: 1.7ms
[2025-08-28T13:07:09.944+0000][1088462][info ][gc,phases   ] GC(97)   Post Evacuate Collection Set: 0.5ms
[2025-08-28T13:07:09.944+0000][1088462][info ][gc,phases   ] GC(97)   Other: 0.1ms
[2025-08-28T13:07:09.944+0000][1088462][trace][gc,age      ] GC(97) Age table with threshold 15 (max threshold 15)
[2025-08-28T13:07:09.944+0000][1088462][trace][gc,age      ] GC(97) - age   1:     539904 bytes,     539904 total
[2025-08-28T13:07:09.944+0000][1088462][trace][gc,age      ] GC(97) - age   2:       3944 bytes,     543848 total
[2025-08-28T13:07:09.944+0000][1088462][trace][gc,age      ] GC(97) - age   4:        872 bytes,     544720 total
[2025-08-28T13:07:09.944+0000][1088462][trace][gc,age      ] GC(97) - age   5:         80 bytes,     544800 total
[2025-08-28T13:07:09.944+0000][1088462][trace][gc,age      ] GC(97) - age   8:      10584 bytes,     555384 total
[2025-08-28T13:07:09.944+0000][1088462][trace][gc,age      ] GC(97) - age   9:        224 bytes,     555608 total
[2025-08-28T13:07:09.944+0000][1088462][trace][gc,age      ] GC(97) - age  12:        768 bytes,     556376 total
[2025-08-28T13:07:09.944+0000][1088462][trace][gc,age      ] GC(97) - age  13:        224 bytes,     556600 total
[2025-08-28T13:07:09.944+0000][1088462][trace][gc,age      ] GC(97) - age  15:        160 bytes,     556760 total
[2025-08-28T13:07:09.944+0000][1088462][info ][gc,heap     ] GC(97) Eden regions: 75->0(75)
[2025-08-28T13:07:09.944+0000][1088462][info ][gc,heap     ] GC(97) Survivor regions: 1->1(10)
[2025-08-28T13:07:09.944+0000][1088462][info ][gc,heap     ] GC(97) Old regions: 29->29
[2025-08-28T13:07:09.944+0000][1088462][info ][gc,heap     ] GC(97) Humongous regions: 0->0
[2025-08-28T13:07:09.944+0000][1088462][info ][gc,metaspace] GC(97) Metaspace: 140107K(144000K)->140107K(144000K) NonClass: 121104K(123200K)->121104K(123200K) Class: 19002K(20800K)->19002K(20800K)
[2025-08-28T13:07:09.944+0000][1088462][info ][gc          ] GC(97) Pause Young (Normal) (G1 Evacuation Pause) 414M->114M(512M) 2.674ms
[2025-08-28T13:07:09.944+0000][1088462][info ][gc,cpu      ] GC(97) User=0.01s Sys=0.00s Real=0.00s
[2025-08-28T13:07:09.944+0000][1088462][info ][safepoint   ] Safepoint "G1CollectForAllocation", Time since last: 6033955514 ns, Reaching safepoint: 19119 ns, Cleanup: 6419 ns, At safepoint: 2825206 ns, Total: 2850744 ns
[2025-08-28T13:07:14.945+0000][1088462][info ][safepoint   ] Safepoint "Cleanup", Time since last: 5000369287 ns, Reaching safepoint: 63415 ns, Cleanup: 22684 ns, At safepoint: 7021 ns, Total: 93120 ns
[2025-08-28T13:07:15.027+0000][1088462][info ][gc,start    ] GC(98) Pause Young (Normal) (G1 Evacuation Pause)
[2025-08-28T13:07:15.027+0000][1088462][info ][gc,task     ] GC(98) Using 12 workers of 33 for evacuation
[2025-08-28T13:07:15.027+0000][1088462][debug][gc,age      ] GC(98) Desired survivor size 20971520 bytes, new threshold 15 (max threshold 15)
[2025-08-28T13:07:15.029+0000][1088462][info ][gc,phases   ] GC(98)   Pre Evacuate Collection Set: 0.1ms
[2025-08-28T13:07:15.029+0000][1088462][info ][gc,phases   ] GC(98)   Merge Heap Roots: 0.1ms
[2025-08-28T13:07:15.029+0000][1088462][info ][gc,phases   ] GC(98)   Evacuate Collection Set: 1.4ms
[2025-08-28T13:07:15.029+0000][1088462][info ][gc,phases   ] GC(98)   Post Evacuate Collection Set: 0.5ms
[2025-08-28T13:07:15.029+0000][1088462][info ][gc,phases   ] GC(98)   Other: 0.1ms
[2025-08-28T13:07:15.029+0000][1088462][trace][gc,age      ] GC(98) Age table with threshold 15 (max threshold 15)
[2025-08-28T13:07:15.029+0000][1088462][trace][gc,age      ] GC(98) - age   1:     478168 bytes,     478168 total
[2025-08-28T13:07:15.029+0000][1088462][trace][gc,age      ] GC(98) - age   2:         32 bytes,     478200 total
[2025-08-28T13:07:15.029+0000][1088462][trace][gc,age      ] GC(98) - age   3:       3704 bytes,     481904 total
[2025-08-28T13:07:15.029+0000][1088462][trace][gc,age      ] GC(98) - age   5:        872 bytes,     482776 total
[2025-08-28T13:07:15.029+0000][1088462][trace][gc,age      ] GC(98) - age   6:         80 bytes,     482856 total
[2025-08-28T13:07:15.029+0000][1088462][trace][gc,age      ] GC(98) - age   9:        584 bytes,     483440 total
[2025-08-28T13:07:15.029+0000][1088462][trace][gc,age      ] GC(98) - age  10:        224 bytes,     483664 total
[2025-08-28T13:07:15.029+0000][1088462][trace][gc,age      ] GC(98) - age  13:        768 bytes,     484432 total
[2025-08-28T13:07:15.029+0000][1088462][trace][gc,age      ] GC(98) - age  14:        224 bytes,     484656 total
[2025-08-28T13:07:15.029+0000][1088462][info ][gc,heap     ] GC(98) Eden regions: 75->0(75)
[2025-08-28T13:07:15.029+0000][1088462][info ][gc,heap     ] GC(98) Survivor regions: 1->1(10)
[2025-08-28T13:07:15.029+0000][1088462][info ][gc,heap     ] GC(98) Old regions: 29->29
[2025-08-28T13:07:15.029+0000][1088462][info ][gc,heap     ] GC(98) Humongous regions: 0->0
[2025-08-28T13:07:15.029+0000][1088462][info ][gc,metaspace] GC(98) Metaspace: 140107K(144000K)->140107K(144000K) NonClass: 121104K(123200K)->121104K(123200K) Class: 19002K(20800K)->19002K(20800K)
[2025-08-28T13:07:15.029+0000][1088462][info ][gc          ] GC(98) Pause Young (Normal) (G1 Evacuation Pause) 414M->114M(512M) 2.434ms
[2025-08-28T13:07:15.029+0000][1088462][info ][gc,cpu      ] GC(98) User=0.01s Sys=0.00s Real=0.00s
[2025-08-28T13:07:15.029+0000][1088462][info ][safepoint   ] Safepoint "G1CollectForAllocation", Time since last: 82156030 ns, Reaching safepoint: 18558 ns, Cleanup: 3536 ns, At safepoint: 2620648 ns, Total: 2642742 ns
[2025-08-28T13:07:21.040+0000][1088462][info ][gc,start    ] GC(99) Pause Young (Normal) (G1 Evacuation Pause)
[2025-08-28T13:07:21.040+0000][1088462][info ][gc,task     ] GC(99) Using 12 workers of 33 for evacuation
[2025-08-28T13:07:21.040+0000][1088462][debug][gc,age      ] GC(99) Desired survivor size 20971520 bytes, new threshold 15 (max threshold 15)
[2025-08-28T13:07:21.043+0000][1088462][info ][gc,phases   ] GC(99)   Pre Evacuate Collection Set: 0.2ms
[2025-08-28T13:07:21.043+0000][1088462][info ][gc,phases   ] GC(99)   Merge Heap Roots: 0.1ms
[2025-08-28T13:07:21.043+0000][1088462][info ][gc,phases   ] GC(99)   Evacuate Collection Set: 2.9ms
[2025-08-28T13:07:21.043+0000][1088462][info ][gc,phases   ] GC(99)   Post Evacuate Collection Set: 0.5ms
[2025-08-28T13:07:21.043+0000][1088462][info ][gc,phases   ] GC(99)   Other: 0.1ms
[2025-08-28T13:07:21.043+0000][1088462][trace][gc,age      ] GC(99) Age table with threshold 15 (max threshold 15)
[2025-08-28T13:07:21.043+0000][1088462][trace][gc,age      ] GC(99) - age   1:     539904 bytes,     539904 total
[2025-08-28T13:07:21.043+0000][1088462][trace][gc,age      ] GC(99) - age   2:      10560 bytes,     550464 total
[2025-08-28T13:07:21.043+0000][1088462][trace][gc,age      ] GC(99) - age   3:         32 bytes,     550496 total
[2025-08-28T13:07:21.043+0000][1088462][trace][gc,age      ] GC(99) - age   4:       3672 bytes,     554168 total
[2025-08-28T13:07:21.043+0000][1088462][trace][gc,age      ] GC(99) - age   6:        872 bytes,     555040 total
[2025-08-28T13:07:21.043+0000][1088462][trace][gc,age      ] GC(99) - age   7:         80 bytes,     555120 total
[2025-08-28T13:07:21.043+0000][1088462][trace][gc,age      ] GC(99) - age  10:        584 bytes,     555704 total
[2025-08-28T13:07:21.043+0000][1088462][trace][gc,age      ] GC(99) - age  11:        224 bytes,     555928 total
[2025-08-28T13:07:21.043+0000][1088462][trace][gc,age      ] GC(99) - age  14:        768 bytes,     556696 total
[2025-08-28T13:07:21.043+0000][1088462][trace][gc,age      ] GC(99) - age  15:        224 bytes,     556920 total
[2025-08-28T13:07:21.043+0000][1088462][info ][gc,heap     ] GC(99) Eden regions: 75->0(75)
[2025-08-28T13:07:21.043+0000][1088462][info ][gc,heap     ] GC(99) Survivor regions: 1->1(10)
[2025-08-28T13:07:21.043+0000][1088462][info ][gc,heap     ] GC(99) Old regions: 29->29
[2025-08-28T13:07:21.043+0000][1088462][info ][gc,heap     ] GC(99) Humongous regions: 0->0
[2025-08-28T13:07:21.043+0000][1088462][info ][gc,metaspace] GC(99) Metaspace: 140107K(144000K)->140107K(144000K) NonClass: 121104K(123200K)->121104K(123200K) Class: 19002K(20800K)->19002K(20800K)
[2025-08-28T13:07:21.043+0000][1088462][info ][gc          ] GC(99) Pause Young (Normal) (G1 Evacuation Pause) 414M->114M(512M) 3.844ms
[2025-08-28T13:07:21.044+0000][1088462][info ][gc,cpu      ] GC(99) User=0.00s Sys=0.00s Real=0.01s
[2025-08-28T13:07:21.044+0000][1088462][info ][safepoint   ] Safepoint "G1CollectForAllocation", Time since last: 6010200154 ns, Reaching safepoint: 22003 ns, Cleanup: 6770 ns, At safepoint: 4065759 ns, Total: 4094532 ns
[2025-08-28T13:07:26.677+0000][1088462][info ][gc,start    ] GC(100) Pause Young (Normal) (G1 Evacuation Pause)
[2025-08-28T13:07:26.677+0000][1088462][info ][gc,task     ] GC(100) Using 12 workers of 33 for evacuation
[2025-08-28T13:07:26.677+0000][1088462][debug][gc,age      ] GC(100) Desired survivor size 20971520 bytes, new threshold 15 (max threshold 15)
[2025-08-28T13:07:26.681+0000][1088462][info ][gc,phases   ] GC(100)   Pre Evacuate Collection Set: 0.2ms
[2025-08-28T13:07:26.681+0000][1088462][info ][gc,phases   ] GC(100)   Merge Heap Roots: 0.1ms
[2025-08-28T13:07:26.681+0000][1088462][info ][gc,phases   ] GC(100)   Evacuate Collection Set: 2.4ms
[2025-08-28T13:07:26.681+0000][1088462][info ][gc,phases   ] GC(100)   Post Evacuate Collection Set: 0.5ms
[2025-08-28T13:07:26.681+0000][1088462][info ][gc,phases   ] GC(100)   Other: 0.1ms
[2025-08-28T13:07:26.681+0000][1088462][trace][gc,age      ] GC(100) Age table with threshold 15 (max threshold 15)
[2025-08-28T13:07:26.681+0000][1088462][trace][gc,age      ] GC(100) - age   1:     556240 bytes,     556240 total
[2025-08-28T13:07:26.681+0000][1088462][trace][gc,age      ] GC(100) - age   3:      10320 bytes,     566560 total
[2025-08-28T13:07:26.681+0000][1088462][trace][gc,age      ] GC(100) - age   4:         32 bytes,     566592 total
[2025-08-28T13:07:26.681+0000][1088462][trace][gc,age      ] GC(100) - age   5:       3192 bytes,     569784 total
[2025-08-28T13:07:26.681+0000][1088462][trace][gc,age      ] GC(100) - age   7:        560 bytes,     570344 total
[2025-08-28T13:07:26.681+0000][1088462][trace][gc,age      ] GC(100) - age   8:         80 bytes,     570424 total
[2025-08-28T13:07:26.681+0000][1088462][trace][gc,age      ] GC(100) - age  11:        248 bytes,     570672 total
[2025-08-28T13:07:26.681+0000][1088462][trace][gc,age      ] GC(100) - age  15:        768 bytes,     571440 total
[2025-08-28T13:07:26.681+0000][1088462][info ][gc,heap     ] GC(100) Eden regions: 75->0(75)
[2025-08-28T13:07:26.681+0000][1088462][info ][gc,heap     ] GC(100) Survivor regions: 1->1(10)
[2025-08-28T13:07:26.681+0000][1088462][info ][gc,heap     ] GC(100) Old regions: 29->29
[2025-08-28T13:07:26.681+0000][1088462][info ][gc,heap     ] GC(100) Humongous regions: 0->0
[2025-08-28T13:07:26.681+0000][1088462][info ][gc,metaspace] GC(100) Metaspace: 140107K(144000K)->140107K(144000K) NonClass: 121104K(123200K)->121104K(123200K) Class: 19002K(20800K)->19002K(20800K)
[2025-08-28T13:07:26.681+0000][1088462][info ][gc          ] GC(100) Pause Young (Normal) (G1 Evacuation Pause) 414M->114M(512M) 3.492ms
[2025-08-28T13:07:26.681+0000][1088462][info ][gc,cpu      ] GC(100) User=0.01s Sys=0.00s Real=0.01s
[2025-08-28T13:07:26.681+0000][1088462][info ][safepoint   ] Safepoint "G1CollectForAllocation", Time since last: 5633479631 ns, Reaching safepoint: 32609 ns, Cleanup: 5188 ns, At safepoint: 3728873 ns, Total: 3766670 ns
[2025-08-28T13:07:32.302+0000][1088462][info ][gc,start    ] GC(101) Pause Young (Normal) (G1 Evacuation Pause)
[2025-08-28T13:07:32.302+0000][1088462][info ][gc,task     ] GC(101) Using 12 workers of 33 for evacuation
[2025-08-28T13:07:32.302+0000][1088462][debug][gc,age      ] GC(101) Desired survivor size 20971520 bytes, new threshold 15 (max threshold 15)
[2025-08-28T13:07:32.306+0000][1088462][info ][gc,phases   ] GC(101)   Pre Evacuate Collection Set: 0.2ms
[2025-08-28T13:07:32.306+0000][1088462][info ][gc,phases   ] GC(101)   Merge Heap Roots: 0.1ms
[2025-08-28T13:07:32.306+0000][1088462][info ][gc,phases   ] GC(101)   Evacuate Collection Set: 2.4ms
[2025-08-28T13:07:32.306+0000][1088462][info ][gc,phases   ] GC(101)   Post Evacuate Collection Set: 0.5ms
[2025-08-28T13:07:32.306+0000][1088462][info ][gc,phases   ] GC(101)   Other: 0.1ms
[2025-08-28T13:07:32.306+0000][1088462][trace][gc,age      ] GC(101) Age table with threshold 15 (max threshold 15)
[2025-08-28T13:07:32.306+0000][1088462][trace][gc,age      ] GC(101) - age   1:     541008 bytes,     541008 total
[2025-08-28T13:07:32.306+0000][1088462][trace][gc,age      ] GC(101) - age   2:        936 bytes,     541944 total
[2025-08-28T13:07:32.306+0000][1088462][trace][gc,age      ] GC(101) - age   4:      10320 bytes,     552264 total
[2025-08-28T13:07:32.306+0000][1088462][trace][gc,age      ] GC(101) - age   5:         32 bytes,     552296 total
[2025-08-28T13:07:32.306+0000][1088462][trace][gc,age      ] GC(101) - age   6:       2744 bytes,     555040 total
[2025-08-28T13:07:32.306+0000][1088462][trace][gc,age      ] GC(101) - age   8:        560 bytes,     555600 total
[2025-08-28T13:07:32.306+0000][1088462][trace][gc,age      ] GC(101) - age   9:         80 bytes,     555680 total
[2025-08-28T13:07:32.306+0000][1088462][trace][gc,age      ] GC(101) - age  12:        248 bytes,     555928 total
[2025-08-28T13:07:32.306+0000][1088462][info ][gc,heap     ] GC(101) Eden regions: 75->0(75)
[2025-08-28T13:07:32.306+0000][1088462][info ][gc,heap     ] GC(101) Survivor regions: 1->1(10)
[2025-08-28T13:07:32.306+0000][1088462][info ][gc,heap     ] GC(101) Old regions: 29->29
[2025-08-28T13:07:32.306+0000][1088462][info ][gc,heap     ] GC(101) Humongous regions: 0->0
[2025-08-28T13:07:32.306+0000][1088462][info ][gc,metaspace] GC(101) Metaspace: 140107K(144000K)->140107K(144000K) NonClass: 121104K(123200K)->121104K(123200K) Class: 19002K(20800K)->19002K(20800K)
[2025-08-28T13:07:32.306+0000][1088462][info ][gc          ] GC(101) Pause Young (Normal) (G1 Evacuation Pause) 414M->114M(512M) 3.457ms
[2025-08-28T13:07:32.306+0000][1088462][info ][gc,cpu      ] GC(101) User=0.00s Sys=0.00s Real=0.00s
[2025-08-28T13:07:32.306+0000][1088462][info ][safepoint   ] Safepoint "G1CollectForAllocation", Time since last: 5621238549 ns, Reaching safepoint: 23445 ns, Cleanup: 20040 ns, At safepoint: 3696204 ns, Total: 3739689 ns
[2025-08-28T13:07:36.306+0000][1088462][info ][safepoint   ] Safepoint "Cleanup", Time since last: 4000335688 ns, Reaching safepoint: 34341 ns, Cleanup: 19750 ns, At safepoint: 3876 ns, Total: 57967 ns
[2025-08-28T13:07:38.340+0000][1088462][info ][gc,start    ] GC(102) Pause Young (Normal) (G1 Evacuation Pause)
[2025-08-28T13:07:38.340+0000][1088462][info ][gc,task     ] GC(102) Using 12 workers of 33 for evacuation
[2025-08-28T13:07:38.340+0000][1088462][debug][gc,age      ] GC(102) Desired survivor size 20971520 bytes, new threshold 15 (max threshold 15)
[2025-08-28T13:07:38.343+0000][1088462][info ][gc,phases   ] GC(102)   Pre Evacuate Collection Set: 0.2ms
[2025-08-28T13:07:38.343+0000][1088462][info ][gc,phases   ] GC(102)   Merge Heap Roots: 0.1ms
[2025-08-28T13:07:38.343+0000][1088462][info ][gc,phases   ] GC(102)   Evacuate Collection Set: 2.1ms
[2025-08-28T13:07:38.343+0000][1088462][info ][gc,phases   ] GC(102)   Post Evacuate Collection Set: 0.5ms
[2025-08-28T13:07:38.343+0000][1088462][info ][gc,phases   ] GC(102)   Other: 0.1ms
[2025-08-28T13:07:38.343+0000][1088462][trace][gc,age      ] GC(102) Age table with threshold 15 (max threshold 15)
[2025-08-28T13:07:38.343+0000][1088462][trace][gc,age      ] GC(102) - age   1:     541496 bytes,     541496 total
[2025-08-28T13:07:38.343+0000][1088462][trace][gc,age      ] GC(102) - age   2:       1072 bytes,     542568 total
[2025-08-28T13:07:38.343+0000][1088462][trace][gc,age      ] GC(102) - age   3:        872 bytes,     543440 total
[2025-08-28T13:07:38.343+0000][1088462][trace][gc,age      ] GC(102) - age   5:      10320 bytes,     553760 total
[2025-08-28T13:07:38.343+0000][1088462][trace][gc,age      ] GC(102) - age   6:         32 bytes,     553792 total
[2025-08-28T13:07:38.343+0000][1088462][trace][gc,age      ] GC(102) - age   7:       1272 bytes,     555064 total
[2025-08-28T13:07:38.343+0000][1088462][trace][gc,age      ] GC(102) - age   9:        560 bytes,     555624 total
[2025-08-28T13:07:38.343+0000][1088462][trace][gc,age      ] GC(102) - age  10:         80 bytes,     555704 total
[2025-08-28T13:07:38.343+0000][1088462][trace][gc,age      ] GC(102) - age  13:        248 bytes,     555952 total
[2025-08-28T13:07:38.343+0000][1088462][info ][gc,heap     ] GC(102) Eden regions: 75->0(75)
[2025-08-28T13:07:38.343+0000][1088462][info ][gc,heap     ] GC(102) Survivor regions: 1->1(10)
[2025-08-28T13:07:38.343+0000][1088462][info ][gc,heap     ] GC(102) Old regions: 29->29
[2025-08-28T13:07:38.343+0000][1088462][info ][gc,heap     ] GC(102) Humongous regions: 0->0
[2025-08-28T13:07:38.343+0000][1088462][info ][gc,metaspace] GC(102) Metaspace: 140107K(144000K)->140107K(144000K) NonClass: 121104K(123200K)->121104K(123200K) Class: 19002K(20800K)->19002K(20800K)
[2025-08-28T13:07:38.343+0000][1088462][info ][gc          ] GC(102) Pause Young (Normal) (G1 Evacuation Pause) 414M->114M(512M) 3.117ms
[2025-08-28T13:07:38.343+0000][1088462][info ][gc,cpu      ] GC(102) User=0.01s Sys=0.00s Real=0.01s
[2025-08-28T13:07:38.343+0000][1088462][info ][safepoint   ] Safepoint "G1CollectForAllocation", Time since last: 2033371879 ns, Reaching safepoint: 34952 ns, Cleanup: 6630 ns, At safepoint: 3267460 ns, Total: 3309042 ns
[2025-08-28T13:07:43.564+0000][1088462][info ][gc,start    ] GC(103) Pause Young (Normal) (G1 Evacuation Pause)
[2025-08-28T13:07:43.564+0000][1088462][info ][gc,task     ] GC(103) Using 12 workers of 33 for evacuation
[2025-08-28T13:07:43.564+0000][1088462][debug][gc,age      ] GC(103) Desired survivor size 20971520 bytes, new threshold 15 (max threshold 15)
[2025-08-28T13:07:43.567+0000][1088462][info ][gc,phases   ] GC(103)   Pre Evacuate Collection Set: 0.2ms
[2025-08-28T13:07:43.567+0000][1088462][info ][gc,phases   ] GC(103)   Merge Heap Roots: 0.1ms
[2025-08-28T13:07:43.567+0000][1088462][info ][gc,phases   ] GC(103)   Evacuate Collection Set: 1.5ms
[2025-08-28T13:07:43.567+0000][1088462][info ][gc,phases   ] GC(103)   Post Evacuate Collection Set: 0.4ms
[2025-08-28T13:07:43.567+0000][1088462][info ][gc,phases   ] GC(103)   Other: 0.1ms
[2025-08-28T13:07:43.567+0000][1088462][trace][gc,age      ] GC(103) Age table with threshold 15 (max threshold 15)
[2025-08-28T13:07:43.567+0000][1088462][trace][gc,age      ] GC(103) - age   1:     554944 bytes,     554944 total
[2025-08-28T13:07:43.567+0000][1088462][trace][gc,age      ] GC(103) - age   2:       1600 bytes,     556544 total
[2025-08-28T13:07:43.567+0000][1088462][trace][gc,age      ] GC(103) - age   3:        832 bytes,     557376 total
[2025-08-28T13:07:43.567+0000][1088462][trace][gc,age      ] GC(103) - age   4:        872 bytes,     558248 total
[2025-08-28T13:07:43.567+0000][1088462][trace][gc,age      ] GC(103) - age   6:      10160 bytes,     568408 total
[2025-08-28T13:07:43.567+0000][1088462][trace][gc,age      ] GC(103) - age   7:         32 bytes,     568440 total
[2025-08-28T13:07:43.567+0000][1088462][trace][gc,age      ] GC(103) - age   8:       1272 bytes,     569712 total
[2025-08-28T13:07:43.567+0000][1088462][trace][gc,age      ] GC(103) - age  10:        560 bytes,     570272 total
[2025-08-28T13:07:43.567+0000][1088462][trace][gc,age      ] GC(103) - age  11:         80 bytes,     570352 total
[2025-08-28T13:07:43.567+0000][1088462][trace][gc,age      ] GC(103) - age  14:        248 bytes,     570600 total
[2025-08-28T13:07:43.567+0000][1088462][info ][gc,heap     ] GC(103) Eden regions: 75->0(75)
[2025-08-28T13:07:43.567+0000][1088462][info ][gc,heap     ] GC(103) Survivor regions: 1->1(10)
[2025-08-28T13:07:43.567+0000][1088462][info ][gc,heap     ] GC(103) Old regions: 29->29
[2025-08-28T13:07:43.567+0000][1088462][info ][gc,heap     ] GC(103) Humongous regions: 0->0
[2025-08-28T13:07:43.567+0000][1088462][info ][gc,metaspace] GC(103) Metaspace: 140107K(144000K)->140107K(144000K) NonClass: 121104K(123200K)->121104K(123200K) Class: 19002K(20800K)->19002K(20800K)
[2025-08-28T13:07:43.567+0000][1088462][info ][gc          ] GC(103) Pause Young (Normal) (G1 Evacuation Pause) 414M->114M(512M) 2.537ms
[2025-08-28T13:07:43.567+0000][1088462][info ][gc,cpu      ] GC(103) User=0.00s Sys=0.00s Real=0.00s
[2025-08-28T13:07:43.567+0000][1088462][info ][safepoint   ] Safepoint "G1CollectForAllocation", Time since last: 5221277340 ns, Reaching safepoint: 35743 ns, Cleanup: 6620 ns, At safepoint: 2799647 ns, Total: 2842010 ns
[2025-08-28T13:07:49.402+0000][1088462][info ][gc,start    ] GC(104) Pause Young (Normal) (G1 Evacuation Pause)
[2025-08-28T13:07:49.402+0000][1088462][info ][gc,task     ] GC(104) Using 12 workers of 33 for evacuation
[2025-08-28T13:07:49.402+0000][1088462][debug][gc,age      ] GC(104) Desired survivor size 20971520 bytes, new threshold 15 (max threshold 15)
[2025-08-28T13:07:49.405+0000][1088462][info ][gc,phases   ] GC(104)   Pre Evacuate Collection Set: 0.2ms
[2025-08-28T13:07:49.405+0000][1088462][info ][gc,phases   ] GC(104)   Merge Heap Roots: 0.1ms
[2025-08-28T13:07:49.405+0000][1088462][info ][gc,phases   ] GC(104)   Evacuate Collection Set: 2.0ms
[2025-08-28T13:07:49.405+0000][1088462][info ][gc,phases   ] GC(104)   Post Evacuate Collection Set: 0.4ms
[2025-08-28T13:07:49.405+0000][1088462][info ][gc,phases   ] GC(104)   Other: 0.1ms
[2025-08-28T13:07:49.405+0000][1088462][trace][gc,age      ] GC(104) Age table with threshold 15 (max threshold 15)
[2025-08-28T13:07:49.405+0000][1088462][trace][gc,age      ] GC(104) - age   1:     554840 bytes,     554840 total
[2025-08-28T13:07:49.405+0000][1088462][trace][gc,age      ] GC(104) - age   2:        240 bytes,     555080 total
[2025-08-28T13:07:49.405+0000][1088462][trace][gc,age      ] GC(104) - age   3:       1600 bytes,     556680 total
[2025-08-28T13:07:49.405+0000][1088462][trace][gc,age      ] GC(104) - age   4:        832 bytes,     557512 total
[2025-08-28T13:07:49.405+0000][1088462][trace][gc,age      ] GC(104) - age   5:        872 bytes,     558384 total
[2025-08-28T13:07:49.405+0000][1088462][trace][gc,age      ] GC(104) - age   7:      10160 bytes,     568544 total
[2025-08-28T13:07:49.405+0000][1088462][trace][gc,age      ] GC(104) - age   8:         32 bytes,     568576 total
[2025-08-28T13:07:49.405+0000][1088462][trace][gc,age      ] GC(104) - age   9:       1272 bytes,     569848 total
[2025-08-28T13:07:49.405+0000][1088462][trace][gc,age      ] GC(104) - age  11:        560 bytes,     570408 total
[2025-08-28T13:07:49.405+0000][1088462][trace][gc,age      ] GC(104) - age  12:         80 bytes,     570488 total
[2025-08-28T13:07:49.405+0000][1088462][trace][gc,age      ] GC(104) - age  15:        248 bytes,     570736 total
[2025-08-28T13:07:49.405+0000][1088462][info ][gc,heap     ] GC(104) Eden regions: 75->0(75)
[2025-08-28T13:07:49.405+0000][1088462][info ][gc,heap     ] GC(104) Survivor regions: 1->1(10)
[2025-08-28T13:07:49.405+0000][1088462][info ][gc,heap     ] GC(104) Old regions: 29->29
[2025-08-28T13:07:49.405+0000][1088462][info ][gc,heap     ] GC(104) Humongous regions: 0->0
[2025-08-28T13:07:49.405+0000][1088462][info ][gc,metaspace] GC(104) Metaspace: 140107K(144000K)->140107K(144000K) NonClass: 121104K(123200K)->121104K(123200K) Class: 19002K(20800K)->19002K(20800K)
[2025-08-28T13:07:49.405+0000][1088462][info ][gc          ] GC(104) Pause Young (Normal) (G1 Evacuation Pause) 414M->114M(512M) 2.948ms
[2025-08-28T13:07:49.405+0000][1088462][info ][gc,cpu      ] GC(104) User=0.01s Sys=0.00s Real=0.00s
[2025-08-28T13:07:49.405+0000][1088462][info ][safepoint   ] Safepoint "G1CollectForAllocation", Time since last: 5834809576 ns, Reaching safepoint: 59569 ns, Cleanup: 6700 ns, At safepoint: 3150134 ns, Total: 3216403 ns
[2025-08-28T13:07:55.365+0000][1088462][info ][gc,start    ] GC(105) Pause Young (Normal) (G1 Evacuation Pause)
[2025-08-28T13:07:55.365+0000][1088462][info ][gc,task     ] GC(105) Using 12 workers of 33 for evacuation
[2025-08-28T13:07:55.365+0000][1088462][debug][gc,age      ] GC(105) Desired survivor size 20971520 bytes, new threshold 15 (max threshold 15)
[2025-08-28T13:07:55.369+0000][1088462][info ][gc,phases   ] GC(105)   Pre Evacuate Collection Set: 0.2ms
[2025-08-28T13:07:55.369+0000][1088462][info ][gc,phases   ] GC(105)   Merge Heap Roots: 0.1ms
[2025-08-28T13:07:55.369+0000][1088462][info ][gc,phases   ] GC(105)   Evacuate Collection Set: 2.9ms
[2025-08-28T13:07:55.369+0000][1088462][info ][gc,phases   ] GC(105)   Post Evacuate Collection Set: 0.5ms
[2025-08-28T13:07:55.369+0000][1088462][info ][gc,phases   ] GC(105)   Other: 0.1ms
[2025-08-28T13:07:55.369+0000][1088462][trace][gc,age      ] GC(105) Age table with threshold 15 (max threshold 15)
[2025-08-28T13:07:55.369+0000][1088462][trace][gc,age      ] GC(105) - age   1:     541440 bytes,     541440 total
[2025-08-28T13:07:55.369+0000][1088462][trace][gc,age      ] GC(105) - age   4:       1504 bytes,     542944 total
[2025-08-28T13:07:55.369+0000][1088462][trace][gc,age      ] GC(105) - age   5:        448 bytes,     543392 total
[2025-08-28T13:07:55.369+0000][1088462][trace][gc,age      ] GC(105) - age   6:        784 bytes,     544176 total
[2025-08-28T13:07:55.369+0000][1088462][trace][gc,age      ] GC(105) - age   8:      10160 bytes,     554336 total
[2025-08-28T13:07:55.369+0000][1088462][trace][gc,age      ] GC(105) - age   9:         32 bytes,     554368 total
[2025-08-28T13:07:55.369+0000][1088462][trace][gc,age      ] GC(105) - age  10:       1272 bytes,     555640 total
[2025-08-28T13:07:55.369+0000][1088462][trace][gc,age      ] GC(105) - age  13:         80 bytes,     555720 total
[2025-08-28T13:07:55.369+0000][1088462][info ][gc,heap     ] GC(105) Eden regions: 75->0(75)
[2025-08-28T13:07:55.369+0000][1088462][info ][gc,heap     ] GC(105) Survivor regions: 1->1(10)
[2025-08-28T13:07:55.369+0000][1088462][info ][gc,heap     ] GC(105) Old regions: 29->29
[2025-08-28T13:07:55.369+0000][1088462][info ][gc,heap     ] GC(105) Humongous regions: 0->0
[2025-08-28T13:07:55.369+0000][1088462][info ][gc,metaspace] GC(105) Metaspace: 140108K(144000K)->140108K(144000K) NonClass: 121105K(123200K)->121105K(123200K) Class: 19002K(20800K)->19002K(20800K)
[2025-08-28T13:07:55.369+0000][1088462][info ][gc          ] GC(105) Pause Young (Normal) (G1 Evacuation Pause) 414M->114M(512M) 3.986ms
[2025-08-28T13:07:55.369+0000][1088462][info ][gc,cpu      ] GC(105) User=0.01s Sys=0.00s Real=0.00s
[2025-08-28T13:07:55.370+0000][1088462][info ][safepoint   ] Safepoint "G1CollectForAllocation", Time since last: 5960206358 ns, Reaching safepoint: 35112 ns, Cleanup: 6700 ns, At safepoint: 4223447 ns, Total: 4265259 ns
[2025-08-28T13:08:00.650+0000][1088462][info ][gc,start    ] GC(106) Pause Young (Normal) (G1 Evacuation Pause)
[2025-08-28T13:08:00.650+0000][1088462][info ][gc,task     ] GC(106) Using 12 workers of 33 for evacuation
[2025-08-28T13:08:00.650+0000][1088462][debug][gc,age      ] GC(106) Desired survivor size 20971520 bytes, new threshold 15 (max threshold 15)
[2025-08-28T13:08:00.654+0000][1088462][info ][gc,phases   ] GC(106)   Pre Evacuate Collection Set: 0.2ms
[2025-08-28T13:08:00.654+0000][1088462][info ][gc,phases   ] GC(106)   Merge Heap Roots: 0.1ms
[2025-08-28T13:08:00.654+0000][1088462][info ][gc,phases   ] GC(106)   Evacuate Collection Set: 3.3ms
[2025-08-28T13:08:00.654+0000][1088462][info ][gc,phases   ] GC(106)   Post Evacuate Collection Set: 0.5ms
[2025-08-28T13:08:00.654+0000][1088462][info ][gc,phases   ] GC(106)   Other: 0.1ms
[2025-08-28T13:08:00.654+0000][1088462][trace][gc,age      ] GC(106) Age table with threshold 15 (max threshold 15)
[2025-08-28T13:08:00.654+0000][1088462][trace][gc,age      ] GC(106) - age   1:     567008 bytes,     567008 total
[2025-08-28T13:08:00.654+0000][1088462][trace][gc,age      ] GC(106) - age   2:       1432 bytes,     568440 total
[2025-08-28T13:08:00.654+0000][1088462][trace][gc,age      ] GC(106) - age   5:       1504 bytes,     569944 total
[2025-08-28T13:08:00.654+0000][1088462][trace][gc,age      ] GC(106) - age   6:        272 bytes,     570216 total
[2025-08-28T13:08:00.654+0000][1088462][trace][gc,age      ] GC(106) - age   7:        560 bytes,     570776 total
[2025-08-28T13:08:00.654+0000][1088462][trace][gc,age      ] GC(106) - age   9:        160 bytes,     570936 total
[2025-08-28T13:08:00.654+0000][1088462][trace][gc,age      ] GC(106) - age  10:         32 bytes,     570968 total
[2025-08-28T13:08:00.655+0000][1088462][trace][gc,age      ] GC(106) - age  11:       1096 bytes,     572064 total
[2025-08-28T13:08:00.655+0000][1088462][trace][gc,age      ] GC(106) - age  14:         80 bytes,     572144 total
[2025-08-28T13:08:00.655+0000][1088462][info ][gc,heap     ] GC(106) Eden regions: 75->0(75)
[2025-08-28T13:08:00.655+0000][1088462][info ][gc,heap     ] GC(106) Survivor regions: 1->1(10)
[2025-08-28T13:08:00.655+0000][1088462][info ][gc,heap     ] GC(106) Old regions: 29->29
[2025-08-28T13:08:00.655+0000][1088462][info ][gc,heap     ] GC(106) Humongous regions: 0->0
[2025-08-28T13:08:00.655+0000][1088462][info ][gc,metaspace] GC(106) Metaspace: 140108K(144000K)->140108K(144000K) NonClass: 121106K(123200K)->121106K(123200K) Class: 19002K(20800K)->19002K(20800K)
[2025-08-28T13:08:00.655+0000][1088462][info ][gc          ] GC(106) Pause Young (Normal) (G1 Evacuation Pause) 414M->114M(512M) 4.419ms
[2025-08-28T13:08:00.655+0000][1088462][info ][gc,cpu      ] GC(106) User=0.01s Sys=0.00s Real=0.01s
[2025-08-28T13:08:00.655+0000][1088462][info ][safepoint   ] Safepoint "G1CollectForAllocation", Time since last: 5280488425 ns, Reaching safepoint: 25248 ns, Cleanup: 7842 ns, At safepoint: 4575525 ns, Total: 4608615 ns
[2025-08-28T13:08:06.688+0000][1088462][info ][gc,start    ] GC(107) Pause Young (Normal) (G1 Evacuation Pause)
[2025-08-28T13:08:06.688+0000][1088462][info ][gc,task     ] GC(107) Using 12 workers of 33 for evacuation
[2025-08-28T13:08:06.688+0000][1088462][debug][gc,age      ] GC(107) Desired survivor size 20971520 bytes, new threshold 15 (max threshold 15)
[2025-08-28T13:08:06.699+0000][1088462][info ][gc,phases   ] GC(107)   Pre Evacuate Collection Set: 0.2ms
[2025-08-28T13:08:06.699+0000][1088462][info ][gc,phases   ] GC(107)   Merge Heap Roots: 0.1ms
[2025-08-28T13:08:06.699+0000][1088462][info ][gc,phases   ] GC(107)   Evacuate Collection Set: 10.2ms
[2025-08-28T13:08:06.699+0000][1088462][info ][gc,phases   ] GC(107)   Post Evacuate Collection Set: 0.5ms
[2025-08-28T13:08:06.699+0000][1088462][info ][gc,phases   ] GC(107)   Other: 0.1ms
[2025-08-28T13:08:06.699+0000][1088462][trace][gc,age      ] GC(107) Age table with threshold 15 (max threshold 15)
[2025-08-28T13:08:06.699+0000][1088462][trace][gc,age      ] GC(107) - age   1:     543904 bytes,     543904 total
[2025-08-28T13:08:06.699+0000][1088462][trace][gc,age      ] GC(107) - age   2:      10896 bytes,     554800 total
[2025-08-28T13:08:06.699+0000][1088462][trace][gc,age      ] GC(107) - age   3:        624 bytes,     555424 total
[2025-08-28T13:08:06.699+0000][1088462][trace][gc,age      ] GC(107) - age   7:         88 bytes,     555512 total
[2025-08-28T13:08:06.699+0000][1088462][trace][gc,age      ] GC(107) - age   8:        560 bytes,     556072 total
[2025-08-28T13:08:06.699+0000][1088462][trace][gc,age      ] GC(107) - age  10:        160 bytes,     556232 total
[2025-08-28T13:08:06.699+0000][1088462][trace][gc,age      ] GC(107) - age  12:        568 bytes,     556800 total
[2025-08-28T13:08:06.699+0000][1088462][trace][gc,age      ] GC(107) - age  15:         80 bytes,     556880 total
[2025-08-28T13:08:06.699+0000][1088462][info ][gc,heap     ] GC(107) Eden regions: 75->0(75)
[2025-08-28T13:08:06.699+0000][1088462][info ][gc,heap     ] GC(107) Survivor regions: 1->1(10)
[2025-08-28T13:08:06.699+0000][1088462][info ][gc,heap     ] GC(107) Old regions: 29->29
[2025-08-28T13:08:06.699+0000][1088462][info ][gc,heap     ] GC(107) Humongous regions: 0->0
[2025-08-28T13:08:06.699+0000][1088462][info ][gc,metaspace] GC(107) Metaspace: 140108K(144000K)->140108K(144000K) NonClass: 121106K(123200K)->121106K(123200K) Class: 19002K(20800K)->19002K(20800K)
[2025-08-28T13:08:06.699+0000][1088462][info ][gc          ] GC(107) Pause Young (Normal) (G1 Evacuation Pause) 414M->114M(512M) 11.175ms
[2025-08-28T13:08:06.699+0000][1088462][info ][gc,cpu      ] GC(107) User=0.00s Sys=0.00s Real=0.01s
[2025-08-28T13:08:06.699+0000][1088462][info ][safepoint   ] Safepoint "G1CollectForAllocation", Time since last: 6033348177 ns, Reaching safepoint: 28382 ns, Cleanup: 7872 ns, At safepoint: 11320221 ns, Total: 11356475 ns
[2025-08-28T13:08:12.725+0000][1088462][info ][gc,start    ] GC(108) Pause Young (Normal) (G1 Evacuation Pause)
[2025-08-28T13:08:12.726+0000][1088462][info ][gc,task     ] GC(108) Using 12 workers of 33 for evacuation
[2025-08-28T13:08:12.726+0000][1088462][debug][gc,age      ] GC(108) Desired survivor size 20971520 bytes, new threshold 15 (max threshold 15)
[2025-08-28T13:08:12.729+0000][1088462][info ][gc,phases   ] GC(108)   Pre Evacuate Collection Set: 0.2ms
[2025-08-28T13:08:12.729+0000][1088462][info ][gc,phases   ] GC(108)   Merge Heap Roots: 0.1ms
[2025-08-28T13:08:12.729+0000][1088462][info ][gc,phases   ] GC(108)   Evacuate Collection Set: 2.5ms
[2025-08-28T13:08:12.729+0000][1088462][info ][gc,phases   ] GC(108)   Post Evacuate Collection Set: 0.5ms
[2025-08-28T13:08:12.729+0000][1088462][info ][gc,phases   ] GC(108)   Other: 0.1ms
[2025-08-28T13:08:12.729+0000][1088462][trace][gc,age      ] GC(108) Age table with threshold 15 (max threshold 15)
[2025-08-28T13:08:12.729+0000][1088462][trace][gc,age      ] GC(108) - age   1:     540248 bytes,     540248 total
[2025-08-28T13:08:12.729+0000][1088462][trace][gc,age      ] GC(108) - age   2:       3584 bytes,     543832 total
[2025-08-28T13:08:12.729+0000][1088462][trace][gc,age      ] GC(108) - age   3:      10896 bytes,     554728 total
[2025-08-28T13:08:12.729+0000][1088462][trace][gc,age      ] GC(108) - age   4:        624 bytes,     555352 total
[2025-08-28T13:08:12.729+0000][1088462][trace][gc,age      ] GC(108) - age   8:         88 bytes,     555440 total
[2025-08-28T13:08:12.729+0000][1088462][trace][gc,age      ] GC(108) - age   9:        560 bytes,     556000 total
[2025-08-28T13:08:12.729+0000][1088462][trace][gc,age      ] GC(108) - age  11:        160 bytes,     556160 total
[2025-08-28T13:08:12.729+0000][1088462][trace][gc,age      ] GC(108) - age  13:        568 bytes,     556728 total
[2025-08-28T13:08:12.729+0000][1088462][info ][gc,heap     ] GC(108) Eden regions: 75->0(75)
[2025-08-28T13:08:12.729+0000][1088462][info ][gc,heap     ] GC(108) Survivor regions: 1->1(10)
[2025-08-28T13:08:12.729+0000][1088462][info ][gc,heap     ] GC(108) Old regions: 29->29
[2025-08-28T13:08:12.729+0000][1088462][info ][gc,heap     ] GC(108) Humongous regions: 0->0
[2025-08-28T13:08:12.729+0000][1088462][info ][gc,metaspace] GC(108) Metaspace: 140108K(144000K)->140108K(144000K) NonClass: 121106K(123200K)->121106K(123200K) Class: 19002K(20800K)->19002K(20800K)
[2025-08-28T13:08:12.729+0000][1088462][info ][gc          ] GC(108) Pause Young (Normal) (G1 Evacuation Pause) 414M->114M(512M) 3.459ms
[2025-08-28T13:08:12.729+0000][1088462][info ][gc,cpu      ] GC(108) User=0.01s Sys=0.00s Real=0.00s
[2025-08-28T13:08:12.729+0000][1088462][info ][safepoint   ] Safepoint "G1CollectForAllocation", Time since last: 6026039063 ns, Reaching safepoint: 22484 ns, Cleanup: 6920 ns, At safepoint: 3593801 ns, Total: 3623205 ns
[2025-08-28T13:08:14.729+0000][1088462][info ][safepoint   ] Safepoint "Cleanup", Time since last: 2000158610 ns, Reaching safepoint: 105538 ns, Cleanup: 16004 ns, At safepoint: 3826 ns, Total: 125368 ns
[2025-08-28T13:08:18.425+0000][1088462][info ][gc,start    ] GC(109) Pause Young (Normal) (G1 Evacuation Pause)
[2025-08-28T13:08:18.425+0000][1088462][info ][gc,task     ] GC(109) Using 12 workers of 33 for evacuation
[2025-08-28T13:08:18.425+0000][1088462][debug][gc,age      ] GC(109) Desired survivor size 20971520 bytes, new threshold 15 (max threshold 15)
[2025-08-28T13:08:18.429+0000][1088462][info ][gc,phases   ] GC(109)   Pre Evacuate Collection Set: 0.2ms
[2025-08-28T13:08:18.429+0000][1088462][info ][gc,phases   ] GC(109)   Merge Heap Roots: 0.1ms
[2025-08-28T13:08:18.429+0000][1088462][info ][gc,phases   ] GC(109)   Evacuate Collection Set: 2.9ms
[2025-08-28T13:08:18.429+0000][1088462][info ][gc,phases   ] GC(109)   Post Evacuate Collection Set: 0.6ms
[2025-08-28T13:08:18.429+0000][1088462][info ][gc,phases   ] GC(109)   Other: 0.1ms
[2025-08-28T13:08:18.429+0000][1088462][trace][gc,age      ] GC(109) Age table with threshold 15 (max threshold 15)
[2025-08-28T13:08:18.429+0000][1088462][trace][gc,age      ] GC(109) - age   1:     539872 bytes,     539872 total
[2025-08-28T13:08:18.429+0000][1088462][trace][gc,age      ] GC(109) - age   2:        240 bytes,     540112 total
[2025-08-28T13:08:18.429+0000][1088462][trace][gc,age      ] GC(109) - age   3:       3584 bytes,     543696 total
[2025-08-28T13:08:18.429+0000][1088462][trace][gc,age      ] GC(109) - age   4:      10896 bytes,     554592 total
[2025-08-28T13:08:18.429+0000][1088462][trace][gc,age      ] GC(109) - age   5:        624 bytes,     555216 total
[2025-08-28T13:08:18.429+0000][1088462][trace][gc,age      ] GC(109) - age   9:         88 bytes,     555304 total
[2025-08-28T13:08:18.429+0000][1088462][trace][gc,age      ] GC(109) - age  10:        560 bytes,     555864 total
[2025-08-28T13:08:18.429+0000][1088462][trace][gc,age      ] GC(109) - age  12:        160 bytes,     556024 total
[2025-08-28T13:08:18.429+0000][1088462][trace][gc,age      ] GC(109) - age  14:        568 bytes,     556592 total
[2025-08-28T13:08:18.429+0000][1088462][info ][gc,heap     ] GC(109) Eden regions: 75->0(75)
[2025-08-28T13:08:18.429+0000][1088462][info ][gc,heap     ] GC(109) Survivor regions: 1->1(10)
[2025-08-28T13:08:18.429+0000][1088462][info ][gc,heap     ] GC(109) Old regions: 29->29
[2025-08-28T13:08:18.429+0000][1088462][info ][gc,heap     ] GC(109) Humongous regions: 0->0
[2025-08-28T13:08:18.429+0000][1088462][info ][gc,metaspace] GC(109) Metaspace: 140108K(144000K)->140108K(144000K) NonClass: 121106K(123200K)->121106K(123200K) Class: 19002K(20800K)->19002K(20800K)
[2025-08-28T13:08:18.429+0000][1088462][info ][gc          ] GC(109) Pause Young (Normal) (G1 Evacuation Pause) 414M->114M(512M) 4.084ms
[2025-08-28T13:08:18.429+0000][1088462][info ][gc,cpu      ] GC(109) User=0.00s Sys=0.01s Real=0.00s
[2025-08-28T13:08:18.429+0000][1088462][info ][safepoint   ] Safepoint "G1CollectForAllocation", Time since last: 3695384923 ns, Reaching safepoint: 22323 ns, Cleanup: 7391 ns, At safepoint: 4240492 ns, Total: 4270206 ns
[2025-08-28T13:08:22.429+0000][1088462][info ][safepoint   ] Safepoint "Cleanup", Time since last: 4000296990 ns, Reaching safepoint: 21402 ns, Cleanup: 23135 ns, At safepoint: 3906 ns, Total: 48443 ns
[2025-08-28T13:08:23.525+0000][1088462][info ][gc,start    ] GC(110) Pause Young (Normal) (G1 Evacuation Pause)
[2025-08-28T13:08:23.525+0000][1088462][info ][gc,task     ] GC(110) Using 12 workers of 33 for evacuation
[2025-08-28T13:08:23.525+0000][1088462][debug][gc,age      ] GC(110) Desired survivor size 20971520 bytes, new threshold 15 (max threshold 15)
[2025-08-28T13:08:23.529+0000][1088462][info ][gc,phases   ] GC(110)   Pre Evacuate Collection Set: 0.2ms
[2025-08-28T13:08:23.529+0000][1088462][info ][gc,phases   ] GC(110)   Merge Heap Roots: 0.1ms
[2025-08-28T13:08:23.529+0000][1088462][info ][gc,phases   ] GC(110)   Evacuate Collection Set: 2.6ms
[2025-08-28T13:08:23.529+0000][1088462][info ][gc,phases   ] GC(110)   Post Evacuate Collection Set: 0.4ms
[2025-08-28T13:08:23.529+0000][1088462][info ][gc,phases   ] GC(110)   Other: 0.1ms
[2025-08-28T13:08:23.529+0000][1088462][trace][gc,age      ] GC(110) Age table with threshold 15 (max threshold 15)
[2025-08-28T13:08:23.529+0000][1088462][trace][gc,age      ] GC(110) - age   1:     541376 bytes,     541376 total
[2025-08-28T13:08:23.529+0000][1088462][trace][gc,age      ] GC(110) - age   4:       3104 bytes,     544480 total
[2025-08-28T13:08:23.529+0000][1088462][trace][gc,age      ] GC(110) - age   5:      10736 bytes,     555216 total
[2025-08-28T13:08:23.529+0000][1088462][trace][gc,age      ] GC(110) - age   6:        624 bytes,     555840 total
[2025-08-28T13:08:23.529+0000][1088462][trace][gc,age      ] GC(110) - age  13:        160 bytes,     556000 total
[2025-08-28T13:08:23.529+0000][1088462][trace][gc,age      ] GC(110) - age  15:        568 bytes,     556568 total
[2025-08-28T13:08:23.529+0000][1088462][info ][gc,heap     ] GC(110) Eden regions: 75->0(75)
[2025-08-28T13:08:23.529+0000][1088462][info ][gc,heap     ] GC(110) Survivor regions: 1->1(10)
[2025-08-28T13:08:23.529+0000][1088462][info ][gc,heap     ] GC(110) Old regions: 29->29
[2025-08-28T13:08:23.529+0000][1088462][info ][gc,heap     ] GC(110) Humongous regions: 0->0
[2025-08-28T13:08:23.529+0000][1088462][info ][gc,metaspace] GC(110) Metaspace: 140109K(144000K)->140109K(144000K) NonClass: 121107K(123200K)->121107K(123200K) Class: 19002K(20800K)->19002K(20800K)
[2025-08-28T13:08:23.529+0000][1088462][info ][gc          ] GC(110) Pause Young (Normal) (G1 Evacuation Pause) 414M->114M(512M) 3.554ms
[2025-08-28T13:08:23.529+0000][1088462][info ][gc,cpu      ] GC(110) User=0.01s Sys=0.00s Real=0.00s
[2025-08-28T13:08:23.529+0000][1088462][info ][safepoint   ] Safepoint "G1CollectForAllocation", Time since last: 1095794014 ns, Reaching safepoint: 23014 ns, Cleanup: 7021 ns, At safepoint: 3755734 ns, Total: 3785769 ns
[2025-08-28T13:08:28.825+0000][1088462][info ][gc,start    ] GC(111) Pause Young (Normal) (G1 Evacuation Pause)
[2025-08-28T13:08:28.825+0000][1088462][info ][gc,task     ] GC(111) Using 12 workers of 33 for evacuation
[2025-08-28T13:08:28.825+0000][1088462][debug][gc,age      ] GC(111) Desired survivor size 20971520 bytes, new threshold 15 (max threshold 15)
[2025-08-28T13:08:28.827+0000][1088462][info ][gc,phases   ] GC(111)   Pre Evacuate Collection Set: 0.2ms
[2025-08-28T13:08:28.827+0000][1088462][info ][gc,phases   ] GC(111)   Merge Heap Roots: 0.1ms
[2025-08-28T13:08:28.827+0000][1088462][info ][gc,phases   ] GC(111)   Evacuate Collection Set: 1.7ms
[2025-08-28T13:08:28.827+0000][1088462][info ][gc,phases   ] GC(111)   Post Evacuate Collection Set: 0.5ms
[2025-08-28T13:08:28.827+0000][1088462][info ][gc,phases   ] GC(111)   Other: 0.1ms
[2025-08-28T13:08:28.827+0000][1088462][trace][gc,age      ] GC(111) Age table with threshold 15 (max threshold 15)
[2025-08-28T13:08:28.827+0000][1088462][trace][gc,age      ] GC(111) - age   1:     555432 bytes,     555432 total
[2025-08-28T13:08:28.827+0000][1088462][trace][gc,age      ] GC(111) - age   2:       1368 bytes,     556800 total
[2025-08-28T13:08:28.827+0000][1088462][trace][gc,age      ] GC(111) - age   5:       3104 bytes,     559904 total
[2025-08-28T13:08:28.827+0000][1088462][trace][gc,age      ] GC(111) - age   6:      10736 bytes,     570640 total
[2025-08-28T13:08:28.827+0000][1088462][trace][gc,age      ] GC(111) - age   7:        624 bytes,     571264 total
[2025-08-28T13:08:28.827+0000][1088462][trace][gc,age      ] GC(111) - age  14:        160 bytes,     571424 total
[2025-08-28T13:08:28.827+0000][1088462][info ][gc,heap     ] GC(111) Eden regions: 75->0(75)
[2025-08-28T13:08:28.827+0000][1088462][info ][gc,heap     ] GC(111) Survivor regions: 1->1(10)
[2025-08-28T13:08:28.827+0000][1088462][info ][gc,heap     ] GC(111) Old regions: 29->29
[2025-08-28T13:08:28.827+0000][1088462][info ][gc,heap     ] GC(111) Humongous regions: 0->0
[2025-08-28T13:08:28.827+0000][1088462][info ][gc,metaspace] GC(111) Metaspace: 140109K(144000K)->140109K(144000K) NonClass: 121107K(123200K)->121107K(123200K) Class: 19002K(20800K)->19002K(20800K)
[2025-08-28T13:08:28.827+0000][1088462][info ][gc          ] GC(111) Pause Young (Normal) (G1 Evacuation Pause) 414M->114M(512M) 2.669ms
[2025-08-28T13:08:28.827+0000][1088462][info ][gc,cpu      ] GC(111) User=0.01s Sys=0.00s Real=0.00s
[2025-08-28T13:08:28.827+0000][1088462][info ][safepoint   ] Safepoint "G1CollectForAllocation", Time since last: 5295697419 ns, Reaching safepoint: 21092 ns, Cleanup: 7030 ns, At safepoint: 2817184 ns, Total: 2845306 ns
[2025-08-28T13:08:34.375+0000][1088462][info ][gc,start    ] GC(112) Pause Young (Normal) (G1 Evacuation Pause)
[2025-08-28T13:08:34.375+0000][1088462][info ][gc,task     ] GC(112) Using 12 workers of 33 for evacuation
[2025-08-28T13:08:34.375+0000][1088462][debug][gc,age      ] GC(112) Desired survivor size 20971520 bytes, new threshold 15 (max threshold 15)
[2025-08-28T13:08:34.378+0000][1088462][info ][gc,phases   ] GC(112)   Pre Evacuate Collection Set: 0.2ms
[2025-08-28T13:08:34.378+0000][1088462][info ][gc,phases   ] GC(112)   Merge Heap Roots: 0.1ms
[2025-08-28T13:08:34.378+0000][1088462][info ][gc,phases   ] GC(112)   Evacuate Collection Set: 2.0ms
[2025-08-28T13:08:34.378+0000][1088462][info ][gc,phases   ] GC(112)   Post Evacuate Collection Set: 0.5ms
[2025-08-28T13:08:34.378+0000][1088462][info ][gc,phases   ] GC(112)   Other: 0.1ms
[2025-08-28T13:08:34.378+0000][1088462][trace][gc,age      ] GC(112) Age table with threshold 15 (max threshold 15)
[2025-08-28T13:08:34.378+0000][1088462][trace][gc,age      ] GC(112) - age   1:     542536 bytes,     542536 total
[2025-08-28T13:08:34.378+0000][1088462][trace][gc,age      ] GC(112) - age   3:        560 bytes,     543096 total
[2025-08-28T13:08:34.378+0000][1088462][trace][gc,age      ] GC(112) - age   6:       1448 bytes,     544544 total
[2025-08-28T13:08:34.378+0000][1088462][trace][gc,age      ] GC(112) - age   7:      10560 bytes,     555104 total
[2025-08-28T13:08:34.378+0000][1088462][trace][gc,age      ] GC(112) - age   8:        624 bytes,     555728 total
[2025-08-28T13:08:34.378+0000][1088462][trace][gc,age      ] GC(112) - age  15:        160 bytes,     555888 total
[2025-08-28T13:08:34.378+0000][1088462][info ][gc,heap     ] GC(112) Eden regions: 75->0(75)
[2025-08-28T13:08:34.378+0000][1088462][info ][gc,heap     ] GC(112) Survivor regions: 1->1(10)
[2025-08-28T13:08:34.378+0000][1088462][info ][gc,heap     ] GC(112) Old regions: 29->29
[2025-08-28T13:08:34.378+0000][1088462][info ][gc,heap     ] GC(112) Humongous regions: 0->0
[2025-08-28T13:08:34.378+0000][1088462][info ][gc,metaspace] GC(112) Metaspace: 140111K(144000K)->140111K(144000K) NonClass: 121109K(123200K)->121109K(123200K) Class: 19002K(20800K)->19002K(20800K)
[2025-08-28T13:08:34.378+0000][1088462][info ][gc          ] GC(112) Pause Young (Normal) (G1 Evacuation Pause) 414M->114M(512M) 2.978ms
[2025-08-28T13:08:34.378+0000][1088462][info ][gc,cpu      ] GC(112) User=0.00s Sys=0.00s Real=0.00s
[2025-08-28T13:08:34.378+0000][1088462][info ][safepoint   ] Safepoint "G1CollectForAllocation", Time since last: 5547307910 ns, Reaching safepoint: 88844 ns, Cleanup: 15543 ns, At safepoint: 3121370 ns, Total: 3225757 ns
[2025-08-28T13:08:40.375+0000][1088462][info ][gc,start    ] GC(113) Pause Young (Normal) (G1 Evacuation Pause)
[2025-08-28T13:08:40.375+0000][1088462][info ][gc,task     ] GC(113) Using 12 workers of 33 for evacuation
[2025-08-28T13:08:40.375+0000][1088462][debug][gc,age      ] GC(113) Desired survivor size 20971520 bytes, new threshold 15 (max threshold 15)
[2025-08-28T13:08:40.378+0000][1088462][info ][gc,phases   ] GC(113)   Pre Evacuate Collection Set: 0.2ms
[2025-08-28T13:08:40.378+0000][1088462][info ][gc,phases   ] GC(113)   Merge Heap Roots: 0.1ms
[2025-08-28T13:08:40.378+0000][1088462][info ][gc,phases   ] GC(113)   Evacuate Collection Set: 2.5ms
[2025-08-28T13:08:40.378+0000][1088462][info ][gc,phases   ] GC(113)   Post Evacuate Collection Set: 0.6ms
[2025-08-28T13:08:40.378+0000][1088462][info ][gc,phases   ] GC(113)   Other: 0.1ms
[2025-08-28T13:08:40.378+0000][1088462][trace][gc,age      ] GC(113) Age table with threshold 15 (max threshold 15)
[2025-08-28T13:08:40.378+0000][1088462][trace][gc,age      ] GC(113) - age   1:     540096 bytes,     540096 total
[2025-08-28T13:08:40.378+0000][1088462][trace][gc,age      ] GC(113) - age   2:       2640 bytes,     542736 total
[2025-08-28T13:08:40.378+0000][1088462][trace][gc,age      ] GC(113) - age   4:        560 bytes,     543296 total
[2025-08-28T13:08:40.378+0000][1088462][trace][gc,age      ] GC(113) - age   7:       1448 bytes,     544744 total
[2025-08-28T13:08:40.378+0000][1088462][trace][gc,age      ] GC(113) - age   8:      10336 bytes,     555080 total
[2025-08-28T13:08:40.378+0000][1088462][trace][gc,age      ] GC(113) - age   9:        624 bytes,     555704 total
[2025-08-28T13:08:40.378+0000][1088462][info ][gc,heap     ] GC(113) Eden regions: 75->0(75)
[2025-08-28T13:08:40.378+0000][1088462][info ][gc,heap     ] GC(113) Survivor regions: 1->1(10)
[2025-08-28T13:08:40.378+0000][1088462][info ][gc,heap     ] GC(113) Old regions: 29->29
[2025-08-28T13:08:40.378+0000][1088462][info ][gc,heap     ] GC(113) Humongous regions: 0->0
[2025-08-28T13:08:40.378+0000][1088462][info ][gc,metaspace] GC(113) Metaspace: 140111K(144000K)->140111K(144000K) NonClass: 121109K(123200K)->121109K(123200K) Class: 19002K(20800K)->19002K(20800K)
[2025-08-28T13:08:40.378+0000][1088462][info ][gc          ] GC(113) Pause Young (Normal) (G1 Evacuation Pause) 414M->114M(512M) 3.632ms
[2025-08-28T13:08:40.378+0000][1088462][info ][gc,cpu      ] GC(113) User=0.01s Sys=0.00s Real=0.00s
[2025-08-28T13:08:40.378+0000][1088462][info ][safepoint   ] Safepoint "G1CollectForAllocation", Time since last: 5996672974 ns, Reaching safepoint: 20020 ns, Cleanup: 7031 ns, At safepoint: 3818979 ns, Total: 3846030 ns
[2025-08-28T13:08:46.307+0000][1088462][info ][gc,start    ] GC(114) Pause Young (Normal) (G1 Evacuation Pause)
[2025-08-28T13:08:46.307+0000][1088462][info ][gc,task     ] GC(114) Using 12 workers of 33 for evacuation
[2025-08-28T13:08:46.307+0000][1088462][debug][gc,age      ] GC(114) Desired survivor size 20971520 bytes, new threshold 15 (max threshold 15)
[2025-08-28T13:08:46.311+0000][1088462][info ][gc,phases   ] GC(114)   Pre Evacuate Collection Set: 0.2ms
[2025-08-28T13:08:46.311+0000][1088462][info ][gc,phases   ] GC(114)   Merge Heap Roots: 0.2ms
[2025-08-28T13:08:46.311+0000][1088462][info ][gc,phases   ] GC(114)   Evacuate Collection Set: 2.3ms
[2025-08-28T13:08:46.311+0000][1088462][info ][gc,phases   ] GC(114)   Post Evacuate Collection Set: 1.1ms
[2025-08-28T13:08:46.311+0000][1088462][info ][gc,phases   ] GC(114)   Other: 0.1ms
[2025-08-28T13:08:46.311+0000][1088462][trace][gc,age      ] GC(114) Age table with threshold 15 (max threshold 15)
[2025-08-28T13:08:46.311+0000][1088462][trace][gc,age      ] GC(114) - age   1:     566576 bytes,     566576 total
[2025-08-28T13:08:46.311+0000][1088462][trace][gc,age      ] GC(114) - age   2:        224 bytes,     566800 total
[2025-08-28T13:08:46.311+0000][1088462][trace][gc,age      ] GC(114) - age   3:       2400 bytes,     569200 total
[2025-08-28T13:08:46.311+0000][1088462][trace][gc,age      ] GC(114) - age   5:        560 bytes,     569760 total
[2025-08-28T13:08:46.311+0000][1088462][trace][gc,age      ] GC(114) - age   8:       1448 bytes,     571208 total
[2025-08-28T13:08:46.311+0000][1088462][trace][gc,age      ] GC(114) - age   9:        336 bytes,     571544 total
[2025-08-28T13:08:46.311+0000][1088462][trace][gc,age      ] GC(114) - age  10:        624 bytes,     572168 total
[2025-08-28T13:08:46.311+0000][1088462][info ][gc,heap     ] GC(114) Eden regions: 75->0(75)
[2025-08-28T13:08:46.311+0000][1088462][info ][gc,heap     ] GC(114) Survivor regions: 1->1(10)
[2025-08-28T13:08:46.311+0000][1088462][info ][gc,heap     ] GC(114) Old regions: 29->29
[2025-08-28T13:08:46.311+0000][1088462][info ][gc,heap     ] GC(114) Humongous regions: 0->0
[2025-08-28T13:08:46.311+0000][1088462][info ][gc,metaspace] GC(114) Metaspace: 140111K(144000K)->140111K(144000K) NonClass: 121109K(123200K)->121109K(123200K) Class: 19002K(20800K)->19002K(20800K)
[2025-08-28T13:08:46.311+0000][1088462][info ][gc          ] GC(114) Pause Young (Normal) (G1 Evacuation Pause) 414M->114M(512M) 4.071ms
[2025-08-28T13:08:46.311+0000][1088462][info ][gc,cpu      ] GC(114) User=0.01s Sys=0.00s Real=0.01s
[2025-08-28T13:08:46.312+0000][1088462][info ][safepoint   ] Safepoint "G1CollectForAllocation", Time since last: 5928739120 ns, Reaching safepoint: 36414 ns, Cleanup: 6721 ns, At safepoint: 4297668 ns, Total: 4340803 ns
[2025-08-28T13:08:52.345+0000][1088462][info ][gc,start    ] GC(115) Pause Young (Normal) (G1 Evacuation Pause)
[2025-08-28T13:08:52.345+0000][1088462][info ][gc,task     ] GC(115) Using 12 workers of 33 for evacuation
[2025-08-28T13:08:52.345+0000][1088462][debug][gc,age      ] GC(115) Desired survivor size 20971520 bytes, new threshold 15 (max threshold 15)
[2025-08-28T13:08:52.348+0000][1088462][info ][gc,phases   ] GC(115)   Pre Evacuate Collection Set: 0.2ms
[2025-08-28T13:08:52.348+0000][1088462][info ][gc,phases   ] GC(115)   Merge Heap Roots: 0.1ms
[2025-08-28T13:08:52.348+0000][1088462][info ][gc,phases   ] GC(115)   Evacuate Collection Set: 1.8ms
[2025-08-28T13:08:52.348+0000][1088462][info ][gc,phases   ] GC(115)   Post Evacuate Collection Set: 0.6ms
[2025-08-28T13:08:52.348+0000][1088462][info ][gc,phases   ] GC(115)   Other: 0.1ms
[2025-08-28T13:08:52.348+0000][1088462][trace][gc,age      ] GC(115) Age table with threshold 15 (max threshold 15)
[2025-08-28T13:08:52.348+0000][1088462][trace][gc,age      ] GC(115) - age   1:     555496 bytes,     555496 total
[2025-08-28T13:08:52.348+0000][1088462][trace][gc,age      ] GC(115) - age   2:      10320 bytes,     565816 total
[2025-08-28T13:08:52.348+0000][1088462][trace][gc,age      ] GC(115) - age   3:        224 bytes,     566040 total
[2025-08-28T13:08:52.348+0000][1088462][trace][gc,age      ] GC(115) - age   4:       1952 bytes,     567992 total
[2025-08-28T13:08:52.348+0000][1088462][trace][gc,age      ] GC(115) - age   6:        560 bytes,     568552 total
[2025-08-28T13:08:52.348+0000][1088462][trace][gc,age      ] GC(115) - age   9:       1360 bytes,     569912 total
[2025-08-28T13:08:52.348+0000][1088462][trace][gc,age      ] GC(115) - age  10:        336 bytes,     570248 total
[2025-08-28T13:08:52.348+0000][1088462][trace][gc,age      ] GC(115) - age  11:        400 bytes,     570648 total
[2025-08-28T13:08:52.348+0000][1088462][info ][gc,heap     ] GC(115) Eden regions: 75->0(75)
[2025-08-28T13:08:52.348+0000][1088462][info ][gc,heap     ] GC(115) Survivor regions: 1->1(10)
[2025-08-28T13:08:52.348+0000][1088462][info ][gc,heap     ] GC(115) Old regions: 29->29
[2025-08-28T13:08:52.348+0000][1088462][info ][gc,heap     ] GC(115) Humongous regions: 0->0
[2025-08-28T13:08:52.348+0000][1088462][info ][gc,metaspace] GC(115) Metaspace: 140111K(144000K)->140111K(144000K) NonClass: 121109K(123200K)->121109K(123200K) Class: 19002K(20800K)->19002K(20800K)
[2025-08-28T13:08:52.348+0000][1088462][info ][gc          ] GC(115) Pause Young (Normal) (G1 Evacuation Pause) 414M->114M(512M) 2.902ms
[2025-08-28T13:08:52.348+0000][1088462][info ][gc,cpu      ] GC(115) User=0.01s Sys=0.00s Real=0.00s
[2025-08-28T13:08:52.348+0000][1088462][info ][safepoint   ] Safepoint "G1CollectForAllocation", Time since last: 6033200884 ns, Reaching safepoint: 20350 ns, Cleanup: 6560 ns, At safepoint: 3092357 ns, Total: 3119267 ns
[2025-08-28T13:08:58.389+0000][1088462][info ][gc,start    ] GC(116) Pause Young (Normal) (G1 Evacuation Pause)
[2025-08-28T13:08:58.389+0000][1088462][info ][gc,task     ] GC(116) Using 12 workers of 33 for evacuation
[2025-08-28T13:08:58.389+0000][1088462][debug][gc,age      ] GC(116) Desired survivor size 20971520 bytes, new threshold 15 (max threshold 15)
[2025-08-28T13:08:58.392+0000][1088462][info ][gc,phases   ] GC(116)   Pre Evacuate Collection Set: 0.2ms
[2025-08-28T13:08:58.392+0000][1088462][info ][gc,phases   ] GC(116)   Merge Heap Roots: 0.1ms
[2025-08-28T13:08:58.392+0000][1088462][info ][gc,phases   ] GC(116)   Evacuate Collection Set: 2.5ms
[2025-08-28T13:08:58.392+0000][1088462][info ][gc,phases   ] GC(116)   Post Evacuate Collection Set: 0.7ms
[2025-08-28T13:08:58.392+0000][1088462][info ][gc,phases   ] GC(116)   Other: 0.1ms
[2025-08-28T13:08:58.392+0000][1088462][trace][gc,age      ] GC(116) Age table with threshold 15 (max threshold 15)
[2025-08-28T13:08:58.392+0000][1088462][trace][gc,age      ] GC(116) - age   1:     540328 bytes,     540328 total
[2025-08-28T13:08:58.392+0000][1088462][trace][gc,age      ] GC(116) - age   2:        936 bytes,     541264 total
[2025-08-28T13:08:58.392+0000][1088462][trace][gc,age      ] GC(116) - age   3:      10320 bytes,     551584 total
[2025-08-28T13:08:58.392+0000][1088462][trace][gc,age      ] GC(116) - age   4:        224 bytes,     551808 total
[2025-08-28T13:08:58.392+0000][1088462][trace][gc,age      ] GC(116) - age   5:       1920 bytes,     553728 total
[2025-08-28T13:08:58.392+0000][1088462][trace][gc,age      ] GC(116) - age   7:        560 bytes,     554288 total
[2025-08-28T13:08:58.392+0000][1088462][trace][gc,age      ] GC(116) - age  10:       1360 bytes,     555648 total
[2025-08-28T13:08:58.392+0000][1088462][trace][gc,age      ] GC(116) - age  11:        336 bytes,     555984 total
[2025-08-28T13:08:58.392+0000][1088462][trace][gc,age      ] GC(116) - age  12:         64 bytes,     556048 total
[2025-08-28T13:08:58.393+0000][1088462][info ][gc,heap     ] GC(116) Eden regions: 75->0(75)
[2025-08-28T13:08:58.393+0000][1088462][info ][gc,heap     ] GC(116) Survivor regions: 1->1(10)
[2025-08-28T13:08:58.393+0000][1088462][info ][gc,heap     ] GC(116) Old regions: 29->29
[2025-08-28T13:08:58.393+0000][1088462][info ][gc,heap     ] GC(116) Humongous regions: 0->0
[2025-08-28T13:08:58.393+0000][1088462][info ][gc,metaspace] GC(116) Metaspace: 140111K(144000K)->140111K(144000K) NonClass: 121109K(123200K)->121109K(123200K) Class: 19002K(20800K)->19002K(20800K)
[2025-08-28T13:08:58.393+0000][1088462][info ][gc          ] GC(116) Pause Young (Normal) (G1 Evacuation Pause) 414M->114M(512M) 3.706ms
[2025-08-28T13:08:58.393+0000][1088462][info ][gc,cpu      ] GC(116) User=0.00s Sys=0.00s Real=0.01s
[2025-08-28T13:08:58.393+0000][1088462][info ][safepoint   ] Safepoint "G1CollectForAllocation", Time since last: 6040860644 ns, Reaching safepoint: 29535 ns, Cleanup: 6359 ns, At safepoint: 3901133 ns, Total: 3937027 ns
[2025-08-28T13:09:03.483+0000][1088462][info ][gc,start    ] GC(117) Pause Young (Normal) (G1 Evacuation Pause)
[2025-08-28T13:09:03.483+0000][1088462][info ][gc,task     ] GC(117) Using 12 workers of 33 for evacuation
[2025-08-28T13:09:03.483+0000][1088462][debug][gc,age      ] GC(117) Desired survivor size 20971520 bytes, new threshold 15 (max threshold 15)
[2025-08-28T13:09:03.485+0000][1088462][info ][gc,phases   ] GC(117)   Pre Evacuate Collection Set: 0.2ms
[2025-08-28T13:09:03.485+0000][1088462][info ][gc,phases   ] GC(117)   Merge Heap Roots: 0.1ms
[2025-08-28T13:09:03.485+0000][1088462][info ][gc,phases   ] GC(117)   Evacuate Collection Set: 1.7ms
[2025-08-28T13:09:03.485+0000][1088462][info ][gc,phases   ] GC(117)   Post Evacuate Collection Set: 0.7ms
[2025-08-28T13:09:03.485+0000][1088462][info ][gc,phases   ] GC(117)   Other: 0.1ms
[2025-08-28T13:09:03.485+0000][1088462][trace][gc,age      ] GC(117) Age table with threshold 15 (max threshold 15)
[2025-08-28T13:09:03.485+0000][1088462][trace][gc,age      ] GC(117) - age   1:     543920 bytes,     543920 total
[2025-08-28T13:09:03.485+0000][1088462][trace][gc,age      ] GC(117) - age   2:        336 bytes,     544256 total
[2025-08-28T13:09:03.485+0000][1088462][trace][gc,age      ] GC(117) - age   3:        224 bytes,     544480 total
[2025-08-28T13:09:03.485+0000][1088462][trace][gc,age      ] GC(117) - age   4:      10320 bytes,     554800 total
[2025-08-28T13:09:03.485+0000][1088462][trace][gc,age      ] GC(117) - age   5:        224 bytes,     555024 total
[2025-08-28T13:09:03.485+0000][1088462][trace][gc,age      ] GC(117) - age   6:         88 bytes,     555112 total
[2025-08-28T13:09:03.485+0000][1088462][trace][gc,age      ] GC(117) - age   8:        560 bytes,     555672 total
[2025-08-28T13:09:03.485+0000][1088462][trace][gc,age      ] GC(117) - age  11:        832 bytes,     556504 total
[2025-08-28T13:09:03.485+0000][1088462][trace][gc,age      ] GC(117) - age  12:        160 bytes,     556664 total
[2025-08-28T13:09:03.485+0000][1088462][trace][gc,age      ] GC(117) - age  13:         64 bytes,     556728 total
[2025-08-28T13:09:03.485+0000][1088462][info ][gc,heap     ] GC(117) Eden regions: 75->0(75)
[2025-08-28T13:09:03.485+0000][1088462][info ][gc,heap     ] GC(117) Survivor regions: 1->1(10)
[2025-08-28T13:09:03.485+0000][1088462][info ][gc,heap     ] GC(117) Old regions: 29->29
[2025-08-28T13:09:03.485+0000][1088462][info ][gc,heap     ] GC(117) Humongous regions: 0->0
[2025-08-28T13:09:03.486+0000][1088462][info ][gc,metaspace] GC(117) Metaspace: 140111K(144000K)->140111K(144000K) NonClass: 121109K(123200K)->121109K(123200K) Class: 19002K(20800K)->19002K(20800K)
[2025-08-28T13:09:03.486+0000][1088462][info ][gc          ] GC(117) Pause Young (Normal) (G1 Evacuation Pause) 414M->114M(512M) 2.918ms
[2025-08-28T13:09:03.486+0000][1088462][info ][gc,cpu      ] GC(117) User=0.00s Sys=0.00s Real=0.00s
[2025-08-28T13:09:03.486+0000][1088462][info ][safepoint   ] Safepoint "G1CollectForAllocation", Time since last: 5089842024 ns, Reaching safepoint: 31908 ns, Cleanup: 5689 ns, At safepoint: 3135712 ns, Total: 3173309 ns
[2025-08-28T13:09:09.520+0000][1088462][info ][gc,start    ] GC(118) Pause Young (Normal) (G1 Evacuation Pause)
[2025-08-28T13:09:09.520+0000][1088462][info ][gc,task     ] GC(118) Using 12 workers of 33 for evacuation
[2025-08-28T13:09:09.520+0000][1088462][debug][gc,age      ] GC(118) Desired survivor size 20971520 bytes, new threshold 15 (max threshold 15)
[2025-08-28T13:09:09.524+0000][1088462][info ][gc,phases   ] GC(118)   Pre Evacuate Collection Set: 0.1ms
[2025-08-28T13:09:09.524+0000][1088462][info ][gc,phases   ] GC(118)   Merge Heap Roots: 0.1ms
[2025-08-28T13:09:09.524+0000][1088462][info ][gc,phases   ] GC(118)   Evacuate Collection Set: 2.8ms
[2025-08-28T13:09:09.524+0000][1088462][info ][gc,phases   ] GC(118)   Post Evacuate Collection Set: 0.6ms
[2025-08-28T13:09:09.524+0000][1088462][info ][gc,phases   ] GC(118)   Other: 0.1ms
[2025-08-28T13:09:09.524+0000][1088462][trace][gc,age      ] GC(118) Age table with threshold 15 (max threshold 15)
[2025-08-28T13:09:09.524+0000][1088462][trace][gc,age      ] GC(118) - age   1:     540040 bytes,     540040 total
[2025-08-28T13:09:09.524+0000][1088462][trace][gc,age      ] GC(118) - age   2:       3912 bytes,     543952 total
[2025-08-28T13:09:09.524+0000][1088462][trace][gc,age      ] GC(118) - age   3:        336 bytes,     544288 total
[2025-08-28T13:09:09.524+0000][1088462][trace][gc,age      ] GC(118) - age   4:        224 bytes,     544512 total
[2025-08-28T13:09:09.524+0000][1088462][trace][gc,age      ] GC(118) - age   5:      10320 bytes,     554832 total
[2025-08-28T13:09:09.524+0000][1088462][trace][gc,age      ] GC(118) - age   6:        224 bytes,     555056 total
[2025-08-28T13:09:09.524+0000][1088462][trace][gc,age      ] GC(118) - age   7:         88 bytes,     555144 total
[2025-08-28T13:09:09.524+0000][1088462][trace][gc,age      ] GC(118) - age   9:        560 bytes,     555704 total
[2025-08-28T13:09:09.524+0000][1088462][trace][gc,age      ] GC(118) - age  12:        800 bytes,     556504 total
[2025-08-28T13:09:09.524+0000][1088462][trace][gc,age      ] GC(118) - age  13:        160 bytes,     556664 total
[2025-08-28T13:09:09.524+0000][1088462][trace][gc,age      ] GC(118) - age  14:         64 bytes,     556728 total
[2025-08-28T13:09:09.524+0000][1088462][info ][gc,heap     ] GC(118) Eden regions: 75->0(75)
[2025-08-28T13:09:09.524+0000][1088462][info ][gc,heap     ] GC(118) Survivor regions: 1->1(10)
[2025-08-28T13:09:09.524+0000][1088462][info ][gc,heap     ] GC(118) Old regions: 29->29
[2025-08-28T13:09:09.524+0000][1088462][info ][gc,heap     ] GC(118) Humongous regions: 0->0
[2025-08-28T13:09:09.524+0000][1088462][info ][gc,metaspace] GC(118) Metaspace: 140111K(144000K)->140111K(144000K) NonClass: 121109K(123200K)->121109K(123200K) Class: 19002K(20800K)->19002K(20800K)
[2025-08-28T13:09:09.524+0000][1088462][info ][gc          ] GC(118) Pause Young (Normal) (G1 Evacuation Pause) 414M->114M(512M) 3.807ms
[2025-08-28T13:09:09.524+0000][1088462][info ][gc,cpu      ] GC(118) User=0.00s Sys=0.00s Real=0.01s
[2025-08-28T13:09:09.524+0000][1088462][info ][safepoint   ] Safepoint "G1CollectForAllocation", Time since last: 6034501228 ns, Reaching safepoint: 20460 ns, Cleanup: 5909 ns, At safepoint: 3967172 ns, Total: 3993541 ns
[2025-08-28T13:09:15.408+0000][1088462][info ][gc,start    ] GC(119) Pause Young (Normal) (G1 Evacuation Pause)
[2025-08-28T13:09:15.408+0000][1088462][info ][gc,task     ] GC(119) Using 12 workers of 33 for evacuation
[2025-08-28T13:09:15.408+0000][1088462][debug][gc,age      ] GC(119) Desired survivor size 20971520 bytes, new threshold 15 (max threshold 15)
[2025-08-28T13:09:15.411+0000][1088462][info ][gc,phases   ] GC(119)   Pre Evacuate Collection Set: 0.2ms
[2025-08-28T13:09:15.411+0000][1088462][info ][gc,phases   ] GC(119)   Merge Heap Roots: 0.1ms
[2025-08-28T13:09:15.411+0000][1088462][info ][gc,phases   ] GC(119)   Evacuate Collection Set: 1.9ms
[2025-08-28T13:09:15.411+0000][1088462][info ][gc,phases   ] GC(119)   Post Evacuate Collection Set: 0.6ms
[2025-08-28T13:09:15.411+0000][1088462][info ][gc,phases   ] GC(119)   Other: 0.1ms
[2025-08-28T13:09:15.411+0000][1088462][trace][gc,age      ] GC(119) Age table with threshold 15 (max threshold 15)
[2025-08-28T13:09:15.411+0000][1088462][trace][gc,age      ] GC(119) - age   1:      20928 bytes,      20928 total
[2025-08-28T13:09:15.411+0000][1088462][trace][gc,age      ] GC(119) - age   2:         32 bytes,      20960 total
[2025-08-28T13:09:15.411+0000][1088462][trace][gc,age      ] GC(119) - age   3:       3672 bytes,      24632 total
[2025-08-28T13:09:15.411+0000][1088462][trace][gc,age      ] GC(119) - age   4:        336 bytes,      24968 total
[2025-08-28T13:09:15.411+0000][1088462][trace][gc,age      ] GC(119) - age   5:        224 bytes,      25192 total
[2025-08-28T13:09:15.411+0000][1088462][trace][gc,age      ] GC(119) - age   6:      10160 bytes,      35352 total
[2025-08-28T13:09:15.411+0000][1088462][trace][gc,age      ] GC(119) - age   8:         88 bytes,      35440 total
[2025-08-28T13:09:15.411+0000][1088462][trace][gc,age      ] GC(119) - age  10:        560 bytes,      36000 total
[2025-08-28T13:09:15.411+0000][1088462][trace][gc,age      ] GC(119) - age  13:        800 bytes,      36800 total
[2025-08-28T13:09:15.411+0000][1088462][trace][gc,age      ] GC(119) - age  14:        160 bytes,      36960 total
[2025-08-28T13:09:15.411+0000][1088462][trace][gc,age      ] GC(119) - age  15:         64 bytes,      37024 total
[2025-08-28T13:09:15.411+0000][1088462][info ][gc,heap     ] GC(119) Eden regions: 75->0(75)
[2025-08-28T13:09:15.411+0000][1088462][info ][gc,heap     ] GC(119) Survivor regions: 1->1(10)
[2025-08-28T13:09:15.411+0000][1088462][info ][gc,heap     ] GC(119) Old regions: 29->29
[2025-08-28T13:09:15.411+0000][1088462][info ][gc,heap     ] GC(119) Humongous regions: 0->0
[2025-08-28T13:09:15.411+0000][1088462][info ][gc,metaspace] GC(119) Metaspace: 140111K(144000K)->140111K(144000K) NonClass: 121109K(123200K)->121109K(123200K) Class: 19002K(20800K)->19002K(20800K)
[2025-08-28T13:09:15.411+0000][1088462][info ][gc          ] GC(119) Pause Young (Normal) (G1 Evacuation Pause) 414M->113M(512M) 3.142ms
[2025-08-28T13:09:15.411+0000][1088462][info ][gc,cpu      ] GC(119) User=0.00s Sys=0.01s Real=0.01s
[2025-08-28T13:09:15.412+0000][1088462][info ][safepoint   ] Safepoint "G1CollectForAllocation", Time since last: 5884011288 ns, Reaching safepoint: 20871 ns, Cleanup: 6850 ns, At safepoint: 3337646 ns, Total: 3365367 ns
[2025-08-28T13:09:21.420+0000][1088462][info ][gc,start    ] GC(120) Pause Young (Normal) (G1 Evacuation Pause)
[2025-08-28T13:09:21.420+0000][1088462][info ][gc,task     ] GC(120) Using 12 workers of 33 for evacuation
[2025-08-28T13:09:21.420+0000][1088462][debug][gc,age      ] GC(120) Desired survivor size 20971520 bytes, new threshold 15 (max threshold 15)
[2025-08-28T13:09:21.424+0000][1088462][info ][gc,phases   ] GC(120)   Pre Evacuate Collection Set: 0.2ms
[2025-08-28T13:09:21.424+0000][1088462][info ][gc,phases   ] GC(120)   Merge Heap Roots: 0.1ms
[2025-08-28T13:09:21.424+0000][1088462][info ][gc,phases   ] GC(120)   Evacuate Collection Set: 2.9ms
[2025-08-28T13:09:21.424+0000][1088462][info ][gc,phases   ] GC(120)   Post Evacuate Collection Set: 0.5ms
[2025-08-28T13:09:21.424+0000][1088462][info ][gc,phases   ] GC(120)   Other: 0.1ms
[2025-08-28T13:09:21.424+0000][1088462][trace][gc,age      ] GC(120) Age table with threshold 15 (max threshold 15)
[2025-08-28T13:09:21.424+0000][1088462][trace][gc,age      ] GC(120) - age   1:     540160 bytes,     540160 total
[2025-08-28T13:09:21.424+0000][1088462][trace][gc,age      ] GC(120) - age   2:        224 bytes,     540384 total
[2025-08-28T13:09:21.424+0000][1088462][trace][gc,age      ] GC(120) - age   3:         32 bytes,     540416 total
[2025-08-28T13:09:21.424+0000][1088462][trace][gc,age      ] GC(120) - age   4:       3672 bytes,     544088 total
[2025-08-28T13:09:21.424+0000][1088462][trace][gc,age      ] GC(120) - age   5:        336 bytes,     544424 total
[2025-08-28T13:09:21.424+0000][1088462][trace][gc,age      ] GC(120) - age   6:        224 bytes,     544648 total
[2025-08-28T13:09:21.424+0000][1088462][trace][gc,age      ] GC(120) - age   7:      10160 bytes,     554808 total
[2025-08-28T13:09:21.424+0000][1088462][trace][gc,age      ] GC(120) - age   9:         88 bytes,     554896 total
[2025-08-28T13:09:21.424+0000][1088462][trace][gc,age      ] GC(120) - age  11:        560 bytes,     555456 total
[2025-08-28T13:09:21.424+0000][1088462][trace][gc,age      ] GC(120) - age  14:        800 bytes,     556256 total
[2025-08-28T13:09:21.424+0000][1088462][trace][gc,age      ] GC(120) - age  15:        160 bytes,     556416 total
[2025-08-28T13:09:21.424+0000][1088462][info ][gc,heap     ] GC(120) Eden regions: 75->0(75)
[2025-08-28T13:09:21.424+0000][1088462][info ][gc,heap     ] GC(120) Survivor regions: 1->1(10)
[2025-08-28T13:09:21.424+0000][1088462][info ][gc,heap     ] GC(120) Old regions: 29->29
[2025-08-28T13:09:21.424+0000][1088462][info ][gc,heap     ] GC(120) Humongous regions: 0->0
[2025-08-28T13:09:21.424+0000][1088462][info ][gc,metaspace] GC(120) Metaspace: 140111K(144000K)->140111K(144000K) NonClass: 121109K(123200K)->121109K(123200K) Class: 19002K(20800K)->19002K(20800K)
[2025-08-28T13:09:21.424+0000][1088462][info ][gc          ] GC(120) Pause Young (Normal) (G1 Evacuation Pause) 413M->114M(512M) 4.016ms
[2025-08-28T13:09:21.424+0000][1088462][info ][gc,cpu      ] GC(120) User=0.01s Sys=0.00s Real=0.01s
[2025-08-28T13:09:21.424+0000][1088462][info ][safepoint   ] Safepoint "G1CollectForAllocation", Time since last: 6008317472 ns, Reaching safepoint: 30105 ns, Cleanup: 6029 ns, At safepoint: 4219811 ns, Total: 4255945 ns
[2025-08-28T13:09:27.457+0000][1088462][info ][gc,start    ] GC(121) Pause Young (Normal) (G1 Evacuation Pause)
[2025-08-28T13:09:27.457+0000][1088462][info ][gc,task     ] GC(121) Using 12 workers of 33 for evacuation
[2025-08-28T13:09:27.457+0000][1088462][debug][gc,age      ] GC(121) Desired survivor size 20971520 bytes, new threshold 15 (max threshold 15)
[2025-08-28T13:09:27.460+0000][1088462][info ][gc,phases   ] GC(121)   Pre Evacuate Collection Set: 0.2ms
[2025-08-28T13:09:27.460+0000][1088462][info ][gc,phases   ] GC(121)   Merge Heap Roots: 0.1ms
[2025-08-28T13:09:27.460+0000][1088462][info ][gc,phases   ] GC(121)   Evacuate Collection Set: 1.6ms
[2025-08-28T13:09:27.460+0000][1088462][info ][gc,phases   ] GC(121)   Post Evacuate Collection Set: 0.6ms
[2025-08-28T13:09:27.460+0000][1088462][info ][gc,phases   ] GC(121)   Other: 0.1ms
[2025-08-28T13:09:27.460+0000][1088462][trace][gc,age      ] GC(121) Age table with threshold 15 (max threshold 15)
[2025-08-28T13:09:27.460+0000][1088462][trace][gc,age      ] GC(121) - age   1:     541048 bytes,     541048 total
[2025-08-28T13:09:27.460+0000][1088462][trace][gc,age      ] GC(121) - age   2:        240 bytes,     541288 total
[2025-08-28T13:09:27.460+0000][1088462][trace][gc,age      ] GC(121) - age   3:        224 bytes,     541512 total
[2025-08-28T13:09:27.460+0000][1088462][trace][gc,age      ] GC(121) - age   4:         32 bytes,     541544 total
[2025-08-28T13:09:27.460+0000][1088462][trace][gc,age      ] GC(121) - age   5:       3192 bytes,     544736 total
[2025-08-28T13:09:27.460+0000][1088462][trace][gc,age      ] GC(121) - age   6:        336 bytes,     545072 total
[2025-08-28T13:09:27.460+0000][1088462][trace][gc,age      ] GC(121) - age   7:        224 bytes,     545296 total
[2025-08-28T13:09:27.460+0000][1088462][trace][gc,age      ] GC(121) - age   8:      10160 bytes,     555456 total
[2025-08-28T13:09:27.460+0000][1088462][trace][gc,age      ] GC(121) - age  15:        800 bytes,     556256 total
[2025-08-28T13:09:27.460+0000][1088462][info ][gc,heap     ] GC(121) Eden regions: 75->0(75)
[2025-08-28T13:09:27.460+0000][1088462][info ][gc,heap     ] GC(121) Survivor regions: 1->1(10)
[2025-08-28T13:09:27.460+0000][1088462][info ][gc,heap     ] GC(121) Old regions: 29->29
[2025-08-28T13:09:27.460+0000][1088462][info ][gc,heap     ] GC(121) Humongous regions: 0->0
[2025-08-28T13:09:27.460+0000][1088462][info ][gc,metaspace] GC(121) Metaspace: 140111K(144000K)->140111K(144000K) NonClass: 121109K(123200K)->121109K(123200K) Class: 19002K(20800K)->19002K(20800K)
[2025-08-28T13:09:27.460+0000][1088462][info ][gc          ] GC(121) Pause Young (Normal) (G1 Evacuation Pause) 414M->114M(512M) 2.777ms
[2025-08-28T13:09:27.460+0000][1088462][info ][gc,cpu      ] GC(121) User=0.01s Sys=0.01s Real=0.00s
[2025-08-28T13:09:27.460+0000][1088462][info ][safepoint   ] Safepoint "G1CollectForAllocation", Time since last: 6033115376 ns, Reaching safepoint: 22263 ns, Cleanup: 6650 ns, At safepoint: 2965837 ns, Total: 2994750 ns
[2025-08-28T13:09:33.014+0000][1088462][info ][gc,start    ] GC(122) Pause Young (Normal) (G1 Evacuation Pause)
[2025-08-28T13:09:33.014+0000][1088462][info ][gc,task     ] GC(122) Using 12 workers of 33 for evacuation
[2025-08-28T13:09:33.014+0000][1088462][debug][gc,age      ] GC(122) Desired survivor size 20971520 bytes, new threshold 15 (max threshold 15)
[2025-08-28T13:09:33.017+0000][1088462][info ][gc,phases   ] GC(122)   Pre Evacuate Collection Set: 0.2ms
[2025-08-28T13:09:33.017+0000][1088462][info ][gc,phases   ] GC(122)   Merge Heap Roots: 0.1ms
[2025-08-28T13:09:33.017+0000][1088462][info ][gc,phases   ] GC(122)   Evacuate Collection Set: 2.4ms
[2025-08-28T13:09:33.017+0000][1088462][info ][gc,phases   ] GC(122)   Post Evacuate Collection Set: 0.6ms
[2025-08-28T13:09:33.017+0000][1088462][info ][gc,phases   ] GC(122)   Other: 0.1ms
[2025-08-28T13:09:33.017+0000][1088462][trace][gc,age      ] GC(122) Age table with threshold 15 (max threshold 15)
[2025-08-28T13:09:33.017+0000][1088462][trace][gc,age      ] GC(122) - age   1:     553312 bytes,     553312 total
[2025-08-28T13:09:33.017+0000][1088462][trace][gc,age      ] GC(122) - age   2:        608 bytes,     553920 total
[2025-08-28T13:09:33.017+0000][1088462][trace][gc,age      ] GC(122) - age   4:        224 bytes,     554144 total
[2025-08-28T13:09:33.017+0000][1088462][trace][gc,age      ] GC(122) - age   5:         32 bytes,     554176 total
[2025-08-28T13:09:33.017+0000][1088462][trace][gc,age      ] GC(122) - age   6:       1360 bytes,     555536 total
[2025-08-28T13:09:33.017+0000][1088462][trace][gc,age      ] GC(122) - age   7:        336 bytes,     555872 total
[2025-08-28T13:09:33.017+0000][1088462][trace][gc,age      ] GC(122) - age   8:        224 bytes,     556096 total
[2025-08-28T13:09:33.017+0000][1088462][trace][gc,age      ] GC(122) - age   9:        160 bytes,     556256 total
[2025-08-28T13:09:33.017+0000][1088462][info ][gc,heap     ] GC(122) Eden regions: 75->0(75)
[2025-08-28T13:09:33.017+0000][1088462][info ][gc,heap     ] GC(122) Survivor regions: 1->1(10)
[2025-08-28T13:09:33.017+0000][1088462][info ][gc,heap     ] GC(122) Old regions: 29->29
[2025-08-28T13:09:33.017+0000][1088462][info ][gc,heap     ] GC(122) Humongous regions: 0->0
[2025-08-28T13:09:33.017+0000][1088462][info ][gc,metaspace] GC(122) Metaspace: 140111K(144000K)->140111K(144000K) NonClass: 121109K(123200K)->121109K(123200K) Class: 19002K(20800K)->19002K(20800K)
[2025-08-28T13:09:33.017+0000][1088462][info ][gc          ] GC(122) Pause Young (Normal) (G1 Evacuation Pause) 414M->114M(512M) 3.518ms
[2025-08-28T13:09:33.017+0000][1088462][info ][gc,cpu      ] GC(122) User=0.01s Sys=0.00s Real=0.00s
[2025-08-28T13:09:33.017+0000][1088462][info ][safepoint   ] Safepoint "G1CollectForAllocation", Time since last: 5553211146 ns, Reaching safepoint: 44698 ns, Cleanup: 6840 ns, At safepoint: 3694261 ns, Total: 3745799 ns
[2025-08-28T13:09:39.052+0000][1088462][info ][gc,start    ] GC(123) Pause Young (Normal) (G1 Evacuation Pause)
[2025-08-28T13:09:39.052+0000][1088462][info ][gc,task     ] GC(123) Using 12 workers of 33 for evacuation
[2025-08-28T13:09:39.052+0000][1088462][debug][gc,age      ] GC(123) Desired survivor size 20971520 bytes, new threshold 15 (max threshold 15)
[2025-08-28T13:09:39.055+0000][1088462][info ][gc,phases   ] GC(123)   Pre Evacuate Collection Set: 0.2ms
[2025-08-28T13:09:39.055+0000][1088462][info ][gc,phases   ] GC(123)   Merge Heap Roots: 0.1ms
[2025-08-28T13:09:39.055+0000][1088462][info ][gc,phases   ] GC(123)   Evacuate Collection Set: 2.6ms
[2025-08-28T13:09:39.055+0000][1088462][info ][gc,phases   ] GC(123)   Post Evacuate Collection Set: 0.6ms
[2025-08-28T13:09:39.055+0000][1088462][info ][gc,phases   ] GC(123)   Other: 0.1ms
[2025-08-28T13:09:39.055+0000][1088462][trace][gc,age      ] GC(123) Age table with threshold 15 (max threshold 15)
[2025-08-28T13:09:39.055+0000][1088462][trace][gc,age      ] GC(123) - age   1:     539872 bytes,     539872 total
[2025-08-28T13:09:39.055+0000][1088462][trace][gc,age      ] GC(123) - age   2:      13304 bytes,     553176 total
[2025-08-28T13:09:39.055+0000][1088462][trace][gc,age      ] GC(123) - age   3:        608 bytes,     553784 total
[2025-08-28T13:09:39.055+0000][1088462][trace][gc,age      ] GC(123) - age   5:        224 bytes,     554008 total
[2025-08-28T13:09:39.055+0000][1088462][trace][gc,age      ] GC(123) - age   6:         32 bytes,     554040 total
[2025-08-28T13:09:39.055+0000][1088462][trace][gc,age      ] GC(123) - age   7:       1360 bytes,     555400 total
[2025-08-28T13:09:39.055+0000][1088462][trace][gc,age      ] GC(123) - age   8:        336 bytes,     555736 total
[2025-08-28T13:09:39.055+0000][1088462][trace][gc,age      ] GC(123) - age   9:        224 bytes,     555960 total
[2025-08-28T13:09:39.055+0000][1088462][trace][gc,age      ] GC(123) - age  10:        160 bytes,     556120 total
[2025-08-28T13:09:39.055+0000][1088462][info ][gc,heap     ] GC(123) Eden regions: 75->0(75)
[2025-08-28T13:09:39.055+0000][1088462][info ][gc,heap     ] GC(123) Survivor regions: 1->1(10)
[2025-08-28T13:09:39.055+0000][1088462][info ][gc,heap     ] GC(123) Old regions: 29->29
[2025-08-28T13:09:39.055+0000][1088462][info ][gc,heap     ] GC(123) Humongous regions: 0->0
[2025-08-28T13:09:39.055+0000][1088462][info ][gc,metaspace] GC(123) Metaspace: 140111K(144000K)->140111K(144000K) NonClass: 121109K(123200K)->121109K(123200K) Class: 19002K(20800K)->19002K(20800K)
[2025-08-28T13:09:39.055+0000][1088462][info ][gc          ] GC(123) Pause Young (Normal) (G1 Evacuation Pause) 414M->114M(512M) 3.725ms
[2025-08-28T13:09:39.055+0000][1088462][info ][gc,cpu      ] GC(123) User=0.00s Sys=0.00s Real=0.00s
[2025-08-28T13:09:39.055+0000][1088462][info ][safepoint   ] Safepoint "G1CollectForAllocation", Time since last: 6034271252 ns, Reaching safepoint: 22213 ns, Cleanup: 6760 ns, At safepoint: 3890403 ns, Total: 3919376 ns
[2025-08-28T13:09:44.738+0000][1088462][info ][gc,start    ] GC(124) Pause Young (Normal) (G1 Evacuation Pause)
[2025-08-28T13:09:44.738+0000][1088462][info ][gc,task     ] GC(124) Using 12 workers of 33 for evacuation
[2025-08-28T13:09:44.738+0000][1088462][debug][gc,age      ] GC(124) Desired survivor size 20971520 bytes, new threshold 15 (max threshold 15)
[2025-08-28T13:09:44.741+0000][1088462][info ][gc,phases   ] GC(124)   Pre Evacuate Collection Set: 0.2ms
[2025-08-28T13:09:44.741+0000][1088462][info ][gc,phases   ] GC(124)   Merge Heap Roots: 0.1ms
[2025-08-28T13:09:44.741+0000][1088462][info ][gc,phases   ] GC(124)   Evacuate Collection Set: 1.8ms
[2025-08-28T13:09:44.741+0000][1088462][info ][gc,phases   ] GC(124)   Post Evacuate Collection Set: 0.5ms
[2025-08-28T13:09:44.741+0000][1088462][info ][gc,phases   ] GC(124)   Other: 0.1ms
[2025-08-28T13:09:44.741+0000][1088462][trace][gc,age      ] GC(124) Age table with threshold 15 (max threshold 15)
[2025-08-28T13:09:44.741+0000][1088462][trace][gc,age      ] GC(124) - age   1:     555768 bytes,     555768 total
[2025-08-28T13:09:44.741+0000][1088462][trace][gc,age      ] GC(124) - age   3:      12904 bytes,     568672 total
[2025-08-28T13:09:44.741+0000][1088462][trace][gc,age      ] GC(124) - age   4:        608 bytes,     569280 total
[2025-08-28T13:09:44.741+0000][1088462][trace][gc,age      ] GC(124) - age   6:        224 bytes,     569504 total
[2025-08-28T13:09:44.741+0000][1088462][trace][gc,age      ] GC(124) - age   7:         32 bytes,     569536 total
[2025-08-28T13:09:44.741+0000][1088462][trace][gc,age      ] GC(124) - age   8:       1360 bytes,     570896 total
[2025-08-28T13:09:44.741+0000][1088462][trace][gc,age      ] GC(124) - age   9:        336 bytes,     571232 total
[2025-08-28T13:09:44.741+0000][1088462][trace][gc,age      ] GC(124) - age  10:        224 bytes,     571456 total
[2025-08-28T13:09:44.741+0000][1088462][trace][gc,age      ] GC(124) - age  11:        160 bytes,     571616 total
[2025-08-28T13:09:44.741+0000][1088462][info ][gc,heap     ] GC(124) Eden regions: 75->0(75)
[2025-08-28T13:09:44.741+0000][1088462][info ][gc,heap     ] GC(124) Survivor regions: 1->1(10)
[2025-08-28T13:09:44.741+0000][1088462][info ][gc,heap     ] GC(124) Old regions: 29->29
[2025-08-28T13:09:44.741+0000][1088462][info ][gc,heap     ] GC(124) Humongous regions: 0->0
[2025-08-28T13:09:44.741+0000][1088462][info ][gc,metaspace] GC(124) Metaspace: 140112K(144000K)->140112K(144000K) NonClass: 121110K(123200K)->121110K(123200K) Class: 19002K(20800K)->19002K(20800K)
[2025-08-28T13:09:44.741+0000][1088462][info ][gc          ] GC(124) Pause Young (Normal) (G1 Evacuation Pause) 414M->114M(512M) 2.849ms
[2025-08-28T13:09:44.741+0000][1088462][info ][gc,cpu      ] GC(124) User=0.01s Sys=0.00s Real=0.01s
[2025-08-28T13:09:44.741+0000][1088462][info ][safepoint   ] Safepoint "G1CollectForAllocation", Time since last: 5682637145 ns, Reaching safepoint: 22634 ns, Cleanup: 7331 ns, At safepoint: 3035077 ns, Total: 3065042 ns
[2025-08-28T13:09:50.776+0000][1088462][info ][gc,start    ] GC(125) Pause Young (Normal) (G1 Evacuation Pause)
[2025-08-28T13:09:50.776+0000][1088462][info ][gc,task     ] GC(125) Using 12 workers of 33 for evacuation
[2025-08-28T13:09:50.776+0000][1088462][debug][gc,age      ] GC(125) Desired survivor size 20971520 bytes, new threshold 15 (max threshold 15)
[2025-08-28T13:09:50.779+0000][1088462][info ][gc,phases   ] GC(125)   Pre Evacuate Collection Set: 0.1ms
[2025-08-28T13:09:50.779+0000][1088462][info ][gc,phases   ] GC(125)   Merge Heap Roots: 0.1ms
[2025-08-28T13:09:50.779+0000][1088462][info ][gc,phases   ] GC(125)   Evacuate Collection Set: 2.3ms
[2025-08-28T13:09:50.779+0000][1088462][info ][gc,phases   ] GC(125)   Post Evacuate Collection Set: 0.5ms
[2025-08-28T13:09:50.779+0000][1088462][info ][gc,phases   ] GC(125)   Other: 0.1ms
[2025-08-28T13:09:50.779+0000][1088462][trace][gc,age      ] GC(125) Age table with threshold 15 (max threshold 15)
[2025-08-28T13:09:50.779+0000][1088462][trace][gc,age      ] GC(125) - age   1:     556160 bytes,     556160 total
[2025-08-28T13:09:50.779+0000][1088462][trace][gc,age      ] GC(125) - age   2:        240 bytes,     556400 total
[2025-08-28T13:09:50.779+0000][1088462][trace][gc,age      ] GC(125) - age   4:      12592 bytes,     568992 total
[2025-08-28T13:09:50.779+0000][1088462][trace][gc,age      ] GC(125) - age   5:        608 bytes,     569600 total
[2025-08-28T13:09:50.779+0000][1088462][trace][gc,age      ] GC(125) - age   7:        224 bytes,     569824 total
[2025-08-28T13:09:50.779+0000][1088462][trace][gc,age      ] GC(125) - age   8:         32 bytes,     569856 total
[2025-08-28T13:09:50.779+0000][1088462][trace][gc,age      ] GC(125) - age   9:       1360 bytes,     571216 total
[2025-08-28T13:09:50.779+0000][1088462][trace][gc,age      ] GC(125) - age  10:        336 bytes,     571552 total
[2025-08-28T13:09:50.779+0000][1088462][trace][gc,age      ] GC(125) - age  11:        224 bytes,     571776 total
[2025-08-28T13:09:50.779+0000][1088462][trace][gc,age      ] GC(125) - age  12:        160 bytes,     571936 total
[2025-08-28T13:09:50.779+0000][1088462][info ][gc,heap     ] GC(125) Eden regions: 75->0(75)
[2025-08-28T13:09:50.779+0000][1088462][info ][gc,heap     ] GC(125) Survivor regions: 1->1(10)
[2025-08-28T13:09:50.779+0000][1088462][info ][gc,heap     ] GC(125) Old regions: 29->29
[2025-08-28T13:09:50.779+0000][1088462][info ][gc,heap     ] GC(125) Humongous regions: 0->0
[2025-08-28T13:09:50.779+0000][1088462][info ][gc,metaspace] GC(125) Metaspace: 140112K(144000K)->140112K(144000K) NonClass: 121110K(123200K)->121110K(123200K) Class: 19002K(20800K)->19002K(20800K)
[2025-08-28T13:09:50.779+0000][1088462][info ][gc          ] GC(125) Pause Young (Normal) (G1 Evacuation Pause) 414M->114M(512M) 3.247ms
[2025-08-28T13:09:50.779+0000][1088462][info ][gc,cpu      ] GC(125) User=0.00s Sys=0.00s Real=0.00s
[2025-08-28T13:09:50.779+0000][1088462][info ][safepoint   ] Safepoint "G1CollectForAllocation", Time since last: 6034842844 ns, Reaching safepoint: 21883 ns, Cleanup: 7210 ns, At safepoint: 3429901 ns, Total: 3458994 ns
[2025-08-28T13:09:51.779+0000][1088462][info ][safepoint   ] Safepoint "Cleanup", Time since last: 1000091374 ns, Reaching safepoint: 22955 ns, Cleanup: 17226 ns, At safepoint: 3625 ns, Total: 43806 ns
[2025-08-28T13:09:52.780+0000][1088462][info ][safepoint   ] Safepoint "Cleanup", Time since last: 1000115892 ns, Reaching safepoint: 22804 ns, Cleanup: 23085 ns, At safepoint: 3866 ns, Total: 49755 ns
[2025-08-28T13:09:56.438+0000][1088462][info ][gc,start    ] GC(126) Pause Young (Normal) (G1 Evacuation Pause)
[2025-08-28T13:09:56.438+0000][1088462][info ][gc,task     ] GC(126) Using 12 workers of 33 for evacuation
[2025-08-28T13:09:56.438+0000][1088462][debug][gc,age      ] GC(126) Desired survivor size 20971520 bytes, new threshold 15 (max threshold 15)
[2025-08-28T13:09:56.441+0000][1088462][info ][gc,phases   ] GC(126)   Pre Evacuate Collection Set: 0.1ms
[2025-08-28T13:09:56.441+0000][1088462][info ][gc,phases   ] GC(126)   Merge Heap Roots: 0.1ms
[2025-08-28T13:09:56.441+0000][1088462][info ][gc,phases   ] GC(126)   Evacuate Collection Set: 2.3ms
[2025-08-28T13:09:56.441+0000][1088462][info ][gc,phases   ] GC(126)   Post Evacuate Collection Set: 0.6ms
[2025-08-28T13:09:56.441+0000][1088462][info ][gc,phases   ] GC(126)   Other: 0.1ms
[2025-08-28T13:09:56.441+0000][1088462][trace][gc,age      ] GC(126) Age table with threshold 15 (max threshold 15)
[2025-08-28T13:09:56.441+0000][1088462][trace][gc,age      ] GC(126) - age   1:     556720 bytes,     556720 total
[2025-08-28T13:09:56.441+0000][1088462][trace][gc,age      ] GC(126) - age   5:      12112 bytes,     568832 total
[2025-08-28T13:09:56.441+0000][1088462][trace][gc,age      ] GC(126) - age   6:        496 bytes,     569328 total
[2025-08-28T13:09:56.441+0000][1088462][trace][gc,age      ] GC(126) - age   9:         32 bytes,     569360 total
[2025-08-28T13:09:56.441+0000][1088462][trace][gc,age      ] GC(126) - age  10:       1272 bytes,     570632 total
[2025-08-28T13:09:56.441+0000][1088462][trace][gc,age      ] GC(126) - age  12:        112 bytes,     570744 total
[2025-08-28T13:09:56.441+0000][1088462][trace][gc,age      ] GC(126) - age  13:        160 bytes,     570904 total
[2025-08-28T13:09:56.441+0000][1088462][info ][gc,heap     ] GC(126) Eden regions: 75->0(75)
[2025-08-28T13:09:56.441+0000][1088462][info ][gc,heap     ] GC(126) Survivor regions: 1->1(10)
[2025-08-28T13:09:56.441+0000][1088462][info ][gc,heap     ] GC(126) Old regions: 29->29
[2025-08-28T13:09:56.441+0000][1088462][info ][gc,heap     ] GC(126) Humongous regions: 0->0
[2025-08-28T13:09:56.441+0000][1088462][info ][gc,metaspace] GC(126) Metaspace: 140112K(144000K)->140112K(144000K) NonClass: 121110K(123200K)->121110K(123200K) Class: 19002K(20800K)->19002K(20800K)
[2025-08-28T13:09:56.441+0000][1088462][info ][gc          ] GC(126) Pause Young (Normal) (G1 Evacuation Pause) 414M->114M(512M) 3.361ms
[2025-08-28T13:09:56.442+0000][1088462][info ][gc,cpu      ] GC(126) User=0.01s Sys=0.00s Real=0.01s
[2025-08-28T13:09:56.442+0000][1088462][info ][safepoint   ] Safepoint "G1CollectForAllocation", Time since last: 3658332744 ns, Reaching safepoint: 23536 ns, Cleanup: 6890 ns, At safepoint: 3538544 ns, Total: 3568970 ns
[2025-08-28T13:10:02.088+0000][1088462][info ][gc,start    ] GC(127) Pause Young (Normal) (G1 Evacuation Pause)
[2025-08-28T13:10:02.089+0000][1088462][info ][gc,task     ] GC(127) Using 12 workers of 33 for evacuation
[2025-08-28T13:10:02.089+0000][1088462][debug][gc,age      ] GC(127) Desired survivor size 20971520 bytes, new threshold 15 (max threshold 15)
[2025-08-28T13:10:02.091+0000][1088462][info ][gc,phases   ] GC(127)   Pre Evacuate Collection Set: 0.2ms
[2025-08-28T13:10:02.091+0000][1088462][info ][gc,phases   ] GC(127)   Merge Heap Roots: 0.1ms
[2025-08-28T13:10:02.091+0000][1088462][info ][gc,phases   ] GC(127)   Evacuate Collection Set: 1.7ms
[2025-08-28T13:10:02.091+0000][1088462][info ][gc,phases   ] GC(127)   Post Evacuate Collection Set: 0.6ms
[2025-08-28T13:10:02.091+0000][1088462][info ][gc,phases   ] GC(127)   Other: 0.1ms
[2025-08-28T13:10:02.091+0000][1088462][trace][gc,age      ] GC(127) Age table with threshold 15 (max threshold 15)
[2025-08-28T13:10:02.091+0000][1088462][trace][gc,age      ] GC(127) - age   1:     542688 bytes,     542688 total
[2025-08-28T13:10:02.091+0000][1088462][trace][gc,age      ] GC(127) - age   2:       1352 bytes,     544040 total
[2025-08-28T13:10:02.091+0000][1088462][trace][gc,age      ] GC(127) - age   6:      11936 bytes,     555976 total
[2025-08-28T13:10:02.091+0000][1088462][trace][gc,age      ] GC(127) - age   7:        496 bytes,     556472 total
[2025-08-28T13:10:02.091+0000][1088462][trace][gc,age      ] GC(127) - age  10:         32 bytes,     556504 total
[2025-08-28T13:10:02.091+0000][1088462][trace][gc,age      ] GC(127) - age  11:        568 bytes,     557072 total
[2025-08-28T13:10:02.091+0000][1088462][trace][gc,age      ] GC(127) - age  13:        112 bytes,     557184 total
[2025-08-28T13:10:02.091+0000][1088462][trace][gc,age      ] GC(127) - age  14:        160 bytes,     557344 total
[2025-08-28T13:10:02.091+0000][1088462][info ][gc,heap     ] GC(127) Eden regions: 75->0(75)
[2025-08-28T13:10:02.091+0000][1088462][info ][gc,heap     ] GC(127) Survivor regions: 1->1(10)
[2025-08-28T13:10:02.091+0000][1088462][info ][gc,heap     ] GC(127) Old regions: 29->29
[2025-08-28T13:10:02.091+0000][1088462][info ][gc,heap     ] GC(127) Humongous regions: 0->0
[2025-08-28T13:10:02.091+0000][1088462][info ][gc,metaspace] GC(127) Metaspace: 140112K(144000K)->140112K(144000K) NonClass: 121110K(123200K)->121110K(123200K) Class: 19002K(20800K)->19002K(20800K)
[2025-08-28T13:10:02.091+0000][1088462][info ][gc          ] GC(127) Pause Young (Normal) (G1 Evacuation Pause) 414M->114M(512M) 2.826ms
[2025-08-28T13:10:02.091+0000][1088462][info ][gc,cpu      ] GC(127) User=0.01s Sys=0.00s Real=0.01s
[2025-08-28T13:10:02.091+0000][1088462][info ][safepoint   ] Safepoint "G1CollectForAllocation", Time since last: 5646800730 ns, Reaching safepoint: 22343 ns, Cleanup: 6550 ns, At safepoint: 3002948 ns, Total: 3031841 ns
[2025-08-28T13:10:08.089+0000][1088462][info ][gc,start    ] GC(128) Pause Young (Normal) (G1 Evacuation Pause)
[2025-08-28T13:10:08.089+0000][1088462][info ][gc,task     ] GC(128) Using 12 workers of 33 for evacuation
[2025-08-28T13:10:08.089+0000][1088462][debug][gc,age      ] GC(128) Desired survivor size 20971520 bytes, new threshold 15 (max threshold 15)
[2025-08-28T13:10:08.091+0000][1088462][info ][gc,phases   ] GC(128)   Pre Evacuate Collection Set: 0.2ms
[2025-08-28T13:10:08.091+0000][1088462][info ][gc,phases   ] GC(128)   Merge Heap Roots: 0.1ms
[2025-08-28T13:10:08.091+0000][1088462][info ][gc,phases   ] GC(128)   Evacuate Collection Set: 1.6ms
[2025-08-28T13:10:08.091+0000][1088462][info ][gc,phases   ] GC(128)   Post Evacuate Collection Set: 0.5ms
[2025-08-28T13:10:08.091+0000][1088462][info ][gc,phases   ] GC(128)   Other: 0.1ms
[2025-08-28T13:10:08.091+0000][1088462][trace][gc,age      ] GC(128) Age table with threshold 15 (max threshold 15)
[2025-08-28T13:10:08.091+0000][1088462][trace][gc,age      ] GC(128) - age   1:     559648 bytes,     559648 total
[2025-08-28T13:10:08.091+0000][1088462][trace][gc,age      ] GC(128) - age   2:       2816 bytes,     562464 total
[2025-08-28T13:10:08.091+0000][1088462][trace][gc,age      ] GC(128) - age   3:        784 bytes,     563248 total
[2025-08-28T13:10:08.091+0000][1088462][trace][gc,age      ] GC(128) - age   7:      10248 bytes,     573496 total
[2025-08-28T13:10:08.091+0000][1088462][trace][gc,age      ] GC(128) - age   8:        496 bytes,     573992 total
[2025-08-28T13:10:08.091+0000][1088462][trace][gc,age      ] GC(128) - age  12:        568 bytes,     574560 total
[2025-08-28T13:10:08.091+0000][1088462][trace][gc,age      ] GC(128) - age  14:        112 bytes,     574672 total
[2025-08-28T13:10:08.091+0000][1088462][trace][gc,age      ] GC(128) - age  15:        160 bytes,     574832 total
[2025-08-28T13:10:08.091+0000][1088462][info ][gc,heap     ] GC(128) Eden regions: 75->0(75)
[2025-08-28T13:10:08.091+0000][1088462][info ][gc,heap     ] GC(128) Survivor regions: 1->1(10)
[2025-08-28T13:10:08.091+0000][1088462][info ][gc,heap     ] GC(128) Old regions: 29->29
[2025-08-28T13:10:08.091+0000][1088462][info ][gc,heap     ] GC(128) Humongous regions: 0->0
[2025-08-28T13:10:08.091+0000][1088462][info ][gc,metaspace] GC(128) Metaspace: 140114K(144000K)->140114K(144000K) NonClass: 121111K(123200K)->121111K(123200K) Class: 19002K(20800K)->19002K(20800K)
[2025-08-28T13:10:08.091+0000][1088462][info ][gc          ] GC(128) Pause Young (Normal) (G1 Evacuation Pause) 414M->114M(512M) 2.675ms
[2025-08-28T13:10:08.091+0000][1088462][info ][gc,cpu      ] GC(128) User=0.00s Sys=0.00s Real=0.01s
[2025-08-28T13:10:08.091+0000][1088462][info ][safepoint   ] Safepoint "G1CollectForAllocation", Time since last: 5997077797 ns, Reaching safepoint: 57627 ns, Cleanup: 16564 ns, At safepoint: 2854355 ns, Total: 2928546 ns
[2025-08-28T13:10:13.092+0000][1088462][info ][safepoint   ] Safepoint "Cleanup", Time since last: 5000351084 ns, Reaching safepoint: 19930 ns, Cleanup: 15904 ns, At safepoint: 3505 ns, Total: 39339 ns
[2025-08-28T13:10:13.751+0000][1088462][info ][gc,start    ] GC(129) Pause Young (Normal) (G1 Evacuation Pause)
[2025-08-28T13:10:13.751+0000][1088462][info ][gc,task     ] GC(129) Using 12 workers of 33 for evacuation
[2025-08-28T13:10:13.751+0000][1088462][debug][gc,age      ] GC(129) Desired survivor size 20971520 bytes, new threshold 15 (max threshold 15)
[2025-08-28T13:10:13.754+0000][1088462][info ][gc,phases   ] GC(129)   Pre Evacuate Collection Set: 0.2ms
[2025-08-28T13:10:13.754+0000][1088462][info ][gc,phases   ] GC(129)   Merge Heap Roots: 0.1ms
[2025-08-28T13:10:13.754+0000][1088462][info ][gc,phases   ] GC(129)   Evacuate Collection Set: 1.9ms
[2025-08-28T13:10:13.754+0000][1088462][info ][gc,phases   ] GC(129)   Post Evacuate Collection Set: 0.5ms
[2025-08-28T13:10:13.754+0000][1088462][info ][gc,phases   ] GC(129)   Other: 0.1ms
[2025-08-28T13:10:13.754+0000][1088462][trace][gc,age      ] GC(129) Age table with threshold 15 (max threshold 15)
[2025-08-28T13:10:13.754+0000][1088462][trace][gc,age      ] GC(129) - age   1:     540112 bytes,     540112 total
[2025-08-28T13:10:13.754+0000][1088462][trace][gc,age      ] GC(129) - age   2:       3544 bytes,     543656 total
[2025-08-28T13:10:13.754+0000][1088462][trace][gc,age      ] GC(129) - age   3:       2576 bytes,     546232 total
[2025-08-28T13:10:13.754+0000][1088462][trace][gc,age      ] GC(129) - age   4:        784 bytes,     547016 total
[2025-08-28T13:10:13.754+0000][1088462][trace][gc,age      ] GC(129) - age   8:      10248 bytes,     557264 total
[2025-08-28T13:10:13.754+0000][1088462][trace][gc,age      ] GC(129) - age   9:        496 bytes,     557760 total
[2025-08-28T13:10:13.754+0000][1088462][trace][gc,age      ] GC(129) - age  13:        568 bytes,     558328 total
[2025-08-28T13:10:13.754+0000][1088462][trace][gc,age      ] GC(129) - age  15:        112 bytes,     558440 total
[2025-08-28T13:10:13.754+0000][1088462][info ][gc,heap     ] GC(129) Eden regions: 75->0(75)
[2025-08-28T13:10:13.754+0000][1088462][info ][gc,heap     ] GC(129) Survivor regions: 1->1(10)
[2025-08-28T13:10:13.754+0000][1088462][info ][gc,heap     ] GC(129) Old regions: 29->29
[2025-08-28T13:10:13.754+0000][1088462][info ][gc,heap     ] GC(129) Humongous regions: 0->0
[2025-08-28T13:10:13.754+0000][1088462][info ][gc,metaspace] GC(129) Metaspace: 140114K(144000K)->140114K(144000K) NonClass: 121111K(123200K)->121111K(123200K) Class: 19002K(20800K)->19002K(20800K)
[2025-08-28T13:10:13.754+0000][1088462][info ][gc          ] GC(129) Pause Young (Normal) (G1 Evacuation Pause) 414M->114M(512M) 2.966ms
[2025-08-28T13:10:13.754+0000][1088462][info ][gc,cpu      ] GC(129) User=0.01s Sys=0.00s Real=0.00s
[2025-08-28T13:10:13.754+0000][1088462][info ][safepoint   ] Safepoint "G1CollectForAllocation", Time since last: 659295662 ns, Reaching safepoint: 21032 ns, Cleanup: 6610 ns, At safepoint: 3136132 ns, Total: 3163774 ns
[2025-08-28T13:10:19.799+0000][1088462][info ][gc,start    ] GC(130) Pause Young (Normal) (G1 Evacuation Pause)
[2025-08-28T13:10:19.799+0000][1088462][info ][gc,task     ] GC(130) Using 12 workers of 33 for evacuation
[2025-08-28T13:10:19.799+0000][1088462][debug][gc,age      ] GC(130) Desired survivor size 20971520 bytes, new threshold 15 (max threshold 15)
[2025-08-28T13:10:19.802+0000][1088462][info ][gc,phases   ] GC(130)   Pre Evacuate Collection Set: 0.2ms
[2025-08-28T13:10:19.802+0000][1088462][info ][gc,phases   ] GC(130)   Merge Heap Roots: 0.1ms
[2025-08-28T13:10:19.802+0000][1088462][info ][gc,phases   ] GC(130)   Evacuate Collection Set: 2.9ms
[2025-08-28T13:10:19.802+0000][1088462][info ][gc,phases   ] GC(130)   Post Evacuate Collection Set: 0.5ms
[2025-08-28T13:10:19.802+0000][1088462][info ][gc,phases   ] GC(130)   Other: 0.1ms
[2025-08-28T13:10:19.802+0000][1088462][trace][gc,age      ] GC(130) Age table with threshold 15 (max threshold 15)
[2025-08-28T13:10:19.802+0000][1088462][trace][gc,age      ] GC(130) - age   1:     566400 bytes,     566400 total
[2025-08-28T13:10:19.802+0000][1088462][trace][gc,age      ] GC(130) - age   2:        240 bytes,     566640 total
[2025-08-28T13:10:19.803+0000][1088462][trace][gc,age      ] GC(130) - age   3:       3544 bytes,     570184 total
[2025-08-28T13:10:19.803+0000][1088462][trace][gc,age      ] GC(130) - age   4:       2392 bytes,     572576 total
[2025-08-28T13:10:19.803+0000][1088462][trace][gc,age      ] GC(130) - age   5:        784 bytes,     573360 total
[2025-08-28T13:10:19.803+0000][1088462][trace][gc,age      ] GC(130) - age   9:        248 bytes,     573608 total
[2025-08-28T13:10:19.803+0000][1088462][trace][gc,age      ] GC(130) - age  10:        496 bytes,     574104 total
[2025-08-28T13:10:19.803+0000][1088462][trace][gc,age      ] GC(130) - age  14:        568 bytes,     574672 total
[2025-08-28T13:10:19.803+0000][1088462][info ][gc,heap     ] GC(130) Eden regions: 75->0(75)
[2025-08-28T13:10:19.803+0000][1088462][info ][gc,heap     ] GC(130) Survivor regions: 1->1(10)
[2025-08-28T13:10:19.803+0000][1088462][info ][gc,heap     ] GC(130) Old regions: 29->29
[2025-08-28T13:10:19.803+0000][1088462][info ][gc,heap     ] GC(130) Humongous regions: 0->0
[2025-08-28T13:10:19.803+0000][1088462][info ][gc,metaspace] GC(130) Metaspace: 140114K(144000K)->140114K(144000K) NonClass: 121111K(123200K)->121111K(123200K) Class: 19002K(20800K)->19002K(20800K)
[2025-08-28T13:10:19.803+0000][1088462][info ][gc          ] GC(130) Pause Young (Normal) (G1 Evacuation Pause) 414M->114M(512M) 3.882ms
[2025-08-28T13:10:19.803+0000][1088462][info ][gc,cpu      ] GC(130) User=0.01s Sys=0.00s Real=0.01s
[2025-08-28T13:10:19.803+0000][1088462][info ][safepoint   ] Safepoint "G1CollectForAllocation", Time since last: 6044336616 ns, Reaching safepoint: 22273 ns, Cleanup: 6840 ns, At safepoint: 4067452 ns, Total: 4096565 ns
[2025-08-28T13:10:22.803+0000][1088462][info ][safepoint   ] Safepoint "Cleanup", Time since last: 3000387593 ns, Reaching safepoint: 21803 ns, Cleanup: 18027 ns, At safepoint: 4086 ns, Total: 43916 ns
[2025-08-28T13:10:25.424+0000][1088462][info ][gc,start    ] GC(131) Pause Young (Normal) (G1 Evacuation Pause)
[2025-08-28T13:10:25.424+0000][1088462][info ][gc,task     ] GC(131) Using 12 workers of 33 for evacuation
[2025-08-28T13:10:25.424+0000][1088462][debug][gc,age      ] GC(131) Desired survivor size 20971520 bytes, new threshold 15 (max threshold 15)
[2025-08-28T13:10:25.426+0000][1088462][info ][gc,phases   ] GC(131)   Pre Evacuate Collection Set: 0.2ms
[2025-08-28T13:10:25.426+0000][1088462][info ][gc,phases   ] GC(131)   Merge Heap Roots: 0.1ms
[2025-08-28T13:10:25.426+0000][1088462][info ][gc,phases   ] GC(131)   Evacuate Collection Set: 1.8ms
[2025-08-28T13:10:25.426+0000][1088462][info ][gc,phases   ] GC(131)   Post Evacuate Collection Set: 0.6ms
[2025-08-28T13:10:25.426+0000][1088462][info ][gc,phases   ] GC(131)   Other: 0.1ms
[2025-08-28T13:10:25.426+0000][1088462][trace][gc,age      ] GC(131) Age table with threshold 15 (max threshold 15)
[2025-08-28T13:10:25.427+0000][1088462][trace][gc,age      ] GC(131) - age   1:     541240 bytes,     541240 total
[2025-08-28T13:10:25.427+0000][1088462][trace][gc,age      ] GC(131) - age   2:      10472 bytes,     551712 total
[2025-08-28T13:10:25.427+0000][1088462][trace][gc,age      ] GC(131) - age   4:       3064 bytes,     554776 total
[2025-08-28T13:10:25.427+0000][1088462][trace][gc,age      ] GC(131) - age   5:       2392 bytes,     557168 total
[2025-08-28T13:10:25.427+0000][1088462][trace][gc,age      ] GC(131) - age   6:        560 bytes,     557728 total
[2025-08-28T13:10:25.427+0000][1088462][trace][gc,age      ] GC(131) - age  10:        160 bytes,     557888 total
[2025-08-28T13:10:25.427+0000][1088462][trace][gc,age      ] GC(131) - age  11:        272 bytes,     558160 total
[2025-08-28T13:10:25.427+0000][1088462][trace][gc,age      ] GC(131) - age  15:        568 bytes,     558728 total
[2025-08-28T13:10:25.427+0000][1088462][info ][gc,heap     ] GC(131) Eden regions: 75->0(75)
[2025-08-28T13:10:25.427+0000][1088462][info ][gc,heap     ] GC(131) Survivor regions: 1->1(10)
[2025-08-28T13:10:25.427+0000][1088462][info ][gc,heap     ] GC(131) Old regions: 29->29
[2025-08-28T13:10:25.427+0000][1088462][info ][gc,heap     ] GC(131) Humongous regions: 0->0
[2025-08-28T13:10:25.427+0000][1088462][info ][gc,metaspace] GC(131) Metaspace: 140115K(144000K)->140115K(144000K) NonClass: 121112K(123200K)->121112K(123200K) Class: 19002K(20800K)->19002K(20800K)
[2025-08-28T13:10:25.427+0000][1088462][info ][gc          ] GC(131) Pause Young (Normal) (G1 Evacuation Pause) 414M->114M(512M) 2.888ms
[2025-08-28T13:10:25.427+0000][1088462][info ][gc,cpu      ] GC(131) User=0.00s Sys=0.00s Real=0.00s
[2025-08-28T13:10:25.427+0000][1088462][info ][safepoint   ] Safepoint "G1CollectForAllocation", Time since last: 2620457053 ns, Reaching safepoint: 28172 ns, Cleanup: 8062 ns, At safepoint: 3073799 ns, Total: 3110033 ns
[2025-08-28T13:10:30.478+0000][1088462][info ][gc,start    ] GC(132) Pause Young (Normal) (G1 Evacuation Pause)
[2025-08-28T13:10:30.479+0000][1088462][info ][gc,task     ] GC(132) Using 12 workers of 33 for evacuation
[2025-08-28T13:10:30.479+0000][1088462][debug][gc,age      ] GC(132) Desired survivor size 20971520 bytes, new threshold 15 (max threshold 15)
[2025-08-28T13:10:30.482+0000][1088462][info ][gc,phases   ] GC(132)   Pre Evacuate Collection Set: 0.2ms
[2025-08-28T13:10:30.482+0000][1088462][info ][gc,phases   ] GC(132)   Merge Heap Roots: 0.1ms
[2025-08-28T13:10:30.482+0000][1088462][info ][gc,phases   ] GC(132)   Evacuate Collection Set: 2.8ms
[2025-08-28T13:10:30.482+0000][1088462][info ][gc,phases   ] GC(132)   Post Evacuate Collection Set: 0.6ms
[2025-08-28T13:10:30.482+0000][1088462][info ][gc,phases   ] GC(132)   Other: 0.1ms
[2025-08-28T13:10:30.482+0000][1088462][trace][gc,age      ] GC(132) Age table with threshold 15 (max threshold 15)
[2025-08-28T13:10:30.482+0000][1088462][trace][gc,age      ] GC(132) - age   1:     540272 bytes,     540272 total
[2025-08-28T13:10:30.482+0000][1088462][trace][gc,age      ] GC(132) - age   2:       1368 bytes,     541640 total
[2025-08-28T13:10:30.482+0000][1088462][trace][gc,age      ] GC(132) - age   3:      10472 bytes,     552112 total
[2025-08-28T13:10:30.482+0000][1088462][trace][gc,age      ] GC(132) - age   5:       3064 bytes,     555176 total
[2025-08-28T13:10:30.482+0000][1088462][trace][gc,age      ] GC(132) - age   6:       2216 bytes,     557392 total
[2025-08-28T13:10:30.482+0000][1088462][trace][gc,age      ] GC(132) - age   7:        336 bytes,     557728 total
[2025-08-28T13:10:30.482+0000][1088462][trace][gc,age      ] GC(132) - age  11:        160 bytes,     557888 total
[2025-08-28T13:10:30.482+0000][1088462][trace][gc,age      ] GC(132) - age  12:        272 bytes,     558160 total
[2025-08-28T13:10:30.482+0000][1088462][info ][gc,heap     ] GC(132) Eden regions: 75->0(75)
[2025-08-28T13:10:30.482+0000][1088462][info ][gc,heap     ] GC(132) Survivor regions: 1->1(10)
[2025-08-28T13:10:30.482+0000][1088462][info ][gc,heap     ] GC(132) Old regions: 29->29
[2025-08-28T13:10:30.482+0000][1088462][info ][gc,heap     ] GC(132) Humongous regions: 0->0
[2025-08-28T13:10:30.482+0000][1088462][info ][gc,metaspace] GC(132) Metaspace: 140115K(144000K)->140115K(144000K) NonClass: 121112K(123200K)->121112K(123200K) Class: 19002K(20800K)->19002K(20800K)
[2025-08-28T13:10:30.482+0000][1088462][info ][gc          ] GC(132) Pause Young (Normal) (G1 Evacuation Pause) 414M->114M(512M) 3.862ms
[2025-08-28T13:10:30.482+0000][1088462][info ][gc,cpu      ] GC(132) User=0.01s Sys=0.00s Real=0.01s
[2025-08-28T13:10:30.482+0000][1088462][info ][safepoint   ] Safepoint "G1CollectForAllocation", Time since last: 5051657004 ns, Reaching safepoint: 21663 ns, Cleanup: 6479 ns, At safepoint: 4016146 ns, Total: 4044288 ns
[2025-08-28T13:10:31.483+0000][1088462][info ][safepoint   ] Safepoint "Cleanup", Time since last: 1000087371 ns, Reaching safepoint: 23135 ns, Cleanup: 29424 ns, At safepoint: 3766 ns, Total: 56325 ns
[2025-08-28T13:10:32.473+0000][1088462][info ][gc,start    ] GC(133) Pause Young (Normal) (G1 Evacuation Pause)
[2025-08-28T13:10:32.473+0000][1088462][info ][gc,task     ] GC(133) Using 12 workers of 33 for evacuation
[2025-08-28T13:10:32.473+0000][1088462][debug][gc,age      ] GC(133) Desired survivor size 20971520 bytes, new threshold 15 (max threshold 15)
[2025-08-28T13:10:32.478+0000][1088462][info ][gc,phases   ] GC(133)   Pre Evacuate Collection Set: 0.2ms
[2025-08-28T13:10:32.478+0000][1088462][info ][gc,phases   ] GC(133)   Merge Heap Roots: 0.1ms
[2025-08-28T13:10:32.478+0000][1088462][info ][gc,phases   ] GC(133)   Evacuate Collection Set: 3.3ms
[2025-08-28T13:10:32.478+0000][1088462][info ][gc,phases   ] GC(133)   Post Evacuate Collection Set: 0.6ms
[2025-08-28T13:10:32.478+0000][1088462][info ][gc,phases   ] GC(133)   Other: 0.1ms
[2025-08-28T13:10:32.478+0000][1088462][trace][gc,age      ] GC(133) Age table with threshold 15 (max threshold 15)
[2025-08-28T13:10:32.478+0000][1088462][trace][gc,age      ] GC(133) - age   1:     724784 bytes,     724784 total
[2025-08-28T13:10:32.478+0000][1088462][trace][gc,age      ] GC(133) - age   2:       1112 bytes,     725896 total
[2025-08-28T13:10:32.478+0000][1088462][trace][gc,age      ] GC(133) - age   3:        560 bytes,     726456 total
[2025-08-28T13:10:32.478+0000][1088462][trace][gc,age      ] GC(133) - age   4:      10472 bytes,     736928 total
[2025-08-28T13:10:32.478+0000][1088462][trace][gc,age      ] GC(133) - age   6:       1936 bytes,     738864 total
[2025-08-28T13:10:32.478+0000][1088462][trace][gc,age      ] GC(133) - age   7:       2216 bytes,     741080 total
[2025-08-28T13:10:32.478+0000][1088462][trace][gc,age      ] GC(133) - age   8:        224 bytes,     741304 total
[2025-08-28T13:10:32.478+0000][1088462][trace][gc,age      ] GC(133) - age  12:        160 bytes,     741464 total
[2025-08-28T13:10:32.478+0000][1088462][trace][gc,age      ] GC(133) - age  13:        272 bytes,     741736 total
[2025-08-28T13:10:32.478+0000][1088462][info ][gc,heap     ] GC(133) Eden regions: 75->0(75)
[2025-08-28T13:10:32.478+0000][1088462][info ][gc,heap     ] GC(133) Survivor regions: 1->1(10)
[2025-08-28T13:10:32.478+0000][1088462][info ][gc,heap     ] GC(133) Old regions: 29->29
[2025-08-28T13:10:32.478+0000][1088462][info ][gc,heap     ] GC(133) Humongous regions: 0->0
[2025-08-28T13:10:32.478+0000][1088462][info ][gc,metaspace] GC(133) Metaspace: 140149K(144064K)->140149K(144064K) NonClass: 121139K(123264K)->121139K(123264K) Class: 19009K(20800K)->19009K(20800K)
[2025-08-28T13:10:32.478+0000][1088462][info ][gc          ] GC(133) Pause Young (Normal) (G1 Evacuation Pause) 414M->114M(512M) 4.472ms
[2025-08-28T13:10:32.478+0000][1088462][info ][gc,cpu      ] GC(133) User=0.00s Sys=0.00s Real=0.00s
[2025-08-28T13:10:32.478+0000][1088462][info ][safepoint   ] Safepoint "G1CollectForAllocation", Time since last: 990690971 ns, Reaching safepoint: 23986 ns, Cleanup: 7371 ns, At safepoint: 4658551 ns, Total: 4689908 ns
[2025-08-28T13:10:34.498+0000][1088462][info ][gc,start    ] GC(134) Pause Young (Normal) (G1 Evacuation Pause)
[2025-08-28T13:10:34.498+0000][1088462][info ][gc,task     ] GC(134) Using 12 workers of 33 for evacuation
[2025-08-28T13:10:34.498+0000][1088462][debug][gc,age      ] GC(134) Desired survivor size 20971520 bytes, new threshold 15 (max threshold 15)
[2025-08-28T13:10:34.503+0000][1088462][info ][gc,phases   ] GC(134)   Pre Evacuate Collection Set: 0.2ms
[2025-08-28T13:10:34.503+0000][1088462][info ][gc,phases   ] GC(134)   Merge Heap Roots: 0.1ms
[2025-08-28T13:10:34.503+0000][1088462][info ][gc,phases   ] GC(134)   Evacuate Collection Set: 3.7ms
[2025-08-28T13:10:34.503+0000][1088462][info ][gc,phases   ] GC(134)   Post Evacuate Collection Set: 0.7ms
[2025-08-28T13:10:34.503+0000][1088462][info ][gc,phases   ] GC(134)   Other: 0.1ms
[2025-08-28T13:10:34.503+0000][1088462][trace][gc,age      ] GC(134) Age table with threshold 15 (max threshold 15)
[2025-08-28T13:10:34.503+0000][1088462][trace][gc,age      ] GC(134) - age   1:     556488 bytes,     556488 total
[2025-08-28T13:10:34.503+0000][1088462][trace][gc,age      ] GC(134) - age   2:     169232 bytes,     725720 total
[2025-08-28T13:10:34.503+0000][1088462][trace][gc,age      ] GC(134) - age   3:        936 bytes,     726656 total
[2025-08-28T13:10:34.503+0000][1088462][trace][gc,age      ] GC(134) - age   4:        560 bytes,     727216 total
[2025-08-28T13:10:34.503+0000][1088462][trace][gc,age      ] GC(134) - age   5:      10472 bytes,     737688 total
[2025-08-28T13:10:34.503+0000][1088462][trace][gc,age      ] GC(134) - age   7:       1200 bytes,     738888 total
[2025-08-28T13:10:34.503+0000][1088462][trace][gc,age      ] GC(134) - age   8:       2216 bytes,     741104 total
[2025-08-28T13:10:34.503+0000][1088462][trace][gc,age      ] GC(134) - age   9:        224 bytes,     741328 total
[2025-08-28T13:10:34.503+0000][1088462][trace][gc,age      ] GC(134) - age  13:        160 bytes,     741488 total
[2025-08-28T13:10:34.503+0000][1088462][trace][gc,age      ] GC(134) - age  14:        272 bytes,     741760 total
[2025-08-28T13:10:34.503+0000][1088462][info ][gc,heap     ] GC(134) Eden regions: 75->0(75)
[2025-08-28T13:10:34.503+0000][1088462][info ][gc,heap     ] GC(134) Survivor regions: 1->1(10)
[2025-08-28T13:10:34.503+0000][1088462][info ][gc,heap     ] GC(134) Old regions: 29->29
[2025-08-28T13:10:34.503+0000][1088462][info ][gc,heap     ] GC(134) Humongous regions: 0->0
[2025-08-28T13:10:34.503+0000][1088462][info ][gc,metaspace] GC(134) Metaspace: 140149K(144064K)->140149K(144064K) NonClass: 121139K(123264K)->121139K(123264K) Class: 19009K(20800K)->19009K(20800K)
[2025-08-28T13:10:34.503+0000][1088462][info ][gc          ] GC(134) Pause Young (Normal) (G1 Evacuation Pause) 414M->114M(512M) 4.884ms
[2025-08-28T13:10:34.503+0000][1088462][info ][gc,cpu      ] GC(134) User=0.00s Sys=0.00s Real=0.01s
[2025-08-28T13:10:34.503+0000][1088462][info ][safepoint   ] Safepoint "G1CollectForAllocation", Time since last: 2020184360 ns, Reaching safepoint: 62935 ns, Cleanup: 6159 ns, At safepoint: 5044040 ns, Total: 5113134 ns
[2025-08-28T13:10:36.503+0000][1088462][info ][safepoint   ] Safepoint "Cleanup", Time since last: 2000147081 ns, Reaching safepoint: 18898 ns, Cleanup: 14552 ns, At safepoint: 3365 ns, Total: 36815 ns
[2025-08-28T13:10:36.545+0000][1088462][info ][gc,start    ] GC(135) Pause Young (Normal) (G1 Evacuation Pause)
[2025-08-28T13:10:36.545+0000][1088462][info ][gc,task     ] GC(135) Using 12 workers of 33 for evacuation
[2025-08-28T13:10:36.545+0000][1088462][debug][gc,age      ] GC(135) Desired survivor size 20971520 bytes, new threshold 15 (max threshold 15)
[2025-08-28T13:10:36.549+0000][1088462][info ][gc,phases   ] GC(135)   Pre Evacuate Collection Set: 0.1ms
[2025-08-28T13:10:36.549+0000][1088462][info ][gc,phases   ] GC(135)   Merge Heap Roots: 0.1ms
[2025-08-28T13:10:36.549+0000][1088462][info ][gc,phases   ] GC(135)   Evacuate Collection Set: 3.0ms
[2025-08-28T13:10:36.549+0000][1088462][info ][gc,phases   ] GC(135)   Post Evacuate Collection Set: 0.5ms
[2025-08-28T13:10:36.549+0000][1088462][info ][gc,phases   ] GC(135)   Other: 0.1ms
[2025-08-28T13:10:36.549+0000][1088462][trace][gc,age      ] GC(135) Age table with threshold 15 (max threshold 15)
[2025-08-28T13:10:36.549+0000][1088462][trace][gc,age      ] GC(135) - age   1:    1186016 bytes,    1186016 total
[2025-08-28T13:10:36.549+0000][1088462][trace][gc,age      ] GC(135) - age   2:       1008 bytes,    1187024 total
[2025-08-28T13:10:36.549+0000][1088462][trace][gc,age      ] GC(135) - age   3:     169232 bytes,    1356256 total
[2025-08-28T13:10:36.549+0000][1088462][trace][gc,age      ] GC(135) - age   4:        400 bytes,    1356656 total
[2025-08-28T13:10:36.549+0000][1088462][trace][gc,age      ] GC(135) - age   5:        560 bytes,    1357216 total
[2025-08-28T13:10:36.549+0000][1088462][trace][gc,age      ] GC(135) - age   6:      10472 bytes,    1367688 total
[2025-08-28T13:10:36.549+0000][1088462][trace][gc,age      ] GC(135) - age   8:       1200 bytes,    1368888 total
[2025-08-28T13:10:36.549+0000][1088462][trace][gc,age      ] GC(135) - age   9:       2216 bytes,    1371104 total
[2025-08-28T13:10:36.549+0000][1088462][trace][gc,age      ] GC(135) - age  10:        224 bytes,    1371328 total
[2025-08-28T13:10:36.549+0000][1088462][trace][gc,age      ] GC(135) - age  14:        160 bytes,    1371488 total
[2025-08-28T13:10:36.549+0000][1088462][trace][gc,age      ] GC(135) - age  15:        272 bytes,    1371760 total
[2025-08-28T13:10:36.549+0000][1088462][info ][gc,heap     ] GC(135) Eden regions: 75->0(75)
[2025-08-28T13:10:36.549+0000][1088462][info ][gc,heap     ] GC(135) Survivor regions: 1->1(10)
[2025-08-28T13:10:36.549+0000][1088462][info ][gc,heap     ] GC(135) Old regions: 29->29
[2025-08-28T13:10:36.549+0000][1088462][info ][gc,heap     ] GC(135) Humongous regions: 0->0
[2025-08-28T13:10:36.549+0000][1088462][info ][gc,metaspace] GC(135) Metaspace: 140149K(144064K)->140149K(144064K) NonClass: 121139K(123264K)->121139K(123264K) Class: 19009K(20800K)->19009K(20800K)
[2025-08-28T13:10:36.549+0000][1088462][info ][gc          ] GC(135) Pause Young (Normal) (G1 Evacuation Pause) 414M->114M(512M) 4.027ms
[2025-08-28T13:10:36.549+0000][1088462][info ][gc,cpu      ] GC(135) User=0.01s Sys=0.00s Real=0.00s
[2025-08-28T13:10:36.549+0000][1088462][info ][safepoint   ] Safepoint "G1CollectForAllocation", Time since last: 41172459 ns, Reaching safepoint: 21562 ns, Cleanup: 5028 ns, At safepoint: 4185439 ns, Total: 4212029 ns
[2025-08-28T13:10:37.550+0000][1088462][info ][safepoint   ] Safepoint "Cleanup", Time since last: 1001236478 ns, Reaching safepoint: 9655 ns, Cleanup: 78848 ns, At safepoint: 3345 ns, Total: 91848 ns
[2025-08-28T13:10:38.545+0000][1088462][info ][gc,start    ] GC(136) Pause Young (Normal) (G1 Evacuation Pause)
[2025-08-28T13:10:38.545+0000][1088462][info ][gc,task     ] GC(136) Using 12 workers of 33 for evacuation
[2025-08-28T13:10:38.545+0000][1088462][debug][gc,age      ] GC(136) Desired survivor size 20971520 bytes, new threshold 15 (max threshold 15)
[2025-08-28T13:10:38.548+0000][1088462][info ][gc,phases   ] GC(136)   Pre Evacuate Collection Set: 0.2ms
[2025-08-28T13:10:38.548+0000][1088462][info ][gc,phases   ] GC(136)   Merge Heap Roots: 0.1ms
[2025-08-28T13:10:38.548+0000][1088462][info ][gc,phases   ] GC(136)   Evacuate Collection Set: 2.1ms
[2025-08-28T13:10:38.548+0000][1088462][info ][gc,phases   ] GC(136)   Post Evacuate Collection Set: 0.7ms
[2025-08-28T13:10:38.548+0000][1088462][info ][gc,phases   ] GC(136)   Other: 0.1ms
[2025-08-28T13:10:38.548+0000][1088462][trace][gc,age      ] GC(136) Age table with threshold 15 (max threshold 15)
[2025-08-28T13:10:38.548+0000][1088462][trace][gc,age      ] GC(136) - age   1:    1154272 bytes,    1154272 total
[2025-08-28T13:10:38.548+0000][1088462][trace][gc,age      ] GC(136) - age   2:        536 bytes,    1154808 total
[2025-08-28T13:10:38.548+0000][1088462][trace][gc,age      ] GC(136) - age   3:       1008 bytes,    1155816 total
[2025-08-28T13:10:38.548+0000][1088462][trace][gc,age      ] GC(136) - age   4:     137248 bytes,    1293064 total
[2025-08-28T13:10:38.548+0000][1088462][trace][gc,age      ] GC(136) - age   5:        400 bytes,    1293464 total
[2025-08-28T13:10:38.548+0000][1088462][trace][gc,age      ] GC(136) - age   6:        560 bytes,    1294024 total
[2025-08-28T13:10:38.548+0000][1088462][trace][gc,age      ] GC(136) - age   7:      10472 bytes,    1304496 total
[2025-08-28T13:10:38.548+0000][1088462][trace][gc,age      ] GC(136) - age   9:       1016 bytes,    1305512 total
[2025-08-28T13:10:38.548+0000][1088462][trace][gc,age      ] GC(136) - age  10:       2216 bytes,    1307728 total
[2025-08-28T13:10:38.548+0000][1088462][trace][gc,age      ] GC(136) - age  11:        224 bytes,    1307952 total
[2025-08-28T13:10:38.548+0000][1088462][trace][gc,age      ] GC(136) - age  15:        160 bytes,    1308112 total
[2025-08-28T13:10:38.548+0000][1088462][info ][gc,heap     ] GC(136) Eden regions: 75->0(75)
[2025-08-28T13:10:38.548+0000][1088462][info ][gc,heap     ] GC(136) Survivor regions: 1->1(10)
[2025-08-28T13:10:38.548+0000][1088462][info ][gc,heap     ] GC(136) Old regions: 29->29
[2025-08-28T13:10:38.548+0000][1088462][info ][gc,heap     ] GC(136) Humongous regions: 0->0
[2025-08-28T13:10:38.548+0000][1088462][info ][gc,metaspace] GC(136) Metaspace: 140284K(144192K)->140284K(144192K) NonClass: 121252K(123328K)->121252K(123328K) Class: 19032K(20864K)->19032K(20864K)
[2025-08-28T13:10:38.548+0000][1088462][info ][gc          ] GC(136) Pause Young (Normal) (G1 Evacuation Pause) 414M->114M(512M) 3.304ms
[2025-08-28T13:10:38.548+0000][1088462][info ][gc,cpu      ] GC(136) User=0.01s Sys=0.00s Real=0.00s
[2025-08-28T13:10:38.548+0000][1088462][info ][safepoint   ] Safepoint "G1CollectForAllocation", Time since last: 994691393 ns, Reaching safepoint: 20641 ns, Cleanup: 78588 ns, At safepoint: 3491507 ns, Total: 3590736 ns
[2025-08-28T13:10:39.549+0000][1088462][info ][safepoint   ] Safepoint "Cleanup", Time since last: 1000094552 ns, Reaching safepoint: 21132 ns, Cleanup: 21001 ns, At safepoint: 4077 ns, Total: 46210 ns
[2025-08-28T13:10:40.557+0000][1088462][info ][gc,start    ] GC(137) Pause Young (Normal) (G1 Evacuation Pause)
[2025-08-28T13:10:40.557+0000][1088462][info ][gc,task     ] GC(137) Using 12 workers of 33 for evacuation
[2025-08-28T13:10:40.557+0000][1088462][debug][gc,age      ] GC(137) Desired survivor size 20971520 bytes, new threshold 15 (max threshold 15)
[2025-08-28T13:10:40.560+0000][1088462][info ][gc,phases   ] GC(137)   Pre Evacuate Collection Set: 0.2ms
[2025-08-28T13:10:40.560+0000][1088462][info ][gc,phases   ] GC(137)   Merge Heap Roots: 0.1ms
[2025-08-28T13:10:40.560+0000][1088462][info ][gc,phases   ] GC(137)   Evacuate Collection Set: 2.1ms
[2025-08-28T13:10:40.560+0000][1088462][info ][gc,phases   ] GC(137)   Post Evacuate Collection Set: 0.6ms
[2025-08-28T13:10:40.560+0000][1088462][info ][gc,phases   ] GC(137)   Other: 0.1ms
[2025-08-28T13:10:40.560+0000][1088462][trace][gc,age      ] GC(137) Age table with threshold 15 (max threshold 15)
[2025-08-28T13:10:40.560+0000][1088462][trace][gc,age      ] GC(137) - age   1:    1075400 bytes,    1075400 total
[2025-08-28T13:10:40.560+0000][1088462][trace][gc,age      ] GC(137) - age   2:      77184 bytes,    1152584 total
[2025-08-28T13:10:40.560+0000][1088462][trace][gc,age      ] GC(137) - age   4:        832 bytes,    1153416 total
[2025-08-28T13:10:40.560+0000][1088462][trace][gc,age      ] GC(137) - age   5:     137248 bytes,    1290664 total
[2025-08-28T13:10:40.560+0000][1088462][trace][gc,age      ] GC(137) - age   6:        400 bytes,    1291064 total
[2025-08-28T13:10:40.560+0000][1088462][trace][gc,age      ] GC(137) - age   7:        560 bytes,    1291624 total
[2025-08-28T13:10:40.560+0000][1088462][trace][gc,age      ] GC(137) - age   8:      10472 bytes,    1302096 total
[2025-08-28T13:10:40.560+0000][1088462][trace][gc,age      ] GC(137) - age  10:        984 bytes,    1303080 total
[2025-08-28T13:10:40.560+0000][1088462][trace][gc,age      ] GC(137) - age  11:       2216 bytes,    1305296 total
[2025-08-28T13:10:40.560+0000][1088462][trace][gc,age      ] GC(137) - age  12:        224 bytes,    1305520 total
[2025-08-28T13:10:40.560+0000][1088462][info ][gc,heap     ] GC(137) Eden regions: 75->0(75)
[2025-08-28T13:10:40.560+0000][1088462][info ][gc,heap     ] GC(137) Survivor regions: 1->1(10)
[2025-08-28T13:10:40.560+0000][1088462][info ][gc,heap     ] GC(137) Old regions: 29->29
[2025-08-28T13:10:40.560+0000][1088462][info ][gc,heap     ] GC(137) Humongous regions: 0->0
[2025-08-28T13:10:40.560+0000][1088462][info ][gc,metaspace] GC(137) Metaspace: 140284K(144192K)->140284K(144192K) NonClass: 121252K(123328K)->121252K(123328K) Class: 19032K(20864K)->19032K(20864K)
[2025-08-28T13:10:40.560+0000][1088462][info ][gc          ] GC(137) Pause Young (Normal) (G1 Evacuation Pause) 414M->114M(512M) 3.231ms
[2025-08-28T13:10:40.560+0000][1088462][info ][gc,cpu      ] GC(137) User=0.00s Sys=0.00s Real=0.00s
[2025-08-28T13:10:40.560+0000][1088462][info ][safepoint   ] Safepoint "G1CollectForAllocation", Time since last: 1008389627 ns, Reaching safepoint: 21642 ns, Cleanup: 8483 ns, At safepoint: 3432398 ns, Total: 3462523 ns
[2025-08-28T13:10:42.575+0000][1088462][info ][gc,start    ] GC(138) Pause Young (Normal) (G1 Evacuation Pause)
[2025-08-28T13:10:42.575+0000][1088462][info ][gc,task     ] GC(138) Using 12 workers of 33 for evacuation
[2025-08-28T13:10:42.575+0000][1088462][debug][gc,age      ] GC(138) Desired survivor size 20971520 bytes, new threshold 15 (max threshold 15)
[2025-08-28T13:10:42.579+0000][1088462][info ][gc,phases   ] GC(138)   Pre Evacuate Collection Set: 0.1ms
[2025-08-28T13:10:42.579+0000][1088462][info ][gc,phases   ] GC(138)   Merge Heap Roots: 0.1ms
[2025-08-28T13:10:42.579+0000][1088462][info ][gc,phases   ] GC(138)   Evacuate Collection Set: 3.3ms
[2025-08-28T13:10:42.579+0000][1088462][info ][gc,phases   ] GC(138)   Post Evacuate Collection Set: 0.6ms
[2025-08-28T13:10:42.579+0000][1088462][info ][gc,phases   ] GC(138)   Other: 0.1ms
[2025-08-28T13:10:42.579+0000][1088462][trace][gc,age      ] GC(138) Age table with threshold 15 (max threshold 15)
[2025-08-28T13:10:42.579+0000][1088462][trace][gc,age      ] GC(138) - age   1:    1090896 bytes,    1090896 total
[2025-08-28T13:10:42.579+0000][1088462][trace][gc,age      ] GC(138) - age   2:        744 bytes,    1091640 total
[2025-08-28T13:10:42.579+0000][1088462][trace][gc,age      ] GC(138) - age   3:      77120 bytes,    1168760 total
[2025-08-28T13:10:42.579+0000][1088462][trace][gc,age      ] GC(138) - age   5:        832 bytes,    1169592 total
[2025-08-28T13:10:42.579+0000][1088462][trace][gc,age      ] GC(138) - age   6:     137072 bytes,    1306664 total
[2025-08-28T13:10:42.579+0000][1088462][trace][gc,age      ] GC(138) - age   7:        176 bytes,    1306840 total
[2025-08-28T13:10:42.579+0000][1088462][trace][gc,age      ] GC(138) - age   8:        560 bytes,    1307400 total
[2025-08-28T13:10:42.579+0000][1088462][trace][gc,age      ] GC(138) - age   9:      10472 bytes,    1317872 total
[2025-08-28T13:10:42.579+0000][1088462][trace][gc,age      ] GC(138) - age  11:        984 bytes,    1318856 total
[2025-08-28T13:10:42.579+0000][1088462][trace][gc,age      ] GC(138) - age  12:       2216 bytes,    1321072 total
[2025-08-28T13:10:42.579+0000][1088462][trace][gc,age      ] GC(138) - age  13:        224 bytes,    1321296 total
[2025-08-28T13:10:42.579+0000][1088462][info ][gc,heap     ] GC(138) Eden regions: 75->0(75)
[2025-08-28T13:10:42.579+0000][1088462][info ][gc,heap     ] GC(138) Survivor regions: 1->1(10)
[2025-08-28T13:10:42.579+0000][1088462][info ][gc,heap     ] GC(138) Old regions: 29->29
[2025-08-28T13:10:42.580+0000][1088462][info ][gc,heap     ] GC(138) Humongous regions: 0->0
[2025-08-28T13:10:42.580+0000][1088462][info ][gc,metaspace] GC(138) Metaspace: 140285K(144192K)->140285K(144192K) NonClass: 121253K(123328K)->121253K(123328K) Class: 19032K(20864K)->19032K(20864K)
[2025-08-28T13:10:42.580+0000][1088462][info ][gc          ] GC(138) Pause Young (Normal) (G1 Evacuation Pause) 414M->114M(512M) 4.354ms
[2025-08-28T13:10:42.580+0000][1088462][info ][gc,cpu      ] GC(138) User=0.00s Sys=0.00s Real=0.00s
[2025-08-28T13:10:42.580+0000][1088462][info ][safepoint   ] Safepoint "G1CollectForAllocation", Time since last: 2014698773 ns, Reaching safepoint: 19981 ns, Cleanup: 6429 ns, At safepoint: 4561421 ns, Total: 4587831 ns
[2025-08-28T13:10:43.580+0000][1088462][info ][safepoint   ] Safepoint "Cleanup", Time since last: 1000106663 ns, Reaching safepoint: 30847 ns, Cleanup: 17676 ns, At safepoint: 3746 ns, Total: 52269 ns
[2025-08-28T13:10:45.518+0000][1088462][info ][gc,start    ] GC(139) Pause Young (Normal) (G1 Evacuation Pause)
[2025-08-28T13:10:45.518+0000][1088462][info ][gc,task     ] GC(139) Using 12 workers of 33 for evacuation
[2025-08-28T13:10:45.518+0000][1088462][debug][gc,age      ] GC(139) Desired survivor size 20971520 bytes, new threshold 15 (max threshold 15)
[2025-08-28T13:10:45.523+0000][1088462][info ][gc,phases   ] GC(139)   Pre Evacuate Collection Set: 0.3ms
[2025-08-28T13:10:45.523+0000][1088462][info ][gc,phases   ] GC(139)   Merge Heap Roots: 0.1ms
[2025-08-28T13:10:45.523+0000][1088462][info ][gc,phases   ] GC(139)   Evacuate Collection Set: 4.5ms
[2025-08-28T13:10:45.523+0000][1088462][info ][gc,phases   ] GC(139)   Post Evacuate Collection Set: 0.7ms
[2025-08-28T13:10:45.523+0000][1088462][info ][gc,phases   ] GC(139)   Other: 0.1ms
[2025-08-28T13:10:45.523+0000][1088462][trace][gc,age      ] GC(139) Age table with threshold 15 (max threshold 15)
[2025-08-28T13:10:45.523+0000][1088462][trace][gc,age      ] GC(139) - age   1:     567440 bytes,     567440 total
[2025-08-28T13:10:45.523+0000][1088462][trace][gc,age      ] GC(139) - age   2:        464 bytes,     567904 total
[2025-08-28T13:10:45.523+0000][1088462][trace][gc,age      ] GC(139) - age   3:         32 bytes,     567936 total
[2025-08-28T13:10:45.523+0000][1088462][trace][gc,age      ] GC(139) - age   4:      77120 bytes,     645056 total
[2025-08-28T13:10:45.523+0000][1088462][trace][gc,age      ] GC(139) - age   6:        832 bytes,     645888 total
[2025-08-28T13:10:45.523+0000][1088462][trace][gc,age      ] GC(139) - age   7:     137072 bytes,     782960 total
[2025-08-28T13:10:45.523+0000][1088462][trace][gc,age      ] GC(139) - age   8:        176 bytes,     783136 total
[2025-08-28T13:10:45.523+0000][1088462][trace][gc,age      ] GC(139) - age   9:        560 bytes,     783696 total
[2025-08-28T13:10:45.523+0000][1088462][trace][gc,age      ] GC(139) - age  10:        472 bytes,     784168 total
[2025-08-28T13:10:45.523+0000][1088462][trace][gc,age      ] GC(139) - age  12:        984 bytes,     785152 total
[2025-08-28T13:10:45.523+0000][1088462][trace][gc,age      ] GC(139) - age  13:       2216 bytes,     787368 total
[2025-08-28T13:10:45.523+0000][1088462][trace][gc,age      ] GC(139) - age  14:        224 bytes,     787592 total
[2025-08-28T13:10:45.523+0000][1088462][info ][gc,heap     ] GC(139) Eden regions: 75->0(75)
[2025-08-28T13:10:45.523+0000][1088462][info ][gc,heap     ] GC(139) Survivor regions: 1->1(10)
[2025-08-28T13:10:45.523+0000][1088462][info ][gc,heap     ] GC(139) Old regions: 29->29
[2025-08-28T13:10:45.523+0000][1088462][info ][gc,heap     ] GC(139) Humongous regions: 0->0
[2025-08-28T13:10:45.523+0000][1088462][info ][gc,metaspace] GC(139) Metaspace: 140285K(144192K)->140285K(144192K) NonClass: 121253K(123328K)->121253K(123328K) Class: 19032K(20864K)->19032K(20864K)
[2025-08-28T13:10:45.523+0000][1088462][info ][gc          ] GC(139) Pause Young (Normal) (G1 Evacuation Pause) 414M->114M(512M) 5.812ms
[2025-08-28T13:10:45.523+0000][1088462][info ][gc,cpu      ] GC(139) User=0.01s Sys=0.00s Real=0.01s
[2025-08-28T13:10:45.523+0000][1088462][info ][safepoint   ] Safepoint "G1CollectForAllocation", Time since last: 1937630903 ns, Reaching safepoint: 59069 ns, Cleanup: 5739 ns, At safepoint: 5983431 ns, Total: 6048239 ns
[2025-08-28T13:10:47.542+0000][1088462][info ][gc,start    ] GC(140) Pause Young (Normal) (G1 Evacuation Pause)
[2025-08-28T13:10:47.542+0000][1088462][info ][gc,task     ] GC(140) Using 12 workers of 33 for evacuation
[2025-08-28T13:10:47.542+0000][1088462][debug][gc,age      ] GC(140) Desired survivor size 20971520 bytes, new threshold 15 (max threshold 15)
[2025-08-28T13:10:47.545+0000][1088462][info ][gc,phases   ] GC(140)   Pre Evacuate Collection Set: 0.2ms
[2025-08-28T13:10:47.545+0000][1088462][info ][gc,phases   ] GC(140)   Merge Heap Roots: 0.1ms
[2025-08-28T13:10:47.545+0000][1088462][info ][gc,phases   ] GC(140)   Evacuate Collection Set: 2.0ms
[2025-08-28T13:10:47.545+0000][1088462][info ][gc,phases   ] GC(140)   Post Evacuate Collection Set: 0.5ms
[2025-08-28T13:10:47.545+0000][1088462][info ][gc,phases   ] GC(140)   Other: 0.1ms
[2025-08-28T13:10:47.545+0000][1088462][trace][gc,age      ] GC(140) Age table with threshold 15 (max threshold 15)
[2025-08-28T13:10:47.545+0000][1088462][trace][gc,age      ] GC(140) - age   1:     553600 bytes,     553600 total
[2025-08-28T13:10:47.545+0000][1088462][trace][gc,age      ] GC(140) - age   2:      11344 bytes,     564944 total
[2025-08-28T13:10:47.545+0000][1088462][trace][gc,age      ] GC(140) - age   3:        464 bytes,     565408 total
[2025-08-28T13:10:47.545+0000][1088462][trace][gc,age      ] GC(140) - age   4:         32 bytes,     565440 total
[2025-08-28T13:10:47.545+0000][1088462][trace][gc,age      ] GC(140) - age   5:      77120 bytes,     642560 total
[2025-08-28T13:10:47.545+0000][1088462][trace][gc,age      ] GC(140) - age   7:        832 bytes,     643392 total
[2025-08-28T13:10:47.545+0000][1088462][trace][gc,age      ] GC(140) - age   8:     137072 bytes,     780464 total
[2025-08-28T13:10:47.545+0000][1088462][trace][gc,age      ] GC(140) - age   9:        176 bytes,     780640 total
[2025-08-28T13:10:47.545+0000][1088462][trace][gc,age      ] GC(140) - age  10:        560 bytes,     781200 total
[2025-08-28T13:10:47.545+0000][1088462][trace][gc,age      ] GC(140) - age  11:        472 bytes,     781672 total
[2025-08-28T13:10:47.545+0000][1088462][trace][gc,age      ] GC(140) - age  13:        984 bytes,     782656 total
[2025-08-28T13:10:47.545+0000][1088462][trace][gc,age      ] GC(140) - age  14:       2216 bytes,     784872 total
[2025-08-28T13:10:47.545+0000][1088462][trace][gc,age      ] GC(140) - age  15:        224 bytes,     785096 total
[2025-08-28T13:10:47.545+0000][1088462][info ][gc,heap     ] GC(140) Eden regions: 75->0(75)
[2025-08-28T13:10:47.545+0000][1088462][info ][gc,heap     ] GC(140) Survivor regions: 1->1(10)
[2025-08-28T13:10:47.545+0000][1088462][info ][gc,heap     ] GC(140) Old regions: 29->29
[2025-08-28T13:10:47.545+0000][1088462][info ][gc,heap     ] GC(140) Humongous regions: 0->0
[2025-08-28T13:10:47.545+0000][1088462][info ][gc,metaspace] GC(140) Metaspace: 140285K(144192K)->140285K(144192K) NonClass: 121253K(123328K)->121253K(123328K) Class: 19032K(20864K)->19032K(20864K)
[2025-08-28T13:10:47.545+0000][1088462][info ][gc          ] GC(140) Pause Young (Normal) (G1 Evacuation Pause) 414M->114M(512M) 3.003ms
[2025-08-28T13:10:47.545+0000][1088462][info ][gc,cpu      ] GC(140) User=0.01s Sys=0.00s Real=0.00s
[2025-08-28T13:10:47.545+0000][1088462][info ][safepoint   ] Safepoint "G1CollectForAllocation", Time since last: 2018300880 ns, Reaching safepoint: 21672 ns, Cleanup: 8153 ns, At safepoint: 3194402 ns, Total: 3224227 ns
[2025-08-28T13:10:49.567+0000][1088462][info ][gc,start    ] GC(141) Pause Young (Normal) (G1 Evacuation Pause)
[2025-08-28T13:10:49.567+0000][1088462][info ][gc,task     ] GC(141) Using 12 workers of 33 for evacuation
[2025-08-28T13:10:49.567+0000][1088462][debug][gc,age      ] GC(141) Desired survivor size 20971520 bytes, new threshold 15 (max threshold 15)
[2025-08-28T13:10:49.571+0000][1088462][info ][gc,phases   ] GC(141)   Pre Evacuate Collection Set: 0.1ms
[2025-08-28T13:10:49.571+0000][1088462][info ][gc,phases   ] GC(141)   Merge Heap Roots: 0.1ms
[2025-08-28T13:10:49.571+0000][1088462][info ][gc,phases   ] GC(141)   Evacuate Collection Set: 3.1ms
[2025-08-28T13:10:49.571+0000][1088462][info ][gc,phases   ] GC(141)   Post Evacuate Collection Set: 0.6ms
[2025-08-28T13:10:49.571+0000][1088462][info ][gc,phases   ] GC(141)   Other: 0.1ms
[2025-08-28T13:10:49.571+0000][1088462][trace][gc,age      ] GC(141) Age table with threshold 15 (max threshold 15)
[2025-08-28T13:10:49.571+0000][1088462][trace][gc,age      ] GC(141) - age   1:     554896 bytes,     554896 total
[2025-08-28T13:10:49.571+0000][1088462][trace][gc,age      ] GC(141) - age   3:      11168 bytes,     566064 total
[2025-08-28T13:10:49.571+0000][1088462][trace][gc,age      ] GC(141) - age   4:        464 bytes,     566528 total
[2025-08-28T13:10:49.571+0000][1088462][trace][gc,age      ] GC(141) - age   5:         32 bytes,     566560 total
[2025-08-28T13:10:49.571+0000][1088462][trace][gc,age      ] GC(141) - age   6:      77120 bytes,     643680 total
[2025-08-28T13:10:49.571+0000][1088462][trace][gc,age      ] GC(141) - age   8:        832 bytes,     644512 total
[2025-08-28T13:10:49.571+0000][1088462][trace][gc,age      ] GC(141) - age   9:     137072 bytes,     781584 total
[2025-08-28T13:10:49.571+0000][1088462][trace][gc,age      ] GC(141) - age  10:        176 bytes,     781760 total
[2025-08-28T13:10:49.571+0000][1088462][trace][gc,age      ] GC(141) - age  11:        560 bytes,     782320 total
[2025-08-28T13:10:49.571+0000][1088462][trace][gc,age      ] GC(141) - age  12:        472 bytes,     782792 total
[2025-08-28T13:10:49.571+0000][1088462][trace][gc,age      ] GC(141) - age  14:        984 bytes,     783776 total
[2025-08-28T13:10:49.571+0000][1088462][trace][gc,age      ] GC(141) - age  15:       2216 bytes,     785992 total
[2025-08-28T13:10:49.571+0000][1088462][info ][gc,heap     ] GC(141) Eden regions: 75->0(75)
[2025-08-28T13:10:49.571+0000][1088462][info ][gc,heap     ] GC(141) Survivor regions: 1->1(10)
[2025-08-28T13:10:49.571+0000][1088462][info ][gc,heap     ] GC(141) Old regions: 29->29
[2025-08-28T13:10:49.571+0000][1088462][info ][gc,heap     ] GC(141) Humongous regions: 0->0
[2025-08-28T13:10:49.571+0000][1088462][info ][gc,metaspace] GC(141) Metaspace: 140285K(144192K)->140285K(144192K) NonClass: 121253K(123328K)->121253K(123328K) Class: 19032K(20864K)->19032K(20864K)
[2025-08-28T13:10:49.571+0000][1088462][info ][gc          ] GC(141) Pause Young (Normal) (G1 Evacuation Pause) 414M->114M(512M) 4.195ms
[2025-08-28T13:10:49.571+0000][1088462][info ][gc,cpu      ] GC(141) User=0.01s Sys=0.00s Real=0.01s
[2025-08-28T13:10:49.571+0000][1088462][info ][safepoint   ] Safepoint "G1CollectForAllocation", Time since last: 2021794364 ns, Reaching safepoint: 21793 ns, Cleanup: 7622 ns, At safepoint: 4384983 ns, Total: 4414398 ns
[2025-08-28T13:10:51.597+0000][1088462][info ][gc,start    ] GC(142) Pause Young (Normal) (G1 Evacuation Pause)
[2025-08-28T13:10:51.597+0000][1088462][info ][gc,task     ] GC(142) Using 12 workers of 33 for evacuation
[2025-08-28T13:10:51.597+0000][1088462][debug][gc,age      ] GC(142) Desired survivor size 20971520 bytes, new threshold 15 (max threshold 15)
[2025-08-28T13:10:51.601+0000][1088462][info ][gc,phases   ] GC(142)   Pre Evacuate Collection Set: 0.2ms
[2025-08-28T13:10:51.601+0000][1088462][info ][gc,phases   ] GC(142)   Merge Heap Roots: 0.1ms
[2025-08-28T13:10:51.601+0000][1088462][info ][gc,phases   ] GC(142)   Evacuate Collection Set: 3.2ms
[2025-08-28T13:10:51.601+0000][1088462][info ][gc,phases   ] GC(142)   Post Evacuate Collection Set: 0.5ms
[2025-08-28T13:10:51.601+0000][1088462][info ][gc,phases   ] GC(142)   Other: 0.1ms
[2025-08-28T13:10:51.601+0000][1088462][trace][gc,age      ] GC(142) Age table with threshold 15 (max threshold 15)
[2025-08-28T13:10:51.601+0000][1088462][trace][gc,age      ] GC(142) - age   1:     540176 bytes,     540176 total
[2025-08-28T13:10:51.601+0000][1088462][trace][gc,age      ] GC(142) - age   2:        176 bytes,     540352 total
[2025-08-28T13:10:51.601+0000][1088462][trace][gc,age      ] GC(142) - age   4:      10632 bytes,     550984 total
[2025-08-28T13:10:51.601+0000][1088462][trace][gc,age      ] GC(142) - age   5:        224 bytes,     551208 total
[2025-08-28T13:10:51.601+0000][1088462][trace][gc,age      ] GC(142) - age   6:         32 bytes,     551240 total
[2025-08-28T13:10:51.601+0000][1088462][trace][gc,age      ] GC(142) - age   7:      77120 bytes,     628360 total
[2025-08-28T13:10:51.601+0000][1088462][trace][gc,age      ] GC(142) - age   9:        832 bytes,     629192 total
[2025-08-28T13:10:51.601+0000][1088462][trace][gc,age      ] GC(142) - age  10:     137072 bytes,     766264 total
[2025-08-28T13:10:51.601+0000][1088462][trace][gc,age      ] GC(142) - age  11:        176 bytes,     766440 total
[2025-08-28T13:10:51.601+0000][1088462][trace][gc,age      ] GC(142) - age  12:        560 bytes,     767000 total
[2025-08-28T13:10:51.601+0000][1088462][trace][gc,age      ] GC(142) - age  13:        472 bytes,     767472 total
[2025-08-28T13:10:51.601+0000][1088462][trace][gc,age      ] GC(142) - age  15:        984 bytes,     768456 total
[2025-08-28T13:10:51.601+0000][1088462][info ][gc,heap     ] GC(142) Eden regions: 75->0(75)
[2025-08-28T13:10:51.601+0000][1088462][info ][gc,heap     ] GC(142) Survivor regions: 1->1(10)
[2025-08-28T13:10:51.601+0000][1088462][info ][gc,heap     ] GC(142) Old regions: 29->29
[2025-08-28T13:10:51.601+0000][1088462][info ][gc,heap     ] GC(142) Humongous regions: 0->0
[2025-08-28T13:10:51.601+0000][1088462][info ][gc,metaspace] GC(142) Metaspace: 140285K(144192K)->140285K(144192K) NonClass: 121253K(123328K)->121253K(123328K) Class: 19032K(20864K)->19032K(20864K)
[2025-08-28T13:10:51.601+0000][1088462][info ][gc          ] GC(142) Pause Young (Normal) (G1 Evacuation Pause) 414M->114M(512M) 4.212ms
[2025-08-28T13:10:51.601+0000][1088462][info ][gc,cpu      ] GC(142) User=0.00s Sys=0.00s Real=0.01s
[2025-08-28T13:10:51.601+0000][1088462][info ][safepoint   ] Safepoint "G1CollectForAllocation", Time since last: 2025720684 ns, Reaching safepoint: 19570 ns, Cleanup: 6570 ns, At safepoint: 4393086 ns, Total: 4419226 ns
[2025-08-28T13:10:52.602+0000][1088462][info ][safepoint   ] Safepoint "Cleanup", Time since last: 1000097319 ns, Reaching safepoint: 23876 ns, Cleanup: 16955 ns, At safepoint: 3966 ns, Total: 44797 ns
[2025-08-28T13:10:53.622+0000][1088462][info ][gc,start    ] GC(143) Pause Young (Normal) (G1 Evacuation Pause)
[2025-08-28T13:10:53.622+0000][1088462][info ][gc,task     ] GC(143) Using 12 workers of 33 for evacuation
[2025-08-28T13:10:53.622+0000][1088462][debug][gc,age      ] GC(143) Desired survivor size 20971520 bytes, new threshold 15 (max threshold 15)
[2025-08-28T13:10:53.626+0000][1088462][info ][gc,phases   ] GC(143)   Pre Evacuate Collection Set: 0.2ms
[2025-08-28T13:10:53.626+0000][1088462][info ][gc,phases   ] GC(143)   Merge Heap Roots: 0.1ms
[2025-08-28T13:10:53.626+0000][1088462][info ][gc,phases   ] GC(143)   Evacuate Collection Set: 3.1ms
[2025-08-28T13:10:53.626+0000][1088462][info ][gc,phases   ] GC(143)   Post Evacuate Collection Set: 0.6ms
[2025-08-28T13:10:53.626+0000][1088462][info ][gc,phases   ] GC(143)   Other: 0.1ms
[2025-08-28T13:10:53.626+0000][1088462][trace][gc,age      ] GC(143) Age table with threshold 15 (max threshold 15)
[2025-08-28T13:10:53.626+0000][1088462][trace][gc,age      ] GC(143) - age   1:     540016 bytes,     540016 total
[2025-08-28T13:10:53.626+0000][1088462][trace][gc,age      ] GC(143) - age   2:       1200 bytes,     541216 total
[2025-08-28T13:10:53.626+0000][1088462][trace][gc,age      ] GC(143) - age   3:        176 bytes,     541392 total
[2025-08-28T13:10:53.626+0000][1088462][trace][gc,age      ] GC(143) - age   5:      10632 bytes,     552024 total
[2025-08-28T13:10:53.626+0000][1088462][trace][gc,age      ] GC(143) - age   6:        224 bytes,     552248 total
[2025-08-28T13:10:53.626+0000][1088462][trace][gc,age      ] GC(143) - age   7:         32 bytes,     552280 total
[2025-08-28T13:10:53.626+0000][1088462][trace][gc,age      ] GC(143) - age   8:      77120 bytes,     629400 total
[2025-08-28T13:10:53.626+0000][1088462][trace][gc,age      ] GC(143) - age  10:        768 bytes,     630168 total
[2025-08-28T13:10:53.626+0000][1088462][trace][gc,age      ] GC(143) - age  11:     136264 bytes,     766432 total
[2025-08-28T13:10:53.626+0000][1088462][trace][gc,age      ] GC(143) - age  12:        176 bytes,     766608 total
[2025-08-28T13:10:53.626+0000][1088462][trace][gc,age      ] GC(143) - age  13:        560 bytes,     767168 total
[2025-08-28T13:10:53.626+0000][1088462][trace][gc,age      ] GC(143) - age  14:        472 bytes,     767640 total
[2025-08-28T13:10:53.626+0000][1088462][info ][gc,heap     ] GC(143) Eden regions: 75->0(75)
[2025-08-28T13:10:53.626+0000][1088462][info ][gc,heap     ] GC(143) Survivor regions: 1->1(10)
[2025-08-28T13:10:53.626+0000][1088462][info ][gc,heap     ] GC(143) Old regions: 29->29
[2025-08-28T13:10:53.626+0000][1088462][info ][gc,heap     ] GC(143) Humongous regions: 0->0
[2025-08-28T13:10:53.626+0000][1088462][info ][gc,metaspace] GC(143) Metaspace: 140285K(144192K)->140285K(144192K) NonClass: 121253K(123328K)->121253K(123328K) Class: 19032K(20864K)->19032K(20864K)
[2025-08-28T13:10:53.626+0000][1088462][info ][gc          ] GC(143) Pause Young (Normal) (G1 Evacuation Pause) 414M->114M(512M) 4.236ms
[2025-08-28T13:10:53.626+0000][1088462][info ][gc,cpu      ] GC(143) User=0.01s Sys=0.00s Real=0.00s
[2025-08-28T13:10:53.626+0000][1088462][info ][safepoint   ] Safepoint "G1CollectForAllocation", Time since last: 1020515338 ns, Reaching safepoint: 23826 ns, Cleanup: 8022 ns, At safepoint: 4429471 ns, Total: 4461319 ns
[2025-08-28T13:10:55.642+0000][1088462][info ][gc,start    ] GC(144) Pause Young (Normal) (G1 Evacuation Pause)
[2025-08-28T13:10:55.642+0000][1088462][info ][gc,task     ] GC(144) Using 12 workers of 33 for evacuation
[2025-08-28T13:10:55.642+0000][1088462][debug][gc,age      ] GC(144) Desired survivor size 20971520 bytes, new threshold 15 (max threshold 15)
[2025-08-28T13:10:55.645+0000][1088462][info ][gc,phases   ] GC(144)   Pre Evacuate Collection Set: 0.2ms
[2025-08-28T13:10:55.645+0000][1088462][info ][gc,phases   ] GC(144)   Merge Heap Roots: 0.1ms
[2025-08-28T13:10:55.645+0000][1088462][info ][gc,phases   ] GC(144)   Evacuate Collection Set: 2.0ms
[2025-08-28T13:10:55.645+0000][1088462][info ][gc,phases   ] GC(144)   Post Evacuate Collection Set: 0.5ms
[2025-08-28T13:10:55.645+0000][1088462][info ][gc,phases   ] GC(144)   Other: 0.1ms
[2025-08-28T13:10:55.645+0000][1088462][trace][gc,age      ] GC(144) Age table with threshold 15 (max threshold 15)
[2025-08-28T13:10:55.645+0000][1088462][trace][gc,age      ] GC(144) - age   1:     554248 bytes,     554248 total
[2025-08-28T13:10:55.645+0000][1088462][trace][gc,age      ] GC(144) - age   2:       1016 bytes,     555264 total
[2025-08-28T13:10:55.645+0000][1088462][trace][gc,age      ] GC(144) - age   3:        664 bytes,     555928 total
[2025-08-28T13:10:55.645+0000][1088462][trace][gc,age      ] GC(144) - age   6:      10632 bytes,     566560 total
[2025-08-28T13:10:55.645+0000][1088462][trace][gc,age      ] GC(144) - age   7:        224 bytes,     566784 total
[2025-08-28T13:10:55.645+0000][1088462][trace][gc,age      ] GC(144) - age   8:         32 bytes,     566816 total
[2025-08-28T13:10:55.645+0000][1088462][trace][gc,age      ] GC(144) - age   9:      77120 bytes,     643936 total
[2025-08-28T13:10:55.645+0000][1088462][trace][gc,age      ] GC(144) - age  11:        768 bytes,     644704 total
[2025-08-28T13:10:55.645+0000][1088462][trace][gc,age      ] GC(144) - age  12:     136264 bytes,     780968 total
[2025-08-28T13:10:55.645+0000][1088462][trace][gc,age      ] GC(144) - age  13:        176 bytes,     781144 total
[2025-08-28T13:10:55.645+0000][1088462][trace][gc,age      ] GC(144) - age  14:        560 bytes,     781704 total
[2025-08-28T13:10:55.645+0000][1088462][trace][gc,age      ] GC(144) - age  15:        472 bytes,     782176 total
[2025-08-28T13:10:55.645+0000][1088462][info ][gc,heap     ] GC(144) Eden regions: 75->0(75)
[2025-08-28T13:10:55.645+0000][1088462][info ][gc,heap     ] GC(144) Survivor regions: 1->1(10)
[2025-08-28T13:10:55.645+0000][1088462][info ][gc,heap     ] GC(144) Old regions: 29->29
[2025-08-28T13:10:55.645+0000][1088462][info ][gc,heap     ] GC(144) Humongous regions: 0->0
[2025-08-28T13:10:55.645+0000][1088462][info ][gc,metaspace] GC(144) Metaspace: 140285K(144192K)->140285K(144192K) NonClass: 121253K(123328K)->121253K(123328K) Class: 19032K(20864K)->19032K(20864K)
[2025-08-28T13:10:55.645+0000][1088462][info ][gc          ] GC(144) Pause Young (Normal) (G1 Evacuation Pause) 414M->114M(512M) 3.048ms
[2025-08-28T13:10:55.645+0000][1088462][info ][gc,cpu      ] GC(144) User=0.01s Sys=0.00s Real=0.00s
[2025-08-28T13:10:55.645+0000][1088462][info ][safepoint   ] Safepoint "G1CollectForAllocation", Time since last: 2015445433 ns, Reaching safepoint: 21662 ns, Cleanup: 7331 ns, At safepoint: 3232799 ns, Total: 3261792 ns
[2025-08-28T13:10:57.673+0000][1088462][info ][gc,start    ] GC(145) Pause Young (Normal) (G1 Evacuation Pause)
[2025-08-28T13:10:57.673+0000][1088462][info ][gc,task     ] GC(145) Using 12 workers of 33 for evacuation
[2025-08-28T13:10:57.673+0000][1088462][debug][gc,age      ] GC(145) Desired survivor size 20971520 bytes, new threshold 15 (max threshold 15)
[2025-08-28T13:10:57.677+0000][1088462][info ][gc,phases   ] GC(145)   Pre Evacuate Collection Set: 0.2ms
[2025-08-28T13:10:57.677+0000][1088462][info ][gc,phases   ] GC(145)   Merge Heap Roots: 0.1ms
[2025-08-28T13:10:57.677+0000][1088462][info ][gc,phases   ] GC(145)   Evacuate Collection Set: 3.4ms
[2025-08-28T13:10:57.677+0000][1088462][info ][gc,phases   ] GC(145)   Post Evacuate Collection Set: 0.5ms
[2025-08-28T13:10:57.677+0000][1088462][info ][gc,phases   ] GC(145)   Other: 0.1ms
[2025-08-28T13:10:57.677+0000][1088462][trace][gc,age      ] GC(145) Age table with threshold 15 (max threshold 15)
[2025-08-28T13:10:57.677+0000][1088462][trace][gc,age      ] GC(145) - age   1:     539336 bytes,     539336 total
[2025-08-28T13:10:57.677+0000][1088462][trace][gc,age      ] GC(145) - age   2:        712 bytes,     540048 total
[2025-08-28T13:10:57.677+0000][1088462][trace][gc,age      ] GC(145) - age   3:       1016 bytes,     541064 total
[2025-08-28T13:10:57.677+0000][1088462][trace][gc,age      ] GC(145) - age   4:        664 bytes,     541728 total
[2025-08-28T13:10:57.677+0000][1088462][trace][gc,age      ] GC(145) - age   7:      10632 bytes,     552360 total
[2025-08-28T13:10:57.677+0000][1088462][trace][gc,age      ] GC(145) - age   9:         32 bytes,     552392 total
[2025-08-28T13:10:57.677+0000][1088462][trace][gc,age      ] GC(145) - age  10:      77120 bytes,     629512 total
[2025-08-28T13:10:57.677+0000][1088462][trace][gc,age      ] GC(145) - age  12:        768 bytes,     630280 total
[2025-08-28T13:10:57.677+0000][1088462][trace][gc,age      ] GC(145) - age  13:     136264 bytes,     766544 total
[2025-08-28T13:10:57.677+0000][1088462][trace][gc,age      ] GC(145) - age  14:        176 bytes,     766720 total
[2025-08-28T13:10:57.677+0000][1088462][trace][gc,age      ] GC(145) - age  15:        560 bytes,     767280 total
[2025-08-28T13:10:57.678+0000][1088462][info ][gc,heap     ] GC(145) Eden regions: 75->0(75)
[2025-08-28T13:10:57.678+0000][1088462][info ][gc,heap     ] GC(145) Survivor regions: 1->1(10)
[2025-08-28T13:10:57.678+0000][1088462][info ][gc,heap     ] GC(145) Old regions: 29->29
[2025-08-28T13:10:57.678+0000][1088462][info ][gc,heap     ] GC(145) Humongous regions: 0->0
[2025-08-28T13:10:57.678+0000][1088462][info ][gc,metaspace] GC(145) Metaspace: 140285K(144192K)->140285K(144192K) NonClass: 121253K(123328K)->121253K(123328K) Class: 19032K(20864K)->19032K(20864K)
[2025-08-28T13:10:57.678+0000][1088462][info ][gc          ] GC(145) Pause Young (Normal) (G1 Evacuation Pause) 414M->114M(512M) 4.437ms
[2025-08-28T13:10:57.678+0000][1088462][info ][gc,cpu      ] GC(145) User=0.01s Sys=0.00s Real=0.00s
[2025-08-28T13:10:57.678+0000][1088462][info ][safepoint   ] Safepoint "G1CollectForAllocation", Time since last: 2027794077 ns, Reaching safepoint: 21502 ns, Cleanup: 8193 ns, At safepoint: 4645882 ns, Total: 4675577 ns
[2025-08-28T13:10:59.698+0000][1088462][info ][gc,start    ] GC(146) Pause Young (Normal) (G1 Evacuation Pause)
[2025-08-28T13:10:59.698+0000][1088462][info ][gc,task     ] GC(146) Using 12 workers of 33 for evacuation
[2025-08-28T13:10:59.698+0000][1088462][debug][gc,age      ] GC(146) Desired survivor size 20971520 bytes, new threshold 15 (max threshold 15)
[2025-08-28T13:10:59.702+0000][1088462][info ][gc,phases   ] GC(146)   Pre Evacuate Collection Set: 0.2ms
[2025-08-28T13:10:59.703+0000][1088462][info ][gc,phases   ] GC(146)   Merge Heap Roots: 0.1ms
[2025-08-28T13:10:59.703+0000][1088462][info ][gc,phases   ] GC(146)   Evacuate Collection Set: 3.3ms
[2025-08-28T13:10:59.703+0000][1088462][info ][gc,phases   ] GC(146)   Post Evacuate Collection Set: 0.5ms
[2025-08-28T13:10:59.703+0000][1088462][info ][gc,phases   ] GC(146)   Other: 0.1ms
[2025-08-28T13:10:59.703+0000][1088462][trace][gc,age      ] GC(146) Age table with threshold 15 (max threshold 15)
[2025-08-28T13:10:59.703+0000][1088462][trace][gc,age      ] GC(146) - age   1:     539664 bytes,     539664 total
[2025-08-28T13:10:59.703+0000][1088462][trace][gc,age      ] GC(146) - age   2:        224 bytes,     539888 total
[2025-08-28T13:10:59.703+0000][1088462][trace][gc,age      ] GC(146) - age   3:        536 bytes,     540424 total
[2025-08-28T13:10:59.703+0000][1088462][trace][gc,age      ] GC(146) - age   4:       1016 bytes,     541440 total
[2025-08-28T13:10:59.703+0000][1088462][trace][gc,age      ] GC(146) - age   5:        664 bytes,     542104 total
[2025-08-28T13:10:59.703+0000][1088462][trace][gc,age      ] GC(146) - age   8:      10632 bytes,     552736 total
[2025-08-28T13:10:59.703+0000][1088462][trace][gc,age      ] GC(146) - age  10:         32 bytes,     552768 total
[2025-08-28T13:10:59.703+0000][1088462][trace][gc,age      ] GC(146) - age  11:      77120 bytes,     629888 total
[2025-08-28T13:10:59.703+0000][1088462][trace][gc,age      ] GC(146) - age  13:        768 bytes,     630656 total
[2025-08-28T13:10:59.703+0000][1088462][trace][gc,age      ] GC(146) - age  14:     136264 bytes,     766920 total
[2025-08-28T13:10:59.703+0000][1088462][info ][gc,heap     ] GC(146) Eden regions: 75->0(75)
[2025-08-28T13:10:59.703+0000][1088462][info ][gc,heap     ] GC(146) Survivor regions: 1->1(10)
[2025-08-28T13:10:59.703+0000][1088462][info ][gc,heap     ] GC(146) Old regions: 29->29
[2025-08-28T13:10:59.703+0000][1088462][info ][gc,heap     ] GC(146) Humongous regions: 0->0
[2025-08-28T13:10:59.703+0000][1088462][info ][gc,metaspace] GC(146) Metaspace: 140285K(144192K)->140285K(144192K) NonClass: 121253K(123328K)->121253K(123328K) Class: 19032K(20864K)->19032K(20864K)
[2025-08-28T13:10:59.703+0000][1088462][info ][gc          ] GC(146) Pause Young (Normal) (G1 Evacuation Pause) 414M->114M(512M) 4.397ms
[2025-08-28T13:10:59.703+0000][1088462][info ][gc,cpu      ] GC(146) User=0.01s Sys=0.00s Real=0.01s
[2025-08-28T13:10:59.703+0000][1088462][info ][safepoint   ] Safepoint "G1CollectForAllocation", Time since last: 2020432903 ns, Reaching safepoint: 22464 ns, Cleanup: 7922 ns, At safepoint: 4585762 ns, Total: 4616148 ns
[2025-08-28T13:11:01.704+0000][1088462][info ][gc,start    ] GC(147) Pause Young (Normal) (G1 Evacuation Pause)
[2025-08-28T13:11:01.704+0000][1088462][info ][gc,task     ] GC(147) Using 12 workers of 33 for evacuation
[2025-08-28T13:11:01.704+0000][1088462][debug][gc,age      ] GC(147) Desired survivor size 20971520 bytes, new threshold 15 (max threshold 15)
[2025-08-28T13:11:01.707+0000][1088462][info ][gc,phases   ] GC(147)   Pre Evacuate Collection Set: 0.1ms
[2025-08-28T13:11:01.707+0000][1088462][info ][gc,phases   ] GC(147)   Merge Heap Roots: 0.0ms
[2025-08-28T13:11:01.707+0000][1088462][info ][gc,phases   ] GC(147)   Evacuate Collection Set: 2.1ms
[2025-08-28T13:11:01.707+0000][1088462][info ][gc,phases   ] GC(147)   Post Evacuate Collection Set: 0.5ms
[2025-08-28T13:11:01.707+0000][1088462][info ][gc,phases   ] GC(147)   Other: 0.1ms
[2025-08-28T13:11:01.707+0000][1088462][trace][gc,age      ] GC(147) Age table with threshold 15 (max threshold 15)
[2025-08-28T13:11:01.707+0000][1088462][trace][gc,age      ] GC(147) - age   1:     556456 bytes,     556456 total
[2025-08-28T13:11:01.707+0000][1088462][trace][gc,age      ] GC(147) - age   2:        552 bytes,     557008 total
[2025-08-28T13:11:01.707+0000][1088462][trace][gc,age      ] GC(147) - age   3:        224 bytes,     557232 total
[2025-08-28T13:11:01.707+0000][1088462][trace][gc,age      ] GC(147) - age   5:       1016 bytes,     558248 total
[2025-08-28T13:11:01.707+0000][1088462][trace][gc,age      ] GC(147) - age   6:        424 bytes,     558672 total
[2025-08-28T13:11:01.707+0000][1088462][trace][gc,age      ] GC(147) - age   9:      10472 bytes,     569144 total
[2025-08-28T13:11:01.707+0000][1088462][trace][gc,age      ] GC(147) - age  11:         32 bytes,     569176 total
[2025-08-28T13:11:01.707+0000][1088462][trace][gc,age      ] GC(147) - age  12:      77120 bytes,     646296 total
[2025-08-28T13:11:01.707+0000][1088462][trace][gc,age      ] GC(147) - age  14:        768 bytes,     647064 total
[2025-08-28T13:11:01.707+0000][1088462][trace][gc,age      ] GC(147) - age  15:     136264 bytes,     783328 total
[2025-08-28T13:11:01.707+0000][1088462][info ][gc,heap     ] GC(147) Eden regions: 75->0(75)
[2025-08-28T13:11:01.707+0000][1088462][info ][gc,heap     ] GC(147) Survivor regions: 1->1(10)
[2025-08-28T13:11:01.707+0000][1088462][info ][gc,heap     ] GC(147) Old regions: 29->29
[2025-08-28T13:11:01.707+0000][1088462][info ][gc,heap     ] GC(147) Humongous regions: 0->0
[2025-08-28T13:11:01.707+0000][1088462][info ][gc,metaspace] GC(147) Metaspace: 140285K(144192K)->140285K(144192K) NonClass: 121253K(123328K)->121253K(123328K) Class: 19032K(20864K)->19032K(20864K)
[2025-08-28T13:11:01.707+0000][1088462][info ][gc          ] GC(147) Pause Young (Normal) (G1 Evacuation Pause) 414M->114M(512M) 2.972ms
[2025-08-28T13:11:01.707+0000][1088462][info ][gc,cpu      ] GC(147) User=0.01s Sys=0.00s Real=0.00s
[2025-08-28T13:11:01.707+0000][1088462][info ][safepoint   ] Safepoint "G1CollectForAllocation", Time since last: 2001462281 ns, Reaching safepoint: 17887 ns, Cleanup: 4827 ns, At safepoint: 3099038 ns, Total: 3121752 ns
[2025-08-28T13:11:02.707+0000][1088462][info ][safepoint   ] Safepoint "Cleanup", Time since last: 1000094628 ns, Reaching safepoint: 20441 ns, Cleanup: 17226 ns, At safepoint: 3385 ns, Total: 41052 ns
[2025-08-28T13:11:04.472+0000][1088462][info ][gc,start    ] GC(148) Pause Young (Normal) (G1 Evacuation Pause)
[2025-08-28T13:11:04.472+0000][1088462][info ][gc,task     ] GC(148) Using 12 workers of 33 for evacuation
[2025-08-28T13:11:04.472+0000][1088462][debug][gc,age      ] GC(148) Desired survivor size 20971520 bytes, new threshold 15 (max threshold 15)
[2025-08-28T13:11:04.474+0000][1088462][info ][gc,phases   ] GC(148)   Pre Evacuate Collection Set: 0.1ms
[2025-08-28T13:11:04.474+0000][1088462][info ][gc,phases   ] GC(148)   Merge Heap Roots: 0.1ms
[2025-08-28T13:11:04.474+0000][1088462][info ][gc,phases   ] GC(148)   Evacuate Collection Set: 1.7ms
[2025-08-28T13:11:04.474+0000][1088462][info ][gc,phases   ] GC(148)   Post Evacuate Collection Set: 0.5ms
[2025-08-28T13:11:04.474+0000][1088462][info ][gc,phases   ] GC(148)   Other: 0.1ms
[2025-08-28T13:11:04.474+0000][1088462][trace][gc,age      ] GC(148) Age table with threshold 15 (max threshold 15)
[2025-08-28T13:11:04.474+0000][1088462][trace][gc,age      ] GC(148) - age   1:     551776 bytes,     551776 total
[2025-08-28T13:11:04.474+0000][1088462][trace][gc,age      ] GC(148) - age   2:       1896 bytes,     553672 total
[2025-08-28T13:11:04.474+0000][1088462][trace][gc,age      ] GC(148) - age   3:        376 bytes,     554048 total
[2025-08-28T13:11:04.474+0000][1088462][trace][gc,age      ] GC(148) - age   4:        224 bytes,     554272 total
[2025-08-28T13:11:04.474+0000][1088462][trace][gc,age      ] GC(148) - age   6:        536 bytes,     554808 total
[2025-08-28T13:11:04.474+0000][1088462][trace][gc,age      ] GC(148) - age   7:        424 bytes,     555232 total
[2025-08-28T13:11:04.474+0000][1088462][trace][gc,age      ] GC(148) - age  10:        160 bytes,     555392 total
[2025-08-28T13:11:04.474+0000][1088462][trace][gc,age      ] GC(148) - age  12:         32 bytes,     555424 total
[2025-08-28T13:11:04.474+0000][1088462][trace][gc,age      ] GC(148) - age  13:      77120 bytes,     632544 total
[2025-08-28T13:11:04.474+0000][1088462][trace][gc,age      ] GC(148) - age  15:         32 bytes,     632576 total
[2025-08-28T13:11:04.474+0000][1088462][info ][gc,heap     ] GC(148) Eden regions: 75->0(75)
[2025-08-28T13:11:04.474+0000][1088462][info ][gc,heap     ] GC(148) Survivor regions: 1->1(10)
[2025-08-28T13:11:04.474+0000][1088462][info ][gc,heap     ] GC(148) Old regions: 29->29
[2025-08-28T13:11:04.474+0000][1088462][info ][gc,heap     ] GC(148) Humongous regions: 0->0
[2025-08-28T13:11:04.474+0000][1088462][info ][gc,metaspace] GC(148) Metaspace: 140285K(144192K)->140285K(144192K) NonClass: 121253K(123328K)->121253K(123328K) Class: 19032K(20864K)->19032K(20864K)
[2025-08-28T13:11:04.474+0000][1088462][info ][gc          ] GC(148) Pause Young (Normal) (G1 Evacuation Pause) 414M->114M(512M) 2.632ms
[2025-08-28T13:11:04.474+0000][1088462][info ][gc,cpu      ] GC(148) User=0.01s Sys=0.00s Real=0.00s
[2025-08-28T13:11:04.474+0000][1088462][info ][safepoint   ] Safepoint "G1CollectForAllocation", Time since last: 1764009412 ns, Reaching safepoint: 19089 ns, Cleanup: 5177 ns, At safepoint: 2751145 ns, Total: 2775411 ns
[2025-08-28T13:11:06.496+0000][1088462][info ][gc,start    ] GC(149) Pause Young (Normal) (G1 Evacuation Pause)
[2025-08-28T13:11:06.496+0000][1088462][info ][gc,task     ] GC(149) Using 12 workers of 33 for evacuation
[2025-08-28T13:11:06.496+0000][1088462][debug][gc,age      ] GC(149) Desired survivor size 20971520 bytes, new threshold 15 (max threshold 15)
[2025-08-28T13:11:06.500+0000][1088462][info ][gc,phases   ] GC(149)   Pre Evacuate Collection Set: 0.2ms
[2025-08-28T13:11:06.500+0000][1088462][info ][gc,phases   ] GC(149)   Merge Heap Roots: 0.0ms
[2025-08-28T13:11:06.500+0000][1088462][info ][gc,phases   ] GC(149)   Evacuate Collection Set: 2.9ms
[2025-08-28T13:11:06.500+0000][1088462][info ][gc,phases   ] GC(149)   Post Evacuate Collection Set: 0.6ms
[2025-08-28T13:11:06.500+0000][1088462][info ][gc,phases   ] GC(149)   Other: 0.1ms
[2025-08-28T13:11:06.500+0000][1088462][trace][gc,age      ] GC(149) Age table with threshold 15 (max threshold 15)
[2025-08-28T13:11:06.500+0000][1088462][trace][gc,age      ] GC(149) - age   1:     539512 bytes,     539512 total
[2025-08-28T13:11:06.500+0000][1088462][trace][gc,age      ] GC(149) - age   2:      12504 bytes,     552016 total
[2025-08-28T13:11:06.500+0000][1088462][trace][gc,age      ] GC(149) - age   3:       1360 bytes,     553376 total
[2025-08-28T13:11:06.500+0000][1088462][trace][gc,age      ] GC(149) - age   4:        376 bytes,     553752 total
[2025-08-28T13:11:06.500+0000][1088462][trace][gc,age      ] GC(149) - age   5:        224 bytes,     553976 total
[2025-08-28T13:11:06.500+0000][1088462][trace][gc,age      ] GC(149) - age   7:        536 bytes,     554512 total
[2025-08-28T13:11:06.500+0000][1088462][trace][gc,age      ] GC(149) - age   8:        424 bytes,     554936 total
[2025-08-28T13:11:06.500+0000][1088462][trace][gc,age      ] GC(149) - age  11:        160 bytes,     555096 total
[2025-08-28T13:11:06.500+0000][1088462][trace][gc,age      ] GC(149) - age  13:         32 bytes,     555128 total
[2025-08-28T13:11:06.500+0000][1088462][trace][gc,age      ] GC(149) - age  14:      77120 bytes,     632248 total
[2025-08-28T13:11:06.500+0000][1088462][info ][gc,heap     ] GC(149) Eden regions: 75->0(75)
[2025-08-28T13:11:06.500+0000][1088462][info ][gc,heap     ] GC(149) Survivor regions: 1->1(10)
[2025-08-28T13:11:06.500+0000][1088462][info ][gc,heap     ] GC(149) Old regions: 29->29
[2025-08-28T13:11:06.500+0000][1088462][info ][gc,heap     ] GC(149) Humongous regions: 0->0
[2025-08-28T13:11:06.500+0000][1088462][info ][gc,metaspace] GC(149) Metaspace: 140285K(144192K)->140285K(144192K) NonClass: 121253K(123328K)->121253K(123328K) Class: 19032K(20864K)->19032K(20864K)
[2025-08-28T13:11:06.500+0000][1088462][info ][gc          ] GC(149) Pause Young (Normal) (G1 Evacuation Pause) 414M->114M(512M) 3.921ms
[2025-08-28T13:11:06.500+0000][1088462][info ][gc,cpu      ] GC(149) User=0.00s Sys=0.00s Real=0.00s
[2025-08-28T13:11:06.500+0000][1088462][info ][safepoint   ] Safepoint "G1CollectForAllocation", Time since last: 2022032648 ns, Reaching safepoint: 20270 ns, Cleanup: 7181 ns, At safepoint: 4084489 ns, Total: 4111940 ns
[2025-08-28T13:11:08.516+0000][1088462][info ][gc,start    ] GC(150) Pause Young (Normal) (G1 Evacuation Pause)
[2025-08-28T13:11:08.516+0000][1088462][info ][gc,task     ] GC(150) Using 12 workers of 33 for evacuation
[2025-08-28T13:11:08.516+0000][1088462][debug][gc,age      ] GC(150) Desired survivor size 20971520 bytes, new threshold 15 (max threshold 15)
[2025-08-28T13:11:08.520+0000][1088462][info ][gc,phases   ] GC(150)   Pre Evacuate Collection Set: 0.2ms
[2025-08-28T13:11:08.520+0000][1088462][info ][gc,phases   ] GC(150)   Merge Heap Roots: 0.1ms
[2025-08-28T13:11:08.520+0000][1088462][info ][gc,phases   ] GC(150)   Evacuate Collection Set: 3.0ms
[2025-08-28T13:11:08.520+0000][1088462][info ][gc,phases   ] GC(150)   Post Evacuate Collection Set: 0.7ms
[2025-08-28T13:11:08.520+0000][1088462][info ][gc,phases   ] GC(150)   Other: 0.1ms
[2025-08-28T13:11:08.520+0000][1088462][trace][gc,age      ] GC(150) Age table with threshold 15 (max threshold 15)
[2025-08-28T13:11:08.520+0000][1088462][trace][gc,age      ] GC(150) - age   1:     686528 bytes,     686528 total
[2025-08-28T13:11:08.520+0000][1088462][trace][gc,age      ] GC(150) - age   2:        536 bytes,     687064 total
[2025-08-28T13:11:08.520+0000][1088462][trace][gc,age      ] GC(150) - age   3:      12504 bytes,     699568 total
[2025-08-28T13:11:08.520+0000][1088462][trace][gc,age      ] GC(150) - age   4:       1360 bytes,     700928 total
[2025-08-28T13:11:08.520+0000][1088462][trace][gc,age      ] GC(150) - age   5:        376 bytes,     701304 total
[2025-08-28T13:11:08.520+0000][1088462][trace][gc,age      ] GC(150) - age   6:        224 bytes,     701528 total
[2025-08-28T13:11:08.520+0000][1088462][trace][gc,age      ] GC(150) - age   8:        536 bytes,     702064 total
[2025-08-28T13:11:08.520+0000][1088462][trace][gc,age      ] GC(150) - age   9:        424 bytes,     702488 total
[2025-08-28T13:11:08.520+0000][1088462][trace][gc,age      ] GC(150) - age  12:        160 bytes,     702648 total
[2025-08-28T13:11:08.520+0000][1088462][trace][gc,age      ] GC(150) - age  14:         32 bytes,     702680 total
[2025-08-28T13:11:08.520+0000][1088462][trace][gc,age      ] GC(150) - age  15:      77120 bytes,     779800 total
[2025-08-28T13:11:08.520+0000][1088462][info ][gc,heap     ] GC(150) Eden regions: 75->0(75)
[2025-08-28T13:11:08.520+0000][1088462][info ][gc,heap     ] GC(150) Survivor regions: 1->1(10)
[2025-08-28T13:11:08.520+0000][1088462][info ][gc,heap     ] GC(150) Old regions: 29->29
[2025-08-28T13:11:08.520+0000][1088462][info ][gc,heap     ] GC(150) Humongous regions: 0->0
[2025-08-28T13:11:08.520+0000][1088462][info ][gc,metaspace] GC(150) Metaspace: 140285K(144192K)->140285K(144192K) NonClass: 121253K(123328K)->121253K(123328K) Class: 19032K(20864K)->19032K(20864K)
[2025-08-28T13:11:08.520+0000][1088462][info ][gc          ] GC(150) Pause Young (Normal) (G1 Evacuation Pause) 414M->114M(512M) 4.165ms
[2025-08-28T13:11:08.520+0000][1088462][info ][gc,cpu      ] GC(150) User=0.00s Sys=0.00s Real=0.00s
[2025-08-28T13:11:08.520+0000][1088462][info ][safepoint   ] Safepoint "G1CollectForAllocation", Time since last: 2015528492 ns, Reaching safepoint: 83625 ns, Cleanup: 6380 ns, At safepoint: 4328065 ns, Total: 4418070 ns
[2025-08-28T13:11:10.531+0000][1088462][info ][gc,start    ] GC(151) Pause Young (Normal) (G1 Evacuation Pause)
[2025-08-28T13:11:10.531+0000][1088462][info ][gc,task     ] GC(151) Using 12 workers of 33 for evacuation
[2025-08-28T13:11:10.531+0000][1088462][debug][gc,age      ] GC(151) Desired survivor size 20971520 bytes, new threshold 15 (max threshold 15)
[2025-08-28T13:11:10.535+0000][1088462][info ][gc,phases   ] GC(151)   Pre Evacuate Collection Set: 0.2ms
[2025-08-28T13:11:10.535+0000][1088462][info ][gc,phases   ] GC(151)   Merge Heap Roots: 0.1ms
[2025-08-28T13:11:10.535+0000][1088462][info ][gc,phases   ] GC(151)   Evacuate Collection Set: 3.0ms
[2025-08-28T13:11:10.535+0000][1088462][info ][gc,phases   ] GC(151)   Post Evacuate Collection Set: 0.6ms
[2025-08-28T13:11:10.535+0000][1088462][info ][gc,phases   ] GC(151)   Other: 0.1ms
[2025-08-28T13:11:10.535+0000][1088462][trace][gc,age      ] GC(151) Age table with threshold 15 (max threshold 15)
[2025-08-28T13:11:10.535+0000][1088462][trace][gc,age      ] GC(151) - age   1:     556208 bytes,     556208 total
[2025-08-28T13:11:10.535+0000][1088462][trace][gc,age      ] GC(151) - age   4:      12328 bytes,     568536 total
[2025-08-28T13:11:10.535+0000][1088462][trace][gc,age      ] GC(151) - age   5:       1360 bytes,     569896 total
[2025-08-28T13:11:10.535+0000][1088462][trace][gc,age      ] GC(151) - age   6:        376 bytes,     570272 total
[2025-08-28T13:11:10.535+0000][1088462][trace][gc,age      ] GC(151) - age   9:        536 bytes,     570808 total
[2025-08-28T13:11:10.535+0000][1088462][trace][gc,age      ] GC(151) - age  10:        424 bytes,     571232 total
[2025-08-28T13:11:10.535+0000][1088462][trace][gc,age      ] GC(151) - age  13:        160 bytes,     571392 total
[2025-08-28T13:11:10.535+0000][1088462][trace][gc,age      ] GC(151) - age  15:         32 bytes,     571424 total
[2025-08-28T13:11:10.535+0000][1088462][info ][gc,heap     ] GC(151) Eden regions: 75->0(75)
[2025-08-28T13:11:10.535+0000][1088462][info ][gc,heap     ] GC(151) Survivor regions: 1->1(10)
[2025-08-28T13:11:10.535+0000][1088462][info ][gc,heap     ] GC(151) Old regions: 29->29
[2025-08-28T13:11:10.535+0000][1088462][info ][gc,heap     ] GC(151) Humongous regions: 0->0
[2025-08-28T13:11:10.535+0000][1088462][info ][gc,metaspace] GC(151) Metaspace: 140285K(144192K)->140285K(144192K) NonClass: 121253K(123328K)->121253K(123328K) Class: 19032K(20864K)->19032K(20864K)
[2025-08-28T13:11:10.535+0000][1088462][info ][gc          ] GC(151) Pause Young (Normal) (G1 Evacuation Pause) 414M->114M(512M) 4.097ms
[2025-08-28T13:11:10.535+0000][1088462][info ][gc,cpu      ] GC(151) User=0.00s Sys=0.01s Real=0.00s
[2025-08-28T13:11:10.535+0000][1088462][info ][safepoint   ] Safepoint "G1CollectForAllocation", Time since last: 2010759314 ns, Reaching safepoint: 53700 ns, Cleanup: 6400 ns, At safepoint: 4247614 ns, Total: 4307714 ns
[2025-08-28T13:11:12.591+0000][1088462][info ][gc,start    ] GC(152) Pause Young (Normal) (G1 Evacuation Pause)
[2025-08-28T13:11:12.591+0000][1088462][info ][gc,task     ] GC(152) Using 12 workers of 33 for evacuation
[2025-08-28T13:11:12.591+0000][1088462][debug][gc,age      ] GC(152) Desired survivor size 20971520 bytes, new threshold 15 (max threshold 15)
[2025-08-28T13:11:12.594+0000][1088462][info ][gc,phases   ] GC(152)   Pre Evacuate Collection Set: 0.2ms
[2025-08-28T13:11:12.594+0000][1088462][info ][gc,phases   ] GC(152)   Merge Heap Roots: 0.1ms
[2025-08-28T13:11:12.594+0000][1088462][info ][gc,phases   ] GC(152)   Evacuate Collection Set: 1.7ms
[2025-08-28T13:11:12.594+0000][1088462][info ][gc,phases   ] GC(152)   Post Evacuate Collection Set: 0.6ms
[2025-08-28T13:11:12.594+0000][1088462][info ][gc,phases   ] GC(152)   Other: 0.1ms
[2025-08-28T13:11:12.594+0000][1088462][trace][gc,age      ] GC(152) Age table with threshold 15 (max threshold 15)
[2025-08-28T13:11:12.594+0000][1088462][trace][gc,age      ] GC(152) - age   1:     539216 bytes,     539216 total
[2025-08-28T13:11:12.594+0000][1088462][trace][gc,age      ] GC(152) - age   2:        936 bytes,     540152 total
[2025-08-28T13:11:12.594+0000][1088462][trace][gc,age      ] GC(152) - age   5:      12328 bytes,     552480 total
[2025-08-28T13:11:12.594+0000][1088462][trace][gc,age      ] GC(152) - age   6:       1120 bytes,     553600 total
[2025-08-28T13:11:12.594+0000][1088462][trace][gc,age      ] GC(152) - age   7:        376 bytes,     553976 total
[2025-08-28T13:11:12.594+0000][1088462][trace][gc,age      ] GC(152) - age  10:        536 bytes,     554512 total
[2025-08-28T13:11:12.594+0000][1088462][trace][gc,age      ] GC(152) - age  11:        424 bytes,     554936 total
[2025-08-28T13:11:12.594+0000][1088462][trace][gc,age      ] GC(152) - age  14:        160 bytes,     555096 total
[2025-08-28T13:11:12.594+0000][1088462][info ][gc,heap     ] GC(152) Eden regions: 75->0(75)
[2025-08-28T13:11:12.594+0000][1088462][info ][gc,heap     ] GC(152) Survivor regions: 1->1(10)
[2025-08-28T13:11:12.594+0000][1088462][info ][gc,heap     ] GC(152) Old regions: 29->29
[2025-08-28T13:11:12.594+0000][1088462][info ][gc,heap     ] GC(152) Humongous regions: 0->0
[2025-08-28T13:11:12.594+0000][1088462][info ][gc,metaspace] GC(152) Metaspace: 140285K(144192K)->140285K(144192K) NonClass: 121253K(123328K)->121253K(123328K) Class: 19032K(20864K)->19032K(20864K)
[2025-08-28T13:11:12.594+0000][1088462][info ][gc          ] GC(152) Pause Young (Normal) (G1 Evacuation Pause) 414M->114M(512M) 2.789ms
[2025-08-28T13:11:12.594+0000][1088462][info ][gc,cpu      ] GC(152) User=0.01s Sys=0.00s Real=0.00s
[2025-08-28T13:11:12.594+0000][1088462][info ][safepoint   ] Safepoint "G1CollectForAllocation", Time since last: 2055679308 ns, Reaching safepoint: 20761 ns, Cleanup: 7822 ns, At safepoint: 2936834 ns, Total: 2965417 ns
[2025-08-28T13:11:14.616+0000][1088462][info ][gc,start    ] GC(153) Pause Young (Normal) (G1 Evacuation Pause)
[2025-08-28T13:11:14.616+0000][1088462][info ][gc,task     ] GC(153) Using 12 workers of 33 for evacuation
[2025-08-28T13:11:14.616+0000][1088462][debug][gc,age      ] GC(153) Desired survivor size 20971520 bytes, new threshold 15 (max threshold 15)
[2025-08-28T13:11:14.620+0000][1088462][info ][gc,phases   ] GC(153)   Pre Evacuate Collection Set: 0.1ms
[2025-08-28T13:11:14.620+0000][1088462][info ][gc,phases   ] GC(153)   Merge Heap Roots: 0.1ms
[2025-08-28T13:11:14.620+0000][1088462][info ][gc,phases   ] GC(153)   Evacuate Collection Set: 2.8ms
[2025-08-28T13:11:14.620+0000][1088462][info ][gc,phases   ] GC(153)   Post Evacuate Collection Set: 0.6ms
[2025-08-28T13:11:14.620+0000][1088462][info ][gc,phases   ] GC(153)   Other: 0.1ms
[2025-08-28T13:11:14.620+0000][1088462][trace][gc,age      ] GC(153) Age table with threshold 15 (max threshold 15)
[2025-08-28T13:11:14.620+0000][1088462][trace][gc,age      ] GC(153) - age   1:     539288 bytes,     539288 total
[2025-08-28T13:11:14.620+0000][1088462][trace][gc,age      ] GC(153) - age   2:        240 bytes,     539528 total
[2025-08-28T13:11:14.620+0000][1088462][trace][gc,age      ] GC(153) - age   3:        760 bytes,     540288 total
[2025-08-28T13:11:14.620+0000][1088462][trace][gc,age      ] GC(153) - age   6:      12328 bytes,     552616 total
[2025-08-28T13:11:14.620+0000][1088462][trace][gc,age      ] GC(153) - age   7:       1120 bytes,     553736 total
[2025-08-28T13:11:14.620+0000][1088462][trace][gc,age      ] GC(153) - age   8:        376 bytes,     554112 total
[2025-08-28T13:11:14.620+0000][1088462][trace][gc,age      ] GC(153) - age  11:        536 bytes,     554648 total
[2025-08-28T13:11:14.620+0000][1088462][trace][gc,age      ] GC(153) - age  12:        424 bytes,     555072 total
[2025-08-28T13:11:14.620+0000][1088462][trace][gc,age      ] GC(153) - age  15:        160 bytes,     555232 total
[2025-08-28T13:11:14.620+0000][1088462][info ][gc,heap     ] GC(153) Eden regions: 75->0(75)
[2025-08-28T13:11:14.620+0000][1088462][info ][gc,heap     ] GC(153) Survivor regions: 1->1(10)
[2025-08-28T13:11:14.620+0000][1088462][info ][gc,heap     ] GC(153) Old regions: 29->29
[2025-08-28T13:11:14.620+0000][1088462][info ][gc,heap     ] GC(153) Humongous regions: 0->0
[2025-08-28T13:11:14.620+0000][1088462][info ][gc,metaspace] GC(153) Metaspace: 140285K(144192K)->140285K(144192K) NonClass: 121253K(123328K)->121253K(123328K) Class: 19032K(20864K)->19032K(20864K)
[2025-08-28T13:11:14.620+0000][1088462][info ][gc          ] GC(153) Pause Young (Normal) (G1 Evacuation Pause) 414M->114M(512M) 3.871ms
[2025-08-28T13:11:14.620+0000][1088462][info ][gc,cpu      ] GC(153) User=0.00s Sys=0.00s Real=0.00s
[2025-08-28T13:11:14.620+0000][1088462][info ][safepoint   ] Safepoint "G1CollectForAllocation", Time since last: 2022273389 ns, Reaching safepoint: 22003 ns, Cleanup: 7612 ns, At safepoint: 4039932 ns, Total: 4069547 ns
[2025-08-28T13:11:16.621+0000][1088462][info ][gc,start    ] GC(154) Pause Young (Normal) (G1 Evacuation Pause)
[2025-08-28T13:11:16.621+0000][1088462][info ][gc,task     ] GC(154) Using 12 workers of 33 for evacuation
[2025-08-28T13:11:16.621+0000][1088462][debug][gc,age      ] GC(154) Desired survivor size 20971520 bytes, new threshold 15 (max threshold 15)
[2025-08-28T13:11:16.624+0000][1088462][info ][gc,phases   ] GC(154)   Pre Evacuate Collection Set: 0.1ms
[2025-08-28T13:11:16.624+0000][1088462][info ][gc,phases   ] GC(154)   Merge Heap Roots: 0.1ms
[2025-08-28T13:11:16.624+0000][1088462][info ][gc,phases   ] GC(154)   Evacuate Collection Set: 2.2ms
[2025-08-28T13:11:16.624+0000][1088462][info ][gc,phases   ] GC(154)   Post Evacuate Collection Set: 0.6ms
[2025-08-28T13:11:16.624+0000][1088462][info ][gc,phases   ] GC(154)   Other: 0.1ms
[2025-08-28T13:11:16.624+0000][1088462][trace][gc,age      ] GC(154) Age table with threshold 15 (max threshold 15)
[2025-08-28T13:11:16.624+0000][1088462][trace][gc,age      ] GC(154) - age   1:     555344 bytes,     555344 total
[2025-08-28T13:11:16.624+0000][1088462][trace][gc,age      ] GC(154) - age   2:        176 bytes,     555520 total
[2025-08-28T13:11:16.624+0000][1088462][trace][gc,age      ] GC(154) - age   3:        240 bytes,     555760 total
[2025-08-28T13:11:16.624+0000][1088462][trace][gc,age      ] GC(154) - age   4:        224 bytes,     555984 total
[2025-08-28T13:11:16.624+0000][1088462][trace][gc,age      ] GC(154) - age   7:      12328 bytes,     568312 total
[2025-08-28T13:11:16.624+0000][1088462][trace][gc,age      ] GC(154) - age   8:       1120 bytes,     569432 total
[2025-08-28T13:11:16.624+0000][1088462][trace][gc,age      ] GC(154) - age   9:        376 bytes,     569808 total
[2025-08-28T13:11:16.624+0000][1088462][trace][gc,age      ] GC(154) - age  12:        536 bytes,     570344 total
[2025-08-28T13:11:16.624+0000][1088462][trace][gc,age      ] GC(154) - age  13:        424 bytes,     570768 total
[2025-08-28T13:11:16.624+0000][1088462][info ][gc,heap     ] GC(154) Eden regions: 75->0(75)
[2025-08-28T13:11:16.624+0000][1088462][info ][gc,heap     ] GC(154) Survivor regions: 1->1(10)
[2025-08-28T13:11:16.624+0000][1088462][info ][gc,heap     ] GC(154) Old regions: 29->29
[2025-08-28T13:11:16.624+0000][1088462][info ][gc,heap     ] GC(154) Humongous regions: 0->0
[2025-08-28T13:11:16.624+0000][1088462][info ][gc,metaspace] GC(154) Metaspace: 140285K(144192K)->140285K(144192K) NonClass: 121253K(123328K)->121253K(123328K) Class: 19032K(20864K)->19032K(20864K)
[2025-08-28T13:11:16.624+0000][1088462][info ][gc          ] GC(154) Pause Young (Normal) (G1 Evacuation Pause) 414M->114M(512M) 3.238ms
[2025-08-28T13:11:16.624+0000][1088462][info ][gc,cpu      ] GC(154) User=0.01s Sys=0.00s Real=0.00s
[2025-08-28T13:11:16.624+0000][1088462][info ][safepoint   ] Safepoint "G1CollectForAllocation", Time since last: 2000634225 ns, Reaching safepoint: 21322 ns, Cleanup: 7201 ns, At safepoint: 3396065 ns, Total: 3424588 ns
[2025-08-28T13:11:18.654+0000][1088462][info ][gc,start    ] GC(155) Pause Young (Normal) (G1 Evacuation Pause)
[2025-08-28T13:11:18.654+0000][1088462][info ][gc,task     ] GC(155) Using 12 workers of 33 for evacuation
[2025-08-28T13:11:18.654+0000][1088462][debug][gc,age      ] GC(155) Desired survivor size 20971520 bytes, new threshold 15 (max threshold 15)
[2025-08-28T13:11:18.657+0000][1088462][info ][gc,phases   ] GC(155)   Pre Evacuate Collection Set: 0.2ms
[2025-08-28T13:11:18.657+0000][1088462][info ][gc,phases   ] GC(155)   Merge Heap Roots: 0.1ms
[2025-08-28T13:11:18.657+0000][1088462][info ][gc,phases   ] GC(155)   Evacuate Collection Set: 2.4ms
[2025-08-28T13:11:18.657+0000][1088462][info ][gc,phases   ] GC(155)   Post Evacuate Collection Set: 0.5ms
[2025-08-28T13:11:18.657+0000][1088462][info ][gc,phases   ] GC(155)   Other: 0.1ms
[2025-08-28T13:11:18.657+0000][1088462][trace][gc,age      ] GC(155) Age table with threshold 15 (max threshold 15)
[2025-08-28T13:11:18.657+0000][1088462][trace][gc,age      ] GC(155) - age   1:     539112 bytes,     539112 total
[2025-08-28T13:11:18.657+0000][1088462][trace][gc,age      ] GC(155) - age   2:        536 bytes,     539648 total
[2025-08-28T13:11:18.657+0000][1088462][trace][gc,age      ] GC(155) - age   3:        176 bytes,     539824 total
[2025-08-28T13:11:18.657+0000][1088462][trace][gc,age      ] GC(155) - age   4:        240 bytes,     540064 total
[2025-08-28T13:11:18.657+0000][1088462][trace][gc,age      ] GC(155) - age   5:        224 bytes,     540288 total
[2025-08-28T13:11:18.657+0000][1088462][trace][gc,age      ] GC(155) - age   8:      12328 bytes,     552616 total
[2025-08-28T13:11:18.657+0000][1088462][trace][gc,age      ] GC(155) - age   9:       1120 bytes,     553736 total
[2025-08-28T13:11:18.657+0000][1088462][trace][gc,age      ] GC(155) - age  10:        376 bytes,     554112 total
[2025-08-28T13:11:18.657+0000][1088462][trace][gc,age      ] GC(155) - age  13:        536 bytes,     554648 total
[2025-08-28T13:11:18.657+0000][1088462][trace][gc,age      ] GC(155) - age  14:        424 bytes,     555072 total
[2025-08-28T13:11:18.657+0000][1088462][info ][gc,heap     ] GC(155) Eden regions: 75->0(75)
[2025-08-28T13:11:18.657+0000][1088462][info ][gc,heap     ] GC(155) Survivor regions: 1->1(10)
[2025-08-28T13:11:18.657+0000][1088462][info ][gc,heap     ] GC(155) Old regions: 29->29
[2025-08-28T13:11:18.657+0000][1088462][info ][gc,heap     ] GC(155) Humongous regions: 0->0
[2025-08-28T13:11:18.657+0000][1088462][info ][gc,metaspace] GC(155) Metaspace: 140285K(144192K)->140285K(144192K) NonClass: 121253K(123328K)->121253K(123328K) Class: 19032K(20864K)->19032K(20864K)
[2025-08-28T13:11:18.657+0000][1088462][info ][gc          ] GC(155) Pause Young (Normal) (G1 Evacuation Pause) 414M->114M(512M) 3.439ms
[2025-08-28T13:11:18.657+0000][1088462][info ][gc,cpu      ] GC(155) User=0.00s Sys=0.00s Real=0.00s
[2025-08-28T13:11:18.657+0000][1088462][info ][safepoint   ] Safepoint "G1CollectForAllocation", Time since last: 2029352919 ns, Reaching safepoint: 21332 ns, Cleanup: 8213 ns, At safepoint: 3601933 ns, Total: 3631478 ns
[2025-08-28T13:11:20.659+0000][1088462][info ][gc,start    ] GC(156) Pause Young (Normal) (G1 Evacuation Pause)
[2025-08-28T13:11:20.659+0000][1088462][info ][gc,task     ] GC(156) Using 12 workers of 33 for evacuation
[2025-08-28T13:11:20.659+0000][1088462][debug][gc,age      ] GC(156) Desired survivor size 20971520 bytes, new threshold 15 (max threshold 15)
[2025-08-28T13:11:20.662+0000][1088462][info ][gc,phases   ] GC(156)   Pre Evacuate Collection Set: 0.2ms
[2025-08-28T13:11:20.662+0000][1088462][info ][gc,phases   ] GC(156)   Merge Heap Roots: 0.1ms
[2025-08-28T13:11:20.662+0000][1088462][info ][gc,phases   ] GC(156)   Evacuate Collection Set: 2.2ms
[2025-08-28T13:11:20.662+0000][1088462][info ][gc,phases   ] GC(156)   Post Evacuate Collection Set: 0.5ms
[2025-08-28T13:11:20.662+0000][1088462][info ][gc,phases   ] GC(156)   Other: 0.1ms
[2025-08-28T13:11:20.662+0000][1088462][trace][gc,age      ] GC(156) Age table with threshold 15 (max threshold 15)
[2025-08-28T13:11:20.662+0000][1088462][trace][gc,age      ] GC(156) - age   1:     554312 bytes,     554312 total
[2025-08-28T13:11:20.662+0000][1088462][trace][gc,age      ] GC(156) - age   5:        240 bytes,     554552 total
[2025-08-28T13:11:20.662+0000][1088462][trace][gc,age      ] GC(156) - age   6:        224 bytes,     554776 total
[2025-08-28T13:11:20.662+0000][1088462][trace][gc,age      ] GC(156) - age   9:      12016 bytes,     566792 total
[2025-08-28T13:11:20.662+0000][1088462][trace][gc,age      ] GC(156) - age  10:       1120 bytes,     567912 total
[2025-08-28T13:11:20.662+0000][1088462][trace][gc,age      ] GC(156) - age  11:        376 bytes,     568288 total
[2025-08-28T13:11:20.662+0000][1088462][trace][gc,age      ] GC(156) - age  14:        536 bytes,     568824 total
[2025-08-28T13:11:20.662+0000][1088462][trace][gc,age      ] GC(156) - age  15:        424 bytes,     569248 total
[2025-08-28T13:11:20.662+0000][1088462][info ][gc,heap     ] GC(156) Eden regions: 75->0(75)
[2025-08-28T13:11:20.662+0000][1088462][info ][gc,heap     ] GC(156) Survivor regions: 1->1(10)
[2025-08-28T13:11:20.662+0000][1088462][info ][gc,heap     ] GC(156) Old regions: 29->29
[2025-08-28T13:11:20.662+0000][1088462][info ][gc,heap     ] GC(156) Humongous regions: 0->0
[2025-08-28T13:11:20.662+0000][1088462][info ][gc,metaspace] GC(156) Metaspace: 140285K(144192K)->140285K(144192K) NonClass: 121253K(123328K)->121253K(123328K) Class: 19032K(20864K)->19032K(20864K)
[2025-08-28T13:11:20.662+0000][1088462][info ][gc          ] GC(156) Pause Young (Normal) (G1 Evacuation Pause) 414M->114M(512M) 3.273ms
[2025-08-28T13:11:20.662+0000][1088462][info ][gc,cpu      ] GC(156) User=0.01s Sys=0.00s Real=0.01s
[2025-08-28T13:11:20.662+0000][1088462][info ][safepoint   ] Safepoint "G1CollectForAllocation", Time since last: 2001275920 ns, Reaching safepoint: 22404 ns, Cleanup: 8162 ns, At safepoint: 3447933 ns, Total: 3478499 ns
[2025-08-28T13:11:23.422+0000][1088462][info ][gc,start    ] GC(157) Pause Young (Normal) (G1 Evacuation Pause)
[2025-08-28T13:11:23.422+0000][1088462][info ][gc,task     ] GC(157) Using 12 workers of 33 for evacuation
[2025-08-28T13:11:23.422+0000][1088462][debug][gc,age      ] GC(157) Desired survivor size 20971520 bytes, new threshold 15 (max threshold 15)
[2025-08-28T13:11:23.426+0000][1088462][info ][gc,phases   ] GC(157)   Pre Evacuate Collection Set: 0.2ms
[2025-08-28T13:11:23.426+0000][1088462][info ][gc,phases   ] GC(157)   Merge Heap Roots: 0.1ms
[2025-08-28T13:11:23.426+0000][1088462][info ][gc,phases   ] GC(157)   Evacuate Collection Set: 2.5ms
[2025-08-28T13:11:23.426+0000][1088462][info ][gc,phases   ] GC(157)   Post Evacuate Collection Set: 0.6ms
[2025-08-28T13:11:23.426+0000][1088462][info ][gc,phases   ] GC(157)   Other: 0.1ms
[2025-08-28T13:11:23.426+0000][1088462][trace][gc,age      ] GC(157) Age table with threshold 15 (max threshold 15)
[2025-08-28T13:11:23.426+0000][1088462][trace][gc,age      ] GC(157) - age   1:     551224 bytes,     551224 total
[2025-08-28T13:11:23.426+0000][1088462][trace][gc,age      ] GC(157) - age   2:        712 bytes,     551936 total
[2025-08-28T13:11:23.426+0000][1088462][trace][gc,age      ] GC(157) - age  10:       1448 bytes,     553384 total
[2025-08-28T13:11:23.426+0000][1088462][trace][gc,age      ] GC(157) - age  11:       1120 bytes,     554504 total
[2025-08-28T13:11:23.426+0000][1088462][trace][gc,age      ] GC(157) - age  12:        376 bytes,     554880 total
[2025-08-28T13:11:23.426+0000][1088462][trace][gc,age      ] GC(157) - age  15:        536 bytes,     555416 total
[2025-08-28T13:11:23.426+0000][1088462][info ][gc,heap     ] GC(157) Eden regions: 75->0(75)
[2025-08-28T13:11:23.426+0000][1088462][info ][gc,heap     ] GC(157) Survivor regions: 1->1(10)
[2025-08-28T13:11:23.426+0000][1088462][info ][gc,heap     ] GC(157) Old regions: 29->29
[2025-08-28T13:11:23.426+0000][1088462][info ][gc,heap     ] GC(157) Humongous regions: 0->0
[2025-08-28T13:11:23.426+0000][1088462][info ][gc,metaspace] GC(157) Metaspace: 140286K(144192K)->140286K(144192K) NonClass: 121254K(123328K)->121254K(123328K) Class: 19032K(20864K)->19032K(20864K)
[2025-08-28T13:11:23.426+0000][1088462][info ][gc          ] GC(157) Pause Young (Normal) (G1 Evacuation Pause) 414M->114M(512M) 3.641ms
[2025-08-28T13:11:23.426+0000][1088462][info ][gc,cpu      ] GC(157) User=0.01s Sys=0.00s Real=0.00s
[2025-08-28T13:11:23.426+0000][1088462][info ][safepoint   ] Safepoint "G1CollectForAllocation", Time since last: 2760076377 ns, Reaching safepoint: 20340 ns, Cleanup: 7301 ns, At safepoint: 3806271 ns, Total: 3833912 ns
[2025-08-28T13:11:25.458+0000][1088462][info ][gc,start    ] GC(158) Pause Young (Normal) (G1 Evacuation Pause)
[2025-08-28T13:11:25.458+0000][1088462][info ][gc,task     ] GC(158) Using 12 workers of 33 for evacuation
[2025-08-28T13:11:25.458+0000][1088462][debug][gc,age      ] GC(158) Desired survivor size 20971520 bytes, new threshold 15 (max threshold 15)
[2025-08-28T13:11:25.461+0000][1088462][info ][gc,phases   ] GC(158)   Pre Evacuate Collection Set: 0.2ms
[2025-08-28T13:11:25.461+0000][1088462][info ][gc,phases   ] GC(158)   Merge Heap Roots: 0.1ms
[2025-08-28T13:11:25.461+0000][1088462][info ][gc,phases   ] GC(158)   Evacuate Collection Set: 1.8ms
[2025-08-28T13:11:25.461+0000][1088462][info ][gc,phases   ] GC(158)   Post Evacuate Collection Set: 0.6ms
[2025-08-28T13:11:25.461+0000][1088462][info ][gc,phases   ] GC(158)   Other: 0.1ms
[2025-08-28T13:11:25.461+0000][1088462][trace][gc,age      ] GC(158) Age table with threshold 15 (max threshold 15)
[2025-08-28T13:11:25.461+0000][1088462][trace][gc,age      ] GC(158) - age   1:     539688 bytes,     539688 total
[2025-08-28T13:11:25.461+0000][1088462][trace][gc,age      ] GC(158) - age   2:      12112 bytes,     551800 total
[2025-08-28T13:11:25.461+0000][1088462][trace][gc,age      ] GC(158) - age  11:       1448 bytes,     553248 total
[2025-08-28T13:11:25.461+0000][1088462][trace][gc,age      ] GC(158) - age  12:       1120 bytes,     554368 total
[2025-08-28T13:11:25.461+0000][1088462][trace][gc,age      ] GC(158) - age  13:        376 bytes,     554744 total
[2025-08-28T13:11:25.461+0000][1088462][info ][gc,heap     ] GC(158) Eden regions: 75->0(75)
[2025-08-28T13:11:25.461+0000][1088462][info ][gc,heap     ] GC(158) Survivor regions: 1->1(10)
[2025-08-28T13:11:25.461+0000][1088462][info ][gc,heap     ] GC(158) Old regions: 29->29
[2025-08-28T13:11:25.461+0000][1088462][info ][gc,heap     ] GC(158) Humongous regions: 0->0
[2025-08-28T13:11:25.461+0000][1088462][info ][gc,metaspace] GC(158) Metaspace: 140286K(144192K)->140286K(144192K) NonClass: 121254K(123328K)->121254K(123328K) Class: 19032K(20864K)->19032K(20864K)
[2025-08-28T13:11:25.461+0000][1088462][info ][gc          ] GC(158) Pause Young (Normal) (G1 Evacuation Pause) 414M->114M(512M) 2.869ms
[2025-08-28T13:11:25.461+0000][1088462][info ][gc,cpu      ] GC(158) User=0.01s Sys=0.00s Real=0.01s
[2025-08-28T13:11:25.461+0000][1088462][info ][safepoint   ] Safepoint "G1CollectForAllocation", Time since last: 2032003593 ns, Reaching safepoint: 21603 ns, Cleanup: 7782 ns, At safepoint: 3070875 ns, Total: 3100260 ns
[2025-08-28T13:11:27.470+0000][1088462][info ][gc,start    ] GC(159) Pause Young (Normal) (G1 Evacuation Pause)
[2025-08-28T13:11:27.470+0000][1088462][info ][gc,task     ] GC(159) Using 12 workers of 33 for evacuation
[2025-08-28T13:11:27.470+0000][1088462][debug][gc,age      ] GC(159) Desired survivor size 20971520 bytes, new threshold 15 (max threshold 15)
[2025-08-28T13:11:27.474+0000][1088462][info ][gc,phases   ] GC(159)   Pre Evacuate Collection Set: 0.1ms
[2025-08-28T13:11:27.474+0000][1088462][info ][gc,phases   ] GC(159)   Merge Heap Roots: 0.0ms
[2025-08-28T13:11:27.474+0000][1088462][info ][gc,phases   ] GC(159)   Evacuate Collection Set: 2.3ms
[2025-08-28T13:11:27.474+0000][1088462][info ][gc,phases   ] GC(159)   Post Evacuate Collection Set: 0.6ms
[2025-08-28T13:11:27.474+0000][1088462][info ][gc,phases   ] GC(159)   Other: 0.1ms
[2025-08-28T13:11:27.474+0000][1088462][trace][gc,age      ] GC(159) Age table with threshold 15 (max threshold 15)
[2025-08-28T13:11:27.474+0000][1088462][trace][gc,age      ] GC(159) - age   1:     539256 bytes,     539256 total
[2025-08-28T13:11:27.474+0000][1088462][trace][gc,age      ] GC(159) - age   2:        712 bytes,     539968 total
[2025-08-28T13:11:27.474+0000][1088462][trace][gc,age      ] GC(159) - age   3:      12112 bytes,     552080 total
[2025-08-28T13:11:27.474+0000][1088462][trace][gc,age      ] GC(159) - age  12:       1448 bytes,     553528 total
[2025-08-28T13:11:27.474+0000][1088462][trace][gc,age      ] GC(159) - age  13:       1120 bytes,     554648 total
[2025-08-28T13:11:27.474+0000][1088462][trace][gc,age      ] GC(159) - age  14:        376 bytes,     555024 total
[2025-08-28T13:11:27.474+0000][1088462][info ][gc,heap     ] GC(159) Eden regions: 75->0(75)
[2025-08-28T13:11:27.474+0000][1088462][info ][gc,heap     ] GC(159) Survivor regions: 1->1(10)
[2025-08-28T13:11:27.474+0000][1088462][info ][gc,heap     ] GC(159) Old regions: 29->29
[2025-08-28T13:11:27.474+0000][1088462][info ][gc,heap     ] GC(159) Humongous regions: 0->0
[2025-08-28T13:11:27.474+0000][1088462][info ][gc,metaspace] GC(159) Metaspace: 140286K(144192K)->140286K(144192K) NonClass: 121254K(123328K)->121254K(123328K) Class: 19032K(20864K)->19032K(20864K)
[2025-08-28T13:11:27.474+0000][1088462][info ][gc          ] GC(159) Pause Young (Normal) (G1 Evacuation Pause) 414M->114M(512M) 3.257ms
[2025-08-28T13:11:27.474+0000][1088462][info ][gc,cpu      ] GC(159) User=0.00s Sys=0.01s Real=0.01s
[2025-08-28T13:11:27.474+0000][1088462][info ][safepoint   ] Safepoint "G1CollectForAllocation", Time since last: 2009123395 ns, Reaching safepoint: 20831 ns, Cleanup: 6330 ns, At safepoint: 3398858 ns, Total: 3426019 ns
[2025-08-28T13:11:29.496+0000][1088462][info ][gc,start    ] GC(160) Pause Young (Normal) (G1 Evacuation Pause)
[2025-08-28T13:11:29.496+0000][1088462][info ][gc,task     ] GC(160) Using 12 workers of 33 for evacuation
[2025-08-28T13:11:29.496+0000][1088462][debug][gc,age      ] GC(160) Desired survivor size 20971520 bytes, new threshold 15 (max threshold 15)
[2025-08-28T13:11:29.499+0000][1088462][info ][gc,phases   ] GC(160)   Pre Evacuate Collection Set: 0.1ms
[2025-08-28T13:11:29.499+0000][1088462][info ][gc,phases   ] GC(160)   Merge Heap Roots: 0.1ms
[2025-08-28T13:11:29.499+0000][1088462][info ][gc,phases   ] GC(160)   Evacuate Collection Set: 2.1ms
[2025-08-28T13:11:29.499+0000][1088462][info ][gc,phases   ] GC(160)   Post Evacuate Collection Set: 0.6ms
[2025-08-28T13:11:29.499+0000][1088462][info ][gc,phases   ] GC(160)   Other: 0.1ms
[2025-08-28T13:11:29.499+0000][1088462][trace][gc,age      ] GC(160) Age table with threshold 15 (max threshold 15)
[2025-08-28T13:11:29.499+0000][1088462][trace][gc,age      ] GC(160) - age   1:     539464 bytes,     539464 total
[2025-08-28T13:11:29.499+0000][1088462][trace][gc,age      ] GC(160) - age   2:        280 bytes,     539744 total
[2025-08-28T13:11:29.499+0000][1088462][trace][gc,age      ] GC(160) - age   3:        536 bytes,     540280 total
[2025-08-28T13:11:29.499+0000][1088462][trace][gc,age      ] GC(160) - age   4:      12112 bytes,     552392 total
[2025-08-28T13:11:29.499+0000][1088462][trace][gc,age      ] GC(160) - age  13:       1448 bytes,     553840 total
[2025-08-28T13:11:29.499+0000][1088462][trace][gc,age      ] GC(160) - age  14:       1120 bytes,     554960 total
[2025-08-28T13:11:29.499+0000][1088462][trace][gc,age      ] GC(160) - age  15:        200 bytes,     555160 total
[2025-08-28T13:11:29.499+0000][1088462][info ][gc,heap     ] GC(160) Eden regions: 75->0(75)
[2025-08-28T13:11:29.499+0000][1088462][info ][gc,heap     ] GC(160) Survivor regions: 1->1(10)
[2025-08-28T13:11:29.499+0000][1088462][info ][gc,heap     ] GC(160) Old regions: 29->29
[2025-08-28T13:11:29.499+0000][1088462][info ][gc,heap     ] GC(160) Humongous regions: 0->0
[2025-08-28T13:11:29.499+0000][1088462][info ][gc,metaspace] GC(160) Metaspace: 140286K(144192K)->140286K(144192K) NonClass: 121254K(123328K)->121254K(123328K) Class: 19032K(20864K)->19032K(20864K)
[2025-08-28T13:11:29.499+0000][1088462][info ][gc          ] GC(160) Pause Young (Normal) (G1 Evacuation Pause) 414M->114M(512M) 3.126ms
[2025-08-28T13:11:29.499+0000][1088462][info ][gc,cpu      ] GC(160) User=0.01s Sys=0.00s Real=0.00s
[2025-08-28T13:11:29.499+0000][1088462][info ][safepoint   ] Safepoint "G1CollectForAllocation", Time since last: 2021822902 ns, Reaching safepoint: 20161 ns, Cleanup: 9604 ns, At safepoint: 3322444 ns, Total: 3352209 ns
[2025-08-28T13:11:31.499+0000][1088462][info ][safepoint   ] Safepoint "Cleanup", Time since last: 2000182196 ns, Reaching safepoint: 23035 ns, Cleanup: 18738 ns, At safepoint: 4166 ns, Total: 45939 ns
[2025-08-28T13:11:31.521+0000][1088462][info ][gc,start    ] GC(161) Pause Young (Normal) (G1 Evacuation Pause)
[2025-08-28T13:11:31.521+0000][1088462][info ][gc,task     ] GC(161) Using 12 workers of 33 for evacuation
[2025-08-28T13:11:31.521+0000][1088462][debug][gc,age      ] GC(161) Desired survivor size 20971520 bytes, new threshold 15 (max threshold 15)
[2025-08-28T13:11:31.524+0000][1088462][info ][gc,phases   ] GC(161)   Pre Evacuate Collection Set: 0.2ms
[2025-08-28T13:11:31.524+0000][1088462][info ][gc,phases   ] GC(161)   Merge Heap Roots: 0.1ms
[2025-08-28T13:11:31.524+0000][1088462][info ][gc,phases   ] GC(161)   Evacuate Collection Set: 2.6ms
[2025-08-28T13:11:31.524+0000][1088462][info ][gc,phases   ] GC(161)   Post Evacuate Collection Set: 0.6ms
[2025-08-28T13:11:31.524+0000][1088462][info ][gc,phases   ] GC(161)   Other: 0.1ms
[2025-08-28T13:11:31.524+0000][1088462][trace][gc,age      ] GC(161) Age table with threshold 15 (max threshold 15)
[2025-08-28T13:11:31.524+0000][1088462][trace][gc,age      ] GC(161) - age   1:     539888 bytes,     539888 total
[2025-08-28T13:11:31.524+0000][1088462][trace][gc,age      ] GC(161) - age   2:        352 bytes,     540240 total
[2025-08-28T13:11:31.524+0000][1088462][trace][gc,age      ] GC(161) - age   3:        280 bytes,     540520 total
[2025-08-28T13:11:31.524+0000][1088462][trace][gc,age      ] GC(161) - age   5:      11712 bytes,     552232 total
[2025-08-28T13:11:31.524+0000][1088462][trace][gc,age      ] GC(161) - age  14:       1448 bytes,     553680 total
[2025-08-28T13:11:31.524+0000][1088462][trace][gc,age      ] GC(161) - age  15:       1120 bytes,     554800 total
[2025-08-28T13:11:31.524+0000][1088462][info ][gc,heap     ] GC(161) Eden regions: 75->0(75)
[2025-08-28T13:11:31.524+0000][1088462][info ][gc,heap     ] GC(161) Survivor regions: 1->1(10)
[2025-08-28T13:11:31.524+0000][1088462][info ][gc,heap     ] GC(161) Old regions: 29->29
[2025-08-28T13:11:31.524+0000][1088462][info ][gc,heap     ] GC(161) Humongous regions: 0->0
[2025-08-28T13:11:31.524+0000][1088462][info ][gc,metaspace] GC(161) Metaspace: 140287K(144192K)->140287K(144192K) NonClass: 121254K(123328K)->121254K(123328K) Class: 19032K(20864K)->19032K(20864K)
[2025-08-28T13:11:31.524+0000][1088462][info ][gc          ] GC(161) Pause Young (Normal) (G1 Evacuation Pause) 414M->114M(512M) 3.723ms
[2025-08-28T13:11:31.525+0000][1088462][info ][gc,cpu      ] GC(161) User=0.01s Sys=0.00s Real=0.00s
[2025-08-28T13:11:31.525+0000][1088462][info ][safepoint   ] Safepoint "G1CollectForAllocation", Time since last: 21453294 ns, Reaching safepoint: 22134 ns, Cleanup: 7651 ns, At safepoint: 3928554 ns, Total: 3958339 ns
[2025-08-28T13:11:33.542+0000][1088462][info ][gc,start    ] GC(162) Pause Young (Normal) (G1 Evacuation Pause)
[2025-08-28T13:11:33.542+0000][1088462][info ][gc,task     ] GC(162) Using 12 workers of 33 for evacuation
[2025-08-28T13:11:33.542+0000][1088462][debug][gc,age      ] GC(162) Desired survivor size 20971520 bytes, new threshold 15 (max threshold 15)
[2025-08-28T13:11:33.545+0000][1088462][info ][gc,phases   ] GC(162)   Pre Evacuate Collection Set: 0.1ms
[2025-08-28T13:11:33.545+0000][1088462][info ][gc,phases   ] GC(162)   Merge Heap Roots: 0.1ms
[2025-08-28T13:11:33.545+0000][1088462][info ][gc,phases   ] GC(162)   Evacuate Collection Set: 2.1ms
[2025-08-28T13:11:33.545+0000][1088462][info ][gc,phases   ] GC(162)   Post Evacuate Collection Set: 0.6ms
[2025-08-28T13:11:33.545+0000][1088462][info ][gc,phases   ] GC(162)   Other: 0.1ms
[2025-08-28T13:11:33.545+0000][1088462][trace][gc,age      ] GC(162) Age table with threshold 15 (max threshold 15)
[2025-08-28T13:11:33.545+0000][1088462][trace][gc,age      ] GC(162) - age   1:     558088 bytes,     558088 total
[2025-08-28T13:11:33.545+0000][1088462][trace][gc,age      ] GC(162) - age   2:        776 bytes,     558864 total
[2025-08-28T13:11:33.545+0000][1088462][trace][gc,age      ] GC(162) - age   3:        352 bytes,     559216 total
[2025-08-28T13:11:33.545+0000][1088462][trace][gc,age      ] GC(162) - age   4:        280 bytes,     559496 total
[2025-08-28T13:11:33.545+0000][1088462][trace][gc,age      ] GC(162) - age   6:      11232 bytes,     570728 total
[2025-08-28T13:11:33.545+0000][1088462][trace][gc,age      ] GC(162) - age  15:        160 bytes,     570888 total
[2025-08-28T13:11:33.545+0000][1088462][info ][gc,heap     ] GC(162) Eden regions: 75->0(75)
[2025-08-28T13:11:33.545+0000][1088462][info ][gc,heap     ] GC(162) Survivor regions: 1->1(10)
[2025-08-28T13:11:33.545+0000][1088462][info ][gc,heap     ] GC(162) Old regions: 29->29
[2025-08-28T13:11:33.545+0000][1088462][info ][gc,heap     ] GC(162) Humongous regions: 0->0
[2025-08-28T13:11:33.545+0000][1088462][info ][gc,metaspace] GC(162) Metaspace: 140287K(144192K)->140287K(144192K) NonClass: 121255K(123328K)->121255K(123328K) Class: 19032K(20864K)->19032K(20864K)
[2025-08-28T13:11:33.545+0000][1088462][info ][gc          ] GC(162) Pause Young (Normal) (G1 Evacuation Pause) 414M->114M(512M) 3.150ms
[2025-08-28T13:11:33.545+0000][1088462][info ][gc,cpu      ] GC(162) User=0.00s Sys=0.00s Real=0.00s
[2025-08-28T13:11:33.545+0000][1088462][info ][safepoint   ] Safepoint "G1CollectForAllocation", Time since last: 2017056299 ns, Reaching safepoint: 21963 ns, Cleanup: 7461 ns, At safepoint: 3349424 ns, Total: 3378848 ns
[2025-08-28T13:11:35.558+0000][1088462][info ][gc,start    ] GC(163) Pause Young (Normal) (G1 Evacuation Pause)
[2025-08-28T13:11:35.558+0000][1088462][info ][gc,task     ] GC(163) Using 12 workers of 33 for evacuation
[2025-08-28T13:11:35.558+0000][1088462][debug][gc,age      ] GC(163) Desired survivor size 20971520 bytes, new threshold 15 (max threshold 15)
[2025-08-28T13:11:35.561+0000][1088462][info ][gc,phases   ] GC(163)   Pre Evacuate Collection Set: 0.2ms
[2025-08-28T13:11:35.561+0000][1088462][info ][gc,phases   ] GC(163)   Merge Heap Roots: 0.1ms
[2025-08-28T13:11:35.561+0000][1088462][info ][gc,phases   ] GC(163)   Evacuate Collection Set: 2.2ms
[2025-08-28T13:11:35.561+0000][1088462][info ][gc,phases   ] GC(163)   Post Evacuate Collection Set: 0.5ms
[2025-08-28T13:11:35.561+0000][1088462][info ][gc,phases   ] GC(163)   Other: 0.1ms
[2025-08-28T13:11:35.561+0000][1088462][trace][gc,age      ] GC(163) Age table with threshold 15 (max threshold 15)
[2025-08-28T13:11:35.561+0000][1088462][trace][gc,age      ] GC(163) - age   1:     539824 bytes,     539824 total
[2025-08-28T13:11:35.561+0000][1088462][trace][gc,age      ] GC(163) - age   2:       1856 bytes,     541680 total
[2025-08-28T13:11:35.561+0000][1088462][trace][gc,age      ] GC(163) - age   3:        240 bytes,     541920 total
[2025-08-28T13:11:35.561+0000][1088462][trace][gc,age      ] GC(163) - age   4:        176 bytes,     542096 total
[2025-08-28T13:11:35.561+0000][1088462][trace][gc,age      ] GC(163) - age   5:        280 bytes,     542376 total
[2025-08-28T13:11:35.561+0000][1088462][trace][gc,age      ] GC(163) - age   7:      11232 bytes,     553608 total
[2025-08-28T13:11:35.561+0000][1088462][info ][gc,heap     ] GC(163) Eden regions: 75->0(75)
[2025-08-28T13:11:35.561+0000][1088462][info ][gc,heap     ] GC(163) Survivor regions: 1->1(10)
[2025-08-28T13:11:35.561+0000][1088462][info ][gc,heap     ] GC(163) Old regions: 29->29
[2025-08-28T13:11:35.561+0000][1088462][info ][gc,heap     ] GC(163) Humongous regions: 0->0
[2025-08-28T13:11:35.561+0000][1088462][info ][gc,metaspace] GC(163) Metaspace: 140287K(144192K)->140287K(144192K) NonClass: 121255K(123328K)->121255K(123328K) Class: 19032K(20864K)->19032K(20864K)
[2025-08-28T13:11:35.561+0000][1088462][info ][gc          ] GC(163) Pause Young (Normal) (G1 Evacuation Pause) 414M->114M(512M) 3.263ms
[2025-08-28T13:11:35.562+0000][1088462][info ][gc,cpu      ] GC(163) User=0.01s Sys=0.00s Real=0.01s
[2025-08-28T13:11:35.562+0000][1088462][info ][safepoint   ] Safepoint "G1CollectForAllocation", Time since last: 2013076827 ns, Reaching safepoint: 22043 ns, Cleanup: 8152 ns, At safepoint: 3469314 ns, Total: 3499509 ns
[2025-08-28T13:11:36.562+0000][1088462][info ][safepoint   ] Safepoint "Cleanup", Time since last: 1000057483 ns, Reaching safepoint: 22734 ns, Cleanup: 19159 ns, At safepoint: 4186 ns, Total: 46079 ns
[2025-08-28T13:11:37.583+0000][1088462][info ][gc,start    ] GC(164) Pause Young (Normal) (G1 Evacuation Pause)
[2025-08-28T13:11:37.583+0000][1088462][info ][gc,task     ] GC(164) Using 12 workers of 33 for evacuation
[2025-08-28T13:11:37.583+0000][1088462][debug][gc,age      ] GC(164) Desired survivor size 20971520 bytes, new threshold 15 (max threshold 15)
[2025-08-28T13:11:37.586+0000][1088462][info ][gc,phases   ] GC(164)   Pre Evacuate Collection Set: 0.1ms
[2025-08-28T13:11:37.586+0000][1088462][info ][gc,phases   ] GC(164)   Merge Heap Roots: 0.0ms
[2025-08-28T13:11:37.586+0000][1088462][info ][gc,phases   ] GC(164)   Evacuate Collection Set: 2.3ms
[2025-08-28T13:11:37.586+0000][1088462][info ][gc,phases   ] GC(164)   Post Evacuate Collection Set: 0.5ms
[2025-08-28T13:11:37.586+0000][1088462][info ][gc,phases   ] GC(164)   Other: 0.1ms
[2025-08-28T13:11:37.586+0000][1088462][trace][gc,age      ] GC(164) Age table with threshold 15 (max threshold 15)
[2025-08-28T13:11:37.586+0000][1088462][trace][gc,age      ] GC(164) - age   1:     539200 bytes,     539200 total
[2025-08-28T13:11:37.586+0000][1088462][trace][gc,age      ] GC(164) - age   2:        712 bytes,     539912 total
[2025-08-28T13:11:37.586+0000][1088462][trace][gc,age      ] GC(164) - age   3:       1856 bytes,     541768 total
[2025-08-28T13:11:37.586+0000][1088462][trace][gc,age      ] GC(164) - age   4:        240 bytes,     542008 total
[2025-08-28T13:11:37.586+0000][1088462][trace][gc,age      ] GC(164) - age   5:        176 bytes,     542184 total
[2025-08-28T13:11:37.586+0000][1088462][trace][gc,age      ] GC(164) - age   6:        280 bytes,     542464 total
[2025-08-28T13:11:37.586+0000][1088462][trace][gc,age      ] GC(164) - age   8:      11008 bytes,     553472 total
[2025-08-28T13:11:37.586+0000][1088462][info ][gc,heap     ] GC(164) Eden regions: 75->0(75)
[2025-08-28T13:11:37.586+0000][1088462][info ][gc,heap     ] GC(164) Survivor regions: 1->1(10)
[2025-08-28T13:11:37.586+0000][1088462][info ][gc,heap     ] GC(164) Old regions: 29->29
[2025-08-28T13:11:37.586+0000][1088462][info ][gc,heap     ] GC(164) Humongous regions: 0->0
[2025-08-28T13:11:37.586+0000][1088462][info ][gc,metaspace] GC(164) Metaspace: 140287K(144192K)->140287K(144192K) NonClass: 121255K(123328K)->121255K(123328K) Class: 19032K(20864K)->19032K(20864K)
[2025-08-28T13:11:37.586+0000][1088462][info ][gc          ] GC(164) Pause Young (Normal) (G1 Evacuation Pause) 414M->114M(512M) 3.192ms
[2025-08-28T13:11:37.586+0000][1088462][info ][gc,cpu      ] GC(164) User=0.01s Sys=0.00s Real=0.00s
[2025-08-28T13:11:37.586+0000][1088462][info ][safepoint   ] Safepoint "G1CollectForAllocation", Time since last: 1021015993 ns, Reaching safepoint: 21883 ns, Cleanup: 7772 ns, At safepoint: 3343205 ns, Total: 3372860 ns
[2025-08-28T13:11:39.608+0000][1088462][info ][gc,start    ] GC(165) Pause Young (Normal) (G1 Evacuation Pause)
[2025-08-28T13:11:39.608+0000][1088462][info ][gc,task     ] GC(165) Using 12 workers of 33 for evacuation
[2025-08-28T13:11:39.608+0000][1088462][debug][gc,age      ] GC(165) Desired survivor size 20971520 bytes, new threshold 15 (max threshold 15)
[2025-08-28T13:11:39.612+0000][1088462][info ][gc,phases   ] GC(165)   Pre Evacuate Collection Set: 0.1ms
[2025-08-28T13:11:39.612+0000][1088462][info ][gc,phases   ] GC(165)   Merge Heap Roots: 0.0ms
[2025-08-28T13:11:39.612+0000][1088462][info ][gc,phases   ] GC(165)   Evacuate Collection Set: 2.5ms
[2025-08-28T13:11:39.612+0000][1088462][info ][gc,phases   ] GC(165)   Post Evacuate Collection Set: 0.5ms
[2025-08-28T13:11:39.612+0000][1088462][info ][gc,phases   ] GC(165)   Other: 0.1ms
[2025-08-28T13:11:39.612+0000][1088462][trace][gc,age      ] GC(165) Age table with threshold 15 (max threshold 15)
[2025-08-28T13:11:39.612+0000][1088462][trace][gc,age      ] GC(165) - age   1:     539272 bytes,     539272 total
[2025-08-28T13:11:39.612+0000][1088462][trace][gc,age      ] GC(165) - age   2:        224 bytes,     539496 total
[2025-08-28T13:11:39.612+0000][1088462][trace][gc,age      ] GC(165) - age   3:        536 bytes,     540032 total
[2025-08-28T13:11:39.612+0000][1088462][trace][gc,age      ] GC(165) - age   4:       1856 bytes,     541888 total
[2025-08-28T13:11:39.612+0000][1088462][trace][gc,age      ] GC(165) - age   5:        240 bytes,     542128 total
[2025-08-28T13:11:39.612+0000][1088462][trace][gc,age      ] GC(165) - age   6:        176 bytes,     542304 total
[2025-08-28T13:11:39.612+0000][1088462][trace][gc,age      ] GC(165) - age   7:        280 bytes,     542584 total
[2025-08-28T13:11:39.612+0000][1088462][trace][gc,age      ] GC(165) - age   9:      11008 bytes,     553592 total
[2025-08-28T13:11:39.612+0000][1088462][info ][gc,heap     ] GC(165) Eden regions: 75->0(75)
[2025-08-28T13:11:39.612+0000][1088462][info ][gc,heap     ] GC(165) Survivor regions: 1->1(10)
[2025-08-28T13:11:39.612+0000][1088462][info ][gc,heap     ] GC(165) Old regions: 29->29
[2025-08-28T13:11:39.612+0000][1088462][info ][gc,heap     ] GC(165) Humongous regions: 0->0
[2025-08-28T13:11:39.612+0000][1088462][info ][gc,metaspace] GC(165) Metaspace: 140287K(144192K)->140287K(144192K) NonClass: 121255K(123328K)->121255K(123328K) Class: 19032K(20864K)->19032K(20864K)
[2025-08-28T13:11:39.612+0000][1088462][info ][gc          ] GC(165) Pause Young (Normal) (G1 Evacuation Pause) 414M->114M(512M) 3.489ms
[2025-08-28T13:11:39.612+0000][1088462][info ][gc,cpu      ] GC(165) User=0.00s Sys=0.01s Real=0.01s
[2025-08-28T13:11:39.612+0000][1088462][info ][safepoint   ] Safepoint "G1CollectForAllocation", Time since last: 2022022011 ns, Reaching safepoint: 23656 ns, Cleanup: 7351 ns, At safepoint: 3686431 ns, Total: 3717438 ns
[2025-08-28T13:11:42.393+0000][1088462][info ][gc,start    ] GC(166) Pause Young (Normal) (G1 Evacuation Pause)
[2025-08-28T13:11:42.393+0000][1088462][info ][gc,task     ] GC(166) Using 12 workers of 33 for evacuation
[2025-08-28T13:11:42.393+0000][1088462][debug][gc,age      ] GC(166) Desired survivor size 20971520 bytes, new threshold 15 (max threshold 15)
[2025-08-28T13:11:42.395+0000][1088462][info ][gc,phases   ] GC(166)   Pre Evacuate Collection Set: 0.1ms
[2025-08-28T13:11:42.395+0000][1088462][info ][gc,phases   ] GC(166)   Merge Heap Roots: 0.0ms
[2025-08-28T13:11:42.395+0000][1088462][info ][gc,phases   ] GC(166)   Evacuate Collection Set: 1.3ms
[2025-08-28T13:11:42.395+0000][1088462][info ][gc,phases   ] GC(166)   Post Evacuate Collection Set: 0.5ms
[2025-08-28T13:11:42.395+0000][1088462][info ][gc,phases   ] GC(166)   Other: 0.1ms
[2025-08-28T13:11:42.395+0000][1088462][trace][gc,age      ] GC(166) Age table with threshold 15 (max threshold 15)
[2025-08-28T13:11:42.395+0000][1088462][trace][gc,age      ] GC(166) - age   1:     565072 bytes,     565072 total
[2025-08-28T13:11:42.395+0000][1088462][trace][gc,age      ] GC(166) - age   2:        208 bytes,     565280 total
[2025-08-28T13:11:42.395+0000][1088462][trace][gc,age      ] GC(166) - age   3:        224 bytes,     565504 total
[2025-08-28T13:11:42.395+0000][1088462][trace][gc,age      ] GC(166) - age   5:       1856 bytes,     567360 total
[2025-08-28T13:11:42.395+0000][1088462][trace][gc,age      ] GC(166) - age   7:        176 bytes,     567536 total
[2025-08-28T13:11:42.395+0000][1088462][trace][gc,age      ] GC(166) - age   8:        280 bytes,     567816 total
[2025-08-28T13:11:42.395+0000][1088462][trace][gc,age      ] GC(166) - age  10:       1008 bytes,     568824 total
[2025-08-28T13:11:42.395+0000][1088462][info ][gc,heap     ] GC(166) Eden regions: 75->0(75)
[2025-08-28T13:11:42.395+0000][1088462][info ][gc,heap     ] GC(166) Survivor regions: 1->1(10)
[2025-08-28T13:11:42.395+0000][1088462][info ][gc,heap     ] GC(166) Old regions: 29->29
[2025-08-28T13:11:42.395+0000][1088462][info ][gc,heap     ] GC(166) Humongous regions: 0->0
[2025-08-28T13:11:42.395+0000][1088462][info ][gc,metaspace] GC(166) Metaspace: 140287K(144192K)->140287K(144192K) NonClass: 121255K(123328K)->121255K(123328K) Class: 19032K(20864K)->19032K(20864K)
[2025-08-28T13:11:42.395+0000][1088462][info ][gc          ] GC(166) Pause Young (Normal) (G1 Evacuation Pause) 414M->114M(512M) 2.268ms
[2025-08-28T13:11:42.395+0000][1088462][info ][gc,cpu      ] GC(166) User=0.01s Sys=0.00s Real=0.00s
[2025-08-28T13:11:42.395+0000][1088462][info ][safepoint   ] Safepoint "G1CollectForAllocation", Time since last: 2780899403 ns, Reaching safepoint: 60311 ns, Cleanup: 16034 ns, At safepoint: 2446307 ns, Total: 2522652 ns
[2025-08-28T13:11:43.395+0000][1088462][info ][safepoint   ] Safepoint "Cleanup", Time since last: 1000092385 ns, Reaching safepoint: 21652 ns, Cleanup: 18418 ns, At safepoint: 9094 ns, Total: 49164 ns
[2025-08-28T13:11:44.418+0000][1088462][info ][gc,start    ] GC(167) Pause Young (Normal) (G1 Evacuation Pause)
[2025-08-28T13:11:44.418+0000][1088462][info ][gc,task     ] GC(167) Using 12 workers of 33 for evacuation
[2025-08-28T13:11:44.418+0000][1088462][debug][gc,age      ] GC(167) Desired survivor size 20971520 bytes, new threshold 15 (max threshold 15)
[2025-08-28T13:11:44.420+0000][1088462][info ][gc,phases   ] GC(167)   Pre Evacuate Collection Set: 0.2ms
[2025-08-28T13:11:44.420+0000][1088462][info ][gc,phases   ] GC(167)   Merge Heap Roots: 0.0ms
[2025-08-28T13:11:44.420+0000][1088462][info ][gc,phases   ] GC(167)   Evacuate Collection Set: 1.5ms
[2025-08-28T13:11:44.420+0000][1088462][info ][gc,phases   ] GC(167)   Post Evacuate Collection Set: 0.5ms
[2025-08-28T13:11:44.420+0000][1088462][info ][gc,phases   ] GC(167)   Other: 0.1ms
[2025-08-28T13:11:44.420+0000][1088462][trace][gc,age      ] GC(167) Age table with threshold 15 (max threshold 15)
[2025-08-28T13:11:44.420+0000][1088462][trace][gc,age      ] GC(167) - age   1:     554120 bytes,     554120 total
[2025-08-28T13:11:44.420+0000][1088462][trace][gc,age      ] GC(167) - age   2:      11408 bytes,     565528 total
[2025-08-28T13:11:44.420+0000][1088462][trace][gc,age      ] GC(167) - age   3:         32 bytes,     565560 total
[2025-08-28T13:11:44.420+0000][1088462][trace][gc,age      ] GC(167) - age   4:        224 bytes,     565784 total
[2025-08-28T13:11:44.420+0000][1088462][trace][gc,age      ] GC(167) - age   6:       1856 bytes,     567640 total
[2025-08-28T13:11:44.420+0000][1088462][trace][gc,age      ] GC(167) - age   8:        176 bytes,     567816 total
[2025-08-28T13:11:44.420+0000][1088462][trace][gc,age      ] GC(167) - age   9:        280 bytes,     568096 total
[2025-08-28T13:11:44.420+0000][1088462][trace][gc,age      ] GC(167) - age  11:       1008 bytes,     569104 total
[2025-08-28T13:11:44.420+0000][1088462][info ][gc,heap     ] GC(167) Eden regions: 75->0(75)
[2025-08-28T13:11:44.420+0000][1088462][info ][gc,heap     ] GC(167) Survivor regions: 1->1(10)
[2025-08-28T13:11:44.420+0000][1088462][info ][gc,heap     ] GC(167) Old regions: 29->29
[2025-08-28T13:11:44.420+0000][1088462][info ][gc,heap     ] GC(167) Humongous regions: 0->0
[2025-08-28T13:11:44.420+0000][1088462][info ][gc,metaspace] GC(167) Metaspace: 140287K(144192K)->140287K(144192K) NonClass: 121255K(123328K)->121255K(123328K) Class: 19032K(20864K)->19032K(20864K)
[2025-08-28T13:11:44.420+0000][1088462][info ][gc          ] GC(167) Pause Young (Normal) (G1 Evacuation Pause) 414M->114M(512M) 2.496ms
[2025-08-28T13:11:44.420+0000][1088462][info ][gc,cpu      ] GC(167) User=0.01s Sys=0.01s Real=0.00s
[2025-08-28T13:11:44.420+0000][1088462][info ][safepoint   ] Safepoint "G1CollectForAllocation", Time since last: 1022395646 ns, Reaching safepoint: 22234 ns, Cleanup: 7371 ns, At safepoint: 2688420 ns, Total: 2718025 ns
[2025-08-28T13:11:46.443+0000][1088462][info ][gc,start    ] GC(168) Pause Young (Normal) (G1 Evacuation Pause)
[2025-08-28T13:11:46.443+0000][1088462][info ][gc,task     ] GC(168) Using 12 workers of 33 for evacuation
[2025-08-28T13:11:46.443+0000][1088462][debug][gc,age      ] GC(168) Desired survivor size 20971520 bytes, new threshold 15 (max threshold 15)
[2025-08-28T13:11:46.446+0000][1088462][info ][gc,phases   ] GC(168)   Pre Evacuate Collection Set: 0.1ms
[2025-08-28T13:11:46.446+0000][1088462][info ][gc,phases   ] GC(168)   Merge Heap Roots: 0.1ms
[2025-08-28T13:11:46.446+0000][1088462][info ][gc,phases   ] GC(168)   Evacuate Collection Set: 2.1ms
[2025-08-28T13:11:46.446+0000][1088462][info ][gc,phases   ] GC(168)   Post Evacuate Collection Set: 0.4ms
[2025-08-28T13:11:46.446+0000][1088462][info ][gc,phases   ] GC(168)   Other: 0.1ms
[2025-08-28T13:11:46.446+0000][1088462][trace][gc,age      ] GC(168) Age table with threshold 15 (max threshold 15)
[2025-08-28T13:11:46.446+0000][1088462][trace][gc,age      ] GC(168) - age   1:     666480 bytes,     666480 total
[2025-08-28T13:11:46.446+0000][1088462][trace][gc,age      ] GC(168) - age   2:        176 bytes,     666656 total
[2025-08-28T13:11:46.446+0000][1088462][trace][gc,age      ] GC(168) - age   3:      10872 bytes,     677528 total
[2025-08-28T13:11:46.446+0000][1088462][trace][gc,age      ] GC(168) - age   4:         32 bytes,     677560 total
[2025-08-28T13:11:46.446+0000][1088462][trace][gc,age      ] GC(168) - age   5:        224 bytes,     677784 total
[2025-08-28T13:11:46.446+0000][1088462][trace][gc,age      ] GC(168) - age   7:       1856 bytes,     679640 total
[2025-08-28T13:11:46.446+0000][1088462][trace][gc,age      ] GC(168) - age   9:        176 bytes,     679816 total
[2025-08-28T13:11:46.446+0000][1088462][trace][gc,age      ] GC(168) - age  10:        280 bytes,     680096 total
[2025-08-28T13:11:46.446+0000][1088462][trace][gc,age      ] GC(168) - age  12:        696 bytes,     680792 total
[2025-08-28T13:11:46.446+0000][1088462][info ][gc,heap     ] GC(168) Eden regions: 75->0(75)
[2025-08-28T13:11:46.446+0000][1088462][info ][gc,heap     ] GC(168) Survivor regions: 1->1(10)
[2025-08-28T13:11:46.446+0000][1088462][info ][gc,heap     ] GC(168) Old regions: 29->29
[2025-08-28T13:11:46.446+0000][1088462][info ][gc,heap     ] GC(168) Humongous regions: 0->0
[2025-08-28T13:11:46.446+0000][1088462][info ][gc,metaspace] GC(168) Metaspace: 140287K(144192K)->140287K(144192K) NonClass: 121255K(123328K)->121255K(123328K) Class: 19032K(20864K)->19032K(20864K)
[2025-08-28T13:11:46.446+0000][1088462][info ][gc          ] GC(168) Pause Young (Normal) (G1 Evacuation Pause) 414M->114M(512M) 3.027ms
[2025-08-28T13:11:46.446+0000][1088462][info ][gc,cpu      ] GC(168) User=0.00s Sys=0.00s Real=0.00s
[2025-08-28T13:11:46.446+0000][1088462][info ][safepoint   ] Safepoint "G1CollectForAllocation", Time since last: 2022100029 ns, Reaching safepoint: 24066 ns, Cleanup: 6170 ns, At safepoint: 3203304 ns, Total: 3233540 ns
[2025-08-28T13:11:48.468+0000][1088462][info ][gc,start    ] GC(169) Pause Young (Normal) (G1 Evacuation Pause)
[2025-08-28T13:11:48.468+0000][1088462][info ][gc,task     ] GC(169) Using 12 workers of 33 for evacuation
[2025-08-28T13:11:48.468+0000][1088462][debug][gc,age      ] GC(169) Desired survivor size 20971520 bytes, new threshold 15 (max threshold 15)
[2025-08-28T13:11:48.471+0000][1088462][info ][gc,phases   ] GC(169)   Pre Evacuate Collection Set: 0.2ms
[2025-08-28T13:11:48.471+0000][1088462][info ][gc,phases   ] GC(169)   Merge Heap Roots: 0.1ms
[2025-08-28T13:11:48.471+0000][1088462][info ][gc,phases   ] GC(169)   Evacuate Collection Set: 2.2ms
[2025-08-28T13:11:48.471+0000][1088462][info ][gc,phases   ] GC(169)   Post Evacuate Collection Set: 0.4ms
[2025-08-28T13:11:48.471+0000][1088462][info ][gc,phases   ] GC(169)   Other: 0.1ms
[2025-08-28T13:11:48.471+0000][1088462][trace][gc,age      ] GC(169) Age table with threshold 15 (max threshold 15)
[2025-08-28T13:11:48.471+0000][1088462][trace][gc,age      ] GC(169) - age   1:     555264 bytes,     555264 total
[2025-08-28T13:11:48.471+0000][1088462][trace][gc,age      ] GC(169) - age   2:        536 bytes,     555800 total
[2025-08-28T13:11:48.471+0000][1088462][trace][gc,age      ] GC(169) - age   3:        176 bytes,     555976 total
[2025-08-28T13:11:48.471+0000][1088462][trace][gc,age      ] GC(169) - age   4:      10872 bytes,     566848 total
[2025-08-28T13:11:48.471+0000][1088462][trace][gc,age      ] GC(169) - age   5:         32 bytes,     566880 total
[2025-08-28T13:11:48.471+0000][1088462][trace][gc,age      ] GC(169) - age   6:        224 bytes,     567104 total
[2025-08-28T13:11:48.471+0000][1088462][trace][gc,age      ] GC(169) - age   8:       1856 bytes,     568960 total
[2025-08-28T13:11:48.471+0000][1088462][trace][gc,age      ] GC(169) - age  10:        176 bytes,     569136 total
[2025-08-28T13:11:48.471+0000][1088462][trace][gc,age      ] GC(169) - age  11:        280 bytes,     569416 total
[2025-08-28T13:11:48.471+0000][1088462][trace][gc,age      ] GC(169) - age  13:        696 bytes,     570112 total
[2025-08-28T13:11:48.471+0000][1088462][info ][gc,heap     ] GC(169) Eden regions: 75->0(75)
[2025-08-28T13:11:48.471+0000][1088462][info ][gc,heap     ] GC(169) Survivor regions: 1->1(10)
[2025-08-28T13:11:48.471+0000][1088462][info ][gc,heap     ] GC(169) Old regions: 29->29
[2025-08-28T13:11:48.471+0000][1088462][info ][gc,heap     ] GC(169) Humongous regions: 0->0
[2025-08-28T13:11:48.471+0000][1088462][info ][gc,metaspace] GC(169) Metaspace: 140287K(144192K)->140287K(144192K) NonClass: 121255K(123328K)->121255K(123328K) Class: 19032K(20864K)->19032K(20864K)
[2025-08-28T13:11:48.471+0000][1088462][info ][gc          ] GC(169) Pause Young (Normal) (G1 Evacuation Pause) 414M->114M(512M) 3.175ms
[2025-08-28T13:11:48.471+0000][1088462][info ][gc,cpu      ] GC(169) User=0.01s Sys=0.00s Real=0.01s
[2025-08-28T13:11:48.471+0000][1088462][info ][safepoint   ] Safepoint "G1CollectForAllocation", Time since last: 2021979791 ns, Reaching safepoint: 23155 ns, Cleanup: 7681 ns, At safepoint: 3370621 ns, Total: 3401457 ns
[2025-08-28T13:11:50.493+0000][1088462][info ][gc,start    ] GC(170) Pause Young (Normal) (G1 Evacuation Pause)
[2025-08-28T13:11:50.493+0000][1088462][info ][gc,task     ] GC(170) Using 12 workers of 33 for evacuation
[2025-08-28T13:11:50.493+0000][1088462][debug][gc,age      ] GC(170) Desired survivor size 20971520 bytes, new threshold 15 (max threshold 15)
[2025-08-28T13:11:50.495+0000][1088462][info ][gc,phases   ] GC(170)   Pre Evacuate Collection Set: 0.2ms
[2025-08-28T13:11:50.495+0000][1088462][info ][gc,phases   ] GC(170)   Merge Heap Roots: 0.1ms
[2025-08-28T13:11:50.495+0000][1088462][info ][gc,phases   ] GC(170)   Evacuate Collection Set: 1.6ms
[2025-08-28T13:11:50.495+0000][1088462][info ][gc,phases   ] GC(170)   Post Evacuate Collection Set: 0.5ms
[2025-08-28T13:11:50.495+0000][1088462][info ][gc,phases   ] GC(170)   Other: 0.1ms
[2025-08-28T13:11:50.495+0000][1088462][trace][gc,age      ] GC(170) Age table with threshold 15 (max threshold 15)
[2025-08-28T13:11:50.495+0000][1088462][trace][gc,age      ] GC(170) - age   1:     554440 bytes,     554440 total
[2025-08-28T13:11:50.495+0000][1088462][trace][gc,age      ] GC(170) - age   5:      10560 bytes,     565000 total
[2025-08-28T13:11:50.495+0000][1088462][trace][gc,age      ] GC(170) - age   6:         32 bytes,     565032 total
[2025-08-28T13:11:50.495+0000][1088462][trace][gc,age      ] GC(170) - age   9:       1856 bytes,     566888 total
[2025-08-28T13:11:50.495+0000][1088462][trace][gc,age      ] GC(170) - age  11:        176 bytes,     567064 total
[2025-08-28T13:11:50.495+0000][1088462][trace][gc,age      ] GC(170) - age  12:        280 bytes,     567344 total
[2025-08-28T13:11:50.495+0000][1088462][trace][gc,age      ] GC(170) - age  14:        696 bytes,     568040 total
[2025-08-28T13:11:50.495+0000][1088462][info ][gc,heap     ] GC(170) Eden regions: 75->0(75)
[2025-08-28T13:11:50.495+0000][1088462][info ][gc,heap     ] GC(170) Survivor regions: 1->1(10)
[2025-08-28T13:11:50.495+0000][1088462][info ][gc,heap     ] GC(170) Old regions: 29->29
[2025-08-28T13:11:50.495+0000][1088462][info ][gc,heap     ] GC(170) Humongous regions: 0->0
[2025-08-28T13:11:50.495+0000][1088462][info ][gc,metaspace] GC(170) Metaspace: 140287K(144192K)->140287K(144192K) NonClass: 121255K(123328K)->121255K(123328K) Class: 19032K(20864K)->19032K(20864K)
[2025-08-28T13:11:50.496+0000][1088462][info ][gc          ] GC(170) Pause Young (Normal) (G1 Evacuation Pause) 414M->114M(512M) 2.614ms
[2025-08-28T13:11:50.496+0000][1088462][info ][gc,cpu      ] GC(170) User=0.00s Sys=0.00s Real=0.00s
[2025-08-28T13:11:50.496+0000][1088462][info ][safepoint   ] Safepoint "G1CollectForAllocation", Time since last: 2021603082 ns, Reaching safepoint: 22954 ns, Cleanup: 7341 ns, At safepoint: 2815075 ns, Total: 2845370 ns
[2025-08-28T13:11:51.496+0000][1088462][info ][safepoint   ] Safepoint "Cleanup", Time since last: 1000097749 ns, Reaching safepoint: 21823 ns, Cleanup: 17977 ns, At safepoint: 4527 ns, Total: 44327 ns
[2025-08-28T13:11:52.496+0000][1088462][info ][safepoint   ] Safepoint "Cleanup", Time since last: 1000148966 ns, Reaching safepoint: 21272 ns, Cleanup: 20761 ns, At safepoint: 4787 ns, Total: 46820 ns
[2025-08-28T13:11:52.522+0000][1088462][info ][gc,start    ] GC(171) Pause Young (Normal) (G1 Evacuation Pause)
[2025-08-28T13:11:52.522+0000][1088462][info ][gc,task     ] GC(171) Using 12 workers of 33 for evacuation
[2025-08-28T13:11:52.522+0000][1088462][debug][gc,age      ] GC(171) Desired survivor size 20971520 bytes, new threshold 15 (max threshold 15)
[2025-08-28T13:11:52.525+0000][1088462][info ][gc,phases   ] GC(171)   Pre Evacuate Collection Set: 0.2ms
[2025-08-28T13:11:52.525+0000][1088462][info ][gc,phases   ] GC(171)   Merge Heap Roots: 0.0ms
[2025-08-28T13:11:52.525+0000][1088462][info ][gc,phases   ] GC(171)   Evacuate Collection Set: 1.8ms
[2025-08-28T13:11:52.525+0000][1088462][info ][gc,phases   ] GC(171)   Post Evacuate Collection Set: 0.5ms
[2025-08-28T13:11:52.525+0000][1088462][info ][gc,phases   ] GC(171)   Other: 0.1ms
[2025-08-28T13:11:52.525+0000][1088462][trace][gc,age      ] GC(171) Age table with threshold 15 (max threshold 15)
[2025-08-28T13:11:52.525+0000][1088462][trace][gc,age      ] GC(171) - age   1:     540368 bytes,     540368 total
[2025-08-28T13:11:52.525+0000][1088462][trace][gc,age      ] GC(171) - age   2:        936 bytes,     541304 total
[2025-08-28T13:11:52.525+0000][1088462][trace][gc,age      ] GC(171) - age   6:      10320 bytes,     551624 total
[2025-08-28T13:11:52.525+0000][1088462][trace][gc,age      ] GC(171) - age   7:         32 bytes,     551656 total
[2025-08-28T13:11:52.525+0000][1088462][trace][gc,age      ] GC(171) - age  10:       1288 bytes,     552944 total
[2025-08-28T13:11:52.525+0000][1088462][trace][gc,age      ] GC(171) - age  12:        176 bytes,     553120 total
[2025-08-28T13:11:52.525+0000][1088462][trace][gc,age      ] GC(171) - age  13:        280 bytes,     553400 total
[2025-08-28T13:11:52.525+0000][1088462][trace][gc,age      ] GC(171) - age  15:        696 bytes,     554096 total
[2025-08-28T13:11:52.525+0000][1088462][info ][gc,heap     ] GC(171) Eden regions: 75->0(75)
[2025-08-28T13:11:52.525+0000][1088462][info ][gc,heap     ] GC(171) Survivor regions: 1->1(10)
[2025-08-28T13:11:52.525+0000][1088462][info ][gc,heap     ] GC(171) Old regions: 29->29
[2025-08-28T13:11:52.525+0000][1088462][info ][gc,heap     ] GC(171) Humongous regions: 0->0
[2025-08-28T13:11:52.525+0000][1088462][info ][gc,metaspace] GC(171) Metaspace: 140288K(144192K)->140288K(144192K) NonClass: 121256K(123328K)->121256K(123328K) Class: 19032K(20864K)->19032K(20864K)
[2025-08-28T13:11:52.525+0000][1088462][info ][gc          ] GC(171) Pause Young (Normal) (G1 Evacuation Pause) 414M->114M(512M) 2.701ms
[2025-08-28T13:11:52.525+0000][1088462][info ][gc,cpu      ] GC(171) User=0.01s Sys=0.00s Real=0.00s
[2025-08-28T13:11:52.525+0000][1088462][info ][safepoint   ] Safepoint "G1CollectForAllocation", Time since last: 25929827 ns, Reaching safepoint: 22023 ns, Cleanup: 8513 ns, At safepoint: 2863688 ns, Total: 2894224 ns
[2025-08-28T13:11:54.522+0000][1088462][info ][gc,start    ] GC(172) Pause Young (Normal) (G1 Evacuation Pause)
[2025-08-28T13:11:54.522+0000][1088462][info ][gc,task     ] GC(172) Using 12 workers of 33 for evacuation
[2025-08-28T13:11:54.522+0000][1088462][debug][gc,age      ] GC(172) Desired survivor size 20971520 bytes, new threshold 15 (max threshold 15)
[2025-08-28T13:11:54.526+0000][1088462][info ][gc,phases   ] GC(172)   Pre Evacuate Collection Set: 0.1ms
[2025-08-28T13:11:54.526+0000][1088462][info ][gc,phases   ] GC(172)   Merge Heap Roots: 0.1ms
[2025-08-28T13:11:54.526+0000][1088462][info ][gc,phases   ] GC(172)   Evacuate Collection Set: 2.6ms
[2025-08-28T13:11:54.526+0000][1088462][info ][gc,phases   ] GC(172)   Post Evacuate Collection Set: 0.5ms
[2025-08-28T13:11:54.526+0000][1088462][info ][gc,phases   ] GC(172)   Other: 0.1ms
[2025-08-28T13:11:54.526+0000][1088462][trace][gc,age      ] GC(172) Age table with threshold 15 (max threshold 15)
[2025-08-28T13:11:54.526+0000][1088462][trace][gc,age      ] GC(172) - age   1:     539288 bytes,     539288 total
[2025-08-28T13:11:54.526+0000][1088462][trace][gc,age      ] GC(172) - age   2:       1256 bytes,     540544 total
[2025-08-28T13:11:54.526+0000][1088462][trace][gc,age      ] GC(172) - age   3:        760 bytes,     541304 total
[2025-08-28T13:11:54.526+0000][1088462][trace][gc,age      ] GC(172) - age   7:      10320 bytes,     551624 total
[2025-08-28T13:11:54.526+0000][1088462][trace][gc,age      ] GC(172) - age   8:         32 bytes,     551656 total
[2025-08-28T13:11:54.526+0000][1088462][trace][gc,age      ] GC(172) - age  11:       1288 bytes,     552944 total
[2025-08-28T13:11:54.526+0000][1088462][trace][gc,age      ] GC(172) - age  13:        176 bytes,     553120 total
[2025-08-28T13:11:54.526+0000][1088462][trace][gc,age      ] GC(172) - age  14:        280 bytes,     553400 total
[2025-08-28T13:11:54.526+0000][1088462][info ][gc,heap     ] GC(172) Eden regions: 75->0(75)
[2025-08-28T13:11:54.526+0000][1088462][info ][gc,heap     ] GC(172) Survivor regions: 1->1(10)
[2025-08-28T13:11:54.526+0000][1088462][info ][gc,heap     ] GC(172) Old regions: 29->29
[2025-08-28T13:11:54.526+0000][1088462][info ][gc,heap     ] GC(172) Humongous regions: 0->0
[2025-08-28T13:11:54.526+0000][1088462][info ][gc,metaspace] GC(172) Metaspace: 140288K(144192K)->140288K(144192K) NonClass: 121256K(123328K)->121256K(123328K) Class: 19032K(20864K)->19032K(20864K)
[2025-08-28T13:11:54.526+0000][1088462][info ][gc          ] GC(172) Pause Young (Normal) (G1 Evacuation Pause) 414M->114M(512M) 3.617ms
[2025-08-28T13:11:54.526+0000][1088462][info ][gc,cpu      ] GC(172) User=0.01s Sys=0.00s Real=0.00s
[2025-08-28T13:11:54.526+0000][1088462][info ][safepoint   ] Safepoint "G1CollectForAllocation", Time since last: 1997152900 ns, Reaching safepoint: 22444 ns, Cleanup: 8022 ns, At safepoint: 3785525 ns, Total: 3815991 ns
[2025-08-28T13:11:56.534+0000][1088462][info ][gc,start    ] GC(173) Pause Young (Normal) (G1 Evacuation Pause)
[2025-08-28T13:11:56.534+0000][1088462][info ][gc,task     ] GC(173) Using 12 workers of 33 for evacuation
[2025-08-28T13:11:56.534+0000][1088462][debug][gc,age      ] GC(173) Desired survivor size 20971520 bytes, new threshold 15 (max threshold 15)
[2025-08-28T13:11:56.538+0000][1088462][info ][gc,phases   ] GC(173)   Pre Evacuate Collection Set: 0.1ms
[2025-08-28T13:11:56.538+0000][1088462][info ][gc,phases   ] GC(173)   Merge Heap Roots: 0.1ms
[2025-08-28T13:11:56.538+0000][1088462][info ][gc,phases   ] GC(173)   Evacuate Collection Set: 2.5ms
[2025-08-28T13:11:56.538+0000][1088462][info ][gc,phases   ] GC(173)   Post Evacuate Collection Set: 0.5ms
[2025-08-28T13:11:56.538+0000][1088462][info ][gc,phases   ] GC(173)   Other: 0.1ms
[2025-08-28T13:11:56.538+0000][1088462][trace][gc,age      ] GC(173) Age table with threshold 15 (max threshold 15)
[2025-08-28T13:11:56.538+0000][1088462][trace][gc,age      ] GC(173) - age   1:     539536 bytes,     539536 total
[2025-08-28T13:11:56.538+0000][1088462][trace][gc,age      ] GC(173) - age   2:        176 bytes,     539712 total
[2025-08-28T13:11:56.538+0000][1088462][trace][gc,age      ] GC(173) - age   3:       1256 bytes,     540968 total
[2025-08-28T13:11:56.538+0000][1088462][trace][gc,age      ] GC(173) - age   4:        224 bytes,     541192 total
[2025-08-28T13:11:56.538+0000][1088462][trace][gc,age      ] GC(173) - age   8:      10320 bytes,     551512 total
[2025-08-28T13:11:56.538+0000][1088462][trace][gc,age      ] GC(173) - age   9:         32 bytes,     551544 total
[2025-08-28T13:11:56.538+0000][1088462][trace][gc,age      ] GC(173) - age  12:       1288 bytes,     552832 total
[2025-08-28T13:11:56.538+0000][1088462][trace][gc,age      ] GC(173) - age  14:        176 bytes,     553008 total
[2025-08-28T13:11:56.538+0000][1088462][trace][gc,age      ] GC(173) - age  15:        280 bytes,     553288 total
[2025-08-28T13:11:56.538+0000][1088462][info ][gc,heap     ] GC(173) Eden regions: 75->0(75)
[2025-08-28T13:11:56.538+0000][1088462][info ][gc,heap     ] GC(173) Survivor regions: 1->1(10)
[2025-08-28T13:11:56.538+0000][1088462][info ][gc,heap     ] GC(173) Old regions: 29->29
[2025-08-28T13:11:56.538+0000][1088462][info ][gc,heap     ] GC(173) Humongous regions: 0->0
[2025-08-28T13:11:56.538+0000][1088462][info ][gc,metaspace] GC(173) Metaspace: 140288K(144192K)->140288K(144192K) NonClass: 121256K(123328K)->121256K(123328K) Class: 19032K(20864K)->19032K(20864K)
[2025-08-28T13:11:56.538+0000][1088462][info ][gc          ] GC(173) Pause Young (Normal) (G1 Evacuation Pause) 414M->114M(512M) 3.475ms
[2025-08-28T13:11:56.538+0000][1088462][info ][gc,cpu      ] GC(173) User=0.00s Sys=0.00s Real=0.00s
[2025-08-28T13:11:56.538+0000][1088462][info ][safepoint   ] Safepoint "G1CollectForAllocation", Time since last: 2008274461 ns, Reaching safepoint: 22825 ns, Cleanup: 8582 ns, At safepoint: 3642420 ns, Total: 3673827 ns
[2025-08-28T13:11:58.543+0000][1088462][info ][gc,start    ] GC(174) Pause Young (Normal) (G1 Evacuation Pause)
[2025-08-28T13:11:58.543+0000][1088462][info ][gc,task     ] GC(174) Using 12 workers of 33 for evacuation
[2025-08-28T13:11:58.543+0000][1088462][debug][gc,age      ] GC(174) Desired survivor size 20971520 bytes, new threshold 15 (max threshold 15)
[2025-08-28T13:11:58.546+0000][1088462][info ][gc,phases   ] GC(174)   Pre Evacuate Collection Set: 0.2ms
[2025-08-28T13:11:58.546+0000][1088462][info ][gc,phases   ] GC(174)   Merge Heap Roots: 0.0ms
[2025-08-28T13:11:58.546+0000][1088462][info ][gc,phases   ] GC(174)   Evacuate Collection Set: 2.1ms
[2025-08-28T13:11:58.546+0000][1088462][info ][gc,phases   ] GC(174)   Post Evacuate Collection Set: 0.4ms
[2025-08-28T13:11:58.546+0000][1088462][info ][gc,phases   ] GC(174)   Other: 0.1ms
[2025-08-28T13:11:58.546+0000][1088462][trace][gc,age      ] GC(174) Age table with threshold 15 (max threshold 15)
[2025-08-28T13:11:58.546+0000][1088462][trace][gc,age      ] GC(174) - age   1:     553504 bytes,     553504 total
[2025-08-28T13:11:58.546+0000][1088462][trace][gc,age      ] GC(174) - age   2:        536 bytes,     554040 total
[2025-08-28T13:11:58.546+0000][1088462][trace][gc,age      ] GC(174) - age   3:        176 bytes,     554216 total
[2025-08-28T13:11:58.546+0000][1088462][trace][gc,age      ] GC(174) - age   4:       1256 bytes,     555472 total
[2025-08-28T13:11:58.546+0000][1088462][trace][gc,age      ] GC(174) - age   5:        224 bytes,     555696 total
[2025-08-28T13:11:58.546+0000][1088462][trace][gc,age      ] GC(174) - age   9:      10320 bytes,     566016 total
[2025-08-28T13:11:58.546+0000][1088462][trace][gc,age      ] GC(174) - age  10:         32 bytes,     566048 total
[2025-08-28T13:11:58.546+0000][1088462][trace][gc,age      ] GC(174) - age  13:       1288 bytes,     567336 total
[2025-08-28T13:11:58.546+0000][1088462][trace][gc,age      ] GC(174) - age  15:        176 bytes,     567512 total
[2025-08-28T13:11:58.546+0000][1088462][info ][gc,heap     ] GC(174) Eden regions: 75->0(75)
[2025-08-28T13:11:58.546+0000][1088462][info ][gc,heap     ] GC(174) Survivor regions: 1->1(10)
[2025-08-28T13:11:58.546+0000][1088462][info ][gc,heap     ] GC(174) Old regions: 29->29
[2025-08-28T13:11:58.546+0000][1088462][info ][gc,heap     ] GC(174) Humongous regions: 0->0
[2025-08-28T13:11:58.546+0000][1088462][info ][gc,metaspace] GC(174) Metaspace: 140288K(144192K)->140288K(144192K) NonClass: 121256K(123328K)->121256K(123328K) Class: 19032K(20864K)->19032K(20864K)
[2025-08-28T13:11:58.546+0000][1088462][info ][gc          ] GC(174) Pause Young (Normal) (G1 Evacuation Pause) 414M->114M(512M) 3.009ms
[2025-08-28T13:11:58.546+0000][1088462][info ][gc,cpu      ] GC(174) User=0.01s Sys=0.00s Real=0.00s
[2025-08-28T13:11:58.546+0000][1088462][info ][safepoint   ] Safepoint "G1CollectForAllocation", Time since last: 2005262360 ns, Reaching safepoint: 23956 ns, Cleanup: 7321 ns, At safepoint: 3207074 ns, Total: 3238351 ns
[2025-08-28T13:12:00.559+0000][1088462][info ][gc,start    ] GC(175) Pause Young (Normal) (G1 Evacuation Pause)
[2025-08-28T13:12:00.559+0000][1088462][info ][gc,task     ] GC(175) Using 12 workers of 33 for evacuation
[2025-08-28T13:12:00.559+0000][1088462][debug][gc,age      ] GC(175) Desired survivor size 20971520 bytes, new threshold 15 (max threshold 15)
[2025-08-28T13:12:00.562+0000][1088462][info ][gc,phases   ] GC(175)   Pre Evacuate Collection Set: 0.1ms
[2025-08-28T13:12:00.562+0000][1088462][info ][gc,phases   ] GC(175)   Merge Heap Roots: 0.0ms
[2025-08-28T13:12:00.562+0000][1088462][info ][gc,phases   ] GC(175)   Evacuate Collection Set: 2.5ms
[2025-08-28T13:12:00.562+0000][1088462][info ][gc,phases   ] GC(175)   Post Evacuate Collection Set: 0.5ms
[2025-08-28T13:12:00.562+0000][1088462][info ][gc,phases   ] GC(175)   Other: 0.1ms
[2025-08-28T13:12:00.562+0000][1088462][trace][gc,age      ] GC(175) Age table with threshold 15 (max threshold 15)
[2025-08-28T13:12:00.562+0000][1088462][trace][gc,age      ] GC(175) - age   1:     556448 bytes,     556448 total
[2025-08-28T13:12:00.562+0000][1088462][trace][gc,age      ] GC(175) - age   5:       1256 bytes,     557704 total
[2025-08-28T13:12:00.562+0000][1088462][trace][gc,age      ] GC(175) - age   6:        224 bytes,     557928 total
[2025-08-28T13:12:00.562+0000][1088462][trace][gc,age      ] GC(175) - age  10:      10160 bytes,     568088 total
[2025-08-28T13:12:00.562+0000][1088462][trace][gc,age      ] GC(175) - age  11:         32 bytes,     568120 total
[2025-08-28T13:12:00.562+0000][1088462][trace][gc,age      ] GC(175) - age  14:       1288 bytes,     569408 total
[2025-08-28T13:12:00.562+0000][1088462][info ][gc,heap     ] GC(175) Eden regions: 75->0(75)
[2025-08-28T13:12:00.562+0000][1088462][info ][gc,heap     ] GC(175) Survivor regions: 1->1(10)
[2025-08-28T13:12:00.562+0000][1088462][info ][gc,heap     ] GC(175) Old regions: 29->29
[2025-08-28T13:12:00.562+0000][1088462][info ][gc,heap     ] GC(175) Humongous regions: 0->0
[2025-08-28T13:12:00.562+0000][1088462][info ][gc,metaspace] GC(175) Metaspace: 140288K(144192K)->140288K(144192K) NonClass: 121256K(123328K)->121256K(123328K) Class: 19032K(20864K)->19032K(20864K)
[2025-08-28T13:12:00.562+0000][1088462][info ][gc          ] GC(175) Pause Young (Normal) (G1 Evacuation Pause) 414M->114M(512M) 3.410ms
[2025-08-28T13:12:00.562+0000][1088462][info ][gc,cpu      ] GC(175) User=0.00s Sys=0.00s Real=0.01s
[2025-08-28T13:12:00.562+0000][1088462][info ][safepoint   ] Safepoint "G1CollectForAllocation", Time since last: 2012669533 ns, Reaching safepoint: 22314 ns, Cleanup: 6139 ns, At safepoint: 3577432 ns, Total: 3605885 ns
[2025-08-28T13:12:01.563+0000][1088462][info ][safepoint   ] Safepoint "Cleanup", Time since last: 1000096517 ns, Reaching safepoint: 27812 ns, Cleanup: 29744 ns, At safepoint: 4397 ns, Total: 61953 ns
[2025-08-28T13:12:02.584+0000][1088462][info ][gc,start    ] GC(176) Pause Young (Normal) (G1 Evacuation Pause)
[2025-08-28T13:12:02.584+0000][1088462][info ][gc,task     ] GC(176) Using 12 workers of 33 for evacuation
[2025-08-28T13:12:02.584+0000][1088462][debug][gc,age      ] GC(176) Desired survivor size 20971520 bytes, new threshold 15 (max threshold 15)
[2025-08-28T13:12:02.588+0000][1088462][info ][gc,phases   ] GC(176)   Pre Evacuate Collection Set: 0.2ms
[2025-08-28T13:12:02.588+0000][1088462][info ][gc,phases   ] GC(176)   Merge Heap Roots: 0.0ms
[2025-08-28T13:12:02.588+0000][1088462][info ][gc,phases   ] GC(176)   Evacuate Collection Set: 2.7ms
[2025-08-28T13:12:02.588+0000][1088462][info ][gc,phases   ] GC(176)   Post Evacuate Collection Set: 0.6ms
[2025-08-28T13:12:02.588+0000][1088462][info ][gc,phases   ] GC(176)   Other: 0.1ms
[2025-08-28T13:12:02.588+0000][1088462][trace][gc,age      ] GC(176) Age table with threshold 15 (max threshold 15)
[2025-08-28T13:12:02.588+0000][1088462][trace][gc,age      ] GC(176) - age   1:     542032 bytes,     542032 total
[2025-08-28T13:12:02.588+0000][1088462][trace][gc,age      ] GC(176) - age   2:       1088 bytes,     543120 total
[2025-08-28T13:12:02.588+0000][1088462][trace][gc,age      ] GC(176) - age   6:        568 bytes,     543688 total
[2025-08-28T13:12:02.588+0000][1088462][trace][gc,age      ] GC(176) - age  11:      10160 bytes,     553848 total
[2025-08-28T13:12:02.588+0000][1088462][trace][gc,age      ] GC(176) - age  12:         32 bytes,     553880 total
[2025-08-28T13:12:02.588+0000][1088462][trace][gc,age      ] GC(176) - age  15:        736 bytes,     554616 total
[2025-08-28T13:12:02.588+0000][1088462][info ][gc,heap     ] GC(176) Eden regions: 75->0(75)
[2025-08-28T13:12:02.588+0000][1088462][info ][gc,heap     ] GC(176) Survivor regions: 1->1(10)
[2025-08-28T13:12:02.588+0000][1088462][info ][gc,heap     ] GC(176) Old regions: 29->29
[2025-08-28T13:12:02.588+0000][1088462][info ][gc,heap     ] GC(176) Humongous regions: 0->0
[2025-08-28T13:12:02.588+0000][1088462][info ][gc,metaspace] GC(176) Metaspace: 140288K(144192K)->140288K(144192K) NonClass: 121256K(123328K)->121256K(123328K) Class: 19032K(20864K)->19032K(20864K)
[2025-08-28T13:12:02.588+0000][1088462][info ][gc          ] GC(176) Pause Young (Normal) (G1 Evacuation Pause) 414M->114M(512M) 3.709ms
[2025-08-28T13:12:02.588+0000][1088462][info ][gc,cpu      ] GC(176) User=0.01s Sys=0.00s Real=0.00s
[2025-08-28T13:12:02.588+0000][1088462][info ][safepoint   ] Safepoint "G1CollectForAllocation", Time since last: 1021562719 ns, Reaching safepoint: 23746 ns, Cleanup: 7391 ns, At safepoint: 3890152 ns, Total: 3921289 ns
[2025-08-28T13:12:05.173+0000][1088462][info ][gc,start    ] GC(177) Pause Young (Normal) (G1 Evacuation Pause)
[2025-08-28T13:12:05.173+0000][1088462][info ][gc,task     ] GC(177) Using 12 workers of 33 for evacuation
[2025-08-28T13:12:05.173+0000][1088462][debug][gc,age      ] GC(177) Desired survivor size 20971520 bytes, new threshold 15 (max threshold 15)
[2025-08-28T13:12:05.175+0000][1088462][info ][gc,phases   ] GC(177)   Pre Evacuate Collection Set: 0.2ms
[2025-08-28T13:12:05.175+0000][1088462][info ][gc,phases   ] GC(177)   Merge Heap Roots: 0.0ms
[2025-08-28T13:12:05.175+0000][1088462][info ][gc,phases   ] GC(177)   Evacuate Collection Set: 1.6ms
[2025-08-28T13:12:05.175+0000][1088462][info ][gc,phases   ] GC(177)   Post Evacuate Collection Set: 0.5ms
[2025-08-28T13:12:05.175+0000][1088462][info ][gc,phases   ] GC(177)   Other: 0.1ms
[2025-08-28T13:12:05.175+0000][1088462][trace][gc,age      ] GC(177) Age table with threshold 15 (max threshold 15)
[2025-08-28T13:12:05.175+0000][1088462][trace][gc,age      ] GC(177) - age   1:     565328 bytes,     565328 total
[2025-08-28T13:12:05.175+0000][1088462][trace][gc,age      ] GC(177) - age   2:       2840 bytes,     568168 total
[2025-08-28T13:12:05.175+0000][1088462][trace][gc,age      ] GC(177) - age   3:        912 bytes,     569080 total
[2025-08-28T13:12:05.175+0000][1088462][trace][gc,age      ] GC(177) - age   7:        536 bytes,     569616 total
[2025-08-28T13:12:05.175+0000][1088462][trace][gc,age      ] GC(177) - age  12:        160 bytes,     569776 total
[2025-08-28T13:12:05.175+0000][1088462][trace][gc,age      ] GC(177) - age  13:         32 bytes,     569808 total
[2025-08-28T13:12:05.175+0000][1088462][info ][gc,heap     ] GC(177) Eden regions: 75->0(75)
[2025-08-28T13:12:05.175+0000][1088462][info ][gc,heap     ] GC(177) Survivor regions: 1->1(10)
[2025-08-28T13:12:05.175+0000][1088462][info ][gc,heap     ] GC(177) Old regions: 29->29
[2025-08-28T13:12:05.175+0000][1088462][info ][gc,heap     ] GC(177) Humongous regions: 0->0
[2025-08-28T13:12:05.175+0000][1088462][info ][gc,metaspace] GC(177) Metaspace: 140288K(144192K)->140288K(144192K) NonClass: 121256K(123328K)->121256K(123328K) Class: 19032K(20864K)->19032K(20864K)
[2025-08-28T13:12:05.175+0000][1088462][info ][gc          ] GC(177) Pause Young (Normal) (G1 Evacuation Pause) 414M->114M(512M) 2.564ms
[2025-08-28T13:12:05.176+0000][1088462][info ][gc,cpu      ] GC(177) User=0.01s Sys=0.00s Real=0.00s
[2025-08-28T13:12:05.176+0000][1088462][info ][safepoint   ] Safepoint "G1CollectForAllocation", Time since last: 2584694733 ns, Reaching safepoint: 22123 ns, Cleanup: 6951 ns, At safepoint: 2747312 ns, Total: 2776386 ns
[2025-08-28T13:12:07.201+0000][1088462][info ][gc,start    ] GC(178) Pause Young (Normal) (G1 Evacuation Pause)
[2025-08-28T13:12:07.201+0000][1088462][info ][gc,task     ] GC(178) Using 12 workers of 33 for evacuation
[2025-08-28T13:12:07.201+0000][1088462][debug][gc,age      ] GC(178) Desired survivor size 20971520 bytes, new threshold 15 (max threshold 15)
[2025-08-28T13:12:07.204+0000][1088462][info ][gc,phases   ] GC(178)   Pre Evacuate Collection Set: 0.2ms
[2025-08-28T13:12:07.204+0000][1088462][info ][gc,phases   ] GC(178)   Merge Heap Roots: 0.1ms
[2025-08-28T13:12:07.204+0000][1088462][info ][gc,phases   ] GC(178)   Evacuate Collection Set: 1.8ms
[2025-08-28T13:12:07.204+0000][1088462][info ][gc,phases   ] GC(178)   Post Evacuate Collection Set: 0.5ms
[2025-08-28T13:12:07.204+0000][1088462][info ][gc,phases   ] GC(178)   Other: 0.1ms
[2025-08-28T13:12:07.204+0000][1088462][trace][gc,age      ] GC(178) Age table with threshold 15 (max threshold 15)
[2025-08-28T13:12:07.204+0000][1088462][trace][gc,age      ] GC(178) - age   1:     539648 bytes,     539648 total
[2025-08-28T13:12:07.204+0000][1088462][trace][gc,age      ] GC(178) - age   2:      11608 bytes,     551256 total
[2025-08-28T13:12:07.204+0000][1088462][trace][gc,age      ] GC(178) - age   3:       2840 bytes,     554096 total
[2025-08-28T13:12:07.204+0000][1088462][trace][gc,age      ] GC(178) - age   4:        376 bytes,     554472 total
[2025-08-28T13:12:07.204+0000][1088462][trace][gc,age      ] GC(178) - age   8:        536 bytes,     555008 total
[2025-08-28T13:12:07.204+0000][1088462][trace][gc,age      ] GC(178) - age  13:        160 bytes,     555168 total
[2025-08-28T13:12:07.204+0000][1088462][trace][gc,age      ] GC(178) - age  14:         32 bytes,     555200 total
[2025-08-28T13:12:07.204+0000][1088462][info ][gc,heap     ] GC(178) Eden regions: 75->0(75)
[2025-08-28T13:12:07.204+0000][1088462][info ][gc,heap     ] GC(178) Survivor regions: 1->1(10)
[2025-08-28T13:12:07.204+0000][1088462][info ][gc,heap     ] GC(178) Old regions: 29->29
[2025-08-28T13:12:07.204+0000][1088462][info ][gc,heap     ] GC(178) Humongous regions: 0->0
[2025-08-28T13:12:07.204+0000][1088462][info ][gc,metaspace] GC(178) Metaspace: 140288K(144192K)->140288K(144192K) NonClass: 121256K(123328K)->121256K(123328K) Class: 19032K(20864K)->19032K(20864K)
[2025-08-28T13:12:07.204+0000][1088462][info ][gc          ] GC(178) Pause Young (Normal) (G1 Evacuation Pause) 414M->114M(512M) 2.762ms
[2025-08-28T13:12:07.204+0000][1088462][info ][gc,cpu      ] GC(178) User=0.01s Sys=0.00s Real=0.00s
[2025-08-28T13:12:07.204+0000][1088462][info ][safepoint   ] Safepoint "G1CollectForAllocation", Time since last: 2025641187 ns, Reaching safepoint: 19169 ns, Cleanup: 6990 ns, At safepoint: 2901815 ns, Total: 2927974 ns
[2025-08-28T13:12:09.223+0000][1088462][info ][gc,start    ] GC(179) Pause Young (Normal) (G1 Evacuation Pause)
[2025-08-28T13:12:09.223+0000][1088462][info ][gc,task     ] GC(179) Using 12 workers of 33 for evacuation
[2025-08-28T13:12:09.223+0000][1088462][debug][gc,age      ] GC(179) Desired survivor size 20971520 bytes, new threshold 15 (max threshold 15)
[2025-08-28T13:12:09.225+0000][1088462][info ][gc,phases   ] GC(179)   Pre Evacuate Collection Set: 0.2ms
[2025-08-28T13:12:09.225+0000][1088462][info ][gc,phases   ] GC(179)   Merge Heap Roots: 0.0ms
[2025-08-28T13:12:09.225+0000][1088462][info ][gc,phases   ] GC(179)   Evacuate Collection Set: 1.7ms
[2025-08-28T13:12:09.225+0000][1088462][info ][gc,phases   ] GC(179)   Post Evacuate Collection Set: 0.4ms
[2025-08-28T13:12:09.225+0000][1088462][info ][gc,phases   ] GC(179)   Other: 0.1ms
[2025-08-28T13:12:09.225+0000][1088462][trace][gc,age      ] GC(179) Age table with threshold 15 (max threshold 15)
[2025-08-28T13:12:09.225+0000][1088462][trace][gc,age      ] GC(179) - age   1:     555152 bytes,     555152 total
[2025-08-28T13:12:09.225+0000][1088462][trace][gc,age      ] GC(179) - age   2:        536 bytes,     555688 total
[2025-08-28T13:12:09.225+0000][1088462][trace][gc,age      ] GC(179) - age   3:      11608 bytes,     567296 total
[2025-08-28T13:12:09.225+0000][1088462][trace][gc,age      ] GC(179) - age   4:       2840 bytes,     570136 total
[2025-08-28T13:12:09.225+0000][1088462][trace][gc,age      ] GC(179) - age   5:        376 bytes,     570512 total
[2025-08-28T13:12:09.225+0000][1088462][trace][gc,age      ] GC(179) - age   9:        536 bytes,     571048 total
[2025-08-28T13:12:09.225+0000][1088462][trace][gc,age      ] GC(179) - age  14:        160 bytes,     571208 total
[2025-08-28T13:12:09.225+0000][1088462][trace][gc,age      ] GC(179) - age  15:         32 bytes,     571240 total
[2025-08-28T13:12:09.225+0000][1088462][info ][gc,heap     ] GC(179) Eden regions: 75->0(75)
[2025-08-28T13:12:09.225+0000][1088462][info ][gc,heap     ] GC(179) Survivor regions: 1->1(10)
[2025-08-28T13:12:09.225+0000][1088462][info ][gc,heap     ] GC(179) Old regions: 29->29
[2025-08-28T13:12:09.225+0000][1088462][info ][gc,heap     ] GC(179) Humongous regions: 0->0
[2025-08-28T13:12:09.225+0000][1088462][info ][gc,metaspace] GC(179) Metaspace: 140288K(144192K)->140288K(144192K) NonClass: 121256K(123328K)->121256K(123328K) Class: 19032K(20864K)->19032K(20864K)
[2025-08-28T13:12:09.225+0000][1088462][info ][gc          ] GC(179) Pause Young (Normal) (G1 Evacuation Pause) 414M->114M(512M) 2.609ms
[2025-08-28T13:12:09.225+0000][1088462][info ][gc,cpu      ] GC(179) User=0.00s Sys=0.01s Real=0.00s
[2025-08-28T13:12:09.225+0000][1088462][info ][safepoint   ] Safepoint "G1CollectForAllocation", Time since last: 2018312903 ns, Reaching safepoint: 21632 ns, Cleanup: 7371 ns, At safepoint: 2788765 ns, Total: 2817768 ns
[2025-08-28T13:12:11.236+0000][1088462][info ][gc,start    ] GC(180) Pause Young (Normal) (G1 Evacuation Pause)
[2025-08-28T13:12:11.236+0000][1088462][info ][gc,task     ] GC(180) Using 12 workers of 33 for evacuation
[2025-08-28T13:12:11.236+0000][1088462][debug][gc,age      ] GC(180) Desired survivor size 20971520 bytes, new threshold 15 (max threshold 15)
[2025-08-28T13:12:11.238+0000][1088462][info ][gc,phases   ] GC(180)   Pre Evacuate Collection Set: 0.1ms
[2025-08-28T13:12:11.238+0000][1088462][info ][gc,phases   ] GC(180)   Merge Heap Roots: 0.1ms
[2025-08-28T13:12:11.238+0000][1088462][info ][gc,phases   ] GC(180)   Evacuate Collection Set: 1.5ms
[2025-08-28T13:12:11.238+0000][1088462][info ][gc,phases   ] GC(180)   Post Evacuate Collection Set: 0.5ms
[2025-08-28T13:12:11.238+0000][1088462][info ][gc,phases   ] GC(180)   Other: 0.1ms
[2025-08-28T13:12:11.238+0000][1088462][trace][gc,age      ] GC(180) Age table with threshold 15 (max threshold 15)
[2025-08-28T13:12:11.238+0000][1088462][trace][gc,age      ] GC(180) - age   1:     201784 bytes,     201784 total
[2025-08-28T13:12:11.238+0000][1088462][trace][gc,age      ] GC(180) - age   2:         32 bytes,     201816 total
[2025-08-28T13:12:11.238+0000][1088462][trace][gc,age      ] GC(180) - age   4:      11272 bytes,     213088 total
[2025-08-28T13:12:11.238+0000][1088462][trace][gc,age      ] GC(180) - age   5:       2840 bytes,     215928 total
[2025-08-28T13:12:11.238+0000][1088462][trace][gc,age      ] GC(180) - age   6:        376 bytes,     216304 total
[2025-08-28T13:12:11.238+0000][1088462][trace][gc,age      ] GC(180) - age  10:        536 bytes,     216840 total
[2025-08-28T13:12:11.238+0000][1088462][trace][gc,age      ] GC(180) - age  15:        160 bytes,     217000 total
[2025-08-28T13:12:11.238+0000][1088462][info ][gc,heap     ] GC(180) Eden regions: 75->0(75)
[2025-08-28T13:12:11.238+0000][1088462][info ][gc,heap     ] GC(180) Survivor regions: 1->1(10)
[2025-08-28T13:12:11.238+0000][1088462][info ][gc,heap     ] GC(180) Old regions: 29->29
[2025-08-28T13:12:11.238+0000][1088462][info ][gc,heap     ] GC(180) Humongous regions: 0->0
[2025-08-28T13:12:11.238+0000][1088462][info ][gc,metaspace] GC(180) Metaspace: 140288K(144192K)->140288K(144192K) NonClass: 121256K(123328K)->121256K(123328K) Class: 19032K(20864K)->19032K(20864K)
[2025-08-28T13:12:11.238+0000][1088462][info ][gc          ] GC(180) Pause Young (Normal) (G1 Evacuation Pause) 414M->114M(512M) 2.341ms
[2025-08-28T13:12:11.238+0000][1088462][info ][gc,cpu      ] GC(180) User=0.01s Sys=0.00s Real=0.00s
[2025-08-28T13:12:11.238+0000][1088462][info ][safepoint   ] Safepoint "G1CollectForAllocation", Time since last: 2010446990 ns, Reaching safepoint: 21021 ns, Cleanup: 6220 ns, At safepoint: 2496796 ns, Total: 2524037 ns
[2025-08-28T13:12:13.224+0000][1088462][info ][gc,start    ] GC(181) Pause Young (Normal) (G1 Evacuation Pause)
[2025-08-28T13:12:13.224+0000][1088462][info ][gc,task     ] GC(181) Using 12 workers of 33 for evacuation
[2025-08-28T13:12:13.224+0000][1088462][debug][gc,age      ] GC(181) Desired survivor size 20971520 bytes, new threshold 15 (max threshold 15)
[2025-08-28T13:12:13.228+0000][1088462][info ][gc,phases   ] GC(181)   Pre Evacuate Collection Set: 0.1ms
[2025-08-28T13:12:13.228+0000][1088462][info ][gc,phases   ] GC(181)   Merge Heap Roots: 0.0ms
[2025-08-28T13:12:13.228+0000][1088462][info ][gc,phases   ] GC(181)   Evacuate Collection Set: 2.2ms
[2025-08-28T13:12:13.228+0000][1088462][info ][gc,phases   ] GC(181)   Post Evacuate Collection Set: 1.0ms
[2025-08-28T13:12:13.228+0000][1088462][info ][gc,phases   ] GC(181)   Other: 0.1ms
[2025-08-28T13:12:13.228+0000][1088462][trace][gc,age      ] GC(181) Age table with threshold 15 (max threshold 15)
[2025-08-28T13:12:13.228+0000][1088462][trace][gc,age      ] GC(181) - age   1:     554240 bytes,     554240 total
[2025-08-28T13:12:13.228+0000][1088462][trace][gc,age      ] GC(181) - age   2:        712 bytes,     554952 total
[2025-08-28T13:12:13.228+0000][1088462][trace][gc,age      ] GC(181) - age   3:         32 bytes,     554984 total
[2025-08-28T13:12:13.228+0000][1088462][trace][gc,age      ] GC(181) - age   5:      11272 bytes,     566256 total
[2025-08-28T13:12:13.228+0000][1088462][trace][gc,age      ] GC(181) - age   6:       2600 bytes,     568856 total
[2025-08-28T13:12:13.228+0000][1088462][trace][gc,age      ] GC(181) - age   7:        376 bytes,     569232 total
[2025-08-28T13:12:13.228+0000][1088462][trace][gc,age      ] GC(181) - age  11:        536 bytes,     569768 total
[2025-08-28T13:12:13.228+0000][1088462][info ][gc,heap     ] GC(181) Eden regions: 75->0(75)
[2025-08-28T13:12:13.228+0000][1088462][info ][gc,heap     ] GC(181) Survivor regions: 1->1(10)
[2025-08-28T13:12:13.228+0000][1088462][info ][gc,heap     ] GC(181) Old regions: 29->29
[2025-08-28T13:12:13.228+0000][1088462][info ][gc,heap     ] GC(181) Humongous regions: 0->0
[2025-08-28T13:12:13.228+0000][1088462][info ][gc,metaspace] GC(181) Metaspace: 140288K(144192K)->140288K(144192K) NonClass: 121256K(123328K)->121256K(123328K) Class: 19032K(20864K)->19032K(20864K)
[2025-08-28T13:12:13.228+0000][1088462][info ][gc          ] GC(181) Pause Young (Normal) (G1 Evacuation Pause) 414M->114M(512M) 3.597ms
[2025-08-28T13:12:13.228+0000][1088462][info ][gc,cpu      ] GC(181) User=0.00s Sys=0.00s Real=0.00s
[2025-08-28T13:12:13.228+0000][1088462][info ][safepoint   ] Safepoint "G1CollectForAllocation", Time since last: 1985744539 ns, Reaching safepoint: 23295 ns, Cleanup: 7812 ns, At safepoint: 3761889 ns, Total: 3792996 ns
[2025-08-28T13:12:15.450+0000][1088462][info ][gc,start    ] GC(182) Pause Young (Normal) (G1 Evacuation Pause)
[2025-08-28T13:12:15.450+0000][1088462][info ][gc,task     ] GC(182) Using 12 workers of 33 for evacuation
[2025-08-28T13:12:15.450+0000][1088462][debug][gc,age      ] GC(182) Desired survivor size 20971520 bytes, new threshold 15 (max threshold 15)
[2025-08-28T13:12:15.454+0000][1088462][info ][gc,phases   ] GC(182)   Pre Evacuate Collection Set: 0.2ms
[2025-08-28T13:12:15.454+0000][1088462][info ][gc,phases   ] GC(182)   Merge Heap Roots: 0.1ms
[2025-08-28T13:12:15.454+0000][1088462][info ][gc,phases   ] GC(182)   Evacuate Collection Set: 2.5ms
[2025-08-28T13:12:15.454+0000][1088462][info ][gc,phases   ] GC(182)   Post Evacuate Collection Set: 1.0ms
[2025-08-28T13:12:15.454+0000][1088462][info ][gc,phases   ] GC(182)   Other: 0.1ms
[2025-08-28T13:12:15.454+0000][1088462][trace][gc,age      ] GC(182) Age table with threshold 15 (max threshold 15)
[2025-08-28T13:12:15.454+0000][1088462][trace][gc,age      ] GC(182) - age   1:     539688 bytes,     539688 total
[2025-08-28T13:12:15.454+0000][1088462][trace][gc,age      ] GC(182) - age   2:        240 bytes,     539928 total
[2025-08-28T13:12:15.454+0000][1088462][trace][gc,age      ] GC(182) - age   4:         32 bytes,     539960 total
[2025-08-28T13:12:15.454+0000][1088462][trace][gc,age      ] GC(182) - age   6:      11272 bytes,     551232 total
[2025-08-28T13:12:15.454+0000][1088462][trace][gc,age      ] GC(182) - age   7:       2600 bytes,     553832 total
[2025-08-28T13:12:15.454+0000][1088462][trace][gc,age      ] GC(182) - age   8:        376 bytes,     554208 total
[2025-08-28T13:12:15.454+0000][1088462][trace][gc,age      ] GC(182) - age  12:        536 bytes,     554744 total
[2025-08-28T13:12:15.454+0000][1088462][info ][gc,heap     ] GC(182) Eden regions: 75->0(75)
[2025-08-28T13:12:15.454+0000][1088462][info ][gc,heap     ] GC(182) Survivor regions: 1->1(10)
[2025-08-28T13:12:15.454+0000][1088462][info ][gc,heap     ] GC(182) Old regions: 29->29
[2025-08-28T13:12:15.454+0000][1088462][info ][gc,heap     ] GC(182) Humongous regions: 0->0
[2025-08-28T13:12:15.454+0000][1088462][info ][gc,metaspace] GC(182) Metaspace: 140288K(144192K)->140288K(144192K) NonClass: 121256K(123328K)->121256K(123328K) Class: 19032K(20864K)->19032K(20864K)
[2025-08-28T13:12:15.454+0000][1088462][info ][gc          ] GC(182) Pause Young (Normal) (G1 Evacuation Pause) 414M->114M(512M) 4.098ms
[2025-08-28T13:12:15.454+0000][1088462][info ][gc,cpu      ] GC(182) User=0.00s Sys=0.00s Real=0.01s
[2025-08-28T13:12:15.454+0000][1088462][info ][safepoint   ] Safepoint "G1CollectForAllocation", Time since last: 2222279984 ns, Reaching safepoint: 57657 ns, Cleanup: 6670 ns, At safepoint: 4284796 ns, Total: 4349123 ns
[2025-08-28T13:12:17.483+0000][1088462][info ][gc,start    ] GC(183) Pause Young (Normal) (G1 Evacuation Pause)
[2025-08-28T13:12:17.483+0000][1088462][info ][gc,task     ] GC(183) Using 12 workers of 33 for evacuation
[2025-08-28T13:12:17.483+0000][1088462][debug][gc,age      ] GC(183) Desired survivor size 20971520 bytes, new threshold 15 (max threshold 15)
[2025-08-28T13:12:17.487+0000][1088462][info ][gc,phases   ] GC(183)   Pre Evacuate Collection Set: 0.2ms
[2025-08-28T13:12:17.487+0000][1088462][info ][gc,phases   ] GC(183)   Merge Heap Roots: 0.1ms
[2025-08-28T13:12:17.487+0000][1088462][info ][gc,phases   ] GC(183)   Evacuate Collection Set: 2.7ms
[2025-08-28T13:12:17.487+0000][1088462][info ][gc,phases   ] GC(183)   Post Evacuate Collection Set: 0.9ms
[2025-08-28T13:12:17.487+0000][1088462][info ][gc,phases   ] GC(183)   Other: 0.1ms
[2025-08-28T13:12:17.487+0000][1088462][trace][gc,age      ] GC(183) Age table with threshold 15 (max threshold 15)
[2025-08-28T13:12:17.487+0000][1088462][trace][gc,age      ] GC(183) - age   1:     555000 bytes,     555000 total
[2025-08-28T13:12:17.487+0000][1088462][trace][gc,age      ] GC(183) - age   2:        712 bytes,     555712 total
[2025-08-28T13:12:17.487+0000][1088462][trace][gc,age      ] GC(183) - age   3:        240 bytes,     555952 total
[2025-08-28T13:12:17.487+0000][1088462][trace][gc,age      ] GC(183) - age   5:         32 bytes,     555984 total
[2025-08-28T13:12:17.487+0000][1088462][trace][gc,age      ] GC(183) - age   7:      11272 bytes,     567256 total
[2025-08-28T13:12:17.487+0000][1088462][trace][gc,age      ] GC(183) - age   8:       2376 bytes,     569632 total
[2025-08-28T13:12:17.487+0000][1088462][trace][gc,age      ] GC(183) - age   9:        376 bytes,     570008 total
[2025-08-28T13:12:17.487+0000][1088462][trace][gc,age      ] GC(183) - age  13:        536 bytes,     570544 total
[2025-08-28T13:12:17.487+0000][1088462][info ][gc,heap     ] GC(183) Eden regions: 75->0(75)
[2025-08-28T13:12:17.487+0000][1088462][info ][gc,heap     ] GC(183) Survivor regions: 1->1(10)
[2025-08-28T13:12:17.487+0000][1088462][info ][gc,heap     ] GC(183) Old regions: 29->29
[2025-08-28T13:12:17.487+0000][1088462][info ][gc,heap     ] GC(183) Humongous regions: 0->0
[2025-08-28T13:12:17.487+0000][1088462][info ][gc,metaspace] GC(183) Metaspace: 140288K(144192K)->140288K(144192K) NonClass: 121256K(123328K)->121256K(123328K) Class: 19032K(20864K)->19032K(20864K)
[2025-08-28T13:12:17.487+0000][1088462][info ][gc          ] GC(183) Pause Young (Normal) (G1 Evacuation Pause) 414M->114M(512M) 4.174ms
[2025-08-28T13:12:17.487+0000][1088462][info ][gc,cpu      ] GC(183) User=0.00s Sys=0.00s Real=0.00s
[2025-08-28T13:12:17.487+0000][1088462][info ][safepoint   ] Safepoint "G1CollectForAllocation", Time since last: 2028482600 ns, Reaching safepoint: 23255 ns, Cleanup: 8814 ns, At safepoint: 4367249 ns, Total: 4399318 ns
[2025-08-28T13:12:19.513+0000][1088462][info ][gc,start    ] GC(184) Pause Young (Normal) (G1 Evacuation Pause)
[2025-08-28T13:12:19.513+0000][1088462][info ][gc,task     ] GC(184) Using 12 workers of 33 for evacuation
[2025-08-28T13:12:19.513+0000][1088462][debug][gc,age      ] GC(184) Desired survivor size 20971520 bytes, new threshold 15 (max threshold 15)
[2025-08-28T13:12:19.517+0000][1088462][info ][gc,phases   ] GC(184)   Pre Evacuate Collection Set: 0.2ms
[2025-08-28T13:12:19.517+0000][1088462][info ][gc,phases   ] GC(184)   Merge Heap Roots: 0.1ms
[2025-08-28T13:12:19.517+0000][1088462][info ][gc,phases   ] GC(184)   Evacuate Collection Set: 2.7ms
[2025-08-28T13:12:19.517+0000][1088462][info ][gc,phases   ] GC(184)   Post Evacuate Collection Set: 0.9ms
[2025-08-28T13:12:19.517+0000][1088462][info ][gc,phases   ] GC(184)   Other: 0.1ms
[2025-08-28T13:12:19.517+0000][1088462][trace][gc,age      ] GC(184) Age table with threshold 15 (max threshold 15)
[2025-08-28T13:12:19.517+0000][1088462][trace][gc,age      ] GC(184) - age   1:     539152 bytes,     539152 total
[2025-08-28T13:12:19.517+0000][1088462][trace][gc,age      ] GC(184) - age   2:        224 bytes,     539376 total
[2025-08-28T13:12:19.517+0000][1088462][trace][gc,age      ] GC(184) - age   3:        536 bytes,     539912 total
[2025-08-28T13:12:19.517+0000][1088462][trace][gc,age      ] GC(184) - age   4:        240 bytes,     540152 total
[2025-08-28T13:12:19.517+0000][1088462][trace][gc,age      ] GC(184) - age   6:         32 bytes,     540184 total
[2025-08-28T13:12:19.517+0000][1088462][trace][gc,age      ] GC(184) - age   8:      11272 bytes,     551456 total
[2025-08-28T13:12:19.517+0000][1088462][trace][gc,age      ] GC(184) - age   9:       2376 bytes,     553832 total
[2025-08-28T13:12:19.517+0000][1088462][trace][gc,age      ] GC(184) - age  10:        376 bytes,     554208 total
[2025-08-28T13:12:19.517+0000][1088462][trace][gc,age      ] GC(184) - age  14:        536 bytes,     554744 total
[2025-08-28T13:12:19.517+0000][1088462][info ][gc,heap     ] GC(184) Eden regions: 75->0(75)
[2025-08-28T13:12:19.517+0000][1088462][info ][gc,heap     ] GC(184) Survivor regions: 1->1(10)
[2025-08-28T13:12:19.517+0000][1088462][info ][gc,heap     ] GC(184) Old regions: 29->29
[2025-08-28T13:12:19.517+0000][1088462][info ][gc,heap     ] GC(184) Humongous regions: 0->0
[2025-08-28T13:12:19.517+0000][1088462][info ][gc,metaspace] GC(184) Metaspace: 140288K(144192K)->140288K(144192K) NonClass: 121256K(123328K)->121256K(123328K) Class: 19032K(20864K)->19032K(20864K)
[2025-08-28T13:12:19.517+0000][1088462][info ][gc          ] GC(184) Pause Young (Normal) (G1 Evacuation Pause) 414M->114M(512M) 4.100ms
[2025-08-28T13:12:19.517+0000][1088462][info ][gc,cpu      ] GC(184) User=0.01s Sys=0.00s Real=0.00s
[2025-08-28T13:12:19.517+0000][1088462][info ][safepoint   ] Safepoint "G1CollectForAllocation", Time since last: 2025505973 ns, Reaching safepoint: 22835 ns, Cleanup: 8382 ns, At safepoint: 4291115 ns, Total: 4322332 ns
[2025-08-28T13:12:21.538+0000][1088462][info ][gc,start    ] GC(185) Pause Young (Normal) (G1 Evacuation Pause)
[2025-08-28T13:12:21.538+0000][1088462][info ][gc,task     ] GC(185) Using 12 workers of 33 for evacuation
[2025-08-28T13:12:21.538+0000][1088462][debug][gc,age      ] GC(185) Desired survivor size 20971520 bytes, new threshold 15 (max threshold 15)
[2025-08-28T13:12:21.542+0000][1088462][info ][gc,phases   ] GC(185)   Pre Evacuate Collection Set: 0.2ms
[2025-08-28T13:12:21.542+0000][1088462][info ][gc,phases   ] GC(185)   Merge Heap Roots: 0.1ms
[2025-08-28T13:12:21.542+0000][1088462][info ][gc,phases   ] GC(185)   Evacuate Collection Set: 2.6ms
[2025-08-28T13:12:21.542+0000][1088462][info ][gc,phases   ] GC(185)   Post Evacuate Collection Set: 0.8ms
[2025-08-28T13:12:21.542+0000][1088462][info ][gc,phases   ] GC(185)   Other: 0.1ms
[2025-08-28T13:12:21.542+0000][1088462][trace][gc,age      ] GC(185) Age table with threshold 15 (max threshold 15)
[2025-08-28T13:12:21.542+0000][1088462][trace][gc,age      ] GC(185) - age   1:     539752 bytes,     539752 total
[2025-08-28T13:12:21.542+0000][1088462][trace][gc,age      ] GC(185) - age   2:        176 bytes,     539928 total
[2025-08-28T13:12:21.542+0000][1088462][trace][gc,age      ] GC(185) - age   3:        224 bytes,     540152 total
[2025-08-28T13:12:21.542+0000][1088462][trace][gc,age      ] GC(185) - age   7:         32 bytes,     540184 total
[2025-08-28T13:12:21.542+0000][1088462][trace][gc,age      ] GC(185) - age   9:      11272 bytes,     551456 total
[2025-08-28T13:12:21.542+0000][1088462][trace][gc,age      ] GC(185) - age  10:       2376 bytes,     553832 total
[2025-08-28T13:12:21.542+0000][1088462][trace][gc,age      ] GC(185) - age  11:        376 bytes,     554208 total
[2025-08-28T13:12:21.542+0000][1088462][trace][gc,age      ] GC(185) - age  15:        536 bytes,     554744 total
[2025-08-28T13:12:21.542+0000][1088462][info ][gc,heap     ] GC(185) Eden regions: 75->0(75)
[2025-08-28T13:12:21.542+0000][1088462][info ][gc,heap     ] GC(185) Survivor regions: 1->1(10)
[2025-08-28T13:12:21.542+0000][1088462][info ][gc,heap     ] GC(185) Old regions: 29->29
[2025-08-28T13:12:21.542+0000][1088462][info ][gc,heap     ] GC(185) Humongous regions: 0->0
[2025-08-28T13:12:21.542+0000][1088462][info ][gc,metaspace] GC(185) Metaspace: 140288K(144192K)->140288K(144192K) NonClass: 121256K(123328K)->121256K(123328K) Class: 19032K(20864K)->19032K(20864K)
[2025-08-28T13:12:21.542+0000][1088462][info ][gc          ] GC(185) Pause Young (Normal) (G1 Evacuation Pause) 414M->114M(512M) 3.907ms
[2025-08-28T13:12:21.542+0000][1088462][info ][gc,cpu      ] GC(185) User=0.00s Sys=0.00s Real=0.01s
[2025-08-28T13:12:21.542+0000][1088462][info ][safepoint   ] Safepoint "G1CollectForAllocation", Time since last: 2020696819 ns, Reaching safepoint: 21472 ns, Cleanup: 6530 ns, At safepoint: 4094600 ns, Total: 4122602 ns
[2025-08-28T13:12:23.558+0000][1088462][info ][gc,start    ] GC(186) Pause Young (Normal) (G1 Evacuation Pause)
[2025-08-28T13:12:23.558+0000][1088462][info ][gc,task     ] GC(186) Using 12 workers of 33 for evacuation
[2025-08-28T13:12:23.558+0000][1088462][debug][gc,age      ] GC(186) Desired survivor size 20971520 bytes, new threshold 15 (max threshold 15)
[2025-08-28T13:12:23.562+0000][1088462][info ][gc,phases   ] GC(186)   Pre Evacuate Collection Set: 0.2ms
[2025-08-28T13:12:23.562+0000][1088462][info ][gc,phases   ] GC(186)   Merge Heap Roots: 0.1ms
[2025-08-28T13:12:23.562+0000][1088462][info ][gc,phases   ] GC(186)   Evacuate Collection Set: 2.3ms
[2025-08-28T13:12:23.562+0000][1088462][info ][gc,phases   ] GC(186)   Post Evacuate Collection Set: 0.8ms
[2025-08-28T13:12:23.562+0000][1088462][info ][gc,phases   ] GC(186)   Other: 0.1ms
[2025-08-28T13:12:23.562+0000][1088462][trace][gc,age      ] GC(186) Age table with threshold 15 (max threshold 15)
[2025-08-28T13:12:23.562+0000][1088462][trace][gc,age      ] GC(186) - age   1:     554648 bytes,     554648 total
[2025-08-28T13:12:23.562+0000][1088462][trace][gc,age      ] GC(186) - age   2:        776 bytes,     555424 total
[2025-08-28T13:12:23.562+0000][1088462][trace][gc,age      ] GC(186) - age   3:        176 bytes,     555600 total
[2025-08-28T13:12:23.562+0000][1088462][trace][gc,age      ] GC(186) - age   4:        224 bytes,     555824 total
[2025-08-28T13:12:23.562+0000][1088462][trace][gc,age      ] GC(186) - age  10:      11208 bytes,     567032 total
[2025-08-28T13:12:23.562+0000][1088462][trace][gc,age      ] GC(186) - age  11:       1872 bytes,     568904 total
[2025-08-28T13:12:23.562+0000][1088462][trace][gc,age      ] GC(186) - age  12:        376 bytes,     569280 total
[2025-08-28T13:12:23.562+0000][1088462][info ][gc,heap     ] GC(186) Eden regions: 75->0(75)
[2025-08-28T13:12:23.562+0000][1088462][info ][gc,heap     ] GC(186) Survivor regions: 1->1(10)
[2025-08-28T13:12:23.562+0000][1088462][info ][gc,heap     ] GC(186) Old regions: 29->29
[2025-08-28T13:12:23.562+0000][1088462][info ][gc,heap     ] GC(186) Humongous regions: 0->0
[2025-08-28T13:12:23.562+0000][1088462][info ][gc,metaspace] GC(186) Metaspace: 140288K(144192K)->140288K(144192K) NonClass: 121256K(123328K)->121256K(123328K) Class: 19032K(20864K)->19032K(20864K)
[2025-08-28T13:12:23.562+0000][1088462][info ][gc          ] GC(186) Pause Young (Normal) (G1 Evacuation Pause) 414M->114M(512M) 3.647ms
[2025-08-28T13:12:23.562+0000][1088462][info ][gc,cpu      ] GC(186) User=0.01s Sys=0.00s Real=0.01s
[2025-08-28T13:12:23.562+0000][1088462][info ][safepoint   ] Safepoint "G1CollectForAllocation", Time since last: 2015998130 ns, Reaching safepoint: 24156 ns, Cleanup: 8503 ns, At safepoint: 3839416 ns, Total: 3872075 ns
[2025-08-28T13:12:25.571+0000][1088462][info ][gc,start    ] GC(187) Pause Young (Normal) (G1 Evacuation Pause)
[2025-08-28T13:12:25.571+0000][1088462][info ][gc,task     ] GC(187) Using 12 workers of 33 for evacuation
[2025-08-28T13:12:25.571+0000][1088462][debug][gc,age      ] GC(187) Desired survivor size 20971520 bytes, new threshold 15 (max threshold 15)
[2025-08-28T13:12:25.575+0000][1088462][info ][gc,phases   ] GC(187)   Pre Evacuate Collection Set: 0.2ms
[2025-08-28T13:12:25.575+0000][1088462][info ][gc,phases   ] GC(187)   Merge Heap Roots: 0.1ms
[2025-08-28T13:12:25.575+0000][1088462][info ][gc,phases   ] GC(187)   Evacuate Collection Set: 2.5ms
[2025-08-28T13:12:25.575+0000][1088462][info ][gc,phases   ] GC(187)   Post Evacuate Collection Set: 0.8ms
[2025-08-28T13:12:25.575+0000][1088462][info ][gc,phases   ] GC(187)   Other: 0.1ms
[2025-08-28T13:12:25.575+0000][1088462][trace][gc,age      ] GC(187) Age table with threshold 15 (max threshold 15)
[2025-08-28T13:12:25.575+0000][1088462][trace][gc,age      ] GC(187) - age   1:     555944 bytes,     555944 total
[2025-08-28T13:12:25.575+0000][1088462][trace][gc,age      ] GC(187) - age   2:       1048 bytes,     556992 total
[2025-08-28T13:12:25.575+0000][1088462][trace][gc,age      ] GC(187) - age   3:        240 bytes,     557232 total
[2025-08-28T13:12:25.575+0000][1088462][trace][gc,age      ] GC(187) - age   5:        224 bytes,     557456 total
[2025-08-28T13:12:25.575+0000][1088462][trace][gc,age      ] GC(187) - age  11:      11208 bytes,     568664 total
[2025-08-28T13:12:25.575+0000][1088462][trace][gc,age      ] GC(187) - age  12:       1872 bytes,     570536 total
[2025-08-28T13:12:25.575+0000][1088462][trace][gc,age      ] GC(187) - age  13:        376 bytes,     570912 total
[2025-08-28T13:12:25.575+0000][1088462][info ][gc,heap     ] GC(187) Eden regions: 75->0(75)
[2025-08-28T13:12:25.575+0000][1088462][info ][gc,heap     ] GC(187) Survivor regions: 1->1(10)
[2025-08-28T13:12:25.575+0000][1088462][info ][gc,heap     ] GC(187) Old regions: 29->29
[2025-08-28T13:12:25.575+0000][1088462][info ][gc,heap     ] GC(187) Humongous regions: 0->0
[2025-08-28T13:12:25.575+0000][1088462][info ][gc,metaspace] GC(187) Metaspace: 140288K(144192K)->140288K(144192K) NonClass: 121256K(123328K)->121256K(123328K) Class: 19032K(20864K)->19032K(20864K)
[2025-08-28T13:12:25.575+0000][1088462][info ][gc          ] GC(187) Pause Young (Normal) (G1 Evacuation Pause) 414M->114M(512M) 3.833ms
[2025-08-28T13:12:25.575+0000][1088462][info ][gc,cpu      ] GC(187) User=0.00s Sys=0.00s Real=0.00s
[2025-08-28T13:12:25.575+0000][1088462][info ][safepoint   ] Safepoint "G1CollectForAllocation", Time since last: 2009140413 ns, Reaching safepoint: 22955 ns, Cleanup: 8443 ns, At safepoint: 4021980 ns, Total: 4053378 ns
[2025-08-28T13:12:27.601+0000][1088462][info ][gc,start    ] GC(188) Pause Young (Normal) (G1 Evacuation Pause)
[2025-08-28T13:12:27.601+0000][1088462][info ][gc,task     ] GC(188) Using 12 workers of 33 for evacuation
[2025-08-28T13:12:27.601+0000][1088462][debug][gc,age      ] GC(188) Desired survivor size 20971520 bytes, new threshold 15 (max threshold 15)
[2025-08-28T13:12:27.604+0000][1088462][info ][gc,phases   ] GC(188)   Pre Evacuate Collection Set: 0.2ms
[2025-08-28T13:12:27.604+0000][1088462][info ][gc,phases   ] GC(188)   Merge Heap Roots: 0.1ms
[2025-08-28T13:12:27.604+0000][1088462][info ][gc,phases   ] GC(188)   Evacuate Collection Set: 2.5ms
[2025-08-28T13:12:27.604+0000][1088462][info ][gc,phases   ] GC(188)   Post Evacuate Collection Set: 0.8ms
[2025-08-28T13:12:27.604+0000][1088462][info ][gc,phases   ] GC(188)   Other: 0.1ms
[2025-08-28T13:12:27.604+0000][1088462][trace][gc,age      ] GC(188) Age table with threshold 15 (max threshold 15)
[2025-08-28T13:12:27.604+0000][1088462][trace][gc,age      ] GC(188) - age   1:     539112 bytes,     539112 total
[2025-08-28T13:12:27.605+0000][1088462][trace][gc,age      ] GC(188) - age   2:        712 bytes,     539824 total
[2025-08-28T13:12:27.605+0000][1088462][trace][gc,age      ] GC(188) - age   3:       1048 bytes,     540872 total
[2025-08-28T13:12:27.605+0000][1088462][trace][gc,age      ] GC(188) - age   4:        240 bytes,     541112 total
[2025-08-28T13:12:27.605+0000][1088462][trace][gc,age      ] GC(188) - age   6:        224 bytes,     541336 total
[2025-08-28T13:12:27.605+0000][1088462][trace][gc,age      ] GC(188) - age  12:      11208 bytes,     552544 total
[2025-08-28T13:12:27.605+0000][1088462][trace][gc,age      ] GC(188) - age  13:       1872 bytes,     554416 total
[2025-08-28T13:12:27.605+0000][1088462][trace][gc,age      ] GC(188) - age  14:        376 bytes,     554792 total
[2025-08-28T13:12:27.605+0000][1088462][info ][gc,heap     ] GC(188) Eden regions: 75->0(75)
[2025-08-28T13:12:27.605+0000][1088462][info ][gc,heap     ] GC(188) Survivor regions: 1->1(10)
[2025-08-28T13:12:27.605+0000][1088462][info ][gc,heap     ] GC(188) Old regions: 29->29
[2025-08-28T13:12:27.605+0000][1088462][info ][gc,heap     ] GC(188) Humongous regions: 0->0
[2025-08-28T13:12:27.605+0000][1088462][info ][gc,metaspace] GC(188) Metaspace: 140288K(144192K)->140288K(144192K) NonClass: 121256K(123328K)->121256K(123328K) Class: 19032K(20864K)->19032K(20864K)
[2025-08-28T13:12:27.605+0000][1088462][info ][gc          ] GC(188) Pause Young (Normal) (G1 Evacuation Pause) 414M->114M(512M) 3.790ms
[2025-08-28T13:12:27.605+0000][1088462][info ][gc,cpu      ] GC(188) User=0.01s Sys=0.00s Real=0.00s
[2025-08-28T13:12:27.605+0000][1088462][info ][safepoint   ] Safepoint "G1CollectForAllocation", Time since last: 2025635217 ns, Reaching safepoint: 22064 ns, Cleanup: 6970 ns, At safepoint: 3959256 ns, Total: 3988290 ns
[2025-08-28T13:12:29.874+0000][1088462][info ][gc,start    ] GC(189) Pause Young (Normal) (G1 Evacuation Pause)
[2025-08-28T13:12:29.875+0000][1088462][info ][gc,task     ] GC(189) Using 12 workers of 33 for evacuation
[2025-08-28T13:12:29.875+0000][1088462][debug][gc,age      ] GC(189) Desired survivor size 20971520 bytes, new threshold 15 (max threshold 15)
[2025-08-28T13:12:29.878+0000][1088462][info ][gc,phases   ] GC(189)   Pre Evacuate Collection Set: 0.2ms
[2025-08-28T13:12:29.878+0000][1088462][info ][gc,phases   ] GC(189)   Merge Heap Roots: 0.1ms
[2025-08-28T13:12:29.878+0000][1088462][info ][gc,phases   ] GC(189)   Evacuate Collection Set: 2.5ms
[2025-08-28T13:12:29.878+0000][1088462][info ][gc,phases   ] GC(189)   Post Evacuate Collection Set: 0.8ms
[2025-08-28T13:12:29.878+0000][1088462][info ][gc,phases   ] GC(189)   Other: 0.1ms
[2025-08-28T13:12:29.878+0000][1088462][trace][gc,age      ] GC(189) Age table with threshold 15 (max threshold 15)
[2025-08-28T13:12:29.878+0000][1088462][trace][gc,age      ] GC(189) - age   1:     555808 bytes,     555808 total
[2025-08-28T13:12:29.878+0000][1088462][trace][gc,age      ] GC(189) - age   3:        536 bytes,     556344 total
[2025-08-28T13:12:29.878+0000][1088462][trace][gc,age      ] GC(189) - age   4:       1048 bytes,     557392 total
[2025-08-28T13:12:29.878+0000][1088462][trace][gc,age      ] GC(189) - age   5:        240 bytes,     557632 total
[2025-08-28T13:12:29.878+0000][1088462][trace][gc,age      ] GC(189) - age  13:      11208 bytes,     568840 total
[2025-08-28T13:12:29.878+0000][1088462][trace][gc,age      ] GC(189) - age  14:       1872 bytes,     570712 total
[2025-08-28T13:12:29.878+0000][1088462][trace][gc,age      ] GC(189) - age  15:        200 bytes,     570912 total
[2025-08-28T13:12:29.878+0000][1088462][info ][gc,heap     ] GC(189) Eden regions: 75->0(75)
[2025-08-28T13:12:29.878+0000][1088462][info ][gc,heap     ] GC(189) Survivor regions: 1->1(10)
[2025-08-28T13:12:29.878+0000][1088462][info ][gc,heap     ] GC(189) Old regions: 29->29
[2025-08-28T13:12:29.878+0000][1088462][info ][gc,heap     ] GC(189) Humongous regions: 0->0
[2025-08-28T13:12:29.878+0000][1088462][info ][gc,metaspace] GC(189) Metaspace: 140288K(144192K)->140288K(144192K) NonClass: 121256K(123328K)->121256K(123328K) Class: 19032K(20864K)->19032K(20864K)
[2025-08-28T13:12:29.878+0000][1088462][info ][gc          ] GC(189) Pause Young (Normal) (G1 Evacuation Pause) 414M->114M(512M) 3.821ms
[2025-08-28T13:12:29.878+0000][1088462][info ][gc,cpu      ] GC(189) User=0.00s Sys=0.00s Real=0.00s
[2025-08-28T13:12:29.878+0000][1088462][info ][safepoint   ] Safepoint "G1CollectForAllocation", Time since last: 2269680941 ns, Reaching safepoint: 22614 ns, Cleanup: 8092 ns, At safepoint: 3985666 ns, Total: 4016372 ns
[2025-08-28T13:12:31.906+0000][1088462][info ][gc,start    ] GC(190) Pause Young (Normal) (G1 Evacuation Pause)
[2025-08-28T13:12:31.906+0000][1088462][info ][gc,task     ] GC(190) Using 12 workers of 33 for evacuation
[2025-08-28T13:12:31.906+0000][1088462][debug][gc,age      ] GC(190) Desired survivor size 20971520 bytes, new threshold 15 (max threshold 15)
[2025-08-28T13:12:31.910+0000][1088462][info ][gc,phases   ] GC(190)   Pre Evacuate Collection Set: 0.2ms
[2025-08-28T13:12:31.911+0000][1088462][info ][gc,phases   ] GC(190)   Merge Heap Roots: 0.1ms
[2025-08-28T13:12:31.911+0000][1088462][info ][gc,phases   ] GC(190)   Evacuate Collection Set: 2.9ms
[2025-08-28T13:12:31.911+0000][1088462][info ][gc,phases   ] GC(190)   Post Evacuate Collection Set: 0.8ms
[2025-08-28T13:12:31.911+0000][1088462][info ][gc,phases   ] GC(190)   Other: 0.1ms
[2025-08-28T13:12:31.911+0000][1088462][trace][gc,age      ] GC(190) Age table with threshold 15 (max threshold 15)
[2025-08-28T13:12:31.911+0000][1088462][trace][gc,age      ] GC(190) - age   1:     539888 bytes,     539888 total
[2025-08-28T13:12:31.911+0000][1088462][trace][gc,age      ] GC(190) - age   2:        576 bytes,     540464 total
[2025-08-28T13:12:31.911+0000][1088462][trace][gc,age      ] GC(190) - age   5:       1048 bytes,     541512 total
[2025-08-28T13:12:31.911+0000][1088462][trace][gc,age      ] GC(190) - age  14:      10896 bytes,     552408 total
[2025-08-28T13:12:31.911+0000][1088462][trace][gc,age      ] GC(190) - age  15:       1872 bytes,     554280 total
[2025-08-28T13:12:31.911+0000][1088462][info ][gc,heap     ] GC(190) Eden regions: 75->0(75)
[2025-08-28T13:12:31.911+0000][1088462][info ][gc,heap     ] GC(190) Survivor regions: 1->1(10)
[2025-08-28T13:12:31.911+0000][1088462][info ][gc,heap     ] GC(190) Old regions: 29->29
[2025-08-28T13:12:31.911+0000][1088462][info ][gc,heap     ] GC(190) Humongous regions: 0->0
[2025-08-28T13:12:31.911+0000][1088462][info ][gc,metaspace] GC(190) Metaspace: 140288K(144192K)->140288K(144192K) NonClass: 121256K(123328K)->121256K(123328K) Class: 19032K(20864K)->19032K(20864K)
[2025-08-28T13:12:31.911+0000][1088462][info ][gc          ] GC(190) Pause Young (Normal) (G1 Evacuation Pause) 414M->114M(512M) 4.211ms
[2025-08-28T13:12:31.911+0000][1088462][info ][gc,cpu      ] GC(190) User=0.01s Sys=0.00s Real=0.01s
[2025-08-28T13:12:31.911+0000][1088462][info ][safepoint   ] Safepoint "G1CollectForAllocation", Time since last: 2027940375 ns, Reaching safepoint: 22784 ns, Cleanup: 7572 ns, At safepoint: 4399948 ns, Total: 4430304 ns
[2025-08-28T13:12:33.928+0000][1088462][info ][gc,start    ] GC(191) Pause Young (Normal) (G1 Evacuation Pause)
[2025-08-28T13:12:33.928+0000][1088462][info ][gc,task     ] GC(191) Using 12 workers of 33 for evacuation
[2025-08-28T13:12:33.928+0000][1088462][debug][gc,age      ] GC(191) Desired survivor size 20971520 bytes, new threshold 15 (max threshold 15)
[2025-08-28T13:12:33.931+0000][1088462][info ][gc,phases   ] GC(191)   Pre Evacuate Collection Set: 0.2ms
[2025-08-28T13:12:33.931+0000][1088462][info ][gc,phases   ] GC(191)   Merge Heap Roots: 0.1ms
[2025-08-28T13:12:33.931+0000][1088462][info ][gc,phases   ] GC(191)   Evacuate Collection Set: 2.4ms
[2025-08-28T13:12:33.931+0000][1088462][info ][gc,phases   ] GC(191)   Post Evacuate Collection Set: 0.8ms
[2025-08-28T13:12:33.931+0000][1088462][info ][gc,phases   ] GC(191)   Other: 0.1ms
[2025-08-28T13:12:33.931+0000][1088462][trace][gc,age      ] GC(191) Age table with threshold 15 (max threshold 15)
[2025-08-28T13:12:33.931+0000][1088462][trace][gc,age      ] GC(191) - age   1:     556224 bytes,     556224 total
[2025-08-28T13:12:33.931+0000][1088462][trace][gc,age      ] GC(191) - age   2:        776 bytes,     557000 total
[2025-08-28T13:12:33.931+0000][1088462][trace][gc,age      ] GC(191) - age   3:        576 bytes,     557576 total
[2025-08-28T13:12:33.931+0000][1088462][trace][gc,age      ] GC(191) - age   6:        568 bytes,     558144 total
[2025-08-28T13:12:33.931+0000][1088462][trace][gc,age      ] GC(191) - age  15:      10160 bytes,     568304 total
[2025-08-28T13:12:33.931+0000][1088462][info ][gc,heap     ] GC(191) Eden regions: 75->0(75)
[2025-08-28T13:12:33.931+0000][1088462][info ][gc,heap     ] GC(191) Survivor regions: 1->1(10)
[2025-08-28T13:12:33.931+0000][1088462][info ][gc,heap     ] GC(191) Old regions: 29->29
[2025-08-28T13:12:33.931+0000][1088462][info ][gc,heap     ] GC(191) Humongous regions: 0->0
[2025-08-28T13:12:33.931+0000][1088462][info ][gc,metaspace] GC(191) Metaspace: 140288K(144192K)->140288K(144192K) NonClass: 121256K(123328K)->121256K(123328K) Class: 19032K(20864K)->19032K(20864K)
[2025-08-28T13:12:33.932+0000][1088462][info ][gc          ] GC(191) Pause Young (Normal) (G1 Evacuation Pause) 414M->114M(512M) 3.673ms
[2025-08-28T13:12:33.932+0000][1088462][info ][gc,cpu      ] GC(191) User=0.01s Sys=0.00s Real=0.01s
[2025-08-28T13:12:33.932+0000][1088462][info ][safepoint   ] Safepoint "G1CollectForAllocation", Time since last: 2017024906 ns, Reaching safepoint: 19910 ns, Cleanup: 5758 ns, At safepoint: 3866593 ns, Total: 3892261 ns
[2025-08-28T13:12:34.932+0000][1088462][info ][safepoint   ] Safepoint "Cleanup", Time since last: 1000091094 ns, Reaching safepoint: 20571 ns, Cleanup: 19059 ns, At safepoint: 3265 ns, Total: 42895 ns
[2025-08-28T13:12:36.832+0000][1088462][info ][gc,start    ] GC(192) Pause Young (Normal) (G1 Evacuation Pause)
[2025-08-28T13:12:36.832+0000][1088462][info ][gc,task     ] GC(192) Using 12 workers of 33 for evacuation
[2025-08-28T13:12:36.832+0000][1088462][debug][gc,age      ] GC(192) Desired survivor size 20971520 bytes, new threshold 15 (max threshold 15)
[2025-08-28T13:12:36.835+0000][1088462][info ][gc,phases   ] GC(192)   Pre Evacuate Collection Set: 0.2ms
[2025-08-28T13:12:36.835+0000][1088462][info ][gc,phases   ] GC(192)   Merge Heap Roots: 0.1ms
[2025-08-28T13:12:36.835+0000][1088462][info ][gc,phases   ] GC(192)   Evacuate Collection Set: 2.5ms
[2025-08-28T13:12:36.835+0000][1088462][info ][gc,phases   ] GC(192)   Post Evacuate Collection Set: 0.7ms
[2025-08-28T13:12:36.835+0000][1088462][info ][gc,phases   ] GC(192)   Other: 0.1ms
[2025-08-28T13:12:36.835+0000][1088462][trace][gc,age      ] GC(192) Age table with threshold 15 (max threshold 15)
[2025-08-28T13:12:36.835+0000][1088462][trace][gc,age      ] GC(192) - age   1:     569568 bytes,     569568 total
[2025-08-28T13:12:36.835+0000][1088462][trace][gc,age      ] GC(192) - age   2:       1856 bytes,     571424 total
[2025-08-28T13:12:36.835+0000][1088462][trace][gc,age      ] GC(192) - age   3:        240 bytes,     571664 total
[2025-08-28T13:12:36.835+0000][1088462][trace][gc,age      ] GC(192) - age   4:        400 bytes,     572064 total
[2025-08-28T13:12:36.835+0000][1088462][trace][gc,age      ] GC(192) - age   7:        568 bytes,     572632 total
[2025-08-28T13:12:36.835+0000][1088462][info ][gc,heap     ] GC(192) Eden regions: 75->0(75)
[2025-08-28T13:12:36.835+0000][1088462][info ][gc,heap     ] GC(192) Survivor regions: 1->1(10)
[2025-08-28T13:12:36.835+0000][1088462][info ][gc,heap     ] GC(192) Old regions: 29->29
[2025-08-28T13:12:36.835+0000][1088462][info ][gc,heap     ] GC(192) Humongous regions: 0->0
[2025-08-28T13:12:36.835+0000][1088462][info ][gc,metaspace] GC(192) Metaspace: 140288K(144192K)->140288K(144192K) NonClass: 121256K(123328K)->121256K(123328K) Class: 19032K(20864K)->19032K(20864K)
[2025-08-28T13:12:36.835+0000][1088462][info ][gc          ] GC(192) Pause Young (Normal) (G1 Evacuation Pause) 414M->114M(512M) 3.696ms
[2025-08-28T13:12:36.835+0000][1088462][info ][gc,cpu      ] GC(192) User=0.01s Sys=0.00s Real=0.00s
[2025-08-28T13:12:36.835+0000][1088462][info ][safepoint   ] Safepoint "G1CollectForAllocation", Time since last: 1899694538 ns, Reaching safepoint: 20341 ns, Cleanup: 5458 ns, At safepoint: 3860814 ns, Total: 3886613 ns
[2025-08-28T13:12:38.859+0000][1088462][info ][gc,start    ] GC(193) Pause Young (Normal) (G1 Evacuation Pause)
[2025-08-28T13:12:38.859+0000][1088462][info ][gc,task     ] GC(193) Using 12 workers of 33 for evacuation
[2025-08-28T13:12:38.859+0000][1088462][debug][gc,age      ] GC(193) Desired survivor size 20971520 bytes, new threshold 15 (max threshold 15)
[2025-08-28T13:12:38.862+0000][1088462][info ][gc,phases   ] GC(193)   Pre Evacuate Collection Set: 0.1ms
[2025-08-28T13:12:38.862+0000][1088462][info ][gc,phases   ] GC(193)   Merge Heap Roots: 0.1ms
[2025-08-28T13:12:38.862+0000][1088462][info ][gc,phases   ] GC(193)   Evacuate Collection Set: 2.5ms
[2025-08-28T13:12:38.862+0000][1088462][info ][gc,phases   ] GC(193)   Post Evacuate Collection Set: 0.6ms
[2025-08-28T13:12:38.862+0000][1088462][info ][gc,phases   ] GC(193)   Other: 0.1ms
[2025-08-28T13:12:38.862+0000][1088462][trace][gc,age      ] GC(193) Age table with threshold 15 (max threshold 15)
[2025-08-28T13:12:38.862+0000][1088462][trace][gc,age      ] GC(193) - age   1:     539144 bytes,     539144 total
[2025-08-28T13:12:38.862+0000][1088462][trace][gc,age      ] GC(193) - age   2:      14208 bytes,     553352 total
[2025-08-28T13:12:38.862+0000][1088462][trace][gc,age      ] GC(193) - age   3:       1856 bytes,     555208 total
[2025-08-28T13:12:38.862+0000][1088462][trace][gc,age      ] GC(193) - age   4:        240 bytes,     555448 total
[2025-08-28T13:12:38.862+0000][1088462][trace][gc,age      ] GC(193) - age   5:        400 bytes,     555848 total
[2025-08-28T13:12:38.862+0000][1088462][trace][gc,age      ] GC(193) - age   8:        568 bytes,     556416 total
[2025-08-28T13:12:38.862+0000][1088462][info ][gc,heap     ] GC(193) Eden regions: 75->0(75)
[2025-08-28T13:12:38.862+0000][1088462][info ][gc,heap     ] GC(193) Survivor regions: 1->1(10)
[2025-08-28T13:12:38.862+0000][1088462][info ][gc,heap     ] GC(193) Old regions: 29->29
[2025-08-28T13:12:38.862+0000][1088462][info ][gc,heap     ] GC(193) Humongous regions: 0->0
[2025-08-28T13:12:38.862+0000][1088462][info ][gc,metaspace] GC(193) Metaspace: 140288K(144192K)->140288K(144192K) NonClass: 121256K(123328K)->121256K(123328K) Class: 19032K(20864K)->19032K(20864K)
[2025-08-28T13:12:38.862+0000][1088462][info ][gc          ] GC(193) Pause Young (Normal) (G1 Evacuation Pause) 414M->114M(512M) 3.407ms
[2025-08-28T13:12:38.862+0000][1088462][info ][gc,cpu      ] GC(193) User=0.00s Sys=0.00s Real=0.01s
[2025-08-28T13:12:38.862+0000][1088462][info ][safepoint   ] Safepoint "G1CollectForAllocation", Time since last: 2023373353 ns, Reaching safepoint: 19900 ns, Cleanup: 5177 ns, At safepoint: 3539271 ns, Total: 3564348 ns
[2025-08-28T13:12:40.882+0000][1088462][info ][gc,start    ] GC(194) Pause Young (Normal) (G1 Evacuation Pause)
[2025-08-28T13:12:40.882+0000][1088462][info ][gc,task     ] GC(194) Using 12 workers of 33 for evacuation
[2025-08-28T13:12:40.882+0000][1088462][debug][gc,age      ] GC(194) Desired survivor size 20971520 bytes, new threshold 15 (max threshold 15)
[2025-08-28T13:12:40.885+0000][1088462][info ][gc,phases   ] GC(194)   Pre Evacuate Collection Set: 0.1ms
[2025-08-28T13:12:40.885+0000][1088462][info ][gc,phases   ] GC(194)   Merge Heap Roots: 0.1ms
[2025-08-28T13:12:40.885+0000][1088462][info ][gc,phases   ] GC(194)   Evacuate Collection Set: 2.3ms
[2025-08-28T13:12:40.885+0000][1088462][info ][gc,phases   ] GC(194)   Post Evacuate Collection Set: 0.7ms
[2025-08-28T13:12:40.885+0000][1088462][info ][gc,phases   ] GC(194)   Other: 0.1ms
[2025-08-28T13:12:40.885+0000][1088462][trace][gc,age      ] GC(194) Age table with threshold 15 (max threshold 15)
[2025-08-28T13:12:40.885+0000][1088462][trace][gc,age      ] GC(194) - age   1:     554776 bytes,     554776 total
[2025-08-28T13:12:40.885+0000][1088462][trace][gc,age      ] GC(194) - age   2:         32 bytes,     554808 total
[2025-08-28T13:12:40.885+0000][1088462][trace][gc,age      ] GC(194) - age   3:      13496 bytes,     568304 total
[2025-08-28T13:12:40.885+0000][1088462][trace][gc,age      ] GC(194) - age   4:       1856 bytes,     570160 total
[2025-08-28T13:12:40.885+0000][1088462][trace][gc,age      ] GC(194) - age   5:        240 bytes,     570400 total
[2025-08-28T13:12:40.885+0000][1088462][trace][gc,age      ] GC(194) - age   6:        400 bytes,     570800 total
[2025-08-28T13:12:40.885+0000][1088462][trace][gc,age      ] GC(194) - age   9:        568 bytes,     571368 total
[2025-08-28T13:12:40.885+0000][1088462][info ][gc,heap     ] GC(194) Eden regions: 75->0(75)
[2025-08-28T13:12:40.885+0000][1088462][info ][gc,heap     ] GC(194) Survivor regions: 1->1(10)
[2025-08-28T13:12:40.885+0000][1088462][info ][gc,heap     ] GC(194) Old regions: 29->29
[2025-08-28T13:12:40.885+0000][1088462][info ][gc,heap     ] GC(194) Humongous regions: 0->0
[2025-08-28T13:12:40.885+0000][1088462][info ][gc,metaspace] GC(194) Metaspace: 140288K(144192K)->140288K(144192K) NonClass: 121256K(123328K)->121256K(123328K) Class: 19032K(20864K)->19032K(20864K)
[2025-08-28T13:12:40.885+0000][1088462][info ][gc          ] GC(194) Pause Young (Normal) (G1 Evacuation Pause) 414M->114M(512M) 3.509ms
[2025-08-28T13:12:40.885+0000][1088462][info ][gc,cpu      ] GC(194) User=0.00s Sys=0.01s Real=0.00s
[2025-08-28T13:12:40.885+0000][1088462][info ][safepoint   ] Safepoint "G1CollectForAllocation", Time since last: 2019121090 ns, Reaching safepoint: 22994 ns, Cleanup: 7422 ns, At safepoint: 3699882 ns, Total: 3730298 ns
[2025-08-28T13:12:43.511+0000][1088462][info ][gc,start    ] GC(195) Pause Young (Normal) (G1 Evacuation Pause)
[2025-08-28T13:12:43.511+0000][1088462][info ][gc,task     ] GC(195) Using 12 workers of 33 for evacuation
[2025-08-28T13:12:43.511+0000][1088462][debug][gc,age      ] GC(195) Desired survivor size 20971520 bytes, new threshold 15 (max threshold 15)
[2025-08-28T13:12:43.514+0000][1088462][info ][gc,phases   ] GC(195)   Pre Evacuate Collection Set: 0.2ms
[2025-08-28T13:12:43.514+0000][1088462][info ][gc,phases   ] GC(195)   Merge Heap Roots: 0.1ms
[2025-08-28T13:12:43.514+0000][1088462][info ][gc,phases   ] GC(195)   Evacuate Collection Set: 2.2ms
[2025-08-28T13:12:43.514+0000][1088462][info ][gc,phases   ] GC(195)   Post Evacuate Collection Set: 0.8ms
[2025-08-28T13:12:43.514+0000][1088462][info ][gc,phases   ] GC(195)   Other: 0.1ms
[2025-08-28T13:12:43.514+0000][1088462][trace][gc,age      ] GC(195) Age table with threshold 15 (max threshold 15)
[2025-08-28T13:12:43.514+0000][1088462][trace][gc,age      ] GC(195) - age   1:     554408 bytes,     554408 total
[2025-08-28T13:12:43.514+0000][1088462][trace][gc,age      ] GC(195) - age   2:        712 bytes,     555120 total
[2025-08-28T13:12:43.514+0000][1088462][trace][gc,age      ] GC(195) - age   3:         32 bytes,     555152 total
[2025-08-28T13:12:43.514+0000][1088462][trace][gc,age      ] GC(195) - age   4:      13496 bytes,     568648 total
[2025-08-28T13:12:43.514+0000][1088462][trace][gc,age      ] GC(195) - age   5:       1856 bytes,     570504 total
[2025-08-28T13:12:43.514+0000][1088462][trace][gc,age      ] GC(195) - age   7:        176 bytes,     570680 total
[2025-08-28T13:12:43.514+0000][1088462][trace][gc,age      ] GC(195) - age  10:        568 bytes,     571248 total
[2025-08-28T13:12:43.514+0000][1088462][info ][gc,heap     ] GC(195) Eden regions: 75->0(75)
[2025-08-28T13:12:43.514+0000][1088462][info ][gc,heap     ] GC(195) Survivor regions: 1->1(10)
[2025-08-28T13:12:43.514+0000][1088462][info ][gc,heap     ] GC(195) Old regions: 29->29
[2025-08-28T13:12:43.514+0000][1088462][info ][gc,heap     ] GC(195) Humongous regions: 0->0
[2025-08-28T13:12:43.514+0000][1088462][info ][gc,metaspace] GC(195) Metaspace: 140288K(144192K)->140288K(144192K) NonClass: 121256K(123328K)->121256K(123328K) Class: 19032K(20864K)->19032K(20864K)
[2025-08-28T13:12:43.514+0000][1088462][info ][gc          ] GC(195) Pause Young (Normal) (G1 Evacuation Pause) 414M->114M(512M) 3.437ms
[2025-08-28T13:12:43.514+0000][1088462][info ][gc,cpu      ] GC(195) User=0.01s Sys=0.00s Real=0.00s
[2025-08-28T13:12:43.514+0000][1088462][info ][safepoint   ] Safepoint "G1CollectForAllocation", Time since last: 2625384940 ns, Reaching safepoint: 21433 ns, Cleanup: 7691 ns, At safepoint: 3580623 ns, Total: 3609747 ns
[2025-08-28T13:12:45.523+0000][1088462][info ][gc,start    ] GC(196) Pause Young (Normal) (G1 Evacuation Pause)
[2025-08-28T13:12:45.523+0000][1088462][info ][gc,task     ] GC(196) Using 12 workers of 33 for evacuation
[2025-08-28T13:12:45.523+0000][1088462][debug][gc,age      ] GC(196) Desired survivor size 20971520 bytes, new threshold 15 (max threshold 15)
[2025-08-28T13:12:45.526+0000][1088462][info ][gc,phases   ] GC(196)   Pre Evacuate Collection Set: 0.2ms
[2025-08-28T13:12:45.526+0000][1088462][info ][gc,phases   ] GC(196)   Merge Heap Roots: 0.1ms
[2025-08-28T13:12:45.526+0000][1088462][info ][gc,phases   ] GC(196)   Evacuate Collection Set: 2.3ms
[2025-08-28T13:12:45.526+0000][1088462][info ][gc,phases   ] GC(196)   Post Evacuate Collection Set: 0.6ms
[2025-08-28T13:12:45.526+0000][1088462][info ][gc,phases   ] GC(196)   Other: 0.1ms
[2025-08-28T13:12:45.526+0000][1088462][trace][gc,age      ] GC(196) Age table with threshold 15 (max threshold 15)
[2025-08-28T13:12:45.526+0000][1088462][trace][gc,age      ] GC(196) - age   1:     554448 bytes,     554448 total
[2025-08-28T13:12:45.526+0000][1088462][trace][gc,age      ] GC(196) - age   2:        464 bytes,     554912 total
[2025-08-28T13:12:45.526+0000][1088462][trace][gc,age      ] GC(196) - age   3:        536 bytes,     555448 total
[2025-08-28T13:12:45.526+0000][1088462][trace][gc,age      ] GC(196) - age   4:         32 bytes,     555480 total
[2025-08-28T13:12:45.526+0000][1088462][trace][gc,age      ] GC(196) - age   5:      13496 bytes,     568976 total
[2025-08-28T13:12:45.526+0000][1088462][trace][gc,age      ] GC(196) - age   6:       1856 bytes,     570832 total
[2025-08-28T13:12:45.526+0000][1088462][trace][gc,age      ] GC(196) - age   8:        176 bytes,     571008 total
[2025-08-28T13:12:45.526+0000][1088462][trace][gc,age      ] GC(196) - age  11:        568 bytes,     571576 total
[2025-08-28T13:12:45.526+0000][1088462][info ][gc,heap     ] GC(196) Eden regions: 75->0(75)
[2025-08-28T13:12:45.526+0000][1088462][info ][gc,heap     ] GC(196) Survivor regions: 1->1(10)
[2025-08-28T13:12:45.526+0000][1088462][info ][gc,heap     ] GC(196) Old regions: 29->29
[2025-08-28T13:12:45.526+0000][1088462][info ][gc,heap     ] GC(196) Humongous regions: 0->0
[2025-08-28T13:12:45.527+0000][1088462][info ][gc,metaspace] GC(196) Metaspace: 140288K(144192K)->140288K(144192K) NonClass: 121256K(123328K)->121256K(123328K) Class: 19032K(20864K)->19032K(20864K)
[2025-08-28T13:12:45.527+0000][1088462][info ][gc          ] GC(196) Pause Young (Normal) (G1 Evacuation Pause) 414M->114M(512M) 3.354ms
[2025-08-28T13:12:45.527+0000][1088462][info ][gc,cpu      ] GC(196) User=0.00s Sys=0.00s Real=0.00s
[2025-08-28T13:12:45.527+0000][1088462][info ][safepoint   ] Safepoint "G1CollectForAllocation", Time since last: 2008921296 ns, Reaching safepoint: 21823 ns, Cleanup: 6880 ns, At safepoint: 3512400 ns, Total: 3541103 ns
[2025-08-28T13:12:47.552+0000][1088462][info ][gc,start    ] GC(197) Pause Young (Normal) (G1 Evacuation Pause)
[2025-08-28T13:12:47.553+0000][1088462][info ][gc,task     ] GC(197) Using 12 workers of 33 for evacuation
[2025-08-28T13:12:47.553+0000][1088462][debug][gc,age      ] GC(197) Desired survivor size 20971520 bytes, new threshold 15 (max threshold 15)
[2025-08-28T13:12:47.556+0000][1088462][info ][gc,phases   ] GC(197)   Pre Evacuate Collection Set: 0.2ms
[2025-08-28T13:12:47.556+0000][1088462][info ][gc,phases   ] GC(197)   Merge Heap Roots: 0.1ms
[2025-08-28T13:12:47.556+0000][1088462][info ][gc,phases   ] GC(197)   Evacuate Collection Set: 2.4ms
[2025-08-28T13:12:47.556+0000][1088462][info ][gc,phases   ] GC(197)   Post Evacuate Collection Set: 0.7ms
[2025-08-28T13:12:47.556+0000][1088462][info ][gc,phases   ] GC(197)   Other: 0.1ms
[2025-08-28T13:12:47.556+0000][1088462][trace][gc,age      ] GC(197) Age table with threshold 15 (max threshold 15)
[2025-08-28T13:12:47.556+0000][1088462][trace][gc,age      ] GC(197) - age   1:     539536 bytes,     539536 total
[2025-08-28T13:12:47.556+0000][1088462][trace][gc,age      ] GC(197) - age   2:        176 bytes,     539712 total
[2025-08-28T13:12:47.556+0000][1088462][trace][gc,age      ] GC(197) - age   3:        464 bytes,     540176 total
[2025-08-28T13:12:47.556+0000][1088462][trace][gc,age      ] GC(197) - age   5:         32 bytes,     540208 total
[2025-08-28T13:12:47.556+0000][1088462][trace][gc,age      ] GC(197) - age   6:      13336 bytes,     553544 total
[2025-08-28T13:12:47.556+0000][1088462][trace][gc,age      ] GC(197) - age   7:       1856 bytes,     555400 total
[2025-08-28T13:12:47.556+0000][1088462][trace][gc,age      ] GC(197) - age   9:        176 bytes,     555576 total
[2025-08-28T13:12:47.556+0000][1088462][trace][gc,age      ] GC(197) - age  12:        568 bytes,     556144 total
[2025-08-28T13:12:47.556+0000][1088462][info ][gc,heap     ] GC(197) Eden regions: 75->0(75)
[2025-08-28T13:12:47.556+0000][1088462][info ][gc,heap     ] GC(197) Survivor regions: 1->1(10)
[2025-08-28T13:12:47.556+0000][1088462][info ][gc,heap     ] GC(197) Old regions: 29->29
[2025-08-28T13:12:47.556+0000][1088462][info ][gc,heap     ] GC(197) Humongous regions: 0->0
[2025-08-28T13:12:47.556+0000][1088462][info ][gc,metaspace] GC(197) Metaspace: 140288K(144192K)->140288K(144192K) NonClass: 121256K(123328K)->121256K(123328K) Class: 19032K(20864K)->19032K(20864K)
[2025-08-28T13:12:47.556+0000][1088462][info ][gc          ] GC(197) Pause Young (Normal) (G1 Evacuation Pause) 414M->114M(512M) 3.583ms
[2025-08-28T13:12:47.556+0000][1088462][info ][gc,cpu      ] GC(197) User=0.01s Sys=0.00s Real=0.00s
[2025-08-28T13:12:47.556+0000][1088462][info ][safepoint   ] Safepoint "G1CollectForAllocation", Time since last: 2025747472 ns, Reaching safepoint: 21773 ns, Cleanup: 6700 ns, At safepoint: 3766462 ns, Total: 3794935 ns
[2025-08-28T13:12:49.578+0000][1088462][info ][gc,start    ] GC(198) Pause Young (Normal) (G1 Evacuation Pause)
[2025-08-28T13:12:49.578+0000][1088462][info ][gc,task     ] GC(198) Using 12 workers of 33 for evacuation
[2025-08-28T13:12:49.578+0000][1088462][debug][gc,age      ] GC(198) Desired survivor size 20971520 bytes, new threshold 15 (max threshold 15)
[2025-08-28T13:12:49.581+0000][1088462][info ][gc,phases   ] GC(198)   Pre Evacuate Collection Set: 0.2ms
[2025-08-28T13:12:49.581+0000][1088462][info ][gc,phases   ] GC(198)   Merge Heap Roots: 0.1ms
[2025-08-28T13:12:49.581+0000][1088462][info ][gc,phases   ] GC(198)   Evacuate Collection Set: 2.6ms
[2025-08-28T13:12:49.581+0000][1088462][info ][gc,phases   ] GC(198)   Post Evacuate Collection Set: 1.0ms
[2025-08-28T13:12:49.582+0000][1088462][info ][gc,phases   ] GC(198)   Other: 0.1ms
[2025-08-28T13:12:49.582+0000][1088462][trace][gc,age      ] GC(198) Age table with threshold 15 (max threshold 15)
[2025-08-28T13:12:49.582+0000][1088462][trace][gc,age      ] GC(198) - age   1:     539152 bytes,     539152 total
[2025-08-28T13:12:49.582+0000][1088462][trace][gc,age      ] GC(198) - age   2:        536 bytes,     539688 total
[2025-08-28T13:12:49.582+0000][1088462][trace][gc,age      ] GC(198) - age   4:        464 bytes,     540152 total
[2025-08-28T13:12:49.582+0000][1088462][trace][gc,age      ] GC(198) - age   6:         32 bytes,     540184 total
[2025-08-28T13:12:49.582+0000][1088462][trace][gc,age      ] GC(198) - age   7:      13336 bytes,     553520 total
[2025-08-28T13:12:49.582+0000][1088462][trace][gc,age      ] GC(198) - age   8:       1856 bytes,     555376 total
[2025-08-28T13:12:49.582+0000][1088462][trace][gc,age      ] GC(198) - age  10:        176 bytes,     555552 total
[2025-08-28T13:12:49.582+0000][1088462][trace][gc,age      ] GC(198) - age  13:        568 bytes,     556120 total
[2025-08-28T13:12:49.582+0000][1088462][info ][gc,heap     ] GC(198) Eden regions: 75->0(75)
[2025-08-28T13:12:49.582+0000][1088462][info ][gc,heap     ] GC(198) Survivor regions: 1->1(10)
[2025-08-28T13:12:49.582+0000][1088462][info ][gc,heap     ] GC(198) Old regions: 29->29
[2025-08-28T13:12:49.582+0000][1088462][info ][gc,heap     ] GC(198) Humongous regions: 0->0
[2025-08-28T13:12:49.582+0000][1088462][info ][gc,metaspace] GC(198) Metaspace: 140288K(144192K)->140288K(144192K) NonClass: 121256K(123328K)->121256K(123328K) Class: 19032K(20864K)->19032K(20864K)
[2025-08-28T13:12:49.582+0000][1088462][info ][gc          ] GC(198) Pause Young (Normal) (G1 Evacuation Pause) 414M->114M(512M) 4.083ms
[2025-08-28T13:12:49.582+0000][1088462][info ][gc,cpu      ] GC(198) User=0.00s Sys=0.00s Real=0.01s
[2025-08-28T13:12:49.582+0000][1088462][info ][safepoint   ] Safepoint "G1CollectForAllocation", Time since last: 2021228528 ns, Reaching safepoint: 53360 ns, Cleanup: 6720 ns, At safepoint: 4262058 ns, Total: 4322138 ns
[2025-08-28T13:12:51.598+0000][1088462][info ][gc,start    ] GC(199) Pause Young (Normal) (G1 Evacuation Pause)
[2025-08-28T13:12:51.598+0000][1088462][info ][gc,task     ] GC(199) Using 12 workers of 33 for evacuation
[2025-08-28T13:12:51.598+0000][1088462][debug][gc,age      ] GC(199) Desired survivor size 20971520 bytes, new threshold 15 (max threshold 15)
[2025-08-28T13:12:51.601+0000][1088462][info ][gc,phases   ] GC(199)   Pre Evacuate Collection Set: 0.2ms
[2025-08-28T13:12:51.601+0000][1088462][info ][gc,phases   ] GC(199)   Merge Heap Roots: 0.1ms
[2025-08-28T13:12:51.601+0000][1088462][info ][gc,phases   ] GC(199)   Evacuate Collection Set: 1.7ms
[2025-08-28T13:12:51.601+0000][1088462][info ][gc,phases   ] GC(199)   Post Evacuate Collection Set: 0.9ms
[2025-08-28T13:12:51.601+0000][1088462][info ][gc,phases   ] GC(199)   Other: 0.1ms
[2025-08-28T13:12:51.601+0000][1088462][trace][gc,age      ] GC(199) Age table with threshold 15 (max threshold 15)
[2025-08-28T13:12:51.601+0000][1088462][trace][gc,age      ] GC(199) - age   1:     554648 bytes,     554648 total
[2025-08-28T13:12:51.601+0000][1088462][trace][gc,age      ] GC(199) - age   2:        176 bytes,     554824 total
[2025-08-28T13:12:51.601+0000][1088462][trace][gc,age      ] GC(199) - age   5:        224 bytes,     555048 total
[2025-08-28T13:12:51.601+0000][1088462][trace][gc,age      ] GC(199) - age   7:         32 bytes,     555080 total
[2025-08-28T13:12:51.601+0000][1088462][trace][gc,age      ] GC(199) - age   8:      13336 bytes,     568416 total
[2025-08-28T13:12:51.601+0000][1088462][trace][gc,age      ] GC(199) - age   9:       1856 bytes,     570272 total
[2025-08-28T13:12:51.601+0000][1088462][trace][gc,age      ] GC(199) - age  11:        176 bytes,     570448 total
[2025-08-28T13:12:51.601+0000][1088462][trace][gc,age      ] GC(199) - age  14:        568 bytes,     571016 total
[2025-08-28T13:12:51.601+0000][1088462][info ][gc,heap     ] GC(199) Eden regions: 75->0(75)
[2025-08-28T13:12:51.601+0000][1088462][info ][gc,heap     ] GC(199) Survivor regions: 1->1(10)
[2025-08-28T13:12:51.601+0000][1088462][info ][gc,heap     ] GC(199) Old regions: 29->29
[2025-08-28T13:12:51.601+0000][1088462][info ][gc,heap     ] GC(199) Humongous regions: 0->0
[2025-08-28T13:12:51.601+0000][1088462][info ][gc,metaspace] GC(199) Metaspace: 140294K(144256K)->140294K(144256K) NonClass: 121262K(123392K)->121262K(123392K) Class: 19032K(20864K)->19032K(20864K)
[2025-08-28T13:12:51.601+0000][1088462][info ][gc          ] GC(199) Pause Young (Normal) (G1 Evacuation Pause) 414M->114M(512M) 3.179ms
[2025-08-28T13:12:51.601+0000][1088462][info ][gc,cpu      ] GC(199) User=0.00s Sys=0.00s Real=0.01s
[2025-08-28T13:12:51.601+0000][1088462][info ][safepoint   ] Safepoint "G1CollectForAllocation", Time since last: 2016283904 ns, Reaching safepoint: 22514 ns, Cleanup: 6489 ns, At safepoint: 3362486 ns, Total: 3391489 ns
[2025-08-28T13:12:53.627+0000][1088462][info ][gc,start    ] GC(200) Pause Young (Normal) (G1 Evacuation Pause)
[2025-08-28T13:12:53.627+0000][1088462][info ][gc,task     ] GC(200) Using 12 workers of 33 for evacuation
[2025-08-28T13:12:53.627+0000][1088462][debug][gc,age      ] GC(200) Desired survivor size 20971520 bytes, new threshold 15 (max threshold 15)
[2025-08-28T13:12:53.631+0000][1088462][info ][gc,phases   ] GC(200)   Pre Evacuate Collection Set: 0.2ms
[2025-08-28T13:12:53.631+0000][1088462][info ][gc,phases   ] GC(200)   Merge Heap Roots: 0.1ms
[2025-08-28T13:12:53.631+0000][1088462][info ][gc,phases   ] GC(200)   Evacuate Collection Set: 2.5ms
[2025-08-28T13:12:53.631+0000][1088462][info ][gc,phases   ] GC(200)   Post Evacuate Collection Set: 0.9ms
[2025-08-28T13:12:53.631+0000][1088462][info ][gc,phases   ] GC(200)   Other: 0.1ms
[2025-08-28T13:12:53.631+0000][1088462][trace][gc,age      ] GC(200) Age table with threshold 15 (max threshold 15)
[2025-08-28T13:12:53.631+0000][1088462][trace][gc,age      ] GC(200) - age   1:     539992 bytes,     539992 total
[2025-08-28T13:12:53.631+0000][1088462][trace][gc,age      ] GC(200) - age   2:        928 bytes,     540920 total
[2025-08-28T13:12:53.631+0000][1088462][trace][gc,age      ] GC(200) - age   3:        176 bytes,     541096 total
[2025-08-28T13:12:53.631+0000][1088462][trace][gc,age      ] GC(200) - age   6:        224 bytes,     541320 total
[2025-08-28T13:12:53.631+0000][1088462][trace][gc,age      ] GC(200) - age   8:         32 bytes,     541352 total
[2025-08-28T13:12:53.631+0000][1088462][trace][gc,age      ] GC(200) - age   9:      13336 bytes,     554688 total
[2025-08-28T13:12:53.631+0000][1088462][trace][gc,age      ] GC(200) - age  10:       1288 bytes,     555976 total
[2025-08-28T13:12:53.631+0000][1088462][trace][gc,age      ] GC(200) - age  12:        176 bytes,     556152 total
[2025-08-28T13:12:53.631+0000][1088462][trace][gc,age      ] GC(200) - age  15:        568 bytes,     556720 total
[2025-08-28T13:12:53.631+0000][1088462][info ][gc,heap     ] GC(200) Eden regions: 75->0(75)
[2025-08-28T13:12:53.631+0000][1088462][info ][gc,heap     ] GC(200) Survivor regions: 1->1(10)
[2025-08-28T13:12:53.631+0000][1088462][info ][gc,heap     ] GC(200) Old regions: 29->29
[2025-08-28T13:12:53.631+0000][1088462][info ][gc,heap     ] GC(200) Humongous regions: 0->0
[2025-08-28T13:12:53.631+0000][1088462][info ][gc,metaspace] GC(200) Metaspace: 140295K(144256K)->140295K(144256K) NonClass: 121263K(123392K)->121263K(123392K) Class: 19032K(20864K)->19032K(20864K)
[2025-08-28T13:12:53.631+0000][1088462][info ][gc          ] GC(200) Pause Young (Normal) (G1 Evacuation Pause) 414M->114M(512M) 4.011ms
[2025-08-28T13:12:53.631+0000][1088462][info ][gc,cpu      ] GC(200) User=0.00s Sys=0.01s Real=0.01s
[2025-08-28T13:12:53.631+0000][1088462][info ][safepoint   ] Safepoint "G1CollectForAllocation", Time since last: 2025689588 ns, Reaching safepoint: 17556 ns, Cleanup: 6410 ns, At safepoint: 4197447 ns, Total: 4221413 ns
[2025-08-28T13:12:55.648+0000][1088462][info ][gc,start    ] GC(201) Pause Young (Normal) (G1 Evacuation Pause)
[2025-08-28T13:12:55.648+0000][1088462][info ][gc,task     ] GC(201) Using 12 workers of 33 for evacuation
[2025-08-28T13:12:55.648+0000][1088462][debug][gc,age      ] GC(201) Desired survivor size 20971520 bytes, new threshold 15 (max threshold 15)
[2025-08-28T13:12:55.651+0000][1088462][info ][gc,phases   ] GC(201)   Pre Evacuate Collection Set: 0.3ms
[2025-08-28T13:12:55.651+0000][1088462][info ][gc,phases   ] GC(201)   Merge Heap Roots: 0.1ms
[2025-08-28T13:12:55.651+0000][1088462][info ][gc,phases   ] GC(201)   Evacuate Collection Set: 1.8ms
[2025-08-28T13:12:55.651+0000][1088462][info ][gc,phases   ] GC(201)   Post Evacuate Collection Set: 0.9ms
[2025-08-28T13:12:55.651+0000][1088462][info ][gc,phases   ] GC(201)   Other: 0.1ms
[2025-08-28T13:12:55.651+0000][1088462][trace][gc,age      ] GC(201) Age table with threshold 15 (max threshold 15)
[2025-08-28T13:12:55.651+0000][1088462][trace][gc,age      ] GC(201) - age   1:     351312 bytes,     351312 total
[2025-08-28T13:12:55.651+0000][1088462][trace][gc,age      ] GC(201) - age   2:       1016 bytes,     352328 total
[2025-08-28T13:12:55.651+0000][1088462][trace][gc,age      ] GC(201) - age   3:        392 bytes,     352720 total
[2025-08-28T13:12:55.651+0000][1088462][trace][gc,age      ] GC(201) - age   7:        224 bytes,     352944 total
[2025-08-28T13:12:55.651+0000][1088462][trace][gc,age      ] GC(201) - age   9:         32 bytes,     352976 total
[2025-08-28T13:12:55.651+0000][1088462][trace][gc,age      ] GC(201) - age  10:      13336 bytes,     366312 total
[2025-08-28T13:12:55.651+0000][1088462][trace][gc,age      ] GC(201) - age  11:       1288 bytes,     367600 total
[2025-08-28T13:12:55.651+0000][1088462][trace][gc,age      ] GC(201) - age  13:        176 bytes,     367776 total
[2025-08-28T13:12:55.651+0000][1088462][info ][gc,heap     ] GC(201) Eden regions: 75->0(75)
[2025-08-28T13:12:55.651+0000][1088462][info ][gc,heap     ] GC(201) Survivor regions: 1->1(10)
[2025-08-28T13:12:55.651+0000][1088462][info ][gc,heap     ] GC(201) Old regions: 29->29
[2025-08-28T13:12:55.651+0000][1088462][info ][gc,heap     ] GC(201) Humongous regions: 0->0
[2025-08-28T13:12:55.651+0000][1088462][info ][gc,metaspace] GC(201) Metaspace: 140295K(144256K)->140295K(144256K) NonClass: 121263K(123392K)->121263K(123392K) Class: 19032K(20864K)->19032K(20864K)
[2025-08-28T13:12:55.651+0000][1088462][info ][gc          ] GC(201) Pause Young (Normal) (G1 Evacuation Pause) 414M->114M(512M) 3.194ms
[2025-08-28T13:12:55.651+0000][1088462][info ][gc,cpu      ] GC(201) User=0.00s Sys=0.01s Real=0.01s
[2025-08-28T13:12:55.651+0000][1088462][info ][safepoint   ] Safepoint "G1CollectForAllocation", Time since last: 2016528006 ns, Reaching safepoint: 46209 ns, Cleanup: 4196 ns, At safepoint: 3351184 ns, Total: 3401589 ns
[2025-08-28T13:12:57.660+0000][1088462][info ][gc,start    ] GC(202) Pause Young (Normal) (G1 Evacuation Pause)
[2025-08-28T13:12:57.660+0000][1088462][info ][gc,task     ] GC(202) Using 12 workers of 33 for evacuation
[2025-08-28T13:12:57.660+0000][1088462][debug][gc,age      ] GC(202) Desired survivor size 20971520 bytes, new threshold 15 (max threshold 15)
[2025-08-28T13:12:57.663+0000][1088462][info ][gc,phases   ] GC(202)   Pre Evacuate Collection Set: 0.1ms
[2025-08-28T13:12:57.663+0000][1088462][info ][gc,phases   ] GC(202)   Merge Heap Roots: 0.1ms
[2025-08-28T13:12:57.663+0000][1088462][info ][gc,phases   ] GC(202)   Evacuate Collection Set: 2.1ms
[2025-08-28T13:12:57.663+0000][1088462][info ][gc,phases   ] GC(202)   Post Evacuate Collection Set: 0.5ms
[2025-08-28T13:12:57.663+0000][1088462][info ][gc,phases   ] GC(202)   Other: 0.1ms
[2025-08-28T13:12:57.663+0000][1088462][trace][gc,age      ] GC(202) Age table with threshold 15 (max threshold 15)
[2025-08-28T13:12:57.663+0000][1088462][trace][gc,age      ] GC(202) - age   1:     555120 bytes,     555120 total
[2025-08-28T13:12:57.663+0000][1088462][trace][gc,age      ] GC(202) - age   2:        712 bytes,     555832 total
[2025-08-28T13:12:57.663+0000][1088462][trace][gc,age      ] GC(202) - age   3:       1016 bytes,     556848 total
[2025-08-28T13:12:57.663+0000][1088462][trace][gc,age      ] GC(202) - age   4:        392 bytes,     557240 total
[2025-08-28T13:12:57.663+0000][1088462][trace][gc,age      ] GC(202) - age  10:         32 bytes,     557272 total
[2025-08-28T13:12:57.663+0000][1088462][trace][gc,age      ] GC(202) - age  11:      13336 bytes,     570608 total
[2025-08-28T13:12:57.664+0000][1088462][trace][gc,age      ] GC(202) - age  12:       1288 bytes,     571896 total
[2025-08-28T13:12:57.664+0000][1088462][trace][gc,age      ] GC(202) - age  14:        176 bytes,     572072 total
[2025-08-28T13:12:57.664+0000][1088462][info ][gc,heap     ] GC(202) Eden regions: 75->0(75)
[2025-08-28T13:12:57.664+0000][1088462][info ][gc,heap     ] GC(202) Survivor regions: 1->1(10)
[2025-08-28T13:12:57.664+0000][1088462][info ][gc,heap     ] GC(202) Old regions: 29->29
[2025-08-28T13:12:57.664+0000][1088462][info ][gc,heap     ] GC(202) Humongous regions: 0->0
[2025-08-28T13:12:57.664+0000][1088462][info ][gc,metaspace] GC(202) Metaspace: 140295K(144256K)->140295K(144256K) NonClass: 121263K(123392K)->121263K(123392K) Class: 19032K(20864K)->19032K(20864K)
[2025-08-28T13:12:57.664+0000][1088462][info ][gc          ] GC(202) Pause Young (Normal) (G1 Evacuation Pause) 414M->114M(512M) 3.188ms
[2025-08-28T13:12:57.664+0000][1088462][info ][gc,cpu      ] GC(202) User=0.00s Sys=0.00s Real=0.01s
[2025-08-28T13:12:57.664+0000][1088462][info ][safepoint   ] Safepoint "G1CollectForAllocation", Time since last: 2009039385 ns, Reaching safepoint: 22824 ns, Cleanup: 7992 ns, At safepoint: 3413398 ns, Total: 3444214 ns
[2025-08-28T13:12:59.883+0000][1088462][info ][gc,start    ] GC(203) Pause Young (Normal) (G1 Evacuation Pause)
[2025-08-28T13:12:59.883+0000][1088462][info ][gc,task     ] GC(203) Using 12 workers of 33 for evacuation
[2025-08-28T13:12:59.883+0000][1088462][debug][gc,age      ] GC(203) Desired survivor size 20971520 bytes, new threshold 15 (max threshold 15)
[2025-08-28T13:12:59.886+0000][1088462][info ][gc,phases   ] GC(203)   Pre Evacuate Collection Set: 0.2ms
[2025-08-28T13:12:59.886+0000][1088462][info ][gc,phases   ] GC(203)   Merge Heap Roots: 0.1ms
[2025-08-28T13:12:59.886+0000][1088462][info ][gc,phases   ] GC(203)   Evacuate Collection Set: 2.3ms
[2025-08-28T13:12:59.886+0000][1088462][info ][gc,phases   ] GC(203)   Post Evacuate Collection Set: 0.6ms
[2025-08-28T13:12:59.886+0000][1088462][info ][gc,phases   ] GC(203)   Other: 0.1ms
[2025-08-28T13:12:59.886+0000][1088462][trace][gc,age      ] GC(203) Age table with threshold 15 (max threshold 15)
[2025-08-28T13:12:59.886+0000][1088462][trace][gc,age      ] GC(203) - age   1:     555192 bytes,     555192 total
[2025-08-28T13:12:59.886+0000][1088462][trace][gc,age      ] GC(203) - age   2:        224 bytes,     555416 total
[2025-08-28T13:12:59.886+0000][1088462][trace][gc,age      ] GC(203) - age   3:        536 bytes,     555952 total
[2025-08-28T13:12:59.886+0000][1088462][trace][gc,age      ] GC(203) - age   4:       1016 bytes,     556968 total
[2025-08-28T13:12:59.886+0000][1088462][trace][gc,age      ] GC(203) - age   5:        392 bytes,     557360 total
[2025-08-28T13:12:59.886+0000][1088462][trace][gc,age      ] GC(203) - age  11:         32 bytes,     557392 total
[2025-08-28T13:12:59.886+0000][1088462][trace][gc,age      ] GC(203) - age  12:      13336 bytes,     570728 total
[2025-08-28T13:12:59.886+0000][1088462][trace][gc,age      ] GC(203) - age  13:       1288 bytes,     572016 total
[2025-08-28T13:12:59.886+0000][1088462][info ][gc,heap     ] GC(203) Eden regions: 75->0(75)
[2025-08-28T13:12:59.886+0000][1088462][info ][gc,heap     ] GC(203) Survivor regions: 1->1(10)
[2025-08-28T13:12:59.886+0000][1088462][info ][gc,heap     ] GC(203) Old regions: 29->29
[2025-08-28T13:12:59.886+0000][1088462][info ][gc,heap     ] GC(203) Humongous regions: 0->0
[2025-08-28T13:12:59.886+0000][1088462][info ][gc,metaspace] GC(203) Metaspace: 140295K(144256K)->140295K(144256K) NonClass: 121263K(123392K)->121263K(123392K) Class: 19032K(20864K)->19032K(20864K)
[2025-08-28T13:12:59.886+0000][1088462][info ][gc          ] GC(203) Pause Young (Normal) (G1 Evacuation Pause) 414M->114M(512M) 3.430ms
[2025-08-28T13:12:59.887+0000][1088462][info ][gc,cpu      ] GC(203) User=0.00s Sys=0.00s Real=0.00s
[2025-08-28T13:12:59.887+0000][1088462][info ][safepoint   ] Safepoint "G1CollectForAllocation", Time since last: 2219229096 ns, Reaching safepoint: 21693 ns, Cleanup: 7591 ns, At safepoint: 3618806 ns, Total: 3648090 ns
[2025-08-28T13:13:01.907+0000][1088462][info ][gc,start    ] GC(204) Pause Young (Normal) (G1 Evacuation Pause)
[2025-08-28T13:13:01.908+0000][1088462][info ][gc,task     ] GC(204) Using 12 workers of 33 for evacuation
[2025-08-28T13:13:01.908+0000][1088462][debug][gc,age      ] GC(204) Desired survivor size 20971520 bytes, new threshold 15 (max threshold 15)
[2025-08-28T13:13:01.910+0000][1088462][info ][gc,phases   ] GC(204)   Pre Evacuate Collection Set: 0.2ms
[2025-08-28T13:13:01.910+0000][1088462][info ][gc,phases   ] GC(204)   Merge Heap Roots: 0.1ms
[2025-08-28T13:13:01.910+0000][1088462][info ][gc,phases   ] GC(204)   Evacuate Collection Set: 1.9ms
[2025-08-28T13:13:01.910+0000][1088462][info ][gc,phases   ] GC(204)   Post Evacuate Collection Set: 0.6ms
[2025-08-28T13:13:01.910+0000][1088462][info ][gc,phases   ] GC(204)   Other: 0.1ms
[2025-08-28T13:13:01.910+0000][1088462][trace][gc,age      ] GC(204) Age table with threshold 15 (max threshold 15)
[2025-08-28T13:13:01.910+0000][1088462][trace][gc,age      ] GC(204) - age   1:     540896 bytes,     540896 total
[2025-08-28T13:13:01.910+0000][1088462][trace][gc,age      ] GC(204) - age   2:        552 bytes,     541448 total
[2025-08-28T13:13:01.910+0000][1088462][trace][gc,age      ] GC(204) - age   3:        224 bytes,     541672 total
[2025-08-28T13:13:01.910+0000][1088462][trace][gc,age      ] GC(204) - age   5:       1016 bytes,     542688 total
[2025-08-28T13:13:01.910+0000][1088462][trace][gc,age      ] GC(204) - age   6:        152 bytes,     542840 total
[2025-08-28T13:13:01.910+0000][1088462][trace][gc,age      ] GC(204) - age  12:         32 bytes,     542872 total
[2025-08-28T13:13:01.910+0000][1088462][trace][gc,age      ] GC(204) - age  13:      13336 bytes,     556208 total
[2025-08-28T13:13:01.910+0000][1088462][trace][gc,age      ] GC(204) - age  14:       1288 bytes,     557496 total
[2025-08-28T13:13:01.910+0000][1088462][info ][gc,heap     ] GC(204) Eden regions: 75->0(75)
[2025-08-28T13:13:01.910+0000][1088462][info ][gc,heap     ] GC(204) Survivor regions: 1->1(10)
[2025-08-28T13:13:01.910+0000][1088462][info ][gc,heap     ] GC(204) Old regions: 29->29
[2025-08-28T13:13:01.910+0000][1088462][info ][gc,heap     ] GC(204) Humongous regions: 0->0
[2025-08-28T13:13:01.910+0000][1088462][info ][gc,metaspace] GC(204) Metaspace: 140296K(144256K)->140296K(144256K) NonClass: 121264K(123392K)->121264K(123392K) Class: 19032K(20864K)->19032K(20864K)
[2025-08-28T13:13:01.910+0000][1088462][info ][gc          ] GC(204) Pause Young (Normal) (G1 Evacuation Pause) 414M->114M(512M) 3.017ms
[2025-08-28T13:13:01.911+0000][1088462][info ][gc,cpu      ] GC(204) User=0.01s Sys=0.00s Real=0.00s
[2025-08-28T13:13:01.911+0000][1088462][info ][safepoint   ] Safepoint "G1CollectForAllocation", Time since last: 2020784742 ns, Reaching safepoint: 18348 ns, Cleanup: 6399 ns, At safepoint: 3154878 ns, Total: 3179625 ns
[2025-08-28T13:13:02.911+0000][1088462][info ][safepoint   ] Safepoint "Cleanup", Time since last: 1000075605 ns, Reaching safepoint: 21522 ns, Cleanup: 18378 ns, At safepoint: 4006 ns, Total: 43906 ns
[2025-08-28T13:13:03.930+0000][1088462][info ][gc,start    ] GC(205) Pause Young (Normal) (G1 Evacuation Pause)
[2025-08-28T13:13:03.930+0000][1088462][info ][gc,task     ] GC(205) Using 12 workers of 33 for evacuation
[2025-08-28T13:13:03.930+0000][1088462][debug][gc,age      ] GC(205) Desired survivor size 20971520 bytes, new threshold 15 (max threshold 15)
[2025-08-28T13:13:03.933+0000][1088462][info ][gc,phases   ] GC(205)   Pre Evacuate Collection Set: 0.1ms
[2025-08-28T13:13:03.933+0000][1088462][info ][gc,phases   ] GC(205)   Merge Heap Roots: 0.1ms
[2025-08-28T13:13:03.933+0000][1088462][info ][gc,phases   ] GC(205)   Evacuate Collection Set: 2.3ms
[2025-08-28T13:13:03.933+0000][1088462][info ][gc,phases   ] GC(205)   Post Evacuate Collection Set: 0.5ms
[2025-08-28T13:13:03.933+0000][1088462][info ][gc,phases   ] GC(205)   Other: 0.1ms
[2025-08-28T13:13:03.933+0000][1088462][trace][gc,age      ] GC(205) Age table with threshold 15 (max threshold 15)
[2025-08-28T13:13:03.933+0000][1088462][trace][gc,age      ] GC(205) - age   1:     556792 bytes,     556792 total
[2025-08-28T13:13:03.933+0000][1088462][trace][gc,age      ] GC(205) - age   2:       1896 bytes,     558688 total
[2025-08-28T13:13:03.933+0000][1088462][trace][gc,age      ] GC(205) - age   3:        552 bytes,     559240 total
[2025-08-28T13:13:03.933+0000][1088462][trace][gc,age      ] GC(205) - age   4:        224 bytes,     559464 total
[2025-08-28T13:13:03.933+0000][1088462][trace][gc,age      ] GC(205) - age   6:        448 bytes,     559912 total
[2025-08-28T13:13:03.933+0000][1088462][trace][gc,age      ] GC(205) - age   7:        152 bytes,     560064 total
[2025-08-28T13:13:03.933+0000][1088462][trace][gc,age      ] GC(205) - age  13:         32 bytes,     560096 total
[2025-08-28T13:13:03.933+0000][1088462][trace][gc,age      ] GC(205) - age  14:      13336 bytes,     573432 total
[2025-08-28T13:13:03.933+0000][1088462][info ][gc,heap     ] GC(205) Eden regions: 75->0(75)
[2025-08-28T13:13:03.933+0000][1088462][info ][gc,heap     ] GC(205) Survivor regions: 1->1(10)
[2025-08-28T13:13:03.933+0000][1088462][info ][gc,heap     ] GC(205) Old regions: 29->29
[2025-08-28T13:13:03.933+0000][1088462][info ][gc,heap     ] GC(205) Humongous regions: 0->0
[2025-08-28T13:13:03.933+0000][1088462][info ][gc,metaspace] GC(205) Metaspace: 140296K(144256K)->140296K(144256K) NonClass: 121264K(123392K)->121264K(123392K) Class: 19032K(20864K)->19032K(20864K)
[2025-08-28T13:13:03.933+0000][1088462][info ][gc          ] GC(205) Pause Young (Normal) (G1 Evacuation Pause) 414M->114M(512M) 3.253ms
[2025-08-28T13:13:03.933+0000][1088462][info ][gc,cpu      ] GC(205) User=0.01s Sys=0.00s Real=0.01s
[2025-08-28T13:13:03.933+0000][1088462][info ][safepoint   ] Safepoint "G1CollectForAllocation", Time since last: 1019148979 ns, Reaching safepoint: 19800 ns, Cleanup: 6460 ns, At safepoint: 3439746 ns, Total: 3466006 ns
[2025-08-28T13:13:05.942+0000][1088462][info ][gc,start    ] GC(206) Pause Young (Normal) (G1 Evacuation Pause)
[2025-08-28T13:13:05.942+0000][1088462][info ][gc,task     ] GC(206) Using 12 workers of 33 for evacuation
[2025-08-28T13:13:05.942+0000][1088462][debug][gc,age      ] GC(206) Desired survivor size 20971520 bytes, new threshold 15 (max threshold 15)
[2025-08-28T13:13:05.945+0000][1088462][info ][gc,phases   ] GC(206)   Pre Evacuate Collection Set: 0.2ms
[2025-08-28T13:13:05.945+0000][1088462][info ][gc,phases   ] GC(206)   Merge Heap Roots: 0.1ms
[2025-08-28T13:13:05.945+0000][1088462][info ][gc,phases   ] GC(206)   Evacuate Collection Set: 2.2ms
[2025-08-28T13:13:05.945+0000][1088462][info ][gc,phases   ] GC(206)   Post Evacuate Collection Set: 0.5ms
[2025-08-28T13:13:05.945+0000][1088462][info ][gc,phases   ] GC(206)   Other: 0.1ms
[2025-08-28T13:13:05.945+0000][1088462][trace][gc,age      ] GC(206) Age table with threshold 15 (max threshold 15)
[2025-08-28T13:13:05.945+0000][1088462][trace][gc,age      ] GC(206) - age   1:     554984 bytes,     554984 total
[2025-08-28T13:13:05.945+0000][1088462][trace][gc,age      ] GC(206) - age   2:       1856 bytes,     556840 total
[2025-08-28T13:13:05.945+0000][1088462][trace][gc,age      ] GC(206) - age   3:       1360 bytes,     558200 total
[2025-08-28T13:13:05.945+0000][1088462][trace][gc,age      ] GC(206) - age   4:        376 bytes,     558576 total
[2025-08-28T13:13:05.945+0000][1088462][trace][gc,age      ] GC(206) - age   5:        224 bytes,     558800 total
[2025-08-28T13:13:05.945+0000][1088462][trace][gc,age      ] GC(206) - age   7:        448 bytes,     559248 total
[2025-08-28T13:13:05.945+0000][1088462][trace][gc,age      ] GC(206) - age   8:        152 bytes,     559400 total
[2025-08-28T13:13:05.945+0000][1088462][trace][gc,age      ] GC(206) - age  14:         32 bytes,     559432 total
[2025-08-28T13:13:05.945+0000][1088462][trace][gc,age      ] GC(206) - age  15:      13024 bytes,     572456 total
[2025-08-28T13:13:05.945+0000][1088462][info ][gc,heap     ] GC(206) Eden regions: 75->0(75)
[2025-08-28T13:13:05.945+0000][1088462][info ][gc,heap     ] GC(206) Survivor regions: 1->1(10)
[2025-08-28T13:13:05.945+0000][1088462][info ][gc,heap     ] GC(206) Old regions: 29->29
[2025-08-28T13:13:05.945+0000][1088462][info ][gc,heap     ] GC(206) Humongous regions: 0->0
[2025-08-28T13:13:05.945+0000][1088462][info ][gc,metaspace] GC(206) Metaspace: 140296K(144256K)->140296K(144256K) NonClass: 121264K(123392K)->121264K(123392K) Class: 19032K(20864K)->19032K(20864K)
[2025-08-28T13:13:05.945+0000][1088462][info ][gc          ] GC(206) Pause Young (Normal) (G1 Evacuation Pause) 414M->114M(512M) 3.226ms
[2025-08-28T13:13:05.946+0000][1088462][info ][gc,cpu      ] GC(206) User=0.00s Sys=0.00s Real=0.00s
[2025-08-28T13:13:05.946+0000][1088462][info ][safepoint   ] Safepoint "G1CollectForAllocation", Time since last: 2008839254 ns, Reaching safepoint: 21773 ns, Cleanup: 7571 ns, At safepoint: 3389271 ns, Total: 3418615 ns
[2025-08-28T13:13:08.206+0000][1088462][info ][gc,start    ] GC(207) Pause Young (Normal) (G1 Evacuation Pause)
[2025-08-28T13:13:08.206+0000][1088462][info ][gc,task     ] GC(207) Using 12 workers of 33 for evacuation
[2025-08-28T13:13:08.206+0000][1088462][debug][gc,age      ] GC(207) Desired survivor size 20971520 bytes, new threshold 15 (max threshold 15)
[2025-08-28T13:13:08.210+0000][1088462][info ][gc,phases   ] GC(207)   Pre Evacuate Collection Set: 0.1ms
[2025-08-28T13:13:08.210+0000][1088462][info ][gc,phases   ] GC(207)   Merge Heap Roots: 0.1ms
[2025-08-28T13:13:08.210+0000][1088462][info ][gc,phases   ] GC(207)   Evacuate Collection Set: 2.7ms
[2025-08-28T13:13:08.210+0000][1088462][info ][gc,phases   ] GC(207)   Post Evacuate Collection Set: 0.5ms
[2025-08-28T13:13:08.210+0000][1088462][info ][gc,phases   ] GC(207)   Other: 0.1ms
[2025-08-28T13:13:08.210+0000][1088462][trace][gc,age      ] GC(207) Age table with threshold 15 (max threshold 15)
[2025-08-28T13:13:08.210+0000][1088462][trace][gc,age      ] GC(207) - age   1:     539112 bytes,     539112 total
[2025-08-28T13:13:08.210+0000][1088462][trace][gc,age      ] GC(207) - age   2:        712 bytes,     539824 total
[2025-08-28T13:13:08.210+0000][1088462][trace][gc,age      ] GC(207) - age   3:       1856 bytes,     541680 total
[2025-08-28T13:13:08.210+0000][1088462][trace][gc,age      ] GC(207) - age   4:       1360 bytes,     543040 total
[2025-08-28T13:13:08.210+0000][1088462][trace][gc,age      ] GC(207) - age   5:        376 bytes,     543416 total
[2025-08-28T13:13:08.210+0000][1088462][trace][gc,age      ] GC(207) - age   6:        224 bytes,     543640 total
[2025-08-28T13:13:08.210+0000][1088462][trace][gc,age      ] GC(207) - age   8:        448 bytes,     544088 total
[2025-08-28T13:13:08.210+0000][1088462][trace][gc,age      ] GC(207) - age   9:        152 bytes,     544240 total
[2025-08-28T13:13:08.210+0000][1088462][trace][gc,age      ] GC(207) - age  15:         32 bytes,     544272 total
[2025-08-28T13:13:08.210+0000][1088462][info ][gc,heap     ] GC(207) Eden regions: 75->0(75)
[2025-08-28T13:13:08.210+0000][1088462][info ][gc,heap     ] GC(207) Survivor regions: 1->1(10)
[2025-08-28T13:13:08.210+0000][1088462][info ][gc,heap     ] GC(207) Old regions: 29->29
[2025-08-28T13:13:08.210+0000][1088462][info ][gc,heap     ] GC(207) Humongous regions: 0->0
[2025-08-28T13:13:08.210+0000][1088462][info ][gc,metaspace] GC(207) Metaspace: 140296K(144256K)->140296K(144256K) NonClass: 121264K(123392K)->121264K(123392K) Class: 19032K(20864K)->19032K(20864K)
[2025-08-28T13:13:08.210+0000][1088462][info ][gc          ] GC(207) Pause Young (Normal) (G1 Evacuation Pause) 414M->114M(512M) 3.702ms
[2025-08-28T13:13:08.210+0000][1088462][info ][gc,cpu      ] GC(207) User=0.00s Sys=0.00s Real=0.00s
[2025-08-28T13:13:08.210+0000][1088462][info ][safepoint   ] Safepoint "G1CollectForAllocation", Time since last: 2260725819 ns, Reaching safepoint: 22493 ns, Cleanup: 8103 ns, At safepoint: 3885327 ns, Total: 3915923 ns
[2025-08-28T13:13:10.210+0000][1088462][info ][safepoint   ] Safepoint "Cleanup", Time since last: 2000159181 ns, Reaching safepoint: 18938 ns, Cleanup: 27141 ns, At safepoint: 3595 ns, Total: 49674 ns
[2025-08-28T13:13:11.211+0000][1088462][info ][safepoint   ] Safepoint "Cleanup", Time since last: 1000115975 ns, Reaching safepoint: 21503 ns, Cleanup: 25158 ns, At safepoint: 3996 ns, Total: 50657 ns
[2025-08-28T13:13:12.211+0000][1088462][info ][safepoint   ] Safepoint "Cleanup", Time since last: 1000144958 ns, Reaching safepoint: 21342 ns, Cleanup: 18859 ns, At safepoint: 3876 ns, Total: 44077 ns
[2025-08-28T13:13:13.922+0000][1088462][info ][safepoint   ] Safepoint "Cleanup", Time since last: 1711253433 ns, Reaching safepoint: 9134 ns, Cleanup: 19369 ns, At safepoint: 4196 ns, Total: 32699 ns
[2025-08-28T13:13:15.090+0000][1088462][info ][safepoint   ] Safepoint "ICBufferFull", Time since last: 1168155782 ns, Reaching safepoint: 22033 ns, Cleanup: 107291 ns, At safepoint: 4287 ns, Total: 133611 ns
[2025-08-28T13:13:16.107+0000][1088462][info ][safepoint   ] Safepoint "Cleanup", Time since last: 1000137898 ns, Reaching safepoint: 16895958 ns, Cleanup: 47942 ns, At safepoint: 16064 ns, Total: 16959964 ns
[2025-08-28T13:13:18.115+0000][1088462][info ][safepoint   ] Safepoint "Cleanup", Time since last: 2000212942 ns, Reaching safepoint: 7377893 ns, Cleanup: 34202 ns, At safepoint: 15533 ns, Total: 7427628 ns
[2025-08-28T13:13:19.115+0000][1088462][info ][safepoint   ] Safepoint "Cleanup", Time since last: 1000148204 ns, Reaching safepoint: 22494 ns, Cleanup: 75563 ns, At safepoint: 4237 ns, Total: 102294 ns
[2025-08-28T13:13:33.116+0000][1088462][info ][safepoint   ] Safepoint "Cleanup", Time since last: 14001056978 ns, Reaching safepoint: 21272 ns, Cleanup: 35313 ns, At safepoint: 3996 ns, Total: 60581 ns
[2025-08-28T13:13:45.676+0000][1088462][info ][gc,start    ] GC(208) Pause Young (Normal) (G1 Evacuation Pause)
[2025-08-28T13:13:45.676+0000][1088462][info ][gc,task     ] GC(208) Using 12 workers of 33 for evacuation
[2025-08-28T13:13:45.676+0000][1088462][debug][gc,age      ] GC(208) Desired survivor size 20971520 bytes, new threshold 15 (max threshold 15)
[2025-08-28T13:13:45.683+0000][1088462][info ][gc,phases   ] GC(208)   Pre Evacuate Collection Set: 0.2ms
[2025-08-28T13:13:45.683+0000][1088462][info ][gc,phases   ] GC(208)   Merge Heap Roots: 0.1ms
[2025-08-28T13:13:45.683+0000][1088462][info ][gc,phases   ] GC(208)   Evacuate Collection Set: 5.3ms
[2025-08-28T13:13:45.683+0000][1088462][info ][gc,phases   ] GC(208)   Post Evacuate Collection Set: 0.7ms
[2025-08-28T13:13:45.683+0000][1088462][info ][gc,phases   ] GC(208)   Other: 0.1ms
[2025-08-28T13:13:45.683+0000][1088462][trace][gc,age      ] GC(208) Age table with threshold 15 (max threshold 15)
[2025-08-28T13:13:45.683+0000][1088462][trace][gc,age      ] GC(208) - age   1:    5931448 bytes,    5931448 total
[2025-08-28T13:13:45.683+0000][1088462][trace][gc,age      ] GC(208) - age   5:       1120 bytes,    5932568 total
[2025-08-28T13:13:45.683+0000][1088462][trace][gc,age      ] GC(208) - age   6:        200 bytes,    5932768 total
[2025-08-28T13:13:45.683+0000][1088462][trace][gc,age      ] GC(208) - age   9:        224 bytes,    5932992 total
[2025-08-28T13:13:45.683+0000][1088462][trace][gc,age      ] GC(208) - age  10:        152 bytes,    5933144 total
[2025-08-28T13:13:45.683+0000][1088462][info ][gc,heap     ] GC(208) Eden regions: 75->0(74)
[2025-08-28T13:13:45.683+0000][1088462][info ][gc,heap     ] GC(208) Survivor regions: 1->2(10)
[2025-08-28T13:13:45.683+0000][1088462][info ][gc,heap     ] GC(208) Old regions: 29->29
[2025-08-28T13:13:45.683+0000][1088462][info ][gc,heap     ] GC(208) Humongous regions: 0->0
[2025-08-28T13:13:45.683+0000][1088462][info ][gc,metaspace] GC(208) Metaspace: 140649K(144576K)->140649K(144576K) NonClass: 121563K(123648K)->121563K(123648K) Class: 19085K(20928K)->19085K(20928K)
[2025-08-28T13:13:45.683+0000][1088462][info ][gc          ] GC(208) Pause Young (Normal) (G1 Evacuation Pause) 414M->119M(512M) 6.552ms
[2025-08-28T13:13:45.683+0000][1088462][info ][gc,cpu      ] GC(208) User=0.02s Sys=0.00s Real=0.01s
[2025-08-28T13:13:45.683+0000][1088462][info ][safepoint   ] Safepoint "G1CollectForAllocation", Time since last: 12559608981 ns, Reaching safepoint: 23235 ns, Cleanup: 8132 ns, At safepoint: 6738142 ns, Total: 6769509 ns
[2025-08-28T13:13:52.683+0000][1088462][info ][safepoint   ] Safepoint "Cleanup", Time since last: 7000512239 ns, Reaching safepoint: 63625 ns, Cleanup: 18128 ns, At safepoint: 4456 ns, Total: 86209 ns
[2025-08-28T13:14:02.907+0000][1088462][info ][safepoint   ] Safepoint "Cleanup", Time since last: 10223624553 ns, Reaching safepoint: 21643 ns, Cleanup: 18338 ns, At safepoint: 4196 ns, Total: 44177 ns
[2025-08-28T13:14:16.908+0000][1088462][info ][safepoint   ] Safepoint "Cleanup", Time since last: 14001024674 ns, Reaching safepoint: 21643 ns, Cleanup: 19209 ns, At safepoint: 4767 ns, Total: 45619 ns
[2025-08-28T13:14:20.909+0000][1088462][info ][safepoint   ] Safepoint "Cleanup", Time since last: 4000369306 ns, Reaching safepoint: 21663 ns, Cleanup: 17416 ns, At safepoint: 4417 ns, Total: 43496 ns
[2025-08-28T13:14:22.909+0000][1088462][info ][safepoint   ] Safepoint "Cleanup", Time since last: 2000214588 ns, Reaching safepoint: 20661 ns, Cleanup: 17897 ns, At safepoint: 4026 ns, Total: 42584 ns
[2025-08-28T13:14:33.910+0000][1088462][info ][safepoint   ] Safepoint "Cleanup", Time since last: 11000875401 ns, Reaching safepoint: 55273 ns, Cleanup: 18518 ns, At safepoint: 4347 ns, Total: 78138 ns
[2025-08-28T13:15:09.912+0000][1088462][info ][safepoint   ] Safepoint "Cleanup", Time since last: 36002629088 ns, Reaching safepoint: 19389 ns, Cleanup: 17917 ns, At safepoint: 3405 ns, Total: 40711 ns
[2025-08-28T13:15:22.913+0000][1088462][info ][safepoint   ] Safepoint "Cleanup", Time since last: 13000966912 ns, Reaching safepoint: 19619 ns, Cleanup: 15654 ns, At safepoint: 3706 ns, Total: 38979 ns
[2025-08-28T13:15:32.914+0000][1088462][info ][safepoint   ] Safepoint "Cleanup", Time since last: 10000756032 ns, Reaching safepoint: 55103 ns, Cleanup: 20681 ns, At safepoint: 3345 ns, Total: 79129 ns
[2025-08-28T13:15:40.915+0000][1088462][info ][safepoint   ] Safepoint "Cleanup", Time since last: 8000629862 ns, Reaching safepoint: 19810 ns, Cleanup: 15874 ns, At safepoint: 4446 ns, Total: 40130 ns
[2025-08-28T13:16:02.942+0000][1088462][info ][safepoint   ] Safepoint "Cleanup", Time since last: 22027354705 ns, Reaching safepoint: 20130 ns, Cleanup: 15664 ns, At safepoint: 3415 ns, Total: 39209 ns
[2025-08-28T13:16:08.943+0000][1088462][info ][safepoint   ] Safepoint "Cleanup", Time since last: 6000521990 ns, Reaching safepoint: 20010 ns, Cleanup: 14111 ns, At safepoint: 3175 ns, Total: 37296 ns
[2025-08-28T13:16:16.944+0000][1088462][info ][safepoint   ] Safepoint "Cleanup", Time since last: 8000663087 ns, Reaching safepoint: 19880 ns, Cleanup: 20822 ns, At safepoint: 3315 ns, Total: 44017 ns
[2025-08-28T13:16:22.944+0000][1088462][info ][safepoint   ] Safepoint "Cleanup", Time since last: 6000501925 ns, Reaching safepoint: 20180 ns, Cleanup: 17937 ns, At safepoint: 3285 ns, Total: 41402 ns
[2025-08-28T13:16:29.945+0000][1088462][info ][safepoint   ] Safepoint "Cleanup", Time since last: 7000601940 ns, Reaching safepoint: 77457 ns, Cleanup: 15543 ns, At safepoint: 3506 ns, Total: 96506 ns
[2025-08-28T13:16:32.945+0000][1088462][info ][safepoint   ] Safepoint "Cleanup", Time since last: 3000277682 ns, Reaching safepoint: 19890 ns, Cleanup: 18228 ns, At safepoint: 3555 ns, Total: 41673 ns
[2025-08-28T13:16:35.945+0000][1088462][info ][safepoint   ] Safepoint "Cleanup", Time since last: 3000282219 ns, Reaching safepoint: 19319 ns, Cleanup: 14382 ns, At safepoint: 3085 ns, Total: 36786 ns
[2025-08-28T13:16:49.947+0000][1088462][info ][safepoint   ] Safepoint "Cleanup", Time since last: 14001095167 ns, Reaching safepoint: 25098 ns, Cleanup: 15183 ns, At safepoint: 3445 ns, Total: 43726 ns
[2025-08-28T13:16:51.947+0000][1088462][info ][safepoint   ] Safepoint "Cleanup", Time since last: 2000220642 ns, Reaching safepoint: 19830 ns, Cleanup: 17306 ns, At safepoint: 3325 ns, Total: 40461 ns
[2025-08-28T13:16:52.947+0000][1088462][info ][safepoint   ] Safepoint "Cleanup", Time since last: 1000111092 ns, Reaching safepoint: 19569 ns, Cleanup: 19780 ns, At safepoint: 3255 ns, Total: 42604 ns
[2025-08-28T13:17:02.948+0000][1088462][info ][safepoint   ] Safepoint "Cleanup", Time since last: 10000808676 ns, Reaching safepoint: 19730 ns, Cleanup: 17606 ns, At safepoint: 3295 ns, Total: 40631 ns
[2025-08-28T13:17:10.949+0000][1088462][info ][safepoint   ] Safepoint "Cleanup", Time since last: 8000644558 ns, Reaching safepoint: 20461 ns, Cleanup: 14151 ns, At safepoint: 3165 ns, Total: 37777 ns
[2025-08-28T13:17:31.950+0000][1088462][info ][safepoint   ] Safepoint "Cleanup", Time since last: 21001618148 ns, Reaching safepoint: 54241 ns, Cleanup: 15243 ns, At safepoint: 3255 ns, Total: 72739 ns
[2025-08-28T13:17:52.952+0000][1088462][info ][safepoint   ] Safepoint "Cleanup", Time since last: 21001656435 ns, Reaching safepoint: 81423 ns, Cleanup: 14722 ns, At safepoint: 3415 ns, Total: 99560 ns
[2025-08-28T13:18:02.953+0000][1088462][info ][safepoint   ] Safepoint "Cleanup", Time since last: 10000793423 ns, Reaching safepoint: 19639 ns, Cleanup: 15133 ns, At safepoint: 3125 ns, Total: 37897 ns
[2025-08-28T13:18:19.954+0000][1088462][info ][safepoint   ] Safepoint "Cleanup", Time since last: 17001334069 ns, Reaching safepoint: 19619 ns, Cleanup: 21042 ns, At safepoint: 3205 ns, Total: 43866 ns
[2025-08-28T13:18:20.954+0000][1088462][info ][safepoint   ] Safepoint "Cleanup", Time since last: 1000136039 ns, Reaching safepoint: 49905 ns, Cleanup: 21663 ns, At safepoint: 5949 ns, Total: 77517 ns
[2025-08-28T13:18:22.955+0000][1088462][info ][safepoint   ] Safepoint "Cleanup", Time since last: 2000210414 ns, Reaching safepoint: 19610 ns, Cleanup: 16384 ns, At safepoint: 3255 ns, Total: 39249 ns
[2025-08-28T13:19:41.961+0000][1088462][info ][safepoint   ] Safepoint "Cleanup", Time since last: 79005809296 ns, Reaching safepoint: 53731 ns, Cleanup: 14882 ns, At safepoint: 4047 ns, Total: 72660 ns
[2025-08-28T13:19:43.961+0000][1088462][info ][safepoint   ] Safepoint "Cleanup", Time since last: 2000614232 ns, Reaching safepoint: 34923 ns, Cleanup: 18477 ns, At safepoint: 5759 ns, Total: 59159 ns
[2025-08-28T13:19:51.962+0000][1088462][info ][safepoint   ] Safepoint "Cleanup", Time since last: 8000668641 ns, Reaching safepoint: 54362 ns, Cleanup: 15483 ns, At safepoint: 5709 ns, Total: 75554 ns
[2025-08-28T13:20:02.963+0000][1088462][info ][safepoint   ] Safepoint "Cleanup", Time since last: 11000857903 ns, Reaching safepoint: 20060 ns, Cleanup: 14743 ns, At safepoint: 3345 ns, Total: 38148 ns
[2025-08-28T13:21:22.969+0000][1088462][info ][safepoint   ] Safepoint "Cleanup", Time since last: 80006002821 ns, Reaching safepoint: 55603 ns, Cleanup: 18839 ns, At safepoint: 3305 ns, Total: 77747 ns
[2025-08-28T13:22:12.827+0000][1088462][info ][gc,start    ] GC(209) Pause Young (Normal) (G1 Evacuation Pause)
[2025-08-28T13:22:12.827+0000][1088462][info ][gc,task     ] GC(209) Using 12 workers of 33 for evacuation
[2025-08-28T13:22:12.827+0000][1088462][debug][gc,age      ] GC(209) Desired survivor size 20971520 bytes, new threshold 15 (max threshold 15)
[2025-08-28T13:22:12.829+0000][1088462][info ][gc,phases   ] GC(209)   Pre Evacuate Collection Set: 0.2ms
[2025-08-28T13:22:12.829+0000][1088462][info ][gc,phases   ] GC(209)   Merge Heap Roots: 0.1ms
[2025-08-28T13:22:12.829+0000][1088462][info ][gc,phases   ] GC(209)   Evacuate Collection Set: 1.8ms
[2025-08-28T13:22:12.829+0000][1088462][info ][gc,phases   ] GC(209)   Post Evacuate Collection Set: 0.4ms
[2025-08-28T13:22:12.829+0000][1088462][info ][gc,phases   ] GC(209)   Other: 0.1ms
[2025-08-28T13:22:12.829+0000][1088462][trace][gc,age      ] GC(209) Age table with threshold 15 (max threshold 15)
[2025-08-28T13:22:12.829+0000][1088462][trace][gc,age      ] GC(209) - age   1:     361736 bytes,     361736 total
[2025-08-28T13:22:12.829+0000][1088462][trace][gc,age      ] GC(209) - age   2:    5689240 bytes,    6050976 total
[2025-08-28T13:22:12.830+0000][1088462][trace][gc,age      ] GC(209) - age   6:        592 bytes,    6051568 total
[2025-08-28T13:22:12.830+0000][1088462][trace][gc,age      ] GC(209) - age   7:         24 bytes,    6051592 total
[2025-08-28T13:22:12.830+0000][1088462][trace][gc,age      ] GC(209) - age  11:        152 bytes,    6051744 total
[2025-08-28T13:22:12.830+0000][1088462][info ][gc,heap     ] GC(209) Eden regions: 74->0(74)
[2025-08-28T13:22:12.830+0000][1088462][info ][gc,heap     ] GC(209) Survivor regions: 2->2(10)
[2025-08-28T13:22:12.830+0000][1088462][info ][gc,heap     ] GC(209) Old regions: 29->29
[2025-08-28T13:22:12.830+0000][1088462][info ][gc,heap     ] GC(209) Humongous regions: 0->0
[2025-08-28T13:22:12.830+0000][1088462][info ][gc,metaspace] GC(209) Metaspace: 140732K(144704K)->140732K(144704K) NonClass: 121646K(123776K)->121646K(123776K) Class: 19085K(20928K)->19085K(20928K)
[2025-08-28T13:22:12.830+0000][1088462][info ][gc          ] GC(209) Pause Young (Normal) (G1 Evacuation Pause) 415M->120M(512M) 2.694ms
[2025-08-28T13:22:12.830+0000][1088462][info ][gc,cpu      ] GC(209) User=0.02s Sys=0.00s Real=0.00s
[2025-08-28T13:22:12.830+0000][1088462][info ][safepoint   ] Safepoint "G1CollectForAllocation", Time since last: 49857778925 ns, Reaching safepoint: 42944 ns, Cleanup: 6440 ns, At safepoint: 2866130 ns, Total: 2915514 ns
[2025-08-28T13:23:20.834+0000][1088462][info ][safepoint   ] Safepoint "Cleanup", Time since last: 68004602742 ns, Reaching safepoint: 20060 ns, Cleanup: 15554 ns, At safepoint: 3275 ns, Total: 38889 ns
[2025-08-28T13:23:46.837+0000][1088462][info ][safepoint   ] Safepoint "Cleanup", Time since last: 26002243568 ns, Reaching safepoint: 59019 ns, Cleanup: 15002 ns, At safepoint: 3335 ns, Total: 77356 ns
[2025-08-28T13:24:32.840+0000][1088462][info ][safepoint   ] Safepoint "Cleanup", Time since last: 46003391008 ns, Reaching safepoint: 53701 ns, Cleanup: 16815 ns, At safepoint: 5879 ns, Total: 76395 ns
[2025-08-28T13:26:23.848+0000][1088462][info ][safepoint   ] Safepoint "Cleanup", Time since last: 111007840847 ns, Reaching safepoint: 57456 ns, Cleanup: 15754 ns, At safepoint: 5959 ns, Total: 79169 ns
[2025-08-28T13:26:52.850+0000][1088462][info ][safepoint   ] Safepoint "Cleanup", Time since last: 29002411830 ns, Reaching safepoint: 19109 ns, Cleanup: 14291 ns, At safepoint: 3395 ns, Total: 36795 ns
[2025-08-28T13:27:03.111+0000][1088462][info ][safepoint   ] Safepoint "Cleanup", Time since last: 10260064792 ns, Reaching safepoint: 20210 ns, Cleanup: 17917 ns, At safepoint: 3175 ns, Total: 41302 ns
[2025-08-28T13:28:12.116+0000][1088462][info ][safepoint   ] Safepoint "Cleanup", Time since last: 69004937595 ns, Reaching safepoint: 57657 ns, Cleanup: 14722 ns, At safepoint: 5949 ns, Total: 78328 ns
[2025-08-28T13:28:23.117+0000][1088462][info ][safepoint   ] Safepoint "Cleanup", Time since last: 11001245289 ns, Reaching safepoint: 55883 ns, Cleanup: 15614 ns, At safepoint: 3355 ns, Total: 74852 ns
[2025-08-28T13:28:40.118+0000][1088462][info ][safepoint   ] Safepoint "Cleanup", Time since last: 17001246967 ns, Reaching safepoint: 51206 ns, Cleanup: 15604 ns, At safepoint: 3265 ns, Total: 70075 ns
[2025-08-28T13:29:50.124+0000][1088462][info ][safepoint   ] Safepoint "Cleanup", Time since last: 70005231639 ns, Reaching safepoint: 81082 ns, Cleanup: 15042 ns, At safepoint: 3465 ns, Total: 99589 ns
[2025-08-28T13:30:34.127+0000][1088462][info ][safepoint   ] Safepoint "Cleanup", Time since last: 44003644039 ns, Reaching safepoint: 49975 ns, Cleanup: 15002 ns, At safepoint: 6410 ns, Total: 71387 ns
[2025-08-28T13:30:51.873+0000][1088462][info ][gc,start    ] GC(210) Pause Young (Normal) (G1 Evacuation Pause)
[2025-08-28T13:30:51.874+0000][1088462][info ][gc,task     ] GC(210) Using 12 workers of 33 for evacuation
[2025-08-28T13:30:51.874+0000][1088462][debug][gc,age      ] GC(210) Desired survivor size 20971520 bytes, new threshold 15 (max threshold 15)
[2025-08-28T13:30:51.876+0000][1088462][info ][gc,phases   ] GC(210)   Pre Evacuate Collection Set: 0.2ms
[2025-08-28T13:30:51.876+0000][1088462][info ][gc,phases   ] GC(210)   Merge Heap Roots: 0.1ms
[2025-08-28T13:30:51.876+0000][1088462][info ][gc,phases   ] GC(210)   Evacuate Collection Set: 1.4ms
[2025-08-28T13:30:51.876+0000][1088462][info ][gc,phases   ] GC(210)   Post Evacuate Collection Set: 0.4ms
[2025-08-28T13:30:51.876+0000][1088462][info ][gc,phases   ] GC(210)   Other: 0.1ms
[2025-08-28T13:30:51.876+0000][1088462][trace][gc,age      ] GC(210) Age table with threshold 15 (max threshold 15)
[2025-08-28T13:30:51.876+0000][1088462][trace][gc,age      ] GC(210) - age   1:      17816 bytes,      17816 total
[2025-08-28T13:30:51.876+0000][1088462][trace][gc,age      ] GC(210) - age   2:     279368 bytes,     297184 total
[2025-08-28T13:30:51.876+0000][1088462][trace][gc,age      ] GC(210) - age   3:    5688352 bytes,    5985536 total
[2025-08-28T13:30:51.876+0000][1088462][trace][gc,age      ] GC(210) - age   7:        592 bytes,    5986128 total
[2025-08-28T13:30:51.876+0000][1088462][trace][gc,age      ] GC(210) - age   8:         24 bytes,    5986152 total
[2025-08-28T13:30:51.876+0000][1088462][trace][gc,age      ] GC(210) - age  12:        152 bytes,    5986304 total
[2025-08-28T13:30:51.876+0000][1088462][info ][gc,heap     ] GC(210) Eden regions: 74->0(74)
[2025-08-28T13:30:51.876+0000][1088462][info ][gc,heap     ] GC(210) Survivor regions: 2->2(10)
[2025-08-28T13:30:51.876+0000][1088462][info ][gc,heap     ] GC(210) Old regions: 29->29
[2025-08-28T13:30:51.876+0000][1088462][info ][gc,heap     ] GC(210) Humongous regions: 0->0
[2025-08-28T13:30:51.876+0000][1088462][info ][gc,metaspace] GC(210) Metaspace: 140755K(144704K)->140755K(144704K) NonClass: 121669K(123776K)->121669K(123776K) Class: 19085K(20928K)->19085K(20928K)
[2025-08-28T13:30:51.876+0000][1088462][info ][gc          ] GC(210) Pause Young (Normal) (G1 Evacuation Pause) 416M->120M(512M) 2.293ms
[2025-08-28T13:30:51.876+0000][1088462][info ][gc,cpu      ] GC(210) User=0.01s Sys=0.00s Real=0.00s
[2025-08-28T13:30:51.876+0000][1088462][info ][safepoint   ] Safepoint "G1CollectForAllocation", Time since last: 17746100015 ns, Reaching safepoint: 36204 ns, Cleanup: 6560 ns, At safepoint: 2460316 ns, Total: 2503080 ns
[2025-08-28T13:30:52.876+0000][1088462][info ][safepoint   ] Safepoint "Cleanup", Time since last: 1000071855 ns, Reaching safepoint: 19829 ns, Cleanup: 15163 ns, At safepoint: 6470 ns, Total: 41462 ns
[2025-08-28T13:30:59.877+0000][1088462][info ][safepoint   ] Safepoint "Cleanup", Time since last: 7000538842 ns, Reaching safepoint: 53981 ns, Cleanup: 21262 ns, At safepoint: 10286 ns, Total: 85529 ns
[2025-08-28T13:31:00.877+0000][1088462][info ][safepoint   ] Safepoint "Cleanup", Time since last: 1000126836 ns, Reaching safepoint: 20391 ns, Cleanup: 14061 ns, At safepoint: 3235 ns, Total: 37687 ns
[2025-08-28T13:31:25.879+0000][1088462][info ][safepoint   ] Safepoint "Cleanup", Time since last: 25001966076 ns, Reaching safepoint: 54732 ns, Cleanup: 17787 ns, At safepoint: 3395 ns, Total: 75914 ns
[2025-08-28T13:33:55.890+0000][1088462][info ][safepoint   ] Safepoint "Cleanup", Time since last: 150010672051 ns, Reaching safepoint: 20701 ns, Cleanup: 14742 ns, At safepoint: 3626 ns, Total: 39069 ns
[2025-08-28T13:35:13.895+0000][1088462][info ][safepoint   ] Safepoint "Cleanup", Time since last: 78005787685 ns, Reaching safepoint: 57165 ns, Cleanup: 15674 ns, At safepoint: 3315 ns, Total: 76154 ns
[2025-08-28T13:35:32.897+0000][1088462][info ][safepoint   ] Safepoint "Cleanup", Time since last: 19001799487 ns, Reaching safepoint: 56004 ns, Cleanup: 19529 ns, At safepoint: 3446 ns, Total: 78979 ns
[2025-08-28T13:36:14.900+0000][1088462][info ][safepoint   ] Safepoint "Cleanup", Time since last: 42002996411 ns, Reaching safepoint: 56065 ns, Cleanup: 13820 ns, At safepoint: 3546 ns, Total: 73431 ns
[2025-08-28T13:38:52.911+0000][1088462][info ][safepoint   ] Safepoint "Cleanup", Time since last: 158011051821 ns, Reaching safepoint: 56896 ns, Cleanup: 14762 ns, At safepoint: 3315 ns, Total: 74973 ns
[2025-08-28T13:39:02.913+0000][1088462][info ][safepoint   ] Safepoint "Cleanup", Time since last: 10001160723 ns, Reaching safepoint: 56695 ns, Cleanup: 15394 ns, At safepoint: 3695 ns, Total: 75784 ns
[2025-08-28T13:39:32.240+0000][1088462][info ][gc,start    ] GC(211) Pause Young (Normal) (G1 Evacuation Pause)
[2025-08-28T13:39:32.241+0000][1088462][info ][gc,task     ] GC(211) Using 12 workers of 33 for evacuation
[2025-08-28T13:39:32.241+0000][1088462][debug][gc,age      ] GC(211) Desired survivor size 20971520 bytes, new threshold 15 (max threshold 15)
[2025-08-28T13:39:32.243+0000][1088462][info ][gc,phases   ] GC(211)   Pre Evacuate Collection Set: 0.2ms
[2025-08-28T13:39:32.243+0000][1088462][info ][gc,phases   ] GC(211)   Merge Heap Roots: 0.1ms
[2025-08-28T13:39:32.243+0000][1088462][info ][gc,phases   ] GC(211)   Evacuate Collection Set: 1.5ms
[2025-08-28T13:39:32.243+0000][1088462][info ][gc,phases   ] GC(211)   Post Evacuate Collection Set: 0.4ms
[2025-08-28T13:39:32.243+0000][1088462][info ][gc,phases   ] GC(211)   Other: 0.1ms
[2025-08-28T13:39:32.243+0000][1088462][trace][gc,age      ] GC(211) Age table with threshold 15 (max threshold 15)
[2025-08-28T13:39:32.243+0000][1088462][trace][gc,age      ] GC(211) - age   1:      18728 bytes,      18728 total
[2025-08-28T13:39:32.243+0000][1088462][trace][gc,age      ] GC(211) - age   2:       8712 bytes,      27440 total
[2025-08-28T13:39:32.243+0000][1088462][trace][gc,age      ] GC(211) - age   3:     279368 bytes,     306808 total
[2025-08-28T13:39:32.243+0000][1088462][trace][gc,age      ] GC(211) - age   4:    5688352 bytes,    5995160 total
[2025-08-28T13:39:32.243+0000][1088462][trace][gc,age      ] GC(211) - age   8:        592 bytes,    5995752 total
[2025-08-28T13:39:32.243+0000][1088462][trace][gc,age      ] GC(211) - age   9:         24 bytes,    5995776 total
[2025-08-28T13:39:32.243+0000][1088462][trace][gc,age      ] GC(211) - age  13:        152 bytes,    5995928 total
[2025-08-28T13:39:32.243+0000][1088462][info ][gc,heap     ] GC(211) Eden regions: 74->0(74)
[2025-08-28T13:39:32.243+0000][1088462][info ][gc,heap     ] GC(211) Survivor regions: 2->2(10)
[2025-08-28T13:39:32.243+0000][1088462][info ][gc,heap     ] GC(211) Old regions: 29->29
[2025-08-28T13:39:32.243+0000][1088462][info ][gc,heap     ] GC(211) Humongous regions: 0->0
[2025-08-28T13:39:32.243+0000][1088462][info ][gc,metaspace] GC(211) Metaspace: 140795K(144704K)->140795K(144704K) NonClass: 121709K(123776K)->121709K(123776K) Class: 19085K(20928K)->19085K(20928K)
[2025-08-28T13:39:32.243+0000][1088462][info ][gc          ] GC(211) Pause Young (Normal) (G1 Evacuation Pause) 416M->120M(512M) 2.364ms
[2025-08-28T13:39:32.243+0000][1088462][info ][gc,cpu      ] GC(211) User=0.01s Sys=0.00s Real=0.01s
[2025-08-28T13:39:32.243+0000][1088462][info ][safepoint   ] Safepoint "G1CollectForAllocation", Time since last: 29327608206 ns, Reaching safepoint: 43315 ns, Cleanup: 6340 ns, At safepoint: 2484573 ns, Total: 2534228 ns
