[2025-09-16T06:58:40.844+0000][1058754][info][gc,init] CardTable entry size: 512
[2025-09-16T06:58:40.844+0000][1058754][info][gc     ] Using G1
[2025-09-16T06:58:40.853+0000][1058754][info][gc,init] Version: 21.0.2+13-58 (release)
[2025-09-16T06:58:40.853+0000][1058754][info][gc,init] CPUs: 48 total, 48 available
[2025-09-16T06:58:40.853+0000][1058754][info][gc,init] Memory: 377G
[2025-09-16T06:58:40.853+0000][1058754][info][gc,init] Large Page Support: Disabled
[2025-09-16T06:58:40.853+0000][1058754][info][gc,init] NUMA Support: Disabled
[2025-09-16T06:58:40.853+0000][1058754][info][gc,init] Compressed Oops: Enabled (32-bit)
[2025-09-16T06:58:40.853+0000][1058754][info][gc,init] Heap Region Size: 4M
[2025-09-16T06:58:40.853+0000][1058754][info][gc,init] Heap Min Capacity: 512M
[2025-09-16T06:58:40.853+0000][1058754][info][gc,init] Heap Initial Capacity: 512M
[2025-09-16T06:58:40.853+0000][1058754][info][gc,init] Heap Max Capacity: 512M
[2025-09-16T06:58:40.853+0000][1058754][info][gc,init] Pre-touch: Enabled
[2025-09-16T06:58:40.853+0000][1058754][info][gc,init] Parallel Workers: 33
[2025-09-16T06:58:40.853+0000][1058754][info][gc,init] Concurrent Workers: 8
[2025-09-16T06:58:40.853+0000][1058754][info][gc,init] Concurrent Refinement Workers: 33
[2025-09-16T06:58:40.853+0000][1058754][info][gc,init] Periodic GC: Disabled
[2025-09-16T06:58:40.859+0000][1058754][info][gc,metaspace] CDS archive(s) mapped at: [0x0000147533000000-0x0000147533ca6000-0x0000147533ca6000), size 13262848, SharedBaseAddress: 0x0000147533000000, ArchiveRelocationMode: 1.
[2025-09-16T06:58:40.859+0000][1058754][info][gc,metaspace] Compressed class space mapped at: 0x0000147534000000-0x0000147574000000, reserved size: 1073741824
[2025-09-16T06:58:40.859+0000][1058754][info][gc,metaspace] Narrow klass base: 0x0000147533000000, Narrow klass shift: 0, Narrow klass range: 0x100000000
[2025-09-16T06:58:40.950+0000][1058754][info][safepoint   ] Safepoint "ICBufferFull", Time since last: 88012035 ns, Reaching safepoint: 2994 ns, Cleanup: 95194 ns, At safepoint: 2704 ns, Total: 100892 ns
[2025-09-16T06:58:40.963+0000][1058754][info][gc,start    ] GC(0) Pause Young (Normal) (G1 Evacuation Pause)
[2025-09-16T06:58:40.963+0000][1058754][info][gc,task     ] GC(0) Using 12 workers of 33 for evacuation
[2025-09-16T06:58:40.963+0000][1058754][debug][gc,age      ] GC(0) Desired survivor size 2097152 bytes, new threshold 15 (max threshold 15)
[2025-09-16T06:58:40.964+0000][1058754][info ][gc,phases   ] GC(0)   Pre Evacuate Collection Set: 0.1ms
[2025-09-16T06:58:40.964+0000][1058754][info ][gc,phases   ] GC(0)   Merge Heap Roots: 0.0ms
[2025-09-16T06:58:40.964+0000][1058754][info ][gc,phases   ] GC(0)   Evacuate Collection Set: 0.4ms
[2025-09-16T06:58:40.964+0000][1058754][info ][gc,phases   ] GC(0)   Post Evacuate Collection Set: 0.2ms
[2025-09-16T06:58:40.964+0000][1058754][info ][gc,phases   ] GC(0)   Other: 0.0ms
[2025-09-16T06:58:40.964+0000][1058754][trace][gc,age      ] GC(0) Age table with threshold 15 (max threshold 15)
[2025-09-16T06:58:40.964+0000][1058754][trace][gc,age      ] GC(0) - age   1:    1914944 bytes,    1914944 total
[2025-09-16T06:58:40.964+0000][1058754][info ][gc,heap     ] GC(0) Eden regions: 6->0(21)
[2025-09-16T06:58:40.964+0000][1058754][info ][gc,heap     ] GC(0) Survivor regions: 0->1(1)
[2025-09-16T06:58:40.964+0000][1058754][info ][gc,heap     ] GC(0) Old regions: 1->1
[2025-09-16T06:58:40.964+0000][1058754][info ][gc,heap     ] GC(0) Humongous regions: 0->0
[2025-09-16T06:58:40.964+0000][1058754][info ][gc,metaspace] GC(0) Metaspace: 1008K(1152K)->1008K(1152K) NonClass: 939K(1024K)->939K(1024K) Class: 68K(128K)->68K(128K)
[2025-09-16T06:58:40.964+0000][1058754][info ][gc          ] GC(0) Pause Young (Normal) (G1 Evacuation Pause) 25M->3M(512M) 0.878ms
[2025-09-16T06:58:40.964+0000][1058754][info ][gc,cpu      ] GC(0) User=0.00s Sys=0.00s Real=0.00s
[2025-09-16T06:58:40.964+0000][1058754][info ][safepoint   ] Safepoint "G1CollectForAllocation", Time since last: 12727900 ns, Reaching safepoint: 2083 ns, Cleanup: 18638 ns, At safepoint: 918871 ns, Total: 939592 ns
[2025-09-16T06:58:41.109+0000][1058754][info ][safepoint   ] Safepoint "ICBufferFull", Time since last: 145087702 ns, Reaching safepoint: 4137 ns, Cleanup: 111197 ns, At safepoint: 6049 ns, Total: 121383 ns
[2025-09-16T06:58:41.241+0000][1058754][info ][safepoint   ] Safepoint "ICBufferFull", Time since last: 131355251 ns, Reaching safepoint: 68383 ns, Cleanup: 122985 ns, At safepoint: 3936 ns, Total: 195304 ns
[2025-09-16T06:58:41.418+0000][1058754][info ][safepoint   ] Safepoint "ICBufferFull", Time since last: 177186698 ns, Reaching safepoint: 3455 ns, Cleanup: 133611 ns, At safepoint: 1182 ns, Total: 138248 ns
[2025-09-16T06:58:41.526+0000][1058754][info ][safepoint   ] Safepoint "ICBufferFull", Time since last: 107848790 ns, Reaching safepoint: 4347 ns, Cleanup: 171568 ns, At safepoint: 1492 ns, Total: 177407 ns
[2025-09-16T06:58:41.703+0000][1058754][info ][gc,start    ] GC(1) Pause Young (Normal) (G1 Evacuation Pause)
[2025-09-16T06:58:41.703+0000][1058754][info ][gc,task     ] GC(1) Using 12 workers of 33 for evacuation
[2025-09-16T06:58:41.703+0000][1058754][debug][gc,age      ] GC(1) Desired survivor size 6291456 bytes, new threshold 15 (max threshold 15)
[2025-09-16T06:58:41.707+0000][1058754][info ][gc,phases   ] GC(1)   Pre Evacuate Collection Set: 0.1ms
[2025-09-16T06:58:41.707+0000][1058754][info ][gc,phases   ] GC(1)   Merge Heap Roots: 0.0ms
[2025-09-16T06:58:41.707+0000][1058754][info ][gc,phases   ] GC(1)   Evacuate Collection Set: 2.8ms
[2025-09-16T06:58:41.707+0000][1058754][info ][gc,phases   ] GC(1)   Post Evacuate Collection Set: 0.7ms
[2025-09-16T06:58:41.707+0000][1058754][info ][gc,phases   ] GC(1)   Other: 0.1ms
[2025-09-16T06:58:41.707+0000][1058754][trace][gc,age      ] GC(1) Age table with threshold 15 (max threshold 15)
[2025-09-16T06:58:41.707+0000][1058754][trace][gc,age      ] GC(1) - age   1:    7362688 bytes,    7362688 total
[2025-09-16T06:58:41.707+0000][1058754][trace][gc,age      ] GC(1) - age   2:    1816256 bytes,    9178944 total
[2025-09-16T06:58:41.707+0000][1058754][info ][gc,heap     ] GC(1) Eden regions: 21->0(23)
[2025-09-16T06:58:41.707+0000][1058754][info ][gc,heap     ] GC(1) Survivor regions: 1->3(3)
[2025-09-16T06:58:41.707+0000][1058754][info ][gc,heap     ] GC(1) Old regions: 1->1
[2025-09-16T06:58:41.707+0000][1058754][info ][gc,heap     ] GC(1) Humongous regions: 0->0
[2025-09-16T06:58:41.707+0000][1058754][info ][gc,metaspace] GC(1) Metaspace: 20281K(20800K)->20281K(20800K) NonClass: 18011K(18304K)->18011K(18304K) Class: 2269K(2496K)->2269K(2496K)
[2025-09-16T06:58:41.707+0000][1058754][info ][gc          ] GC(1) Pause Young (Normal) (G1 Evacuation Pause) 87M->10M(512M) 3.864ms
[2025-09-16T06:58:41.707+0000][1058754][info ][gc,cpu      ] GC(1) User=0.03s Sys=0.00s Real=0.00s
[2025-09-16T06:58:41.707+0000][1058754][info ][safepoint   ] Safepoint "G1CollectForAllocation", Time since last: 176732705 ns, Reaching safepoint: 5138 ns, Cleanup: 129445 ns, At safepoint: 3908725 ns, Total: 4043308 ns
[2025-09-16T06:58:41.860+0000][1058754][info ][safepoint   ] Safepoint "ICBufferFull", Time since last: 153435839 ns, Reaching safepoint: 4797 ns, Cleanup: 151889 ns, At safepoint: 3906 ns, Total: 160592 ns
[2025-09-16T06:58:41.898+0000][1058754][info ][gc,start    ] GC(2) Pause Young (Concurrent Start) (Metadata GC Threshold)
[2025-09-16T06:58:41.898+0000][1058754][info ][gc,task     ] GC(2) Using 12 workers of 33 for evacuation
[2025-09-16T06:58:41.898+0000][1058754][debug][gc,age      ] GC(2) Desired survivor size 8388608 bytes, new threshold 2 (max threshold 15)
[2025-09-16T06:58:41.902+0000][1058754][info ][gc,phases   ] GC(2)   Pre Evacuate Collection Set: 0.1ms
[2025-09-16T06:58:41.902+0000][1058754][info ][gc,phases   ] GC(2)   Merge Heap Roots: 0.0ms
[2025-09-16T06:58:41.902+0000][1058754][info ][gc,phases   ] GC(2)   Evacuate Collection Set: 2.9ms
[2025-09-16T06:58:41.902+0000][1058754][info ][gc,phases   ] GC(2)   Post Evacuate Collection Set: 0.6ms
[2025-09-16T06:58:41.902+0000][1058754][info ][gc,phases   ] GC(2)   Other: 0.1ms
[2025-09-16T06:58:41.902+0000][1058754][trace][gc,age      ] GC(2) Age table with threshold 2 (max threshold 15)
[2025-09-16T06:58:41.902+0000][1058754][trace][gc,age      ] GC(2) - age   1:     960784 bytes,     960784 total
[2025-09-16T06:58:41.902+0000][1058754][trace][gc,age      ] GC(2) - age   2:    6404400 bytes,    7365184 total
[2025-09-16T06:58:41.902+0000][1058754][info ][gc,heap     ] GC(2) Eden regions: 16->0(30)
[2025-09-16T06:58:41.902+0000][1058754][info ][gc,heap     ] GC(2) Survivor regions: 3->2(4)
[2025-09-16T06:58:41.902+0000][1058754][info ][gc,heap     ] GC(2) Old regions: 1->2
[2025-09-16T06:58:41.902+0000][1058754][info ][gc,heap     ] GC(2) Humongous regions: 0->0
[2025-09-16T06:58:41.902+0000][1058754][info ][gc,metaspace] GC(2) Metaspace: 20981K(21504K)->20981K(21504K) NonClass: 18661K(18944K)->18661K(18944K) Class: 2319K(2560K)->2319K(2560K)
[2025-09-16T06:58:41.902+0000][1058754][info ][gc          ] GC(2) Pause Young (Concurrent Start) (Metadata GC Threshold) 71M->10M(512M) 3.862ms
[2025-09-16T06:58:41.902+0000][1058754][info ][gc          ] GC(3) Concurrent Mark Cycle
[2025-09-16T06:58:41.902+0000][1058754][info ][gc,cpu      ] GC(2) User=0.05s Sys=0.00s Real=0.00s
[2025-09-16T06:58:41.902+0000][1058754][info ][gc,marking  ] GC(3) Concurrent Scan Root Regions
[2025-09-16T06:58:41.902+0000][1058754][info ][safepoint   ] Safepoint "CollectForMetadataAllocation", Time since last: 37270979 ns, Reaching safepoint: 68563 ns, Cleanup: 54062 ns, At safepoint: 3996927 ns, Total: 4119552 ns
[2025-09-16T06:58:41.904+0000][1058754][info ][gc,marking  ] GC(3) Concurrent Scan Root Regions 1.937ms
[2025-09-16T06:58:41.904+0000][1058754][info ][gc,marking  ] GC(3) Concurrent Mark
[2025-09-16T06:58:41.904+0000][1058754][info ][gc,marking  ] GC(3) Concurrent Mark From Roots
[2025-09-16T06:58:41.904+0000][1058754][info ][gc,task     ] GC(3) Using 8 workers of 8 for marking
[2025-09-16T06:58:41.907+0000][1058754][info ][gc,marking  ] GC(3) Concurrent Mark From Roots 3.289ms
[2025-09-16T06:58:41.907+0000][1058754][info ][gc,marking  ] GC(3) Concurrent Preclean
[2025-09-16T06:58:41.907+0000][1058754][info ][gc,marking  ] GC(3) Concurrent Preclean 0.006ms
[2025-09-16T06:58:41.907+0000][1058754][info ][gc,start    ] GC(3) Pause Remark
[2025-09-16T06:58:41.909+0000][1058754][info ][gc          ] GC(3) Pause Remark 12M->12M(512M) 1.468ms
[2025-09-16T06:58:41.909+0000][1058754][info ][gc,cpu      ] GC(3) User=0.01s Sys=0.00s Real=0.00s
[2025-09-16T06:58:41.909+0000][1058754][info ][safepoint   ] Safepoint "G1PauseRemark", Time since last: 5201238 ns, Reaching safepoint: 24667 ns, Cleanup: 18768 ns, At safepoint: 1524622 ns, Total: 1568057 ns
[2025-09-16T06:58:41.909+0000][1058754][info ][gc,marking  ] GC(3) Concurrent Mark 4.902ms
[2025-09-16T06:58:41.909+0000][1058754][info ][gc,marking  ] GC(3) Concurrent Rebuild Remembered Sets and Scrub Regions
[2025-09-16T06:58:41.909+0000][1058754][info ][gc,marking  ] GC(3) Concurrent Rebuild Remembered Sets and Scrub Regions 0.473ms
[2025-09-16T06:58:41.909+0000][1058754][info ][gc,start    ] GC(3) Pause Cleanup
[2025-09-16T06:58:41.909+0000][1058754][info ][gc          ] GC(3) Pause Cleanup 12M->12M(512M) 0.037ms
[2025-09-16T06:58:41.909+0000][1058754][info ][gc,cpu      ] GC(3) User=0.00s Sys=0.00s Real=0.00s
[2025-09-16T06:58:41.909+0000][1058754][info ][safepoint   ] Safepoint "G1PauseCleanup", Time since last: 503947 ns, Reaching safepoint: 66250 ns, Cleanup: 10165 ns, At safepoint: 51958 ns, Total: 128373 ns
[2025-09-16T06:58:41.909+0000][1058754][info ][gc,marking  ] GC(3) Concurrent Clear Claimed Marks
[2025-09-16T06:58:41.909+0000][1058754][info ][gc,marking  ] GC(3) Concurrent Clear Claimed Marks 0.051ms
[2025-09-16T06:58:41.909+0000][1058754][info ][gc,marking  ] GC(3) Concurrent Cleanup for Next Mark
[2025-09-16T06:58:41.909+0000][1058754][info ][gc,marking  ] GC(3) Concurrent Cleanup for Next Mark 0.101ms
[2025-09-16T06:58:41.909+0000][1058754][info ][gc          ] GC(3) Concurrent Mark Cycle 7.669ms
[2025-09-16T06:58:42.097+0000][1058754][info ][gc,start    ] GC(4) Pause Young (Prepare Mixed) (G1 Evacuation Pause)
[2025-09-16T06:58:42.097+0000][1058754][info ][gc,task     ] GC(4) Using 12 workers of 33 for evacuation
[2025-09-16T06:58:42.098+0000][1058754][debug][gc,age      ] GC(4) Desired survivor size 8388608 bytes, new threshold 15 (max threshold 15)
[2025-09-16T06:58:42.100+0000][1058754][info ][gc,phases   ] GC(4)   Pre Evacuate Collection Set: 0.1ms
[2025-09-16T06:58:42.101+0000][1058754][info ][gc,phases   ] GC(4)   Merge Heap Roots: 0.0ms
[2025-09-16T06:58:42.101+0000][1058754][info ][gc,phases   ] GC(4)   Evacuate Collection Set: 2.3ms
[2025-09-16T06:58:42.101+0000][1058754][info ][gc,phases   ] GC(4)   Post Evacuate Collection Set: 0.5ms
[2025-09-16T06:58:42.101+0000][1058754][info ][gc,phases   ] GC(4)   Other: 0.0ms
[2025-09-16T06:58:42.101+0000][1058754][trace][gc,age      ] GC(4) Age table with threshold 15 (max threshold 15)
[2025-09-16T06:58:42.101+0000][1058754][trace][gc,age      ] GC(4) - age   1:    2589032 bytes,    2589032 total
[2025-09-16T06:58:42.101+0000][1058754][trace][gc,age      ] GC(4) - age   2:     951112 bytes,    3540144 total
[2025-09-16T06:58:42.101+0000][1058754][trace][gc,age      ] GC(4) - age   3:    6395744 bytes,    9935888 total
[2025-09-16T06:58:42.101+0000][1058754][info ][gc,heap     ] GC(4) Eden regions: 30->0(66)
[2025-09-16T06:58:42.101+0000][1058754][info ][gc,heap     ] GC(4) Survivor regions: 2->3(4)
[2025-09-16T06:58:42.101+0000][1058754][info ][gc,heap     ] GC(4) Old regions: 2->2
[2025-09-16T06:58:42.101+0000][1058754][info ][gc,heap     ] GC(4) Humongous regions: 0->0
[2025-09-16T06:58:42.101+0000][1058754][info ][gc,metaspace] GC(4) Metaspace: 23489K(24128K)->23489K(24128K) NonClass: 20911K(21248K)->20911K(21248K) Class: 2578K(2880K)->2578K(2880K)
[2025-09-16T06:58:42.101+0000][1058754][info ][gc          ] GC(4) Pause Young (Prepare Mixed) (G1 Evacuation Pause) 130M->13M(512M) 3.113ms
[2025-09-16T06:58:42.101+0000][1058754][info ][gc,cpu      ] GC(4) User=0.03s Sys=0.00s Real=0.00s
[2025-09-16T06:58:42.101+0000][1058754][info ][safepoint   ] Safepoint "G1CollectForAllocation", Time since last: 188047272 ns, Reaching safepoint: 4577 ns, Cleanup: 119760 ns, At safepoint: 3158236 ns, Total: 3282573 ns
[2025-09-16T06:58:42.317+0000][1058754][info ][safepoint   ] Safepoint "ICBufferFull", Time since last: 216347699 ns, Reaching safepoint: 70556 ns, Cleanup: 187402 ns, At safepoint: 5838 ns, Total: 263796 ns
[2025-09-16T06:58:42.542+0000][1058754][info ][safepoint   ] Safepoint "ICBufferFull", Time since last: 224509396 ns, Reaching safepoint: 4266 ns, Cleanup: 167332 ns, At safepoint: 1742 ns, Total: 173340 ns
[2025-09-16T06:58:42.547+0000][1058754][info ][gc,start    ] GC(5) Pause Young (Mixed) (G1 Evacuation Pause)
[2025-09-16T06:58:42.547+0000][1058754][info ][gc,task     ] GC(5) Using 12 workers of 33 for evacuation
[2025-09-16T06:58:42.547+0000][1058754][debug][gc,age      ] GC(5) Desired survivor size 18874368 bytes, new threshold 15 (max threshold 15)
[2025-09-16T06:58:42.553+0000][1058754][info ][gc,phases   ] GC(5)   Pre Evacuate Collection Set: 0.1ms
[2025-09-16T06:58:42.553+0000][1058754][info ][gc,phases   ] GC(5)   Merge Heap Roots: 0.0ms
[2025-09-16T06:58:42.553+0000][1058754][info ][gc,phases   ] GC(5)   Evacuate Collection Set: 5.5ms
[2025-09-16T06:58:42.553+0000][1058754][info ][gc,phases   ] GC(5)   Post Evacuate Collection Set: 0.7ms
[2025-09-16T06:58:42.553+0000][1058754][info ][gc,phases   ] GC(5)   Other: 0.1ms
[2025-09-16T06:58:42.553+0000][1058754][trace][gc,age      ] GC(5) Age table with threshold 15 (max threshold 15)
[2025-09-16T06:58:42.554+0000][1058754][trace][gc,age      ] GC(5) - age   1:    8265048 bytes,    8265048 total
[2025-09-16T06:58:42.554+0000][1058754][trace][gc,age      ] GC(5) - age   2:    2567848 bytes,   10832896 total
[2025-09-16T06:58:42.554+0000][1058754][trace][gc,age      ] GC(5) - age   3:     950816 bytes,   11783712 total
[2025-09-16T06:58:42.554+0000][1058754][trace][gc,age      ] GC(5) - age   4:    6391328 bytes,   18175040 total
[2025-09-16T06:58:42.554+0000][1058754][info ][gc,heap     ] GC(5) Eden regions: 66->0(71)
[2025-09-16T06:58:42.554+0000][1058754][info ][gc,heap     ] GC(5) Survivor regions: 3->5(9)
[2025-09-16T06:58:42.554+0000][1058754][info ][gc,heap     ] GC(5) Old regions: 2->1
[2025-09-16T06:58:42.554+0000][1058754][info ][gc,heap     ] GC(5) Humongous regions: 0->0
[2025-09-16T06:58:42.554+0000][1058754][info ][gc,metaspace] GC(5) Metaspace: 29854K(30592K)->29854K(30592K) NonClass: 26454K(26880K)->26454K(26880K) Class: 3399K(3712K)->3399K(3712K)
[2025-09-16T06:58:42.554+0000][1058754][info ][gc          ] GC(5) Pause Young (Mixed) (G1 Evacuation Pause) 277M->21M(512M) 6.442ms
[2025-09-16T06:58:42.554+0000][1058754][info ][gc,cpu      ] GC(5) User=0.06s Sys=0.01s Real=0.01s
[2025-09-16T06:58:42.554+0000][1058754][info ][safepoint   ] Safepoint "G1CollectForAllocation", Time since last: 5189440 ns, Reaching safepoint: 2374 ns, Cleanup: 10616 ns, At safepoint: 6487992 ns, Total: 6500982 ns
[2025-09-16T06:58:42.752+0000][1058754][info ][gc,start    ] GC(6) Pause Young (Normal) (G1 Evacuation Pause)
[2025-09-16T06:58:42.752+0000][1058754][info ][gc,task     ] GC(6) Using 12 workers of 33 for evacuation
[2025-09-16T06:58:42.752+0000][1058754][debug][gc,age      ] GC(6) Desired survivor size 20971520 bytes, new threshold 15 (max threshold 15)
[2025-09-16T06:58:42.756+0000][1058754][info ][gc,phases   ] GC(6)   Pre Evacuate Collection Set: 0.1ms
[2025-09-16T06:58:42.756+0000][1058754][info ][gc,phases   ] GC(6)   Merge Heap Roots: 0.1ms
[2025-09-16T06:58:42.756+0000][1058754][info ][gc,phases   ] GC(6)   Evacuate Collection Set: 3.4ms
[2025-09-16T06:58:42.756+0000][1058754][info ][gc,phases   ] GC(6)   Post Evacuate Collection Set: 0.6ms
[2025-09-16T06:58:42.756+0000][1058754][info ][gc,phases   ] GC(6)   Other: 0.0ms
[2025-09-16T06:58:42.756+0000][1058754][trace][gc,age      ] GC(6) Age table with threshold 15 (max threshold 15)
[2025-09-16T06:58:42.756+0000][1058754][trace][gc,age      ] GC(6) - age   1:    4175600 bytes,    4175600 total
[2025-09-16T06:58:42.756+0000][1058754][trace][gc,age      ] GC(6) - age   2:    6737640 bytes,   10913240 total
[2025-09-16T06:58:42.756+0000][1058754][trace][gc,age      ] GC(6) - age   3:    2567464 bytes,   13480704 total
[2025-09-16T06:58:42.756+0000][1058754][trace][gc,age      ] GC(6) - age   4:     950816 bytes,   14431520 total
[2025-09-16T06:58:42.756+0000][1058754][trace][gc,age      ] GC(6) - age   5:    6391328 bytes,   20822848 total
[2025-09-16T06:58:42.756+0000][1058754][info ][gc,heap     ] GC(6) Eden regions: 71->0(70)
[2025-09-16T06:58:42.756+0000][1058754][info ][gc,heap     ] GC(6) Survivor regions: 5->6(10)
[2025-09-16T06:58:42.756+0000][1058754][info ][gc,heap     ] GC(6) Old regions: 1->1
[2025-09-16T06:58:42.756+0000][1058754][info ][gc,heap     ] GC(6) Humongous regions: 0->0
[2025-09-16T06:58:42.756+0000][1058754][info ][gc,metaspace] GC(6) Metaspace: 30495K(31296K)->30495K(31296K) NonClass: 27011K(27456K)->27011K(27456K) Class: 3483K(3840K)->3483K(3840K)
[2025-09-16T06:58:42.756+0000][1058754][info ][gc          ] GC(6) Pause Young (Normal) (G1 Evacuation Pause) 305M->24M(512M) 4.282ms
[2025-09-16T06:58:42.756+0000][1058754][info ][gc,cpu      ] GC(6) User=0.04s Sys=0.00s Real=0.01s
[2025-09-16T06:58:42.756+0000][1058754][info ][safepoint   ] Safepoint "G1CollectForAllocation", Time since last: 197971638 ns, Reaching safepoint: 5148 ns, Cleanup: 72499 ns, At safepoint: 4329908 ns, Total: 4407555 ns
[2025-09-16T06:58:42.955+0000][1058754][info ][gc,start    ] GC(7) Pause Young (Concurrent Start) (Metadata GC Threshold)
[2025-09-16T06:58:42.955+0000][1058754][info ][gc,task     ] GC(7) Using 12 workers of 33 for evacuation
[2025-09-16T06:58:42.955+0000][1058754][debug][gc,age      ] GC(7) Desired survivor size 20971520 bytes, new threshold 15 (max threshold 15)
[2025-09-16T06:58:42.960+0000][1058754][info ][gc,phases   ] GC(7)   Pre Evacuate Collection Set: 0.2ms
[2025-09-16T06:58:42.960+0000][1058754][info ][gc,phases   ] GC(7)   Merge Heap Roots: 0.0ms
[2025-09-16T06:58:42.960+0000][1058754][info ][gc,phases   ] GC(7)   Evacuate Collection Set: 3.5ms
[2025-09-16T06:58:42.960+0000][1058754][info ][gc,phases   ] GC(7)   Post Evacuate Collection Set: 0.6ms
[2025-09-16T06:58:42.960+0000][1058754][info ][gc,phases   ] GC(7)   Other: 0.1ms
[2025-09-16T06:58:42.960+0000][1058754][trace][gc,age      ] GC(7) Age table with threshold 15 (max threshold 15)
[2025-09-16T06:58:42.960+0000][1058754][trace][gc,age      ] GC(7) - age   1:    2745128 bytes,    2745128 total
[2025-09-16T06:58:42.960+0000][1058754][trace][gc,age      ] GC(7) - age   2:    2422880 bytes,    5168008 total
[2025-09-16T06:58:42.960+0000][1058754][trace][gc,age      ] GC(7) - age   3:    6733544 bytes,   11901552 total
[2025-09-16T06:58:42.960+0000][1058754][trace][gc,age      ] GC(7) - age   4:    2566312 bytes,   14467864 total
[2025-09-16T06:58:42.960+0000][1058754][trace][gc,age      ] GC(7) - age   5:     950608 bytes,   15418472 total
[2025-09-16T06:58:42.960+0000][1058754][trace][gc,age      ] GC(7) - age   6:    6390088 bytes,   21808560 total
[2025-09-16T06:58:42.960+0000][1058754][info ][gc,heap     ] GC(7) Eden regions: 19->0(70)
[2025-09-16T06:58:42.960+0000][1058754][info ][gc,heap     ] GC(7) Survivor regions: 6->6(10)
[2025-09-16T06:58:42.960+0000][1058754][info ][gc,heap     ] GC(7) Old regions: 1->1
[2025-09-16T06:58:42.960+0000][1058754][info ][gc,heap     ] GC(7) Humongous regions: 0->0
[2025-09-16T06:58:42.960+0000][1058754][info ][gc,metaspace] GC(7) Metaspace: 35274K(36096K)->35274K(36096K) NonClass: 31299K(31808K)->31299K(31808K) Class: 3975K(4288K)->3975K(4288K)
[2025-09-16T06:58:42.960+0000][1058754][info ][gc          ] GC(7) Pause Young (Concurrent Start) (Metadata GC Threshold) 100M->26M(512M) 4.537ms
[2025-09-16T06:58:42.960+0000][1058754][info ][gc,cpu      ] GC(7) User=0.04s Sys=0.00s Real=0.00s
[2025-09-16T06:58:42.960+0000][1058754][info ][gc          ] GC(8) Concurrent Mark Cycle
[2025-09-16T06:58:42.960+0000][1058754][info ][gc,marking  ] GC(8) Concurrent Scan Root Regions
[2025-09-16T06:58:42.960+0000][1058754][info ][safepoint   ] Safepoint "CollectForMetadataAllocation", Time since last: 198980515 ns, Reaching safepoint: 4667 ns, Cleanup: 134622 ns, At safepoint: 4648998 ns, Total: 4788287 ns
[2025-09-16T06:58:42.961+0000][1058754][info ][gc,marking  ] GC(8) Concurrent Scan Root Regions 1.752ms
[2025-09-16T06:58:42.961+0000][1058754][info ][gc,marking  ] GC(8) Concurrent Mark
[2025-09-16T06:58:42.961+0000][1058754][info ][gc,marking  ] GC(8) Concurrent Mark From Roots
[2025-09-16T06:58:42.961+0000][1058754][info ][gc,task     ] GC(8) Using 8 workers of 8 for marking
[2025-09-16T06:58:42.963+0000][1058754][info ][gc,marking  ] GC(8) Concurrent Mark From Roots 1.676ms
[2025-09-16T06:58:42.963+0000][1058754][info ][gc,marking  ] GC(8) Concurrent Preclean
[2025-09-16T06:58:42.963+0000][1058754][info ][gc,marking  ] GC(8) Concurrent Preclean 0.010ms
[2025-09-16T06:58:42.963+0000][1058754][info ][gc,start    ] GC(8) Pause Remark
[2025-09-16T06:58:42.966+0000][1058754][info ][gc          ] GC(8) Pause Remark 28M->28M(512M) 2.497ms
[2025-09-16T06:58:42.966+0000][1058754][info ][gc,cpu      ] GC(8) User=0.02s Sys=0.00s Real=0.00s
[2025-09-16T06:58:42.966+0000][1058754][info ][safepoint   ] Safepoint "G1PauseRemark", Time since last: 3471848 ns, Reaching safepoint: 66840 ns, Cleanup: 3846 ns, At safepoint: 2519126 ns, Total: 2589812 ns
[2025-09-16T06:58:42.966+0000][1058754][info ][gc,marking  ] GC(8) Concurrent Mark 4.319ms
[2025-09-16T06:58:42.966+0000][1058754][info ][gc,marking  ] GC(8) Concurrent Rebuild Remembered Sets and Scrub Regions
[2025-09-16T06:58:42.966+0000][1058754][info ][gc,marking  ] GC(8) Concurrent Rebuild Remembered Sets and Scrub Regions 0.567ms
[2025-09-16T06:58:42.966+0000][1058754][info ][gc,start    ] GC(8) Pause Cleanup
[2025-09-16T06:58:42.966+0000][1058754][info ][gc          ] GC(8) Pause Cleanup 28M->28M(512M) 0.031ms
[2025-09-16T06:58:42.966+0000][1058754][info ][gc,cpu      ] GC(8) User=0.00s Sys=0.00s Real=0.00s
[2025-09-16T06:58:42.966+0000][1058754][info ][safepoint   ] Safepoint "G1PauseCleanup", Time since last: 596086 ns, Reaching safepoint: 65118 ns, Cleanup: 4547 ns, At safepoint: 42864 ns, Total: 112529 ns
[2025-09-16T06:58:42.967+0000][1058754][info ][gc,marking  ] GC(8) Concurrent Clear Claimed Marks
[2025-09-16T06:58:42.967+0000][1058754][info ][gc,marking  ] GC(8) Concurrent Clear Claimed Marks 0.048ms
[2025-09-16T06:58:42.967+0000][1058754][info ][gc,marking  ] GC(8) Concurrent Cleanup for Next Mark
[2025-09-16T06:58:42.967+0000][1058754][info ][gc,marking  ] GC(8) Concurrent Cleanup for Next Mark 0.110ms
[2025-09-16T06:58:42.967+0000][1058754][info ][gc          ] GC(8) Concurrent Mark Cycle 7.014ms
[2025-09-16T06:58:43.280+0000][1058754][info ][gc,start    ] GC(9) Pause Young (Normal) (G1 Evacuation Pause)
[2025-09-16T06:58:43.280+0000][1058754][info ][gc,task     ] GC(9) Using 12 workers of 33 for evacuation
[2025-09-16T06:58:43.280+0000][1058754][debug][gc,age      ] GC(9) Desired survivor size 20971520 bytes, new threshold 6 (max threshold 15)
[2025-09-16T06:58:43.284+0000][1058754][info ][gc,phases   ] GC(9)   Pre Evacuate Collection Set: 0.1ms
[2025-09-16T06:58:43.284+0000][1058754][info ][gc,phases   ] GC(9)   Merge Heap Roots: 0.0ms
[2025-09-16T06:58:43.284+0000][1058754][info ][gc,phases   ] GC(9)   Evacuate Collection Set: 3.9ms
[2025-09-16T06:58:43.284+0000][1058754][info ][gc,phases   ] GC(9)   Post Evacuate Collection Set: 0.6ms
[2025-09-16T06:58:43.284+0000][1058754][info ][gc,phases   ] GC(9)   Other: 0.0ms
[2025-09-16T06:58:43.285+0000][1058754][trace][gc,age      ] GC(9) Age table with threshold 6 (max threshold 15)
[2025-09-16T06:58:43.285+0000][1058754][trace][gc,age      ] GC(9) - age   1:    6501560 bytes,    6501560 total
[2025-09-16T06:58:43.285+0000][1058754][trace][gc,age      ] GC(9) - age   2:    2727976 bytes,    9229536 total
[2025-09-16T06:58:43.285+0000][1058754][trace][gc,age      ] GC(9) - age   3:    2421480 bytes,   11651016 total
[2025-09-16T06:58:43.285+0000][1058754][trace][gc,age      ] GC(9) - age   4:    6728528 bytes,   18379544 total
[2025-09-16T06:58:43.285+0000][1058754][trace][gc,age      ] GC(9) - age   5:    2565736 bytes,   20945280 total
[2025-09-16T06:58:43.285+0000][1058754][trace][gc,age      ] GC(9) - age   6:     950480 bytes,   21895760 total
[2025-09-16T06:58:43.285+0000][1058754][info ][gc,heap     ] GC(9) Eden regions: 70->0(70)
[2025-09-16T06:58:43.285+0000][1058754][info ][gc,heap     ] GC(9) Survivor regions: 6->6(10)
[2025-09-16T06:58:43.285+0000][1058754][info ][gc,heap     ] GC(9) Old regions: 1->3
[2025-09-16T06:58:43.285+0000][1058754][info ][gc,heap     ] GC(9) Humongous regions: 0->0
[2025-09-16T06:58:43.285+0000][1058754][info ][gc,metaspace] GC(9) Metaspace: 37573K(38464K)->37573K(38464K) NonClass: 33293K(33792K)->33293K(33792K) Class: 4280K(4672K)->4280K(4672K)
[2025-09-16T06:58:43.285+0000][1058754][info ][gc          ] GC(9) Pause Young (Normal) (G1 Evacuation Pause) 306M->32M(512M) 4.859ms
[2025-09-16T06:58:43.285+0000][1058754][info ][gc,cpu      ] GC(9) User=0.07s Sys=0.00s Real=0.01s
[2025-09-16T06:58:43.285+0000][1058754][info ][safepoint   ] Safepoint "G1CollectForAllocation", Time since last: 313037647 ns, Reaching safepoint: 4016 ns, Cleanup: 145439 ns, At safepoint: 4913936 ns, Total: 5063391 ns
[2025-09-16T06:58:43.488+0000][1058754][info ][gc,start    ] GC(10) Pause Young (Normal) (G1 Evacuation Pause)
[2025-09-16T06:58:43.488+0000][1058754][info ][gc,task     ] GC(10) Using 12 workers of 33 for evacuation
[2025-09-16T06:58:43.488+0000][1058754][debug][gc,age      ] GC(10) Desired survivor size 20971520 bytes, new threshold 6 (max threshold 15)
[2025-09-16T06:58:43.490+0000][1058754][info ][gc,phases   ] GC(10)   Pre Evacuate Collection Set: 0.1ms
[2025-09-16T06:58:43.490+0000][1058754][info ][gc,phases   ] GC(10)   Merge Heap Roots: 0.0ms
[2025-09-16T06:58:43.490+0000][1058754][info ][gc,phases   ] GC(10)   Evacuate Collection Set: 1.9ms
[2025-09-16T06:58:43.490+0000][1058754][info ][gc,phases   ] GC(10)   Post Evacuate Collection Set: 0.5ms
[2025-09-16T06:58:43.490+0000][1058754][info ][gc,phases   ] GC(10)   Other: 0.0ms
[2025-09-16T06:58:43.490+0000][1058754][trace][gc,age      ] GC(10) Age table with threshold 6 (max threshold 15)
[2025-09-16T06:58:43.490+0000][1058754][trace][gc,age      ] GC(10) - age   1:    4126480 bytes,    4126480 total
[2025-09-16T06:58:43.490+0000][1058754][trace][gc,age      ] GC(10) - age   2:    5639440 bytes,    9765920 total
[2025-09-16T06:58:43.490+0000][1058754][trace][gc,age      ] GC(10) - age   3:    2725848 bytes,   12491768 total
[2025-09-16T06:58:43.490+0000][1058754][trace][gc,age      ] GC(10) - age   4:    2421352 bytes,   14913120 total
[2025-09-16T06:58:43.490+0000][1058754][trace][gc,age      ] GC(10) - age   5:    6726464 bytes,   21639584 total
[2025-09-16T06:58:43.490+0000][1058754][trace][gc,age      ] GC(10) - age   6:    2564552 bytes,   24204136 total
[2025-09-16T06:58:43.490+0000][1058754][info ][gc,heap     ] GC(10) Eden regions: 70->0(69)
[2025-09-16T06:58:43.490+0000][1058754][info ][gc,heap     ] GC(10) Survivor regions: 6->7(10)
[2025-09-16T06:58:43.490+0000][1058754][info ][gc,heap     ] GC(10) Old regions: 3->3
[2025-09-16T06:58:43.490+0000][1058754][info ][gc,heap     ] GC(10) Humongous regions: 0->0
[2025-09-16T06:58:43.490+0000][1058754][info ][gc,metaspace] GC(10) Metaspace: 38278K(39296K)->38278K(39296K) NonClass: 33896K(34496K)->33896K(34496K) Class: 4381K(4800K)->4381K(4800K)
[2025-09-16T06:58:43.490+0000][1058754][info ][gc          ] GC(10) Pause Young (Normal) (G1 Evacuation Pause) 312M->36M(512M) 2.740ms
[2025-09-16T06:58:43.490+0000][1058754][info ][gc,cpu      ] GC(10) User=0.03s Sys=0.00s Real=0.00s
[2025-09-16T06:58:43.490+0000][1058754][info ][safepoint   ] Safepoint "G1CollectForAllocation", Time since last: 202870932 ns, Reaching safepoint: 4917 ns, Cleanup: 60752 ns, At safepoint: 2784785 ns, Total: 2850454 ns
[2025-09-16T06:58:43.709+0000][1058754][info ][safepoint   ] Safepoint "ICBufferFull", Time since last: 218407875 ns, Reaching safepoint: 133230 ns, Cleanup: 160031 ns, At safepoint: 7070 ns, Total: 300331 ns
[2025-09-16T06:58:44.073+0000][1058754][info ][gc,start    ] GC(11) Pause Young (Normal) (G1 Evacuation Pause)
[2025-09-16T06:58:44.073+0000][1058754][info ][gc,task     ] GC(11) Using 12 workers of 33 for evacuation
[2025-09-16T06:58:44.073+0000][1058754][debug][gc,age      ] GC(11) Desired survivor size 20971520 bytes, new threshold 5 (max threshold 15)
[2025-09-16T06:58:44.077+0000][1058754][info ][gc,phases   ] GC(11)   Pre Evacuate Collection Set: 0.1ms
[2025-09-16T06:58:44.077+0000][1058754][info ][gc,phases   ] GC(11)   Merge Heap Roots: 0.0ms
[2025-09-16T06:58:44.077+0000][1058754][info ][gc,phases   ] GC(11)   Evacuate Collection Set: 3.9ms
[2025-09-16T06:58:44.077+0000][1058754][info ][gc,phases   ] GC(11)   Post Evacuate Collection Set: 0.6ms
[2025-09-16T06:58:44.077+0000][1058754][info ][gc,phases   ] GC(11)   Other: 0.0ms
[2025-09-16T06:58:44.077+0000][1058754][trace][gc,age      ] GC(11) Age table with threshold 5 (max threshold 15)
[2025-09-16T06:58:44.077+0000][1058754][trace][gc,age      ] GC(11) - age   1:    4815624 bytes,    4815624 total
[2025-09-16T06:58:44.077+0000][1058754][trace][gc,age      ] GC(11) - age   2:    3357864 bytes,    8173488 total
[2025-09-16T06:58:44.077+0000][1058754][trace][gc,age      ] GC(11) - age   3:    5614984 bytes,   13788472 total
[2025-09-16T06:58:44.077+0000][1058754][trace][gc,age      ] GC(11) - age   4:    2719960 bytes,   16508432 total
[2025-09-16T06:58:44.077+0000][1058754][trace][gc,age      ] GC(11) - age   5:    2419384 bytes,   18927816 total
[2025-09-16T06:58:44.077+0000][1058754][info ][gc,heap     ] GC(11) Eden regions: 69->0(71)
[2025-09-16T06:58:44.077+0000][1058754][info ][gc,heap     ] GC(11) Survivor regions: 7->5(10)
[2025-09-16T06:58:44.077+0000][1058754][info ][gc,heap     ] GC(11) Old regions: 3->5
[2025-09-16T06:58:44.077+0000][1058754][info ][gc,heap     ] GC(11) Humongous regions: 0->0
[2025-09-16T06:58:44.077+0000][1058754][info ][gc,metaspace] GC(11) Metaspace: 49357K(50560K)->49357K(50560K) NonClass: 43586K(44288K)->43586K(44288K) Class: 5770K(6272K)->5770K(6272K)
[2025-09-16T06:58:44.077+0000][1058754][info ][gc          ] GC(11) Pause Young (Normal) (G1 Evacuation Pause) 312M->39M(512M) 4.790ms
[2025-09-16T06:58:44.077+0000][1058754][info ][gc,cpu      ] GC(11) User=0.04s Sys=0.00s Real=0.00s
[2025-09-16T06:58:44.077+0000][1058754][info ][safepoint   ] Safepoint "G1CollectForAllocation", Time since last: 363432543 ns, Reaching safepoint: 4617 ns, Cleanup: 156595 ns, At safepoint: 4843049 ns, Total: 5004261 ns
[2025-09-16T06:58:44.105+0000][1058754][info ][gc,heap,exit] Heap
[2025-09-16T06:58:44.105+0000][1058754][info ][gc,heap,exit]  garbage-first heap   total 524288K, used 87798K [0x00000000e0000000, 0x0000000100000000)
[2025-09-16T06:58:44.105+0000][1058754][info ][gc,heap,exit]   region size 4096K, 17 young (69632K), 5 survivors (20480K)
[2025-09-16T06:58:44.105+0000][1058754][info ][gc,heap,exit]  Metaspace       used 49604K, committed 50816K, reserved 1114112K
[2025-09-16T06:58:44.105+0000][1058754][info ][gc,heap,exit]   class space    used 5809K, committed 6336K, reserved 1048576K
