[2025-07-02T11:51:19.135+0000][784531][info][gc,init] CardTable entry size: 512
[2025-07-02T11:51:19.135+0000][784531][info][gc     ] Using G1
[2025-07-02T11:51:19.143+0000][784531][info][gc,init] Version: 21.0.2+13-58 (release)
[2025-07-02T11:51:19.143+0000][784531][info][gc,init] CPUs: 48 total, 48 available
[2025-07-02T11:51:19.143+0000][784531][info][gc,init] Memory: 377G
[2025-07-02T11:51:19.143+0000][784531][info][gc,init] Large Page Support: Disabled
[2025-07-02T11:51:19.143+0000][784531][info][gc,init] NUMA Support: Disabled
[2025-07-02T11:51:19.143+0000][784531][info][gc,init] Compressed Oops: Enabled (32-bit)
[2025-07-02T11:51:19.143+0000][784531][info][gc,init] Heap Region Size: 4M
[2025-07-02T11:51:19.143+0000][784531][info][gc,init] Heap Min Capacity: 512M
[2025-07-02T11:51:19.143+0000][784531][info][gc,init] Heap Initial Capacity: 512M
[2025-07-02T11:51:19.143+0000][784531][info][gc,init] Heap Max Capacity: 512M
[2025-07-02T11:51:19.143+0000][784531][info][gc,init] Pre-touch: Enabled
[2025-07-02T11:51:19.143+0000][784531][info][gc,init] Parallel Workers: 33
[2025-07-02T11:51:19.143+0000][784531][info][gc,init] Concurrent Workers: 8
[2025-07-02T11:51:19.143+0000][784531][info][gc,init] Concurrent Refinement Workers: 33
[2025-07-02T11:51:19.143+0000][784531][info][gc,init] Periodic GC: Disabled
[2025-07-02T11:51:19.148+0000][784531][info][gc,metaspace] CDS archive(s) mapped at: [0x00001472df000000-0x00001472dfca6000-0x00001472dfca6000), size 13262848, SharedBaseAddress: 0x00001472df000000, ArchiveRelocationMode: 1.
[2025-07-02T11:51:19.148+0000][784531][info][gc,metaspace] Compressed class space mapped at: 0x00001472e0000000-0x0000147320000000, reserved size: 1073741824
[2025-07-02T11:51:19.148+0000][784531][info][gc,metaspace] Narrow klass base: 0x00001472df000000, Narrow klass shift: 0, Narrow klass range: 0x100000000
[2025-07-02T11:51:19.243+0000][784531][info][safepoint   ] Safepoint "ICBufferFull", Time since last: 91412006 ns, Reaching safepoint: 68643 ns, Cleanup: 119259 ns, At safepoint: 4166 ns, Total: 192068 ns
[2025-07-02T11:51:19.252+0000][784531][info][gc,start    ] GC(0) Pause Young (Normal) (G1 Evacuation Pause)
[2025-07-02T11:51:19.252+0000][784531][info][gc,task     ] GC(0) Using 12 workers of 33 for evacuation
[2025-07-02T11:51:19.252+0000][784531][debug][gc,age      ] GC(0) Desired survivor size 2097152 bytes, new threshold 15 (max threshold 15)
[2025-07-02T11:51:19.253+0000][784531][info ][gc,phases   ] GC(0)   Pre Evacuate Collection Set: 0.1ms
[2025-07-02T11:51:19.253+0000][784531][info ][gc,phases   ] GC(0)   Merge Heap Roots: 0.0ms
[2025-07-02T11:51:19.253+0000][784531][info ][gc,phases   ] GC(0)   Evacuate Collection Set: 0.4ms
[2025-07-02T11:51:19.253+0000][784531][info ][gc,phases   ] GC(0)   Post Evacuate Collection Set: 0.3ms
[2025-07-02T11:51:19.253+0000][784531][info ][gc,phases   ] GC(0)   Other: 0.0ms
[2025-07-02T11:51:19.253+0000][784531][trace][gc,age      ] GC(0) Age table with threshold 15 (max threshold 15)
[2025-07-02T11:51:19.253+0000][784531][trace][gc,age      ] GC(0) - age   1:    1914944 bytes,    1914944 total
[2025-07-02T11:51:19.253+0000][784531][info ][gc,heap     ] GC(0) Eden regions: 6->0(21)
[2025-07-02T11:51:19.253+0000][784531][info ][gc,heap     ] GC(0) Survivor regions: 0->1(1)
[2025-07-02T11:51:19.253+0000][784531][info ][gc,heap     ] GC(0) Old regions: 1->1
[2025-07-02T11:51:19.253+0000][784531][info ][gc,heap     ] GC(0) Humongous regions: 0->0
[2025-07-02T11:51:19.253+0000][784531][info ][gc,metaspace] GC(0) Metaspace: 1008K(1152K)->1008K(1152K) NonClass: 939K(1024K)->939K(1024K) Class: 68K(128K)->68K(128K)
[2025-07-02T11:51:19.253+0000][784531][info ][gc          ] GC(0) Pause Young (Normal) (G1 Evacuation Pause) 25M->3M(512M) 0.925ms
[2025-07-02T11:51:19.253+0000][784531][info ][gc,cpu      ] GC(0) User=0.01s Sys=0.00s Real=0.00s
[2025-07-02T11:51:19.253+0000][784531][info ][safepoint   ] Safepoint "G1CollectForAllocation", Time since last: 9359974 ns, Reaching safepoint: 2414 ns, Cleanup: 15073 ns, At safepoint: 964609 ns, Total: 982096 ns
[2025-07-02T11:51:19.408+0000][784531][info ][safepoint   ] Safepoint "ICBufferFull", Time since last: 154709958 ns, Reaching safepoint: 70516 ns, Cleanup: 138017 ns, At safepoint: 8553 ns, Total: 217086 ns
[2025-07-02T11:51:19.560+0000][784531][info ][safepoint   ] Safepoint "ICBufferFull", Time since last: 151522448 ns, Reaching safepoint: 3265 ns, Cleanup: 187843 ns, At safepoint: 3545 ns, Total: 194653 ns
[2025-07-02T11:51:20.083+0000][784531][info ][safepoint   ] Safepoint "ICBufferFull", Time since last: 523304970 ns, Reaching safepoint: 4266 ns, Cleanup: 166671 ns, At safepoint: 1342 ns, Total: 172279 ns
[2025-07-02T11:51:20.275+0000][784531][info ][safepoint   ] Safepoint "ICBufferFull", Time since last: 191434370 ns, Reaching safepoint: 3856 ns, Cleanup: 197526 ns, At safepoint: 5539 ns, Total: 206921 ns
[2025-07-02T11:51:20.462+0000][784531][info ][gc,start    ] GC(1) Pause Young (Normal) (G1 Evacuation Pause)
[2025-07-02T11:51:20.462+0000][784531][info ][gc,task     ] GC(1) Using 12 workers of 33 for evacuation
[2025-07-02T11:51:20.462+0000][784531][debug][gc,age      ] GC(1) Desired survivor size 6291456 bytes, new threshold 15 (max threshold 15)
[2025-07-02T11:51:20.468+0000][784531][info ][gc,phases   ] GC(1)   Pre Evacuate Collection Set: 0.1ms
[2025-07-02T11:51:20.468+0000][784531][info ][gc,phases   ] GC(1)   Merge Heap Roots: 0.0ms
[2025-07-02T11:51:20.468+0000][784531][info ][gc,phases   ] GC(1)   Evacuate Collection Set: 4.4ms
[2025-07-02T11:51:20.468+0000][784531][info ][gc,phases   ] GC(1)   Post Evacuate Collection Set: 1.0ms
[2025-07-02T11:51:20.468+0000][784531][info ][gc,phases   ] GC(1)   Other: 0.1ms
[2025-07-02T11:51:20.468+0000][784531][trace][gc,age      ] GC(1) Age table with threshold 15 (max threshold 15)
[2025-07-02T11:51:20.468+0000][784531][trace][gc,age      ] GC(1) - age   1:    7357072 bytes,    7357072 total
[2025-07-02T11:51:20.468+0000][784531][trace][gc,age      ] GC(1) - age   2:    1816224 bytes,    9173296 total
[2025-07-02T11:51:20.468+0000][784531][info ][gc,heap     ] GC(1) Eden regions: 21->0(23)
[2025-07-02T11:51:20.468+0000][784531][info ][gc,heap     ] GC(1) Survivor regions: 1->3(3)
[2025-07-02T11:51:20.468+0000][784531][info ][gc,heap     ] GC(1) Old regions: 1->1
[2025-07-02T11:51:20.468+0000][784531][info ][gc,heap     ] GC(1) Humongous regions: 0->0
[2025-07-02T11:51:20.468+0000][784531][info ][gc,metaspace] GC(1) Metaspace: 20287K(20864K)->20287K(20864K) NonClass: 18017K(18368K)->18017K(18368K) Class: 2269K(2496K)->2269K(2496K)
[2025-07-02T11:51:20.468+0000][784531][info ][gc          ] GC(1) Pause Young (Normal) (G1 Evacuation Pause) 87M->10M(512M) 5.747ms
[2025-07-02T11:51:20.468+0000][784531][info ][gc,cpu      ] GC(1) User=0.05s Sys=0.00s Real=0.01s
[2025-07-02T11:51:20.468+0000][784531][info ][safepoint   ] Safepoint "G1CollectForAllocation", Time since last: 186645163 ns, Reaching safepoint: 5018 ns, Cleanup: 169535 ns, At safepoint: 5790631 ns, Total: 5965184 ns
[2025-07-02T11:51:20.672+0000][784531][info ][safepoint   ] Safepoint "ICBufferFull", Time since last: 204109956 ns, Reaching safepoint: 4577 ns, Cleanup: 207391 ns, At safepoint: 3976 ns, Total: 215944 ns
[2025-07-02T11:51:20.689+0000][784531][info ][gc,start    ] GC(2) Pause Young (Concurrent Start) (Metadata GC Threshold)
[2025-07-02T11:51:20.689+0000][784531][info ][gc,task     ] GC(2) Using 12 workers of 33 for evacuation
[2025-07-02T11:51:20.689+0000][784531][debug][gc,age      ] GC(2) Desired survivor size 8388608 bytes, new threshold 2 (max threshold 15)
[2025-07-02T11:51:20.696+0000][784531][info ][gc,phases   ] GC(2)   Pre Evacuate Collection Set: 0.2ms
[2025-07-02T11:51:20.696+0000][784531][info ][gc,phases   ] GC(2)   Merge Heap Roots: 0.0ms
[2025-07-02T11:51:20.696+0000][784531][info ][gc,phases   ] GC(2)   Evacuate Collection Set: 5.0ms
[2025-07-02T11:51:20.696+0000][784531][info ][gc,phases   ] GC(2)   Post Evacuate Collection Set: 0.9ms
[2025-07-02T11:51:20.696+0000][784531][info ][gc,phases   ] GC(2)   Other: 0.1ms
[2025-07-02T11:51:20.696+0000][784531][trace][gc,age      ] GC(2) Age table with threshold 2 (max threshold 15)
[2025-07-02T11:51:20.696+0000][784531][trace][gc,age      ] GC(2) - age   1:     960144 bytes,     960144 total
[2025-07-02T11:51:20.696+0000][784531][trace][gc,age      ] GC(2) - age   2:    6404224 bytes,    7364368 total
[2025-07-02T11:51:20.696+0000][784531][info ][gc,heap     ] GC(2) Eden regions: 16->0(30)
[2025-07-02T11:51:20.696+0000][784531][info ][gc,heap     ] GC(2) Survivor regions: 3->2(4)
[2025-07-02T11:51:20.696+0000][784531][info ][gc,heap     ] GC(2) Old regions: 1->2
[2025-07-02T11:51:20.696+0000][784531][info ][gc,heap     ] GC(2) Humongous regions: 0->0
[2025-07-02T11:51:20.696+0000][784531][info ][gc,metaspace] GC(2) Metaspace: 20977K(21504K)->20977K(21504K) NonClass: 18657K(18944K)->18657K(18944K) Class: 2319K(2560K)->2319K(2560K)
[2025-07-02T11:51:20.696+0000][784531][info ][gc          ] GC(2) Pause Young (Concurrent Start) (Metadata GC Threshold) 71M->10M(512M) 6.274ms
[2025-07-02T11:51:20.696+0000][784531][info ][gc,cpu      ] GC(2) User=0.07s Sys=0.00s Real=0.00s
[2025-07-02T11:51:20.696+0000][784531][info ][gc          ] GC(3) Concurrent Mark Cycle
[2025-07-02T11:51:20.696+0000][784531][info ][gc,marking  ] GC(3) Concurrent Scan Root Regions
[2025-07-02T11:51:20.696+0000][784531][info ][safepoint   ] Safepoint "CollectForMetadataAllocation", Time since last: 17297512 ns, Reaching safepoint: 69554 ns, Cleanup: 42704 ns, At safepoint: 6373507 ns, Total: 6485765 ns
[2025-07-02T11:51:20.696+0000][784531][info ][safepoint   ] Safepoint "CollectForMetadataAllocation", Time since last: 40842 ns, Reaching safepoint: 67912 ns, Cleanup: 781 ns, At safepoint: 4677 ns, Total: 73370 ns
[2025-07-02T11:51:20.696+0000][784531][info ][safepoint   ] Safepoint "CollectForMetadataAllocation", Time since last: 30986 ns, Reaching safepoint: 66120 ns, Cleanup: 420 ns, At safepoint: 4617 ns, Total: 71157 ns
[2025-07-02T11:51:20.697+0000][784531][info ][gc,marking  ] GC(3) Concurrent Scan Root Regions 1.516ms
[2025-07-02T11:51:20.697+0000][784531][info ][gc,marking  ] GC(3) Concurrent Mark
[2025-07-02T11:51:20.697+0000][784531][info ][gc,marking  ] GC(3) Concurrent Mark From Roots
[2025-07-02T11:51:20.698+0000][784531][info ][gc,task     ] GC(3) Using 8 workers of 8 for marking
[2025-07-02T11:51:20.699+0000][784531][info ][gc,marking  ] GC(3) Concurrent Mark From Roots 2.186ms
[2025-07-02T11:51:20.699+0000][784531][info ][gc,marking  ] GC(3) Concurrent Preclean
[2025-07-02T11:51:20.699+0000][784531][info ][gc,marking  ] GC(3) Concurrent Preclean 0.006ms
[2025-07-02T11:51:20.700+0000][784531][info ][gc,start    ] GC(3) Pause Remark
[2025-07-02T11:51:20.701+0000][784531][info ][gc          ] GC(3) Pause Remark 12M->12M(512M) 1.874ms
[2025-07-02T11:51:20.701+0000][784531][info ][gc,cpu      ] GC(3) User=0.02s Sys=0.00s Real=0.00s
[2025-07-02T11:51:20.701+0000][784531][info ][safepoint   ] Safepoint "G1PauseRemark", Time since last: 3500971 ns, Reaching safepoint: 103075 ns, Cleanup: 1242 ns, At safepoint: 1899093 ns, Total: 2003410 ns
[2025-07-02T11:51:20.701+0000][784531][info ][gc,marking  ] GC(3) Concurrent Mark 4.233ms
[2025-07-02T11:51:20.701+0000][784531][info ][gc,marking  ] GC(3) Concurrent Rebuild Remembered Sets and Scrub Regions
[2025-07-02T11:51:20.702+0000][784531][info ][gc,marking  ] GC(3) Concurrent Rebuild Remembered Sets and Scrub Regions 0.429ms
[2025-07-02T11:51:20.702+0000][784531][info ][gc,start    ] GC(3) Pause Cleanup
[2025-07-02T11:51:20.702+0000][784531][info ][gc          ] GC(3) Pause Cleanup 12M->12M(512M) 0.043ms
[2025-07-02T11:51:20.702+0000][784531][info ][gc,cpu      ] GC(3) User=0.00s Sys=0.00s Real=0.00s
[2025-07-02T11:51:20.702+0000][784531][info ][safepoint   ] Safepoint "G1PauseCleanup", Time since last: 455805 ns, Reaching safepoint: 67181 ns, Cleanup: 731 ns, At safepoint: 57687 ns, Total: 125599 ns
[2025-07-02T11:51:20.702+0000][784531][info ][gc,marking  ] GC(3) Concurrent Clear Claimed Marks
[2025-07-02T11:51:20.702+0000][784531][info ][gc,marking  ] GC(3) Concurrent Clear Claimed Marks 0.014ms
[2025-07-02T11:51:20.702+0000][784531][info ][gc,marking  ] GC(3) Concurrent Cleanup for Next Mark
[2025-07-02T11:51:20.702+0000][784531][info ][gc,marking  ] GC(3) Concurrent Cleanup for Next Mark 0.107ms
[2025-07-02T11:51:20.702+0000][784531][info ][gc          ] GC(3) Concurrent Mark Cycle 6.500ms
[2025-07-02T11:51:21.094+0000][784531][info ][gc,start    ] GC(4) Pause Young (Prepare Mixed) (G1 Evacuation Pause)
[2025-07-02T11:51:21.094+0000][784531][info ][gc,task     ] GC(4) Using 12 workers of 33 for evacuation
[2025-07-02T11:51:21.094+0000][784531][debug][gc,age      ] GC(4) Desired survivor size 8388608 bytes, new threshold 15 (max threshold 15)
[2025-07-02T11:51:21.097+0000][784531][info ][gc,phases   ] GC(4)   Pre Evacuate Collection Set: 0.1ms
[2025-07-02T11:51:21.097+0000][784531][info ][gc,phases   ] GC(4)   Merge Heap Roots: 0.0ms
[2025-07-02T11:51:21.097+0000][784531][info ][gc,phases   ] GC(4)   Evacuate Collection Set: 2.3ms
[2025-07-02T11:51:21.097+0000][784531][info ][gc,phases   ] GC(4)   Post Evacuate Collection Set: 0.5ms
[2025-07-02T11:51:21.097+0000][784531][info ][gc,phases   ] GC(4)   Other: 0.1ms
[2025-07-02T11:51:21.097+0000][784531][trace][gc,age      ] GC(4) Age table with threshold 15 (max threshold 15)
[2025-07-02T11:51:21.097+0000][784531][trace][gc,age      ] GC(4) - age   1:    4227608 bytes,    4227608 total
[2025-07-02T11:51:21.097+0000][784531][trace][gc,age      ] GC(4) - age   2:     950472 bytes,    5178080 total
[2025-07-02T11:51:21.097+0000][784531][trace][gc,age      ] GC(4) - age   3:    6395536 bytes,   11573616 total
[2025-07-02T11:51:21.097+0000][784531][info ][gc,heap     ] GC(4) Eden regions: 30->0(63)
[2025-07-02T11:51:21.097+0000][784531][info ][gc,heap     ] GC(4) Survivor regions: 2->3(4)
[2025-07-02T11:51:21.097+0000][784531][info ][gc,heap     ] GC(4) Old regions: 2->2
[2025-07-02T11:51:21.097+0000][784531][info ][gc,heap     ] GC(4) Humongous regions: 0->0
[2025-07-02T11:51:21.097+0000][784531][info ][gc,metaspace] GC(4) Metaspace: 22777K(23424K)->22777K(23424K) NonClass: 20249K(20608K)->20249K(20608K) Class: 2527K(2816K)->2527K(2816K)
[2025-07-02T11:51:21.097+0000][784531][info ][gc          ] GC(4) Pause Young (Prepare Mixed) (G1 Evacuation Pause) 130M->14M(512M) 3.195ms
[2025-07-02T11:51:21.097+0000][784531][info ][gc,cpu      ] GC(4) User=0.04s Sys=0.00s Real=0.01s
[2025-07-02T11:51:21.097+0000][784531][info ][safepoint   ] Safepoint "G1CollectForAllocation", Time since last: 391727201 ns, Reaching safepoint: 6089 ns, Cleanup: 173400 ns, At safepoint: 3241040 ns, Total: 3420529 ns
[2025-07-02T11:51:21.470+0000][784531][info ][safepoint   ] Safepoint "ICBufferFull", Time since last: 372299903 ns, Reaching safepoint: 12519 ns, Cleanup: 259029 ns, At safepoint: 4537 ns, Total: 276085 ns
[2025-07-02T11:51:21.953+0000][784531][info ][gc,start    ] GC(5) Pause Young (Mixed) (G1 Evacuation Pause)
[2025-07-02T11:51:21.953+0000][784531][info ][gc,task     ] GC(5) Using 12 workers of 33 for evacuation
[2025-07-02T11:51:21.953+0000][784531][debug][gc,age      ] GC(5) Desired survivor size 18874368 bytes, new threshold 15 (max threshold 15)
[2025-07-02T11:51:21.962+0000][784531][info ][gc,phases   ] GC(5)   Pre Evacuate Collection Set: 0.1ms
[2025-07-02T11:51:21.962+0000][784531][info ][gc,phases   ] GC(5)   Merge Heap Roots: 0.1ms
[2025-07-02T11:51:21.962+0000][784531][info ][gc,phases   ] GC(5)   Evacuate Collection Set: 7.4ms
[2025-07-02T11:51:21.962+0000][784531][info ][gc,phases   ] GC(5)   Post Evacuate Collection Set: 1.2ms
[2025-07-02T11:51:21.962+0000][784531][info ][gc,phases   ] GC(5)   Other: 0.1ms
[2025-07-02T11:51:21.962+0000][784531][trace][gc,age      ] GC(5) Age table with threshold 15 (max threshold 15)
[2025-07-02T11:51:21.962+0000][784531][trace][gc,age      ] GC(5) - age   1:    9108424 bytes,    9108424 total
[2025-07-02T11:51:21.962+0000][784531][trace][gc,age      ] GC(5) - age   2:    1830672 bytes,   10939096 total
[2025-07-02T11:51:21.962+0000][784531][trace][gc,age      ] GC(5) - age   3:     950176 bytes,   11889272 total
[2025-07-02T11:51:21.962+0000][784531][trace][gc,age      ] GC(5) - age   4:    6391216 bytes,   18280488 total
[2025-07-02T11:51:21.962+0000][784531][info ][gc,heap     ] GC(5) Eden regions: 63->0(71)
[2025-07-02T11:51:21.962+0000][784531][info ][gc,heap     ] GC(5) Survivor regions: 3->5(9)
[2025-07-02T11:51:21.962+0000][784531][info ][gc,heap     ] GC(5) Old regions: 2->1
[2025-07-02T11:51:21.962+0000][784531][info ][gc,heap     ] GC(5) Humongous regions: 0->0
[2025-07-02T11:51:21.962+0000][784531][info ][gc,metaspace] GC(5) Metaspace: 29818K(30528K)->29818K(30528K) NonClass: 26423K(26816K)->26423K(26816K) Class: 3395K(3712K)->3395K(3712K)
[2025-07-02T11:51:21.962+0000][784531][info ][gc          ] GC(5) Pause Young (Mixed) (G1 Evacuation Pause) 266M->21M(512M) 8.953ms
[2025-07-02T11:51:21.962+0000][784531][info ][gc,cpu      ] GC(5) User=0.09s Sys=0.00s Real=0.01s
[2025-07-02T11:51:21.962+0000][784531][info ][safepoint   ] Safepoint "G1CollectForAllocation", Time since last: 482700920 ns, Reaching safepoint: 6390 ns, Cleanup: 164617 ns, At safepoint: 8998165 ns, Total: 9169172 ns
[2025-07-02T11:51:22.207+0000][784531][info ][gc,start    ] GC(6) Pause Young (Normal) (G1 Evacuation Pause)
[2025-07-02T11:51:22.207+0000][784531][info ][gc,task     ] GC(6) Using 12 workers of 33 for evacuation
[2025-07-02T11:51:22.207+0000][784531][debug][gc,age      ] GC(6) Desired survivor size 20971520 bytes, new threshold 15 (max threshold 15)
[2025-07-02T11:51:22.213+0000][784531][info ][gc,phases   ] GC(6)   Pre Evacuate Collection Set: 0.1ms
[2025-07-02T11:51:22.213+0000][784531][info ][gc,phases   ] GC(6)   Merge Heap Roots: 0.0ms
[2025-07-02T11:51:22.213+0000][784531][info ][gc,phases   ] GC(6)   Evacuate Collection Set: 5.3ms
[2025-07-02T11:51:22.213+0000][784531][info ][gc,phases   ] GC(6)   Post Evacuate Collection Set: 0.7ms
[2025-07-02T11:51:22.213+0000][784531][info ][gc,phases   ] GC(6)   Other: 0.1ms
[2025-07-02T11:51:22.213+0000][784531][trace][gc,age      ] GC(6) Age table with threshold 15 (max threshold 15)
[2025-07-02T11:51:22.213+0000][784531][trace][gc,age      ] GC(6) - age   1:    3235280 bytes,    3235280 total
[2025-07-02T11:51:22.213+0000][784531][trace][gc,age      ] GC(6) - age   2:    6939104 bytes,   10174384 total
[2025-07-02T11:51:22.213+0000][784531][trace][gc,age      ] GC(6) - age   3:    1829680 bytes,   12004064 total
[2025-07-02T11:51:22.213+0000][784531][trace][gc,age      ] GC(6) - age   4:     950176 bytes,   12954240 total
[2025-07-02T11:51:22.213+0000][784531][trace][gc,age      ] GC(6) - age   5:    6391152 bytes,   19345392 total
[2025-07-02T11:51:22.213+0000][784531][info ][gc,heap     ] GC(6) Eden regions: 71->0(70)
[2025-07-02T11:51:22.213+0000][784531][info ][gc,heap     ] GC(6) Survivor regions: 5->6(10)
[2025-07-02T11:51:22.213+0000][784531][info ][gc,heap     ] GC(6) Old regions: 1->1
[2025-07-02T11:51:22.213+0000][784531][info ][gc,heap     ] GC(6) Humongous regions: 0->0
[2025-07-02T11:51:22.213+0000][784531][info ][gc,metaspace] GC(6) Metaspace: 30379K(31168K)->30379K(31168K) NonClass: 26911K(27328K)->26911K(27328K) Class: 3468K(3840K)->3468K(3840K)
[2025-07-02T11:51:22.213+0000][784531][info ][gc          ] GC(6) Pause Young (Normal) (G1 Evacuation Pause) 305M->24M(512M) 6.380ms
[2025-07-02T11:51:22.213+0000][784531][info ][gc,cpu      ] GC(6) User=0.06s Sys=0.00s Real=0.00s
[2025-07-02T11:51:22.213+0000][784531][info ][safepoint   ] Safepoint "G1CollectForAllocation", Time since last: 245273622 ns, Reaching safepoint: 5448 ns, Cleanup: 146009 ns, At safepoint: 6423084 ns, Total: 6574541 ns
[2025-07-02T11:51:22.494+0000][784531][info ][gc,start    ] GC(7) Pause Young (Concurrent Start) (Metadata GC Threshold)
[2025-07-02T11:51:22.494+0000][784531][info ][gc,task     ] GC(7) Using 12 workers of 33 for evacuation
[2025-07-02T11:51:22.494+0000][784531][debug][gc,age      ] GC(7) Desired survivor size 20971520 bytes, new threshold 15 (max threshold 15)
[2025-07-02T11:51:22.500+0000][784531][info ][gc,phases   ] GC(7)   Pre Evacuate Collection Set: 0.2ms
[2025-07-02T11:51:22.500+0000][784531][info ][gc,phases   ] GC(7)   Merge Heap Roots: 0.1ms
[2025-07-02T11:51:22.500+0000][784531][info ][gc,phases   ] GC(7)   Evacuate Collection Set: 5.0ms
[2025-07-02T11:51:22.500+0000][784531][info ][gc,phases   ] GC(7)   Post Evacuate Collection Set: 0.7ms
[2025-07-02T11:51:22.500+0000][784531][info ][gc,phases   ] GC(7)   Other: 0.1ms
[2025-07-02T11:51:22.500+0000][784531][trace][gc,age      ] GC(7) Age table with threshold 15 (max threshold 15)
[2025-07-02T11:51:22.500+0000][784531][trace][gc,age      ] GC(7) - age   1:    2922544 bytes,    2922544 total
[2025-07-02T11:51:22.500+0000][784531][trace][gc,age      ] GC(7) - age   2:    2791144 bytes,    5713688 total
[2025-07-02T11:51:22.500+0000][784531][trace][gc,age      ] GC(7) - age   3:    6935008 bytes,   12648696 total
[2025-07-02T11:51:22.500+0000][784531][trace][gc,age      ] GC(7) - age   4:    1828528 bytes,   14477224 total
[2025-07-02T11:51:22.500+0000][784531][trace][gc,age      ] GC(7) - age   5:     949968 bytes,   15427192 total
[2025-07-02T11:51:22.500+0000][784531][trace][gc,age      ] GC(7) - age   6:    6389912 bytes,   21817104 total
[2025-07-02T11:51:22.500+0000][784531][info ][gc,heap     ] GC(7) Eden regions: 34->0(70)
[2025-07-02T11:51:22.500+0000][784531][info ][gc,heap     ] GC(7) Survivor regions: 6->6(10)
[2025-07-02T11:51:22.500+0000][784531][info ][gc,heap     ] GC(7) Old regions: 1->1
[2025-07-02T11:51:22.500+0000][784531][info ][gc,heap     ] GC(7) Humongous regions: 0->0
[2025-07-02T11:51:22.500+0000][784531][info ][gc,metaspace] GC(7) Metaspace: 35189K(35968K)->35189K(35968K) NonClass: 31225K(31680K)->31225K(31680K) Class: 3963K(4288K)->3963K(4288K)
[2025-07-02T11:51:22.500+0000][784531][info ][gc          ] GC(7) Pause Young (Concurrent Start) (Metadata GC Threshold) 160M->25M(512M) 6.197ms
[2025-07-02T11:51:22.500+0000][784531][info ][gc,cpu      ] GC(7) User=0.05s Sys=0.01s Real=0.01s
[2025-07-02T11:51:22.500+0000][784531][info ][gc          ] GC(8) Concurrent Mark Cycle
[2025-07-02T11:51:22.500+0000][784531][info ][gc,marking  ] GC(8) Concurrent Scan Root Regions
[2025-07-02T11:51:22.500+0000][784531][info ][safepoint   ] Safepoint "CollectForMetadataAllocation", Time since last: 279988489 ns, Reaching safepoint: 5248 ns, Cleanup: 162034 ns, At safepoint: 6297194 ns, Total: 6464476 ns
[2025-07-02T11:51:22.502+0000][784531][info ][gc,marking  ] GC(8) Concurrent Scan Root Regions 1.628ms
[2025-07-02T11:51:22.502+0000][784531][info ][gc,marking  ] GC(8) Concurrent Mark
[2025-07-02T11:51:22.502+0000][784531][info ][gc,marking  ] GC(8) Concurrent Mark From Roots
[2025-07-02T11:51:22.502+0000][784531][info ][gc,task     ] GC(8) Using 8 workers of 8 for marking
[2025-07-02T11:51:22.503+0000][784531][info ][gc,marking  ] GC(8) Concurrent Mark From Roots 1.472ms
[2025-07-02T11:51:22.503+0000][784531][info ][gc,marking  ] GC(8) Concurrent Preclean
[2025-07-02T11:51:22.503+0000][784531][info ][gc,marking  ] GC(8) Concurrent Preclean 0.014ms
[2025-07-02T11:51:22.503+0000][784531][info ][gc,start    ] GC(8) Pause Remark
[2025-07-02T11:51:22.507+0000][784531][info ][gc          ] GC(8) Pause Remark 28M->28M(512M) 3.388ms
[2025-07-02T11:51:22.507+0000][784531][info ][gc,cpu      ] GC(8) User=0.02s Sys=0.00s Real=0.01s
[2025-07-02T11:51:22.507+0000][784531][info ][safepoint   ] Safepoint "G1PauseRemark", Time since last: 3155523 ns, Reaching safepoint: 66420 ns, Cleanup: 1102 ns, At safepoint: 3420511 ns, Total: 3488033 ns
[2025-07-02T11:51:22.507+0000][784531][info ][gc,marking  ] GC(8) Concurrent Mark 5.013ms
[2025-07-02T11:51:22.507+0000][784531][info ][gc,marking  ] GC(8) Concurrent Rebuild Remembered Sets and Scrub Regions
[2025-07-02T11:51:22.507+0000][784531][info ][gc,marking  ] GC(8) Concurrent Rebuild Remembered Sets and Scrub Regions 0.580ms
[2025-07-02T11:51:22.507+0000][784531][info ][gc,start    ] GC(8) Pause Cleanup
[2025-07-02T11:51:22.507+0000][784531][info ][gc          ] GC(8) Pause Cleanup 28M->28M(512M) 0.032ms
[2025-07-02T11:51:22.507+0000][784531][info ][gc,cpu      ] GC(8) User=0.00s Sys=0.00s Real=0.00s
[2025-07-02T11:51:22.507+0000][784531][info ][safepoint   ] Safepoint "G1PauseCleanup", Time since last: 610728 ns, Reaching safepoint: 191468 ns, Cleanup: 4887 ns, At safepoint: 44337 ns, Total: 240692 ns
[2025-07-02T11:51:22.507+0000][784531][info ][gc,marking  ] GC(8) Concurrent Clear Claimed Marks
[2025-07-02T11:51:22.508+0000][784531][info ][gc,marking  ] GC(8) Concurrent Clear Claimed Marks 0.071ms
[2025-07-02T11:51:22.508+0000][784531][info ][gc,marking  ] GC(8) Concurrent Cleanup for Next Mark
[2025-07-02T11:51:22.508+0000][784531][info ][gc,marking  ] GC(8) Concurrent Cleanup for Next Mark 0.097ms
[2025-07-02T11:51:22.508+0000][784531][info ][gc          ] GC(8) Concurrent Mark Cycle 7.746ms
[2025-07-02T11:51:22.965+0000][784531][info ][gc,start    ] GC(9) Pause Young (Normal) (G1 Evacuation Pause)
[2025-07-02T11:51:22.965+0000][784531][info ][gc,task     ] GC(9) Using 12 workers of 33 for evacuation
[2025-07-02T11:51:22.965+0000][784531][debug][gc,age      ] GC(9) Desired survivor size 20971520 bytes, new threshold 6 (max threshold 15)
[2025-07-02T11:51:22.972+0000][784531][info ][gc,phases   ] GC(9)   Pre Evacuate Collection Set: 0.1ms
[2025-07-02T11:51:22.973+0000][784531][info ][gc,phases   ] GC(9)   Merge Heap Roots: 0.1ms
[2025-07-02T11:51:22.973+0000][784531][info ][gc,phases   ] GC(9)   Evacuate Collection Set: 6.8ms
[2025-07-02T11:51:22.973+0000][784531][info ][gc,phases   ] GC(9)   Post Evacuate Collection Set: 0.8ms
[2025-07-02T11:51:22.973+0000][784531][info ][gc,phases   ] GC(9)   Other: 0.1ms
[2025-07-02T11:51:22.973+0000][784531][trace][gc,age      ] GC(9) Age table with threshold 6 (max threshold 15)
[2025-07-02T11:51:22.973+0000][784531][trace][gc,age      ] GC(9) - age   1:    6393640 bytes,    6393640 total
[2025-07-02T11:51:22.973+0000][784531][trace][gc,age      ] GC(9) - age   2:    2889944 bytes,    9283584 total
[2025-07-02T11:51:22.973+0000][784531][trace][gc,age      ] GC(9) - age   3:    2789152 bytes,   12072736 total
[2025-07-02T11:51:22.973+0000][784531][trace][gc,age      ] GC(9) - age   4:    6930744 bytes,   19003480 total
[2025-07-02T11:51:22.973+0000][784531][trace][gc,age      ] GC(9) - age   5:    1827984 bytes,   20831464 total
[2025-07-02T11:51:22.973+0000][784531][trace][gc,age      ] GC(9) - age   6:     949840 bytes,   21781304 total
[2025-07-02T11:51:22.973+0000][784531][info ][gc,heap     ] GC(9) Eden regions: 70->0(70)
[2025-07-02T11:51:22.973+0000][784531][info ][gc,heap     ] GC(9) Survivor regions: 6->6(10)
[2025-07-02T11:51:22.973+0000][784531][info ][gc,heap     ] GC(9) Old regions: 1->3
[2025-07-02T11:51:22.973+0000][784531][info ][gc,heap     ] GC(9) Humongous regions: 0->0
[2025-07-02T11:51:22.973+0000][784531][info ][gc,metaspace] GC(9) Metaspace: 37514K(38400K)->37514K(38400K) NonClass: 33240K(33792K)->33240K(33792K) Class: 4273K(4608K)->4273K(4608K)
[2025-07-02T11:51:22.973+0000][784531][info ][gc          ] GC(9) Pause Young (Normal) (G1 Evacuation Pause) 305M->32M(512M) 8.071ms
[2025-07-02T11:51:22.973+0000][784531][info ][gc,cpu      ] GC(9) User=0.08s Sys=0.01s Real=0.01s
[2025-07-02T11:51:22.973+0000][784531][info ][safepoint   ] Safepoint "G1CollectForAllocation", Time since last: 456926661 ns, Reaching safepoint: 5658 ns, Cleanup: 137387 ns, At safepoint: 8133585 ns, Total: 8276630 ns
[2025-07-02T11:51:23.173+0000][784531][info ][gc,start    ] GC(10) Pause Young (Normal) (G1 Evacuation Pause)
[2025-07-02T11:51:23.173+0000][784531][info ][gc,task     ] GC(10) Using 12 workers of 33 for evacuation
[2025-07-02T11:51:23.173+0000][784531][debug][gc,age      ] GC(10) Desired survivor size 20971520 bytes, new threshold 6 (max threshold 15)
[2025-07-02T11:51:23.177+0000][784531][info ][gc,phases   ] GC(10)   Pre Evacuate Collection Set: 0.1ms
[2025-07-02T11:51:23.177+0000][784531][info ][gc,phases   ] GC(10)   Merge Heap Roots: 0.1ms
[2025-07-02T11:51:23.177+0000][784531][info ][gc,phases   ] GC(10)   Evacuate Collection Set: 3.2ms
[2025-07-02T11:51:23.177+0000][784531][info ][gc,phases   ] GC(10)   Post Evacuate Collection Set: 0.6ms
[2025-07-02T11:51:23.177+0000][784531][info ][gc,phases   ] GC(10)   Other: 0.0ms
[2025-07-02T11:51:23.177+0000][784531][trace][gc,age      ] GC(10) Age table with threshold 6 (max threshold 15)
[2025-07-02T11:51:23.177+0000][784531][trace][gc,age      ] GC(10) - age   1:    2139024 bytes,    2139024 total
[2025-07-02T11:51:23.177+0000][784531][trace][gc,age      ] GC(10) - age   2:    5554040 bytes,    7693064 total
[2025-07-02T11:51:23.177+0000][784531][trace][gc,age      ] GC(10) - age   3:    2889912 bytes,   10582976 total
[2025-07-02T11:51:23.177+0000][784531][trace][gc,age      ] GC(10) - age   4:    2789024 bytes,   13372000 total
[2025-07-02T11:51:23.177+0000][784531][trace][gc,age      ] GC(10) - age   5:    6929016 bytes,   20301016 total
[2025-07-02T11:51:23.177+0000][784531][trace][gc,age      ] GC(10) - age   6:    1826960 bytes,   22127976 total
[2025-07-02T11:51:23.177+0000][784531][info ][gc,heap     ] GC(10) Eden regions: 70->0(70)
[2025-07-02T11:51:23.177+0000][784531][info ][gc,heap     ] GC(10) Survivor regions: 6->6(10)
[2025-07-02T11:51:23.177+0000][784531][info ][gc,heap     ] GC(10) Old regions: 3->3
[2025-07-02T11:51:23.177+0000][784531][info ][gc,heap     ] GC(10) Humongous regions: 0->0
[2025-07-02T11:51:23.177+0000][784531][info ][gc,metaspace] GC(10) Metaspace: 38270K(39232K)->38270K(39232K) NonClass: 33890K(34432K)->33890K(34432K) Class: 4379K(4800K)->4379K(4800K)
[2025-07-02T11:51:23.177+0000][784531][info ][gc          ] GC(10) Pause Young (Normal) (G1 Evacuation Pause) 312M->33M(512M) 4.545ms
[2025-07-02T11:51:23.177+0000][784531][info ][gc,cpu      ] GC(10) User=0.04s Sys=0.00s Real=0.01s
[2025-07-02T11:51:23.177+0000][784531][info ][safepoint   ] Safepoint "G1CollectForAllocation", Time since last: 199801596 ns, Reaching safepoint: 4787 ns, Cleanup: 73380 ns, At safepoint: 4586083 ns, Total: 4664250 ns
[2025-07-02T11:51:23.618+0000][784531][info ][safepoint   ] Safepoint "ICBufferFull", Time since last: 440420042 ns, Reaching safepoint: 5097 ns, Cleanup: 153271 ns, At safepoint: 3084 ns, Total: 161452 ns
[2025-07-02T11:51:23.904+0000][784531][info ][gc,start    ] GC(11) Pause Young (Normal) (G1 Evacuation Pause)
[2025-07-02T11:51:23.904+0000][784531][info ][gc,task     ] GC(11) Using 12 workers of 33 for evacuation
[2025-07-02T11:51:23.904+0000][784531][debug][gc,age      ] GC(11) Desired survivor size 20971520 bytes, new threshold 6 (max threshold 15)
[2025-07-02T11:51:23.910+0000][784531][info ][gc,phases   ] GC(11)   Pre Evacuate Collection Set: 0.3ms
[2025-07-02T11:51:23.910+0000][784531][info ][gc,phases   ] GC(11)   Merge Heap Roots: 0.1ms
[2025-07-02T11:51:23.910+0000][784531][info ][gc,phases   ] GC(11)   Evacuate Collection Set: 4.7ms
[2025-07-02T11:51:23.910+0000][784531][info ][gc,phases   ] GC(11)   Post Evacuate Collection Set: 0.9ms
[2025-07-02T11:51:23.910+0000][784531][info ][gc,phases   ] GC(11)   Other: 0.1ms
[2025-07-02T11:51:23.910+0000][784531][trace][gc,age      ] GC(11) Age table with threshold 6 (max threshold 15)
[2025-07-02T11:51:23.910+0000][784531][trace][gc,age      ] GC(11) - age   1:    6339416 bytes,    6339416 total
[2025-07-02T11:51:23.910+0000][784531][trace][gc,age      ] GC(11) - age   2:    1326960 bytes,    7666376 total
[2025-07-02T11:51:23.910+0000][784531][trace][gc,age      ] GC(11) - age   3:    5531040 bytes,   13197416 total
[2025-07-02T11:51:23.910+0000][784531][trace][gc,age      ] GC(11) - age   4:    2881736 bytes,   16079152 total
[2025-07-02T11:51:23.910+0000][784531][trace][gc,age      ] GC(11) - age   5:    2786008 bytes,   18865160 total
[2025-07-02T11:51:23.910+0000][784531][trace][gc,age      ] GC(11) - age   6:    6917296 bytes,   25782456 total
[2025-07-02T11:51:23.910+0000][784531][info ][gc,heap     ] GC(11) Eden regions: 70->0(69)
[2025-07-02T11:51:23.910+0000][784531][info ][gc,heap     ] GC(11) Survivor regions: 6->7(10)
[2025-07-02T11:51:23.910+0000][784531][info ][gc,heap     ] GC(11) Old regions: 3->4
[2025-07-02T11:51:23.910+0000][784531][info ][gc,heap     ] GC(11) Humongous regions: 0->0
[2025-07-02T11:51:23.910+0000][784531][info ][gc,metaspace] GC(11) Metaspace: 46487K(47744K)->46487K(47744K) NonClass: 40993K(41728K)->40993K(41728K) Class: 5494K(6016K)->5494K(6016K)
[2025-07-02T11:51:23.911+0000][784531][info ][gc          ] GC(11) Pause Young (Normal) (G1 Evacuation Pause) 313M->39M(512M) 6.132ms
[2025-07-02T11:51:23.911+0000][784531][info ][gc,cpu      ] GC(11) User=0.05s Sys=0.01s Real=0.01s
[2025-07-02T11:51:23.911+0000][784531][info ][safepoint   ] Safepoint "G1CollectForAllocation", Time since last: 286526957 ns, Reaching safepoint: 71708 ns, Cleanup: 97997 ns, At safepoint: 6178346 ns, Total: 6348051 ns
[2025-07-02T11:51:24.048+0000][784531][info ][gc,heap,exit] Heap
[2025-07-02T11:51:24.048+0000][784531][info ][gc,heap,exit]  garbage-first heap   total 524288K, used 143016K [0x00000000e0000000, 0x0000000100000000)
[2025-07-02T11:51:24.048+0000][784531][info ][gc,heap,exit]   region size 4096K, 32 young (131072K), 7 survivors (28672K)
[2025-07-02T11:51:24.048+0000][784531][info ][gc,heap,exit]  Metaspace       used 49615K, committed 50880K, reserved 1114112K
[2025-07-02T11:51:24.048+0000][784531][info ][gc,heap,exit]   class space    used 5811K, committed 6336K, reserved 1048576K
