[2025-08-28T12:59:33.604+0000][1087812][info][gc,init] CardTable entry size: 512
[2025-08-28T12:59:33.605+0000][1087812][info][gc     ] Using G1
[2025-08-28T12:59:33.614+0000][1087812][info][gc,init] Version: 21.0.2+13-58 (release)
[2025-08-28T12:59:33.614+0000][1087812][info][gc,init] CPUs: 48 total, 48 available
[2025-08-28T12:59:33.614+0000][1087812][info][gc,init] Memory: 377G
[2025-08-28T12:59:33.614+0000][1087812][info][gc,init] Large Page Support: Disabled
[2025-08-28T12:59:33.614+0000][1087812][info][gc,init] NUMA Support: Disabled
[2025-08-28T12:59:33.614+0000][1087812][info][gc,init] Compressed Oops: Enabled (32-bit)
[2025-08-28T12:59:33.614+0000][1087812][info][gc,init] Heap Region Size: 4M
[2025-08-28T12:59:33.614+0000][1087812][info][gc,init] Heap Min Capacity: 512M
[2025-08-28T12:59:33.614+0000][1087812][info][gc,init] Heap Initial Capacity: 512M
[2025-08-28T12:59:33.614+0000][1087812][info][gc,init] Heap Max Capacity: 512M
[2025-08-28T12:59:33.614+0000][1087812][info][gc,init] Pre-touch: Enabled
[2025-08-28T12:59:33.614+0000][1087812][info][gc,init] Parallel Workers: 33
[2025-08-28T12:59:33.614+0000][1087812][info][gc,init] Concurrent Workers: 8
[2025-08-28T12:59:33.614+0000][1087812][info][gc,init] Concurrent Refinement Workers: 33
[2025-08-28T12:59:33.614+0000][1087812][info][gc,init] Periodic GC: Disabled
[2025-08-28T12:59:33.620+0000][1087812][info][gc,metaspace] CDS archive(s) mapped at: [0x00001497cf000000-0x00001497cfca6000-0x00001497cfca6000), size 13262848, SharedBaseAddress: 0x00001497cf000000, ArchiveRelocationMode: 1.
[2025-08-28T12:59:33.620+0000][1087812][info][gc,metaspace] Compressed class space mapped at: 0x00001497d0000000-0x0000149810000000, reserved size: 1073741824
[2025-08-28T12:59:33.620+0000][1087812][info][gc,metaspace] Narrow klass base: 0x00001497cf000000, Narrow klass shift: 0, Narrow klass range: 0x100000000
[2025-08-28T12:59:33.720+0000][1087812][info][safepoint   ] Safepoint "ICBufferFull", Time since last: 97114324 ns, Reaching safepoint: 68402 ns, Cleanup: 126240 ns, At safepoint: 4126 ns, Total: 198768 ns
[2025-08-28T12:59:33.721+0000][1087812][info][gc,start    ] GC(0) Pause Young (Normal) (G1 Evacuation Pause)
[2025-08-28T12:59:33.721+0000][1087812][info][gc,task     ] GC(0) Using 12 workers of 33 for evacuation
[2025-08-28T12:59:33.721+0000][1087812][debug][gc,age      ] GC(0) Desired survivor size 2097152 bytes, new threshold 15 (max threshold 15)
[2025-08-28T12:59:33.722+0000][1087812][info ][gc,phases   ] GC(0)   Pre Evacuate Collection Set: 0.1ms
[2025-08-28T12:59:33.722+0000][1087812][info ][gc,phases   ] GC(0)   Merge Heap Roots: 0.0ms
[2025-08-28T12:59:33.722+0000][1087812][info ][gc,phases   ] GC(0)   Evacuate Collection Set: 0.4ms
[2025-08-28T12:59:33.722+0000][1087812][info ][gc,phases   ] GC(0)   Post Evacuate Collection Set: 0.2ms
[2025-08-28T12:59:33.722+0000][1087812][info ][gc,phases   ] GC(0)   Other: 0.0ms
[2025-08-28T12:59:33.722+0000][1087812][trace][gc,age      ] GC(0) Age table with threshold 15 (max threshold 15)
[2025-08-28T12:59:33.722+0000][1087812][trace][gc,age      ] GC(0) - age   1:     760992 bytes,     760992 total
[2025-08-28T12:59:33.722+0000][1087812][info ][gc,heap     ] GC(0) Eden regions: 6->0(23)
[2025-08-28T12:59:33.722+0000][1087812][info ][gc,heap     ] GC(0) Survivor regions: 0->1(1)
[2025-08-28T12:59:33.722+0000][1087812][info ][gc,heap     ] GC(0) Old regions: 1->1
[2025-08-28T12:59:33.722+0000][1087812][info ][gc,heap     ] GC(0) Humongous regions: 0->0
[2025-08-28T12:59:33.722+0000][1087812][info ][gc,metaspace] GC(0) Metaspace: 890K(1024K)->890K(1024K) NonClass: 829K(896K)->829K(896K) Class: 60K(128K)->60K(128K)
[2025-08-28T12:59:33.722+0000][1087812][info ][gc          ] GC(0) Pause Young (Normal) (G1 Evacuation Pause) 24M->2M(512M) 0.915ms
[2025-08-28T12:59:33.722+0000][1087812][info ][gc,cpu      ] GC(0) User=0.01s Sys=0.00s Real=0.00s
[2025-08-28T12:59:33.722+0000][1087812][info ][safepoint   ] Safepoint "G1CollectForAllocation", Time since last: 1051610 ns, Reaching safepoint: 2424 ns, Cleanup: 3075 ns, At safepoint: 962035 ns, Total: 967534 ns
[2025-08-28T12:59:33.857+0000][1087812][info ][safepoint   ] Safepoint "ICBufferFull", Time since last: 134888497 ns, Reaching safepoint: 72249 ns, Cleanup: 140601 ns, At safepoint: 10175 ns, Total: 223025 ns
[2025-08-28T12:59:34.004+0000][1087812][info ][safepoint   ] Safepoint "ICBufferFull", Time since last: 146171212 ns, Reaching safepoint: 3976 ns, Cleanup: 176915 ns, At safepoint: 1092 ns, Total: 181983 ns
[2025-08-28T12:59:34.160+0000][1087812][info ][safepoint   ] Safepoint "ICBufferFull", Time since last: 156529327 ns, Reaching safepoint: 3655 ns, Cleanup: 149795 ns, At safepoint: 1302 ns, Total: 154752 ns
[2025-08-28T12:59:34.287+0000][1087812][info ][safepoint   ] Safepoint "ICBufferFull", Time since last: 126130947 ns, Reaching safepoint: 4086 ns, Cleanup: 157286 ns, At safepoint: 5449 ns, Total: 166821 ns
[2025-08-28T12:59:34.486+0000][1087812][info ][safepoint   ] Safepoint "ICBufferFull", Time since last: 199610955 ns, Reaching safepoint: 70796 ns, Cleanup: 181032 ns, At safepoint: 5138 ns, Total: 256966 ns
[2025-08-28T12:59:34.497+0000][1087812][info ][gc,start    ] GC(1) Pause Young (Normal) (G1 Evacuation Pause)
[2025-08-28T12:59:34.497+0000][1087812][info ][gc,task     ] GC(1) Using 12 workers of 33 for evacuation
[2025-08-28T12:59:34.497+0000][1087812][debug][gc,age      ] GC(1) Desired survivor size 6291456 bytes, new threshold 15 (max threshold 15)
[2025-08-28T12:59:34.502+0000][1087812][info ][gc,phases   ] GC(1)   Pre Evacuate Collection Set: 0.1ms
[2025-08-28T12:59:34.502+0000][1087812][info ][gc,phases   ] GC(1)   Merge Heap Roots: 0.0ms
[2025-08-28T12:59:34.502+0000][1087812][info ][gc,phases   ] GC(1)   Evacuate Collection Set: 4.1ms
[2025-08-28T12:59:34.502+0000][1087812][info ][gc,phases   ] GC(1)   Post Evacuate Collection Set: 0.8ms
[2025-08-28T12:59:34.502+0000][1087812][info ][gc,phases   ] GC(1)   Other: 0.1ms
[2025-08-28T12:59:34.502+0000][1087812][trace][gc,age      ] GC(1) Age table with threshold 15 (max threshold 15)
[2025-08-28T12:59:34.502+0000][1087812][trace][gc,age      ] GC(1) - age   1:    8486128 bytes,    8486128 total
[2025-08-28T12:59:34.502+0000][1087812][trace][gc,age      ] GC(1) - age   2:     741224 bytes,    9227352 total
[2025-08-28T12:59:34.502+0000][1087812][info ][gc,heap     ] GC(1) Eden regions: 23->0(24)
[2025-08-28T12:59:34.502+0000][1087812][info ][gc,heap     ] GC(1) Survivor regions: 1->3(3)
[2025-08-28T12:59:34.502+0000][1087812][info ][gc,heap     ] GC(1) Old regions: 1->1
[2025-08-28T12:59:34.502+0000][1087812][info ][gc,heap     ] GC(1) Humongous regions: 0->0
[2025-08-28T12:59:34.502+0000][1087812][info ][gc,metaspace] GC(1) Metaspace: 20336K(20928K)->20336K(20928K) NonClass: 18066K(18432K)->18066K(18432K) Class: 2270K(2496K)->2270K(2496K)
[2025-08-28T12:59:34.502+0000][1087812][info ][gc          ] GC(1) Pause Young (Normal) (G1 Evacuation Pause) 94M->10M(512M) 5.111ms
[2025-08-28T12:59:34.502+0000][1087812][info ][gc,cpu      ] GC(1) User=0.06s Sys=0.00s Real=0.01s
[2025-08-28T12:59:34.502+0000][1087812][info ][safepoint   ] Safepoint "G1CollectForAllocation", Time since last: 10867140 ns, Reaching safepoint: 3165 ns, Cleanup: 3986 ns, At safepoint: 5157660 ns, Total: 5164811 ns
[2025-08-28T12:59:34.681+0000][1087812][info ][safepoint   ] Safepoint "ICBufferFull", Time since last: 178774194 ns, Reaching safepoint: 5228 ns, Cleanup: 169214 ns, At safepoint: 4937 ns, Total: 179379 ns
[2025-08-28T12:59:34.686+0000][1087812][info ][gc,start    ] GC(2) Pause Young (Concurrent Start) (Metadata GC Threshold)
[2025-08-28T12:59:34.686+0000][1087812][info ][gc,task     ] GC(2) Using 12 workers of 33 for evacuation
[2025-08-28T12:59:34.686+0000][1087812][debug][gc,age      ] GC(2) Desired survivor size 8388608 bytes, new threshold 1 (max threshold 15)
[2025-08-28T12:59:34.690+0000][1087812][info ][gc,phases   ] GC(2)   Pre Evacuate Collection Set: 0.1ms
[2025-08-28T12:59:34.690+0000][1087812][info ][gc,phases   ] GC(2)   Merge Heap Roots: 0.0ms
[2025-08-28T12:59:34.690+0000][1087812][info ][gc,phases   ] GC(2)   Evacuate Collection Set: 2.7ms
[2025-08-28T12:59:34.690+0000][1087812][info ][gc,phases   ] GC(2)   Post Evacuate Collection Set: 0.6ms
[2025-08-28T12:59:34.690+0000][1087812][info ][gc,phases   ] GC(2)   Other: 0.1ms
[2025-08-28T12:59:34.690+0000][1087812][trace][gc,age      ] GC(2) Age table with threshold 1 (max threshold 15)
[2025-08-28T12:59:34.690+0000][1087812][trace][gc,age      ] GC(2) - age   1:     948920 bytes,     948920 total
[2025-08-28T12:59:34.690+0000][1087812][info ][gc,heap     ] GC(2) Eden regions: 14->0(29)
[2025-08-28T12:59:34.690+0000][1087812][info ][gc,heap     ] GC(2) Survivor regions: 3->1(4)
[2025-08-28T12:59:34.690+0000][1087812][info ][gc,heap     ] GC(2) Old regions: 1->4
[2025-08-28T12:59:34.690+0000][1087812][info ][gc,heap     ] GC(2) Humongous regions: 0->0
[2025-08-28T12:59:34.690+0000][1087812][info ][gc,metaspace] GC(2) Metaspace: 20976K(21504K)->20976K(21504K) NonClass: 18656K(18944K)->18656K(18944K) Class: 2319K(2560K)->2319K(2560K)
[2025-08-28T12:59:34.690+0000][1087812][info ][gc          ] GC(2) Pause Young (Concurrent Start) (Metadata GC Threshold) 65M->10M(512M) 3.695ms
[2025-08-28T12:59:34.690+0000][1087812][info ][gc,cpu      ] GC(2) User=0.04s Sys=0.00s Real=0.00s
[2025-08-28T12:59:34.690+0000][1087812][info ][gc          ] GC(3) Concurrent Mark Cycle
[2025-08-28T12:59:34.690+0000][1087812][info ][gc,marking  ] GC(3) Concurrent Scan Root Regions
[2025-08-28T12:59:34.690+0000][1087812][info ][safepoint   ] Safepoint "CollectForMetadataAllocation", Time since last: 4639422 ns, Reaching safepoint: 69024 ns, Cleanup: 30085 ns, At safepoint: 3838999 ns, Total: 3938108 ns
[2025-08-28T12:59:34.690+0000][1087812][info ][safepoint   ] Safepoint "CollectForMetadataAllocation", Time since last: 42163 ns, Reaching safepoint: 5298 ns, Cleanup: 2183 ns, At safepoint: 3906 ns, Total: 11387 ns
[2025-08-28T12:59:34.690+0000][1087812][info ][safepoint   ] Safepoint "CollectForMetadataAllocation", Time since last: 54382 ns, Reaching safepoint: 69384 ns, Cleanup: 1563 ns, At safepoint: 13289 ns, Total: 84236 ns
[2025-08-28T12:59:34.690+0000][1087812][info ][safepoint   ] Safepoint "CollectForMetadataAllocation", Time since last: 49655 ns, Reaching safepoint: 66099 ns, Cleanup: 912 ns, At safepoint: 9424 ns, Total: 76435 ns
[2025-08-28T12:59:34.690+0000][1087812][info ][safepoint   ] Safepoint "CollectForMetadataAllocation", Time since last: 35023 ns, Reaching safepoint: 67201 ns, Cleanup: 611 ns, At safepoint: 12018 ns, Total: 79830 ns
[2025-08-28T12:59:34.691+0000][1087812][info ][gc,marking  ] GC(3) Concurrent Scan Root Regions 1.572ms
[2025-08-28T12:59:34.691+0000][1087812][info ][gc,marking  ] GC(3) Concurrent Mark
[2025-08-28T12:59:34.691+0000][1087812][info ][gc,marking  ] GC(3) Concurrent Mark From Roots
[2025-08-28T12:59:34.692+0000][1087812][info ][gc,task     ] GC(3) Using 8 workers of 8 for marking
[2025-08-28T12:59:34.695+0000][1087812][info ][gc,marking  ] GC(3) Concurrent Mark From Roots 3.164ms
[2025-08-28T12:59:34.695+0000][1087812][info ][gc,marking  ] GC(3) Concurrent Preclean
[2025-08-28T12:59:34.695+0000][1087812][info ][gc,marking  ] GC(3) Concurrent Preclean 0.006ms
[2025-08-28T12:59:34.695+0000][1087812][info ][gc,start    ] GC(3) Pause Remark
[2025-08-28T12:59:34.697+0000][1087812][info ][gc          ] GC(3) Pause Remark 13M->13M(512M) 1.926ms
[2025-08-28T12:59:34.697+0000][1087812][info ][gc,cpu      ] GC(3) User=0.03s Sys=0.00s Real=0.00s
[2025-08-28T12:59:34.697+0000][1087812][info ][safepoint   ] Safepoint "G1PauseRemark", Time since last: 4299480 ns, Reaching safepoint: 66701 ns, Cleanup: 6820 ns, At safepoint: 1956890 ns, Total: 2030411 ns
[2025-08-28T12:59:34.697+0000][1087812][info ][gc,marking  ] GC(3) Concurrent Mark 5.246ms
[2025-08-28T12:59:34.697+0000][1087812][info ][gc,marking  ] GC(3) Concurrent Rebuild Remembered Sets and Scrub Regions
[2025-08-28T12:59:34.698+0000][1087812][info ][gc,marking  ] GC(3) Concurrent Rebuild Remembered Sets and Scrub Regions 1.286ms
[2025-08-28T12:59:34.698+0000][1087812][info ][gc,start    ] GC(3) Pause Cleanup
[2025-08-28T12:59:34.698+0000][1087812][info ][gc          ] GC(3) Pause Cleanup 13M->13M(512M) 0.051ms
[2025-08-28T12:59:34.698+0000][1087812][info ][gc,cpu      ] GC(3) User=0.00s Sys=0.00s Real=0.00s
[2025-08-28T12:59:34.698+0000][1087812][info ][safepoint   ] Safepoint "G1PauseCleanup", Time since last: 1319203 ns, Reaching safepoint: 66650 ns, Cleanup: 20931 ns, At safepoint: 77787 ns, Total: 165368 ns
[2025-08-28T12:59:34.698+0000][1087812][info ][gc,marking  ] GC(3) Concurrent Clear Claimed Marks
[2025-08-28T12:59:34.698+0000][1087812][info ][gc,marking  ] GC(3) Concurrent Clear Claimed Marks 0.022ms
[2025-08-28T12:59:34.698+0000][1087812][info ][gc,marking  ] GC(3) Concurrent Cleanup for Next Mark
[2025-08-28T12:59:34.698+0000][1087812][info ][gc,marking  ] GC(3) Concurrent Cleanup for Next Mark 0.091ms
[2025-08-28T12:59:34.698+0000][1087812][info ][gc          ] GC(3) Concurrent Mark Cycle 8.464ms
[2025-08-28T12:59:34.873+0000][1087812][info ][gc,start    ] GC(4) Pause Young (Prepare Mixed) (G1 Evacuation Pause)
[2025-08-28T12:59:34.873+0000][1087812][info ][gc,task     ] GC(4) Using 12 workers of 33 for evacuation
[2025-08-28T12:59:34.873+0000][1087812][debug][gc,age      ] GC(4) Desired survivor size 8388608 bytes, new threshold 15 (max threshold 15)
[2025-08-28T12:59:34.874+0000][1087812][info ][gc,phases   ] GC(4)   Pre Evacuate Collection Set: 0.1ms
[2025-08-28T12:59:34.874+0000][1087812][info ][gc,phases   ] GC(4)   Merge Heap Roots: 0.0ms
[2025-08-28T12:59:34.874+0000][1087812][info ][gc,phases   ] GC(4)   Evacuate Collection Set: 0.7ms
[2025-08-28T12:59:34.874+0000][1087812][info ][gc,phases   ] GC(4)   Post Evacuate Collection Set: 0.4ms
[2025-08-28T12:59:34.874+0000][1087812][info ][gc,phases   ] GC(4)   Other: 0.1ms
[2025-08-28T12:59:34.874+0000][1087812][trace][gc,age      ] GC(4) Age table with threshold 15 (max threshold 15)
[2025-08-28T12:59:34.874+0000][1087812][trace][gc,age      ] GC(4) - age   1:    2070672 bytes,    2070672 total
[2025-08-28T12:59:34.874+0000][1087812][trace][gc,age      ] GC(4) - age   2:     936448 bytes,    3007120 total
[2025-08-28T12:59:34.874+0000][1087812][info ][gc,heap     ] GC(4) Eden regions: 29->0(73)
[2025-08-28T12:59:34.874+0000][1087812][info ][gc,heap     ] GC(4) Survivor regions: 1->1(4)
[2025-08-28T12:59:34.874+0000][1087812][info ][gc,heap     ] GC(4) Old regions: 4->4
[2025-08-28T12:59:34.874+0000][1087812][info ][gc,heap     ] GC(4) Humongous regions: 0->0
[2025-08-28T12:59:34.874+0000][1087812][info ][gc,metaspace] GC(4) Metaspace: 22794K(23424K)->22794K(23424K) NonClass: 20266K(20608K)->20266K(20608K) Class: 2527K(2816K)->2527K(2816K)
[2025-08-28T12:59:34.874+0000][1087812][info ][gc          ] GC(4) Pause Young (Prepare Mixed) (G1 Evacuation Pause) 126M->12M(512M) 1.389ms
[2025-08-28T12:59:34.874+0000][1087812][info ][gc,cpu      ] GC(4) User=0.01s Sys=0.00s Real=0.00s
[2025-08-28T12:59:34.875+0000][1087812][info ][safepoint   ] Safepoint "G1CollectForAllocation", Time since last: 174659140 ns, Reaching safepoint: 6991 ns, Cleanup: 186761 ns, At safepoint: 1450319 ns, Total: 1644071 ns
[2025-08-28T12:59:35.117+0000][1087812][info ][safepoint   ] Safepoint "ICBufferFull", Time since last: 241788525 ns, Reaching safepoint: 7301 ns, Cleanup: 241423 ns, At safepoint: 5228 ns, Total: 253952 ns
[2025-08-28T12:59:35.357+0000][1087812][info ][safepoint   ] Safepoint "ICBufferFull", Time since last: 239945155 ns, Reaching safepoint: 7441 ns, Cleanup: 223767 ns, At safepoint: 1902 ns, Total: 233110 ns
[2025-08-28T12:59:35.373+0000][1087812][info ][gc,start    ] GC(5) Pause Young (Mixed) (G1 Evacuation Pause)
[2025-08-28T12:59:35.374+0000][1087812][info ][gc,task     ] GC(5) Using 12 workers of 33 for evacuation
[2025-08-28T12:59:35.374+0000][1087812][debug][gc,age      ] GC(5) Desired survivor size 20971520 bytes, new threshold 15 (max threshold 15)
[2025-08-28T12:59:35.379+0000][1087812][info ][gc,phases   ] GC(5)   Pre Evacuate Collection Set: 0.1ms
[2025-08-28T12:59:35.379+0000][1087812][info ][gc,phases   ] GC(5)   Merge Heap Roots: 0.1ms
[2025-08-28T12:59:35.379+0000][1087812][info ][gc,phases   ] GC(5)   Evacuate Collection Set: 4.7ms
[2025-08-28T12:59:35.379+0000][1087812][info ][gc,phases   ] GC(5)   Post Evacuate Collection Set: 0.9ms
[2025-08-28T12:59:35.379+0000][1087812][info ][gc,phases   ] GC(5)   Other: 0.1ms
[2025-08-28T12:59:35.379+0000][1087812][trace][gc,age      ] GC(5) Age table with threshold 15 (max threshold 15)
[2025-08-28T12:59:35.379+0000][1087812][trace][gc,age      ] GC(5) - age   1:    8189336 bytes,    8189336 total
[2025-08-28T12:59:35.379+0000][1087812][trace][gc,age      ] GC(5) - age   2:    2053576 bytes,   10242912 total
[2025-08-28T12:59:35.379+0000][1087812][trace][gc,age      ] GC(5) - age   3:     936152 bytes,   11179064 total
[2025-08-28T12:59:35.379+0000][1087812][info ][gc,heap     ] GC(5) Eden regions: 73->0(73)
[2025-08-28T12:59:35.379+0000][1087812][info ][gc,heap     ] GC(5) Survivor regions: 1->3(10)
[2025-08-28T12:59:35.379+0000][1087812][info ][gc,heap     ] GC(5) Old regions: 4->3
[2025-08-28T12:59:35.379+0000][1087812][info ][gc,heap     ] GC(5) Humongous regions: 0->0
[2025-08-28T12:59:35.379+0000][1087812][info ][gc,metaspace] GC(5) Metaspace: 29958K(30720K)->29958K(30720K) NonClass: 26552K(27008K)->26552K(27008K) Class: 3405K(3712K)->3405K(3712K)
[2025-08-28T12:59:35.379+0000][1087812][info ][gc          ] GC(5) Pause Young (Mixed) (G1 Evacuation Pause) 304M->20M(512M) 6.012ms
[2025-08-28T12:59:35.379+0000][1087812][info ][gc,cpu      ] GC(5) User=0.04s Sys=0.01s Real=0.00s
[2025-08-28T12:59:35.380+0000][1087812][info ][safepoint   ] Safepoint "G1CollectForAllocation", Time since last: 16698083 ns, Reaching safepoint: 4116 ns, Cleanup: 6199 ns, At safepoint: 6073116 ns, Total: 6083431 ns
[2025-08-28T12:59:35.611+0000][1087812][info ][gc,start    ] GC(6) Pause Young (Normal) (G1 Evacuation Pause)
[2025-08-28T12:59:35.611+0000][1087812][info ][gc,task     ] GC(6) Using 12 workers of 33 for evacuation
[2025-08-28T12:59:35.611+0000][1087812][debug][gc,age      ] GC(6) Desired survivor size 20971520 bytes, new threshold 15 (max threshold 15)
[2025-08-28T12:59:35.613+0000][1087812][info ][gc,phases   ] GC(6)   Pre Evacuate Collection Set: 0.1ms
[2025-08-28T12:59:35.613+0000][1087812][info ][gc,phases   ] GC(6)   Merge Heap Roots: 0.1ms
[2025-08-28T12:59:35.613+0000][1087812][info ][gc,phases   ] GC(6)   Evacuate Collection Set: 1.5ms
[2025-08-28T12:59:35.613+0000][1087812][info ][gc,phases   ] GC(6)   Post Evacuate Collection Set: 0.5ms
[2025-08-28T12:59:35.613+0000][1087812][info ][gc,phases   ] GC(6)   Other: 0.1ms
[2025-08-28T12:59:35.613+0000][1087812][trace][gc,age      ] GC(6) Age table with threshold 15 (max threshold 15)
[2025-08-28T12:59:35.613+0000][1087812][trace][gc,age      ] GC(6) - age   1:    5265944 bytes,    5265944 total
[2025-08-28T12:59:35.613+0000][1087812][trace][gc,age      ] GC(6) - age   2:    7462120 bytes,   12728064 total
[2025-08-28T12:59:35.613+0000][1087812][trace][gc,age      ] GC(6) - age   3:    2052040 bytes,   14780104 total
[2025-08-28T12:59:35.613+0000][1087812][trace][gc,age      ] GC(6) - age   4:     936120 bytes,   15716224 total
[2025-08-28T12:59:35.613+0000][1087812][info ][gc,heap     ] GC(6) Eden regions: 73->0(71)
[2025-08-28T12:59:35.613+0000][1087812][info ][gc,heap     ] GC(6) Survivor regions: 3->5(10)
[2025-08-28T12:59:35.613+0000][1087812][info ][gc,heap     ] GC(6) Old regions: 3->3
[2025-08-28T12:59:35.613+0000][1087812][info ][gc,heap     ] GC(6) Humongous regions: 0->0
[2025-08-28T12:59:35.613+0000][1087812][info ][gc,metaspace] GC(6) Metaspace: 30567K(31360K)->30567K(31360K) NonClass: 27070K(27520K)->27070K(27520K) Class: 3497K(3840K)->3497K(3840K)
[2025-08-28T12:59:35.613+0000][1087812][info ][gc          ] GC(6) Pause Young (Normal) (G1 Evacuation Pause) 312M->25M(512M) 2.449ms
[2025-08-28T12:59:35.613+0000][1087812][info ][gc,cpu      ] GC(6) User=0.03s Sys=0.00s Real=0.01s
[2025-08-28T12:59:35.613+0000][1087812][info ][safepoint   ] Safepoint "G1CollectForAllocation", Time since last: 230907004 ns, Reaching safepoint: 7381 ns, Cleanup: 112769 ns, At safepoint: 2517954 ns, Total: 2638104 ns
[2025-08-28T12:59:35.779+0000][1087812][info ][gc,start    ] GC(7) Pause Young (Concurrent Start) (Metadata GC Threshold)
[2025-08-28T12:59:35.779+0000][1087812][info ][gc,task     ] GC(7) Using 12 workers of 33 for evacuation
[2025-08-28T12:59:35.779+0000][1087812][debug][gc,age      ] GC(7) Desired survivor size 20971520 bytes, new threshold 15 (max threshold 15)
[2025-08-28T12:59:35.782+0000][1087812][info ][gc,phases   ] GC(7)   Pre Evacuate Collection Set: 0.1ms
[2025-08-28T12:59:35.782+0000][1087812][info ][gc,phases   ] GC(7)   Merge Heap Roots: 0.1ms
[2025-08-28T12:59:35.782+0000][1087812][info ][gc,phases   ] GC(7)   Evacuate Collection Set: 2.0ms
[2025-08-28T12:59:35.782+0000][1087812][info ][gc,phases   ] GC(7)   Post Evacuate Collection Set: 0.6ms
[2025-08-28T12:59:35.782+0000][1087812][info ][gc,phases   ] GC(7)   Other: 0.1ms
[2025-08-28T12:59:35.782+0000][1087812][trace][gc,age      ] GC(7) Age table with threshold 15 (max threshold 15)
[2025-08-28T12:59:35.782+0000][1087812][trace][gc,age      ] GC(7) - age   1:    2614208 bytes,    2614208 total
[2025-08-28T12:59:35.782+0000][1087812][trace][gc,age      ] GC(7) - age   2:    2332288 bytes,    4946496 total
[2025-08-28T12:59:35.782+0000][1087812][trace][gc,age      ] GC(7) - age   3:    7461048 bytes,   12407544 total
[2025-08-28T12:59:35.782+0000][1087812][trace][gc,age      ] GC(7) - age   4:    2052040 bytes,   14459584 total
[2025-08-28T12:59:35.782+0000][1087812][trace][gc,age      ] GC(7) - age   5:     935976 bytes,   15395560 total
[2025-08-28T12:59:35.782+0000][1087812][info ][gc,heap     ] GC(7) Eden regions: 11->0(71)
[2025-08-28T12:59:35.782+0000][1087812][info ][gc,heap     ] GC(7) Survivor regions: 5->5(10)
[2025-08-28T12:59:35.782+0000][1087812][info ][gc,heap     ] GC(7) Old regions: 3->3
[2025-08-28T12:59:35.782+0000][1087812][info ][gc,heap     ] GC(7) Humongous regions: 0->0
[2025-08-28T12:59:35.782+0000][1087812][info ][gc,metaspace] GC(7) Metaspace: 35270K(36096K)->35270K(36096K) NonClass: 31295K(31808K)->31295K(31808K) Class: 3975K(4288K)->3975K(4288K)
[2025-08-28T12:59:35.782+0000][1087812][info ][gc          ] GC(7) Pause Young (Concurrent Start) (Metadata GC Threshold) 67M->25M(512M) 3.022ms
[2025-08-28T12:59:35.782+0000][1087812][info ][gc,cpu      ] GC(7) User=0.02s Sys=0.01s Real=0.01s
[2025-08-28T12:59:35.782+0000][1087812][info ][gc          ] GC(8) Concurrent Mark Cycle
[2025-08-28T12:59:35.782+0000][1087812][info ][gc,marking  ] GC(8) Concurrent Scan Root Regions
[2025-08-28T12:59:35.782+0000][1087812][info ][safepoint   ] Safepoint "CollectForMetadataAllocation", Time since last: 165518154 ns, Reaching safepoint: 18538 ns, Cleanup: 179379 ns, At safepoint: 3150475 ns, Total: 3348392 ns
[2025-08-28T12:59:35.783+0000][1087812][info ][gc,marking  ] GC(8) Concurrent Scan Root Regions 1.292ms
[2025-08-28T12:59:35.783+0000][1087812][info ][gc,marking  ] GC(8) Concurrent Mark
[2025-08-28T12:59:35.783+0000][1087812][info ][gc,marking  ] GC(8) Concurrent Mark From Roots
[2025-08-28T12:59:35.783+0000][1087812][info ][gc,task     ] GC(8) Using 8 workers of 8 for marking
[2025-08-28T12:59:35.786+0000][1087812][info ][gc,marking  ] GC(8) Concurrent Mark From Roots 2.824ms
[2025-08-28T12:59:35.786+0000][1087812][info ][gc,marking  ] GC(8) Concurrent Preclean
[2025-08-28T12:59:35.786+0000][1087812][info ][gc,marking  ] GC(8) Concurrent Preclean 0.061ms
[2025-08-28T12:59:35.786+0000][1087812][info ][gc,start    ] GC(8) Pause Remark
[2025-08-28T12:59:35.794+0000][1087812][info ][gc          ] GC(8) Pause Remark 28M->28M(512M) 7.645ms
[2025-08-28T12:59:35.794+0000][1087812][info ][gc,cpu      ] GC(8) User=0.06s Sys=0.00s Real=0.01s
[2025-08-28T12:59:35.794+0000][1087812][info ][safepoint   ] Safepoint "G1PauseRemark", Time since last: 4210086 ns, Reaching safepoint: 68793 ns, Cleanup: 1292 ns, At safepoint: 7683166 ns, Total: 7753251 ns
[2025-08-28T12:59:35.794+0000][1087812][info ][gc,marking  ] GC(8) Concurrent Mark 10.701ms
[2025-08-28T12:59:35.794+0000][1087812][info ][gc,marking  ] GC(8) Concurrent Rebuild Remembered Sets and Scrub Regions
[2025-08-28T12:59:35.796+0000][1087812][info ][gc,marking  ] GC(8) Concurrent Rebuild Remembered Sets and Scrub Regions 2.326ms
[2025-08-28T12:59:35.796+0000][1087812][info ][gc,start    ] GC(8) Pause Cleanup
[2025-08-28T12:59:35.796+0000][1087812][info ][gc          ] GC(8) Pause Cleanup 28M->28M(512M) 0.060ms
[2025-08-28T12:59:35.796+0000][1087812][info ][gc,cpu      ] GC(8) User=0.00s Sys=0.00s Real=0.00s
[2025-08-28T12:59:35.796+0000][1087812][info ][safepoint   ] Safepoint "G1PauseCleanup", Time since last: 2402210 ns, Reaching safepoint: 67221 ns, Cleanup: 6169 ns, At safepoint: 76164 ns, Total: 149554 ns
[2025-08-28T12:59:35.796+0000][1087812][info ][gc,marking  ] GC(8) Concurrent Clear Claimed Marks
[2025-08-28T12:59:35.796+0000][1087812][info ][gc,marking  ] GC(8) Concurrent Clear Claimed Marks 0.028ms
[2025-08-28T12:59:35.796+0000][1087812][info ][gc,marking  ] GC(8) Concurrent Cleanup for Next Mark
[2025-08-28T12:59:35.797+0000][1087812][info ][gc,marking  ] GC(8) Concurrent Cleanup for Next Mark 0.108ms
[2025-08-28T12:59:35.797+0000][1087812][info ][gc          ] GC(8) Concurrent Mark Cycle 14.733ms
[2025-08-28T12:59:36.121+0000][1087812][info ][gc,start    ] GC(9) Pause Young (Normal) (G1 Evacuation Pause)
[2025-08-28T12:59:36.121+0000][1087812][info ][gc,task     ] GC(9) Using 12 workers of 33 for evacuation
[2025-08-28T12:59:36.121+0000][1087812][debug][gc,age      ] GC(9) Desired survivor size 20971520 bytes, new threshold 15 (max threshold 15)
[2025-08-28T12:59:36.125+0000][1087812][info ][gc,phases   ] GC(9)   Pre Evacuate Collection Set: 0.3ms
[2025-08-28T12:59:36.125+0000][1087812][info ][gc,phases   ] GC(9)   Merge Heap Roots: 0.1ms
[2025-08-28T12:59:36.125+0000][1087812][info ][gc,phases   ] GC(9)   Evacuate Collection Set: 2.9ms
[2025-08-28T12:59:36.125+0000][1087812][info ][gc,phases   ] GC(9)   Post Evacuate Collection Set: 0.7ms
[2025-08-28T12:59:36.125+0000][1087812][info ][gc,phases   ] GC(9)   Other: 0.1ms
[2025-08-28T12:59:36.125+0000][1087812][trace][gc,age      ] GC(9) Age table with threshold 15 (max threshold 15)
[2025-08-28T12:59:36.125+0000][1087812][trace][gc,age      ] GC(9) - age   1:    6437360 bytes,    6437360 total
[2025-08-28T12:59:36.125+0000][1087812][trace][gc,age      ] GC(9) - age   2:    2597384 bytes,    9034744 total
[2025-08-28T12:59:36.125+0000][1087812][trace][gc,age      ] GC(9) - age   3:    2330832 bytes,   11365576 total
[2025-08-28T12:59:36.125+0000][1087812][trace][gc,age      ] GC(9) - age   4:    7451504 bytes,   18817080 total
[2025-08-28T12:59:36.125+0000][1087812][trace][gc,age      ] GC(9) - age   5:    2048872 bytes,   20865952 total
[2025-08-28T12:59:36.125+0000][1087812][trace][gc,age      ] GC(9) - age   6:     935880 bytes,   21801832 total
[2025-08-28T12:59:36.125+0000][1087812][info ][gc,heap     ] GC(9) Eden regions: 71->0(70)
[2025-08-28T12:59:36.125+0000][1087812][info ][gc,heap     ] GC(9) Survivor regions: 5->6(10)
[2025-08-28T12:59:36.125+0000][1087812][info ][gc,heap     ] GC(9) Old regions: 3->3
[2025-08-28T12:59:36.125+0000][1087812][info ][gc,heap     ] GC(9) Humongous regions: 0->0
[2025-08-28T12:59:36.125+0000][1087812][info ][gc,metaspace] GC(9) Metaspace: 37459K(38336K)->37459K(38336K) NonClass: 33191K(33728K)->33191K(33728K) Class: 4268K(4608K)->4268K(4608K)
[2025-08-28T12:59:36.125+0000][1087812][info ][gc          ] GC(9) Pause Young (Normal) (G1 Evacuation Pause) 309M->32M(512M) 4.200ms
[2025-08-28T12:59:36.125+0000][1087812][info ][gc,cpu      ] GC(9) User=0.04s Sys=0.00s Real=0.00s
[2025-08-28T12:59:36.125+0000][1087812][info ][safepoint   ] Safepoint "G1CollectForAllocation", Time since last: 323960616 ns, Reaching safepoint: 7861 ns, Cleanup: 200722 ns, At safepoint: 4272570 ns, Total: 4481153 ns
[2025-08-28T12:59:36.349+0000][1087812][info ][gc,start    ] GC(10) Pause Young (Normal) (G1 Evacuation Pause)
[2025-08-28T12:59:36.349+0000][1087812][info ][gc,task     ] GC(10) Using 12 workers of 33 for evacuation
[2025-08-28T12:59:36.349+0000][1087812][debug][gc,age      ] GC(10) Desired survivor size 20971520 bytes, new threshold 6 (max threshold 15)
[2025-08-28T12:59:36.352+0000][1087812][info ][gc,phases   ] GC(10)   Pre Evacuate Collection Set: 0.1ms
[2025-08-28T12:59:36.352+0000][1087812][info ][gc,phases   ] GC(10)   Merge Heap Roots: 0.1ms
[2025-08-28T12:59:36.352+0000][1087812][info ][gc,phases   ] GC(10)   Evacuate Collection Set: 2.7ms
[2025-08-28T12:59:36.352+0000][1087812][info ][gc,phases   ] GC(10)   Post Evacuate Collection Set: 0.7ms
[2025-08-28T12:59:36.352+0000][1087812][info ][gc,phases   ] GC(10)   Other: 0.1ms
[2025-08-28T12:59:36.352+0000][1087812][trace][gc,age      ] GC(10) Age table with threshold 6 (max threshold 15)
[2025-08-28T12:59:36.352+0000][1087812][trace][gc,age      ] GC(10) - age   1:    4097160 bytes,    4097160 total
[2025-08-28T12:59:36.352+0000][1087812][trace][gc,age      ] GC(10) - age   2:    5640016 bytes,    9737176 total
[2025-08-28T12:59:36.352+0000][1087812][trace][gc,age      ] GC(10) - age   3:    2597384 bytes,   12334560 total
[2025-08-28T12:59:36.352+0000][1087812][trace][gc,age      ] GC(10) - age   4:    2330672 bytes,   14665232 total
[2025-08-28T12:59:36.352+0000][1087812][trace][gc,age      ] GC(10) - age   5:    7449344 bytes,   22114576 total
[2025-08-28T12:59:36.352+0000][1087812][trace][gc,age      ] GC(10) - age   6:    2047816 bytes,   24162392 total
[2025-08-28T12:59:36.352+0000][1087812][info ][gc,heap     ] GC(10) Eden regions: 70->0(69)
[2025-08-28T12:59:36.352+0000][1087812][info ][gc,heap     ] GC(10) Survivor regions: 6->7(10)
[2025-08-28T12:59:36.352+0000][1087812][info ][gc,heap     ] GC(10) Old regions: 3->3
[2025-08-28T12:59:36.352+0000][1087812][info ][gc,heap     ] GC(10) Humongous regions: 0->0
[2025-08-28T12:59:36.352+0000][1087812][info ][gc,metaspace] GC(10) Metaspace: 38166K(39104K)->38166K(39104K) NonClass: 33797K(34368K)->33797K(34368K) Class: 4369K(4736K)->4369K(4736K)
[2025-08-28T12:59:36.352+0000][1087812][info ][gc          ] GC(10) Pause Young (Normal) (G1 Evacuation Pause) 312M->35M(512M) 3.704ms
[2025-08-28T12:59:36.352+0000][1087812][info ][gc,cpu      ] GC(10) User=0.04s Sys=0.00s Real=0.01s
[2025-08-28T12:59:36.352+0000][1087812][info ][safepoint   ] Safepoint "G1CollectForAllocation", Time since last: 223591832 ns, Reaching safepoint: 7401 ns, Cleanup: 80891 ns, At safepoint: 3771608 ns, Total: 3859900 ns
[2025-08-28T12:59:36.598+0000][1087812][info ][safepoint   ] Safepoint "ICBufferFull", Time since last: 245824630 ns, Reaching safepoint: 6530 ns, Cleanup: 226100 ns, At safepoint: 4797 ns, Total: 237427 ns
[2025-08-28T12:59:36.949+0000][1087812][info ][gc,start    ] GC(11) Pause Young (Normal) (G1 Evacuation Pause)
[2025-08-28T12:59:36.949+0000][1087812][info ][gc,task     ] GC(11) Using 12 workers of 33 for evacuation
[2025-08-28T12:59:36.949+0000][1087812][debug][gc,age      ] GC(11) Desired survivor size 20971520 bytes, new threshold 5 (max threshold 15)
[2025-08-28T12:59:36.955+0000][1087812][info ][gc,phases   ] GC(11)   Pre Evacuate Collection Set: 0.1ms
[2025-08-28T12:59:36.955+0000][1087812][info ][gc,phases   ] GC(11)   Merge Heap Roots: 0.1ms
[2025-08-28T12:59:36.955+0000][1087812][info ][gc,phases   ] GC(11)   Evacuate Collection Set: 4.6ms
[2025-08-28T12:59:36.955+0000][1087812][info ][gc,phases   ] GC(11)   Post Evacuate Collection Set: 1.0ms
[2025-08-28T12:59:36.955+0000][1087812][info ][gc,phases   ] GC(11)   Other: 0.1ms
[2025-08-28T12:59:36.955+0000][1087812][trace][gc,age      ] GC(11) Age table with threshold 5 (max threshold 15)
[2025-08-28T12:59:36.955+0000][1087812][trace][gc,age      ] GC(11) - age   1:    4823784 bytes,    4823784 total
[2025-08-28T12:59:36.955+0000][1087812][trace][gc,age      ] GC(11) - age   2:    3353416 bytes,    8177200 total
[2025-08-28T12:59:36.955+0000][1087812][trace][gc,age      ] GC(11) - age   3:    5615848 bytes,   13793048 total
[2025-08-28T12:59:36.955+0000][1087812][trace][gc,age      ] GC(11) - age   4:    2594936 bytes,   16387984 total
[2025-08-28T12:59:36.955+0000][1087812][trace][gc,age      ] GC(11) - age   5:    2323328 bytes,   18711312 total
[2025-08-28T12:59:36.955+0000][1087812][info ][gc,heap     ] GC(11) Eden regions: 69->0(70)
[2025-08-28T12:59:36.955+0000][1087812][info ][gc,heap     ] GC(11) Survivor regions: 7->6(10)
[2025-08-28T12:59:36.955+0000][1087812][info ][gc,heap     ] GC(11) Old regions: 3->5
[2025-08-28T12:59:36.955+0000][1087812][info ][gc,heap     ] GC(11) Humongous regions: 0->0
[2025-08-28T12:59:36.955+0000][1087812][info ][gc,metaspace] GC(11) Metaspace: 49247K(50432K)->49247K(50432K) NonClass: 43492K(44224K)->43492K(44224K) Class: 5755K(6208K)->5755K(6208K)
[2025-08-28T12:59:36.955+0000][1087812][info ][gc          ] GC(11) Pause Young (Normal) (G1 Evacuation Pause) 311M->40M(512M) 5.997ms
[2025-08-28T12:59:36.955+0000][1087812][info ][gc,cpu      ] GC(11) User=0.05s Sys=0.00s Real=0.01s
[2025-08-28T12:59:36.955+0000][1087812][info ][safepoint   ] Safepoint "G1CollectForAllocation", Time since last: 349995347 ns, Reaching safepoint: 6881 ns, Cleanup: 212129 ns, At safepoint: 6057021 ns, Total: 6276031 ns
[2025-08-28T12:59:37.610+0000][1087812][info ][gc,start    ] GC(12) Pause Young (Concurrent Start) (Metadata GC Threshold)
[2025-08-28T12:59:37.610+0000][1087812][info ][gc,task     ] GC(12) Using 12 workers of 33 for evacuation
[2025-08-28T12:59:37.610+0000][1087812][debug][gc,age      ] GC(12) Desired survivor size 20971520 bytes, new threshold 15 (max threshold 15)
[2025-08-28T12:59:37.616+0000][1087812][info ][gc,phases   ] GC(12)   Pre Evacuate Collection Set: 0.2ms
[2025-08-28T12:59:37.616+0000][1087812][info ][gc,phases   ] GC(12)   Merge Heap Roots: 0.1ms
[2025-08-28T12:59:37.616+0000][1087812][info ][gc,phases   ] GC(12)   Evacuate Collection Set: 4.7ms
[2025-08-28T12:59:37.616+0000][1087812][info ][gc,phases   ] GC(12)   Post Evacuate Collection Set: 1.0ms
[2025-08-28T12:59:37.616+0000][1087812][info ][gc,phases   ] GC(12)   Other: 0.1ms
[2025-08-28T12:59:37.616+0000][1087812][trace][gc,age      ] GC(12) Age table with threshold 15 (max threshold 15)
[2025-08-28T12:59:37.616+0000][1087812][trace][gc,age      ] GC(12) - age   1:    2163712 bytes,    2163712 total
[2025-08-28T12:59:37.616+0000][1087812][trace][gc,age      ] GC(12) - age   2:    4634664 bytes,    6798376 total
[2025-08-28T12:59:37.616+0000][1087812][trace][gc,age      ] GC(12) - age   3:    3352168 bytes,   10150544 total
[2025-08-28T12:59:37.616+0000][1087812][trace][gc,age      ] GC(12) - age   4:    5613360 bytes,   15763904 total
[2025-08-28T12:59:37.616+0000][1087812][trace][gc,age      ] GC(12) - age   5:    2594936 bytes,   18358840 total
[2025-08-28T12:59:37.616+0000][1087812][trace][gc,age      ] GC(12) - age   6:    2322720 bytes,   20681560 total
[2025-08-28T12:59:37.616+0000][1087812][info ][gc,heap     ] GC(12) Eden regions: 23->0(70)
[2025-08-28T12:59:37.616+0000][1087812][info ][gc,heap     ] GC(12) Survivor regions: 6->6(10)
[2025-08-28T12:59:37.616+0000][1087812][info ][gc,heap     ] GC(12) Old regions: 5->5
[2025-08-28T12:59:37.616+0000][1087812][info ][gc,heap     ] GC(12) Humongous regions: 0->0
[2025-08-28T12:59:37.616+0000][1087812][info ][gc,metaspace] GC(12) Metaspace: 59221K(60480K)->59221K(60480K) NonClass: 51944K(52672K)->51944K(52672K) Class: 7276K(7808K)->7276K(7808K)
[2025-08-28T12:59:37.616+0000][1087812][info ][gc          ] GC(12) Pause Young (Concurrent Start) (Metadata GC Threshold) 132M->42M(512M) 6.590ms
[2025-08-28T12:59:37.616+0000][1087812][info ][gc          ] GC(13) Concurrent Mark Cycle
[2025-08-28T12:59:37.616+0000][1087812][info ][gc,cpu      ] GC(12) User=0.05s Sys=0.00s Real=0.01s
[2025-08-28T12:59:37.616+0000][1087812][info ][gc,marking  ] GC(13) Concurrent Scan Root Regions
[2025-08-28T12:59:37.617+0000][1087812][info ][safepoint   ] Safepoint "CollectForMetadataAllocation", Time since last: 654978075 ns, Reaching safepoint: 7461 ns, Cleanup: 140101 ns, At safepoint: 6729072 ns, Total: 6876634 ns
[2025-08-28T12:59:37.618+0000][1087812][info ][gc,marking  ] GC(13) Concurrent Scan Root Regions 1.994ms
[2025-08-28T12:59:37.618+0000][1087812][info ][gc,marking  ] GC(13) Concurrent Mark
[2025-08-28T12:59:37.618+0000][1087812][info ][gc,marking  ] GC(13) Concurrent Mark From Roots
[2025-08-28T12:59:37.618+0000][1087812][info ][gc,task     ] GC(13) Using 8 workers of 8 for marking
[2025-08-28T12:59:37.622+0000][1087812][info ][gc,marking  ] GC(13) Concurrent Mark From Roots 3.327ms
[2025-08-28T12:59:37.622+0000][1087812][info ][gc,marking  ] GC(13) Concurrent Preclean
[2025-08-28T12:59:37.622+0000][1087812][info ][gc,marking  ] GC(13) Concurrent Preclean 0.057ms
[2025-08-28T12:59:37.622+0000][1087812][info ][gc,start    ] GC(13) Pause Remark
[2025-08-28T12:59:37.626+0000][1087812][info ][gc          ] GC(13) Pause Remark 46M->46M(512M) 4.223ms
[2025-08-28T12:59:37.626+0000][1087812][info ][gc,cpu      ] GC(13) User=0.02s Sys=0.00s Real=0.00s
[2025-08-28T12:59:37.626+0000][1087812][info ][safepoint   ] Safepoint "G1PauseRemark", Time since last: 5363379 ns, Reaching safepoint: 67512 ns, Cleanup: 1722 ns, At safepoint: 4316697 ns, Total: 4385931 ns
[2025-08-28T12:59:37.626+0000][1087812][info ][gc,marking  ] GC(13) Concurrent Mark 7.829ms
[2025-08-28T12:59:37.626+0000][1087812][info ][gc,marking  ] GC(13) Concurrent Rebuild Remembered Sets and Scrub Regions
[2025-08-28T12:59:37.627+0000][1087812][info ][gc,marking  ] GC(13) Concurrent Rebuild Remembered Sets and Scrub Regions 1.190ms
[2025-08-28T12:59:37.628+0000][1087812][info ][gc,start    ] GC(13) Pause Cleanup
[2025-08-28T12:59:37.628+0000][1087812][info ][gc          ] GC(13) Pause Cleanup 46M->46M(512M) 0.071ms
[2025-08-28T12:59:37.628+0000][1087812][info ][gc,cpu      ] GC(13) User=0.00s Sys=0.00s Real=0.00s
[2025-08-28T12:59:37.628+0000][1087812][info ][safepoint   ] Safepoint "G1PauseCleanup", Time since last: 1270830 ns, Reaching safepoint: 43865 ns, Cleanup: 22945 ns, At safepoint: 93871 ns, Total: 160681 ns
[2025-08-28T12:59:37.628+0000][1087812][info ][gc,marking  ] GC(13) Concurrent Clear Claimed Marks
[2025-08-28T12:59:37.628+0000][1087812][info ][gc,marking  ] GC(13) Concurrent Clear Claimed Marks 0.058ms
[2025-08-28T12:59:37.628+0000][1087812][info ][gc,marking  ] GC(13) Concurrent Cleanup for Next Mark
[2025-08-28T12:59:37.628+0000][1087812][info ][gc,marking  ] GC(13) Concurrent Cleanup for Next Mark 0.122ms
[2025-08-28T12:59:37.628+0000][1087812][info ][gc          ] GC(13) Concurrent Mark Cycle 11.457ms
[2025-08-28T12:59:38.005+0000][1087812][info ][safepoint   ] Safepoint "ICBufferFull", Time since last: 376689281 ns, Reaching safepoint: 7210 ns, Cleanup: 262935 ns, At safepoint: 4678 ns, Total: 274823 ns
[2025-08-28T12:59:38.456+0000][1087812][info ][gc,start    ] GC(14) Pause Young (Normal) (G1 Evacuation Pause)
[2025-08-28T12:59:38.456+0000][1087812][info ][gc,task     ] GC(14) Using 12 workers of 33 for evacuation
[2025-08-28T12:59:38.456+0000][1087812][debug][gc,age      ] GC(14) Desired survivor size 20971520 bytes, new threshold 15 (max threshold 15)
[2025-08-28T12:59:38.465+0000][1087812][info ][gc,phases   ] GC(14)   Pre Evacuate Collection Set: 0.2ms
[2025-08-28T12:59:38.465+0000][1087812][info ][gc,phases   ] GC(14)   Merge Heap Roots: 0.1ms
[2025-08-28T12:59:38.465+0000][1087812][info ][gc,phases   ] GC(14)   Evacuate Collection Set: 6.5ms
[2025-08-28T12:59:38.465+0000][1087812][info ][gc,phases   ] GC(14)   Post Evacuate Collection Set: 1.2ms
[2025-08-28T12:59:38.465+0000][1087812][info ][gc,phases   ] GC(14)   Other: 0.1ms
[2025-08-28T12:59:38.465+0000][1087812][trace][gc,age      ] GC(14) Age table with threshold 15 (max threshold 15)
[2025-08-28T12:59:38.465+0000][1087812][trace][gc,age      ] GC(14) - age   1:    7430984 bytes,    7430984 total
[2025-08-28T12:59:38.465+0000][1087812][trace][gc,age      ] GC(14) - age   2:    1995696 bytes,    9426680 total
[2025-08-28T12:59:38.465+0000][1087812][trace][gc,age      ] GC(14) - age   3:    4571696 bytes,   13998376 total
[2025-08-28T12:59:38.465+0000][1087812][trace][gc,age      ] GC(14) - age   4:    3339832 bytes,   17338208 total
[2025-08-28T12:59:38.465+0000][1087812][trace][gc,age      ] GC(14) - age   5:    5593240 bytes,   22931448 total
[2025-08-28T12:59:38.465+0000][1087812][trace][gc,age      ] GC(14) - age   6:    2590112 bytes,   25521560 total
[2025-08-28T12:59:38.465+0000][1087812][trace][gc,age      ] GC(14) - age   7:    2308920 bytes,   27830480 total
[2025-08-28T12:59:38.465+0000][1087812][info ][gc,heap     ] GC(14) Eden regions: 70->0(68)
[2025-08-28T12:59:38.465+0000][1087812][info ][gc,heap     ] GC(14) Survivor regions: 6->8(10)
[2025-08-28T12:59:38.465+0000][1087812][info ][gc,heap     ] GC(14) Old regions: 5->5
[2025-08-28T12:59:38.465+0000][1087812][info ][gc,heap     ] GC(14) Humongous regions: 0->0
[2025-08-28T12:59:38.465+0000][1087812][info ][gc,metaspace] GC(14) Metaspace: 67470K(69056K)->67470K(69056K) NonClass: 58927K(59840K)->58927K(59840K) Class: 8543K(9216K)->8543K(9216K)
[2025-08-28T12:59:38.465+0000][1087812][info ][gc          ] GC(14) Pause Young (Normal) (G1 Evacuation Pause) 322M->49M(512M) 8.325ms
[2025-08-28T12:59:38.465+0000][1087812][info ][gc,cpu      ] GC(14) User=0.08s Sys=0.01s Real=0.01s
[2025-08-28T12:59:38.465+0000][1087812][info ][safepoint   ] Safepoint "G1CollectForAllocation", Time since last: 451509632 ns, Reaching safepoint: 7351 ns, Cleanup: 128273 ns, At safepoint: 8407314 ns, Total: 8542938 ns
[2025-08-28T12:59:38.715+0000][1087812][info ][safepoint   ] Safepoint "ICBufferFull", Time since last: 250475699 ns, Reaching safepoint: 10005 ns, Cleanup: 269566 ns, At safepoint: 5007 ns, Total: 284578 ns
[2025-08-28T12:59:38.976+0000][1087812][info ][gc,start    ] GC(15) Pause Young (Normal) (G1 Evacuation Pause)
[2025-08-28T12:59:38.977+0000][1087812][info ][gc,task     ] GC(15) Using 12 workers of 33 for evacuation
[2025-08-28T12:59:38.977+0000][1087812][debug][gc,age      ] GC(15) Desired survivor size 20971520 bytes, new threshold 5 (max threshold 15)
[2025-08-28T12:59:38.985+0000][1087812][info ][gc,phases   ] GC(15)   Pre Evacuate Collection Set: 0.2ms
[2025-08-28T12:59:38.985+0000][1087812][info ][gc,phases   ] GC(15)   Merge Heap Roots: 0.1ms
[2025-08-28T12:59:38.985+0000][1087812][info ][gc,phases   ] GC(15)   Evacuate Collection Set: 6.8ms
[2025-08-28T12:59:38.985+0000][1087812][info ][gc,phases   ] GC(15)   Post Evacuate Collection Set: 1.0ms
[2025-08-28T12:59:38.985+0000][1087812][info ][gc,phases   ] GC(15)   Other: 0.1ms
[2025-08-28T12:59:38.985+0000][1087812][trace][gc,age      ] GC(15) Age table with threshold 5 (max threshold 15)
[2025-08-28T12:59:38.985+0000][1087812][trace][gc,age      ] GC(15) - age   1:    3787432 bytes,    3787432 total
[2025-08-28T12:59:38.985+0000][1087812][trace][gc,age      ] GC(15) - age   2:    6438920 bytes,   10226352 total
[2025-08-28T12:59:38.985+0000][1087812][trace][gc,age      ] GC(15) - age   3:    1967760 bytes,   12194112 total
[2025-08-28T12:59:38.985+0000][1087812][trace][gc,age      ] GC(15) - age   4:    4537600 bytes,   16731712 total
[2025-08-28T12:59:38.985+0000][1087812][trace][gc,age      ] GC(15) - age   5:    3301176 bytes,   20032888 total
[2025-08-28T12:59:38.985+0000][1087812][info ][gc,heap     ] GC(15) Eden regions: 68->0(70)
[2025-08-28T12:59:38.985+0000][1087812][info ][gc,heap     ] GC(15) Survivor regions: 8->6(10)
[2025-08-28T12:59:38.985+0000][1087812][info ][gc,heap     ] GC(15) Old regions: 5->8
[2025-08-28T12:59:38.985+0000][1087812][info ][gc,heap     ] GC(15) Humongous regions: 0->0
[2025-08-28T12:59:38.985+0000][1087812][info ][gc,metaspace] GC(15) Metaspace: 72275K(73856K)->72275K(73856K) NonClass: 62982K(63936K)->62982K(63936K) Class: 9292K(9920K)->9292K(9920K)
[2025-08-28T12:59:38.985+0000][1087812][info ][gc          ] GC(15) Pause Young (Normal) (G1 Evacuation Pause) 321M->51M(512M) 8.261ms
[2025-08-28T12:59:38.985+0000][1087812][info ][gc,cpu      ] GC(15) User=0.08s Sys=0.01s Real=0.01s
[2025-08-28T12:59:38.985+0000][1087812][info ][safepoint   ] Safepoint "G1CollectForAllocation", Time since last: 260939634 ns, Reaching safepoint: 7020 ns, Cleanup: 45859 ns, At safepoint: 8312852 ns, Total: 8365731 ns
[2025-08-28T12:59:39.361+0000][1087812][info ][safepoint   ] Safepoint "ICBufferFull", Time since last: 376175959 ns, Reaching safepoint: 8643 ns, Cleanup: 272099 ns, At safepoint: 2654 ns, Total: 283396 ns
[2025-08-28T12:59:39.982+0000][1087812][info ][gc,start    ] GC(16) Pause Young (Normal) (G1 Evacuation Pause)
[2025-08-28T12:59:39.982+0000][1087812][info ][gc,task     ] GC(16) Using 12 workers of 33 for evacuation
[2025-08-28T12:59:39.982+0000][1087812][debug][gc,age      ] GC(16) Desired survivor size 20971520 bytes, new threshold 15 (max threshold 15)
[2025-08-28T12:59:39.991+0000][1087812][info ][gc,phases   ] GC(16)   Pre Evacuate Collection Set: 0.1ms
[2025-08-28T12:59:39.991+0000][1087812][info ][gc,phases   ] GC(16)   Merge Heap Roots: 0.1ms
[2025-08-28T12:59:39.991+0000][1087812][info ][gc,phases   ] GC(16)   Evacuate Collection Set: 7.8ms
[2025-08-28T12:59:39.991+0000][1087812][info ][gc,phases   ] GC(16)   Post Evacuate Collection Set: 1.1ms
[2025-08-28T12:59:39.991+0000][1087812][info ][gc,phases   ] GC(16)   Other: 0.1ms
[2025-08-28T12:59:39.991+0000][1087812][trace][gc,age      ] GC(16) Age table with threshold 15 (max threshold 15)
[2025-08-28T12:59:39.991+0000][1087812][trace][gc,age      ] GC(16) - age   1:    6333344 bytes,    6333344 total
[2025-08-28T12:59:39.991+0000][1087812][trace][gc,age      ] GC(16) - age   2:    3685472 bytes,   10018816 total
[2025-08-28T12:59:39.991+0000][1087812][trace][gc,age      ] GC(16) - age   3:    6427672 bytes,   16446488 total
[2025-08-28T12:59:39.991+0000][1087812][trace][gc,age      ] GC(16) - age   4:    1956616 bytes,   18403104 total
[2025-08-28T12:59:39.991+0000][1087812][trace][gc,age      ] GC(16) - age   5:    4394248 bytes,   22797352 total
[2025-08-28T12:59:39.991+0000][1087812][trace][gc,age      ] GC(16) - age   6:    3298688 bytes,   26096040 total
[2025-08-28T12:59:39.991+0000][1087812][info ][gc,heap     ] GC(16) Eden regions: 70->0(69)
[2025-08-28T12:59:39.991+0000][1087812][info ][gc,heap     ] GC(16) Survivor regions: 6->7(10)
[2025-08-28T12:59:39.991+0000][1087812][info ][gc,heap     ] GC(16) Old regions: 8->8
[2025-08-28T12:59:39.991+0000][1087812][info ][gc,heap     ] GC(16) Humongous regions: 0->0
[2025-08-28T12:59:39.991+0000][1087812][info ][gc,metaspace] GC(16) Metaspace: 85751K(87552K)->85751K(87552K) NonClass: 74681K(75712K)->74681K(75712K) Class: 11069K(11840K)->11069K(11840K)
[2025-08-28T12:59:39.991+0000][1087812][info ][gc          ] GC(16) Pause Young (Normal) (G1 Evacuation Pause) 331M->58M(512M) 9.304ms
[2025-08-28T12:59:39.991+0000][1087812][info ][gc,cpu      ] GC(16) User=0.10s Sys=0.01s Real=0.01s
[2025-08-28T12:59:39.991+0000][1087812][info ][safepoint   ] Safepoint "G1CollectForAllocation", Time since last: 620020343 ns, Reaching safepoint: 9765 ns, Cleanup: 213351 ns, At safepoint: 9380496 ns, Total: 9603612 ns
[2025-08-28T12:59:40.520+0000][1087812][info ][safepoint   ] Safepoint "ICBufferFull", Time since last: 528568098 ns, Reaching safepoint: 9925 ns, Cleanup: 233461 ns, At safepoint: 8353 ns, Total: 251739 ns
[2025-08-28T12:59:40.551+0000][1087812][info ][gc,start    ] GC(17) Pause Young (Concurrent Start) (Metadata GC Threshold)
[2025-08-28T12:59:40.551+0000][1087812][info ][gc,task     ] GC(17) Using 12 workers of 33 for evacuation
[2025-08-28T12:59:40.551+0000][1087812][debug][gc,age      ] GC(17) Desired survivor size 20971520 bytes, new threshold 5 (max threshold 15)
[2025-08-28T12:59:40.562+0000][1087812][info ][gc,phases   ] GC(17)   Pre Evacuate Collection Set: 0.3ms
[2025-08-28T12:59:40.562+0000][1087812][info ][gc,phases   ] GC(17)   Merge Heap Roots: 0.1ms
[2025-08-28T12:59:40.562+0000][1087812][info ][gc,phases   ] GC(17)   Evacuate Collection Set: 9.2ms
[2025-08-28T12:59:40.562+0000][1087812][info ][gc,phases   ] GC(17)   Post Evacuate Collection Set: 1.3ms
[2025-08-28T12:59:40.562+0000][1087812][info ][gc,phases   ] GC(17)   Other: 0.1ms
[2025-08-28T12:59:40.562+0000][1087812][trace][gc,age      ] GC(17) Age table with threshold 5 (max threshold 15)
[2025-08-28T12:59:40.562+0000][1087812][trace][gc,age      ] GC(17) - age   1:    4354400 bytes,    4354400 total
[2025-08-28T12:59:40.562+0000][1087812][trace][gc,age      ] GC(17) - age   2:    5809208 bytes,   10163608 total
[2025-08-28T12:59:40.562+0000][1087812][trace][gc,age      ] GC(17) - age   3:    3662264 bytes,   13825872 total
[2025-08-28T12:59:40.562+0000][1087812][trace][gc,age      ] GC(17) - age   4:    6420416 bytes,   20246288 total
[2025-08-28T12:59:40.562+0000][1087812][trace][gc,age      ] GC(17) - age   5:    1954312 bytes,   22200600 total
[2025-08-28T12:59:40.562+0000][1087812][info ][gc,heap     ] GC(17) Eden regions: 34->0(70)
[2025-08-28T12:59:40.562+0000][1087812][info ][gc,heap     ] GC(17) Survivor regions: 7->6(10)
[2025-08-28T12:59:40.562+0000][1087812][info ][gc,heap     ] GC(17) Old regions: 8->10
[2025-08-28T12:59:40.562+0000][1087812][info ][gc,heap     ] GC(17) Humongous regions: 0->0
[2025-08-28T12:59:40.562+0000][1087812][info ][gc,metaspace] GC(17) Metaspace: 99264K(101248K)->99264K(101248K) NonClass: 86383K(87488K)->86383K(87488K) Class: 12880K(13760K)->12880K(13760K)
[2025-08-28T12:59:40.563+0000][1087812][info ][gc          ] GC(17) Pause Young (Concurrent Start) (Metadata GC Threshold) 192M->61M(512M) 11.093ms
[2025-08-28T12:59:40.563+0000][1087812][info ][gc,cpu      ] GC(17) User=0.10s Sys=0.01s Real=0.01s
[2025-08-28T12:59:40.563+0000][1087812][info ][gc          ] GC(18) Concurrent Mark Cycle
[2025-08-28T12:59:40.563+0000][1087812][info ][gc,marking  ] GC(18) Concurrent Scan Root Regions
[2025-08-28T12:59:40.563+0000][1087812][info ][safepoint   ] Safepoint "CollectForMetadataAllocation", Time since last: 31650160 ns, Reaching safepoint: 4046 ns, Cleanup: 26390 ns, At safepoint: 11255694 ns, Total: 11286130 ns
[2025-08-28T12:59:40.565+0000][1087812][info ][gc,marking  ] GC(18) Concurrent Scan Root Regions 2.179ms
[2025-08-28T12:59:40.565+0000][1087812][info ][gc,marking  ] GC(18) Concurrent Mark
[2025-08-28T12:59:40.565+0000][1087812][info ][gc,marking  ] GC(18) Concurrent Mark From Roots
[2025-08-28T12:59:40.565+0000][1087812][info ][gc,task     ] GC(18) Using 8 workers of 8 for marking
[2025-08-28T12:59:40.569+0000][1087812][info ][gc,marking  ] GC(18) Concurrent Mark From Roots 3.808ms
[2025-08-28T12:59:40.569+0000][1087812][info ][gc,marking  ] GC(18) Concurrent Preclean
[2025-08-28T12:59:40.569+0000][1087812][info ][gc,marking  ] GC(18) Concurrent Preclean 0.097ms
[2025-08-28T12:59:40.569+0000][1087812][info ][gc,start    ] GC(18) Pause Remark
[2025-08-28T12:59:40.573+0000][1087812][info ][gc          ] GC(18) Pause Remark 64M->64M(512M) 4.725ms
[2025-08-28T12:59:40.573+0000][1087812][info ][gc,cpu      ] GC(18) User=0.03s Sys=0.01s Real=0.01s
[2025-08-28T12:59:40.573+0000][1087812][info ][safepoint   ] Safepoint "G1PauseRemark", Time since last: 6083231 ns, Reaching safepoint: 3806 ns, Cleanup: 16615 ns, At safepoint: 4754995 ns, Total: 4775416 ns
[2025-08-28T12:59:40.573+0000][1087812][info ][gc,marking  ] GC(18) Concurrent Mark 8.725ms
[2025-08-28T12:59:40.573+0000][1087812][info ][gc,marking  ] GC(18) Concurrent Rebuild Remembered Sets and Scrub Regions
[2025-08-28T12:59:40.575+0000][1087812][info ][gc,marking  ] GC(18) Concurrent Rebuild Remembered Sets and Scrub Regions 1.512ms
[2025-08-28T12:59:40.575+0000][1087812][info ][gc,start    ] GC(18) Pause Cleanup
[2025-08-28T12:59:40.575+0000][1087812][info ][gc          ] GC(18) Pause Cleanup 64M->64M(512M) 0.056ms
[2025-08-28T12:59:40.575+0000][1087812][info ][gc,cpu      ] GC(18) User=0.00s Sys=0.00s Real=0.00s
[2025-08-28T12:59:40.575+0000][1087812][info ][safepoint   ] Safepoint "G1PauseCleanup", Time since last: 1550040 ns, Reaching safepoint: 69073 ns, Cleanup: 13781 ns, At safepoint: 73190 ns, Total: 156044 ns
[2025-08-28T12:59:40.575+0000][1087812][info ][gc,marking  ] GC(18) Concurrent Clear Claimed Marks
[2025-08-28T12:59:40.575+0000][1087812][info ][gc,marking  ] GC(18) Concurrent Clear Claimed Marks 0.105ms
[2025-08-28T12:59:40.575+0000][1087812][info ][gc,marking  ] GC(18) Concurrent Cleanup for Next Mark
[2025-08-28T12:59:40.576+0000][1087812][info ][gc,marking  ] GC(18) Concurrent Cleanup for Next Mark 0.262ms
[2025-08-28T12:59:40.576+0000][1087812][info ][gc          ] GC(18) Concurrent Mark Cycle 13.046ms
[2025-08-28T12:59:40.880+0000][1087812][info ][safepoint   ] Safepoint "ICBufferFull", Time since last: 304676437 ns, Reaching safepoint: 5959 ns, Cleanup: 255233 ns, At safepoint: 2083 ns, Total: 263275 ns
[2025-08-28T12:59:41.394+0000][1087812][info ][safepoint   ] Safepoint "ICBufferFull", Time since last: 513735250 ns, Reaching safepoint: 6409 ns, Cleanup: 257527 ns, At safepoint: 6270 ns, Total: 270206 ns
[2025-08-28T12:59:41.667+0000][1087812][info ][safepoint   ] Safepoint "ICBufferFull", Time since last: 272627467 ns, Reaching safepoint: 11537 ns, Cleanup: 249695 ns, At safepoint: 7582 ns, Total: 268814 ns
[2025-08-28T12:59:41.667+0000][1087812][info ][safepoint   ] Safepoint "ICBufferFull", Time since last: 67691 ns, Reaching safepoint: 69745 ns, Cleanup: 3455 ns, At safepoint: 14863 ns, Total: 88063 ns
[2025-08-28T12:59:42.667+0000][1087812][info ][safepoint   ] Safepoint "Cleanup", Time since last: 1000102172 ns, Reaching safepoint: 10786 ns, Cleanup: 28062 ns, At safepoint: 3946 ns, Total: 42794 ns
[2025-08-28T12:59:43.667+0000][1087812][info ][safepoint   ] Safepoint "Cleanup", Time since last: 1000099488 ns, Reaching safepoint: 11257 ns, Cleanup: 23225 ns, At safepoint: 3836 ns, Total: 38318 ns
[2025-08-28T12:59:44.668+0000][1087812][info ][safepoint   ] Safepoint "Cleanup", Time since last: 1000104375 ns, Reaching safepoint: 24257 ns, Cleanup: 33981 ns, At safepoint: 3665 ns, Total: 61903 ns
[2025-08-28T12:59:46.668+0000][1087812][info ][safepoint   ] Safepoint "Cleanup", Time since last: 2000197374 ns, Reaching safepoint: 12108 ns, Cleanup: 17877 ns, At safepoint: 3375 ns, Total: 33360 ns
[2025-08-28T12:59:47.668+0000][1087812][info ][safepoint   ] Safepoint "Cleanup", Time since last: 1000105638 ns, Reaching safepoint: 11758 ns, Cleanup: 21642 ns, At safepoint: 3505 ns, Total: 36905 ns
[2025-08-28T12:59:48.668+0000][1087812][info ][safepoint   ] Safepoint "Cleanup", Time since last: 1000135362 ns, Reaching safepoint: 11788 ns, Cleanup: 24066 ns, At safepoint: 3485 ns, Total: 39339 ns
[2025-08-28T12:59:50.668+0000][1087812][info ][safepoint   ] Safepoint "Cleanup", Time since last: 2000222442 ns, Reaching safepoint: 12549 ns, Cleanup: 19389 ns, At safepoint: 3635 ns, Total: 35573 ns
[2025-08-28T12:59:51.779+0000][1087812][info ][safepoint   ] Safepoint "ICBufferFull", Time since last: 1110349762 ns, Reaching safepoint: 14271 ns, Cleanup: 237216 ns, At safepoint: 9405 ns, Total: 260892 ns
[2025-08-28T12:59:51.908+0000][1087812][info ][safepoint   ] Safepoint "ICBufferFull", Time since last: 128158373 ns, Reaching safepoint: 76855 ns, Cleanup: 244588 ns, At safepoint: 5558 ns, Total: 327001 ns
[2025-08-28T12:59:52.201+0000][1087812][info ][gc,start    ] GC(19) Pause Young (Normal) (G1 Evacuation Pause)
[2025-08-28T12:59:52.201+0000][1087812][info ][gc,task     ] GC(19) Using 12 workers of 33 for evacuation
[2025-08-28T12:59:52.201+0000][1087812][debug][gc,age      ] GC(19) Desired survivor size 20971520 bytes, new threshold 5 (max threshold 15)
[2025-08-28T12:59:52.218+0000][1087812][info ][gc,phases   ] GC(19)   Pre Evacuate Collection Set: 0.2ms
[2025-08-28T12:59:52.218+0000][1087812][info ][gc,phases   ] GC(19)   Merge Heap Roots: 0.1ms
[2025-08-28T12:59:52.218+0000][1087812][info ][gc,phases   ] GC(19)   Evacuate Collection Set: 15.2ms
[2025-08-28T12:59:52.218+0000][1087812][info ][gc,phases   ] GC(19)   Post Evacuate Collection Set: 1.4ms
[2025-08-28T12:59:52.218+0000][1087812][info ][gc,phases   ] GC(19)   Other: 0.1ms
[2025-08-28T12:59:52.218+0000][1087812][trace][gc,age      ] GC(19) Age table with threshold 5 (max threshold 15)
[2025-08-28T12:59:52.218+0000][1087812][trace][gc,age      ] GC(19) - age   1:   17909280 bytes,   17909280 total
[2025-08-28T12:59:52.218+0000][1087812][trace][gc,age      ] GC(19) - age   2:    4113736 bytes,   22023016 total
[2025-08-28T12:59:52.218+0000][1087812][trace][gc,age      ] GC(19) - age   3:    5772224 bytes,   27795240 total
[2025-08-28T12:59:52.218+0000][1087812][trace][gc,age      ] GC(19) - age   4:    3625224 bytes,   31420464 total
[2025-08-28T12:59:52.218+0000][1087812][trace][gc,age      ] GC(19) - age   5:    6291272 bytes,   37711736 total
[2025-08-28T12:59:52.219+0000][1087812][info ][gc,heap     ] GC(19) Eden regions: 70->0(66)
[2025-08-28T12:59:52.219+0000][1087812][info ][gc,heap     ] GC(19) Survivor regions: 6->10(10)
[2025-08-28T12:59:52.219+0000][1087812][info ][gc,heap     ] GC(19) Old regions: 10->10
[2025-08-28T12:59:52.219+0000][1087812][info ][gc,heap     ] GC(19) Humongous regions: 0->0
[2025-08-28T12:59:52.219+0000][1087812][info ][gc,metaspace] GC(19) Metaspace: 131531K(135296K)->131531K(135296K) NonClass: 113506K(115456K)->113506K(115456K) Class: 18025K(19840K)->18025K(19840K)
[2025-08-28T12:59:52.219+0000][1087812][info ][gc          ] GC(19) Pause Young (Normal) (G1 Evacuation Pause) 341M->79M(512M) 17.208ms
[2025-08-28T12:59:52.219+0000][1087812][info ][gc,cpu      ] GC(19) User=0.15s Sys=0.02s Real=0.01s
[2025-08-28T12:59:52.219+0000][1087812][info ][safepoint   ] Safepoint "G1CollectForAllocation", Time since last: 293566292 ns, Reaching safepoint: 15203 ns, Cleanup: 165609 ns, At safepoint: 17347878 ns, Total: 17528690 ns
[2025-08-28T12:59:52.448+0000][1087812][info ][safepoint   ] Safepoint "ICBufferFull", Time since last: 229206799 ns, Reaching safepoint: 8884 ns, Cleanup: 237066 ns, At safepoint: 5929 ns, Total: 251879 ns
[2025-08-28T12:59:52.506+0000][1087812][info ][safepoint   ] Safepoint "ICBufferFull", Time since last: 57347145 ns, Reaching safepoint: 76255 ns, Cleanup: 234783 ns, At safepoint: 9674 ns, Total: 320712 ns
[2025-08-28T12:59:52.581+0000][1087812][info ][safepoint   ] Safepoint "ICBufferFull", Time since last: 74634123 ns, Reaching safepoint: 85318 ns, Cleanup: 214913 ns, At safepoint: 11988 ns, Total: 312219 ns
[2025-08-28T12:59:52.902+0000][1087812][info ][safepoint   ] Safepoint "ICBufferFull", Time since last: 321265365 ns, Reaching safepoint: 25037 ns, Cleanup: 279020 ns, At safepoint: 8523 ns, Total: 312580 ns
[2025-08-28T12:59:52.902+0000][1087812][info ][safepoint   ] Safepoint "ICBufferFull", Time since last: 46820 ns, Reaching safepoint: 70125 ns, Cleanup: 3866 ns, At safepoint: 5639 ns, Total: 79630 ns
[2025-08-28T12:59:53.051+0000][1087812][info ][safepoint   ] Safepoint "ICBufferFull", Time since last: 148028722 ns, Reaching safepoint: 14812 ns, Cleanup: 249275 ns, At safepoint: 2594 ns, Total: 266681 ns
[2025-08-28T12:59:53.359+0000][1087812][info ][safepoint   ] Safepoint "ICBufferFull", Time since last: 308201434 ns, Reaching safepoint: 19108 ns, Cleanup: 317858 ns, At safepoint: 2684 ns, Total: 339650 ns
[2025-08-28T12:59:53.506+0000][1087812][info ][gc,start    ] GC(20) Pause Young (Normal) (G1 Evacuation Pause)
[2025-08-28T12:59:53.506+0000][1087812][info ][gc,task     ] GC(20) Using 12 workers of 33 for evacuation
[2025-08-28T12:59:53.506+0000][1087812][debug][gc,age      ] GC(20) Desired survivor size 20971520 bytes, new threshold 2 (max threshold 15)
[2025-08-28T12:59:53.526+0000][1087812][info ][gc,phases   ] GC(20)   Pre Evacuate Collection Set: 0.4ms
[2025-08-28T12:59:53.526+0000][1087812][info ][gc,phases   ] GC(20)   Merge Heap Roots: 0.2ms
[2025-08-28T12:59:53.526+0000][1087812][info ][gc,phases   ] GC(20)   Evacuate Collection Set: 17.1ms
[2025-08-28T12:59:53.526+0000][1087812][info ][gc,phases   ] GC(20)   Post Evacuate Collection Set: 2.0ms
[2025-08-28T12:59:53.526+0000][1087812][info ][gc,phases   ] GC(20)   Other: 0.1ms
[2025-08-28T12:59:53.526+0000][1087812][trace][gc,age      ] GC(20) Age table with threshold 2 (max threshold 15)
[2025-08-28T12:59:53.526+0000][1087812][trace][gc,age      ] GC(20) - age   1:   19481208 bytes,   19481208 total
[2025-08-28T12:59:53.526+0000][1087812][trace][gc,age      ] GC(20) - age   2:   17337920 bytes,   36819128 total
[2025-08-28T12:59:53.526+0000][1087812][info ][gc,heap     ] GC(20) Eden regions: 66->0(66)
[2025-08-28T12:59:53.526+0000][1087812][info ][gc,heap     ] GC(20) Survivor regions: 10->10(10)
[2025-08-28T12:59:53.526+0000][1087812][info ][gc,heap     ] GC(20) Old regions: 10->16
[2025-08-28T12:59:53.526+0000][1087812][info ][gc,heap     ] GC(20) Humongous regions: 0->0
[2025-08-28T12:59:53.526+0000][1087812][info ][gc,metaspace] GC(20) Metaspace: 136480K(140352K)->136480K(140352K) NonClass: 117858K(119872K)->117858K(119872K) Class: 18621K(20480K)->18621K(20480K)
[2025-08-28T12:59:53.526+0000][1087812][info ][gc          ] GC(20) Pause Young (Normal) (G1 Evacuation Pause) 343M->97M(512M) 19.950ms
[2025-08-28T12:59:53.526+0000][1087812][info ][gc,cpu      ] GC(20) User=0.18s Sys=0.03s Real=0.02s
[2025-08-28T12:59:53.526+0000][1087812][info ][safepoint   ] Safepoint "G1CollectForAllocation", Time since last: 146896561 ns, Reaching safepoint: 33300 ns, Cleanup: 54512 ns, At safepoint: 20086905 ns, Total: 20174717 ns
[2025-08-28T12:59:54.368+0000][1087812][info ][safepoint   ] Safepoint "ICBufferFull", Time since last: 841062263 ns, Reaching safepoint: 9374 ns, Cleanup: 326070 ns, At safepoint: 16875 ns, Total: 352319 ns
[2025-08-28T12:59:55.214+0000][1087812][info ][gc,start    ] GC(21) Pause Young (Normal) (G1 Evacuation Pause)
[2025-08-28T12:59:55.214+0000][1087812][info ][gc,task     ] GC(21) Using 12 workers of 33 for evacuation
[2025-08-28T12:59:55.214+0000][1087812][debug][gc,age      ] GC(21) Desired survivor size 20971520 bytes, new threshold 2 (max threshold 15)
[2025-08-28T12:59:55.224+0000][1087812][info ][gc,phases   ] GC(21)   Pre Evacuate Collection Set: 0.2ms
[2025-08-28T12:59:55.224+0000][1087812][info ][gc,phases   ] GC(21)   Merge Heap Roots: 0.1ms
[2025-08-28T12:59:55.224+0000][1087812][info ][gc,phases   ] GC(21)   Evacuate Collection Set: 8.8ms
[2025-08-28T12:59:55.224+0000][1087812][info ][gc,phases   ] GC(21)   Post Evacuate Collection Set: 0.8ms
[2025-08-28T12:59:55.224+0000][1087812][info ][gc,phases   ] GC(21)   Other: 0.1ms
[2025-08-28T12:59:55.224+0000][1087812][trace][gc,age      ] GC(21) Age table with threshold 2 (max threshold 15)
[2025-08-28T12:59:55.224+0000][1087812][trace][gc,age      ] GC(21) - age   1:    1036088 bytes,    1036088 total
[2025-08-28T12:59:55.224+0000][1087812][trace][gc,age      ] GC(21) - age   2:   18285712 bytes,   19321800 total
[2025-08-28T12:59:55.224+0000][1087812][info ][gc,heap     ] GC(21) Eden regions: 66->0(70)
[2025-08-28T12:59:55.224+0000][1087812][info ][gc,heap     ] GC(21) Survivor regions: 10->6(10)
[2025-08-28T12:59:55.224+0000][1087812][info ][gc,heap     ] GC(21) Old regions: 16->20
[2025-08-28T12:59:55.224+0000][1087812][info ][gc,heap     ] GC(21) Humongous regions: 0->0
[2025-08-28T12:59:55.224+0000][1087812][info ][gc,metaspace] GC(21) Metaspace: 136639K(140544K)->136639K(140544K) NonClass: 118018K(120064K)->118018K(120064K) Class: 18621K(20480K)->18621K(20480K)
[2025-08-28T12:59:55.224+0000][1087812][info ][gc          ] GC(21) Pause Young (Normal) (G1 Evacuation Pause) 361M->102M(512M) 10.038ms
[2025-08-28T12:59:55.224+0000][1087812][info ][gc,cpu      ] GC(21) User=0.08s Sys=0.00s Real=0.01s
[2025-08-28T12:59:55.224+0000][1087812][info ][safepoint   ] Safepoint "G1CollectForAllocation", Time since last: 846291502 ns, Reaching safepoint: 150966 ns, Cleanup: 104688 ns, At safepoint: 10168109 ns, Total: 10423763 ns
[2025-08-28T12:59:56.454+0000][1087812][info ][safepoint   ] Safepoint "Cleanup", Time since last: 1228868319 ns, Reaching safepoint: 147802 ns, Cleanup: 84748 ns, At safepoint: 6850 ns, Total: 239400 ns
[2025-08-28T12:59:57.036+0000][1087812][info ][gc,start    ] GC(22) Pause Young (Normal) (G1 Evacuation Pause)
[2025-08-28T12:59:57.036+0000][1087812][info ][gc,task     ] GC(22) Using 12 workers of 33 for evacuation
[2025-08-28T12:59:57.036+0000][1087812][debug][gc,age      ] GC(22) Desired survivor size 20971520 bytes, new threshold 15 (max threshold 15)
[2025-08-28T12:59:57.042+0000][1087812][info ][gc,phases   ] GC(22)   Pre Evacuate Collection Set: 0.2ms
[2025-08-28T12:59:57.042+0000][1087812][info ][gc,phases   ] GC(22)   Merge Heap Roots: 0.1ms
[2025-08-28T12:59:57.042+0000][1087812][info ][gc,phases   ] GC(22)   Evacuate Collection Set: 4.2ms
[2025-08-28T12:59:57.042+0000][1087812][info ][gc,phases   ] GC(22)   Post Evacuate Collection Set: 0.8ms
[2025-08-28T12:59:57.042+0000][1087812][info ][gc,phases   ] GC(22)   Other: 0.1ms
[2025-08-28T12:59:57.042+0000][1087812][trace][gc,age      ] GC(22) Age table with threshold 15 (max threshold 15)
[2025-08-28T12:59:57.042+0000][1087812][trace][gc,age      ] GC(22) - age   1:    1247080 bytes,    1247080 total
[2025-08-28T12:59:57.042+0000][1087812][trace][gc,age      ] GC(22) - age   2:       8440 bytes,    1255520 total
[2025-08-28T12:59:57.042+0000][1087812][trace][gc,age      ] GC(22) - age   3:   18254768 bytes,   19510288 total
[2025-08-28T12:59:57.042+0000][1087812][info ][gc,heap     ] GC(22) Eden regions: 70->0(70)
[2025-08-28T12:59:57.042+0000][1087812][info ][gc,heap     ] GC(22) Survivor regions: 6->6(10)
[2025-08-28T12:59:57.042+0000][1087812][info ][gc,heap     ] GC(22) Old regions: 20->20
[2025-08-28T12:59:57.042+0000][1087812][info ][gc,heap     ] GC(22) Humongous regions: 0->0
[2025-08-28T12:59:57.042+0000][1087812][info ][gc,metaspace] GC(22) Metaspace: 136768K(140672K)->136768K(140672K) NonClass: 118146K(120192K)->118146K(120192K) Class: 18621K(20480K)->18621K(20480K)
[2025-08-28T12:59:57.042+0000][1087812][info ][gc          ] GC(22) Pause Young (Normal) (G1 Evacuation Pause) 382M->100M(512M) 5.527ms
[2025-08-28T12:59:57.042+0000][1087812][info ][gc,cpu      ] GC(22) User=0.03s Sys=0.00s Real=0.01s
[2025-08-28T12:59:57.042+0000][1087812][info ][safepoint   ] Safepoint "G1CollectForAllocation", Time since last: 582598165 ns, Reaching safepoint: 14782 ns, Cleanup: 46250 ns, At safepoint: 5658893 ns, Total: 5719925 ns
[2025-08-28T12:59:58.196+0000][1087812][info ][safepoint   ] Safepoint "Cleanup", Time since last: 1154224957 ns, Reaching safepoint: 6860 ns, Cleanup: 69966 ns, At safepoint: 4987 ns, Total: 81813 ns
[2025-08-28T12:59:58.878+0000][1087812][info ][gc,start    ] GC(23) Pause Young (Normal) (G1 Evacuation Pause)
[2025-08-28T12:59:58.878+0000][1087812][info ][gc,task     ] GC(23) Using 12 workers of 33 for evacuation
[2025-08-28T12:59:58.878+0000][1087812][debug][gc,age      ] GC(23) Desired survivor size 20971520 bytes, new threshold 15 (max threshold 15)
[2025-08-28T12:59:58.882+0000][1087812][info ][gc,phases   ] GC(23)   Pre Evacuate Collection Set: 0.2ms
[2025-08-28T12:59:58.882+0000][1087812][info ][gc,phases   ] GC(23)   Merge Heap Roots: 0.1ms
[2025-08-28T12:59:58.882+0000][1087812][info ][gc,phases   ] GC(23)   Evacuate Collection Set: 3.7ms
[2025-08-28T12:59:58.882+0000][1087812][info ][gc,phases   ] GC(23)   Post Evacuate Collection Set: 0.7ms
[2025-08-28T12:59:58.882+0000][1087812][info ][gc,phases   ] GC(23)   Other: 0.1ms
[2025-08-28T12:59:58.882+0000][1087812][trace][gc,age      ] GC(23) Age table with threshold 15 (max threshold 15)
[2025-08-28T12:59:58.882+0000][1087812][trace][gc,age      ] GC(23) - age   1:     635936 bytes,     635936 total
[2025-08-28T12:59:58.882+0000][1087812][trace][gc,age      ] GC(23) - age   2:       4456 bytes,     640392 total
[2025-08-28T12:59:58.882+0000][1087812][trace][gc,age      ] GC(23) - age   3:       8392 bytes,     648784 total
[2025-08-28T12:59:58.882+0000][1087812][trace][gc,age      ] GC(23) - age   4:   18254768 bytes,   18903552 total
[2025-08-28T12:59:58.882+0000][1087812][info ][gc,heap     ] GC(23) Eden regions: 70->0(70)
[2025-08-28T12:59:58.882+0000][1087812][info ][gc,heap     ] GC(23) Survivor regions: 6->6(10)
[2025-08-28T12:59:58.882+0000][1087812][info ][gc,heap     ] GC(23) Old regions: 20->20
[2025-08-28T12:59:58.882+0000][1087812][info ][gc,heap     ] GC(23) Humongous regions: 0->0
[2025-08-28T12:59:58.882+0000][1087812][info ][gc,metaspace] GC(23) Metaspace: 136825K(140672K)->136825K(140672K) NonClass: 118203K(120192K)->118203K(120192K) Class: 18621K(20480K)->18621K(20480K)
[2025-08-28T12:59:58.882+0000][1087812][info ][gc          ] GC(23) Pause Young (Normal) (G1 Evacuation Pause) 380M->99M(512M) 4.866ms
[2025-08-28T12:59:58.882+0000][1087812][info ][gc,cpu      ] GC(23) User=0.03s Sys=0.00s Real=0.01s
[2025-08-28T12:59:58.882+0000][1087812][info ][safepoint   ] Safepoint "G1CollectForAllocation", Time since last: 681282721 ns, Reaching safepoint: 39460 ns, Cleanup: 6259 ns, At safepoint: 4992042 ns, Total: 5037761 ns
[2025-08-28T13:00:00.079+0000][1087812][info ][safepoint   ] Safepoint "Cleanup", Time since last: 1196866324 ns, Reaching safepoint: 95904 ns, Cleanup: 28513 ns, At safepoint: 2504 ns, Total: 126921 ns
[2025-08-28T13:00:00.709+0000][1087812][info ][gc,start    ] GC(24) Pause Young (Normal) (G1 Evacuation Pause)
[2025-08-28T13:00:00.709+0000][1087812][info ][gc,task     ] GC(24) Using 12 workers of 33 for evacuation
[2025-08-28T13:00:00.709+0000][1087812][debug][gc,age      ] GC(24) Desired survivor size 20971520 bytes, new threshold 15 (max threshold 15)
[2025-08-28T13:00:00.714+0000][1087812][info ][gc,phases   ] GC(24)   Pre Evacuate Collection Set: 0.3ms
[2025-08-28T13:00:00.714+0000][1087812][info ][gc,phases   ] GC(24)   Merge Heap Roots: 0.1ms
[2025-08-28T13:00:00.714+0000][1087812][info ][gc,phases   ] GC(24)   Evacuate Collection Set: 3.0ms
[2025-08-28T13:00:00.714+0000][1087812][info ][gc,phases   ] GC(24)   Post Evacuate Collection Set: 1.0ms
[2025-08-28T13:00:00.714+0000][1087812][info ][gc,phases   ] GC(24)   Other: 0.1ms
[2025-08-28T13:00:00.714+0000][1087812][trace][gc,age      ] GC(24) Age table with threshold 15 (max threshold 15)
[2025-08-28T13:00:00.714+0000][1087812][trace][gc,age      ] GC(24) - age   1:     535064 bytes,     535064 total
[2025-08-28T13:00:00.714+0000][1087812][trace][gc,age      ] GC(24) - age   2:       7096 bytes,     542160 total
[2025-08-28T13:00:00.714+0000][1087812][trace][gc,age      ] GC(24) - age   3:       4144 bytes,     546304 total
[2025-08-28T13:00:00.714+0000][1087812][trace][gc,age      ] GC(24) - age   4:       7680 bytes,     553984 total
[2025-08-28T13:00:00.714+0000][1087812][trace][gc,age      ] GC(24) - age   5:   18254632 bytes,   18808616 total
[2025-08-28T13:00:00.714+0000][1087812][info ][gc,heap     ] GC(24) Eden regions: 70->0(71)
[2025-08-28T13:00:00.714+0000][1087812][info ][gc,heap     ] GC(24) Survivor regions: 6->5(10)
[2025-08-28T13:00:00.714+0000][1087812][info ][gc,heap     ] GC(24) Old regions: 20->20
[2025-08-28T13:00:00.714+0000][1087812][info ][gc,heap     ] GC(24) Humongous regions: 0->0
[2025-08-28T13:00:00.714+0000][1087812][info ][gc,metaspace] GC(24) Metaspace: 136847K(140736K)->136847K(140736K) NonClass: 118225K(120256K)->118225K(120256K) Class: 18621K(20480K)->18621K(20480K)
[2025-08-28T13:00:00.714+0000][1087812][info ][gc          ] GC(24) Pause Young (Normal) (G1 Evacuation Pause) 379M->98M(512M) 4.596ms
[2025-08-28T13:00:00.714+0000][1087812][info ][gc,cpu      ] GC(24) User=0.02s Sys=0.01s Real=0.01s
[2025-08-28T13:00:00.714+0000][1087812][info ][safepoint   ] Safepoint "G1CollectForAllocation", Time since last: 629792166 ns, Reaching safepoint: 14662 ns, Cleanup: 28803 ns, At safepoint: 4683809 ns, Total: 4727274 ns
[2025-08-28T13:00:01.714+0000][1087812][info ][safepoint   ] Safepoint "Cleanup", Time since last: 1000074333 ns, Reaching safepoint: 12959 ns, Cleanup: 46310 ns, At safepoint: 2073 ns, Total: 61342 ns
[2025-08-28T13:00:02.143+0000][1087812][info ][safepoint   ] Safepoint "ICBufferFull", Time since last: 428196966 ns, Reaching safepoint: 77597 ns, Cleanup: 198688 ns, At safepoint: 5018 ns, Total: 281303 ns
[2025-08-28T13:00:02.444+0000][1087812][info ][gc,start    ] GC(25) Pause Young (Normal) (G1 Evacuation Pause)
[2025-08-28T13:00:02.444+0000][1087812][info ][gc,task     ] GC(25) Using 12 workers of 33 for evacuation
[2025-08-28T13:00:02.444+0000][1087812][debug][gc,age      ] GC(25) Desired survivor size 20971520 bytes, new threshold 15 (max threshold 15)
[2025-08-28T13:00:02.448+0000][1087812][info ][gc,phases   ] GC(25)   Pre Evacuate Collection Set: 0.2ms
[2025-08-28T13:00:02.448+0000][1087812][info ][gc,phases   ] GC(25)   Merge Heap Roots: 0.1ms
[2025-08-28T13:00:02.448+0000][1087812][info ][gc,phases   ] GC(25)   Evacuate Collection Set: 2.8ms
[2025-08-28T13:00:02.448+0000][1087812][info ][gc,phases   ] GC(25)   Post Evacuate Collection Set: 0.6ms
[2025-08-28T13:00:02.448+0000][1087812][info ][gc,phases   ] GC(25)   Other: 0.1ms
[2025-08-28T13:00:02.448+0000][1087812][trace][gc,age      ] GC(25) Age table with threshold 15 (max threshold 15)
[2025-08-28T13:00:02.448+0000][1087812][trace][gc,age      ] GC(25) - age   1:     598640 bytes,     598640 total
[2025-08-28T13:00:02.448+0000][1087812][trace][gc,age      ] GC(25) - age   2:       1808 bytes,     600448 total
[2025-08-28T13:00:02.448+0000][1087812][trace][gc,age      ] GC(25) - age   3:       4384 bytes,     604832 total
[2025-08-28T13:00:02.448+0000][1087812][trace][gc,age      ] GC(25) - age   4:       2720 bytes,     607552 total
[2025-08-28T13:00:02.448+0000][1087812][trace][gc,age      ] GC(25) - age   5:       5920 bytes,     613472 total
[2025-08-28T13:00:02.448+0000][1087812][trace][gc,age      ] GC(25) - age   6:   14864056 bytes,   15477528 total
[2025-08-28T13:00:02.448+0000][1087812][info ][gc,heap     ] GC(25) Eden regions: 71->0(71)
[2025-08-28T13:00:02.448+0000][1087812][info ][gc,heap     ] GC(25) Survivor regions: 5->5(10)
[2025-08-28T13:00:02.448+0000][1087812][info ][gc,heap     ] GC(25) Old regions: 20->20
[2025-08-28T13:00:02.448+0000][1087812][info ][gc,heap     ] GC(25) Humongous regions: 0->0
[2025-08-28T13:00:02.448+0000][1087812][info ][gc,metaspace] GC(25) Metaspace: 137132K(140992K)->137132K(140992K) NonClass: 118477K(120512K)->118477K(120512K) Class: 18655K(20480K)->18655K(20480K)
[2025-08-28T13:00:02.448+0000][1087812][info ][gc          ] GC(25) Pause Young (Normal) (G1 Evacuation Pause) 382M->95M(512M) 3.811ms
[2025-08-28T13:00:02.448+0000][1087812][info ][gc,cpu      ] GC(25) User=0.04s Sys=0.00s Real=0.00s
[2025-08-28T13:00:02.448+0000][1087812][info ][safepoint   ] Safepoint "G1CollectForAllocation", Time since last: 301388370 ns, Reaching safepoint: 12058 ns, Cleanup: 61372 ns, At safepoint: 3882164 ns, Total: 3955594 ns
[2025-08-28T13:00:02.980+0000][1087812][info ][safepoint   ] Safepoint "ICBufferFull", Time since last: 531355514 ns, Reaching safepoint: 78938 ns, Cleanup: 190947 ns, At safepoint: 4848 ns, Total: 274733 ns
[2025-08-28T13:00:04.045+0000][1087812][info ][safepoint   ] Safepoint "Cleanup", Time since last: 1065601451 ns, Reaching safepoint: 37436 ns, Cleanup: 69805 ns, At safepoint: 4527 ns, Total: 111768 ns
[2025-08-28T13:00:04.713+0000][1087812][info ][gc,start    ] GC(26) Pause Young (Normal) (G1 Evacuation Pause)
[2025-08-28T13:00:04.713+0000][1087812][info ][gc,task     ] GC(26) Using 12 workers of 33 for evacuation
[2025-08-28T13:00:04.713+0000][1087812][debug][gc,age      ] GC(26) Desired survivor size 20971520 bytes, new threshold 15 (max threshold 15)
[2025-08-28T13:00:04.718+0000][1087812][info ][gc,phases   ] GC(26)   Pre Evacuate Collection Set: 0.1ms
[2025-08-28T13:00:04.718+0000][1087812][info ][gc,phases   ] GC(26)   Merge Heap Roots: 0.1ms
[2025-08-28T13:00:04.718+0000][1087812][info ][gc,phases   ] GC(26)   Evacuate Collection Set: 3.6ms
[2025-08-28T13:00:04.718+0000][1087812][info ][gc,phases   ] GC(26)   Post Evacuate Collection Set: 0.8ms
[2025-08-28T13:00:04.718+0000][1087812][info ][gc,phases   ] GC(26)   Other: 0.1ms
[2025-08-28T13:00:04.718+0000][1087812][trace][gc,age      ] GC(26) Age table with threshold 15 (max threshold 15)
[2025-08-28T13:00:04.718+0000][1087812][trace][gc,age      ] GC(26) - age   1:    3881320 bytes,    3881320 total
[2025-08-28T13:00:04.718+0000][1087812][trace][gc,age      ] GC(26) - age   2:     517960 bytes,    4399280 total
[2025-08-28T13:00:04.718+0000][1087812][trace][gc,age      ] GC(26) - age   3:       1064 bytes,    4400344 total
[2025-08-28T13:00:04.718+0000][1087812][trace][gc,age      ] GC(26) - age   4:       4072 bytes,    4404416 total
[2025-08-28T13:00:04.718+0000][1087812][trace][gc,age      ] GC(26) - age   5:       2720 bytes,    4407136 total
[2025-08-28T13:00:04.718+0000][1087812][trace][gc,age      ] GC(26) - age   6:       5920 bytes,    4413056 total
[2025-08-28T13:00:04.718+0000][1087812][trace][gc,age      ] GC(26) - age   7:   14799808 bytes,   19212864 total
[2025-08-28T13:00:04.718+0000][1087812][info ][gc,heap     ] GC(26) Eden regions: 71->0(71)
[2025-08-28T13:00:04.718+0000][1087812][info ][gc,heap     ] GC(26) Survivor regions: 5->5(10)
[2025-08-28T13:00:04.718+0000][1087812][info ][gc,heap     ] GC(26) Old regions: 20->20
[2025-08-28T13:00:04.718+0000][1087812][info ][gc,heap     ] GC(26) Humongous regions: 0->0
[2025-08-28T13:00:04.718+0000][1087812][info ][gc,metaspace] GC(26) Metaspace: 138805K(142592K)->138805K(142592K) NonClass: 119921K(121920K)->119921K(121920K) Class: 18883K(20672K)->18883K(20672K)
[2025-08-28T13:00:04.718+0000][1087812][info ][gc          ] GC(26) Pause Young (Normal) (G1 Evacuation Pause) 379M->98M(512M) 4.794ms
[2025-08-28T13:00:04.718+0000][1087812][info ][gc,cpu      ] GC(26) User=0.03s Sys=0.00s Real=0.00s
[2025-08-28T13:00:04.718+0000][1087812][info ][safepoint   ] Safepoint "G1CollectForAllocation", Time since last: 667440661 ns, Reaching safepoint: 14141 ns, Cleanup: 4577 ns, At safepoint: 4870569 ns, Total: 4889287 ns
[2025-08-28T13:00:05.950+0000][1087812][info ][safepoint   ] Safepoint "Cleanup", Time since last: 1232532811 ns, Reaching safepoint: 8132 ns, Cleanup: 28383 ns, At safepoint: 4717 ns, Total: 41232 ns
[2025-08-28T13:00:06.598+0000][1087812][info ][gc,start    ] GC(27) Pause Young (Normal) (G1 Evacuation Pause)
[2025-08-28T13:00:06.598+0000][1087812][info ][gc,task     ] GC(27) Using 12 workers of 33 for evacuation
[2025-08-28T13:00:06.598+0000][1087812][debug][gc,age      ] GC(27) Desired survivor size 20971520 bytes, new threshold 15 (max threshold 15)
[2025-08-28T13:00:06.602+0000][1087812][info ][gc,phases   ] GC(27)   Pre Evacuate Collection Set: 0.2ms
[2025-08-28T13:00:06.602+0000][1087812][info ][gc,phases   ] GC(27)   Merge Heap Roots: 0.1ms
[2025-08-28T13:00:06.602+0000][1087812][info ][gc,phases   ] GC(27)   Evacuate Collection Set: 3.4ms
[2025-08-28T13:00:06.602+0000][1087812][info ][gc,phases   ] GC(27)   Post Evacuate Collection Set: 0.7ms
[2025-08-28T13:00:06.602+0000][1087812][info ][gc,phases   ] GC(27)   Other: 0.1ms
[2025-08-28T13:00:06.602+0000][1087812][trace][gc,age      ] GC(27) Age table with threshold 15 (max threshold 15)
[2025-08-28T13:00:06.602+0000][1087812][trace][gc,age      ] GC(27) - age   1:     789272 bytes,     789272 total
[2025-08-28T13:00:06.602+0000][1087812][trace][gc,age      ] GC(27) - age   2:    2490904 bytes,    3280176 total
[2025-08-28T13:00:06.602+0000][1087812][trace][gc,age      ] GC(27) - age   3:     517960 bytes,    3798136 total
[2025-08-28T13:00:06.602+0000][1087812][trace][gc,age      ] GC(27) - age   4:       1064 bytes,    3799200 total
[2025-08-28T13:00:06.602+0000][1087812][trace][gc,age      ] GC(27) - age   5:       4072 bytes,    3803272 total
[2025-08-28T13:00:06.602+0000][1087812][trace][gc,age      ] GC(27) - age   6:       2720 bytes,    3805992 total
[2025-08-28T13:00:06.602+0000][1087812][trace][gc,age      ] GC(27) - age   7:       5888 bytes,    3811880 total
[2025-08-28T13:00:06.602+0000][1087812][trace][gc,age      ] GC(27) - age   8:   14799808 bytes,   18611688 total
[2025-08-28T13:00:06.602+0000][1087812][info ][gc,heap     ] GC(27) Eden regions: 71->0(71)
[2025-08-28T13:00:06.602+0000][1087812][info ][gc,heap     ] GC(27) Survivor regions: 5->5(10)
[2025-08-28T13:00:06.602+0000][1087812][info ][gc,heap     ] GC(27) Old regions: 20->20
[2025-08-28T13:00:06.602+0000][1087812][info ][gc,heap     ] GC(27) Humongous regions: 0->0
[2025-08-28T13:00:06.602+0000][1087812][info ][gc,metaspace] GC(27) Metaspace: 138809K(142656K)->138809K(142656K) NonClass: 119926K(121984K)->119926K(121984K) Class: 18883K(20672K)->18883K(20672K)
[2025-08-28T13:00:06.602+0000][1087812][info ][gc          ] GC(27) Pause Young (Normal) (G1 Evacuation Pause) 382M->97M(512M) 4.477ms
[2025-08-28T13:00:06.602+0000][1087812][info ][gc,cpu      ] GC(27) User=0.03s Sys=0.01s Real=0.01s
[2025-08-28T13:00:06.602+0000][1087812][info ][safepoint   ] Safepoint "G1CollectForAllocation", Time since last: 647670001 ns, Reaching safepoint: 13290 ns, Cleanup: 17106 ns, At safepoint: 4552391 ns, Total: 4582787 ns
[2025-08-28T13:00:07.869+0000][1087812][info ][safepoint   ] Safepoint "Cleanup", Time since last: 1266776749 ns, Reaching safepoint: 82484 ns, Cleanup: 24767 ns, At safepoint: 2334 ns, Total: 109585 ns
[2025-08-28T13:00:08.448+0000][1087812][info ][gc,start    ] GC(28) Pause Young (Normal) (G1 Evacuation Pause)
[2025-08-28T13:00:08.448+0000][1087812][info ][gc,task     ] GC(28) Using 12 workers of 33 for evacuation
[2025-08-28T13:00:08.448+0000][1087812][debug][gc,age      ] GC(28) Desired survivor size 20971520 bytes, new threshold 15 (max threshold 15)
[2025-08-28T13:00:08.453+0000][1087812][info ][gc,phases   ] GC(28)   Pre Evacuate Collection Set: 0.2ms
[2025-08-28T13:00:08.453+0000][1087812][info ][gc,phases   ] GC(28)   Merge Heap Roots: 0.1ms
[2025-08-28T13:00:08.453+0000][1087812][info ][gc,phases   ] GC(28)   Evacuate Collection Set: 3.7ms
[2025-08-28T13:00:08.453+0000][1087812][info ][gc,phases   ] GC(28)   Post Evacuate Collection Set: 1.0ms
[2025-08-28T13:00:08.453+0000][1087812][info ][gc,phases   ] GC(28)   Other: 0.1ms
[2025-08-28T13:00:08.453+0000][1087812][trace][gc,age      ] GC(28) Age table with threshold 15 (max threshold 15)
[2025-08-28T13:00:08.453+0000][1087812][trace][gc,age      ] GC(28) - age   1:     953936 bytes,     953936 total
[2025-08-28T13:00:08.453+0000][1087812][trace][gc,age      ] GC(28) - age   2:       3944 bytes,     957880 total
[2025-08-28T13:00:08.453+0000][1087812][trace][gc,age      ] GC(28) - age   3:    2490872 bytes,    3448752 total
[2025-08-28T13:00:08.453+0000][1087812][trace][gc,age      ] GC(28) - age   4:     517960 bytes,    3966712 total
[2025-08-28T13:00:08.453+0000][1087812][trace][gc,age      ] GC(28) - age   5:       1064 bytes,    3967776 total
[2025-08-28T13:00:08.453+0000][1087812][trace][gc,age      ] GC(28) - age   6:       4072 bytes,    3971848 total
[2025-08-28T13:00:08.453+0000][1087812][trace][gc,age      ] GC(28) - age   7:       2688 bytes,    3974536 total
[2025-08-28T13:00:08.453+0000][1087812][trace][gc,age      ] GC(28) - age   8:       5888 bytes,    3980424 total
[2025-08-28T13:00:08.453+0000][1087812][trace][gc,age      ] GC(28) - age   9:   14799808 bytes,   18780232 total
[2025-08-28T13:00:08.453+0000][1087812][info ][gc,heap     ] GC(28) Eden regions: 71->0(70)
[2025-08-28T13:00:08.453+0000][1087812][info ][gc,heap     ] GC(28) Survivor regions: 5->6(10)
[2025-08-28T13:00:08.453+0000][1087812][info ][gc,heap     ] GC(28) Old regions: 20->20
[2025-08-28T13:00:08.453+0000][1087812][info ][gc,heap     ] GC(28) Humongous regions: 0->0
[2025-08-28T13:00:08.453+0000][1087812][info ][gc,metaspace] GC(28) Metaspace: 138810K(142656K)->138810K(142656K) NonClass: 119927K(121984K)->119927K(121984K) Class: 18883K(20672K)->18883K(20672K)
[2025-08-28T13:00:08.453+0000][1087812][info ][gc          ] GC(28) Pause Young (Normal) (G1 Evacuation Pause) 381M->99M(512M) 5.265ms
[2025-08-28T13:00:08.453+0000][1087812][info ][gc,cpu      ] GC(28) User=0.03s Sys=0.00s Real=0.01s
[2025-08-28T13:00:08.453+0000][1087812][info ][safepoint   ] Safepoint "G1CollectForAllocation", Time since last: 578623234 ns, Reaching safepoint: 11046 ns, Cleanup: 3956 ns, At safepoint: 5369569 ns, Total: 5384571 ns
[2025-08-28T13:00:10.028+0000][1087812][info ][safepoint   ] Safepoint "Cleanup", Time since last: 1574935764 ns, Reaching safepoint: 102214 ns, Cleanup: 37566 ns, At safepoint: 3015 ns, Total: 142795 ns
[2025-08-28T13:00:10.292+0000][1087812][info ][gc,start    ] GC(29) Pause Young (Normal) (G1 Evacuation Pause)
[2025-08-28T13:00:10.292+0000][1087812][info ][gc,task     ] GC(29) Using 12 workers of 33 for evacuation
[2025-08-28T13:00:10.292+0000][1087812][debug][gc,age      ] GC(29) Desired survivor size 20971520 bytes, new threshold 15 (max threshold 15)
[2025-08-28T13:00:10.297+0000][1087812][info ][gc,phases   ] GC(29)   Pre Evacuate Collection Set: 0.1ms
[2025-08-28T13:00:10.297+0000][1087812][info ][gc,phases   ] GC(29)   Merge Heap Roots: 0.1ms
[2025-08-28T13:00:10.297+0000][1087812][info ][gc,phases   ] GC(29)   Evacuate Collection Set: 3.8ms
[2025-08-28T13:00:10.297+0000][1087812][info ][gc,phases   ] GC(29)   Post Evacuate Collection Set: 0.7ms
[2025-08-28T13:00:10.297+0000][1087812][info ][gc,phases   ] GC(29)   Other: 0.1ms
[2025-08-28T13:00:10.297+0000][1087812][trace][gc,age      ] GC(29) Age table with threshold 15 (max threshold 15)
[2025-08-28T13:00:10.297+0000][1087812][trace][gc,age      ] GC(29) - age   1:    1760832 bytes,    1760832 total
[2025-08-28T13:00:10.297+0000][1087812][trace][gc,age      ] GC(29) - age   2:       1224 bytes,    1762056 total
[2025-08-28T13:00:10.297+0000][1087812][trace][gc,age      ] GC(29) - age   3:       3944 bytes,    1766000 total
[2025-08-28T13:00:10.297+0000][1087812][trace][gc,age      ] GC(29) - age   4:    2490160 bytes,    4256160 total
[2025-08-28T13:00:10.297+0000][1087812][trace][gc,age      ] GC(29) - age   5:     517960 bytes,    4774120 total
[2025-08-28T13:00:10.297+0000][1087812][trace][gc,age      ] GC(29) - age   6:       1064 bytes,    4775184 total
[2025-08-28T13:00:10.297+0000][1087812][trace][gc,age      ] GC(29) - age   7:       4072 bytes,    4779256 total
[2025-08-28T13:00:10.297+0000][1087812][trace][gc,age      ] GC(29) - age   8:       2688 bytes,    4781944 total
[2025-08-28T13:00:10.297+0000][1087812][trace][gc,age      ] GC(29) - age   9:       5888 bytes,    4787832 total
[2025-08-28T13:00:10.297+0000][1087812][trace][gc,age      ] GC(29) - age  10:   14799808 bytes,   19587640 total
[2025-08-28T13:00:10.297+0000][1087812][info ][gc,heap     ] GC(29) Eden regions: 70->0(70)
[2025-08-28T13:00:10.297+0000][1087812][info ][gc,heap     ] GC(29) Survivor regions: 6->6(10)
[2025-08-28T13:00:10.297+0000][1087812][info ][gc,heap     ] GC(29) Old regions: 20->20
[2025-08-28T13:00:10.297+0000][1087812][info ][gc,heap     ] GC(29) Humongous regions: 0->0
[2025-08-28T13:00:10.297+0000][1087812][info ][gc,metaspace] GC(29) Metaspace: 138825K(142656K)->138825K(142656K) NonClass: 119941K(121984K)->119941K(121984K) Class: 18883K(20672K)->18883K(20672K)
[2025-08-28T13:00:10.297+0000][1087812][info ][gc          ] GC(29) Pause Young (Normal) (G1 Evacuation Pause) 379M->99M(512M) 4.861ms
[2025-08-28T13:00:10.297+0000][1087812][info ][gc,cpu      ] GC(29) User=0.03s Sys=0.00s Real=0.00s
[2025-08-28T13:00:10.297+0000][1087812][info ][safepoint   ] Safepoint "G1CollectForAllocation", Time since last: 263713885 ns, Reaching safepoint: 11368 ns, Cleanup: 2824 ns, At safepoint: 4938170 ns, Total: 4952362 ns
[2025-08-28T13:00:11.297+0000][1087812][info ][safepoint   ] Safepoint "Cleanup", Time since last: 1000073432 ns, Reaching safepoint: 11828 ns, Cleanup: 23615 ns, At safepoint: 2384 ns, Total: 37827 ns
[2025-08-28T13:00:12.121+0000][1087812][info ][gc,start    ] GC(30) Pause Young (Normal) (G1 Evacuation Pause)
[2025-08-28T13:00:12.121+0000][1087812][info ][gc,task     ] GC(30) Using 12 workers of 33 for evacuation
[2025-08-28T13:00:12.121+0000][1087812][debug][gc,age      ] GC(30) Desired survivor size 20971520 bytes, new threshold 15 (max threshold 15)
[2025-08-28T13:00:12.126+0000][1087812][info ][gc,phases   ] GC(30)   Pre Evacuate Collection Set: 0.1ms
[2025-08-28T13:00:12.126+0000][1087812][info ][gc,phases   ] GC(30)   Merge Heap Roots: 0.1ms
[2025-08-28T13:00:12.126+0000][1087812][info ][gc,phases   ] GC(30)   Evacuate Collection Set: 3.8ms
[2025-08-28T13:00:12.126+0000][1087812][info ][gc,phases   ] GC(30)   Post Evacuate Collection Set: 0.7ms
[2025-08-28T13:00:12.126+0000][1087812][info ][gc,phases   ] GC(30)   Other: 0.1ms
[2025-08-28T13:00:12.126+0000][1087812][trace][gc,age      ] GC(30) Age table with threshold 15 (max threshold 15)
[2025-08-28T13:00:12.126+0000][1087812][trace][gc,age      ] GC(30) - age   1:    1772664 bytes,    1772664 total
[2025-08-28T13:00:12.126+0000][1087812][trace][gc,age      ] GC(30) - age   2:       4456 bytes,    1777120 total
[2025-08-28T13:00:12.126+0000][1087812][trace][gc,age      ] GC(30) - age   3:        912 bytes,    1778032 total
[2025-08-28T13:00:12.126+0000][1087812][trace][gc,age      ] GC(30) - age   4:       3944 bytes,    1781976 total
[2025-08-28T13:00:12.126+0000][1087812][trace][gc,age      ] GC(30) - age   5:    2490096 bytes,    4272072 total
[2025-08-28T13:00:12.126+0000][1087812][trace][gc,age      ] GC(30) - age   6:     517784 bytes,    4789856 total
[2025-08-28T13:00:12.126+0000][1087812][trace][gc,age      ] GC(30) - age   7:       1064 bytes,    4790920 total
[2025-08-28T13:00:12.126+0000][1087812][trace][gc,age      ] GC(30) - age   8:       4072 bytes,    4794992 total
[2025-08-28T13:00:12.126+0000][1087812][trace][gc,age      ] GC(30) - age   9:       2688 bytes,    4797680 total
[2025-08-28T13:00:12.126+0000][1087812][trace][gc,age      ] GC(30) - age  10:       5888 bytes,    4803568 total
[2025-08-28T13:00:12.126+0000][1087812][trace][gc,age      ] GC(30) - age  11:   14799808 bytes,   19603376 total
[2025-08-28T13:00:12.126+0000][1087812][info ][gc,heap     ] GC(30) Eden regions: 70->0(70)
[2025-08-28T13:00:12.126+0000][1087812][info ][gc,heap     ] GC(30) Survivor regions: 6->6(10)
[2025-08-28T13:00:12.126+0000][1087812][info ][gc,heap     ] GC(30) Old regions: 20->20
[2025-08-28T13:00:12.126+0000][1087812][info ][gc,heap     ] GC(30) Humongous regions: 0->0
[2025-08-28T13:00:12.126+0000][1087812][info ][gc,metaspace] GC(30) Metaspace: 138825K(142656K)->138825K(142656K) NonClass: 119942K(121984K)->119942K(121984K) Class: 18883K(20672K)->18883K(20672K)
[2025-08-28T13:00:12.126+0000][1087812][info ][gc          ] GC(30) Pause Young (Normal) (G1 Evacuation Pause) 379M->99M(512M) 5.229ms
[2025-08-28T13:00:12.126+0000][1087812][info ][gc,cpu      ] GC(30) User=0.03s Sys=0.00s Real=0.00s
[2025-08-28T13:00:12.126+0000][1087812][info ][safepoint   ] Safepoint "G1CollectForAllocation", Time since last: 823556828 ns, Reaching safepoint: 11888 ns, Cleanup: 3605 ns, At safepoint: 5304331 ns, Total: 5319824 ns
[2025-08-28T13:00:13.928+0000][1087812][info ][safepoint   ] Safepoint "Cleanup", Time since last: 1802246627 ns, Reaching safepoint: 23505 ns, Cleanup: 11097 ns, At safepoint: 4727 ns, Total: 39329 ns
[2025-08-28T13:00:13.968+0000][1087812][info ][gc,start    ] GC(31) Pause Young (Normal) (G1 Evacuation Pause)
[2025-08-28T13:00:13.968+0000][1087812][info ][gc,task     ] GC(31) Using 12 workers of 33 for evacuation
[2025-08-28T13:00:13.968+0000][1087812][debug][gc,age      ] GC(31) Desired survivor size 20971520 bytes, new threshold 15 (max threshold 15)
[2025-08-28T13:00:13.973+0000][1087812][info ][gc,phases   ] GC(31)   Pre Evacuate Collection Set: 0.2ms
[2025-08-28T13:00:13.973+0000][1087812][info ][gc,phases   ] GC(31)   Merge Heap Roots: 0.1ms
[2025-08-28T13:00:13.973+0000][1087812][info ][gc,phases   ] GC(31)   Evacuate Collection Set: 3.8ms
[2025-08-28T13:00:13.973+0000][1087812][info ][gc,phases   ] GC(31)   Post Evacuate Collection Set: 0.7ms
[2025-08-28T13:00:13.973+0000][1087812][info ][gc,phases   ] GC(31)   Other: 0.1ms
[2025-08-28T13:00:13.973+0000][1087812][trace][gc,age      ] GC(31) Age table with threshold 15 (max threshold 15)
[2025-08-28T13:00:13.973+0000][1087812][trace][gc,age      ] GC(31) - age   1:    1084008 bytes,    1084008 total
[2025-08-28T13:00:13.973+0000][1087812][trace][gc,age      ] GC(31) - age   2:       1624 bytes,    1085632 total
[2025-08-28T13:00:13.973+0000][1087812][trace][gc,age      ] GC(31) - age   3:       2168 bytes,    1087800 total
[2025-08-28T13:00:13.973+0000][1087812][trace][gc,age      ] GC(31) - age   4:        912 bytes,    1088712 total
[2025-08-28T13:00:13.973+0000][1087812][trace][gc,age      ] GC(31) - age   5:       3944 bytes,    1092656 total
[2025-08-28T13:00:13.973+0000][1087812][trace][gc,age      ] GC(31) - age   6:    2490096 bytes,    3582752 total
[2025-08-28T13:00:13.973+0000][1087812][trace][gc,age      ] GC(31) - age   7:     517784 bytes,    4100536 total
[2025-08-28T13:00:13.973+0000][1087812][trace][gc,age      ] GC(31) - age   8:       1064 bytes,    4101600 total
[2025-08-28T13:00:13.973+0000][1087812][trace][gc,age      ] GC(31) - age   9:       4072 bytes,    4105672 total
[2025-08-28T13:00:13.973+0000][1087812][trace][gc,age      ] GC(31) - age  10:       2688 bytes,    4108360 total
[2025-08-28T13:00:13.973+0000][1087812][trace][gc,age      ] GC(31) - age  11:       5888 bytes,    4114248 total
[2025-08-28T13:00:13.973+0000][1087812][trace][gc,age      ] GC(31) - age  12:   14799808 bytes,   18914056 total
[2025-08-28T13:00:13.973+0000][1087812][info ][gc,heap     ] GC(31) Eden regions: 70->0(71)
[2025-08-28T13:00:13.973+0000][1087812][info ][gc,heap     ] GC(31) Survivor regions: 6->5(10)
[2025-08-28T13:00:13.973+0000][1087812][info ][gc,heap     ] GC(31) Old regions: 20->20
[2025-08-28T13:00:13.973+0000][1087812][info ][gc,heap     ] GC(31) Humongous regions: 0->0
[2025-08-28T13:00:13.973+0000][1087812][info ][gc,metaspace] GC(31) Metaspace: 138830K(142656K)->138830K(142656K) NonClass: 119947K(121984K)->119947K(121984K) Class: 18883K(20672K)->18883K(20672K)
[2025-08-28T13:00:13.973+0000][1087812][info ][gc          ] GC(31) Pause Young (Normal) (G1 Evacuation Pause) 379M->98M(512M) 5.042ms
[2025-08-28T13:00:13.973+0000][1087812][info ][gc,cpu      ] GC(31) User=0.03s Sys=0.00s Real=0.01s
[2025-08-28T13:00:13.973+0000][1087812][info ][safepoint   ] Safepoint "G1CollectForAllocation", Time since last: 39214878 ns, Reaching safepoint: 7902 ns, Cleanup: 2174 ns, At safepoint: 5113784 ns, Total: 5123860 ns
[2025-08-28T13:00:15.332+0000][1087812][info ][safepoint   ] Safepoint "Cleanup", Time since last: 1359674909 ns, Reaching safepoint: 11247 ns, Cleanup: 9995 ns, At safepoint: 2093 ns, Total: 23335 ns
[2025-08-28T13:00:15.843+0000][1087812][info ][gc,start    ] GC(32) Pause Young (Normal) (G1 Evacuation Pause)
[2025-08-28T13:00:15.843+0000][1087812][info ][gc,task     ] GC(32) Using 12 workers of 33 for evacuation
[2025-08-28T13:00:15.843+0000][1087812][debug][gc,age      ] GC(32) Desired survivor size 20971520 bytes, new threshold 15 (max threshold 15)
[2025-08-28T13:00:15.847+0000][1087812][info ][gc,phases   ] GC(32)   Pre Evacuate Collection Set: 0.2ms
[2025-08-28T13:00:15.847+0000][1087812][info ][gc,phases   ] GC(32)   Merge Heap Roots: 0.1ms
[2025-08-28T13:00:15.847+0000][1087812][info ][gc,phases   ] GC(32)   Evacuate Collection Set: 3.7ms
[2025-08-28T13:00:15.847+0000][1087812][info ][gc,phases   ] GC(32)   Post Evacuate Collection Set: 0.5ms
[2025-08-28T13:00:15.847+0000][1087812][info ][gc,phases   ] GC(32)   Other: 0.1ms
[2025-08-28T13:00:15.847+0000][1087812][trace][gc,age      ] GC(32) Age table with threshold 15 (max threshold 15)
[2025-08-28T13:00:15.847+0000][1087812][trace][gc,age      ] GC(32) - age   1:     820008 bytes,     820008 total
[2025-08-28T13:00:15.847+0000][1087812][trace][gc,age      ] GC(32) - age   2:        784 bytes,     820792 total
[2025-08-28T13:00:15.847+0000][1087812][trace][gc,age      ] GC(32) - age   3:        952 bytes,     821744 total
[2025-08-28T13:00:15.847+0000][1087812][trace][gc,age      ] GC(32) - age   4:       1456 bytes,     823200 total
[2025-08-28T13:00:15.847+0000][1087812][trace][gc,age      ] GC(32) - age   5:        912 bytes,     824112 total
[2025-08-28T13:00:15.847+0000][1087812][trace][gc,age      ] GC(32) - age   6:       3944 bytes,     828056 total
[2025-08-28T13:00:15.847+0000][1087812][trace][gc,age      ] GC(32) - age   7:    2490096 bytes,    3318152 total
[2025-08-28T13:00:15.847+0000][1087812][trace][gc,age      ] GC(32) - age   8:     517784 bytes,    3835936 total
[2025-08-28T13:00:15.847+0000][1087812][trace][gc,age      ] GC(32) - age   9:       1064 bytes,    3837000 total
[2025-08-28T13:00:15.847+0000][1087812][trace][gc,age      ] GC(32) - age  10:       4072 bytes,    3841072 total
[2025-08-28T13:00:15.847+0000][1087812][trace][gc,age      ] GC(32) - age  11:       2688 bytes,    3843760 total
[2025-08-28T13:00:15.847+0000][1087812][trace][gc,age      ] GC(32) - age  12:       5888 bytes,    3849648 total
[2025-08-28T13:00:15.847+0000][1087812][trace][gc,age      ] GC(32) - age  13:   14799808 bytes,   18649456 total
[2025-08-28T13:00:15.847+0000][1087812][info ][gc,heap     ] GC(32) Eden regions: 71->0(71)
[2025-08-28T13:00:15.847+0000][1087812][info ][gc,heap     ] GC(32) Survivor regions: 5->5(10)
[2025-08-28T13:00:15.847+0000][1087812][info ][gc,heap     ] GC(32) Old regions: 20->20
[2025-08-28T13:00:15.847+0000][1087812][info ][gc,heap     ] GC(32) Humongous regions: 0->0
[2025-08-28T13:00:15.847+0000][1087812][info ][gc,metaspace] GC(32) Metaspace: 138832K(142656K)->138832K(142656K) NonClass: 119948K(121984K)->119948K(121984K) Class: 18883K(20672K)->18883K(20672K)
[2025-08-28T13:00:15.847+0000][1087812][info ][gc          ] GC(32) Pause Young (Normal) (G1 Evacuation Pause) 382M->98M(512M) 4.658ms
[2025-08-28T13:00:15.847+0000][1087812][info ][gc,cpu      ] GC(32) User=0.03s Sys=0.01s Real=0.00s
[2025-08-28T13:00:15.847+0000][1087812][info ][safepoint   ] Safepoint "G1CollectForAllocation", Time since last: 510255417 ns, Reaching safepoint: 10656 ns, Cleanup: 3765 ns, At safepoint: 4731931 ns, Total: 4746352 ns
[2025-08-28T13:00:17.297+0000][1087812][info ][safepoint   ] Safepoint "Cleanup", Time since last: 1449428313 ns, Reaching safepoint: 5648 ns, Cleanup: 10636 ns, At safepoint: 4657 ns, Total: 20941 ns
[2025-08-28T13:00:17.709+0000][1087812][info ][gc,start    ] GC(33) Pause Young (Normal) (G1 Evacuation Pause)
[2025-08-28T13:00:17.709+0000][1087812][info ][gc,task     ] GC(33) Using 12 workers of 33 for evacuation
[2025-08-28T13:00:17.709+0000][1087812][debug][gc,age      ] GC(33) Desired survivor size 20971520 bytes, new threshold 15 (max threshold 15)
[2025-08-28T13:00:17.714+0000][1087812][info ][gc,phases   ] GC(33)   Pre Evacuate Collection Set: 0.2ms
[2025-08-28T13:00:17.714+0000][1087812][info ][gc,phases   ] GC(33)   Merge Heap Roots: 0.1ms
[2025-08-28T13:00:17.714+0000][1087812][info ][gc,phases   ] GC(33)   Evacuate Collection Set: 3.9ms
[2025-08-28T13:00:17.714+0000][1087812][info ][gc,phases   ] GC(33)   Post Evacuate Collection Set: 0.6ms
[2025-08-28T13:00:17.714+0000][1087812][info ][gc,phases   ] GC(33)   Other: 0.1ms
[2025-08-28T13:00:17.714+0000][1087812][trace][gc,age      ] GC(33) Age table with threshold 15 (max threshold 15)
[2025-08-28T13:00:17.714+0000][1087812][trace][gc,age      ] GC(33) - age   1:    1468328 bytes,    1468328 total
[2025-08-28T13:00:17.714+0000][1087812][trace][gc,age      ] GC(33) - age   2:       4656 bytes,    1472984 total
[2025-08-28T13:00:17.714+0000][1087812][trace][gc,age      ] GC(33) - age   3:        456 bytes,    1473440 total
[2025-08-28T13:00:17.714+0000][1087812][trace][gc,age      ] GC(33) - age   4:        920 bytes,    1474360 total
[2025-08-28T13:00:17.714+0000][1087812][trace][gc,age      ] GC(33) - age   5:       1456 bytes,    1475816 total
[2025-08-28T13:00:17.714+0000][1087812][trace][gc,age      ] GC(33) - age   6:        912 bytes,    1476728 total
[2025-08-28T13:00:17.714+0000][1087812][trace][gc,age      ] GC(33) - age   7:       3944 bytes,    1480672 total
[2025-08-28T13:00:17.714+0000][1087812][trace][gc,age      ] GC(33) - age   8:    2490096 bytes,    3970768 total
[2025-08-28T13:00:17.714+0000][1087812][trace][gc,age      ] GC(33) - age   9:     517784 bytes,    4488552 total
[2025-08-28T13:00:17.714+0000][1087812][trace][gc,age      ] GC(33) - age  10:       1064 bytes,    4489616 total
[2025-08-28T13:00:17.714+0000][1087812][trace][gc,age      ] GC(33) - age  11:       4072 bytes,    4493688 total
[2025-08-28T13:00:17.714+0000][1087812][trace][gc,age      ] GC(33) - age  12:       2688 bytes,    4496376 total
[2025-08-28T13:00:17.714+0000][1087812][trace][gc,age      ] GC(33) - age  13:       5888 bytes,    4502264 total
[2025-08-28T13:00:17.714+0000][1087812][trace][gc,age      ] GC(33) - age  14:   14799808 bytes,   19302072 total
[2025-08-28T13:00:17.714+0000][1087812][info ][gc,heap     ] GC(33) Eden regions: 71->0(70)
[2025-08-28T13:00:17.714+0000][1087812][info ][gc,heap     ] GC(33) Survivor regions: 5->6(10)
[2025-08-28T13:00:17.714+0000][1087812][info ][gc,heap     ] GC(33) Old regions: 20->20
[2025-08-28T13:00:17.714+0000][1087812][info ][gc,heap     ] GC(33) Humongous regions: 0->0
[2025-08-28T13:00:17.714+0000][1087812][info ][gc,metaspace] GC(33) Metaspace: 138833K(142656K)->138833K(142656K) NonClass: 119949K(121984K)->119949K(121984K) Class: 18883K(20672K)->18883K(20672K)
[2025-08-28T13:00:17.714+0000][1087812][info ][gc          ] GC(33) Pause Young (Normal) (G1 Evacuation Pause) 382M->99M(512M) 5.030ms
[2025-08-28T13:00:17.714+0000][1087812][info ][gc,cpu      ] GC(33) User=0.04s Sys=0.00s Real=0.01s
[2025-08-28T13:00:17.714+0000][1087812][info ][safepoint   ] Safepoint "G1CollectForAllocation", Time since last: 412304525 ns, Reaching safepoint: 76595 ns, Cleanup: 14472 ns, At safepoint: 5111761 ns, Total: 5202828 ns
[2025-08-28T13:00:18.714+0000][1087812][info ][safepoint   ] Safepoint "Cleanup", Time since last: 1000075685 ns, Reaching safepoint: 10796 ns, Cleanup: 14853 ns, At safepoint: 2093 ns, Total: 27742 ns
[2025-08-28T13:00:19.552+0000][1087812][info ][gc,start    ] GC(34) Pause Young (Normal) (G1 Evacuation Pause)
[2025-08-28T13:00:19.552+0000][1087812][info ][gc,task     ] GC(34) Using 12 workers of 33 for evacuation
[2025-08-28T13:00:19.552+0000][1087812][debug][gc,age      ] GC(34) Desired survivor size 20971520 bytes, new threshold 15 (max threshold 15)
[2025-08-28T13:00:19.558+0000][1087812][info ][gc,phases   ] GC(34)   Pre Evacuate Collection Set: 0.4ms
[2025-08-28T13:00:19.558+0000][1087812][info ][gc,phases   ] GC(34)   Merge Heap Roots: 0.1ms
[2025-08-28T13:00:19.558+0000][1087812][info ][gc,phases   ] GC(34)   Evacuate Collection Set: 4.4ms
[2025-08-28T13:00:19.558+0000][1087812][info ][gc,phases   ] GC(34)   Post Evacuate Collection Set: 0.8ms
[2025-08-28T13:00:19.558+0000][1087812][info ][gc,phases   ] GC(34)   Other: 0.1ms
[2025-08-28T13:00:19.558+0000][1087812][trace][gc,age      ] GC(34) Age table with threshold 15 (max threshold 15)
[2025-08-28T13:00:19.558+0000][1087812][trace][gc,age      ] GC(34) - age   1:     949240 bytes,     949240 total
[2025-08-28T13:00:19.558+0000][1087812][trace][gc,age      ] GC(34) - age   2:       1496 bytes,     950736 total
[2025-08-28T13:00:19.558+0000][1087812][trace][gc,age      ] GC(34) - age   3:       3448 bytes,     954184 total
[2025-08-28T13:00:19.558+0000][1087812][trace][gc,age      ] GC(34) - age   4:        456 bytes,     954640 total
[2025-08-28T13:00:19.558+0000][1087812][trace][gc,age      ] GC(34) - age   5:        920 bytes,     955560 total
[2025-08-28T13:00:19.558+0000][1087812][trace][gc,age      ] GC(34) - age   6:       1456 bytes,     957016 total
[2025-08-28T13:00:19.558+0000][1087812][trace][gc,age      ] GC(34) - age   7:        912 bytes,     957928 total
[2025-08-28T13:00:19.558+0000][1087812][trace][gc,age      ] GC(34) - age   8:       3944 bytes,     961872 total
[2025-08-28T13:00:19.558+0000][1087812][trace][gc,age      ] GC(34) - age   9:    2490096 bytes,    3451968 total
[2025-08-28T13:00:19.558+0000][1087812][trace][gc,age      ] GC(34) - age  10:     517784 bytes,    3969752 total
[2025-08-28T13:00:19.558+0000][1087812][trace][gc,age      ] GC(34) - age  11:       1064 bytes,    3970816 total
[2025-08-28T13:00:19.558+0000][1087812][trace][gc,age      ] GC(34) - age  12:       4072 bytes,    3974888 total
[2025-08-28T13:00:19.558+0000][1087812][trace][gc,age      ] GC(34) - age  13:       2688 bytes,    3977576 total
[2025-08-28T13:00:19.558+0000][1087812][trace][gc,age      ] GC(34) - age  14:       5888 bytes,    3983464 total
[2025-08-28T13:00:19.558+0000][1087812][trace][gc,age      ] GC(34) - age  15:   14799808 bytes,   18783272 total
[2025-08-28T13:00:19.558+0000][1087812][info ][gc,heap     ] GC(34) Eden regions: 70->0(71)
[2025-08-28T13:00:19.558+0000][1087812][info ][gc,heap     ] GC(34) Survivor regions: 6->5(10)
[2025-08-28T13:00:19.558+0000][1087812][info ][gc,heap     ] GC(34) Old regions: 20->20
[2025-08-28T13:00:19.558+0000][1087812][info ][gc,heap     ] GC(34) Humongous regions: 0->0
[2025-08-28T13:00:19.558+0000][1087812][info ][gc,metaspace] GC(34) Metaspace: 138836K(142656K)->138836K(142656K) NonClass: 119952K(121984K)->119952K(121984K) Class: 18883K(20672K)->18883K(20672K)
[2025-08-28T13:00:19.558+0000][1087812][info ][gc          ] GC(34) Pause Young (Normal) (G1 Evacuation Pause) 379M->98M(512M) 5.929ms
[2025-08-28T13:00:19.558+0000][1087812][info ][gc,cpu      ] GC(34) User=0.01s Sys=0.03s Real=0.00s
[2025-08-28T13:00:19.558+0000][1087812][info ][safepoint   ] Safepoint "G1CollectForAllocation", Time since last: 837531348 ns, Reaching safepoint: 43705 ns, Cleanup: 13250 ns, At safepoint: 6073026 ns, Total: 6129981 ns
[2025-08-28T13:00:21.255+0000][1087812][info ][safepoint   ] Safepoint "Cleanup", Time since last: 1697330198 ns, Reaching safepoint: 17866 ns, Cleanup: 11087 ns, At safepoint: 3656 ns, Total: 32609 ns
[2025-08-28T13:00:21.422+0000][1087812][info ][gc,start    ] GC(35) Pause Young (Normal) (G1 Evacuation Pause)
[2025-08-28T13:00:21.422+0000][1087812][info ][gc,task     ] GC(35) Using 12 workers of 33 for evacuation
[2025-08-28T13:00:21.422+0000][1087812][debug][gc,age      ] GC(35) Desired survivor size 20971520 bytes, new threshold 15 (max threshold 15)
[2025-08-28T13:00:21.426+0000][1087812][info ][gc,phases   ] GC(35)   Pre Evacuate Collection Set: 0.1ms
[2025-08-28T13:00:21.426+0000][1087812][info ][gc,phases   ] GC(35)   Merge Heap Roots: 0.1ms
[2025-08-28T13:00:21.426+0000][1087812][info ][gc,phases   ] GC(35)   Evacuate Collection Set: 4.1ms
[2025-08-28T13:00:21.426+0000][1087812][info ][gc,phases   ] GC(35)   Post Evacuate Collection Set: 0.5ms
[2025-08-28T13:00:21.426+0000][1087812][info ][gc,phases   ] GC(35)   Other: 0.1ms
[2025-08-28T13:00:21.426+0000][1087812][trace][gc,age      ] GC(35) Age table with threshold 15 (max threshold 15)
[2025-08-28T13:00:21.426+0000][1087812][trace][gc,age      ] GC(35) - age   1:     967328 bytes,     967328 total
[2025-08-28T13:00:21.426+0000][1087812][trace][gc,age      ] GC(35) - age   2:       1336 bytes,     968664 total
[2025-08-28T13:00:21.426+0000][1087812][trace][gc,age      ] GC(35) - age   3:       1120 bytes,     969784 total
[2025-08-28T13:00:21.426+0000][1087812][trace][gc,age      ] GC(35) - age   4:       1472 bytes,     971256 total
[2025-08-28T13:00:21.426+0000][1087812][trace][gc,age      ] GC(35) - age   5:        456 bytes,     971712 total
[2025-08-28T13:00:21.426+0000][1087812][trace][gc,age      ] GC(35) - age   6:        680 bytes,     972392 total
[2025-08-28T13:00:21.426+0000][1087812][trace][gc,age      ] GC(35) - age   7:       1456 bytes,     973848 total
[2025-08-28T13:00:21.426+0000][1087812][trace][gc,age      ] GC(35) - age   8:        912 bytes,     974760 total
[2025-08-28T13:00:21.426+0000][1087812][trace][gc,age      ] GC(35) - age   9:       3944 bytes,     978704 total
[2025-08-28T13:00:21.426+0000][1087812][trace][gc,age      ] GC(35) - age  10:    2489872 bytes,    3468576 total
[2025-08-28T13:00:21.426+0000][1087812][trace][gc,age      ] GC(35) - age  11:     517784 bytes,    3986360 total
[2025-08-28T13:00:21.426+0000][1087812][trace][gc,age      ] GC(35) - age  12:       1064 bytes,    3987424 total
[2025-08-28T13:00:21.426+0000][1087812][trace][gc,age      ] GC(35) - age  13:       4072 bytes,    3991496 total
[2025-08-28T13:00:21.426+0000][1087812][trace][gc,age      ] GC(35) - age  14:       2688 bytes,    3994184 total
[2025-08-28T13:00:21.426+0000][1087812][trace][gc,age      ] GC(35) - age  15:       5888 bytes,    4000072 total
[2025-08-28T13:00:21.426+0000][1087812][info ][gc,heap     ] GC(35) Eden regions: 71->0(74)
[2025-08-28T13:00:21.426+0000][1087812][info ][gc,heap     ] GC(35) Survivor regions: 5->2(10)
[2025-08-28T13:00:21.426+0000][1087812][info ][gc,heap     ] GC(35) Old regions: 20->24
[2025-08-28T13:00:21.426+0000][1087812][info ][gc,heap     ] GC(35) Humongous regions: 0->0
[2025-08-28T13:00:21.426+0000][1087812][info ][gc,metaspace] GC(35) Metaspace: 138837K(142656K)->138837K(142656K) NonClass: 119954K(121984K)->119954K(121984K) Class: 18883K(20672K)->18883K(20672K)
[2025-08-28T13:00:21.426+0000][1087812][info ][gc          ] GC(35) Pause Young (Normal) (G1 Evacuation Pause) 382M->99M(512M) 5.000ms
[2025-08-28T13:00:21.427+0000][1087812][info ][gc,cpu      ] GC(35) User=0.04s Sys=0.01s Real=0.00s
[2025-08-28T13:00:21.427+0000][1087812][info ][safepoint   ] Safepoint "G1CollectForAllocation", Time since last: 165945247 ns, Reaching safepoint: 10446 ns, Cleanup: 2955 ns, At safepoint: 5070349 ns, Total: 5083750 ns
[2025-08-28T13:00:23.358+0000][1087812][info ][gc,start    ] GC(36) Pause Young (Normal) (G1 Evacuation Pause)
[2025-08-28T13:00:23.359+0000][1087812][info ][gc,task     ] GC(36) Using 12 workers of 33 for evacuation
[2025-08-28T13:00:23.359+0000][1087812][debug][gc,age      ] GC(36) Desired survivor size 20971520 bytes, new threshold 15 (max threshold 15)
[2025-08-28T13:00:23.362+0000][1087812][info ][gc,phases   ] GC(36)   Pre Evacuate Collection Set: 0.1ms
[2025-08-28T13:00:23.362+0000][1087812][info ][gc,phases   ] GC(36)   Merge Heap Roots: 0.1ms
[2025-08-28T13:00:23.362+0000][1087812][info ][gc,phases   ] GC(36)   Evacuate Collection Set: 2.6ms
[2025-08-28T13:00:23.362+0000][1087812][info ][gc,phases   ] GC(36)   Post Evacuate Collection Set: 0.5ms
[2025-08-28T13:00:23.362+0000][1087812][info ][gc,phases   ] GC(36)   Other: 0.1ms
[2025-08-28T13:00:23.362+0000][1087812][trace][gc,age      ] GC(36) Age table with threshold 15 (max threshold 15)
[2025-08-28T13:00:23.362+0000][1087812][trace][gc,age      ] GC(36) - age   1:     782600 bytes,     782600 total
[2025-08-28T13:00:23.362+0000][1087812][trace][gc,age      ] GC(36) - age   2:      13800 bytes,     796400 total
[2025-08-28T13:00:23.362+0000][1087812][trace][gc,age      ] GC(36) - age   3:       1336 bytes,     797736 total
[2025-08-28T13:00:23.362+0000][1087812][trace][gc,age      ] GC(36) - age   4:       1120 bytes,     798856 total
[2025-08-28T13:00:23.362+0000][1087812][trace][gc,age      ] GC(36) - age   5:       1472 bytes,     800328 total
[2025-08-28T13:00:23.362+0000][1087812][trace][gc,age      ] GC(36) - age   6:        456 bytes,     800784 total
[2025-08-28T13:00:23.362+0000][1087812][trace][gc,age      ] GC(36) - age   7:        680 bytes,     801464 total
[2025-08-28T13:00:23.362+0000][1087812][trace][gc,age      ] GC(36) - age   8:       1456 bytes,     802920 total
[2025-08-28T13:00:23.362+0000][1087812][trace][gc,age      ] GC(36) - age   9:        912 bytes,     803832 total
[2025-08-28T13:00:23.362+0000][1087812][trace][gc,age      ] GC(36) - age  10:       3944 bytes,     807776 total
[2025-08-28T13:00:23.362+0000][1087812][trace][gc,age      ] GC(36) - age  11:    2480840 bytes,    3288616 total
[2025-08-28T13:00:23.362+0000][1087812][trace][gc,age      ] GC(36) - age  12:     516072 bytes,    3804688 total
[2025-08-28T13:00:23.362+0000][1087812][trace][gc,age      ] GC(36) - age  13:       1064 bytes,    3805752 total
[2025-08-28T13:00:23.362+0000][1087812][trace][gc,age      ] GC(36) - age  14:       4072 bytes,    3809824 total
[2025-08-28T13:00:23.362+0000][1087812][trace][gc,age      ] GC(36) - age  15:       2688 bytes,    3812512 total
[2025-08-28T13:00:23.362+0000][1087812][info ][gc,heap     ] GC(36) Eden regions: 74->0(74)
[2025-08-28T13:00:23.362+0000][1087812][info ][gc,heap     ] GC(36) Survivor regions: 2->2(10)
[2025-08-28T13:00:23.362+0000][1087812][info ][gc,heap     ] GC(36) Old regions: 24->24
[2025-08-28T13:00:23.362+0000][1087812][info ][gc,heap     ] GC(36) Humongous regions: 0->0
[2025-08-28T13:00:23.362+0000][1087812][info ][gc,metaspace] GC(36) Metaspace: 139084K(142912K)->139084K(142912K) NonClass: 120151K(122176K)->120151K(122176K) Class: 18933K(20736K)->18933K(20736K)
[2025-08-28T13:00:23.362+0000][1087812][info ][gc          ] GC(36) Pause Young (Normal) (G1 Evacuation Pause) 395M->99M(512M) 3.475ms
[2025-08-28T13:00:23.362+0000][1087812][info ][gc,cpu      ] GC(36) User=0.01s Sys=0.00s Real=0.01s
[2025-08-28T13:00:23.362+0000][1087812][info ][safepoint   ] Safepoint "G1CollectForAllocation", Time since last: 1931309901 ns, Reaching safepoint: 580613 ns, Cleanup: 37897 ns, At safepoint: 3545277 ns, Total: 4163787 ns
[2025-08-28T13:00:25.276+0000][1087812][info ][gc,start    ] GC(37) Pause Young (Normal) (G1 Evacuation Pause)
[2025-08-28T13:00:25.276+0000][1087812][info ][gc,task     ] GC(37) Using 12 workers of 33 for evacuation
[2025-08-28T13:00:25.276+0000][1087812][debug][gc,age      ] GC(37) Desired survivor size 20971520 bytes, new threshold 15 (max threshold 15)
[2025-08-28T13:00:25.279+0000][1087812][info ][gc,phases   ] GC(37)   Pre Evacuate Collection Set: 0.2ms
[2025-08-28T13:00:25.279+0000][1087812][info ][gc,phases   ] GC(37)   Merge Heap Roots: 0.1ms
[2025-08-28T13:00:25.279+0000][1087812][info ][gc,phases   ] GC(37)   Evacuate Collection Set: 2.0ms
[2025-08-28T13:00:25.279+0000][1087812][info ][gc,phases   ] GC(37)   Post Evacuate Collection Set: 0.5ms
[2025-08-28T13:00:25.279+0000][1087812][info ][gc,phases   ] GC(37)   Other: 0.1ms
[2025-08-28T13:00:25.279+0000][1087812][trace][gc,age      ] GC(37) Age table with threshold 15 (max threshold 15)
[2025-08-28T13:00:25.279+0000][1087812][trace][gc,age      ] GC(37) - age   1:    1017512 bytes,    1017512 total
[2025-08-28T13:00:25.279+0000][1087812][trace][gc,age      ] GC(37) - age   2:      99120 bytes,    1116632 total
[2025-08-28T13:00:25.279+0000][1087812][trace][gc,age      ] GC(37) - age   3:        968 bytes,    1117600 total
[2025-08-28T13:00:25.279+0000][1087812][trace][gc,age      ] GC(37) - age   4:        624 bytes,    1118224 total
[2025-08-28T13:00:25.279+0000][1087812][trace][gc,age      ] GC(37) - age   5:        776 bytes,    1119000 total
[2025-08-28T13:00:25.279+0000][1087812][trace][gc,age      ] GC(37) - age   6:       1472 bytes,    1120472 total
[2025-08-28T13:00:25.279+0000][1087812][trace][gc,age      ] GC(37) - age   7:        456 bytes,    1120928 total
[2025-08-28T13:00:25.279+0000][1087812][trace][gc,age      ] GC(37) - age   8:        680 bytes,    1121608 total
[2025-08-28T13:00:25.279+0000][1087812][trace][gc,age      ] GC(37) - age   9:       1456 bytes,    1123064 total
[2025-08-28T13:00:25.279+0000][1087812][trace][gc,age      ] GC(37) - age  10:        912 bytes,    1123976 total
[2025-08-28T13:00:25.279+0000][1087812][trace][gc,age      ] GC(37) - age  11:       3944 bytes,    1127920 total
[2025-08-28T13:00:25.279+0000][1087812][trace][gc,age      ] GC(37) - age  12:    2480808 bytes,    3608728 total
[2025-08-28T13:00:25.279+0000][1087812][trace][gc,age      ] GC(37) - age  13:     516072 bytes,    4124800 total
[2025-08-28T13:00:25.279+0000][1087812][trace][gc,age      ] GC(37) - age  14:       1064 bytes,    4125864 total
[2025-08-28T13:00:25.279+0000][1087812][trace][gc,age      ] GC(37) - age  15:       4072 bytes,    4129936 total
[2025-08-28T13:00:25.279+0000][1087812][info ][gc,heap     ] GC(37) Eden regions: 74->0(74)
[2025-08-28T13:00:25.279+0000][1087812][info ][gc,heap     ] GC(37) Survivor regions: 2->2(10)
[2025-08-28T13:00:25.279+0000][1087812][info ][gc,heap     ] GC(37) Old regions: 24->24
[2025-08-28T13:00:25.279+0000][1087812][info ][gc,heap     ] GC(37) Humongous regions: 0->0
[2025-08-28T13:00:25.279+0000][1087812][info ][gc,metaspace] GC(37) Metaspace: 139085K(142912K)->139085K(142912K) NonClass: 120151K(122176K)->120151K(122176K) Class: 18933K(20736K)->18933K(20736K)
[2025-08-28T13:00:25.279+0000][1087812][info ][gc          ] GC(37) Pause Young (Normal) (G1 Evacuation Pause) 395M->99M(512M) 2.920ms
[2025-08-28T13:00:25.279+0000][1087812][info ][gc,cpu      ] GC(37) User=0.00s Sys=0.02s Real=0.00s
[2025-08-28T13:00:25.279+0000][1087812][info ][safepoint   ] Safepoint "G1CollectForAllocation", Time since last: 1913836995 ns, Reaching safepoint: 39329 ns, Cleanup: 16194 ns, At safepoint: 2984956 ns, Total: 3040479 ns
[2025-08-28T13:00:26.279+0000][1087812][info ][safepoint   ] Safepoint "Cleanup", Time since last: 1000077838 ns, Reaching safepoint: 11397 ns, Cleanup: 15053 ns, At safepoint: 2183 ns, Total: 28633 ns
[2025-08-28T13:00:27.228+0000][1087812][info ][gc,start    ] GC(38) Pause Young (Normal) (G1 Evacuation Pause)
[2025-08-28T13:00:27.228+0000][1087812][info ][gc,task     ] GC(38) Using 12 workers of 33 for evacuation
[2025-08-28T13:00:27.228+0000][1087812][debug][gc,age      ] GC(38) Desired survivor size 20971520 bytes, new threshold 15 (max threshold 15)
[2025-08-28T13:00:27.231+0000][1087812][info ][gc,phases   ] GC(38)   Pre Evacuate Collection Set: 0.2ms
[2025-08-28T13:00:27.231+0000][1087812][info ][gc,phases   ] GC(38)   Merge Heap Roots: 0.1ms
[2025-08-28T13:00:27.231+0000][1087812][info ][gc,phases   ] GC(38)   Evacuate Collection Set: 2.4ms
[2025-08-28T13:00:27.231+0000][1087812][info ][gc,phases   ] GC(38)   Post Evacuate Collection Set: 0.5ms
[2025-08-28T13:00:27.231+0000][1087812][info ][gc,phases   ] GC(38)   Other: 0.1ms
[2025-08-28T13:00:27.231+0000][1087812][trace][gc,age      ] GC(38) Age table with threshold 15 (max threshold 15)
[2025-08-28T13:00:27.231+0000][1087812][trace][gc,age      ] GC(38) - age   1:    1189416 bytes,    1189416 total
[2025-08-28T13:00:27.231+0000][1087812][trace][gc,age      ] GC(38) - age   2:      11504 bytes,    1200920 total
[2025-08-28T13:00:27.231+0000][1087812][trace][gc,age      ] GC(38) - age   3:      99120 bytes,    1300040 total
[2025-08-28T13:00:27.231+0000][1087812][trace][gc,age      ] GC(38) - age   4:        968 bytes,    1301008 total
[2025-08-28T13:00:27.231+0000][1087812][trace][gc,age      ] GC(38) - age   5:        624 bytes,    1301632 total
[2025-08-28T13:00:27.231+0000][1087812][trace][gc,age      ] GC(38) - age   6:        776 bytes,    1302408 total
[2025-08-28T13:00:27.231+0000][1087812][trace][gc,age      ] GC(38) - age   7:       1472 bytes,    1303880 total
[2025-08-28T13:00:27.231+0000][1087812][trace][gc,age      ] GC(38) - age   8:        456 bytes,    1304336 total
[2025-08-28T13:00:27.231+0000][1087812][trace][gc,age      ] GC(38) - age   9:        680 bytes,    1305016 total
[2025-08-28T13:00:27.231+0000][1087812][trace][gc,age      ] GC(38) - age  10:       1456 bytes,    1306472 total
[2025-08-28T13:00:27.231+0000][1087812][trace][gc,age      ] GC(38) - age  11:        912 bytes,    1307384 total
[2025-08-28T13:00:27.231+0000][1087812][trace][gc,age      ] GC(38) - age  12:       3944 bytes,    1311328 total
[2025-08-28T13:00:27.231+0000][1087812][trace][gc,age      ] GC(38) - age  13:    2480808 bytes,    3792136 total
[2025-08-28T13:00:27.231+0000][1087812][trace][gc,age      ] GC(38) - age  14:     516072 bytes,    4308208 total
[2025-08-28T13:00:27.231+0000][1087812][trace][gc,age      ] GC(38) - age  15:       1064 bytes,    4309272 total
[2025-08-28T13:00:27.231+0000][1087812][info ][gc,heap     ] GC(38) Eden regions: 74->0(74)
[2025-08-28T13:00:27.231+0000][1087812][info ][gc,heap     ] GC(38) Survivor regions: 2->2(10)
[2025-08-28T13:00:27.231+0000][1087812][info ][gc,heap     ] GC(38) Old regions: 24->24
[2025-08-28T13:00:27.231+0000][1087812][info ][gc,heap     ] GC(38) Humongous regions: 0->0
[2025-08-28T13:00:27.231+0000][1087812][info ][gc,metaspace] GC(38) Metaspace: 139087K(142912K)->139087K(142912K) NonClass: 120153K(122176K)->120153K(122176K) Class: 18933K(20736K)->18933K(20736K)
[2025-08-28T13:00:27.231+0000][1087812][info ][gc          ] GC(38) Pause Young (Normal) (G1 Evacuation Pause) 395M->100M(512M) 3.341ms
[2025-08-28T13:00:27.231+0000][1087812][info ][gc,cpu      ] GC(38) User=0.02s Sys=0.00s Real=0.01s
[2025-08-28T13:00:27.231+0000][1087812][info ][safepoint   ] Safepoint "G1CollectForAllocation", Time since last: 948666452 ns, Reaching safepoint: 18478 ns, Cleanup: 15313 ns, At safepoint: 3404646 ns, Total: 3438437 ns
[2025-08-28T13:00:28.231+0000][1087812][info ][safepoint   ] Safepoint "Cleanup", Time since last: 1000074032 ns, Reaching safepoint: 11037 ns, Cleanup: 14782 ns, At safepoint: 2023 ns, Total: 27842 ns
[2025-08-28T13:00:29.183+0000][1087812][info ][gc,start    ] GC(39) Pause Young (Normal) (G1 Evacuation Pause)
[2025-08-28T13:00:29.183+0000][1087812][info ][gc,task     ] GC(39) Using 12 workers of 33 for evacuation
[2025-08-28T13:00:29.183+0000][1087812][debug][gc,age      ] GC(39) Desired survivor size 20971520 bytes, new threshold 15 (max threshold 15)
[2025-08-28T13:00:29.185+0000][1087812][info ][gc,phases   ] GC(39)   Pre Evacuate Collection Set: 0.1ms
[2025-08-28T13:00:29.185+0000][1087812][info ][gc,phases   ] GC(39)   Merge Heap Roots: 0.1ms
[2025-08-28T13:00:29.185+0000][1087812][info ][gc,phases   ] GC(39)   Evacuate Collection Set: 1.9ms
[2025-08-28T13:00:29.185+0000][1087812][info ][gc,phases   ] GC(39)   Post Evacuate Collection Set: 0.4ms
[2025-08-28T13:00:29.185+0000][1087812][info ][gc,phases   ] GC(39)   Other: 0.0ms
[2025-08-28T13:00:29.185+0000][1087812][trace][gc,age      ] GC(39) Age table with threshold 15 (max threshold 15)
[2025-08-28T13:00:29.185+0000][1087812][trace][gc,age      ] GC(39) - age   1:    1147456 bytes,    1147456 total
[2025-08-28T13:00:29.185+0000][1087812][trace][gc,age      ] GC(39) - age   2:       3032 bytes,    1150488 total
[2025-08-28T13:00:29.185+0000][1087812][trace][gc,age      ] GC(39) - age   3:       1344 bytes,    1151832 total
[2025-08-28T13:00:29.185+0000][1087812][trace][gc,age      ] GC(39) - age   4:      99120 bytes,    1250952 total
[2025-08-28T13:00:29.185+0000][1087812][trace][gc,age      ] GC(39) - age   5:        968 bytes,    1251920 total
[2025-08-28T13:00:29.185+0000][1087812][trace][gc,age      ] GC(39) - age   6:        624 bytes,    1252544 total
[2025-08-28T13:00:29.185+0000][1087812][trace][gc,age      ] GC(39) - age   7:        776 bytes,    1253320 total
[2025-08-28T13:00:29.185+0000][1087812][trace][gc,age      ] GC(39) - age   8:       1472 bytes,    1254792 total
[2025-08-28T13:00:29.185+0000][1087812][trace][gc,age      ] GC(39) - age   9:        456 bytes,    1255248 total
[2025-08-28T13:00:29.185+0000][1087812][trace][gc,age      ] GC(39) - age  10:        680 bytes,    1255928 total
[2025-08-28T13:00:29.185+0000][1087812][trace][gc,age      ] GC(39) - age  11:       1456 bytes,    1257384 total
[2025-08-28T13:00:29.185+0000][1087812][trace][gc,age      ] GC(39) - age  12:        912 bytes,    1258296 total
[2025-08-28T13:00:29.185+0000][1087812][trace][gc,age      ] GC(39) - age  13:       3944 bytes,    1262240 total
[2025-08-28T13:00:29.185+0000][1087812][trace][gc,age      ] GC(39) - age  14:    2480808 bytes,    3743048 total
[2025-08-28T13:00:29.185+0000][1087812][trace][gc,age      ] GC(39) - age  15:     516072 bytes,    4259120 total
[2025-08-28T13:00:29.185+0000][1087812][info ][gc,heap     ] GC(39) Eden regions: 74->0(74)
[2025-08-28T13:00:29.185+0000][1087812][info ][gc,heap     ] GC(39) Survivor regions: 2->2(10)
[2025-08-28T13:00:29.185+0000][1087812][info ][gc,heap     ] GC(39) Old regions: 24->24
[2025-08-28T13:00:29.185+0000][1087812][info ][gc,heap     ] GC(39) Humongous regions: 0->0
[2025-08-28T13:00:29.185+0000][1087812][info ][gc,metaspace] GC(39) Metaspace: 139091K(142912K)->139091K(142912K) NonClass: 120157K(122176K)->120157K(122176K) Class: 18933K(20736K)->18933K(20736K)
[2025-08-28T13:00:29.185+0000][1087812][info ][gc          ] GC(39) Pause Young (Normal) (G1 Evacuation Pause) 396M->99M(512M) 2.692ms
[2025-08-28T13:00:29.185+0000][1087812][info ][gc,cpu      ] GC(39) User=0.01s Sys=0.00s Real=0.00s
[2025-08-28T13:00:29.185+0000][1087812][info ][safepoint   ] Safepoint "G1CollectForAllocation", Time since last: 951320470 ns, Reaching safepoint: 11267 ns, Cleanup: 11257 ns, At safepoint: 2762331 ns, Total: 2784855 ns
[2025-08-28T13:00:30.185+0000][1087812][info ][safepoint   ] Safepoint "Cleanup", Time since last: 1000071379 ns, Reaching safepoint: 38407 ns, Cleanup: 13921 ns, At safepoint: 2324 ns, Total: 54652 ns
[2025-08-28T13:00:31.143+0000][1087812][info ][gc,start    ] GC(40) Pause Young (Normal) (G1 Evacuation Pause)
[2025-08-28T13:00:31.143+0000][1087812][info ][gc,task     ] GC(40) Using 12 workers of 33 for evacuation
[2025-08-28T13:00:31.143+0000][1087812][debug][gc,age      ] GC(40) Desired survivor size 20971520 bytes, new threshold 15 (max threshold 15)
[2025-08-28T13:00:31.146+0000][1087812][info ][gc,phases   ] GC(40)   Pre Evacuate Collection Set: 0.1ms
[2025-08-28T13:00:31.146+0000][1087812][info ][gc,phases   ] GC(40)   Merge Heap Roots: 0.1ms
[2025-08-28T13:00:31.146+0000][1087812][info ][gc,phases   ] GC(40)   Evacuate Collection Set: 2.1ms
[2025-08-28T13:00:31.146+0000][1087812][info ][gc,phases   ] GC(40)   Post Evacuate Collection Set: 0.5ms
[2025-08-28T13:00:31.146+0000][1087812][info ][gc,phases   ] GC(40)   Other: 0.1ms
[2025-08-28T13:00:31.146+0000][1087812][trace][gc,age      ] GC(40) Age table with threshold 15 (max threshold 15)
[2025-08-28T13:00:31.146+0000][1087812][trace][gc,age      ] GC(40) - age   1:    1057856 bytes,    1057856 total
[2025-08-28T13:00:31.146+0000][1087812][trace][gc,age      ] GC(40) - age   2:      11144 bytes,    1069000 total
[2025-08-28T13:00:31.146+0000][1087812][trace][gc,age      ] GC(40) - age   3:        608 bytes,    1069608 total
[2025-08-28T13:00:31.146+0000][1087812][trace][gc,age      ] GC(40) - age   4:        632 bytes,    1070240 total
[2025-08-28T13:00:31.146+0000][1087812][trace][gc,age      ] GC(40) - age   5:      99120 bytes,    1169360 total
[2025-08-28T13:00:31.146+0000][1087812][trace][gc,age      ] GC(40) - age   6:        656 bytes,    1170016 total
[2025-08-28T13:00:31.146+0000][1087812][trace][gc,age      ] GC(40) - age   7:        624 bytes,    1170640 total
[2025-08-28T13:00:31.146+0000][1087812][trace][gc,age      ] GC(40) - age   8:        432 bytes,    1171072 total
[2025-08-28T13:00:31.146+0000][1087812][trace][gc,age      ] GC(40) - age   9:       1472 bytes,    1172544 total
[2025-08-28T13:00:31.146+0000][1087812][trace][gc,age      ] GC(40) - age  10:        456 bytes,    1173000 total
[2025-08-28T13:00:31.146+0000][1087812][trace][gc,age      ] GC(40) - age  11:        680 bytes,    1173680 total
[2025-08-28T13:00:31.146+0000][1087812][trace][gc,age      ] GC(40) - age  12:       1456 bytes,    1175136 total
[2025-08-28T13:00:31.146+0000][1087812][trace][gc,age      ] GC(40) - age  13:        912 bytes,    1176048 total
[2025-08-28T13:00:31.146+0000][1087812][trace][gc,age      ] GC(40) - age  14:       3896 bytes,    1179944 total
[2025-08-28T13:00:31.146+0000][1087812][trace][gc,age      ] GC(40) - age  15:    2480808 bytes,    3660752 total
[2025-08-28T13:00:31.146+0000][1087812][info ][gc,heap     ] GC(40) Eden regions: 74->0(74)
[2025-08-28T13:00:31.146+0000][1087812][info ][gc,heap     ] GC(40) Survivor regions: 2->2(10)
[2025-08-28T13:00:31.146+0000][1087812][info ][gc,heap     ] GC(40) Old regions: 24->24
[2025-08-28T13:00:31.146+0000][1087812][info ][gc,heap     ] GC(40) Humongous regions: 0->0
[2025-08-28T13:00:31.146+0000][1087812][info ][gc,metaspace] GC(40) Metaspace: 139094K(142912K)->139094K(142912K) NonClass: 120160K(122176K)->120160K(122176K) Class: 18933K(20736K)->18933K(20736K)
[2025-08-28T13:00:31.146+0000][1087812][info ][gc          ] GC(40) Pause Young (Normal) (G1 Evacuation Pause) 395M->99M(512M) 2.897ms
[2025-08-28T13:00:31.146+0000][1087812][info ][gc,cpu      ] GC(40) User=0.02s Sys=0.00s Real=0.00s
[2025-08-28T13:00:31.146+0000][1087812][info ][safepoint   ] Safepoint "G1CollectForAllocation", Time since last: 957766276 ns, Reaching safepoint: 11738 ns, Cleanup: 3165 ns, At safepoint: 2961049 ns, Total: 2975952 ns
[2025-08-28T13:00:33.106+0000][1087812][info ][gc,start    ] GC(41) Pause Young (Normal) (G1 Evacuation Pause)
[2025-08-28T13:00:33.106+0000][1087812][info ][gc,task     ] GC(41) Using 12 workers of 33 for evacuation
[2025-08-28T13:00:33.106+0000][1087812][debug][gc,age      ] GC(41) Desired survivor size 20971520 bytes, new threshold 15 (max threshold 15)
[2025-08-28T13:00:33.108+0000][1087812][info ][gc,phases   ] GC(41)   Pre Evacuate Collection Set: 0.1ms
[2025-08-28T13:00:33.108+0000][1087812][info ][gc,phases   ] GC(41)   Merge Heap Roots: 0.1ms
[2025-08-28T13:00:33.108+0000][1087812][info ][gc,phases   ] GC(41)   Evacuate Collection Set: 1.8ms
[2025-08-28T13:00:33.108+0000][1087812][info ][gc,phases   ] GC(41)   Post Evacuate Collection Set: 0.4ms
[2025-08-28T13:00:33.108+0000][1087812][info ][gc,phases   ] GC(41)   Other: 0.0ms
[2025-08-28T13:00:33.108+0000][1087812][trace][gc,age      ] GC(41) Age table with threshold 15 (max threshold 15)
[2025-08-28T13:00:33.108+0000][1087812][trace][gc,age      ] GC(41) - age   1:    1063128 bytes,    1063128 total
[2025-08-28T13:00:33.108+0000][1087812][trace][gc,age      ] GC(41) - age   2:       4672 bytes,    1067800 total
[2025-08-28T13:00:33.108+0000][1087812][trace][gc,age      ] GC(41) - age   3:      11144 bytes,    1078944 total
[2025-08-28T13:00:33.108+0000][1087812][trace][gc,age      ] GC(41) - age   4:        608 bytes,    1079552 total
[2025-08-28T13:00:33.108+0000][1087812][trace][gc,age      ] GC(41) - age   5:        632 bytes,    1080184 total
[2025-08-28T13:00:33.108+0000][1087812][trace][gc,age      ] GC(41) - age   6:      99088 bytes,    1179272 total
[2025-08-28T13:00:33.108+0000][1087812][trace][gc,age      ] GC(41) - age   7:        416 bytes,    1179688 total
[2025-08-28T13:00:33.108+0000][1087812][trace][gc,age      ] GC(41) - age   8:        624 bytes,    1180312 total
[2025-08-28T13:00:33.108+0000][1087812][trace][gc,age      ] GC(41) - age   9:        432 bytes,    1180744 total
[2025-08-28T13:00:33.108+0000][1087812][trace][gc,age      ] GC(41) - age  10:       1472 bytes,    1182216 total
[2025-08-28T13:00:33.108+0000][1087812][trace][gc,age      ] GC(41) - age  11:        456 bytes,    1182672 total
[2025-08-28T13:00:33.108+0000][1087812][trace][gc,age      ] GC(41) - age  12:        680 bytes,    1183352 total
[2025-08-28T13:00:33.108+0000][1087812][trace][gc,age      ] GC(41) - age  13:       1456 bytes,    1184808 total
[2025-08-28T13:00:33.108+0000][1087812][trace][gc,age      ] GC(41) - age  14:        912 bytes,    1185720 total
[2025-08-28T13:00:33.108+0000][1087812][trace][gc,age      ] GC(41) - age  15:       3896 bytes,    1189616 total
[2025-08-28T13:00:33.108+0000][1087812][info ][gc,heap     ] GC(41) Eden regions: 74->0(75)
[2025-08-28T13:00:33.108+0000][1087812][info ][gc,heap     ] GC(41) Survivor regions: 2->1(10)
[2025-08-28T13:00:33.108+0000][1087812][info ][gc,heap     ] GC(41) Old regions: 24->25
[2025-08-28T13:00:33.108+0000][1087812][info ][gc,heap     ] GC(41) Humongous regions: 0->0
[2025-08-28T13:00:33.108+0000][1087812][info ][gc,metaspace] GC(41) Metaspace: 139094K(142912K)->139094K(142912K) NonClass: 120161K(122176K)->120161K(122176K) Class: 18933K(20736K)->18933K(20736K)
[2025-08-28T13:00:33.108+0000][1087812][info ][gc          ] GC(41) Pause Young (Normal) (G1 Evacuation Pause) 395M->99M(512M) 2.521ms
[2025-08-28T13:00:33.108+0000][1087812][info ][gc,cpu      ] GC(41) User=0.02s Sys=0.00s Real=0.00s
[2025-08-28T13:00:33.108+0000][1087812][info ][safepoint   ] Safepoint "G1CollectForAllocation", Time since last: 1959647104 ns, Reaching safepoint: 11417 ns, Cleanup: 3566 ns, At safepoint: 2586627 ns, Total: 2601610 ns
[2025-08-28T13:00:34.643+0000][1087812][info ][safepoint   ] Safepoint "Cleanup", Time since last: 1534063154 ns, Reaching safepoint: 43806 ns, Cleanup: 31116 ns, At safepoint: 4087 ns, Total: 79009 ns
[2025-08-28T13:00:35.081+0000][1087812][info ][gc,start    ] GC(42) Pause Young (Normal) (G1 Evacuation Pause)
[2025-08-28T13:00:35.081+0000][1087812][info ][gc,task     ] GC(42) Using 12 workers of 33 for evacuation
[2025-08-28T13:00:35.081+0000][1087812][debug][gc,age      ] GC(42) Desired survivor size 20971520 bytes, new threshold 15 (max threshold 15)
[2025-08-28T13:00:35.083+0000][1087812][info ][gc,phases   ] GC(42)   Pre Evacuate Collection Set: 0.1ms
[2025-08-28T13:00:35.083+0000][1087812][info ][gc,phases   ] GC(42)   Merge Heap Roots: 0.1ms
[2025-08-28T13:00:35.083+0000][1087812][info ][gc,phases   ] GC(42)   Evacuate Collection Set: 1.6ms
[2025-08-28T13:00:35.083+0000][1087812][info ][gc,phases   ] GC(42)   Post Evacuate Collection Set: 0.4ms
[2025-08-28T13:00:35.083+0000][1087812][info ][gc,phases   ] GC(42)   Other: 0.1ms
[2025-08-28T13:00:35.083+0000][1087812][trace][gc,age      ] GC(42) Age table with threshold 15 (max threshold 15)
[2025-08-28T13:00:35.083+0000][1087812][trace][gc,age      ] GC(42) - age   1:     871440 bytes,     871440 total
[2025-08-28T13:00:35.083+0000][1087812][trace][gc,age      ] GC(42) - age   2:       9912 bytes,     881352 total
[2025-08-28T13:00:35.083+0000][1087812][trace][gc,age      ] GC(42) - age   3:       3960 bytes,     885312 total
[2025-08-28T13:00:35.083+0000][1087812][trace][gc,age      ] GC(42) - age   4:      10832 bytes,     896144 total
[2025-08-28T13:00:35.083+0000][1087812][trace][gc,age      ] GC(42) - age   5:        608 bytes,     896752 total
[2025-08-28T13:00:35.083+0000][1087812][trace][gc,age      ] GC(42) - age   6:        632 bytes,     897384 total
[2025-08-28T13:00:35.083+0000][1087812][trace][gc,age      ] GC(42) - age   7:      99088 bytes,     996472 total
[2025-08-28T13:00:35.083+0000][1087812][trace][gc,age      ] GC(42) - age   8:        416 bytes,     996888 total
[2025-08-28T13:00:35.083+0000][1087812][trace][gc,age      ] GC(42) - age   9:        624 bytes,     997512 total
[2025-08-28T13:00:35.083+0000][1087812][trace][gc,age      ] GC(42) - age  10:        432 bytes,     997944 total
[2025-08-28T13:00:35.083+0000][1087812][trace][gc,age      ] GC(42) - age  11:       1472 bytes,     999416 total
[2025-08-28T13:00:35.083+0000][1087812][trace][gc,age      ] GC(42) - age  12:        456 bytes,     999872 total
[2025-08-28T13:00:35.083+0000][1087812][trace][gc,age      ] GC(42) - age  13:        680 bytes,    1000552 total
[2025-08-28T13:00:35.083+0000][1087812][trace][gc,age      ] GC(42) - age  14:       1456 bytes,    1002008 total
[2025-08-28T13:00:35.083+0000][1087812][trace][gc,age      ] GC(42) - age  15:        912 bytes,    1002920 total
[2025-08-28T13:00:35.083+0000][1087812][info ][gc,heap     ] GC(42) Eden regions: 75->0(75)
[2025-08-28T13:00:35.083+0000][1087812][info ][gc,heap     ] GC(42) Survivor regions: 1->1(10)
[2025-08-28T13:00:35.083+0000][1087812][info ][gc,heap     ] GC(42) Old regions: 25->25
[2025-08-28T13:00:35.083+0000][1087812][info ][gc,heap     ] GC(42) Humongous regions: 0->0
[2025-08-28T13:00:35.083+0000][1087812][info ][gc,metaspace] GC(42) Metaspace: 139095K(142912K)->139095K(142912K) NonClass: 120161K(122176K)->120161K(122176K) Class: 18933K(20736K)->18933K(20736K)
[2025-08-28T13:00:35.083+0000][1087812][info ][gc          ] GC(42) Pause Young (Normal) (G1 Evacuation Pause) 399M->99M(512M) 2.341ms
[2025-08-28T13:00:35.083+0000][1087812][info ][gc,cpu      ] GC(42) User=0.01s Sys=0.00s Real=0.00s
[2025-08-28T13:00:35.083+0000][1087812][info ][safepoint   ] Safepoint "G1CollectForAllocation", Time since last: 438058114 ns, Reaching safepoint: 11327 ns, Cleanup: 3275 ns, At safepoint: 2407718 ns, Total: 2422320 ns
[2025-08-28T13:00:37.056+0000][1087812][info ][gc,start    ] GC(43) Pause Young (Normal) (G1 Evacuation Pause)
[2025-08-28T13:00:37.056+0000][1087812][info ][gc,task     ] GC(43) Using 12 workers of 33 for evacuation
[2025-08-28T13:00:37.056+0000][1087812][debug][gc,age      ] GC(43) Desired survivor size 20971520 bytes, new threshold 15 (max threshold 15)
[2025-08-28T13:00:37.058+0000][1087812][info ][gc,phases   ] GC(43)   Pre Evacuate Collection Set: 0.1ms
[2025-08-28T13:00:37.058+0000][1087812][info ][gc,phases   ] GC(43)   Merge Heap Roots: 0.1ms
[2025-08-28T13:00:37.058+0000][1087812][info ][gc,phases   ] GC(43)   Evacuate Collection Set: 1.9ms
[2025-08-28T13:00:37.058+0000][1087812][info ][gc,phases   ] GC(43)   Post Evacuate Collection Set: 0.4ms
[2025-08-28T13:00:37.058+0000][1087812][info ][gc,phases   ] GC(43)   Other: 0.0ms
[2025-08-28T13:00:37.058+0000][1087812][trace][gc,age      ] GC(43) Age table with threshold 15 (max threshold 15)
[2025-08-28T13:00:37.058+0000][1087812][trace][gc,age      ] GC(43) - age   1:    1086648 bytes,    1086648 total
[2025-08-28T13:00:37.058+0000][1087812][trace][gc,age      ] GC(43) - age   2:        712 bytes,    1087360 total
[2025-08-28T13:00:37.058+0000][1087812][trace][gc,age      ] GC(43) - age   3:       9912 bytes,    1097272 total
[2025-08-28T13:00:37.058+0000][1087812][trace][gc,age      ] GC(43) - age   4:       3960 bytes,    1101232 total
[2025-08-28T13:00:37.058+0000][1087812][trace][gc,age      ] GC(43) - age   5:        672 bytes,    1101904 total
[2025-08-28T13:00:37.058+0000][1087812][trace][gc,age      ] GC(43) - age   6:        608 bytes,    1102512 total
[2025-08-28T13:00:37.058+0000][1087812][trace][gc,age      ] GC(43) - age   7:        632 bytes,    1103144 total
[2025-08-28T13:00:37.058+0000][1087812][trace][gc,age      ] GC(43) - age   8:      99088 bytes,    1202232 total
[2025-08-28T13:00:37.058+0000][1087812][trace][gc,age      ] GC(43) - age   9:        416 bytes,    1202648 total
[2025-08-28T13:00:37.058+0000][1087812][trace][gc,age      ] GC(43) - age  10:        624 bytes,    1203272 total
[2025-08-28T13:00:37.058+0000][1087812][trace][gc,age      ] GC(43) - age  11:        432 bytes,    1203704 total
[2025-08-28T13:00:37.058+0000][1087812][trace][gc,age      ] GC(43) - age  12:       1472 bytes,    1205176 total
[2025-08-28T13:00:37.059+0000][1087812][trace][gc,age      ] GC(43) - age  13:        456 bytes,    1205632 total
[2025-08-28T13:00:37.059+0000][1087812][trace][gc,age      ] GC(43) - age  14:        680 bytes,    1206312 total
[2025-08-28T13:00:37.059+0000][1087812][trace][gc,age      ] GC(43) - age  15:       1456 bytes,    1207768 total
[2025-08-28T13:00:37.059+0000][1087812][info ][gc,heap     ] GC(43) Eden regions: 75->0(75)
[2025-08-28T13:00:37.059+0000][1087812][info ][gc,heap     ] GC(43) Survivor regions: 1->1(10)
[2025-08-28T13:00:37.059+0000][1087812][info ][gc,heap     ] GC(43) Old regions: 25->25
[2025-08-28T13:00:37.059+0000][1087812][info ][gc,heap     ] GC(43) Humongous regions: 0->0
[2025-08-28T13:00:37.059+0000][1087812][info ][gc,metaspace] GC(43) Metaspace: 139096K(142912K)->139096K(142912K) NonClass: 120162K(122176K)->120162K(122176K) Class: 18933K(20736K)->18933K(20736K)
[2025-08-28T13:00:37.059+0000][1087812][info ][gc          ] GC(43) Pause Young (Normal) (G1 Evacuation Pause) 399M->99M(512M) 2.631ms
[2025-08-28T13:00:37.059+0000][1087812][info ][gc,cpu      ] GC(43) User=0.01s Sys=0.00s Real=0.00s
[2025-08-28T13:00:37.059+0000][1087812][info ][safepoint   ] Safepoint "G1CollectForAllocation", Time since last: 1972808041 ns, Reaching safepoint: 11277 ns, Cleanup: 3506 ns, At safepoint: 2699707 ns, Total: 2714490 ns
[2025-08-28T13:00:39.037+0000][1087812][info ][gc,start    ] GC(44) Pause Young (Normal) (G1 Evacuation Pause)
[2025-08-28T13:00:39.037+0000][1087812][info ][gc,task     ] GC(44) Using 12 workers of 33 for evacuation
[2025-08-28T13:00:39.037+0000][1087812][debug][gc,age      ] GC(44) Desired survivor size 20971520 bytes, new threshold 15 (max threshold 15)
[2025-08-28T13:00:39.040+0000][1087812][info ][gc,phases   ] GC(44)   Pre Evacuate Collection Set: 0.1ms
[2025-08-28T13:00:39.040+0000][1087812][info ][gc,phases   ] GC(44)   Merge Heap Roots: 0.0ms
[2025-08-28T13:00:39.040+0000][1087812][info ][gc,phases   ] GC(44)   Evacuate Collection Set: 1.8ms
[2025-08-28T13:00:39.040+0000][1087812][info ][gc,phases   ] GC(44)   Post Evacuate Collection Set: 0.5ms
[2025-08-28T13:00:39.040+0000][1087812][info ][gc,phases   ] GC(44)   Other: 0.1ms
[2025-08-28T13:00:39.040+0000][1087812][trace][gc,age      ] GC(44) Age table with threshold 15 (max threshold 15)
[2025-08-28T13:00:39.040+0000][1087812][trace][gc,age      ] GC(44) - age   1:    1006096 bytes,    1006096 total
[2025-08-28T13:00:39.040+0000][1087812][trace][gc,age      ] GC(44) - age   2:      10856 bytes,    1016952 total
[2025-08-28T13:00:39.040+0000][1087812][trace][gc,age      ] GC(44) - age   3:        712 bytes,    1017664 total
[2025-08-28T13:00:39.040+0000][1087812][trace][gc,age      ] GC(44) - age   4:       9912 bytes,    1027576 total
[2025-08-28T13:00:39.040+0000][1087812][trace][gc,age      ] GC(44) - age   5:       1240 bytes,    1028816 total
[2025-08-28T13:00:39.040+0000][1087812][trace][gc,age      ] GC(44) - age   6:        672 bytes,    1029488 total
[2025-08-28T13:00:39.040+0000][1087812][trace][gc,age      ] GC(44) - age   7:        608 bytes,    1030096 total
[2025-08-28T13:00:39.040+0000][1087812][trace][gc,age      ] GC(44) - age   8:        632 bytes,    1030728 total
[2025-08-28T13:00:39.040+0000][1087812][trace][gc,age      ] GC(44) - age   9:      99088 bytes,    1129816 total
[2025-08-28T13:00:39.040+0000][1087812][trace][gc,age      ] GC(44) - age  10:        416 bytes,    1130232 total
[2025-08-28T13:00:39.040+0000][1087812][trace][gc,age      ] GC(44) - age  11:        624 bytes,    1130856 total
[2025-08-28T13:00:39.040+0000][1087812][trace][gc,age      ] GC(44) - age  12:        432 bytes,    1131288 total
[2025-08-28T13:00:39.040+0000][1087812][trace][gc,age      ] GC(44) - age  13:       1472 bytes,    1132760 total
[2025-08-28T13:00:39.040+0000][1087812][trace][gc,age      ] GC(44) - age  14:        456 bytes,    1133216 total
[2025-08-28T13:00:39.040+0000][1087812][trace][gc,age      ] GC(44) - age  15:        680 bytes,    1133896 total
[2025-08-28T13:00:39.040+0000][1087812][info ][gc,heap     ] GC(44) Eden regions: 75->0(75)
[2025-08-28T13:00:39.040+0000][1087812][info ][gc,heap     ] GC(44) Survivor regions: 1->1(10)
[2025-08-28T13:00:39.040+0000][1087812][info ][gc,heap     ] GC(44) Old regions: 25->25
[2025-08-28T13:00:39.040+0000][1087812][info ][gc,heap     ] GC(44) Humongous regions: 0->0
[2025-08-28T13:00:39.040+0000][1087812][info ][gc,metaspace] GC(44) Metaspace: 139098K(142912K)->139098K(142912K) NonClass: 120164K(122176K)->120164K(122176K) Class: 18933K(20736K)->18933K(20736K)
[2025-08-28T13:00:39.040+0000][1087812][info ][gc          ] GC(44) Pause Young (Normal) (G1 Evacuation Pause) 399M->99M(512M) 2.684ms
[2025-08-28T13:00:39.040+0000][1087812][info ][gc,cpu      ] GC(44) User=0.01s Sys=0.00s Real=0.00s
[2025-08-28T13:00:39.040+0000][1087812][info ][safepoint   ] Safepoint "G1CollectForAllocation", Time since last: 1978492513 ns, Reaching safepoint: 11487 ns, Cleanup: 3555 ns, At safepoint: 2808190 ns, Total: 2823232 ns
[2025-08-28T13:00:41.011+0000][1087812][info ][gc,start    ] GC(45) Pause Young (Normal) (G1 Evacuation Pause)
[2025-08-28T13:00:41.011+0000][1087812][info ][gc,task     ] GC(45) Using 12 workers of 33 for evacuation
[2025-08-28T13:00:41.011+0000][1087812][debug][gc,age      ] GC(45) Desired survivor size 20971520 bytes, new threshold 15 (max threshold 15)
[2025-08-28T13:00:41.014+0000][1087812][info ][gc,phases   ] GC(45)   Pre Evacuate Collection Set: 0.2ms
[2025-08-28T13:00:41.014+0000][1087812][info ][gc,phases   ] GC(45)   Merge Heap Roots: 0.1ms
[2025-08-28T13:00:41.014+0000][1087812][info ][gc,phases   ] GC(45)   Evacuate Collection Set: 1.8ms
[2025-08-28T13:00:41.014+0000][1087812][info ][gc,phases   ] GC(45)   Post Evacuate Collection Set: 0.5ms
[2025-08-28T13:00:41.014+0000][1087812][info ][gc,phases   ] GC(45)   Other: 0.1ms
[2025-08-28T13:00:41.014+0000][1087812][trace][gc,age      ] GC(45) Age table with threshold 15 (max threshold 15)
[2025-08-28T13:00:41.014+0000][1087812][trace][gc,age      ] GC(45) - age   1:    1077832 bytes,    1077832 total
[2025-08-28T13:00:41.014+0000][1087812][trace][gc,age      ] GC(45) - age   2:       2720 bytes,    1080552 total
[2025-08-28T13:00:41.014+0000][1087812][trace][gc,age      ] GC(45) - age   3:      10544 bytes,    1091096 total
[2025-08-28T13:00:41.014+0000][1087812][trace][gc,age      ] GC(45) - age   5:       9912 bytes,    1101008 total
[2025-08-28T13:00:41.014+0000][1087812][trace][gc,age      ] GC(45) - age   6:       1240 bytes,    1102248 total
[2025-08-28T13:00:41.014+0000][1087812][trace][gc,age      ] GC(45) - age   7:        672 bytes,    1102920 total
[2025-08-28T13:00:41.014+0000][1087812][trace][gc,age      ] GC(45) - age   8:        608 bytes,    1103528 total
[2025-08-28T13:00:41.014+0000][1087812][trace][gc,age      ] GC(45) - age   9:        632 bytes,    1104160 total
[2025-08-28T13:00:41.014+0000][1087812][trace][gc,age      ] GC(45) - age  10:      99088 bytes,    1203248 total
[2025-08-28T13:00:41.014+0000][1087812][trace][gc,age      ] GC(45) - age  11:        192 bytes,    1203440 total
[2025-08-28T13:00:41.014+0000][1087812][trace][gc,age      ] GC(45) - age  12:        624 bytes,    1204064 total
[2025-08-28T13:00:41.014+0000][1087812][trace][gc,age      ] GC(45) - age  13:        432 bytes,    1204496 total
[2025-08-28T13:00:41.014+0000][1087812][trace][gc,age      ] GC(45) - age  14:       1472 bytes,    1205968 total
[2025-08-28T13:00:41.014+0000][1087812][trace][gc,age      ] GC(45) - age  15:        456 bytes,    1206424 total
[2025-08-28T13:00:41.014+0000][1087812][info ][gc,heap     ] GC(45) Eden regions: 75->0(75)
[2025-08-28T13:00:41.014+0000][1087812][info ][gc,heap     ] GC(45) Survivor regions: 1->1(10)
[2025-08-28T13:00:41.014+0000][1087812][info ][gc,heap     ] GC(45) Old regions: 25->25
[2025-08-28T13:00:41.014+0000][1087812][info ][gc,heap     ] GC(45) Humongous regions: 0->0
[2025-08-28T13:00:41.014+0000][1087812][info ][gc,metaspace] GC(45) Metaspace: 139098K(142912K)->139098K(142912K) NonClass: 120165K(122176K)->120165K(122176K) Class: 18933K(20736K)->18933K(20736K)
[2025-08-28T13:00:41.014+0000][1087812][info ][gc          ] GC(45) Pause Young (Normal) (G1 Evacuation Pause) 399M->99M(512M) 2.748ms
[2025-08-28T13:00:41.014+0000][1087812][info ][gc,cpu      ] GC(45) User=0.01s Sys=0.00s Real=0.00s
[2025-08-28T13:00:41.014+0000][1087812][info ][safepoint   ] Safepoint "G1CollectForAllocation", Time since last: 1971342599 ns, Reaching safepoint: 18228 ns, Cleanup: 23405 ns, At safepoint: 2851685 ns, Total: 2893318 ns
[2025-08-28T13:00:42.014+0000][1087812][info ][safepoint   ] Safepoint "Cleanup", Time since last: 1000122906 ns, Reaching safepoint: 18247 ns, Cleanup: 63326 ns, At safepoint: 8232 ns, Total: 89805 ns
[2025-08-28T13:00:42.999+0000][1087812][info ][gc,start    ] GC(46) Pause Young (Normal) (G1 Evacuation Pause)
[2025-08-28T13:00:43.000+0000][1087812][info ][gc,task     ] GC(46) Using 12 workers of 33 for evacuation
[2025-08-28T13:00:43.000+0000][1087812][debug][gc,age      ] GC(46) Desired survivor size 20971520 bytes, new threshold 15 (max threshold 15)
[2025-08-28T13:00:43.002+0000][1087812][info ][gc,phases   ] GC(46)   Pre Evacuate Collection Set: 0.1ms
[2025-08-28T13:00:43.002+0000][1087812][info ][gc,phases   ] GC(46)   Merge Heap Roots: 0.1ms
[2025-08-28T13:00:43.002+0000][1087812][info ][gc,phases   ] GC(46)   Evacuate Collection Set: 1.7ms
[2025-08-28T13:00:43.002+0000][1087812][info ][gc,phases   ] GC(46)   Post Evacuate Collection Set: 0.4ms
[2025-08-28T13:00:43.002+0000][1087812][info ][gc,phases   ] GC(46)   Other: 0.1ms
[2025-08-28T13:00:43.002+0000][1087812][trace][gc,age      ] GC(46) Age table with threshold 15 (max threshold 15)
[2025-08-28T13:00:43.002+0000][1087812][trace][gc,age      ] GC(46) - age   1:     557616 bytes,     557616 total
[2025-08-28T13:00:43.002+0000][1087812][trace][gc,age      ] GC(46) - age   2:       2176 bytes,     559792 total
[2025-08-28T13:00:43.002+0000][1087812][trace][gc,age      ] GC(46) - age   3:       2720 bytes,     562512 total
[2025-08-28T13:00:43.002+0000][1087812][trace][gc,age      ] GC(46) - age   4:      10544 bytes,     573056 total
[2025-08-28T13:00:43.002+0000][1087812][trace][gc,age      ] GC(46) - age   6:       9672 bytes,     582728 total
[2025-08-28T13:00:43.002+0000][1087812][trace][gc,age      ] GC(46) - age   7:       1240 bytes,     583968 total
[2025-08-28T13:00:43.002+0000][1087812][trace][gc,age      ] GC(46) - age   8:        672 bytes,     584640 total
[2025-08-28T13:00:43.002+0000][1087812][trace][gc,age      ] GC(46) - age   9:        608 bytes,     585248 total
[2025-08-28T13:00:43.002+0000][1087812][trace][gc,age      ] GC(46) - age  10:        632 bytes,     585880 total
[2025-08-28T13:00:43.002+0000][1087812][trace][gc,age      ] GC(46) - age  11:      99088 bytes,     684968 total
[2025-08-28T13:00:43.002+0000][1087812][trace][gc,age      ] GC(46) - age  12:        192 bytes,     685160 total
[2025-08-28T13:00:43.002+0000][1087812][trace][gc,age      ] GC(46) - age  13:        624 bytes,     685784 total
[2025-08-28T13:00:43.002+0000][1087812][trace][gc,age      ] GC(46) - age  14:        432 bytes,     686216 total
[2025-08-28T13:00:43.002+0000][1087812][trace][gc,age      ] GC(46) - age  15:       1472 bytes,     687688 total
[2025-08-28T13:00:43.002+0000][1087812][info ][gc,heap     ] GC(46) Eden regions: 75->0(75)
[2025-08-28T13:00:43.002+0000][1087812][info ][gc,heap     ] GC(46) Survivor regions: 1->1(10)
[2025-08-28T13:00:43.002+0000][1087812][info ][gc,heap     ] GC(46) Old regions: 25->25
[2025-08-28T13:00:43.002+0000][1087812][info ][gc,heap     ] GC(46) Humongous regions: 0->0
[2025-08-28T13:00:43.002+0000][1087812][info ][gc,metaspace] GC(46) Metaspace: 139099K(142912K)->139099K(142912K) NonClass: 120166K(122176K)->120166K(122176K) Class: 18933K(20736K)->18933K(20736K)
[2025-08-28T13:00:43.002+0000][1087812][info ][gc          ] GC(46) Pause Young (Normal) (G1 Evacuation Pause) 399M->99M(512M) 2.934ms
[2025-08-28T13:00:43.002+0000][1087812][info ][gc,cpu      ] GC(46) User=0.01s Sys=0.00s Real=0.01s
[2025-08-28T13:00:43.002+0000][1087812][info ][safepoint   ] Safepoint "G1CollectForAllocation", Time since last: 985038969 ns, Reaching safepoint: 11768 ns, Cleanup: 11637 ns, At safepoint: 3008772 ns, Total: 3032177 ns
[2025-08-28T13:00:44.945+0000][1087812][info ][gc,start    ] GC(47) Pause Young (Normal) (G1 Evacuation Pause)
[2025-08-28T13:00:44.945+0000][1087812][info ][gc,task     ] GC(47) Using 12 workers of 33 for evacuation
[2025-08-28T13:00:44.945+0000][1087812][debug][gc,age      ] GC(47) Desired survivor size 20971520 bytes, new threshold 15 (max threshold 15)
[2025-08-28T13:00:44.948+0000][1087812][info ][gc,phases   ] GC(47)   Pre Evacuate Collection Set: 0.1ms
[2025-08-28T13:00:44.948+0000][1087812][info ][gc,phases   ] GC(47)   Merge Heap Roots: 0.1ms
[2025-08-28T13:00:44.948+0000][1087812][info ][gc,phases   ] GC(47)   Evacuate Collection Set: 2.1ms
[2025-08-28T13:00:44.948+0000][1087812][info ][gc,phases   ] GC(47)   Post Evacuate Collection Set: 0.4ms
[2025-08-28T13:00:44.948+0000][1087812][info ][gc,phases   ] GC(47)   Other: 0.1ms
[2025-08-28T13:00:44.948+0000][1087812][trace][gc,age      ] GC(47) Age table with threshold 15 (max threshold 15)
[2025-08-28T13:00:44.948+0000][1087812][trace][gc,age      ] GC(47) - age   1:    1245344 bytes,    1245344 total
[2025-08-28T13:00:44.948+0000][1087812][trace][gc,age      ] GC(47) - age   2:       1224 bytes,    1246568 total
[2025-08-28T13:00:44.948+0000][1087812][trace][gc,age      ] GC(47) - age   3:       1464 bytes,    1248032 total
[2025-08-28T13:00:44.948+0000][1087812][trace][gc,age      ] GC(47) - age   4:        248 bytes,    1248280 total
[2025-08-28T13:00:44.948+0000][1087812][trace][gc,age      ] GC(47) - age   5:      10544 bytes,    1258824 total
[2025-08-28T13:00:44.948+0000][1087812][trace][gc,age      ] GC(47) - age   7:       9672 bytes,    1268496 total
[2025-08-28T13:00:44.948+0000][1087812][trace][gc,age      ] GC(47) - age   8:       1240 bytes,    1269736 total
[2025-08-28T13:00:44.948+0000][1087812][trace][gc,age      ] GC(47) - age   9:        672 bytes,    1270408 total
[2025-08-28T13:00:44.948+0000][1087812][trace][gc,age      ] GC(47) - age  10:        608 bytes,    1271016 total
[2025-08-28T13:00:44.948+0000][1087812][trace][gc,age      ] GC(47) - age  11:        632 bytes,    1271648 total
[2025-08-28T13:00:44.948+0000][1087812][trace][gc,age      ] GC(47) - age  12:      99088 bytes,    1370736 total
[2025-08-28T13:00:44.948+0000][1087812][trace][gc,age      ] GC(47) - age  13:        192 bytes,    1370928 total
[2025-08-28T13:00:44.948+0000][1087812][trace][gc,age      ] GC(47) - age  14:        624 bytes,    1371552 total
[2025-08-28T13:00:44.948+0000][1087812][trace][gc,age      ] GC(47) - age  15:        432 bytes,    1371984 total
[2025-08-28T13:00:44.948+0000][1087812][info ][gc,heap     ] GC(47) Eden regions: 75->0(75)
[2025-08-28T13:00:44.948+0000][1087812][info ][gc,heap     ] GC(47) Survivor regions: 1->1(10)
[2025-08-28T13:00:44.948+0000][1087812][info ][gc,heap     ] GC(47) Old regions: 25->25
[2025-08-28T13:00:44.948+0000][1087812][info ][gc,heap     ] GC(47) Humongous regions: 0->0
[2025-08-28T13:00:44.948+0000][1087812][info ][gc,metaspace] GC(47) Metaspace: 139100K(142912K)->139100K(142912K) NonClass: 120167K(122176K)->120167K(122176K) Class: 18933K(20736K)->18933K(20736K)
[2025-08-28T13:00:44.948+0000][1087812][info ][gc          ] GC(47) Pause Young (Normal) (G1 Evacuation Pause) 399M->100M(512M) 2.931ms
[2025-08-28T13:00:44.948+0000][1087812][info ][gc,cpu      ] GC(47) User=0.01s Sys=0.00s Real=0.00s
[2025-08-28T13:00:44.948+0000][1087812][info ][safepoint   ] Safepoint "G1CollectForAllocation", Time since last: 1942695821 ns, Reaching safepoint: 190796 ns, Cleanup: 9605 ns, At safepoint: 2997464 ns, Total: 3197865 ns
[2025-08-28T13:00:46.884+0000][1087812][info ][gc,start    ] GC(48) Pause Young (Normal) (G1 Evacuation Pause)
[2025-08-28T13:00:46.884+0000][1087812][info ][gc,task     ] GC(48) Using 12 workers of 33 for evacuation
[2025-08-28T13:00:46.884+0000][1087812][debug][gc,age      ] GC(48) Desired survivor size 20971520 bytes, new threshold 15 (max threshold 15)
[2025-08-28T13:00:46.886+0000][1087812][info ][gc,phases   ] GC(48)   Pre Evacuate Collection Set: 0.2ms
[2025-08-28T13:00:46.886+0000][1087812][info ][gc,phases   ] GC(48)   Merge Heap Roots: 0.1ms
[2025-08-28T13:00:46.886+0000][1087812][info ][gc,phases   ] GC(48)   Evacuate Collection Set: 1.8ms
[2025-08-28T13:00:46.886+0000][1087812][info ][gc,phases   ] GC(48)   Post Evacuate Collection Set: 0.4ms
[2025-08-28T13:00:46.886+0000][1087812][info ][gc,phases   ] GC(48)   Other: 0.1ms
[2025-08-28T13:00:46.886+0000][1087812][trace][gc,age      ] GC(48) Age table with threshold 15 (max threshold 15)
[2025-08-28T13:00:46.886+0000][1087812][trace][gc,age      ] GC(48) - age   1:    1094232 bytes,    1094232 total
[2025-08-28T13:00:46.886+0000][1087812][trace][gc,age      ] GC(48) - age   2:       3432 bytes,    1097664 total
[2025-08-28T13:00:46.886+0000][1087812][trace][gc,age      ] GC(48) - age   3:       1224 bytes,    1098888 total
[2025-08-28T13:00:46.886+0000][1087812][trace][gc,age      ] GC(48) - age   4:       1464 bytes,    1100352 total
[2025-08-28T13:00:46.886+0000][1087812][trace][gc,age      ] GC(48) - age   5:        248 bytes,    1100600 total
[2025-08-28T13:00:46.886+0000][1087812][trace][gc,age      ] GC(48) - age   6:      10544 bytes,    1111144 total
[2025-08-28T13:00:46.886+0000][1087812][trace][gc,age      ] GC(48) - age   8:       9672 bytes,    1120816 total
[2025-08-28T13:00:46.886+0000][1087812][trace][gc,age      ] GC(48) - age   9:       1240 bytes,    1122056 total
[2025-08-28T13:00:46.886+0000][1087812][trace][gc,age      ] GC(48) - age  10:        672 bytes,    1122728 total
[2025-08-28T13:00:46.886+0000][1087812][trace][gc,age      ] GC(48) - age  11:        608 bytes,    1123336 total
[2025-08-28T13:00:46.886+0000][1087812][trace][gc,age      ] GC(48) - age  12:        632 bytes,    1123968 total
[2025-08-28T13:00:46.886+0000][1087812][trace][gc,age      ] GC(48) - age  13:      99088 bytes,    1223056 total
[2025-08-28T13:00:46.887+0000][1087812][trace][gc,age      ] GC(48) - age  14:        192 bytes,    1223248 total
[2025-08-28T13:00:46.887+0000][1087812][trace][gc,age      ] GC(48) - age  15:        624 bytes,    1223872 total
[2025-08-28T13:00:46.887+0000][1087812][info ][gc,heap     ] GC(48) Eden regions: 75->0(75)
[2025-08-28T13:00:46.887+0000][1087812][info ][gc,heap     ] GC(48) Survivor regions: 1->1(10)
[2025-08-28T13:00:46.887+0000][1087812][info ][gc,heap     ] GC(48) Old regions: 25->25
[2025-08-28T13:00:46.887+0000][1087812][info ][gc,heap     ] GC(48) Humongous regions: 0->0
[2025-08-28T13:00:46.887+0000][1087812][info ][gc,metaspace] GC(48) Metaspace: 139101K(142912K)->139101K(142912K) NonClass: 120167K(122176K)->120167K(122176K) Class: 18933K(20736K)->18933K(20736K)
[2025-08-28T13:00:46.887+0000][1087812][info ][gc          ] GC(48) Pause Young (Normal) (G1 Evacuation Pause) 400M->99M(512M) 2.584ms
[2025-08-28T13:00:46.887+0000][1087812][info ][gc,cpu      ] GC(48) User=0.01s Sys=0.00s Real=0.00s
[2025-08-28T13:00:46.887+0000][1087812][info ][safepoint   ] Safepoint "G1CollectForAllocation", Time since last: 1935599868 ns, Reaching safepoint: 11688 ns, Cleanup: 9153 ns, At safepoint: 2649181 ns, Total: 2670022 ns
[2025-08-28T13:00:48.858+0000][1087812][info ][gc,start    ] GC(49) Pause Young (Normal) (G1 Evacuation Pause)
[2025-08-28T13:00:48.858+0000][1087812][info ][gc,task     ] GC(49) Using 12 workers of 33 for evacuation
[2025-08-28T13:00:48.858+0000][1087812][debug][gc,age      ] GC(49) Desired survivor size 20971520 bytes, new threshold 15 (max threshold 15)
[2025-08-28T13:00:48.861+0000][1087812][info ][gc,phases   ] GC(49)   Pre Evacuate Collection Set: 0.1ms
[2025-08-28T13:00:48.861+0000][1087812][info ][gc,phases   ] GC(49)   Merge Heap Roots: 0.1ms
[2025-08-28T13:00:48.861+0000][1087812][info ][gc,phases   ] GC(49)   Evacuate Collection Set: 2.1ms
[2025-08-28T13:00:48.861+0000][1087812][info ][gc,phases   ] GC(49)   Post Evacuate Collection Set: 0.4ms
[2025-08-28T13:00:48.861+0000][1087812][info ][gc,phases   ] GC(49)   Other: 0.0ms
[2025-08-28T13:00:48.861+0000][1087812][trace][gc,age      ] GC(49) Age table with threshold 15 (max threshold 15)
[2025-08-28T13:00:48.861+0000][1087812][trace][gc,age      ] GC(49) - age   1:    1075792 bytes,    1075792 total
[2025-08-28T13:00:48.861+0000][1087812][trace][gc,age      ] GC(49) - age   2:       2552 bytes,    1078344 total
[2025-08-28T13:00:48.861+0000][1087812][trace][gc,age      ] GC(49) - age   3:       3432 bytes,    1081776 total
[2025-08-28T13:00:48.861+0000][1087812][trace][gc,age      ] GC(49) - age   4:       1224 bytes,    1083000 total
[2025-08-28T13:00:48.861+0000][1087812][trace][gc,age      ] GC(49) - age   5:       1464 bytes,    1084464 total
[2025-08-28T13:00:48.861+0000][1087812][trace][gc,age      ] GC(49) - age   6:        248 bytes,    1084712 total
[2025-08-28T13:00:48.861+0000][1087812][trace][gc,age      ] GC(49) - age   7:      10544 bytes,    1095256 total
[2025-08-28T13:00:48.861+0000][1087812][trace][gc,age      ] GC(49) - age   9:       9672 bytes,    1104928 total
[2025-08-28T13:00:48.861+0000][1087812][trace][gc,age      ] GC(49) - age  10:       1240 bytes,    1106168 total
[2025-08-28T13:00:48.861+0000][1087812][trace][gc,age      ] GC(49) - age  11:        672 bytes,    1106840 total
[2025-08-28T13:00:48.861+0000][1087812][trace][gc,age      ] GC(49) - age  12:        608 bytes,    1107448 total
[2025-08-28T13:00:48.861+0000][1087812][trace][gc,age      ] GC(49) - age  13:        632 bytes,    1108080 total
[2025-08-28T13:00:48.861+0000][1087812][trace][gc,age      ] GC(49) - age  14:      99088 bytes,    1207168 total
[2025-08-28T13:00:48.861+0000][1087812][trace][gc,age      ] GC(49) - age  15:        192 bytes,    1207360 total
[2025-08-28T13:00:48.861+0000][1087812][info ][gc,heap     ] GC(49) Eden regions: 75->0(75)
[2025-08-28T13:00:48.861+0000][1087812][info ][gc,heap     ] GC(49) Survivor regions: 1->1(10)
[2025-08-28T13:00:48.861+0000][1087812][info ][gc,heap     ] GC(49) Old regions: 25->25
[2025-08-28T13:00:48.861+0000][1087812][info ][gc,heap     ] GC(49) Humongous regions: 0->0
[2025-08-28T13:00:48.861+0000][1087812][info ][gc,metaspace] GC(49) Metaspace: 139102K(142912K)->139102K(142912K) NonClass: 120168K(122176K)->120168K(122176K) Class: 18933K(20736K)->18933K(20736K)
[2025-08-28T13:00:48.861+0000][1087812][info ][gc          ] GC(49) Pause Young (Normal) (G1 Evacuation Pause) 399M->99M(512M) 2.918ms
[2025-08-28T13:00:48.861+0000][1087812][info ][gc,cpu      ] GC(49) User=0.01s Sys=0.00s Real=0.01s
[2025-08-28T13:00:48.861+0000][1087812][info ][safepoint   ] Safepoint "G1CollectForAllocation", Time since last: 1971372384 ns, Reaching safepoint: 11888 ns, Cleanup: 3726 ns, At safepoint: 2987469 ns, Total: 3003083 ns
[2025-08-28T13:00:49.861+0000][1087812][info ][safepoint   ] Safepoint "Cleanup", Time since last: 1000071579 ns, Reaching safepoint: 31557 ns, Cleanup: 14522 ns, At safepoint: 4196 ns, Total: 50275 ns
[2025-08-28T13:00:50.794+0000][1087812][info ][gc,start    ] GC(50) Pause Young (Normal) (G1 Evacuation Pause)
[2025-08-28T13:00:50.794+0000][1087812][info ][gc,task     ] GC(50) Using 12 workers of 33 for evacuation
[2025-08-28T13:00:50.794+0000][1087812][debug][gc,age      ] GC(50) Desired survivor size 20971520 bytes, new threshold 15 (max threshold 15)
[2025-08-28T13:00:50.797+0000][1087812][info ][gc,phases   ] GC(50)   Pre Evacuate Collection Set: 0.2ms
[2025-08-28T13:00:50.797+0000][1087812][info ][gc,phases   ] GC(50)   Merge Heap Roots: 0.1ms
[2025-08-28T13:00:50.797+0000][1087812][info ][gc,phases   ] GC(50)   Evacuate Collection Set: 1.9ms
[2025-08-28T13:00:50.797+0000][1087812][info ][gc,phases   ] GC(50)   Post Evacuate Collection Set: 0.4ms
[2025-08-28T13:00:50.797+0000][1087812][info ][gc,phases   ] GC(50)   Other: 0.0ms
[2025-08-28T13:00:50.797+0000][1087812][trace][gc,age      ] GC(50) Age table with threshold 15 (max threshold 15)
[2025-08-28T13:00:50.797+0000][1087812][trace][gc,age      ] GC(50) - age   1:    1091600 bytes,    1091600 total
[2025-08-28T13:00:50.797+0000][1087812][trace][gc,age      ] GC(50) - age   3:       2552 bytes,    1094152 total
[2025-08-28T13:00:50.797+0000][1087812][trace][gc,age      ] GC(50) - age   4:       2720 bytes,    1096872 total
[2025-08-28T13:00:50.797+0000][1087812][trace][gc,age      ] GC(50) - age   5:       1224 bytes,    1098096 total
[2025-08-28T13:00:50.797+0000][1087812][trace][gc,age      ] GC(50) - age   6:       1464 bytes,    1099560 total
[2025-08-28T13:00:50.797+0000][1087812][trace][gc,age      ] GC(50) - age   8:        696 bytes,    1100256 total
[2025-08-28T13:00:50.797+0000][1087812][trace][gc,age      ] GC(50) - age  10:       9672 bytes,    1109928 total
[2025-08-28T13:00:50.797+0000][1087812][trace][gc,age      ] GC(50) - age  11:       1240 bytes,    1111168 total
[2025-08-28T13:00:50.797+0000][1087812][trace][gc,age      ] GC(50) - age  12:        672 bytes,    1111840 total
[2025-08-28T13:00:50.797+0000][1087812][trace][gc,age      ] GC(50) - age  13:        608 bytes,    1112448 total
[2025-08-28T13:00:50.797+0000][1087812][trace][gc,age      ] GC(50) - age  14:        632 bytes,    1113080 total
[2025-08-28T13:00:50.797+0000][1087812][trace][gc,age      ] GC(50) - age  15:      99088 bytes,    1212168 total
[2025-08-28T13:00:50.797+0000][1087812][info ][gc,heap     ] GC(50) Eden regions: 75->0(75)
[2025-08-28T13:00:50.797+0000][1087812][info ][gc,heap     ] GC(50) Survivor regions: 1->1(10)
[2025-08-28T13:00:50.797+0000][1087812][info ][gc,heap     ] GC(50) Old regions: 25->25
[2025-08-28T13:00:50.797+0000][1087812][info ][gc,heap     ] GC(50) Humongous regions: 0->0
[2025-08-28T13:00:50.797+0000][1087812][info ][gc,metaspace] GC(50) Metaspace: 139103K(142912K)->139103K(142912K) NonClass: 120169K(122176K)->120169K(122176K) Class: 18933K(20736K)->18933K(20736K)
[2025-08-28T13:00:50.797+0000][1087812][info ][gc          ] GC(50) Pause Young (Normal) (G1 Evacuation Pause) 399M->99M(512M) 2.717ms
[2025-08-28T13:00:50.797+0000][1087812][info ][gc,cpu      ] GC(50) User=0.01s Sys=0.00s Real=0.00s
[2025-08-28T13:00:50.797+0000][1087812][info ][safepoint   ] Safepoint "G1CollectForAllocation", Time since last: 933027461 ns, Reaching safepoint: 10346 ns, Cleanup: 3295 ns, At safepoint: 2788480 ns, Total: 2802121 ns
[2025-08-28T13:00:51.797+0000][1087812][info ][safepoint   ] Safepoint "Cleanup", Time since last: 1000071509 ns, Reaching safepoint: 10906 ns, Cleanup: 12148 ns, At safepoint: 2254 ns, Total: 25308 ns
[2025-08-28T13:00:52.726+0000][1087812][info ][gc,start    ] GC(51) Pause Young (Normal) (G1 Evacuation Pause)
[2025-08-28T13:00:52.726+0000][1087812][info ][gc,task     ] GC(51) Using 12 workers of 33 for evacuation
[2025-08-28T13:00:52.726+0000][1087812][debug][gc,age      ] GC(51) Desired survivor size 20971520 bytes, new threshold 15 (max threshold 15)
[2025-08-28T13:00:52.728+0000][1087812][info ][gc,phases   ] GC(51)   Pre Evacuate Collection Set: 0.1ms
[2025-08-28T13:00:52.728+0000][1087812][info ][gc,phases   ] GC(51)   Merge Heap Roots: 0.1ms
[2025-08-28T13:00:52.728+0000][1087812][info ][gc,phases   ] GC(51)   Evacuate Collection Set: 1.5ms
[2025-08-28T13:00:52.728+0000][1087812][info ][gc,phases   ] GC(51)   Post Evacuate Collection Set: 0.4ms
[2025-08-28T13:00:52.728+0000][1087812][info ][gc,phases   ] GC(51)   Other: 0.1ms
[2025-08-28T13:00:52.728+0000][1087812][trace][gc,age      ] GC(51) Age table with threshold 15 (max threshold 15)
[2025-08-28T13:00:52.728+0000][1087812][trace][gc,age      ] GC(51) - age   1:    1047744 bytes,    1047744 total
[2025-08-28T13:00:52.728+0000][1087812][trace][gc,age      ] GC(51) - age   2:      15808 bytes,    1063552 total
[2025-08-28T13:00:52.728+0000][1087812][trace][gc,age      ] GC(51) - age   4:       2552 bytes,    1066104 total
[2025-08-28T13:00:52.728+0000][1087812][trace][gc,age      ] GC(51) - age   5:        248 bytes,    1066352 total
[2025-08-28T13:00:52.728+0000][1087812][trace][gc,age      ] GC(51) - age   6:        984 bytes,    1067336 total
[2025-08-28T13:00:52.728+0000][1087812][trace][gc,age      ] GC(51) - age   7:       1464 bytes,    1068800 total
[2025-08-28T13:00:52.728+0000][1087812][trace][gc,age      ] GC(51) - age   9:        696 bytes,    1069496 total
[2025-08-28T13:00:52.728+0000][1087812][trace][gc,age      ] GC(51) - age  11:       9640 bytes,    1079136 total
[2025-08-28T13:00:52.728+0000][1087812][trace][gc,age      ] GC(51) - age  12:       1240 bytes,    1080376 total
[2025-08-28T13:00:52.728+0000][1087812][trace][gc,age      ] GC(51) - age  13:        672 bytes,    1081048 total
[2025-08-28T13:00:52.728+0000][1087812][trace][gc,age      ] GC(51) - age  14:        608 bytes,    1081656 total
[2025-08-28T13:00:52.728+0000][1087812][trace][gc,age      ] GC(51) - age  15:        632 bytes,    1082288 total
[2025-08-28T13:00:52.728+0000][1087812][info ][gc,heap     ] GC(51) Eden regions: 75->0(75)
[2025-08-28T13:00:52.728+0000][1087812][info ][gc,heap     ] GC(51) Survivor regions: 1->1(10)
[2025-08-28T13:00:52.728+0000][1087812][info ][gc,heap     ] GC(51) Old regions: 25->25
[2025-08-28T13:00:52.728+0000][1087812][info ][gc,heap     ] GC(51) Humongous regions: 0->0
[2025-08-28T13:00:52.728+0000][1087812][info ][gc,metaspace] GC(51) Metaspace: 139106K(142912K)->139106K(142912K) NonClass: 120172K(122176K)->120172K(122176K) Class: 18934K(20736K)->18934K(20736K)
[2025-08-28T13:00:52.728+0000][1087812][info ][gc          ] GC(51) Pause Young (Normal) (G1 Evacuation Pause) 399M->99M(512M) 2.230ms
[2025-08-28T13:00:52.728+0000][1087812][info ][gc,cpu      ] GC(51) User=0.01s Sys=0.00s Real=0.00s
[2025-08-28T13:00:52.728+0000][1087812][info ][safepoint   ] Safepoint "G1CollectForAllocation", Time since last: 928718175 ns, Reaching safepoint: 11237 ns, Cleanup: 37977 ns, At safepoint: 2294478 ns, Total: 2343692 ns
[2025-08-28T13:00:53.728+0000][1087812][info ][safepoint   ] Safepoint "Cleanup", Time since last: 1000081053 ns, Reaching safepoint: 10486 ns, Cleanup: 8693 ns, At safepoint: 3716 ns, Total: 22895 ns
[2025-08-28T13:00:54.701+0000][1087812][info ][gc,start    ] GC(52) Pause Young (Normal) (G1 Evacuation Pause)
[2025-08-28T13:00:54.701+0000][1087812][info ][gc,task     ] GC(52) Using 12 workers of 33 for evacuation
[2025-08-28T13:00:54.701+0000][1087812][debug][gc,age      ] GC(52) Desired survivor size 20971520 bytes, new threshold 15 (max threshold 15)
[2025-08-28T13:00:54.703+0000][1087812][info ][gc,phases   ] GC(52)   Pre Evacuate Collection Set: 0.1ms
[2025-08-28T13:00:54.703+0000][1087812][info ][gc,phases   ] GC(52)   Merge Heap Roots: 0.1ms
[2025-08-28T13:00:54.703+0000][1087812][info ][gc,phases   ] GC(52)   Evacuate Collection Set: 1.7ms
[2025-08-28T13:00:54.703+0000][1087812][info ][gc,phases   ] GC(52)   Post Evacuate Collection Set: 0.4ms
[2025-08-28T13:00:54.703+0000][1087812][info ][gc,phases   ] GC(52)   Other: 0.0ms
[2025-08-28T13:00:54.703+0000][1087812][trace][gc,age      ] GC(52) Age table with threshold 15 (max threshold 15)
[2025-08-28T13:00:54.703+0000][1087812][trace][gc,age      ] GC(52) - age   1:     956216 bytes,     956216 total
[2025-08-28T13:00:54.703+0000][1087812][trace][gc,age      ] GC(52) - age   2:       9312 bytes,     965528 total
[2025-08-28T13:00:54.703+0000][1087812][trace][gc,age      ] GC(52) - age   3:      15096 bytes,     980624 total
[2025-08-28T13:00:54.703+0000][1087812][trace][gc,age      ] GC(52) - age   5:       2552 bytes,     983176 total
[2025-08-28T13:00:54.703+0000][1087812][trace][gc,age      ] GC(52) - age   6:        248 bytes,     983424 total
[2025-08-28T13:00:54.703+0000][1087812][trace][gc,age      ] GC(52) - age   7:        984 bytes,     984408 total
[2025-08-28T13:00:54.703+0000][1087812][trace][gc,age      ] GC(52) - age   8:       1464 bytes,     985872 total
[2025-08-28T13:00:54.703+0000][1087812][trace][gc,age      ] GC(52) - age  10:        696 bytes,     986568 total
[2025-08-28T13:00:54.703+0000][1087812][trace][gc,age      ] GC(52) - age  12:       9640 bytes,     996208 total
[2025-08-28T13:00:54.703+0000][1087812][trace][gc,age      ] GC(52) - age  13:       1240 bytes,     997448 total
[2025-08-28T13:00:54.703+0000][1087812][trace][gc,age      ] GC(52) - age  14:        672 bytes,     998120 total
[2025-08-28T13:00:54.703+0000][1087812][trace][gc,age      ] GC(52) - age  15:        608 bytes,     998728 total
[2025-08-28T13:00:54.703+0000][1087812][info ][gc,heap     ] GC(52) Eden regions: 75->0(75)
[2025-08-28T13:00:54.703+0000][1087812][info ][gc,heap     ] GC(52) Survivor regions: 1->1(10)
[2025-08-28T13:00:54.703+0000][1087812][info ][gc,heap     ] GC(52) Old regions: 25->25
[2025-08-28T13:00:54.703+0000][1087812][info ][gc,heap     ] GC(52) Humongous regions: 0->0
[2025-08-28T13:00:54.703+0000][1087812][info ][gc,metaspace] GC(52) Metaspace: 139108K(142912K)->139108K(142912K) NonClass: 120174K(122176K)->120174K(122176K) Class: 18934K(20736K)->18934K(20736K)
[2025-08-28T13:00:54.703+0000][1087812][info ][gc          ] GC(52) Pause Young (Normal) (G1 Evacuation Pause) 399M->99M(512M) 2.440ms
[2025-08-28T13:00:54.703+0000][1087812][info ][gc,cpu      ] GC(52) User=0.00s Sys=0.00s Real=0.00s
[2025-08-28T13:00:54.703+0000][1087812][info ][safepoint   ] Safepoint "G1CollectForAllocation", Time since last: 972507418 ns, Reaching safepoint: 10515 ns, Cleanup: 3315 ns, At safepoint: 2507739 ns, Total: 2521569 ns
[2025-08-28T13:00:55.703+0000][1087812][info ][safepoint   ] Safepoint "Cleanup", Time since last: 1000064598 ns, Reaching safepoint: 40842 ns, Cleanup: 9354 ns, At safepoint: 2233 ns, Total: 52429 ns
[2025-08-28T13:00:56.688+0000][1087812][info ][gc,start    ] GC(53) Pause Young (Normal) (G1 Evacuation Pause)
[2025-08-28T13:00:56.688+0000][1087812][info ][gc,task     ] GC(53) Using 12 workers of 33 for evacuation
[2025-08-28T13:00:56.688+0000][1087812][debug][gc,age      ] GC(53) Desired survivor size 20971520 bytes, new threshold 15 (max threshold 15)
[2025-08-28T13:00:56.690+0000][1087812][info ][gc,phases   ] GC(53)   Pre Evacuate Collection Set: 0.2ms
[2025-08-28T13:00:56.690+0000][1087812][info ][gc,phases   ] GC(53)   Merge Heap Roots: 0.1ms
[2025-08-28T13:00:56.690+0000][1087812][info ][gc,phases   ] GC(53)   Evacuate Collection Set: 1.9ms
[2025-08-28T13:00:56.690+0000][1087812][info ][gc,phases   ] GC(53)   Post Evacuate Collection Set: 0.4ms
[2025-08-28T13:00:56.690+0000][1087812][info ][gc,phases   ] GC(53)   Other: 0.1ms
[2025-08-28T13:00:56.690+0000][1087812][trace][gc,age      ] GC(53) Age table with threshold 15 (max threshold 15)
[2025-08-28T13:00:56.690+0000][1087812][trace][gc,age      ] GC(53) - age   1:    1076160 bytes,    1076160 total
[2025-08-28T13:00:56.690+0000][1087812][trace][gc,age      ] GC(53) - age   2:       2592 bytes,    1078752 total
[2025-08-28T13:00:56.690+0000][1087812][trace][gc,age      ] GC(53) - age   3:       9312 bytes,    1088064 total
[2025-08-28T13:00:56.690+0000][1087812][trace][gc,age      ] GC(53) - age   4:      15096 bytes,    1103160 total
[2025-08-28T13:00:56.690+0000][1087812][trace][gc,age      ] GC(53) - age   6:       2552 bytes,    1105712 total
[2025-08-28T13:00:56.690+0000][1087812][trace][gc,age      ] GC(53) - age   7:        248 bytes,    1105960 total
[2025-08-28T13:00:56.690+0000][1087812][trace][gc,age      ] GC(53) - age   8:        984 bytes,    1106944 total
[2025-08-28T13:00:56.690+0000][1087812][trace][gc,age      ] GC(53) - age   9:       1464 bytes,    1108408 total
[2025-08-28T13:00:56.690+0000][1087812][trace][gc,age      ] GC(53) - age  11:        696 bytes,    1109104 total
[2025-08-28T13:00:56.690+0000][1087812][trace][gc,age      ] GC(53) - age  13:       9640 bytes,    1118744 total
[2025-08-28T13:00:56.690+0000][1087812][trace][gc,age      ] GC(53) - age  14:       1240 bytes,    1119984 total
[2025-08-28T13:00:56.690+0000][1087812][trace][gc,age      ] GC(53) - age  15:        672 bytes,    1120656 total
[2025-08-28T13:00:56.690+0000][1087812][info ][gc,heap     ] GC(53) Eden regions: 75->0(75)
[2025-08-28T13:00:56.690+0000][1087812][info ][gc,heap     ] GC(53) Survivor regions: 1->1(10)
[2025-08-28T13:00:56.690+0000][1087812][info ][gc,heap     ] GC(53) Old regions: 25->25
[2025-08-28T13:00:56.690+0000][1087812][info ][gc,heap     ] GC(53) Humongous regions: 0->0
[2025-08-28T13:00:56.690+0000][1087812][info ][gc,metaspace] GC(53) Metaspace: 139109K(142912K)->139109K(142912K) NonClass: 120175K(122176K)->120175K(122176K) Class: 18934K(20736K)->18934K(20736K)
[2025-08-28T13:00:56.690+0000][1087812][info ][gc          ] GC(53) Pause Young (Normal) (G1 Evacuation Pause) 399M->99M(512M) 2.703ms
[2025-08-28T13:00:56.690+0000][1087812][info ][gc,cpu      ] GC(53) User=0.01s Sys=0.00s Real=0.00s
[2025-08-28T13:00:56.690+0000][1087812][info ][safepoint   ] Safepoint "G1CollectForAllocation", Time since last: 984218266 ns, Reaching safepoint: 11067 ns, Cleanup: 11847 ns, At safepoint: 2781140 ns, Total: 2804054 ns
[2025-08-28T13:00:57.690+0000][1087812][info ][safepoint   ] Safepoint "Cleanup", Time since last: 1000065109 ns, Reaching safepoint: 10816 ns, Cleanup: 15453 ns, At safepoint: 2294 ns, Total: 28563 ns
[2025-08-28T13:00:58.662+0000][1087812][info ][gc,start    ] GC(54) Pause Young (Normal) (G1 Evacuation Pause)
[2025-08-28T13:00:58.662+0000][1087812][info ][gc,task     ] GC(54) Using 12 workers of 33 for evacuation
[2025-08-28T13:00:58.662+0000][1087812][debug][gc,age      ] GC(54) Desired survivor size 20971520 bytes, new threshold 15 (max threshold 15)
[2025-08-28T13:00:58.665+0000][1087812][info ][gc,phases   ] GC(54)   Pre Evacuate Collection Set: 0.2ms
[2025-08-28T13:00:58.665+0000][1087812][info ][gc,phases   ] GC(54)   Merge Heap Roots: 0.1ms
[2025-08-28T13:00:58.665+0000][1087812][info ][gc,phases   ] GC(54)   Evacuate Collection Set: 2.2ms
[2025-08-28T13:00:58.665+0000][1087812][info ][gc,phases   ] GC(54)   Post Evacuate Collection Set: 0.4ms
[2025-08-28T13:00:58.665+0000][1087812][info ][gc,phases   ] GC(54)   Other: 0.0ms
[2025-08-28T13:00:58.665+0000][1087812][trace][gc,age      ] GC(54) Age table with threshold 15 (max threshold 15)
[2025-08-28T13:00:58.665+0000][1087812][trace][gc,age      ] GC(54) - age   1:    1159880 bytes,    1159880 total
[2025-08-28T13:00:58.665+0000][1087812][trace][gc,age      ] GC(54) - age   2:        400 bytes,    1160280 total
[2025-08-28T13:00:58.665+0000][1087812][trace][gc,age      ] GC(54) - age   3:       2592 bytes,    1162872 total
[2025-08-28T13:00:58.665+0000][1087812][trace][gc,age      ] GC(54) - age   4:       9312 bytes,    1172184 total
[2025-08-28T13:00:58.665+0000][1087812][trace][gc,age      ] GC(54) - age   5:      15096 bytes,    1187280 total
[2025-08-28T13:00:58.665+0000][1087812][trace][gc,age      ] GC(54) - age   7:       2552 bytes,    1189832 total
[2025-08-28T13:00:58.665+0000][1087812][trace][gc,age      ] GC(54) - age   8:        248 bytes,    1190080 total
[2025-08-28T13:00:58.665+0000][1087812][trace][gc,age      ] GC(54) - age   9:        984 bytes,    1191064 total
[2025-08-28T13:00:58.665+0000][1087812][trace][gc,age      ] GC(54) - age  10:       1464 bytes,    1192528 total
[2025-08-28T13:00:58.665+0000][1087812][trace][gc,age      ] GC(54) - age  12:        696 bytes,    1193224 total
[2025-08-28T13:00:58.665+0000][1087812][trace][gc,age      ] GC(54) - age  14:       9640 bytes,    1202864 total
[2025-08-28T13:00:58.665+0000][1087812][trace][gc,age      ] GC(54) - age  15:       1240 bytes,    1204104 total
[2025-08-28T13:00:58.665+0000][1087812][info ][gc,heap     ] GC(54) Eden regions: 75->0(75)
[2025-08-28T13:00:58.665+0000][1087812][info ][gc,heap     ] GC(54) Survivor regions: 1->1(10)
[2025-08-28T13:00:58.665+0000][1087812][info ][gc,heap     ] GC(54) Old regions: 25->25
[2025-08-28T13:00:58.665+0000][1087812][info ][gc,heap     ] GC(54) Humongous regions: 0->0
[2025-08-28T13:00:58.665+0000][1087812][info ][gc,metaspace] GC(54) Metaspace: 139121K(142912K)->139121K(142912K) NonClass: 120187K(122176K)->120187K(122176K) Class: 18934K(20736K)->18934K(20736K)
[2025-08-28T13:00:58.665+0000][1087812][info ][gc          ] GC(54) Pause Young (Normal) (G1 Evacuation Pause) 399M->100M(512M) 2.977ms
[2025-08-28T13:00:58.665+0000][1087812][info ][gc,cpu      ] GC(54) User=0.00s Sys=0.01s Real=0.00s
[2025-08-28T13:00:58.665+0000][1087812][info ][safepoint   ] Safepoint "G1CollectForAllocation", Time since last: 971775868 ns, Reaching safepoint: 76145 ns, Cleanup: 4346 ns, At safepoint: 3043995 ns, Total: 3124486 ns
[2025-08-28T13:01:00.622+0000][1087812][info ][gc,start    ] GC(55) Pause Young (Normal) (G1 Evacuation Pause)
[2025-08-28T13:01:00.622+0000][1087812][info ][gc,task     ] GC(55) Using 12 workers of 33 for evacuation
[2025-08-28T13:01:00.622+0000][1087812][debug][gc,age      ] GC(55) Desired survivor size 20971520 bytes, new threshold 15 (max threshold 15)
[2025-08-28T13:01:00.624+0000][1087812][info ][gc,phases   ] GC(55)   Pre Evacuate Collection Set: 0.1ms
[2025-08-28T13:01:00.624+0000][1087812][info ][gc,phases   ] GC(55)   Merge Heap Roots: 0.0ms
[2025-08-28T13:01:00.624+0000][1087812][info ][gc,phases   ] GC(55)   Evacuate Collection Set: 1.6ms
[2025-08-28T13:01:00.624+0000][1087812][info ][gc,phases   ] GC(55)   Post Evacuate Collection Set: 0.4ms
[2025-08-28T13:01:00.624+0000][1087812][info ][gc,phases   ] GC(55)   Other: 0.1ms
[2025-08-28T13:01:00.624+0000][1087812][trace][gc,age      ] GC(55) Age table with threshold 15 (max threshold 15)
[2025-08-28T13:01:00.624+0000][1087812][trace][gc,age      ] GC(55) - age   1:    1091888 bytes,    1091888 total
[2025-08-28T13:01:00.624+0000][1087812][trace][gc,age      ] GC(55) - age   2:        648 bytes,    1092536 total
[2025-08-28T13:01:00.624+0000][1087812][trace][gc,age      ] GC(55) - age   3:        368 bytes,    1092904 total
[2025-08-28T13:01:00.624+0000][1087812][trace][gc,age      ] GC(55) - age   4:       1880 bytes,    1094784 total
[2025-08-28T13:01:00.624+0000][1087812][trace][gc,age      ] GC(55) - age   5:       6840 bytes,    1101624 total
[2025-08-28T13:01:00.624+0000][1087812][trace][gc,age      ] GC(55) - age   6:      15096 bytes,    1116720 total
[2025-08-28T13:01:00.624+0000][1087812][trace][gc,age      ] GC(55) - age   8:       2552 bytes,    1119272 total
[2025-08-28T13:01:00.624+0000][1087812][trace][gc,age      ] GC(55) - age   9:        248 bytes,    1119520 total
[2025-08-28T13:01:00.624+0000][1087812][trace][gc,age      ] GC(55) - age  10:        984 bytes,    1120504 total
[2025-08-28T13:01:00.624+0000][1087812][trace][gc,age      ] GC(55) - age  11:       1240 bytes,    1121744 total
[2025-08-28T13:01:00.624+0000][1087812][trace][gc,age      ] GC(55) - age  13:        696 bytes,    1122440 total
[2025-08-28T13:01:00.624+0000][1087812][trace][gc,age      ] GC(55) - age  15:       9640 bytes,    1132080 total
[2025-08-28T13:01:00.624+0000][1087812][info ][gc,heap     ] GC(55) Eden regions: 75->0(75)
[2025-08-28T13:01:00.624+0000][1087812][info ][gc,heap     ] GC(55) Survivor regions: 1->1(10)
[2025-08-28T13:01:00.624+0000][1087812][info ][gc,heap     ] GC(55) Old regions: 25->25
[2025-08-28T13:01:00.624+0000][1087812][info ][gc,heap     ] GC(55) Humongous regions: 0->0
[2025-08-28T13:01:00.624+0000][1087812][info ][gc,metaspace] GC(55) Metaspace: 139121K(142912K)->139121K(142912K) NonClass: 120187K(122176K)->120187K(122176K) Class: 18934K(20736K)->18934K(20736K)
[2025-08-28T13:01:00.624+0000][1087812][info ][gc          ] GC(55) Pause Young (Normal) (G1 Evacuation Pause) 400M->99M(512M) 2.307ms
[2025-08-28T13:01:00.624+0000][1087812][info ][gc,cpu      ] GC(55) User=0.01s Sys=0.00s Real=0.00s
[2025-08-28T13:01:00.624+0000][1087812][info ][safepoint   ] Safepoint "G1CollectForAllocation", Time since last: 1956507825 ns, Reaching safepoint: 39330 ns, Cleanup: 3785 ns, At safepoint: 2378104 ns, Total: 2421219 ns
[2025-08-28T13:01:02.596+0000][1087812][info ][gc,start    ] GC(56) Pause Young (Normal) (G1 Evacuation Pause)
[2025-08-28T13:01:02.596+0000][1087812][info ][gc,task     ] GC(56) Using 12 workers of 33 for evacuation
[2025-08-28T13:01:02.596+0000][1087812][debug][gc,age      ] GC(56) Desired survivor size 20971520 bytes, new threshold 15 (max threshold 15)
[2025-08-28T13:01:02.599+0000][1087812][info ][gc,phases   ] GC(56)   Pre Evacuate Collection Set: 0.2ms
[2025-08-28T13:01:02.599+0000][1087812][info ][gc,phases   ] GC(56)   Merge Heap Roots: 0.0ms
[2025-08-28T13:01:02.599+0000][1087812][info ][gc,phases   ] GC(56)   Evacuate Collection Set: 1.9ms
[2025-08-28T13:01:02.599+0000][1087812][info ][gc,phases   ] GC(56)   Post Evacuate Collection Set: 0.4ms
[2025-08-28T13:01:02.599+0000][1087812][info ][gc,phases   ] GC(56)   Other: 0.0ms
[2025-08-28T13:01:02.599+0000][1087812][trace][gc,age      ] GC(56) Age table with threshold 15 (max threshold 15)
[2025-08-28T13:01:02.599+0000][1087812][trace][gc,age      ] GC(56) - age   1:    1076032 bytes,    1076032 total
[2025-08-28T13:01:02.599+0000][1087812][trace][gc,age      ] GC(56) - age   2:       3656 bytes,    1079688 total
[2025-08-28T13:01:02.599+0000][1087812][trace][gc,age      ] GC(56) - age   3:        648 bytes,    1080336 total
[2025-08-28T13:01:02.599+0000][1087812][trace][gc,age      ] GC(56) - age   4:        368 bytes,    1080704 total
[2025-08-28T13:01:02.599+0000][1087812][trace][gc,age      ] GC(56) - age   5:       1880 bytes,    1082584 total
[2025-08-28T13:01:02.599+0000][1087812][trace][gc,age      ] GC(56) - age   6:       6600 bytes,    1089184 total
[2025-08-28T13:01:02.599+0000][1087812][trace][gc,age      ] GC(56) - age   7:      15096 bytes,    1104280 total
[2025-08-28T13:01:02.599+0000][1087812][trace][gc,age      ] GC(56) - age   9:       2552 bytes,    1106832 total
[2025-08-28T13:01:02.599+0000][1087812][trace][gc,age      ] GC(56) - age  10:        248 bytes,    1107080 total
[2025-08-28T13:01:02.599+0000][1087812][trace][gc,age      ] GC(56) - age  11:        984 bytes,    1108064 total
[2025-08-28T13:01:02.599+0000][1087812][trace][gc,age      ] GC(56) - age  12:       1240 bytes,    1109304 total
[2025-08-28T13:01:02.599+0000][1087812][trace][gc,age      ] GC(56) - age  14:        696 bytes,    1110000 total
[2025-08-28T13:01:02.599+0000][1087812][info ][gc,heap     ] GC(56) Eden regions: 75->0(75)
[2025-08-28T13:01:02.599+0000][1087812][info ][gc,heap     ] GC(56) Survivor regions: 1->1(10)
[2025-08-28T13:01:02.599+0000][1087812][info ][gc,heap     ] GC(56) Old regions: 25->25
[2025-08-28T13:01:02.599+0000][1087812][info ][gc,heap     ] GC(56) Humongous regions: 0->0
[2025-08-28T13:01:02.599+0000][1087812][info ][gc,metaspace] GC(56) Metaspace: 139126K(142912K)->139126K(142912K) NonClass: 120192K(122176K)->120192K(122176K) Class: 18934K(20736K)->18934K(20736K)
[2025-08-28T13:01:02.599+0000][1087812][info ][gc          ] GC(56) Pause Young (Normal) (G1 Evacuation Pause) 399M->99M(512M) 2.704ms
[2025-08-28T13:01:02.599+0000][1087812][info ][gc,cpu      ] GC(56) User=0.01s Sys=0.01s Real=0.00s
[2025-08-28T13:01:02.599+0000][1087812][info ][safepoint   ] Safepoint "G1CollectForAllocation", Time since last: 1971806591 ns, Reaching safepoint: 10055 ns, Cleanup: 3405 ns, At safepoint: 2774990 ns, Total: 2788450 ns
[2025-08-28T13:01:03.599+0000][1087812][info ][safepoint   ] Safepoint "Cleanup", Time since last: 1000083093 ns, Reaching safepoint: 10796 ns, Cleanup: 14552 ns, At safepoint: 2283 ns, Total: 27631 ns
[2025-08-28T13:01:04.571+0000][1087812][info ][gc,start    ] GC(57) Pause Young (Normal) (G1 Evacuation Pause)
[2025-08-28T13:01:04.571+0000][1087812][info ][gc,task     ] GC(57) Using 12 workers of 33 for evacuation
[2025-08-28T13:01:04.571+0000][1087812][debug][gc,age      ] GC(57) Desired survivor size 20971520 bytes, new threshold 15 (max threshold 15)
[2025-08-28T13:01:04.574+0000][1087812][info ][gc,phases   ] GC(57)   Pre Evacuate Collection Set: 0.2ms
[2025-08-28T13:01:04.574+0000][1087812][info ][gc,phases   ] GC(57)   Merge Heap Roots: 0.1ms
[2025-08-28T13:01:04.574+0000][1087812][info ][gc,phases   ] GC(57)   Evacuate Collection Set: 2.4ms
[2025-08-28T13:01:04.574+0000][1087812][info ][gc,phases   ] GC(57)   Post Evacuate Collection Set: 0.4ms
[2025-08-28T13:01:04.574+0000][1087812][info ][gc,phases   ] GC(57)   Other: 0.1ms
[2025-08-28T13:01:04.574+0000][1087812][trace][gc,age      ] GC(57) Age table with threshold 15 (max threshold 15)
[2025-08-28T13:01:04.574+0000][1087812][trace][gc,age      ] GC(57) - age   1:     735160 bytes,     735160 total
[2025-08-28T13:01:04.574+0000][1087812][trace][gc,age      ] GC(57) - age   2:        240 bytes,     735400 total
[2025-08-28T13:01:04.574+0000][1087812][trace][gc,age      ] GC(57) - age   3:       2944 bytes,     738344 total
[2025-08-28T13:01:04.574+0000][1087812][trace][gc,age      ] GC(57) - age   4:        648 bytes,     738992 total
[2025-08-28T13:01:04.574+0000][1087812][trace][gc,age      ] GC(57) - age   5:        368 bytes,     739360 total
[2025-08-28T13:01:04.574+0000][1087812][trace][gc,age      ] GC(57) - age   6:       1880 bytes,     741240 total
[2025-08-28T13:01:04.574+0000][1087812][trace][gc,age      ] GC(57) - age   7:       6568 bytes,     747808 total
[2025-08-28T13:01:04.574+0000][1087812][trace][gc,age      ] GC(57) - age   8:      14936 bytes,     762744 total
[2025-08-28T13:01:04.574+0000][1087812][trace][gc,age      ] GC(57) - age  10:       2552 bytes,     765296 total
[2025-08-28T13:01:04.574+0000][1087812][trace][gc,age      ] GC(57) - age  11:        248 bytes,     765544 total
[2025-08-28T13:01:04.574+0000][1087812][trace][gc,age      ] GC(57) - age  12:        984 bytes,     766528 total
[2025-08-28T13:01:04.574+0000][1087812][trace][gc,age      ] GC(57) - age  13:       1240 bytes,     767768 total
[2025-08-28T13:01:04.574+0000][1087812][trace][gc,age      ] GC(57) - age  15:        696 bytes,     768464 total
[2025-08-28T13:01:04.574+0000][1087812][info ][gc,heap     ] GC(57) Eden regions: 75->0(75)
[2025-08-28T13:01:04.574+0000][1087812][info ][gc,heap     ] GC(57) Survivor regions: 1->1(10)
[2025-08-28T13:01:04.574+0000][1087812][info ][gc,heap     ] GC(57) Old regions: 25->25
[2025-08-28T13:01:04.574+0000][1087812][info ][gc,heap     ] GC(57) Humongous regions: 0->0
[2025-08-28T13:01:04.574+0000][1087812][info ][gc,metaspace] GC(57) Metaspace: 139133K(142912K)->139133K(142912K) NonClass: 120199K(122176K)->120199K(122176K) Class: 18934K(20736K)->18934K(20736K)
[2025-08-28T13:01:04.574+0000][1087812][info ][gc          ] GC(57) Pause Young (Normal) (G1 Evacuation Pause) 399M->99M(512M) 3.153ms
[2025-08-28T13:01:04.574+0000][1087812][info ][gc,cpu      ] GC(57) User=0.02s Sys=0.00s Real=0.00s
[2025-08-28T13:01:04.574+0000][1087812][info ][safepoint   ] Safepoint "G1CollectForAllocation", Time since last: 971782918 ns, Reaching safepoint: 12109 ns, Cleanup: 15543 ns, At safepoint: 3230865 ns, Total: 3258517 ns
[2025-08-28T13:01:05.574+0000][1087812][info ][safepoint   ] Safepoint "Cleanup", Time since last: 1000083382 ns, Reaching safepoint: 41353 ns, Cleanup: 10345 ns, At safepoint: 2253 ns, Total: 53951 ns
[2025-08-28T13:01:06.500+0000][1087812][info ][gc,start    ] GC(58) Pause Young (Normal) (G1 Evacuation Pause)
[2025-08-28T13:01:06.500+0000][1087812][info ][gc,task     ] GC(58) Using 12 workers of 33 for evacuation
[2025-08-28T13:01:06.500+0000][1087812][debug][gc,age      ] GC(58) Desired survivor size 20971520 bytes, new threshold 15 (max threshold 15)
[2025-08-28T13:01:06.503+0000][1087812][info ][gc,phases   ] GC(58)   Pre Evacuate Collection Set: 0.1ms
[2025-08-28T13:01:06.503+0000][1087812][info ][gc,phases   ] GC(58)   Merge Heap Roots: 0.1ms
[2025-08-28T13:01:06.503+0000][1087812][info ][gc,phases   ] GC(58)   Evacuate Collection Set: 2.3ms
[2025-08-28T13:01:06.503+0000][1087812][info ][gc,phases   ] GC(58)   Post Evacuate Collection Set: 0.4ms
[2025-08-28T13:01:06.503+0000][1087812][info ][gc,phases   ] GC(58)   Other: 0.0ms
[2025-08-28T13:01:06.503+0000][1087812][trace][gc,age      ] GC(58) Age table with threshold 15 (max threshold 15)
[2025-08-28T13:01:06.503+0000][1087812][trace][gc,age      ] GC(58) - age   1:    1153384 bytes,    1153384 total
[2025-08-28T13:01:06.503+0000][1087812][trace][gc,age      ] GC(58) - age   2:       1920 bytes,    1155304 total
[2025-08-28T13:01:06.503+0000][1087812][trace][gc,age      ] GC(58) - age   3:        240 bytes,    1155544 total
[2025-08-28T13:01:06.503+0000][1087812][trace][gc,age      ] GC(58) - age   4:       2944 bytes,    1158488 total
[2025-08-28T13:01:06.503+0000][1087812][trace][gc,age      ] GC(58) - age   5:        648 bytes,    1159136 total
[2025-08-28T13:01:06.503+0000][1087812][trace][gc,age      ] GC(58) - age   6:        368 bytes,    1159504 total
[2025-08-28T13:01:06.503+0000][1087812][trace][gc,age      ] GC(58) - age   7:       1880 bytes,    1161384 total
[2025-08-28T13:01:06.503+0000][1087812][trace][gc,age      ] GC(58) - age   8:       6568 bytes,    1167952 total
[2025-08-28T13:01:06.503+0000][1087812][trace][gc,age      ] GC(58) - age   9:       4624 bytes,    1172576 total
[2025-08-28T13:01:06.503+0000][1087812][trace][gc,age      ] GC(58) - age  11:       2552 bytes,    1175128 total
[2025-08-28T13:01:06.503+0000][1087812][trace][gc,age      ] GC(58) - age  12:        248 bytes,    1175376 total
[2025-08-28T13:01:06.503+0000][1087812][trace][gc,age      ] GC(58) - age  13:        984 bytes,    1176360 total
[2025-08-28T13:01:06.503+0000][1087812][trace][gc,age      ] GC(58) - age  14:       1240 bytes,    1177600 total
[2025-08-28T13:01:06.503+0000][1087812][info ][gc,heap     ] GC(58) Eden regions: 75->0(75)
[2025-08-28T13:01:06.503+0000][1087812][info ][gc,heap     ] GC(58) Survivor regions: 1->1(10)
[2025-08-28T13:01:06.503+0000][1087812][info ][gc,heap     ] GC(58) Old regions: 25->25
[2025-08-28T13:01:06.503+0000][1087812][info ][gc,heap     ] GC(58) Humongous regions: 0->0
[2025-08-28T13:01:06.503+0000][1087812][info ][gc,metaspace] GC(58) Metaspace: 139134K(142912K)->139134K(142912K) NonClass: 120200K(122176K)->120200K(122176K) Class: 18934K(20736K)->18934K(20736K)
[2025-08-28T13:01:06.503+0000][1087812][info ][gc          ] GC(58) Pause Young (Normal) (G1 Evacuation Pause) 399M->99M(512M) 3.031ms
[2025-08-28T13:01:06.503+0000][1087812][info ][gc,cpu      ] GC(58) User=0.01s Sys=0.00s Real=0.01s
[2025-08-28T13:01:06.503+0000][1087812][info ][safepoint   ] Safepoint "G1CollectForAllocation", Time since last: 925670720 ns, Reaching safepoint: 139420 ns, Cleanup: 3495 ns, At safepoint: 3100259 ns, Total: 3243174 ns
[2025-08-28T13:01:07.503+0000][1087812][info ][safepoint   ] Safepoint "Cleanup", Time since last: 1000072005 ns, Reaching safepoint: 14302 ns, Cleanup: 9845 ns, At safepoint: 2253 ns, Total: 26400 ns
[2025-08-28T13:01:08.454+0000][1087812][info ][gc,start    ] GC(59) Pause Young (Normal) (G1 Evacuation Pause)
[2025-08-28T13:01:08.454+0000][1087812][info ][gc,task     ] GC(59) Using 12 workers of 33 for evacuation
[2025-08-28T13:01:08.454+0000][1087812][debug][gc,age      ] GC(59) Desired survivor size 20971520 bytes, new threshold 15 (max threshold 15)
[2025-08-28T13:01:08.457+0000][1087812][info ][gc,phases   ] GC(59)   Pre Evacuate Collection Set: 0.1ms
[2025-08-28T13:01:08.457+0000][1087812][info ][gc,phases   ] GC(59)   Merge Heap Roots: 0.1ms
[2025-08-28T13:01:08.457+0000][1087812][info ][gc,phases   ] GC(59)   Evacuate Collection Set: 2.3ms
[2025-08-28T13:01:08.457+0000][1087812][info ][gc,phases   ] GC(59)   Post Evacuate Collection Set: 0.3ms
[2025-08-28T13:01:08.457+0000][1087812][info ][gc,phases   ] GC(59)   Other: 0.1ms
[2025-08-28T13:01:08.457+0000][1087812][trace][gc,age      ] GC(59) Age table with threshold 15 (max threshold 15)
[2025-08-28T13:01:08.457+0000][1087812][trace][gc,age      ] GC(59) - age   1:    1310680 bytes,    1310680 total
[2025-08-28T13:01:08.457+0000][1087812][trace][gc,age      ] GC(59) - age   2:      10632 bytes,    1321312 total
[2025-08-28T13:01:08.457+0000][1087812][trace][gc,age      ] GC(59) - age   3:       1920 bytes,    1323232 total
[2025-08-28T13:01:08.457+0000][1087812][trace][gc,age      ] GC(59) - age   4:        240 bytes,    1323472 total
[2025-08-28T13:01:08.457+0000][1087812][trace][gc,age      ] GC(59) - age   5:        520 bytes,    1323992 total
[2025-08-28T13:01:08.457+0000][1087812][trace][gc,age      ] GC(59) - age   6:        648 bytes,    1324640 total
[2025-08-28T13:01:08.457+0000][1087812][trace][gc,age      ] GC(59) - age   7:        368 bytes,    1325008 total
[2025-08-28T13:01:08.457+0000][1087812][trace][gc,age      ] GC(59) - age   8:       1880 bytes,    1326888 total
[2025-08-28T13:01:08.457+0000][1087812][trace][gc,age      ] GC(59) - age   9:       6568 bytes,    1333456 total
[2025-08-28T13:01:08.457+0000][1087812][trace][gc,age      ] GC(59) - age  10:       4624 bytes,    1338080 total
[2025-08-28T13:01:08.457+0000][1087812][trace][gc,age      ] GC(59) - age  12:       2552 bytes,    1340632 total
[2025-08-28T13:01:08.457+0000][1087812][trace][gc,age      ] GC(59) - age  13:        248 bytes,    1340880 total
[2025-08-28T13:01:08.457+0000][1087812][trace][gc,age      ] GC(59) - age  14:        984 bytes,    1341864 total
[2025-08-28T13:01:08.457+0000][1087812][trace][gc,age      ] GC(59) - age  15:       1240 bytes,    1343104 total
[2025-08-28T13:01:08.457+0000][1087812][info ][gc,heap     ] GC(59) Eden regions: 75->0(75)
[2025-08-28T13:01:08.457+0000][1087812][info ][gc,heap     ] GC(59) Survivor regions: 1->1(10)
[2025-08-28T13:01:08.457+0000][1087812][info ][gc,heap     ] GC(59) Old regions: 25->25
[2025-08-28T13:01:08.457+0000][1087812][info ][gc,heap     ] GC(59) Humongous regions: 0->0
[2025-08-28T13:01:08.457+0000][1087812][info ][gc,metaspace] GC(59) Metaspace: 139135K(142912K)->139135K(142912K) NonClass: 120201K(122176K)->120201K(122176K) Class: 18934K(20736K)->18934K(20736K)
[2025-08-28T13:01:08.457+0000][1087812][info ][gc          ] GC(59) Pause Young (Normal) (G1 Evacuation Pause) 399M->100M(512M) 3.032ms
[2025-08-28T13:01:08.457+0000][1087812][info ][gc,cpu      ] GC(59) User=0.01s Sys=0.01s Real=0.00s
[2025-08-28T13:01:08.457+0000][1087812][info ][safepoint   ] Safepoint "G1CollectForAllocation", Time since last: 950970515 ns, Reaching safepoint: 138899 ns, Cleanup: 3876 ns, At safepoint: 3100048 ns, Total: 3242823 ns
[2025-08-28T13:01:09.457+0000][1087812][info ][safepoint   ] Safepoint "Cleanup", Time since last: 1000069712 ns, Reaching safepoint: 11017 ns, Cleanup: 10085 ns, At safepoint: 2344 ns, Total: 23446 ns
[2025-08-28T13:01:10.417+0000][1087812][info ][gc,start    ] GC(60) Pause Young (Normal) (G1 Evacuation Pause)
[2025-08-28T13:01:10.417+0000][1087812][info ][gc,task     ] GC(60) Using 12 workers of 33 for evacuation
[2025-08-28T13:01:10.417+0000][1087812][debug][gc,age      ] GC(60) Desired survivor size 20971520 bytes, new threshold 15 (max threshold 15)
[2025-08-28T13:01:10.420+0000][1087812][info ][gc,phases   ] GC(60)   Pre Evacuate Collection Set: 0.2ms
[2025-08-28T13:01:10.420+0000][1087812][info ][gc,phases   ] GC(60)   Merge Heap Roots: 0.1ms
[2025-08-28T13:01:10.420+0000][1087812][info ][gc,phases   ] GC(60)   Evacuate Collection Set: 1.8ms
[2025-08-28T13:01:10.420+0000][1087812][info ][gc,phases   ] GC(60)   Post Evacuate Collection Set: 0.4ms
[2025-08-28T13:01:10.420+0000][1087812][info ][gc,phases   ] GC(60)   Other: 0.1ms
[2025-08-28T13:01:10.420+0000][1087812][trace][gc,age      ] GC(60) Age table with threshold 15 (max threshold 15)
[2025-08-28T13:01:10.420+0000][1087812][trace][gc,age      ] GC(60) - age   1:    1076704 bytes,    1076704 total
[2025-08-28T13:01:10.420+0000][1087812][trace][gc,age      ] GC(60) - age   2:       2944 bytes,    1079648 total
[2025-08-28T13:01:10.420+0000][1087812][trace][gc,age      ] GC(60) - age   3:      10632 bytes,    1090280 total
[2025-08-28T13:01:10.420+0000][1087812][trace][gc,age      ] GC(60) - age   4:       1208 bytes,    1091488 total
[2025-08-28T13:01:10.420+0000][1087812][trace][gc,age      ] GC(60) - age   5:        240 bytes,    1091728 total
[2025-08-28T13:01:10.420+0000][1087812][trace][gc,age      ] GC(60) - age   6:        520 bytes,    1092248 total
[2025-08-28T13:01:10.420+0000][1087812][trace][gc,age      ] GC(60) - age   7:        648 bytes,    1092896 total
[2025-08-28T13:01:10.420+0000][1087812][trace][gc,age      ] GC(60) - age   8:        368 bytes,    1093264 total
[2025-08-28T13:01:10.420+0000][1087812][trace][gc,age      ] GC(60) - age   9:       1880 bytes,    1095144 total
[2025-08-28T13:01:10.420+0000][1087812][trace][gc,age      ] GC(60) - age  10:       6568 bytes,    1101712 total
[2025-08-28T13:01:10.420+0000][1087812][trace][gc,age      ] GC(60) - age  11:       4624 bytes,    1106336 total
[2025-08-28T13:01:10.420+0000][1087812][trace][gc,age      ] GC(60) - age  13:       2552 bytes,    1108888 total
[2025-08-28T13:01:10.420+0000][1087812][trace][gc,age      ] GC(60) - age  15:        984 bytes,    1109872 total
[2025-08-28T13:01:10.420+0000][1087812][info ][gc,heap     ] GC(60) Eden regions: 75->0(75)
[2025-08-28T13:01:10.420+0000][1087812][info ][gc,heap     ] GC(60) Survivor regions: 1->1(10)
[2025-08-28T13:01:10.420+0000][1087812][info ][gc,heap     ] GC(60) Old regions: 25->25
[2025-08-28T13:01:10.420+0000][1087812][info ][gc,heap     ] GC(60) Humongous regions: 0->0
[2025-08-28T13:01:10.420+0000][1087812][info ][gc,metaspace] GC(60) Metaspace: 139135K(142912K)->139135K(142912K) NonClass: 120201K(122176K)->120201K(122176K) Class: 18934K(20736K)->18934K(20736K)
[2025-08-28T13:01:10.420+0000][1087812][info ][gc          ] GC(60) Pause Young (Normal) (G1 Evacuation Pause) 400M->100M(512M) 2.664ms
[2025-08-28T13:01:10.420+0000][1087812][info ][gc,cpu      ] GC(60) User=0.01s Sys=0.00s Real=0.00s
[2025-08-28T13:01:10.420+0000][1087812][info ][safepoint   ] Safepoint "G1CollectForAllocation", Time since last: 959575695 ns, Reaching safepoint: 42164 ns, Cleanup: 3966 ns, At safepoint: 2733357 ns, Total: 2779487 ns
[2025-08-28T13:01:11.420+0000][1087812][info ][safepoint   ] Safepoint "Cleanup", Time since last: 1000074630 ns, Reaching safepoint: 12208 ns, Cleanup: 15523 ns, At safepoint: 2364 ns, Total: 30095 ns
[2025-08-28T13:01:12.405+0000][1087812][info ][gc,start    ] GC(61) Pause Young (Normal) (G1 Evacuation Pause)
[2025-08-28T13:01:12.405+0000][1087812][info ][gc,task     ] GC(61) Using 12 workers of 33 for evacuation
[2025-08-28T13:01:12.405+0000][1087812][debug][gc,age      ] GC(61) Desired survivor size 20971520 bytes, new threshold 15 (max threshold 15)
[2025-08-28T13:01:12.407+0000][1087812][info ][gc,phases   ] GC(61)   Pre Evacuate Collection Set: 0.2ms
[2025-08-28T13:01:12.407+0000][1087812][info ][gc,phases   ] GC(61)   Merge Heap Roots: 0.0ms
[2025-08-28T13:01:12.407+0000][1087812][info ][gc,phases   ] GC(61)   Evacuate Collection Set: 1.8ms
[2025-08-28T13:01:12.407+0000][1087812][info ][gc,phases   ] GC(61)   Post Evacuate Collection Set: 0.4ms
[2025-08-28T13:01:12.407+0000][1087812][info ][gc,phases   ] GC(61)   Other: 0.0ms
[2025-08-28T13:01:12.407+0000][1087812][trace][gc,age      ] GC(61) Age table with threshold 15 (max threshold 15)
[2025-08-28T13:01:12.407+0000][1087812][trace][gc,age      ] GC(61) - age   1:    1076432 bytes,    1076432 total
[2025-08-28T13:01:12.407+0000][1087812][trace][gc,age      ] GC(61) - age   2:        888 bytes,    1077320 total
[2025-08-28T13:01:12.407+0000][1087812][trace][gc,age      ] GC(61) - age   3:       2944 bytes,    1080264 total
[2025-08-28T13:01:12.407+0000][1087812][trace][gc,age      ] GC(61) - age   4:      10632 bytes,    1090896 total
[2025-08-28T13:01:12.407+0000][1087812][trace][gc,age      ] GC(61) - age   5:       1208 bytes,    1092104 total
[2025-08-28T13:01:12.407+0000][1087812][trace][gc,age      ] GC(61) - age   7:        520 bytes,    1092624 total
[2025-08-28T13:01:12.407+0000][1087812][trace][gc,age      ] GC(61) - age   8:        648 bytes,    1093272 total
[2025-08-28T13:01:12.407+0000][1087812][trace][gc,age      ] GC(61) - age   9:        368 bytes,    1093640 total
[2025-08-28T13:01:12.407+0000][1087812][trace][gc,age      ] GC(61) - age  10:       1880 bytes,    1095520 total
[2025-08-28T13:01:12.407+0000][1087812][trace][gc,age      ] GC(61) - age  11:       6568 bytes,    1102088 total
[2025-08-28T13:01:12.407+0000][1087812][trace][gc,age      ] GC(61) - age  12:       4624 bytes,    1106712 total
[2025-08-28T13:01:12.407+0000][1087812][trace][gc,age      ] GC(61) - age  14:       2552 bytes,    1109264 total
[2025-08-28T13:01:12.407+0000][1087812][info ][gc,heap     ] GC(61) Eden regions: 75->0(75)
[2025-08-28T13:01:12.407+0000][1087812][info ][gc,heap     ] GC(61) Survivor regions: 1->1(10)
[2025-08-28T13:01:12.407+0000][1087812][info ][gc,heap     ] GC(61) Old regions: 25->25
[2025-08-28T13:01:12.407+0000][1087812][info ][gc,heap     ] GC(61) Humongous regions: 0->0
[2025-08-28T13:01:12.407+0000][1087812][info ][gc,metaspace] GC(61) Metaspace: 139146K(142976K)->139146K(142976K) NonClass: 120212K(122240K)->120212K(122240K) Class: 18934K(20736K)->18934K(20736K)
[2025-08-28T13:01:12.407+0000][1087812][info ][gc          ] GC(61) Pause Young (Normal) (G1 Evacuation Pause) 400M->99M(512M) 2.590ms
[2025-08-28T13:01:12.407+0000][1087812][info ][gc,cpu      ] GC(61) User=0.01s Sys=0.00s Real=0.00s
[2025-08-28T13:01:12.407+0000][1087812][info ][safepoint   ] Safepoint "G1CollectForAllocation", Time since last: 984590723 ns, Reaching safepoint: 13170 ns, Cleanup: 9624 ns, At safepoint: 2660648 ns, Total: 2683442 ns
[2025-08-28T13:01:14.379+0000][1087812][info ][gc,start    ] GC(62) Pause Young (Normal) (G1 Evacuation Pause)
[2025-08-28T13:01:14.379+0000][1087812][info ][gc,task     ] GC(62) Using 12 workers of 33 for evacuation
[2025-08-28T13:01:14.379+0000][1087812][debug][gc,age      ] GC(62) Desired survivor size 20971520 bytes, new threshold 15 (max threshold 15)
[2025-08-28T13:01:14.382+0000][1087812][info ][gc,phases   ] GC(62)   Pre Evacuate Collection Set: 0.2ms
[2025-08-28T13:01:14.382+0000][1087812][info ][gc,phases   ] GC(62)   Merge Heap Roots: 0.1ms
[2025-08-28T13:01:14.382+0000][1087812][info ][gc,phases   ] GC(62)   Evacuate Collection Set: 2.1ms
[2025-08-28T13:01:14.382+0000][1087812][info ][gc,phases   ] GC(62)   Post Evacuate Collection Set: 0.4ms
[2025-08-28T13:01:14.382+0000][1087812][info ][gc,phases   ] GC(62)   Other: 0.1ms
[2025-08-28T13:01:14.382+0000][1087812][trace][gc,age      ] GC(62) Age table with threshold 15 (max threshold 15)
[2025-08-28T13:01:14.382+0000][1087812][trace][gc,age      ] GC(62) - age   1:    1094432 bytes,    1094432 total
[2025-08-28T13:01:14.382+0000][1087812][trace][gc,age      ] GC(62) - age   2:        656 bytes,    1095088 total
[2025-08-28T13:01:14.382+0000][1087812][trace][gc,age      ] GC(62) - age   3:        176 bytes,    1095264 total
[2025-08-28T13:01:14.382+0000][1087812][trace][gc,age      ] GC(62) - age   4:       2944 bytes,    1098208 total
[2025-08-28T13:01:14.382+0000][1087812][trace][gc,age      ] GC(62) - age   5:      10632 bytes,    1108840 total
[2025-08-28T13:01:14.382+0000][1087812][trace][gc,age      ] GC(62) - age   6:       1208 bytes,    1110048 total
[2025-08-28T13:01:14.382+0000][1087812][trace][gc,age      ] GC(62) - age   8:        520 bytes,    1110568 total
[2025-08-28T13:01:14.382+0000][1087812][trace][gc,age      ] GC(62) - age   9:        648 bytes,    1111216 total
[2025-08-28T13:01:14.382+0000][1087812][trace][gc,age      ] GC(62) - age  10:        368 bytes,    1111584 total
[2025-08-28T13:01:14.382+0000][1087812][trace][gc,age      ] GC(62) - age  11:       1880 bytes,    1113464 total
[2025-08-28T13:01:14.382+0000][1087812][trace][gc,age      ] GC(62) - age  12:       6320 bytes,    1119784 total
[2025-08-28T13:01:14.382+0000][1087812][trace][gc,age      ] GC(62) - age  13:       4624 bytes,    1124408 total
[2025-08-28T13:01:14.382+0000][1087812][trace][gc,age      ] GC(62) - age  15:       2552 bytes,    1126960 total
[2025-08-28T13:01:14.382+0000][1087812][info ][gc,heap     ] GC(62) Eden regions: 75->0(75)
[2025-08-28T13:01:14.382+0000][1087812][info ][gc,heap     ] GC(62) Survivor regions: 1->1(10)
[2025-08-28T13:01:14.382+0000][1087812][info ][gc,heap     ] GC(62) Old regions: 25->25
[2025-08-28T13:01:14.382+0000][1087812][info ][gc,heap     ] GC(62) Humongous regions: 0->0
[2025-08-28T13:01:14.382+0000][1087812][info ][gc,metaspace] GC(62) Metaspace: 139147K(142976K)->139147K(142976K) NonClass: 120213K(122240K)->120213K(122240K) Class: 18934K(20736K)->18934K(20736K)
[2025-08-28T13:01:14.382+0000][1087812][info ][gc          ] GC(62) Pause Young (Normal) (G1 Evacuation Pause) 399M->99M(512M) 2.867ms
[2025-08-28T13:01:14.382+0000][1087812][info ][gc,cpu      ] GC(62) User=0.01s Sys=0.00s Real=0.01s
[2025-08-28T13:01:14.382+0000][1087812][info ][safepoint   ] Safepoint "G1CollectForAllocation", Time since last: 1971925200 ns, Reaching safepoint: 76856 ns, Cleanup: 5418 ns, At safepoint: 2940688 ns, Total: 3022962 ns
[2025-08-28T13:01:16.355+0000][1087812][info ][gc,start    ] GC(63) Pause Young (Normal) (G1 Evacuation Pause)
[2025-08-28T13:01:16.355+0000][1087812][info ][gc,task     ] GC(63) Using 12 workers of 33 for evacuation
[2025-08-28T13:01:16.355+0000][1087812][debug][gc,age      ] GC(63) Desired survivor size 20971520 bytes, new threshold 15 (max threshold 15)
[2025-08-28T13:01:16.358+0000][1087812][info ][gc,phases   ] GC(63)   Pre Evacuate Collection Set: 0.1ms
[2025-08-28T13:01:16.358+0000][1087812][info ][gc,phases   ] GC(63)   Merge Heap Roots: 0.1ms
[2025-08-28T13:01:16.358+0000][1087812][info ][gc,phases   ] GC(63)   Evacuate Collection Set: 1.8ms
[2025-08-28T13:01:16.358+0000][1087812][info ][gc,phases   ] GC(63)   Post Evacuate Collection Set: 0.4ms
[2025-08-28T13:01:16.358+0000][1087812][info ][gc,phases   ] GC(63)   Other: 0.1ms
[2025-08-28T13:01:16.358+0000][1087812][trace][gc,age      ] GC(63) Age table with threshold 15 (max threshold 15)
[2025-08-28T13:01:16.358+0000][1087812][trace][gc,age      ] GC(63) - age   1:     820960 bytes,     820960 total
[2025-08-28T13:01:16.358+0000][1087812][trace][gc,age      ] GC(63) - age   2:       1208 bytes,     822168 total
[2025-08-28T13:01:16.358+0000][1087812][trace][gc,age      ] GC(63) - age   3:        656 bytes,     822824 total
[2025-08-28T13:01:16.358+0000][1087812][trace][gc,age      ] GC(63) - age   4:        176 bytes,     823000 total
[2025-08-28T13:01:16.358+0000][1087812][trace][gc,age      ] GC(63) - age   5:       2944 bytes,     825944 total
[2025-08-28T13:01:16.358+0000][1087812][trace][gc,age      ] GC(63) - age   6:      10632 bytes,     836576 total
[2025-08-28T13:01:16.358+0000][1087812][trace][gc,age      ] GC(63) - age   7:       1208 bytes,     837784 total
[2025-08-28T13:01:16.358+0000][1087812][trace][gc,age      ] GC(63) - age   9:        520 bytes,     838304 total
[2025-08-28T13:01:16.358+0000][1087812][trace][gc,age      ] GC(63) - age  10:        648 bytes,     838952 total
[2025-08-28T13:01:16.358+0000][1087812][trace][gc,age      ] GC(63) - age  11:        368 bytes,     839320 total
[2025-08-28T13:01:16.358+0000][1087812][trace][gc,age      ] GC(63) - age  12:       1880 bytes,     841200 total
[2025-08-28T13:01:16.358+0000][1087812][trace][gc,age      ] GC(63) - age  13:       6320 bytes,     847520 total
[2025-08-28T13:01:16.358+0000][1087812][trace][gc,age      ] GC(63) - age  14:       4624 bytes,     852144 total
[2025-08-28T13:01:16.358+0000][1087812][info ][gc,heap     ] GC(63) Eden regions: 75->0(75)
[2025-08-28T13:01:16.358+0000][1087812][info ][gc,heap     ] GC(63) Survivor regions: 1->1(10)
[2025-08-28T13:01:16.358+0000][1087812][info ][gc,heap     ] GC(63) Old regions: 25->25
[2025-08-28T13:01:16.358+0000][1087812][info ][gc,heap     ] GC(63) Humongous regions: 0->0
[2025-08-28T13:01:16.358+0000][1087812][info ][gc,metaspace] GC(63) Metaspace: 139147K(142976K)->139147K(142976K) NonClass: 120213K(122240K)->120213K(122240K) Class: 18934K(20736K)->18934K(20736K)
[2025-08-28T13:01:16.358+0000][1087812][info ][gc          ] GC(63) Pause Young (Normal) (G1 Evacuation Pause) 399M->99M(512M) 2.587ms
[2025-08-28T13:01:16.358+0000][1087812][info ][gc,cpu      ] GC(63) User=0.01s Sys=0.00s Real=0.00s
[2025-08-28T13:01:16.358+0000][1087812][info ][safepoint   ] Safepoint "G1CollectForAllocation", Time since last: 1972915278 ns, Reaching safepoint: 39800 ns, Cleanup: 9284 ns, At safepoint: 2656772 ns, Total: 2705856 ns
[2025-08-28T13:01:18.343+0000][1087812][info ][gc,start    ] GC(64) Pause Young (Normal) (G1 Evacuation Pause)
[2025-08-28T13:01:18.343+0000][1087812][info ][gc,task     ] GC(64) Using 12 workers of 33 for evacuation
[2025-08-28T13:01:18.343+0000][1087812][debug][gc,age      ] GC(64) Desired survivor size 20971520 bytes, new threshold 15 (max threshold 15)
[2025-08-28T13:01:18.345+0000][1087812][info ][gc,phases   ] GC(64)   Pre Evacuate Collection Set: 0.2ms
[2025-08-28T13:01:18.345+0000][1087812][info ][gc,phases   ] GC(64)   Merge Heap Roots: 0.0ms
[2025-08-28T13:01:18.345+0000][1087812][info ][gc,phases   ] GC(64)   Evacuate Collection Set: 1.7ms
[2025-08-28T13:01:18.345+0000][1087812][info ][gc,phases   ] GC(64)   Post Evacuate Collection Set: 0.3ms
[2025-08-28T13:01:18.345+0000][1087812][info ][gc,phases   ] GC(64)   Other: 0.0ms
[2025-08-28T13:01:18.345+0000][1087812][trace][gc,age      ] GC(64) Age table with threshold 15 (max threshold 15)
[2025-08-28T13:01:18.345+0000][1087812][trace][gc,age      ] GC(64) - age   1:    1202680 bytes,    1202680 total
[2025-08-28T13:01:18.345+0000][1087812][trace][gc,age      ] GC(64) - age   3:       1208 bytes,    1203888 total
[2025-08-28T13:01:18.345+0000][1087812][trace][gc,age      ] GC(64) - age   4:        656 bytes,    1204544 total
[2025-08-28T13:01:18.345+0000][1087812][trace][gc,age      ] GC(64) - age   5:        176 bytes,    1204720 total
[2025-08-28T13:01:18.345+0000][1087812][trace][gc,age      ] GC(64) - age   6:       2944 bytes,    1207664 total
[2025-08-28T13:01:18.345+0000][1087812][trace][gc,age      ] GC(64) - age   7:      10632 bytes,    1218296 total
[2025-08-28T13:01:18.345+0000][1087812][trace][gc,age      ] GC(64) - age   8:       1208 bytes,    1219504 total
[2025-08-28T13:01:18.345+0000][1087812][trace][gc,age      ] GC(64) - age  10:        520 bytes,    1220024 total
[2025-08-28T13:01:18.345+0000][1087812][trace][gc,age      ] GC(64) - age  11:        648 bytes,    1220672 total
[2025-08-28T13:01:18.345+0000][1087812][trace][gc,age      ] GC(64) - age  12:        368 bytes,    1221040 total
[2025-08-28T13:01:18.345+0000][1087812][trace][gc,age      ] GC(64) - age  13:       1880 bytes,    1222920 total
[2025-08-28T13:01:18.345+0000][1087812][trace][gc,age      ] GC(64) - age  14:       6320 bytes,    1229240 total
[2025-08-28T13:01:18.345+0000][1087812][trace][gc,age      ] GC(64) - age  15:       4624 bytes,    1233864 total
[2025-08-28T13:01:18.345+0000][1087812][info ][gc,heap     ] GC(64) Eden regions: 75->0(75)
[2025-08-28T13:01:18.345+0000][1087812][info ][gc,heap     ] GC(64) Survivor regions: 1->1(10)
[2025-08-28T13:01:18.345+0000][1087812][info ][gc,heap     ] GC(64) Old regions: 25->25
[2025-08-28T13:01:18.345+0000][1087812][info ][gc,heap     ] GC(64) Humongous regions: 0->0
[2025-08-28T13:01:18.345+0000][1087812][info ][gc,metaspace] GC(64) Metaspace: 139149K(142976K)->139149K(142976K) NonClass: 120215K(122240K)->120215K(122240K) Class: 18934K(20736K)->18934K(20736K)
[2025-08-28T13:01:18.345+0000][1087812][info ][gc          ] GC(64) Pause Young (Normal) (G1 Evacuation Pause) 399M->100M(512M) 2.419ms
[2025-08-28T13:01:18.345+0000][1087812][info ][gc,cpu      ] GC(64) User=0.01s Sys=0.00s Real=0.00s
[2025-08-28T13:01:18.345+0000][1087812][info ][safepoint   ] Safepoint "G1CollectForAllocation", Time since last: 1984937942 ns, Reaching safepoint: 10456 ns, Cleanup: 9925 ns, At safepoint: 2486827 ns, Total: 2507208 ns
[2025-08-28T13:01:19.345+0000][1087812][info ][safepoint   ] Safepoint "Cleanup", Time since last: 1000070653 ns, Reaching safepoint: 10436 ns, Cleanup: 14081 ns, At safepoint: 2204 ns, Total: 26721 ns
[2025-08-28T13:01:20.352+0000][1087812][info ][gc,start    ] GC(65) Pause Young (Normal) (G1 Evacuation Pause)
[2025-08-28T13:01:20.352+0000][1087812][info ][gc,task     ] GC(65) Using 12 workers of 33 for evacuation
[2025-08-28T13:01:20.352+0000][1087812][debug][gc,age      ] GC(65) Desired survivor size 20971520 bytes, new threshold 15 (max threshold 15)
[2025-08-28T13:01:20.355+0000][1087812][info ][gc,phases   ] GC(65)   Pre Evacuate Collection Set: 0.1ms
[2025-08-28T13:01:20.355+0000][1087812][info ][gc,phases   ] GC(65)   Merge Heap Roots: 0.1ms
[2025-08-28T13:01:20.355+0000][1087812][info ][gc,phases   ] GC(65)   Evacuate Collection Set: 2.2ms
[2025-08-28T13:01:20.355+0000][1087812][info ][gc,phases   ] GC(65)   Post Evacuate Collection Set: 0.4ms
[2025-08-28T13:01:20.355+0000][1087812][info ][gc,phases   ] GC(65)   Other: 0.1ms
[2025-08-28T13:01:20.355+0000][1087812][trace][gc,age      ] GC(65) Age table with threshold 15 (max threshold 15)
[2025-08-28T13:01:20.355+0000][1087812][trace][gc,age      ] GC(65) - age   1:     973936 bytes,     973936 total
[2025-08-28T13:01:20.355+0000][1087812][trace][gc,age      ] GC(65) - age   4:        496 bytes,     974432 total
[2025-08-28T13:01:20.355+0000][1087812][trace][gc,age      ] GC(65) - age   5:        656 bytes,     975088 total
[2025-08-28T13:01:20.355+0000][1087812][trace][gc,age      ] GC(65) - age   6:        176 bytes,     975264 total
[2025-08-28T13:01:20.355+0000][1087812][trace][gc,age      ] GC(65) - age   7:       2944 bytes,     978208 total
[2025-08-28T13:01:20.355+0000][1087812][trace][gc,age      ] GC(65) - age   8:      10472 bytes,     988680 total
[2025-08-28T13:01:20.355+0000][1087812][trace][gc,age      ] GC(65) - age   9:       1208 bytes,     989888 total
[2025-08-28T13:01:20.355+0000][1087812][trace][gc,age      ] GC(65) - age  11:         48 bytes,     989936 total
[2025-08-28T13:01:20.355+0000][1087812][trace][gc,age      ] GC(65) - age  12:        648 bytes,     990584 total
[2025-08-28T13:01:20.355+0000][1087812][trace][gc,age      ] GC(65) - age  13:        368 bytes,     990952 total
[2025-08-28T13:01:20.355+0000][1087812][trace][gc,age      ] GC(65) - age  14:       1880 bytes,     992832 total
[2025-08-28T13:01:20.355+0000][1087812][trace][gc,age      ] GC(65) - age  15:       6320 bytes,     999152 total
[2025-08-28T13:01:20.355+0000][1087812][info ][gc,heap     ] GC(65) Eden regions: 75->0(75)
[2025-08-28T13:01:20.355+0000][1087812][info ][gc,heap     ] GC(65) Survivor regions: 1->1(10)
[2025-08-28T13:01:20.355+0000][1087812][info ][gc,heap     ] GC(65) Old regions: 25->25
[2025-08-28T13:01:20.355+0000][1087812][info ][gc,heap     ] GC(65) Humongous regions: 0->0
[2025-08-28T13:01:20.355+0000][1087812][info ][gc,metaspace] GC(65) Metaspace: 139162K(142976K)->139162K(142976K) NonClass: 120228K(122240K)->120228K(122240K) Class: 18934K(20736K)->18934K(20736K)
[2025-08-28T13:01:20.355+0000][1087812][info ][gc          ] GC(65) Pause Young (Normal) (G1 Evacuation Pause) 400M->99M(512M) 3.002ms
[2025-08-28T13:01:20.355+0000][1087812][info ][gc,cpu      ] GC(65) User=0.02s Sys=0.00s Real=0.00s
[2025-08-28T13:01:20.355+0000][1087812][info ][safepoint   ] Safepoint "G1CollectForAllocation", Time since last: 1006845313 ns, Reaching safepoint: 11698 ns, Cleanup: 4296 ns, At safepoint: 3078376 ns, Total: 3094370 ns
[2025-08-28T13:01:21.633+0000][1087812][info ][safepoint   ] Safepoint "Cleanup", Time since last: 1277487272 ns, Reaching safepoint: 39639 ns, Cleanup: 9915 ns, At safepoint: 3485 ns, Total: 53039 ns
[2025-08-28T13:01:22.296+0000][1087812][info ][gc,start    ] GC(66) Pause Young (Normal) (G1 Evacuation Pause)
[2025-08-28T13:01:22.296+0000][1087812][info ][gc,task     ] GC(66) Using 12 workers of 33 for evacuation
[2025-08-28T13:01:22.296+0000][1087812][debug][gc,age      ] GC(66) Desired survivor size 20971520 bytes, new threshold 15 (max threshold 15)
[2025-08-28T13:01:22.299+0000][1087812][info ][gc,phases   ] GC(66)   Pre Evacuate Collection Set: 0.1ms
[2025-08-28T13:01:22.299+0000][1087812][info ][gc,phases   ] GC(66)   Merge Heap Roots: 0.1ms
[2025-08-28T13:01:22.299+0000][1087812][info ][gc,phases   ] GC(66)   Evacuate Collection Set: 1.8ms
[2025-08-28T13:01:22.299+0000][1087812][info ][gc,phases   ] GC(66)   Post Evacuate Collection Set: 0.4ms
[2025-08-28T13:01:22.299+0000][1087812][info ][gc,phases   ] GC(66)   Other: 0.1ms
[2025-08-28T13:01:22.299+0000][1087812][trace][gc,age      ] GC(66) Age table with threshold 15 (max threshold 15)
[2025-08-28T13:01:22.299+0000][1087812][trace][gc,age      ] GC(66) - age   1:    1149960 bytes,    1149960 total
[2025-08-28T13:01:22.299+0000][1087812][trace][gc,age      ] GC(66) - age   2:       2808 bytes,    1152768 total
[2025-08-28T13:01:22.299+0000][1087812][trace][gc,age      ] GC(66) - age   5:        496 bytes,    1153264 total
[2025-08-28T13:01:22.299+0000][1087812][trace][gc,age      ] GC(66) - age   6:        416 bytes,    1153680 total
[2025-08-28T13:01:22.299+0000][1087812][trace][gc,age      ] GC(66) - age   7:        176 bytes,    1153856 total
[2025-08-28T13:01:22.299+0000][1087812][trace][gc,age      ] GC(66) - age   8:        272 bytes,    1154128 total
[2025-08-28T13:01:22.299+0000][1087812][trace][gc,age      ] GC(66) - age   9:        472 bytes,    1154600 total
[2025-08-28T13:01:22.299+0000][1087812][trace][gc,age      ] GC(66) - age  10:       1208 bytes,    1155808 total
[2025-08-28T13:01:22.299+0000][1087812][trace][gc,age      ] GC(66) - age  13:        648 bytes,    1156456 total
[2025-08-28T13:01:22.299+0000][1087812][trace][gc,age      ] GC(66) - age  14:        368 bytes,    1156824 total
[2025-08-28T13:01:22.299+0000][1087812][trace][gc,age      ] GC(66) - age  15:       1880 bytes,    1158704 total
[2025-08-28T13:01:22.299+0000][1087812][info ][gc,heap     ] GC(66) Eden regions: 75->0(75)
[2025-08-28T13:01:22.299+0000][1087812][info ][gc,heap     ] GC(66) Survivor regions: 1->1(10)
[2025-08-28T13:01:22.299+0000][1087812][info ][gc,heap     ] GC(66) Old regions: 25->25
[2025-08-28T13:01:22.299+0000][1087812][info ][gc,heap     ] GC(66) Humongous regions: 0->0
[2025-08-28T13:01:22.299+0000][1087812][info ][gc,metaspace] GC(66) Metaspace: 139162K(142976K)->139162K(142976K) NonClass: 120228K(122240K)->120228K(122240K) Class: 18934K(20736K)->18934K(20736K)
[2025-08-28T13:01:22.299+0000][1087812][info ][gc          ] GC(66) Pause Young (Normal) (G1 Evacuation Pause) 399M->100M(512M) 2.513ms
[2025-08-28T13:01:22.299+0000][1087812][info ][gc,cpu      ] GC(66) User=0.01s Sys=0.01s Real=0.00s
[2025-08-28T13:01:22.299+0000][1087812][info ][safepoint   ] Safepoint "G1CollectForAllocation", Time since last: 663299249 ns, Reaching safepoint: 11076 ns, Cleanup: 11468 ns, At safepoint: 2579225 ns, Total: 2601769 ns
[2025-08-28T13:01:24.271+0000][1087812][info ][gc,start    ] GC(67) Pause Young (Normal) (G1 Evacuation Pause)
[2025-08-28T13:01:24.271+0000][1087812][info ][gc,task     ] GC(67) Using 12 workers of 33 for evacuation
[2025-08-28T13:01:24.271+0000][1087812][debug][gc,age      ] GC(67) Desired survivor size 20971520 bytes, new threshold 15 (max threshold 15)
[2025-08-28T13:01:24.273+0000][1087812][info ][gc,phases   ] GC(67)   Pre Evacuate Collection Set: 0.1ms
[2025-08-28T13:01:24.273+0000][1087812][info ][gc,phases   ] GC(67)   Merge Heap Roots: 0.0ms
[2025-08-28T13:01:24.273+0000][1087812][info ][gc,phases   ] GC(67)   Evacuate Collection Set: 1.6ms
[2025-08-28T13:01:24.273+0000][1087812][info ][gc,phases   ] GC(67)   Post Evacuate Collection Set: 0.4ms
[2025-08-28T13:01:24.273+0000][1087812][info ][gc,phases   ] GC(67)   Other: 0.1ms
[2025-08-28T13:01:24.273+0000][1087812][trace][gc,age      ] GC(67) Age table with threshold 15 (max threshold 15)
[2025-08-28T13:01:24.273+0000][1087812][trace][gc,age      ] GC(67) - age   1:     806056 bytes,     806056 total
[2025-08-28T13:01:24.273+0000][1087812][trace][gc,age      ] GC(67) - age   2:      13552 bytes,     819608 total
[2025-08-28T13:01:24.273+0000][1087812][trace][gc,age      ] GC(67) - age   3:       2632 bytes,     822240 total
[2025-08-28T13:01:24.273+0000][1087812][trace][gc,age      ] GC(67) - age   6:        496 bytes,     822736 total
[2025-08-28T13:01:24.273+0000][1087812][trace][gc,age      ] GC(67) - age   7:        416 bytes,     823152 total
[2025-08-28T13:01:24.273+0000][1087812][trace][gc,age      ] GC(67) - age   8:        176 bytes,     823328 total
[2025-08-28T13:01:24.273+0000][1087812][trace][gc,age      ] GC(67) - age   9:        272 bytes,     823600 total
[2025-08-28T13:01:24.273+0000][1087812][trace][gc,age      ] GC(67) - age  10:        472 bytes,     824072 total
[2025-08-28T13:01:24.273+0000][1087812][trace][gc,age      ] GC(67) - age  11:       1176 bytes,     825248 total
[2025-08-28T13:01:24.273+0000][1087812][trace][gc,age      ] GC(67) - age  14:        648 bytes,     825896 total
[2025-08-28T13:01:24.273+0000][1087812][trace][gc,age      ] GC(67) - age  15:        368 bytes,     826264 total
[2025-08-28T13:01:24.273+0000][1087812][info ][gc,heap     ] GC(67) Eden regions: 75->0(75)
[2025-08-28T13:01:24.273+0000][1087812][info ][gc,heap     ] GC(67) Survivor regions: 1->1(10)
[2025-08-28T13:01:24.273+0000][1087812][info ][gc,heap     ] GC(67) Old regions: 25->25
[2025-08-28T13:01:24.273+0000][1087812][info ][gc,heap     ] GC(67) Humongous regions: 0->0
[2025-08-28T13:01:24.273+0000][1087812][info ][gc,metaspace] GC(67) Metaspace: 139162K(142976K)->139162K(142976K) NonClass: 120228K(122240K)->120228K(122240K) Class: 18934K(20736K)->18934K(20736K)
[2025-08-28T13:01:24.273+0000][1087812][info ][gc          ] GC(67) Pause Young (Normal) (G1 Evacuation Pause) 399M->99M(512M) 2.314ms
[2025-08-28T13:01:24.273+0000][1087812][info ][gc,cpu      ] GC(67) User=0.01s Sys=0.00s Real=0.00s
[2025-08-28T13:01:24.273+0000][1087812][info ][safepoint   ] Safepoint "G1CollectForAllocation", Time since last: 1972255206 ns, Reaching safepoint: 10876 ns, Cleanup: 3405 ns, At safepoint: 2384774 ns, Total: 2399055 ns
[2025-08-28T13:01:26.234+0000][1087812][info ][gc,start    ] GC(68) Pause Young (Normal) (G1 Evacuation Pause)
[2025-08-28T13:01:26.234+0000][1087812][info ][gc,task     ] GC(68) Using 12 workers of 33 for evacuation
[2025-08-28T13:01:26.234+0000][1087812][debug][gc,age      ] GC(68) Desired survivor size 20971520 bytes, new threshold 15 (max threshold 15)
[2025-08-28T13:01:26.236+0000][1087812][info ][gc,phases   ] GC(68)   Pre Evacuate Collection Set: 0.1ms
[2025-08-28T13:01:26.236+0000][1087812][info ][gc,phases   ] GC(68)   Merge Heap Roots: 0.1ms
[2025-08-28T13:01:26.236+0000][1087812][info ][gc,phases   ] GC(68)   Evacuate Collection Set: 1.6ms
[2025-08-28T13:01:26.236+0000][1087812][info ][gc,phases   ] GC(68)   Post Evacuate Collection Set: 0.3ms
[2025-08-28T13:01:26.236+0000][1087812][info ][gc,phases   ] GC(68)   Other: 0.1ms
[2025-08-28T13:01:26.236+0000][1087812][trace][gc,age      ] GC(68) Age table with threshold 15 (max threshold 15)
[2025-08-28T13:01:26.236+0000][1087812][trace][gc,age      ] GC(68) - age   1:    1120088 bytes,    1120088 total
[2025-08-28T13:01:26.236+0000][1087812][trace][gc,age      ] GC(68) - age   2:       1960 bytes,    1122048 total
[2025-08-28T13:01:26.236+0000][1087812][trace][gc,age      ] GC(68) - age   3:      13552 bytes,    1135600 total
[2025-08-28T13:01:26.236+0000][1087812][trace][gc,age      ] GC(68) - age   4:       2096 bytes,    1137696 total
[2025-08-28T13:01:26.236+0000][1087812][trace][gc,age      ] GC(68) - age   7:        496 bytes,    1138192 total
[2025-08-28T13:01:26.236+0000][1087812][trace][gc,age      ] GC(68) - age   8:        416 bytes,    1138608 total
[2025-08-28T13:01:26.236+0000][1087812][trace][gc,age      ] GC(68) - age   9:        176 bytes,    1138784 total
[2025-08-28T13:01:26.236+0000][1087812][trace][gc,age      ] GC(68) - age  10:        272 bytes,    1139056 total
[2025-08-28T13:01:26.236+0000][1087812][trace][gc,age      ] GC(68) - age  11:        472 bytes,    1139528 total
[2025-08-28T13:01:26.236+0000][1087812][trace][gc,age      ] GC(68) - age  12:       1176 bytes,    1140704 total
[2025-08-28T13:01:26.236+0000][1087812][trace][gc,age      ] GC(68) - age  15:        648 bytes,    1141352 total
[2025-08-28T13:01:26.236+0000][1087812][info ][gc,heap     ] GC(68) Eden regions: 75->0(75)
[2025-08-28T13:01:26.236+0000][1087812][info ][gc,heap     ] GC(68) Survivor regions: 1->1(10)
[2025-08-28T13:01:26.236+0000][1087812][info ][gc,heap     ] GC(68) Old regions: 25->25
[2025-08-28T13:01:26.236+0000][1087812][info ][gc,heap     ] GC(68) Humongous regions: 0->0
[2025-08-28T13:01:26.236+0000][1087812][info ][gc,metaspace] GC(68) Metaspace: 139162K(142976K)->139162K(142976K) NonClass: 120228K(122240K)->120228K(122240K) Class: 18934K(20736K)->18934K(20736K)
[2025-08-28T13:01:26.236+0000][1087812][info ][gc          ] GC(68) Pause Young (Normal) (G1 Evacuation Pause) 399M->99M(512M) 2.254ms
[2025-08-28T13:01:26.236+0000][1087812][info ][gc,cpu      ] GC(68) User=0.01s Sys=0.00s Real=0.00s
[2025-08-28T13:01:26.236+0000][1087812][info ][safepoint   ] Safepoint "G1CollectForAllocation", Time since last: 1960185069 ns, Reaching safepoint: 38527 ns, Cleanup: 3606 ns, At safepoint: 2326255 ns, Total: 2368388 ns
[2025-08-28T13:01:28.221+0000][1087812][info ][gc,start    ] GC(69) Pause Young (Normal) (G1 Evacuation Pause)
[2025-08-28T13:01:28.221+0000][1087812][info ][gc,task     ] GC(69) Using 12 workers of 33 for evacuation
[2025-08-28T13:01:28.221+0000][1087812][debug][gc,age      ] GC(69) Desired survivor size 20971520 bytes, new threshold 15 (max threshold 15)
[2025-08-28T13:01:28.223+0000][1087812][info ][gc,phases   ] GC(69)   Pre Evacuate Collection Set: 0.1ms
[2025-08-28T13:01:28.223+0000][1087812][info ][gc,phases   ] GC(69)   Merge Heap Roots: 0.0ms
[2025-08-28T13:01:28.223+0000][1087812][info ][gc,phases   ] GC(69)   Evacuate Collection Set: 1.6ms
[2025-08-28T13:01:28.223+0000][1087812][info ][gc,phases   ] GC(69)   Post Evacuate Collection Set: 0.4ms
[2025-08-28T13:01:28.223+0000][1087812][info ][gc,phases   ] GC(69)   Other: 0.1ms
[2025-08-28T13:01:28.223+0000][1087812][trace][gc,age      ] GC(69) Age table with threshold 15 (max threshold 15)
[2025-08-28T13:01:28.223+0000][1087812][trace][gc,age      ] GC(69) - age   1:     986888 bytes,     986888 total
[2025-08-28T13:01:28.223+0000][1087812][trace][gc,age      ] GC(69) - age   2:        536 bytes,     987424 total
[2025-08-28T13:01:28.223+0000][1087812][trace][gc,age      ] GC(69) - age   3:       1960 bytes,     989384 total
[2025-08-28T13:01:28.223+0000][1087812][trace][gc,age      ] GC(69) - age   4:      13552 bytes,    1002936 total
[2025-08-28T13:01:28.223+0000][1087812][trace][gc,age      ] GC(69) - age   5:       2096 bytes,    1005032 total
[2025-08-28T13:01:28.223+0000][1087812][trace][gc,age      ] GC(69) - age   8:        496 bytes,    1005528 total
[2025-08-28T13:01:28.223+0000][1087812][trace][gc,age      ] GC(69) - age   9:        416 bytes,    1005944 total
[2025-08-28T13:01:28.223+0000][1087812][trace][gc,age      ] GC(69) - age  10:        176 bytes,    1006120 total
[2025-08-28T13:01:28.223+0000][1087812][trace][gc,age      ] GC(69) - age  11:        272 bytes,    1006392 total
[2025-08-28T13:01:28.223+0000][1087812][trace][gc,age      ] GC(69) - age  12:        472 bytes,    1006864 total
[2025-08-28T13:01:28.223+0000][1087812][trace][gc,age      ] GC(69) - age  13:       1176 bytes,    1008040 total
[2025-08-28T13:01:28.223+0000][1087812][info ][gc,heap     ] GC(69) Eden regions: 75->0(75)
[2025-08-28T13:01:28.223+0000][1087812][info ][gc,heap     ] GC(69) Survivor regions: 1->1(10)
[2025-08-28T13:01:28.223+0000][1087812][info ][gc,heap     ] GC(69) Old regions: 25->25
[2025-08-28T13:01:28.223+0000][1087812][info ][gc,heap     ] GC(69) Humongous regions: 0->0
[2025-08-28T13:01:28.223+0000][1087812][info ][gc,metaspace] GC(69) Metaspace: 139162K(142976K)->139162K(142976K) NonClass: 120228K(122240K)->120228K(122240K) Class: 18934K(20736K)->18934K(20736K)
[2025-08-28T13:01:28.223+0000][1087812][info ][gc          ] GC(69) Pause Young (Normal) (G1 Evacuation Pause) 399M->99M(512M) 2.277ms
[2025-08-28T13:01:28.223+0000][1087812][info ][gc,cpu      ] GC(69) User=0.01s Sys=0.00s Real=0.00s
[2025-08-28T13:01:28.223+0000][1087812][info ][safepoint   ] Safepoint "G1CollectForAllocation", Time since last: 1985074268 ns, Reaching safepoint: 10435 ns, Cleanup: 9254 ns, At safepoint: 2357883 ns, Total: 2377572 ns
[2025-08-28T13:01:30.183+0000][1087812][info ][gc,start    ] GC(70) Pause Young (Normal) (G1 Evacuation Pause)
[2025-08-28T13:01:30.183+0000][1087812][info ][gc,task     ] GC(70) Using 12 workers of 33 for evacuation
[2025-08-28T13:01:30.183+0000][1087812][debug][gc,age      ] GC(70) Desired survivor size 20971520 bytes, new threshold 15 (max threshold 15)
[2025-08-28T13:01:30.185+0000][1087812][info ][gc,phases   ] GC(70)   Pre Evacuate Collection Set: 0.1ms
[2025-08-28T13:01:30.185+0000][1087812][info ][gc,phases   ] GC(70)   Merge Heap Roots: 0.1ms
[2025-08-28T13:01:30.185+0000][1087812][info ][gc,phases   ] GC(70)   Evacuate Collection Set: 2.2ms
[2025-08-28T13:01:30.185+0000][1087812][info ][gc,phases   ] GC(70)   Post Evacuate Collection Set: 0.3ms
[2025-08-28T13:01:30.185+0000][1087812][info ][gc,phases   ] GC(70)   Other: 0.1ms
[2025-08-28T13:01:30.185+0000][1087812][trace][gc,age      ] GC(70) Age table with threshold 15 (max threshold 15)
[2025-08-28T13:01:30.185+0000][1087812][trace][gc,age      ] GC(70) - age   1:    1275672 bytes,    1275672 total
[2025-08-28T13:01:30.185+0000][1087812][trace][gc,age      ] GC(70) - age   4:       1784 bytes,    1277456 total
[2025-08-28T13:01:30.185+0000][1087812][trace][gc,age      ] GC(70) - age   5:      13552 bytes,    1291008 total
[2025-08-28T13:01:30.185+0000][1087812][trace][gc,age      ] GC(70) - age   6:       2096 bytes,    1293104 total
[2025-08-28T13:01:30.185+0000][1087812][trace][gc,age      ] GC(70) - age   9:        496 bytes,    1293600 total
[2025-08-28T13:01:30.185+0000][1087812][trace][gc,age      ] GC(70) - age  10:        416 bytes,    1294016 total
[2025-08-28T13:01:30.185+0000][1087812][trace][gc,age      ] GC(70) - age  11:        176 bytes,    1294192 total
[2025-08-28T13:01:30.185+0000][1087812][trace][gc,age      ] GC(70) - age  12:        272 bytes,    1294464 total
[2025-08-28T13:01:30.185+0000][1087812][trace][gc,age      ] GC(70) - age  13:        472 bytes,    1294936 total
[2025-08-28T13:01:30.185+0000][1087812][trace][gc,age      ] GC(70) - age  14:       1176 bytes,    1296112 total
[2025-08-28T13:01:30.185+0000][1087812][info ][gc,heap     ] GC(70) Eden regions: 75->0(75)
[2025-08-28T13:01:30.185+0000][1087812][info ][gc,heap     ] GC(70) Survivor regions: 1->1(10)
[2025-08-28T13:01:30.185+0000][1087812][info ][gc,heap     ] GC(70) Old regions: 25->25
[2025-08-28T13:01:30.185+0000][1087812][info ][gc,heap     ] GC(70) Humongous regions: 0->0
[2025-08-28T13:01:30.185+0000][1087812][info ][gc,metaspace] GC(70) Metaspace: 139163K(142976K)->139163K(142976K) NonClass: 120229K(122240K)->120229K(122240K) Class: 18934K(20736K)->18934K(20736K)
[2025-08-28T13:01:30.185+0000][1087812][info ][gc          ] GC(70) Pause Young (Normal) (G1 Evacuation Pause) 399M->100M(512M) 2.896ms
[2025-08-28T13:01:30.185+0000][1087812][info ][gc,cpu      ] GC(70) User=0.01s Sys=0.00s Real=0.00s
[2025-08-28T13:01:30.185+0000][1087812][info ][safepoint   ] Safepoint "G1CollectForAllocation", Time since last: 1959110865 ns, Reaching safepoint: 10846 ns, Cleanup: 3366 ns, At safepoint: 2969842 ns, Total: 2984054 ns
[2025-08-28T13:01:31.186+0000][1087812][info ][safepoint   ] Safepoint "Cleanup", Time since last: 1000068190 ns, Reaching safepoint: 36605 ns, Cleanup: 8583 ns, At safepoint: 2163 ns, Total: 47351 ns
[2025-08-28T13:01:32.158+0000][1087812][info ][gc,start    ] GC(71) Pause Young (Normal) (G1 Evacuation Pause)
[2025-08-28T13:01:32.159+0000][1087812][info ][gc,task     ] GC(71) Using 12 workers of 33 for evacuation
[2025-08-28T13:01:32.159+0000][1087812][debug][gc,age      ] GC(71) Desired survivor size 20971520 bytes, new threshold 15 (max threshold 15)
[2025-08-28T13:01:32.161+0000][1087812][info ][gc,phases   ] GC(71)   Pre Evacuate Collection Set: 0.2ms
[2025-08-28T13:01:32.161+0000][1087812][info ][gc,phases   ] GC(71)   Merge Heap Roots: 0.1ms
[2025-08-28T13:01:32.161+0000][1087812][info ][gc,phases   ] GC(71)   Evacuate Collection Set: 1.5ms
[2025-08-28T13:01:32.161+0000][1087812][info ][gc,phases   ] GC(71)   Post Evacuate Collection Set: 0.4ms
[2025-08-28T13:01:32.161+0000][1087812][info ][gc,phases   ] GC(71)   Other: 0.0ms
[2025-08-28T13:01:32.161+0000][1087812][trace][gc,age      ] GC(71) Age table with threshold 15 (max threshold 15)
[2025-08-28T13:01:32.161+0000][1087812][trace][gc,age      ] GC(71) - age   1:    1006888 bytes,    1006888 total
[2025-08-28T13:01:32.161+0000][1087812][trace][gc,age      ] GC(71) - age   2:        712 bytes,    1007600 total
[2025-08-28T13:01:32.161+0000][1087812][trace][gc,age      ] GC(71) - age   5:       1784 bytes,    1009384 total
[2025-08-28T13:01:32.161+0000][1087812][trace][gc,age      ] GC(71) - age   6:      13312 bytes,    1022696 total
[2025-08-28T13:01:32.161+0000][1087812][trace][gc,age      ] GC(71) - age   7:       2096 bytes,    1024792 total
[2025-08-28T13:01:32.161+0000][1087812][trace][gc,age      ] GC(71) - age  10:        496 bytes,    1025288 total
[2025-08-28T13:01:32.161+0000][1087812][trace][gc,age      ] GC(71) - age  11:        416 bytes,    1025704 total
[2025-08-28T13:01:32.161+0000][1087812][trace][gc,age      ] GC(71) - age  12:        176 bytes,    1025880 total
[2025-08-28T13:01:32.161+0000][1087812][trace][gc,age      ] GC(71) - age  13:        272 bytes,    1026152 total
[2025-08-28T13:01:32.161+0000][1087812][trace][gc,age      ] GC(71) - age  14:        472 bytes,    1026624 total
[2025-08-28T13:01:32.161+0000][1087812][trace][gc,age      ] GC(71) - age  15:       1176 bytes,    1027800 total
[2025-08-28T13:01:32.161+0000][1087812][info ][gc,heap     ] GC(71) Eden regions: 75->0(75)
[2025-08-28T13:01:32.161+0000][1087812][info ][gc,heap     ] GC(71) Survivor regions: 1->1(10)
[2025-08-28T13:01:32.161+0000][1087812][info ][gc,heap     ] GC(71) Old regions: 25->25
[2025-08-28T13:01:32.161+0000][1087812][info ][gc,heap     ] GC(71) Humongous regions: 0->0
[2025-08-28T13:01:32.161+0000][1087812][info ][gc,metaspace] GC(71) Metaspace: 139163K(142976K)->139163K(142976K) NonClass: 120229K(122240K)->120229K(122240K) Class: 18934K(20736K)->18934K(20736K)
[2025-08-28T13:01:32.161+0000][1087812][info ][gc          ] GC(71) Pause Young (Normal) (G1 Evacuation Pause) 400M->99M(512M) 2.308ms
[2025-08-28T13:01:32.161+0000][1087812][info ][gc,cpu      ] GC(71) User=0.00s Sys=0.00s Real=0.01s
[2025-08-28T13:01:32.161+0000][1087812][info ][safepoint   ] Safepoint "G1CollectForAllocation", Time since last: 972887699 ns, Reaching safepoint: 10395 ns, Cleanup: 13120 ns, At safepoint: 2374488 ns, Total: 2398003 ns
[2025-08-28T13:01:33.161+0000][1087812][info ][safepoint   ] Safepoint "Cleanup", Time since last: 1000076082 ns, Reaching safepoint: 10736 ns, Cleanup: 15673 ns, At safepoint: 1963 ns, Total: 28372 ns
[2025-08-28T13:01:34.134+0000][1087812][info ][gc,start    ] GC(72) Pause Young (Normal) (G1 Evacuation Pause)
[2025-08-28T13:01:34.134+0000][1087812][info ][gc,task     ] GC(72) Using 12 workers of 33 for evacuation
[2025-08-28T13:01:34.134+0000][1087812][debug][gc,age      ] GC(72) Desired survivor size 20971520 bytes, new threshold 15 (max threshold 15)
[2025-08-28T13:01:34.136+0000][1087812][info ][gc,phases   ] GC(72)   Pre Evacuate Collection Set: 0.1ms
[2025-08-28T13:01:34.136+0000][1087812][info ][gc,phases   ] GC(72)   Merge Heap Roots: 0.0ms
[2025-08-28T13:01:34.136+0000][1087812][info ][gc,phases   ] GC(72)   Evacuate Collection Set: 1.5ms
[2025-08-28T13:01:34.136+0000][1087812][info ][gc,phases   ] GC(72)   Post Evacuate Collection Set: 0.4ms
[2025-08-28T13:01:34.136+0000][1087812][info ][gc,phases   ] GC(72)   Other: 0.1ms
[2025-08-28T13:01:34.136+0000][1087812][trace][gc,age      ] GC(72) Age table with threshold 15 (max threshold 15)
[2025-08-28T13:01:34.136+0000][1087812][trace][gc,age      ] GC(72) - age   1:    1122160 bytes,    1122160 total
[2025-08-28T13:01:34.136+0000][1087812][trace][gc,age      ] GC(72) - age   2:       3480 bytes,    1125640 total
[2025-08-28T13:01:34.136+0000][1087812][trace][gc,age      ] GC(72) - age   3:        712 bytes,    1126352 total
[2025-08-28T13:01:34.136+0000][1087812][trace][gc,age      ] GC(72) - age   6:       1752 bytes,    1128104 total
[2025-08-28T13:01:34.136+0000][1087812][trace][gc,age      ] GC(72) - age   7:      13312 bytes,    1141416 total
[2025-08-28T13:01:34.136+0000][1087812][trace][gc,age      ] GC(72) - age   8:       2096 bytes,    1143512 total
[2025-08-28T13:01:34.136+0000][1087812][trace][gc,age      ] GC(72) - age  11:        496 bytes,    1144008 total
[2025-08-28T13:01:34.136+0000][1087812][trace][gc,age      ] GC(72) - age  12:        416 bytes,    1144424 total
[2025-08-28T13:01:34.136+0000][1087812][trace][gc,age      ] GC(72) - age  13:        176 bytes,    1144600 total
[2025-08-28T13:01:34.136+0000][1087812][trace][gc,age      ] GC(72) - age  14:        272 bytes,    1144872 total
[2025-08-28T13:01:34.136+0000][1087812][trace][gc,age      ] GC(72) - age  15:        472 bytes,    1145344 total
[2025-08-28T13:01:34.136+0000][1087812][info ][gc,heap     ] GC(72) Eden regions: 75->0(75)
[2025-08-28T13:01:34.136+0000][1087812][info ][gc,heap     ] GC(72) Survivor regions: 1->1(10)
[2025-08-28T13:01:34.136+0000][1087812][info ][gc,heap     ] GC(72) Old regions: 25->25
[2025-08-28T13:01:34.136+0000][1087812][info ][gc,heap     ] GC(72) Humongous regions: 0->0
[2025-08-28T13:01:34.136+0000][1087812][info ][gc,metaspace] GC(72) Metaspace: 139163K(142976K)->139163K(142976K) NonClass: 120229K(122240K)->120229K(122240K) Class: 18934K(20736K)->18934K(20736K)
[2025-08-28T13:01:34.136+0000][1087812][info ][gc          ] GC(72) Pause Young (Normal) (G1 Evacuation Pause) 399M->100M(512M) 2.262ms
[2025-08-28T13:01:34.136+0000][1087812][info ][gc,cpu      ] GC(72) User=0.01s Sys=0.00s Real=0.00s
[2025-08-28T13:01:34.136+0000][1087812][info ][safepoint   ] Safepoint "G1CollectForAllocation", Time since last: 972599986 ns, Reaching safepoint: 10336 ns, Cleanup: 8423 ns, At safepoint: 2335048 ns, Total: 2353807 ns
[2025-08-28T13:01:35.136+0000][1087812][info ][safepoint   ] Safepoint "Cleanup", Time since last: 1000072297 ns, Reaching safepoint: 10185 ns, Cleanup: 13099 ns, At safepoint: 1983 ns, Total: 25267 ns
[2025-08-28T13:01:36.093+0000][1087812][info ][gc,start    ] GC(73) Pause Young (Normal) (G1 Evacuation Pause)
[2025-08-28T13:01:36.093+0000][1087812][info ][gc,task     ] GC(73) Using 12 workers of 33 for evacuation
[2025-08-28T13:01:36.093+0000][1087812][debug][gc,age      ] GC(73) Desired survivor size 20971520 bytes, new threshold 15 (max threshold 15)
[2025-08-28T13:01:36.095+0000][1087812][info ][gc,phases   ] GC(73)   Pre Evacuate Collection Set: 0.1ms
[2025-08-28T13:01:36.095+0000][1087812][info ][gc,phases   ] GC(73)   Merge Heap Roots: 0.1ms
[2025-08-28T13:01:36.095+0000][1087812][info ][gc,phases   ] GC(73)   Evacuate Collection Set: 1.5ms
[2025-08-28T13:01:36.095+0000][1087812][info ][gc,phases   ] GC(73)   Post Evacuate Collection Set: 0.3ms
[2025-08-28T13:01:36.095+0000][1087812][info ][gc,phases   ] GC(73)   Other: 0.1ms
[2025-08-28T13:01:36.095+0000][1087812][trace][gc,age      ] GC(73) Age table with threshold 15 (max threshold 15)
[2025-08-28T13:01:36.095+0000][1087812][trace][gc,age      ] GC(73) - age   1:    1090728 bytes,    1090728 total
[2025-08-28T13:01:36.095+0000][1087812][trace][gc,age      ] GC(73) - age   2:       2600 bytes,    1093328 total
[2025-08-28T13:01:36.095+0000][1087812][trace][gc,age      ] GC(73) - age   3:       3480 bytes,    1096808 total
[2025-08-28T13:01:36.095+0000][1087812][trace][gc,age      ] GC(73) - age   7:       1752 bytes,    1098560 total
[2025-08-28T13:01:36.095+0000][1087812][trace][gc,age      ] GC(73) - age   8:      10840 bytes,    1109400 total
[2025-08-28T13:01:36.095+0000][1087812][trace][gc,age      ] GC(73) - age   9:       2096 bytes,    1111496 total
[2025-08-28T13:01:36.095+0000][1087812][trace][gc,age      ] GC(73) - age  12:        496 bytes,    1111992 total
[2025-08-28T13:01:36.095+0000][1087812][trace][gc,age      ] GC(73) - age  13:        416 bytes,    1112408 total
[2025-08-28T13:01:36.095+0000][1087812][trace][gc,age      ] GC(73) - age  14:        176 bytes,    1112584 total
[2025-08-28T13:01:36.095+0000][1087812][trace][gc,age      ] GC(73) - age  15:        272 bytes,    1112856 total
[2025-08-28T13:01:36.095+0000][1087812][info ][gc,heap     ] GC(73) Eden regions: 75->0(75)
[2025-08-28T13:01:36.095+0000][1087812][info ][gc,heap     ] GC(73) Survivor regions: 1->1(10)
[2025-08-28T13:01:36.095+0000][1087812][info ][gc,heap     ] GC(73) Old regions: 25->25
[2025-08-28T13:01:36.095+0000][1087812][info ][gc,heap     ] GC(73) Humongous regions: 0->0
[2025-08-28T13:01:36.095+0000][1087812][info ][gc,metaspace] GC(73) Metaspace: 139176K(142976K)->139176K(142976K) NonClass: 120242K(122240K)->120242K(122240K) Class: 18934K(20736K)->18934K(20736K)
[2025-08-28T13:01:36.095+0000][1087812][info ][gc          ] GC(73) Pause Young (Normal) (G1 Evacuation Pause) 400M->99M(512M) 2.223ms
[2025-08-28T13:01:36.095+0000][1087812][info ][gc,cpu      ] GC(73) User=0.00s Sys=0.00s Real=0.00s
[2025-08-28T13:01:36.095+0000][1087812][info ][safepoint   ] Safepoint "G1CollectForAllocation", Time since last: 956972254 ns, Reaching safepoint: 38548 ns, Cleanup: 9675 ns, At safepoint: 2291483 ns, Total: 2339706 ns
[2025-08-28T13:01:37.095+0000][1087812][info ][safepoint   ] Safepoint "Cleanup", Time since last: 1000088440 ns, Reaching safepoint: 10656 ns, Cleanup: 10676 ns, At safepoint: 2254 ns, Total: 23586 ns
[2025-08-28T13:01:38.079+0000][1087812][info ][gc,start    ] GC(74) Pause Young (Normal) (G1 Evacuation Pause)
[2025-08-28T13:01:38.079+0000][1087812][info ][gc,task     ] GC(74) Using 12 workers of 33 for evacuation
[2025-08-28T13:01:38.079+0000][1087812][debug][gc,age      ] GC(74) Desired survivor size 20971520 bytes, new threshold 15 (max threshold 15)
[2025-08-28T13:01:38.081+0000][1087812][info ][gc,phases   ] GC(74)   Pre Evacuate Collection Set: 0.1ms
[2025-08-28T13:01:38.081+0000][1087812][info ][gc,phases   ] GC(74)   Merge Heap Roots: 0.1ms
[2025-08-28T13:01:38.081+0000][1087812][info ][gc,phases   ] GC(74)   Evacuate Collection Set: 1.4ms
[2025-08-28T13:01:38.081+0000][1087812][info ][gc,phases   ] GC(74)   Post Evacuate Collection Set: 0.4ms
[2025-08-28T13:01:38.081+0000][1087812][info ][gc,phases   ] GC(74)   Other: 0.1ms
[2025-08-28T13:01:38.081+0000][1087812][trace][gc,age      ] GC(74) Age table with threshold 15 (max threshold 15)
[2025-08-28T13:01:38.081+0000][1087812][trace][gc,age      ] GC(74) - age   1:     666328 bytes,     666328 total
[2025-08-28T13:01:38.081+0000][1087812][trace][gc,age      ] GC(74) - age   2:       3680 bytes,     670008 total
[2025-08-28T13:01:38.081+0000][1087812][trace][gc,age      ] GC(74) - age   3:       2600 bytes,     672608 total
[2025-08-28T13:01:38.081+0000][1087812][trace][gc,age      ] GC(74) - age   4:       3480 bytes,     676088 total
[2025-08-28T13:01:38.081+0000][1087812][trace][gc,age      ] GC(74) - age   8:       1752 bytes,     677840 total
[2025-08-28T13:01:38.081+0000][1087812][trace][gc,age      ] GC(74) - age   9:       1344 bytes,     679184 total
[2025-08-28T13:01:38.081+0000][1087812][trace][gc,age      ] GC(74) - age  10:       1184 bytes,     680368 total
[2025-08-28T13:01:38.081+0000][1087812][trace][gc,age      ] GC(74) - age  13:        496 bytes,     680864 total
[2025-08-28T13:01:38.081+0000][1087812][trace][gc,age      ] GC(74) - age  14:        416 bytes,     681280 total
[2025-08-28T13:01:38.081+0000][1087812][trace][gc,age      ] GC(74) - age  15:        176 bytes,     681456 total
[2025-08-28T13:01:38.081+0000][1087812][info ][gc,heap     ] GC(74) Eden regions: 75->0(75)
[2025-08-28T13:01:38.081+0000][1087812][info ][gc,heap     ] GC(74) Survivor regions: 1->1(10)
[2025-08-28T13:01:38.081+0000][1087812][info ][gc,heap     ] GC(74) Old regions: 25->25
[2025-08-28T13:01:38.081+0000][1087812][info ][gc,heap     ] GC(74) Humongous regions: 0->0
[2025-08-28T13:01:38.081+0000][1087812][info ][gc,metaspace] GC(74) Metaspace: 139176K(142976K)->139176K(142976K) NonClass: 120242K(122240K)->120242K(122240K) Class: 18934K(20736K)->18934K(20736K)
[2025-08-28T13:01:38.081+0000][1087812][info ][gc          ] GC(74) Pause Young (Normal) (G1 Evacuation Pause) 399M->99M(512M) 2.204ms
[2025-08-28T13:01:38.081+0000][1087812][info ][gc,cpu      ] GC(74) User=0.00s Sys=0.00s Real=0.01s
[2025-08-28T13:01:38.081+0000][1087812][info ][safepoint   ] Safepoint "G1CollectForAllocation", Time since last: 983511221 ns, Reaching safepoint: 11067 ns, Cleanup: 3796 ns, At safepoint: 2277842 ns, Total: 2292705 ns
[2025-08-28T13:01:40.041+0000][1087812][info ][gc,start    ] GC(75) Pause Young (Normal) (G1 Evacuation Pause)
[2025-08-28T13:01:40.041+0000][1087812][info ][gc,task     ] GC(75) Using 12 workers of 33 for evacuation
[2025-08-28T13:01:40.041+0000][1087812][debug][gc,age      ] GC(75) Desired survivor size 20971520 bytes, new threshold 15 (max threshold 15)
[2025-08-28T13:01:40.044+0000][1087812][info ][gc,phases   ] GC(75)   Pre Evacuate Collection Set: 0.2ms
[2025-08-28T13:01:40.044+0000][1087812][info ][gc,phases   ] GC(75)   Merge Heap Roots: 0.1ms
[2025-08-28T13:01:40.044+0000][1087812][info ][gc,phases   ] GC(75)   Evacuate Collection Set: 2.2ms
[2025-08-28T13:01:40.044+0000][1087812][info ][gc,phases   ] GC(75)   Post Evacuate Collection Set: 0.3ms
[2025-08-28T13:01:40.044+0000][1087812][info ][gc,phases   ] GC(75)   Other: 0.0ms
[2025-08-28T13:01:40.044+0000][1087812][trace][gc,age      ] GC(75) Age table with threshold 15 (max threshold 15)
[2025-08-28T13:01:40.044+0000][1087812][trace][gc,age      ] GC(75) - age   1:    1259536 bytes,    1259536 total
[2025-08-28T13:01:40.044+0000][1087812][trace][gc,age      ] GC(75) - age   2:      10472 bytes,    1270008 total
[2025-08-28T13:01:40.044+0000][1087812][trace][gc,age      ] GC(75) - age   3:       2968 bytes,    1272976 total
[2025-08-28T13:01:40.044+0000][1087812][trace][gc,age      ] GC(75) - age   4:       2600 bytes,    1275576 total
[2025-08-28T13:01:40.044+0000][1087812][trace][gc,age      ] GC(75) - age   5:       3480 bytes,    1279056 total
[2025-08-28T13:01:40.044+0000][1087812][trace][gc,age      ] GC(75) - age   9:       1752 bytes,    1280808 total
[2025-08-28T13:01:40.044+0000][1087812][trace][gc,age      ] GC(75) - age  10:       1344 bytes,    1282152 total
[2025-08-28T13:01:40.044+0000][1087812][trace][gc,age      ] GC(75) - age  11:        960 bytes,    1283112 total
[2025-08-28T13:01:40.044+0000][1087812][trace][gc,age      ] GC(75) - age  14:        496 bytes,    1283608 total
[2025-08-28T13:01:40.044+0000][1087812][trace][gc,age      ] GC(75) - age  15:        416 bytes,    1284024 total
[2025-08-28T13:01:40.044+0000][1087812][info ][gc,heap     ] GC(75) Eden regions: 75->0(75)
[2025-08-28T13:01:40.044+0000][1087812][info ][gc,heap     ] GC(75) Survivor regions: 1->1(10)
[2025-08-28T13:01:40.044+0000][1087812][info ][gc,heap     ] GC(75) Old regions: 25->25
[2025-08-28T13:01:40.044+0000][1087812][info ][gc,heap     ] GC(75) Humongous regions: 0->0
[2025-08-28T13:01:40.044+0000][1087812][info ][gc,metaspace] GC(75) Metaspace: 139176K(142976K)->139176K(142976K) NonClass: 120242K(122240K)->120242K(122240K) Class: 18934K(20736K)->18934K(20736K)
[2025-08-28T13:01:40.044+0000][1087812][info ][gc          ] GC(75) Pause Young (Normal) (G1 Evacuation Pause) 399M->100M(512M) 2.900ms
[2025-08-28T13:01:40.044+0000][1087812][info ][gc,cpu      ] GC(75) User=0.01s Sys=0.00s Real=0.00s
[2025-08-28T13:01:40.044+0000][1087812][info ][safepoint   ] Safepoint "G1CollectForAllocation", Time since last: 1959403535 ns, Reaching safepoint: 138318 ns, Cleanup: 3435 ns, At safepoint: 2968320 ns, Total: 3110073 ns
[2025-08-28T13:01:41.044+0000][1087812][info ][safepoint   ] Safepoint "Cleanup", Time since last: 1000081560 ns, Reaching safepoint: 39199 ns, Cleanup: 11027 ns, At safepoint: 2333 ns, Total: 52559 ns
[2025-08-28T13:01:42.003+0000][1087812][info ][gc,start    ] GC(76) Pause Young (Normal) (G1 Evacuation Pause)
[2025-08-28T13:01:42.003+0000][1087812][info ][gc,task     ] GC(76) Using 12 workers of 33 for evacuation
[2025-08-28T13:01:42.003+0000][1087812][debug][gc,age      ] GC(76) Desired survivor size 20971520 bytes, new threshold 15 (max threshold 15)
[2025-08-28T13:01:42.005+0000][1087812][info ][gc,phases   ] GC(76)   Pre Evacuate Collection Set: 0.1ms
[2025-08-28T13:01:42.005+0000][1087812][info ][gc,phases   ] GC(76)   Merge Heap Roots: 0.0ms
[2025-08-28T13:01:42.005+0000][1087812][info ][gc,phases   ] GC(76)   Evacuate Collection Set: 1.6ms
[2025-08-28T13:01:42.005+0000][1087812][info ][gc,phases   ] GC(76)   Post Evacuate Collection Set: 0.3ms
[2025-08-28T13:01:42.005+0000][1087812][info ][gc,phases   ] GC(76)   Other: 0.0ms
[2025-08-28T13:01:42.005+0000][1087812][trace][gc,age      ] GC(76) Age table with threshold 15 (max threshold 15)
[2025-08-28T13:01:42.005+0000][1087812][trace][gc,age      ] GC(76) - age   1:    1077728 bytes,    1077728 total
[2025-08-28T13:01:42.005+0000][1087812][trace][gc,age      ] GC(76) - age   2:       1312 bytes,    1079040 total
[2025-08-28T13:01:42.005+0000][1087812][trace][gc,age      ] GC(76) - age   3:      10472 bytes,    1089512 total
[2025-08-28T13:01:42.005+0000][1087812][trace][gc,age      ] GC(76) - age   4:       2968 bytes,    1092480 total
[2025-08-28T13:01:42.005+0000][1087812][trace][gc,age      ] GC(76) - age   5:       2568 bytes,    1095048 total
[2025-08-28T13:01:42.006+0000][1087812][trace][gc,age      ] GC(76) - age   6:       3240 bytes,    1098288 total
[2025-08-28T13:01:42.006+0000][1087812][trace][gc,age      ] GC(76) - age  10:       1752 bytes,    1100040 total
[2025-08-28T13:01:42.006+0000][1087812][trace][gc,age      ] GC(76) - age  11:       1344 bytes,    1101384 total
[2025-08-28T13:01:42.006+0000][1087812][trace][gc,age      ] GC(76) - age  12:        960 bytes,    1102344 total
[2025-08-28T13:01:42.006+0000][1087812][trace][gc,age      ] GC(76) - age  15:        496 bytes,    1102840 total
[2025-08-28T13:01:42.006+0000][1087812][info ][gc,heap     ] GC(76) Eden regions: 75->0(75)
[2025-08-28T13:01:42.006+0000][1087812][info ][gc,heap     ] GC(76) Survivor regions: 1->1(10)
[2025-08-28T13:01:42.006+0000][1087812][info ][gc,heap     ] GC(76) Old regions: 25->25
[2025-08-28T13:01:42.006+0000][1087812][info ][gc,heap     ] GC(76) Humongous regions: 0->0
[2025-08-28T13:01:42.006+0000][1087812][info ][gc,metaspace] GC(76) Metaspace: 139177K(142976K)->139177K(142976K) NonClass: 120243K(122240K)->120243K(122240K) Class: 18934K(20736K)->18934K(20736K)
[2025-08-28T13:01:42.006+0000][1087812][info ][gc          ] GC(76) Pause Young (Normal) (G1 Evacuation Pause) 400M->100M(512M) 2.226ms
[2025-08-28T13:01:42.006+0000][1087812][info ][gc,cpu      ] GC(76) User=0.01s Sys=0.00s Real=0.00s
[2025-08-28T13:01:42.006+0000][1087812][info ][safepoint   ] Safepoint "G1CollectForAllocation", Time since last: 959398690 ns, Reaching safepoint: 11918 ns, Cleanup: 4006 ns, At safepoint: 2294217 ns, Total: 2310141 ns
[2025-08-28T13:01:43.006+0000][1087812][info ][safepoint   ] Safepoint "Cleanup", Time since last: 1000084665 ns, Reaching safepoint: 11617 ns, Cleanup: 9394 ns, At safepoint: 2204 ns, Total: 23215 ns
[2025-08-28T13:01:43.967+0000][1087812][info ][gc,start    ] GC(77) Pause Young (Normal) (G1 Evacuation Pause)
[2025-08-28T13:01:43.967+0000][1087812][info ][gc,task     ] GC(77) Using 12 workers of 33 for evacuation
[2025-08-28T13:01:43.967+0000][1087812][debug][gc,age      ] GC(77) Desired survivor size 20971520 bytes, new threshold 15 (max threshold 15)
[2025-08-28T13:01:43.969+0000][1087812][info ][gc,phases   ] GC(77)   Pre Evacuate Collection Set: 0.1ms
[2025-08-28T13:01:43.969+0000][1087812][info ][gc,phases   ] GC(77)   Merge Heap Roots: 0.1ms
[2025-08-28T13:01:43.969+0000][1087812][info ][gc,phases   ] GC(77)   Evacuate Collection Set: 1.5ms
[2025-08-28T13:01:43.969+0000][1087812][info ][gc,phases   ] GC(77)   Post Evacuate Collection Set: 0.4ms
[2025-08-28T13:01:43.969+0000][1087812][info ][gc,phases   ] GC(77)   Other: 0.1ms
[2025-08-28T13:01:43.969+0000][1087812][trace][gc,age      ] GC(77) Age table with threshold 15 (max threshold 15)
[2025-08-28T13:01:43.969+0000][1087812][trace][gc,age      ] GC(77) - age   1:    1091088 bytes,    1091088 total
[2025-08-28T13:01:43.969+0000][1087812][trace][gc,age      ] GC(77) - age   2:       2064 bytes,    1093152 total
[2025-08-28T13:01:43.969+0000][1087812][trace][gc,age      ] GC(77) - age   3:       1312 bytes,    1094464 total
[2025-08-28T13:01:43.969+0000][1087812][trace][gc,age      ] GC(77) - age   4:      10472 bytes,    1104936 total
[2025-08-28T13:01:43.969+0000][1087812][trace][gc,age      ] GC(77) - age   5:       2968 bytes,    1107904 total
[2025-08-28T13:01:43.969+0000][1087812][trace][gc,age      ] GC(77) - age   6:       2568 bytes,    1110472 total
[2025-08-28T13:01:43.969+0000][1087812][trace][gc,age      ] GC(77) - age   7:       3240 bytes,    1113712 total
[2025-08-28T13:01:43.969+0000][1087812][trace][gc,age      ] GC(77) - age  11:       1752 bytes,    1115464 total
[2025-08-28T13:01:43.969+0000][1087812][trace][gc,age      ] GC(77) - age  12:       1344 bytes,    1116808 total
[2025-08-28T13:01:43.969+0000][1087812][trace][gc,age      ] GC(77) - age  13:        960 bytes,    1117768 total
[2025-08-28T13:01:43.969+0000][1087812][info ][gc,heap     ] GC(77) Eden regions: 75->0(75)
[2025-08-28T13:01:43.969+0000][1087812][info ][gc,heap     ] GC(77) Survivor regions: 1->1(10)
[2025-08-28T13:01:43.969+0000][1087812][info ][gc,heap     ] GC(77) Old regions: 25->25
[2025-08-28T13:01:43.969+0000][1087812][info ][gc,heap     ] GC(77) Humongous regions: 0->0
[2025-08-28T13:01:43.969+0000][1087812][info ][gc,metaspace] GC(77) Metaspace: 139178K(142976K)->139178K(142976K) NonClass: 120244K(122240K)->120244K(122240K) Class: 18934K(20736K)->18934K(20736K)
[2025-08-28T13:01:43.969+0000][1087812][info ][gc          ] GC(77) Pause Young (Normal) (G1 Evacuation Pause) 400M->100M(512M) 2.364ms
[2025-08-28T13:01:43.969+0000][1087812][info ][gc,cpu      ] GC(77) User=0.00s Sys=0.00s Real=0.00s
[2025-08-28T13:01:43.969+0000][1087812][info ][safepoint   ] Safepoint "G1CollectForAllocation", Time since last: 961023941 ns, Reaching safepoint: 11307 ns, Cleanup: 3345 ns, At safepoint: 2490473 ns, Total: 2505125 ns
[2025-08-28T13:01:45.966+0000][1087812][info ][gc,start    ] GC(78) Pause Young (Normal) (G1 Evacuation Pause)
[2025-08-28T13:01:45.966+0000][1087812][info ][gc,task     ] GC(78) Using 12 workers of 33 for evacuation
[2025-08-28T13:01:45.966+0000][1087812][debug][gc,age      ] GC(78) Desired survivor size 20971520 bytes, new threshold 15 (max threshold 15)
[2025-08-28T13:01:45.969+0000][1087812][info ][gc,phases   ] GC(78)   Pre Evacuate Collection Set: 0.2ms
[2025-08-28T13:01:45.969+0000][1087812][info ][gc,phases   ] GC(78)   Merge Heap Roots: 0.1ms
[2025-08-28T13:01:45.969+0000][1087812][info ][gc,phases   ] GC(78)   Evacuate Collection Set: 2.2ms
[2025-08-28T13:01:45.969+0000][1087812][info ][gc,phases   ] GC(78)   Post Evacuate Collection Set: 0.4ms
[2025-08-28T13:01:45.969+0000][1087812][info ][gc,phases   ] GC(78)   Other: 0.1ms
[2025-08-28T13:01:45.969+0000][1087812][trace][gc,age      ] GC(78) Age table with threshold 15 (max threshold 15)
[2025-08-28T13:01:45.969+0000][1087812][trace][gc,age      ] GC(78) - age   1:    1093880 bytes,    1093880 total
[2025-08-28T13:01:45.969+0000][1087812][trace][gc,age      ] GC(78) - age   3:       2064 bytes,    1095944 total
[2025-08-28T13:01:45.969+0000][1087812][trace][gc,age      ] GC(78) - age   4:        600 bytes,    1096544 total
[2025-08-28T13:01:45.969+0000][1087812][trace][gc,age      ] GC(78) - age   5:      10472 bytes,    1107016 total
[2025-08-28T13:01:45.969+0000][1087812][trace][gc,age      ] GC(78) - age   6:       2968 bytes,    1109984 total
[2025-08-28T13:01:45.969+0000][1087812][trace][gc,age      ] GC(78) - age   7:       2568 bytes,    1112552 total
[2025-08-28T13:01:45.969+0000][1087812][trace][gc,age      ] GC(78) - age   8:       3240 bytes,    1115792 total
[2025-08-28T13:01:45.969+0000][1087812][trace][gc,age      ] GC(78) - age  12:       1752 bytes,    1117544 total
[2025-08-28T13:01:45.969+0000][1087812][trace][gc,age      ] GC(78) - age  13:       1344 bytes,    1118888 total
[2025-08-28T13:01:45.969+0000][1087812][trace][gc,age      ] GC(78) - age  14:        960 bytes,    1119848 total
[2025-08-28T13:01:45.969+0000][1087812][info ][gc,heap     ] GC(78) Eden regions: 75->0(75)
[2025-08-28T13:01:45.969+0000][1087812][info ][gc,heap     ] GC(78) Survivor regions: 1->1(10)
[2025-08-28T13:01:45.969+0000][1087812][info ][gc,heap     ] GC(78) Old regions: 25->25
[2025-08-28T13:01:45.969+0000][1087812][info ][gc,heap     ] GC(78) Humongous regions: 0->0
[2025-08-28T13:01:45.969+0000][1087812][info ][gc,metaspace] GC(78) Metaspace: 139182K(142976K)->139182K(142976K) NonClass: 120247K(122240K)->120247K(122240K) Class: 18934K(20736K)->18934K(20736K)
[2025-08-28T13:01:45.969+0000][1087812][info ][gc          ] GC(78) Pause Young (Normal) (G1 Evacuation Pause) 399M->99M(512M) 3.059ms
[2025-08-28T13:01:45.969+0000][1087812][info ][gc,cpu      ] GC(78) User=0.00s Sys=0.01s Real=0.00s
[2025-08-28T13:01:45.969+0000][1087812][info ][safepoint   ] Safepoint "G1CollectForAllocation", Time since last: 1996416470 ns, Reaching safepoint: 86730 ns, Cleanup: 21012 ns, At safepoint: 3158586 ns, Total: 3266328 ns
[2025-08-28T13:01:46.969+0000][1087812][info ][safepoint   ] Safepoint "Cleanup", Time since last: 1000105636 ns, Reaching safepoint: 46460 ns, Cleanup: 22504 ns, At safepoint: 3595 ns, Total: 72559 ns
[2025-08-28T13:01:47.953+0000][1087812][info ][gc,start    ] GC(79) Pause Young (Normal) (G1 Evacuation Pause)
[2025-08-28T13:01:47.953+0000][1087812][info ][gc,task     ] GC(79) Using 12 workers of 33 for evacuation
[2025-08-28T13:01:47.953+0000][1087812][debug][gc,age      ] GC(79) Desired survivor size 20971520 bytes, new threshold 15 (max threshold 15)
[2025-08-28T13:01:47.956+0000][1087812][info ][gc,phases   ] GC(79)   Pre Evacuate Collection Set: 0.1ms
[2025-08-28T13:01:47.956+0000][1087812][info ][gc,phases   ] GC(79)   Merge Heap Roots: 0.1ms
[2025-08-28T13:01:47.956+0000][1087812][info ][gc,phases   ] GC(79)   Evacuate Collection Set: 1.9ms
[2025-08-28T13:01:47.956+0000][1087812][info ][gc,phases   ] GC(79)   Post Evacuate Collection Set: 0.4ms
[2025-08-28T13:01:47.956+0000][1087812][info ][gc,phases   ] GC(79)   Other: 0.1ms
[2025-08-28T13:01:47.956+0000][1087812][trace][gc,age      ] GC(79) Age table with threshold 15 (max threshold 15)
[2025-08-28T13:01:47.956+0000][1087812][trace][gc,age      ] GC(79) - age   1:    1242112 bytes,    1242112 total
[2025-08-28T13:01:47.956+0000][1087812][trace][gc,age      ] GC(79) - age   2:        712 bytes,    1242824 total
[2025-08-28T13:01:47.956+0000][1087812][trace][gc,age      ] GC(79) - age   4:       2064 bytes,    1244888 total
[2025-08-28T13:01:47.956+0000][1087812][trace][gc,age      ] GC(79) - age   5:        600 bytes,    1245488 total
[2025-08-28T13:01:47.956+0000][1087812][trace][gc,age      ] GC(79) - age   6:      10472 bytes,    1255960 total
[2025-08-28T13:01:47.956+0000][1087812][trace][gc,age      ] GC(79) - age   7:       2968 bytes,    1258928 total
[2025-08-28T13:01:47.956+0000][1087812][trace][gc,age      ] GC(79) - age   8:       2568 bytes,    1261496 total
[2025-08-28T13:01:47.956+0000][1087812][trace][gc,age      ] GC(79) - age   9:       3240 bytes,    1264736 total
[2025-08-28T13:01:47.956+0000][1087812][trace][gc,age      ] GC(79) - age  13:       1752 bytes,    1266488 total
[2025-08-28T13:01:47.956+0000][1087812][trace][gc,age      ] GC(79) - age  14:       1344 bytes,    1267832 total
[2025-08-28T13:01:47.956+0000][1087812][trace][gc,age      ] GC(79) - age  15:        960 bytes,    1268792 total
[2025-08-28T13:01:47.956+0000][1087812][info ][gc,heap     ] GC(79) Eden regions: 75->0(75)
[2025-08-28T13:01:47.956+0000][1087812][info ][gc,heap     ] GC(79) Survivor regions: 1->1(10)
[2025-08-28T13:01:47.956+0000][1087812][info ][gc,heap     ] GC(79) Old regions: 25->25
[2025-08-28T13:01:47.956+0000][1087812][info ][gc,heap     ] GC(79) Humongous regions: 0->0
[2025-08-28T13:01:47.956+0000][1087812][info ][gc,metaspace] GC(79) Metaspace: 139185K(142976K)->139185K(142976K) NonClass: 120251K(122240K)->120251K(122240K) Class: 18934K(20736K)->18934K(20736K)
[2025-08-28T13:01:47.956+0000][1087812][info ][gc          ] GC(79) Pause Young (Normal) (G1 Evacuation Pause) 399M->100M(512M) 2.755ms
[2025-08-28T13:01:47.956+0000][1087812][info ][gc,cpu      ] GC(79) User=0.00s Sys=0.01s Real=0.00s
[2025-08-28T13:01:47.956+0000][1087812][info ][safepoint   ] Safepoint "G1CollectForAllocation", Time since last: 984075149 ns, Reaching safepoint: 18718 ns, Cleanup: 7291 ns, At safepoint: 2854620 ns, Total: 2880629 ns
[2025-08-28T13:01:49.929+0000][1087812][info ][gc,start    ] GC(80) Pause Young (Normal) (G1 Evacuation Pause)
[2025-08-28T13:01:49.929+0000][1087812][info ][gc,task     ] GC(80) Using 12 workers of 33 for evacuation
[2025-08-28T13:01:49.929+0000][1087812][debug][gc,age      ] GC(80) Desired survivor size 20971520 bytes, new threshold 15 (max threshold 15)
[2025-08-28T13:01:49.931+0000][1087812][info ][gc,phases   ] GC(80)   Pre Evacuate Collection Set: 0.2ms
[2025-08-28T13:01:49.931+0000][1087812][info ][gc,phases   ] GC(80)   Merge Heap Roots: 0.1ms
[2025-08-28T13:01:49.931+0000][1087812][info ][gc,phases   ] GC(80)   Evacuate Collection Set: 1.5ms
[2025-08-28T13:01:49.931+0000][1087812][info ][gc,phases   ] GC(80)   Post Evacuate Collection Set: 0.4ms
[2025-08-28T13:01:49.931+0000][1087812][info ][gc,phases   ] GC(80)   Other: 0.1ms
[2025-08-28T13:01:49.931+0000][1087812][trace][gc,age      ] GC(80) Age table with threshold 15 (max threshold 15)
[2025-08-28T13:01:49.931+0000][1087812][trace][gc,age      ] GC(80) - age   1:    1004360 bytes,    1004360 total
[2025-08-28T13:01:49.931+0000][1087812][trace][gc,age      ] GC(80) - age   2:        200 bytes,    1004560 total
[2025-08-28T13:01:49.931+0000][1087812][trace][gc,age      ] GC(80) - age   5:       2064 bytes,    1006624 total
[2025-08-28T13:01:49.931+0000][1087812][trace][gc,age      ] GC(80) - age   6:        600 bytes,    1007224 total
[2025-08-28T13:01:49.931+0000][1087812][trace][gc,age      ] GC(80) - age   7:      10472 bytes,    1017696 total
[2025-08-28T13:01:49.931+0000][1087812][trace][gc,age      ] GC(80) - age   8:       2968 bytes,    1020664 total
[2025-08-28T13:01:49.932+0000][1087812][trace][gc,age      ] GC(80) - age   9:       2568 bytes,    1023232 total
[2025-08-28T13:01:49.932+0000][1087812][trace][gc,age      ] GC(80) - age  10:       3240 bytes,    1026472 total
[2025-08-28T13:01:49.932+0000][1087812][trace][gc,age      ] GC(80) - age  14:       1752 bytes,    1028224 total
[2025-08-28T13:01:49.932+0000][1087812][trace][gc,age      ] GC(80) - age  15:       1344 bytes,    1029568 total
[2025-08-28T13:01:49.932+0000][1087812][info ][gc,heap     ] GC(80) Eden regions: 75->0(75)
[2025-08-28T13:01:49.932+0000][1087812][info ][gc,heap     ] GC(80) Survivor regions: 1->1(10)
[2025-08-28T13:01:49.932+0000][1087812][info ][gc,heap     ] GC(80) Old regions: 25->25
[2025-08-28T13:01:49.932+0000][1087812][info ][gc,heap     ] GC(80) Humongous regions: 0->0
[2025-08-28T13:01:49.932+0000][1087812][info ][gc,metaspace] GC(80) Metaspace: 139185K(142976K)->139185K(142976K) NonClass: 120251K(122240K)->120251K(122240K) Class: 18934K(20736K)->18934K(20736K)
[2025-08-28T13:01:49.932+0000][1087812][info ][gc          ] GC(80) Pause Young (Normal) (G1 Evacuation Pause) 400M->100M(512M) 2.365ms
[2025-08-28T13:01:49.932+0000][1087812][info ][gc,cpu      ] GC(80) User=0.01s Sys=0.00s Real=0.01s
[2025-08-28T13:01:49.932+0000][1087812][info ][safepoint   ] Safepoint "G1CollectForAllocation", Time since last: 1973065142 ns, Reaching safepoint: 18438 ns, Cleanup: 7341 ns, At safepoint: 2471393 ns, Total: 2497172 ns
[2025-08-28T13:01:50.932+0000][1087812][info ][safepoint   ] Safepoint "Cleanup", Time since last: 1000088601 ns, Reaching safepoint: 18999 ns, Cleanup: 18968 ns, At safepoint: 3746 ns, Total: 41713 ns
[2025-08-28T13:01:51.917+0000][1087812][info ][gc,start    ] GC(81) Pause Young (Normal) (G1 Evacuation Pause)
[2025-08-28T13:01:51.917+0000][1087812][info ][gc,task     ] GC(81) Using 12 workers of 33 for evacuation
[2025-08-28T13:01:51.917+0000][1087812][debug][gc,age      ] GC(81) Desired survivor size 20971520 bytes, new threshold 15 (max threshold 15)
[2025-08-28T13:01:51.919+0000][1087812][info ][gc,phases   ] GC(81)   Pre Evacuate Collection Set: 0.2ms
[2025-08-28T13:01:51.919+0000][1087812][info ][gc,phases   ] GC(81)   Merge Heap Roots: 0.1ms
[2025-08-28T13:01:51.919+0000][1087812][info ][gc,phases   ] GC(81)   Evacuate Collection Set: 1.5ms
[2025-08-28T13:01:51.919+0000][1087812][info ][gc,phases   ] GC(81)   Post Evacuate Collection Set: 0.3ms
[2025-08-28T13:01:51.919+0000][1087812][info ][gc,phases   ] GC(81)   Other: 0.1ms
[2025-08-28T13:01:51.919+0000][1087812][trace][gc,age      ] GC(81) Age table with threshold 15 (max threshold 15)
[2025-08-28T13:01:51.919+0000][1087812][trace][gc,age      ] GC(81) - age   1:     741576 bytes,     741576 total
[2025-08-28T13:01:51.919+0000][1087812][trace][gc,age      ] GC(81) - age   2:        936 bytes,     742512 total
[2025-08-28T13:01:51.919+0000][1087812][trace][gc,age      ] GC(81) - age   3:        200 bytes,     742712 total
[2025-08-28T13:01:51.919+0000][1087812][trace][gc,age      ] GC(81) - age   6:       1824 bytes,     744536 total
[2025-08-28T13:01:51.919+0000][1087812][trace][gc,age      ] GC(81) - age   7:        600 bytes,     745136 total
[2025-08-28T13:01:51.919+0000][1087812][trace][gc,age      ] GC(81) - age   8:      10472 bytes,     755608 total
[2025-08-28T13:01:51.919+0000][1087812][trace][gc,age      ] GC(81) - age   9:       2968 bytes,     758576 total
[2025-08-28T13:01:51.919+0000][1087812][trace][gc,age      ] GC(81) - age  10:       2568 bytes,     761144 total
[2025-08-28T13:01:51.919+0000][1087812][trace][gc,age      ] GC(81) - age  11:       3240 bytes,     764384 total
[2025-08-28T13:01:51.919+0000][1087812][trace][gc,age      ] GC(81) - age  15:       1688 bytes,     766072 total
[2025-08-28T13:01:51.919+0000][1087812][info ][gc,heap     ] GC(81) Eden regions: 75->0(75)
[2025-08-28T13:01:51.919+0000][1087812][info ][gc,heap     ] GC(81) Survivor regions: 1->1(10)
[2025-08-28T13:01:51.919+0000][1087812][info ][gc,heap     ] GC(81) Old regions: 25->25
[2025-08-28T13:01:51.919+0000][1087812][info ][gc,heap     ] GC(81) Humongous regions: 0->0
[2025-08-28T13:01:51.919+0000][1087812][info ][gc,metaspace] GC(81) Metaspace: 139194K(142976K)->139194K(142976K) NonClass: 120260K(122240K)->120260K(122240K) Class: 18934K(20736K)->18934K(20736K)
[2025-08-28T13:01:51.919+0000][1087812][info ][gc          ] GC(81) Pause Young (Normal) (G1 Evacuation Pause) 400M->99M(512M) 2.271ms
[2025-08-28T13:01:51.919+0000][1087812][info ][gc,cpu      ] GC(81) User=0.01s Sys=0.00s Real=0.00s
[2025-08-28T13:01:51.919+0000][1087812][info ][safepoint   ] Safepoint "G1CollectForAllocation", Time since last: 984794980 ns, Reaching safepoint: 52329 ns, Cleanup: 67932 ns, At safepoint: 2366316 ns, Total: 2486577 ns
[2025-08-28T13:01:52.919+0000][1087812][info ][safepoint   ] Safepoint "Cleanup", Time since last: 1000099987 ns, Reaching safepoint: 17967 ns, Cleanup: 21202 ns, At safepoint: 3626 ns, Total: 42795 ns
[2025-08-28T13:01:53.891+0000][1087812][info ][gc,start    ] GC(82) Pause Young (Normal) (G1 Evacuation Pause)
[2025-08-28T13:01:53.891+0000][1087812][info ][gc,task     ] GC(82) Using 12 workers of 33 for evacuation
[2025-08-28T13:01:53.891+0000][1087812][debug][gc,age      ] GC(82) Desired survivor size 20971520 bytes, new threshold 15 (max threshold 15)
[2025-08-28T13:01:53.894+0000][1087812][info ][gc,phases   ] GC(82)   Pre Evacuate Collection Set: 0.2ms
[2025-08-28T13:01:53.894+0000][1087812][info ][gc,phases   ] GC(82)   Merge Heap Roots: 0.1ms
[2025-08-28T13:01:53.894+0000][1087812][info ][gc,phases   ] GC(82)   Evacuate Collection Set: 2.1ms
[2025-08-28T13:01:53.894+0000][1087812][info ][gc,phases   ] GC(82)   Post Evacuate Collection Set: 0.5ms
[2025-08-28T13:01:53.894+0000][1087812][info ][gc,phases   ] GC(82)   Other: 0.1ms
[2025-08-28T13:01:53.894+0000][1087812][trace][gc,age      ] GC(82) Age table with threshold 15 (max threshold 15)
[2025-08-28T13:01:53.894+0000][1087812][trace][gc,age      ] GC(82) - age   1:    1077544 bytes,    1077544 total
[2025-08-28T13:01:53.894+0000][1087812][trace][gc,age      ] GC(82) - age   2:       1968 bytes,    1079512 total
[2025-08-28T13:01:53.894+0000][1087812][trace][gc,age      ] GC(82) - age   3:        936 bytes,    1080448 total
[2025-08-28T13:01:53.894+0000][1087812][trace][gc,age      ] GC(82) - age   4:        200 bytes,    1080648 total
[2025-08-28T13:01:53.894+0000][1087812][trace][gc,age      ] GC(82) - age   7:       1824 bytes,    1082472 total
[2025-08-28T13:01:53.894+0000][1087812][trace][gc,age      ] GC(82) - age   8:        600 bytes,    1083072 total
[2025-08-28T13:01:53.894+0000][1087812][trace][gc,age      ] GC(82) - age   9:      10472 bytes,    1093544 total
[2025-08-28T13:01:53.894+0000][1087812][trace][gc,age      ] GC(82) - age  10:       2968 bytes,    1096512 total
[2025-08-28T13:01:53.894+0000][1087812][trace][gc,age      ] GC(82) - age  11:       2536 bytes,    1099048 total
[2025-08-28T13:01:53.894+0000][1087812][trace][gc,age      ] GC(82) - age  12:       3240 bytes,    1102288 total
[2025-08-28T13:01:53.894+0000][1087812][info ][gc,heap     ] GC(82) Eden regions: 75->0(75)
[2025-08-28T13:01:53.894+0000][1087812][info ][gc,heap     ] GC(82) Survivor regions: 1->1(10)
[2025-08-28T13:01:53.894+0000][1087812][info ][gc,heap     ] GC(82) Old regions: 25->25
[2025-08-28T13:01:53.894+0000][1087812][info ][gc,heap     ] GC(82) Humongous regions: 0->0
[2025-08-28T13:01:53.894+0000][1087812][info ][gc,metaspace] GC(82) Metaspace: 139194K(142976K)->139194K(142976K) NonClass: 120260K(122240K)->120260K(122240K) Class: 18934K(20736K)->18934K(20736K)
[2025-08-28T13:01:53.894+0000][1087812][info ][gc          ] GC(82) Pause Young (Normal) (G1 Evacuation Pause) 399M->99M(512M) 3.027ms
[2025-08-28T13:01:53.894+0000][1087812][info ][gc,cpu      ] GC(82) User=0.00s Sys=0.00s Real=0.00s
[2025-08-28T13:01:53.894+0000][1087812][info ][safepoint   ] Safepoint "G1CollectForAllocation", Time since last: 971803459 ns, Reaching safepoint: 18918 ns, Cleanup: 7802 ns, At safepoint: 3121881 ns, Total: 3148601 ns
[2025-08-28T13:01:56.242+0000][1087812][info ][gc,start    ] GC(83) Pause Young (Normal) (G1 Evacuation Pause)
[2025-08-28T13:01:56.242+0000][1087812][info ][gc,task     ] GC(83) Using 12 workers of 33 for evacuation
[2025-08-28T13:01:56.242+0000][1087812][debug][gc,age      ] GC(83) Desired survivor size 20971520 bytes, new threshold 15 (max threshold 15)
[2025-08-28T13:01:56.244+0000][1087812][info ][gc,phases   ] GC(83)   Pre Evacuate Collection Set: 0.1ms
[2025-08-28T13:01:56.244+0000][1087812][info ][gc,phases   ] GC(83)   Merge Heap Roots: 0.0ms
[2025-08-28T13:01:56.244+0000][1087812][info ][gc,phases   ] GC(83)   Evacuate Collection Set: 1.4ms
[2025-08-28T13:01:56.244+0000][1087812][info ][gc,phases   ] GC(83)   Post Evacuate Collection Set: 0.4ms
[2025-08-28T13:01:56.244+0000][1087812][info ][gc,phases   ] GC(83)   Other: 0.1ms
[2025-08-28T13:01:56.244+0000][1087812][trace][gc,age      ] GC(83) Age table with threshold 15 (max threshold 15)
[2025-08-28T13:01:56.244+0000][1087812][trace][gc,age      ] GC(83) - age   1:    1090008 bytes,    1090008 total
[2025-08-28T13:01:56.244+0000][1087812][trace][gc,age      ] GC(83) - age   2:       1752 bytes,    1091760 total
[2025-08-28T13:01:56.244+0000][1087812][trace][gc,age      ] GC(83) - age   3:       1968 bytes,    1093728 total
[2025-08-28T13:01:56.244+0000][1087812][trace][gc,age      ] GC(83) - age   4:        224 bytes,    1093952 total
[2025-08-28T13:01:56.244+0000][1087812][trace][gc,age      ] GC(83) - age   5:        200 bytes,    1094152 total
[2025-08-28T13:01:56.244+0000][1087812][trace][gc,age      ] GC(83) - age   8:       1640 bytes,    1095792 total
[2025-08-28T13:01:56.244+0000][1087812][trace][gc,age      ] GC(83) - age   9:        600 bytes,    1096392 total
[2025-08-28T13:01:56.244+0000][1087812][trace][gc,age      ] GC(83) - age  10:        160 bytes,    1096552 total
[2025-08-28T13:01:56.244+0000][1087812][trace][gc,age      ] GC(83) - age  11:        544 bytes,    1097096 total
[2025-08-28T13:01:56.244+0000][1087812][trace][gc,age      ] GC(83) - age  12:       2536 bytes,    1099632 total
[2025-08-28T13:01:56.244+0000][1087812][trace][gc,age      ] GC(83) - age  13:       3240 bytes,    1102872 total
[2025-08-28T13:01:56.244+0000][1087812][info ][gc,heap     ] GC(83) Eden regions: 75->0(75)
[2025-08-28T13:01:56.244+0000][1087812][info ][gc,heap     ] GC(83) Survivor regions: 1->1(10)
[2025-08-28T13:01:56.244+0000][1087812][info ][gc,heap     ] GC(83) Old regions: 25->25
[2025-08-28T13:01:56.244+0000][1087812][info ][gc,heap     ] GC(83) Humongous regions: 0->0
[2025-08-28T13:01:56.244+0000][1087812][info ][gc,metaspace] GC(83) Metaspace: 139198K(142976K)->139198K(142976K) NonClass: 120263K(122240K)->120263K(122240K) Class: 18934K(20736K)->18934K(20736K)
[2025-08-28T13:01:56.244+0000][1087812][info ][gc          ] GC(83) Pause Young (Normal) (G1 Evacuation Pause) 399M->100M(512M) 2.193ms
[2025-08-28T13:01:56.244+0000][1087812][info ][gc,cpu      ] GC(83) User=0.01s Sys=0.00s Real=0.00s
[2025-08-28T13:01:56.244+0000][1087812][info ][safepoint   ] Safepoint "G1CollectForAllocation", Time since last: 2347990218 ns, Reaching safepoint: 18708 ns, Cleanup: 7301 ns, At safepoint: 2288469 ns, Total: 2314478 ns
[2025-08-28T13:01:58.231+0000][1087812][info ][gc,start    ] GC(84) Pause Young (Normal) (G1 Evacuation Pause)
[2025-08-28T13:01:58.231+0000][1087812][info ][gc,task     ] GC(84) Using 12 workers of 33 for evacuation
[2025-08-28T13:01:58.231+0000][1087812][debug][gc,age      ] GC(84) Desired survivor size 20971520 bytes, new threshold 15 (max threshold 15)
[2025-08-28T13:01:58.233+0000][1087812][info ][gc,phases   ] GC(84)   Pre Evacuate Collection Set: 0.1ms
[2025-08-28T13:01:58.233+0000][1087812][info ][gc,phases   ] GC(84)   Merge Heap Roots: 0.1ms
[2025-08-28T13:01:58.233+0000][1087812][info ][gc,phases   ] GC(84)   Evacuate Collection Set: 1.3ms
[2025-08-28T13:01:58.233+0000][1087812][info ][gc,phases   ] GC(84)   Post Evacuate Collection Set: 0.4ms
[2025-08-28T13:01:58.233+0000][1087812][info ][gc,phases   ] GC(84)   Other: 0.1ms
[2025-08-28T13:01:58.233+0000][1087812][trace][gc,age      ] GC(84) Age table with threshold 15 (max threshold 15)
[2025-08-28T13:01:58.233+0000][1087812][trace][gc,age      ] GC(84) - age   1:     639136 bytes,     639136 total
[2025-08-28T13:01:58.233+0000][1087812][trace][gc,age      ] GC(84) - age   2:      14344 bytes,     653480 total
[2025-08-28T13:01:58.233+0000][1087812][trace][gc,age      ] GC(84) - age   3:       1752 bytes,     655232 total
[2025-08-28T13:01:58.233+0000][1087812][trace][gc,age      ] GC(84) - age   4:       1968 bytes,     657200 total
[2025-08-28T13:01:58.233+0000][1087812][trace][gc,age      ] GC(84) - age   5:        224 bytes,     657424 total
[2025-08-28T13:01:58.233+0000][1087812][trace][gc,age      ] GC(84) - age   6:        200 bytes,     657624 total
[2025-08-28T13:01:58.233+0000][1087812][trace][gc,age      ] GC(84) - age   9:       1640 bytes,     659264 total
[2025-08-28T13:01:58.233+0000][1087812][trace][gc,age      ] GC(84) - age  10:        600 bytes,     659864 total
[2025-08-28T13:01:58.233+0000][1087812][trace][gc,age      ] GC(84) - age  11:        160 bytes,     660024 total
[2025-08-28T13:01:58.233+0000][1087812][trace][gc,age      ] GC(84) - age  12:        544 bytes,     660568 total
[2025-08-28T13:01:58.233+0000][1087812][trace][gc,age      ] GC(84) - age  13:       2536 bytes,     663104 total
[2025-08-28T13:01:58.233+0000][1087812][trace][gc,age      ] GC(84) - age  14:       3240 bytes,     666344 total
[2025-08-28T13:01:58.233+0000][1087812][info ][gc,heap     ] GC(84) Eden regions: 75->0(75)
[2025-08-28T13:01:58.233+0000][1087812][info ][gc,heap     ] GC(84) Survivor regions: 1->1(10)
[2025-08-28T13:01:58.233+0000][1087812][info ][gc,heap     ] GC(84) Old regions: 25->25
[2025-08-28T13:01:58.233+0000][1087812][info ][gc,heap     ] GC(84) Humongous regions: 0->0
[2025-08-28T13:01:58.233+0000][1087812][info ][gc,metaspace] GC(84) Metaspace: 139198K(142976K)->139198K(142976K) NonClass: 120263K(122240K)->120263K(122240K) Class: 18934K(20736K)->18934K(20736K)
[2025-08-28T13:01:58.233+0000][1087812][info ][gc          ] GC(84) Pause Young (Normal) (G1 Evacuation Pause) 400M->99M(512M) 2.184ms
[2025-08-28T13:01:58.233+0000][1087812][info ][gc,cpu      ] GC(84) User=0.00s Sys=0.01s Real=0.00s
[2025-08-28T13:01:58.233+0000][1087812][info ][safepoint   ] Safepoint "G1CollectForAllocation", Time since last: 1986054490 ns, Reaching safepoint: 56585 ns, Cleanup: 7632 ns, At safepoint: 2341778 ns, Total: 2405995 ns
[2025-08-28T13:02:00.218+0000][1087812][info ][gc,start    ] GC(85) Pause Young (Normal) (G1 Evacuation Pause)
[2025-08-28T13:02:00.218+0000][1087812][info ][gc,task     ] GC(85) Using 12 workers of 33 for evacuation
[2025-08-28T13:02:00.218+0000][1087812][debug][gc,age      ] GC(85) Desired survivor size 20971520 bytes, new threshold 15 (max threshold 15)
[2025-08-28T13:02:00.220+0000][1087812][info ][gc,phases   ] GC(85)   Pre Evacuate Collection Set: 0.2ms
[2025-08-28T13:02:00.220+0000][1087812][info ][gc,phases   ] GC(85)   Merge Heap Roots: 0.1ms
[2025-08-28T13:02:00.220+0000][1087812][info ][gc,phases   ] GC(85)   Evacuate Collection Set: 1.5ms
[2025-08-28T13:02:00.220+0000][1087812][info ][gc,phases   ] GC(85)   Post Evacuate Collection Set: 0.4ms
[2025-08-28T13:02:00.220+0000][1087812][info ][gc,phases   ] GC(85)   Other: 0.1ms
[2025-08-28T13:02:00.220+0000][1087812][trace][gc,age      ] GC(85) Age table with threshold 15 (max threshold 15)
[2025-08-28T13:02:00.220+0000][1087812][trace][gc,age      ] GC(85) - age   1:    1076712 bytes,    1076712 total
[2025-08-28T13:02:00.220+0000][1087812][trace][gc,age      ] GC(85) - age   3:      13320 bytes,    1090032 total
[2025-08-28T13:02:00.220+0000][1087812][trace][gc,age      ] GC(85) - age   4:       1752 bytes,    1091784 total
[2025-08-28T13:02:00.220+0000][1087812][trace][gc,age      ] GC(85) - age   5:       1968 bytes,    1093752 total
[2025-08-28T13:02:00.220+0000][1087812][trace][gc,age      ] GC(85) - age   6:        224 bytes,    1093976 total
[2025-08-28T13:02:00.220+0000][1087812][trace][gc,age      ] GC(85) - age   7:        200 bytes,    1094176 total
[2025-08-28T13:02:00.220+0000][1087812][trace][gc,age      ] GC(85) - age  10:       1640 bytes,    1095816 total
[2025-08-28T13:02:00.220+0000][1087812][trace][gc,age      ] GC(85) - age  11:        376 bytes,    1096192 total
[2025-08-28T13:02:00.220+0000][1087812][trace][gc,age      ] GC(85) - age  12:        160 bytes,    1096352 total
[2025-08-28T13:02:00.220+0000][1087812][trace][gc,age      ] GC(85) - age  13:        544 bytes,    1096896 total
[2025-08-28T13:02:00.220+0000][1087812][trace][gc,age      ] GC(85) - age  14:       2536 bytes,    1099432 total
[2025-08-28T13:02:00.220+0000][1087812][trace][gc,age      ] GC(85) - age  15:       3240 bytes,    1102672 total
[2025-08-28T13:02:00.220+0000][1087812][info ][gc,heap     ] GC(85) Eden regions: 75->0(75)
[2025-08-28T13:02:00.220+0000][1087812][info ][gc,heap     ] GC(85) Survivor regions: 1->1(10)
[2025-08-28T13:02:00.220+0000][1087812][info ][gc,heap     ] GC(85) Old regions: 25->25
[2025-08-28T13:02:00.220+0000][1087812][info ][gc,heap     ] GC(85) Humongous regions: 0->0
[2025-08-28T13:02:00.220+0000][1087812][info ][gc,metaspace] GC(85) Metaspace: 139198K(142976K)->139198K(142976K) NonClass: 120263K(122240K)->120263K(122240K) Class: 18934K(20736K)->18934K(20736K)
[2025-08-28T13:02:00.220+0000][1087812][info ][gc          ] GC(85) Pause Young (Normal) (G1 Evacuation Pause) 399M->99M(512M) 2.413ms
[2025-08-28T13:02:00.220+0000][1087812][info ][gc,cpu      ] GC(85) User=0.01s Sys=0.00s Real=0.00s
[2025-08-28T13:02:00.220+0000][1087812][info ][safepoint   ] Safepoint "G1CollectForAllocation", Time since last: 1984569139 ns, Reaching safepoint: 17757 ns, Cleanup: 7210 ns, At safepoint: 2512976 ns, Total: 2537943 ns
[2025-08-28T13:02:02.206+0000][1087812][info ][gc,start    ] GC(86) Pause Young (Normal) (G1 Evacuation Pause)
[2025-08-28T13:02:02.206+0000][1087812][info ][gc,task     ] GC(86) Using 12 workers of 33 for evacuation
[2025-08-28T13:02:02.206+0000][1087812][debug][gc,age      ] GC(86) Desired survivor size 20971520 bytes, new threshold 15 (max threshold 15)
[2025-08-28T13:02:02.208+0000][1087812][info ][gc,phases   ] GC(86)   Pre Evacuate Collection Set: 0.2ms
[2025-08-28T13:02:02.208+0000][1087812][info ][gc,phases   ] GC(86)   Merge Heap Roots: 0.1ms
[2025-08-28T13:02:02.208+0000][1087812][info ][gc,phases   ] GC(86)   Evacuate Collection Set: 1.5ms
[2025-08-28T13:02:02.208+0000][1087812][info ][gc,phases   ] GC(86)   Post Evacuate Collection Set: 0.4ms
[2025-08-28T13:02:02.208+0000][1087812][info ][gc,phases   ] GC(86)   Other: 0.1ms
[2025-08-28T13:02:02.208+0000][1087812][trace][gc,age      ] GC(86) Age table with threshold 15 (max threshold 15)
[2025-08-28T13:02:02.208+0000][1087812][trace][gc,age      ] GC(86) - age   1:    1119864 bytes,    1119864 total
[2025-08-28T13:02:02.208+0000][1087812][trace][gc,age      ] GC(86) - age   2:        936 bytes,    1120800 total
[2025-08-28T13:02:02.208+0000][1087812][trace][gc,age      ] GC(86) - age   4:      13320 bytes,    1134120 total
[2025-08-28T13:02:02.208+0000][1087812][trace][gc,age      ] GC(86) - age   5:       1752 bytes,    1135872 total
[2025-08-28T13:02:02.208+0000][1087812][trace][gc,age      ] GC(86) - age   6:       1728 bytes,    1137600 total
[2025-08-28T13:02:02.208+0000][1087812][trace][gc,age      ] GC(86) - age   7:        224 bytes,    1137824 total
[2025-08-28T13:02:02.208+0000][1087812][trace][gc,age      ] GC(86) - age   8:        200 bytes,    1138024 total
[2025-08-28T13:02:02.208+0000][1087812][trace][gc,age      ] GC(86) - age  11:       1640 bytes,    1139664 total
[2025-08-28T13:02:02.208+0000][1087812][trace][gc,age      ] GC(86) - age  12:        376 bytes,    1140040 total
[2025-08-28T13:02:02.208+0000][1087812][trace][gc,age      ] GC(86) - age  13:        160 bytes,    1140200 total
[2025-08-28T13:02:02.208+0000][1087812][trace][gc,age      ] GC(86) - age  14:        544 bytes,    1140744 total
[2025-08-28T13:02:02.208+0000][1087812][trace][gc,age      ] GC(86) - age  15:       2536 bytes,    1143280 total
[2025-08-28T13:02:02.208+0000][1087812][info ][gc,heap     ] GC(86) Eden regions: 75->0(75)
[2025-08-28T13:02:02.208+0000][1087812][info ][gc,heap     ] GC(86) Survivor regions: 1->1(10)
[2025-08-28T13:02:02.208+0000][1087812][info ][gc,heap     ] GC(86) Old regions: 25->25
[2025-08-28T13:02:02.208+0000][1087812][info ][gc,heap     ] GC(86) Humongous regions: 0->0
[2025-08-28T13:02:02.208+0000][1087812][info ][gc,metaspace] GC(86) Metaspace: 139198K(142976K)->139198K(142976K) NonClass: 120263K(122240K)->120263K(122240K) Class: 18934K(20736K)->18934K(20736K)
[2025-08-28T13:02:02.208+0000][1087812][info ][gc          ] GC(86) Pause Young (Normal) (G1 Evacuation Pause) 399M->100M(512M) 2.443ms
[2025-08-28T13:02:02.208+0000][1087812][info ][gc,cpu      ] GC(86) User=0.01s Sys=0.00s Real=0.00s
[2025-08-28T13:02:02.208+0000][1087812][info ][safepoint   ] Safepoint "G1CollectForAllocation", Time since last: 1985573819 ns, Reaching safepoint: 363716 ns, Cleanup: 7301 ns, At safepoint: 2537954 ns, Total: 2908971 ns
[2025-08-28T13:02:04.205+0000][1087812][info ][gc,start    ] GC(87) Pause Young (Normal) (G1 Evacuation Pause)
[2025-08-28T13:02:04.205+0000][1087812][info ][gc,task     ] GC(87) Using 12 workers of 33 for evacuation
[2025-08-28T13:02:04.205+0000][1087812][debug][gc,age      ] GC(87) Desired survivor size 20971520 bytes, new threshold 15 (max threshold 15)
[2025-08-28T13:02:04.207+0000][1087812][info ][gc,phases   ] GC(87)   Pre Evacuate Collection Set: 0.2ms
[2025-08-28T13:02:04.207+0000][1087812][info ][gc,phases   ] GC(87)   Merge Heap Roots: 0.0ms
[2025-08-28T13:02:04.207+0000][1087812][info ][gc,phases   ] GC(87)   Evacuate Collection Set: 1.9ms
[2025-08-28T13:02:04.207+0000][1087812][info ][gc,phases   ] GC(87)   Post Evacuate Collection Set: 0.4ms
[2025-08-28T13:02:04.207+0000][1087812][info ][gc,phases   ] GC(87)   Other: 0.1ms
[2025-08-28T13:02:04.207+0000][1087812][trace][gc,age      ] GC(87) Age table with threshold 15 (max threshold 15)
[2025-08-28T13:02:04.207+0000][1087812][trace][gc,age      ] GC(87) - age   1:    1126824 bytes,    1126824 total
[2025-08-28T13:02:04.207+0000][1087812][trace][gc,age      ] GC(87) - age   2:        240 bytes,    1127064 total
[2025-08-28T13:02:04.207+0000][1087812][trace][gc,age      ] GC(87) - age   3:        936 bytes,    1128000 total
[2025-08-28T13:02:04.207+0000][1087812][trace][gc,age      ] GC(87) - age   5:      13320 bytes,    1141320 total
[2025-08-28T13:02:04.207+0000][1087812][trace][gc,age      ] GC(87) - age   6:       1720 bytes,    1143040 total
[2025-08-28T13:02:04.207+0000][1087812][trace][gc,age      ] GC(87) - age   7:       1728 bytes,    1144768 total
[2025-08-28T13:02:04.207+0000][1087812][trace][gc,age      ] GC(87) - age   8:        224 bytes,    1144992 total
[2025-08-28T13:02:04.207+0000][1087812][trace][gc,age      ] GC(87) - age   9:        200 bytes,    1145192 total
[2025-08-28T13:02:04.207+0000][1087812][trace][gc,age      ] GC(87) - age  12:       1640 bytes,    1146832 total
[2025-08-28T13:02:04.207+0000][1087812][trace][gc,age      ] GC(87) - age  13:        376 bytes,    1147208 total
[2025-08-28T13:02:04.207+0000][1087812][trace][gc,age      ] GC(87) - age  14:        160 bytes,    1147368 total
[2025-08-28T13:02:04.207+0000][1087812][trace][gc,age      ] GC(87) - age  15:        544 bytes,    1147912 total
[2025-08-28T13:02:04.207+0000][1087812][info ][gc,heap     ] GC(87) Eden regions: 75->0(75)
[2025-08-28T13:02:04.207+0000][1087812][info ][gc,heap     ] GC(87) Survivor regions: 1->1(10)
[2025-08-28T13:02:04.207+0000][1087812][info ][gc,heap     ] GC(87) Old regions: 25->25
[2025-08-28T13:02:04.207+0000][1087812][info ][gc,heap     ] GC(87) Humongous regions: 0->0
[2025-08-28T13:02:04.207+0000][1087812][info ][gc,metaspace] GC(87) Metaspace: 139206K(142976K)->139206K(142976K) NonClass: 120272K(122240K)->120272K(122240K) Class: 18934K(20736K)->18934K(20736K)
[2025-08-28T13:02:04.207+0000][1087812][info ][gc          ] GC(87) Pause Young (Normal) (G1 Evacuation Pause) 400M->100M(512M) 2.798ms
[2025-08-28T13:02:04.207+0000][1087812][info ][gc,cpu      ] GC(87) User=0.01s Sys=0.00s Real=0.00s
[2025-08-28T13:02:04.207+0000][1087812][info ][safepoint   ] Safepoint "G1CollectForAllocation", Time since last: 1996059090 ns, Reaching safepoint: 19079 ns, Cleanup: 7311 ns, At safepoint: 2908761 ns, Total: 2935151 ns
[2025-08-28T13:02:06.192+0000][1087812][info ][gc,start    ] GC(88) Pause Young (Normal) (G1 Evacuation Pause)
[2025-08-28T13:02:06.192+0000][1087812][info ][gc,task     ] GC(88) Using 12 workers of 33 for evacuation
[2025-08-28T13:02:06.192+0000][1087812][debug][gc,age      ] GC(88) Desired survivor size 20971520 bytes, new threshold 15 (max threshold 15)
[2025-08-28T13:02:06.195+0000][1087812][info ][gc,phases   ] GC(88)   Pre Evacuate Collection Set: 0.2ms
[2025-08-28T13:02:06.195+0000][1087812][info ][gc,phases   ] GC(88)   Merge Heap Roots: 0.1ms
[2025-08-28T13:02:06.195+0000][1087812][info ][gc,phases   ] GC(88)   Evacuate Collection Set: 1.9ms
[2025-08-28T13:02:06.195+0000][1087812][info ][gc,phases   ] GC(88)   Post Evacuate Collection Set: 0.3ms
[2025-08-28T13:02:06.195+0000][1087812][info ][gc,phases   ] GC(88)   Other: 0.1ms
[2025-08-28T13:02:06.195+0000][1087812][trace][gc,age      ] GC(88) Age table with threshold 15 (max threshold 15)
[2025-08-28T13:02:06.195+0000][1087812][trace][gc,age      ] GC(88) - age   1:    1242456 bytes,    1242456 total
[2025-08-28T13:02:06.195+0000][1087812][trace][gc,age      ] GC(88) - age   2:        400 bytes,    1242856 total
[2025-08-28T13:02:06.195+0000][1087812][trace][gc,age      ] GC(88) - age   3:        240 bytes,    1243096 total
[2025-08-28T13:02:06.195+0000][1087812][trace][gc,age      ] GC(88) - age   4:        224 bytes,    1243320 total
[2025-08-28T13:02:06.195+0000][1087812][trace][gc,age      ] GC(88) - age   6:      13320 bytes,    1256640 total
[2025-08-28T13:02:06.195+0000][1087812][trace][gc,age      ] GC(88) - age   7:       1720 bytes,    1258360 total
[2025-08-28T13:02:06.195+0000][1087812][trace][gc,age      ] GC(88) - age   8:       1728 bytes,    1260088 total
[2025-08-28T13:02:06.195+0000][1087812][trace][gc,age      ] GC(88) - age   9:        224 bytes,    1260312 total
[2025-08-28T13:02:06.195+0000][1087812][trace][gc,age      ] GC(88) - age  10:        200 bytes,    1260512 total
[2025-08-28T13:02:06.195+0000][1087812][trace][gc,age      ] GC(88) - age  13:       1640 bytes,    1262152 total
[2025-08-28T13:02:06.195+0000][1087812][trace][gc,age      ] GC(88) - age  14:        376 bytes,    1262528 total
[2025-08-28T13:02:06.195+0000][1087812][trace][gc,age      ] GC(88) - age  15:        160 bytes,    1262688 total
[2025-08-28T13:02:06.195+0000][1087812][info ][gc,heap     ] GC(88) Eden regions: 75->0(75)
[2025-08-28T13:02:06.195+0000][1087812][info ][gc,heap     ] GC(88) Survivor regions: 1->1(10)
[2025-08-28T13:02:06.195+0000][1087812][info ][gc,heap     ] GC(88) Old regions: 25->25
[2025-08-28T13:02:06.195+0000][1087812][info ][gc,heap     ] GC(88) Humongous regions: 0->0
[2025-08-28T13:02:06.195+0000][1087812][info ][gc,metaspace] GC(88) Metaspace: 139218K(143040K)->139218K(143040K) NonClass: 120284K(122304K)->120284K(122304K) Class: 18934K(20736K)->18934K(20736K)
[2025-08-28T13:02:06.195+0000][1087812][info ][gc          ] GC(88) Pause Young (Normal) (G1 Evacuation Pause) 400M->100M(512M) 2.669ms
[2025-08-28T13:02:06.195+0000][1087812][info ][gc,cpu      ] GC(88) User=0.01s Sys=0.00s Real=0.00s
[2025-08-28T13:02:06.195+0000][1087812][info ][safepoint   ] Safepoint "G1CollectForAllocation", Time since last: 1984642099 ns, Reaching safepoint: 87261 ns, Cleanup: 23926 ns, At safepoint: 2788000 ns, Total: 2899187 ns
[2025-08-28T13:02:08.180+0000][1087812][info ][gc,start    ] GC(89) Pause Young (Normal) (G1 Evacuation Pause)
[2025-08-28T13:02:08.180+0000][1087812][info ][gc,task     ] GC(89) Using 12 workers of 33 for evacuation
[2025-08-28T13:02:08.180+0000][1087812][debug][gc,age      ] GC(89) Desired survivor size 20971520 bytes, new threshold 15 (max threshold 15)
[2025-08-28T13:02:08.184+0000][1087812][info ][gc,phases   ] GC(89)   Pre Evacuate Collection Set: 0.2ms
[2025-08-28T13:02:08.184+0000][1087812][info ][gc,phases   ] GC(89)   Merge Heap Roots: 0.1ms
[2025-08-28T13:02:08.184+0000][1087812][info ][gc,phases   ] GC(89)   Evacuate Collection Set: 2.9ms
[2025-08-28T13:02:08.184+0000][1087812][info ][gc,phases   ] GC(89)   Post Evacuate Collection Set: 0.5ms
[2025-08-28T13:02:08.184+0000][1087812][info ][gc,phases   ] GC(89)   Other: 0.1ms
[2025-08-28T13:02:08.184+0000][1087812][trace][gc,age      ] GC(89) Age table with threshold 15 (max threshold 15)
[2025-08-28T13:02:08.184+0000][1087812][trace][gc,age      ] GC(89) - age   1:    1092792 bytes,    1092792 total
[2025-08-28T13:02:08.184+0000][1087812][trace][gc,age      ] GC(89) - age   2:        712 bytes,    1093504 total
[2025-08-28T13:02:08.184+0000][1087812][trace][gc,age      ] GC(89) - age   3:        400 bytes,    1093904 total
[2025-08-28T13:02:08.184+0000][1087812][trace][gc,age      ] GC(89) - age   4:        240 bytes,    1094144 total
[2025-08-28T13:02:08.184+0000][1087812][trace][gc,age      ] GC(89) - age   5:        224 bytes,    1094368 total
[2025-08-28T13:02:08.184+0000][1087812][trace][gc,age      ] GC(89) - age   7:      13320 bytes,    1107688 total
[2025-08-28T13:02:08.184+0000][1087812][trace][gc,age      ] GC(89) - age   8:       1720 bytes,    1109408 total
[2025-08-28T13:02:08.184+0000][1087812][trace][gc,age      ] GC(89) - age   9:       1728 bytes,    1111136 total
[2025-08-28T13:02:08.184+0000][1087812][trace][gc,age      ] GC(89) - age  10:        224 bytes,    1111360 total
[2025-08-28T13:02:08.184+0000][1087812][trace][gc,age      ] GC(89) - age  11:        200 bytes,    1111560 total
[2025-08-28T13:02:08.184+0000][1087812][trace][gc,age      ] GC(89) - age  14:       1640 bytes,    1113200 total
[2025-08-28T13:02:08.184+0000][1087812][trace][gc,age      ] GC(89) - age  15:        376 bytes,    1113576 total
[2025-08-28T13:02:08.184+0000][1087812][info ][gc,heap     ] GC(89) Eden regions: 75->0(75)
[2025-08-28T13:02:08.184+0000][1087812][info ][gc,heap     ] GC(89) Survivor regions: 1->1(10)
[2025-08-28T13:02:08.184+0000][1087812][info ][gc,heap     ] GC(89) Old regions: 25->25
[2025-08-28T13:02:08.184+0000][1087812][info ][gc,heap     ] GC(89) Humongous regions: 0->0
[2025-08-28T13:02:08.184+0000][1087812][info ][gc,metaspace] GC(89) Metaspace: 139219K(143040K)->139219K(143040K) NonClass: 120285K(122304K)->120285K(122304K) Class: 18934K(20736K)->18934K(20736K)
[2025-08-28T13:02:08.184+0000][1087812][info ][gc          ] GC(89) Pause Young (Normal) (G1 Evacuation Pause) 400M->99M(512M) 3.969ms
[2025-08-28T13:02:08.184+0000][1087812][info ][gc,cpu      ] GC(89) User=0.01s Sys=0.00s Real=0.01s
[2025-08-28T13:02:08.184+0000][1087812][info ][safepoint   ] Safepoint "G1CollectForAllocation", Time since last: 1984841441 ns, Reaching safepoint: 51357 ns, Cleanup: 7351 ns, At safepoint: 4118459 ns, Total: 4177167 ns
[2025-08-28T13:02:10.167+0000][1087812][info ][gc,start    ] GC(90) Pause Young (Normal) (G1 Evacuation Pause)
[2025-08-28T13:02:10.167+0000][1087812][info ][gc,task     ] GC(90) Using 12 workers of 33 for evacuation
[2025-08-28T13:02:10.167+0000][1087812][debug][gc,age      ] GC(90) Desired survivor size 20971520 bytes, new threshold 15 (max threshold 15)
[2025-08-28T13:02:10.173+0000][1087812][info ][gc,phases   ] GC(90)   Pre Evacuate Collection Set: 0.4ms
[2025-08-28T13:02:10.173+0000][1087812][info ][gc,phases   ] GC(90)   Merge Heap Roots: 0.1ms
[2025-08-28T13:02:10.173+0000][1087812][info ][gc,phases   ] GC(90)   Evacuate Collection Set: 4.5ms
[2025-08-28T13:02:10.173+0000][1087812][info ][gc,phases   ] GC(90)   Post Evacuate Collection Set: 0.8ms
[2025-08-28T13:02:10.173+0000][1087812][info ][gc,phases   ] GC(90)   Other: 0.1ms
[2025-08-28T13:02:10.173+0000][1087812][trace][gc,age      ] GC(90) Age table with threshold 15 (max threshold 15)
[2025-08-28T13:02:10.173+0000][1087812][trace][gc,age      ] GC(90) - age   1:    1094240 bytes,    1094240 total
[2025-08-28T13:02:10.173+0000][1087812][trace][gc,age      ] GC(90) - age   4:        400 bytes,    1094640 total
[2025-08-28T13:02:10.173+0000][1087812][trace][gc,age      ] GC(90) - age   5:        240 bytes,    1094880 total
[2025-08-28T13:02:10.173+0000][1087812][trace][gc,age      ] GC(90) - age   6:        224 bytes,    1095104 total
[2025-08-28T13:02:10.173+0000][1087812][trace][gc,age      ] GC(90) - age   8:      13160 bytes,    1108264 total
[2025-08-28T13:02:10.173+0000][1087812][trace][gc,age      ] GC(90) - age   9:       1720 bytes,    1109984 total
[2025-08-28T13:02:10.173+0000][1087812][trace][gc,age      ] GC(90) - age  10:       1728 bytes,    1111712 total
[2025-08-28T13:02:10.173+0000][1087812][trace][gc,age      ] GC(90) - age  11:        224 bytes,    1111936 total
[2025-08-28T13:02:10.173+0000][1087812][trace][gc,age      ] GC(90) - age  12:        200 bytes,    1112136 total
[2025-08-28T13:02:10.173+0000][1087812][trace][gc,age      ] GC(90) - age  15:       1640 bytes,    1113776 total
[2025-08-28T13:02:10.173+0000][1087812][info ][gc,heap     ] GC(90) Eden regions: 75->0(75)
[2025-08-28T13:02:10.173+0000][1087812][info ][gc,heap     ] GC(90) Survivor regions: 1->1(10)
[2025-08-28T13:02:10.173+0000][1087812][info ][gc,heap     ] GC(90) Old regions: 25->25
[2025-08-28T13:02:10.173+0000][1087812][info ][gc,heap     ] GC(90) Humongous regions: 0->0
[2025-08-28T13:02:10.173+0000][1087812][info ][gc,metaspace] GC(90) Metaspace: 139220K(143040K)->139220K(143040K) NonClass: 120286K(122304K)->120286K(122304K) Class: 18934K(20736K)->18934K(20736K)
[2025-08-28T13:02:10.173+0000][1087812][info ][gc          ] GC(90) Pause Young (Normal) (G1 Evacuation Pause) 399M->100M(512M) 5.999ms
[2025-08-28T13:02:10.173+0000][1087812][info ][gc,cpu      ] GC(90) User=0.00s Sys=0.02s Real=0.01s
[2025-08-28T13:02:10.173+0000][1087812][info ][safepoint   ] Safepoint "G1CollectForAllocation", Time since last: 1983002547 ns, Reaching safepoint: 124968 ns, Cleanup: 7341 ns, At safepoint: 6099065 ns, Total: 6231374 ns
[2025-08-28T13:02:12.131+0000][1087812][info ][gc,start    ] GC(91) Pause Young (Normal) (G1 Evacuation Pause)
[2025-08-28T13:02:12.131+0000][1087812][info ][gc,task     ] GC(91) Using 12 workers of 33 for evacuation
[2025-08-28T13:02:12.131+0000][1087812][debug][gc,age      ] GC(91) Desired survivor size 20971520 bytes, new threshold 15 (max threshold 15)
[2025-08-28T13:02:12.134+0000][1087812][info ][gc,phases   ] GC(91)   Pre Evacuate Collection Set: 0.1ms
[2025-08-28T13:02:12.134+0000][1087812][info ][gc,phases   ] GC(91)   Merge Heap Roots: 0.1ms
[2025-08-28T13:02:12.134+0000][1087812][info ][gc,phases   ] GC(91)   Evacuate Collection Set: 1.7ms
[2025-08-28T13:02:12.134+0000][1087812][info ][gc,phases   ] GC(91)   Post Evacuate Collection Set: 0.6ms
[2025-08-28T13:02:12.134+0000][1087812][info ][gc,phases   ] GC(91)   Other: 0.1ms
[2025-08-28T13:02:12.134+0000][1087812][trace][gc,age      ] GC(91) Age table with threshold 15 (max threshold 15)
[2025-08-28T13:02:12.134+0000][1087812][trace][gc,age      ] GC(91) - age   1:    1136616 bytes,    1136616 total
[2025-08-28T13:02:12.134+0000][1087812][trace][gc,age      ] GC(91) - age   2:        888 bytes,    1137504 total
[2025-08-28T13:02:12.134+0000][1087812][trace][gc,age      ] GC(91) - age   5:        400 bytes,    1137904 total
[2025-08-28T13:02:12.134+0000][1087812][trace][gc,age      ] GC(91) - age   7:        224 bytes,    1138128 total
[2025-08-28T13:02:12.134+0000][1087812][trace][gc,age      ] GC(91) - age   9:      13160 bytes,    1151288 total
[2025-08-28T13:02:12.134+0000][1087812][trace][gc,age      ] GC(91) - age  10:       1720 bytes,    1153008 total
[2025-08-28T13:02:12.134+0000][1087812][trace][gc,age      ] GC(91) - age  11:       1728 bytes,    1154736 total
[2025-08-28T13:02:12.134+0000][1087812][trace][gc,age      ] GC(91) - age  12:        224 bytes,    1154960 total
[2025-08-28T13:02:12.134+0000][1087812][trace][gc,age      ] GC(91) - age  13:        200 bytes,    1155160 total
[2025-08-28T13:02:12.134+0000][1087812][info ][gc,heap     ] GC(91) Eden regions: 75->0(75)
[2025-08-28T13:02:12.134+0000][1087812][info ][gc,heap     ] GC(91) Survivor regions: 1->1(10)
[2025-08-28T13:02:12.134+0000][1087812][info ][gc,heap     ] GC(91) Old regions: 25->25
[2025-08-28T13:02:12.134+0000][1087812][info ][gc,heap     ] GC(91) Humongous regions: 0->0
[2025-08-28T13:02:12.134+0000][1087812][info ][gc,metaspace] GC(91) Metaspace: 139220K(143040K)->139220K(143040K) NonClass: 120286K(122304K)->120286K(122304K) Class: 18934K(20736K)->18934K(20736K)
[2025-08-28T13:02:12.134+0000][1087812][info ][gc          ] GC(91) Pause Young (Normal) (G1 Evacuation Pause) 399M->100M(512M) 2.810ms
[2025-08-28T13:02:12.134+0000][1087812][info ][gc,cpu      ] GC(91) User=0.01s Sys=0.01s Real=0.00s
[2025-08-28T13:02:12.134+0000][1087812][info ][safepoint   ] Safepoint "G1CollectForAllocation", Time since last: 1957511551 ns, Reaching safepoint: 93420 ns, Cleanup: 8363 ns, At safepoint: 2932857 ns, Total: 3034640 ns
[2025-08-28T13:02:14.118+0000][1087812][info ][gc,start    ] GC(92) Pause Young (Normal) (G1 Evacuation Pause)
[2025-08-28T13:02:14.118+0000][1087812][info ][gc,task     ] GC(92) Using 12 workers of 33 for evacuation
[2025-08-28T13:02:14.118+0000][1087812][debug][gc,age      ] GC(92) Desired survivor size 20971520 bytes, new threshold 15 (max threshold 15)
[2025-08-28T13:02:14.120+0000][1087812][info ][gc,phases   ] GC(92)   Pre Evacuate Collection Set: 0.1ms
[2025-08-28T13:02:14.120+0000][1087812][info ][gc,phases   ] GC(92)   Merge Heap Roots: 0.0ms
[2025-08-28T13:02:14.120+0000][1087812][info ][gc,phases   ] GC(92)   Evacuate Collection Set: 1.3ms
[2025-08-28T13:02:14.120+0000][1087812][info ][gc,phases   ] GC(92)   Post Evacuate Collection Set: 0.4ms
[2025-08-28T13:02:14.120+0000][1087812][info ][gc,phases   ] GC(92)   Other: 0.1ms
[2025-08-28T13:02:14.120+0000][1087812][trace][gc,age      ] GC(92) Age table with threshold 15 (max threshold 15)
[2025-08-28T13:02:14.120+0000][1087812][trace][gc,age      ] GC(92) - age   1:    1090792 bytes,    1090792 total
[2025-08-28T13:02:14.120+0000][1087812][trace][gc,age      ] GC(92) - age   2:        240 bytes,    1091032 total
[2025-08-28T13:02:14.120+0000][1087812][trace][gc,age      ] GC(92) - age   3:        888 bytes,    1091920 total
[2025-08-28T13:02:14.120+0000][1087812][trace][gc,age      ] GC(92) - age   6:        400 bytes,    1092320 total
[2025-08-28T13:02:14.120+0000][1087812][trace][gc,age      ] GC(92) - age   8:        224 bytes,    1092544 total
[2025-08-28T13:02:14.120+0000][1087812][trace][gc,age      ] GC(92) - age  10:      13160 bytes,    1105704 total
[2025-08-28T13:02:14.120+0000][1087812][trace][gc,age      ] GC(92) - age  11:       1720 bytes,    1107424 total
[2025-08-28T13:02:14.120+0000][1087812][trace][gc,age      ] GC(92) - age  12:       1728 bytes,    1109152 total
[2025-08-28T13:02:14.120+0000][1087812][trace][gc,age      ] GC(92) - age  13:        224 bytes,    1109376 total
[2025-08-28T13:02:14.120+0000][1087812][trace][gc,age      ] GC(92) - age  14:        200 bytes,    1109576 total
[2025-08-28T13:02:14.120+0000][1087812][info ][gc,heap     ] GC(92) Eden regions: 75->0(75)
[2025-08-28T13:02:14.120+0000][1087812][info ][gc,heap     ] GC(92) Survivor regions: 1->1(10)
[2025-08-28T13:02:14.120+0000][1087812][info ][gc,heap     ] GC(92) Old regions: 25->25
[2025-08-28T13:02:14.120+0000][1087812][info ][gc,heap     ] GC(92) Humongous regions: 0->0
[2025-08-28T13:02:14.120+0000][1087812][info ][gc,metaspace] GC(92) Metaspace: 139220K(143040K)->139220K(143040K) NonClass: 120286K(122304K)->120286K(122304K) Class: 18934K(20736K)->18934K(20736K)
[2025-08-28T13:02:14.120+0000][1087812][info ][gc          ] GC(92) Pause Young (Normal) (G1 Evacuation Pause) 400M->100M(512M) 2.103ms
[2025-08-28T13:02:14.120+0000][1087812][info ][gc,cpu      ] GC(92) User=0.01s Sys=0.00s Real=0.00s
[2025-08-28T13:02:14.120+0000][1087812][info ][safepoint   ] Safepoint "G1CollectForAllocation", Time since last: 1984386237 ns, Reaching safepoint: 13270 ns, Cleanup: 3355 ns, At safepoint: 2214738 ns, Total: 2231363 ns
[2025-08-28T13:02:15.310+0000][1087812][info ][safepoint   ] Safepoint "Cleanup", Time since last: 1189509517 ns, Reaching safepoint: 11858 ns, Cleanup: 12980 ns, At safepoint: 11507 ns, Total: 36345 ns
[2025-08-28T13:02:16.100+0000][1087812][info ][gc,start    ] GC(93) Pause Young (Normal) (G1 Evacuation Pause)
[2025-08-28T13:02:16.100+0000][1087812][info ][gc,task     ] GC(93) Using 12 workers of 33 for evacuation
[2025-08-28T13:02:16.100+0000][1087812][debug][gc,age      ] GC(93) Desired survivor size 20971520 bytes, new threshold 15 (max threshold 15)
[2025-08-28T13:02:16.102+0000][1087812][info ][gc,phases   ] GC(93)   Pre Evacuate Collection Set: 0.1ms
[2025-08-28T13:02:16.102+0000][1087812][info ][gc,phases   ] GC(93)   Merge Heap Roots: 0.1ms
[2025-08-28T13:02:16.102+0000][1087812][info ][gc,phases   ] GC(93)   Evacuate Collection Set: 1.4ms
[2025-08-28T13:02:16.102+0000][1087812][info ][gc,phases   ] GC(93)   Post Evacuate Collection Set: 0.4ms
[2025-08-28T13:02:16.102+0000][1087812][info ][gc,phases   ] GC(93)   Other: 0.1ms
[2025-08-28T13:02:16.102+0000][1087812][trace][gc,age      ] GC(93) Age table with threshold 15 (max threshold 15)
[2025-08-28T13:02:16.102+0000][1087812][trace][gc,age      ] GC(93) - age   1:    1089792 bytes,    1089792 total
[2025-08-28T13:02:16.102+0000][1087812][trace][gc,age      ] GC(93) - age   3:        240 bytes,    1090032 total
[2025-08-28T13:02:16.102+0000][1087812][trace][gc,age      ] GC(93) - age   4:        176 bytes,    1090208 total
[2025-08-28T13:02:16.102+0000][1087812][trace][gc,age      ] GC(93) - age   7:        400 bytes,    1090608 total
[2025-08-28T13:02:16.102+0000][1087812][trace][gc,age      ] GC(93) - age   9:        224 bytes,    1090832 total
[2025-08-28T13:02:16.102+0000][1087812][trace][gc,age      ] GC(93) - age  11:        704 bytes,    1091536 total
[2025-08-28T13:02:16.102+0000][1087812][trace][gc,age      ] GC(93) - age  12:       1720 bytes,    1093256 total
[2025-08-28T13:02:16.102+0000][1087812][trace][gc,age      ] GC(93) - age  13:       1728 bytes,    1094984 total
[2025-08-28T13:02:16.102+0000][1087812][trace][gc,age      ] GC(93) - age  14:        224 bytes,    1095208 total
[2025-08-28T13:02:16.102+0000][1087812][trace][gc,age      ] GC(93) - age  15:        200 bytes,    1095408 total
[2025-08-28T13:02:16.102+0000][1087812][info ][gc,heap     ] GC(93) Eden regions: 75->0(75)
[2025-08-28T13:02:16.102+0000][1087812][info ][gc,heap     ] GC(93) Survivor regions: 1->1(10)
[2025-08-28T13:02:16.102+0000][1087812][info ][gc,heap     ] GC(93) Old regions: 25->25
[2025-08-28T13:02:16.102+0000][1087812][info ][gc,heap     ] GC(93) Humongous regions: 0->0
[2025-08-28T13:02:16.102+0000][1087812][info ][gc,metaspace] GC(93) Metaspace: 139221K(143040K)->139221K(143040K) NonClass: 120287K(122304K)->120287K(122304K) Class: 18934K(20736K)->18934K(20736K)
[2025-08-28T13:02:16.102+0000][1087812][info ][gc          ] GC(93) Pause Young (Normal) (G1 Evacuation Pause) 400M->100M(512M) 2.248ms
[2025-08-28T13:02:16.102+0000][1087812][info ][gc,cpu      ] GC(93) User=0.01s Sys=0.00s Real=0.01s
[2025-08-28T13:02:16.102+0000][1087812][info ][safepoint   ] Safepoint "G1CollectForAllocation", Time since last: 789757206 ns, Reaching safepoint: 17266 ns, Cleanup: 7110 ns, At safepoint: 2346296 ns, Total: 2370672 ns
[2025-08-28T13:02:18.101+0000][1087812][info ][gc,start    ] GC(94) Pause Young (Normal) (G1 Evacuation Pause)
[2025-08-28T13:02:18.101+0000][1087812][info ][gc,task     ] GC(94) Using 12 workers of 33 for evacuation
[2025-08-28T13:02:18.101+0000][1087812][debug][gc,age      ] GC(94) Desired survivor size 20971520 bytes, new threshold 15 (max threshold 15)
[2025-08-28T13:02:18.102+0000][1087812][info ][gc,phases   ] GC(94)   Pre Evacuate Collection Set: 0.1ms
[2025-08-28T13:02:18.102+0000][1087812][info ][gc,phases   ] GC(94)   Merge Heap Roots: 0.1ms
[2025-08-28T13:02:18.102+0000][1087812][info ][gc,phases   ] GC(94)   Evacuate Collection Set: 1.2ms
[2025-08-28T13:02:18.102+0000][1087812][info ][gc,phases   ] GC(94)   Post Evacuate Collection Set: 0.4ms
[2025-08-28T13:02:18.102+0000][1087812][info ][gc,phases   ] GC(94)   Other: 0.1ms
[2025-08-28T13:02:18.102+0000][1087812][trace][gc,age      ] GC(94) Age table with threshold 15 (max threshold 15)
[2025-08-28T13:02:18.102+0000][1087812][trace][gc,age      ] GC(94) - age   1:     804320 bytes,     804320 total
[2025-08-28T13:02:18.102+0000][1087812][trace][gc,age      ] GC(94) - age   2:      14016 bytes,     818336 total
[2025-08-28T13:02:18.102+0000][1087812][trace][gc,age      ] GC(94) - age   4:        240 bytes,     818576 total
[2025-08-28T13:02:18.103+0000][1087812][trace][gc,age      ] GC(94) - age   5:        176 bytes,     818752 total
[2025-08-28T13:02:18.103+0000][1087812][trace][gc,age      ] GC(94) - age   8:        400 bytes,     819152 total
[2025-08-28T13:02:18.103+0000][1087812][trace][gc,age      ] GC(94) - age  12:        704 bytes,     819856 total
[2025-08-28T13:02:18.103+0000][1087812][trace][gc,age      ] GC(94) - age  13:       1720 bytes,     821576 total
[2025-08-28T13:02:18.103+0000][1087812][trace][gc,age      ] GC(94) - age  14:       1728 bytes,     823304 total
[2025-08-28T13:02:18.103+0000][1087812][trace][gc,age      ] GC(94) - age  15:        224 bytes,     823528 total
[2025-08-28T13:02:18.103+0000][1087812][info ][gc,heap     ] GC(94) Eden regions: 75->0(75)
[2025-08-28T13:02:18.103+0000][1087812][info ][gc,heap     ] GC(94) Survivor regions: 1->1(10)
[2025-08-28T13:02:18.103+0000][1087812][info ][gc,heap     ] GC(94) Old regions: 25->25
[2025-08-28T13:02:18.103+0000][1087812][info ][gc,heap     ] GC(94) Humongous regions: 0->0
[2025-08-28T13:02:18.103+0000][1087812][info ][gc,metaspace] GC(94) Metaspace: 139221K(143040K)->139221K(143040K) NonClass: 120287K(122304K)->120287K(122304K) Class: 18934K(20736K)->18934K(20736K)
[2025-08-28T13:02:18.103+0000][1087812][info ][gc          ] GC(94) Pause Young (Normal) (G1 Evacuation Pause) 399M->99M(512M) 2.096ms
[2025-08-28T13:02:18.103+0000][1087812][info ][gc,cpu      ] GC(94) User=0.00s Sys=0.00s Real=0.01s
[2025-08-28T13:02:18.103+0000][1087812][info ][safepoint   ] Safepoint "G1CollectForAllocation", Time since last: 1998337752 ns, Reaching safepoint: 53160 ns, Cleanup: 7030 ns, At safepoint: 2208639 ns, Total: 2268829 ns
[2025-08-28T13:02:20.076+0000][1087812][info ][gc,start    ] GC(95) Pause Young (Normal) (G1 Evacuation Pause)
[2025-08-28T13:02:20.076+0000][1087812][info ][gc,task     ] GC(95) Using 12 workers of 33 for evacuation
[2025-08-28T13:02:20.076+0000][1087812][debug][gc,age      ] GC(95) Desired survivor size 20971520 bytes, new threshold 15 (max threshold 15)
[2025-08-28T13:02:20.078+0000][1087812][info ][gc,phases   ] GC(95)   Pre Evacuate Collection Set: 0.2ms
[2025-08-28T13:02:20.078+0000][1087812][info ][gc,phases   ] GC(95)   Merge Heap Roots: 0.0ms
[2025-08-28T13:02:20.078+0000][1087812][info ][gc,phases   ] GC(95)   Evacuate Collection Set: 1.3ms
[2025-08-28T13:02:20.078+0000][1087812][info ][gc,phases   ] GC(95)   Post Evacuate Collection Set: 0.4ms
[2025-08-28T13:02:20.078+0000][1087812][info ][gc,phases   ] GC(95)   Other: 0.1ms
[2025-08-28T13:02:20.078+0000][1087812][trace][gc,age      ] GC(95) Age table with threshold 15 (max threshold 15)
[2025-08-28T13:02:20.078+0000][1087812][trace][gc,age      ] GC(95) - age   1:    1120576 bytes,    1120576 total
[2025-08-28T13:02:20.078+0000][1087812][trace][gc,age      ] GC(95) - age   2:        224 bytes,    1120800 total
[2025-08-28T13:02:20.078+0000][1087812][trace][gc,age      ] GC(95) - age   3:      13304 bytes,    1134104 total
[2025-08-28T13:02:20.078+0000][1087812][trace][gc,age      ] GC(95) - age   5:        240 bytes,    1134344 total
[2025-08-28T13:02:20.078+0000][1087812][trace][gc,age      ] GC(95) - age   6:        176 bytes,    1134520 total
[2025-08-28T13:02:20.078+0000][1087812][trace][gc,age      ] GC(95) - age   9:        400 bytes,    1134920 total
[2025-08-28T13:02:20.078+0000][1087812][trace][gc,age      ] GC(95) - age  13:        704 bytes,    1135624 total
[2025-08-28T13:02:20.078+0000][1087812][trace][gc,age      ] GC(95) - age  14:       1720 bytes,    1137344 total
[2025-08-28T13:02:20.078+0000][1087812][trace][gc,age      ] GC(95) - age  15:       1728 bytes,    1139072 total
[2025-08-28T13:02:20.078+0000][1087812][info ][gc,heap     ] GC(95) Eden regions: 75->0(75)
[2025-08-28T13:02:20.078+0000][1087812][info ][gc,heap     ] GC(95) Survivor regions: 1->1(10)
[2025-08-28T13:02:20.078+0000][1087812][info ][gc,heap     ] GC(95) Old regions: 25->25
[2025-08-28T13:02:20.078+0000][1087812][info ][gc,heap     ] GC(95) Humongous regions: 0->0
[2025-08-28T13:02:20.078+0000][1087812][info ][gc,metaspace] GC(95) Metaspace: 139221K(143040K)->139221K(143040K) NonClass: 120287K(122304K)->120287K(122304K) Class: 18934K(20736K)->18934K(20736K)
[2025-08-28T13:02:20.078+0000][1087812][info ][gc          ] GC(95) Pause Young (Normal) (G1 Evacuation Pause) 399M->100M(512M) 2.117ms
[2025-08-28T13:02:20.078+0000][1087812][info ][gc,cpu      ] GC(95) User=0.01s Sys=0.00s Real=0.00s
[2025-08-28T13:02:20.078+0000][1087812][info ][safepoint   ] Safepoint "G1CollectForAllocation", Time since last: 1972777011 ns, Reaching safepoint: 16735 ns, Cleanup: 19700 ns, At safepoint: 2215409 ns, Total: 2251844 ns
[2025-08-28T13:02:22.076+0000][1087812][info ][gc,start    ] GC(96) Pause Young (Normal) (G1 Evacuation Pause)
[2025-08-28T13:02:22.076+0000][1087812][info ][gc,task     ] GC(96) Using 12 workers of 33 for evacuation
[2025-08-28T13:02:22.076+0000][1087812][debug][gc,age      ] GC(96) Desired survivor size 20971520 bytes, new threshold 15 (max threshold 15)
[2025-08-28T13:02:22.078+0000][1087812][info ][gc,phases   ] GC(96)   Pre Evacuate Collection Set: 0.1ms
[2025-08-28T13:02:22.078+0000][1087812][info ][gc,phases   ] GC(96)   Merge Heap Roots: 0.1ms
[2025-08-28T13:02:22.078+0000][1087812][info ][gc,phases   ] GC(96)   Evacuate Collection Set: 1.3ms
[2025-08-28T13:02:22.078+0000][1087812][info ][gc,phases   ] GC(96)   Post Evacuate Collection Set: 0.4ms
[2025-08-28T13:02:22.078+0000][1087812][info ][gc,phases   ] GC(96)   Other: 0.1ms
[2025-08-28T13:02:22.078+0000][1087812][trace][gc,age      ] GC(96) Age table with threshold 15 (max threshold 15)
[2025-08-28T13:02:22.078+0000][1087812][trace][gc,age      ] GC(96) - age   1:    1004504 bytes,    1004504 total
[2025-08-28T13:02:22.078+0000][1087812][trace][gc,age      ] GC(96) - age   2:        712 bytes,    1005216 total
[2025-08-28T13:02:22.078+0000][1087812][trace][gc,age      ] GC(96) - age   3:        224 bytes,    1005440 total
[2025-08-28T13:02:22.078+0000][1087812][trace][gc,age      ] GC(96) - age   4:      13304 bytes,    1018744 total
[2025-08-28T13:02:22.078+0000][1087812][trace][gc,age      ] GC(96) - age   7:        176 bytes,    1018920 total
[2025-08-28T13:02:22.078+0000][1087812][trace][gc,age      ] GC(96) - age  10:        400 bytes,    1019320 total
[2025-08-28T13:02:22.078+0000][1087812][trace][gc,age      ] GC(96) - age  14:        704 bytes,    1020024 total
[2025-08-28T13:02:22.078+0000][1087812][trace][gc,age      ] GC(96) - age  15:       1656 bytes,    1021680 total
[2025-08-28T13:02:22.078+0000][1087812][info ][gc,heap     ] GC(96) Eden regions: 75->0(75)
[2025-08-28T13:02:22.078+0000][1087812][info ][gc,heap     ] GC(96) Survivor regions: 1->1(10)
[2025-08-28T13:02:22.078+0000][1087812][info ][gc,heap     ] GC(96) Old regions: 25->25
[2025-08-28T13:02:22.078+0000][1087812][info ][gc,heap     ] GC(96) Humongous regions: 0->0
[2025-08-28T13:02:22.078+0000][1087812][info ][gc,metaspace] GC(96) Metaspace: 139223K(143104K)->139223K(143104K) NonClass: 120288K(122368K)->120288K(122368K) Class: 18934K(20736K)->18934K(20736K)
[2025-08-28T13:02:22.078+0000][1087812][info ][gc          ] GC(96) Pause Young (Normal) (G1 Evacuation Pause) 400M->100M(512M) 2.151ms
[2025-08-28T13:02:22.078+0000][1087812][info ][gc,cpu      ] GC(96) User=0.01s Sys=0.00s Real=0.00s
[2025-08-28T13:02:22.078+0000][1087812][info ][safepoint   ] Safepoint "G1CollectForAllocation", Time since last: 1997813054 ns, Reaching safepoint: 52569 ns, Cleanup: 13590 ns, At safepoint: 2246416 ns, Total: 2312575 ns
[2025-08-28T13:02:23.078+0000][1087812][info ][safepoint   ] Safepoint "Cleanup", Time since last: 1000090531 ns, Reaching safepoint: 16805 ns, Cleanup: 18057 ns, At safepoint: 3816 ns, Total: 38678 ns
[2025-08-28T13:02:24.075+0000][1087812][info ][gc,start    ] GC(97) Pause Young (Normal) (G1 Evacuation Pause)
[2025-08-28T13:02:24.075+0000][1087812][info ][gc,task     ] GC(97) Using 12 workers of 33 for evacuation
[2025-08-28T13:02:24.075+0000][1087812][debug][gc,age      ] GC(97) Desired survivor size 20971520 bytes, new threshold 15 (max threshold 15)
[2025-08-28T13:02:24.077+0000][1087812][info ][gc,phases   ] GC(97)   Pre Evacuate Collection Set: 0.2ms
[2025-08-28T13:02:24.077+0000][1087812][info ][gc,phases   ] GC(97)   Merge Heap Roots: 0.1ms
[2025-08-28T13:02:24.077+0000][1087812][info ][gc,phases   ] GC(97)   Evacuate Collection Set: 1.8ms
[2025-08-28T13:02:24.077+0000][1087812][info ][gc,phases   ] GC(97)   Post Evacuate Collection Set: 0.4ms
[2025-08-28T13:02:24.077+0000][1087812][info ][gc,phases   ] GC(97)   Other: 0.1ms
[2025-08-28T13:02:24.077+0000][1087812][trace][gc,age      ] GC(97) Age table with threshold 15 (max threshold 15)
[2025-08-28T13:02:24.077+0000][1087812][trace][gc,age      ] GC(97) - age   1:    1260008 bytes,    1260008 total
[2025-08-28T13:02:24.077+0000][1087812][trace][gc,age      ] GC(97) - age   2:       1072 bytes,    1261080 total
[2025-08-28T13:02:24.077+0000][1087812][trace][gc,age      ] GC(97) - age   3:        712 bytes,    1261792 total
[2025-08-28T13:02:24.077+0000][1087812][trace][gc,age      ] GC(97) - age   4:        224 bytes,    1262016 total
[2025-08-28T13:02:24.077+0000][1087812][trace][gc,age      ] GC(97) - age   5:      13304 bytes,    1275320 total
[2025-08-28T13:02:24.077+0000][1087812][trace][gc,age      ] GC(97) - age   8:        176 bytes,    1275496 total
[2025-08-28T13:02:24.077+0000][1087812][trace][gc,age      ] GC(97) - age  11:        368 bytes,    1275864 total
[2025-08-28T13:02:24.077+0000][1087812][trace][gc,age      ] GC(97) - age  15:        704 bytes,    1276568 total
[2025-08-28T13:02:24.077+0000][1087812][info ][gc,heap     ] GC(97) Eden regions: 75->0(75)
[2025-08-28T13:02:24.077+0000][1087812][info ][gc,heap     ] GC(97) Survivor regions: 1->1(10)
[2025-08-28T13:02:24.077+0000][1087812][info ][gc,heap     ] GC(97) Old regions: 25->25
[2025-08-28T13:02:24.077+0000][1087812][info ][gc,heap     ] GC(97) Humongous regions: 0->0
[2025-08-28T13:02:24.077+0000][1087812][info ][gc,metaspace] GC(97) Metaspace: 139223K(143104K)->139223K(143104K) NonClass: 120288K(122368K)->120288K(122368K) Class: 18934K(20736K)->18934K(20736K)
[2025-08-28T13:02:24.077+0000][1087812][info ][gc          ] GC(97) Pause Young (Normal) (G1 Evacuation Pause) 400M->100M(512M) 2.626ms
[2025-08-28T13:02:24.077+0000][1087812][info ][gc,cpu      ] GC(97) User=0.01s Sys=0.00s Real=0.00s
[2025-08-28T13:02:24.077+0000][1087812][info ][safepoint   ] Safepoint "G1CollectForAllocation", Time since last: 996430992 ns, Reaching safepoint: 250446 ns, Cleanup: 18608 ns, At safepoint: 2723232 ns, Total: 2992286 ns
[2025-08-28T13:02:26.062+0000][1087812][info ][gc,start    ] GC(98) Pause Young (Normal) (G1 Evacuation Pause)
[2025-08-28T13:02:26.062+0000][1087812][info ][gc,task     ] GC(98) Using 12 workers of 33 for evacuation
[2025-08-28T13:02:26.062+0000][1087812][debug][gc,age      ] GC(98) Desired survivor size 20971520 bytes, new threshold 15 (max threshold 15)
[2025-08-28T13:02:26.065+0000][1087812][info ][gc,phases   ] GC(98)   Pre Evacuate Collection Set: 0.1ms
[2025-08-28T13:02:26.065+0000][1087812][info ][gc,phases   ] GC(98)   Merge Heap Roots: 0.1ms
[2025-08-28T13:02:26.065+0000][1087812][info ][gc,phases   ] GC(98)   Evacuate Collection Set: 1.9ms
[2025-08-28T13:02:26.065+0000][1087812][info ][gc,phases   ] GC(98)   Post Evacuate Collection Set: 0.4ms
[2025-08-28T13:02:26.065+0000][1087812][info ][gc,phases   ] GC(98)   Other: 0.1ms
[2025-08-28T13:02:26.065+0000][1087812][trace][gc,age      ] GC(98) Age table with threshold 15 (max threshold 15)
[2025-08-28T13:02:26.065+0000][1087812][trace][gc,age      ] GC(98) - age   1:    1110472 bytes,    1110472 total
[2025-08-28T13:02:26.065+0000][1087812][trace][gc,age      ] GC(98) - age   2:       1784 bytes,    1112256 total
[2025-08-28T13:02:26.065+0000][1087812][trace][gc,age      ] GC(98) - age   3:       1072 bytes,    1113328 total
[2025-08-28T13:02:26.065+0000][1087812][trace][gc,age      ] GC(98) - age   5:        224 bytes,    1113552 total
[2025-08-28T13:02:26.065+0000][1087812][trace][gc,age      ] GC(98) - age   6:      13304 bytes,    1126856 total
[2025-08-28T13:02:26.065+0000][1087812][trace][gc,age      ] GC(98) - age   9:        176 bytes,    1127032 total
[2025-08-28T13:02:26.065+0000][1087812][trace][gc,age      ] GC(98) - age  12:        368 bytes,    1127400 total
[2025-08-28T13:02:26.065+0000][1087812][info ][gc,heap     ] GC(98) Eden regions: 75->0(75)
[2025-08-28T13:02:26.065+0000][1087812][info ][gc,heap     ] GC(98) Survivor regions: 1->1(10)
[2025-08-28T13:02:26.065+0000][1087812][info ][gc,heap     ] GC(98) Old regions: 25->25
[2025-08-28T13:02:26.065+0000][1087812][info ][gc,heap     ] GC(98) Humongous regions: 0->0
[2025-08-28T13:02:26.065+0000][1087812][info ][gc,metaspace] GC(98) Metaspace: 139223K(143104K)->139223K(143104K) NonClass: 120288K(122368K)->120288K(122368K) Class: 18934K(20736K)->18934K(20736K)
[2025-08-28T13:02:26.065+0000][1087812][info ][gc          ] GC(98) Pause Young (Normal) (G1 Evacuation Pause) 400M->100M(512M) 2.691ms
[2025-08-28T13:02:26.065+0000][1087812][info ][gc,cpu      ] GC(98) User=0.00s Sys=0.00s Real=0.00s
[2025-08-28T13:02:26.065+0000][1087812][info ][safepoint   ] Safepoint "G1CollectForAllocation", Time since last: 1984487649 ns, Reaching safepoint: 336516 ns, Cleanup: 7110 ns, At safepoint: 2785586 ns, Total: 3129212 ns
[2025-08-28T13:02:28.012+0000][1087812][info ][gc,start    ] GC(99) Pause Young (Normal) (G1 Evacuation Pause)
[2025-08-28T13:02:28.012+0000][1087812][info ][gc,task     ] GC(99) Using 12 workers of 33 for evacuation
[2025-08-28T13:02:28.012+0000][1087812][debug][gc,age      ] GC(99) Desired survivor size 20971520 bytes, new threshold 15 (max threshold 15)
[2025-08-28T13:02:28.015+0000][1087812][info ][gc,phases   ] GC(99)   Pre Evacuate Collection Set: 0.1ms
[2025-08-28T13:02:28.015+0000][1087812][info ][gc,phases   ] GC(99)   Merge Heap Roots: 0.1ms
[2025-08-28T13:02:28.015+0000][1087812][info ][gc,phases   ] GC(99)   Evacuate Collection Set: 1.7ms
[2025-08-28T13:02:28.015+0000][1087812][info ][gc,phases   ] GC(99)   Post Evacuate Collection Set: 0.4ms
[2025-08-28T13:02:28.015+0000][1087812][info ][gc,phases   ] GC(99)   Other: 0.1ms
[2025-08-28T13:02:28.015+0000][1087812][trace][gc,age      ] GC(99) Age table with threshold 15 (max threshold 15)
[2025-08-28T13:02:28.015+0000][1087812][trace][gc,age      ] GC(99) - age   1:    1258448 bytes,    1258448 total
[2025-08-28T13:02:28.015+0000][1087812][trace][gc,age      ] GC(99) - age   2:        712 bytes,    1259160 total
[2025-08-28T13:02:28.015+0000][1087812][trace][gc,age      ] GC(99) - age   3:       1784 bytes,    1260944 total
[2025-08-28T13:02:28.015+0000][1087812][trace][gc,age      ] GC(99) - age   4:       1072 bytes,    1262016 total
[2025-08-28T13:02:28.015+0000][1087812][trace][gc,age      ] GC(99) - age   6:        224 bytes,    1262240 total
[2025-08-28T13:02:28.015+0000][1087812][trace][gc,age      ] GC(99) - age   7:      13304 bytes,    1275544 total
[2025-08-28T13:02:28.015+0000][1087812][trace][gc,age      ] GC(99) - age  10:        176 bytes,    1275720 total
[2025-08-28T13:02:28.015+0000][1087812][trace][gc,age      ] GC(99) - age  13:        368 bytes,    1276088 total
[2025-08-28T13:02:28.015+0000][1087812][info ][gc,heap     ] GC(99) Eden regions: 75->0(75)
[2025-08-28T13:02:28.015+0000][1087812][info ][gc,heap     ] GC(99) Survivor regions: 1->1(10)
[2025-08-28T13:02:28.015+0000][1087812][info ][gc,heap     ] GC(99) Old regions: 25->25
[2025-08-28T13:02:28.015+0000][1087812][info ][gc,heap     ] GC(99) Humongous regions: 0->0
[2025-08-28T13:02:28.015+0000][1087812][info ][gc,metaspace] GC(99) Metaspace: 139223K(143104K)->139223K(143104K) NonClass: 120288K(122368K)->120288K(122368K) Class: 18934K(20736K)->18934K(20736K)
[2025-08-28T13:02:28.015+0000][1087812][info ][gc          ] GC(99) Pause Young (Normal) (G1 Evacuation Pause) 400M->100M(512M) 2.595ms
[2025-08-28T13:02:28.015+0000][1087812][info ][gc,cpu      ] GC(99) User=0.01s Sys=0.00s Real=0.00s
[2025-08-28T13:02:28.015+0000][1087812][info ][safepoint   ] Safepoint "G1CollectForAllocation", Time since last: 1946884772 ns, Reaching safepoint: 366160 ns, Cleanup: 6961 ns, At safepoint: 2688260 ns, Total: 3061381 ns
[2025-08-28T13:02:29.520+0000][1087812][info ][safepoint   ] Safepoint "Cleanup", Time since last: 1504726545 ns, Reaching safepoint: 76134 ns, Cleanup: 190306 ns, At safepoint: 4036 ns, Total: 270476 ns
[2025-08-28T13:02:29.644+0000][1087812][info ][safepoint   ] Safepoint "ICBufferFull", Time since last: 123793279 ns, Reaching safepoint: 19208 ns, Cleanup: 201473 ns, At safepoint: 7582 ns, Total: 228263 ns
[2025-08-28T13:02:29.685+0000][1087812][info ][gc,start    ] GC(100) Pause Young (Normal) (G1 Evacuation Pause)
[2025-08-28T13:02:29.685+0000][1087812][info ][gc,task     ] GC(100) Using 12 workers of 33 for evacuation
[2025-08-28T13:02:29.685+0000][1087812][debug][gc,age      ] GC(100) Desired survivor size 20971520 bytes, new threshold 15 (max threshold 15)
[2025-08-28T13:02:29.689+0000][1087812][info ][gc,phases   ] GC(100)   Pre Evacuate Collection Set: 0.1ms
[2025-08-28T13:02:29.689+0000][1087812][info ][gc,phases   ] GC(100)   Merge Heap Roots: 0.1ms
[2025-08-28T13:02:29.689+0000][1087812][info ][gc,phases   ] GC(100)   Evacuate Collection Set: 2.6ms
[2025-08-28T13:02:29.689+0000][1087812][info ][gc,phases   ] GC(100)   Post Evacuate Collection Set: 0.5ms
[2025-08-28T13:02:29.689+0000][1087812][info ][gc,phases   ] GC(100)   Other: 0.1ms
[2025-08-28T13:02:29.689+0000][1087812][trace][gc,age      ] GC(100) Age table with threshold 15 (max threshold 15)
[2025-08-28T13:02:29.689+0000][1087812][trace][gc,age      ] GC(100) - age   1:    8720224 bytes,    8720224 total
[2025-08-28T13:02:29.689+0000][1087812][trace][gc,age      ] GC(100) - age   2:        224 bytes,    8720448 total
[2025-08-28T13:02:29.689+0000][1087812][trace][gc,age      ] GC(100) - age   3:        536 bytes,    8720984 total
[2025-08-28T13:02:29.689+0000][1087812][trace][gc,age      ] GC(100) - age   4:       1784 bytes,    8722768 total
[2025-08-28T13:02:29.689+0000][1087812][trace][gc,age      ] GC(100) - age   5:       1072 bytes,    8723840 total
[2025-08-28T13:02:29.689+0000][1087812][trace][gc,age      ] GC(100) - age   7:        224 bytes,    8724064 total
[2025-08-28T13:02:29.689+0000][1087812][trace][gc,age      ] GC(100) - age   8:      13304 bytes,    8737368 total
[2025-08-28T13:02:29.689+0000][1087812][trace][gc,age      ] GC(100) - age  11:        176 bytes,    8737544 total
[2025-08-28T13:02:29.689+0000][1087812][trace][gc,age      ] GC(100) - age  14:        368 bytes,    8737912 total
[2025-08-28T13:02:29.689+0000][1087812][info ][gc,heap     ] GC(100) Eden regions: 75->0(73)
[2025-08-28T13:02:29.689+0000][1087812][info ][gc,heap     ] GC(100) Survivor regions: 1->3(10)
[2025-08-28T13:02:29.689+0000][1087812][info ][gc,heap     ] GC(100) Old regions: 25->25
[2025-08-28T13:02:29.689+0000][1087812][info ][gc,heap     ] GC(100) Humongous regions: 0->0
[2025-08-28T13:02:29.689+0000][1087812][info ][gc,metaspace] GC(100) Metaspace: 141776K(145664K)->141776K(145664K) NonClass: 122499K(124544K)->122499K(124544K) Class: 19276K(21120K)->19276K(21120K)
[2025-08-28T13:02:29.689+0000][1087812][info ][gc          ] GC(100) Pause Young (Normal) (G1 Evacuation Pause) 400M->107M(512M) 3.530ms
[2025-08-28T13:02:29.689+0000][1087812][info ][gc,cpu      ] GC(100) User=0.02s Sys=0.00s Real=0.00s
[2025-08-28T13:02:29.689+0000][1087812][info ][safepoint   ] Safepoint "G1CollectForAllocation", Time since last: 40931519 ns, Reaching safepoint: 122674 ns, Cleanup: 86741 ns, At safepoint: 3669594 ns, Total: 3879009 ns
[2025-08-28T13:02:29.778+0000][1087812][info ][safepoint   ] Safepoint "ICBufferFull", Time since last: 89412644 ns, Reaching safepoint: 21442 ns, Cleanup: 128383 ns, At safepoint: 5798 ns, Total: 155623 ns
[2025-08-28T13:02:29.894+0000][1087812][info ][safepoint   ] Safepoint "ICBufferFull", Time since last: 115846928 ns, Reaching safepoint: 19829 ns, Cleanup: 182194 ns, At safepoint: 7511 ns, Total: 209534 ns
[2025-08-28T13:02:30.012+0000][1087812][info ][safepoint   ] Safepoint "ICBufferFull", Time since last: 117736297 ns, Reaching safepoint: 16084 ns, Cleanup: 157677 ns, At safepoint: 8483 ns, Total: 182244 ns
[2025-08-28T13:02:30.276+0000][1087812][info ][gc,start    ] GC(101) Pause Young (Normal) (G1 Evacuation Pause)
[2025-08-28T13:02:30.276+0000][1087812][info ][gc,task     ] GC(101) Using 12 workers of 33 for evacuation
[2025-08-28T13:02:30.276+0000][1087812][debug][gc,age      ] GC(101) Desired survivor size 20971520 bytes, new threshold 15 (max threshold 15)
[2025-08-28T13:02:30.281+0000][1087812][info ][gc,phases   ] GC(101)   Pre Evacuate Collection Set: 0.2ms
[2025-08-28T13:02:30.281+0000][1087812][info ][gc,phases   ] GC(101)   Merge Heap Roots: 0.1ms
[2025-08-28T13:02:30.281+0000][1087812][info ][gc,phases   ] GC(101)   Evacuate Collection Set: 4.6ms
[2025-08-28T13:02:30.281+0000][1087812][info ][gc,phases   ] GC(101)   Post Evacuate Collection Set: 0.6ms
[2025-08-28T13:02:30.281+0000][1087812][info ][gc,phases   ] GC(101)   Other: 0.1ms
[2025-08-28T13:02:30.281+0000][1087812][trace][gc,age      ] GC(101) Age table with threshold 15 (max threshold 15)
[2025-08-28T13:02:30.281+0000][1087812][trace][gc,age      ] GC(101) - age   1:   11688216 bytes,   11688216 total
[2025-08-28T13:02:30.281+0000][1087812][trace][gc,age      ] GC(101) - age   2:    7515336 bytes,   19203552 total
[2025-08-28T13:02:30.281+0000][1087812][trace][gc,age      ] GC(101) - age   3:        224 bytes,   19203776 total
[2025-08-28T13:02:30.281+0000][1087812][trace][gc,age      ] GC(101) - age   5:       1784 bytes,   19205560 total
[2025-08-28T13:02:30.281+0000][1087812][trace][gc,age      ] GC(101) - age   6:       1072 bytes,   19206632 total
[2025-08-28T13:02:30.281+0000][1087812][trace][gc,age      ] GC(101) - age   8:        224 bytes,   19206856 total
[2025-08-28T13:02:30.281+0000][1087812][trace][gc,age      ] GC(101) - age   9:      13056 bytes,   19219912 total
[2025-08-28T13:02:30.281+0000][1087812][trace][gc,age      ] GC(101) - age  12:        176 bytes,   19220088 total
[2025-08-28T13:02:30.281+0000][1087812][trace][gc,age      ] GC(101) - age  15:        368 bytes,   19220456 total
[2025-08-28T13:02:30.281+0000][1087812][info ][gc,heap     ] GC(101) Eden regions: 73->0(71)
[2025-08-28T13:02:30.281+0000][1087812][info ][gc,heap     ] GC(101) Survivor regions: 3->5(10)
[2025-08-28T13:02:30.281+0000][1087812][info ][gc,heap     ] GC(101) Old regions: 25->25
[2025-08-28T13:02:30.281+0000][1087812][info ][gc,heap     ] GC(101) Humongous regions: 0->0
[2025-08-28T13:02:30.281+0000][1087812][info ][gc,metaspace] GC(101) Metaspace: 143336K(147456K)->143336K(147456K) NonClass: 123846K(126016K)->123846K(126016K) Class: 19489K(21440K)->19489K(21440K)
[2025-08-28T13:02:30.281+0000][1087812][info ][gc          ] GC(101) Pause Young (Normal) (G1 Evacuation Pause) 399M->118M(512M) 5.788ms
[2025-08-28T13:02:30.281+0000][1087812][info ][gc,cpu      ] GC(101) User=0.04s Sys=0.00s Real=0.01s
[2025-08-28T13:02:30.281+0000][1087812][info ][safepoint   ] Safepoint "G1CollectForAllocation", Time since last: 262922573 ns, Reaching safepoint: 89514 ns, Cleanup: 116776 ns, At safepoint: 5911864 ns, Total: 6118154 ns
[2025-08-28T13:02:30.799+0000][1087812][info ][safepoint   ] Safepoint "ICBufferFull", Time since last: 516940604 ns, Reaching safepoint: 86681 ns, Cleanup: 221232 ns, At safepoint: 6580 ns, Total: 314493 ns
[2025-08-28T13:02:30.921+0000][1087812][info ][gc,start    ] GC(102) Pause Young (Normal) (G1 Evacuation Pause)
[2025-08-28T13:02:30.921+0000][1087812][info ][gc,task     ] GC(102) Using 12 workers of 33 for evacuation
[2025-08-28T13:02:30.922+0000][1087812][debug][gc,age      ] GC(102) Desired survivor size 20971520 bytes, new threshold 15 (max threshold 15)
[2025-08-28T13:02:30.926+0000][1087812][info ][gc,phases   ] GC(102)   Pre Evacuate Collection Set: 0.2ms
[2025-08-28T13:02:30.926+0000][1087812][info ][gc,phases   ] GC(102)   Merge Heap Roots: 0.1ms
[2025-08-28T13:02:30.926+0000][1087812][info ][gc,phases   ] GC(102)   Evacuate Collection Set: 3.9ms
[2025-08-28T13:02:30.926+0000][1087812][info ][gc,phases   ] GC(102)   Post Evacuate Collection Set: 0.6ms
[2025-08-28T13:02:30.926+0000][1087812][info ][gc,phases   ] GC(102)   Other: 0.1ms
[2025-08-28T13:02:30.926+0000][1087812][trace][gc,age      ] GC(102) Age table with threshold 15 (max threshold 15)
[2025-08-28T13:02:30.926+0000][1087812][trace][gc,age      ] GC(102) - age   1:   17279024 bytes,   17279024 total
[2025-08-28T13:02:30.926+0000][1087812][trace][gc,age      ] GC(102) - age   2:     352168 bytes,   17631192 total
[2025-08-28T13:02:30.926+0000][1087812][trace][gc,age      ] GC(102) - age   3:    7491152 bytes,   25122344 total
[2025-08-28T13:02:30.926+0000][1087812][trace][gc,age      ] GC(102) - age   4:        224 bytes,   25122568 total
[2025-08-28T13:02:30.926+0000][1087812][trace][gc,age      ] GC(102) - age   6:       1752 bytes,   25124320 total
[2025-08-28T13:02:30.926+0000][1087812][trace][gc,age      ] GC(102) - age   7:       1072 bytes,   25125392 total
[2025-08-28T13:02:30.926+0000][1087812][trace][gc,age      ] GC(102) - age   9:        224 bytes,   25125616 total
[2025-08-28T13:02:30.926+0000][1087812][trace][gc,age      ] GC(102) - age  10:      13056 bytes,   25138672 total
[2025-08-28T13:02:30.926+0000][1087812][trace][gc,age      ] GC(102) - age  13:        176 bytes,   25138848 total
[2025-08-28T13:02:30.926+0000][1087812][info ][gc,heap     ] GC(102) Eden regions: 71->0(69)
[2025-08-28T13:02:30.926+0000][1087812][info ][gc,heap     ] GC(102) Survivor regions: 5->7(10)
[2025-08-28T13:02:30.926+0000][1087812][info ][gc,heap     ] GC(102) Old regions: 25->25
[2025-08-28T13:02:30.926+0000][1087812][info ][gc,heap     ] GC(102) Humongous regions: 0->0
[2025-08-28T13:02:30.926+0000][1087812][info ][gc,metaspace] GC(102) Metaspace: 143598K(147648K)->143598K(147648K) NonClass: 124081K(126208K)->124081K(126208K) Class: 19516K(21440K)->19516K(21440K)
[2025-08-28T13:02:30.927+0000][1087812][info ][gc          ] GC(102) Pause Young (Normal) (G1 Evacuation Pause) 402M->123M(512M) 5.083ms
[2025-08-28T13:02:30.927+0000][1087812][info ][gc,cpu      ] GC(102) User=0.03s Sys=0.00s Real=0.00s
[2025-08-28T13:02:30.927+0000][1087812][info ][safepoint   ] Safepoint "G1CollectForAllocation", Time since last: 122649420 ns, Reaching safepoint: 26890 ns, Cleanup: 47051 ns, At safepoint: 5212212 ns, Total: 5286153 ns
[2025-08-28T13:02:31.321+0000][1087812][info ][gc,start    ] GC(103) Pause Young (Normal) (G1 Evacuation Pause)
[2025-08-28T13:02:31.321+0000][1087812][info ][gc,task     ] GC(103) Using 12 workers of 33 for evacuation
[2025-08-28T13:02:31.321+0000][1087812][debug][gc,age      ] GC(103) Desired survivor size 20971520 bytes, new threshold 3 (max threshold 15)
[2025-08-28T13:02:31.326+0000][1087812][info ][gc,phases   ] GC(103)   Pre Evacuate Collection Set: 0.2ms
[2025-08-28T13:02:31.326+0000][1087812][info ][gc,phases   ] GC(103)   Merge Heap Roots: 0.1ms
[2025-08-28T13:02:31.326+0000][1087812][info ][gc,phases   ] GC(103)   Evacuate Collection Set: 4.4ms
[2025-08-28T13:02:31.326+0000][1087812][info ][gc,phases   ] GC(103)   Post Evacuate Collection Set: 0.6ms
[2025-08-28T13:02:31.326+0000][1087812][info ][gc,phases   ] GC(103)   Other: 0.1ms
[2025-08-28T13:02:31.326+0000][1087812][trace][gc,age      ] GC(103) Age table with threshold 3 (max threshold 15)
[2025-08-28T13:02:31.326+0000][1087812][trace][gc,age      ] GC(103) - age   1:   27530184 bytes,   27530184 total
[2025-08-28T13:02:31.326+0000][1087812][trace][gc,age      ] GC(103) - age   2:   12670104 bytes,   40200288 total
[2025-08-28T13:02:31.326+0000][1087812][trace][gc,age      ] GC(103) - age   3:     352136 bytes,   40552424 total
[2025-08-28T13:02:31.326+0000][1087812][info ][gc,heap     ] GC(103) Eden regions: 69->0(64)
[2025-08-28T13:02:31.326+0000][1087812][info ][gc,heap     ] GC(103) Survivor regions: 7->10(10)
[2025-08-28T13:02:31.326+0000][1087812][info ][gc,heap     ] GC(103) Old regions: 25->30
[2025-08-28T13:02:31.326+0000][1087812][info ][gc,heap     ] GC(103) Humongous regions: 0->0
[2025-08-28T13:02:31.326+0000][1087812][info ][gc,metaspace] GC(103) Metaspace: 143648K(147712K)->143648K(147712K) NonClass: 124131K(126272K)->124131K(126272K) Class: 19516K(21440K)->19516K(21440K)
[2025-08-28T13:02:31.326+0000][1087812][info ][gc          ] GC(103) Pause Young (Normal) (G1 Evacuation Pause) 399M->157M(512M) 5.431ms
[2025-08-28T13:02:31.326+0000][1087812][info ][gc,cpu      ] GC(103) User=0.02s Sys=0.00s Real=0.00s
[2025-08-28T13:02:31.326+0000][1087812][info ][safepoint   ] Safepoint "G1CollectForAllocation", Time since last: 394298907 ns, Reaching safepoint: 23615 ns, Cleanup: 45439 ns, At safepoint: 5560005 ns, Total: 5629059 ns
[2025-08-28T13:02:31.728+0000][1087812][info ][gc,start    ] GC(104) Pause Young (Normal) (G1 Evacuation Pause)
[2025-08-28T13:02:31.728+0000][1087812][info ][gc,task     ] GC(104) Using 12 workers of 33 for evacuation
[2025-08-28T13:02:31.728+0000][1087812][debug][gc,age      ] GC(104) Desired survivor size 20971520 bytes, new threshold 1 (max threshold 15)
[2025-08-28T13:02:31.732+0000][1087812][info ][gc,phases   ] GC(104)   Pre Evacuate Collection Set: 0.2ms
[2025-08-28T13:02:31.732+0000][1087812][info ][gc,phases   ] GC(104)   Merge Heap Roots: 0.1ms
[2025-08-28T13:02:31.732+0000][1087812][info ][gc,phases   ] GC(104)   Evacuate Collection Set: 3.3ms
[2025-08-28T13:02:31.732+0000][1087812][info ][gc,phases   ] GC(104)   Post Evacuate Collection Set: 0.4ms
[2025-08-28T13:02:31.732+0000][1087812][info ][gc,phases   ] GC(104)   Other: 0.1ms
[2025-08-28T13:02:31.732+0000][1087812][trace][gc,age      ] GC(104) Age table with threshold 1 (max threshold 15)
[2025-08-28T13:02:31.732+0000][1087812][trace][gc,age      ] GC(104) - age   1:   32184000 bytes,   32184000 total
[2025-08-28T13:02:31.732+0000][1087812][info ][gc,heap     ] GC(104) Eden regions: 64->0(59)
[2025-08-28T13:02:31.732+0000][1087812][info ][gc,heap     ] GC(104) Survivor regions: 10->8(10)
[2025-08-28T13:02:31.732+0000][1087812][info ][gc,heap     ] GC(104) Old regions: 30->39
[2025-08-28T13:02:31.732+0000][1087812][info ][gc,heap     ] GC(104) Humongous regions: 0->0
[2025-08-28T13:02:31.732+0000][1087812][info ][gc,metaspace] GC(104) Metaspace: 143653K(147712K)->143653K(147712K) NonClass: 124136K(126272K)->124136K(126272K) Class: 19516K(21440K)->19516K(21440K)
[2025-08-28T13:02:31.733+0000][1087812][info ][gc          ] GC(104) Pause Young (Normal) (G1 Evacuation Pause) 413M->187M(512M) 4.087ms
[2025-08-28T13:02:31.733+0000][1087812][info ][gc,cpu      ] GC(104) User=0.02s Sys=0.00s Real=0.01s
[2025-08-28T13:02:31.733+0000][1087812][info ][safepoint   ] Safepoint "G1CollectForAllocation", Time since last: 401761811 ns, Reaching safepoint: 26370 ns, Cleanup: 64797 ns, At safepoint: 4203707 ns, Total: 4294874 ns
[2025-08-28T13:02:31.956+0000][1087812][info ][gc,start    ] GC(105) Pause Young (Concurrent Start) (G1 Evacuation Pause)
[2025-08-28T13:02:31.956+0000][1087812][info ][gc,task     ] GC(105) Using 12 workers of 33 for evacuation
[2025-08-28T13:02:31.956+0000][1087812][debug][gc,age      ] GC(105) Desired survivor size 18874368 bytes, new threshold 1 (max threshold 15)
[2025-08-28T13:02:31.959+0000][1087812][info ][gc,phases   ] GC(105)   Pre Evacuate Collection Set: 0.3ms
[2025-08-28T13:02:31.959+0000][1087812][info ][gc,phases   ] GC(105)   Merge Heap Roots: 0.1ms
[2025-08-28T13:02:31.959+0000][1087812][info ][gc,phases   ] GC(105)   Evacuate Collection Set: 1.9ms
[2025-08-28T13:02:31.959+0000][1087812][info ][gc,phases   ] GC(105)   Post Evacuate Collection Set: 0.5ms
[2025-08-28T13:02:31.959+0000][1087812][info ][gc,phases   ] GC(105)   Other: 0.1ms
[2025-08-28T13:02:31.959+0000][1087812][trace][gc,age      ] GC(105) Age table with threshold 1 (max threshold 15)
[2025-08-28T13:02:31.959+0000][1087812][trace][gc,age      ] GC(105) - age   1:   18180400 bytes,   18180400 total
[2025-08-28T13:02:31.959+0000][1087812][info ][gc,heap     ] GC(105) Eden regions: 59->0(57)
[2025-08-28T13:02:31.959+0000][1087812][info ][gc,heap     ] GC(105) Survivor regions: 8->5(9)
[2025-08-28T13:02:31.959+0000][1087812][info ][gc,heap     ] GC(105) Old regions: 39->47
[2025-08-28T13:02:31.959+0000][1087812][info ][gc,heap     ] GC(105) Humongous regions: 0->0
[2025-08-28T13:02:31.959+0000][1087812][info ][gc,metaspace] GC(105) Metaspace: 143822K(147840K)->143822K(147840K) NonClass: 124294K(126400K)->124294K(126400K) Class: 19528K(21440K)->19528K(21440K)
[2025-08-28T13:02:31.959+0000][1087812][info ][gc          ] GC(105) Pause Young (Concurrent Start) (G1 Evacuation Pause) 423M->203M(512M) 3.037ms
[2025-08-28T13:02:31.959+0000][1087812][info ][gc,cpu      ] GC(105) User=0.02s Sys=0.00s Real=0.00s
[2025-08-28T13:02:31.959+0000][1087812][info ][gc          ] GC(106) Concurrent Mark Cycle
[2025-08-28T13:02:31.959+0000][1087812][info ][safepoint   ] Safepoint "G1CollectForAllocation", Time since last: 222734101 ns, Reaching safepoint: 27030 ns, Cleanup: 207222 ns, At safepoint: 3190755 ns, Total: 3425007 ns
[2025-08-28T13:02:31.959+0000][1087812][info ][gc,marking  ] GC(106) Concurrent Scan Root Regions
[2025-08-28T13:02:31.960+0000][1087812][info ][gc,marking  ] GC(106) Concurrent Scan Root Regions 0.799ms
[2025-08-28T13:02:31.960+0000][1087812][info ][gc,marking  ] GC(106) Concurrent Mark
[2025-08-28T13:02:31.960+0000][1087812][info ][gc,marking  ] GC(106) Concurrent Mark From Roots
[2025-08-28T13:02:31.960+0000][1087812][info ][gc,task     ] GC(106) Using 8 workers of 8 for marking
[2025-08-28T13:02:31.974+0000][1087812][info ][gc,marking  ] GC(106) Concurrent Mark From Roots 14.244ms
[2025-08-28T13:02:31.974+0000][1087812][info ][gc,marking  ] GC(106) Concurrent Preclean
[2025-08-28T13:02:31.974+0000][1087812][info ][gc,marking  ] GC(106) Concurrent Preclean 0.220ms
[2025-08-28T13:02:31.974+0000][1087812][info ][gc,start    ] GC(106) Pause Remark
[2025-08-28T13:02:32.018+0000][1087812][info ][gc          ] GC(106) Pause Remark 251M->251M(512M) 43.531ms
[2025-08-28T13:02:32.018+0000][1087812][info ][gc,cpu      ] GC(106) User=0.25s Sys=0.19s Real=0.04s
[2025-08-28T13:02:32.018+0000][1087812][info ][safepoint   ] Safepoint "G1PauseRemark", Time since last: 15352671 ns, Reaching safepoint: 15493 ns, Cleanup: 27692 ns, At safepoint: 43672217 ns, Total: 43715402 ns
[2025-08-28T13:02:32.018+0000][1087812][info ][gc,marking  ] GC(106) Concurrent Mark 58.263ms
[2025-08-28T13:02:32.018+0000][1087812][info ][gc,marking  ] GC(106) Concurrent Rebuild Remembered Sets and Scrub Regions
[2025-08-28T13:02:32.033+0000][1087812][info ][gc,marking  ] GC(106) Concurrent Rebuild Remembered Sets and Scrub Regions 14.879ms
[2025-08-28T13:02:32.033+0000][1087812][info ][gc,start    ] GC(106) Pause Cleanup
[2025-08-28T13:02:32.033+0000][1087812][info ][gc          ] GC(106) Pause Cleanup 314M->314M(512M) 0.120ms
[2025-08-28T13:02:32.033+0000][1087812][info ][gc,cpu      ] GC(106) User=0.00s Sys=0.00s Real=0.00s
[2025-08-28T13:02:32.033+0000][1087812][info ][safepoint   ] Safepoint "G1PauseCleanup", Time since last: 14991799 ns, Reaching safepoint: 19119 ns, Cleanup: 117647 ns, At safepoint: 174051 ns, Total: 310817 ns
[2025-08-28T13:02:32.033+0000][1087812][info ][gc,marking  ] GC(106) Concurrent Clear Claimed Marks
[2025-08-28T13:02:32.034+0000][1087812][info ][gc,marking  ] GC(106) Concurrent Clear Claimed Marks 0.506ms
[2025-08-28T13:02:32.034+0000][1087812][info ][gc,marking  ] GC(106) Concurrent Cleanup for Next Mark
[2025-08-28T13:02:32.034+0000][1087812][info ][gc,marking  ] GC(106) Concurrent Cleanup for Next Mark 0.189ms
[2025-08-28T13:02:32.034+0000][1087812][info ][gc          ] GC(106) Concurrent Mark Cycle 75.116ms
[2025-08-28T13:02:32.370+0000][1087812][info ][gc,start    ] GC(107) Pause Young (Prepare Mixed) (G1 Evacuation Pause)
[2025-08-28T13:02:32.370+0000][1087812][info ][gc,task     ] GC(107) Using 12 workers of 33 for evacuation
[2025-08-28T13:02:32.370+0000][1087812][debug][gc,age      ] GC(107) Desired survivor size 16777216 bytes, new threshold 1 (max threshold 15)
[2025-08-28T13:02:32.372+0000][1087812][info ][gc,phases   ] GC(107)   Pre Evacuate Collection Set: 0.2ms
[2025-08-28T13:02:32.372+0000][1087812][info ][gc,phases   ] GC(107)   Merge Heap Roots: 0.1ms
[2025-08-28T13:02:32.372+0000][1087812][info ][gc,phases   ] GC(107)   Evacuate Collection Set: 1.5ms
[2025-08-28T13:02:32.372+0000][1087812][info ][gc,phases   ] GC(107)   Post Evacuate Collection Set: 0.3ms
[2025-08-28T13:02:32.372+0000][1087812][info ][gc,phases   ] GC(107)   Other: 0.1ms
[2025-08-28T13:02:32.372+0000][1087812][trace][gc,age      ] GC(107) Age table with threshold 1 (max threshold 15)
[2025-08-28T13:02:32.372+0000][1087812][trace][gc,age      ] GC(107) - age   1:    1144080 bytes,    1144080 total
[2025-08-28T13:02:32.372+0000][1087812][info ][gc,heap     ] GC(107) Eden regions: 57->0(65)
[2025-08-28T13:02:32.372+0000][1087812][info ][gc,heap     ] GC(107) Survivor regions: 5->1(8)
[2025-08-28T13:02:32.372+0000][1087812][info ][gc,heap     ] GC(107) Old regions: 47->47
[2025-08-28T13:02:32.372+0000][1087812][info ][gc,heap     ] GC(107) Humongous regions: 0->0
[2025-08-28T13:02:32.372+0000][1087812][info ][gc,metaspace] GC(107) Metaspace: 143697K(147840K)->143697K(147840K) NonClass: 124207K(126400K)->124207K(126400K) Class: 19489K(21440K)->19489K(21440K)
[2025-08-28T13:02:32.372+0000][1087812][info ][gc          ] GC(107) Pause Young (Prepare Mixed) (G1 Evacuation Pause) 431M->187M(512M) 2.310ms
[2025-08-28T13:02:32.372+0000][1087812][info ][gc,cpu      ] GC(107) User=0.00s Sys=0.00s Real=0.01s
[2025-08-28T13:02:32.372+0000][1087812][info ][safepoint   ] Safepoint "G1CollectForAllocation", Time since last: 336341803 ns, Reaching safepoint: 54632 ns, Cleanup: 84457 ns, At safepoint: 2432575 ns, Total: 2571664 ns
[2025-08-28T13:02:33.372+0000][1087812][info ][safepoint   ] Safepoint "Cleanup", Time since last: 1000101167 ns, Reaching safepoint: 42784 ns, Cleanup: 134743 ns, At safepoint: 3605 ns, Total: 181132 ns
[2025-08-28T13:02:33.636+0000][1087812][info ][gc,start    ] GC(108) Pause Young (Mixed) (G1 Evacuation Pause)
[2025-08-28T13:02:33.636+0000][1087812][info ][gc,task     ] GC(108) Using 12 workers of 33 for evacuation
[2025-08-28T13:02:33.636+0000][1087812][debug][gc,age      ] GC(108) Desired survivor size 18874368 bytes, new threshold 15 (max threshold 15)
[2025-08-28T13:02:33.640+0000][1087812][info ][gc,phases   ] GC(108)   Pre Evacuate Collection Set: 0.2ms
[2025-08-28T13:02:33.640+0000][1087812][info ][gc,phases   ] GC(108)   Merge Heap Roots: 0.1ms
[2025-08-28T13:02:33.640+0000][1087812][info ][gc,phases   ] GC(108)   Evacuate Collection Set: 2.5ms
[2025-08-28T13:02:33.640+0000][1087812][info ][gc,phases   ] GC(108)   Post Evacuate Collection Set: 0.6ms
[2025-08-28T13:02:33.640+0000][1087812][info ][gc,phases   ] GC(108)   Other: 0.1ms
[2025-08-28T13:02:33.640+0000][1087812][trace][gc,age      ] GC(108) Age table with threshold 15 (max threshold 15)
[2025-08-28T13:02:33.640+0000][1087812][trace][gc,age      ] GC(108) - age   1:    7432712 bytes,    7432712 total
[2025-08-28T13:02:33.640+0000][1087812][trace][gc,age      ] GC(108) - age   2:       9744 bytes,    7442456 total
[2025-08-28T13:02:33.640+0000][1087812][info ][gc,heap     ] GC(108) Eden regions: 65->0(64)
[2025-08-28T13:02:33.640+0000][1087812][info ][gc,heap     ] GC(108) Survivor regions: 1->2(9)
[2025-08-28T13:02:33.640+0000][1087812][info ][gc,heap     ] GC(108) Old regions: 47->46
[2025-08-28T13:02:33.640+0000][1087812][info ][gc,heap     ] GC(108) Humongous regions: 0->0
[2025-08-28T13:02:33.640+0000][1087812][info ][gc,metaspace] GC(108) Metaspace: 143798K(147968K)->143798K(147968K) NonClass: 124305K(126528K)->124305K(126528K) Class: 19492K(21440K)->19492K(21440K)
[2025-08-28T13:02:33.640+0000][1087812][info ][gc          ] GC(108) Pause Young (Mixed) (G1 Evacuation Pause) 447M->191M(512M) 3.646ms
[2025-08-28T13:02:33.640+0000][1087812][info ][gc,cpu      ] GC(108) User=0.02s Sys=0.01s Real=0.00s
[2025-08-28T13:02:33.640+0000][1087812][info ][safepoint   ] Safepoint "G1CollectForAllocation", Time since last: 263664518 ns, Reaching safepoint: 23926 ns, Cleanup: 178488 ns, At safepoint: 3778919 ns, Total: 3981333 ns
[2025-08-28T13:02:33.870+0000][1087812][info ][gc,start    ] GC(109) Pause Young (Concurrent Start) (G1 Evacuation Pause)
[2025-08-28T13:02:33.870+0000][1087812][info ][gc,task     ] GC(109) Using 12 workers of 33 for evacuation
[2025-08-28T13:02:33.870+0000][1087812][debug][gc,age      ] GC(109) Desired survivor size 18874368 bytes, new threshold 15 (max threshold 15)
[2025-08-28T13:02:33.872+0000][1087812][info ][gc,phases   ] GC(109)   Pre Evacuate Collection Set: 0.4ms
[2025-08-28T13:02:33.872+0000][1087812][info ][gc,phases   ] GC(109)   Merge Heap Roots: 0.1ms
[2025-08-28T13:02:33.872+0000][1087812][info ][gc,phases   ] GC(109)   Evacuate Collection Set: 1.6ms
[2025-08-28T13:02:33.872+0000][1087812][info ][gc,phases   ] GC(109)   Post Evacuate Collection Set: 0.4ms
[2025-08-28T13:02:33.872+0000][1087812][info ][gc,phases   ] GC(109)   Other: 0.1ms
[2025-08-28T13:02:33.873+0000][1087812][trace][gc,age      ] GC(109) Age table with threshold 15 (max threshold 15)
[2025-08-28T13:02:33.873+0000][1087812][trace][gc,age      ] GC(109) - age   1:    1163152 bytes,    1163152 total
[2025-08-28T13:02:33.873+0000][1087812][trace][gc,age      ] GC(109) - age   2:     700160 bytes,    1863312 total
[2025-08-28T13:02:33.873+0000][1087812][trace][gc,age      ] GC(109) - age   3:       9632 bytes,    1872944 total
[2025-08-28T13:02:33.873+0000][1087812][info ][gc,heap     ] GC(109) Eden regions: 64->0(66)
[2025-08-28T13:02:33.873+0000][1087812][info ][gc,heap     ] GC(109) Survivor regions: 2->1(9)
[2025-08-28T13:02:33.873+0000][1087812][info ][gc,heap     ] GC(109) Old regions: 46->46
[2025-08-28T13:02:33.873+0000][1087812][info ][gc,heap     ] GC(109) Humongous regions: 0->0
[2025-08-28T13:02:33.873+0000][1087812][info ][gc,metaspace] GC(109) Metaspace: 143832K(147968K)->143832K(147968K) NonClass: 124339K(126528K)->124339K(126528K) Class: 19493K(21440K)->19493K(21440K)
[2025-08-28T13:02:33.873+0000][1087812][info ][gc          ] GC(109) Pause Young (Concurrent Start) (G1 Evacuation Pause) 447M->185M(512M) 2.659ms
[2025-08-28T13:02:33.873+0000][1087812][info ][gc,cpu      ] GC(109) User=0.01s Sys=0.00s Real=0.01s
[2025-08-28T13:02:33.873+0000][1087812][info ][gc          ] GC(110) Concurrent Mark Cycle
[2025-08-28T13:02:33.873+0000][1087812][info ][safepoint   ] Safepoint "G1CollectForAllocation", Time since last: 229686518 ns, Reaching safepoint: 25538 ns, Cleanup: 179350 ns, At safepoint: 2812496 ns, Total: 3017384 ns
[2025-08-28T13:02:33.873+0000][1087812][info ][gc,marking  ] GC(110) Concurrent Scan Root Regions
[2025-08-28T13:02:33.874+0000][1087812][info ][gc,marking  ] GC(110) Concurrent Scan Root Regions 1.605ms
[2025-08-28T13:02:33.874+0000][1087812][info ][gc,marking  ] GC(110) Concurrent Mark
[2025-08-28T13:02:33.874+0000][1087812][info ][gc,marking  ] GC(110) Concurrent Mark From Roots
[2025-08-28T13:02:33.874+0000][1087812][info ][gc,task     ] GC(110) Using 8 workers of 8 for marking
[2025-08-28T13:02:33.887+0000][1087812][info ][gc,marking  ] GC(110) Concurrent Mark From Roots 12.967ms
[2025-08-28T13:02:33.887+0000][1087812][info ][gc,marking  ] GC(110) Concurrent Preclean
[2025-08-28T13:02:33.887+0000][1087812][info ][gc,marking  ] GC(110) Concurrent Preclean 0.245ms
[2025-08-28T13:02:33.888+0000][1087812][info ][gc,start    ] GC(110) Pause Remark
[2025-08-28T13:02:33.910+0000][1087812][info ][gc          ] GC(110) Pause Remark 188M->156M(512M) 22.707ms
[2025-08-28T13:02:33.910+0000][1087812][info ][gc,cpu      ] GC(110) User=0.07s Sys=0.02s Real=0.02s
[2025-08-28T13:02:33.910+0000][1087812][info ][safepoint   ] Safepoint "G1PauseRemark", Time since last: 14919330 ns, Reaching safepoint: 16014 ns, Cleanup: 16315 ns, At safepoint: 22801785 ns, Total: 22834114 ns
[2025-08-28T13:02:33.910+0000][1087812][info ][gc,marking  ] GC(110) Concurrent Mark 36.136ms
[2025-08-28T13:02:33.910+0000][1087812][info ][gc,marking  ] GC(110) Concurrent Rebuild Remembered Sets and Scrub Regions
[2025-08-28T13:02:33.924+0000][1087812][info ][gc,marking  ] GC(110) Concurrent Rebuild Remembered Sets and Scrub Regions 14.049ms
[2025-08-28T13:02:33.925+0000][1087812][info ][gc,start    ] GC(110) Pause Cleanup
[2025-08-28T13:02:33.925+0000][1087812][info ][gc          ] GC(110) Pause Cleanup 161M->161M(512M) 0.126ms
[2025-08-28T13:02:33.925+0000][1087812][info ][gc,cpu      ] GC(110) User=0.00s Sys=0.00s Real=0.00s
[2025-08-28T13:02:33.925+0000][1087812][info ][safepoint   ] Safepoint "G1PauseCleanup", Time since last: 14119217 ns, Reaching safepoint: 15193 ns, Cleanup: 101903 ns, At safepoint: 162104 ns, Total: 279200 ns
[2025-08-28T13:02:33.925+0000][1087812][info ][gc,marking  ] GC(110) Concurrent Clear Claimed Marks
[2025-08-28T13:02:33.925+0000][1087812][info ][gc,marking  ] GC(110) Concurrent Clear Claimed Marks 0.458ms
[2025-08-28T13:02:33.925+0000][1087812][info ][gc,marking  ] GC(110) Concurrent Cleanup for Next Mark
[2025-08-28T13:02:33.925+0000][1087812][info ][gc,marking  ] GC(110) Concurrent Cleanup for Next Mark 0.221ms
[2025-08-28T13:02:33.925+0000][1087812][info ][gc          ] GC(110) Concurrent Mark Cycle 52.877ms
[2025-08-28T13:02:34.744+0000][1087812][info ][gc,start    ] GC(111) Pause Young (Prepare Mixed) (G1 Evacuation Pause)
[2025-08-28T13:02:34.744+0000][1087812][info ][gc,task     ] GC(111) Using 12 workers of 33 for evacuation
[2025-08-28T13:02:34.744+0000][1087812][debug][gc,age      ] GC(111) Desired survivor size 18874368 bytes, new threshold 15 (max threshold 15)
[2025-08-28T13:02:34.746+0000][1087812][info ][gc,phases   ] GC(111)   Pre Evacuate Collection Set: 0.2ms
[2025-08-28T13:02:34.746+0000][1087812][info ][gc,phases   ] GC(111)   Merge Heap Roots: 0.1ms
[2025-08-28T13:02:34.746+0000][1087812][info ][gc,phases   ] GC(111)   Evacuate Collection Set: 1.3ms
[2025-08-28T13:02:34.746+0000][1087812][info ][gc,phases   ] GC(111)   Post Evacuate Collection Set: 0.4ms
[2025-08-28T13:02:34.746+0000][1087812][info ][gc,phases   ] GC(111)   Other: 0.1ms
[2025-08-28T13:02:34.746+0000][1087812][trace][gc,age      ] GC(111) Age table with threshold 15 (max threshold 15)
[2025-08-28T13:02:34.746+0000][1087812][trace][gc,age      ] GC(111) - age   1:    2053384 bytes,    2053384 total
[2025-08-28T13:02:34.746+0000][1087812][trace][gc,age      ] GC(111) - age   2:     144984 bytes,    2198368 total
[2025-08-28T13:02:34.746+0000][1087812][trace][gc,age      ] GC(111) - age   3:     691656 bytes,    2890024 total
[2025-08-28T13:02:34.746+0000][1087812][trace][gc,age      ] GC(111) - age   4:       9576 bytes,    2899600 total
[2025-08-28T13:02:34.746+0000][1087812][info ][gc,heap     ] GC(111) Eden regions: 66->0(74)
[2025-08-28T13:02:34.746+0000][1087812][info ][gc,heap     ] GC(111) Survivor regions: 1->1(9)
[2025-08-28T13:02:34.746+0000][1087812][info ][gc,heap     ] GC(111) Old regions: 38->38
[2025-08-28T13:02:34.746+0000][1087812][info ][gc,heap     ] GC(111) Humongous regions: 0->0
[2025-08-28T13:02:34.746+0000][1087812][info ][gc,metaspace] GC(111) Metaspace: 143857K(147968K)->143857K(147968K) NonClass: 124364K(126528K)->124364K(126528K) Class: 19493K(21440K)->19493K(21440K)
[2025-08-28T13:02:34.746+0000][1087812][info ][gc          ] GC(111) Pause Young (Prepare Mixed) (G1 Evacuation Pause) 417M->154M(512M) 2.206ms
[2025-08-28T13:02:34.746+0000][1087812][info ][gc,cpu      ] GC(111) User=0.02s Sys=0.00s Real=0.00s
[2025-08-28T13:02:34.746+0000][1087812][info ][safepoint   ] Safepoint "G1CollectForAllocation", Time since last: 818901862 ns, Reaching safepoint: 23576 ns, Cleanup: 91848 ns, At safepoint: 2327077 ns, Total: 2442501 ns
[2025-08-28T13:02:35.350+0000][1087812][info ][gc,start    ] GC(112) Pause Young (Mixed) (G1 Evacuation Pause)
[2025-08-28T13:02:35.351+0000][1087812][info ][gc,task     ] GC(112) Using 12 workers of 33 for evacuation
[2025-08-28T13:02:35.351+0000][1087812][debug][gc,age      ] GC(112) Desired survivor size 20971520 bytes, new threshold 15 (max threshold 15)
[2025-08-28T13:02:35.353+0000][1087812][info ][gc,phases   ] GC(112)   Pre Evacuate Collection Set: 0.2ms
[2025-08-28T13:02:35.353+0000][1087812][info ][gc,phases   ] GC(112)   Merge Heap Roots: 0.1ms
[2025-08-28T13:02:35.353+0000][1087812][info ][gc,phases   ] GC(112)   Evacuate Collection Set: 1.3ms
[2025-08-28T13:02:35.353+0000][1087812][info ][gc,phases   ] GC(112)   Post Evacuate Collection Set: 0.4ms
[2025-08-28T13:02:35.353+0000][1087812][info ][gc,phases   ] GC(112)   Other: 0.1ms
[2025-08-28T13:02:35.353+0000][1087812][trace][gc,age      ] GC(112) Age table with threshold 15 (max threshold 15)
[2025-08-28T13:02:35.353+0000][1087812][trace][gc,age      ] GC(112) - age   1:    3597040 bytes,    3597040 total
[2025-08-28T13:02:35.353+0000][1087812][trace][gc,age      ] GC(112) - age   2:     978448 bytes,    4575488 total
[2025-08-28T13:02:35.353+0000][1087812][trace][gc,age      ] GC(112) - age   3:     144704 bytes,    4720192 total
[2025-08-28T13:02:35.353+0000][1087812][trace][gc,age      ] GC(112) - age   4:     330944 bytes,    5051136 total
[2025-08-28T13:02:35.353+0000][1087812][trace][gc,age      ] GC(112) - age   5:       6104 bytes,    5057240 total
[2025-08-28T13:02:35.353+0000][1087812][info ][gc,heap     ] GC(112) Eden regions: 74->0(74)
[2025-08-28T13:02:35.353+0000][1087812][info ][gc,heap     ] GC(112) Survivor regions: 1->2(10)
[2025-08-28T13:02:35.353+0000][1087812][info ][gc,heap     ] GC(112) Old regions: 38->30
[2025-08-28T13:02:35.353+0000][1087812][info ][gc,heap     ] GC(112) Humongous regions: 0->0
[2025-08-28T13:02:35.353+0000][1087812][info ][gc,metaspace] GC(112) Metaspace: 143886K(147968K)->143886K(147968K) NonClass: 124392K(126528K)->124392K(126528K) Class: 19493K(21440K)->19493K(21440K)
[2025-08-28T13:02:35.353+0000][1087812][info ][gc          ] GC(112) Pause Young (Mixed) (G1 Evacuation Pause) 450M->124M(512M) 2.226ms
[2025-08-28T13:02:35.353+0000][1087812][info ][gc,cpu      ] GC(112) User=0.01s Sys=0.00s Real=0.01s
[2025-08-28T13:02:35.353+0000][1087812][info ][safepoint   ] Safepoint "G1CollectForAllocation", Time since last: 604192060 ns, Reaching safepoint: 26470 ns, Cleanup: 57126 ns, At safepoint: 2353707 ns, Total: 2437303 ns
[2025-08-28T13:02:35.815+0000][1087812][info ][gc,start    ] GC(113) Pause Young (Normal) (G1 Evacuation Pause)
[2025-08-28T13:02:35.815+0000][1087812][info ][gc,task     ] GC(113) Using 12 workers of 33 for evacuation
[2025-08-28T13:02:35.815+0000][1087812][debug][gc,age      ] GC(113) Desired survivor size 20971520 bytes, new threshold 15 (max threshold 15)
[2025-08-28T13:02:35.817+0000][1087812][info ][gc,phases   ] GC(113)   Pre Evacuate Collection Set: 0.2ms
[2025-08-28T13:02:35.817+0000][1087812][info ][gc,phases   ] GC(113)   Merge Heap Roots: 0.1ms
[2025-08-28T13:02:35.817+0000][1087812][info ][gc,phases   ] GC(113)   Evacuate Collection Set: 1.5ms
[2025-08-28T13:02:35.817+0000][1087812][info ][gc,phases   ] GC(113)   Post Evacuate Collection Set: 0.5ms
[2025-08-28T13:02:35.817+0000][1087812][info ][gc,phases   ] GC(113)   Other: 0.1ms
[2025-08-28T13:02:35.817+0000][1087812][trace][gc,age      ] GC(113) Age table with threshold 15 (max threshold 15)
[2025-08-28T13:02:35.817+0000][1087812][trace][gc,age      ] GC(113) - age   1:   17116400 bytes,   17116400 total
[2025-08-28T13:02:35.817+0000][1087812][trace][gc,age      ] GC(113) - age   2:     104008 bytes,   17220408 total
[2025-08-28T13:02:35.817+0000][1087812][trace][gc,age      ] GC(113) - age   3:     977096 bytes,   18197504 total
[2025-08-28T13:02:35.817+0000][1087812][trace][gc,age      ] GC(113) - age   4:     144528 bytes,   18342032 total
[2025-08-28T13:02:35.817+0000][1087812][trace][gc,age      ] GC(113) - age   5:     330944 bytes,   18672976 total
[2025-08-28T13:02:35.817+0000][1087812][trace][gc,age      ] GC(113) - age   6:       6104 bytes,   18679080 total
[2025-08-28T13:02:35.817+0000][1087812][info ][gc,heap     ] GC(113) Eden regions: 74->0(71)
[2025-08-28T13:02:35.817+0000][1087812][info ][gc,heap     ] GC(113) Survivor regions: 2->5(10)
[2025-08-28T13:02:35.817+0000][1087812][info ][gc,heap     ] GC(113) Old regions: 30->30
[2025-08-28T13:02:35.818+0000][1087812][info ][gc,heap     ] GC(113) Humongous regions: 0->0
[2025-08-28T13:02:35.818+0000][1087812][info ][gc,metaspace] GC(113) Metaspace: 143913K(147968K)->143913K(147968K) NonClass: 124420K(126528K)->124420K(126528K) Class: 19493K(21440K)->19493K(21440K)
[2025-08-28T13:02:35.818+0000][1087812][info ][gc          ] GC(113) Pause Young (Normal) (G1 Evacuation Pause) 420M->138M(512M) 2.414ms
[2025-08-28T13:02:35.818+0000][1087812][info ][gc,cpu      ] GC(113) User=0.02s Sys=0.01s Real=0.00s
[2025-08-28T13:02:35.818+0000][1087812][info ][safepoint   ] Safepoint "G1CollectForAllocation", Time since last: 462176809 ns, Reaching safepoint: 29594 ns, Cleanup: 80652 ns, At safepoint: 2586246 ns, Total: 2696492 ns
[2025-08-28T13:02:36.082+0000][1087812][info ][gc,start    ] GC(114) Pause Young (Concurrent Start) (G1 Evacuation Pause)
[2025-08-28T13:02:36.082+0000][1087812][info ][gc,task     ] GC(114) Using 12 workers of 33 for evacuation
[2025-08-28T13:02:36.082+0000][1087812][debug][gc,age      ] GC(114) Desired survivor size 20971520 bytes, new threshold 15 (max threshold 15)
[2025-08-28T13:02:36.085+0000][1087812][info ][gc,phases   ] GC(114)   Pre Evacuate Collection Set: 0.2ms
[2025-08-28T13:02:36.085+0000][1087812][info ][gc,phases   ] GC(114)   Merge Heap Roots: 0.1ms
[2025-08-28T13:02:36.085+0000][1087812][info ][gc,phases   ] GC(114)   Evacuate Collection Set: 1.5ms
[2025-08-28T13:02:36.085+0000][1087812][info ][gc,phases   ] GC(114)   Post Evacuate Collection Set: 0.5ms
[2025-08-28T13:02:36.085+0000][1087812][info ][gc,phases   ] GC(114)   Other: 0.1ms
[2025-08-28T13:02:36.085+0000][1087812][trace][gc,age      ] GC(114) Age table with threshold 15 (max threshold 15)
[2025-08-28T13:02:36.085+0000][1087812][trace][gc,age      ] GC(114) - age   1:   18103088 bytes,   18103088 total
[2025-08-28T13:02:36.085+0000][1087812][trace][gc,age      ] GC(114) - age   2:     652904 bytes,   18755992 total
[2025-08-28T13:02:36.085+0000][1087812][trace][gc,age      ] GC(114) - age   3:     103352 bytes,   18859344 total
[2025-08-28T13:02:36.085+0000][1087812][trace][gc,age      ] GC(114) - age   4:     345008 bytes,   19204352 total
[2025-08-28T13:02:36.085+0000][1087812][trace][gc,age      ] GC(114) - age   5:     144176 bytes,   19348528 total
[2025-08-28T13:02:36.085+0000][1087812][trace][gc,age      ] GC(114) - age   6:     330944 bytes,   19679472 total
[2025-08-28T13:02:36.085+0000][1087812][trace][gc,age      ] GC(114) - age   7:       6104 bytes,   19685576 total
[2025-08-28T13:02:36.085+0000][1087812][info ][gc,heap     ] GC(114) Eden regions: 71->0(71)
[2025-08-28T13:02:36.085+0000][1087812][info ][gc,heap     ] GC(114) Survivor regions: 5->5(10)
[2025-08-28T13:02:36.085+0000][1087812][info ][gc,heap     ] GC(114) Old regions: 30->30
[2025-08-28T13:02:36.085+0000][1087812][info ][gc,heap     ] GC(114) Humongous regions: 0->0
[2025-08-28T13:02:36.085+0000][1087812][info ][gc,metaspace] GC(114) Metaspace: 143921K(148032K)->143921K(148032K) NonClass: 124427K(126592K)->124427K(126592K) Class: 19493K(21440K)->19493K(21440K)
[2025-08-28T13:02:36.085+0000][1087812][info ][gc          ] GC(114) Pause Young (Concurrent Start) (G1 Evacuation Pause) 422M->139M(512M) 2.572ms
[2025-08-28T13:02:36.085+0000][1087812][info ][gc          ] GC(115) Concurrent Mark Cycle
[2025-08-28T13:02:36.085+0000][1087812][info ][gc,cpu      ] GC(114) User=0.02s Sys=0.00s Real=0.00s
[2025-08-28T13:02:36.085+0000][1087812][info ][gc,marking  ] GC(115) Concurrent Scan Root Regions
[2025-08-28T13:02:36.085+0000][1087812][info ][safepoint   ] Safepoint "G1CollectForAllocation", Time since last: 264487314 ns, Reaching safepoint: 29004 ns, Cleanup: 38558 ns, At safepoint: 2766758 ns, Total: 2834320 ns
[2025-08-28T13:02:36.086+0000][1087812][info ][gc,marking  ] GC(115) Concurrent Scan Root Regions 0.819ms
[2025-08-28T13:02:36.086+0000][1087812][info ][gc,marking  ] GC(115) Concurrent Mark
[2025-08-28T13:02:36.086+0000][1087812][info ][gc,marking  ] GC(115) Concurrent Mark From Roots
[2025-08-28T13:02:36.086+0000][1087812][info ][gc,task     ] GC(115) Using 8 workers of 8 for marking
[2025-08-28T13:02:36.100+0000][1087812][info ][gc,marking  ] GC(115) Concurrent Mark From Roots 14.353ms
[2025-08-28T13:02:36.100+0000][1087812][info ][gc,marking  ] GC(115) Concurrent Preclean
[2025-08-28T13:02:36.100+0000][1087812][info ][gc,marking  ] GC(115) Concurrent Preclean 0.197ms
[2025-08-28T13:02:36.100+0000][1087812][info ][gc,start    ] GC(115) Pause Remark
[2025-08-28T13:02:36.107+0000][1087812][info ][gc          ] GC(115) Pause Remark 162M->162M(512M) 6.892ms
[2025-08-28T13:02:36.107+0000][1087812][info ][gc,cpu      ] GC(115) User=0.05s Sys=0.01s Real=0.01s
[2025-08-28T13:02:36.107+0000][1087812][info ][safepoint   ] Safepoint "G1PauseRemark", Time since last: 15412330 ns, Reaching safepoint: 18448 ns, Cleanup: 10836 ns, At safepoint: 6993430 ns, Total: 7022714 ns
[2025-08-28T13:02:36.107+0000][1087812][info ][gc,marking  ] GC(115) Concurrent Mark 21.644ms
[2025-08-28T13:02:36.107+0000][1087812][info ][gc,marking  ] GC(115) Concurrent Rebuild Remembered Sets and Scrub Regions
[2025-08-28T13:02:36.122+0000][1087812][info ][gc,marking  ] GC(115) Concurrent Rebuild Remembered Sets and Scrub Regions 14.621ms
[2025-08-28T13:02:36.122+0000][1087812][info ][gc,start    ] GC(115) Pause Cleanup
[2025-08-28T13:02:36.122+0000][1087812][info ][gc          ] GC(115) Pause Cleanup 178M->178M(512M) 0.121ms
[2025-08-28T13:02:36.122+0000][1087812][info ][gc,cpu      ] GC(115) User=0.00s Sys=0.00s Real=0.00s
[2025-08-28T13:02:36.122+0000][1087812][info ][safepoint   ] Safepoint "G1PauseCleanup", Time since last: 14689604 ns, Reaching safepoint: 33300 ns, Cleanup: 7792 ns, At safepoint: 164878 ns, Total: 205970 ns
[2025-08-28T13:02:36.122+0000][1087812][info ][gc,marking  ] GC(115) Concurrent Clear Claimed Marks
[2025-08-28T13:02:36.123+0000][1087812][info ][gc,marking  ] GC(115) Concurrent Clear Claimed Marks 0.519ms
[2025-08-28T13:02:36.123+0000][1087812][info ][gc,marking  ] GC(115) Concurrent Cleanup for Next Mark
[2025-08-28T13:02:36.123+0000][1087812][info ][gc,marking  ] GC(115) Concurrent Cleanup for Next Mark 0.213ms
[2025-08-28T13:02:36.123+0000][1087812][info ][gc          ] GC(115) Concurrent Mark Cycle 38.164ms
[2025-08-28T13:02:36.656+0000][1087812][info ][gc,start    ] GC(116) Pause Young (Prepare Mixed) (G1 Evacuation Pause)
[2025-08-28T13:02:36.656+0000][1087812][info ][gc,task     ] GC(116) Using 12 workers of 33 for evacuation
[2025-08-28T13:02:36.656+0000][1087812][debug][gc,age      ] GC(116) Desired survivor size 20971520 bytes, new threshold 15 (max threshold 15)
[2025-08-28T13:02:36.659+0000][1087812][info ][gc,phases   ] GC(116)   Pre Evacuate Collection Set: 0.2ms
[2025-08-28T13:02:36.659+0000][1087812][info ][gc,phases   ] GC(116)   Merge Heap Roots: 0.1ms
[2025-08-28T13:02:36.659+0000][1087812][info ][gc,phases   ] GC(116)   Evacuate Collection Set: 3.0ms
[2025-08-28T13:02:36.659+0000][1087812][info ][gc,phases   ] GC(116)   Post Evacuate Collection Set: 0.5ms
[2025-08-28T13:02:36.659+0000][1087812][info ][gc,phases   ] GC(116)   Other: 0.1ms
[2025-08-28T13:02:36.659+0000][1087812][trace][gc,age      ] GC(116) Age table with threshold 15 (max threshold 15)
[2025-08-28T13:02:36.659+0000][1087812][trace][gc,age      ] GC(116) - age   1:   14549128 bytes,   14549128 total
[2025-08-28T13:02:36.659+0000][1087812][trace][gc,age      ] GC(116) - age   2:     105528 bytes,   14654656 total
[2025-08-28T13:02:36.659+0000][1087812][trace][gc,age      ] GC(116) - age   3:     102072 bytes,   14756728 total
[2025-08-28T13:02:36.659+0000][1087812][trace][gc,age      ] GC(116) - age   4:     102416 bytes,   14859144 total
[2025-08-28T13:02:36.659+0000][1087812][trace][gc,age      ] GC(116) - age   5:      76952 bytes,   14936096 total
[2025-08-28T13:02:36.659+0000][1087812][trace][gc,age      ] GC(116) - age   6:     144096 bytes,   15080192 total
[2025-08-28T13:02:36.659+0000][1087812][trace][gc,age      ] GC(116) - age   7:     330912 bytes,   15411104 total
[2025-08-28T13:02:36.659+0000][1087812][trace][gc,age      ] GC(116) - age   8:       6104 bytes,   15417208 total
[2025-08-28T13:02:36.659+0000][1087812][info ][gc,heap     ] GC(116) Eden regions: 71->0(72)
[2025-08-28T13:02:36.659+0000][1087812][info ][gc,heap     ] GC(116) Survivor regions: 5->4(10)
[2025-08-28T13:02:36.659+0000][1087812][info ][gc,heap     ] GC(116) Old regions: 30->30
[2025-08-28T13:02:36.659+0000][1087812][info ][gc,heap     ] GC(116) Humongous regions: 0->0
[2025-08-28T13:02:36.659+0000][1087812][info ][gc,metaspace] GC(116) Metaspace: 143967K(148032K)->143967K(148032K) NonClass: 124473K(126592K)->124473K(126592K) Class: 19493K(21440K)->19493K(21440K)
[2025-08-28T13:02:36.659+0000][1087812][info ][gc          ] GC(116) Pause Young (Prepare Mixed) (G1 Evacuation Pause) 423M->135M(512M) 3.902ms
[2025-08-28T13:02:36.659+0000][1087812][info ][gc,cpu      ] GC(116) User=0.02s Sys=0.01s Real=0.00s
[2025-08-28T13:02:36.660+0000][1087812][info ][safepoint   ] Safepoint "G1CollectForAllocation", Time since last: 533144845 ns, Reaching safepoint: 28002 ns, Cleanup: 40331 ns, At safepoint: 4034663 ns, Total: 4102996 ns
[2025-08-28T13:02:37.090+0000][1087812][info ][gc,start    ] GC(117) Pause Young (Mixed) (G1 Evacuation Pause)
[2025-08-28T13:02:37.090+0000][1087812][info ][gc,task     ] GC(117) Using 12 workers of 33 for evacuation
[2025-08-28T13:02:37.090+0000][1087812][debug][gc,age      ] GC(117) Desired survivor size 20971520 bytes, new threshold 15 (max threshold 15)
[2025-08-28T13:02:37.093+0000][1087812][info ][gc,phases   ] GC(117)   Pre Evacuate Collection Set: 0.2ms
[2025-08-28T13:02:37.093+0000][1087812][info ][gc,phases   ] GC(117)   Merge Heap Roots: 0.1ms
[2025-08-28T13:02:37.093+0000][1087812][info ][gc,phases   ] GC(117)   Evacuate Collection Set: 1.8ms
[2025-08-28T13:02:37.093+0000][1087812][info ][gc,phases   ] GC(117)   Post Evacuate Collection Set: 0.5ms
[2025-08-28T13:02:37.093+0000][1087812][info ][gc,phases   ] GC(117)   Other: 0.1ms
[2025-08-28T13:02:37.093+0000][1087812][trace][gc,age      ] GC(117) Age table with threshold 15 (max threshold 15)
[2025-08-28T13:02:37.093+0000][1087812][trace][gc,age      ] GC(117) - age   1:    5998256 bytes,    5998256 total
[2025-08-28T13:02:37.093+0000][1087812][trace][gc,age      ] GC(117) - age   2:     282184 bytes,    6280440 total
[2025-08-28T13:02:37.093+0000][1087812][trace][gc,age      ] GC(117) - age   3:     104712 bytes,    6385152 total
[2025-08-28T13:02:37.093+0000][1087812][trace][gc,age      ] GC(117) - age   4:     101224 bytes,    6486376 total
[2025-08-28T13:02:37.093+0000][1087812][trace][gc,age      ] GC(117) - age   5:     102416 bytes,    6588792 total
[2025-08-28T13:02:37.093+0000][1087812][trace][gc,age      ] GC(117) - age   6:      76472 bytes,    6665264 total
[2025-08-28T13:02:37.093+0000][1087812][trace][gc,age      ] GC(117) - age   7:     144096 bytes,    6809360 total
[2025-08-28T13:02:37.093+0000][1087812][trace][gc,age      ] GC(117) - age   8:     330872 bytes,    7140232 total
[2025-08-28T13:02:37.093+0000][1087812][trace][gc,age      ] GC(117) - age   9:       3800 bytes,    7144032 total
[2025-08-28T13:02:37.093+0000][1087812][info ][gc,heap     ] GC(117) Eden regions: 72->0(74)
[2025-08-28T13:02:37.093+0000][1087812][info ][gc,heap     ] GC(117) Survivor regions: 4->2(10)
[2025-08-28T13:02:37.093+0000][1087812][info ][gc,heap     ] GC(117) Old regions: 30->28
[2025-08-28T13:02:37.093+0000][1087812][info ][gc,heap     ] GC(117) Humongous regions: 0->0
[2025-08-28T13:02:37.093+0000][1087812][info ][gc,metaspace] GC(117) Metaspace: 143996K(148032K)->143996K(148032K) NonClass: 124502K(126592K)->124502K(126592K) Class: 19493K(21440K)->19493K(21440K)
[2025-08-28T13:02:37.093+0000][1087812][info ][gc          ] GC(117) Pause Young (Mixed) (G1 Evacuation Pause) 423M->119M(512M) 2.795ms
[2025-08-28T13:02:37.093+0000][1087812][info ][gc,cpu      ] GC(117) User=0.01s Sys=0.01s Real=0.01s
[2025-08-28T13:02:37.093+0000][1087812][info ][safepoint   ] Safepoint "G1CollectForAllocation", Time since last: 430667579 ns, Reaching safepoint: 31968 ns, Cleanup: 47281 ns, At safepoint: 2931125 ns, Total: 3010374 ns
[2025-08-28T13:02:37.435+0000][1087812][info ][gc,start    ] GC(118) Pause Young (Concurrent Start) (G1 Evacuation Pause)
[2025-08-28T13:02:37.435+0000][1087812][info ][gc,task     ] GC(118) Using 12 workers of 33 for evacuation
[2025-08-28T13:02:37.435+0000][1087812][debug][gc,age      ] GC(118) Desired survivor size 20971520 bytes, new threshold 15 (max threshold 15)
[2025-08-28T13:02:37.439+0000][1087812][info ][gc,phases   ] GC(118)   Pre Evacuate Collection Set: 0.2ms
[2025-08-28T13:02:37.439+0000][1087812][info ][gc,phases   ] GC(118)   Merge Heap Roots: 0.1ms
[2025-08-28T13:02:37.439+0000][1087812][info ][gc,phases   ] GC(118)   Evacuate Collection Set: 2.2ms
[2025-08-28T13:02:37.439+0000][1087812][info ][gc,phases   ] GC(118)   Post Evacuate Collection Set: 0.6ms
[2025-08-28T13:02:37.439+0000][1087812][info ][gc,phases   ] GC(118)   Other: 0.1ms
[2025-08-28T13:02:37.439+0000][1087812][trace][gc,age      ] GC(118) Age table with threshold 15 (max threshold 15)
[2025-08-28T13:02:37.439+0000][1087812][trace][gc,age      ] GC(118) - age   1:   18589128 bytes,   18589128 total
[2025-08-28T13:02:37.439+0000][1087812][trace][gc,age      ] GC(118) - age   2:     629224 bytes,   19218352 total
[2025-08-28T13:02:37.439+0000][1087812][trace][gc,age      ] GC(118) - age   3:     280656 bytes,   19499008 total
[2025-08-28T13:02:37.439+0000][1087812][trace][gc,age      ] GC(118) - age   4:     104712 bytes,   19603720 total
[2025-08-28T13:02:37.439+0000][1087812][trace][gc,age      ] GC(118) - age   5:     100952 bytes,   19704672 total
[2025-08-28T13:02:37.439+0000][1087812][trace][gc,age      ] GC(118) - age   6:     102416 bytes,   19807088 total
[2025-08-28T13:02:37.439+0000][1087812][trace][gc,age      ] GC(118) - age   7:      76472 bytes,   19883560 total
[2025-08-28T13:02:37.439+0000][1087812][trace][gc,age      ] GC(118) - age   8:     144096 bytes,   20027656 total
[2025-08-28T13:02:37.439+0000][1087812][trace][gc,age      ] GC(118) - age   9:     330872 bytes,   20358528 total
[2025-08-28T13:02:37.439+0000][1087812][trace][gc,age      ] GC(118) - age  10:       3800 bytes,   20362328 total
[2025-08-28T13:02:37.439+0000][1087812][info ][gc,heap     ] GC(118) Eden regions: 74->0(71)
[2025-08-28T13:02:37.439+0000][1087812][info ][gc,heap     ] GC(118) Survivor regions: 2->5(10)
[2025-08-28T13:02:37.439+0000][1087812][info ][gc,heap     ] GC(118) Old regions: 28->28
[2025-08-28T13:02:37.439+0000][1087812][info ][gc,heap     ] GC(118) Humongous regions: 0->0
[2025-08-28T13:02:37.439+0000][1087812][info ][gc,metaspace] GC(118) Metaspace: 144013K(148032K)->144013K(148032K) NonClass: 124519K(126592K)->124519K(126592K) Class: 19493K(21440K)->19493K(21440K)
[2025-08-28T13:02:37.439+0000][1087812][info ][gc          ] GC(118) Pause Young (Concurrent Start) (G1 Evacuation Pause) 415M->131M(512M) 3.339ms
[2025-08-28T13:02:37.439+0000][1087812][info ][gc          ] GC(119) Concurrent Mark Cycle
[2025-08-28T13:02:37.439+0000][1087812][info ][gc,cpu      ] GC(118) User=0.02s Sys=0.00s Real=0.00s
[2025-08-28T13:02:37.439+0000][1087812][info ][gc,marking  ] GC(119) Concurrent Scan Root Regions
[2025-08-28T13:02:37.439+0000][1087812][info ][safepoint   ] Safepoint "G1CollectForAllocation", Time since last: 342058663 ns, Reaching safepoint: 28483 ns, Cleanup: 35003 ns, At safepoint: 3517035 ns, Total: 3580521 ns
[2025-08-28T13:02:37.440+0000][1087812][info ][gc,marking  ] GC(119) Concurrent Scan Root Regions 0.998ms
[2025-08-28T13:02:37.440+0000][1087812][info ][gc,marking  ] GC(119) Concurrent Mark
[2025-08-28T13:02:37.440+0000][1087812][info ][gc,marking  ] GC(119) Concurrent Mark From Roots
[2025-08-28T13:02:37.440+0000][1087812][info ][gc,task     ] GC(119) Using 8 workers of 8 for marking
[2025-08-28T13:02:37.453+0000][1087812][info ][gc,marking  ] GC(119) Concurrent Mark From Roots 12.914ms
[2025-08-28T13:02:37.453+0000][1087812][info ][gc,marking  ] GC(119) Concurrent Preclean
[2025-08-28T13:02:37.453+0000][1087812][info ][gc,marking  ] GC(119) Concurrent Preclean 0.209ms
[2025-08-28T13:02:37.453+0000][1087812][info ][gc,start    ] GC(119) Pause Remark
[2025-08-28T13:02:37.492+0000][1087812][info ][gc          ] GC(119) Pause Remark 155M->155M(512M) 39.274ms
[2025-08-28T13:02:37.492+0000][1087812][info ][gc,cpu      ] GC(119) User=0.09s Sys=0.02s Real=0.04s
[2025-08-28T13:02:37.492+0000][1087812][info ][safepoint   ] Safepoint "G1PauseRemark", Time since last: 14168742 ns, Reaching safepoint: 21172 ns, Cleanup: 1822 ns, At safepoint: 39416873 ns, Total: 39439867 ns
[2025-08-28T13:02:37.492+0000][1087812][info ][gc,marking  ] GC(119) Concurrent Mark 52.633ms
[2025-08-28T13:02:37.492+0000][1087812][info ][gc,marking  ] GC(119) Concurrent Rebuild Remembered Sets and Scrub Regions
[2025-08-28T13:02:37.507+0000][1087812][info ][gc,marking  ] GC(119) Concurrent Rebuild Remembered Sets and Scrub Regions 14.236ms
[2025-08-28T13:02:37.507+0000][1087812][info ][gc,start    ] GC(119) Pause Cleanup
[2025-08-28T13:02:37.507+0000][1087812][info ][gc          ] GC(119) Pause Cleanup 170M->170M(512M) 0.119ms
[2025-08-28T13:02:37.507+0000][1087812][info ][gc,cpu      ] GC(119) User=0.00s Sys=0.00s Real=0.00s
[2025-08-28T13:02:37.507+0000][1087812][info ][safepoint   ] Safepoint "G1PauseCleanup", Time since last: 14318517 ns, Reaching safepoint: 84768 ns, Cleanup: 95904 ns, At safepoint: 173721 ns, Total: 354393 ns
[2025-08-28T13:02:37.507+0000][1087812][info ][gc,marking  ] GC(119) Concurrent Clear Claimed Marks
[2025-08-28T13:02:37.508+0000][1087812][info ][gc,marking  ] GC(119) Concurrent Clear Claimed Marks 0.439ms
[2025-08-28T13:02:37.508+0000][1087812][info ][gc,marking  ] GC(119) Concurrent Cleanup for Next Mark
[2025-08-28T13:02:37.508+0000][1087812][info ][gc,marking  ] GC(119) Concurrent Cleanup for Next Mark 0.197ms
[2025-08-28T13:02:37.508+0000][1087812][info ][gc          ] GC(119) Concurrent Mark Cycle 69.000ms
[2025-08-28T13:02:37.923+0000][1087812][info ][gc,start    ] GC(120) Pause Young (Prepare Mixed) (G1 Evacuation Pause)
[2025-08-28T13:02:37.923+0000][1087812][info ][gc,task     ] GC(120) Using 12 workers of 33 for evacuation
[2025-08-28T13:02:37.923+0000][1087812][debug][gc,age      ] GC(120) Desired survivor size 20971520 bytes, new threshold 15 (max threshold 15)
[2025-08-28T13:02:37.925+0000][1087812][info ][gc,phases   ] GC(120)   Pre Evacuate Collection Set: 0.2ms
[2025-08-28T13:02:37.925+0000][1087812][info ][gc,phases   ] GC(120)   Merge Heap Roots: 0.1ms
[2025-08-28T13:02:37.925+0000][1087812][info ][gc,phases   ] GC(120)   Evacuate Collection Set: 0.9ms
[2025-08-28T13:02:37.925+0000][1087812][info ][gc,phases   ] GC(120)   Post Evacuate Collection Set: 0.5ms
[2025-08-28T13:02:37.925+0000][1087812][info ][gc,phases   ] GC(120)   Other: 0.1ms
[2025-08-28T13:02:37.925+0000][1087812][trace][gc,age      ] GC(120) Age table with threshold 15 (max threshold 15)
[2025-08-28T13:02:37.925+0000][1087812][trace][gc,age      ] GC(120) - age   1:    6189656 bytes,    6189656 total
[2025-08-28T13:02:37.925+0000][1087812][trace][gc,age      ] GC(120) - age   2:     119792 bytes,    6309448 total
[2025-08-28T13:02:37.925+0000][1087812][trace][gc,age      ] GC(120) - age   3:     266712 bytes,    6576160 total
[2025-08-28T13:02:37.925+0000][1087812][trace][gc,age      ] GC(120) - age   4:     280088 bytes,    6856248 total
[2025-08-28T13:02:37.925+0000][1087812][trace][gc,age      ] GC(120) - age   5:     104568 bytes,    6960816 total
[2025-08-28T13:02:37.925+0000][1087812][trace][gc,age      ] GC(120) - age   6:     100864 bytes,    7061680 total
[2025-08-28T13:02:37.925+0000][1087812][trace][gc,age      ] GC(120) - age   7:     102416 bytes,    7164096 total
[2025-08-28T13:02:37.925+0000][1087812][trace][gc,age      ] GC(120) - age   8:      76472 bytes,    7240568 total
[2025-08-28T13:02:37.925+0000][1087812][trace][gc,age      ] GC(120) - age   9:     144096 bytes,    7384664 total
[2025-08-28T13:02:37.925+0000][1087812][trace][gc,age      ] GC(120) - age  10:     330872 bytes,    7715536 total
[2025-08-28T13:02:37.925+0000][1087812][trace][gc,age      ] GC(120) - age  11:       2088 bytes,    7717624 total
[2025-08-28T13:02:37.925+0000][1087812][info ][gc,heap     ] GC(120) Eden regions: 71->0(74)
[2025-08-28T13:02:37.925+0000][1087812][info ][gc,heap     ] GC(120) Survivor regions: 5->2(10)
[2025-08-28T13:02:37.925+0000][1087812][info ][gc,heap     ] GC(120) Old regions: 28->28
[2025-08-28T13:02:37.925+0000][1087812][info ][gc,heap     ] GC(120) Humongous regions: 0->0
[2025-08-28T13:02:37.925+0000][1087812][info ][gc,metaspace] GC(120) Metaspace: 144023K(148032K)->144023K(148032K) NonClass: 124530K(126592K)->124530K(126592K) Class: 19493K(21440K)->19493K(21440K)
[2025-08-28T13:02:37.925+0000][1087812][info ][gc          ] GC(120) Pause Young (Prepare Mixed) (G1 Evacuation Pause) 415M->119M(512M) 1.837ms
[2025-08-28T13:02:37.925+0000][1087812][info ][gc,cpu      ] GC(120) User=0.01s Sys=0.00s Real=0.00s
[2025-08-28T13:02:37.925+0000][1087812][info ][safepoint   ] Safepoint "G1CollectForAllocation", Time since last: 416169542 ns, Reaching safepoint: 28824 ns, Cleanup: 36615 ns, At safepoint: 1978453 ns, Total: 2043892 ns
[2025-08-28T13:02:38.402+0000][1087812][info ][gc,start    ] GC(121) Pause Young (Mixed) (G1 Evacuation Pause)
[2025-08-28T13:02:38.402+0000][1087812][info ][gc,task     ] GC(121) Using 12 workers of 33 for evacuation
[2025-08-28T13:02:38.402+0000][1087812][debug][gc,age      ] GC(121) Desired survivor size 20971520 bytes, new threshold 15 (max threshold 15)
[2025-08-28T13:02:38.404+0000][1087812][info ][gc,phases   ] GC(121)   Pre Evacuate Collection Set: 0.2ms
[2025-08-28T13:02:38.404+0000][1087812][info ][gc,phases   ] GC(121)   Merge Heap Roots: 0.1ms
[2025-08-28T13:02:38.404+0000][1087812][info ][gc,phases   ] GC(121)   Evacuate Collection Set: 1.3ms
[2025-08-28T13:02:38.404+0000][1087812][info ][gc,phases   ] GC(121)   Post Evacuate Collection Set: 0.4ms
[2025-08-28T13:02:38.404+0000][1087812][info ][gc,phases   ] GC(121)   Other: 0.1ms
[2025-08-28T13:02:38.404+0000][1087812][trace][gc,age      ] GC(121) Age table with threshold 15 (max threshold 15)
[2025-08-28T13:02:38.404+0000][1087812][trace][gc,age      ] GC(121) - age   1:    1176872 bytes,    1176872 total
[2025-08-28T13:02:38.404+0000][1087812][trace][gc,age      ] GC(121) - age   2:      73496 bytes,    1250368 total
[2025-08-28T13:02:38.404+0000][1087812][trace][gc,age      ] GC(121) - age   3:     118072 bytes,    1368440 total
[2025-08-28T13:02:38.404+0000][1087812][trace][gc,age      ] GC(121) - age   4:      85920 bytes,    1454360 total
[2025-08-28T13:02:38.404+0000][1087812][trace][gc,age      ] GC(121) - age   5:      99960 bytes,    1554320 total
[2025-08-28T13:02:38.404+0000][1087812][trace][gc,age      ] GC(121) - age   6:     104568 bytes,    1658888 total
[2025-08-28T13:02:38.404+0000][1087812][trace][gc,age      ] GC(121) - age   7:     100864 bytes,    1759752 total
[2025-08-28T13:02:38.404+0000][1087812][trace][gc,age      ] GC(121) - age   8:     102416 bytes,    1862168 total
[2025-08-28T13:02:38.404+0000][1087812][trace][gc,age      ] GC(121) - age   9:      76440 bytes,    1938608 total
[2025-08-28T13:02:38.404+0000][1087812][trace][gc,age      ] GC(121) - age  10:     144096 bytes,    2082704 total
[2025-08-28T13:02:38.404+0000][1087812][trace][gc,age      ] GC(121) - age  11:     330872 bytes,    2413576 total
[2025-08-28T13:02:38.404+0000][1087812][trace][gc,age      ] GC(121) - age  12:         24 bytes,    2413600 total
[2025-08-28T13:02:38.404+0000][1087812][info ][gc,heap     ] GC(121) Eden regions: 74->0(75)
[2025-08-28T13:02:38.404+0000][1087812][info ][gc,heap     ] GC(121) Survivor regions: 2->1(10)
[2025-08-28T13:02:38.404+0000][1087812][info ][gc,heap     ] GC(121) Old regions: 28->27
[2025-08-28T13:02:38.404+0000][1087812][info ][gc,heap     ] GC(121) Humongous regions: 0->0
[2025-08-28T13:02:38.404+0000][1087812][info ][gc,metaspace] GC(121) Metaspace: 144023K(148032K)->144023K(148032K) NonClass: 124530K(126592K)->124530K(126592K) Class: 19493K(21440K)->19493K(21440K)
[2025-08-28T13:02:38.404+0000][1087812][info ][gc          ] GC(121) Pause Young (Mixed) (G1 Evacuation Pause) 415M->106M(512M) 2.194ms
[2025-08-28T13:02:38.404+0000][1087812][info ][gc,cpu      ] GC(121) User=0.01s Sys=0.00s Real=0.00s
[2025-08-28T13:02:38.404+0000][1087812][info ][safepoint   ] Safepoint "G1CollectForAllocation", Time since last: 476218670 ns, Reaching safepoint: 29284 ns, Cleanup: 33080 ns, At safepoint: 2336361 ns, Total: 2398725 ns
[2025-08-28T13:02:39.404+0000][1087812][info ][safepoint   ] Safepoint "Cleanup", Time since last: 1000091452 ns, Reaching safepoint: 29314 ns, Cleanup: 15263 ns, At safepoint: 3656 ns, Total: 48233 ns
[2025-08-28T13:02:40.392+0000][1087812][info ][gc,start    ] GC(122) Pause Young (Concurrent Start) (G1 Evacuation Pause)
[2025-08-28T13:02:40.392+0000][1087812][info ][gc,task     ] GC(122) Using 12 workers of 33 for evacuation
[2025-08-28T13:02:40.392+0000][1087812][debug][gc,age      ] GC(122) Desired survivor size 20971520 bytes, new threshold 15 (max threshold 15)
[2025-08-28T13:02:40.395+0000][1087812][info ][gc,phases   ] GC(122)   Pre Evacuate Collection Set: 0.2ms
[2025-08-28T13:02:40.395+0000][1087812][info ][gc,phases   ] GC(122)   Merge Heap Roots: 0.1ms
[2025-08-28T13:02:40.395+0000][1087812][info ][gc,phases   ] GC(122)   Evacuate Collection Set: 1.8ms
[2025-08-28T13:02:40.395+0000][1087812][info ][gc,phases   ] GC(122)   Post Evacuate Collection Set: 0.5ms
[2025-08-28T13:02:40.395+0000][1087812][info ][gc,phases   ] GC(122)   Other: 0.1ms
[2025-08-28T13:02:40.395+0000][1087812][trace][gc,age      ] GC(122) Age table with threshold 15 (max threshold 15)
[2025-08-28T13:02:40.395+0000][1087812][trace][gc,age      ] GC(122) - age   1:    1093216 bytes,    1093216 total
[2025-08-28T13:02:40.395+0000][1087812][trace][gc,age      ] GC(122) - age   2:     102488 bytes,    1195704 total
[2025-08-28T13:02:40.395+0000][1087812][trace][gc,age      ] GC(122) - age   3:      71824 bytes,    1267528 total
[2025-08-28T13:02:40.395+0000][1087812][trace][gc,age      ] GC(122) - age   4:     118072 bytes,    1385600 total
[2025-08-28T13:02:40.395+0000][1087812][trace][gc,age      ] GC(122) - age   5:      85888 bytes,    1471488 total
[2025-08-28T13:02:40.395+0000][1087812][trace][gc,age      ] GC(122) - age   6:      99960 bytes,    1571448 total
[2025-08-28T13:02:40.395+0000][1087812][trace][gc,age      ] GC(122) - age   7:     104568 bytes,    1676016 total
[2025-08-28T13:02:40.395+0000][1087812][trace][gc,age      ] GC(122) - age   8:     100864 bytes,    1776880 total
[2025-08-28T13:02:40.395+0000][1087812][trace][gc,age      ] GC(122) - age   9:     101880 bytes,    1878760 total
[2025-08-28T13:02:40.395+0000][1087812][trace][gc,age      ] GC(122) - age  10:      76264 bytes,    1955024 total
[2025-08-28T13:02:40.395+0000][1087812][trace][gc,age      ] GC(122) - age  11:     144096 bytes,    2099120 total
[2025-08-28T13:02:40.395+0000][1087812][trace][gc,age      ] GC(122) - age  12:     330872 bytes,    2429992 total
[2025-08-28T13:02:40.395+0000][1087812][trace][gc,age      ] GC(122) - age  13:         24 bytes,    2430016 total
[2025-08-28T13:02:40.395+0000][1087812][info ][gc,heap     ] GC(122) Eden regions: 75->0(75)
[2025-08-28T13:02:40.395+0000][1087812][info ][gc,heap     ] GC(122) Survivor regions: 1->1(10)
[2025-08-28T13:02:40.395+0000][1087812][info ][gc,heap     ] GC(122) Old regions: 27->27
[2025-08-28T13:02:40.395+0000][1087812][info ][gc,heap     ] GC(122) Humongous regions: 0->0
[2025-08-28T13:02:40.395+0000][1087812][info ][gc,metaspace] GC(122) Metaspace: 144023K(148032K)->144023K(148032K) NonClass: 124530K(126592K)->124530K(126592K) Class: 19493K(21440K)->19493K(21440K)
[2025-08-28T13:02:40.395+0000][1087812][info ][gc          ] GC(122) Pause Young (Concurrent Start) (G1 Evacuation Pause) 406M->106M(512M) 2.867ms
[2025-08-28T13:02:40.395+0000][1087812][info ][gc,cpu      ] GC(122) User=0.01s Sys=0.00s Real=0.00s
[2025-08-28T13:02:40.395+0000][1087812][info ][gc          ] GC(123) Concurrent Mark Cycle
[2025-08-28T13:02:40.395+0000][1087812][info ][safepoint   ] Safepoint "G1CollectForAllocation", Time since last: 988006161 ns, Reaching safepoint: 28212 ns, Cleanup: 15954 ns, At safepoint: 3025897 ns, Total: 3070063 ns
[2025-08-28T13:02:40.395+0000][1087812][info ][gc,marking  ] GC(123) Concurrent Scan Root Regions
[2025-08-28T13:02:40.397+0000][1087812][info ][gc,marking  ] GC(123) Concurrent Scan Root Regions 2.143ms
[2025-08-28T13:02:40.397+0000][1087812][info ][gc,marking  ] GC(123) Concurrent Mark
[2025-08-28T13:02:40.397+0000][1087812][info ][gc,marking  ] GC(123) Concurrent Mark From Roots
[2025-08-28T13:02:40.397+0000][1087812][info ][gc,task     ] GC(123) Using 8 workers of 8 for marking
[2025-08-28T13:02:40.410+0000][1087812][info ][gc,marking  ] GC(123) Concurrent Mark From Roots 13.105ms
[2025-08-28T13:02:40.410+0000][1087812][info ][gc,marking  ] GC(123) Concurrent Preclean
[2025-08-28T13:02:40.411+0000][1087812][info ][gc,marking  ] GC(123) Concurrent Preclean 0.279ms
[2025-08-28T13:02:40.411+0000][1087812][info ][gc,start    ] GC(123) Pause Remark
[2025-08-28T13:02:40.414+0000][1087812][info ][gc          ] GC(123) Pause Remark 109M->109M(512M) 3.178ms
[2025-08-28T13:02:40.414+0000][1087812][info ][gc,cpu      ] GC(123) User=0.03s Sys=0.00s Real=0.00s
[2025-08-28T13:02:40.414+0000][1087812][info ][safepoint   ] Safepoint "G1PauseRemark", Time since last: 15630149 ns, Reaching safepoint: 20170 ns, Cleanup: 11517 ns, At safepoint: 3234190 ns, Total: 3265877 ns
[2025-08-28T13:02:40.414+0000][1087812][info ][gc,marking  ] GC(123) Concurrent Mark 16.724ms
[2025-08-28T13:02:40.414+0000][1087812][info ][gc,marking  ] GC(123) Concurrent Rebuild Remembered Sets and Scrub Regions
[2025-08-28T13:02:40.428+0000][1087812][info ][gc,marking  ] GC(123) Concurrent Rebuild Remembered Sets and Scrub Regions 13.932ms
[2025-08-28T13:02:40.428+0000][1087812][info ][gc,start    ] GC(123) Pause Cleanup
[2025-08-28T13:02:40.428+0000][1087812][info ][gc          ] GC(123) Pause Cleanup 113M->113M(512M) 0.099ms
[2025-08-28T13:02:40.428+0000][1087812][info ][gc,cpu      ] GC(123) User=0.00s Sys=0.00s Real=0.00s
[2025-08-28T13:02:40.428+0000][1087812][info ][safepoint   ] Safepoint "G1PauseCleanup", Time since last: 14006418 ns, Reaching safepoint: 13280 ns, Cleanup: 6630 ns, At safepoint: 132339 ns, Total: 152249 ns
[2025-08-28T13:02:40.428+0000][1087812][info ][gc,marking  ] GC(123) Concurrent Clear Claimed Marks
[2025-08-28T13:02:40.429+0000][1087812][info ][gc,marking  ] GC(123) Concurrent Clear Claimed Marks 0.526ms
[2025-08-28T13:02:40.429+0000][1087812][info ][gc,marking  ] GC(123) Concurrent Cleanup for Next Mark
[2025-08-28T13:02:40.429+0000][1087812][info ][gc,marking  ] GC(123) Concurrent Cleanup for Next Mark 0.182ms
[2025-08-28T13:02:40.429+0000][1087812][info ][gc          ] GC(123) Concurrent Mark Cycle 33.810ms
[2025-08-28T13:02:42.390+0000][1087812][info ][gc,start    ] GC(124) Pause Young (Prepare Mixed) (G1 Evacuation Pause)
[2025-08-28T13:02:42.390+0000][1087812][info ][gc,task     ] GC(124) Using 12 workers of 33 for evacuation
[2025-08-28T13:02:42.390+0000][1087812][debug][gc,age      ] GC(124) Desired survivor size 20971520 bytes, new threshold 15 (max threshold 15)
[2025-08-28T13:02:42.392+0000][1087812][info ][gc,phases   ] GC(124)   Pre Evacuate Collection Set: 0.2ms
[2025-08-28T13:02:42.392+0000][1087812][info ][gc,phases   ] GC(124)   Merge Heap Roots: 0.1ms
[2025-08-28T13:02:42.392+0000][1087812][info ][gc,phases   ] GC(124)   Evacuate Collection Set: 1.3ms
[2025-08-28T13:02:42.392+0000][1087812][info ][gc,phases   ] GC(124)   Post Evacuate Collection Set: 0.4ms
[2025-08-28T13:02:42.392+0000][1087812][info ][gc,phases   ] GC(124)   Other: 0.1ms
[2025-08-28T13:02:42.392+0000][1087812][trace][gc,age      ] GC(124) Age table with threshold 15 (max threshold 15)
[2025-08-28T13:02:42.392+0000][1087812][trace][gc,age      ] GC(124) - age   1:    1138672 bytes,    1138672 total
[2025-08-28T13:02:42.392+0000][1087812][trace][gc,age      ] GC(124) - age   2:       1096 bytes,    1139768 total
[2025-08-28T13:02:42.392+0000][1087812][trace][gc,age      ] GC(124) - age   3:     102488 bytes,    1242256 total
[2025-08-28T13:02:42.392+0000][1087812][trace][gc,age      ] GC(124) - age   4:      71824 bytes,    1314080 total
[2025-08-28T13:02:42.392+0000][1087812][trace][gc,age      ] GC(124) - age   5:     118072 bytes,    1432152 total
[2025-08-28T13:02:42.392+0000][1087812][trace][gc,age      ] GC(124) - age   6:      85888 bytes,    1518040 total
[2025-08-28T13:02:42.392+0000][1087812][trace][gc,age      ] GC(124) - age   7:      99960 bytes,    1618000 total
[2025-08-28T13:02:42.392+0000][1087812][trace][gc,age      ] GC(124) - age   8:     104568 bytes,    1722568 total
[2025-08-28T13:02:42.392+0000][1087812][trace][gc,age      ] GC(124) - age   9:     100864 bytes,    1823432 total
[2025-08-28T13:02:42.392+0000][1087812][trace][gc,age      ] GC(124) - age  10:     101880 bytes,    1925312 total
[2025-08-28T13:02:42.392+0000][1087812][trace][gc,age      ] GC(124) - age  11:      76264 bytes,    2001576 total
[2025-08-28T13:02:42.392+0000][1087812][trace][gc,age      ] GC(124) - age  12:     144096 bytes,    2145672 total
[2025-08-28T13:02:42.392+0000][1087812][trace][gc,age      ] GC(124) - age  13:     330872 bytes,    2476544 total
[2025-08-28T13:02:42.392+0000][1087812][info ][gc,heap     ] GC(124) Eden regions: 75->0(75)
[2025-08-28T13:02:42.392+0000][1087812][info ][gc,heap     ] GC(124) Survivor regions: 1->1(10)
[2025-08-28T13:02:42.392+0000][1087812][info ][gc,heap     ] GC(124) Old regions: 27->27
[2025-08-28T13:02:42.392+0000][1087812][info ][gc,heap     ] GC(124) Humongous regions: 0->0
[2025-08-28T13:02:42.392+0000][1087812][info ][gc,metaspace] GC(124) Metaspace: 144024K(148032K)->144024K(148032K) NonClass: 124530K(126592K)->124530K(126592K) Class: 19493K(21440K)->19493K(21440K)
[2025-08-28T13:02:42.392+0000][1087812][info ][gc          ] GC(124) Pause Young (Prepare Mixed) (G1 Evacuation Pause) 406M->106M(512M) 2.222ms
[2025-08-28T13:02:42.392+0000][1087812][info ][gc,cpu      ] GC(124) User=0.01s Sys=0.00s Real=0.01s
[2025-08-28T13:02:42.392+0000][1087812][info ][safepoint   ] Safepoint "G1CollectForAllocation", Time since last: 1961835028 ns, Reaching safepoint: 42684 ns, Cleanup: 6179 ns, At safepoint: 2364263 ns, Total: 2413126 ns
[2025-08-28T13:02:43.393+0000][1087812][info ][safepoint   ] Safepoint "Cleanup", Time since last: 1000084823 ns, Reaching safepoint: 37025 ns, Cleanup: 15954 ns, At safepoint: 3616 ns, Total: 56595 ns
[2025-08-28T13:02:44.389+0000][1087812][info ][gc,start    ] GC(125) Pause Young (Mixed) (G1 Evacuation Pause)
[2025-08-28T13:02:44.389+0000][1087812][info ][gc,task     ] GC(125) Using 12 workers of 33 for evacuation
[2025-08-28T13:02:44.389+0000][1087812][debug][gc,age      ] GC(125) Desired survivor size 20971520 bytes, new threshold 15 (max threshold 15)
[2025-08-28T13:02:44.392+0000][1087812][info ][gc,phases   ] GC(125)   Pre Evacuate Collection Set: 0.2ms
[2025-08-28T13:02:44.392+0000][1087812][info ][gc,phases   ] GC(125)   Merge Heap Roots: 0.1ms
[2025-08-28T13:02:44.392+0000][1087812][info ][gc,phases   ] GC(125)   Evacuate Collection Set: 1.8ms
[2025-08-28T13:02:44.392+0000][1087812][info ][gc,phases   ] GC(125)   Post Evacuate Collection Set: 0.5ms
[2025-08-28T13:02:44.392+0000][1087812][info ][gc,phases   ] GC(125)   Other: 0.1ms
[2025-08-28T13:02:44.392+0000][1087812][trace][gc,age      ] GC(125) Age table with threshold 15 (max threshold 15)
[2025-08-28T13:02:44.392+0000][1087812][trace][gc,age      ] GC(125) - age   1:    1744912 bytes,    1744912 total
[2025-08-28T13:02:44.392+0000][1087812][trace][gc,age      ] GC(125) - age   2:       2296 bytes,    1747208 total
[2025-08-28T13:02:44.392+0000][1087812][trace][gc,age      ] GC(125) - age   3:        920 bytes,    1748128 total
[2025-08-28T13:02:44.392+0000][1087812][trace][gc,age      ] GC(125) - age   4:     102488 bytes,    1850616 total
[2025-08-28T13:02:44.392+0000][1087812][trace][gc,age      ] GC(125) - age   5:      71824 bytes,    1922440 total
[2025-08-28T13:02:44.392+0000][1087812][trace][gc,age      ] GC(125) - age   6:     118072 bytes,    2040512 total
[2025-08-28T13:02:44.392+0000][1087812][trace][gc,age      ] GC(125) - age   7:      85888 bytes,    2126400 total
[2025-08-28T13:02:44.392+0000][1087812][trace][gc,age      ] GC(125) - age   8:      99960 bytes,    2226360 total
[2025-08-28T13:02:44.392+0000][1087812][trace][gc,age      ] GC(125) - age   9:     104568 bytes,    2330928 total
[2025-08-28T13:02:44.392+0000][1087812][trace][gc,age      ] GC(125) - age  10:     100864 bytes,    2431792 total
[2025-08-28T13:02:44.392+0000][1087812][trace][gc,age      ] GC(125) - age  11:     101880 bytes,    2533672 total
[2025-08-28T13:02:44.392+0000][1087812][trace][gc,age      ] GC(125) - age  12:      76264 bytes,    2609936 total
[2025-08-28T13:02:44.392+0000][1087812][trace][gc,age      ] GC(125) - age  13:     144096 bytes,    2754032 total
[2025-08-28T13:02:44.392+0000][1087812][trace][gc,age      ] GC(125) - age  14:     330872 bytes,    3084904 total
[2025-08-28T13:02:44.392+0000][1087812][info ][gc,heap     ] GC(125) Eden regions: 75->0(75)
[2025-08-28T13:02:44.392+0000][1087812][info ][gc,heap     ] GC(125) Survivor regions: 1->1(10)
[2025-08-28T13:02:44.392+0000][1087812][info ][gc,heap     ] GC(125) Old regions: 27->25
[2025-08-28T13:02:44.392+0000][1087812][info ][gc,heap     ] GC(125) Humongous regions: 0->0
[2025-08-28T13:02:44.392+0000][1087812][info ][gc,metaspace] GC(125) Metaspace: 144024K(148032K)->144024K(148032K) NonClass: 124530K(126592K)->124530K(126592K) Class: 19493K(21440K)->19493K(21440K)
[2025-08-28T13:02:44.392+0000][1087812][info ][gc          ] GC(125) Pause Young (Mixed) (G1 Evacuation Pause) 406M->102M(512M) 2.824ms
[2025-08-28T13:02:44.392+0000][1087812][info ][gc,cpu      ] GC(125) User=0.02s Sys=0.00s Real=0.01s
[2025-08-28T13:02:44.392+0000][1087812][info ][safepoint   ] Safepoint "G1CollectForAllocation", Time since last: 996473595 ns, Reaching safepoint: 27492 ns, Cleanup: 6589 ns, At safepoint: 2972107 ns, Total: 3006188 ns
[2025-08-28T13:02:46.390+0000][1087812][info ][gc,start    ] GC(126) Pause Young (Normal) (G1 Evacuation Pause)
[2025-08-28T13:02:46.390+0000][1087812][info ][gc,task     ] GC(126) Using 12 workers of 33 for evacuation
[2025-08-28T13:02:46.390+0000][1087812][debug][gc,age      ] GC(126) Desired survivor size 20971520 bytes, new threshold 15 (max threshold 15)
[2025-08-28T13:02:46.392+0000][1087812][info ][gc,phases   ] GC(126)   Pre Evacuate Collection Set: 0.2ms
[2025-08-28T13:02:46.392+0000][1087812][info ][gc,phases   ] GC(126)   Merge Heap Roots: 0.1ms
[2025-08-28T13:02:46.392+0000][1087812][info ][gc,phases   ] GC(126)   Evacuate Collection Set: 1.2ms
[2025-08-28T13:02:46.392+0000][1087812][info ][gc,phases   ] GC(126)   Post Evacuate Collection Set: 0.5ms
[2025-08-28T13:02:46.392+0000][1087812][info ][gc,phases   ] GC(126)   Other: 0.1ms
[2025-08-28T13:02:46.392+0000][1087812][trace][gc,age      ] GC(126) Age table with threshold 15 (max threshold 15)
[2025-08-28T13:02:46.392+0000][1087812][trace][gc,age      ] GC(126) - age   1:     937760 bytes,     937760 total
[2025-08-28T13:02:46.392+0000][1087812][trace][gc,age      ] GC(126) - age   2:        176 bytes,     937936 total
[2025-08-28T13:02:46.392+0000][1087812][trace][gc,age      ] GC(126) - age   3:       2296 bytes,     940232 total
[2025-08-28T13:02:46.392+0000][1087812][trace][gc,age      ] GC(126) - age   4:        384 bytes,     940616 total
[2025-08-28T13:02:46.392+0000][1087812][trace][gc,age      ] GC(126) - age   5:     102488 bytes,    1043104 total
[2025-08-28T13:02:46.392+0000][1087812][trace][gc,age      ] GC(126) - age   6:      71824 bytes,    1114928 total
[2025-08-28T13:02:46.392+0000][1087812][trace][gc,age      ] GC(126) - age   7:     118072 bytes,    1233000 total
[2025-08-28T13:02:46.392+0000][1087812][trace][gc,age      ] GC(126) - age   8:      85888 bytes,    1318888 total
[2025-08-28T13:02:46.392+0000][1087812][trace][gc,age      ] GC(126) - age   9:      99800 bytes,    1418688 total
[2025-08-28T13:02:46.392+0000][1087812][trace][gc,age      ] GC(126) - age  10:     104568 bytes,    1523256 total
[2025-08-28T13:02:46.392+0000][1087812][trace][gc,age      ] GC(126) - age  11:     100864 bytes,    1624120 total
[2025-08-28T13:02:46.392+0000][1087812][trace][gc,age      ] GC(126) - age  12:     101880 bytes,    1726000 total
[2025-08-28T13:02:46.392+0000][1087812][trace][gc,age      ] GC(126) - age  13:      76264 bytes,    1802264 total
[2025-08-28T13:02:46.392+0000][1087812][trace][gc,age      ] GC(126) - age  14:     144096 bytes,    1946360 total
[2025-08-28T13:02:46.392+0000][1087812][trace][gc,age      ] GC(126) - age  15:     330872 bytes,    2277232 total
[2025-08-28T13:02:46.392+0000][1087812][info ][gc,heap     ] GC(126) Eden regions: 75->0(75)
[2025-08-28T13:02:46.392+0000][1087812][info ][gc,heap     ] GC(126) Survivor regions: 1->1(10)
[2025-08-28T13:02:46.392+0000][1087812][info ][gc,heap     ] GC(126) Old regions: 25->25
[2025-08-28T13:02:46.392+0000][1087812][info ][gc,heap     ] GC(126) Humongous regions: 0->0
[2025-08-28T13:02:46.392+0000][1087812][info ][gc,metaspace] GC(126) Metaspace: 144027K(148032K)->144027K(148032K) NonClass: 124533K(126592K)->124533K(126592K) Class: 19493K(21440K)->19493K(21440K)
[2025-08-28T13:02:46.392+0000][1087812][info ][gc          ] GC(126) Pause Young (Normal) (G1 Evacuation Pause) 402M->101M(512M) 2.250ms
[2025-08-28T13:02:46.392+0000][1087812][info ][gc,cpu      ] GC(126) User=0.01s Sys=0.00s Real=0.01s
[2025-08-28T13:02:46.392+0000][1087812][info ][safepoint   ] Safepoint "G1CollectForAllocation", Time since last: 1997561485 ns, Reaching safepoint: 26019 ns, Cleanup: 9995 ns, At safepoint: 2396231 ns, Total: 2432245 ns
[2025-08-28T13:02:47.392+0000][1087812][info ][safepoint   ] Safepoint "Cleanup", Time since last: 1000089439 ns, Reaching safepoint: 28273 ns, Cleanup: 15994 ns, At safepoint: 6289 ns, Total: 50556 ns
[2025-08-28T13:02:48.378+0000][1087812][info ][gc,start    ] GC(127) Pause Young (Normal) (G1 Evacuation Pause)
[2025-08-28T13:02:48.378+0000][1087812][info ][gc,task     ] GC(127) Using 12 workers of 33 for evacuation
[2025-08-28T13:02:48.378+0000][1087812][debug][gc,age      ] GC(127) Desired survivor size 20971520 bytes, new threshold 15 (max threshold 15)
[2025-08-28T13:02:48.379+0000][1087812][info ][gc,phases   ] GC(127)   Pre Evacuate Collection Set: 0.2ms
[2025-08-28T13:02:48.379+0000][1087812][info ][gc,phases   ] GC(127)   Merge Heap Roots: 0.0ms
[2025-08-28T13:02:48.379+0000][1087812][info ][gc,phases   ] GC(127)   Evacuate Collection Set: 0.9ms
[2025-08-28T13:02:48.379+0000][1087812][info ][gc,phases   ] GC(127)   Post Evacuate Collection Set: 0.4ms
[2025-08-28T13:02:48.379+0000][1087812][info ][gc,phases   ] GC(127)   Other: 0.1ms
[2025-08-28T13:02:48.379+0000][1087812][trace][gc,age      ] GC(127) Age table with threshold 15 (max threshold 15)
[2025-08-28T13:02:48.379+0000][1087812][trace][gc,age      ] GC(127) - age   1:    1186632 bytes,    1186632 total
[2025-08-28T13:02:48.379+0000][1087812][trace][gc,age      ] GC(127) - age   2:        696 bytes,    1187328 total
[2025-08-28T13:02:48.379+0000][1087812][trace][gc,age      ] GC(127) - age   3:        176 bytes,    1187504 total
[2025-08-28T13:02:48.379+0000][1087812][trace][gc,age      ] GC(127) - age   4:       2296 bytes,    1189800 total
[2025-08-28T13:02:48.379+0000][1087812][trace][gc,age      ] GC(127) - age   5:        384 bytes,    1190184 total
[2025-08-28T13:02:48.379+0000][1087812][trace][gc,age      ] GC(127) - age   6:     102488 bytes,    1292672 total
[2025-08-28T13:02:48.379+0000][1087812][trace][gc,age      ] GC(127) - age   7:      71824 bytes,    1364496 total
[2025-08-28T13:02:48.379+0000][1087812][trace][gc,age      ] GC(127) - age   8:     118072 bytes,    1482568 total
[2025-08-28T13:02:48.379+0000][1087812][trace][gc,age      ] GC(127) - age   9:      85888 bytes,    1568456 total
[2025-08-28T13:02:48.379+0000][1087812][trace][gc,age      ] GC(127) - age  10:      99800 bytes,    1668256 total
[2025-08-28T13:02:48.379+0000][1087812][trace][gc,age      ] GC(127) - age  11:     104568 bytes,    1772824 total
[2025-08-28T13:02:48.379+0000][1087812][trace][gc,age      ] GC(127) - age  12:     100864 bytes,    1873688 total
[2025-08-28T13:02:48.379+0000][1087812][trace][gc,age      ] GC(127) - age  13:     101880 bytes,    1975568 total
[2025-08-28T13:02:48.379+0000][1087812][trace][gc,age      ] GC(127) - age  14:      76264 bytes,    2051832 total
[2025-08-28T13:02:48.379+0000][1087812][trace][gc,age      ] GC(127) - age  15:     144096 bytes,    2195928 total
[2025-08-28T13:02:48.379+0000][1087812][info ][gc,heap     ] GC(127) Eden regions: 75->0(75)
[2025-08-28T13:02:48.379+0000][1087812][info ][gc,heap     ] GC(127) Survivor regions: 1->1(10)
[2025-08-28T13:02:48.379+0000][1087812][info ][gc,heap     ] GC(127) Old regions: 25->25
[2025-08-28T13:02:48.379+0000][1087812][info ][gc,heap     ] GC(127) Humongous regions: 0->0
[2025-08-28T13:02:48.379+0000][1087812][info ][gc,metaspace] GC(127) Metaspace: 144027K(148032K)->144027K(148032K) NonClass: 124533K(126592K)->124533K(126592K) Class: 19493K(21440K)->19493K(21440K)
[2025-08-28T13:02:48.379+0000][1087812][info ][gc          ] GC(127) Pause Young (Normal) (G1 Evacuation Pause) 401M->101M(512M) 1.746ms
[2025-08-28T13:02:48.379+0000][1087812][info ][gc,cpu      ] GC(127) User=0.01s Sys=0.00s Real=0.00s
[2025-08-28T13:02:48.379+0000][1087812][info ][safepoint   ] Safepoint "G1CollectForAllocation", Time since last: 985109649 ns, Reaching safepoint: 57907 ns, Cleanup: 23095 ns, At safepoint: 1886084 ns, Total: 1967086 ns
[2025-08-28T13:02:50.352+0000][1087812][info ][gc,start    ] GC(128) Pause Young (Normal) (G1 Evacuation Pause)
[2025-08-28T13:02:50.352+0000][1087812][info ][gc,task     ] GC(128) Using 12 workers of 33 for evacuation
[2025-08-28T13:02:50.352+0000][1087812][debug][gc,age      ] GC(128) Desired survivor size 20971520 bytes, new threshold 15 (max threshold 15)
[2025-08-28T13:02:50.354+0000][1087812][info ][gc,phases   ] GC(128)   Pre Evacuate Collection Set: 0.2ms
[2025-08-28T13:02:50.354+0000][1087812][info ][gc,phases   ] GC(128)   Merge Heap Roots: 0.1ms
[2025-08-28T13:02:50.354+0000][1087812][info ][gc,phases   ] GC(128)   Evacuate Collection Set: 1.3ms
[2025-08-28T13:02:50.354+0000][1087812][info ][gc,phases   ] GC(128)   Post Evacuate Collection Set: 0.4ms
[2025-08-28T13:02:50.354+0000][1087812][info ][gc,phases   ] GC(128)   Other: 0.1ms
[2025-08-28T13:02:50.354+0000][1087812][trace][gc,age      ] GC(128) Age table with threshold 15 (max threshold 15)
[2025-08-28T13:02:50.354+0000][1087812][trace][gc,age      ] GC(128) - age   1:    1762432 bytes,    1762432 total
[2025-08-28T13:02:50.354+0000][1087812][trace][gc,age      ] GC(128) - age   2:        432 bytes,    1762864 total
[2025-08-28T13:02:50.354+0000][1087812][trace][gc,age      ] GC(128) - age   3:        160 bytes,    1763024 total
[2025-08-28T13:02:50.354+0000][1087812][trace][gc,age      ] GC(128) - age   5:       2296 bytes,    1765320 total
[2025-08-28T13:02:50.354+0000][1087812][trace][gc,age      ] GC(128) - age   6:        384 bytes,    1765704 total
[2025-08-28T13:02:50.354+0000][1087812][trace][gc,age      ] GC(128) - age   7:     102488 bytes,    1868192 total
[2025-08-28T13:02:50.354+0000][1087812][trace][gc,age      ] GC(128) - age   8:      71824 bytes,    1940016 total
[2025-08-28T13:02:50.354+0000][1087812][trace][gc,age      ] GC(128) - age   9:     118072 bytes,    2058088 total
[2025-08-28T13:02:50.354+0000][1087812][trace][gc,age      ] GC(128) - age  10:      85888 bytes,    2143976 total
[2025-08-28T13:02:50.354+0000][1087812][trace][gc,age      ] GC(128) - age  11:      99800 bytes,    2243776 total
[2025-08-28T13:02:50.354+0000][1087812][trace][gc,age      ] GC(128) - age  12:     104568 bytes,    2348344 total
[2025-08-28T13:02:50.354+0000][1087812][trace][gc,age      ] GC(128) - age  13:     100864 bytes,    2449208 total
[2025-08-28T13:02:50.354+0000][1087812][trace][gc,age      ] GC(128) - age  14:     101880 bytes,    2551088 total
[2025-08-28T13:02:50.354+0000][1087812][trace][gc,age      ] GC(128) - age  15:      76264 bytes,    2627352 total
[2025-08-28T13:02:50.354+0000][1087812][info ][gc,heap     ] GC(128) Eden regions: 75->0(75)
[2025-08-28T13:02:50.354+0000][1087812][info ][gc,heap     ] GC(128) Survivor regions: 1->1(10)
[2025-08-28T13:02:50.354+0000][1087812][info ][gc,heap     ] GC(128) Old regions: 25->25
[2025-08-28T13:02:50.354+0000][1087812][info ][gc,heap     ] GC(128) Humongous regions: 0->0
[2025-08-28T13:02:50.354+0000][1087812][info ][gc,metaspace] GC(128) Metaspace: 144027K(148032K)->144027K(148032K) NonClass: 124533K(126592K)->124533K(126592K) Class: 19493K(21440K)->19493K(21440K)
[2025-08-28T13:02:50.354+0000][1087812][info ][gc          ] GC(128) Pause Young (Normal) (G1 Evacuation Pause) 401M->102M(512M) 2.145ms
[2025-08-28T13:02:50.354+0000][1087812][info ][gc,cpu      ] GC(128) User=0.01s Sys=0.00s Real=0.00s
[2025-08-28T13:02:50.354+0000][1087812][info ][safepoint   ] Safepoint "G1CollectForAllocation", Time since last: 1972275507 ns, Reaching safepoint: 32760 ns, Cleanup: 5778 ns, At safepoint: 2276982 ns, Total: 2315520 ns
[2025-08-28T13:02:52.315+0000][1087812][info ][gc,start    ] GC(129) Pause Young (Normal) (G1 Evacuation Pause)
[2025-08-28T13:02:52.315+0000][1087812][info ][gc,task     ] GC(129) Using 12 workers of 33 for evacuation
[2025-08-28T13:02:52.315+0000][1087812][debug][gc,age      ] GC(129) Desired survivor size 20971520 bytes, new threshold 15 (max threshold 15)
[2025-08-28T13:02:52.317+0000][1087812][info ][gc,phases   ] GC(129)   Pre Evacuate Collection Set: 0.2ms
[2025-08-28T13:02:52.317+0000][1087812][info ][gc,phases   ] GC(129)   Merge Heap Roots: 0.1ms
[2025-08-28T13:02:52.317+0000][1087812][info ][gc,phases   ] GC(129)   Evacuate Collection Set: 1.0ms
[2025-08-28T13:02:52.317+0000][1087812][info ][gc,phases   ] GC(129)   Post Evacuate Collection Set: 0.4ms
[2025-08-28T13:02:52.317+0000][1087812][info ][gc,phases   ] GC(129)   Other: 0.1ms
[2025-08-28T13:02:52.317+0000][1087812][trace][gc,age      ] GC(129) Age table with threshold 15 (max threshold 15)
[2025-08-28T13:02:52.317+0000][1087812][trace][gc,age      ] GC(129) - age   1:     928928 bytes,     928928 total
[2025-08-28T13:02:52.317+0000][1087812][trace][gc,age      ] GC(129) - age   2:        712 bytes,     929640 total
[2025-08-28T13:02:52.317+0000][1087812][trace][gc,age      ] GC(129) - age   3:        432 bytes,     930072 total
[2025-08-28T13:02:52.317+0000][1087812][trace][gc,age      ] GC(129) - age   4:        160 bytes,     930232 total
[2025-08-28T13:02:52.317+0000][1087812][trace][gc,age      ] GC(129) - age   6:       2056 bytes,     932288 total
[2025-08-28T13:02:52.317+0000][1087812][trace][gc,age      ] GC(129) - age   7:        384 bytes,     932672 total
[2025-08-28T13:02:52.317+0000][1087812][trace][gc,age      ] GC(129) - age   8:     102488 bytes,    1035160 total
[2025-08-28T13:02:52.317+0000][1087812][trace][gc,age      ] GC(129) - age   9:      71824 bytes,    1106984 total
[2025-08-28T13:02:52.317+0000][1087812][trace][gc,age      ] GC(129) - age  10:     118072 bytes,    1225056 total
[2025-08-28T13:02:52.317+0000][1087812][trace][gc,age      ] GC(129) - age  11:      85888 bytes,    1310944 total
[2025-08-28T13:02:52.317+0000][1087812][trace][gc,age      ] GC(129) - age  12:      99800 bytes,    1410744 total
[2025-08-28T13:02:52.317+0000][1087812][trace][gc,age      ] GC(129) - age  13:     104568 bytes,    1515312 total
[2025-08-28T13:02:52.317+0000][1087812][trace][gc,age      ] GC(129) - age  14:     100864 bytes,    1616176 total
[2025-08-28T13:02:52.317+0000][1087812][trace][gc,age      ] GC(129) - age  15:     101880 bytes,    1718056 total
[2025-08-28T13:02:52.317+0000][1087812][info ][gc,heap     ] GC(129) Eden regions: 75->0(75)
[2025-08-28T13:02:52.317+0000][1087812][info ][gc,heap     ] GC(129) Survivor regions: 1->1(10)
[2025-08-28T13:02:52.317+0000][1087812][info ][gc,heap     ] GC(129) Old regions: 25->25
[2025-08-28T13:02:52.317+0000][1087812][info ][gc,heap     ] GC(129) Humongous regions: 0->0
[2025-08-28T13:02:52.317+0000][1087812][info ][gc,metaspace] GC(129) Metaspace: 144027K(148032K)->144027K(148032K) NonClass: 124533K(126592K)->124533K(126592K) Class: 19493K(21440K)->19493K(21440K)
[2025-08-28T13:02:52.317+0000][1087812][info ][gc          ] GC(129) Pause Young (Normal) (G1 Evacuation Pause) 402M->101M(512M) 1.861ms
[2025-08-28T13:02:52.317+0000][1087812][info ][gc,cpu      ] GC(129) User=0.01s Sys=0.00s Real=0.00s
[2025-08-28T13:02:52.317+0000][1087812][info ][safepoint   ] Safepoint "G1CollectForAllocation", Time since last: 1960813573 ns, Reaching safepoint: 26890 ns, Cleanup: 33811 ns, At safepoint: 1997903 ns, Total: 2058604 ns
[2025-08-28T13:02:53.317+0000][1087812][info ][safepoint   ] Safepoint "Cleanup", Time since last: 1000079203 ns, Reaching safepoint: 51708 ns, Cleanup: 23926 ns, At safepoint: 6560 ns, Total: 82194 ns
[2025-08-28T13:02:54.289+0000][1087812][info ][gc,start    ] GC(130) Pause Young (Normal) (G1 Evacuation Pause)
[2025-08-28T13:02:54.289+0000][1087812][info ][gc,task     ] GC(130) Using 12 workers of 33 for evacuation
[2025-08-28T13:02:54.289+0000][1087812][debug][gc,age      ] GC(130) Desired survivor size 20971520 bytes, new threshold 15 (max threshold 15)
[2025-08-28T13:02:54.291+0000][1087812][info ][gc,phases   ] GC(130)   Pre Evacuate Collection Set: 0.2ms
[2025-08-28T13:02:54.291+0000][1087812][info ][gc,phases   ] GC(130)   Merge Heap Roots: 0.1ms
[2025-08-28T13:02:54.291+0000][1087812][info ][gc,phases   ] GC(130)   Evacuate Collection Set: 1.1ms
[2025-08-28T13:02:54.291+0000][1087812][info ][gc,phases   ] GC(130)   Post Evacuate Collection Set: 0.4ms
[2025-08-28T13:02:54.291+0000][1087812][info ][gc,phases   ] GC(130)   Other: 0.1ms
[2025-08-28T13:02:54.291+0000][1087812][trace][gc,age      ] GC(130) Age table with threshold 15 (max threshold 15)
[2025-08-28T13:02:54.291+0000][1087812][trace][gc,age      ] GC(130) - age   1:    1293392 bytes,    1293392 total
[2025-08-28T13:02:54.291+0000][1087812][trace][gc,age      ] GC(130) - age   2:       8600 bytes,    1301992 total
[2025-08-28T13:02:54.291+0000][1087812][trace][gc,age      ] GC(130) - age   3:        536 bytes,    1302528 total
[2025-08-28T13:02:54.291+0000][1087812][trace][gc,age      ] GC(130) - age   4:        432 bytes,    1302960 total
[2025-08-28T13:02:54.291+0000][1087812][trace][gc,age      ] GC(130) - age   5:        160 bytes,    1303120 total
[2025-08-28T13:02:54.291+0000][1087812][trace][gc,age      ] GC(130) - age   7:       2056 bytes,    1305176 total
[2025-08-28T13:02:54.291+0000][1087812][trace][gc,age      ] GC(130) - age   8:        384 bytes,    1305560 total
[2025-08-28T13:02:54.291+0000][1087812][trace][gc,age      ] GC(130) - age   9:     102424 bytes,    1407984 total
[2025-08-28T13:02:54.291+0000][1087812][trace][gc,age      ] GC(130) - age  10:      71712 bytes,    1479696 total
[2025-08-28T13:02:54.291+0000][1087812][trace][gc,age      ] GC(130) - age  11:     118072 bytes,    1597768 total
[2025-08-28T13:02:54.291+0000][1087812][trace][gc,age      ] GC(130) - age  12:      85728 bytes,    1683496 total
[2025-08-28T13:02:54.291+0000][1087812][trace][gc,age      ] GC(130) - age  13:      99800 bytes,    1783296 total
[2025-08-28T13:02:54.291+0000][1087812][trace][gc,age      ] GC(130) - age  14:     104568 bytes,    1887864 total
[2025-08-28T13:02:54.291+0000][1087812][trace][gc,age      ] GC(130) - age  15:     100864 bytes,    1988728 total
[2025-08-28T13:02:54.291+0000][1087812][info ][gc,heap     ] GC(130) Eden regions: 75->0(75)
[2025-08-28T13:02:54.291+0000][1087812][info ][gc,heap     ] GC(130) Survivor regions: 1->1(10)
[2025-08-28T13:02:54.291+0000][1087812][info ][gc,heap     ] GC(130) Old regions: 25->25
[2025-08-28T13:02:54.291+0000][1087812][info ][gc,heap     ] GC(130) Humongous regions: 0->0
[2025-08-28T13:02:54.291+0000][1087812][info ][gc,metaspace] GC(130) Metaspace: 144027K(148032K)->144027K(148032K) NonClass: 124534K(126592K)->124534K(126592K) Class: 19493K(21440K)->19493K(21440K)
[2025-08-28T13:02:54.291+0000][1087812][info ][gc          ] GC(130) Pause Young (Normal) (G1 Evacuation Pause) 401M->101M(512M) 1.954ms
[2025-08-28T13:02:54.291+0000][1087812][info ][gc,cpu      ] GC(130) User=0.01s Sys=0.00s Real=0.01s
[2025-08-28T13:02:54.291+0000][1087812][info ][safepoint   ] Safepoint "G1CollectForAllocation", Time since last: 971743453 ns, Reaching safepoint: 218118 ns, Cleanup: 5728 ns, At safepoint: 2083541 ns, Total: 2307387 ns
[2025-08-28T13:02:56.252+0000][1087812][info ][gc,start    ] GC(131) Pause Young (Normal) (G1 Evacuation Pause)
[2025-08-28T13:02:56.252+0000][1087812][info ][gc,task     ] GC(131) Using 12 workers of 33 for evacuation
[2025-08-28T13:02:56.252+0000][1087812][debug][gc,age      ] GC(131) Desired survivor size 20971520 bytes, new threshold 15 (max threshold 15)
[2025-08-28T13:02:56.254+0000][1087812][info ][gc,phases   ] GC(131)   Pre Evacuate Collection Set: 0.2ms
[2025-08-28T13:02:56.254+0000][1087812][info ][gc,phases   ] GC(131)   Merge Heap Roots: 0.1ms
[2025-08-28T13:02:56.254+0000][1087812][info ][gc,phases   ] GC(131)   Evacuate Collection Set: 1.0ms
[2025-08-28T13:02:56.254+0000][1087812][info ][gc,phases   ] GC(131)   Post Evacuate Collection Set: 0.4ms
[2025-08-28T13:02:56.254+0000][1087812][info ][gc,phases   ] GC(131)   Other: 0.1ms
[2025-08-28T13:02:56.254+0000][1087812][trace][gc,age      ] GC(131) Age table with threshold 15 (max threshold 15)
[2025-08-28T13:02:56.254+0000][1087812][trace][gc,age      ] GC(131) - age   1:     622552 bytes,     622552 total
[2025-08-28T13:02:56.254+0000][1087812][trace][gc,age      ] GC(131) - age   2:       2024 bytes,     624576 total
[2025-08-28T13:02:56.254+0000][1087812][trace][gc,age      ] GC(131) - age   3:       8600 bytes,     633176 total
[2025-08-28T13:02:56.254+0000][1087812][trace][gc,age      ] GC(131) - age   5:        432 bytes,     633608 total
[2025-08-28T13:02:56.254+0000][1087812][trace][gc,age      ] GC(131) - age   6:        160 bytes,     633768 total
[2025-08-28T13:02:56.254+0000][1087812][trace][gc,age      ] GC(131) - age   8:       2056 bytes,     635824 total
[2025-08-28T13:02:56.254+0000][1087812][trace][gc,age      ] GC(131) - age   9:        384 bytes,     636208 total
[2025-08-28T13:02:56.254+0000][1087812][trace][gc,age      ] GC(131) - age  10:     102424 bytes,     738632 total
[2025-08-28T13:02:56.254+0000][1087812][trace][gc,age      ] GC(131) - age  11:      71712 bytes,     810344 total
[2025-08-28T13:02:56.254+0000][1087812][trace][gc,age      ] GC(131) - age  12:     118072 bytes,     928416 total
[2025-08-28T13:02:56.254+0000][1087812][trace][gc,age      ] GC(131) - age  13:      85728 bytes,    1014144 total
[2025-08-28T13:02:56.254+0000][1087812][trace][gc,age      ] GC(131) - age  14:      99800 bytes,    1113944 total
[2025-08-28T13:02:56.254+0000][1087812][trace][gc,age      ] GC(131) - age  15:     104568 bytes,    1218512 total
[2025-08-28T13:02:56.254+0000][1087812][info ][gc,heap     ] GC(131) Eden regions: 75->0(75)
[2025-08-28T13:02:56.254+0000][1087812][info ][gc,heap     ] GC(131) Survivor regions: 1->1(10)
[2025-08-28T13:02:56.254+0000][1087812][info ][gc,heap     ] GC(131) Old regions: 25->25
[2025-08-28T13:02:56.254+0000][1087812][info ][gc,heap     ] GC(131) Humongous regions: 0->0
[2025-08-28T13:02:56.254+0000][1087812][info ][gc,metaspace] GC(131) Metaspace: 144027K(148032K)->144027K(148032K) NonClass: 124534K(126592K)->124534K(126592K) Class: 19493K(21440K)->19493K(21440K)
[2025-08-28T13:02:56.254+0000][1087812][info ][gc          ] GC(131) Pause Young (Normal) (G1 Evacuation Pause) 401M->101M(512M) 1.930ms
[2025-08-28T13:02:56.254+0000][1087812][info ][gc,cpu      ] GC(131) User=0.01s Sys=0.00s Real=0.00s
[2025-08-28T13:02:56.254+0000][1087812][info ][safepoint   ] Safepoint "G1CollectForAllocation", Time since last: 1961086994 ns, Reaching safepoint: 25729 ns, Cleanup: 5418 ns, At safepoint: 2061167 ns, Total: 2092314 ns
[2025-08-28T13:02:58.228+0000][1087812][info ][gc,start    ] GC(132) Pause Young (Normal) (G1 Evacuation Pause)
[2025-08-28T13:02:58.228+0000][1087812][info ][gc,task     ] GC(132) Using 12 workers of 33 for evacuation
[2025-08-28T13:02:58.228+0000][1087812][debug][gc,age      ] GC(132) Desired survivor size 20971520 bytes, new threshold 15 (max threshold 15)
[2025-08-28T13:02:58.229+0000][1087812][info ][gc,phases   ] GC(132)   Pre Evacuate Collection Set: 0.2ms
[2025-08-28T13:02:58.229+0000][1087812][info ][gc,phases   ] GC(132)   Merge Heap Roots: 0.1ms
[2025-08-28T13:02:58.229+0000][1087812][info ][gc,phases   ] GC(132)   Evacuate Collection Set: 0.8ms
[2025-08-28T13:02:58.229+0000][1087812][info ][gc,phases   ] GC(132)   Post Evacuate Collection Set: 0.3ms
[2025-08-28T13:02:58.229+0000][1087812][info ][gc,phases   ] GC(132)   Other: 0.1ms
[2025-08-28T13:02:58.229+0000][1087812][trace][gc,age      ] GC(132) Age table with threshold 15 (max threshold 15)
[2025-08-28T13:02:58.229+0000][1087812][trace][gc,age      ] GC(132) - age   1:    1093280 bytes,    1093280 total
[2025-08-28T13:02:58.229+0000][1087812][trace][gc,age      ] GC(132) - age   2:        536 bytes,    1093816 total
[2025-08-28T13:02:58.229+0000][1087812][trace][gc,age      ] GC(132) - age   3:       2024 bytes,    1095840 total
[2025-08-28T13:02:58.229+0000][1087812][trace][gc,age      ] GC(132) - age   4:       8600 bytes,    1104440 total
[2025-08-28T13:02:58.229+0000][1087812][trace][gc,age      ] GC(132) - age   6:        432 bytes,    1104872 total
[2025-08-28T13:02:58.229+0000][1087812][trace][gc,age      ] GC(132) - age   7:        160 bytes,    1105032 total
[2025-08-28T13:02:58.229+0000][1087812][trace][gc,age      ] GC(132) - age   9:       2056 bytes,    1107088 total
[2025-08-28T13:02:58.229+0000][1087812][trace][gc,age      ] GC(132) - age  10:        384 bytes,    1107472 total
[2025-08-28T13:02:58.229+0000][1087812][trace][gc,age      ] GC(132) - age  11:     102424 bytes,    1209896 total
[2025-08-28T13:02:58.229+0000][1087812][trace][gc,age      ] GC(132) - age  12:      71488 bytes,    1281384 total
[2025-08-28T13:02:58.229+0000][1087812][trace][gc,age      ] GC(132) - age  13:     118072 bytes,    1399456 total
[2025-08-28T13:02:58.229+0000][1087812][trace][gc,age      ] GC(132) - age  14:      85728 bytes,    1485184 total
[2025-08-28T13:02:58.229+0000][1087812][trace][gc,age      ] GC(132) - age  15:      99800 bytes,    1584984 total
[2025-08-28T13:02:58.229+0000][1087812][info ][gc,heap     ] GC(132) Eden regions: 75->0(75)
[2025-08-28T13:02:58.229+0000][1087812][info ][gc,heap     ] GC(132) Survivor regions: 1->1(10)
[2025-08-28T13:02:58.229+0000][1087812][info ][gc,heap     ] GC(132) Old regions: 25->26
[2025-08-28T13:02:58.229+0000][1087812][info ][gc,heap     ] GC(132) Humongous regions: 0->0
[2025-08-28T13:02:58.229+0000][1087812][info ][gc,metaspace] GC(132) Metaspace: 144027K(148032K)->144027K(148032K) NonClass: 124534K(126592K)->124534K(126592K) Class: 19493K(21440K)->19493K(21440K)
[2025-08-28T13:02:58.229+0000][1087812][info ][gc          ] GC(132) Pause Young (Normal) (G1 Evacuation Pause) 401M->101M(512M) 1.630ms
[2025-08-28T13:02:58.229+0000][1087812][info ][gc,cpu      ] GC(132) User=0.01s Sys=0.00s Real=0.00s
[2025-08-28T13:02:58.229+0000][1087812][info ][safepoint   ] Safepoint "G1CollectForAllocation", Time since last: 1973368850 ns, Reaching safepoint: 51969 ns, Cleanup: 5618 ns, At safepoint: 1767496 ns, Total: 1825083 ns
[2025-08-28T13:03:00.199+0000][1087812][info ][gc,start    ] GC(133) Pause Young (Concurrent Start) (G1 Evacuation Pause)
[2025-08-28T13:03:00.200+0000][1087812][info ][gc,task     ] GC(133) Using 12 workers of 33 for evacuation
[2025-08-28T13:03:00.200+0000][1087812][debug][gc,age      ] GC(133) Desired survivor size 20971520 bytes, new threshold 15 (max threshold 15)
[2025-08-28T13:03:00.202+0000][1087812][info ][gc,phases   ] GC(133)   Pre Evacuate Collection Set: 0.3ms
[2025-08-28T13:03:00.202+0000][1087812][info ][gc,phases   ] GC(133)   Merge Heap Roots: 0.1ms
[2025-08-28T13:03:00.202+0000][1087812][info ][gc,phases   ] GC(133)   Evacuate Collection Set: 1.9ms
[2025-08-28T13:03:00.202+0000][1087812][info ][gc,phases   ] GC(133)   Post Evacuate Collection Set: 0.4ms
[2025-08-28T13:03:00.202+0000][1087812][info ][gc,phases   ] GC(133)   Other: 0.1ms
[2025-08-28T13:03:00.202+0000][1087812][trace][gc,age      ] GC(133) Age table with threshold 15 (max threshold 15)
[2025-08-28T13:03:00.202+0000][1087812][trace][gc,age      ] GC(133) - age   1:    1050048 bytes,    1050048 total
[2025-08-28T13:03:00.202+0000][1087812][trace][gc,age      ] GC(133) - age   2:        224 bytes,    1050272 total
[2025-08-28T13:03:00.202+0000][1087812][trace][gc,age      ] GC(133) - age   4:       1848 bytes,    1052120 total
[2025-08-28T13:03:00.202+0000][1087812][trace][gc,age      ] GC(133) - age   5:       8600 bytes,    1060720 total
[2025-08-28T13:03:00.202+0000][1087812][trace][gc,age      ] GC(133) - age   7:        432 bytes,    1061152 total
[2025-08-28T13:03:00.202+0000][1087812][trace][gc,age      ] GC(133) - age   8:        160 bytes,    1061312 total
[2025-08-28T13:03:00.202+0000][1087812][trace][gc,age      ] GC(133) - age  10:       2056 bytes,    1063368 total
[2025-08-28T13:03:00.202+0000][1087812][trace][gc,age      ] GC(133) - age  11:        384 bytes,    1063752 total
[2025-08-28T13:03:00.202+0000][1087812][trace][gc,age      ] GC(133) - age  12:     102424 bytes,    1166176 total
[2025-08-28T13:03:00.202+0000][1087812][trace][gc,age      ] GC(133) - age  13:      71488 bytes,    1237664 total
[2025-08-28T13:03:00.202+0000][1087812][trace][gc,age      ] GC(133) - age  14:     118072 bytes,    1355736 total
[2025-08-28T13:03:00.202+0000][1087812][trace][gc,age      ] GC(133) - age  15:      85728 bytes,    1441464 total
[2025-08-28T13:03:00.202+0000][1087812][info ][gc,heap     ] GC(133) Eden regions: 75->0(75)
[2025-08-28T13:03:00.202+0000][1087812][info ][gc,heap     ] GC(133) Survivor regions: 1->1(10)
[2025-08-28T13:03:00.202+0000][1087812][info ][gc,heap     ] GC(133) Old regions: 26->26
[2025-08-28T13:03:00.202+0000][1087812][info ][gc,heap     ] GC(133) Humongous regions: 0->0
[2025-08-28T13:03:00.202+0000][1087812][info ][gc,metaspace] GC(133) Metaspace: 144027K(148032K)->144027K(148032K) NonClass: 124534K(126592K)->124534K(126592K) Class: 19493K(21440K)->19493K(21440K)
[2025-08-28T13:03:00.202+0000][1087812][info ][gc          ] GC(133) Pause Young (Concurrent Start) (G1 Evacuation Pause) 401M->101M(512M) 2.850ms
[2025-08-28T13:03:00.202+0000][1087812][info ][gc,cpu      ] GC(133) User=0.01s Sys=0.01s Real=0.01s
[2025-08-28T13:03:00.202+0000][1087812][info ][gc          ] GC(134) Concurrent Mark Cycle
[2025-08-28T13:03:00.202+0000][1087812][info ][safepoint   ] Safepoint "G1CollectForAllocation", Time since last: 1969994159 ns, Reaching safepoint: 25679 ns, Cleanup: 5668 ns, At safepoint: 2994961 ns, Total: 3026308 ns
[2025-08-28T13:03:00.202+0000][1087812][info ][gc,marking  ] GC(134) Concurrent Scan Root Regions
[2025-08-28T13:03:00.204+0000][1087812][info ][gc,marking  ] GC(134) Concurrent Scan Root Regions 1.489ms
[2025-08-28T13:03:00.204+0000][1087812][info ][gc,marking  ] GC(134) Concurrent Mark
[2025-08-28T13:03:00.204+0000][1087812][info ][gc,marking  ] GC(134) Concurrent Mark From Roots
[2025-08-28T13:03:00.204+0000][1087812][info ][gc,task     ] GC(134) Using 8 workers of 8 for marking
[2025-08-28T13:03:00.218+0000][1087812][info ][gc,marking  ] GC(134) Concurrent Mark From Roots 13.661ms
[2025-08-28T13:03:00.218+0000][1087812][info ][gc,marking  ] GC(134) Concurrent Preclean
[2025-08-28T13:03:00.218+0000][1087812][info ][gc,marking  ] GC(134) Concurrent Preclean 0.223ms
[2025-08-28T13:03:00.218+0000][1087812][info ][gc,start    ] GC(134) Pause Remark
[2025-08-28T13:03:00.221+0000][1087812][info ][gc          ] GC(134) Pause Remark 105M->105M(512M) 3.065ms
[2025-08-28T13:03:00.221+0000][1087812][info ][gc,cpu      ] GC(134) User=0.02s Sys=0.00s Real=0.01s
[2025-08-28T13:03:00.221+0000][1087812][info ][safepoint   ] Safepoint "G1PauseRemark", Time since last: 15486091 ns, Reaching safepoint: 19199 ns, Cleanup: 1262 ns, At safepoint: 3122933 ns, Total: 3143394 ns
[2025-08-28T13:03:00.221+0000][1087812][info ][gc,marking  ] GC(134) Concurrent Mark 17.122ms
[2025-08-28T13:03:00.221+0000][1087812][info ][gc,marking  ] GC(134) Concurrent Rebuild Remembered Sets and Scrub Regions
[2025-08-28T13:03:00.236+0000][1087812][info ][gc,marking  ] GC(134) Concurrent Rebuild Remembered Sets and Scrub Regions 14.886ms
[2025-08-28T13:03:00.236+0000][1087812][info ][gc,start    ] GC(134) Pause Cleanup
[2025-08-28T13:03:00.236+0000][1087812][info ][gc          ] GC(134) Pause Cleanup 108M->108M(512M) 0.109ms
[2025-08-28T13:03:00.236+0000][1087812][info ][gc,cpu      ] GC(134) User=0.00s Sys=0.00s Real=0.00s
[2025-08-28T13:03:00.236+0000][1087812][info ][safepoint   ] Safepoint "G1PauseCleanup", Time since last: 14977678 ns, Reaching safepoint: 17496 ns, Cleanup: 7151 ns, At safepoint: 158548 ns, Total: 183195 ns
[2025-08-28T13:03:00.236+0000][1087812][info ][gc,marking  ] GC(134) Concurrent Clear Claimed Marks
[2025-08-28T13:03:00.237+0000][1087812][info ][gc,marking  ] GC(134) Concurrent Clear Claimed Marks 0.490ms
[2025-08-28T13:03:00.237+0000][1087812][info ][gc,marking  ] GC(134) Concurrent Cleanup for Next Mark
[2025-08-28T13:03:00.237+0000][1087812][info ][gc,marking  ] GC(134) Concurrent Cleanup for Next Mark 0.207ms
[2025-08-28T13:03:00.237+0000][1087812][info ][gc          ] GC(134) Concurrent Mark Cycle 34.544ms
[2025-08-28T13:03:02.188+0000][1087812][info ][gc,start    ] GC(135) Pause Young (Prepare Mixed) (G1 Evacuation Pause)
[2025-08-28T13:03:02.189+0000][1087812][info ][gc,task     ] GC(135) Using 12 workers of 33 for evacuation
[2025-08-28T13:03:02.189+0000][1087812][debug][gc,age      ] GC(135) Desired survivor size 20971520 bytes, new threshold 15 (max threshold 15)
[2025-08-28T13:03:02.190+0000][1087812][info ][gc,phases   ] GC(135)   Pre Evacuate Collection Set: 0.2ms
[2025-08-28T13:03:02.190+0000][1087812][info ][gc,phases   ] GC(135)   Merge Heap Roots: 0.1ms
[2025-08-28T13:03:02.190+0000][1087812][info ][gc,phases   ] GC(135)   Evacuate Collection Set: 1.2ms
[2025-08-28T13:03:02.190+0000][1087812][info ][gc,phases   ] GC(135)   Post Evacuate Collection Set: 0.3ms
[2025-08-28T13:03:02.190+0000][1087812][info ][gc,phases   ] GC(135)   Other: 0.1ms
[2025-08-28T13:03:02.190+0000][1087812][trace][gc,age      ] GC(135) Age table with threshold 15 (max threshold 15)
[2025-08-28T13:03:02.190+0000][1087812][trace][gc,age      ] GC(135) - age   1:    1730432 bytes,    1730432 total
[2025-08-28T13:03:02.190+0000][1087812][trace][gc,age      ] GC(135) - age   2:      11528 bytes,    1741960 total
[2025-08-28T13:03:02.190+0000][1087812][trace][gc,age      ] GC(135) - age   3:        224 bytes,    1742184 total
[2025-08-28T13:03:02.190+0000][1087812][trace][gc,age      ] GC(135) - age   5:       1848 bytes,    1744032 total
[2025-08-28T13:03:02.190+0000][1087812][trace][gc,age      ] GC(135) - age   6:       1672 bytes,    1745704 total
[2025-08-28T13:03:02.190+0000][1087812][trace][gc,age      ] GC(135) - age   8:        432 bytes,    1746136 total
[2025-08-28T13:03:02.190+0000][1087812][trace][gc,age      ] GC(135) - age   9:        160 bytes,    1746296 total
[2025-08-28T13:03:02.190+0000][1087812][trace][gc,age      ] GC(135) - age  11:       2032 bytes,    1748328 total
[2025-08-28T13:03:02.190+0000][1087812][trace][gc,age      ] GC(135) - age  12:        384 bytes,    1748712 total
[2025-08-28T13:03:02.190+0000][1087812][trace][gc,age      ] GC(135) - age  13:     101384 bytes,    1850096 total
[2025-08-28T13:03:02.190+0000][1087812][trace][gc,age      ] GC(135) - age  14:      69880 bytes,    1919976 total
[2025-08-28T13:03:02.190+0000][1087812][trace][gc,age      ] GC(135) - age  15:     118072 bytes,    2038048 total
[2025-08-28T13:03:02.190+0000][1087812][info ][gc,heap     ] GC(135) Eden regions: 75->0(75)
[2025-08-28T13:03:02.190+0000][1087812][info ][gc,heap     ] GC(135) Survivor regions: 1->1(10)
[2025-08-28T13:03:02.190+0000][1087812][info ][gc,heap     ] GC(135) Old regions: 26->26
[2025-08-28T13:03:02.190+0000][1087812][info ][gc,heap     ] GC(135) Humongous regions: 0->0
[2025-08-28T13:03:02.190+0000][1087812][info ][gc,metaspace] GC(135) Metaspace: 144029K(148032K)->144029K(148032K) NonClass: 124536K(126592K)->124536K(126592K) Class: 19493K(21440K)->19493K(21440K)
[2025-08-28T13:03:02.190+0000][1087812][info ][gc          ] GC(135) Pause Young (Prepare Mixed) (G1 Evacuation Pause) 401M->102M(512M) 2.001ms
[2025-08-28T13:03:02.190+0000][1087812][info ][gc,cpu      ] GC(135) User=0.01s Sys=0.01s Real=0.00s
[2025-08-28T13:03:02.191+0000][1087812][info ][safepoint   ] Safepoint "G1CollectForAllocation", Time since last: 1952177836 ns, Reaching safepoint: 27691 ns, Cleanup: 6169 ns, At safepoint: 2143662 ns, Total: 2177522 ns
[2025-08-28T13:03:04.176+0000][1087812][info ][gc,start    ] GC(136) Pause Young (Mixed) (G1 Evacuation Pause)
[2025-08-28T13:03:04.176+0000][1087812][info ][gc,task     ] GC(136) Using 12 workers of 33 for evacuation
[2025-08-28T13:03:04.176+0000][1087812][debug][gc,age      ] GC(136) Desired survivor size 20971520 bytes, new threshold 15 (max threshold 15)
[2025-08-28T13:03:04.178+0000][1087812][info ][gc,phases   ] GC(136)   Pre Evacuate Collection Set: 0.2ms
[2025-08-28T13:03:04.178+0000][1087812][info ][gc,phases   ] GC(136)   Merge Heap Roots: 0.1ms
[2025-08-28T13:03:04.178+0000][1087812][info ][gc,phases   ] GC(136)   Evacuate Collection Set: 1.4ms
[2025-08-28T13:03:04.178+0000][1087812][info ][gc,phases   ] GC(136)   Post Evacuate Collection Set: 0.4ms
[2025-08-28T13:03:04.178+0000][1087812][info ][gc,phases   ] GC(136)   Other: 0.1ms
[2025-08-28T13:03:04.178+0000][1087812][trace][gc,age      ] GC(136) Age table with threshold 15 (max threshold 15)
[2025-08-28T13:03:04.178+0000][1087812][trace][gc,age      ] GC(136) - age   1:    1341608 bytes,    1341608 total
[2025-08-28T13:03:04.178+0000][1087812][trace][gc,age      ] GC(136) - age   2:       2912 bytes,    1344520 total
[2025-08-28T13:03:04.178+0000][1087812][trace][gc,age      ] GC(136) - age   3:      11528 bytes,    1356048 total
[2025-08-28T13:03:04.178+0000][1087812][trace][gc,age      ] GC(136) - age   4:        224 bytes,    1356272 total
[2025-08-28T13:03:04.178+0000][1087812][trace][gc,age      ] GC(136) - age   6:       1816 bytes,    1358088 total
[2025-08-28T13:03:04.178+0000][1087812][trace][gc,age      ] GC(136) - age   7:       1672 bytes,    1359760 total
[2025-08-28T13:03:04.178+0000][1087812][trace][gc,age      ] GC(136) - age   9:        432 bytes,    1360192 total
[2025-08-28T13:03:04.178+0000][1087812][trace][gc,age      ] GC(136) - age  10:        160 bytes,    1360352 total
[2025-08-28T13:03:04.178+0000][1087812][trace][gc,age      ] GC(136) - age  12:       2032 bytes,    1362384 total
[2025-08-28T13:03:04.178+0000][1087812][trace][gc,age      ] GC(136) - age  13:        384 bytes,    1362768 total
[2025-08-28T13:03:04.178+0000][1087812][trace][gc,age      ] GC(136) - age  14:     101384 bytes,    1464152 total
[2025-08-28T13:03:04.178+0000][1087812][trace][gc,age      ] GC(136) - age  15:      69880 bytes,    1534032 total
[2025-08-28T13:03:04.178+0000][1087812][info ][gc,heap     ] GC(136) Eden regions: 75->0(75)
[2025-08-28T13:03:04.178+0000][1087812][info ][gc,heap     ] GC(136) Survivor regions: 1->1(10)
[2025-08-28T13:03:04.178+0000][1087812][info ][gc,heap     ] GC(136) Old regions: 26->25
[2025-08-28T13:03:04.178+0000][1087812][info ][gc,heap     ] GC(136) Humongous regions: 0->0
[2025-08-28T13:03:04.178+0000][1087812][info ][gc,metaspace] GC(136) Metaspace: 144029K(148032K)->144029K(148032K) NonClass: 124536K(126592K)->124536K(126592K) Class: 19493K(21440K)->19493K(21440K)
[2025-08-28T13:03:04.178+0000][1087812][info ][gc          ] GC(136) Pause Young (Mixed) (G1 Evacuation Pause) 402M->100M(512M) 2.265ms
[2025-08-28T13:03:04.178+0000][1087812][info ][gc,cpu      ] GC(136) User=0.01s Sys=0.00s Real=0.00s
[2025-08-28T13:03:04.178+0000][1087812][info ][safepoint   ] Safepoint "G1CollectForAllocation", Time since last: 1985028291 ns, Reaching safepoint: 132179 ns, Cleanup: 5949 ns, At safepoint: 2403582 ns, Total: 2541710 ns
[2025-08-28T13:03:06.163+0000][1087812][info ][gc,start    ] GC(137) Pause Young (Normal) (G1 Evacuation Pause)
[2025-08-28T13:03:06.163+0000][1087812][info ][gc,task     ] GC(137) Using 12 workers of 33 for evacuation
[2025-08-28T13:03:06.163+0000][1087812][debug][gc,age      ] GC(137) Desired survivor size 20971520 bytes, new threshold 15 (max threshold 15)
[2025-08-28T13:03:06.165+0000][1087812][info ][gc,phases   ] GC(137)   Pre Evacuate Collection Set: 0.2ms
[2025-08-28T13:03:06.165+0000][1087812][info ][gc,phases   ] GC(137)   Merge Heap Roots: 0.1ms
[2025-08-28T13:03:06.165+0000][1087812][info ][gc,phases   ] GC(137)   Evacuate Collection Set: 0.8ms
[2025-08-28T13:03:06.165+0000][1087812][info ][gc,phases   ] GC(137)   Post Evacuate Collection Set: 0.4ms
[2025-08-28T13:03:06.165+0000][1087812][info ][gc,phases   ] GC(137)   Other: 0.1ms
[2025-08-28T13:03:06.165+0000][1087812][trace][gc,age      ] GC(137) Age table with threshold 15 (max threshold 15)
[2025-08-28T13:03:06.165+0000][1087812][trace][gc,age      ] GC(137) - age   1:    1259192 bytes,    1259192 total
[2025-08-28T13:03:06.165+0000][1087812][trace][gc,age      ] GC(137) - age   2:        624 bytes,    1259816 total
[2025-08-28T13:03:06.165+0000][1087812][trace][gc,age      ] GC(137) - age   3:       2912 bytes,    1262728 total
[2025-08-28T13:03:06.165+0000][1087812][trace][gc,age      ] GC(137) - age   4:      10816 bytes,    1273544 total
[2025-08-28T13:03:06.165+0000][1087812][trace][gc,age      ] GC(137) - age   5:        224 bytes,    1273768 total
[2025-08-28T13:03:06.165+0000][1087812][trace][gc,age      ] GC(137) - age   7:       1816 bytes,    1275584 total
[2025-08-28T13:03:06.165+0000][1087812][trace][gc,age      ] GC(137) - age   8:       1672 bytes,    1277256 total
[2025-08-28T13:03:06.165+0000][1087812][trace][gc,age      ] GC(137) - age  10:        432 bytes,    1277688 total
[2025-08-28T13:03:06.165+0000][1087812][trace][gc,age      ] GC(137) - age  11:        160 bytes,    1277848 total
[2025-08-28T13:03:06.165+0000][1087812][trace][gc,age      ] GC(137) - age  13:       2032 bytes,    1279880 total
[2025-08-28T13:03:06.165+0000][1087812][trace][gc,age      ] GC(137) - age  14:        384 bytes,    1280264 total
[2025-08-28T13:03:06.165+0000][1087812][trace][gc,age      ] GC(137) - age  15:     101384 bytes,    1381648 total
[2025-08-28T13:03:06.165+0000][1087812][info ][gc,heap     ] GC(137) Eden regions: 75->0(75)
[2025-08-28T13:03:06.165+0000][1087812][info ][gc,heap     ] GC(137) Survivor regions: 1->1(10)
[2025-08-28T13:03:06.165+0000][1087812][info ][gc,heap     ] GC(137) Old regions: 25->25
[2025-08-28T13:03:06.165+0000][1087812][info ][gc,heap     ] GC(137) Humongous regions: 0->0
[2025-08-28T13:03:06.165+0000][1087812][info ][gc,metaspace] GC(137) Metaspace: 144029K(148032K)->144029K(148032K) NonClass: 124536K(126592K)->124536K(126592K) Class: 19493K(21440K)->19493K(21440K)
[2025-08-28T13:03:06.165+0000][1087812][info ][gc          ] GC(137) Pause Young (Normal) (G1 Evacuation Pause) 400M->100M(512M) 1.712ms
[2025-08-28T13:03:06.165+0000][1087812][info ][gc,cpu      ] GC(137) User=0.01s Sys=0.00s Real=0.00s
[2025-08-28T13:03:06.165+0000][1087812][info ][safepoint   ] Safepoint "G1CollectForAllocation", Time since last: 1984966268 ns, Reaching safepoint: 93370 ns, Cleanup: 4947 ns, At safepoint: 1850351 ns, Total: 1948668 ns
[2025-08-28T13:03:08.151+0000][1087812][info ][gc,start    ] GC(138) Pause Young (Normal) (G1 Evacuation Pause)
[2025-08-28T13:03:08.151+0000][1087812][info ][gc,task     ] GC(138) Using 12 workers of 33 for evacuation
[2025-08-28T13:03:08.151+0000][1087812][debug][gc,age      ] GC(138) Desired survivor size 20971520 bytes, new threshold 15 (max threshold 15)
[2025-08-28T13:03:08.153+0000][1087812][info ][gc,phases   ] GC(138)   Pre Evacuate Collection Set: 0.2ms
[2025-08-28T13:03:08.153+0000][1087812][info ][gc,phases   ] GC(138)   Merge Heap Roots: 0.1ms
[2025-08-28T13:03:08.153+0000][1087812][info ][gc,phases   ] GC(138)   Evacuate Collection Set: 0.8ms
[2025-08-28T13:03:08.153+0000][1087812][info ][gc,phases   ] GC(138)   Post Evacuate Collection Set: 0.4ms
[2025-08-28T13:03:08.153+0000][1087812][info ][gc,phases   ] GC(138)   Other: 0.1ms
[2025-08-28T13:03:08.153+0000][1087812][trace][gc,age      ] GC(138) Age table with threshold 15 (max threshold 15)
[2025-08-28T13:03:08.153+0000][1087812][trace][gc,age      ] GC(138) - age   1:    1093424 bytes,    1093424 total
[2025-08-28T13:03:08.153+0000][1087812][trace][gc,age      ] GC(138) - age   2:        712 bytes,    1094136 total
[2025-08-28T13:03:08.153+0000][1087812][trace][gc,age      ] GC(138) - age   3:        624 bytes,    1094760 total
[2025-08-28T13:03:08.153+0000][1087812][trace][gc,age      ] GC(138) - age   4:       2912 bytes,    1097672 total
[2025-08-28T13:03:08.153+0000][1087812][trace][gc,age      ] GC(138) - age   5:      10816 bytes,    1108488 total
[2025-08-28T13:03:08.153+0000][1087812][trace][gc,age      ] GC(138) - age   6:        224 bytes,    1108712 total
[2025-08-28T13:03:08.153+0000][1087812][trace][gc,age      ] GC(138) - age   8:       1816 bytes,    1110528 total
[2025-08-28T13:03:08.153+0000][1087812][trace][gc,age      ] GC(138) - age   9:       1672 bytes,    1112200 total
[2025-08-28T13:03:08.153+0000][1087812][trace][gc,age      ] GC(138) - age  11:        432 bytes,    1112632 total
[2025-08-28T13:03:08.153+0000][1087812][trace][gc,age      ] GC(138) - age  12:        160 bytes,    1112792 total
[2025-08-28T13:03:08.153+0000][1087812][trace][gc,age      ] GC(138) - age  14:       2032 bytes,    1114824 total
[2025-08-28T13:03:08.153+0000][1087812][trace][gc,age      ] GC(138) - age  15:        384 bytes,    1115208 total
[2025-08-28T13:03:08.153+0000][1087812][info ][gc,heap     ] GC(138) Eden regions: 75->0(75)
[2025-08-28T13:03:08.153+0000][1087812][info ][gc,heap     ] GC(138) Survivor regions: 1->1(10)
[2025-08-28T13:03:08.153+0000][1087812][info ][gc,heap     ] GC(138) Old regions: 25->25
[2025-08-28T13:03:08.153+0000][1087812][info ][gc,heap     ] GC(138) Humongous regions: 0->0
[2025-08-28T13:03:08.153+0000][1087812][info ][gc,metaspace] GC(138) Metaspace: 144030K(148032K)->144030K(148032K) NonClass: 124536K(126592K)->124536K(126592K) Class: 19493K(21440K)->19493K(21440K)
[2025-08-28T13:03:08.153+0000][1087812][info ][gc          ] GC(138) Pause Young (Normal) (G1 Evacuation Pause) 400M->100M(512M) 1.700ms
[2025-08-28T13:03:08.153+0000][1087812][info ][gc,cpu      ] GC(138) User=0.01s Sys=0.01s Real=0.00s
[2025-08-28T13:03:08.153+0000][1087812][info ][safepoint   ] Safepoint "G1CollectForAllocation", Time since last: 1985501202 ns, Reaching safepoint: 339390 ns, Cleanup: 14742 ns, At safepoint: 1837401 ns, Total: 2191533 ns
[2025-08-28T13:03:10.126+0000][1087812][info ][gc,start    ] GC(139) Pause Young (Normal) (G1 Evacuation Pause)
[2025-08-28T13:03:10.127+0000][1087812][info ][gc,task     ] GC(139) Using 12 workers of 33 for evacuation
[2025-08-28T13:03:10.127+0000][1087812][debug][gc,age      ] GC(139) Desired survivor size 20971520 bytes, new threshold 15 (max threshold 15)
[2025-08-28T13:03:10.128+0000][1087812][info ][gc,phases   ] GC(139)   Pre Evacuate Collection Set: 0.2ms
[2025-08-28T13:03:10.128+0000][1087812][info ][gc,phases   ] GC(139)   Merge Heap Roots: 0.1ms
[2025-08-28T13:03:10.128+0000][1087812][info ][gc,phases   ] GC(139)   Evacuate Collection Set: 0.7ms
[2025-08-28T13:03:10.128+0000][1087812][info ][gc,phases   ] GC(139)   Post Evacuate Collection Set: 0.4ms
[2025-08-28T13:03:10.128+0000][1087812][info ][gc,phases   ] GC(139)   Other: 0.1ms
[2025-08-28T13:03:10.128+0000][1087812][trace][gc,age      ] GC(139) Age table with threshold 15 (max threshold 15)
[2025-08-28T13:03:10.128+0000][1087812][trace][gc,age      ] GC(139) - age   1:     738736 bytes,     738736 total
[2025-08-28T13:03:10.128+0000][1087812][trace][gc,age      ] GC(139) - age   4:        624 bytes,     739360 total
[2025-08-28T13:03:10.128+0000][1087812][trace][gc,age      ] GC(139) - age   5:       2912 bytes,     742272 total
[2025-08-28T13:03:10.128+0000][1087812][trace][gc,age      ] GC(139) - age   6:      10816 bytes,     753088 total
[2025-08-28T13:03:10.128+0000][1087812][trace][gc,age      ] GC(139) - age   7:        224 bytes,     753312 total
[2025-08-28T13:03:10.128+0000][1087812][trace][gc,age      ] GC(139) - age   9:       1816 bytes,     755128 total
[2025-08-28T13:03:10.128+0000][1087812][trace][gc,age      ] GC(139) - age  10:       1672 bytes,     756800 total
[2025-08-28T13:03:10.128+0000][1087812][trace][gc,age      ] GC(139) - age  12:        432 bytes,     757232 total
[2025-08-28T13:03:10.128+0000][1087812][trace][gc,age      ] GC(139) - age  13:        160 bytes,     757392 total
[2025-08-28T13:03:10.128+0000][1087812][trace][gc,age      ] GC(139) - age  15:       2032 bytes,     759424 total
[2025-08-28T13:03:10.128+0000][1087812][info ][gc,heap     ] GC(139) Eden regions: 75->0(75)
[2025-08-28T13:03:10.128+0000][1087812][info ][gc,heap     ] GC(139) Survivor regions: 1->1(10)
[2025-08-28T13:03:10.128+0000][1087812][info ][gc,heap     ] GC(139) Old regions: 25->25
[2025-08-28T13:03:10.128+0000][1087812][info ][gc,heap     ] GC(139) Humongous regions: 0->0
[2025-08-28T13:03:10.128+0000][1087812][info ][gc,metaspace] GC(139) Metaspace: 144033K(148032K)->144033K(148032K) NonClass: 124539K(126592K)->124539K(126592K) Class: 19493K(21440K)->19493K(21440K)
[2025-08-28T13:03:10.128+0000][1087812][info ][gc          ] GC(139) Pause Young (Normal) (G1 Evacuation Pause) 400M->99M(512M) 1.617ms
[2025-08-28T13:03:10.128+0000][1087812][info ][gc,cpu      ] GC(139) User=0.01s Sys=0.00s Real=0.00s
[2025-08-28T13:03:10.128+0000][1087812][info ][safepoint   ] Safepoint "G1CollectForAllocation", Time since last: 1973673338 ns, Reaching safepoint: 26450 ns, Cleanup: 5528 ns, At safepoint: 1746785 ns, Total: 1778763 ns
[2025-08-28T13:03:12.114+0000][1087812][info ][gc,start    ] GC(140) Pause Young (Normal) (G1 Evacuation Pause)
[2025-08-28T13:03:12.114+0000][1087812][info ][gc,task     ] GC(140) Using 12 workers of 33 for evacuation
[2025-08-28T13:03:12.114+0000][1087812][debug][gc,age      ] GC(140) Desired survivor size 20971520 bytes, new threshold 15 (max threshold 15)
[2025-08-28T13:03:12.116+0000][1087812][info ][gc,phases   ] GC(140)   Pre Evacuate Collection Set: 0.2ms
[2025-08-28T13:03:12.116+0000][1087812][info ][gc,phases   ] GC(140)   Merge Heap Roots: 0.1ms
[2025-08-28T13:03:12.116+0000][1087812][info ][gc,phases   ] GC(140)   Evacuate Collection Set: 1.1ms
[2025-08-28T13:03:12.116+0000][1087812][info ][gc,phases   ] GC(140)   Post Evacuate Collection Set: 0.4ms
[2025-08-28T13:03:12.116+0000][1087812][info ][gc,phases   ] GC(140)   Other: 0.1ms
[2025-08-28T13:03:12.116+0000][1087812][trace][gc,age      ] GC(140) Age table with threshold 15 (max threshold 15)
[2025-08-28T13:03:12.116+0000][1087812][trace][gc,age      ] GC(140) - age   1:     870984 bytes,     870984 total
[2025-08-28T13:03:12.116+0000][1087812][trace][gc,age      ] GC(140) - age   2:        888 bytes,     871872 total
[2025-08-28T13:03:12.116+0000][1087812][trace][gc,age      ] GC(140) - age   5:        624 bytes,     872496 total
[2025-08-28T13:03:12.116+0000][1087812][trace][gc,age      ] GC(140) - age   6:       2672 bytes,     875168 total
[2025-08-28T13:03:12.116+0000][1087812][trace][gc,age      ] GC(140) - age   7:      10816 bytes,     885984 total
[2025-08-28T13:03:12.116+0000][1087812][trace][gc,age      ] GC(140) - age   8:        224 bytes,     886208 total
[2025-08-28T13:03:12.116+0000][1087812][trace][gc,age      ] GC(140) - age  10:       1816 bytes,     888024 total
[2025-08-28T13:03:12.116+0000][1087812][trace][gc,age      ] GC(140) - age  11:       1672 bytes,     889696 total
[2025-08-28T13:03:12.116+0000][1087812][trace][gc,age      ] GC(140) - age  13:        432 bytes,     890128 total
[2025-08-28T13:03:12.116+0000][1087812][trace][gc,age      ] GC(140) - age  14:        160 bytes,     890288 total
[2025-08-28T13:03:12.116+0000][1087812][info ][gc,heap     ] GC(140) Eden regions: 75->0(75)
[2025-08-28T13:03:12.116+0000][1087812][info ][gc,heap     ] GC(140) Survivor regions: 1->1(10)
[2025-08-28T13:03:12.116+0000][1087812][info ][gc,heap     ] GC(140) Old regions: 25->25
[2025-08-28T13:03:12.116+0000][1087812][info ][gc,heap     ] GC(140) Humongous regions: 0->0
[2025-08-28T13:03:12.116+0000][1087812][info ][gc,metaspace] GC(140) Metaspace: 144033K(148032K)->144033K(148032K) NonClass: 124540K(126592K)->124540K(126592K) Class: 19493K(21440K)->19493K(21440K)
[2025-08-28T13:03:12.116+0000][1087812][info ][gc          ] GC(140) Pause Young (Normal) (G1 Evacuation Pause) 399M->100M(512M) 1.927ms
[2025-08-28T13:03:12.116+0000][1087812][info ][gc,cpu      ] GC(140) User=0.00s Sys=0.00s Real=0.00s
[2025-08-28T13:03:12.116+0000][1087812][info ][safepoint   ] Safepoint "G1CollectForAllocation", Time since last: 1985748599 ns, Reaching safepoint: 26610 ns, Cleanup: 15994 ns, At safepoint: 2064592 ns, Total: 2107196 ns
[2025-08-28T13:03:14.113+0000][1087812][info ][gc,start    ] GC(141) Pause Young (Normal) (G1 Evacuation Pause)
[2025-08-28T13:03:14.113+0000][1087812][info ][gc,task     ] GC(141) Using 12 workers of 33 for evacuation
[2025-08-28T13:03:14.113+0000][1087812][debug][gc,age      ] GC(141) Desired survivor size 20971520 bytes, new threshold 15 (max threshold 15)
[2025-08-28T13:03:14.115+0000][1087812][info ][gc,phases   ] GC(141)   Pre Evacuate Collection Set: 0.2ms
[2025-08-28T13:03:14.115+0000][1087812][info ][gc,phases   ] GC(141)   Merge Heap Roots: 0.1ms
[2025-08-28T13:03:14.115+0000][1087812][info ][gc,phases   ] GC(141)   Evacuate Collection Set: 0.8ms
[2025-08-28T13:03:14.115+0000][1087812][info ][gc,phases   ] GC(141)   Post Evacuate Collection Set: 0.4ms
[2025-08-28T13:03:14.115+0000][1087812][info ][gc,phases   ] GC(141)   Other: 0.1ms
[2025-08-28T13:03:14.115+0000][1087812][trace][gc,age      ] GC(141) Age table with threshold 15 (max threshold 15)
[2025-08-28T13:03:14.115+0000][1087812][trace][gc,age      ] GC(141) - age   1:    1093424 bytes,    1093424 total
[2025-08-28T13:03:14.115+0000][1087812][trace][gc,age      ] GC(141) - age   2:        240 bytes,    1093664 total
[2025-08-28T13:03:14.115+0000][1087812][trace][gc,age      ] GC(141) - age   3:        888 bytes,    1094552 total
[2025-08-28T13:03:14.115+0000][1087812][trace][gc,age      ] GC(141) - age   6:        624 bytes,    1095176 total
[2025-08-28T13:03:14.115+0000][1087812][trace][gc,age      ] GC(141) - age   7:       2672 bytes,    1097848 total
[2025-08-28T13:03:14.115+0000][1087812][trace][gc,age      ] GC(141) - age   8:      10816 bytes,    1108664 total
[2025-08-28T13:03:14.115+0000][1087812][trace][gc,age      ] GC(141) - age   9:        224 bytes,    1108888 total
[2025-08-28T13:03:14.115+0000][1087812][trace][gc,age      ] GC(141) - age  11:       1816 bytes,    1110704 total
[2025-08-28T13:03:14.115+0000][1087812][trace][gc,age      ] GC(141) - age  12:       1672 bytes,    1112376 total
[2025-08-28T13:03:14.115+0000][1087812][trace][gc,age      ] GC(141) - age  14:        432 bytes,    1112808 total
[2025-08-28T13:03:14.115+0000][1087812][trace][gc,age      ] GC(141) - age  15:        160 bytes,    1112968 total
[2025-08-28T13:03:14.115+0000][1087812][info ][gc,heap     ] GC(141) Eden regions: 75->0(75)
[2025-08-28T13:03:14.115+0000][1087812][info ][gc,heap     ] GC(141) Survivor regions: 1->1(10)
[2025-08-28T13:03:14.115+0000][1087812][info ][gc,heap     ] GC(141) Old regions: 25->25
[2025-08-28T13:03:14.115+0000][1087812][info ][gc,heap     ] GC(141) Humongous regions: 0->0
[2025-08-28T13:03:14.115+0000][1087812][info ][gc,metaspace] GC(141) Metaspace: 144033K(148032K)->144033K(148032K) NonClass: 124540K(126592K)->124540K(126592K) Class: 19493K(21440K)->19493K(21440K)
[2025-08-28T13:03:14.115+0000][1087812][info ][gc          ] GC(141) Pause Young (Normal) (G1 Evacuation Pause) 400M->100M(512M) 1.612ms
[2025-08-28T13:03:14.115+0000][1087812][info ][gc,cpu      ] GC(141) User=0.01s Sys=0.00s Real=0.00s
[2025-08-28T13:03:14.115+0000][1087812][info ][safepoint   ] Safepoint "G1CollectForAllocation", Time since last: 1997002200 ns, Reaching safepoint: 190366 ns, Cleanup: 6330 ns, At safepoint: 1748477 ns, Total: 1945173 ns
[2025-08-28T13:03:16.114+0000][1087812][info ][gc,start    ] GC(142) Pause Young (Normal) (G1 Evacuation Pause)
[2025-08-28T13:03:16.114+0000][1087812][info ][gc,task     ] GC(142) Using 12 workers of 33 for evacuation
[2025-08-28T13:03:16.114+0000][1087812][debug][gc,age      ] GC(142) Desired survivor size 20971520 bytes, new threshold 15 (max threshold 15)
[2025-08-28T13:03:16.115+0000][1087812][info ][gc,phases   ] GC(142)   Pre Evacuate Collection Set: 0.2ms
[2025-08-28T13:03:16.115+0000][1087812][info ][gc,phases   ] GC(142)   Merge Heap Roots: 0.1ms
[2025-08-28T13:03:16.115+0000][1087812][info ][gc,phases   ] GC(142)   Evacuate Collection Set: 0.7ms
[2025-08-28T13:03:16.115+0000][1087812][info ][gc,phases   ] GC(142)   Post Evacuate Collection Set: 0.4ms
[2025-08-28T13:03:16.115+0000][1087812][info ][gc,phases   ] GC(142)   Other: 0.1ms
[2025-08-28T13:03:16.115+0000][1087812][trace][gc,age      ] GC(142) Age table with threshold 15 (max threshold 15)
[2025-08-28T13:03:16.115+0000][1087812][trace][gc,age      ] GC(142) - age   1:    1076688 bytes,    1076688 total
[2025-08-28T13:03:16.115+0000][1087812][trace][gc,age      ] GC(142) - age   3:        240 bytes,    1076928 total
[2025-08-28T13:03:16.115+0000][1087812][trace][gc,age      ] GC(142) - age   4:        176 bytes,    1077104 total
[2025-08-28T13:03:16.115+0000][1087812][trace][gc,age      ] GC(142) - age   7:        624 bytes,    1077728 total
[2025-08-28T13:03:16.115+0000][1087812][trace][gc,age      ] GC(142) - age   8:       2672 bytes,    1080400 total
[2025-08-28T13:03:16.115+0000][1087812][trace][gc,age      ] GC(142) - age   9:      10624 bytes,    1091024 total
[2025-08-28T13:03:16.115+0000][1087812][trace][gc,age      ] GC(142) - age  10:        224 bytes,    1091248 total
[2025-08-28T13:03:16.115+0000][1087812][trace][gc,age      ] GC(142) - age  12:       1816 bytes,    1093064 total
[2025-08-28T13:03:16.115+0000][1087812][trace][gc,age      ] GC(142) - age  13:       1672 bytes,    1094736 total
[2025-08-28T13:03:16.115+0000][1087812][trace][gc,age      ] GC(142) - age  15:        432 bytes,    1095168 total
[2025-08-28T13:03:16.115+0000][1087812][info ][gc,heap     ] GC(142) Eden regions: 75->0(75)
[2025-08-28T13:03:16.115+0000][1087812][info ][gc,heap     ] GC(142) Survivor regions: 1->1(10)
[2025-08-28T13:03:16.115+0000][1087812][info ][gc,heap     ] GC(142) Old regions: 25->25
[2025-08-28T13:03:16.115+0000][1087812][info ][gc,heap     ] GC(142) Humongous regions: 0->0
[2025-08-28T13:03:16.115+0000][1087812][info ][gc,metaspace] GC(142) Metaspace: 144034K(148032K)->144034K(148032K) NonClass: 124540K(126592K)->124540K(126592K) Class: 19493K(21440K)->19493K(21440K)
[2025-08-28T13:03:16.115+0000][1087812][info ][gc          ] GC(142) Pause Young (Normal) (G1 Evacuation Pause) 400M->100M(512M) 1.646ms
[2025-08-28T13:03:16.115+0000][1087812][info ][gc,cpu      ] GC(142) User=0.00s Sys=0.01s Real=0.00s
[2025-08-28T13:03:16.115+0000][1087812][info ][safepoint   ] Safepoint "G1CollectForAllocation", Time since last: 1998430686 ns, Reaching safepoint: 29164 ns, Cleanup: 6360 ns, At safepoint: 1782228 ns, Total: 1817752 ns
[2025-08-28T13:03:18.088+0000][1087812][info ][gc,start    ] GC(143) Pause Young (Normal) (G1 Evacuation Pause)
[2025-08-28T13:03:18.088+0000][1087812][info ][gc,task     ] GC(143) Using 12 workers of 33 for evacuation
[2025-08-28T13:03:18.088+0000][1087812][debug][gc,age      ] GC(143) Desired survivor size 20971520 bytes, new threshold 15 (max threshold 15)
[2025-08-28T13:03:18.090+0000][1087812][info ][gc,phases   ] GC(143)   Pre Evacuate Collection Set: 0.2ms
[2025-08-28T13:03:18.090+0000][1087812][info ][gc,phases   ] GC(143)   Merge Heap Roots: 0.1ms
[2025-08-28T13:03:18.090+0000][1087812][info ][gc,phases   ] GC(143)   Evacuate Collection Set: 1.1ms
[2025-08-28T13:03:18.090+0000][1087812][info ][gc,phases   ] GC(143)   Post Evacuate Collection Set: 0.4ms
[2025-08-28T13:03:18.090+0000][1087812][info ][gc,phases   ] GC(143)   Other: 0.1ms
[2025-08-28T13:03:18.090+0000][1087812][trace][gc,age      ] GC(143) Age table with threshold 15 (max threshold 15)
[2025-08-28T13:03:18.090+0000][1087812][trace][gc,age      ] GC(143) - age   1:    1143232 bytes,    1143232 total
[2025-08-28T13:03:18.090+0000][1087812][trace][gc,age      ] GC(143) - age   2:        712 bytes,    1143944 total
[2025-08-28T13:03:18.090+0000][1087812][trace][gc,age      ] GC(143) - age   4:        240 bytes,    1144184 total
[2025-08-28T13:03:18.090+0000][1087812][trace][gc,age      ] GC(143) - age   5:        176 bytes,    1144360 total
[2025-08-28T13:03:18.090+0000][1087812][trace][gc,age      ] GC(143) - age   8:        624 bytes,    1144984 total
[2025-08-28T13:03:18.090+0000][1087812][trace][gc,age      ] GC(143) - age   9:       2672 bytes,    1147656 total
[2025-08-28T13:03:18.090+0000][1087812][trace][gc,age      ] GC(143) - age  10:      10624 bytes,    1158280 total
[2025-08-28T13:03:18.090+0000][1087812][trace][gc,age      ] GC(143) - age  13:       1816 bytes,    1160096 total
[2025-08-28T13:03:18.090+0000][1087812][trace][gc,age      ] GC(143) - age  14:       1672 bytes,    1161768 total
[2025-08-28T13:03:18.090+0000][1087812][info ][gc,heap     ] GC(143) Eden regions: 75->0(75)
[2025-08-28T13:03:18.090+0000][1087812][info ][gc,heap     ] GC(143) Survivor regions: 1->1(10)
[2025-08-28T13:03:18.090+0000][1087812][info ][gc,heap     ] GC(143) Old regions: 25->25
[2025-08-28T13:03:18.090+0000][1087812][info ][gc,heap     ] GC(143) Humongous regions: 0->0
[2025-08-28T13:03:18.090+0000][1087812][info ][gc,metaspace] GC(143) Metaspace: 144034K(148032K)->144034K(148032K) NonClass: 124540K(126592K)->124540K(126592K) Class: 19493K(21440K)->19493K(21440K)
[2025-08-28T13:03:18.090+0000][1087812][info ][gc          ] GC(143) Pause Young (Normal) (G1 Evacuation Pause) 400M->100M(512M) 1.971ms
[2025-08-28T13:03:18.090+0000][1087812][info ][gc,cpu      ] GC(143) User=0.00s Sys=0.01s Real=0.00s
[2025-08-28T13:03:18.090+0000][1087812][info ][safepoint   ] Safepoint "G1CollectForAllocation", Time since last: 1972830586 ns, Reaching safepoint: 95994 ns, Cleanup: 6470 ns, At safepoint: 2116761 ns, Total: 2219225 ns
[2025-08-28T13:03:20.038+0000][1087812][info ][gc,start    ] GC(144) Pause Young (Normal) (G1 Evacuation Pause)
[2025-08-28T13:03:20.038+0000][1087812][info ][gc,task     ] GC(144) Using 12 workers of 33 for evacuation
[2025-08-28T13:03:20.038+0000][1087812][debug][gc,age      ] GC(144) Desired survivor size 20971520 bytes, new threshold 15 (max threshold 15)
[2025-08-28T13:03:20.040+0000][1087812][info ][gc,phases   ] GC(144)   Pre Evacuate Collection Set: 0.2ms
[2025-08-28T13:03:20.040+0000][1087812][info ][gc,phases   ] GC(144)   Merge Heap Roots: 0.1ms
[2025-08-28T13:03:20.040+0000][1087812][info ][gc,phases   ] GC(144)   Evacuate Collection Set: 0.8ms
[2025-08-28T13:03:20.040+0000][1087812][info ][gc,phases   ] GC(144)   Post Evacuate Collection Set: 0.4ms
[2025-08-28T13:03:20.040+0000][1087812][info ][gc,phases   ] GC(144)   Other: 0.1ms
[2025-08-28T13:03:20.040+0000][1087812][trace][gc,age      ] GC(144) Age table with threshold 15 (max threshold 15)
[2025-08-28T13:03:20.040+0000][1087812][trace][gc,age      ] GC(144) - age   1:    1094224 bytes,    1094224 total
[2025-08-28T13:03:20.040+0000][1087812][trace][gc,age      ] GC(144) - age   2:        224 bytes,    1094448 total
[2025-08-28T13:03:20.040+0000][1087812][trace][gc,age      ] GC(144) - age   5:        240 bytes,    1094688 total
[2025-08-28T13:03:20.040+0000][1087812][trace][gc,age      ] GC(144) - age   6:        176 bytes,    1094864 total
[2025-08-28T13:03:20.040+0000][1087812][trace][gc,age      ] GC(144) - age   9:        624 bytes,    1095488 total
[2025-08-28T13:03:20.040+0000][1087812][trace][gc,age      ] GC(144) - age  10:       2672 bytes,    1098160 total
[2025-08-28T13:03:20.040+0000][1087812][trace][gc,age      ] GC(144) - age  11:      10624 bytes,    1108784 total
[2025-08-28T13:03:20.040+0000][1087812][trace][gc,age      ] GC(144) - age  14:       1816 bytes,    1110600 total
[2025-08-28T13:03:20.040+0000][1087812][trace][gc,age      ] GC(144) - age  15:       1672 bytes,    1112272 total
[2025-08-28T13:03:20.040+0000][1087812][info ][gc,heap     ] GC(144) Eden regions: 75->0(75)
[2025-08-28T13:03:20.040+0000][1087812][info ][gc,heap     ] GC(144) Survivor regions: 1->1(10)
[2025-08-28T13:03:20.040+0000][1087812][info ][gc,heap     ] GC(144) Old regions: 25->25
[2025-08-28T13:03:20.040+0000][1087812][info ][gc,heap     ] GC(144) Humongous regions: 0->0
[2025-08-28T13:03:20.040+0000][1087812][info ][gc,metaspace] GC(144) Metaspace: 144034K(148032K)->144034K(148032K) NonClass: 124540K(126592K)->124540K(126592K) Class: 19493K(21440K)->19493K(21440K)
[2025-08-28T13:03:20.040+0000][1087812][info ][gc          ] GC(144) Pause Young (Normal) (G1 Evacuation Pause) 400M->100M(512M) 1.768ms
[2025-08-28T13:03:20.040+0000][1087812][info ][gc,cpu      ] GC(144) User=0.00s Sys=0.00s Real=0.00s
[2025-08-28T13:03:20.040+0000][1087812][info ][safepoint   ] Safepoint "G1CollectForAllocation", Time since last: 1947779812 ns, Reaching safepoint: 68052 ns, Cleanup: 25128 ns, At safepoint: 1918072 ns, Total: 2011252 ns
[2025-08-28T13:03:21.988+0000][1087812][info ][gc,start    ] GC(145) Pause Young (Normal) (G1 Evacuation Pause)
[2025-08-28T13:03:21.988+0000][1087812][info ][gc,task     ] GC(145) Using 12 workers of 33 for evacuation
[2025-08-28T13:03:21.988+0000][1087812][debug][gc,age      ] GC(145) Desired survivor size 20971520 bytes, new threshold 15 (max threshold 15)
[2025-08-28T13:03:21.990+0000][1087812][info ][gc,phases   ] GC(145)   Pre Evacuate Collection Set: 0.2ms
[2025-08-28T13:03:21.990+0000][1087812][info ][gc,phases   ] GC(145)   Merge Heap Roots: 0.1ms
[2025-08-28T13:03:21.990+0000][1087812][info ][gc,phases   ] GC(145)   Evacuate Collection Set: 0.8ms
[2025-08-28T13:03:21.990+0000][1087812][info ][gc,phases   ] GC(145)   Post Evacuate Collection Set: 0.4ms
[2025-08-28T13:03:21.990+0000][1087812][info ][gc,phases   ] GC(145)   Other: 0.1ms
[2025-08-28T13:03:21.990+0000][1087812][trace][gc,age      ] GC(145) Age table with threshold 15 (max threshold 15)
[2025-08-28T13:03:21.990+0000][1087812][trace][gc,age      ] GC(145) - age   1:    1209992 bytes,    1209992 total
[2025-08-28T13:03:21.990+0000][1087812][trace][gc,age      ] GC(145) - age   2:        712 bytes,    1210704 total
[2025-08-28T13:03:21.990+0000][1087812][trace][gc,age      ] GC(145) - age   3:        224 bytes,    1210928 total
[2025-08-28T13:03:21.990+0000][1087812][trace][gc,age      ] GC(145) - age   7:        176 bytes,    1211104 total
[2025-08-28T13:03:21.990+0000][1087812][trace][gc,age      ] GC(145) - age  10:        624 bytes,    1211728 total
[2025-08-28T13:03:21.990+0000][1087812][trace][gc,age      ] GC(145) - age  11:       2672 bytes,    1214400 total
[2025-08-28T13:03:21.990+0000][1087812][trace][gc,age      ] GC(145) - age  12:      10624 bytes,    1225024 total
[2025-08-28T13:03:21.990+0000][1087812][trace][gc,age      ] GC(145) - age  15:       1752 bytes,    1226776 total
[2025-08-28T13:03:21.990+0000][1087812][info ][gc,heap     ] GC(145) Eden regions: 75->0(75)
[2025-08-28T13:03:21.990+0000][1087812][info ][gc,heap     ] GC(145) Survivor regions: 1->1(10)
[2025-08-28T13:03:21.990+0000][1087812][info ][gc,heap     ] GC(145) Old regions: 25->25
[2025-08-28T13:03:21.990+0000][1087812][info ][gc,heap     ] GC(145) Humongous regions: 0->0
[2025-08-28T13:03:21.990+0000][1087812][info ][gc,metaspace] GC(145) Metaspace: 144034K(148032K)->144034K(148032K) NonClass: 124540K(126592K)->124540K(126592K) Class: 19493K(21440K)->19493K(21440K)
[2025-08-28T13:03:21.990+0000][1087812][info ][gc          ] GC(145) Pause Young (Normal) (G1 Evacuation Pause) 400M->100M(512M) 1.700ms
[2025-08-28T13:03:21.990+0000][1087812][info ][gc,cpu      ] GC(145) User=0.01s Sys=0.00s Real=0.00s
[2025-08-28T13:03:21.990+0000][1087812][info ][safepoint   ] Safepoint "G1CollectForAllocation", Time since last: 1947983117 ns, Reaching safepoint: 98268 ns, Cleanup: 25358 ns, At safepoint: 1847546 ns, Total: 1971172 ns
[2025-08-28T13:03:23.926+0000][1087812][info ][gc,start    ] GC(146) Pause Young (Normal) (G1 Evacuation Pause)
[2025-08-28T13:03:23.926+0000][1087812][info ][gc,task     ] GC(146) Using 12 workers of 33 for evacuation
[2025-08-28T13:03:23.926+0000][1087812][debug][gc,age      ] GC(146) Desired survivor size 20971520 bytes, new threshold 15 (max threshold 15)
[2025-08-28T13:03:23.928+0000][1087812][info ][gc,phases   ] GC(146)   Pre Evacuate Collection Set: 0.2ms
[2025-08-28T13:03:23.928+0000][1087812][info ][gc,phases   ] GC(146)   Merge Heap Roots: 0.1ms
[2025-08-28T13:03:23.928+0000][1087812][info ][gc,phases   ] GC(146)   Evacuate Collection Set: 0.8ms
[2025-08-28T13:03:23.928+0000][1087812][info ][gc,phases   ] GC(146)   Post Evacuate Collection Set: 0.4ms
[2025-08-28T13:03:23.928+0000][1087812][info ][gc,phases   ] GC(146)   Other: 0.1ms
[2025-08-28T13:03:23.928+0000][1087812][trace][gc,age      ] GC(146) Age table with threshold 15 (max threshold 15)
[2025-08-28T13:03:23.928+0000][1087812][trace][gc,age      ] GC(146) - age   1:     576536 bytes,     576536 total
[2025-08-28T13:03:23.928+0000][1087812][trace][gc,age      ] GC(146) - age   2:        936 bytes,     577472 total
[2025-08-28T13:03:23.928+0000][1087812][trace][gc,age      ] GC(146) - age   3:        712 bytes,     578184 total
[2025-08-28T13:03:23.928+0000][1087812][trace][gc,age      ] GC(146) - age   4:        224 bytes,     578408 total
[2025-08-28T13:03:23.928+0000][1087812][trace][gc,age      ] GC(146) - age   8:        176 bytes,     578584 total
[2025-08-28T13:03:23.928+0000][1087812][trace][gc,age      ] GC(146) - age  11:        592 bytes,     579176 total
[2025-08-28T13:03:23.928+0000][1087812][trace][gc,age      ] GC(146) - age  12:       2672 bytes,     581848 total
[2025-08-28T13:03:23.928+0000][1087812][trace][gc,age      ] GC(146) - age  13:      10624 bytes,     592472 total
[2025-08-28T13:03:23.928+0000][1087812][info ][gc,heap     ] GC(146) Eden regions: 75->0(75)
[2025-08-28T13:03:23.928+0000][1087812][info ][gc,heap     ] GC(146) Survivor regions: 1->1(10)
[2025-08-28T13:03:23.928+0000][1087812][info ][gc,heap     ] GC(146) Old regions: 25->25
[2025-08-28T13:03:23.928+0000][1087812][info ][gc,heap     ] GC(146) Humongous regions: 0->0
[2025-08-28T13:03:23.928+0000][1087812][info ][gc,metaspace] GC(146) Metaspace: 144035K(148032K)->144035K(148032K) NonClass: 124541K(126592K)->124541K(126592K) Class: 19493K(21440K)->19493K(21440K)
[2025-08-28T13:03:23.928+0000][1087812][info ][gc          ] GC(146) Pause Young (Normal) (G1 Evacuation Pause) 400M->99M(512M) 1.657ms
[2025-08-28T13:03:23.928+0000][1087812][info ][gc,cpu      ] GC(146) User=0.00s Sys=0.00s Real=0.00s
[2025-08-28T13:03:23.928+0000][1087812][info ][safepoint   ] Safepoint "G1CollectForAllocation", Time since last: 1935974091 ns, Reaching safepoint: 63606 ns, Cleanup: 7141 ns, At safepoint: 1803229 ns, Total: 1873976 ns
[2025-08-28T13:03:24.928+0000][1087812][info ][safepoint   ] Safepoint "Cleanup", Time since last: 1000096728 ns, Reaching safepoint: 30716 ns, Cleanup: 24888 ns, At safepoint: 3845 ns, Total: 59449 ns
[2025-08-28T13:03:25.889+0000][1087812][info ][gc,start    ] GC(147) Pause Young (Normal) (G1 Evacuation Pause)
[2025-08-28T13:03:25.889+0000][1087812][info ][gc,task     ] GC(147) Using 12 workers of 33 for evacuation
[2025-08-28T13:03:25.889+0000][1087812][debug][gc,age      ] GC(147) Desired survivor size 20971520 bytes, new threshold 15 (max threshold 15)
[2025-08-28T13:03:25.893+0000][1087812][info ][gc,phases   ] GC(147)   Pre Evacuate Collection Set: 0.3ms
[2025-08-28T13:03:25.893+0000][1087812][info ][gc,phases   ] GC(147)   Merge Heap Roots: 0.1ms
[2025-08-28T13:03:25.893+0000][1087812][info ][gc,phases   ] GC(147)   Evacuate Collection Set: 3.1ms
[2025-08-28T13:03:25.893+0000][1087812][info ][gc,phases   ] GC(147)   Post Evacuate Collection Set: 0.4ms
[2025-08-28T13:03:25.893+0000][1087812][info ][gc,phases   ] GC(147)   Other: 0.1ms
[2025-08-28T13:03:25.893+0000][1087812][trace][gc,age      ] GC(147) Age table with threshold 15 (max threshold 15)
[2025-08-28T13:03:25.893+0000][1087812][trace][gc,age      ] GC(147) - age   1:     660224 bytes,     660224 total
[2025-08-28T13:03:25.893+0000][1087812][trace][gc,age      ] GC(147) - age   2:       1752 bytes,     661976 total
[2025-08-28T13:03:25.893+0000][1087812][trace][gc,age      ] GC(147) - age   3:        936 bytes,     662912 total
[2025-08-28T13:03:25.893+0000][1087812][trace][gc,age      ] GC(147) - age   5:        224 bytes,     663136 total
[2025-08-28T13:03:25.893+0000][1087812][trace][gc,age      ] GC(147) - age   9:        176 bytes,     663312 total
[2025-08-28T13:03:25.893+0000][1087812][trace][gc,age      ] GC(147) - age  12:        592 bytes,     663904 total
[2025-08-28T13:03:25.893+0000][1087812][trace][gc,age      ] GC(147) - age  13:       2672 bytes,     666576 total
[2025-08-28T13:03:25.893+0000][1087812][trace][gc,age      ] GC(147) - age  14:      10624 bytes,     677200 total
[2025-08-28T13:03:25.893+0000][1087812][info ][gc,heap     ] GC(147) Eden regions: 75->0(75)
[2025-08-28T13:03:25.893+0000][1087812][info ][gc,heap     ] GC(147) Survivor regions: 1->1(10)
[2025-08-28T13:03:25.893+0000][1087812][info ][gc,heap     ] GC(147) Old regions: 25->25
[2025-08-28T13:03:25.893+0000][1087812][info ][gc,heap     ] GC(147) Humongous regions: 0->0
[2025-08-28T13:03:25.893+0000][1087812][info ][gc,metaspace] GC(147) Metaspace: 144036K(148032K)->144036K(148032K) NonClass: 124542K(126592K)->124542K(126592K) Class: 19493K(21440K)->19493K(21440K)
[2025-08-28T13:03:25.893+0000][1087812][info ][gc          ] GC(147) Pause Young (Normal) (G1 Evacuation Pause) 399M->99M(512M) 4.055ms
[2025-08-28T13:03:25.893+0000][1087812][info ][gc,cpu      ] GC(147) User=0.01s Sys=0.00s Real=0.01s
[2025-08-28T13:03:25.893+0000][1087812][info ][safepoint   ] Safepoint "G1CollectForAllocation", Time since last: 960560876 ns, Reaching safepoint: 478389 ns, Cleanup: 8302 ns, At safepoint: 4201374 ns, Total: 4688065 ns
[2025-08-28T13:03:27.830+0000][1087812][info ][gc,start    ] GC(148) Pause Young (Normal) (G1 Evacuation Pause)
[2025-08-28T13:03:27.830+0000][1087812][info ][gc,task     ] GC(148) Using 12 workers of 33 for evacuation
[2025-08-28T13:03:27.830+0000][1087812][debug][gc,age      ] GC(148) Desired survivor size 20971520 bytes, new threshold 15 (max threshold 15)
[2025-08-28T13:03:27.831+0000][1087812][info ][gc,phases   ] GC(148)   Pre Evacuate Collection Set: 0.2ms
[2025-08-28T13:03:27.831+0000][1087812][info ][gc,phases   ] GC(148)   Merge Heap Roots: 0.1ms
[2025-08-28T13:03:27.831+0000][1087812][info ][gc,phases   ] GC(148)   Evacuate Collection Set: 0.9ms
[2025-08-28T13:03:27.831+0000][1087812][info ][gc,phases   ] GC(148)   Post Evacuate Collection Set: 0.5ms
[2025-08-28T13:03:27.831+0000][1087812][info ][gc,phases   ] GC(148)   Other: 0.1ms
[2025-08-28T13:03:27.831+0000][1087812][trace][gc,age      ] GC(148) Age table with threshold 15 (max threshold 15)
[2025-08-28T13:03:27.831+0000][1087812][trace][gc,age      ] GC(148) - age   1:    1015088 bytes,    1015088 total
[2025-08-28T13:03:27.831+0000][1087812][trace][gc,age      ] GC(148) - age   2:        792 bytes,    1015880 total
[2025-08-28T13:03:27.831+0000][1087812][trace][gc,age      ] GC(148) - age   3:       1752 bytes,    1017632 total
[2025-08-28T13:03:27.831+0000][1087812][trace][gc,age      ] GC(148) - age   4:        936 bytes,    1018568 total
[2025-08-28T13:03:27.831+0000][1087812][trace][gc,age      ] GC(148) - age   6:        224 bytes,    1018792 total
[2025-08-28T13:03:27.831+0000][1087812][trace][gc,age      ] GC(148) - age  10:        176 bytes,    1018968 total
[2025-08-28T13:03:27.831+0000][1087812][trace][gc,age      ] GC(148) - age  13:        592 bytes,    1019560 total
[2025-08-28T13:03:27.831+0000][1087812][trace][gc,age      ] GC(148) - age  14:       2672 bytes,    1022232 total
[2025-08-28T13:03:27.831+0000][1087812][trace][gc,age      ] GC(148) - age  15:        536 bytes,    1022768 total
[2025-08-28T13:03:27.831+0000][1087812][info ][gc,heap     ] GC(148) Eden regions: 75->0(75)
[2025-08-28T13:03:27.831+0000][1087812][info ][gc,heap     ] GC(148) Survivor regions: 1->1(10)
[2025-08-28T13:03:27.831+0000][1087812][info ][gc,heap     ] GC(148) Old regions: 25->25
[2025-08-28T13:03:27.831+0000][1087812][info ][gc,heap     ] GC(148) Humongous regions: 0->0
[2025-08-28T13:03:27.831+0000][1087812][info ][gc,metaspace] GC(148) Metaspace: 144036K(148032K)->144036K(148032K) NonClass: 124542K(126592K)->124542K(126592K) Class: 19493K(21440K)->19493K(21440K)
[2025-08-28T13:03:27.831+0000][1087812][info ][gc          ] GC(148) Pause Young (Normal) (G1 Evacuation Pause) 399M->100M(512M) 1.883ms
[2025-08-28T13:03:27.832+0000][1087812][info ][gc,cpu      ] GC(148) User=0.01s Sys=0.01s Real=0.01s
[2025-08-28T13:03:27.832+0000][1087812][info ][safepoint   ] Safepoint "G1CollectForAllocation", Time since last: 1936162453 ns, Reaching safepoint: 27351 ns, Cleanup: 7511 ns, At safepoint: 2114358 ns, Total: 2149220 ns
[2025-08-28T13:03:29.817+0000][1087812][info ][gc,start    ] GC(149) Pause Young (Normal) (G1 Evacuation Pause)
[2025-08-28T13:03:29.817+0000][1087812][info ][gc,task     ] GC(149) Using 12 workers of 33 for evacuation
[2025-08-28T13:03:29.817+0000][1087812][debug][gc,age      ] GC(149) Desired survivor size 20971520 bytes, new threshold 15 (max threshold 15)
[2025-08-28T13:03:29.819+0000][1087812][info ][gc,phases   ] GC(149)   Pre Evacuate Collection Set: 0.3ms
[2025-08-28T13:03:29.819+0000][1087812][info ][gc,phases   ] GC(149)   Merge Heap Roots: 0.1ms
[2025-08-28T13:03:29.819+0000][1087812][info ][gc,phases   ] GC(149)   Evacuate Collection Set: 1.5ms
[2025-08-28T13:03:29.819+0000][1087812][info ][gc,phases   ] GC(149)   Post Evacuate Collection Set: 0.5ms
[2025-08-28T13:03:29.819+0000][1087812][info ][gc,phases   ] GC(149)   Other: 0.1ms
[2025-08-28T13:03:29.819+0000][1087812][trace][gc,age      ] GC(149) Age table with threshold 15 (max threshold 15)
[2025-08-28T13:03:29.819+0000][1087812][trace][gc,age      ] GC(149) - age   1:     887552 bytes,     887552 total
[2025-08-28T13:03:29.819+0000][1087812][trace][gc,age      ] GC(149) - age   2:      10880 bytes,     898432 total
[2025-08-28T13:03:29.819+0000][1087812][trace][gc,age      ] GC(149) - age   3:        616 bytes,     899048 total
[2025-08-28T13:03:29.819+0000][1087812][trace][gc,age      ] GC(149) - age   4:       1752 bytes,     900800 total
[2025-08-28T13:03:29.819+0000][1087812][trace][gc,age      ] GC(149) - age   5:        936 bytes,     901736 total
[2025-08-28T13:03:29.819+0000][1087812][trace][gc,age      ] GC(149) - age   7:        224 bytes,     901960 total
[2025-08-28T13:03:29.819+0000][1087812][trace][gc,age      ] GC(149) - age  11:        176 bytes,     902136 total
[2025-08-28T13:03:29.819+0000][1087812][trace][gc,age      ] GC(149) - age  14:        592 bytes,     902728 total
[2025-08-28T13:03:29.819+0000][1087812][trace][gc,age      ] GC(149) - age  15:       2672 bytes,     905400 total
[2025-08-28T13:03:29.819+0000][1087812][info ][gc,heap     ] GC(149) Eden regions: 75->0(75)
[2025-08-28T13:03:29.819+0000][1087812][info ][gc,heap     ] GC(149) Survivor regions: 1->1(10)
[2025-08-28T13:03:29.819+0000][1087812][info ][gc,heap     ] GC(149) Old regions: 25->25
[2025-08-28T13:03:29.819+0000][1087812][info ][gc,heap     ] GC(149) Humongous regions: 0->0
[2025-08-28T13:03:29.819+0000][1087812][info ][gc,metaspace] GC(149) Metaspace: 144037K(148032K)->144037K(148032K) NonClass: 124543K(126592K)->124543K(126592K) Class: 19493K(21440K)->19493K(21440K)
[2025-08-28T13:03:29.819+0000][1087812][info ][gc          ] GC(149) Pause Young (Normal) (G1 Evacuation Pause) 400M->100M(512M) 2.557ms
[2025-08-28T13:03:29.819+0000][1087812][info ][gc,cpu      ] GC(149) User=0.02s Sys=0.01s Real=0.00s
[2025-08-28T13:03:29.819+0000][1087812][info ][safepoint   ] Safepoint "G1CollectForAllocation", Time since last: 1985172442 ns, Reaching safepoint: 51538 ns, Cleanup: 7591 ns, At safepoint: 2702522 ns, Total: 2761651 ns
[2025-08-28T13:03:31.804+0000][1087812][info ][gc,start    ] GC(150) Pause Young (Normal) (G1 Evacuation Pause)
[2025-08-28T13:03:31.804+0000][1087812][info ][gc,task     ] GC(150) Using 12 workers of 33 for evacuation
[2025-08-28T13:03:31.804+0000][1087812][debug][gc,age      ] GC(150) Desired survivor size 20971520 bytes, new threshold 15 (max threshold 15)
[2025-08-28T13:03:31.806+0000][1087812][info ][gc,phases   ] GC(150)   Pre Evacuate Collection Set: 0.2ms
[2025-08-28T13:03:31.806+0000][1087812][info ][gc,phases   ] GC(150)   Merge Heap Roots: 0.1ms
[2025-08-28T13:03:31.806+0000][1087812][info ][gc,phases   ] GC(150)   Evacuate Collection Set: 0.9ms
[2025-08-28T13:03:31.806+0000][1087812][info ][gc,phases   ] GC(150)   Post Evacuate Collection Set: 0.4ms
[2025-08-28T13:03:31.806+0000][1087812][info ][gc,phases   ] GC(150)   Other: 0.1ms
[2025-08-28T13:03:31.806+0000][1087812][trace][gc,age      ] GC(150) Age table with threshold 15 (max threshold 15)
[2025-08-28T13:03:31.806+0000][1087812][trace][gc,age      ] GC(150) - age   1:     622856 bytes,     622856 total
[2025-08-28T13:03:31.806+0000][1087812][trace][gc,age      ] GC(150) - age   2:        176 bytes,     623032 total
[2025-08-28T13:03:31.806+0000][1087812][trace][gc,age      ] GC(150) - age   3:      10880 bytes,     633912 total
[2025-08-28T13:03:31.806+0000][1087812][trace][gc,age      ] GC(150) - age   4:         80 bytes,     633992 total
[2025-08-28T13:03:31.806+0000][1087812][trace][gc,age      ] GC(150) - age   5:       1752 bytes,     635744 total
[2025-08-28T13:03:31.806+0000][1087812][trace][gc,age      ] GC(150) - age   6:        696 bytes,     636440 total
[2025-08-28T13:03:31.806+0000][1087812][trace][gc,age      ] GC(150) - age   8:        224 bytes,     636664 total
[2025-08-28T13:03:31.806+0000][1087812][trace][gc,age      ] GC(150) - age  12:        176 bytes,     636840 total
[2025-08-28T13:03:31.806+0000][1087812][trace][gc,age      ] GC(150) - age  15:        592 bytes,     637432 total
[2025-08-28T13:03:31.806+0000][1087812][info ][gc,heap     ] GC(150) Eden regions: 75->0(75)
[2025-08-28T13:03:31.806+0000][1087812][info ][gc,heap     ] GC(150) Survivor regions: 1->1(10)
[2025-08-28T13:03:31.806+0000][1087812][info ][gc,heap     ] GC(150) Old regions: 25->25
[2025-08-28T13:03:31.806+0000][1087812][info ][gc,heap     ] GC(150) Humongous regions: 0->0
[2025-08-28T13:03:31.806+0000][1087812][info ][gc,metaspace] GC(150) Metaspace: 144037K(148032K)->144037K(148032K) NonClass: 124543K(126592K)->124543K(126592K) Class: 19493K(21440K)->19493K(21440K)
[2025-08-28T13:03:31.806+0000][1087812][info ][gc          ] GC(150) Pause Young (Normal) (G1 Evacuation Pause) 400M->99M(512M) 1.767ms
[2025-08-28T13:03:31.806+0000][1087812][info ][gc,cpu      ] GC(150) User=0.01s Sys=0.00s Real=0.00s
[2025-08-28T13:03:31.806+0000][1087812][info ][safepoint   ] Safepoint "G1CollectForAllocation", Time since last: 1984647343 ns, Reaching safepoint: 27421 ns, Cleanup: 7892 ns, At safepoint: 1915399 ns, Total: 1950712 ns
[2025-08-28T13:03:33.792+0000][1087812][info ][gc,start    ] GC(151) Pause Young (Normal) (G1 Evacuation Pause)
[2025-08-28T13:03:33.792+0000][1087812][info ][gc,task     ] GC(151) Using 12 workers of 33 for evacuation
[2025-08-28T13:03:33.792+0000][1087812][debug][gc,age      ] GC(151) Desired survivor size 20971520 bytes, new threshold 15 (max threshold 15)
[2025-08-28T13:03:33.793+0000][1087812][info ][gc,phases   ] GC(151)   Pre Evacuate Collection Set: 0.2ms
[2025-08-28T13:03:33.793+0000][1087812][info ][gc,phases   ] GC(151)   Merge Heap Roots: 0.1ms
[2025-08-28T13:03:33.793+0000][1087812][info ][gc,phases   ] GC(151)   Evacuate Collection Set: 0.9ms
[2025-08-28T13:03:33.793+0000][1087812][info ][gc,phases   ] GC(151)   Post Evacuate Collection Set: 0.4ms
[2025-08-28T13:03:33.793+0000][1087812][info ][gc,phases   ] GC(151)   Other: 0.1ms
[2025-08-28T13:03:33.793+0000][1087812][trace][gc,age      ] GC(151) Age table with threshold 15 (max threshold 15)
[2025-08-28T13:03:33.793+0000][1087812][trace][gc,age      ] GC(151) - age   1:     640632 bytes,     640632 total
[2025-08-28T13:03:33.793+0000][1087812][trace][gc,age      ] GC(151) - age   2:        776 bytes,     641408 total
[2025-08-28T13:03:33.793+0000][1087812][trace][gc,age      ] GC(151) - age   3:        176 bytes,     641584 total
[2025-08-28T13:03:33.793+0000][1087812][trace][gc,age      ] GC(151) - age   4:      10880 bytes,     652464 total
[2025-08-28T13:03:33.793+0000][1087812][trace][gc,age      ] GC(151) - age   5:         80 bytes,     652544 total
[2025-08-28T13:03:33.793+0000][1087812][trace][gc,age      ] GC(151) - age   6:       1720 bytes,     654264 total
[2025-08-28T13:03:33.793+0000][1087812][trace][gc,age      ] GC(151) - age   7:        696 bytes,     654960 total
[2025-08-28T13:03:33.793+0000][1087812][trace][gc,age      ] GC(151) - age   9:        224 bytes,     655184 total
[2025-08-28T13:03:33.793+0000][1087812][trace][gc,age      ] GC(151) - age  13:        176 bytes,     655360 total
[2025-08-28T13:03:33.793+0000][1087812][info ][gc,heap     ] GC(151) Eden regions: 75->0(75)
[2025-08-28T13:03:33.793+0000][1087812][info ][gc,heap     ] GC(151) Survivor regions: 1->1(10)
[2025-08-28T13:03:33.793+0000][1087812][info ][gc,heap     ] GC(151) Old regions: 25->25
[2025-08-28T13:03:33.793+0000][1087812][info ][gc,heap     ] GC(151) Humongous regions: 0->0
[2025-08-28T13:03:33.793+0000][1087812][info ][gc,metaspace] GC(151) Metaspace: 144037K(148032K)->144037K(148032K) NonClass: 124543K(126592K)->124543K(126592K) Class: 19493K(21440K)->19493K(21440K)
[2025-08-28T13:03:33.793+0000][1087812][info ][gc          ] GC(151) Pause Young (Normal) (G1 Evacuation Pause) 399M->99M(512M) 1.802ms
[2025-08-28T13:03:33.794+0000][1087812][info ][gc,cpu      ] GC(151) User=0.01s Sys=0.01s Real=0.00s
[2025-08-28T13:03:33.794+0000][1087812][info ][safepoint   ] Safepoint "G1CollectForAllocation", Time since last: 1985430851 ns, Reaching safepoint: 27641 ns, Cleanup: 7582 ns, At safepoint: 2042299 ns, Total: 2077522 ns
[2025-08-28T13:03:34.794+0000][1087812][info ][safepoint   ] Safepoint "Cleanup", Time since last: 1000171500 ns, Reaching safepoint: 27331 ns, Cleanup: 18538 ns, At safepoint: 3685 ns, Total: 49554 ns
[2025-08-28T13:03:35.779+0000][1087812][info ][gc,start    ] GC(152) Pause Young (Normal) (G1 Evacuation Pause)
[2025-08-28T13:03:35.779+0000][1087812][info ][gc,task     ] GC(152) Using 12 workers of 33 for evacuation
[2025-08-28T13:03:35.779+0000][1087812][debug][gc,age      ] GC(152) Desired survivor size 20971520 bytes, new threshold 15 (max threshold 15)
[2025-08-28T13:03:35.781+0000][1087812][info ][gc,phases   ] GC(152)   Pre Evacuate Collection Set: 0.2ms
[2025-08-28T13:03:35.781+0000][1087812][info ][gc,phases   ] GC(152)   Merge Heap Roots: 0.1ms
[2025-08-28T13:03:35.781+0000][1087812][info ][gc,phases   ] GC(152)   Evacuate Collection Set: 0.9ms
[2025-08-28T13:03:35.781+0000][1087812][info ][gc,phases   ] GC(152)   Post Evacuate Collection Set: 0.4ms
[2025-08-28T13:03:35.781+0000][1087812][info ][gc,phases   ] GC(152)   Other: 0.1ms
[2025-08-28T13:03:35.781+0000][1087812][trace][gc,age      ] GC(152) Age table with threshold 15 (max threshold 15)
[2025-08-28T13:03:35.781+0000][1087812][trace][gc,age      ] GC(152) - age   1:     789544 bytes,     789544 total
[2025-08-28T13:03:35.781+0000][1087812][trace][gc,age      ] GC(152) - age   2:       1360 bytes,     790904 total
[2025-08-28T13:03:35.781+0000][1087812][trace][gc,age      ] GC(152) - age   3:        240 bytes,     791144 total
[2025-08-28T13:03:35.781+0000][1087812][trace][gc,age      ] GC(152) - age   5:      10880 bytes,     802024 total
[2025-08-28T13:03:35.781+0000][1087812][trace][gc,age      ] GC(152) - age   6:         80 bytes,     802104 total
[2025-08-28T13:03:35.781+0000][1087812][trace][gc,age      ] GC(152) - age   7:       1720 bytes,     803824 total
[2025-08-28T13:03:35.781+0000][1087812][trace][gc,age      ] GC(152) - age   8:        696 bytes,     804520 total
[2025-08-28T13:03:35.781+0000][1087812][trace][gc,age      ] GC(152) - age  10:        224 bytes,     804744 total
[2025-08-28T13:03:35.781+0000][1087812][trace][gc,age      ] GC(152) - age  14:        176 bytes,     804920 total
[2025-08-28T13:03:35.781+0000][1087812][info ][gc,heap     ] GC(152) Eden regions: 75->0(75)
[2025-08-28T13:03:35.781+0000][1087812][info ][gc,heap     ] GC(152) Survivor regions: 1->1(10)
[2025-08-28T13:03:35.781+0000][1087812][info ][gc,heap     ] GC(152) Old regions: 25->25
[2025-08-28T13:03:35.781+0000][1087812][info ][gc,heap     ] GC(152) Humongous regions: 0->0
[2025-08-28T13:03:35.781+0000][1087812][info ][gc,metaspace] GC(152) Metaspace: 144037K(148032K)->144037K(148032K) NonClass: 124543K(126592K)->124543K(126592K) Class: 19493K(21440K)->19493K(21440K)
[2025-08-28T13:03:35.781+0000][1087812][info ][gc          ] GC(152) Pause Young (Normal) (G1 Evacuation Pause) 399M->100M(512M) 1.807ms
[2025-08-28T13:03:35.781+0000][1087812][info ][gc,cpu      ] GC(152) User=0.00s Sys=0.01s Real=0.01s
[2025-08-28T13:03:35.781+0000][1087812][info ][safepoint   ] Safepoint "G1CollectForAllocation", Time since last: 985360884 ns, Reaching safepoint: 24346 ns, Cleanup: 6490 ns, At safepoint: 1964712 ns, Total: 1995548 ns
[2025-08-28T13:03:37.779+0000][1087812][info ][gc,start    ] GC(153) Pause Young (Normal) (G1 Evacuation Pause)
[2025-08-28T13:03:37.779+0000][1087812][info ][gc,task     ] GC(153) Using 12 workers of 33 for evacuation
[2025-08-28T13:03:37.779+0000][1087812][debug][gc,age      ] GC(153) Desired survivor size 20971520 bytes, new threshold 15 (max threshold 15)
[2025-08-28T13:03:37.780+0000][1087812][info ][gc,phases   ] GC(153)   Pre Evacuate Collection Set: 0.2ms
[2025-08-28T13:03:37.780+0000][1087812][info ][gc,phases   ] GC(153)   Merge Heap Roots: 0.1ms
[2025-08-28T13:03:37.780+0000][1087812][info ][gc,phases   ] GC(153)   Evacuate Collection Set: 0.9ms
[2025-08-28T13:03:37.780+0000][1087812][info ][gc,phases   ] GC(153)   Post Evacuate Collection Set: 0.4ms
[2025-08-28T13:03:37.780+0000][1087812][info ][gc,phases   ] GC(153)   Other: 0.1ms
[2025-08-28T13:03:37.780+0000][1087812][trace][gc,age      ] GC(153) Age table with threshold 15 (max threshold 15)
[2025-08-28T13:03:37.780+0000][1087812][trace][gc,age      ] GC(153) - age   1:    1078696 bytes,    1078696 total
[2025-08-28T13:03:37.780+0000][1087812][trace][gc,age      ] GC(153) - age   2:        768 bytes,    1079464 total
[2025-08-28T13:03:37.780+0000][1087812][trace][gc,age      ] GC(153) - age   3:        424 bytes,    1079888 total
[2025-08-28T13:03:37.780+0000][1087812][trace][gc,age      ] GC(153) - age   4:        240 bytes,    1080128 total
[2025-08-28T13:03:37.780+0000][1087812][trace][gc,age      ] GC(153) - age   6:      10880 bytes,    1091008 total
[2025-08-28T13:03:37.780+0000][1087812][trace][gc,age      ] GC(153) - age   7:         80 bytes,    1091088 total
[2025-08-28T13:03:37.780+0000][1087812][trace][gc,age      ] GC(153) - age   8:       1720 bytes,    1092808 total
[2025-08-28T13:03:37.780+0000][1087812][trace][gc,age      ] GC(153) - age   9:        696 bytes,    1093504 total
[2025-08-28T13:03:37.780+0000][1087812][trace][gc,age      ] GC(153) - age  15:        176 bytes,    1093680 total
[2025-08-28T13:03:37.780+0000][1087812][info ][gc,heap     ] GC(153) Eden regions: 75->0(75)
[2025-08-28T13:03:37.780+0000][1087812][info ][gc,heap     ] GC(153) Survivor regions: 1->1(10)
[2025-08-28T13:03:37.780+0000][1087812][info ][gc,heap     ] GC(153) Old regions: 25->25
[2025-08-28T13:03:37.780+0000][1087812][info ][gc,heap     ] GC(153) Humongous regions: 0->0
[2025-08-28T13:03:37.780+0000][1087812][info ][gc,metaspace] GC(153) Metaspace: 144037K(148032K)->144037K(148032K) NonClass: 124544K(126592K)->124544K(126592K) Class: 19493K(21440K)->19493K(21440K)
[2025-08-28T13:03:37.780+0000][1087812][info ][gc          ] GC(153) Pause Young (Normal) (G1 Evacuation Pause) 400M->100M(512M) 1.889ms
[2025-08-28T13:03:37.781+0000][1087812][info ][gc,cpu      ] GC(153) User=0.01s Sys=0.00s Real=0.00s
[2025-08-28T13:03:37.781+0000][1087812][info ][safepoint   ] Safepoint "G1CollectForAllocation", Time since last: 1997264164 ns, Reaching safepoint: 25949 ns, Cleanup: 6940 ns, At safepoint: 2127848 ns, Total: 2160737 ns
[2025-08-28T13:03:39.779+0000][1087812][info ][gc,start    ] GC(154) Pause Young (Normal) (G1 Evacuation Pause)
[2025-08-28T13:03:39.779+0000][1087812][info ][gc,task     ] GC(154) Using 12 workers of 33 for evacuation
[2025-08-28T13:03:39.779+0000][1087812][debug][gc,age      ] GC(154) Desired survivor size 20971520 bytes, new threshold 15 (max threshold 15)
[2025-08-28T13:03:39.780+0000][1087812][info ][gc,phases   ] GC(154)   Pre Evacuate Collection Set: 0.2ms
[2025-08-28T13:03:39.780+0000][1087812][info ][gc,phases   ] GC(154)   Merge Heap Roots: 0.1ms
[2025-08-28T13:03:39.780+0000][1087812][info ][gc,phases   ] GC(154)   Evacuate Collection Set: 1.0ms
[2025-08-28T13:03:39.780+0000][1087812][info ][gc,phases   ] GC(154)   Post Evacuate Collection Set: 0.4ms
[2025-08-28T13:03:39.780+0000][1087812][info ][gc,phases   ] GC(154)   Other: 0.1ms
[2025-08-28T13:03:39.780+0000][1087812][trace][gc,age      ] GC(154) Age table with threshold 15 (max threshold 15)
[2025-08-28T13:03:39.780+0000][1087812][trace][gc,age      ] GC(154) - age   1:    1093976 bytes,    1093976 total
[2025-08-28T13:03:39.780+0000][1087812][trace][gc,age      ] GC(154) - age   2:       2896 bytes,    1096872 total
[2025-08-28T13:03:39.780+0000][1087812][trace][gc,age      ] GC(154) - age   3:        592 bytes,    1097464 total
[2025-08-28T13:03:39.780+0000][1087812][trace][gc,age      ] GC(154) - age   4:        424 bytes,    1097888 total
[2025-08-28T13:03:39.780+0000][1087812][trace][gc,age      ] GC(154) - age   5:        240 bytes,    1098128 total
[2025-08-28T13:03:39.780+0000][1087812][trace][gc,age      ] GC(154) - age   7:      10880 bytes,    1109008 total
[2025-08-28T13:03:39.780+0000][1087812][trace][gc,age      ] GC(154) - age   8:         80 bytes,    1109088 total
[2025-08-28T13:03:39.780+0000][1087812][trace][gc,age      ] GC(154) - age   9:       1720 bytes,    1110808 total
[2025-08-28T13:03:39.780+0000][1087812][trace][gc,age      ] GC(154) - age  10:        696 bytes,    1111504 total
[2025-08-28T13:03:39.780+0000][1087812][info ][gc,heap     ] GC(154) Eden regions: 75->0(75)
[2025-08-28T13:03:39.780+0000][1087812][info ][gc,heap     ] GC(154) Survivor regions: 1->1(10)
[2025-08-28T13:03:39.780+0000][1087812][info ][gc,heap     ] GC(154) Old regions: 25->25
[2025-08-28T13:03:39.780+0000][1087812][info ][gc,heap     ] GC(154) Humongous regions: 0->0
[2025-08-28T13:03:39.780+0000][1087812][info ][gc,metaspace] GC(154) Metaspace: 144038K(148032K)->144038K(148032K) NonClass: 124544K(126592K)->124544K(126592K) Class: 19493K(21440K)->19493K(21440K)
[2025-08-28T13:03:39.780+0000][1087812][info ][gc          ] GC(154) Pause Young (Normal) (G1 Evacuation Pause) 400M->100M(512M) 1.803ms
[2025-08-28T13:03:39.780+0000][1087812][info ][gc,cpu      ] GC(154) User=0.00s Sys=0.01s Real=0.00s
[2025-08-28T13:03:39.781+0000][1087812][info ][safepoint   ] Safepoint "G1CollectForAllocation", Time since last: 1997750354 ns, Reaching safepoint: 128273 ns, Cleanup: 4526 ns, At safepoint: 2056220 ns, Total: 2189019 ns
[2025-08-28T13:03:41.754+0000][1087812][info ][gc,start    ] GC(155) Pause Young (Normal) (G1 Evacuation Pause)
[2025-08-28T13:03:41.754+0000][1087812][info ][gc,task     ] GC(155) Using 12 workers of 33 for evacuation
[2025-08-28T13:03:41.754+0000][1087812][debug][gc,age      ] GC(155) Desired survivor size 20971520 bytes, new threshold 15 (max threshold 15)
[2025-08-28T13:03:41.755+0000][1087812][info ][gc,phases   ] GC(155)   Pre Evacuate Collection Set: 0.2ms
[2025-08-28T13:03:41.756+0000][1087812][info ][gc,phases   ] GC(155)   Merge Heap Roots: 0.1ms
[2025-08-28T13:03:41.756+0000][1087812][info ][gc,phases   ] GC(155)   Evacuate Collection Set: 1.1ms
[2025-08-28T13:03:41.756+0000][1087812][info ][gc,phases   ] GC(155)   Post Evacuate Collection Set: 0.4ms
[2025-08-28T13:03:41.756+0000][1087812][info ][gc,phases   ] GC(155)   Other: 0.1ms
[2025-08-28T13:03:41.756+0000][1087812][trace][gc,age      ] GC(155) Age table with threshold 15 (max threshold 15)
[2025-08-28T13:03:41.756+0000][1087812][trace][gc,age      ] GC(155) - age   1:    1095928 bytes,    1095928 total
[2025-08-28T13:03:41.756+0000][1087812][trace][gc,age      ] GC(155) - age   2:        552 bytes,    1096480 total
[2025-08-28T13:03:41.756+0000][1087812][trace][gc,age      ] GC(155) - age   3:       2896 bytes,    1099376 total
[2025-08-28T13:03:41.756+0000][1087812][trace][gc,age      ] GC(155) - age   4:         56 bytes,    1099432 total
[2025-08-28T13:03:41.756+0000][1087812][trace][gc,age      ] GC(155) - age   5:        424 bytes,    1099856 total
[2025-08-28T13:03:41.756+0000][1087812][trace][gc,age      ] GC(155) - age   8:      10880 bytes,    1110736 total
[2025-08-28T13:03:41.756+0000][1087812][trace][gc,age      ] GC(155) - age   9:         80 bytes,    1110816 total
[2025-08-28T13:03:41.756+0000][1087812][trace][gc,age      ] GC(155) - age  10:       1720 bytes,    1112536 total
[2025-08-28T13:03:41.756+0000][1087812][trace][gc,age      ] GC(155) - age  11:        696 bytes,    1113232 total
[2025-08-28T13:03:41.756+0000][1087812][info ][gc,heap     ] GC(155) Eden regions: 75->0(75)
[2025-08-28T13:03:41.756+0000][1087812][info ][gc,heap     ] GC(155) Survivor regions: 1->1(10)
[2025-08-28T13:03:41.756+0000][1087812][info ][gc,heap     ] GC(155) Old regions: 25->25
[2025-08-28T13:03:41.756+0000][1087812][info ][gc,heap     ] GC(155) Humongous regions: 0->0
[2025-08-28T13:03:41.756+0000][1087812][info ][gc,metaspace] GC(155) Metaspace: 144044K(148032K)->144044K(148032K) NonClass: 124551K(126592K)->124551K(126592K) Class: 19493K(21440K)->19493K(21440K)
[2025-08-28T13:03:41.756+0000][1087812][info ][gc          ] GC(155) Pause Young (Normal) (G1 Evacuation Pause) 400M->100M(512M) 2.006ms
[2025-08-28T13:03:41.756+0000][1087812][info ][gc,cpu      ] GC(155) User=0.01s Sys=0.00s Real=0.00s
[2025-08-28T13:03:41.756+0000][1087812][info ][safepoint   ] Safepoint "G1CollectForAllocation", Time since last: 1972759650 ns, Reaching safepoint: 219480 ns, Cleanup: 7281 ns, At safepoint: 2238103 ns, Total: 2464864 ns
[2025-08-28T13:03:43.741+0000][1087812][info ][gc,start    ] GC(156) Pause Young (Normal) (G1 Evacuation Pause)
[2025-08-28T13:03:43.741+0000][1087812][info ][gc,task     ] GC(156) Using 12 workers of 33 for evacuation
[2025-08-28T13:03:43.741+0000][1087812][debug][gc,age      ] GC(156) Desired survivor size 20971520 bytes, new threshold 15 (max threshold 15)
[2025-08-28T13:03:43.743+0000][1087812][info ][gc,phases   ] GC(156)   Pre Evacuate Collection Set: 0.1ms
[2025-08-28T13:03:43.743+0000][1087812][info ][gc,phases   ] GC(156)   Merge Heap Roots: 0.0ms
[2025-08-28T13:03:43.743+0000][1087812][info ][gc,phases   ] GC(156)   Evacuate Collection Set: 0.9ms
[2025-08-28T13:03:43.743+0000][1087812][info ][gc,phases   ] GC(156)   Post Evacuate Collection Set: 0.4ms
[2025-08-28T13:03:43.743+0000][1087812][info ][gc,phases   ] GC(156)   Other: 0.0ms
[2025-08-28T13:03:43.743+0000][1087812][trace][gc,age      ] GC(156) Age table with threshold 15 (max threshold 15)
[2025-08-28T13:03:43.743+0000][1087812][trace][gc,age      ] GC(156) - age   1:    1225360 bytes,    1225360 total
[2025-08-28T13:03:43.743+0000][1087812][trace][gc,age      ] GC(156) - age   2:       2504 bytes,    1227864 total
[2025-08-28T13:03:43.743+0000][1087812][trace][gc,age      ] GC(156) - age   3:        552 bytes,    1228416 total
[2025-08-28T13:03:43.743+0000][1087812][trace][gc,age      ] GC(156) - age   4:       2896 bytes,    1231312 total
[2025-08-28T13:03:43.743+0000][1087812][trace][gc,age      ] GC(156) - age   5:         56 bytes,    1231368 total
[2025-08-28T13:03:43.743+0000][1087812][trace][gc,age      ] GC(156) - age   6:        424 bytes,    1231792 total
[2025-08-28T13:03:43.743+0000][1087812][trace][gc,age      ] GC(156) - age   9:      10880 bytes,    1242672 total
[2025-08-28T13:03:43.743+0000][1087812][trace][gc,age      ] GC(156) - age  10:         80 bytes,    1242752 total
[2025-08-28T13:03:43.743+0000][1087812][trace][gc,age      ] GC(156) - age  11:       1720 bytes,    1244472 total
[2025-08-28T13:03:43.743+0000][1087812][trace][gc,age      ] GC(156) - age  12:        696 bytes,    1245168 total
[2025-08-28T13:03:43.743+0000][1087812][info ][gc,heap     ] GC(156) Eden regions: 75->0(75)
[2025-08-28T13:03:43.743+0000][1087812][info ][gc,heap     ] GC(156) Survivor regions: 1->1(10)
[2025-08-28T13:03:43.743+0000][1087812][info ][gc,heap     ] GC(156) Old regions: 25->25
[2025-08-28T13:03:43.743+0000][1087812][info ][gc,heap     ] GC(156) Humongous regions: 0->0
[2025-08-28T13:03:43.743+0000][1087812][info ][gc,metaspace] GC(156) Metaspace: 144044K(148032K)->144044K(148032K) NonClass: 124551K(126592K)->124551K(126592K) Class: 19493K(21440K)->19493K(21440K)
[2025-08-28T13:03:43.743+0000][1087812][info ][gc          ] GC(156) Pause Young (Normal) (G1 Evacuation Pause) 400M->100M(512M) 1.755ms
[2025-08-28T13:03:43.743+0000][1087812][info ][gc,cpu      ] GC(156) User=0.00s Sys=0.01s Real=0.00s
[2025-08-28T13:03:43.743+0000][1087812][info ][safepoint   ] Safepoint "G1CollectForAllocation", Time since last: 1985024500 ns, Reaching safepoint: 91658 ns, Cleanup: 3926 ns, At safepoint: 2000606 ns, Total: 2096190 ns
[2025-08-28T13:03:45.705+0000][1087812][info ][gc,start    ] GC(157) Pause Young (Normal) (G1 Evacuation Pause)
[2025-08-28T13:03:45.705+0000][1087812][info ][gc,task     ] GC(157) Using 12 workers of 33 for evacuation
[2025-08-28T13:03:45.705+0000][1087812][debug][gc,age      ] GC(157) Desired survivor size 20971520 bytes, new threshold 15 (max threshold 15)
[2025-08-28T13:03:45.707+0000][1087812][info ][gc,phases   ] GC(157)   Pre Evacuate Collection Set: 0.2ms
[2025-08-28T13:03:45.707+0000][1087812][info ][gc,phases   ] GC(157)   Merge Heap Roots: 0.1ms
[2025-08-28T13:03:45.707+0000][1087812][info ][gc,phases   ] GC(157)   Evacuate Collection Set: 1.2ms
[2025-08-28T13:03:45.707+0000][1087812][info ][gc,phases   ] GC(157)   Post Evacuate Collection Set: 0.3ms
[2025-08-28T13:03:45.707+0000][1087812][info ][gc,phases   ] GC(157)   Other: 0.1ms
[2025-08-28T13:03:45.707+0000][1087812][trace][gc,age      ] GC(157) Age table with threshold 15 (max threshold 15)
[2025-08-28T13:03:45.707+0000][1087812][trace][gc,age      ] GC(157) - age   1:    1137128 bytes,    1137128 total
[2025-08-28T13:03:45.707+0000][1087812][trace][gc,age      ] GC(157) - age   3:       1968 bytes,    1139096 total
[2025-08-28T13:03:45.707+0000][1087812][trace][gc,age      ] GC(157) - age   4:        376 bytes,    1139472 total
[2025-08-28T13:03:45.707+0000][1087812][trace][gc,age      ] GC(157) - age   5:       2896 bytes,    1142368 total
[2025-08-28T13:03:45.707+0000][1087812][trace][gc,age      ] GC(157) - age   6:         56 bytes,    1142424 total
[2025-08-28T13:03:45.707+0000][1087812][trace][gc,age      ] GC(157) - age   7:        424 bytes,    1142848 total
[2025-08-28T13:03:45.707+0000][1087812][trace][gc,age      ] GC(157) - age  10:      10688 bytes,    1153536 total
[2025-08-28T13:03:45.707+0000][1087812][trace][gc,age      ] GC(157) - age  11:         80 bytes,    1153616 total
[2025-08-28T13:03:45.707+0000][1087812][trace][gc,age      ] GC(157) - age  12:       1720 bytes,    1155336 total
[2025-08-28T13:03:45.707+0000][1087812][trace][gc,age      ] GC(157) - age  13:        696 bytes,    1156032 total
[2025-08-28T13:03:45.707+0000][1087812][info ][gc,heap     ] GC(157) Eden regions: 75->0(75)
[2025-08-28T13:03:45.707+0000][1087812][info ][gc,heap     ] GC(157) Survivor regions: 1->1(10)
[2025-08-28T13:03:45.707+0000][1087812][info ][gc,heap     ] GC(157) Old regions: 25->25
[2025-08-28T13:03:45.707+0000][1087812][info ][gc,heap     ] GC(157) Humongous regions: 0->0
[2025-08-28T13:03:45.707+0000][1087812][info ][gc,metaspace] GC(157) Metaspace: 144044K(148032K)->144044K(148032K) NonClass: 124551K(126592K)->124551K(126592K) Class: 19493K(21440K)->19493K(21440K)
[2025-08-28T13:03:45.707+0000][1087812][info ][gc          ] GC(157) Pause Young (Normal) (G1 Evacuation Pause) 400M->100M(512M) 2.039ms
[2025-08-28T13:03:45.707+0000][1087812][info ][gc,cpu      ] GC(157) User=0.01s Sys=0.00s Real=0.00s
[2025-08-28T13:03:45.707+0000][1087812][info ][safepoint   ] Safepoint "G1CollectForAllocation", Time since last: 1961788123 ns, Reaching safepoint: 52128 ns, Cleanup: 6440 ns, At safepoint: 2272865 ns, Total: 2331433 ns
[2025-08-28T13:03:46.707+0000][1087812][info ][safepoint   ] Safepoint "Cleanup", Time since last: 1000085671 ns, Reaching safepoint: 24567 ns, Cleanup: 14352 ns, At safepoint: 3375 ns, Total: 42294 ns
[2025-08-28T13:03:47.692+0000][1087812][info ][gc,start    ] GC(158) Pause Young (Normal) (G1 Evacuation Pause)
[2025-08-28T13:03:47.692+0000][1087812][info ][gc,task     ] GC(158) Using 12 workers of 33 for evacuation
[2025-08-28T13:03:47.692+0000][1087812][debug][gc,age      ] GC(158) Desired survivor size 20971520 bytes, new threshold 15 (max threshold 15)
[2025-08-28T13:03:47.694+0000][1087812][info ][gc,phases   ] GC(158)   Pre Evacuate Collection Set: 0.2ms
[2025-08-28T13:03:47.694+0000][1087812][info ][gc,phases   ] GC(158)   Merge Heap Roots: 0.1ms
[2025-08-28T13:03:47.694+0000][1087812][info ][gc,phases   ] GC(158)   Evacuate Collection Set: 0.9ms
[2025-08-28T13:03:47.694+0000][1087812][info ][gc,phases   ] GC(158)   Post Evacuate Collection Set: 0.4ms
[2025-08-28T13:03:47.694+0000][1087812][info ][gc,phases   ] GC(158)   Other: 0.1ms
[2025-08-28T13:03:47.694+0000][1087812][trace][gc,age      ] GC(158) Age table with threshold 15 (max threshold 15)
[2025-08-28T13:03:47.694+0000][1087812][trace][gc,age      ] GC(158) - age   1:     738024 bytes,     738024 total
[2025-08-28T13:03:47.694+0000][1087812][trace][gc,age      ] GC(158) - age   2:        744 bytes,     738768 total
[2025-08-28T13:03:47.694+0000][1087812][trace][gc,age      ] GC(158) - age   4:       1968 bytes,     740736 total
[2025-08-28T13:03:47.694+0000][1087812][trace][gc,age      ] GC(158) - age   5:        376 bytes,     741112 total
[2025-08-28T13:03:47.694+0000][1087812][trace][gc,age      ] GC(158) - age   6:       2896 bytes,     744008 total
[2025-08-28T13:03:47.694+0000][1087812][trace][gc,age      ] GC(158) - age   7:         56 bytes,     744064 total
[2025-08-28T13:03:47.694+0000][1087812][trace][gc,age      ] GC(158) - age   8:        424 bytes,     744488 total
[2025-08-28T13:03:47.694+0000][1087812][trace][gc,age      ] GC(158) - age  11:      10688 bytes,     755176 total
[2025-08-28T13:03:47.694+0000][1087812][trace][gc,age      ] GC(158) - age  12:         80 bytes,     755256 total
[2025-08-28T13:03:47.694+0000][1087812][trace][gc,age      ] GC(158) - age  13:       1720 bytes,     756976 total
[2025-08-28T13:03:47.694+0000][1087812][trace][gc,age      ] GC(158) - age  14:        696 bytes,     757672 total
[2025-08-28T13:03:47.694+0000][1087812][info ][gc,heap     ] GC(158) Eden regions: 75->0(75)
[2025-08-28T13:03:47.694+0000][1087812][info ][gc,heap     ] GC(158) Survivor regions: 1->1(10)
[2025-08-28T13:03:47.694+0000][1087812][info ][gc,heap     ] GC(158) Old regions: 25->25
[2025-08-28T13:03:47.694+0000][1087812][info ][gc,heap     ] GC(158) Humongous regions: 0->0
[2025-08-28T13:03:47.694+0000][1087812][info ][gc,metaspace] GC(158) Metaspace: 144044K(148032K)->144044K(148032K) NonClass: 124551K(126592K)->124551K(126592K) Class: 19493K(21440K)->19493K(21440K)
[2025-08-28T13:03:47.694+0000][1087812][info ][gc          ] GC(158) Pause Young (Normal) (G1 Evacuation Pause) 400M->99M(512M) 1.843ms
[2025-08-28T13:03:47.694+0000][1087812][info ][gc,cpu      ] GC(158) User=0.01s Sys=0.00s Real=0.00s
[2025-08-28T13:03:47.694+0000][1087812][info ][safepoint   ] Safepoint "G1CollectForAllocation", Time since last: 984553100 ns, Reaching safepoint: 25268 ns, Cleanup: 5568 ns, At safepoint: 2062079 ns, Total: 2092915 ns
[2025-08-28T13:03:49.692+0000][1087812][info ][gc,start    ] GC(159) Pause Young (Normal) (G1 Evacuation Pause)
[2025-08-28T13:03:49.692+0000][1087812][info ][gc,task     ] GC(159) Using 12 workers of 33 for evacuation
[2025-08-28T13:03:49.692+0000][1087812][debug][gc,age      ] GC(159) Desired survivor size 20971520 bytes, new threshold 15 (max threshold 15)
[2025-08-28T13:03:49.694+0000][1087812][info ][gc,phases   ] GC(159)   Pre Evacuate Collection Set: 0.2ms
[2025-08-28T13:03:49.694+0000][1087812][info ][gc,phases   ] GC(159)   Merge Heap Roots: 0.0ms
[2025-08-28T13:03:49.694+0000][1087812][info ][gc,phases   ] GC(159)   Evacuate Collection Set: 0.9ms
[2025-08-28T13:03:49.694+0000][1087812][info ][gc,phases   ] GC(159)   Post Evacuate Collection Set: 0.4ms
[2025-08-28T13:03:49.694+0000][1087812][info ][gc,phases   ] GC(159)   Other: 0.1ms
[2025-08-28T13:03:49.694+0000][1087812][trace][gc,age      ] GC(159) Age table with threshold 15 (max threshold 15)
[2025-08-28T13:03:49.694+0000][1087812][trace][gc,age      ] GC(159) - age   1:     738056 bytes,     738056 total
[2025-08-28T13:03:49.694+0000][1087812][trace][gc,age      ] GC(159) - age   2:        536 bytes,     738592 total
[2025-08-28T13:03:49.694+0000][1087812][trace][gc,age      ] GC(159) - age   3:        536 bytes,     739128 total
[2025-08-28T13:03:49.694+0000][1087812][trace][gc,age      ] GC(159) - age   5:       1968 bytes,     741096 total
[2025-08-28T13:03:49.694+0000][1087812][trace][gc,age      ] GC(159) - age   6:        376 bytes,     741472 total
[2025-08-28T13:03:49.694+0000][1087812][trace][gc,age      ] GC(159) - age   7:       2896 bytes,     744368 total
[2025-08-28T13:03:49.694+0000][1087812][trace][gc,age      ] GC(159) - age   8:         56 bytes,     744424 total
[2025-08-28T13:03:49.694+0000][1087812][trace][gc,age      ] GC(159) - age   9:        424 bytes,     744848 total
[2025-08-28T13:03:49.694+0000][1087812][trace][gc,age      ] GC(159) - age  12:      10688 bytes,     755536 total
[2025-08-28T13:03:49.694+0000][1087812][trace][gc,age      ] GC(159) - age  13:         80 bytes,     755616 total
[2025-08-28T13:03:49.694+0000][1087812][trace][gc,age      ] GC(159) - age  14:       1720 bytes,     757336 total
[2025-08-28T13:03:49.694+0000][1087812][trace][gc,age      ] GC(159) - age  15:        696 bytes,     758032 total
[2025-08-28T13:03:49.694+0000][1087812][info ][gc,heap     ] GC(159) Eden regions: 75->0(75)
[2025-08-28T13:03:49.694+0000][1087812][info ][gc,heap     ] GC(159) Survivor regions: 1->1(10)
[2025-08-28T13:03:49.694+0000][1087812][info ][gc,heap     ] GC(159) Old regions: 25->25
[2025-08-28T13:03:49.694+0000][1087812][info ][gc,heap     ] GC(159) Humongous regions: 0->0
[2025-08-28T13:03:49.694+0000][1087812][info ][gc,metaspace] GC(159) Metaspace: 144044K(148032K)->144044K(148032K) NonClass: 124551K(126592K)->124551K(126592K) Class: 19493K(21440K)->19493K(21440K)
[2025-08-28T13:03:49.694+0000][1087812][info ][gc          ] GC(159) Pause Young (Normal) (G1 Evacuation Pause) 399M->99M(512M) 1.753ms
[2025-08-28T13:03:49.694+0000][1087812][info ][gc,cpu      ] GC(159) User=0.01s Sys=0.00s Real=0.00s
[2025-08-28T13:03:49.694+0000][1087812][info ][safepoint   ] Safepoint "G1CollectForAllocation", Time since last: 1998015953 ns, Reaching safepoint: 61532 ns, Cleanup: 4597 ns, At safepoint: 1868318 ns, Total: 1934447 ns
[2025-08-28T13:03:51.680+0000][1087812][info ][gc,start    ] GC(160) Pause Young (Normal) (G1 Evacuation Pause)
[2025-08-28T13:03:51.680+0000][1087812][info ][gc,task     ] GC(160) Using 12 workers of 33 for evacuation
[2025-08-28T13:03:51.680+0000][1087812][debug][gc,age      ] GC(160) Desired survivor size 20971520 bytes, new threshold 15 (max threshold 15)
[2025-08-28T13:03:51.682+0000][1087812][info ][gc,phases   ] GC(160)   Pre Evacuate Collection Set: 0.2ms
[2025-08-28T13:03:51.682+0000][1087812][info ][gc,phases   ] GC(160)   Merge Heap Roots: 0.1ms
[2025-08-28T13:03:51.682+0000][1087812][info ][gc,phases   ] GC(160)   Evacuate Collection Set: 1.6ms
[2025-08-28T13:03:51.682+0000][1087812][info ][gc,phases   ] GC(160)   Post Evacuate Collection Set: 0.6ms
[2025-08-28T13:03:51.682+0000][1087812][info ][gc,phases   ] GC(160)   Other: 0.1ms
[2025-08-28T13:03:51.682+0000][1087812][trace][gc,age      ] GC(160) Age table with threshold 15 (max threshold 15)
[2025-08-28T13:03:51.682+0000][1087812][trace][gc,age      ] GC(160) - age   1:     673104 bytes,     673104 total
[2025-08-28T13:03:51.682+0000][1087812][trace][gc,age      ] GC(160) - age   2:        176 bytes,     673280 total
[2025-08-28T13:03:51.682+0000][1087812][trace][gc,age      ] GC(160) - age   3:        536 bytes,     673816 total
[2025-08-28T13:03:51.682+0000][1087812][trace][gc,age      ] GC(160) - age   6:       1728 bytes,     675544 total
[2025-08-28T13:03:51.682+0000][1087812][trace][gc,age      ] GC(160) - age   7:        376 bytes,     675920 total
[2025-08-28T13:03:51.682+0000][1087812][trace][gc,age      ] GC(160) - age   8:       2896 bytes,     678816 total
[2025-08-28T13:03:51.682+0000][1087812][trace][gc,age      ] GC(160) - age   9:         56 bytes,     678872 total
[2025-08-28T13:03:51.682+0000][1087812][trace][gc,age      ] GC(160) - age  10:        424 bytes,     679296 total
[2025-08-28T13:03:51.682+0000][1087812][trace][gc,age      ] GC(160) - age  13:      10688 bytes,     689984 total
[2025-08-28T13:03:51.682+0000][1087812][trace][gc,age      ] GC(160) - age  14:         80 bytes,     690064 total
[2025-08-28T13:03:51.682+0000][1087812][trace][gc,age      ] GC(160) - age  15:       1720 bytes,     691784 total
[2025-08-28T13:03:51.682+0000][1087812][info ][gc,heap     ] GC(160) Eden regions: 75->0(75)
[2025-08-28T13:03:51.682+0000][1087812][info ][gc,heap     ] GC(160) Survivor regions: 1->1(10)
[2025-08-28T13:03:51.682+0000][1087812][info ][gc,heap     ] GC(160) Old regions: 25->25
[2025-08-28T13:03:51.682+0000][1087812][info ][gc,heap     ] GC(160) Humongous regions: 0->0
[2025-08-28T13:03:51.682+0000][1087812][info ][gc,metaspace] GC(160) Metaspace: 144046K(148032K)->144046K(148032K) NonClass: 124552K(126592K)->124552K(126592K) Class: 19493K(21440K)->19493K(21440K)
[2025-08-28T13:03:51.682+0000][1087812][info ][gc          ] GC(160) Pause Young (Normal) (G1 Evacuation Pause) 399M->99M(512M) 2.726ms
[2025-08-28T13:03:51.682+0000][1087812][info ][gc,cpu      ] GC(160) User=0.01s Sys=0.01s Real=0.01s
[2025-08-28T13:03:51.682+0000][1087812][info ][safepoint   ] Safepoint "G1CollectForAllocation", Time since last: 1985685293 ns, Reaching safepoint: 100121 ns, Cleanup: 10145 ns, At safepoint: 2957014 ns, Total: 3067280 ns
[2025-08-28T13:03:52.683+0000][1087812][info ][safepoint   ] Safepoint "Cleanup", Time since last: 1000093342 ns, Reaching safepoint: 30496 ns, Cleanup: 9524 ns, At safepoint: 3055 ns, Total: 43075 ns
[2025-08-28T13:03:53.654+0000][1087812][info ][gc,start    ] GC(161) Pause Young (Normal) (G1 Evacuation Pause)
[2025-08-28T13:03:53.654+0000][1087812][info ][gc,task     ] GC(161) Using 12 workers of 33 for evacuation
[2025-08-28T13:03:53.654+0000][1087812][debug][gc,age      ] GC(161) Desired survivor size 20971520 bytes, new threshold 15 (max threshold 15)
[2025-08-28T13:03:53.656+0000][1087812][info ][gc,phases   ] GC(161)   Pre Evacuate Collection Set: 0.2ms
[2025-08-28T13:03:53.656+0000][1087812][info ][gc,phases   ] GC(161)   Merge Heap Roots: 0.0ms
[2025-08-28T13:03:53.656+0000][1087812][info ][gc,phases   ] GC(161)   Evacuate Collection Set: 1.0ms
[2025-08-28T13:03:53.656+0000][1087812][info ][gc,phases   ] GC(161)   Post Evacuate Collection Set: 0.4ms
[2025-08-28T13:03:53.656+0000][1087812][info ][gc,phases   ] GC(161)   Other: 0.1ms
[2025-08-28T13:03:53.656+0000][1087812][trace][gc,age      ] GC(161) Age table with threshold 15 (max threshold 15)
[2025-08-28T13:03:53.656+0000][1087812][trace][gc,age      ] GC(161) - age   1:    1138896 bytes,    1138896 total
[2025-08-28T13:03:53.656+0000][1087812][trace][gc,age      ] GC(161) - age   2:        776 bytes,    1139672 total
[2025-08-28T13:03:53.656+0000][1087812][trace][gc,age      ] GC(161) - age   3:        176 bytes,    1139848 total
[2025-08-28T13:03:53.656+0000][1087812][trace][gc,age      ] GC(161) - age   4:        536 bytes,    1140384 total
[2025-08-28T13:03:53.656+0000][1087812][trace][gc,age      ] GC(161) - age   7:       1728 bytes,    1142112 total
[2025-08-28T13:03:53.656+0000][1087812][trace][gc,age      ] GC(161) - age   8:        376 bytes,    1142488 total
[2025-08-28T13:03:53.656+0000][1087812][trace][gc,age      ] GC(161) - age   9:       2896 bytes,    1145384 total
[2025-08-28T13:03:53.656+0000][1087812][trace][gc,age      ] GC(161) - age  10:         56 bytes,    1145440 total
[2025-08-28T13:03:53.656+0000][1087812][trace][gc,age      ] GC(161) - age  11:        392 bytes,    1145832 total
[2025-08-28T13:03:53.656+0000][1087812][trace][gc,age      ] GC(161) - age  14:      10688 bytes,    1156520 total
[2025-08-28T13:03:53.656+0000][1087812][trace][gc,age      ] GC(161) - age  15:         80 bytes,    1156600 total
[2025-08-28T13:03:53.656+0000][1087812][info ][gc,heap     ] GC(161) Eden regions: 75->0(75)
[2025-08-28T13:03:53.656+0000][1087812][info ][gc,heap     ] GC(161) Survivor regions: 1->1(10)
[2025-08-28T13:03:53.656+0000][1087812][info ][gc,heap     ] GC(161) Old regions: 25->25
[2025-08-28T13:03:53.656+0000][1087812][info ][gc,heap     ] GC(161) Humongous regions: 0->0
[2025-08-28T13:03:53.656+0000][1087812][info ][gc,metaspace] GC(161) Metaspace: 144054K(148032K)->144054K(148032K) NonClass: 124560K(126592K)->124560K(126592K) Class: 19493K(21440K)->19493K(21440K)
[2025-08-28T13:03:53.656+0000][1087812][info ][gc          ] GC(161) Pause Young (Normal) (G1 Evacuation Pause) 399M->100M(512M) 1.825ms
[2025-08-28T13:03:53.656+0000][1087812][info ][gc,cpu      ] GC(161) User=0.00s Sys=0.00s Real=0.00s
[2025-08-28T13:03:53.656+0000][1087812][info ][safepoint   ] Safepoint "G1CollectForAllocation", Time since last: 971731322 ns, Reaching safepoint: 23706 ns, Cleanup: 3665 ns, At safepoint: 2006916 ns, Total: 2034287 ns
[2025-08-28T13:03:55.647+0000][1087812][info ][gc,start    ] GC(162) Pause Young (Normal) (G1 Evacuation Pause)
[2025-08-28T13:03:55.647+0000][1087812][info ][gc,task     ] GC(162) Using 12 workers of 33 for evacuation
[2025-08-28T13:03:55.647+0000][1087812][debug][gc,age      ] GC(162) Desired survivor size 20971520 bytes, new threshold 15 (max threshold 15)
[2025-08-28T13:03:55.648+0000][1087812][info ][gc,phases   ] GC(162)   Pre Evacuate Collection Set: 0.2ms
[2025-08-28T13:03:55.648+0000][1087812][info ][gc,phases   ] GC(162)   Merge Heap Roots: 0.0ms
[2025-08-28T13:03:55.648+0000][1087812][info ][gc,phases   ] GC(162)   Evacuate Collection Set: 0.8ms
[2025-08-28T13:03:55.648+0000][1087812][info ][gc,phases   ] GC(162)   Post Evacuate Collection Set: 0.4ms
[2025-08-28T13:03:55.648+0000][1087812][info ][gc,phases   ] GC(162)   Other: 0.1ms
[2025-08-28T13:03:55.648+0000][1087812][trace][gc,age      ] GC(162) Age table with threshold 15 (max threshold 15)
[2025-08-28T13:03:55.648+0000][1087812][trace][gc,age      ] GC(162) - age   1:     915824 bytes,     915824 total
[2025-08-28T13:03:55.648+0000][1087812][trace][gc,age      ] GC(162) - age   2:       2448 bytes,     918272 total
[2025-08-28T13:03:55.648+0000][1087812][trace][gc,age      ] GC(162) - age   3:        240 bytes,     918512 total
[2025-08-28T13:03:55.648+0000][1087812][trace][gc,age      ] GC(162) - age   5:        536 bytes,     919048 total
[2025-08-28T13:03:55.648+0000][1087812][trace][gc,age      ] GC(162) - age   8:       1728 bytes,     920776 total
[2025-08-28T13:03:55.648+0000][1087812][trace][gc,age      ] GC(162) - age   9:        376 bytes,     921152 total
[2025-08-28T13:03:55.648+0000][1087812][trace][gc,age      ] GC(162) - age  10:       2896 bytes,     924048 total
[2025-08-28T13:03:55.648+0000][1087812][trace][gc,age      ] GC(162) - age  11:         56 bytes,     924104 total
[2025-08-28T13:03:55.648+0000][1087812][trace][gc,age      ] GC(162) - age  12:        392 bytes,     924496 total
[2025-08-28T13:03:55.648+0000][1087812][trace][gc,age      ] GC(162) - age  15:      10688 bytes,     935184 total
[2025-08-28T13:03:55.648+0000][1087812][info ][gc,heap     ] GC(162) Eden regions: 75->0(75)
[2025-08-28T13:03:55.648+0000][1087812][info ][gc,heap     ] GC(162) Survivor regions: 1->1(10)
[2025-08-28T13:03:55.648+0000][1087812][info ][gc,heap     ] GC(162) Old regions: 25->25
[2025-08-28T13:03:55.648+0000][1087812][info ][gc,heap     ] GC(162) Humongous regions: 0->0
[2025-08-28T13:03:55.648+0000][1087812][info ][gc,metaspace] GC(162) Metaspace: 144059K(148032K)->144059K(148032K) NonClass: 124565K(126592K)->124565K(126592K) Class: 19493K(21440K)->19493K(21440K)
[2025-08-28T13:03:55.648+0000][1087812][info ][gc          ] GC(162) Pause Young (Normal) (G1 Evacuation Pause) 400M->100M(512M) 1.614ms
[2025-08-28T13:03:55.648+0000][1087812][info ][gc,cpu      ] GC(162) User=0.00s Sys=0.00s Real=0.00s
[2025-08-28T13:03:55.648+0000][1087812][info ][safepoint   ] Safepoint "G1CollectForAllocation", Time since last: 1990092917 ns, Reaching safepoint: 60431 ns, Cleanup: 4326 ns, At safepoint: 1746775 ns, Total: 1811532 ns
[2025-08-28T13:03:57.610+0000][1087812][info ][gc,start    ] GC(163) Pause Young (Normal) (G1 Evacuation Pause)
[2025-08-28T13:03:57.610+0000][1087812][info ][gc,task     ] GC(163) Using 12 workers of 33 for evacuation
[2025-08-28T13:03:57.610+0000][1087812][debug][gc,age      ] GC(163) Desired survivor size 20971520 bytes, new threshold 15 (max threshold 15)
[2025-08-28T13:03:57.612+0000][1087812][info ][gc,phases   ] GC(163)   Pre Evacuate Collection Set: 0.2ms
[2025-08-28T13:03:57.612+0000][1087812][info ][gc,phases   ] GC(163)   Merge Heap Roots: 0.1ms
[2025-08-28T13:03:57.612+0000][1087812][info ][gc,phases   ] GC(163)   Evacuate Collection Set: 1.2ms
[2025-08-28T13:03:57.612+0000][1087812][info ][gc,phases   ] GC(163)   Post Evacuate Collection Set: 0.4ms
[2025-08-28T13:03:57.612+0000][1087812][info ][gc,phases   ] GC(163)   Other: 0.1ms
[2025-08-28T13:03:57.612+0000][1087812][trace][gc,age      ] GC(163) Age table with threshold 15 (max threshold 15)
[2025-08-28T13:03:57.612+0000][1087812][trace][gc,age      ] GC(163) - age   1:     939552 bytes,     939552 total
[2025-08-28T13:03:57.612+0000][1087812][trace][gc,age      ] GC(163) - age   2:      11416 bytes,     950968 total
[2025-08-28T13:03:57.612+0000][1087812][trace][gc,age      ] GC(163) - age   3:       2448 bytes,     953416 total
[2025-08-28T13:03:57.612+0000][1087812][trace][gc,age      ] GC(163) - age   4:        240 bytes,     953656 total
[2025-08-28T13:03:57.612+0000][1087812][trace][gc,age      ] GC(163) - age   6:        536 bytes,     954192 total
[2025-08-28T13:03:57.612+0000][1087812][trace][gc,age      ] GC(163) - age   9:       1544 bytes,     955736 total
[2025-08-28T13:03:57.612+0000][1087812][trace][gc,age      ] GC(163) - age  10:        376 bytes,     956112 total
[2025-08-28T13:03:57.612+0000][1087812][trace][gc,age      ] GC(163) - age  11:       2672 bytes,     958784 total
[2025-08-28T13:03:57.612+0000][1087812][trace][gc,age      ] GC(163) - age  12:         56 bytes,     958840 total
[2025-08-28T13:03:57.612+0000][1087812][trace][gc,age      ] GC(163) - age  13:        392 bytes,     959232 total
[2025-08-28T13:03:57.612+0000][1087812][info ][gc,heap     ] GC(163) Eden regions: 75->0(75)
[2025-08-28T13:03:57.612+0000][1087812][info ][gc,heap     ] GC(163) Survivor regions: 1->1(10)
[2025-08-28T13:03:57.612+0000][1087812][info ][gc,heap     ] GC(163) Old regions: 25->25
[2025-08-28T13:03:57.612+0000][1087812][info ][gc,heap     ] GC(163) Humongous regions: 0->0
[2025-08-28T13:03:57.612+0000][1087812][info ][gc,metaspace] GC(163) Metaspace: 144068K(148096K)->144068K(148096K) NonClass: 124574K(126656K)->124574K(126656K) Class: 19493K(21440K)->19493K(21440K)
[2025-08-28T13:03:57.612+0000][1087812][info ][gc          ] GC(163) Pause Young (Normal) (G1 Evacuation Pause) 400M->100M(512M) 2.123ms
[2025-08-28T13:03:57.612+0000][1087812][info ][gc,cpu      ] GC(163) User=0.01s Sys=0.01s Real=0.01s
[2025-08-28T13:03:57.612+0000][1087812][info ][safepoint   ] Safepoint "G1CollectForAllocation", Time since last: 1961474191 ns, Reaching safepoint: 35123 ns, Cleanup: 11507 ns, At safepoint: 2236521 ns, Total: 2283151 ns
[2025-08-28T13:03:59.572+0000][1087812][info ][gc,start    ] GC(164) Pause Young (Normal) (G1 Evacuation Pause)
[2025-08-28T13:03:59.572+0000][1087812][info ][gc,task     ] GC(164) Using 12 workers of 33 for evacuation
[2025-08-28T13:03:59.572+0000][1087812][debug][gc,age      ] GC(164) Desired survivor size 20971520 bytes, new threshold 15 (max threshold 15)
[2025-08-28T13:03:59.574+0000][1087812][info ][gc,phases   ] GC(164)   Pre Evacuate Collection Set: 0.1ms
[2025-08-28T13:03:59.574+0000][1087812][info ][gc,phases   ] GC(164)   Merge Heap Roots: 0.1ms
[2025-08-28T13:03:59.574+0000][1087812][info ][gc,phases   ] GC(164)   Evacuate Collection Set: 0.9ms
[2025-08-28T13:03:59.574+0000][1087812][info ][gc,phases   ] GC(164)   Post Evacuate Collection Set: 0.4ms
[2025-08-28T13:03:59.574+0000][1087812][info ][gc,phases   ] GC(164)   Other: 0.1ms
[2025-08-28T13:03:59.574+0000][1087812][trace][gc,age      ] GC(164) Age table with threshold 15 (max threshold 15)
[2025-08-28T13:03:59.574+0000][1087812][trace][gc,age      ] GC(164) - age   1:    1203792 bytes,    1203792 total
[2025-08-28T13:03:59.574+0000][1087812][trace][gc,age      ] GC(164) - age   2:        600 bytes,    1204392 total
[2025-08-28T13:03:59.574+0000][1087812][trace][gc,age      ] GC(164) - age   3:      11240 bytes,    1215632 total
[2025-08-28T13:03:59.574+0000][1087812][trace][gc,age      ] GC(164) - age   4:       2448 bytes,    1218080 total
[2025-08-28T13:03:59.574+0000][1087812][trace][gc,age      ] GC(164) - age   5:        240 bytes,    1218320 total
[2025-08-28T13:03:59.574+0000][1087812][trace][gc,age      ] GC(164) - age   7:        536 bytes,    1218856 total
[2025-08-28T13:03:59.574+0000][1087812][trace][gc,age      ] GC(164) - age  10:       1544 bytes,    1220400 total
[2025-08-28T13:03:59.574+0000][1087812][trace][gc,age      ] GC(164) - age  11:        376 bytes,    1220776 total
[2025-08-28T13:03:59.574+0000][1087812][trace][gc,age      ] GC(164) - age  12:       2672 bytes,    1223448 total
[2025-08-28T13:03:59.574+0000][1087812][trace][gc,age      ] GC(164) - age  13:         56 bytes,    1223504 total
[2025-08-28T13:03:59.574+0000][1087812][trace][gc,age      ] GC(164) - age  14:        392 bytes,    1223896 total
[2025-08-28T13:03:59.574+0000][1087812][info ][gc,heap     ] GC(164) Eden regions: 75->0(75)
[2025-08-28T13:03:59.574+0000][1087812][info ][gc,heap     ] GC(164) Survivor regions: 1->1(10)
[2025-08-28T13:03:59.574+0000][1087812][info ][gc,heap     ] GC(164) Old regions: 25->25
[2025-08-28T13:03:59.574+0000][1087812][info ][gc,heap     ] GC(164) Humongous regions: 0->0
[2025-08-28T13:03:59.574+0000][1087812][info ][gc,metaspace] GC(164) Metaspace: 144095K(148096K)->144095K(148096K) NonClass: 124601K(126656K)->124601K(126656K) Class: 19493K(21440K)->19493K(21440K)
[2025-08-28T13:03:59.574+0000][1087812][info ][gc          ] GC(164) Pause Young (Normal) (G1 Evacuation Pause) 400M->100M(512M) 1.631ms
[2025-08-28T13:03:59.574+0000][1087812][info ][gc,cpu      ] GC(164) User=0.00s Sys=0.00s Real=0.00s
[2025-08-28T13:03:59.574+0000][1087812][info ][safepoint   ] Safepoint "G1CollectForAllocation", Time since last: 1960249109 ns, Reaching safepoint: 57016 ns, Cleanup: 9174 ns, At safepoint: 1735267 ns, Total: 1801457 ns
[2025-08-28T13:04:01.534+0000][1087812][info ][gc,start    ] GC(165) Pause Young (Normal) (G1 Evacuation Pause)
[2025-08-28T13:04:01.534+0000][1087812][info ][gc,task     ] GC(165) Using 12 workers of 33 for evacuation
[2025-08-28T13:04:01.534+0000][1087812][debug][gc,age      ] GC(165) Desired survivor size 20971520 bytes, new threshold 15 (max threshold 15)
[2025-08-28T13:04:01.535+0000][1087812][info ][gc,phases   ] GC(165)   Pre Evacuate Collection Set: 0.2ms
[2025-08-28T13:04:01.535+0000][1087812][info ][gc,phases   ] GC(165)   Merge Heap Roots: 0.1ms
[2025-08-28T13:04:01.535+0000][1087812][info ][gc,phases   ] GC(165)   Evacuate Collection Set: 0.9ms
[2025-08-28T13:04:01.535+0000][1087812][info ][gc,phases   ] GC(165)   Post Evacuate Collection Set: 0.3ms
[2025-08-28T13:04:01.535+0000][1087812][info ][gc,phases   ] GC(165)   Other: 0.0ms
[2025-08-28T13:04:01.535+0000][1087812][trace][gc,age      ] GC(165) Age table with threshold 15 (max threshold 15)
[2025-08-28T13:04:01.535+0000][1087812][trace][gc,age      ] GC(165) - age   1:    1457288 bytes,    1457288 total
[2025-08-28T13:04:01.535+0000][1087812][trace][gc,age      ] GC(165) - age   2:       1016 bytes,    1458304 total
[2025-08-28T13:04:01.535+0000][1087812][trace][gc,age      ] GC(165) - age   3:        600 bytes,    1458904 total
[2025-08-28T13:04:01.535+0000][1087812][trace][gc,age      ] GC(165) - age   4:      10704 bytes,    1469608 total
[2025-08-28T13:04:01.535+0000][1087812][trace][gc,age      ] GC(165) - age   5:       2448 bytes,    1472056 total
[2025-08-28T13:04:01.535+0000][1087812][trace][gc,age      ] GC(165) - age   8:        536 bytes,    1472592 total
[2025-08-28T13:04:01.535+0000][1087812][trace][gc,age      ] GC(165) - age  11:       1544 bytes,    1474136 total
[2025-08-28T13:04:01.535+0000][1087812][trace][gc,age      ] GC(165) - age  12:        376 bytes,    1474512 total
[2025-08-28T13:04:01.535+0000][1087812][trace][gc,age      ] GC(165) - age  13:       2424 bytes,    1476936 total
[2025-08-28T13:04:01.535+0000][1087812][trace][gc,age      ] GC(165) - age  14:         56 bytes,    1476992 total
[2025-08-28T13:04:01.535+0000][1087812][trace][gc,age      ] GC(165) - age  15:        392 bytes,    1477384 total
[2025-08-28T13:04:01.535+0000][1087812][info ][gc,heap     ] GC(165) Eden regions: 75->0(75)
[2025-08-28T13:04:01.535+0000][1087812][info ][gc,heap     ] GC(165) Survivor regions: 1->1(10)
[2025-08-28T13:04:01.535+0000][1087812][info ][gc,heap     ] GC(165) Old regions: 25->25
[2025-08-28T13:04:01.535+0000][1087812][info ][gc,heap     ] GC(165) Humongous regions: 0->0
[2025-08-28T13:04:01.536+0000][1087812][info ][gc,metaspace] GC(165) Metaspace: 144095K(148096K)->144095K(148096K) NonClass: 124601K(126656K)->124601K(126656K) Class: 19493K(21440K)->19493K(21440K)
[2025-08-28T13:04:01.536+0000][1087812][info ][gc          ] GC(165) Pause Young (Normal) (G1 Evacuation Pause) 400M->100M(512M) 1.654ms
[2025-08-28T13:04:01.536+0000][1087812][info ][gc,cpu      ] GC(165) User=0.01s Sys=0.00s Real=0.00s
[2025-08-28T13:04:01.536+0000][1087812][info ][safepoint   ] Safepoint "G1CollectForAllocation", Time since last: 1959605253 ns, Reaching safepoint: 90716 ns, Cleanup: 9895 ns, At safepoint: 1758162 ns, Total: 1858773 ns
[2025-08-28T13:04:02.341+0000][1087812][info ][gc,start    ] GC(166) Pause Young (Normal) (G1 Evacuation Pause)
[2025-08-28T13:04:02.341+0000][1087812][info ][gc,task     ] GC(166) Using 12 workers of 33 for evacuation
[2025-08-28T13:04:02.341+0000][1087812][debug][gc,age      ] GC(166) Desired survivor size 20971520 bytes, new threshold 15 (max threshold 15)
[2025-08-28T13:04:02.343+0000][1087812][info ][gc,phases   ] GC(166)   Pre Evacuate Collection Set: 0.2ms
[2025-08-28T13:04:02.343+0000][1087812][info ][gc,phases   ] GC(166)   Merge Heap Roots: 0.1ms
[2025-08-28T13:04:02.343+0000][1087812][info ][gc,phases   ] GC(166)   Evacuate Collection Set: 1.4ms
[2025-08-28T13:04:02.343+0000][1087812][info ][gc,phases   ] GC(166)   Post Evacuate Collection Set: 0.4ms
[2025-08-28T13:04:02.343+0000][1087812][info ][gc,phases   ] GC(166)   Other: 0.0ms
[2025-08-28T13:04:02.343+0000][1087812][trace][gc,age      ] GC(166) Age table with threshold 15 (max threshold 15)
[2025-08-28T13:04:02.343+0000][1087812][trace][gc,age      ] GC(166) - age   1:   32773944 bytes,   32773944 total
[2025-08-28T13:04:02.343+0000][1087812][trace][gc,age      ] GC(166) - age   2:       2368 bytes,   32776312 total
[2025-08-28T13:04:02.343+0000][1087812][trace][gc,age      ] GC(166) - age   3:       1016 bytes,   32777328 total
[2025-08-28T13:04:02.343+0000][1087812][trace][gc,age      ] GC(166) - age   4:        600 bytes,   32777928 total
[2025-08-28T13:04:02.343+0000][1087812][trace][gc,age      ] GC(166) - age   5:      10704 bytes,   32788632 total
[2025-08-28T13:04:02.343+0000][1087812][trace][gc,age      ] GC(166) - age   6:       2336 bytes,   32790968 total
[2025-08-28T13:04:02.343+0000][1087812][trace][gc,age      ] GC(166) - age   9:        536 bytes,   32791504 total
[2025-08-28T13:04:02.343+0000][1087812][trace][gc,age      ] GC(166) - age  12:       1544 bytes,   32793048 total
[2025-08-28T13:04:02.343+0000][1087812][trace][gc,age      ] GC(166) - age  13:        376 bytes,   32793424 total
[2025-08-28T13:04:02.343+0000][1087812][trace][gc,age      ] GC(166) - age  14:       2424 bytes,   32795848 total
[2025-08-28T13:04:02.343+0000][1087812][trace][gc,age      ] GC(166) - age  15:         56 bytes,   32795904 total
[2025-08-28T13:04:02.343+0000][1087812][info ][gc,heap     ] GC(166) Eden regions: 75->0(67)
[2025-08-28T13:04:02.343+0000][1087812][info ][gc,heap     ] GC(166) Survivor regions: 1->9(10)
[2025-08-28T13:04:02.343+0000][1087812][info ][gc,heap     ] GC(166) Old regions: 25->25
[2025-08-28T13:04:02.343+0000][1087812][info ][gc,heap     ] GC(166) Humongous regions: 0->0
[2025-08-28T13:04:02.343+0000][1087812][info ][gc,metaspace] GC(166) Metaspace: 144153K(148224K)->144153K(148224K) NonClass: 124659K(126784K)->124659K(126784K) Class: 19494K(21440K)->19494K(21440K)
[2025-08-28T13:04:02.343+0000][1087812][info ][gc          ] GC(166) Pause Young (Normal) (G1 Evacuation Pause) 400M->131M(512M) 2.196ms
[2025-08-28T13:04:02.343+0000][1087812][info ][gc,cpu      ] GC(166) User=0.02s Sys=0.00s Real=0.00s
[2025-08-28T13:04:02.343+0000][1087812][info ][safepoint   ] Safepoint "G1CollectForAllocation", Time since last: 805459139 ns, Reaching safepoint: 26029 ns, Cleanup: 39490 ns, At safepoint: 2345625 ns, Total: 2411144 ns
[2025-08-28T13:04:03.085+0000][1087812][info ][gc,start    ] GC(167) Pause Young (Normal) (G1 Evacuation Pause)
[2025-08-28T13:04:03.085+0000][1087812][info ][gc,task     ] GC(167) Using 12 workers of 33 for evacuation
[2025-08-28T13:04:03.085+0000][1087812][debug][gc,age      ] GC(167) Desired survivor size 20971520 bytes, new threshold 1 (max threshold 15)
[2025-08-28T13:04:03.086+0000][1087812][info ][gc,phases   ] GC(167)   Pre Evacuate Collection Set: 0.2ms
[2025-08-28T13:04:03.086+0000][1087812][info ][gc,phases   ] GC(167)   Merge Heap Roots: 0.1ms
[2025-08-28T13:04:03.086+0000][1087812][info ][gc,phases   ] GC(167)   Evacuate Collection Set: 1.0ms
[2025-08-28T13:04:03.087+0000][1087812][info ][gc,phases   ] GC(167)   Post Evacuate Collection Set: 0.3ms
[2025-08-28T13:04:03.087+0000][1087812][info ][gc,phases   ] GC(167)   Other: 0.0ms
[2025-08-28T13:04:03.087+0000][1087812][trace][gc,age      ] GC(167) Age table with threshold 1 (max threshold 15)
[2025-08-28T13:04:03.087+0000][1087812][trace][gc,age      ] GC(167) - age   1:    1160328 bytes,    1160328 total
[2025-08-28T13:04:03.087+0000][1087812][info ][gc,heap     ] GC(167) Eden regions: 67->0(75)
[2025-08-28T13:04:03.087+0000][1087812][info ][gc,heap     ] GC(167) Survivor regions: 9->1(10)
[2025-08-28T13:04:03.087+0000][1087812][info ][gc,heap     ] GC(167) Old regions: 25->25
[2025-08-28T13:04:03.087+0000][1087812][info ][gc,heap     ] GC(167) Humongous regions: 0->0
[2025-08-28T13:04:03.087+0000][1087812][info ][gc,metaspace] GC(167) Metaspace: 144169K(148224K)->144169K(148224K) NonClass: 124675K(126784K)->124675K(126784K) Class: 19494K(21440K)->19494K(21440K)
[2025-08-28T13:04:03.087+0000][1087812][info ][gc          ] GC(167) Pause Young (Normal) (G1 Evacuation Pause) 399M->100M(512M) 1.685ms
[2025-08-28T13:04:03.087+0000][1087812][info ][gc,cpu      ] GC(167) User=0.01s Sys=0.00s Real=0.00s
[2025-08-28T13:04:03.087+0000][1087812][info ][safepoint   ] Safepoint "G1CollectForAllocation", Time since last: 741304241 ns, Reaching safepoint: 25919 ns, Cleanup: 29795 ns, At safepoint: 1802669 ns, Total: 1858383 ns
[2025-08-28T13:04:03.256+0000][1087812][info ][gc,start    ] GC(168) Pause Young (Normal) (G1 Evacuation Pause)
[2025-08-28T13:04:03.256+0000][1087812][info ][gc,task     ] GC(168) Using 12 workers of 33 for evacuation
[2025-08-28T13:04:03.256+0000][1087812][debug][gc,age      ] GC(168) Desired survivor size 20971520 bytes, new threshold 15 (max threshold 15)
[2025-08-28T13:04:03.259+0000][1087812][info ][gc,phases   ] GC(168)   Pre Evacuate Collection Set: 0.1ms
[2025-08-28T13:04:03.259+0000][1087812][info ][gc,phases   ] GC(168)   Merge Heap Roots: 0.1ms
[2025-08-28T13:04:03.259+0000][1087812][info ][gc,phases   ] GC(168)   Evacuate Collection Set: 1.8ms
[2025-08-28T13:04:03.259+0000][1087812][info ][gc,phases   ] GC(168)   Post Evacuate Collection Set: 0.4ms
[2025-08-28T13:04:03.259+0000][1087812][info ][gc,phases   ] GC(168)   Other: 0.1ms
[2025-08-28T13:04:03.259+0000][1087812][trace][gc,age      ] GC(168) Age table with threshold 15 (max threshold 15)
[2025-08-28T13:04:03.259+0000][1087812][trace][gc,age      ] GC(168) - age   1:   40133800 bytes,   40133800 total
[2025-08-28T13:04:03.259+0000][1087812][trace][gc,age      ] GC(168) - age   2:      71920 bytes,   40205720 total
[2025-08-28T13:04:03.259+0000][1087812][info ][gc,heap     ] GC(168) Eden regions: 75->0(66)
[2025-08-28T13:04:03.259+0000][1087812][info ][gc,heap     ] GC(168) Survivor regions: 1->10(10)
[2025-08-28T13:04:03.259+0000][1087812][info ][gc,heap     ] GC(168) Old regions: 25->27
[2025-08-28T13:04:03.259+0000][1087812][info ][gc,heap     ] GC(168) Humongous regions: 0->0
[2025-08-28T13:04:03.259+0000][1087812][info ][gc,metaspace] GC(168) Metaspace: 144178K(148224K)->144178K(148224K) NonClass: 124683K(126784K)->124683K(126784K) Class: 19494K(21440K)->19494K(21440K)
[2025-08-28T13:04:03.259+0000][1087812][info ][gc          ] GC(168) Pause Young (Normal) (G1 Evacuation Pause) 400M->144M(512M) 2.619ms
[2025-08-28T13:04:03.259+0000][1087812][info ][gc,cpu      ] GC(168) User=0.02s Sys=0.00s Real=0.00s
[2025-08-28T13:04:03.259+0000][1087812][info ][safepoint   ] Safepoint "G1CollectForAllocation", Time since last: 169726433 ns, Reaching safepoint: 23586 ns, Cleanup: 18968 ns, At safepoint: 2781861 ns, Total: 2824415 ns
[2025-08-28T13:04:03.784+0000][1087812][info ][gc,start    ] GC(169) Pause Young (Concurrent Start) (G1 Evacuation Pause)
[2025-08-28T13:04:03.784+0000][1087812][info ][gc,task     ] GC(169) Using 12 workers of 33 for evacuation
[2025-08-28T13:04:03.784+0000][1087812][debug][gc,age      ] GC(169) Desired survivor size 20971520 bytes, new threshold 1 (max threshold 15)
[2025-08-28T13:04:03.787+0000][1087812][info ][gc,phases   ] GC(169)   Pre Evacuate Collection Set: 0.3ms
[2025-08-28T13:04:03.787+0000][1087812][info ][gc,phases   ] GC(169)   Merge Heap Roots: 0.1ms
[2025-08-28T13:04:03.787+0000][1087812][info ][gc,phases   ] GC(169)   Evacuate Collection Set: 2.1ms
[2025-08-28T13:04:03.787+0000][1087812][info ][gc,phases   ] GC(169)   Post Evacuate Collection Set: 0.4ms
[2025-08-28T13:04:03.787+0000][1087812][info ][gc,phases   ] GC(169)   Other: 0.1ms
[2025-08-28T13:04:03.787+0000][1087812][trace][gc,age      ] GC(169) Age table with threshold 1 (max threshold 15)
[2025-08-28T13:04:03.787+0000][1087812][trace][gc,age      ] GC(169) - age   1:    7771096 bytes,    7771096 total
[2025-08-28T13:04:03.787+0000][1087812][info ][gc,heap     ] GC(169) Eden regions: 66->0(73)
[2025-08-28T13:04:03.787+0000][1087812][info ][gc,heap     ] GC(169) Survivor regions: 10->3(10)
[2025-08-28T13:04:03.787+0000][1087812][info ][gc,heap     ] GC(169) Old regions: 27->32
[2025-08-28T13:04:03.787+0000][1087812][info ][gc,heap     ] GC(169) Humongous regions: 0->0
[2025-08-28T13:04:03.787+0000][1087812][info ][gc,metaspace] GC(169) Metaspace: 144181K(148224K)->144181K(148224K) NonClass: 124686K(126784K)->124686K(126784K) Class: 19494K(21440K)->19494K(21440K)
[2025-08-28T13:04:03.787+0000][1087812][info ][gc          ] GC(169) Pause Young (Concurrent Start) (G1 Evacuation Pause) 408M->132M(512M) 3.064ms
[2025-08-28T13:04:03.787+0000][1087812][info ][gc          ] GC(170) Concurrent Mark Cycle
[2025-08-28T13:04:03.787+0000][1087812][info ][gc,marking  ] GC(170) Concurrent Scan Root Regions
[2025-08-28T13:04:03.787+0000][1087812][info ][gc,cpu      ] GC(169) User=0.01s Sys=0.01s Real=0.00s
[2025-08-28T13:04:03.787+0000][1087812][info ][safepoint   ] Safepoint "G1CollectForAllocation", Time since last: 524544870 ns, Reaching safepoint: 25188 ns, Cleanup: 23025 ns, At safepoint: 3200650 ns, Total: 3248863 ns
[2025-08-28T13:04:03.788+0000][1087812][info ][gc,marking  ] GC(170) Concurrent Scan Root Regions 0.849ms
[2025-08-28T13:04:03.788+0000][1087812][info ][gc,marking  ] GC(170) Concurrent Mark
[2025-08-28T13:04:03.788+0000][1087812][info ][gc,marking  ] GC(170) Concurrent Mark From Roots
[2025-08-28T13:04:03.788+0000][1087812][info ][gc,task     ] GC(170) Using 8 workers of 8 for marking
[2025-08-28T13:04:03.802+0000][1087812][info ][gc,marking  ] GC(170) Concurrent Mark From Roots 14.187ms
[2025-08-28T13:04:03.802+0000][1087812][info ][gc,marking  ] GC(170) Concurrent Preclean
[2025-08-28T13:04:03.802+0000][1087812][info ][gc,marking  ] GC(170) Concurrent Preclean 0.227ms
[2025-08-28T13:04:03.802+0000][1087812][info ][gc,start    ] GC(170) Pause Remark
[2025-08-28T13:04:03.808+0000][1087812][info ][gc          ] GC(170) Pause Remark 137M->137M(512M) 5.652ms
[2025-08-28T13:04:03.808+0000][1087812][info ][gc,cpu      ] GC(170) User=0.03s Sys=0.00s Real=0.00s
[2025-08-28T13:04:03.808+0000][1087812][info ][safepoint   ] Safepoint "G1PauseRemark", Time since last: 15292009 ns, Reaching safepoint: 20651 ns, Cleanup: 2184 ns, At safepoint: 5726906 ns, Total: 5749741 ns
[2025-08-28T13:04:03.808+0000][1087812][info ][gc,marking  ] GC(170) Concurrent Mark 20.222ms
[2025-08-28T13:04:03.808+0000][1087812][info ][gc,marking  ] GC(170) Concurrent Rebuild Remembered Sets and Scrub Regions
[2025-08-28T13:04:03.824+0000][1087812][info ][gc,marking  ] GC(170) Concurrent Rebuild Remembered Sets and Scrub Regions 15.921ms
[2025-08-28T13:04:03.824+0000][1087812][info ][gc,start    ] GC(170) Pause Cleanup
[2025-08-28T13:04:03.824+0000][1087812][info ][gc          ] GC(170) Pause Cleanup 142M->142M(512M) 0.079ms
[2025-08-28T13:04:03.824+0000][1087812][info ][gc,cpu      ] GC(170) User=0.00s Sys=0.00s Real=0.00s
[2025-08-28T13:04:03.824+0000][1087812][info ][safepoint   ] Safepoint "G1PauseCleanup", Time since last: 15973073 ns, Reaching safepoint: 19549 ns, Cleanup: 8463 ns, At safepoint: 120431 ns, Total: 148443 ns
[2025-08-28T13:04:03.824+0000][1087812][info ][gc,marking  ] GC(170) Concurrent Clear Claimed Marks
[2025-08-28T13:04:03.824+0000][1087812][info ][gc,marking  ] GC(170) Concurrent Clear Claimed Marks 0.347ms
[2025-08-28T13:04:03.824+0000][1087812][info ][gc,marking  ] GC(170) Concurrent Cleanup for Next Mark
[2025-08-28T13:04:03.825+0000][1087812][info ][gc,marking  ] GC(170) Concurrent Cleanup for Next Mark 0.185ms
[2025-08-28T13:04:03.825+0000][1087812][info ][gc          ] GC(170) Concurrent Mark Cycle 37.753ms
[2025-08-28T13:04:04.410+0000][1087812][info ][gc,start    ] GC(171) Pause Young (Prepare Mixed) (G1 Evacuation Pause)
[2025-08-28T13:04:04.410+0000][1087812][info ][gc,task     ] GC(171) Using 12 workers of 33 for evacuation
[2025-08-28T13:04:04.410+0000][1087812][debug][gc,age      ] GC(171) Desired survivor size 20971520 bytes, new threshold 15 (max threshold 15)
[2025-08-28T13:04:04.412+0000][1087812][info ][gc,phases   ] GC(171)   Pre Evacuate Collection Set: 0.2ms
[2025-08-28T13:04:04.412+0000][1087812][info ][gc,phases   ] GC(171)   Merge Heap Roots: 0.1ms
[2025-08-28T13:04:04.412+0000][1087812][info ][gc,phases   ] GC(171)   Evacuate Collection Set: 1.6ms
[2025-08-28T13:04:04.412+0000][1087812][info ][gc,phases   ] GC(171)   Post Evacuate Collection Set: 0.3ms
[2025-08-28T13:04:04.412+0000][1087812][info ][gc,phases   ] GC(171)   Other: 0.1ms
[2025-08-28T13:04:04.412+0000][1087812][trace][gc,age      ] GC(171) Age table with threshold 15 (max threshold 15)
[2025-08-28T13:04:04.412+0000][1087812][trace][gc,age      ] GC(171) - age   1:    1859320 bytes,    1859320 total
[2025-08-28T13:04:04.412+0000][1087812][trace][gc,age      ] GC(171) - age   2:     181712 bytes,    2041032 total
[2025-08-28T13:04:04.412+0000][1087812][info ][gc,heap     ] GC(171) Eden regions: 73->0(75)
[2025-08-28T13:04:04.412+0000][1087812][info ][gc,heap     ] GC(171) Survivor regions: 3->1(10)
[2025-08-28T13:04:04.412+0000][1087812][info ][gc,heap     ] GC(171) Old regions: 32->32
[2025-08-28T13:04:04.412+0000][1087812][info ][gc,heap     ] GC(171) Humongous regions: 0->0
[2025-08-28T13:04:04.412+0000][1087812][info ][gc,metaspace] GC(171) Metaspace: 144242K(148288K)->144242K(148288K) NonClass: 124747K(126848K)->124747K(126848K) Class: 19494K(21440K)->19494K(21440K)
[2025-08-28T13:04:04.412+0000][1087812][info ][gc          ] GC(171) Pause Young (Prepare Mixed) (G1 Evacuation Pause) 424M->126M(512M) 2.349ms
[2025-08-28T13:04:04.412+0000][1087812][info ][gc,cpu      ] GC(171) User=0.01s Sys=0.00s Real=0.01s
[2025-08-28T13:04:04.412+0000][1087812][info ][safepoint   ] Safepoint "G1CollectForAllocation", Time since last: 585392308 ns, Reaching safepoint: 54472 ns, Cleanup: 15313 ns, At safepoint: 2475119 ns, Total: 2544904 ns
[2025-08-28T13:04:04.812+0000][1087812][info ][gc,start    ] GC(172) Pause Young (Mixed) (G1 Evacuation Pause)
[2025-08-28T13:04:04.812+0000][1087812][info ][gc,task     ] GC(172) Using 12 workers of 33 for evacuation
[2025-08-28T13:04:04.812+0000][1087812][debug][gc,age      ] GC(172) Desired survivor size 20971520 bytes, new threshold 15 (max threshold 15)
[2025-08-28T13:04:04.817+0000][1087812][info ][gc,phases   ] GC(172)   Pre Evacuate Collection Set: 0.2ms
[2025-08-28T13:04:04.817+0000][1087812][info ][gc,phases   ] GC(172)   Merge Heap Roots: 0.0ms
[2025-08-28T13:04:04.817+0000][1087812][info ][gc,phases   ] GC(172)   Evacuate Collection Set: 3.4ms
[2025-08-28T13:04:04.817+0000][1087812][info ][gc,phases   ] GC(172)   Post Evacuate Collection Set: 0.4ms
[2025-08-28T13:04:04.817+0000][1087812][info ][gc,phases   ] GC(172)   Other: 0.1ms
[2025-08-28T13:04:04.817+0000][1087812][trace][gc,age      ] GC(172) Age table with threshold 15 (max threshold 15)
[2025-08-28T13:04:04.817+0000][1087812][trace][gc,age      ] GC(172) - age   1:   13590552 bytes,   13590552 total
[2025-08-28T13:04:04.817+0000][1087812][trace][gc,age      ] GC(172) - age   2:     193152 bytes,   13783704 total
[2025-08-28T13:04:04.817+0000][1087812][trace][gc,age      ] GC(172) - age   3:     180864 bytes,   13964568 total
[2025-08-28T13:04:04.817+0000][1087812][info ][gc,heap     ] GC(172) Eden regions: 75->0(72)
[2025-08-28T13:04:04.817+0000][1087812][info ][gc,heap     ] GC(172) Survivor regions: 1->4(10)
[2025-08-28T13:04:04.817+0000][1087812][info ][gc,heap     ] GC(172) Old regions: 32->31
[2025-08-28T13:04:04.817+0000][1087812][info ][gc,heap     ] GC(172) Humongous regions: 0->0
[2025-08-28T13:04:04.817+0000][1087812][info ][gc,metaspace] GC(172) Metaspace: 144242K(148288K)->144242K(148288K) NonClass: 124748K(126848K)->124748K(126848K) Class: 19494K(21440K)->19494K(21440K)
[2025-08-28T13:04:04.817+0000][1087812][info ][gc          ] GC(172) Pause Young (Mixed) (G1 Evacuation Pause) 426M->137M(512M) 4.212ms
[2025-08-28T13:04:04.817+0000][1087812][info ][gc,cpu      ] GC(172) User=0.04s Sys=0.00s Real=0.00s
[2025-08-28T13:04:04.817+0000][1087812][info ][safepoint   ] Safepoint "G1CollectForAllocation", Time since last: 400241857 ns, Reaching safepoint: 24106 ns, Cleanup: 14942 ns, At safepoint: 4352831 ns, Total: 4391879 ns
[2025-08-28T13:04:05.162+0000][1087812][info ][gc,start    ] GC(173) Pause Young (Concurrent Start) (G1 Evacuation Pause)
[2025-08-28T13:04:05.162+0000][1087812][info ][gc,task     ] GC(173) Using 12 workers of 33 for evacuation
[2025-08-28T13:04:05.162+0000][1087812][debug][gc,age      ] GC(173) Desired survivor size 20971520 bytes, new threshold 15 (max threshold 15)
[2025-08-28T13:04:05.164+0000][1087812][info ][gc,phases   ] GC(173)   Pre Evacuate Collection Set: 0.2ms
[2025-08-28T13:04:05.164+0000][1087812][info ][gc,phases   ] GC(173)   Merge Heap Roots: 0.1ms
[2025-08-28T13:04:05.164+0000][1087812][info ][gc,phases   ] GC(173)   Evacuate Collection Set: 1.5ms
[2025-08-28T13:04:05.165+0000][1087812][info ][gc,phases   ] GC(173)   Post Evacuate Collection Set: 0.3ms
[2025-08-28T13:04:05.165+0000][1087812][info ][gc,phases   ] GC(173)   Other: 0.1ms
[2025-08-28T13:04:05.165+0000][1087812][trace][gc,age      ] GC(173) Age table with threshold 15 (max threshold 15)
[2025-08-28T13:04:05.165+0000][1087812][trace][gc,age      ] GC(173) - age   1:   11376736 bytes,   11376736 total
[2025-08-28T13:04:05.165+0000][1087812][trace][gc,age      ] GC(173) - age   2:       2096 bytes,   11378832 total
[2025-08-28T13:04:05.165+0000][1087812][trace][gc,age      ] GC(173) - age   3:      56416 bytes,   11435248 total
[2025-08-28T13:04:05.165+0000][1087812][trace][gc,age      ] GC(173) - age   4:     180784 bytes,   11616032 total
[2025-08-28T13:04:05.165+0000][1087812][info ][gc,heap     ] GC(173) Eden regions: 72->0(73)
[2025-08-28T13:04:05.165+0000][1087812][info ][gc,heap     ] GC(173) Survivor regions: 4->3(10)
[2025-08-28T13:04:05.165+0000][1087812][info ][gc,heap     ] GC(173) Old regions: 31->31
[2025-08-28T13:04:05.165+0000][1087812][info ][gc,heap     ] GC(173) Humongous regions: 0->0
[2025-08-28T13:04:05.165+0000][1087812][info ][gc,metaspace] GC(173) Metaspace: 144242K(148288K)->144242K(148288K) NonClass: 124748K(126848K)->124748K(126848K) Class: 19494K(21440K)->19494K(21440K)
[2025-08-28T13:04:05.165+0000][1087812][info ][gc          ] GC(173) Pause Young (Concurrent Start) (G1 Evacuation Pause) 425M->135M(512M) 2.320ms
[2025-08-28T13:04:05.165+0000][1087812][info ][gc,cpu      ] GC(173) User=0.01s Sys=0.00s Real=0.00s
[2025-08-28T13:04:05.165+0000][1087812][info ][gc          ] GC(174) Concurrent Mark Cycle
[2025-08-28T13:04:05.165+0000][1087812][info ][safepoint   ] Safepoint "G1CollectForAllocation", Time since last: 345481326 ns, Reaching safepoint: 25549 ns, Cleanup: 4406 ns, At safepoint: 2450423 ns, Total: 2480378 ns
[2025-08-28T13:04:05.165+0000][1087812][info ][gc,marking  ] GC(174) Concurrent Scan Root Regions
[2025-08-28T13:04:05.166+0000][1087812][info ][gc,marking  ] GC(174) Concurrent Scan Root Regions 1.169ms
[2025-08-28T13:04:05.166+0000][1087812][info ][gc,marking  ] GC(174) Concurrent Mark
[2025-08-28T13:04:05.166+0000][1087812][info ][gc,marking  ] GC(174) Concurrent Mark From Roots
[2025-08-28T13:04:05.166+0000][1087812][info ][gc,task     ] GC(174) Using 8 workers of 8 for marking
[2025-08-28T13:04:05.180+0000][1087812][info ][gc,marking  ] GC(174) Concurrent Mark From Roots 14.363ms
[2025-08-28T13:04:05.180+0000][1087812][info ][gc,marking  ] GC(174) Concurrent Preclean
[2025-08-28T13:04:05.181+0000][1087812][info ][gc,marking  ] GC(174) Concurrent Preclean 0.322ms
[2025-08-28T13:04:05.181+0000][1087812][info ][gc,start    ] GC(174) Pause Remark
[2025-08-28T13:04:05.183+0000][1087812][info ][gc          ] GC(174) Pause Remark 146M->134M(512M) 2.698ms
[2025-08-28T13:04:05.183+0000][1087812][info ][gc,cpu      ] GC(174) User=0.02s Sys=0.00s Real=0.00s
[2025-08-28T13:04:05.183+0000][1087812][info ][safepoint   ] Safepoint "G1PauseRemark", Time since last: 15911300 ns, Reaching safepoint: 17667 ns, Cleanup: 2163 ns, At safepoint: 2776382 ns, Total: 2796212 ns
[2025-08-28T13:04:05.183+0000][1087812][info ][gc,marking  ] GC(174) Concurrent Mark 17.543ms
[2025-08-28T13:04:05.183+0000][1087812][info ][gc,marking  ] GC(174) Concurrent Rebuild Remembered Sets and Scrub Regions
[2025-08-28T13:04:05.199+0000][1087812][info ][gc,marking  ] GC(174) Concurrent Rebuild Remembered Sets and Scrub Regions 15.912ms
[2025-08-28T13:04:05.199+0000][1087812][info ][gc,start    ] GC(174) Pause Cleanup
[2025-08-28T13:04:05.199+0000][1087812][info ][gc          ] GC(174) Pause Cleanup 139M->139M(512M) 0.083ms
[2025-08-28T13:04:05.199+0000][1087812][info ][gc,cpu      ] GC(174) User=0.00s Sys=0.00s Real=0.00s
[2025-08-28T13:04:05.199+0000][1087812][info ][safepoint   ] Safepoint "G1PauseCleanup", Time since last: 15975717 ns, Reaching safepoint: 18488 ns, Cleanup: 2354 ns, At safepoint: 127862 ns, Total: 148704 ns
[2025-08-28T13:04:05.199+0000][1087812][info ][gc,marking  ] GC(174) Concurrent Clear Claimed Marks
[2025-08-28T13:04:05.200+0000][1087812][info ][gc,marking  ] GC(174) Concurrent Clear Claimed Marks 0.469ms
[2025-08-28T13:04:05.200+0000][1087812][info ][gc,marking  ] GC(174) Concurrent Cleanup for Next Mark
[2025-08-28T13:04:05.200+0000][1087812][info ][gc,marking  ] GC(174) Concurrent Cleanup for Next Mark 0.220ms
[2025-08-28T13:04:05.200+0000][1087812][info ][gc          ] GC(174) Concurrent Mark Cycle 35.552ms
[2025-08-28T13:04:05.467+0000][1087812][info ][gc,start    ] GC(175) Pause Young (Prepare Mixed) (G1 Evacuation Pause)
[2025-08-28T13:04:05.467+0000][1087812][info ][gc,task     ] GC(175) Using 12 workers of 33 for evacuation
[2025-08-28T13:04:05.467+0000][1087812][debug][gc,age      ] GC(175) Desired survivor size 20971520 bytes, new threshold 15 (max threshold 15)
[2025-08-28T13:04:05.469+0000][1087812][info ][gc,phases   ] GC(175)   Pre Evacuate Collection Set: 0.2ms
[2025-08-28T13:04:05.469+0000][1087812][info ][gc,phases   ] GC(175)   Merge Heap Roots: 0.1ms
[2025-08-28T13:04:05.469+0000][1087812][info ][gc,phases   ] GC(175)   Evacuate Collection Set: 1.5ms
[2025-08-28T13:04:05.469+0000][1087812][info ][gc,phases   ] GC(175)   Post Evacuate Collection Set: 0.4ms
[2025-08-28T13:04:05.469+0000][1087812][info ][gc,phases   ] GC(175)   Other: 0.0ms
[2025-08-28T13:04:05.469+0000][1087812][trace][gc,age      ] GC(175) Age table with threshold 15 (max threshold 15)
[2025-08-28T13:04:05.469+0000][1087812][trace][gc,age      ] GC(175) - age   1:   25641008 bytes,   25641008 total
[2025-08-28T13:04:05.469+0000][1087812][trace][gc,age      ] GC(175) - age   2:       1624 bytes,   25642632 total
[2025-08-28T13:04:05.469+0000][1087812][trace][gc,age      ] GC(175) - age   3:       1248 bytes,   25643880 total
[2025-08-28T13:04:05.469+0000][1087812][trace][gc,age      ] GC(175) - age   4:       3520 bytes,   25647400 total
[2025-08-28T13:04:05.469+0000][1087812][trace][gc,age      ] GC(175) - age   5:      44592 bytes,   25691992 total
[2025-08-28T13:04:05.469+0000][1087812][info ][gc,heap     ] GC(175) Eden regions: 73->0(69)
[2025-08-28T13:04:05.469+0000][1087812][info ][gc,heap     ] GC(175) Survivor regions: 3->7(10)
[2025-08-28T13:04:05.469+0000][1087812][info ][gc,heap     ] GC(175) Old regions: 28->28
[2025-08-28T13:04:05.469+0000][1087812][info ][gc,heap     ] GC(175) Humongous regions: 0->0
[2025-08-28T13:04:05.469+0000][1087812][info ][gc,metaspace] GC(175) Metaspace: 144262K(148288K)->144262K(148288K) NonClass: 124766K(126848K)->124766K(126848K) Class: 19495K(21440K)->19495K(21440K)
[2025-08-28T13:04:05.469+0000][1087812][info ][gc          ] GC(175) Pause Young (Prepare Mixed) (G1 Evacuation Pause) 415M->137M(512M) 2.229ms
[2025-08-28T13:04:05.469+0000][1087812][info ][gc,cpu      ] GC(175) User=0.02s Sys=0.00s Real=0.00s
[2025-08-28T13:04:05.469+0000][1087812][info ][safepoint   ] Safepoint "G1CollectForAllocation", Time since last: 267627733 ns, Reaching safepoint: 24997 ns, Cleanup: 13030 ns, At safepoint: 2356681 ns, Total: 2394708 ns
[2025-08-28T13:04:06.083+0000][1087812][info ][gc,start    ] GC(176) Pause Young (Mixed) (G1 Evacuation Pause)
[2025-08-28T13:04:06.083+0000][1087812][info ][gc,task     ] GC(176) Using 12 workers of 33 for evacuation
[2025-08-28T13:04:06.083+0000][1087812][debug][gc,age      ] GC(176) Desired survivor size 20971520 bytes, new threshold 1 (max threshold 15)
[2025-08-28T13:04:06.085+0000][1087812][info ][gc,phases   ] GC(176)   Pre Evacuate Collection Set: 0.1ms
[2025-08-28T13:04:06.085+0000][1087812][info ][gc,phases   ] GC(176)   Merge Heap Roots: 0.1ms
[2025-08-28T13:04:06.085+0000][1087812][info ][gc,phases   ] GC(176)   Evacuate Collection Set: 1.3ms
[2025-08-28T13:04:06.085+0000][1087812][info ][gc,phases   ] GC(176)   Post Evacuate Collection Set: 0.3ms
[2025-08-28T13:04:06.085+0000][1087812][info ][gc,phases   ] GC(176)   Other: 0.0ms
[2025-08-28T13:04:06.085+0000][1087812][trace][gc,age      ] GC(176) Age table with threshold 1 (max threshold 15)
[2025-08-28T13:04:06.085+0000][1087812][trace][gc,age      ] GC(176) - age   1:    3655744 bytes,    3655744 total
[2025-08-28T13:04:06.085+0000][1087812][info ][gc,heap     ] GC(176) Eden regions: 69->0(75)
[2025-08-28T13:04:06.085+0000][1087812][info ][gc,heap     ] GC(176) Survivor regions: 7->1(10)
[2025-08-28T13:04:06.085+0000][1087812][info ][gc,heap     ] GC(176) Old regions: 28->26
[2025-08-28T13:04:06.085+0000][1087812][info ][gc,heap     ] GC(176) Humongous regions: 0->0
[2025-08-28T13:04:06.085+0000][1087812][info ][gc,metaspace] GC(176) Metaspace: 144276K(148288K)->144276K(148288K) NonClass: 124780K(126848K)->124780K(126848K) Class: 19495K(21440K)->19495K(21440K)
[2025-08-28T13:04:06.085+0000][1087812][info ][gc          ] GC(176) Pause Young (Mixed) (G1 Evacuation Pause) 413M->107M(512M) 1.914ms
[2025-08-28T13:04:06.085+0000][1087812][info ][gc,cpu      ] GC(176) User=0.01s Sys=0.00s Real=0.00s
[2025-08-28T13:04:06.085+0000][1087812][info ][safepoint   ] Safepoint "G1CollectForAllocation", Time since last: 613207397 ns, Reaching safepoint: 25428 ns, Cleanup: 34922 ns, At safepoint: 2023031 ns, Total: 2083381 ns
[2025-08-28T13:04:06.497+0000][1087812][info ][gc,start    ] GC(177) Pause Young (Normal) (G1 Evacuation Pause)
[2025-08-28T13:04:06.497+0000][1087812][info ][gc,task     ] GC(177) Using 12 workers of 33 for evacuation
[2025-08-28T13:04:06.497+0000][1087812][debug][gc,age      ] GC(177) Desired survivor size 20971520 bytes, new threshold 15 (max threshold 15)
[2025-08-28T13:04:06.499+0000][1087812][info ][gc,phases   ] GC(177)   Pre Evacuate Collection Set: 0.2ms
[2025-08-28T13:04:06.499+0000][1087812][info ][gc,phases   ] GC(177)   Merge Heap Roots: 0.1ms
[2025-08-28T13:04:06.499+0000][1087812][info ][gc,phases   ] GC(177)   Evacuate Collection Set: 0.7ms
[2025-08-28T13:04:06.499+0000][1087812][info ][gc,phases   ] GC(177)   Post Evacuate Collection Set: 0.3ms
[2025-08-28T13:04:06.499+0000][1087812][info ][gc,phases   ] GC(177)   Other: 0.1ms
[2025-08-28T13:04:06.499+0000][1087812][trace][gc,age      ] GC(177) Age table with threshold 15 (max threshold 15)
[2025-08-28T13:04:06.499+0000][1087812][trace][gc,age      ] GC(177) - age   1:    1184696 bytes,    1184696 total
[2025-08-28T13:04:06.499+0000][1087812][trace][gc,age      ] GC(177) - age   2:     183616 bytes,    1368312 total
[2025-08-28T13:04:06.499+0000][1087812][info ][gc,heap     ] GC(177) Eden regions: 75->0(75)
[2025-08-28T13:04:06.499+0000][1087812][info ][gc,heap     ] GC(177) Survivor regions: 1->1(10)
[2025-08-28T13:04:06.499+0000][1087812][info ][gc,heap     ] GC(177) Old regions: 26->26
[2025-08-28T13:04:06.499+0000][1087812][info ][gc,heap     ] GC(177) Humongous regions: 0->0
[2025-08-28T13:04:06.499+0000][1087812][info ][gc,metaspace] GC(177) Metaspace: 144280K(148352K)->144280K(148352K) NonClass: 124784K(126912K)->124784K(126912K) Class: 19495K(21440K)->19495K(21440K)
[2025-08-28T13:04:06.499+0000][1087812][info ][gc          ] GC(177) Pause Young (Normal) (G1 Evacuation Pause) 407M->105M(512M) 1.457ms
[2025-08-28T13:04:06.499+0000][1087812][info ][gc,cpu      ] GC(177) User=0.01s Sys=0.00s Real=0.00s
[2025-08-28T13:04:06.499+0000][1087812][info ][safepoint   ] Safepoint "G1CollectForAllocation", Time since last: 412241979 ns, Reaching safepoint: 24256 ns, Cleanup: 11247 ns, At safepoint: 1565693 ns, Total: 1601196 ns
[2025-08-28T13:04:07.499+0000][1087812][info ][safepoint   ] Safepoint "Cleanup", Time since last: 1000093954 ns, Reaching safepoint: 26229 ns, Cleanup: 10886 ns, At safepoint: 2985 ns, Total: 40100 ns
[2025-08-28T13:04:07.984+0000][1087812][info ][gc,start    ] GC(178) Pause Young (Normal) (G1 Evacuation Pause)
[2025-08-28T13:04:07.984+0000][1087812][info ][gc,task     ] GC(178) Using 12 workers of 33 for evacuation
[2025-08-28T13:04:07.984+0000][1087812][debug][gc,age      ] GC(178) Desired survivor size 20971520 bytes, new threshold 15 (max threshold 15)
[2025-08-28T13:04:07.985+0000][1087812][info ][gc,phases   ] GC(178)   Pre Evacuate Collection Set: 0.2ms
[2025-08-28T13:04:07.985+0000][1087812][info ][gc,phases   ] GC(178)   Merge Heap Roots: 0.1ms
[2025-08-28T13:04:07.985+0000][1087812][info ][gc,phases   ] GC(178)   Evacuate Collection Set: 0.9ms
[2025-08-28T13:04:07.985+0000][1087812][info ][gc,phases   ] GC(178)   Post Evacuate Collection Set: 0.3ms
[2025-08-28T13:04:07.985+0000][1087812][info ][gc,phases   ] GC(178)   Other: 0.1ms
[2025-08-28T13:04:07.986+0000][1087812][trace][gc,age      ] GC(178) Age table with threshold 15 (max threshold 15)
[2025-08-28T13:04:07.986+0000][1087812][trace][gc,age      ] GC(178) - age   1:    1763224 bytes,    1763224 total
[2025-08-28T13:04:07.986+0000][1087812][trace][gc,age      ] GC(178) - age   2:       1408 bytes,    1764632 total
[2025-08-28T13:04:07.986+0000][1087812][trace][gc,age      ] GC(178) - age   3:       1640 bytes,    1766272 total
[2025-08-28T13:04:07.986+0000][1087812][info ][gc,heap     ] GC(178) Eden regions: 75->0(75)
[2025-08-28T13:04:07.986+0000][1087812][info ][gc,heap     ] GC(178) Survivor regions: 1->1(10)
[2025-08-28T13:04:07.986+0000][1087812][info ][gc,heap     ] GC(178) Old regions: 26->26
[2025-08-28T13:04:07.986+0000][1087812][info ][gc,heap     ] GC(178) Humongous regions: 0->0
[2025-08-28T13:04:07.986+0000][1087812][info ][gc,metaspace] GC(178) Metaspace: 144290K(148352K)->144290K(148352K) NonClass: 124794K(126912K)->124794K(126912K) Class: 19495K(21440K)->19495K(21440K)
[2025-08-28T13:04:07.986+0000][1087812][info ][gc          ] GC(178) Pause Young (Normal) (G1 Evacuation Pause) 405M->105M(512M) 1.569ms
[2025-08-28T13:04:07.986+0000][1087812][info ][gc,cpu      ] GC(178) User=0.00s Sys=0.00s Real=0.00s
[2025-08-28T13:04:07.986+0000][1087812][info ][safepoint   ] Safepoint "G1CollectForAllocation", Time since last: 485120636 ns, Reaching safepoint: 25328 ns, Cleanup: 10426 ns, At safepoint: 1695247 ns, Total: 1731001 ns
[2025-08-28T13:04:09.985+0000][1087812][info ][gc,start    ] GC(179) Pause Young (Normal) (G1 Evacuation Pause)
[2025-08-28T13:04:09.985+0000][1087812][info ][gc,task     ] GC(179) Using 12 workers of 33 for evacuation
[2025-08-28T13:04:09.985+0000][1087812][debug][gc,age      ] GC(179) Desired survivor size 20971520 bytes, new threshold 15 (max threshold 15)
[2025-08-28T13:04:09.986+0000][1087812][info ][gc,phases   ] GC(179)   Pre Evacuate Collection Set: 0.2ms
[2025-08-28T13:04:09.986+0000][1087812][info ][gc,phases   ] GC(179)   Merge Heap Roots: 0.1ms
[2025-08-28T13:04:09.986+0000][1087812][info ][gc,phases   ] GC(179)   Evacuate Collection Set: 0.8ms
[2025-08-28T13:04:09.986+0000][1087812][info ][gc,phases   ] GC(179)   Post Evacuate Collection Set: 0.3ms
[2025-08-28T13:04:09.986+0000][1087812][info ][gc,phases   ] GC(179)   Other: 0.1ms
[2025-08-28T13:04:09.986+0000][1087812][trace][gc,age      ] GC(179) Age table with threshold 15 (max threshold 15)
[2025-08-28T13:04:09.986+0000][1087812][trace][gc,age      ] GC(179) - age   1:     971280 bytes,     971280 total
[2025-08-28T13:04:09.986+0000][1087812][trace][gc,age      ] GC(179) - age   2:        480 bytes,     971760 total
[2025-08-28T13:04:09.986+0000][1087812][trace][gc,age      ] GC(179) - age   3:       1408 bytes,     973168 total
[2025-08-28T13:04:09.986+0000][1087812][trace][gc,age      ] GC(179) - age   4:       1640 bytes,     974808 total
[2025-08-28T13:04:09.986+0000][1087812][info ][gc,heap     ] GC(179) Eden regions: 75->0(75)
[2025-08-28T13:04:09.986+0000][1087812][info ][gc,heap     ] GC(179) Survivor regions: 1->1(10)
[2025-08-28T13:04:09.986+0000][1087812][info ][gc,heap     ] GC(179) Old regions: 26->26
[2025-08-28T13:04:09.986+0000][1087812][info ][gc,heap     ] GC(179) Humongous regions: 0->0
[2025-08-28T13:04:09.986+0000][1087812][info ][gc,metaspace] GC(179) Metaspace: 144291K(148352K)->144291K(148352K) NonClass: 124795K(126912K)->124795K(126912K) Class: 19495K(21440K)->19495K(21440K)
[2025-08-28T13:04:09.986+0000][1087812][info ][gc          ] GC(179) Pause Young (Normal) (G1 Evacuation Pause) 405M->104M(512M) 1.494ms
[2025-08-28T13:04:09.986+0000][1087812][info ][gc,cpu      ] GC(179) User=0.00s Sys=0.00s Real=0.00s
[2025-08-28T13:04:09.986+0000][1087812][info ][safepoint   ] Safepoint "G1CollectForAllocation", Time since last: 1998909376 ns, Reaching safepoint: 59710 ns, Cleanup: 4406 ns, At safepoint: 1618523 ns, Total: 1682639 ns
[2025-08-28T13:04:10.986+0000][1087812][info ][safepoint   ] Safepoint "Cleanup", Time since last: 1000081064 ns, Reaching safepoint: 24587 ns, Cleanup: 8332 ns, At safepoint: 2354 ns, Total: 35273 ns
[2025-08-28T13:04:11.984+0000][1087812][info ][gc,start    ] GC(180) Pause Young (Normal) (G1 Evacuation Pause)
[2025-08-28T13:04:11.984+0000][1087812][info ][gc,task     ] GC(180) Using 12 workers of 33 for evacuation
[2025-08-28T13:04:11.984+0000][1087812][debug][gc,age      ] GC(180) Desired survivor size 20971520 bytes, new threshold 15 (max threshold 15)
[2025-08-28T13:04:11.986+0000][1087812][info ][gc,phases   ] GC(180)   Pre Evacuate Collection Set: 0.1ms
[2025-08-28T13:04:11.986+0000][1087812][info ][gc,phases   ] GC(180)   Merge Heap Roots: 0.0ms
[2025-08-28T13:04:11.986+0000][1087812][info ][gc,phases   ] GC(180)   Evacuate Collection Set: 0.9ms
[2025-08-28T13:04:11.986+0000][1087812][info ][gc,phases   ] GC(180)   Post Evacuate Collection Set: 0.3ms
[2025-08-28T13:04:11.986+0000][1087812][info ][gc,phases   ] GC(180)   Other: 0.0ms
[2025-08-28T13:04:11.986+0000][1087812][trace][gc,age      ] GC(180) Age table with threshold 15 (max threshold 15)
[2025-08-28T13:04:11.986+0000][1087812][trace][gc,age      ] GC(180) - age   1:    1711056 bytes,    1711056 total
[2025-08-28T13:04:11.986+0000][1087812][trace][gc,age      ] GC(180) - age   2:       1056 bytes,    1712112 total
[2025-08-28T13:04:11.986+0000][1087812][trace][gc,age      ] GC(180) - age   3:        480 bytes,    1712592 total
[2025-08-28T13:04:11.986+0000][1087812][trace][gc,age      ] GC(180) - age   4:       1408 bytes,    1714000 total
[2025-08-28T13:04:11.986+0000][1087812][trace][gc,age      ] GC(180) - age   5:       1640 bytes,    1715640 total
[2025-08-28T13:04:11.986+0000][1087812][info ][gc,heap     ] GC(180) Eden regions: 75->0(75)
[2025-08-28T13:04:11.986+0000][1087812][info ][gc,heap     ] GC(180) Survivor regions: 1->1(10)
[2025-08-28T13:04:11.986+0000][1087812][info ][gc,heap     ] GC(180) Old regions: 26->26
[2025-08-28T13:04:11.986+0000][1087812][info ][gc,heap     ] GC(180) Humongous regions: 0->0
[2025-08-28T13:04:11.986+0000][1087812][info ][gc,metaspace] GC(180) Metaspace: 144295K(148352K)->144295K(148352K) NonClass: 124799K(126912K)->124799K(126912K) Class: 19495K(21440K)->19495K(21440K)
[2025-08-28T13:04:11.986+0000][1087812][info ][gc          ] GC(180) Pause Young (Normal) (G1 Evacuation Pause) 404M->105M(512M) 1.564ms
[2025-08-28T13:04:11.986+0000][1087812][info ][gc,cpu      ] GC(180) User=0.01s Sys=0.00s Real=0.00s
[2025-08-28T13:04:11.986+0000][1087812][info ][safepoint   ] Safepoint "G1CollectForAllocation", Time since last: 997712455 ns, Reaching safepoint: 25598 ns, Cleanup: 4176 ns, At safepoint: 1675759 ns, Total: 1705533 ns
[2025-08-28T13:04:13.985+0000][1087812][info ][gc,start    ] GC(181) Pause Young (Normal) (G1 Evacuation Pause)
[2025-08-28T13:04:13.985+0000][1087812][info ][gc,task     ] GC(181) Using 12 workers of 33 for evacuation
[2025-08-28T13:04:13.985+0000][1087812][debug][gc,age      ] GC(181) Desired survivor size 20971520 bytes, new threshold 15 (max threshold 15)
[2025-08-28T13:04:13.986+0000][1087812][info ][gc,phases   ] GC(181)   Pre Evacuate Collection Set: 0.2ms
[2025-08-28T13:04:13.986+0000][1087812][info ][gc,phases   ] GC(181)   Merge Heap Roots: 0.1ms
[2025-08-28T13:04:13.986+0000][1087812][info ][gc,phases   ] GC(181)   Evacuate Collection Set: 0.9ms
[2025-08-28T13:04:13.986+0000][1087812][info ][gc,phases   ] GC(181)   Post Evacuate Collection Set: 0.3ms
[2025-08-28T13:04:13.986+0000][1087812][info ][gc,phases   ] GC(181)   Other: 0.1ms
[2025-08-28T13:04:13.986+0000][1087812][trace][gc,age      ] GC(181) Age table with threshold 15 (max threshold 15)
[2025-08-28T13:04:13.986+0000][1087812][trace][gc,age      ] GC(181) - age   1:     970536 bytes,     970536 total
[2025-08-28T13:04:13.986+0000][1087812][trace][gc,age      ] GC(181) - age   2:       2288 bytes,     972824 total
[2025-08-28T13:04:13.986+0000][1087812][trace][gc,age      ] GC(181) - age   3:       1056 bytes,     973880 total
[2025-08-28T13:04:13.986+0000][1087812][trace][gc,age      ] GC(181) - age   4:        480 bytes,     974360 total
[2025-08-28T13:04:13.986+0000][1087812][trace][gc,age      ] GC(181) - age   5:       1408 bytes,     975768 total
[2025-08-28T13:04:13.986+0000][1087812][trace][gc,age      ] GC(181) - age   6:       1640 bytes,     977408 total
[2025-08-28T13:04:13.986+0000][1087812][info ][gc,heap     ] GC(181) Eden regions: 75->0(75)
[2025-08-28T13:04:13.986+0000][1087812][info ][gc,heap     ] GC(181) Survivor regions: 1->1(10)
[2025-08-28T13:04:13.986+0000][1087812][info ][gc,heap     ] GC(181) Old regions: 26->26
[2025-08-28T13:04:13.986+0000][1087812][info ][gc,heap     ] GC(181) Humongous regions: 0->0
[2025-08-28T13:04:13.986+0000][1087812][info ][gc,metaspace] GC(181) Metaspace: 144295K(148352K)->144295K(148352K) NonClass: 124799K(126912K)->124799K(126912K) Class: 19495K(21440K)->19495K(21440K)
[2025-08-28T13:04:13.986+0000][1087812][info ][gc          ] GC(181) Pause Young (Normal) (G1 Evacuation Pause) 405M->104M(512M) 1.546ms
[2025-08-28T13:04:13.986+0000][1087812][info ][gc,cpu      ] GC(181) User=0.01s Sys=0.01s Real=0.00s
[2025-08-28T13:04:13.986+0000][1087812][info ][safepoint   ] Safepoint "G1CollectForAllocation", Time since last: 1998798779 ns, Reaching safepoint: 24517 ns, Cleanup: 3515 ns, At safepoint: 1670490 ns, Total: 1698522 ns
[2025-08-28T13:04:15.972+0000][1087812][info ][gc,start    ] GC(182) Pause Young (Normal) (G1 Evacuation Pause)
[2025-08-28T13:04:15.972+0000][1087812][info ][gc,task     ] GC(182) Using 12 workers of 33 for evacuation
[2025-08-28T13:04:15.972+0000][1087812][debug][gc,age      ] GC(182) Desired survivor size 20971520 bytes, new threshold 15 (max threshold 15)
[2025-08-28T13:04:15.973+0000][1087812][info ][gc,phases   ] GC(182)   Pre Evacuate Collection Set: 0.2ms
[2025-08-28T13:04:15.973+0000][1087812][info ][gc,phases   ] GC(182)   Merge Heap Roots: 0.1ms
[2025-08-28T13:04:15.973+0000][1087812][info ][gc,phases   ] GC(182)   Evacuate Collection Set: 0.8ms
[2025-08-28T13:04:15.973+0000][1087812][info ][gc,phases   ] GC(182)   Post Evacuate Collection Set: 0.3ms
[2025-08-28T13:04:15.973+0000][1087812][info ][gc,phases   ] GC(182)   Other: 0.0ms
[2025-08-28T13:04:15.973+0000][1087812][trace][gc,age      ] GC(182) Age table with threshold 15 (max threshold 15)
[2025-08-28T13:04:15.973+0000][1087812][trace][gc,age      ] GC(182) - age   1:     855000 bytes,     855000 total
[2025-08-28T13:04:15.973+0000][1087812][trace][gc,age      ] GC(182) - age   3:       2288 bytes,     857288 total
[2025-08-28T13:04:15.973+0000][1087812][trace][gc,age      ] GC(182) - age   4:        344 bytes,     857632 total
[2025-08-28T13:04:15.973+0000][1087812][trace][gc,age      ] GC(182) - age   5:        480 bytes,     858112 total
[2025-08-28T13:04:15.973+0000][1087812][trace][gc,age      ] GC(182) - age   6:       1408 bytes,     859520 total
[2025-08-28T13:04:15.973+0000][1087812][trace][gc,age      ] GC(182) - age   7:       1640 bytes,     861160 total
[2025-08-28T13:04:15.974+0000][1087812][info ][gc,heap     ] GC(182) Eden regions: 75->0(75)
[2025-08-28T13:04:15.974+0000][1087812][info ][gc,heap     ] GC(182) Survivor regions: 1->1(10)
[2025-08-28T13:04:15.974+0000][1087812][info ][gc,heap     ] GC(182) Old regions: 26->26
[2025-08-28T13:04:15.974+0000][1087812][info ][gc,heap     ] GC(182) Humongous regions: 0->0
[2025-08-28T13:04:15.974+0000][1087812][info ][gc,metaspace] GC(182) Metaspace: 144295K(148352K)->144295K(148352K) NonClass: 124799K(126912K)->124799K(126912K) Class: 19495K(21440K)->19495K(21440K)
[2025-08-28T13:04:15.974+0000][1087812][info ][gc          ] GC(182) Pause Young (Normal) (G1 Evacuation Pause) 404M->104M(512M) 1.473ms
[2025-08-28T13:04:15.974+0000][1087812][info ][gc,cpu      ] GC(182) User=0.01s Sys=0.00s Real=0.00s
[2025-08-28T13:04:15.974+0000][1087812][info ][safepoint   ] Safepoint "G1CollectForAllocation", Time since last: 1985691825 ns, Reaching safepoint: 60220 ns, Cleanup: 4127 ns, At safepoint: 1587204 ns, Total: 1651551 ns
[2025-08-28T13:04:17.227+0000][1087812][info ][safepoint   ] Safepoint "Cleanup", Time since last: 1253734711 ns, Reaching safepoint: 9815 ns, Cleanup: 14351 ns, At safepoint: 2154 ns, Total: 26320 ns
[2025-08-28T13:04:17.941+0000][1087812][info ][gc,start    ] GC(183) Pause Young (Normal) (G1 Evacuation Pause)
[2025-08-28T13:04:17.941+0000][1087812][info ][gc,task     ] GC(183) Using 12 workers of 33 for evacuation
[2025-08-28T13:04:17.941+0000][1087812][debug][gc,age      ] GC(183) Desired survivor size 20971520 bytes, new threshold 15 (max threshold 15)
[2025-08-28T13:04:17.943+0000][1087812][info ][gc,phases   ] GC(183)   Pre Evacuate Collection Set: 0.2ms
[2025-08-28T13:04:17.943+0000][1087812][info ][gc,phases   ] GC(183)   Merge Heap Roots: 0.0ms
[2025-08-28T13:04:17.943+0000][1087812][info ][gc,phases   ] GC(183)   Evacuate Collection Set: 0.8ms
[2025-08-28T13:04:17.943+0000][1087812][info ][gc,phases   ] GC(183)   Post Evacuate Collection Set: 0.3ms
[2025-08-28T13:04:17.943+0000][1087812][info ][gc,phases   ] GC(183)   Other: 0.1ms
[2025-08-28T13:04:17.943+0000][1087812][trace][gc,age      ] GC(183) Age table with threshold 15 (max threshold 15)
[2025-08-28T13:04:17.943+0000][1087812][trace][gc,age      ] GC(183) - age   1:    1095192 bytes,    1095192 total
[2025-08-28T13:04:17.943+0000][1087812][trace][gc,age      ] GC(183) - age   2:        936 bytes,    1096128 total
[2025-08-28T13:04:17.943+0000][1087812][trace][gc,age      ] GC(183) - age   4:        264 bytes,    1096392 total
[2025-08-28T13:04:17.943+0000][1087812][trace][gc,age      ] GC(183) - age   5:        344 bytes,    1096736 total
[2025-08-28T13:04:17.943+0000][1087812][trace][gc,age      ] GC(183) - age   6:        480 bytes,    1097216 total
[2025-08-28T13:04:17.943+0000][1087812][trace][gc,age      ] GC(183) - age   7:       1408 bytes,    1098624 total
[2025-08-28T13:04:17.943+0000][1087812][trace][gc,age      ] GC(183) - age   8:       1640 bytes,    1100264 total
[2025-08-28T13:04:17.943+0000][1087812][info ][gc,heap     ] GC(183) Eden regions: 75->0(75)
[2025-08-28T13:04:17.943+0000][1087812][info ][gc,heap     ] GC(183) Survivor regions: 1->1(10)
[2025-08-28T13:04:17.943+0000][1087812][info ][gc,heap     ] GC(183) Old regions: 26->26
[2025-08-28T13:04:17.943+0000][1087812][info ][gc,heap     ] GC(183) Humongous regions: 0->0
[2025-08-28T13:04:17.943+0000][1087812][info ][gc,metaspace] GC(183) Metaspace: 144295K(148352K)->144295K(148352K) NonClass: 124799K(126912K)->124799K(126912K) Class: 19495K(21440K)->19495K(21440K)
[2025-08-28T13:04:17.943+0000][1087812][info ][gc          ] GC(183) Pause Young (Normal) (G1 Evacuation Pause) 404M->104M(512M) 1.552ms
[2025-08-28T13:04:17.943+0000][1087812][info ][gc,cpu      ] GC(183) User=0.01s Sys=0.00s Real=0.00s
[2025-08-28T13:04:17.943+0000][1087812][info ][safepoint   ] Safepoint "G1CollectForAllocation", Time since last: 713793371 ns, Reaching safepoint: 25318 ns, Cleanup: 9665 ns, At safepoint: 1665101 ns, Total: 1700084 ns
[2025-08-28T13:04:19.928+0000][1087812][info ][gc,start    ] GC(184) Pause Young (Normal) (G1 Evacuation Pause)
[2025-08-28T13:04:19.928+0000][1087812][info ][gc,task     ] GC(184) Using 12 workers of 33 for evacuation
[2025-08-28T13:04:19.928+0000][1087812][debug][gc,age      ] GC(184) Desired survivor size 20971520 bytes, new threshold 15 (max threshold 15)
[2025-08-28T13:04:19.929+0000][1087812][info ][gc,phases   ] GC(184)   Pre Evacuate Collection Set: 0.2ms
[2025-08-28T13:04:19.929+0000][1087812][info ][gc,phases   ] GC(184)   Merge Heap Roots: 0.0ms
[2025-08-28T13:04:19.929+0000][1087812][info ][gc,phases   ] GC(184)   Evacuate Collection Set: 0.8ms
[2025-08-28T13:04:19.929+0000][1087812][info ][gc,phases   ] GC(184)   Post Evacuate Collection Set: 0.3ms
[2025-08-28T13:04:19.929+0000][1087812][info ][gc,phases   ] GC(184)   Other: 0.1ms
[2025-08-28T13:04:19.929+0000][1087812][trace][gc,age      ] GC(184) Age table with threshold 15 (max threshold 15)
[2025-08-28T13:04:19.929+0000][1087812][trace][gc,age      ] GC(184) - age   1:     738592 bytes,     738592 total
[2025-08-28T13:04:19.929+0000][1087812][trace][gc,age      ] GC(184) - age   2:       2728 bytes,     741320 total
[2025-08-28T13:04:19.929+0000][1087812][trace][gc,age      ] GC(184) - age   3:        224 bytes,     741544 total
[2025-08-28T13:04:19.929+0000][1087812][trace][gc,age      ] GC(184) - age   5:        264 bytes,     741808 total
[2025-08-28T13:04:19.929+0000][1087812][trace][gc,age      ] GC(184) - age   6:        344 bytes,     742152 total
[2025-08-28T13:04:19.929+0000][1087812][trace][gc,age      ] GC(184) - age   7:        480 bytes,     742632 total
[2025-08-28T13:04:19.929+0000][1087812][trace][gc,age      ] GC(184) - age   8:       1408 bytes,     744040 total
[2025-08-28T13:04:19.929+0000][1087812][trace][gc,age      ] GC(184) - age   9:       1640 bytes,     745680 total
[2025-08-28T13:04:19.929+0000][1087812][info ][gc,heap     ] GC(184) Eden regions: 75->0(75)
[2025-08-28T13:04:19.929+0000][1087812][info ][gc,heap     ] GC(184) Survivor regions: 1->1(10)
[2025-08-28T13:04:19.929+0000][1087812][info ][gc,heap     ] GC(184) Old regions: 26->26
[2025-08-28T13:04:19.929+0000][1087812][info ][gc,heap     ] GC(184) Humongous regions: 0->0
[2025-08-28T13:04:19.929+0000][1087812][info ][gc,metaspace] GC(184) Metaspace: 144295K(148352K)->144295K(148352K) NonClass: 124799K(126912K)->124799K(126912K) Class: 19495K(21440K)->19495K(21440K)
[2025-08-28T13:04:19.929+0000][1087812][info ][gc          ] GC(184) Pause Young (Normal) (G1 Evacuation Pause) 404M->104M(512M) 1.490ms
[2025-08-28T13:04:19.929+0000][1087812][info ][gc,cpu      ] GC(184) User=0.00s Sys=0.00s Real=0.00s
[2025-08-28T13:04:19.929+0000][1087812][info ][safepoint   ] Safepoint "G1CollectForAllocation", Time since last: 1984853303 ns, Reaching safepoint: 57096 ns, Cleanup: 3906 ns, At safepoint: 1602107 ns, Total: 1663109 ns
[2025-08-28T13:04:21.903+0000][1087812][info ][gc,start    ] GC(185) Pause Young (Normal) (G1 Evacuation Pause)
[2025-08-28T13:04:21.903+0000][1087812][info ][gc,task     ] GC(185) Using 12 workers of 33 for evacuation
[2025-08-28T13:04:21.903+0000][1087812][debug][gc,age      ] GC(185) Desired survivor size 20971520 bytes, new threshold 15 (max threshold 15)
[2025-08-28T13:04:21.904+0000][1087812][info ][gc,phases   ] GC(185)   Pre Evacuate Collection Set: 0.2ms
[2025-08-28T13:04:21.904+0000][1087812][info ][gc,phases   ] GC(185)   Merge Heap Roots: 0.1ms
[2025-08-28T13:04:21.904+0000][1087812][info ][gc,phases   ] GC(185)   Evacuate Collection Set: 0.8ms
[2025-08-28T13:04:21.904+0000][1087812][info ][gc,phases   ] GC(185)   Post Evacuate Collection Set: 0.3ms
[2025-08-28T13:04:21.904+0000][1087812][info ][gc,phases   ] GC(185)   Other: 0.0ms
[2025-08-28T13:04:21.904+0000][1087812][trace][gc,age      ] GC(185) Age table with threshold 15 (max threshold 15)
[2025-08-28T13:04:21.904+0000][1087812][trace][gc,age      ] GC(185) - age   1:     557512 bytes,     557512 total
[2025-08-28T13:04:21.904+0000][1087812][trace][gc,age      ] GC(185) - age   2:        712 bytes,     558224 total
[2025-08-28T13:04:21.904+0000][1087812][trace][gc,age      ] GC(185) - age   3:       2728 bytes,     560952 total
[2025-08-28T13:04:21.904+0000][1087812][trace][gc,age      ] GC(185) - age   4:        224 bytes,     561176 total
[2025-08-28T13:04:21.904+0000][1087812][trace][gc,age      ] GC(185) - age   6:         24 bytes,     561200 total
[2025-08-28T13:04:21.904+0000][1087812][trace][gc,age      ] GC(185) - age   7:        344 bytes,     561544 total
[2025-08-28T13:04:21.904+0000][1087812][trace][gc,age      ] GC(185) - age   8:        480 bytes,     562024 total
[2025-08-28T13:04:21.904+0000][1087812][trace][gc,age      ] GC(185) - age   9:       1408 bytes,     563432 total
[2025-08-28T13:04:21.904+0000][1087812][trace][gc,age      ] GC(185) - age  10:       1640 bytes,     565072 total
[2025-08-28T13:04:21.904+0000][1087812][info ][gc,heap     ] GC(185) Eden regions: 75->0(75)
[2025-08-28T13:04:21.904+0000][1087812][info ][gc,heap     ] GC(185) Survivor regions: 1->1(10)
[2025-08-28T13:04:21.904+0000][1087812][info ][gc,heap     ] GC(185) Old regions: 26->26
[2025-08-28T13:04:21.904+0000][1087812][info ][gc,heap     ] GC(185) Humongous regions: 0->0
[2025-08-28T13:04:21.904+0000][1087812][info ][gc,metaspace] GC(185) Metaspace: 144295K(148352K)->144295K(148352K) NonClass: 124799K(126912K)->124799K(126912K) Class: 19495K(21440K)->19495K(21440K)
[2025-08-28T13:04:21.904+0000][1087812][info ][gc          ] GC(185) Pause Young (Normal) (G1 Evacuation Pause) 404M->104M(512M) 1.445ms
[2025-08-28T13:04:21.904+0000][1087812][info ][gc,cpu      ] GC(185) User=0.01s Sys=0.01s Real=0.00s
[2025-08-28T13:04:21.904+0000][1087812][info ][safepoint   ] Safepoint "G1CollectForAllocation", Time since last: 1973140505 ns, Reaching safepoint: 22333 ns, Cleanup: 9815 ns, At safepoint: 1561105 ns, Total: 1593253 ns
[2025-08-28T13:04:22.904+0000][1087812][info ][safepoint   ] Safepoint "Cleanup", Time since last: 1000079740 ns, Reaching safepoint: 23525 ns, Cleanup: 9444 ns, At safepoint: 2474 ns, Total: 35443 ns
[2025-08-28T13:04:23.865+0000][1087812][info ][gc,start    ] GC(186) Pause Young (Normal) (G1 Evacuation Pause)
[2025-08-28T13:04:23.865+0000][1087812][info ][gc,task     ] GC(186) Using 12 workers of 33 for evacuation
[2025-08-28T13:04:23.865+0000][1087812][debug][gc,age      ] GC(186) Desired survivor size 20971520 bytes, new threshold 15 (max threshold 15)
[2025-08-28T13:04:23.867+0000][1087812][info ][gc,phases   ] GC(186)   Pre Evacuate Collection Set: 0.2ms
[2025-08-28T13:04:23.867+0000][1087812][info ][gc,phases   ] GC(186)   Merge Heap Roots: 0.1ms
[2025-08-28T13:04:23.867+0000][1087812][info ][gc,phases   ] GC(186)   Evacuate Collection Set: 0.9ms
[2025-08-28T13:04:23.867+0000][1087812][info ][gc,phases   ] GC(186)   Post Evacuate Collection Set: 0.3ms
[2025-08-28T13:04:23.867+0000][1087812][info ][gc,phases   ] GC(186)   Other: 0.0ms
[2025-08-28T13:04:23.867+0000][1087812][trace][gc,age      ] GC(186) Age table with threshold 15 (max threshold 15)
[2025-08-28T13:04:23.867+0000][1087812][trace][gc,age      ] GC(186) - age   1:    1104952 bytes,    1104952 total
[2025-08-28T13:04:23.867+0000][1087812][trace][gc,age      ] GC(186) - age   2:        968 bytes,    1105920 total
[2025-08-28T13:04:23.867+0000][1087812][trace][gc,age      ] GC(186) - age   3:        712 bytes,    1106632 total
[2025-08-28T13:04:23.867+0000][1087812][trace][gc,age      ] GC(186) - age   4:       2728 bytes,    1109360 total
[2025-08-28T13:04:23.867+0000][1087812][trace][gc,age      ] GC(186) - age   5:        224 bytes,    1109584 total
[2025-08-28T13:04:23.867+0000][1087812][trace][gc,age      ] GC(186) - age   7:         24 bytes,    1109608 total
[2025-08-28T13:04:23.867+0000][1087812][trace][gc,age      ] GC(186) - age   8:        344 bytes,    1109952 total
[2025-08-28T13:04:23.867+0000][1087812][trace][gc,age      ] GC(186) - age   9:        480 bytes,    1110432 total
[2025-08-28T13:04:23.867+0000][1087812][trace][gc,age      ] GC(186) - age  10:       1408 bytes,    1111840 total
[2025-08-28T13:04:23.867+0000][1087812][trace][gc,age      ] GC(186) - age  11:       1528 bytes,    1113368 total
[2025-08-28T13:04:23.867+0000][1087812][info ][gc,heap     ] GC(186) Eden regions: 75->0(75)
[2025-08-28T13:04:23.867+0000][1087812][info ][gc,heap     ] GC(186) Survivor regions: 1->1(10)
[2025-08-28T13:04:23.867+0000][1087812][info ][gc,heap     ] GC(186) Old regions: 26->26
[2025-08-28T13:04:23.867+0000][1087812][info ][gc,heap     ] GC(186) Humongous regions: 0->0
[2025-08-28T13:04:23.867+0000][1087812][info ][gc,metaspace] GC(186) Metaspace: 144295K(148352K)->144295K(148352K) NonClass: 124799K(126912K)->124799K(126912K) Class: 19495K(21440K)->19495K(21440K)
[2025-08-28T13:04:23.867+0000][1087812][info ][gc          ] GC(186) Pause Young (Normal) (G1 Evacuation Pause) 404M->104M(512M) 1.604ms
[2025-08-28T13:04:23.867+0000][1087812][info ][gc,cpu      ] GC(186) User=0.01s Sys=0.00s Real=0.00s
[2025-08-28T13:04:23.867+0000][1087812][info ][safepoint   ] Safepoint "G1CollectForAllocation", Time since last: 961102659 ns, Reaching safepoint: 23826 ns, Cleanup: 4076 ns, At safepoint: 1716158 ns, Total: 1744060 ns
[2025-08-28T13:04:25.859+0000][1087812][info ][gc,start    ] GC(187) Pause Young (Normal) (G1 Evacuation Pause)
[2025-08-28T13:04:25.859+0000][1087812][info ][gc,task     ] GC(187) Using 12 workers of 33 for evacuation
[2025-08-28T13:04:25.859+0000][1087812][debug][gc,age      ] GC(187) Desired survivor size 20971520 bytes, new threshold 15 (max threshold 15)
[2025-08-28T13:04:25.860+0000][1087812][info ][gc,phases   ] GC(187)   Pre Evacuate Collection Set: 0.2ms
[2025-08-28T13:04:25.860+0000][1087812][info ][gc,phases   ] GC(187)   Merge Heap Roots: 0.0ms
[2025-08-28T13:04:25.860+0000][1087812][info ][gc,phases   ] GC(187)   Evacuate Collection Set: 0.8ms
[2025-08-28T13:04:25.860+0000][1087812][info ][gc,phases   ] GC(187)   Post Evacuate Collection Set: 0.3ms
[2025-08-28T13:04:25.860+0000][1087812][info ][gc,phases   ] GC(187)   Other: 0.1ms
[2025-08-28T13:04:25.860+0000][1087812][trace][gc,age      ] GC(187) Age table with threshold 15 (max threshold 15)
[2025-08-28T13:04:25.860+0000][1087812][trace][gc,age      ] GC(187) - age   1:    1463504 bytes,    1463504 total
[2025-08-28T13:04:25.860+0000][1087812][trace][gc,age      ] GC(187) - age   2:       1752 bytes,    1465256 total
[2025-08-28T13:04:25.860+0000][1087812][trace][gc,age      ] GC(187) - age   3:        968 bytes,    1466224 total
[2025-08-28T13:04:25.860+0000][1087812][trace][gc,age      ] GC(187) - age   5:       2728 bytes,    1468952 total
[2025-08-28T13:04:25.860+0000][1087812][trace][gc,age      ] GC(187) - age   6:        224 bytes,    1469176 total
[2025-08-28T13:04:25.860+0000][1087812][trace][gc,age      ] GC(187) - age   8:         24 bytes,    1469200 total
[2025-08-28T13:04:25.860+0000][1087812][trace][gc,age      ] GC(187) - age   9:        344 bytes,    1469544 total
[2025-08-28T13:04:25.860+0000][1087812][trace][gc,age      ] GC(187) - age  10:        480 bytes,    1470024 total
[2025-08-28T13:04:25.860+0000][1087812][trace][gc,age      ] GC(187) - age  11:       1408 bytes,    1471432 total
[2025-08-28T13:04:25.860+0000][1087812][trace][gc,age      ] GC(187) - age  12:       1528 bytes,    1472960 total
[2025-08-28T13:04:25.860+0000][1087812][info ][gc,heap     ] GC(187) Eden regions: 75->0(75)
[2025-08-28T13:04:25.860+0000][1087812][info ][gc,heap     ] GC(187) Survivor regions: 1->1(10)
[2025-08-28T13:04:25.860+0000][1087812][info ][gc,heap     ] GC(187) Old regions: 26->26
[2025-08-28T13:04:25.860+0000][1087812][info ][gc,heap     ] GC(187) Humongous regions: 0->0
[2025-08-28T13:04:25.860+0000][1087812][info ][gc,metaspace] GC(187) Metaspace: 144295K(148352K)->144295K(148352K) NonClass: 124799K(126912K)->124799K(126912K) Class: 19495K(21440K)->19495K(21440K)
[2025-08-28T13:04:25.860+0000][1087812][info ][gc          ] GC(187) Pause Young (Normal) (G1 Evacuation Pause) 404M->104M(512M) 1.542ms
[2025-08-28T13:04:25.860+0000][1087812][info ][gc,cpu      ] GC(187) User=0.01s Sys=0.01s Real=0.00s
[2025-08-28T13:04:25.860+0000][1087812][info ][safepoint   ] Safepoint "G1CollectForAllocation", Time since last: 1991467981 ns, Reaching safepoint: 58949 ns, Cleanup: 3405 ns, At safepoint: 1659543 ns, Total: 1721897 ns
[2025-08-28T13:04:27.822+0000][1087812][info ][gc,start    ] GC(188) Pause Young (Normal) (G1 Evacuation Pause)
[2025-08-28T13:04:27.822+0000][1087812][info ][gc,task     ] GC(188) Using 12 workers of 33 for evacuation
[2025-08-28T13:04:27.822+0000][1087812][debug][gc,age      ] GC(188) Desired survivor size 20971520 bytes, new threshold 15 (max threshold 15)
[2025-08-28T13:04:27.823+0000][1087812][info ][gc,phases   ] GC(188)   Pre Evacuate Collection Set: 0.2ms
[2025-08-28T13:04:27.823+0000][1087812][info ][gc,phases   ] GC(188)   Merge Heap Roots: 0.1ms
[2025-08-28T13:04:27.823+0000][1087812][info ][gc,phases   ] GC(188)   Evacuate Collection Set: 0.8ms
[2025-08-28T13:04:27.823+0000][1087812][info ][gc,phases   ] GC(188)   Post Evacuate Collection Set: 0.4ms
[2025-08-28T13:04:27.823+0000][1087812][info ][gc,phases   ] GC(188)   Other: 0.1ms
[2025-08-28T13:04:27.823+0000][1087812][trace][gc,age      ] GC(188) Age table with threshold 15 (max threshold 15)
[2025-08-28T13:04:27.823+0000][1087812][trace][gc,age      ] GC(188) - age   1:    1048112 bytes,    1048112 total
[2025-08-28T13:04:27.823+0000][1087812][trace][gc,age      ] GC(188) - age   2:       1840 bytes,    1049952 total
[2025-08-28T13:04:27.823+0000][1087812][trace][gc,age      ] GC(188) - age   3:       1752 bytes,    1051704 total
[2025-08-28T13:04:27.823+0000][1087812][trace][gc,age      ] GC(188) - age   4:        968 bytes,    1052672 total
[2025-08-28T13:04:27.823+0000][1087812][trace][gc,age      ] GC(188) - age   6:       2728 bytes,    1055400 total
[2025-08-28T13:04:27.823+0000][1087812][trace][gc,age      ] GC(188) - age   7:        224 bytes,    1055624 total
[2025-08-28T13:04:27.823+0000][1087812][trace][gc,age      ] GC(188) - age   9:         24 bytes,    1055648 total
[2025-08-28T13:04:27.823+0000][1087812][trace][gc,age      ] GC(188) - age  10:        344 bytes,    1055992 total
[2025-08-28T13:04:27.823+0000][1087812][trace][gc,age      ] GC(188) - age  11:        480 bytes,    1056472 total
[2025-08-28T13:04:27.823+0000][1087812][trace][gc,age      ] GC(188) - age  12:       1408 bytes,    1057880 total
[2025-08-28T13:04:27.823+0000][1087812][trace][gc,age      ] GC(188) - age  13:       1528 bytes,    1059408 total
[2025-08-28T13:04:27.823+0000][1087812][info ][gc,heap     ] GC(188) Eden regions: 75->0(75)
[2025-08-28T13:04:27.823+0000][1087812][info ][gc,heap     ] GC(188) Survivor regions: 1->1(10)
[2025-08-28T13:04:27.823+0000][1087812][info ][gc,heap     ] GC(188) Old regions: 26->26
[2025-08-28T13:04:27.823+0000][1087812][info ][gc,heap     ] GC(188) Humongous regions: 0->0
[2025-08-28T13:04:27.823+0000][1087812][info ][gc,metaspace] GC(188) Metaspace: 144295K(148352K)->144295K(148352K) NonClass: 124799K(126912K)->124799K(126912K) Class: 19495K(21440K)->19495K(21440K)
[2025-08-28T13:04:27.823+0000][1087812][info ][gc          ] GC(188) Pause Young (Normal) (G1 Evacuation Pause) 404M->104M(512M) 1.612ms
[2025-08-28T13:04:27.823+0000][1087812][info ][gc,cpu      ] GC(188) User=0.01s Sys=0.01s Real=0.00s
[2025-08-28T13:04:27.823+0000][1087812][info ][safepoint   ] Safepoint "G1CollectForAllocation", Time since last: 1961435609 ns, Reaching safepoint: 23265 ns, Cleanup: 3916 ns, At safepoint: 1725653 ns, Total: 1752834 ns
[2025-08-28T13:04:29.809+0000][1087812][info ][gc,start    ] GC(189) Pause Young (Normal) (G1 Evacuation Pause)
[2025-08-28T13:04:29.809+0000][1087812][info ][gc,task     ] GC(189) Using 12 workers of 33 for evacuation
[2025-08-28T13:04:29.809+0000][1087812][debug][gc,age      ] GC(189) Desired survivor size 20971520 bytes, new threshold 15 (max threshold 15)
[2025-08-28T13:04:29.811+0000][1087812][info ][gc,phases   ] GC(189)   Pre Evacuate Collection Set: 0.2ms
[2025-08-28T13:04:29.811+0000][1087812][info ][gc,phases   ] GC(189)   Merge Heap Roots: 0.1ms
[2025-08-28T13:04:29.811+0000][1087812][info ][gc,phases   ] GC(189)   Evacuate Collection Set: 0.8ms
[2025-08-28T13:04:29.811+0000][1087812][info ][gc,phases   ] GC(189)   Post Evacuate Collection Set: 0.4ms
[2025-08-28T13:04:29.811+0000][1087812][info ][gc,phases   ] GC(189)   Other: 0.1ms
[2025-08-28T13:04:29.811+0000][1087812][trace][gc,age      ] GC(189) Age table with threshold 15 (max threshold 15)
[2025-08-28T13:04:29.811+0000][1087812][trace][gc,age      ] GC(189) - age   1:    1202944 bytes,    1202944 total
[2025-08-28T13:04:29.811+0000][1087812][trace][gc,age      ] GC(189) - age   2:       9624 bytes,    1212568 total
[2025-08-28T13:04:29.811+0000][1087812][trace][gc,age      ] GC(189) - age   3:       1664 bytes,    1214232 total
[2025-08-28T13:04:29.811+0000][1087812][trace][gc,age      ] GC(189) - age   4:       1752 bytes,    1215984 total
[2025-08-28T13:04:29.811+0000][1087812][trace][gc,age      ] GC(189) - age   5:        968 bytes,    1216952 total
[2025-08-28T13:04:29.811+0000][1087812][trace][gc,age      ] GC(189) - age   7:       2696 bytes,    1219648 total
[2025-08-28T13:04:29.811+0000][1087812][trace][gc,age      ] GC(189) - age   8:        224 bytes,    1219872 total
[2025-08-28T13:04:29.811+0000][1087812][trace][gc,age      ] GC(189) - age  10:         24 bytes,    1219896 total
[2025-08-28T13:04:29.811+0000][1087812][trace][gc,age      ] GC(189) - age  11:        344 bytes,    1220240 total
[2025-08-28T13:04:29.811+0000][1087812][trace][gc,age      ] GC(189) - age  12:        480 bytes,    1220720 total
[2025-08-28T13:04:29.811+0000][1087812][trace][gc,age      ] GC(189) - age  13:       1408 bytes,    1222128 total
[2025-08-28T13:04:29.811+0000][1087812][trace][gc,age      ] GC(189) - age  14:       1528 bytes,    1223656 total
[2025-08-28T13:04:29.811+0000][1087812][info ][gc,heap     ] GC(189) Eden regions: 75->0(75)
[2025-08-28T13:04:29.811+0000][1087812][info ][gc,heap     ] GC(189) Survivor regions: 1->1(10)
[2025-08-28T13:04:29.811+0000][1087812][info ][gc,heap     ] GC(189) Old regions: 26->26
[2025-08-28T13:04:29.811+0000][1087812][info ][gc,heap     ] GC(189) Humongous regions: 0->0
[2025-08-28T13:04:29.811+0000][1087812][info ][gc,metaspace] GC(189) Metaspace: 144295K(148352K)->144295K(148352K) NonClass: 124799K(126912K)->124799K(126912K) Class: 19495K(21440K)->19495K(21440K)
[2025-08-28T13:04:29.811+0000][1087812][info ][gc          ] GC(189) Pause Young (Normal) (G1 Evacuation Pause) 404M->104M(512M) 1.706ms
[2025-08-28T13:04:29.811+0000][1087812][info ][gc,cpu      ] GC(189) User=0.00s Sys=0.00s Real=0.01s
[2025-08-28T13:04:29.811+0000][1087812][info ][safepoint   ] Safepoint "G1CollectForAllocation", Time since last: 1985720916 ns, Reaching safepoint: 25658 ns, Cleanup: 3676 ns, At safepoint: 1821326 ns, Total: 1850660 ns
[2025-08-28T13:04:31.784+0000][1087812][info ][gc,start    ] GC(190) Pause Young (Normal) (G1 Evacuation Pause)
[2025-08-28T13:04:31.784+0000][1087812][info ][gc,task     ] GC(190) Using 12 workers of 33 for evacuation
[2025-08-28T13:04:31.784+0000][1087812][debug][gc,age      ] GC(190) Desired survivor size 20971520 bytes, new threshold 15 (max threshold 15)
[2025-08-28T13:04:31.785+0000][1087812][info ][gc,phases   ] GC(190)   Pre Evacuate Collection Set: 0.2ms
[2025-08-28T13:04:31.786+0000][1087812][info ][gc,phases   ] GC(190)   Merge Heap Roots: 0.0ms
[2025-08-28T13:04:31.786+0000][1087812][info ][gc,phases   ] GC(190)   Evacuate Collection Set: 0.9ms
[2025-08-28T13:04:31.786+0000][1087812][info ][gc,phases   ] GC(190)   Post Evacuate Collection Set: 0.5ms
[2025-08-28T13:04:31.786+0000][1087812][info ][gc,phases   ] GC(190)   Other: 0.1ms
[2025-08-28T13:04:31.786+0000][1087812][trace][gc,age      ] GC(190) Age table with threshold 15 (max threshold 15)
[2025-08-28T13:04:31.786+0000][1087812][trace][gc,age      ] GC(190) - age   1:    1076480 bytes,    1076480 total
[2025-08-28T13:04:31.786+0000][1087812][trace][gc,age      ] GC(190) - age   2:        208 bytes,    1076688 total
[2025-08-28T13:04:31.786+0000][1087812][trace][gc,age      ] GC(190) - age   3:       9624 bytes,    1086312 total
[2025-08-28T13:04:31.786+0000][1087812][trace][gc,age      ] GC(190) - age   4:        968 bytes,    1087280 total
[2025-08-28T13:04:31.786+0000][1087812][trace][gc,age      ] GC(190) - age   5:       1752 bytes,    1089032 total
[2025-08-28T13:04:31.786+0000][1087812][trace][gc,age      ] GC(190) - age   6:        728 bytes,    1089760 total
[2025-08-28T13:04:31.786+0000][1087812][trace][gc,age      ] GC(190) - age   8:       2696 bytes,    1092456 total
[2025-08-28T13:04:31.786+0000][1087812][trace][gc,age      ] GC(190) - age   9:        224 bytes,    1092680 total
[2025-08-28T13:04:31.786+0000][1087812][trace][gc,age      ] GC(190) - age  11:         24 bytes,    1092704 total
[2025-08-28T13:04:31.786+0000][1087812][trace][gc,age      ] GC(190) - age  12:        344 bytes,    1093048 total
[2025-08-28T13:04:31.786+0000][1087812][trace][gc,age      ] GC(190) - age  13:        480 bytes,    1093528 total
[2025-08-28T13:04:31.786+0000][1087812][trace][gc,age      ] GC(190) - age  14:       1408 bytes,    1094936 total
[2025-08-28T13:04:31.786+0000][1087812][trace][gc,age      ] GC(190) - age  15:       1528 bytes,    1096464 total
[2025-08-28T13:04:31.786+0000][1087812][info ][gc,heap     ] GC(190) Eden regions: 75->0(75)
[2025-08-28T13:04:31.786+0000][1087812][info ][gc,heap     ] GC(190) Survivor regions: 1->1(10)
[2025-08-28T13:04:31.786+0000][1087812][info ][gc,heap     ] GC(190) Old regions: 26->26
[2025-08-28T13:04:31.786+0000][1087812][info ][gc,heap     ] GC(190) Humongous regions: 0->0
[2025-08-28T13:04:31.786+0000][1087812][info ][gc,metaspace] GC(190) Metaspace: 144295K(148352K)->144295K(148352K) NonClass: 124799K(126912K)->124799K(126912K) Class: 19495K(21440K)->19495K(21440K)
[2025-08-28T13:04:31.786+0000][1087812][info ][gc          ] GC(190) Pause Young (Normal) (G1 Evacuation Pause) 404M->104M(512M) 1.892ms
[2025-08-28T13:04:31.786+0000][1087812][info ][gc,cpu      ] GC(190) User=0.01s Sys=0.00s Real=0.00s
[2025-08-28T13:04:31.786+0000][1087812][info ][safepoint   ] Safepoint "G1CollectForAllocation", Time since last: 1972625311 ns, Reaching safepoint: 54151 ns, Cleanup: 4087 ns, At safepoint: 2103851 ns, Total: 2162089 ns
[2025-08-28T13:04:33.747+0000][1087812][info ][gc,start    ] GC(191) Pause Young (Normal) (G1 Evacuation Pause)
[2025-08-28T13:04:33.747+0000][1087812][info ][gc,task     ] GC(191) Using 12 workers of 33 for evacuation
[2025-08-28T13:04:33.747+0000][1087812][debug][gc,age      ] GC(191) Desired survivor size 20971520 bytes, new threshold 15 (max threshold 15)
[2025-08-28T13:04:33.749+0000][1087812][info ][gc,phases   ] GC(191)   Pre Evacuate Collection Set: 0.2ms
[2025-08-28T13:04:33.749+0000][1087812][info ][gc,phases   ] GC(191)   Merge Heap Roots: 0.1ms
[2025-08-28T13:04:33.749+0000][1087812][info ][gc,phases   ] GC(191)   Evacuate Collection Set: 0.9ms
[2025-08-28T13:04:33.749+0000][1087812][info ][gc,phases   ] GC(191)   Post Evacuate Collection Set: 0.4ms
[2025-08-28T13:04:33.749+0000][1087812][info ][gc,phases   ] GC(191)   Other: 0.1ms
[2025-08-28T13:04:33.749+0000][1087812][trace][gc,age      ] GC(191) Age table with threshold 15 (max threshold 15)
[2025-08-28T13:04:33.749+0000][1087812][trace][gc,age      ] GC(191) - age   1:    1037952 bytes,    1037952 total
[2025-08-28T13:04:33.749+0000][1087812][trace][gc,age      ] GC(191) - age   2:        776 bytes,    1038728 total
[2025-08-28T13:04:33.749+0000][1087812][trace][gc,age      ] GC(191) - age   3:        208 bytes,    1038936 total
[2025-08-28T13:04:33.749+0000][1087812][trace][gc,age      ] GC(191) - age   4:       9624 bytes,    1048560 total
[2025-08-28T13:04:33.749+0000][1087812][trace][gc,age      ] GC(191) - age   5:        968 bytes,    1049528 total
[2025-08-28T13:04:33.749+0000][1087812][trace][gc,age      ] GC(191) - age   6:       1720 bytes,    1051248 total
[2025-08-28T13:04:33.749+0000][1087812][trace][gc,age      ] GC(191) - age   7:        728 bytes,    1051976 total
[2025-08-28T13:04:33.749+0000][1087812][trace][gc,age      ] GC(191) - age   9:       2696 bytes,    1054672 total
[2025-08-28T13:04:33.749+0000][1087812][trace][gc,age      ] GC(191) - age  10:        224 bytes,    1054896 total
[2025-08-28T13:04:33.749+0000][1087812][trace][gc,age      ] GC(191) - age  12:         24 bytes,    1054920 total
[2025-08-28T13:04:33.749+0000][1087812][trace][gc,age      ] GC(191) - age  13:        344 bytes,    1055264 total
[2025-08-28T13:04:33.749+0000][1087812][trace][gc,age      ] GC(191) - age  14:        480 bytes,    1055744 total
[2025-08-28T13:04:33.749+0000][1087812][trace][gc,age      ] GC(191) - age  15:       1408 bytes,    1057152 total
[2025-08-28T13:04:33.749+0000][1087812][info ][gc,heap     ] GC(191) Eden regions: 75->0(75)
[2025-08-28T13:04:33.749+0000][1087812][info ][gc,heap     ] GC(191) Survivor regions: 1->1(10)
[2025-08-28T13:04:33.749+0000][1087812][info ][gc,heap     ] GC(191) Old regions: 26->26
[2025-08-28T13:04:33.749+0000][1087812][info ][gc,heap     ] GC(191) Humongous regions: 0->0
[2025-08-28T13:04:33.749+0000][1087812][info ][gc,metaspace] GC(191) Metaspace: 144295K(148352K)->144295K(148352K) NonClass: 124799K(126912K)->124799K(126912K) Class: 19495K(21440K)->19495K(21440K)
[2025-08-28T13:04:33.749+0000][1087812][info ][gc          ] GC(191) Pause Young (Normal) (G1 Evacuation Pause) 404M->104M(512M) 1.773ms
[2025-08-28T13:04:33.749+0000][1087812][info ][gc,cpu      ] GC(191) User=0.01s Sys=0.00s Real=0.00s
[2025-08-28T13:04:33.749+0000][1087812][info ][safepoint   ] Safepoint "G1CollectForAllocation", Time since last: 1961097250 ns, Reaching safepoint: 22273 ns, Cleanup: 5238 ns, At safepoint: 2002198 ns, Total: 2029709 ns
[2025-08-28T13:04:35.721+0000][1087812][info ][gc,start    ] GC(192) Pause Young (Normal) (G1 Evacuation Pause)
[2025-08-28T13:04:35.721+0000][1087812][info ][gc,task     ] GC(192) Using 12 workers of 33 for evacuation
[2025-08-28T13:04:35.721+0000][1087812][debug][gc,age      ] GC(192) Desired survivor size 20971520 bytes, new threshold 15 (max threshold 15)
[2025-08-28T13:04:35.723+0000][1087812][info ][gc,phases   ] GC(192)   Pre Evacuate Collection Set: 0.2ms
[2025-08-28T13:04:35.723+0000][1087812][info ][gc,phases   ] GC(192)   Merge Heap Roots: 0.1ms
[2025-08-28T13:04:35.723+0000][1087812][info ][gc,phases   ] GC(192)   Evacuate Collection Set: 0.9ms
[2025-08-28T13:04:35.723+0000][1087812][info ][gc,phases   ] GC(192)   Post Evacuate Collection Set: 0.4ms
[2025-08-28T13:04:35.723+0000][1087812][info ][gc,phases   ] GC(192)   Other: 0.1ms
[2025-08-28T13:04:35.723+0000][1087812][trace][gc,age      ] GC(192) Age table with threshold 15 (max threshold 15)
[2025-08-28T13:04:35.723+0000][1087812][trace][gc,age      ] GC(192) - age   1:    1076824 bytes,    1076824 total
[2025-08-28T13:04:35.723+0000][1087812][trace][gc,age      ] GC(192) - age   2:        400 bytes,    1077224 total
[2025-08-28T13:04:35.723+0000][1087812][trace][gc,age      ] GC(192) - age   3:        240 bytes,    1077464 total
[2025-08-28T13:04:35.723+0000][1087812][trace][gc,age      ] GC(192) - age   4:         32 bytes,    1077496 total
[2025-08-28T13:04:35.723+0000][1087812][trace][gc,age      ] GC(192) - age   5:       9624 bytes,    1087120 total
[2025-08-28T13:04:35.723+0000][1087812][trace][gc,age      ] GC(192) - age   6:        968 bytes,    1088088 total
[2025-08-28T13:04:35.723+0000][1087812][trace][gc,age      ] GC(192) - age   7:       1720 bytes,    1089808 total
[2025-08-28T13:04:35.723+0000][1087812][trace][gc,age      ] GC(192) - age   8:        728 bytes,    1090536 total
[2025-08-28T13:04:35.723+0000][1087812][trace][gc,age      ] GC(192) - age  10:       2696 bytes,    1093232 total
[2025-08-28T13:04:35.723+0000][1087812][trace][gc,age      ] GC(192) - age  13:         24 bytes,    1093256 total
[2025-08-28T13:04:35.723+0000][1087812][trace][gc,age      ] GC(192) - age  14:        344 bytes,    1093600 total
[2025-08-28T13:04:35.723+0000][1087812][trace][gc,age      ] GC(192) - age  15:        480 bytes,    1094080 total
[2025-08-28T13:04:35.723+0000][1087812][info ][gc,heap     ] GC(192) Eden regions: 75->0(75)
[2025-08-28T13:04:35.723+0000][1087812][info ][gc,heap     ] GC(192) Survivor regions: 1->1(10)
[2025-08-28T13:04:35.723+0000][1087812][info ][gc,heap     ] GC(192) Old regions: 26->26
[2025-08-28T13:04:35.723+0000][1087812][info ][gc,heap     ] GC(192) Humongous regions: 0->0
[2025-08-28T13:04:35.723+0000][1087812][info ][gc,metaspace] GC(192) Metaspace: 144296K(148352K)->144296K(148352K) NonClass: 124800K(126912K)->124800K(126912K) Class: 19495K(21440K)->19495K(21440K)
[2025-08-28T13:04:35.723+0000][1087812][info ][gc          ] GC(192) Pause Young (Normal) (G1 Evacuation Pause) 404M->104M(512M) 1.755ms
[2025-08-28T13:04:35.723+0000][1087812][info ][gc,cpu      ] GC(192) User=0.00s Sys=0.00s Real=0.00s
[2025-08-28T13:04:35.723+0000][1087812][info ][safepoint   ] Safepoint "G1CollectForAllocation", Time since last: 1972154284 ns, Reaching safepoint: 57506 ns, Cleanup: 10135 ns, At safepoint: 1928167 ns, Total: 1995808 ns
[2025-08-28T13:04:37.709+0000][1087812][info ][gc,start    ] GC(193) Pause Young (Normal) (G1 Evacuation Pause)
[2025-08-28T13:04:37.709+0000][1087812][info ][gc,task     ] GC(193) Using 12 workers of 33 for evacuation
[2025-08-28T13:04:37.709+0000][1087812][debug][gc,age      ] GC(193) Desired survivor size 20971520 bytes, new threshold 15 (max threshold 15)
[2025-08-28T13:04:37.711+0000][1087812][info ][gc,phases   ] GC(193)   Pre Evacuate Collection Set: 0.2ms
[2025-08-28T13:04:37.711+0000][1087812][info ][gc,phases   ] GC(193)   Merge Heap Roots: 0.1ms
[2025-08-28T13:04:37.711+0000][1087812][info ][gc,phases   ] GC(193)   Evacuate Collection Set: 0.9ms
[2025-08-28T13:04:37.711+0000][1087812][info ][gc,phases   ] GC(193)   Post Evacuate Collection Set: 0.4ms
[2025-08-28T13:04:37.711+0000][1087812][info ][gc,phases   ] GC(193)   Other: 0.1ms
[2025-08-28T13:04:37.711+0000][1087812][trace][gc,age      ] GC(193) Age table with threshold 15 (max threshold 15)
[2025-08-28T13:04:37.711+0000][1087812][trace][gc,age      ] GC(193) - age   1:     937152 bytes,     937152 total
[2025-08-28T13:04:37.711+0000][1087812][trace][gc,age      ] GC(193) - age   2:        968 bytes,     938120 total
[2025-08-28T13:04:37.711+0000][1087812][trace][gc,age      ] GC(193) - age   3:        400 bytes,     938520 total
[2025-08-28T13:04:37.711+0000][1087812][trace][gc,age      ] GC(193) - age   4:        240 bytes,     938760 total
[2025-08-28T13:04:37.711+0000][1087812][trace][gc,age      ] GC(193) - age   5:         32 bytes,     938792 total
[2025-08-28T13:04:37.711+0000][1087812][trace][gc,age      ] GC(193) - age   6:       9624 bytes,     948416 total
[2025-08-28T13:04:37.711+0000][1087812][trace][gc,age      ] GC(193) - age   7:        968 bytes,     949384 total
[2025-08-28T13:04:37.711+0000][1087812][trace][gc,age      ] GC(193) - age   8:       1720 bytes,     951104 total
[2025-08-28T13:04:37.711+0000][1087812][trace][gc,age      ] GC(193) - age   9:        728 bytes,     951832 total
[2025-08-28T13:04:37.711+0000][1087812][trace][gc,age      ] GC(193) - age  11:       2696 bytes,     954528 total
[2025-08-28T13:04:37.711+0000][1087812][trace][gc,age      ] GC(193) - age  14:         24 bytes,     954552 total
[2025-08-28T13:04:37.711+0000][1087812][trace][gc,age      ] GC(193) - age  15:        344 bytes,     954896 total
[2025-08-28T13:04:37.711+0000][1087812][info ][gc,heap     ] GC(193) Eden regions: 75->0(75)
[2025-08-28T13:04:37.711+0000][1087812][info ][gc,heap     ] GC(193) Survivor regions: 1->1(10)
[2025-08-28T13:04:37.711+0000][1087812][info ][gc,heap     ] GC(193) Old regions: 26->26
[2025-08-28T13:04:37.711+0000][1087812][info ][gc,heap     ] GC(193) Humongous regions: 0->0
[2025-08-28T13:04:37.711+0000][1087812][info ][gc,metaspace] GC(193) Metaspace: 144296K(148352K)->144296K(148352K) NonClass: 124800K(126912K)->124800K(126912K) Class: 19495K(21440K)->19495K(21440K)
[2025-08-28T13:04:37.711+0000][1087812][info ][gc          ] GC(193) Pause Young (Normal) (G1 Evacuation Pause) 404M->104M(512M) 1.794ms
[2025-08-28T13:04:37.711+0000][1087812][info ][gc,cpu      ] GC(193) User=0.00s Sys=0.01s Real=0.01s
[2025-08-28T13:04:37.711+0000][1087812][info ][safepoint   ] Safepoint "G1CollectForAllocation", Time since last: 1986159676 ns, Reaching safepoint: 27000 ns, Cleanup: 4086 ns, At safepoint: 1911392 ns, Total: 1942478 ns
[2025-08-28T13:04:39.697+0000][1087812][info ][gc,start    ] GC(194) Pause Young (Normal) (G1 Evacuation Pause)
[2025-08-28T13:04:39.697+0000][1087812][info ][gc,task     ] GC(194) Using 12 workers of 33 for evacuation
[2025-08-28T13:04:39.697+0000][1087812][debug][gc,age      ] GC(194) Desired survivor size 20971520 bytes, new threshold 15 (max threshold 15)
[2025-08-28T13:04:39.698+0000][1087812][info ][gc,phases   ] GC(194)   Pre Evacuate Collection Set: 0.2ms
[2025-08-28T13:04:39.698+0000][1087812][info ][gc,phases   ] GC(194)   Merge Heap Roots: 0.1ms
[2025-08-28T13:04:39.698+0000][1087812][info ][gc,phases   ] GC(194)   Evacuate Collection Set: 0.9ms
[2025-08-28T13:04:39.698+0000][1087812][info ][gc,phases   ] GC(194)   Post Evacuate Collection Set: 0.4ms
[2025-08-28T13:04:39.698+0000][1087812][info ][gc,phases   ] GC(194)   Other: 0.1ms
[2025-08-28T13:04:39.698+0000][1087812][trace][gc,age      ] GC(194) Age table with threshold 15 (max threshold 15)
[2025-08-28T13:04:39.698+0000][1087812][trace][gc,age      ] GC(194) - age   1:     805640 bytes,     805640 total
[2025-08-28T13:04:39.698+0000][1087812][trace][gc,age      ] GC(194) - age   2:         32 bytes,     805672 total
[2025-08-28T13:04:39.698+0000][1087812][trace][gc,age      ] GC(194) - age   3:        792 bytes,     806464 total
[2025-08-28T13:04:39.698+0000][1087812][trace][gc,age      ] GC(194) - age   4:        400 bytes,     806864 total
[2025-08-28T13:04:39.698+0000][1087812][trace][gc,age      ] GC(194) - age   5:        240 bytes,     807104 total
[2025-08-28T13:04:39.698+0000][1087812][trace][gc,age      ] GC(194) - age   6:         32 bytes,     807136 total
[2025-08-28T13:04:39.698+0000][1087812][trace][gc,age      ] GC(194) - age   7:       9624 bytes,     816760 total
[2025-08-28T13:04:39.698+0000][1087812][trace][gc,age      ] GC(194) - age   8:        968 bytes,     817728 total
[2025-08-28T13:04:39.698+0000][1087812][trace][gc,age      ] GC(194) - age   9:       1720 bytes,     819448 total
[2025-08-28T13:04:39.698+0000][1087812][trace][gc,age      ] GC(194) - age  10:        728 bytes,     820176 total
[2025-08-28T13:04:39.698+0000][1087812][trace][gc,age      ] GC(194) - age  12:       2696 bytes,     822872 total
[2025-08-28T13:04:39.698+0000][1087812][trace][gc,age      ] GC(194) - age  15:         24 bytes,     822896 total
[2025-08-28T13:04:39.699+0000][1087812][info ][gc,heap     ] GC(194) Eden regions: 75->0(75)
[2025-08-28T13:04:39.699+0000][1087812][info ][gc,heap     ] GC(194) Survivor regions: 1->1(10)
[2025-08-28T13:04:39.699+0000][1087812][info ][gc,heap     ] GC(194) Old regions: 26->26
[2025-08-28T13:04:39.699+0000][1087812][info ][gc,heap     ] GC(194) Humongous regions: 0->0
[2025-08-28T13:04:39.699+0000][1087812][info ][gc,metaspace] GC(194) Metaspace: 144296K(148352K)->144296K(148352K) NonClass: 124800K(126912K)->124800K(126912K) Class: 19495K(21440K)->19495K(21440K)
[2025-08-28T13:04:39.699+0000][1087812][info ][gc          ] GC(194) Pause Young (Normal) (G1 Evacuation Pause) 404M->104M(512M) 1.725ms
[2025-08-28T13:04:39.699+0000][1087812][info ][gc,cpu      ] GC(194) User=0.01s Sys=0.00s Real=0.00s
[2025-08-28T13:04:39.699+0000][1087812][info ][safepoint   ] Safepoint "G1CollectForAllocation", Time since last: 1985533875 ns, Reaching safepoint: 27161 ns, Cleanup: 13380 ns, At safepoint: 1841867 ns, Total: 1882408 ns
[2025-08-28T13:04:40.699+0000][1087812][info ][safepoint   ] Safepoint "Cleanup", Time since last: 1000089925 ns, Reaching safepoint: 59980 ns, Cleanup: 11608 ns, At safepoint: 5608 ns, Total: 77196 ns
[2025-08-28T13:04:41.671+0000][1087812][info ][gc,start    ] GC(195) Pause Young (Normal) (G1 Evacuation Pause)
[2025-08-28T13:04:41.671+0000][1087812][info ][gc,task     ] GC(195) Using 12 workers of 33 for evacuation
[2025-08-28T13:04:41.671+0000][1087812][debug][gc,age      ] GC(195) Desired survivor size 20971520 bytes, new threshold 15 (max threshold 15)
[2025-08-28T13:04:41.673+0000][1087812][info ][gc,phases   ] GC(195)   Pre Evacuate Collection Set: 0.2ms
[2025-08-28T13:04:41.673+0000][1087812][info ][gc,phases   ] GC(195)   Merge Heap Roots: 0.1ms
[2025-08-28T13:04:41.673+0000][1087812][info ][gc,phases   ] GC(195)   Evacuate Collection Set: 0.9ms
[2025-08-28T13:04:41.673+0000][1087812][info ][gc,phases   ] GC(195)   Post Evacuate Collection Set: 0.4ms
[2025-08-28T13:04:41.673+0000][1087812][info ][gc,phases   ] GC(195)   Other: 0.1ms
[2025-08-28T13:04:41.673+0000][1087812][trace][gc,age      ] GC(195) Age table with threshold 15 (max threshold 15)
[2025-08-28T13:04:41.673+0000][1087812][trace][gc,age      ] GC(195) - age   1:    1127792 bytes,    1127792 total
[2025-08-28T13:04:41.673+0000][1087812][trace][gc,age      ] GC(195) - age   2:       1504 bytes,    1129296 total
[2025-08-28T13:04:41.673+0000][1087812][trace][gc,age      ] GC(195) - age   4:        256 bytes,    1129552 total
[2025-08-28T13:04:41.673+0000][1087812][trace][gc,age      ] GC(195) - age   5:        400 bytes,    1129952 total
[2025-08-28T13:04:41.673+0000][1087812][trace][gc,age      ] GC(195) - age   7:         32 bytes,    1129984 total
[2025-08-28T13:04:41.673+0000][1087812][trace][gc,age      ] GC(195) - age   8:       9624 bytes,    1139608 total
[2025-08-28T13:04:41.673+0000][1087812][trace][gc,age      ] GC(195) - age   9:        968 bytes,    1140576 total
[2025-08-28T13:04:41.673+0000][1087812][trace][gc,age      ] GC(195) - age  10:       1720 bytes,    1142296 total
[2025-08-28T13:04:41.673+0000][1087812][trace][gc,age      ] GC(195) - age  11:        728 bytes,    1143024 total
[2025-08-28T13:04:41.673+0000][1087812][trace][gc,age      ] GC(195) - age  13:       2696 bytes,    1145720 total
[2025-08-28T13:04:41.673+0000][1087812][info ][gc,heap     ] GC(195) Eden regions: 75->0(75)
[2025-08-28T13:04:41.673+0000][1087812][info ][gc,heap     ] GC(195) Survivor regions: 1->1(10)
[2025-08-28T13:04:41.673+0000][1087812][info ][gc,heap     ] GC(195) Old regions: 26->26
[2025-08-28T13:04:41.673+0000][1087812][info ][gc,heap     ] GC(195) Humongous regions: 0->0
[2025-08-28T13:04:41.673+0000][1087812][info ][gc,metaspace] GC(195) Metaspace: 144296K(148352K)->144296K(148352K) NonClass: 124801K(126912K)->124801K(126912K) Class: 19495K(21440K)->19495K(21440K)
[2025-08-28T13:04:41.673+0000][1087812][info ][gc          ] GC(195) Pause Young (Normal) (G1 Evacuation Pause) 404M->104M(512M) 1.693ms
[2025-08-28T13:04:41.673+0000][1087812][info ][gc,cpu      ] GC(195) User=0.01s Sys=0.00s Real=0.00s
[2025-08-28T13:04:41.673+0000][1087812][info ][safepoint   ] Safepoint "G1CollectForAllocation", Time since last: 971961113 ns, Reaching safepoint: 219250 ns, Cleanup: 4416 ns, At safepoint: 1810330 ns, Total: 2033996 ns
[2025-08-28T13:04:43.658+0000][1087812][info ][gc,start    ] GC(196) Pause Young (Normal) (G1 Evacuation Pause)
[2025-08-28T13:04:43.658+0000][1087812][info ][gc,task     ] GC(196) Using 12 workers of 33 for evacuation
[2025-08-28T13:04:43.658+0000][1087812][debug][gc,age      ] GC(196) Desired survivor size 20971520 bytes, new threshold 15 (max threshold 15)
[2025-08-28T13:04:43.660+0000][1087812][info ][gc,phases   ] GC(196)   Pre Evacuate Collection Set: 0.2ms
[2025-08-28T13:04:43.660+0000][1087812][info ][gc,phases   ] GC(196)   Merge Heap Roots: 0.1ms
[2025-08-28T13:04:43.660+0000][1087812][info ][gc,phases   ] GC(196)   Evacuate Collection Set: 0.9ms
[2025-08-28T13:04:43.660+0000][1087812][info ][gc,phases   ] GC(196)   Post Evacuate Collection Set: 0.4ms
[2025-08-28T13:04:43.660+0000][1087812][info ][gc,phases   ] GC(196)   Other: 0.1ms
[2025-08-28T13:04:43.660+0000][1087812][trace][gc,age      ] GC(196) Age table with threshold 15 (max threshold 15)
[2025-08-28T13:04:43.660+0000][1087812][trace][gc,age      ] GC(196) - age   1:    1522432 bytes,    1522432 total
[2025-08-28T13:04:43.660+0000][1087812][trace][gc,age      ] GC(196) - age   2:       1360 bytes,    1523792 total
[2025-08-28T13:04:43.660+0000][1087812][trace][gc,age      ] GC(196) - age   3:       1504 bytes,    1525296 total
[2025-08-28T13:04:43.660+0000][1087812][trace][gc,age      ] GC(196) - age   5:        256 bytes,    1525552 total
[2025-08-28T13:04:43.660+0000][1087812][trace][gc,age      ] GC(196) - age   6:        400 bytes,    1525952 total
[2025-08-28T13:04:43.660+0000][1087812][trace][gc,age      ] GC(196) - age   8:         32 bytes,    1525984 total
[2025-08-28T13:04:43.660+0000][1087812][trace][gc,age      ] GC(196) - age   9:       9624 bytes,    1535608 total
[2025-08-28T13:04:43.660+0000][1087812][trace][gc,age      ] GC(196) - age  10:        968 bytes,    1536576 total
[2025-08-28T13:04:43.660+0000][1087812][trace][gc,age      ] GC(196) - age  11:       1720 bytes,    1538296 total
[2025-08-28T13:04:43.660+0000][1087812][trace][gc,age      ] GC(196) - age  12:        728 bytes,    1539024 total
[2025-08-28T13:04:43.660+0000][1087812][trace][gc,age      ] GC(196) - age  14:       2696 bytes,    1541720 total
[2025-08-28T13:04:43.660+0000][1087812][info ][gc,heap     ] GC(196) Eden regions: 75->0(75)
[2025-08-28T13:04:43.660+0000][1087812][info ][gc,heap     ] GC(196) Survivor regions: 1->1(10)
[2025-08-28T13:04:43.660+0000][1087812][info ][gc,heap     ] GC(196) Old regions: 26->26
[2025-08-28T13:04:43.660+0000][1087812][info ][gc,heap     ] GC(196) Humongous regions: 0->0
[2025-08-28T13:04:43.660+0000][1087812][info ][gc,metaspace] GC(196) Metaspace: 144296K(148352K)->144296K(148352K) NonClass: 124801K(126912K)->124801K(126912K) Class: 19495K(21440K)->19495K(21440K)
[2025-08-28T13:04:43.660+0000][1087812][info ][gc          ] GC(196) Pause Young (Normal) (G1 Evacuation Pause) 404M->105M(512M) 1.731ms
[2025-08-28T13:04:43.660+0000][1087812][info ][gc,cpu      ] GC(196) User=0.00s Sys=0.01s Real=0.00s
[2025-08-28T13:04:43.660+0000][1087812][info ][safepoint   ] Safepoint "G1CollectForAllocation", Time since last: 1985472022 ns, Reaching safepoint: 93050 ns, Cleanup: 4597 ns, At safepoint: 1842378 ns, Total: 1940025 ns
[2025-08-28T13:04:45.646+0000][1087812][info ][gc,start    ] GC(197) Pause Young (Normal) (G1 Evacuation Pause)
[2025-08-28T13:04:45.646+0000][1087812][info ][gc,task     ] GC(197) Using 12 workers of 33 for evacuation
[2025-08-28T13:04:45.646+0000][1087812][debug][gc,age      ] GC(197) Desired survivor size 20971520 bytes, new threshold 15 (max threshold 15)
[2025-08-28T13:04:45.648+0000][1087812][info ][gc,phases   ] GC(197)   Pre Evacuate Collection Set: 0.2ms
[2025-08-28T13:04:45.648+0000][1087812][info ][gc,phases   ] GC(197)   Merge Heap Roots: 0.1ms
[2025-08-28T13:04:45.648+0000][1087812][info ][gc,phases   ] GC(197)   Evacuate Collection Set: 0.9ms
[2025-08-28T13:04:45.648+0000][1087812][info ][gc,phases   ] GC(197)   Post Evacuate Collection Set: 0.4ms
[2025-08-28T13:04:45.648+0000][1087812][info ][gc,phases   ] GC(197)   Other: 0.1ms
[2025-08-28T13:04:45.648+0000][1087812][trace][gc,age      ] GC(197) Age table with threshold 15 (max threshold 15)
[2025-08-28T13:04:45.648+0000][1087812][trace][gc,age      ] GC(197) - age   1:    1160768 bytes,    1160768 total
[2025-08-28T13:04:45.648+0000][1087812][trace][gc,age      ] GC(197) - age   3:        824 bytes,    1161592 total
[2025-08-28T13:04:45.648+0000][1087812][trace][gc,age      ] GC(197) - age   4:       1328 bytes,    1162920 total
[2025-08-28T13:04:45.648+0000][1087812][trace][gc,age      ] GC(197) - age   6:        256 bytes,    1163176 total
[2025-08-28T13:04:45.648+0000][1087812][trace][gc,age      ] GC(197) - age   7:        400 bytes,    1163576 total
[2025-08-28T13:04:45.648+0000][1087812][trace][gc,age      ] GC(197) - age   9:         32 bytes,    1163608 total
[2025-08-28T13:04:45.648+0000][1087812][trace][gc,age      ] GC(197) - age  10:       9624 bytes,    1173232 total
[2025-08-28T13:04:45.648+0000][1087812][trace][gc,age      ] GC(197) - age  11:        968 bytes,    1174200 total
[2025-08-28T13:04:45.648+0000][1087812][trace][gc,age      ] GC(197) - age  12:       1720 bytes,    1175920 total
[2025-08-28T13:04:45.648+0000][1087812][trace][gc,age      ] GC(197) - age  13:        728 bytes,    1176648 total
[2025-08-28T13:04:45.648+0000][1087812][trace][gc,age      ] GC(197) - age  15:       2696 bytes,    1179344 total
[2025-08-28T13:04:45.648+0000][1087812][info ][gc,heap     ] GC(197) Eden regions: 75->0(75)
[2025-08-28T13:04:45.648+0000][1087812][info ][gc,heap     ] GC(197) Survivor regions: 1->1(10)
[2025-08-28T13:04:45.648+0000][1087812][info ][gc,heap     ] GC(197) Old regions: 26->26
[2025-08-28T13:04:45.648+0000][1087812][info ][gc,heap     ] GC(197) Humongous regions: 0->0
[2025-08-28T13:04:45.648+0000][1087812][info ][gc,metaspace] GC(197) Metaspace: 144296K(148352K)->144296K(148352K) NonClass: 124801K(126912K)->124801K(126912K) Class: 19495K(21440K)->19495K(21440K)
[2025-08-28T13:04:45.648+0000][1087812][info ][gc          ] GC(197) Pause Young (Normal) (G1 Evacuation Pause) 405M->104M(512M) 1.773ms
[2025-08-28T13:04:45.648+0000][1087812][info ][gc,cpu      ] GC(197) User=0.01s Sys=0.00s Real=0.00s
[2025-08-28T13:04:45.648+0000][1087812][info ][safepoint   ] Safepoint "G1CollectForAllocation", Time since last: 1985557160 ns, Reaching safepoint: 63626 ns, Cleanup: 11757 ns, At safepoint: 1890801 ns, Total: 1966184 ns
[2025-08-28T13:04:47.646+0000][1087812][info ][gc,start    ] GC(198) Pause Young (Normal) (G1 Evacuation Pause)
[2025-08-28T13:04:47.646+0000][1087812][info ][gc,task     ] GC(198) Using 12 workers of 33 for evacuation
[2025-08-28T13:04:47.646+0000][1087812][debug][gc,age      ] GC(198) Desired survivor size 20971520 bytes, new threshold 15 (max threshold 15)
[2025-08-28T13:04:47.647+0000][1087812][info ][gc,phases   ] GC(198)   Pre Evacuate Collection Set: 0.2ms
[2025-08-28T13:04:47.647+0000][1087812][info ][gc,phases   ] GC(198)   Merge Heap Roots: 0.0ms
[2025-08-28T13:04:47.647+0000][1087812][info ][gc,phases   ] GC(198)   Evacuate Collection Set: 0.8ms
[2025-08-28T13:04:47.647+0000][1087812][info ][gc,phases   ] GC(198)   Post Evacuate Collection Set: 0.4ms
[2025-08-28T13:04:47.647+0000][1087812][info ][gc,phases   ] GC(198)   Other: 0.0ms
[2025-08-28T13:04:47.648+0000][1087812][trace][gc,age      ] GC(198) Age table with threshold 15 (max threshold 15)
[2025-08-28T13:04:47.648+0000][1087812][trace][gc,age      ] GC(198) - age   1:    1075776 bytes,    1075776 total
[2025-08-28T13:04:47.648+0000][1087812][trace][gc,age      ] GC(198) - age   2:       1296 bytes,    1077072 total
[2025-08-28T13:04:47.648+0000][1087812][trace][gc,age      ] GC(198) - age   4:        824 bytes,    1077896 total
[2025-08-28T13:04:47.648+0000][1087812][trace][gc,age      ] GC(198) - age   5:       1328 bytes,    1079224 total
[2025-08-28T13:04:47.648+0000][1087812][trace][gc,age      ] GC(198) - age   7:        256 bytes,    1079480 total
[2025-08-28T13:04:47.648+0000][1087812][trace][gc,age      ] GC(198) - age   8:        400 bytes,    1079880 total
[2025-08-28T13:04:47.648+0000][1087812][trace][gc,age      ] GC(198) - age  11:       9624 bytes,    1089504 total
[2025-08-28T13:04:47.648+0000][1087812][trace][gc,age      ] GC(198) - age  12:        968 bytes,    1090472 total
[2025-08-28T13:04:47.648+0000][1087812][trace][gc,age      ] GC(198) - age  13:       1720 bytes,    1092192 total
[2025-08-28T13:04:47.648+0000][1087812][trace][gc,age      ] GC(198) - age  14:        728 bytes,    1092920 total
[2025-08-28T13:04:47.648+0000][1087812][info ][gc,heap     ] GC(198) Eden regions: 75->0(75)
[2025-08-28T13:04:47.648+0000][1087812][info ][gc,heap     ] GC(198) Survivor regions: 1->1(10)
[2025-08-28T13:04:47.648+0000][1087812][info ][gc,heap     ] GC(198) Old regions: 26->26
[2025-08-28T13:04:47.648+0000][1087812][info ][gc,heap     ] GC(198) Humongous regions: 0->0
[2025-08-28T13:04:47.648+0000][1087812][info ][gc,metaspace] GC(198) Metaspace: 144296K(148352K)->144296K(148352K) NonClass: 124801K(126912K)->124801K(126912K) Class: 19495K(21440K)->19495K(21440K)
[2025-08-28T13:04:47.648+0000][1087812][info ][gc          ] GC(198) Pause Young (Normal) (G1 Evacuation Pause) 404M->104M(512M) 1.639ms
[2025-08-28T13:04:47.648+0000][1087812][info ][gc,cpu      ] GC(198) User=0.00s Sys=0.00s Real=0.00s
[2025-08-28T13:04:47.648+0000][1087812][info ][safepoint   ] Safepoint "G1CollectForAllocation", Time since last: 1998165844 ns, Reaching safepoint: 27081 ns, Cleanup: 4396 ns, At safepoint: 1756049 ns, Total: 1787526 ns
[2025-08-28T13:04:49.634+0000][1087812][info ][gc,start    ] GC(199) Pause Young (Normal) (G1 Evacuation Pause)
[2025-08-28T13:04:49.634+0000][1087812][info ][gc,task     ] GC(199) Using 12 workers of 33 for evacuation
[2025-08-28T13:04:49.634+0000][1087812][debug][gc,age      ] GC(199) Desired survivor size 20971520 bytes, new threshold 15 (max threshold 15)
[2025-08-28T13:04:49.635+0000][1087812][info ][gc,phases   ] GC(199)   Pre Evacuate Collection Set: 0.2ms
[2025-08-28T13:04:49.635+0000][1087812][info ][gc,phases   ] GC(199)   Merge Heap Roots: 0.1ms
[2025-08-28T13:04:49.635+0000][1087812][info ][gc,phases   ] GC(199)   Evacuate Collection Set: 0.8ms
[2025-08-28T13:04:49.635+0000][1087812][info ][gc,phases   ] GC(199)   Post Evacuate Collection Set: 0.4ms
[2025-08-28T13:04:49.635+0000][1087812][info ][gc,phases   ] GC(199)   Other: 0.1ms
[2025-08-28T13:04:49.635+0000][1087812][trace][gc,age      ] GC(199) Age table with threshold 15 (max threshold 15)
[2025-08-28T13:04:49.635+0000][1087812][trace][gc,age      ] GC(199) - age   1:    1076072 bytes,    1076072 total
[2025-08-28T13:04:49.635+0000][1087812][trace][gc,age      ] GC(199) - age   2:         32 bytes,    1076104 total
[2025-08-28T13:04:49.635+0000][1087812][trace][gc,age      ] GC(199) - age   3:       1120 bytes,    1077224 total
[2025-08-28T13:04:49.635+0000][1087812][trace][gc,age      ] GC(199) - age   5:        824 bytes,    1078048 total
[2025-08-28T13:04:49.635+0000][1087812][trace][gc,age      ] GC(199) - age   6:       1328 bytes,    1079376 total
[2025-08-28T13:04:49.635+0000][1087812][trace][gc,age      ] GC(199) - age   8:        256 bytes,    1079632 total
[2025-08-28T13:04:49.635+0000][1087812][trace][gc,age      ] GC(199) - age   9:        400 bytes,    1080032 total
[2025-08-28T13:04:49.635+0000][1087812][trace][gc,age      ] GC(199) - age  12:       9624 bytes,    1089656 total
[2025-08-28T13:04:49.635+0000][1087812][trace][gc,age      ] GC(199) - age  13:        968 bytes,    1090624 total
[2025-08-28T13:04:49.635+0000][1087812][trace][gc,age      ] GC(199) - age  14:       1720 bytes,    1092344 total
[2025-08-28T13:04:49.635+0000][1087812][trace][gc,age      ] GC(199) - age  15:        728 bytes,    1093072 total
[2025-08-28T13:04:49.635+0000][1087812][info ][gc,heap     ] GC(199) Eden regions: 75->0(75)
[2025-08-28T13:04:49.635+0000][1087812][info ][gc,heap     ] GC(199) Survivor regions: 1->1(10)
[2025-08-28T13:04:49.635+0000][1087812][info ][gc,heap     ] GC(199) Old regions: 26->26
[2025-08-28T13:04:49.635+0000][1087812][info ][gc,heap     ] GC(199) Humongous regions: 0->0
[2025-08-28T13:04:49.635+0000][1087812][info ][gc,metaspace] GC(199) Metaspace: 144296K(148352K)->144296K(148352K) NonClass: 124801K(126912K)->124801K(126912K) Class: 19495K(21440K)->19495K(21440K)
[2025-08-28T13:04:49.635+0000][1087812][info ][gc          ] GC(199) Pause Young (Normal) (G1 Evacuation Pause) 404M->104M(512M) 1.666ms
[2025-08-28T13:04:49.635+0000][1087812][info ][gc,cpu      ] GC(199) User=0.01s Sys=0.00s Real=0.00s
[2025-08-28T13:04:49.635+0000][1087812][info ][safepoint   ] Safepoint "G1CollectForAllocation", Time since last: 1985916219 ns, Reaching safepoint: 26540 ns, Cleanup: 4557 ns, At safepoint: 1797170 ns, Total: 1828267 ns
[2025-08-28T13:04:51.597+0000][1087812][info ][gc,start    ] GC(200) Pause Young (Normal) (G1 Evacuation Pause)
[2025-08-28T13:04:51.597+0000][1087812][info ][gc,task     ] GC(200) Using 12 workers of 33 for evacuation
[2025-08-28T13:04:51.597+0000][1087812][debug][gc,age      ] GC(200) Desired survivor size 20971520 bytes, new threshold 15 (max threshold 15)
[2025-08-28T13:04:51.598+0000][1087812][info ][gc,phases   ] GC(200)   Pre Evacuate Collection Set: 0.2ms
[2025-08-28T13:04:51.598+0000][1087812][info ][gc,phases   ] GC(200)   Merge Heap Roots: 0.1ms
[2025-08-28T13:04:51.598+0000][1087812][info ][gc,phases   ] GC(200)   Evacuate Collection Set: 0.8ms
[2025-08-28T13:04:51.599+0000][1087812][info ][gc,phases   ] GC(200)   Post Evacuate Collection Set: 0.4ms
[2025-08-28T13:04:51.599+0000][1087812][info ][gc,phases   ] GC(200)   Other: 0.1ms
[2025-08-28T13:04:51.599+0000][1087812][trace][gc,age      ] GC(200) Age table with threshold 15 (max threshold 15)
[2025-08-28T13:04:51.599+0000][1087812][trace][gc,age      ] GC(200) - age   1:     854784 bytes,     854784 total
[2025-08-28T13:04:51.599+0000][1087812][trace][gc,age      ] GC(200) - age   2:        176 bytes,     854960 total
[2025-08-28T13:04:51.599+0000][1087812][trace][gc,age      ] GC(200) - age   3:         32 bytes,     854992 total
[2025-08-28T13:04:51.599+0000][1087812][trace][gc,age      ] GC(200) - age   4:        584 bytes,     855576 total
[2025-08-28T13:04:51.599+0000][1087812][trace][gc,age      ] GC(200) - age   6:        584 bytes,     856160 total
[2025-08-28T13:04:51.599+0000][1087812][trace][gc,age      ] GC(200) - age   7:       1328 bytes,     857488 total
[2025-08-28T13:04:51.599+0000][1087812][trace][gc,age      ] GC(200) - age   9:        256 bytes,     857744 total
[2025-08-28T13:04:51.599+0000][1087812][trace][gc,age      ] GC(200) - age  10:        400 bytes,     858144 total
[2025-08-28T13:04:51.599+0000][1087812][trace][gc,age      ] GC(200) - age  13:       9248 bytes,     867392 total
[2025-08-28T13:04:51.599+0000][1087812][trace][gc,age      ] GC(200) - age  14:        968 bytes,     868360 total
[2025-08-28T13:04:51.599+0000][1087812][trace][gc,age      ] GC(200) - age  15:       1720 bytes,     870080 total
[2025-08-28T13:04:51.599+0000][1087812][info ][gc,heap     ] GC(200) Eden regions: 75->0(75)
[2025-08-28T13:04:51.599+0000][1087812][info ][gc,heap     ] GC(200) Survivor regions: 1->1(10)
[2025-08-28T13:04:51.599+0000][1087812][info ][gc,heap     ] GC(200) Old regions: 26->26
[2025-08-28T13:04:51.599+0000][1087812][info ][gc,heap     ] GC(200) Humongous regions: 0->0
[2025-08-28T13:04:51.599+0000][1087812][info ][gc,metaspace] GC(200) Metaspace: 144296K(148352K)->144296K(148352K) NonClass: 124801K(126912K)->124801K(126912K) Class: 19495K(21440K)->19495K(21440K)
[2025-08-28T13:04:51.599+0000][1087812][info ][gc          ] GC(200) Pause Young (Normal) (G1 Evacuation Pause) 404M->104M(512M) 1.639ms
[2025-08-28T13:04:51.599+0000][1087812][info ][gc,cpu      ] GC(200) User=0.00s Sys=0.00s Real=0.00s
[2025-08-28T13:04:51.599+0000][1087812][info ][safepoint   ] Safepoint "G1CollectForAllocation", Time since last: 1961439835 ns, Reaching safepoint: 61383 ns, Cleanup: 4887 ns, At safepoint: 1756449 ns, Total: 1822719 ns
[2025-08-28T13:04:52.599+0000][1087812][info ][safepoint   ] Safepoint "Cleanup", Time since last: 1000092469 ns, Reaching safepoint: 26770 ns, Cleanup: 24417 ns, At safepoint: 2624 ns, Total: 53811 ns
[2025-08-28T13:04:53.559+0000][1087812][info ][gc,start    ] GC(201) Pause Young (Normal) (G1 Evacuation Pause)
[2025-08-28T13:04:53.559+0000][1087812][info ][gc,task     ] GC(201) Using 12 workers of 33 for evacuation
[2025-08-28T13:04:53.559+0000][1087812][debug][gc,age      ] GC(201) Desired survivor size 20971520 bytes, new threshold 15 (max threshold 15)
[2025-08-28T13:04:53.561+0000][1087812][info ][gc,phases   ] GC(201)   Pre Evacuate Collection Set: 0.2ms
[2025-08-28T13:04:53.561+0000][1087812][info ][gc,phases   ] GC(201)   Merge Heap Roots: 0.1ms
[2025-08-28T13:04:53.561+0000][1087812][info ][gc,phases   ] GC(201)   Evacuate Collection Set: 1.0ms
[2025-08-28T13:04:53.561+0000][1087812][info ][gc,phases   ] GC(201)   Post Evacuate Collection Set: 0.4ms
[2025-08-28T13:04:53.561+0000][1087812][info ][gc,phases   ] GC(201)   Other: 0.1ms
[2025-08-28T13:04:53.561+0000][1087812][trace][gc,age      ] GC(201) Age table with threshold 15 (max threshold 15)
[2025-08-28T13:04:53.561+0000][1087812][trace][gc,age      ] GC(201) - age   1:     887360 bytes,     887360 total
[2025-08-28T13:04:53.561+0000][1087812][trace][gc,age      ] GC(201) - age   2:       1096 bytes,     888456 total
[2025-08-28T13:04:53.561+0000][1087812][trace][gc,age      ] GC(201) - age   3:        176 bytes,     888632 total
[2025-08-28T13:04:53.561+0000][1087812][trace][gc,age      ] GC(201) - age   5:        584 bytes,     889216 total
[2025-08-28T13:04:53.561+0000][1087812][trace][gc,age      ] GC(201) - age   7:        584 bytes,     889800 total
[2025-08-28T13:04:53.561+0000][1087812][trace][gc,age      ] GC(201) - age   8:       1328 bytes,     891128 total
[2025-08-28T13:04:53.561+0000][1087812][trace][gc,age      ] GC(201) - age  10:        256 bytes,     891384 total
[2025-08-28T13:04:53.561+0000][1087812][trace][gc,age      ] GC(201) - age  11:        368 bytes,     891752 total
[2025-08-28T13:04:53.561+0000][1087812][trace][gc,age      ] GC(201) - age  14:       9248 bytes,     901000 total
[2025-08-28T13:04:53.561+0000][1087812][trace][gc,age      ] GC(201) - age  15:        968 bytes,     901968 total
[2025-08-28T13:04:53.561+0000][1087812][info ][gc,heap     ] GC(201) Eden regions: 75->0(75)
[2025-08-28T13:04:53.561+0000][1087812][info ][gc,heap     ] GC(201) Survivor regions: 1->1(10)
[2025-08-28T13:04:53.561+0000][1087812][info ][gc,heap     ] GC(201) Old regions: 26->26
[2025-08-28T13:04:53.561+0000][1087812][info ][gc,heap     ] GC(201) Humongous regions: 0->0
[2025-08-28T13:04:53.561+0000][1087812][info ][gc,metaspace] GC(201) Metaspace: 144306K(148352K)->144306K(148352K) NonClass: 124808K(126912K)->124808K(126912K) Class: 19498K(21440K)->19498K(21440K)
[2025-08-28T13:04:53.561+0000][1087812][info ][gc          ] GC(201) Pause Young (Normal) (G1 Evacuation Pause) 404M->104M(512M) 1.929ms
[2025-08-28T13:04:53.561+0000][1087812][info ][gc,cpu      ] GC(201) User=0.01s Sys=0.00s Real=0.01s
[2025-08-28T13:04:53.561+0000][1087812][info ][safepoint   ] Safepoint "G1CollectForAllocation", Time since last: 960486382 ns, Reaching safepoint: 26210 ns, Cleanup: 13981 ns, At safepoint: 2043400 ns, Total: 2083591 ns
[2025-08-28T13:04:54.562+0000][1087812][info ][safepoint   ] Safepoint "Cleanup", Time since last: 1000085398 ns, Reaching safepoint: 26279 ns, Cleanup: 65869 ns, At safepoint: 2504 ns, Total: 94652 ns
[2025-08-28T13:04:55.471+0000][1087812][info ][gc,start    ] GC(202) Pause Young (Normal) (G1 Evacuation Pause)
[2025-08-28T13:04:55.471+0000][1087812][info ][gc,task     ] GC(202) Using 12 workers of 33 for evacuation
[2025-08-28T13:04:55.471+0000][1087812][debug][gc,age      ] GC(202) Desired survivor size 20971520 bytes, new threshold 15 (max threshold 15)
[2025-08-28T13:04:55.473+0000][1087812][info ][gc,phases   ] GC(202)   Pre Evacuate Collection Set: 0.1ms
[2025-08-28T13:04:55.473+0000][1087812][info ][gc,phases   ] GC(202)   Merge Heap Roots: 0.1ms
[2025-08-28T13:04:55.473+0000][1087812][info ][gc,phases   ] GC(202)   Evacuate Collection Set: 1.0ms
[2025-08-28T13:04:55.473+0000][1087812][info ][gc,phases   ] GC(202)   Post Evacuate Collection Set: 0.4ms
[2025-08-28T13:04:55.473+0000][1087812][info ][gc,phases   ] GC(202)   Other: 0.1ms
[2025-08-28T13:04:55.473+0000][1087812][trace][gc,age      ] GC(202) Age table with threshold 15 (max threshold 15)
[2025-08-28T13:04:55.473+0000][1087812][trace][gc,age      ] GC(202) - age   1:    1563728 bytes,    1563728 total
[2025-08-28T13:04:55.473+0000][1087812][trace][gc,age      ] GC(202) - age   2:      15592 bytes,    1579320 total
[2025-08-28T13:04:55.473+0000][1087812][trace][gc,age      ] GC(202) - age   3:        560 bytes,    1579880 total
[2025-08-28T13:04:55.473+0000][1087812][trace][gc,age      ] GC(202) - age   6:        584 bytes,    1580464 total
[2025-08-28T13:04:55.473+0000][1087812][trace][gc,age      ] GC(202) - age   8:        584 bytes,    1581048 total
[2025-08-28T13:04:55.473+0000][1087812][trace][gc,age      ] GC(202) - age   9:       1328 bytes,    1582376 total
[2025-08-28T13:04:55.473+0000][1087812][trace][gc,age      ] GC(202) - age  11:         32 bytes,    1582408 total
[2025-08-28T13:04:55.473+0000][1087812][trace][gc,age      ] GC(202) - age  12:        368 bytes,    1582776 total
[2025-08-28T13:04:55.473+0000][1087812][trace][gc,age      ] GC(202) - age  15:       9248 bytes,    1592024 total
[2025-08-28T13:04:55.473+0000][1087812][info ][gc,heap     ] GC(202) Eden regions: 75->0(75)
[2025-08-28T13:04:55.473+0000][1087812][info ][gc,heap     ] GC(202) Survivor regions: 1->1(10)
[2025-08-28T13:04:55.473+0000][1087812][info ][gc,heap     ] GC(202) Old regions: 26->26
[2025-08-28T13:04:55.473+0000][1087812][info ][gc,heap     ] GC(202) Humongous regions: 0->0
[2025-08-28T13:04:55.473+0000][1087812][info ][gc,metaspace] GC(202) Metaspace: 144371K(148416K)->144371K(148416K) NonClass: 124854K(126976K)->124854K(126976K) Class: 19517K(21440K)->19517K(21440K)
[2025-08-28T13:04:55.473+0000][1087812][info ][gc          ] GC(202) Pause Young (Normal) (G1 Evacuation Pause) 404M->105M(512M) 1.856ms
[2025-08-28T13:04:55.473+0000][1087812][info ][gc,cpu      ] GC(202) User=0.01s Sys=0.00s Real=0.00s
[2025-08-28T13:04:55.473+0000][1087812][info ][safepoint   ] Safepoint "G1CollectForAllocation", Time since last: 909548472 ns, Reaching safepoint: 47521 ns, Cleanup: 10656 ns, At safepoint: 1967667 ns, Total: 2025844 ns
[2025-08-28T13:04:56.473+0000][1087812][info ][safepoint   ] Safepoint "Cleanup", Time since last: 1000086850 ns, Reaching safepoint: 26420 ns, Cleanup: 10546 ns, At safepoint: 2944 ns, Total: 39910 ns
[2025-08-28T13:04:57.446+0000][1087812][info ][gc,start    ] GC(203) Pause Young (Normal) (G1 Evacuation Pause)
[2025-08-28T13:04:57.446+0000][1087812][info ][gc,task     ] GC(203) Using 12 workers of 33 for evacuation
[2025-08-28T13:04:57.446+0000][1087812][debug][gc,age      ] GC(203) Desired survivor size 20971520 bytes, new threshold 15 (max threshold 15)
[2025-08-28T13:04:57.448+0000][1087812][info ][gc,phases   ] GC(203)   Pre Evacuate Collection Set: 0.2ms
[2025-08-28T13:04:57.448+0000][1087812][info ][gc,phases   ] GC(203)   Merge Heap Roots: 0.1ms
[2025-08-28T13:04:57.448+0000][1087812][info ][gc,phases   ] GC(203)   Evacuate Collection Set: 1.1ms
[2025-08-28T13:04:57.448+0000][1087812][info ][gc,phases   ] GC(203)   Post Evacuate Collection Set: 0.5ms
[2025-08-28T13:04:57.448+0000][1087812][info ][gc,phases   ] GC(203)   Other: 0.1ms
[2025-08-28T13:04:57.448+0000][1087812][trace][gc,age      ] GC(203) Age table with threshold 15 (max threshold 15)
[2025-08-28T13:04:57.448+0000][1087812][trace][gc,age      ] GC(203) - age   1:    1093424 bytes,    1093424 total
[2025-08-28T13:04:57.448+0000][1087812][trace][gc,age      ] GC(203) - age   2:     485832 bytes,    1579256 total
[2025-08-28T13:04:57.448+0000][1087812][trace][gc,age      ] GC(203) - age   3:      15592 bytes,    1594848 total
[2025-08-28T13:04:57.448+0000][1087812][trace][gc,age      ] GC(203) - age   4:        560 bytes,    1595408 total
[2025-08-28T13:04:57.448+0000][1087812][trace][gc,age      ] GC(203) - age   7:        584 bytes,    1595992 total
[2025-08-28T13:04:57.448+0000][1087812][trace][gc,age      ] GC(203) - age   9:        584 bytes,    1596576 total
[2025-08-28T13:04:57.448+0000][1087812][trace][gc,age      ] GC(203) - age  10:       1328 bytes,    1597904 total
[2025-08-28T13:04:57.448+0000][1087812][trace][gc,age      ] GC(203) - age  13:        368 bytes,    1598272 total
[2025-08-28T13:04:57.448+0000][1087812][info ][gc,heap     ] GC(203) Eden regions: 75->0(75)
[2025-08-28T13:04:57.448+0000][1087812][info ][gc,heap     ] GC(203) Survivor regions: 1->1(10)
[2025-08-28T13:04:57.448+0000][1087812][info ][gc,heap     ] GC(203) Old regions: 26->26
[2025-08-28T13:04:57.448+0000][1087812][info ][gc,heap     ] GC(203) Humongous regions: 0->0
[2025-08-28T13:04:57.448+0000][1087812][info ][gc,metaspace] GC(203) Metaspace: 144371K(148416K)->144371K(148416K) NonClass: 124854K(126976K)->124854K(126976K) Class: 19517K(21440K)->19517K(21440K)
[2025-08-28T13:04:57.448+0000][1087812][info ][gc          ] GC(203) Pause Young (Normal) (G1 Evacuation Pause) 405M->105M(512M) 2.119ms
[2025-08-28T13:04:57.448+0000][1087812][info ][gc,cpu      ] GC(203) User=0.01s Sys=0.00s Real=0.00s
[2025-08-28T13:04:57.448+0000][1087812][info ][safepoint   ] Safepoint "G1CollectForAllocation", Time since last: 972447474 ns, Reaching safepoint: 26880 ns, Cleanup: 3946 ns, At safepoint: 2303170 ns, Total: 2333996 ns
[2025-08-28T13:04:59.420+0000][1087812][info ][gc,start    ] GC(204) Pause Young (Normal) (G1 Evacuation Pause)
[2025-08-28T13:04:59.421+0000][1087812][info ][gc,task     ] GC(204) Using 12 workers of 33 for evacuation
[2025-08-28T13:04:59.421+0000][1087812][debug][gc,age      ] GC(204) Desired survivor size 20971520 bytes, new threshold 15 (max threshold 15)
[2025-08-28T13:04:59.422+0000][1087812][info ][gc,phases   ] GC(204)   Pre Evacuate Collection Set: 0.2ms
[2025-08-28T13:04:59.422+0000][1087812][info ][gc,phases   ] GC(204)   Merge Heap Roots: 0.1ms
[2025-08-28T13:04:59.422+0000][1087812][info ][gc,phases   ] GC(204)   Evacuate Collection Set: 1.0ms
[2025-08-28T13:04:59.422+0000][1087812][info ][gc,phases   ] GC(204)   Post Evacuate Collection Set: 0.4ms
[2025-08-28T13:04:59.422+0000][1087812][info ][gc,phases   ] GC(204)   Other: 0.1ms
[2025-08-28T13:04:59.422+0000][1087812][trace][gc,age      ] GC(204) Age table with threshold 15 (max threshold 15)
[2025-08-28T13:04:59.422+0000][1087812][trace][gc,age      ] GC(204) - age   1:    1094896 bytes,    1094896 total
[2025-08-28T13:04:59.422+0000][1087812][trace][gc,age      ] GC(204) - age   2:         32 bytes,    1094928 total
[2025-08-28T13:04:59.422+0000][1087812][trace][gc,age      ] GC(204) - age   3:     485656 bytes,    1580584 total
[2025-08-28T13:04:59.422+0000][1087812][trace][gc,age      ] GC(204) - age   4:      13912 bytes,    1594496 total
[2025-08-28T13:04:59.422+0000][1087812][trace][gc,age      ] GC(204) - age   5:        264 bytes,    1594760 total
[2025-08-28T13:04:59.422+0000][1087812][trace][gc,age      ] GC(204) - age   8:        584 bytes,    1595344 total
[2025-08-28T13:04:59.422+0000][1087812][trace][gc,age      ] GC(204) - age  10:        584 bytes,    1595928 total
[2025-08-28T13:04:59.422+0000][1087812][trace][gc,age      ] GC(204) - age  11:       1328 bytes,    1597256 total
[2025-08-28T13:04:59.422+0000][1087812][trace][gc,age      ] GC(204) - age  14:        368 bytes,    1597624 total
[2025-08-28T13:04:59.422+0000][1087812][info ][gc,heap     ] GC(204) Eden regions: 75->0(75)
[2025-08-28T13:04:59.422+0000][1087812][info ][gc,heap     ] GC(204) Survivor regions: 1->1(10)
[2025-08-28T13:04:59.422+0000][1087812][info ][gc,heap     ] GC(204) Old regions: 26->26
[2025-08-28T13:04:59.422+0000][1087812][info ][gc,heap     ] GC(204) Humongous regions: 0->0
[2025-08-28T13:04:59.422+0000][1087812][info ][gc,metaspace] GC(204) Metaspace: 144371K(148416K)->144371K(148416K) NonClass: 124854K(126976K)->124854K(126976K) Class: 19517K(21440K)->19517K(21440K)
[2025-08-28T13:04:59.422+0000][1087812][info ][gc          ] GC(204) Pause Young (Normal) (G1 Evacuation Pause) 405M->105M(512M) 1.890ms
[2025-08-28T13:04:59.422+0000][1087812][info ][gc,cpu      ] GC(204) User=0.01s Sys=0.01s Real=0.01s
[2025-08-28T13:04:59.422+0000][1087812][info ][safepoint   ] Safepoint "G1CollectForAllocation", Time since last: 1972377689 ns, Reaching safepoint: 24968 ns, Cleanup: 9865 ns, At safepoint: 2001086 ns, Total: 2035919 ns
[2025-08-28T13:05:01.388+0000][1087812][info ][gc,start    ] GC(205) Pause Young (Normal) (G1 Evacuation Pause)
[2025-08-28T13:05:01.388+0000][1087812][info ][gc,task     ] GC(205) Using 12 workers of 33 for evacuation
[2025-08-28T13:05:01.388+0000][1087812][debug][gc,age      ] GC(205) Desired survivor size 20971520 bytes, new threshold 15 (max threshold 15)
[2025-08-28T13:05:01.390+0000][1087812][info ][gc,phases   ] GC(205)   Pre Evacuate Collection Set: 0.2ms
[2025-08-28T13:05:01.390+0000][1087812][info ][gc,phases   ] GC(205)   Merge Heap Roots: 0.1ms
[2025-08-28T13:05:01.390+0000][1087812][info ][gc,phases   ] GC(205)   Evacuate Collection Set: 1.1ms
[2025-08-28T13:05:01.390+0000][1087812][info ][gc,phases   ] GC(205)   Post Evacuate Collection Set: 0.4ms
[2025-08-28T13:05:01.390+0000][1087812][info ][gc,phases   ] GC(205)   Other: 0.1ms
[2025-08-28T13:05:01.390+0000][1087812][trace][gc,age      ] GC(205) Age table with threshold 15 (max threshold 15)
[2025-08-28T13:05:01.390+0000][1087812][trace][gc,age      ] GC(205) - age   1:    1037536 bytes,    1037536 total
[2025-08-28T13:05:01.390+0000][1087812][trace][gc,age      ] GC(205) - age   2:       2848 bytes,    1040384 total
[2025-08-28T13:05:01.390+0000][1087812][trace][gc,age      ] GC(205) - age   3:         32 bytes,    1040416 total
[2025-08-28T13:05:01.390+0000][1087812][trace][gc,age      ] GC(205) - age   4:     485120 bytes,    1525536 total
[2025-08-28T13:05:01.390+0000][1087812][trace][gc,age      ] GC(205) - age   5:      13912 bytes,    1539448 total
[2025-08-28T13:05:01.390+0000][1087812][trace][gc,age      ] GC(205) - age   6:         24 bytes,    1539472 total
[2025-08-28T13:05:01.390+0000][1087812][trace][gc,age      ] GC(205) - age   9:        584 bytes,    1540056 total
[2025-08-28T13:05:01.390+0000][1087812][trace][gc,age      ] GC(205) - age  11:        584 bytes,    1540640 total
[2025-08-28T13:05:01.390+0000][1087812][trace][gc,age      ] GC(205) - age  12:       1328 bytes,    1541968 total
[2025-08-28T13:05:01.390+0000][1087812][trace][gc,age      ] GC(205) - age  15:        368 bytes,    1542336 total
[2025-08-28T13:05:01.390+0000][1087812][info ][gc,heap     ] GC(205) Eden regions: 75->0(75)
[2025-08-28T13:05:01.390+0000][1087812][info ][gc,heap     ] GC(205) Survivor regions: 1->1(10)
[2025-08-28T13:05:01.390+0000][1087812][info ][gc,heap     ] GC(205) Old regions: 26->26
[2025-08-28T13:05:01.390+0000][1087812][info ][gc,heap     ] GC(205) Humongous regions: 0->0
[2025-08-28T13:05:01.390+0000][1087812][info ][gc,metaspace] GC(205) Metaspace: 144371K(148416K)->144371K(148416K) NonClass: 124854K(126976K)->124854K(126976K) Class: 19517K(21440K)->19517K(21440K)
[2025-08-28T13:05:01.390+0000][1087812][info ][gc          ] GC(205) Pause Young (Normal) (G1 Evacuation Pause) 405M->105M(512M) 1.948ms
[2025-08-28T13:05:01.390+0000][1087812][info ][gc,cpu      ] GC(205) User=0.01s Sys=0.01s Real=0.00s
[2025-08-28T13:05:01.390+0000][1087812][info ][safepoint   ] Safepoint "G1CollectForAllocation", Time since last: 1965782580 ns, Reaching safepoint: 55463 ns, Cleanup: 17296 ns, At safepoint: 2053666 ns, Total: 2126425 ns
[2025-08-28T13:05:03.376+0000][1087812][info ][gc,start    ] GC(206) Pause Young (Normal) (G1 Evacuation Pause)
[2025-08-28T13:05:03.376+0000][1087812][info ][gc,task     ] GC(206) Using 12 workers of 33 for evacuation
[2025-08-28T13:05:03.376+0000][1087812][debug][gc,age      ] GC(206) Desired survivor size 20971520 bytes, new threshold 15 (max threshold 15)
[2025-08-28T13:05:03.378+0000][1087812][info ][gc,phases   ] GC(206)   Pre Evacuate Collection Set: 0.2ms
[2025-08-28T13:05:03.378+0000][1087812][info ][gc,phases   ] GC(206)   Merge Heap Roots: 0.1ms
[2025-08-28T13:05:03.378+0000][1087812][info ][gc,phases   ] GC(206)   Evacuate Collection Set: 1.0ms
[2025-08-28T13:05:03.378+0000][1087812][info ][gc,phases   ] GC(206)   Post Evacuate Collection Set: 0.5ms
[2025-08-28T13:05:03.378+0000][1087812][info ][gc,phases   ] GC(206)   Other: 0.1ms
[2025-08-28T13:05:03.378+0000][1087812][trace][gc,age      ] GC(206) Age table with threshold 15 (max threshold 15)
[2025-08-28T13:05:03.378+0000][1087812][trace][gc,age      ] GC(206) - age   1:    1021488 bytes,    1021488 total
[2025-08-28T13:05:03.378+0000][1087812][trace][gc,age      ] GC(206) - age   2:        776 bytes,    1022264 total
[2025-08-28T13:05:03.378+0000][1087812][trace][gc,age      ] GC(206) - age   3:       2848 bytes,    1025112 total
[2025-08-28T13:05:03.378+0000][1087812][trace][gc,age      ] GC(206) - age   4:         32 bytes,    1025144 total
[2025-08-28T13:05:03.378+0000][1087812][trace][gc,age      ] GC(206) - age   5:     485120 bytes,    1510264 total
[2025-08-28T13:05:03.378+0000][1087812][trace][gc,age      ] GC(206) - age   6:      13880 bytes,    1524144 total
[2025-08-28T13:05:03.378+0000][1087812][trace][gc,age      ] GC(206) - age   7:         24 bytes,    1524168 total
[2025-08-28T13:05:03.378+0000][1087812][trace][gc,age      ] GC(206) - age  10:        584 bytes,    1524752 total
[2025-08-28T13:05:03.378+0000][1087812][trace][gc,age      ] GC(206) - age  12:        584 bytes,    1525336 total
[2025-08-28T13:05:03.378+0000][1087812][trace][gc,age      ] GC(206) - age  13:       1328 bytes,    1526664 total
[2025-08-28T13:05:03.378+0000][1087812][info ][gc,heap     ] GC(206) Eden regions: 75->0(75)
[2025-08-28T13:05:03.378+0000][1087812][info ][gc,heap     ] GC(206) Survivor regions: 1->1(10)
[2025-08-28T13:05:03.378+0000][1087812][info ][gc,heap     ] GC(206) Old regions: 26->26
[2025-08-28T13:05:03.378+0000][1087812][info ][gc,heap     ] GC(206) Humongous regions: 0->0
[2025-08-28T13:05:03.378+0000][1087812][info ][gc,metaspace] GC(206) Metaspace: 144371K(148416K)->144371K(148416K) NonClass: 124854K(126976K)->124854K(126976K) Class: 19517K(21440K)->19517K(21440K)
[2025-08-28T13:05:03.378+0000][1087812][info ][gc          ] GC(206) Pause Young (Normal) (G1 Evacuation Pause) 405M->105M(512M) 1.934ms
[2025-08-28T13:05:03.378+0000][1087812][info ][gc,cpu      ] GC(206) User=0.01s Sys=0.00s Real=0.00s
[2025-08-28T13:05:03.378+0000][1087812][info ][safepoint   ] Safepoint "G1CollectForAllocation", Time since last: 1985445362 ns, Reaching safepoint: 24797 ns, Cleanup: 4136 ns, At safepoint: 2053856 ns, Total: 2082789 ns
[2025-08-28T13:05:05.350+0000][1087812][info ][gc,start    ] GC(207) Pause Young (Normal) (G1 Evacuation Pause)
[2025-08-28T13:05:05.350+0000][1087812][info ][gc,task     ] GC(207) Using 12 workers of 33 for evacuation
[2025-08-28T13:05:05.350+0000][1087812][debug][gc,age      ] GC(207) Desired survivor size 20971520 bytes, new threshold 15 (max threshold 15)
[2025-08-28T13:05:05.352+0000][1087812][info ][gc,phases   ] GC(207)   Pre Evacuate Collection Set: 0.2ms
[2025-08-28T13:05:05.352+0000][1087812][info ][gc,phases   ] GC(207)   Merge Heap Roots: 0.1ms
[2025-08-28T13:05:05.352+0000][1087812][info ][gc,phases   ] GC(207)   Evacuate Collection Set: 1.1ms
[2025-08-28T13:05:05.352+0000][1087812][info ][gc,phases   ] GC(207)   Post Evacuate Collection Set: 0.4ms
[2025-08-28T13:05:05.352+0000][1087812][info ][gc,phases   ] GC(207)   Other: 0.1ms
[2025-08-28T13:05:05.352+0000][1087812][trace][gc,age      ] GC(207) Age table with threshold 15 (max threshold 15)
[2025-08-28T13:05:05.352+0000][1087812][trace][gc,age      ] GC(207) - age   1:    1076520 bytes,    1076520 total
[2025-08-28T13:05:05.352+0000][1087812][trace][gc,age      ] GC(207) - age   2:        432 bytes,    1076952 total
[2025-08-28T13:05:05.352+0000][1087812][trace][gc,age      ] GC(207) - age   3:        240 bytes,    1077192 total
[2025-08-28T13:05:05.352+0000][1087812][trace][gc,age      ] GC(207) - age   4:       2672 bytes,    1079864 total
[2025-08-28T13:05:05.352+0000][1087812][trace][gc,age      ] GC(207) - age   5:         32 bytes,    1079896 total
[2025-08-28T13:05:05.352+0000][1087812][trace][gc,age      ] GC(207) - age   6:     485120 bytes,    1565016 total
[2025-08-28T13:05:05.352+0000][1087812][trace][gc,age      ] GC(207) - age   7:      13880 bytes,    1578896 total
[2025-08-28T13:05:05.352+0000][1087812][trace][gc,age      ] GC(207) - age   8:         24 bytes,    1578920 total
[2025-08-28T13:05:05.352+0000][1087812][trace][gc,age      ] GC(207) - age  11:        584 bytes,    1579504 total
[2025-08-28T13:05:05.352+0000][1087812][trace][gc,age      ] GC(207) - age  13:        584 bytes,    1580088 total
[2025-08-28T13:05:05.352+0000][1087812][trace][gc,age      ] GC(207) - age  14:       1328 bytes,    1581416 total
[2025-08-28T13:05:05.352+0000][1087812][info ][gc,heap     ] GC(207) Eden regions: 75->0(75)
[2025-08-28T13:05:05.352+0000][1087812][info ][gc,heap     ] GC(207) Survivor regions: 1->1(10)
[2025-08-28T13:05:05.352+0000][1087812][info ][gc,heap     ] GC(207) Old regions: 26->26
[2025-08-28T13:05:05.352+0000][1087812][info ][gc,heap     ] GC(207) Humongous regions: 0->0
[2025-08-28T13:05:05.352+0000][1087812][info ][gc,metaspace] GC(207) Metaspace: 144371K(148416K)->144371K(148416K) NonClass: 124854K(126976K)->124854K(126976K) Class: 19517K(21440K)->19517K(21440K)
[2025-08-28T13:05:05.352+0000][1087812][info ][gc          ] GC(207) Pause Young (Normal) (G1 Evacuation Pause) 405M->105M(512M) 1.946ms
[2025-08-28T13:05:05.352+0000][1087812][info ][gc,cpu      ] GC(207) User=0.00s Sys=0.01s Real=0.01s
[2025-08-28T13:05:05.352+0000][1087812][info ][safepoint   ] Safepoint "G1CollectForAllocation", Time since last: 1972232741 ns, Reaching safepoint: 26179 ns, Cleanup: 4387 ns, At safepoint: 2054206 ns, Total: 2084772 ns
[2025-08-28T13:05:07.275+0000][1087812][info ][gc,start    ] GC(208) Pause Young (Normal) (G1 Evacuation Pause)
[2025-08-28T13:05:07.275+0000][1087812][info ][gc,task     ] GC(208) Using 12 workers of 33 for evacuation
[2025-08-28T13:05:07.275+0000][1087812][debug][gc,age      ] GC(208) Desired survivor size 20971520 bytes, new threshold 15 (max threshold 15)
[2025-08-28T13:05:07.277+0000][1087812][info ][gc,phases   ] GC(208)   Pre Evacuate Collection Set: 0.2ms
[2025-08-28T13:05:07.277+0000][1087812][info ][gc,phases   ] GC(208)   Merge Heap Roots: 0.1ms
[2025-08-28T13:05:07.277+0000][1087812][info ][gc,phases   ] GC(208)   Evacuate Collection Set: 1.1ms
[2025-08-28T13:05:07.277+0000][1087812][info ][gc,phases   ] GC(208)   Post Evacuate Collection Set: 0.4ms
[2025-08-28T13:05:07.277+0000][1087812][info ][gc,phases   ] GC(208)   Other: 0.1ms
[2025-08-28T13:05:07.277+0000][1087812][trace][gc,age      ] GC(208) Age table with threshold 15 (max threshold 15)
[2025-08-28T13:05:07.277+0000][1087812][trace][gc,age      ] GC(208) - age   1:    1075856 bytes,    1075856 total
[2025-08-28T13:05:07.277+0000][1087812][trace][gc,age      ] GC(208) - age   2:        712 bytes,    1076568 total
[2025-08-28T13:05:07.277+0000][1087812][trace][gc,age      ] GC(208) - age   3:        432 bytes,    1077000 total
[2025-08-28T13:05:07.277+0000][1087812][trace][gc,age      ] GC(208) - age   4:        240 bytes,    1077240 total
[2025-08-28T13:05:07.277+0000][1087812][trace][gc,age      ] GC(208) - age   5:       2672 bytes,    1079912 total
[2025-08-28T13:05:07.277+0000][1087812][trace][gc,age      ] GC(208) - age   6:         32 bytes,    1079944 total
[2025-08-28T13:05:07.277+0000][1087812][trace][gc,age      ] GC(208) - age   7:     485120 bytes,    1565064 total
[2025-08-28T13:05:07.277+0000][1087812][trace][gc,age      ] GC(208) - age   8:      13880 bytes,    1578944 total
[2025-08-28T13:05:07.277+0000][1087812][trace][gc,age      ] GC(208) - age   9:         24 bytes,    1578968 total
[2025-08-28T13:05:07.277+0000][1087812][trace][gc,age      ] GC(208) - age  12:        584 bytes,    1579552 total
[2025-08-28T13:05:07.277+0000][1087812][trace][gc,age      ] GC(208) - age  14:        584 bytes,    1580136 total
[2025-08-28T13:05:07.277+0000][1087812][trace][gc,age      ] GC(208) - age  15:       1328 bytes,    1581464 total
[2025-08-28T13:05:07.277+0000][1087812][info ][gc,heap     ] GC(208) Eden regions: 75->0(75)
[2025-08-28T13:05:07.277+0000][1087812][info ][gc,heap     ] GC(208) Survivor regions: 1->1(10)
[2025-08-28T13:05:07.277+0000][1087812][info ][gc,heap     ] GC(208) Old regions: 26->26
[2025-08-28T13:05:07.277+0000][1087812][info ][gc,heap     ] GC(208) Humongous regions: 0->0
[2025-08-28T13:05:07.277+0000][1087812][info ][gc,metaspace] GC(208) Metaspace: 144371K(148416K)->144371K(148416K) NonClass: 124854K(126976K)->124854K(126976K) Class: 19517K(21440K)->19517K(21440K)
[2025-08-28T13:05:07.277+0000][1087812][info ][gc          ] GC(208) Pause Young (Normal) (G1 Evacuation Pause) 405M->105M(512M) 1.979ms
[2025-08-28T13:05:07.277+0000][1087812][info ][gc,cpu      ] GC(208) User=0.00s Sys=0.01s Real=0.00s
[2025-08-28T13:05:07.277+0000][1087812][info ][safepoint   ] Safepoint "G1CollectForAllocation", Time since last: 1922858099 ns, Reaching safepoint: 57586 ns, Cleanup: 4577 ns, At safepoint: 2093196 ns, Total: 2155359 ns
[2025-08-28T13:05:09.226+0000][1087812][info ][gc,start    ] GC(209) Pause Young (Normal) (G1 Evacuation Pause)
[2025-08-28T13:05:09.226+0000][1087812][info ][gc,task     ] GC(209) Using 12 workers of 33 for evacuation
[2025-08-28T13:05:09.226+0000][1087812][debug][gc,age      ] GC(209) Desired survivor size 20971520 bytes, new threshold 15 (max threshold 15)
[2025-08-28T13:05:09.229+0000][1087812][info ][gc,phases   ] GC(209)   Pre Evacuate Collection Set: 0.3ms
[2025-08-28T13:05:09.229+0000][1087812][info ][gc,phases   ] GC(209)   Merge Heap Roots: 0.1ms
[2025-08-28T13:05:09.229+0000][1087812][info ][gc,phases   ] GC(209)   Evacuate Collection Set: 2.2ms
[2025-08-28T13:05:09.229+0000][1087812][info ][gc,phases   ] GC(209)   Post Evacuate Collection Set: 0.5ms
[2025-08-28T13:05:09.229+0000][1087812][info ][gc,phases   ] GC(209)   Other: 0.1ms
[2025-08-28T13:05:09.229+0000][1087812][trace][gc,age      ] GC(209) Age table with threshold 15 (max threshold 15)
[2025-08-28T13:05:09.229+0000][1087812][trace][gc,age      ] GC(209) - age   1:     854184 bytes,     854184 total
[2025-08-28T13:05:09.229+0000][1087812][trace][gc,age      ] GC(209) - age   3:        712 bytes,     854896 total
[2025-08-28T13:05:09.229+0000][1087812][trace][gc,age      ] GC(209) - age   4:        432 bytes,     855328 total
[2025-08-28T13:05:09.229+0000][1087812][trace][gc,age      ] GC(209) - age   5:        240 bytes,     855568 total
[2025-08-28T13:05:09.229+0000][1087812][trace][gc,age      ] GC(209) - age   6:       2672 bytes,     858240 total
[2025-08-28T13:05:09.229+0000][1087812][trace][gc,age      ] GC(209) - age   7:         32 bytes,     858272 total
[2025-08-28T13:05:09.229+0000][1087812][trace][gc,age      ] GC(209) - age   8:     485120 bytes,    1343392 total
[2025-08-28T13:05:09.229+0000][1087812][trace][gc,age      ] GC(209) - age   9:      13880 bytes,    1357272 total
[2025-08-28T13:05:09.229+0000][1087812][trace][gc,age      ] GC(209) - age  10:         24 bytes,    1357296 total
[2025-08-28T13:05:09.229+0000][1087812][trace][gc,age      ] GC(209) - age  13:        584 bytes,    1357880 total
[2025-08-28T13:05:09.229+0000][1087812][trace][gc,age      ] GC(209) - age  15:        584 bytes,    1358464 total
[2025-08-28T13:05:09.229+0000][1087812][info ][gc,heap     ] GC(209) Eden regions: 75->0(75)
[2025-08-28T13:05:09.229+0000][1087812][info ][gc,heap     ] GC(209) Survivor regions: 1->1(10)
[2025-08-28T13:05:09.229+0000][1087812][info ][gc,heap     ] GC(209) Old regions: 26->26
[2025-08-28T13:05:09.229+0000][1087812][info ][gc,heap     ] GC(209) Humongous regions: 0->0
[2025-08-28T13:05:09.229+0000][1087812][info ][gc,metaspace] GC(209) Metaspace: 144371K(148416K)->144371K(148416K) NonClass: 124854K(126976K)->124854K(126976K) Class: 19517K(21440K)->19517K(21440K)
[2025-08-28T13:05:09.229+0000][1087812][info ][gc          ] GC(209) Pause Young (Normal) (G1 Evacuation Pause) 405M->104M(512M) 3.365ms
[2025-08-28T13:05:09.229+0000][1087812][info ][gc,cpu      ] GC(209) User=0.02s Sys=0.00s Real=0.00s
[2025-08-28T13:05:09.229+0000][1087812][info ][safepoint   ] Safepoint "G1CollectForAllocation", Time since last: 1948491998 ns, Reaching safepoint: 81302 ns, Cleanup: 3495 ns, At safepoint: 3479018 ns, Total: 3563815 ns
[2025-08-28T13:05:11.175+0000][1087812][info ][gc,start    ] GC(210) Pause Young (Normal) (G1 Evacuation Pause)
[2025-08-28T13:05:11.175+0000][1087812][info ][gc,task     ] GC(210) Using 12 workers of 33 for evacuation
[2025-08-28T13:05:11.175+0000][1087812][debug][gc,age      ] GC(210) Desired survivor size 20971520 bytes, new threshold 15 (max threshold 15)
[2025-08-28T13:05:11.177+0000][1087812][info ][gc,phases   ] GC(210)   Pre Evacuate Collection Set: 0.2ms
[2025-08-28T13:05:11.177+0000][1087812][info ][gc,phases   ] GC(210)   Merge Heap Roots: 0.0ms
[2025-08-28T13:05:11.177+0000][1087812][info ][gc,phases   ] GC(210)   Evacuate Collection Set: 1.1ms
[2025-08-28T13:05:11.177+0000][1087812][info ][gc,phases   ] GC(210)   Post Evacuate Collection Set: 0.4ms
[2025-08-28T13:05:11.177+0000][1087812][info ][gc,phases   ] GC(210)   Other: 0.0ms
[2025-08-28T13:05:11.177+0000][1087812][trace][gc,age      ] GC(210) Age table with threshold 15 (max threshold 15)
[2025-08-28T13:05:11.177+0000][1087812][trace][gc,age      ] GC(210) - age   1:    1076608 bytes,    1076608 total
[2025-08-28T13:05:11.177+0000][1087812][trace][gc,age      ] GC(210) - age   2:        176 bytes,    1076784 total
[2025-08-28T13:05:11.177+0000][1087812][trace][gc,age      ] GC(210) - age   5:        432 bytes,    1077216 total
[2025-08-28T13:05:11.177+0000][1087812][trace][gc,age      ] GC(210) - age   6:        240 bytes,    1077456 total
[2025-08-28T13:05:11.177+0000][1087812][trace][gc,age      ] GC(210) - age   7:       2672 bytes,    1080128 total
[2025-08-28T13:05:11.177+0000][1087812][trace][gc,age      ] GC(210) - age   8:         32 bytes,    1080160 total
[2025-08-28T13:05:11.177+0000][1087812][trace][gc,age      ] GC(210) - age   9:     485120 bytes,    1565280 total
[2025-08-28T13:05:11.177+0000][1087812][trace][gc,age      ] GC(210) - age  10:      13880 bytes,    1579160 total
[2025-08-28T13:05:11.177+0000][1087812][trace][gc,age      ] GC(210) - age  11:         24 bytes,    1579184 total
[2025-08-28T13:05:11.177+0000][1087812][trace][gc,age      ] GC(210) - age  14:        584 bytes,    1579768 total
[2025-08-28T13:05:11.177+0000][1087812][info ][gc,heap     ] GC(210) Eden regions: 75->0(75)
[2025-08-28T13:05:11.177+0000][1087812][info ][gc,heap     ] GC(210) Survivor regions: 1->1(10)
[2025-08-28T13:05:11.177+0000][1087812][info ][gc,heap     ] GC(210) Old regions: 26->26
[2025-08-28T13:05:11.177+0000][1087812][info ][gc,heap     ] GC(210) Humongous regions: 0->0
[2025-08-28T13:05:11.177+0000][1087812][info ][gc,metaspace] GC(210) Metaspace: 144375K(148416K)->144375K(148416K) NonClass: 124858K(126976K)->124858K(126976K) Class: 19517K(21440K)->19517K(21440K)
[2025-08-28T13:05:11.177+0000][1087812][info ][gc          ] GC(210) Pause Young (Normal) (G1 Evacuation Pause) 404M->105M(512M) 1.914ms
[2025-08-28T13:05:11.177+0000][1087812][info ][gc,cpu      ] GC(210) User=0.01s Sys=0.00s Real=0.00s
[2025-08-28T13:05:11.177+0000][1087812][info ][safepoint   ] Safepoint "G1CollectForAllocation", Time since last: 1945813424 ns, Reaching safepoint: 58398 ns, Cleanup: 4056 ns, At safepoint: 2027827 ns, Total: 2090281 ns
[2025-08-28T13:05:13.137+0000][1087812][info ][gc,start    ] GC(211) Pause Young (Normal) (G1 Evacuation Pause)
[2025-08-28T13:05:13.137+0000][1087812][info ][gc,task     ] GC(211) Using 12 workers of 33 for evacuation
[2025-08-28T13:05:13.137+0000][1087812][debug][gc,age      ] GC(211) Desired survivor size 20971520 bytes, new threshold 15 (max threshold 15)
[2025-08-28T13:05:13.139+0000][1087812][info ][gc,phases   ] GC(211)   Pre Evacuate Collection Set: 0.2ms
[2025-08-28T13:05:13.139+0000][1087812][info ][gc,phases   ] GC(211)   Merge Heap Roots: 0.1ms
[2025-08-28T13:05:13.139+0000][1087812][info ][gc,phases   ] GC(211)   Evacuate Collection Set: 1.2ms
[2025-08-28T13:05:13.139+0000][1087812][info ][gc,phases   ] GC(211)   Post Evacuate Collection Set: 0.4ms
[2025-08-28T13:05:13.139+0000][1087812][info ][gc,phases   ] GC(211)   Other: 0.1ms
[2025-08-28T13:05:13.139+0000][1087812][trace][gc,age      ] GC(211) Age table with threshold 15 (max threshold 15)
[2025-08-28T13:05:13.139+0000][1087812][trace][gc,age      ] GC(211) - age   1:    1093624 bytes,    1093624 total
[2025-08-28T13:05:13.139+0000][1087812][trace][gc,age      ] GC(211) - age   2:        712 bytes,    1094336 total
[2025-08-28T13:05:13.139+0000][1087812][trace][gc,age      ] GC(211) - age   3:        176 bytes,    1094512 total
[2025-08-28T13:05:13.139+0000][1087812][trace][gc,age      ] GC(211) - age   6:        432 bytes,    1094944 total
[2025-08-28T13:05:13.139+0000][1087812][trace][gc,age      ] GC(211) - age   8:       2672 bytes,    1097616 total
[2025-08-28T13:05:13.139+0000][1087812][trace][gc,age      ] GC(211) - age   9:         32 bytes,    1097648 total
[2025-08-28T13:05:13.139+0000][1087812][trace][gc,age      ] GC(211) - age  10:     485120 bytes,    1582768 total
[2025-08-28T13:05:13.139+0000][1087812][trace][gc,age      ] GC(211) - age  11:      13880 bytes,    1596648 total
[2025-08-28T13:05:13.139+0000][1087812][trace][gc,age      ] GC(211) - age  12:         24 bytes,    1596672 total
[2025-08-28T13:05:13.139+0000][1087812][trace][gc,age      ] GC(211) - age  15:        584 bytes,    1597256 total
[2025-08-28T13:05:13.139+0000][1087812][info ][gc,heap     ] GC(211) Eden regions: 75->0(75)
[2025-08-28T13:05:13.139+0000][1087812][info ][gc,heap     ] GC(211) Survivor regions: 1->1(10)
[2025-08-28T13:05:13.139+0000][1087812][info ][gc,heap     ] GC(211) Old regions: 26->26
[2025-08-28T13:05:13.139+0000][1087812][info ][gc,heap     ] GC(211) Humongous regions: 0->0
[2025-08-28T13:05:13.139+0000][1087812][info ][gc,metaspace] GC(211) Metaspace: 144375K(148416K)->144375K(148416K) NonClass: 124858K(126976K)->124858K(126976K) Class: 19517K(21440K)->19517K(21440K)
[2025-08-28T13:05:13.139+0000][1087812][info ][gc          ] GC(211) Pause Young (Normal) (G1 Evacuation Pause) 405M->105M(512M) 2.036ms
[2025-08-28T13:05:13.139+0000][1087812][info ][gc,cpu      ] GC(211) User=0.01s Sys=0.01s Real=0.00s
[2025-08-28T13:05:13.139+0000][1087812][info ][safepoint   ] Safepoint "G1CollectForAllocation", Time since last: 1960023587 ns, Reaching safepoint: 150737 ns, Cleanup: 11898 ns, At safepoint: 2141898 ns, Total: 2304533 ns
[2025-08-28T13:05:15.101+0000][1087812][info ][gc,start    ] GC(212) Pause Young (Normal) (G1 Evacuation Pause)
[2025-08-28T13:05:15.101+0000][1087812][info ][gc,task     ] GC(212) Using 12 workers of 33 for evacuation
[2025-08-28T13:05:15.101+0000][1087812][debug][gc,age      ] GC(212) Desired survivor size 20971520 bytes, new threshold 15 (max threshold 15)
[2025-08-28T13:05:15.103+0000][1087812][info ][gc,phases   ] GC(212)   Pre Evacuate Collection Set: 0.2ms
[2025-08-28T13:05:15.103+0000][1087812][info ][gc,phases   ] GC(212)   Merge Heap Roots: 0.1ms
[2025-08-28T13:05:15.103+0000][1087812][info ][gc,phases   ] GC(212)   Evacuate Collection Set: 1.0ms
[2025-08-28T13:05:15.103+0000][1087812][info ][gc,phases   ] GC(212)   Post Evacuate Collection Set: 0.4ms
[2025-08-28T13:05:15.103+0000][1087812][info ][gc,phases   ] GC(212)   Other: 0.1ms
[2025-08-28T13:05:15.103+0000][1087812][trace][gc,age      ] GC(212) Age table with threshold 15 (max threshold 15)
[2025-08-28T13:05:15.103+0000][1087812][trace][gc,age      ] GC(212) - age   1:     954696 bytes,     954696 total
[2025-08-28T13:05:15.103+0000][1087812][trace][gc,age      ] GC(212) - age   2:        240 bytes,     954936 total
[2025-08-28T13:05:15.103+0000][1087812][trace][gc,age      ] GC(212) - age   4:        176 bytes,     955112 total
[2025-08-28T13:05:15.103+0000][1087812][trace][gc,age      ] GC(212) - age   7:        432 bytes,     955544 total
[2025-08-28T13:05:15.103+0000][1087812][trace][gc,age      ] GC(212) - age   9:       2424 bytes,     957968 total
[2025-08-28T13:05:15.103+0000][1087812][trace][gc,age      ] GC(212) - age  10:         32 bytes,     958000 total
[2025-08-28T13:05:15.103+0000][1087812][trace][gc,age      ] GC(212) - age  11:     484896 bytes,    1442896 total
[2025-08-28T13:05:15.103+0000][1087812][trace][gc,age      ] GC(212) - age  12:      13880 bytes,    1456776 total
[2025-08-28T13:05:15.103+0000][1087812][trace][gc,age      ] GC(212) - age  13:         24 bytes,    1456800 total
[2025-08-28T13:05:15.103+0000][1087812][info ][gc,heap     ] GC(212) Eden regions: 75->0(75)
[2025-08-28T13:05:15.103+0000][1087812][info ][gc,heap     ] GC(212) Survivor regions: 1->1(10)
[2025-08-28T13:05:15.103+0000][1087812][info ][gc,heap     ] GC(212) Old regions: 26->26
[2025-08-28T13:05:15.103+0000][1087812][info ][gc,heap     ] GC(212) Humongous regions: 0->0
[2025-08-28T13:05:15.103+0000][1087812][info ][gc,metaspace] GC(212) Metaspace: 144375K(148416K)->144375K(148416K) NonClass: 124858K(126976K)->124858K(126976K) Class: 19517K(21440K)->19517K(21440K)
[2025-08-28T13:05:15.103+0000][1087812][info ][gc          ] GC(212) Pause Young (Normal) (G1 Evacuation Pause) 405M->105M(512M) 1.942ms
[2025-08-28T13:05:15.103+0000][1087812][info ][gc,cpu      ] GC(212) User=0.01s Sys=0.00s Real=0.00s
[2025-08-28T13:05:15.103+0000][1087812][info ][safepoint   ] Safepoint "G1CollectForAllocation", Time since last: 1961269239 ns, Reaching safepoint: 23596 ns, Cleanup: 14632 ns, At safepoint: 2054277 ns, Total: 2092505 ns
[2025-08-28T13:05:17.075+0000][1087812][info ][gc,start    ] GC(213) Pause Young (Normal) (G1 Evacuation Pause)
[2025-08-28T13:05:17.075+0000][1087812][info ][gc,task     ] GC(213) Using 12 workers of 33 for evacuation
[2025-08-28T13:05:17.075+0000][1087812][debug][gc,age      ] GC(213) Desired survivor size 20971520 bytes, new threshold 15 (max threshold 15)
[2025-08-28T13:05:17.077+0000][1087812][info ][gc,phases   ] GC(213)   Pre Evacuate Collection Set: 0.2ms
[2025-08-28T13:05:17.077+0000][1087812][info ][gc,phases   ] GC(213)   Merge Heap Roots: 0.1ms
[2025-08-28T13:05:17.077+0000][1087812][info ][gc,phases   ] GC(213)   Evacuate Collection Set: 1.1ms
[2025-08-28T13:05:17.077+0000][1087812][info ][gc,phases   ] GC(213)   Post Evacuate Collection Set: 0.4ms
[2025-08-28T13:05:17.077+0000][1087812][info ][gc,phases   ] GC(213)   Other: 0.1ms
[2025-08-28T13:05:17.077+0000][1087812][trace][gc,age      ] GC(213) Age table with threshold 15 (max threshold 15)
[2025-08-28T13:05:17.077+0000][1087812][trace][gc,age      ] GC(213) - age   1:    1094496 bytes,    1094496 total
[2025-08-28T13:05:17.077+0000][1087812][trace][gc,age      ] GC(213) - age   2:       1008 bytes,    1095504 total
[2025-08-28T13:05:17.077+0000][1087812][trace][gc,age      ] GC(213) - age   3:        240 bytes,    1095744 total
[2025-08-28T13:05:17.077+0000][1087812][trace][gc,age      ] GC(213) - age   5:        176 bytes,    1095920 total
[2025-08-28T13:05:17.077+0000][1087812][trace][gc,age      ] GC(213) - age   8:        432 bytes,    1096352 total
[2025-08-28T13:05:17.077+0000][1087812][trace][gc,age      ] GC(213) - age  10:       2424 bytes,    1098776 total
[2025-08-28T13:05:17.077+0000][1087812][trace][gc,age      ] GC(213) - age  11:         32 bytes,    1098808 total
[2025-08-28T13:05:17.077+0000][1087812][trace][gc,age      ] GC(213) - age  12:     484896 bytes,    1583704 total
[2025-08-28T13:05:17.077+0000][1087812][trace][gc,age      ] GC(213) - age  13:      13880 bytes,    1597584 total
[2025-08-28T13:05:17.077+0000][1087812][trace][gc,age      ] GC(213) - age  14:         24 bytes,    1597608 total
[2025-08-28T13:05:17.077+0000][1087812][info ][gc,heap     ] GC(213) Eden regions: 75->0(75)
[2025-08-28T13:05:17.077+0000][1087812][info ][gc,heap     ] GC(213) Survivor regions: 1->1(10)
[2025-08-28T13:05:17.077+0000][1087812][info ][gc,heap     ] GC(213) Old regions: 26->26
[2025-08-28T13:05:17.077+0000][1087812][info ][gc,heap     ] GC(213) Humongous regions: 0->0
[2025-08-28T13:05:17.077+0000][1087812][info ][gc,metaspace] GC(213) Metaspace: 144375K(148416K)->144375K(148416K) NonClass: 124858K(126976K)->124858K(126976K) Class: 19517K(21440K)->19517K(21440K)
[2025-08-28T13:05:17.077+0000][1087812][info ][gc          ] GC(213) Pause Young (Normal) (G1 Evacuation Pause) 405M->105M(512M) 1.988ms
[2025-08-28T13:05:17.077+0000][1087812][info ][gc,cpu      ] GC(213) User=0.01s Sys=0.00s Real=0.00s
[2025-08-28T13:05:17.077+0000][1087812][info ][safepoint   ] Safepoint "G1CollectForAllocation", Time since last: 1971852983 ns, Reaching safepoint: 124527 ns, Cleanup: 3856 ns, At safepoint: 2105715 ns, Total: 2234098 ns
[2025-08-28T13:05:19.013+0000][1087812][info ][gc,start    ] GC(214) Pause Young (Normal) (G1 Evacuation Pause)
[2025-08-28T13:05:19.013+0000][1087812][info ][gc,task     ] GC(214) Using 12 workers of 33 for evacuation
[2025-08-28T13:05:19.013+0000][1087812][debug][gc,age      ] GC(214) Desired survivor size 20971520 bytes, new threshold 15 (max threshold 15)
[2025-08-28T13:05:19.015+0000][1087812][info ][gc,phases   ] GC(214)   Pre Evacuate Collection Set: 0.2ms
[2025-08-28T13:05:19.015+0000][1087812][info ][gc,phases   ] GC(214)   Merge Heap Roots: 0.1ms
[2025-08-28T13:05:19.015+0000][1087812][info ][gc,phases   ] GC(214)   Evacuate Collection Set: 1.1ms
[2025-08-28T13:05:19.015+0000][1087812][info ][gc,phases   ] GC(214)   Post Evacuate Collection Set: 0.4ms
[2025-08-28T13:05:19.015+0000][1087812][info ][gc,phases   ] GC(214)   Other: 0.0ms
[2025-08-28T13:05:19.015+0000][1087812][trace][gc,age      ] GC(214) Age table with threshold 15 (max threshold 15)
[2025-08-28T13:05:19.015+0000][1087812][trace][gc,age      ] GC(214) - age   1:    1003488 bytes,    1003488 total
[2025-08-28T13:05:19.015+0000][1087812][trace][gc,age      ] GC(214) - age   2:       1112 bytes,    1004600 total
[2025-08-28T13:05:19.015+0000][1087812][trace][gc,age      ] GC(214) - age   3:       1008 bytes,    1005608 total
[2025-08-28T13:05:19.015+0000][1087812][trace][gc,age      ] GC(214) - age   4:        240 bytes,    1005848 total
[2025-08-28T13:05:19.015+0000][1087812][trace][gc,age      ] GC(214) - age   6:        176 bytes,    1006024 total
[2025-08-28T13:05:19.015+0000][1087812][trace][gc,age      ] GC(214) - age   9:        432 bytes,    1006456 total
[2025-08-28T13:05:19.015+0000][1087812][trace][gc,age      ] GC(214) - age  11:       2424 bytes,    1008880 total
[2025-08-28T13:05:19.015+0000][1087812][trace][gc,age      ] GC(214) - age  12:         32 bytes,    1008912 total
[2025-08-28T13:05:19.015+0000][1087812][trace][gc,age      ] GC(214) - age  13:     484896 bytes,    1493808 total
[2025-08-28T13:05:19.015+0000][1087812][trace][gc,age      ] GC(214) - age  14:      13880 bytes,    1507688 total
[2025-08-28T13:05:19.015+0000][1087812][trace][gc,age      ] GC(214) - age  15:         24 bytes,    1507712 total
[2025-08-28T13:05:19.015+0000][1087812][info ][gc,heap     ] GC(214) Eden regions: 75->0(75)
[2025-08-28T13:05:19.015+0000][1087812][info ][gc,heap     ] GC(214) Survivor regions: 1->1(10)
[2025-08-28T13:05:19.015+0000][1087812][info ][gc,heap     ] GC(214) Old regions: 26->26
[2025-08-28T13:05:19.015+0000][1087812][info ][gc,heap     ] GC(214) Humongous regions: 0->0
[2025-08-28T13:05:19.015+0000][1087812][info ][gc,metaspace] GC(214) Metaspace: 144375K(148416K)->144375K(148416K) NonClass: 124858K(126976K)->124858K(126976K) Class: 19517K(21440K)->19517K(21440K)
[2025-08-28T13:05:19.015+0000][1087812][info ][gc          ] GC(214) Pause Young (Normal) (G1 Evacuation Pause) 405M->105M(512M) 1.888ms
[2025-08-28T13:05:19.015+0000][1087812][info ][gc,cpu      ] GC(214) User=0.01s Sys=0.00s Real=0.00s
[2025-08-28T13:05:19.015+0000][1087812][info ][safepoint   ] Safepoint "G1CollectForAllocation", Time since last: 1936242340 ns, Reaching safepoint: 25559 ns, Cleanup: 4266 ns, At safepoint: 1994387 ns, Total: 2024212 ns
[2025-08-28T13:05:20.963+0000][1087812][info ][gc,start    ] GC(215) Pause Young (Normal) (G1 Evacuation Pause)
[2025-08-28T13:05:20.963+0000][1087812][info ][gc,task     ] GC(215) Using 12 workers of 33 for evacuation
[2025-08-28T13:05:20.963+0000][1087812][debug][gc,age      ] GC(215) Desired survivor size 20971520 bytes, new threshold 15 (max threshold 15)
[2025-08-28T13:05:20.965+0000][1087812][info ][gc,phases   ] GC(215)   Pre Evacuate Collection Set: 0.2ms
[2025-08-28T13:05:20.965+0000][1087812][info ][gc,phases   ] GC(215)   Merge Heap Roots: 0.1ms
[2025-08-28T13:05:20.965+0000][1087812][info ][gc,phases   ] GC(215)   Evacuate Collection Set: 1.0ms
[2025-08-28T13:05:20.965+0000][1087812][info ][gc,phases   ] GC(215)   Post Evacuate Collection Set: 0.4ms
[2025-08-28T13:05:20.965+0000][1087812][info ][gc,phases   ] GC(215)   Other: 0.0ms
[2025-08-28T13:05:20.965+0000][1087812][trace][gc,age      ] GC(215) Age table with threshold 15 (max threshold 15)
[2025-08-28T13:05:20.965+0000][1087812][trace][gc,age      ] GC(215) - age   1:     804880 bytes,     804880 total
[2025-08-28T13:05:20.965+0000][1087812][trace][gc,age      ] GC(215) - age   3:       1112 bytes,     805992 total
[2025-08-28T13:05:20.965+0000][1087812][trace][gc,age      ] GC(215) - age   4:        296 bytes,     806288 total
[2025-08-28T13:05:20.965+0000][1087812][trace][gc,age      ] GC(215) - age   5:        240 bytes,     806528 total
[2025-08-28T13:05:20.965+0000][1087812][trace][gc,age      ] GC(215) - age   7:        176 bytes,     806704 total
[2025-08-28T13:05:20.965+0000][1087812][trace][gc,age      ] GC(215) - age  10:        432 bytes,     807136 total
[2025-08-28T13:05:20.965+0000][1087812][trace][gc,age      ] GC(215) - age  12:       2424 bytes,     809560 total
[2025-08-28T13:05:20.965+0000][1087812][trace][gc,age      ] GC(215) - age  13:         32 bytes,     809592 total
[2025-08-28T13:05:20.965+0000][1087812][trace][gc,age      ] GC(215) - age  14:     484896 bytes,    1294488 total
[2025-08-28T13:05:20.965+0000][1087812][trace][gc,age      ] GC(215) - age  15:      13880 bytes,    1308368 total
[2025-08-28T13:05:20.965+0000][1087812][info ][gc,heap     ] GC(215) Eden regions: 75->0(75)
[2025-08-28T13:05:20.965+0000][1087812][info ][gc,heap     ] GC(215) Survivor regions: 1->1(10)
[2025-08-28T13:05:20.965+0000][1087812][info ][gc,heap     ] GC(215) Old regions: 26->26
[2025-08-28T13:05:20.965+0000][1087812][info ][gc,heap     ] GC(215) Humongous regions: 0->0
[2025-08-28T13:05:20.965+0000][1087812][info ][gc,metaspace] GC(215) Metaspace: 144375K(148416K)->144375K(148416K) NonClass: 124858K(126976K)->124858K(126976K) Class: 19517K(21440K)->19517K(21440K)
[2025-08-28T13:05:20.965+0000][1087812][info ][gc          ] GC(215) Pause Young (Normal) (G1 Evacuation Pause) 405M->104M(512M) 1.911ms
[2025-08-28T13:05:20.965+0000][1087812][info ][gc,cpu      ] GC(215) User=0.01s Sys=0.00s Real=0.00s
[2025-08-28T13:05:20.965+0000][1087812][info ][safepoint   ] Safepoint "G1CollectForAllocation", Time since last: 1947987507 ns, Reaching safepoint: 23856 ns, Cleanup: 3415 ns, At safepoint: 2026485 ns, Total: 2053756 ns
[2025-08-28T13:05:22.887+0000][1087812][info ][gc,start    ] GC(216) Pause Young (Normal) (G1 Evacuation Pause)
[2025-08-28T13:05:22.887+0000][1087812][info ][gc,task     ] GC(216) Using 12 workers of 33 for evacuation
[2025-08-28T13:05:22.887+0000][1087812][debug][gc,age      ] GC(216) Desired survivor size 20971520 bytes, new threshold 15 (max threshold 15)
[2025-08-28T13:05:22.889+0000][1087812][info ][gc,phases   ] GC(216)   Pre Evacuate Collection Set: 0.2ms
[2025-08-28T13:05:22.889+0000][1087812][info ][gc,phases   ] GC(216)   Merge Heap Roots: 0.1ms
[2025-08-28T13:05:22.889+0000][1087812][info ][gc,phases   ] GC(216)   Evacuate Collection Set: 1.0ms
[2025-08-28T13:05:22.889+0000][1087812][info ][gc,phases   ] GC(216)   Post Evacuate Collection Set: 0.4ms
[2025-08-28T13:05:22.889+0000][1087812][info ][gc,phases   ] GC(216)   Other: 0.0ms
[2025-08-28T13:05:22.889+0000][1087812][trace][gc,age      ] GC(216) Age table with threshold 15 (max threshold 15)
[2025-08-28T13:05:22.889+0000][1087812][trace][gc,age      ] GC(216) - age   1:    1179048 bytes,    1179048 total
[2025-08-28T13:05:22.889+0000][1087812][trace][gc,age      ] GC(216) - age   2:        712 bytes,    1179760 total
[2025-08-28T13:05:22.889+0000][1087812][trace][gc,age      ] GC(216) - age   4:       1112 bytes,    1180872 total
[2025-08-28T13:05:22.889+0000][1087812][trace][gc,age      ] GC(216) - age   5:        296 bytes,    1181168 total
[2025-08-28T13:05:22.889+0000][1087812][trace][gc,age      ] GC(216) - age   8:        176 bytes,    1181344 total
[2025-08-28T13:05:22.889+0000][1087812][trace][gc,age      ] GC(216) - age  11:        400 bytes,    1181744 total
[2025-08-28T13:05:22.889+0000][1087812][trace][gc,age      ] GC(216) - age  13:       2424 bytes,    1184168 total
[2025-08-28T13:05:22.889+0000][1087812][trace][gc,age      ] GC(216) - age  14:         32 bytes,    1184200 total
[2025-08-28T13:05:22.889+0000][1087812][trace][gc,age      ] GC(216) - age  15:     484896 bytes,    1669096 total
[2025-08-28T13:05:22.889+0000][1087812][info ][gc,heap     ] GC(216) Eden regions: 75->0(75)
[2025-08-28T13:05:22.889+0000][1087812][info ][gc,heap     ] GC(216) Survivor regions: 1->1(10)
[2025-08-28T13:05:22.889+0000][1087812][info ][gc,heap     ] GC(216) Old regions: 26->26
[2025-08-28T13:05:22.889+0000][1087812][info ][gc,heap     ] GC(216) Humongous regions: 0->0
[2025-08-28T13:05:22.889+0000][1087812][info ][gc,metaspace] GC(216) Metaspace: 144376K(148416K)->144376K(148416K) NonClass: 124859K(126976K)->124859K(126976K) Class: 19517K(21440K)->19517K(21440K)
[2025-08-28T13:05:22.889+0000][1087812][info ][gc          ] GC(216) Pause Young (Normal) (G1 Evacuation Pause) 404M->105M(512M) 1.926ms
[2025-08-28T13:05:22.889+0000][1087812][info ][gc,cpu      ] GC(216) User=0.01s Sys=0.00s Real=0.00s
[2025-08-28T13:05:22.889+0000][1087812][info ][safepoint   ] Safepoint "G1CollectForAllocation", Time since last: 1921960754 ns, Reaching safepoint: 147872 ns, Cleanup: 3545 ns, At safepoint: 2038784 ns, Total: 2190201 ns
[2025-08-28T13:05:24.837+0000][1087812][info ][gc,start    ] GC(217) Pause Young (Normal) (G1 Evacuation Pause)
[2025-08-28T13:05:24.837+0000][1087812][info ][gc,task     ] GC(217) Using 12 workers of 33 for evacuation
[2025-08-28T13:05:24.837+0000][1087812][debug][gc,age      ] GC(217) Desired survivor size 20971520 bytes, new threshold 15 (max threshold 15)
[2025-08-28T13:05:24.839+0000][1087812][info ][gc,phases   ] GC(217)   Pre Evacuate Collection Set: 0.1ms
[2025-08-28T13:05:24.839+0000][1087812][info ][gc,phases   ] GC(217)   Merge Heap Roots: 0.0ms
[2025-08-28T13:05:24.839+0000][1087812][info ][gc,phases   ] GC(217)   Evacuate Collection Set: 1.0ms
[2025-08-28T13:05:24.839+0000][1087812][info ][gc,phases   ] GC(217)   Post Evacuate Collection Set: 0.3ms
[2025-08-28T13:05:24.839+0000][1087812][info ][gc,phases   ] GC(217)   Other: 0.0ms
[2025-08-28T13:05:24.839+0000][1087812][trace][gc,age      ] GC(217) Age table with threshold 15 (max threshold 15)
[2025-08-28T13:05:24.839+0000][1087812][trace][gc,age      ] GC(217) - age   1:    1093520 bytes,    1093520 total
[2025-08-28T13:05:24.839+0000][1087812][trace][gc,age      ] GC(217) - age   2:       3128 bytes,    1096648 total
[2025-08-28T13:05:24.839+0000][1087812][trace][gc,age      ] GC(217) - age   3:        536 bytes,    1097184 total
[2025-08-28T13:05:24.839+0000][1087812][trace][gc,age      ] GC(217) - age   5:       1112 bytes,    1098296 total
[2025-08-28T13:05:24.839+0000][1087812][trace][gc,age      ] GC(217) - age   6:        296 bytes,    1098592 total
[2025-08-28T13:05:24.839+0000][1087812][trace][gc,age      ] GC(217) - age   9:        176 bytes,    1098768 total
[2025-08-28T13:05:24.839+0000][1087812][trace][gc,age      ] GC(217) - age  12:        400 bytes,    1099168 total
[2025-08-28T13:05:24.839+0000][1087812][trace][gc,age      ] GC(217) - age  14:       2424 bytes,    1101592 total
[2025-08-28T13:05:24.839+0000][1087812][trace][gc,age      ] GC(217) - age  15:         32 bytes,    1101624 total
[2025-08-28T13:05:24.839+0000][1087812][info ][gc,heap     ] GC(217) Eden regions: 75->0(75)
[2025-08-28T13:05:24.839+0000][1087812][info ][gc,heap     ] GC(217) Survivor regions: 1->1(10)
[2025-08-28T13:05:24.839+0000][1087812][info ][gc,heap     ] GC(217) Old regions: 26->27
[2025-08-28T13:05:24.839+0000][1087812][info ][gc,heap     ] GC(217) Humongous regions: 0->0
[2025-08-28T13:05:24.839+0000][1087812][info ][gc,metaspace] GC(217) Metaspace: 144376K(148416K)->144376K(148416K) NonClass: 124859K(126976K)->124859K(126976K) Class: 19517K(21440K)->19517K(21440K)
[2025-08-28T13:05:24.839+0000][1087812][info ][gc          ] GC(217) Pause Young (Normal) (G1 Evacuation Pause) 405M->105M(512M) 1.689ms
[2025-08-28T13:05:24.839+0000][1087812][info ][gc,cpu      ] GC(217) User=0.00s Sys=0.00s Real=0.00s
[2025-08-28T13:05:24.839+0000][1087812][info ][safepoint   ] Safepoint "G1CollectForAllocation", Time since last: 1947769796 ns, Reaching safepoint: 214933 ns, Cleanup: 3556 ns, At safepoint: 1791622 ns, Total: 2010111 ns
[2025-08-28T13:05:26.814+0000][1087812][info ][gc,start    ] GC(218) Pause Young (Concurrent Start) (G1 Evacuation Pause)
[2025-08-28T13:05:26.814+0000][1087812][info ][gc,task     ] GC(218) Using 12 workers of 33 for evacuation
[2025-08-28T13:05:26.814+0000][1087812][debug][gc,age      ] GC(218) Desired survivor size 20971520 bytes, new threshold 15 (max threshold 15)
[2025-08-28T13:05:26.817+0000][1087812][info ][gc,phases   ] GC(218)   Pre Evacuate Collection Set: 0.3ms
[2025-08-28T13:05:26.817+0000][1087812][info ][gc,phases   ] GC(218)   Merge Heap Roots: 0.1ms
[2025-08-28T13:05:26.817+0000][1087812][info ][gc,phases   ] GC(218)   Evacuate Collection Set: 2.3ms
[2025-08-28T13:05:26.817+0000][1087812][info ][gc,phases   ] GC(218)   Post Evacuate Collection Set: 0.3ms
[2025-08-28T13:05:26.817+0000][1087812][info ][gc,phases   ] GC(218)   Other: 0.1ms
[2025-08-28T13:05:26.817+0000][1087812][trace][gc,age      ] GC(218) Age table with threshold 15 (max threshold 15)
[2025-08-28T13:05:26.817+0000][1087812][trace][gc,age      ] GC(218) - age   1:    1038096 bytes,    1038096 total
[2025-08-28T13:05:26.817+0000][1087812][trace][gc,age      ] GC(218) - age   2:        176 bytes,    1038272 total
[2025-08-28T13:05:26.817+0000][1087812][trace][gc,age      ] GC(218) - age   3:       3128 bytes,    1041400 total
[2025-08-28T13:05:26.817+0000][1087812][trace][gc,age      ] GC(218) - age   6:       1112 bytes,    1042512 total
[2025-08-28T13:05:26.817+0000][1087812][trace][gc,age      ] GC(218) - age   7:        296 bytes,    1042808 total
[2025-08-28T13:05:26.817+0000][1087812][trace][gc,age      ] GC(218) - age  10:        176 bytes,    1042984 total
[2025-08-28T13:05:26.817+0000][1087812][trace][gc,age      ] GC(218) - age  13:        400 bytes,    1043384 total
[2025-08-28T13:05:26.817+0000][1087812][trace][gc,age      ] GC(218) - age  15:       2424 bytes,    1045808 total
[2025-08-28T13:05:26.817+0000][1087812][info ][gc,heap     ] GC(218) Eden regions: 75->0(75)
[2025-08-28T13:05:26.817+0000][1087812][info ][gc,heap     ] GC(218) Survivor regions: 1->1(10)
[2025-08-28T13:05:26.817+0000][1087812][info ][gc,heap     ] GC(218) Old regions: 27->27
[2025-08-28T13:05:26.817+0000][1087812][info ][gc,heap     ] GC(218) Humongous regions: 0->0
[2025-08-28T13:05:26.817+0000][1087812][info ][gc,metaspace] GC(218) Metaspace: 144376K(148416K)->144376K(148416K) NonClass: 124859K(126976K)->124859K(126976K) Class: 19517K(21440K)->19517K(21440K)
[2025-08-28T13:05:26.817+0000][1087812][info ][gc          ] GC(218) Pause Young (Concurrent Start) (G1 Evacuation Pause) 405M->105M(512M) 3.231ms
[2025-08-28T13:05:26.817+0000][1087812][info ][gc,cpu      ] GC(218) User=0.01s Sys=0.00s Real=0.00s
[2025-08-28T13:05:26.817+0000][1087812][info ][gc          ] GC(219) Concurrent Mark Cycle
[2025-08-28T13:05:26.817+0000][1087812][info ][safepoint   ] Safepoint "G1CollectForAllocation", Time since last: 1974272161 ns, Reaching safepoint: 55884 ns, Cleanup: 4006 ns, At safepoint: 3361131 ns, Total: 3421021 ns
[2025-08-28T13:05:26.817+0000][1087812][info ][gc,marking  ] GC(219) Concurrent Scan Root Regions
[2025-08-28T13:05:26.818+0000][1087812][info ][gc,marking  ] GC(219) Concurrent Scan Root Regions 1.365ms
[2025-08-28T13:05:26.818+0000][1087812][info ][gc,marking  ] GC(219) Concurrent Mark
[2025-08-28T13:05:26.818+0000][1087812][info ][gc,marking  ] GC(219) Concurrent Mark From Roots
[2025-08-28T13:05:26.818+0000][1087812][info ][gc,task     ] GC(219) Using 8 workers of 8 for marking
[2025-08-28T13:05:26.833+0000][1087812][info ][gc,marking  ] GC(219) Concurrent Mark From Roots 14.321ms
[2025-08-28T13:05:26.833+0000][1087812][info ][gc,marking  ] GC(219) Concurrent Preclean
[2025-08-28T13:05:26.833+0000][1087812][info ][gc,marking  ] GC(219) Concurrent Preclean 0.421ms
[2025-08-28T13:05:26.833+0000][1087812][info ][gc,start    ] GC(219) Pause Remark
[2025-08-28T13:05:26.861+0000][1087812][info ][gc          ] GC(219) Pause Remark 109M->109M(512M) 27.743ms
[2025-08-28T13:05:26.861+0000][1087812][info ][gc,cpu      ] GC(219) User=0.15s Sys=0.15s Real=0.03s
[2025-08-28T13:05:26.861+0000][1087812][info ][safepoint   ] Safepoint "G1PauseRemark", Time since last: 16188967 ns, Reaching safepoint: 16925 ns, Cleanup: 1242 ns, At safepoint: 27821326 ns, Total: 27839493 ns
[2025-08-28T13:05:26.861+0000][1087812][info ][gc,marking  ] GC(219) Concurrent Mark 42.640ms
[2025-08-28T13:05:26.861+0000][1087812][info ][gc,marking  ] GC(219) Concurrent Rebuild Remembered Sets and Scrub Regions
[2025-08-28T13:05:26.877+0000][1087812][info ][gc,marking  ] GC(219) Concurrent Rebuild Remembered Sets and Scrub Regions 16.425ms
[2025-08-28T13:05:26.877+0000][1087812][info ][gc,start    ] GC(219) Pause Cleanup
[2025-08-28T13:05:26.878+0000][1087812][info ][gc          ] GC(219) Pause Cleanup 117M->117M(512M) 0.111ms
[2025-08-28T13:05:26.878+0000][1087812][info ][gc,cpu      ] GC(219) User=0.00s Sys=0.00s Real=0.00s
[2025-08-28T13:05:26.878+0000][1087812][info ][safepoint   ] Safepoint "G1PauseCleanup", Time since last: 16513795 ns, Reaching safepoint: 19530 ns, Cleanup: 5808 ns, At safepoint: 163206 ns, Total: 188544 ns
[2025-08-28T13:05:26.878+0000][1087812][info ][gc,marking  ] GC(219) Concurrent Clear Claimed Marks
[2025-08-28T13:05:26.878+0000][1087812][info ][gc,marking  ] GC(219) Concurrent Clear Claimed Marks 0.508ms
[2025-08-28T13:05:26.878+0000][1087812][info ][gc,marking  ] GC(219) Concurrent Cleanup for Next Mark
[2025-08-28T13:05:26.878+0000][1087812][info ][gc,marking  ] GC(219) Concurrent Cleanup for Next Mark 0.165ms
[2025-08-28T13:05:26.878+0000][1087812][info ][gc          ] GC(219) Concurrent Mark Cycle 61.448ms
[2025-08-28T13:05:28.737+0000][1087812][info ][gc,start    ] GC(220) Pause Young (Prepare Mixed) (G1 Evacuation Pause)
[2025-08-28T13:05:28.737+0000][1087812][info ][gc,task     ] GC(220) Using 12 workers of 33 for evacuation
[2025-08-28T13:05:28.737+0000][1087812][debug][gc,age      ] GC(220) Desired survivor size 20971520 bytes, new threshold 15 (max threshold 15)
[2025-08-28T13:05:28.739+0000][1087812][info ][gc,phases   ] GC(220)   Pre Evacuate Collection Set: 0.2ms
[2025-08-28T13:05:28.739+0000][1087812][info ][gc,phases   ] GC(220)   Merge Heap Roots: 0.1ms
[2025-08-28T13:05:28.739+0000][1087812][info ][gc,phases   ] GC(220)   Evacuate Collection Set: 0.9ms
[2025-08-28T13:05:28.739+0000][1087812][info ][gc,phases   ] GC(220)   Post Evacuate Collection Set: 0.3ms
[2025-08-28T13:05:28.739+0000][1087812][info ][gc,phases   ] GC(220)   Other: 0.1ms
[2025-08-28T13:05:28.739+0000][1087812][trace][gc,age      ] GC(220) Age table with threshold 15 (max threshold 15)
[2025-08-28T13:05:28.739+0000][1087812][trace][gc,age      ] GC(220) - age   1:    1114280 bytes,    1114280 total
[2025-08-28T13:05:28.739+0000][1087812][trace][gc,age      ] GC(220) - age   2:        536 bytes,    1114816 total
[2025-08-28T13:05:28.739+0000][1087812][trace][gc,age      ] GC(220) - age   3:        176 bytes,    1114992 total
[2025-08-28T13:05:28.739+0000][1087812][trace][gc,age      ] GC(220) - age   4:       3128 bytes,    1118120 total
[2025-08-28T13:05:28.739+0000][1087812][trace][gc,age      ] GC(220) - age   7:       1112 bytes,    1119232 total
[2025-08-28T13:05:28.739+0000][1087812][trace][gc,age      ] GC(220) - age   8:        296 bytes,    1119528 total
[2025-08-28T13:05:28.739+0000][1087812][trace][gc,age      ] GC(220) - age  11:        176 bytes,    1119704 total
[2025-08-28T13:05:28.739+0000][1087812][trace][gc,age      ] GC(220) - age  14:        400 bytes,    1120104 total
[2025-08-28T13:05:28.739+0000][1087812][info ][gc,heap     ] GC(220) Eden regions: 75->0(75)
[2025-08-28T13:05:28.739+0000][1087812][info ][gc,heap     ] GC(220) Survivor regions: 1->1(10)
[2025-08-28T13:05:28.739+0000][1087812][info ][gc,heap     ] GC(220) Old regions: 27->27
[2025-08-28T13:05:28.739+0000][1087812][info ][gc,heap     ] GC(220) Humongous regions: 0->0
[2025-08-28T13:05:28.739+0000][1087812][info ][gc,metaspace] GC(220) Metaspace: 144366K(148416K)->144366K(148416K) NonClass: 124852K(126976K)->124852K(126976K) Class: 19514K(21440K)->19514K(21440K)
[2025-08-28T13:05:28.739+0000][1087812][info ][gc          ] GC(220) Pause Young (Prepare Mixed) (G1 Evacuation Pause) 405M->105M(512M) 1.672ms
[2025-08-28T13:05:28.739+0000][1087812][info ][gc,cpu      ] GC(220) User=0.00s Sys=0.00s Real=0.00s
[2025-08-28T13:05:28.739+0000][1087812][info ][safepoint   ] Safepoint "G1CollectForAllocation", Time since last: 1859606455 ns, Reaching safepoint: 90486 ns, Cleanup: 10415 ns, At safepoint: 1771212 ns, Total: 1872113 ns
[2025-08-28T13:05:29.739+0000][1087812][info ][safepoint   ] Safepoint "Cleanup", Time since last: 1000071508 ns, Reaching safepoint: 22574 ns, Cleanup: 10115 ns, At safepoint: 2654 ns, Total: 35343 ns
[2025-08-28T13:05:30.701+0000][1087812][info ][gc,start    ] GC(221) Pause Young (Mixed) (G1 Evacuation Pause)
[2025-08-28T13:05:30.701+0000][1087812][info ][gc,task     ] GC(221) Using 12 workers of 33 for evacuation
[2025-08-28T13:05:30.701+0000][1087812][debug][gc,age      ] GC(221) Desired survivor size 20971520 bytes, new threshold 15 (max threshold 15)
[2025-08-28T13:05:30.703+0000][1087812][info ][gc,phases   ] GC(221)   Pre Evacuate Collection Set: 0.2ms
[2025-08-28T13:05:30.703+0000][1087812][info ][gc,phases   ] GC(221)   Merge Heap Roots: 0.1ms
[2025-08-28T13:05:30.703+0000][1087812][info ][gc,phases   ] GC(221)   Evacuate Collection Set: 1.3ms
[2025-08-28T13:05:30.703+0000][1087812][info ][gc,phases   ] GC(221)   Post Evacuate Collection Set: 0.3ms
[2025-08-28T13:05:30.703+0000][1087812][info ][gc,phases   ] GC(221)   Other: 0.1ms
[2025-08-28T13:05:30.703+0000][1087812][trace][gc,age      ] GC(221) Age table with threshold 15 (max threshold 15)
[2025-08-28T13:05:30.703+0000][1087812][trace][gc,age      ] GC(221) - age   1:     806920 bytes,     806920 total
[2025-08-28T13:05:30.703+0000][1087812][trace][gc,age      ] GC(221) - age   2:       4376 bytes,     811296 total
[2025-08-28T13:05:30.703+0000][1087812][trace][gc,age      ] GC(221) - age   5:       3128 bytes,     814424 total
[2025-08-28T13:05:30.703+0000][1087812][trace][gc,age      ] GC(221) - age   8:       1112 bytes,     815536 total
[2025-08-28T13:05:30.703+0000][1087812][trace][gc,age      ] GC(221) - age   9:        296 bytes,     815832 total
[2025-08-28T13:05:30.703+0000][1087812][trace][gc,age      ] GC(221) - age  12:        176 bytes,     816008 total
[2025-08-28T13:05:30.703+0000][1087812][trace][gc,age      ] GC(221) - age  15:        400 bytes,     816408 total
[2025-08-28T13:05:30.703+0000][1087812][info ][gc,heap     ] GC(221) Eden regions: 75->0(75)
[2025-08-28T13:05:30.703+0000][1087812][info ][gc,heap     ] GC(221) Survivor regions: 1->1(10)
[2025-08-28T13:05:30.703+0000][1087812][info ][gc,heap     ] GC(221) Old regions: 27->26
[2025-08-28T13:05:30.703+0000][1087812][info ][gc,heap     ] GC(221) Humongous regions: 0->0
[2025-08-28T13:05:30.703+0000][1087812][info ][gc,metaspace] GC(221) Metaspace: 144366K(148416K)->144366K(148416K) NonClass: 124852K(126976K)->124852K(126976K) Class: 19514K(21440K)->19514K(21440K)
[2025-08-28T13:05:30.703+0000][1087812][info ][gc          ] GC(221) Pause Young (Mixed) (G1 Evacuation Pause) 405M->101M(512M) 2.042ms
[2025-08-28T13:05:30.703+0000][1087812][info ][gc,cpu      ] GC(221) User=0.01s Sys=0.00s Real=0.00s
[2025-08-28T13:05:30.703+0000][1087812][info ][safepoint   ] Safepoint "G1CollectForAllocation", Time since last: 961565637 ns, Reaching safepoint: 25128 ns, Cleanup: 9594 ns, At safepoint: 2147407 ns, Total: 2182129 ns
[2025-08-28T13:05:32.675+0000][1087812][info ][gc,start    ] GC(222) Pause Young (Normal) (G1 Evacuation Pause)
[2025-08-28T13:05:32.675+0000][1087812][info ][gc,task     ] GC(222) Using 12 workers of 33 for evacuation
[2025-08-28T13:05:32.675+0000][1087812][debug][gc,age      ] GC(222) Desired survivor size 20971520 bytes, new threshold 15 (max threshold 15)
[2025-08-28T13:05:32.677+0000][1087812][info ][gc,phases   ] GC(222)   Pre Evacuate Collection Set: 0.1ms
[2025-08-28T13:05:32.677+0000][1087812][info ][gc,phases   ] GC(222)   Merge Heap Roots: 0.1ms
[2025-08-28T13:05:32.677+0000][1087812][info ][gc,phases   ] GC(222)   Evacuate Collection Set: 0.9ms
[2025-08-28T13:05:32.677+0000][1087812][info ][gc,phases   ] GC(222)   Post Evacuate Collection Set: 0.3ms
[2025-08-28T13:05:32.677+0000][1087812][info ][gc,phases   ] GC(222)   Other: 0.0ms
[2025-08-28T13:05:32.677+0000][1087812][trace][gc,age      ] GC(222) Age table with threshold 15 (max threshold 15)
[2025-08-28T13:05:32.677+0000][1087812][trace][gc,age      ] GC(222) - age   1:    1076320 bytes,    1076320 total
[2025-08-28T13:05:32.677+0000][1087812][trace][gc,age      ] GC(222) - age   2:       2736 bytes,    1079056 total
[2025-08-28T13:05:32.677+0000][1087812][trace][gc,age      ] GC(222) - age   3:       4344 bytes,    1083400 total
[2025-08-28T13:05:32.677+0000][1087812][trace][gc,age      ] GC(222) - age   6:       2888 bytes,    1086288 total
[2025-08-28T13:05:32.677+0000][1087812][trace][gc,age      ] GC(222) - age   9:       1112 bytes,    1087400 total
[2025-08-28T13:05:32.677+0000][1087812][trace][gc,age      ] GC(222) - age  10:        296 bytes,    1087696 total
[2025-08-28T13:05:32.677+0000][1087812][trace][gc,age      ] GC(222) - age  13:        176 bytes,    1087872 total
[2025-08-28T13:05:32.677+0000][1087812][info ][gc,heap     ] GC(222) Eden regions: 75->0(75)
[2025-08-28T13:05:32.677+0000][1087812][info ][gc,heap     ] GC(222) Survivor regions: 1->1(10)
[2025-08-28T13:05:32.677+0000][1087812][info ][gc,heap     ] GC(222) Old regions: 26->26
[2025-08-28T13:05:32.677+0000][1087812][info ][gc,heap     ] GC(222) Humongous regions: 0->0
[2025-08-28T13:05:32.677+0000][1087812][info ][gc,metaspace] GC(222) Metaspace: 144366K(148416K)->144366K(148416K) NonClass: 124852K(126976K)->124852K(126976K) Class: 19514K(21440K)->19514K(21440K)
[2025-08-28T13:05:32.677+0000][1087812][info ][gc          ] GC(222) Pause Young (Normal) (G1 Evacuation Pause) 401M->101M(512M) 1.578ms
[2025-08-28T13:05:32.677+0000][1087812][info ][gc,cpu      ] GC(222) User=0.00s Sys=0.00s Real=0.00s
[2025-08-28T13:05:32.677+0000][1087812][info ][safepoint   ] Safepoint "G1CollectForAllocation", Time since last: 1972082861 ns, Reaching safepoint: 53210 ns, Cleanup: 3646 ns, At safepoint: 1682548 ns, Total: 1739404 ns
[2025-08-28T13:05:34.639+0000][1087812][info ][gc,start    ] GC(223) Pause Young (Normal) (G1 Evacuation Pause)
[2025-08-28T13:05:34.639+0000][1087812][info ][gc,task     ] GC(223) Using 12 workers of 33 for evacuation
[2025-08-28T13:05:34.639+0000][1087812][debug][gc,age      ] GC(223) Desired survivor size 20971520 bytes, new threshold 15 (max threshold 15)
[2025-08-28T13:05:34.640+0000][1087812][info ][gc,phases   ] GC(223)   Pre Evacuate Collection Set: 0.2ms
[2025-08-28T13:05:34.640+0000][1087812][info ][gc,phases   ] GC(223)   Merge Heap Roots: 0.1ms
[2025-08-28T13:05:34.640+0000][1087812][info ][gc,phases   ] GC(223)   Evacuate Collection Set: 0.9ms
[2025-08-28T13:05:34.640+0000][1087812][info ][gc,phases   ] GC(223)   Post Evacuate Collection Set: 0.3ms
[2025-08-28T13:05:34.640+0000][1087812][info ][gc,phases   ] GC(223)   Other: 0.1ms
[2025-08-28T13:05:34.640+0000][1087812][trace][gc,age      ] GC(223) Age table with threshold 15 (max threshold 15)
[2025-08-28T13:05:34.640+0000][1087812][trace][gc,age      ] GC(223) - age   1:    1070888 bytes,    1070888 total
[2025-08-28T13:05:34.640+0000][1087812][trace][gc,age      ] GC(223) - age   2:        464 bytes,    1071352 total
[2025-08-28T13:05:34.640+0000][1087812][trace][gc,age      ] GC(223) - age   3:       2560 bytes,    1073912 total
[2025-08-28T13:05:34.640+0000][1087812][trace][gc,age      ] GC(223) - age   4:       4344 bytes,    1078256 total
[2025-08-28T13:05:34.640+0000][1087812][trace][gc,age      ] GC(223) - age   7:       2856 bytes,    1081112 total
[2025-08-28T13:05:34.640+0000][1087812][trace][gc,age      ] GC(223) - age  10:       1112 bytes,    1082224 total
[2025-08-28T13:05:34.640+0000][1087812][trace][gc,age      ] GC(223) - age  11:         72 bytes,    1082296 total
[2025-08-28T13:05:34.640+0000][1087812][trace][gc,age      ] GC(223) - age  14:        176 bytes,    1082472 total
[2025-08-28T13:05:34.640+0000][1087812][info ][gc,heap     ] GC(223) Eden regions: 75->0(75)
[2025-08-28T13:05:34.640+0000][1087812][info ][gc,heap     ] GC(223) Survivor regions: 1->1(10)
[2025-08-28T13:05:34.640+0000][1087812][info ][gc,heap     ] GC(223) Old regions: 26->26
[2025-08-28T13:05:34.640+0000][1087812][info ][gc,heap     ] GC(223) Humongous regions: 0->0
[2025-08-28T13:05:34.640+0000][1087812][info ][gc,metaspace] GC(223) Metaspace: 144366K(148416K)->144366K(148416K) NonClass: 124852K(126976K)->124852K(126976K) Class: 19514K(21440K)->19514K(21440K)
[2025-08-28T13:05:34.640+0000][1087812][info ][gc          ] GC(223) Pause Young (Normal) (G1 Evacuation Pause) 401M->101M(512M) 1.634ms
[2025-08-28T13:05:34.640+0000][1087812][info ][gc,cpu      ] GC(223) User=0.00s Sys=0.00s Real=0.00s
[2025-08-28T13:05:34.640+0000][1087812][info ][safepoint   ] Safepoint "G1CollectForAllocation", Time since last: 1961739308 ns, Reaching safepoint: 22794 ns, Cleanup: 3426 ns, At safepoint: 1813174 ns, Total: 1839394 ns
[2025-08-28T13:05:36.613+0000][1087812][info ][gc,start    ] GC(224) Pause Young (Normal) (G1 Evacuation Pause)
[2025-08-28T13:05:36.613+0000][1087812][info ][gc,task     ] GC(224) Using 12 workers of 33 for evacuation
[2025-08-28T13:05:36.613+0000][1087812][debug][gc,age      ] GC(224) Desired survivor size 20971520 bytes, new threshold 15 (max threshold 15)
[2025-08-28T13:05:36.614+0000][1087812][info ][gc,phases   ] GC(224)   Pre Evacuate Collection Set: 0.2ms
[2025-08-28T13:05:36.614+0000][1087812][info ][gc,phases   ] GC(224)   Merge Heap Roots: 0.0ms
[2025-08-28T13:05:36.614+0000][1087812][info ][gc,phases   ] GC(224)   Evacuate Collection Set: 0.9ms
[2025-08-28T13:05:36.614+0000][1087812][info ][gc,phases   ] GC(224)   Post Evacuate Collection Set: 0.3ms
[2025-08-28T13:05:36.614+0000][1087812][info ][gc,phases   ] GC(224)   Other: 0.3ms
[2025-08-28T13:05:36.614+0000][1087812][trace][gc,age      ] GC(224) Age table with threshold 15 (max threshold 15)
[2025-08-28T13:05:36.615+0000][1087812][trace][gc,age      ] GC(224) - age   1:    1076616 bytes,    1076616 total
[2025-08-28T13:05:36.615+0000][1087812][trace][gc,age      ] GC(224) - age   2:        800 bytes,    1077416 total
[2025-08-28T13:05:36.615+0000][1087812][trace][gc,age      ] GC(224) - age   3:        464 bytes,    1077880 total
[2025-08-28T13:05:36.615+0000][1087812][trace][gc,age      ] GC(224) - age   4:       2024 bytes,    1079904 total
[2025-08-28T13:05:36.615+0000][1087812][trace][gc,age      ] GC(224) - age   5:       4344 bytes,    1084248 total
[2025-08-28T13:05:36.615+0000][1087812][trace][gc,age      ] GC(224) - age   8:       2856 bytes,    1087104 total
[2025-08-28T13:05:36.615+0000][1087812][trace][gc,age      ] GC(224) - age  11:       1112 bytes,    1088216 total
[2025-08-28T13:05:36.615+0000][1087812][trace][gc,age      ] GC(224) - age  12:         72 bytes,    1088288 total
[2025-08-28T13:05:36.615+0000][1087812][trace][gc,age      ] GC(224) - age  15:        176 bytes,    1088464 total
[2025-08-28T13:05:36.615+0000][1087812][info ][gc,heap     ] GC(224) Eden regions: 75->0(75)
[2025-08-28T13:05:36.615+0000][1087812][info ][gc,heap     ] GC(224) Survivor regions: 1->1(10)
[2025-08-28T13:05:36.615+0000][1087812][info ][gc,heap     ] GC(224) Old regions: 26->26
[2025-08-28T13:05:36.615+0000][1087812][info ][gc,heap     ] GC(224) Humongous regions: 0->0
[2025-08-28T13:05:36.615+0000][1087812][info ][gc,metaspace] GC(224) Metaspace: 144366K(148416K)->144366K(148416K) NonClass: 124852K(126976K)->124852K(126976K) Class: 19514K(21440K)->19514K(21440K)
[2025-08-28T13:05:36.615+0000][1087812][info ][gc          ] GC(224) Pause Young (Normal) (G1 Evacuation Pause) 401M->101M(512M) 1.823ms
[2025-08-28T13:05:36.615+0000][1087812][info ][gc,cpu      ] GC(224) User=0.01s Sys=0.00s Real=0.00s
[2025-08-28T13:05:36.615+0000][1087812][info ][safepoint   ] Safepoint "G1CollectForAllocation", Time since last: 1972253929 ns, Reaching safepoint: 93220 ns, Cleanup: 4076 ns, At safepoint: 1941107 ns, Total: 2038403 ns
[2025-08-28T13:05:38.563+0000][1087812][info ][gc,start    ] GC(225) Pause Young (Normal) (G1 Evacuation Pause)
[2025-08-28T13:05:38.564+0000][1087812][info ][gc,task     ] GC(225) Using 12 workers of 33 for evacuation
[2025-08-28T13:05:38.564+0000][1087812][debug][gc,age      ] GC(225) Desired survivor size 20971520 bytes, new threshold 15 (max threshold 15)
[2025-08-28T13:05:38.565+0000][1087812][info ][gc,phases   ] GC(225)   Pre Evacuate Collection Set: 0.2ms
[2025-08-28T13:05:38.565+0000][1087812][info ][gc,phases   ] GC(225)   Merge Heap Roots: 0.1ms
[2025-08-28T13:05:38.565+0000][1087812][info ][gc,phases   ] GC(225)   Evacuate Collection Set: 0.9ms
[2025-08-28T13:05:38.565+0000][1087812][info ][gc,phases   ] GC(225)   Post Evacuate Collection Set: 0.3ms
[2025-08-28T13:05:38.565+0000][1087812][info ][gc,phases   ] GC(225)   Other: 0.0ms
[2025-08-28T13:05:38.565+0000][1087812][trace][gc,age      ] GC(225) Age table with threshold 15 (max threshold 15)
[2025-08-28T13:05:38.565+0000][1087812][trace][gc,age      ] GC(225) - age   1:    1090832 bytes,    1090832 total
[2025-08-28T13:05:38.565+0000][1087812][trace][gc,age      ] GC(225) - age   2:        760 bytes,    1091592 total
[2025-08-28T13:05:38.565+0000][1087812][trace][gc,age      ] GC(225) - age   3:        800 bytes,    1092392 total
[2025-08-28T13:05:38.565+0000][1087812][trace][gc,age      ] GC(225) - age   4:        464 bytes,    1092856 total
[2025-08-28T13:05:38.565+0000][1087812][trace][gc,age      ] GC(225) - age   5:       2024 bytes,    1094880 total
[2025-08-28T13:05:38.565+0000][1087812][trace][gc,age      ] GC(225) - age   6:       4344 bytes,    1099224 total
[2025-08-28T13:05:38.565+0000][1087812][trace][gc,age      ] GC(225) - age   9:       2856 bytes,    1102080 total
[2025-08-28T13:05:38.565+0000][1087812][trace][gc,age      ] GC(225) - age  12:       1112 bytes,    1103192 total
[2025-08-28T13:05:38.565+0000][1087812][trace][gc,age      ] GC(225) - age  13:         72 bytes,    1103264 total
[2025-08-28T13:05:38.565+0000][1087812][info ][gc,heap     ] GC(225) Eden regions: 75->0(75)
[2025-08-28T13:05:38.565+0000][1087812][info ][gc,heap     ] GC(225) Survivor regions: 1->1(10)
[2025-08-28T13:05:38.565+0000][1087812][info ][gc,heap     ] GC(225) Old regions: 26->26
[2025-08-28T13:05:38.565+0000][1087812][info ][gc,heap     ] GC(225) Humongous regions: 0->0
[2025-08-28T13:05:38.565+0000][1087812][info ][gc,metaspace] GC(225) Metaspace: 144366K(148416K)->144366K(148416K) NonClass: 124852K(126976K)->124852K(126976K) Class: 19514K(21440K)->19514K(21440K)
[2025-08-28T13:05:38.565+0000][1087812][info ][gc          ] GC(225) Pause Young (Normal) (G1 Evacuation Pause) 401M->101M(512M) 1.564ms
[2025-08-28T13:05:38.565+0000][1087812][info ][gc,cpu      ] GC(225) User=0.00s Sys=0.00s Real=0.00s
[2025-08-28T13:05:38.565+0000][1087812][info ][safepoint   ] Safepoint "G1CollectForAllocation", Time since last: 1948732983 ns, Reaching safepoint: 25198 ns, Cleanup: 4397 ns, At safepoint: 1675478 ns, Total: 1705073 ns
[2025-08-28T13:05:40.526+0000][1087812][info ][gc,start    ] GC(226) Pause Young (Normal) (G1 Evacuation Pause)
[2025-08-28T13:05:40.528+0000][1087812][info ][gc,task     ] GC(226) Using 12 workers of 33 for evacuation
[2025-08-28T13:05:40.528+0000][1087812][debug][gc,age      ] GC(226) Desired survivor size 20971520 bytes, new threshold 15 (max threshold 15)
[2025-08-28T13:05:40.532+0000][1087812][info ][gc,phases   ] GC(226)   Pre Evacuate Collection Set: 0.7ms
[2025-08-28T13:05:40.532+0000][1087812][info ][gc,phases   ] GC(226)   Merge Heap Roots: 0.1ms
[2025-08-28T13:05:40.532+0000][1087812][info ][gc,phases   ] GC(226)   Evacuate Collection Set: 2.6ms
[2025-08-28T13:05:40.532+0000][1087812][info ][gc,phases   ] GC(226)   Post Evacuate Collection Set: 0.4ms
[2025-08-28T13:05:40.532+0000][1087812][info ][gc,phases   ] GC(226)   Other: 0.1ms
[2025-08-28T13:05:40.532+0000][1087812][trace][gc,age      ] GC(226) Age table with threshold 15 (max threshold 15)
[2025-08-28T13:05:40.532+0000][1087812][trace][gc,age      ] GC(226) - age   1:     557568 bytes,     557568 total
[2025-08-28T13:05:40.532+0000][1087812][trace][gc,age      ] GC(226) - age   3:        224 bytes,     557792 total
[2025-08-28T13:05:40.532+0000][1087812][trace][gc,age      ] GC(226) - age   4:        624 bytes,     558416 total
[2025-08-28T13:05:40.532+0000][1087812][trace][gc,age      ] GC(226) - age   5:        464 bytes,     558880 total
[2025-08-28T13:05:40.532+0000][1087812][trace][gc,age      ] GC(226) - age   6:       2024 bytes,     560904 total
[2025-08-28T13:05:40.532+0000][1087812][trace][gc,age      ] GC(226) - age   7:       4344 bytes,     565248 total
[2025-08-28T13:05:40.532+0000][1087812][trace][gc,age      ] GC(226) - age  10:       2856 bytes,     568104 total
[2025-08-28T13:05:40.532+0000][1087812][trace][gc,age      ] GC(226) - age  13:       1112 bytes,     569216 total
[2025-08-28T13:05:40.532+0000][1087812][trace][gc,age      ] GC(226) - age  14:         72 bytes,     569288 total
[2025-08-28T13:05:40.532+0000][1087812][info ][gc,heap     ] GC(226) Eden regions: 75->0(75)
[2025-08-28T13:05:40.532+0000][1087812][info ][gc,heap     ] GC(226) Survivor regions: 1->1(10)
[2025-08-28T13:05:40.532+0000][1087812][info ][gc,heap     ] GC(226) Old regions: 26->26
[2025-08-28T13:05:40.532+0000][1087812][info ][gc,heap     ] GC(226) Humongous regions: 0->0
[2025-08-28T13:05:40.532+0000][1087812][info ][gc,metaspace] GC(226) Metaspace: 144366K(148416K)->144366K(148416K) NonClass: 124852K(126976K)->124852K(126976K) Class: 19514K(21440K)->19514K(21440K)
[2025-08-28T13:05:40.532+0000][1087812][info ][gc          ] GC(226) Pause Young (Normal) (G1 Evacuation Pause) 401M->100M(512M) 6.461ms
[2025-08-28T13:05:40.532+0000][1087812][info ][gc,cpu      ] GC(226) User=0.00s Sys=0.02s Real=0.01s
[2025-08-28T13:05:40.532+0000][1087812][info ][safepoint   ] Safepoint "G1CollectForAllocation", Time since last: 1960404983 ns, Reaching safepoint: 21812 ns, Cleanup: 3566 ns, At safepoint: 6575030 ns, Total: 6600408 ns
[2025-08-28T13:05:42.477+0000][1087812][info ][gc,start    ] GC(227) Pause Young (Normal) (G1 Evacuation Pause)
[2025-08-28T13:05:42.477+0000][1087812][info ][gc,task     ] GC(227) Using 12 workers of 33 for evacuation
[2025-08-28T13:05:42.477+0000][1087812][debug][gc,age      ] GC(227) Desired survivor size 20971520 bytes, new threshold 15 (max threshold 15)
[2025-08-28T13:05:42.479+0000][1087812][info ][gc,phases   ] GC(227)   Pre Evacuate Collection Set: 0.2ms
[2025-08-28T13:05:42.479+0000][1087812][info ][gc,phases   ] GC(227)   Merge Heap Roots: 0.1ms
[2025-08-28T13:05:42.479+0000][1087812][info ][gc,phases   ] GC(227)   Evacuate Collection Set: 0.8ms
[2025-08-28T13:05:42.479+0000][1087812][info ][gc,phases   ] GC(227)   Post Evacuate Collection Set: 0.3ms
[2025-08-28T13:05:42.479+0000][1087812][info ][gc,phases   ] GC(227)   Other: 0.1ms
[2025-08-28T13:05:42.479+0000][1087812][trace][gc,age      ] GC(227) Age table with threshold 15 (max threshold 15)
[2025-08-28T13:05:42.479+0000][1087812][trace][gc,age      ] GC(227) - age   1:    1079736 bytes,    1079736 total
[2025-08-28T13:05:42.479+0000][1087812][trace][gc,age      ] GC(227) - age   2:       1112 bytes,    1080848 total
[2025-08-28T13:05:42.479+0000][1087812][trace][gc,age      ] GC(227) - age   4:        224 bytes,    1081072 total
[2025-08-28T13:05:42.479+0000][1087812][trace][gc,age      ] GC(227) - age   5:        624 bytes,    1081696 total
[2025-08-28T13:05:42.479+0000][1087812][trace][gc,age      ] GC(227) - age   6:        224 bytes,    1081920 total
[2025-08-28T13:05:42.479+0000][1087812][trace][gc,age      ] GC(227) - age   7:         48 bytes,    1081968 total
[2025-08-28T13:05:42.479+0000][1087812][trace][gc,age      ] GC(227) - age   8:       4344 bytes,    1086312 total
[2025-08-28T13:05:42.479+0000][1087812][trace][gc,age      ] GC(227) - age  11:       2856 bytes,    1089168 total
[2025-08-28T13:05:42.479+0000][1087812][trace][gc,age      ] GC(227) - age  14:       1112 bytes,    1090280 total
[2025-08-28T13:05:42.479+0000][1087812][trace][gc,age      ] GC(227) - age  15:         72 bytes,    1090352 total
[2025-08-28T13:05:42.479+0000][1087812][info ][gc,heap     ] GC(227) Eden regions: 75->0(75)
[2025-08-28T13:05:42.479+0000][1087812][info ][gc,heap     ] GC(227) Survivor regions: 1->1(10)
[2025-08-28T13:05:42.479+0000][1087812][info ][gc,heap     ] GC(227) Old regions: 26->26
[2025-08-28T13:05:42.479+0000][1087812][info ][gc,heap     ] GC(227) Humongous regions: 0->0
[2025-08-28T13:05:42.479+0000][1087812][info ][gc,metaspace] GC(227) Metaspace: 144366K(148416K)->144366K(148416K) NonClass: 124852K(126976K)->124852K(126976K) Class: 19514K(21440K)->19514K(21440K)
[2025-08-28T13:05:42.479+0000][1087812][info ][gc          ] GC(227) Pause Young (Normal) (G1 Evacuation Pause) 400M->101M(512M) 1.531ms
[2025-08-28T13:05:42.479+0000][1087812][info ][gc,cpu      ] GC(227) User=0.01s Sys=0.01s Real=0.00s
[2025-08-28T13:05:42.479+0000][1087812][info ][safepoint   ] Safepoint "G1CollectForAllocation", Time since last: 1945049278 ns, Reaching safepoint: 49525 ns, Cleanup: 2714 ns, At safepoint: 1699704 ns, Total: 1751943 ns
[2025-08-28T13:05:44.427+0000][1087812][info ][gc,start    ] GC(228) Pause Young (Normal) (G1 Evacuation Pause)
[2025-08-28T13:05:44.427+0000][1087812][info ][gc,task     ] GC(228) Using 12 workers of 33 for evacuation
[2025-08-28T13:05:44.427+0000][1087812][debug][gc,age      ] GC(228) Desired survivor size 20971520 bytes, new threshold 15 (max threshold 15)
[2025-08-28T13:05:44.429+0000][1087812][info ][gc,phases   ] GC(228)   Pre Evacuate Collection Set: 0.1ms
[2025-08-28T13:05:44.429+0000][1087812][info ][gc,phases   ] GC(228)   Merge Heap Roots: 0.1ms
[2025-08-28T13:05:44.429+0000][1087812][info ][gc,phases   ] GC(228)   Evacuate Collection Set: 0.7ms
[2025-08-28T13:05:44.429+0000][1087812][info ][gc,phases   ] GC(228)   Post Evacuate Collection Set: 0.3ms
[2025-08-28T13:05:44.429+0000][1087812][info ][gc,phases   ] GC(228)   Other: 0.0ms
[2025-08-28T13:05:44.429+0000][1087812][trace][gc,age      ] GC(228) Age table with threshold 15 (max threshold 15)
[2025-08-28T13:05:44.429+0000][1087812][trace][gc,age      ] GC(228) - age   1:    1076072 bytes,    1076072 total
[2025-08-28T13:05:44.429+0000][1087812][trace][gc,age      ] GC(228) - age   2:       3880 bytes,    1079952 total
[2025-08-28T13:05:44.429+0000][1087812][trace][gc,age      ] GC(228) - age   3:        936 bytes,    1080888 total
[2025-08-28T13:05:44.429+0000][1087812][trace][gc,age      ] GC(228) - age   5:        224 bytes,    1081112 total
[2025-08-28T13:05:44.429+0000][1087812][trace][gc,age      ] GC(228) - age   6:        624 bytes,    1081736 total
[2025-08-28T13:05:44.429+0000][1087812][trace][gc,age      ] GC(228) - age   7:        224 bytes,    1081960 total
[2025-08-28T13:05:44.429+0000][1087812][trace][gc,age      ] GC(228) - age   8:         48 bytes,    1082008 total
[2025-08-28T13:05:44.429+0000][1087812][trace][gc,age      ] GC(228) - age   9:       4344 bytes,    1086352 total
[2025-08-28T13:05:44.429+0000][1087812][trace][gc,age      ] GC(228) - age  12:       2856 bytes,    1089208 total
[2025-08-28T13:05:44.429+0000][1087812][trace][gc,age      ] GC(228) - age  15:       1112 bytes,    1090320 total
[2025-08-28T13:05:44.429+0000][1087812][info ][gc,heap     ] GC(228) Eden regions: 75->0(75)
[2025-08-28T13:05:44.429+0000][1087812][info ][gc,heap     ] GC(228) Survivor regions: 1->1(10)
[2025-08-28T13:05:44.429+0000][1087812][info ][gc,heap     ] GC(228) Old regions: 26->26
[2025-08-28T13:05:44.429+0000][1087812][info ][gc,heap     ] GC(228) Humongous regions: 0->0
[2025-08-28T13:05:44.429+0000][1087812][info ][gc,metaspace] GC(228) Metaspace: 144366K(148416K)->144366K(148416K) NonClass: 124852K(126976K)->124852K(126976K) Class: 19514K(21440K)->19514K(21440K)
[2025-08-28T13:05:44.429+0000][1087812][info ][gc          ] GC(228) Pause Young (Normal) (G1 Evacuation Pause) 401M->101M(512M) 1.417ms
[2025-08-28T13:05:44.429+0000][1087812][info ][gc,cpu      ] GC(228) User=0.01s Sys=0.00s Real=0.00s
[2025-08-28T13:05:44.429+0000][1087812][info ][safepoint   ] Safepoint "G1CollectForAllocation", Time since last: 1948267234 ns, Reaching safepoint: 24016 ns, Cleanup: 3465 ns, At safepoint: 1526885 ns, Total: 1554366 ns
[2025-08-28T13:05:45.429+0000][1087812][info ][safepoint   ] Safepoint "Cleanup", Time since last: 1000096796 ns, Reaching safepoint: 25398 ns, Cleanup: 13410 ns, At safepoint: 5379 ns, Total: 44187 ns
[2025-08-28T13:05:46.398+0000][1087812][info ][gc,start    ] GC(229) Pause Young (Normal) (G1 Evacuation Pause)
[2025-08-28T13:05:46.398+0000][1087812][info ][gc,task     ] GC(229) Using 12 workers of 33 for evacuation
[2025-08-28T13:05:46.398+0000][1087812][debug][gc,age      ] GC(229) Desired survivor size 20971520 bytes, new threshold 15 (max threshold 15)
[2025-08-28T13:05:46.400+0000][1087812][info ][gc,phases   ] GC(229)   Pre Evacuate Collection Set: 0.1ms
[2025-08-28T13:05:46.400+0000][1087812][info ][gc,phases   ] GC(229)   Merge Heap Roots: 0.1ms
[2025-08-28T13:05:46.400+0000][1087812][info ][gc,phases   ] GC(229)   Evacuate Collection Set: 1.0ms
[2025-08-28T13:05:46.400+0000][1087812][info ][gc,phases   ] GC(229)   Post Evacuate Collection Set: 0.3ms
[2025-08-28T13:05:46.400+0000][1087812][info ][gc,phases   ] GC(229)   Other: 0.0ms
[2025-08-28T13:05:46.400+0000][1087812][trace][gc,age      ] GC(229) Age table with threshold 15 (max threshold 15)
[2025-08-28T13:05:46.400+0000][1087812][trace][gc,age      ] GC(229) - age   1:    1093992 bytes,    1093992 total
[2025-08-28T13:05:46.400+0000][1087812][trace][gc,age      ] GC(229) - age   2:        208 bytes,    1094200 total
[2025-08-28T13:05:46.400+0000][1087812][trace][gc,age      ] GC(229) - age   3:       3880 bytes,    1098080 total
[2025-08-28T13:05:46.400+0000][1087812][trace][gc,age      ] GC(229) - age   4:        400 bytes,    1098480 total
[2025-08-28T13:05:46.400+0000][1087812][trace][gc,age      ] GC(229) - age   6:        224 bytes,    1098704 total
[2025-08-28T13:05:46.400+0000][1087812][trace][gc,age      ] GC(229) - age   7:        624 bytes,    1099328 total
[2025-08-28T13:05:46.400+0000][1087812][trace][gc,age      ] GC(229) - age   8:        224 bytes,    1099552 total
[2025-08-28T13:05:46.400+0000][1087812][trace][gc,age      ] GC(229) - age   9:         48 bytes,    1099600 total
[2025-08-28T13:05:46.400+0000][1087812][trace][gc,age      ] GC(229) - age  10:       4344 bytes,    1103944 total
[2025-08-28T13:05:46.400+0000][1087812][trace][gc,age      ] GC(229) - age  13:       2856 bytes,    1106800 total
[2025-08-28T13:05:46.400+0000][1087812][info ][gc,heap     ] GC(229) Eden regions: 75->0(75)
[2025-08-28T13:05:46.400+0000][1087812][info ][gc,heap     ] GC(229) Survivor regions: 1->1(10)
[2025-08-28T13:05:46.400+0000][1087812][info ][gc,heap     ] GC(229) Old regions: 26->26
[2025-08-28T13:05:46.400+0000][1087812][info ][gc,heap     ] GC(229) Humongous regions: 0->0
[2025-08-28T13:05:46.400+0000][1087812][info ][gc,metaspace] GC(229) Metaspace: 144366K(148416K)->144366K(148416K) NonClass: 124852K(126976K)->124852K(126976K) Class: 19514K(21440K)->19514K(21440K)
[2025-08-28T13:05:46.400+0000][1087812][info ][gc          ] GC(229) Pause Young (Normal) (G1 Evacuation Pause) 401M->101M(512M) 1.724ms
[2025-08-28T13:05:46.400+0000][1087812][info ][gc,cpu      ] GC(229) User=0.01s Sys=0.00s Real=0.00s
[2025-08-28T13:05:46.400+0000][1087812][info ][safepoint   ] Safepoint "G1CollectForAllocation", Time since last: 968987208 ns, Reaching safepoint: 23716 ns, Cleanup: 4206 ns, At safepoint: 1842339 ns, Total: 1870261 ns
[2025-08-28T13:05:48.391+0000][1087812][info ][gc,start    ] GC(230) Pause Young (Normal) (G1 Evacuation Pause)
[2025-08-28T13:05:48.391+0000][1087812][info ][gc,task     ] GC(230) Using 12 workers of 33 for evacuation
[2025-08-28T13:05:48.391+0000][1087812][debug][gc,age      ] GC(230) Desired survivor size 20971520 bytes, new threshold 15 (max threshold 15)
[2025-08-28T13:05:48.392+0000][1087812][info ][gc,phases   ] GC(230)   Pre Evacuate Collection Set: 0.2ms
[2025-08-28T13:05:48.392+0000][1087812][info ][gc,phases   ] GC(230)   Merge Heap Roots: 0.1ms
[2025-08-28T13:05:48.392+0000][1087812][info ][gc,phases   ] GC(230)   Evacuate Collection Set: 0.7ms
[2025-08-28T13:05:48.392+0000][1087812][info ][gc,phases   ] GC(230)   Post Evacuate Collection Set: 0.3ms
[2025-08-28T13:05:48.392+0000][1087812][info ][gc,phases   ] GC(230)   Other: 0.0ms
[2025-08-28T13:05:48.392+0000][1087812][trace][gc,age      ] GC(230) Age table with threshold 15 (max threshold 15)
[2025-08-28T13:05:48.392+0000][1087812][trace][gc,age      ] GC(230) - age   1:    1169424 bytes,    1169424 total
[2025-08-28T13:05:48.392+0000][1087812][trace][gc,age      ] GC(230) - age   2:        536 bytes,    1169960 total
[2025-08-28T13:05:48.392+0000][1087812][trace][gc,age      ] GC(230) - age   3:        208 bytes,    1170168 total
[2025-08-28T13:05:48.392+0000][1087812][trace][gc,age      ] GC(230) - age   4:       3880 bytes,    1174048 total
[2025-08-28T13:05:48.392+0000][1087812][trace][gc,age      ] GC(230) - age   5:        400 bytes,    1174448 total
[2025-08-28T13:05:48.392+0000][1087812][trace][gc,age      ] GC(230) - age   7:        224 bytes,    1174672 total
[2025-08-28T13:05:48.392+0000][1087812][trace][gc,age      ] GC(230) - age   8:        624 bytes,    1175296 total
[2025-08-28T13:05:48.392+0000][1087812][trace][gc,age      ] GC(230) - age   9:        224 bytes,    1175520 total
[2025-08-28T13:05:48.392+0000][1087812][trace][gc,age      ] GC(230) - age  10:         48 bytes,    1175568 total
[2025-08-28T13:05:48.392+0000][1087812][trace][gc,age      ] GC(230) - age  11:       4344 bytes,    1179912 total
[2025-08-28T13:05:48.392+0000][1087812][trace][gc,age      ] GC(230) - age  14:       2856 bytes,    1182768 total
[2025-08-28T13:05:48.392+0000][1087812][info ][gc,heap     ] GC(230) Eden regions: 75->0(75)
[2025-08-28T13:05:48.392+0000][1087812][info ][gc,heap     ] GC(230) Survivor regions: 1->1(10)
[2025-08-28T13:05:48.392+0000][1087812][info ][gc,heap     ] GC(230) Old regions: 26->26
[2025-08-28T13:05:48.392+0000][1087812][info ][gc,heap     ] GC(230) Humongous regions: 0->0
[2025-08-28T13:05:48.392+0000][1087812][info ][gc,metaspace] GC(230) Metaspace: 144366K(148416K)->144366K(148416K) NonClass: 124852K(126976K)->124852K(126976K) Class: 19514K(21440K)->19514K(21440K)
[2025-08-28T13:05:48.392+0000][1087812][info ][gc          ] GC(230) Pause Young (Normal) (G1 Evacuation Pause) 401M->101M(512M) 1.447ms
[2025-08-28T13:05:48.392+0000][1087812][info ][gc,cpu      ] GC(230) User=0.01s Sys=0.00s Real=0.00s
[2025-08-28T13:05:48.392+0000][1087812][info ][safepoint   ] Safepoint "G1CollectForAllocation", Time since last: 1990673697 ns, Reaching safepoint: 338328 ns, Cleanup: 4367 ns, At safepoint: 1554846 ns, Total: 1897541 ns
[2025-08-28T13:05:50.390+0000][1087812][info ][gc,start    ] GC(231) Pause Young (Normal) (G1 Evacuation Pause)
[2025-08-28T13:05:50.390+0000][1087812][info ][gc,task     ] GC(231) Using 12 workers of 33 for evacuation
[2025-08-28T13:05:50.390+0000][1087812][debug][gc,age      ] GC(231) Desired survivor size 20971520 bytes, new threshold 15 (max threshold 15)
[2025-08-28T13:05:50.392+0000][1087812][info ][gc,phases   ] GC(231)   Pre Evacuate Collection Set: 0.2ms
[2025-08-28T13:05:50.392+0000][1087812][info ][gc,phases   ] GC(231)   Merge Heap Roots: 0.1ms
[2025-08-28T13:05:50.392+0000][1087812][info ][gc,phases   ] GC(231)   Evacuate Collection Set: 0.7ms
[2025-08-28T13:05:50.392+0000][1087812][info ][gc,phases   ] GC(231)   Post Evacuate Collection Set: 0.3ms
[2025-08-28T13:05:50.392+0000][1087812][info ][gc,phases   ] GC(231)   Other: 0.0ms
[2025-08-28T13:05:50.392+0000][1087812][trace][gc,age      ] GC(231) Age table with threshold 15 (max threshold 15)
[2025-08-28T13:05:50.392+0000][1087812][trace][gc,age      ] GC(231) - age   1:     954344 bytes,     954344 total
[2025-08-28T13:05:50.392+0000][1087812][trace][gc,age      ] GC(231) - age   4:         32 bytes,     954376 total
[2025-08-28T13:05:50.392+0000][1087812][trace][gc,age      ] GC(231) - age   5:       3880 bytes,     958256 total
[2025-08-28T13:05:50.392+0000][1087812][trace][gc,age      ] GC(231) - age   6:        400 bytes,     958656 total
[2025-08-28T13:05:50.392+0000][1087812][trace][gc,age      ] GC(231) - age   8:        224 bytes,     958880 total
[2025-08-28T13:05:50.392+0000][1087812][trace][gc,age      ] GC(231) - age   9:        624 bytes,     959504 total
[2025-08-28T13:05:50.392+0000][1087812][trace][gc,age      ] GC(231) - age  10:        224 bytes,     959728 total
[2025-08-28T13:05:50.392+0000][1087812][trace][gc,age      ] GC(231) - age  11:         48 bytes,     959776 total
[2025-08-28T13:05:50.392+0000][1087812][trace][gc,age      ] GC(231) - age  12:       4344 bytes,     964120 total
[2025-08-28T13:05:50.392+0000][1087812][trace][gc,age      ] GC(231) - age  15:       2856 bytes,     966976 total
[2025-08-28T13:05:50.392+0000][1087812][info ][gc,heap     ] GC(231) Eden regions: 75->0(75)
[2025-08-28T13:05:50.392+0000][1087812][info ][gc,heap     ] GC(231) Survivor regions: 1->1(10)
[2025-08-28T13:05:50.392+0000][1087812][info ][gc,heap     ] GC(231) Old regions: 26->26
[2025-08-28T13:05:50.392+0000][1087812][info ][gc,heap     ] GC(231) Humongous regions: 0->0
[2025-08-28T13:05:50.392+0000][1087812][info ][gc,metaspace] GC(231) Metaspace: 144366K(148416K)->144366K(148416K) NonClass: 124852K(126976K)->124852K(126976K) Class: 19514K(21440K)->19514K(21440K)
[2025-08-28T13:05:50.392+0000][1087812][info ][gc          ] GC(231) Pause Young (Normal) (G1 Evacuation Pause) 401M->101M(512M) 1.388ms
[2025-08-28T13:05:50.392+0000][1087812][info ][gc,cpu      ] GC(231) User=0.00s Sys=0.00s Real=0.01s
[2025-08-28T13:05:50.392+0000][1087812][info ][safepoint   ] Safepoint "G1CollectForAllocation", Time since last: 1998000017 ns, Reaching safepoint: 23175 ns, Cleanup: 4346 ns, At safepoint: 1494676 ns, Total: 1522197 ns
[2025-08-28T13:05:52.378+0000][1087812][info ][gc,start    ] GC(232) Pause Young (Normal) (G1 Evacuation Pause)
[2025-08-28T13:05:52.378+0000][1087812][info ][gc,task     ] GC(232) Using 12 workers of 33 for evacuation
[2025-08-28T13:05:52.378+0000][1087812][debug][gc,age      ] GC(232) Desired survivor size 20971520 bytes, new threshold 15 (max threshold 15)
[2025-08-28T13:05:52.379+0000][1087812][info ][gc,phases   ] GC(232)   Pre Evacuate Collection Set: 0.2ms
[2025-08-28T13:05:52.379+0000][1087812][info ][gc,phases   ] GC(232)   Merge Heap Roots: 0.1ms
[2025-08-28T13:05:52.379+0000][1087812][info ][gc,phases   ] GC(232)   Evacuate Collection Set: 0.7ms
[2025-08-28T13:05:52.379+0000][1087812][info ][gc,phases   ] GC(232)   Post Evacuate Collection Set: 0.3ms
[2025-08-28T13:05:52.379+0000][1087812][info ][gc,phases   ] GC(232)   Other: 0.0ms
[2025-08-28T13:05:52.379+0000][1087812][trace][gc,age      ] GC(232) Age table with threshold 15 (max threshold 15)
[2025-08-28T13:05:52.379+0000][1087812][trace][gc,age      ] GC(232) - age   1:    1072816 bytes,    1072816 total
[2025-08-28T13:05:52.379+0000][1087812][trace][gc,age      ] GC(232) - age   2:        712 bytes,    1073528 total
[2025-08-28T13:05:52.379+0000][1087812][trace][gc,age      ] GC(232) - age   5:         32 bytes,    1073560 total
[2025-08-28T13:05:52.379+0000][1087812][trace][gc,age      ] GC(232) - age   6:       3640 bytes,    1077200 total
[2025-08-28T13:05:52.379+0000][1087812][trace][gc,age      ] GC(232) - age   7:        400 bytes,    1077600 total
[2025-08-28T13:05:52.379+0000][1087812][trace][gc,age      ] GC(232) - age   9:        224 bytes,    1077824 total
[2025-08-28T13:05:52.379+0000][1087812][trace][gc,age      ] GC(232) - age  10:        368 bytes,    1078192 total
[2025-08-28T13:05:52.379+0000][1087812][trace][gc,age      ] GC(232) - age  11:        224 bytes,    1078416 total
[2025-08-28T13:05:52.379+0000][1087812][trace][gc,age      ] GC(232) - age  12:         48 bytes,    1078464 total
[2025-08-28T13:05:52.379+0000][1087812][trace][gc,age      ] GC(232) - age  13:       4344 bytes,    1082808 total
[2025-08-28T13:05:52.379+0000][1087812][info ][gc,heap     ] GC(232) Eden regions: 75->0(75)
[2025-08-28T13:05:52.379+0000][1087812][info ][gc,heap     ] GC(232) Survivor regions: 1->1(10)
[2025-08-28T13:05:52.379+0000][1087812][info ][gc,heap     ] GC(232) Old regions: 26->26
[2025-08-28T13:05:52.379+0000][1087812][info ][gc,heap     ] GC(232) Humongous regions: 0->0
[2025-08-28T13:05:52.379+0000][1087812][info ][gc,metaspace] GC(232) Metaspace: 144368K(148416K)->144368K(148416K) NonClass: 124854K(126976K)->124854K(126976K) Class: 19514K(21440K)->19514K(21440K)
[2025-08-28T13:05:52.379+0000][1087812][info ][gc          ] GC(232) Pause Young (Normal) (G1 Evacuation Pause) 401M->101M(512M) 1.403ms
[2025-08-28T13:05:52.379+0000][1087812][info ][gc,cpu      ] GC(232) User=0.01s Sys=0.00s Real=0.00s
[2025-08-28T13:05:52.379+0000][1087812][info ][safepoint   ] Safepoint "G1CollectForAllocation", Time since last: 1986055398 ns, Reaching safepoint: 53871 ns, Cleanup: 4186 ns, At safepoint: 1514997 ns, Total: 1573054 ns
[2025-08-28T13:05:54.365+0000][1087812][info ][gc,start    ] GC(233) Pause Young (Normal) (G1 Evacuation Pause)
[2025-08-28T13:05:54.365+0000][1087812][info ][gc,task     ] GC(233) Using 12 workers of 33 for evacuation
[2025-08-28T13:05:54.365+0000][1087812][debug][gc,age      ] GC(233) Desired survivor size 20971520 bytes, new threshold 15 (max threshold 15)
[2025-08-28T13:05:54.367+0000][1087812][info ][gc,phases   ] GC(233)   Pre Evacuate Collection Set: 0.2ms
[2025-08-28T13:05:54.367+0000][1087812][info ][gc,phases   ] GC(233)   Merge Heap Roots: 0.1ms
[2025-08-28T13:05:54.367+0000][1087812][info ][gc,phases   ] GC(233)   Evacuate Collection Set: 0.7ms
[2025-08-28T13:05:54.367+0000][1087812][info ][gc,phases   ] GC(233)   Post Evacuate Collection Set: 0.3ms
[2025-08-28T13:05:54.367+0000][1087812][info ][gc,phases   ] GC(233)   Other: 0.0ms
[2025-08-28T13:05:54.367+0000][1087812][trace][gc,age      ] GC(233) Age table with threshold 15 (max threshold 15)
[2025-08-28T13:05:54.367+0000][1087812][trace][gc,age      ] GC(233) - age   1:     937496 bytes,     937496 total
[2025-08-28T13:05:54.367+0000][1087812][trace][gc,age      ] GC(233) - age   2:       2696 bytes,     940192 total
[2025-08-28T13:05:54.367+0000][1087812][trace][gc,age      ] GC(233) - age   3:        536 bytes,     940728 total
[2025-08-28T13:05:54.367+0000][1087812][trace][gc,age      ] GC(233) - age   6:         32 bytes,     940760 total
[2025-08-28T13:05:54.367+0000][1087812][trace][gc,age      ] GC(233) - age   7:       3640 bytes,     944400 total
[2025-08-28T13:05:54.367+0000][1087812][trace][gc,age      ] GC(233) - age   8:        400 bytes,     944800 total
[2025-08-28T13:05:54.367+0000][1087812][trace][gc,age      ] GC(233) - age  10:        224 bytes,     945024 total
[2025-08-28T13:05:54.367+0000][1087812][trace][gc,age      ] GC(233) - age  11:        368 bytes,     945392 total
[2025-08-28T13:05:54.367+0000][1087812][trace][gc,age      ] GC(233) - age  12:        224 bytes,     945616 total
[2025-08-28T13:05:54.367+0000][1087812][trace][gc,age      ] GC(233) - age  13:         48 bytes,     945664 total
[2025-08-28T13:05:54.367+0000][1087812][trace][gc,age      ] GC(233) - age  14:       4344 bytes,     950008 total
[2025-08-28T13:05:54.367+0000][1087812][info ][gc,heap     ] GC(233) Eden regions: 75->0(75)
[2025-08-28T13:05:54.367+0000][1087812][info ][gc,heap     ] GC(233) Survivor regions: 1->1(10)
[2025-08-28T13:05:54.367+0000][1087812][info ][gc,heap     ] GC(233) Old regions: 26->26
[2025-08-28T13:05:54.367+0000][1087812][info ][gc,heap     ] GC(233) Humongous regions: 0->0
[2025-08-28T13:05:54.367+0000][1087812][info ][gc,metaspace] GC(233) Metaspace: 144368K(148416K)->144368K(148416K) NonClass: 124854K(126976K)->124854K(126976K) Class: 19514K(21440K)->19514K(21440K)
[2025-08-28T13:05:54.367+0000][1087812][info ][gc          ] GC(233) Pause Young (Normal) (G1 Evacuation Pause) 401M->101M(512M) 1.446ms
[2025-08-28T13:05:54.367+0000][1087812][info ][gc,cpu      ] GC(233) User=0.00s Sys=0.00s Real=0.00s
[2025-08-28T13:05:54.367+0000][1087812][info ][safepoint   ] Safepoint "G1CollectForAllocation", Time since last: 1985800604 ns, Reaching safepoint: 23445 ns, Cleanup: 4457 ns, At safepoint: 1559984 ns, Total: 1587886 ns
[2025-08-28T13:05:56.353+0000][1087812][info ][gc,start    ] GC(234) Pause Young (Normal) (G1 Evacuation Pause)
[2025-08-28T13:05:56.353+0000][1087812][info ][gc,task     ] GC(234) Using 12 workers of 33 for evacuation
[2025-08-28T13:05:56.353+0000][1087812][debug][gc,age      ] GC(234) Desired survivor size 20971520 bytes, new threshold 15 (max threshold 15)
[2025-08-28T13:05:56.354+0000][1087812][info ][gc,phases   ] GC(234)   Pre Evacuate Collection Set: 0.2ms
[2025-08-28T13:05:56.354+0000][1087812][info ][gc,phases   ] GC(234)   Merge Heap Roots: 0.1ms
[2025-08-28T13:05:56.354+0000][1087812][info ][gc,phases   ] GC(234)   Evacuate Collection Set: 0.7ms
[2025-08-28T13:05:56.354+0000][1087812][info ][gc,phases   ] GC(234)   Post Evacuate Collection Set: 0.3ms
[2025-08-28T13:05:56.354+0000][1087812][info ][gc,phases   ] GC(234)   Other: 0.1ms
[2025-08-28T13:05:56.354+0000][1087812][trace][gc,age      ] GC(234) Age table with threshold 15 (max threshold 15)
[2025-08-28T13:05:56.354+0000][1087812][trace][gc,age      ] GC(234) - age   1:     954256 bytes,     954256 total
[2025-08-28T13:05:56.354+0000][1087812][trace][gc,age      ] GC(234) - age   2:        392 bytes,     954648 total
[2025-08-28T13:05:56.354+0000][1087812][trace][gc,age      ] GC(234) - age   3:       2696 bytes,     957344 total
[2025-08-28T13:05:56.354+0000][1087812][trace][gc,age      ] GC(234) - age   7:         32 bytes,     957376 total
[2025-08-28T13:05:56.354+0000][1087812][trace][gc,age      ] GC(234) - age   8:       3640 bytes,     961016 total
[2025-08-28T13:05:56.354+0000][1087812][trace][gc,age      ] GC(234) - age   9:        400 bytes,     961416 total
[2025-08-28T13:05:56.354+0000][1087812][trace][gc,age      ] GC(234) - age  11:        224 bytes,     961640 total
[2025-08-28T13:05:56.354+0000][1087812][trace][gc,age      ] GC(234) - age  12:        368 bytes,     962008 total
[2025-08-28T13:05:56.354+0000][1087812][trace][gc,age      ] GC(234) - age  13:        224 bytes,     962232 total
[2025-08-28T13:05:56.354+0000][1087812][trace][gc,age      ] GC(234) - age  14:         48 bytes,     962280 total
[2025-08-28T13:05:56.354+0000][1087812][trace][gc,age      ] GC(234) - age  15:       4344 bytes,     966624 total
[2025-08-28T13:05:56.354+0000][1087812][info ][gc,heap     ] GC(234) Eden regions: 75->0(75)
[2025-08-28T13:05:56.354+0000][1087812][info ][gc,heap     ] GC(234) Survivor regions: 1->1(10)
[2025-08-28T13:05:56.354+0000][1087812][info ][gc,heap     ] GC(234) Old regions: 26->26
[2025-08-28T13:05:56.354+0000][1087812][info ][gc,heap     ] GC(234) Humongous regions: 0->0
[2025-08-28T13:05:56.354+0000][1087812][info ][gc,metaspace] GC(234) Metaspace: 144368K(148416K)->144368K(148416K) NonClass: 124854K(126976K)->124854K(126976K) Class: 19514K(21440K)->19514K(21440K)
[2025-08-28T13:05:56.354+0000][1087812][info ][gc          ] GC(234) Pause Young (Normal) (G1 Evacuation Pause) 401M->101M(512M) 1.504ms
[2025-08-28T13:05:56.354+0000][1087812][info ][gc,cpu      ] GC(234) User=0.01s Sys=0.00s Real=0.00s
[2025-08-28T13:05:56.354+0000][1087812][info ][safepoint   ] Safepoint "G1CollectForAllocation", Time since last: 1985960365 ns, Reaching safepoint: 23495 ns, Cleanup: 4657 ns, At safepoint: 1723540 ns, Total: 1751692 ns
[2025-08-28T13:05:58.352+0000][1087812][info ][gc,start    ] GC(235) Pause Young (Normal) (G1 Evacuation Pause)
[2025-08-28T13:05:58.352+0000][1087812][info ][gc,task     ] GC(235) Using 12 workers of 33 for evacuation
[2025-08-28T13:05:58.352+0000][1087812][debug][gc,age      ] GC(235) Desired survivor size 20971520 bytes, new threshold 15 (max threshold 15)
[2025-08-28T13:05:58.354+0000][1087812][info ][gc,phases   ] GC(235)   Pre Evacuate Collection Set: 0.2ms
[2025-08-28T13:05:58.354+0000][1087812][info ][gc,phases   ] GC(235)   Merge Heap Roots: 0.1ms
[2025-08-28T13:05:58.354+0000][1087812][info ][gc,phases   ] GC(235)   Evacuate Collection Set: 1.1ms
[2025-08-28T13:05:58.354+0000][1087812][info ][gc,phases   ] GC(235)   Post Evacuate Collection Set: 0.3ms
[2025-08-28T13:05:58.354+0000][1087812][info ][gc,phases   ] GC(235)   Other: 0.1ms
[2025-08-28T13:05:58.354+0000][1087812][trace][gc,age      ] GC(235) Age table with threshold 15 (max threshold 15)
[2025-08-28T13:05:58.354+0000][1087812][trace][gc,age      ] GC(235) - age   1:    1390464 bytes,    1390464 total
[2025-08-28T13:05:58.354+0000][1087812][trace][gc,age      ] GC(235) - age   2:        568 bytes,    1391032 total
[2025-08-28T13:05:58.354+0000][1087812][trace][gc,age      ] GC(235) - age   3:        392 bytes,    1391424 total
[2025-08-28T13:05:58.354+0000][1087812][trace][gc,age      ] GC(235) - age   4:       2696 bytes,    1394120 total
[2025-08-28T13:05:58.354+0000][1087812][trace][gc,age      ] GC(235) - age   8:         32 bytes,    1394152 total
[2025-08-28T13:05:58.354+0000][1087812][trace][gc,age      ] GC(235) - age   9:       3640 bytes,    1397792 total
[2025-08-28T13:05:58.354+0000][1087812][trace][gc,age      ] GC(235) - age  10:        400 bytes,    1398192 total
[2025-08-28T13:05:58.354+0000][1087812][trace][gc,age      ] GC(235) - age  12:        224 bytes,    1398416 total
[2025-08-28T13:05:58.354+0000][1087812][trace][gc,age      ] GC(235) - age  13:        368 bytes,    1398784 total
[2025-08-28T13:05:58.354+0000][1087812][trace][gc,age      ] GC(235) - age  14:        224 bytes,    1399008 total
[2025-08-28T13:05:58.354+0000][1087812][trace][gc,age      ] GC(235) - age  15:         48 bytes,    1399056 total
[2025-08-28T13:05:58.354+0000][1087812][info ][gc,heap     ] GC(235) Eden regions: 75->0(75)
[2025-08-28T13:05:58.354+0000][1087812][info ][gc,heap     ] GC(235) Survivor regions: 1->1(10)
[2025-08-28T13:05:58.354+0000][1087812][info ][gc,heap     ] GC(235) Old regions: 26->26
[2025-08-28T13:05:58.354+0000][1087812][info ][gc,heap     ] GC(235) Humongous regions: 0->0
[2025-08-28T13:05:58.354+0000][1087812][info ][gc,metaspace] GC(235) Metaspace: 144368K(148416K)->144368K(148416K) NonClass: 124854K(126976K)->124854K(126976K) Class: 19514K(21440K)->19514K(21440K)
[2025-08-28T13:05:58.354+0000][1087812][info ][gc          ] GC(235) Pause Young (Normal) (G1 Evacuation Pause) 401M->101M(512M) 1.914ms
[2025-08-28T13:05:58.354+0000][1087812][info ][gc,cpu      ] GC(235) User=0.01s Sys=0.00s Real=0.00s
[2025-08-28T13:05:58.354+0000][1087812][info ][safepoint   ] Safepoint "G1CollectForAllocation", Time since last: 1997328968 ns, Reaching safepoint: 57296 ns, Cleanup: 6941 ns, At safepoint: 2056750 ns, Total: 2120987 ns
[2025-08-28T13:06:00.329+0000][1087812][info ][gc,start    ] GC(236) Pause Young (Normal) (G1 Evacuation Pause)
[2025-08-28T13:06:00.329+0000][1087812][info ][gc,task     ] GC(236) Using 12 workers of 33 for evacuation
[2025-08-28T13:06:00.329+0000][1087812][debug][gc,age      ] GC(236) Desired survivor size 20971520 bytes, new threshold 15 (max threshold 15)
[2025-08-28T13:06:00.330+0000][1087812][info ][gc,phases   ] GC(236)   Pre Evacuate Collection Set: 0.2ms
[2025-08-28T13:06:00.330+0000][1087812][info ][gc,phases   ] GC(236)   Merge Heap Roots: 0.0ms
[2025-08-28T13:06:00.330+0000][1087812][info ][gc,phases   ] GC(236)   Evacuate Collection Set: 0.7ms
[2025-08-28T13:06:00.330+0000][1087812][info ][gc,phases   ] GC(236)   Post Evacuate Collection Set: 0.3ms
[2025-08-28T13:06:00.330+0000][1087812][info ][gc,phases   ] GC(236)   Other: 0.1ms
[2025-08-28T13:06:00.330+0000][1087812][trace][gc,age      ] GC(236) Age table with threshold 15 (max threshold 15)
[2025-08-28T13:06:00.330+0000][1087812][trace][gc,age      ] GC(236) - age   1:    1091992 bytes,    1091992 total
[2025-08-28T13:06:00.330+0000][1087812][trace][gc,age      ] GC(236) - age   3:         32 bytes,    1092024 total
[2025-08-28T13:06:00.330+0000][1087812][trace][gc,age      ] GC(236) - age   4:        216 bytes,    1092240 total
[2025-08-28T13:06:00.330+0000][1087812][trace][gc,age      ] GC(236) - age   5:       2696 bytes,    1094936 total
[2025-08-28T13:06:00.330+0000][1087812][trace][gc,age      ] GC(236) - age   9:         32 bytes,    1094968 total
[2025-08-28T13:06:00.330+0000][1087812][trace][gc,age      ] GC(236) - age  10:       3640 bytes,    1098608 total
[2025-08-28T13:06:00.330+0000][1087812][trace][gc,age      ] GC(236) - age  11:        400 bytes,    1099008 total
[2025-08-28T13:06:00.330+0000][1087812][trace][gc,age      ] GC(236) - age  13:        224 bytes,    1099232 total
[2025-08-28T13:06:00.330+0000][1087812][trace][gc,age      ] GC(236) - age  14:        368 bytes,    1099600 total
[2025-08-28T13:06:00.330+0000][1087812][trace][gc,age      ] GC(236) - age  15:        224 bytes,    1099824 total
[2025-08-28T13:06:00.330+0000][1087812][info ][gc,heap     ] GC(236) Eden regions: 75->0(75)
[2025-08-28T13:06:00.330+0000][1087812][info ][gc,heap     ] GC(236) Survivor regions: 1->1(10)
[2025-08-28T13:06:00.330+0000][1087812][info ][gc,heap     ] GC(236) Old regions: 26->26
[2025-08-28T13:06:00.330+0000][1087812][info ][gc,heap     ] GC(236) Humongous regions: 0->0
[2025-08-28T13:06:00.330+0000][1087812][info ][gc,metaspace] GC(236) Metaspace: 144368K(148416K)->144368K(148416K) NonClass: 124854K(126976K)->124854K(126976K) Class: 19514K(21440K)->19514K(21440K)
[2025-08-28T13:06:00.330+0000][1087812][info ][gc          ] GC(236) Pause Young (Normal) (G1 Evacuation Pause) 401M->101M(512M) 1.584ms
[2025-08-28T13:06:00.330+0000][1087812][info ][gc,cpu      ] GC(236) User=0.00s Sys=0.00s Real=0.00s
[2025-08-28T13:06:00.330+0000][1087812][info ][safepoint   ] Safepoint "G1CollectForAllocation", Time since last: 1974491251 ns, Reaching safepoint: 31177 ns, Cleanup: 7321 ns, At safepoint: 1745663 ns, Total: 1784161 ns
[2025-08-28T13:06:02.316+0000][1087812][info ][gc,start    ] GC(237) Pause Young (Normal) (G1 Evacuation Pause)
[2025-08-28T13:06:02.316+0000][1087812][info ][gc,task     ] GC(237) Using 12 workers of 33 for evacuation
[2025-08-28T13:06:02.316+0000][1087812][debug][gc,age      ] GC(237) Desired survivor size 20971520 bytes, new threshold 15 (max threshold 15)
[2025-08-28T13:06:02.317+0000][1087812][info ][gc,phases   ] GC(237)   Pre Evacuate Collection Set: 0.2ms
[2025-08-28T13:06:02.317+0000][1087812][info ][gc,phases   ] GC(237)   Merge Heap Roots: 0.1ms
[2025-08-28T13:06:02.317+0000][1087812][info ][gc,phases   ] GC(237)   Evacuate Collection Set: 0.8ms
[2025-08-28T13:06:02.317+0000][1087812][info ][gc,phases   ] GC(237)   Post Evacuate Collection Set: 0.3ms
[2025-08-28T13:06:02.317+0000][1087812][info ][gc,phases   ] GC(237)   Other: 0.1ms
[2025-08-28T13:06:02.317+0000][1087812][trace][gc,age      ] GC(237) Age table with threshold 15 (max threshold 15)
[2025-08-28T13:06:02.317+0000][1087812][trace][gc,age      ] GC(237) - age   1:    1092424 bytes,    1092424 total
[2025-08-28T13:06:02.317+0000][1087812][trace][gc,age      ] GC(237) - age   2:        712 bytes,    1093136 total
[2025-08-28T13:06:02.317+0000][1087812][trace][gc,age      ] GC(237) - age   4:         32 bytes,    1093168 total
[2025-08-28T13:06:02.317+0000][1087812][trace][gc,age      ] GC(237) - age   5:        216 bytes,    1093384 total
[2025-08-28T13:06:02.317+0000][1087812][trace][gc,age      ] GC(237) - age   6:       2456 bytes,    1095840 total
[2025-08-28T13:06:02.317+0000][1087812][trace][gc,age      ] GC(237) - age  10:         32 bytes,    1095872 total
[2025-08-28T13:06:02.317+0000][1087812][trace][gc,age      ] GC(237) - age  11:       3640 bytes,    1099512 total
[2025-08-28T13:06:02.317+0000][1087812][trace][gc,age      ] GC(237) - age  12:        400 bytes,    1099912 total
[2025-08-28T13:06:02.317+0000][1087812][trace][gc,age      ] GC(237) - age  14:        224 bytes,    1100136 total
[2025-08-28T13:06:02.317+0000][1087812][trace][gc,age      ] GC(237) - age  15:        368 bytes,    1100504 total
[2025-08-28T13:06:02.317+0000][1087812][info ][gc,heap     ] GC(237) Eden regions: 75->0(75)
[2025-08-28T13:06:02.317+0000][1087812][info ][gc,heap     ] GC(237) Survivor regions: 1->1(10)
[2025-08-28T13:06:02.317+0000][1087812][info ][gc,heap     ] GC(237) Old regions: 26->26
[2025-08-28T13:06:02.317+0000][1087812][info ][gc,heap     ] GC(237) Humongous regions: 0->0
[2025-08-28T13:06:02.317+0000][1087812][info ][gc,metaspace] GC(237) Metaspace: 144369K(148416K)->144369K(148416K) NonClass: 124855K(126976K)->124855K(126976K) Class: 19514K(21440K)->19514K(21440K)
[2025-08-28T13:06:02.317+0000][1087812][info ][gc          ] GC(237) Pause Young (Normal) (G1 Evacuation Pause) 401M->101M(512M) 1.708ms
[2025-08-28T13:06:02.317+0000][1087812][info ][gc,cpu      ] GC(237) User=0.01s Sys=0.00s Real=0.00s
[2025-08-28T13:06:02.317+0000][1087812][info ][safepoint   ] Safepoint "G1CollectForAllocation", Time since last: 1985202306 ns, Reaching safepoint: 65218 ns, Cleanup: 7130 ns, At safepoint: 1970541 ns, Total: 2042889 ns
[2025-08-28T13:06:03.318+0000][1087812][info ][safepoint   ] Safepoint "Cleanup", Time since last: 1000130447 ns, Reaching safepoint: 30947 ns, Cleanup: 18968 ns, At safepoint: 4076 ns, Total: 53991 ns
[2025-08-28T13:06:04.303+0000][1087812][info ][gc,start    ] GC(238) Pause Young (Normal) (G1 Evacuation Pause)
[2025-08-28T13:06:04.303+0000][1087812][info ][gc,task     ] GC(238) Using 12 workers of 33 for evacuation
[2025-08-28T13:06:04.303+0000][1087812][debug][gc,age      ] GC(238) Desired survivor size 20971520 bytes, new threshold 15 (max threshold 15)
[2025-08-28T13:06:04.304+0000][1087812][info ][gc,phases   ] GC(238)   Pre Evacuate Collection Set: 0.2ms
[2025-08-28T13:06:04.304+0000][1087812][info ][gc,phases   ] GC(238)   Merge Heap Roots: 0.1ms
[2025-08-28T13:06:04.304+0000][1087812][info ][gc,phases   ] GC(238)   Evacuate Collection Set: 0.7ms
[2025-08-28T13:06:04.304+0000][1087812][info ][gc,phases   ] GC(238)   Post Evacuate Collection Set: 0.3ms
[2025-08-28T13:06:04.304+0000][1087812][info ][gc,phases   ] GC(238)   Other: 0.1ms
[2025-08-28T13:06:04.304+0000][1087812][trace][gc,age      ] GC(238) Age table with threshold 15 (max threshold 15)
[2025-08-28T13:06:04.304+0000][1087812][trace][gc,age      ] GC(238) - age   1:     762424 bytes,     762424 total
[2025-08-28T13:06:04.304+0000][1087812][trace][gc,age      ] GC(238) - age   2:        240 bytes,     762664 total
[2025-08-28T13:06:04.304+0000][1087812][trace][gc,age      ] GC(238) - age   3:        536 bytes,     763200 total
[2025-08-28T13:06:04.304+0000][1087812][trace][gc,age      ] GC(238) - age   5:         32 bytes,     763232 total
[2025-08-28T13:06:04.304+0000][1087812][trace][gc,age      ] GC(238) - age   6:        216 bytes,     763448 total
[2025-08-28T13:06:04.304+0000][1087812][trace][gc,age      ] GC(238) - age   7:       2424 bytes,     765872 total
[2025-08-28T13:06:04.304+0000][1087812][trace][gc,age      ] GC(238) - age  11:         32 bytes,     765904 total
[2025-08-28T13:06:04.304+0000][1087812][trace][gc,age      ] GC(238) - age  12:       3640 bytes,     769544 total
[2025-08-28T13:06:04.304+0000][1087812][trace][gc,age      ] GC(238) - age  13:        400 bytes,     769944 total
[2025-08-28T13:06:04.304+0000][1087812][trace][gc,age      ] GC(238) - age  15:        224 bytes,     770168 total
[2025-08-28T13:06:04.304+0000][1087812][info ][gc,heap     ] GC(238) Eden regions: 75->0(75)
[2025-08-28T13:06:04.304+0000][1087812][info ][gc,heap     ] GC(238) Survivor regions: 1->1(10)
[2025-08-28T13:06:04.304+0000][1087812][info ][gc,heap     ] GC(238) Old regions: 26->26
[2025-08-28T13:06:04.304+0000][1087812][info ][gc,heap     ] GC(238) Humongous regions: 0->0
[2025-08-28T13:06:04.304+0000][1087812][info ][gc,metaspace] GC(238) Metaspace: 144369K(148416K)->144369K(148416K) NonClass: 124855K(126976K)->124855K(126976K) Class: 19514K(21440K)->19514K(21440K)
[2025-08-28T13:06:04.304+0000][1087812][info ][gc          ] GC(238) Pause Young (Normal) (G1 Evacuation Pause) 401M->101M(512M) 1.559ms
[2025-08-28T13:06:04.304+0000][1087812][info ][gc,cpu      ] GC(238) User=0.01s Sys=0.01s Real=0.00s
[2025-08-28T13:06:04.304+0000][1087812][info ][safepoint   ] Safepoint "G1CollectForAllocation", Time since last: 985082074 ns, Reaching safepoint: 31498 ns, Cleanup: 7641 ns, At safepoint: 1711662 ns, Total: 1750801 ns
[2025-08-28T13:06:06.291+0000][1087812][info ][gc,start    ] GC(239) Pause Young (Normal) (G1 Evacuation Pause)
[2025-08-28T13:06:06.291+0000][1087812][info ][gc,task     ] GC(239) Using 12 workers of 33 for evacuation
[2025-08-28T13:06:06.291+0000][1087812][debug][gc,age      ] GC(239) Desired survivor size 20971520 bytes, new threshold 15 (max threshold 15)
[2025-08-28T13:06:06.292+0000][1087812][info ][gc,phases   ] GC(239)   Pre Evacuate Collection Set: 0.2ms
[2025-08-28T13:06:06.292+0000][1087812][info ][gc,phases   ] GC(239)   Merge Heap Roots: 0.1ms
[2025-08-28T13:06:06.292+0000][1087812][info ][gc,phases   ] GC(239)   Evacuate Collection Set: 0.8ms
[2025-08-28T13:06:06.292+0000][1087812][info ][gc,phases   ] GC(239)   Post Evacuate Collection Set: 0.4ms
[2025-08-28T13:06:06.292+0000][1087812][info ][gc,phases   ] GC(239)   Other: 0.1ms
[2025-08-28T13:06:06.292+0000][1087812][trace][gc,age      ] GC(239) Age table with threshold 15 (max threshold 15)
[2025-08-28T13:06:06.292+0000][1087812][trace][gc,age      ] GC(239) - age   1:    1070624 bytes,    1070624 total
[2025-08-28T13:06:06.292+0000][1087812][trace][gc,age      ] GC(239) - age   2:       8064 bytes,    1078688 total
[2025-08-28T13:06:06.292+0000][1087812][trace][gc,age      ] GC(239) - age   3:        240 bytes,    1078928 total
[2025-08-28T13:06:06.292+0000][1087812][trace][gc,age      ] GC(239) - age   6:         32 bytes,    1078960 total
[2025-08-28T13:06:06.292+0000][1087812][trace][gc,age      ] GC(239) - age   7:        216 bytes,    1079176 total
[2025-08-28T13:06:06.292+0000][1087812][trace][gc,age      ] GC(239) - age   8:       2424 bytes,    1081600 total
[2025-08-28T13:06:06.292+0000][1087812][trace][gc,age      ] GC(239) - age  12:         32 bytes,    1081632 total
[2025-08-28T13:06:06.292+0000][1087812][trace][gc,age      ] GC(239) - age  13:       3640 bytes,    1085272 total
[2025-08-28T13:06:06.292+0000][1087812][trace][gc,age      ] GC(239) - age  14:        400 bytes,    1085672 total
[2025-08-28T13:06:06.292+0000][1087812][info ][gc,heap     ] GC(239) Eden regions: 75->0(75)
[2025-08-28T13:06:06.292+0000][1087812][info ][gc,heap     ] GC(239) Survivor regions: 1->1(10)
[2025-08-28T13:06:06.292+0000][1087812][info ][gc,heap     ] GC(239) Old regions: 26->26
[2025-08-28T13:06:06.292+0000][1087812][info ][gc,heap     ] GC(239) Humongous regions: 0->0
[2025-08-28T13:06:06.292+0000][1087812][info ][gc,metaspace] GC(239) Metaspace: 144370K(148416K)->144370K(148416K) NonClass: 124856K(126976K)->124856K(126976K) Class: 19514K(21440K)->19514K(21440K)
[2025-08-28T13:06:06.292+0000][1087812][info ][gc          ] GC(239) Pause Young (Normal) (G1 Evacuation Pause) 401M->101M(512M) 1.683ms
[2025-08-28T13:06:06.292+0000][1087812][info ][gc,cpu      ] GC(239) User=0.00s Sys=0.00s Real=0.01s
[2025-08-28T13:06:06.292+0000][1087812][info ][safepoint   ] Safepoint "G1CollectForAllocation", Time since last: 1985916519 ns, Reaching safepoint: 30646 ns, Cleanup: 6951 ns, At safepoint: 1841407 ns, Total: 1879004 ns
[2025-08-28T13:06:07.293+0000][1087812][info ][safepoint   ] Safepoint "Cleanup", Time since last: 1000106951 ns, Reaching safepoint: 95804 ns, Cleanup: 18588 ns, At safepoint: 6931 ns, Total: 121323 ns
[2025-08-28T13:06:08.289+0000][1087812][info ][gc,start    ] GC(240) Pause Young (Normal) (G1 Evacuation Pause)
[2025-08-28T13:06:08.290+0000][1087812][info ][gc,task     ] GC(240) Using 12 workers of 33 for evacuation
[2025-08-28T13:06:08.290+0000][1087812][debug][gc,age      ] GC(240) Desired survivor size 20971520 bytes, new threshold 15 (max threshold 15)
[2025-08-28T13:06:08.291+0000][1087812][info ][gc,phases   ] GC(240)   Pre Evacuate Collection Set: 0.2ms
[2025-08-28T13:06:08.291+0000][1087812][info ][gc,phases   ] GC(240)   Merge Heap Roots: 0.1ms
[2025-08-28T13:06:08.291+0000][1087812][info ][gc,phases   ] GC(240)   Evacuate Collection Set: 0.9ms
[2025-08-28T13:06:08.291+0000][1087812][info ][gc,phases   ] GC(240)   Post Evacuate Collection Set: 0.3ms
[2025-08-28T13:06:08.291+0000][1087812][info ][gc,phases   ] GC(240)   Other: 0.1ms
[2025-08-28T13:06:08.291+0000][1087812][trace][gc,age      ] GC(240) Age table with threshold 15 (max threshold 15)
[2025-08-28T13:06:08.291+0000][1087812][trace][gc,age      ] GC(240) - age   1:    1258448 bytes,    1258448 total
[2025-08-28T13:06:08.291+0000][1087812][trace][gc,age      ] GC(240) - age   2:        536 bytes,    1258984 total
[2025-08-28T13:06:08.291+0000][1087812][trace][gc,age      ] GC(240) - age   3:       8064 bytes,    1267048 total
[2025-08-28T13:06:08.291+0000][1087812][trace][gc,age      ] GC(240) - age   4:        240 bytes,    1267288 total
[2025-08-28T13:06:08.291+0000][1087812][trace][gc,age      ] GC(240) - age   7:         32 bytes,    1267320 total
[2025-08-28T13:06:08.291+0000][1087812][trace][gc,age      ] GC(240) - age   8:        216 bytes,    1267536 total
[2025-08-28T13:06:08.291+0000][1087812][trace][gc,age      ] GC(240) - age   9:       2424 bytes,    1269960 total
[2025-08-28T13:06:08.291+0000][1087812][trace][gc,age      ] GC(240) - age  13:         32 bytes,    1269992 total
[2025-08-28T13:06:08.291+0000][1087812][trace][gc,age      ] GC(240) - age  14:       3640 bytes,    1273632 total
[2025-08-28T13:06:08.291+0000][1087812][trace][gc,age      ] GC(240) - age  15:        400 bytes,    1274032 total
[2025-08-28T13:06:08.291+0000][1087812][info ][gc,heap     ] GC(240) Eden regions: 75->0(75)
[2025-08-28T13:06:08.291+0000][1087812][info ][gc,heap     ] GC(240) Survivor regions: 1->1(10)
[2025-08-28T13:06:08.291+0000][1087812][info ][gc,heap     ] GC(240) Old regions: 26->26
[2025-08-28T13:06:08.291+0000][1087812][info ][gc,heap     ] GC(240) Humongous regions: 0->0
[2025-08-28T13:06:08.291+0000][1087812][info ][gc,metaspace] GC(240) Metaspace: 144370K(148416K)->144370K(148416K) NonClass: 124856K(126976K)->124856K(126976K) Class: 19514K(21440K)->19514K(21440K)
[2025-08-28T13:06:08.291+0000][1087812][info ][gc          ] GC(240) Pause Young (Normal) (G1 Evacuation Pause) 401M->101M(512M) 1.719ms
[2025-08-28T13:06:08.291+0000][1087812][info ][gc,cpu      ] GC(240) User=0.01s Sys=0.01s Real=0.01s
[2025-08-28T13:06:08.291+0000][1087812][info ][safepoint   ] Safepoint "G1CollectForAllocation", Time since last: 996816366 ns, Reaching safepoint: 30917 ns, Cleanup: 7331 ns, At safepoint: 1953776 ns, Total: 1992024 ns
[2025-08-28T13:06:10.277+0000][1087812][info ][gc,start    ] GC(241) Pause Young (Normal) (G1 Evacuation Pause)
[2025-08-28T13:06:10.277+0000][1087812][info ][gc,task     ] GC(241) Using 12 workers of 33 for evacuation
[2025-08-28T13:06:10.277+0000][1087812][debug][gc,age      ] GC(241) Desired survivor size 20971520 bytes, new threshold 15 (max threshold 15)
[2025-08-28T13:06:10.278+0000][1087812][info ][gc,phases   ] GC(241)   Pre Evacuate Collection Set: 0.2ms
[2025-08-28T13:06:10.278+0000][1087812][info ][gc,phases   ] GC(241)   Merge Heap Roots: 0.1ms
[2025-08-28T13:06:10.278+0000][1087812][info ][gc,phases   ] GC(241)   Evacuate Collection Set: 0.9ms
[2025-08-28T13:06:10.278+0000][1087812][info ][gc,phases   ] GC(241)   Post Evacuate Collection Set: 0.3ms
[2025-08-28T13:06:10.279+0000][1087812][info ][gc,phases   ] GC(241)   Other: 0.0ms
[2025-08-28T13:06:10.279+0000][1087812][trace][gc,age      ] GC(241) Age table with threshold 15 (max threshold 15)
[2025-08-28T13:06:10.279+0000][1087812][trace][gc,age      ] GC(241) - age   1:    1210072 bytes,    1210072 total
[2025-08-28T13:06:10.279+0000][1087812][trace][gc,age      ] GC(241) - age   4:       7888 bytes,    1217960 total
[2025-08-28T13:06:10.279+0000][1087812][trace][gc,age      ] GC(241) - age   5:        240 bytes,    1218200 total
[2025-08-28T13:06:10.279+0000][1087812][trace][gc,age      ] GC(241) - age   8:         32 bytes,    1218232 total
[2025-08-28T13:06:10.279+0000][1087812][trace][gc,age      ] GC(241) - age   9:        216 bytes,    1218448 total
[2025-08-28T13:06:10.279+0000][1087812][trace][gc,age      ] GC(241) - age  10:       2424 bytes,    1220872 total
[2025-08-28T13:06:10.279+0000][1087812][trace][gc,age      ] GC(241) - age  14:         32 bytes,    1220904 total
[2025-08-28T13:06:10.279+0000][1087812][trace][gc,age      ] GC(241) - age  15:       3456 bytes,    1224360 total
[2025-08-28T13:06:10.279+0000][1087812][info ][gc,heap     ] GC(241) Eden regions: 75->0(75)
[2025-08-28T13:06:10.279+0000][1087812][info ][gc,heap     ] GC(241) Survivor regions: 1->1(10)
[2025-08-28T13:06:10.279+0000][1087812][info ][gc,heap     ] GC(241) Old regions: 26->26
[2025-08-28T13:06:10.279+0000][1087812][info ][gc,heap     ] GC(241) Humongous regions: 0->0
[2025-08-28T13:06:10.279+0000][1087812][info ][gc,metaspace] GC(241) Metaspace: 144370K(148416K)->144370K(148416K) NonClass: 124856K(126976K)->124856K(126976K) Class: 19514K(21440K)->19514K(21440K)
[2025-08-28T13:06:10.279+0000][1087812][info ][gc          ] GC(241) Pause Young (Normal) (G1 Evacuation Pause) 401M->101M(512M) 1.665ms
[2025-08-28T13:06:10.279+0000][1087812][info ][gc,cpu      ] GC(241) User=0.01s Sys=0.01s Real=0.00s
[2025-08-28T13:06:10.279+0000][1087812][info ][safepoint   ] Safepoint "G1CollectForAllocation", Time since last: 1985487975 ns, Reaching safepoint: 23074 ns, Cleanup: 4277 ns, At safepoint: 1782759 ns, Total: 1810110 ns
[2025-08-28T13:06:12.278+0000][1087812][info ][gc,start    ] GC(242) Pause Young (Normal) (G1 Evacuation Pause)
[2025-08-28T13:06:12.278+0000][1087812][info ][gc,task     ] GC(242) Using 12 workers of 33 for evacuation
[2025-08-28T13:06:12.278+0000][1087812][debug][gc,age      ] GC(242) Desired survivor size 20971520 bytes, new threshold 15 (max threshold 15)
[2025-08-28T13:06:12.279+0000][1087812][info ][gc,phases   ] GC(242)   Pre Evacuate Collection Set: 0.2ms
[2025-08-28T13:06:12.279+0000][1087812][info ][gc,phases   ] GC(242)   Merge Heap Roots: 0.1ms
[2025-08-28T13:06:12.279+0000][1087812][info ][gc,phases   ] GC(242)   Evacuate Collection Set: 0.8ms
[2025-08-28T13:06:12.279+0000][1087812][info ][gc,phases   ] GC(242)   Post Evacuate Collection Set: 0.3ms
[2025-08-28T13:06:12.279+0000][1087812][info ][gc,phases   ] GC(242)   Other: 0.1ms
[2025-08-28T13:06:12.279+0000][1087812][trace][gc,age      ] GC(242) Age table with threshold 15 (max threshold 15)
[2025-08-28T13:06:12.279+0000][1087812][trace][gc,age      ] GC(242) - age   1:    1203160 bytes,    1203160 total
[2025-08-28T13:06:12.279+0000][1087812][trace][gc,age      ] GC(242) - age   2:       1112 bytes,    1204272 total
[2025-08-28T13:06:12.279+0000][1087812][trace][gc,age      ] GC(242) - age   5:       7888 bytes,    1212160 total
[2025-08-28T13:06:12.279+0000][1087812][trace][gc,age      ] GC(242) - age   9:         32 bytes,    1212192 total
[2025-08-28T13:06:12.279+0000][1087812][trace][gc,age      ] GC(242) - age  10:        216 bytes,    1212408 total
[2025-08-28T13:06:12.279+0000][1087812][trace][gc,age      ] GC(242) - age  11:       2200 bytes,    1214608 total
[2025-08-28T13:06:12.279+0000][1087812][trace][gc,age      ] GC(242) - age  15:         32 bytes,    1214640 total
[2025-08-28T13:06:12.279+0000][1087812][info ][gc,heap     ] GC(242) Eden regions: 75->0(75)
[2025-08-28T13:06:12.279+0000][1087812][info ][gc,heap     ] GC(242) Survivor regions: 1->1(10)
[2025-08-28T13:06:12.279+0000][1087812][info ][gc,heap     ] GC(242) Old regions: 26->26
[2025-08-28T13:06:12.279+0000][1087812][info ][gc,heap     ] GC(242) Humongous regions: 0->0
[2025-08-28T13:06:12.279+0000][1087812][info ][gc,metaspace] GC(242) Metaspace: 144370K(148416K)->144370K(148416K) NonClass: 124856K(126976K)->124856K(126976K) Class: 19514K(21440K)->19514K(21440K)
[2025-08-28T13:06:12.279+0000][1087812][info ][gc          ] GC(242) Pause Young (Normal) (G1 Evacuation Pause) 401M->101M(512M) 1.454ms
[2025-08-28T13:06:12.279+0000][1087812][info ][gc,cpu      ] GC(242) User=0.01s Sys=0.00s Real=0.00s
[2025-08-28T13:06:12.279+0000][1087812][info ][safepoint   ] Safepoint "G1CollectForAllocation", Time since last: 1999236574 ns, Reaching safepoint: 39680 ns, Cleanup: 3746 ns, At safepoint: 1510770 ns, Total: 1554196 ns
[2025-08-28T13:06:14.289+0000][1087812][info ][gc,start    ] GC(243) Pause Young (Normal) (G1 Evacuation Pause)
[2025-08-28T13:06:14.290+0000][1087812][info ][gc,task     ] GC(243) Using 12 workers of 33 for evacuation
[2025-08-28T13:06:14.290+0000][1087812][debug][gc,age      ] GC(243) Desired survivor size 20971520 bytes, new threshold 15 (max threshold 15)
[2025-08-28T13:06:14.291+0000][1087812][info ][gc,phases   ] GC(243)   Pre Evacuate Collection Set: 0.2ms
[2025-08-28T13:06:14.291+0000][1087812][info ][gc,phases   ] GC(243)   Merge Heap Roots: 0.1ms
[2025-08-28T13:06:14.291+0000][1087812][info ][gc,phases   ] GC(243)   Evacuate Collection Set: 1.1ms
[2025-08-28T13:06:14.291+0000][1087812][info ][gc,phases   ] GC(243)   Post Evacuate Collection Set: 0.3ms
[2025-08-28T13:06:14.291+0000][1087812][info ][gc,phases   ] GC(243)   Other: 0.1ms
[2025-08-28T13:06:14.291+0000][1087812][trace][gc,age      ] GC(243) Age table with threshold 15 (max threshold 15)
[2025-08-28T13:06:14.291+0000][1087812][trace][gc,age      ] GC(243) - age   1:    1126640 bytes,    1126640 total
[2025-08-28T13:06:14.291+0000][1087812][trace][gc,age      ] GC(243) - age   2:        464 bytes,    1127104 total
[2025-08-28T13:06:14.291+0000][1087812][trace][gc,age      ] GC(243) - age   3:        936 bytes,    1128040 total
[2025-08-28T13:06:14.291+0000][1087812][trace][gc,age      ] GC(243) - age   6:       7888 bytes,    1135928 total
[2025-08-28T13:06:14.291+0000][1087812][trace][gc,age      ] GC(243) - age  10:         32 bytes,    1135960 total
[2025-08-28T13:06:14.291+0000][1087812][trace][gc,age      ] GC(243) - age  11:        216 bytes,    1136176 total
[2025-08-28T13:06:14.291+0000][1087812][trace][gc,age      ] GC(243) - age  12:       2200 bytes,    1138376 total
[2025-08-28T13:06:14.291+0000][1087812][info ][gc,heap     ] GC(243) Eden regions: 75->0(75)
[2025-08-28T13:06:14.291+0000][1087812][info ][gc,heap     ] GC(243) Survivor regions: 1->1(10)
[2025-08-28T13:06:14.291+0000][1087812][info ][gc,heap     ] GC(243) Old regions: 26->26
[2025-08-28T13:06:14.291+0000][1087812][info ][gc,heap     ] GC(243) Humongous regions: 0->0
[2025-08-28T13:06:14.291+0000][1087812][info ][gc,metaspace] GC(243) Metaspace: 144371K(148416K)->144371K(148416K) NonClass: 124857K(126976K)->124857K(126976K) Class: 19514K(21440K)->19514K(21440K)
[2025-08-28T13:06:14.291+0000][1087812][info ][gc          ] GC(243) Pause Young (Normal) (G1 Evacuation Pause) 401M->101M(512M) 1.891ms
[2025-08-28T13:06:14.291+0000][1087812][info ][gc,cpu      ] GC(243) User=0.00s Sys=0.01s Real=0.01s
[2025-08-28T13:06:14.291+0000][1087812][info ][safepoint   ] Safepoint "G1CollectForAllocation", Time since last: 2009901480 ns, Reaching safepoint: 89295 ns, Cleanup: 3114 ns, At safepoint: 2003110 ns, Total: 2095519 ns
[2025-08-28T13:06:16.278+0000][1087812][info ][gc,start    ] GC(244) Pause Young (Normal) (G1 Evacuation Pause)
[2025-08-28T13:06:16.278+0000][1087812][info ][gc,task     ] GC(244) Using 12 workers of 33 for evacuation
[2025-08-28T13:06:16.278+0000][1087812][debug][gc,age      ] GC(244) Desired survivor size 20971520 bytes, new threshold 15 (max threshold 15)
[2025-08-28T13:06:16.280+0000][1087812][info ][gc,phases   ] GC(244)   Pre Evacuate Collection Set: 0.2ms
[2025-08-28T13:06:16.280+0000][1087812][info ][gc,phases   ] GC(244)   Merge Heap Roots: 0.1ms
[2025-08-28T13:06:16.280+0000][1087812][info ][gc,phases   ] GC(244)   Evacuate Collection Set: 1.0ms
[2025-08-28T13:06:16.280+0000][1087812][info ][gc,phases   ] GC(244)   Post Evacuate Collection Set: 0.3ms
[2025-08-28T13:06:16.280+0000][1087812][info ][gc,phases   ] GC(244)   Other: 0.0ms
[2025-08-28T13:06:16.280+0000][1087812][trace][gc,age      ] GC(244) Age table with threshold 15 (max threshold 15)
[2025-08-28T13:06:16.280+0000][1087812][trace][gc,age      ] GC(244) - age   1:     856368 bytes,     856368 total
[2025-08-28T13:06:16.280+0000][1087812][trace][gc,age      ] GC(244) - age   2:        208 bytes,     856576 total
[2025-08-28T13:06:16.280+0000][1087812][trace][gc,age      ] GC(244) - age   3:        464 bytes,     857040 total
[2025-08-28T13:06:16.280+0000][1087812][trace][gc,age      ] GC(244) - age   4:        400 bytes,     857440 total
[2025-08-28T13:06:16.280+0000][1087812][trace][gc,age      ] GC(244) - age   7:       7888 bytes,     865328 total
[2025-08-28T13:06:16.280+0000][1087812][trace][gc,age      ] GC(244) - age  11:         32 bytes,     865360 total
[2025-08-28T13:06:16.280+0000][1087812][trace][gc,age      ] GC(244) - age  12:        216 bytes,     865576 total
[2025-08-28T13:06:16.280+0000][1087812][trace][gc,age      ] GC(244) - age  13:       2200 bytes,     867776 total
[2025-08-28T13:06:16.280+0000][1087812][info ][gc,heap     ] GC(244) Eden regions: 75->0(75)
[2025-08-28T13:06:16.280+0000][1087812][info ][gc,heap     ] GC(244) Survivor regions: 1->1(10)
[2025-08-28T13:06:16.280+0000][1087812][info ][gc,heap     ] GC(244) Old regions: 26->26
[2025-08-28T13:06:16.280+0000][1087812][info ][gc,heap     ] GC(244) Humongous regions: 0->0
[2025-08-28T13:06:16.280+0000][1087812][info ][gc,metaspace] GC(244) Metaspace: 144371K(148416K)->144371K(148416K) NonClass: 124857K(126976K)->124857K(126976K) Class: 19514K(21440K)->19514K(21440K)
[2025-08-28T13:06:16.280+0000][1087812][info ][gc          ] GC(244) Pause Young (Normal) (G1 Evacuation Pause) 401M->101M(512M) 1.753ms
[2025-08-28T13:06:16.280+0000][1087812][info ][gc,cpu      ] GC(244) User=0.01s Sys=0.00s Real=0.00s
[2025-08-28T13:06:16.280+0000][1087812][info ][safepoint   ] Safepoint "G1CollectForAllocation", Time since last: 1986435840 ns, Reaching safepoint: 23114 ns, Cleanup: 4467 ns, At safepoint: 1869259 ns, Total: 1896840 ns
[2025-08-28T13:06:18.244+0000][1087812][info ][gc,start    ] GC(245) Pause Young (Normal) (G1 Evacuation Pause)
[2025-08-28T13:06:18.244+0000][1087812][info ][gc,task     ] GC(245) Using 12 workers of 33 for evacuation
[2025-08-28T13:06:18.244+0000][1087812][debug][gc,age      ] GC(245) Desired survivor size 20971520 bytes, new threshold 15 (max threshold 15)
[2025-08-28T13:06:18.246+0000][1087812][info ][gc,phases   ] GC(245)   Pre Evacuate Collection Set: 0.2ms
[2025-08-28T13:06:18.246+0000][1087812][info ][gc,phases   ] GC(245)   Merge Heap Roots: 0.1ms
[2025-08-28T13:06:18.246+0000][1087812][info ][gc,phases   ] GC(245)   Evacuate Collection Set: 1.1ms
[2025-08-28T13:06:18.246+0000][1087812][info ][gc,phases   ] GC(245)   Post Evacuate Collection Set: 0.4ms
[2025-08-28T13:06:18.246+0000][1087812][info ][gc,phases   ] GC(245)   Other: 0.1ms
[2025-08-28T13:06:18.246+0000][1087812][trace][gc,age      ] GC(245) Age table with threshold 15 (max threshold 15)
[2025-08-28T13:06:18.246+0000][1087812][trace][gc,age      ] GC(245) - age   1:    1102360 bytes,    1102360 total
[2025-08-28T13:06:18.246+0000][1087812][trace][gc,age      ] GC(245) - age   2:       2560 bytes,    1104920 total
[2025-08-28T13:06:18.246+0000][1087812][trace][gc,age      ] GC(245) - age   3:        176 bytes,    1105096 total
[2025-08-28T13:06:18.246+0000][1087812][trace][gc,age      ] GC(245) - age   4:        464 bytes,    1105560 total
[2025-08-28T13:06:18.246+0000][1087812][trace][gc,age      ] GC(245) - age   5:        400 bytes,    1105960 total
[2025-08-28T13:06:18.246+0000][1087812][trace][gc,age      ] GC(245) - age   8:       7888 bytes,    1113848 total
[2025-08-28T13:06:18.246+0000][1087812][trace][gc,age      ] GC(245) - age  12:         32 bytes,    1113880 total
[2025-08-28T13:06:18.246+0000][1087812][trace][gc,age      ] GC(245) - age  13:        216 bytes,    1114096 total
[2025-08-28T13:06:18.246+0000][1087812][trace][gc,age      ] GC(245) - age  14:       2200 bytes,    1116296 total
[2025-08-28T13:06:18.246+0000][1087812][info ][gc,heap     ] GC(245) Eden regions: 75->0(75)
[2025-08-28T13:06:18.246+0000][1087812][info ][gc,heap     ] GC(245) Survivor regions: 1->1(10)
[2025-08-28T13:06:18.246+0000][1087812][info ][gc,heap     ] GC(245) Old regions: 26->26
[2025-08-28T13:06:18.246+0000][1087812][info ][gc,heap     ] GC(245) Humongous regions: 0->0
[2025-08-28T13:06:18.246+0000][1087812][info ][gc,metaspace] GC(245) Metaspace: 144371K(148416K)->144371K(148416K) NonClass: 124857K(126976K)->124857K(126976K) Class: 19514K(21440K)->19514K(21440K)
[2025-08-28T13:06:18.246+0000][1087812][info ][gc          ] GC(245) Pause Young (Normal) (G1 Evacuation Pause) 401M->101M(512M) 1.946ms
[2025-08-28T13:06:18.246+0000][1087812][info ][gc,cpu      ] GC(245) User=0.01s Sys=0.00s Real=0.00s
[2025-08-28T13:06:18.246+0000][1087812][info ][safepoint   ] Safepoint "G1CollectForAllocation", Time since last: 1964363371 ns, Reaching safepoint: 51157 ns, Cleanup: 3886 ns, At safepoint: 2053586 ns, Total: 2108629 ns
[2025-08-28T13:06:20.244+0000][1087812][info ][gc,start    ] GC(246) Pause Young (Normal) (G1 Evacuation Pause)
[2025-08-28T13:06:20.244+0000][1087812][info ][gc,task     ] GC(246) Using 12 workers of 33 for evacuation
[2025-08-28T13:06:20.244+0000][1087812][debug][gc,age      ] GC(246) Desired survivor size 20971520 bytes, new threshold 15 (max threshold 15)
[2025-08-28T13:06:20.246+0000][1087812][info ][gc,phases   ] GC(246)   Pre Evacuate Collection Set: 0.2ms
[2025-08-28T13:06:20.246+0000][1087812][info ][gc,phases   ] GC(246)   Merge Heap Roots: 0.1ms
[2025-08-28T13:06:20.246+0000][1087812][info ][gc,phases   ] GC(246)   Evacuate Collection Set: 0.8ms
[2025-08-28T13:06:20.246+0000][1087812][info ][gc,phases   ] GC(246)   Post Evacuate Collection Set: 0.4ms
[2025-08-28T13:06:20.246+0000][1087812][info ][gc,phases   ] GC(246)   Other: 0.0ms
[2025-08-28T13:06:20.246+0000][1087812][trace][gc,age      ] GC(246) Age table with threshold 15 (max threshold 15)
[2025-08-28T13:06:20.246+0000][1087812][trace][gc,age      ] GC(246) - age   1:    1054000 bytes,    1054000 total
[2025-08-28T13:06:20.246+0000][1087812][trace][gc,age      ] GC(246) - age   2:      10720 bytes,    1064720 total
[2025-08-28T13:06:20.246+0000][1087812][trace][gc,age      ] GC(246) - age   3:       2024 bytes,    1066744 total
[2025-08-28T13:06:20.246+0000][1087812][trace][gc,age      ] GC(246) - age   5:        464 bytes,    1067208 total
[2025-08-28T13:06:20.246+0000][1087812][trace][gc,age      ] GC(246) - age   6:        400 bytes,    1067608 total
[2025-08-28T13:06:20.246+0000][1087812][trace][gc,age      ] GC(246) - age   9:       7888 bytes,    1075496 total
[2025-08-28T13:06:20.246+0000][1087812][trace][gc,age      ] GC(246) - age  13:         32 bytes,    1075528 total
[2025-08-28T13:06:20.246+0000][1087812][trace][gc,age      ] GC(246) - age  14:        216 bytes,    1075744 total
[2025-08-28T13:06:20.246+0000][1087812][trace][gc,age      ] GC(246) - age  15:       2200 bytes,    1077944 total
[2025-08-28T13:06:20.246+0000][1087812][info ][gc,heap     ] GC(246) Eden regions: 75->0(75)
[2025-08-28T13:06:20.246+0000][1087812][info ][gc,heap     ] GC(246) Survivor regions: 1->1(10)
[2025-08-28T13:06:20.246+0000][1087812][info ][gc,heap     ] GC(246) Old regions: 26->26
[2025-08-28T13:06:20.246+0000][1087812][info ][gc,heap     ] GC(246) Humongous regions: 0->0
[2025-08-28T13:06:20.246+0000][1087812][info ][gc,metaspace] GC(246) Metaspace: 144371K(148416K)->144371K(148416K) NonClass: 124857K(126976K)->124857K(126976K) Class: 19514K(21440K)->19514K(21440K)
[2025-08-28T13:06:20.246+0000][1087812][info ][gc          ] GC(246) Pause Young (Normal) (G1 Evacuation Pause) 401M->101M(512M) 1.662ms
[2025-08-28T13:06:20.246+0000][1087812][info ][gc,cpu      ] GC(246) User=0.01s Sys=0.00s Real=0.00s
[2025-08-28T13:06:20.246+0000][1087812][info ][safepoint   ] Safepoint "G1CollectForAllocation", Time since last: 1997788238 ns, Reaching safepoint: 22454 ns, Cleanup: 4036 ns, At safepoint: 1773926 ns, Total: 1800416 ns
[2025-08-28T13:06:22.243+0000][1087812][info ][gc,start    ] GC(247) Pause Young (Normal) (G1 Evacuation Pause)
[2025-08-28T13:06:22.243+0000][1087812][info ][gc,task     ] GC(247) Using 12 workers of 33 for evacuation
[2025-08-28T13:06:22.243+0000][1087812][debug][gc,age      ] GC(247) Desired survivor size 20971520 bytes, new threshold 15 (max threshold 15)
[2025-08-28T13:06:22.245+0000][1087812][info ][gc,phases   ] GC(247)   Pre Evacuate Collection Set: 0.2ms
[2025-08-28T13:06:22.245+0000][1087812][info ][gc,phases   ] GC(247)   Merge Heap Roots: 0.1ms
[2025-08-28T13:06:22.245+0000][1087812][info ][gc,phases   ] GC(247)   Evacuate Collection Set: 1.2ms
[2025-08-28T13:06:22.245+0000][1087812][info ][gc,phases   ] GC(247)   Post Evacuate Collection Set: 0.4ms
[2025-08-28T13:06:22.245+0000][1087812][info ][gc,phases   ] GC(247)   Other: 0.0ms
[2025-08-28T13:06:22.245+0000][1087812][trace][gc,age      ] GC(247) Age table with threshold 15 (max threshold 15)
[2025-08-28T13:06:22.245+0000][1087812][trace][gc,age      ] GC(247) - age   1:    1292464 bytes,    1292464 total
[2025-08-28T13:06:22.245+0000][1087812][trace][gc,age      ] GC(247) - age   2:        712 bytes,    1293176 total
[2025-08-28T13:06:22.245+0000][1087812][trace][gc,age      ] GC(247) - age   3:      10720 bytes,    1303896 total
[2025-08-28T13:06:22.245+0000][1087812][trace][gc,age      ] GC(247) - age   4:       2024 bytes,    1305920 total
[2025-08-28T13:06:22.245+0000][1087812][trace][gc,age      ] GC(247) - age   6:        224 bytes,    1306144 total
[2025-08-28T13:06:22.245+0000][1087812][trace][gc,age      ] GC(247) - age   7:        400 bytes,    1306544 total
[2025-08-28T13:06:22.245+0000][1087812][trace][gc,age      ] GC(247) - age  10:       7888 bytes,    1314432 total
[2025-08-28T13:06:22.245+0000][1087812][trace][gc,age      ] GC(247) - age  14:         32 bytes,    1314464 total
[2025-08-28T13:06:22.245+0000][1087812][trace][gc,age      ] GC(247) - age  15:        216 bytes,    1314680 total
[2025-08-28T13:06:22.245+0000][1087812][info ][gc,heap     ] GC(247) Eden regions: 75->0(75)
[2025-08-28T13:06:22.245+0000][1087812][info ][gc,heap     ] GC(247) Survivor regions: 1->1(10)
[2025-08-28T13:06:22.245+0000][1087812][info ][gc,heap     ] GC(247) Old regions: 26->26
[2025-08-28T13:06:22.245+0000][1087812][info ][gc,heap     ] GC(247) Humongous regions: 0->0
[2025-08-28T13:06:22.245+0000][1087812][info ][gc,metaspace] GC(247) Metaspace: 144371K(148416K)->144371K(148416K) NonClass: 124857K(126976K)->124857K(126976K) Class: 19514K(21440K)->19514K(21440K)
[2025-08-28T13:06:22.245+0000][1087812][info ][gc          ] GC(247) Pause Young (Normal) (G1 Evacuation Pause) 401M->101M(512M) 2.083ms
[2025-08-28T13:06:22.245+0000][1087812][info ][gc,cpu      ] GC(247) User=0.01s Sys=0.01s Real=0.00s
[2025-08-28T13:06:22.245+0000][1087812][info ][safepoint   ] Safepoint "G1CollectForAllocation", Time since last: 1997185722 ns, Reaching safepoint: 22234 ns, Cleanup: 36324 ns, At safepoint: 2192876 ns, Total: 2251434 ns
[2025-08-28T13:06:24.231+0000][1087812][info ][gc,start    ] GC(248) Pause Young (Normal) (G1 Evacuation Pause)
[2025-08-28T13:06:24.231+0000][1087812][info ][gc,task     ] GC(248) Using 12 workers of 33 for evacuation
[2025-08-28T13:06:24.231+0000][1087812][debug][gc,age      ] GC(248) Desired survivor size 20971520 bytes, new threshold 15 (max threshold 15)
[2025-08-28T13:06:24.232+0000][1087812][info ][gc,phases   ] GC(248)   Pre Evacuate Collection Set: 0.2ms
[2025-08-28T13:06:24.232+0000][1087812][info ][gc,phases   ] GC(248)   Merge Heap Roots: 0.1ms
[2025-08-28T13:06:24.232+0000][1087812][info ][gc,phases   ] GC(248)   Evacuate Collection Set: 0.9ms
[2025-08-28T13:06:24.232+0000][1087812][info ][gc,phases   ] GC(248)   Post Evacuate Collection Set: 0.4ms
[2025-08-28T13:06:24.232+0000][1087812][info ][gc,phases   ] GC(248)   Other: 0.1ms
[2025-08-28T13:06:24.232+0000][1087812][trace][gc,age      ] GC(248) Age table with threshold 15 (max threshold 15)
[2025-08-28T13:06:24.232+0000][1087812][trace][gc,age      ] GC(248) - age   1:    1243736 bytes,    1243736 total
[2025-08-28T13:06:24.232+0000][1087812][trace][gc,age      ] GC(248) - age   2:        936 bytes,    1244672 total
[2025-08-28T13:06:24.232+0000][1087812][trace][gc,age      ] GC(248) - age   3:        712 bytes,    1245384 total
[2025-08-28T13:06:24.232+0000][1087812][trace][gc,age      ] GC(248) - age   4:      10688 bytes,    1256072 total
[2025-08-28T13:06:24.232+0000][1087812][trace][gc,age      ] GC(248) - age   5:       2024 bytes,    1258096 total
[2025-08-28T13:06:24.232+0000][1087812][trace][gc,age      ] GC(248) - age   7:        224 bytes,    1258320 total
[2025-08-28T13:06:24.232+0000][1087812][trace][gc,age      ] GC(248) - age   8:        400 bytes,    1258720 total
[2025-08-28T13:06:24.232+0000][1087812][trace][gc,age      ] GC(248) - age  11:       7856 bytes,    1266576 total
[2025-08-28T13:06:24.232+0000][1087812][trace][gc,age      ] GC(248) - age  15:         32 bytes,    1266608 total
[2025-08-28T13:06:24.232+0000][1087812][info ][gc,heap     ] GC(248) Eden regions: 75->0(75)
[2025-08-28T13:06:24.232+0000][1087812][info ][gc,heap     ] GC(248) Survivor regions: 1->1(10)
[2025-08-28T13:06:24.232+0000][1087812][info ][gc,heap     ] GC(248) Old regions: 26->26
[2025-08-28T13:06:24.232+0000][1087812][info ][gc,heap     ] GC(248) Humongous regions: 0->0
[2025-08-28T13:06:24.232+0000][1087812][info ][gc,metaspace] GC(248) Metaspace: 144371K(148416K)->144371K(148416K) NonClass: 124857K(126976K)->124857K(126976K) Class: 19514K(21440K)->19514K(21440K)
[2025-08-28T13:06:24.232+0000][1087812][info ][gc          ] GC(248) Pause Young (Normal) (G1 Evacuation Pause) 401M->101M(512M) 1.767ms
[2025-08-28T13:06:24.232+0000][1087812][info ][gc,cpu      ] GC(248) User=0.01s Sys=0.00s Real=0.00s
[2025-08-28T13:06:24.232+0000][1087812][info ][safepoint   ] Safepoint "G1CollectForAllocation", Time since last: 1985265210 ns, Reaching safepoint: 53650 ns, Cleanup: 4317 ns, At safepoint: 1904762 ns, Total: 1962729 ns
[2025-08-28T13:06:26.214+0000][1087812][info ][gc,start    ] GC(249) Pause Young (Normal) (G1 Evacuation Pause)
[2025-08-28T13:06:26.214+0000][1087812][info ][gc,task     ] GC(249) Using 12 workers of 33 for evacuation
[2025-08-28T13:06:26.214+0000][1087812][debug][gc,age      ] GC(249) Desired survivor size 20971520 bytes, new threshold 15 (max threshold 15)
[2025-08-28T13:06:26.215+0000][1087812][info ][gc,phases   ] GC(249)   Pre Evacuate Collection Set: 0.2ms
[2025-08-28T13:06:26.215+0000][1087812][info ][gc,phases   ] GC(249)   Merge Heap Roots: 0.1ms
[2025-08-28T13:06:26.215+0000][1087812][info ][gc,phases   ] GC(249)   Evacuate Collection Set: 0.8ms
[2025-08-28T13:06:26.215+0000][1087812][info ][gc,phases   ] GC(249)   Post Evacuate Collection Set: 0.4ms
[2025-08-28T13:06:26.215+0000][1087812][info ][gc,phases   ] GC(249)   Other: 0.1ms
[2025-08-28T13:06:26.215+0000][1087812][trace][gc,age      ] GC(249) Age table with threshold 15 (max threshold 15)
[2025-08-28T13:06:26.215+0000][1087812][trace][gc,age      ] GC(249) - age   1:    1206128 bytes,    1206128 total
[2025-08-28T13:06:26.215+0000][1087812][trace][gc,age      ] GC(249) - age   2:       1784 bytes,    1207912 total
[2025-08-28T13:06:26.215+0000][1087812][trace][gc,age      ] GC(249) - age   3:        936 bytes,    1208848 total
[2025-08-28T13:06:26.215+0000][1087812][trace][gc,age      ] GC(249) - age   5:      10376 bytes,    1219224 total
[2025-08-28T13:06:26.215+0000][1087812][trace][gc,age      ] GC(249) - age   8:        224 bytes,    1219448 total
[2025-08-28T13:06:26.215+0000][1087812][trace][gc,age      ] GC(249) - age   9:        400 bytes,    1219848 total
[2025-08-28T13:06:26.215+0000][1087812][trace][gc,age      ] GC(249) - age  12:       7856 bytes,    1227704 total
[2025-08-28T13:06:26.215+0000][1087812][info ][gc,heap     ] GC(249) Eden regions: 75->0(75)
[2025-08-28T13:06:26.215+0000][1087812][info ][gc,heap     ] GC(249) Survivor regions: 1->1(10)
[2025-08-28T13:06:26.215+0000][1087812][info ][gc,heap     ] GC(249) Old regions: 26->26
[2025-08-28T13:06:26.215+0000][1087812][info ][gc,heap     ] GC(249) Humongous regions: 0->0
[2025-08-28T13:06:26.215+0000][1087812][info ][gc,metaspace] GC(249) Metaspace: 144371K(148416K)->144371K(148416K) NonClass: 124857K(126976K)->124857K(126976K) Class: 19514K(21440K)->19514K(21440K)
[2025-08-28T13:06:26.215+0000][1087812][info ][gc          ] GC(249) Pause Young (Normal) (G1 Evacuation Pause) 401M->101M(512M) 1.634ms
[2025-08-28T13:06:26.215+0000][1087812][info ][gc,cpu      ] GC(249) User=0.00s Sys=0.00s Real=0.00s
[2025-08-28T13:06:26.215+0000][1087812][info ][safepoint   ] Safepoint "G1CollectForAllocation", Time since last: 1981210961 ns, Reaching safepoint: 23455 ns, Cleanup: 4206 ns, At safepoint: 1751692 ns, Total: 1779353 ns
[2025-08-28T13:06:28.213+0000][1087812][info ][gc,start    ] GC(250) Pause Young (Normal) (G1 Evacuation Pause)
[2025-08-28T13:06:28.213+0000][1087812][info ][gc,task     ] GC(250) Using 12 workers of 33 for evacuation
[2025-08-28T13:06:28.213+0000][1087812][debug][gc,age      ] GC(250) Desired survivor size 20971520 bytes, new threshold 15 (max threshold 15)
[2025-08-28T13:06:28.215+0000][1087812][info ][gc,phases   ] GC(250)   Pre Evacuate Collection Set: 0.2ms
[2025-08-28T13:06:28.215+0000][1087812][info ][gc,phases   ] GC(250)   Merge Heap Roots: 0.1ms
[2025-08-28T13:06:28.215+0000][1087812][info ][gc,phases   ] GC(250)   Evacuate Collection Set: 0.7ms
[2025-08-28T13:06:28.215+0000][1087812][info ][gc,phases   ] GC(250)   Post Evacuate Collection Set: 0.3ms
[2025-08-28T13:06:28.215+0000][1087812][info ][gc,phases   ] GC(250)   Other: 0.0ms
[2025-08-28T13:06:28.215+0000][1087812][trace][gc,age      ] GC(250) Age table with threshold 15 (max threshold 15)
[2025-08-28T13:06:28.215+0000][1087812][trace][gc,age      ] GC(250) - age   1:     804168 bytes,     804168 total
[2025-08-28T13:06:28.215+0000][1087812][trace][gc,age      ] GC(250) - age   2:       3432 bytes,     807600 total
[2025-08-28T13:06:28.215+0000][1087812][trace][gc,age      ] GC(250) - age   3:       1784 bytes,     809384 total
[2025-08-28T13:06:28.215+0000][1087812][trace][gc,age      ] GC(250) - age   4:        936 bytes,     810320 total
[2025-08-28T13:06:28.215+0000][1087812][trace][gc,age      ] GC(250) - age   6:      10376 bytes,     820696 total
[2025-08-28T13:06:28.215+0000][1087812][trace][gc,age      ] GC(250) - age   9:        224 bytes,     820920 total
[2025-08-28T13:06:28.215+0000][1087812][trace][gc,age      ] GC(250) - age  10:        400 bytes,     821320 total
[2025-08-28T13:06:28.215+0000][1087812][trace][gc,age      ] GC(250) - age  13:       7856 bytes,     829176 total
[2025-08-28T13:06:28.215+0000][1087812][info ][gc,heap     ] GC(250) Eden regions: 75->0(75)
[2025-08-28T13:06:28.215+0000][1087812][info ][gc,heap     ] GC(250) Survivor regions: 1->1(10)
[2025-08-28T13:06:28.215+0000][1087812][info ][gc,heap     ] GC(250) Old regions: 26->26
[2025-08-28T13:06:28.215+0000][1087812][info ][gc,heap     ] GC(250) Humongous regions: 0->0
[2025-08-28T13:06:28.215+0000][1087812][info ][gc,metaspace] GC(250) Metaspace: 144371K(148416K)->144371K(148416K) NonClass: 124857K(126976K)->124857K(126976K) Class: 19514K(21440K)->19514K(21440K)
[2025-08-28T13:06:28.215+0000][1087812][info ][gc          ] GC(250) Pause Young (Normal) (G1 Evacuation Pause) 401M->101M(512M) 1.429ms
[2025-08-28T13:06:28.215+0000][1087812][info ][gc,cpu      ] GC(250) User=0.00s Sys=0.01s Real=0.00s
[2025-08-28T13:06:28.215+0000][1087812][info ][safepoint   ] Safepoint "G1CollectForAllocation", Time since last: 1997866974 ns, Reaching safepoint: 23245 ns, Cleanup: 4707 ns, At safepoint: 1534185 ns, Total: 1562137 ns
[2025-08-28T13:06:29.215+0000][1087812][info ][safepoint   ] Safepoint "Cleanup", Time since last: 1000076049 ns, Reaching safepoint: 22213 ns, Cleanup: 9394 ns, At safepoint: 2684 ns, Total: 34291 ns
[2025-08-28T13:06:30.188+0000][1087812][info ][gc,start    ] GC(251) Pause Young (Normal) (G1 Evacuation Pause)
[2025-08-28T13:06:30.188+0000][1087812][info ][gc,task     ] GC(251) Using 12 workers of 33 for evacuation
[2025-08-28T13:06:30.188+0000][1087812][debug][gc,age      ] GC(251) Desired survivor size 20971520 bytes, new threshold 15 (max threshold 15)
[2025-08-28T13:06:30.190+0000][1087812][info ][gc,phases   ] GC(251)   Pre Evacuate Collection Set: 0.1ms
[2025-08-28T13:06:30.190+0000][1087812][info ][gc,phases   ] GC(251)   Merge Heap Roots: 0.1ms
[2025-08-28T13:06:30.190+0000][1087812][info ][gc,phases   ] GC(251)   Evacuate Collection Set: 1.0ms
[2025-08-28T13:06:30.190+0000][1087812][info ][gc,phases   ] GC(251)   Post Evacuate Collection Set: 0.4ms
[2025-08-28T13:06:30.190+0000][1087812][info ][gc,phases   ] GC(251)   Other: 0.1ms
[2025-08-28T13:06:30.190+0000][1087812][trace][gc,age      ] GC(251) Age table with threshold 15 (max threshold 15)
[2025-08-28T13:06:30.190+0000][1087812][trace][gc,age      ] GC(251) - age   1:    1076432 bytes,    1076432 total
[2025-08-28T13:06:30.190+0000][1087812][trace][gc,age      ] GC(251) - age   3:       2720 bytes,    1079152 total
[2025-08-28T13:06:30.190+0000][1087812][trace][gc,age      ] GC(251) - age   4:       1784 bytes,    1080936 total
[2025-08-28T13:06:30.190+0000][1087812][trace][gc,age      ] GC(251) - age   5:        936 bytes,    1081872 total
[2025-08-28T13:06:30.190+0000][1087812][trace][gc,age      ] GC(251) - age   7:      10376 bytes,    1092248 total
[2025-08-28T13:06:30.190+0000][1087812][trace][gc,age      ] GC(251) - age  10:        224 bytes,    1092472 total
[2025-08-28T13:06:30.190+0000][1087812][trace][gc,age      ] GC(251) - age  11:        400 bytes,    1092872 total
[2025-08-28T13:06:30.190+0000][1087812][trace][gc,age      ] GC(251) - age  14:       7856 bytes,    1100728 total
[2025-08-28T13:06:30.190+0000][1087812][info ][gc,heap     ] GC(251) Eden regions: 75->0(75)
[2025-08-28T13:06:30.190+0000][1087812][info ][gc,heap     ] GC(251) Survivor regions: 1->1(10)
[2025-08-28T13:06:30.190+0000][1087812][info ][gc,heap     ] GC(251) Old regions: 26->26
[2025-08-28T13:06:30.190+0000][1087812][info ][gc,heap     ] GC(251) Humongous regions: 0->0
[2025-08-28T13:06:30.190+0000][1087812][info ][gc,metaspace] GC(251) Metaspace: 144371K(148416K)->144371K(148416K) NonClass: 124857K(126976K)->124857K(126976K) Class: 19514K(21440K)->19514K(21440K)
[2025-08-28T13:06:30.190+0000][1087812][info ][gc          ] GC(251) Pause Young (Normal) (G1 Evacuation Pause) 401M->101M(512M) 1.934ms
[2025-08-28T13:06:30.190+0000][1087812][info ][gc,cpu      ] GC(251) User=0.00s Sys=0.00s Real=0.00s
[2025-08-28T13:06:30.190+0000][1087812][info ][safepoint   ] Safepoint "G1CollectForAllocation", Time since last: 972700604 ns, Reaching safepoint: 23075 ns, Cleanup: 4446 ns, At safepoint: 2146725 ns, Total: 2174246 ns
[2025-08-28T13:06:32.176+0000][1087812][info ][gc,start    ] GC(252) Pause Young (Normal) (G1 Evacuation Pause)
[2025-08-28T13:06:32.176+0000][1087812][info ][gc,task     ] GC(252) Using 12 workers of 33 for evacuation
[2025-08-28T13:06:32.176+0000][1087812][debug][gc,age      ] GC(252) Desired survivor size 20971520 bytes, new threshold 15 (max threshold 15)
[2025-08-28T13:06:32.178+0000][1087812][info ][gc,phases   ] GC(252)   Pre Evacuate Collection Set: 0.2ms
[2025-08-28T13:06:32.178+0000][1087812][info ][gc,phases   ] GC(252)   Merge Heap Roots: 0.1ms
[2025-08-28T13:06:32.178+0000][1087812][info ][gc,phases   ] GC(252)   Evacuate Collection Set: 1.1ms
[2025-08-28T13:06:32.178+0000][1087812][info ][gc,phases   ] GC(252)   Post Evacuate Collection Set: 0.5ms
[2025-08-28T13:06:32.178+0000][1087812][info ][gc,phases   ] GC(252)   Other: 0.1ms
[2025-08-28T13:06:32.178+0000][1087812][trace][gc,age      ] GC(252) Age table with threshold 15 (max threshold 15)
[2025-08-28T13:06:32.178+0000][1087812][trace][gc,age      ] GC(252) - age   1:    1076392 bytes,    1076392 total
[2025-08-28T13:06:32.178+0000][1087812][trace][gc,age      ] GC(252) - age   2:        712 bytes,    1077104 total
[2025-08-28T13:06:32.178+0000][1087812][trace][gc,age      ] GC(252) - age   4:       2720 bytes,    1079824 total
[2025-08-28T13:06:32.178+0000][1087812][trace][gc,age      ] GC(252) - age   5:       1752 bytes,    1081576 total
[2025-08-28T13:06:32.178+0000][1087812][trace][gc,age      ] GC(252) - age   6:        696 bytes,    1082272 total
[2025-08-28T13:06:32.178+0000][1087812][trace][gc,age      ] GC(252) - age   8:      10376 bytes,    1092648 total
[2025-08-28T13:06:32.178+0000][1087812][trace][gc,age      ] GC(252) - age  12:        400 bytes,    1093048 total
[2025-08-28T13:06:32.178+0000][1087812][trace][gc,age      ] GC(252) - age  15:       7856 bytes,    1100904 total
[2025-08-28T13:06:32.178+0000][1087812][info ][gc,heap     ] GC(252) Eden regions: 75->0(75)
[2025-08-28T13:06:32.178+0000][1087812][info ][gc,heap     ] GC(252) Survivor regions: 1->1(10)
[2025-08-28T13:06:32.178+0000][1087812][info ][gc,heap     ] GC(252) Old regions: 26->26
[2025-08-28T13:06:32.178+0000][1087812][info ][gc,heap     ] GC(252) Humongous regions: 0->0
[2025-08-28T13:06:32.178+0000][1087812][info ][gc,metaspace] GC(252) Metaspace: 144371K(148416K)->144371K(148416K) NonClass: 124857K(126976K)->124857K(126976K) Class: 19514K(21440K)->19514K(21440K)
[2025-08-28T13:06:32.178+0000][1087812][info ][gc          ] GC(252) Pause Young (Normal) (G1 Evacuation Pause) 401M->101M(512M) 2.135ms
[2025-08-28T13:06:32.178+0000][1087812][info ][gc,cpu      ] GC(252) User=0.01s Sys=0.00s Real=0.00s
[2025-08-28T13:06:32.178+0000][1087812][info ][safepoint   ] Safepoint "G1CollectForAllocation", Time since last: 1985631915 ns, Reaching safepoint: 31597 ns, Cleanup: 7021 ns, At safepoint: 2297752 ns, Total: 2336370 ns
[2025-08-28T13:06:34.176+0000][1087812][info ][gc,start    ] GC(253) Pause Young (Normal) (G1 Evacuation Pause)
[2025-08-28T13:06:34.176+0000][1087812][info ][gc,task     ] GC(253) Using 12 workers of 33 for evacuation
[2025-08-28T13:06:34.176+0000][1087812][debug][gc,age      ] GC(253) Desired survivor size 20971520 bytes, new threshold 15 (max threshold 15)
[2025-08-28T13:06:34.178+0000][1087812][info ][gc,phases   ] GC(253)   Pre Evacuate Collection Set: 0.2ms
[2025-08-28T13:06:34.178+0000][1087812][info ][gc,phases   ] GC(253)   Merge Heap Roots: 0.1ms
[2025-08-28T13:06:34.178+0000][1087812][info ][gc,phases   ] GC(253)   Evacuate Collection Set: 1.2ms
[2025-08-28T13:06:34.178+0000][1087812][info ][gc,phases   ] GC(253)   Post Evacuate Collection Set: 0.5ms
[2025-08-28T13:06:34.178+0000][1087812][info ][gc,phases   ] GC(253)   Other: 0.1ms
[2025-08-28T13:06:34.178+0000][1087812][trace][gc,age      ] GC(253) Age table with threshold 15 (max threshold 15)
[2025-08-28T13:06:34.178+0000][1087812][trace][gc,age      ] GC(253) - age   1:    1076328 bytes,    1076328 total
[2025-08-28T13:06:34.178+0000][1087812][trace][gc,age      ] GC(253) - age   2:        464 bytes,    1076792 total
[2025-08-28T13:06:34.178+0000][1087812][trace][gc,age      ] GC(253) - age   3:        712 bytes,    1077504 total
[2025-08-28T13:06:34.178+0000][1087812][trace][gc,age      ] GC(253) - age   5:       2720 bytes,    1080224 total
[2025-08-28T13:06:34.178+0000][1087812][trace][gc,age      ] GC(253) - age   6:       1720 bytes,    1081944 total
[2025-08-28T13:06:34.178+0000][1087812][trace][gc,age      ] GC(253) - age   7:        696 bytes,    1082640 total
[2025-08-28T13:06:34.178+0000][1087812][trace][gc,age      ] GC(253) - age   9:      10376 bytes,    1093016 total
[2025-08-28T13:06:34.178+0000][1087812][trace][gc,age      ] GC(253) - age  13:        400 bytes,    1093416 total
[2025-08-28T13:06:34.178+0000][1087812][info ][gc,heap     ] GC(253) Eden regions: 75->0(75)
[2025-08-28T13:06:34.178+0000][1087812][info ][gc,heap     ] GC(253) Survivor regions: 1->1(10)
[2025-08-28T13:06:34.178+0000][1087812][info ][gc,heap     ] GC(253) Old regions: 26->26
[2025-08-28T13:06:34.178+0000][1087812][info ][gc,heap     ] GC(253) Humongous regions: 0->0
[2025-08-28T13:06:34.178+0000][1087812][info ][gc,metaspace] GC(253) Metaspace: 144371K(148416K)->144371K(148416K) NonClass: 124857K(126976K)->124857K(126976K) Class: 19514K(21440K)->19514K(21440K)
[2025-08-28T13:06:34.178+0000][1087812][info ][gc          ] GC(253) Pause Young (Normal) (G1 Evacuation Pause) 401M->101M(512M) 2.294ms
[2025-08-28T13:06:34.178+0000][1087812][info ][gc,cpu      ] GC(253) User=0.01s Sys=0.00s Real=0.00s
[2025-08-28T13:06:34.178+0000][1087812][info ][safepoint   ] Safepoint "G1CollectForAllocation", Time since last: 1997803279 ns, Reaching safepoint: 32398 ns, Cleanup: 7341 ns, At safepoint: 2537933 ns, Total: 2577672 ns
[2025-08-28T13:06:36.164+0000][1087812][info ][gc,start    ] GC(254) Pause Young (Normal) (G1 Evacuation Pause)
[2025-08-28T13:06:36.164+0000][1087812][info ][gc,task     ] GC(254) Using 12 workers of 33 for evacuation
[2025-08-28T13:06:36.164+0000][1087812][debug][gc,age      ] GC(254) Desired survivor size 20971520 bytes, new threshold 15 (max threshold 15)
[2025-08-28T13:06:36.166+0000][1087812][info ][gc,phases   ] GC(254)   Pre Evacuate Collection Set: 0.2ms
[2025-08-28T13:06:36.166+0000][1087812][info ][gc,phases   ] GC(254)   Merge Heap Roots: 0.1ms
[2025-08-28T13:06:36.166+0000][1087812][info ][gc,phases   ] GC(254)   Evacuate Collection Set: 1.0ms
[2025-08-28T13:06:36.166+0000][1087812][info ][gc,phases   ] GC(254)   Post Evacuate Collection Set: 0.4ms
[2025-08-28T13:06:36.166+0000][1087812][info ][gc,phases   ] GC(254)   Other: 0.1ms
[2025-08-28T13:06:36.166+0000][1087812][trace][gc,age      ] GC(254) Age table with threshold 15 (max threshold 15)
[2025-08-28T13:06:36.166+0000][1087812][trace][gc,age      ] GC(254) - age   1:    1092264 bytes,    1092264 total
[2025-08-28T13:06:36.166+0000][1087812][trace][gc,age      ] GC(254) - age   2:        400 bytes,    1092664 total
[2025-08-28T13:06:36.166+0000][1087812][trace][gc,age      ] GC(254) - age   3:        464 bytes,    1093128 total
[2025-08-28T13:06:36.166+0000][1087812][trace][gc,age      ] GC(254) - age   6:       2720 bytes,    1095848 total
[2025-08-28T13:06:36.166+0000][1087812][trace][gc,age      ] GC(254) - age   7:       1720 bytes,    1097568 total
[2025-08-28T13:06:36.166+0000][1087812][trace][gc,age      ] GC(254) - age   8:        696 bytes,    1098264 total
[2025-08-28T13:06:36.166+0000][1087812][trace][gc,age      ] GC(254) - age  10:      10376 bytes,    1108640 total
[2025-08-28T13:06:36.166+0000][1087812][trace][gc,age      ] GC(254) - age  14:        400 bytes,    1109040 total
[2025-08-28T13:06:36.166+0000][1087812][info ][gc,heap     ] GC(254) Eden regions: 75->0(75)
[2025-08-28T13:06:36.166+0000][1087812][info ][gc,heap     ] GC(254) Survivor regions: 1->1(10)
[2025-08-28T13:06:36.166+0000][1087812][info ][gc,heap     ] GC(254) Old regions: 26->26
[2025-08-28T13:06:36.166+0000][1087812][info ][gc,heap     ] GC(254) Humongous regions: 0->0
[2025-08-28T13:06:36.166+0000][1087812][info ][gc,metaspace] GC(254) Metaspace: 144371K(148416K)->144371K(148416K) NonClass: 124857K(126976K)->124857K(126976K) Class: 19514K(21440K)->19514K(21440K)
[2025-08-28T13:06:36.166+0000][1087812][info ][gc          ] GC(254) Pause Young (Normal) (G1 Evacuation Pause) 401M->101M(512M) 1.872ms
[2025-08-28T13:06:36.166+0000][1087812][info ][gc,cpu      ] GC(254) User=0.00s Sys=0.00s Real=0.00s
[2025-08-28T13:06:36.166+0000][1087812][info ][safepoint   ] Safepoint "G1CollectForAllocation", Time since last: 1985439916 ns, Reaching safepoint: 31758 ns, Cleanup: 7641 ns, At safepoint: 2087837 ns, Total: 2127236 ns
[2025-08-28T13:06:38.163+0000][1087812][info ][gc,start    ] GC(255) Pause Young (Normal) (G1 Evacuation Pause)
[2025-08-28T13:06:38.163+0000][1087812][info ][gc,task     ] GC(255) Using 12 workers of 33 for evacuation
[2025-08-28T13:06:38.163+0000][1087812][debug][gc,age      ] GC(255) Desired survivor size 20971520 bytes, new threshold 15 (max threshold 15)
[2025-08-28T13:06:38.165+0000][1087812][info ][gc,phases   ] GC(255)   Pre Evacuate Collection Set: 0.2ms
[2025-08-28T13:06:38.165+0000][1087812][info ][gc,phases   ] GC(255)   Merge Heap Roots: 0.1ms
[2025-08-28T13:06:38.165+0000][1087812][info ][gc,phases   ] GC(255)   Evacuate Collection Set: 1.2ms
[2025-08-28T13:06:38.165+0000][1087812][info ][gc,phases   ] GC(255)   Post Evacuate Collection Set: 0.5ms
[2025-08-28T13:06:38.165+0000][1087812][info ][gc,phases   ] GC(255)   Other: 0.1ms
[2025-08-28T13:06:38.165+0000][1087812][trace][gc,age      ] GC(255) Age table with threshold 15 (max threshold 15)
[2025-08-28T13:06:38.165+0000][1087812][trace][gc,age      ] GC(255) - age   1:    1110016 bytes,    1110016 total
[2025-08-28T13:06:38.165+0000][1087812][trace][gc,age      ] GC(255) - age   2:        712 bytes,    1110728 total
[2025-08-28T13:06:38.165+0000][1087812][trace][gc,age      ] GC(255) - age   3:        400 bytes,    1111128 total
[2025-08-28T13:06:38.165+0000][1087812][trace][gc,age      ] GC(255) - age   4:        464 bytes,    1111592 total
[2025-08-28T13:06:38.165+0000][1087812][trace][gc,age      ] GC(255) - age   7:       2720 bytes,    1114312 total
[2025-08-28T13:06:38.165+0000][1087812][trace][gc,age      ] GC(255) - age   8:       1720 bytes,    1116032 total
[2025-08-28T13:06:38.165+0000][1087812][trace][gc,age      ] GC(255) - age   9:        696 bytes,    1116728 total
[2025-08-28T13:06:38.165+0000][1087812][trace][gc,age      ] GC(255) - age  11:      10376 bytes,    1127104 total
[2025-08-28T13:06:38.165+0000][1087812][trace][gc,age      ] GC(255) - age  15:        400 bytes,    1127504 total
[2025-08-28T13:06:38.165+0000][1087812][info ][gc,heap     ] GC(255) Eden regions: 75->0(75)
[2025-08-28T13:06:38.165+0000][1087812][info ][gc,heap     ] GC(255) Survivor regions: 1->1(10)
[2025-08-28T13:06:38.165+0000][1087812][info ][gc,heap     ] GC(255) Old regions: 26->26
[2025-08-28T13:06:38.165+0000][1087812][info ][gc,heap     ] GC(255) Humongous regions: 0->0
[2025-08-28T13:06:38.165+0000][1087812][info ][gc,metaspace] GC(255) Metaspace: 144371K(148416K)->144371K(148416K) NonClass: 124857K(126976K)->124857K(126976K) Class: 19514K(21440K)->19514K(21440K)
[2025-08-28T13:06:38.165+0000][1087812][info ][gc          ] GC(255) Pause Young (Normal) (G1 Evacuation Pause) 401M->101M(512M) 2.215ms
[2025-08-28T13:06:38.165+0000][1087812][info ][gc,cpu      ] GC(255) User=0.01s Sys=0.00s Real=0.00s
[2025-08-28T13:06:38.165+0000][1087812][info ][safepoint   ] Safepoint "G1CollectForAllocation", Time since last: 1996944008 ns, Reaching safepoint: 24456 ns, Cleanup: 4207 ns, At safepoint: 2478754 ns, Total: 2507417 ns
[2025-08-28T13:06:40.138+0000][1087812][info ][gc,start    ] GC(256) Pause Young (Normal) (G1 Evacuation Pause)
[2025-08-28T13:06:40.138+0000][1087812][info ][gc,task     ] GC(256) Using 12 workers of 33 for evacuation
[2025-08-28T13:06:40.138+0000][1087812][debug][gc,age      ] GC(256) Desired survivor size 20971520 bytes, new threshold 15 (max threshold 15)
[2025-08-28T13:06:40.141+0000][1087812][info ][gc,phases   ] GC(256)   Pre Evacuate Collection Set: 0.2ms
[2025-08-28T13:06:40.141+0000][1087812][info ][gc,phases   ] GC(256)   Merge Heap Roots: 0.1ms
[2025-08-28T13:06:40.141+0000][1087812][info ][gc,phases   ] GC(256)   Evacuate Collection Set: 1.9ms
[2025-08-28T13:06:40.141+0000][1087812][info ][gc,phases   ] GC(256)   Post Evacuate Collection Set: 0.4ms
[2025-08-28T13:06:40.141+0000][1087812][info ][gc,phases   ] GC(256)   Other: 0.1ms
[2025-08-28T13:06:40.141+0000][1087812][trace][gc,age      ] GC(256) Age table with threshold 15 (max threshold 15)
[2025-08-28T13:06:40.141+0000][1087812][trace][gc,age      ] GC(256) - age   1:    1076976 bytes,    1076976 total
[2025-08-28T13:06:40.141+0000][1087812][trace][gc,age      ] GC(256) - age   4:        400 bytes,    1077376 total
[2025-08-28T13:06:40.141+0000][1087812][trace][gc,age      ] GC(256) - age   5:        464 bytes,    1077840 total
[2025-08-28T13:06:40.141+0000][1087812][trace][gc,age      ] GC(256) - age   8:       2720 bytes,    1080560 total
[2025-08-28T13:06:40.141+0000][1087812][trace][gc,age      ] GC(256) - age   9:       1720 bytes,    1082280 total
[2025-08-28T13:06:40.141+0000][1087812][trace][gc,age      ] GC(256) - age  10:        696 bytes,    1082976 total
[2025-08-28T13:06:40.141+0000][1087812][trace][gc,age      ] GC(256) - age  12:      10376 bytes,    1093352 total
[2025-08-28T13:06:40.141+0000][1087812][info ][gc,heap     ] GC(256) Eden regions: 75->0(75)
[2025-08-28T13:06:40.141+0000][1087812][info ][gc,heap     ] GC(256) Survivor regions: 1->1(10)
[2025-08-28T13:06:40.141+0000][1087812][info ][gc,heap     ] GC(256) Old regions: 26->26
[2025-08-28T13:06:40.141+0000][1087812][info ][gc,heap     ] GC(256) Humongous regions: 0->0
[2025-08-28T13:06:40.141+0000][1087812][info ][gc,metaspace] GC(256) Metaspace: 144371K(148416K)->144371K(148416K) NonClass: 124857K(126976K)->124857K(126976K) Class: 19514K(21440K)->19514K(21440K)
[2025-08-28T13:06:40.141+0000][1087812][info ][gc          ] GC(256) Pause Young (Normal) (G1 Evacuation Pause) 401M->101M(512M) 2.906ms
[2025-08-28T13:06:40.141+0000][1087812][info ][gc,cpu      ] GC(256) User=0.00s Sys=0.01s Real=0.01s
[2025-08-28T13:06:40.141+0000][1087812][info ][safepoint   ] Safepoint "G1CollectForAllocation", Time since last: 1972826327 ns, Reaching safepoint: 39870 ns, Cleanup: 9504 ns, At safepoint: 3132696 ns, Total: 3182070 ns
[2025-08-28T13:06:42.127+0000][1087812][info ][gc,start    ] GC(257) Pause Young (Normal) (G1 Evacuation Pause)
[2025-08-28T13:06:42.127+0000][1087812][info ][gc,task     ] GC(257) Using 12 workers of 33 for evacuation
[2025-08-28T13:06:42.127+0000][1087812][debug][gc,age      ] GC(257) Desired survivor size 20971520 bytes, new threshold 15 (max threshold 15)
[2025-08-28T13:06:42.129+0000][1087812][info ][gc,phases   ] GC(257)   Pre Evacuate Collection Set: 0.2ms
[2025-08-28T13:06:42.129+0000][1087812][info ][gc,phases   ] GC(257)   Merge Heap Roots: 0.1ms
[2025-08-28T13:06:42.129+0000][1087812][info ][gc,phases   ] GC(257)   Evacuate Collection Set: 1.4ms
[2025-08-28T13:06:42.129+0000][1087812][info ][gc,phases   ] GC(257)   Post Evacuate Collection Set: 0.4ms
[2025-08-28T13:06:42.129+0000][1087812][info ][gc,phases   ] GC(257)   Other: 0.1ms
[2025-08-28T13:06:42.129+0000][1087812][trace][gc,age      ] GC(257) Age table with threshold 15 (max threshold 15)
[2025-08-28T13:06:42.129+0000][1087812][trace][gc,age      ] GC(257) - age   1:    1154360 bytes,    1154360 total
[2025-08-28T13:06:42.129+0000][1087812][trace][gc,age      ] GC(257) - age   2:       1088 bytes,    1155448 total
[2025-08-28T13:06:42.129+0000][1087812][trace][gc,age      ] GC(257) - age   5:        400 bytes,    1155848 total
[2025-08-28T13:06:42.129+0000][1087812][trace][gc,age      ] GC(257) - age   6:        224 bytes,    1156072 total
[2025-08-28T13:06:42.129+0000][1087812][trace][gc,age      ] GC(257) - age   9:       2720 bytes,    1158792 total
[2025-08-28T13:06:42.129+0000][1087812][trace][gc,age      ] GC(257) - age  10:       1720 bytes,    1160512 total
[2025-08-28T13:06:42.129+0000][1087812][trace][gc,age      ] GC(257) - age  11:        696 bytes,    1161208 total
[2025-08-28T13:06:42.129+0000][1087812][trace][gc,age      ] GC(257) - age  13:      10376 bytes,    1171584 total
[2025-08-28T13:06:42.129+0000][1087812][info ][gc,heap     ] GC(257) Eden regions: 75->0(75)
[2025-08-28T13:06:42.129+0000][1087812][info ][gc,heap     ] GC(257) Survivor regions: 1->1(10)
[2025-08-28T13:06:42.129+0000][1087812][info ][gc,heap     ] GC(257) Old regions: 26->26
[2025-08-28T13:06:42.129+0000][1087812][info ][gc,heap     ] GC(257) Humongous regions: 0->0
[2025-08-28T13:06:42.129+0000][1087812][info ][gc,metaspace] GC(257) Metaspace: 144371K(148416K)->144371K(148416K) NonClass: 124857K(126976K)->124857K(126976K) Class: 19514K(21440K)->19514K(21440K)
[2025-08-28T13:06:42.129+0000][1087812][info ][gc          ] GC(257) Pause Young (Normal) (G1 Evacuation Pause) 401M->101M(512M) 2.425ms
[2025-08-28T13:06:42.130+0000][1087812][info ][gc,cpu      ] GC(257) User=0.00s Sys=0.00s Real=0.00s
[2025-08-28T13:06:42.130+0000][1087812][info ][safepoint   ] Safepoint "G1CollectForAllocation", Time since last: 1985569210 ns, Reaching safepoint: 41072 ns, Cleanup: 9825 ns, At safepoint: 2694658 ns, Total: 2745555 ns
[2025-08-28T13:06:44.125+0000][1087812][info ][gc,start    ] GC(258) Pause Young (Normal) (G1 Evacuation Pause)
[2025-08-28T13:06:44.125+0000][1087812][info ][gc,task     ] GC(258) Using 12 workers of 33 for evacuation
[2025-08-28T13:06:44.125+0000][1087812][debug][gc,age      ] GC(258) Desired survivor size 20971520 bytes, new threshold 15 (max threshold 15)
[2025-08-28T13:06:44.128+0000][1087812][info ][gc,phases   ] GC(258)   Pre Evacuate Collection Set: 0.3ms
[2025-08-28T13:06:44.128+0000][1087812][info ][gc,phases   ] GC(258)   Merge Heap Roots: 0.1ms
[2025-08-28T13:06:44.128+0000][1087812][info ][gc,phases   ] GC(258)   Evacuate Collection Set: 1.8ms
[2025-08-28T13:06:44.128+0000][1087812][info ][gc,phases   ] GC(258)   Post Evacuate Collection Set: 0.5ms
[2025-08-28T13:06:44.128+0000][1087812][info ][gc,phases   ] GC(258)   Other: 0.1ms
[2025-08-28T13:06:44.128+0000][1087812][trace][gc,age      ] GC(258) Age table with threshold 15 (max threshold 15)
[2025-08-28T13:06:44.128+0000][1087812][trace][gc,age      ] GC(258) - age   1:    1159472 bytes,    1159472 total
[2025-08-28T13:06:44.128+0000][1087812][trace][gc,age      ] GC(258) - age   2:       1440 bytes,    1160912 total
[2025-08-28T13:06:44.128+0000][1087812][trace][gc,age      ] GC(258) - age   3:       1088 bytes,    1162000 total
[2025-08-28T13:06:44.128+0000][1087812][trace][gc,age      ] GC(258) - age   6:        400 bytes,    1162400 total
[2025-08-28T13:06:44.128+0000][1087812][trace][gc,age      ] GC(258) - age   7:        224 bytes,    1162624 total
[2025-08-28T13:06:44.128+0000][1087812][trace][gc,age      ] GC(258) - age  10:       2720 bytes,    1165344 total
[2025-08-28T13:06:44.128+0000][1087812][trace][gc,age      ] GC(258) - age  11:       1720 bytes,    1167064 total
[2025-08-28T13:06:44.128+0000][1087812][trace][gc,age      ] GC(258) - age  12:        696 bytes,    1167760 total
[2025-08-28T13:06:44.128+0000][1087812][trace][gc,age      ] GC(258) - age  14:      10376 bytes,    1178136 total
[2025-08-28T13:06:44.128+0000][1087812][info ][gc,heap     ] GC(258) Eden regions: 75->0(75)
[2025-08-28T13:06:44.128+0000][1087812][info ][gc,heap     ] GC(258) Survivor regions: 1->1(10)
[2025-08-28T13:06:44.128+0000][1087812][info ][gc,heap     ] GC(258) Old regions: 26->26
[2025-08-28T13:06:44.128+0000][1087812][info ][gc,heap     ] GC(258) Humongous regions: 0->0
[2025-08-28T13:06:44.128+0000][1087812][info ][gc,metaspace] GC(258) Metaspace: 144371K(148416K)->144371K(148416K) NonClass: 124857K(126976K)->124857K(126976K) Class: 19514K(21440K)->19514K(21440K)
[2025-08-28T13:06:44.128+0000][1087812][info ][gc          ] GC(258) Pause Young (Normal) (G1 Evacuation Pause) 401M->101M(512M) 2.954ms
[2025-08-28T13:06:44.128+0000][1087812][info ][gc,cpu      ] GC(258) User=0.01s Sys=0.00s Real=0.00s
[2025-08-28T13:06:44.128+0000][1087812][info ][safepoint   ] Safepoint "G1CollectForAllocation", Time since last: 1995621691 ns, Reaching safepoint: 40752 ns, Cleanup: 8823 ns, At safepoint: 3170473 ns, Total: 3220048 ns
[2025-08-28T13:06:46.113+0000][1087812][info ][gc,start    ] GC(259) Pause Young (Normal) (G1 Evacuation Pause)
[2025-08-28T13:06:46.113+0000][1087812][info ][gc,task     ] GC(259) Using 12 workers of 33 for evacuation
[2025-08-28T13:06:46.113+0000][1087812][debug][gc,age      ] GC(259) Desired survivor size 20971520 bytes, new threshold 15 (max threshold 15)
[2025-08-28T13:06:46.115+0000][1087812][info ][gc,phases   ] GC(259)   Pre Evacuate Collection Set: 0.2ms
[2025-08-28T13:06:46.115+0000][1087812][info ][gc,phases   ] GC(259)   Merge Heap Roots: 0.1ms
[2025-08-28T13:06:46.115+0000][1087812][info ][gc,phases   ] GC(259)   Evacuate Collection Set: 1.5ms
[2025-08-28T13:06:46.115+0000][1087812][info ][gc,phases   ] GC(259)   Post Evacuate Collection Set: 0.6ms
[2025-08-28T13:06:46.115+0000][1087812][info ][gc,phases   ] GC(259)   Other: 0.1ms
[2025-08-28T13:06:46.115+0000][1087812][trace][gc,age      ] GC(259) Age table with threshold 15 (max threshold 15)
[2025-08-28T13:06:46.116+0000][1087812][trace][gc,age      ] GC(259) - age   1:    1093968 bytes,    1093968 total
[2025-08-28T13:06:46.116+0000][1087812][trace][gc,age      ] GC(259) - age   3:       1408 bytes,    1095376 total
[2025-08-28T13:06:46.116+0000][1087812][trace][gc,age      ] GC(259) - age   4:        376 bytes,    1095752 total
[2025-08-28T13:06:46.116+0000][1087812][trace][gc,age      ] GC(259) - age   7:        400 bytes,    1096152 total
[2025-08-28T13:06:46.116+0000][1087812][trace][gc,age      ] GC(259) - age   8:        224 bytes,    1096376 total
[2025-08-28T13:06:46.116+0000][1087812][trace][gc,age      ] GC(259) - age  11:       2720 bytes,    1099096 total
[2025-08-28T13:06:46.116+0000][1087812][trace][gc,age      ] GC(259) - age  12:       1720 bytes,    1100816 total
[2025-08-28T13:06:46.116+0000][1087812][trace][gc,age      ] GC(259) - age  13:        696 bytes,    1101512 total
[2025-08-28T13:06:46.116+0000][1087812][trace][gc,age      ] GC(259) - age  15:      10376 bytes,    1111888 total
[2025-08-28T13:06:46.116+0000][1087812][info ][gc,heap     ] GC(259) Eden regions: 75->0(75)
[2025-08-28T13:06:46.116+0000][1087812][info ][gc,heap     ] GC(259) Survivor regions: 1->1(10)
[2025-08-28T13:06:46.116+0000][1087812][info ][gc,heap     ] GC(259) Old regions: 26->26
[2025-08-28T13:06:46.116+0000][1087812][info ][gc,heap     ] GC(259) Humongous regions: 0->0
[2025-08-28T13:06:46.116+0000][1087812][info ][gc,metaspace] GC(259) Metaspace: 144371K(148416K)->144371K(148416K) NonClass: 124857K(126976K)->124857K(126976K) Class: 19514K(21440K)->19514K(21440K)
[2025-08-28T13:06:46.116+0000][1087812][info ][gc          ] GC(259) Pause Young (Normal) (G1 Evacuation Pause) 401M->101M(512M) 2.738ms
[2025-08-28T13:06:46.116+0000][1087812][info ][gc,cpu      ] GC(259) User=0.01s Sys=0.00s Real=0.00s
[2025-08-28T13:06:46.116+0000][1087812][info ][safepoint   ] Safepoint "G1CollectForAllocation", Time since last: 1984254154 ns, Reaching safepoint: 41292 ns, Cleanup: 9615 ns, At safepoint: 3038244 ns, Total: 3089151 ns
[2025-08-28T13:06:48.113+0000][1087812][info ][gc,start    ] GC(260) Pause Young (Normal) (G1 Evacuation Pause)
[2025-08-28T13:06:48.113+0000][1087812][info ][gc,task     ] GC(260) Using 12 workers of 33 for evacuation
[2025-08-28T13:06:48.113+0000][1087812][debug][gc,age      ] GC(260) Desired survivor size 20971520 bytes, new threshold 15 (max threshold 15)
[2025-08-28T13:06:48.116+0000][1087812][info ][gc,phases   ] GC(260)   Pre Evacuate Collection Set: 0.3ms
[2025-08-28T13:06:48.116+0000][1087812][info ][gc,phases   ] GC(260)   Merge Heap Roots: 0.1ms
[2025-08-28T13:06:48.116+0000][1087812][info ][gc,phases   ] GC(260)   Evacuate Collection Set: 2.0ms
[2025-08-28T13:06:48.116+0000][1087812][info ][gc,phases   ] GC(260)   Post Evacuate Collection Set: 0.4ms
[2025-08-28T13:06:48.116+0000][1087812][info ][gc,phases   ] GC(260)   Other: 0.1ms
[2025-08-28T13:06:48.116+0000][1087812][trace][gc,age      ] GC(260) Age table with threshold 15 (max threshold 15)
[2025-08-28T13:06:48.116+0000][1087812][trace][gc,age      ] GC(260) - age   1:    1076080 bytes,    1076080 total
[2025-08-28T13:06:48.116+0000][1087812][trace][gc,age      ] GC(260) - age   2:        744 bytes,    1076824 total
[2025-08-28T13:06:48.116+0000][1087812][trace][gc,age      ] GC(260) - age   4:       1408 bytes,    1078232 total
[2025-08-28T13:06:48.116+0000][1087812][trace][gc,age      ] GC(260) - age   5:        376 bytes,    1078608 total
[2025-08-28T13:06:48.116+0000][1087812][trace][gc,age      ] GC(260) - age   8:        400 bytes,    1079008 total
[2025-08-28T13:06:48.116+0000][1087812][trace][gc,age      ] GC(260) - age   9:        224 bytes,    1079232 total
[2025-08-28T13:06:48.116+0000][1087812][trace][gc,age      ] GC(260) - age  12:       2720 bytes,    1081952 total
[2025-08-28T13:06:48.116+0000][1087812][trace][gc,age      ] GC(260) - age  13:       1720 bytes,    1083672 total
[2025-08-28T13:06:48.116+0000][1087812][trace][gc,age      ] GC(260) - age  14:        696 bytes,    1084368 total
[2025-08-28T13:06:48.116+0000][1087812][info ][gc,heap     ] GC(260) Eden regions: 75->0(75)
[2025-08-28T13:06:48.116+0000][1087812][info ][gc,heap     ] GC(260) Survivor regions: 1->1(10)
[2025-08-28T13:06:48.116+0000][1087812][info ][gc,heap     ] GC(260) Old regions: 26->26
[2025-08-28T13:06:48.116+0000][1087812][info ][gc,heap     ] GC(260) Humongous regions: 0->0
[2025-08-28T13:06:48.116+0000][1087812][info ][gc,metaspace] GC(260) Metaspace: 144371K(148416K)->144371K(148416K) NonClass: 124857K(126976K)->124857K(126976K) Class: 19514K(21440K)->19514K(21440K)
[2025-08-28T13:06:48.116+0000][1087812][info ][gc          ] GC(260) Pause Young (Normal) (G1 Evacuation Pause) 401M->101M(512M) 3.093ms
[2025-08-28T13:06:48.116+0000][1087812][info ][gc,cpu      ] GC(260) User=0.01s Sys=0.01s Real=0.00s
[2025-08-28T13:06:48.116+0000][1087812][info ][safepoint   ] Safepoint "G1CollectForAllocation", Time since last: 1997301936 ns, Reaching safepoint: 46560 ns, Cleanup: 3936 ns, At safepoint: 3362071 ns, Total: 3412567 ns
[2025-08-28T13:06:50.114+0000][1087812][info ][gc,start    ] GC(261) Pause Young (Normal) (G1 Evacuation Pause)
[2025-08-28T13:06:50.114+0000][1087812][info ][gc,task     ] GC(261) Using 12 workers of 33 for evacuation
[2025-08-28T13:06:50.114+0000][1087812][debug][gc,age      ] GC(261) Desired survivor size 20971520 bytes, new threshold 15 (max threshold 15)
[2025-08-28T13:06:50.116+0000][1087812][info ][gc,phases   ] GC(261)   Pre Evacuate Collection Set: 0.2ms
[2025-08-28T13:06:50.116+0000][1087812][info ][gc,phases   ] GC(261)   Merge Heap Roots: 0.1ms
[2025-08-28T13:06:50.116+0000][1087812][info ][gc,phases   ] GC(261)   Evacuate Collection Set: 1.1ms
[2025-08-28T13:06:50.116+0000][1087812][info ][gc,phases   ] GC(261)   Post Evacuate Collection Set: 0.3ms
[2025-08-28T13:06:50.116+0000][1087812][info ][gc,phases   ] GC(261)   Other: 0.1ms
[2025-08-28T13:06:50.116+0000][1087812][trace][gc,age      ] GC(261) Age table with threshold 15 (max threshold 15)
[2025-08-28T13:06:50.116+0000][1087812][trace][gc,age      ] GC(261) - age   1:     921360 bytes,     921360 total
[2025-08-28T13:06:50.116+0000][1087812][trace][gc,age      ] GC(261) - age   2:        224 bytes,     921584 total
[2025-08-28T13:06:50.116+0000][1087812][trace][gc,age      ] GC(261) - age   3:         32 bytes,     921616 total
[2025-08-28T13:06:50.116+0000][1087812][trace][gc,age      ] GC(261) - age   5:       1408 bytes,     923024 total
[2025-08-28T13:06:50.116+0000][1087812][trace][gc,age      ] GC(261) - age   6:        376 bytes,     923400 total
[2025-08-28T13:06:50.116+0000][1087812][trace][gc,age      ] GC(261) - age   9:        400 bytes,     923800 total
[2025-08-28T13:06:50.116+0000][1087812][trace][gc,age      ] GC(261) - age  10:        224 bytes,     924024 total
[2025-08-28T13:06:50.116+0000][1087812][trace][gc,age      ] GC(261) - age  13:       2720 bytes,     926744 total
[2025-08-28T13:06:50.116+0000][1087812][trace][gc,age      ] GC(261) - age  14:       1720 bytes,     928464 total
[2025-08-28T13:06:50.116+0000][1087812][trace][gc,age      ] GC(261) - age  15:        696 bytes,     929160 total
[2025-08-28T13:06:50.116+0000][1087812][info ][gc,heap     ] GC(261) Eden regions: 75->0(75)
[2025-08-28T13:06:50.116+0000][1087812][info ][gc,heap     ] GC(261) Survivor regions: 1->1(10)
[2025-08-28T13:06:50.116+0000][1087812][info ][gc,heap     ] GC(261) Old regions: 26->26
[2025-08-28T13:06:50.116+0000][1087812][info ][gc,heap     ] GC(261) Humongous regions: 0->0
[2025-08-28T13:06:50.116+0000][1087812][info ][gc,metaspace] GC(261) Metaspace: 144371K(148416K)->144371K(148416K) NonClass: 124857K(126976K)->124857K(126976K) Class: 19514K(21440K)->19514K(21440K)
[2025-08-28T13:06:50.116+0000][1087812][info ][gc          ] GC(261) Pause Young (Normal) (G1 Evacuation Pause) 401M->101M(512M) 1.929ms
[2025-08-28T13:06:50.116+0000][1087812][info ][gc,cpu      ] GC(261) User=0.01s Sys=0.00s Real=0.00s
[2025-08-28T13:06:50.116+0000][1087812][info ][safepoint   ] Safepoint "G1CollectForAllocation", Time since last: 1997592682 ns, Reaching safepoint: 33951 ns, Cleanup: 8052 ns, At safepoint: 2114597 ns, Total: 2156600 ns
[2025-08-28T13:06:52.117+0000][1087812][info ][safepoint   ] Safepoint "Cleanup", Time since last: 2000189854 ns, Reaching safepoint: 101072 ns, Cleanup: 18969 ns, At safepoint: 10165 ns, Total: 130206 ns
[2025-08-28T13:06:52.128+0000][1087812][info ][gc,start    ] GC(262) Pause Young (Normal) (G1 Evacuation Pause)
[2025-08-28T13:06:52.128+0000][1087812][info ][gc,task     ] GC(262) Using 12 workers of 33 for evacuation
[2025-08-28T13:06:52.128+0000][1087812][debug][gc,age      ] GC(262) Desired survivor size 20971520 bytes, new threshold 15 (max threshold 15)
[2025-08-28T13:06:52.139+0000][1087812][info ][gc,phases   ] GC(262)   Pre Evacuate Collection Set: 0.2ms
[2025-08-28T13:06:52.139+0000][1087812][info ][gc,phases   ] GC(262)   Merge Heap Roots: 0.1ms
[2025-08-28T13:06:52.139+0000][1087812][info ][gc,phases   ] GC(262)   Evacuate Collection Set: 10.6ms
[2025-08-28T13:06:52.139+0000][1087812][info ][gc,phases   ] GC(262)   Post Evacuate Collection Set: 0.4ms
[2025-08-28T13:06:52.139+0000][1087812][info ][gc,phases   ] GC(262)   Other: 0.1ms
[2025-08-28T13:06:52.139+0000][1087812][trace][gc,age      ] GC(262) Age table with threshold 15 (max threshold 15)
[2025-08-28T13:06:52.139+0000][1087812][trace][gc,age      ] GC(262) - age   1:    1096472 bytes,    1096472 total
[2025-08-28T13:06:52.139+0000][1087812][trace][gc,age      ] GC(262) - age   2:        712 bytes,    1097184 total
[2025-08-28T13:06:52.139+0000][1087812][trace][gc,age      ] GC(262) - age   3:        224 bytes,    1097408 total
[2025-08-28T13:06:52.139+0000][1087812][trace][gc,age      ] GC(262) - age   4:         32 bytes,    1097440 total
[2025-08-28T13:06:52.139+0000][1087812][trace][gc,age      ] GC(262) - age   6:       1168 bytes,    1098608 total
[2025-08-28T13:06:52.139+0000][1087812][trace][gc,age      ] GC(262) - age   7:        376 bytes,    1098984 total
[2025-08-28T13:06:52.139+0000][1087812][trace][gc,age      ] GC(262) - age  10:        400 bytes,    1099384 total
[2025-08-28T13:06:52.139+0000][1087812][trace][gc,age      ] GC(262) - age  14:        696 bytes,    1100080 total
[2025-08-28T13:06:52.139+0000][1087812][trace][gc,age      ] GC(262) - age  15:       1656 bytes,    1101736 total
[2025-08-28T13:06:52.139+0000][1087812][info ][gc,heap     ] GC(262) Eden regions: 75->0(75)
[2025-08-28T13:06:52.139+0000][1087812][info ][gc,heap     ] GC(262) Survivor regions: 1->1(10)
[2025-08-28T13:06:52.139+0000][1087812][info ][gc,heap     ] GC(262) Old regions: 26->26
[2025-08-28T13:06:52.139+0000][1087812][info ][gc,heap     ] GC(262) Humongous regions: 0->0
[2025-08-28T13:06:52.139+0000][1087812][info ][gc,metaspace] GC(262) Metaspace: 144371K(148416K)->144371K(148416K) NonClass: 124857K(126976K)->124857K(126976K) Class: 19514K(21440K)->19514K(21440K)
[2025-08-28T13:06:52.139+0000][1087812][info ][gc          ] GC(262) Pause Young (Normal) (G1 Evacuation Pause) 401M->101M(512M) 11.576ms
[2025-08-28T13:06:52.139+0000][1087812][info ][gc,cpu      ] GC(262) User=0.02s Sys=0.00s Real=0.01s
[2025-08-28T13:06:52.139+0000][1087812][info ][safepoint   ] Safepoint "G1CollectForAllocation", Time since last: 11002078 ns, Reaching safepoint: 32028 ns, Cleanup: 5999 ns, At safepoint: 11842331 ns, Total: 11880358 ns
[2025-08-28T13:06:54.116+0000][1087812][info ][gc,start    ] GC(263) Pause Young (Normal) (G1 Evacuation Pause)
[2025-08-28T13:06:54.116+0000][1087812][info ][gc,task     ] GC(263) Using 12 workers of 33 for evacuation
[2025-08-28T13:06:54.116+0000][1087812][debug][gc,age      ] GC(263) Desired survivor size 20971520 bytes, new threshold 15 (max threshold 15)
[2025-08-28T13:06:54.128+0000][1087812][info ][gc,phases   ] GC(263)   Pre Evacuate Collection Set: 0.2ms
[2025-08-28T13:06:54.128+0000][1087812][info ][gc,phases   ] GC(263)   Merge Heap Roots: 0.1ms
[2025-08-28T13:06:54.128+0000][1087812][info ][gc,phases   ] GC(263)   Evacuate Collection Set: 11.1ms
[2025-08-28T13:06:54.128+0000][1087812][info ][gc,phases   ] GC(263)   Post Evacuate Collection Set: 0.4ms
[2025-08-28T13:06:54.128+0000][1087812][info ][gc,phases   ] GC(263)   Other: 0.1ms
[2025-08-28T13:06:54.128+0000][1087812][trace][gc,age      ] GC(263) Age table with threshold 15 (max threshold 15)
[2025-08-28T13:06:54.128+0000][1087812][trace][gc,age      ] GC(263) - age   1:    1079728 bytes,    1079728 total
[2025-08-28T13:06:54.128+0000][1087812][trace][gc,age      ] GC(263) - age   2:       1160 bytes,    1080888 total
[2025-08-28T13:06:54.128+0000][1087812][trace][gc,age      ] GC(263) - age   3:        712 bytes,    1081600 total
[2025-08-28T13:06:54.128+0000][1087812][trace][gc,age      ] GC(263) - age   4:        224 bytes,    1081824 total
[2025-08-28T13:06:54.128+0000][1087812][trace][gc,age      ] GC(263) - age   5:         32 bytes,    1081856 total
[2025-08-28T13:06:54.128+0000][1087812][trace][gc,age      ] GC(263) - age   7:       1168 bytes,    1083024 total
[2025-08-28T13:06:54.128+0000][1087812][trace][gc,age      ] GC(263) - age   8:        376 bytes,    1083400 total
[2025-08-28T13:06:54.128+0000][1087812][trace][gc,age      ] GC(263) - age  11:        368 bytes,    1083768 total
[2025-08-28T13:06:54.128+0000][1087812][trace][gc,age      ] GC(263) - age  15:        696 bytes,    1084464 total
[2025-08-28T13:06:54.128+0000][1087812][info ][gc,heap     ] GC(263) Eden regions: 75->0(75)
[2025-08-28T13:06:54.128+0000][1087812][info ][gc,heap     ] GC(263) Survivor regions: 1->1(10)
[2025-08-28T13:06:54.128+0000][1087812][info ][gc,heap     ] GC(263) Old regions: 26->26
[2025-08-28T13:06:54.128+0000][1087812][info ][gc,heap     ] GC(263) Humongous regions: 0->0
[2025-08-28T13:06:54.128+0000][1087812][info ][gc,metaspace] GC(263) Metaspace: 144371K(148416K)->144371K(148416K) NonClass: 124857K(126976K)->124857K(126976K) Class: 19514K(21440K)->19514K(21440K)
[2025-08-28T13:06:54.128+0000][1087812][info ][gc          ] GC(263) Pause Young (Normal) (G1 Evacuation Pause) 401M->101M(512M) 12.041ms
[2025-08-28T13:06:54.128+0000][1087812][info ][gc,cpu      ] GC(263) User=0.01s Sys=0.00s Real=0.01s
[2025-08-28T13:06:54.128+0000][1087812][info ][safepoint   ] Safepoint "G1CollectForAllocation", Time since last: 1976047506 ns, Reaching safepoint: 32789 ns, Cleanup: 7781 ns, At safepoint: 12288241 ns, Total: 12328811 ns
[2025-08-28T13:06:56.104+0000][1087812][info ][gc,start    ] GC(264) Pause Young (Normal) (G1 Evacuation Pause)
[2025-08-28T13:06:56.104+0000][1087812][info ][gc,task     ] GC(264) Using 12 workers of 33 for evacuation
[2025-08-28T13:06:56.104+0000][1087812][debug][gc,age      ] GC(264) Desired survivor size 20971520 bytes, new threshold 15 (max threshold 15)
[2025-08-28T13:06:56.106+0000][1087812][info ][gc,phases   ] GC(264)   Pre Evacuate Collection Set: 0.2ms
[2025-08-28T13:06:56.106+0000][1087812][info ][gc,phases   ] GC(264)   Merge Heap Roots: 0.1ms
[2025-08-28T13:06:56.106+0000][1087812][info ][gc,phases   ] GC(264)   Evacuate Collection Set: 0.9ms
[2025-08-28T13:06:56.106+0000][1087812][info ][gc,phases   ] GC(264)   Post Evacuate Collection Set: 0.4ms
[2025-08-28T13:06:56.106+0000][1087812][info ][gc,phases   ] GC(264)   Other: 0.1ms
[2025-08-28T13:06:56.106+0000][1087812][trace][gc,age      ] GC(264) Age table with threshold 15 (max threshold 15)
[2025-08-28T13:06:56.106+0000][1087812][trace][gc,age      ] GC(264) - age   1:    1120680 bytes,    1120680 total
[2025-08-28T13:06:56.106+0000][1087812][trace][gc,age      ] GC(264) - age   2:       3832 bytes,    1124512 total
[2025-08-28T13:06:56.106+0000][1087812][trace][gc,age      ] GC(264) - age   3:       1160 bytes,    1125672 total
[2025-08-28T13:06:56.106+0000][1087812][trace][gc,age      ] GC(264) - age   5:        224 bytes,    1125896 total
[2025-08-28T13:06:56.106+0000][1087812][trace][gc,age      ] GC(264) - age   6:         32 bytes,    1125928 total
[2025-08-28T13:06:56.106+0000][1087812][trace][gc,age      ] GC(264) - age   8:       1168 bytes,    1127096 total
[2025-08-28T13:06:56.106+0000][1087812][trace][gc,age      ] GC(264) - age   9:        376 bytes,    1127472 total
[2025-08-28T13:06:56.106+0000][1087812][trace][gc,age      ] GC(264) - age  12:        368 bytes,    1127840 total
[2025-08-28T13:06:56.106+0000][1087812][info ][gc,heap     ] GC(264) Eden regions: 75->0(75)
[2025-08-28T13:06:56.106+0000][1087812][info ][gc,heap     ] GC(264) Survivor regions: 1->1(10)
[2025-08-28T13:06:56.106+0000][1087812][info ][gc,heap     ] GC(264) Old regions: 26->26
[2025-08-28T13:06:56.106+0000][1087812][info ][gc,heap     ] GC(264) Humongous regions: 0->0
[2025-08-28T13:06:56.106+0000][1087812][info ][gc,metaspace] GC(264) Metaspace: 144371K(148416K)->144371K(148416K) NonClass: 124857K(126976K)->124857K(126976K) Class: 19514K(21440K)->19514K(21440K)
[2025-08-28T13:06:56.106+0000][1087812][info ][gc          ] GC(264) Pause Young (Normal) (G1 Evacuation Pause) 401M->101M(512M) 1.755ms
[2025-08-28T13:06:56.106+0000][1087812][info ][gc,cpu      ] GC(264) User=0.01s Sys=0.00s Real=0.00s
[2025-08-28T13:06:56.106+0000][1087812][info ][safepoint   ] Safepoint "G1CollectForAllocation", Time since last: 1976382870 ns, Reaching safepoint: 23625 ns, Cleanup: 4517 ns, At safepoint: 1954045 ns, Total: 1982187 ns
[2025-08-28T13:06:58.091+0000][1087812][info ][gc,start    ] GC(265) Pause Young (Normal) (G1 Evacuation Pause)
[2025-08-28T13:06:58.091+0000][1087812][info ][gc,task     ] GC(265) Using 12 workers of 33 for evacuation
[2025-08-28T13:06:58.091+0000][1087812][debug][gc,age      ] GC(265) Desired survivor size 20971520 bytes, new threshold 15 (max threshold 15)
[2025-08-28T13:06:58.093+0000][1087812][info ][gc,phases   ] GC(265)   Pre Evacuate Collection Set: 0.2ms
[2025-08-28T13:06:58.093+0000][1087812][info ][gc,phases   ] GC(265)   Merge Heap Roots: 0.1ms
[2025-08-28T13:06:58.093+0000][1087812][info ][gc,phases   ] GC(265)   Evacuate Collection Set: 1.0ms
[2025-08-28T13:06:58.093+0000][1087812][info ][gc,phases   ] GC(265)   Post Evacuate Collection Set: 0.4ms
[2025-08-28T13:06:58.093+0000][1087812][info ][gc,phases   ] GC(265)   Other: 0.1ms
[2025-08-28T13:06:58.093+0000][1087812][trace][gc,age      ] GC(265) Age table with threshold 15 (max threshold 15)
[2025-08-28T13:06:58.093+0000][1087812][trace][gc,age      ] GC(265) - age   1:     789408 bytes,     789408 total
[2025-08-28T13:06:58.093+0000][1087812][trace][gc,age      ] GC(265) - age   2:        744 bytes,     790152 total
[2025-08-28T13:06:58.093+0000][1087812][trace][gc,age      ] GC(265) - age   3:       3832 bytes,     793984 total
[2025-08-28T13:06:58.093+0000][1087812][trace][gc,age      ] GC(265) - age   4:       1160 bytes,     795144 total
[2025-08-28T13:06:58.093+0000][1087812][trace][gc,age      ] GC(265) - age   6:        224 bytes,     795368 total
[2025-08-28T13:06:58.093+0000][1087812][trace][gc,age      ] GC(265) - age   7:         32 bytes,     795400 total
[2025-08-28T13:06:58.093+0000][1087812][trace][gc,age      ] GC(265) - age   9:       1168 bytes,     796568 total
[2025-08-28T13:06:58.093+0000][1087812][trace][gc,age      ] GC(265) - age  10:        376 bytes,     796944 total
[2025-08-28T13:06:58.093+0000][1087812][trace][gc,age      ] GC(265) - age  13:        368 bytes,     797312 total
[2025-08-28T13:06:58.093+0000][1087812][info ][gc,heap     ] GC(265) Eden regions: 75->0(75)
[2025-08-28T13:06:58.093+0000][1087812][info ][gc,heap     ] GC(265) Survivor regions: 1->1(10)
[2025-08-28T13:06:58.093+0000][1087812][info ][gc,heap     ] GC(265) Old regions: 26->26
[2025-08-28T13:06:58.093+0000][1087812][info ][gc,heap     ] GC(265) Humongous regions: 0->0
[2025-08-28T13:06:58.093+0000][1087812][info ][gc,metaspace] GC(265) Metaspace: 144371K(148416K)->144371K(148416K) NonClass: 124857K(126976K)->124857K(126976K) Class: 19514K(21440K)->19514K(21440K)
[2025-08-28T13:06:58.093+0000][1087812][info ][gc          ] GC(265) Pause Young (Normal) (G1 Evacuation Pause) 401M->101M(512M) 1.875ms
[2025-08-28T13:06:58.093+0000][1087812][info ][gc,cpu      ] GC(265) User=0.01s Sys=0.00s Real=0.00s
[2025-08-28T13:06:58.093+0000][1087812][info ][safepoint   ] Safepoint "G1CollectForAllocation", Time since last: 1985130632 ns, Reaching safepoint: 24807 ns, Cleanup: 4737 ns, At safepoint: 2018543 ns, Total: 2048087 ns
[2025-08-28T13:07:00.066+0000][1087812][info ][gc,start    ] GC(266) Pause Young (Normal) (G1 Evacuation Pause)
[2025-08-28T13:07:00.066+0000][1087812][info ][gc,task     ] GC(266) Using 12 workers of 33 for evacuation
[2025-08-28T13:07:00.066+0000][1087812][debug][gc,age      ] GC(266) Desired survivor size 20971520 bytes, new threshold 15 (max threshold 15)
[2025-08-28T13:07:00.068+0000][1087812][info ][gc,phases   ] GC(266)   Pre Evacuate Collection Set: 0.2ms
[2025-08-28T13:07:00.068+0000][1087812][info ][gc,phases   ] GC(266)   Merge Heap Roots: 0.1ms
[2025-08-28T13:07:00.068+0000][1087812][info ][gc,phases   ] GC(266)   Evacuate Collection Set: 1.4ms
[2025-08-28T13:07:00.068+0000][1087812][info ][gc,phases   ] GC(266)   Post Evacuate Collection Set: 0.3ms
[2025-08-28T13:07:00.068+0000][1087812][info ][gc,phases   ] GC(266)   Other: 0.1ms
[2025-08-28T13:07:00.068+0000][1087812][trace][gc,age      ] GC(266) Age table with threshold 15 (max threshold 15)
[2025-08-28T13:07:00.068+0000][1087812][trace][gc,age      ] GC(266) - age   1:    1076568 bytes,    1076568 total
[2025-08-28T13:07:00.068+0000][1087812][trace][gc,age      ] GC(266) - age   3:         32 bytes,    1076600 total
[2025-08-28T13:07:00.068+0000][1087812][trace][gc,age      ] GC(266) - age   4:       3832 bytes,    1080432 total
[2025-08-28T13:07:00.068+0000][1087812][trace][gc,age      ] GC(266) - age   5:       1160 bytes,    1081592 total
[2025-08-28T13:07:00.068+0000][1087812][trace][gc,age      ] GC(266) - age   7:        224 bytes,    1081816 total
[2025-08-28T13:07:00.068+0000][1087812][trace][gc,age      ] GC(266) - age   8:         32 bytes,    1081848 total
[2025-08-28T13:07:00.068+0000][1087812][trace][gc,age      ] GC(266) - age  10:       1168 bytes,    1083016 total
[2025-08-28T13:07:00.068+0000][1087812][trace][gc,age      ] GC(266) - age  11:        376 bytes,    1083392 total
[2025-08-28T13:07:00.068+0000][1087812][trace][gc,age      ] GC(266) - age  14:        368 bytes,    1083760 total
[2025-08-28T13:07:00.068+0000][1087812][info ][gc,heap     ] GC(266) Eden regions: 75->0(75)
[2025-08-28T13:07:00.068+0000][1087812][info ][gc,heap     ] GC(266) Survivor regions: 1->1(10)
[2025-08-28T13:07:00.068+0000][1087812][info ][gc,heap     ] GC(266) Old regions: 26->26
[2025-08-28T13:07:00.068+0000][1087812][info ][gc,heap     ] GC(266) Humongous regions: 0->0
[2025-08-28T13:07:00.068+0000][1087812][info ][gc,metaspace] GC(266) Metaspace: 144376K(148416K)->144376K(148416K) NonClass: 124862K(126976K)->124862K(126976K) Class: 19514K(21440K)->19514K(21440K)
[2025-08-28T13:07:00.068+0000][1087812][info ][gc          ] GC(266) Pause Young (Normal) (G1 Evacuation Pause) 401M->101M(512M) 2.229ms
[2025-08-28T13:07:00.068+0000][1087812][info ][gc,cpu      ] GC(266) User=0.01s Sys=0.00s Real=0.00s
[2025-08-28T13:07:00.068+0000][1087812][info ][safepoint   ] Safepoint "G1CollectForAllocation", Time since last: 1972124322 ns, Reaching safepoint: 25028 ns, Cleanup: 4536 ns, At safepoint: 2390121 ns, Total: 2419685 ns
[2025-08-28T13:07:02.035+0000][1087812][info ][gc,start    ] GC(267) Pause Young (Normal) (G1 Evacuation Pause)
[2025-08-28T13:07:02.035+0000][1087812][info ][gc,task     ] GC(267) Using 12 workers of 33 for evacuation
[2025-08-28T13:07:02.035+0000][1087812][debug][gc,age      ] GC(267) Desired survivor size 20971520 bytes, new threshold 15 (max threshold 15)
[2025-08-28T13:07:02.037+0000][1087812][info ][gc,phases   ] GC(267)   Pre Evacuate Collection Set: 0.2ms
[2025-08-28T13:07:02.037+0000][1087812][info ][gc,phases   ] GC(267)   Merge Heap Roots: 0.1ms
[2025-08-28T13:07:02.037+0000][1087812][info ][gc,phases   ] GC(267)   Evacuate Collection Set: 1.3ms
[2025-08-28T13:07:02.037+0000][1087812][info ][gc,phases   ] GC(267)   Post Evacuate Collection Set: 0.4ms
[2025-08-28T13:07:02.037+0000][1087812][info ][gc,phases   ] GC(267)   Other: 0.1ms
[2025-08-28T13:07:02.037+0000][1087812][trace][gc,age      ] GC(267) Age table with threshold 15 (max threshold 15)
[2025-08-28T13:07:02.037+0000][1087812][trace][gc,age      ] GC(267) - age   1:    1093056 bytes,    1093056 total
[2025-08-28T13:07:02.037+0000][1087812][trace][gc,age      ] GC(267) - age   2:        712 bytes,    1093768 total
[2025-08-28T13:07:02.037+0000][1087812][trace][gc,age      ] GC(267) - age   4:         32 bytes,    1093800 total
[2025-08-28T13:07:02.037+0000][1087812][trace][gc,age      ] GC(267) - age   5:       3832 bytes,    1097632 total
[2025-08-28T13:07:02.037+0000][1087812][trace][gc,age      ] GC(267) - age   6:        920 bytes,    1098552 total
[2025-08-28T13:07:02.037+0000][1087812][trace][gc,age      ] GC(267) - age   8:        224 bytes,    1098776 total
[2025-08-28T13:07:02.037+0000][1087812][trace][gc,age      ] GC(267) - age   9:         32 bytes,    1098808 total
[2025-08-28T13:07:02.037+0000][1087812][trace][gc,age      ] GC(267) - age  11:       1168 bytes,    1099976 total
[2025-08-28T13:07:02.037+0000][1087812][trace][gc,age      ] GC(267) - age  12:        376 bytes,    1100352 total
[2025-08-28T13:07:02.037+0000][1087812][trace][gc,age      ] GC(267) - age  15:        368 bytes,    1100720 total
[2025-08-28T13:07:02.037+0000][1087812][info ][gc,heap     ] GC(267) Eden regions: 75->0(75)
[2025-08-28T13:07:02.037+0000][1087812][info ][gc,heap     ] GC(267) Survivor regions: 1->1(10)
[2025-08-28T13:07:02.037+0000][1087812][info ][gc,heap     ] GC(267) Old regions: 26->26
[2025-08-28T13:07:02.037+0000][1087812][info ][gc,heap     ] GC(267) Humongous regions: 0->0
[2025-08-28T13:07:02.037+0000][1087812][info ][gc,metaspace] GC(267) Metaspace: 144377K(148416K)->144377K(148416K) NonClass: 124863K(126976K)->124863K(126976K) Class: 19514K(21440K)->19514K(21440K)
[2025-08-28T13:07:02.037+0000][1087812][info ][gc          ] GC(267) Pause Young (Normal) (G1 Evacuation Pause) 401M->101M(512M) 2.149ms
[2025-08-28T13:07:02.037+0000][1087812][info ][gc,cpu      ] GC(267) User=0.01s Sys=0.01s Real=0.00s
[2025-08-28T13:07:02.037+0000][1087812][info ][safepoint   ] Safepoint "G1CollectForAllocation", Time since last: 1966790900 ns, Reaching safepoint: 25408 ns, Cleanup: 4087 ns, At safepoint: 2342829 ns, Total: 2372324 ns
[2025-08-28T13:07:04.029+0000][1087812][info ][gc,start    ] GC(268) Pause Young (Normal) (G1 Evacuation Pause)
[2025-08-28T13:07:04.029+0000][1087812][info ][gc,task     ] GC(268) Using 12 workers of 33 for evacuation
[2025-08-28T13:07:04.029+0000][1087812][debug][gc,age      ] GC(268) Desired survivor size 20971520 bytes, new threshold 15 (max threshold 15)
[2025-08-28T13:07:04.031+0000][1087812][info ][gc,phases   ] GC(268)   Pre Evacuate Collection Set: 0.2ms
[2025-08-28T13:07:04.031+0000][1087812][info ][gc,phases   ] GC(268)   Merge Heap Roots: 0.0ms
[2025-08-28T13:07:04.031+0000][1087812][info ][gc,phases   ] GC(268)   Evacuate Collection Set: 1.2ms
[2025-08-28T13:07:04.031+0000][1087812][info ][gc,phases   ] GC(268)   Post Evacuate Collection Set: 0.4ms
[2025-08-28T13:07:04.031+0000][1087812][info ][gc,phases   ] GC(268)   Other: 0.1ms
[2025-08-28T13:07:04.031+0000][1087812][trace][gc,age      ] GC(268) Age table with threshold 15 (max threshold 15)
[2025-08-28T13:07:04.031+0000][1087812][trace][gc,age      ] GC(268) - age   1:     871968 bytes,     871968 total
[2025-08-28T13:07:04.031+0000][1087812][trace][gc,age      ] GC(268) - age   2:        304 bytes,     872272 total
[2025-08-28T13:07:04.031+0000][1087812][trace][gc,age      ] GC(268) - age   3:        712 bytes,     872984 total
[2025-08-28T13:07:04.031+0000][1087812][trace][gc,age      ] GC(268) - age   5:         32 bytes,     873016 total
[2025-08-28T13:07:04.031+0000][1087812][trace][gc,age      ] GC(268) - age   6:       3800 bytes,     876816 total
[2025-08-28T13:07:04.031+0000][1087812][trace][gc,age      ] GC(268) - age   7:        920 bytes,     877736 total
[2025-08-28T13:07:04.031+0000][1087812][trace][gc,age      ] GC(268) - age   9:        224 bytes,     877960 total
[2025-08-28T13:07:04.031+0000][1087812][trace][gc,age      ] GC(268) - age  10:         32 bytes,     877992 total
[2025-08-28T13:07:04.031+0000][1087812][trace][gc,age      ] GC(268) - age  12:       1168 bytes,     879160 total
[2025-08-28T13:07:04.031+0000][1087812][trace][gc,age      ] GC(268) - age  13:        376 bytes,     879536 total
[2025-08-28T13:07:04.031+0000][1087812][info ][gc,heap     ] GC(268) Eden regions: 75->0(75)
[2025-08-28T13:07:04.031+0000][1087812][info ][gc,heap     ] GC(268) Survivor regions: 1->1(10)
[2025-08-28T13:07:04.031+0000][1087812][info ][gc,heap     ] GC(268) Old regions: 26->26
[2025-08-28T13:07:04.031+0000][1087812][info ][gc,heap     ] GC(268) Humongous regions: 0->0
[2025-08-28T13:07:04.031+0000][1087812][info ][gc,metaspace] GC(268) Metaspace: 144377K(148416K)->144377K(148416K) NonClass: 124863K(126976K)->124863K(126976K) Class: 19514K(21440K)->19514K(21440K)
[2025-08-28T13:07:04.031+0000][1087812][info ][gc          ] GC(268) Pause Young (Normal) (G1 Evacuation Pause) 401M->101M(512M) 2.039ms
[2025-08-28T13:07:04.031+0000][1087812][info ][gc,cpu      ] GC(268) User=0.01s Sys=0.00s Real=0.01s
[2025-08-28T13:07:04.031+0000][1087812][info ][safepoint   ] Safepoint "G1CollectForAllocation", Time since last: 1991792870 ns, Reaching safepoint: 24116 ns, Cleanup: 4908 ns, At safepoint: 2236409 ns, Total: 2265433 ns
[2025-08-28T13:07:05.031+0000][1087812][info ][safepoint   ] Safepoint "Cleanup", Time since last: 1000096279 ns, Reaching safepoint: 26470 ns, Cleanup: 13560 ns, At safepoint: 3295 ns, Total: 43325 ns
[2025-08-28T13:07:06.003+0000][1087812][info ][gc,start    ] GC(269) Pause Young (Normal) (G1 Evacuation Pause)
[2025-08-28T13:07:06.003+0000][1087812][info ][gc,task     ] GC(269) Using 12 workers of 33 for evacuation
[2025-08-28T13:07:06.003+0000][1087812][debug][gc,age      ] GC(269) Desired survivor size 20971520 bytes, new threshold 15 (max threshold 15)
[2025-08-28T13:07:06.005+0000][1087812][info ][gc,phases   ] GC(269)   Pre Evacuate Collection Set: 0.2ms
[2025-08-28T13:07:06.005+0000][1087812][info ][gc,phases   ] GC(269)   Merge Heap Roots: 0.1ms
[2025-08-28T13:07:06.005+0000][1087812][info ][gc,phases   ] GC(269)   Evacuate Collection Set: 1.4ms
[2025-08-28T13:07:06.005+0000][1087812][info ][gc,phases   ] GC(269)   Post Evacuate Collection Set: 0.4ms
[2025-08-28T13:07:06.005+0000][1087812][info ][gc,phases   ] GC(269)   Other: 0.1ms
[2025-08-28T13:07:06.005+0000][1087812][trace][gc,age      ] GC(269) Age table with threshold 15 (max threshold 15)
[2025-08-28T13:07:06.005+0000][1087812][trace][gc,age      ] GC(269) - age   1:    1259160 bytes,    1259160 total
[2025-08-28T13:07:06.005+0000][1087812][trace][gc,age      ] GC(269) - age   2:        400 bytes,    1259560 total
[2025-08-28T13:07:06.005+0000][1087812][trace][gc,age      ] GC(269) - age   3:        304 bytes,    1259864 total
[2025-08-28T13:07:06.005+0000][1087812][trace][gc,age      ] GC(269) - age   6:         32 bytes,    1259896 total
[2025-08-28T13:07:06.005+0000][1087812][trace][gc,age      ] GC(269) - age   7:       3800 bytes,    1263696 total
[2025-08-28T13:07:06.005+0000][1087812][trace][gc,age      ] GC(269) - age   8:        920 bytes,    1264616 total
[2025-08-28T13:07:06.005+0000][1087812][trace][gc,age      ] GC(269) - age  10:        224 bytes,    1264840 total
[2025-08-28T13:07:06.005+0000][1087812][trace][gc,age      ] GC(269) - age  11:         32 bytes,    1264872 total
[2025-08-28T13:07:06.005+0000][1087812][trace][gc,age      ] GC(269) - age  13:       1168 bytes,    1266040 total
[2025-08-28T13:07:06.005+0000][1087812][trace][gc,age      ] GC(269) - age  14:        376 bytes,    1266416 total
[2025-08-28T13:07:06.005+0000][1087812][info ][gc,heap     ] GC(269) Eden regions: 75->0(75)
[2025-08-28T13:07:06.005+0000][1087812][info ][gc,heap     ] GC(269) Survivor regions: 1->1(10)
[2025-08-28T13:07:06.005+0000][1087812][info ][gc,heap     ] GC(269) Old regions: 26->26
[2025-08-28T13:07:06.005+0000][1087812][info ][gc,heap     ] GC(269) Humongous regions: 0->0
[2025-08-28T13:07:06.005+0000][1087812][info ][gc,metaspace] GC(269) Metaspace: 144377K(148416K)->144377K(148416K) NonClass: 124863K(126976K)->124863K(126976K) Class: 19514K(21440K)->19514K(21440K)
[2025-08-28T13:07:06.005+0000][1087812][info ][gc          ] GC(269) Pause Young (Normal) (G1 Evacuation Pause) 401M->101M(512M) 2.402ms
[2025-08-28T13:07:06.005+0000][1087812][info ][gc,cpu      ] GC(269) User=0.01s Sys=0.00s Real=0.00s
[2025-08-28T13:07:06.005+0000][1087812][info ][safepoint   ] Safepoint "G1CollectForAllocation", Time since last: 971387231 ns, Reaching safepoint: 25508 ns, Cleanup: 4667 ns, At safepoint: 2663962 ns, Total: 2694137 ns
[2025-08-28T13:07:08.004+0000][1087812][info ][gc,start    ] GC(270) Pause Young (Normal) (G1 Evacuation Pause)
[2025-08-28T13:07:08.004+0000][1087812][info ][gc,task     ] GC(270) Using 12 workers of 33 for evacuation
[2025-08-28T13:07:08.004+0000][1087812][debug][gc,age      ] GC(270) Desired survivor size 20971520 bytes, new threshold 15 (max threshold 15)
[2025-08-28T13:07:08.006+0000][1087812][info ][gc,phases   ] GC(270)   Pre Evacuate Collection Set: 0.2ms
[2025-08-28T13:07:08.006+0000][1087812][info ][gc,phases   ] GC(270)   Merge Heap Roots: 0.1ms
[2025-08-28T13:07:08.006+0000][1087812][info ][gc,phases   ] GC(270)   Evacuate Collection Set: 1.1ms
[2025-08-28T13:07:08.006+0000][1087812][info ][gc,phases   ] GC(270)   Post Evacuate Collection Set: 0.4ms
[2025-08-28T13:07:08.006+0000][1087812][info ][gc,phases   ] GC(270)   Other: 0.1ms
[2025-08-28T13:07:08.006+0000][1087812][trace][gc,age      ] GC(270) Age table with threshold 15 (max threshold 15)
[2025-08-28T13:07:08.006+0000][1087812][trace][gc,age      ] GC(270) - age   1:     556456 bytes,     556456 total
[2025-08-28T13:07:08.006+0000][1087812][trace][gc,age      ] GC(270) - age   2:        712 bytes,     557168 total
[2025-08-28T13:07:08.006+0000][1087812][trace][gc,age      ] GC(270) - age   3:        400 bytes,     557568 total
[2025-08-28T13:07:08.006+0000][1087812][trace][gc,age      ] GC(270) - age   4:        304 bytes,     557872 total
[2025-08-28T13:07:08.006+0000][1087812][trace][gc,age      ] GC(270) - age   7:         32 bytes,     557904 total
[2025-08-28T13:07:08.006+0000][1087812][trace][gc,age      ] GC(270) - age   8:       3800 bytes,     561704 total
[2025-08-28T13:07:08.006+0000][1087812][trace][gc,age      ] GC(270) - age   9:        920 bytes,     562624 total
[2025-08-28T13:07:08.006+0000][1087812][trace][gc,age      ] GC(270) - age  11:        224 bytes,     562848 total
[2025-08-28T13:07:08.006+0000][1087812][trace][gc,age      ] GC(270) - age  12:         32 bytes,     562880 total
[2025-08-28T13:07:08.006+0000][1087812][trace][gc,age      ] GC(270) - age  14:       1168 bytes,     564048 total
[2025-08-28T13:07:08.006+0000][1087812][trace][gc,age      ] GC(270) - age  15:        376 bytes,     564424 total
[2025-08-28T13:07:08.006+0000][1087812][info ][gc,heap     ] GC(270) Eden regions: 75->0(75)
[2025-08-28T13:07:08.006+0000][1087812][info ][gc,heap     ] GC(270) Survivor regions: 1->1(10)
[2025-08-28T13:07:08.006+0000][1087812][info ][gc,heap     ] GC(270) Old regions: 26->26
[2025-08-28T13:07:08.006+0000][1087812][info ][gc,heap     ] GC(270) Humongous regions: 0->0
[2025-08-28T13:07:08.006+0000][1087812][info ][gc,metaspace] GC(270) Metaspace: 144377K(148416K)->144377K(148416K) NonClass: 124863K(126976K)->124863K(126976K) Class: 19514K(21440K)->19514K(21440K)
[2025-08-28T13:07:08.006+0000][1087812][info ][gc          ] GC(270) Pause Young (Normal) (G1 Evacuation Pause) 401M->100M(512M) 2.156ms
[2025-08-28T13:07:08.007+0000][1087812][info ][gc,cpu      ] GC(270) User=0.00s Sys=0.01s Real=0.00s
[2025-08-28T13:07:08.007+0000][1087812][info ][safepoint   ] Safepoint "G1CollectForAllocation", Time since last: 1998732665 ns, Reaching safepoint: 38769 ns, Cleanup: 8903 ns, At safepoint: 2432315 ns, Total: 2479987 ns
[2025-08-28T13:07:09.992+0000][1087812][info ][gc,start    ] GC(271) Pause Young (Normal) (G1 Evacuation Pause)
[2025-08-28T13:07:09.992+0000][1087812][info ][gc,task     ] GC(271) Using 12 workers of 33 for evacuation
[2025-08-28T13:07:09.992+0000][1087812][debug][gc,age      ] GC(271) Desired survivor size 20971520 bytes, new threshold 15 (max threshold 15)
[2025-08-28T13:07:09.993+0000][1087812][info ][gc,phases   ] GC(271)   Pre Evacuate Collection Set: 0.2ms
[2025-08-28T13:07:09.994+0000][1087812][info ][gc,phases   ] GC(271)   Merge Heap Roots: 0.1ms
[2025-08-28T13:07:09.994+0000][1087812][info ][gc,phases   ] GC(271)   Evacuate Collection Set: 1.1ms
[2025-08-28T13:07:09.994+0000][1087812][info ][gc,phases   ] GC(271)   Post Evacuate Collection Set: 0.4ms
[2025-08-28T13:07:09.994+0000][1087812][info ][gc,phases   ] GC(271)   Other: 0.1ms
[2025-08-28T13:07:09.994+0000][1087812][trace][gc,age      ] GC(271) Age table with threshold 15 (max threshold 15)
[2025-08-28T13:07:09.994+0000][1087812][trace][gc,age      ] GC(271) - age   1:     855144 bytes,     855144 total
[2025-08-28T13:07:09.994+0000][1087812][trace][gc,age      ] GC(271) - age   4:        400 bytes,     855544 total
[2025-08-28T13:07:09.994+0000][1087812][trace][gc,age      ] GC(271) - age   5:        304 bytes,     855848 total
[2025-08-28T13:07:09.994+0000][1087812][trace][gc,age      ] GC(271) - age   8:         32 bytes,     855880 total
[2025-08-28T13:07:09.994+0000][1087812][trace][gc,age      ] GC(271) - age   9:       3800 bytes,     859680 total
[2025-08-28T13:07:09.994+0000][1087812][trace][gc,age      ] GC(271) - age  10:        696 bytes,     860376 total
[2025-08-28T13:07:09.994+0000][1087812][trace][gc,age      ] GC(271) - age  12:        224 bytes,     860600 total
[2025-08-28T13:07:09.994+0000][1087812][trace][gc,age      ] GC(271) - age  13:         32 bytes,     860632 total
[2025-08-28T13:07:09.994+0000][1087812][trace][gc,age      ] GC(271) - age  15:       1168 bytes,     861800 total
[2025-08-28T13:07:09.994+0000][1087812][info ][gc,heap     ] GC(271) Eden regions: 75->0(75)
[2025-08-28T13:07:09.994+0000][1087812][info ][gc,heap     ] GC(271) Survivor regions: 1->1(10)
[2025-08-28T13:07:09.994+0000][1087812][info ][gc,heap     ] GC(271) Old regions: 26->26
[2025-08-28T13:07:09.994+0000][1087812][info ][gc,heap     ] GC(271) Humongous regions: 0->0
[2025-08-28T13:07:09.994+0000][1087812][info ][gc,metaspace] GC(271) Metaspace: 144377K(148416K)->144377K(148416K) NonClass: 124863K(126976K)->124863K(126976K) Class: 19514K(21440K)->19514K(21440K)
[2025-08-28T13:07:09.994+0000][1087812][info ][gc          ] GC(271) Pause Young (Normal) (G1 Evacuation Pause) 400M->101M(512M) 2.044ms
[2025-08-28T13:07:09.994+0000][1087812][info ][gc,cpu      ] GC(271) User=0.00s Sys=0.00s Real=0.00s
[2025-08-28T13:07:09.994+0000][1087812][info ][safepoint   ] Safepoint "G1CollectForAllocation", Time since last: 1984948171 ns, Reaching safepoint: 26861 ns, Cleanup: 4176 ns, At safepoint: 2312625 ns, Total: 2343662 ns
[2025-08-28T13:07:12.001+0000][1087812][info ][gc,start    ] GC(272) Pause Young (Normal) (G1 Evacuation Pause)
[2025-08-28T13:07:12.001+0000][1087812][info ][gc,task     ] GC(272) Using 12 workers of 33 for evacuation
[2025-08-28T13:07:12.001+0000][1087812][debug][gc,age      ] GC(272) Desired survivor size 20971520 bytes, new threshold 15 (max threshold 15)
[2025-08-28T13:07:12.003+0000][1087812][info ][gc,phases   ] GC(272)   Pre Evacuate Collection Set: 0.3ms
[2025-08-28T13:07:12.003+0000][1087812][info ][gc,phases   ] GC(272)   Merge Heap Roots: 0.1ms
[2025-08-28T13:07:12.003+0000][1087812][info ][gc,phases   ] GC(272)   Evacuate Collection Set: 1.4ms
[2025-08-28T13:07:12.003+0000][1087812][info ][gc,phases   ] GC(272)   Post Evacuate Collection Set: 0.5ms
[2025-08-28T13:07:12.004+0000][1087812][info ][gc,phases   ] GC(272)   Other: 0.1ms
[2025-08-28T13:07:12.004+0000][1087812][trace][gc,age      ] GC(272) Age table with threshold 15 (max threshold 15)
[2025-08-28T13:07:12.004+0000][1087812][trace][gc,age      ] GC(272) - age   1:    1094984 bytes,    1094984 total
[2025-08-28T13:07:12.004+0000][1087812][trace][gc,age      ] GC(272) - age   2:       1112 bytes,    1096096 total
[2025-08-28T13:07:12.004+0000][1087812][trace][gc,age      ] GC(272) - age   5:        400 bytes,    1096496 total
[2025-08-28T13:07:12.004+0000][1087812][trace][gc,age      ] GC(272) - age   6:         64 bytes,    1096560 total
[2025-08-28T13:07:12.004+0000][1087812][trace][gc,age      ] GC(272) - age   9:         32 bytes,    1096592 total
[2025-08-28T13:07:12.004+0000][1087812][trace][gc,age      ] GC(272) - age  10:       1776 bytes,    1098368 total
[2025-08-28T13:07:12.004+0000][1087812][trace][gc,age      ] GC(272) - age  11:        696 bytes,    1099064 total
[2025-08-28T13:07:12.004+0000][1087812][trace][gc,age      ] GC(272) - age  13:        224 bytes,    1099288 total
[2025-08-28T13:07:12.004+0000][1087812][trace][gc,age      ] GC(272) - age  14:         32 bytes,    1099320 total
[2025-08-28T13:07:12.004+0000][1087812][info ][gc,heap     ] GC(272) Eden regions: 75->0(75)
[2025-08-28T13:07:12.004+0000][1087812][info ][gc,heap     ] GC(272) Survivor regions: 1->1(10)
[2025-08-28T13:07:12.004+0000][1087812][info ][gc,heap     ] GC(272) Old regions: 26->26
[2025-08-28T13:07:12.004+0000][1087812][info ][gc,heap     ] GC(272) Humongous regions: 0->0
[2025-08-28T13:07:12.004+0000][1087812][info ][gc,metaspace] GC(272) Metaspace: 144377K(148416K)->144377K(148416K) NonClass: 124863K(126976K)->124863K(126976K) Class: 19514K(21440K)->19514K(21440K)
[2025-08-28T13:07:12.004+0000][1087812][info ][gc          ] GC(272) Pause Young (Normal) (G1 Evacuation Pause) 401M->101M(512M) 2.548ms
[2025-08-28T13:07:12.004+0000][1087812][info ][gc,cpu      ] GC(272) User=0.00s Sys=0.01s Real=0.00s
[2025-08-28T13:07:12.004+0000][1087812][info ][safepoint   ] Safepoint "G1CollectForAllocation", Time since last: 2007051775 ns, Reaching safepoint: 37927 ns, Cleanup: 9014 ns, At safepoint: 2819006 ns, Total: 2865947 ns
[2025-08-28T13:07:13.989+0000][1087812][info ][gc,start    ] GC(273) Pause Young (Normal) (G1 Evacuation Pause)
[2025-08-28T13:07:13.989+0000][1087812][info ][gc,task     ] GC(273) Using 12 workers of 33 for evacuation
[2025-08-28T13:07:13.989+0000][1087812][debug][gc,age      ] GC(273) Desired survivor size 20971520 bytes, new threshold 15 (max threshold 15)
[2025-08-28T13:07:13.991+0000][1087812][info ][gc,phases   ] GC(273)   Pre Evacuate Collection Set: 0.2ms
[2025-08-28T13:07:13.991+0000][1087812][info ][gc,phases   ] GC(273)   Merge Heap Roots: 0.1ms
[2025-08-28T13:07:13.991+0000][1087812][info ][gc,phases   ] GC(273)   Evacuate Collection Set: 0.9ms
[2025-08-28T13:07:13.991+0000][1087812][info ][gc,phases   ] GC(273)   Post Evacuate Collection Set: 0.4ms
[2025-08-28T13:07:13.991+0000][1087812][info ][gc,phases   ] GC(273)   Other: 0.1ms
[2025-08-28T13:07:13.991+0000][1087812][trace][gc,age      ] GC(273) Age table with threshold 15 (max threshold 15)
[2025-08-28T13:07:13.991+0000][1087812][trace][gc,age      ] GC(273) - age   1:     672272 bytes,     672272 total
[2025-08-28T13:07:13.991+0000][1087812][trace][gc,age      ] GC(273) - age   2:       2960 bytes,     675232 total
[2025-08-28T13:07:13.991+0000][1087812][trace][gc,age      ] GC(273) - age   3:       1112 bytes,     676344 total
[2025-08-28T13:07:13.991+0000][1087812][trace][gc,age      ] GC(273) - age   6:        400 bytes,     676744 total
[2025-08-28T13:07:13.991+0000][1087812][trace][gc,age      ] GC(273) - age   7:         64 bytes,     676808 total
[2025-08-28T13:07:13.991+0000][1087812][trace][gc,age      ] GC(273) - age  10:         32 bytes,     676840 total
[2025-08-28T13:07:13.991+0000][1087812][trace][gc,age      ] GC(273) - age  11:       1776 bytes,     678616 total
[2025-08-28T13:07:13.991+0000][1087812][trace][gc,age      ] GC(273) - age  12:        696 bytes,     679312 total
[2025-08-28T13:07:13.991+0000][1087812][trace][gc,age      ] GC(273) - age  14:        224 bytes,     679536 total
[2025-08-28T13:07:13.991+0000][1087812][trace][gc,age      ] GC(273) - age  15:         32 bytes,     679568 total
[2025-08-28T13:07:13.991+0000][1087812][info ][gc,heap     ] GC(273) Eden regions: 75->0(75)
[2025-08-28T13:07:13.991+0000][1087812][info ][gc,heap     ] GC(273) Survivor regions: 1->1(10)
[2025-08-28T13:07:13.991+0000][1087812][info ][gc,heap     ] GC(273) Old regions: 26->26
[2025-08-28T13:07:13.991+0000][1087812][info ][gc,heap     ] GC(273) Humongous regions: 0->0
[2025-08-28T13:07:13.991+0000][1087812][info ][gc,metaspace] GC(273) Metaspace: 144377K(148416K)->144377K(148416K) NonClass: 124863K(126976K)->124863K(126976K) Class: 19514K(21440K)->19514K(21440K)
[2025-08-28T13:07:13.991+0000][1087812][info ][gc          ] GC(273) Pause Young (Normal) (G1 Evacuation Pause) 401M->100M(512M) 1.780ms
[2025-08-28T13:07:13.991+0000][1087812][info ][gc,cpu      ] GC(273) User=0.01s Sys=0.00s Real=0.01s
[2025-08-28T13:07:13.991+0000][1087812][info ][safepoint   ] Safepoint "G1CollectForAllocation", Time since last: 1985509715 ns, Reaching safepoint: 22604 ns, Cleanup: 3706 ns, At safepoint: 1980556 ns, Total: 2006866 ns
[2025-08-28T13:07:15.978+0000][1087812][info ][gc,start    ] GC(274) Pause Young (Normal) (G1 Evacuation Pause)
[2025-08-28T13:07:15.978+0000][1087812][info ][gc,task     ] GC(274) Using 12 workers of 33 for evacuation
[2025-08-28T13:07:15.978+0000][1087812][debug][gc,age      ] GC(274) Desired survivor size 20971520 bytes, new threshold 15 (max threshold 15)
[2025-08-28T13:07:15.980+0000][1087812][info ][gc,phases   ] GC(274)   Pre Evacuate Collection Set: 0.3ms
[2025-08-28T13:07:15.980+0000][1087812][info ][gc,phases   ] GC(274)   Merge Heap Roots: 0.1ms
[2025-08-28T13:07:15.980+0000][1087812][info ][gc,phases   ] GC(274)   Evacuate Collection Set: 1.4ms
[2025-08-28T13:07:15.980+0000][1087812][info ][gc,phases   ] GC(274)   Post Evacuate Collection Set: 0.4ms
[2025-08-28T13:07:15.980+0000][1087812][info ][gc,phases   ] GC(274)   Other: 0.1ms
[2025-08-28T13:07:15.980+0000][1087812][trace][gc,age      ] GC(274) Age table with threshold 15 (max threshold 15)
[2025-08-28T13:07:15.980+0000][1087812][trace][gc,age      ] GC(274) - age   1:    1219936 bytes,    1219936 total
[2025-08-28T13:07:15.980+0000][1087812][trace][gc,age      ] GC(274) - age   3:       2960 bytes,    1222896 total
[2025-08-28T13:07:15.980+0000][1087812][trace][gc,age      ] GC(274) - age   4:        400 bytes,    1223296 total
[2025-08-28T13:07:15.980+0000][1087812][trace][gc,age      ] GC(274) - age   7:        400 bytes,    1223696 total
[2025-08-28T13:07:15.980+0000][1087812][trace][gc,age      ] GC(274) - age   8:         64 bytes,    1223760 total
[2025-08-28T13:07:15.980+0000][1087812][trace][gc,age      ] GC(274) - age  11:         32 bytes,    1223792 total
[2025-08-28T13:07:15.980+0000][1087812][trace][gc,age      ] GC(274) - age  12:       1776 bytes,    1225568 total
[2025-08-28T13:07:15.980+0000][1087812][trace][gc,age      ] GC(274) - age  13:        696 bytes,    1226264 total
[2025-08-28T13:07:15.980+0000][1087812][trace][gc,age      ] GC(274) - age  15:        224 bytes,    1226488 total
[2025-08-28T13:07:15.980+0000][1087812][info ][gc,heap     ] GC(274) Eden regions: 75->0(75)
[2025-08-28T13:07:15.980+0000][1087812][info ][gc,heap     ] GC(274) Survivor regions: 1->1(10)
[2025-08-28T13:07:15.980+0000][1087812][info ][gc,heap     ] GC(274) Old regions: 26->26
[2025-08-28T13:07:15.980+0000][1087812][info ][gc,heap     ] GC(274) Humongous regions: 0->0
[2025-08-28T13:07:15.980+0000][1087812][info ][gc,metaspace] GC(274) Metaspace: 144377K(148416K)->144377K(148416K) NonClass: 124863K(126976K)->124863K(126976K) Class: 19514K(21440K)->19514K(21440K)
[2025-08-28T13:07:15.980+0000][1087812][info ][gc          ] GC(274) Pause Young (Normal) (G1 Evacuation Pause) 400M->101M(512M) 2.446ms
[2025-08-28T13:07:15.980+0000][1087812][info ][gc,cpu      ] GC(274) User=0.00s Sys=0.01s Real=0.00s
[2025-08-28T13:07:15.980+0000][1087812][info ][safepoint   ] Safepoint "G1CollectForAllocation", Time since last: 1986407584 ns, Reaching safepoint: 65239 ns, Cleanup: 5067 ns, At safepoint: 2700809 ns, Total: 2771115 ns
[2025-08-28T13:07:17.978+0000][1087812][info ][gc,start    ] GC(275) Pause Young (Normal) (G1 Evacuation Pause)
[2025-08-28T13:07:17.978+0000][1087812][info ][gc,task     ] GC(275) Using 12 workers of 33 for evacuation
[2025-08-28T13:07:17.978+0000][1087812][debug][gc,age      ] GC(275) Desired survivor size 20971520 bytes, new threshold 15 (max threshold 15)
[2025-08-28T13:07:17.980+0000][1087812][info ][gc,phases   ] GC(275)   Pre Evacuate Collection Set: 0.2ms
[2025-08-28T13:07:17.980+0000][1087812][info ][gc,phases   ] GC(275)   Merge Heap Roots: 0.1ms
[2025-08-28T13:07:17.980+0000][1087812][info ][gc,phases   ] GC(275)   Evacuate Collection Set: 1.0ms
[2025-08-28T13:07:17.980+0000][1087812][info ][gc,phases   ] GC(275)   Post Evacuate Collection Set: 0.4ms
[2025-08-28T13:07:17.980+0000][1087812][info ][gc,phases   ] GC(275)   Other: 0.1ms
[2025-08-28T13:07:17.980+0000][1087812][trace][gc,age      ] GC(275) Age table with threshold 15 (max threshold 15)
[2025-08-28T13:07:17.980+0000][1087812][trace][gc,age      ] GC(275) - age   1:    1086640 bytes,    1086640 total
[2025-08-28T13:07:17.980+0000][1087812][trace][gc,age      ] GC(275) - age   2:        712 bytes,    1087352 total
[2025-08-28T13:07:17.980+0000][1087812][trace][gc,age      ] GC(275) - age   4:       2960 bytes,    1090312 total
[2025-08-28T13:07:17.980+0000][1087812][trace][gc,age      ] GC(275) - age   5:        400 bytes,    1090712 total
[2025-08-28T13:07:17.980+0000][1087812][trace][gc,age      ] GC(275) - age   8:        400 bytes,    1091112 total
[2025-08-28T13:07:17.980+0000][1087812][trace][gc,age      ] GC(275) - age   9:         64 bytes,    1091176 total
[2025-08-28T13:07:17.980+0000][1087812][trace][gc,age      ] GC(275) - age  12:         32 bytes,    1091208 total
[2025-08-28T13:07:17.980+0000][1087812][trace][gc,age      ] GC(275) - age  13:       1776 bytes,    1092984 total
[2025-08-28T13:07:17.980+0000][1087812][trace][gc,age      ] GC(275) - age  14:        696 bytes,    1093680 total
[2025-08-28T13:07:17.980+0000][1087812][info ][gc,heap     ] GC(275) Eden regions: 75->0(75)
[2025-08-28T13:07:17.980+0000][1087812][info ][gc,heap     ] GC(275) Survivor regions: 1->1(10)
[2025-08-28T13:07:17.980+0000][1087812][info ][gc,heap     ] GC(275) Old regions: 26->26
[2025-08-28T13:07:17.980+0000][1087812][info ][gc,heap     ] GC(275) Humongous regions: 0->0
[2025-08-28T13:07:17.980+0000][1087812][info ][gc,metaspace] GC(275) Metaspace: 144377K(148416K)->144377K(148416K) NonClass: 124863K(126976K)->124863K(126976K) Class: 19514K(21440K)->19514K(21440K)
[2025-08-28T13:07:17.980+0000][1087812][info ][gc          ] GC(275) Pause Young (Normal) (G1 Evacuation Pause) 401M->101M(512M) 1.987ms
[2025-08-28T13:07:17.980+0000][1087812][info ][gc,cpu      ] GC(275) User=0.01s Sys=0.00s Real=0.00s
[2025-08-28T13:07:17.980+0000][1087812][info ][safepoint   ] Safepoint "G1CollectForAllocation", Time since last: 1997198268 ns, Reaching safepoint: 37387 ns, Cleanup: 8813 ns, At safepoint: 2217832 ns, Total: 2264032 ns
[2025-08-28T13:07:18.980+0000][1087812][info ][safepoint   ] Safepoint "Cleanup", Time since last: 1000091452 ns, Reaching safepoint: 37797 ns, Cleanup: 21583 ns, At safepoint: 5658 ns, Total: 65038 ns
[2025-08-28T13:07:19.965+0000][1087812][info ][gc,start    ] GC(276) Pause Young (Normal) (G1 Evacuation Pause)
[2025-08-28T13:07:19.966+0000][1087812][info ][gc,task     ] GC(276) Using 12 workers of 33 for evacuation
[2025-08-28T13:07:19.966+0000][1087812][debug][gc,age      ] GC(276) Desired survivor size 20971520 bytes, new threshold 15 (max threshold 15)
[2025-08-28T13:07:19.968+0000][1087812][info ][gc,phases   ] GC(276)   Pre Evacuate Collection Set: 0.2ms
[2025-08-28T13:07:19.968+0000][1087812][info ][gc,phases   ] GC(276)   Merge Heap Roots: 0.1ms
[2025-08-28T13:07:19.968+0000][1087812][info ][gc,phases   ] GC(276)   Evacuate Collection Set: 1.4ms
[2025-08-28T13:07:19.968+0000][1087812][info ][gc,phases   ] GC(276)   Post Evacuate Collection Set: 0.5ms
[2025-08-28T13:07:19.968+0000][1087812][info ][gc,phases   ] GC(276)   Other: 0.1ms
[2025-08-28T13:07:19.968+0000][1087812][trace][gc,age      ] GC(276) Age table with threshold 15 (max threshold 15)
[2025-08-28T13:07:19.968+0000][1087812][trace][gc,age      ] GC(276) - age   1:    1153632 bytes,    1153632 total
[2025-08-28T13:07:19.968+0000][1087812][trace][gc,age      ] GC(276) - age   5:       2960 bytes,    1156592 total
[2025-08-28T13:07:19.968+0000][1087812][trace][gc,age      ] GC(276) - age   6:        400 bytes,    1156992 total
[2025-08-28T13:07:19.968+0000][1087812][trace][gc,age      ] GC(276) - age   9:        400 bytes,    1157392 total
[2025-08-28T13:07:19.968+0000][1087812][trace][gc,age      ] GC(276) - age  10:         64 bytes,    1157456 total
[2025-08-28T13:07:19.968+0000][1087812][trace][gc,age      ] GC(276) - age  13:         32 bytes,    1157488 total
[2025-08-28T13:07:19.968+0000][1087812][trace][gc,age      ] GC(276) - age  14:       1776 bytes,    1159264 total
[2025-08-28T13:07:19.968+0000][1087812][trace][gc,age      ] GC(276) - age  15:        696 bytes,    1159960 total
[2025-08-28T13:07:19.968+0000][1087812][info ][gc,heap     ] GC(276) Eden regions: 75->0(75)
[2025-08-28T13:07:19.968+0000][1087812][info ][gc,heap     ] GC(276) Survivor regions: 1->1(10)
[2025-08-28T13:07:19.968+0000][1087812][info ][gc,heap     ] GC(276) Old regions: 26->26
[2025-08-28T13:07:19.968+0000][1087812][info ][gc,heap     ] GC(276) Humongous regions: 0->0
[2025-08-28T13:07:19.968+0000][1087812][info ][gc,metaspace] GC(276) Metaspace: 144377K(148416K)->144377K(148416K) NonClass: 124863K(126976K)->124863K(126976K) Class: 19514K(21440K)->19514K(21440K)
[2025-08-28T13:07:19.968+0000][1087812][info ][gc          ] GC(276) Pause Young (Normal) (G1 Evacuation Pause) 401M->101M(512M) 2.498ms
[2025-08-28T13:07:19.968+0000][1087812][info ][gc,cpu      ] GC(276) User=0.00s Sys=0.00s Real=0.00s
[2025-08-28T13:07:19.968+0000][1087812][info ][safepoint   ] Safepoint "G1CollectForAllocation", Time since last: 985232394 ns, Reaching safepoint: 40051 ns, Cleanup: 9514 ns, At safepoint: 2721700 ns, Total: 2771265 ns
[2025-08-28T13:07:21.968+0000][1087812][info ][safepoint   ] Safepoint "Cleanup", Time since last: 2000185417 ns, Reaching safepoint: 41192 ns, Cleanup: 26400 ns, At safepoint: 5178 ns, Total: 72770 ns
[2025-08-28T13:07:21.976+0000][1087812][info ][gc,start    ] GC(277) Pause Young (Normal) (G1 Evacuation Pause)
[2025-08-28T13:07:21.976+0000][1087812][info ][gc,task     ] GC(277) Using 12 workers of 33 for evacuation
[2025-08-28T13:07:21.976+0000][1087812][debug][gc,age      ] GC(277) Desired survivor size 20971520 bytes, new threshold 15 (max threshold 15)
[2025-08-28T13:07:21.978+0000][1087812][info ][gc,phases   ] GC(277)   Pre Evacuate Collection Set: 0.2ms
[2025-08-28T13:07:21.978+0000][1087812][info ][gc,phases   ] GC(277)   Merge Heap Roots: 0.1ms
[2025-08-28T13:07:21.978+0000][1087812][info ][gc,phases   ] GC(277)   Evacuate Collection Set: 1.1ms
[2025-08-28T13:07:21.978+0000][1087812][info ][gc,phases   ] GC(277)   Post Evacuate Collection Set: 0.5ms
[2025-08-28T13:07:21.978+0000][1087812][info ][gc,phases   ] GC(277)   Other: 0.1ms
[2025-08-28T13:07:21.978+0000][1087812][trace][gc,age      ] GC(277) Age table with threshold 15 (max threshold 15)
[2025-08-28T13:07:21.978+0000][1087812][trace][gc,age      ] GC(277) - age   1:    1242952 bytes,    1242952 total
[2025-08-28T13:07:21.978+0000][1087812][trace][gc,age      ] GC(277) - age   2:        712 bytes,    1243664 total
[2025-08-28T13:07:21.978+0000][1087812][trace][gc,age      ] GC(277) - age   6:       2720 bytes,    1246384 total
[2025-08-28T13:07:21.978+0000][1087812][trace][gc,age      ] GC(277) - age   7:        400 bytes,    1246784 total
[2025-08-28T13:07:21.978+0000][1087812][trace][gc,age      ] GC(277) - age  10:        400 bytes,    1247184 total
[2025-08-28T13:07:21.978+0000][1087812][trace][gc,age      ] GC(277) - age  11:         64 bytes,    1247248 total
[2025-08-28T13:07:21.978+0000][1087812][trace][gc,age      ] GC(277) - age  14:         32 bytes,    1247280 total
[2025-08-28T13:07:21.978+0000][1087812][trace][gc,age      ] GC(277) - age  15:       1712 bytes,    1248992 total
[2025-08-28T13:07:21.978+0000][1087812][info ][gc,heap     ] GC(277) Eden regions: 75->0(75)
[2025-08-28T13:07:21.978+0000][1087812][info ][gc,heap     ] GC(277) Survivor regions: 1->1(10)
[2025-08-28T13:07:21.978+0000][1087812][info ][gc,heap     ] GC(277) Old regions: 26->26
[2025-08-28T13:07:21.978+0000][1087812][info ][gc,heap     ] GC(277) Humongous regions: 0->0
[2025-08-28T13:07:21.978+0000][1087812][info ][gc,metaspace] GC(277) Metaspace: 144377K(148416K)->144377K(148416K) NonClass: 124863K(126976K)->124863K(126976K) Class: 19514K(21440K)->19514K(21440K)
[2025-08-28T13:07:21.978+0000][1087812][info ][gc          ] GC(277) Pause Young (Normal) (G1 Evacuation Pause) 401M->101M(512M) 2.226ms
[2025-08-28T13:07:21.978+0000][1087812][info ][gc,cpu      ] GC(277) User=0.01s Sys=0.00s Real=0.00s
[2025-08-28T13:07:21.979+0000][1087812][info ][safepoint   ] Safepoint "G1CollectForAllocation", Time since last: 7641923 ns, Reaching safepoint: 38067 ns, Cleanup: 6059 ns, At safepoint: 2535370 ns, Total: 2579496 ns
[2025-08-28T13:07:23.964+0000][1087812][info ][gc,start    ] GC(278) Pause Young (Normal) (G1 Evacuation Pause)
[2025-08-28T13:07:23.964+0000][1087812][info ][gc,task     ] GC(278) Using 12 workers of 33 for evacuation
[2025-08-28T13:07:23.964+0000][1087812][debug][gc,age      ] GC(278) Desired survivor size 20971520 bytes, new threshold 15 (max threshold 15)
[2025-08-28T13:07:23.966+0000][1087812][info ][gc,phases   ] GC(278)   Pre Evacuate Collection Set: 0.3ms
[2025-08-28T13:07:23.966+0000][1087812][info ][gc,phases   ] GC(278)   Merge Heap Roots: 0.1ms
[2025-08-28T13:07:23.966+0000][1087812][info ][gc,phases   ] GC(278)   Evacuate Collection Set: 1.7ms
[2025-08-28T13:07:23.966+0000][1087812][info ][gc,phases   ] GC(278)   Post Evacuate Collection Set: 0.5ms
[2025-08-28T13:07:23.966+0000][1087812][info ][gc,phases   ] GC(278)   Other: 0.1ms
[2025-08-28T13:07:23.966+0000][1087812][trace][gc,age      ] GC(278) Age table with threshold 15 (max threshold 15)
[2025-08-28T13:07:23.966+0000][1087812][trace][gc,age      ] GC(278) - age   1:    1177720 bytes,    1177720 total
[2025-08-28T13:07:23.966+0000][1087812][trace][gc,age      ] GC(278) - age   2:        936 bytes,    1178656 total
[2025-08-28T13:07:23.966+0000][1087812][trace][gc,age      ] GC(278) - age   3:        712 bytes,    1179368 total
[2025-08-28T13:07:23.966+0000][1087812][trace][gc,age      ] GC(278) - age   7:       2720 bytes,    1182088 total
[2025-08-28T13:07:23.966+0000][1087812][trace][gc,age      ] GC(278) - age   8:        400 bytes,    1182488 total
[2025-08-28T13:07:23.966+0000][1087812][trace][gc,age      ] GC(278) - age  11:        368 bytes,    1182856 total
[2025-08-28T13:07:23.966+0000][1087812][trace][gc,age      ] GC(278) - age  12:         64 bytes,    1182920 total
[2025-08-28T13:07:23.966+0000][1087812][trace][gc,age      ] GC(278) - age  15:         32 bytes,    1182952 total
[2025-08-28T13:07:23.966+0000][1087812][info ][gc,heap     ] GC(278) Eden regions: 75->0(75)
[2025-08-28T13:07:23.966+0000][1087812][info ][gc,heap     ] GC(278) Survivor regions: 1->1(10)
[2025-08-28T13:07:23.966+0000][1087812][info ][gc,heap     ] GC(278) Old regions: 26->26
[2025-08-28T13:07:23.966+0000][1087812][info ][gc,heap     ] GC(278) Humongous regions: 0->0
[2025-08-28T13:07:23.966+0000][1087812][info ][gc,metaspace] GC(278) Metaspace: 144377K(148416K)->144377K(148416K) NonClass: 124863K(126976K)->124863K(126976K) Class: 19514K(21440K)->19514K(21440K)
[2025-08-28T13:07:23.966+0000][1087812][info ][gc          ] GC(278) Pause Young (Normal) (G1 Evacuation Pause) 401M->101M(512M) 2.747ms
[2025-08-28T13:07:23.967+0000][1087812][info ][gc,cpu      ] GC(278) User=0.01s Sys=0.00s Real=0.00s
[2025-08-28T13:07:23.967+0000][1087812][info ][safepoint   ] Safepoint "G1CollectForAllocation", Time since last: 1985051907 ns, Reaching safepoint: 26981 ns, Cleanup: 4967 ns, At safepoint: 2973328 ns, Total: 3005276 ns
[2025-08-28T13:07:25.940+0000][1087812][info ][gc,start    ] GC(279) Pause Young (Normal) (G1 Evacuation Pause)
[2025-08-28T13:07:25.940+0000][1087812][info ][gc,task     ] GC(279) Using 12 workers of 33 for evacuation
[2025-08-28T13:07:25.940+0000][1087812][debug][gc,age      ] GC(279) Desired survivor size 20971520 bytes, new threshold 15 (max threshold 15)
[2025-08-28T13:07:25.943+0000][1087812][info ][gc,phases   ] GC(279)   Pre Evacuate Collection Set: 0.3ms
[2025-08-28T13:07:25.943+0000][1087812][info ][gc,phases   ] GC(279)   Merge Heap Roots: 0.1ms
[2025-08-28T13:07:25.943+0000][1087812][info ][gc,phases   ] GC(279)   Evacuate Collection Set: 1.3ms
[2025-08-28T13:07:25.943+0000][1087812][info ][gc,phases   ] GC(279)   Post Evacuate Collection Set: 0.5ms
[2025-08-28T13:07:25.943+0000][1087812][info ][gc,phases   ] GC(279)   Other: 0.1ms
[2025-08-28T13:07:25.943+0000][1087812][trace][gc,age      ] GC(279) Age table with threshold 15 (max threshold 15)
[2025-08-28T13:07:25.943+0000][1087812][trace][gc,age      ] GC(279) - age   1:    1203632 bytes,    1203632 total
[2025-08-28T13:07:25.943+0000][1087812][trace][gc,age      ] GC(279) - age   2:       1752 bytes,    1205384 total
[2025-08-28T13:07:25.943+0000][1087812][trace][gc,age      ] GC(279) - age   3:        936 bytes,    1206320 total
[2025-08-28T13:07:25.943+0000][1087812][trace][gc,age      ] GC(279) - age   8:       2720 bytes,    1209040 total
[2025-08-28T13:07:25.943+0000][1087812][trace][gc,age      ] GC(279) - age   9:        400 bytes,    1209440 total
[2025-08-28T13:07:25.943+0000][1087812][trace][gc,age      ] GC(279) - age  12:        368 bytes,    1209808 total
[2025-08-28T13:07:25.943+0000][1087812][trace][gc,age      ] GC(279) - age  13:         64 bytes,    1209872 total
[2025-08-28T13:07:25.943+0000][1087812][info ][gc,heap     ] GC(279) Eden regions: 75->0(75)
[2025-08-28T13:07:25.943+0000][1087812][info ][gc,heap     ] GC(279) Survivor regions: 1->1(10)
[2025-08-28T13:07:25.943+0000][1087812][info ][gc,heap     ] GC(279) Old regions: 26->26
[2025-08-28T13:07:25.943+0000][1087812][info ][gc,heap     ] GC(279) Humongous regions: 0->0
[2025-08-28T13:07:25.943+0000][1087812][info ][gc,metaspace] GC(279) Metaspace: 144377K(148416K)->144377K(148416K) NonClass: 124863K(126976K)->124863K(126976K) Class: 19514K(21440K)->19514K(21440K)
[2025-08-28T13:07:25.943+0000][1087812][info ][gc          ] GC(279) Pause Young (Normal) (G1 Evacuation Pause) 401M->101M(512M) 2.490ms
[2025-08-28T13:07:25.943+0000][1087812][info ][gc,cpu      ] GC(279) User=0.01s Sys=0.00s Real=0.01s
[2025-08-28T13:07:25.943+0000][1087812][info ][safepoint   ] Safepoint "G1CollectForAllocation", Time since last: 1973529994 ns, Reaching safepoint: 28733 ns, Cleanup: 4908 ns, At safepoint: 2764664 ns, Total: 2798305 ns
[2025-08-28T13:07:27.951+0000][1087812][info ][gc,start    ] GC(280) Pause Young (Normal) (G1 Evacuation Pause)
[2025-08-28T13:07:27.951+0000][1087812][info ][gc,task     ] GC(280) Using 12 workers of 33 for evacuation
[2025-08-28T13:07:27.951+0000][1087812][debug][gc,age      ] GC(280) Desired survivor size 20971520 bytes, new threshold 15 (max threshold 15)
[2025-08-28T13:07:27.953+0000][1087812][info ][gc,phases   ] GC(280)   Pre Evacuate Collection Set: 0.2ms
[2025-08-28T13:07:27.953+0000][1087812][info ][gc,phases   ] GC(280)   Merge Heap Roots: 0.1ms
[2025-08-28T13:07:27.953+0000][1087812][info ][gc,phases   ] GC(280)   Evacuate Collection Set: 1.3ms
[2025-08-28T13:07:27.953+0000][1087812][info ][gc,phases   ] GC(280)   Post Evacuate Collection Set: 0.4ms
[2025-08-28T13:07:27.953+0000][1087812][info ][gc,phases   ] GC(280)   Other: 0.1ms
[2025-08-28T13:07:27.953+0000][1087812][trace][gc,age      ] GC(280) Age table with threshold 15 (max threshold 15)
[2025-08-28T13:07:27.953+0000][1087812][trace][gc,age      ] GC(280) - age   1:    1093344 bytes,    1093344 total
[2025-08-28T13:07:27.953+0000][1087812][trace][gc,age      ] GC(280) - age   2:        936 bytes,    1094280 total
[2025-08-28T13:07:27.953+0000][1087812][trace][gc,age      ] GC(280) - age   3:       1752 bytes,    1096032 total
[2025-08-28T13:07:27.953+0000][1087812][trace][gc,age      ] GC(280) - age   4:        936 bytes,    1096968 total
[2025-08-28T13:07:27.953+0000][1087812][trace][gc,age      ] GC(280) - age   9:       2720 bytes,    1099688 total
[2025-08-28T13:07:27.953+0000][1087812][trace][gc,age      ] GC(280) - age  10:        400 bytes,    1100088 total
[2025-08-28T13:07:27.953+0000][1087812][trace][gc,age      ] GC(280) - age  13:        368 bytes,    1100456 total
[2025-08-28T13:07:27.953+0000][1087812][trace][gc,age      ] GC(280) - age  14:         64 bytes,    1100520 total
[2025-08-28T13:07:27.953+0000][1087812][info ][gc,heap     ] GC(280) Eden regions: 75->0(75)
[2025-08-28T13:07:27.953+0000][1087812][info ][gc,heap     ] GC(280) Survivor regions: 1->1(10)
[2025-08-28T13:07:27.953+0000][1087812][info ][gc,heap     ] GC(280) Old regions: 26->26
[2025-08-28T13:07:27.953+0000][1087812][info ][gc,heap     ] GC(280) Humongous regions: 0->0
[2025-08-28T13:07:27.953+0000][1087812][info ][gc,metaspace] GC(280) Metaspace: 144377K(148416K)->144377K(148416K) NonClass: 124863K(126976K)->124863K(126976K) Class: 19514K(21440K)->19514K(21440K)
[2025-08-28T13:07:27.953+0000][1087812][info ][gc          ] GC(280) Pause Young (Normal) (G1 Evacuation Pause) 401M->101M(512M) 2.322ms
[2025-08-28T13:07:27.954+0000][1087812][info ][gc,cpu      ] GC(280) User=0.00s Sys=0.00s Real=0.00s
[2025-08-28T13:07:27.954+0000][1087812][info ][safepoint   ] Safepoint "G1CollectForAllocation", Time since last: 2008005619 ns, Reaching safepoint: 38397 ns, Cleanup: 8092 ns, At safepoint: 2611585 ns, Total: 2658074 ns
[2025-08-28T13:07:29.939+0000][1087812][info ][gc,start    ] GC(281) Pause Young (Normal) (G1 Evacuation Pause)
[2025-08-28T13:07:29.939+0000][1087812][info ][gc,task     ] GC(281) Using 12 workers of 33 for evacuation
[2025-08-28T13:07:29.939+0000][1087812][debug][gc,age      ] GC(281) Desired survivor size 20971520 bytes, new threshold 15 (max threshold 15)
[2025-08-28T13:07:29.941+0000][1087812][info ][gc,phases   ] GC(281)   Pre Evacuate Collection Set: 0.2ms
[2025-08-28T13:07:29.941+0000][1087812][info ][gc,phases   ] GC(281)   Merge Heap Roots: 0.1ms
[2025-08-28T13:07:29.941+0000][1087812][info ][gc,phases   ] GC(281)   Evacuate Collection Set: 1.9ms
[2025-08-28T13:07:29.941+0000][1087812][info ][gc,phases   ] GC(281)   Post Evacuate Collection Set: 0.5ms
[2025-08-28T13:07:29.942+0000][1087812][info ][gc,phases   ] GC(281)   Other: 0.1ms
[2025-08-28T13:07:29.942+0000][1087812][trace][gc,age      ] GC(281) Age table with threshold 15 (max threshold 15)
[2025-08-28T13:07:29.942+0000][1087812][trace][gc,age      ] GC(281) - age   1:    1308360 bytes,    1308360 total
[2025-08-28T13:07:29.942+0000][1087812][trace][gc,age      ] GC(281) - age   3:        760 bytes,    1309120 total
[2025-08-28T13:07:29.942+0000][1087812][trace][gc,age      ] GC(281) - age   4:       1752 bytes,    1310872 total
[2025-08-28T13:07:29.942+0000][1087812][trace][gc,age      ] GC(281) - age   5:        936 bytes,    1311808 total
[2025-08-28T13:07:29.942+0000][1087812][trace][gc,age      ] GC(281) - age  10:       2720 bytes,    1314528 total
[2025-08-28T13:07:29.942+0000][1087812][trace][gc,age      ] GC(281) - age  11:        176 bytes,    1314704 total
[2025-08-28T13:07:29.942+0000][1087812][trace][gc,age      ] GC(281) - age  14:        368 bytes,    1315072 total
[2025-08-28T13:07:29.942+0000][1087812][trace][gc,age      ] GC(281) - age  15:         64 bytes,    1315136 total
[2025-08-28T13:07:29.942+0000][1087812][info ][gc,heap     ] GC(281) Eden regions: 75->0(75)
[2025-08-28T13:07:29.942+0000][1087812][info ][gc,heap     ] GC(281) Survivor regions: 1->1(10)
[2025-08-28T13:07:29.942+0000][1087812][info ][gc,heap     ] GC(281) Old regions: 26->26
[2025-08-28T13:07:29.942+0000][1087812][info ][gc,heap     ] GC(281) Humongous regions: 0->0
[2025-08-28T13:07:29.942+0000][1087812][info ][gc,metaspace] GC(281) Metaspace: 144377K(148416K)->144377K(148416K) NonClass: 124863K(126976K)->124863K(126976K) Class: 19514K(21440K)->19514K(21440K)
[2025-08-28T13:07:29.942+0000][1087812][info ][gc          ] GC(281) Pause Young (Normal) (G1 Evacuation Pause) 401M->101M(512M) 3.000ms
[2025-08-28T13:07:29.942+0000][1087812][info ][gc,cpu      ] GC(281) User=0.01s Sys=0.00s Real=0.01s
[2025-08-28T13:07:29.942+0000][1087812][info ][safepoint   ] Safepoint "G1CollectForAllocation", Time since last: 1984890705 ns, Reaching safepoint: 26640 ns, Cleanup: 4938 ns, At safepoint: 3270775 ns, Total: 3302353 ns
[2025-08-28T13:07:31.926+0000][1087812][info ][gc,start    ] GC(282) Pause Young (Normal) (G1 Evacuation Pause)
[2025-08-28T13:07:31.926+0000][1087812][info ][gc,task     ] GC(282) Using 12 workers of 33 for evacuation
[2025-08-28T13:07:31.926+0000][1087812][debug][gc,age      ] GC(282) Desired survivor size 20971520 bytes, new threshold 15 (max threshold 15)
[2025-08-28T13:07:31.929+0000][1087812][info ][gc,phases   ] GC(282)   Pre Evacuate Collection Set: 0.2ms
[2025-08-28T13:07:31.929+0000][1087812][info ][gc,phases   ] GC(282)   Merge Heap Roots: 0.1ms
[2025-08-28T13:07:31.929+0000][1087812][info ][gc,phases   ] GC(282)   Evacuate Collection Set: 1.5ms
[2025-08-28T13:07:31.929+0000][1087812][info ][gc,phases   ] GC(282)   Post Evacuate Collection Set: 0.5ms
[2025-08-28T13:07:31.929+0000][1087812][info ][gc,phases   ] GC(282)   Other: 0.1ms
[2025-08-28T13:07:31.929+0000][1087812][trace][gc,age      ] GC(282) Age table with threshold 15 (max threshold 15)
[2025-08-28T13:07:31.929+0000][1087812][trace][gc,age      ] GC(282) - age   1:    1457128 bytes,    1457128 total
[2025-08-28T13:07:31.929+0000][1087812][trace][gc,age      ] GC(282) - age   2:        400 bytes,    1457528 total
[2025-08-28T13:07:31.929+0000][1087812][trace][gc,age      ] GC(282) - age   4:        224 bytes,    1457752 total
[2025-08-28T13:07:31.929+0000][1087812][trace][gc,age      ] GC(282) - age   5:       1752 bytes,    1459504 total
[2025-08-28T13:07:31.929+0000][1087812][trace][gc,age      ] GC(282) - age   6:        696 bytes,    1460200 total
[2025-08-28T13:07:31.929+0000][1087812][trace][gc,age      ] GC(282) - age  11:       2720 bytes,    1462920 total
[2025-08-28T13:07:31.929+0000][1087812][trace][gc,age      ] GC(282) - age  12:        176 bytes,    1463096 total
[2025-08-28T13:07:31.929+0000][1087812][trace][gc,age      ] GC(282) - age  15:        368 bytes,    1463464 total
[2025-08-28T13:07:31.929+0000][1087812][info ][gc,heap     ] GC(282) Eden regions: 75->0(75)
[2025-08-28T13:07:31.929+0000][1087812][info ][gc,heap     ] GC(282) Survivor regions: 1->1(10)
[2025-08-28T13:07:31.929+0000][1087812][info ][gc,heap     ] GC(282) Old regions: 26->26
[2025-08-28T13:07:31.929+0000][1087812][info ][gc,heap     ] GC(282) Humongous regions: 0->0
[2025-08-28T13:07:31.929+0000][1087812][info ][gc,metaspace] GC(282) Metaspace: 144377K(148416K)->144377K(148416K) NonClass: 124863K(126976K)->124863K(126976K) Class: 19514K(21440K)->19514K(21440K)
[2025-08-28T13:07:31.929+0000][1087812][info ][gc          ] GC(282) Pause Young (Normal) (G1 Evacuation Pause) 401M->101M(512M) 2.575ms
[2025-08-28T13:07:31.929+0000][1087812][info ][gc,cpu      ] GC(282) User=0.01s Sys=0.00s Real=0.00s
[2025-08-28T13:07:31.929+0000][1087812][info ][safepoint   ] Safepoint "G1CollectForAllocation", Time since last: 1984169242 ns, Reaching safepoint: 40902 ns, Cleanup: 9384 ns, At safepoint: 2770603 ns, Total: 2820889 ns
[2025-08-28T13:07:33.902+0000][1087812][info ][gc,start    ] GC(283) Pause Young (Normal) (G1 Evacuation Pause)
[2025-08-28T13:07:33.902+0000][1087812][info ][gc,task     ] GC(283) Using 12 workers of 33 for evacuation
[2025-08-28T13:07:33.902+0000][1087812][debug][gc,age      ] GC(283) Desired survivor size 20971520 bytes, new threshold 15 (max threshold 15)
[2025-08-28T13:07:33.905+0000][1087812][info ][gc,phases   ] GC(283)   Pre Evacuate Collection Set: 0.2ms
[2025-08-28T13:07:33.905+0000][1087812][info ][gc,phases   ] GC(283)   Merge Heap Roots: 0.1ms
[2025-08-28T13:07:33.905+0000][1087812][info ][gc,phases   ] GC(283)   Evacuate Collection Set: 1.3ms
[2025-08-28T13:07:33.905+0000][1087812][info ][gc,phases   ] GC(283)   Post Evacuate Collection Set: 0.4ms
[2025-08-28T13:07:33.905+0000][1087812][info ][gc,phases   ] GC(283)   Other: 0.1ms
[2025-08-28T13:07:33.905+0000][1087812][trace][gc,age      ] GC(283) Age table with threshold 15 (max threshold 15)
[2025-08-28T13:07:33.905+0000][1087812][trace][gc,age      ] GC(283) - age   1:     804568 bytes,     804568 total
[2025-08-28T13:07:33.905+0000][1087812][trace][gc,age      ] GC(283) - age   2:        776 bytes,     805344 total
[2025-08-28T13:07:33.905+0000][1087812][trace][gc,age      ] GC(283) - age   3:        400 bytes,     805744 total
[2025-08-28T13:07:33.905+0000][1087812][trace][gc,age      ] GC(283) - age   5:        224 bytes,     805968 total
[2025-08-28T13:07:33.905+0000][1087812][trace][gc,age      ] GC(283) - age   6:       1720 bytes,     807688 total
[2025-08-28T13:07:33.905+0000][1087812][trace][gc,age      ] GC(283) - age   7:        696 bytes,     808384 total
[2025-08-28T13:07:33.905+0000][1087812][trace][gc,age      ] GC(283) - age  12:       2720 bytes,     811104 total
[2025-08-28T13:07:33.905+0000][1087812][trace][gc,age      ] GC(283) - age  13:        176 bytes,     811280 total
[2025-08-28T13:07:33.905+0000][1087812][info ][gc,heap     ] GC(283) Eden regions: 75->0(75)
[2025-08-28T13:07:33.905+0000][1087812][info ][gc,heap     ] GC(283) Survivor regions: 1->1(10)
[2025-08-28T13:07:33.905+0000][1087812][info ][gc,heap     ] GC(283) Old regions: 26->26
[2025-08-28T13:07:33.905+0000][1087812][info ][gc,heap     ] GC(283) Humongous regions: 0->0
[2025-08-28T13:07:33.905+0000][1087812][info ][gc,metaspace] GC(283) Metaspace: 144377K(148416K)->144377K(148416K) NonClass: 124863K(126976K)->124863K(126976K) Class: 19514K(21440K)->19514K(21440K)
[2025-08-28T13:07:33.905+0000][1087812][info ][gc          ] GC(283) Pause Young (Normal) (G1 Evacuation Pause) 401M->101M(512M) 2.377ms
[2025-08-28T13:07:33.905+0000][1087812][info ][gc,cpu      ] GC(283) User=0.01s Sys=0.00s Real=0.00s
[2025-08-28T13:07:33.905+0000][1087812][info ][safepoint   ] Safepoint "G1CollectForAllocation", Time since last: 1973354122 ns, Reaching safepoint: 40821 ns, Cleanup: 8773 ns, At safepoint: 2679256 ns, Total: 2728850 ns
[2025-08-28T13:07:35.876+0000][1087812][info ][gc,start    ] GC(284) Pause Young (Normal) (G1 Evacuation Pause)
[2025-08-28T13:07:35.876+0000][1087812][info ][gc,task     ] GC(284) Using 12 workers of 33 for evacuation
[2025-08-28T13:07:35.876+0000][1087812][debug][gc,age      ] GC(284) Desired survivor size 20971520 bytes, new threshold 15 (max threshold 15)
[2025-08-28T13:07:35.878+0000][1087812][info ][gc,phases   ] GC(284)   Pre Evacuate Collection Set: 0.2ms
[2025-08-28T13:07:35.878+0000][1087812][info ][gc,phases   ] GC(284)   Merge Heap Roots: 0.1ms
[2025-08-28T13:07:35.878+0000][1087812][info ][gc,phases   ] GC(284)   Evacuate Collection Set: 1.0ms
[2025-08-28T13:07:35.878+0000][1087812][info ][gc,phases   ] GC(284)   Post Evacuate Collection Set: 0.5ms
[2025-08-28T13:07:35.878+0000][1087812][info ][gc,phases   ] GC(284)   Other: 0.1ms
[2025-08-28T13:07:35.878+0000][1087812][trace][gc,age      ] GC(284) Age table with threshold 15 (max threshold 15)
[2025-08-28T13:07:35.878+0000][1087812][trace][gc,age      ] GC(284) - age   1:    1076432 bytes,    1076432 total
[2025-08-28T13:07:35.878+0000][1087812][trace][gc,age      ] GC(284) - age   2:        400 bytes,    1076832 total
[2025-08-28T13:07:35.878+0000][1087812][trace][gc,age      ] GC(284) - age   3:        240 bytes,    1077072 total
[2025-08-28T13:07:35.878+0000][1087812][trace][gc,age      ] GC(284) - age   4:        224 bytes,    1077296 total
[2025-08-28T13:07:35.878+0000][1087812][trace][gc,age      ] GC(284) - age   6:        224 bytes,    1077520 total
[2025-08-28T13:07:35.878+0000][1087812][trace][gc,age      ] GC(284) - age   7:       1720 bytes,    1079240 total
[2025-08-28T13:07:35.878+0000][1087812][trace][gc,age      ] GC(284) - age   8:        696 bytes,    1079936 total
[2025-08-28T13:07:35.878+0000][1087812][trace][gc,age      ] GC(284) - age  13:       2720 bytes,    1082656 total
[2025-08-28T13:07:35.878+0000][1087812][trace][gc,age      ] GC(284) - age  14:        176 bytes,    1082832 total
[2025-08-28T13:07:35.878+0000][1087812][info ][gc,heap     ] GC(284) Eden regions: 75->0(75)
[2025-08-28T13:07:35.878+0000][1087812][info ][gc,heap     ] GC(284) Survivor regions: 1->1(10)
[2025-08-28T13:07:35.878+0000][1087812][info ][gc,heap     ] GC(284) Old regions: 26->26
[2025-08-28T13:07:35.878+0000][1087812][info ][gc,heap     ] GC(284) Humongous regions: 0->0
[2025-08-28T13:07:35.878+0000][1087812][info ][gc,metaspace] GC(284) Metaspace: 144377K(148416K)->144377K(148416K) NonClass: 124863K(126976K)->124863K(126976K) Class: 19514K(21440K)->19514K(21440K)
[2025-08-28T13:07:35.878+0000][1087812][info ][gc          ] GC(284) Pause Young (Normal) (G1 Evacuation Pause) 401M->101M(512M) 1.979ms
[2025-08-28T13:07:35.878+0000][1087812][info ][gc,cpu      ] GC(284) User=0.01s Sys=0.00s Real=0.00s
[2025-08-28T13:07:35.878+0000][1087812][info ][safepoint   ] Safepoint "G1CollectForAllocation", Time since last: 1971249118 ns, Reaching safepoint: 25078 ns, Cleanup: 3856 ns, At safepoint: 2114497 ns, Total: 2143431 ns
[2025-08-28T13:07:37.877+0000][1087812][info ][gc,start    ] GC(285) Pause Young (Normal) (G1 Evacuation Pause)
[2025-08-28T13:07:37.877+0000][1087812][info ][gc,task     ] GC(285) Using 12 workers of 33 for evacuation
[2025-08-28T13:07:37.877+0000][1087812][debug][gc,age      ] GC(285) Desired survivor size 20971520 bytes, new threshold 15 (max threshold 15)
[2025-08-28T13:07:37.879+0000][1087812][info ][gc,phases   ] GC(285)   Pre Evacuate Collection Set: 0.3ms
[2025-08-28T13:07:37.879+0000][1087812][info ][gc,phases   ] GC(285)   Merge Heap Roots: 0.1ms
[2025-08-28T13:07:37.879+0000][1087812][info ][gc,phases   ] GC(285)   Evacuate Collection Set: 1.4ms
[2025-08-28T13:07:37.879+0000][1087812][info ][gc,phases   ] GC(285)   Post Evacuate Collection Set: 0.5ms
[2025-08-28T13:07:37.879+0000][1087812][info ][gc,phases   ] GC(285)   Other: 0.1ms
[2025-08-28T13:07:37.879+0000][1087812][trace][gc,age      ] GC(285) Age table with threshold 15 (max threshold 15)
[2025-08-28T13:07:37.879+0000][1087812][trace][gc,age      ] GC(285) - age   1:     854008 bytes,     854008 total
[2025-08-28T13:07:37.879+0000][1087812][trace][gc,age      ] GC(285) - age   2:        712 bytes,     854720 total
[2025-08-28T13:07:37.879+0000][1087812][trace][gc,age      ] GC(285) - age   3:        400 bytes,     855120 total
[2025-08-28T13:07:37.879+0000][1087812][trace][gc,age      ] GC(285) - age   4:        240 bytes,     855360 total
[2025-08-28T13:07:37.879+0000][1087812][trace][gc,age      ] GC(285) - age   5:        224 bytes,     855584 total
[2025-08-28T13:07:37.879+0000][1087812][trace][gc,age      ] GC(285) - age   7:        224 bytes,     855808 total
[2025-08-28T13:07:37.879+0000][1087812][trace][gc,age      ] GC(285) - age   8:       1720 bytes,     857528 total
[2025-08-28T13:07:37.879+0000][1087812][trace][gc,age      ] GC(285) - age   9:        696 bytes,     858224 total
[2025-08-28T13:07:37.880+0000][1087812][trace][gc,age      ] GC(285) - age  14:       2720 bytes,     860944 total
[2025-08-28T13:07:37.880+0000][1087812][trace][gc,age      ] GC(285) - age  15:        176 bytes,     861120 total
[2025-08-28T13:07:37.880+0000][1087812][info ][gc,heap     ] GC(285) Eden regions: 75->0(75)
[2025-08-28T13:07:37.880+0000][1087812][info ][gc,heap     ] GC(285) Survivor regions: 1->1(10)
[2025-08-28T13:07:37.880+0000][1087812][info ][gc,heap     ] GC(285) Old regions: 26->26
[2025-08-28T13:07:37.880+0000][1087812][info ][gc,heap     ] GC(285) Humongous regions: 0->0
[2025-08-28T13:07:37.880+0000][1087812][info ][gc,metaspace] GC(285) Metaspace: 144377K(148416K)->144377K(148416K) NonClass: 124863K(126976K)->124863K(126976K) Class: 19514K(21440K)->19514K(21440K)
[2025-08-28T13:07:37.880+0000][1087812][info ][gc          ] GC(285) Pause Young (Normal) (G1 Evacuation Pause) 401M->101M(512M) 2.421ms
[2025-08-28T13:07:37.880+0000][1087812][info ][gc,cpu      ] GC(285) User=0.01s Sys=0.00s Real=0.00s
[2025-08-28T13:07:37.880+0000][1087812][info ][safepoint   ] Safepoint "G1CollectForAllocation", Time since last: 1998764345 ns, Reaching safepoint: 24667 ns, Cleanup: 3055 ns, At safepoint: 2554288 ns, Total: 2582010 ns
[2025-08-28T13:07:39.876+0000][1087812][info ][gc,start    ] GC(286) Pause Young (Normal) (G1 Evacuation Pause)
[2025-08-28T13:07:39.876+0000][1087812][info ][gc,task     ] GC(286) Using 12 workers of 33 for evacuation
[2025-08-28T13:07:39.876+0000][1087812][debug][gc,age      ] GC(286) Desired survivor size 20971520 bytes, new threshold 15 (max threshold 15)
[2025-08-28T13:07:39.878+0000][1087812][info ][gc,phases   ] GC(286)   Pre Evacuate Collection Set: 0.2ms
[2025-08-28T13:07:39.878+0000][1087812][info ][gc,phases   ] GC(286)   Merge Heap Roots: 0.1ms
[2025-08-28T13:07:39.878+0000][1087812][info ][gc,phases   ] GC(286)   Evacuate Collection Set: 1.2ms
[2025-08-28T13:07:39.878+0000][1087812][info ][gc,phases   ] GC(286)   Post Evacuate Collection Set: 0.5ms
[2025-08-28T13:07:39.878+0000][1087812][info ][gc,phases   ] GC(286)   Other: 0.1ms
[2025-08-28T13:07:39.878+0000][1087812][trace][gc,age      ] GC(286) Age table with threshold 15 (max threshold 15)
[2025-08-28T13:07:39.878+0000][1087812][trace][gc,age      ] GC(286) - age   1:    1110536 bytes,    1110536 total
[2025-08-28T13:07:39.878+0000][1087812][trace][gc,age      ] GC(286) - age   3:        536 bytes,    1111072 total
[2025-08-28T13:07:39.878+0000][1087812][trace][gc,age      ] GC(286) - age   4:        400 bytes,    1111472 total
[2025-08-28T13:07:39.878+0000][1087812][trace][gc,age      ] GC(286) - age   5:        240 bytes,    1111712 total
[2025-08-28T13:07:39.878+0000][1087812][trace][gc,age      ] GC(286) - age   6:        224 bytes,    1111936 total
[2025-08-28T13:07:39.878+0000][1087812][trace][gc,age      ] GC(286) - age   8:        224 bytes,    1112160 total
[2025-08-28T13:07:39.878+0000][1087812][trace][gc,age      ] GC(286) - age   9:       1720 bytes,    1113880 total
[2025-08-28T13:07:39.878+0000][1087812][trace][gc,age      ] GC(286) - age  10:        696 bytes,    1114576 total
[2025-08-28T13:07:39.878+0000][1087812][trace][gc,age      ] GC(286) - age  15:       2720 bytes,    1117296 total
[2025-08-28T13:07:39.878+0000][1087812][info ][gc,heap     ] GC(286) Eden regions: 75->0(75)
[2025-08-28T13:07:39.878+0000][1087812][info ][gc,heap     ] GC(286) Survivor regions: 1->1(10)
[2025-08-28T13:07:39.878+0000][1087812][info ][gc,heap     ] GC(286) Old regions: 26->26
[2025-08-28T13:07:39.878+0000][1087812][info ][gc,heap     ] GC(286) Humongous regions: 0->0
[2025-08-28T13:07:39.878+0000][1087812][info ][gc,metaspace] GC(286) Metaspace: 144377K(148416K)->144377K(148416K) NonClass: 124863K(126976K)->124863K(126976K) Class: 19514K(21440K)->19514K(21440K)
[2025-08-28T13:07:39.878+0000][1087812][info ][gc          ] GC(286) Pause Young (Normal) (G1 Evacuation Pause) 401M->101M(512M) 2.350ms
[2025-08-28T13:07:39.879+0000][1087812][info ][gc,cpu      ] GC(286) User=0.01s Sys=0.00s Real=0.00s
[2025-08-28T13:07:39.879+0000][1087812][info ][safepoint   ] Safepoint "G1CollectForAllocation", Time since last: 1996332250 ns, Reaching safepoint: 24767 ns, Cleanup: 3816 ns, At safepoint: 2618124 ns, Total: 2646707 ns
[2025-08-28T13:07:41.864+0000][1087812][info ][gc,start    ] GC(287) Pause Young (Normal) (G1 Evacuation Pause)
[2025-08-28T13:07:41.864+0000][1087812][info ][gc,task     ] GC(287) Using 12 workers of 33 for evacuation
[2025-08-28T13:07:41.864+0000][1087812][debug][gc,age      ] GC(287) Desired survivor size 20971520 bytes, new threshold 15 (max threshold 15)
[2025-08-28T13:07:41.866+0000][1087812][info ][gc,phases   ] GC(287)   Pre Evacuate Collection Set: 0.3ms
[2025-08-28T13:07:41.866+0000][1087812][info ][gc,phases   ] GC(287)   Merge Heap Roots: 0.1ms
[2025-08-28T13:07:41.866+0000][1087812][info ][gc,phases   ] GC(287)   Evacuate Collection Set: 1.5ms
[2025-08-28T13:07:41.866+0000][1087812][info ][gc,phases   ] GC(287)   Post Evacuate Collection Set: 0.5ms
[2025-08-28T13:07:41.866+0000][1087812][info ][gc,phases   ] GC(287)   Other: 0.1ms
[2025-08-28T13:07:41.866+0000][1087812][trace][gc,age      ] GC(287) Age table with threshold 15 (max threshold 15)
[2025-08-28T13:07:41.866+0000][1087812][trace][gc,age      ] GC(287) - age   1:    1095176 bytes,    1095176 total
[2025-08-28T13:07:41.866+0000][1087812][trace][gc,age      ] GC(287) - age   2:        552 bytes,    1095728 total
[2025-08-28T13:07:41.866+0000][1087812][trace][gc,age      ] GC(287) - age   5:        400 bytes,    1096128 total
[2025-08-28T13:07:41.866+0000][1087812][trace][gc,age      ] GC(287) - age   7:        224 bytes,    1096352 total
[2025-08-28T13:07:41.866+0000][1087812][trace][gc,age      ] GC(287) - age   9:        224 bytes,    1096576 total
[2025-08-28T13:07:41.866+0000][1087812][trace][gc,age      ] GC(287) - age  10:       1720 bytes,    1098296 total
[2025-08-28T13:07:41.866+0000][1087812][trace][gc,age      ] GC(287) - age  11:        696 bytes,    1098992 total
[2025-08-28T13:07:41.866+0000][1087812][info ][gc,heap     ] GC(287) Eden regions: 75->0(75)
[2025-08-28T13:07:41.866+0000][1087812][info ][gc,heap     ] GC(287) Survivor regions: 1->1(10)
[2025-08-28T13:07:41.866+0000][1087812][info ][gc,heap     ] GC(287) Old regions: 26->26
[2025-08-28T13:07:41.866+0000][1087812][info ][gc,heap     ] GC(287) Humongous regions: 0->0
[2025-08-28T13:07:41.866+0000][1087812][info ][gc,metaspace] GC(287) Metaspace: 144377K(148416K)->144377K(148416K) NonClass: 124863K(126976K)->124863K(126976K) Class: 19514K(21440K)->19514K(21440K)
[2025-08-28T13:07:41.866+0000][1087812][info ][gc          ] GC(287) Pause Young (Normal) (G1 Evacuation Pause) 401M->101M(512M) 2.696ms
[2025-08-28T13:07:41.866+0000][1087812][info ][gc,cpu      ] GC(287) User=0.01s Sys=0.00s Real=0.00s
[2025-08-28T13:07:41.866+0000][1087812][info ][safepoint   ] Safepoint "G1CollectForAllocation", Time since last: 1984833431 ns, Reaching safepoint: 36034 ns, Cleanup: 8153 ns, At safepoint: 3005766 ns, Total: 3049953 ns
[2025-08-28T13:07:43.853+0000][1087812][info ][gc,start    ] GC(288) Pause Young (Normal) (G1 Evacuation Pause)
[2025-08-28T13:07:43.853+0000][1087812][info ][gc,task     ] GC(288) Using 12 workers of 33 for evacuation
[2025-08-28T13:07:43.853+0000][1087812][debug][gc,age      ] GC(288) Desired survivor size 20971520 bytes, new threshold 15 (max threshold 15)
[2025-08-28T13:07:43.855+0000][1087812][info ][gc,phases   ] GC(288)   Pre Evacuate Collection Set: 0.2ms
[2025-08-28T13:07:43.855+0000][1087812][info ][gc,phases   ] GC(288)   Merge Heap Roots: 0.1ms
[2025-08-28T13:07:43.855+0000][1087812][info ][gc,phases   ] GC(288)   Evacuate Collection Set: 1.0ms
[2025-08-28T13:07:43.855+0000][1087812][info ][gc,phases   ] GC(288)   Post Evacuate Collection Set: 0.5ms
[2025-08-28T13:07:43.855+0000][1087812][info ][gc,phases   ] GC(288)   Other: 0.1ms
[2025-08-28T13:07:43.855+0000][1087812][trace][gc,age      ] GC(288) Age table with threshold 15 (max threshold 15)
[2025-08-28T13:07:43.855+0000][1087812][trace][gc,age      ] GC(288) - age   1:     937104 bytes,     937104 total
[2025-08-28T13:07:43.855+0000][1087812][trace][gc,age      ] GC(288) - age   2:       1744 bytes,     938848 total
[2025-08-28T13:07:43.855+0000][1087812][trace][gc,age      ] GC(288) - age   3:        552 bytes,     939400 total
[2025-08-28T13:07:43.855+0000][1087812][trace][gc,age      ] GC(288) - age   6:        400 bytes,     939800 total
[2025-08-28T13:07:43.855+0000][1087812][trace][gc,age      ] GC(288) - age   8:        224 bytes,     940024 total
[2025-08-28T13:07:43.855+0000][1087812][trace][gc,age      ] GC(288) - age  10:        224 bytes,     940248 total
[2025-08-28T13:07:43.855+0000][1087812][trace][gc,age      ] GC(288) - age  11:       1720 bytes,     941968 total
[2025-08-28T13:07:43.855+0000][1087812][trace][gc,age      ] GC(288) - age  12:        696 bytes,     942664 total
[2025-08-28T13:07:43.855+0000][1087812][info ][gc,heap     ] GC(288) Eden regions: 75->0(75)
[2025-08-28T13:07:43.855+0000][1087812][info ][gc,heap     ] GC(288) Survivor regions: 1->1(10)
[2025-08-28T13:07:43.855+0000][1087812][info ][gc,heap     ] GC(288) Old regions: 26->26
[2025-08-28T13:07:43.855+0000][1087812][info ][gc,heap     ] GC(288) Humongous regions: 0->0
[2025-08-28T13:07:43.855+0000][1087812][info ][gc,metaspace] GC(288) Metaspace: 144377K(148416K)->144377K(148416K) NonClass: 124863K(126976K)->124863K(126976K) Class: 19514K(21440K)->19514K(21440K)
[2025-08-28T13:07:43.855+0000][1087812][info ][gc          ] GC(288) Pause Young (Normal) (G1 Evacuation Pause) 401M->101M(512M) 1.974ms
[2025-08-28T13:07:43.855+0000][1087812][info ][gc,cpu      ] GC(288) User=0.01s Sys=0.00s Real=0.00s
[2025-08-28T13:07:43.855+0000][1087812][info ][safepoint   ] Safepoint "G1CollectForAllocation", Time since last: 1986082959 ns, Reaching safepoint: 31988 ns, Cleanup: 3766 ns, At safepoint: 2192845 ns, Total: 2228599 ns
[2025-08-28T13:07:45.856+0000][1087812][info ][gc,start    ] GC(289) Pause Young (Normal) (G1 Evacuation Pause)
[2025-08-28T13:07:45.856+0000][1087812][info ][gc,task     ] GC(289) Using 12 workers of 33 for evacuation
[2025-08-28T13:07:45.856+0000][1087812][debug][gc,age      ] GC(289) Desired survivor size 20971520 bytes, new threshold 15 (max threshold 15)
[2025-08-28T13:07:45.857+0000][1087812][info ][gc,phases   ] GC(289)   Pre Evacuate Collection Set: 0.2ms
[2025-08-28T13:07:45.858+0000][1087812][info ][gc,phases   ] GC(289)   Merge Heap Roots: 0.1ms
[2025-08-28T13:07:45.858+0000][1087812][info ][gc,phases   ] GC(289)   Evacuate Collection Set: 1.1ms
[2025-08-28T13:07:45.858+0000][1087812][info ][gc,phases   ] GC(289)   Post Evacuate Collection Set: 0.5ms
[2025-08-28T13:07:45.858+0000][1087812][info ][gc,phases   ] GC(289)   Other: 0.1ms
[2025-08-28T13:07:45.858+0000][1087812][trace][gc,age      ] GC(289) Age table with threshold 15 (max threshold 15)
[2025-08-28T13:07:45.858+0000][1087812][trace][gc,age      ] GC(289) - age   1:    1088104 bytes,    1088104 total
[2025-08-28T13:07:45.858+0000][1087812][trace][gc,age      ] GC(289) - age   3:       1208 bytes,    1089312 total
[2025-08-28T13:07:45.858+0000][1087812][trace][gc,age      ] GC(289) - age   4:        376 bytes,    1089688 total
[2025-08-28T13:07:45.858+0000][1087812][trace][gc,age      ] GC(289) - age   7:        400 bytes,    1090088 total
[2025-08-28T13:07:45.858+0000][1087812][trace][gc,age      ] GC(289) - age   9:        224 bytes,    1090312 total
[2025-08-28T13:07:45.858+0000][1087812][trace][gc,age      ] GC(289) - age  11:        224 bytes,    1090536 total
[2025-08-28T13:07:45.858+0000][1087812][trace][gc,age      ] GC(289) - age  12:       1720 bytes,    1092256 total
[2025-08-28T13:07:45.858+0000][1087812][trace][gc,age      ] GC(289) - age  13:        696 bytes,    1092952 total
[2025-08-28T13:07:45.858+0000][1087812][info ][gc,heap     ] GC(289) Eden regions: 75->0(75)
[2025-08-28T13:07:45.858+0000][1087812][info ][gc,heap     ] GC(289) Survivor regions: 1->1(10)
[2025-08-28T13:07:45.858+0000][1087812][info ][gc,heap     ] GC(289) Old regions: 26->26
[2025-08-28T13:07:45.858+0000][1087812][info ][gc,heap     ] GC(289) Humongous regions: 0->0
[2025-08-28T13:07:45.858+0000][1087812][info ][gc,metaspace] GC(289) Metaspace: 144377K(148416K)->144377K(148416K) NonClass: 124863K(126976K)->124863K(126976K) Class: 19514K(21440K)->19514K(21440K)
[2025-08-28T13:07:45.858+0000][1087812][info ][gc          ] GC(289) Pause Young (Normal) (G1 Evacuation Pause) 401M->101M(512M) 2.155ms
[2025-08-28T13:07:45.858+0000][1087812][info ][gc,cpu      ] GC(289) User=0.00s Sys=0.00s Real=0.00s
[2025-08-28T13:07:45.858+0000][1087812][info ][safepoint   ] Safepoint "G1CollectForAllocation", Time since last: 2000630289 ns, Reaching safepoint: 27220 ns, Cleanup: 3516 ns, At safepoint: 2406226 ns, Total: 2436962 ns
[2025-08-28T13:07:47.853+0000][1087812][info ][gc,start    ] GC(290) Pause Young (Normal) (G1 Evacuation Pause)
[2025-08-28T13:07:47.853+0000][1087812][info ][gc,task     ] GC(290) Using 12 workers of 33 for evacuation
[2025-08-28T13:07:47.853+0000][1087812][debug][gc,age      ] GC(290) Desired survivor size 20971520 bytes, new threshold 15 (max threshold 15)
[2025-08-28T13:07:47.855+0000][1087812][info ][gc,phases   ] GC(290)   Pre Evacuate Collection Set: 0.2ms
[2025-08-28T13:07:47.855+0000][1087812][info ][gc,phases   ] GC(290)   Merge Heap Roots: 0.1ms
[2025-08-28T13:07:47.855+0000][1087812][info ][gc,phases   ] GC(290)   Evacuate Collection Set: 1.2ms
[2025-08-28T13:07:47.855+0000][1087812][info ][gc,phases   ] GC(290)   Post Evacuate Collection Set: 0.5ms
[2025-08-28T13:07:47.855+0000][1087812][info ][gc,phases   ] GC(290)   Other: 0.1ms
[2025-08-28T13:07:47.855+0000][1087812][trace][gc,age      ] GC(290) Age table with threshold 15 (max threshold 15)
[2025-08-28T13:07:47.855+0000][1087812][trace][gc,age      ] GC(290) - age   1:    1137432 bytes,    1137432 total
[2025-08-28T13:07:47.855+0000][1087812][trace][gc,age      ] GC(290) - age   2:       1696 bytes,    1139128 total
[2025-08-28T13:07:47.855+0000][1087812][trace][gc,age      ] GC(290) - age   4:       1208 bytes,    1140336 total
[2025-08-28T13:07:47.855+0000][1087812][trace][gc,age      ] GC(290) - age   5:        376 bytes,    1140712 total
[2025-08-28T13:07:47.855+0000][1087812][trace][gc,age      ] GC(290) - age   8:        400 bytes,    1141112 total
[2025-08-28T13:07:47.855+0000][1087812][trace][gc,age      ] GC(290) - age  10:        224 bytes,    1141336 total
[2025-08-28T13:07:47.855+0000][1087812][trace][gc,age      ] GC(290) - age  12:        224 bytes,    1141560 total
[2025-08-28T13:07:47.855+0000][1087812][trace][gc,age      ] GC(290) - age  13:       1720 bytes,    1143280 total
[2025-08-28T13:07:47.855+0000][1087812][trace][gc,age      ] GC(290) - age  14:        696 bytes,    1143976 total
[2025-08-28T13:07:47.855+0000][1087812][info ][gc,heap     ] GC(290) Eden regions: 75->0(75)
[2025-08-28T13:07:47.855+0000][1087812][info ][gc,heap     ] GC(290) Survivor regions: 1->1(10)
[2025-08-28T13:07:47.855+0000][1087812][info ][gc,heap     ] GC(290) Old regions: 26->26
[2025-08-28T13:07:47.855+0000][1087812][info ][gc,heap     ] GC(290) Humongous regions: 0->0
[2025-08-28T13:07:47.855+0000][1087812][info ][gc,metaspace] GC(290) Metaspace: 144377K(148416K)->144377K(148416K) NonClass: 124863K(126976K)->124863K(126976K) Class: 19514K(21440K)->19514K(21440K)
[2025-08-28T13:07:47.855+0000][1087812][info ][gc          ] GC(290) Pause Young (Normal) (G1 Evacuation Pause) 401M->101M(512M) 2.293ms
[2025-08-28T13:07:47.855+0000][1087812][info ][gc,cpu      ] GC(290) User=0.01s Sys=0.00s Real=0.00s
[2025-08-28T13:07:47.855+0000][1087812][info ][safepoint   ] Safepoint "G1CollectForAllocation", Time since last: 1994580888 ns, Reaching safepoint: 39790 ns, Cleanup: 9073 ns, At safepoint: 2505315 ns, Total: 2554178 ns
[2025-08-28T13:07:49.865+0000][1087812][info ][gc,start    ] GC(291) Pause Young (Normal) (G1 Evacuation Pause)
[2025-08-28T13:07:49.865+0000][1087812][info ][gc,task     ] GC(291) Using 12 workers of 33 for evacuation
[2025-08-28T13:07:49.865+0000][1087812][debug][gc,age      ] GC(291) Desired survivor size 20971520 bytes, new threshold 15 (max threshold 15)
[2025-08-28T13:07:49.867+0000][1087812][info ][gc,phases   ] GC(291)   Pre Evacuate Collection Set: 0.2ms
[2025-08-28T13:07:49.867+0000][1087812][info ][gc,phases   ] GC(291)   Merge Heap Roots: 0.1ms
[2025-08-28T13:07:49.867+0000][1087812][info ][gc,phases   ] GC(291)   Evacuate Collection Set: 0.9ms
[2025-08-28T13:07:49.867+0000][1087812][info ][gc,phases   ] GC(291)   Post Evacuate Collection Set: 0.4ms
[2025-08-28T13:07:49.867+0000][1087812][info ][gc,phases   ] GC(291)   Other: 0.1ms
[2025-08-28T13:07:49.867+0000][1087812][trace][gc,age      ] GC(291) Age table with threshold 15 (max threshold 15)
[2025-08-28T13:07:49.867+0000][1087812][trace][gc,age      ] GC(291) - age   1:     672672 bytes,     672672 total
[2025-08-28T13:07:49.867+0000][1087812][trace][gc,age      ] GC(291) - age   2:       1040 bytes,     673712 total
[2025-08-28T13:07:49.867+0000][1087812][trace][gc,age      ] GC(291) - age   3:       1520 bytes,     675232 total
[2025-08-28T13:07:49.867+0000][1087812][trace][gc,age      ] GC(291) - age   5:       1208 bytes,     676440 total
[2025-08-28T13:07:49.867+0000][1087812][trace][gc,age      ] GC(291) - age   6:        376 bytes,     676816 total
[2025-08-28T13:07:49.867+0000][1087812][trace][gc,age      ] GC(291) - age   9:        400 bytes,     677216 total
[2025-08-28T13:07:49.867+0000][1087812][trace][gc,age      ] GC(291) - age  13:        224 bytes,     677440 total
[2025-08-28T13:07:49.867+0000][1087812][trace][gc,age      ] GC(291) - age  14:       1720 bytes,     679160 total
[2025-08-28T13:07:49.867+0000][1087812][trace][gc,age      ] GC(291) - age  15:        696 bytes,     679856 total
[2025-08-28T13:07:49.867+0000][1087812][info ][gc,heap     ] GC(291) Eden regions: 75->0(75)
[2025-08-28T13:07:49.867+0000][1087812][info ][gc,heap     ] GC(291) Survivor regions: 1->1(10)
[2025-08-28T13:07:49.867+0000][1087812][info ][gc,heap     ] GC(291) Old regions: 26->26
[2025-08-28T13:07:49.867+0000][1087812][info ][gc,heap     ] GC(291) Humongous regions: 0->0
[2025-08-28T13:07:49.867+0000][1087812][info ][gc,metaspace] GC(291) Metaspace: 144377K(148416K)->144377K(148416K) NonClass: 124863K(126976K)->124863K(126976K) Class: 19514K(21440K)->19514K(21440K)
[2025-08-28T13:07:49.867+0000][1087812][info ][gc          ] GC(291) Pause Young (Normal) (G1 Evacuation Pause) 401M->101M(512M) 1.936ms
[2025-08-28T13:07:49.867+0000][1087812][info ][gc,cpu      ] GC(291) User=0.00s Sys=0.01s Real=0.00s
[2025-08-28T13:07:49.867+0000][1087812][info ][safepoint   ] Safepoint "G1CollectForAllocation", Time since last: 2009579507 ns, Reaching safepoint: 74081 ns, Cleanup: 7571 ns, At safepoint: 2199345 ns, Total: 2280997 ns
[2025-08-28T13:07:51.839+0000][1087812][info ][gc,start    ] GC(292) Pause Young (Normal) (G1 Evacuation Pause)
[2025-08-28T13:07:51.839+0000][1087812][info ][gc,task     ] GC(292) Using 12 workers of 33 for evacuation
[2025-08-28T13:07:51.839+0000][1087812][debug][gc,age      ] GC(292) Desired survivor size 20971520 bytes, new threshold 15 (max threshold 15)
[2025-08-28T13:07:51.841+0000][1087812][info ][gc,phases   ] GC(292)   Pre Evacuate Collection Set: 0.2ms
[2025-08-28T13:07:51.841+0000][1087812][info ][gc,phases   ] GC(292)   Merge Heap Roots: 0.1ms
[2025-08-28T13:07:51.841+0000][1087812][info ][gc,phases   ] GC(292)   Evacuate Collection Set: 1.3ms
[2025-08-28T13:07:51.841+0000][1087812][info ][gc,phases   ] GC(292)   Post Evacuate Collection Set: 0.4ms
[2025-08-28T13:07:51.841+0000][1087812][info ][gc,phases   ] GC(292)   Other: 0.1ms
[2025-08-28T13:07:51.841+0000][1087812][trace][gc,age      ] GC(292) Age table with threshold 15 (max threshold 15)
[2025-08-28T13:07:51.841+0000][1087812][trace][gc,age      ] GC(292) - age   1:    1490264 bytes,    1490264 total
[2025-08-28T13:07:51.841+0000][1087812][trace][gc,age      ] GC(292) - age   2:        400 bytes,    1490664 total
[2025-08-28T13:07:51.841+0000][1087812][trace][gc,age      ] GC(292) - age   3:       1040 bytes,    1491704 total
[2025-08-28T13:07:51.841+0000][1087812][trace][gc,age      ] GC(292) - age   4:        984 bytes,    1492688 total
[2025-08-28T13:07:51.841+0000][1087812][trace][gc,age      ] GC(292) - age   6:        968 bytes,    1493656 total
[2025-08-28T13:07:51.841+0000][1087812][trace][gc,age      ] GC(292) - age   7:        376 bytes,    1494032 total
[2025-08-28T13:07:51.841+0000][1087812][trace][gc,age      ] GC(292) - age  10:        400 bytes,    1494432 total
[2025-08-28T13:07:51.841+0000][1087812][trace][gc,age      ] GC(292) - age  14:        224 bytes,    1494656 total
[2025-08-28T13:07:51.841+0000][1087812][trace][gc,age      ] GC(292) - age  15:       1720 bytes,    1496376 total
[2025-08-28T13:07:51.841+0000][1087812][info ][gc,heap     ] GC(292) Eden regions: 75->0(75)
[2025-08-28T13:07:51.841+0000][1087812][info ][gc,heap     ] GC(292) Survivor regions: 1->1(10)
[2025-08-28T13:07:51.841+0000][1087812][info ][gc,heap     ] GC(292) Old regions: 26->26
[2025-08-28T13:07:51.841+0000][1087812][info ][gc,heap     ] GC(292) Humongous regions: 0->0
[2025-08-28T13:07:51.841+0000][1087812][info ][gc,metaspace] GC(292) Metaspace: 144377K(148416K)->144377K(148416K) NonClass: 124863K(126976K)->124863K(126976K) Class: 19514K(21440K)->19514K(21440K)
[2025-08-28T13:07:51.841+0000][1087812][info ][gc          ] GC(292) Pause Young (Normal) (G1 Evacuation Pause) 400M->101M(512M) 2.269ms
[2025-08-28T13:07:51.841+0000][1087812][info ][gc,cpu      ] GC(292) User=0.01s Sys=0.00s Real=0.01s
[2025-08-28T13:07:51.841+0000][1087812][info ][safepoint   ] Safepoint "G1CollectForAllocation", Time since last: 1971606796 ns, Reaching safepoint: 31978 ns, Cleanup: 7061 ns, At safepoint: 2434618 ns, Total: 2473657 ns
[2025-08-28T13:07:52.841+0000][1087812][info ][safepoint   ] Safepoint "Cleanup", Time since last: 1000086616 ns, Reaching safepoint: 31407 ns, Cleanup: 28373 ns, At safepoint: 3836 ns, Total: 63616 ns
[2025-08-28T13:07:53.803+0000][1087812][info ][gc,start    ] GC(293) Pause Young (Normal) (G1 Evacuation Pause)
[2025-08-28T13:07:53.803+0000][1087812][info ][gc,task     ] GC(293) Using 12 workers of 33 for evacuation
[2025-08-28T13:07:53.803+0000][1087812][debug][gc,age      ] GC(293) Desired survivor size 20971520 bytes, new threshold 15 (max threshold 15)
[2025-08-28T13:07:53.805+0000][1087812][info ][gc,phases   ] GC(293)   Pre Evacuate Collection Set: 0.2ms
[2025-08-28T13:07:53.805+0000][1087812][info ][gc,phases   ] GC(293)   Merge Heap Roots: 0.1ms
[2025-08-28T13:07:53.805+0000][1087812][info ][gc,phases   ] GC(293)   Evacuate Collection Set: 1.6ms
[2025-08-28T13:07:53.805+0000][1087812][info ][gc,phases   ] GC(293)   Post Evacuate Collection Set: 0.4ms
[2025-08-28T13:07:53.805+0000][1087812][info ][gc,phases   ] GC(293)   Other: 0.1ms
[2025-08-28T13:07:53.805+0000][1087812][trace][gc,age      ] GC(293) Age table with threshold 15 (max threshold 15)
[2025-08-28T13:07:53.805+0000][1087812][trace][gc,age      ] GC(293) - age   1:    1090744 bytes,    1090744 total
[2025-08-28T13:07:53.805+0000][1087812][trace][gc,age      ] GC(293) - age   2:        776 bytes,    1091520 total
[2025-08-28T13:07:53.805+0000][1087812][trace][gc,age      ] GC(293) - age   3:        400 bytes,    1091920 total
[2025-08-28T13:07:53.805+0000][1087812][trace][gc,age      ] GC(293) - age   4:       1040 bytes,    1092960 total
[2025-08-28T13:07:53.805+0000][1087812][trace][gc,age      ] GC(293) - age   5:        984 bytes,    1093944 total
[2025-08-28T13:07:53.805+0000][1087812][trace][gc,age      ] GC(293) - age   7:        968 bytes,    1094912 total
[2025-08-28T13:07:53.805+0000][1087812][trace][gc,age      ] GC(293) - age   8:        376 bytes,    1095288 total
[2025-08-28T13:07:53.805+0000][1087812][trace][gc,age      ] GC(293) - age  11:        368 bytes,    1095656 total
[2025-08-28T13:07:53.805+0000][1087812][trace][gc,age      ] GC(293) - age  15:        224 bytes,    1095880 total
[2025-08-28T13:07:53.805+0000][1087812][info ][gc,heap     ] GC(293) Eden regions: 75->0(75)
[2025-08-28T13:07:53.805+0000][1087812][info ][gc,heap     ] GC(293) Survivor regions: 1->1(10)
[2025-08-28T13:07:53.805+0000][1087812][info ][gc,heap     ] GC(293) Old regions: 26->26
[2025-08-28T13:07:53.805+0000][1087812][info ][gc,heap     ] GC(293) Humongous regions: 0->0
[2025-08-28T13:07:53.805+0000][1087812][info ][gc,metaspace] GC(293) Metaspace: 144378K(148416K)->144378K(148416K) NonClass: 124864K(126976K)->124864K(126976K) Class: 19514K(21440K)->19514K(21440K)
[2025-08-28T13:07:53.805+0000][1087812][info ][gc          ] GC(293) Pause Young (Normal) (G1 Evacuation Pause) 401M->101M(512M) 2.553ms
[2025-08-28T13:07:53.805+0000][1087812][info ][gc,cpu      ] GC(293) User=0.01s Sys=0.00s Real=0.00s
[2025-08-28T13:07:53.805+0000][1087812][info ][safepoint   ] Safepoint "G1CollectForAllocation", Time since last: 961530708 ns, Reaching safepoint: 32419 ns, Cleanup: 18177 ns, At safepoint: 2811014 ns, Total: 2861610 ns
[2025-08-28T13:07:55.803+0000][1087812][info ][gc,start    ] GC(294) Pause Young (Normal) (G1 Evacuation Pause)
[2025-08-28T13:07:55.803+0000][1087812][info ][gc,task     ] GC(294) Using 12 workers of 33 for evacuation
[2025-08-28T13:07:55.803+0000][1087812][debug][gc,age      ] GC(294) Desired survivor size 20971520 bytes, new threshold 15 (max threshold 15)
[2025-08-28T13:07:55.806+0000][1087812][info ][gc,phases   ] GC(294)   Pre Evacuate Collection Set: 0.3ms
[2025-08-28T13:07:55.806+0000][1087812][info ][gc,phases   ] GC(294)   Merge Heap Roots: 0.1ms
[2025-08-28T13:07:55.806+0000][1087812][info ][gc,phases   ] GC(294)   Evacuate Collection Set: 1.5ms
[2025-08-28T13:07:55.806+0000][1087812][info ][gc,phases   ] GC(294)   Post Evacuate Collection Set: 0.5ms
[2025-08-28T13:07:55.806+0000][1087812][info ][gc,phases   ] GC(294)   Other: 0.1ms
[2025-08-28T13:07:55.806+0000][1087812][trace][gc,age      ] GC(294) Age table with threshold 15 (max threshold 15)
[2025-08-28T13:07:55.806+0000][1087812][trace][gc,age      ] GC(294) - age   1:    1070416 bytes,    1070416 total
[2025-08-28T13:07:55.806+0000][1087812][trace][gc,age      ] GC(294) - age   2:       2448 bytes,    1072864 total
[2025-08-28T13:07:55.806+0000][1087812][trace][gc,age      ] GC(294) - age   3:        240 bytes,    1073104 total
[2025-08-28T13:07:55.806+0000][1087812][trace][gc,age      ] GC(294) - age   4:        224 bytes,    1073328 total
[2025-08-28T13:07:55.806+0000][1087812][trace][gc,age      ] GC(294) - age   5:       1040 bytes,    1074368 total
[2025-08-28T13:07:55.806+0000][1087812][trace][gc,age      ] GC(294) - age   6:        984 bytes,    1075352 total
[2025-08-28T13:07:55.806+0000][1087812][trace][gc,age      ] GC(294) - age   8:        968 bytes,    1076320 total
[2025-08-28T13:07:55.806+0000][1087812][trace][gc,age      ] GC(294) - age   9:        376 bytes,    1076696 total
[2025-08-28T13:07:55.806+0000][1087812][trace][gc,age      ] GC(294) - age  12:        368 bytes,    1077064 total
[2025-08-28T13:07:55.806+0000][1087812][info ][gc,heap     ] GC(294) Eden regions: 75->0(75)
[2025-08-28T13:07:55.806+0000][1087812][info ][gc,heap     ] GC(294) Survivor regions: 1->1(10)
[2025-08-28T13:07:55.806+0000][1087812][info ][gc,heap     ] GC(294) Old regions: 26->26
[2025-08-28T13:07:55.806+0000][1087812][info ][gc,heap     ] GC(294) Humongous regions: 0->0
[2025-08-28T13:07:55.806+0000][1087812][info ][gc,metaspace] GC(294) Metaspace: 144378K(148416K)->144378K(148416K) NonClass: 124864K(126976K)->124864K(126976K) Class: 19514K(21440K)->19514K(21440K)
[2025-08-28T13:07:55.806+0000][1087812][info ][gc          ] GC(294) Pause Young (Normal) (G1 Evacuation Pause) 401M->101M(512M) 2.818ms
[2025-08-28T13:07:55.806+0000][1087812][info ][gc,cpu      ] GC(294) User=0.01s Sys=0.00s Real=0.00s
[2025-08-28T13:07:55.806+0000][1087812][info ][safepoint   ] Safepoint "G1CollectForAllocation", Time since last: 1997505714 ns, Reaching safepoint: 40080 ns, Cleanup: 10235 ns, At safepoint: 3109904 ns, Total: 3160219 ns
[2025-08-28T13:07:57.800+0000][1087812][info ][gc,start    ] GC(295) Pause Young (Normal) (G1 Evacuation Pause)
[2025-08-28T13:07:57.800+0000][1087812][info ][gc,task     ] GC(295) Using 12 workers of 33 for evacuation
[2025-08-28T13:07:57.800+0000][1087812][debug][gc,age      ] GC(295) Desired survivor size 20971520 bytes, new threshold 15 (max threshold 15)
[2025-08-28T13:07:57.802+0000][1087812][info ][gc,phases   ] GC(295)   Pre Evacuate Collection Set: 0.2ms
[2025-08-28T13:07:57.802+0000][1087812][info ][gc,phases   ] GC(295)   Merge Heap Roots: 0.1ms
[2025-08-28T13:07:57.802+0000][1087812][info ][gc,phases   ] GC(295)   Evacuate Collection Set: 1.2ms
[2025-08-28T13:07:57.802+0000][1087812][info ][gc,phases   ] GC(295)   Post Evacuate Collection Set: 0.5ms
[2025-08-28T13:07:57.802+0000][1087812][info ][gc,phases   ] GC(295)   Other: 0.1ms
[2025-08-28T13:07:57.802+0000][1087812][trace][gc,age      ] GC(295) Age table with threshold 15 (max threshold 15)
[2025-08-28T13:07:57.802+0000][1087812][trace][gc,age      ] GC(295) - age   1:    1093960 bytes,    1093960 total
[2025-08-28T13:07:57.802+0000][1087812][trace][gc,age      ] GC(295) - age   2:        744 bytes,    1094704 total
[2025-08-28T13:07:57.802+0000][1087812][trace][gc,age      ] GC(295) - age   3:       2448 bytes,    1097152 total
[2025-08-28T13:07:57.802+0000][1087812][trace][gc,age      ] GC(295) - age   4:        240 bytes,    1097392 total
[2025-08-28T13:07:57.802+0000][1087812][trace][gc,age      ] GC(295) - age   5:        224 bytes,    1097616 total
[2025-08-28T13:07:57.802+0000][1087812][trace][gc,age      ] GC(295) - age   9:        968 bytes,    1098584 total
[2025-08-28T13:07:57.802+0000][1087812][trace][gc,age      ] GC(295) - age  10:        376 bytes,    1098960 total
[2025-08-28T13:07:57.802+0000][1087812][trace][gc,age      ] GC(295) - age  13:        368 bytes,    1099328 total
[2025-08-28T13:07:57.802+0000][1087812][info ][gc,heap     ] GC(295) Eden regions: 75->0(75)
[2025-08-28T13:07:57.802+0000][1087812][info ][gc,heap     ] GC(295) Survivor regions: 1->1(10)
[2025-08-28T13:07:57.802+0000][1087812][info ][gc,heap     ] GC(295) Old regions: 26->26
[2025-08-28T13:07:57.802+0000][1087812][info ][gc,heap     ] GC(295) Humongous regions: 0->0
[2025-08-28T13:07:57.802+0000][1087812][info ][gc,metaspace] GC(295) Metaspace: 144378K(148416K)->144378K(148416K) NonClass: 124864K(126976K)->124864K(126976K) Class: 19514K(21440K)->19514K(21440K)
[2025-08-28T13:07:57.802+0000][1087812][info ][gc          ] GC(295) Pause Young (Normal) (G1 Evacuation Pause) 401M->101M(512M) 2.249ms
[2025-08-28T13:07:57.803+0000][1087812][info ][gc,cpu      ] GC(295) User=0.01s Sys=0.00s Real=0.01s
[2025-08-28T13:07:57.803+0000][1087812][info ][safepoint   ] Safepoint "G1CollectForAllocation", Time since last: 1993949279 ns, Reaching safepoint: 26239 ns, Cleanup: 4968 ns, At safepoint: 2478514 ns, Total: 2509721 ns
[2025-08-28T13:07:59.787+0000][1087812][info ][gc,start    ] GC(296) Pause Young (Normal) (G1 Evacuation Pause)
[2025-08-28T13:07:59.787+0000][1087812][info ][gc,task     ] GC(296) Using 12 workers of 33 for evacuation
[2025-08-28T13:07:59.787+0000][1087812][debug][gc,age      ] GC(296) Desired survivor size 20971520 bytes, new threshold 15 (max threshold 15)
[2025-08-28T13:07:59.789+0000][1087812][info ][gc,phases   ] GC(296)   Pre Evacuate Collection Set: 0.3ms
[2025-08-28T13:07:59.789+0000][1087812][info ][gc,phases   ] GC(296)   Merge Heap Roots: 0.1ms
[2025-08-28T13:07:59.789+0000][1087812][info ][gc,phases   ] GC(296)   Evacuate Collection Set: 1.6ms
[2025-08-28T13:07:59.789+0000][1087812][info ][gc,phases   ] GC(296)   Post Evacuate Collection Set: 0.5ms
[2025-08-28T13:07:59.789+0000][1087812][info ][gc,phases   ] GC(296)   Other: 0.1ms
[2025-08-28T13:07:59.789+0000][1087812][trace][gc,age      ] GC(296) Age table with threshold 15 (max threshold 15)
[2025-08-28T13:07:59.789+0000][1087812][trace][gc,age      ] GC(296) - age   1:    1308136 bytes,    1308136 total
[2025-08-28T13:07:59.789+0000][1087812][trace][gc,age      ] GC(296) - age   2:       2752 bytes,    1310888 total
[2025-08-28T13:07:59.789+0000][1087812][trace][gc,age      ] GC(296) - age   3:        568 bytes,    1311456 total
[2025-08-28T13:07:59.789+0000][1087812][trace][gc,age      ] GC(296) - age   4:       2448 bytes,    1313904 total
[2025-08-28T13:07:59.789+0000][1087812][trace][gc,age      ] GC(296) - age   5:        240 bytes,    1314144 total
[2025-08-28T13:07:59.789+0000][1087812][trace][gc,age      ] GC(296) - age   6:        224 bytes,    1314368 total
[2025-08-28T13:07:59.789+0000][1087812][trace][gc,age      ] GC(296) - age  10:        968 bytes,    1315336 total
[2025-08-28T13:07:59.789+0000][1087812][trace][gc,age      ] GC(296) - age  11:        376 bytes,    1315712 total
[2025-08-28T13:07:59.789+0000][1087812][trace][gc,age      ] GC(296) - age  14:        368 bytes,    1316080 total
[2025-08-28T13:07:59.789+0000][1087812][info ][gc,heap     ] GC(296) Eden regions: 75->0(75)
[2025-08-28T13:07:59.789+0000][1087812][info ][gc,heap     ] GC(296) Survivor regions: 1->1(10)
[2025-08-28T13:07:59.789+0000][1087812][info ][gc,heap     ] GC(296) Old regions: 26->26
[2025-08-28T13:07:59.789+0000][1087812][info ][gc,heap     ] GC(296) Humongous regions: 0->0
[2025-08-28T13:07:59.789+0000][1087812][info ][gc,metaspace] GC(296) Metaspace: 144378K(148416K)->144378K(148416K) NonClass: 124864K(126976K)->124864K(126976K) Class: 19514K(21440K)->19514K(21440K)
[2025-08-28T13:07:59.790+0000][1087812][info ][gc          ] GC(296) Pause Young (Normal) (G1 Evacuation Pause) 401M->101M(512M) 2.818ms
[2025-08-28T13:07:59.790+0000][1087812][info ][gc,cpu      ] GC(296) User=0.01s Sys=0.00s Real=0.00s
[2025-08-28T13:07:59.790+0000][1087812][info ][safepoint   ] Safepoint "G1CollectForAllocation", Time since last: 1983921891 ns, Reaching safepoint: 40441 ns, Cleanup: 9765 ns, At safepoint: 3128872 ns, Total: 3179078 ns
[2025-08-28T13:08:01.774+0000][1087812][info ][gc,start    ] GC(297) Pause Young (Normal) (G1 Evacuation Pause)
[2025-08-28T13:08:01.774+0000][1087812][info ][gc,task     ] GC(297) Using 12 workers of 33 for evacuation
[2025-08-28T13:08:01.774+0000][1087812][debug][gc,age      ] GC(297) Desired survivor size 20971520 bytes, new threshold 15 (max threshold 15)
[2025-08-28T13:08:01.776+0000][1087812][info ][gc,phases   ] GC(297)   Pre Evacuate Collection Set: 0.3ms
[2025-08-28T13:08:01.776+0000][1087812][info ][gc,phases   ] GC(297)   Merge Heap Roots: 0.1ms
[2025-08-28T13:08:01.776+0000][1087812][info ][gc,phases   ] GC(297)   Evacuate Collection Set: 1.4ms
[2025-08-28T13:08:01.776+0000][1087812][info ][gc,phases   ] GC(297)   Post Evacuate Collection Set: 0.5ms
[2025-08-28T13:08:01.776+0000][1087812][info ][gc,phases   ] GC(297)   Other: 0.1ms
[2025-08-28T13:08:01.776+0000][1087812][trace][gc,age      ] GC(297) Age table with threshold 15 (max threshold 15)
[2025-08-28T13:08:01.776+0000][1087812][trace][gc,age      ] GC(297) - age   1:    1094344 bytes,    1094344 total
[2025-08-28T13:08:01.776+0000][1087812][trace][gc,age      ] GC(297) - age   2:        176 bytes,    1094520 total
[2025-08-28T13:08:01.776+0000][1087812][trace][gc,age      ] GC(297) - age   3:       2752 bytes,    1097272 total
[2025-08-28T13:08:01.776+0000][1087812][trace][gc,age      ] GC(297) - age   4:         32 bytes,    1097304 total
[2025-08-28T13:08:01.776+0000][1087812][trace][gc,age      ] GC(297) - age   5:       2448 bytes,    1099752 total
[2025-08-28T13:08:01.776+0000][1087812][trace][gc,age      ] GC(297) - age   7:        224 bytes,    1099976 total
[2025-08-28T13:08:01.776+0000][1087812][trace][gc,age      ] GC(297) - age  11:        968 bytes,    1100944 total
[2025-08-28T13:08:01.776+0000][1087812][trace][gc,age      ] GC(297) - age  12:        376 bytes,    1101320 total
[2025-08-28T13:08:01.776+0000][1087812][trace][gc,age      ] GC(297) - age  15:        368 bytes,    1101688 total
[2025-08-28T13:08:01.776+0000][1087812][info ][gc,heap     ] GC(297) Eden regions: 75->0(75)
[2025-08-28T13:08:01.776+0000][1087812][info ][gc,heap     ] GC(297) Survivor regions: 1->1(10)
[2025-08-28T13:08:01.776+0000][1087812][info ][gc,heap     ] GC(297) Old regions: 26->26
[2025-08-28T13:08:01.776+0000][1087812][info ][gc,heap     ] GC(297) Humongous regions: 0->0
[2025-08-28T13:08:01.776+0000][1087812][info ][gc,metaspace] GC(297) Metaspace: 144378K(148416K)->144378K(148416K) NonClass: 124864K(126976K)->124864K(126976K) Class: 19514K(21440K)->19514K(21440K)
[2025-08-28T13:08:01.776+0000][1087812][info ][gc          ] GC(297) Pause Young (Normal) (G1 Evacuation Pause) 401M->101M(512M) 2.532ms
[2025-08-28T13:08:01.776+0000][1087812][info ][gc,cpu      ] GC(297) User=0.01s Sys=0.01s Real=0.00s
[2025-08-28T13:08:01.776+0000][1087812][info ][safepoint   ] Safepoint "G1CollectForAllocation", Time since last: 1984013478 ns, Reaching safepoint: 95043 ns, Cleanup: 13030 ns, At safepoint: 2672796 ns, Total: 2780869 ns
[2025-08-28T13:08:03.762+0000][1087812][info ][gc,start    ] GC(298) Pause Young (Normal) (G1 Evacuation Pause)
[2025-08-28T13:08:03.762+0000][1087812][info ][gc,task     ] GC(298) Using 12 workers of 33 for evacuation
[2025-08-28T13:08:03.762+0000][1087812][debug][gc,age      ] GC(298) Desired survivor size 20971520 bytes, new threshold 15 (max threshold 15)
[2025-08-28T13:08:03.764+0000][1087812][info ][gc,phases   ] GC(298)   Pre Evacuate Collection Set: 0.2ms
[2025-08-28T13:08:03.764+0000][1087812][info ][gc,phases   ] GC(298)   Merge Heap Roots: 0.1ms
[2025-08-28T13:08:03.764+0000][1087812][info ][gc,phases   ] GC(298)   Evacuate Collection Set: 1.6ms
[2025-08-28T13:08:03.764+0000][1087812][info ][gc,phases   ] GC(298)   Post Evacuate Collection Set: 0.5ms
[2025-08-28T13:08:03.764+0000][1087812][info ][gc,phases   ] GC(298)   Other: 0.1ms
[2025-08-28T13:08:03.764+0000][1087812][trace][gc,age      ] GC(298) Age table with threshold 15 (max threshold 15)
[2025-08-28T13:08:03.764+0000][1087812][trace][gc,age      ] GC(298) - age   1:    1709920 bytes,    1709920 total
[2025-08-28T13:08:03.764+0000][1087812][trace][gc,age      ] GC(298) - age   2:       1000 bytes,    1710920 total
[2025-08-28T13:08:03.764+0000][1087812][trace][gc,age      ] GC(298) - age   3:        176 bytes,    1711096 total
[2025-08-28T13:08:03.764+0000][1087812][trace][gc,age      ] GC(298) - age   4:       2752 bytes,    1713848 total
[2025-08-28T13:08:03.764+0000][1087812][trace][gc,age      ] GC(298) - age   5:         32 bytes,    1713880 total
[2025-08-28T13:08:03.764+0000][1087812][trace][gc,age      ] GC(298) - age   6:       2416 bytes,    1716296 total
[2025-08-28T13:08:03.764+0000][1087812][trace][gc,age      ] GC(298) - age   8:        224 bytes,    1716520 total
[2025-08-28T13:08:03.764+0000][1087812][trace][gc,age      ] GC(298) - age  12:        968 bytes,    1717488 total
[2025-08-28T13:08:03.764+0000][1087812][trace][gc,age      ] GC(298) - age  13:        376 bytes,    1717864 total
[2025-08-28T13:08:03.764+0000][1087812][info ][gc,heap     ] GC(298) Eden regions: 75->0(75)
[2025-08-28T13:08:03.764+0000][1087812][info ][gc,heap     ] GC(298) Survivor regions: 1->1(10)
[2025-08-28T13:08:03.764+0000][1087812][info ][gc,heap     ] GC(298) Old regions: 26->26
[2025-08-28T13:08:03.764+0000][1087812][info ][gc,heap     ] GC(298) Humongous regions: 0->0
[2025-08-28T13:08:03.764+0000][1087812][info ][gc,metaspace] GC(298) Metaspace: 144378K(148416K)->144378K(148416K) NonClass: 124864K(126976K)->124864K(126976K) Class: 19514K(21440K)->19514K(21440K)
[2025-08-28T13:08:03.765+0000][1087812][info ][gc          ] GC(298) Pause Young (Normal) (G1 Evacuation Pause) 401M->102M(512M) 2.641ms
[2025-08-28T13:08:03.765+0000][1087812][info ][gc,cpu      ] GC(298) User=0.01s Sys=0.00s Real=0.00s
[2025-08-28T13:08:03.765+0000][1087812][info ][safepoint   ] Safepoint "G1CollectForAllocation", Time since last: 1985275155 ns, Reaching safepoint: 29104 ns, Cleanup: 4817 ns, At safepoint: 2856072 ns, Total: 2889993 ns
[2025-08-28T13:08:05.711+0000][1087812][info ][gc,start    ] GC(299) Pause Young (Normal) (G1 Evacuation Pause)
[2025-08-28T13:08:05.712+0000][1087812][info ][gc,task     ] GC(299) Using 12 workers of 33 for evacuation
[2025-08-28T13:08:05.712+0000][1087812][debug][gc,age      ] GC(299) Desired survivor size 20971520 bytes, new threshold 15 (max threshold 15)
[2025-08-28T13:08:05.714+0000][1087812][info ][gc,phases   ] GC(299)   Pre Evacuate Collection Set: 0.2ms
[2025-08-28T13:08:05.714+0000][1087812][info ][gc,phases   ] GC(299)   Merge Heap Roots: 0.1ms
[2025-08-28T13:08:05.714+0000][1087812][info ][gc,phases   ] GC(299)   Evacuate Collection Set: 1.9ms
[2025-08-28T13:08:05.714+0000][1087812][info ][gc,phases   ] GC(299)   Post Evacuate Collection Set: 0.5ms
[2025-08-28T13:08:05.714+0000][1087812][info ][gc,phases   ] GC(299)   Other: 0.1ms
[2025-08-28T13:08:05.714+0000][1087812][trace][gc,age      ] GC(299) Age table with threshold 15 (max threshold 15)
[2025-08-28T13:08:05.714+0000][1087812][trace][gc,age      ] GC(299) - age   1:    1193144 bytes,    1193144 total
[2025-08-28T13:08:05.714+0000][1087812][trace][gc,age      ] GC(299) - age   2:        432 bytes,    1193576 total
[2025-08-28T13:08:05.714+0000][1087812][trace][gc,age      ] GC(299) - age   3:        464 bytes,    1194040 total
[2025-08-28T13:08:05.714+0000][1087812][trace][gc,age      ] GC(299) - age   5:       2752 bytes,    1196792 total
[2025-08-28T13:08:05.714+0000][1087812][trace][gc,age      ] GC(299) - age   6:         32 bytes,    1196824 total
[2025-08-28T13:08:05.714+0000][1087812][trace][gc,age      ] GC(299) - age   7:       2416 bytes,    1199240 total
[2025-08-28T13:08:05.714+0000][1087812][trace][gc,age      ] GC(299) - age   9:        224 bytes,    1199464 total
[2025-08-28T13:08:05.714+0000][1087812][trace][gc,age      ] GC(299) - age  13:        784 bytes,    1200248 total
[2025-08-28T13:08:05.714+0000][1087812][trace][gc,age      ] GC(299) - age  14:        376 bytes,    1200624 total
[2025-08-28T13:08:05.714+0000][1087812][info ][gc,heap     ] GC(299) Eden regions: 75->0(75)
[2025-08-28T13:08:05.714+0000][1087812][info ][gc,heap     ] GC(299) Survivor regions: 1->1(10)
[2025-08-28T13:08:05.714+0000][1087812][info ][gc,heap     ] GC(299) Old regions: 26->26
[2025-08-28T13:08:05.714+0000][1087812][info ][gc,heap     ] GC(299) Humongous regions: 0->0
[2025-08-28T13:08:05.714+0000][1087812][info ][gc,metaspace] GC(299) Metaspace: 144378K(148416K)->144378K(148416K) NonClass: 124864K(126976K)->124864K(126976K) Class: 19514K(21440K)->19514K(21440K)
[2025-08-28T13:08:05.714+0000][1087812][info ][gc          ] GC(299) Pause Young (Normal) (G1 Evacuation Pause) 402M->101M(512M) 2.900ms
[2025-08-28T13:08:05.714+0000][1087812][info ][gc,cpu      ] GC(299) User=0.00s Sys=0.00s Real=0.00s
[2025-08-28T13:08:05.714+0000][1087812][info ][safepoint   ] Safepoint "G1CollectForAllocation", Time since last: 1946694770 ns, Reaching safepoint: 26941 ns, Cleanup: 4717 ns, At safepoint: 3125537 ns, Total: 3157195 ns
[2025-08-28T13:08:07.699+0000][1087812][info ][gc,start    ] GC(300) Pause Young (Normal) (G1 Evacuation Pause)
[2025-08-28T13:08:07.699+0000][1087812][info ][gc,task     ] GC(300) Using 12 workers of 33 for evacuation
[2025-08-28T13:08:07.699+0000][1087812][debug][gc,age      ] GC(300) Desired survivor size 20971520 bytes, new threshold 15 (max threshold 15)
[2025-08-28T13:08:07.701+0000][1087812][info ][gc,phases   ] GC(300)   Pre Evacuate Collection Set: 0.3ms
[2025-08-28T13:08:07.701+0000][1087812][info ][gc,phases   ] GC(300)   Merge Heap Roots: 0.1ms
[2025-08-28T13:08:07.701+0000][1087812][info ][gc,phases   ] GC(300)   Evacuate Collection Set: 1.5ms
[2025-08-28T13:08:07.701+0000][1087812][info ][gc,phases   ] GC(300)   Post Evacuate Collection Set: 0.6ms
[2025-08-28T13:08:07.701+0000][1087812][info ][gc,phases   ] GC(300)   Other: 0.1ms
[2025-08-28T13:08:07.701+0000][1087812][trace][gc,age      ] GC(300) Age table with threshold 15 (max threshold 15)
[2025-08-28T13:08:07.701+0000][1087812][trace][gc,age      ] GC(300) - age   1:    1159472 bytes,    1159472 total
[2025-08-28T13:08:07.701+0000][1087812][trace][gc,age      ] GC(300) - age   2:        712 bytes,    1160184 total
[2025-08-28T13:08:07.701+0000][1087812][trace][gc,age      ] GC(300) - age   3:        400 bytes,    1160584 total
[2025-08-28T13:08:07.701+0000][1087812][trace][gc,age      ] GC(300) - age   4:        464 bytes,    1161048 total
[2025-08-28T13:08:07.701+0000][1087812][trace][gc,age      ] GC(300) - age   6:       2752 bytes,    1163800 total
[2025-08-28T13:08:07.701+0000][1087812][trace][gc,age      ] GC(300) - age   7:         32 bytes,    1163832 total
[2025-08-28T13:08:07.701+0000][1087812][trace][gc,age      ] GC(300) - age   8:       2416 bytes,    1166248 total
[2025-08-28T13:08:07.701+0000][1087812][trace][gc,age      ] GC(300) - age  10:        224 bytes,    1166472 total
[2025-08-28T13:08:07.701+0000][1087812][trace][gc,age      ] GC(300) - age  14:        784 bytes,    1167256 total
[2025-08-28T13:08:07.701+0000][1087812][trace][gc,age      ] GC(300) - age  15:        376 bytes,    1167632 total
[2025-08-28T13:08:07.701+0000][1087812][info ][gc,heap     ] GC(300) Eden regions: 75->0(75)
[2025-08-28T13:08:07.701+0000][1087812][info ][gc,heap     ] GC(300) Survivor regions: 1->1(10)
[2025-08-28T13:08:07.701+0000][1087812][info ][gc,heap     ] GC(300) Old regions: 26->26
[2025-08-28T13:08:07.701+0000][1087812][info ][gc,heap     ] GC(300) Humongous regions: 0->0
[2025-08-28T13:08:07.701+0000][1087812][info ][gc,metaspace] GC(300) Metaspace: 144378K(148416K)->144378K(148416K) NonClass: 124864K(126976K)->124864K(126976K) Class: 19514K(21440K)->19514K(21440K)
[2025-08-28T13:08:07.701+0000][1087812][info ][gc          ] GC(300) Pause Young (Normal) (G1 Evacuation Pause) 401M->101M(512M) 2.602ms
[2025-08-28T13:08:07.701+0000][1087812][info ][gc,cpu      ] GC(300) User=0.01s Sys=0.00s Real=0.01s
[2025-08-28T13:08:07.702+0000][1087812][info ][safepoint   ] Safepoint "G1CollectForAllocation", Time since last: 1984212157 ns, Reaching safepoint: 30225 ns, Cleanup: 5909 ns, At safepoint: 2777955 ns, Total: 2814089 ns
[2025-08-28T13:08:09.686+0000][1087812][info ][gc,start    ] GC(301) Pause Young (Normal) (G1 Evacuation Pause)
[2025-08-28T13:08:09.686+0000][1087812][info ][gc,task     ] GC(301) Using 12 workers of 33 for evacuation
[2025-08-28T13:08:09.686+0000][1087812][debug][gc,age      ] GC(301) Desired survivor size 20971520 bytes, new threshold 15 (max threshold 15)
[2025-08-28T13:08:09.690+0000][1087812][info ][gc,phases   ] GC(301)   Pre Evacuate Collection Set: 0.2ms
[2025-08-28T13:08:09.690+0000][1087812][info ][gc,phases   ] GC(301)   Merge Heap Roots: 0.1ms
[2025-08-28T13:08:09.690+0000][1087812][info ][gc,phases   ] GC(301)   Evacuate Collection Set: 1.9ms
[2025-08-28T13:08:09.690+0000][1087812][info ][gc,phases   ] GC(301)   Post Evacuate Collection Set: 0.9ms
[2025-08-28T13:08:09.690+0000][1087812][info ][gc,phases   ] GC(301)   Other: 0.1ms
[2025-08-28T13:08:09.690+0000][1087812][trace][gc,age      ] GC(301) Age table with threshold 15 (max threshold 15)
[2025-08-28T13:08:09.690+0000][1087812][trace][gc,age      ] GC(301) - age   1:    1242560 bytes,    1242560 total
[2025-08-28T13:08:09.690+0000][1087812][trace][gc,age      ] GC(301) - age   3:        536 bytes,    1243096 total
[2025-08-28T13:08:09.690+0000][1087812][trace][gc,age      ] GC(301) - age   4:        400 bytes,    1243496 total
[2025-08-28T13:08:09.690+0000][1087812][trace][gc,age      ] GC(301) - age   5:        464 bytes,    1243960 total
[2025-08-28T13:08:09.690+0000][1087812][trace][gc,age      ] GC(301) - age   7:       2720 bytes,    1246680 total
[2025-08-28T13:08:09.690+0000][1087812][trace][gc,age      ] GC(301) - age   8:         32 bytes,    1246712 total
[2025-08-28T13:08:09.690+0000][1087812][trace][gc,age      ] GC(301) - age   9:       2416 bytes,    1249128 total
[2025-08-28T13:08:09.690+0000][1087812][trace][gc,age      ] GC(301) - age  15:        784 bytes,    1249912 total
[2025-08-28T13:08:09.690+0000][1087812][info ][gc,heap     ] GC(301) Eden regions: 75->0(75)
[2025-08-28T13:08:09.690+0000][1087812][info ][gc,heap     ] GC(301) Survivor regions: 1->1(10)
[2025-08-28T13:08:09.690+0000][1087812][info ][gc,heap     ] GC(301) Old regions: 26->26
[2025-08-28T13:08:09.690+0000][1087812][info ][gc,heap     ] GC(301) Humongous regions: 0->0
[2025-08-28T13:08:09.690+0000][1087812][info ][gc,metaspace] GC(301) Metaspace: 144378K(148416K)->144378K(148416K) NonClass: 124864K(126976K)->124864K(126976K) Class: 19514K(21440K)->19514K(21440K)
[2025-08-28T13:08:09.690+0000][1087812][info ][gc          ] GC(301) Pause Young (Normal) (G1 Evacuation Pause) 401M->101M(512M) 3.385ms
[2025-08-28T13:08:09.690+0000][1087812][info ][gc,cpu      ] GC(301) User=0.01s Sys=0.01s Real=0.00s
[2025-08-28T13:08:09.690+0000][1087812][info ][safepoint   ] Safepoint "G1CollectForAllocation", Time since last: 1984690786 ns, Reaching safepoint: 31468 ns, Cleanup: 6610 ns, At safepoint: 3600420 ns, Total: 3638498 ns
[2025-08-28T13:08:11.674+0000][1087812][info ][gc,start    ] GC(302) Pause Young (Normal) (G1 Evacuation Pause)
[2025-08-28T13:08:11.674+0000][1087812][info ][gc,task     ] GC(302) Using 12 workers of 33 for evacuation
[2025-08-28T13:08:11.674+0000][1087812][debug][gc,age      ] GC(302) Desired survivor size 20971520 bytes, new threshold 15 (max threshold 15)
[2025-08-28T13:08:11.677+0000][1087812][info ][gc,phases   ] GC(302)   Pre Evacuate Collection Set: 0.3ms
[2025-08-28T13:08:11.678+0000][1087812][info ][gc,phases   ] GC(302)   Merge Heap Roots: 0.1ms
[2025-08-28T13:08:11.678+0000][1087812][info ][gc,phases   ] GC(302)   Evacuate Collection Set: 2.1ms
[2025-08-28T13:08:11.678+0000][1087812][info ][gc,phases   ] GC(302)   Post Evacuate Collection Set: 1.0ms
[2025-08-28T13:08:11.678+0000][1087812][info ][gc,phases   ] GC(302)   Other: 0.1ms
[2025-08-28T13:08:11.678+0000][1087812][trace][gc,age      ] GC(302) Age table with threshold 15 (max threshold 15)
[2025-08-28T13:08:11.678+0000][1087812][trace][gc,age      ] GC(302) - age   1:    1094120 bytes,    1094120 total
[2025-08-28T13:08:11.678+0000][1087812][trace][gc,age      ] GC(302) - age   2:        608 bytes,    1094728 total
[2025-08-28T13:08:11.678+0000][1087812][trace][gc,age      ] GC(302) - age   5:        400 bytes,    1095128 total
[2025-08-28T13:08:11.678+0000][1087812][trace][gc,age      ] GC(302) - age   6:        224 bytes,    1095352 total
[2025-08-28T13:08:11.678+0000][1087812][trace][gc,age      ] GC(302) - age   8:       2720 bytes,    1098072 total
[2025-08-28T13:08:11.678+0000][1087812][trace][gc,age      ] GC(302) - age   9:         32 bytes,    1098104 total
[2025-08-28T13:08:11.678+0000][1087812][trace][gc,age      ] GC(302) - age  10:       2416 bytes,    1100520 total
[2025-08-28T13:08:11.678+0000][1087812][info ][gc,heap     ] GC(302) Eden regions: 75->0(75)
[2025-08-28T13:08:11.678+0000][1087812][info ][gc,heap     ] GC(302) Survivor regions: 1->1(10)
[2025-08-28T13:08:11.678+0000][1087812][info ][gc,heap     ] GC(302) Old regions: 26->26
[2025-08-28T13:08:11.678+0000][1087812][info ][gc,heap     ] GC(302) Humongous regions: 0->0
[2025-08-28T13:08:11.678+0000][1087812][info ][gc,metaspace] GC(302) Metaspace: 144378K(148416K)->144378K(148416K) NonClass: 124864K(126976K)->124864K(126976K) Class: 19514K(21440K)->19514K(21440K)
[2025-08-28T13:08:11.678+0000][1087812][info ][gc          ] GC(302) Pause Young (Normal) (G1 Evacuation Pause) 401M->101M(512M) 3.724ms
[2025-08-28T13:08:11.678+0000][1087812][info ][gc,cpu      ] GC(302) User=0.01s Sys=0.00s Real=0.00s
[2025-08-28T13:08:11.678+0000][1087812][info ][safepoint   ] Safepoint "G1CollectForAllocation", Time since last: 1983877845 ns, Reaching safepoint: 41743 ns, Cleanup: 9654 ns, At safepoint: 4006551 ns, Total: 4057948 ns
[2025-08-28T13:08:13.674+0000][1087812][info ][gc,start    ] GC(303) Pause Young (Normal) (G1 Evacuation Pause)
[2025-08-28T13:08:13.674+0000][1087812][info ][gc,task     ] GC(303) Using 12 workers of 33 for evacuation
[2025-08-28T13:08:13.674+0000][1087812][debug][gc,age      ] GC(303) Desired survivor size 20971520 bytes, new threshold 15 (max threshold 15)
[2025-08-28T13:08:13.677+0000][1087812][info ][gc,phases   ] GC(303)   Pre Evacuate Collection Set: 0.2ms
[2025-08-28T13:08:13.677+0000][1087812][info ][gc,phases   ] GC(303)   Merge Heap Roots: 0.1ms
[2025-08-28T13:08:13.677+0000][1087812][info ][gc,phases   ] GC(303)   Evacuate Collection Set: 2.0ms
[2025-08-28T13:08:13.677+0000][1087812][info ][gc,phases   ] GC(303)   Post Evacuate Collection Set: 1.0ms
[2025-08-28T13:08:13.677+0000][1087812][info ][gc,phases   ] GC(303)   Other: 0.1ms
[2025-08-28T13:08:13.677+0000][1087812][trace][gc,age      ] GC(303) Age table with threshold 15 (max threshold 15)
[2025-08-28T13:08:13.677+0000][1087812][trace][gc,age      ] GC(303) - age   1:     656576 bytes,     656576 total
[2025-08-28T13:08:13.677+0000][1087812][trace][gc,age      ] GC(303) - age   2:        776 bytes,     657352 total
[2025-08-28T13:08:13.677+0000][1087812][trace][gc,age      ] GC(303) - age   3:        608 bytes,     657960 total
[2025-08-28T13:08:13.677+0000][1087812][trace][gc,age      ] GC(303) - age   6:        400 bytes,     658360 total
[2025-08-28T13:08:13.677+0000][1087812][trace][gc,age      ] GC(303) - age   7:        224 bytes,     658584 total
[2025-08-28T13:08:13.677+0000][1087812][trace][gc,age      ] GC(303) - age   9:       2720 bytes,     661304 total
[2025-08-28T13:08:13.677+0000][1087812][trace][gc,age      ] GC(303) - age  10:         32 bytes,     661336 total
[2025-08-28T13:08:13.677+0000][1087812][trace][gc,age      ] GC(303) - age  11:       2416 bytes,     663752 total
[2025-08-28T13:08:13.677+0000][1087812][info ][gc,heap     ] GC(303) Eden regions: 75->0(75)
[2025-08-28T13:08:13.677+0000][1087812][info ][gc,heap     ] GC(303) Survivor regions: 1->1(10)
[2025-08-28T13:08:13.677+0000][1087812][info ][gc,heap     ] GC(303) Old regions: 26->26
[2025-08-28T13:08:13.677+0000][1087812][info ][gc,heap     ] GC(303) Humongous regions: 0->0
[2025-08-28T13:08:13.678+0000][1087812][info ][gc,metaspace] GC(303) Metaspace: 144378K(148416K)->144378K(148416K) NonClass: 124864K(126976K)->124864K(126976K) Class: 19514K(21440K)->19514K(21440K)
[2025-08-28T13:08:13.678+0000][1087812][info ][gc          ] GC(303) Pause Young (Normal) (G1 Evacuation Pause) 401M->100M(512M) 3.446ms
[2025-08-28T13:08:13.678+0000][1087812][info ][gc,cpu      ] GC(303) User=0.00s Sys=0.00s Real=0.00s
[2025-08-28T13:08:13.678+0000][1087812][info ][safepoint   ] Safepoint "G1CollectForAllocation", Time since last: 1996195454 ns, Reaching safepoint: 24227 ns, Cleanup: 3545 ns, At safepoint: 3683205 ns, Total: 3710977 ns
[2025-08-28T13:08:15.626+0000][1087812][info ][gc,start    ] GC(304) Pause Young (Normal) (G1 Evacuation Pause)
[2025-08-28T13:08:15.626+0000][1087812][info ][gc,task     ] GC(304) Using 12 workers of 33 for evacuation
[2025-08-28T13:08:15.626+0000][1087812][debug][gc,age      ] GC(304) Desired survivor size 20971520 bytes, new threshold 15 (max threshold 15)
[2025-08-28T13:08:15.628+0000][1087812][info ][gc,phases   ] GC(304)   Pre Evacuate Collection Set: 0.2ms
[2025-08-28T13:08:15.628+0000][1087812][info ][gc,phases   ] GC(304)   Merge Heap Roots: 0.1ms
[2025-08-28T13:08:15.629+0000][1087812][info ][gc,phases   ] GC(304)   Evacuate Collection Set: 1.6ms
[2025-08-28T13:08:15.629+0000][1087812][info ][gc,phases   ] GC(304)   Post Evacuate Collection Set: 0.8ms
[2025-08-28T13:08:15.629+0000][1087812][info ][gc,phases   ] GC(304)   Other: 0.1ms
[2025-08-28T13:08:15.629+0000][1087812][trace][gc,age      ] GC(304) Age table with threshold 15 (max threshold 15)
[2025-08-28T13:08:15.629+0000][1087812][trace][gc,age      ] GC(304) - age   1:    1070800 bytes,    1070800 total
[2025-08-28T13:08:15.629+0000][1087812][trace][gc,age      ] GC(304) - age   3:        240 bytes,    1071040 total
[2025-08-28T13:08:15.629+0000][1087812][trace][gc,age      ] GC(304) - age   4:        432 bytes,    1071472 total
[2025-08-28T13:08:15.629+0000][1087812][trace][gc,age      ] GC(304) - age   7:        400 bytes,    1071872 total
[2025-08-28T13:08:15.629+0000][1087812][trace][gc,age      ] GC(304) - age   8:        224 bytes,    1072096 total
[2025-08-28T13:08:15.629+0000][1087812][trace][gc,age      ] GC(304) - age  10:       2720 bytes,    1074816 total
[2025-08-28T13:08:15.629+0000][1087812][trace][gc,age      ] GC(304) - age  11:         32 bytes,    1074848 total
[2025-08-28T13:08:15.629+0000][1087812][trace][gc,age      ] GC(304) - age  12:       2416 bytes,    1077264 total
[2025-08-28T13:08:15.629+0000][1087812][info ][gc,heap     ] GC(304) Eden regions: 75->0(75)
[2025-08-28T13:08:15.629+0000][1087812][info ][gc,heap     ] GC(304) Survivor regions: 1->1(10)
[2025-08-28T13:08:15.629+0000][1087812][info ][gc,heap     ] GC(304) Old regions: 26->26
[2025-08-28T13:08:15.629+0000][1087812][info ][gc,heap     ] GC(304) Humongous regions: 0->0
[2025-08-28T13:08:15.629+0000][1087812][info ][gc,metaspace] GC(304) Metaspace: 144378K(148416K)->144378K(148416K) NonClass: 124864K(126976K)->124864K(126976K) Class: 19514K(21440K)->19514K(21440K)
[2025-08-28T13:08:15.629+0000][1087812][info ][gc          ] GC(304) Pause Young (Normal) (G1 Evacuation Pause) 400M->101M(512M) 2.983ms
[2025-08-28T13:08:15.629+0000][1087812][info ][gc,cpu      ] GC(304) User=0.01s Sys=0.01s Real=0.00s
[2025-08-28T13:08:15.629+0000][1087812][info ][safepoint   ] Safepoint "G1CollectForAllocation", Time since last: 1947719420 ns, Reaching safepoint: 64637 ns, Cleanup: 7772 ns, At safepoint: 3156924 ns, Total: 3229333 ns
[2025-08-28T13:08:17.636+0000][1087812][info ][gc,start    ] GC(305) Pause Young (Normal) (G1 Evacuation Pause)
[2025-08-28T13:08:17.637+0000][1087812][info ][gc,task     ] GC(305) Using 12 workers of 33 for evacuation
[2025-08-28T13:08:17.637+0000][1087812][debug][gc,age      ] GC(305) Desired survivor size 20971520 bytes, new threshold 15 (max threshold 15)
[2025-08-28T13:08:17.640+0000][1087812][info ][gc,phases   ] GC(305)   Pre Evacuate Collection Set: 0.3ms
[2025-08-28T13:08:17.640+0000][1087812][info ][gc,phases   ] GC(305)   Merge Heap Roots: 0.1ms
[2025-08-28T13:08:17.640+0000][1087812][info ][gc,phases   ] GC(305)   Evacuate Collection Set: 1.7ms
[2025-08-28T13:08:17.640+0000][1087812][info ][gc,phases   ] GC(305)   Post Evacuate Collection Set: 1.0ms
[2025-08-28T13:08:17.640+0000][1087812][info ][gc,phases   ] GC(305)   Other: 0.1ms
[2025-08-28T13:08:17.640+0000][1087812][trace][gc,age      ] GC(305) Age table with threshold 15 (max threshold 15)
[2025-08-28T13:08:17.640+0000][1087812][trace][gc,age      ] GC(305) - age   1:    1175968 bytes,    1175968 total
[2025-08-28T13:08:17.640+0000][1087812][trace][gc,age      ] GC(305) - age   2:        712 bytes,    1176680 total
[2025-08-28T13:08:17.640+0000][1087812][trace][gc,age      ] GC(305) - age   4:        240 bytes,    1176920 total
[2025-08-28T13:08:17.640+0000][1087812][trace][gc,age      ] GC(305) - age   5:        432 bytes,    1177352 total
[2025-08-28T13:08:17.640+0000][1087812][trace][gc,age      ] GC(305) - age   8:        400 bytes,    1177752 total
[2025-08-28T13:08:17.640+0000][1087812][trace][gc,age      ] GC(305) - age   9:        224 bytes,    1177976 total
[2025-08-28T13:08:17.640+0000][1087812][trace][gc,age      ] GC(305) - age  11:       2720 bytes,    1180696 total
[2025-08-28T13:08:17.640+0000][1087812][trace][gc,age      ] GC(305) - age  12:         32 bytes,    1180728 total
[2025-08-28T13:08:17.640+0000][1087812][trace][gc,age      ] GC(305) - age  13:       2416 bytes,    1183144 total
[2025-08-28T13:08:17.640+0000][1087812][info ][gc,heap     ] GC(305) Eden regions: 75->0(75)
[2025-08-28T13:08:17.640+0000][1087812][info ][gc,heap     ] GC(305) Survivor regions: 1->1(10)
[2025-08-28T13:08:17.640+0000][1087812][info ][gc,heap     ] GC(305) Old regions: 26->26
[2025-08-28T13:08:17.640+0000][1087812][info ][gc,heap     ] GC(305) Humongous regions: 0->0
[2025-08-28T13:08:17.640+0000][1087812][info ][gc,metaspace] GC(305) Metaspace: 144378K(148416K)->144378K(148416K) NonClass: 124864K(126976K)->124864K(126976K) Class: 19514K(21440K)->19514K(21440K)
[2025-08-28T13:08:17.640+0000][1087812][info ][gc          ] GC(305) Pause Young (Normal) (G1 Evacuation Pause) 401M->101M(512M) 3.306ms
[2025-08-28T13:08:17.640+0000][1087812][info ][gc,cpu      ] GC(305) User=0.00s Sys=0.00s Real=0.00s
[2025-08-28T13:08:17.640+0000][1087812][info ][safepoint   ] Safepoint "G1CollectForAllocation", Time since last: 2007587373 ns, Reaching safepoint: 40431 ns, Cleanup: 8903 ns, At safepoint: 3599859 ns, Total: 3649193 ns
[2025-08-28T13:08:19.586+0000][1087812][info ][gc,start    ] GC(306) Pause Young (Normal) (G1 Evacuation Pause)
[2025-08-28T13:08:19.586+0000][1087812][info ][gc,task     ] GC(306) Using 12 workers of 33 for evacuation
[2025-08-28T13:08:19.586+0000][1087812][debug][gc,age      ] GC(306) Desired survivor size 20971520 bytes, new threshold 15 (max threshold 15)
[2025-08-28T13:08:19.589+0000][1087812][info ][gc,phases   ] GC(306)   Pre Evacuate Collection Set: 0.2ms
[2025-08-28T13:08:19.589+0000][1087812][info ][gc,phases   ] GC(306)   Merge Heap Roots: 0.1ms
[2025-08-28T13:08:19.589+0000][1087812][info ][gc,phases   ] GC(306)   Evacuate Collection Set: 1.5ms
[2025-08-28T13:08:19.589+0000][1087812][info ][gc,phases   ] GC(306)   Post Evacuate Collection Set: 0.8ms
[2025-08-28T13:08:19.589+0000][1087812][info ][gc,phases   ] GC(306)   Other: 0.1ms
[2025-08-28T13:08:19.589+0000][1087812][trace][gc,age      ] GC(306) Age table with threshold 15 (max threshold 15)
[2025-08-28T13:08:19.589+0000][1087812][trace][gc,age      ] GC(306) - age   1:    1126688 bytes,    1126688 total
[2025-08-28T13:08:19.589+0000][1087812][trace][gc,age      ] GC(306) - age   3:        536 bytes,    1127224 total
[2025-08-28T13:08:19.589+0000][1087812][trace][gc,age      ] GC(306) - age   5:        240 bytes,    1127464 total
[2025-08-28T13:08:19.589+0000][1087812][trace][gc,age      ] GC(306) - age   6:        400 bytes,    1127864 total
[2025-08-28T13:08:19.589+0000][1087812][trace][gc,age      ] GC(306) - age   9:        400 bytes,    1128264 total
[2025-08-28T13:08:19.589+0000][1087812][trace][gc,age      ] GC(306) - age  10:        224 bytes,    1128488 total
[2025-08-28T13:08:19.589+0000][1087812][trace][gc,age      ] GC(306) - age  12:       2720 bytes,    1131208 total
[2025-08-28T13:08:19.589+0000][1087812][trace][gc,age      ] GC(306) - age  13:         32 bytes,    1131240 total
[2025-08-28T13:08:19.589+0000][1087812][trace][gc,age      ] GC(306) - age  14:       2416 bytes,    1133656 total
[2025-08-28T13:08:19.589+0000][1087812][info ][gc,heap     ] GC(306) Eden regions: 75->0(75)
[2025-08-28T13:08:19.589+0000][1087812][info ][gc,heap     ] GC(306) Survivor regions: 1->1(10)
[2025-08-28T13:08:19.589+0000][1087812][info ][gc,heap     ] GC(306) Old regions: 26->26
[2025-08-28T13:08:19.589+0000][1087812][info ][gc,heap     ] GC(306) Humongous regions: 0->0
[2025-08-28T13:08:19.589+0000][1087812][info ][gc,metaspace] GC(306) Metaspace: 144378K(148416K)->144378K(148416K) NonClass: 124864K(126976K)->124864K(126976K) Class: 19514K(21440K)->19514K(21440K)
[2025-08-28T13:08:19.589+0000][1087812][info ][gc          ] GC(306) Pause Young (Normal) (G1 Evacuation Pause) 401M->101M(512M) 2.835ms
[2025-08-28T13:08:19.589+0000][1087812][info ][gc,cpu      ] GC(306) User=0.00s Sys=0.00s Real=0.00s
[2025-08-28T13:08:19.589+0000][1087812][info ][safepoint   ] Safepoint "G1CollectForAllocation", Time since last: 1946352797 ns, Reaching safepoint: 37637 ns, Cleanup: 3595 ns, At safepoint: 3011165 ns, Total: 3052397 ns
[2025-08-28T13:08:21.551+0000][1087812][info ][gc,start    ] GC(307) Pause Young (Normal) (G1 Evacuation Pause)
[2025-08-28T13:08:21.551+0000][1087812][info ][gc,task     ] GC(307) Using 12 workers of 33 for evacuation
[2025-08-28T13:08:21.551+0000][1087812][debug][gc,age      ] GC(307) Desired survivor size 20971520 bytes, new threshold 15 (max threshold 15)
[2025-08-28T13:08:21.553+0000][1087812][info ][gc,phases   ] GC(307)   Pre Evacuate Collection Set: 0.2ms
[2025-08-28T13:08:21.553+0000][1087812][info ][gc,phases   ] GC(307)   Merge Heap Roots: 0.1ms
[2025-08-28T13:08:21.553+0000][1087812][info ][gc,phases   ] GC(307)   Evacuate Collection Set: 1.7ms
[2025-08-28T13:08:21.553+0000][1087812][info ][gc,phases   ] GC(307)   Post Evacuate Collection Set: 0.7ms
[2025-08-28T13:08:21.553+0000][1087812][info ][gc,phases   ] GC(307)   Other: 0.1ms
[2025-08-28T13:08:21.553+0000][1087812][trace][gc,age      ] GC(307) Age table with threshold 15 (max threshold 15)
[2025-08-28T13:08:21.553+0000][1087812][trace][gc,age      ] GC(307) - age   1:    1088136 bytes,    1088136 total
[2025-08-28T13:08:21.553+0000][1087812][trace][gc,age      ] GC(307) - age   2:        208 bytes,    1088344 total
[2025-08-28T13:08:21.553+0000][1087812][trace][gc,age      ] GC(307) - age   7:        400 bytes,    1088744 total
[2025-08-28T13:08:21.553+0000][1087812][trace][gc,age      ] GC(307) - age  10:        400 bytes,    1089144 total
[2025-08-28T13:08:21.553+0000][1087812][trace][gc,age      ] GC(307) - age  11:        224 bytes,    1089368 total
[2025-08-28T13:08:21.553+0000][1087812][trace][gc,age      ] GC(307) - age  13:       2472 bytes,    1091840 total
[2025-08-28T13:08:21.553+0000][1087812][trace][gc,age      ] GC(307) - age  14:         32 bytes,    1091872 total
[2025-08-28T13:08:21.553+0000][1087812][trace][gc,age      ] GC(307) - age  15:       2416 bytes,    1094288 total
[2025-08-28T13:08:21.553+0000][1087812][info ][gc,heap     ] GC(307) Eden regions: 75->0(75)
[2025-08-28T13:08:21.553+0000][1087812][info ][gc,heap     ] GC(307) Survivor regions: 1->1(10)
[2025-08-28T13:08:21.553+0000][1087812][info ][gc,heap     ] GC(307) Old regions: 26->26
[2025-08-28T13:08:21.553+0000][1087812][info ][gc,heap     ] GC(307) Humongous regions: 0->0
[2025-08-28T13:08:21.553+0000][1087812][info ][gc,metaspace] GC(307) Metaspace: 144378K(148416K)->144378K(148416K) NonClass: 124864K(126976K)->124864K(126976K) Class: 19514K(21440K)->19514K(21440K)
[2025-08-28T13:08:21.553+0000][1087812][info ][gc          ] GC(307) Pause Young (Normal) (G1 Evacuation Pause) 401M->101M(512M) 2.809ms
[2025-08-28T13:08:21.554+0000][1087812][info ][gc,cpu      ] GC(307) User=0.01s Sys=0.01s Real=0.00s
[2025-08-28T13:08:21.554+0000][1087812][info ][safepoint   ] Safepoint "G1CollectForAllocation", Time since last: 1961213918 ns, Reaching safepoint: 27471 ns, Cleanup: 4798 ns, At safepoint: 3029893 ns, Total: 3062162 ns
[2025-08-28T13:08:22.554+0000][1087812][info ][safepoint   ] Safepoint "Cleanup", Time since last: 1000051242 ns, Reaching safepoint: 23526 ns, Cleanup: 9875 ns, At safepoint: 2854 ns, Total: 36255 ns
[2025-08-28T13:08:23.512+0000][1087812][info ][gc,start    ] GC(308) Pause Young (Normal) (G1 Evacuation Pause)
[2025-08-28T13:08:23.513+0000][1087812][info ][gc,task     ] GC(308) Using 12 workers of 33 for evacuation
[2025-08-28T13:08:23.513+0000][1087812][debug][gc,age      ] GC(308) Desired survivor size 20971520 bytes, new threshold 15 (max threshold 15)
[2025-08-28T13:08:23.515+0000][1087812][info ][gc,phases   ] GC(308)   Pre Evacuate Collection Set: 0.2ms
[2025-08-28T13:08:23.515+0000][1087812][info ][gc,phases   ] GC(308)   Merge Heap Roots: 0.1ms
[2025-08-28T13:08:23.515+0000][1087812][info ][gc,phases   ] GC(308)   Evacuate Collection Set: 1.3ms
[2025-08-28T13:08:23.515+0000][1087812][info ][gc,phases   ] GC(308)   Post Evacuate Collection Set: 0.7ms
[2025-08-28T13:08:23.515+0000][1087812][info ][gc,phases   ] GC(308)   Other: 0.1ms
[2025-08-28T13:08:23.515+0000][1087812][trace][gc,age      ] GC(308) Age table with threshold 15 (max threshold 15)
[2025-08-28T13:08:23.515+0000][1087812][trace][gc,age      ] GC(308) - age   1:    1083224 bytes,    1083224 total
[2025-08-28T13:08:23.515+0000][1087812][trace][gc,age      ] GC(308) - age   2:        776 bytes,    1084000 total
[2025-08-28T13:08:23.515+0000][1087812][trace][gc,age      ] GC(308) - age   3:        208 bytes,    1084208 total
[2025-08-28T13:08:23.515+0000][1087812][trace][gc,age      ] GC(308) - age   8:        400 bytes,    1084608 total
[2025-08-28T13:08:23.515+0000][1087812][trace][gc,age      ] GC(308) - age  11:        368 bytes,    1084976 total
[2025-08-28T13:08:23.515+0000][1087812][trace][gc,age      ] GC(308) - age  12:        224 bytes,    1085200 total
[2025-08-28T13:08:23.515+0000][1087812][trace][gc,age      ] GC(308) - age  14:       2472 bytes,    1087672 total
[2025-08-28T13:08:23.515+0000][1087812][trace][gc,age      ] GC(308) - age  15:         32 bytes,    1087704 total
[2025-08-28T13:08:23.515+0000][1087812][info ][gc,heap     ] GC(308) Eden regions: 75->0(75)
[2025-08-28T13:08:23.515+0000][1087812][info ][gc,heap     ] GC(308) Survivor regions: 1->1(10)
[2025-08-28T13:08:23.515+0000][1087812][info ][gc,heap     ] GC(308) Old regions: 26->26
[2025-08-28T13:08:23.515+0000][1087812][info ][gc,heap     ] GC(308) Humongous regions: 0->0
[2025-08-28T13:08:23.515+0000][1087812][info ][gc,metaspace] GC(308) Metaspace: 144380K(148416K)->144380K(148416K) NonClass: 124865K(126976K)->124865K(126976K) Class: 19514K(21440K)->19514K(21440K)
[2025-08-28T13:08:23.515+0000][1087812][info ][gc          ] GC(308) Pause Young (Normal) (G1 Evacuation Pause) 401M->101M(512M) 2.595ms
[2025-08-28T13:08:23.515+0000][1087812][info ][gc,cpu      ] GC(308) User=0.00s Sys=0.00s Real=0.00s
[2025-08-28T13:08:23.515+0000][1087812][info ][safepoint   ] Safepoint "G1CollectForAllocation", Time since last: 958725223 ns, Reaching safepoint: 28052 ns, Cleanup: 5128 ns, At safepoint: 2875000 ns, Total: 2908180 ns
[2025-08-28T13:08:25.500+0000][1087812][info ][gc,start    ] GC(309) Pause Young (Normal) (G1 Evacuation Pause)
[2025-08-28T13:08:25.500+0000][1087812][info ][gc,task     ] GC(309) Using 12 workers of 33 for evacuation
[2025-08-28T13:08:25.500+0000][1087812][debug][gc,age      ] GC(309) Desired survivor size 20971520 bytes, new threshold 15 (max threshold 15)
[2025-08-28T13:08:25.502+0000][1087812][info ][gc,phases   ] GC(309)   Pre Evacuate Collection Set: 0.2ms
[2025-08-28T13:08:25.503+0000][1087812][info ][gc,phases   ] GC(309)   Merge Heap Roots: 0.1ms
[2025-08-28T13:08:25.503+0000][1087812][info ][gc,phases   ] GC(309)   Evacuate Collection Set: 1.0ms
[2025-08-28T13:08:25.503+0000][1087812][info ][gc,phases   ] GC(309)   Post Evacuate Collection Set: 0.8ms
[2025-08-28T13:08:25.503+0000][1087812][info ][gc,phases   ] GC(309)   Other: 0.1ms
[2025-08-28T13:08:25.503+0000][1087812][trace][gc,age      ] GC(309) Age table with threshold 15 (max threshold 15)
[2025-08-28T13:08:25.503+0000][1087812][trace][gc,age      ] GC(309) - age   1:    1039208 bytes,    1039208 total
[2025-08-28T13:08:25.503+0000][1087812][trace][gc,age      ] GC(309) - age   2:      13136 bytes,    1052344 total
[2025-08-28T13:08:25.503+0000][1087812][trace][gc,age      ] GC(309) - age   3:        240 bytes,    1052584 total
[2025-08-28T13:08:25.503+0000][1087812][trace][gc,age      ] GC(309) - age   4:         32 bytes,    1052616 total
[2025-08-28T13:08:25.503+0000][1087812][trace][gc,age      ] GC(309) - age   9:        400 bytes,    1053016 total
[2025-08-28T13:08:25.503+0000][1087812][trace][gc,age      ] GC(309) - age  12:        368 bytes,    1053384 total
[2025-08-28T13:08:25.503+0000][1087812][trace][gc,age      ] GC(309) - age  13:        224 bytes,    1053608 total
[2025-08-28T13:08:25.503+0000][1087812][trace][gc,age      ] GC(309) - age  15:       2472 bytes,    1056080 total
[2025-08-28T13:08:25.503+0000][1087812][info ][gc,heap     ] GC(309) Eden regions: 75->0(75)
[2025-08-28T13:08:25.503+0000][1087812][info ][gc,heap     ] GC(309) Survivor regions: 1->1(10)
[2025-08-28T13:08:25.503+0000][1087812][info ][gc,heap     ] GC(309) Old regions: 26->26
[2025-08-28T13:08:25.503+0000][1087812][info ][gc,heap     ] GC(309) Humongous regions: 0->0
[2025-08-28T13:08:25.503+0000][1087812][info ][gc,metaspace] GC(309) Metaspace: 144380K(148416K)->144380K(148416K) NonClass: 124865K(126976K)->124865K(126976K) Class: 19514K(21440K)->19514K(21440K)
[2025-08-28T13:08:25.503+0000][1087812][info ][gc          ] GC(309) Pause Young (Normal) (G1 Evacuation Pause) 401M->101M(512M) 2.466ms
[2025-08-28T13:08:25.503+0000][1087812][info ][gc,cpu      ] GC(309) User=0.01s Sys=0.00s Real=0.01s
[2025-08-28T13:08:25.503+0000][1087812][info ][safepoint   ] Safepoint "G1CollectForAllocation", Time since last: 1984702604 ns, Reaching safepoint: 40331 ns, Cleanup: 10195 ns, At safepoint: 2787289 ns, Total: 2837815 ns
[2025-08-28T13:08:27.513+0000][1087812][info ][gc,start    ] GC(310) Pause Young (Normal) (G1 Evacuation Pause)
[2025-08-28T13:08:27.513+0000][1087812][info ][gc,task     ] GC(310) Using 12 workers of 33 for evacuation
[2025-08-28T13:08:27.513+0000][1087812][debug][gc,age      ] GC(310) Desired survivor size 20971520 bytes, new threshold 15 (max threshold 15)
[2025-08-28T13:08:27.515+0000][1087812][info ][gc,phases   ] GC(310)   Pre Evacuate Collection Set: 0.2ms
[2025-08-28T13:08:27.515+0000][1087812][info ][gc,phases   ] GC(310)   Merge Heap Roots: 0.1ms
[2025-08-28T13:08:27.515+0000][1087812][info ][gc,phases   ] GC(310)   Evacuate Collection Set: 1.2ms
[2025-08-28T13:08:27.515+0000][1087812][info ][gc,phases   ] GC(310)   Post Evacuate Collection Set: 0.8ms
[2025-08-28T13:08:27.515+0000][1087812][info ][gc,phases   ] GC(310)   Other: 0.1ms
[2025-08-28T13:08:27.515+0000][1087812][trace][gc,age      ] GC(310) Age table with threshold 15 (max threshold 15)
[2025-08-28T13:08:27.515+0000][1087812][trace][gc,age      ] GC(310) - age   1:     904832 bytes,     904832 total
[2025-08-28T13:08:27.515+0000][1087812][trace][gc,age      ] GC(310) - age   2:        712 bytes,     905544 total
[2025-08-28T13:08:27.515+0000][1087812][trace][gc,age      ] GC(310) - age   3:      13136 bytes,     918680 total
[2025-08-28T13:08:27.515+0000][1087812][trace][gc,age      ] GC(310) - age   4:        240 bytes,     918920 total
[2025-08-28T13:08:27.515+0000][1087812][trace][gc,age      ] GC(310) - age   5:         32 bytes,     918952 total
[2025-08-28T13:08:27.515+0000][1087812][trace][gc,age      ] GC(310) - age  10:        400 bytes,     919352 total
[2025-08-28T13:08:27.515+0000][1087812][trace][gc,age      ] GC(310) - age  13:        368 bytes,     919720 total
[2025-08-28T13:08:27.515+0000][1087812][trace][gc,age      ] GC(310) - age  14:        224 bytes,     919944 total
[2025-08-28T13:08:27.515+0000][1087812][info ][gc,heap     ] GC(310) Eden regions: 75->0(75)
[2025-08-28T13:08:27.515+0000][1087812][info ][gc,heap     ] GC(310) Survivor regions: 1->1(10)
[2025-08-28T13:08:27.515+0000][1087812][info ][gc,heap     ] GC(310) Old regions: 26->26
[2025-08-28T13:08:27.515+0000][1087812][info ][gc,heap     ] GC(310) Humongous regions: 0->0
[2025-08-28T13:08:27.515+0000][1087812][info ][gc,metaspace] GC(310) Metaspace: 144380K(148416K)->144380K(148416K) NonClass: 124865K(126976K)->124865K(126976K) Class: 19514K(21440K)->19514K(21440K)
[2025-08-28T13:08:27.515+0000][1087812][info ][gc          ] GC(310) Pause Young (Normal) (G1 Evacuation Pause) 401M->101M(512M) 2.575ms
[2025-08-28T13:08:27.515+0000][1087812][info ][gc,cpu      ] GC(310) User=0.01s Sys=0.00s Real=0.00s
[2025-08-28T13:08:27.515+0000][1087812][info ][safepoint   ] Safepoint "G1CollectForAllocation", Time since last: 2009688901 ns, Reaching safepoint: 41272 ns, Cleanup: 9834 ns, At safepoint: 2828300 ns, Total: 2879406 ns
[2025-08-28T13:08:29.511+0000][1087812][info ][gc,start    ] GC(311) Pause Young (Normal) (G1 Evacuation Pause)
[2025-08-28T13:08:29.511+0000][1087812][info ][gc,task     ] GC(311) Using 12 workers of 33 for evacuation
[2025-08-28T13:08:29.511+0000][1087812][debug][gc,age      ] GC(311) Desired survivor size 20971520 bytes, new threshold 15 (max threshold 15)
[2025-08-28T13:08:29.515+0000][1087812][info ][gc,phases   ] GC(311)   Pre Evacuate Collection Set: 0.2ms
[2025-08-28T13:08:29.515+0000][1087812][info ][gc,phases   ] GC(311)   Merge Heap Roots: 0.1ms
[2025-08-28T13:08:29.515+0000][1087812][info ][gc,phases   ] GC(311)   Evacuate Collection Set: 1.8ms
[2025-08-28T13:08:29.515+0000][1087812][info ][gc,phases   ] GC(311)   Post Evacuate Collection Set: 1.0ms
[2025-08-28T13:08:29.515+0000][1087812][info ][gc,phases   ] GC(311)   Other: 0.1ms
[2025-08-28T13:08:29.515+0000][1087812][trace][gc,age      ] GC(311) Age table with threshold 15 (max threshold 15)
[2025-08-28T13:08:29.515+0000][1087812][trace][gc,age      ] GC(311) - age   1:    1076960 bytes,    1076960 total
[2025-08-28T13:08:29.515+0000][1087812][trace][gc,age      ] GC(311) - age   2:        960 bytes,    1077920 total
[2025-08-28T13:08:29.515+0000][1087812][trace][gc,age      ] GC(311) - age   3:        536 bytes,    1078456 total
[2025-08-28T13:08:29.515+0000][1087812][trace][gc,age      ] GC(311) - age   4:      13136 bytes,    1091592 total
[2025-08-28T13:08:29.515+0000][1087812][trace][gc,age      ] GC(311) - age   5:        240 bytes,    1091832 total
[2025-08-28T13:08:29.515+0000][1087812][trace][gc,age      ] GC(311) - age   6:         32 bytes,    1091864 total
[2025-08-28T13:08:29.515+0000][1087812][trace][gc,age      ] GC(311) - age  11:        400 bytes,    1092264 total
[2025-08-28T13:08:29.515+0000][1087812][trace][gc,age      ] GC(311) - age  14:        368 bytes,    1092632 total
[2025-08-28T13:08:29.515+0000][1087812][trace][gc,age      ] GC(311) - age  15:        224 bytes,    1092856 total
[2025-08-28T13:08:29.515+0000][1087812][info ][gc,heap     ] GC(311) Eden regions: 75->0(75)
[2025-08-28T13:08:29.515+0000][1087812][info ][gc,heap     ] GC(311) Survivor regions: 1->1(10)
[2025-08-28T13:08:29.515+0000][1087812][info ][gc,heap     ] GC(311) Old regions: 26->26
[2025-08-28T13:08:29.515+0000][1087812][info ][gc,heap     ] GC(311) Humongous regions: 0->0
[2025-08-28T13:08:29.515+0000][1087812][info ][gc,metaspace] GC(311) Metaspace: 144380K(148416K)->144380K(148416K) NonClass: 124865K(126976K)->124865K(126976K) Class: 19514K(21440K)->19514K(21440K)
[2025-08-28T13:08:29.515+0000][1087812][info ][gc          ] GC(311) Pause Young (Normal) (G1 Evacuation Pause) 401M->101M(512M) 3.329ms
[2025-08-28T13:08:29.515+0000][1087812][info ][gc,cpu      ] GC(311) User=0.01s Sys=0.01s Real=0.00s
[2025-08-28T13:08:29.515+0000][1087812][info ][safepoint   ] Safepoint "G1CollectForAllocation", Time since last: 1995833862 ns, Reaching safepoint: 47841 ns, Cleanup: 4838 ns, At safepoint: 3485658 ns, Total: 3538337 ns
[2025-08-28T13:08:31.486+0000][1087812][info ][gc,start    ] GC(312) Pause Young (Normal) (G1 Evacuation Pause)
[2025-08-28T13:08:31.486+0000][1087812][info ][gc,task     ] GC(312) Using 12 workers of 33 for evacuation
[2025-08-28T13:08:31.486+0000][1087812][debug][gc,age      ] GC(312) Desired survivor size 20971520 bytes, new threshold 15 (max threshold 15)
[2025-08-28T13:08:31.489+0000][1087812][info ][gc,phases   ] GC(312)   Pre Evacuate Collection Set: 0.2ms
[2025-08-28T13:08:31.489+0000][1087812][info ][gc,phases   ] GC(312)   Merge Heap Roots: 0.1ms
[2025-08-28T13:08:31.489+0000][1087812][info ][gc,phases   ] GC(312)   Evacuate Collection Set: 1.3ms
[2025-08-28T13:08:31.489+0000][1087812][info ][gc,phases   ] GC(312)   Post Evacuate Collection Set: 0.8ms
[2025-08-28T13:08:31.489+0000][1087812][info ][gc,phases   ] GC(312)   Other: 0.1ms
[2025-08-28T13:08:31.489+0000][1087812][trace][gc,age      ] GC(312) Age table with threshold 15 (max threshold 15)
[2025-08-28T13:08:31.489+0000][1087812][trace][gc,age      ] GC(312) - age   1:    1780816 bytes,    1780816 total
[2025-08-28T13:08:31.489+0000][1087812][trace][gc,age      ] GC(312) - age   2:       1240 bytes,    1782056 total
[2025-08-28T13:08:31.489+0000][1087812][trace][gc,age      ] GC(312) - age   3:        960 bytes,    1783016 total
[2025-08-28T13:08:31.489+0000][1087812][trace][gc,age      ] GC(312) - age   5:      13136 bytes,    1796152 total
[2025-08-28T13:08:31.489+0000][1087812][trace][gc,age      ] GC(312) - age   7:         32 bytes,    1796184 total
[2025-08-28T13:08:31.489+0000][1087812][trace][gc,age      ] GC(312) - age  12:        176 bytes,    1796360 total
[2025-08-28T13:08:31.489+0000][1087812][trace][gc,age      ] GC(312) - age  15:        368 bytes,    1796728 total
[2025-08-28T13:08:31.489+0000][1087812][info ][gc,heap     ] GC(312) Eden regions: 75->0(75)
[2025-08-28T13:08:31.489+0000][1087812][info ][gc,heap     ] GC(312) Survivor regions: 1->1(10)
[2025-08-28T13:08:31.489+0000][1087812][info ][gc,heap     ] GC(312) Old regions: 26->26
[2025-08-28T13:08:31.489+0000][1087812][info ][gc,heap     ] GC(312) Humongous regions: 0->0
[2025-08-28T13:08:31.489+0000][1087812][info ][gc,metaspace] GC(312) Metaspace: 144380K(148416K)->144380K(148416K) NonClass: 124865K(126976K)->124865K(126976K) Class: 19514K(21440K)->19514K(21440K)
[2025-08-28T13:08:31.489+0000][1087812][info ][gc          ] GC(312) Pause Young (Normal) (G1 Evacuation Pause) 401M->102M(512M) 2.662ms
[2025-08-28T13:08:31.489+0000][1087812][info ][gc,cpu      ] GC(312) User=0.01s Sys=0.00s Real=0.00s
[2025-08-28T13:08:31.489+0000][1087812][info ][safepoint   ] Safepoint "G1CollectForAllocation", Time since last: 1971503480 ns, Reaching safepoint: 28823 ns, Cleanup: 4818 ns, At safepoint: 2928570 ns, Total: 2962211 ns
[2025-08-28T13:08:33.474+0000][1087812][info ][gc,start    ] GC(313) Pause Young (Normal) (G1 Evacuation Pause)
[2025-08-28T13:08:33.474+0000][1087812][info ][gc,task     ] GC(313) Using 12 workers of 33 for evacuation
[2025-08-28T13:08:33.474+0000][1087812][debug][gc,age      ] GC(313) Desired survivor size 20971520 bytes, new threshold 15 (max threshold 15)
[2025-08-28T13:08:33.476+0000][1087812][info ][gc,phases   ] GC(313)   Pre Evacuate Collection Set: 0.2ms
[2025-08-28T13:08:33.477+0000][1087812][info ][gc,phases   ] GC(313)   Merge Heap Roots: 0.1ms
[2025-08-28T13:08:33.477+0000][1087812][info ][gc,phases   ] GC(313)   Evacuate Collection Set: 1.4ms
[2025-08-28T13:08:33.477+0000][1087812][info ][gc,phases   ] GC(313)   Post Evacuate Collection Set: 0.8ms
[2025-08-28T13:08:33.477+0000][1087812][info ][gc,phases   ] GC(313)   Other: 0.1ms
[2025-08-28T13:08:33.477+0000][1087812][trace][gc,age      ] GC(313) Age table with threshold 15 (max threshold 15)
[2025-08-28T13:08:33.477+0000][1087812][trace][gc,age      ] GC(313) - age   1:    1506384 bytes,    1506384 total
[2025-08-28T13:08:33.477+0000][1087812][trace][gc,age      ] GC(313) - age   2:       1000 bytes,    1507384 total
[2025-08-28T13:08:33.477+0000][1087812][trace][gc,age      ] GC(313) - age   3:       1240 bytes,    1508624 total
[2025-08-28T13:08:33.477+0000][1087812][trace][gc,age      ] GC(313) - age   4:        960 bytes,    1509584 total
[2025-08-28T13:08:33.477+0000][1087812][trace][gc,age      ] GC(313) - age   6:      13104 bytes,    1522688 total
[2025-08-28T13:08:33.477+0000][1087812][trace][gc,age      ] GC(313) - age   8:         32 bytes,    1522720 total
[2025-08-28T13:08:33.477+0000][1087812][trace][gc,age      ] GC(313) - age  13:        176 bytes,    1522896 total
[2025-08-28T13:08:33.477+0000][1087812][info ][gc,heap     ] GC(313) Eden regions: 75->0(75)
[2025-08-28T13:08:33.477+0000][1087812][info ][gc,heap     ] GC(313) Survivor regions: 1->1(10)
[2025-08-28T13:08:33.477+0000][1087812][info ][gc,heap     ] GC(313) Old regions: 26->26
[2025-08-28T13:08:33.477+0000][1087812][info ][gc,heap     ] GC(313) Humongous regions: 0->0
[2025-08-28T13:08:33.477+0000][1087812][info ][gc,metaspace] GC(313) Metaspace: 144380K(148416K)->144380K(148416K) NonClass: 124865K(126976K)->124865K(126976K) Class: 19514K(21440K)->19514K(21440K)
[2025-08-28T13:08:33.477+0000][1087812][info ][gc          ] GC(313) Pause Young (Normal) (G1 Evacuation Pause) 402M->101M(512M) 2.826ms
[2025-08-28T13:08:33.477+0000][1087812][info ][gc,cpu      ] GC(313) User=0.01s Sys=0.00s Real=0.00s
[2025-08-28T13:08:33.477+0000][1087812][info ][safepoint   ] Safepoint "G1CollectForAllocation", Time since last: 1984388465 ns, Reaching safepoint: 41863 ns, Cleanup: 9764 ns, At safepoint: 3120299 ns, Total: 3171926 ns
[2025-08-28T13:08:35.450+0000][1087812][info ][gc,start    ] GC(314) Pause Young (Normal) (G1 Evacuation Pause)
[2025-08-28T13:08:35.450+0000][1087812][info ][gc,task     ] GC(314) Using 12 workers of 33 for evacuation
[2025-08-28T13:08:35.450+0000][1087812][debug][gc,age      ] GC(314) Desired survivor size 20971520 bytes, new threshold 15 (max threshold 15)
[2025-08-28T13:08:35.452+0000][1087812][info ][gc,phases   ] GC(314)   Pre Evacuate Collection Set: 0.2ms
[2025-08-28T13:08:35.452+0000][1087812][info ][gc,phases   ] GC(314)   Merge Heap Roots: 0.1ms
[2025-08-28T13:08:35.452+0000][1087812][info ][gc,phases   ] GC(314)   Evacuate Collection Set: 1.0ms
[2025-08-28T13:08:35.452+0000][1087812][info ][gc,phases   ] GC(314)   Post Evacuate Collection Set: 0.6ms
[2025-08-28T13:08:35.452+0000][1087812][info ][gc,phases   ] GC(314)   Other: 0.1ms
[2025-08-28T13:08:35.452+0000][1087812][trace][gc,age      ] GC(314) Age table with threshold 15 (max threshold 15)
[2025-08-28T13:08:35.452+0000][1087812][trace][gc,age      ] GC(314) - age   1:    1087352 bytes,    1087352 total
[2025-08-28T13:08:35.452+0000][1087812][trace][gc,age      ] GC(314) - age   2:        400 bytes,    1087752 total
[2025-08-28T13:08:35.452+0000][1087812][trace][gc,age      ] GC(314) - age   3:        464 bytes,    1088216 total
[2025-08-28T13:08:35.452+0000][1087812][trace][gc,age      ] GC(314) - age   4:       1064 bytes,    1089280 total
[2025-08-28T13:08:35.452+0000][1087812][trace][gc,age      ] GC(314) - age   5:        960 bytes,    1090240 total
[2025-08-28T13:08:35.452+0000][1087812][trace][gc,age      ] GC(314) - age   7:      12944 bytes,    1103184 total
[2025-08-28T13:08:35.452+0000][1087812][trace][gc,age      ] GC(314) - age   9:         32 bytes,    1103216 total
[2025-08-28T13:08:35.452+0000][1087812][trace][gc,age      ] GC(314) - age  14:        176 bytes,    1103392 total
[2025-08-28T13:08:35.452+0000][1087812][info ][gc,heap     ] GC(314) Eden regions: 75->0(75)
[2025-08-28T13:08:35.452+0000][1087812][info ][gc,heap     ] GC(314) Survivor regions: 1->1(10)
[2025-08-28T13:08:35.452+0000][1087812][info ][gc,heap     ] GC(314) Old regions: 26->26
[2025-08-28T13:08:35.452+0000][1087812][info ][gc,heap     ] GC(314) Humongous regions: 0->0
[2025-08-28T13:08:35.452+0000][1087812][info ][gc,metaspace] GC(314) Metaspace: 144380K(148416K)->144380K(148416K) NonClass: 124865K(126976K)->124865K(126976K) Class: 19514K(21440K)->19514K(21440K)
[2025-08-28T13:08:35.452+0000][1087812][info ][gc          ] GC(314) Pause Young (Normal) (G1 Evacuation Pause) 401M->101M(512M) 2.082ms
[2025-08-28T13:08:35.452+0000][1087812][info ][gc,cpu      ] GC(314) User=0.00s Sys=0.01s Real=0.01s
[2025-08-28T13:08:35.452+0000][1087812][info ][safepoint   ] Safepoint "G1CollectForAllocation", Time since last: 1973422120 ns, Reaching safepoint: 25077 ns, Cleanup: 4888 ns, At safepoint: 2219725 ns, Total: 2249690 ns
[2025-08-28T13:08:37.455+0000][1087812][info ][gc,start    ] GC(315) Pause Young (Normal) (G1 Evacuation Pause)
[2025-08-28T13:08:37.455+0000][1087812][info ][gc,task     ] GC(315) Using 12 workers of 33 for evacuation
[2025-08-28T13:08:37.455+0000][1087812][debug][gc,age      ] GC(315) Desired survivor size 20971520 bytes, new threshold 15 (max threshold 15)
[2025-08-28T13:08:37.458+0000][1087812][info ][gc,phases   ] GC(315)   Pre Evacuate Collection Set: 0.2ms
[2025-08-28T13:08:37.458+0000][1087812][info ][gc,phases   ] GC(315)   Merge Heap Roots: 0.1ms
[2025-08-28T13:08:37.458+0000][1087812][info ][gc,phases   ] GC(315)   Evacuate Collection Set: 1.4ms
[2025-08-28T13:08:37.458+0000][1087812][info ][gc,phases   ] GC(315)   Post Evacuate Collection Set: 0.7ms
[2025-08-28T13:08:37.458+0000][1087812][info ][gc,phases   ] GC(315)   Other: 0.1ms
[2025-08-28T13:08:37.458+0000][1087812][trace][gc,age      ] GC(315) Age table with threshold 15 (max threshold 15)
[2025-08-28T13:08:37.458+0000][1087812][trace][gc,age      ] GC(315) - age   1:    1092192 bytes,    1092192 total
[2025-08-28T13:08:37.458+0000][1087812][trace][gc,age      ] GC(315) - age   2:        712 bytes,    1092904 total
[2025-08-28T13:08:37.458+0000][1087812][trace][gc,age      ] GC(315) - age   3:        400 bytes,    1093304 total
[2025-08-28T13:08:37.458+0000][1087812][trace][gc,age      ] GC(315) - age   4:        464 bytes,    1093768 total
[2025-08-28T13:08:37.458+0000][1087812][trace][gc,age      ] GC(315) - age   5:       1064 bytes,    1094832 total
[2025-08-28T13:08:37.458+0000][1087812][trace][gc,age      ] GC(315) - age   6:        960 bytes,    1095792 total
[2025-08-28T13:08:37.458+0000][1087812][trace][gc,age      ] GC(315) - age   8:      12944 bytes,    1108736 total
[2025-08-28T13:08:37.458+0000][1087812][trace][gc,age      ] GC(315) - age  10:         32 bytes,    1108768 total
[2025-08-28T13:08:37.458+0000][1087812][trace][gc,age      ] GC(315) - age  15:        176 bytes,    1108944 total
[2025-08-28T13:08:37.458+0000][1087812][info ][gc,heap     ] GC(315) Eden regions: 75->0(75)
[2025-08-28T13:08:37.458+0000][1087812][info ][gc,heap     ] GC(315) Survivor regions: 1->1(10)
[2025-08-28T13:08:37.458+0000][1087812][info ][gc,heap     ] GC(315) Old regions: 26->26
[2025-08-28T13:08:37.458+0000][1087812][info ][gc,heap     ] GC(315) Humongous regions: 0->0
[2025-08-28T13:08:37.458+0000][1087812][info ][gc,metaspace] GC(315) Metaspace: 144380K(148416K)->144380K(148416K) NonClass: 124865K(126976K)->124865K(126976K) Class: 19514K(21440K)->19514K(21440K)
[2025-08-28T13:08:37.458+0000][1087812][info ][gc          ] GC(315) Pause Young (Normal) (G1 Evacuation Pause) 401M->101M(512M) 2.594ms
[2025-08-28T13:08:37.458+0000][1087812][info ][gc,cpu      ] GC(315) User=0.01s Sys=0.00s Real=0.00s
[2025-08-28T13:08:37.458+0000][1087812][info ][safepoint   ] Safepoint "G1CollectForAllocation", Time since last: 2002865334 ns, Reaching safepoint: 22043 ns, Cleanup: 4066 ns, At safepoint: 2753147 ns, Total: 2779256 ns
[2025-08-28T13:08:39.436+0000][1087812][info ][gc,start    ] GC(316) Pause Young (Normal) (G1 Evacuation Pause)
[2025-08-28T13:08:39.436+0000][1087812][info ][gc,task     ] GC(316) Using 12 workers of 33 for evacuation
[2025-08-28T13:08:39.436+0000][1087812][debug][gc,age      ] GC(316) Desired survivor size 20971520 bytes, new threshold 15 (max threshold 15)
[2025-08-28T13:08:39.439+0000][1087812][info ][gc,phases   ] GC(316)   Pre Evacuate Collection Set: 0.2ms
[2025-08-28T13:08:39.439+0000][1087812][info ][gc,phases   ] GC(316)   Merge Heap Roots: 0.1ms
[2025-08-28T13:08:39.439+0000][1087812][info ][gc,phases   ] GC(316)   Evacuate Collection Set: 1.5ms
[2025-08-28T13:08:39.439+0000][1087812][info ][gc,phases   ] GC(316)   Post Evacuate Collection Set: 0.7ms
[2025-08-28T13:08:39.439+0000][1087812][info ][gc,phases   ] GC(316)   Other: 0.1ms
[2025-08-28T13:08:39.439+0000][1087812][trace][gc,age      ] GC(316) Age table with threshold 15 (max threshold 15)
[2025-08-28T13:08:39.439+0000][1087812][trace][gc,age      ] GC(316) - age   1:    1093896 bytes,    1093896 total
[2025-08-28T13:08:39.439+0000][1087812][trace][gc,age      ] GC(316) - age   2:        224 bytes,    1094120 total
[2025-08-28T13:08:39.439+0000][1087812][trace][gc,age      ] GC(316) - age   3:        536 bytes,    1094656 total
[2025-08-28T13:08:39.439+0000][1087812][trace][gc,age      ] GC(316) - age   4:        400 bytes,    1095056 total
[2025-08-28T13:08:39.439+0000][1087812][trace][gc,age      ] GC(316) - age   5:        464 bytes,    1095520 total
[2025-08-28T13:08:39.439+0000][1087812][trace][gc,age      ] GC(316) - age   6:       1064 bytes,    1096584 total
[2025-08-28T13:08:39.439+0000][1087812][trace][gc,age      ] GC(316) - age   7:        960 bytes,    1097544 total
[2025-08-28T13:08:39.439+0000][1087812][trace][gc,age      ] GC(316) - age   9:      12944 bytes,    1110488 total
[2025-08-28T13:08:39.439+0000][1087812][trace][gc,age      ] GC(316) - age  11:         32 bytes,    1110520 total
[2025-08-28T13:08:39.439+0000][1087812][info ][gc,heap     ] GC(316) Eden regions: 75->0(75)
[2025-08-28T13:08:39.439+0000][1087812][info ][gc,heap     ] GC(316) Survivor regions: 1->1(10)
[2025-08-28T13:08:39.439+0000][1087812][info ][gc,heap     ] GC(316) Old regions: 26->26
[2025-08-28T13:08:39.439+0000][1087812][info ][gc,heap     ] GC(316) Humongous regions: 0->0
[2025-08-28T13:08:39.439+0000][1087812][info ][gc,metaspace] GC(316) Metaspace: 144380K(148416K)->144380K(148416K) NonClass: 124865K(126976K)->124865K(126976K) Class: 19514K(21440K)->19514K(21440K)
[2025-08-28T13:08:39.439+0000][1087812][info ][gc          ] GC(316) Pause Young (Normal) (G1 Evacuation Pause) 401M->101M(512M) 2.664ms
[2025-08-28T13:08:39.439+0000][1087812][info ][gc,cpu      ] GC(316) User=0.01s Sys=0.01s Real=0.00s
[2025-08-28T13:08:39.439+0000][1087812][info ][safepoint   ] Safepoint "G1CollectForAllocation", Time since last: 1977901400 ns, Reaching safepoint: 25168 ns, Cleanup: 4487 ns, At safepoint: 2867529 ns, Total: 2897184 ns
[2025-08-28T13:08:41.399+0000][1087812][info ][gc,start    ] GC(317) Pause Young (Normal) (G1 Evacuation Pause)
[2025-08-28T13:08:41.399+0000][1087812][info ][gc,task     ] GC(317) Using 12 workers of 33 for evacuation
[2025-08-28T13:08:41.399+0000][1087812][debug][gc,age      ] GC(317) Desired survivor size 20971520 bytes, new threshold 15 (max threshold 15)
[2025-08-28T13:08:41.402+0000][1087812][info ][gc,phases   ] GC(317)   Pre Evacuate Collection Set: 0.2ms
[2025-08-28T13:08:41.402+0000][1087812][info ][gc,phases   ] GC(317)   Merge Heap Roots: 0.1ms
[2025-08-28T13:08:41.402+0000][1087812][info ][gc,phases   ] GC(317)   Evacuate Collection Set: 1.4ms
[2025-08-28T13:08:41.402+0000][1087812][info ][gc,phases   ] GC(317)   Post Evacuate Collection Set: 0.7ms
[2025-08-28T13:08:41.402+0000][1087812][info ][gc,phases   ] GC(317)   Other: 0.1ms
[2025-08-28T13:08:41.402+0000][1087812][trace][gc,age      ] GC(317) Age table with threshold 15 (max threshold 15)
[2025-08-28T13:08:41.402+0000][1087812][trace][gc,age      ] GC(317) - age   1:    1077256 bytes,    1077256 total
[2025-08-28T13:08:41.402+0000][1087812][trace][gc,age      ] GC(317) - age   2:        552 bytes,    1077808 total
[2025-08-28T13:08:41.402+0000][1087812][trace][gc,age      ] GC(317) - age   3:        224 bytes,    1078032 total
[2025-08-28T13:08:41.402+0000][1087812][trace][gc,age      ] GC(317) - age   5:        400 bytes,    1078432 total
[2025-08-28T13:08:41.402+0000][1087812][trace][gc,age      ] GC(317) - age   6:        224 bytes,    1078656 total
[2025-08-28T13:08:41.402+0000][1087812][trace][gc,age      ] GC(317) - age   7:       1064 bytes,    1079720 total
[2025-08-28T13:08:41.402+0000][1087812][trace][gc,age      ] GC(317) - age   8:        960 bytes,    1080680 total
[2025-08-28T13:08:41.402+0000][1087812][trace][gc,age      ] GC(317) - age  10:      12944 bytes,    1093624 total
[2025-08-28T13:08:41.402+0000][1087812][trace][gc,age      ] GC(317) - age  12:         32 bytes,    1093656 total
[2025-08-28T13:08:41.402+0000][1087812][info ][gc,heap     ] GC(317) Eden regions: 75->0(75)
[2025-08-28T13:08:41.402+0000][1087812][info ][gc,heap     ] GC(317) Survivor regions: 1->1(10)
[2025-08-28T13:08:41.402+0000][1087812][info ][gc,heap     ] GC(317) Old regions: 26->26
[2025-08-28T13:08:41.402+0000][1087812][info ][gc,heap     ] GC(317) Humongous regions: 0->0
[2025-08-28T13:08:41.402+0000][1087812][info ][gc,metaspace] GC(317) Metaspace: 144380K(148416K)->144380K(148416K) NonClass: 124865K(126976K)->124865K(126976K) Class: 19514K(21440K)->19514K(21440K)
[2025-08-28T13:08:41.402+0000][1087812][info ][gc          ] GC(317) Pause Young (Normal) (G1 Evacuation Pause) 401M->101M(512M) 2.632ms
[2025-08-28T13:08:41.402+0000][1087812][info ][gc,cpu      ] GC(317) User=0.01s Sys=0.01s Real=0.01s
[2025-08-28T13:08:41.402+0000][1087812][info ][safepoint   ] Safepoint "G1CollectForAllocation", Time since last: 1960062384 ns, Reaching safepoint: 28513 ns, Cleanup: 4687 ns, At safepoint: 2842782 ns, Total: 2875982 ns
[2025-08-28T13:08:43.407+0000][1087812][info ][gc,start    ] GC(318) Pause Young (Normal) (G1 Evacuation Pause)
[2025-08-28T13:08:43.407+0000][1087812][info ][gc,task     ] GC(318) Using 12 workers of 33 for evacuation
[2025-08-28T13:08:43.407+0000][1087812][debug][gc,age      ] GC(318) Desired survivor size 20971520 bytes, new threshold 15 (max threshold 15)
[2025-08-28T13:08:43.410+0000][1087812][info ][gc,phases   ] GC(318)   Pre Evacuate Collection Set: 0.2ms
[2025-08-28T13:08:43.410+0000][1087812][info ][gc,phases   ] GC(318)   Merge Heap Roots: 0.1ms
[2025-08-28T13:08:43.410+0000][1087812][info ][gc,phases   ] GC(318)   Evacuate Collection Set: 1.7ms
[2025-08-28T13:08:43.410+0000][1087812][info ][gc,phases   ] GC(318)   Post Evacuate Collection Set: 0.8ms
[2025-08-28T13:08:43.410+0000][1087812][info ][gc,phases   ] GC(318)   Other: 0.1ms
[2025-08-28T13:08:43.410+0000][1087812][trace][gc,age      ] GC(318) Age table with threshold 15 (max threshold 15)
[2025-08-28T13:08:43.410+0000][1087812][trace][gc,age      ] GC(318) - age   1:    1078632 bytes,    1078632 total
[2025-08-28T13:08:43.410+0000][1087812][trace][gc,age      ] GC(318) - age   2:       1360 bytes,    1079992 total
[2025-08-28T13:08:43.410+0000][1087812][trace][gc,age      ] GC(318) - age   3:        552 bytes,    1080544 total
[2025-08-28T13:08:43.410+0000][1087812][trace][gc,age      ] GC(318) - age   4:        224 bytes,    1080768 total
[2025-08-28T13:08:43.410+0000][1087812][trace][gc,age      ] GC(318) - age   6:        400 bytes,    1081168 total
[2025-08-28T13:08:43.410+0000][1087812][trace][gc,age      ] GC(318) - age   7:        224 bytes,    1081392 total
[2025-08-28T13:08:43.410+0000][1087812][trace][gc,age      ] GC(318) - age  11:      12632 bytes,    1094024 total
[2025-08-28T13:08:43.410+0000][1087812][trace][gc,age      ] GC(318) - age  13:         32 bytes,    1094056 total
[2025-08-28T13:08:43.410+0000][1087812][info ][gc,heap     ] GC(318) Eden regions: 75->0(75)
[2025-08-28T13:08:43.410+0000][1087812][info ][gc,heap     ] GC(318) Survivor regions: 1->1(10)
[2025-08-28T13:08:43.410+0000][1087812][info ][gc,heap     ] GC(318) Old regions: 26->26
[2025-08-28T13:08:43.410+0000][1087812][info ][gc,heap     ] GC(318) Humongous regions: 0->0
[2025-08-28T13:08:43.410+0000][1087812][info ][gc,metaspace] GC(318) Metaspace: 144385K(148416K)->144385K(148416K) NonClass: 124871K(126976K)->124871K(126976K) Class: 19514K(21440K)->19514K(21440K)
[2025-08-28T13:08:43.410+0000][1087812][info ][gc          ] GC(318) Pause Young (Normal) (G1 Evacuation Pause) 401M->101M(512M) 3.089ms
[2025-08-28T13:08:43.410+0000][1087812][info ][gc,cpu      ] GC(318) User=0.00s Sys=0.00s Real=0.00s
[2025-08-28T13:08:43.410+0000][1087812][info ][safepoint   ] Safepoint "G1CollectForAllocation", Time since last: 2004707071 ns, Reaching safepoint: 26600 ns, Cleanup: 4476 ns, At safepoint: 3369163 ns, Total: 3400239 ns
[2025-08-28T13:08:45.395+0000][1087812][info ][gc,start    ] GC(319) Pause Young (Normal) (G1 Evacuation Pause)
[2025-08-28T13:08:45.395+0000][1087812][info ][gc,task     ] GC(319) Using 12 workers of 33 for evacuation
[2025-08-28T13:08:45.395+0000][1087812][debug][gc,age      ] GC(319) Desired survivor size 20971520 bytes, new threshold 15 (max threshold 15)
[2025-08-28T13:08:45.398+0000][1087812][info ][gc,phases   ] GC(319)   Pre Evacuate Collection Set: 0.2ms
[2025-08-28T13:08:45.398+0000][1087812][info ][gc,phases   ] GC(319)   Merge Heap Roots: 0.1ms
[2025-08-28T13:08:45.398+0000][1087812][info ][gc,phases   ] GC(319)   Evacuate Collection Set: 1.2ms
[2025-08-28T13:08:45.398+0000][1087812][info ][gc,phases   ] GC(319)   Post Evacuate Collection Set: 0.7ms
[2025-08-28T13:08:45.398+0000][1087812][info ][gc,phases   ] GC(319)   Other: 0.1ms
[2025-08-28T13:08:45.398+0000][1087812][trace][gc,age      ] GC(319) Age table with threshold 15 (max threshold 15)
[2025-08-28T13:08:45.398+0000][1087812][trace][gc,age      ] GC(319) - age   1:     904544 bytes,     904544 total
[2025-08-28T13:08:45.398+0000][1087812][trace][gc,age      ] GC(319) - age   2:       2776 bytes,     907320 total
[2025-08-28T13:08:45.398+0000][1087812][trace][gc,age      ] GC(319) - age   3:        824 bytes,     908144 total
[2025-08-28T13:08:45.398+0000][1087812][trace][gc,age      ] GC(319) - age   4:        376 bytes,     908520 total
[2025-08-28T13:08:45.398+0000][1087812][trace][gc,age      ] GC(319) - age   5:        224 bytes,     908744 total
[2025-08-28T13:08:45.398+0000][1087812][trace][gc,age      ] GC(319) - age   7:        400 bytes,     909144 total
[2025-08-28T13:08:45.398+0000][1087812][trace][gc,age      ] GC(319) - age   8:        224 bytes,     909368 total
[2025-08-28T13:08:45.398+0000][1087812][trace][gc,age      ] GC(319) - age  12:      12632 bytes,     922000 total
[2025-08-28T13:08:45.398+0000][1087812][trace][gc,age      ] GC(319) - age  14:         32 bytes,     922032 total
[2025-08-28T13:08:45.398+0000][1087812][info ][gc,heap     ] GC(319) Eden regions: 75->0(75)
[2025-08-28T13:08:45.398+0000][1087812][info ][gc,heap     ] GC(319) Survivor regions: 1->1(10)
[2025-08-28T13:08:45.398+0000][1087812][info ][gc,heap     ] GC(319) Old regions: 26->26
[2025-08-28T13:08:45.398+0000][1087812][info ][gc,heap     ] GC(319) Humongous regions: 0->0
[2025-08-28T13:08:45.398+0000][1087812][info ][gc,metaspace] GC(319) Metaspace: 144385K(148416K)->144385K(148416K) NonClass: 124871K(126976K)->124871K(126976K) Class: 19514K(21440K)->19514K(21440K)
[2025-08-28T13:08:45.398+0000][1087812][info ][gc          ] GC(319) Pause Young (Normal) (G1 Evacuation Pause) 401M->101M(512M) 2.486ms
[2025-08-28T13:08:45.398+0000][1087812][info ][gc,cpu      ] GC(319) User=0.01s Sys=0.00s Real=0.00s
[2025-08-28T13:08:45.398+0000][1087812][info ][safepoint   ] Safepoint "G1CollectForAllocation", Time since last: 1985178926 ns, Reaching safepoint: 41002 ns, Cleanup: 10396 ns, At safepoint: 2786677 ns, Total: 2838075 ns
[2025-08-28T13:08:47.394+0000][1087812][info ][gc,start    ] GC(320) Pause Young (Normal) (G1 Evacuation Pause)
[2025-08-28T13:08:47.394+0000][1087812][info ][gc,task     ] GC(320) Using 12 workers of 33 for evacuation
[2025-08-28T13:08:47.394+0000][1087812][debug][gc,age      ] GC(320) Desired survivor size 20971520 bytes, new threshold 15 (max threshold 15)
[2025-08-28T13:08:47.396+0000][1087812][info ][gc,phases   ] GC(320)   Pre Evacuate Collection Set: 0.2ms
[2025-08-28T13:08:47.396+0000][1087812][info ][gc,phases   ] GC(320)   Merge Heap Roots: 0.1ms
[2025-08-28T13:08:47.396+0000][1087812][info ][gc,phases   ] GC(320)   Evacuate Collection Set: 1.4ms
[2025-08-28T13:08:47.396+0000][1087812][info ][gc,phases   ] GC(320)   Post Evacuate Collection Set: 0.6ms
[2025-08-28T13:08:47.396+0000][1087812][info ][gc,phases   ] GC(320)   Other: 0.1ms
[2025-08-28T13:08:47.396+0000][1087812][trace][gc,age      ] GC(320) Age table with threshold 15 (max threshold 15)
[2025-08-28T13:08:47.396+0000][1087812][trace][gc,age      ] GC(320) - age   1:    1241952 bytes,    1241952 total
[2025-08-28T13:08:47.396+0000][1087812][trace][gc,age      ] GC(320) - age   2:        712 bytes,    1242664 total
[2025-08-28T13:08:47.396+0000][1087812][trace][gc,age      ] GC(320) - age   3:       2776 bytes,    1245440 total
[2025-08-28T13:08:47.396+0000][1087812][trace][gc,age      ] GC(320) - age   4:        824 bytes,    1246264 total
[2025-08-28T13:08:47.396+0000][1087812][trace][gc,age      ] GC(320) - age   5:        376 bytes,    1246640 total
[2025-08-28T13:08:47.396+0000][1087812][trace][gc,age      ] GC(320) - age   6:        224 bytes,    1246864 total
[2025-08-28T13:08:47.396+0000][1087812][trace][gc,age      ] GC(320) - age   8:        400 bytes,    1247264 total
[2025-08-28T13:08:47.396+0000][1087812][trace][gc,age      ] GC(320) - age   9:        224 bytes,    1247488 total
[2025-08-28T13:08:47.396+0000][1087812][trace][gc,age      ] GC(320) - age  13:      12632 bytes,    1260120 total
[2025-08-28T13:08:47.396+0000][1087812][trace][gc,age      ] GC(320) - age  15:         32 bytes,    1260152 total
[2025-08-28T13:08:47.396+0000][1087812][info ][gc,heap     ] GC(320) Eden regions: 75->0(75)
[2025-08-28T13:08:47.396+0000][1087812][info ][gc,heap     ] GC(320) Survivor regions: 1->1(10)
[2025-08-28T13:08:47.396+0000][1087812][info ][gc,heap     ] GC(320) Old regions: 26->26
[2025-08-28T13:08:47.396+0000][1087812][info ][gc,heap     ] GC(320) Humongous regions: 0->0
[2025-08-28T13:08:47.396+0000][1087812][info ][gc,metaspace] GC(320) Metaspace: 144385K(148416K)->144385K(148416K) NonClass: 124871K(126976K)->124871K(126976K) Class: 19514K(21440K)->19514K(21440K)
[2025-08-28T13:08:47.396+0000][1087812][info ][gc          ] GC(320) Pause Young (Normal) (G1 Evacuation Pause) 401M->101M(512M) 2.461ms
[2025-08-28T13:08:47.396+0000][1087812][info ][gc,cpu      ] GC(320) User=0.00s Sys=0.00s Real=0.00s
[2025-08-28T13:08:47.396+0000][1087812][info ][safepoint   ] Safepoint "G1CollectForAllocation", Time since last: 1995749531 ns, Reaching safepoint: 26820 ns, Cleanup: 5028 ns, At safepoint: 2661539 ns, Total: 2693387 ns
[2025-08-28T13:08:49.382+0000][1087812][info ][gc,start    ] GC(321) Pause Young (Normal) (G1 Evacuation Pause)
[2025-08-28T13:08:49.382+0000][1087812][info ][gc,task     ] GC(321) Using 12 workers of 33 for evacuation
[2025-08-28T13:08:49.382+0000][1087812][debug][gc,age      ] GC(321) Desired survivor size 20971520 bytes, new threshold 15 (max threshold 15)
[2025-08-28T13:08:49.384+0000][1087812][info ][gc,phases   ] GC(321)   Pre Evacuate Collection Set: 0.2ms
[2025-08-28T13:08:49.384+0000][1087812][info ][gc,phases   ] GC(321)   Merge Heap Roots: 0.1ms
[2025-08-28T13:08:49.384+0000][1087812][info ][gc,phases   ] GC(321)   Evacuate Collection Set: 1.1ms
[2025-08-28T13:08:49.384+0000][1087812][info ][gc,phases   ] GC(321)   Post Evacuate Collection Set: 0.8ms
[2025-08-28T13:08:49.384+0000][1087812][info ][gc,phases   ] GC(321)   Other: 0.1ms
[2025-08-28T13:08:49.384+0000][1087812][trace][gc,age      ] GC(321) Age table with threshold 15 (max threshold 15)
[2025-08-28T13:08:49.384+0000][1087812][trace][gc,age      ] GC(321) - age   1:    1275368 bytes,    1275368 total
[2025-08-28T13:08:49.384+0000][1087812][trace][gc,age      ] GC(321) - age   3:        536 bytes,    1275904 total
[2025-08-28T13:08:49.384+0000][1087812][trace][gc,age      ] GC(321) - age   4:       2776 bytes,    1278680 total
[2025-08-28T13:08:49.384+0000][1087812][trace][gc,age      ] GC(321) - age   5:        824 bytes,    1279504 total
[2025-08-28T13:08:49.384+0000][1087812][trace][gc,age      ] GC(321) - age   6:        376 bytes,    1279880 total
[2025-08-28T13:08:49.384+0000][1087812][trace][gc,age      ] GC(321) - age   7:        224 bytes,    1280104 total
[2025-08-28T13:08:49.384+0000][1087812][trace][gc,age      ] GC(321) - age   9:        400 bytes,    1280504 total
[2025-08-28T13:08:49.384+0000][1087812][trace][gc,age      ] GC(321) - age  14:      12632 bytes,    1293136 total
[2025-08-28T13:08:49.384+0000][1087812][info ][gc,heap     ] GC(321) Eden regions: 75->0(75)
[2025-08-28T13:08:49.384+0000][1087812][info ][gc,heap     ] GC(321) Survivor regions: 1->1(10)
[2025-08-28T13:08:49.384+0000][1087812][info ][gc,heap     ] GC(321) Old regions: 26->26
[2025-08-28T13:08:49.384+0000][1087812][info ][gc,heap     ] GC(321) Humongous regions: 0->0
[2025-08-28T13:08:49.384+0000][1087812][info ][gc,metaspace] GC(321) Metaspace: 144385K(148416K)->144385K(148416K) NonClass: 124871K(126976K)->124871K(126976K) Class: 19514K(21440K)->19514K(21440K)
[2025-08-28T13:08:49.384+0000][1087812][info ][gc          ] GC(321) Pause Young (Normal) (G1 Evacuation Pause) 401M->101M(512M) 2.414ms
[2025-08-28T13:08:49.384+0000][1087812][info ][gc,cpu      ] GC(321) User=0.01s Sys=0.00s Real=0.00s
[2025-08-28T13:08:49.384+0000][1087812][info ][safepoint   ] Safepoint "G1CollectForAllocation", Time since last: 1985035090 ns, Reaching safepoint: 27542 ns, Cleanup: 4156 ns, At safepoint: 2605305 ns, Total: 2637003 ns
[2025-08-28T13:08:51.369+0000][1087812][info ][gc,start    ] GC(322) Pause Young (Normal) (G1 Evacuation Pause)
[2025-08-28T13:08:51.369+0000][1087812][info ][gc,task     ] GC(322) Using 12 workers of 33 for evacuation
[2025-08-28T13:08:51.369+0000][1087812][debug][gc,age      ] GC(322) Desired survivor size 20971520 bytes, new threshold 15 (max threshold 15)
[2025-08-28T13:08:51.372+0000][1087812][info ][gc,phases   ] GC(322)   Pre Evacuate Collection Set: 0.2ms
[2025-08-28T13:08:51.372+0000][1087812][info ][gc,phases   ] GC(322)   Merge Heap Roots: 0.1ms
[2025-08-28T13:08:51.372+0000][1087812][info ][gc,phases   ] GC(322)   Evacuate Collection Set: 2.2ms
[2025-08-28T13:08:51.372+0000][1087812][info ][gc,phases   ] GC(322)   Post Evacuate Collection Set: 0.7ms
[2025-08-28T13:08:51.372+0000][1087812][info ][gc,phases   ] GC(322)   Other: 0.1ms
[2025-08-28T13:08:51.372+0000][1087812][trace][gc,age      ] GC(322) Age table with threshold 15 (max threshold 15)
[2025-08-28T13:08:51.372+0000][1087812][trace][gc,age      ] GC(322) - age   1:    1242728 bytes,    1242728 total
[2025-08-28T13:08:51.372+0000][1087812][trace][gc,age      ] GC(322) - age   2:        400 bytes,    1243128 total
[2025-08-28T13:08:51.372+0000][1087812][trace][gc,age      ] GC(322) - age   5:       2776 bytes,    1245904 total
[2025-08-28T13:08:51.372+0000][1087812][trace][gc,age      ] GC(322) - age   6:        584 bytes,    1246488 total
[2025-08-28T13:08:51.372+0000][1087812][trace][gc,age      ] GC(322) - age   7:        376 bytes,    1246864 total
[2025-08-28T13:08:51.372+0000][1087812][trace][gc,age      ] GC(322) - age   8:        224 bytes,    1247088 total
[2025-08-28T13:08:51.372+0000][1087812][trace][gc,age      ] GC(322) - age  10:        400 bytes,    1247488 total
[2025-08-28T13:08:51.372+0000][1087812][trace][gc,age      ] GC(322) - age  15:      12632 bytes,    1260120 total
[2025-08-28T13:08:51.372+0000][1087812][info ][gc,heap     ] GC(322) Eden regions: 75->0(75)
[2025-08-28T13:08:51.372+0000][1087812][info ][gc,heap     ] GC(322) Survivor regions: 1->1(10)
[2025-08-28T13:08:51.372+0000][1087812][info ][gc,heap     ] GC(322) Old regions: 26->26
[2025-08-28T13:08:51.372+0000][1087812][info ][gc,heap     ] GC(322) Humongous regions: 0->0
[2025-08-28T13:08:51.372+0000][1087812][info ][gc,metaspace] GC(322) Metaspace: 144385K(148416K)->144385K(148416K) NonClass: 124871K(126976K)->124871K(126976K) Class: 19514K(21440K)->19514K(21440K)
[2025-08-28T13:08:51.372+0000][1087812][info ][gc          ] GC(322) Pause Young (Normal) (G1 Evacuation Pause) 401M->101M(512M) 3.328ms
[2025-08-28T13:08:51.372+0000][1087812][info ][gc,cpu      ] GC(322) User=0.00s Sys=0.00s Real=0.01s
[2025-08-28T13:08:51.372+0000][1087812][info ][safepoint   ] Safepoint "G1CollectForAllocation", Time since last: 1984635660 ns, Reaching safepoint: 25017 ns, Cleanup: 4777 ns, At safepoint: 3512328 ns, Total: 3542122 ns
[2025-08-28T13:08:53.345+0000][1087812][info ][gc,start    ] GC(323) Pause Young (Normal) (G1 Evacuation Pause)
[2025-08-28T13:08:53.345+0000][1087812][info ][gc,task     ] GC(323) Using 12 workers of 33 for evacuation
[2025-08-28T13:08:53.345+0000][1087812][debug][gc,age      ] GC(323) Desired survivor size 20971520 bytes, new threshold 15 (max threshold 15)
[2025-08-28T13:08:53.348+0000][1087812][info ][gc,phases   ] GC(323)   Pre Evacuate Collection Set: 0.2ms
[2025-08-28T13:08:53.348+0000][1087812][info ][gc,phases   ] GC(323)   Merge Heap Roots: 0.1ms
[2025-08-28T13:08:53.348+0000][1087812][info ][gc,phases   ] GC(323)   Evacuate Collection Set: 1.5ms
[2025-08-28T13:08:53.348+0000][1087812][info ][gc,phases   ] GC(323)   Post Evacuate Collection Set: 0.9ms
[2025-08-28T13:08:53.348+0000][1087812][info ][gc,phases   ] GC(323)   Other: 0.1ms
[2025-08-28T13:08:53.348+0000][1087812][trace][gc,age      ] GC(323) Age table with threshold 15 (max threshold 15)
[2025-08-28T13:08:53.348+0000][1087812][trace][gc,age      ] GC(323) - age   1:     773640 bytes,     773640 total
[2025-08-28T13:08:53.348+0000][1087812][trace][gc,age      ] GC(323) - age   2:        776 bytes,     774416 total
[2025-08-28T13:08:53.348+0000][1087812][trace][gc,age      ] GC(323) - age   3:        400 bytes,     774816 total
[2025-08-28T13:08:53.348+0000][1087812][trace][gc,age      ] GC(323) - age   6:       2776 bytes,     777592 total
[2025-08-28T13:08:53.348+0000][1087812][trace][gc,age      ] GC(323) - age   7:        584 bytes,     778176 total
[2025-08-28T13:08:53.348+0000][1087812][trace][gc,age      ] GC(323) - age   8:        376 bytes,     778552 total
[2025-08-28T13:08:53.348+0000][1087812][trace][gc,age      ] GC(323) - age   9:        224 bytes,     778776 total
[2025-08-28T13:08:53.348+0000][1087812][trace][gc,age      ] GC(323) - age  11:        368 bytes,     779144 total
[2025-08-28T13:08:53.348+0000][1087812][info ][gc,heap     ] GC(323) Eden regions: 75->0(75)
[2025-08-28T13:08:53.348+0000][1087812][info ][gc,heap     ] GC(323) Survivor regions: 1->1(10)
[2025-08-28T13:08:53.348+0000][1087812][info ][gc,heap     ] GC(323) Old regions: 26->26
[2025-08-28T13:08:53.348+0000][1087812][info ][gc,heap     ] GC(323) Humongous regions: 0->0
[2025-08-28T13:08:53.348+0000][1087812][info ][gc,metaspace] GC(323) Metaspace: 144386K(148416K)->144386K(148416K) NonClass: 124872K(126976K)->124872K(126976K) Class: 19514K(21440K)->19514K(21440K)
[2025-08-28T13:08:53.348+0000][1087812][info ][gc          ] GC(323) Pause Young (Normal) (G1 Evacuation Pause) 401M->101M(512M) 2.934ms
[2025-08-28T13:08:53.348+0000][1087812][info ][gc,cpu      ] GC(323) User=0.01s Sys=0.00s Real=0.00s
[2025-08-28T13:08:53.348+0000][1087812][info ][safepoint   ] Safepoint "G1CollectForAllocation", Time since last: 1972985654 ns, Reaching safepoint: 32359 ns, Cleanup: 6339 ns, At safepoint: 3176183 ns, Total: 3214881 ns
[2025-08-28T13:08:55.344+0000][1087812][info ][gc,start    ] GC(324) Pause Young (Normal) (G1 Evacuation Pause)
[2025-08-28T13:08:55.344+0000][1087812][info ][gc,task     ] GC(324) Using 12 workers of 33 for evacuation
[2025-08-28T13:08:55.344+0000][1087812][debug][gc,age      ] GC(324) Desired survivor size 20971520 bytes, new threshold 15 (max threshold 15)
[2025-08-28T13:08:55.347+0000][1087812][info ][gc,phases   ] GC(324)   Pre Evacuate Collection Set: 0.3ms
[2025-08-28T13:08:55.347+0000][1087812][info ][gc,phases   ] GC(324)   Merge Heap Roots: 0.1ms
[2025-08-28T13:08:55.347+0000][1087812][info ][gc,phases   ] GC(324)   Evacuate Collection Set: 1.8ms
[2025-08-28T13:08:55.347+0000][1087812][info ][gc,phases   ] GC(324)   Post Evacuate Collection Set: 0.8ms
[2025-08-28T13:08:55.347+0000][1087812][info ][gc,phases   ] GC(324)   Other: 0.1ms
[2025-08-28T13:08:55.347+0000][1087812][trace][gc,age      ] GC(324) Age table with threshold 15 (max threshold 15)
[2025-08-28T13:08:55.347+0000][1087812][trace][gc,age      ] GC(324) - age   1:    1094144 bytes,    1094144 total
[2025-08-28T13:08:55.347+0000][1087812][trace][gc,age      ] GC(324) - age   2:       2448 bytes,    1096592 total
[2025-08-28T13:08:55.347+0000][1087812][trace][gc,age      ] GC(324) - age   3:        240 bytes,    1096832 total
[2025-08-28T13:08:55.347+0000][1087812][trace][gc,age      ] GC(324) - age   4:        224 bytes,    1097056 total
[2025-08-28T13:08:55.347+0000][1087812][trace][gc,age      ] GC(324) - age   7:       2776 bytes,    1099832 total
[2025-08-28T13:08:55.347+0000][1087812][trace][gc,age      ] GC(324) - age   8:        584 bytes,    1100416 total
[2025-08-28T13:08:55.347+0000][1087812][trace][gc,age      ] GC(324) - age   9:        376 bytes,    1100792 total
[2025-08-28T13:08:55.347+0000][1087812][trace][gc,age      ] GC(324) - age  10:        224 bytes,    1101016 total
[2025-08-28T13:08:55.347+0000][1087812][trace][gc,age      ] GC(324) - age  12:        368 bytes,    1101384 total
[2025-08-28T13:08:55.347+0000][1087812][info ][gc,heap     ] GC(324) Eden regions: 75->0(75)
[2025-08-28T13:08:55.347+0000][1087812][info ][gc,heap     ] GC(324) Survivor regions: 1->1(10)
[2025-08-28T13:08:55.347+0000][1087812][info ][gc,heap     ] GC(324) Old regions: 26->26
[2025-08-28T13:08:55.347+0000][1087812][info ][gc,heap     ] GC(324) Humongous regions: 0->0
[2025-08-28T13:08:55.347+0000][1087812][info ][gc,metaspace] GC(324) Metaspace: 144386K(148416K)->144386K(148416K) NonClass: 124872K(126976K)->124872K(126976K) Class: 19514K(21440K)->19514K(21440K)
[2025-08-28T13:08:55.347+0000][1087812][info ][gc          ] GC(324) Pause Young (Normal) (G1 Evacuation Pause) 401M->101M(512M) 3.235ms
[2025-08-28T13:08:55.347+0000][1087812][info ][gc,cpu      ] GC(324) User=0.00s Sys=0.00s Real=0.00s
[2025-08-28T13:08:55.347+0000][1087812][info ][safepoint   ] Safepoint "G1CollectForAllocation", Time since last: 1995257421 ns, Reaching safepoint: 24877 ns, Cleanup: 4497 ns, At safepoint: 3464917 ns, Total: 3494291 ns
[2025-08-28T13:08:57.331+0000][1087812][info ][gc,start    ] GC(325) Pause Young (Normal) (G1 Evacuation Pause)
[2025-08-28T13:08:57.331+0000][1087812][info ][gc,task     ] GC(325) Using 12 workers of 33 for evacuation
[2025-08-28T13:08:57.331+0000][1087812][debug][gc,age      ] GC(325) Desired survivor size 20971520 bytes, new threshold 15 (max threshold 15)
[2025-08-28T13:08:57.334+0000][1087812][info ][gc,phases   ] GC(325)   Pre Evacuate Collection Set: 0.2ms
[2025-08-28T13:08:57.334+0000][1087812][info ][gc,phases   ] GC(325)   Merge Heap Roots: 0.1ms
[2025-08-28T13:08:57.334+0000][1087812][info ][gc,phases   ] GC(325)   Evacuate Collection Set: 1.6ms
[2025-08-28T13:08:57.334+0000][1087812][info ][gc,phases   ] GC(325)   Post Evacuate Collection Set: 0.9ms
[2025-08-28T13:08:57.334+0000][1087812][info ][gc,phases   ] GC(325)   Other: 0.1ms
[2025-08-28T13:08:57.334+0000][1087812][trace][gc,age      ] GC(325) Age table with threshold 15 (max threshold 15)
[2025-08-28T13:08:57.334+0000][1087812][trace][gc,age      ] GC(325) - age   1:    1208944 bytes,    1208944 total
[2025-08-28T13:08:57.334+0000][1087812][trace][gc,age      ] GC(325) - age   2:        712 bytes,    1209656 total
[2025-08-28T13:08:57.334+0000][1087812][trace][gc,age      ] GC(325) - age   3:       2448 bytes,    1212104 total
[2025-08-28T13:08:57.334+0000][1087812][trace][gc,age      ] GC(325) - age   4:        240 bytes,    1212344 total
[2025-08-28T13:08:57.334+0000][1087812][trace][gc,age      ] GC(325) - age   5:        224 bytes,    1212568 total
[2025-08-28T13:08:57.334+0000][1087812][trace][gc,age      ] GC(325) - age   8:       2776 bytes,    1215344 total
[2025-08-28T13:08:57.334+0000][1087812][trace][gc,age      ] GC(325) - age   9:        584 bytes,    1215928 total
[2025-08-28T13:08:57.334+0000][1087812][trace][gc,age      ] GC(325) - age  10:        376 bytes,    1216304 total
[2025-08-28T13:08:57.334+0000][1087812][trace][gc,age      ] GC(325) - age  11:        224 bytes,    1216528 total
[2025-08-28T13:08:57.334+0000][1087812][trace][gc,age      ] GC(325) - age  13:        368 bytes,    1216896 total
[2025-08-28T13:08:57.334+0000][1087812][info ][gc,heap     ] GC(325) Eden regions: 75->0(75)
[2025-08-28T13:08:57.334+0000][1087812][info ][gc,heap     ] GC(325) Survivor regions: 1->1(10)
[2025-08-28T13:08:57.334+0000][1087812][info ][gc,heap     ] GC(325) Old regions: 26->26
[2025-08-28T13:08:57.334+0000][1087812][info ][gc,heap     ] GC(325) Humongous regions: 0->0
[2025-08-28T13:08:57.334+0000][1087812][info ][gc,metaspace] GC(325) Metaspace: 144386K(148416K)->144386K(148416K) NonClass: 124872K(126976K)->124872K(126976K) Class: 19514K(21440K)->19514K(21440K)
[2025-08-28T13:08:57.334+0000][1087812][info ][gc          ] GC(325) Pause Young (Normal) (G1 Evacuation Pause) 401M->101M(512M) 3.083ms
[2025-08-28T13:08:57.335+0000][1087812][info ][gc,cpu      ] GC(325) User=0.01s Sys=0.00s Real=0.00s
[2025-08-28T13:08:57.335+0000][1087812][info ][safepoint   ] Safepoint "G1CollectForAllocation", Time since last: 1984029249 ns, Reaching safepoint: 34111 ns, Cleanup: 8072 ns, At safepoint: 3345127 ns, Total: 3387310 ns
[2025-08-28T13:08:59.295+0000][1087812][info ][gc,start    ] GC(326) Pause Young (Normal) (G1 Evacuation Pause)
[2025-08-28T13:08:59.295+0000][1087812][info ][gc,task     ] GC(326) Using 12 workers of 33 for evacuation
[2025-08-28T13:08:59.295+0000][1087812][debug][gc,age      ] GC(326) Desired survivor size 20971520 bytes, new threshold 15 (max threshold 15)
[2025-08-28T13:08:59.298+0000][1087812][info ][gc,phases   ] GC(326)   Pre Evacuate Collection Set: 0.3ms
[2025-08-28T13:08:59.298+0000][1087812][info ][gc,phases   ] GC(326)   Merge Heap Roots: 0.1ms
[2025-08-28T13:08:59.298+0000][1087812][info ][gc,phases   ] GC(326)   Evacuate Collection Set: 1.6ms
[2025-08-28T13:08:59.298+0000][1087812][info ][gc,phases   ] GC(326)   Post Evacuate Collection Set: 0.9ms
[2025-08-28T13:08:59.298+0000][1087812][info ][gc,phases   ] GC(326)   Other: 0.1ms
[2025-08-28T13:08:59.298+0000][1087812][trace][gc,age      ] GC(326) Age table with threshold 15 (max threshold 15)
[2025-08-28T13:08:59.298+0000][1087812][trace][gc,age      ] GC(326) - age   1:    1003616 bytes,    1003616 total
[2025-08-28T13:08:59.298+0000][1087812][trace][gc,age      ] GC(326) - age   2:         32 bytes,    1003648 total
[2025-08-28T13:08:59.298+0000][1087812][trace][gc,age      ] GC(326) - age   3:        536 bytes,    1004184 total
[2025-08-28T13:08:59.298+0000][1087812][trace][gc,age      ] GC(326) - age   4:       2448 bytes,    1006632 total
[2025-08-28T13:08:59.298+0000][1087812][trace][gc,age      ] GC(326) - age   5:        240 bytes,    1006872 total
[2025-08-28T13:08:59.298+0000][1087812][trace][gc,age      ] GC(326) - age   6:        224 bytes,    1007096 total
[2025-08-28T13:08:59.298+0000][1087812][trace][gc,age      ] GC(326) - age   9:       2776 bytes,    1009872 total
[2025-08-28T13:08:59.298+0000][1087812][trace][gc,age      ] GC(326) - age  10:        584 bytes,    1010456 total
[2025-08-28T13:08:59.298+0000][1087812][trace][gc,age      ] GC(326) - age  11:        376 bytes,    1010832 total
[2025-08-28T13:08:59.298+0000][1087812][trace][gc,age      ] GC(326) - age  12:        224 bytes,    1011056 total
[2025-08-28T13:08:59.298+0000][1087812][trace][gc,age      ] GC(326) - age  14:        368 bytes,    1011424 total
[2025-08-28T13:08:59.298+0000][1087812][info ][gc,heap     ] GC(326) Eden regions: 75->0(75)
[2025-08-28T13:08:59.298+0000][1087812][info ][gc,heap     ] GC(326) Survivor regions: 1->1(10)
[2025-08-28T13:08:59.298+0000][1087812][info ][gc,heap     ] GC(326) Old regions: 26->26
[2025-08-28T13:08:59.298+0000][1087812][info ][gc,heap     ] GC(326) Humongous regions: 0->0
[2025-08-28T13:08:59.298+0000][1087812][info ][gc,metaspace] GC(326) Metaspace: 144386K(148416K)->144386K(148416K) NonClass: 124872K(126976K)->124872K(126976K) Class: 19514K(21440K)->19514K(21440K)
[2025-08-28T13:08:59.298+0000][1087812][info ][gc          ] GC(326) Pause Young (Normal) (G1 Evacuation Pause) 401M->101M(512M) 3.143ms
[2025-08-28T13:08:59.299+0000][1087812][info ][gc,cpu      ] GC(326) User=0.01s Sys=0.00s Real=0.00s
[2025-08-28T13:08:59.299+0000][1087812][info ][safepoint   ] Safepoint "G1CollectForAllocation", Time since last: 1960552720 ns, Reaching safepoint: 25879 ns, Cleanup: 5158 ns, At safepoint: 3389333 ns, Total: 3420370 ns
[2025-08-28T13:09:01.245+0000][1087812][info ][gc,start    ] GC(327) Pause Young (Normal) (G1 Evacuation Pause)
[2025-08-28T13:09:01.245+0000][1087812][info ][gc,task     ] GC(327) Using 12 workers of 33 for evacuation
[2025-08-28T13:09:01.245+0000][1087812][debug][gc,age      ] GC(327) Desired survivor size 20971520 bytes, new threshold 15 (max threshold 15)
[2025-08-28T13:09:01.248+0000][1087812][info ][gc,phases   ] GC(327)   Pre Evacuate Collection Set: 0.2ms
[2025-08-28T13:09:01.248+0000][1087812][info ][gc,phases   ] GC(327)   Merge Heap Roots: 0.1ms
[2025-08-28T13:09:01.248+0000][1087812][info ][gc,phases   ] GC(327)   Evacuate Collection Set: 1.4ms
[2025-08-28T13:09:01.248+0000][1087812][info ][gc,phases   ] GC(327)   Post Evacuate Collection Set: 0.9ms
[2025-08-28T13:09:01.248+0000][1087812][info ][gc,phases   ] GC(327)   Other: 0.1ms
[2025-08-28T13:09:01.248+0000][1087812][trace][gc,age      ] GC(327) Age table with threshold 15 (max threshold 15)
[2025-08-28T13:09:01.248+0000][1087812][trace][gc,age      ] GC(327) - age   1:    1153480 bytes,    1153480 total
[2025-08-28T13:09:01.248+0000][1087812][trace][gc,age      ] GC(327) - age   2:        176 bytes,    1153656 total
[2025-08-28T13:09:01.248+0000][1087812][trace][gc,age      ] GC(327) - age   3:         32 bytes,    1153688 total
[2025-08-28T13:09:01.248+0000][1087812][trace][gc,age      ] GC(327) - age   5:       2448 bytes,    1156136 total
[2025-08-28T13:09:01.248+0000][1087812][trace][gc,age      ] GC(327) - age   6:        240 bytes,    1156376 total
[2025-08-28T13:09:01.248+0000][1087812][trace][gc,age      ] GC(327) - age   7:        224 bytes,    1156600 total
[2025-08-28T13:09:01.248+0000][1087812][trace][gc,age      ] GC(327) - age  10:       2776 bytes,    1159376 total
[2025-08-28T13:09:01.248+0000][1087812][trace][gc,age      ] GC(327) - age  11:        584 bytes,    1159960 total
[2025-08-28T13:09:01.248+0000][1087812][trace][gc,age      ] GC(327) - age  12:        376 bytes,    1160336 total
[2025-08-28T13:09:01.248+0000][1087812][trace][gc,age      ] GC(327) - age  13:        224 bytes,    1160560 total
[2025-08-28T13:09:01.248+0000][1087812][trace][gc,age      ] GC(327) - age  15:        368 bytes,    1160928 total
[2025-08-28T13:09:01.248+0000][1087812][info ][gc,heap     ] GC(327) Eden regions: 75->0(75)
[2025-08-28T13:09:01.248+0000][1087812][info ][gc,heap     ] GC(327) Survivor regions: 1->1(10)
[2025-08-28T13:09:01.248+0000][1087812][info ][gc,heap     ] GC(327) Old regions: 26->26
[2025-08-28T13:09:01.248+0000][1087812][info ][gc,heap     ] GC(327) Humongous regions: 0->0
[2025-08-28T13:09:01.248+0000][1087812][info ][gc,metaspace] GC(327) Metaspace: 144386K(148416K)->144386K(148416K) NonClass: 124872K(126976K)->124872K(126976K) Class: 19514K(21440K)->19514K(21440K)
[2025-08-28T13:09:01.248+0000][1087812][info ][gc          ] GC(327) Pause Young (Normal) (G1 Evacuation Pause) 401M->101M(512M) 2.889ms
[2025-08-28T13:09:01.248+0000][1087812][info ][gc,cpu      ] GC(327) User=0.01s Sys=0.00s Real=0.00s
[2025-08-28T13:09:01.248+0000][1087812][info ][safepoint   ] Safepoint "G1CollectForAllocation", Time since last: 1946595247 ns, Reaching safepoint: 63886 ns, Cleanup: 7842 ns, At safepoint: 3059147 ns, Total: 3130875 ns
[2025-08-28T13:09:03.219+0000][1087812][info ][gc,start    ] GC(328) Pause Young (Normal) (G1 Evacuation Pause)
[2025-08-28T13:09:03.219+0000][1087812][info ][gc,task     ] GC(328) Using 12 workers of 33 for evacuation
[2025-08-28T13:09:03.219+0000][1087812][debug][gc,age      ] GC(328) Desired survivor size 20971520 bytes, new threshold 15 (max threshold 15)
[2025-08-28T13:09:03.222+0000][1087812][info ][gc,phases   ] GC(328)   Pre Evacuate Collection Set: 0.2ms
[2025-08-28T13:09:03.222+0000][1087812][info ][gc,phases   ] GC(328)   Merge Heap Roots: 0.1ms
[2025-08-28T13:09:03.222+0000][1087812][info ][gc,phases   ] GC(328)   Evacuate Collection Set: 1.8ms
[2025-08-28T13:09:03.222+0000][1087812][info ][gc,phases   ] GC(328)   Post Evacuate Collection Set: 0.9ms
[2025-08-28T13:09:03.222+0000][1087812][info ][gc,phases   ] GC(328)   Other: 0.1ms
[2025-08-28T13:09:03.222+0000][1087812][trace][gc,age      ] GC(328) Age table with threshold 15 (max threshold 15)
[2025-08-28T13:09:03.222+0000][1087812][trace][gc,age      ] GC(328) - age   1:    1490128 bytes,    1490128 total
[2025-08-28T13:09:03.222+0000][1087812][trace][gc,age      ] GC(328) - age   2:        536 bytes,    1490664 total
[2025-08-28T13:09:03.222+0000][1087812][trace][gc,age      ] GC(328) - age   3:        176 bytes,    1490840 total
[2025-08-28T13:09:03.222+0000][1087812][trace][gc,age      ] GC(328) - age   4:         32 bytes,    1490872 total
[2025-08-28T13:09:03.222+0000][1087812][trace][gc,age      ] GC(328) - age   6:       2416 bytes,    1493288 total
[2025-08-28T13:09:03.222+0000][1087812][trace][gc,age      ] GC(328) - age   8:        224 bytes,    1493512 total
[2025-08-28T13:09:03.222+0000][1087812][trace][gc,age      ] GC(328) - age  11:       2776 bytes,    1496288 total
[2025-08-28T13:09:03.222+0000][1087812][trace][gc,age      ] GC(328) - age  12:        584 bytes,    1496872 total
[2025-08-28T13:09:03.222+0000][1087812][trace][gc,age      ] GC(328) - age  13:        376 bytes,    1497248 total
[2025-08-28T13:09:03.222+0000][1087812][trace][gc,age      ] GC(328) - age  14:        224 bytes,    1497472 total
[2025-08-28T13:09:03.222+0000][1087812][info ][gc,heap     ] GC(328) Eden regions: 75->0(75)
[2025-08-28T13:09:03.222+0000][1087812][info ][gc,heap     ] GC(328) Survivor regions: 1->1(10)
[2025-08-28T13:09:03.222+0000][1087812][info ][gc,heap     ] GC(328) Old regions: 26->26
[2025-08-28T13:09:03.222+0000][1087812][info ][gc,heap     ] GC(328) Humongous regions: 0->0
[2025-08-28T13:09:03.222+0000][1087812][info ][gc,metaspace] GC(328) Metaspace: 144386K(148416K)->144386K(148416K) NonClass: 124872K(126976K)->124872K(126976K) Class: 19514K(21440K)->19514K(21440K)
[2025-08-28T13:09:03.222+0000][1087812][info ][gc          ] GC(328) Pause Young (Normal) (G1 Evacuation Pause) 401M->101M(512M) 3.325ms
[2025-08-28T13:09:03.222+0000][1087812][info ][gc,cpu      ] GC(328) User=0.01s Sys=0.00s Real=0.01s
[2025-08-28T13:09:03.222+0000][1087812][info ][safepoint   ] Safepoint "G1CollectForAllocation", Time since last: 1970403443 ns, Reaching safepoint: 34692 ns, Cleanup: 8272 ns, At safepoint: 3596104 ns, Total: 3639068 ns
[2025-08-28T13:09:05.196+0000][1087812][info ][gc,start    ] GC(329) Pause Young (Normal) (G1 Evacuation Pause)
[2025-08-28T13:09:05.196+0000][1087812][info ][gc,task     ] GC(329) Using 12 workers of 33 for evacuation
[2025-08-28T13:09:05.196+0000][1087812][debug][gc,age      ] GC(329) Desired survivor size 20971520 bytes, new threshold 15 (max threshold 15)
[2025-08-28T13:09:05.199+0000][1087812][info ][gc,phases   ] GC(329)   Pre Evacuate Collection Set: 0.2ms
[2025-08-28T13:09:05.199+0000][1087812][info ][gc,phases   ] GC(329)   Merge Heap Roots: 0.1ms
[2025-08-28T13:09:05.199+0000][1087812][info ][gc,phases   ] GC(329)   Evacuate Collection Set: 1.4ms
[2025-08-28T13:09:05.199+0000][1087812][info ][gc,phases   ] GC(329)   Post Evacuate Collection Set: 0.9ms
[2025-08-28T13:09:05.199+0000][1087812][info ][gc,phases   ] GC(329)   Other: 0.1ms
[2025-08-28T13:09:05.199+0000][1087812][trace][gc,age      ] GC(329) Age table with threshold 15 (max threshold 15)
[2025-08-28T13:09:05.199+0000][1087812][trace][gc,age      ] GC(329) - age   1:    1219936 bytes,    1219936 total
[2025-08-28T13:09:05.199+0000][1087812][trace][gc,age      ] GC(329) - age   2:        640 bytes,    1220576 total
[2025-08-28T13:09:05.199+0000][1087812][trace][gc,age      ] GC(329) - age   5:         32 bytes,    1220608 total
[2025-08-28T13:09:05.199+0000][1087812][trace][gc,age      ] GC(329) - age   7:       2416 bytes,    1223024 total
[2025-08-28T13:09:05.199+0000][1087812][trace][gc,age      ] GC(329) - age   9:        224 bytes,    1223248 total
[2025-08-28T13:09:05.199+0000][1087812][trace][gc,age      ] GC(329) - age  12:       2776 bytes,    1226024 total
[2025-08-28T13:09:05.199+0000][1087812][trace][gc,age      ] GC(329) - age  13:        584 bytes,    1226608 total
[2025-08-28T13:09:05.199+0000][1087812][trace][gc,age      ] GC(329) - age  14:        376 bytes,    1226984 total
[2025-08-28T13:09:05.199+0000][1087812][trace][gc,age      ] GC(329) - age  15:        224 bytes,    1227208 total
[2025-08-28T13:09:05.199+0000][1087812][info ][gc,heap     ] GC(329) Eden regions: 75->0(75)
[2025-08-28T13:09:05.199+0000][1087812][info ][gc,heap     ] GC(329) Survivor regions: 1->1(10)
[2025-08-28T13:09:05.199+0000][1087812][info ][gc,heap     ] GC(329) Old regions: 26->26
[2025-08-28T13:09:05.199+0000][1087812][info ][gc,heap     ] GC(329) Humongous regions: 0->0
[2025-08-28T13:09:05.199+0000][1087812][info ][gc,metaspace] GC(329) Metaspace: 144386K(148416K)->144386K(148416K) NonClass: 124872K(126976K)->124872K(126976K) Class: 19514K(21440K)->19514K(21440K)
[2025-08-28T13:09:05.199+0000][1087812][info ][gc          ] GC(329) Pause Young (Normal) (G1 Evacuation Pause) 401M->101M(512M) 2.963ms
[2025-08-28T13:09:05.199+0000][1087812][info ][gc,cpu      ] GC(329) User=0.00s Sys=0.00s Real=0.00s
[2025-08-28T13:09:05.199+0000][1087812][info ][safepoint   ] Safepoint "G1CollectForAllocation", Time since last: 1973175639 ns, Reaching safepoint: 33541 ns, Cleanup: 14231 ns, At safepoint: 3247109 ns, Total: 3294881 ns
[2025-08-28T13:09:07.194+0000][1087812][info ][gc,start    ] GC(330) Pause Young (Normal) (G1 Evacuation Pause)
[2025-08-28T13:09:07.194+0000][1087812][info ][gc,task     ] GC(330) Using 12 workers of 33 for evacuation
[2025-08-28T13:09:07.194+0000][1087812][debug][gc,age      ] GC(330) Desired survivor size 20971520 bytes, new threshold 15 (max threshold 15)
[2025-08-28T13:09:07.198+0000][1087812][info ][gc,phases   ] GC(330)   Pre Evacuate Collection Set: 0.3ms
[2025-08-28T13:09:07.198+0000][1087812][info ][gc,phases   ] GC(330)   Merge Heap Roots: 0.1ms
[2025-08-28T13:09:07.198+0000][1087812][info ][gc,phases   ] GC(330)   Evacuate Collection Set: 2.3ms
[2025-08-28T13:09:07.198+0000][1087812][info ][gc,phases   ] GC(330)   Post Evacuate Collection Set: 0.9ms
[2025-08-28T13:09:07.198+0000][1087812][info ][gc,phases   ] GC(330)   Other: 0.1ms
[2025-08-28T13:09:07.198+0000][1087812][trace][gc,age      ] GC(330) Age table with threshold 15 (max threshold 15)
[2025-08-28T13:09:07.198+0000][1087812][trace][gc,age      ] GC(330) - age   1:    1159344 bytes,    1159344 total
[2025-08-28T13:09:07.198+0000][1087812][trace][gc,age      ] GC(330) - age   2:        712 bytes,    1160056 total
[2025-08-28T13:09:07.198+0000][1087812][trace][gc,age      ] GC(330) - age   3:        640 bytes,    1160696 total
[2025-08-28T13:09:07.198+0000][1087812][trace][gc,age      ] GC(330) - age   6:         32 bytes,    1160728 total
[2025-08-28T13:09:07.198+0000][1087812][trace][gc,age      ] GC(330) - age   8:       2416 bytes,    1163144 total
[2025-08-28T13:09:07.198+0000][1087812][trace][gc,age      ] GC(330) - age  10:        224 bytes,    1163368 total
[2025-08-28T13:09:07.198+0000][1087812][trace][gc,age      ] GC(330) - age  13:       2776 bytes,    1166144 total
[2025-08-28T13:09:07.198+0000][1087812][trace][gc,age      ] GC(330) - age  14:        584 bytes,    1166728 total
[2025-08-28T13:09:07.198+0000][1087812][trace][gc,age      ] GC(330) - age  15:        376 bytes,    1167104 total
[2025-08-28T13:09:07.198+0000][1087812][info ][gc,heap     ] GC(330) Eden regions: 75->0(75)
[2025-08-28T13:09:07.198+0000][1087812][info ][gc,heap     ] GC(330) Survivor regions: 1->1(10)
[2025-08-28T13:09:07.198+0000][1087812][info ][gc,heap     ] GC(330) Old regions: 26->26
[2025-08-28T13:09:07.198+0000][1087812][info ][gc,heap     ] GC(330) Humongous regions: 0->0
[2025-08-28T13:09:07.198+0000][1087812][info ][gc,metaspace] GC(330) Metaspace: 144386K(148416K)->144386K(148416K) NonClass: 124872K(126976K)->124872K(126976K) Class: 19514K(21440K)->19514K(21440K)
[2025-08-28T13:09:07.198+0000][1087812][info ][gc          ] GC(330) Pause Young (Normal) (G1 Evacuation Pause) 401M->101M(512M) 3.913ms
[2025-08-28T13:09:07.198+0000][1087812][info ][gc,cpu      ] GC(330) User=0.00s Sys=0.00s Real=0.00s
[2025-08-28T13:09:07.198+0000][1087812][info ][safepoint   ] Safepoint "G1CollectForAllocation", Time since last: 1994894316 ns, Reaching safepoint: 38999 ns, Cleanup: 9173 ns, At safepoint: 4184088 ns, Total: 4232260 ns
[2025-08-28T13:09:09.194+0000][1087812][info ][gc,start    ] GC(331) Pause Young (Normal) (G1 Evacuation Pause)
[2025-08-28T13:09:09.194+0000][1087812][info ][gc,task     ] GC(331) Using 12 workers of 33 for evacuation
[2025-08-28T13:09:09.194+0000][1087812][debug][gc,age      ] GC(331) Desired survivor size 20971520 bytes, new threshold 15 (max threshold 15)
[2025-08-28T13:09:09.198+0000][1087812][info ][gc,phases   ] GC(331)   Pre Evacuate Collection Set: 0.3ms
[2025-08-28T13:09:09.198+0000][1087812][info ][gc,phases   ] GC(331)   Merge Heap Roots: 0.1ms
[2025-08-28T13:09:09.198+0000][1087812][info ][gc,phases   ] GC(331)   Evacuate Collection Set: 2.1ms
[2025-08-28T13:09:09.198+0000][1087812][info ][gc,phases   ] GC(331)   Post Evacuate Collection Set: 1.1ms
[2025-08-28T13:09:09.198+0000][1087812][info ][gc,phases   ] GC(331)   Other: 0.1ms
[2025-08-28T13:09:09.198+0000][1087812][trace][gc,age      ] GC(331) Age table with threshold 15 (max threshold 15)
[2025-08-28T13:09:09.198+0000][1087812][trace][gc,age      ] GC(331) - age   1:    1076080 bytes,    1076080 total
[2025-08-28T13:09:09.198+0000][1087812][trace][gc,age      ] GC(331) - age   3:        712 bytes,    1076792 total
[2025-08-28T13:09:09.198+0000][1087812][trace][gc,age      ] GC(331) - age   4:        640 bytes,    1077432 total
[2025-08-28T13:09:09.198+0000][1087812][trace][gc,age      ] GC(331) - age   7:         32 bytes,    1077464 total
[2025-08-28T13:09:09.198+0000][1087812][trace][gc,age      ] GC(331) - age   9:       2416 bytes,    1079880 total
[2025-08-28T13:09:09.198+0000][1087812][trace][gc,age      ] GC(331) - age  14:       2776 bytes,    1082656 total
[2025-08-28T13:09:09.198+0000][1087812][trace][gc,age      ] GC(331) - age  15:        584 bytes,    1083240 total
[2025-08-28T13:09:09.198+0000][1087812][info ][gc,heap     ] GC(331) Eden regions: 75->0(75)
[2025-08-28T13:09:09.198+0000][1087812][info ][gc,heap     ] GC(331) Survivor regions: 1->1(10)
[2025-08-28T13:09:09.198+0000][1087812][info ][gc,heap     ] GC(331) Old regions: 26->26
[2025-08-28T13:09:09.198+0000][1087812][info ][gc,heap     ] GC(331) Humongous regions: 0->0
[2025-08-28T13:09:09.198+0000][1087812][info ][gc,metaspace] GC(331) Metaspace: 144386K(148416K)->144386K(148416K) NonClass: 124872K(126976K)->124872K(126976K) Class: 19514K(21440K)->19514K(21440K)
[2025-08-28T13:09:09.198+0000][1087812][info ][gc          ] GC(331) Pause Young (Normal) (G1 Evacuation Pause) 401M->101M(512M) 3.830ms
[2025-08-28T13:09:09.198+0000][1087812][info ][gc,cpu      ] GC(331) User=0.01s Sys=0.01s Real=0.00s
[2025-08-28T13:09:09.198+0000][1087812][info ][safepoint   ] Safepoint "G1CollectForAllocation", Time since last: 1996138435 ns, Reaching safepoint: 33710 ns, Cleanup: 7982 ns, At safepoint: 4075675 ns, Total: 4117367 ns
[2025-08-28T13:09:11.182+0000][1087812][info ][gc,start    ] GC(332) Pause Young (Normal) (G1 Evacuation Pause)
[2025-08-28T13:09:11.182+0000][1087812][info ][gc,task     ] GC(332) Using 12 workers of 33 for evacuation
[2025-08-28T13:09:11.182+0000][1087812][debug][gc,age      ] GC(332) Desired survivor size 20971520 bytes, new threshold 15 (max threshold 15)
[2025-08-28T13:09:11.185+0000][1087812][info ][gc,phases   ] GC(332)   Pre Evacuate Collection Set: 0.2ms
[2025-08-28T13:09:11.185+0000][1087812][info ][gc,phases   ] GC(332)   Merge Heap Roots: 0.1ms
[2025-08-28T13:09:11.185+0000][1087812][info ][gc,phases   ] GC(332)   Evacuate Collection Set: 2.1ms
[2025-08-28T13:09:11.185+0000][1087812][info ][gc,phases   ] GC(332)   Post Evacuate Collection Set: 1.0ms
[2025-08-28T13:09:11.185+0000][1087812][info ][gc,phases   ] GC(332)   Other: 0.0ms
[2025-08-28T13:09:11.185+0000][1087812][trace][gc,age      ] GC(332) Age table with threshold 15 (max threshold 15)
[2025-08-28T13:09:11.185+0000][1087812][trace][gc,age      ] GC(332) - age   1:    1076632 bytes,    1076632 total
[2025-08-28T13:09:11.185+0000][1087812][trace][gc,age      ] GC(332) - age   2:        224 bytes,    1076856 total
[2025-08-28T13:09:11.185+0000][1087812][trace][gc,age      ] GC(332) - age   5:        640 bytes,    1077496 total
[2025-08-28T13:09:11.185+0000][1087812][trace][gc,age      ] GC(332) - age   8:         32 bytes,    1077528 total
[2025-08-28T13:09:11.185+0000][1087812][trace][gc,age      ] GC(332) - age  10:       2416 bytes,    1079944 total
[2025-08-28T13:09:11.185+0000][1087812][trace][gc,age      ] GC(332) - age  15:       2776 bytes,    1082720 total
[2025-08-28T13:09:11.185+0000][1087812][info ][gc,heap     ] GC(332) Eden regions: 75->0(75)
[2025-08-28T13:09:11.185+0000][1087812][info ][gc,heap     ] GC(332) Survivor regions: 1->1(10)
[2025-08-28T13:09:11.185+0000][1087812][info ][gc,heap     ] GC(332) Old regions: 26->26
[2025-08-28T13:09:11.185+0000][1087812][info ][gc,heap     ] GC(332) Humongous regions: 0->0
[2025-08-28T13:09:11.185+0000][1087812][info ][gc,metaspace] GC(332) Metaspace: 144386K(148416K)->144386K(148416K) NonClass: 124872K(126976K)->124872K(126976K) Class: 19514K(21440K)->19514K(21440K)
[2025-08-28T13:09:11.185+0000][1087812][info ][gc          ] GC(332) Pause Young (Normal) (G1 Evacuation Pause) 401M->101M(512M) 3.544ms
[2025-08-28T13:09:11.185+0000][1087812][info ][gc,cpu      ] GC(332) User=0.00s Sys=0.00s Real=0.00s
[2025-08-28T13:09:11.185+0000][1087812][info ][safepoint   ] Safepoint "G1CollectForAllocation", Time since last: 1983226943 ns, Reaching safepoint: 24086 ns, Cleanup: 4407 ns, At safepoint: 3702373 ns, Total: 3730866 ns
[2025-08-28T13:09:13.195+0000][1087812][info ][gc,start    ] GC(333) Pause Young (Normal) (G1 Evacuation Pause)
[2025-08-28T13:09:13.195+0000][1087812][info ][gc,task     ] GC(333) Using 12 workers of 33 for evacuation
[2025-08-28T13:09:13.195+0000][1087812][debug][gc,age      ] GC(333) Desired survivor size 20971520 bytes, new threshold 15 (max threshold 15)
[2025-08-28T13:09:13.197+0000][1087812][info ][gc,phases   ] GC(333)   Pre Evacuate Collection Set: 0.2ms
[2025-08-28T13:09:13.197+0000][1087812][info ][gc,phases   ] GC(333)   Merge Heap Roots: 0.1ms
[2025-08-28T13:09:13.197+0000][1087812][info ][gc,phases   ] GC(333)   Evacuate Collection Set: 1.2ms
[2025-08-28T13:09:13.197+0000][1087812][info ][gc,phases   ] GC(333)   Post Evacuate Collection Set: 0.7ms
[2025-08-28T13:09:13.197+0000][1087812][info ][gc,phases   ] GC(333)   Other: 0.1ms
[2025-08-28T13:09:13.197+0000][1087812][trace][gc,age      ] GC(333) Age table with threshold 15 (max threshold 15)
[2025-08-28T13:09:13.197+0000][1087812][trace][gc,age      ] GC(333) - age   1:      24160 bytes,      24160 total
[2025-08-28T13:09:13.197+0000][1087812][trace][gc,age      ] GC(333) - age   2:        912 bytes,      25072 total
[2025-08-28T13:09:13.197+0000][1087812][trace][gc,age      ] GC(333) - age   3:        224 bytes,      25296 total
[2025-08-28T13:09:13.197+0000][1087812][trace][gc,age      ] GC(333) - age   6:        400 bytes,      25696 total
[2025-08-28T13:09:13.197+0000][1087812][trace][gc,age      ] GC(333) - age   9:         32 bytes,      25728 total
[2025-08-28T13:09:13.197+0000][1087812][trace][gc,age      ] GC(333) - age  11:       2416 bytes,      28144 total
[2025-08-28T13:09:13.197+0000][1087812][info ][gc,heap     ] GC(333) Eden regions: 75->0(75)
[2025-08-28T13:09:13.197+0000][1087812][info ][gc,heap     ] GC(333) Survivor regions: 1->1(10)
[2025-08-28T13:09:13.197+0000][1087812][info ][gc,heap     ] GC(333) Old regions: 26->26
[2025-08-28T13:09:13.197+0000][1087812][info ][gc,heap     ] GC(333) Humongous regions: 0->0
[2025-08-28T13:09:13.197+0000][1087812][info ][gc,metaspace] GC(333) Metaspace: 144386K(148416K)->144386K(148416K) NonClass: 124872K(126976K)->124872K(126976K) Class: 19514K(21440K)->19514K(21440K)
[2025-08-28T13:09:13.197+0000][1087812][info ][gc          ] GC(333) Pause Young (Normal) (G1 Evacuation Pause) 401M->100M(512M) 2.492ms
[2025-08-28T13:09:13.197+0000][1087812][info ][gc,cpu      ] GC(333) User=0.01s Sys=0.00s Real=0.00s
[2025-08-28T13:09:13.197+0000][1087812][info ][safepoint   ] Safepoint "G1CollectForAllocation", Time since last: 2009458732 ns, Reaching safepoint: 31908 ns, Cleanup: 6249 ns, At safepoint: 2727589 ns, Total: 2765746 ns
[2025-08-28T13:09:15.169+0000][1087812][info ][gc,start    ] GC(334) Pause Young (Normal) (G1 Evacuation Pause)
[2025-08-28T13:09:15.169+0000][1087812][info ][gc,task     ] GC(334) Using 12 workers of 33 for evacuation
[2025-08-28T13:09:15.169+0000][1087812][debug][gc,age      ] GC(334) Desired survivor size 20971520 bytes, new threshold 15 (max threshold 15)
[2025-08-28T13:09:15.172+0000][1087812][info ][gc,phases   ] GC(334)   Pre Evacuate Collection Set: 0.2ms
[2025-08-28T13:09:15.172+0000][1087812][info ][gc,phases   ] GC(334)   Merge Heap Roots: 0.1ms
[2025-08-28T13:09:15.172+0000][1087812][info ][gc,phases   ] GC(334)   Evacuate Collection Set: 2.0ms
[2025-08-28T13:09:15.172+0000][1087812][info ][gc,phases   ] GC(334)   Post Evacuate Collection Set: 0.7ms
[2025-08-28T13:09:15.172+0000][1087812][info ][gc,phases   ] GC(334)   Other: 0.1ms
[2025-08-28T13:09:15.172+0000][1087812][trace][gc,age      ] GC(334) Age table with threshold 15 (max threshold 15)
[2025-08-28T13:09:15.172+0000][1087812][trace][gc,age      ] GC(334) - age   1:    1195424 bytes,    1195424 total
[2025-08-28T13:09:15.172+0000][1087812][trace][gc,age      ] GC(334) - age   2:        240 bytes,    1195664 total
[2025-08-28T13:09:15.172+0000][1087812][trace][gc,age      ] GC(334) - age   3:        200 bytes,    1195864 total
[2025-08-28T13:09:15.172+0000][1087812][trace][gc,age      ] GC(334) - age   4:        224 bytes,    1196088 total
[2025-08-28T13:09:15.172+0000][1087812][trace][gc,age      ] GC(334) - age   7:        400 bytes,    1196488 total
[2025-08-28T13:09:15.172+0000][1087812][trace][gc,age      ] GC(334) - age  10:         32 bytes,    1196520 total
[2025-08-28T13:09:15.172+0000][1087812][trace][gc,age      ] GC(334) - age  12:       2416 bytes,    1198936 total
[2025-08-28T13:09:15.172+0000][1087812][info ][gc,heap     ] GC(334) Eden regions: 75->0(75)
[2025-08-28T13:09:15.172+0000][1087812][info ][gc,heap     ] GC(334) Survivor regions: 1->1(10)
[2025-08-28T13:09:15.172+0000][1087812][info ][gc,heap     ] GC(334) Old regions: 26->26
[2025-08-28T13:09:15.172+0000][1087812][info ][gc,heap     ] GC(334) Humongous regions: 0->0
[2025-08-28T13:09:15.172+0000][1087812][info ][gc,metaspace] GC(334) Metaspace: 144386K(148416K)->144386K(148416K) NonClass: 124872K(126976K)->124872K(126976K) Class: 19514K(21440K)->19514K(21440K)
[2025-08-28T13:09:15.172+0000][1087812][info ][gc          ] GC(334) Pause Young (Normal) (G1 Evacuation Pause) 400M->101M(512M) 3.241ms
[2025-08-28T13:09:15.172+0000][1087812][info ][gc,cpu      ] GC(334) User=0.01s Sys=0.00s Real=0.01s
[2025-08-28T13:09:15.172+0000][1087812][info ][safepoint   ] Safepoint "G1CollectForAllocation", Time since last: 1971379560 ns, Reaching safepoint: 26369 ns, Cleanup: 4647 ns, At safepoint: 3474021 ns, Total: 3505037 ns
[2025-08-28T13:09:17.169+0000][1087812][info ][gc,start    ] GC(335) Pause Young (Normal) (G1 Evacuation Pause)
[2025-08-28T13:09:17.169+0000][1087812][info ][gc,task     ] GC(335) Using 12 workers of 33 for evacuation
[2025-08-28T13:09:17.169+0000][1087812][debug][gc,age      ] GC(335) Desired survivor size 20971520 bytes, new threshold 15 (max threshold 15)
[2025-08-28T13:09:17.172+0000][1087812][info ][gc,phases   ] GC(335)   Pre Evacuate Collection Set: 0.2ms
[2025-08-28T13:09:17.172+0000][1087812][info ][gc,phases   ] GC(335)   Merge Heap Roots: 0.1ms
[2025-08-28T13:09:17.172+0000][1087812][info ][gc,phases   ] GC(335)   Evacuate Collection Set: 1.4ms
[2025-08-28T13:09:17.172+0000][1087812][info ][gc,phases   ] GC(335)   Post Evacuate Collection Set: 1.6ms
[2025-08-28T13:09:17.172+0000][1087812][info ][gc,phases   ] GC(335)   Other: 0.1ms
[2025-08-28T13:09:17.172+0000][1087812][trace][gc,age      ] GC(335) Age table with threshold 15 (max threshold 15)
[2025-08-28T13:09:17.172+0000][1087812][trace][gc,age      ] GC(335) - age   1:    1075720 bytes,    1075720 total
[2025-08-28T13:09:17.172+0000][1087812][trace][gc,age      ] GC(335) - age   2:       2960 bytes,    1078680 total
[2025-08-28T13:09:17.172+0000][1087812][trace][gc,age      ] GC(335) - age   3:        240 bytes,    1078920 total
[2025-08-28T13:09:17.172+0000][1087812][trace][gc,age      ] GC(335) - age   4:        200 bytes,    1079120 total
[2025-08-28T13:09:17.172+0000][1087812][trace][gc,age      ] GC(335) - age   5:        224 bytes,    1079344 total
[2025-08-28T13:09:17.172+0000][1087812][trace][gc,age      ] GC(335) - age   8:        400 bytes,    1079744 total
[2025-08-28T13:09:17.172+0000][1087812][trace][gc,age      ] GC(335) - age  11:         32 bytes,    1079776 total
[2025-08-28T13:09:17.172+0000][1087812][trace][gc,age      ] GC(335) - age  13:       2416 bytes,    1082192 total
[2025-08-28T13:09:17.172+0000][1087812][info ][gc,heap     ] GC(335) Eden regions: 75->0(75)
[2025-08-28T13:09:17.172+0000][1087812][info ][gc,heap     ] GC(335) Survivor regions: 1->1(10)
[2025-08-28T13:09:17.172+0000][1087812][info ][gc,heap     ] GC(335) Old regions: 26->26
[2025-08-28T13:09:17.172+0000][1087812][info ][gc,heap     ] GC(335) Humongous regions: 0->0
[2025-08-28T13:09:17.172+0000][1087812][info ][gc,metaspace] GC(335) Metaspace: 144386K(148416K)->144386K(148416K) NonClass: 124872K(126976K)->124872K(126976K) Class: 19514K(21440K)->19514K(21440K)
[2025-08-28T13:09:17.173+0000][1087812][info ][gc          ] GC(335) Pause Young (Normal) (G1 Evacuation Pause) 401M->101M(512M) 3.601ms
[2025-08-28T13:09:17.173+0000][1087812][info ][gc,cpu      ] GC(335) User=0.00s Sys=0.00s Real=0.01s
[2025-08-28T13:09:17.173+0000][1087812][info ][safepoint   ] Safepoint "G1CollectForAllocation", Time since last: 1996471796 ns, Reaching safepoint: 30225 ns, Cleanup: 6370 ns, At safepoint: 3788052 ns, Total: 3824647 ns
[2025-08-28T13:09:19.158+0000][1087812][info ][gc,start    ] GC(336) Pause Young (Normal) (G1 Evacuation Pause)
[2025-08-28T13:09:19.158+0000][1087812][info ][gc,task     ] GC(336) Using 12 workers of 33 for evacuation
[2025-08-28T13:09:19.158+0000][1087812][debug][gc,age      ] GC(336) Desired survivor size 20971520 bytes, new threshold 15 (max threshold 15)
[2025-08-28T13:09:19.161+0000][1087812][info ][gc,phases   ] GC(336)   Pre Evacuate Collection Set: 0.2ms
[2025-08-28T13:09:19.161+0000][1087812][info ][gc,phases   ] GC(336)   Merge Heap Roots: 0.1ms
[2025-08-28T13:09:19.161+0000][1087812][info ][gc,phases   ] GC(336)   Evacuate Collection Set: 1.7ms
[2025-08-28T13:09:19.161+0000][1087812][info ][gc,phases   ] GC(336)   Post Evacuate Collection Set: 1.1ms
[2025-08-28T13:09:19.161+0000][1087812][info ][gc,phases   ] GC(336)   Other: 0.1ms
[2025-08-28T13:09:19.161+0000][1087812][trace][gc,age      ] GC(336) Age table with threshold 15 (max threshold 15)
[2025-08-28T13:09:19.161+0000][1087812][trace][gc,age      ] GC(336) - age   1:    1103120 bytes,    1103120 total
[2025-08-28T13:09:19.161+0000][1087812][trace][gc,age      ] GC(336) - age   3:       2960 bytes,    1106080 total
[2025-08-28T13:09:19.161+0000][1087812][trace][gc,age      ] GC(336) - age   4:        240 bytes,    1106320 total
[2025-08-28T13:09:19.161+0000][1087812][trace][gc,age      ] GC(336) - age   5:        200 bytes,    1106520 total
[2025-08-28T13:09:19.161+0000][1087812][trace][gc,age      ] GC(336) - age   6:        224 bytes,    1106744 total
[2025-08-28T13:09:19.161+0000][1087812][trace][gc,age      ] GC(336) - age   9:        400 bytes,    1107144 total
[2025-08-28T13:09:19.161+0000][1087812][trace][gc,age      ] GC(336) - age  12:         32 bytes,    1107176 total
[2025-08-28T13:09:19.161+0000][1087812][trace][gc,age      ] GC(336) - age  14:       2416 bytes,    1109592 total
[2025-08-28T13:09:19.161+0000][1087812][info ][gc,heap     ] GC(336) Eden regions: 75->0(75)
[2025-08-28T13:09:19.161+0000][1087812][info ][gc,heap     ] GC(336) Survivor regions: 1->1(10)
[2025-08-28T13:09:19.161+0000][1087812][info ][gc,heap     ] GC(336) Old regions: 26->26
[2025-08-28T13:09:19.161+0000][1087812][info ][gc,heap     ] GC(336) Humongous regions: 0->0
[2025-08-28T13:09:19.161+0000][1087812][info ][gc,metaspace] GC(336) Metaspace: 144386K(148416K)->144386K(148416K) NonClass: 124872K(126976K)->124872K(126976K) Class: 19514K(21440K)->19514K(21440K)
[2025-08-28T13:09:19.161+0000][1087812][info ][gc          ] GC(336) Pause Young (Normal) (G1 Evacuation Pause) 401M->101M(512M) 3.434ms
[2025-08-28T13:09:19.161+0000][1087812][info ][gc,cpu      ] GC(336) User=0.01s Sys=0.00s Real=0.01s
[2025-08-28T13:09:19.161+0000][1087812][info ][safepoint   ] Safepoint "G1CollectForAllocation", Time since last: 1985127629 ns, Reaching safepoint: 34362 ns, Cleanup: 8042 ns, At safepoint: 3657085 ns, Total: 3699489 ns
[2025-08-28T13:09:21.156+0000][1087812][info ][gc,start    ] GC(337) Pause Young (Normal) (G1 Evacuation Pause)
[2025-08-28T13:09:21.157+0000][1087812][info ][gc,task     ] GC(337) Using 12 workers of 33 for evacuation
[2025-08-28T13:09:21.157+0000][1087812][debug][gc,age      ] GC(337) Desired survivor size 20971520 bytes, new threshold 15 (max threshold 15)
[2025-08-28T13:09:21.160+0000][1087812][info ][gc,phases   ] GC(337)   Pre Evacuate Collection Set: 0.2ms
[2025-08-28T13:09:21.160+0000][1087812][info ][gc,phases   ] GC(337)   Merge Heap Roots: 0.1ms
[2025-08-28T13:09:21.160+0000][1087812][info ][gc,phases   ] GC(337)   Evacuate Collection Set: 2.0ms
[2025-08-28T13:09:21.160+0000][1087812][info ][gc,phases   ] GC(337)   Post Evacuate Collection Set: 1.2ms
[2025-08-28T13:09:21.160+0000][1087812][info ][gc,phases   ] GC(337)   Other: 0.1ms
[2025-08-28T13:09:21.160+0000][1087812][trace][gc,age      ] GC(337) Age table with threshold 15 (max threshold 15)
[2025-08-28T13:09:21.160+0000][1087812][trace][gc,age      ] GC(337) - age   1:    1143688 bytes,    1143688 total
[2025-08-28T13:09:21.160+0000][1087812][trace][gc,age      ] GC(337) - age   4:       2248 bytes,    1145936 total
[2025-08-28T13:09:21.160+0000][1087812][trace][gc,age      ] GC(337) - age   5:        240 bytes,    1146176 total
[2025-08-28T13:09:21.160+0000][1087812][trace][gc,age      ] GC(337) - age   6:        200 bytes,    1146376 total
[2025-08-28T13:09:21.160+0000][1087812][trace][gc,age      ] GC(337) - age   7:        224 bytes,    1146600 total
[2025-08-28T13:09:21.160+0000][1087812][trace][gc,age      ] GC(337) - age  10:        400 bytes,    1147000 total
[2025-08-28T13:09:21.160+0000][1087812][trace][gc,age      ] GC(337) - age  13:         32 bytes,    1147032 total
[2025-08-28T13:09:21.160+0000][1087812][trace][gc,age      ] GC(337) - age  15:       2416 bytes,    1149448 total
[2025-08-28T13:09:21.160+0000][1087812][info ][gc,heap     ] GC(337) Eden regions: 75->0(75)
[2025-08-28T13:09:21.160+0000][1087812][info ][gc,heap     ] GC(337) Survivor regions: 1->1(10)
[2025-08-28T13:09:21.160+0000][1087812][info ][gc,heap     ] GC(337) Old regions: 26->26
[2025-08-28T13:09:21.160+0000][1087812][info ][gc,heap     ] GC(337) Humongous regions: 0->0
[2025-08-28T13:09:21.160+0000][1087812][info ][gc,metaspace] GC(337) Metaspace: 144386K(148416K)->144386K(148416K) NonClass: 124872K(126976K)->124872K(126976K) Class: 19514K(21440K)->19514K(21440K)
[2025-08-28T13:09:21.160+0000][1087812][info ][gc          ] GC(337) Pause Young (Normal) (G1 Evacuation Pause) 401M->101M(512M) 3.694ms
[2025-08-28T13:09:21.160+0000][1087812][info ][gc,cpu      ] GC(337) User=0.01s Sys=0.00s Real=0.00s
[2025-08-28T13:09:21.160+0000][1087812][info ][safepoint   ] Safepoint "G1CollectForAllocation", Time since last: 1994900735 ns, Reaching safepoint: 32439 ns, Cleanup: 8052 ns, At safepoint: 3890587 ns, Total: 3931078 ns
[2025-08-28T13:09:23.133+0000][1087812][info ][gc,start    ] GC(338) Pause Young (Normal) (G1 Evacuation Pause)
[2025-08-28T13:09:23.133+0000][1087812][info ][gc,task     ] GC(338) Using 12 workers of 33 for evacuation
[2025-08-28T13:09:23.133+0000][1087812][debug][gc,age      ] GC(338) Desired survivor size 20971520 bytes, new threshold 15 (max threshold 15)
[2025-08-28T13:09:23.136+0000][1087812][info ][gc,phases   ] GC(338)   Pre Evacuate Collection Set: 0.3ms
[2025-08-28T13:09:23.136+0000][1087812][info ][gc,phases   ] GC(338)   Merge Heap Roots: 0.1ms
[2025-08-28T13:09:23.136+0000][1087812][info ][gc,phases   ] GC(338)   Evacuate Collection Set: 1.9ms
[2025-08-28T13:09:23.136+0000][1087812][info ][gc,phases   ] GC(338)   Post Evacuate Collection Set: 1.0ms
[2025-08-28T13:09:23.136+0000][1087812][info ][gc,phases   ] GC(338)   Other: 0.1ms
[2025-08-28T13:09:23.136+0000][1087812][trace][gc,age      ] GC(338) Age table with threshold 15 (max threshold 15)
[2025-08-28T13:09:23.136+0000][1087812][trace][gc,age      ] GC(338) - age   1:    1094816 bytes,    1094816 total
[2025-08-28T13:09:23.136+0000][1087812][trace][gc,age      ] GC(338) - age   2:        712 bytes,    1095528 total
[2025-08-28T13:09:23.136+0000][1087812][trace][gc,age      ] GC(338) - age   5:       2248 bytes,    1097776 total
[2025-08-28T13:09:23.136+0000][1087812][trace][gc,age      ] GC(338) - age   7:        200 bytes,    1097976 total
[2025-08-28T13:09:23.136+0000][1087812][trace][gc,age      ] GC(338) - age   8:        224 bytes,    1098200 total
[2025-08-28T13:09:23.136+0000][1087812][trace][gc,age      ] GC(338) - age  11:        368 bytes,    1098568 total
[2025-08-28T13:09:23.136+0000][1087812][trace][gc,age      ] GC(338) - age  14:         32 bytes,    1098600 total
[2025-08-28T13:09:23.136+0000][1087812][info ][gc,heap     ] GC(338) Eden regions: 75->0(75)
[2025-08-28T13:09:23.136+0000][1087812][info ][gc,heap     ] GC(338) Survivor regions: 1->1(10)
[2025-08-28T13:09:23.136+0000][1087812][info ][gc,heap     ] GC(338) Old regions: 26->26
[2025-08-28T13:09:23.136+0000][1087812][info ][gc,heap     ] GC(338) Humongous regions: 0->0
[2025-08-28T13:09:23.136+0000][1087812][info ][gc,metaspace] GC(338) Metaspace: 144386K(148416K)->144386K(148416K) NonClass: 124872K(126976K)->124872K(126976K) Class: 19514K(21440K)->19514K(21440K)
[2025-08-28T13:09:23.136+0000][1087812][info ][gc          ] GC(338) Pause Young (Normal) (G1 Evacuation Pause) 401M->101M(512M) 3.548ms
[2025-08-28T13:09:23.137+0000][1087812][info ][gc,cpu      ] GC(338) User=0.00s Sys=0.00s Real=0.00s
[2025-08-28T13:09:23.137+0000][1087812][info ][safepoint   ] Safepoint "G1CollectForAllocation", Time since last: 1972448226 ns, Reaching safepoint: 35142 ns, Cleanup: 7882 ns, At safepoint: 3814152 ns, Total: 3857176 ns
[2025-08-28T13:09:25.131+0000][1087812][info ][gc,start    ] GC(339) Pause Young (Normal) (G1 Evacuation Pause)
[2025-08-28T13:09:25.131+0000][1087812][info ][gc,task     ] GC(339) Using 12 workers of 33 for evacuation
[2025-08-28T13:09:25.131+0000][1087812][debug][gc,age      ] GC(339) Desired survivor size 20971520 bytes, new threshold 15 (max threshold 15)
[2025-08-28T13:09:25.134+0000][1087812][info ][gc,phases   ] GC(339)   Pre Evacuate Collection Set: 0.3ms
[2025-08-28T13:09:25.134+0000][1087812][info ][gc,phases   ] GC(339)   Merge Heap Roots: 0.1ms
[2025-08-28T13:09:25.134+0000][1087812][info ][gc,phases   ] GC(339)   Evacuate Collection Set: 1.7ms
[2025-08-28T13:09:25.134+0000][1087812][info ][gc,phases   ] GC(339)   Post Evacuate Collection Set: 0.7ms
[2025-08-28T13:09:25.134+0000][1087812][info ][gc,phases   ] GC(339)   Other: 0.1ms
[2025-08-28T13:09:25.134+0000][1087812][trace][gc,age      ] GC(339) Age table with threshold 15 (max threshold 15)
[2025-08-28T13:09:25.134+0000][1087812][trace][gc,age      ] GC(339) - age   1:    1093960 bytes,    1093960 total
[2025-08-28T13:09:25.134+0000][1087812][trace][gc,age      ] GC(339) - age   2:       3168 bytes,    1097128 total
[2025-08-28T13:09:25.134+0000][1087812][trace][gc,age      ] GC(339) - age   6:       2248 bytes,    1099376 total
[2025-08-28T13:09:25.134+0000][1087812][trace][gc,age      ] GC(339) - age   8:        200 bytes,    1099576 total
[2025-08-28T13:09:25.134+0000][1087812][trace][gc,age      ] GC(339) - age   9:        224 bytes,    1099800 total
[2025-08-28T13:09:25.134+0000][1087812][trace][gc,age      ] GC(339) - age  12:        368 bytes,    1100168 total
[2025-08-28T13:09:25.134+0000][1087812][trace][gc,age      ] GC(339) - age  15:         32 bytes,    1100200 total
[2025-08-28T13:09:25.134+0000][1087812][info ][gc,heap     ] GC(339) Eden regions: 75->0(75)
[2025-08-28T13:09:25.134+0000][1087812][info ][gc,heap     ] GC(339) Survivor regions: 1->1(10)
[2025-08-28T13:09:25.134+0000][1087812][info ][gc,heap     ] GC(339) Old regions: 26->26
[2025-08-28T13:09:25.134+0000][1087812][info ][gc,heap     ] GC(339) Humongous regions: 0->0
[2025-08-28T13:09:25.134+0000][1087812][info ][gc,metaspace] GC(339) Metaspace: 144386K(148416K)->144386K(148416K) NonClass: 124872K(126976K)->124872K(126976K) Class: 19514K(21440K)->19514K(21440K)
[2025-08-28T13:09:25.134+0000][1087812][info ][gc          ] GC(339) Pause Young (Normal) (G1 Evacuation Pause) 401M->101M(512M) 2.916ms
[2025-08-28T13:09:25.134+0000][1087812][info ][gc,cpu      ] GC(339) User=0.01s Sys=0.01s Real=0.00s
[2025-08-28T13:09:25.134+0000][1087812][info ][safepoint   ] Safepoint "G1CollectForAllocation", Time since last: 1994685632 ns, Reaching safepoint: 27100 ns, Cleanup: 5168 ns, At safepoint: 3064054 ns, Total: 3096322 ns
[2025-08-28T13:09:27.117+0000][1087812][info ][gc,start    ] GC(340) Pause Young (Normal) (G1 Evacuation Pause)
[2025-08-28T13:09:27.117+0000][1087812][info ][gc,task     ] GC(340) Using 12 workers of 33 for evacuation
[2025-08-28T13:09:27.117+0000][1087812][debug][gc,age      ] GC(340) Desired survivor size 20971520 bytes, new threshold 15 (max threshold 15)
[2025-08-28T13:09:27.121+0000][1087812][info ][gc,phases   ] GC(340)   Pre Evacuate Collection Set: 0.3ms
[2025-08-28T13:09:27.121+0000][1087812][info ][gc,phases   ] GC(340)   Merge Heap Roots: 0.1ms
[2025-08-28T13:09:27.121+0000][1087812][info ][gc,phases   ] GC(340)   Evacuate Collection Set: 1.9ms
[2025-08-28T13:09:27.121+0000][1087812][info ][gc,phases   ] GC(340)   Post Evacuate Collection Set: 0.9ms
[2025-08-28T13:09:27.121+0000][1087812][info ][gc,phases   ] GC(340)   Other: 0.1ms
[2025-08-28T13:09:27.121+0000][1087812][trace][gc,age      ] GC(340) Age table with threshold 15 (max threshold 15)
[2025-08-28T13:09:27.121+0000][1087812][trace][gc,age      ] GC(340) - age   1:    1092328 bytes,    1092328 total
[2025-08-28T13:09:27.121+0000][1087812][trace][gc,age      ] GC(340) - age   2:        712 bytes,    1093040 total
[2025-08-28T13:09:27.121+0000][1087812][trace][gc,age      ] GC(340) - age   3:       3168 bytes,    1096208 total
[2025-08-28T13:09:27.121+0000][1087812][trace][gc,age      ] GC(340) - age   7:       2248 bytes,    1098456 total
[2025-08-28T13:09:27.121+0000][1087812][trace][gc,age      ] GC(340) - age   9:        200 bytes,    1098656 total
[2025-08-28T13:09:27.121+0000][1087812][trace][gc,age      ] GC(340) - age  10:        224 bytes,    1098880 total
[2025-08-28T13:09:27.121+0000][1087812][trace][gc,age      ] GC(340) - age  13:        368 bytes,    1099248 total
[2025-08-28T13:09:27.121+0000][1087812][info ][gc,heap     ] GC(340) Eden regions: 75->0(75)
[2025-08-28T13:09:27.121+0000][1087812][info ][gc,heap     ] GC(340) Survivor regions: 1->1(10)
[2025-08-28T13:09:27.121+0000][1087812][info ][gc,heap     ] GC(340) Old regions: 26->26
[2025-08-28T13:09:27.121+0000][1087812][info ][gc,heap     ] GC(340) Humongous regions: 0->0
[2025-08-28T13:09:27.121+0000][1087812][info ][gc,metaspace] GC(340) Metaspace: 144386K(148416K)->144386K(148416K) NonClass: 124872K(126976K)->124872K(126976K) Class: 19514K(21440K)->19514K(21440K)
[2025-08-28T13:09:27.121+0000][1087812][info ][gc          ] GC(340) Pause Young (Normal) (G1 Evacuation Pause) 401M->101M(512M) 3.370ms
[2025-08-28T13:09:27.121+0000][1087812][info ][gc,cpu      ] GC(340) User=0.00s Sys=0.00s Real=0.01s
[2025-08-28T13:09:27.121+0000][1087812][info ][safepoint   ] Safepoint "G1CollectForAllocation", Time since last: 1982851349 ns, Reaching safepoint: 48653 ns, Cleanup: 4467 ns, At safepoint: 3533790 ns, Total: 3586910 ns
[2025-08-28T13:09:29.094+0000][1087812][info ][gc,start    ] GC(341) Pause Young (Normal) (G1 Evacuation Pause)
[2025-08-28T13:09:29.094+0000][1087812][info ][gc,task     ] GC(341) Using 12 workers of 33 for evacuation
[2025-08-28T13:09:29.094+0000][1087812][debug][gc,age      ] GC(341) Desired survivor size 20971520 bytes, new threshold 15 (max threshold 15)
[2025-08-28T13:09:29.096+0000][1087812][info ][gc,phases   ] GC(341)   Pre Evacuate Collection Set: 0.2ms
[2025-08-28T13:09:29.096+0000][1087812][info ][gc,phases   ] GC(341)   Merge Heap Roots: 0.1ms
[2025-08-28T13:09:29.096+0000][1087812][info ][gc,phases   ] GC(341)   Evacuate Collection Set: 1.2ms
[2025-08-28T13:09:29.096+0000][1087812][info ][gc,phases   ] GC(341)   Post Evacuate Collection Set: 0.5ms
[2025-08-28T13:09:29.096+0000][1087812][info ][gc,phases   ] GC(341)   Other: 0.1ms
[2025-08-28T13:09:29.096+0000][1087812][trace][gc,age      ] GC(341) Age table with threshold 15 (max threshold 15)
[2025-08-28T13:09:29.096+0000][1087812][trace][gc,age      ] GC(341) - age   1:    1093616 bytes,    1093616 total
[2025-08-28T13:09:29.096+0000][1087812][trace][gc,age      ] GC(341) - age   3:        712 bytes,    1094328 total
[2025-08-28T13:09:29.096+0000][1087812][trace][gc,age      ] GC(341) - age   4:       3168 bytes,    1097496 total
[2025-08-28T13:09:29.096+0000][1087812][trace][gc,age      ] GC(341) - age   8:       2248 bytes,    1099744 total
[2025-08-28T13:09:29.096+0000][1087812][trace][gc,age      ] GC(341) - age  10:        200 bytes,    1099944 total
[2025-08-28T13:09:29.096+0000][1087812][trace][gc,age      ] GC(341) - age  14:        368 bytes,    1100312 total
[2025-08-28T13:09:29.096+0000][1087812][info ][gc,heap     ] GC(341) Eden regions: 75->0(75)
[2025-08-28T13:09:29.096+0000][1087812][info ][gc,heap     ] GC(341) Survivor regions: 1->1(10)
[2025-08-28T13:09:29.096+0000][1087812][info ][gc,heap     ] GC(341) Old regions: 26->26
[2025-08-28T13:09:29.096+0000][1087812][info ][gc,heap     ] GC(341) Humongous regions: 0->0
[2025-08-28T13:09:29.096+0000][1087812][info ][gc,metaspace] GC(341) Metaspace: 144386K(148416K)->144386K(148416K) NonClass: 124872K(126976K)->124872K(126976K) Class: 19514K(21440K)->19514K(21440K)
[2025-08-28T13:09:29.096+0000][1087812][info ][gc          ] GC(341) Pause Young (Normal) (G1 Evacuation Pause) 401M->101M(512M) 2.113ms
[2025-08-28T13:09:29.096+0000][1087812][info ][gc,cpu      ] GC(341) User=0.00s Sys=0.00s Real=0.00s
[2025-08-28T13:09:29.096+0000][1087812][info ][safepoint   ] Safepoint "G1CollectForAllocation", Time since last: 1972962599 ns, Reaching safepoint: 25208 ns, Cleanup: 4226 ns, At safepoint: 2261699 ns, Total: 2291133 ns
[2025-08-28T13:09:30.650+0000][1087812][info ][safepoint   ] Safepoint "Cleanup", Time since last: 1554138534 ns, Reaching safepoint: 25869 ns, Cleanup: 12389 ns, At safepoint: 8783 ns, Total: 47041 ns
[2025-08-28T13:09:31.077+0000][1087812][info ][gc,start    ] GC(342) Pause Young (Normal) (G1 Evacuation Pause)
[2025-08-28T13:09:31.077+0000][1087812][info ][gc,task     ] GC(342) Using 12 workers of 33 for evacuation
[2025-08-28T13:09:31.077+0000][1087812][debug][gc,age      ] GC(342) Desired survivor size 20971520 bytes, new threshold 15 (max threshold 15)
[2025-08-28T13:09:31.078+0000][1087812][info ][gc,phases   ] GC(342)   Pre Evacuate Collection Set: 0.1ms
[2025-08-28T13:09:31.078+0000][1087812][info ][gc,phases   ] GC(342)   Merge Heap Roots: 0.1ms
[2025-08-28T13:09:31.078+0000][1087812][info ][gc,phases   ] GC(342)   Evacuate Collection Set: 1.0ms
[2025-08-28T13:09:31.078+0000][1087812][info ][gc,phases   ] GC(342)   Post Evacuate Collection Set: 0.5ms
[2025-08-28T13:09:31.078+0000][1087812][info ][gc,phases   ] GC(342)   Other: 0.1ms
[2025-08-28T13:09:31.078+0000][1087812][trace][gc,age      ] GC(342) Age table with threshold 15 (max threshold 15)
[2025-08-28T13:09:31.078+0000][1087812][trace][gc,age      ] GC(342) - age   1:    1189424 bytes,    1189424 total
[2025-08-28T13:09:31.078+0000][1087812][trace][gc,age      ] GC(342) - age   2:        224 bytes,    1189648 total
[2025-08-28T13:09:31.078+0000][1087812][trace][gc,age      ] GC(342) - age   5:       3168 bytes,    1192816 total
[2025-08-28T13:09:31.078+0000][1087812][trace][gc,age      ] GC(342) - age   9:        224 bytes,    1193040 total
[2025-08-28T13:09:31.078+0000][1087812][trace][gc,age      ] GC(342) - age  11:        200 bytes,    1193240 total
[2025-08-28T13:09:31.078+0000][1087812][trace][gc,age      ] GC(342) - age  15:        368 bytes,    1193608 total
[2025-08-28T13:09:31.079+0000][1087812][info ][gc,heap     ] GC(342) Eden regions: 75->0(75)
[2025-08-28T13:09:31.079+0000][1087812][info ][gc,heap     ] GC(342) Survivor regions: 1->1(10)
[2025-08-28T13:09:31.079+0000][1087812][info ][gc,heap     ] GC(342) Old regions: 26->26
[2025-08-28T13:09:31.079+0000][1087812][info ][gc,heap     ] GC(342) Humongous regions: 0->0
[2025-08-28T13:09:31.079+0000][1087812][info ][gc,metaspace] GC(342) Metaspace: 144386K(148416K)->144386K(148416K) NonClass: 124872K(126976K)->124872K(126976K) Class: 19514K(21440K)->19514K(21440K)
[2025-08-28T13:09:31.079+0000][1087812][info ][gc          ] GC(342) Pause Young (Normal) (G1 Evacuation Pause) 401M->101M(512M) 1.946ms
[2025-08-28T13:09:31.079+0000][1087812][info ][gc,cpu      ] GC(342) User=0.00s Sys=0.00s Real=0.00s
[2025-08-28T13:09:31.079+0000][1087812][info ][safepoint   ] Safepoint "G1CollectForAllocation", Time since last: 426257925 ns, Reaching safepoint: 25899 ns, Cleanup: 4947 ns, At safepoint: 2095990 ns, Total: 2126836 ns
[2025-08-28T13:09:33.064+0000][1087812][info ][gc,start    ] GC(343) Pause Young (Normal) (G1 Evacuation Pause)
[2025-08-28T13:09:33.064+0000][1087812][info ][gc,task     ] GC(343) Using 12 workers of 33 for evacuation
[2025-08-28T13:09:33.064+0000][1087812][debug][gc,age      ] GC(343) Desired survivor size 20971520 bytes, new threshold 15 (max threshold 15)
[2025-08-28T13:09:33.066+0000][1087812][info ][gc,phases   ] GC(343)   Pre Evacuate Collection Set: 0.1ms
[2025-08-28T13:09:33.066+0000][1087812][info ][gc,phases   ] GC(343)   Merge Heap Roots: 0.1ms
[2025-08-28T13:09:33.066+0000][1087812][info ][gc,phases   ] GC(343)   Evacuate Collection Set: 1.2ms
[2025-08-28T13:09:33.066+0000][1087812][info ][gc,phases   ] GC(343)   Post Evacuate Collection Set: 0.5ms
[2025-08-28T13:09:33.066+0000][1087812][info ][gc,phases   ] GC(343)   Other: 0.1ms
[2025-08-28T13:09:33.066+0000][1087812][trace][gc,age      ] GC(343) Age table with threshold 15 (max threshold 15)
[2025-08-28T13:09:33.066+0000][1087812][trace][gc,age      ] GC(343) - age   1:    1203336 bytes,    1203336 total
[2025-08-28T13:09:33.066+0000][1087812][trace][gc,age      ] GC(343) - age   2:       3184 bytes,    1206520 total
[2025-08-28T13:09:33.066+0000][1087812][trace][gc,age      ] GC(343) - age   3:        224 bytes,    1206744 total
[2025-08-28T13:09:33.066+0000][1087812][trace][gc,age      ] GC(343) - age   6:       2896 bytes,    1209640 total
[2025-08-28T13:09:33.066+0000][1087812][trace][gc,age      ] GC(343) - age  10:        224 bytes,    1209864 total
[2025-08-28T13:09:33.066+0000][1087812][trace][gc,age      ] GC(343) - age  12:        200 bytes,    1210064 total
[2025-08-28T13:09:33.066+0000][1087812][info ][gc,heap     ] GC(343) Eden regions: 75->0(75)
[2025-08-28T13:09:33.066+0000][1087812][info ][gc,heap     ] GC(343) Survivor regions: 1->1(10)
[2025-08-28T13:09:33.066+0000][1087812][info ][gc,heap     ] GC(343) Old regions: 26->26
[2025-08-28T13:09:33.066+0000][1087812][info ][gc,heap     ] GC(343) Humongous regions: 0->0
[2025-08-28T13:09:33.066+0000][1087812][info ][gc,metaspace] GC(343) Metaspace: 144386K(148416K)->144386K(148416K) NonClass: 124872K(126976K)->124872K(126976K) Class: 19514K(21440K)->19514K(21440K)
[2025-08-28T13:09:33.066+0000][1087812][info ][gc          ] GC(343) Pause Young (Normal) (G1 Evacuation Pause) 401M->101M(512M) 2.150ms
[2025-08-28T13:09:33.066+0000][1087812][info ][gc,cpu      ] GC(343) User=0.00s Sys=0.00s Real=0.00s
[2025-08-28T13:09:33.066+0000][1087812][info ][safepoint   ] Safepoint "G1CollectForAllocation", Time since last: 1985034900 ns, Reaching safepoint: 44667 ns, Cleanup: 4527 ns, At safepoint: 2342189 ns, Total: 2391383 ns
[2025-08-28T13:09:35.064+0000][1087812][info ][gc,start    ] GC(344) Pause Young (Normal) (G1 Evacuation Pause)
[2025-08-28T13:09:35.064+0000][1087812][info ][gc,task     ] GC(344) Using 12 workers of 33 for evacuation
[2025-08-28T13:09:35.064+0000][1087812][debug][gc,age      ] GC(344) Desired survivor size 20971520 bytes, new threshold 15 (max threshold 15)
[2025-08-28T13:09:35.066+0000][1087812][info ][gc,phases   ] GC(344)   Pre Evacuate Collection Set: 0.2ms
[2025-08-28T13:09:35.066+0000][1087812][info ][gc,phases   ] GC(344)   Merge Heap Roots: 0.0ms
[2025-08-28T13:09:35.066+0000][1087812][info ][gc,phases   ] GC(344)   Evacuate Collection Set: 1.2ms
[2025-08-28T13:09:35.066+0000][1087812][info ][gc,phases   ] GC(344)   Post Evacuate Collection Set: 0.5ms
[2025-08-28T13:09:35.066+0000][1087812][info ][gc,phases   ] GC(344)   Other: 0.1ms
[2025-08-28T13:09:35.066+0000][1087812][trace][gc,age      ] GC(344) Age table with threshold 15 (max threshold 15)
[2025-08-28T13:09:35.066+0000][1087812][trace][gc,age      ] GC(344) - age   1:    1136568 bytes,    1136568 total
[2025-08-28T13:09:35.066+0000][1087812][trace][gc,age      ] GC(344) - age   2:        640 bytes,    1137208 total
[2025-08-28T13:09:35.066+0000][1087812][trace][gc,age      ] GC(344) - age   3:       3008 bytes,    1140216 total
[2025-08-28T13:09:35.066+0000][1087812][trace][gc,age      ] GC(344) - age   4:        224 bytes,    1140440 total
[2025-08-28T13:09:35.066+0000][1087812][trace][gc,age      ] GC(344) - age   7:       2896 bytes,    1143336 total
[2025-08-28T13:09:35.066+0000][1087812][trace][gc,age      ] GC(344) - age  11:        224 bytes,    1143560 total
[2025-08-28T13:09:35.066+0000][1087812][trace][gc,age      ] GC(344) - age  13:        200 bytes,    1143760 total
[2025-08-28T13:09:35.066+0000][1087812][info ][gc,heap     ] GC(344) Eden regions: 75->0(75)
[2025-08-28T13:09:35.066+0000][1087812][info ][gc,heap     ] GC(344) Survivor regions: 1->1(10)
[2025-08-28T13:09:35.066+0000][1087812][info ][gc,heap     ] GC(344) Old regions: 26->26
[2025-08-28T13:09:35.066+0000][1087812][info ][gc,heap     ] GC(344) Humongous regions: 0->0
[2025-08-28T13:09:35.066+0000][1087812][info ][gc,metaspace] GC(344) Metaspace: 144386K(148416K)->144386K(148416K) NonClass: 124872K(126976K)->124872K(126976K) Class: 19514K(21440K)->19514K(21440K)
[2025-08-28T13:09:35.066+0000][1087812][info ][gc          ] GC(344) Pause Young (Normal) (G1 Evacuation Pause) 401M->101M(512M) 2.191ms
[2025-08-28T13:09:35.066+0000][1087812][info ][gc,cpu      ] GC(344) User=0.01s Sys=0.00s Real=0.00s
[2025-08-28T13:09:35.066+0000][1087812][info ][safepoint   ] Safepoint "G1CollectForAllocation", Time since last: 1997619471 ns, Reaching safepoint: 25849 ns, Cleanup: 4567 ns, At safepoint: 2328038 ns, Total: 2358454 ns
[2025-08-28T13:09:37.062+0000][1087812][info ][gc,start    ] GC(345) Pause Young (Normal) (G1 Evacuation Pause)
[2025-08-28T13:09:37.062+0000][1087812][info ][gc,task     ] GC(345) Using 12 workers of 33 for evacuation
[2025-08-28T13:09:37.062+0000][1087812][debug][gc,age      ] GC(345) Desired survivor size 20971520 bytes, new threshold 15 (max threshold 15)
[2025-08-28T13:09:37.065+0000][1087812][info ][gc,phases   ] GC(345)   Pre Evacuate Collection Set: 0.1ms
[2025-08-28T13:09:37.065+0000][1087812][info ][gc,phases   ] GC(345)   Merge Heap Roots: 0.1ms
[2025-08-28T13:09:37.065+0000][1087812][info ][gc,phases   ] GC(345)   Evacuate Collection Set: 1.7ms
[2025-08-28T13:09:37.065+0000][1087812][info ][gc,phases   ] GC(345)   Post Evacuate Collection Set: 0.6ms
[2025-08-28T13:09:37.065+0000][1087812][info ][gc,phases   ] GC(345)   Other: 0.1ms
[2025-08-28T13:09:37.065+0000][1087812][trace][gc,age      ] GC(345) Age table with threshold 15 (max threshold 15)
[2025-08-28T13:09:37.065+0000][1087812][trace][gc,age      ] GC(345) - age   1:    1259016 bytes,    1259016 total
[2025-08-28T13:09:37.065+0000][1087812][trace][gc,age      ] GC(345) - age   2:        176 bytes,    1259192 total
[2025-08-28T13:09:37.065+0000][1087812][trace][gc,age      ] GC(345) - age   3:        640 bytes,    1259832 total
[2025-08-28T13:09:37.065+0000][1087812][trace][gc,age      ] GC(345) - age   4:       2472 bytes,    1262304 total
[2025-08-28T13:09:37.065+0000][1087812][trace][gc,age      ] GC(345) - age   5:        224 bytes,    1262528 total
[2025-08-28T13:09:37.065+0000][1087812][trace][gc,age      ] GC(345) - age   8:       2896 bytes,    1265424 total
[2025-08-28T13:09:37.065+0000][1087812][trace][gc,age      ] GC(345) - age  12:        224 bytes,    1265648 total
[2025-08-28T13:09:37.065+0000][1087812][trace][gc,age      ] GC(345) - age  14:        200 bytes,    1265848 total
[2025-08-28T13:09:37.065+0000][1087812][info ][gc,heap     ] GC(345) Eden regions: 75->0(75)
[2025-08-28T13:09:37.065+0000][1087812][info ][gc,heap     ] GC(345) Survivor regions: 1->1(10)
[2025-08-28T13:09:37.065+0000][1087812][info ][gc,heap     ] GC(345) Old regions: 26->26
[2025-08-28T13:09:37.065+0000][1087812][info ][gc,heap     ] GC(345) Humongous regions: 0->0
[2025-08-28T13:09:37.065+0000][1087812][info ][gc,metaspace] GC(345) Metaspace: 144386K(148416K)->144386K(148416K) NonClass: 124872K(126976K)->124872K(126976K) Class: 19514K(21440K)->19514K(21440K)
[2025-08-28T13:09:37.065+0000][1087812][info ][gc          ] GC(345) Pause Young (Normal) (G1 Evacuation Pause) 401M->101M(512M) 2.725ms
[2025-08-28T13:09:37.065+0000][1087812][info ][gc,cpu      ] GC(345) User=0.00s Sys=0.01s Real=0.00s
[2025-08-28T13:09:37.065+0000][1087812][info ][safepoint   ] Safepoint "G1CollectForAllocation", Time since last: 1996212557 ns, Reaching safepoint: 25528 ns, Cleanup: 5037 ns, At safepoint: 2932397 ns, Total: 2962962 ns
[2025-08-28T13:09:39.056+0000][1087812][info ][gc,start    ] GC(346) Pause Young (Normal) (G1 Evacuation Pause)
[2025-08-28T13:09:39.056+0000][1087812][info ][gc,task     ] GC(346) Using 12 workers of 33 for evacuation
[2025-08-28T13:09:39.056+0000][1087812][debug][gc,age      ] GC(346) Desired survivor size 20971520 bytes, new threshold 15 (max threshold 15)
[2025-08-28T13:09:39.058+0000][1087812][info ][gc,phases   ] GC(346)   Pre Evacuate Collection Set: 0.1ms
[2025-08-28T13:09:39.058+0000][1087812][info ][gc,phases   ] GC(346)   Merge Heap Roots: 0.1ms
[2025-08-28T13:09:39.058+0000][1087812][info ][gc,phases   ] GC(346)   Evacuate Collection Set: 1.3ms
[2025-08-28T13:09:39.058+0000][1087812][info ][gc,phases   ] GC(346)   Post Evacuate Collection Set: 0.6ms
[2025-08-28T13:09:39.058+0000][1087812][info ][gc,phases   ] GC(346)   Other: 0.1ms
[2025-08-28T13:09:39.058+0000][1087812][trace][gc,age      ] GC(346) Age table with threshold 15 (max threshold 15)
[2025-08-28T13:09:39.058+0000][1087812][trace][gc,age      ] GC(346) - age   1:    1093104 bytes,    1093104 total
[2025-08-28T13:09:39.058+0000][1087812][trace][gc,age      ] GC(346) - age   2:        568 bytes,    1093672 total
[2025-08-28T13:09:39.058+0000][1087812][trace][gc,age      ] GC(346) - age   3:        176 bytes,    1093848 total
[2025-08-28T13:09:39.058+0000][1087812][trace][gc,age      ] GC(346) - age   4:        640 bytes,    1094488 total
[2025-08-28T13:09:39.058+0000][1087812][trace][gc,age      ] GC(346) - age   5:       2472 bytes,    1096960 total
[2025-08-28T13:09:39.058+0000][1087812][trace][gc,age      ] GC(346) - age   6:        224 bytes,    1097184 total
[2025-08-28T13:09:39.058+0000][1087812][trace][gc,age      ] GC(346) - age   9:       2896 bytes,    1100080 total
[2025-08-28T13:09:39.058+0000][1087812][trace][gc,age      ] GC(346) - age  13:        224 bytes,    1100304 total
[2025-08-28T13:09:39.058+0000][1087812][trace][gc,age      ] GC(346) - age  15:        200 bytes,    1100504 total
[2025-08-28T13:09:39.058+0000][1087812][info ][gc,heap     ] GC(346) Eden regions: 75->0(75)
[2025-08-28T13:09:39.058+0000][1087812][info ][gc,heap     ] GC(346) Survivor regions: 1->1(10)
[2025-08-28T13:09:39.058+0000][1087812][info ][gc,heap     ] GC(346) Old regions: 26->26
[2025-08-28T13:09:39.058+0000][1087812][info ][gc,heap     ] GC(346) Humongous regions: 0->0
[2025-08-28T13:09:39.058+0000][1087812][info ][gc,metaspace] GC(346) Metaspace: 144386K(148416K)->144386K(148416K) NonClass: 124872K(126976K)->124872K(126976K) Class: 19514K(21440K)->19514K(21440K)
[2025-08-28T13:09:39.058+0000][1087812][info ][gc          ] GC(346) Pause Young (Normal) (G1 Evacuation Pause) 401M->101M(512M) 2.319ms
[2025-08-28T13:09:39.058+0000][1087812][info ][gc,cpu      ] GC(346) User=0.01s Sys=0.00s Real=0.00s
[2025-08-28T13:09:39.058+0000][1087812][info ][safepoint   ] Safepoint "G1CollectForAllocation", Time since last: 1990554290 ns, Reaching safepoint: 25599 ns, Cleanup: 4907 ns, At safepoint: 2545560 ns, Total: 2576066 ns
[2025-08-28T13:09:40.058+0000][1087812][info ][safepoint   ] Safepoint "Cleanup", Time since last: 1000104945 ns, Reaching safepoint: 33150 ns, Cleanup: 23716 ns, At safepoint: 4276 ns, Total: 61142 ns
[2025-08-28T13:09:41.051+0000][1087812][info ][gc,start    ] GC(347) Pause Young (Normal) (G1 Evacuation Pause)
[2025-08-28T13:09:41.051+0000][1087812][info ][gc,task     ] GC(347) Using 12 workers of 33 for evacuation
[2025-08-28T13:09:41.051+0000][1087812][debug][gc,age      ] GC(347) Desired survivor size 20971520 bytes, new threshold 15 (max threshold 15)
[2025-08-28T13:09:41.053+0000][1087812][info ][gc,phases   ] GC(347)   Pre Evacuate Collection Set: 0.2ms
[2025-08-28T13:09:41.053+0000][1087812][info ][gc,phases   ] GC(347)   Merge Heap Roots: 0.1ms
[2025-08-28T13:09:41.053+0000][1087812][info ][gc,phases   ] GC(347)   Evacuate Collection Set: 1.3ms
[2025-08-28T13:09:41.053+0000][1087812][info ][gc,phases   ] GC(347)   Post Evacuate Collection Set: 0.6ms
[2025-08-28T13:09:41.053+0000][1087812][info ][gc,phases   ] GC(347)   Other: 0.1ms
[2025-08-28T13:09:41.053+0000][1087812][trace][gc,age      ] GC(347) Age table with threshold 15 (max threshold 15)
[2025-08-28T13:09:41.053+0000][1087812][trace][gc,age      ] GC(347) - age   1:     989048 bytes,     989048 total
[2025-08-28T13:09:41.053+0000][1087812][trace][gc,age      ] GC(347) - age   3:         32 bytes,     989080 total
[2025-08-28T13:09:41.053+0000][1087812][trace][gc,age      ] GC(347) - age   5:        640 bytes,     989720 total
[2025-08-28T13:09:41.053+0000][1087812][trace][gc,age      ] GC(347) - age   6:       2472 bytes,     992192 total
[2025-08-28T13:09:41.053+0000][1087812][trace][gc,age      ] GC(347) - age   7:        224 bytes,     992416 total
[2025-08-28T13:09:41.053+0000][1087812][trace][gc,age      ] GC(347) - age  10:       2896 bytes,     995312 total
[2025-08-28T13:09:41.053+0000][1087812][trace][gc,age      ] GC(347) - age  14:        224 bytes,     995536 total
[2025-08-28T13:09:41.054+0000][1087812][info ][gc,heap     ] GC(347) Eden regions: 75->0(75)
[2025-08-28T13:09:41.054+0000][1087812][info ][gc,heap     ] GC(347) Survivor regions: 1->1(10)
[2025-08-28T13:09:41.054+0000][1087812][info ][gc,heap     ] GC(347) Old regions: 26->26
[2025-08-28T13:09:41.054+0000][1087812][info ][gc,heap     ] GC(347) Humongous regions: 0->0
[2025-08-28T13:09:41.054+0000][1087812][info ][gc,metaspace] GC(347) Metaspace: 144387K(148416K)->144387K(148416K) NonClass: 124873K(126976K)->124873K(126976K) Class: 19514K(21440K)->19514K(21440K)
[2025-08-28T13:09:41.054+0000][1087812][info ][gc          ] GC(347) Pause Young (Normal) (G1 Evacuation Pause) 401M->101M(512M) 2.439ms
[2025-08-28T13:09:41.054+0000][1087812][info ][gc,cpu      ] GC(347) User=0.01s Sys=0.00s Real=0.00s
[2025-08-28T13:09:41.054+0000][1087812][info ][safepoint   ] Safepoint "G1CollectForAllocation", Time since last: 992527185 ns, Reaching safepoint: 33300 ns, Cleanup: 7581 ns, At safepoint: 2729777 ns, Total: 2770658 ns
[2025-08-28T13:09:43.050+0000][1087812][info ][gc,start    ] GC(348) Pause Young (Normal) (G1 Evacuation Pause)
[2025-08-28T13:09:43.050+0000][1087812][info ][gc,task     ] GC(348) Using 12 workers of 33 for evacuation
[2025-08-28T13:09:43.050+0000][1087812][debug][gc,age      ] GC(348) Desired survivor size 20971520 bytes, new threshold 15 (max threshold 15)
[2025-08-28T13:09:43.052+0000][1087812][info ][gc,phases   ] GC(348)   Pre Evacuate Collection Set: 0.2ms
[2025-08-28T13:09:43.052+0000][1087812][info ][gc,phases   ] GC(348)   Merge Heap Roots: 0.1ms
[2025-08-28T13:09:43.052+0000][1087812][info ][gc,phases   ] GC(348)   Evacuate Collection Set: 1.3ms
[2025-08-28T13:09:43.052+0000][1087812][info ][gc,phases   ] GC(348)   Post Evacuate Collection Set: 0.5ms
[2025-08-28T13:09:43.052+0000][1087812][info ][gc,phases   ] GC(348)   Other: 0.1ms
[2025-08-28T13:09:43.052+0000][1087812][trace][gc,age      ] GC(348) Age table with threshold 15 (max threshold 15)
[2025-08-28T13:09:43.052+0000][1087812][trace][gc,age      ] GC(348) - age   1:    1076872 bytes,    1076872 total
[2025-08-28T13:09:43.052+0000][1087812][trace][gc,age      ] GC(348) - age   2:       2064 bytes,    1078936 total
[2025-08-28T13:09:43.052+0000][1087812][trace][gc,age      ] GC(348) - age   4:         32 bytes,    1078968 total
[2025-08-28T13:09:43.052+0000][1087812][trace][gc,age      ] GC(348) - age   6:        400 bytes,    1079368 total
[2025-08-28T13:09:43.052+0000][1087812][trace][gc,age      ] GC(348) - age   7:       2472 bytes,    1081840 total
[2025-08-28T13:09:43.052+0000][1087812][trace][gc,age      ] GC(348) - age   8:        224 bytes,    1082064 total
[2025-08-28T13:09:43.052+0000][1087812][trace][gc,age      ] GC(348) - age  11:       2896 bytes,    1084960 total
[2025-08-28T13:09:43.052+0000][1087812][trace][gc,age      ] GC(348) - age  15:        224 bytes,    1085184 total
[2025-08-28T13:09:43.052+0000][1087812][info ][gc,heap     ] GC(348) Eden regions: 75->0(75)
[2025-08-28T13:09:43.052+0000][1087812][info ][gc,heap     ] GC(348) Survivor regions: 1->1(10)
[2025-08-28T13:09:43.052+0000][1087812][info ][gc,heap     ] GC(348) Old regions: 26->26
[2025-08-28T13:09:43.052+0000][1087812][info ][gc,heap     ] GC(348) Humongous regions: 0->0
[2025-08-28T13:09:43.052+0000][1087812][info ][gc,metaspace] GC(348) Metaspace: 144387K(148416K)->144387K(148416K) NonClass: 124873K(126976K)->124873K(126976K) Class: 19514K(21440K)->19514K(21440K)
[2025-08-28T13:09:43.053+0000][1087812][info ][gc          ] GC(348) Pause Young (Normal) (G1 Evacuation Pause) 401M->101M(512M) 2.257ms
[2025-08-28T13:09:43.053+0000][1087812][info ][gc,cpu      ] GC(348) User=0.01s Sys=0.00s Real=0.01s
[2025-08-28T13:09:43.053+0000][1087812][info ][safepoint   ] Safepoint "G1CollectForAllocation", Time since last: 1996372928 ns, Reaching safepoint: 28522 ns, Cleanup: 5218 ns, At safepoint: 2396125 ns, Total: 2429865 ns
[2025-08-28T13:09:45.037+0000][1087812][info ][gc,start    ] GC(349) Pause Young (Normal) (G1 Evacuation Pause)
[2025-08-28T13:09:45.037+0000][1087812][info ][gc,task     ] GC(349) Using 12 workers of 33 for evacuation
[2025-08-28T13:09:45.037+0000][1087812][debug][gc,age      ] GC(349) Desired survivor size 20971520 bytes, new threshold 15 (max threshold 15)
[2025-08-28T13:09:45.040+0000][1087812][info ][gc,phases   ] GC(349)   Pre Evacuate Collection Set: 0.2ms
[2025-08-28T13:09:45.040+0000][1087812][info ][gc,phases   ] GC(349)   Merge Heap Roots: 0.0ms
[2025-08-28T13:09:45.040+0000][1087812][info ][gc,phases   ] GC(349)   Evacuate Collection Set: 1.4ms
[2025-08-28T13:09:45.040+0000][1087812][info ][gc,phases   ] GC(349)   Post Evacuate Collection Set: 0.5ms
[2025-08-28T13:09:45.040+0000][1087812][info ][gc,phases   ] GC(349)   Other: 0.1ms
[2025-08-28T13:09:45.040+0000][1087812][trace][gc,age      ] GC(349) Age table with threshold 15 (max threshold 15)
[2025-08-28T13:09:45.040+0000][1087812][trace][gc,age      ] GC(349) - age   1:    1159648 bytes,    1159648 total
[2025-08-28T13:09:45.040+0000][1087812][trace][gc,age      ] GC(349) - age   2:        976 bytes,    1160624 total
[2025-08-28T13:09:45.040+0000][1087812][trace][gc,age      ] GC(349) - age   3:       1888 bytes,    1162512 total
[2025-08-28T13:09:45.040+0000][1087812][trace][gc,age      ] GC(349) - age   5:         32 bytes,    1162544 total
[2025-08-28T13:09:45.040+0000][1087812][trace][gc,age      ] GC(349) - age   7:        400 bytes,    1162944 total
[2025-08-28T13:09:45.040+0000][1087812][trace][gc,age      ] GC(349) - age   8:       2472 bytes,    1165416 total
[2025-08-28T13:09:45.040+0000][1087812][trace][gc,age      ] GC(349) - age   9:        224 bytes,    1165640 total
[2025-08-28T13:09:45.040+0000][1087812][trace][gc,age      ] GC(349) - age  12:       2896 bytes,    1168536 total
[2025-08-28T13:09:45.040+0000][1087812][info ][gc,heap     ] GC(349) Eden regions: 75->0(75)
[2025-08-28T13:09:45.040+0000][1087812][info ][gc,heap     ] GC(349) Survivor regions: 1->1(10)
[2025-08-28T13:09:45.040+0000][1087812][info ][gc,heap     ] GC(349) Old regions: 26->26
[2025-08-28T13:09:45.040+0000][1087812][info ][gc,heap     ] GC(349) Humongous regions: 0->0
[2025-08-28T13:09:45.040+0000][1087812][info ][gc,metaspace] GC(349) Metaspace: 144387K(148416K)->144387K(148416K) NonClass: 124873K(126976K)->124873K(126976K) Class: 19514K(21440K)->19514K(21440K)
[2025-08-28T13:09:45.040+0000][1087812][info ][gc          ] GC(349) Pause Young (Normal) (G1 Evacuation Pause) 401M->101M(512M) 2.363ms
[2025-08-28T13:09:45.040+0000][1087812][info ][gc,cpu      ] GC(349) User=0.01s Sys=0.00s Real=0.00s
[2025-08-28T13:09:45.040+0000][1087812][info ][safepoint   ] Safepoint "G1CollectForAllocation", Time since last: 1984654718 ns, Reaching safepoint: 27091 ns, Cleanup: 4286 ns, At safepoint: 2507733 ns, Total: 2539110 ns
[2025-08-28T13:09:47.025+0000][1087812][info ][gc,start    ] GC(350) Pause Young (Normal) (G1 Evacuation Pause)
[2025-08-28T13:09:47.025+0000][1087812][info ][gc,task     ] GC(350) Using 12 workers of 33 for evacuation
[2025-08-28T13:09:47.025+0000][1087812][debug][gc,age      ] GC(350) Desired survivor size 20971520 bytes, new threshold 15 (max threshold 15)
[2025-08-28T13:09:47.027+0000][1087812][info ][gc,phases   ] GC(350)   Pre Evacuate Collection Set: 0.2ms
[2025-08-28T13:09:47.027+0000][1087812][info ][gc,phases   ] GC(350)   Merge Heap Roots: 0.1ms
[2025-08-28T13:09:47.027+0000][1087812][info ][gc,phases   ] GC(350)   Evacuate Collection Set: 1.6ms
[2025-08-28T13:09:47.027+0000][1087812][info ][gc,phases   ] GC(350)   Post Evacuate Collection Set: 0.6ms
[2025-08-28T13:09:47.027+0000][1087812][info ][gc,phases   ] GC(350)   Other: 0.1ms
[2025-08-28T13:09:47.027+0000][1087812][trace][gc,age      ] GC(350) Age table with threshold 15 (max threshold 15)
[2025-08-28T13:09:47.027+0000][1087812][trace][gc,age      ] GC(350) - age   1:    1160008 bytes,    1160008 total
[2025-08-28T13:09:47.027+0000][1087812][trace][gc,age      ] GC(350) - age   2:        176 bytes,    1160184 total
[2025-08-28T13:09:47.027+0000][1087812][trace][gc,age      ] GC(350) - age   3:        976 bytes,    1161160 total
[2025-08-28T13:09:47.027+0000][1087812][trace][gc,age      ] GC(350) - age   4:       1352 bytes,    1162512 total
[2025-08-28T13:09:47.027+0000][1087812][trace][gc,age      ] GC(350) - age   6:         32 bytes,    1162544 total
[2025-08-28T13:09:47.027+0000][1087812][trace][gc,age      ] GC(350) - age   8:        400 bytes,    1162944 total
[2025-08-28T13:09:47.027+0000][1087812][trace][gc,age      ] GC(350) - age   9:       2472 bytes,    1165416 total
[2025-08-28T13:09:47.027+0000][1087812][trace][gc,age      ] GC(350) - age  10:        224 bytes,    1165640 total
[2025-08-28T13:09:47.027+0000][1087812][trace][gc,age      ] GC(350) - age  13:       2896 bytes,    1168536 total
[2025-08-28T13:09:47.027+0000][1087812][info ][gc,heap     ] GC(350) Eden regions: 75->0(75)
[2025-08-28T13:09:47.027+0000][1087812][info ][gc,heap     ] GC(350) Survivor regions: 1->1(10)
[2025-08-28T13:09:47.027+0000][1087812][info ][gc,heap     ] GC(350) Old regions: 26->26
[2025-08-28T13:09:47.027+0000][1087812][info ][gc,heap     ] GC(350) Humongous regions: 0->0
[2025-08-28T13:09:47.027+0000][1087812][info ][gc,metaspace] GC(350) Metaspace: 144387K(148416K)->144387K(148416K) NonClass: 124873K(126976K)->124873K(126976K) Class: 19514K(21440K)->19514K(21440K)
[2025-08-28T13:09:47.027+0000][1087812][info ][gc          ] GC(350) Pause Young (Normal) (G1 Evacuation Pause) 401M->101M(512M) 2.643ms
[2025-08-28T13:09:47.028+0000][1087812][info ][gc,cpu      ] GC(350) User=0.01s Sys=0.00s Real=0.00s
[2025-08-28T13:09:47.028+0000][1087812][info ][safepoint   ] Safepoint "G1CollectForAllocation", Time since last: 1984946957 ns, Reaching safepoint: 25348 ns, Cleanup: 4057 ns, At safepoint: 2883758 ns, Total: 2913163 ns
[2025-08-28T13:09:49.012+0000][1087812][info ][gc,start    ] GC(351) Pause Young (Normal) (G1 Evacuation Pause)
[2025-08-28T13:09:49.012+0000][1087812][info ][gc,task     ] GC(351) Using 12 workers of 33 for evacuation
[2025-08-28T13:09:49.012+0000][1087812][debug][gc,age      ] GC(351) Desired survivor size 20971520 bytes, new threshold 15 (max threshold 15)
[2025-08-28T13:09:49.015+0000][1087812][info ][gc,phases   ] GC(351)   Pre Evacuate Collection Set: 0.2ms
[2025-08-28T13:09:49.015+0000][1087812][info ][gc,phases   ] GC(351)   Merge Heap Roots: 0.1ms
[2025-08-28T13:09:49.015+0000][1087812][info ][gc,phases   ] GC(351)   Evacuate Collection Set: 1.7ms
[2025-08-28T13:09:49.015+0000][1087812][info ][gc,phases   ] GC(351)   Post Evacuate Collection Set: 0.6ms
[2025-08-28T13:09:49.015+0000][1087812][info ][gc,phases   ] GC(351)   Other: 0.1ms
[2025-08-28T13:09:49.015+0000][1087812][trace][gc,age      ] GC(351) Age table with threshold 15 (max threshold 15)
[2025-08-28T13:09:49.015+0000][1087812][trace][gc,age      ] GC(351) - age   1:    1192688 bytes,    1192688 total
[2025-08-28T13:09:49.015+0000][1087812][trace][gc,age      ] GC(351) - age   2:        536 bytes,    1193224 total
[2025-08-28T13:09:49.015+0000][1087812][trace][gc,age      ] GC(351) - age   3:        176 bytes,    1193400 total
[2025-08-28T13:09:49.015+0000][1087812][trace][gc,age      ] GC(351) - age   4:        976 bytes,    1194376 total
[2025-08-28T13:09:49.015+0000][1087812][trace][gc,age      ] GC(351) - age   5:       1352 bytes,    1195728 total
[2025-08-28T13:09:49.015+0000][1087812][trace][gc,age      ] GC(351) - age   7:         32 bytes,    1195760 total
[2025-08-28T13:09:49.015+0000][1087812][trace][gc,age      ] GC(351) - age   9:        400 bytes,    1196160 total
[2025-08-28T13:09:49.015+0000][1087812][trace][gc,age      ] GC(351) - age  10:       2472 bytes,    1198632 total
[2025-08-28T13:09:49.015+0000][1087812][trace][gc,age      ] GC(351) - age  14:       2896 bytes,    1201528 total
[2025-08-28T13:09:49.015+0000][1087812][info ][gc,heap     ] GC(351) Eden regions: 75->0(75)
[2025-08-28T13:09:49.015+0000][1087812][info ][gc,heap     ] GC(351) Survivor regions: 1->1(10)
[2025-08-28T13:09:49.015+0000][1087812][info ][gc,heap     ] GC(351) Old regions: 26->26
[2025-08-28T13:09:49.015+0000][1087812][info ][gc,heap     ] GC(351) Humongous regions: 0->0
[2025-08-28T13:09:49.015+0000][1087812][info ][gc,metaspace] GC(351) Metaspace: 144387K(148416K)->144387K(148416K) NonClass: 124873K(126976K)->124873K(126976K) Class: 19514K(21440K)->19514K(21440K)
[2025-08-28T13:09:49.015+0000][1087812][info ][gc          ] GC(351) Pause Young (Normal) (G1 Evacuation Pause) 401M->101M(512M) 2.863ms
[2025-08-28T13:09:49.015+0000][1087812][info ][gc,cpu      ] GC(351) User=0.01s Sys=0.01s Real=0.00s
[2025-08-28T13:09:49.015+0000][1087812][info ][safepoint   ] Safepoint "G1CollectForAllocation", Time since last: 1984605894 ns, Reaching safepoint: 33160 ns, Cleanup: 8643 ns, At safepoint: 3121617 ns, Total: 3163420 ns
[2025-08-28T13:09:51.000+0000][1087812][info ][gc,start    ] GC(352) Pause Young (Normal) (G1 Evacuation Pause)
[2025-08-28T13:09:51.000+0000][1087812][info ][gc,task     ] GC(352) Using 12 workers of 33 for evacuation
[2025-08-28T13:09:51.000+0000][1087812][debug][gc,age      ] GC(352) Desired survivor size 20971520 bytes, new threshold 15 (max threshold 15)
[2025-08-28T13:09:51.002+0000][1087812][info ][gc,phases   ] GC(352)   Pre Evacuate Collection Set: 0.2ms
[2025-08-28T13:09:51.002+0000][1087812][info ][gc,phases   ] GC(352)   Merge Heap Roots: 0.1ms
[2025-08-28T13:09:51.002+0000][1087812][info ][gc,phases   ] GC(352)   Evacuate Collection Set: 1.4ms
[2025-08-28T13:09:51.002+0000][1087812][info ][gc,phases   ] GC(352)   Post Evacuate Collection Set: 0.6ms
[2025-08-28T13:09:51.002+0000][1087812][info ][gc,phases   ] GC(352)   Other: 0.1ms
[2025-08-28T13:09:51.002+0000][1087812][trace][gc,age      ] GC(352) Age table with threshold 15 (max threshold 15)
[2025-08-28T13:09:51.002+0000][1087812][trace][gc,age      ] GC(352) - age   1:    1194056 bytes,    1194056 total
[2025-08-28T13:09:51.002+0000][1087812][trace][gc,age      ] GC(352) - age   2:        224 bytes,    1194280 total
[2025-08-28T13:09:51.002+0000][1087812][trace][gc,age      ] GC(352) - age   5:        976 bytes,    1195256 total
[2025-08-28T13:09:51.002+0000][1087812][trace][gc,age      ] GC(352) - age   6:       1352 bytes,    1196608 total
[2025-08-28T13:09:51.002+0000][1087812][trace][gc,age      ] GC(352) - age   8:         32 bytes,    1196640 total
[2025-08-28T13:09:51.002+0000][1087812][trace][gc,age      ] GC(352) - age  10:        400 bytes,    1197040 total
[2025-08-28T13:09:51.002+0000][1087812][trace][gc,age      ] GC(352) - age  11:        448 bytes,    1197488 total
[2025-08-28T13:09:51.002+0000][1087812][trace][gc,age      ] GC(352) - age  15:       2896 bytes,    1200384 total
[2025-08-28T13:09:51.002+0000][1087812][info ][gc,heap     ] GC(352) Eden regions: 75->0(75)
[2025-08-28T13:09:51.002+0000][1087812][info ][gc,heap     ] GC(352) Survivor regions: 1->1(10)
[2025-08-28T13:09:51.002+0000][1087812][info ][gc,heap     ] GC(352) Old regions: 26->26
[2025-08-28T13:09:51.002+0000][1087812][info ][gc,heap     ] GC(352) Humongous regions: 0->0
[2025-08-28T13:09:51.002+0000][1087812][info ][gc,metaspace] GC(352) Metaspace: 144387K(148416K)->144387K(148416K) NonClass: 124873K(126976K)->124873K(126976K) Class: 19514K(21440K)->19514K(21440K)
[2025-08-28T13:09:51.002+0000][1087812][info ][gc          ] GC(352) Pause Young (Normal) (G1 Evacuation Pause) 401M->101M(512M) 2.544ms
[2025-08-28T13:09:51.003+0000][1087812][info ][gc,cpu      ] GC(352) User=0.00s Sys=0.00s Real=0.01s
[2025-08-28T13:09:51.003+0000][1087812][info ][safepoint   ] Safepoint "G1CollectForAllocation", Time since last: 1984364981 ns, Reaching safepoint: 25318 ns, Cleanup: 4708 ns, At safepoint: 2782376 ns, Total: 2812402 ns
[2025-08-28T13:09:52.987+0000][1087812][info ][gc,start    ] GC(353) Pause Young (Normal) (G1 Evacuation Pause)
[2025-08-28T13:09:52.987+0000][1087812][info ][gc,task     ] GC(353) Using 12 workers of 33 for evacuation
[2025-08-28T13:09:52.988+0000][1087812][debug][gc,age      ] GC(353) Desired survivor size 20971520 bytes, new threshold 15 (max threshold 15)
[2025-08-28T13:09:52.990+0000][1087812][info ][gc,phases   ] GC(353)   Pre Evacuate Collection Set: 0.2ms
[2025-08-28T13:09:52.990+0000][1087812][info ][gc,phases   ] GC(353)   Merge Heap Roots: 0.1ms
[2025-08-28T13:09:52.990+0000][1087812][info ][gc,phases   ] GC(353)   Evacuate Collection Set: 1.5ms
[2025-08-28T13:09:52.990+0000][1087812][info ][gc,phases   ] GC(353)   Post Evacuate Collection Set: 0.6ms
[2025-08-28T13:09:52.990+0000][1087812][info ][gc,phases   ] GC(353)   Other: 0.1ms
[2025-08-28T13:09:52.990+0000][1087812][trace][gc,age      ] GC(353) Age table with threshold 15 (max threshold 15)
[2025-08-28T13:09:52.990+0000][1087812][trace][gc,age      ] GC(353) - age   1:    1246616 bytes,    1246616 total
[2025-08-28T13:09:52.990+0000][1087812][trace][gc,age      ] GC(353) - age   2:       1672 bytes,    1248288 total
[2025-08-28T13:09:52.990+0000][1087812][trace][gc,age      ] GC(353) - age   3:        224 bytes,    1248512 total
[2025-08-28T13:09:52.990+0000][1087812][trace][gc,age      ] GC(353) - age   6:        736 bytes,    1249248 total
[2025-08-28T13:09:52.990+0000][1087812][trace][gc,age      ] GC(353) - age   7:       1352 bytes,    1250600 total
[2025-08-28T13:09:52.990+0000][1087812][trace][gc,age      ] GC(353) - age   9:         32 bytes,    1250632 total
[2025-08-28T13:09:52.990+0000][1087812][trace][gc,age      ] GC(353) - age  11:        368 bytes,    1251000 total
[2025-08-28T13:09:52.990+0000][1087812][trace][gc,age      ] GC(353) - age  12:        448 bytes,    1251448 total
[2025-08-28T13:09:52.990+0000][1087812][info ][gc,heap     ] GC(353) Eden regions: 75->0(75)
[2025-08-28T13:09:52.990+0000][1087812][info ][gc,heap     ] GC(353) Survivor regions: 1->1(10)
[2025-08-28T13:09:52.990+0000][1087812][info ][gc,heap     ] GC(353) Old regions: 26->26
[2025-08-28T13:09:52.990+0000][1087812][info ][gc,heap     ] GC(353) Humongous regions: 0->0
[2025-08-28T13:09:52.990+0000][1087812][info ][gc,metaspace] GC(353) Metaspace: 144388K(148416K)->144388K(148416K) NonClass: 124874K(126976K)->124874K(126976K) Class: 19514K(21440K)->19514K(21440K)
[2025-08-28T13:09:52.990+0000][1087812][info ][gc          ] GC(353) Pause Young (Normal) (G1 Evacuation Pause) 401M->101M(512M) 2.585ms
[2025-08-28T13:09:52.990+0000][1087812][info ][gc,cpu      ] GC(353) User=0.01s Sys=0.00s Real=0.00s
[2025-08-28T13:09:52.990+0000][1087812][info ][safepoint   ] Safepoint "G1CollectForAllocation", Time since last: 1984675419 ns, Reaching safepoint: 34311 ns, Cleanup: 22454 ns, At safepoint: 2842667 ns, Total: 2899432 ns
[2025-08-28T13:09:54.988+0000][1087812][info ][gc,start    ] GC(354) Pause Young (Normal) (G1 Evacuation Pause)
[2025-08-28T13:09:54.988+0000][1087812][info ][gc,task     ] GC(354) Using 12 workers of 33 for evacuation
[2025-08-28T13:09:54.988+0000][1087812][debug][gc,age      ] GC(354) Desired survivor size 20971520 bytes, new threshold 15 (max threshold 15)
[2025-08-28T13:09:54.990+0000][1087812][info ][gc,phases   ] GC(354)   Pre Evacuate Collection Set: 0.2ms
[2025-08-28T13:09:54.990+0000][1087812][info ][gc,phases   ] GC(354)   Merge Heap Roots: 0.0ms
[2025-08-28T13:09:54.990+0000][1087812][info ][gc,phases   ] GC(354)   Evacuate Collection Set: 1.4ms
[2025-08-28T13:09:54.990+0000][1087812][info ][gc,phases   ] GC(354)   Post Evacuate Collection Set: 0.6ms
[2025-08-28T13:09:54.990+0000][1087812][info ][gc,phases   ] GC(354)   Other: 0.1ms
[2025-08-28T13:09:54.990+0000][1087812][trace][gc,age      ] GC(354) Age table with threshold 15 (max threshold 15)
[2025-08-28T13:09:54.990+0000][1087812][trace][gc,age      ] GC(354) - age   1:    1076720 bytes,    1076720 total
[2025-08-28T13:09:54.990+0000][1087812][trace][gc,age      ] GC(354) - age   2:       4664 bytes,    1081384 total
[2025-08-28T13:09:54.990+0000][1087812][trace][gc,age      ] GC(354) - age   3:       1496 bytes,    1082880 total
[2025-08-28T13:09:54.990+0000][1087812][trace][gc,age      ] GC(354) - age   4:        224 bytes,    1083104 total
[2025-08-28T13:09:54.990+0000][1087812][trace][gc,age      ] GC(354) - age   7:        736 bytes,    1083840 total
[2025-08-28T13:09:54.990+0000][1087812][trace][gc,age      ] GC(354) - age   8:       1352 bytes,    1085192 total
[2025-08-28T13:09:54.990+0000][1087812][trace][gc,age      ] GC(354) - age  10:         32 bytes,    1085224 total
[2025-08-28T13:09:54.990+0000][1087812][trace][gc,age      ] GC(354) - age  12:        368 bytes,    1085592 total
[2025-08-28T13:09:54.990+0000][1087812][trace][gc,age      ] GC(354) - age  13:        448 bytes,    1086040 total
[2025-08-28T13:09:54.990+0000][1087812][info ][gc,heap     ] GC(354) Eden regions: 75->0(75)
[2025-08-28T13:09:54.990+0000][1087812][info ][gc,heap     ] GC(354) Survivor regions: 1->1(10)
[2025-08-28T13:09:54.990+0000][1087812][info ][gc,heap     ] GC(354) Old regions: 26->26
[2025-08-28T13:09:54.990+0000][1087812][info ][gc,heap     ] GC(354) Humongous regions: 0->0
[2025-08-28T13:09:54.990+0000][1087812][info ][gc,metaspace] GC(354) Metaspace: 144388K(148416K)->144388K(148416K) NonClass: 124874K(126976K)->124874K(126976K) Class: 19514K(21440K)->19514K(21440K)
[2025-08-28T13:09:54.990+0000][1087812][info ][gc          ] GC(354) Pause Young (Normal) (G1 Evacuation Pause) 401M->101M(512M) 2.450ms
[2025-08-28T13:09:54.990+0000][1087812][info ][gc,cpu      ] GC(354) User=0.01s Sys=0.00s Real=0.00s
[2025-08-28T13:09:54.990+0000][1087812][info ][safepoint   ] Safepoint "G1CollectForAllocation", Time since last: 1997488746 ns, Reaching safepoint: 24827 ns, Cleanup: 12078 ns, At safepoint: 2692341 ns, Total: 2729246 ns
[2025-08-28T13:09:56.976+0000][1087812][info ][gc,start    ] GC(355) Pause Young (Normal) (G1 Evacuation Pause)
[2025-08-28T13:09:56.976+0000][1087812][info ][gc,task     ] GC(355) Using 12 workers of 33 for evacuation
[2025-08-28T13:09:56.976+0000][1087812][debug][gc,age      ] GC(355) Desired survivor size 20971520 bytes, new threshold 15 (max threshold 15)
[2025-08-28T13:09:56.979+0000][1087812][info ][gc,phases   ] GC(355)   Pre Evacuate Collection Set: 0.2ms
[2025-08-28T13:09:56.979+0000][1087812][info ][gc,phases   ] GC(355)   Merge Heap Roots: 0.1ms
[2025-08-28T13:09:56.979+0000][1087812][info ][gc,phases   ] GC(355)   Evacuate Collection Set: 1.2ms
[2025-08-28T13:09:56.979+0000][1087812][info ][gc,phases   ] GC(355)   Post Evacuate Collection Set: 0.7ms
[2025-08-28T13:09:56.979+0000][1087812][info ][gc,phases   ] GC(355)   Other: 0.1ms
[2025-08-28T13:09:56.979+0000][1087812][trace][gc,age      ] GC(355) Age table with threshold 15 (max threshold 15)
[2025-08-28T13:09:56.979+0000][1087812][trace][gc,age      ] GC(355) - age   1:     804784 bytes,     804784 total
[2025-08-28T13:09:56.979+0000][1087812][trace][gc,age      ] GC(355) - age   2:        824 bytes,     805608 total
[2025-08-28T13:09:56.979+0000][1087812][trace][gc,age      ] GC(355) - age   3:       4664 bytes,     810272 total
[2025-08-28T13:09:56.979+0000][1087812][trace][gc,age      ] GC(355) - age   4:        960 bytes,     811232 total
[2025-08-28T13:09:56.979+0000][1087812][trace][gc,age      ] GC(355) - age   5:        224 bytes,     811456 total
[2025-08-28T13:09:56.979+0000][1087812][trace][gc,age      ] GC(355) - age   8:        736 bytes,     812192 total
[2025-08-28T13:09:56.979+0000][1087812][trace][gc,age      ] GC(355) - age   9:       1352 bytes,     813544 total
[2025-08-28T13:09:56.979+0000][1087812][trace][gc,age      ] GC(355) - age  11:         32 bytes,     813576 total
[2025-08-28T13:09:56.979+0000][1087812][trace][gc,age      ] GC(355) - age  13:        368 bytes,     813944 total
[2025-08-28T13:09:56.979+0000][1087812][trace][gc,age      ] GC(355) - age  14:        448 bytes,     814392 total
[2025-08-28T13:09:56.979+0000][1087812][info ][gc,heap     ] GC(355) Eden regions: 75->0(75)
[2025-08-28T13:09:56.979+0000][1087812][info ][gc,heap     ] GC(355) Survivor regions: 1->1(10)
[2025-08-28T13:09:56.979+0000][1087812][info ][gc,heap     ] GC(355) Old regions: 26->26
[2025-08-28T13:09:56.979+0000][1087812][info ][gc,heap     ] GC(355) Humongous regions: 0->0
[2025-08-28T13:09:56.979+0000][1087812][info ][gc,metaspace] GC(355) Metaspace: 144388K(148416K)->144388K(148416K) NonClass: 124874K(126976K)->124874K(126976K) Class: 19514K(21440K)->19514K(21440K)
[2025-08-28T13:09:56.979+0000][1087812][info ][gc          ] GC(355) Pause Young (Normal) (G1 Evacuation Pause) 401M->101M(512M) 2.453ms
[2025-08-28T13:09:56.979+0000][1087812][info ][gc,cpu      ] GC(355) User=0.00s Sys=0.00s Real=0.00s
[2025-08-28T13:09:56.979+0000][1087812][info ][safepoint   ] Safepoint "G1CollectForAllocation", Time since last: 1985884117 ns, Reaching safepoint: 32489 ns, Cleanup: 7401 ns, At safepoint: 2704059 ns, Total: 2743949 ns
[2025-08-28T13:09:58.975+0000][1087812][info ][gc,start    ] GC(356) Pause Young (Normal) (G1 Evacuation Pause)
[2025-08-28T13:09:58.975+0000][1087812][info ][gc,task     ] GC(356) Using 12 workers of 33 for evacuation
[2025-08-28T13:09:58.975+0000][1087812][debug][gc,age      ] GC(356) Desired survivor size 20971520 bytes, new threshold 15 (max threshold 15)
[2025-08-28T13:09:58.978+0000][1087812][info ][gc,phases   ] GC(356)   Pre Evacuate Collection Set: 0.1ms
[2025-08-28T13:09:58.978+0000][1087812][info ][gc,phases   ] GC(356)   Merge Heap Roots: 0.1ms
[2025-08-28T13:09:58.978+0000][1087812][info ][gc,phases   ] GC(356)   Evacuate Collection Set: 2.1ms
[2025-08-28T13:09:58.978+0000][1087812][info ][gc,phases   ] GC(356)   Post Evacuate Collection Set: 1.1ms
[2025-08-28T13:09:58.978+0000][1087812][info ][gc,phases   ] GC(356)   Other: 0.1ms
[2025-08-28T13:09:58.978+0000][1087812][trace][gc,age      ] GC(356) Age table with threshold 15 (max threshold 15)
[2025-08-28T13:09:58.978+0000][1087812][trace][gc,age      ] GC(356) - age   1:    1307960 bytes,    1307960 total
[2025-08-28T13:09:58.978+0000][1087812][trace][gc,age      ] GC(356) - age   2:        568 bytes,    1308528 total
[2025-08-28T13:09:58.978+0000][1087812][trace][gc,age      ] GC(356) - age   3:        824 bytes,    1309352 total
[2025-08-28T13:09:58.978+0000][1087812][trace][gc,age      ] GC(356) - age   4:       4664 bytes,    1314016 total
[2025-08-28T13:09:58.978+0000][1087812][trace][gc,age      ] GC(356) - age   5:        960 bytes,    1314976 total
[2025-08-28T13:09:58.978+0000][1087812][trace][gc,age      ] GC(356) - age   6:        224 bytes,    1315200 total
[2025-08-28T13:09:58.978+0000][1087812][trace][gc,age      ] GC(356) - age   9:        736 bytes,    1315936 total
[2025-08-28T13:09:58.978+0000][1087812][trace][gc,age      ] GC(356) - age  10:       1352 bytes,    1317288 total
[2025-08-28T13:09:58.978+0000][1087812][trace][gc,age      ] GC(356) - age  12:         32 bytes,    1317320 total
[2025-08-28T13:09:58.978+0000][1087812][trace][gc,age      ] GC(356) - age  14:        368 bytes,    1317688 total
[2025-08-28T13:09:58.978+0000][1087812][trace][gc,age      ] GC(356) - age  15:        448 bytes,    1318136 total
[2025-08-28T13:09:58.979+0000][1087812][info ][gc,heap     ] GC(356) Eden regions: 75->0(75)
[2025-08-28T13:09:58.979+0000][1087812][info ][gc,heap     ] GC(356) Survivor regions: 1->1(10)
[2025-08-28T13:09:58.979+0000][1087812][info ][gc,heap     ] GC(356) Old regions: 26->26
[2025-08-28T13:09:58.979+0000][1087812][info ][gc,heap     ] GC(356) Humongous regions: 0->0
[2025-08-28T13:09:58.979+0000][1087812][info ][gc,metaspace] GC(356) Metaspace: 144388K(148416K)->144388K(148416K) NonClass: 124874K(126976K)->124874K(126976K) Class: 19514K(21440K)->19514K(21440K)
[2025-08-28T13:09:58.979+0000][1087812][info ][gc          ] GC(356) Pause Young (Normal) (G1 Evacuation Pause) 401M->101M(512M) 3.654ms
[2025-08-28T13:09:58.979+0000][1087812][info ][gc,cpu      ] GC(356) User=0.01s Sys=0.00s Real=0.00s
[2025-08-28T13:09:58.979+0000][1087812][info ][safepoint   ] Safepoint "G1CollectForAllocation", Time since last: 1995791622 ns, Reaching safepoint: 23816 ns, Cleanup: 4347 ns, At safepoint: 3833968 ns, Total: 3862131 ns
[2025-08-28T13:10:00.939+0000][1087812][info ][gc,start    ] GC(357) Pause Young (Normal) (G1 Evacuation Pause)
[2025-08-28T13:10:00.939+0000][1087812][info ][gc,task     ] GC(357) Using 12 workers of 33 for evacuation
[2025-08-28T13:10:00.939+0000][1087812][debug][gc,age      ] GC(357) Desired survivor size 20971520 bytes, new threshold 15 (max threshold 15)
[2025-08-28T13:10:00.942+0000][1087812][info ][gc,phases   ] GC(357)   Pre Evacuate Collection Set: 0.2ms
[2025-08-28T13:10:00.942+0000][1087812][info ][gc,phases   ] GC(357)   Merge Heap Roots: 0.1ms
[2025-08-28T13:10:00.942+0000][1087812][info ][gc,phases   ] GC(357)   Evacuate Collection Set: 1.7ms
[2025-08-28T13:10:00.942+0000][1087812][info ][gc,phases   ] GC(357)   Post Evacuate Collection Set: 0.9ms
[2025-08-28T13:10:00.942+0000][1087812][info ][gc,phases   ] GC(357)   Other: 0.1ms
[2025-08-28T13:10:00.942+0000][1087812][trace][gc,age      ] GC(357) Age table with threshold 15 (max threshold 15)
[2025-08-28T13:10:00.942+0000][1087812][trace][gc,age      ] GC(357) - age   1:     904648 bytes,     904648 total
[2025-08-28T13:10:00.942+0000][1087812][trace][gc,age      ] GC(357) - age   3:         32 bytes,     904680 total
[2025-08-28T13:10:00.942+0000][1087812][trace][gc,age      ] GC(357) - age   4:        648 bytes,     905328 total
[2025-08-28T13:10:00.942+0000][1087812][trace][gc,age      ] GC(357) - age   5:       4664 bytes,     909992 total
[2025-08-28T13:10:00.942+0000][1087812][trace][gc,age      ] GC(357) - age   6:        960 bytes,     910952 total
[2025-08-28T13:10:00.943+0000][1087812][trace][gc,age      ] GC(357) - age   7:        224 bytes,     911176 total
[2025-08-28T13:10:00.943+0000][1087812][trace][gc,age      ] GC(357) - age  10:        736 bytes,     911912 total
[2025-08-28T13:10:00.943+0000][1087812][trace][gc,age      ] GC(357) - age  11:       1352 bytes,     913264 total
[2025-08-28T13:10:00.943+0000][1087812][trace][gc,age      ] GC(357) - age  13:         32 bytes,     913296 total
[2025-08-28T13:10:00.943+0000][1087812][trace][gc,age      ] GC(357) - age  15:        368 bytes,     913664 total
[2025-08-28T13:10:00.943+0000][1087812][info ][gc,heap     ] GC(357) Eden regions: 75->0(75)
[2025-08-28T13:10:00.943+0000][1087812][info ][gc,heap     ] GC(357) Survivor regions: 1->1(10)
[2025-08-28T13:10:00.943+0000][1087812][info ][gc,heap     ] GC(357) Old regions: 26->26
[2025-08-28T13:10:00.943+0000][1087812][info ][gc,heap     ] GC(357) Humongous regions: 0->0
[2025-08-28T13:10:00.943+0000][1087812][info ][gc,metaspace] GC(357) Metaspace: 144388K(148416K)->144388K(148416K) NonClass: 124874K(126976K)->124874K(126976K) Class: 19514K(21440K)->19514K(21440K)
[2025-08-28T13:10:00.943+0000][1087812][info ][gc          ] GC(357) Pause Young (Normal) (G1 Evacuation Pause) 401M->101M(512M) 3.145ms
[2025-08-28T13:10:00.943+0000][1087812][info ][gc,cpu      ] GC(357) User=0.01s Sys=0.00s Real=0.01s
[2025-08-28T13:10:00.943+0000][1087812][info ][safepoint   ] Safepoint "G1CollectForAllocation", Time since last: 1960663063 ns, Reaching safepoint: 27621 ns, Cleanup: 4978 ns, At safepoint: 3380285 ns, Total: 3412884 ns
[2025-08-28T13:10:02.902+0000][1087812][info ][gc,start    ] GC(358) Pause Young (Normal) (G1 Evacuation Pause)
[2025-08-28T13:10:02.902+0000][1087812][info ][gc,task     ] GC(358) Using 12 workers of 33 for evacuation
[2025-08-28T13:10:02.902+0000][1087812][debug][gc,age      ] GC(358) Desired survivor size 20971520 bytes, new threshold 15 (max threshold 15)
[2025-08-28T13:10:02.905+0000][1087812][info ][gc,phases   ] GC(358)   Pre Evacuate Collection Set: 0.3ms
[2025-08-28T13:10:02.905+0000][1087812][info ][gc,phases   ] GC(358)   Merge Heap Roots: 0.1ms
[2025-08-28T13:10:02.905+0000][1087812][info ][gc,phases   ] GC(358)   Evacuate Collection Set: 2.0ms
[2025-08-28T13:10:02.905+0000][1087812][info ][gc,phases   ] GC(358)   Post Evacuate Collection Set: 0.7ms
[2025-08-28T13:10:02.905+0000][1087812][info ][gc,phases   ] GC(358)   Other: 0.1ms
[2025-08-28T13:10:02.905+0000][1087812][trace][gc,age      ] GC(358) Age table with threshold 15 (max threshold 15)
[2025-08-28T13:10:02.905+0000][1087812][trace][gc,age      ] GC(358) - age   1:     640032 bytes,     640032 total
[2025-08-28T13:10:02.905+0000][1087812][trace][gc,age      ] GC(358) - age   2:        712 bytes,     640744 total
[2025-08-28T13:10:02.905+0000][1087812][trace][gc,age      ] GC(358) - age   4:         32 bytes,     640776 total
[2025-08-28T13:10:02.905+0000][1087812][trace][gc,age      ] GC(358) - age   5:        648 bytes,     641424 total
[2025-08-28T13:10:02.905+0000][1087812][trace][gc,age      ] GC(358) - age   6:       4392 bytes,     645816 total
[2025-08-28T13:10:02.905+0000][1087812][trace][gc,age      ] GC(358) - age   7:        960 bytes,     646776 total
[2025-08-28T13:10:02.905+0000][1087812][trace][gc,age      ] GC(358) - age   8:        224 bytes,     647000 total
[2025-08-28T13:10:02.905+0000][1087812][trace][gc,age      ] GC(358) - age  11:        736 bytes,     647736 total
[2025-08-28T13:10:02.905+0000][1087812][trace][gc,age      ] GC(358) - age  12:       1352 bytes,     649088 total
[2025-08-28T13:10:02.905+0000][1087812][trace][gc,age      ] GC(358) - age  14:         32 bytes,     649120 total
[2025-08-28T13:10:02.905+0000][1087812][info ][gc,heap     ] GC(358) Eden regions: 75->0(75)
[2025-08-28T13:10:02.905+0000][1087812][info ][gc,heap     ] GC(358) Survivor regions: 1->1(10)
[2025-08-28T13:10:02.905+0000][1087812][info ][gc,heap     ] GC(358) Old regions: 26->26
[2025-08-28T13:10:02.905+0000][1087812][info ][gc,heap     ] GC(358) Humongous regions: 0->0
[2025-08-28T13:10:02.905+0000][1087812][info ][gc,metaspace] GC(358) Metaspace: 144388K(148416K)->144388K(148416K) NonClass: 124874K(126976K)->124874K(126976K) Class: 19514K(21440K)->19514K(21440K)
[2025-08-28T13:10:02.905+0000][1087812][info ][gc          ] GC(358) Pause Young (Normal) (G1 Evacuation Pause) 401M->101M(512M) 3.321ms
[2025-08-28T13:10:02.905+0000][1087812][info ][gc,cpu      ] GC(358) User=0.00s Sys=0.01s Real=0.00s
[2025-08-28T13:10:02.905+0000][1087812][info ][safepoint   ] Safepoint "G1CollectForAllocation", Time since last: 1958799850 ns, Reaching safepoint: 32388 ns, Cleanup: 8914 ns, At safepoint: 3583141 ns, Total: 3624443 ns
[2025-08-28T13:10:04.877+0000][1087812][info ][gc,start    ] GC(359) Pause Young (Normal) (G1 Evacuation Pause)
[2025-08-28T13:10:04.877+0000][1087812][info ][gc,task     ] GC(359) Using 12 workers of 33 for evacuation
[2025-08-28T13:10:04.877+0000][1087812][debug][gc,age      ] GC(359) Desired survivor size 20971520 bytes, new threshold 15 (max threshold 15)
[2025-08-28T13:10:04.879+0000][1087812][info ][gc,phases   ] GC(359)   Pre Evacuate Collection Set: 0.2ms
[2025-08-28T13:10:04.879+0000][1087812][info ][gc,phases   ] GC(359)   Merge Heap Roots: 0.1ms
[2025-08-28T13:10:04.879+0000][1087812][info ][gc,phases   ] GC(359)   Evacuate Collection Set: 1.4ms
[2025-08-28T13:10:04.879+0000][1087812][info ][gc,phases   ] GC(359)   Post Evacuate Collection Set: 0.6ms
[2025-08-28T13:10:04.879+0000][1087812][info ][gc,phases   ] GC(359)   Other: 0.1ms
[2025-08-28T13:10:04.879+0000][1087812][trace][gc,age      ] GC(359) Age table with threshold 15 (max threshold 15)
[2025-08-28T13:10:04.879+0000][1087812][trace][gc,age      ] GC(359) - age   1:    1036960 bytes,    1036960 total
[2025-08-28T13:10:04.879+0000][1087812][trace][gc,age      ] GC(359) - age   2:        824 bytes,    1037784 total
[2025-08-28T13:10:04.879+0000][1087812][trace][gc,age      ] GC(359) - age   3:        536 bytes,    1038320 total
[2025-08-28T13:10:04.879+0000][1087812][trace][gc,age      ] GC(359) - age   5:         32 bytes,    1038352 total
[2025-08-28T13:10:04.879+0000][1087812][trace][gc,age      ] GC(359) - age   6:        648 bytes,    1039000 total
[2025-08-28T13:10:04.879+0000][1087812][trace][gc,age      ] GC(359) - age   7:       4392 bytes,    1043392 total
[2025-08-28T13:10:04.879+0000][1087812][trace][gc,age      ] GC(359) - age   8:        960 bytes,    1044352 total
[2025-08-28T13:10:04.879+0000][1087812][trace][gc,age      ] GC(359) - age   9:        224 bytes,    1044576 total
[2025-08-28T13:10:04.879+0000][1087812][trace][gc,age      ] GC(359) - age  12:        736 bytes,    1045312 total
[2025-08-28T13:10:04.879+0000][1087812][trace][gc,age      ] GC(359) - age  13:       1352 bytes,    1046664 total
[2025-08-28T13:10:04.879+0000][1087812][trace][gc,age      ] GC(359) - age  15:         32 bytes,    1046696 total
[2025-08-28T13:10:04.879+0000][1087812][info ][gc,heap     ] GC(359) Eden regions: 75->0(75)
[2025-08-28T13:10:04.879+0000][1087812][info ][gc,heap     ] GC(359) Survivor regions: 1->1(10)
[2025-08-28T13:10:04.879+0000][1087812][info ][gc,heap     ] GC(359) Old regions: 26->26
[2025-08-28T13:10:04.879+0000][1087812][info ][gc,heap     ] GC(359) Humongous regions: 0->0
[2025-08-28T13:10:04.879+0000][1087812][info ][gc,metaspace] GC(359) Metaspace: 144388K(148416K)->144388K(148416K) NonClass: 124874K(126976K)->124874K(126976K) Class: 19514K(21440K)->19514K(21440K)
[2025-08-28T13:10:04.879+0000][1087812][info ][gc          ] GC(359) Pause Young (Normal) (G1 Evacuation Pause) 401M->101M(512M) 2.568ms
[2025-08-28T13:10:04.879+0000][1087812][info ][gc,cpu      ] GC(359) User=0.00s Sys=0.00s Real=0.00s
[2025-08-28T13:10:04.879+0000][1087812][info ][safepoint   ] Safepoint "G1CollectForAllocation", Time since last: 1971240245 ns, Reaching safepoint: 26200 ns, Cleanup: 4587 ns, At safepoint: 2814344 ns, Total: 2845131 ns
[2025-08-28T13:10:06.864+0000][1087812][info ][gc,start    ] GC(360) Pause Young (Normal) (G1 Evacuation Pause)
[2025-08-28T13:10:06.864+0000][1087812][info ][gc,task     ] GC(360) Using 12 workers of 33 for evacuation
[2025-08-28T13:10:06.864+0000][1087812][debug][gc,age      ] GC(360) Desired survivor size 20971520 bytes, new threshold 15 (max threshold 15)
[2025-08-28T13:10:06.866+0000][1087812][info ][gc,phases   ] GC(360)   Pre Evacuate Collection Set: 0.2ms
[2025-08-28T13:10:06.866+0000][1087812][info ][gc,phases   ] GC(360)   Merge Heap Roots: 0.1ms
[2025-08-28T13:10:06.866+0000][1087812][info ][gc,phases   ] GC(360)   Evacuate Collection Set: 1.3ms
[2025-08-28T13:10:06.866+0000][1087812][info ][gc,phases   ] GC(360)   Post Evacuate Collection Set: 0.6ms
[2025-08-28T13:10:06.866+0000][1087812][info ][gc,phases   ] GC(360)   Other: 0.1ms
[2025-08-28T13:10:06.866+0000][1087812][trace][gc,age      ] GC(360) Age table with threshold 15 (max threshold 15)
[2025-08-28T13:10:06.866+0000][1087812][trace][gc,age      ] GC(360) - age   1:     854568 bytes,     854568 total
[2025-08-28T13:10:06.866+0000][1087812][trace][gc,age      ] GC(360) - age   2:        176 bytes,     854744 total
[2025-08-28T13:10:06.866+0000][1087812][trace][gc,age      ] GC(360) - age   3:        824 bytes,     855568 total
[2025-08-28T13:10:06.866+0000][1087812][trace][gc,age      ] GC(360) - age   6:         32 bytes,     855600 total
[2025-08-28T13:10:06.866+0000][1087812][trace][gc,age      ] GC(360) - age   7:        648 bytes,     856248 total
[2025-08-28T13:10:06.866+0000][1087812][trace][gc,age      ] GC(360) - age   8:       4392 bytes,     860640 total
[2025-08-28T13:10:06.866+0000][1087812][trace][gc,age      ] GC(360) - age   9:        960 bytes,     861600 total
[2025-08-28T13:10:06.866+0000][1087812][trace][gc,age      ] GC(360) - age  10:        224 bytes,     861824 total
[2025-08-28T13:10:06.866+0000][1087812][trace][gc,age      ] GC(360) - age  13:        736 bytes,     862560 total
[2025-08-28T13:10:06.866+0000][1087812][trace][gc,age      ] GC(360) - age  14:       1352 bytes,     863912 total
[2025-08-28T13:10:06.866+0000][1087812][info ][gc,heap     ] GC(360) Eden regions: 75->0(75)
[2025-08-28T13:10:06.866+0000][1087812][info ][gc,heap     ] GC(360) Survivor regions: 1->1(10)
[2025-08-28T13:10:06.866+0000][1087812][info ][gc,heap     ] GC(360) Old regions: 26->26
[2025-08-28T13:10:06.866+0000][1087812][info ][gc,heap     ] GC(360) Humongous regions: 0->0
[2025-08-28T13:10:06.866+0000][1087812][info ][gc,metaspace] GC(360) Metaspace: 144388K(148416K)->144388K(148416K) NonClass: 124874K(126976K)->124874K(126976K) Class: 19514K(21440K)->19514K(21440K)
[2025-08-28T13:10:06.866+0000][1087812][info ][gc          ] GC(360) Pause Young (Normal) (G1 Evacuation Pause) 401M->101M(512M) 2.478ms
[2025-08-28T13:10:06.866+0000][1087812][info ][gc,cpu      ] GC(360) User=0.01s Sys=0.00s Real=0.00s
[2025-08-28T13:10:06.866+0000][1087812][info ][safepoint   ] Safepoint "G1CollectForAllocation", Time since last: 1984254726 ns, Reaching safepoint: 60921 ns, Cleanup: 4868 ns, At safepoint: 2653822 ns, Total: 2719611 ns
[2025-08-28T13:10:08.852+0000][1087812][info ][gc,start    ] GC(361) Pause Young (Normal) (G1 Evacuation Pause)
[2025-08-28T13:10:08.852+0000][1087812][info ][gc,task     ] GC(361) Using 12 workers of 33 for evacuation
[2025-08-28T13:10:08.852+0000][1087812][debug][gc,age      ] GC(361) Desired survivor size 20971520 bytes, new threshold 15 (max threshold 15)
[2025-08-28T13:10:08.855+0000][1087812][info ][gc,phases   ] GC(361)   Pre Evacuate Collection Set: 0.2ms
[2025-08-28T13:10:08.855+0000][1087812][info ][gc,phases   ] GC(361)   Merge Heap Roots: 0.1ms
[2025-08-28T13:10:08.855+0000][1087812][info ][gc,phases   ] GC(361)   Evacuate Collection Set: 1.8ms
[2025-08-28T13:10:08.855+0000][1087812][info ][gc,phases   ] GC(361)   Post Evacuate Collection Set: 1.0ms
[2025-08-28T13:10:08.855+0000][1087812][info ][gc,phases   ] GC(361)   Other: 0.1ms
[2025-08-28T13:10:08.855+0000][1087812][trace][gc,age      ] GC(361) Age table with threshold 15 (max threshold 15)
[2025-08-28T13:10:08.855+0000][1087812][trace][gc,age      ] GC(361) - age   1:    1169960 bytes,    1169960 total
[2025-08-28T13:10:08.855+0000][1087812][trace][gc,age      ] GC(361) - age   2:        536 bytes,    1170496 total
[2025-08-28T13:10:08.855+0000][1087812][trace][gc,age      ] GC(361) - age   3:        176 bytes,    1170672 total
[2025-08-28T13:10:08.855+0000][1087812][trace][gc,age      ] GC(361) - age   4:        824 bytes,    1171496 total
[2025-08-28T13:10:08.855+0000][1087812][trace][gc,age      ] GC(361) - age   7:         32 bytes,    1171528 total
[2025-08-28T13:10:08.855+0000][1087812][trace][gc,age      ] GC(361) - age   8:        648 bytes,    1172176 total
[2025-08-28T13:10:08.855+0000][1087812][trace][gc,age      ] GC(361) - age   9:       4392 bytes,    1176568 total
[2025-08-28T13:10:08.855+0000][1087812][trace][gc,age      ] GC(361) - age  10:        960 bytes,    1177528 total
[2025-08-28T13:10:08.855+0000][1087812][trace][gc,age      ] GC(361) - age  14:        736 bytes,    1178264 total
[2025-08-28T13:10:08.855+0000][1087812][trace][gc,age      ] GC(361) - age  15:       1352 bytes,    1179616 total
[2025-08-28T13:10:08.855+0000][1087812][info ][gc,heap     ] GC(361) Eden regions: 75->0(75)
[2025-08-28T13:10:08.855+0000][1087812][info ][gc,heap     ] GC(361) Survivor regions: 1->1(10)
[2025-08-28T13:10:08.855+0000][1087812][info ][gc,heap     ] GC(361) Old regions: 26->26
[2025-08-28T13:10:08.855+0000][1087812][info ][gc,heap     ] GC(361) Humongous regions: 0->0
[2025-08-28T13:10:08.855+0000][1087812][info ][gc,metaspace] GC(361) Metaspace: 144388K(148416K)->144388K(148416K) NonClass: 124874K(126976K)->124874K(126976K) Class: 19514K(21440K)->19514K(21440K)
[2025-08-28T13:10:08.855+0000][1087812][info ][gc          ] GC(361) Pause Young (Normal) (G1 Evacuation Pause) 401M->101M(512M) 3.285ms
[2025-08-28T13:10:08.855+0000][1087812][info ][gc,cpu      ] GC(361) User=0.01s Sys=0.00s Real=0.00s
[2025-08-28T13:10:08.855+0000][1087812][info ][safepoint   ] Safepoint "G1CollectForAllocation", Time since last: 1985297094 ns, Reaching safepoint: 25979 ns, Cleanup: 5328 ns, At safepoint: 3473056 ns, Total: 3504363 ns
[2025-08-28T13:10:10.852+0000][1087812][info ][gc,start    ] GC(362) Pause Young (Normal) (G1 Evacuation Pause)
[2025-08-28T13:10:10.852+0000][1087812][info ][gc,task     ] GC(362) Using 12 workers of 33 for evacuation
[2025-08-28T13:10:10.852+0000][1087812][debug][gc,age      ] GC(362) Desired survivor size 20971520 bytes, new threshold 15 (max threshold 15)
[2025-08-28T13:10:10.856+0000][1087812][info ][gc,phases   ] GC(362)   Pre Evacuate Collection Set: 0.3ms
[2025-08-28T13:10:10.856+0000][1087812][info ][gc,phases   ] GC(362)   Merge Heap Roots: 0.1ms
[2025-08-28T13:10:10.856+0000][1087812][info ][gc,phases   ] GC(362)   Evacuate Collection Set: 2.7ms
[2025-08-28T13:10:10.856+0000][1087812][info ][gc,phases   ] GC(362)   Post Evacuate Collection Set: 1.1ms
[2025-08-28T13:10:10.856+0000][1087812][info ][gc,phases   ] GC(362)   Other: 0.1ms
[2025-08-28T13:10:10.856+0000][1087812][trace][gc,age      ] GC(362) Age table with threshold 15 (max threshold 15)
[2025-08-28T13:10:10.856+0000][1087812][trace][gc,age      ] GC(362) - age   1:     639480 bytes,     639480 total
[2025-08-28T13:10:10.856+0000][1087812][trace][gc,age      ] GC(362) - age   2:        224 bytes,     639704 total
[2025-08-28T13:10:10.856+0000][1087812][trace][gc,age      ] GC(362) - age   5:        824 bytes,     640528 total
[2025-08-28T13:10:10.856+0000][1087812][trace][gc,age      ] GC(362) - age   8:         32 bytes,     640560 total
[2025-08-28T13:10:10.856+0000][1087812][trace][gc,age      ] GC(362) - age   9:        648 bytes,     641208 total
[2025-08-28T13:10:10.856+0000][1087812][trace][gc,age      ] GC(362) - age  10:       4392 bytes,     645600 total
[2025-08-28T13:10:10.856+0000][1087812][trace][gc,age      ] GC(362) - age  11:        960 bytes,     646560 total
[2025-08-28T13:10:10.856+0000][1087812][trace][gc,age      ] GC(362) - age  15:        736 bytes,     647296 total
[2025-08-28T13:10:10.856+0000][1087812][info ][gc,heap     ] GC(362) Eden regions: 75->0(75)
[2025-08-28T13:10:10.856+0000][1087812][info ][gc,heap     ] GC(362) Survivor regions: 1->1(10)
[2025-08-28T13:10:10.856+0000][1087812][info ][gc,heap     ] GC(362) Old regions: 26->26
[2025-08-28T13:10:10.856+0000][1087812][info ][gc,heap     ] GC(362) Humongous regions: 0->0
[2025-08-28T13:10:10.856+0000][1087812][info ][gc,metaspace] GC(362) Metaspace: 144388K(148416K)->144388K(148416K) NonClass: 124874K(126976K)->124874K(126976K) Class: 19514K(21440K)->19514K(21440K)
[2025-08-28T13:10:10.856+0000][1087812][info ][gc          ] GC(362) Pause Young (Normal) (G1 Evacuation Pause) 401M->101M(512M) 4.416ms
[2025-08-28T13:10:10.856+0000][1087812][info ][gc,cpu      ] GC(362) User=0.00s Sys=0.00s Real=0.00s
[2025-08-28T13:10:10.856+0000][1087812][info ][safepoint   ] Safepoint "G1CollectForAllocation", Time since last: 1996434490 ns, Reaching safepoint: 31207 ns, Cleanup: 7030 ns, At safepoint: 4605820 ns, Total: 4644057 ns
[2025-08-28T13:10:12.850+0000][1087812][info ][gc,start    ] GC(363) Pause Young (Normal) (G1 Evacuation Pause)
[2025-08-28T13:10:12.850+0000][1087812][info ][gc,task     ] GC(363) Using 12 workers of 33 for evacuation
[2025-08-28T13:10:12.850+0000][1087812][debug][gc,age      ] GC(363) Desired survivor size 20971520 bytes, new threshold 15 (max threshold 15)
[2025-08-28T13:10:12.853+0000][1087812][info ][gc,phases   ] GC(363)   Pre Evacuate Collection Set: 0.2ms
[2025-08-28T13:10:12.853+0000][1087812][info ][gc,phases   ] GC(363)   Merge Heap Roots: 0.1ms
[2025-08-28T13:10:12.853+0000][1087812][info ][gc,phases   ] GC(363)   Evacuate Collection Set: 1.7ms
[2025-08-28T13:10:12.853+0000][1087812][info ][gc,phases   ] GC(363)   Post Evacuate Collection Set: 0.9ms
[2025-08-28T13:10:12.853+0000][1087812][info ][gc,phases   ] GC(363)   Other: 0.1ms
[2025-08-28T13:10:12.853+0000][1087812][trace][gc,age      ] GC(363) Age table with threshold 15 (max threshold 15)
[2025-08-28T13:10:12.853+0000][1087812][trace][gc,age      ] GC(363) - age   1:    1126720 bytes,    1126720 total
[2025-08-28T13:10:12.853+0000][1087812][trace][gc,age      ] GC(363) - age   2:        888 bytes,    1127608 total
[2025-08-28T13:10:12.853+0000][1087812][trace][gc,age      ] GC(363) - age   3:        224 bytes,    1127832 total
[2025-08-28T13:10:12.853+0000][1087812][trace][gc,age      ] GC(363) - age   6:        584 bytes,    1128416 total
[2025-08-28T13:10:12.853+0000][1087812][trace][gc,age      ] GC(363) - age   9:         32 bytes,    1128448 total
[2025-08-28T13:10:12.853+0000][1087812][trace][gc,age      ] GC(363) - age  10:        648 bytes,    1129096 total
[2025-08-28T13:10:12.853+0000][1087812][trace][gc,age      ] GC(363) - age  11:       4392 bytes,    1133488 total
[2025-08-28T13:10:12.853+0000][1087812][trace][gc,age      ] GC(363) - age  12:        960 bytes,    1134448 total
[2025-08-28T13:10:12.853+0000][1087812][info ][gc,heap     ] GC(363) Eden regions: 75->0(75)
[2025-08-28T13:10:12.853+0000][1087812][info ][gc,heap     ] GC(363) Survivor regions: 1->1(10)
[2025-08-28T13:10:12.853+0000][1087812][info ][gc,heap     ] GC(363) Old regions: 26->26
[2025-08-28T13:10:12.853+0000][1087812][info ][gc,heap     ] GC(363) Humongous regions: 0->0
[2025-08-28T13:10:12.853+0000][1087812][info ][gc,metaspace] GC(363) Metaspace: 144388K(148416K)->144388K(148416K) NonClass: 124874K(126976K)->124874K(126976K) Class: 19514K(21440K)->19514K(21440K)
[2025-08-28T13:10:12.853+0000][1087812][info ][gc          ] GC(363) Pause Young (Normal) (G1 Evacuation Pause) 401M->101M(512M) 3.102ms
[2025-08-28T13:10:12.853+0000][1087812][info ][gc,cpu      ] GC(363) User=0.00s Sys=0.00s Real=0.01s
[2025-08-28T13:10:12.853+0000][1087812][info ][safepoint   ] Safepoint "G1CollectForAllocation", Time since last: 1993650972 ns, Reaching safepoint: 30136 ns, Cleanup: 6860 ns, At safepoint: 3330691 ns, Total: 3367687 ns
[2025-08-28T13:10:14.800+0000][1087812][info ][gc,start    ] GC(364) Pause Young (Normal) (G1 Evacuation Pause)
[2025-08-28T13:10:14.800+0000][1087812][info ][gc,task     ] GC(364) Using 12 workers of 33 for evacuation
[2025-08-28T13:10:14.800+0000][1087812][debug][gc,age      ] GC(364) Desired survivor size 20971520 bytes, new threshold 15 (max threshold 15)
[2025-08-28T13:10:14.803+0000][1087812][info ][gc,phases   ] GC(364)   Pre Evacuate Collection Set: 0.2ms
[2025-08-28T13:10:14.803+0000][1087812][info ][gc,phases   ] GC(364)   Merge Heap Roots: 0.1ms
[2025-08-28T13:10:14.803+0000][1087812][info ][gc,phases   ] GC(364)   Evacuate Collection Set: 1.5ms
[2025-08-28T13:10:14.803+0000][1087812][info ][gc,phases   ] GC(364)   Post Evacuate Collection Set: 0.8ms
[2025-08-28T13:10:14.803+0000][1087812][info ][gc,phases   ] GC(364)   Other: 0.1ms
[2025-08-28T13:10:14.803+0000][1087812][trace][gc,age      ] GC(364) Age table with threshold 15 (max threshold 15)
[2025-08-28T13:10:14.803+0000][1087812][trace][gc,age      ] GC(364) - age   1:    1093568 bytes,    1093568 total
[2025-08-28T13:10:14.803+0000][1087812][trace][gc,age      ] GC(364) - age   2:        240 bytes,    1093808 total
[2025-08-28T13:10:14.803+0000][1087812][trace][gc,age      ] GC(364) - age   3:        712 bytes,    1094520 total
[2025-08-28T13:10:14.803+0000][1087812][trace][gc,age      ] GC(364) - age   4:        224 bytes,    1094744 total
[2025-08-28T13:10:14.803+0000][1087812][trace][gc,age      ] GC(364) - age   7:        584 bytes,    1095328 total
[2025-08-28T13:10:14.803+0000][1087812][trace][gc,age      ] GC(364) - age  10:         32 bytes,    1095360 total
[2025-08-28T13:10:14.803+0000][1087812][trace][gc,age      ] GC(364) - age  11:        648 bytes,    1096008 total
[2025-08-28T13:10:14.803+0000][1087812][trace][gc,age      ] GC(364) - age  12:       4392 bytes,    1100400 total
[2025-08-28T13:10:14.803+0000][1087812][trace][gc,age      ] GC(364) - age  13:        960 bytes,    1101360 total
[2025-08-28T13:10:14.803+0000][1087812][info ][gc,heap     ] GC(364) Eden regions: 75->0(75)
[2025-08-28T13:10:14.803+0000][1087812][info ][gc,heap     ] GC(364) Survivor regions: 1->1(10)
[2025-08-28T13:10:14.803+0000][1087812][info ][gc,heap     ] GC(364) Old regions: 26->26
[2025-08-28T13:10:14.803+0000][1087812][info ][gc,heap     ] GC(364) Humongous regions: 0->0
[2025-08-28T13:10:14.803+0000][1087812][info ][gc,metaspace] GC(364) Metaspace: 144388K(148416K)->144388K(148416K) NonClass: 124874K(126976K)->124874K(126976K) Class: 19514K(21440K)->19514K(21440K)
[2025-08-28T13:10:14.803+0000][1087812][info ][gc          ] GC(364) Pause Young (Normal) (G1 Evacuation Pause) 401M->101M(512M) 2.820ms
[2025-08-28T13:10:14.803+0000][1087812][info ][gc,cpu      ] GC(364) User=0.00s Sys=0.01s Real=0.01s
[2025-08-28T13:10:14.803+0000][1087812][info ][safepoint   ] Safepoint "G1CollectForAllocation", Time since last: 1946673610 ns, Reaching safepoint: 23786 ns, Cleanup: 4917 ns, At safepoint: 3050464 ns, Total: 3079167 ns
[2025-08-28T13:10:16.777+0000][1087812][info ][gc,start    ] GC(365) Pause Young (Normal) (G1 Evacuation Pause)
[2025-08-28T13:10:16.777+0000][1087812][info ][gc,task     ] GC(365) Using 12 workers of 33 for evacuation
[2025-08-28T13:10:16.777+0000][1087812][debug][gc,age      ] GC(365) Desired survivor size 20971520 bytes, new threshold 15 (max threshold 15)
[2025-08-28T13:10:16.779+0000][1087812][info ][gc,phases   ] GC(365)   Pre Evacuate Collection Set: 0.2ms
[2025-08-28T13:10:16.779+0000][1087812][info ][gc,phases   ] GC(365)   Merge Heap Roots: 0.1ms
[2025-08-28T13:10:16.779+0000][1087812][info ][gc,phases   ] GC(365)   Evacuate Collection Set: 1.2ms
[2025-08-28T13:10:16.779+0000][1087812][info ][gc,phases   ] GC(365)   Post Evacuate Collection Set: 0.6ms
[2025-08-28T13:10:16.779+0000][1087812][info ][gc,phases   ] GC(365)   Other: 0.1ms
[2025-08-28T13:10:16.779+0000][1087812][trace][gc,age      ] GC(365) Age table with threshold 15 (max threshold 15)
[2025-08-28T13:10:16.779+0000][1087812][trace][gc,age      ] GC(365) - age   1:    1137672 bytes,    1137672 total
[2025-08-28T13:10:16.779+0000][1087812][trace][gc,age      ] GC(365) - age   2:        176 bytes,    1137848 total
[2025-08-28T13:10:16.779+0000][1087812][trace][gc,age      ] GC(365) - age   3:        240 bytes,    1138088 total
[2025-08-28T13:10:16.779+0000][1087812][trace][gc,age      ] GC(365) - age   4:        176 bytes,    1138264 total
[2025-08-28T13:10:16.779+0000][1087812][trace][gc,age      ] GC(365) - age   5:        224 bytes,    1138488 total
[2025-08-28T13:10:16.779+0000][1087812][trace][gc,age      ] GC(365) - age   8:        584 bytes,    1139072 total
[2025-08-28T13:10:16.779+0000][1087812][trace][gc,age      ] GC(365) - age  11:         32 bytes,    1139104 total
[2025-08-28T13:10:16.779+0000][1087812][trace][gc,age      ] GC(365) - age  12:        648 bytes,    1139752 total
[2025-08-28T13:10:16.779+0000][1087812][trace][gc,age      ] GC(365) - age  13:       4392 bytes,    1144144 total
[2025-08-28T13:10:16.779+0000][1087812][trace][gc,age      ] GC(365) - age  14:        960 bytes,    1145104 total
[2025-08-28T13:10:16.779+0000][1087812][info ][gc,heap     ] GC(365) Eden regions: 75->0(75)
[2025-08-28T13:10:16.779+0000][1087812][info ][gc,heap     ] GC(365) Survivor regions: 1->1(10)
[2025-08-28T13:10:16.779+0000][1087812][info ][gc,heap     ] GC(365) Old regions: 26->26
[2025-08-28T13:10:16.779+0000][1087812][info ][gc,heap     ] GC(365) Humongous regions: 0->0
[2025-08-28T13:10:16.779+0000][1087812][info ][gc,metaspace] GC(365) Metaspace: 144388K(148416K)->144388K(148416K) NonClass: 124874K(126976K)->124874K(126976K) Class: 19514K(21440K)->19514K(21440K)
[2025-08-28T13:10:16.779+0000][1087812][info ][gc          ] GC(365) Pause Young (Normal) (G1 Evacuation Pause) 401M->101M(512M) 2.249ms
[2025-08-28T13:10:16.779+0000][1087812][info ][gc,cpu      ] GC(365) User=0.00s Sys=0.00s Real=0.00s
[2025-08-28T13:10:16.779+0000][1087812][info ][safepoint   ] Safepoint "G1CollectForAllocation", Time since last: 1974026010 ns, Reaching safepoint: 26950 ns, Cleanup: 4176 ns, At safepoint: 2395650 ns, Total: 2426776 ns
[2025-08-28T13:10:18.775+0000][1087812][info ][gc,start    ] GC(366) Pause Young (Normal) (G1 Evacuation Pause)
[2025-08-28T13:10:18.775+0000][1087812][info ][gc,task     ] GC(366) Using 12 workers of 33 for evacuation
[2025-08-28T13:10:18.775+0000][1087812][debug][gc,age      ] GC(366) Desired survivor size 20971520 bytes, new threshold 15 (max threshold 15)
[2025-08-28T13:10:18.778+0000][1087812][info ][gc,phases   ] GC(366)   Pre Evacuate Collection Set: 0.2ms
[2025-08-28T13:10:18.778+0000][1087812][info ][gc,phases   ] GC(366)   Merge Heap Roots: 0.1ms
[2025-08-28T13:10:18.778+0000][1087812][info ][gc,phases   ] GC(366)   Evacuate Collection Set: 1.5ms
[2025-08-28T13:10:18.778+0000][1087812][info ][gc,phases   ] GC(366)   Post Evacuate Collection Set: 0.9ms
[2025-08-28T13:10:18.778+0000][1087812][info ][gc,phases   ] GC(366)   Other: 0.1ms
[2025-08-28T13:10:18.778+0000][1087812][trace][gc,age      ] GC(366) Age table with threshold 15 (max threshold 15)
[2025-08-28T13:10:18.778+0000][1087812][trace][gc,age      ] GC(366) - age   1:    1175920 bytes,    1175920 total
[2025-08-28T13:10:18.778+0000][1087812][trace][gc,age      ] GC(366) - age   2:        536 bytes,    1176456 total
[2025-08-28T13:10:18.778+0000][1087812][trace][gc,age      ] GC(366) - age   3:        176 bytes,    1176632 total
[2025-08-28T13:10:18.778+0000][1087812][trace][gc,age      ] GC(366) - age   4:        240 bytes,    1176872 total
[2025-08-28T13:10:18.778+0000][1087812][trace][gc,age      ] GC(366) - age   5:        176 bytes,    1177048 total
[2025-08-28T13:10:18.778+0000][1087812][trace][gc,age      ] GC(366) - age   6:        224 bytes,    1177272 total
[2025-08-28T13:10:18.778+0000][1087812][trace][gc,age      ] GC(366) - age   9:        584 bytes,    1177856 total
[2025-08-28T13:10:18.778+0000][1087812][trace][gc,age      ] GC(366) - age  12:         32 bytes,    1177888 total
[2025-08-28T13:10:18.778+0000][1087812][trace][gc,age      ] GC(366) - age  13:        648 bytes,    1178536 total
[2025-08-28T13:10:18.778+0000][1087812][trace][gc,age      ] GC(366) - age  14:       4392 bytes,    1182928 total
[2025-08-28T13:10:18.778+0000][1087812][trace][gc,age      ] GC(366) - age  15:        960 bytes,    1183888 total
[2025-08-28T13:10:18.778+0000][1087812][info ][gc,heap     ] GC(366) Eden regions: 75->0(75)
[2025-08-28T13:10:18.778+0000][1087812][info ][gc,heap     ] GC(366) Survivor regions: 1->1(10)
[2025-08-28T13:10:18.778+0000][1087812][info ][gc,heap     ] GC(366) Old regions: 26->26
[2025-08-28T13:10:18.778+0000][1087812][info ][gc,heap     ] GC(366) Humongous regions: 0->0
[2025-08-28T13:10:18.778+0000][1087812][info ][gc,metaspace] GC(366) Metaspace: 144388K(148416K)->144388K(148416K) NonClass: 124874K(126976K)->124874K(126976K) Class: 19514K(21440K)->19514K(21440K)
[2025-08-28T13:10:18.778+0000][1087812][info ][gc          ] GC(366) Pause Young (Normal) (G1 Evacuation Pause) 401M->101M(512M) 2.922ms
[2025-08-28T13:10:18.778+0000][1087812][info ][gc,cpu      ] GC(366) User=0.01s Sys=0.00s Real=0.00s
[2025-08-28T13:10:18.778+0000][1087812][info ][safepoint   ] Safepoint "G1CollectForAllocation", Time since last: 1995393740 ns, Reaching safepoint: 96245 ns, Cleanup: 3966 ns, At safepoint: 3135381 ns, Total: 3235592 ns
[2025-08-28T13:10:20.761+0000][1087812][info ][gc,start    ] GC(367) Pause Young (Normal) (G1 Evacuation Pause)
[2025-08-28T13:10:20.761+0000][1087812][info ][gc,task     ] GC(367) Using 12 workers of 33 for evacuation
[2025-08-28T13:10:20.761+0000][1087812][debug][gc,age      ] GC(367) Desired survivor size 20971520 bytes, new threshold 15 (max threshold 15)
[2025-08-28T13:10:20.764+0000][1087812][info ][gc,phases   ] GC(367)   Pre Evacuate Collection Set: 0.2ms
[2025-08-28T13:10:20.764+0000][1087812][info ][gc,phases   ] GC(367)   Merge Heap Roots: 0.1ms
[2025-08-28T13:10:20.764+0000][1087812][info ][gc,phases   ] GC(367)   Evacuate Collection Set: 1.3ms
[2025-08-28T13:10:20.764+0000][1087812][info ][gc,phases   ] GC(367)   Post Evacuate Collection Set: 0.8ms
[2025-08-28T13:10:20.764+0000][1087812][info ][gc,phases   ] GC(367)   Other: 0.1ms
[2025-08-28T13:10:20.764+0000][1087812][trace][gc,age      ] GC(367) Age table with threshold 15 (max threshold 15)
[2025-08-28T13:10:20.764+0000][1087812][trace][gc,age      ] GC(367) - age   1:     940584 bytes,     940584 total
[2025-08-28T13:10:20.764+0000][1087812][trace][gc,age      ] GC(367) - age   5:        240 bytes,     940824 total
[2025-08-28T13:10:20.764+0000][1087812][trace][gc,age      ] GC(367) - age   6:        176 bytes,     941000 total
[2025-08-28T13:10:20.764+0000][1087812][trace][gc,age      ] GC(367) - age   7:        224 bytes,     941224 total
[2025-08-28T13:10:20.764+0000][1087812][trace][gc,age      ] GC(367) - age  10:        584 bytes,     941808 total
[2025-08-28T13:10:20.764+0000][1087812][trace][gc,age      ] GC(367) - age  13:         32 bytes,     941840 total
[2025-08-28T13:10:20.764+0000][1087812][trace][gc,age      ] GC(367) - age  14:        648 bytes,     942488 total
[2025-08-28T13:10:20.764+0000][1087812][trace][gc,age      ] GC(367) - age  15:       3328 bytes,     945816 total
[2025-08-28T13:10:20.764+0000][1087812][info ][gc,heap     ] GC(367) Eden regions: 75->0(75)
[2025-08-28T13:10:20.764+0000][1087812][info ][gc,heap     ] GC(367) Survivor regions: 1->1(10)
[2025-08-28T13:10:20.764+0000][1087812][info ][gc,heap     ] GC(367) Old regions: 26->26
[2025-08-28T13:10:20.764+0000][1087812][info ][gc,heap     ] GC(367) Humongous regions: 0->0
[2025-08-28T13:10:20.764+0000][1087812][info ][gc,metaspace] GC(367) Metaspace: 144390K(148416K)->144390K(148416K) NonClass: 124876K(126976K)->124876K(126976K) Class: 19514K(21440K)->19514K(21440K)
[2025-08-28T13:10:20.764+0000][1087812][info ][gc          ] GC(367) Pause Young (Normal) (G1 Evacuation Pause) 401M->101M(512M) 2.690ms
[2025-08-28T13:10:20.764+0000][1087812][info ][gc,cpu      ] GC(367) User=0.01s Sys=0.00s Real=0.00s
[2025-08-28T13:10:20.764+0000][1087812][info ][safepoint   ] Safepoint "G1CollectForAllocation", Time since last: 1983282870 ns, Reaching safepoint: 26450 ns, Cleanup: 4386 ns, At safepoint: 2899858 ns, Total: 2930694 ns
[2025-08-28T13:10:22.760+0000][1087812][info ][gc,start    ] GC(368) Pause Young (Normal) (G1 Evacuation Pause)
[2025-08-28T13:10:22.760+0000][1087812][info ][gc,task     ] GC(368) Using 12 workers of 33 for evacuation
[2025-08-28T13:10:22.760+0000][1087812][debug][gc,age      ] GC(368) Desired survivor size 20971520 bytes, new threshold 15 (max threshold 15)
[2025-08-28T13:10:22.763+0000][1087812][info ][gc,phases   ] GC(368)   Pre Evacuate Collection Set: 0.2ms
[2025-08-28T13:10:22.763+0000][1087812][info ][gc,phases   ] GC(368)   Merge Heap Roots: 0.1ms
[2025-08-28T13:10:22.763+0000][1087812][info ][gc,phases   ] GC(368)   Evacuate Collection Set: 1.7ms
[2025-08-28T13:10:22.763+0000][1087812][info ][gc,phases   ] GC(368)   Post Evacuate Collection Set: 0.7ms
[2025-08-28T13:10:22.763+0000][1087812][info ][gc,phases   ] GC(368)   Other: 0.1ms
[2025-08-28T13:10:22.763+0000][1087812][trace][gc,age      ] GC(368) Age table with threshold 15 (max threshold 15)
[2025-08-28T13:10:22.763+0000][1087812][trace][gc,age      ] GC(368) - age   1:    1195152 bytes,    1195152 total
[2025-08-28T13:10:22.763+0000][1087812][trace][gc,age      ] GC(368) - age   2:       3432 bytes,    1198584 total
[2025-08-28T13:10:22.763+0000][1087812][trace][gc,age      ] GC(368) - age   7:        176 bytes,    1198760 total
[2025-08-28T13:10:22.763+0000][1087812][trace][gc,age      ] GC(368) - age   8:        224 bytes,    1198984 total
[2025-08-28T13:10:22.763+0000][1087812][trace][gc,age      ] GC(368) - age  11:        552 bytes,    1199536 total
[2025-08-28T13:10:22.763+0000][1087812][trace][gc,age      ] GC(368) - age  14:         32 bytes,    1199568 total
[2025-08-28T13:10:22.763+0000][1087812][trace][gc,age      ] GC(368) - age  15:        648 bytes,    1200216 total
[2025-08-28T13:10:22.763+0000][1087812][info ][gc,heap     ] GC(368) Eden regions: 75->0(75)
[2025-08-28T13:10:22.763+0000][1087812][info ][gc,heap     ] GC(368) Survivor regions: 1->1(10)
[2025-08-28T13:10:22.763+0000][1087812][info ][gc,heap     ] GC(368) Old regions: 26->26
[2025-08-28T13:10:22.763+0000][1087812][info ][gc,heap     ] GC(368) Humongous regions: 0->0
[2025-08-28T13:10:22.763+0000][1087812][info ][gc,metaspace] GC(368) Metaspace: 144390K(148416K)->144390K(148416K) NonClass: 124876K(126976K)->124876K(126976K) Class: 19514K(21440K)->19514K(21440K)
[2025-08-28T13:10:22.763+0000][1087812][info ][gc          ] GC(368) Pause Young (Normal) (G1 Evacuation Pause) 401M->101M(512M) 2.970ms
[2025-08-28T13:10:22.763+0000][1087812][info ][gc,cpu      ] GC(368) User=0.01s Sys=0.00s Real=0.01s
[2025-08-28T13:10:22.763+0000][1087812][info ][safepoint   ] Safepoint "G1CollectForAllocation", Time since last: 1995840390 ns, Reaching safepoint: 26680 ns, Cleanup: 3926 ns, At safepoint: 3178165 ns, Total: 3208771 ns
[2025-08-28T13:10:24.737+0000][1087812][info ][gc,start    ] GC(369) Pause Young (Normal) (G1 Evacuation Pause)
[2025-08-28T13:10:24.737+0000][1087812][info ][gc,task     ] GC(369) Using 12 workers of 33 for evacuation
[2025-08-28T13:10:24.737+0000][1087812][debug][gc,age      ] GC(369) Desired survivor size 20971520 bytes, new threshold 15 (max threshold 15)
[2025-08-28T13:10:24.739+0000][1087812][info ][gc,phases   ] GC(369)   Pre Evacuate Collection Set: 0.2ms
[2025-08-28T13:10:24.739+0000][1087812][info ][gc,phases   ] GC(369)   Merge Heap Roots: 0.1ms
[2025-08-28T13:10:24.739+0000][1087812][info ][gc,phases   ] GC(369)   Evacuate Collection Set: 1.1ms
[2025-08-28T13:10:24.739+0000][1087812][info ][gc,phases   ] GC(369)   Post Evacuate Collection Set: 0.7ms
[2025-08-28T13:10:24.739+0000][1087812][info ][gc,phases   ] GC(369)   Other: 0.1ms
[2025-08-28T13:10:24.739+0000][1087812][trace][gc,age      ] GC(369) Age table with threshold 15 (max threshold 15)
[2025-08-28T13:10:24.739+0000][1087812][trace][gc,age      ] GC(369) - age   1:     904000 bytes,     904000 total
[2025-08-28T13:10:24.739+0000][1087812][trace][gc,age      ] GC(369) - age   2:       2720 bytes,     906720 total
[2025-08-28T13:10:24.739+0000][1087812][trace][gc,age      ] GC(369) - age   3:       3256 bytes,     909976 total
[2025-08-28T13:10:24.739+0000][1087812][trace][gc,age      ] GC(369) - age   8:        176 bytes,     910152 total
[2025-08-28T13:10:24.739+0000][1087812][trace][gc,age      ] GC(369) - age   9:        224 bytes,     910376 total
[2025-08-28T13:10:24.739+0000][1087812][trace][gc,age      ] GC(369) - age  12:        552 bytes,     910928 total
[2025-08-28T13:10:24.739+0000][1087812][trace][gc,age      ] GC(369) - age  15:         32 bytes,     910960 total
[2025-08-28T13:10:24.739+0000][1087812][info ][gc,heap     ] GC(369) Eden regions: 75->0(75)
[2025-08-28T13:10:24.739+0000][1087812][info ][gc,heap     ] GC(369) Survivor regions: 1->1(10)
[2025-08-28T13:10:24.739+0000][1087812][info ][gc,heap     ] GC(369) Old regions: 26->26
[2025-08-28T13:10:24.739+0000][1087812][info ][gc,heap     ] GC(369) Humongous regions: 0->0
[2025-08-28T13:10:24.739+0000][1087812][info ][gc,metaspace] GC(369) Metaspace: 144390K(148416K)->144390K(148416K) NonClass: 124876K(126976K)->124876K(126976K) Class: 19514K(21440K)->19514K(21440K)
[2025-08-28T13:10:24.739+0000][1087812][info ][gc          ] GC(369) Pause Young (Normal) (G1 Evacuation Pause) 401M->101M(512M) 2.337ms
[2025-08-28T13:10:24.739+0000][1087812][info ][gc,cpu      ] GC(369) User=0.00s Sys=0.00s Real=0.00s
[2025-08-28T13:10:24.739+0000][1087812][info ][safepoint   ] Safepoint "G1CollectForAllocation", Time since last: 1973365247 ns, Reaching safepoint: 30727 ns, Cleanup: 5127 ns, At safepoint: 2547719 ns, Total: 2583573 ns
[2025-08-28T13:10:26.735+0000][1087812][info ][gc,start    ] GC(370) Pause Young (Normal) (G1 Evacuation Pause)
[2025-08-28T13:10:26.735+0000][1087812][info ][gc,task     ] GC(370) Using 12 workers of 33 for evacuation
[2025-08-28T13:10:26.735+0000][1087812][debug][gc,age      ] GC(370) Desired survivor size 20971520 bytes, new threshold 15 (max threshold 15)
[2025-08-28T13:10:26.738+0000][1087812][info ][gc,phases   ] GC(370)   Pre Evacuate Collection Set: 0.2ms
[2025-08-28T13:10:26.738+0000][1087812][info ][gc,phases   ] GC(370)   Merge Heap Roots: 0.1ms
[2025-08-28T13:10:26.738+0000][1087812][info ][gc,phases   ] GC(370)   Evacuate Collection Set: 1.5ms
[2025-08-28T13:10:26.738+0000][1087812][info ][gc,phases   ] GC(370)   Post Evacuate Collection Set: 0.8ms
[2025-08-28T13:10:26.738+0000][1087812][info ][gc,phases   ] GC(370)   Other: 0.1ms
[2025-08-28T13:10:26.738+0000][1087812][trace][gc,age      ] GC(370) Age table with threshold 15 (max threshold 15)
[2025-08-28T13:10:26.738+0000][1087812][trace][gc,age      ] GC(370) - age   1:    1242712 bytes,    1242712 total
[2025-08-28T13:10:26.738+0000][1087812][trace][gc,age      ] GC(370) - age   2:        176 bytes,    1242888 total
[2025-08-28T13:10:26.738+0000][1087812][trace][gc,age      ] GC(370) - age   3:       2688 bytes,    1245576 total
[2025-08-28T13:10:26.738+0000][1087812][trace][gc,age      ] GC(370) - age   4:       2720 bytes,    1248296 total
[2025-08-28T13:10:26.738+0000][1087812][trace][gc,age      ] GC(370) - age   9:        176 bytes,    1248472 total
[2025-08-28T13:10:26.738+0000][1087812][trace][gc,age      ] GC(370) - age  13:        552 bytes,    1249024 total
[2025-08-28T13:10:26.738+0000][1087812][info ][gc,heap     ] GC(370) Eden regions: 75->0(75)
[2025-08-28T13:10:26.738+0000][1087812][info ][gc,heap     ] GC(370) Survivor regions: 1->1(10)
[2025-08-28T13:10:26.738+0000][1087812][info ][gc,heap     ] GC(370) Old regions: 26->26
[2025-08-28T13:10:26.738+0000][1087812][info ][gc,heap     ] GC(370) Humongous regions: 0->0
[2025-08-28T13:10:26.738+0000][1087812][info ][gc,metaspace] GC(370) Metaspace: 144390K(148416K)->144390K(148416K) NonClass: 124876K(126976K)->124876K(126976K) Class: 19514K(21440K)->19514K(21440K)
[2025-08-28T13:10:26.738+0000][1087812][info ][gc          ] GC(370) Pause Young (Normal) (G1 Evacuation Pause) 401M->101M(512M) 2.751ms
[2025-08-28T13:10:26.738+0000][1087812][info ][gc,cpu      ] GC(370) User=0.01s Sys=0.00s Real=0.00s
[2025-08-28T13:10:26.738+0000][1087812][info ][safepoint   ] Safepoint "G1CollectForAllocation", Time since last: 1995833699 ns, Reaching safepoint: 26460 ns, Cleanup: 3776 ns, At safepoint: 2956592 ns, Total: 2986828 ns
[2025-08-28T13:10:28.748+0000][1087812][info ][gc,start    ] GC(371) Pause Young (Normal) (G1 Evacuation Pause)
[2025-08-28T13:10:28.748+0000][1087812][info ][gc,task     ] GC(371) Using 12 workers of 33 for evacuation
[2025-08-28T13:10:28.748+0000][1087812][debug][gc,age      ] GC(371) Desired survivor size 20971520 bytes, new threshold 15 (max threshold 15)
[2025-08-28T13:10:28.750+0000][1087812][info ][gc,phases   ] GC(371)   Pre Evacuate Collection Set: 0.2ms
[2025-08-28T13:10:28.751+0000][1087812][info ][gc,phases   ] GC(371)   Merge Heap Roots: 0.1ms
[2025-08-28T13:10:28.751+0000][1087812][info ][gc,phases   ] GC(371)   Evacuate Collection Set: 1.4ms
[2025-08-28T13:10:28.751+0000][1087812][info ][gc,phases   ] GC(371)   Post Evacuate Collection Set: 1.2ms
[2025-08-28T13:10:28.751+0000][1087812][info ][gc,phases   ] GC(371)   Other: 0.1ms
[2025-08-28T13:10:28.751+0000][1087812][trace][gc,age      ] GC(371) Age table with threshold 15 (max threshold 15)
[2025-08-28T13:10:28.751+0000][1087812][trace][gc,age      ] GC(371) - age   1:     319392 bytes,     319392 total
[2025-08-28T13:10:28.751+0000][1087812][trace][gc,age      ] GC(371) - age   2:        760 bytes,     320152 total
[2025-08-28T13:10:28.751+0000][1087812][trace][gc,age      ] GC(371) - age   3:        176 bytes,     320328 total
[2025-08-28T13:10:28.751+0000][1087812][trace][gc,age      ] GC(371) - age   4:       2688 bytes,     323016 total
[2025-08-28T13:10:28.751+0000][1087812][trace][gc,age      ] GC(371) - age   5:       2720 bytes,     325736 total
[2025-08-28T13:10:28.751+0000][1087812][trace][gc,age      ] GC(371) - age  10:        176 bytes,     325912 total
[2025-08-28T13:10:28.751+0000][1087812][trace][gc,age      ] GC(371) - age  14:        552 bytes,     326464 total
[2025-08-28T13:10:28.751+0000][1087812][info ][gc,heap     ] GC(371) Eden regions: 75->0(75)
[2025-08-28T13:10:28.751+0000][1087812][info ][gc,heap     ] GC(371) Survivor regions: 1->1(10)
[2025-08-28T13:10:28.751+0000][1087812][info ][gc,heap     ] GC(371) Old regions: 26->26
[2025-08-28T13:10:28.751+0000][1087812][info ][gc,heap     ] GC(371) Humongous regions: 0->0
[2025-08-28T13:10:28.751+0000][1087812][info ][gc,metaspace] GC(371) Metaspace: 144390K(148416K)->144390K(148416K) NonClass: 124876K(126976K)->124876K(126976K) Class: 19514K(21440K)->19514K(21440K)
[2025-08-28T13:10:28.751+0000][1087812][info ][gc          ] GC(371) Pause Young (Normal) (G1 Evacuation Pause) 401M->100M(512M) 3.082ms
[2025-08-28T13:10:28.751+0000][1087812][info ][gc,cpu      ] GC(371) User=0.01s Sys=0.00s Real=0.01s
[2025-08-28T13:10:28.751+0000][1087812][info ][safepoint   ] Safepoint "G1CollectForAllocation", Time since last: 2009473577 ns, Reaching safepoint: 25358 ns, Cleanup: 4396 ns, At safepoint: 3286949 ns, Total: 3316703 ns
[2025-08-28T13:10:30.706+0000][1087812][info ][gc,start    ] GC(372) Pause Young (Normal) (G1 Evacuation Pause)
[2025-08-28T13:10:30.706+0000][1087812][info ][gc,task     ] GC(372) Using 12 workers of 33 for evacuation
[2025-08-28T13:10:30.706+0000][1087812][debug][gc,age      ] GC(372) Desired survivor size 20971520 bytes, new threshold 15 (max threshold 15)
[2025-08-28T13:10:30.708+0000][1087812][info ][gc,phases   ] GC(372)   Pre Evacuate Collection Set: 0.2ms
[2025-08-28T13:10:30.708+0000][1087812][info ][gc,phases   ] GC(372)   Merge Heap Roots: 0.1ms
[2025-08-28T13:10:30.708+0000][1087812][info ][gc,phases   ] GC(372)   Evacuate Collection Set: 1.2ms
[2025-08-28T13:10:30.708+0000][1087812][info ][gc,phases   ] GC(372)   Post Evacuate Collection Set: 0.8ms
[2025-08-28T13:10:30.708+0000][1087812][info ][gc,phases   ] GC(372)   Other: 0.1ms
[2025-08-28T13:10:30.708+0000][1087812][trace][gc,age      ] GC(372) Age table with threshold 15 (max threshold 15)
[2025-08-28T13:10:30.708+0000][1087812][trace][gc,age      ] GC(372) - age   1:     189528 bytes,     189528 total
[2025-08-28T13:10:30.708+0000][1087812][trace][gc,age      ] GC(372) - age   2:        224 bytes,     189752 total
[2025-08-28T13:10:30.708+0000][1087812][trace][gc,age      ] GC(372) - age   3:        224 bytes,     189976 total
[2025-08-28T13:10:30.708+0000][1087812][trace][gc,age      ] GC(372) - age   5:       2688 bytes,     192664 total
[2025-08-28T13:10:30.708+0000][1087812][trace][gc,age      ] GC(372) - age   6:       2720 bytes,     195384 total
[2025-08-28T13:10:30.708+0000][1087812][trace][gc,age      ] GC(372) - age  11:        176 bytes,     195560 total
[2025-08-28T13:10:30.708+0000][1087812][trace][gc,age      ] GC(372) - age  15:        552 bytes,     196112 total
[2025-08-28T13:10:30.708+0000][1087812][info ][gc,heap     ] GC(372) Eden regions: 75->0(75)
[2025-08-28T13:10:30.708+0000][1087812][info ][gc,heap     ] GC(372) Survivor regions: 1->1(10)
[2025-08-28T13:10:30.708+0000][1087812][info ][gc,heap     ] GC(372) Old regions: 26->26
[2025-08-28T13:10:30.708+0000][1087812][info ][gc,heap     ] GC(372) Humongous regions: 0->0
[2025-08-28T13:10:30.708+0000][1087812][info ][gc,metaspace] GC(372) Metaspace: 144408K(148416K)->144408K(148416K) NonClass: 124890K(126976K)->124890K(126976K) Class: 19517K(21440K)->19517K(21440K)
[2025-08-28T13:10:30.708+0000][1087812][info ][gc          ] GC(372) Pause Young (Normal) (G1 Evacuation Pause) 400M->100M(512M) 2.499ms
[2025-08-28T13:10:30.708+0000][1087812][info ][gc,cpu      ] GC(372) User=0.01s Sys=0.00s Real=0.00s
[2025-08-28T13:10:30.708+0000][1087812][info ][safepoint   ] Safepoint "G1CollectForAllocation", Time since last: 1954776935 ns, Reaching safepoint: 24057 ns, Cleanup: 44797 ns, At safepoint: 2759807 ns, Total: 2828661 ns
[2025-08-28T13:10:31.709+0000][1087812][info ][safepoint   ] Safepoint "Cleanup", Time since last: 1000122073 ns, Reaching safepoint: 38949 ns, Cleanup: 24387 ns, At safepoint: 4927 ns, Total: 68263 ns
[2025-08-28T13:10:32.673+0000][1087812][info ][gc,start    ] GC(373) Pause Young (Normal) (G1 Evacuation Pause)
[2025-08-28T13:10:32.673+0000][1087812][info ][gc,task     ] GC(373) Using 12 workers of 33 for evacuation
[2025-08-28T13:10:32.673+0000][1087812][debug][gc,age      ] GC(373) Desired survivor size 20971520 bytes, new threshold 15 (max threshold 15)
[2025-08-28T13:10:32.676+0000][1087812][info ][gc,phases   ] GC(373)   Pre Evacuate Collection Set: 0.3ms
[2025-08-28T13:10:32.676+0000][1087812][info ][gc,phases   ] GC(373)   Merge Heap Roots: 0.1ms
[2025-08-28T13:10:32.676+0000][1087812][info ][gc,phases   ] GC(373)   Evacuate Collection Set: 1.5ms
[2025-08-28T13:10:32.676+0000][1087812][info ][gc,phases   ] GC(373)   Post Evacuate Collection Set: 0.8ms
[2025-08-28T13:10:32.676+0000][1087812][info ][gc,phases   ] GC(373)   Other: 0.1ms
[2025-08-28T13:10:32.676+0000][1087812][trace][gc,age      ] GC(373) Age table with threshold 15 (max threshold 15)
[2025-08-28T13:10:32.676+0000][1087812][trace][gc,age      ] GC(373) - age   1:     690680 bytes,     690680 total
[2025-08-28T13:10:32.676+0000][1087812][trace][gc,age      ] GC(373) - age   2:     184144 bytes,     874824 total
[2025-08-28T13:10:32.676+0000][1087812][trace][gc,age      ] GC(373) - age   3:        224 bytes,     875048 total
[2025-08-28T13:10:32.676+0000][1087812][trace][gc,age      ] GC(373) - age   4:        224 bytes,     875272 total
[2025-08-28T13:10:32.676+0000][1087812][trace][gc,age      ] GC(373) - age   6:       2448 bytes,     877720 total
[2025-08-28T13:10:32.676+0000][1087812][trace][gc,age      ] GC(373) - age   7:       2720 bytes,     880440 total
[2025-08-28T13:10:32.676+0000][1087812][trace][gc,age      ] GC(373) - age  12:        176 bytes,     880616 total
[2025-08-28T13:10:32.676+0000][1087812][info ][gc,heap     ] GC(373) Eden regions: 75->0(75)
[2025-08-28T13:10:32.676+0000][1087812][info ][gc,heap     ] GC(373) Survivor regions: 1->1(10)
[2025-08-28T13:10:32.676+0000][1087812][info ][gc,heap     ] GC(373) Old regions: 26->26
[2025-08-28T13:10:32.676+0000][1087812][info ][gc,heap     ] GC(373) Humongous regions: 0->0
[2025-08-28T13:10:32.676+0000][1087812][info ][gc,metaspace] GC(373) Metaspace: 144408K(148416K)->144408K(148416K) NonClass: 124890K(126976K)->124890K(126976K) Class: 19517K(21440K)->19517K(21440K)
[2025-08-28T13:10:32.676+0000][1087812][info ][gc          ] GC(373) Pause Young (Normal) (G1 Evacuation Pause) 400M->101M(512M) 2.905ms
[2025-08-28T13:10:32.676+0000][1087812][info ][gc,cpu      ] GC(373) User=0.01s Sys=0.00s Real=0.00s
[2025-08-28T13:10:32.676+0000][1087812][info ][safepoint   ] Safepoint "G1CollectForAllocation", Time since last: 964236910 ns, Reaching safepoint: 38658 ns, Cleanup: 9835 ns, At safepoint: 3204014 ns, Total: 3252507 ns
[2025-08-28T13:10:34.648+0000][1087812][info ][gc,start    ] GC(374) Pause Young (Normal) (G1 Evacuation Pause)
[2025-08-28T13:10:34.648+0000][1087812][info ][gc,task     ] GC(374) Using 12 workers of 33 for evacuation
[2025-08-28T13:10:34.648+0000][1087812][debug][gc,age      ] GC(374) Desired survivor size 20971520 bytes, new threshold 15 (max threshold 15)
[2025-08-28T13:10:34.650+0000][1087812][info ][gc,phases   ] GC(374)   Pre Evacuate Collection Set: 0.2ms
[2025-08-28T13:10:34.650+0000][1087812][info ][gc,phases   ] GC(374)   Merge Heap Roots: 0.1ms
[2025-08-28T13:10:34.650+0000][1087812][info ][gc,phases   ] GC(374)   Evacuate Collection Set: 1.4ms
[2025-08-28T13:10:34.650+0000][1087812][info ][gc,phases   ] GC(374)   Post Evacuate Collection Set: 0.8ms
[2025-08-28T13:10:34.650+0000][1087812][info ][gc,phases   ] GC(374)   Other: 0.1ms
[2025-08-28T13:10:34.650+0000][1087812][trace][gc,age      ] GC(374) Age table with threshold 15 (max threshold 15)
[2025-08-28T13:10:34.650+0000][1087812][trace][gc,age      ] GC(374) - age   1:     680336 bytes,     680336 total
[2025-08-28T13:10:34.650+0000][1087812][trace][gc,age      ] GC(374) - age   2:      14224 bytes,     694560 total
[2025-08-28T13:10:34.650+0000][1087812][trace][gc,age      ] GC(374) - age   3:     183968 bytes,     878528 total
[2025-08-28T13:10:34.650+0000][1087812][trace][gc,age      ] GC(374) - age   4:        224 bytes,     878752 total
[2025-08-28T13:10:34.650+0000][1087812][trace][gc,age      ] GC(374) - age   5:        224 bytes,     878976 total
[2025-08-28T13:10:34.650+0000][1087812][trace][gc,age      ] GC(374) - age   7:       2416 bytes,     881392 total
[2025-08-28T13:10:34.650+0000][1087812][trace][gc,age      ] GC(374) - age   8:       2720 bytes,     884112 total
[2025-08-28T13:10:34.650+0000][1087812][trace][gc,age      ] GC(374) - age  13:        176 bytes,     884288 total
[2025-08-28T13:10:34.650+0000][1087812][info ][gc,heap     ] GC(374) Eden regions: 75->0(75)
[2025-08-28T13:10:34.650+0000][1087812][info ][gc,heap     ] GC(374) Survivor regions: 1->1(10)
[2025-08-28T13:10:34.650+0000][1087812][info ][gc,heap     ] GC(374) Old regions: 26->26
[2025-08-28T13:10:34.650+0000][1087812][info ][gc,heap     ] GC(374) Humongous regions: 0->0
[2025-08-28T13:10:34.650+0000][1087812][info ][gc,metaspace] GC(374) Metaspace: 144408K(148416K)->144408K(148416K) NonClass: 124890K(126976K)->124890K(126976K) Class: 19517K(21440K)->19517K(21440K)
[2025-08-28T13:10:34.650+0000][1087812][info ][gc          ] GC(374) Pause Young (Normal) (G1 Evacuation Pause) 401M->101M(512M) 2.599ms
[2025-08-28T13:10:34.650+0000][1087812][info ][gc,cpu      ] GC(374) User=0.00s Sys=0.01s Real=0.00s
[2025-08-28T13:10:34.650+0000][1087812][info ][safepoint   ] Safepoint "G1CollectForAllocation", Time since last: 1971604752 ns, Reaching safepoint: 26199 ns, Cleanup: 12319 ns, At safepoint: 2755751 ns, Total: 2794269 ns
[2025-08-28T13:10:35.673+0000][1087812][info ][safepoint   ] Safepoint "Cleanup", Time since last: 1008419001 ns, Reaching safepoint: 13695550 ns, Cleanup: 129404 ns, At safepoint: 20731 ns, Total: 13845685 ns
[2025-08-28T13:10:36.539+0000][1087812][info ][gc,start    ] GC(375) Pause Young (Normal) (G1 Evacuation Pause)
[2025-08-28T13:10:36.539+0000][1087812][info ][gc,task     ] GC(375) Using 12 workers of 33 for evacuation
[2025-08-28T13:10:36.539+0000][1087812][debug][gc,age      ] GC(375) Desired survivor size 20971520 bytes, new threshold 15 (max threshold 15)
[2025-08-28T13:10:36.543+0000][1087812][info ][gc,phases   ] GC(375)   Pre Evacuate Collection Set: 0.2ms
[2025-08-28T13:10:36.543+0000][1087812][info ][gc,phases   ] GC(375)   Merge Heap Roots: 0.1ms
[2025-08-28T13:10:36.543+0000][1087812][info ][gc,phases   ] GC(375)   Evacuate Collection Set: 2.4ms
[2025-08-28T13:10:36.543+0000][1087812][info ][gc,phases   ] GC(375)   Post Evacuate Collection Set: 0.6ms
[2025-08-28T13:10:36.543+0000][1087812][info ][gc,phases   ] GC(375)   Other: 0.1ms
[2025-08-28T13:10:36.543+0000][1087812][trace][gc,age      ] GC(375) Age table with threshold 15 (max threshold 15)
[2025-08-28T13:10:36.543+0000][1087812][trace][gc,age      ] GC(375) - age   1:     951544 bytes,     951544 total
[2025-08-28T13:10:36.543+0000][1087812][trace][gc,age      ] GC(375) - age   2:        576 bytes,     952120 total
[2025-08-28T13:10:36.543+0000][1087812][trace][gc,age      ] GC(375) - age   3:        336 bytes,     952456 total
[2025-08-28T13:10:36.543+0000][1087812][trace][gc,age      ] GC(375) - age   4:      10368 bytes,     962824 total
[2025-08-28T13:10:36.543+0000][1087812][trace][gc,age      ] GC(375) - age   5:        224 bytes,     963048 total
[2025-08-28T13:10:36.543+0000][1087812][trace][gc,age      ] GC(375) - age   6:        224 bytes,     963272 total
[2025-08-28T13:10:36.543+0000][1087812][trace][gc,age      ] GC(375) - age   8:       2384 bytes,     965656 total
[2025-08-28T13:10:36.543+0000][1087812][trace][gc,age      ] GC(375) - age   9:        448 bytes,     966104 total
[2025-08-28T13:10:36.543+0000][1087812][trace][gc,age      ] GC(375) - age  14:        176 bytes,     966280 total
[2025-08-28T13:10:36.543+0000][1087812][info ][gc,heap     ] GC(375) Eden regions: 75->0(75)
[2025-08-28T13:10:36.543+0000][1087812][info ][gc,heap     ] GC(375) Survivor regions: 1->1(10)
[2025-08-28T13:10:36.543+0000][1087812][info ][gc,heap     ] GC(375) Old regions: 26->26
[2025-08-28T13:10:36.543+0000][1087812][info ][gc,heap     ] GC(375) Humongous regions: 0->0
[2025-08-28T13:10:36.543+0000][1087812][info ][gc,metaspace] GC(375) Metaspace: 144442K(148416K)->144442K(148416K) NonClass: 124918K(126976K)->124918K(126976K) Class: 19523K(21440K)->19523K(21440K)
[2025-08-28T13:10:36.543+0000][1087812][info ][gc          ] GC(375) Pause Young (Normal) (G1 Evacuation Pause) 401M->101M(512M) 3.474ms
[2025-08-28T13:10:36.543+0000][1087812][info ][gc,cpu      ] GC(375) User=0.01s Sys=0.00s Real=0.01s
[2025-08-28T13:10:36.543+0000][1087812][info ][safepoint   ] Safepoint "G1CollectForAllocation", Time since last: 839988796 ns, Reaching safepoint: 26389115 ns, Cleanup: 47150 ns, At safepoint: 3644968 ns, Total: 30081233 ns
[2025-08-28T13:10:37.543+0000][1087812][info ][safepoint   ] Safepoint "Cleanup", Time since last: 1000074602 ns, Reaching safepoint: 27772 ns, Cleanup: 112499 ns, At safepoint: 9073 ns, Total: 149344 ns
[2025-08-28T13:10:38.387+0000][1087812][info ][gc,start    ] GC(376) Pause Young (Normal) (G1 Evacuation Pause)
[2025-08-28T13:10:38.387+0000][1087812][info ][gc,task     ] GC(376) Using 12 workers of 33 for evacuation
[2025-08-28T13:10:38.387+0000][1087812][debug][gc,age      ] GC(376) Desired survivor size 20971520 bytes, new threshold 15 (max threshold 15)
[2025-08-28T13:10:38.390+0000][1087812][info ][gc,phases   ] GC(376)   Pre Evacuate Collection Set: 0.2ms
[2025-08-28T13:10:38.390+0000][1087812][info ][gc,phases   ] GC(376)   Merge Heap Roots: 0.1ms
[2025-08-28T13:10:38.390+0000][1087812][info ][gc,phases   ] GC(376)   Evacuate Collection Set: 2.2ms
[2025-08-28T13:10:38.390+0000][1087812][info ][gc,phases   ] GC(376)   Post Evacuate Collection Set: 0.6ms
[2025-08-28T13:10:38.390+0000][1087812][info ][gc,phases   ] GC(376)   Other: 0.1ms
[2025-08-28T13:10:38.390+0000][1087812][trace][gc,age      ] GC(376) Age table with threshold 15 (max threshold 15)
[2025-08-28T13:10:38.391+0000][1087812][trace][gc,age      ] GC(376) - age   1:    4237048 bytes,    4237048 total
[2025-08-28T13:10:38.391+0000][1087812][trace][gc,age      ] GC(376) - age   2:     935328 bytes,    5172376 total
[2025-08-28T13:10:38.391+0000][1087812][trace][gc,age      ] GC(376) - age   3:        576 bytes,    5172952 total
[2025-08-28T13:10:38.391+0000][1087812][trace][gc,age      ] GC(376) - age   4:        272 bytes,    5173224 total
[2025-08-28T13:10:38.391+0000][1087812][trace][gc,age      ] GC(376) - age   5:       9944 bytes,    5183168 total
[2025-08-28T13:10:38.391+0000][1087812][trace][gc,age      ] GC(376) - age   6:        224 bytes,    5183392 total
[2025-08-28T13:10:38.391+0000][1087812][trace][gc,age      ] GC(376) - age   7:        224 bytes,    5183616 total
[2025-08-28T13:10:38.391+0000][1087812][trace][gc,age      ] GC(376) - age   9:       2304 bytes,    5185920 total
[2025-08-28T13:10:38.391+0000][1087812][trace][gc,age      ] GC(376) - age  10:        448 bytes,    5186368 total
[2025-08-28T13:10:38.391+0000][1087812][trace][gc,age      ] GC(376) - age  15:        176 bytes,    5186544 total
[2025-08-28T13:10:38.391+0000][1087812][info ][gc,heap     ] GC(376) Eden regions: 75->0(74)
[2025-08-28T13:10:38.391+0000][1087812][info ][gc,heap     ] GC(376) Survivor regions: 1->2(10)
[2025-08-28T13:10:38.391+0000][1087812][info ][gc,heap     ] GC(376) Old regions: 26->26
[2025-08-28T13:10:38.391+0000][1087812][info ][gc,heap     ] GC(376) Humongous regions: 0->0
[2025-08-28T13:10:38.391+0000][1087812][info ][gc,metaspace] GC(376) Metaspace: 144516K(148480K)->144516K(148480K) NonClass: 124981K(127040K)->124981K(127040K) Class: 19535K(21440K)->19535K(21440K)
[2025-08-28T13:10:38.391+0000][1087812][info ][gc          ] GC(376) Pause Young (Normal) (G1 Evacuation Pause) 401M->105M(512M) 3.322ms
[2025-08-28T13:10:38.391+0000][1087812][info ][gc,cpu      ] GC(376) User=0.01s Sys=0.00s Real=0.01s
[2025-08-28T13:10:38.391+0000][1087812][info ][safepoint   ] Safepoint "G1CollectForAllocation", Time since last: 844047986 ns, Reaching safepoint: 68353 ns, Cleanup: 49304 ns, At safepoint: 3544226 ns, Total: 3661883 ns
[2025-08-28T13:10:40.324+0000][1087812][info ][gc,start    ] GC(377) Pause Young (Normal) (G1 Evacuation Pause)
[2025-08-28T13:10:40.325+0000][1087812][info ][gc,task     ] GC(377) Using 12 workers of 33 for evacuation
[2025-08-28T13:10:40.325+0000][1087812][debug][gc,age      ] GC(377) Desired survivor size 20971520 bytes, new threshold 15 (max threshold 15)
[2025-08-28T13:10:40.328+0000][1087812][info ][gc,phases   ] GC(377)   Pre Evacuate Collection Set: 0.2ms
[2025-08-28T13:10:40.328+0000][1087812][info ][gc,phases   ] GC(377)   Merge Heap Roots: 0.1ms
[2025-08-28T13:10:40.328+0000][1087812][info ][gc,phases   ] GC(377)   Evacuate Collection Set: 2.2ms
[2025-08-28T13:10:40.328+0000][1087812][info ][gc,phases   ] GC(377)   Post Evacuate Collection Set: 0.6ms
[2025-08-28T13:10:40.328+0000][1087812][info ][gc,phases   ] GC(377)   Other: 0.1ms
[2025-08-28T13:10:40.328+0000][1087812][trace][gc,age      ] GC(377) Age table with threshold 15 (max threshold 15)
[2025-08-28T13:10:40.328+0000][1087812][trace][gc,age      ] GC(377) - age   1:     239488 bytes,     239488 total
[2025-08-28T13:10:40.328+0000][1087812][trace][gc,age      ] GC(377) - age   2:    3561064 bytes,    3800552 total
[2025-08-28T13:10:40.328+0000][1087812][trace][gc,age      ] GC(377) - age   3:     934792 bytes,    4735344 total
[2025-08-28T13:10:40.328+0000][1087812][trace][gc,age      ] GC(377) - age   4:        400 bytes,    4735744 total
[2025-08-28T13:10:40.328+0000][1087812][trace][gc,age      ] GC(377) - age   5:        240 bytes,    4735984 total
[2025-08-28T13:10:40.328+0000][1087812][trace][gc,age      ] GC(377) - age   6:       9944 bytes,    4745928 total
[2025-08-28T13:10:40.328+0000][1087812][trace][gc,age      ] GC(377) - age   7:        224 bytes,    4746152 total
[2025-08-28T13:10:40.328+0000][1087812][trace][gc,age      ] GC(377) - age   8:        224 bytes,    4746376 total
[2025-08-28T13:10:40.328+0000][1087812][trace][gc,age      ] GC(377) - age  10:       2304 bytes,    4748680 total
[2025-08-28T13:10:40.328+0000][1087812][trace][gc,age      ] GC(377) - age  11:        448 bytes,    4749128 total
[2025-08-28T13:10:40.328+0000][1087812][info ][gc,heap     ] GC(377) Eden regions: 74->0(74)
[2025-08-28T13:10:40.328+0000][1087812][info ][gc,heap     ] GC(377) Survivor regions: 2->2(10)
[2025-08-28T13:10:40.328+0000][1087812][info ][gc,heap     ] GC(377) Old regions: 26->26
[2025-08-28T13:10:40.328+0000][1087812][info ][gc,heap     ] GC(377) Humongous regions: 0->0
[2025-08-28T13:10:40.328+0000][1087812][info ][gc,metaspace] GC(377) Metaspace: 144516K(148480K)->144516K(148480K) NonClass: 124981K(127040K)->124981K(127040K) Class: 19535K(21440K)->19535K(21440K)
[2025-08-28T13:10:40.328+0000][1087812][info ][gc          ] GC(377) Pause Young (Normal) (G1 Evacuation Pause) 401M->105M(512M) 3.262ms
[2025-08-28T13:10:40.328+0000][1087812][info ][gc,cpu      ] GC(377) User=0.01s Sys=0.00s Real=0.00s
[2025-08-28T13:10:40.328+0000][1087812][info ][safepoint   ] Safepoint "G1CollectForAllocation", Time since last: 1933618280 ns, Reaching safepoint: 26159 ns, Cleanup: 4437 ns, At safepoint: 3459278 ns, Total: 3489874 ns
[2025-08-28T13:10:42.262+0000][1087812][info ][gc,start    ] GC(378) Pause Young (Normal) (G1 Evacuation Pause)
[2025-08-28T13:10:42.262+0000][1087812][info ][gc,task     ] GC(378) Using 12 workers of 33 for evacuation
[2025-08-28T13:10:42.262+0000][1087812][debug][gc,age      ] GC(378) Desired survivor size 20971520 bytes, new threshold 15 (max threshold 15)
[2025-08-28T13:10:42.266+0000][1087812][info ][gc,phases   ] GC(378)   Pre Evacuate Collection Set: 0.2ms
[2025-08-28T13:10:42.266+0000][1087812][info ][gc,phases   ] GC(378)   Merge Heap Roots: 0.1ms
[2025-08-28T13:10:42.266+0000][1087812][info ][gc,phases   ] GC(378)   Evacuate Collection Set: 2.5ms
[2025-08-28T13:10:42.266+0000][1087812][info ][gc,phases   ] GC(378)   Post Evacuate Collection Set: 0.7ms
[2025-08-28T13:10:42.266+0000][1087812][info ][gc,phases   ] GC(378)   Other: 0.1ms
[2025-08-28T13:10:42.266+0000][1087812][trace][gc,age      ] GC(378) Age table with threshold 15 (max threshold 15)
[2025-08-28T13:10:42.266+0000][1087812][trace][gc,age      ] GC(378) - age   1:       7160 bytes,       7160 total
[2025-08-28T13:10:42.266+0000][1087812][trace][gc,age      ] GC(378) - age   2:       2112 bytes,       9272 total
[2025-08-28T13:10:42.266+0000][1087812][trace][gc,age      ] GC(378) - age   3:    3561000 bytes,    3570272 total
[2025-08-28T13:10:42.266+0000][1087812][trace][gc,age      ] GC(378) - age   4:     934792 bytes,    4505064 total
[2025-08-28T13:10:42.266+0000][1087812][trace][gc,age      ] GC(378) - age   5:        400 bytes,    4505464 total
[2025-08-28T13:10:42.266+0000][1087812][trace][gc,age      ] GC(378) - age   6:         64 bytes,    4505528 total
[2025-08-28T13:10:42.266+0000][1087812][trace][gc,age      ] GC(378) - age   7:       9944 bytes,    4515472 total
[2025-08-28T13:10:42.266+0000][1087812][trace][gc,age      ] GC(378) - age   9:        224 bytes,    4515696 total
[2025-08-28T13:10:42.266+0000][1087812][trace][gc,age      ] GC(378) - age  11:       2304 bytes,    4518000 total
[2025-08-28T13:10:42.266+0000][1087812][trace][gc,age      ] GC(378) - age  12:        448 bytes,    4518448 total
[2025-08-28T13:10:42.266+0000][1087812][info ][gc,heap     ] GC(378) Eden regions: 74->0(74)
[2025-08-28T13:10:42.266+0000][1087812][info ][gc,heap     ] GC(378) Survivor regions: 2->2(10)
[2025-08-28T13:10:42.266+0000][1087812][info ][gc,heap     ] GC(378) Old regions: 26->26
[2025-08-28T13:10:42.266+0000][1087812][info ][gc,heap     ] GC(378) Humongous regions: 0->0
[2025-08-28T13:10:42.266+0000][1087812][info ][gc,metaspace] GC(378) Metaspace: 144516K(148480K)->144516K(148480K) NonClass: 124981K(127040K)->124981K(127040K) Class: 19535K(21440K)->19535K(21440K)
[2025-08-28T13:10:42.266+0000][1087812][info ][gc          ] GC(378) Pause Young (Normal) (G1 Evacuation Pause) 401M->105M(512M) 3.757ms
[2025-08-28T13:10:42.266+0000][1087812][info ][gc,cpu      ] GC(378) User=0.01s Sys=0.00s Real=0.00s
[2025-08-28T13:10:42.266+0000][1087812][info ][safepoint   ] Safepoint "G1CollectForAllocation", Time since last: 1934414116 ns, Reaching safepoint: 25048 ns, Cleanup: 5188 ns, At safepoint: 3992810 ns, Total: 4023046 ns
[2025-08-28T13:10:45.129+0000][1087812][info ][gc,start    ] GC(379) Pause Young (Normal) (G1 Evacuation Pause)
[2025-08-28T13:10:45.129+0000][1087812][info ][gc,task     ] GC(379) Using 12 workers of 33 for evacuation
[2025-08-28T13:10:45.129+0000][1087812][debug][gc,age      ] GC(379) Desired survivor size 20971520 bytes, new threshold 15 (max threshold 15)
[2025-08-28T13:10:45.133+0000][1087812][info ][gc,phases   ] GC(379)   Pre Evacuate Collection Set: 0.2ms
[2025-08-28T13:10:45.133+0000][1087812][info ][gc,phases   ] GC(379)   Merge Heap Roots: 0.1ms
[2025-08-28T13:10:45.133+0000][1087812][info ][gc,phases   ] GC(379)   Evacuate Collection Set: 2.4ms
[2025-08-28T13:10:45.133+0000][1087812][info ][gc,phases   ] GC(379)   Post Evacuate Collection Set: 0.9ms
[2025-08-28T13:10:45.133+0000][1087812][info ][gc,phases   ] GC(379)   Other: 0.1ms
[2025-08-28T13:10:45.133+0000][1087812][trace][gc,age      ] GC(379) Age table with threshold 15 (max threshold 15)
[2025-08-28T13:10:45.133+0000][1087812][trace][gc,age      ] GC(379) - age   1:     624456 bytes,     624456 total
[2025-08-28T13:10:45.133+0000][1087812][trace][gc,age      ] GC(379) - age   2:       1048 bytes,     625504 total
[2025-08-28T13:10:45.133+0000][1087812][trace][gc,age      ] GC(379) - age   3:       1936 bytes,     627440 total
[2025-08-28T13:10:45.133+0000][1087812][trace][gc,age      ] GC(379) - age   4:    3560752 bytes,    4188192 total
[2025-08-28T13:10:45.133+0000][1087812][trace][gc,age      ] GC(379) - age   5:     934792 bytes,    5122984 total
[2025-08-28T13:10:45.133+0000][1087812][trace][gc,age      ] GC(379) - age   6:        400 bytes,    5123384 total
[2025-08-28T13:10:45.133+0000][1087812][trace][gc,age      ] GC(379) - age   7:         64 bytes,    5123448 total
[2025-08-28T13:10:45.133+0000][1087812][trace][gc,age      ] GC(379) - age   8:       9944 bytes,    5133392 total
[2025-08-28T13:10:45.133+0000][1087812][trace][gc,age      ] GC(379) - age  10:        224 bytes,    5133616 total
[2025-08-28T13:10:45.133+0000][1087812][trace][gc,age      ] GC(379) - age  12:       2304 bytes,    5135920 total
[2025-08-28T13:10:45.133+0000][1087812][info ][gc,heap     ] GC(379) Eden regions: 74->0(74)
[2025-08-28T13:10:45.133+0000][1087812][info ][gc,heap     ] GC(379) Survivor regions: 2->2(10)
[2025-08-28T13:10:45.133+0000][1087812][info ][gc,heap     ] GC(379) Old regions: 26->26
[2025-08-28T13:10:45.133+0000][1087812][info ][gc,heap     ] GC(379) Humongous regions: 0->0
[2025-08-28T13:10:45.133+0000][1087812][info ][gc,metaspace] GC(379) Metaspace: 144516K(148480K)->144516K(148480K) NonClass: 124981K(127040K)->124981K(127040K) Class: 19535K(21440K)->19535K(21440K)
[2025-08-28T13:10:45.133+0000][1087812][info ][gc          ] GC(379) Pause Young (Normal) (G1 Evacuation Pause) 401M->106M(512M) 3.920ms
[2025-08-28T13:10:45.133+0000][1087812][info ][gc,cpu      ] GC(379) User=0.01s Sys=0.00s Real=0.01s
[2025-08-28T13:10:45.133+0000][1087812][info ][safepoint   ] Safepoint "G1CollectForAllocation", Time since last: 2862839911 ns, Reaching safepoint: 41403 ns, Cleanup: 10636 ns, At safepoint: 4215076 ns, Total: 4267115 ns
[2025-08-28T13:10:47.067+0000][1087812][info ][gc,start    ] GC(380) Pause Young (Normal) (G1 Evacuation Pause)
[2025-08-28T13:10:47.067+0000][1087812][info ][gc,task     ] GC(380) Using 12 workers of 33 for evacuation
[2025-08-28T13:10:47.067+0000][1087812][debug][gc,age      ] GC(380) Desired survivor size 20971520 bytes, new threshold 15 (max threshold 15)
[2025-08-28T13:10:47.070+0000][1087812][info ][gc,phases   ] GC(380)   Pre Evacuate Collection Set: 0.2ms
[2025-08-28T13:10:47.070+0000][1087812][info ][gc,phases   ] GC(380)   Merge Heap Roots: 0.1ms
[2025-08-28T13:10:47.070+0000][1087812][info ][gc,phases   ] GC(380)   Evacuate Collection Set: 2.3ms
[2025-08-28T13:10:47.070+0000][1087812][info ][gc,phases   ] GC(380)   Post Evacuate Collection Set: 0.9ms
[2025-08-28T13:10:47.070+0000][1087812][info ][gc,phases   ] GC(380)   Other: 0.1ms
[2025-08-28T13:10:47.070+0000][1087812][trace][gc,age      ] GC(380) Age table with threshold 15 (max threshold 15)
[2025-08-28T13:10:47.070+0000][1087812][trace][gc,age      ] GC(380) - age   1:     639152 bytes,     639152 total
[2025-08-28T13:10:47.070+0000][1087812][trace][gc,age      ] GC(380) - age   2:       2896 bytes,     642048 total
[2025-08-28T13:10:47.070+0000][1087812][trace][gc,age      ] GC(380) - age   3:       1048 bytes,     643096 total
[2025-08-28T13:10:47.070+0000][1087812][trace][gc,age      ] GC(380) - age   4:       1400 bytes,     644496 total
[2025-08-28T13:10:47.070+0000][1087812][trace][gc,age      ] GC(380) - age   5:    3560752 bytes,    4205248 total
[2025-08-28T13:10:47.070+0000][1087812][trace][gc,age      ] GC(380) - age   6:     934792 bytes,    5140040 total
[2025-08-28T13:10:47.070+0000][1087812][trace][gc,age      ] GC(380) - age   7:        400 bytes,    5140440 total
[2025-08-28T13:10:47.070+0000][1087812][trace][gc,age      ] GC(380) - age   8:         64 bytes,    5140504 total
[2025-08-28T13:10:47.070+0000][1087812][trace][gc,age      ] GC(380) - age   9:       9944 bytes,    5150448 total
[2025-08-28T13:10:47.070+0000][1087812][trace][gc,age      ] GC(380) - age  11:        224 bytes,    5150672 total
[2025-08-28T13:10:47.070+0000][1087812][trace][gc,age      ] GC(380) - age  13:       2304 bytes,    5152976 total
[2025-08-28T13:10:47.070+0000][1087812][info ][gc,heap     ] GC(380) Eden regions: 74->0(74)
[2025-08-28T13:10:47.070+0000][1087812][info ][gc,heap     ] GC(380) Survivor regions: 2->2(10)
[2025-08-28T13:10:47.070+0000][1087812][info ][gc,heap     ] GC(380) Old regions: 26->26
[2025-08-28T13:10:47.070+0000][1087812][info ][gc,heap     ] GC(380) Humongous regions: 0->0
[2025-08-28T13:10:47.070+0000][1087812][info ][gc,metaspace] GC(380) Metaspace: 144516K(148480K)->144516K(148480K) NonClass: 124981K(127040K)->124981K(127040K) Class: 19535K(21440K)->19535K(21440K)
[2025-08-28T13:10:47.070+0000][1087812][info ][gc          ] GC(380) Pause Young (Normal) (G1 Evacuation Pause) 402M->106M(512M) 3.653ms
[2025-08-28T13:10:47.070+0000][1087812][info ][gc,cpu      ] GC(380) User=0.01s Sys=0.01s Real=0.00s
[2025-08-28T13:10:47.070+0000][1087812][info ][safepoint   ] Safepoint "G1CollectForAllocation", Time since last: 1933217346 ns, Reaching safepoint: 48603 ns, Cleanup: 5148 ns, At safepoint: 3822703 ns, Total: 3876454 ns
[2025-08-28T13:10:49.004+0000][1087812][info ][gc,start    ] GC(381) Pause Young (Normal) (G1 Evacuation Pause)
[2025-08-28T13:10:49.004+0000][1087812][info ][gc,task     ] GC(381) Using 12 workers of 33 for evacuation
[2025-08-28T13:10:49.004+0000][1087812][debug][gc,age      ] GC(381) Desired survivor size 20971520 bytes, new threshold 15 (max threshold 15)
[2025-08-28T13:10:49.009+0000][1087812][info ][gc,phases   ] GC(381)   Pre Evacuate Collection Set: 0.2ms
[2025-08-28T13:10:49.009+0000][1087812][info ][gc,phases   ] GC(381)   Merge Heap Roots: 0.1ms
[2025-08-28T13:10:49.009+0000][1087812][info ][gc,phases   ] GC(381)   Evacuate Collection Set: 3.4ms
[2025-08-28T13:10:49.009+0000][1087812][info ][gc,phases   ] GC(381)   Post Evacuate Collection Set: 0.6ms
[2025-08-28T13:10:49.009+0000][1087812][info ][gc,phases   ] GC(381)   Other: 0.1ms
[2025-08-28T13:10:49.009+0000][1087812][trace][gc,age      ] GC(381) Age table with threshold 15 (max threshold 15)
[2025-08-28T13:10:49.009+0000][1087812][trace][gc,age      ] GC(381) - age   1:     637752 bytes,     637752 total
[2025-08-28T13:10:49.009+0000][1087812][trace][gc,age      ] GC(381) - age   2:        536 bytes,     638288 total
[2025-08-28T13:10:49.009+0000][1087812][trace][gc,age      ] GC(381) - age   3:       2896 bytes,     641184 total
[2025-08-28T13:10:49.009+0000][1087812][trace][gc,age      ] GC(381) - age   4:       1048 bytes,     642232 total
[2025-08-28T13:10:49.009+0000][1087812][trace][gc,age      ] GC(381) - age   5:       1400 bytes,     643632 total
[2025-08-28T13:10:49.009+0000][1087812][trace][gc,age      ] GC(381) - age   6:    3560752 bytes,    4204384 total
[2025-08-28T13:10:49.009+0000][1087812][trace][gc,age      ] GC(381) - age   7:     934792 bytes,    5139176 total
[2025-08-28T13:10:49.009+0000][1087812][trace][gc,age      ] GC(381) - age   8:        400 bytes,    5139576 total
[2025-08-28T13:10:49.009+0000][1087812][trace][gc,age      ] GC(381) - age   9:         64 bytes,    5139640 total
[2025-08-28T13:10:49.009+0000][1087812][trace][gc,age      ] GC(381) - age  10:       9944 bytes,    5149584 total
[2025-08-28T13:10:49.009+0000][1087812][trace][gc,age      ] GC(381) - age  12:        224 bytes,    5149808 total
[2025-08-28T13:10:49.009+0000][1087812][trace][gc,age      ] GC(381) - age  14:       2304 bytes,    5152112 total
[2025-08-28T13:10:49.009+0000][1087812][info ][gc,heap     ] GC(381) Eden regions: 74->0(74)
[2025-08-28T13:10:49.009+0000][1087812][info ][gc,heap     ] GC(381) Survivor regions: 2->2(10)
[2025-08-28T13:10:49.009+0000][1087812][info ][gc,heap     ] GC(381) Old regions: 26->26
[2025-08-28T13:10:49.009+0000][1087812][info ][gc,heap     ] GC(381) Humongous regions: 0->0
[2025-08-28T13:10:49.009+0000][1087812][info ][gc,metaspace] GC(381) Metaspace: 144516K(148480K)->144516K(148480K) NonClass: 124981K(127040K)->124981K(127040K) Class: 19535K(21440K)->19535K(21440K)
[2025-08-28T13:10:49.009+0000][1087812][info ][gc          ] GC(381) Pause Young (Normal) (G1 Evacuation Pause) 402M->106M(512M) 4.527ms
[2025-08-28T13:10:49.009+0000][1087812][info ][gc,cpu      ] GC(381) User=0.01s Sys=0.00s Real=0.00s
[2025-08-28T13:10:49.009+0000][1087812][info ][safepoint   ] Safepoint "G1CollectForAllocation", Time since last: 1933615137 ns, Reaching safepoint: 25819 ns, Cleanup: 4708 ns, At safepoint: 4729544 ns, Total: 4760071 ns
[2025-08-28T13:10:50.941+0000][1087812][info ][gc,start    ] GC(382) Pause Young (Normal) (G1 Evacuation Pause)
[2025-08-28T13:10:50.941+0000][1087812][info ][gc,task     ] GC(382) Using 12 workers of 33 for evacuation
[2025-08-28T13:10:50.941+0000][1087812][debug][gc,age      ] GC(382) Desired survivor size 20971520 bytes, new threshold 15 (max threshold 15)
[2025-08-28T13:10:50.945+0000][1087812][info ][gc,phases   ] GC(382)   Pre Evacuate Collection Set: 0.2ms
[2025-08-28T13:10:50.945+0000][1087812][info ][gc,phases   ] GC(382)   Merge Heap Roots: 0.1ms
[2025-08-28T13:10:50.945+0000][1087812][info ][gc,phases   ] GC(382)   Evacuate Collection Set: 2.2ms
[2025-08-28T13:10:50.945+0000][1087812][info ][gc,phases   ] GC(382)   Post Evacuate Collection Set: 0.6ms
[2025-08-28T13:10:50.945+0000][1087812][info ][gc,phases   ] GC(382)   Other: 0.1ms
[2025-08-28T13:10:50.945+0000][1087812][trace][gc,age      ] GC(382) Age table with threshold 15 (max threshold 15)
[2025-08-28T13:10:50.945+0000][1087812][trace][gc,age      ] GC(382) - age   1:       6112 bytes,       6112 total
[2025-08-28T13:10:50.945+0000][1087812][trace][gc,age      ] GC(382) - age   4:       2472 bytes,       8584 total
[2025-08-28T13:10:50.945+0000][1087812][trace][gc,age      ] GC(382) - age   5:       1048 bytes,       9632 total
[2025-08-28T13:10:50.945+0000][1087812][trace][gc,age      ] GC(382) - age   6:       1400 bytes,      11032 total
[2025-08-28T13:10:50.945+0000][1087812][trace][gc,age      ] GC(382) - age   7:    3560752 bytes,    3571784 total
[2025-08-28T13:10:50.945+0000][1087812][trace][gc,age      ] GC(382) - age   8:     934792 bytes,    4506576 total
[2025-08-28T13:10:50.945+0000][1087812][trace][gc,age      ] GC(382) - age   9:        400 bytes,    4506976 total
[2025-08-28T13:10:50.945+0000][1087812][trace][gc,age      ] GC(382) - age  10:         64 bytes,    4507040 total
[2025-08-28T13:10:50.945+0000][1087812][trace][gc,age      ] GC(382) - age  11:       9944 bytes,    4516984 total
[2025-08-28T13:10:50.945+0000][1087812][trace][gc,age      ] GC(382) - age  13:        224 bytes,    4517208 total
[2025-08-28T13:10:50.945+0000][1087812][trace][gc,age      ] GC(382) - age  15:       2304 bytes,    4519512 total
[2025-08-28T13:10:50.945+0000][1087812][info ][gc,heap     ] GC(382) Eden regions: 74->0(74)
[2025-08-28T13:10:50.945+0000][1087812][info ][gc,heap     ] GC(382) Survivor regions: 2->2(10)
[2025-08-28T13:10:50.945+0000][1087812][info ][gc,heap     ] GC(382) Old regions: 26->26
[2025-08-28T13:10:50.945+0000][1087812][info ][gc,heap     ] GC(382) Humongous regions: 0->0
[2025-08-28T13:10:50.945+0000][1087812][info ][gc,metaspace] GC(382) Metaspace: 144516K(148480K)->144516K(148480K) NonClass: 124981K(127040K)->124981K(127040K) Class: 19535K(21440K)->19535K(21440K)
[2025-08-28T13:10:50.945+0000][1087812][info ][gc          ] GC(382) Pause Young (Normal) (G1 Evacuation Pause) 402M->105M(512M) 3.404ms
[2025-08-28T13:10:50.945+0000][1087812][info ][gc,cpu      ] GC(382) User=0.01s Sys=0.00s Real=0.00s
[2025-08-28T13:10:50.945+0000][1087812][info ][safepoint   ] Safepoint "G1CollectForAllocation", Time since last: 1932382964 ns, Reaching safepoint: 93261 ns, Cleanup: 4296 ns, At safepoint: 3682581 ns, Total: 3780138 ns
[2025-08-28T13:10:52.879+0000][1087812][info ][gc,start    ] GC(383) Pause Young (Normal) (G1 Evacuation Pause)
[2025-08-28T13:10:52.879+0000][1087812][info ][gc,task     ] GC(383) Using 12 workers of 33 for evacuation
[2025-08-28T13:10:52.879+0000][1087812][debug][gc,age      ] GC(383) Desired survivor size 20971520 bytes, new threshold 15 (max threshold 15)
[2025-08-28T13:10:52.883+0000][1087812][info ][gc,phases   ] GC(383)   Pre Evacuate Collection Set: 0.2ms
[2025-08-28T13:10:52.883+0000][1087812][info ][gc,phases   ] GC(383)   Merge Heap Roots: 0.1ms
[2025-08-28T13:10:52.883+0000][1087812][info ][gc,phases   ] GC(383)   Evacuate Collection Set: 2.8ms
[2025-08-28T13:10:52.883+0000][1087812][info ][gc,phases   ] GC(383)   Post Evacuate Collection Set: 0.7ms
[2025-08-28T13:10:52.883+0000][1087812][info ][gc,phases   ] GC(383)   Other: 0.1ms
[2025-08-28T13:10:52.883+0000][1087812][trace][gc,age      ] GC(383) Age table with threshold 15 (max threshold 15)
[2025-08-28T13:10:52.883+0000][1087812][trace][gc,age      ] GC(383) - age   1:      94024 bytes,      94024 total
[2025-08-28T13:10:52.883+0000][1087812][trace][gc,age      ] GC(383) - age   2:        728 bytes,      94752 total
[2025-08-28T13:10:52.883+0000][1087812][trace][gc,age      ] GC(383) - age   5:       2472 bytes,      97224 total
[2025-08-28T13:10:52.883+0000][1087812][trace][gc,age      ] GC(383) - age   6:        808 bytes,      98032 total
[2025-08-28T13:10:52.883+0000][1087812][trace][gc,age      ] GC(383) - age   7:       1400 bytes,      99432 total
[2025-08-28T13:10:52.883+0000][1087812][trace][gc,age      ] GC(383) - age   8:    3558560 bytes,    3657992 total
[2025-08-28T13:10:52.883+0000][1087812][trace][gc,age      ] GC(383) - age   9:     934680 bytes,    4592672 total
[2025-08-28T13:10:52.883+0000][1087812][trace][gc,age      ] GC(383) - age  10:        368 bytes,    4593040 total
[2025-08-28T13:10:52.883+0000][1087812][trace][gc,age      ] GC(383) - age  11:         64 bytes,    4593104 total
[2025-08-28T13:10:52.883+0000][1087812][trace][gc,age      ] GC(383) - age  12:       9912 bytes,    4603016 total
[2025-08-28T13:10:52.883+0000][1087812][trace][gc,age      ] GC(383) - age  14:        224 bytes,    4603240 total
[2025-08-28T13:10:52.883+0000][1087812][info ][gc,heap     ] GC(383) Eden regions: 74->0(74)
[2025-08-28T13:10:52.883+0000][1087812][info ][gc,heap     ] GC(383) Survivor regions: 2->2(10)
[2025-08-28T13:10:52.883+0000][1087812][info ][gc,heap     ] GC(383) Old regions: 26->26
[2025-08-28T13:10:52.883+0000][1087812][info ][gc,heap     ] GC(383) Humongous regions: 0->0
[2025-08-28T13:10:52.883+0000][1087812][info ][gc,metaspace] GC(383) Metaspace: 144554K(148544K)->144554K(148544K) NonClass: 125009K(127104K)->125009K(127104K) Class: 19544K(21440K)->19544K(21440K)
[2025-08-28T13:10:52.883+0000][1087812][info ][gc          ] GC(383) Pause Young (Normal) (G1 Evacuation Pause) 401M->105M(512M) 4.127ms
[2025-08-28T13:10:52.883+0000][1087812][info ][gc,cpu      ] GC(383) User=0.01s Sys=0.00s Real=0.01s
[2025-08-28T13:10:52.883+0000][1087812][info ][safepoint   ] Safepoint "G1CollectForAllocation", Time since last: 1933754168 ns, Reaching safepoint: 41192 ns, Cleanup: 39640 ns, At safepoint: 4444684 ns, Total: 4525516 ns
[2025-08-28T13:10:54.817+0000][1087812][info ][gc,start    ] GC(384) Pause Young (Normal) (G1 Evacuation Pause)
[2025-08-28T13:10:54.817+0000][1087812][info ][gc,task     ] GC(384) Using 12 workers of 33 for evacuation
[2025-08-28T13:10:54.817+0000][1087812][debug][gc,age      ] GC(384) Desired survivor size 20971520 bytes, new threshold 15 (max threshold 15)
[2025-08-28T13:10:54.820+0000][1087812][info ][gc,phases   ] GC(384)   Pre Evacuate Collection Set: 0.1ms
[2025-08-28T13:10:54.820+0000][1087812][info ][gc,phases   ] GC(384)   Merge Heap Roots: 0.1ms
[2025-08-28T13:10:54.820+0000][1087812][info ][gc,phases   ] GC(384)   Evacuate Collection Set: 1.9ms
[2025-08-28T13:10:54.820+0000][1087812][info ][gc,phases   ] GC(384)   Post Evacuate Collection Set: 0.6ms
[2025-08-28T13:10:54.820+0000][1087812][info ][gc,phases   ] GC(384)   Other: 0.1ms
[2025-08-28T13:10:54.820+0000][1087812][trace][gc,age      ] GC(384) Age table with threshold 15 (max threshold 15)
[2025-08-28T13:10:54.820+0000][1087812][trace][gc,age      ] GC(384) - age   1:     656600 bytes,     656600 total
[2025-08-28T13:10:54.820+0000][1087812][trace][gc,age      ] GC(384) - age   2:      21712 bytes,     678312 total
[2025-08-28T13:10:54.820+0000][1087812][trace][gc,age      ] GC(384) - age   3:        552 bytes,     678864 total
[2025-08-28T13:10:54.820+0000][1087812][trace][gc,age      ] GC(384) - age   6:       2472 bytes,     681336 total
[2025-08-28T13:10:54.820+0000][1087812][trace][gc,age      ] GC(384) - age   7:        808 bytes,     682144 total
[2025-08-28T13:10:54.820+0000][1087812][trace][gc,age      ] GC(384) - age   8:       1400 bytes,     683544 total
[2025-08-28T13:10:54.820+0000][1087812][trace][gc,age      ] GC(384) - age   9:    3558528 bytes,    4242072 total
[2025-08-28T13:10:54.820+0000][1087812][trace][gc,age      ] GC(384) - age  10:     934680 bytes,    5176752 total
[2025-08-28T13:10:54.820+0000][1087812][trace][gc,age      ] GC(384) - age  11:        368 bytes,    5177120 total
[2025-08-28T13:10:54.820+0000][1087812][trace][gc,age      ] GC(384) - age  12:         64 bytes,    5177184 total
[2025-08-28T13:10:54.820+0000][1087812][trace][gc,age      ] GC(384) - age  13:       9912 bytes,    5187096 total
[2025-08-28T13:10:54.820+0000][1087812][trace][gc,age      ] GC(384) - age  15:        224 bytes,    5187320 total
[2025-08-28T13:10:54.820+0000][1087812][info ][gc,heap     ] GC(384) Eden regions: 74->0(74)
[2025-08-28T13:10:54.820+0000][1087812][info ][gc,heap     ] GC(384) Survivor regions: 2->2(10)
[2025-08-28T13:10:54.820+0000][1087812][info ][gc,heap     ] GC(384) Old regions: 26->26
[2025-08-28T13:10:54.820+0000][1087812][info ][gc,heap     ] GC(384) Humongous regions: 0->0
[2025-08-28T13:10:54.820+0000][1087812][info ][gc,metaspace] GC(384) Metaspace: 144554K(148544K)->144554K(148544K) NonClass: 125009K(127104K)->125009K(127104K) Class: 19544K(21440K)->19544K(21440K)
[2025-08-28T13:10:54.820+0000][1087812][info ][gc          ] GC(384) Pause Young (Normal) (G1 Evacuation Pause) 401M->106M(512M) 2.977ms
[2025-08-28T13:10:54.820+0000][1087812][info ][gc,cpu      ] GC(384) User=0.01s Sys=0.00s Real=0.00s
[2025-08-28T13:10:54.820+0000][1087812][info ][safepoint   ] Safepoint "G1CollectForAllocation", Time since last: 1933287048 ns, Reaching safepoint: 32459 ns, Cleanup: 4707 ns, At safepoint: 3194601 ns, Total: 3231767 ns
[2025-08-28T13:10:56.754+0000][1087812][info ][gc,start    ] GC(385) Pause Young (Normal) (G1 Evacuation Pause)
[2025-08-28T13:10:56.754+0000][1087812][info ][gc,task     ] GC(385) Using 12 workers of 33 for evacuation
[2025-08-28T13:10:56.754+0000][1087812][debug][gc,age      ] GC(385) Desired survivor size 20971520 bytes, new threshold 15 (max threshold 15)
[2025-08-28T13:10:56.759+0000][1087812][info ][gc,phases   ] GC(385)   Pre Evacuate Collection Set: 0.2ms
[2025-08-28T13:10:56.759+0000][1087812][info ][gc,phases   ] GC(385)   Merge Heap Roots: 0.1ms
[2025-08-28T13:10:56.759+0000][1087812][info ][gc,phases   ] GC(385)   Evacuate Collection Set: 4.3ms
[2025-08-28T13:10:56.759+0000][1087812][info ][gc,phases   ] GC(385)   Post Evacuate Collection Set: 0.6ms
[2025-08-28T13:10:56.759+0000][1087812][info ][gc,phases   ] GC(385)   Other: 0.1ms
[2025-08-28T13:10:56.759+0000][1087812][trace][gc,age      ] GC(385) Age table with threshold 15 (max threshold 15)
[2025-08-28T13:10:56.759+0000][1087812][trace][gc,age      ] GC(385) - age   1:     655680 bytes,     655680 total
[2025-08-28T13:10:56.759+0000][1087812][trace][gc,age      ] GC(385) - age   2:        208 bytes,     655888 total
[2025-08-28T13:10:56.759+0000][1087812][trace][gc,age      ] GC(385) - age   3:      21712 bytes,     677600 total
[2025-08-28T13:10:56.759+0000][1087812][trace][gc,age      ] GC(385) - age   4:         16 bytes,     677616 total
[2025-08-28T13:10:56.759+0000][1087812][trace][gc,age      ] GC(385) - age   7:       2472 bytes,     680088 total
[2025-08-28T13:10:56.759+0000][1087812][trace][gc,age      ] GC(385) - age   8:        584 bytes,     680672 total
[2025-08-28T13:10:56.759+0000][1087812][trace][gc,age      ] GC(385) - age   9:       1400 bytes,     682072 total
[2025-08-28T13:10:56.759+0000][1087812][trace][gc,age      ] GC(385) - age  10:    3558248 bytes,    4240320 total
[2025-08-28T13:10:56.759+0000][1087812][trace][gc,age      ] GC(385) - age  11:     934680 bytes,    5175000 total
[2025-08-28T13:10:56.759+0000][1087812][trace][gc,age      ] GC(385) - age  12:        368 bytes,    5175368 total
[2025-08-28T13:10:56.759+0000][1087812][trace][gc,age      ] GC(385) - age  13:         64 bytes,    5175432 total
[2025-08-28T13:10:56.759+0000][1087812][trace][gc,age      ] GC(385) - age  14:       9912 bytes,    5185344 total
[2025-08-28T13:10:56.759+0000][1087812][info ][gc,heap     ] GC(385) Eden regions: 74->0(74)
[2025-08-28T13:10:56.759+0000][1087812][info ][gc,heap     ] GC(385) Survivor regions: 2->2(10)
[2025-08-28T13:10:56.759+0000][1087812][info ][gc,heap     ] GC(385) Old regions: 26->26
[2025-08-28T13:10:56.759+0000][1087812][info ][gc,heap     ] GC(385) Humongous regions: 0->0
[2025-08-28T13:10:56.759+0000][1087812][info ][gc,metaspace] GC(385) Metaspace: 144554K(148544K)->144554K(148544K) NonClass: 125009K(127104K)->125009K(127104K) Class: 19544K(21440K)->19544K(21440K)
[2025-08-28T13:10:56.760+0000][1087812][info ][gc          ] GC(385) Pause Young (Normal) (G1 Evacuation Pause) 402M->106M(512M) 5.395ms
[2025-08-28T13:10:56.760+0000][1087812][info ][gc,cpu      ] GC(385) User=0.02s Sys=0.00s Real=0.00s
[2025-08-28T13:10:56.760+0000][1087812][info ][safepoint   ] Safepoint "G1CollectForAllocation", Time since last: 1934209982 ns, Reaching safepoint: 26559 ns, Cleanup: 4948 ns, At safepoint: 5598544 ns, Total: 5630051 ns
[2025-08-28T13:10:58.704+0000][1087812][info ][gc,start    ] GC(386) Pause Young (Normal) (G1 Evacuation Pause)
[2025-08-28T13:10:58.704+0000][1087812][info ][gc,task     ] GC(386) Using 12 workers of 33 for evacuation
[2025-08-28T13:10:58.704+0000][1087812][debug][gc,age      ] GC(386) Desired survivor size 20971520 bytes, new threshold 15 (max threshold 15)
[2025-08-28T13:10:58.709+0000][1087812][info ][gc,phases   ] GC(386)   Pre Evacuate Collection Set: 0.2ms
[2025-08-28T13:10:58.709+0000][1087812][info ][gc,phases   ] GC(386)   Merge Heap Roots: 0.1ms
[2025-08-28T13:10:58.709+0000][1087812][info ][gc,phases   ] GC(386)   Evacuate Collection Set: 4.1ms
[2025-08-28T13:10:58.709+0000][1087812][info ][gc,phases   ] GC(386)   Post Evacuate Collection Set: 0.7ms
[2025-08-28T13:10:58.709+0000][1087812][info ][gc,phases   ] GC(386)   Other: 0.1ms
[2025-08-28T13:10:58.709+0000][1087812][trace][gc,age      ] GC(386) Age table with threshold 15 (max threshold 15)
[2025-08-28T13:10:58.709+0000][1087812][trace][gc,age      ] GC(386) - age   1:     638184 bytes,     638184 total
[2025-08-28T13:10:58.709+0000][1087812][trace][gc,age      ] GC(386) - age   2:        760 bytes,     638944 total
[2025-08-28T13:10:58.709+0000][1087812][trace][gc,age      ] GC(386) - age   3:        208 bytes,     639152 total
[2025-08-28T13:10:58.709+0000][1087812][trace][gc,age      ] GC(386) - age   4:      21712 bytes,     660864 total
[2025-08-28T13:10:58.709+0000][1087812][trace][gc,age      ] GC(386) - age   5:         16 bytes,     660880 total
[2025-08-28T13:10:58.709+0000][1087812][trace][gc,age      ] GC(386) - age   8:       2472 bytes,     663352 total
[2025-08-28T13:10:58.709+0000][1087812][trace][gc,age      ] GC(386) - age   9:        584 bytes,     663936 total
[2025-08-28T13:10:58.709+0000][1087812][trace][gc,age      ] GC(386) - age  10:       1400 bytes,     665336 total
[2025-08-28T13:10:58.709+0000][1087812][trace][gc,age      ] GC(386) - age  11:    3558248 bytes,    4223584 total
[2025-08-28T13:10:58.709+0000][1087812][trace][gc,age      ] GC(386) - age  12:     934680 bytes,    5158264 total
[2025-08-28T13:10:58.709+0000][1087812][trace][gc,age      ] GC(386) - age  13:        368 bytes,    5158632 total
[2025-08-28T13:10:58.709+0000][1087812][trace][gc,age      ] GC(386) - age  14:         64 bytes,    5158696 total
[2025-08-28T13:10:58.709+0000][1087812][trace][gc,age      ] GC(386) - age  15:       9912 bytes,    5168608 total
[2025-08-28T13:10:58.709+0000][1087812][info ][gc,heap     ] GC(386) Eden regions: 74->0(74)
[2025-08-28T13:10:58.709+0000][1087812][info ][gc,heap     ] GC(386) Survivor regions: 2->2(10)
[2025-08-28T13:10:58.709+0000][1087812][info ][gc,heap     ] GC(386) Old regions: 26->26
[2025-08-28T13:10:58.709+0000][1087812][info ][gc,heap     ] GC(386) Humongous regions: 0->0
[2025-08-28T13:10:58.709+0000][1087812][info ][gc,metaspace] GC(386) Metaspace: 144554K(148544K)->144554K(148544K) NonClass: 125009K(127104K)->125009K(127104K) Class: 19544K(21440K)->19544K(21440K)
[2025-08-28T13:10:58.710+0000][1087812][info ][gc          ] GC(386) Pause Young (Normal) (G1 Evacuation Pause) 402M->106M(512M) 5.314ms
[2025-08-28T13:10:58.710+0000][1087812][info ][gc,cpu      ] GC(386) User=0.01s Sys=0.00s Real=0.00s
[2025-08-28T13:10:58.710+0000][1087812][info ][safepoint   ] Safepoint "G1CollectForAllocation", Time since last: 1944432947 ns, Reaching safepoint: 26890 ns, Cleanup: 4807 ns, At safepoint: 5604013 ns, Total: 5635710 ns
[2025-08-28T13:11:00.654+0000][1087812][info ][gc,start    ] GC(387) Pause Young (Normal) (G1 Evacuation Pause)
[2025-08-28T13:11:00.654+0000][1087812][info ][gc,task     ] GC(387) Using 12 workers of 33 for evacuation
[2025-08-28T13:11:00.654+0000][1087812][debug][gc,age      ] GC(387) Desired survivor size 20971520 bytes, new threshold 15 (max threshold 15)
[2025-08-28T13:11:00.658+0000][1087812][info ][gc,phases   ] GC(387)   Pre Evacuate Collection Set: 0.2ms
[2025-08-28T13:11:00.658+0000][1087812][info ][gc,phases   ] GC(387)   Merge Heap Roots: 0.1ms
[2025-08-28T13:11:00.658+0000][1087812][info ][gc,phases   ] GC(387)   Evacuate Collection Set: 2.8ms
[2025-08-28T13:11:00.658+0000][1087812][info ][gc,phases   ] GC(387)   Post Evacuate Collection Set: 0.7ms
[2025-08-28T13:11:00.658+0000][1087812][info ][gc,phases   ] GC(387)   Other: 0.1ms
[2025-08-28T13:11:00.658+0000][1087812][trace][gc,age      ] GC(387) Age table with threshold 15 (max threshold 15)
[2025-08-28T13:11:00.658+0000][1087812][trace][gc,age      ] GC(387) - age   1:      72256 bytes,      72256 total
[2025-08-28T13:11:00.658+0000][1087812][trace][gc,age      ] GC(387) - age   3:        224 bytes,      72480 total
[2025-08-28T13:11:00.658+0000][1087812][trace][gc,age      ] GC(387) - age   4:         32 bytes,      72512 total
[2025-08-28T13:11:00.658+0000][1087812][trace][gc,age      ] GC(387) - age   5:      21712 bytes,      94224 total
[2025-08-28T13:11:00.658+0000][1087812][trace][gc,age      ] GC(387) - age   6:         16 bytes,      94240 total
[2025-08-28T13:11:00.658+0000][1087812][trace][gc,age      ] GC(387) - age   9:       2472 bytes,      96712 total
[2025-08-28T13:11:00.658+0000][1087812][trace][gc,age      ] GC(387) - age  10:        584 bytes,      97296 total
[2025-08-28T13:11:00.658+0000][1087812][trace][gc,age      ] GC(387) - age  11:       1400 bytes,      98696 total
[2025-08-28T13:11:00.658+0000][1087812][trace][gc,age      ] GC(387) - age  12:    3558248 bytes,    3656944 total
[2025-08-28T13:11:00.658+0000][1087812][trace][gc,age      ] GC(387) - age  13:     934648 bytes,    4591592 total
[2025-08-28T13:11:00.658+0000][1087812][trace][gc,age      ] GC(387) - age  14:        368 bytes,    4591960 total
[2025-08-28T13:11:00.658+0000][1087812][trace][gc,age      ] GC(387) - age  15:         64 bytes,    4592024 total
[2025-08-28T13:11:00.658+0000][1087812][info ][gc,heap     ] GC(387) Eden regions: 74->0(74)
[2025-08-28T13:11:00.658+0000][1087812][info ][gc,heap     ] GC(387) Survivor regions: 2->2(10)
[2025-08-28T13:11:00.658+0000][1087812][info ][gc,heap     ] GC(387) Old regions: 26->26
[2025-08-28T13:11:00.658+0000][1087812][info ][gc,heap     ] GC(387) Humongous regions: 0->0
[2025-08-28T13:11:00.658+0000][1087812][info ][gc,metaspace] GC(387) Metaspace: 144554K(148544K)->144554K(148544K) NonClass: 125009K(127104K)->125009K(127104K) Class: 19544K(21440K)->19544K(21440K)
[2025-08-28T13:11:00.658+0000][1087812][info ][gc          ] GC(387) Pause Young (Normal) (G1 Evacuation Pause) 402M->105M(512M) 4.172ms
[2025-08-28T13:11:00.658+0000][1087812][info ][gc,cpu      ] GC(387) User=0.01s Sys=0.00s Real=0.00s
[2025-08-28T13:11:00.658+0000][1087812][info ][safepoint   ] Safepoint "G1CollectForAllocation", Time since last: 1944009730 ns, Reaching safepoint: 39970 ns, Cleanup: 9815 ns, At safepoint: 4507835 ns, Total: 4557620 ns
[2025-08-28T13:11:03.315+0000][1087812][info ][gc,start    ] GC(388) Pause Young (Normal) (G1 Evacuation Pause)
[2025-08-28T13:11:03.315+0000][1087812][info ][gc,task     ] GC(388) Using 12 workers of 33 for evacuation
[2025-08-28T13:11:03.315+0000][1087812][debug][gc,age      ] GC(388) Desired survivor size 20971520 bytes, new threshold 15 (max threshold 15)
[2025-08-28T13:11:03.320+0000][1087812][info ][gc,phases   ] GC(388)   Pre Evacuate Collection Set: 0.2ms
[2025-08-28T13:11:03.320+0000][1087812][info ][gc,phases   ] GC(388)   Merge Heap Roots: 0.1ms
[2025-08-28T13:11:03.320+0000][1087812][info ][gc,phases   ] GC(388)   Evacuate Collection Set: 3.7ms
[2025-08-28T13:11:03.320+0000][1087812][info ][gc,phases   ] GC(388)   Post Evacuate Collection Set: 0.6ms
[2025-08-28T13:11:03.320+0000][1087812][info ][gc,phases   ] GC(388)   Other: 0.1ms
[2025-08-28T13:11:03.320+0000][1087812][trace][gc,age      ] GC(388) Age table with threshold 15 (max threshold 15)
[2025-08-28T13:11:03.320+0000][1087812][trace][gc,age      ] GC(388) - age   1:       8872 bytes,       8872 total
[2025-08-28T13:11:03.320+0000][1087812][trace][gc,age      ] GC(388) - age   2:        712 bytes,       9584 total
[2025-08-28T13:11:03.320+0000][1087812][trace][gc,age      ] GC(388) - age   4:        224 bytes,       9808 total
[2025-08-28T13:11:03.320+0000][1087812][trace][gc,age      ] GC(388) - age   5:         32 bytes,       9840 total
[2025-08-28T13:11:03.320+0000][1087812][trace][gc,age      ] GC(388) - age   6:      21440 bytes,      31280 total
[2025-08-28T13:11:03.320+0000][1087812][trace][gc,age      ] GC(388) - age   7:         16 bytes,      31296 total
[2025-08-28T13:11:03.320+0000][1087812][trace][gc,age      ] GC(388) - age  11:        584 bytes,      31880 total
[2025-08-28T13:11:03.320+0000][1087812][trace][gc,age      ] GC(388) - age  12:       1400 bytes,      33280 total
[2025-08-28T13:11:03.320+0000][1087812][trace][gc,age      ] GC(388) - age  13:    3558248 bytes,    3591528 total
[2025-08-28T13:11:03.320+0000][1087812][trace][gc,age      ] GC(388) - age  14:     934648 bytes,    4526176 total
[2025-08-28T13:11:03.320+0000][1087812][info ][gc,heap     ] GC(388) Eden regions: 74->0(74)
[2025-08-28T13:11:03.320+0000][1087812][info ][gc,heap     ] GC(388) Survivor regions: 2->2(10)
[2025-08-28T13:11:03.320+0000][1087812][info ][gc,heap     ] GC(388) Old regions: 26->26
[2025-08-28T13:11:03.320+0000][1087812][info ][gc,heap     ] GC(388) Humongous regions: 0->0
[2025-08-28T13:11:03.320+0000][1087812][info ][gc,metaspace] GC(388) Metaspace: 144560K(148544K)->144560K(148544K) NonClass: 125015K(127104K)->125015K(127104K) Class: 19544K(21440K)->19544K(21440K)
[2025-08-28T13:11:03.320+0000][1087812][info ][gc          ] GC(388) Pause Young (Normal) (G1 Evacuation Pause) 401M->105M(512M) 4.880ms
[2025-08-28T13:11:03.320+0000][1087812][info ][gc,cpu      ] GC(388) User=0.01s Sys=0.00s Real=0.00s
[2025-08-28T13:11:03.320+0000][1087812][info ][safepoint   ] Safepoint "G1CollectForAllocation", Time since last: 2656709588 ns, Reaching safepoint: 156105 ns, Cleanup: 4857 ns, At safepoint: 5084362 ns, Total: 5245324 ns
[2025-08-28T13:11:05.240+0000][1087812][info ][gc,start    ] GC(389) Pause Young (Normal) (G1 Evacuation Pause)
[2025-08-28T13:11:05.240+0000][1087812][info ][gc,task     ] GC(389) Using 12 workers of 33 for evacuation
[2025-08-28T13:11:05.240+0000][1087812][debug][gc,age      ] GC(389) Desired survivor size 20971520 bytes, new threshold 15 (max threshold 15)
[2025-08-28T13:11:05.243+0000][1087812][info ][gc,phases   ] GC(389)   Pre Evacuate Collection Set: 0.1ms
[2025-08-28T13:11:05.243+0000][1087812][info ][gc,phases   ] GC(389)   Merge Heap Roots: 0.1ms
[2025-08-28T13:11:05.243+0000][1087812][info ][gc,phases   ] GC(389)   Evacuate Collection Set: 2.3ms
[2025-08-28T13:11:05.243+0000][1087812][info ][gc,phases   ] GC(389)   Post Evacuate Collection Set: 0.5ms
[2025-08-28T13:11:05.243+0000][1087812][info ][gc,phases   ] GC(389)   Other: 0.1ms
[2025-08-28T13:11:05.243+0000][1087812][trace][gc,age      ] GC(389) Age table with threshold 15 (max threshold 15)
[2025-08-28T13:11:05.243+0000][1087812][trace][gc,age      ] GC(389) - age   1:       6144 bytes,       6144 total
[2025-08-28T13:11:05.243+0000][1087812][trace][gc,age      ] GC(389) - age   2:       3240 bytes,       9384 total
[2025-08-28T13:11:05.243+0000][1087812][trace][gc,age      ] GC(389) - age   5:        224 bytes,       9608 total
[2025-08-28T13:11:05.243+0000][1087812][trace][gc,age      ] GC(389) - age   6:         32 bytes,       9640 total
[2025-08-28T13:11:05.243+0000][1087812][trace][gc,age      ] GC(389) - age   7:      21440 bytes,      31080 total
[2025-08-28T13:11:05.243+0000][1087812][trace][gc,age      ] GC(389) - age   8:         16 bytes,      31096 total
[2025-08-28T13:11:05.243+0000][1087812][trace][gc,age      ] GC(389) - age  12:        584 bytes,      31680 total
[2025-08-28T13:11:05.243+0000][1087812][trace][gc,age      ] GC(389) - age  13:       1400 bytes,      33080 total
[2025-08-28T13:11:05.243+0000][1087812][trace][gc,age      ] GC(389) - age  14:    3558248 bytes,    3591328 total
[2025-08-28T13:11:05.243+0000][1087812][trace][gc,age      ] GC(389) - age  15:     934648 bytes,    4525976 total
[2025-08-28T13:11:05.243+0000][1087812][info ][gc,heap     ] GC(389) Eden regions: 74->0(74)
[2025-08-28T13:11:05.243+0000][1087812][info ][gc,heap     ] GC(389) Survivor regions: 2->2(10)
[2025-08-28T13:11:05.243+0000][1087812][info ][gc,heap     ] GC(389) Old regions: 26->26
[2025-08-28T13:11:05.243+0000][1087812][info ][gc,heap     ] GC(389) Humongous regions: 0->0
[2025-08-28T13:11:05.243+0000][1087812][info ][gc,metaspace] GC(389) Metaspace: 144560K(148544K)->144560K(148544K) NonClass: 125015K(127104K)->125015K(127104K) Class: 19544K(21440K)->19544K(21440K)
[2025-08-28T13:11:05.243+0000][1087812][info ][gc          ] GC(389) Pause Young (Normal) (G1 Evacuation Pause) 401M->105M(512M) 3.258ms
[2025-08-28T13:11:05.243+0000][1087812][info ][gc,cpu      ] GC(389) User=0.01s Sys=0.00s Real=0.01s
[2025-08-28T13:11:05.243+0000][1087812][info ][safepoint   ] Safepoint "G1CollectForAllocation", Time since last: 1919786262 ns, Reaching safepoint: 23836 ns, Cleanup: 4196 ns, At safepoint: 3450526 ns, Total: 3478558 ns
[2025-08-28T13:11:07.178+0000][1087812][info ][gc,start    ] GC(390) Pause Young (Normal) (G1 Evacuation Pause)
[2025-08-28T13:11:07.178+0000][1087812][info ][gc,task     ] GC(390) Using 12 workers of 33 for evacuation
[2025-08-28T13:11:07.178+0000][1087812][debug][gc,age      ] GC(390) Desired survivor size 20971520 bytes, new threshold 15 (max threshold 15)
[2025-08-28T13:11:07.182+0000][1087812][info ][gc,phases   ] GC(390)   Pre Evacuate Collection Set: 0.2ms
[2025-08-28T13:11:07.182+0000][1087812][info ][gc,phases   ] GC(390)   Merge Heap Roots: 0.1ms
[2025-08-28T13:11:07.182+0000][1087812][info ][gc,phases   ] GC(390)   Evacuate Collection Set: 2.5ms
[2025-08-28T13:11:07.182+0000][1087812][info ][gc,phases   ] GC(390)   Post Evacuate Collection Set: 0.8ms
[2025-08-28T13:11:07.182+0000][1087812][info ][gc,phases   ] GC(390)   Other: 0.1ms
[2025-08-28T13:11:07.182+0000][1087812][trace][gc,age      ] GC(390) Age table with threshold 15 (max threshold 15)
[2025-08-28T13:11:07.182+0000][1087812][trace][gc,age      ] GC(390) - age   1:       5792 bytes,       5792 total
[2025-08-28T13:11:07.182+0000][1087812][trace][gc,age      ] GC(390) - age   2:        712 bytes,       6504 total
[2025-08-28T13:11:07.182+0000][1087812][trace][gc,age      ] GC(390) - age   3:       3240 bytes,       9744 total
[2025-08-28T13:11:07.182+0000][1087812][trace][gc,age      ] GC(390) - age   6:        224 bytes,       9968 total
[2025-08-28T13:11:07.182+0000][1087812][trace][gc,age      ] GC(390) - age   7:         32 bytes,      10000 total
[2025-08-28T13:11:07.182+0000][1087812][trace][gc,age      ] GC(390) - age   8:      21440 bytes,      31440 total
[2025-08-28T13:11:07.182+0000][1087812][trace][gc,age      ] GC(390) - age   9:         16 bytes,      31456 total
[2025-08-28T13:11:07.182+0000][1087812][trace][gc,age      ] GC(390) - age  13:        584 bytes,      32040 total
[2025-08-28T13:11:07.182+0000][1087812][trace][gc,age      ] GC(390) - age  14:       1400 bytes,      33440 total
[2025-08-28T13:11:07.182+0000][1087812][trace][gc,age      ] GC(390) - age  15:    3558248 bytes,    3591688 total
[2025-08-28T13:11:07.182+0000][1087812][info ][gc,heap     ] GC(390) Eden regions: 74->0(75)
[2025-08-28T13:11:07.182+0000][1087812][info ][gc,heap     ] GC(390) Survivor regions: 2->1(10)
[2025-08-28T13:11:07.182+0000][1087812][info ][gc,heap     ] GC(390) Old regions: 26->26
[2025-08-28T13:11:07.182+0000][1087812][info ][gc,heap     ] GC(390) Humongous regions: 0->0
[2025-08-28T13:11:07.182+0000][1087812][info ][gc,metaspace] GC(390) Metaspace: 144561K(148544K)->144561K(148544K) NonClass: 125016K(127104K)->125016K(127104K) Class: 19544K(21440K)->19544K(21440K)
[2025-08-28T13:11:07.182+0000][1087812][info ][gc          ] GC(390) Pause Young (Normal) (G1 Evacuation Pause) 401M->105M(512M) 3.720ms
[2025-08-28T13:11:07.182+0000][1087812][info ][gc,cpu      ] GC(390) User=0.01s Sys=0.00s Real=0.01s
[2025-08-28T13:11:07.182+0000][1087812][info ][safepoint   ] Safepoint "G1CollectForAllocation", Time since last: 1934652046 ns, Reaching safepoint: 24617 ns, Cleanup: 4627 ns, At safepoint: 3924659 ns, Total: 3953903 ns
[2025-08-28T13:11:09.153+0000][1087812][info ][gc,start    ] GC(391) Pause Young (Normal) (G1 Evacuation Pause)
[2025-08-28T13:11:09.153+0000][1087812][info ][gc,task     ] GC(391) Using 12 workers of 33 for evacuation
[2025-08-28T13:11:09.153+0000][1087812][debug][gc,age      ] GC(391) Desired survivor size 20971520 bytes, new threshold 15 (max threshold 15)
[2025-08-28T13:11:09.156+0000][1087812][info ][gc,phases   ] GC(391)   Pre Evacuate Collection Set: 0.2ms
[2025-08-28T13:11:09.156+0000][1087812][info ][gc,phases   ] GC(391)   Merge Heap Roots: 0.1ms
[2025-08-28T13:11:09.156+0000][1087812][info ][gc,phases   ] GC(391)   Evacuate Collection Set: 2.2ms
[2025-08-28T13:11:09.156+0000][1087812][info ][gc,phases   ] GC(391)   Post Evacuate Collection Set: 0.8ms
[2025-08-28T13:11:09.156+0000][1087812][info ][gc,phases   ] GC(391)   Other: 0.1ms
[2025-08-28T13:11:09.156+0000][1087812][trace][gc,age      ] GC(391) Age table with threshold 15 (max threshold 15)
[2025-08-28T13:11:09.156+0000][1087812][trace][gc,age      ] GC(391) - age   1:     236496 bytes,     236496 total
[2025-08-28T13:11:09.156+0000][1087812][trace][gc,age      ] GC(391) - age   3:        712 bytes,     237208 total
[2025-08-28T13:11:09.156+0000][1087812][trace][gc,age      ] GC(391) - age   4:       3240 bytes,     240448 total
[2025-08-28T13:11:09.156+0000][1087812][trace][gc,age      ] GC(391) - age   7:        224 bytes,     240672 total
[2025-08-28T13:11:09.156+0000][1087812][trace][gc,age      ] GC(391) - age   8:         32 bytes,     240704 total
[2025-08-28T13:11:09.156+0000][1087812][trace][gc,age      ] GC(391) - age   9:      21440 bytes,     262144 total
[2025-08-28T13:11:09.156+0000][1087812][trace][gc,age      ] GC(391) - age  10:         16 bytes,     262160 total
[2025-08-28T13:11:09.156+0000][1087812][trace][gc,age      ] GC(391) - age  14:        584 bytes,     262744 total
[2025-08-28T13:11:09.156+0000][1087812][trace][gc,age      ] GC(391) - age  15:       1400 bytes,     264144 total
[2025-08-28T13:11:09.156+0000][1087812][info ][gc,heap     ] GC(391) Eden regions: 75->0(75)
[2025-08-28T13:11:09.156+0000][1087812][info ][gc,heap     ] GC(391) Survivor regions: 1->1(10)
[2025-08-28T13:11:09.156+0000][1087812][info ][gc,heap     ] GC(391) Old regions: 26->27
[2025-08-28T13:11:09.156+0000][1087812][info ][gc,heap     ] GC(391) Humongous regions: 0->0
[2025-08-28T13:11:09.156+0000][1087812][info ][gc,metaspace] GC(391) Metaspace: 144561K(148544K)->144561K(148544K) NonClass: 125016K(127104K)->125016K(127104K) Class: 19544K(21440K)->19544K(21440K)
[2025-08-28T13:11:09.156+0000][1087812][info ][gc          ] GC(391) Pause Young (Normal) (G1 Evacuation Pause) 405M->105M(512M) 3.444ms
[2025-08-28T13:11:09.156+0000][1087812][info ][gc,cpu      ] GC(391) User=0.01s Sys=0.00s Real=0.00s
[2025-08-28T13:11:09.156+0000][1087812][info ][safepoint   ] Safepoint "G1CollectForAllocation", Time since last: 1970429608 ns, Reaching safepoint: 24537 ns, Cleanup: 4397 ns, At safepoint: 3653711 ns, Total: 3682645 ns
[2025-08-28T13:11:11.115+0000][1087812][info ][gc,start    ] GC(392) Pause Young (Concurrent Start) (G1 Evacuation Pause)
[2025-08-28T13:11:11.115+0000][1087812][info ][gc,task     ] GC(392) Using 12 workers of 33 for evacuation
[2025-08-28T13:11:11.115+0000][1087812][debug][gc,age      ] GC(392) Desired survivor size 20971520 bytes, new threshold 15 (max threshold 15)
[2025-08-28T13:11:11.119+0000][1087812][info ][gc,phases   ] GC(392)   Pre Evacuate Collection Set: 0.4ms
[2025-08-28T13:11:11.119+0000][1087812][info ][gc,phases   ] GC(392)   Merge Heap Roots: 0.1ms
[2025-08-28T13:11:11.119+0000][1087812][info ][gc,phases   ] GC(392)   Evacuate Collection Set: 2.1ms
[2025-08-28T13:11:11.119+0000][1087812][info ][gc,phases   ] GC(392)   Post Evacuate Collection Set: 0.7ms
[2025-08-28T13:11:11.119+0000][1087812][info ][gc,phases   ] GC(392)   Other: 0.1ms
[2025-08-28T13:11:11.119+0000][1087812][trace][gc,age      ] GC(392) Age table with threshold 15 (max threshold 15)
[2025-08-28T13:11:11.119+0000][1087812][trace][gc,age      ] GC(392) - age   1:     658192 bytes,     658192 total
[2025-08-28T13:11:11.119+0000][1087812][trace][gc,age      ] GC(392) - age   5:       3240 bytes,     661432 total
[2025-08-28T13:11:11.119+0000][1087812][trace][gc,age      ] GC(392) - age   9:         32 bytes,     661464 total
[2025-08-28T13:11:11.119+0000][1087812][trace][gc,age      ] GC(392) - age  10:      21440 bytes,     682904 total
[2025-08-28T13:11:11.119+0000][1087812][trace][gc,age      ] GC(392) - age  11:         16 bytes,     682920 total
[2025-08-28T13:11:11.119+0000][1087812][trace][gc,age      ] GC(392) - age  15:        584 bytes,     683504 total
[2025-08-28T13:11:11.119+0000][1087812][info ][gc,heap     ] GC(392) Eden regions: 75->0(75)
[2025-08-28T13:11:11.119+0000][1087812][info ][gc,heap     ] GC(392) Survivor regions: 1->1(10)
[2025-08-28T13:11:11.119+0000][1087812][info ][gc,heap     ] GC(392) Old regions: 27->27
[2025-08-28T13:11:11.119+0000][1087812][info ][gc,heap     ] GC(392) Humongous regions: 0->0
[2025-08-28T13:11:11.119+0000][1087812][info ][gc,metaspace] GC(392) Metaspace: 144561K(148544K)->144561K(148544K) NonClass: 125016K(127104K)->125016K(127104K) Class: 19544K(21440K)->19544K(21440K)
[2025-08-28T13:11:11.119+0000][1087812][info ][gc          ] GC(392) Pause Young (Concurrent Start) (G1 Evacuation Pause) 405M->105M(512M) 3.437ms
[2025-08-28T13:11:11.119+0000][1087812][info ][gc          ] GC(393) Concurrent Mark Cycle
[2025-08-28T13:11:11.119+0000][1087812][info ][gc,marking  ] GC(393) Concurrent Scan Root Regions
[2025-08-28T13:11:11.119+0000][1087812][info ][gc,cpu      ] GC(392) User=0.01s Sys=0.00s Real=0.00s
[2025-08-28T13:11:11.119+0000][1087812][info ][safepoint   ] Safepoint "G1CollectForAllocation", Time since last: 1959065349 ns, Reaching safepoint: 62293 ns, Cleanup: 4227 ns, At safepoint: 3661593 ns, Total: 3728113 ns
[2025-08-28T13:11:11.121+0000][1087812][info ][gc,marking  ] GC(393) Concurrent Scan Root Regions 1.666ms
[2025-08-28T13:11:11.121+0000][1087812][info ][gc,marking  ] GC(393) Concurrent Mark
[2025-08-28T13:11:11.121+0000][1087812][info ][gc,marking  ] GC(393) Concurrent Mark From Roots
[2025-08-28T13:11:11.121+0000][1087812][info ][gc,task     ] GC(393) Using 8 workers of 8 for marking
[2025-08-28T13:11:11.204+0000][1087812][info ][gc,marking  ] GC(393) Concurrent Mark From Roots 83.052ms
[2025-08-28T13:11:11.204+0000][1087812][info ][gc,marking  ] GC(393) Concurrent Preclean
[2025-08-28T13:11:11.206+0000][1087812][info ][gc,marking  ] GC(393) Concurrent Preclean 2.306ms
[2025-08-28T13:11:11.206+0000][1087812][info ][gc,start    ] GC(393) Pause Remark
[2025-08-28T13:11:11.251+0000][1087812][info ][gc          ] GC(393) Pause Remark 121M->121M(512M) 45.047ms
[2025-08-28T13:11:11.252+0000][1087812][info ][gc,cpu      ] GC(393) User=0.12s Sys=0.01s Real=0.05s
[2025-08-28T13:11:11.252+0000][1087812][info ][safepoint   ] Safepoint "G1PauseRemark", Time since last: 87174242 ns, Reaching safepoint: 24657 ns, Cleanup: 4216 ns, At safepoint: 45371453 ns, Total: 45400326 ns
[2025-08-28T13:11:11.252+0000][1087812][info ][gc,marking  ] GC(393) Concurrent Mark 130.916ms
[2025-08-28T13:11:11.252+0000][1087812][info ][gc,marking  ] GC(393) Concurrent Rebuild Remembered Sets and Scrub Regions
[2025-08-28T13:11:11.295+0000][1087812][info ][gc,marking  ] GC(393) Concurrent Rebuild Remembered Sets and Scrub Regions 43.438ms
[2025-08-28T13:11:11.295+0000][1087812][info ][gc,start    ] GC(393) Pause Cleanup
[2025-08-28T13:11:11.296+0000][1087812][info ][gc          ] GC(393) Pause Cleanup 130M->130M(512M) 0.211ms
[2025-08-28T13:11:11.296+0000][1087812][info ][gc,cpu      ] GC(393) User=0.00s Sys=0.00s Real=0.00s
[2025-08-28T13:11:11.296+0000][1087812][info ][safepoint   ] Safepoint "G1PauseCleanup", Time since last: 43616385 ns, Reaching safepoint: 42123 ns, Cleanup: 26820 ns, At safepoint: 543397 ns, Total: 612340 ns
[2025-08-28T13:11:11.296+0000][1087812][info ][gc,marking  ] GC(393) Concurrent Clear Claimed Marks
[2025-08-28T13:11:11.296+0000][1087812][info ][gc,marking  ] GC(393) Concurrent Clear Claimed Marks 0.211ms
[2025-08-28T13:11:11.296+0000][1087812][info ][gc,marking  ] GC(393) Concurrent Cleanup for Next Mark
[2025-08-28T13:11:11.296+0000][1087812][info ][gc,marking  ] GC(393) Concurrent Cleanup for Next Mark 0.232ms
[2025-08-28T13:11:11.296+0000][1087812][info ][gc          ] GC(393) Concurrent Mark Cycle 177.376ms
[2025-08-28T13:11:13.120+0000][1087812][info ][gc,start    ] GC(394) Pause Young (Prepare Mixed) (G1 Evacuation Pause)
[2025-08-28T13:11:13.120+0000][1087812][info ][gc,task     ] GC(394) Using 12 workers of 33 for evacuation
[2025-08-28T13:11:13.120+0000][1087812][debug][gc,age      ] GC(394) Desired survivor size 20971520 bytes, new threshold 15 (max threshold 15)
[2025-08-28T13:11:13.124+0000][1087812][info ][gc,phases   ] GC(394)   Pre Evacuate Collection Set: 0.2ms
[2025-08-28T13:11:13.124+0000][1087812][info ][gc,phases   ] GC(394)   Merge Heap Roots: 0.1ms
[2025-08-28T13:11:13.124+0000][1087812][info ][gc,phases   ] GC(394)   Evacuate Collection Set: 2.1ms
[2025-08-28T13:11:13.124+0000][1087812][info ][gc,phases   ] GC(394)   Post Evacuate Collection Set: 0.7ms
[2025-08-28T13:11:13.124+0000][1087812][info ][gc,phases   ] GC(394)   Other: 0.1ms
[2025-08-28T13:11:13.124+0000][1087812][trace][gc,age      ] GC(394) Age table with threshold 15 (max threshold 15)
[2025-08-28T13:11:13.124+0000][1087812][trace][gc,age      ] GC(394) - age   1:      57280 bytes,      57280 total
[2025-08-28T13:11:13.124+0000][1087812][trace][gc,age      ] GC(394) - age   2:       1112 bytes,      58392 total
[2025-08-28T13:11:13.124+0000][1087812][trace][gc,age      ] GC(394) - age   6:        976 bytes,      59368 total
[2025-08-28T13:11:13.124+0000][1087812][trace][gc,age      ] GC(394) - age  10:         32 bytes,      59400 total
[2025-08-28T13:11:13.124+0000][1087812][trace][gc,age      ] GC(394) - age  11:      21440 bytes,      80840 total
[2025-08-28T13:11:13.124+0000][1087812][trace][gc,age      ] GC(394) - age  12:         16 bytes,      80856 total
[2025-08-28T13:11:13.124+0000][1087812][info ][gc,heap     ] GC(394) Eden regions: 75->0(75)
[2025-08-28T13:11:13.124+0000][1087812][info ][gc,heap     ] GC(394) Survivor regions: 1->1(10)
[2025-08-28T13:11:13.124+0000][1087812][info ][gc,heap     ] GC(394) Old regions: 27->27
[2025-08-28T13:11:13.124+0000][1087812][info ][gc,heap     ] GC(394) Humongous regions: 0->0
[2025-08-28T13:11:13.124+0000][1087812][info ][gc,metaspace] GC(394) Metaspace: 141804K(148544K)->141804K(148544K) NonClass: 122950K(127104K)->122950K(127104K) Class: 18854K(21440K)->18854K(21440K)
[2025-08-28T13:11:13.124+0000][1087812][info ][gc          ] GC(394) Pause Young (Prepare Mixed) (G1 Evacuation Pause) 405M->105M(512M) 3.330ms
[2025-08-28T13:11:13.124+0000][1087812][info ][gc,cpu      ] GC(394) User=0.01s Sys=0.01s Real=0.01s
[2025-08-28T13:11:13.124+0000][1087812][info ][safepoint   ] Safepoint "G1CollectForAllocation", Time since last: 1824483544 ns, Reaching safepoint: 25718 ns, Cleanup: 4697 ns, At safepoint: 3587562 ns, Total: 3617977 ns
[2025-08-28T13:11:15.096+0000][1087812][info ][gc,start    ] GC(395) Pause Young (Mixed) (G1 Evacuation Pause)
[2025-08-28T13:11:15.096+0000][1087812][info ][gc,task     ] GC(395) Using 12 workers of 33 for evacuation
[2025-08-28T13:11:15.096+0000][1087812][debug][gc,age      ] GC(395) Desired survivor size 20971520 bytes, new threshold 15 (max threshold 15)
[2025-08-28T13:11:15.102+0000][1087812][info ][gc,phases   ] GC(395)   Pre Evacuate Collection Set: 0.2ms
[2025-08-28T13:11:15.102+0000][1087812][info ][gc,phases   ] GC(395)   Merge Heap Roots: 0.1ms
[2025-08-28T13:11:15.102+0000][1087812][info ][gc,phases   ] GC(395)   Evacuate Collection Set: 4.7ms
[2025-08-28T13:11:15.102+0000][1087812][info ][gc,phases   ] GC(395)   Post Evacuate Collection Set: 0.8ms
[2025-08-28T13:11:15.102+0000][1087812][info ][gc,phases   ] GC(395)   Other: 0.1ms
[2025-08-28T13:11:15.102+0000][1087812][trace][gc,age      ] GC(395) Age table with threshold 15 (max threshold 15)
[2025-08-28T13:11:15.102+0000][1087812][trace][gc,age      ] GC(395) - age   1:     123200 bytes,     123200 total
[2025-08-28T13:11:15.102+0000][1087812][trace][gc,age      ] GC(395) - age   2:        240 bytes,     123440 total
[2025-08-28T13:11:15.102+0000][1087812][trace][gc,age      ] GC(395) - age   3:        936 bytes,     124376 total
[2025-08-28T13:11:15.102+0000][1087812][trace][gc,age      ] GC(395) - age   7:        976 bytes,     125352 total
[2025-08-28T13:11:15.102+0000][1087812][trace][gc,age      ] GC(395) - age  11:         32 bytes,     125384 total
[2025-08-28T13:11:15.102+0000][1087812][trace][gc,age      ] GC(395) - age  12:      21440 bytes,     146824 total
[2025-08-28T13:11:15.102+0000][1087812][trace][gc,age      ] GC(395) - age  13:         16 bytes,     146840 total
[2025-08-28T13:11:15.102+0000][1087812][info ][gc,heap     ] GC(395) Eden regions: 75->0(75)
[2025-08-28T13:11:15.102+0000][1087812][info ][gc,heap     ] GC(395) Survivor regions: 1->1(10)
[2025-08-28T13:11:15.102+0000][1087812][info ][gc,heap     ] GC(395) Old regions: 27->26
[2025-08-28T13:11:15.102+0000][1087812][info ][gc,heap     ] GC(395) Humongous regions: 0->0
[2025-08-28T13:11:15.102+0000][1087812][info ][gc,metaspace] GC(395) Metaspace: 141804K(148544K)->141804K(148544K) NonClass: 122950K(127104K)->122950K(127104K) Class: 18854K(21440K)->18854K(21440K)
[2025-08-28T13:11:15.102+0000][1087812][info ][gc          ] GC(395) Pause Young (Mixed) (G1 Evacuation Pause) 405M->103M(512M) 6.130ms
[2025-08-28T13:11:15.102+0000][1087812][info ][gc,cpu      ] GC(395) User=0.02s Sys=0.00s Real=0.01s
[2025-08-28T13:11:15.102+0000][1087812][info ][safepoint   ] Safepoint "G1CollectForAllocation", Time since last: 1971424985 ns, Reaching safepoint: 40611 ns, Cleanup: 10336 ns, At safepoint: 6417746 ns, Total: 6468693 ns
[2025-08-28T13:11:17.059+0000][1087812][info ][gc,start    ] GC(396) Pause Young (Normal) (G1 Evacuation Pause)
[2025-08-28T13:11:17.059+0000][1087812][info ][gc,task     ] GC(396) Using 12 workers of 33 for evacuation
[2025-08-28T13:11:17.059+0000][1087812][debug][gc,age      ] GC(396) Desired survivor size 20971520 bytes, new threshold 15 (max threshold 15)
[2025-08-28T13:11:17.061+0000][1087812][info ][gc,phases   ] GC(396)   Pre Evacuate Collection Set: 0.2ms
[2025-08-28T13:11:17.061+0000][1087812][info ][gc,phases   ] GC(396)   Merge Heap Roots: 0.1ms
[2025-08-28T13:11:17.061+0000][1087812][info ][gc,phases   ] GC(396)   Evacuate Collection Set: 1.1ms
[2025-08-28T13:11:17.061+0000][1087812][info ][gc,phases   ] GC(396)   Post Evacuate Collection Set: 0.7ms
[2025-08-28T13:11:17.061+0000][1087812][info ][gc,phases   ] GC(396)   Other: 0.1ms
[2025-08-28T13:11:17.061+0000][1087812][trace][gc,age      ] GC(396) Age table with threshold 15 (max threshold 15)
[2025-08-28T13:11:17.061+0000][1087812][trace][gc,age      ] GC(396) - age   1:     673048 bytes,     673048 total
[2025-08-28T13:11:17.061+0000][1087812][trace][gc,age      ] GC(396) - age   2:       2200 bytes,     675248 total
[2025-08-28T13:11:17.061+0000][1087812][trace][gc,age      ] GC(396) - age   3:        240 bytes,     675488 total
[2025-08-28T13:11:17.061+0000][1087812][trace][gc,age      ] GC(396) - age   4:        400 bytes,     675888 total
[2025-08-28T13:11:17.061+0000][1087812][trace][gc,age      ] GC(396) - age   8:        976 bytes,     676864 total
[2025-08-28T13:11:17.061+0000][1087812][trace][gc,age      ] GC(396) - age  12:         32 bytes,     676896 total
[2025-08-28T13:11:17.061+0000][1087812][trace][gc,age      ] GC(396) - age  13:      21440 bytes,     698336 total
[2025-08-28T13:11:17.061+0000][1087812][trace][gc,age      ] GC(396) - age  14:         16 bytes,     698352 total
[2025-08-28T13:11:17.061+0000][1087812][info ][gc,heap     ] GC(396) Eden regions: 75->0(75)
[2025-08-28T13:11:17.061+0000][1087812][info ][gc,heap     ] GC(396) Survivor regions: 1->1(10)
[2025-08-28T13:11:17.061+0000][1087812][info ][gc,heap     ] GC(396) Old regions: 26->26
[2025-08-28T13:11:17.061+0000][1087812][info ][gc,heap     ] GC(396) Humongous regions: 0->0
[2025-08-28T13:11:17.061+0000][1087812][info ][gc,metaspace] GC(396) Metaspace: 141804K(148544K)->141804K(148544K) NonClass: 122950K(127104K)->122950K(127104K) Class: 18854K(21440K)->18854K(21440K)
[2025-08-28T13:11:17.061+0000][1087812][info ][gc          ] GC(396) Pause Young (Normal) (G1 Evacuation Pause) 403M->104M(512M) 2.412ms
[2025-08-28T13:11:17.061+0000][1087812][info ][gc,cpu      ] GC(396) User=0.01s Sys=0.00s Real=0.01s
[2025-08-28T13:11:17.061+0000][1087812][info ][safepoint   ] Safepoint "G1CollectForAllocation", Time since last: 1956531610 ns, Reaching safepoint: 39349 ns, Cleanup: 9054 ns, At safepoint: 2688681 ns, Total: 2737084 ns
[2025-08-28T13:11:19.033+0000][1087812][info ][gc,start    ] GC(397) Pause Young (Normal) (G1 Evacuation Pause)
[2025-08-28T13:11:19.033+0000][1087812][info ][gc,task     ] GC(397) Using 12 workers of 33 for evacuation
[2025-08-28T13:11:19.033+0000][1087812][debug][gc,age      ] GC(397) Desired survivor size 20971520 bytes, new threshold 15 (max threshold 15)
[2025-08-28T13:11:19.035+0000][1087812][info ][gc,phases   ] GC(397)   Pre Evacuate Collection Set: 0.2ms
[2025-08-28T13:11:19.035+0000][1087812][info ][gc,phases   ] GC(397)   Merge Heap Roots: 0.1ms
[2025-08-28T13:11:19.035+0000][1087812][info ][gc,phases   ] GC(397)   Evacuate Collection Set: 1.3ms
[2025-08-28T13:11:19.035+0000][1087812][info ][gc,phases   ] GC(397)   Post Evacuate Collection Set: 0.6ms
[2025-08-28T13:11:19.035+0000][1087812][info ][gc,phases   ] GC(397)   Other: 0.1ms
[2025-08-28T13:11:19.035+0000][1087812][trace][gc,age      ] GC(397) Age table with threshold 15 (max threshold 15)
[2025-08-28T13:11:19.035+0000][1087812][trace][gc,age      ] GC(397) - age   1:     187008 bytes,     187008 total
[2025-08-28T13:11:19.035+0000][1087812][trace][gc,age      ] GC(397) - age   2:        536 bytes,     187544 total
[2025-08-28T13:11:19.035+0000][1087812][trace][gc,age      ] GC(397) - age   3:       2200 bytes,     189744 total
[2025-08-28T13:11:19.035+0000][1087812][trace][gc,age      ] GC(397) - age   4:        240 bytes,     189984 total
[2025-08-28T13:11:19.035+0000][1087812][trace][gc,age      ] GC(397) - age   5:        400 bytes,     190384 total
[2025-08-28T13:11:19.035+0000][1087812][trace][gc,age      ] GC(397) - age   9:        976 bytes,     191360 total
[2025-08-28T13:11:19.036+0000][1087812][trace][gc,age      ] GC(397) - age  13:         32 bytes,     191392 total
[2025-08-28T13:11:19.036+0000][1087812][trace][gc,age      ] GC(397) - age  14:      21440 bytes,     212832 total
[2025-08-28T13:11:19.036+0000][1087812][trace][gc,age      ] GC(397) - age  15:         16 bytes,     212848 total
[2025-08-28T13:11:19.036+0000][1087812][info ][gc,heap     ] GC(397) Eden regions: 75->0(75)
[2025-08-28T13:11:19.036+0000][1087812][info ][gc,heap     ] GC(397) Survivor regions: 1->1(10)
[2025-08-28T13:11:19.036+0000][1087812][info ][gc,heap     ] GC(397) Old regions: 26->26
[2025-08-28T13:11:19.036+0000][1087812][info ][gc,heap     ] GC(397) Humongous regions: 0->0
[2025-08-28T13:11:19.036+0000][1087812][info ][gc,metaspace] GC(397) Metaspace: 141804K(148544K)->141804K(148544K) NonClass: 122950K(127104K)->122950K(127104K) Class: 18854K(21440K)->18854K(21440K)
[2025-08-28T13:11:19.036+0000][1087812][info ][gc          ] GC(397) Pause Young (Normal) (G1 Evacuation Pause) 404M->103M(512M) 2.533ms
[2025-08-28T13:11:19.036+0000][1087812][info ][gc,cpu      ] GC(397) User=0.00s Sys=0.00s Real=0.00s
[2025-08-28T13:11:19.036+0000][1087812][info ][safepoint   ] Safepoint "G1CollectForAllocation", Time since last: 1971762001 ns, Reaching safepoint: 38307 ns, Cleanup: 9625 ns, At safepoint: 2841821 ns, Total: 2889753 ns
[2025-08-28T13:11:20.995+0000][1087812][info ][gc,start    ] GC(398) Pause Young (Normal) (G1 Evacuation Pause)
[2025-08-28T13:11:20.996+0000][1087812][info ][gc,task     ] GC(398) Using 12 workers of 33 for evacuation
[2025-08-28T13:11:20.996+0000][1087812][debug][gc,age      ] GC(398) Desired survivor size 20971520 bytes, new threshold 15 (max threshold 15)
[2025-08-28T13:11:21.001+0000][1087812][info ][gc,phases   ] GC(398)   Pre Evacuate Collection Set: 0.2ms
[2025-08-28T13:11:21.001+0000][1087812][info ][gc,phases   ] GC(398)   Merge Heap Roots: 0.1ms
[2025-08-28T13:11:21.001+0000][1087812][info ][gc,phases   ] GC(398)   Evacuate Collection Set: 4.6ms
[2025-08-28T13:11:21.001+0000][1087812][info ][gc,phases   ] GC(398)   Post Evacuate Collection Set: 0.6ms
[2025-08-28T13:11:21.001+0000][1087812][info ][gc,phases   ] GC(398)   Other: 0.1ms
[2025-08-28T13:11:21.001+0000][1087812][trace][gc,age      ] GC(398) Age table with threshold 15 (max threshold 15)
[2025-08-28T13:11:21.001+0000][1087812][trace][gc,age      ] GC(398) - age   1:       6144 bytes,       6144 total
[2025-08-28T13:11:21.001+0000][1087812][trace][gc,age      ] GC(398) - age   4:       2024 bytes,       8168 total
[2025-08-28T13:11:21.001+0000][1087812][trace][gc,age      ] GC(398) - age   5:        240 bytes,       8408 total
[2025-08-28T13:11:21.001+0000][1087812][trace][gc,age      ] GC(398) - age   6:        400 bytes,       8808 total
[2025-08-28T13:11:21.001+0000][1087812][trace][gc,age      ] GC(398) - age  10:        976 bytes,       9784 total
[2025-08-28T13:11:21.001+0000][1087812][trace][gc,age      ] GC(398) - age  14:         32 bytes,       9816 total
[2025-08-28T13:11:21.001+0000][1087812][trace][gc,age      ] GC(398) - age  15:      21440 bytes,      31256 total
[2025-08-28T13:11:21.001+0000][1087812][info ][gc,heap     ] GC(398) Eden regions: 75->0(75)
[2025-08-28T13:11:21.001+0000][1087812][info ][gc,heap     ] GC(398) Survivor regions: 1->1(10)
[2025-08-28T13:11:21.001+0000][1087812][info ][gc,heap     ] GC(398) Old regions: 26->26
[2025-08-28T13:11:21.001+0000][1087812][info ][gc,heap     ] GC(398) Humongous regions: 0->0
[2025-08-28T13:11:21.001+0000][1087812][info ][gc,metaspace] GC(398) Metaspace: 141804K(148544K)->141804K(148544K) NonClass: 122950K(127104K)->122950K(127104K) Class: 18854K(21440K)->18854K(21440K)
[2025-08-28T13:11:21.001+0000][1087812][info ][gc          ] GC(398) Pause Young (Normal) (G1 Evacuation Pause) 403M->103M(512M) 5.647ms
[2025-08-28T13:11:21.001+0000][1087812][info ][gc,cpu      ] GC(398) User=0.01s Sys=0.00s Real=0.01s
[2025-08-28T13:11:21.001+0000][1087812][info ][safepoint   ] Safepoint "G1CollectForAllocation", Time since last: 1959650618 ns, Reaching safepoint: 23886 ns, Cleanup: 4617 ns, At safepoint: 5795961 ns, Total: 5824464 ns
[2025-08-28T13:11:22.371+0000][1087812][info ][safepoint   ] Safepoint "Cleanup", Time since last: 1369404647 ns, Reaching safepoint: 25348 ns, Cleanup: 11197 ns, At safepoint: 7952 ns, Total: 44497 ns
[2025-08-28T13:11:23.672+0000][1087812][info ][gc,start    ] GC(399) Pause Young (Normal) (G1 Evacuation Pause)
[2025-08-28T13:11:23.672+0000][1087812][info ][gc,task     ] GC(399) Using 12 workers of 33 for evacuation
[2025-08-28T13:11:23.672+0000][1087812][debug][gc,age      ] GC(399) Desired survivor size 20971520 bytes, new threshold 15 (max threshold 15)
[2025-08-28T13:11:23.674+0000][1087812][info ][gc,phases   ] GC(399)   Pre Evacuate Collection Set: 0.2ms
[2025-08-28T13:11:23.674+0000][1087812][info ][gc,phases   ] GC(399)   Merge Heap Roots: 0.1ms
[2025-08-28T13:11:23.674+0000][1087812][info ][gc,phases   ] GC(399)   Evacuate Collection Set: 1.1ms
[2025-08-28T13:11:23.674+0000][1087812][info ][gc,phases   ] GC(399)   Post Evacuate Collection Set: 0.6ms
[2025-08-28T13:11:23.675+0000][1087812][info ][gc,phases   ] GC(399)   Other: 0.1ms
[2025-08-28T13:11:23.675+0000][1087812][trace][gc,age      ] GC(399) Age table with threshold 15 (max threshold 15)
[2025-08-28T13:11:23.675+0000][1087812][trace][gc,age      ] GC(399) - age   1:      10888 bytes,      10888 total
[2025-08-28T13:11:23.675+0000][1087812][trace][gc,age      ] GC(399) - age   2:        712 bytes,      11600 total
[2025-08-28T13:11:23.675+0000][1087812][trace][gc,age      ] GC(399) - age   7:        176 bytes,      11776 total
[2025-08-28T13:11:23.675+0000][1087812][trace][gc,age      ] GC(399) - age  11:        496 bytes,      12272 total
[2025-08-28T13:11:23.675+0000][1087812][trace][gc,age      ] GC(399) - age  15:         32 bytes,      12304 total
[2025-08-28T13:11:23.675+0000][1087812][info ][gc,heap     ] GC(399) Eden regions: 75->0(75)
[2025-08-28T13:11:23.675+0000][1087812][info ][gc,heap     ] GC(399) Survivor regions: 1->1(10)
[2025-08-28T13:11:23.675+0000][1087812][info ][gc,heap     ] GC(399) Old regions: 26->26
[2025-08-28T13:11:23.675+0000][1087812][info ][gc,heap     ] GC(399) Humongous regions: 0->0
[2025-08-28T13:11:23.675+0000][1087812][info ][gc,metaspace] GC(399) Metaspace: 141805K(148544K)->141805K(148544K) NonClass: 122951K(127104K)->122951K(127104K) Class: 18854K(21440K)->18854K(21440K)
[2025-08-28T13:11:23.675+0000][1087812][info ][gc          ] GC(399) Pause Young (Normal) (G1 Evacuation Pause) 403M->103M(512M) 2.158ms
[2025-08-28T13:11:23.675+0000][1087812][info ][gc,cpu      ] GC(399) User=0.01s Sys=0.00s Real=0.00s
[2025-08-28T13:11:23.675+0000][1087812][info ][safepoint   ] Safepoint "G1CollectForAllocation", Time since last: 1301650512 ns, Reaching safepoint: 24778 ns, Cleanup: 4176 ns, At safepoint: 2315189 ns, Total: 2344143 ns
[2025-08-28T13:11:25.646+0000][1087812][info ][gc,start    ] GC(400) Pause Young (Normal) (G1 Evacuation Pause)
[2025-08-28T13:11:25.646+0000][1087812][info ][gc,task     ] GC(400) Using 12 workers of 33 for evacuation
[2025-08-28T13:11:25.646+0000][1087812][debug][gc,age      ] GC(400) Desired survivor size 20971520 bytes, new threshold 15 (max threshold 15)
[2025-08-28T13:11:25.649+0000][1087812][info ][gc,phases   ] GC(400)   Pre Evacuate Collection Set: 0.4ms
[2025-08-28T13:11:25.649+0000][1087812][info ][gc,phases   ] GC(400)   Merge Heap Roots: 0.1ms
[2025-08-28T13:11:25.649+0000][1087812][info ][gc,phases   ] GC(400)   Evacuate Collection Set: 1.5ms
[2025-08-28T13:11:25.649+0000][1087812][info ][gc,phases   ] GC(400)   Post Evacuate Collection Set: 0.7ms
[2025-08-28T13:11:25.649+0000][1087812][info ][gc,phases   ] GC(400)   Other: 0.1ms
[2025-08-28T13:11:25.649+0000][1087812][trace][gc,age      ] GC(400) Age table with threshold 15 (max threshold 15)
[2025-08-28T13:11:25.649+0000][1087812][trace][gc,age      ] GC(400) - age   1:     403120 bytes,     403120 total
[2025-08-28T13:11:25.649+0000][1087812][trace][gc,age      ] GC(400) - age   2:       3720 bytes,     406840 total
[2025-08-28T13:11:25.649+0000][1087812][trace][gc,age      ] GC(400) - age   8:        176 bytes,     407016 total
[2025-08-28T13:11:25.649+0000][1087812][trace][gc,age      ] GC(400) - age  12:        496 bytes,     407512 total
[2025-08-28T13:11:25.649+0000][1087812][info ][gc,heap     ] GC(400) Eden regions: 75->0(75)
[2025-08-28T13:11:25.649+0000][1087812][info ][gc,heap     ] GC(400) Survivor regions: 1->1(10)
[2025-08-28T13:11:25.649+0000][1087812][info ][gc,heap     ] GC(400) Old regions: 26->26
[2025-08-28T13:11:25.649+0000][1087812][info ][gc,heap     ] GC(400) Humongous regions: 0->0
[2025-08-28T13:11:25.649+0000][1087812][info ][gc,metaspace] GC(400) Metaspace: 141805K(148544K)->141805K(148544K) NonClass: 122951K(127104K)->122951K(127104K) Class: 18854K(21440K)->18854K(21440K)
[2025-08-28T13:11:25.649+0000][1087812][info ][gc          ] GC(400) Pause Young (Normal) (G1 Evacuation Pause) 403M->103M(512M) 2.903ms
[2025-08-28T13:11:25.649+0000][1087812][info ][gc,cpu      ] GC(400) User=0.01s Sys=0.00s Real=0.00s
[2025-08-28T13:11:25.649+0000][1087812][info ][safepoint   ] Safepoint "G1CollectForAllocation", Time since last: 1971240899 ns, Reaching safepoint: 35122 ns, Cleanup: 7462 ns, At safepoint: 3153930 ns, Total: 3196514 ns
[2025-08-28T13:11:27.621+0000][1087812][info ][gc,start    ] GC(401) Pause Young (Normal) (G1 Evacuation Pause)
[2025-08-28T13:11:27.621+0000][1087812][info ][gc,task     ] GC(401) Using 12 workers of 33 for evacuation
[2025-08-28T13:11:27.621+0000][1087812][debug][gc,age      ] GC(401) Desired survivor size 20971520 bytes, new threshold 15 (max threshold 15)
[2025-08-28T13:11:27.623+0000][1087812][info ][gc,phases   ] GC(401)   Pre Evacuate Collection Set: 0.2ms
[2025-08-28T13:11:27.623+0000][1087812][info ][gc,phases   ] GC(401)   Merge Heap Roots: 0.1ms
[2025-08-28T13:11:27.623+0000][1087812][info ][gc,phases   ] GC(401)   Evacuate Collection Set: 1.1ms
[2025-08-28T13:11:27.623+0000][1087812][info ][gc,phases   ] GC(401)   Post Evacuate Collection Set: 0.5ms
[2025-08-28T13:11:27.623+0000][1087812][info ][gc,phases   ] GC(401)   Other: 0.1ms
[2025-08-28T13:11:27.623+0000][1087812][trace][gc,age      ] GC(401) Age table with threshold 15 (max threshold 15)
[2025-08-28T13:11:27.623+0000][1087812][trace][gc,age      ] GC(401) - age   1:       6312 bytes,       6312 total
[2025-08-28T13:11:27.623+0000][1087812][trace][gc,age      ] GC(401) - age   2:        712 bytes,       7024 total
[2025-08-28T13:11:27.623+0000][1087812][trace][gc,age      ] GC(401) - age   3:       3720 bytes,      10744 total
[2025-08-28T13:11:27.623+0000][1087812][trace][gc,age      ] GC(401) - age   9:        176 bytes,      10920 total
[2025-08-28T13:11:27.623+0000][1087812][trace][gc,age      ] GC(401) - age  13:        496 bytes,      11416 total
[2025-08-28T13:11:27.623+0000][1087812][info ][gc,heap     ] GC(401) Eden regions: 75->0(75)
[2025-08-28T13:11:27.623+0000][1087812][info ][gc,heap     ] GC(401) Survivor regions: 1->1(10)
[2025-08-28T13:11:27.623+0000][1087812][info ][gc,heap     ] GC(401) Old regions: 26->26
[2025-08-28T13:11:27.623+0000][1087812][info ][gc,heap     ] GC(401) Humongous regions: 0->0
[2025-08-28T13:11:27.623+0000][1087812][info ][gc,metaspace] GC(401) Metaspace: 141805K(148544K)->141805K(148544K) NonClass: 122951K(127104K)->122951K(127104K) Class: 18854K(21440K)->18854K(21440K)
[2025-08-28T13:11:27.623+0000][1087812][info ][gc          ] GC(401) Pause Young (Normal) (G1 Evacuation Pause) 403M->103M(512M) 2.196ms
[2025-08-28T13:11:27.623+0000][1087812][info ][gc,cpu      ] GC(401) User=0.01s Sys=0.00s Real=0.00s
[2025-08-28T13:11:27.623+0000][1087812][info ][safepoint   ] Safepoint "G1CollectForAllocation", Time since last: 1971578445 ns, Reaching safepoint: 31788 ns, Cleanup: 6900 ns, At safepoint: 2389632 ns, Total: 2428320 ns
[2025-08-28T13:11:29.584+0000][1087812][info ][gc,start    ] GC(402) Pause Young (Normal) (G1 Evacuation Pause)
[2025-08-28T13:11:29.584+0000][1087812][info ][gc,task     ] GC(402) Using 12 workers of 33 for evacuation
[2025-08-28T13:11:29.584+0000][1087812][debug][gc,age      ] GC(402) Desired survivor size 20971520 bytes, new threshold 15 (max threshold 15)
[2025-08-28T13:11:29.586+0000][1087812][info ][gc,phases   ] GC(402)   Pre Evacuate Collection Set: 0.2ms
[2025-08-28T13:11:29.586+0000][1087812][info ][gc,phases   ] GC(402)   Merge Heap Roots: 0.1ms
[2025-08-28T13:11:29.586+0000][1087812][info ][gc,phases   ] GC(402)   Evacuate Collection Set: 1.2ms
[2025-08-28T13:11:29.586+0000][1087812][info ][gc,phases   ] GC(402)   Post Evacuate Collection Set: 0.6ms
[2025-08-28T13:11:29.586+0000][1087812][info ][gc,phases   ] GC(402)   Other: 0.1ms
[2025-08-28T13:11:29.586+0000][1087812][trace][gc,age      ] GC(402) Age table with threshold 15 (max threshold 15)
[2025-08-28T13:11:29.586+0000][1087812][trace][gc,age      ] GC(402) - age   1:     657664 bytes,     657664 total
[2025-08-28T13:11:29.586+0000][1087812][trace][gc,age      ] GC(402) - age   3:        536 bytes,     658200 total
[2025-08-28T13:11:29.586+0000][1087812][trace][gc,age      ] GC(402) - age   4:       3720 bytes,     661920 total
[2025-08-28T13:11:29.586+0000][1087812][trace][gc,age      ] GC(402) - age  10:        176 bytes,     662096 total
[2025-08-28T13:11:29.586+0000][1087812][trace][gc,age      ] GC(402) - age  14:        496 bytes,     662592 total
[2025-08-28T13:11:29.586+0000][1087812][info ][gc,heap     ] GC(402) Eden regions: 75->0(75)
[2025-08-28T13:11:29.586+0000][1087812][info ][gc,heap     ] GC(402) Survivor regions: 1->1(10)
[2025-08-28T13:11:29.586+0000][1087812][info ][gc,heap     ] GC(402) Old regions: 26->26
[2025-08-28T13:11:29.586+0000][1087812][info ][gc,heap     ] GC(402) Humongous regions: 0->0
[2025-08-28T13:11:29.586+0000][1087812][info ][gc,metaspace] GC(402) Metaspace: 141805K(148544K)->141805K(148544K) NonClass: 122951K(127104K)->122951K(127104K) Class: 18854K(21440K)->18854K(21440K)
[2025-08-28T13:11:29.586+0000][1087812][info ][gc          ] GC(402) Pause Young (Normal) (G1 Evacuation Pause) 403M->104M(512M) 2.464ms
[2025-08-28T13:11:29.586+0000][1087812][info ][gc,cpu      ] GC(402) User=0.00s Sys=0.00s Real=0.00s
[2025-08-28T13:11:29.586+0000][1087812][info ][safepoint   ] Safepoint "G1CollectForAllocation", Time since last: 1960526685 ns, Reaching safepoint: 40160 ns, Cleanup: 9775 ns, At safepoint: 2791175 ns, Total: 2841110 ns
[2025-08-28T13:11:31.546+0000][1087812][info ][gc,start    ] GC(403) Pause Young (Normal) (G1 Evacuation Pause)
[2025-08-28T13:11:31.546+0000][1087812][info ][gc,task     ] GC(403) Using 12 workers of 33 for evacuation
[2025-08-28T13:11:31.546+0000][1087812][debug][gc,age      ] GC(403) Desired survivor size 20971520 bytes, new threshold 15 (max threshold 15)
[2025-08-28T13:11:31.549+0000][1087812][info ][gc,phases   ] GC(403)   Pre Evacuate Collection Set: 0.3ms
[2025-08-28T13:11:31.549+0000][1087812][info ][gc,phases   ] GC(403)   Merge Heap Roots: 0.1ms
[2025-08-28T13:11:31.549+0000][1087812][info ][gc,phases   ] GC(403)   Evacuate Collection Set: 1.3ms
[2025-08-28T13:11:31.549+0000][1087812][info ][gc,phases   ] GC(403)   Post Evacuate Collection Set: 0.6ms
[2025-08-28T13:11:31.549+0000][1087812][info ][gc,phases   ] GC(403)   Other: 0.1ms
[2025-08-28T13:11:31.549+0000][1087812][trace][gc,age      ] GC(403) Age table with threshold 15 (max threshold 15)
[2025-08-28T13:11:31.549+0000][1087812][trace][gc,age      ] GC(403) - age   1:     659096 bytes,     659096 total
[2025-08-28T13:11:31.549+0000][1087812][trace][gc,age      ] GC(403) - age   2:        208 bytes,     659304 total
[2025-08-28T13:11:31.549+0000][1087812][trace][gc,age      ] GC(403) - age   5:       3480 bytes,     662784 total
[2025-08-28T13:11:31.549+0000][1087812][trace][gc,age      ] GC(403) - age  11:        176 bytes,     662960 total
[2025-08-28T13:11:31.549+0000][1087812][trace][gc,age      ] GC(403) - age  15:        496 bytes,     663456 total
[2025-08-28T13:11:31.549+0000][1087812][info ][gc,heap     ] GC(403) Eden regions: 75->0(75)
[2025-08-28T13:11:31.549+0000][1087812][info ][gc,heap     ] GC(403) Survivor regions: 1->1(10)
[2025-08-28T13:11:31.549+0000][1087812][info ][gc,heap     ] GC(403) Old regions: 26->26
[2025-08-28T13:11:31.549+0000][1087812][info ][gc,heap     ] GC(403) Humongous regions: 0->0
[2025-08-28T13:11:31.549+0000][1087812][info ][gc,metaspace] GC(403) Metaspace: 141805K(148544K)->141805K(148544K) NonClass: 122951K(127104K)->122951K(127104K) Class: 18854K(21440K)->18854K(21440K)
[2025-08-28T13:11:31.549+0000][1087812][info ][gc          ] GC(403) Pause Young (Normal) (G1 Evacuation Pause) 404M->104M(512M) 2.535ms
[2025-08-28T13:11:31.549+0000][1087812][info ][gc,cpu      ] GC(403) User=0.01s Sys=0.00s Real=0.00s
[2025-08-28T13:11:31.549+0000][1087812][info ][safepoint   ] Safepoint "G1CollectForAllocation", Time since last: 1959612621 ns, Reaching safepoint: 39589 ns, Cleanup: 10676 ns, At safepoint: 2828942 ns, Total: 2879207 ns
[2025-08-28T13:11:33.521+0000][1087812][info ][gc,start    ] GC(404) Pause Young (Normal) (G1 Evacuation Pause)
[2025-08-28T13:11:33.521+0000][1087812][info ][gc,task     ] GC(404) Using 12 workers of 33 for evacuation
[2025-08-28T13:11:33.521+0000][1087812][debug][gc,age      ] GC(404) Desired survivor size 20971520 bytes, new threshold 15 (max threshold 15)
[2025-08-28T13:11:33.524+0000][1087812][info ][gc,phases   ] GC(404)   Pre Evacuate Collection Set: 0.3ms
[2025-08-28T13:11:33.524+0000][1087812][info ][gc,phases   ] GC(404)   Merge Heap Roots: 0.1ms
[2025-08-28T13:11:33.524+0000][1087812][info ][gc,phases   ] GC(404)   Evacuate Collection Set: 1.7ms
[2025-08-28T13:11:33.524+0000][1087812][info ][gc,phases   ] GC(404)   Post Evacuate Collection Set: 0.6ms
[2025-08-28T13:11:33.524+0000][1087812][info ][gc,phases   ] GC(404)   Other: 0.1ms
[2025-08-28T13:11:33.524+0000][1087812][trace][gc,age      ] GC(404) Age table with threshold 15 (max threshold 15)
[2025-08-28T13:11:33.524+0000][1087812][trace][gc,age      ] GC(404) - age   1:     657712 bytes,     657712 total
[2025-08-28T13:11:33.524+0000][1087812][trace][gc,age      ] GC(404) - age   2:        776 bytes,     658488 total
[2025-08-28T13:11:33.524+0000][1087812][trace][gc,age      ] GC(404) - age   3:        176 bytes,     658664 total
[2025-08-28T13:11:33.524+0000][1087812][trace][gc,age      ] GC(404) - age   6:       3448 bytes,     662112 total
[2025-08-28T13:11:33.524+0000][1087812][trace][gc,age      ] GC(404) - age  12:        176 bytes,     662288 total
[2025-08-28T13:11:33.524+0000][1087812][info ][gc,heap     ] GC(404) Eden regions: 75->0(75)
[2025-08-28T13:11:33.524+0000][1087812][info ][gc,heap     ] GC(404) Survivor regions: 1->1(10)
[2025-08-28T13:11:33.524+0000][1087812][info ][gc,heap     ] GC(404) Old regions: 26->26
[2025-08-28T13:11:33.524+0000][1087812][info ][gc,heap     ] GC(404) Humongous regions: 0->0
[2025-08-28T13:11:33.524+0000][1087812][info ][gc,metaspace] GC(404) Metaspace: 141805K(148544K)->141805K(148544K) NonClass: 122951K(127104K)->122951K(127104K) Class: 18854K(21440K)->18854K(21440K)
[2025-08-28T13:11:33.524+0000][1087812][info ][gc          ] GC(404) Pause Young (Normal) (G1 Evacuation Pause) 404M->103M(512M) 3.055ms
[2025-08-28T13:11:33.524+0000][1087812][info ][gc,cpu      ] GC(404) User=0.01s Sys=0.00s Real=0.00s
[2025-08-28T13:11:33.524+0000][1087812][info ][safepoint   ] Safepoint "G1CollectForAllocation", Time since last: 1972102083 ns, Reaching safepoint: 24967 ns, Cleanup: 4156 ns, At safepoint: 3322434 ns, Total: 3351557 ns
[2025-08-28T13:11:35.488+0000][1087812][info ][gc,start    ] GC(405) Pause Young (Normal) (G1 Evacuation Pause)
[2025-08-28T13:11:35.488+0000][1087812][info ][gc,task     ] GC(405) Using 12 workers of 33 for evacuation
[2025-08-28T13:11:35.488+0000][1087812][debug][gc,age      ] GC(405) Desired survivor size 20971520 bytes, new threshold 15 (max threshold 15)
[2025-08-28T13:11:35.490+0000][1087812][info ][gc,phases   ] GC(405)   Pre Evacuate Collection Set: 0.2ms
[2025-08-28T13:11:35.490+0000][1087812][info ][gc,phases   ] GC(405)   Merge Heap Roots: 0.1ms
[2025-08-28T13:11:35.490+0000][1087812][info ][gc,phases   ] GC(405)   Evacuate Collection Set: 1.3ms
[2025-08-28T13:11:35.490+0000][1087812][info ][gc,phases   ] GC(405)   Post Evacuate Collection Set: 0.6ms
[2025-08-28T13:11:35.491+0000][1087812][info ][gc,phases   ] GC(405)   Other: 0.1ms
[2025-08-28T13:11:35.491+0000][1087812][trace][gc,age      ] GC(405) Age table with threshold 15 (max threshold 15)
[2025-08-28T13:11:35.491+0000][1087812][trace][gc,age      ] GC(405) - age   1:       7728 bytes,       7728 total
[2025-08-28T13:11:35.491+0000][1087812][trace][gc,age      ] GC(405) - age   2:        400 bytes,       8128 total
[2025-08-28T13:11:35.491+0000][1087812][trace][gc,age      ] GC(405) - age   3:        240 bytes,       8368 total
[2025-08-28T13:11:35.491+0000][1087812][trace][gc,age      ] GC(405) - age   7:       3448 bytes,      11816 total
[2025-08-28T13:11:35.491+0000][1087812][trace][gc,age      ] GC(405) - age  13:        176 bytes,      11992 total
[2025-08-28T13:11:35.491+0000][1087812][info ][gc,heap     ] GC(405) Eden regions: 75->0(75)
[2025-08-28T13:11:35.491+0000][1087812][info ][gc,heap     ] GC(405) Survivor regions: 1->1(10)
[2025-08-28T13:11:35.491+0000][1087812][info ][gc,heap     ] GC(405) Old regions: 26->26
[2025-08-28T13:11:35.491+0000][1087812][info ][gc,heap     ] GC(405) Humongous regions: 0->0
[2025-08-28T13:11:35.491+0000][1087812][info ][gc,metaspace] GC(405) Metaspace: 141805K(148544K)->141805K(148544K) NonClass: 122951K(127104K)->122951K(127104K) Class: 18854K(21440K)->18854K(21440K)
[2025-08-28T13:11:35.491+0000][1087812][info ][gc          ] GC(405) Pause Young (Normal) (G1 Evacuation Pause) 403M->103M(512M) 2.479ms
[2025-08-28T13:11:35.491+0000][1087812][info ][gc,cpu      ] GC(405) User=0.00s Sys=0.00s Real=0.01s
[2025-08-28T13:11:35.491+0000][1087812][info ][safepoint   ] Safepoint "G1CollectForAllocation", Time since last: 1963523599 ns, Reaching safepoint: 37897 ns, Cleanup: 10235 ns, At safepoint: 2777595 ns, Total: 2825727 ns
[2025-08-28T13:11:37.458+0000][1087812][info ][gc,start    ] GC(406) Pause Young (Normal) (G1 Evacuation Pause)
[2025-08-28T13:11:37.458+0000][1087812][info ][gc,task     ] GC(406) Using 12 workers of 33 for evacuation
[2025-08-28T13:11:37.458+0000][1087812][debug][gc,age      ] GC(406) Desired survivor size 20971520 bytes, new threshold 15 (max threshold 15)
[2025-08-28T13:11:37.460+0000][1087812][info ][gc,phases   ] GC(406)   Pre Evacuate Collection Set: 0.2ms
[2025-08-28T13:11:37.460+0000][1087812][info ][gc,phases   ] GC(406)   Merge Heap Roots: 0.1ms
[2025-08-28T13:11:37.460+0000][1087812][info ][gc,phases   ] GC(406)   Evacuate Collection Set: 1.0ms
[2025-08-28T13:11:37.460+0000][1087812][info ][gc,phases   ] GC(406)   Post Evacuate Collection Set: 0.6ms
[2025-08-28T13:11:37.460+0000][1087812][info ][gc,phases   ] GC(406)   Other: 0.1ms
[2025-08-28T13:11:37.460+0000][1087812][trace][gc,age      ] GC(406) Age table with threshold 15 (max threshold 15)
[2025-08-28T13:11:37.460+0000][1087812][trace][gc,age      ] GC(406) - age   1:     188984 bytes,     188984 total
[2025-08-28T13:11:37.460+0000][1087812][trace][gc,age      ] GC(406) - age   2:        712 bytes,     189696 total
[2025-08-28T13:11:37.460+0000][1087812][trace][gc,age      ] GC(406) - age   3:        400 bytes,     190096 total
[2025-08-28T13:11:37.460+0000][1087812][trace][gc,age      ] GC(406) - age   4:        240 bytes,     190336 total
[2025-08-28T13:11:37.460+0000][1087812][trace][gc,age      ] GC(406) - age   8:       3224 bytes,     193560 total
[2025-08-28T13:11:37.460+0000][1087812][trace][gc,age      ] GC(406) - age  14:        176 bytes,     193736 total
[2025-08-28T13:11:37.460+0000][1087812][info ][gc,heap     ] GC(406) Eden regions: 75->0(75)
[2025-08-28T13:11:37.460+0000][1087812][info ][gc,heap     ] GC(406) Survivor regions: 1->1(10)
[2025-08-28T13:11:37.460+0000][1087812][info ][gc,heap     ] GC(406) Old regions: 26->26
[2025-08-28T13:11:37.460+0000][1087812][info ][gc,heap     ] GC(406) Humongous regions: 0->0
[2025-08-28T13:11:37.460+0000][1087812][info ][gc,metaspace] GC(406) Metaspace: 141805K(148544K)->141805K(148544K) NonClass: 122951K(127104K)->122951K(127104K) Class: 18854K(21440K)->18854K(21440K)
[2025-08-28T13:11:37.460+0000][1087812][info ][gc          ] GC(406) Pause Young (Normal) (G1 Evacuation Pause) 403M->103M(512M) 2.066ms
[2025-08-28T13:11:37.460+0000][1087812][info ][gc,cpu      ] GC(406) User=0.01s Sys=0.00s Real=0.00s
[2025-08-28T13:11:37.461+0000][1087812][info ][safepoint   ] Safepoint "G1CollectForAllocation", Time since last: 1967488338 ns, Reaching safepoint: 26450 ns, Cleanup: 4567 ns, At safepoint: 2261379 ns, Total: 2292396 ns
[2025-08-28T13:11:39.421+0000][1087812][info ][gc,start    ] GC(407) Pause Young (Normal) (G1 Evacuation Pause)
[2025-08-28T13:11:39.421+0000][1087812][info ][gc,task     ] GC(407) Using 12 workers of 33 for evacuation
[2025-08-28T13:11:39.421+0000][1087812][debug][gc,age      ] GC(407) Desired survivor size 20971520 bytes, new threshold 15 (max threshold 15)
[2025-08-28T13:11:39.424+0000][1087812][info ][gc,phases   ] GC(407)   Pre Evacuate Collection Set: 0.2ms
[2025-08-28T13:11:39.424+0000][1087812][info ][gc,phases   ] GC(407)   Merge Heap Roots: 0.1ms
[2025-08-28T13:11:39.424+0000][1087812][info ][gc,phases   ] GC(407)   Evacuate Collection Set: 1.9ms
[2025-08-28T13:11:39.424+0000][1087812][info ][gc,phases   ] GC(407)   Post Evacuate Collection Set: 0.6ms
[2025-08-28T13:11:39.424+0000][1087812][info ][gc,phases   ] GC(407)   Other: 0.1ms
[2025-08-28T13:11:39.424+0000][1087812][trace][gc,age      ] GC(407) Age table with threshold 15 (max threshold 15)
[2025-08-28T13:11:39.424+0000][1087812][trace][gc,age      ] GC(407) - age   1:     657864 bytes,     657864 total
[2025-08-28T13:11:39.424+0000][1087812][trace][gc,age      ] GC(407) - age   2:        256 bytes,     658120 total
[2025-08-28T13:11:39.424+0000][1087812][trace][gc,age      ] GC(407) - age   3:        536 bytes,     658656 total
[2025-08-28T13:11:39.424+0000][1087812][trace][gc,age      ] GC(407) - age   4:        400 bytes,     659056 total
[2025-08-28T13:11:39.424+0000][1087812][trace][gc,age      ] GC(407) - age   5:        240 bytes,     659296 total
[2025-08-28T13:11:39.424+0000][1087812][trace][gc,age      ] GC(407) - age   9:       3224 bytes,     662520 total
[2025-08-28T13:11:39.424+0000][1087812][info ][gc,heap     ] GC(407) Eden regions: 75->0(75)
[2025-08-28T13:11:39.424+0000][1087812][info ][gc,heap     ] GC(407) Survivor regions: 1->1(10)
[2025-08-28T13:11:39.424+0000][1087812][info ][gc,heap     ] GC(407) Old regions: 26->26
[2025-08-28T13:11:39.424+0000][1087812][info ][gc,heap     ] GC(407) Humongous regions: 0->0
[2025-08-28T13:11:39.424+0000][1087812][info ][gc,metaspace] GC(407) Metaspace: 141805K(148544K)->141805K(148544K) NonClass: 122951K(127104K)->122951K(127104K) Class: 18854K(21440K)->18854K(21440K)
[2025-08-28T13:11:39.424+0000][1087812][info ][gc          ] GC(407) Pause Young (Normal) (G1 Evacuation Pause) 403M->104M(512M) 3.062ms
[2025-08-28T13:11:39.424+0000][1087812][info ][gc,cpu      ] GC(407) User=0.01s Sys=0.00s Real=0.00s
[2025-08-28T13:11:39.424+0000][1087812][info ][safepoint   ] Safepoint "G1CollectForAllocation", Time since last: 1960500936 ns, Reaching safepoint: 25077 ns, Cleanup: 4828 ns, At safepoint: 3267791 ns, Total: 3297696 ns
[2025-08-28T13:11:41.052+0000][1087812][info ][safepoint   ] Safepoint "Cleanup", Time since last: 1627331437 ns, Reaching safepoint: 9764 ns, Cleanup: 8003 ns, At safepoint: 2313 ns, Total: 20080 ns
[2025-08-28T13:11:42.155+0000][1087812][info ][gc,start    ] GC(408) Pause Young (Normal) (G1 Evacuation Pause)
[2025-08-28T13:11:42.155+0000][1087812][info ][gc,task     ] GC(408) Using 12 workers of 33 for evacuation
[2025-08-28T13:11:42.155+0000][1087812][debug][gc,age      ] GC(408) Desired survivor size 20971520 bytes, new threshold 15 (max threshold 15)
[2025-08-28T13:11:42.157+0000][1087812][info ][gc,phases   ] GC(408)   Pre Evacuate Collection Set: 0.2ms
[2025-08-28T13:11:42.157+0000][1087812][info ][gc,phases   ] GC(408)   Merge Heap Roots: 0.1ms
[2025-08-28T13:11:42.157+0000][1087812][info ][gc,phases   ] GC(408)   Evacuate Collection Set: 1.1ms
[2025-08-28T13:11:42.157+0000][1087812][info ][gc,phases   ] GC(408)   Post Evacuate Collection Set: 0.5ms
[2025-08-28T13:11:42.157+0000][1087812][info ][gc,phases   ] GC(408)   Other: 0.1ms
[2025-08-28T13:11:42.157+0000][1087812][trace][gc,age      ] GC(408) Age table with threshold 15 (max threshold 15)
[2025-08-28T13:11:42.157+0000][1087812][trace][gc,age      ] GC(408) - age   1:     676328 bytes,     676328 total
[2025-08-28T13:11:42.157+0000][1087812][trace][gc,age      ] GC(408) - age   2:        584 bytes,     676912 total
[2025-08-28T13:11:42.157+0000][1087812][trace][gc,age      ] GC(408) - age   3:        224 bytes,     677136 total
[2025-08-28T13:11:42.157+0000][1087812][trace][gc,age      ] GC(408) - age   5:        400 bytes,     677536 total
[2025-08-28T13:11:42.157+0000][1087812][trace][gc,age      ] GC(408) - age  10:       2776 bytes,     680312 total
[2025-08-28T13:11:42.157+0000][1087812][info ][gc,heap     ] GC(408) Eden regions: 75->0(75)
[2025-08-28T13:11:42.157+0000][1087812][info ][gc,heap     ] GC(408) Survivor regions: 1->1(10)
[2025-08-28T13:11:42.157+0000][1087812][info ][gc,heap     ] GC(408) Old regions: 26->26
[2025-08-28T13:11:42.157+0000][1087812][info ][gc,heap     ] GC(408) Humongous regions: 0->0
[2025-08-28T13:11:42.157+0000][1087812][info ][gc,metaspace] GC(408) Metaspace: 141805K(148544K)->141805K(148544K) NonClass: 122951K(127104K)->122951K(127104K) Class: 18854K(21440K)->18854K(21440K)
[2025-08-28T13:11:42.157+0000][1087812][info ][gc          ] GC(408) Pause Young (Normal) (G1 Evacuation Pause) 404M->104M(512M) 2.062ms
[2025-08-28T13:11:42.157+0000][1087812][info ][gc,cpu      ] GC(408) User=0.01s Sys=0.00s Real=0.00s
[2025-08-28T13:11:42.157+0000][1087812][info ][safepoint   ] Safepoint "G1CollectForAllocation", Time since last: 1103051541 ns, Reaching safepoint: 41673 ns, Cleanup: 4417 ns, At safepoint: 2200447 ns, Total: 2246537 ns
[2025-08-28T13:11:44.129+0000][1087812][info ][gc,start    ] GC(409) Pause Young (Normal) (G1 Evacuation Pause)
[2025-08-28T13:11:44.130+0000][1087812][info ][gc,task     ] GC(409) Using 12 workers of 33 for evacuation
[2025-08-28T13:11:44.130+0000][1087812][debug][gc,age      ] GC(409) Desired survivor size 20971520 bytes, new threshold 15 (max threshold 15)
[2025-08-28T13:11:44.132+0000][1087812][info ][gc,phases   ] GC(409)   Pre Evacuate Collection Set: 0.2ms
[2025-08-28T13:11:44.132+0000][1087812][info ][gc,phases   ] GC(409)   Merge Heap Roots: 0.1ms
[2025-08-28T13:11:44.132+0000][1087812][info ][gc,phases   ] GC(409)   Evacuate Collection Set: 1.4ms
[2025-08-28T13:11:44.132+0000][1087812][info ][gc,phases   ] GC(409)   Post Evacuate Collection Set: 0.6ms
[2025-08-28T13:11:44.132+0000][1087812][info ][gc,phases   ] GC(409)   Other: 0.1ms
[2025-08-28T13:11:44.132+0000][1087812][trace][gc,age      ] GC(409) Age table with threshold 15 (max threshold 15)
[2025-08-28T13:11:44.132+0000][1087812][trace][gc,age      ] GC(409) - age   1:       5432 bytes,       5432 total
[2025-08-28T13:11:44.132+0000][1087812][trace][gc,age      ] GC(409) - age   2:       4248 bytes,       9680 total
[2025-08-28T13:11:44.132+0000][1087812][trace][gc,age      ] GC(409) - age   3:        584 bytes,      10264 total
[2025-08-28T13:11:44.132+0000][1087812][trace][gc,age      ] GC(409) - age   4:        224 bytes,      10488 total
[2025-08-28T13:11:44.132+0000][1087812][trace][gc,age      ] GC(409) - age   6:        400 bytes,      10888 total
[2025-08-28T13:11:44.132+0000][1087812][trace][gc,age      ] GC(409) - age  11:       2776 bytes,      13664 total
[2025-08-28T13:11:44.132+0000][1087812][info ][gc,heap     ] GC(409) Eden regions: 75->0(75)
[2025-08-28T13:11:44.132+0000][1087812][info ][gc,heap     ] GC(409) Survivor regions: 1->1(10)
[2025-08-28T13:11:44.132+0000][1087812][info ][gc,heap     ] GC(409) Old regions: 26->26
[2025-08-28T13:11:44.132+0000][1087812][info ][gc,heap     ] GC(409) Humongous regions: 0->0
[2025-08-28T13:11:44.132+0000][1087812][info ][gc,metaspace] GC(409) Metaspace: 141805K(148544K)->141805K(148544K) NonClass: 122951K(127104K)->122951K(127104K) Class: 18854K(21440K)->18854K(21440K)
[2025-08-28T13:11:44.132+0000][1087812][info ][gc          ] GC(409) Pause Young (Normal) (G1 Evacuation Pause) 404M->103M(512M) 2.490ms
[2025-08-28T13:11:44.132+0000][1087812][info ][gc,cpu      ] GC(409) User=0.01s Sys=0.00s Real=0.01s
[2025-08-28T13:11:44.132+0000][1087812][info ][safepoint   ] Safepoint "G1CollectForAllocation", Time since last: 1972376244 ns, Reaching safepoint: 25549 ns, Cleanup: 4466 ns, At safepoint: 2755792 ns, Total: 2785807 ns
[2025-08-28T13:11:46.092+0000][1087812][info ][gc,start    ] GC(410) Pause Young (Normal) (G1 Evacuation Pause)
[2025-08-28T13:11:46.092+0000][1087812][info ][gc,task     ] GC(410) Using 12 workers of 33 for evacuation
[2025-08-28T13:11:46.092+0000][1087812][debug][gc,age      ] GC(410) Desired survivor size 20971520 bytes, new threshold 15 (max threshold 15)
[2025-08-28T13:11:46.095+0000][1087812][info ][gc,phases   ] GC(410)   Pre Evacuate Collection Set: 0.2ms
[2025-08-28T13:11:46.095+0000][1087812][info ][gc,phases   ] GC(410)   Merge Heap Roots: 0.1ms
[2025-08-28T13:11:46.095+0000][1087812][info ][gc,phases   ] GC(410)   Evacuate Collection Set: 1.5ms
[2025-08-28T13:11:46.095+0000][1087812][info ][gc,phases   ] GC(410)   Post Evacuate Collection Set: 0.6ms
[2025-08-28T13:11:46.095+0000][1087812][info ][gc,phases   ] GC(410)   Other: 0.1ms
[2025-08-28T13:11:46.095+0000][1087812][trace][gc,age      ] GC(410) Age table with threshold 15 (max threshold 15)
[2025-08-28T13:11:46.095+0000][1087812][trace][gc,age      ] GC(410) - age   1:       6144 bytes,       6144 total
[2025-08-28T13:11:46.095+0000][1087812][trace][gc,age      ] GC(410) - age   3:       3712 bytes,       9856 total
[2025-08-28T13:11:46.095+0000][1087812][trace][gc,age      ] GC(410) - age   4:        408 bytes,      10264 total
[2025-08-28T13:11:46.095+0000][1087812][trace][gc,age      ] GC(410) - age   5:        224 bytes,      10488 total
[2025-08-28T13:11:46.095+0000][1087812][trace][gc,age      ] GC(410) - age   7:        400 bytes,      10888 total
[2025-08-28T13:11:46.095+0000][1087812][trace][gc,age      ] GC(410) - age  12:       2776 bytes,      13664 total
[2025-08-28T13:11:46.095+0000][1087812][info ][gc,heap     ] GC(410) Eden regions: 75->0(75)
[2025-08-28T13:11:46.095+0000][1087812][info ][gc,heap     ] GC(410) Survivor regions: 1->1(10)
[2025-08-28T13:11:46.095+0000][1087812][info ][gc,heap     ] GC(410) Old regions: 26->26
[2025-08-28T13:11:46.095+0000][1087812][info ][gc,heap     ] GC(410) Humongous regions: 0->0
[2025-08-28T13:11:46.095+0000][1087812][info ][gc,metaspace] GC(410) Metaspace: 141805K(148544K)->141805K(148544K) NonClass: 122951K(127104K)->122951K(127104K) Class: 18854K(21440K)->18854K(21440K)
[2025-08-28T13:11:46.095+0000][1087812][info ][gc          ] GC(410) Pause Young (Normal) (G1 Evacuation Pause) 403M->103M(512M) 2.718ms
[2025-08-28T13:11:46.095+0000][1087812][info ][gc,cpu      ] GC(410) User=0.00s Sys=0.00s Real=0.00s
[2025-08-28T13:11:46.095+0000][1087812][info ][safepoint   ] Safepoint "G1CollectForAllocation", Time since last: 1959669126 ns, Reaching safepoint: 39530 ns, Cleanup: 10656 ns, At safepoint: 3013038 ns, Total: 3063224 ns
[2025-08-28T13:11:48.054+0000][1087812][info ][gc,start    ] GC(411) Pause Young (Normal) (G1 Evacuation Pause)
[2025-08-28T13:11:48.055+0000][1087812][info ][gc,task     ] GC(411) Using 12 workers of 33 for evacuation
[2025-08-28T13:11:48.055+0000][1087812][debug][gc,age      ] GC(411) Desired survivor size 20971520 bytes, new threshold 15 (max threshold 15)
[2025-08-28T13:11:48.057+0000][1087812][info ][gc,phases   ] GC(411)   Pre Evacuate Collection Set: 0.2ms
[2025-08-28T13:11:48.057+0000][1087812][info ][gc,phases   ] GC(411)   Merge Heap Roots: 0.1ms
[2025-08-28T13:11:48.057+0000][1087812][info ][gc,phases   ] GC(411)   Evacuate Collection Set: 1.2ms
[2025-08-28T13:11:48.057+0000][1087812][info ][gc,phases   ] GC(411)   Post Evacuate Collection Set: 0.6ms
[2025-08-28T13:11:48.057+0000][1087812][info ][gc,phases   ] GC(411)   Other: 0.1ms
[2025-08-28T13:11:48.057+0000][1087812][trace][gc,age      ] GC(411) Age table with threshold 15 (max threshold 15)
[2025-08-28T13:11:48.057+0000][1087812][trace][gc,age      ] GC(411) - age   1:     153992 bytes,     153992 total
[2025-08-28T13:11:48.057+0000][1087812][trace][gc,age      ] GC(411) - age   2:        712 bytes,     154704 total
[2025-08-28T13:11:48.057+0000][1087812][trace][gc,age      ] GC(411) - age   4:       3712 bytes,     158416 total
[2025-08-28T13:11:48.057+0000][1087812][trace][gc,age      ] GC(411) - age   5:        408 bytes,     158824 total
[2025-08-28T13:11:48.057+0000][1087812][trace][gc,age      ] GC(411) - age   6:        224 bytes,     159048 total
[2025-08-28T13:11:48.057+0000][1087812][trace][gc,age      ] GC(411) - age   8:        400 bytes,     159448 total
[2025-08-28T13:11:48.057+0000][1087812][trace][gc,age      ] GC(411) - age  13:       2776 bytes,     162224 total
[2025-08-28T13:11:48.057+0000][1087812][info ][gc,heap     ] GC(411) Eden regions: 75->0(75)
[2025-08-28T13:11:48.057+0000][1087812][info ][gc,heap     ] GC(411) Survivor regions: 1->1(10)
[2025-08-28T13:11:48.057+0000][1087812][info ][gc,heap     ] GC(411) Old regions: 26->26
[2025-08-28T13:11:48.057+0000][1087812][info ][gc,heap     ] GC(411) Humongous regions: 0->0
[2025-08-28T13:11:48.057+0000][1087812][info ][gc,metaspace] GC(411) Metaspace: 141805K(148544K)->141805K(148544K) NonClass: 122951K(127104K)->122951K(127104K) Class: 18854K(21440K)->18854K(21440K)
[2025-08-28T13:11:48.057+0000][1087812][info ][gc          ] GC(411) Pause Young (Normal) (G1 Evacuation Pause) 403M->103M(512M) 2.276ms
[2025-08-28T13:11:48.057+0000][1087812][info ][gc,cpu      ] GC(411) User=0.00s Sys=0.00s Real=0.00s
[2025-08-28T13:11:48.057+0000][1087812][info ][safepoint   ] Safepoint "G1CollectForAllocation", Time since last: 1959496557 ns, Reaching safepoint: 25008 ns, Cleanup: 4697 ns, At safepoint: 2489415 ns, Total: 2519120 ns
[2025-08-28T13:11:50.017+0000][1087812][info ][gc,start    ] GC(412) Pause Young (Normal) (G1 Evacuation Pause)
[2025-08-28T13:11:50.017+0000][1087812][info ][gc,task     ] GC(412) Using 12 workers of 33 for evacuation
[2025-08-28T13:11:50.017+0000][1087812][debug][gc,age      ] GC(412) Desired survivor size 20971520 bytes, new threshold 15 (max threshold 15)
[2025-08-28T13:11:50.020+0000][1087812][info ][gc,phases   ] GC(412)   Pre Evacuate Collection Set: 0.2ms
[2025-08-28T13:11:50.020+0000][1087812][info ][gc,phases   ] GC(412)   Merge Heap Roots: 0.1ms
[2025-08-28T13:11:50.020+0000][1087812][info ][gc,phases   ] GC(412)   Evacuate Collection Set: 1.3ms
[2025-08-28T13:11:50.020+0000][1087812][info ][gc,phases   ] GC(412)   Post Evacuate Collection Set: 0.6ms
[2025-08-28T13:11:50.020+0000][1087812][info ][gc,phases   ] GC(412)   Other: 0.1ms
[2025-08-28T13:11:50.020+0000][1087812][trace][gc,age      ] GC(412) Age table with threshold 15 (max threshold 15)
[2025-08-28T13:11:50.020+0000][1087812][trace][gc,age      ] GC(412) - age   1:     622392 bytes,     622392 total
[2025-08-28T13:11:50.020+0000][1087812][trace][gc,age      ] GC(412) - age   3:        536 bytes,     622928 total
[2025-08-28T13:11:50.020+0000][1087812][trace][gc,age      ] GC(412) - age   5:       3712 bytes,     626640 total
[2025-08-28T13:11:50.020+0000][1087812][trace][gc,age      ] GC(412) - age   6:        408 bytes,     627048 total
[2025-08-28T13:11:50.020+0000][1087812][trace][gc,age      ] GC(412) - age   9:        400 bytes,     627448 total
[2025-08-28T13:11:50.020+0000][1087812][trace][gc,age      ] GC(412) - age  14:       2776 bytes,     630224 total
[2025-08-28T13:11:50.020+0000][1087812][info ][gc,heap     ] GC(412) Eden regions: 75->0(75)
[2025-08-28T13:11:50.020+0000][1087812][info ][gc,heap     ] GC(412) Survivor regions: 1->1(10)
[2025-08-28T13:11:50.020+0000][1087812][info ][gc,heap     ] GC(412) Old regions: 26->26
[2025-08-28T13:11:50.020+0000][1087812][info ][gc,heap     ] GC(412) Humongous regions: 0->0
[2025-08-28T13:11:50.020+0000][1087812][info ][gc,metaspace] GC(412) Metaspace: 141805K(148544K)->141805K(148544K) NonClass: 122951K(127104K)->122951K(127104K) Class: 18854K(21440K)->18854K(21440K)
[2025-08-28T13:11:50.020+0000][1087812][info ][gc          ] GC(412) Pause Young (Normal) (G1 Evacuation Pause) 403M->103M(512M) 2.477ms
[2025-08-28T13:11:50.020+0000][1087812][info ][gc,cpu      ] GC(412) User=0.01s Sys=0.00s Real=0.00s
[2025-08-28T13:11:50.020+0000][1087812][info ][safepoint   ] Safepoint "G1CollectForAllocation", Time since last: 1960328826 ns, Reaching safepoint: 25177 ns, Cleanup: 4778 ns, At safepoint: 2758519 ns, Total: 2788474 ns
[2025-08-28T13:11:51.980+0000][1087812][info ][gc,start    ] GC(413) Pause Young (Normal) (G1 Evacuation Pause)
[2025-08-28T13:11:51.980+0000][1087812][info ][gc,task     ] GC(413) Using 12 workers of 33 for evacuation
[2025-08-28T13:11:51.980+0000][1087812][debug][gc,age      ] GC(413) Desired survivor size 20971520 bytes, new threshold 15 (max threshold 15)
[2025-08-28T13:11:51.982+0000][1087812][info ][gc,phases   ] GC(413)   Pre Evacuate Collection Set: 0.2ms
[2025-08-28T13:11:51.982+0000][1087812][info ][gc,phases   ] GC(413)   Merge Heap Roots: 0.1ms
[2025-08-28T13:11:51.982+0000][1087812][info ][gc,phases   ] GC(413)   Evacuate Collection Set: 1.3ms
[2025-08-28T13:11:51.982+0000][1087812][info ][gc,phases   ] GC(413)   Post Evacuate Collection Set: 0.6ms
[2025-08-28T13:11:51.982+0000][1087812][info ][gc,phases   ] GC(413)   Other: 0.1ms
[2025-08-28T13:11:51.982+0000][1087812][trace][gc,age      ] GC(413) Age table with threshold 15 (max threshold 15)
[2025-08-28T13:11:51.982+0000][1087812][trace][gc,age      ] GC(413) - age   1:     270288 bytes,     270288 total
[2025-08-28T13:11:51.982+0000][1087812][trace][gc,age      ] GC(413) - age   2:        400 bytes,     270688 total
[2025-08-28T13:11:51.982+0000][1087812][trace][gc,age      ] GC(413) - age   6:       3472 bytes,     274160 total
[2025-08-28T13:11:51.982+0000][1087812][trace][gc,age      ] GC(413) - age   7:        408 bytes,     274568 total
[2025-08-28T13:11:51.982+0000][1087812][trace][gc,age      ] GC(413) - age  10:        400 bytes,     274968 total
[2025-08-28T13:11:51.982+0000][1087812][trace][gc,age      ] GC(413) - age  15:       2776 bytes,     277744 total
[2025-08-28T13:11:51.982+0000][1087812][info ][gc,heap     ] GC(413) Eden regions: 75->0(75)
[2025-08-28T13:11:51.982+0000][1087812][info ][gc,heap     ] GC(413) Survivor regions: 1->1(10)
[2025-08-28T13:11:51.982+0000][1087812][info ][gc,heap     ] GC(413) Old regions: 26->26
[2025-08-28T13:11:51.982+0000][1087812][info ][gc,heap     ] GC(413) Humongous regions: 0->0
[2025-08-28T13:11:51.982+0000][1087812][info ][gc,metaspace] GC(413) Metaspace: 141805K(148544K)->141805K(148544K) NonClass: 122951K(127104K)->122951K(127104K) Class: 18854K(21440K)->18854K(21440K)
[2025-08-28T13:11:51.982+0000][1087812][info ][gc          ] GC(413) Pause Young (Normal) (G1 Evacuation Pause) 403M->103M(512M) 2.548ms
[2025-08-28T13:11:51.982+0000][1087812][info ][gc,cpu      ] GC(413) User=0.01s Sys=0.00s Real=0.01s
[2025-08-28T13:11:51.982+0000][1087812][info ][safepoint   ] Safepoint "G1CollectForAllocation", Time since last: 1959387350 ns, Reaching safepoint: 38367 ns, Cleanup: 10827 ns, At safepoint: 2877588 ns, Total: 2926782 ns
[2025-08-28T13:11:52.982+0000][1087812][info ][safepoint   ] Safepoint "Cleanup", Time since last: 1000106242 ns, Reaching safepoint: 37827 ns, Cleanup: 25338 ns, At safepoint: 5198 ns, Total: 68363 ns
[2025-08-28T13:11:53.942+0000][1087812][info ][gc,start    ] GC(414) Pause Young (Normal) (G1 Evacuation Pause)
[2025-08-28T13:11:53.943+0000][1087812][info ][gc,task     ] GC(414) Using 12 workers of 33 for evacuation
[2025-08-28T13:11:53.943+0000][1087812][debug][gc,age      ] GC(414) Desired survivor size 20971520 bytes, new threshold 15 (max threshold 15)
[2025-08-28T13:11:53.945+0000][1087812][info ][gc,phases   ] GC(414)   Pre Evacuate Collection Set: 0.2ms
[2025-08-28T13:11:53.945+0000][1087812][info ][gc,phases   ] GC(414)   Merge Heap Roots: 0.1ms
[2025-08-28T13:11:53.945+0000][1087812][info ][gc,phases   ] GC(414)   Evacuate Collection Set: 1.2ms
[2025-08-28T13:11:53.945+0000][1087812][info ][gc,phases   ] GC(414)   Post Evacuate Collection Set: 0.6ms
[2025-08-28T13:11:53.945+0000][1087812][info ][gc,phases   ] GC(414)   Other: 0.1ms
[2025-08-28T13:11:53.945+0000][1087812][trace][gc,age      ] GC(414) Age table with threshold 15 (max threshold 15)
[2025-08-28T13:11:53.945+0000][1087812][trace][gc,age      ] GC(414) - age   1:     659416 bytes,     659416 total
[2025-08-28T13:11:53.945+0000][1087812][trace][gc,age      ] GC(414) - age   2:        776 bytes,     660192 total
[2025-08-28T13:11:53.945+0000][1087812][trace][gc,age      ] GC(414) - age   3:        400 bytes,     660592 total
[2025-08-28T13:11:53.945+0000][1087812][trace][gc,age      ] GC(414) - age   7:       3472 bytes,     664064 total
[2025-08-28T13:11:53.945+0000][1087812][trace][gc,age      ] GC(414) - age   8:        408 bytes,     664472 total
[2025-08-28T13:11:53.945+0000][1087812][trace][gc,age      ] GC(414) - age  11:        368 bytes,     664840 total
[2025-08-28T13:11:53.945+0000][1087812][info ][gc,heap     ] GC(414) Eden regions: 75->0(75)
[2025-08-28T13:11:53.945+0000][1087812][info ][gc,heap     ] GC(414) Survivor regions: 1->1(10)
[2025-08-28T13:11:53.945+0000][1087812][info ][gc,heap     ] GC(414) Old regions: 26->26
[2025-08-28T13:11:53.945+0000][1087812][info ][gc,heap     ] GC(414) Humongous regions: 0->0
[2025-08-28T13:11:53.945+0000][1087812][info ][gc,metaspace] GC(414) Metaspace: 141805K(148544K)->141805K(148544K) NonClass: 122951K(127104K)->122951K(127104K) Class: 18854K(21440K)->18854K(21440K)
[2025-08-28T13:11:53.945+0000][1087812][info ][gc          ] GC(414) Pause Young (Normal) (G1 Evacuation Pause) 403M->104M(512M) 2.412ms
[2025-08-28T13:11:53.945+0000][1087812][info ][gc,cpu      ] GC(414) User=0.01s Sys=0.00s Real=0.00s
[2025-08-28T13:11:53.945+0000][1087812][info ][safepoint   ] Safepoint "G1CollectForAllocation", Time since last: 959768541 ns, Reaching safepoint: 37686 ns, Cleanup: 9375 ns, At safepoint: 2682465 ns, Total: 2729526 ns
[2025-08-28T13:11:55.905+0000][1087812][info ][gc,start    ] GC(415) Pause Young (Normal) (G1 Evacuation Pause)
[2025-08-28T13:11:55.905+0000][1087812][info ][gc,task     ] GC(415) Using 12 workers of 33 for evacuation
[2025-08-28T13:11:55.905+0000][1087812][debug][gc,age      ] GC(415) Desired survivor size 20971520 bytes, new threshold 15 (max threshold 15)
[2025-08-28T13:11:55.907+0000][1087812][info ][gc,phases   ] GC(415)   Pre Evacuate Collection Set: 0.2ms
[2025-08-28T13:11:55.907+0000][1087812][info ][gc,phases   ] GC(415)   Merge Heap Roots: 0.1ms
[2025-08-28T13:11:55.907+0000][1087812][info ][gc,phases   ] GC(415)   Evacuate Collection Set: 1.1ms
[2025-08-28T13:11:55.907+0000][1087812][info ][gc,phases   ] GC(415)   Post Evacuate Collection Set: 0.5ms
[2025-08-28T13:11:55.907+0000][1087812][info ][gc,phases   ] GC(415)   Other: 0.1ms
[2025-08-28T13:11:55.907+0000][1087812][trace][gc,age      ] GC(415) Age table with threshold 15 (max threshold 15)
[2025-08-28T13:11:55.907+0000][1087812][trace][gc,age      ] GC(415) - age   1:       5976 bytes,       5976 total
[2025-08-28T13:11:55.907+0000][1087812][trace][gc,age      ] GC(415) - age   2:       2592 bytes,       8568 total
[2025-08-28T13:11:55.907+0000][1087812][trace][gc,age      ] GC(415) - age   3:        240 bytes,       8808 total
[2025-08-28T13:11:55.907+0000][1087812][trace][gc,age      ] GC(415) - age   4:        224 bytes,       9032 total
[2025-08-28T13:11:55.907+0000][1087812][trace][gc,age      ] GC(415) - age   8:       3472 bytes,      12504 total
[2025-08-28T13:11:55.907+0000][1087812][trace][gc,age      ] GC(415) - age   9:        376 bytes,      12880 total
[2025-08-28T13:11:55.907+0000][1087812][trace][gc,age      ] GC(415) - age  12:        368 bytes,      13248 total
[2025-08-28T13:11:55.907+0000][1087812][info ][gc,heap     ] GC(415) Eden regions: 75->0(75)
[2025-08-28T13:11:55.907+0000][1087812][info ][gc,heap     ] GC(415) Survivor regions: 1->1(10)
[2025-08-28T13:11:55.907+0000][1087812][info ][gc,heap     ] GC(415) Old regions: 26->26
[2025-08-28T13:11:55.907+0000][1087812][info ][gc,heap     ] GC(415) Humongous regions: 0->0
[2025-08-28T13:11:55.907+0000][1087812][info ][gc,metaspace] GC(415) Metaspace: 141805K(148544K)->141805K(148544K) NonClass: 122951K(127104K)->122951K(127104K) Class: 18854K(21440K)->18854K(21440K)
[2025-08-28T13:11:55.907+0000][1087812][info ][gc          ] GC(415) Pause Young (Normal) (G1 Evacuation Pause) 404M->103M(512M) 2.222ms
[2025-08-28T13:11:55.907+0000][1087812][info ][gc,cpu      ] GC(415) User=0.01s Sys=0.00s Real=0.00s
[2025-08-28T13:11:55.907+0000][1087812][info ][safepoint   ] Safepoint "G1CollectForAllocation", Time since last: 1959839109 ns, Reaching safepoint: 39629 ns, Cleanup: 10626 ns, At safepoint: 2525389 ns, Total: 2575644 ns
[2025-08-28T13:11:57.892+0000][1087812][info ][gc,start    ] GC(416) Pause Young (Normal) (G1 Evacuation Pause)
[2025-08-28T13:11:57.892+0000][1087812][info ][gc,task     ] GC(416) Using 12 workers of 33 for evacuation
[2025-08-28T13:11:57.892+0000][1087812][debug][gc,age      ] GC(416) Desired survivor size 20971520 bytes, new threshold 15 (max threshold 15)
[2025-08-28T13:11:57.894+0000][1087812][info ][gc,phases   ] GC(416)   Pre Evacuate Collection Set: 0.2ms
[2025-08-28T13:11:57.894+0000][1087812][info ][gc,phases   ] GC(416)   Merge Heap Roots: 0.1ms
[2025-08-28T13:11:57.894+0000][1087812][info ][gc,phases   ] GC(416)   Evacuate Collection Set: 1.0ms
[2025-08-28T13:11:57.894+0000][1087812][info ][gc,phases   ] GC(416)   Post Evacuate Collection Set: 0.5ms
[2025-08-28T13:11:57.894+0000][1087812][info ][gc,phases   ] GC(416)   Other: 0.1ms
[2025-08-28T13:11:57.894+0000][1087812][trace][gc,age      ] GC(416) Age table with threshold 15 (max threshold 15)
[2025-08-28T13:11:57.894+0000][1087812][trace][gc,age      ] GC(416) - age   1:       5416 bytes,       5416 total
[2025-08-28T13:11:57.894+0000][1087812][trace][gc,age      ] GC(416) - age   2:        712 bytes,       6128 total
[2025-08-28T13:11:57.894+0000][1087812][trace][gc,age      ] GC(416) - age   3:       2592 bytes,       8720 total
[2025-08-28T13:11:57.894+0000][1087812][trace][gc,age      ] GC(416) - age   4:        240 bytes,       8960 total
[2025-08-28T13:11:57.894+0000][1087812][trace][gc,age      ] GC(416) - age   5:        224 bytes,       9184 total
[2025-08-28T13:11:57.894+0000][1087812][trace][gc,age      ] GC(416) - age   9:       3472 bytes,      12656 total
[2025-08-28T13:11:57.894+0000][1087812][trace][gc,age      ] GC(416) - age  10:        376 bytes,      13032 total
[2025-08-28T13:11:57.894+0000][1087812][trace][gc,age      ] GC(416) - age  13:        368 bytes,      13400 total
[2025-08-28T13:11:57.894+0000][1087812][info ][gc,heap     ] GC(416) Eden regions: 75->0(75)
[2025-08-28T13:11:57.894+0000][1087812][info ][gc,heap     ] GC(416) Survivor regions: 1->1(10)
[2025-08-28T13:11:57.894+0000][1087812][info ][gc,heap     ] GC(416) Old regions: 26->26
[2025-08-28T13:11:57.894+0000][1087812][info ][gc,heap     ] GC(416) Humongous regions: 0->0
[2025-08-28T13:11:57.894+0000][1087812][info ][gc,metaspace] GC(416) Metaspace: 141805K(148544K)->141805K(148544K) NonClass: 122951K(127104K)->122951K(127104K) Class: 18854K(21440K)->18854K(21440K)
[2025-08-28T13:11:57.894+0000][1087812][info ][gc          ] GC(416) Pause Young (Normal) (G1 Evacuation Pause) 403M->103M(512M) 2.002ms
[2025-08-28T13:11:57.894+0000][1087812][info ][gc,cpu      ] GC(416) User=0.00s Sys=0.00s Real=0.00s
[2025-08-28T13:11:57.894+0000][1087812][info ][safepoint   ] Safepoint "G1CollectForAllocation", Time since last: 1984431043 ns, Reaching safepoint: 94803 ns, Cleanup: 4647 ns, At safepoint: 2220250 ns, Total: 2319700 ns
[2025-08-28T13:11:59.867+0000][1087812][info ][gc,start    ] GC(417) Pause Young (Normal) (G1 Evacuation Pause)
[2025-08-28T13:11:59.867+0000][1087812][info ][gc,task     ] GC(417) Using 12 workers of 33 for evacuation
[2025-08-28T13:11:59.867+0000][1087812][debug][gc,age      ] GC(417) Desired survivor size 20971520 bytes, new threshold 15 (max threshold 15)
[2025-08-28T13:11:59.869+0000][1087812][info ][gc,phases   ] GC(417)   Pre Evacuate Collection Set: 0.1ms
[2025-08-28T13:11:59.869+0000][1087812][info ][gc,phases   ] GC(417)   Merge Heap Roots: 0.1ms
[2025-08-28T13:11:59.869+0000][1087812][info ][gc,phases   ] GC(417)   Evacuate Collection Set: 0.8ms
[2025-08-28T13:11:59.869+0000][1087812][info ][gc,phases   ] GC(417)   Post Evacuate Collection Set: 0.4ms
[2025-08-28T13:11:59.869+0000][1087812][info ][gc,phases   ] GC(417)   Other: 0.1ms
[2025-08-28T13:11:59.869+0000][1087812][trace][gc,age      ] GC(417) Age table with threshold 15 (max threshold 15)
[2025-08-28T13:11:59.869+0000][1087812][trace][gc,age      ] GC(417) - age   1:       5560 bytes,       5560 total
[2025-08-28T13:11:59.869+0000][1087812][trace][gc,age      ] GC(417) - age   2:         32 bytes,       5592 total
[2025-08-28T13:11:59.869+0000][1087812][trace][gc,age      ] GC(417) - age   3:        536 bytes,       6128 total
[2025-08-28T13:11:59.869+0000][1087812][trace][gc,age      ] GC(417) - age   4:       2592 bytes,       8720 total
[2025-08-28T13:11:59.869+0000][1087812][trace][gc,age      ] GC(417) - age   5:        240 bytes,       8960 total
[2025-08-28T13:11:59.869+0000][1087812][trace][gc,age      ] GC(417) - age   6:        224 bytes,       9184 total
[2025-08-28T13:11:59.869+0000][1087812][trace][gc,age      ] GC(417) - age  10:       3472 bytes,      12656 total
[2025-08-28T13:11:59.869+0000][1087812][trace][gc,age      ] GC(417) - age  11:        376 bytes,      13032 total
[2025-08-28T13:11:59.869+0000][1087812][trace][gc,age      ] GC(417) - age  14:        368 bytes,      13400 total
[2025-08-28T13:11:59.869+0000][1087812][info ][gc,heap     ] GC(417) Eden regions: 75->0(75)
[2025-08-28T13:11:59.869+0000][1087812][info ][gc,heap     ] GC(417) Survivor regions: 1->1(10)
[2025-08-28T13:11:59.869+0000][1087812][info ][gc,heap     ] GC(417) Old regions: 26->26
[2025-08-28T13:11:59.869+0000][1087812][info ][gc,heap     ] GC(417) Humongous regions: 0->0
[2025-08-28T13:11:59.869+0000][1087812][info ][gc,metaspace] GC(417) Metaspace: 141805K(148544K)->141805K(148544K) NonClass: 122951K(127104K)->122951K(127104K) Class: 18854K(21440K)->18854K(21440K)
[2025-08-28T13:11:59.869+0000][1087812][info ][gc          ] GC(417) Pause Young (Normal) (G1 Evacuation Pause) 403M->103M(512M) 1.690ms
[2025-08-28T13:11:59.869+0000][1087812][info ][gc,cpu      ] GC(417) User=0.01s Sys=0.00s Real=0.00s
[2025-08-28T13:11:59.869+0000][1087812][info ][safepoint   ] Safepoint "G1CollectForAllocation", Time since last: 1972635188 ns, Reaching safepoint: 214904 ns, Cleanup: 4807 ns, At safepoint: 1835481 ns, Total: 2055192 ns
[2025-08-28T13:12:01.830+0000][1087812][info ][gc,start    ] GC(418) Pause Young (Normal) (G1 Evacuation Pause)
[2025-08-28T13:12:01.830+0000][1087812][info ][gc,task     ] GC(418) Using 12 workers of 33 for evacuation
[2025-08-28T13:12:01.830+0000][1087812][debug][gc,age      ] GC(418) Desired survivor size 20971520 bytes, new threshold 15 (max threshold 15)
[2025-08-28T13:12:01.832+0000][1087812][info ][gc,phases   ] GC(418)   Pre Evacuate Collection Set: 0.3ms
[2025-08-28T13:12:01.832+0000][1087812][info ][gc,phases   ] GC(418)   Merge Heap Roots: 0.1ms
[2025-08-28T13:12:01.832+0000][1087812][info ][gc,phases   ] GC(418)   Evacuate Collection Set: 1.2ms
[2025-08-28T13:12:01.832+0000][1087812][info ][gc,phases   ] GC(418)   Post Evacuate Collection Set: 0.7ms
[2025-08-28T13:12:01.832+0000][1087812][info ][gc,phases   ] GC(418)   Other: 0.1ms
[2025-08-28T13:12:01.832+0000][1087812][trace][gc,age      ] GC(418) Age table with threshold 15 (max threshold 15)
[2025-08-28T13:12:01.832+0000][1087812][trace][gc,age      ] GC(418) - age   1:     674384 bytes,     674384 total
[2025-08-28T13:12:01.832+0000][1087812][trace][gc,age      ] GC(418) - age   2:        176 bytes,     674560 total
[2025-08-28T13:12:01.832+0000][1087812][trace][gc,age      ] GC(418) - age   3:         32 bytes,     674592 total
[2025-08-28T13:12:01.832+0000][1087812][trace][gc,age      ] GC(418) - age   5:       2592 bytes,     677184 total
[2025-08-28T13:12:01.832+0000][1087812][trace][gc,age      ] GC(418) - age   7:        224 bytes,     677408 total
[2025-08-28T13:12:01.832+0000][1087812][trace][gc,age      ] GC(418) - age  11:       3472 bytes,     680880 total
[2025-08-28T13:12:01.832+0000][1087812][trace][gc,age      ] GC(418) - age  12:        376 bytes,     681256 total
[2025-08-28T13:12:01.832+0000][1087812][trace][gc,age      ] GC(418) - age  15:        368 bytes,     681624 total
[2025-08-28T13:12:01.832+0000][1087812][info ][gc,heap     ] GC(418) Eden regions: 75->0(75)
[2025-08-28T13:12:01.832+0000][1087812][info ][gc,heap     ] GC(418) Survivor regions: 1->1(10)
[2025-08-28T13:12:01.832+0000][1087812][info ][gc,heap     ] GC(418) Old regions: 26->26
[2025-08-28T13:12:01.832+0000][1087812][info ][gc,heap     ] GC(418) Humongous regions: 0->0
[2025-08-28T13:12:01.832+0000][1087812][info ][gc,metaspace] GC(418) Metaspace: 141805K(148544K)->141805K(148544K) NonClass: 122951K(127104K)->122951K(127104K) Class: 18854K(21440K)->18854K(21440K)
[2025-08-28T13:12:01.832+0000][1087812][info ][gc          ] GC(418) Pause Young (Normal) (G1 Evacuation Pause) 403M->104M(512M) 2.465ms
[2025-08-28T13:12:01.832+0000][1087812][info ][gc,cpu      ] GC(418) User=0.01s Sys=0.01s Real=0.01s
[2025-08-28T13:12:01.832+0000][1087812][info ][safepoint   ] Safepoint "G1CollectForAllocation", Time since last: 1960854597 ns, Reaching safepoint: 33280 ns, Cleanup: 11907 ns, At safepoint: 2665630 ns, Total: 2710817 ns
[2025-08-28T13:12:04.359+0000][1087812][info ][gc,start    ] GC(419) Pause Young (Normal) (G1 Evacuation Pause)
[2025-08-28T13:12:04.360+0000][1087812][info ][gc,task     ] GC(419) Using 12 workers of 33 for evacuation
[2025-08-28T13:12:04.360+0000][1087812][debug][gc,age      ] GC(419) Desired survivor size 20971520 bytes, new threshold 15 (max threshold 15)
[2025-08-28T13:12:04.361+0000][1087812][info ][gc,phases   ] GC(419)   Pre Evacuate Collection Set: 0.1ms
[2025-08-28T13:12:04.361+0000][1087812][info ][gc,phases   ] GC(419)   Merge Heap Roots: 0.1ms
[2025-08-28T13:12:04.361+0000][1087812][info ][gc,phases   ] GC(419)   Evacuate Collection Set: 0.9ms
[2025-08-28T13:12:04.361+0000][1087812][info ][gc,phases   ] GC(419)   Post Evacuate Collection Set: 0.3ms
[2025-08-28T13:12:04.361+0000][1087812][info ][gc,phases   ] GC(419)   Other: 0.1ms
[2025-08-28T13:12:04.361+0000][1087812][trace][gc,age      ] GC(419) Age table with threshold 15 (max threshold 15)
[2025-08-28T13:12:04.361+0000][1087812][trace][gc,age      ] GC(419) - age   1:     660688 bytes,     660688 total
[2025-08-28T13:12:04.361+0000][1087812][trace][gc,age      ] GC(419) - age   2:        776 bytes,     661464 total
[2025-08-28T13:12:04.361+0000][1087812][trace][gc,age      ] GC(419) - age   4:         32 bytes,     661496 total
[2025-08-28T13:12:04.361+0000][1087812][trace][gc,age      ] GC(419) - age   6:       2560 bytes,     664056 total
[2025-08-28T13:12:04.361+0000][1087812][trace][gc,age      ] GC(419) - age  12:       1000 bytes,     665056 total
[2025-08-28T13:12:04.361+0000][1087812][trace][gc,age      ] GC(419) - age  13:        376 bytes,     665432 total
[2025-08-28T13:12:04.361+0000][1087812][info ][gc,heap     ] GC(419) Eden regions: 75->0(75)
[2025-08-28T13:12:04.361+0000][1087812][info ][gc,heap     ] GC(419) Survivor regions: 1->1(10)
[2025-08-28T13:12:04.361+0000][1087812][info ][gc,heap     ] GC(419) Old regions: 26->26
[2025-08-28T13:12:04.361+0000][1087812][info ][gc,heap     ] GC(419) Humongous regions: 0->0
[2025-08-28T13:12:04.361+0000][1087812][info ][gc,metaspace] GC(419) Metaspace: 141805K(148544K)->141805K(148544K) NonClass: 122951K(127104K)->122951K(127104K) Class: 18854K(21440K)->18854K(21440K)
[2025-08-28T13:12:04.361+0000][1087812][info ][gc          ] GC(419) Pause Young (Normal) (G1 Evacuation Pause) 404M->104M(512M) 1.673ms
[2025-08-28T13:12:04.361+0000][1087812][info ][gc,cpu      ] GC(419) User=0.01s Sys=0.00s Real=0.01s
[2025-08-28T13:12:04.361+0000][1087812][info ][safepoint   ] Safepoint "G1CollectForAllocation", Time since last: 2526932130 ns, Reaching safepoint: 22854 ns, Cleanup: 4947 ns, At safepoint: 1861972 ns, Total: 1889773 ns
[2025-08-28T13:12:06.322+0000][1087812][info ][gc,start    ] GC(420) Pause Young (Normal) (G1 Evacuation Pause)
[2025-08-28T13:12:06.322+0000][1087812][info ][gc,task     ] GC(420) Using 12 workers of 33 for evacuation
[2025-08-28T13:12:06.322+0000][1087812][debug][gc,age      ] GC(420) Desired survivor size 20971520 bytes, new threshold 15 (max threshold 15)
[2025-08-28T13:12:06.323+0000][1087812][info ][gc,phases   ] GC(420)   Pre Evacuate Collection Set: 0.1ms
[2025-08-28T13:12:06.323+0000][1087812][info ][gc,phases   ] GC(420)   Merge Heap Roots: 0.0ms
[2025-08-28T13:12:06.323+0000][1087812][info ][gc,phases   ] GC(420)   Evacuate Collection Set: 0.9ms
[2025-08-28T13:12:06.323+0000][1087812][info ][gc,phases   ] GC(420)   Post Evacuate Collection Set: 0.4ms
[2025-08-28T13:12:06.323+0000][1087812][info ][gc,phases   ] GC(420)   Other: 0.1ms
[2025-08-28T13:12:06.323+0000][1087812][trace][gc,age      ] GC(420) Age table with threshold 15 (max threshold 15)
[2025-08-28T13:12:06.323+0000][1087812][trace][gc,age      ] GC(420) - age   1:     236920 bytes,     236920 total
[2025-08-28T13:12:06.323+0000][1087812][trace][gc,age      ] GC(420) - age   2:       3544 bytes,     240464 total
[2025-08-28T13:12:06.323+0000][1087812][trace][gc,age      ] GC(420) - age   3:        240 bytes,     240704 total
[2025-08-28T13:12:06.323+0000][1087812][trace][gc,age      ] GC(420) - age   5:         32 bytes,     240736 total
[2025-08-28T13:12:06.323+0000][1087812][trace][gc,age      ] GC(420) - age   7:       2560 bytes,     243296 total
[2025-08-28T13:12:06.323+0000][1087812][trace][gc,age      ] GC(420) - age  13:       1000 bytes,     244296 total
[2025-08-28T13:12:06.323+0000][1087812][trace][gc,age      ] GC(420) - age  14:        376 bytes,     244672 total
[2025-08-28T13:12:06.323+0000][1087812][info ][gc,heap     ] GC(420) Eden regions: 75->0(75)
[2025-08-28T13:12:06.323+0000][1087812][info ][gc,heap     ] GC(420) Survivor regions: 1->1(10)
[2025-08-28T13:12:06.323+0000][1087812][info ][gc,heap     ] GC(420) Old regions: 26->26
[2025-08-28T13:12:06.323+0000][1087812][info ][gc,heap     ] GC(420) Humongous regions: 0->0
[2025-08-28T13:12:06.323+0000][1087812][info ][gc,metaspace] GC(420) Metaspace: 141805K(148544K)->141805K(148544K) NonClass: 122951K(127104K)->122951K(127104K) Class: 18854K(21440K)->18854K(21440K)
[2025-08-28T13:12:06.323+0000][1087812][info ][gc          ] GC(420) Pause Young (Normal) (G1 Evacuation Pause) 404M->103M(512M) 1.689ms
[2025-08-28T13:12:06.323+0000][1087812][info ][gc,cpu      ] GC(420) User=0.00s Sys=0.00s Real=0.00s
[2025-08-28T13:12:06.323+0000][1087812][info ][safepoint   ] Safepoint "G1CollectForAllocation", Time since last: 1960332230 ns, Reaching safepoint: 41282 ns, Cleanup: 4447 ns, At safepoint: 1842221 ns, Total: 1887950 ns
[2025-08-28T13:12:08.297+0000][1087812][info ][gc,start    ] GC(421) Pause Young (Normal) (G1 Evacuation Pause)
[2025-08-28T13:12:08.297+0000][1087812][info ][gc,task     ] GC(421) Using 12 workers of 33 for evacuation
[2025-08-28T13:12:08.297+0000][1087812][debug][gc,age      ] GC(421) Desired survivor size 20971520 bytes, new threshold 15 (max threshold 15)
[2025-08-28T13:12:08.298+0000][1087812][info ][gc,phases   ] GC(421)   Pre Evacuate Collection Set: 0.1ms
[2025-08-28T13:12:08.298+0000][1087812][info ][gc,phases   ] GC(421)   Merge Heap Roots: 0.1ms
[2025-08-28T13:12:08.298+0000][1087812][info ][gc,phases   ] GC(421)   Evacuate Collection Set: 0.8ms
[2025-08-28T13:12:08.298+0000][1087812][info ][gc,phases   ] GC(421)   Post Evacuate Collection Set: 0.6ms
[2025-08-28T13:12:08.299+0000][1087812][info ][gc,phases   ] GC(421)   Other: 0.1ms
[2025-08-28T13:12:08.299+0000][1087812][trace][gc,age      ] GC(421) Age table with threshold 15 (max threshold 15)
[2025-08-28T13:12:08.299+0000][1087812][trace][gc,age      ] GC(421) - age   1:       5320 bytes,       5320 total
[2025-08-28T13:12:08.299+0000][1087812][trace][gc,age      ] GC(421) - age   2:        536 bytes,       5856 total
[2025-08-28T13:12:08.299+0000][1087812][trace][gc,age      ] GC(421) - age   3:       3544 bytes,       9400 total
[2025-08-28T13:12:08.299+0000][1087812][trace][gc,age      ] GC(421) - age   4:        240 bytes,       9640 total
[2025-08-28T13:12:08.299+0000][1087812][trace][gc,age      ] GC(421) - age   6:         32 bytes,       9672 total
[2025-08-28T13:12:08.299+0000][1087812][trace][gc,age      ] GC(421) - age   8:       2560 bytes,      12232 total
[2025-08-28T13:12:08.299+0000][1087812][trace][gc,age      ] GC(421) - age  14:       1000 bytes,      13232 total
[2025-08-28T13:12:08.299+0000][1087812][trace][gc,age      ] GC(421) - age  15:        376 bytes,      13608 total
[2025-08-28T13:12:08.299+0000][1087812][info ][gc,heap     ] GC(421) Eden regions: 75->0(75)
[2025-08-28T13:12:08.299+0000][1087812][info ][gc,heap     ] GC(421) Survivor regions: 1->1(10)
[2025-08-28T13:12:08.299+0000][1087812][info ][gc,heap     ] GC(421) Old regions: 26->26
[2025-08-28T13:12:08.299+0000][1087812][info ][gc,heap     ] GC(421) Humongous regions: 0->0
[2025-08-28T13:12:08.299+0000][1087812][info ][gc,metaspace] GC(421) Metaspace: 141805K(148544K)->141805K(148544K) NonClass: 122951K(127104K)->122951K(127104K) Class: 18854K(21440K)->18854K(21440K)
[2025-08-28T13:12:08.299+0000][1087812][info ][gc          ] GC(421) Pause Young (Normal) (G1 Evacuation Pause) 403M->103M(512M) 1.927ms
[2025-08-28T13:12:08.299+0000][1087812][info ][gc,cpu      ] GC(421) User=0.01s Sys=0.00s Real=0.00s
[2025-08-28T13:12:08.299+0000][1087812][info ][safepoint   ] Safepoint "G1CollectForAllocation", Time since last: 1973109112 ns, Reaching safepoint: 30465 ns, Cleanup: 4297 ns, At safepoint: 2203955 ns, Total: 2238717 ns
[2025-08-28T13:12:10.261+0000][1087812][info ][gc,start    ] GC(422) Pause Young (Normal) (G1 Evacuation Pause)
[2025-08-28T13:12:10.261+0000][1087812][info ][gc,task     ] GC(422) Using 12 workers of 33 for evacuation
[2025-08-28T13:12:10.261+0000][1087812][debug][gc,age      ] GC(422) Desired survivor size 20971520 bytes, new threshold 15 (max threshold 15)
[2025-08-28T13:12:10.263+0000][1087812][info ][gc,phases   ] GC(422)   Pre Evacuate Collection Set: 0.2ms
[2025-08-28T13:12:10.263+0000][1087812][info ][gc,phases   ] GC(422)   Merge Heap Roots: 0.1ms
[2025-08-28T13:12:10.263+0000][1087812][info ][gc,phases   ] GC(422)   Evacuate Collection Set: 1.1ms
[2025-08-28T13:12:10.263+0000][1087812][info ][gc,phases   ] GC(422)   Post Evacuate Collection Set: 0.5ms
[2025-08-28T13:12:10.263+0000][1087812][info ][gc,phases   ] GC(422)   Other: 0.1ms
[2025-08-28T13:12:10.263+0000][1087812][trace][gc,age      ] GC(422) Age table with threshold 15 (max threshold 15)
[2025-08-28T13:12:10.263+0000][1087812][trace][gc,age      ] GC(422) - age   1:       8232 bytes,       8232 total
[2025-08-28T13:12:10.263+0000][1087812][trace][gc,age      ] GC(422) - age   4:       1344 bytes,       9576 total
[2025-08-28T13:12:10.263+0000][1087812][trace][gc,age      ] GC(422) - age   5:        240 bytes,       9816 total
[2025-08-28T13:12:10.263+0000][1087812][trace][gc,age      ] GC(422) - age   7:         32 bytes,       9848 total
[2025-08-28T13:12:10.263+0000][1087812][trace][gc,age      ] GC(422) - age   9:       2560 bytes,      12408 total
[2025-08-28T13:12:10.263+0000][1087812][trace][gc,age      ] GC(422) - age  15:       1000 bytes,      13408 total
[2025-08-28T13:12:10.263+0000][1087812][info ][gc,heap     ] GC(422) Eden regions: 75->0(75)
[2025-08-28T13:12:10.263+0000][1087812][info ][gc,heap     ] GC(422) Survivor regions: 1->1(10)
[2025-08-28T13:12:10.263+0000][1087812][info ][gc,heap     ] GC(422) Old regions: 26->26
[2025-08-28T13:12:10.263+0000][1087812][info ][gc,heap     ] GC(422) Humongous regions: 0->0
[2025-08-28T13:12:10.263+0000][1087812][info ][gc,metaspace] GC(422) Metaspace: 141805K(148544K)->141805K(148544K) NonClass: 122951K(127104K)->122951K(127104K) Class: 18854K(21440K)->18854K(21440K)
[2025-08-28T13:12:10.263+0000][1087812][info ][gc          ] GC(422) Pause Young (Normal) (G1 Evacuation Pause) 403M->103M(512M) 2.132ms
[2025-08-28T13:12:10.263+0000][1087812][info ][gc,cpu      ] GC(422) User=0.00s Sys=0.00s Real=0.00s
[2025-08-28T13:12:10.263+0000][1087812][info ][safepoint   ] Safepoint "G1CollectForAllocation", Time since last: 1961666007 ns, Reaching safepoint: 31347 ns, Cleanup: 8663 ns, At safepoint: 2378238 ns, Total: 2418248 ns
[2025-08-28T13:12:12.236+0000][1087812][info ][gc,start    ] GC(423) Pause Young (Normal) (G1 Evacuation Pause)
[2025-08-28T13:12:12.236+0000][1087812][info ][gc,task     ] GC(423) Using 12 workers of 33 for evacuation
[2025-08-28T13:12:12.236+0000][1087812][debug][gc,age      ] GC(423) Desired survivor size 20971520 bytes, new threshold 15 (max threshold 15)
[2025-08-28T13:12:12.238+0000][1087812][info ][gc,phases   ] GC(423)   Pre Evacuate Collection Set: 0.2ms
[2025-08-28T13:12:12.238+0000][1087812][info ][gc,phases   ] GC(423)   Merge Heap Roots: 0.1ms
[2025-08-28T13:12:12.238+0000][1087812][info ][gc,phases   ] GC(423)   Evacuate Collection Set: 0.9ms
[2025-08-28T13:12:12.238+0000][1087812][info ][gc,phases   ] GC(423)   Post Evacuate Collection Set: 0.6ms
[2025-08-28T13:12:12.238+0000][1087812][info ][gc,phases   ] GC(423)   Other: 0.1ms
[2025-08-28T13:12:12.238+0000][1087812][trace][gc,age      ] GC(423) Age table with threshold 15 (max threshold 15)
[2025-08-28T13:12:12.238+0000][1087812][trace][gc,age      ] GC(423) - age   1:     302632 bytes,     302632 total
[2025-08-28T13:12:12.238+0000][1087812][trace][gc,age      ] GC(423) - age   2:       2912 bytes,     305544 total
[2025-08-28T13:12:12.238+0000][1087812][trace][gc,age      ] GC(423) - age   5:       1344 bytes,     306888 total
[2025-08-28T13:12:12.238+0000][1087812][trace][gc,age      ] GC(423) - age   8:         32 bytes,     306920 total
[2025-08-28T13:12:12.238+0000][1087812][trace][gc,age      ] GC(423) - age  10:       2560 bytes,     309480 total
[2025-08-28T13:12:12.238+0000][1087812][info ][gc,heap     ] GC(423) Eden regions: 75->0(75)
[2025-08-28T13:12:12.238+0000][1087812][info ][gc,heap     ] GC(423) Survivor regions: 1->1(10)
[2025-08-28T13:12:12.238+0000][1087812][info ][gc,heap     ] GC(423) Old regions: 26->26
[2025-08-28T13:12:12.238+0000][1087812][info ][gc,heap     ] GC(423) Humongous regions: 0->0
[2025-08-28T13:12:12.238+0000][1087812][info ][gc,metaspace] GC(423) Metaspace: 141805K(148544K)->141805K(148544K) NonClass: 122951K(127104K)->122951K(127104K) Class: 18854K(21440K)->18854K(21440K)
[2025-08-28T13:12:12.238+0000][1087812][info ][gc          ] GC(423) Pause Young (Normal) (G1 Evacuation Pause) 403M->103M(512M) 2.121ms
[2025-08-28T13:12:12.238+0000][1087812][info ][gc,cpu      ] GC(423) User=0.01s Sys=0.00s Real=0.00s
[2025-08-28T13:12:12.238+0000][1087812][info ][safepoint   ] Safepoint "G1CollectForAllocation", Time since last: 1972580416 ns, Reaching safepoint: 26019 ns, Cleanup: 3656 ns, At safepoint: 2389925 ns, Total: 2419600 ns
[2025-08-28T13:12:14.395+0000][1087812][info ][gc,start    ] GC(424) Pause Young (Normal) (G1 Evacuation Pause)
[2025-08-28T13:12:14.395+0000][1087812][info ][gc,task     ] GC(424) Using 12 workers of 33 for evacuation
[2025-08-28T13:12:14.395+0000][1087812][debug][gc,age      ] GC(424) Desired survivor size 20971520 bytes, new threshold 15 (max threshold 15)
[2025-08-28T13:12:14.398+0000][1087812][info ][gc,phases   ] GC(424)   Pre Evacuate Collection Set: 0.2ms
[2025-08-28T13:12:14.398+0000][1087812][info ][gc,phases   ] GC(424)   Merge Heap Roots: 0.1ms
[2025-08-28T13:12:14.398+0000][1087812][info ][gc,phases   ] GC(424)   Evacuate Collection Set: 2.2ms
[2025-08-28T13:12:14.398+0000][1087812][info ][gc,phases   ] GC(424)   Post Evacuate Collection Set: 0.6ms
[2025-08-28T13:12:14.398+0000][1087812][info ][gc,phases   ] GC(424)   Other: 0.0ms
[2025-08-28T13:12:14.398+0000][1087812][trace][gc,age      ] GC(424) Age table with threshold 15 (max threshold 15)
[2025-08-28T13:12:14.398+0000][1087812][trace][gc,age      ] GC(424) - age   1:     654728 bytes,     654728 total
[2025-08-28T13:12:14.398+0000][1087812][trace][gc,age      ] GC(424) - age   2:        240 bytes,     654968 total
[2025-08-28T13:12:14.398+0000][1087812][trace][gc,age      ] GC(424) - age   3:       2736 bytes,     657704 total
[2025-08-28T13:12:14.398+0000][1087812][trace][gc,age      ] GC(424) - age   6:       1344 bytes,     659048 total
[2025-08-28T13:12:14.398+0000][1087812][trace][gc,age      ] GC(424) - age   9:         32 bytes,     659080 total
[2025-08-28T13:12:14.398+0000][1087812][trace][gc,age      ] GC(424) - age  11:       2560 bytes,     661640 total
[2025-08-28T13:12:14.398+0000][1087812][info ][gc,heap     ] GC(424) Eden regions: 75->0(75)
[2025-08-28T13:12:14.398+0000][1087812][info ][gc,heap     ] GC(424) Survivor regions: 1->1(10)
[2025-08-28T13:12:14.398+0000][1087812][info ][gc,heap     ] GC(424) Old regions: 26->26
[2025-08-28T13:12:14.398+0000][1087812][info ][gc,heap     ] GC(424) Humongous regions: 0->0
[2025-08-28T13:12:14.398+0000][1087812][info ][gc,metaspace] GC(424) Metaspace: 141805K(148544K)->141805K(148544K) NonClass: 122951K(127104K)->122951K(127104K) Class: 18854K(21440K)->18854K(21440K)
[2025-08-28T13:12:14.399+0000][1087812][info ][gc          ] GC(424) Pause Young (Normal) (G1 Evacuation Pause) 403M->104M(512M) 3.234ms
[2025-08-28T13:12:14.399+0000][1087812][info ][gc,cpu      ] GC(424) User=0.01s Sys=0.00s Real=0.00s
[2025-08-28T13:12:14.399+0000][1087812][info ][safepoint   ] Safepoint "G1CollectForAllocation", Time since last: 2157315507 ns, Reaching safepoint: 18678 ns, Cleanup: 3235 ns, At safepoint: 3405423 ns, Total: 3427336 ns
[2025-08-28T13:12:16.370+0000][1087812][info ][gc,start    ] GC(425) Pause Young (Normal) (G1 Evacuation Pause)
[2025-08-28T13:12:16.370+0000][1087812][info ][gc,task     ] GC(425) Using 12 workers of 33 for evacuation
[2025-08-28T13:12:16.370+0000][1087812][debug][gc,age      ] GC(425) Desired survivor size 20971520 bytes, new threshold 15 (max threshold 15)
[2025-08-28T13:12:16.372+0000][1087812][info ][gc,phases   ] GC(425)   Pre Evacuate Collection Set: 0.2ms
[2025-08-28T13:12:16.372+0000][1087812][info ][gc,phases   ] GC(425)   Merge Heap Roots: 0.1ms
[2025-08-28T13:12:16.372+0000][1087812][info ][gc,phases   ] GC(425)   Evacuate Collection Set: 1.3ms
[2025-08-28T13:12:16.373+0000][1087812][info ][gc,phases   ] GC(425)   Post Evacuate Collection Set: 0.8ms
[2025-08-28T13:12:16.373+0000][1087812][info ][gc,phases   ] GC(425)   Other: 0.1ms
[2025-08-28T13:12:16.373+0000][1087812][trace][gc,age      ] GC(425) Age table with threshold 15 (max threshold 15)
[2025-08-28T13:12:16.373+0000][1087812][trace][gc,age      ] GC(425) - age   1:     154640 bytes,     154640 total
[2025-08-28T13:12:16.373+0000][1087812][trace][gc,age      ] GC(425) - age   2:        176 bytes,     154816 total
[2025-08-28T13:12:16.373+0000][1087812][trace][gc,age      ] GC(425) - age   3:        240 bytes,     155056 total
[2025-08-28T13:12:16.373+0000][1087812][trace][gc,age      ] GC(425) - age   4:       2200 bytes,     157256 total
[2025-08-28T13:12:16.373+0000][1087812][trace][gc,age      ] GC(425) - age   7:       1120 bytes,     158376 total
[2025-08-28T13:12:16.373+0000][1087812][trace][gc,age      ] GC(425) - age  10:         32 bytes,     158408 total
[2025-08-28T13:12:16.373+0000][1087812][trace][gc,age      ] GC(425) - age  12:       2560 bytes,     160968 total
[2025-08-28T13:12:16.373+0000][1087812][info ][gc,heap     ] GC(425) Eden regions: 75->0(75)
[2025-08-28T13:12:16.373+0000][1087812][info ][gc,heap     ] GC(425) Survivor regions: 1->1(10)
[2025-08-28T13:12:16.373+0000][1087812][info ][gc,heap     ] GC(425) Old regions: 26->26
[2025-08-28T13:12:16.373+0000][1087812][info ][gc,heap     ] GC(425) Humongous regions: 0->0
[2025-08-28T13:12:16.373+0000][1087812][info ][gc,metaspace] GC(425) Metaspace: 141805K(148544K)->141805K(148544K) NonClass: 122951K(127104K)->122951K(127104K) Class: 18854K(21440K)->18854K(21440K)
[2025-08-28T13:12:16.373+0000][1087812][info ][gc          ] GC(425) Pause Young (Normal) (G1 Evacuation Pause) 404M->103M(512M) 2.658ms
[2025-08-28T13:12:16.373+0000][1087812][info ][gc,cpu      ] GC(425) User=0.01s Sys=0.00s Real=0.01s
[2025-08-28T13:12:16.373+0000][1087812][info ][safepoint   ] Safepoint "G1CollectForAllocation", Time since last: 1971168181 ns, Reaching safepoint: 64868 ns, Cleanup: 5488 ns, At safepoint: 2943528 ns, Total: 3013884 ns
[2025-08-28T13:12:18.332+0000][1087812][info ][gc,start    ] GC(426) Pause Young (Normal) (G1 Evacuation Pause)
[2025-08-28T13:12:18.332+0000][1087812][info ][gc,task     ] GC(426) Using 12 workers of 33 for evacuation
[2025-08-28T13:12:18.332+0000][1087812][debug][gc,age      ] GC(426) Desired survivor size 20971520 bytes, new threshold 15 (max threshold 15)
[2025-08-28T13:12:18.335+0000][1087812][info ][gc,phases   ] GC(426)   Pre Evacuate Collection Set: 0.2ms
[2025-08-28T13:12:18.335+0000][1087812][info ][gc,phases   ] GC(426)   Merge Heap Roots: 0.1ms
[2025-08-28T13:12:18.335+0000][1087812][info ][gc,phases   ] GC(426)   Evacuate Collection Set: 1.1ms
[2025-08-28T13:12:18.335+0000][1087812][info ][gc,phases   ] GC(426)   Post Evacuate Collection Set: 0.6ms
[2025-08-28T13:12:18.335+0000][1087812][info ][gc,phases   ] GC(426)   Other: 0.1ms
[2025-08-28T13:12:18.335+0000][1087812][trace][gc,age      ] GC(426) Age table with threshold 15 (max threshold 15)
[2025-08-28T13:12:18.335+0000][1087812][trace][gc,age      ] GC(426) - age   1:       5320 bytes,       5320 total
[2025-08-28T13:12:18.335+0000][1087812][trace][gc,age      ] GC(426) - age   2:        760 bytes,       6080 total
[2025-08-28T13:12:18.335+0000][1087812][trace][gc,age      ] GC(426) - age   3:        176 bytes,       6256 total
[2025-08-28T13:12:18.335+0000][1087812][trace][gc,age      ] GC(426) - age   4:        240 bytes,       6496 total
[2025-08-28T13:12:18.335+0000][1087812][trace][gc,age      ] GC(426) - age   5:       2200 bytes,       8696 total
[2025-08-28T13:12:18.335+0000][1087812][trace][gc,age      ] GC(426) - age   8:       1120 bytes,       9816 total
[2025-08-28T13:12:18.335+0000][1087812][trace][gc,age      ] GC(426) - age  11:         32 bytes,       9848 total
[2025-08-28T13:12:18.335+0000][1087812][trace][gc,age      ] GC(426) - age  13:       2560 bytes,      12408 total
[2025-08-28T13:12:18.335+0000][1087812][info ][gc,heap     ] GC(426) Eden regions: 75->0(75)
[2025-08-28T13:12:18.335+0000][1087812][info ][gc,heap     ] GC(426) Survivor regions: 1->1(10)
[2025-08-28T13:12:18.335+0000][1087812][info ][gc,heap     ] GC(426) Old regions: 26->26
[2025-08-28T13:12:18.335+0000][1087812][info ][gc,heap     ] GC(426) Humongous regions: 0->0
[2025-08-28T13:12:18.335+0000][1087812][info ][gc,metaspace] GC(426) Metaspace: 141805K(148544K)->141805K(148544K) NonClass: 122951K(127104K)->122951K(127104K) Class: 18854K(21440K)->18854K(21440K)
[2025-08-28T13:12:18.335+0000][1087812][info ][gc          ] GC(426) Pause Young (Normal) (G1 Evacuation Pause) 403M->103M(512M) 2.297ms
[2025-08-28T13:12:18.335+0000][1087812][info ][gc,cpu      ] GC(426) User=0.01s Sys=0.00s Real=0.00s
[2025-08-28T13:12:18.335+0000][1087812][info ][safepoint   ] Safepoint "G1CollectForAllocation", Time since last: 1959443043 ns, Reaching safepoint: 33290 ns, Cleanup: 8303 ns, At safepoint: 2537437 ns, Total: 2579030 ns
[2025-08-28T13:12:20.295+0000][1087812][info ][gc,start    ] GC(427) Pause Young (Normal) (G1 Evacuation Pause)
[2025-08-28T13:12:20.295+0000][1087812][info ][gc,task     ] GC(427) Using 12 workers of 33 for evacuation
[2025-08-28T13:12:20.295+0000][1087812][debug][gc,age      ] GC(427) Desired survivor size 20971520 bytes, new threshold 15 (max threshold 15)
[2025-08-28T13:12:20.298+0000][1087812][info ][gc,phases   ] GC(427)   Pre Evacuate Collection Set: 0.3ms
[2025-08-28T13:12:20.298+0000][1087812][info ][gc,phases   ] GC(427)   Merge Heap Roots: 0.1ms
[2025-08-28T13:12:20.298+0000][1087812][info ][gc,phases   ] GC(427)   Evacuate Collection Set: 1.4ms
[2025-08-28T13:12:20.298+0000][1087812][info ][gc,phases   ] GC(427)   Post Evacuate Collection Set: 0.6ms
[2025-08-28T13:12:20.298+0000][1087812][info ][gc,phases   ] GC(427)   Other: 0.1ms
[2025-08-28T13:12:20.298+0000][1087812][trace][gc,age      ] GC(427) Age table with threshold 15 (max threshold 15)
[2025-08-28T13:12:20.298+0000][1087812][trace][gc,age      ] GC(427) - age   1:     270112 bytes,     270112 total
[2025-08-28T13:12:20.298+0000][1087812][trace][gc,age      ] GC(427) - age   3:        224 bytes,     270336 total
[2025-08-28T13:12:20.298+0000][1087812][trace][gc,age      ] GC(427) - age   5:        240 bytes,     270576 total
[2025-08-28T13:12:20.298+0000][1087812][trace][gc,age      ] GC(427) - age   6:       2200 bytes,     272776 total
[2025-08-28T13:12:20.298+0000][1087812][trace][gc,age      ] GC(427) - age   9:       1120 bytes,     273896 total
[2025-08-28T13:12:20.298+0000][1087812][trace][gc,age      ] GC(427) - age  12:         32 bytes,     273928 total
[2025-08-28T13:12:20.298+0000][1087812][trace][gc,age      ] GC(427) - age  14:       2560 bytes,     276488 total
[2025-08-28T13:12:20.298+0000][1087812][info ][gc,heap     ] GC(427) Eden regions: 75->0(75)
[2025-08-28T13:12:20.298+0000][1087812][info ][gc,heap     ] GC(427) Survivor regions: 1->1(10)
[2025-08-28T13:12:20.298+0000][1087812][info ][gc,heap     ] GC(427) Old regions: 26->26
[2025-08-28T13:12:20.298+0000][1087812][info ][gc,heap     ] GC(427) Humongous regions: 0->0
[2025-08-28T13:12:20.298+0000][1087812][info ][gc,metaspace] GC(427) Metaspace: 141805K(148544K)->141805K(148544K) NonClass: 122951K(127104K)->122951K(127104K) Class: 18854K(21440K)->18854K(21440K)
[2025-08-28T13:12:20.298+0000][1087812][info ][gc          ] GC(427) Pause Young (Normal) (G1 Evacuation Pause) 403M->103M(512M) 2.703ms
[2025-08-28T13:12:20.298+0000][1087812][info ][gc,cpu      ] GC(427) User=0.00s Sys=0.01s Real=0.00s
[2025-08-28T13:12:20.298+0000][1087812][info ][safepoint   ] Safepoint "G1CollectForAllocation", Time since last: 1959974031 ns, Reaching safepoint: 39870 ns, Cleanup: 10046 ns, At safepoint: 3005841 ns, Total: 3055757 ns
[2025-08-28T13:12:22.257+0000][1087812][info ][gc,start    ] GC(428) Pause Young (Normal) (G1 Evacuation Pause)
[2025-08-28T13:12:22.257+0000][1087812][info ][gc,task     ] GC(428) Using 12 workers of 33 for evacuation
[2025-08-28T13:12:22.257+0000][1087812][debug][gc,age      ] GC(428) Desired survivor size 20971520 bytes, new threshold 15 (max threshold 15)
[2025-08-28T13:12:22.260+0000][1087812][info ][gc,phases   ] GC(428)   Pre Evacuate Collection Set: 0.2ms
[2025-08-28T13:12:22.260+0000][1087812][info ][gc,phases   ] GC(428)   Merge Heap Roots: 0.1ms
[2025-08-28T13:12:22.260+0000][1087812][info ][gc,phases   ] GC(428)   Evacuate Collection Set: 1.2ms
[2025-08-28T13:12:22.260+0000][1087812][info ][gc,phases   ] GC(428)   Post Evacuate Collection Set: 0.7ms
[2025-08-28T13:12:22.260+0000][1087812][info ][gc,phases   ] GC(428)   Other: 0.1ms
[2025-08-28T13:12:22.260+0000][1087812][trace][gc,age      ] GC(428) Age table with threshold 15 (max threshold 15)
[2025-08-28T13:12:22.260+0000][1087812][trace][gc,age      ] GC(428) - age   1:       6320 bytes,       6320 total
[2025-08-28T13:12:22.260+0000][1087812][trace][gc,age      ] GC(428) - age   2:        712 bytes,       7032 total
[2025-08-28T13:12:22.260+0000][1087812][trace][gc,age      ] GC(428) - age   4:        224 bytes,       7256 total
[2025-08-28T13:12:22.260+0000][1087812][trace][gc,age      ] GC(428) - age   7:       2200 bytes,       9456 total
[2025-08-28T13:12:22.260+0000][1087812][trace][gc,age      ] GC(428) - age  10:       1120 bytes,      10576 total
[2025-08-28T13:12:22.260+0000][1087812][trace][gc,age      ] GC(428) - age  13:         32 bytes,      10608 total
[2025-08-28T13:12:22.260+0000][1087812][trace][gc,age      ] GC(428) - age  15:       2112 bytes,      12720 total
[2025-08-28T13:12:22.260+0000][1087812][info ][gc,heap     ] GC(428) Eden regions: 75->0(75)
[2025-08-28T13:12:22.260+0000][1087812][info ][gc,heap     ] GC(428) Survivor regions: 1->1(10)
[2025-08-28T13:12:22.260+0000][1087812][info ][gc,heap     ] GC(428) Old regions: 26->26
[2025-08-28T13:12:22.260+0000][1087812][info ][gc,heap     ] GC(428) Humongous regions: 0->0
[2025-08-28T13:12:22.260+0000][1087812][info ][gc,metaspace] GC(428) Metaspace: 141806K(148544K)->141806K(148544K) NonClass: 122951K(127104K)->122951K(127104K) Class: 18854K(21440K)->18854K(21440K)
[2025-08-28T13:12:22.260+0000][1087812][info ][gc          ] GC(428) Pause Young (Normal) (G1 Evacuation Pause) 403M->103M(512M) 2.442ms
[2025-08-28T13:12:22.260+0000][1087812][info ][gc,cpu      ] GC(428) User=0.00s Sys=0.00s Real=0.00s
[2025-08-28T13:12:22.260+0000][1087812][info ][safepoint   ] Safepoint "G1CollectForAllocation", Time since last: 1959389162 ns, Reaching safepoint: 23566 ns, Cleanup: 4416 ns, At safepoint: 2723898 ns, Total: 2751880 ns
[2025-08-28T13:12:23.260+0000][1087812][info ][safepoint   ] Safepoint "Cleanup", Time since last: 1000117689 ns, Reaching safepoint: 39720 ns, Cleanup: 24477 ns, At safepoint: 5398 ns, Total: 69595 ns
[2025-08-28T13:12:24.208+0000][1087812][info ][gc,start    ] GC(429) Pause Young (Normal) (G1 Evacuation Pause)
[2025-08-28T13:12:24.208+0000][1087812][info ][gc,task     ] GC(429) Using 12 workers of 33 for evacuation
[2025-08-28T13:12:24.208+0000][1087812][debug][gc,age      ] GC(429) Desired survivor size 20971520 bytes, new threshold 15 (max threshold 15)
[2025-08-28T13:12:24.210+0000][1087812][info ][gc,phases   ] GC(429)   Pre Evacuate Collection Set: 0.2ms
[2025-08-28T13:12:24.210+0000][1087812][info ][gc,phases   ] GC(429)   Merge Heap Roots: 0.1ms
[2025-08-28T13:12:24.210+0000][1087812][info ][gc,phases   ] GC(429)   Evacuate Collection Set: 1.6ms
[2025-08-28T13:12:24.210+0000][1087812][info ][gc,phases   ] GC(429)   Post Evacuate Collection Set: 0.6ms
[2025-08-28T13:12:24.210+0000][1087812][info ][gc,phases   ] GC(429)   Other: 0.1ms
[2025-08-28T13:12:24.210+0000][1087812][trace][gc,age      ] GC(429) Age table with threshold 15 (max threshold 15)
[2025-08-28T13:12:24.210+0000][1087812][trace][gc,age      ] GC(429) - age   1:     502256 bytes,     502256 total
[2025-08-28T13:12:24.210+0000][1087812][trace][gc,age      ] GC(429) - age   2:        936 bytes,     503192 total
[2025-08-28T13:12:24.210+0000][1087812][trace][gc,age      ] GC(429) - age   3:        712 bytes,     503904 total
[2025-08-28T13:12:24.210+0000][1087812][trace][gc,age      ] GC(429) - age   5:        224 bytes,     504128 total
[2025-08-28T13:12:24.210+0000][1087812][trace][gc,age      ] GC(429) - age   8:       2200 bytes,     506328 total
[2025-08-28T13:12:24.210+0000][1087812][trace][gc,age      ] GC(429) - age  11:       1088 bytes,     507416 total
[2025-08-28T13:12:24.210+0000][1087812][trace][gc,age      ] GC(429) - age  14:         32 bytes,     507448 total
[2025-08-28T13:12:24.210+0000][1087812][info ][gc,heap     ] GC(429) Eden regions: 75->0(75)
[2025-08-28T13:12:24.210+0000][1087812][info ][gc,heap     ] GC(429) Survivor regions: 1->1(10)
[2025-08-28T13:12:24.210+0000][1087812][info ][gc,heap     ] GC(429) Old regions: 26->26
[2025-08-28T13:12:24.210+0000][1087812][info ][gc,heap     ] GC(429) Humongous regions: 0->0
[2025-08-28T13:12:24.210+0000][1087812][info ][gc,metaspace] GC(429) Metaspace: 141806K(148544K)->141806K(148544K) NonClass: 122952K(127104K)->122952K(127104K) Class: 18854K(21440K)->18854K(21440K)
[2025-08-28T13:12:24.210+0000][1087812][info ][gc          ] GC(429) Pause Young (Normal) (G1 Evacuation Pause) 403M->103M(512M) 2.819ms
[2025-08-28T13:12:24.210+0000][1087812][info ][gc,cpu      ] GC(429) User=0.01s Sys=0.00s Real=0.00s
[2025-08-28T13:12:24.210+0000][1087812][info ][safepoint   ] Safepoint "G1CollectForAllocation", Time since last: 947167134 ns, Reaching safepoint: 38909 ns, Cleanup: 10025 ns, At safepoint: 3047985 ns, Total: 3096919 ns
[2025-08-28T13:12:25.211+0000][1087812][info ][safepoint   ] Safepoint "Cleanup", Time since last: 1000113943 ns, Reaching safepoint: 43906 ns, Cleanup: 23826 ns, At safepoint: 5368 ns, Total: 73100 ns
[2025-08-28T13:12:26.170+0000][1087812][info ][gc,start    ] GC(430) Pause Young (Normal) (G1 Evacuation Pause)
[2025-08-28T13:12:26.170+0000][1087812][info ][gc,task     ] GC(430) Using 12 workers of 33 for evacuation
[2025-08-28T13:12:26.170+0000][1087812][debug][gc,age      ] GC(430) Desired survivor size 20971520 bytes, new threshold 15 (max threshold 15)
[2025-08-28T13:12:26.172+0000][1087812][info ][gc,phases   ] GC(430)   Pre Evacuate Collection Set: 0.2ms
[2025-08-28T13:12:26.172+0000][1087812][info ][gc,phases   ] GC(430)   Merge Heap Roots: 0.1ms
[2025-08-28T13:12:26.172+0000][1087812][info ][gc,phases   ] GC(430)   Evacuate Collection Set: 1.1ms
[2025-08-28T13:12:26.172+0000][1087812][info ][gc,phases   ] GC(430)   Post Evacuate Collection Set: 0.6ms
[2025-08-28T13:12:26.172+0000][1087812][info ][gc,phases   ] GC(430)   Other: 0.1ms
[2025-08-28T13:12:26.172+0000][1087812][trace][gc,age      ] GC(430) Age table with threshold 15 (max threshold 15)
[2025-08-28T13:12:26.172+0000][1087812][trace][gc,age      ] GC(430) - age   1:     253592 bytes,     253592 total
[2025-08-28T13:12:26.172+0000][1087812][trace][gc,age      ] GC(430) - age   2:       1864 bytes,     255456 total
[2025-08-28T13:12:26.172+0000][1087812][trace][gc,age      ] GC(430) - age   3:        936 bytes,     256392 total
[2025-08-28T13:12:26.172+0000][1087812][trace][gc,age      ] GC(430) - age   6:        224 bytes,     256616 total
[2025-08-28T13:12:26.172+0000][1087812][trace][gc,age      ] GC(430) - age   9:       2200 bytes,     258816 total
[2025-08-28T13:12:26.172+0000][1087812][trace][gc,age      ] GC(430) - age  12:       1088 bytes,     259904 total
[2025-08-28T13:12:26.172+0000][1087812][trace][gc,age      ] GC(430) - age  15:         32 bytes,     259936 total
[2025-08-28T13:12:26.172+0000][1087812][info ][gc,heap     ] GC(430) Eden regions: 75->0(75)
[2025-08-28T13:12:26.172+0000][1087812][info ][gc,heap     ] GC(430) Survivor regions: 1->1(10)
[2025-08-28T13:12:26.172+0000][1087812][info ][gc,heap     ] GC(430) Old regions: 26->26
[2025-08-28T13:12:26.172+0000][1087812][info ][gc,heap     ] GC(430) Humongous regions: 0->0
[2025-08-28T13:12:26.172+0000][1087812][info ][gc,metaspace] GC(430) Metaspace: 141806K(148544K)->141806K(148544K) NonClass: 122952K(127104K)->122952K(127104K) Class: 18854K(21440K)->18854K(21440K)
[2025-08-28T13:12:26.172+0000][1087812][info ][gc          ] GC(430) Pause Young (Normal) (G1 Evacuation Pause) 403M->103M(512M) 2.186ms
[2025-08-28T13:12:26.172+0000][1087812][info ][gc,cpu      ] GC(430) User=0.01s Sys=0.00s Real=0.01s
[2025-08-28T13:12:26.172+0000][1087812][info ][safepoint   ] Safepoint "G1CollectForAllocation", Time since last: 959144592 ns, Reaching safepoint: 31968 ns, Cleanup: 7451 ns, At safepoint: 2357627 ns, Total: 2397046 ns
[2025-08-28T13:12:28.145+0000][1087812][info ][gc,start    ] GC(431) Pause Young (Normal) (G1 Evacuation Pause)
[2025-08-28T13:12:28.145+0000][1087812][info ][gc,task     ] GC(431) Using 12 workers of 33 for evacuation
[2025-08-28T13:12:28.145+0000][1087812][debug][gc,age      ] GC(431) Desired survivor size 20971520 bytes, new threshold 15 (max threshold 15)
[2025-08-28T13:12:28.147+0000][1087812][info ][gc,phases   ] GC(431)   Pre Evacuate Collection Set: 0.2ms
[2025-08-28T13:12:28.147+0000][1087812][info ][gc,phases   ] GC(431)   Merge Heap Roots: 0.1ms
[2025-08-28T13:12:28.147+0000][1087812][info ][gc,phases   ] GC(431)   Evacuate Collection Set: 1.2ms
[2025-08-28T13:12:28.147+0000][1087812][info ][gc,phases   ] GC(431)   Post Evacuate Collection Set: 0.5ms
[2025-08-28T13:12:28.147+0000][1087812][info ][gc,phases   ] GC(431)   Other: 0.1ms
[2025-08-28T13:12:28.147+0000][1087812][trace][gc,age      ] GC(431) Age table with threshold 15 (max threshold 15)
[2025-08-28T13:12:28.147+0000][1087812][trace][gc,age      ] GC(431) - age   1:       5320 bytes,       5320 total
[2025-08-28T13:12:28.147+0000][1087812][trace][gc,age      ] GC(431) - age   2:        712 bytes,       6032 total
[2025-08-28T13:12:28.147+0000][1087812][trace][gc,age      ] GC(431) - age   3:       1864 bytes,       7896 total
[2025-08-28T13:12:28.147+0000][1087812][trace][gc,age      ] GC(431) - age   4:        936 bytes,       8832 total
[2025-08-28T13:12:28.147+0000][1087812][trace][gc,age      ] GC(431) - age   7:        224 bytes,       9056 total
[2025-08-28T13:12:28.147+0000][1087812][trace][gc,age      ] GC(431) - age  10:       2200 bytes,      11256 total
[2025-08-28T13:12:28.147+0000][1087812][trace][gc,age      ] GC(431) - age  13:       1088 bytes,      12344 total
[2025-08-28T13:12:28.147+0000][1087812][info ][gc,heap     ] GC(431) Eden regions: 75->0(75)
[2025-08-28T13:12:28.147+0000][1087812][info ][gc,heap     ] GC(431) Survivor regions: 1->1(10)
[2025-08-28T13:12:28.147+0000][1087812][info ][gc,heap     ] GC(431) Old regions: 26->26
[2025-08-28T13:12:28.147+0000][1087812][info ][gc,heap     ] GC(431) Humongous regions: 0->0
[2025-08-28T13:12:28.147+0000][1087812][info ][gc,metaspace] GC(431) Metaspace: 141806K(148544K)->141806K(148544K) NonClass: 122952K(127104K)->122952K(127104K) Class: 18854K(21440K)->18854K(21440K)
[2025-08-28T13:12:28.147+0000][1087812][info ][gc          ] GC(431) Pause Young (Normal) (G1 Evacuation Pause) 403M->103M(512M) 2.291ms
[2025-08-28T13:12:28.147+0000][1087812][info ][gc,cpu      ] GC(431) User=0.00s Sys=0.00s Real=0.00s
[2025-08-28T13:12:28.147+0000][1087812][info ][safepoint   ] Safepoint "G1CollectForAllocation", Time since last: 1972567687 ns, Reaching safepoint: 32729 ns, Cleanup: 7792 ns, At safepoint: 2547853 ns, Total: 2588374 ns
[2025-08-28T13:12:30.353+0000][1087812][info ][gc,start    ] GC(432) Pause Young (Normal) (G1 Evacuation Pause)
[2025-08-28T13:12:30.353+0000][1087812][info ][gc,task     ] GC(432) Using 12 workers of 33 for evacuation
[2025-08-28T13:12:30.353+0000][1087812][debug][gc,age      ] GC(432) Desired survivor size 20971520 bytes, new threshold 15 (max threshold 15)
[2025-08-28T13:12:30.355+0000][1087812][info ][gc,phases   ] GC(432)   Pre Evacuate Collection Set: 0.2ms
[2025-08-28T13:12:30.355+0000][1087812][info ][gc,phases   ] GC(432)   Merge Heap Roots: 0.1ms
[2025-08-28T13:12:30.355+0000][1087812][info ][gc,phases   ] GC(432)   Evacuate Collection Set: 1.3ms
[2025-08-28T13:12:30.355+0000][1087812][info ][gc,phases   ] GC(432)   Post Evacuate Collection Set: 0.6ms
[2025-08-28T13:12:30.355+0000][1087812][info ][gc,phases   ] GC(432)   Other: 0.1ms
[2025-08-28T13:12:30.355+0000][1087812][trace][gc,age      ] GC(432) Age table with threshold 15 (max threshold 15)
[2025-08-28T13:12:30.355+0000][1087812][trace][gc,age      ] GC(432) - age   1:     655920 bytes,     655920 total
[2025-08-28T13:12:30.355+0000][1087812][trace][gc,age      ] GC(432) - age   4:       1864 bytes,     657784 total
[2025-08-28T13:12:30.355+0000][1087812][trace][gc,age      ] GC(432) - age   5:        936 bytes,     658720 total
[2025-08-28T13:12:30.355+0000][1087812][trace][gc,age      ] GC(432) - age  11:       2200 bytes,     660920 total
[2025-08-28T13:12:30.355+0000][1087812][trace][gc,age      ] GC(432) - age  14:       1088 bytes,     662008 total
[2025-08-28T13:12:30.355+0000][1087812][info ][gc,heap     ] GC(432) Eden regions: 75->0(75)
[2025-08-28T13:12:30.355+0000][1087812][info ][gc,heap     ] GC(432) Survivor regions: 1->1(10)
[2025-08-28T13:12:30.355+0000][1087812][info ][gc,heap     ] GC(432) Old regions: 26->26
[2025-08-28T13:12:30.355+0000][1087812][info ][gc,heap     ] GC(432) Humongous regions: 0->0
[2025-08-28T13:12:30.355+0000][1087812][info ][gc,metaspace] GC(432) Metaspace: 141806K(148544K)->141806K(148544K) NonClass: 122952K(127104K)->122952K(127104K) Class: 18854K(21440K)->18854K(21440K)
[2025-08-28T13:12:30.355+0000][1087812][info ][gc          ] GC(432) Pause Young (Normal) (G1 Evacuation Pause) 403M->104M(512M) 2.419ms
[2025-08-28T13:12:30.355+0000][1087812][info ][gc,cpu      ] GC(432) User=0.01s Sys=0.00s Real=0.00s
[2025-08-28T13:12:30.355+0000][1087812][info ][safepoint   ] Safepoint "G1CollectForAllocation", Time since last: 2205223035 ns, Reaching safepoint: 30406 ns, Cleanup: 4737 ns, At safepoint: 2638849 ns, Total: 2673992 ns
[2025-08-28T13:12:32.327+0000][1087812][info ][gc,start    ] GC(433) Pause Young (Normal) (G1 Evacuation Pause)
[2025-08-28T13:12:32.327+0000][1087812][info ][gc,task     ] GC(433) Using 12 workers of 33 for evacuation
[2025-08-28T13:12:32.327+0000][1087812][debug][gc,age      ] GC(433) Desired survivor size 20971520 bytes, new threshold 15 (max threshold 15)
[2025-08-28T13:12:32.329+0000][1087812][info ][gc,phases   ] GC(433)   Pre Evacuate Collection Set: 0.2ms
[2025-08-28T13:12:32.329+0000][1087812][info ][gc,phases   ] GC(433)   Merge Heap Roots: 0.1ms
[2025-08-28T13:12:32.329+0000][1087812][info ][gc,phases   ] GC(433)   Evacuate Collection Set: 1.3ms
[2025-08-28T13:12:32.329+0000][1087812][info ][gc,phases   ] GC(433)   Post Evacuate Collection Set: 0.7ms
[2025-08-28T13:12:32.329+0000][1087812][info ][gc,phases   ] GC(433)   Other: 0.1ms
[2025-08-28T13:12:32.329+0000][1087812][trace][gc,age      ] GC(433) Age table with threshold 15 (max threshold 15)
[2025-08-28T13:12:32.329+0000][1087812][trace][gc,age      ] GC(433) - age   1:       5560 bytes,       5560 total
[2025-08-28T13:12:32.329+0000][1087812][trace][gc,age      ] GC(433) - age   2:        936 bytes,       6496 total
[2025-08-28T13:12:32.329+0000][1087812][trace][gc,age      ] GC(433) - age   5:       1864 bytes,       8360 total
[2025-08-28T13:12:32.329+0000][1087812][trace][gc,age      ] GC(433) - age   6:        696 bytes,       9056 total
[2025-08-28T13:12:32.329+0000][1087812][trace][gc,age      ] GC(433) - age  12:       2200 bytes,      11256 total
[2025-08-28T13:12:32.329+0000][1087812][trace][gc,age      ] GC(433) - age  15:       1088 bytes,      12344 total
[2025-08-28T13:12:32.329+0000][1087812][info ][gc,heap     ] GC(433) Eden regions: 75->0(75)
[2025-08-28T13:12:32.329+0000][1087812][info ][gc,heap     ] GC(433) Survivor regions: 1->1(10)
[2025-08-28T13:12:32.329+0000][1087812][info ][gc,heap     ] GC(433) Old regions: 26->26
[2025-08-28T13:12:32.329+0000][1087812][info ][gc,heap     ] GC(433) Humongous regions: 0->0
[2025-08-28T13:12:32.329+0000][1087812][info ][gc,metaspace] GC(433) Metaspace: 141806K(148544K)->141806K(148544K) NonClass: 122952K(127104K)->122952K(127104K) Class: 18854K(21440K)->18854K(21440K)
[2025-08-28T13:12:32.329+0000][1087812][info ][gc          ] GC(433) Pause Young (Normal) (G1 Evacuation Pause) 404M->103M(512M) 2.505ms
[2025-08-28T13:12:32.330+0000][1087812][info ][gc,cpu      ] GC(433) User=0.00s Sys=0.00s Real=0.00s
[2025-08-28T13:12:32.330+0000][1087812][info ][safepoint   ] Safepoint "G1CollectForAllocation", Time since last: 1971620532 ns, Reaching safepoint: 23135 ns, Cleanup: 4086 ns, At safepoint: 2726482 ns, Total: 2753703 ns
[2025-08-28T13:12:34.302+0000][1087812][info ][gc,start    ] GC(434) Pause Young (Normal) (G1 Evacuation Pause)
[2025-08-28T13:12:34.302+0000][1087812][info ][gc,task     ] GC(434) Using 12 workers of 33 for evacuation
[2025-08-28T13:12:34.302+0000][1087812][debug][gc,age      ] GC(434) Desired survivor size 20971520 bytes, new threshold 15 (max threshold 15)
[2025-08-28T13:12:34.304+0000][1087812][info ][gc,phases   ] GC(434)   Pre Evacuate Collection Set: 0.2ms
[2025-08-28T13:12:34.304+0000][1087812][info ][gc,phases   ] GC(434)   Merge Heap Roots: 0.1ms
[2025-08-28T13:12:34.304+0000][1087812][info ][gc,phases   ] GC(434)   Evacuate Collection Set: 1.2ms
[2025-08-28T13:12:34.304+0000][1087812][info ][gc,phases   ] GC(434)   Post Evacuate Collection Set: 0.6ms
[2025-08-28T13:12:34.304+0000][1087812][info ][gc,phases   ] GC(434)   Other: 0.1ms
[2025-08-28T13:12:34.304+0000][1087812][trace][gc,age      ] GC(434) Age table with threshold 15 (max threshold 15)
[2025-08-28T13:12:34.304+0000][1087812][trace][gc,age      ] GC(434) - age   1:      71976 bytes,      71976 total
[2025-08-28T13:12:34.304+0000][1087812][trace][gc,age      ] GC(434) - age   2:        240 bytes,      72216 total
[2025-08-28T13:12:34.304+0000][1087812][trace][gc,age      ] GC(434) - age   3:        760 bytes,      72976 total
[2025-08-28T13:12:34.304+0000][1087812][trace][gc,age      ] GC(434) - age   6:       1832 bytes,      74808 total
[2025-08-28T13:12:34.304+0000][1087812][trace][gc,age      ] GC(434) - age   7:        696 bytes,      75504 total
[2025-08-28T13:12:34.304+0000][1087812][trace][gc,age      ] GC(434) - age  13:       2200 bytes,      77704 total
[2025-08-28T13:12:34.304+0000][1087812][info ][gc,heap     ] GC(434) Eden regions: 75->0(75)
[2025-08-28T13:12:34.304+0000][1087812][info ][gc,heap     ] GC(434) Survivor regions: 1->1(10)
[2025-08-28T13:12:34.304+0000][1087812][info ][gc,heap     ] GC(434) Old regions: 26->26
[2025-08-28T13:12:34.304+0000][1087812][info ][gc,heap     ] GC(434) Humongous regions: 0->0
[2025-08-28T13:12:34.304+0000][1087812][info ][gc,metaspace] GC(434) Metaspace: 141806K(148544K)->141806K(148544K) NonClass: 122952K(127104K)->122952K(127104K) Class: 18854K(21440K)->18854K(21440K)
[2025-08-28T13:12:34.304+0000][1087812][info ][gc          ] GC(434) Pause Young (Normal) (G1 Evacuation Pause) 403M->103M(512M) 2.223ms
[2025-08-28T13:12:34.304+0000][1087812][info ][gc,cpu      ] GC(434) User=0.01s Sys=0.00s Real=0.00s
[2025-08-28T13:12:34.304+0000][1087812][info ][safepoint   ] Safepoint "G1CollectForAllocation", Time since last: 1972232272 ns, Reaching safepoint: 24837 ns, Cleanup: 4607 ns, At safepoint: 2439347 ns, Total: 2468791 ns
[2025-08-28T13:12:35.304+0000][1087812][info ][safepoint   ] Safepoint "Cleanup", Time since last: 1000086727 ns, Reaching safepoint: 23375 ns, Cleanup: 9655 ns, At safepoint: 2914 ns, Total: 35944 ns
[2025-08-28T13:12:37.143+0000][1087812][info ][gc,start    ] GC(435) Pause Young (Normal) (G1 Evacuation Pause)
[2025-08-28T13:12:37.143+0000][1087812][info ][gc,task     ] GC(435) Using 12 workers of 33 for evacuation
[2025-08-28T13:12:37.143+0000][1087812][debug][gc,age      ] GC(435) Desired survivor size 20971520 bytes, new threshold 15 (max threshold 15)
[2025-08-28T13:12:37.145+0000][1087812][info ][gc,phases   ] GC(435)   Pre Evacuate Collection Set: 0.2ms
[2025-08-28T13:12:37.145+0000][1087812][info ][gc,phases   ] GC(435)   Merge Heap Roots: 0.1ms
[2025-08-28T13:12:37.145+0000][1087812][info ][gc,phases   ] GC(435)   Evacuate Collection Set: 1.0ms
[2025-08-28T13:12:37.145+0000][1087812][info ][gc,phases   ] GC(435)   Post Evacuate Collection Set: 0.5ms
[2025-08-28T13:12:37.145+0000][1087812][info ][gc,phases   ] GC(435)   Other: 0.1ms
[2025-08-28T13:12:37.145+0000][1087812][trace][gc,age      ] GC(435) Age table with threshold 15 (max threshold 15)
[2025-08-28T13:12:37.145+0000][1087812][trace][gc,age      ] GC(435) - age   1:       8552 bytes,       8552 total
[2025-08-28T13:12:37.145+0000][1087812][trace][gc,age      ] GC(435) - age   2:        576 bytes,       9128 total
[2025-08-28T13:12:37.145+0000][1087812][trace][gc,age      ] GC(435) - age   3:        240 bytes,       9368 total
[2025-08-28T13:12:37.145+0000][1087812][trace][gc,age      ] GC(435) - age   4:        224 bytes,       9592 total
[2025-08-28T13:12:37.145+0000][1087812][trace][gc,age      ] GC(435) - age   7:       1832 bytes,      11424 total
[2025-08-28T13:12:37.145+0000][1087812][trace][gc,age      ] GC(435) - age   8:        696 bytes,      12120 total
[2025-08-28T13:12:37.145+0000][1087812][trace][gc,age      ] GC(435) - age  14:        224 bytes,      12344 total
[2025-08-28T13:12:37.145+0000][1087812][info ][gc,heap     ] GC(435) Eden regions: 75->0(75)
[2025-08-28T13:12:37.145+0000][1087812][info ][gc,heap     ] GC(435) Survivor regions: 1->1(10)
[2025-08-28T13:12:37.145+0000][1087812][info ][gc,heap     ] GC(435) Old regions: 26->26
[2025-08-28T13:12:37.145+0000][1087812][info ][gc,heap     ] GC(435) Humongous regions: 0->0
[2025-08-28T13:12:37.145+0000][1087812][info ][gc,metaspace] GC(435) Metaspace: 141806K(148544K)->141806K(148544K) NonClass: 122952K(127104K)->122952K(127104K) Class: 18854K(21440K)->18854K(21440K)
[2025-08-28T13:12:37.145+0000][1087812][info ][gc          ] GC(435) Pause Young (Normal) (G1 Evacuation Pause) 403M->103M(512M) 1.992ms
[2025-08-28T13:12:37.145+0000][1087812][info ][gc,cpu      ] GC(435) User=0.01s Sys=0.00s Real=0.00s
[2025-08-28T13:12:37.145+0000][1087812][info ][safepoint   ] Safepoint "G1CollectForAllocation", Time since last: 1838120502 ns, Reaching safepoint: 22333 ns, Cleanup: 4036 ns, At safepoint: 2224825 ns, Total: 2251194 ns
[2025-08-28T13:12:39.105+0000][1087812][info ][gc,start    ] GC(436) Pause Young (Normal) (G1 Evacuation Pause)
[2025-08-28T13:12:39.105+0000][1087812][info ][gc,task     ] GC(436) Using 12 workers of 33 for evacuation
[2025-08-28T13:12:39.105+0000][1087812][debug][gc,age      ] GC(436) Desired survivor size 20971520 bytes, new threshold 15 (max threshold 15)
[2025-08-28T13:12:39.108+0000][1087812][info ][gc,phases   ] GC(436)   Pre Evacuate Collection Set: 0.2ms
[2025-08-28T13:12:39.108+0000][1087812][info ][gc,phases   ] GC(436)   Merge Heap Roots: 0.1ms
[2025-08-28T13:12:39.108+0000][1087812][info ][gc,phases   ] GC(436)   Evacuate Collection Set: 2.0ms
[2025-08-28T13:12:39.108+0000][1087812][info ][gc,phases   ] GC(436)   Post Evacuate Collection Set: 0.6ms
[2025-08-28T13:12:39.108+0000][1087812][info ][gc,phases   ] GC(436)   Other: 0.1ms
[2025-08-28T13:12:39.108+0000][1087812][trace][gc,age      ] GC(436) Age table with threshold 15 (max threshold 15)
[2025-08-28T13:12:39.108+0000][1087812][trace][gc,age      ] GC(436) - age   1:     153880 bytes,     153880 total
[2025-08-28T13:12:39.108+0000][1087812][trace][gc,age      ] GC(436) - age   2:       3232 bytes,     157112 total
[2025-08-28T13:12:39.108+0000][1087812][trace][gc,age      ] GC(436) - age   3:        576 bytes,     157688 total
[2025-08-28T13:12:39.108+0000][1087812][trace][gc,age      ] GC(436) - age   4:        240 bytes,     157928 total
[2025-08-28T13:12:39.108+0000][1087812][trace][gc,age      ] GC(436) - age   5:        224 bytes,     158152 total
[2025-08-28T13:12:39.108+0000][1087812][trace][gc,age      ] GC(436) - age   8:       1832 bytes,     159984 total
[2025-08-28T13:12:39.108+0000][1087812][trace][gc,age      ] GC(436) - age   9:        696 bytes,     160680 total
[2025-08-28T13:12:39.108+0000][1087812][trace][gc,age      ] GC(436) - age  15:        224 bytes,     160904 total
[2025-08-28T13:12:39.108+0000][1087812][info ][gc,heap     ] GC(436) Eden regions: 75->0(75)
[2025-08-28T13:12:39.108+0000][1087812][info ][gc,heap     ] GC(436) Survivor regions: 1->1(10)
[2025-08-28T13:12:39.108+0000][1087812][info ][gc,heap     ] GC(436) Old regions: 26->26
[2025-08-28T13:12:39.108+0000][1087812][info ][gc,heap     ] GC(436) Humongous regions: 0->0
[2025-08-28T13:12:39.108+0000][1087812][info ][gc,metaspace] GC(436) Metaspace: 141806K(148544K)->141806K(148544K) NonClass: 122952K(127104K)->122952K(127104K) Class: 18854K(21440K)->18854K(21440K)
[2025-08-28T13:12:39.108+0000][1087812][info ][gc          ] GC(436) Pause Young (Normal) (G1 Evacuation Pause) 403M->103M(512M) 3.198ms
[2025-08-28T13:12:39.109+0000][1087812][info ][gc,cpu      ] GC(436) User=0.00s Sys=0.00s Real=0.00s
[2025-08-28T13:12:39.109+0000][1087812][info ][safepoint   ] Safepoint "G1CollectForAllocation", Time since last: 1960306630 ns, Reaching safepoint: 37377 ns, Cleanup: 9794 ns, At safepoint: 3501084 ns, Total: 3548255 ns
[2025-08-28T13:12:41.068+0000][1087812][info ][gc,start    ] GC(437) Pause Young (Normal) (G1 Evacuation Pause)
[2025-08-28T13:12:41.068+0000][1087812][info ][gc,task     ] GC(437) Using 12 workers of 33 for evacuation
[2025-08-28T13:12:41.068+0000][1087812][debug][gc,age      ] GC(437) Desired survivor size 20971520 bytes, new threshold 15 (max threshold 15)
[2025-08-28T13:12:41.070+0000][1087812][info ][gc,phases   ] GC(437)   Pre Evacuate Collection Set: 0.2ms
[2025-08-28T13:12:41.070+0000][1087812][info ][gc,phases   ] GC(437)   Merge Heap Roots: 0.1ms
[2025-08-28T13:12:41.070+0000][1087812][info ][gc,phases   ] GC(437)   Evacuate Collection Set: 1.0ms
[2025-08-28T13:12:41.070+0000][1087812][info ][gc,phases   ] GC(437)   Post Evacuate Collection Set: 0.7ms
[2025-08-28T13:12:41.070+0000][1087812][info ][gc,phases   ] GC(437)   Other: 0.1ms
[2025-08-28T13:12:41.070+0000][1087812][trace][gc,age      ] GC(437) Age table with threshold 15 (max threshold 15)
[2025-08-28T13:12:41.070+0000][1087812][trace][gc,age      ] GC(437) - age   1:       6672 bytes,       6672 total
[2025-08-28T13:12:41.070+0000][1087812][trace][gc,age      ] GC(437) - age   3:       2696 bytes,       9368 total
[2025-08-28T13:12:41.070+0000][1087812][trace][gc,age      ] GC(437) - age   4:        400 bytes,       9768 total
[2025-08-28T13:12:41.070+0000][1087812][trace][gc,age      ] GC(437) - age   5:        240 bytes,      10008 total
[2025-08-28T13:12:41.070+0000][1087812][trace][gc,age      ] GC(437) - age   6:        224 bytes,      10232 total
[2025-08-28T13:12:41.070+0000][1087812][trace][gc,age      ] GC(437) - age   9:       1832 bytes,      12064 total
[2025-08-28T13:12:41.070+0000][1087812][trace][gc,age      ] GC(437) - age  10:        696 bytes,      12760 total
[2025-08-28T13:12:41.070+0000][1087812][info ][gc,heap     ] GC(437) Eden regions: 75->0(75)
[2025-08-28T13:12:41.070+0000][1087812][info ][gc,heap     ] GC(437) Survivor regions: 1->1(10)
[2025-08-28T13:12:41.070+0000][1087812][info ][gc,heap     ] GC(437) Old regions: 26->26
[2025-08-28T13:12:41.070+0000][1087812][info ][gc,heap     ] GC(437) Humongous regions: 0->0
[2025-08-28T13:12:41.070+0000][1087812][info ][gc,metaspace] GC(437) Metaspace: 141806K(148544K)->141806K(148544K) NonClass: 122952K(127104K)->122952K(127104K) Class: 18854K(21440K)->18854K(21440K)
[2025-08-28T13:12:41.070+0000][1087812][info ][gc          ] GC(437) Pause Young (Normal) (G1 Evacuation Pause) 403M->103M(512M) 2.213ms
[2025-08-28T13:12:41.070+0000][1087812][info ][gc,cpu      ] GC(437) User=0.01s Sys=0.00s Real=0.00s
[2025-08-28T13:12:41.070+0000][1087812][info ][safepoint   ] Safepoint "G1CollectForAllocation", Time since last: 1958938864 ns, Reaching safepoint: 25368 ns, Cleanup: 4707 ns, At safepoint: 2430434 ns, Total: 2460509 ns
[2025-08-28T13:12:43.635+0000][1087812][info ][gc,start    ] GC(438) Pause Young (Normal) (G1 Evacuation Pause)
[2025-08-28T13:12:43.635+0000][1087812][info ][gc,task     ] GC(438) Using 12 workers of 33 for evacuation
[2025-08-28T13:12:43.635+0000][1087812][debug][gc,age      ] GC(438) Desired survivor size 20971520 bytes, new threshold 15 (max threshold 15)
[2025-08-28T13:12:43.637+0000][1087812][info ][gc,phases   ] GC(438)   Pre Evacuate Collection Set: 0.2ms
[2025-08-28T13:12:43.637+0000][1087812][info ][gc,phases   ] GC(438)   Merge Heap Roots: 0.1ms
[2025-08-28T13:12:43.637+0000][1087812][info ][gc,phases   ] GC(438)   Evacuate Collection Set: 1.4ms
[2025-08-28T13:12:43.637+0000][1087812][info ][gc,phases   ] GC(438)   Post Evacuate Collection Set: 0.6ms
[2025-08-28T13:12:43.637+0000][1087812][info ][gc,phases   ] GC(438)   Other: 0.1ms
[2025-08-28T13:12:43.637+0000][1087812][trace][gc,age      ] GC(438) Age table with threshold 15 (max threshold 15)
[2025-08-28T13:12:43.637+0000][1087812][trace][gc,age      ] GC(438) - age   1:       6136 bytes,       6136 total
[2025-08-28T13:12:43.637+0000][1087812][trace][gc,age      ] GC(438) - age   2:       1352 bytes,       7488 total
[2025-08-28T13:12:43.637+0000][1087812][trace][gc,age      ] GC(438) - age   4:       2696 bytes,      10184 total
[2025-08-28T13:12:43.637+0000][1087812][trace][gc,age      ] GC(438) - age   5:        400 bytes,      10584 total
[2025-08-28T13:12:43.637+0000][1087812][trace][gc,age      ] GC(438) - age  10:       1832 bytes,      12416 total
[2025-08-28T13:12:43.637+0000][1087812][trace][gc,age      ] GC(438) - age  11:        696 bytes,      13112 total
[2025-08-28T13:12:43.637+0000][1087812][info ][gc,heap     ] GC(438) Eden regions: 75->0(75)
[2025-08-28T13:12:43.637+0000][1087812][info ][gc,heap     ] GC(438) Survivor regions: 1->1(10)
[2025-08-28T13:12:43.637+0000][1087812][info ][gc,heap     ] GC(438) Old regions: 26->26
[2025-08-28T13:12:43.637+0000][1087812][info ][gc,heap     ] GC(438) Humongous regions: 0->0
[2025-08-28T13:12:43.637+0000][1087812][info ][gc,metaspace] GC(438) Metaspace: 141806K(148544K)->141806K(148544K) NonClass: 122952K(127104K)->122952K(127104K) Class: 18854K(21440K)->18854K(21440K)
[2025-08-28T13:12:43.637+0000][1087812][info ][gc          ] GC(438) Pause Young (Normal) (G1 Evacuation Pause) 403M->103M(512M) 2.447ms
[2025-08-28T13:12:43.637+0000][1087812][info ][gc,cpu      ] GC(438) User=0.00s Sys=0.00s Real=0.00s
[2025-08-28T13:12:43.637+0000][1087812][info ][safepoint   ] Safepoint "G1CollectForAllocation", Time since last: 2564676694 ns, Reaching safepoint: 23426 ns, Cleanup: 4647 ns, At safepoint: 2604155 ns, Total: 2632228 ns
[2025-08-28T13:12:45.597+0000][1087812][info ][gc,start    ] GC(439) Pause Young (Normal) (G1 Evacuation Pause)
[2025-08-28T13:12:45.598+0000][1087812][info ][gc,task     ] GC(439) Using 12 workers of 33 for evacuation
[2025-08-28T13:12:45.598+0000][1087812][debug][gc,age      ] GC(439) Desired survivor size 20971520 bytes, new threshold 15 (max threshold 15)
[2025-08-28T13:12:45.601+0000][1087812][info ][gc,phases   ] GC(439)   Pre Evacuate Collection Set: 0.2ms
[2025-08-28T13:12:45.601+0000][1087812][info ][gc,phases   ] GC(439)   Merge Heap Roots: 0.1ms
[2025-08-28T13:12:45.601+0000][1087812][info ][gc,phases   ] GC(439)   Evacuate Collection Set: 2.2ms
[2025-08-28T13:12:45.601+0000][1087812][info ][gc,phases   ] GC(439)   Post Evacuate Collection Set: 0.6ms
[2025-08-28T13:12:45.601+0000][1087812][info ][gc,phases   ] GC(439)   Other: 0.1ms
[2025-08-28T13:12:45.601+0000][1087812][trace][gc,age      ] GC(439) Age table with threshold 15 (max threshold 15)
[2025-08-28T13:12:45.601+0000][1087812][trace][gc,age      ] GC(439) - age   1:     319600 bytes,     319600 total
[2025-08-28T13:12:45.601+0000][1087812][trace][gc,age      ] GC(439) - age   2:        816 bytes,     320416 total
[2025-08-28T13:12:45.601+0000][1087812][trace][gc,age      ] GC(439) - age   3:        640 bytes,     321056 total
[2025-08-28T13:12:45.601+0000][1087812][trace][gc,age      ] GC(439) - age   5:       2568 bytes,     323624 total
[2025-08-28T13:12:45.601+0000][1087812][trace][gc,age      ] GC(439) - age   6:        400 bytes,     324024 total
[2025-08-28T13:12:45.601+0000][1087812][trace][gc,age      ] GC(439) - age  11:       1832 bytes,     325856 total
[2025-08-28T13:12:45.601+0000][1087812][trace][gc,age      ] GC(439) - age  12:        696 bytes,     326552 total
[2025-08-28T13:12:45.601+0000][1087812][info ][gc,heap     ] GC(439) Eden regions: 75->0(75)
[2025-08-28T13:12:45.601+0000][1087812][info ][gc,heap     ] GC(439) Survivor regions: 1->1(10)
[2025-08-28T13:12:45.601+0000][1087812][info ][gc,heap     ] GC(439) Old regions: 26->26
[2025-08-28T13:12:45.601+0000][1087812][info ][gc,heap     ] GC(439) Humongous regions: 0->0
[2025-08-28T13:12:45.601+0000][1087812][info ][gc,metaspace] GC(439) Metaspace: 141806K(148544K)->141806K(148544K) NonClass: 122952K(127104K)->122952K(127104K) Class: 18854K(21440K)->18854K(21440K)
[2025-08-28T13:12:45.601+0000][1087812][info ][gc          ] GC(439) Pause Young (Normal) (G1 Evacuation Pause) 403M->103M(512M) 3.343ms
[2025-08-28T13:12:45.601+0000][1087812][info ][gc,cpu      ] GC(439) User=0.01s Sys=0.00s Real=0.01s
[2025-08-28T13:12:45.601+0000][1087812][info ][safepoint   ] Safepoint "G1CollectForAllocation", Time since last: 1959958056 ns, Reaching safepoint: 23475 ns, Cleanup: 5338 ns, At safepoint: 3556477 ns, Total: 3585290 ns
[2025-08-28T13:12:47.560+0000][1087812][info ][gc,start    ] GC(440) Pause Young (Normal) (G1 Evacuation Pause)
[2025-08-28T13:12:47.560+0000][1087812][info ][gc,task     ] GC(440) Using 12 workers of 33 for evacuation
[2025-08-28T13:12:47.560+0000][1087812][debug][gc,age      ] GC(440) Desired survivor size 20971520 bytes, new threshold 15 (max threshold 15)
[2025-08-28T13:12:47.562+0000][1087812][info ][gc,phases   ] GC(440)   Pre Evacuate Collection Set: 0.2ms
[2025-08-28T13:12:47.562+0000][1087812][info ][gc,phases   ] GC(440)   Merge Heap Roots: 0.1ms
[2025-08-28T13:12:47.562+0000][1087812][info ][gc,phases   ] GC(440)   Evacuate Collection Set: 1.1ms
[2025-08-28T13:12:47.562+0000][1087812][info ][gc,phases   ] GC(440)   Post Evacuate Collection Set: 0.6ms
[2025-08-28T13:12:47.562+0000][1087812][info ][gc,phases   ] GC(440)   Other: 0.1ms
[2025-08-28T13:12:47.562+0000][1087812][trace][gc,age      ] GC(440) Age table with threshold 15 (max threshold 15)
[2025-08-28T13:12:47.562+0000][1087812][trace][gc,age      ] GC(440) - age   1:     654984 bytes,     654984 total
[2025-08-28T13:12:47.562+0000][1087812][trace][gc,age      ] GC(440) - age   2:        712 bytes,     655696 total
[2025-08-28T13:12:47.562+0000][1087812][trace][gc,age      ] GC(440) - age   3:        816 bytes,     656512 total
[2025-08-28T13:12:47.562+0000][1087812][trace][gc,age      ] GC(440) - age   4:        640 bytes,     657152 total
[2025-08-28T13:12:47.562+0000][1087812][trace][gc,age      ] GC(440) - age   6:       2568 bytes,     659720 total
[2025-08-28T13:12:47.562+0000][1087812][trace][gc,age      ] GC(440) - age   7:        400 bytes,     660120 total
[2025-08-28T13:12:47.562+0000][1087812][trace][gc,age      ] GC(440) - age  12:       1832 bytes,     661952 total
[2025-08-28T13:12:47.562+0000][1087812][trace][gc,age      ] GC(440) - age  13:        696 bytes,     662648 total
[2025-08-28T13:12:47.562+0000][1087812][info ][gc,heap     ] GC(440) Eden regions: 75->0(75)
[2025-08-28T13:12:47.563+0000][1087812][info ][gc,heap     ] GC(440) Survivor regions: 1->1(10)
[2025-08-28T13:12:47.563+0000][1087812][info ][gc,heap     ] GC(440) Old regions: 26->26
[2025-08-28T13:12:47.563+0000][1087812][info ][gc,heap     ] GC(440) Humongous regions: 0->0
[2025-08-28T13:12:47.563+0000][1087812][info ][gc,metaspace] GC(440) Metaspace: 141806K(148544K)->141806K(148544K) NonClass: 122952K(127104K)->122952K(127104K) Class: 18854K(21440K)->18854K(21440K)
[2025-08-28T13:12:47.563+0000][1087812][info ][gc          ] GC(440) Pause Young (Normal) (G1 Evacuation Pause) 403M->104M(512M) 2.208ms
[2025-08-28T13:12:47.563+0000][1087812][info ][gc,cpu      ] GC(440) User=0.01s Sys=0.01s Real=0.01s
[2025-08-28T13:12:47.563+0000][1087812][info ][safepoint   ] Safepoint "G1CollectForAllocation", Time since last: 1959319577 ns, Reaching safepoint: 23865 ns, Cleanup: 5048 ns, At safepoint: 2447650 ns, Total: 2476563 ns
[2025-08-28T13:12:49.535+0000][1087812][info ][gc,start    ] GC(441) Pause Young (Normal) (G1 Evacuation Pause)
[2025-08-28T13:12:49.535+0000][1087812][info ][gc,task     ] GC(441) Using 12 workers of 33 for evacuation
[2025-08-28T13:12:49.535+0000][1087812][debug][gc,age      ] GC(441) Desired survivor size 20971520 bytes, new threshold 15 (max threshold 15)
[2025-08-28T13:12:49.537+0000][1087812][info ][gc,phases   ] GC(441)   Pre Evacuate Collection Set: 0.2ms
[2025-08-28T13:12:49.537+0000][1087812][info ][gc,phases   ] GC(441)   Merge Heap Roots: 0.1ms
[2025-08-28T13:12:49.537+0000][1087812][info ][gc,phases   ] GC(441)   Evacuate Collection Set: 1.1ms
[2025-08-28T13:12:49.537+0000][1087812][info ][gc,phases   ] GC(441)   Post Evacuate Collection Set: 0.5ms
[2025-08-28T13:12:49.537+0000][1087812][info ][gc,phases   ] GC(441)   Other: 0.1ms
[2025-08-28T13:12:49.537+0000][1087812][trace][gc,age      ] GC(441) Age table with threshold 15 (max threshold 15)
[2025-08-28T13:12:49.537+0000][1087812][trace][gc,age      ] GC(441) - age   1:       5496 bytes,       5496 total
[2025-08-28T13:12:49.537+0000][1087812][trace][gc,age      ] GC(441) - age   3:        536 bytes,       6032 total
[2025-08-28T13:12:49.537+0000][1087812][trace][gc,age      ] GC(441) - age   4:        816 bytes,       6848 total
[2025-08-28T13:12:49.537+0000][1087812][trace][gc,age      ] GC(441) - age   5:        640 bytes,       7488 total
[2025-08-28T13:12:49.537+0000][1087812][trace][gc,age      ] GC(441) - age   7:       2568 bytes,      10056 total
[2025-08-28T13:12:49.537+0000][1087812][trace][gc,age      ] GC(441) - age   8:        400 bytes,      10456 total
[2025-08-28T13:12:49.537+0000][1087812][trace][gc,age      ] GC(441) - age  13:       1832 bytes,      12288 total
[2025-08-28T13:12:49.537+0000][1087812][trace][gc,age      ] GC(441) - age  14:        696 bytes,      12984 total
[2025-08-28T13:12:49.537+0000][1087812][info ][gc,heap     ] GC(441) Eden regions: 75->0(75)
[2025-08-28T13:12:49.537+0000][1087812][info ][gc,heap     ] GC(441) Survivor regions: 1->1(10)
[2025-08-28T13:12:49.537+0000][1087812][info ][gc,heap     ] GC(441) Old regions: 26->26
[2025-08-28T13:12:49.537+0000][1087812][info ][gc,heap     ] GC(441) Humongous regions: 0->0
[2025-08-28T13:12:49.537+0000][1087812][info ][gc,metaspace] GC(441) Metaspace: 141806K(148544K)->141806K(148544K) NonClass: 122952K(127104K)->122952K(127104K) Class: 18854K(21440K)->18854K(21440K)
[2025-08-28T13:12:49.537+0000][1087812][info ][gc          ] GC(441) Pause Young (Normal) (G1 Evacuation Pause) 404M->103M(512M) 2.043ms
[2025-08-28T13:12:49.537+0000][1087812][info ][gc,cpu      ] GC(441) User=0.00s Sys=0.00s Real=0.00s
[2025-08-28T13:12:49.537+0000][1087812][info ][safepoint   ] Safepoint "G1CollectForAllocation", Time since last: 1971987942 ns, Reaching safepoint: 128393 ns, Cleanup: 6429 ns, At safepoint: 2221720 ns, Total: 2356542 ns
[2025-08-28T13:12:51.498+0000][1087812][info ][gc,start    ] GC(442) Pause Young (Normal) (G1 Evacuation Pause)
[2025-08-28T13:12:51.498+0000][1087812][info ][gc,task     ] GC(442) Using 12 workers of 33 for evacuation
[2025-08-28T13:12:51.498+0000][1087812][debug][gc,age      ] GC(442) Desired survivor size 20971520 bytes, new threshold 15 (max threshold 15)
[2025-08-28T13:12:51.499+0000][1087812][info ][gc,phases   ] GC(442)   Pre Evacuate Collection Set: 0.2ms
[2025-08-28T13:12:51.499+0000][1087812][info ][gc,phases   ] GC(442)   Merge Heap Roots: 0.1ms
[2025-08-28T13:12:51.499+0000][1087812][info ][gc,phases   ] GC(442)   Evacuate Collection Set: 1.0ms
[2025-08-28T13:12:51.499+0000][1087812][info ][gc,phases   ] GC(442)   Post Evacuate Collection Set: 0.4ms
[2025-08-28T13:12:51.499+0000][1087812][info ][gc,phases   ] GC(442)   Other: 0.1ms
[2025-08-28T13:12:51.499+0000][1087812][trace][gc,age      ] GC(442) Age table with threshold 15 (max threshold 15)
[2025-08-28T13:12:51.499+0000][1087812][trace][gc,age      ] GC(442) - age   1:       6096 bytes,       6096 total
[2025-08-28T13:12:51.499+0000][1087812][trace][gc,age      ] GC(442) - age   2:        176 bytes,       6272 total
[2025-08-28T13:12:51.499+0000][1087812][trace][gc,age      ] GC(442) - age   5:        576 bytes,       6848 total
[2025-08-28T13:12:51.499+0000][1087812][trace][gc,age      ] GC(442) - age   6:        640 bytes,       7488 total
[2025-08-28T13:12:51.499+0000][1087812][trace][gc,age      ] GC(442) - age   8:       2568 bytes,      10056 total
[2025-08-28T13:12:51.499+0000][1087812][trace][gc,age      ] GC(442) - age   9:        400 bytes,      10456 total
[2025-08-28T13:12:51.499+0000][1087812][trace][gc,age      ] GC(442) - age  14:       1832 bytes,      12288 total
[2025-08-28T13:12:51.499+0000][1087812][trace][gc,age      ] GC(442) - age  15:        696 bytes,      12984 total
[2025-08-28T13:12:51.499+0000][1087812][info ][gc,heap     ] GC(442) Eden regions: 75->0(75)
[2025-08-28T13:12:51.499+0000][1087812][info ][gc,heap     ] GC(442) Survivor regions: 1->1(10)
[2025-08-28T13:12:51.499+0000][1087812][info ][gc,heap     ] GC(442) Old regions: 26->26
[2025-08-28T13:12:51.499+0000][1087812][info ][gc,heap     ] GC(442) Humongous regions: 0->0
[2025-08-28T13:12:51.499+0000][1087812][info ][gc,metaspace] GC(442) Metaspace: 141806K(148544K)->141806K(148544K) NonClass: 122952K(127104K)->122952K(127104K) Class: 18854K(21440K)->18854K(21440K)
[2025-08-28T13:12:51.500+0000][1087812][info ][gc          ] GC(442) Pause Young (Normal) (G1 Evacuation Pause) 403M->103M(512M) 2.003ms
[2025-08-28T13:12:51.500+0000][1087812][info ][gc,cpu      ] GC(442) User=0.00s Sys=0.01s Real=0.00s
[2025-08-28T13:12:51.500+0000][1087812][info ][safepoint   ] Safepoint "G1CollectForAllocation", Time since last: 1960232840 ns, Reaching safepoint: 32969 ns, Cleanup: 8173 ns, At safepoint: 2338405 ns, Total: 2379547 ns
[2025-08-28T13:12:52.500+0000][1087812][info ][safepoint   ] Safepoint "Cleanup", Time since last: 1000090206 ns, Reaching safepoint: 23916 ns, Cleanup: 13220 ns, At safepoint: 3255 ns, Total: 40391 ns
[2025-08-28T13:12:53.460+0000][1087812][info ][gc,start    ] GC(443) Pause Young (Normal) (G1 Evacuation Pause)
[2025-08-28T13:12:53.460+0000][1087812][info ][gc,task     ] GC(443) Using 12 workers of 33 for evacuation
[2025-08-28T13:12:53.460+0000][1087812][debug][gc,age      ] GC(443) Desired survivor size 20971520 bytes, new threshold 15 (max threshold 15)
[2025-08-28T13:12:53.462+0000][1087812][info ][gc,phases   ] GC(443)   Pre Evacuate Collection Set: 0.2ms
[2025-08-28T13:12:53.462+0000][1087812][info ][gc,phases   ] GC(443)   Merge Heap Roots: 0.1ms
[2025-08-28T13:12:53.462+0000][1087812][info ][gc,phases   ] GC(443)   Evacuate Collection Set: 1.1ms
[2025-08-28T13:12:53.462+0000][1087812][info ][gc,phases   ] GC(443)   Post Evacuate Collection Set: 0.8ms
[2025-08-28T13:12:53.462+0000][1087812][info ][gc,phases   ] GC(443)   Other: 0.1ms
[2025-08-28T13:12:53.462+0000][1087812][trace][gc,age      ] GC(443) Age table with threshold 15 (max threshold 15)
[2025-08-28T13:12:53.462+0000][1087812][trace][gc,age      ] GC(443) - age   1:       8040 bytes,       8040 total
[2025-08-28T13:12:53.462+0000][1087812][trace][gc,age      ] GC(443) - age   2:        776 bytes,       8816 total
[2025-08-28T13:12:53.462+0000][1087812][trace][gc,age      ] GC(443) - age   3:        176 bytes,       8992 total
[2025-08-28T13:12:53.462+0000][1087812][trace][gc,age      ] GC(443) - age   6:        576 bytes,       9568 total
[2025-08-28T13:12:53.462+0000][1087812][trace][gc,age      ] GC(443) - age   7:        608 bytes,      10176 total
[2025-08-28T13:12:53.462+0000][1087812][trace][gc,age      ] GC(443) - age   9:       2568 bytes,      12744 total
[2025-08-28T13:12:53.462+0000][1087812][trace][gc,age      ] GC(443) - age  10:        368 bytes,      13112 total
[2025-08-28T13:12:53.462+0000][1087812][trace][gc,age      ] GC(443) - age  15:        448 bytes,      13560 total
[2025-08-28T13:12:53.462+0000][1087812][info ][gc,heap     ] GC(443) Eden regions: 75->0(75)
[2025-08-28T13:12:53.462+0000][1087812][info ][gc,heap     ] GC(443) Survivor regions: 1->1(10)
[2025-08-28T13:12:53.462+0000][1087812][info ][gc,heap     ] GC(443) Old regions: 26->26
[2025-08-28T13:12:53.462+0000][1087812][info ][gc,heap     ] GC(443) Humongous regions: 0->0
[2025-08-28T13:12:53.462+0000][1087812][info ][gc,metaspace] GC(443) Metaspace: 141812K(148544K)->141812K(148544K) NonClass: 122957K(127104K)->122957K(127104K) Class: 18854K(21440K)->18854K(21440K)
[2025-08-28T13:12:53.462+0000][1087812][info ][gc          ] GC(443) Pause Young (Normal) (G1 Evacuation Pause) 403M->103M(512M) 2.400ms
[2025-08-28T13:12:53.462+0000][1087812][info ][gc,cpu      ] GC(443) User=0.01s Sys=0.00s Real=0.01s
[2025-08-28T13:12:53.462+0000][1087812][info ][safepoint   ] Safepoint "G1CollectForAllocation", Time since last: 959924448 ns, Reaching safepoint: 29204 ns, Cleanup: 4927 ns, At safepoint: 2665612 ns, Total: 2699743 ns
[2025-08-28T13:12:55.422+0000][1087812][info ][gc,start    ] GC(444) Pause Young (Normal) (G1 Evacuation Pause)
[2025-08-28T13:12:55.423+0000][1087812][info ][gc,task     ] GC(444) Using 12 workers of 33 for evacuation
[2025-08-28T13:12:55.423+0000][1087812][debug][gc,age      ] GC(444) Desired survivor size 20971520 bytes, new threshold 15 (max threshold 15)
[2025-08-28T13:12:55.426+0000][1087812][info ][gc,phases   ] GC(444)   Pre Evacuate Collection Set: 0.3ms
[2025-08-28T13:12:55.426+0000][1087812][info ][gc,phases   ] GC(444)   Merge Heap Roots: 0.1ms
[2025-08-28T13:12:55.426+0000][1087812][info ][gc,phases   ] GC(444)   Evacuate Collection Set: 2.6ms
[2025-08-28T13:12:55.426+0000][1087812][info ][gc,phases   ] GC(444)   Post Evacuate Collection Set: 0.8ms
[2025-08-28T13:12:55.426+0000][1087812][info ][gc,phases   ] GC(444)   Other: 0.1ms
[2025-08-28T13:12:55.426+0000][1087812][trace][gc,age      ] GC(444) Age table with threshold 15 (max threshold 15)
[2025-08-28T13:12:55.426+0000][1087812][trace][gc,age      ] GC(444) - age   1:       6032 bytes,       6032 total
[2025-08-28T13:12:55.426+0000][1087812][trace][gc,age      ] GC(444) - age   2:       2720 bytes,       8752 total
[2025-08-28T13:12:55.426+0000][1087812][trace][gc,age      ] GC(444) - age   3:        240 bytes,       8992 total
[2025-08-28T13:12:55.426+0000][1087812][trace][gc,age      ] GC(444) - age   7:        576 bytes,       9568 total
[2025-08-28T13:12:55.426+0000][1087812][trace][gc,age      ] GC(444) - age   8:        608 bytes,      10176 total
[2025-08-28T13:12:55.426+0000][1087812][trace][gc,age      ] GC(444) - age  10:       2568 bytes,      12744 total
[2025-08-28T13:12:55.426+0000][1087812][trace][gc,age      ] GC(444) - age  11:        368 bytes,      13112 total
[2025-08-28T13:12:55.426+0000][1087812][info ][gc,heap     ] GC(444) Eden regions: 75->0(75)
[2025-08-28T13:12:55.426+0000][1087812][info ][gc,heap     ] GC(444) Survivor regions: 1->1(10)
[2025-08-28T13:12:55.426+0000][1087812][info ][gc,heap     ] GC(444) Old regions: 26->26
[2025-08-28T13:12:55.426+0000][1087812][info ][gc,heap     ] GC(444) Humongous regions: 0->0
[2025-08-28T13:12:55.426+0000][1087812][info ][gc,metaspace] GC(444) Metaspace: 141812K(148544K)->141812K(148544K) NonClass: 122957K(127104K)->122957K(127104K) Class: 18854K(21440K)->18854K(21440K)
[2025-08-28T13:12:55.427+0000][1087812][info ][gc          ] GC(444) Pause Young (Normal) (G1 Evacuation Pause) 403M->103M(512M) 4.043ms
[2025-08-28T13:12:55.427+0000][1087812][info ][gc,cpu      ] GC(444) User=0.00s Sys=0.00s Real=0.00s
[2025-08-28T13:12:55.427+0000][1087812][info ][safepoint   ] Safepoint "G1CollectForAllocation", Time since last: 1959868474 ns, Reaching safepoint: 40240 ns, Cleanup: 10376 ns, At safepoint: 4331208 ns, Total: 4381824 ns
[2025-08-28T13:12:57.385+0000][1087812][info ][gc,start    ] GC(445) Pause Young (Normal) (G1 Evacuation Pause)
[2025-08-28T13:12:57.386+0000][1087812][info ][gc,task     ] GC(445) Using 12 workers of 33 for evacuation
[2025-08-28T13:12:57.386+0000][1087812][debug][gc,age      ] GC(445) Desired survivor size 20971520 bytes, new threshold 15 (max threshold 15)
[2025-08-28T13:12:57.389+0000][1087812][info ][gc,phases   ] GC(445)   Pre Evacuate Collection Set: 0.3ms
[2025-08-28T13:12:57.389+0000][1087812][info ][gc,phases   ] GC(445)   Merge Heap Roots: 0.1ms
[2025-08-28T13:12:57.389+0000][1087812][info ][gc,phases   ] GC(445)   Evacuate Collection Set: 2.6ms
[2025-08-28T13:12:57.389+0000][1087812][info ][gc,phases   ] GC(445)   Post Evacuate Collection Set: 0.7ms
[2025-08-28T13:12:57.389+0000][1087812][info ][gc,phases   ] GC(445)   Other: 0.1ms
[2025-08-28T13:12:57.389+0000][1087812][trace][gc,age      ] GC(445) Age table with threshold 15 (max threshold 15)
[2025-08-28T13:12:57.389+0000][1087812][trace][gc,age      ] GC(445) - age   1:     672472 bytes,     672472 total
[2025-08-28T13:12:57.389+0000][1087812][trace][gc,age      ] GC(445) - age   2:        712 bytes,     673184 total
[2025-08-28T13:12:57.389+0000][1087812][trace][gc,age      ] GC(445) - age   3:       2720 bytes,     675904 total
[2025-08-28T13:12:57.389+0000][1087812][trace][gc,age      ] GC(445) - age   4:        240 bytes,     676144 total
[2025-08-28T13:12:57.389+0000][1087812][trace][gc,age      ] GC(445) - age   8:        352 bytes,     676496 total
[2025-08-28T13:12:57.389+0000][1087812][trace][gc,age      ] GC(445) - age   9:        608 bytes,     677104 total
[2025-08-28T13:12:57.389+0000][1087812][trace][gc,age      ] GC(445) - age  11:       2568 bytes,     679672 total
[2025-08-28T13:12:57.389+0000][1087812][trace][gc,age      ] GC(445) - age  12:        368 bytes,     680040 total
[2025-08-28T13:12:57.389+0000][1087812][info ][gc,heap     ] GC(445) Eden regions: 75->0(75)
[2025-08-28T13:12:57.389+0000][1087812][info ][gc,heap     ] GC(445) Survivor regions: 1->1(10)
[2025-08-28T13:12:57.389+0000][1087812][info ][gc,heap     ] GC(445) Old regions: 26->26
[2025-08-28T13:12:57.389+0000][1087812][info ][gc,heap     ] GC(445) Humongous regions: 0->0
[2025-08-28T13:12:57.389+0000][1087812][info ][gc,metaspace] GC(445) Metaspace: 141812K(148544K)->141812K(148544K) NonClass: 122957K(127104K)->122957K(127104K) Class: 18854K(21440K)->18854K(21440K)
[2025-08-28T13:12:57.389+0000][1087812][info ][gc          ] GC(445) Pause Young (Normal) (G1 Evacuation Pause) 403M->104M(512M) 3.931ms
[2025-08-28T13:12:57.389+0000][1087812][info ][gc,cpu      ] GC(445) User=0.00s Sys=0.00s Real=0.00s
[2025-08-28T13:12:57.389+0000][1087812][info ][safepoint   ] Safepoint "G1CollectForAllocation", Time since last: 1958635078 ns, Reaching safepoint: 39930 ns, Cleanup: 10295 ns, At safepoint: 4143426 ns, Total: 4193651 ns
[2025-08-28T13:12:59.558+0000][1087812][info ][gc,start    ] GC(446) Pause Young (Normal) (G1 Evacuation Pause)
[2025-08-28T13:12:59.558+0000][1087812][info ][gc,task     ] GC(446) Using 12 workers of 33 for evacuation
[2025-08-28T13:12:59.558+0000][1087812][debug][gc,age      ] GC(446) Desired survivor size 20971520 bytes, new threshold 15 (max threshold 15)
[2025-08-28T13:12:59.560+0000][1087812][info ][gc,phases   ] GC(446)   Pre Evacuate Collection Set: 0.3ms
[2025-08-28T13:12:59.560+0000][1087812][info ][gc,phases   ] GC(446)   Merge Heap Roots: 0.1ms
[2025-08-28T13:12:59.560+0000][1087812][info ][gc,phases   ] GC(446)   Evacuate Collection Set: 1.2ms
[2025-08-28T13:12:59.560+0000][1087812][info ][gc,phases   ] GC(446)   Post Evacuate Collection Set: 0.6ms
[2025-08-28T13:12:59.560+0000][1087812][info ][gc,phases   ] GC(446)   Other: 0.1ms
[2025-08-28T13:12:59.560+0000][1087812][trace][gc,age      ] GC(446) Age table with threshold 15 (max threshold 15)
[2025-08-28T13:12:59.560+0000][1087812][trace][gc,age      ] GC(446) - age   1:     623352 bytes,     623352 total
[2025-08-28T13:12:59.560+0000][1087812][trace][gc,age      ] GC(446) - age   2:        272 bytes,     623624 total
[2025-08-28T13:12:59.560+0000][1087812][trace][gc,age      ] GC(446) - age   3:        536 bytes,     624160 total
[2025-08-28T13:12:59.560+0000][1087812][trace][gc,age      ] GC(446) - age   4:       2720 bytes,     626880 total
[2025-08-28T13:12:59.560+0000][1087812][trace][gc,age      ] GC(446) - age   5:        240 bytes,     627120 total
[2025-08-28T13:12:59.560+0000][1087812][trace][gc,age      ] GC(446) - age   9:        352 bytes,     627472 total
[2025-08-28T13:12:59.560+0000][1087812][trace][gc,age      ] GC(446) - age  10:        608 bytes,     628080 total
[2025-08-28T13:12:59.560+0000][1087812][trace][gc,age      ] GC(446) - age  12:       2568 bytes,     630648 total
[2025-08-28T13:12:59.560+0000][1087812][trace][gc,age      ] GC(446) - age  13:        368 bytes,     631016 total
[2025-08-28T13:12:59.560+0000][1087812][info ][gc,heap     ] GC(446) Eden regions: 75->0(75)
[2025-08-28T13:12:59.560+0000][1087812][info ][gc,heap     ] GC(446) Survivor regions: 1->1(10)
[2025-08-28T13:12:59.560+0000][1087812][info ][gc,heap     ] GC(446) Old regions: 26->26
[2025-08-28T13:12:59.560+0000][1087812][info ][gc,heap     ] GC(446) Humongous regions: 0->0
[2025-08-28T13:12:59.560+0000][1087812][info ][gc,metaspace] GC(446) Metaspace: 141812K(148544K)->141812K(148544K) NonClass: 122957K(127104K)->122957K(127104K) Class: 18854K(21440K)->18854K(21440K)
[2025-08-28T13:12:59.560+0000][1087812][info ][gc          ] GC(446) Pause Young (Normal) (G1 Evacuation Pause) 404M->104M(512M) 2.403ms
[2025-08-28T13:12:59.560+0000][1087812][info ][gc,cpu      ] GC(446) User=0.01s Sys=0.00s Real=0.00s
[2025-08-28T13:12:59.560+0000][1087812][info ][safepoint   ] Safepoint "G1CollectForAllocation", Time since last: 2167964445 ns, Reaching safepoint: 24987 ns, Cleanup: 4507 ns, At safepoint: 2669087 ns, Total: 2698581 ns
[2025-08-28T13:13:01.529+0000][1087812][info ][gc,start    ] GC(447) Pause Young (Normal) (G1 Evacuation Pause)
[2025-08-28T13:13:01.529+0000][1087812][info ][gc,task     ] GC(447) Using 12 workers of 33 for evacuation
[2025-08-28T13:13:01.529+0000][1087812][debug][gc,age      ] GC(447) Desired survivor size 20971520 bytes, new threshold 15 (max threshold 15)
[2025-08-28T13:13:01.531+0000][1087812][info ][gc,phases   ] GC(447)   Pre Evacuate Collection Set: 0.2ms
[2025-08-28T13:13:01.531+0000][1087812][info ][gc,phases   ] GC(447)   Merge Heap Roots: 0.1ms
[2025-08-28T13:13:01.531+0000][1087812][info ][gc,phases   ] GC(447)   Evacuate Collection Set: 0.9ms
[2025-08-28T13:13:01.531+0000][1087812][info ][gc,phases   ] GC(447)   Post Evacuate Collection Set: 0.5ms
[2025-08-28T13:13:01.531+0000][1087812][info ][gc,phases   ] GC(447)   Other: 0.1ms
[2025-08-28T13:13:01.531+0000][1087812][trace][gc,age      ] GC(447) Age table with threshold 15 (max threshold 15)
[2025-08-28T13:13:01.531+0000][1087812][trace][gc,age      ] GC(447) - age   1:      55712 bytes,      55712 total
[2025-08-28T13:13:01.531+0000][1087812][trace][gc,age      ] GC(447) - age   2:        176 bytes,      55888 total
[2025-08-28T13:13:01.531+0000][1087812][trace][gc,age      ] GC(447) - age   3:        272 bytes,      56160 total
[2025-08-28T13:13:01.531+0000][1087812][trace][gc,age      ] GC(447) - age   5:       2688 bytes,      58848 total
[2025-08-28T13:13:01.531+0000][1087812][trace][gc,age      ] GC(447) - age  10:        352 bytes,      59200 total
[2025-08-28T13:13:01.531+0000][1087812][trace][gc,age      ] GC(447) - age  11:        608 bytes,      59808 total
[2025-08-28T13:13:01.531+0000][1087812][trace][gc,age      ] GC(447) - age  13:       2568 bytes,      62376 total
[2025-08-28T13:13:01.531+0000][1087812][trace][gc,age      ] GC(447) - age  14:        368 bytes,      62744 total
[2025-08-28T13:13:01.531+0000][1087812][info ][gc,heap     ] GC(447) Eden regions: 75->0(75)
[2025-08-28T13:13:01.531+0000][1087812][info ][gc,heap     ] GC(447) Survivor regions: 1->1(10)
[2025-08-28T13:13:01.531+0000][1087812][info ][gc,heap     ] GC(447) Old regions: 26->26
[2025-08-28T13:13:01.531+0000][1087812][info ][gc,heap     ] GC(447) Humongous regions: 0->0
[2025-08-28T13:13:01.531+0000][1087812][info ][gc,metaspace] GC(447) Metaspace: 141812K(148544K)->141812K(148544K) NonClass: 122957K(127104K)->122957K(127104K) Class: 18854K(21440K)->18854K(21440K)
[2025-08-28T13:13:01.531+0000][1087812][info ][gc          ] GC(447) Pause Young (Normal) (G1 Evacuation Pause) 404M->103M(512M) 1.992ms
[2025-08-28T13:13:01.531+0000][1087812][info ][gc,cpu      ] GC(447) User=0.01s Sys=0.00s Real=0.01s
[2025-08-28T13:13:01.531+0000][1087812][info ][safepoint   ] Safepoint "G1CollectForAllocation", Time since last: 1968795048 ns, Reaching safepoint: 23305 ns, Cleanup: 4367 ns, At safepoint: 2211418 ns, Total: 2239090 ns
[2025-08-28T13:13:03.492+0000][1087812][info ][gc,start    ] GC(448) Pause Young (Normal) (G1 Evacuation Pause)
[2025-08-28T13:13:03.492+0000][1087812][info ][gc,task     ] GC(448) Using 12 workers of 33 for evacuation
[2025-08-28T13:13:03.492+0000][1087812][debug][gc,age      ] GC(448) Desired survivor size 20971520 bytes, new threshold 15 (max threshold 15)
[2025-08-28T13:13:03.495+0000][1087812][info ][gc,phases   ] GC(448)   Pre Evacuate Collection Set: 0.2ms
[2025-08-28T13:13:03.495+0000][1087812][info ][gc,phases   ] GC(448)   Merge Heap Roots: 0.1ms
[2025-08-28T13:13:03.495+0000][1087812][info ][gc,phases   ] GC(448)   Evacuate Collection Set: 2.1ms
[2025-08-28T13:13:03.495+0000][1087812][info ][gc,phases   ] GC(448)   Post Evacuate Collection Set: 0.6ms
[2025-08-28T13:13:03.495+0000][1087812][info ][gc,phases   ] GC(448)   Other: 0.1ms
[2025-08-28T13:13:03.495+0000][1087812][trace][gc,age      ] GC(448) Age table with threshold 15 (max threshold 15)
[2025-08-28T13:13:03.495+0000][1087812][trace][gc,age      ] GC(448) - age   1:     655640 bytes,     655640 total
[2025-08-28T13:13:03.495+0000][1087812][trace][gc,age      ] GC(448) - age   2:        808 bytes,     656448 total
[2025-08-28T13:13:03.495+0000][1087812][trace][gc,age      ] GC(448) - age   3:        176 bytes,     656624 total
[2025-08-28T13:13:03.495+0000][1087812][trace][gc,age      ] GC(448) - age   4:        272 bytes,     656896 total
[2025-08-28T13:13:03.495+0000][1087812][trace][gc,age      ] GC(448) - age   6:       2656 bytes,     659552 total
[2025-08-28T13:13:03.495+0000][1087812][trace][gc,age      ] GC(448) - age  11:        352 bytes,     659904 total
[2025-08-28T13:13:03.495+0000][1087812][trace][gc,age      ] GC(448) - age  12:        608 bytes,     660512 total
[2025-08-28T13:13:03.495+0000][1087812][trace][gc,age      ] GC(448) - age  14:       2568 bytes,     663080 total
[2025-08-28T13:13:03.495+0000][1087812][info ][gc,heap     ] GC(448) Eden regions: 75->0(75)
[2025-08-28T13:13:03.495+0000][1087812][info ][gc,heap     ] GC(448) Survivor regions: 1->1(10)
[2025-08-28T13:13:03.495+0000][1087812][info ][gc,heap     ] GC(448) Old regions: 26->26
[2025-08-28T13:13:03.495+0000][1087812][info ][gc,heap     ] GC(448) Humongous regions: 0->0
[2025-08-28T13:13:03.495+0000][1087812][info ][gc,metaspace] GC(448) Metaspace: 141812K(148544K)->141812K(148544K) NonClass: 122957K(127104K)->122957K(127104K) Class: 18854K(21440K)->18854K(21440K)
[2025-08-28T13:13:03.495+0000][1087812][info ][gc          ] GC(448) Pause Young (Normal) (G1 Evacuation Pause) 403M->104M(512M) 3.300ms
[2025-08-28T13:13:03.495+0000][1087812][info ][gc,cpu      ] GC(448) User=0.00s Sys=0.00s Real=0.00s
[2025-08-28T13:13:03.495+0000][1087812][info ][safepoint   ] Safepoint "G1CollectForAllocation", Time since last: 1960686825 ns, Reaching safepoint: 39700 ns, Cleanup: 10736 ns, At safepoint: 3516272 ns, Total: 3566708 ns
[2025-08-28T13:13:05.454+0000][1087812][info ][gc,start    ] GC(449) Pause Young (Normal) (G1 Evacuation Pause)
[2025-08-28T13:13:05.454+0000][1087812][info ][gc,task     ] GC(449) Using 12 workers of 33 for evacuation
[2025-08-28T13:13:05.454+0000][1087812][debug][gc,age      ] GC(449) Desired survivor size 20971520 bytes, new threshold 15 (max threshold 15)
[2025-08-28T13:13:05.457+0000][1087812][info ][gc,phases   ] GC(449)   Pre Evacuate Collection Set: 0.2ms
[2025-08-28T13:13:05.457+0000][1087812][info ][gc,phases   ] GC(449)   Merge Heap Roots: 0.1ms
[2025-08-28T13:13:05.457+0000][1087812][info ][gc,phases   ] GC(449)   Evacuate Collection Set: 2.0ms
[2025-08-28T13:13:05.457+0000][1087812][info ][gc,phases   ] GC(449)   Post Evacuate Collection Set: 0.5ms
[2025-08-28T13:13:05.457+0000][1087812][info ][gc,phases   ] GC(449)   Other: 0.1ms
[2025-08-28T13:13:05.457+0000][1087812][trace][gc,age      ] GC(449) Age table with threshold 15 (max threshold 15)
[2025-08-28T13:13:05.457+0000][1087812][trace][gc,age      ] GC(449) - age   1:       6112 bytes,       6112 total
[2025-08-28T13:13:05.457+0000][1087812][trace][gc,age      ] GC(449) - age   2:        400 bytes,       6512 total
[2025-08-28T13:13:05.457+0000][1087812][trace][gc,age      ] GC(449) - age   3:        272 bytes,       6784 total
[2025-08-28T13:13:05.457+0000][1087812][trace][gc,age      ] GC(449) - age   5:        272 bytes,       7056 total
[2025-08-28T13:13:05.457+0000][1087812][trace][gc,age      ] GC(449) - age   7:       2656 bytes,       9712 total
[2025-08-28T13:13:05.457+0000][1087812][trace][gc,age      ] GC(449) - age  12:        352 bytes,      10064 total
[2025-08-28T13:13:05.457+0000][1087812][trace][gc,age      ] GC(449) - age  13:        608 bytes,      10672 total
[2025-08-28T13:13:05.457+0000][1087812][trace][gc,age      ] GC(449) - age  15:       2568 bytes,      13240 total
[2025-08-28T13:13:05.457+0000][1087812][info ][gc,heap     ] GC(449) Eden regions: 75->0(75)
[2025-08-28T13:13:05.457+0000][1087812][info ][gc,heap     ] GC(449) Survivor regions: 1->1(10)
[2025-08-28T13:13:05.457+0000][1087812][info ][gc,heap     ] GC(449) Old regions: 26->26
[2025-08-28T13:13:05.457+0000][1087812][info ][gc,heap     ] GC(449) Humongous regions: 0->0
[2025-08-28T13:13:05.457+0000][1087812][info ][gc,metaspace] GC(449) Metaspace: 141812K(148544K)->141812K(148544K) NonClass: 122957K(127104K)->122957K(127104K) Class: 18854K(21440K)->18854K(21440K)
[2025-08-28T13:13:05.457+0000][1087812][info ][gc          ] GC(449) Pause Young (Normal) (G1 Evacuation Pause) 404M->103M(512M) 3.005ms
[2025-08-28T13:13:05.457+0000][1087812][info ][gc,cpu      ] GC(449) User=0.01s Sys=0.00s Real=0.00s
[2025-08-28T13:13:05.457+0000][1087812][info ][safepoint   ] Safepoint "G1CollectForAllocation", Time since last: 1958446093 ns, Reaching safepoint: 32830 ns, Cleanup: 8312 ns, At safepoint: 3170462 ns, Total: 3211604 ns
[2025-08-28T13:13:07.653+0000][1087812][info ][gc,start    ] GC(450) Pause Young (Normal) (G1 Evacuation Pause)
[2025-08-28T13:13:07.653+0000][1087812][info ][gc,task     ] GC(450) Using 12 workers of 33 for evacuation
[2025-08-28T13:13:07.653+0000][1087812][debug][gc,age      ] GC(450) Desired survivor size 20971520 bytes, new threshold 15 (max threshold 15)
[2025-08-28T13:13:07.655+0000][1087812][info ][gc,phases   ] GC(450)   Pre Evacuate Collection Set: 0.2ms
[2025-08-28T13:13:07.655+0000][1087812][info ][gc,phases   ] GC(450)   Merge Heap Roots: 0.1ms
[2025-08-28T13:13:07.655+0000][1087812][info ][gc,phases   ] GC(450)   Evacuate Collection Set: 1.3ms
[2025-08-28T13:13:07.655+0000][1087812][info ][gc,phases   ] GC(450)   Post Evacuate Collection Set: 0.6ms
[2025-08-28T13:13:07.655+0000][1087812][info ][gc,phases   ] GC(450)   Other: 0.1ms
[2025-08-28T13:13:07.655+0000][1087812][trace][gc,age      ] GC(450) Age table with threshold 15 (max threshold 15)
[2025-08-28T13:13:07.655+0000][1087812][trace][gc,age      ] GC(450) - age   1:     657264 bytes,     657264 total
[2025-08-28T13:13:07.655+0000][1087812][trace][gc,age      ] GC(450) - age   2:        792 bytes,     658056 total
[2025-08-28T13:13:07.655+0000][1087812][trace][gc,age      ] GC(450) - age   3:        400 bytes,     658456 total
[2025-08-28T13:13:07.655+0000][1087812][trace][gc,age      ] GC(450) - age   4:        272 bytes,     658728 total
[2025-08-28T13:13:07.655+0000][1087812][trace][gc,age      ] GC(450) - age   6:        224 bytes,     658952 total
[2025-08-28T13:13:07.655+0000][1087812][trace][gc,age      ] GC(450) - age   8:       2656 bytes,     661608 total
[2025-08-28T13:13:07.655+0000][1087812][trace][gc,age      ] GC(450) - age  13:        352 bytes,     661960 total
[2025-08-28T13:13:07.655+0000][1087812][trace][gc,age      ] GC(450) - age  14:        608 bytes,     662568 total
[2025-08-28T13:13:07.655+0000][1087812][info ][gc,heap     ] GC(450) Eden regions: 75->0(75)
[2025-08-28T13:13:07.655+0000][1087812][info ][gc,heap     ] GC(450) Survivor regions: 1->1(10)
[2025-08-28T13:13:07.655+0000][1087812][info ][gc,heap     ] GC(450) Old regions: 26->26
[2025-08-28T13:13:07.655+0000][1087812][info ][gc,heap     ] GC(450) Humongous regions: 0->0
[2025-08-28T13:13:07.655+0000][1087812][info ][gc,metaspace] GC(450) Metaspace: 141812K(148544K)->141812K(148544K) NonClass: 122957K(127104K)->122957K(127104K) Class: 18854K(21440K)->18854K(21440K)
[2025-08-28T13:13:07.655+0000][1087812][info ][gc          ] GC(450) Pause Young (Normal) (G1 Evacuation Pause) 403M->104M(512M) 2.470ms
[2025-08-28T13:13:07.655+0000][1087812][info ][gc,cpu      ] GC(450) User=0.00s Sys=0.00s Real=0.00s
[2025-08-28T13:13:07.655+0000][1087812][info ][safepoint   ] Safepoint "G1CollectForAllocation", Time since last: 2195406043 ns, Reaching safepoint: 39429 ns, Cleanup: 10346 ns, At safepoint: 2768416 ns, Total: 2818191 ns
[2025-08-28T13:13:09.627+0000][1087812][info ][gc,start    ] GC(451) Pause Young (Normal) (G1 Evacuation Pause)
[2025-08-28T13:13:09.627+0000][1087812][info ][gc,task     ] GC(451) Using 12 workers of 33 for evacuation
[2025-08-28T13:13:09.627+0000][1087812][debug][gc,age      ] GC(451) Desired survivor size 20971520 bytes, new threshold 15 (max threshold 15)
[2025-08-28T13:13:09.629+0000][1087812][info ][gc,phases   ] GC(451)   Pre Evacuate Collection Set: 0.2ms
[2025-08-28T13:13:09.629+0000][1087812][info ][gc,phases   ] GC(451)   Merge Heap Roots: 0.1ms
[2025-08-28T13:13:09.629+0000][1087812][info ][gc,phases   ] GC(451)   Evacuate Collection Set: 1.0ms
[2025-08-28T13:13:09.629+0000][1087812][info ][gc,phases   ] GC(451)   Post Evacuate Collection Set: 0.5ms
[2025-08-28T13:13:09.629+0000][1087812][info ][gc,phases   ] GC(451)   Other: 0.1ms
[2025-08-28T13:13:09.629+0000][1087812][trace][gc,age      ] GC(451) Age table with threshold 15 (max threshold 15)
[2025-08-28T13:13:09.629+0000][1087812][trace][gc,age      ] GC(451) - age   1:     154456 bytes,     154456 total
[2025-08-28T13:13:09.629+0000][1087812][trace][gc,age      ] GC(451) - age   2:       2024 bytes,     156480 total
[2025-08-28T13:13:09.629+0000][1087812][trace][gc,age      ] GC(451) - age   3:        616 bytes,     157096 total
[2025-08-28T13:13:09.629+0000][1087812][trace][gc,age      ] GC(451) - age   4:        400 bytes,     157496 total
[2025-08-28T13:13:09.629+0000][1087812][trace][gc,age      ] GC(451) - age   5:        272 bytes,     157768 total
[2025-08-28T13:13:09.629+0000][1087812][trace][gc,age      ] GC(451) - age   9:       2656 bytes,     160424 total
[2025-08-28T13:13:09.629+0000][1087812][trace][gc,age      ] GC(451) - age  14:        352 bytes,     160776 total
[2025-08-28T13:13:09.629+0000][1087812][trace][gc,age      ] GC(451) - age  15:        432 bytes,     161208 total
[2025-08-28T13:13:09.629+0000][1087812][info ][gc,heap     ] GC(451) Eden regions: 75->0(75)
[2025-08-28T13:13:09.629+0000][1087812][info ][gc,heap     ] GC(451) Survivor regions: 1->1(10)
[2025-08-28T13:13:09.629+0000][1087812][info ][gc,heap     ] GC(451) Old regions: 26->26
[2025-08-28T13:13:09.629+0000][1087812][info ][gc,heap     ] GC(451) Humongous regions: 0->0
[2025-08-28T13:13:09.629+0000][1087812][info ][gc,metaspace] GC(451) Metaspace: 141812K(148544K)->141812K(148544K) NonClass: 122957K(127104K)->122957K(127104K) Class: 18854K(21440K)->18854K(21440K)
[2025-08-28T13:13:09.629+0000][1087812][info ][gc          ] GC(451) Pause Young (Normal) (G1 Evacuation Pause) 404M->103M(512M) 1.936ms
[2025-08-28T13:13:09.629+0000][1087812][info ][gc,cpu      ] GC(451) User=0.00s Sys=0.00s Real=0.00s
[2025-08-28T13:13:09.629+0000][1087812][info ][safepoint   ] Safepoint "G1CollectForAllocation", Time since last: 1971854563 ns, Reaching safepoint: 23075 ns, Cleanup: 4547 ns, At safepoint: 2134422 ns, Total: 2162044 ns
[2025-08-28T13:13:10.939+0000][1087812][info ][safepoint   ] Safepoint "Cleanup", Time since last: 1309215033 ns, Reaching safepoint: 30135 ns, Cleanup: 39450 ns, At safepoint: 2924 ns, Total: 72509 ns
[2025-08-28T13:13:14.939+0000][1087812][info ][safepoint   ] Safepoint "Cleanup", Time since last: 4000329468 ns, Reaching safepoint: 23976 ns, Cleanup: 26931 ns, At safepoint: 2814 ns, Total: 53721 ns
[2025-08-28T13:13:17.939+0000][1087812][info ][safepoint   ] Safepoint "Cleanup", Time since last: 3000255246 ns, Reaching safepoint: 23535 ns, Cleanup: 11908 ns, At safepoint: 3155 ns, Total: 38598 ns
[2025-08-28T13:13:19.362+0000][1087812][info ][safepoint   ] Safepoint "Cleanup", Time since last: 1423054679 ns, Reaching safepoint: 24758 ns, Cleanup: 62664 ns, At safepoint: 3295 ns, Total: 90717 ns
[2025-08-28T13:13:21.363+0000][1087812][info ][safepoint   ] Safepoint "Cleanup", Time since last: 2000163467 ns, Reaching safepoint: 68814 ns, Cleanup: 22533 ns, At safepoint: 3396 ns, Total: 94743 ns
[2025-08-28T13:13:23.363+0000][1087812][info ][safepoint   ] Safepoint "Cleanup", Time since last: 2000189556 ns, Reaching safepoint: 23465 ns, Cleanup: 15804 ns, At safepoint: 3045 ns, Total: 42314 ns
[2025-08-28T13:13:32.364+0000][1087812][info ][safepoint   ] Safepoint "Cleanup", Time since last: 9000665406 ns, Reaching safepoint: 23385 ns, Cleanup: 12158 ns, At safepoint: 3015 ns, Total: 38558 ns
[2025-08-28T13:13:40.898+0000][1087812][info ][safepoint   ] Safepoint "Cleanup", Time since last: 8534036407 ns, Reaching safepoint: 21383 ns, Cleanup: 12378 ns, At safepoint: 3095 ns, Total: 36856 ns
[2025-08-28T13:13:48.898+0000][1087812][info ][safepoint   ] Safepoint "Cleanup", Time since last: 8000605608 ns, Reaching safepoint: 23745 ns, Cleanup: 11478 ns, At safepoint: 2974 ns, Total: 38197 ns
[2025-08-28T13:13:52.899+0000][1087812][info ][safepoint   ] Safepoint "Cleanup", Time since last: 4000317101 ns, Reaching safepoint: 62694 ns, Cleanup: 13821 ns, At safepoint: 3135 ns, Total: 79650 ns
[2025-08-28T13:13:55.899+0000][1087812][info ][safepoint   ] Safepoint "Cleanup", Time since last: 3000258003 ns, Reaching safepoint: 22714 ns, Cleanup: 10716 ns, At safepoint: 2954 ns, Total: 36384 ns
[2025-08-28T13:14:00.899+0000][1087812][info ][safepoint   ] Safepoint "Cleanup", Time since last: 5000401342 ns, Reaching safepoint: 23235 ns, Cleanup: 10887 ns, At safepoint: 3134 ns, Total: 37256 ns
[2025-08-28T13:14:03.900+0000][1087812][info ][safepoint   ] Safepoint "Cleanup", Time since last: 3000257054 ns, Reaching safepoint: 22674 ns, Cleanup: 10877 ns, At safepoint: 3044 ns, Total: 36595 ns
[2025-08-28T13:14:22.901+0000][1087812][info ][safepoint   ] Safepoint "Cleanup", Time since last: 19001369595 ns, Reaching safepoint: 23606 ns, Cleanup: 11467 ns, At safepoint: 3074 ns, Total: 38147 ns
[2025-08-28T13:14:24.901+0000][1087812][info ][safepoint   ] Safepoint "Cleanup", Time since last: 2000189891 ns, Reaching safepoint: 63736 ns, Cleanup: 11598 ns, At safepoint: 5298 ns, Total: 80632 ns
[2025-08-28T13:14:40.903+0000][1087812][info ][safepoint   ] Safepoint "Cleanup", Time since last: 16001098966 ns, Reaching safepoint: 25559 ns, Cleanup: 11627 ns, At safepoint: 3135 ns, Total: 40321 ns
[2025-08-28T13:14:52.904+0000][1087812][info ][safepoint   ] Safepoint "Cleanup", Time since last: 12000908298 ns, Reaching safepoint: 20431 ns, Cleanup: 20100 ns, At safepoint: 2964 ns, Total: 43495 ns
[2025-08-28T13:15:22.906+0000][1087812][info ][safepoint   ] Safepoint "Cleanup", Time since last: 30002050908 ns, Reaching safepoint: 21162 ns, Cleanup: 11047 ns, At safepoint: 2884 ns, Total: 35093 ns
[2025-08-28T13:15:39.931+0000][1087812][info ][safepoint   ] Safepoint "Cleanup", Time since last: 17025027972 ns, Reaching safepoint: 21412 ns, Cleanup: 19339 ns, At safepoint: 2985 ns, Total: 43736 ns
[2025-08-28T13:15:40.931+0000][1087812][info ][safepoint   ] Safepoint "Cleanup", Time since last: 1000123166 ns, Reaching safepoint: 20440 ns, Cleanup: 11137 ns, At safepoint: 2884 ns, Total: 34461 ns
[2025-08-28T13:15:52.932+0000][1087812][info ][safepoint   ] Safepoint "Cleanup", Time since last: 12000919970 ns, Reaching safepoint: 20741 ns, Cleanup: 12278 ns, At safepoint: 2835 ns, Total: 35854 ns
[2025-08-28T13:16:04.933+0000][1087812][info ][safepoint   ] Safepoint "Cleanup", Time since last: 12000957789 ns, Reaching safepoint: 54482 ns, Cleanup: 11167 ns, At safepoint: 2894 ns, Total: 68543 ns
[2025-08-28T13:16:50.949+0000][1087812][info ][safepoint   ] Safepoint "Cleanup", Time since last: 46015948745 ns, Reaching safepoint: 21002 ns, Cleanup: 10926 ns, At safepoint: 2814 ns, Total: 34742 ns
[2025-08-28T13:18:21.955+0000][1087812][info ][safepoint   ] Safepoint "Cleanup", Time since last: 91006180082 ns, Reaching safepoint: 54802 ns, Cleanup: 10737 ns, At safepoint: 2984 ns, Total: 68523 ns
[2025-08-28T13:18:31.956+0000][1087812][info ][safepoint   ] Safepoint "Cleanup", Time since last: 10001047601 ns, Reaching safepoint: 54382 ns, Cleanup: 10315 ns, At safepoint: 5358 ns, Total: 70055 ns
[2025-08-28T13:19:33.986+0000][1087812][info ][safepoint   ] Safepoint "Cleanup", Time since last: 62029263307 ns, Reaching safepoint: 54622 ns, Cleanup: 12388 ns, At safepoint: 2684 ns, Total: 69694 ns
[2025-08-28T13:19:34.986+0000][1087812][info ][safepoint   ] Safepoint "Cleanup", Time since last: 1000097201 ns, Reaching safepoint: 19770 ns, Cleanup: 12318 ns, At safepoint: 2514 ns, Total: 34602 ns
[2025-08-28T13:19:52.987+0000][1087812][info ][safepoint   ] Safepoint "Cleanup", Time since last: 18001248569 ns, Reaching safepoint: 79089 ns, Cleanup: 10456 ns, At safepoint: 2884 ns, Total: 92429 ns
[2025-08-28T13:20:18.989+0000][1087812][info ][safepoint   ] Safepoint "Cleanup", Time since last: 26001840570 ns, Reaching safepoint: 78599 ns, Cleanup: 12889 ns, At safepoint: 2904 ns, Total: 94392 ns
[2025-08-28T13:20:39.500+0000][1087812][info ][gc,start    ] GC(452) Pause Young (Normal) (G1 Evacuation Pause)
[2025-08-28T13:20:39.500+0000][1087812][info ][gc,task     ] GC(452) Using 12 workers of 33 for evacuation
[2025-08-28T13:20:39.500+0000][1087812][debug][gc,age      ] GC(452) Desired survivor size 20971520 bytes, new threshold 15 (max threshold 15)
[2025-08-28T13:20:39.501+0000][1087812][info ][gc,phases   ] GC(452)   Pre Evacuate Collection Set: 0.2ms
[2025-08-28T13:20:39.502+0000][1087812][info ][gc,phases   ] GC(452)   Merge Heap Roots: 0.1ms
[2025-08-28T13:20:39.502+0000][1087812][info ][gc,phases   ] GC(452)   Evacuate Collection Set: 0.8ms
[2025-08-28T13:20:39.502+0000][1087812][info ][gc,phases   ] GC(452)   Post Evacuate Collection Set: 0.5ms
[2025-08-28T13:20:39.502+0000][1087812][info ][gc,phases   ] GC(452)   Other: 0.1ms
[2025-08-28T13:20:39.502+0000][1087812][trace][gc,age      ] GC(452) Age table with threshold 15 (max threshold 15)
[2025-08-28T13:20:39.502+0000][1087812][trace][gc,age      ] GC(452) - age   1:     736824 bytes,     736824 total
[2025-08-28T13:20:39.502+0000][1087812][trace][gc,age      ] GC(452) - age   2:        224 bytes,     737048 total
[2025-08-28T13:20:39.502+0000][1087812][trace][gc,age      ] GC(452) - age   3:         48 bytes,     737096 total
[2025-08-28T13:20:39.502+0000][1087812][trace][gc,age      ] GC(452) - age   4:         80 bytes,     737176 total
[2025-08-28T13:20:39.502+0000][1087812][trace][gc,age      ] GC(452) - age  10:         96 bytes,     737272 total
[2025-08-28T13:20:39.502+0000][1087812][info ][gc,heap     ] GC(452) Eden regions: 75->0(75)
[2025-08-28T13:20:39.502+0000][1087812][info ][gc,heap     ] GC(452) Survivor regions: 1->1(10)
[2025-08-28T13:20:39.502+0000][1087812][info ][gc,heap     ] GC(452) Old regions: 26->26
[2025-08-28T13:20:39.502+0000][1087812][info ][gc,heap     ] GC(452) Humongous regions: 0->0
[2025-08-28T13:20:39.502+0000][1087812][info ][gc,metaspace] GC(452) Metaspace: 142052K(148608K)->142052K(148608K) NonClass: 123170K(127168K)->123170K(127168K) Class: 18882K(21440K)->18882K(21440K)
[2025-08-28T13:20:39.502+0000][1087812][info ][gc          ] GC(452) Pause Young (Normal) (G1 Evacuation Pause) 403M->104M(512M) 1.804ms
[2025-08-28T13:20:39.502+0000][1087812][info ][gc,cpu      ] GC(452) User=0.01s Sys=0.00s Real=0.01s
[2025-08-28T13:20:39.502+0000][1087812][info ][safepoint   ] Safepoint "G1CollectForAllocation", Time since last: 20510757307 ns, Reaching safepoint: 41422 ns, Cleanup: 4457 ns, At safepoint: 2018149 ns, Total: 2064028 ns
[2025-08-28T13:20:40.502+0000][1087812][info ][safepoint   ] Safepoint "Cleanup", Time since last: 1000102382 ns, Reaching safepoint: 62213 ns, Cleanup: 18888 ns, At safepoint: 6490 ns, Total: 87591 ns
[2025-08-28T13:21:14.504+0000][1087812][info ][safepoint   ] Safepoint "Cleanup", Time since last: 34002290354 ns, Reaching safepoint: 66480 ns, Cleanup: 18718 ns, At safepoint: 3706 ns, Total: 88904 ns
[2025-08-28T13:23:16.161+0000][1087812][info ][gc,start    ] GC(453) Pause Young (Normal) (G1 Evacuation Pause)
[2025-08-28T13:23:16.161+0000][1087812][info ][gc,task     ] GC(453) Using 12 workers of 33 for evacuation
[2025-08-28T13:23:16.161+0000][1087812][debug][gc,age      ] GC(453) Desired survivor size 20971520 bytes, new threshold 15 (max threshold 15)
[2025-08-28T13:23:16.165+0000][1087812][info ][gc,phases   ] GC(453)   Pre Evacuate Collection Set: 0.2ms
[2025-08-28T13:23:16.165+0000][1087812][info ][gc,phases   ] GC(453)   Merge Heap Roots: 0.1ms
[2025-08-28T13:23:16.165+0000][1087812][info ][gc,phases   ] GC(453)   Evacuate Collection Set: 2.4ms
[2025-08-28T13:23:16.165+0000][1087812][info ][gc,phases   ] GC(453)   Post Evacuate Collection Set: 0.6ms
[2025-08-28T13:23:16.165+0000][1087812][info ][gc,phases   ] GC(453)   Other: 0.1ms
[2025-08-28T13:23:16.165+0000][1087812][trace][gc,age      ] GC(453) Age table with threshold 15 (max threshold 15)
[2025-08-28T13:23:16.165+0000][1087812][trace][gc,age      ] GC(453) - age   1:   37706832 bytes,   37706832 total
[2025-08-28T13:23:16.165+0000][1087812][trace][gc,age      ] GC(453) - age   2:     705504 bytes,   38412336 total
[2025-08-28T13:23:16.165+0000][1087812][trace][gc,age      ] GC(453) - age   3:        224 bytes,   38412560 total
[2025-08-28T13:23:16.165+0000][1087812][trace][gc,age      ] GC(453) - age   4:         48 bytes,   38412608 total
[2025-08-28T13:23:16.165+0000][1087812][trace][gc,age      ] GC(453) - age   5:         80 bytes,   38412688 total
[2025-08-28T13:23:16.165+0000][1087812][trace][gc,age      ] GC(453) - age  11:         96 bytes,   38412784 total
[2025-08-28T13:23:16.165+0000][1087812][info ][gc,heap     ] GC(453) Eden regions: 75->0(66)
[2025-08-28T13:23:16.165+0000][1087812][info ][gc,heap     ] GC(453) Survivor regions: 1->10(10)
[2025-08-28T13:23:16.165+0000][1087812][info ][gc,heap     ] GC(453) Old regions: 26->26
[2025-08-28T13:23:16.165+0000][1087812][info ][gc,heap     ] GC(453) Humongous regions: 0->0
[2025-08-28T13:23:16.165+0000][1087812][info ][gc,metaspace] GC(453) Metaspace: 142133K(148608K)->142133K(148608K) NonClass: 123250K(127168K)->123250K(127168K) Class: 18882K(21440K)->18882K(21440K)
[2025-08-28T13:23:16.165+0000][1087812][info ][gc          ] GC(453) Pause Young (Normal) (G1 Evacuation Pause) 404M->142M(512M) 3.853ms
[2025-08-28T13:23:16.165+0000][1087812][info ][gc,cpu      ] GC(453) User=0.02s Sys=0.01s Real=0.00s
[2025-08-28T13:23:16.165+0000][1087812][info ][safepoint   ] Safepoint "G1CollectForAllocation", Time since last: 121656178371 ns, Reaching safepoint: 32909 ns, Cleanup: 182685 ns, At safepoint: 4085893 ns, Total: 4301487 ns
[2025-08-28T13:23:16.864+0000][1087812][info ][safepoint   ] Safepoint "ICBufferFull", Time since last: 688816370 ns, Reaching safepoint: 10562680 ns, Cleanup: 154893 ns, At safepoint: 16685 ns, Total: 10734258 ns
[2025-08-28T13:23:17.190+0000][1087812][info ][gc,start    ] GC(454) Pause Young (Normal) (G1 Evacuation Pause)
[2025-08-28T13:23:17.190+0000][1087812][info ][gc,task     ] GC(454) Using 12 workers of 33 for evacuation
[2025-08-28T13:23:17.190+0000][1087812][debug][gc,age      ] GC(454) Desired survivor size 20971520 bytes, new threshold 1 (max threshold 15)
[2025-08-28T13:23:17.192+0000][1087812][info ][gc,phases   ] GC(454)   Pre Evacuate Collection Set: 0.2ms
[2025-08-28T13:23:17.192+0000][1087812][info ][gc,phases   ] GC(454)   Merge Heap Roots: 0.1ms
[2025-08-28T13:23:17.192+0000][1087812][info ][gc,phases   ] GC(454)   Evacuate Collection Set: 1.6ms
[2025-08-28T13:23:17.192+0000][1087812][info ][gc,phases   ] GC(454)   Post Evacuate Collection Set: 0.5ms
[2025-08-28T13:23:17.192+0000][1087812][info ][gc,phases   ] GC(454)   Other: 0.0ms
[2025-08-28T13:23:17.192+0000][1087812][trace][gc,age      ] GC(454) Age table with threshold 1 (max threshold 15)
[2025-08-28T13:23:17.192+0000][1087812][trace][gc,age      ] GC(454) - age   1:   15994368 bytes,   15994368 total
[2025-08-28T13:23:17.192+0000][1087812][info ][gc,heap     ] GC(454) Eden regions: 66->0(72)
[2025-08-28T13:23:17.192+0000][1087812][info ][gc,heap     ] GC(454) Survivor regions: 10->4(10)
[2025-08-28T13:23:17.192+0000][1087812][info ][gc,heap     ] GC(454) Old regions: 26->27
[2025-08-28T13:23:17.192+0000][1087812][info ][gc,heap     ] GC(454) Humongous regions: 0->0
[2025-08-28T13:23:17.192+0000][1087812][info ][gc,metaspace] GC(454) Metaspace: 142312K(148608K)->142312K(148608K) NonClass: 123416K(127168K)->123416K(127168K) Class: 18895K(21440K)->18895K(21440K)
[2025-08-28T13:23:17.192+0000][1087812][info ][gc          ] GC(454) Pause Young (Normal) (G1 Evacuation Pause) 406M->120M(512M) 2.529ms
[2025-08-28T13:23:17.192+0000][1087812][info ][gc,cpu      ] GC(454) User=0.02s Sys=0.00s Real=0.01s
[2025-08-28T13:23:17.192+0000][1087812][info ][safepoint   ] Safepoint "G1CollectForAllocation", Time since last: 294553268 ns, Reaching safepoint: 30520104 ns, Cleanup: 143075 ns, At safepoint: 2678217 ns, Total: 33341396 ns
[2025-08-28T13:23:17.751+0000][1087812][info ][gc,start    ] GC(455) Pause Young (Concurrent Start) (G1 Evacuation Pause)
[2025-08-28T13:23:17.751+0000][1087812][info ][gc,task     ] GC(455) Using 12 workers of 33 for evacuation
[2025-08-28T13:23:17.751+0000][1087812][debug][gc,age      ] GC(455) Desired survivor size 20971520 bytes, new threshold 15 (max threshold 15)
[2025-08-28T13:23:17.753+0000][1087812][info ][gc,phases   ] GC(455)   Pre Evacuate Collection Set: 0.2ms
[2025-08-28T13:23:17.753+0000][1087812][info ][gc,phases   ] GC(455)   Merge Heap Roots: 0.1ms
[2025-08-28T13:23:17.753+0000][1087812][info ][gc,phases   ] GC(455)   Evacuate Collection Set: 1.4ms
[2025-08-28T13:23:17.753+0000][1087812][info ][gc,phases   ] GC(455)   Post Evacuate Collection Set: 0.4ms
[2025-08-28T13:23:17.753+0000][1087812][info ][gc,phases   ] GC(455)   Other: 0.1ms
[2025-08-28T13:23:17.753+0000][1087812][trace][gc,age      ] GC(455) Age table with threshold 15 (max threshold 15)
[2025-08-28T13:23:17.753+0000][1087812][trace][gc,age      ] GC(455) - age   1:    8887904 bytes,    8887904 total
[2025-08-28T13:23:17.753+0000][1087812][trace][gc,age      ] GC(455) - age   2:    1379288 bytes,   10267192 total
[2025-08-28T13:23:17.753+0000][1087812][info ][gc,heap     ] GC(455) Eden regions: 72->0(73)
[2025-08-28T13:23:17.753+0000][1087812][info ][gc,heap     ] GC(455) Survivor regions: 4->3(10)
[2025-08-28T13:23:17.753+0000][1087812][info ][gc,heap     ] GC(455) Old regions: 27->27
[2025-08-28T13:23:17.753+0000][1087812][info ][gc,heap     ] GC(455) Humongous regions: 0->0
[2025-08-28T13:23:17.753+0000][1087812][info ][gc,metaspace] GC(455) Metaspace: 142370K(148608K)->142370K(148608K) NonClass: 123474K(127168K)->123474K(127168K) Class: 18895K(21440K)->18895K(21440K)
[2025-08-28T13:23:17.753+0000][1087812][info ][gc          ] GC(455) Pause Young (Concurrent Start) (G1 Evacuation Pause) 408M->115M(512M) 2.272ms
[2025-08-28T13:23:17.753+0000][1087812][info ][gc,cpu      ] GC(455) User=0.02s Sys=0.00s Real=0.00s
[2025-08-28T13:23:17.753+0000][1087812][info ][gc          ] GC(456) Concurrent Mark Cycle
[2025-08-28T13:23:17.753+0000][1087812][info ][safepoint   ] Safepoint "G1CollectForAllocation", Time since last: 546891642 ns, Reaching safepoint: 11590675 ns, Cleanup: 66099 ns, At safepoint: 2401671 ns, Total: 14058445 ns
[2025-08-28T13:23:17.753+0000][1087812][info ][gc,marking  ] GC(456) Concurrent Scan Root Regions
[2025-08-28T13:23:17.755+0000][1087812][info ][gc,marking  ] GC(456) Concurrent Scan Root Regions 1.666ms
[2025-08-28T13:23:17.755+0000][1087812][info ][gc,marking  ] GC(456) Concurrent Mark
[2025-08-28T13:23:17.755+0000][1087812][info ][gc,marking  ] GC(456) Concurrent Mark From Roots
[2025-08-28T13:23:17.755+0000][1087812][info ][gc,task     ] GC(456) Using 8 workers of 8 for marking
[2025-08-28T13:23:17.770+0000][1087812][info ][gc,marking  ] GC(456) Concurrent Mark From Roots 15.128ms
[2025-08-28T13:23:17.770+0000][1087812][info ][gc,marking  ] GC(456) Concurrent Preclean
[2025-08-28T13:23:17.771+0000][1087812][info ][gc,marking  ] GC(456) Concurrent Preclean 0.578ms
[2025-08-28T13:23:17.812+0000][1087812][info ][gc,start    ] GC(456) Pause Remark
[2025-08-28T13:23:17.838+0000][1087812][info ][gc          ] GC(456) Pause Remark 121M->121M(512M) 26.053ms
[2025-08-28T13:23:17.838+0000][1087812][info ][gc,cpu      ] GC(456) User=0.28s Sys=0.01s Real=0.02s
[2025-08-28T13:23:17.838+0000][1087812][info ][safepoint   ] Safepoint "G1PauseRemark", Time since last: 17467310 ns, Reaching safepoint: 41012999 ns, Cleanup: 3625 ns, At safepoint: 26203144 ns, Total: 67219768 ns
[2025-08-28T13:23:17.838+0000][1087812][info ][gc,marking  ] GC(456) Concurrent Mark 83.004ms
[2025-08-28T13:23:17.838+0000][1087812][info ][gc,marking  ] GC(456) Concurrent Rebuild Remembered Sets and Scrub Regions
[2025-08-28T13:23:17.855+0000][1087812][info ][gc,marking  ] GC(456) Concurrent Rebuild Remembered Sets and Scrub Regions 17.199ms
[2025-08-28T13:23:17.903+0000][1087812][info ][gc,start    ] GC(456) Pause Cleanup
[2025-08-28T13:23:17.903+0000][1087812][info ][gc          ] GC(456) Pause Cleanup 125M->125M(512M) 0.122ms
[2025-08-28T13:23:17.903+0000][1087812][info ][gc,cpu      ] GC(456) User=0.00s Sys=0.00s Real=0.00s
[2025-08-28T13:23:17.903+0000][1087812][info ][safepoint   ] Safepoint "G1PauseCleanup", Time since last: 17311876 ns, Reaching safepoint: 47375815 ns, Cleanup: 16344 ns, At safepoint: 231027 ns, Total: 47623186 ns
[2025-08-28T13:23:17.903+0000][1087812][info ][gc,marking  ] GC(456) Concurrent Clear Claimed Marks
[2025-08-28T13:23:17.903+0000][1087812][info ][gc,marking  ] GC(456) Concurrent Clear Claimed Marks 0.233ms
[2025-08-28T13:23:17.903+0000][1087812][info ][gc,marking  ] GC(456) Concurrent Cleanup for Next Mark
[2025-08-28T13:23:17.903+0000][1087812][info ][gc,marking  ] GC(456) Concurrent Cleanup for Next Mark 0.112ms
[2025-08-28T13:23:17.903+0000][1087812][info ][gc          ] GC(456) Concurrent Mark Cycle 150.031ms
[2025-08-28T13:23:18.285+0000][1087812][info ][gc,start    ] GC(457) Pause Young (Prepare Mixed) (G1 Evacuation Pause)
[2025-08-28T13:23:18.285+0000][1087812][info ][gc,task     ] GC(457) Using 12 workers of 33 for evacuation
[2025-08-28T13:23:18.285+0000][1087812][debug][gc,age      ] GC(457) Desired survivor size 20971520 bytes, new threshold 15 (max threshold 15)
[2025-08-28T13:23:18.288+0000][1087812][info ][gc,phases   ] GC(457)   Pre Evacuate Collection Set: 0.2ms
[2025-08-28T13:23:18.288+0000][1087812][info ][gc,phases   ] GC(457)   Merge Heap Roots: 0.1ms
[2025-08-28T13:23:18.288+0000][1087812][info ][gc,phases   ] GC(457)   Evacuate Collection Set: 1.8ms
[2025-08-28T13:23:18.288+0000][1087812][info ][gc,phases   ] GC(457)   Post Evacuate Collection Set: 0.5ms
[2025-08-28T13:23:18.288+0000][1087812][info ][gc,phases   ] GC(457)   Other: 0.0ms
[2025-08-28T13:23:18.288+0000][1087812][trace][gc,age      ] GC(457) Age table with threshold 15 (max threshold 15)
[2025-08-28T13:23:18.288+0000][1087812][trace][gc,age      ] GC(457) - age   1:   28108960 bytes,   28108960 total
[2025-08-28T13:23:18.288+0000][1087812][trace][gc,age      ] GC(457) - age   2:     575440 bytes,   28684400 total
[2025-08-28T13:23:18.288+0000][1087812][trace][gc,age      ] GC(457) - age   3:    1195656 bytes,   29880056 total
[2025-08-28T13:23:18.288+0000][1087812][info ][gc,heap     ] GC(457) Eden regions: 73->0(68)
[2025-08-28T13:23:18.288+0000][1087812][info ][gc,heap     ] GC(457) Survivor regions: 3->8(10)
[2025-08-28T13:23:18.288+0000][1087812][info ][gc,heap     ] GC(457) Old regions: 27->27
[2025-08-28T13:23:18.288+0000][1087812][info ][gc,heap     ] GC(457) Humongous regions: 0->0
[2025-08-28T13:23:18.288+0000][1087812][info ][gc,metaspace] GC(457) Metaspace: 142365K(148608K)->142365K(148608K) NonClass: 123474K(127168K)->123474K(127168K) Class: 18890K(21440K)->18890K(21440K)
[2025-08-28T13:23:18.288+0000][1087812][info ][gc          ] GC(457) Pause Young (Prepare Mixed) (G1 Evacuation Pause) 407M->134M(512M) 2.810ms
[2025-08-28T13:23:18.288+0000][1087812][info ][gc,cpu      ] GC(457) User=0.02s Sys=0.00s Real=0.00s
[2025-08-28T13:23:18.288+0000][1087812][info ][safepoint   ] Safepoint "G1CollectForAllocation", Time since last: 337886856 ns, Reaching safepoint: 44239530 ns, Cleanup: 55443 ns, At safepoint: 2953220 ns, Total: 47248193 ns
[2025-08-28T13:23:18.915+0000][1087812][info ][gc,start    ] GC(458) Pause Young (Mixed) (G1 Evacuation Pause)
[2025-08-28T13:23:18.915+0000][1087812][info ][gc,task     ] GC(458) Using 12 workers of 33 for evacuation
[2025-08-28T13:23:18.915+0000][1087812][debug][gc,age      ] GC(458) Desired survivor size 20971520 bytes, new threshold 1 (max threshold 15)
[2025-08-28T13:23:18.918+0000][1087812][info ][gc,phases   ] GC(458)   Pre Evacuate Collection Set: 0.1ms
[2025-08-28T13:23:18.918+0000][1087812][info ][gc,phases   ] GC(458)   Merge Heap Roots: 0.1ms
[2025-08-28T13:23:18.918+0000][1087812][info ][gc,phases   ] GC(458)   Evacuate Collection Set: 1.9ms
[2025-08-28T13:23:18.918+0000][1087812][info ][gc,phases   ] GC(458)   Post Evacuate Collection Set: 0.4ms
[2025-08-28T13:23:18.918+0000][1087812][info ][gc,phases   ] GC(458)   Other: 0.1ms
[2025-08-28T13:23:18.918+0000][1087812][trace][gc,age      ] GC(458) Age table with threshold 1 (max threshold 15)
[2025-08-28T13:23:18.918+0000][1087812][trace][gc,age      ] GC(458) - age   1:   24924168 bytes,   24924168 total
[2025-08-28T13:23:18.918+0000][1087812][info ][gc,heap     ] GC(458) Eden regions: 68->0(69)
[2025-08-28T13:23:18.918+0000][1087812][info ][gc,heap     ] GC(458) Survivor regions: 8->7(10)
[2025-08-28T13:23:18.918+0000][1087812][info ][gc,heap     ] GC(458) Old regions: 27->26
[2025-08-28T13:23:18.918+0000][1087812][info ][gc,heap     ] GC(458) Humongous regions: 0->0
[2025-08-28T13:23:18.918+0000][1087812][info ][gc,metaspace] GC(458) Metaspace: 142374K(148672K)->142374K(148672K) NonClass: 123483K(127232K)->123483K(127232K) Class: 18890K(21440K)->18890K(21440K)
[2025-08-28T13:23:18.918+0000][1087812][info ][gc          ] GC(458) Pause Young (Mixed) (G1 Evacuation Pause) 406M->125M(512M) 2.650ms
[2025-08-28T13:23:18.918+0000][1087812][info ][gc,cpu      ] GC(458) User=0.02s Sys=0.00s Real=0.00s
[2025-08-28T13:23:18.918+0000][1087812][info ][safepoint   ] Safepoint "G1CollectForAllocation", Time since last: 627061038 ns, Reaching safepoint: 22514 ns, Cleanup: 41682 ns, At safepoint: 2785087 ns, Total: 2849283 ns
[2025-08-28T13:23:19.325+0000][1087812][info ][gc,start    ] GC(459) Pause Young (Normal) (G1 Evacuation Pause)
[2025-08-28T13:23:19.325+0000][1087812][info ][gc,task     ] GC(459) Using 12 workers of 33 for evacuation
[2025-08-28T13:23:19.325+0000][1087812][debug][gc,age      ] GC(459) Desired survivor size 20971520 bytes, new threshold 1 (max threshold 15)
[2025-08-28T13:23:19.326+0000][1087812][info ][gc,phases   ] GC(459)   Pre Evacuate Collection Set: 0.1ms
[2025-08-28T13:23:19.326+0000][1087812][info ][gc,phases   ] GC(459)   Merge Heap Roots: 0.0ms
[2025-08-28T13:23:19.326+0000][1087812][info ][gc,phases   ] GC(459)   Evacuate Collection Set: 0.9ms
[2025-08-28T13:23:19.326+0000][1087812][info ][gc,phases   ] GC(459)   Post Evacuate Collection Set: 0.4ms
[2025-08-28T13:23:19.326+0000][1087812][info ][gc,phases   ] GC(459)   Other: 0.0ms
[2025-08-28T13:23:19.326+0000][1087812][trace][gc,age      ] GC(459) Age table with threshold 1 (max threshold 15)
[2025-08-28T13:23:19.326+0000][1087812][trace][gc,age      ] GC(459) - age   1:   13532976 bytes,   13532976 total
[2025-08-28T13:23:19.326+0000][1087812][info ][gc,heap     ] GC(459) Eden regions: 69->0(72)
[2025-08-28T13:23:19.326+0000][1087812][info ][gc,heap     ] GC(459) Survivor regions: 7->4(10)
[2025-08-28T13:23:19.326+0000][1087812][info ][gc,heap     ] GC(459) Old regions: 26->26
[2025-08-28T13:23:19.326+0000][1087812][info ][gc,heap     ] GC(459) Humongous regions: 0->0
[2025-08-28T13:23:19.326+0000][1087812][info ][gc,metaspace] GC(459) Metaspace: 142377K(148672K)->142377K(148672K) NonClass: 123486K(127232K)->123486K(127232K) Class: 18890K(21440K)->18890K(21440K)
[2025-08-28T13:23:19.326+0000][1087812][info ][gc          ] GC(459) Pause Young (Normal) (G1 Evacuation Pause) 401M->116M(512M) 1.638ms
[2025-08-28T13:23:19.326+0000][1087812][info ][gc,cpu      ] GC(459) User=0.01s Sys=0.00s Real=0.00s
[2025-08-28T13:23:19.326+0000][1087812][info ][safepoint   ] Safepoint "G1CollectForAllocation", Time since last: 406586659 ns, Reaching safepoint: 22694 ns, Cleanup: 9995 ns, At safepoint: 1755590 ns, Total: 1788279 ns
[2025-08-28T13:23:19.944+0000][1087812][info ][gc,start    ] GC(460) Pause Young (Normal) (G1 Evacuation Pause)
[2025-08-28T13:23:19.944+0000][1087812][info ][gc,task     ] GC(460) Using 12 workers of 33 for evacuation
[2025-08-28T13:23:19.944+0000][1087812][debug][gc,age      ] GC(460) Desired survivor size 20971520 bytes, new threshold 15 (max threshold 15)
[2025-08-28T13:23:19.946+0000][1087812][info ][gc,phases   ] GC(460)   Pre Evacuate Collection Set: 0.1ms
[2025-08-28T13:23:19.946+0000][1087812][info ][gc,phases   ] GC(460)   Merge Heap Roots: 0.1ms
[2025-08-28T13:23:19.946+0000][1087812][info ][gc,phases   ] GC(460)   Evacuate Collection Set: 1.3ms
[2025-08-28T13:23:19.946+0000][1087812][info ][gc,phases   ] GC(460)   Post Evacuate Collection Set: 0.4ms
[2025-08-28T13:23:19.946+0000][1087812][info ][gc,phases   ] GC(460)   Other: 0.0ms
[2025-08-28T13:23:19.946+0000][1087812][trace][gc,age      ] GC(460) Age table with threshold 15 (max threshold 15)
[2025-08-28T13:23:19.946+0000][1087812][trace][gc,age      ] GC(460) - age   1:   25439504 bytes,   25439504 total
[2025-08-28T13:23:19.946+0000][1087812][trace][gc,age      ] GC(460) - age   2:    5585104 bytes,   31024608 total
[2025-08-28T13:23:19.946+0000][1087812][info ][gc,heap     ] GC(460) Eden regions: 72->0(68)
[2025-08-28T13:23:19.946+0000][1087812][info ][gc,heap     ] GC(460) Survivor regions: 4->8(10)
[2025-08-28T13:23:19.946+0000][1087812][info ][gc,heap     ] GC(460) Old regions: 26->26
[2025-08-28T13:23:19.946+0000][1087812][info ][gc,heap     ] GC(460) Humongous regions: 0->0
[2025-08-28T13:23:19.946+0000][1087812][info ][gc,metaspace] GC(460) Metaspace: 142379K(148672K)->142379K(148672K) NonClass: 123488K(127232K)->123488K(127232K) Class: 18890K(21440K)->18890K(21440K)
[2025-08-28T13:23:19.946+0000][1087812][info ][gc          ] GC(460) Pause Young (Normal) (G1 Evacuation Pause) 404M->134M(512M) 2.088ms
[2025-08-28T13:23:19.946+0000][1087812][info ][gc,cpu      ] GC(460) User=0.02s Sys=0.00s Real=0.00s
[2025-08-28T13:23:19.946+0000][1087812][info ][safepoint   ] Safepoint "G1CollectForAllocation", Time since last: 617350278 ns, Reaching safepoint: 20331 ns, Cleanup: 32228 ns, At safepoint: 2208821 ns, Total: 2261380 ns
[2025-08-28T13:23:20.775+0000][1087812][info ][gc,start    ] GC(461) Pause Young (Normal) (G1 Evacuation Pause)
[2025-08-28T13:23:20.775+0000][1087812][info ][gc,task     ] GC(461) Using 12 workers of 33 for evacuation
[2025-08-28T13:23:20.775+0000][1087812][debug][gc,age      ] GC(461) Desired survivor size 20971520 bytes, new threshold 1 (max threshold 15)
[2025-08-28T13:23:20.777+0000][1087812][info ][gc,phases   ] GC(461)   Pre Evacuate Collection Set: 0.2ms
[2025-08-28T13:23:20.777+0000][1087812][info ][gc,phases   ] GC(461)   Merge Heap Roots: 0.0ms
[2025-08-28T13:23:20.777+0000][1087812][info ][gc,phases   ] GC(461)   Evacuate Collection Set: 1.0ms
[2025-08-28T13:23:20.777+0000][1087812][info ][gc,phases   ] GC(461)   Post Evacuate Collection Set: 0.3ms
[2025-08-28T13:23:20.777+0000][1087812][info ][gc,phases   ] GC(461)   Other: 0.0ms
[2025-08-28T13:23:20.777+0000][1087812][trace][gc,age      ] GC(461) Age table with threshold 1 (max threshold 15)
[2025-08-28T13:23:20.777+0000][1087812][trace][gc,age      ] GC(461) - age   1:   16096360 bytes,   16096360 total
[2025-08-28T13:23:20.777+0000][1087812][info ][gc,heap     ] GC(461) Eden regions: 68->0(72)
[2025-08-28T13:23:20.777+0000][1087812][info ][gc,heap     ] GC(461) Survivor regions: 8->4(10)
[2025-08-28T13:23:20.777+0000][1087812][info ][gc,heap     ] GC(461) Old regions: 26->29
[2025-08-28T13:23:20.777+0000][1087812][info ][gc,heap     ] GC(461) Humongous regions: 0->0
[2025-08-28T13:23:20.777+0000][1087812][info ][gc,metaspace] GC(461) Metaspace: 142380K(148672K)->142380K(148672K) NonClass: 123489K(127232K)->123489K(127232K) Class: 18890K(21440K)->18890K(21440K)
[2025-08-28T13:23:20.777+0000][1087812][info ][gc          ] GC(461) Pause Young (Normal) (G1 Evacuation Pause) 406M->128M(512M) 1.676ms
[2025-08-28T13:23:20.777+0000][1087812][info ][gc,cpu      ] GC(461) User=0.01s Sys=0.00s Real=0.00s
[2025-08-28T13:23:20.777+0000][1087812][info ][safepoint   ] Safepoint "G1CollectForAllocation", Time since last: 829464259 ns, Reaching safepoint: 20912 ns, Cleanup: 19940 ns, At safepoint: 1793236 ns, Total: 1834088 ns
[2025-08-28T13:23:21.777+0000][1087812][info ][safepoint   ] Safepoint "Cleanup", Time since last: 1000086180 ns, Reaching safepoint: 20661 ns, Cleanup: 14862 ns, At safepoint: 2674 ns, Total: 38197 ns
[2025-08-28T13:23:22.777+0000][1087812][info ][safepoint   ] Safepoint "Cleanup", Time since last: 1000113041 ns, Reaching safepoint: 20331 ns, Cleanup: 19159 ns, At safepoint: 2874 ns, Total: 42364 ns
[2025-08-28T13:23:42.066+0000][1087812][info ][safepoint   ] Safepoint "Cleanup", Time since last: 19288593936 ns, Reaching safepoint: 54893 ns, Cleanup: 11798 ns, At safepoint: 5398 ns, Total: 72089 ns
[2025-08-28T13:24:23.069+0000][1087812][info ][safepoint   ] Safepoint "Cleanup", Time since last: 41002904305 ns, Reaching safepoint: 54642 ns, Cleanup: 10696 ns, At safepoint: 2814 ns, Total: 68152 ns
[2025-08-28T13:24:53.071+0000][1087812][info ][safepoint   ] Safepoint "Cleanup", Time since last: 30002097354 ns, Reaching safepoint: 54422 ns, Cleanup: 13049 ns, At safepoint: 2674 ns, Total: 70145 ns
[2025-08-28T13:25:23.073+0000][1087812][info ][safepoint   ] Safepoint "Cleanup", Time since last: 30002166972 ns, Reaching safepoint: 54542 ns, Cleanup: 9895 ns, At safepoint: 2604 ns, Total: 67041 ns
[2025-08-28T13:25:42.075+0000][1087812][info ][safepoint   ] Safepoint "Cleanup", Time since last: 19001381298 ns, Reaching safepoint: 54371 ns, Cleanup: 10596 ns, At safepoint: 3135 ns, Total: 68102 ns
[2025-08-28T13:25:53.076+0000][1087812][info ][safepoint   ] Safepoint "Cleanup", Time since last: 11000739034 ns, Reaching safepoint: 78709 ns, Cleanup: 13310 ns, At safepoint: 5478 ns, Total: 97497 ns
[2025-08-28T13:27:45.084+0000][1087812][info ][safepoint   ] Safepoint "Cleanup", Time since last: 112008022344 ns, Reaching safepoint: 55283 ns, Cleanup: 10426 ns, At safepoint: 5508 ns, Total: 71217 ns
[2025-08-28T13:27:52.085+0000][1087812][info ][safepoint   ] Safepoint "Cleanup", Time since last: 7001046919 ns, Reaching safepoint: 54632 ns, Cleanup: 9685 ns, At safepoint: 5298 ns, Total: 69615 ns
[2025-08-28T13:27:53.085+0000][1087812][info ][safepoint   ] Safepoint "Cleanup", Time since last: 1000115241 ns, Reaching safepoint: 20491 ns, Cleanup: 15133 ns, At safepoint: 2754 ns, Total: 38378 ns
[2025-08-28T13:29:27.092+0000][1087812][info ][safepoint   ] Safepoint "Cleanup", Time since last: 94006973772 ns, Reaching safepoint: 55283 ns, Cleanup: 11608 ns, At safepoint: 2754 ns, Total: 69645 ns
[2025-08-28T13:29:30.093+0000][1087812][info ][safepoint   ] Safepoint "Cleanup", Time since last: 3000690322 ns, Reaching safepoint: 53460 ns, Cleanup: 10466 ns, At safepoint: 2934 ns, Total: 66860 ns
[2025-08-28T13:29:40.094+0000][1087812][info ][safepoint   ] Safepoint "Cleanup", Time since last: 10000757722 ns, Reaching safepoint: 20611 ns, Cleanup: 10986 ns, At safepoint: 2975 ns, Total: 34572 ns
[2025-08-28T13:30:03.792+0000][1087812][info ][gc,start    ] GC(462) Pause Young (Concurrent Start) (G1 Evacuation Pause)
[2025-08-28T13:30:03.792+0000][1087812][info ][gc,task     ] GC(462) Using 12 workers of 33 for evacuation
[2025-08-28T13:30:03.792+0000][1087812][debug][gc,age      ] GC(462) Desired survivor size 20971520 bytes, new threshold 15 (max threshold 15)
[2025-08-28T13:30:03.794+0000][1087812][info ][gc,phases   ] GC(462)   Pre Evacuate Collection Set: 0.2ms
[2025-08-28T13:30:03.794+0000][1087812][info ][gc,phases   ] GC(462)   Merge Heap Roots: 0.1ms
[2025-08-28T13:30:03.794+0000][1087812][info ][gc,phases   ] GC(462)   Evacuate Collection Set: 1.3ms
[2025-08-28T13:30:03.794+0000][1087812][info ][gc,phases   ] GC(462)   Post Evacuate Collection Set: 0.3ms
[2025-08-28T13:30:03.794+0000][1087812][info ][gc,phases   ] GC(462)   Other: 0.1ms
[2025-08-28T13:30:03.794+0000][1087812][trace][gc,age      ] GC(462) Age table with threshold 15 (max threshold 15)
[2025-08-28T13:30:03.794+0000][1087812][trace][gc,age      ] GC(462) - age   1:     836008 bytes,     836008 total
[2025-08-28T13:30:03.794+0000][1087812][trace][gc,age      ] GC(462) - age   2:    9491096 bytes,   10327104 total
[2025-08-28T13:30:03.794+0000][1087812][info ][gc,heap     ] GC(462) Eden regions: 72->0(73)
[2025-08-28T13:30:03.794+0000][1087812][info ][gc,heap     ] GC(462) Survivor regions: 4->3(10)
[2025-08-28T13:30:03.794+0000][1087812][info ][gc,heap     ] GC(462) Old regions: 29->29
[2025-08-28T13:30:03.794+0000][1087812][info ][gc,heap     ] GC(462) Humongous regions: 0->0
[2025-08-28T13:30:03.794+0000][1087812][info ][gc,metaspace] GC(462) Metaspace: 142410K(148672K)->142410K(148672K) NonClass: 123519K(127232K)->123519K(127232K) Class: 18890K(21440K)->18890K(21440K)
[2025-08-28T13:30:03.794+0000][1087812][info ][gc          ] GC(462) Pause Young (Concurrent Start) (G1 Evacuation Pause) 416M->122M(512M) 2.129ms
[2025-08-28T13:30:03.794+0000][1087812][info ][gc,cpu      ] GC(462) User=0.02s Sys=0.00s Real=0.00s
[2025-08-28T13:30:03.794+0000][1087812][info ][gc          ] GC(463) Concurrent Mark Cycle
[2025-08-28T13:30:03.794+0000][1087812][info ][safepoint   ] Safepoint "G1CollectForAllocation", Time since last: 23698192070 ns, Reaching safepoint: 42434 ns, Cleanup: 4637 ns, At safepoint: 2261748 ns, Total: 2308819 ns
[2025-08-28T13:30:03.794+0000][1087812][info ][gc,marking  ] GC(463) Concurrent Scan Root Regions
[2025-08-28T13:30:03.795+0000][1087812][info ][gc,marking  ] GC(463) Concurrent Scan Root Regions 0.817ms
[2025-08-28T13:30:03.795+0000][1087812][info ][gc,marking  ] GC(463) Concurrent Mark
[2025-08-28T13:30:03.795+0000][1087812][info ][gc,marking  ] GC(463) Concurrent Mark From Roots
[2025-08-28T13:30:03.795+0000][1087812][info ][gc,task     ] GC(463) Using 8 workers of 8 for marking
[2025-08-28T13:30:03.808+0000][1087812][info ][gc,marking  ] GC(463) Concurrent Mark From Roots 12.562ms
[2025-08-28T13:30:03.808+0000][1087812][info ][gc,marking  ] GC(463) Concurrent Preclean
[2025-08-28T13:30:03.808+0000][1087812][info ][gc,marking  ] GC(463) Concurrent Preclean 0.466ms
[2025-08-28T13:30:03.808+0000][1087812][info ][gc,start    ] GC(463) Pause Remark
[2025-08-28T13:30:03.829+0000][1087812][info ][gc          ] GC(463) Pause Remark 123M->123M(512M) 21.091ms
[2025-08-28T13:30:03.829+0000][1087812][info ][gc,cpu      ] GC(463) User=0.23s Sys=0.00s Real=0.02s
[2025-08-28T13:30:03.829+0000][1087812][info ][safepoint   ] Safepoint "G1PauseRemark", Time since last: 13930841 ns, Reaching safepoint: 14902 ns, Cleanup: 1602 ns, At safepoint: 21184860 ns, Total: 21201364 ns
[2025-08-28T13:30:03.829+0000][1087812][info ][gc,marking  ] GC(463) Concurrent Mark 34.300ms
[2025-08-28T13:30:03.829+0000][1087812][info ][gc,marking  ] GC(463) Concurrent Rebuild Remembered Sets and Scrub Regions
[2025-08-28T13:30:03.847+0000][1087812][info ][gc,marking  ] GC(463) Concurrent Rebuild Remembered Sets and Scrub Regions 17.131ms
[2025-08-28T13:30:03.847+0000][1087812][info ][gc,start    ] GC(463) Pause Cleanup
[2025-08-28T13:30:03.847+0000][1087812][info ][gc          ] GC(463) Pause Cleanup 123M->123M(512M) 0.126ms
[2025-08-28T13:30:03.847+0000][1087812][info ][gc,cpu      ] GC(463) User=0.00s Sys=0.00s Real=0.00s
[2025-08-28T13:30:03.847+0000][1087812][info ][safepoint   ] Safepoint "G1PauseCleanup", Time since last: 17229376 ns, Reaching safepoint: 18007 ns, Cleanup: 8954 ns, At safepoint: 173550 ns, Total: 200511 ns
[2025-08-28T13:30:03.847+0000][1087812][info ][gc,marking  ] GC(463) Concurrent Clear Claimed Marks
[2025-08-28T13:30:03.847+0000][1087812][info ][gc,marking  ] GC(463) Concurrent Clear Claimed Marks 0.123ms
[2025-08-28T13:30:03.847+0000][1087812][info ][gc,marking  ] GC(463) Concurrent Cleanup for Next Mark
[2025-08-28T13:30:03.847+0000][1087812][info ][gc,marking  ] GC(463) Concurrent Cleanup for Next Mark 0.197ms
[2025-08-28T13:30:03.847+0000][1087812][info ][gc          ] GC(463) Concurrent Mark Cycle 52.962ms
[2025-08-28T13:30:13.848+0000][1087812][info ][safepoint   ] Safepoint "Cleanup", Time since last: 10000771352 ns, Reaching safepoint: 84588 ns, Cleanup: 11407 ns, At safepoint: 6660 ns, Total: 102655 ns
[2025-08-28T13:30:51.851+0000][1087812][info ][safepoint   ] Safepoint "Cleanup", Time since last: 38002799489 ns, Reaching safepoint: 55944 ns, Cleanup: 11417 ns, At safepoint: 2784 ns, Total: 70145 ns
[2025-08-28T13:30:52.851+0000][1087812][info ][safepoint   ] Safepoint "Cleanup", Time since last: 1000124734 ns, Reaching safepoint: 19889 ns, Cleanup: 11337 ns, At safepoint: 2905 ns, Total: 34131 ns
[2025-08-28T13:30:56.851+0000][1087812][info ][safepoint   ] Safepoint "Cleanup", Time since last: 4000344061 ns, Reaching safepoint: 54793 ns, Cleanup: 12869 ns, At safepoint: 2714 ns, Total: 70376 ns
[2025-08-28T13:34:22.865+0000][1087812][info ][safepoint   ] Safepoint "Cleanup", Time since last: 206013402276 ns, Reaching safepoint: 88694 ns, Cleanup: 10996 ns, At safepoint: 2834 ns, Total: 102524 ns
[2025-08-28T13:34:39.866+0000][1087812][info ][safepoint   ] Safepoint "Cleanup", Time since last: 17001603800 ns, Reaching safepoint: 48533 ns, Cleanup: 10546 ns, At safepoint: 5328 ns, Total: 64407 ns
[2025-08-28T13:35:12.868+0000][1087812][info ][safepoint   ] Safepoint "Cleanup", Time since last: 33001846478 ns, Reaching safepoint: 46780 ns, Cleanup: 12920 ns, At safepoint: 2874 ns, Total: 62574 ns
[2025-08-28T13:35:54.871+0000][1087812][info ][safepoint   ] Safepoint "Cleanup", Time since last: 42002580713 ns, Reaching safepoint: 49444 ns, Cleanup: 11057 ns, At safepoint: 2844 ns, Total: 63345 ns
[2025-08-28T13:36:59.875+0000][1087812][info ][safepoint   ] Safepoint "Cleanup", Time since last: 65003873453 ns, Reaching safepoint: 55564 ns, Cleanup: 10716 ns, At safepoint: 5338 ns, Total: 71618 ns
[2025-08-28T13:37:08.876+0000][1087812][info ][safepoint   ] Safepoint "Cleanup", Time since last: 9001063748 ns, Reaching safepoint: 57586 ns, Cleanup: 11567 ns, At safepoint: 2785 ns, Total: 71938 ns
[2025-08-28T13:38:22.880+0000][1087812][info ][safepoint   ] Safepoint "Cleanup", Time since last: 74004223165 ns, Reaching safepoint: 76545 ns, Cleanup: 9494 ns, At safepoint: 2844 ns, Total: 88883 ns
[2025-08-28T13:38:41.178+0000][1087812][info ][gc,start    ] GC(464) Pause Young (Prepare Mixed) (G1 Evacuation Pause)
[2025-08-28T13:38:41.178+0000][1087812][info ][gc,task     ] GC(464) Using 12 workers of 33 for evacuation
[2025-08-28T13:38:41.178+0000][1087812][debug][gc,age      ] GC(464) Desired survivor size 20971520 bytes, new threshold 15 (max threshold 15)
[2025-08-28T13:38:41.179+0000][1087812][info ][gc,phases   ] GC(464)   Pre Evacuate Collection Set: 0.3ms
[2025-08-28T13:38:41.179+0000][1087812][info ][gc,phases   ] GC(464)   Merge Heap Roots: 0.1ms
[2025-08-28T13:38:41.179+0000][1087812][info ][gc,phases   ] GC(464)   Evacuate Collection Set: 0.6ms
[2025-08-28T13:38:41.179+0000][1087812][info ][gc,phases   ] GC(464)   Post Evacuate Collection Set: 0.4ms
[2025-08-28T13:38:41.179+0000][1087812][info ][gc,phases   ] GC(464)   Other: 0.1ms
[2025-08-28T13:38:41.179+0000][1087812][trace][gc,age      ] GC(464) Age table with threshold 15 (max threshold 15)
[2025-08-28T13:38:41.179+0000][1087812][trace][gc,age      ] GC(464) - age   1:      11360 bytes,      11360 total
[2025-08-28T13:38:41.179+0000][1087812][trace][gc,age      ] GC(464) - age   2:      19136 bytes,      30496 total
[2025-08-28T13:38:41.179+0000][1087812][trace][gc,age      ] GC(464) - age   3:      11520 bytes,      42016 total
[2025-08-28T13:38:41.179+0000][1087812][info ][gc,heap     ] GC(464) Eden regions: 73->0(75)
[2025-08-28T13:38:41.179+0000][1087812][info ][gc,heap     ] GC(464) Survivor regions: 3->1(10)
[2025-08-28T13:38:41.179+0000][1087812][info ][gc,heap     ] GC(464) Old regions: 29->29
[2025-08-28T13:38:41.179+0000][1087812][info ][gc,heap     ] GC(464) Humongous regions: 0->0
[2025-08-28T13:38:41.179+0000][1087812][info ][gc,metaspace] GC(464) Metaspace: 142418K(148672K)->142418K(148672K) NonClass: 123531K(127232K)->123531K(127232K) Class: 18886K(21440K)->18886K(21440K)
[2025-08-28T13:38:41.179+0000][1087812][info ][gc          ] GC(464) Pause Young (Prepare Mixed) (G1 Evacuation Pause) 414M->113M(512M) 1.516ms
[2025-08-28T13:38:41.179+0000][1087812][info ][gc,cpu      ] GC(464) User=0.01s Sys=0.00s Real=0.00s
[2025-08-28T13:38:41.179+0000][1087812][info ][safepoint   ] Safepoint "G1CollectForAllocation", Time since last: 18297566981 ns, Reaching safepoint: 28092 ns, Cleanup: 3025 ns, At safepoint: 1629098 ns, Total: 1660215 ns
[2025-08-28T13:39:10.182+0000][1087812][info ][safepoint   ] Safepoint "Cleanup", Time since last: 29002022795 ns, Reaching safepoint: 55053 ns, Cleanup: 10466 ns, At safepoint: 2664 ns, Total: 68183 ns
