[2025-08-19T13:30:58.982+0000][1692535][info][gc,init] CardTable entry size: 512
[2025-08-19T13:30:58.991+0000][1692535][info][gc     ] Using G1
[2025-08-19T13:31:00.709+0000][1692535][info][gc,init] Version: 21.0.2+13-58 (release)
[2025-08-19T13:31:00.709+0000][1692535][info][gc,init] CPUs: 96 total, 1 available
[2025-08-19T13:31:00.709+0000][1692535][info][gc,init] Memory: 125G
[2025-08-19T13:31:00.709+0000][1692535][info][gc,init] Large Page Support: Disabled
[2025-08-19T13:31:00.709+0000][1692535][info][gc,init] NUMA Support: Disabled
[2025-08-19T13:31:00.709+0000][1692535][info][gc,init] Compressed Oops: Enabled (32-bit)
[2025-08-19T13:31:00.709+0000][1692535][info][gc,init] Heap Region Size: 4M
[2025-08-19T13:31:00.709+0000][1692535][info][gc,init] Heap Min Capacity: 512M
[2025-08-19T13:31:00.709+0000][1692535][info][gc,init] Heap Initial Capacity: 512M
[2025-08-19T13:31:00.709+0000][1692535][info][gc,init] Heap Max Capacity: 512M
[2025-08-19T13:31:00.709+0000][1692535][info][gc,init] Pre-touch: Enabled
[2025-08-19T13:31:00.709+0000][1692535][info][gc,init] Parallel Workers: 1
[2025-08-19T13:31:00.709+0000][1692535][info][gc,init] Concurrent Workers: 1
[2025-08-19T13:31:00.709+0000][1692535][info][gc,init] Concurrent Refinement Workers: 1
[2025-08-19T13:31:00.709+0000][1692535][info][gc,init] Periodic GC: Disabled
[2025-08-19T13:31:00.717+0000][1692535][info][gc,metaspace] CDS archive(s) mapped at: [0x000014b40b000000-0x000014b40bca6000-0x000014b40bca6000), size 13262848, SharedBaseAddress: 0x000014b40b000000, ArchiveRelocationMode: 1.
[2025-08-19T13:31:00.952+0000][1692535][info][gc,metaspace] Compressed class space mapped at: 0x000014b40c000000-0x000014b44c000000, reserved size: 1073741824
[2025-08-19T13:31:00.952+0000][1692535][info][gc,metaspace] Narrow klass base: 0x000014b40b000000, Narrow klass shift: 0, Narrow klass range: 0x100000000
[2025-08-19T13:31:02.127+0000][1692535][info][gc,start    ] GC(0) Pause Young (Normal) (G1 Evacuation Pause)
[2025-08-19T13:31:02.127+0000][1692535][info][gc,task     ] GC(0) Using 1 workers of 1 for evacuation
[2025-08-19T13:31:02.127+0000][1692535][debug][gc,age      ] GC(0) Desired survivor size 2097152 bytes, new threshold 15 (max threshold 15)
[2025-08-19T13:31:02.129+0000][1692535][info ][gc,phases   ] GC(0)   Pre Evacuate Collection Set: 0.1ms
[2025-08-19T13:31:02.129+0000][1692535][info ][gc,phases   ] GC(0)   Merge Heap Roots: 0.0ms
[2025-08-19T13:31:02.129+0000][1692535][info ][gc,phases   ] GC(0)   Evacuate Collection Set: 1.8ms
[2025-08-19T13:31:02.129+0000][1692535][info ][gc,phases   ] GC(0)   Post Evacuate Collection Set: 0.1ms
[2025-08-19T13:31:02.129+0000][1692535][info ][gc,phases   ] GC(0)   Other: 0.0ms
[2025-08-19T13:31:02.129+0000][1692535][trace][gc,age      ] GC(0) Age table with threshold 15 (max threshold 15)
[2025-08-19T13:31:02.129+0000][1692535][trace][gc,age      ] GC(0) - age   1:    2261296 bytes,    2261296 total
[2025-08-19T13:31:02.129+0000][1692535][info ][gc,heap     ] GC(0) Eden regions: 6->0(5)
[2025-08-19T13:31:02.129+0000][1692535][info ][gc,heap     ] GC(0) Survivor regions: 0->1(1)
[2025-08-19T13:31:02.129+0000][1692535][info ][gc,heap     ] GC(0) Old regions: 1->1
[2025-08-19T13:31:02.129+0000][1692535][info ][gc,heap     ] GC(0) Humongous regions: 0->0
[2025-08-19T13:31:02.129+0000][1692535][info ][gc,metaspace] GC(0) Metaspace: 1154K(1344K)->1154K(1344K) NonClass: 1071K(1152K)->1071K(1152K) Class: 82K(192K)->82K(192K)
[2025-08-19T13:31:02.129+0000][1692535][info ][gc          ] GC(0) Pause Young (Normal) (G1 Evacuation Pause) 25M->3M(512M) 2.171ms
[2025-08-19T13:31:02.129+0000][1692535][info ][gc,cpu      ] GC(0) User=0.00s Sys=0.00s Real=0.00s
[2025-08-19T13:31:02.129+0000][1692535][info ][safepoint   ] Safepoint "G1CollectForAllocation", Time since last: 1131589683 ns, Reaching safepoint: 2624 ns, Cleanup: 77046 ns, At safepoint: 2193052 ns, Total: 2272722 ns
[2025-08-19T13:31:03.596+0000][1692535][info ][safepoint   ] Safepoint "Cleanup", Time since last: 1466518705 ns, Reaching safepoint: 67552 ns, Cleanup: 92540 ns, At safepoint: 1973 ns, Total: 162065 ns
[2025-08-19T13:31:03.627+0000][1692535][info ][gc,start    ] GC(1) Pause Young (Normal) (G1 Evacuation Pause)
[2025-08-19T13:31:03.627+0000][1692535][info ][gc,task     ] GC(1) Using 1 workers of 1 for evacuation
[2025-08-19T13:31:03.627+0000][1692535][debug][gc,age      ] GC(1) Desired survivor size 2097152 bytes, new threshold 1 (max threshold 15)
[2025-08-19T13:31:03.630+0000][1692535][info ][gc,phases   ] GC(1)   Pre Evacuate Collection Set: 0.1ms
[2025-08-19T13:31:03.630+0000][1692535][info ][gc,phases   ] GC(1)   Merge Heap Roots: 0.0ms
[2025-08-19T13:31:03.630+0000][1692535][info ][gc,phases   ] GC(1)   Evacuate Collection Set: 3.0ms
[2025-08-19T13:31:03.630+0000][1692535][info ][gc,phases   ] GC(1)   Post Evacuate Collection Set: 0.2ms
[2025-08-19T13:31:03.630+0000][1692535][info ][gc,phases   ] GC(1)   Other: 0.0ms
[2025-08-19T13:31:03.630+0000][1692535][trace][gc,age      ] GC(1) Age table with threshold 1 (max threshold 15)
[2025-08-19T13:31:03.630+0000][1692535][trace][gc,age      ] GC(1) - age   1:    1905624 bytes,    1905624 total
[2025-08-19T13:31:03.630+0000][1692535][info ][gc,heap     ] GC(1) Eden regions: 5->0(5)
[2025-08-19T13:31:03.630+0000][1692535][info ][gc,heap     ] GC(1) Survivor regions: 1->1(1)
[2025-08-19T13:31:03.630+0000][1692535][info ][gc,heap     ] GC(1) Old regions: 1->2
[2025-08-19T13:31:03.630+0000][1692535][info ][gc,heap     ] GC(1) Humongous regions: 0->0
[2025-08-19T13:31:03.630+0000][1692535][info ][gc,metaspace] GC(1) Metaspace: 6645K(6912K)->6645K(6912K) NonClass: 5891K(6016K)->5891K(6016K) Class: 754K(896K)->754K(896K)
[2025-08-19T13:31:03.630+0000][1692535][info ][gc          ] GC(1) Pause Young (Normal) (G1 Evacuation Pause) 23M->5M(512M) 3.500ms
[2025-08-19T13:31:03.630+0000][1692535][info ][gc,cpu      ] GC(1) User=0.01s Sys=0.00s Real=0.00s
[2025-08-19T13:31:03.630+0000][1692535][info ][safepoint   ] Safepoint "G1CollectForAllocation", Time since last: 31065417 ns, Reaching safepoint: 1643 ns, Cleanup: 3074 ns, At safepoint: 3522399 ns, Total: 3527116 ns
[2025-08-19T13:31:04.825+0000][1692535][info ][gc,start    ] GC(2) Pause Young (Normal) (G1 Evacuation Pause)
[2025-08-19T13:31:04.825+0000][1692535][info ][gc,task     ] GC(2) Using 1 workers of 1 for evacuation
[2025-08-19T13:31:04.825+0000][1692535][debug][gc,age      ] GC(2) Desired survivor size 2097152 bytes, new threshold 15 (max threshold 15)
[2025-08-19T13:31:04.830+0000][1692535][info ][gc,phases   ] GC(2)   Pre Evacuate Collection Set: 0.1ms
[2025-08-19T13:31:04.830+0000][1692535][info ][gc,phases   ] GC(2)   Merge Heap Roots: 0.0ms
[2025-08-19T13:31:04.830+0000][1692535][info ][gc,phases   ] GC(2)   Evacuate Collection Set: 3.9ms
[2025-08-19T13:31:04.830+0000][1692535][info ][gc,phases   ] GC(2)   Post Evacuate Collection Set: 0.2ms
[2025-08-19T13:31:04.830+0000][1692535][info ][gc,phases   ] GC(2)   Other: 0.0ms
[2025-08-19T13:31:04.830+0000][1692535][trace][gc,age      ] GC(2) Age table with threshold 15 (max threshold 15)
[2025-08-19T13:31:04.830+0000][1692535][trace][gc,age      ] GC(2) - age   1:    1925672 bytes,    1925672 total
[2025-08-19T13:31:04.830+0000][1692535][trace][gc,age      ] GC(2) - age   2:    1868328 bytes,    3794000 total
[2025-08-19T13:31:04.830+0000][1692535][info ][gc,heap     ] GC(2) Eden regions: 5->0(5)
[2025-08-19T13:31:04.830+0000][1692535][info ][gc,heap     ] GC(2) Survivor regions: 1->1(1)
[2025-08-19T13:31:04.830+0000][1692535][info ][gc,heap     ] GC(2) Old regions: 2->2
[2025-08-19T13:31:04.830+0000][1692535][info ][gc,heap     ] GC(2) Humongous regions: 0->0
[2025-08-19T13:31:04.830+0000][1692535][info ][gc,metaspace] GC(2) Metaspace: 9656K(9920K)->9656K(9920K) NonClass: 8494K(8640K)->8494K(8640K) Class: 1162K(1280K)->1162K(1280K)
[2025-08-19T13:31:04.830+0000][1692535][info ][gc          ] GC(2) Pause Young (Normal) (G1 Evacuation Pause) 25M->7M(512M) 4.408ms
[2025-08-19T13:31:04.830+0000][1692535][info ][gc,cpu      ] GC(2) User=0.01s Sys=0.00s Real=0.01s
[2025-08-19T13:31:04.830+0000][1692535][info ][safepoint   ] Safepoint "G1CollectForAllocation", Time since last: 1194913019 ns, Reaching safepoint: 2825 ns, Cleanup: 105749 ns, At safepoint: 4431642 ns, Total: 4540216 ns
[2025-08-19T13:31:05.896+0000][1692535][info ][safepoint   ] Safepoint "Cleanup", Time since last: 1066700152 ns, Reaching safepoint: 2083 ns, Cleanup: 65409 ns, At safepoint: 1753 ns, Total: 69245 ns
[2025-08-19T13:31:06.866+0000][1692535][info ][safepoint   ] Safepoint "ICBufferFull", Time since last: 968892145 ns, Reaching safepoint: 3685 ns, Cleanup: 116496 ns, At safepoint: 2094 ns, Total: 122275 ns
[2025-08-19T13:31:06.936+0000][1692535][info ][gc,start    ] GC(3) Pause Young (Normal) (G1 Evacuation Pause)
[2025-08-19T13:31:06.937+0000][1692535][info ][gc,task     ] GC(3) Using 1 workers of 1 for evacuation
[2025-08-19T13:31:06.937+0000][1692535][debug][gc,age      ] GC(3) Desired survivor size 2097152 bytes, new threshold 2 (max threshold 15)
[2025-08-19T13:31:06.943+0000][1692535][info ][gc,phases   ] GC(3)   Pre Evacuate Collection Set: 0.1ms
[2025-08-19T13:31:06.943+0000][1692535][info ][gc,phases   ] GC(3)   Merge Heap Roots: 0.0ms
[2025-08-19T13:31:06.943+0000][1692535][info ][gc,phases   ] GC(3)   Evacuate Collection Set: 6.0ms
[2025-08-19T13:31:06.943+0000][1692535][info ][gc,phases   ] GC(3)   Post Evacuate Collection Set: 0.5ms
[2025-08-19T13:31:06.943+0000][1692535][info ][gc,phases   ] GC(3)   Other: 0.0ms
[2025-08-19T13:31:06.943+0000][1692535][trace][gc,age      ] GC(3) Age table with threshold 2 (max threshold 15)
[2025-08-19T13:31:06.943+0000][1692535][trace][gc,age      ] GC(3) - age   1:    2302416 bytes,    2302416 total
[2025-08-19T13:31:06.943+0000][1692535][trace][gc,age      ] GC(3) - age   2:    1807416 bytes,    4109832 total
[2025-08-19T13:31:06.943+0000][1692535][info ][gc,heap     ] GC(3) Eden regions: 5->0(5)
[2025-08-19T13:31:06.943+0000][1692535][info ][gc,heap     ] GC(3) Survivor regions: 1->1(1)
[2025-08-19T13:31:06.943+0000][1692535][info ][gc,heap     ] GC(3) Old regions: 2->3
[2025-08-19T13:31:06.943+0000][1692535][info ][gc,heap     ] GC(3) Humongous regions: 0->0
[2025-08-19T13:31:06.943+0000][1692535][info ][gc,metaspace] GC(3) Metaspace: 15490K(16000K)->15490K(16000K) NonClass: 13576K(13888K)->13576K(13888K) Class: 1914K(2112K)->1914K(2112K)
[2025-08-19T13:31:06.943+0000][1692535][info ][gc          ] GC(3) Pause Young (Normal) (G1 Evacuation Pause) 27M->9M(512M) 6.847ms
[2025-08-19T13:31:06.943+0000][1692535][info ][gc,cpu      ] GC(3) User=0.00s Sys=0.00s Real=0.00s
[2025-08-19T13:31:06.943+0000][1692535][info ][safepoint   ] Safepoint "G1CollectForAllocation", Time since last: 61197285 ns, Reaching safepoint: 9745396 ns, Cleanup: 13049 ns, At safepoint: 6972579 ns, Total: 16731024 ns
[2025-08-19T13:31:08.569+0000][1692535][info ][gc,start    ] GC(4) Pause Young (Normal) (G1 Evacuation Pause)
[2025-08-19T13:31:08.569+0000][1692535][info ][gc,task     ] GC(4) Using 1 workers of 1 for evacuation
[2025-08-19T13:31:08.569+0000][1692535][debug][gc,age      ] GC(4) Desired survivor size 2097152 bytes, new threshold 1 (max threshold 15)
[2025-08-19T13:31:08.574+0000][1692535][info ][gc,phases   ] GC(4)   Pre Evacuate Collection Set: 0.1ms
[2025-08-19T13:31:08.574+0000][1692535][info ][gc,phases   ] GC(4)   Merge Heap Roots: 0.0ms
[2025-08-19T13:31:08.574+0000][1692535][info ][gc,phases   ] GC(4)   Evacuate Collection Set: 4.5ms
[2025-08-19T13:31:08.574+0000][1692535][info ][gc,phases   ] GC(4)   Post Evacuate Collection Set: 0.3ms
[2025-08-19T13:31:08.574+0000][1692535][info ][gc,phases   ] GC(4)   Other: 0.0ms
[2025-08-19T13:31:08.574+0000][1692535][trace][gc,age      ] GC(4) Age table with threshold 1 (max threshold 15)
[2025-08-19T13:31:08.574+0000][1692535][trace][gc,age      ] GC(4) - age   1:     787544 bytes,     787544 total
[2025-08-19T13:31:08.574+0000][1692535][info ][gc,heap     ] GC(4) Eden regions: 5->0(12)
[2025-08-19T13:31:08.574+0000][1692535][info ][gc,heap     ] GC(4) Survivor regions: 1->1(1)
[2025-08-19T13:31:08.574+0000][1692535][info ][gc,heap     ] GC(4) Old regions: 3->3
[2025-08-19T13:31:08.574+0000][1692535][info ][gc,heap     ] GC(4) Humongous regions: 0->0
[2025-08-19T13:31:08.574+0000][1692535][info ][gc,metaspace] GC(4) Metaspace: 20154K(20736K)->20154K(20736K) NonClass: 17884K(18240K)->17884K(18240K) Class: 2270K(2496K)->2270K(2496K)
[2025-08-19T13:31:08.574+0000][1692535][info ][gc          ] GC(4) Pause Young (Normal) (G1 Evacuation Pause) 29M->9M(512M) 5.035ms
[2025-08-19T13:31:08.574+0000][1692535][info ][gc,cpu      ] GC(4) User=0.01s Sys=0.00s Real=0.00s
[2025-08-19T13:31:08.574+0000][1692535][info ][safepoint   ] Safepoint "G1CollectForAllocation", Time since last: 1625914687 ns, Reaching safepoint: 2684 ns, Cleanup: 88985 ns, At safepoint: 5060631 ns, Total: 5152300 ns
[2025-08-19T13:31:09.579+0000][1692535][info ][safepoint   ] Safepoint "Cleanup", Time since last: 1000071936 ns, Reaching safepoint: 4253663 ns, Cleanup: 51367 ns, At safepoint: 3325 ns, Total: 4308355 ns
[2025-08-19T13:31:10.376+0000][1692535][info ][gc,start    ] GC(5) Pause Young (Normal) (G1 Evacuation Pause)
[2025-08-19T13:31:10.376+0000][1692535][info ][gc,task     ] GC(5) Using 1 workers of 1 for evacuation
[2025-08-19T13:31:10.376+0000][1692535][debug][gc,age      ] GC(5) Desired survivor size 4194304 bytes, new threshold 15 (max threshold 15)
[2025-08-19T13:31:10.379+0000][1692535][info ][gc,phases   ] GC(5)   Pre Evacuate Collection Set: 0.1ms
[2025-08-19T13:31:10.379+0000][1692535][info ][gc,phases   ] GC(5)   Merge Heap Roots: 0.0ms
[2025-08-19T13:31:10.379+0000][1692535][info ][gc,phases   ] GC(5)   Evacuate Collection Set: 3.0ms
[2025-08-19T13:31:10.379+0000][1692535][info ][gc,phases   ] GC(5)   Post Evacuate Collection Set: 0.2ms
[2025-08-19T13:31:10.379+0000][1692535][info ][gc,phases   ] GC(5)   Other: 0.0ms
[2025-08-19T13:31:10.379+0000][1692535][trace][gc,age      ] GC(5) Age table with threshold 15 (max threshold 15)
[2025-08-19T13:31:10.379+0000][1692535][trace][gc,age      ] GC(5) - age   1:    1528376 bytes,    1528376 total
[2025-08-19T13:31:10.379+0000][1692535][trace][gc,age      ] GC(5) - age   2:     729424 bytes,    2257800 total
[2025-08-19T13:31:10.379+0000][1692535][info ][gc,heap     ] GC(5) Eden regions: 12->0(75)
[2025-08-19T13:31:10.379+0000][1692535][info ][gc,heap     ] GC(5) Survivor regions: 1->1(2)
[2025-08-19T13:31:10.379+0000][1692535][info ][gc,heap     ] GC(5) Old regions: 3->3
[2025-08-19T13:31:10.379+0000][1692535][info ][gc,heap     ] GC(5) Humongous regions: 0->0
[2025-08-19T13:31:10.379+0000][1692535][info ][gc,metaspace] GC(5) Metaspace: 20838K(21376K)->20838K(21376K) NonClass: 18527K(18816K)->18527K(18816K) Class: 2311K(2560K)->2311K(2560K)
[2025-08-19T13:31:10.379+0000][1692535][info ][gc          ] GC(5) Pause Young (Normal) (G1 Evacuation Pause) 57M->10M(512M) 3.467ms
[2025-08-19T13:31:10.379+0000][1692535][info ][gc,cpu      ] GC(5) User=0.01s Sys=0.00s Real=0.00s
[2025-08-19T13:31:10.379+0000][1692535][info ][safepoint   ] Safepoint "G1CollectForAllocation", Time since last: 797009949 ns, Reaching safepoint: 2804 ns, Cleanup: 59230 ns, At safepoint: 3492824 ns, Total: 3554858 ns
[2025-08-19T13:31:10.530+0000][1692535][info ][gc,start    ] GC(6) Pause Young (Concurrent Start) (Metadata GC Threshold)
[2025-08-19T13:31:10.530+0000][1692535][info ][gc,task     ] GC(6) Using 1 workers of 1 for evacuation
[2025-08-19T13:31:10.530+0000][1692535][debug][gc,age      ] GC(6) Desired survivor size 20971520 bytes, new threshold 15 (max threshold 15)
[2025-08-19T13:31:10.532+0000][1692535][info ][gc,phases   ] GC(6)   Pre Evacuate Collection Set: 0.1ms
[2025-08-19T13:31:10.532+0000][1692535][info ][gc,phases   ] GC(6)   Merge Heap Roots: 0.0ms
[2025-08-19T13:31:10.532+0000][1692535][info ][gc,phases   ] GC(6)   Evacuate Collection Set: 2.2ms
[2025-08-19T13:31:10.532+0000][1692535][info ][gc,phases   ] GC(6)   Post Evacuate Collection Set: 0.1ms
[2025-08-19T13:31:10.532+0000][1692535][info ][gc,phases   ] GC(6)   Other: 0.0ms
[2025-08-19T13:31:10.532+0000][1692535][trace][gc,age      ] GC(6) Age table with threshold 15 (max threshold 15)
[2025-08-19T13:31:10.532+0000][1692535][trace][gc,age      ] GC(6) - age   1:      61568 bytes,      61568 total
[2025-08-19T13:31:10.532+0000][1692535][trace][gc,age      ] GC(6) - age   2:     943584 bytes,    1005152 total
[2025-08-19T13:31:10.532+0000][1692535][trace][gc,age      ] GC(6) - age   3:     729392 bytes,    1734544 total
[2025-08-19T13:31:10.532+0000][1692535][info ][gc,heap     ] GC(6) Eden regions: 3->0(75)
[2025-08-19T13:31:10.532+0000][1692535][info ][gc,heap     ] GC(6) Survivor regions: 1->1(10)
[2025-08-19T13:31:10.532+0000][1692535][info ][gc,heap     ] GC(6) Old regions: 3->3
[2025-08-19T13:31:10.532+0000][1692535][info ][gc,heap     ] GC(6) Humongous regions: 0->0
[2025-08-19T13:31:10.532+0000][1692535][info ][gc,metaspace] GC(6) Metaspace: 20916K(21504K)->20916K(21504K) NonClass: 18593K(18944K)->18593K(18944K) Class: 2322K(2560K)->2322K(2560K)
[2025-08-19T13:31:10.532+0000][1692535][info ][gc          ] GC(6) Pause Young (Concurrent Start) (Metadata GC Threshold) 22M->10M(512M) 2.590ms
[2025-08-19T13:31:10.532+0000][1692535][info ][gc,cpu      ] GC(6) User=0.00s Sys=0.00s Real=0.00s
[2025-08-19T13:31:10.532+0000][1692535][info ][safepoint   ] Safepoint "CollectForMetadataAllocation", Time since last: 150185986 ns, Reaching safepoint: 2133 ns, Cleanup: 22073 ns, At safepoint: 2649521 ns, Total: 2673727 ns
[2025-08-19T13:31:10.532+0000][1692535][info ][gc          ] GC(7) Concurrent Mark Cycle
[2025-08-19T13:31:10.532+0000][1692535][info ][gc,marking  ] GC(7) Concurrent Scan Root Regions
[2025-08-19T13:31:10.533+0000][1692535][info ][gc,marking  ] GC(7) Concurrent Scan Root Regions 0.757ms
[2025-08-19T13:31:10.533+0000][1692535][info ][gc,marking  ] GC(7) Concurrent Mark
[2025-08-19T13:31:10.533+0000][1692535][info ][gc,marking  ] GC(7) Concurrent Mark From Roots
[2025-08-19T13:31:10.533+0000][1692535][info ][gc,task     ] GC(7) Using 1 workers of 1 for marking
[2025-08-19T13:31:10.548+0000][1692535][info ][gc,marking  ] GC(7) Concurrent Mark From Roots 15.029ms
[2025-08-19T13:31:10.548+0000][1692535][info ][gc,marking  ] GC(7) Concurrent Preclean
[2025-08-19T13:31:10.548+0000][1692535][info ][gc,marking  ] GC(7) Concurrent Preclean 0.015ms
[2025-08-19T13:31:10.589+0000][1692535][info ][gc,start    ] GC(7) Pause Remark
[2025-08-19T13:31:10.598+0000][1692535][info ][gc          ] GC(7) Pause Remark 10M->10M(512M) 8.411ms
[2025-08-19T13:31:10.598+0000][1692535][info ][gc,cpu      ] GC(7) User=0.01s Sys=0.00s Real=0.01s
[2025-08-19T13:31:10.600+0000][1692535][info ][safepoint   ] Safepoint "G1PauseRemark", Time since last: 49093900 ns, Reaching safepoint: 7976234 ns, Cleanup: 2464 ns, At safepoint: 10454816 ns, Total: 18433514 ns
[2025-08-19T13:31:10.600+0000][1692535][info ][gc,marking  ] GC(7) Concurrent Mark 67.124ms
[2025-08-19T13:31:10.600+0000][1692535][info ][gc,marking  ] GC(7) Concurrent Rebuild Remembered Sets and Scrub Regions
[2025-08-19T13:31:10.603+0000][1692535][info ][gc,marking  ] GC(7) Concurrent Rebuild Remembered Sets and Scrub Regions 2.690ms
[2025-08-19T13:31:10.603+0000][1692535][info ][gc,start    ] GC(7) Pause Cleanup
[2025-08-19T13:31:10.603+0000][1692535][info ][gc          ] GC(7) Pause Cleanup 10M->10M(512M) 0.341ms
[2025-08-19T13:31:10.603+0000][1692535][info ][gc,cpu      ] GC(7) User=0.00s Sys=0.00s Real=0.00s
[2025-08-19T13:31:10.603+0000][1692535][info ][safepoint   ] Safepoint "G1PauseCleanup", Time since last: 3138679 ns, Reaching safepoint: 6911 ns, Cleanup: 851 ns, At safepoint: 476450 ns, Total: 484212 ns
[2025-08-19T13:31:10.603+0000][1692535][info ][gc,marking  ] GC(7) Concurrent Clear Claimed Marks
[2025-08-19T13:31:10.603+0000][1692535][info ][gc,marking  ] GC(7) Concurrent Clear Claimed Marks 0.015ms
[2025-08-19T13:31:10.603+0000][1692535][info ][gc,marking  ] GC(7) Concurrent Cleanup for Next Mark
[2025-08-19T13:31:10.604+0000][1692535][info ][gc,marking  ] GC(7) Concurrent Cleanup for Next Mark 0.270ms
[2025-08-19T13:31:10.604+0000][1692535][info ][gc          ] GC(7) Concurrent Mark Cycle 71.443ms
[2025-08-19T13:31:11.879+0000][1692535][info ][safepoint   ] Safepoint "ICBufferFull", Time since last: 1275551901 ns, Reaching safepoint: 2133 ns, Cleanup: 97197 ns, At safepoint: 1742 ns, Total: 101072 ns
[2025-08-19T13:31:12.879+0000][1692535][info ][safepoint   ] Safepoint "Cleanup", Time since last: 1000091556 ns, Reaching safepoint: 2864 ns, Cleanup: 24257 ns, At safepoint: 1682 ns, Total: 28803 ns
[2025-08-19T13:31:13.879+0000][1692535][info ][safepoint   ] Safepoint "Cleanup", Time since last: 1000087299 ns, Reaching safepoint: 2724 ns, Cleanup: 89676 ns, At safepoint: 2083 ns, Total: 94483 ns
[2025-08-19T13:31:15.226+0000][1692535][info ][safepoint   ] Safepoint "Cleanup", Time since last: 1346865552 ns, Reaching safepoint: 3335 ns, Cleanup: 91048 ns, At safepoint: 2233 ns, Total: 96616 ns
[2025-08-19T13:31:15.417+0000][1692535][info ][gc,start    ] GC(8) Pause Young (Prepare Mixed) (G1 Evacuation Pause)
[2025-08-19T13:31:15.417+0000][1692535][info ][gc,task     ] GC(8) Using 1 workers of 1 for evacuation
[2025-08-19T13:31:15.417+0000][1692535][debug][gc,age      ] GC(8) Desired survivor size 20971520 bytes, new threshold 15 (max threshold 15)
[2025-08-19T13:31:15.430+0000][1692535][info ][gc,phases   ] GC(8)   Pre Evacuate Collection Set: 0.1ms
[2025-08-19T13:31:15.430+0000][1692535][info ][gc,phases   ] GC(8)   Merge Heap Roots: 0.0ms
[2025-08-19T13:31:15.430+0000][1692535][info ][gc,phases   ] GC(8)   Evacuate Collection Set: 12.5ms
[2025-08-19T13:31:15.430+0000][1692535][info ][gc,phases   ] GC(8)   Post Evacuate Collection Set: 0.4ms
[2025-08-19T13:31:15.430+0000][1692535][info ][gc,phases   ] GC(8)   Other: 0.1ms
[2025-08-19T13:31:15.430+0000][1692535][trace][gc,age      ] GC(8) Age table with threshold 15 (max threshold 15)
[2025-08-19T13:31:15.430+0000][1692535][trace][gc,age      ] GC(8) - age   1:    8718824 bytes,    8718824 total
[2025-08-19T13:31:15.430+0000][1692535][trace][gc,age      ] GC(8) - age   2:      58672 bytes,    8777496 total
[2025-08-19T13:31:15.430+0000][1692535][trace][gc,age      ] GC(8) - age   3:     943256 bytes,    9720752 total
[2025-08-19T13:31:15.430+0000][1692535][trace][gc,age      ] GC(8) - age   4:     727232 bytes,   10447984 total
[2025-08-19T13:31:15.430+0000][1692535][info ][gc,heap     ] GC(8) Eden regions: 75->0(42)
[2025-08-19T13:31:15.430+0000][1692535][info ][gc,heap     ] GC(8) Survivor regions: 1->3(10)
[2025-08-19T13:31:15.430+0000][1692535][info ][gc,heap     ] GC(8) Old regions: 3->3
[2025-08-19T13:31:15.430+0000][1692535][info ][gc,heap     ] GC(8) Humongous regions: 0->0
[2025-08-19T13:31:15.430+0000][1692535][info ][gc,metaspace] GC(8) Metaspace: 29381K(30080K)->29381K(30080K) NonClass: 26020K(26432K)->26020K(26432K) Class: 3361K(3648K)->3361K(3648K)
[2025-08-19T13:31:15.430+0000][1692535][info ][gc          ] GC(8) Pause Young (Prepare Mixed) (G1 Evacuation Pause) 310M->19M(512M) 13.228ms
[2025-08-19T13:31:15.430+0000][1692535][info ][gc,cpu      ] GC(8) User=0.01s Sys=0.01s Real=0.01s
[2025-08-19T13:31:15.430+0000][1692535][info ][safepoint   ] Safepoint "G1CollectForAllocation", Time since last: 190376693 ns, Reaching safepoint: 3365 ns, Cleanup: 19189 ns, At safepoint: 13255305 ns, Total: 13277859 ns
[2025-08-19T13:31:16.247+0000][1692535][info ][gc,start    ] GC(9) Pause Young (Mixed) (G1 Evacuation Pause)
[2025-08-19T13:31:16.247+0000][1692535][info ][gc,task     ] GC(9) Using 1 workers of 1 for evacuation
[2025-08-19T13:31:16.247+0000][1692535][debug][gc,age      ] GC(9) Desired survivor size 12582912 bytes, new threshold 15 (max threshold 15)
[2025-08-19T13:31:16.261+0000][1692535][info ][gc,phases   ] GC(9)   Pre Evacuate Collection Set: 0.1ms
[2025-08-19T13:31:16.261+0000][1692535][info ][gc,phases   ] GC(9)   Merge Heap Roots: 0.0ms
[2025-08-19T13:31:16.261+0000][1692535][info ][gc,phases   ] GC(9)   Evacuate Collection Set: 13.1ms
[2025-08-19T13:31:16.261+0000][1692535][info ][gc,phases   ] GC(9)   Post Evacuate Collection Set: 0.5ms
[2025-08-19T13:31:16.261+0000][1692535][info ][gc,phases   ] GC(9)   Other: 0.0ms
[2025-08-19T13:31:16.261+0000][1692535][trace][gc,age      ] GC(9) Age table with threshold 15 (max threshold 15)
[2025-08-19T13:31:16.261+0000][1692535][trace][gc,age      ] GC(9) - age   1:    2721040 bytes,    2721040 total
[2025-08-19T13:31:16.261+0000][1692535][trace][gc,age      ] GC(9) - age   2:    8524336 bytes,   11245376 total
[2025-08-19T13:31:16.261+0000][1692535][trace][gc,age      ] GC(9) - age   3:      58640 bytes,   11304016 total
[2025-08-19T13:31:16.261+0000][1692535][trace][gc,age      ] GC(9) - age   4:     943256 bytes,   12247272 total
[2025-08-19T13:31:16.261+0000][1692535][trace][gc,age      ] GC(9) - age   5:     727232 bytes,   12974504 total
[2025-08-19T13:31:16.261+0000][1692535][info ][gc,heap     ] GC(9) Eden regions: 39->0(35)
[2025-08-19T13:31:16.261+0000][1692535][info ][gc,heap     ] GC(9) Survivor regions: 3->4(6)
[2025-08-19T13:31:16.261+0000][1692535][info ][gc,heap     ] GC(9) Old regions: 3->3
[2025-08-19T13:31:16.261+0000][1692535][info ][gc,heap     ] GC(9) Humongous regions: 0->0
[2025-08-19T13:31:16.261+0000][1692535][info ][gc,metaspace] GC(9) Metaspace: 29777K(30528K)->29777K(30528K) NonClass: 26377K(26816K)->26377K(26816K) Class: 3400K(3712K)->3400K(3712K)
[2025-08-19T13:31:16.261+0000][1692535][info ][gc          ] GC(9) Pause Young (Mixed) (G1 Evacuation Pause) 175M->22M(512M) 13.882ms
[2025-08-19T13:31:16.261+0000][1692535][info ][gc,cpu      ] GC(9) User=0.02s Sys=0.00s Real=0.01s
[2025-08-19T13:31:16.261+0000][1692535][info ][safepoint   ] Safepoint "G1CollectForAllocation", Time since last: 816997409 ns, Reaching safepoint: 3245 ns, Cleanup: 47973 ns, At safepoint: 13910834 ns, Total: 13962052 ns
[2025-08-19T13:31:16.961+0000][1692535][info ][gc,start    ] GC(10) Pause Young (Normal) (G1 Evacuation Pause)
[2025-08-19T13:31:16.961+0000][1692535][info ][gc,task     ] GC(10) Using 1 workers of 1 for evacuation
[2025-08-19T13:31:16.961+0000][1692535][debug][gc,age      ] GC(10) Desired survivor size 10485760 bytes, new threshold 2 (max threshold 15)
[2025-08-19T13:31:16.971+0000][1692535][info ][gc,phases   ] GC(10)   Pre Evacuate Collection Set: 0.1ms
[2025-08-19T13:31:16.971+0000][1692535][info ][gc,phases   ] GC(10)   Merge Heap Roots: 0.0ms
[2025-08-19T13:31:16.971+0000][1692535][info ][gc,phases   ] GC(10)   Evacuate Collection Set: 10.1ms
[2025-08-19T13:31:16.971+0000][1692535][info ][gc,phases   ] GC(10)   Post Evacuate Collection Set: 0.3ms
[2025-08-19T13:31:16.971+0000][1692535][info ][gc,phases   ] GC(10)   Other: 0.0ms
[2025-08-19T13:31:16.971+0000][1692535][trace][gc,age      ] GC(10) Age table with threshold 2 (max threshold 15)
[2025-08-19T13:31:16.971+0000][1692535][trace][gc,age      ] GC(10) - age   1:    1044600 bytes,    1044600 total
[2025-08-19T13:31:16.971+0000][1692535][trace][gc,age      ] GC(10) - age   2:    1958072 bytes,    3002672 total
[2025-08-19T13:31:16.971+0000][1692535][info ][gc,heap     ] GC(10) Eden regions: 35->0(75)
[2025-08-19T13:31:16.971+0000][1692535][info ][gc,heap     ] GC(10) Survivor regions: 4->1(5)
[2025-08-19T13:31:16.971+0000][1692535][info ][gc,heap     ] GC(10) Old regions: 3->5
[2025-08-19T13:31:16.971+0000][1692535][info ][gc,heap     ] GC(10) Humongous regions: 0->0
[2025-08-19T13:31:16.971+0000][1692535][info ][gc,metaspace] GC(10) Metaspace: 30156K(30912K)->30156K(30912K) NonClass: 26702K(27136K)->26702K(27136K) Class: 3453K(3776K)->3453K(3776K)
[2025-08-19T13:31:16.971+0000][1692535][info ][gc          ] GC(10) Pause Young (Normal) (G1 Evacuation Pause) 162M->22M(512M) 10.734ms
[2025-08-19T13:31:16.971+0000][1692535][info ][gc,cpu      ] GC(10) User=0.00s Sys=0.00s Real=0.01s
[2025-08-19T13:31:16.971+0000][1692535][info ][safepoint   ] Safepoint "G1CollectForAllocation", Time since last: 699515245 ns, Reaching safepoint: 2935 ns, Cleanup: 38859 ns, At safepoint: 10761098 ns, Total: 10802892 ns
[2025-08-19T13:31:18.444+0000][1692535][info ][safepoint   ] Safepoint "Cleanup", Time since last: 1472680620 ns, Reaching safepoint: 2103 ns, Cleanup: 69565 ns, At safepoint: 1492 ns, Total: 73160 ns
[2025-08-19T13:31:19.044+0000][1692535][info ][gc,start    ] GC(11) Pause Young (Concurrent Start) (Metadata GC Threshold)
[2025-08-19T13:31:19.044+0000][1692535][info ][gc,task     ] GC(11) Using 1 workers of 1 for evacuation
[2025-08-19T13:31:19.044+0000][1692535][debug][gc,age      ] GC(11) Desired survivor size 20971520 bytes, new threshold 15 (max threshold 15)
[2025-08-19T13:31:19.052+0000][1692535][info ][gc,phases   ] GC(11)   Pre Evacuate Collection Set: 0.1ms
[2025-08-19T13:31:19.052+0000][1692535][info ][gc,phases   ] GC(11)   Merge Heap Roots: 0.0ms
[2025-08-19T13:31:19.052+0000][1692535][info ][gc,phases   ] GC(11)   Evacuate Collection Set: 7.2ms
[2025-08-19T13:31:19.052+0000][1692535][info ][gc,phases   ] GC(11)   Post Evacuate Collection Set: 0.4ms
[2025-08-19T13:31:19.052+0000][1692535][info ][gc,phases   ] GC(11)   Other: 0.0ms
[2025-08-19T13:31:19.052+0000][1692535][trace][gc,age      ] GC(11) Age table with threshold 15 (max threshold 15)
[2025-08-19T13:31:19.052+0000][1692535][trace][gc,age      ] GC(11) - age   1:    3168720 bytes,    3168720 total
[2025-08-19T13:31:19.052+0000][1692535][trace][gc,age      ] GC(11) - age   2:     807360 bytes,    3976080 total
[2025-08-19T13:31:19.052+0000][1692535][trace][gc,age      ] GC(11) - age   3:    1958072 bytes,    5934152 total
[2025-08-19T13:31:19.052+0000][1692535][info ][gc,heap     ] GC(11) Eden regions: 36->0(74)
[2025-08-19T13:31:19.052+0000][1692535][info ][gc,heap     ] GC(11) Survivor regions: 1->2(10)
[2025-08-19T13:31:19.052+0000][1692535][info ][gc,heap     ] GC(11) Old regions: 5->5
[2025-08-19T13:31:19.052+0000][1692535][info ][gc,heap     ] GC(11) Humongous regions: 0->0
[2025-08-19T13:31:19.052+0000][1692535][info ][gc,metaspace] GC(11) Metaspace: 35172K(35968K)->35172K(35968K) NonClass: 31188K(31616K)->31188K(31616K) Class: 3984K(4352K)->3984K(4352K)
[2025-08-19T13:31:19.052+0000][1692535][info ][gc          ] GC(11) Pause Young (Concurrent Start) (Metadata GC Threshold) 166M->24M(512M) 7.899ms
[2025-08-19T13:31:19.052+0000][1692535][info ][gc,cpu      ] GC(11) User=0.00s Sys=0.00s Real=0.01s
[2025-08-19T13:31:19.052+0000][1692535][info ][safepoint   ] Safepoint "CollectForMetadataAllocation", Time since last: 599603221 ns, Reaching safepoint: 2774 ns, Cleanup: 31388 ns, At safepoint: 7963925 ns, Total: 7998087 ns
[2025-08-19T13:31:19.055+0000][1692535][info ][gc          ] GC(12) Concurrent Mark Cycle
[2025-08-19T13:31:19.055+0000][1692535][info ][gc,marking  ] GC(12) Concurrent Scan Root Regions
[2025-08-19T13:31:19.057+0000][1692535][info ][gc,marking  ] GC(12) Concurrent Scan Root Regions 1.170ms
[2025-08-19T13:31:19.057+0000][1692535][info ][gc,marking  ] GC(12) Concurrent Mark
[2025-08-19T13:31:19.057+0000][1692535][info ][gc,marking  ] GC(12) Concurrent Mark From Roots
[2025-08-19T13:31:19.057+0000][1692535][info ][gc,task     ] GC(12) Using 1 workers of 1 for marking
[2025-08-19T13:31:19.078+0000][1692535][info ][gc,marking  ] GC(12) Concurrent Mark From Roots 21.884ms
[2025-08-19T13:31:19.078+0000][1692535][info ][gc,marking  ] GC(12) Concurrent Preclean
[2025-08-19T13:31:19.078+0000][1692535][info ][gc,marking  ] GC(12) Concurrent Preclean 0.021ms
[2025-08-19T13:31:19.095+0000][1692535][info ][gc,start    ] GC(12) Pause Remark
[2025-08-19T13:31:19.103+0000][1692535][info ][gc          ] GC(12) Pause Remark 24M->24M(512M) 8.450ms
[2025-08-19T13:31:19.103+0000][1692535][info ][gc,cpu      ] GC(12) User=0.01s Sys=0.00s Real=0.01s
[2025-08-19T13:31:19.103+0000][1692535][info ][safepoint   ] Safepoint "G1PauseRemark", Time since last: 34449267 ns, Reaching safepoint: 8485193 ns, Cleanup: 2143 ns, At safepoint: 8518483 ns, Total: 17005819 ns
[2025-08-19T13:31:19.104+0000][1692535][info ][gc,marking  ] GC(12) Concurrent Mark 47.171ms
[2025-08-19T13:31:19.104+0000][1692535][info ][gc,marking  ] GC(12) Concurrent Rebuild Remembered Sets and Scrub Regions
[2025-08-19T13:31:19.109+0000][1692535][info ][gc,marking  ] GC(12) Concurrent Rebuild Remembered Sets and Scrub Regions 5.161ms
[2025-08-19T13:31:19.113+0000][1692535][info ][gc,start    ] GC(12) Pause Cleanup
[2025-08-19T13:31:19.113+0000][1692535][info ][gc          ] GC(12) Pause Cleanup 24M->24M(512M) 0.087ms
[2025-08-19T13:31:19.114+0000][1692535][info ][gc,cpu      ] GC(12) User=0.00s Sys=0.00s Real=0.00s
[2025-08-19T13:31:19.114+0000][1692535][info ][safepoint   ] Safepoint "G1PauseCleanup", Time since last: 5829812 ns, Reaching safepoint: 4431342 ns, Cleanup: 7120 ns, At safepoint: 417230 ns, Total: 4855692 ns
[2025-08-19T13:31:19.114+0000][1692535][info ][gc,marking  ] GC(12) Concurrent Clear Claimed Marks
[2025-08-19T13:31:19.114+0000][1692535][info ][gc,marking  ] GC(12) Concurrent Clear Claimed Marks 0.025ms
[2025-08-19T13:31:19.114+0000][1692535][info ][gc,marking  ] GC(12) Concurrent Cleanup for Next Mark
[2025-08-19T13:31:19.126+0000][1692535][info ][gc,marking  ] GC(12) Concurrent Cleanup for Next Mark 12.232ms
[2025-08-19T13:31:19.126+0000][1692535][info ][gc          ] GC(12) Concurrent Mark Cycle 70.733ms
[2025-08-19T13:31:20.114+0000][1692535][info ][safepoint   ] Safepoint "Cleanup", Time since last: 1000075632 ns, Reaching safepoint: 3635 ns, Cleanup: 61092 ns, At safepoint: 2053 ns, Total: 66780 ns
[2025-08-19T13:31:21.114+0000][1692535][info ][safepoint   ] Safepoint "Cleanup", Time since last: 1000091285 ns, Reaching safepoint: 2805 ns, Cleanup: 41472 ns, At safepoint: 1903 ns, Total: 46180 ns
[2025-08-19T13:31:21.863+0000][1692535][info ][gc,start    ] GC(13) Pause Young (Normal) (G1 Evacuation Pause)
[2025-08-19T13:31:21.863+0000][1692535][info ][gc,task     ] GC(13) Using 1 workers of 1 for evacuation
[2025-08-19T13:31:21.863+0000][1692535][debug][gc,age      ] GC(13) Desired survivor size 20971520 bytes, new threshold 15 (max threshold 15)
[2025-08-19T13:31:21.870+0000][1692535][info ][gc,phases   ] GC(13)   Pre Evacuate Collection Set: 0.1ms
[2025-08-19T13:31:21.870+0000][1692535][info ][gc,phases   ] GC(13)   Merge Heap Roots: 0.0ms
[2025-08-19T13:31:21.870+0000][1692535][info ][gc,phases   ] GC(13)   Evacuate Collection Set: 6.7ms
[2025-08-19T13:31:21.870+0000][1692535][info ][gc,phases   ] GC(13)   Post Evacuate Collection Set: 0.3ms
[2025-08-19T13:31:21.870+0000][1692535][info ][gc,phases   ] GC(13)   Other: 0.0ms
[2025-08-19T13:31:21.870+0000][1692535][trace][gc,age      ] GC(13) Age table with threshold 15 (max threshold 15)
[2025-08-19T13:31:21.870+0000][1692535][trace][gc,age      ] GC(13) - age   1:    6082032 bytes,    6082032 total
[2025-08-19T13:31:21.870+0000][1692535][trace][gc,age      ] GC(13) - age   2:    3155280 bytes,    9237312 total
[2025-08-19T13:31:21.870+0000][1692535][trace][gc,age      ] GC(13) - age   3:     806632 bytes,   10043944 total
[2025-08-19T13:31:21.870+0000][1692535][trace][gc,age      ] GC(13) - age   4:    1956808 bytes,   12000752 total
[2025-08-19T13:31:21.870+0000][1692535][info ][gc,heap     ] GC(13) Eden regions: 74->0(73)
[2025-08-19T13:31:21.870+0000][1692535][info ][gc,heap     ] GC(13) Survivor regions: 2->3(10)
[2025-08-19T13:31:21.870+0000][1692535][info ][gc,heap     ] GC(13) Old regions: 5->5
[2025-08-19T13:31:21.870+0000][1692535][info ][gc,heap     ] GC(13) Humongous regions: 0->0
[2025-08-19T13:31:21.870+0000][1692535][info ][gc,metaspace] GC(13) Metaspace: 37397K(38336K)->37397K(38336K) NonClass: 33120K(33664K)->33120K(33664K) Class: 4276K(4672K)->4276K(4672K)
[2025-08-19T13:31:21.870+0000][1692535][info ][gc          ] GC(13) Pause Young (Normal) (G1 Evacuation Pause) 320M->30M(512M) 7.311ms
[2025-08-19T13:31:21.870+0000][1692535][info ][gc,cpu      ] GC(13) User=0.01s Sys=0.00s Real=0.01s
[2025-08-19T13:31:21.870+0000][1692535][info ][safepoint   ] Safepoint "G1CollectForAllocation", Time since last: 748705240 ns, Reaching safepoint: 2764 ns, Cleanup: 54613 ns, At safepoint: 7335627 ns, Total: 7393004 ns
[2025-08-19T13:31:22.870+0000][1692535][info ][safepoint   ] Safepoint "Cleanup", Time since last: 1000069001 ns, Reaching safepoint: 2724 ns, Cleanup: 16044 ns, At safepoint: 2223 ns, Total: 20991 ns
[2025-08-19T13:31:23.454+0000][1692535][info ][gc,start    ] GC(14) Pause Young (Normal) (G1 Evacuation Pause)
[2025-08-19T13:31:23.454+0000][1692535][info ][gc,task     ] GC(14) Using 1 workers of 1 for evacuation
[2025-08-19T13:31:23.454+0000][1692535][debug][gc,age      ] GC(14) Desired survivor size 20971520 bytes, new threshold 15 (max threshold 15)
[2025-08-19T13:31:23.463+0000][1692535][info ][gc,phases   ] GC(14)   Pre Evacuate Collection Set: 0.1ms
[2025-08-19T13:31:23.463+0000][1692535][info ][gc,phases   ] GC(14)   Merge Heap Roots: 0.0ms
[2025-08-19T13:31:23.463+0000][1692535][info ][gc,phases   ] GC(14)   Evacuate Collection Set: 8.7ms
[2025-08-19T13:31:23.463+0000][1692535][info ][gc,phases   ] GC(14)   Post Evacuate Collection Set: 0.5ms
[2025-08-19T13:31:23.463+0000][1692535][info ][gc,phases   ] GC(14)   Other: 0.0ms
[2025-08-19T13:31:23.463+0000][1692535][trace][gc,age      ] GC(14) Age table with threshold 15 (max threshold 15)
[2025-08-19T13:31:23.463+0000][1692535][trace][gc,age      ] GC(14) - age   1:    5257768 bytes,    5257768 total
[2025-08-19T13:31:23.463+0000][1692535][trace][gc,age      ] GC(14) - age   2:    5689472 bytes,   10947240 total
[2025-08-19T13:31:23.463+0000][1692535][trace][gc,age      ] GC(14) - age   3:    3153120 bytes,   14100360 total
[2025-08-19T13:31:23.463+0000][1692535][trace][gc,age      ] GC(14) - age   4:     806536 bytes,   14906896 total
[2025-08-19T13:31:23.463+0000][1692535][trace][gc,age      ] GC(14) - age   5:    1956504 bytes,   16863400 total
[2025-08-19T13:31:23.463+0000][1692535][info ][gc,heap     ] GC(14) Eden regions: 73->0(71)
[2025-08-19T13:31:23.463+0000][1692535][info ][gc,heap     ] GC(14) Survivor regions: 3->5(10)
[2025-08-19T13:31:23.463+0000][1692535][info ][gc,heap     ] GC(14) Old regions: 5->5
[2025-08-19T13:31:23.463+0000][1692535][info ][gc,heap     ] GC(14) Humongous regions: 0->0
[2025-08-19T13:31:23.463+0000][1692535][info ][gc,metaspace] GC(14) Metaspace: 38081K(38976K)->38081K(38976K) NonClass: 33710K(34240K)->33710K(34240K) Class: 4370K(4736K)->4370K(4736K)
[2025-08-19T13:31:23.463+0000][1692535][info ][gc          ] GC(14) Pause Young (Normal) (G1 Evacuation Pause) 322M->36M(512M) 9.501ms
[2025-08-19T13:31:23.463+0000][1692535][info ][gc,cpu      ] GC(14) User=0.00s Sys=0.01s Real=0.01s
[2025-08-19T13:31:23.463+0000][1692535][info ][safepoint   ] Safepoint "G1CollectForAllocation", Time since last: 583615831 ns, Reaching safepoint: 3235 ns, Cleanup: 18167 ns, At safepoint: 9528348 ns, Total: 9549750 ns
[2025-08-19T13:31:24.464+0000][1692535][info ][safepoint   ] Safepoint "Cleanup", Time since last: 1000075281 ns, Reaching safepoint: 3064 ns, Cleanup: 36756 ns, At safepoint: 2423 ns, Total: 42243 ns
[2025-08-19T13:31:25.736+0000][1692535][info ][safepoint   ] Safepoint "Cleanup", Time since last: 1271972507 ns, Reaching safepoint: 76946 ns, Cleanup: 79220 ns, At safepoint: 2914 ns, Total: 159080 ns
[2025-08-19T13:31:26.764+0000][1692535][info ][safepoint   ] Safepoint "Cleanup", Time since last: 1000092837 ns, Reaching safepoint: 28591743 ns, Cleanup: 61353 ns, At safepoint: 6600 ns, Total: 28659696 ns
[2025-08-19T13:31:27.771+0000][1692535][info ][safepoint   ] Safepoint "Cleanup", Time since last: 1000095982 ns, Reaching safepoint: 6277989 ns, Cleanup: 24998 ns, At safepoint: 3976 ns, Total: 6306963 ns
[2025-08-19T13:31:28.800+0000][1692535][info ][safepoint   ] Safepoint "Cleanup", Time since last: 1000450006 ns, Reaching safepoint: 28398772 ns, Cleanup: 23996 ns, At safepoint: 5869 ns, Total: 28428637 ns
[2025-08-19T13:31:29.281+0000][1692535][info ][gc,start    ] GC(15) Pause Young (Normal) (G1 Evacuation Pause)
[2025-08-19T13:31:29.281+0000][1692535][info ][gc,task     ] GC(15) Using 1 workers of 1 for evacuation
[2025-08-19T13:31:29.281+0000][1692535][debug][gc,age      ] GC(15) Desired survivor size 20971520 bytes, new threshold 15 (max threshold 15)
[2025-08-19T13:31:29.296+0000][1692535][info ][gc,phases   ] GC(15)   Pre Evacuate Collection Set: 0.1ms
[2025-08-19T13:31:29.296+0000][1692535][info ][gc,phases   ] GC(15)   Merge Heap Roots: 0.0ms
[2025-08-19T13:31:29.296+0000][1692535][info ][gc,phases   ] GC(15)   Evacuate Collection Set: 13.6ms
[2025-08-19T13:31:29.296+0000][1692535][info ][gc,phases   ] GC(15)   Post Evacuate Collection Set: 0.8ms
[2025-08-19T13:31:29.296+0000][1692535][info ][gc,phases   ] GC(15)   Other: 0.0ms
[2025-08-19T13:31:29.296+0000][1692535][trace][gc,age      ] GC(15) Age table with threshold 15 (max threshold 15)
[2025-08-19T13:31:29.296+0000][1692535][trace][gc,age      ] GC(15) - age   1:    4811520 bytes,    4811520 total
[2025-08-19T13:31:29.296+0000][1692535][trace][gc,age      ] GC(15) - age   2:    3315376 bytes,    8126896 total
[2025-08-19T13:31:29.296+0000][1692535][trace][gc,age      ] GC(15) - age   3:    5670256 bytes,   13797152 total
[2025-08-19T13:31:29.296+0000][1692535][trace][gc,age      ] GC(15) - age   4:    3146912 bytes,   16944064 total
[2025-08-19T13:31:29.296+0000][1692535][trace][gc,age      ] GC(15) - age   5:     806000 bytes,   17750064 total
[2025-08-19T13:31:29.296+0000][1692535][trace][gc,age      ] GC(15) - age   6:    1953888 bytes,   19703952 total
[2025-08-19T13:31:29.296+0000][1692535][info ][gc,heap     ] GC(15) Eden regions: 71->0(71)
[2025-08-19T13:31:29.296+0000][1692535][info ][gc,heap     ] GC(15) Survivor regions: 5->5(10)
[2025-08-19T13:31:29.296+0000][1692535][info ][gc,heap     ] GC(15) Old regions: 5->5
[2025-08-19T13:31:29.296+0000][1692535][info ][gc,heap     ] GC(15) Humongous regions: 0->0
[2025-08-19T13:31:29.296+0000][1692535][info ][gc,metaspace] GC(15) Metaspace: 49180K(50432K)->49180K(50432K) NonClass: 43422K(44160K)->43422K(44160K) Class: 5758K(6272K)->5758K(6272K)
[2025-08-19T13:31:29.296+0000][1692535][info ][gc          ] GC(15) Pause Young (Normal) (G1 Evacuation Pause) 320M->38M(512M) 14.691ms
[2025-08-19T13:31:29.296+0000][1692535][info ][gc,cpu      ] GC(15) User=0.02s Sys=0.00s Real=0.02s
[2025-08-19T13:31:29.296+0000][1692535][info ][safepoint   ] Safepoint "G1CollectForAllocation", Time since last: 481403023 ns, Reaching safepoint: 3415 ns, Cleanup: 34902 ns, At safepoint: 14720929 ns, Total: 14759246 ns
[2025-08-19T13:31:31.048+0000][1692535][info ][safepoint   ] Safepoint "Cleanup", Time since last: 1752422951 ns, Reaching safepoint: 3665 ns, Cleanup: 79380 ns, At safepoint: 2373 ns, Total: 85418 ns
[2025-08-19T13:31:32.086+0000][1692535][info ][safepoint   ] Safepoint "Cleanup", Time since last: 1000098206 ns, Reaching safepoint: 37041121 ns, Cleanup: 17907 ns, At safepoint: 6319 ns, Total: 37065347 ns
[2025-08-19T13:31:32.800+0000][1692535][info ][gc,start    ] GC(16) Pause Young (Concurrent Start) (Metadata GC Threshold)
[2025-08-19T13:31:32.800+0000][1692535][info ][gc,task     ] GC(16) Using 1 workers of 1 for evacuation
[2025-08-19T13:31:32.800+0000][1692535][debug][gc,age      ] GC(16) Desired survivor size 20971520 bytes, new threshold 15 (max threshold 15)
[2025-08-19T13:31:32.820+0000][1692535][info ][gc,phases   ] GC(16)   Pre Evacuate Collection Set: 0.1ms
[2025-08-19T13:31:32.820+0000][1692535][info ][gc,phases   ] GC(16)   Merge Heap Roots: 0.0ms
[2025-08-19T13:31:32.820+0000][1692535][info ][gc,phases   ] GC(16)   Evacuate Collection Set: 19.2ms
[2025-08-19T13:31:32.820+0000][1692535][info ][gc,phases   ] GC(16)   Post Evacuate Collection Set: 0.8ms
[2025-08-19T13:31:32.820+0000][1692535][info ][gc,phases   ] GC(16)   Other: 0.0ms
[2025-08-19T13:31:32.820+0000][1692535][trace][gc,age      ] GC(16) Age table with threshold 15 (max threshold 15)
[2025-08-19T13:31:32.820+0000][1692535][trace][gc,age      ] GC(16) - age   1:    2036600 bytes,    2036600 total
[2025-08-19T13:31:32.820+0000][1692535][trace][gc,age      ] GC(16) - age   2:    4631312 bytes,    6667912 total
[2025-08-19T13:31:32.820+0000][1692535][trace][gc,age      ] GC(16) - age   3:    3314192 bytes,    9982104 total
[2025-08-19T13:31:32.820+0000][1692535][trace][gc,age      ] GC(16) - age   4:    5667864 bytes,   15649968 total
[2025-08-19T13:31:32.820+0000][1692535][trace][gc,age      ] GC(16) - age   5:    3146336 bytes,   18796304 total
[2025-08-19T13:31:32.820+0000][1692535][trace][gc,age      ] GC(16) - age   6:     805968 bytes,   19602272 total
[2025-08-19T13:31:32.820+0000][1692535][trace][gc,age      ] GC(16) - age   7:    1953080 bytes,   21555352 total
[2025-08-19T13:31:32.820+0000][1692535][info ][gc,heap     ] GC(16) Eden regions: 14->0(70)
[2025-08-19T13:31:32.820+0000][1692535][info ][gc,heap     ] GC(16) Survivor regions: 5->6(10)
[2025-08-19T13:31:32.820+0000][1692535][info ][gc,heap     ] GC(16) Old regions: 5->5
[2025-08-19T13:31:32.820+0000][1692535][info ][gc,heap     ] GC(16) Humongous regions: 0->0
[2025-08-19T13:31:32.820+0000][1692535][info ][gc,metaspace] GC(16) Metaspace: 58778K(60096K)->58778K(60096K) NonClass: 51576K(52352K)->51576K(52352K) Class: 7202K(7744K)->7202K(7744K)
[2025-08-19T13:31:32.820+0000][1692535][info ][gc          ] GC(16) Pause Young (Concurrent Start) (Metadata GC Threshold) 92M->40M(512M) 20.319ms
[2025-08-19T13:31:32.820+0000][1692535][info ][gc,cpu      ] GC(16) User=0.02s Sys=0.00s Real=0.02s
[2025-08-19T13:31:32.820+0000][1692535][info ][safepoint   ] Safepoint "CollectForMetadataAllocation", Time since last: 701061140 ns, Reaching safepoint: 12990895 ns, Cleanup: 16035 ns, At safepoint: 20395616 ns, Total: 33402546 ns
[2025-08-19T13:31:32.823+0000][1692535][info ][gc          ] GC(17) Concurrent Mark Cycle
[2025-08-19T13:31:32.826+0000][1692535][info ][gc,marking  ] GC(17) Concurrent Scan Root Regions
[2025-08-19T13:31:32.831+0000][1692535][info ][gc,marking  ] GC(17) Concurrent Scan Root Regions 5.017ms
[2025-08-19T13:31:32.831+0000][1692535][info ][gc,marking  ] GC(17) Concurrent Mark
[2025-08-19T13:31:32.831+0000][1692535][info ][gc,marking  ] GC(17) Concurrent Mark From Roots
[2025-08-19T13:31:32.831+0000][1692535][info ][gc,task     ] GC(17) Using 1 workers of 1 for marking
[2025-08-19T13:31:32.872+0000][1692535][info ][gc,marking  ] GC(17) Concurrent Mark From Roots 41.149ms
[2025-08-19T13:31:32.872+0000][1692535][info ][gc,marking  ] GC(17) Concurrent Preclean
[2025-08-19T13:31:32.872+0000][1692535][info ][gc,marking  ] GC(17) Concurrent Preclean 0.055ms
[2025-08-19T13:31:32.880+0000][1692535][info ][gc,start    ] GC(17) Pause Remark
[2025-08-19T13:31:32.932+0000][1692535][info ][gc          ] GC(17) Pause Remark 42M->42M(512M) 52.494ms
[2025-08-19T13:31:32.932+0000][1692535][info ][gc,cpu      ] GC(17) User=0.01s Sys=0.00s Real=0.05s
[2025-08-19T13:31:32.932+0000][1692535][info ][safepoint   ] Safepoint "G1PauseRemark", Time since last: 52376778 ns, Reaching safepoint: 7356317 ns, Cleanup: 5969 ns, At safepoint: 52550480 ns, Total: 59912766 ns
[2025-08-19T13:31:32.933+0000][1692535][info ][gc,marking  ] GC(17) Concurrent Mark 101.562ms
[2025-08-19T13:31:32.933+0000][1692535][info ][gc,marking  ] GC(17) Concurrent Rebuild Remembered Sets and Scrub Regions
[2025-08-19T13:31:32.952+0000][1692535][info ][gc,marking  ] GC(17) Concurrent Rebuild Remembered Sets and Scrub Regions 19.634ms
[2025-08-19T13:31:32.953+0000][1692535][info ][gc,start    ] GC(17) Pause Cleanup
[2025-08-19T13:31:32.958+0000][1692535][info ][gc          ] GC(17) Pause Cleanup 42M->42M(512M) 5.307ms
[2025-08-19T13:31:32.958+0000][1692535][info ][gc,cpu      ] GC(17) User=0.00s Sys=0.00s Real=0.01s
[2025-08-19T13:31:32.958+0000][1692535][info ][safepoint   ] Safepoint "G1PauseCleanup", Time since last: 20241964 ns, Reaching safepoint: 67402 ns, Cleanup: 14863 ns, At safepoint: 5337489 ns, Total: 5419754 ns
[2025-08-19T13:31:32.958+0000][1692535][info ][gc,marking  ] GC(17) Concurrent Clear Claimed Marks
[2025-08-19T13:31:32.958+0000][1692535][info ][gc,marking  ] GC(17) Concurrent Clear Claimed Marks 0.061ms
[2025-08-19T13:31:32.958+0000][1692535][info ][gc,marking  ] GC(17) Concurrent Cleanup for Next Mark
[2025-08-19T13:31:32.960+0000][1692535][info ][gc,marking  ] GC(17) Concurrent Cleanup for Next Mark 2.292ms
[2025-08-19T13:31:32.960+0000][1692535][info ][gc          ] GC(17) Concurrent Mark Cycle 136.930ms
[2025-08-19T13:31:33.959+0000][1692535][info ][safepoint   ] Safepoint "Cleanup", Time since last: 1000850271 ns, Reaching safepoint: 2975 ns, Cleanup: 14732 ns, At safepoint: 2343 ns, Total: 20050 ns
[2025-08-19T13:31:34.972+0000][1692535][info ][safepoint   ] Safepoint "Cleanup", Time since last: 1000090674 ns, Reaching safepoint: 12661539 ns, Cleanup: 27932 ns, At safepoint: 5929 ns, Total: 12695400 ns
[2025-08-19T13:31:36.153+0000][1692535][info ][safepoint   ] Safepoint "Cleanup", Time since last: 1169467457 ns, Reaching safepoint: 11548168 ns, Cleanup: 87842 ns, At safepoint: 4968 ns, Total: 11640978 ns
[2025-08-19T13:31:37.153+0000][1692535][info ][safepoint   ] Safepoint "Cleanup", Time since last: 1000101961 ns, Reaching safepoint: 68543 ns, Cleanup: 17076 ns, At safepoint: 2744 ns, Total: 88363 ns
[2025-08-19T13:31:38.174+0000][1692535][info ][safepoint   ] Safepoint "Cleanup", Time since last: 1000100970 ns, Reaching safepoint: 21175143 ns, Cleanup: 17397 ns, At safepoint: 5047 ns, Total: 21197587 ns
[2025-08-19T13:31:39.192+0000][1692535][info ][safepoint   ] Safepoint "Cleanup", Time since last: 1000134340 ns, Reaching safepoint: 17449428 ns, Cleanup: 21793 ns, At safepoint: 5849 ns, Total: 17477070 ns
[2025-08-19T13:31:40.233+0000][1692535][info ][safepoint   ] Safepoint "Cleanup", Time since last: 1000095421 ns, Reaching safepoint: 40598122 ns, Cleanup: 31528 ns, At safepoint: 6169 ns, Total: 40635819 ns
[2025-08-19T13:31:41.250+0000][1692535][info ][safepoint   ] Safepoint "Cleanup", Time since last: 1000097224 ns, Reaching safepoint: 17256527 ns, Cleanup: 16424 ns, At safepoint: 4237 ns, Total: 17277188 ns
[2025-08-19T13:31:42.288+0000][1692535][info ][safepoint   ] Safepoint "Cleanup", Time since last: 1000089622 ns, Reaching safepoint: 38130146 ns, Cleanup: 9574 ns, At safepoint: 7992 ns, Total: 38147712 ns
[2025-08-19T13:31:42.740+0000][1692535][info ][gc,start    ] GC(18) Pause Young (Normal) (G1 Evacuation Pause)
[2025-08-19T13:31:42.740+0000][1692535][info ][gc,task     ] GC(18) Using 1 workers of 1 for evacuation
[2025-08-19T13:31:42.740+0000][1692535][debug][gc,age      ] GC(18) Desired survivor size 20971520 bytes, new threshold 7 (max threshold 15)
[2025-08-19T13:31:42.824+0000][1692535][info ][gc,phases   ] GC(18)   Pre Evacuate Collection Set: 0.1ms
[2025-08-19T13:31:42.824+0000][1692535][info ][gc,phases   ] GC(18)   Merge Heap Roots: 0.0ms
[2025-08-19T13:31:42.824+0000][1692535][info ][gc,phases   ] GC(18)   Evacuate Collection Set: 82.5ms
[2025-08-19T13:31:42.824+0000][1692535][info ][gc,phases   ] GC(18)   Post Evacuate Collection Set: 1.3ms
[2025-08-19T13:31:42.824+0000][1692535][info ][gc,phases   ] GC(18)   Other: 0.0ms
[2025-08-19T13:31:42.824+0000][1692535][trace][gc,age      ] GC(18) Age table with threshold 7 (max threshold 15)
[2025-08-19T13:31:42.824+0000][1692535][trace][gc,age      ] GC(18) - age   1:    7346248 bytes,    7346248 total
[2025-08-19T13:31:42.824+0000][1692535][trace][gc,age      ] GC(18) - age   2:    1880200 bytes,    9226448 total
[2025-08-19T13:31:42.824+0000][1692535][trace][gc,age      ] GC(18) - age   3:    4561592 bytes,   13788040 total
[2025-08-19T13:31:42.824+0000][1692535][trace][gc,age      ] GC(18) - age   4:    3300832 bytes,   17088872 total
[2025-08-19T13:31:42.824+0000][1692535][trace][gc,age      ] GC(18) - age   5:    5642520 bytes,   22731392 total
[2025-08-19T13:31:42.824+0000][1692535][trace][gc,age      ] GC(18) - age   6:    3135576 bytes,   25866968 total
[2025-08-19T13:31:42.824+0000][1692535][trace][gc,age      ] GC(18) - age   7:     798984 bytes,   26665952 total
[2025-08-19T13:31:42.824+0000][1692535][info ][gc,heap     ] GC(18) Eden regions: 70->0(69)
[2025-08-19T13:31:42.824+0000][1692535][info ][gc,heap     ] GC(18) Survivor regions: 6->7(10)
[2025-08-19T13:31:42.824+0000][1692535][info ][gc,heap     ] GC(18) Old regions: 5->6
[2025-08-19T13:31:42.824+0000][1692535][info ][gc,heap     ] GC(18) Humongous regions: 0->0
[2025-08-19T13:31:42.824+0000][1692535][info ][gc,metaspace] GC(18) Metaspace: 67342K(68992K)->67342K(68992K) NonClass: 58806K(59776K)->58806K(59776K) Class: 8536K(9216K)->8536K(9216K)
[2025-08-19T13:31:42.824+0000][1692535][info ][gc          ] GC(18) Pause Young (Normal) (G1 Evacuation Pause) 320M->46M(512M) 84.152ms
[2025-08-19T13:31:42.824+0000][1692535][info ][gc,cpu      ] GC(18) User=0.03s Sys=0.01s Real=0.08s
[2025-08-19T13:31:42.824+0000][1692535][info ][safepoint   ] Safepoint "G1CollectForAllocation", Time since last: 451652400 ns, Reaching safepoint: 2925 ns, Cleanup: 10806 ns, At safepoint: 84183374 ns, Total: 84197105 ns
[2025-08-19T13:31:44.420+0000][1692535][info ][safepoint   ] Safepoint "ICBufferFull", Time since last: 1596250045 ns, Reaching safepoint: 3005 ns, Cleanup: 115194 ns, At safepoint: 1712 ns, Total: 119911 ns
[2025-08-19T13:31:45.433+0000][1692535][info ][safepoint   ] Safepoint "Cleanup", Time since last: 1000094380 ns, Reaching safepoint: 12634928 ns, Cleanup: 33891 ns, At safepoint: 3185 ns, Total: 12672004 ns
[2025-08-19T13:31:46.443+0000][1692535][info ][safepoint   ] Safepoint "Cleanup", Time since last: 1000096573 ns, Reaching safepoint: 9491382 ns, Cleanup: 9534 ns, At safepoint: 3495 ns, Total: 9504411 ns
[2025-08-19T13:31:46.669+0000][1692535][info ][gc,start    ] GC(19) Pause Young (Normal) (G1 Evacuation Pause)
[2025-08-19T13:31:46.669+0000][1692535][info ][gc,task     ] GC(19) Using 1 workers of 1 for evacuation
[2025-08-19T13:31:46.669+0000][1692535][debug][gc,age      ] GC(19) Desired survivor size 20971520 bytes, new threshold 5 (max threshold 15)
[2025-08-19T13:31:46.804+0000][1692535][info ][gc,phases   ] GC(19)   Pre Evacuate Collection Set: 0.1ms
[2025-08-19T13:31:46.804+0000][1692535][info ][gc,phases   ] GC(19)   Merge Heap Roots: 0.0ms
[2025-08-19T13:31:46.804+0000][1692535][info ][gc,phases   ] GC(19)   Evacuate Collection Set: 119.5ms
[2025-08-19T13:31:46.804+0000][1692535][info ][gc,phases   ] GC(19)   Post Evacuate Collection Set: 15.2ms
[2025-08-19T13:31:46.804+0000][1692535][info ][gc,phases   ] GC(19)   Other: 0.0ms
[2025-08-19T13:31:46.804+0000][1692535][trace][gc,age      ] GC(19) Age table with threshold 5 (max threshold 15)
[2025-08-19T13:31:46.804+0000][1692535][trace][gc,age      ] GC(19) - age   1:    3815088 bytes,    3815088 total
[2025-08-19T13:31:46.804+0000][1692535][trace][gc,age      ] GC(19) - age   2:    6529808 bytes,   10344896 total
[2025-08-19T13:31:46.804+0000][1692535][trace][gc,age      ] GC(19) - age   3:    1852424 bytes,   12197320 total
[2025-08-19T13:31:46.804+0000][1692535][trace][gc,age      ] GC(19) - age   4:    4527752 bytes,   16725072 total
[2025-08-19T13:31:46.804+0000][1692535][trace][gc,age      ] GC(19) - age   5:    3262240 bytes,   19987312 total
[2025-08-19T13:31:46.804+0000][1692535][info ][gc,heap     ] GC(19) Eden regions: 69->0(71)
[2025-08-19T13:31:46.804+0000][1692535][info ][gc,heap     ] GC(19) Survivor regions: 7->5(10)
[2025-08-19T13:31:46.804+0000][1692535][info ][gc,heap     ] GC(19) Old regions: 6->8
[2025-08-19T13:31:46.804+0000][1692535][info ][gc,heap     ] GC(19) Humongous regions: 0->0
[2025-08-19T13:31:46.804+0000][1692535][info ][gc,metaspace] GC(19) Metaspace: 72149K(73792K)->72149K(73792K) NonClass: 62864K(63808K)->62864K(63808K) Class: 9284K(9984K)->9284K(9984K)
[2025-08-19T13:31:46.804+0000][1692535][info ][gc          ] GC(19) Pause Young (Normal) (G1 Evacuation Pause) 322M->50M(512M) 135.088ms
[2025-08-19T13:31:46.804+0000][1692535][info ][gc,cpu      ] GC(19) User=0.05s Sys=0.01s Real=0.13s
[2025-08-19T13:31:46.804+0000][1692535][info ][safepoint   ] Safepoint "G1CollectForAllocation", Time since last: 210616284 ns, Reaching safepoint: 15831335 ns, Cleanup: 4266 ns, At safepoint: 135128590 ns, Total: 150964191 ns
[2025-08-19T13:31:47.805+0000][1692535][info ][safepoint   ] Safepoint "Cleanup", Time since last: 1000033267 ns, Reaching safepoint: 321616 ns, Cleanup: 28673 ns, At safepoint: 3075 ns, Total: 353364 ns
[2025-08-19T13:31:49.798+0000][1692535][info ][safepoint   ] Safepoint "Cleanup", Time since last: 1991754463 ns, Reaching safepoint: 946229 ns, Cleanup: 117227 ns, At safepoint: 2855 ns, Total: 1066311 ns
[2025-08-19T13:31:51.666+0000][1692535][info ][safepoint   ] Safepoint "Cleanup", Time since last: 1866004134 ns, Reaching safepoint: 2153712 ns, Cleanup: 105780 ns, At safepoint: 3375 ns, Total: 2262867 ns
[2025-08-19T13:31:52.666+0000][1692535][info ][safepoint   ] Safepoint "Cleanup", Time since last: 1000100219 ns, Reaching safepoint: 3094 ns, Cleanup: 22244 ns, At safepoint: 1823 ns, Total: 27161 ns
[2025-08-19T13:31:53.628+0000][1692535][info ][gc,start    ] GC(20) Pause Young (Normal) (G1 Evacuation Pause)
[2025-08-19T13:31:53.628+0000][1692535][info ][gc,task     ] GC(20) Using 1 workers of 1 for evacuation
[2025-08-19T13:31:53.628+0000][1692535][debug][gc,age      ] GC(20) Desired survivor size 20971520 bytes, new threshold 15 (max threshold 15)
[2025-08-19T13:31:53.728+0000][1692535][info ][gc,phases   ] GC(20)   Pre Evacuate Collection Set: 0.2ms
[2025-08-19T13:31:53.728+0000][1692535][info ][gc,phases   ] GC(20)   Merge Heap Roots: 0.1ms
[2025-08-19T13:31:53.728+0000][1692535][info ][gc,phases   ] GC(20)   Evacuate Collection Set: 80.0ms
[2025-08-19T13:31:53.728+0000][1692535][info ][gc,phases   ] GC(20)   Post Evacuate Collection Set: 18.8ms
[2025-08-19T13:31:53.728+0000][1692535][info ][gc,phases   ] GC(20)   Other: 0.0ms
[2025-08-19T13:31:53.728+0000][1692535][trace][gc,age      ] GC(20) Age table with threshold 15 (max threshold 15)
[2025-08-19T13:31:53.728+0000][1692535][trace][gc,age      ] GC(20) - age   1:    6167120 bytes,    6167120 total
[2025-08-19T13:31:53.728+0000][1692535][trace][gc,age      ] GC(20) - age   2:    3684960 bytes,    9852080 total
[2025-08-19T13:31:53.728+0000][1692535][trace][gc,age      ] GC(20) - age   3:    6513936 bytes,   16366016 total
[2025-08-19T13:31:53.728+0000][1692535][trace][gc,age      ] GC(20) - age   4:    1845968 bytes,   18211984 total
[2025-08-19T13:31:53.728+0000][1692535][trace][gc,age      ] GC(20) - age   5:    4384960 bytes,   22596944 total
[2025-08-19T13:31:53.728+0000][1692535][trace][gc,age      ] GC(20) - age   6:    3259352 bytes,   25856296 total
[2025-08-19T13:31:53.728+0000][1692535][info ][gc,heap     ] GC(20) Eden regions: 71->0(69)
[2025-08-19T13:31:53.728+0000][1692535][info ][gc,heap     ] GC(20) Survivor regions: 5->7(10)
[2025-08-19T13:31:53.728+0000][1692535][info ][gc,heap     ] GC(20) Old regions: 8->8
[2025-08-19T13:31:53.728+0000][1692535][info ][gc,heap     ] GC(20) Humongous regions: 0->0
[2025-08-19T13:31:53.728+0000][1692535][info ][gc,metaspace] GC(20) Metaspace: 85665K(87488K)->85665K(87488K) NonClass: 74605K(75648K)->74605K(75648K) Class: 11060K(11840K)->11060K(11840K)
[2025-08-19T13:31:53.728+0000][1692535][info ][gc          ] GC(20) Pause Young (Normal) (G1 Evacuation Pause) 334M->56M(512M) 99.310ms
[2025-08-19T13:31:53.728+0000][1692535][info ][gc,cpu      ] GC(20) User=0.05s Sys=0.00s Real=0.10s
[2025-08-19T13:31:53.728+0000][1692535][info ][safepoint   ] Safepoint "G1CollectForAllocation", Time since last: 962392290 ns, Reaching safepoint: 4247 ns, Cleanup: 39139 ns, At safepoint: 99351858 ns, Total: 99395244 ns
[2025-08-19T13:31:55.437+0000][1692535][info ][safepoint   ] Safepoint "Cleanup", Time since last: 1708730907 ns, Reaching safepoint: 68263 ns, Cleanup: 103917 ns, At safepoint: 2834 ns, Total: 175014 ns
[2025-08-19T13:31:56.440+0000][1692535][info ][safepoint   ] Safepoint "Cleanup", Time since last: 1000091886 ns, Reaching safepoint: 3156617 ns, Cleanup: 25218 ns, At safepoint: 3775 ns, Total: 3185610 ns
[2025-08-19T13:31:56.916+0000][1692535][info ][gc,start    ] GC(21) Pause Young (Concurrent Start) (Metadata GC Threshold)
[2025-08-19T13:31:56.916+0000][1692535][info ][gc,task     ] GC(21) Using 1 workers of 1 for evacuation
[2025-08-19T13:31:56.916+0000][1692535][debug][gc,age      ] GC(21) Desired survivor size 20971520 bytes, new threshold 5 (max threshold 15)
[2025-08-19T13:31:57.035+0000][1692535][info ][gc,phases   ] GC(21)   Pre Evacuate Collection Set: 0.1ms
[2025-08-19T13:31:57.035+0000][1692535][info ][gc,phases   ] GC(21)   Merge Heap Roots: 0.0ms
[2025-08-19T13:31:57.035+0000][1692535][info ][gc,phases   ] GC(21)   Evacuate Collection Set: 113.4ms
[2025-08-19T13:31:57.035+0000][1692535][info ][gc,phases   ] GC(21)   Post Evacuate Collection Set: 4.7ms
[2025-08-19T13:31:57.035+0000][1692535][info ][gc,phases   ] GC(21)   Other: 0.0ms
[2025-08-19T13:31:57.035+0000][1692535][trace][gc,age      ] GC(21) Age table with threshold 5 (max threshold 15)
[2025-08-19T13:31:57.035+0000][1692535][trace][gc,age      ] GC(21) - age   1:    4210696 bytes,    4210696 total
[2025-08-19T13:31:57.035+0000][1692535][trace][gc,age      ] GC(21) - age   2:    5843232 bytes,   10053928 total
[2025-08-19T13:31:57.035+0000][1692535][trace][gc,age      ] GC(21) - age   3:    3661752 bytes,   13715680 total
[2025-08-19T13:31:57.035+0000][1692535][trace][gc,age      ] GC(21) - age   4:    6506616 bytes,   20222296 total
[2025-08-19T13:31:57.035+0000][1692535][trace][gc,age      ] GC(21) - age   5:    1843728 bytes,   22066024 total
[2025-08-19T13:31:57.035+0000][1692535][info ][gc,heap     ] GC(21) Eden regions: 31->0(70)
[2025-08-19T13:31:57.035+0000][1692535][info ][gc,heap     ] GC(21) Survivor regions: 7->6(10)
[2025-08-19T13:31:57.035+0000][1692535][info ][gc,heap     ] GC(21) Old regions: 8->10
[2025-08-19T13:31:57.035+0000][1692535][info ][gc,heap     ] GC(21) Humongous regions: 0->0
[2025-08-19T13:31:57.035+0000][1692535][info ][gc,metaspace] GC(21) Metaspace: 98701K(100608K)->98701K(100608K) NonClass: 85892K(86976K)->85892K(86976K) Class: 12809K(13632K)->12809K(13632K)
[2025-08-19T13:31:57.035+0000][1692535][info ][gc          ] GC(21) Pause Young (Concurrent Start) (Metadata GC Threshold) 180M->60M(512M) 118.449ms
[2025-08-19T13:31:57.035+0000][1692535][info ][gc,cpu      ] GC(21) User=0.04s Sys=0.00s Real=0.11s
[2025-08-19T13:31:57.035+0000][1692535][info ][gc          ] GC(22) Concurrent Mark Cycle
[2025-08-19T13:31:57.038+0000][1692535][info ][gc,marking  ] GC(22) Concurrent Scan Root Regions
[2025-08-19T13:31:57.035+0000][1692535][info ][safepoint   ] Safepoint "CollectForMetadataAllocation", Time since last: 476457205 ns, Reaching safepoint: 3906 ns, Cleanup: 10716 ns, At safepoint: 118870401 ns, Total: 118885023 ns
[2025-08-19T13:31:57.081+0000][1692535][info ][gc,marking  ] GC(22) Concurrent Scan Root Regions 42.600ms
[2025-08-19T13:31:57.081+0000][1692535][info ][gc,marking  ] GC(22) Concurrent Mark
[2025-08-19T13:31:57.081+0000][1692535][info ][gc,marking  ] GC(22) Concurrent Mark From Roots
[2025-08-19T13:31:57.081+0000][1692535][info ][gc,task     ] GC(22) Using 1 workers of 1 for marking
[2025-08-19T13:31:57.125+0000][1692535][info ][safepoint   ] Safepoint "CollectForMetadataAllocation", Time since last: 79245277 ns, Reaching safepoint: 10561047 ns, Cleanup: 2754 ns, At safepoint: 43105 ns, Total: 10606906 ns
[2025-08-19T13:31:57.182+0000][1692535][info ][gc,marking  ] GC(22) Concurrent Mark From Roots 101.387ms
[2025-08-19T13:31:57.182+0000][1692535][info ][gc,marking  ] GC(22) Concurrent Preclean
[2025-08-19T13:31:57.183+0000][1692535][info ][gc,marking  ] GC(22) Concurrent Preclean 0.105ms
[2025-08-19T13:31:57.183+0000][1692535][info ][gc,start    ] GC(22) Pause Remark
[2025-08-19T13:31:57.197+0000][1692535][info ][gc          ] GC(22) Pause Remark 66M->66M(512M) 14.238ms
[2025-08-19T13:31:57.197+0000][1692535][info ][gc,cpu      ] GC(22) User=0.01s Sys=0.00s Real=0.02s
[2025-08-19T13:31:57.197+0000][1692535][info ][safepoint   ] Safepoint "G1PauseRemark", Time since last: 57494365 ns, Reaching safepoint: 129906 ns, Cleanup: 9184 ns, At safepoint: 14285811 ns, Total: 14424901 ns
[2025-08-19T13:31:57.197+0000][1692535][info ][gc,marking  ] GC(22) Concurrent Mark 116.019ms
[2025-08-19T13:31:57.197+0000][1692535][info ][gc,marking  ] GC(22) Concurrent Rebuild Remembered Sets and Scrub Regions
[2025-08-19T13:31:57.255+0000][1692535][info ][gc,marking  ] GC(22) Concurrent Rebuild Remembered Sets and Scrub Regions 58.001ms
[2025-08-19T13:31:57.263+0000][1692535][info ][gc,start    ] GC(22) Pause Cleanup
[2025-08-19T13:31:57.263+0000][1692535][info ][gc          ] GC(22) Pause Cleanup 67M->67M(512M) 0.103ms
[2025-08-19T13:31:57.263+0000][1692535][info ][gc,cpu      ] GC(22) User=0.00s Sys=0.00s Real=0.00s
[2025-08-19T13:31:57.263+0000][1692535][info ][safepoint   ] Safepoint "G1PauseCleanup", Time since last: 58127871 ns, Reaching safepoint: 7577672 ns, Cleanup: 13491 ns, At safepoint: 260333 ns, Total: 7851496 ns
[2025-08-19T13:31:57.263+0000][1692535][info ][gc,marking  ] GC(22) Concurrent Clear Claimed Marks
[2025-08-19T13:31:57.263+0000][1692535][info ][gc,marking  ] GC(22) Concurrent Clear Claimed Marks 0.106ms
[2025-08-19T13:31:57.263+0000][1692535][info ][gc,marking  ] GC(22) Concurrent Cleanup for Next Mark
[2025-08-19T13:31:57.282+0000][1692535][info ][gc,marking  ] GC(22) Concurrent Cleanup for Next Mark 18.393ms
[2025-08-19T13:31:57.282+0000][1692535][info ][gc          ] GC(22) Concurrent Mark Cycle 246.594ms
[2025-08-19T13:31:58.432+0000][1692535][info ][safepoint   ] Safepoint "Cleanup", Time since last: 1168439585 ns, Reaching safepoint: 3005 ns, Cleanup: 56565 ns, At safepoint: 1602 ns, Total: 61172 ns
[2025-08-19T13:32:00.209+0000][1692535][info ][safepoint   ] Safepoint "Cleanup", Time since last: 1777455500 ns, Reaching safepoint: 4256 ns, Cleanup: 78158 ns, At safepoint: 2183 ns, Total: 84597 ns
[2025-08-19T13:32:01.278+0000][1692535][info ][safepoint   ] Safepoint "Cleanup", Time since last: 1044287009 ns, Reaching safepoint: 24574978 ns, Cleanup: 51898 ns, At safepoint: 4637 ns, Total: 24631513 ns
[2025-08-19T13:32:02.281+0000][1692535][info ][safepoint   ] Safepoint "Cleanup", Time since last: 1000089322 ns, Reaching safepoint: 3166752 ns, Cleanup: 17656 ns, At safepoint: 4798 ns, Total: 3189206 ns
[2025-08-19T13:32:03.281+0000][1692535][info ][safepoint   ] Safepoint "Cleanup", Time since last: 1000109552 ns, Reaching safepoint: 7131 ns, Cleanup: 31067 ns, At safepoint: 2564 ns, Total: 40762 ns
[2025-08-19T13:32:04.899+0000][1692535][info ][safepoint   ] Safepoint "Cleanup", Time since last: 1617200209 ns, Reaching safepoint: 2764 ns, Cleanup: 46390 ns, At safepoint: 1562 ns, Total: 50716 ns
[2025-08-19T13:32:06.072+0000][1692535][info ][safepoint   ] Safepoint "ICBufferFull", Time since last: 1173505044 ns, Reaching safepoint: 3836 ns, Cleanup: 104438 ns, At safepoint: 1612 ns, Total: 109886 ns
[2025-08-19T13:32:08.053+0000][1692535][info ][safepoint   ] Safepoint "Cleanup", Time since last: 1980334330 ns, Reaching safepoint: 136476 ns, Cleanup: 73631 ns, At safepoint: 5528 ns, Total: 215635 ns
[2025-08-19T13:32:09.053+0000][1692535][info ][safepoint   ] Safepoint "Cleanup", Time since last: 1000103344 ns, Reaching safepoint: 257739 ns, Cleanup: 33981 ns, At safepoint: 3175 ns, Total: 294895 ns
[2025-08-19T13:32:10.055+0000][1692535][info ][safepoint   ] Safepoint "Cleanup", Time since last: 1001336244 ns, Reaching safepoint: 3575 ns, Cleanup: 54222 ns, At safepoint: 1753 ns, Total: 59550 ns
[2025-08-19T13:32:10.699+0000][1692535][info ][safepoint   ] Safepoint "ICBufferFull", Time since last: 644511591 ns, Reaching safepoint: 68914 ns, Cleanup: 113471 ns, At safepoint: 2254 ns, Total: 184639 ns
[2025-08-19T13:32:11.776+0000][1692535][info ][safepoint   ] Safepoint "Cleanup", Time since last: 1076213457 ns, Reaching safepoint: 73401 ns, Cleanup: 115714 ns, At safepoint: 3025 ns, Total: 192140 ns
[2025-08-19T13:32:12.368+0000][1692535][info ][gc,start    ] GC(23) Pause Young (Prepare Mixed) (G1 Evacuation Pause)
[2025-08-19T13:32:12.368+0000][1692535][info ][gc,task     ] GC(23) Using 1 workers of 1 for evacuation
[2025-08-19T13:32:12.368+0000][1692535][debug][gc,age      ] GC(23) Desired survivor size 20971520 bytes, new threshold 5 (max threshold 15)
[2025-08-19T13:32:12.496+0000][1692535][info ][gc,phases   ] GC(23)   Pre Evacuate Collection Set: 0.1ms
[2025-08-19T13:32:12.496+0000][1692535][info ][gc,phases   ] GC(23)   Merge Heap Roots: 0.1ms
[2025-08-19T13:32:12.496+0000][1692535][info ][gc,phases   ] GC(23)   Evacuate Collection Set: 122.7ms
[2025-08-19T13:32:12.496+0000][1692535][info ][gc,phases   ] GC(23)   Post Evacuate Collection Set: 5.3ms
[2025-08-19T13:32:12.496+0000][1692535][info ][gc,phases   ] GC(23)   Other: 0.0ms
[2025-08-19T13:32:12.496+0000][1692535][trace][gc,age      ] GC(23) Age table with threshold 5 (max threshold 15)
[2025-08-19T13:32:12.496+0000][1692535][trace][gc,age      ] GC(23) - age   1:   18324968 bytes,   18324968 total
[2025-08-19T13:32:12.496+0000][1692535][trace][gc,age      ] GC(23) - age   2:    3980072 bytes,   22305040 total
[2025-08-19T13:32:12.496+0000][1692535][trace][gc,age      ] GC(23) - age   3:    5752432 bytes,   28057472 total
[2025-08-19T13:32:12.496+0000][1692535][trace][gc,age      ] GC(23) - age   4:    3624328 bytes,   31681800 total
[2025-08-19T13:32:12.496+0000][1692535][trace][gc,age      ] GC(23) - age   5:    6374272 bytes,   38056072 total
[2025-08-19T13:32:12.496+0000][1692535][info ][gc,heap     ] GC(23) Eden regions: 70->0(66)
[2025-08-19T13:32:12.496+0000][1692535][info ][gc,heap     ] GC(23) Survivor regions: 6->10(10)
[2025-08-19T13:32:12.496+0000][1692535][info ][gc,heap     ] GC(23) Old regions: 10->10
[2025-08-19T13:32:12.496+0000][1692535][info ][gc,heap     ] GC(23) Humongous regions: 0->0
[2025-08-19T13:32:12.496+0000][1692535][info ][gc,metaspace] GC(23) Metaspace: 131900K(135424K)->131900K(135424K) NonClass: 113926K(115776K)->113926K(115776K) Class: 17973K(19648K)->17973K(19648K)
[2025-08-19T13:32:12.496+0000][1692535][info ][gc          ] GC(23) Pause Young (Prepare Mixed) (G1 Evacuation Pause) 340M->78M(512M) 128.304ms
[2025-08-19T13:32:12.496+0000][1692535][info ][gc,cpu      ] GC(23) User=0.06s Sys=0.00s Real=0.13s
[2025-08-19T13:32:12.496+0000][1692535][info ][safepoint   ] Safepoint "G1CollectForAllocation", Time since last: 591813058 ns, Reaching safepoint: 3916 ns, Cleanup: 43546 ns, At safepoint: 128353980 ns, Total: 128401442 ns
[2025-08-19T13:32:14.255+0000][1692535][info ][safepoint   ] Safepoint "Cleanup", Time since last: 1751030518 ns, Reaching safepoint: 8409358 ns, Cleanup: 93061 ns, At safepoint: 3405 ns, Total: 8505824 ns
[2025-08-19T13:32:15.366+0000][1692535][info ][safepoint   ] Safepoint "ICBufferFull", Time since last: 1109971701 ns, Reaching safepoint: 85148 ns, Cleanup: 108214 ns, At safepoint: 1932 ns, Total: 195294 ns
[2025-08-19T13:32:16.392+0000][1692535][info ][safepoint   ] Safepoint "Cleanup", Time since last: 1025848818 ns, Reaching safepoint: 4147 ns, Cleanup: 77236 ns, At safepoint: 1723 ns, Total: 83106 ns
[2025-08-19T13:32:17.793+0000][1692535][info ][safepoint   ] Safepoint "Cleanup", Time since last: 1379012964 ns, Reaching safepoint: 22622659 ns, Cleanup: 45319 ns, At safepoint: 4346 ns, Total: 22672324 ns
[2025-08-19T13:32:18.798+0000][1692535][info ][safepoint   ] Safepoint "Cleanup", Time since last: 1000093889 ns, Reaching safepoint: 4131108 ns, Cleanup: 41152 ns, At safepoint: 3355 ns, Total: 4175615 ns
[2025-08-19T13:32:19.798+0000][1692535][info ][safepoint   ] Safepoint "Cleanup", Time since last: 1000093508 ns, Reaching safepoint: 768972 ns, Cleanup: 17546 ns, At safepoint: 2995 ns, Total: 789513 ns
[2025-08-19T13:32:20.799+0000][1692535][info ][safepoint   ] Safepoint "Cleanup", Time since last: 1000098856 ns, Reaching safepoint: 5027 ns, Cleanup: 16535 ns, At safepoint: 2114 ns, Total: 23676 ns
[2025-08-19T13:32:21.799+0000][1692535][info ][safepoint   ] Safepoint "Cleanup", Time since last: 1000093668 ns, Reaching safepoint: 5869 ns, Cleanup: 34522 ns, At safepoint: 2314 ns, Total: 42705 ns
[2025-08-19T13:32:23.799+0000][1692535][info ][safepoint   ] Safepoint "Cleanup", Time since last: 2000247607 ns, Reaching safepoint: 4658 ns, Cleanup: 12038 ns, At safepoint: 1993 ns, Total: 18689 ns
[2025-08-19T13:32:24.799+0000][1692535][info ][safepoint   ] Safepoint "Cleanup", Time since last: 1000086698 ns, Reaching safepoint: 6279 ns, Cleanup: 19079 ns, At safepoint: 2333 ns, Total: 27691 ns
[2025-08-19T13:32:25.799+0000][1692535][info ][safepoint   ] Safepoint "Cleanup", Time since last: 1000106799 ns, Reaching safepoint: 5909 ns, Cleanup: 12959 ns, At safepoint: 2754 ns, Total: 21622 ns
[2025-08-19T13:32:28.799+0000][1692535][info ][safepoint   ] Safepoint "Cleanup", Time since last: 3000211751 ns, Reaching safepoint: 6210 ns, Cleanup: 11196 ns, At safepoint: 2644 ns, Total: 20050 ns
[2025-08-19T13:32:29.800+0000][1692535][info ][safepoint   ] Safepoint "Cleanup", Time since last: 1000386311 ns, Reaching safepoint: 6279 ns, Cleanup: 12599 ns, At safepoint: 2414 ns, Total: 21292 ns
[2025-08-19T13:32:30.800+0000][1692535][info ][safepoint   ] Safepoint "Cleanup", Time since last: 1000103313 ns, Reaching safepoint: 6079 ns, Cleanup: 10746 ns, At safepoint: 2424 ns, Total: 19249 ns
[2025-08-19T13:32:31.801+0000][1692535][info ][safepoint   ] Safepoint "Cleanup", Time since last: 1000845955 ns, Reaching safepoint: 5077 ns, Cleanup: 8363 ns, At safepoint: 1943 ns, Total: 15383 ns
[2025-08-19T13:32:32.801+0000][1692535][info ][safepoint   ] Safepoint "Cleanup", Time since last: 1000093488 ns, Reaching safepoint: 14873 ns, Cleanup: 10555 ns, At safepoint: 2464 ns, Total: 27892 ns
[2025-08-19T13:32:33.801+0000][1692535][info ][safepoint   ] Safepoint "Cleanup", Time since last: 1000106738 ns, Reaching safepoint: 6420 ns, Cleanup: 16225 ns, At safepoint: 2864 ns, Total: 25509 ns
[2025-08-19T13:32:34.801+0000][1692535][info ][safepoint   ] Safepoint "Cleanup", Time since last: 1000104925 ns, Reaching safepoint: 6410 ns, Cleanup: 18278 ns, At safepoint: 2373 ns, Total: 27061 ns
[2025-08-19T13:32:36.801+0000][1692535][info ][safepoint   ] Safepoint "Cleanup", Time since last: 2000158143 ns, Reaching safepoint: 6069 ns, Cleanup: 31137 ns, At safepoint: 2915 ns, Total: 40121 ns
[2025-08-19T13:32:37.802+0000][1692535][info ][safepoint   ] Safepoint "Cleanup", Time since last: 1000137044 ns, Reaching safepoint: 8633 ns, Cleanup: 12358 ns, At safepoint: 2154 ns, Total: 23145 ns
[2025-08-19T13:32:38.802+0000][1692535][info ][safepoint   ] Safepoint "Cleanup", Time since last: 1000114960 ns, Reaching safepoint: 5709 ns, Cleanup: 10466 ns, At safepoint: 2724 ns, Total: 18899 ns
[2025-08-19T13:32:41.802+0000][1692535][info ][safepoint   ] Safepoint "Cleanup", Time since last: 3000253444 ns, Reaching safepoint: 6610 ns, Cleanup: 12829 ns, At safepoint: 2554 ns, Total: 21993 ns
[2025-08-19T13:32:43.802+0000][1692535][info ][safepoint   ] Safepoint "Cleanup", Time since last: 2000162860 ns, Reaching safepoint: 6520 ns, Cleanup: 11067 ns, At safepoint: 2503 ns, Total: 20090 ns
[2025-08-19T13:32:44.802+0000][1692535][info ][safepoint   ] Safepoint "Cleanup", Time since last: 1000122482 ns, Reaching safepoint: 6039 ns, Cleanup: 19450 ns, At safepoint: 2484 ns, Total: 27973 ns
[2025-08-19T13:32:45.802+0000][1692535][info ][safepoint   ] Safepoint "Cleanup", Time since last: 1000102992 ns, Reaching safepoint: 6340 ns, Cleanup: 11958 ns, At safepoint: 2554 ns, Total: 20852 ns
[2025-08-19T13:32:48.803+0000][1692535][info ][safepoint   ] Safepoint "Cleanup", Time since last: 3000224710 ns, Reaching safepoint: 6500 ns, Cleanup: 12819 ns, At safepoint: 2685 ns, Total: 22004 ns
[2025-08-19T13:32:49.803+0000][1692535][info ][safepoint   ] Safepoint "Cleanup", Time since last: 1000104685 ns, Reaching safepoint: 6610 ns, Cleanup: 19980 ns, At safepoint: 2764 ns, Total: 29354 ns
[2025-08-19T13:32:50.803+0000][1692535][info ][safepoint   ] Safepoint "Cleanup", Time since last: 1000128761 ns, Reaching safepoint: 6380 ns, Cleanup: 14242 ns, At safepoint: 2383 ns, Total: 23005 ns
[2025-08-19T13:32:52.803+0000][1692535][info ][safepoint   ] Safepoint "Cleanup", Time since last: 2000166185 ns, Reaching safepoint: 6360 ns, Cleanup: 16655 ns, At safepoint: 2384 ns, Total: 25399 ns
[2025-08-19T13:32:53.803+0000][1692535][info ][safepoint   ] Safepoint "Cleanup", Time since last: 1000106608 ns, Reaching safepoint: 6670 ns, Cleanup: 12378 ns, At safepoint: 2454 ns, Total: 21502 ns
[2025-08-19T13:32:55.803+0000][1692535][info ][safepoint   ] Safepoint "Cleanup", Time since last: 2000125484 ns, Reaching safepoint: 6419 ns, Cleanup: 11658 ns, At safepoint: 2664 ns, Total: 20741 ns
[2025-08-19T13:32:56.804+0000][1692535][info ][safepoint   ] Safepoint "Cleanup", Time since last: 1000092186 ns, Reaching safepoint: 6450 ns, Cleanup: 10586 ns, At safepoint: 2253 ns, Total: 19289 ns
[2025-08-19T13:32:57.804+0000][1692535][info ][safepoint   ] Safepoint "Cleanup", Time since last: 1000102092 ns, Reaching safepoint: 6680 ns, Cleanup: 11337 ns, At safepoint: 2604 ns, Total: 20621 ns
[2025-08-19T13:32:58.804+0000][1692535][info ][safepoint   ] Safepoint "Cleanup", Time since last: 1000102311 ns, Reaching safepoint: 6710 ns, Cleanup: 12139 ns, At safepoint: 2674 ns, Total: 21523 ns
[2025-08-19T13:33:01.239+0000][1692535][info ][safepoint   ] Safepoint "Cleanup", Time since last: 2435244299 ns, Reaching safepoint: 5328 ns, Cleanup: 8843 ns, At safepoint: 2003 ns, Total: 16174 ns
[2025-08-19T13:33:02.239+0000][1692535][info ][safepoint   ] Safepoint "Cleanup", Time since last: 1000097504 ns, Reaching safepoint: 5138 ns, Cleanup: 14071 ns, At safepoint: 2143 ns, Total: 21352 ns
[2025-08-19T13:33:03.239+0000][1692535][info ][safepoint   ] Safepoint "Cleanup", Time since last: 1000101290 ns, Reaching safepoint: 39059 ns, Cleanup: 10266 ns, At safepoint: 2414 ns, Total: 51739 ns
[2025-08-19T13:33:04.239+0000][1692535][info ][safepoint   ] Safepoint "Cleanup", Time since last: 1000085436 ns, Reaching safepoint: 5197 ns, Cleanup: 9004 ns, At safepoint: 2304 ns, Total: 16505 ns
[2025-08-19T13:33:06.240+0000][1692535][info ][safepoint   ] Safepoint "Cleanup", Time since last: 2000166685 ns, Reaching safepoint: 5388 ns, Cleanup: 15704 ns, At safepoint: 2264 ns, Total: 23356 ns
[2025-08-19T13:33:08.240+0000][1692535][info ][safepoint   ] Safepoint "Cleanup", Time since last: 2000155579 ns, Reaching safepoint: 4907 ns, Cleanup: 10226 ns, At safepoint: 2143 ns, Total: 17276 ns
[2025-08-19T13:33:09.240+0000][1692535][info ][safepoint   ] Safepoint "Cleanup", Time since last: 1000106538 ns, Reaching safepoint: 4957 ns, Cleanup: 8713 ns, At safepoint: 2314 ns, Total: 15984 ns
[2025-08-19T13:33:10.240+0000][1692535][info ][safepoint   ] Safepoint "Cleanup", Time since last: 1000103944 ns, Reaching safepoint: 5298 ns, Cleanup: 11087 ns, At safepoint: 2033 ns, Total: 18418 ns
[2025-08-19T13:33:11.240+0000][1692535][info ][safepoint   ] Safepoint "Cleanup", Time since last: 1000106808 ns, Reaching safepoint: 5719 ns, Cleanup: 9754 ns, At safepoint: 2494 ns, Total: 17967 ns
[2025-08-19T13:33:12.240+0000][1692535][info ][safepoint   ] Safepoint "Cleanup", Time since last: 1000111255 ns, Reaching safepoint: 4948 ns, Cleanup: 9654 ns, At safepoint: 1953 ns, Total: 16555 ns
[2025-08-19T13:33:14.240+0000][1692535][info ][safepoint   ] Safepoint "Cleanup", Time since last: 2000124903 ns, Reaching safepoint: 5658 ns, Cleanup: 8794 ns, At safepoint: 2213 ns, Total: 16665 ns
[2025-08-19T13:33:15.241+0000][1692535][info ][safepoint   ] Safepoint "Cleanup", Time since last: 1000123083 ns, Reaching safepoint: 5618 ns, Cleanup: 8854 ns, At safepoint: 2383 ns, Total: 16855 ns
[2025-08-19T13:33:17.241+0000][1692535][info ][safepoint   ] Safepoint "Cleanup", Time since last: 2000153897 ns, Reaching safepoint: 4787 ns, Cleanup: 8503 ns, At safepoint: 2634 ns, Total: 15924 ns
[2025-08-19T13:33:20.241+0000][1692535][info ][safepoint   ] Safepoint "Cleanup", Time since last: 3000216558 ns, Reaching safepoint: 5018 ns, Cleanup: 11717 ns, At safepoint: 2554 ns, Total: 19289 ns
[2025-08-19T13:33:22.241+0000][1692535][info ][safepoint   ] Safepoint "Cleanup", Time since last: 2000153486 ns, Reaching safepoint: 5178 ns, Cleanup: 9194 ns, At safepoint: 2373 ns, Total: 16745 ns
[2025-08-19T13:33:23.241+0000][1692535][info ][safepoint   ] Safepoint "Cleanup", Time since last: 1000105036 ns, Reaching safepoint: 4777 ns, Cleanup: 8493 ns, At safepoint: 2364 ns, Total: 15634 ns
[2025-08-19T13:33:24.241+0000][1692535][info ][safepoint   ] Safepoint "Cleanup", Time since last: 1000108270 ns, Reaching safepoint: 5458 ns, Cleanup: 8403 ns, At safepoint: 2314 ns, Total: 16175 ns
[2025-08-19T13:33:27.242+0000][1692535][info ][safepoint   ] Safepoint "Cleanup", Time since last: 3000243018 ns, Reaching safepoint: 5188 ns, Cleanup: 4637 ns, At safepoint: 2353 ns, Total: 12178 ns
[2025-08-19T13:33:29.242+0000][1692535][info ][safepoint   ] Safepoint "Cleanup", Time since last: 2000196761 ns, Reaching safepoint: 5669 ns, Cleanup: 10145 ns, At safepoint: 2544 ns, Total: 18358 ns
[2025-08-19T13:33:30.242+0000][1692535][info ][safepoint   ] Safepoint "Cleanup", Time since last: 1000097374 ns, Reaching safepoint: 5388 ns, Cleanup: 8874 ns, At safepoint: 2483 ns, Total: 16745 ns
[2025-08-19T13:33:31.242+0000][1692535][info ][safepoint   ] Safepoint "Cleanup", Time since last: 1000099388 ns, Reaching safepoint: 5218 ns, Cleanup: 10085 ns, At safepoint: 2233 ns, Total: 17536 ns
[2025-08-19T13:33:32.242+0000][1692535][info ][safepoint   ] Safepoint "Cleanup", Time since last: 1000105386 ns, Reaching safepoint: 5308 ns, Cleanup: 12289 ns, At safepoint: 2233 ns, Total: 19830 ns
[2025-08-19T13:33:33.242+0000][1692535][info ][safepoint   ] Safepoint "Cleanup", Time since last: 1000109202 ns, Reaching safepoint: 36786 ns, Cleanup: 10325 ns, At safepoint: 4697 ns, Total: 51808 ns
[2025-08-19T13:33:34.242+0000][1692535][info ][safepoint   ] Safepoint "Cleanup", Time since last: 1000111175 ns, Reaching safepoint: 5409 ns, Cleanup: 10796 ns, At safepoint: 2273 ns, Total: 18478 ns
[2025-08-19T13:33:35.243+0000][1692535][info ][safepoint   ] Safepoint "Cleanup", Time since last: 1000104615 ns, Reaching safepoint: 5679 ns, Cleanup: 11257 ns, At safepoint: 2494 ns, Total: 19430 ns
[2025-08-19T13:33:36.243+0000][1692535][info ][safepoint   ] Safepoint "Cleanup", Time since last: 1000102371 ns, Reaching safepoint: 4858 ns, Cleanup: 12428 ns, At safepoint: 2374 ns, Total: 19660 ns
[2025-08-19T13:33:38.243+0000][1692535][info ][safepoint   ] Safepoint "Cleanup", Time since last: 2000154207 ns, Reaching safepoint: 5769 ns, Cleanup: 8492 ns, At safepoint: 2614 ns, Total: 16875 ns
[2025-08-19T13:33:40.243+0000][1692535][info ][safepoint   ] Safepoint "Cleanup", Time since last: 2000160136 ns, Reaching safepoint: 5038 ns, Cleanup: 11828 ns, At safepoint: 2313 ns, Total: 19179 ns
[2025-08-19T13:33:41.243+0000][1692535][info ][safepoint   ] Safepoint "Cleanup", Time since last: 1000121491 ns, Reaching safepoint: 5548 ns, Cleanup: 12108 ns, At safepoint: 2404 ns, Total: 20060 ns
[2025-08-19T13:33:43.243+0000][1692535][info ][safepoint   ] Safepoint "Cleanup", Time since last: 2000159755 ns, Reaching safepoint: 5519 ns, Cleanup: 10406 ns, At safepoint: 2543 ns, Total: 18468 ns
[2025-08-19T13:33:44.244+0000][1692535][info ][safepoint   ] Safepoint "Cleanup", Time since last: 1000105577 ns, Reaching safepoint: 4487 ns, Cleanup: 10375 ns, At safepoint: 2103 ns, Total: 16965 ns
[2025-08-19T13:33:45.244+0000][1692535][info ][safepoint   ] Safepoint "Cleanup", Time since last: 1000330246 ns, Reaching safepoint: 5048 ns, Cleanup: 9624 ns, At safepoint: 2384 ns, Total: 17056 ns
[2025-08-19T13:33:46.244+0000][1692535][info ][safepoint   ] Safepoint "Cleanup", Time since last: 1000094910 ns, Reaching safepoint: 4998 ns, Cleanup: 10776 ns, At safepoint: 2334 ns, Total: 18108 ns
[2025-08-19T13:33:47.244+0000][1692535][info ][safepoint   ] Safepoint "Cleanup", Time since last: 1000106027 ns, Reaching safepoint: 5408 ns, Cleanup: 8903 ns, At safepoint: 2404 ns, Total: 16715 ns
[2025-08-19T13:33:48.244+0000][1692535][info ][safepoint   ] Safepoint "Cleanup", Time since last: 1000102762 ns, Reaching safepoint: 5418 ns, Cleanup: 12379 ns, At safepoint: 2534 ns, Total: 20331 ns
[2025-08-19T13:33:52.245+0000][1692535][info ][safepoint   ] Safepoint "Cleanup", Time since last: 4000274823 ns, Reaching safepoint: 5459 ns, Cleanup: 9103 ns, At safepoint: 2394 ns, Total: 16956 ns
[2025-08-19T13:33:54.245+0000][1692535][info ][safepoint   ] Safepoint "Cleanup", Time since last: 2000162279 ns, Reaching safepoint: 5388 ns, Cleanup: 9515 ns, At safepoint: 2704 ns, Total: 17607 ns
[2025-08-19T13:33:58.245+0000][1692535][info ][safepoint   ] Safepoint "Cleanup", Time since last: 4000275053 ns, Reaching safepoint: 5238 ns, Cleanup: 11588 ns, At safepoint: 2143 ns, Total: 18969 ns
[2025-08-19T13:33:59.245+0000][1692535][info ][safepoint   ] Safepoint "Cleanup", Time since last: 1000102492 ns, Reaching safepoint: 4757 ns, Cleanup: 9184 ns, At safepoint: 2163 ns, Total: 16104 ns
[2025-08-19T13:34:00.245+0000][1692535][info ][safepoint   ] Safepoint "Cleanup", Time since last: 1000102752 ns, Reaching safepoint: 5589 ns, Cleanup: 11527 ns, At safepoint: 1943 ns, Total: 19059 ns
[2025-08-19T13:34:02.245+0000][1692535][info ][safepoint   ] Safepoint "Cleanup", Time since last: 2000152014 ns, Reaching safepoint: 5137 ns, Cleanup: 11608 ns, At safepoint: 2053 ns, Total: 18798 ns
[2025-08-19T13:34:03.246+0000][1692535][info ][safepoint   ] Safepoint "Cleanup", Time since last: 1000106217 ns, Reaching safepoint: 5248 ns, Cleanup: 9475 ns, At safepoint: 1993 ns, Total: 16716 ns
[2025-08-19T13:34:04.246+0000][1692535][info ][safepoint   ] Safepoint "Cleanup", Time since last: 1000102241 ns, Reaching safepoint: 35554 ns, Cleanup: 8863 ns, At safepoint: 2143 ns, Total: 46560 ns
[2025-08-19T13:34:05.246+0000][1692535][info ][safepoint   ] Safepoint "Cleanup", Time since last: 1000099127 ns, Reaching safepoint: 4918 ns, Cleanup: 8793 ns, At safepoint: 2303 ns, Total: 16014 ns
[2025-08-19T13:34:06.246+0000][1692535][info ][safepoint   ] Safepoint "Cleanup", Time since last: 1000102292 ns, Reaching safepoint: 5739 ns, Cleanup: 15173 ns, At safepoint: 2153 ns, Total: 23065 ns
[2025-08-19T13:34:08.246+0000][1692535][info ][safepoint   ] Safepoint "Cleanup", Time since last: 2000167708 ns, Reaching safepoint: 5328 ns, Cleanup: 9814 ns, At safepoint: 2144 ns, Total: 17286 ns
[2025-08-19T13:34:15.247+0000][1692535][info ][safepoint   ] Safepoint "Cleanup", Time since last: 7000455487 ns, Reaching safepoint: 6049 ns, Cleanup: 11598 ns, At safepoint: 2553 ns, Total: 20200 ns
[2025-08-19T13:34:21.247+0000][1692535][info ][safepoint   ] Safepoint "Cleanup", Time since last: 6000874824 ns, Reaching safepoint: 6229 ns, Cleanup: 15253 ns, At safepoint: 2124 ns, Total: 23606 ns
[2025-08-19T13:34:23.248+0000][1692535][info ][safepoint   ] Safepoint "Cleanup", Time since last: 2000161608 ns, Reaching safepoint: 5859 ns, Cleanup: 12028 ns, At safepoint: 2293 ns, Total: 20180 ns
[2025-08-19T13:34:24.248+0000][1692535][info ][safepoint   ] Safepoint "Cleanup", Time since last: 1000099648 ns, Reaching safepoint: 5898 ns, Cleanup: 10877 ns, At safepoint: 2384 ns, Total: 19159 ns
[2025-08-19T13:34:27.248+0000][1692535][info ][safepoint   ] Safepoint "Cleanup", Time since last: 3000214825 ns, Reaching safepoint: 5699 ns, Cleanup: 11807 ns, At safepoint: 2314 ns, Total: 19820 ns
[2025-08-19T13:34:28.248+0000][1692535][info ][safepoint   ] Safepoint "Cleanup", Time since last: 1000411328 ns, Reaching safepoint: 5498 ns, Cleanup: 14582 ns, At safepoint: 2214 ns, Total: 22294 ns
[2025-08-19T13:34:29.249+0000][1692535][info ][safepoint   ] Safepoint "Cleanup", Time since last: 1000497147 ns, Reaching safepoint: 6370 ns, Cleanup: 10606 ns, At safepoint: 2263 ns, Total: 19239 ns
[2025-08-19T13:34:32.249+0000][1692535][info ][safepoint   ] Safepoint "Cleanup", Time since last: 3000221085 ns, Reaching safepoint: 6059 ns, Cleanup: 17857 ns, At safepoint: 2494 ns, Total: 26410 ns
[2025-08-19T13:34:33.249+0000][1692535][info ][safepoint   ] Safepoint "Cleanup", Time since last: 1000127129 ns, Reaching safepoint: 5999 ns, Cleanup: 10977 ns, At safepoint: 2353 ns, Total: 19329 ns
[2025-08-19T13:34:34.249+0000][1692535][info ][safepoint   ] Safepoint "Cleanup", Time since last: 1000114631 ns, Reaching safepoint: 5948 ns, Cleanup: 10737 ns, At safepoint: 2564 ns, Total: 19249 ns
[2025-08-19T13:34:36.250+0000][1692535][info ][safepoint   ] Safepoint "Cleanup", Time since last: 2000167356 ns, Reaching safepoint: 30466 ns, Cleanup: 10937 ns, At safepoint: 2614 ns, Total: 44017 ns
[2025-08-19T13:34:44.250+0000][1692535][info ][safepoint   ] Safepoint "Cleanup", Time since last: 8000510888 ns, Reaching safepoint: 6299 ns, Cleanup: 11057 ns, At safepoint: 2624 ns, Total: 19980 ns
[2025-08-19T13:34:47.250+0000][1692535][info ][safepoint   ] Safepoint "Cleanup", Time since last: 3000229007 ns, Reaching safepoint: 6340 ns, Cleanup: 18187 ns, At safepoint: 2664 ns, Total: 27191 ns
[2025-08-19T13:34:50.251+0000][1692535][info ][safepoint   ] Safepoint "Cleanup", Time since last: 3000230339 ns, Reaching safepoint: 6270 ns, Cleanup: 12018 ns, At safepoint: 2804 ns, Total: 21092 ns
[2025-08-19T13:34:51.251+0000][1692535][info ][safepoint   ] Safepoint "Cleanup", Time since last: 1000101981 ns, Reaching safepoint: 6309 ns, Cleanup: 10997 ns, At safepoint: 2694 ns, Total: 20000 ns
[2025-08-19T13:34:52.251+0000][1692535][info ][safepoint   ] Safepoint "Cleanup", Time since last: 1000104986 ns, Reaching safepoint: 6309 ns, Cleanup: 10436 ns, At safepoint: 2794 ns, Total: 19539 ns
[2025-08-19T13:34:57.251+0000][1692535][info ][safepoint   ] Safepoint "Cleanup", Time since last: 5000348622 ns, Reaching safepoint: 5739 ns, Cleanup: 10536 ns, At safepoint: 2333 ns, Total: 18608 ns
[2025-08-19T13:35:00.252+0000][1692535][info ][safepoint   ] Safepoint "Cleanup", Time since last: 3000266454 ns, Reaching safepoint: 6169 ns, Cleanup: 10856 ns, At safepoint: 2765 ns, Total: 19790 ns
[2025-08-19T13:35:02.252+0000][1692535][info ][safepoint   ] Safepoint "Cleanup", Time since last: 2000167617 ns, Reaching safepoint: 6419 ns, Cleanup: 11838 ns, At safepoint: 2384 ns, Total: 20641 ns
[2025-08-19T13:35:05.252+0000][1692535][info ][safepoint   ] Safepoint "Cleanup", Time since last: 3000226493 ns, Reaching safepoint: 5749 ns, Cleanup: 14942 ns, At safepoint: 2204 ns, Total: 22895 ns
[2025-08-19T13:35:07.252+0000][1692535][info ][safepoint   ] Safepoint "Cleanup", Time since last: 2000160526 ns, Reaching safepoint: 36315 ns, Cleanup: 6360 ns, At safepoint: 2103 ns, Total: 44778 ns
[2025-08-19T13:35:08.252+0000][1692535][info ][safepoint   ] Safepoint "Cleanup", Time since last: 1000111706 ns, Reaching safepoint: 5878 ns, Cleanup: 11868 ns, At safepoint: 2654 ns, Total: 20400 ns
[2025-08-19T13:35:10.253+0000][1692535][info ][safepoint   ] Safepoint "Cleanup", Time since last: 2000170682 ns, Reaching safepoint: 6270 ns, Cleanup: 16194 ns, At safepoint: 2664 ns, Total: 25128 ns
[2025-08-19T13:35:16.253+0000][1692535][info ][safepoint   ] Safepoint "Cleanup", Time since last: 6000397553 ns, Reaching safepoint: 6219 ns, Cleanup: 11928 ns, At safepoint: 2434 ns, Total: 20581 ns
[2025-08-19T13:35:20.253+0000][1692535][info ][safepoint   ] Safepoint "Cleanup", Time since last: 4000287412 ns, Reaching safepoint: 5919 ns, Cleanup: 12279 ns, At safepoint: 2664 ns, Total: 20862 ns
[2025-08-19T13:35:26.254+0000][1692535][info ][safepoint   ] Safepoint "Cleanup", Time since last: 6000405164 ns, Reaching safepoint: 6089 ns, Cleanup: 10506 ns, At safepoint: 2684 ns, Total: 19279 ns
[2025-08-19T13:35:33.254+0000][1692535][info ][safepoint   ] Safepoint "Cleanup", Time since last: 7000492293 ns, Reaching safepoint: 6009 ns, Cleanup: 14592 ns, At safepoint: 2303 ns, Total: 22904 ns
[2025-08-19T13:35:35.254+0000][1692535][info ][safepoint   ] Safepoint "Cleanup", Time since last: 2000167868 ns, Reaching safepoint: 6119 ns, Cleanup: 12439 ns, At safepoint: 2544 ns, Total: 21102 ns
[2025-08-19T13:35:36.255+0000][1692535][info ][safepoint   ] Safepoint "Cleanup", Time since last: 1000112306 ns, Reaching safepoint: 37467 ns, Cleanup: 19149 ns, At safepoint: 2864 ns, Total: 59480 ns
[2025-08-19T13:35:40.255+0000][1692535][info ][safepoint   ] Safepoint "Cleanup", Time since last: 4000296386 ns, Reaching safepoint: 6400 ns, Cleanup: 10836 ns, At safepoint: 2624 ns, Total: 19860 ns
[2025-08-19T13:35:42.255+0000][1692535][info ][safepoint   ] Safepoint "Cleanup", Time since last: 2000170632 ns, Reaching safepoint: 5778 ns, Cleanup: 13391 ns, At safepoint: 2463 ns, Total: 21632 ns
[2025-08-19T13:35:46.255+0000][1692535][info ][safepoint   ] Safepoint "Cleanup", Time since last: 4000246681 ns, Reaching safepoint: 5649 ns, Cleanup: 9664 ns, At safepoint: 2554 ns, Total: 17867 ns
[2025-08-19T13:35:48.256+0000][1692535][info ][safepoint   ] Safepoint "Cleanup", Time since last: 2000163201 ns, Reaching safepoint: 6519 ns, Cleanup: 10767 ns, At safepoint: 2524 ns, Total: 19810 ns
[2025-08-19T13:35:49.256+0000][1692535][info ][safepoint   ] Safepoint "Cleanup", Time since last: 1000108530 ns, Reaching safepoint: 5339 ns, Cleanup: 10355 ns, At safepoint: 2644 ns, Total: 18338 ns
[2025-08-19T13:35:50.256+0000][1692535][info ][safepoint   ] Safepoint "Cleanup", Time since last: 1000100319 ns, Reaching safepoint: 6229 ns, Cleanup: 10276 ns, At safepoint: 2263 ns, Total: 18768 ns
[2025-08-19T13:35:51.256+0000][1692535][info ][safepoint   ] Safepoint "Cleanup", Time since last: 1000108691 ns, Reaching safepoint: 6039 ns, Cleanup: 10857 ns, At safepoint: 2994 ns, Total: 19890 ns
[2025-08-19T13:35:56.256+0000][1692535][info ][safepoint   ] Safepoint "Cleanup", Time since last: 5000345577 ns, Reaching safepoint: 5909 ns, Cleanup: 10696 ns, At safepoint: 2404 ns, Total: 19009 ns
[2025-08-19T13:35:59.257+0000][1692535][info ][safepoint   ] Safepoint "Cleanup", Time since last: 3000235146 ns, Reaching safepoint: 6170 ns, Cleanup: 10395 ns, At safepoint: 2344 ns, Total: 18909 ns
[2025-08-19T13:36:00.257+0000][1692535][info ][safepoint   ] Safepoint "Cleanup", Time since last: 1000105546 ns, Reaching safepoint: 5739 ns, Cleanup: 10486 ns, At safepoint: 2193 ns, Total: 18418 ns
[2025-08-19T13:36:02.257+0000][1692535][info ][safepoint   ] Safepoint "Cleanup", Time since last: 2000174027 ns, Reaching safepoint: 6199 ns, Cleanup: 10426 ns, At safepoint: 2364 ns, Total: 18989 ns
[2025-08-19T13:36:04.257+0000][1692535][info ][safepoint   ] Safepoint "Cleanup", Time since last: 2000170120 ns, Reaching safepoint: 6620 ns, Cleanup: 11908 ns, At safepoint: 2504 ns, Total: 21032 ns
[2025-08-19T13:36:07.257+0000][1692535][info ][safepoint   ] Safepoint "Cleanup", Time since last: 3000225331 ns, Reaching safepoint: 35043 ns, Cleanup: 9274 ns, At safepoint: 2494 ns, Total: 46811 ns
[2025-08-19T13:36:08.257+0000][1692535][info ][safepoint   ] Safepoint "Cleanup", Time since last: 1000117745 ns, Reaching safepoint: 6500 ns, Cleanup: 12709 ns, At safepoint: 2514 ns, Total: 21723 ns
[2025-08-19T13:36:09.258+0000][1692535][info ][safepoint   ] Safepoint "Cleanup", Time since last: 1000112006 ns, Reaching safepoint: 6099 ns, Cleanup: 11037 ns, At safepoint: 2333 ns, Total: 19469 ns
[2025-08-19T13:36:11.258+0000][1692535][info ][safepoint   ] Safepoint "Cleanup", Time since last: 2000168058 ns, Reaching safepoint: 5588 ns, Cleanup: 10336 ns, At safepoint: 2394 ns, Total: 18318 ns
[2025-08-19T13:36:13.258+0000][1692535][info ][safepoint   ] Safepoint "Cleanup", Time since last: 2000164212 ns, Reaching safepoint: 5688 ns, Cleanup: 14082 ns, At safepoint: 2564 ns, Total: 22334 ns
[2025-08-19T13:36:18.258+0000][1692535][info ][safepoint   ] Safepoint "Cleanup", Time since last: 5000360018 ns, Reaching safepoint: 9705 ns, Cleanup: 12990 ns, At safepoint: 2303 ns, Total: 24998 ns
[2025-08-19T13:36:19.258+0000][1692535][info ][safepoint   ] Safepoint "Cleanup", Time since last: 1000102712 ns, Reaching safepoint: 5759 ns, Cleanup: 10236 ns, At safepoint: 2483 ns, Total: 18478 ns
[2025-08-19T13:36:23.259+0000][1692535][info ][safepoint   ] Safepoint "Cleanup", Time since last: 4000306642 ns, Reaching safepoint: 5908 ns, Cleanup: 10797 ns, At safepoint: 2293 ns, Total: 18998 ns
[2025-08-19T13:36:24.259+0000][1692535][info ][safepoint   ] Safepoint "Cleanup", Time since last: 1000101891 ns, Reaching safepoint: 6129 ns, Cleanup: 9485 ns, At safepoint: 2844 ns, Total: 18458 ns
[2025-08-19T13:36:27.259+0000][1692535][info ][safepoint   ] Safepoint "Cleanup", Time since last: 3000216418 ns, Reaching safepoint: 5919 ns, Cleanup: 11487 ns, At safepoint: 2464 ns, Total: 19870 ns
[2025-08-19T13:36:35.260+0000][1692535][info ][safepoint   ] Safepoint "Cleanup", Time since last: 8000489996 ns, Reaching safepoint: 6470 ns, Cleanup: 11687 ns, At safepoint: 2694 ns, Total: 20851 ns
[2025-08-19T13:36:36.260+0000][1692535][info ][safepoint   ] Safepoint "Cleanup", Time since last: 1000105657 ns, Reaching safepoint: 5518 ns, Cleanup: 10176 ns, At safepoint: 2363 ns, Total: 18057 ns
[2025-08-19T13:36:39.260+0000][1692535][info ][safepoint   ] Safepoint "Cleanup", Time since last: 3000223068 ns, Reaching safepoint: 40111 ns, Cleanup: 10766 ns, At safepoint: 5088 ns, Total: 55965 ns
[2025-08-19T13:36:41.260+0000][1692535][info ][safepoint   ] Safepoint "Cleanup", Time since last: 2000172294 ns, Reaching safepoint: 6280 ns, Cleanup: 12008 ns, At safepoint: 2514 ns, Total: 20802 ns
[2025-08-19T13:36:43.260+0000][1692535][info ][safepoint   ] Safepoint "Cleanup", Time since last: 2000162920 ns, Reaching safepoint: 6059 ns, Cleanup: 11207 ns, At safepoint: 2483 ns, Total: 19749 ns
[2025-08-19T13:36:47.261+0000][1692535][info ][safepoint   ] Safepoint "Cleanup", Time since last: 4000276386 ns, Reaching safepoint: 5579 ns, Cleanup: 9834 ns, At safepoint: 2334 ns, Total: 17747 ns
[2025-08-19T13:36:49.261+0000][1692535][info ][safepoint   ] Safepoint "Cleanup", Time since last: 2000171954 ns, Reaching safepoint: 6560 ns, Cleanup: 18698 ns, At safepoint: 2444 ns, Total: 27702 ns
[2025-08-19T13:36:50.261+0000][1692535][info ][safepoint   ] Safepoint "Cleanup", Time since last: 1000105336 ns, Reaching safepoint: 6009 ns, Cleanup: 12278 ns, At safepoint: 2003 ns, Total: 20290 ns
[2025-08-19T13:36:53.261+0000][1692535][info ][safepoint   ] Safepoint "Cleanup", Time since last: 3000231090 ns, Reaching safepoint: 6120 ns, Cleanup: 10215 ns, At safepoint: 2374 ns, Total: 18709 ns
[2025-08-19T13:37:01.262+0000][1692535][info ][safepoint   ] Safepoint "Cleanup", Time since last: 8000524929 ns, Reaching safepoint: 6349 ns, Cleanup: 11367 ns, At safepoint: 2544 ns, Total: 20260 ns
[2025-08-19T13:37:02.262+0000][1692535][info ][safepoint   ] Safepoint "Cleanup", Time since last: 1000101911 ns, Reaching safepoint: 6260 ns, Cleanup: 17316 ns, At safepoint: 2414 ns, Total: 25990 ns
[2025-08-19T13:37:03.262+0000][1692535][info ][safepoint   ] Safepoint "Cleanup", Time since last: 1000108310 ns, Reaching safepoint: 6350 ns, Cleanup: 12098 ns, At safepoint: 2364 ns, Total: 20812 ns
[2025-08-19T13:37:05.262+0000][1692535][info ][safepoint   ] Safepoint "Cleanup", Time since last: 2000166275 ns, Reaching safepoint: 5889 ns, Cleanup: 11958 ns, At safepoint: 2223 ns, Total: 20070 ns
[2025-08-19T13:37:12.263+0000][1692535][info ][safepoint   ] Safepoint "Cleanup", Time since last: 7000467135 ns, Reaching safepoint: 41192 ns, Cleanup: 10987 ns, At safepoint: 2634 ns, Total: 54813 ns
[2025-08-19T13:37:13.263+0000][1692535][info ][safepoint   ] Safepoint "Cleanup", Time since last: 1000102872 ns, Reaching safepoint: 5869 ns, Cleanup: 20641 ns, At safepoint: 2183 ns, Total: 28693 ns
[2025-08-19T13:37:14.263+0000][1692535][info ][safepoint   ] Safepoint "Cleanup", Time since last: 1000112077 ns, Reaching safepoint: 5318 ns, Cleanup: 22033 ns, At safepoint: 1973 ns, Total: 29324 ns
[2025-08-19T13:37:19.263+0000][1692535][info ][safepoint   ] Safepoint "Cleanup", Time since last: 5000356784 ns, Reaching safepoint: 5899 ns, Cleanup: 10686 ns, At safepoint: 1913 ns, Total: 18498 ns
[2025-08-19T13:37:24.264+0000][1692535][info ][safepoint   ] Safepoint "Cleanup", Time since last: 5000383104 ns, Reaching safepoint: 5428 ns, Cleanup: 10185 ns, At safepoint: 2454 ns, Total: 18067 ns
[2025-08-19T13:37:32.264+0000][1692535][info ][safepoint   ] Safepoint "Cleanup", Time since last: 8000529276 ns, Reaching safepoint: 5398 ns, Cleanup: 16004 ns, At safepoint: 2494 ns, Total: 23896 ns
[2025-08-19T13:37:34.265+0000][1692535][info ][safepoint   ] Safepoint "Cleanup", Time since last: 2000185484 ns, Reaching safepoint: 5959 ns, Cleanup: 10115 ns, At safepoint: 2524 ns, Total: 18598 ns
[2025-08-19T13:37:36.265+0000][1692535][info ][safepoint   ] Safepoint "Cleanup", Time since last: 2000155058 ns, Reaching safepoint: 5619 ns, Cleanup: 10516 ns, At safepoint: 2393 ns, Total: 18528 ns
[2025-08-19T13:37:39.265+0000][1692535][info ][safepoint   ] Safepoint "Cleanup", Time since last: 3000223709 ns, Reaching safepoint: 35604 ns, Cleanup: 9975 ns, At safepoint: 5108 ns, Total: 50687 ns
[2025-08-19T13:37:42.265+0000][1692535][info ][safepoint   ] Safepoint "Cleanup", Time since last: 3000210889 ns, Reaching safepoint: 5639 ns, Cleanup: 11467 ns, At safepoint: 2694 ns, Total: 19800 ns
[2025-08-19T13:37:51.266+0000][1692535][info ][safepoint   ] Safepoint "Cleanup", Time since last: 9000589354 ns, Reaching safepoint: 6029 ns, Cleanup: 10826 ns, At safepoint: 2023 ns, Total: 18878 ns
[2025-08-19T13:38:02.328+0000][1692535][info ][safepoint   ] Safepoint "Cleanup", Time since last: 11062362584 ns, Reaching safepoint: 5949 ns, Cleanup: 12929 ns, At safepoint: 2474 ns, Total: 21352 ns
[2025-08-19T13:38:13.329+0000][1692535][info ][safepoint   ] Safepoint "Cleanup", Time since last: 11000688107 ns, Reaching safepoint: 37266 ns, Cleanup: 12419 ns, At safepoint: 2133 ns, Total: 51818 ns
[2025-08-19T13:38:15.329+0000][1692535][info ][safepoint   ] Safepoint "Cleanup", Time since last: 2000164232 ns, Reaching safepoint: 5248 ns, Cleanup: 7321 ns, At safepoint: 2324 ns, Total: 14893 ns
[2025-08-19T13:38:18.330+0000][1692535][info ][safepoint   ] Safepoint "Cleanup", Time since last: 3000244700 ns, Reaching safepoint: 5869 ns, Cleanup: 9444 ns, At safepoint: 2414 ns, Total: 17727 ns
[2025-08-19T13:38:19.330+0000][1692535][info ][safepoint   ] Safepoint "Cleanup", Time since last: 1000105506 ns, Reaching safepoint: 5409 ns, Cleanup: 9895 ns, At safepoint: 2093 ns, Total: 17397 ns
[2025-08-19T13:38:24.330+0000][1692535][info ][safepoint   ] Safepoint "Cleanup", Time since last: 5000338015 ns, Reaching safepoint: 5379 ns, Cleanup: 10035 ns, At safepoint: 2183 ns, Total: 17597 ns
[2025-08-19T13:38:26.330+0000][1692535][info ][safepoint   ] Safepoint "Cleanup", Time since last: 2000167136 ns, Reaching safepoint: 5058 ns, Cleanup: 10396 ns, At safepoint: 2363 ns, Total: 17817 ns
[2025-08-19T13:38:27.330+0000][1692535][info ][safepoint   ] Safepoint "Cleanup", Time since last: 1000104175 ns, Reaching safepoint: 5228 ns, Cleanup: 10265 ns, At safepoint: 2083 ns, Total: 17576 ns
[2025-08-19T13:38:28.962+0000][1692535][info ][gc,start    ] GC(24) Pause Young (Mixed) (G1 Evacuation Pause)
[2025-08-19T13:38:28.962+0000][1692535][info ][gc,task     ] GC(24) Using 1 workers of 1 for evacuation
[2025-08-19T13:38:28.962+0000][1692535][debug][gc,age      ] GC(24) Desired survivor size 20971520 bytes, new threshold 2 (max threshold 15)
[2025-08-19T13:38:29.087+0000][1692535][info ][gc,phases   ] GC(24)   Pre Evacuate Collection Set: 0.2ms
[2025-08-19T13:38:29.087+0000][1692535][info ][gc,phases   ] GC(24)   Merge Heap Roots: 0.1ms
[2025-08-19T13:38:29.087+0000][1692535][info ][gc,phases   ] GC(24)   Evacuate Collection Set: 118.3ms
[2025-08-19T13:38:29.087+0000][1692535][info ][gc,phases   ] GC(24)   Post Evacuate Collection Set: 6.8ms
[2025-08-19T13:38:29.087+0000][1692535][info ][gc,phases   ] GC(24)   Other: 0.0ms
[2025-08-19T13:38:29.087+0000][1692535][trace][gc,age      ] GC(24) Age table with threshold 2 (max threshold 15)
[2025-08-19T13:38:29.087+0000][1692535][trace][gc,age      ] GC(24) - age   1:   11945408 bytes,   11945408 total
[2025-08-19T13:38:29.087+0000][1692535][trace][gc,age      ] GC(24) - age   2:   17751824 bytes,   29697232 total
[2025-08-19T13:38:29.087+0000][1692535][info ][gc,heap     ] GC(24) Eden regions: 66->0(68)
[2025-08-19T13:38:29.087+0000][1692535][info ][gc,heap     ] GC(24) Survivor regions: 10->8(10)
[2025-08-19T13:38:29.087+0000][1692535][info ][gc,heap     ] GC(24) Old regions: 10->15
[2025-08-19T13:38:29.087+0000][1692535][info ][gc,heap     ] GC(24) Humongous regions: 0->0
[2025-08-19T13:38:29.087+0000][1692535][info ][gc,metaspace] GC(24) Metaspace: 135436K(139008K)->135436K(139008K) NonClass: 117108K(118976K)->117108K(118976K) Class: 18328K(20032K)->18328K(20032K)
[2025-08-19T13:38:29.087+0000][1692535][info ][gc          ] GC(24) Pause Young (Mixed) (G1 Evacuation Pause) 342M->88M(512M) 125.519ms
[2025-08-19T13:38:29.087+0000][1692535][info ][gc,cpu      ] GC(24) User=0.06s Sys=0.01s Real=0.13s
[2025-08-19T13:38:29.087+0000][1692535][info ][safepoint   ] Safepoint "G1CollectForAllocation", Time since last: 1631223794 ns, Reaching safepoint: 5238 ns, Cleanup: 3265 ns, At safepoint: 125571499 ns, Total: 125580002 ns
[2025-08-19T13:38:30.087+0000][1692535][info ][safepoint   ] Safepoint "Cleanup", Time since last: 1000073388 ns, Reaching safepoint: 6710 ns, Cleanup: 10566 ns, At safepoint: 2674 ns, Total: 19950 ns
[2025-08-19T13:38:31.087+0000][1692535][info ][safepoint   ] Safepoint "Cleanup", Time since last: 1000107159 ns, Reaching safepoint: 5699 ns, Cleanup: 14812 ns, At safepoint: 2574 ns, Total: 23085 ns
[2025-08-19T13:38:32.088+0000][1692535][info ][safepoint   ] Safepoint "Cleanup", Time since last: 1000417067 ns, Reaching safepoint: 6029 ns, Cleanup: 16525 ns, At safepoint: 2263 ns, Total: 24817 ns
[2025-08-19T13:38:33.088+0000][1692535][info ][safepoint   ] Safepoint "Cleanup", Time since last: 1000107690 ns, Reaching safepoint: 6349 ns, Cleanup: 10767 ns, At safepoint: 2333 ns, Total: 19449 ns
[2025-08-19T13:38:34.088+0000][1692535][info ][safepoint   ] Safepoint "Cleanup", Time since last: 1000110113 ns, Reaching safepoint: 5959 ns, Cleanup: 22825 ns, At safepoint: 2534 ns, Total: 31318 ns
[2025-08-19T13:38:41.089+0000][1692535][info ][safepoint   ] Safepoint "Cleanup", Time since last: 7000466243 ns, Reaching safepoint: 36956 ns, Cleanup: 10906 ns, At safepoint: 3055 ns, Total: 50917 ns
[2025-08-19T13:38:42.089+0000][1692535][info ][safepoint   ] Safepoint "Cleanup", Time since last: 1000108361 ns, Reaching safepoint: 5959 ns, Cleanup: 15563 ns, At safepoint: 2844 ns, Total: 24366 ns
[2025-08-19T13:38:44.089+0000][1692535][info ][safepoint   ] Safepoint "Cleanup", Time since last: 2000176681 ns, Reaching safepoint: 6420 ns, Cleanup: 11778 ns, At safepoint: 2774 ns, Total: 20972 ns
[2025-08-19T13:38:52.089+0000][1692535][info ][safepoint   ] Safepoint "Cleanup", Time since last: 8000489526 ns, Reaching safepoint: 6550 ns, Cleanup: 10365 ns, At safepoint: 2634 ns, Total: 19549 ns
[2025-08-19T13:38:54.090+0000][1692535][info ][safepoint   ] Safepoint "Cleanup", Time since last: 2000170071 ns, Reaching safepoint: 6410 ns, Cleanup: 10786 ns, At safepoint: 2914 ns, Total: 20110 ns
[2025-08-19T13:39:02.090+0000][1692535][info ][safepoint   ] Safepoint "Cleanup", Time since last: 8000517568 ns, Reaching safepoint: 68995 ns, Cleanup: 114472 ns, At safepoint: 2945 ns, Total: 186412 ns
[2025-08-19T13:39:02.962+0000][1692535][info ][gc,start    ] GC(25) Pause Young (Normal) (G1 Evacuation Pause)
[2025-08-19T13:39:02.962+0000][1692535][info ][gc,task     ] GC(25) Using 1 workers of 1 for evacuation
[2025-08-19T13:39:02.962+0000][1692535][debug][gc,age      ] GC(25) Desired survivor size 18874368 bytes, new threshold 2 (max threshold 15)
[2025-08-19T13:39:03.066+0000][1692535][info ][gc,phases   ] GC(25)   Pre Evacuate Collection Set: 0.1ms
[2025-08-19T13:39:03.066+0000][1692535][info ][gc,phases   ] GC(25)   Merge Heap Roots: 0.1ms
[2025-08-19T13:39:03.066+0000][1692535][info ][gc,phases   ] GC(25)   Evacuate Collection Set: 92.2ms
[2025-08-19T13:39:03.066+0000][1692535][info ][gc,phases   ] GC(25)   Post Evacuate Collection Set: 12.2ms
[2025-08-19T13:39:03.066+0000][1692535][info ][gc,phases   ] GC(25)   Other: 0.0ms
[2025-08-19T13:39:03.066+0000][1692535][trace][gc,age      ] GC(25) Age table with threshold 2 (max threshold 15)
[2025-08-19T13:39:03.066+0000][1692535][trace][gc,age      ] GC(25) - age   1:    6806592 bytes,    6806592 total
[2025-08-19T13:39:03.066+0000][1692535][trace][gc,age      ] GC(25) - age   2:   11835256 bytes,   18641848 total
[2025-08-19T13:39:03.066+0000][1692535][info ][gc,heap     ] GC(25) Eden regions: 58->0(71)
[2025-08-19T13:39:03.066+0000][1692535][info ][gc,heap     ] GC(25) Survivor regions: 8->5(9)
[2025-08-19T13:39:03.066+0000][1692535][info ][gc,heap     ] GC(25) Old regions: 15->19
[2025-08-19T13:39:03.066+0000][1692535][info ][gc,heap     ] GC(25) Humongous regions: 0->0
[2025-08-19T13:39:03.066+0000][1692535][info ][gc,metaspace] GC(25) Metaspace: 137251K(140736K)->137251K(140736K) NonClass: 118713K(120512K)->118713K(120512K) Class: 18538K(20224K)->18538K(20224K)
[2025-08-19T13:39:03.066+0000][1692535][info ][gc          ] GC(25) Pause Young (Normal) (G1 Evacuation Pause) 320M->94M(512M) 104.819ms
[2025-08-19T13:39:03.066+0000][1692535][info ][gc,cpu      ] GC(25) User=0.06s Sys=0.00s Real=0.11s
[2025-08-19T13:39:03.066+0000][1692535][info ][safepoint   ] Safepoint "G1CollectForAllocation", Time since last: 871097679 ns, Reaching safepoint: 71207 ns, Cleanup: 89405 ns, At safepoint: 104875088 ns, Total: 105035700 ns
[2025-08-19T13:39:03.616+0000][1692535][info ][safepoint   ] Safepoint "ICBufferFull", Time since last: 549267837 ns, Reaching safepoint: 5338 ns, Cleanup: 98799 ns, At safepoint: 1762 ns, Total: 105899 ns
[2025-08-19T13:39:04.164+0000][1692535][info ][safepoint   ] Safepoint "ICBufferFull", Time since last: 538513198 ns, Reaching safepoint: 9748389 ns, Cleanup: 100162 ns, At safepoint: 3124 ns, Total: 9851675 ns
[2025-08-19T13:39:05.283+0000][1692535][info ][safepoint   ] Safepoint "Cleanup", Time since last: 1119009147 ns, Reaching safepoint: 5228 ns, Cleanup: 40391 ns, At safepoint: 2314 ns, Total: 47933 ns
[2025-08-19T13:39:06.290+0000][1692535][info ][safepoint   ] Safepoint "Cleanup", Time since last: 1000096172 ns, Reaching safepoint: 6319041 ns, Cleanup: 18218 ns, At safepoint: 4116 ns, Total: 6341375 ns
[2025-08-19T13:39:07.290+0000][1692535][info ][safepoint   ] Safepoint "Cleanup", Time since last: 1000093458 ns, Reaching safepoint: 679396 ns, Cleanup: 22604 ns, At safepoint: 2955 ns, Total: 704955 ns
[2025-08-19T13:39:08.293+0000][1692535][info ][safepoint   ] Safepoint "Cleanup", Time since last: 1000092697 ns, Reaching safepoint: 2062434 ns, Cleanup: 53962 ns, At safepoint: 2614 ns, Total: 2119010 ns
[2025-08-19T13:39:09.294+0000][1692535][info ][safepoint   ] Safepoint "Cleanup", Time since last: 1000889550 ns, Reaching safepoint: 73871 ns, Cleanup: 23456 ns, At safepoint: 2313 ns, Total: 99640 ns
[2025-08-19T13:39:10.295+0000][1692535][info ][safepoint   ] Safepoint "Cleanup", Time since last: 1000403426 ns, Reaching safepoint: 575970 ns, Cleanup: 12359 ns, At safepoint: 2994 ns, Total: 591323 ns
[2025-08-19T13:39:11.295+0000][1692535][info ][safepoint   ] Safepoint "Cleanup", Time since last: 1000101090 ns, Reaching safepoint: 36385 ns, Cleanup: 46440 ns, At safepoint: 2624 ns, Total: 85449 ns
[2025-08-19T13:39:12.295+0000][1692535][info ][safepoint   ] Safepoint "Cleanup", Time since last: 1000091766 ns, Reaching safepoint: 69505 ns, Cleanup: 7511 ns, At safepoint: 2263 ns, Total: 79279 ns
[2025-08-19T13:39:13.300+0000][1692535][info ][safepoint   ] Safepoint "Cleanup", Time since last: 1000091115 ns, Reaching safepoint: 5233222 ns, Cleanup: 10436 ns, At safepoint: 3665 ns, Total: 5247323 ns
[2025-08-19T13:39:13.401+0000][1692535][info ][gc,start    ] GC(26) Pause Young (Normal) (G1 Evacuation Pause)
[2025-08-19T13:39:13.401+0000][1692535][info ][gc,task     ] GC(26) Using 1 workers of 1 for evacuation
[2025-08-19T13:39:13.401+0000][1692535][debug][gc,age      ] GC(26) Desired survivor size 20971520 bytes, new threshold 15 (max threshold 15)
[2025-08-19T13:39:13.429+0000][1692535][info ][gc,phases   ] GC(26)   Pre Evacuate Collection Set: 0.2ms
[2025-08-19T13:39:13.429+0000][1692535][info ][gc,phases   ] GC(26)   Merge Heap Roots: 0.1ms
[2025-08-19T13:39:13.429+0000][1692535][info ][gc,phases   ] GC(26)   Evacuate Collection Set: 21.2ms
[2025-08-19T13:39:13.429+0000][1692535][info ][gc,phases   ] GC(26)   Post Evacuate Collection Set: 6.8ms
[2025-08-19T13:39:13.429+0000][1692535][info ][gc,phases   ] GC(26)   Other: 0.0ms
[2025-08-19T13:39:13.429+0000][1692535][trace][gc,age      ] GC(26) Age table with threshold 15 (max threshold 15)
[2025-08-19T13:39:13.429+0000][1692535][trace][gc,age      ] GC(26) - age   1:    1314160 bytes,    1314160 total
[2025-08-19T13:39:13.429+0000][1692535][trace][gc,age      ] GC(26) - age   2:    6770016 bytes,    8084176 total
[2025-08-19T13:39:13.429+0000][1692535][trace][gc,age      ] GC(26) - age   3:   11834648 bytes,   19918824 total
[2025-08-19T13:39:13.429+0000][1692535][info ][gc,heap     ] GC(26) Eden regions: 71->0(71)
[2025-08-19T13:39:13.429+0000][1692535][info ][gc,heap     ] GC(26) Survivor regions: 5->5(10)
[2025-08-19T13:39:13.429+0000][1692535][info ][gc,heap     ] GC(26) Old regions: 19->19
[2025-08-19T13:39:13.429+0000][1692535][info ][gc,heap     ] GC(26) Humongous regions: 0->0
[2025-08-19T13:39:13.429+0000][1692535][info ][gc,metaspace] GC(26) Metaspace: 138470K(142080K)->138470K(142080K) NonClass: 119782K(121664K)->119782K(121664K) Class: 18687K(20416K)->18687K(20416K)
[2025-08-19T13:39:13.429+0000][1692535][info ][gc          ] GC(26) Pause Young (Normal) (G1 Evacuation Pause) 378M->96M(512M) 28.408ms
[2025-08-19T13:39:13.429+0000][1692535][info ][gc,cpu      ] GC(26) User=0.02s Sys=0.00s Real=0.03s
[2025-08-19T13:39:13.429+0000][1692535][info ][safepoint   ] Safepoint "G1CollectForAllocation", Time since last: 100245147 ns, Reaching safepoint: 5479 ns, Cleanup: 7451 ns, At safepoint: 28456959 ns, Total: 28469889 ns
[2025-08-19T13:39:14.429+0000][1692535][info ][safepoint   ] Safepoint "Cleanup", Time since last: 1000073067 ns, Reaching safepoint: 71578 ns, Cleanup: 49525 ns, At safepoint: 2734 ns, Total: 123837 ns
[2025-08-19T13:39:15.432+0000][1692535][info ][safepoint   ] Safepoint "Cleanup", Time since last: 1000198176 ns, Reaching safepoint: 2089846 ns, Cleanup: 32649 ns, At safepoint: 3135 ns, Total: 2125630 ns
[2025-08-19T13:39:16.593+0000][1692535][info ][safepoint   ] Safepoint "Cleanup", Time since last: 1000117635 ns, Reaching safepoint: 161119485 ns, Cleanup: 10626 ns, At safepoint: 8212 ns, Total: 161138323 ns
[2025-08-19T13:39:17.594+0000][1692535][info ][safepoint   ] Safepoint "Cleanup", Time since last: 1000212338 ns, Reaching safepoint: 450400 ns, Cleanup: 24187 ns, At safepoint: 3735 ns, Total: 478322 ns
[2025-08-19T13:39:18.594+0000][1692535][info ][safepoint   ] Safepoint "Cleanup", Time since last: 1000100830 ns, Reaching safepoint: 75714 ns, Cleanup: 25228 ns, At safepoint: 2554 ns, Total: 103496 ns
[2025-08-19T13:39:19.594+0000][1692535][info ][safepoint   ] Safepoint "Cleanup", Time since last: 1000094179 ns, Reaching safepoint: 5849 ns, Cleanup: 38388 ns, At safepoint: 2323 ns, Total: 46560 ns
[2025-08-19T13:39:20.594+0000][1692535][info ][safepoint   ] Safepoint "Cleanup", Time since last: 1000117134 ns, Reaching safepoint: 5819 ns, Cleanup: 9695 ns, At safepoint: 2784 ns, Total: 18298 ns
[2025-08-19T13:39:21.594+0000][1692535][info ][safepoint   ] Safepoint "Cleanup", Time since last: 1000094570 ns, Reaching safepoint: 6079 ns, Cleanup: 8373 ns, At safepoint: 2554 ns, Total: 17006 ns
[2025-08-19T13:39:22.594+0000][1692535][info ][safepoint   ] Safepoint "Cleanup", Time since last: 1000095681 ns, Reaching safepoint: 5849 ns, Cleanup: 9624 ns, At safepoint: 2484 ns, Total: 17957 ns
[2025-08-19T13:39:23.607+0000][1692535][info ][safepoint   ] Safepoint "Cleanup", Time since last: 1000094149 ns, Reaching safepoint: 12614127 ns, Cleanup: 16996 ns, At safepoint: 5348 ns, Total: 12636471 ns
[2025-08-19T13:39:24.195+0000][1692535][info ][gc,start    ] GC(27) Pause Young (Normal) (G1 Evacuation Pause)
[2025-08-19T13:39:24.195+0000][1692535][info ][gc,task     ] GC(27) Using 1 workers of 1 for evacuation
[2025-08-19T13:39:24.195+0000][1692535][debug][gc,age      ] GC(27) Desired survivor size 20971520 bytes, new threshold 15 (max threshold 15)
[2025-08-19T13:39:24.262+0000][1692535][info ][gc,phases   ] GC(27)   Pre Evacuate Collection Set: 0.1ms
[2025-08-19T13:39:24.262+0000][1692535][info ][gc,phases   ] GC(27)   Merge Heap Roots: 0.0ms
[2025-08-19T13:39:24.262+0000][1692535][info ][gc,phases   ] GC(27)   Evacuate Collection Set: 65.3ms
[2025-08-19T13:39:24.262+0000][1692535][info ][gc,phases   ] GC(27)   Post Evacuate Collection Set: 1.2ms
[2025-08-19T13:39:24.262+0000][1692535][info ][gc,phases   ] GC(27)   Other: 0.0ms
[2025-08-19T13:39:24.262+0000][1692535][trace][gc,age      ] GC(27) Age table with threshold 15 (max threshold 15)
[2025-08-19T13:39:24.262+0000][1692535][trace][gc,age      ] GC(27) - age   1:   31816656 bytes,   31816656 total
[2025-08-19T13:39:24.262+0000][1692535][trace][gc,age      ] GC(27) - age   2:     226480 bytes,   32043136 total
[2025-08-19T13:39:24.262+0000][1692535][trace][gc,age      ] GC(27) - age   3:    2845608 bytes,   34888744 total
[2025-08-19T13:39:24.262+0000][1692535][trace][gc,age      ] GC(27) - age   4:    6355056 bytes,   41243800 total
[2025-08-19T13:39:24.262+0000][1692535][info ][gc,heap     ] GC(27) Eden regions: 71->0(66)
[2025-08-19T13:39:24.262+0000][1692535][info ][gc,heap     ] GC(27) Survivor regions: 5->10(10)
[2025-08-19T13:39:24.262+0000][1692535][info ][gc,heap     ] GC(27) Old regions: 19->21
[2025-08-19T13:39:24.262+0000][1692535][info ][gc,heap     ] GC(27) Humongous regions: 0->0
[2025-08-19T13:39:24.262+0000][1692535][info ][gc,metaspace] GC(27) Metaspace: 138951K(142592K)->138951K(142592K) NonClass: 120202K(122112K)->120202K(122112K) Class: 18748K(20480K)->18748K(20480K)
[2025-08-19T13:39:24.262+0000][1692535][info ][gc          ] GC(27) Pause Young (Normal) (G1 Evacuation Pause) 379M->121M(512M) 66.842ms
[2025-08-19T13:39:24.262+0000][1692535][info ][gc,cpu      ] GC(27) User=0.02s Sys=0.01s Real=0.07s
[2025-08-19T13:39:24.262+0000][1692535][info ][safepoint   ] Safepoint "G1CollectForAllocation", Time since last: 588266503 ns, Reaching safepoint: 4577 ns, Cleanup: 15784 ns, At safepoint: 66895099 ns, Total: 66915460 ns
[2025-08-19T13:39:25.262+0000][1692535][info ][safepoint   ] Safepoint "Cleanup", Time since last: 1000226199 ns, Reaching safepoint: 6079 ns, Cleanup: 103837 ns, At safepoint: 2293 ns, Total: 112209 ns
[2025-08-19T13:39:31.263+0000][1692535][info ][safepoint   ] Safepoint "Cleanup", Time since last: 6000694211 ns, Reaching safepoint: 7551 ns, Cleanup: 11508 ns, At safepoint: 2734 ns, Total: 21793 ns
[2025-08-19T13:39:32.264+0000][1692535][info ][safepoint   ] Safepoint "Cleanup", Time since last: 1000514604 ns, Reaching safepoint: 7241 ns, Cleanup: 15393 ns, At safepoint: 2684 ns, Total: 25318 ns
[2025-08-19T13:39:33.662+0000][1692535][info ][safepoint   ] Safepoint "ICBufferFull", Time since last: 1378987396 ns, Reaching safepoint: 18968562 ns, Cleanup: 113581 ns, At safepoint: 4076 ns, Total: 19086219 ns
[2025-08-19T13:39:34.692+0000][1692535][info ][safepoint   ] Safepoint "Cleanup", Time since last: 1000098977 ns, Reaching safepoint: 29617211 ns, Cleanup: 55464 ns, At safepoint: 7381 ns, Total: 29680056 ns
[2025-08-19T13:39:35.700+0000][1692535][info ][safepoint   ] Safepoint "Cleanup", Time since last: 1001031815 ns, Reaching safepoint: 7524802 ns, Cleanup: 52209 ns, At safepoint: 5248 ns, Total: 7582259 ns
[2025-08-19T13:39:36.718+0000][1692535][info ][safepoint   ] Safepoint "Cleanup", Time since last: 1000097143 ns, Reaching safepoint: 17857645 ns, Cleanup: 13651 ns, At safepoint: 5488 ns, Total: 17876784 ns
[2025-08-19T13:39:37.718+0000][1692535][info ][safepoint   ] Safepoint "Cleanup", Time since last: 1000096052 ns, Reaching safepoint: 5859 ns, Cleanup: 41883 ns, At safepoint: 2233 ns, Total: 49975 ns
[2025-08-19T13:39:38.519+0000][1692535][info ][gc,start    ] GC(28) Pause Young (Normal) (G1 Evacuation Pause)
[2025-08-19T13:39:38.519+0000][1692535][info ][gc,task     ] GC(28) Using 1 workers of 1 for evacuation
[2025-08-19T13:39:38.519+0000][1692535][debug][gc,age      ] GC(28) Desired survivor size 20971520 bytes, new threshold 1 (max threshold 15)
[2025-08-19T13:39:38.569+0000][1692535][info ][gc,phases   ] GC(28)   Pre Evacuate Collection Set: 0.1ms
[2025-08-19T13:39:38.569+0000][1692535][info ][gc,phases   ] GC(28)   Merge Heap Roots: 0.0ms
[2025-08-19T13:39:38.569+0000][1692535][info ][gc,phases   ] GC(28)   Evacuate Collection Set: 47.3ms
[2025-08-19T13:39:38.569+0000][1692535][info ][gc,phases   ] GC(28)   Post Evacuate Collection Set: 2.3ms
[2025-08-19T13:39:38.569+0000][1692535][info ][gc,phases   ] GC(28)   Other: 0.0ms
[2025-08-19T13:39:38.569+0000][1692535][trace][gc,age      ] GC(28) Age table with threshold 1 (max threshold 15)
[2025-08-19T13:39:38.569+0000][1692535][trace][gc,age      ] GC(28) - age   1:     128784 bytes,     128784 total
[2025-08-19T13:39:38.569+0000][1692535][info ][gc,heap     ] GC(28) Eden regions: 66->0(75)
[2025-08-19T13:39:38.569+0000][1692535][info ][gc,heap     ] GC(28) Survivor regions: 10->1(10)
[2025-08-19T13:39:38.569+0000][1692535][info ][gc,heap     ] GC(28) Old regions: 21->23
[2025-08-19T13:39:38.569+0000][1692535][info ][gc,heap     ] GC(28) Humongous regions: 0->0
[2025-08-19T13:39:38.569+0000][1692535][info ][gc,metaspace] GC(28) Metaspace: 139186K(142784K)->139186K(142784K) NonClass: 120421K(122304K)->120421K(122304K) Class: 18764K(20480K)->18764K(20480K)
[2025-08-19T13:39:38.569+0000][1692535][info ][gc          ] GC(28) Pause Young (Normal) (G1 Evacuation Pause) 385M->91M(512M) 50.040ms
[2025-08-19T13:39:38.569+0000][1692535][info ][gc,cpu      ] GC(28) User=0.01s Sys=0.01s Real=0.05s
[2025-08-19T13:39:38.569+0000][1692535][info ][safepoint   ] Safepoint "G1CollectForAllocation", Time since last: 800559088 ns, Reaching safepoint: 4427 ns, Cleanup: 7892 ns, At safepoint: 50508776 ns, Total: 50521095 ns
[2025-08-19T13:39:41.570+0000][1692535][info ][safepoint   ] Safepoint "Cleanup", Time since last: 3000190049 ns, Reaching safepoint: 16464 ns, Cleanup: 5749 ns, At safepoint: 2694 ns, Total: 24907 ns
[2025-08-19T13:39:42.570+0000][1692535][info ][safepoint   ] Safepoint "Cleanup", Time since last: 1000097364 ns, Reaching safepoint: 42114 ns, Cleanup: 10646 ns, At safepoint: 4777 ns, Total: 57537 ns
[2025-08-19T13:39:44.570+0000][1692535][info ][safepoint   ] Safepoint "Cleanup", Time since last: 2000158884 ns, Reaching safepoint: 6750 ns, Cleanup: 10686 ns, At safepoint: 2524 ns, Total: 19960 ns
[2025-08-19T13:39:48.570+0000][1692535][info ][safepoint   ] Safepoint "Cleanup", Time since last: 4000283236 ns, Reaching safepoint: 6320 ns, Cleanup: 10416 ns, At safepoint: 2634 ns, Total: 19370 ns
[2025-08-19T13:39:55.571+0000][1692535][info ][safepoint   ] Safepoint "Cleanup", Time since last: 7000391199 ns, Reaching safepoint: 6790 ns, Cleanup: 10195 ns, At safepoint: 2674 ns, Total: 19659 ns
[2025-08-19T13:40:00.392+0000][1692535][info ][safepoint   ] Safepoint "Cleanup", Time since last: 4821607028 ns, Reaching safepoint: 6550 ns, Cleanup: 13040 ns, At safepoint: 2544 ns, Total: 22134 ns
[2025-08-19T13:40:04.393+0000][1692535][info ][safepoint   ] Safepoint "Cleanup", Time since last: 4000248443 ns, Reaching safepoint: 6730 ns, Cleanup: 10916 ns, At safepoint: 2374 ns, Total: 20020 ns
[2025-08-19T13:40:14.393+0000][1692535][info ][safepoint   ] Safepoint "Cleanup", Time since last: 10000633677 ns, Reaching safepoint: 37627 ns, Cleanup: 12068 ns, At safepoint: 2464 ns, Total: 52159 ns
[2025-08-19T13:40:18.394+0000][1692535][info ][safepoint   ] Safepoint "Cleanup", Time since last: 4000242865 ns, Reaching safepoint: 6730 ns, Cleanup: 11337 ns, At safepoint: 2765 ns, Total: 20832 ns
[2025-08-19T13:40:19.394+0000][1692535][info ][safepoint   ] Safepoint "Cleanup", Time since last: 1000103072 ns, Reaching safepoint: 5699 ns, Cleanup: 29104 ns, At safepoint: 2544 ns, Total: 37347 ns
[2025-08-19T13:40:24.394+0000][1692535][info ][safepoint   ] Safepoint "Cleanup", Time since last: 5000355071 ns, Reaching safepoint: 6560 ns, Cleanup: 10977 ns, At safepoint: 2754 ns, Total: 20291 ns
[2025-08-19T13:40:27.394+0000][1692535][info ][safepoint   ] Safepoint "Cleanup", Time since last: 3000210899 ns, Reaching safepoint: 6500 ns, Cleanup: 11698 ns, At safepoint: 2504 ns, Total: 20702 ns
[2025-08-19T13:40:28.394+0000][1692535][info ][safepoint   ] Safepoint "Cleanup", Time since last: 1000102091 ns, Reaching safepoint: 6329 ns, Cleanup: 10596 ns, At safepoint: 2885 ns, Total: 19810 ns
[2025-08-19T13:40:32.395+0000][1692535][info ][safepoint   ] Safepoint "Cleanup", Time since last: 4000274663 ns, Reaching safepoint: 6319 ns, Cleanup: 19339 ns, At safepoint: 2104 ns, Total: 27762 ns
[2025-08-19T13:40:35.395+0000][1692535][info ][safepoint   ] Safepoint "Cleanup", Time since last: 3000214204 ns, Reaching safepoint: 6490 ns, Cleanup: 11167 ns, At safepoint: 2514 ns, Total: 20171 ns
[2025-08-19T13:40:36.395+0000][1692535][info ][safepoint   ] Safepoint "Cleanup", Time since last: 1000101921 ns, Reaching safepoint: 5708 ns, Cleanup: 13811 ns, At safepoint: 2544 ns, Total: 22063 ns
[2025-08-19T13:40:37.395+0000][1692535][info ][safepoint   ] Safepoint "Cleanup", Time since last: 1000106618 ns, Reaching safepoint: 6690 ns, Cleanup: 12529 ns, At safepoint: 2674 ns, Total: 21893 ns
[2025-08-19T13:40:38.395+0000][1692535][info ][safepoint   ] Safepoint "Cleanup", Time since last: 1000105476 ns, Reaching safepoint: 6090 ns, Cleanup: 13199 ns, At safepoint: 2634 ns, Total: 21923 ns
[2025-08-19T13:40:39.395+0000][1692535][info ][safepoint   ] Safepoint "Cleanup", Time since last: 1000077935 ns, Reaching safepoint: 6530 ns, Cleanup: 12449 ns, At safepoint: 2804 ns, Total: 21783 ns
[2025-08-19T13:40:40.396+0000][1692535][info ][safepoint   ] Safepoint "Cleanup", Time since last: 1000102151 ns, Reaching safepoint: 7011 ns, Cleanup: 11818 ns, At safepoint: 2744 ns, Total: 21573 ns
[2025-08-19T13:40:43.396+0000][1692535][info ][safepoint   ] Safepoint "Cleanup", Time since last: 3000223158 ns, Reaching safepoint: 35694 ns, Cleanup: 11287 ns, At safepoint: 4847 ns, Total: 51828 ns
[2025-08-19T13:40:46.396+0000][1692535][info ][safepoint   ] Safepoint "Cleanup", Time since last: 3000215166 ns, Reaching safepoint: 6580 ns, Cleanup: 14532 ns, At safepoint: 2684 ns, Total: 23796 ns
[2025-08-19T13:40:47.396+0000][1692535][info ][safepoint   ] Safepoint "Cleanup", Time since last: 1000104004 ns, Reaching safepoint: 6090 ns, Cleanup: 11747 ns, At safepoint: 2364 ns, Total: 20201 ns
[2025-08-19T13:40:48.396+0000][1692535][info ][safepoint   ] Safepoint "Cleanup", Time since last: 1000110254 ns, Reaching safepoint: 6129 ns, Cleanup: 11848 ns, At safepoint: 2423 ns, Total: 20400 ns
[2025-08-19T13:40:51.397+0000][1692535][info ][safepoint   ] Safepoint "Cleanup", Time since last: 3000200414 ns, Reaching safepoint: 5869 ns, Cleanup: 11577 ns, At safepoint: 2394 ns, Total: 19840 ns
[2025-08-19T13:40:53.397+0000][1692535][info ][safepoint   ] Safepoint "Cleanup", Time since last: 2000162479 ns, Reaching safepoint: 6640 ns, Cleanup: 11958 ns, At safepoint: 2364 ns, Total: 20962 ns
[2025-08-19T13:40:56.397+0000][1692535][info ][safepoint   ] Safepoint "Cleanup", Time since last: 3000220775 ns, Reaching safepoint: 6570 ns, Cleanup: 15763 ns, At safepoint: 2544 ns, Total: 24877 ns
[2025-08-19T13:41:02.397+0000][1692535][info ][safepoint   ] Safepoint "Cleanup", Time since last: 6000393987 ns, Reaching safepoint: 6240 ns, Cleanup: 12248 ns, At safepoint: 6029 ns, Total: 24517 ns
[2025-08-19T13:41:11.398+0000][1692535][info ][safepoint   ] Safepoint "Cleanup", Time since last: 9000564637 ns, Reaching safepoint: 6700 ns, Cleanup: 10275 ns, At safepoint: 2133 ns, Total: 19108 ns
[2025-08-19T13:41:18.398+0000][1692535][info ][safepoint   ] Safepoint "Cleanup", Time since last: 7000431271 ns, Reaching safepoint: 39310 ns, Cleanup: 12528 ns, At safepoint: 2144 ns, Total: 53982 ns
[2025-08-19T13:41:24.399+0000][1692535][info ][safepoint   ] Safepoint "Cleanup", Time since last: 6000394488 ns, Reaching safepoint: 6710 ns, Cleanup: 11988 ns, At safepoint: 2764 ns, Total: 21462 ns
[2025-08-19T13:41:25.399+0000][1692535][info ][safepoint   ] Safepoint "Cleanup", Time since last: 1000230545 ns, Reaching safepoint: 6100 ns, Cleanup: 10455 ns, At safepoint: 2404 ns, Total: 18959 ns
[2025-08-19T13:41:32.400+0000][1692535][info ][safepoint   ] Safepoint "Cleanup", Time since last: 7000510440 ns, Reaching safepoint: 6169 ns, Cleanup: 13671 ns, At safepoint: 2193 ns, Total: 22033 ns
[2025-08-19T13:41:36.400+0000][1692535][info ][safepoint   ] Safepoint "Cleanup", Time since last: 4000287913 ns, Reaching safepoint: 6160 ns, Cleanup: 10445 ns, At safepoint: 2815 ns, Total: 19420 ns
[2025-08-19T13:41:52.401+0000][1692535][info ][safepoint   ] Safepoint "Cleanup", Time since last: 16000969737 ns, Reaching safepoint: 73511 ns, Cleanup: 10375 ns, At safepoint: 3095 ns, Total: 86981 ns
[2025-08-19T13:41:54.402+0000][1692535][info ][safepoint   ] Safepoint "Cleanup", Time since last: 2000552428 ns, Reaching safepoint: 6520 ns, Cleanup: 11708 ns, At safepoint: 2514 ns, Total: 20742 ns
[2025-08-19T13:41:57.402+0000][1692535][info ][safepoint   ] Safepoint "Cleanup", Time since last: 3000445343 ns, Reaching safepoint: 6340 ns, Cleanup: 10796 ns, At safepoint: 2484 ns, Total: 19620 ns
[2025-08-19T13:41:58.402+0000][1692535][info ][safepoint   ] Safepoint "Cleanup", Time since last: 1000100909 ns, Reaching safepoint: 5649 ns, Cleanup: 17296 ns, At safepoint: 2344 ns, Total: 25289 ns
[2025-08-19T13:41:59.402+0000][1692535][info ][safepoint   ] Safepoint "Cleanup", Time since last: 1000130874 ns, Reaching safepoint: 6540 ns, Cleanup: 10967 ns, At safepoint: 2604 ns, Total: 20111 ns
[2025-08-19T13:42:04.403+0000][1692535][info ][safepoint   ] Safepoint "Cleanup", Time since last: 5000308050 ns, Reaching safepoint: 6800 ns, Cleanup: 10176 ns, At safepoint: 2584 ns, Total: 19560 ns
[2025-08-19T13:42:08.403+0000][1692535][info ][safepoint   ] Safepoint "Cleanup", Time since last: 4000300401 ns, Reaching safepoint: 6410 ns, Cleanup: 15593 ns, At safepoint: 2334 ns, Total: 24337 ns
[2025-08-19T13:42:12.403+0000][1692535][info ][safepoint   ] Safepoint "Cleanup", Time since last: 4000312971 ns, Reaching safepoint: 6409 ns, Cleanup: 13341 ns, At safepoint: 2403 ns, Total: 22153 ns
[2025-08-19T13:42:16.404+0000][1692535][info ][safepoint   ] Safepoint "Cleanup", Time since last: 4000250317 ns, Reaching safepoint: 22944 ns, Cleanup: 12479 ns, At safepoint: 4707 ns, Total: 40130 ns
[2025-08-19T13:42:20.404+0000][1692535][info ][safepoint   ] Safepoint "Cleanup", Time since last: 4000293251 ns, Reaching safepoint: 6590 ns, Cleanup: 24757 ns, At safepoint: 2634 ns, Total: 33981 ns
[2025-08-19T13:42:21.404+0000][1692535][info ][safepoint   ] Safepoint "Cleanup", Time since last: 1000103684 ns, Reaching safepoint: 6820 ns, Cleanup: 10937 ns, At safepoint: 2844 ns, Total: 20601 ns
[2025-08-19T13:42:22.404+0000][1692535][info ][safepoint   ] Safepoint "Cleanup", Time since last: 1000095491 ns, Reaching safepoint: 6520 ns, Cleanup: 10716 ns, At safepoint: 2604 ns, Total: 19840 ns
[2025-08-19T13:42:24.404+0000][1692535][info ][safepoint   ] Safepoint "Cleanup", Time since last: 2000165815 ns, Reaching safepoint: 6860 ns, Cleanup: 10125 ns, At safepoint: 2134 ns, Total: 19119 ns
[2025-08-19T13:42:25.404+0000][1692535][info ][safepoint   ] Safepoint "Cleanup", Time since last: 1000105606 ns, Reaching safepoint: 6811 ns, Cleanup: 12779 ns, At safepoint: 2514 ns, Total: 22104 ns
[2025-08-19T13:42:32.405+0000][1692535][info ][safepoint   ] Safepoint "Cleanup", Time since last: 7000462698 ns, Reaching safepoint: 6790 ns, Cleanup: 18798 ns, At safepoint: 2514 ns, Total: 28102 ns
[2025-08-19T13:42:39.405+0000][1692535][info ][safepoint   ] Safepoint "Cleanup", Time since last: 7000425142 ns, Reaching safepoint: 5518 ns, Cleanup: 12619 ns, At safepoint: 2634 ns, Total: 20771 ns
[2025-08-19T13:42:42.406+0000][1692535][info ][safepoint   ] Safepoint "Cleanup", Time since last: 3000224590 ns, Reaching safepoint: 6380 ns, Cleanup: 11067 ns, At safepoint: 2603 ns, Total: 20050 ns
[2025-08-19T13:42:56.407+0000][1692535][info ][safepoint   ] Safepoint "Cleanup", Time since last: 14001014942 ns, Reaching safepoint: 32619 ns, Cleanup: 9044 ns, At safepoint: 2554 ns, Total: 44217 ns
[2025-08-19T13:42:58.407+0000][1692535][info ][safepoint   ] Safepoint "Cleanup", Time since last: 2000157492 ns, Reaching safepoint: 6129 ns, Cleanup: 12479 ns, At safepoint: 2433 ns, Total: 21041 ns
[2025-08-19T13:43:03.407+0000][1692535][info ][safepoint   ] Safepoint "Cleanup", Time since last: 5000345958 ns, Reaching safepoint: 6580 ns, Cleanup: 10626 ns, At safepoint: 2684 ns, Total: 19890 ns
[2025-08-19T13:43:06.408+0000][1692535][info ][safepoint   ] Safepoint "Cleanup", Time since last: 3000244441 ns, Reaching safepoint: 6409 ns, Cleanup: 9515 ns, At safepoint: 2483 ns, Total: 18407 ns
[2025-08-19T13:43:14.408+0000][1692535][info ][safepoint   ] Safepoint "Cleanup", Time since last: 8000504128 ns, Reaching safepoint: 6199 ns, Cleanup: 10546 ns, At safepoint: 2504 ns, Total: 19249 ns
[2025-08-19T13:43:33.411+0000][1692535][info ][safepoint   ] Safepoint "Cleanup", Time since last: 19003395101 ns, Reaching safepoint: 42073 ns, Cleanup: 13831 ns, At safepoint: 2304 ns, Total: 58208 ns
[2025-08-19T13:43:37.412+0000][1692535][info ][safepoint   ] Safepoint "Cleanup", Time since last: 4000274242 ns, Reaching safepoint: 6079 ns, Cleanup: 10165 ns, At safepoint: 2364 ns, Total: 18608 ns
[2025-08-19T13:43:43.415+0000][1692535][info ][safepoint   ] Safepoint "Cleanup", Time since last: 6003057028 ns, Reaching safepoint: 7332 ns, Cleanup: 11216 ns, At safepoint: 3025 ns, Total: 21573 ns
[2025-08-19T13:43:46.415+0000][1692535][info ][safepoint   ] Safepoint "Cleanup", Time since last: 3000234495 ns, Reaching safepoint: 6370 ns, Cleanup: 11037 ns, At safepoint: 2654 ns, Total: 20061 ns
[2025-08-19T13:43:47.415+0000][1692535][info ][safepoint   ] Safepoint "Cleanup", Time since last: 1000102091 ns, Reaching safepoint: 6119 ns, Cleanup: 10346 ns, At safepoint: 2543 ns, Total: 19008 ns
[2025-08-19T13:43:48.415+0000][1692535][info ][safepoint   ] Safepoint "Cleanup", Time since last: 1000099007 ns, Reaching safepoint: 36456 ns, Cleanup: 10836 ns, At safepoint: 6079 ns, Total: 53371 ns
[2025-08-19T13:44:04.417+0000][1692535][info ][safepoint   ] Safepoint "Cleanup", Time since last: 16001485697 ns, Reaching safepoint: 6469 ns, Cleanup: 11107 ns, At safepoint: 2834 ns, Total: 20410 ns
[2025-08-19T13:44:15.418+0000][1692535][info ][safepoint   ] Safepoint "Cleanup", Time since last: 11001086679 ns, Reaching safepoint: 6600 ns, Cleanup: 11447 ns, At safepoint: 2885 ns, Total: 20932 ns
[2025-08-19T13:44:35.423+0000][1692535][info ][safepoint   ] Safepoint "Cleanup", Time since last: 20004620938 ns, Reaching safepoint: 35724 ns, Cleanup: 11077 ns, At safepoint: 2884 ns, Total: 49685 ns
[2025-08-19T13:44:36.423+0000][1692535][info ][safepoint   ] Safepoint "Cleanup", Time since last: 1000128321 ns, Reaching safepoint: 7201 ns, Cleanup: 26109 ns, At safepoint: 2935 ns, Total: 36245 ns
[2025-08-19T13:44:47.424+0000][1692535][info ][safepoint   ] Safepoint "Cleanup", Time since last: 11000721857 ns, Reaching safepoint: 6580 ns, Cleanup: 11177 ns, At safepoint: 2744 ns, Total: 20501 ns
[2025-08-19T13:45:19.426+0000][1692535][info ][safepoint   ] Safepoint "Cleanup", Time since last: 32001975399 ns, Reaching safepoint: 6410 ns, Cleanup: 11117 ns, At safepoint: 2594 ns, Total: 20121 ns
[2025-08-19T13:45:24.426+0000][1692535][info ][safepoint   ] Safepoint "Cleanup", Time since last: 5000698720 ns, Reaching safepoint: 59971 ns, Cleanup: 10425 ns, At safepoint: 2294 ns, Total: 72690 ns
[2025-08-19T13:45:26.427+0000][1692535][info ][safepoint   ] Safepoint "Cleanup", Time since last: 2000166876 ns, Reaching safepoint: 6029 ns, Cleanup: 12719 ns, At safepoint: 2384 ns, Total: 21132 ns
[2025-08-19T13:45:47.428+0000][1692535][info ][safepoint   ] Safepoint "Cleanup", Time since last: 21001293481 ns, Reaching safepoint: 6530 ns, Cleanup: 13530 ns, At safepoint: 2975 ns, Total: 23035 ns
[2025-08-19T13:45:53.428+0000][1692535][info ][safepoint   ] Safepoint "Cleanup", Time since last: 6000393836 ns, Reaching safepoint: 42905 ns, Cleanup: 9995 ns, At safepoint: 2774 ns, Total: 55674 ns
[2025-08-19T13:46:02.429+0000][1692535][info ][safepoint   ] Safepoint "Cleanup", Time since last: 9000542853 ns, Reaching safepoint: 5619 ns, Cleanup: 14602 ns, At safepoint: 2504 ns, Total: 22725 ns
[2025-08-19T13:46:03.429+0000][1692535][info ][safepoint   ] Safepoint "Cleanup", Time since last: 1000105376 ns, Reaching safepoint: 6099 ns, Cleanup: 9585 ns, At safepoint: 2173 ns, Total: 17857 ns
[2025-08-19T13:46:04.429+0000][1692535][info ][safepoint   ] Safepoint "Cleanup", Time since last: 1000130083 ns, Reaching safepoint: 6320 ns, Cleanup: 11597 ns, At safepoint: 2775 ns, Total: 20692 ns
[2025-08-19T13:46:06.429+0000][1692535][info ][safepoint   ] Safepoint "Cleanup", Time since last: 2000169650 ns, Reaching safepoint: 6149 ns, Cleanup: 13270 ns, At safepoint: 2344 ns, Total: 21763 ns
[2025-08-19T13:46:09.430+0000][1692535][info ][safepoint   ] Safepoint "Cleanup", Time since last: 3000230129 ns, Reaching safepoint: 6129 ns, Cleanup: 10175 ns, At safepoint: 2544 ns, Total: 18848 ns
[2025-08-19T13:46:16.430+0000][1692535][info ][safepoint   ] Safepoint "Cleanup", Time since last: 7000473965 ns, Reaching safepoint: 6079 ns, Cleanup: 16035 ns, At safepoint: 2734 ns, Total: 24848 ns
[2025-08-19T13:46:29.432+0000][1692535][info ][safepoint   ] Safepoint "Cleanup", Time since last: 13002050688 ns, Reaching safepoint: 40731 ns, Cleanup: 12459 ns, At safepoint: 2844 ns, Total: 56034 ns
[2025-08-19T13:46:32.432+0000][1692535][info ][safepoint   ] Safepoint "Cleanup", Time since last: 3000186754 ns, Reaching safepoint: 6109 ns, Cleanup: 10085 ns, At safepoint: 2864 ns, Total: 19058 ns
[2025-08-19T13:46:33.433+0000][1692535][info ][safepoint   ] Safepoint "Cleanup", Time since last: 1000105006 ns, Reaching safepoint: 6440 ns, Cleanup: 9875 ns, At safepoint: 2574 ns, Total: 18889 ns
[2025-08-19T13:46:34.433+0000][1692535][info ][safepoint   ] Safepoint "Cleanup", Time since last: 1000120659 ns, Reaching safepoint: 5728 ns, Cleanup: 10126 ns, At safepoint: 2654 ns, Total: 18508 ns
[2025-08-19T13:46:44.433+0000][1692535][info ][safepoint   ] Safepoint "Cleanup", Time since last: 10000634228 ns, Reaching safepoint: 6019 ns, Cleanup: 10125 ns, At safepoint: 2554 ns, Total: 18698 ns
[2025-08-19T13:47:02.434+0000][1692535][info ][safepoint   ] Safepoint "Cleanup", Time since last: 18001068410 ns, Reaching safepoint: 5869 ns, Cleanup: 9274 ns, At safepoint: 2554 ns, Total: 17697 ns
[2025-08-19T13:47:06.435+0000][1692535][info ][safepoint   ] Safepoint "Cleanup", Time since last: 4000277367 ns, Reaching safepoint: 6330 ns, Cleanup: 9644 ns, At safepoint: 2604 ns, Total: 18578 ns
[2025-08-19T13:47:31.436+0000][1692535][info ][safepoint   ] Safepoint "Cleanup", Time since last: 25001502816 ns, Reaching safepoint: 42644 ns, Cleanup: 10657 ns, At safepoint: 2774 ns, Total: 56075 ns
[2025-08-19T13:47:38.437+0000][1692535][info ][safepoint   ] Safepoint "Cleanup", Time since last: 7000424270 ns, Reaching safepoint: 6179 ns, Cleanup: 12840 ns, At safepoint: 2593 ns, Total: 21612 ns
[2025-08-19T13:47:54.438+0000][1692535][info ][safepoint   ] Safepoint "Cleanup", Time since last: 16001597105 ns, Reaching safepoint: 39990 ns, Cleanup: 10346 ns, At safepoint: 4927 ns, Total: 55263 ns
[2025-08-19T13:48:06.439+0000][1692535][info ][safepoint   ] Safepoint "Cleanup", Time since last: 12000743277 ns, Reaching safepoint: 5949 ns, Cleanup: 10396 ns, At safepoint: 2263 ns, Total: 18608 ns
[2025-08-19T13:48:24.440+0000][1692535][info ][safepoint   ] Safepoint "Cleanup", Time since last: 18001082622 ns, Reaching safepoint: 29385 ns, Cleanup: 8122 ns, At safepoint: 1943 ns, Total: 39450 ns
[2025-08-19T13:48:59.443+0000][1692535][info ][safepoint   ] Safepoint "Cleanup", Time since last: 35002615326 ns, Reaching safepoint: 39740 ns, Cleanup: 9685 ns, At safepoint: 3145 ns, Total: 52570 ns
[2025-08-19T13:49:32.445+0000][1692535][info ][safepoint   ] Safepoint "Cleanup", Time since last: 33002414398 ns, Reaching safepoint: 21503 ns, Cleanup: 7791 ns, At safepoint: 2354 ns, Total: 31648 ns
[2025-08-19T13:49:37.446+0000][1692535][info ][safepoint   ] Safepoint "Cleanup", Time since last: 5000385818 ns, Reaching safepoint: 5959 ns, Cleanup: 10636 ns, At safepoint: 2885 ns, Total: 19480 ns
[2025-08-19T13:49:55.447+0000][1692535][info ][safepoint   ] Safepoint "Cleanup", Time since last: 18001256293 ns, Reaching safepoint: 5929 ns, Cleanup: 8573 ns, At safepoint: 2514 ns, Total: 17016 ns
[2025-08-19T13:50:02.447+0000][1692535][info ][safepoint   ] Safepoint "Cleanup", Time since last: 7000406764 ns, Reaching safepoint: 5568 ns, Cleanup: 7321 ns, At safepoint: 2184 ns, Total: 15073 ns
[2025-08-19T13:50:03.448+0000][1692535][info ][safepoint   ] Safepoint "Cleanup", Time since last: 1000203644 ns, Reaching safepoint: 5759 ns, Cleanup: 8222 ns, At safepoint: 2374 ns, Total: 16355 ns
[2025-08-19T13:50:24.449+0000][1692535][info ][safepoint   ] Safepoint "Cleanup", Time since last: 21001447744 ns, Reaching safepoint: 6039 ns, Cleanup: 7972 ns, At safepoint: 2404 ns, Total: 16415 ns
[2025-08-19T13:50:42.451+0000][1692535][info ][safepoint   ] Safepoint "Cleanup", Time since last: 18001973397 ns, Reaching safepoint: 36084 ns, Cleanup: 9805 ns, At safepoint: 2975 ns, Total: 48864 ns
[2025-08-19T13:50:54.452+0000][1692535][info ][safepoint   ] Safepoint "Cleanup", Time since last: 12000766021 ns, Reaching safepoint: 133411 ns, Cleanup: 9054 ns, At safepoint: 2734 ns, Total: 145199 ns
[2025-08-19T13:51:07.453+0000][1692535][info ][safepoint   ] Safepoint "Cleanup", Time since last: 13001190089 ns, Reaching safepoint: 6129 ns, Cleanup: 9324 ns, At safepoint: 2554 ns, Total: 18007 ns
[2025-08-19T13:51:09.003+0000][1692535][info ][gc,start    ] GC(29) Pause Young (Normal) (G1 Evacuation Pause)
[2025-08-19T13:51:09.003+0000][1692535][info ][gc,task     ] GC(29) Using 1 workers of 1 for evacuation
[2025-08-19T13:51:09.003+0000][1692535][debug][gc,age      ] GC(29) Desired survivor size 20971520 bytes, new threshold 15 (max threshold 15)
[2025-08-19T13:51:09.009+0000][1692535][info ][gc,phases   ] GC(29)   Pre Evacuate Collection Set: 0.1ms
[2025-08-19T13:51:09.009+0000][1692535][info ][gc,phases   ] GC(29)   Merge Heap Roots: 0.0ms
[2025-08-19T13:51:09.009+0000][1692535][info ][gc,phases   ] GC(29)   Evacuate Collection Set: 3.5ms
[2025-08-19T13:51:09.009+0000][1692535][info ][gc,phases   ] GC(29)   Post Evacuate Collection Set: 2.7ms
[2025-08-19T13:51:09.009+0000][1692535][info ][gc,phases   ] GC(29)   Other: 0.0ms
[2025-08-19T13:51:09.009+0000][1692535][trace][gc,age      ] GC(29) Age table with threshold 15 (max threshold 15)
[2025-08-19T13:51:09.009+0000][1692535][trace][gc,age      ] GC(29) - age   1:      23032 bytes,      23032 total
[2025-08-19T13:51:09.009+0000][1692535][trace][gc,age      ] GC(29) - age   2:     121016 bytes,     144048 total
[2025-08-19T13:51:09.009+0000][1692535][info ][gc,heap     ] GC(29) Eden regions: 75->0(75)
[2025-08-19T13:51:09.009+0000][1692535][info ][gc,heap     ] GC(29) Survivor regions: 1->1(10)
[2025-08-19T13:51:09.009+0000][1692535][info ][gc,heap     ] GC(29) Old regions: 23->23
[2025-08-19T13:51:09.009+0000][1692535][info ][gc,heap     ] GC(29) Humongous regions: 0->0
[2025-08-19T13:51:09.009+0000][1692535][info ][gc,metaspace] GC(29) Metaspace: 139258K(142912K)->139258K(142912K) NonClass: 120493K(122432K)->120493K(122432K) Class: 18764K(20480K)->18764K(20480K)
[2025-08-19T13:51:09.009+0000][1692535][info ][gc          ] GC(29) Pause Young (Normal) (G1 Evacuation Pause) 391M->90M(512M) 6.548ms
[2025-08-19T13:51:09.009+0000][1692535][info ][gc,cpu      ] GC(29) User=0.00s Sys=0.00s Real=0.01s
[2025-08-19T13:51:09.009+0000][1692535][info ][safepoint   ] Safepoint "G1CollectForAllocation", Time since last: 1549391891 ns, Reaching safepoint: 5158 ns, Cleanup: 2854 ns, At safepoint: 6585173 ns, Total: 6593185 ns
[2025-08-19T13:51:15.010+0000][1692535][info ][safepoint   ] Safepoint "Cleanup", Time since last: 6000771337 ns, Reaching safepoint: 6350 ns, Cleanup: 10556 ns, At safepoint: 3105 ns, Total: 20011 ns
[2025-08-19T13:51:31.011+0000][1692535][info ][safepoint   ] Safepoint "Cleanup", Time since last: 16001308388 ns, Reaching safepoint: 49675 ns, Cleanup: 12089 ns, At safepoint: 3054 ns, Total: 64818 ns
[2025-08-19T13:51:33.012+0000][1692535][info ][safepoint   ] Safepoint "Cleanup", Time since last: 2000164954 ns, Reaching safepoint: 6690 ns, Cleanup: 10756 ns, At safepoint: 2884 ns, Total: 20330 ns
[2025-08-19T13:51:35.012+0000][1692535][info ][safepoint   ] Safepoint "Cleanup", Time since last: 2000232245 ns, Reaching safepoint: 6550 ns, Cleanup: 14242 ns, At safepoint: 3074 ns, Total: 23866 ns
[2025-08-19T13:51:36.012+0000][1692535][info ][safepoint   ] Safepoint "Cleanup", Time since last: 1000162132 ns, Reaching safepoint: 6610 ns, Cleanup: 9925 ns, At safepoint: 2794 ns, Total: 19329 ns
[2025-08-19T13:51:38.012+0000][1692535][info ][safepoint   ] Safepoint "Cleanup", Time since last: 2000255541 ns, Reaching safepoint: 6790 ns, Cleanup: 11157 ns, At safepoint: 2834 ns, Total: 20781 ns
[2025-08-19T13:51:45.013+0000][1692535][info ][safepoint   ] Safepoint "Cleanup", Time since last: 7000820959 ns, Reaching safepoint: 39349 ns, Cleanup: 11308 ns, At safepoint: 5358 ns, Total: 56015 ns
[2025-08-19T13:52:05.015+0000][1692535][info ][safepoint   ] Safepoint "Cleanup", Time since last: 20002104279 ns, Reaching safepoint: 41883 ns, Cleanup: 12108 ns, At safepoint: 7181 ns, Total: 61172 ns
[2025-08-19T13:52:16.016+0000][1692535][info ][safepoint   ] Safepoint "Cleanup", Time since last: 11000780276 ns, Reaching safepoint: 39289 ns, Cleanup: 15503 ns, At safepoint: 2775 ns, Total: 57567 ns
[2025-08-19T13:52:23.017+0000][1692535][info ][safepoint   ] Safepoint "Cleanup", Time since last: 7001025649 ns, Reaching safepoint: 29124 ns, Cleanup: 10716 ns, At safepoint: 2724 ns, Total: 42564 ns
[2025-08-19T13:52:29.018+0000][1692535][info ][safepoint   ] Safepoint "Cleanup", Time since last: 6000412081 ns, Reaching safepoint: 38138 ns, Cleanup: 10476 ns, At safepoint: 4707 ns, Total: 53321 ns
[2025-08-19T13:53:14.023+0000][1692535][info ][safepoint   ] Safepoint "Cleanup", Time since last: 45004983343 ns, Reaching safepoint: 29645 ns, Cleanup: 10486 ns, At safepoint: 2784 ns, Total: 42915 ns
[2025-08-19T13:53:19.023+0000][1692535][info ][safepoint   ] Safepoint "Cleanup", Time since last: 5000375199 ns, Reaching safepoint: 30476 ns, Cleanup: 15393 ns, At safepoint: 2764 ns, Total: 48633 ns
[2025-08-19T13:53:24.024+0000][1692535][info ][safepoint   ] Safepoint "Cleanup", Time since last: 5000375459 ns, Reaching safepoint: 38158 ns, Cleanup: 10957 ns, At safepoint: 2553 ns, Total: 51668 ns
[2025-08-19T13:53:33.024+0000][1692535][info ][safepoint   ] Safepoint "Cleanup", Time since last: 9000670801 ns, Reaching safepoint: 36966 ns, Cleanup: 10956 ns, At safepoint: 2414 ns, Total: 50336 ns
[2025-08-19T13:54:03.027+0000][1692535][info ][safepoint   ] Safepoint "Cleanup", Time since last: 30002228287 ns, Reaching safepoint: 32139 ns, Cleanup: 11357 ns, At safepoint: 4687 ns, Total: 48183 ns
[2025-08-19T13:54:25.028+0000][1692535][info ][safepoint   ] Safepoint "Cleanup", Time since last: 22001769343 ns, Reaching safepoint: 31407 ns, Cleanup: 11848 ns, At safepoint: 2454 ns, Total: 45709 ns
[2025-08-19T13:55:36.034+0000][1692535][info ][safepoint   ] Safepoint "Cleanup", Time since last: 71005358697 ns, Reaching safepoint: 41844 ns, Cleanup: 10545 ns, At safepoint: 2695 ns, Total: 55084 ns
[2025-08-19T13:55:37.034+0000][1692535][info ][safepoint   ] Safepoint "Cleanup", Time since last: 1000299879 ns, Reaching safepoint: 6089 ns, Cleanup: 15914 ns, At safepoint: 2734 ns, Total: 24737 ns
[2025-08-19T13:56:12.037+0000][1692535][info ][safepoint   ] Safepoint "Cleanup", Time since last: 35002387310 ns, Reaching safepoint: 68112 ns, Cleanup: 10046 ns, At safepoint: 4917 ns, Total: 83075 ns
[2025-08-19T13:56:15.037+0000][1692535][info ][safepoint   ] Safepoint "Cleanup", Time since last: 3000206942 ns, Reaching safepoint: 6770 ns, Cleanup: 12649 ns, At safepoint: 3045 ns, Total: 22464 ns
[2025-08-19T13:56:29.038+0000][1692535][info ][safepoint   ] Safepoint "Cleanup", Time since last: 14000877104 ns, Reaching safepoint: 43746 ns, Cleanup: 10987 ns, At safepoint: 2563 ns, Total: 57296 ns
[2025-08-19T13:56:33.038+0000][1692535][info ][safepoint   ] Safepoint "Cleanup", Time since last: 4000292648 ns, Reaching safepoint: 37156 ns, Cleanup: 11187 ns, At safepoint: 279312 ns, Total: 327655 ns
[2025-08-19T13:58:10.045+0000][1692535][info ][safepoint   ] Safepoint "Cleanup", Time since last: 97006901925 ns, Reaching safepoint: 37006 ns, Cleanup: 16805 ns, At safepoint: 5889 ns, Total: 59700 ns
[2025-08-19T13:58:19.046+0000][1692535][info ][safepoint   ] Safepoint "Cleanup", Time since last: 9000956372 ns, Reaching safepoint: 46390 ns, Cleanup: 10826 ns, At safepoint: 6961 ns, Total: 64177 ns
[2025-08-19T13:58:44.048+0000][1692535][info ][safepoint   ] Safepoint "Cleanup", Time since last: 25001520146 ns, Reaching safepoint: 43445 ns, Cleanup: 11518 ns, At safepoint: 5007 ns, Total: 59970 ns
[2025-08-19T13:58:59.049+0000][1692535][info ][safepoint   ] Safepoint "Cleanup", Time since last: 15001396305 ns, Reaching safepoint: 34662 ns, Cleanup: 9975 ns, At safepoint: 4718 ns, Total: 49355 ns
[2025-08-19T13:59:00.050+0000][1692535][info ][safepoint   ] Safepoint "Cleanup", Time since last: 1000104073 ns, Reaching safepoint: 6660 ns, Cleanup: 12339 ns, At safepoint: 2483 ns, Total: 21482 ns
[2025-08-19T13:59:01.050+0000][1692535][info ][safepoint   ] Safepoint "Cleanup", Time since last: 1000103263 ns, Reaching safepoint: 6630 ns, Cleanup: 10596 ns, At safepoint: 3044 ns, Total: 20270 ns
[2025-08-19T13:59:03.050+0000][1692535][info ][safepoint   ] Safepoint "Cleanup", Time since last: 2000189069 ns, Reaching safepoint: 6590 ns, Cleanup: 11397 ns, At safepoint: 2674 ns, Total: 20661 ns
[2025-08-19T13:59:04.050+0000][1692535][info ][safepoint   ] Safepoint "Cleanup", Time since last: 1000114449 ns, Reaching safepoint: 57978 ns, Cleanup: 13841 ns, At safepoint: 4827 ns, Total: 76646 ns
[2025-08-19T13:59:13.051+0000][1692535][info ][safepoint   ] Safepoint "Cleanup", Time since last: 9000590710 ns, Reaching safepoint: 39930 ns, Cleanup: 11838 ns, At safepoint: 4997 ns, Total: 56765 ns
[2025-08-19T13:59:52.053+0000][1692535][info ][safepoint   ] Safepoint "Cleanup", Time since last: 39002304641 ns, Reaching safepoint: 45218 ns, Cleanup: 10265 ns, At safepoint: 2925 ns, Total: 58408 ns
[2025-08-19T14:00:05.054+0000][1692535][info ][safepoint   ] Safepoint "Cleanup", Time since last: 13000802305 ns, Reaching safepoint: 34281 ns, Cleanup: 10386 ns, At safepoint: 2694 ns, Total: 47361 ns
[2025-08-19T14:00:13.054+0000][1692535][info ][safepoint   ] Safepoint "Cleanup", Time since last: 8000498384 ns, Reaching safepoint: 41543 ns, Cleanup: 12499 ns, At safepoint: 2544 ns, Total: 56586 ns
[2025-08-19T14:00:35.056+0000][1692535][info ][safepoint   ] Safepoint "Cleanup", Time since last: 22001303519 ns, Reaching safepoint: 66561 ns, Cleanup: 10546 ns, At safepoint: 2644 ns, Total: 79751 ns
[2025-08-19T14:00:36.056+0000][1692535][info ][safepoint   ] Safepoint "Cleanup", Time since last: 1000098775 ns, Reaching safepoint: 6170 ns, Cleanup: 10285 ns, At safepoint: 2534 ns, Total: 18989 ns
[2025-08-19T14:00:44.057+0000][1692535][info ][safepoint   ] Safepoint "Cleanup", Time since last: 8000504122 ns, Reaching safepoint: 42064 ns, Cleanup: 10576 ns, At safepoint: 2644 ns, Total: 55284 ns
[2025-08-19T14:01:12.058+0000][1692535][info ][safepoint   ] Safepoint "Cleanup", Time since last: 28001657662 ns, Reaching safepoint: 15474 ns, Cleanup: 10626 ns, At safepoint: 4346 ns, Total: 30446 ns
[2025-08-19T14:01:17.059+0000][1692535][info ][safepoint   ] Safepoint "Cleanup", Time since last: 5000332394 ns, Reaching safepoint: 6670 ns, Cleanup: 10586 ns, At safepoint: 2333 ns, Total: 19589 ns
[2025-08-19T14:01:40.060+0000][1692535][info ][safepoint   ] Safepoint "Cleanup", Time since last: 23001571982 ns, Reaching safepoint: 72980 ns, Cleanup: 10586 ns, At safepoint: 2744 ns, Total: 86310 ns
[2025-08-19T14:01:53.061+0000][1692535][info ][safepoint   ] Safepoint "Cleanup", Time since last: 13000791098 ns, Reaching safepoint: 60471 ns, Cleanup: 10316 ns, At safepoint: 4717 ns, Total: 75504 ns
[2025-08-19T14:01:55.061+0000][1692535][info ][safepoint   ] Safepoint "Cleanup", Time since last: 2000160415 ns, Reaching safepoint: 5268 ns, Cleanup: 6660 ns, At safepoint: 2163 ns, Total: 14091 ns
[2025-08-19T14:02:15.066+0000][1692535][info ][safepoint   ] Safepoint "Cleanup", Time since last: 20004483038 ns, Reaching safepoint: 34863 ns, Cleanup: 15293 ns, At safepoint: 5368 ns, Total: 55524 ns
[2025-08-19T14:02:33.069+0000][1692535][info ][safepoint   ] Safepoint "Cleanup", Time since last: 18002906324 ns, Reaching safepoint: 43286 ns, Cleanup: 11657 ns, At safepoint: 3405 ns, Total: 58348 ns
[2025-08-19T14:02:43.069+0000][1692535][info ][safepoint   ] Safepoint "Cleanup", Time since last: 10000646481 ns, Reaching safepoint: 31938 ns, Cleanup: 10345 ns, At safepoint: 2284 ns, Total: 44567 ns
[2025-08-19T14:02:43.588+0000][1692535][info ][gc,start    ] GC(30) Pause Young (Normal) (G1 Evacuation Pause)
[2025-08-19T14:02:43.590+0000][1692535][info ][gc,task     ] GC(30) Using 1 workers of 1 for evacuation
[2025-08-19T14:02:43.591+0000][1692535][debug][gc,age      ] GC(30) Desired survivor size 20971520 bytes, new threshold 15 (max threshold 15)
[2025-08-19T14:02:43.607+0000][1692535][info ][gc,phases   ] GC(30)   Pre Evacuate Collection Set: 0.6ms
[2025-08-19T14:02:43.607+0000][1692535][info ][gc,phases   ] GC(30)   Merge Heap Roots: 0.5ms
[2025-08-19T14:02:43.607+0000][1692535][info ][gc,phases   ] GC(30)   Evacuate Collection Set: 8.5ms
[2025-08-19T14:02:43.607+0000][1692535][info ][gc,phases   ] GC(30)   Post Evacuate Collection Set: 1.7ms
[2025-08-19T14:02:43.607+0000][1692535][info ][gc,phases   ] GC(30)   Other: 3.5ms
[2025-08-19T14:02:43.607+0000][1692535][trace][gc,age      ] GC(30) Age table with threshold 15 (max threshold 15)
[2025-08-19T14:02:43.607+0000][1692535][trace][gc,age      ] GC(30) - age   1:      48176 bytes,      48176 total
[2025-08-19T14:02:43.607+0000][1692535][trace][gc,age      ] GC(30) - age   2:      12040 bytes,      60216 total
[2025-08-19T14:02:43.607+0000][1692535][trace][gc,age      ] GC(30) - age   3:     116240 bytes,     176456 total
[2025-08-19T14:02:43.607+0000][1692535][info ][gc,heap     ] GC(30) Eden regions: 75->0(75)
[2025-08-19T14:02:43.607+0000][1692535][info ][gc,heap     ] GC(30) Survivor regions: 1->1(10)
[2025-08-19T14:02:43.607+0000][1692535][info ][gc,heap     ] GC(30) Old regions: 23->23
[2025-08-19T14:02:43.607+0000][1692535][info ][gc,heap     ] GC(30) Humongous regions: 0->0
[2025-08-19T14:02:43.607+0000][1692535][info ][gc,metaspace] GC(30) Metaspace: 139335K(142976K)->139335K(142976K) NonClass: 120570K(122496K)->120570K(122496K) Class: 18764K(20480K)->18764K(20480K)
[2025-08-19T14:02:43.607+0000][1692535][info ][gc          ] GC(30) Pause Young (Normal) (G1 Evacuation Pause) 390M->89M(512M) 18.611ms
[2025-08-19T14:02:43.607+0000][1692535][info ][gc,cpu      ] GC(30) User=0.00s Sys=0.00s Real=0.02s
[2025-08-19T14:02:43.607+0000][1692535][info ][safepoint   ] Safepoint "G1CollectForAllocation", Time since last: 517395956 ns, Reaching safepoint: 5639 ns, Cleanup: 3775 ns, At safepoint: 20236087 ns, Total: 20245501 ns
[2025-08-19T14:02:56.612+0000][1692535][info ][safepoint   ] Safepoint "Cleanup", Time since last: 13004728543 ns, Reaching safepoint: 33120 ns, Cleanup: 10536 ns, At safepoint: 2364 ns, Total: 46020 ns
[2025-08-19T14:02:58.612+0000][1692535][info ][safepoint   ] Safepoint "Cleanup", Time since last: 2000153524 ns, Reaching safepoint: 5779 ns, Cleanup: 10085 ns, At safepoint: 2464 ns, Total: 18328 ns
[2025-08-19T14:03:27.614+0000][1692535][info ][safepoint   ] Safepoint "Cleanup", Time since last: 29001708426 ns, Reaching safepoint: 31477 ns, Cleanup: 12089 ns, At safepoint: 2243 ns, Total: 45809 ns
[2025-08-19T14:03:33.614+0000][1692535][info ][safepoint   ] Safepoint "Cleanup", Time since last: 6000385471 ns, Reaching safepoint: 34231 ns, Cleanup: 14712 ns, At safepoint: 2334 ns, Total: 51277 ns
[2025-08-19T14:03:53.616+0000][1692535][info ][safepoint   ] Safepoint "Cleanup", Time since last: 20001294523 ns, Reaching safepoint: 35954 ns, Cleanup: 13060 ns, At safepoint: 4887 ns, Total: 53901 ns
[2025-08-19T14:04:33.618+0000][1692535][info ][safepoint   ] Safepoint "Cleanup", Time since last: 40002569067 ns, Reaching safepoint: 192791 ns, Cleanup: 10626 ns, At safepoint: 2804 ns, Total: 206221 ns
[2025-08-19T14:07:06.628+0000][1692535][info ][safepoint   ] Safepoint "Cleanup", Time since last: 153009170139 ns, Reaching safepoint: 64598 ns, Cleanup: 10766 ns, At safepoint: 4928 ns, Total: 80292 ns
[2025-08-19T14:07:34.630+0000][1692535][info ][safepoint   ] Safepoint "Cleanup", Time since last: 28002141143 ns, Reaching safepoint: 37136 ns, Cleanup: 10536 ns, At safepoint: 4496 ns, Total: 52168 ns
[2025-08-19T14:08:04.632+0000][1692535][info ][safepoint   ] Safepoint "Cleanup", Time since last: 30001778098 ns, Reaching safepoint: 38428 ns, Cleanup: 10175 ns, At safepoint: 2254 ns, Total: 50857 ns
[2025-08-19T14:08:37.634+0000][1692535][info ][safepoint   ] Safepoint "Cleanup", Time since last: 33001956175 ns, Reaching safepoint: 36566 ns, Cleanup: 11026 ns, At safepoint: 4878 ns, Total: 52470 ns
[2025-08-19T14:09:03.635+0000][1692535][info ][safepoint   ] Safepoint "Cleanup", Time since last: 26001584439 ns, Reaching safepoint: 37947 ns, Cleanup: 10847 ns, At safepoint: 4827 ns, Total: 53621 ns
[2025-08-19T14:10:47.643+0000][1692535][info ][safepoint   ] Safepoint "Cleanup", Time since last: 104007481528 ns, Reaching safepoint: 57397 ns, Cleanup: 12088 ns, At safepoint: 2363 ns, Total: 71848 ns
[2025-08-19T14:11:03.645+0000][1692535][info ][safepoint   ] Safepoint "Cleanup", Time since last: 16002360971 ns, Reaching safepoint: 35173 ns, Cleanup: 10095 ns, At safepoint: 2284 ns, Total: 47552 ns
[2025-08-19T14:11:51.649+0000][1692535][info ][safepoint   ] Safepoint "Cleanup", Time since last: 48003678873 ns, Reaching safepoint: 34783 ns, Cleanup: 11026 ns, At safepoint: 2795 ns, Total: 48604 ns
[2025-08-19T14:11:55.649+0000][1692535][info ][safepoint   ] Safepoint "Cleanup", Time since last: 4000293354 ns, Reaching safepoint: 30226 ns, Cleanup: 9464 ns, At safepoint: 2133 ns, Total: 41823 ns
[2025-08-19T14:11:59.650+0000][1692535][info ][safepoint   ] Safepoint "Cleanup", Time since last: 4000320075 ns, Reaching safepoint: 34753 ns, Cleanup: 11146 ns, At safepoint: 2284 ns, Total: 48183 ns
[2025-08-19T14:12:06.650+0000][1692535][info ][safepoint   ] Safepoint "Cleanup", Time since last: 7000533866 ns, Reaching safepoint: 37707 ns, Cleanup: 10706 ns, At safepoint: 2624 ns, Total: 51037 ns
[2025-08-19T14:12:23.652+0000][1692535][info ][safepoint   ] Safepoint "Cleanup", Time since last: 17001587506 ns, Reaching safepoint: 36956 ns, Cleanup: 10376 ns, At safepoint: 262656 ns, Total: 309988 ns
[2025-08-19T14:12:34.653+0000][1692535][info ][safepoint   ] Safepoint "Cleanup", Time since last: 11000711156 ns, Reaching safepoint: 38168 ns, Cleanup: 10555 ns, At safepoint: 2524 ns, Total: 51247 ns
[2025-08-19T14:12:47.654+0000][1692535][info ][safepoint   ] Safepoint "Cleanup", Time since last: 13001382906 ns, Reaching safepoint: 40671 ns, Cleanup: 15003 ns, At safepoint: 2524 ns, Total: 58198 ns
[2025-08-19T14:12:57.655+0000][1692535][info ][safepoint   ] Safepoint "Cleanup", Time since last: 10000632692 ns, Reaching safepoint: 37907 ns, Cleanup: 12349 ns, At safepoint: 2464 ns, Total: 52720 ns
[2025-08-19T14:13:03.656+0000][1692535][info ][safepoint   ] Safepoint "Cleanup", Time since last: 6000556708 ns, Reaching safepoint: 6790 ns, Cleanup: 11177 ns, At safepoint: 2514 ns, Total: 20481 ns
[2025-08-19T14:13:42.659+0000][1692535][info ][safepoint   ] Safepoint "Cleanup", Time since last: 39003708101 ns, Reaching safepoint: 43987 ns, Cleanup: 10826 ns, At safepoint: 2884 ns, Total: 57697 ns
[2025-08-19T14:13:57.661+0000][1692535][info ][safepoint   ] Safepoint "Cleanup", Time since last: 15001076409 ns, Reaching safepoint: 341676 ns, Cleanup: 9995 ns, At safepoint: 3315 ns, Total: 354986 ns
[2025-08-19T14:14:18.663+0000][1692535][info ][safepoint   ] Safepoint "Cleanup", Time since last: 21002087573 ns, Reaching safepoint: 33270 ns, Cleanup: 9905 ns, At safepoint: 2684 ns, Total: 45859 ns
[2025-08-19T14:14:19.663+0000][1692535][info ][safepoint   ] Safepoint "Cleanup", Time since last: 1000092863 ns, Reaching safepoint: 5348 ns, Cleanup: 10546 ns, At safepoint: 2834 ns, Total: 18728 ns
[2025-08-19T14:14:19.798+0000][1692535][info ][gc,start    ] GC(31) Pause Young (Normal) (G1 Evacuation Pause)
[2025-08-19T14:14:19.798+0000][1692535][info ][gc,task     ] GC(31) Using 1 workers of 1 for evacuation
[2025-08-19T14:14:19.798+0000][1692535][debug][gc,age      ] GC(31) Desired survivor size 20971520 bytes, new threshold 15 (max threshold 15)
[2025-08-19T14:14:19.804+0000][1692535][info ][gc,phases   ] GC(31)   Pre Evacuate Collection Set: 0.4ms
[2025-08-19T14:14:19.804+0000][1692535][info ][gc,phases   ] GC(31)   Merge Heap Roots: 0.0ms
[2025-08-19T14:14:19.804+0000][1692535][info ][gc,phases   ] GC(31)   Evacuate Collection Set: 3.7ms
[2025-08-19T14:14:19.804+0000][1692535][info ][gc,phases   ] GC(31)   Post Evacuate Collection Set: 1.4ms
[2025-08-19T14:14:19.804+0000][1692535][info ][gc,phases   ] GC(31)   Other: 0.0ms
[2025-08-19T14:14:19.804+0000][1692535][trace][gc,age      ] GC(31) Age table with threshold 15 (max threshold 15)
[2025-08-19T14:14:19.804+0000][1692535][trace][gc,age      ] GC(31) - age   1:      15688 bytes,      15688 total
[2025-08-19T14:14:19.804+0000][1692535][trace][gc,age      ] GC(31) - age   2:      38496 bytes,      54184 total
[2025-08-19T14:14:19.804+0000][1692535][trace][gc,age      ] GC(31) - age   3:      12040 bytes,      66224 total
[2025-08-19T14:14:19.804+0000][1692535][trace][gc,age      ] GC(31) - age   4:     116240 bytes,     182464 total
[2025-08-19T14:14:19.804+0000][1692535][info ][gc,heap     ] GC(31) Eden regions: 75->0(75)
[2025-08-19T14:14:19.804+0000][1692535][info ][gc,heap     ] GC(31) Survivor regions: 1->1(10)
[2025-08-19T14:14:19.804+0000][1692535][info ][gc,heap     ] GC(31) Old regions: 23->23
[2025-08-19T14:14:19.804+0000][1692535][info ][gc,heap     ] GC(31) Humongous regions: 0->0
[2025-08-19T14:14:19.804+0000][1692535][info ][gc,metaspace] GC(31) Metaspace: 139387K(142976K)->139387K(142976K) NonClass: 120622K(122496K)->120622K(122496K) Class: 18764K(20480K)->18764K(20480K)
[2025-08-19T14:14:19.804+0000][1692535][info ][gc          ] GC(31) Pause Young (Normal) (G1 Evacuation Pause) 389M->89M(512M) 5.686ms
[2025-08-19T14:14:19.804+0000][1692535][info ][gc,cpu      ] GC(31) User=0.00s Sys=0.00s Real=0.00s
[2025-08-19T14:14:19.804+0000][1692535][info ][safepoint   ] Safepoint "G1CollectForAllocation", Time since last: 134873586 ns, Reaching safepoint: 4987 ns, Cleanup: 2764 ns, At safepoint: 5720608 ns, Total: 5728359 ns
[2025-08-19T14:14:59.809+0000][1692535][info ][safepoint   ] Safepoint "Cleanup", Time since last: 40005049749 ns, Reaching safepoint: 41192 ns, Cleanup: 10116 ns, At safepoint: 2754 ns, Total: 54062 ns
[2025-08-19T14:15:11.810+0000][1692535][info ][safepoint   ] Safepoint "Cleanup", Time since last: 12000756467 ns, Reaching safepoint: 40351 ns, Cleanup: 10996 ns, At safepoint: 4898 ns, Total: 56245 ns
[2025-08-19T14:15:58.815+0000][1692535][info ][safepoint   ] Safepoint "Cleanup", Time since last: 47005640172 ns, Reaching safepoint: 39369 ns, Cleanup: 10546 ns, At safepoint: 5048 ns, Total: 54963 ns
[2025-08-19T14:16:39.818+0000][1692535][info ][safepoint   ] Safepoint "Cleanup", Time since last: 41002722218 ns, Reaching safepoint: 39089 ns, Cleanup: 9965 ns, At safepoint: 2404 ns, Total: 51458 ns
[2025-08-19T14:16:41.818+0000][1692535][info ][safepoint   ] Safepoint "Cleanup", Time since last: 2000161539 ns, Reaching safepoint: 6110 ns, Cleanup: 11657 ns, At safepoint: 2434 ns, Total: 20201 ns
[2025-08-19T14:19:10.827+0000][1692535][info ][safepoint   ] Safepoint "Cleanup", Time since last: 149008661398 ns, Reaching safepoint: 36856 ns, Cleanup: 9154 ns, At safepoint: 2323 ns, Total: 48333 ns
[2025-08-19T14:19:20.828+0000][1692535][info ][safepoint   ] Safepoint "Cleanup", Time since last: 10001014080 ns, Reaching safepoint: 38188 ns, Cleanup: 8803 ns, At safepoint: 5488 ns, Total: 52479 ns
[2025-08-19T14:19:37.829+0000][1692535][info ][safepoint   ] Safepoint "Cleanup", Time since last: 17001056194 ns, Reaching safepoint: 37587 ns, Cleanup: 8823 ns, At safepoint: 2514 ns, Total: 48924 ns
[2025-08-19T14:20:56.834+0000][1692535][info ][safepoint   ] Safepoint "Cleanup", Time since last: 79004571350 ns, Reaching safepoint: 38878 ns, Cleanup: 8613 ns, At safepoint: 2294 ns, Total: 49785 ns
[2025-08-19T14:21:03.835+0000][1692535][info ][safepoint   ] Safepoint "Cleanup", Time since last: 7000783814 ns, Reaching safepoint: 5127 ns, Cleanup: 10366 ns, At safepoint: 30105 ns, Total: 45598 ns
[2025-08-19T14:21:33.836+0000][1692535][info ][safepoint   ] Safepoint "Cleanup", Time since last: 30001775879 ns, Reaching safepoint: 37566 ns, Cleanup: 8102 ns, At safepoint: 2915 ns, Total: 48583 ns
[2025-08-19T14:23:11.851+0000][1692535][info ][safepoint   ] Safepoint "Cleanup", Time since last: 98014076528 ns, Reaching safepoint: 30365 ns, Cleanup: 6580 ns, At safepoint: 2274 ns, Total: 39219 ns
[2025-08-19T14:26:00.182+0000][1692535][info ][gc,start    ] GC(32) Pause Young (Normal) (G1 Evacuation Pause)
[2025-08-19T14:26:00.182+0000][1692535][info ][gc,task     ] GC(32) Using 1 workers of 1 for evacuation
[2025-08-19T14:26:00.182+0000][1692535][debug][gc,age      ] GC(32) Desired survivor size 20971520 bytes, new threshold 15 (max threshold 15)
[2025-08-19T14:26:00.186+0000][1692535][info ][gc,phases   ] GC(32)   Pre Evacuate Collection Set: 0.1ms
[2025-08-19T14:26:00.186+0000][1692535][info ][gc,phases   ] GC(32)   Merge Heap Roots: 0.0ms
[2025-08-19T14:26:00.186+0000][1692535][info ][gc,phases   ] GC(32)   Evacuate Collection Set: 3.1ms
[2025-08-19T14:26:00.186+0000][1692535][info ][gc,phases   ] GC(32)   Post Evacuate Collection Set: 1.0ms
[2025-08-19T14:26:00.186+0000][1692535][info ][gc,phases   ] GC(32)   Other: 0.0ms
[2025-08-19T14:26:00.186+0000][1692535][trace][gc,age      ] GC(32) Age table with threshold 15 (max threshold 15)
[2025-08-19T14:26:00.186+0000][1692535][trace][gc,age      ] GC(32) - age   1:      14216 bytes,      14216 total
[2025-08-19T14:26:00.186+0000][1692535][trace][gc,age      ] GC(32) - age   2:       5024 bytes,      19240 total
[2025-08-19T14:26:00.187+0000][1692535][trace][gc,age      ] GC(32) - age   3:      38144 bytes,      57384 total
[2025-08-19T14:26:00.187+0000][1692535][trace][gc,age      ] GC(32) - age   4:      12040 bytes,      69424 total
[2025-08-19T14:26:00.187+0000][1692535][trace][gc,age      ] GC(32) - age   5:     116240 bytes,     185664 total
[2025-08-19T14:26:00.187+0000][1692535][info ][gc,heap     ] GC(32) Eden regions: 75->0(75)
[2025-08-19T14:26:00.187+0000][1692535][info ][gc,heap     ] GC(32) Survivor regions: 1->1(10)
[2025-08-19T14:26:00.187+0000][1692535][info ][gc,heap     ] GC(32) Old regions: 23->23
[2025-08-19T14:26:00.187+0000][1692535][info ][gc,heap     ] GC(32) Humongous regions: 0->0
[2025-08-19T14:26:00.187+0000][1692535][info ][gc,metaspace] GC(32) Metaspace: 139410K(143040K)->139410K(143040K) NonClass: 120645K(122560K)->120645K(122560K) Class: 18764K(20480K)->18764K(20480K)
[2025-08-19T14:26:00.187+0000][1692535][info ][gc          ] GC(32) Pause Young (Normal) (G1 Evacuation Pause) 389M->89M(512M) 4.576ms
[2025-08-19T14:26:00.187+0000][1692535][info ][gc,cpu      ] GC(32) User=0.01s Sys=0.00s Real=0.01s
[2025-08-19T14:26:00.187+0000][1692535][info ][safepoint   ] Safepoint "G1CollectForAllocation", Time since last: 168331404205 ns, Reaching safepoint: 8954 ns, Cleanup: 3555 ns, At safepoint: 4617522 ns, Total: 4630031 ns
[2025-08-19T14:28:01.194+0000][1692535][info ][safepoint   ] Safepoint "Cleanup", Time since last: 121007347153 ns, Reaching safepoint: 6830 ns, Cleanup: 10556 ns, At safepoint: 2424 ns, Total: 19810 ns
[2025-08-19T14:28:34.196+0000][1692535][info ][safepoint   ] Safepoint "Cleanup", Time since last: 33002291319 ns, Reaching safepoint: 39199 ns, Cleanup: 10125 ns, At safepoint: 2584 ns, Total: 51908 ns
[2025-08-19T14:31:04.206+0000][1692535][info ][safepoint   ] Safepoint "Cleanup", Time since last: 150009807159 ns, Reaching safepoint: 232892 ns, Cleanup: 10766 ns, At safepoint: 5458 ns, Total: 249116 ns
[2025-08-19T14:31:16.303+0000][1692535][info ][safepoint   ] Safepoint "Cleanup", Time since last: 12001213321 ns, Reaching safepoint: 94923426 ns, Cleanup: 30897 ns, At safepoint: 6339 ns, Total: 94960662 ns
[2025-08-19T14:31:17.362+0000][1692535][info ][safepoint   ] Safepoint "Cleanup", Time since last: 1031391194 ns, Reaching safepoint: 28374766 ns, Cleanup: 41573 ns, At safepoint: 6049 ns, Total: 28422388 ns
[2025-08-19T14:31:18.320+0000][1692535][info ][gc,start    ] GC(33) Pause Young (Normal) (G1 Evacuation Pause)
[2025-08-19T14:31:18.320+0000][1692535][info ][gc,task     ] GC(33) Using 1 workers of 1 for evacuation
[2025-08-19T14:31:18.320+0000][1692535][debug][gc,age      ] GC(33) Desired survivor size 20971520 bytes, new threshold 15 (max threshold 15)
[2025-08-19T14:31:18.344+0000][1692535][info ][gc,phases   ] GC(33)   Pre Evacuate Collection Set: 0.2ms
[2025-08-19T14:31:18.344+0000][1692535][info ][gc,phases   ] GC(33)   Merge Heap Roots: 0.0ms
[2025-08-19T14:31:18.344+0000][1692535][info ][gc,phases   ] GC(33)   Evacuate Collection Set: 23.1ms
[2025-08-19T14:31:18.344+0000][1692535][info ][gc,phases   ] GC(33)   Post Evacuate Collection Set: 0.8ms
[2025-08-19T14:31:18.344+0000][1692535][info ][gc,phases   ] GC(33)   Other: 0.0ms
[2025-08-19T14:31:18.344+0000][1692535][trace][gc,age      ] GC(33) Age table with threshold 15 (max threshold 15)
[2025-08-19T14:31:18.344+0000][1692535][trace][gc,age      ] GC(33) - age   1:    4607848 bytes,    4607848 total
[2025-08-19T14:31:18.344+0000][1692535][trace][gc,age      ] GC(33) - age   2:       4160 bytes,    4612008 total
[2025-08-19T14:31:18.344+0000][1692535][trace][gc,age      ] GC(33) - age   3:       5024 bytes,    4617032 total
[2025-08-19T14:31:18.345+0000][1692535][trace][gc,age      ] GC(33) - age   4:      38144 bytes,    4655176 total
[2025-08-19T14:31:18.345+0000][1692535][trace][gc,age      ] GC(33) - age   5:      11952 bytes,    4667128 total
[2025-08-19T14:31:18.345+0000][1692535][trace][gc,age      ] GC(33) - age   6:     114712 bytes,    4781840 total
[2025-08-19T14:31:18.345+0000][1692535][info ][gc,heap     ] GC(33) Eden regions: 75->0(74)
[2025-08-19T14:31:18.345+0000][1692535][info ][gc,heap     ] GC(33) Survivor regions: 1->2(10)
[2025-08-19T14:31:18.345+0000][1692535][info ][gc,heap     ] GC(33) Old regions: 23->23
[2025-08-19T14:31:18.345+0000][1692535][info ][gc,heap     ] GC(33) Humongous regions: 0->0
[2025-08-19T14:31:18.345+0000][1692535][info ][gc,metaspace] GC(33) Metaspace: 139551K(143168K)->139551K(143168K) NonClass: 120772K(122688K)->120772K(122688K) Class: 18778K(20480K)->18778K(20480K)
[2025-08-19T14:31:18.345+0000][1692535][info ][gc          ] GC(33) Pause Young (Normal) (G1 Evacuation Pause) 389M->93M(512M) 24.288ms
[2025-08-19T14:31:18.345+0000][1692535][info ][gc,cpu      ] GC(33) User=0.02s Sys=0.00s Real=0.02s
[2025-08-19T14:31:18.345+0000][1692535][info ][safepoint   ] Safepoint "G1CollectForAllocation", Time since last: 957802774 ns, Reaching safepoint: 70096 ns, Cleanup: 56575 ns, At safepoint: 24330239 ns, Total: 24456910 ns
[2025-08-19T14:31:19.345+0000][1692535][info ][safepoint   ] Safepoint "Cleanup", Time since last: 1000072001 ns, Reaching safepoint: 5659 ns, Cleanup: 41462 ns, At safepoint: 2204 ns, Total: 49325 ns
[2025-08-19T14:31:21.345+0000][1692535][info ][safepoint   ] Safepoint "Cleanup", Time since last: 2000153346 ns, Reaching safepoint: 77778 ns, Cleanup: 9374 ns, At safepoint: 2263 ns, Total: 89415 ns
[2025-08-19T14:31:22.345+0000][1692535][info ][safepoint   ] Safepoint "Cleanup", Time since last: 1000093033 ns, Reaching safepoint: 70046 ns, Cleanup: 10646 ns, At safepoint: 2774 ns, Total: 83466 ns
[2025-08-19T14:31:24.346+0000][1692535][info ][safepoint   ] Safepoint "Cleanup", Time since last: 2001327129 ns, Reaching safepoint: 8302 ns, Cleanup: 10015 ns, At safepoint: 2414 ns, Total: 20731 ns
[2025-08-19T14:31:26.347+0000][1692535][info ][safepoint   ] Safepoint "Cleanup", Time since last: 2000149220 ns, Reaching safepoint: 80762 ns, Cleanup: 14602 ns, At safepoint: 2524 ns, Total: 97888 ns
[2025-08-19T14:31:27.351+0000][1692535][info ][safepoint   ] Safepoint "Cleanup", Time since last: 1001115757 ns, Reaching safepoint: 3195766 ns, Cleanup: 14071 ns, At safepoint: 3155 ns, Total: 3212992 ns
[2025-08-19T14:31:28.365+0000][1692535][info ][safepoint   ] Safepoint "Cleanup", Time since last: 1000091661 ns, Reaching safepoint: 13649931 ns, Cleanup: 12109 ns, At safepoint: 3645 ns, Total: 13665685 ns
[2025-08-19T14:31:29.388+0000][1692535][info ][safepoint   ] Safepoint "Cleanup", Time since last: 1000102047 ns, Reaching safepoint: 23075334 ns, Cleanup: 16825 ns, At safepoint: 4877 ns, Total: 23097036 ns
[2025-08-19T14:31:30.389+0000][1692535][info ][safepoint   ] Safepoint "Cleanup", Time since last: 1000097710 ns, Reaching safepoint: 435838 ns, Cleanup: 15864 ns, At safepoint: 3265 ns, Total: 454967 ns
[2025-08-19T14:31:31.234+0000][1692535][info ][gc,start    ] GC(34) Pause Young (Normal) (G1 Evacuation Pause)
[2025-08-19T14:31:31.234+0000][1692535][info ][gc,task     ] GC(34) Using 1 workers of 1 for evacuation
[2025-08-19T14:31:31.234+0000][1692535][debug][gc,age      ] GC(34) Desired survivor size 20971520 bytes, new threshold 15 (max threshold 15)
[2025-08-19T14:31:31.243+0000][1692535][info ][gc,phases   ] GC(34)   Pre Evacuate Collection Set: 0.1ms
[2025-08-19T14:31:31.243+0000][1692535][info ][gc,phases   ] GC(34)   Merge Heap Roots: 0.0ms
[2025-08-19T14:31:31.243+0000][1692535][info ][gc,phases   ] GC(34)   Evacuate Collection Set: 7.6ms
[2025-08-19T14:31:31.243+0000][1692535][info ][gc,phases   ] GC(34)   Post Evacuate Collection Set: 1.4ms
[2025-08-19T14:31:31.246+0000][1692535][info ][gc,phases   ] GC(34)   Other: 0.0ms
[2025-08-19T14:31:31.246+0000][1692535][trace][gc,age      ] GC(34) Age table with threshold 15 (max threshold 15)
[2025-08-19T14:31:31.246+0000][1692535][trace][gc,age      ] GC(34) - age   1:     348696 bytes,     348696 total
[2025-08-19T14:31:31.246+0000][1692535][trace][gc,age      ] GC(34) - age   2:    2586472 bytes,    2935168 total
[2025-08-19T14:31:31.246+0000][1692535][trace][gc,age      ] GC(34) - age   3:       4160 bytes,    2939328 total
[2025-08-19T14:31:31.246+0000][1692535][trace][gc,age      ] GC(34) - age   4:       5024 bytes,    2944352 total
[2025-08-19T14:31:31.246+0000][1692535][trace][gc,age      ] GC(34) - age   5:      38144 bytes,    2982496 total
[2025-08-19T14:31:31.246+0000][1692535][trace][gc,age      ] GC(34) - age   6:      11952 bytes,    2994448 total
[2025-08-19T14:31:31.246+0000][1692535][trace][gc,age      ] GC(34) - age   7:     114680 bytes,    3109128 total
[2025-08-19T14:31:31.246+0000][1692535][info ][gc,heap     ] GC(34) Eden regions: 74->0(75)
[2025-08-19T14:31:31.246+0000][1692535][info ][gc,heap     ] GC(34) Survivor regions: 2->1(10)
[2025-08-19T14:31:31.246+0000][1692535][info ][gc,heap     ] GC(34) Old regions: 23->23
[2025-08-19T14:31:31.246+0000][1692535][info ][gc,heap     ] GC(34) Humongous regions: 0->0
[2025-08-19T14:31:31.246+0000][1692535][info ][gc,metaspace] GC(34) Metaspace: 139583K(143232K)->139583K(143232K) NonClass: 120805K(122752K)->120805K(122752K) Class: 18778K(20480K)->18778K(20480K)
[2025-08-19T14:31:31.246+0000][1692535][info ][gc          ] GC(34) Pause Young (Normal) (G1 Evacuation Pause) 389M->92M(512M) 11.990ms
[2025-08-19T14:31:31.246+0000][1692535][info ][gc,cpu      ] GC(34) User=0.01s Sys=0.00s Real=0.02s
[2025-08-19T14:31:31.246+0000][1692535][info ][safepoint   ] Safepoint "G1CollectForAllocation", Time since last: 845063607 ns, Reaching safepoint: 5258 ns, Cleanup: 20411 ns, At safepoint: 12319572 ns, Total: 12345241 ns
[2025-08-19T14:31:32.246+0000][1692535][info ][safepoint   ] Safepoint "Cleanup", Time since last: 1000072302 ns, Reaching safepoint: 6009 ns, Cleanup: 9484 ns, At safepoint: 2354 ns, Total: 17847 ns
[2025-08-19T14:31:38.246+0000][1692535][info ][safepoint   ] Safepoint "Cleanup", Time since last: 6000383373 ns, Reaching safepoint: 6610 ns, Cleanup: 41423 ns, At safepoint: 2914 ns, Total: 50947 ns
[2025-08-19T14:31:41.270+0000][1692535][info ][safepoint   ] Safepoint "Cleanup", Time since last: 3000222113 ns, Reaching safepoint: 23457741 ns, Cleanup: 24748 ns, At safepoint: 6950 ns, Total: 23489439 ns
[2025-08-19T14:31:42.277+0000][1692535][info ][safepoint   ] Safepoint "Cleanup", Time since last: 1000096839 ns, Reaching safepoint: 6336638 ns, Cleanup: 28754 ns, At safepoint: 3655 ns, Total: 6369047 ns
[2025-08-19T14:31:43.287+0000][1692535][info ][safepoint   ] Safepoint "Cleanup", Time since last: 1000543593 ns, Reaching safepoint: 10027602 ns, Cleanup: 19379 ns, At safepoint: 5208 ns, Total: 10052189 ns
[2025-08-19T14:31:44.288+0000][1692535][info ][safepoint   ] Safepoint "Cleanup", Time since last: 1000362460 ns, Reaching safepoint: 151328 ns, Cleanup: 18068 ns, At safepoint: 2994 ns, Total: 172390 ns
[2025-08-19T14:31:44.306+0000][1692535][info ][gc,start    ] GC(35) Pause Young (Normal) (G1 Evacuation Pause)
[2025-08-19T14:31:44.306+0000][1692535][info ][gc,task     ] GC(35) Using 1 workers of 1 for evacuation
[2025-08-19T14:31:44.306+0000][1692535][debug][gc,age      ] GC(35) Desired survivor size 20971520 bytes, new threshold 15 (max threshold 15)
[2025-08-19T14:31:44.322+0000][1692535][info ][gc,phases   ] GC(35)   Pre Evacuate Collection Set: 0.1ms
[2025-08-19T14:31:44.322+0000][1692535][info ][gc,phases   ] GC(35)   Merge Heap Roots: 0.0ms
[2025-08-19T14:31:44.322+0000][1692535][info ][gc,phases   ] GC(35)   Evacuate Collection Set: 15.2ms
[2025-08-19T14:31:44.322+0000][1692535][info ][gc,phases   ] GC(35)   Post Evacuate Collection Set: 0.9ms
[2025-08-19T14:31:44.322+0000][1692535][info ][gc,phases   ] GC(35)   Other: 0.0ms
[2025-08-19T14:31:44.322+0000][1692535][trace][gc,age      ] GC(35) Age table with threshold 15 (max threshold 15)
[2025-08-19T14:31:44.322+0000][1692535][trace][gc,age      ] GC(35) - age   1:    5561072 bytes,    5561072 total
[2025-08-19T14:31:44.322+0000][1692535][trace][gc,age      ] GC(35) - age   2:      36024 bytes,    5597096 total
[2025-08-19T14:31:44.322+0000][1692535][trace][gc,age      ] GC(35) - age   3:      23848 bytes,    5620944 total
[2025-08-19T14:31:44.322+0000][1692535][trace][gc,age      ] GC(35) - age   4:       4160 bytes,    5625104 total
[2025-08-19T14:31:44.322+0000][1692535][trace][gc,age      ] GC(35) - age   5:       5024 bytes,    5630128 total
[2025-08-19T14:31:44.322+0000][1692535][trace][gc,age      ] GC(35) - age   6:      38144 bytes,    5668272 total
[2025-08-19T14:31:44.322+0000][1692535][trace][gc,age      ] GC(35) - age   7:      11952 bytes,    5680224 total
[2025-08-19T14:31:44.322+0000][1692535][trace][gc,age      ] GC(35) - age   8:     106520 bytes,    5786744 total
[2025-08-19T14:31:44.322+0000][1692535][info ][gc,heap     ] GC(35) Eden regions: 75->0(74)
[2025-08-19T14:31:44.322+0000][1692535][info ][gc,heap     ] GC(35) Survivor regions: 1->2(10)
[2025-08-19T14:31:44.322+0000][1692535][info ][gc,heap     ] GC(35) Old regions: 23->23
[2025-08-19T14:31:44.322+0000][1692535][info ][gc,heap     ] GC(35) Humongous regions: 0->0
[2025-08-19T14:31:44.322+0000][1692535][info ][gc,metaspace] GC(35) Metaspace: 139604K(143232K)->139604K(143232K) NonClass: 120826K(122752K)->120826K(122752K) Class: 18778K(20480K)->18778K(20480K)
[2025-08-19T14:31:44.322+0000][1692535][info ][gc          ] GC(35) Pause Young (Normal) (G1 Evacuation Pause) 392M->94M(512M) 16.368ms
[2025-08-19T14:31:44.322+0000][1692535][info ][gc,cpu      ] GC(35) User=0.00s Sys=0.00s Real=0.01s
[2025-08-19T14:31:44.322+0000][1692535][info ][safepoint   ] Safepoint "G1CollectForAllocation", Time since last: 17857005 ns, Reaching safepoint: 4086 ns, Cleanup: 2283 ns, At safepoint: 16414196 ns, Total: 16420565 ns
[2025-08-19T14:31:45.339+0000][1692535][info ][safepoint   ] Safepoint "Cleanup", Time since last: 1000068526 ns, Reaching safepoint: 16902082 ns, Cleanup: 31347 ns, At safepoint: 7432 ns, Total: 16940861 ns
[2025-08-19T14:31:46.341+0000][1692535][info ][safepoint   ] Safepoint "Cleanup", Time since last: 1000097690 ns, Reaching safepoint: 2104998 ns, Cleanup: 22654 ns, At safepoint: 3335 ns, Total: 2130987 ns
[2025-08-19T14:31:47.341+0000][1692535][info ][safepoint   ] Safepoint "Cleanup", Time since last: 1000090930 ns, Reaching safepoint: 5018 ns, Cleanup: 8512 ns, At safepoint: 2264 ns, Total: 15794 ns
[2025-08-19T14:31:48.342+0000][1692535][info ][safepoint   ] Safepoint "Cleanup", Time since last: 1000102337 ns, Reaching safepoint: 6269 ns, Cleanup: 12249 ns, At safepoint: 2914 ns, Total: 21432 ns
[2025-08-19T14:31:50.342+0000][1692535][info ][safepoint   ] Safepoint "Cleanup", Time since last: 2000158955 ns, Reaching safepoint: 6640 ns, Cleanup: 12789 ns, At safepoint: 2825 ns, Total: 22254 ns
[2025-08-19T14:32:04.355+0000][1692535][info ][safepoint   ] Safepoint "Cleanup", Time since last: 14012782325 ns, Reaching safepoint: 6870 ns, Cleanup: 10015 ns, At safepoint: 2684 ns, Total: 19569 ns
[2025-08-19T14:32:10.355+0000][1692535][info ][safepoint   ] Safepoint "Cleanup", Time since last: 6000382012 ns, Reaching safepoint: 43265 ns, Cleanup: 9745 ns, At safepoint: 2564 ns, Total: 55574 ns
[2025-08-19T14:32:40.357+0000][1692535][info ][safepoint   ] Safepoint "Cleanup", Time since last: 30001694691 ns, Reaching safepoint: 42985 ns, Cleanup: 10175 ns, At safepoint: 2494 ns, Total: 55654 ns
[2025-08-19T14:33:06.358+0000][1692535][info ][safepoint   ] Safepoint "Cleanup", Time since last: 26001513127 ns, Reaching safepoint: 45268 ns, Cleanup: 9475 ns, At safepoint: 2764 ns, Total: 57507 ns
[2025-08-19T14:35:02.370+0000][1692535][info ][safepoint   ] Safepoint "Cleanup", Time since last: 116006839136 ns, Reaching safepoint: 5240684 ns, Cleanup: 127142 ns, At safepoint: 3505 ns, Total: 5371331 ns
[2025-08-19T14:35:03.182+0000][1692535][info ][gc,start    ] GC(36) Pause Young (Normal) (G1 Evacuation Pause)
[2025-08-19T14:35:03.182+0000][1692535][info ][gc,task     ] GC(36) Using 1 workers of 1 for evacuation
[2025-08-19T14:35:03.182+0000][1692535][debug][gc,age      ] GC(36) Desired survivor size 20971520 bytes, new threshold 15 (max threshold 15)
[2025-08-19T14:35:03.196+0000][1692535][info ][gc,phases   ] GC(36)   Pre Evacuate Collection Set: 0.1ms
[2025-08-19T14:35:03.196+0000][1692535][info ][gc,phases   ] GC(36)   Merge Heap Roots: 0.0ms
[2025-08-19T14:35:03.196+0000][1692535][info ][gc,phases   ] GC(36)   Evacuate Collection Set: 11.6ms
[2025-08-19T14:35:03.196+0000][1692535][info ][gc,phases   ] GC(36)   Post Evacuate Collection Set: 1.4ms
[2025-08-19T14:35:03.196+0000][1692535][info ][gc,phases   ] GC(36)   Other: 0.0ms
[2025-08-19T14:35:03.196+0000][1692535][trace][gc,age      ] GC(36) Age table with threshold 15 (max threshold 15)
[2025-08-19T14:35:03.196+0000][1692535][trace][gc,age      ] GC(36) - age   1:    2815456 bytes,    2815456 total
[2025-08-19T14:35:03.196+0000][1692535][trace][gc,age      ] GC(36) - age   2:      14736 bytes,    2830192 total
[2025-08-19T14:35:03.196+0000][1692535][trace][gc,age      ] GC(36) - age   3:      35992 bytes,    2866184 total
[2025-08-19T14:35:03.196+0000][1692535][trace][gc,age      ] GC(36) - age   4:      15440 bytes,    2881624 total
[2025-08-19T14:35:03.196+0000][1692535][trace][gc,age      ] GC(36) - age   5:       3224 bytes,    2884848 total
[2025-08-19T14:35:03.196+0000][1692535][trace][gc,age      ] GC(36) - age   6:       5024 bytes,    2889872 total
[2025-08-19T14:35:03.196+0000][1692535][trace][gc,age      ] GC(36) - age   7:      38144 bytes,    2928016 total
[2025-08-19T14:35:03.196+0000][1692535][trace][gc,age      ] GC(36) - age   8:      11952 bytes,    2939968 total
[2025-08-19T14:35:03.196+0000][1692535][trace][gc,age      ] GC(36) - age   9:     106520 bytes,    3046488 total
[2025-08-19T14:35:03.196+0000][1692535][info ][gc,heap     ] GC(36) Eden regions: 74->0(75)
[2025-08-19T14:35:03.196+0000][1692535][info ][gc,heap     ] GC(36) Survivor regions: 2->1(10)
[2025-08-19T14:35:03.196+0000][1692535][info ][gc,heap     ] GC(36) Old regions: 23->23
[2025-08-19T14:35:03.196+0000][1692535][info ][gc,heap     ] GC(36) Humongous regions: 0->0
[2025-08-19T14:35:03.196+0000][1692535][info ][gc,metaspace] GC(36) Metaspace: 139664K(143296K)->139664K(143296K) NonClass: 120885K(122816K)->120885K(122816K) Class: 18778K(20480K)->18778K(20480K)
[2025-08-19T14:35:03.196+0000][1692535][info ][gc          ] GC(36) Pause Young (Normal) (G1 Evacuation Pause) 390M->91M(512M) 13.429ms
[2025-08-19T14:35:03.196+0000][1692535][info ][gc,cpu      ] GC(36) User=0.00s Sys=0.00s Real=0.02s
[2025-08-19T14:35:03.196+0000][1692535][info ][safepoint   ] Safepoint "G1CollectForAllocation", Time since last: 811676491 ns, Reaching safepoint: 4327 ns, Cleanup: 35243 ns, At safepoint: 13941482 ns, Total: 13981052 ns
[2025-08-19T14:35:04.196+0000][1692535][info ][safepoint   ] Safepoint "Cleanup", Time since last: 1000077600 ns, Reaching safepoint: 5197 ns, Cleanup: 30396 ns, At safepoint: 2324 ns, Total: 37917 ns
[2025-08-19T14:35:07.197+0000][1692535][info ][safepoint   ] Safepoint "Cleanup", Time since last: 3000463096 ns, Reaching safepoint: 34893 ns, Cleanup: 7772 ns, At safepoint: 2904 ns, Total: 45569 ns
[2025-08-19T14:35:11.197+0000][1692535][info ][safepoint   ] Safepoint "Cleanup", Time since last: 4000275356 ns, Reaching safepoint: 38538 ns, Cleanup: 11667 ns, At safepoint: 2634 ns, Total: 52839 ns
[2025-08-19T14:35:14.946+0000][1692535][info ][gc,start    ] GC(37) Pause Young (Normal) (G1 Evacuation Pause)
[2025-08-19T14:35:14.946+0000][1692535][info ][gc,task     ] GC(37) Using 1 workers of 1 for evacuation
[2025-08-19T14:35:14.946+0000][1692535][debug][gc,age      ] GC(37) Desired survivor size 20971520 bytes, new threshold 15 (max threshold 15)
[2025-08-19T14:35:14.963+0000][1692535][info ][gc,phases   ] GC(37)   Pre Evacuate Collection Set: 0.1ms
[2025-08-19T14:35:14.963+0000][1692535][info ][gc,phases   ] GC(37)   Merge Heap Roots: 0.0ms
[2025-08-19T14:35:14.963+0000][1692535][info ][gc,phases   ] GC(37)   Evacuate Collection Set: 15.8ms
[2025-08-19T14:35:14.963+0000][1692535][info ][gc,phases   ] GC(37)   Post Evacuate Collection Set: 0.8ms
[2025-08-19T14:35:14.963+0000][1692535][info ][gc,phases   ] GC(37)   Other: 0.0ms
[2025-08-19T14:35:14.963+0000][1692535][trace][gc,age      ] GC(37) Age table with threshold 15 (max threshold 15)
[2025-08-19T14:35:14.963+0000][1692535][trace][gc,age      ] GC(37) - age   1:    5007544 bytes,    5007544 total
[2025-08-19T14:35:14.963+0000][1692535][trace][gc,age      ] GC(37) - age   2:    2808712 bytes,    7816256 total
[2025-08-19T14:35:14.963+0000][1692535][trace][gc,age      ] GC(37) - age   3:      14736 bytes,    7830992 total
[2025-08-19T14:35:14.963+0000][1692535][trace][gc,age      ] GC(37) - age   4:      35992 bytes,    7866984 total
[2025-08-19T14:35:14.963+0000][1692535][trace][gc,age      ] GC(37) - age   5:      15408 bytes,    7882392 total
[2025-08-19T14:35:14.963+0000][1692535][trace][gc,age      ] GC(37) - age   6:       3224 bytes,    7885616 total
[2025-08-19T14:35:14.963+0000][1692535][trace][gc,age      ] GC(37) - age   7:       5024 bytes,    7890640 total
[2025-08-19T14:35:14.963+0000][1692535][trace][gc,age      ] GC(37) - age   8:      38144 bytes,    7928784 total
[2025-08-19T14:35:14.963+0000][1692535][trace][gc,age      ] GC(37) - age   9:      11952 bytes,    7940736 total
[2025-08-19T14:35:14.963+0000][1692535][trace][gc,age      ] GC(37) - age  10:     106520 bytes,    8047256 total
[2025-08-19T14:35:14.963+0000][1692535][info ][gc,heap     ] GC(37) Eden regions: 75->0(74)
[2025-08-19T14:35:14.963+0000][1692535][info ][gc,heap     ] GC(37) Survivor regions: 1->2(10)
[2025-08-19T14:35:14.963+0000][1692535][info ][gc,heap     ] GC(37) Old regions: 23->23
[2025-08-19T14:35:14.963+0000][1692535][info ][gc,heap     ] GC(37) Humongous regions: 0->0
[2025-08-19T14:35:14.963+0000][1692535][info ][gc,metaspace] GC(37) Metaspace: 139673K(143296K)->139673K(143296K) NonClass: 120894K(122816K)->120894K(122816K) Class: 18778K(20480K)->18778K(20480K)
[2025-08-19T14:35:14.963+0000][1692535][info ][gc          ] GC(37) Pause Young (Normal) (G1 Evacuation Pause) 391M->97M(512M) 16.991ms
[2025-08-19T14:35:14.963+0000][1692535][info ][gc,cpu      ] GC(37) User=0.01s Sys=0.01s Real=0.01s
[2025-08-19T14:35:14.963+0000][1692535][info ][safepoint   ] Safepoint "G1CollectForAllocation", Time since last: 3749100689 ns, Reaching safepoint: 6950 ns, Cleanup: 2975 ns, At safepoint: 17033200 ns, Total: 17043125 ns
[2025-08-19T14:35:15.979+0000][1692535][info ][safepoint   ] Safepoint "Cleanup", Time since last: 1000066263 ns, Reaching safepoint: 15762041 ns, Cleanup: 10656 ns, At safepoint: 3685 ns, Total: 15776382 ns
[2025-08-19T14:35:16.979+0000][1692535][info ][safepoint   ] Safepoint "Cleanup", Time since last: 1000094615 ns, Reaching safepoint: 5799 ns, Cleanup: 13661 ns, At safepoint: 2644 ns, Total: 22104 ns
[2025-08-19T14:35:20.963+0000][1692535][info ][gc,start    ] GC(38) Pause Young (Normal) (G1 Evacuation Pause)
[2025-08-19T14:35:20.963+0000][1692535][info ][gc,task     ] GC(38) Using 1 workers of 1 for evacuation
[2025-08-19T14:35:20.963+0000][1692535][debug][gc,age      ] GC(38) Desired survivor size 20971520 bytes, new threshold 15 (max threshold 15)
[2025-08-19T14:35:21.127+0000][1692535][info ][gc,phases   ] GC(38)   Pre Evacuate Collection Set: 0.1ms
[2025-08-19T14:35:21.127+0000][1692535][info ][gc,phases   ] GC(38)   Merge Heap Roots: 0.0ms
[2025-08-19T14:35:21.127+0000][1692535][info ][gc,phases   ] GC(38)   Evacuate Collection Set: 162.8ms
[2025-08-19T14:35:21.127+0000][1692535][info ][gc,phases   ] GC(38)   Post Evacuate Collection Set: 0.9ms
[2025-08-19T14:35:21.127+0000][1692535][info ][gc,phases   ] GC(38)   Other: 0.0ms
[2025-08-19T14:35:21.127+0000][1692535][trace][gc,age      ] GC(38) Age table with threshold 15 (max threshold 15)
[2025-08-19T14:35:21.127+0000][1692535][trace][gc,age      ] GC(38) - age   1:   38596952 bytes,   38596952 total
[2025-08-19T14:35:21.127+0000][1692535][trace][gc,age      ] GC(38) - age   2:       2760 bytes,   38599712 total
[2025-08-19T14:35:21.127+0000][1692535][trace][gc,age      ] GC(38) - age   3:    2230632 bytes,   40830344 total
[2025-08-19T14:35:21.127+0000][1692535][trace][gc,age      ] GC(38) - age   4:      14736 bytes,   40845080 total
[2025-08-19T14:35:21.127+0000][1692535][trace][gc,age      ] GC(38) - age   5:      35992 bytes,   40881072 total
[2025-08-19T14:35:21.127+0000][1692535][trace][gc,age      ] GC(38) - age   6:      15408 bytes,   40896480 total
[2025-08-19T14:35:21.127+0000][1692535][trace][gc,age      ] GC(38) - age   7:       3224 bytes,   40899704 total
[2025-08-19T14:35:21.127+0000][1692535][trace][gc,age      ] GC(38) - age   8:       5024 bytes,   40904728 total
[2025-08-19T14:35:21.127+0000][1692535][trace][gc,age      ] GC(38) - age   9:      38144 bytes,   40942872 total
[2025-08-19T14:35:21.127+0000][1692535][trace][gc,age      ] GC(38) - age  10:      11952 bytes,   40954824 total
[2025-08-19T14:35:21.127+0000][1692535][trace][gc,age      ] GC(38) - age  11:     106520 bytes,   41061344 total
[2025-08-19T14:35:21.127+0000][1692535][info ][gc,heap     ] GC(38) Eden regions: 74->0(66)
[2025-08-19T14:35:21.127+0000][1692535][info ][gc,heap     ] GC(38) Survivor regions: 2->10(10)
[2025-08-19T14:35:21.127+0000][1692535][info ][gc,heap     ] GC(38) Old regions: 23->24
[2025-08-19T14:35:21.127+0000][1692535][info ][gc,heap     ] GC(38) Humongous regions: 0->0
[2025-08-19T14:35:21.127+0000][1692535][info ][gc,metaspace] GC(38) Metaspace: 139706K(143360K)->139706K(143360K) NonClass: 120927K(122880K)->120927K(122880K) Class: 18778K(20480K)->18778K(20480K)
[2025-08-19T14:35:21.127+0000][1692535][info ][gc          ] GC(38) Pause Young (Normal) (G1 Evacuation Pause) 393M->135M(512M) 164.112ms
[2025-08-19T14:35:21.128+0000][1692535][info ][gc,cpu      ] GC(38) User=0.01s Sys=0.05s Real=0.17s
[2025-08-19T14:35:21.128+0000][1692535][info ][safepoint   ] Safepoint "G1CollectForAllocation", Time since last: 3983957485 ns, Reaching safepoint: 35764 ns, Cleanup: 4457 ns, At safepoint: 164646318 ns, Total: 164686539 ns
[2025-08-19T14:35:22.128+0000][1692535][info ][safepoint   ] Safepoint "Cleanup", Time since last: 1000075005 ns, Reaching safepoint: 6480 ns, Cleanup: 13911 ns, At safepoint: 2394 ns, Total: 22785 ns
[2025-08-19T14:35:23.144+0000][1692535][info ][safepoint   ] Safepoint "Cleanup", Time since last: 1000124280 ns, Reaching safepoint: 16292161 ns, Cleanup: 40872 ns, At safepoint: 5829 ns, Total: 16338862 ns
[2025-08-19T14:35:24.157+0000][1692535][info ][safepoint   ] Safepoint "Cleanup", Time since last: 1000089147 ns, Reaching safepoint: 12711114 ns, Cleanup: 25048 ns, At safepoint: 7791 ns, Total: 12743953 ns
[2025-08-19T14:35:24.624+0000][1692535][info ][gc,start    ] GC(39) Pause Young (Normal) (G1 Evacuation Pause)
[2025-08-19T14:35:24.624+0000][1692535][info ][gc,task     ] GC(39) Using 1 workers of 1 for evacuation
[2025-08-19T14:35:24.624+0000][1692535][debug][gc,age      ] GC(39) Desired survivor size 20971520 bytes, new threshold 1 (max threshold 15)
[2025-08-19T14:35:24.632+0000][1692535][info ][gc,phases   ] GC(39)   Pre Evacuate Collection Set: 0.1ms
[2025-08-19T14:35:24.632+0000][1692535][info ][gc,phases   ] GC(39)   Merge Heap Roots: 0.0ms
[2025-08-19T14:35:24.632+0000][1692535][info ][gc,phases   ] GC(39)   Evacuate Collection Set: 6.4ms
[2025-08-19T14:35:24.632+0000][1692535][info ][gc,phases   ] GC(39)   Post Evacuate Collection Set: 0.8ms
[2025-08-19T14:35:24.632+0000][1692535][info ][gc,phases   ] GC(39)   Other: 0.0ms
[2025-08-19T14:35:24.632+0000][1692535][trace][gc,age      ] GC(39) Age table with threshold 1 (max threshold 15)
[2025-08-19T14:35:24.632+0000][1692535][trace][gc,age      ] GC(39) - age   1:   16746720 bytes,   16746720 total
[2025-08-19T14:35:24.632+0000][1692535][info ][gc,heap     ] GC(39) Eden regions: 66->0(71)
[2025-08-19T14:35:24.632+0000][1692535][info ][gc,heap     ] GC(39) Survivor regions: 10->5(10)
[2025-08-19T14:35:24.632+0000][1692535][info ][gc,heap     ] GC(39) Old regions: 24->24
[2025-08-19T14:35:24.632+0000][1692535][info ][gc,heap     ] GC(39) Humongous regions: 0->0
[2025-08-19T14:35:24.632+0000][1692535][info ][gc,metaspace] GC(39) Metaspace: 139748K(143360K)->139748K(143360K) NonClass: 120969K(122880K)->120969K(122880K) Class: 18778K(20480K)->18778K(20480K)
[2025-08-19T14:35:24.632+0000][1692535][info ][gc          ] GC(39) Pause Young (Normal) (G1 Evacuation Pause) 399M->113M(512M) 7.545ms
[2025-08-19T14:35:24.632+0000][1692535][info ][gc,cpu      ] GC(39) User=0.01s Sys=0.00s Real=0.01s
[2025-08-19T14:35:24.632+0000][1692535][info ][safepoint   ] Safepoint "G1CollectForAllocation", Time since last: 466162722 ns, Reaching safepoint: 772707 ns, Cleanup: 5929 ns, At safepoint: 7589810 ns, Total: 8368446 ns
[2025-08-19T14:35:25.632+0000][1692535][info ][safepoint   ] Safepoint "Cleanup", Time since last: 1000070900 ns, Reaching safepoint: 38588 ns, Cleanup: 19139 ns, At safepoint: 5017 ns, Total: 62744 ns
[2025-08-19T14:36:04.436+0000][1692535][info ][safepoint   ] Safepoint "Cleanup", Time since last: 38804359505 ns, Reaching safepoint: 41202 ns, Cleanup: 10075 ns, At safepoint: 2574 ns, Total: 53851 ns
[2025-08-19T14:36:12.437+0000][1692535][info ][safepoint   ] Safepoint "Cleanup", Time since last: 8000466463 ns, Reaching safepoint: 44438 ns, Cleanup: 9484 ns, At safepoint: 4607 ns, Total: 58529 ns
[2025-08-19T14:36:26.438+0000][1692535][info ][safepoint   ] Safepoint "Cleanup", Time since last: 14000879431 ns, Reaching safepoint: 43096 ns, Cleanup: 11627 ns, At safepoint: 2694 ns, Total: 57417 ns
[2025-08-19T14:36:40.439+0000][1692535][info ][safepoint   ] Safepoint "Cleanup", Time since last: 14000931230 ns, Reaching safepoint: 32539 ns, Cleanup: 10165 ns, At safepoint: 2725 ns, Total: 45429 ns
[2025-08-19T14:38:31.447+0000][1692535][info ][safepoint   ] Safepoint "Cleanup", Time since last: 111008388653 ns, Reaching safepoint: 186292 ns, Cleanup: 11247 ns, At safepoint: 3335 ns, Total: 200874 ns
[2025-08-19T14:38:54.449+0000][1692535][info ][safepoint   ] Safepoint "Cleanup", Time since last: 23001362262 ns, Reaching safepoint: 71378 ns, Cleanup: 13240 ns, At safepoint: 2433 ns, Total: 87051 ns
[2025-08-19T14:39:53.452+0000][1692535][info ][safepoint   ] Safepoint "Cleanup", Time since last: 59003400938 ns, Reaching safepoint: 27712 ns, Cleanup: 7070 ns, At safepoint: 2434 ns, Total: 37216 ns
[2025-08-19T14:41:15.457+0000][1692535][info ][safepoint   ] Safepoint "Cleanup", Time since last: 82004748097 ns, Reaching safepoint: 40931 ns, Cleanup: 9405 ns, At safepoint: 2233 ns, Total: 52569 ns
[2025-08-19T14:41:32.459+0000][1692535][info ][safepoint   ] Safepoint "Cleanup", Time since last: 17001864266 ns, Reaching safepoint: 40321 ns, Cleanup: 9955 ns, At safepoint: 2233 ns, Total: 52509 ns
[2025-08-19T14:42:50.722+0000][1692535][info ][gc,start    ] GC(40) Pause Young (Normal) (G1 Evacuation Pause)
[2025-08-19T14:42:50.722+0000][1692535][info ][gc,task     ] GC(40) Using 1 workers of 1 for evacuation
[2025-08-19T14:42:50.722+0000][1692535][debug][gc,age      ] GC(40) Desired survivor size 20971520 bytes, new threshold 15 (max threshold 15)
[2025-08-19T14:42:50.730+0000][1692535][info ][gc,phases   ] GC(40)   Pre Evacuate Collection Set: 0.1ms
[2025-08-19T14:42:50.730+0000][1692535][info ][gc,phases   ] GC(40)   Merge Heap Roots: 0.0ms
[2025-08-19T14:42:50.730+0000][1692535][info ][gc,phases   ] GC(40)   Evacuate Collection Set: 4.4ms
[2025-08-19T14:42:50.730+0000][1692535][info ][gc,phases   ] GC(40)   Post Evacuate Collection Set: 3.4ms
[2025-08-19T14:42:50.730+0000][1692535][info ][gc,phases   ] GC(40)   Other: 0.1ms
[2025-08-19T14:42:50.730+0000][1692535][trace][gc,age      ] GC(40) Age table with threshold 15 (max threshold 15)
[2025-08-19T14:42:50.731+0000][1692535][trace][gc,age      ] GC(40) - age   1:      15656 bytes,      15656 total
[2025-08-19T14:42:50.731+0000][1692535][trace][gc,age      ] GC(40) - age   2:      22328 bytes,      37984 total
[2025-08-19T14:42:50.731+0000][1692535][info ][gc,heap     ] GC(40) Eden regions: 71->0(75)
[2025-08-19T14:42:50.731+0000][1692535][info ][gc,heap     ] GC(40) Survivor regions: 5->1(10)
[2025-08-19T14:42:50.731+0000][1692535][info ][gc,heap     ] GC(40) Old regions: 24->24
[2025-08-19T14:42:50.731+0000][1692535][info ][gc,heap     ] GC(40) Humongous regions: 0->0
[2025-08-19T14:42:50.731+0000][1692535][info ][gc,metaspace] GC(40) Metaspace: 139776K(143424K)->139776K(143424K) NonClass: 120997K(122944K)->120997K(122944K) Class: 18778K(20480K)->18778K(20480K)
[2025-08-19T14:42:50.731+0000][1692535][info ][gc          ] GC(40) Pause Young (Normal) (G1 Evacuation Pause) 397M->97M(512M) 8.314ms
[2025-08-19T14:42:50.731+0000][1692535][info ][gc,cpu      ] GC(40) User=0.01s Sys=0.00s Real=0.01s
[2025-08-19T14:42:50.731+0000][1692535][info ][safepoint   ] Safepoint "G1CollectForAllocation", Time since last: 78263322648 ns, Reaching safepoint: 7481 ns, Cleanup: 2634 ns, At safepoint: 8630733 ns, Total: 8640848 ns
[2025-08-19T14:43:16.733+0000][1692535][info ][safepoint   ] Safepoint "Cleanup", Time since last: 26001515411 ns, Reaching safepoint: 990996 ns, Cleanup: 8893 ns, At safepoint: 2434 ns, Total: 1002323 ns
[2025-08-19T14:43:17.737+0000][1692535][info ][safepoint   ] Safepoint "Cleanup", Time since last: 1000090740 ns, Reaching safepoint: 3135184 ns, Cleanup: 65979 ns, At safepoint: 3145 ns, Total: 3204308 ns
[2025-08-19T14:43:17.925+0000][1692535][info ][gc,start    ] GC(41) Pause Young (Normal) (G1 Evacuation Pause)
[2025-08-19T14:43:17.925+0000][1692535][info ][gc,task     ] GC(41) Using 1 workers of 1 for evacuation
[2025-08-19T14:43:17.925+0000][1692535][debug][gc,age      ] GC(41) Desired survivor size 20971520 bytes, new threshold 15 (max threshold 15)
[2025-08-19T14:43:17.932+0000][1692535][info ][gc,phases   ] GC(41)   Pre Evacuate Collection Set: 0.1ms
[2025-08-19T14:43:17.932+0000][1692535][info ][gc,phases   ] GC(41)   Merge Heap Roots: 0.0ms
[2025-08-19T14:43:17.932+0000][1692535][info ][gc,phases   ] GC(41)   Evacuate Collection Set: 6.1ms
[2025-08-19T14:43:17.932+0000][1692535][info ][gc,phases   ] GC(41)   Post Evacuate Collection Set: 0.8ms
[2025-08-19T14:43:17.932+0000][1692535][info ][gc,phases   ] GC(41)   Other: 0.0ms
[2025-08-19T14:43:17.932+0000][1692535][trace][gc,age      ] GC(41) Age table with threshold 15 (max threshold 15)
[2025-08-19T14:43:17.932+0000][1692535][trace][gc,age      ] GC(41) - age   1:    6635080 bytes,    6635080 total
[2025-08-19T14:43:17.932+0000][1692535][trace][gc,age      ] GC(41) - age   2:       6888 bytes,    6641968 total
[2025-08-19T14:43:17.932+0000][1692535][trace][gc,age      ] GC(41) - age   3:      22328 bytes,    6664296 total
[2025-08-19T14:43:17.932+0000][1692535][info ][gc,heap     ] GC(41) Eden regions: 75->0(74)
[2025-08-19T14:43:17.932+0000][1692535][info ][gc,heap     ] GC(41) Survivor regions: 1->2(10)
[2025-08-19T14:43:17.932+0000][1692535][info ][gc,heap     ] GC(41) Old regions: 24->24
[2025-08-19T14:43:17.932+0000][1692535][info ][gc,heap     ] GC(41) Humongous regions: 0->0
[2025-08-19T14:43:17.932+0000][1692535][info ][gc,metaspace] GC(41) Metaspace: 139842K(143488K)->139842K(143488K) NonClass: 121061K(123008K)->121061K(123008K) Class: 18781K(20480K)->18781K(20480K)
[2025-08-19T14:43:17.932+0000][1692535][info ][gc          ] GC(41) Pause Young (Normal) (G1 Evacuation Pause) 397M->102M(512M) 7.200ms
[2025-08-19T14:43:17.932+0000][1692535][info ][gc,cpu      ] GC(41) User=0.00s Sys=0.00s Real=0.01s
[2025-08-19T14:43:17.932+0000][1692535][info ][safepoint   ] Safepoint "G1CollectForAllocation", Time since last: 188197711 ns, Reaching safepoint: 5338 ns, Cleanup: 6730 ns, At safepoint: 7240043 ns, Total: 7252111 ns
[2025-08-19T14:43:19.098+0000][1692535][info ][safepoint   ] Safepoint "Cleanup", Time since last: 1000075146 ns, Reaching safepoint: 165214996 ns, Cleanup: 28253 ns, At safepoint: 12629 ns, Total: 165255878 ns
[2025-08-19T14:43:20.098+0000][1692535][info ][safepoint   ] Safepoint "Cleanup", Time since last: 1000152513 ns, Reaching safepoint: 5799 ns, Cleanup: 15653 ns, At safepoint: 2444 ns, Total: 23896 ns
[2025-08-19T14:43:22.430+0000][1692535][info ][gc,start    ] GC(42) Pause Young (Normal) (G1 Evacuation Pause)
[2025-08-19T14:43:22.430+0000][1692535][info ][gc,task     ] GC(42) Using 1 workers of 1 for evacuation
[2025-08-19T14:43:22.430+0000][1692535][debug][gc,age      ] GC(42) Desired survivor size 20971520 bytes, new threshold 15 (max threshold 15)
[2025-08-19T14:43:22.437+0000][1692535][info ][gc,phases   ] GC(42)   Pre Evacuate Collection Set: 0.1ms
[2025-08-19T14:43:22.437+0000][1692535][info ][gc,phases   ] GC(42)   Merge Heap Roots: 0.0ms
[2025-08-19T14:43:22.437+0000][1692535][info ][gc,phases   ] GC(42)   Evacuate Collection Set: 5.4ms
[2025-08-19T14:43:22.437+0000][1692535][info ][gc,phases   ] GC(42)   Post Evacuate Collection Set: 0.9ms
[2025-08-19T14:43:22.437+0000][1692535][info ][gc,phases   ] GC(42)   Other: 0.0ms
[2025-08-19T14:43:22.437+0000][1692535][trace][gc,age      ] GC(42) Age table with threshold 15 (max threshold 15)
[2025-08-19T14:43:22.437+0000][1692535][trace][gc,age      ] GC(42) - age   1:   38831416 bytes,   38831416 total
[2025-08-19T14:43:22.437+0000][1692535][trace][gc,age      ] GC(42) - age   2:     568104 bytes,   39399520 total
[2025-08-19T14:43:22.437+0000][1692535][trace][gc,age      ] GC(42) - age   3:       6712 bytes,   39406232 total
[2025-08-19T14:43:22.437+0000][1692535][trace][gc,age      ] GC(42) - age   4:      22328 bytes,   39428560 total
[2025-08-19T14:43:22.437+0000][1692535][info ][gc,heap     ] GC(42) Eden regions: 74->0(66)
[2025-08-19T14:43:22.437+0000][1692535][info ][gc,heap     ] GC(42) Survivor regions: 2->10(10)
[2025-08-19T14:43:22.437+0000][1692535][info ][gc,heap     ] GC(42) Old regions: 24->24
[2025-08-19T14:43:22.437+0000][1692535][info ][gc,heap     ] GC(42) Humongous regions: 0->0
[2025-08-19T14:43:22.437+0000][1692535][info ][gc,metaspace] GC(42) Metaspace: 139844K(143488K)->139844K(143488K) NonClass: 121063K(123008K)->121063K(123008K) Class: 18781K(20480K)->18781K(20480K)
[2025-08-19T14:43:22.437+0000][1692535][info ][gc          ] GC(42) Pause Young (Normal) (G1 Evacuation Pause) 398M->135M(512M) 6.602ms
[2025-08-19T14:43:22.437+0000][1692535][info ][gc,cpu      ] GC(42) User=0.00s Sys=0.00s Real=0.01s
[2025-08-19T14:43:22.437+0000][1692535][info ][safepoint   ] Safepoint "G1CollectForAllocation", Time since last: 2332382737 ns, Reaching safepoint: 34101 ns, Cleanup: 3596 ns, At safepoint: 6652585 ns, Total: 6690282 ns
[2025-08-19T14:43:24.437+0000][1692535][info ][safepoint   ] Safepoint "Cleanup", Time since last: 2000127848 ns, Reaching safepoint: 6500 ns, Cleanup: 10295 ns, At safepoint: 2634 ns, Total: 19429 ns
[2025-08-19T14:43:25.440+0000][1692535][info ][safepoint   ] Safepoint "Cleanup", Time since last: 1000711096 ns, Reaching safepoint: 2107833 ns, Cleanup: 28784 ns, At safepoint: 2654 ns, Total: 2139271 ns
[2025-08-19T14:43:26.108+0000][1692535][info ][gc,start    ] GC(43) Pause Young (Normal) (G1 Evacuation Pause)
[2025-08-19T14:43:26.108+0000][1692535][info ][gc,task     ] GC(43) Using 1 workers of 1 for evacuation
[2025-08-19T14:43:26.108+0000][1692535][debug][gc,age      ] GC(43) Desired survivor size 20971520 bytes, new threshold 1 (max threshold 15)
[2025-08-19T14:43:26.113+0000][1692535][info ][gc,phases   ] GC(43)   Pre Evacuate Collection Set: 0.1ms
[2025-08-19T14:43:26.113+0000][1692535][info ][gc,phases   ] GC(43)   Merge Heap Roots: 0.0ms
[2025-08-19T14:43:26.113+0000][1692535][info ][gc,phases   ] GC(43)   Evacuate Collection Set: 3.7ms
[2025-08-19T14:43:26.113+0000][1692535][info ][gc,phases   ] GC(43)   Post Evacuate Collection Set: 0.9ms
[2025-08-19T14:43:26.113+0000][1692535][info ][gc,phases   ] GC(43)   Other: 0.0ms
[2025-08-19T14:43:26.113+0000][1692535][trace][gc,age      ] GC(43) Age table with threshold 1 (max threshold 15)
[2025-08-19T14:43:26.113+0000][1692535][trace][gc,age      ] GC(43) - age   1:     639008 bytes,     639008 total
[2025-08-19T14:43:26.113+0000][1692535][info ][gc,heap     ] GC(43) Eden regions: 66->0(75)
[2025-08-19T14:43:26.113+0000][1692535][info ][gc,heap     ] GC(43) Survivor regions: 10->1(10)
[2025-08-19T14:43:26.113+0000][1692535][info ][gc,heap     ] GC(43) Old regions: 24->25
[2025-08-19T14:43:26.113+0000][1692535][info ][gc,heap     ] GC(43) Humongous regions: 0->0
[2025-08-19T14:43:26.113+0000][1692535][info ][gc,metaspace] GC(43) Metaspace: 139875K(143488K)->139875K(143488K) NonClass: 121094K(123008K)->121094K(123008K) Class: 18781K(20480K)->18781K(20480K)
[2025-08-19T14:43:26.113+0000][1692535][info ][gc          ] GC(43) Pause Young (Normal) (G1 Evacuation Pause) 399M->98M(512M) 4.878ms
[2025-08-19T14:43:26.113+0000][1692535][info ][gc,cpu      ] GC(43) User=0.00s Sys=0.00s Real=0.00s
[2025-08-19T14:43:26.113+0000][1692535][info ][safepoint   ] Safepoint "G1CollectForAllocation", Time since last: 662832205 ns, Reaching safepoint: 5235155 ns, Cleanup: 13781 ns, At safepoint: 4914020 ns, Total: 10162956 ns
[2025-08-19T14:43:28.130+0000][1692535][info ][safepoint   ] Safepoint "Cleanup", Time since last: 2000165154 ns, Reaching safepoint: 17011798 ns, Cleanup: 23936 ns, At safepoint: 6300 ns, Total: 17042034 ns
[2025-08-19T14:43:29.130+0000][1692535][info ][safepoint   ] Safepoint "Cleanup", Time since last: 1000098801 ns, Reaching safepoint: 6290 ns, Cleanup: 13430 ns, At safepoint: 2253 ns, Total: 21973 ns
[2025-08-19T14:43:30.130+0000][1692535][info ][safepoint   ] Safepoint "Cleanup", Time since last: 1000103629 ns, Reaching safepoint: 6410 ns, Cleanup: 14362 ns, At safepoint: 2333 ns, Total: 23105 ns
[2025-08-19T14:43:34.130+0000][1692535][info ][safepoint   ] Safepoint "Cleanup", Time since last: 4000225460 ns, Reaching safepoint: 27762 ns, Cleanup: 6150 ns, At safepoint: 4476 ns, Total: 38388 ns
[2025-08-19T14:43:36.131+0000][1692535][info ][safepoint   ] Safepoint "Cleanup", Time since last: 2000148910 ns, Reaching safepoint: 5388 ns, Cleanup: 5268 ns, At safepoint: 2183 ns, Total: 12839 ns
[2025-08-19T14:44:53.585+0000][1692535][info ][safepoint   ] Safepoint "Cleanup", Time since last: 77453915165 ns, Reaching safepoint: 37637 ns, Cleanup: 11858 ns, At safepoint: 5038 ns, Total: 54533 ns
[2025-08-19T14:46:58.592+0000][1692535][info ][safepoint   ] Safepoint "Cleanup", Time since last: 125007394580 ns, Reaching safepoint: 42374 ns, Cleanup: 10196 ns, At safepoint: 4907 ns, Total: 57477 ns
[2025-08-19T14:47:36.595+0000][1692535][info ][safepoint   ] Safepoint "Cleanup", Time since last: 38002484530 ns, Reaching safepoint: 68593 ns, Cleanup: 9955 ns, At safepoint: 2294 ns, Total: 80842 ns
[2025-08-19T14:47:37.595+0000][1692535][info ][safepoint   ] Safepoint "Cleanup", Time since last: 1000094590 ns, Reaching safepoint: 6149 ns, Cleanup: 10757 ns, At safepoint: 2263 ns, Total: 19169 ns
[2025-08-19T14:48:00.596+0000][1692535][info ][safepoint   ] Safepoint "Cleanup", Time since last: 23001327222 ns, Reaching safepoint: 71058 ns, Cleanup: 10345 ns, At safepoint: 4727 ns, Total: 86130 ns
[2025-08-19T14:48:04.596+0000][1692535][info ][safepoint   ] Safepoint "Cleanup", Time since last: 4000284349 ns, Reaching safepoint: 40070 ns, Cleanup: 11318 ns, At safepoint: 5117 ns, Total: 56505 ns
[2025-08-19T14:48:15.910+0000][1692535][info ][gc,start    ] GC(44) Pause Young (Normal) (G1 Evacuation Pause)
[2025-08-19T14:48:15.910+0000][1692535][info ][gc,task     ] GC(44) Using 1 workers of 1 for evacuation
[2025-08-19T14:48:15.910+0000][1692535][debug][gc,age      ] GC(44) Desired survivor size 20971520 bytes, new threshold 15 (max threshold 15)
[2025-08-19T14:48:15.914+0000][1692535][info ][gc,phases   ] GC(44)   Pre Evacuate Collection Set: 0.4ms
[2025-08-19T14:48:15.914+0000][1692535][info ][gc,phases   ] GC(44)   Merge Heap Roots: 0.0ms
[2025-08-19T14:48:15.914+0000][1692535][info ][gc,phases   ] GC(44)   Evacuate Collection Set: 1.8ms
[2025-08-19T14:48:15.914+0000][1692535][info ][gc,phases   ] GC(44)   Post Evacuate Collection Set: 1.0ms
[2025-08-19T14:48:15.914+0000][1692535][info ][gc,phases   ] GC(44)   Other: 0.0ms
[2025-08-19T14:48:15.914+0000][1692535][trace][gc,age      ] GC(44) Age table with threshold 15 (max threshold 15)
[2025-08-19T14:48:15.914+0000][1692535][trace][gc,age      ] GC(44) - age   1:      17664 bytes,      17664 total
[2025-08-19T14:48:15.914+0000][1692535][trace][gc,age      ] GC(44) - age   2:      26584 bytes,      44248 total
[2025-08-19T14:48:15.914+0000][1692535][info ][gc,heap     ] GC(44) Eden regions: 75->0(75)
[2025-08-19T14:48:15.914+0000][1692535][info ][gc,heap     ] GC(44) Survivor regions: 1->1(10)
[2025-08-19T14:48:15.914+0000][1692535][info ][gc,heap     ] GC(44) Old regions: 25->25
[2025-08-19T14:48:15.914+0000][1692535][info ][gc,heap     ] GC(44) Humongous regions: 0->0
[2025-08-19T14:48:15.914+0000][1692535][info ][gc,metaspace] GC(44) Metaspace: 139892K(143488K)->139892K(143488K) NonClass: 121111K(123008K)->121111K(123008K) Class: 18781K(20480K)->18781K(20480K)
[2025-08-19T14:48:15.914+0000][1692535][info ][gc          ] GC(44) Pause Young (Normal) (G1 Evacuation Pause) 398M->97M(512M) 3.402ms
[2025-08-19T14:48:15.914+0000][1692535][info ][gc,cpu      ] GC(44) User=0.01s Sys=0.00s Real=0.00s
[2025-08-19T14:48:15.914+0000][1692535][info ][safepoint   ] Safepoint "G1CollectForAllocation", Time since last: 11313758127 ns, Reaching safepoint: 7781 ns, Cleanup: 3526 ns, At safepoint: 3437471 ns, Total: 3448778 ns
[2025-08-19T14:49:34.918+0000][1692535][info ][safepoint   ] Safepoint "Cleanup", Time since last: 79004494344 ns, Reaching safepoint: 43446 ns, Cleanup: 13400 ns, At safepoint: 6099 ns, Total: 62945 ns
[2025-08-19T14:50:36.923+0000][1692535][info ][safepoint   ] Safepoint "Cleanup", Time since last: 62004001126 ns, Reaching safepoint: 625054 ns, Cleanup: 12849 ns, At safepoint: 2934 ns, Total: 640837 ns
[2025-08-19T14:51:04.925+0000][1692535][info ][safepoint   ] Safepoint "Cleanup", Time since last: 28002189331 ns, Reaching safepoint: 43666 ns, Cleanup: 11217 ns, At safepoint: 2734 ns, Total: 57617 ns
[2025-08-19T14:51:34.927+0000][1692535][info ][safepoint   ] Safepoint "Cleanup", Time since last: 30001839307 ns, Reaching safepoint: 42725 ns, Cleanup: 10987 ns, At safepoint: 5127 ns, Total: 58839 ns
[2025-08-19T14:51:36.927+0000][1692535][info ][safepoint   ] Safepoint "Cleanup", Time since last: 2000162330 ns, Reaching safepoint: 6800 ns, Cleanup: 13160 ns, At safepoint: 2744 ns, Total: 22704 ns
[2025-08-19T14:52:04.929+0000][1692535][info ][safepoint   ] Safepoint "Cleanup", Time since last: 28001691620 ns, Reaching safepoint: 41412 ns, Cleanup: 13460 ns, At safepoint: 4978 ns, Total: 59850 ns
[2025-08-19T14:58:04.950+0000][1692535][info ][safepoint   ] Safepoint "Cleanup", Time since last: 360021022840 ns, Reaching safepoint: 6049 ns, Cleanup: 12579 ns, At safepoint: 2694 ns, Total: 21322 ns
[2025-08-19T14:59:34.956+0000][1692535][info ][safepoint   ] Safepoint "Cleanup", Time since last: 90005941600 ns, Reaching safepoint: 44287 ns, Cleanup: 16124 ns, At safepoint: 5519 ns, Total: 65930 ns
[2025-08-19T14:59:51.277+0000][1692535][info ][gc,start    ] GC(45) Pause Young (Normal) (G1 Evacuation Pause)
[2025-08-19T14:59:51.277+0000][1692535][info ][gc,task     ] GC(45) Using 1 workers of 1 for evacuation
[2025-08-19T14:59:51.277+0000][1692535][debug][gc,age      ] GC(45) Desired survivor size 20971520 bytes, new threshold 15 (max threshold 15)
[2025-08-19T14:59:51.279+0000][1692535][info ][gc,phases   ] GC(45)   Pre Evacuate Collection Set: 0.1ms
[2025-08-19T14:59:51.279+0000][1692535][info ][gc,phases   ] GC(45)   Merge Heap Roots: 0.0ms
[2025-08-19T14:59:51.279+0000][1692535][info ][gc,phases   ] GC(45)   Evacuate Collection Set: 1.5ms
[2025-08-19T14:59:51.279+0000][1692535][info ][gc,phases   ] GC(45)   Post Evacuate Collection Set: 0.8ms
[2025-08-19T14:59:51.279+0000][1692535][info ][gc,phases   ] GC(45)   Other: 0.0ms
[2025-08-19T14:59:51.279+0000][1692535][trace][gc,age      ] GC(45) Age table with threshold 15 (max threshold 15)
[2025-08-19T14:59:51.279+0000][1692535][trace][gc,age      ] GC(45) - age   1:      12688 bytes,      12688 total
[2025-08-19T14:59:51.279+0000][1692535][trace][gc,age      ] GC(45) - age   2:       9128 bytes,      21816 total
[2025-08-19T14:59:51.279+0000][1692535][trace][gc,age      ] GC(45) - age   3:      26584 bytes,      48400 total
[2025-08-19T14:59:51.279+0000][1692535][info ][gc,heap     ] GC(45) Eden regions: 75->0(75)
[2025-08-19T14:59:51.279+0000][1692535][info ][gc,heap     ] GC(45) Survivor regions: 1->1(10)
[2025-08-19T14:59:51.279+0000][1692535][info ][gc,heap     ] GC(45) Old regions: 25->25
[2025-08-19T14:59:51.279+0000][1692535][info ][gc,heap     ] GC(45) Humongous regions: 0->0
[2025-08-19T14:59:51.279+0000][1692535][info ][gc,metaspace] GC(45) Metaspace: 139972K(143552K)->139972K(143552K) NonClass: 121190K(123072K)->121190K(123072K) Class: 18781K(20480K)->18781K(20480K)
[2025-08-19T14:59:51.279+0000][1692535][info ][gc          ] GC(45) Pause Young (Normal) (G1 Evacuation Pause) 397M->96M(512M) 2.531ms
[2025-08-19T14:59:51.279+0000][1692535][info ][gc,cpu      ] GC(45) User=0.00s Sys=0.00s Real=0.00s
[2025-08-19T14:59:51.279+0000][1692535][info ][safepoint   ] Safepoint "G1CollectForAllocation", Time since last: 16320782530 ns, Reaching safepoint: 37917 ns, Cleanup: 2914 ns, At safepoint: 2563892 ns, Total: 2604723 ns
[2025-08-19T15:01:23.287+0000][1692535][info ][safepoint   ] Safepoint "Cleanup", Time since last: 92007751729 ns, Reaching safepoint: 73561 ns, Cleanup: 9575 ns, At safepoint: 2694 ns, Total: 85830 ns
[2025-08-19T15:01:27.288+0000][1692535][info ][safepoint   ] Safepoint "Cleanup", Time since last: 4000679475 ns, Reaching safepoint: 6540 ns, Cleanup: 9705 ns, At safepoint: 2724 ns, Total: 18969 ns
[2025-08-19T15:02:05.290+0000][1692535][info ][safepoint   ] Safepoint "Cleanup", Time since last: 38002182136 ns, Reaching safepoint: 6360 ns, Cleanup: 10846 ns, At safepoint: 2735 ns, Total: 19941 ns
[2025-08-19T15:02:35.292+0000][1692535][info ][safepoint   ] Safepoint "Cleanup", Time since last: 30001780243 ns, Reaching safepoint: 44027 ns, Cleanup: 10806 ns, At safepoint: 5489 ns, Total: 60322 ns
[2025-08-19T15:06:35.307+0000][1692535][info ][safepoint   ] Safepoint "Cleanup", Time since last: 240015192155 ns, Reaching safepoint: 43246 ns, Cleanup: 11978 ns, At safepoint: 2714 ns, Total: 57938 ns
[2025-08-19T15:07:42.312+0000][1692535][info ][safepoint   ] Safepoint "Cleanup", Time since last: 67004549268 ns, Reaching safepoint: 39570 ns, Cleanup: 11027 ns, At safepoint: 2634 ns, Total: 53231 ns
[2025-08-19T15:08:12.314+0000][1692535][info ][safepoint   ] Safepoint "Cleanup", Time since last: 30002264395 ns, Reaching safepoint: 6520 ns, Cleanup: 12088 ns, At safepoint: 2724 ns, Total: 21332 ns
[2025-08-19T15:10:28.322+0000][1692535][info ][safepoint   ] Safepoint "Cleanup", Time since last: 136008068466 ns, Reaching safepoint: 37837 ns, Cleanup: 4297 ns, At safepoint: 5048 ns, Total: 47182 ns
[2025-08-19T15:10:53.324+0000][1692535][info ][safepoint   ] Safepoint "Cleanup", Time since last: 25001822064 ns, Reaching safepoint: 5689 ns, Cleanup: 4376 ns, At safepoint: 2744 ns, Total: 12809 ns
[2025-08-19T15:11:11.325+0000][1692535][info ][safepoint   ] Safepoint "Cleanup", Time since last: 18001057392 ns, Reaching safepoint: 5689 ns, Cleanup: 10566 ns, At safepoint: 2524 ns, Total: 18779 ns
[2025-08-19T15:11:26.990+0000][1692535][info ][gc,start    ] GC(46) Pause Young (Normal) (G1 Evacuation Pause)
[2025-08-19T15:11:26.990+0000][1692535][info ][gc,task     ] GC(46) Using 1 workers of 1 for evacuation
[2025-08-19T15:11:26.990+0000][1692535][debug][gc,age      ] GC(46) Desired survivor size 20971520 bytes, new threshold 15 (max threshold 15)
[2025-08-19T15:11:26.992+0000][1692535][info ][gc,phases   ] GC(46)   Pre Evacuate Collection Set: 0.1ms
[2025-08-19T15:11:26.992+0000][1692535][info ][gc,phases   ] GC(46)   Merge Heap Roots: 0.0ms
[2025-08-19T15:11:26.992+0000][1692535][info ][gc,phases   ] GC(46)   Evacuate Collection Set: 1.6ms
[2025-08-19T15:11:26.992+0000][1692535][info ][gc,phases   ] GC(46)   Post Evacuate Collection Set: 0.7ms
[2025-08-19T15:11:26.992+0000][1692535][info ][gc,phases   ] GC(46)   Other: 0.0ms
[2025-08-19T15:11:26.992+0000][1692535][trace][gc,age      ] GC(46) Age table with threshold 15 (max threshold 15)
[2025-08-19T15:11:26.992+0000][1692535][trace][gc,age      ] GC(46) - age   1:      11904 bytes,      11904 total
[2025-08-19T15:11:26.992+0000][1692535][trace][gc,age      ] GC(46) - age   2:       2024 bytes,      13928 total
[2025-08-19T15:11:26.992+0000][1692535][trace][gc,age      ] GC(46) - age   3:       8776 bytes,      22704 total
[2025-08-19T15:11:26.992+0000][1692535][trace][gc,age      ] GC(46) - age   4:      26584 bytes,      49288 total
[2025-08-19T15:11:26.992+0000][1692535][info ][gc,heap     ] GC(46) Eden regions: 75->0(75)
[2025-08-19T15:11:26.992+0000][1692535][info ][gc,heap     ] GC(46) Survivor regions: 1->1(10)
[2025-08-19T15:11:26.992+0000][1692535][info ][gc,heap     ] GC(46) Old regions: 25->25
[2025-08-19T15:11:26.992+0000][1692535][info ][gc,heap     ] GC(46) Humongous regions: 0->0
[2025-08-19T15:11:26.992+0000][1692535][info ][gc,metaspace] GC(46) Metaspace: 140015K(143616K)->140015K(143616K) NonClass: 121232K(123136K)->121232K(123136K) Class: 18782K(20480K)->18782K(20480K)
[2025-08-19T15:11:26.992+0000][1692535][info ][gc          ] GC(46) Pause Young (Normal) (G1 Evacuation Pause) 396M->96M(512M) 2.704ms
[2025-08-19T15:11:26.992+0000][1692535][info ][gc,cpu      ] GC(46) User=0.00s Sys=0.00s Real=0.00s
[2025-08-19T15:11:26.992+0000][1692535][info ][safepoint   ] Safepoint "G1CollectForAllocation", Time since last: 15664573204 ns, Reaching safepoint: 9695 ns, Cleanup: 3855 ns, At safepoint: 2741491 ns, Total: 2755041 ns
[2025-08-19T15:15:36.009+0000][1692535][info ][safepoint   ] Safepoint "Cleanup", Time since last: 249016291540 ns, Reaching safepoint: 41493 ns, Cleanup: 8022 ns, At safepoint: 2103 ns, Total: 51618 ns
[2025-08-19T15:16:04.011+0000][1692535][info ][safepoint   ] Safepoint "Cleanup", Time since last: 28001936686 ns, Reaching safepoint: 24697 ns, Cleanup: 10927 ns, At safepoint: 4607 ns, Total: 40231 ns
[2025-08-19T15:16:42.013+0000][1692535][info ][safepoint   ] Safepoint "Cleanup", Time since last: 38002264495 ns, Reaching safepoint: 67341 ns, Cleanup: 10276 ns, At safepoint: 5248 ns, Total: 82865 ns
[2025-08-19T15:16:59.014+0000][1692535][info ][safepoint   ] Safepoint "Cleanup", Time since last: 17001035396 ns, Reaching safepoint: 39410 ns, Cleanup: 10736 ns, At safepoint: 5038 ns, Total: 55184 ns
[2025-08-19T15:18:37.020+0000][1692535][info ][safepoint   ] Safepoint "Cleanup", Time since last: 98005770270 ns, Reaching safepoint: 40081 ns, Cleanup: 11527 ns, At safepoint: 5118 ns, Total: 56726 ns
[2025-08-19T15:19:36.024+0000][1692535][info ][safepoint   ] Safepoint "Cleanup", Time since last: 59003493185 ns, Reaching safepoint: 39530 ns, Cleanup: 11567 ns, At safepoint: 4908 ns, Total: 56005 ns
[2025-08-19T15:20:57.028+0000][1692535][info ][safepoint   ] Safepoint "Cleanup", Time since last: 81004709364 ns, Reaching safepoint: 76015 ns, Cleanup: 11317 ns, At safepoint: 3034 ns, Total: 90366 ns
[2025-08-19T15:23:07.010+0000][1692535][info ][gc,start    ] GC(47) Pause Young (Normal) (G1 Evacuation Pause)
[2025-08-19T15:23:07.010+0000][1692535][info ][gc,task     ] GC(47) Using 1 workers of 1 for evacuation
[2025-08-19T15:23:07.010+0000][1692535][debug][gc,age      ] GC(47) Desired survivor size 20971520 bytes, new threshold 15 (max threshold 15)
[2025-08-19T15:23:07.012+0000][1692535][info ][gc,phases   ] GC(47)   Pre Evacuate Collection Set: 0.2ms
[2025-08-19T15:23:07.012+0000][1692535][info ][gc,phases   ] GC(47)   Merge Heap Roots: 0.0ms
[2025-08-19T15:23:07.012+0000][1692535][info ][gc,phases   ] GC(47)   Evacuate Collection Set: 1.7ms
[2025-08-19T15:23:07.012+0000][1692535][info ][gc,phases   ] GC(47)   Post Evacuate Collection Set: 0.8ms
[2025-08-19T15:23:07.012+0000][1692535][info ][gc,phases   ] GC(47)   Other: 0.0ms
[2025-08-19T15:23:07.012+0000][1692535][trace][gc,age      ] GC(47) Age table with threshold 15 (max threshold 15)
[2025-08-19T15:23:07.012+0000][1692535][trace][gc,age      ] GC(47) - age   1:      11032 bytes,      11032 total
[2025-08-19T15:23:07.012+0000][1692535][trace][gc,age      ] GC(47) - age   2:       1720 bytes,      12752 total
[2025-08-19T15:23:07.012+0000][1692535][trace][gc,age      ] GC(47) - age   3:       2024 bytes,      14776 total
[2025-08-19T15:23:07.013+0000][1692535][trace][gc,age      ] GC(47) - age   4:       8776 bytes,      23552 total
[2025-08-19T15:23:07.013+0000][1692535][trace][gc,age      ] GC(47) - age   5:      26584 bytes,      50136 total
[2025-08-19T15:23:07.013+0000][1692535][info ][gc,heap     ] GC(47) Eden regions: 75->0(75)
[2025-08-19T15:23:07.013+0000][1692535][info ][gc,heap     ] GC(47) Survivor regions: 1->1(10)
[2025-08-19T15:23:07.013+0000][1692535][info ][gc,heap     ] GC(47) Old regions: 25->25
[2025-08-19T15:23:07.013+0000][1692535][info ][gc,heap     ] GC(47) Humongous regions: 0->0
[2025-08-19T15:23:07.013+0000][1692535][info ][gc,metaspace] GC(47) Metaspace: 140037K(143616K)->140037K(143616K) NonClass: 121255K(123136K)->121255K(123136K) Class: 18782K(20480K)->18782K(20480K)
[2025-08-19T15:23:07.013+0000][1692535][info ][gc          ] GC(47) Pause Young (Normal) (G1 Evacuation Pause) 396M->96M(512M) 3.034ms
[2025-08-19T15:23:07.013+0000][1692535][info ][gc,cpu      ] GC(47) User=0.00s Sys=0.00s Real=0.00s
[2025-08-19T15:23:07.013+0000][1692535][info ][safepoint   ] Safepoint "G1CollectForAllocation", Time since last: 129981070269 ns, Reaching safepoint: 4787 ns, Cleanup: 2685 ns, At safepoint: 3066551 ns, Total: 3074023 ns
[2025-08-19T15:28:07.031+0000][1692535][info ][safepoint   ] Safepoint "Cleanup", Time since last: 300018563251 ns, Reaching safepoint: 6260 ns, Cleanup: 10626 ns, At safepoint: 34141 ns, Total: 51027 ns
[2025-08-19T15:33:07.050+0000][1692535][info ][safepoint   ] Safepoint "Cleanup", Time since last: 300018313154 ns, Reaching safepoint: 5929 ns, Cleanup: 10736 ns, At safepoint: 39971 ns, Total: 56636 ns
[2025-08-19T15:34:07.053+0000][1692535][info ][safepoint   ] Safepoint "Cleanup", Time since last: 60003822918 ns, Reaching safepoint: 6500 ns, Cleanup: 12179 ns, At safepoint: 2623 ns, Total: 21302 ns
[2025-08-19T15:34:45.778+0000][1692535][info ][gc,start    ] GC(48) Pause Young (Normal) (G1 Evacuation Pause)
[2025-08-19T15:34:45.778+0000][1692535][info ][gc,task     ] GC(48) Using 1 workers of 1 for evacuation
[2025-08-19T15:34:45.778+0000][1692535][debug][gc,age      ] GC(48) Desired survivor size 20971520 bytes, new threshold 15 (max threshold 15)
[2025-08-19T15:34:45.781+0000][1692535][info ][gc,phases   ] GC(48)   Pre Evacuate Collection Set: 0.1ms
[2025-08-19T15:34:45.781+0000][1692535][info ][gc,phases   ] GC(48)   Merge Heap Roots: 0.0ms
[2025-08-19T15:34:45.781+0000][1692535][info ][gc,phases   ] GC(48)   Evacuate Collection Set: 1.5ms
[2025-08-19T15:34:45.781+0000][1692535][info ][gc,phases   ] GC(48)   Post Evacuate Collection Set: 0.7ms
[2025-08-19T15:34:45.781+0000][1692535][info ][gc,phases   ] GC(48)   Other: 0.0ms
[2025-08-19T15:34:45.781+0000][1692535][trace][gc,age      ] GC(48) Age table with threshold 15 (max threshold 15)
[2025-08-19T15:34:45.781+0000][1692535][trace][gc,age      ] GC(48) - age   1:       9632 bytes,       9632 total
[2025-08-19T15:34:45.781+0000][1692535][trace][gc,age      ] GC(48) - age   2:         96 bytes,       9728 total
[2025-08-19T15:34:45.781+0000][1692535][trace][gc,age      ] GC(48) - age   3:       1720 bytes,      11448 total
[2025-08-19T15:34:45.781+0000][1692535][trace][gc,age      ] GC(48) - age   4:       2024 bytes,      13472 total
[2025-08-19T15:34:45.781+0000][1692535][trace][gc,age      ] GC(48) - age   5:       8776 bytes,      22248 total
[2025-08-19T15:34:45.781+0000][1692535][trace][gc,age      ] GC(48) - age   6:      26584 bytes,      48832 total
[2025-08-19T15:34:45.781+0000][1692535][info ][gc,heap     ] GC(48) Eden regions: 75->0(75)
[2025-08-19T15:34:45.781+0000][1692535][info ][gc,heap     ] GC(48) Survivor regions: 1->1(10)
[2025-08-19T15:34:45.781+0000][1692535][info ][gc,heap     ] GC(48) Old regions: 25->25
[2025-08-19T15:34:45.781+0000][1692535][info ][gc,heap     ] GC(48) Humongous regions: 0->0
[2025-08-19T15:34:45.781+0000][1692535][info ][gc,metaspace] GC(48) Metaspace: 140050K(143616K)->140050K(143616K) NonClass: 121267K(123136K)->121267K(123136K) Class: 18782K(20480K)->18782K(20480K)
[2025-08-19T15:34:45.781+0000][1692535][info ][gc          ] GC(48) Pause Young (Normal) (G1 Evacuation Pause) 396M->96M(512M) 2.514ms
[2025-08-19T15:34:45.781+0000][1692535][info ][gc,cpu      ] GC(48) User=0.00s Sys=0.00s Real=0.00s
[2025-08-19T15:34:45.781+0000][1692535][info ][safepoint   ] Safepoint "G1CollectForAllocation", Time since last: 38724908988 ns, Reaching safepoint: 38157 ns, Cleanup: 2975 ns, At safepoint: 2562480 ns, Total: 2603612 ns
[2025-08-19T15:37:36.809+0000][1692535][info ][safepoint   ] Safepoint "Cleanup", Time since last: 171028089982 ns, Reaching safepoint: 34993 ns, Cleanup: 9073 ns, At safepoint: 4828 ns, Total: 48894 ns
[2025-08-19T15:37:42.810+0000][1692535][info ][safepoint   ] Safepoint "Cleanup", Time since last: 6000966018 ns, Reaching safepoint: 5117 ns, Cleanup: 9064 ns, At safepoint: 2504 ns, Total: 16685 ns
[2025-08-19T15:39:42.830+0000][1692535][info ][safepoint   ] Safepoint "Cleanup", Time since last: 120020352425 ns, Reaching safepoint: 21152 ns, Cleanup: 12149 ns, At safepoint: 2023 ns, Total: 35324 ns
[2025-08-19T15:40:12.836+0000][1692535][info ][safepoint   ] Safepoint "Cleanup", Time since last: 30005066146 ns, Reaching safepoint: 32348 ns, Cleanup: 11848 ns, At safepoint: 4757 ns, Total: 48953 ns
[2025-08-19T15:40:36.852+0000][1692535][info ][safepoint   ] Safepoint "Cleanup", Time since last: 24009177026 ns, Reaching safepoint: 2041883 ns, Cleanup: 2215566 ns, At safepoint: 118409 ns, Total: 4375858 ns
[2025-08-19T15:40:41.855+0000][1692535][info ][safepoint   ] Safepoint "Cleanup", Time since last: 5005669132 ns, Reaching safepoint: 34452 ns, Cleanup: 5629 ns, At safepoint: 4476 ns, Total: 44557 ns
[2025-08-19T15:40:42.855+0000][1692535][info ][safepoint   ] Safepoint "Cleanup", Time since last: 1000194923 ns, Reaching safepoint: 5708 ns, Cleanup: 9395 ns, At safepoint: 2323 ns, Total: 17426 ns
[2025-08-19T15:41:55.860+0000][1692535][info ][safepoint   ] Safepoint "Cleanup", Time since last: 73004654055 ns, Reaching safepoint: 33500 ns, Cleanup: 10626 ns, At safepoint: 4668 ns, Total: 48794 ns
[2025-08-19T15:42:06.861+0000][1692535][info ][safepoint   ] Safepoint "Cleanup", Time since last: 11000945748 ns, Reaching safepoint: 35263 ns, Cleanup: 10496 ns, At safepoint: 2443 ns, Total: 48202 ns
[2025-08-19T15:43:05.864+0000][1692535][info ][safepoint   ] Safepoint "Cleanup", Time since last: 59003450683 ns, Reaching safepoint: 6490 ns, Cleanup: 10676 ns, At safepoint: 2945 ns, Total: 20111 ns
[2025-08-19T15:44:02.868+0000][1692535][info ][safepoint   ] Safepoint "Cleanup", Time since last: 57003308682 ns, Reaching safepoint: 35984 ns, Cleanup: 9585 ns, At safepoint: 4647 ns, Total: 50216 ns
[2025-08-19T15:44:06.868+0000][1692535][info ][safepoint   ] Safepoint "Cleanup", Time since last: 4000282840 ns, Reaching safepoint: 6109 ns, Cleanup: 9324 ns, At safepoint: 2263 ns, Total: 17696 ns
[2025-08-19T15:46:27.975+0000][1692535][info ][gc,start    ] GC(49) Pause Young (Normal) (G1 Evacuation Pause)
[2025-08-19T15:46:27.976+0000][1692535][info ][gc,task     ] GC(49) Using 1 workers of 1 for evacuation
[2025-08-19T15:46:27.976+0000][1692535][debug][gc,age      ] GC(49) Desired survivor size 20971520 bytes, new threshold 15 (max threshold 15)
[2025-08-19T15:46:28.142+0000][1692535][info ][gc,phases   ] GC(49)   Pre Evacuate Collection Set: 2.6ms
[2025-08-19T15:46:28.142+0000][1692535][info ][gc,phases   ] GC(49)   Merge Heap Roots: 1.3ms
[2025-08-19T15:46:28.142+0000][1692535][info ][gc,phases   ] GC(49)   Evacuate Collection Set: 98.0ms
[2025-08-19T15:46:28.142+0000][1692535][info ][gc,phases   ] GC(49)   Post Evacuate Collection Set: 63.4ms
[2025-08-19T15:46:28.142+0000][1692535][info ][gc,phases   ] GC(49)   Other: 0.5ms
[2025-08-19T15:46:28.142+0000][1692535][trace][gc,age      ] GC(49) Age table with threshold 15 (max threshold 15)
[2025-08-19T15:46:28.142+0000][1692535][trace][gc,age      ] GC(49) - age   1:      14656 bytes,      14656 total
[2025-08-19T15:46:28.142+0000][1692535][trace][gc,age      ] GC(49) - age   2:        632 bytes,      15288 total
[2025-08-19T15:46:28.142+0000][1692535][trace][gc,age      ] GC(49) - age   3:         96 bytes,      15384 total
[2025-08-19T15:46:28.142+0000][1692535][trace][gc,age      ] GC(49) - age   4:       1720 bytes,      17104 total
[2025-08-19T15:46:28.142+0000][1692535][trace][gc,age      ] GC(49) - age   5:       2024 bytes,      19128 total
[2025-08-19T15:46:28.142+0000][1692535][trace][gc,age      ] GC(49) - age   6:       8776 bytes,      27904 total
[2025-08-19T15:46:28.142+0000][1692535][trace][gc,age      ] GC(49) - age   7:      26584 bytes,      54488 total
[2025-08-19T15:46:28.142+0000][1692535][info ][gc,heap     ] GC(49) Eden regions: 75->0(75)
[2025-08-19T15:46:28.142+0000][1692535][info ][gc,heap     ] GC(49) Survivor regions: 1->1(10)
[2025-08-19T15:46:28.142+0000][1692535][info ][gc,heap     ] GC(49) Old regions: 25->25
[2025-08-19T15:46:28.142+0000][1692535][info ][gc,heap     ] GC(49) Humongous regions: 0->0
[2025-08-19T15:46:28.142+0000][1692535][info ][gc,metaspace] GC(49) Metaspace: 140070K(143680K)->140070K(143680K) NonClass: 121287K(123200K)->121287K(123200K) Class: 18782K(20480K)->18782K(20480K)
[2025-08-19T15:46:28.142+0000][1692535][info ][gc          ] GC(49) Pause Young (Normal) (G1 Evacuation Pause) 396M->96M(512M) 166.859ms
[2025-08-19T15:46:28.142+0000][1692535][info ][gc,cpu      ] GC(49) User=0.01s Sys=0.02s Real=0.17s
[2025-08-19T15:46:28.142+0000][1692535][info ][safepoint   ] Safepoint "G1CollectForAllocation", Time since last: 141105845216 ns, Reaching safepoint: 9485 ns, Cleanup: 3084 ns, At safepoint: 167980551 ns, Total: 167993120 ns
[2025-08-19T15:55:04.186+0000][1692535][info ][safepoint   ] Safepoint "Cleanup", Time since last: 516038412619 ns, Reaching safepoint: 2158910 ns, Cleanup: 2019099 ns, At safepoint: 1135485 ns, Total: 5313494 ns
[2025-08-19T15:58:09.304+0000][1692535][info ][gc,start    ] GC(50) Pause Young (Normal) (G1 Evacuation Pause)
[2025-08-19T15:58:09.382+0000][1692535][info ][gc,task     ] GC(50) Using 1 workers of 1 for evacuation
[2025-08-19T15:58:09.385+0000][1692535][debug][gc,age      ] GC(50) Desired survivor size 20971520 bytes, new threshold 15 (max threshold 15)
[2025-08-19T15:58:10.922+0000][1692535][info ][gc,mmu      ] GC(50) MMU target violated: 201.0ms (200.0ms/201.0ms)
[2025-08-19T15:58:10.925+0000][1692535][info ][gc,phases   ] GC(50)   Pre Evacuate Collection Set: 8.3ms
[2025-08-19T15:58:10.925+0000][1692535][info ][gc,phases   ] GC(50)   Merge Heap Roots: 4.7ms
[2025-08-19T15:58:10.925+0000][1692535][info ][gc,phases   ] GC(50)   Evacuate Collection Set: 1013.7ms
[2025-08-19T15:58:10.925+0000][1692535][info ][gc,phases   ] GC(50)   Post Evacuate Collection Set: 503.2ms
[2025-08-19T15:58:10.925+0000][1692535][info ][gc,phases   ] GC(50)   Other: 76.7ms
[2025-08-19T15:58:10.925+0000][1692535][trace][gc,age      ] GC(50) Age table with threshold 15 (max threshold 15)
[2025-08-19T15:58:10.925+0000][1692535][trace][gc,age      ] GC(50) - age   1:      11024 bytes,      11024 total
[2025-08-19T15:58:10.925+0000][1692535][trace][gc,age      ] GC(50) - age   2:       3984 bytes,      15008 total
[2025-08-19T15:58:10.925+0000][1692535][trace][gc,age      ] GC(50) - age   3:        280 bytes,      15288 total
[2025-08-19T15:58:10.925+0000][1692535][trace][gc,age      ] GC(50) - age   4:         96 bytes,      15384 total
[2025-08-19T15:58:10.925+0000][1692535][trace][gc,age      ] GC(50) - age   5:       1720 bytes,      17104 total
[2025-08-19T15:58:10.925+0000][1692535][trace][gc,age      ] GC(50) - age   6:       2024 bytes,      19128 total
[2025-08-19T15:58:10.925+0000][1692535][trace][gc,age      ] GC(50) - age   7:       8776 bytes,      27904 total
[2025-08-19T15:58:10.925+0000][1692535][trace][gc,age      ] GC(50) - age   8:      26584 bytes,      54488 total
[2025-08-19T15:58:10.925+0000][1692535][info ][gc,heap     ] GC(50) Eden regions: 75->0(5)
[2025-08-19T15:58:10.925+0000][1692535][info ][gc,heap     ] GC(50) Survivor regions: 1->1(10)
[2025-08-19T15:58:10.925+0000][1692535][info ][gc,heap     ] GC(50) Old regions: 25->25
[2025-08-19T15:58:10.925+0000][1692535][info ][gc,heap     ] GC(50) Humongous regions: 0->0
[2025-08-19T15:58:10.929+0000][1692535][info ][gc,metaspace] GC(50) Metaspace: 140070K(143680K)->140070K(143680K) NonClass: 121287K(123200K)->121287K(123200K) Class: 18782K(20480K)->18782K(20480K)
[2025-08-19T15:58:10.933+0000][1692535][info ][gc          ] GC(50) Pause Young (Normal) (G1 Evacuation Pause) 396M->96M(512M) 1627.197ms
[2025-08-19T15:58:10.933+0000][1692535][info ][gc,cpu      ] GC(50) User=0.01s Sys=0.30s Real=1.63s
[2025-08-19T15:58:10.942+0000][1692535][info ][safepoint   ] Safepoint "G1CollectForAllocation", Time since last: 185057472423 ns, Reaching safepoint: 2239271 ns, Cleanup: 30417836 ns, At safepoint: 1665981221 ns, Total: 1698638328 ns
[2025-08-19T15:58:11.980+0000][1692535][info ][safepoint   ] Safepoint "Cleanup", Time since last: 1000179391 ns, Reaching safepoint: 38351456 ns, Cleanup: 9114 ns, At safepoint: 5799 ns, Total: 38366369 ns
[2025-08-19T15:58:12.980+0000][1692535][info ][safepoint   ] Safepoint "Cleanup", Time since last: 1000125479 ns, Reaching safepoint: 202185 ns, Cleanup: 11678 ns, At safepoint: 6890 ns, Total: 220753 ns
[2025-08-19T15:58:54.928+0000][1692535][info ][gc,start    ] GC(51) Pause Young (Normal) (G1 Evacuation Pause)
[2025-08-19T15:58:54.999+0000][1692535][info ][gc,task     ] GC(51) Using 1 workers of 1 for evacuation
[2025-08-19T15:58:54.999+0000][1692535][debug][gc,age      ] GC(51) Desired survivor size 2097152 bytes, new threshold 15 (max threshold 15)
[2025-08-19T15:58:57.736+0000][1692535][info ][gc,mmu      ] GC(51) MMU target violated: 201.0ms (200.0ms/201.0ms)
[2025-08-19T15:58:57.757+0000][1692535][info ][gc,phases   ] GC(51)   Pre Evacuate Collection Set: 130.5ms
[2025-08-19T15:58:57.757+0000][1692535][info ][gc,phases   ] GC(51)   Merge Heap Roots: 1.3ms
[2025-08-19T15:58:57.757+0000][1692535][info ][gc,phases   ] GC(51)   Evacuate Collection Set: 2254.8ms
[2025-08-19T15:58:57.757+0000][1692535][info ][gc,phases   ] GC(51)   Post Evacuate Collection Set: 343.3ms
[2025-08-19T15:58:57.757+0000][1692535][info ][gc,phases   ] GC(51)   Other: 8.7ms
[2025-08-19T15:58:57.757+0000][1692535][trace][gc,age      ] GC(51) Age table with threshold 15 (max threshold 15)
[2025-08-19T15:58:57.758+0000][1692535][trace][gc,age      ] GC(51) - age   1:      25216 bytes,      25216 total
[2025-08-19T15:58:57.758+0000][1692535][trace][gc,age      ] GC(51) - age   2:       2768 bytes,      27984 total
[2025-08-19T15:58:57.758+0000][1692535][trace][gc,age      ] GC(51) - age   3:       3984 bytes,      31968 total
[2025-08-19T15:58:57.758+0000][1692535][trace][gc,age      ] GC(51) - age   4:        280 bytes,      32248 total
[2025-08-19T15:58:57.758+0000][1692535][trace][gc,age      ] GC(51) - age   5:         96 bytes,      32344 total
[2025-08-19T15:58:57.758+0000][1692535][trace][gc,age      ] GC(51) - age   6:       1720 bytes,      34064 total
[2025-08-19T15:58:57.758+0000][1692535][trace][gc,age      ] GC(51) - age   7:       2024 bytes,      36088 total
[2025-08-19T15:58:57.758+0000][1692535][trace][gc,age      ] GC(51) - age   8:       8776 bytes,      44864 total
[2025-08-19T15:58:57.758+0000][1692535][trace][gc,age      ] GC(51) - age   9:      26584 bytes,      71448 total
[2025-08-19T15:58:57.758+0000][1692535][info ][gc,heap     ] GC(51) Eden regions: 5->0(5)
[2025-08-19T15:58:57.758+0000][1692535][info ][gc,heap     ] GC(51) Survivor regions: 1->1(1)
[2025-08-19T15:58:57.758+0000][1692535][info ][gc,heap     ] GC(51) Old regions: 25->25
[2025-08-19T15:58:57.758+0000][1692535][info ][gc,heap     ] GC(51) Humongous regions: 0->0
[2025-08-19T15:58:57.759+0000][1692535][info ][gc,metaspace] GC(51) Metaspace: 140073K(143680K)->140073K(143680K) NonClass: 121289K(123200K)->121289K(123200K) Class: 18783K(20480K)->18783K(20480K)
[2025-08-19T15:58:57.787+0000][1692535][info ][gc          ] GC(51) Pause Young (Normal) (G1 Evacuation Pause) 116M->96M(512M) 2849.619ms
[2025-08-19T15:58:57.787+0000][1692535][info ][gc,cpu      ] GC(51) User=0.02s Sys=0.49s Real=2.87s
[2025-08-19T15:58:57.796+0000][1692535][info ][safepoint   ] Safepoint "G1CollectForAllocation", Time since last: 41679200138 ns, Reaching safepoint: 18435801 ns, Cleanup: 164424305 ns, At safepoint: 2953298774 ns, Total: 3136158880 ns
[2025-08-19T15:59:44.163+0000][1692535][info ][gc,start    ] GC(52) Pause Young (Normal) (G1 Evacuation Pause)
[2025-08-19T15:59:44.163+0000][1692535][info ][gc,task     ] GC(52) Using 1 workers of 1 for evacuation
[2025-08-19T15:59:44.163+0000][1692535][debug][gc,age      ] GC(52) Desired survivor size 2097152 bytes, new threshold 15 (max threshold 15)
[2025-08-19T15:59:44.715+0000][1692535][info ][gc,mmu      ] GC(52) MMU target violated: 201.0ms (200.0ms/201.0ms)
[2025-08-19T15:59:44.715+0000][1692535][info ][gc,phases   ] GC(52)   Pre Evacuate Collection Set: 3.0ms
[2025-08-19T15:59:44.715+0000][1692535][info ][gc,phases   ] GC(52)   Merge Heap Roots: 0.4ms
[2025-08-19T15:59:44.715+0000][1692535][info ][gc,phases   ] GC(52)   Evacuate Collection Set: 431.9ms
[2025-08-19T15:59:44.715+0000][1692535][info ][gc,phases   ] GC(52)   Post Evacuate Collection Set: 115.7ms
[2025-08-19T15:59:44.715+0000][1692535][info ][gc,phases   ] GC(52)   Other: 0.5ms
[2025-08-19T15:59:44.715+0000][1692535][trace][gc,age      ] GC(52) Age table with threshold 15 (max threshold 15)
[2025-08-19T15:59:44.715+0000][1692535][trace][gc,age      ] GC(52) - age   1:       9320 bytes,       9320 total
[2025-08-19T15:59:44.715+0000][1692535][trace][gc,age      ] GC(52) - age   2:      18728 bytes,      28048 total
[2025-08-19T15:59:44.715+0000][1692535][trace][gc,age      ] GC(52) - age   3:       1760 bytes,      29808 total
[2025-08-19T15:59:44.715+0000][1692535][trace][gc,age      ] GC(52) - age   4:       3984 bytes,      33792 total
[2025-08-19T15:59:44.715+0000][1692535][trace][gc,age      ] GC(52) - age   5:        280 bytes,      34072 total
[2025-08-19T15:59:44.715+0000][1692535][trace][gc,age      ] GC(52) - age   6:         96 bytes,      34168 total
[2025-08-19T15:59:44.715+0000][1692535][trace][gc,age      ] GC(52) - age   7:       1720 bytes,      35888 total
[2025-08-19T15:59:44.715+0000][1692535][trace][gc,age      ] GC(52) - age   8:       2024 bytes,      37912 total
[2025-08-19T15:59:44.715+0000][1692535][trace][gc,age      ] GC(52) - age   9:       8776 bytes,      46688 total
[2025-08-19T15:59:44.715+0000][1692535][trace][gc,age      ] GC(52) - age  10:      26584 bytes,      73272 total
[2025-08-19T15:59:44.715+0000][1692535][info ][gc,heap     ] GC(52) Eden regions: 5->0(5)
[2025-08-19T15:59:44.715+0000][1692535][info ][gc,heap     ] GC(52) Survivor regions: 1->1(1)
[2025-08-19T15:59:44.715+0000][1692535][info ][gc,heap     ] GC(52) Old regions: 25->25
[2025-08-19T15:59:44.715+0000][1692535][info ][gc,heap     ] GC(52) Humongous regions: 0->0
[2025-08-19T15:59:44.715+0000][1692535][info ][gc,metaspace] GC(52) Metaspace: 140073K(143680K)->140073K(143680K) NonClass: 121289K(123200K)->121289K(123200K) Class: 18783K(20480K)->18783K(20480K)
[2025-08-19T15:59:44.715+0000][1692535][info ][gc          ] GC(52) Pause Young (Normal) (G1 Evacuation Pause) 116M->96M(512M) 552.065ms
[2025-08-19T15:59:44.715+0000][1692535][info ][gc,cpu      ] GC(52) User=0.00s Sys=0.10s Real=0.55s
[2025-08-19T15:59:44.715+0000][1692535][info ][safepoint   ] Safepoint "G1CollectForAllocation", Time since last: 46365653534 ns, Reaching safepoint: 872938 ns, Cleanup: 104929 ns, At safepoint: 552391333 ns, Total: 553369200 ns
[2025-08-19T16:00:32.229+0000][1692535][info ][gc,start    ] GC(53) Pause Young (Normal) (G1 Evacuation Pause)
[2025-08-19T16:00:32.284+0000][1692535][info ][gc,task     ] GC(53) Using 1 workers of 1 for evacuation
[2025-08-19T16:00:32.286+0000][1692535][debug][gc,age      ] GC(53) Desired survivor size 2097152 bytes, new threshold 15 (max threshold 15)
[2025-08-19T16:00:33.600+0000][1692535][info ][gc,mmu      ] GC(53) MMU target violated: 201.0ms (200.0ms/201.0ms)
[2025-08-19T16:00:33.603+0000][1692535][info ][gc,phases   ] GC(53)   Pre Evacuate Collection Set: 45.6ms
[2025-08-19T16:00:33.603+0000][1692535][info ][gc,phases   ] GC(53)   Merge Heap Roots: 1.3ms
[2025-08-19T16:00:33.603+0000][1692535][info ][gc,phases   ] GC(53)   Evacuate Collection Set: 1002.0ms
[2025-08-19T16:00:33.603+0000][1692535][info ][gc,phases   ] GC(53)   Post Evacuate Collection Set: 262.3ms
[2025-08-19T16:00:33.603+0000][1692535][info ][gc,phases   ] GC(53)   Other: 23.8ms
[2025-08-19T16:00:33.603+0000][1692535][trace][gc,age      ] GC(53) Age table with threshold 15 (max threshold 15)
[2025-08-19T16:00:33.603+0000][1692535][trace][gc,age      ] GC(53) - age   1:       8944 bytes,       8944 total
[2025-08-19T16:00:33.603+0000][1692535][trace][gc,age      ] GC(53) - age   2:        688 bytes,       9632 total
[2025-08-19T16:00:33.603+0000][1692535][trace][gc,age      ] GC(53) - age   3:      18328 bytes,      27960 total
[2025-08-19T16:00:33.603+0000][1692535][trace][gc,age      ] GC(53) - age   4:       1552 bytes,      29512 total
[2025-08-19T16:00:33.603+0000][1692535][trace][gc,age      ] GC(53) - age   5:       3984 bytes,      33496 total
[2025-08-19T16:00:33.603+0000][1692535][trace][gc,age      ] GC(53) - age   6:        280 bytes,      33776 total
[2025-08-19T16:00:33.603+0000][1692535][trace][gc,age      ] GC(53) - age   7:         96 bytes,      33872 total
[2025-08-19T16:00:33.603+0000][1692535][trace][gc,age      ] GC(53) - age   8:       1720 bytes,      35592 total
[2025-08-19T16:00:33.603+0000][1692535][trace][gc,age      ] GC(53) - age   9:       2024 bytes,      37616 total
[2025-08-19T16:00:33.603+0000][1692535][trace][gc,age      ] GC(53) - age  10:       8776 bytes,      46392 total
[2025-08-19T16:00:33.603+0000][1692535][trace][gc,age      ] GC(53) - age  11:      26584 bytes,      72976 total
[2025-08-19T16:00:33.603+0000][1692535][info ][gc,heap     ] GC(53) Eden regions: 5->0(5)
[2025-08-19T16:00:33.603+0000][1692535][info ][gc,heap     ] GC(53) Survivor regions: 1->1(1)
[2025-08-19T16:00:33.603+0000][1692535][info ][gc,heap     ] GC(53) Old regions: 25->25
[2025-08-19T16:00:33.603+0000][1692535][info ][gc,heap     ] GC(53) Humongous regions: 0->0
[2025-08-19T16:00:33.604+0000][1692535][info ][gc,metaspace] GC(53) Metaspace: 140073K(143680K)->140073K(143680K) NonClass: 121289K(123200K)->121289K(123200K) Class: 18783K(20480K)->18783K(20480K)
[2025-08-19T16:00:33.605+0000][1692535][info ][gc          ] GC(53) Pause Young (Normal) (G1 Evacuation Pause) 116M->96M(512M) 1435.556ms
[2025-08-19T16:00:33.605+0000][1692535][info ][gc,cpu      ] GC(53) User=0.00s Sys=0.26s Real=1.45s
[2025-08-19T16:00:33.605+0000][1692535][info ][safepoint   ] Safepoint "G1CollectForAllocation", Time since last: 47366495286 ns, Reaching safepoint: 1602840 ns, Cleanup: 60354985 ns, At safepoint: 1462118038 ns, Total: 1524075863 ns
[2025-08-19T16:00:37.606+0000][1692535][info ][safepoint   ] Safepoint "Cleanup", Time since last: 4000289797 ns, Reaching safepoint: 5708 ns, Cleanup: 9625 ns, At safepoint: 2433 ns, Total: 17766 ns
[2025-08-19T16:01:04.031+0000][1692535][info ][safepoint   ] Safepoint "Cleanup", Time since last: 26425772987 ns, Reaching safepoint: 14382 ns, Cleanup: 5669 ns, At safepoint: 2503 ns, Total: 22554 ns
[2025-08-19T16:01:08.034+0000][1692535][info ][safepoint   ] Safepoint "Cleanup", Time since last: 4002203327 ns, Reaching safepoint: 6360 ns, Cleanup: 10335 ns, At safepoint: 2815 ns, Total: 19510 ns
[2025-08-19T16:01:19.870+0000][1692535][info ][gc,start    ] GC(54) Pause Young (Normal) (G1 Evacuation Pause)
[2025-08-19T16:01:19.890+0000][1692535][info ][gc,task     ] GC(54) Using 1 workers of 1 for evacuation
[2025-08-19T16:01:19.904+0000][1692535][debug][gc,age      ] GC(54) Desired survivor size 2097152 bytes, new threshold 15 (max threshold 15)
[2025-08-19T16:01:21.473+0000][1692535][info ][gc,mmu      ] GC(54) MMU target violated: 201.0ms (200.0ms/201.0ms)
[2025-08-19T16:01:21.474+0000][1692535][info ][gc,phases   ] GC(54)   Pre Evacuate Collection Set: 23.2ms
[2025-08-19T16:01:21.474+0000][1692535][info ][gc,phases   ] GC(54)   Merge Heap Roots: 1.2ms
[2025-08-19T16:01:21.474+0000][1692535][info ][gc,phases   ] GC(54)   Evacuate Collection Set: 1141.8ms
[2025-08-19T16:01:21.474+0000][1692535][info ][gc,phases   ] GC(54)   Post Evacuate Collection Set: 398.8ms
[2025-08-19T16:01:21.475+0000][1692535][info ][gc,phases   ] GC(54)   Other: 29.3ms
[2025-08-19T16:01:21.475+0000][1692535][trace][gc,age      ] GC(54) Age table with threshold 15 (max threshold 15)
[2025-08-19T16:01:21.475+0000][1692535][trace][gc,age      ] GC(54) - age   1:      10528 bytes,      10528 total
[2025-08-19T16:01:21.475+0000][1692535][trace][gc,age      ] GC(54) - age   2:        736 bytes,      11264 total
[2025-08-19T16:01:21.475+0000][1692535][trace][gc,age      ] GC(54) - age   3:        240 bytes,      11504 total
[2025-08-19T16:01:21.475+0000][1692535][trace][gc,age      ] GC(54) - age   4:      18328 bytes,      29832 total
[2025-08-19T16:01:21.475+0000][1692535][trace][gc,age      ] GC(54) - age   5:       1488 bytes,      31320 total
[2025-08-19T16:01:21.476+0000][1692535][trace][gc,age      ] GC(54) - age   6:       3984 bytes,      35304 total
[2025-08-19T16:01:21.476+0000][1692535][trace][gc,age      ] GC(54) - age   7:        280 bytes,      35584 total
[2025-08-19T16:01:21.476+0000][1692535][trace][gc,age      ] GC(54) - age   8:         96 bytes,      35680 total
[2025-08-19T16:01:21.476+0000][1692535][trace][gc,age      ] GC(54) - age   9:       1720 bytes,      37400 total
[2025-08-19T16:01:21.476+0000][1692535][trace][gc,age      ] GC(54) - age  10:       2024 bytes,      39424 total
[2025-08-19T16:01:21.476+0000][1692535][trace][gc,age      ] GC(54) - age  11:       8776 bytes,      48200 total
[2025-08-19T16:01:21.476+0000][1692535][trace][gc,age      ] GC(54) - age  12:      26584 bytes,      74784 total
[2025-08-19T16:01:21.476+0000][1692535][info ][gc,heap     ] GC(54) Eden regions: 5->0(5)
[2025-08-19T16:01:21.476+0000][1692535][info ][gc,heap     ] GC(54) Survivor regions: 1->1(1)
[2025-08-19T16:01:21.476+0000][1692535][info ][gc,heap     ] GC(54) Old regions: 25->25
[2025-08-19T16:01:21.476+0000][1692535][info ][gc,heap     ] GC(54) Humongous regions: 0->0
[2025-08-19T16:01:21.476+0000][1692535][info ][gc,metaspace] GC(54) Metaspace: 140075K(143680K)->140075K(143680K) NonClass: 121291K(123200K)->121291K(123200K) Class: 18783K(20480K)->18783K(20480K)
[2025-08-19T16:01:21.477+0000][1692535][info ][gc          ] GC(54) Pause Young (Normal) (G1 Evacuation Pause) 116M->96M(512M) 1607.302ms
[2025-08-19T16:01:21.477+0000][1692535][info ][gc,cpu      ] GC(54) User=0.00s Sys=0.32s Real=1.62s
[2025-08-19T16:01:21.477+0000][1692535][info ][safepoint   ] Safepoint "G1CollectForAllocation", Time since last: 11817907921 ns, Reaching safepoint: 14001 ns, Cleanup: 4978 ns, At safepoint: 1625057280 ns, Total: 1625076259 ns
[2025-08-19T16:01:22.477+0000][1692535][info ][safepoint   ] Safepoint "Cleanup", Time since last: 1000075353 ns, Reaching safepoint: 6009 ns, Cleanup: 9525 ns, At safepoint: 2624 ns, Total: 18158 ns
[2025-08-19T16:01:44.496+0000][1692535][info ][safepoint   ] Safepoint "Cleanup", Time since last: 22013967649 ns, Reaching safepoint: 587698 ns, Cleanup: 3854721 ns, At safepoint: 3796 ns, Total: 4446215 ns
[2025-08-19T16:02:07.604+0000][1692535][info ][gc,start    ] GC(55) Pause Young (Normal) (G1 Evacuation Pause)
[2025-08-19T16:02:07.608+0000][1692535][info ][gc,task     ] GC(55) Using 1 workers of 1 for evacuation
[2025-08-19T16:02:07.609+0000][1692535][debug][gc,age      ] GC(55) Desired survivor size 2097152 bytes, new threshold 15 (max threshold 15)
[2025-08-19T16:02:08.688+0000][1692535][info ][gc,mmu      ] GC(55) MMU target violated: 201.0ms (200.0ms/201.0ms)
[2025-08-19T16:02:08.689+0000][1692535][info ][gc,phases   ] GC(55)   Pre Evacuate Collection Set: 7.7ms
[2025-08-19T16:02:08.689+0000][1692535][info ][gc,phases   ] GC(55)   Merge Heap Roots: 2.6ms
[2025-08-19T16:02:08.690+0000][1692535][info ][gc,phases   ] GC(55)   Evacuate Collection Set: 636.8ms
[2025-08-19T16:02:08.690+0000][1692535][info ][gc,phases   ] GC(55)   Post Evacuate Collection Set: 412.9ms
[2025-08-19T16:02:08.690+0000][1692535][info ][gc,phases   ] GC(55)   Other: 23.3ms
[2025-08-19T16:02:08.690+0000][1692535][trace][gc,age      ] GC(55) Age table with threshold 15 (max threshold 15)
[2025-08-19T16:02:08.690+0000][1692535][trace][gc,age      ] GC(55) - age   1:      17200 bytes,      17200 total
[2025-08-19T16:02:08.690+0000][1692535][trace][gc,age      ] GC(55) - age   2:       2552 bytes,      19752 total
[2025-08-19T16:02:08.691+0000][1692535][trace][gc,age      ] GC(55) - age   3:        512 bytes,      20264 total
[2025-08-19T16:02:08.691+0000][1692535][trace][gc,age      ] GC(55) - age   4:        208 bytes,      20472 total
[2025-08-19T16:02:08.691+0000][1692535][trace][gc,age      ] GC(55) - age   5:      18328 bytes,      38800 total
[2025-08-19T16:02:08.697+0000][1692535][trace][gc,age      ] GC(55) - age   6:        920 bytes,      39720 total
[2025-08-19T16:02:08.698+0000][1692535][trace][gc,age      ] GC(55) - age   7:       3984 bytes,      43704 total
[2025-08-19T16:02:08.698+0000][1692535][trace][gc,age      ] GC(55) - age   8:        280 bytes,      43984 total
[2025-08-19T16:02:08.698+0000][1692535][trace][gc,age      ] GC(55) - age   9:         96 bytes,      44080 total
[2025-08-19T16:02:08.698+0000][1692535][trace][gc,age      ] GC(55) - age  10:       1720 bytes,      45800 total
[2025-08-19T16:02:08.698+0000][1692535][trace][gc,age      ] GC(55) - age  11:       2024 bytes,      47824 total
[2025-08-19T16:02:08.698+0000][1692535][trace][gc,age      ] GC(55) - age  12:       8776 bytes,      56600 total
[2025-08-19T16:02:08.699+0000][1692535][trace][gc,age      ] GC(55) - age  13:      26584 bytes,      83184 total
[2025-08-19T16:02:08.699+0000][1692535][info ][gc,heap     ] GC(55) Eden regions: 5->0(5)
[2025-08-19T16:02:08.699+0000][1692535][info ][gc,heap     ] GC(55) Survivor regions: 1->1(1)
[2025-08-19T16:02:08.699+0000][1692535][info ][gc,heap     ] GC(55) Old regions: 25->25
[2025-08-19T16:02:08.699+0000][1692535][info ][gc,heap     ] GC(55) Humongous regions: 0->0
[2025-08-19T16:02:08.701+0000][1692535][info ][gc,metaspace] GC(55) Metaspace: 140080K(143680K)->140080K(143680K) NonClass: 121296K(123200K)->121296K(123200K) Class: 18783K(20480K)->18783K(20480K)
[2025-08-19T16:02:08.702+0000][1692535][info ][gc          ] GC(55) Pause Young (Normal) (G1 Evacuation Pause) 116M->96M(512M) 1098.730ms
[2025-08-19T16:02:08.702+0000][1692535][info ][gc,cpu      ] GC(55) User=0.00s Sys=0.18s Real=1.10s
[2025-08-19T16:02:08.745+0000][1692535][info ][safepoint   ] Safepoint "G1CollectForAllocation", Time since last: 23099854782 ns, Reaching safepoint: 15383 ns, Cleanup: 4056 ns, At safepoint: 1150369751 ns, Total: 1150389190 ns
[2025-08-19T16:02:56.039+0000][1692535][info ][gc,start    ] GC(56) Pause Young (Normal) (G1 Evacuation Pause)
[2025-08-19T16:02:56.041+0000][1692535][info ][gc,task     ] GC(56) Using 1 workers of 1 for evacuation
[2025-08-19T16:02:56.041+0000][1692535][debug][gc,age      ] GC(56) Desired survivor size 2097152 bytes, new threshold 15 (max threshold 15)
[2025-08-19T16:02:57.652+0000][1692535][info ][gc,mmu      ] GC(56) MMU target violated: 201.0ms (200.0ms/201.0ms)
[2025-08-19T16:02:57.665+0000][1692535][info ][gc,phases   ] GC(56)   Pre Evacuate Collection Set: 46.7ms
[2025-08-19T16:02:57.665+0000][1692535][info ][gc,phases   ] GC(56)   Merge Heap Roots: 5.7ms
[2025-08-19T16:02:57.665+0000][1692535][info ][gc,phases   ] GC(56)   Evacuate Collection Set: 1184.9ms
[2025-08-19T16:02:57.665+0000][1692535][info ][gc,phases   ] GC(56)   Post Evacuate Collection Set: 351.4ms
[2025-08-19T16:02:57.665+0000][1692535][info ][gc,phases   ] GC(56)   Other: 23.5ms
[2025-08-19T16:02:57.665+0000][1692535][trace][gc,age      ] GC(56) Age table with threshold 15 (max threshold 15)
[2025-08-19T16:02:57.665+0000][1692535][trace][gc,age      ] GC(56) - age   1:       7456 bytes,       7456 total
[2025-08-19T16:02:57.665+0000][1692535][trace][gc,age      ] GC(56) - age   2:       9536 bytes,      16992 total
[2025-08-19T16:02:57.665+0000][1692535][trace][gc,age      ] GC(56) - age   3:       2328 bytes,      19320 total
[2025-08-19T16:02:57.665+0000][1692535][trace][gc,age      ] GC(56) - age   4:        336 bytes,      19656 total
[2025-08-19T16:02:57.665+0000][1692535][trace][gc,age      ] GC(56) - age   5:        208 bytes,      19864 total
[2025-08-19T16:02:57.665+0000][1692535][trace][gc,age      ] GC(56) - age   6:      18328 bytes,      38192 total
[2025-08-19T16:02:57.665+0000][1692535][trace][gc,age      ] GC(56) - age   7:         32 bytes,      38224 total
[2025-08-19T16:02:57.665+0000][1692535][trace][gc,age      ] GC(56) - age   8:       3984 bytes,      42208 total
[2025-08-19T16:02:57.665+0000][1692535][trace][gc,age      ] GC(56) - age   9:        280 bytes,      42488 total
[2025-08-19T16:02:57.665+0000][1692535][trace][gc,age      ] GC(56) - age  10:         96 bytes,      42584 total
[2025-08-19T16:02:57.665+0000][1692535][trace][gc,age      ] GC(56) - age  11:       1720 bytes,      44304 total
[2025-08-19T16:02:57.665+0000][1692535][trace][gc,age      ] GC(56) - age  12:       2024 bytes,      46328 total
[2025-08-19T16:02:57.665+0000][1692535][trace][gc,age      ] GC(56) - age  13:       8776 bytes,      55104 total
[2025-08-19T16:02:57.665+0000][1692535][trace][gc,age      ] GC(56) - age  14:      26584 bytes,      81688 total
[2025-08-19T16:02:57.665+0000][1692535][info ][gc,heap     ] GC(56) Eden regions: 5->0(5)
[2025-08-19T16:02:57.665+0000][1692535][info ][gc,heap     ] GC(56) Survivor regions: 1->1(1)
[2025-08-19T16:02:57.665+0000][1692535][info ][gc,heap     ] GC(56) Old regions: 25->25
[2025-08-19T16:02:57.665+0000][1692535][info ][gc,heap     ] GC(56) Humongous regions: 0->0
[2025-08-19T16:02:57.668+0000][1692535][info ][gc,metaspace] GC(56) Metaspace: 140080K(143680K)->140080K(143680K) NonClass: 121296K(123200K)->121296K(123200K) Class: 18783K(20480K)->18783K(20480K)
[2025-08-19T16:02:57.678+0000][1692535][info ][gc          ] GC(56) Pause Young (Normal) (G1 Evacuation Pause) 116M->96M(512M) 1636.766ms
[2025-08-19T16:02:57.678+0000][1692535][info ][gc,cpu      ] GC(56) User=0.00s Sys=0.38s Real=1.67s
[2025-08-19T16:02:57.678+0000][1692535][info ][safepoint   ] Safepoint "G1CollectForAllocation", Time since last: 47213510966 ns, Reaching safepoint: 10797446 ns, Cleanup: 34367160 ns, At safepoint: 1673581168 ns, Total: 1718745774 ns
[2025-08-19T16:03:44.391+0000][1692535][info ][gc,start    ] GC(57) Pause Young (Normal) (G1 Evacuation Pause)
[2025-08-19T16:03:44.438+0000][1692535][info ][gc,task     ] GC(57) Using 1 workers of 1 for evacuation
[2025-08-19T16:03:44.439+0000][1692535][debug][gc,age      ] GC(57) Desired survivor size 2097152 bytes, new threshold 15 (max threshold 15)
[2025-08-19T16:03:45.843+0000][1692535][info ][gc,mmu      ] GC(57) MMU target violated: 201.0ms (200.0ms/201.0ms)
[2025-08-19T16:03:45.939+0000][1692535][info ][gc,phases   ] GC(57)   Pre Evacuate Collection Set: 9.1ms
[2025-08-19T16:03:45.940+0000][1692535][info ][gc,phases   ] GC(57)   Merge Heap Roots: 53.0ms
[2025-08-19T16:03:45.940+0000][1692535][info ][gc,phases   ] GC(57)   Evacuate Collection Set: 989.6ms
[2025-08-19T16:03:45.940+0000][1692535][info ][gc,phases   ] GC(57)   Post Evacuate Collection Set: 282.5ms
[2025-08-19T16:03:45.940+0000][1692535][info ][gc,phases   ] GC(57)   Other: 114.5ms
[2025-08-19T16:03:45.940+0000][1692535][trace][gc,age      ] GC(57) Age table with threshold 15 (max threshold 15)
[2025-08-19T16:03:45.940+0000][1692535][trace][gc,age      ] GC(57) - age   1:       8864 bytes,       8864 total
[2025-08-19T16:03:45.941+0000][1692535][trace][gc,age      ] GC(57) - age   2:       1128 bytes,       9992 total
[2025-08-19T16:03:45.941+0000][1692535][trace][gc,age      ] GC(57) - age   3:       8528 bytes,      18520 total
[2025-08-19T16:03:45.941+0000][1692535][trace][gc,age      ] GC(57) - age   4:       2328 bytes,      20848 total
[2025-08-19T16:03:45.941+0000][1692535][trace][gc,age      ] GC(57) - age   5:        304 bytes,      21152 total
[2025-08-19T16:03:45.941+0000][1692535][trace][gc,age      ] GC(57) - age   6:        208 bytes,      21360 total
[2025-08-19T16:03:45.941+0000][1692535][trace][gc,age      ] GC(57) - age   7:      18328 bytes,      39688 total
[2025-08-19T16:03:45.941+0000][1692535][trace][gc,age      ] GC(57) - age   8:         32 bytes,      39720 total
[2025-08-19T16:03:45.942+0000][1692535][trace][gc,age      ] GC(57) - age   9:       3984 bytes,      43704 total
[2025-08-19T16:03:45.942+0000][1692535][trace][gc,age      ] GC(57) - age  10:        280 bytes,      43984 total
[2025-08-19T16:03:45.942+0000][1692535][trace][gc,age      ] GC(57) - age  11:         96 bytes,      44080 total
[2025-08-19T16:03:45.942+0000][1692535][trace][gc,age      ] GC(57) - age  12:       1720 bytes,      45800 total
[2025-08-19T16:03:45.942+0000][1692535][trace][gc,age      ] GC(57) - age  13:       2024 bytes,      47824 total
[2025-08-19T16:03:45.942+0000][1692535][trace][gc,age      ] GC(57) - age  14:       8776 bytes,      56600 total
[2025-08-19T16:03:45.942+0000][1692535][trace][gc,age      ] GC(57) - age  15:      26584 bytes,      83184 total
[2025-08-19T16:03:45.943+0000][1692535][info ][gc,heap     ] GC(57) Eden regions: 5->0(5)
[2025-08-19T16:03:45.943+0000][1692535][info ][gc,heap     ] GC(57) Survivor regions: 1->1(1)
[2025-08-19T16:03:45.943+0000][1692535][info ][gc,heap     ] GC(57) Old regions: 25->25
[2025-08-19T16:03:45.943+0000][1692535][info ][gc,heap     ] GC(57) Humongous regions: 0->0
[2025-08-19T16:03:45.946+0000][1692535][info ][gc,metaspace] GC(57) Metaspace: 140082K(143680K)->140082K(143680K) NonClass: 121298K(123200K)->121298K(123200K) Class: 18783K(20480K)->18783K(20480K)
[2025-08-19T16:03:45.952+0000][1692535][info ][gc          ] GC(57) Pause Young (Normal) (G1 Evacuation Pause) 116M->96M(512M) 1560.307ms
[2025-08-19T16:03:45.952+0000][1692535][info ][gc,cpu      ] GC(57) User=0.01s Sys=0.30s Real=1.56s
[2025-08-19T16:03:45.966+0000][1692535][info ][safepoint   ] Safepoint "G1CollectForAllocation", Time since last: 46635234291 ns, Reaching safepoint: 2804395 ns, Cleanup: 4170378 ns, At safepoint: 1646336435 ns, Total: 1653311208 ns
[2025-08-19T16:04:32.610+0000][1692535][info ][gc,start    ] GC(58) Pause Young (Normal) (G1 Evacuation Pause)
[2025-08-19T16:04:32.654+0000][1692535][info ][gc,task     ] GC(58) Using 1 workers of 1 for evacuation
[2025-08-19T16:04:32.654+0000][1692535][debug][gc,age      ] GC(58) Desired survivor size 2097152 bytes, new threshold 15 (max threshold 15)
[2025-08-19T16:04:33.674+0000][1692535][info ][gc,mmu      ] GC(58) MMU target violated: 201.0ms (200.0ms/201.0ms)
[2025-08-19T16:04:33.675+0000][1692535][info ][gc,phases   ] GC(58)   Pre Evacuate Collection Set: 77.5ms
[2025-08-19T16:04:33.675+0000][1692535][info ][gc,phases   ] GC(58)   Merge Heap Roots: 62.5ms
[2025-08-19T16:04:33.675+0000][1692535][info ][gc,phases   ] GC(58)   Evacuate Collection Set: 680.0ms
[2025-08-19T16:04:33.675+0000][1692535][info ][gc,phases   ] GC(58)   Post Evacuate Collection Set: 195.3ms
[2025-08-19T16:04:33.675+0000][1692535][info ][gc,phases   ] GC(58)   Other: 44.6ms
[2025-08-19T16:04:33.676+0000][1692535][trace][gc,age      ] GC(58) Age table with threshold 15 (max threshold 15)
[2025-08-19T16:04:33.676+0000][1692535][trace][gc,age      ] GC(58) - age   1:       7752 bytes,       7752 total
[2025-08-19T16:04:33.676+0000][1692535][trace][gc,age      ] GC(58) - age   2:        480 bytes,       8232 total
[2025-08-19T16:04:33.676+0000][1692535][trace][gc,age      ] GC(58) - age   3:        552 bytes,       8784 total
[2025-08-19T16:04:33.676+0000][1692535][trace][gc,age      ] GC(58) - age   4:       8528 bytes,      17312 total
[2025-08-19T16:04:33.676+0000][1692535][trace][gc,age      ] GC(58) - age   5:       2264 bytes,      19576 total
[2025-08-19T16:04:33.676+0000][1692535][trace][gc,age      ] GC(58) - age   6:        304 bytes,      19880 total
[2025-08-19T16:04:33.676+0000][1692535][trace][gc,age      ] GC(58) - age   7:        208 bytes,      20088 total
[2025-08-19T16:04:33.676+0000][1692535][trace][gc,age      ] GC(58) - age   8:      18328 bytes,      38416 total
[2025-08-19T16:04:33.676+0000][1692535][trace][gc,age      ] GC(58) - age   9:         32 bytes,      38448 total
[2025-08-19T16:04:33.676+0000][1692535][trace][gc,age      ] GC(58) - age  10:       3984 bytes,      42432 total
[2025-08-19T16:04:33.676+0000][1692535][trace][gc,age      ] GC(58) - age  11:        280 bytes,      42712 total
[2025-08-19T16:04:33.676+0000][1692535][trace][gc,age      ] GC(58) - age  12:         96 bytes,      42808 total
[2025-08-19T16:04:33.676+0000][1692535][trace][gc,age      ] GC(58) - age  13:       1720 bytes,      44528 total
[2025-08-19T16:04:33.676+0000][1692535][trace][gc,age      ] GC(58) - age  14:       2024 bytes,      46552 total
[2025-08-19T16:04:33.676+0000][1692535][trace][gc,age      ] GC(58) - age  15:       8776 bytes,      55328 total
[2025-08-19T16:04:33.676+0000][1692535][info ][gc,heap     ] GC(58) Eden regions: 5->0(5)
[2025-08-19T16:04:33.676+0000][1692535][info ][gc,heap     ] GC(58) Survivor regions: 1->1(1)
[2025-08-19T16:04:33.676+0000][1692535][info ][gc,heap     ] GC(58) Old regions: 25->25
[2025-08-19T16:04:33.676+0000][1692535][info ][gc,heap     ] GC(58) Humongous regions: 0->0
[2025-08-19T16:04:33.677+0000][1692535][info ][gc,metaspace] GC(58) Metaspace: 140093K(143680K)->140093K(143680K) NonClass: 121309K(123200K)->121309K(123200K) Class: 18783K(20480K)->18783K(20480K)
[2025-08-19T16:04:33.726+0000][1692535][info ][gc          ] GC(58) Pause Young (Normal) (G1 Evacuation Pause) 116M->96M(512M) 1075.470ms
[2025-08-19T16:04:33.726+0000][1692535][info ][gc,cpu      ] GC(58) User=0.00s Sys=0.16s Real=1.12s
[2025-08-19T16:04:33.726+0000][1692535][info ][safepoint   ] Safepoint "G1CollectForAllocation", Time since last: 46510120851 ns, Reaching safepoint: 19910088 ns, Cleanup: 64975002 ns, At safepoint: 1164419377 ns, Total: 1249304467 ns
[2025-08-19T16:04:34.726+0000][1692535][info ][safepoint   ] Safepoint "Cleanup", Time since last: 1000080782 ns, Reaching safepoint: 7011 ns, Cleanup: 12519 ns, At safepoint: 2604 ns, Total: 22134 ns
[2025-08-19T16:05:19.290+0000][1692535][info ][safepoint   ] Safepoint "Cleanup", Time since last: 44550696907 ns, Reaching safepoint: 42704 ns, Cleanup: 12048676 ns, At safepoint: 1094573 ns, Total: 13185953 ns
[2025-08-19T16:05:19.957+0000][1692535][info ][gc,start    ] GC(59) Pause Young (Normal) (G1 Evacuation Pause)
[2025-08-19T16:05:19.960+0000][1692535][info ][gc,task     ] GC(59) Using 1 workers of 1 for evacuation
[2025-08-19T16:05:19.960+0000][1692535][debug][gc,age      ] GC(59) Desired survivor size 2097152 bytes, new threshold 15 (max threshold 15)
[2025-08-19T16:05:21.103+0000][1692535][info ][gc,mmu      ] GC(59) MMU target violated: 201.0ms (200.0ms/201.0ms)
[2025-08-19T16:05:21.104+0000][1692535][info ][gc,phases   ] GC(59)   Pre Evacuate Collection Set: 15.4ms
[2025-08-19T16:05:21.104+0000][1692535][info ][gc,phases   ] GC(59)   Merge Heap Roots: 1.2ms
[2025-08-19T16:05:21.104+0000][1692535][info ][gc,phases   ] GC(59)   Evacuate Collection Set: 658.3ms
[2025-08-19T16:05:21.104+0000][1692535][info ][gc,phases   ] GC(59)   Post Evacuate Collection Set: 408.6ms
[2025-08-19T16:05:21.104+0000][1692535][info ][gc,phases   ] GC(59)   Other: 62.3ms
[2025-08-19T16:05:21.104+0000][1692535][trace][gc,age      ] GC(59) Age table with threshold 15 (max threshold 15)
[2025-08-19T16:05:21.104+0000][1692535][trace][gc,age      ] GC(59) - age   1:       7432 bytes,       7432 total
[2025-08-19T16:05:21.104+0000][1692535][trace][gc,age      ] GC(59) - age   2:        464 bytes,       7896 total
[2025-08-19T16:05:21.104+0000][1692535][trace][gc,age      ] GC(59) - age   3:         32 bytes,       7928 total
[2025-08-19T16:05:21.104+0000][1692535][trace][gc,age      ] GC(59) - age   4:        552 bytes,       8480 total
[2025-08-19T16:05:21.104+0000][1692535][trace][gc,age      ] GC(59) - age   5:       8496 bytes,      16976 total
[2025-08-19T16:05:21.104+0000][1692535][trace][gc,age      ] GC(59) - age   6:       2264 bytes,      19240 total
[2025-08-19T16:05:21.104+0000][1692535][trace][gc,age      ] GC(59) - age   7:        304 bytes,      19544 total
[2025-08-19T16:05:21.104+0000][1692535][trace][gc,age      ] GC(59) - age   8:        208 bytes,      19752 total
[2025-08-19T16:05:21.104+0000][1692535][trace][gc,age      ] GC(59) - age   9:      18328 bytes,      38080 total
[2025-08-19T16:05:21.104+0000][1692535][trace][gc,age      ] GC(59) - age  10:         32 bytes,      38112 total
[2025-08-19T16:05:21.104+0000][1692535][trace][gc,age      ] GC(59) - age  11:       3984 bytes,      42096 total
[2025-08-19T16:05:21.104+0000][1692535][trace][gc,age      ] GC(59) - age  12:        280 bytes,      42376 total
[2025-08-19T16:05:21.104+0000][1692535][trace][gc,age      ] GC(59) - age  13:         96 bytes,      42472 total
[2025-08-19T16:05:21.104+0000][1692535][trace][gc,age      ] GC(59) - age  14:       1720 bytes,      44192 total
[2025-08-19T16:05:21.104+0000][1692535][trace][gc,age      ] GC(59) - age  15:       2024 bytes,      46216 total
[2025-08-19T16:05:21.104+0000][1692535][info ][gc,heap     ] GC(59) Eden regions: 5->0(5)
[2025-08-19T16:05:21.104+0000][1692535][info ][gc,heap     ] GC(59) Survivor regions: 1->1(1)
[2025-08-19T16:05:21.104+0000][1692535][info ][gc,heap     ] GC(59) Old regions: 25->25
[2025-08-19T16:05:21.104+0000][1692535][info ][gc,heap     ] GC(59) Humongous regions: 0->0
[2025-08-19T16:05:21.104+0000][1692535][info ][gc,metaspace] GC(59) Metaspace: 140097K(143680K)->140097K(143680K) NonClass: 121313K(123200K)->121313K(123200K) Class: 18783K(20480K)->18783K(20480K)
[2025-08-19T16:05:21.104+0000][1692535][info ][gc          ] GC(59) Pause Young (Normal) (G1 Evacuation Pause) 116M->96M(512M) 1147.931ms
[2025-08-19T16:05:21.105+0000][1692535][info ][gc,cpu      ] GC(59) User=0.00s Sys=0.15s Real=1.14s
[2025-08-19T16:05:21.105+0000][1692535][info ][safepoint   ] Safepoint "G1CollectForAllocation", Time since last: 654054310 ns, Reaching safepoint: 5288 ns, Cleanup: 3305 ns, At safepoint: 1161135338 ns, Total: 1161143931 ns
[2025-08-19T16:05:22.107+0000][1692535][info ][safepoint   ] Safepoint "Cleanup", Time since last: 1001574648 ns, Reaching safepoint: 399573 ns, Cleanup: 8182 ns, At safepoint: 3376 ns, Total: 411131 ns
[2025-08-19T16:06:07.614+0000][1692535][info ][gc,start    ] GC(60) Pause Young (Normal) (G1 Evacuation Pause)
[2025-08-19T16:06:07.615+0000][1692535][info ][gc,task     ] GC(60) Using 1 workers of 1 for evacuation
[2025-08-19T16:06:07.615+0000][1692535][debug][gc,age      ] GC(60) Desired survivor size 2097152 bytes, new threshold 15 (max threshold 15)
[2025-08-19T16:06:08.078+0000][1692535][info ][gc,mmu      ] GC(60) MMU target violated: 201.0ms (200.0ms/201.0ms)
[2025-08-19T16:06:08.078+0000][1692535][info ][gc,phases   ] GC(60)   Pre Evacuate Collection Set: 1.1ms
[2025-08-19T16:06:08.078+0000][1692535][info ][gc,phases   ] GC(60)   Merge Heap Roots: 0.1ms
[2025-08-19T16:06:08.078+0000][1692535][info ][gc,phases   ] GC(60)   Evacuate Collection Set: 391.4ms
[2025-08-19T16:06:08.078+0000][1692535][info ][gc,phases   ] GC(60)   Post Evacuate Collection Set: 70.2ms
[2025-08-19T16:06:08.078+0000][1692535][info ][gc,phases   ] GC(60)   Other: 0.4ms
[2025-08-19T16:06:08.078+0000][1692535][trace][gc,age      ] GC(60) Age table with threshold 15 (max threshold 15)
[2025-08-19T16:06:08.078+0000][1692535][trace][gc,age      ] GC(60) - age   1:       8840 bytes,       8840 total
[2025-08-19T16:06:08.078+0000][1692535][trace][gc,age      ] GC(60) - age   2:        480 bytes,       9320 total
[2025-08-19T16:06:08.078+0000][1692535][trace][gc,age      ] GC(60) - age   3:        240 bytes,       9560 total
[2025-08-19T16:06:08.078+0000][1692535][trace][gc,age      ] GC(60) - age   5:        552 bytes,      10112 total
[2025-08-19T16:06:08.078+0000][1692535][trace][gc,age      ] GC(60) - age   6:       8496 bytes,      18608 total
[2025-08-19T16:06:08.078+0000][1692535][trace][gc,age      ] GC(60) - age   7:       2264 bytes,      20872 total
[2025-08-19T16:06:08.078+0000][1692535][trace][gc,age      ] GC(60) - age   8:        304 bytes,      21176 total
[2025-08-19T16:06:08.078+0000][1692535][trace][gc,age      ] GC(60) - age   9:        208 bytes,      21384 total
[2025-08-19T16:06:08.078+0000][1692535][trace][gc,age      ] GC(60) - age  10:      18328 bytes,      39712 total
[2025-08-19T16:06:08.078+0000][1692535][trace][gc,age      ] GC(60) - age  11:         32 bytes,      39744 total
[2025-08-19T16:06:08.078+0000][1692535][trace][gc,age      ] GC(60) - age  12:       3984 bytes,      43728 total
[2025-08-19T16:06:08.078+0000][1692535][trace][gc,age      ] GC(60) - age  13:        280 bytes,      44008 total
[2025-08-19T16:06:08.078+0000][1692535][trace][gc,age      ] GC(60) - age  14:         96 bytes,      44104 total
[2025-08-19T16:06:08.078+0000][1692535][trace][gc,age      ] GC(60) - age  15:       1720 bytes,      45824 total
[2025-08-19T16:06:08.078+0000][1692535][info ][gc,heap     ] GC(60) Eden regions: 5->0(5)
[2025-08-19T16:06:08.078+0000][1692535][info ][gc,heap     ] GC(60) Survivor regions: 1->1(1)
[2025-08-19T16:06:08.078+0000][1692535][info ][gc,heap     ] GC(60) Old regions: 25->25
[2025-08-19T16:06:08.078+0000][1692535][info ][gc,heap     ] GC(60) Humongous regions: 0->0
[2025-08-19T16:06:08.078+0000][1692535][info ][gc,metaspace] GC(60) Metaspace: 140099K(143680K)->140099K(143680K) NonClass: 121315K(123200K)->121315K(123200K) Class: 18783K(20480K)->18783K(20480K)
[2025-08-19T16:06:08.078+0000][1692535][info ][gc          ] GC(60) Pause Young (Normal) (G1 Evacuation Pause) 116M->96M(512M) 463.814ms
[2025-08-19T16:06:08.079+0000][1692535][info ][gc,cpu      ] GC(60) User=0.00s Sys=0.11s Real=0.47s
[2025-08-19T16:06:08.079+0000][1692535][info ][safepoint   ] Safepoint "G1CollectForAllocation", Time since last: 45507384739 ns, Reaching safepoint: 8423 ns, Cleanup: 3736 ns, At safepoint: 464468627 ns, Total: 464480786 ns
[2025-08-19T16:06:53.403+0000][1692535][info ][gc,start    ] GC(61) Pause Young (Normal) (G1 Evacuation Pause)
[2025-08-19T16:06:53.421+0000][1692535][info ][gc,task     ] GC(61) Using 1 workers of 1 for evacuation
[2025-08-19T16:06:53.422+0000][1692535][debug][gc,age      ] GC(61) Desired survivor size 2097152 bytes, new threshold 15 (max threshold 15)
[2025-08-19T16:06:53.869+0000][1692535][info ][gc,mmu      ] GC(61) MMU target violated: 201.0ms (200.0ms/201.0ms)
[2025-08-19T16:06:53.872+0000][1692535][info ][gc,phases   ] GC(61)   Pre Evacuate Collection Set: 16.4ms
[2025-08-19T16:06:53.872+0000][1692535][info ][gc,phases   ] GC(61)   Merge Heap Roots: 1.4ms
[2025-08-19T16:06:53.872+0000][1692535][info ][gc,phases   ] GC(61)   Evacuate Collection Set: 284.2ms
[2025-08-19T16:06:53.872+0000][1692535][info ][gc,phases   ] GC(61)   Post Evacuate Collection Set: 120.9ms
[2025-08-19T16:06:53.872+0000][1692535][info ][gc,phases   ] GC(61)   Other: 26.7ms
[2025-08-19T16:06:53.872+0000][1692535][trace][gc,age      ] GC(61) Age table with threshold 15 (max threshold 15)
[2025-08-19T16:06:53.872+0000][1692535][trace][gc,age      ] GC(61) - age   1:       8808 bytes,       8808 total
[2025-08-19T16:06:53.872+0000][1692535][trace][gc,age      ] GC(61) - age   2:        816 bytes,       9624 total
[2025-08-19T16:06:53.872+0000][1692535][trace][gc,age      ] GC(61) - age   3:         32 bytes,       9656 total
[2025-08-19T16:06:53.872+0000][1692535][trace][gc,age      ] GC(61) - age   4:         64 bytes,       9720 total
[2025-08-19T16:06:53.872+0000][1692535][trace][gc,age      ] GC(61) - age   6:        552 bytes,      10272 total
[2025-08-19T16:06:53.872+0000][1692535][trace][gc,age      ] GC(61) - age   7:       8312 bytes,      18584 total
[2025-08-19T16:06:53.872+0000][1692535][trace][gc,age      ] GC(61) - age   8:       2264 bytes,      20848 total
[2025-08-19T16:06:53.872+0000][1692535][trace][gc,age      ] GC(61) - age   9:        304 bytes,      21152 total
[2025-08-19T16:06:53.872+0000][1692535][trace][gc,age      ] GC(61) - age  10:        208 bytes,      21360 total
[2025-08-19T16:06:53.872+0000][1692535][trace][gc,age      ] GC(61) - age  11:      18328 bytes,      39688 total
[2025-08-19T16:06:53.872+0000][1692535][trace][gc,age      ] GC(61) - age  13:       3984 bytes,      43672 total
[2025-08-19T16:06:53.872+0000][1692535][trace][gc,age      ] GC(61) - age  14:        280 bytes,      43952 total
[2025-08-19T16:06:53.872+0000][1692535][trace][gc,age      ] GC(61) - age  15:         96 bytes,      44048 total
[2025-08-19T16:06:53.872+0000][1692535][info ][gc,heap     ] GC(61) Eden regions: 5->0(5)
[2025-08-19T16:06:53.872+0000][1692535][info ][gc,heap     ] GC(61) Survivor regions: 1->1(1)
[2025-08-19T16:06:53.872+0000][1692535][info ][gc,heap     ] GC(61) Old regions: 25->25
[2025-08-19T16:06:53.872+0000][1692535][info ][gc,heap     ] GC(61) Humongous regions: 0->0
[2025-08-19T16:06:53.873+0000][1692535][info ][gc,metaspace] GC(61) Metaspace: 140099K(143680K)->140099K(143680K) NonClass: 121315K(123200K)->121315K(123200K) Class: 18783K(20480K)->18783K(20480K)
[2025-08-19T16:06:53.989+0000][1692535][info ][gc          ] GC(61) Pause Young (Normal) (G1 Evacuation Pause) 116M->96M(512M) 618.812ms
[2025-08-19T16:06:53.989+0000][1692535][info ][gc,cpu      ] GC(61) User=0.00s Sys=0.12s Real=0.65s
[2025-08-19T16:06:54.003+0000][1692535][info ][safepoint   ] Safepoint "G1CollectForAllocation", Time since last: 45189934653 ns, Reaching safepoint: 11126723 ns, Cleanup: 31527411 ns, At safepoint: 692118012 ns, Total: 734772146 ns
[2025-08-19T16:07:41.176+0000][1692535][info ][gc,start    ] GC(62) Pause Young (Normal) (G1 Evacuation Pause)
[2025-08-19T16:07:41.180+0000][1692535][info ][gc,task     ] GC(62) Using 1 workers of 1 for evacuation
[2025-08-19T16:07:41.180+0000][1692535][debug][gc,age      ] GC(62) Desired survivor size 2097152 bytes, new threshold 15 (max threshold 15)
[2025-08-19T16:07:42.121+0000][1692535][info ][gc,mmu      ] GC(62) MMU target violated: 201.0ms (200.0ms/201.0ms)
[2025-08-19T16:07:42.121+0000][1692535][info ][gc,phases   ] GC(62)   Pre Evacuate Collection Set: 54.4ms
[2025-08-19T16:07:42.121+0000][1692535][info ][gc,phases   ] GC(62)   Merge Heap Roots: 0.5ms
[2025-08-19T16:07:42.121+0000][1692535][info ][gc,phases   ] GC(62)   Evacuate Collection Set: 618.2ms
[2025-08-19T16:07:42.121+0000][1692535][info ][gc,phases   ] GC(62)   Post Evacuate Collection Set: 263.5ms
[2025-08-19T16:07:42.121+0000][1692535][info ][gc,phases   ] GC(62)   Other: 8.6ms
[2025-08-19T16:07:42.121+0000][1692535][trace][gc,age      ] GC(62) Age table with threshold 15 (max threshold 15)
[2025-08-19T16:07:42.121+0000][1692535][trace][gc,age      ] GC(62) - age   1:       7224 bytes,       7224 total
[2025-08-19T16:07:42.121+0000][1692535][trace][gc,age      ] GC(62) - age   2:       1128 bytes,       8352 total
[2025-08-19T16:07:42.121+0000][1692535][trace][gc,age      ] GC(62) - age   3:         32 bytes,       8384 total
[2025-08-19T16:07:42.121+0000][1692535][trace][gc,age      ] GC(62) - age   4:         32 bytes,       8416 total
[2025-08-19T16:07:42.121+0000][1692535][trace][gc,age      ] GC(62) - age   5:         32 bytes,       8448 total
[2025-08-19T16:07:42.121+0000][1692535][trace][gc,age      ] GC(62) - age   7:        552 bytes,       9000 total
[2025-08-19T16:07:42.121+0000][1692535][trace][gc,age      ] GC(62) - age   8:       7976 bytes,      16976 total
[2025-08-19T16:07:42.121+0000][1692535][trace][gc,age      ] GC(62) - age   9:       2264 bytes,      19240 total
[2025-08-19T16:07:42.121+0000][1692535][trace][gc,age      ] GC(62) - age  10:        304 bytes,      19544 total
[2025-08-19T16:07:42.121+0000][1692535][trace][gc,age      ] GC(62) - age  11:        208 bytes,      19752 total
[2025-08-19T16:07:42.121+0000][1692535][trace][gc,age      ] GC(62) - age  12:      18328 bytes,      38080 total
[2025-08-19T16:07:42.121+0000][1692535][trace][gc,age      ] GC(62) - age  14:       3984 bytes,      42064 total
[2025-08-19T16:07:42.121+0000][1692535][trace][gc,age      ] GC(62) - age  15:        280 bytes,      42344 total
[2025-08-19T16:07:42.121+0000][1692535][info ][gc,heap     ] GC(62) Eden regions: 5->0(5)
[2025-08-19T16:07:42.121+0000][1692535][info ][gc,heap     ] GC(62) Survivor regions: 1->1(1)
[2025-08-19T16:07:42.121+0000][1692535][info ][gc,heap     ] GC(62) Old regions: 25->25
[2025-08-19T16:07:42.121+0000][1692535][info ][gc,heap     ] GC(62) Humongous regions: 0->0
[2025-08-19T16:07:42.121+0000][1692535][info ][gc,metaspace] GC(62) Metaspace: 140099K(143680K)->140099K(143680K) NonClass: 121315K(123200K)->121315K(123200K) Class: 18783K(20480K)->18783K(20480K)
[2025-08-19T16:07:42.121+0000][1692535][info ][gc          ] GC(62) Pause Young (Normal) (G1 Evacuation Pause) 116M->96M(512M) 945.702ms
[2025-08-19T16:07:42.121+0000][1692535][info ][gc,cpu      ] GC(62) User=0.00s Sys=0.19s Real=0.94s
[2025-08-19T16:07:42.121+0000][1692535][info ][safepoint   ] Safepoint "G1CollectForAllocation", Time since last: 47165150714 ns, Reaching safepoint: 846769 ns, Cleanup: 5956916 ns, At safepoint: 945935454 ns, Total: 952739139 ns
[2025-08-19T16:08:29.283+0000][1692535][info ][gc,start    ] GC(63) Pause Young (Normal) (G1 Evacuation Pause)
[2025-08-19T16:08:29.289+0000][1692535][info ][gc,task     ] GC(63) Using 1 workers of 1 for evacuation
[2025-08-19T16:08:29.289+0000][1692535][debug][gc,age      ] GC(63) Desired survivor size 2097152 bytes, new threshold 15 (max threshold 15)
[2025-08-19T16:08:29.504+0000][1692535][info ][gc,mmu      ] GC(63) MMU target violated: 201.0ms (200.0ms/201.0ms)
[2025-08-19T16:08:29.505+0000][1692535][info ][gc,phases   ] GC(63)   Pre Evacuate Collection Set: 2.5ms
[2025-08-19T16:08:29.505+0000][1692535][info ][gc,phases   ] GC(63)   Merge Heap Roots: 0.1ms
[2025-08-19T16:08:29.505+0000][1692535][info ][gc,phases   ] GC(63)   Evacuate Collection Set: 122.4ms
[2025-08-19T16:08:29.505+0000][1692535][info ][gc,phases   ] GC(63)   Post Evacuate Collection Set: 88.4ms
[2025-08-19T16:08:29.505+0000][1692535][info ][gc,phases   ] GC(63)   Other: 3.6ms
[2025-08-19T16:08:29.505+0000][1692535][trace][gc,age      ] GC(63) Age table with threshold 15 (max threshold 15)
[2025-08-19T16:08:29.505+0000][1692535][trace][gc,age      ] GC(63) - age   1:       7792 bytes,       7792 total
[2025-08-19T16:08:29.505+0000][1692535][trace][gc,age      ] GC(63) - age   2:        480 bytes,       8272 total
[2025-08-19T16:08:29.505+0000][1692535][trace][gc,age      ] GC(63) - age   3:        552 bytes,       8824 total
[2025-08-19T16:08:29.505+0000][1692535][trace][gc,age      ] GC(63) - age   4:         32 bytes,       8856 total
[2025-08-19T16:08:29.505+0000][1692535][trace][gc,age      ] GC(63) - age   8:        552 bytes,       9408 total
[2025-08-19T16:08:29.505+0000][1692535][trace][gc,age      ] GC(63) - age   9:       7976 bytes,      17384 total
[2025-08-19T16:08:29.505+0000][1692535][trace][gc,age      ] GC(63) - age  10:       2264 bytes,      19648 total
[2025-08-19T16:08:29.505+0000][1692535][trace][gc,age      ] GC(63) - age  11:        304 bytes,      19952 total
[2025-08-19T16:08:29.505+0000][1692535][trace][gc,age      ] GC(63) - age  12:        208 bytes,      20160 total
[2025-08-19T16:08:29.505+0000][1692535][trace][gc,age      ] GC(63) - age  13:      18328 bytes,      38488 total
[2025-08-19T16:08:29.505+0000][1692535][trace][gc,age      ] GC(63) - age  15:       3984 bytes,      42472 total
[2025-08-19T16:08:29.505+0000][1692535][info ][gc,heap     ] GC(63) Eden regions: 5->0(5)
[2025-08-19T16:08:29.505+0000][1692535][info ][gc,heap     ] GC(63) Survivor regions: 1->1(1)
[2025-08-19T16:08:29.505+0000][1692535][info ][gc,heap     ] GC(63) Old regions: 25->25
[2025-08-19T16:08:29.505+0000][1692535][info ][gc,heap     ] GC(63) Humongous regions: 0->0
[2025-08-19T16:08:29.506+0000][1692535][info ][gc,metaspace] GC(63) Metaspace: 140099K(143680K)->140099K(143680K) NonClass: 121315K(123200K)->121315K(123200K) Class: 18783K(20480K)->18783K(20480K)
[2025-08-19T16:08:29.506+0000][1692535][info ][gc          ] GC(63) Pause Young (Normal) (G1 Evacuation Pause) 116M->96M(512M) 224.270ms
[2025-08-19T16:08:29.507+0000][1692535][info ][gc,cpu      ] GC(63) User=0.00s Sys=0.05s Real=0.23s
[2025-08-19T16:08:29.507+0000][1692535][info ][safepoint   ] Safepoint "G1CollectForAllocation", Time since last: 47148574593 ns, Reaching safepoint: 5511272 ns, Cleanup: 3664124 ns, At safepoint: 227775986 ns, Total: 236951382 ns
[2025-08-19T16:09:14.747+0000][1692535][info ][gc,start    ] GC(64) Pause Young (Normal) (G1 Evacuation Pause)
[2025-08-19T16:09:14.749+0000][1692535][info ][gc,task     ] GC(64) Using 1 workers of 1 for evacuation
[2025-08-19T16:09:14.749+0000][1692535][debug][gc,age      ] GC(64) Desired survivor size 2097152 bytes, new threshold 15 (max threshold 15)
[2025-08-19T16:09:15.471+0000][1692535][info ][gc,mmu      ] GC(64) MMU target violated: 201.0ms (200.0ms/201.0ms)
[2025-08-19T16:09:15.471+0000][1692535][info ][gc,phases   ] GC(64)   Pre Evacuate Collection Set: 95.5ms
[2025-08-19T16:09:15.471+0000][1692535][info ][gc,phases   ] GC(64)   Merge Heap Roots: 0.5ms
[2025-08-19T16:09:15.471+0000][1692535][info ][gc,phases   ] GC(64)   Evacuate Collection Set: 507.7ms
[2025-08-19T16:09:15.471+0000][1692535][info ][gc,phases   ] GC(64)   Post Evacuate Collection Set: 118.0ms
[2025-08-19T16:09:15.471+0000][1692535][info ][gc,phases   ] GC(64)   Other: 1.1ms
[2025-08-19T16:09:15.471+0000][1692535][trace][gc,age      ] GC(64) Age table with threshold 15 (max threshold 15)
[2025-08-19T16:09:15.472+0000][1692535][trace][gc,age      ] GC(64) - age   1:       9040 bytes,       9040 total
[2025-08-19T16:09:15.472+0000][1692535][trace][gc,age      ] GC(64) - age   2:        464 bytes,       9504 total
[2025-08-19T16:09:15.472+0000][1692535][trace][gc,age      ] GC(64) - age   3:         32 bytes,       9536 total
[2025-08-19T16:09:15.472+0000][1692535][trace][gc,age      ] GC(64) - age   4:        552 bytes,      10088 total
[2025-08-19T16:09:15.472+0000][1692535][trace][gc,age      ] GC(64) - age   9:        552 bytes,      10640 total
[2025-08-19T16:09:15.472+0000][1692535][trace][gc,age      ] GC(64) - age  10:       7976 bytes,      18616 total
[2025-08-19T16:09:15.472+0000][1692535][trace][gc,age      ] GC(64) - age  11:       2264 bytes,      20880 total
[2025-08-19T16:09:15.472+0000][1692535][trace][gc,age      ] GC(64) - age  12:        304 bytes,      21184 total
[2025-08-19T16:09:15.472+0000][1692535][trace][gc,age      ] GC(64) - age  13:        208 bytes,      21392 total
[2025-08-19T16:09:15.472+0000][1692535][trace][gc,age      ] GC(64) - age  14:      18328 bytes,      39720 total
[2025-08-19T16:09:15.473+0000][1692535][info ][gc,heap     ] GC(64) Eden regions: 5->0(5)
[2025-08-19T16:09:15.473+0000][1692535][info ][gc,heap     ] GC(64) Survivor regions: 1->1(1)
[2025-08-19T16:09:15.473+0000][1692535][info ][gc,heap     ] GC(64) Old regions: 25->25
[2025-08-19T16:09:15.473+0000][1692535][info ][gc,heap     ] GC(64) Humongous regions: 0->0
[2025-08-19T16:09:15.473+0000][1692535][info ][gc,metaspace] GC(64) Metaspace: 140099K(143680K)->140099K(143680K) NonClass: 121315K(123200K)->121315K(123200K) Class: 18783K(20480K)->18783K(20480K)
[2025-08-19T16:09:15.473+0000][1692535][info ][gc          ] GC(64) Pause Young (Normal) (G1 Evacuation Pause) 116M->96M(512M) 728.270ms
[2025-08-19T16:09:15.473+0000][1692535][info ][gc,cpu      ] GC(64) User=0.01s Sys=0.15s Real=0.73s
[2025-08-19T16:09:15.473+0000][1692535][info ][safepoint   ] Safepoint "G1CollectForAllocation", Time since last: 45237440093 ns, Reaching safepoint: 20681 ns, Cleanup: 3756 ns, At safepoint: 728951386 ns, Total: 728975823 ns
[2025-08-19T16:10:04.116+0000][1692535][info ][gc,start    ] GC(65) Pause Young (Normal) (G1 Evacuation Pause)
[2025-08-19T16:10:04.191+0000][1692535][info ][gc,task     ] GC(65) Using 1 workers of 1 for evacuation
[2025-08-19T16:10:04.193+0000][1692535][debug][gc,age      ] GC(65) Desired survivor size 2097152 bytes, new threshold 15 (max threshold 15)
[2025-08-19T16:10:05.070+0000][1692535][info ][gc,mmu      ] GC(65) MMU target violated: 201.0ms (200.0ms/201.0ms)
[2025-08-19T16:10:05.103+0000][1692535][info ][gc,phases   ] GC(65)   Pre Evacuate Collection Set: 5.2ms
[2025-08-19T16:10:05.103+0000][1692535][info ][gc,phases   ] GC(65)   Merge Heap Roots: 3.1ms
[2025-08-19T16:10:05.103+0000][1692535][info ][gc,phases   ] GC(65)   Evacuate Collection Set: 578.9ms
[2025-08-19T16:10:05.103+0000][1692535][info ][gc,phases   ] GC(65)   Post Evacuate Collection Set: 215.2ms
[2025-08-19T16:10:05.103+0000][1692535][info ][gc,phases   ] GC(65)   Other: 94.0ms
[2025-08-19T16:10:05.103+0000][1692535][trace][gc,age      ] GC(65) Age table with threshold 15 (max threshold 15)
[2025-08-19T16:10:05.103+0000][1692535][trace][gc,age      ] GC(65) - age   1:       7768 bytes,       7768 total
[2025-08-19T16:10:05.103+0000][1692535][trace][gc,age      ] GC(65) - age   2:        832 bytes,       8600 total
[2025-08-19T16:10:05.103+0000][1692535][trace][gc,age      ] GC(65) - age   3:        240 bytes,       8840 total
[2025-08-19T16:10:05.103+0000][1692535][trace][gc,age      ] GC(65) - age   5:        552 bytes,       9392 total
[2025-08-19T16:10:05.103+0000][1692535][trace][gc,age      ] GC(65) - age  10:        552 bytes,       9944 total
[2025-08-19T16:10:05.103+0000][1692535][trace][gc,age      ] GC(65) - age  11:       7976 bytes,      17920 total
[2025-08-19T16:10:05.103+0000][1692535][trace][gc,age      ] GC(65) - age  12:       2264 bytes,      20184 total
[2025-08-19T16:10:05.103+0000][1692535][trace][gc,age      ] GC(65) - age  13:        304 bytes,      20488 total
[2025-08-19T16:10:05.103+0000][1692535][trace][gc,age      ] GC(65) - age  14:        208 bytes,      20696 total
[2025-08-19T16:10:05.103+0000][1692535][trace][gc,age      ] GC(65) - age  15:      18328 bytes,      39024 total
[2025-08-19T16:10:05.103+0000][1692535][info ][gc,heap     ] GC(65) Eden regions: 5->0(5)
[2025-08-19T16:10:05.103+0000][1692535][info ][gc,heap     ] GC(65) Survivor regions: 1->1(1)
[2025-08-19T16:10:05.103+0000][1692535][info ][gc,heap     ] GC(65) Old regions: 25->25
[2025-08-19T16:10:05.103+0000][1692535][info ][gc,heap     ] GC(65) Humongous regions: 0->0
[2025-08-19T16:10:05.105+0000][1692535][info ][gc,metaspace] GC(65) Metaspace: 140102K(143680K)->140102K(143680K) NonClass: 121318K(123200K)->121318K(123200K) Class: 18783K(20480K)->18783K(20480K)
[2025-08-19T16:10:05.148+0000][1692535][info ][gc          ] GC(65) Pause Young (Normal) (G1 Evacuation Pause) 116M->96M(512M) 1029.383ms
[2025-08-19T16:10:05.148+0000][1692535][info ][gc,cpu      ] GC(65) User=0.00s Sys=0.23s Real=1.07s
[2025-08-19T16:10:05.148+0000][1692535][info ][safepoint   ] Safepoint "G1CollectForAllocation", Time since last: 48520557512 ns, Reaching safepoint: 1122205 ns, Cleanup: 73482079 ns, At safepoint: 1079542331 ns, Total: 1154146615 ns
[2025-08-19T16:10:06.148+0000][1692535][info ][safepoint   ] Safepoint "Cleanup", Time since last: 1000099690 ns, Reaching safepoint: 6259 ns, Cleanup: 11167 ns, At safepoint: 2975 ns, Total: 20401 ns
[2025-08-19T16:10:50.800+0000][1692535][info ][gc,start    ] GC(66) Pause Young (Normal) (G1 Evacuation Pause)
[2025-08-19T16:10:50.800+0000][1692535][info ][gc,task     ] GC(66) Using 1 workers of 1 for evacuation
[2025-08-19T16:10:50.800+0000][1692535][debug][gc,age      ] GC(66) Desired survivor size 2097152 bytes, new threshold 15 (max threshold 15)
[2025-08-19T16:10:51.200+0000][1692535][info ][gc,mmu      ] GC(66) MMU target violated: 201.0ms (200.0ms/201.0ms)
[2025-08-19T16:10:51.200+0000][1692535][info ][gc,phases   ] GC(66)   Pre Evacuate Collection Set: 0.6ms
[2025-08-19T16:10:51.200+0000][1692535][info ][gc,phases   ] GC(66)   Merge Heap Roots: 0.0ms
[2025-08-19T16:10:51.200+0000][1692535][info ][gc,phases   ] GC(66)   Evacuate Collection Set: 342.6ms
[2025-08-19T16:10:51.200+0000][1692535][info ][gc,phases   ] GC(66)   Post Evacuate Collection Set: 56.3ms
[2025-08-19T16:10:51.200+0000][1692535][info ][gc,phases   ] GC(66)   Other: 0.5ms
[2025-08-19T16:10:51.200+0000][1692535][trace][gc,age      ] GC(66) Age table with threshold 15 (max threshold 15)
[2025-08-19T16:10:51.200+0000][1692535][trace][gc,age      ] GC(66) - age   1:       8928 bytes,       8928 total
[2025-08-19T16:10:51.200+0000][1692535][trace][gc,age      ] GC(66) - age   2:        464 bytes,       9392 total
[2025-08-19T16:10:51.200+0000][1692535][trace][gc,age      ] GC(66) - age   3:         32 bytes,       9424 total
[2025-08-19T16:10:51.200+0000][1692535][trace][gc,age      ] GC(66) - age   4:         64 bytes,       9488 total
[2025-08-19T16:10:51.200+0000][1692535][trace][gc,age      ] GC(66) - age   6:        552 bytes,      10040 total
[2025-08-19T16:10:51.200+0000][1692535][trace][gc,age      ] GC(66) - age  11:        552 bytes,      10592 total
[2025-08-19T16:10:51.200+0000][1692535][trace][gc,age      ] GC(66) - age  12:       7976 bytes,      18568 total
[2025-08-19T16:10:51.200+0000][1692535][trace][gc,age      ] GC(66) - age  13:       2264 bytes,      20832 total
[2025-08-19T16:10:51.200+0000][1692535][trace][gc,age      ] GC(66) - age  14:        304 bytes,      21136 total
[2025-08-19T16:10:51.200+0000][1692535][trace][gc,age      ] GC(66) - age  15:        208 bytes,      21344 total
[2025-08-19T16:10:51.200+0000][1692535][info ][gc,heap     ] GC(66) Eden regions: 5->0(5)
[2025-08-19T16:10:51.200+0000][1692535][info ][gc,heap     ] GC(66) Survivor regions: 1->1(1)
[2025-08-19T16:10:51.200+0000][1692535][info ][gc,heap     ] GC(66) Old regions: 25->25
[2025-08-19T16:10:51.200+0000][1692535][info ][gc,heap     ] GC(66) Humongous regions: 0->0
[2025-08-19T16:10:51.200+0000][1692535][info ][gc,metaspace] GC(66) Metaspace: 140102K(143680K)->140102K(143680K) NonClass: 121318K(123200K)->121318K(123200K) Class: 18783K(20480K)->18783K(20480K)
[2025-08-19T16:10:51.200+0000][1692535][info ][gc          ] GC(66) Pause Young (Normal) (G1 Evacuation Pause) 116M->96M(512M) 400.506ms
[2025-08-19T16:10:51.201+0000][1692535][info ][gc,cpu      ] GC(66) User=0.00s Sys=0.09s Real=0.40s
[2025-08-19T16:10:51.201+0000][1692535][info ][safepoint   ] Safepoint "G1CollectForAllocation", Time since last: 44651085615 ns, Reaching safepoint: 643953 ns, Cleanup: 6099 ns, At safepoint: 401067633 ns, Total: 401717685 ns
[2025-08-19T16:11:36.896+0000][1692535][info ][gc,start    ] GC(67) Pause Young (Normal) (G1 Evacuation Pause)
[2025-08-19T16:11:36.896+0000][1692535][info ][gc,task     ] GC(67) Using 1 workers of 1 for evacuation
[2025-08-19T16:11:36.896+0000][1692535][debug][gc,age      ] GC(67) Desired survivor size 2097152 bytes, new threshold 15 (max threshold 15)
[2025-08-19T16:11:36.925+0000][1692535][info ][gc,phases   ] GC(67)   Pre Evacuate Collection Set: 0.2ms
[2025-08-19T16:11:37.365+0000][1692535][info ][gc,phases   ] GC(67)   Merge Heap Roots: 0.0ms
[2025-08-19T16:11:37.365+0000][1692535][info ][gc,phases   ] GC(67)   Evacuate Collection Set: 26.7ms
[2025-08-19T16:11:37.365+0000][1692535][info ][gc,phases   ] GC(67)   Post Evacuate Collection Set: 1.8ms
[2025-08-19T16:11:37.365+0000][1692535][info ][gc,phases   ] GC(67)   Other: 0.0ms
[2025-08-19T16:11:37.365+0000][1692535][trace][gc,age      ] GC(67) Age table with threshold 15 (max threshold 15)
[2025-08-19T16:11:37.365+0000][1692535][trace][gc,age      ] GC(67) - age   1:      24576 bytes,      24576 total
[2025-08-19T16:11:37.365+0000][1692535][trace][gc,age      ] GC(67) - age   2:        800 bytes,      25376 total
[2025-08-19T16:11:37.365+0000][1692535][trace][gc,age      ] GC(67) - age   3:         32 bytes,      25408 total
[2025-08-19T16:11:37.365+0000][1692535][trace][gc,age      ] GC(67) - age   4:         32 bytes,      25440 total
[2025-08-19T16:11:37.365+0000][1692535][trace][gc,age      ] GC(67) - age   5:         32 bytes,      25472 total
[2025-08-19T16:11:37.365+0000][1692535][trace][gc,age      ] GC(67) - age   7:        552 bytes,      26024 total
[2025-08-19T16:11:37.365+0000][1692535][trace][gc,age      ] GC(67) - age  12:        552 bytes,      26576 total
[2025-08-19T16:11:37.365+0000][1692535][trace][gc,age      ] GC(67) - age  13:       7976 bytes,      34552 total
[2025-08-19T16:11:37.365+0000][1692535][trace][gc,age      ] GC(67) - age  14:       2264 bytes,      36816 total
[2025-08-19T16:11:37.365+0000][1692535][trace][gc,age      ] GC(67) - age  15:        304 bytes,      37120 total
[2025-08-19T16:11:37.365+0000][1692535][info ][gc,heap     ] GC(67) Eden regions: 5->0(5)
[2025-08-19T16:11:37.365+0000][1692535][info ][gc,heap     ] GC(67) Survivor regions: 1->1(1)
[2025-08-19T16:11:37.365+0000][1692535][info ][gc,heap     ] GC(67) Old regions: 25->25
[2025-08-19T16:11:37.365+0000][1692535][info ][gc,heap     ] GC(67) Humongous regions: 0->0
[2025-08-19T16:11:37.365+0000][1692535][info ][gc,metaspace] GC(67) Metaspace: 140102K(143680K)->140102K(143680K) NonClass: 121318K(123200K)->121318K(123200K) Class: 18783K(20480K)->18783K(20480K)
[2025-08-19T16:11:37.365+0000][1692535][info ][gc          ] GC(67) Pause Young (Normal) (G1 Evacuation Pause) 116M->96M(512M) 468.295ms
[2025-08-19T16:11:37.365+0000][1692535][info ][gc,cpu      ] GC(67) User=0.00s Sys=0.02s Real=0.46s
[2025-08-19T16:11:37.365+0000][1692535][info ][safepoint   ] Safepoint "G1CollectForAllocation", Time since last: 45695525976 ns, Reaching safepoint: 12048 ns, Cleanup: 4947 ns, At safepoint: 468358574 ns, Total: 468375569 ns
[2025-08-19T16:12:23.081+0000][1692535][info ][gc,start    ] GC(68) Pause Young (Normal) (G1 Evacuation Pause)
[2025-08-19T16:12:23.081+0000][1692535][info ][gc,task     ] GC(68) Using 1 workers of 1 for evacuation
[2025-08-19T16:12:23.082+0000][1692535][debug][gc,age      ] GC(68) Desired survivor size 2097152 bytes, new threshold 15 (max threshold 15)
[2025-08-19T16:12:23.236+0000][1692535][info ][gc,phases   ] GC(68)   Pre Evacuate Collection Set: 0.3ms
[2025-08-19T16:12:23.236+0000][1692535][info ][gc,phases   ] GC(68)   Merge Heap Roots: 0.0ms
[2025-08-19T16:12:23.236+0000][1692535][info ][gc,phases   ] GC(68)   Evacuate Collection Set: 131.9ms
[2025-08-19T16:12:23.236+0000][1692535][info ][gc,phases   ] GC(68)   Post Evacuate Collection Set: 21.5ms
[2025-08-19T16:12:23.236+0000][1692535][info ][gc,phases   ] GC(68)   Other: 0.7ms
[2025-08-19T16:12:23.236+0000][1692535][trace][gc,age      ] GC(68) Age table with threshold 15 (max threshold 15)
[2025-08-19T16:12:23.236+0000][1692535][trace][gc,age      ] GC(68) - age   1:      96152 bytes,      96152 total
[2025-08-19T16:12:23.236+0000][1692535][trace][gc,age      ] GC(68) - age   2:        256 bytes,      96408 total
[2025-08-19T16:12:23.236+0000][1692535][trace][gc,age      ] GC(68) - age   4:         32 bytes,      96440 total
[2025-08-19T16:12:23.236+0000][1692535][trace][gc,age      ] GC(68) - age   6:         32 bytes,      96472 total
[2025-08-19T16:12:23.236+0000][1692535][trace][gc,age      ] GC(68) - age   8:         32 bytes,      96504 total
[2025-08-19T16:12:23.236+0000][1692535][trace][gc,age      ] GC(68) - age  14:       7944 bytes,     104448 total
[2025-08-19T16:12:23.236+0000][1692535][trace][gc,age      ] GC(68) - age  15:       2264 bytes,     106712 total
[2025-08-19T16:12:23.236+0000][1692535][info ][gc,heap     ] GC(68) Eden regions: 5->0(75)
[2025-08-19T16:12:23.236+0000][1692535][info ][gc,heap     ] GC(68) Survivor regions: 1->1(1)
[2025-08-19T16:12:23.236+0000][1692535][info ][gc,heap     ] GC(68) Old regions: 25->25
[2025-08-19T16:12:23.236+0000][1692535][info ][gc,heap     ] GC(68) Humongous regions: 0->0
[2025-08-19T16:12:23.236+0000][1692535][info ][gc,metaspace] GC(68) Metaspace: 140102K(143680K)->140102K(143680K) NonClass: 121318K(123200K)->121318K(123200K) Class: 18783K(20480K)->18783K(20480K)
[2025-08-19T16:12:23.236+0000][1692535][info ][gc          ] GC(68) Pause Young (Normal) (G1 Evacuation Pause) 116M->96M(512M) 154.769ms
[2025-08-19T16:12:23.236+0000][1692535][info ][gc,cpu      ] GC(68) User=0.00s Sys=0.03s Real=0.16s
[2025-08-19T16:12:23.236+0000][1692535][info ][safepoint   ] Safepoint "G1CollectForAllocation", Time since last: 45716127878 ns, Reaching safepoint: 77688 ns, Cleanup: 4807 ns, At safepoint: 155249214 ns, Total: 155331709 ns
[2025-08-19T16:20:24.381+0000][1692535][info ][safepoint   ] Safepoint "Cleanup", Time since last: 480991717496 ns, Reaching safepoint: 112981803 ns, Cleanup: 22823067 ns, At safepoint: 3678715 ns, Total: 139483585 ns
[2025-08-19T16:20:25.478+0000][1692535][info ][safepoint   ] Safepoint "Cleanup", Time since last: 1045440318 ns, Reaching safepoint: 50929413 ns, Cleanup: 12547559 ns, At safepoint: 27011 ns, Total: 63503983 ns
[2025-08-19T16:21:16.223+0000][1692535][info ][safepoint   ] Safepoint "Cleanup", Time since last: 50126882111 ns, Reaching safepoint: 315632751 ns, Cleanup: 40044304 ns, At safepoint: 3340545 ns, Total: 359017600 ns
[2025-08-19T16:21:19.569+0000][1692535][info ][safepoint   ] Safepoint "Cleanup", Time since last: 3558412998 ns, Reaching safepoint: 1621409 ns, Cleanup: 32217714 ns, At safepoint: 5633898 ns, Total: 39473021 ns
[2025-08-19T16:21:24.420+0000][1692535][info ][safepoint   ] Safepoint "Cleanup", Time since last: 4495134132 ns, Reaching safepoint: 120645255 ns, Cleanup: 79836187 ns, At safepoint: 13873301 ns, Total: 214354743 ns
[2025-08-19T16:21:29.245+0000][1692535][info ][safepoint   ] Safepoint "Cleanup", Time since last: 2465418866 ns, Reaching safepoint: 286582800 ns, Cleanup: 44303256 ns, At safepoint: 315923500 ns, Total: 646809556 ns
[2025-08-19T16:21:33.696+0000][1692535][info ][safepoint   ] Safepoint "Cleanup", Time since last: 6309048280 ns, Reaching safepoint: 10586 ns, Cleanup: 2400806 ns, At safepoint: 1121563 ns, Total: 3532955 ns
[2025-08-19T16:21:36.698+0000][1692535][info ][safepoint   ] Safepoint "Cleanup", Time since last: 3003864753 ns, Reaching safepoint: 8063 ns, Cleanup: 13139 ns, At safepoint: 3325 ns, Total: 24527 ns
[2025-08-19T16:21:43.863+0000][1692535][info ][safepoint   ] Safepoint "Cleanup", Time since last: 7161263415 ns, Reaching safepoint: 84338 ns, Cleanup: 1840830 ns, At safepoint: 3595 ns, Total: 1928763 ns
[2025-08-19T16:21:45.882+0000][1692535][info ][safepoint   ] Safepoint "Cleanup", Time since last: 2012865370 ns, Reaching safepoint: 8413 ns, Cleanup: 4352092 ns, At safepoint: 865728 ns, Total: 5226233 ns
[2025-08-19T16:24:25.435+0000][1692535][info ][safepoint   ] Safepoint "Cleanup", Time since last: 159537243390 ns, Reaching safepoint: 9419676 ns, Cleanup: 7597864 ns, At safepoint: 5408 ns, Total: 17022948 ns
[2025-08-19T16:24:26.522+0000][1692535][info ][safepoint   ] Safepoint "Cleanup", Time since last: 1009636729 ns, Reaching safepoint: 6520 ns, Cleanup: 75168117 ns, At safepoint: 7010 ns, Total: 75181647 ns
[2025-08-19T16:25:08.512+0000][1692535][info ][safepoint   ] Safepoint "Cleanup", Time since last: 19840991861 ns, Reaching safepoint: 2699642985 ns, Cleanup: 4112375098 ns, At safepoint: 144139697 ns, Total: 6956157780 ns
[2025-08-19T16:26:16.949+0000][1692535][info ][safepoint   ] Safepoint "Cleanup", Time since last: 53846115747 ns, Reaching safepoint: 17340181322 ns, Cleanup: 1101767913 ns, At safepoint: 1312145220 ns, Total: 19754094455 ns
[2025-08-19T16:27:26.544+0000][1692535][info ][safepoint   ] Safepoint "Cleanup", Time since last: 63033200117 ns, Reaching safepoint: 8521642236 ns, Cleanup: 41648106 ns, At safepoint: 17583083 ns, Total: 8580873425 ns
[2025-08-19T16:45:34.768+0000][1692535][info ][safepoint   ] Safepoint "Cleanup", Time since last: 1073698061025 ns, Reaching safepoint: 12443713780 ns, Cleanup: 300689517 ns, At safepoint: 580010052 ns, Total: 13324413349 ns
[2025-08-19T16:50:56.417+0000][1692535][info ][safepoint   ] Safepoint "Cleanup", Time since last: 303185405650 ns, Reaching safepoint: 27665095601 ns, Cleanup: 3662280 ns, At safepoint: 258520 ns, Total: 27669016401 ns
[2025-08-19T16:50:57.424+0000][1692535][info ][safepoint   ] Safepoint "Cleanup", Time since last: 1016852401 ns, Reaching safepoint: 66720 ns, Cleanup: 20922 ns, At safepoint: 4917 ns, Total: 92559 ns
[2025-08-19T16:51:02.424+0000][1692535][info ][safepoint   ] Safepoint "Cleanup", Time since last: 5000352836 ns, Reaching safepoint: 43175 ns, Cleanup: 11638 ns, At safepoint: 6329 ns, Total: 61142 ns
[2025-08-19T16:52:02.428+0000][1692535][info ][safepoint   ] Safepoint "Cleanup", Time since last: 60003767690 ns, Reaching safepoint: 6350 ns, Cleanup: 9384 ns, At safepoint: 2874 ns, Total: 18608 ns
[2025-08-19T16:52:24.430+0000][1692535][info ][safepoint   ] Safepoint "Cleanup", Time since last: 22001422548 ns, Reaching safepoint: 43927 ns, Cleanup: 9634 ns, At safepoint: 4857 ns, Total: 58418 ns
[2025-08-19T16:52:59.428+0000][1692535][info ][gc,start    ] GC(69) Pause Young (Normal) (G1 Evacuation Pause)
[2025-08-19T16:52:59.428+0000][1692535][info ][gc,task     ] GC(69) Using 1 workers of 1 for evacuation
[2025-08-19T16:52:59.428+0000][1692535][debug][gc,age      ] GC(69) Desired survivor size 20971520 bytes, new threshold 15 (max threshold 15)
[2025-08-19T16:52:59.552+0000][1692535][info ][gc,phases   ] GC(69)   Pre Evacuate Collection Set: 2.3ms
[2025-08-19T16:52:59.552+0000][1692535][info ][gc,phases   ] GC(69)   Merge Heap Roots: 1.1ms
[2025-08-19T16:52:59.552+0000][1692535][info ][gc,phases   ] GC(69)   Evacuate Collection Set: 66.8ms
[2025-08-19T16:52:59.552+0000][1692535][info ][gc,phases   ] GC(69)   Post Evacuate Collection Set: 53.0ms
[2025-08-19T16:52:59.552+0000][1692535][info ][gc,phases   ] GC(69)   Other: 0.4ms
[2025-08-19T16:52:59.552+0000][1692535][trace][gc,age      ] GC(69) Age table with threshold 15 (max threshold 15)
[2025-08-19T16:52:59.552+0000][1692535][trace][gc,age      ] GC(69) - age   1:      66912 bytes,      66912 total
[2025-08-19T16:52:59.552+0000][1692535][trace][gc,age      ] GC(69) - age  15:       7592 bytes,      74504 total
[2025-08-19T16:52:59.552+0000][1692535][info ][gc,heap     ] GC(69) Eden regions: 75->0(75)
[2025-08-19T16:52:59.552+0000][1692535][info ][gc,heap     ] GC(69) Survivor regions: 1->1(10)
[2025-08-19T16:52:59.552+0000][1692535][info ][gc,heap     ] GC(69) Old regions: 25->25
[2025-08-19T16:52:59.552+0000][1692535][info ][gc,heap     ] GC(69) Humongous regions: 0->0
[2025-08-19T16:52:59.552+0000][1692535][info ][gc,metaspace] GC(69) Metaspace: 140133K(143680K)->140133K(143680K) NonClass: 121346K(123200K)->121346K(123200K) Class: 18787K(20480K)->18787K(20480K)
[2025-08-19T16:52:59.552+0000][1692535][info ][gc          ] GC(69) Pause Young (Normal) (G1 Evacuation Pause) 396M->96M(512M) 124.340ms
[2025-08-19T16:52:59.552+0000][1692535][info ][gc,cpu      ] GC(69) User=0.00s Sys=0.01s Real=0.12s
[2025-08-19T16:52:59.552+0000][1692535][info ][safepoint   ] Safepoint "G1CollectForAllocation", Time since last: 34997777432 ns, Reaching safepoint: 5278 ns, Cleanup: 4096 ns, At safepoint: 124520595 ns, Total: 124529969 ns
[2025-08-19T16:59:22.575+0000][1692535][info ][safepoint   ] Safepoint "Cleanup", Time since last: 383022703948 ns, Reaching safepoint: 259982 ns, Cleanup: 10857 ns, At safepoint: 2944 ns, Total: 273783 ns
[2025-08-19T16:59:25.576+0000][1692535][info ][safepoint   ] Safepoint "Cleanup", Time since last: 3000695953 ns, Reaching safepoint: 42194 ns, Cleanup: 10876 ns, At safepoint: 2514 ns, Total: 55584 ns
[2025-08-19T17:00:02.578+0000][1692535][info ][safepoint   ] Safepoint "Cleanup", Time since last: 37002216946 ns, Reaching safepoint: 42785 ns, Cleanup: 11026 ns, At safepoint: 5038 ns, Total: 58849 ns
[2025-08-19T17:00:12.579+0000][1692535][info ][safepoint   ] Safepoint "Cleanup", Time since last: 10000651449 ns, Reaching safepoint: 43676 ns, Cleanup: 10616 ns, At safepoint: 2754 ns, Total: 57046 ns
[2025-08-19T17:01:06.582+0000][1692535][info ][safepoint   ] Safepoint "Cleanup", Time since last: 54003223655 ns, Reaching safepoint: 44768 ns, Cleanup: 11166 ns, At safepoint: 4818 ns, Total: 60752 ns
[2025-08-19T17:02:56.588+0000][1692535][info ][safepoint   ] Safepoint "Cleanup", Time since last: 110006366782 ns, Reaching safepoint: 5428 ns, Cleanup: 9234 ns, At safepoint: 2534 ns, Total: 17196 ns
[2025-08-19T17:04:37.334+0000][1692535][info ][gc,start    ] GC(70) Pause Young (Normal) (G1 Evacuation Pause)
[2025-08-19T17:04:37.334+0000][1692535][info ][gc,task     ] GC(70) Using 1 workers of 1 for evacuation
[2025-08-19T17:04:37.334+0000][1692535][debug][gc,age      ] GC(70) Desired survivor size 20971520 bytes, new threshold 15 (max threshold 15)
[2025-08-19T17:04:37.338+0000][1692535][info ][gc,phases   ] GC(70)   Pre Evacuate Collection Set: 0.0ms
[2025-08-19T17:04:37.338+0000][1692535][info ][gc,phases   ] GC(70)   Merge Heap Roots: 0.0ms
[2025-08-19T17:04:37.338+0000][1692535][info ][gc,phases   ] GC(70)   Evacuate Collection Set: 2.6ms
[2025-08-19T17:04:37.338+0000][1692535][info ][gc,phases   ] GC(70)   Post Evacuate Collection Set: 0.9ms
[2025-08-19T17:04:37.338+0000][1692535][info ][gc,phases   ] GC(70)   Other: 0.0ms
[2025-08-19T17:04:37.338+0000][1692535][trace][gc,age      ] GC(70) Age table with threshold 15 (max threshold 15)
[2025-08-19T17:04:37.338+0000][1692535][trace][gc,age      ] GC(70) - age   1:      24608 bytes,      24608 total
[2025-08-19T17:04:37.338+0000][1692535][trace][gc,age      ] GC(70) - age   2:      57008 bytes,      81616 total
[2025-08-19T17:04:37.338+0000][1692535][info ][gc,heap     ] GC(70) Eden regions: 75->0(75)
[2025-08-19T17:04:37.338+0000][1692535][info ][gc,heap     ] GC(70) Survivor regions: 1->1(10)
[2025-08-19T17:04:37.338+0000][1692535][info ][gc,heap     ] GC(70) Old regions: 25->25
[2025-08-19T17:04:37.338+0000][1692535][info ][gc,heap     ] GC(70) Humongous regions: 0->0
[2025-08-19T17:04:37.338+0000][1692535][info ][gc,metaspace] GC(70) Metaspace: 140133K(143680K)->140133K(143680K) NonClass: 121346K(123200K)->121346K(123200K) Class: 18787K(20480K)->18787K(20480K)
[2025-08-19T17:04:37.338+0000][1692535][info ][gc          ] GC(70) Pause Young (Normal) (G1 Evacuation Pause) 396M->96M(512M) 3.824ms
[2025-08-19T17:04:37.338+0000][1692535][info ][gc,cpu      ] GC(70) User=0.00s Sys=0.00s Real=0.01s
[2025-08-19T17:04:37.338+0000][1692535][info ][safepoint   ] Safepoint "G1CollectForAllocation", Time since last: 100745447215 ns, Reaching safepoint: 7291 ns, Cleanup: 2884 ns, At safepoint: 3858347 ns, Total: 3868522 ns
[2025-08-19T17:10:25.358+0000][1692535][info ][safepoint   ] Safepoint "Cleanup", Time since last: 348020659351 ns, Reaching safepoint: 39029 ns, Cleanup: 21182 ns, At safepoint: 5808 ns, Total: 66019 ns
[2025-08-19T17:10:57.361+0000][1692535][info ][safepoint   ] Safepoint "Cleanup", Time since last: 32002280778 ns, Reaching safepoint: 6740 ns, Cleanup: 11027 ns, At safepoint: 32489 ns, Total: 50256 ns
[2025-08-19T17:12:55.373+0000][1692535][info ][safepoint   ] Safepoint "Cleanup", Time since last: 118011973589 ns, Reaching safepoint: 14552 ns, Cleanup: 11267 ns, At safepoint: 2344 ns, Total: 28163 ns
[2025-08-19T17:16:17.726+0000][1692535][info ][gc,start    ] GC(71) Pause Young (Normal) (G1 Evacuation Pause)
[2025-08-19T17:16:17.726+0000][1692535][info ][gc,task     ] GC(71) Using 1 workers of 1 for evacuation
[2025-08-19T17:16:17.726+0000][1692535][debug][gc,age      ] GC(71) Desired survivor size 20971520 bytes, new threshold 15 (max threshold 15)
[2025-08-19T17:16:17.729+0000][1692535][info ][gc,phases   ] GC(71)   Pre Evacuate Collection Set: 0.1ms
[2025-08-19T17:16:17.729+0000][1692535][info ][gc,phases   ] GC(71)   Merge Heap Roots: 0.0ms
[2025-08-19T17:16:17.729+0000][1692535][info ][gc,phases   ] GC(71)   Evacuate Collection Set: 1.6ms
[2025-08-19T17:16:17.729+0000][1692535][info ][gc,phases   ] GC(71)   Post Evacuate Collection Set: 0.8ms
[2025-08-19T17:16:17.729+0000][1692535][info ][gc,phases   ] GC(71)   Other: 0.0ms
[2025-08-19T17:16:17.729+0000][1692535][trace][gc,age      ] GC(71) Age table with threshold 15 (max threshold 15)
[2025-08-19T17:16:17.729+0000][1692535][trace][gc,age      ] GC(71) - age   1:      15672 bytes,      15672 total
[2025-08-19T17:16:17.729+0000][1692535][trace][gc,age      ] GC(71) - age   2:      13696 bytes,      29368 total
[2025-08-19T17:16:17.729+0000][1692535][trace][gc,age      ] GC(71) - age   3:      57008 bytes,      86376 total
[2025-08-19T17:16:17.729+0000][1692535][info ][gc,heap     ] GC(71) Eden regions: 75->0(75)
[2025-08-19T17:16:17.729+0000][1692535][info ][gc,heap     ] GC(71) Survivor regions: 1->1(10)
[2025-08-19T17:16:17.729+0000][1692535][info ][gc,heap     ] GC(71) Old regions: 25->25
[2025-08-19T17:16:17.729+0000][1692535][info ][gc,heap     ] GC(71) Humongous regions: 0->0
[2025-08-19T17:16:17.729+0000][1692535][info ][gc,metaspace] GC(71) Metaspace: 140163K(143744K)->140163K(143744K) NonClass: 121375K(123264K)->121375K(123264K) Class: 18787K(20480K)->18787K(20480K)
[2025-08-19T17:16:17.729+0000][1692535][info ][gc          ] GC(71) Pause Young (Normal) (G1 Evacuation Pause) 396M->96M(512M) 2.744ms
[2025-08-19T17:16:17.729+0000][1692535][info ][gc,cpu      ] GC(71) User=0.01s Sys=0.00s Real=0.00s
[2025-08-19T17:16:17.729+0000][1692535][info ][safepoint   ] Safepoint "G1CollectForAllocation", Time since last: 202353418728 ns, Reaching safepoint: 7912 ns, Cleanup: 2944 ns, At safepoint: 2777825 ns, Total: 2788681 ns
[2025-08-19T17:24:59.761+0000][1692535][info ][safepoint   ] Safepoint "Cleanup", Time since last: 522031568739 ns, Reaching safepoint: 38037 ns, Cleanup: 11167 ns, At safepoint: 5018 ns, Total: 54222 ns
[2025-08-19T17:27:58.093+0000][1692535][info ][gc,start    ] GC(72) Pause Young (Normal) (G1 Evacuation Pause)
[2025-08-19T17:27:58.093+0000][1692535][info ][gc,task     ] GC(72) Using 1 workers of 1 for evacuation
[2025-08-19T17:27:58.093+0000][1692535][debug][gc,age      ] GC(72) Desired survivor size 20971520 bytes, new threshold 15 (max threshold 15)
[2025-08-19T17:27:58.096+0000][1692535][info ][gc,phases   ] GC(72)   Pre Evacuate Collection Set: 0.0ms
[2025-08-19T17:27:58.096+0000][1692535][info ][gc,phases   ] GC(72)   Merge Heap Roots: 0.0ms
[2025-08-19T17:27:58.096+0000][1692535][info ][gc,phases   ] GC(72)   Evacuate Collection Set: 1.6ms
[2025-08-19T17:27:58.096+0000][1692535][info ][gc,phases   ] GC(72)   Post Evacuate Collection Set: 0.8ms
[2025-08-19T17:27:58.096+0000][1692535][info ][gc,phases   ] GC(72)   Other: 0.0ms
[2025-08-19T17:27:58.096+0000][1692535][trace][gc,age      ] GC(72) Age table with threshold 15 (max threshold 15)
[2025-08-19T17:27:58.096+0000][1692535][trace][gc,age      ] GC(72) - age   1:      10904 bytes,      10904 total
[2025-08-19T17:27:58.096+0000][1692535][trace][gc,age      ] GC(72) - age   2:       4944 bytes,      15848 total
[2025-08-19T17:27:58.096+0000][1692535][trace][gc,age      ] GC(72) - age   3:      13520 bytes,      29368 total
[2025-08-19T17:27:58.096+0000][1692535][trace][gc,age      ] GC(72) - age   4:      57008 bytes,      86376 total
[2025-08-19T17:27:58.096+0000][1692535][info ][gc,heap     ] GC(72) Eden regions: 75->0(75)
[2025-08-19T17:27:58.096+0000][1692535][info ][gc,heap     ] GC(72) Survivor regions: 1->1(10)
[2025-08-19T17:27:58.096+0000][1692535][info ][gc,heap     ] GC(72) Old regions: 25->25
[2025-08-19T17:27:58.096+0000][1692535][info ][gc,heap     ] GC(72) Humongous regions: 0->0
[2025-08-19T17:27:58.096+0000][1692535][info ][gc,metaspace] GC(72) Metaspace: 140165K(143744K)->140165K(143744K) NonClass: 121378K(123264K)->121378K(123264K) Class: 18787K(20480K)->18787K(20480K)
[2025-08-19T17:27:58.096+0000][1692535][info ][gc          ] GC(72) Pause Young (Normal) (G1 Evacuation Pause) 396M->96M(512M) 2.684ms
[2025-08-19T17:27:58.096+0000][1692535][info ][gc,cpu      ] GC(72) User=0.00s Sys=0.00s Real=0.01s
[2025-08-19T17:27:58.096+0000][1692535][info ][safepoint   ] Safepoint "G1CollectForAllocation", Time since last: 178332504522 ns, Reaching safepoint: 4596 ns, Cleanup: 2715 ns, At safepoint: 2716833 ns, Total: 2724144 ns
[2025-08-19T17:30:47.106+0000][1692535][info ][safepoint   ] Safepoint "Cleanup", Time since last: 169010063381 ns, Reaching safepoint: 42484 ns, Cleanup: 11348 ns, At safepoint: 6820 ns, Total: 60652 ns
[2025-08-19T17:30:54.107+0000][1692535][info ][safepoint   ] Safepoint "Cleanup", Time since last: 7000857893 ns, Reaching safepoint: 36485 ns, Cleanup: 6099 ns, At safepoint: 4707 ns, Total: 47291 ns
[2025-08-19T17:39:38.461+0000][1692535][info ][gc,start    ] GC(73) Pause Young (Normal) (G1 Evacuation Pause)
[2025-08-19T17:39:38.461+0000][1692535][info ][gc,task     ] GC(73) Using 1 workers of 1 for evacuation
[2025-08-19T17:39:38.461+0000][1692535][debug][gc,age      ] GC(73) Desired survivor size 20971520 bytes, new threshold 15 (max threshold 15)
[2025-08-19T17:39:38.464+0000][1692535][info ][gc,phases   ] GC(73)   Pre Evacuate Collection Set: 0.0ms
[2025-08-19T17:39:38.464+0000][1692535][info ][gc,phases   ] GC(73)   Merge Heap Roots: 0.0ms
[2025-08-19T17:39:38.464+0000][1692535][info ][gc,phases   ] GC(73)   Evacuate Collection Set: 1.7ms
[2025-08-19T17:39:38.464+0000][1692535][info ][gc,phases   ] GC(73)   Post Evacuate Collection Set: 0.8ms
[2025-08-19T17:39:38.464+0000][1692535][info ][gc,phases   ] GC(73)   Other: 0.0ms
[2025-08-19T17:39:38.464+0000][1692535][trace][gc,age      ] GC(73) Age table with threshold 15 (max threshold 15)
[2025-08-19T17:39:38.464+0000][1692535][trace][gc,age      ] GC(73) - age   1:      10496 bytes,      10496 total
[2025-08-19T17:39:38.464+0000][1692535][trace][gc,age      ] GC(73) - age   3:       4768 bytes,      15264 total
[2025-08-19T17:39:38.464+0000][1692535][trace][gc,age      ] GC(73) - age   4:      13520 bytes,      28784 total
[2025-08-19T17:39:38.464+0000][1692535][trace][gc,age      ] GC(73) - age   5:      57008 bytes,      85792 total
[2025-08-19T17:39:38.464+0000][1692535][info ][gc,heap     ] GC(73) Eden regions: 75->0(75)
[2025-08-19T17:39:38.464+0000][1692535][info ][gc,heap     ] GC(73) Survivor regions: 1->1(10)
[2025-08-19T17:39:38.464+0000][1692535][info ][gc,heap     ] GC(73) Old regions: 25->25
[2025-08-19T17:39:38.464+0000][1692535][info ][gc,heap     ] GC(73) Humongous regions: 0->0
[2025-08-19T17:39:38.464+0000][1692535][info ][gc,metaspace] GC(73) Metaspace: 140165K(143744K)->140165K(143744K) NonClass: 121378K(123264K)->121378K(123264K) Class: 18787K(20480K)->18787K(20480K)
[2025-08-19T17:39:38.464+0000][1692535][info ][gc          ] GC(73) Pause Young (Normal) (G1 Evacuation Pause) 396M->96M(512M) 2.849ms
[2025-08-19T17:39:38.464+0000][1692535][info ][gc,cpu      ] GC(73) User=0.01s Sys=0.00s Real=0.00s
[2025-08-19T17:39:38.464+0000][1692535][info ][safepoint   ] Safepoint "G1CollectForAllocation", Time since last: 524354196699 ns, Reaching safepoint: 8082 ns, Cleanup: 2944 ns, At safepoint: 2885749 ns, Total: 2896775 ns
[2025-08-19T17:47:07.491+0000][1692535][info ][safepoint   ] Safepoint "Cleanup", Time since last: 449026598339 ns, Reaching safepoint: 342297 ns, Cleanup: 10536 ns, At safepoint: 6099 ns, Total: 358932 ns
[2025-08-19T17:47:56.494+0000][1692535][info ][safepoint   ] Safepoint "Cleanup", Time since last: 49003482654 ns, Reaching safepoint: 49334 ns, Cleanup: 11688 ns, At safepoint: 6390 ns, Total: 67412 ns
[2025-08-19T17:51:23.876+0000][1692535][info ][gc,start    ] GC(74) Pause Young (Normal) (G1 Evacuation Pause)
[2025-08-19T17:51:23.876+0000][1692535][info ][gc,task     ] GC(74) Using 1 workers of 1 for evacuation
[2025-08-19T17:51:23.876+0000][1692535][debug][gc,age      ] GC(74) Desired survivor size 20971520 bytes, new threshold 15 (max threshold 15)
[2025-08-19T17:51:23.879+0000][1692535][info ][gc,phases   ] GC(74)   Pre Evacuate Collection Set: 0.0ms
[2025-08-19T17:51:23.879+0000][1692535][info ][gc,phases   ] GC(74)   Merge Heap Roots: 0.0ms
[2025-08-19T17:51:23.879+0000][1692535][info ][gc,phases   ] GC(74)   Evacuate Collection Set: 1.6ms
[2025-08-19T17:51:23.879+0000][1692535][info ][gc,phases   ] GC(74)   Post Evacuate Collection Set: 1.1ms
[2025-08-19T17:51:23.879+0000][1692535][info ][gc,phases   ] GC(74)   Other: 0.0ms
[2025-08-19T17:51:23.879+0000][1692535][trace][gc,age      ] GC(74) Age table with threshold 15 (max threshold 15)
[2025-08-19T17:51:23.879+0000][1692535][trace][gc,age      ] GC(74) - age   1:      11208 bytes,      11208 total
[2025-08-19T17:51:23.879+0000][1692535][trace][gc,age      ] GC(74) - age   2:        936 bytes,      12144 total
[2025-08-19T17:51:23.879+0000][1692535][trace][gc,age      ] GC(74) - age   4:       4768 bytes,      16912 total
[2025-08-19T17:51:23.879+0000][1692535][trace][gc,age      ] GC(74) - age   5:      13520 bytes,      30432 total
[2025-08-19T17:51:23.879+0000][1692535][trace][gc,age      ] GC(74) - age   6:      56832 bytes,      87264 total
[2025-08-19T17:51:23.879+0000][1692535][info ][gc,heap     ] GC(74) Eden regions: 75->0(75)
[2025-08-19T17:51:23.879+0000][1692535][info ][gc,heap     ] GC(74) Survivor regions: 1->1(10)
[2025-08-19T17:51:23.879+0000][1692535][info ][gc,heap     ] GC(74) Old regions: 25->25
[2025-08-19T17:51:23.879+0000][1692535][info ][gc,heap     ] GC(74) Humongous regions: 0->0
[2025-08-19T17:51:23.879+0000][1692535][info ][gc,metaspace] GC(74) Metaspace: 140165K(143744K)->140165K(143744K) NonClass: 121378K(123264K)->121378K(123264K) Class: 18787K(20480K)->18787K(20480K)
[2025-08-19T17:51:23.879+0000][1692535][info ][gc          ] GC(74) Pause Young (Normal) (G1 Evacuation Pause) 396M->96M(512M) 3.293ms
[2025-08-19T17:51:23.879+0000][1692535][info ][gc,cpu      ] GC(74) User=0.00s Sys=0.00s Real=0.00s
[2025-08-19T17:51:23.879+0000][1692535][info ][safepoint   ] Safepoint "G1CollectForAllocation", Time since last: 207381589703 ns, Reaching safepoint: 37086 ns, Cleanup: 2955 ns, At safepoint: 3342117 ns, Total: 3382158 ns
[2025-08-19T17:52:26.883+0000][1692535][info ][safepoint   ] Safepoint "Cleanup", Time since last: 63003805411 ns, Reaching safepoint: 213673 ns, Cleanup: 11127 ns, At safepoint: 2694 ns, Total: 227494 ns
[2025-08-19T17:52:56.886+0000][1692535][info ][safepoint   ] Safepoint "Cleanup", Time since last: 30002032205 ns, Reaching safepoint: 351471 ns, Cleanup: 11117 ns, At safepoint: 2704 ns, Total: 365292 ns
[2025-08-19T18:03:08.341+0000][1692535][info ][gc,start    ] GC(75) Pause Young (Normal) (G1 Evacuation Pause)
[2025-08-19T18:03:08.341+0000][1692535][info ][gc,task     ] GC(75) Using 1 workers of 1 for evacuation
[2025-08-19T18:03:08.341+0000][1692535][debug][gc,age      ] GC(75) Desired survivor size 20971520 bytes, new threshold 15 (max threshold 15)
[2025-08-19T18:03:08.345+0000][1692535][info ][gc,phases   ] GC(75)   Pre Evacuate Collection Set: 0.0ms
[2025-08-19T18:03:08.345+0000][1692535][info ][gc,phases   ] GC(75)   Merge Heap Roots: 0.0ms
[2025-08-19T18:03:08.345+0000][1692535][info ][gc,phases   ] GC(75)   Evacuate Collection Set: 3.4ms
[2025-08-19T18:03:08.345+0000][1692535][info ][gc,phases   ] GC(75)   Post Evacuate Collection Set: 0.8ms
[2025-08-19T18:03:08.345+0000][1692535][info ][gc,phases   ] GC(75)   Other: 0.0ms
[2025-08-19T18:03:08.345+0000][1692535][trace][gc,age      ] GC(75) Age table with threshold 15 (max threshold 15)
[2025-08-19T18:03:08.345+0000][1692535][trace][gc,age      ] GC(75) - age   1:      97360 bytes,      97360 total
[2025-08-19T18:03:08.345+0000][1692535][trace][gc,age      ] GC(75) - age   2:        176 bytes,      97536 total
[2025-08-19T18:03:08.345+0000][1692535][trace][gc,age      ] GC(75) - age   3:        936 bytes,      98472 total
[2025-08-19T18:03:08.345+0000][1692535][trace][gc,age      ] GC(75) - age   5:       4768 bytes,     103240 total
[2025-08-19T18:03:08.345+0000][1692535][trace][gc,age      ] GC(75) - age   6:      13520 bytes,     116760 total
[2025-08-19T18:03:08.345+0000][1692535][trace][gc,age      ] GC(75) - age   7:      56832 bytes,     173592 total
[2025-08-19T18:03:08.345+0000][1692535][info ][gc,heap     ] GC(75) Eden regions: 75->0(75)
[2025-08-19T18:03:08.345+0000][1692535][info ][gc,heap     ] GC(75) Survivor regions: 1->1(10)
[2025-08-19T18:03:08.345+0000][1692535][info ][gc,heap     ] GC(75) Old regions: 25->25
[2025-08-19T18:03:08.345+0000][1692535][info ][gc,heap     ] GC(75) Humongous regions: 0->0
[2025-08-19T18:03:08.345+0000][1692535][info ][gc,metaspace] GC(75) Metaspace: 140165K(143744K)->140165K(143744K) NonClass: 121378K(123264K)->121378K(123264K) Class: 18787K(20480K)->18787K(20480K)
[2025-08-19T18:03:08.345+0000][1692535][info ][gc          ] GC(75) Pause Young (Normal) (G1 Evacuation Pause) 396M->96M(512M) 4.774ms
[2025-08-19T18:03:08.345+0000][1692535][info ][gc,cpu      ] GC(75) User=0.01s Sys=0.00s Real=0.00s
[2025-08-19T18:03:08.345+0000][1692535][info ][safepoint   ] Safepoint "G1CollectForAllocation", Time since last: 611454685384 ns, Reaching safepoint: 7261 ns, Cleanup: 3655 ns, At safepoint: 4810126 ns, Total: 4821042 ns
[2025-08-19T18:14:27.040+0000][1692535][info ][gc,start    ] GC(76) Pause Young (Concurrent Start) (CodeCache GC Threshold)
[2025-08-19T18:14:27.040+0000][1692535][info ][gc,task     ] GC(76) Using 1 workers of 1 for evacuation
[2025-08-19T18:14:27.040+0000][1692535][debug][gc,age      ] GC(76) Desired survivor size 20971520 bytes, new threshold 15 (max threshold 15)
[2025-08-19T18:14:27.097+0000][1692535][info ][gc,phases   ] GC(76)   Pre Evacuate Collection Set: 0.3ms
[2025-08-19T18:14:27.097+0000][1692535][info ][gc,phases   ] GC(76)   Merge Heap Roots: 0.0ms
[2025-08-19T18:14:27.097+0000][1692535][info ][gc,phases   ] GC(76)   Evacuate Collection Set: 55.2ms
[2025-08-19T18:14:27.097+0000][1692535][info ][gc,phases   ] GC(76)   Post Evacuate Collection Set: 0.8ms
[2025-08-19T18:14:27.097+0000][1692535][info ][gc,phases   ] GC(76)   Other: 0.0ms
[2025-08-19T18:14:27.097+0000][1692535][trace][gc,age      ] GC(76) Age table with threshold 15 (max threshold 15)
[2025-08-19T18:14:27.097+0000][1692535][trace][gc,age      ] GC(76) - age   1:      10576 bytes,      10576 total
[2025-08-19T18:14:27.097+0000][1692535][trace][gc,age      ] GC(76) - age   2:        176 bytes,      10752 total
[2025-08-19T18:14:27.097+0000][1692535][trace][gc,age      ] GC(76) - age   3:        176 bytes,      10928 total
[2025-08-19T18:14:27.097+0000][1692535][trace][gc,age      ] GC(76) - age   4:        936 bytes,      11864 total
[2025-08-19T18:14:27.097+0000][1692535][trace][gc,age      ] GC(76) - age   6:       4768 bytes,      16632 total
[2025-08-19T18:14:27.097+0000][1692535][trace][gc,age      ] GC(76) - age   7:      13520 bytes,      30152 total
[2025-08-19T18:14:27.097+0000][1692535][trace][gc,age      ] GC(76) - age   8:      56832 bytes,      86984 total
[2025-08-19T18:14:27.097+0000][1692535][info ][gc,heap     ] GC(76) Eden regions: 73->0(75)
[2025-08-19T18:14:27.097+0000][1692535][info ][gc,heap     ] GC(76) Survivor regions: 1->1(10)
[2025-08-19T18:14:27.097+0000][1692535][info ][gc,heap     ] GC(76) Old regions: 25->25
[2025-08-19T18:14:27.097+0000][1692535][info ][gc,heap     ] GC(76) Humongous regions: 0->0
[2025-08-19T18:14:27.097+0000][1692535][info ][gc,metaspace] GC(76) Metaspace: 140187K(143744K)->140187K(143744K) NonClass: 121400K(123264K)->121400K(123264K) Class: 18787K(20480K)->18787K(20480K)
[2025-08-19T18:14:27.097+0000][1692535][info ][gc          ] GC(76) Pause Young (Concurrent Start) (CodeCache GC Threshold) 386M->96M(512M) 56.829ms
[2025-08-19T18:14:27.097+0000][1692535][info ][gc,cpu      ] GC(76) User=0.01s Sys=0.01s Real=0.06s
[2025-08-19T18:14:27.097+0000][1692535][info ][safepoint   ] Safepoint "G1TryInitiateConcMark", Time since last: 678694643331 ns, Reaching safepoint: 12339 ns, Cleanup: 2353 ns, At safepoint: 56877601 ns, Total: 56892293 ns
[2025-08-19T18:14:27.101+0000][1692535][info ][gc          ] GC(77) Concurrent Mark Cycle
[2025-08-19T18:14:27.101+0000][1692535][info ][gc,marking  ] GC(77) Concurrent Scan Root Regions
[2025-08-19T18:14:27.136+0000][1692535][info ][gc,marking  ] GC(77) Concurrent Scan Root Regions 35.228ms
[2025-08-19T18:14:27.136+0000][1692535][info ][gc,marking  ] GC(77) Concurrent Mark
[2025-08-19T18:14:27.136+0000][1692535][info ][gc,marking  ] GC(77) Concurrent Mark From Roots
[2025-08-19T18:14:27.136+0000][1692535][info ][gc,task     ] GC(77) Using 1 workers of 1 for marking
[2025-08-19T18:14:27.807+0000][1692535][info ][gc,marking  ] GC(77) Concurrent Mark From Roots 671.247ms
[2025-08-19T18:14:27.807+0000][1692535][info ][gc,marking  ] GC(77) Concurrent Preclean
[2025-08-19T18:14:27.808+0000][1692535][info ][gc,marking  ] GC(77) Concurrent Preclean 0.620ms
[2025-08-19T18:14:27.808+0000][1692535][info ][gc,start    ] GC(77) Pause Remark
[2025-08-19T18:14:29.025+0000][1692535][info ][gc,mmu      ] GC(77) MMU target violated: 201.0ms (200.0ms/201.0ms)
[2025-08-19T18:14:29.025+0000][1692535][info ][gc          ] GC(77) Pause Remark 99M->99M(512M) 1216.999ms
[2025-08-19T18:14:29.025+0000][1692535][info ][gc,cpu      ] GC(77) User=0.06s Sys=0.17s Real=1.21s
[2025-08-19T18:14:29.025+0000][1692535][info ][safepoint   ] Safepoint "G1PauseRemark", Time since last: 711262469 ns, Reaching safepoint: 4617 ns, Cleanup: 1832 ns, At safepoint: 1217051359 ns, Total: 1217057808 ns
[2025-08-19T18:14:29.027+0000][1692535][info ][gc,marking  ] GC(77) Concurrent Mark 1890.442ms
[2025-08-19T18:14:29.027+0000][1692535][info ][gc,marking  ] GC(77) Concurrent Rebuild Remembered Sets and Scrub Regions
[2025-08-19T18:14:29.086+0000][1692535][info ][gc,marking  ] GC(77) Concurrent Rebuild Remembered Sets and Scrub Regions 58.938ms
[2025-08-19T18:14:29.087+0000][1692535][info ][gc,start    ] GC(77) Pause Cleanup
[2025-08-19T18:14:29.087+0000][1692535][info ][gc          ] GC(77) Pause Cleanup 100M->100M(512M) 0.047ms
[2025-08-19T18:14:29.087+0000][1692535][info ][gc,cpu      ] GC(77) User=0.00s Sys=0.00s Real=0.00s
[2025-08-19T18:14:29.087+0000][1692535][info ][safepoint   ] Safepoint "G1PauseCleanup", Time since last: 60437047 ns, Reaching safepoint: 1007102 ns, Cleanup: 15203 ns, At safepoint: 77266 ns, Total: 1099571 ns
[2025-08-19T18:14:29.087+0000][1692535][info ][gc,marking  ] GC(77) Concurrent Clear Claimed Marks
[2025-08-19T18:14:29.087+0000][1692535][info ][gc,marking  ] GC(77) Concurrent Clear Claimed Marks 0.160ms
[2025-08-19T18:14:29.087+0000][1692535][info ][gc,marking  ] GC(77) Concurrent Cleanup for Next Mark
[2025-08-19T18:14:29.115+0000][1692535][info ][gc,marking  ] GC(77) Concurrent Cleanup for Next Mark 28.575ms
[2025-08-19T18:14:29.115+0000][1692535][info ][gc          ] GC(77) Concurrent Mark Cycle 2014.661ms
[2025-08-19T18:14:55.088+0000][1692535][info ][safepoint   ] Safepoint "Cleanup", Time since last: 26001523449 ns, Reaching safepoint: 75434 ns, Cleanup: 10045 ns, At safepoint: 5428 ns, Total: 90907 ns
[2025-08-19T18:26:14.398+0000][1692535][info ][gc,start    ] GC(78) Pause Young (Prepare Mixed) (G1 Evacuation Pause)
[2025-08-19T18:26:14.398+0000][1692535][info ][gc,task     ] GC(78) Using 1 workers of 1 for evacuation
[2025-08-19T18:26:14.398+0000][1692535][debug][gc,age      ] GC(78) Desired survivor size 20971520 bytes, new threshold 15 (max threshold 15)
[2025-08-19T18:26:14.401+0000][1692535][info ][gc,phases   ] GC(78)   Pre Evacuate Collection Set: 0.0ms
[2025-08-19T18:26:14.401+0000][1692535][info ][gc,phases   ] GC(78)   Merge Heap Roots: 0.0ms
[2025-08-19T18:26:14.401+0000][1692535][info ][gc,phases   ] GC(78)   Evacuate Collection Set: 1.6ms
[2025-08-19T18:26:14.401+0000][1692535][info ][gc,phases   ] GC(78)   Post Evacuate Collection Set: 0.8ms
[2025-08-19T18:26:14.401+0000][1692535][info ][gc,phases   ] GC(78)   Other: 0.0ms
[2025-08-19T18:26:14.401+0000][1692535][trace][gc,age      ] GC(78) Age table with threshold 15 (max threshold 15)
[2025-08-19T18:26:14.401+0000][1692535][trace][gc,age      ] GC(78) - age   1:       9384 bytes,       9384 total
[2025-08-19T18:26:14.401+0000][1692535][trace][gc,age      ] GC(78) - age   2:       1480 bytes,      10864 total
[2025-08-19T18:26:14.401+0000][1692535][trace][gc,age      ] GC(78) - age   4:        176 bytes,      11040 total
[2025-08-19T18:26:14.401+0000][1692535][trace][gc,age      ] GC(78) - age   5:        936 bytes,      11976 total
[2025-08-19T18:26:14.401+0000][1692535][trace][gc,age      ] GC(78) - age   7:       4768 bytes,      16744 total
[2025-08-19T18:26:14.401+0000][1692535][trace][gc,age      ] GC(78) - age   8:      13520 bytes,      30264 total
[2025-08-19T18:26:14.401+0000][1692535][trace][gc,age      ] GC(78) - age   9:      56776 bytes,      87040 total
[2025-08-19T18:26:14.401+0000][1692535][info ][gc,heap     ] GC(78) Eden regions: 75->0(75)
[2025-08-19T18:26:14.401+0000][1692535][info ][gc,heap     ] GC(78) Survivor regions: 1->1(10)
[2025-08-19T18:26:14.401+0000][1692535][info ][gc,heap     ] GC(78) Old regions: 25->25
[2025-08-19T18:26:14.401+0000][1692535][info ][gc,heap     ] GC(78) Humongous regions: 0->0
[2025-08-19T18:26:14.401+0000][1692535][info ][gc,metaspace] GC(78) Metaspace: 137899K(143744K)->137899K(143744K) NonClass: 119682K(123264K)->119682K(123264K) Class: 18217K(20480K)->18217K(20480K)
[2025-08-19T18:26:14.401+0000][1692535][info ][gc          ] GC(78) Pause Young (Prepare Mixed) (G1 Evacuation Pause) 396M->96M(512M) 3.090ms
[2025-08-19T18:26:14.401+0000][1692535][info ][gc,cpu      ] GC(78) User=0.01s Sys=0.00s Real=0.00s
[2025-08-19T18:26:14.401+0000][1692535][info ][safepoint   ] Safepoint "G1CollectForAllocation", Time since last: 679309672422 ns, Reaching safepoint: 7972 ns, Cleanup: 3576 ns, At safepoint: 3126031 ns, Total: 3137579 ns
[2025-08-19T18:36:28.437+0000][1692535][info ][safepoint   ] Safepoint "Cleanup", Time since last: 614036018117 ns, Reaching safepoint: 72871 ns, Cleanup: 11176 ns, At safepoint: 4798 ns, Total: 88845 ns
[2025-08-19T18:37:59.293+0000][1692535][info ][gc,start    ] GC(79) Pause Young (Mixed) (G1 Evacuation Pause)
[2025-08-19T18:37:59.294+0000][1692535][info ][gc,task     ] GC(79) Using 1 workers of 1 for evacuation
[2025-08-19T18:37:59.294+0000][1692535][debug][gc,age      ] GC(79) Desired survivor size 20971520 bytes, new threshold 15 (max threshold 15)
[2025-08-19T18:37:59.300+0000][1692535][info ][gc,phases   ] GC(79)   Pre Evacuate Collection Set: 0.0ms
[2025-08-19T18:37:59.300+0000][1692535][info ][gc,phases   ] GC(79)   Merge Heap Roots: 0.0ms
[2025-08-19T18:37:59.300+0000][1692535][info ][gc,phases   ] GC(79)   Evacuate Collection Set: 5.1ms
[2025-08-19T18:37:59.300+0000][1692535][info ][gc,phases   ] GC(79)   Post Evacuate Collection Set: 0.9ms
[2025-08-19T18:37:59.300+0000][1692535][info ][gc,phases   ] GC(79)   Other: 0.0ms
[2025-08-19T18:37:59.300+0000][1692535][trace][gc,age      ] GC(79) Age table with threshold 15 (max threshold 15)
[2025-08-19T18:37:59.300+0000][1692535][trace][gc,age      ] GC(79) - age   1:       9520 bytes,       9520 total
[2025-08-19T18:37:59.300+0000][1692535][trace][gc,age      ] GC(79) - age   3:       1304 bytes,      10824 total
[2025-08-19T18:37:59.300+0000][1692535][trace][gc,age      ] GC(79) - age   5:        176 bytes,      11000 total
[2025-08-19T18:37:59.300+0000][1692535][trace][gc,age      ] GC(79) - age   6:        936 bytes,      11936 total
[2025-08-19T18:37:59.300+0000][1692535][trace][gc,age      ] GC(79) - age   8:       4768 bytes,      16704 total
[2025-08-19T18:37:59.300+0000][1692535][trace][gc,age      ] GC(79) - age   9:      13520 bytes,      30224 total
[2025-08-19T18:37:59.300+0000][1692535][trace][gc,age      ] GC(79) - age  10:      56776 bytes,      87000 total
[2025-08-19T18:37:59.300+0000][1692535][info ][gc,heap     ] GC(79) Eden regions: 75->0(75)
[2025-08-19T18:37:59.300+0000][1692535][info ][gc,heap     ] GC(79) Survivor regions: 1->1(10)
[2025-08-19T18:37:59.300+0000][1692535][info ][gc,heap     ] GC(79) Old regions: 25->24
[2025-08-19T18:37:59.300+0000][1692535][info ][gc,heap     ] GC(79) Humongous regions: 0->0
[2025-08-19T18:37:59.300+0000][1692535][info ][gc,metaspace] GC(79) Metaspace: 137899K(143744K)->137899K(143744K) NonClass: 119682K(123264K)->119682K(123264K) Class: 18217K(20480K)->18217K(20480K)
[2025-08-19T18:37:59.300+0000][1692535][info ][gc          ] GC(79) Pause Young (Mixed) (G1 Evacuation Pause) 396M->92M(512M) 6.719ms
[2025-08-19T18:37:59.300+0000][1692535][info ][gc,cpu      ] GC(79) User=0.00s Sys=0.00s Real=0.01s
[2025-08-19T18:37:59.300+0000][1692535][info ][safepoint   ] Safepoint "G1CollectForAllocation", Time since last: 90856042325 ns, Reaching safepoint: 4848 ns, Cleanup: 3325 ns, At safepoint: 6755874 ns, Total: 6764047 ns
[2025-08-19T18:49:07.407+0000][1692535][info ][safepoint   ] Safepoint "Cleanup", Time since last: 668106475381 ns, Reaching safepoint: 36886 ns, Cleanup: 9754 ns, At safepoint: 4297 ns, Total: 50937 ns
[2025-08-19T18:49:29.410+0000][1692535][info ][safepoint   ] Safepoint "Cleanup", Time since last: 22003639344 ns, Reaching safepoint: 38288 ns, Cleanup: 8653 ns, At safepoint: 4657 ns, Total: 51598 ns
[2025-08-19T18:49:46.047+0000][1692535][info ][gc,start    ] GC(80) Pause Young (Normal) (G1 Evacuation Pause)
[2025-08-19T18:49:46.047+0000][1692535][info ][gc,task     ] GC(80) Using 1 workers of 1 for evacuation
[2025-08-19T18:49:46.047+0000][1692535][debug][gc,age      ] GC(80) Desired survivor size 20971520 bytes, new threshold 15 (max threshold 15)
[2025-08-19T18:49:46.050+0000][1692535][info ][gc,phases   ] GC(80)   Pre Evacuate Collection Set: 0.0ms
[2025-08-19T18:49:46.050+0000][1692535][info ][gc,phases   ] GC(80)   Merge Heap Roots: 0.0ms
[2025-08-19T18:49:46.050+0000][1692535][info ][gc,phases   ] GC(80)   Evacuate Collection Set: 1.5ms
[2025-08-19T18:49:46.050+0000][1692535][info ][gc,phases   ] GC(80)   Post Evacuate Collection Set: 1.1ms
[2025-08-19T18:49:46.050+0000][1692535][info ][gc,phases   ] GC(80)   Other: 0.0ms
[2025-08-19T18:49:46.050+0000][1692535][trace][gc,age      ] GC(80) Age table with threshold 15 (max threshold 15)
[2025-08-19T18:49:46.050+0000][1692535][trace][gc,age      ] GC(80) - age   1:      11208 bytes,      11208 total
[2025-08-19T18:49:46.050+0000][1692535][trace][gc,age      ] GC(80) - age   2:         72 bytes,      11280 total
[2025-08-19T18:49:46.050+0000][1692535][trace][gc,age      ] GC(80) - age   4:       1304 bytes,      12584 total
[2025-08-19T18:49:46.050+0000][1692535][trace][gc,age      ] GC(80) - age   7:        936 bytes,      13520 total
[2025-08-19T18:49:46.050+0000][1692535][trace][gc,age      ] GC(80) - age   9:       4768 bytes,      18288 total
[2025-08-19T18:49:46.050+0000][1692535][trace][gc,age      ] GC(80) - age  10:      13520 bytes,      31808 total
[2025-08-19T18:49:46.050+0000][1692535][trace][gc,age      ] GC(80) - age  11:      56776 bytes,      88584 total
[2025-08-19T18:49:46.050+0000][1692535][info ][gc,heap     ] GC(80) Eden regions: 75->0(75)
[2025-08-19T18:49:46.050+0000][1692535][info ][gc,heap     ] GC(80) Survivor regions: 1->1(10)
[2025-08-19T18:49:46.050+0000][1692535][info ][gc,heap     ] GC(80) Old regions: 24->24
[2025-08-19T18:49:46.050+0000][1692535][info ][gc,heap     ] GC(80) Humongous regions: 0->0
[2025-08-19T18:49:46.050+0000][1692535][info ][gc,metaspace] GC(80) Metaspace: 137899K(143744K)->137899K(143744K) NonClass: 119682K(123264K)->119682K(123264K) Class: 18217K(20480K)->18217K(20480K)
[2025-08-19T18:49:46.050+0000][1692535][info ][gc          ] GC(80) Pause Young (Normal) (G1 Evacuation Pause) 392M->92M(512M) 2.771ms
[2025-08-19T18:49:46.050+0000][1692535][info ][gc,cpu      ] GC(80) User=0.00s Sys=0.00s Real=0.00s
[2025-08-19T18:49:46.050+0000][1692535][info ][safepoint   ] Safepoint "G1CollectForAllocation", Time since last: 16636526749 ns, Reaching safepoint: 7241 ns, Cleanup: 2984 ns, At safepoint: 2806549 ns, Total: 2816774 ns
[2025-08-19T18:54:17.066+0000][1692535][info ][safepoint   ] Safepoint "Cleanup", Time since last: 271016187389 ns, Reaching safepoint: 36685 ns, Cleanup: 10957 ns, At safepoint: 5128 ns, Total: 52770 ns
[2025-08-19T18:54:25.067+0000][1692535][info ][safepoint   ] Safepoint "Cleanup", Time since last: 8000892783 ns, Reaching safepoint: 42985 ns, Cleanup: 12559 ns, At safepoint: 5197 ns, Total: 60741 ns
[2025-08-19T18:55:27.071+0000][1692535][info ][safepoint   ] Safepoint "Cleanup", Time since last: 62003856125 ns, Reaching safepoint: 46030 ns, Cleanup: 11077 ns, At safepoint: 5248 ns, Total: 62355 ns
[2025-08-19T19:01:29.005+0000][1692535][info ][gc,start    ] GC(81) Pause Young (Concurrent Start) (G1 Evacuation Pause)
[2025-08-19T19:01:29.005+0000][1692535][info ][gc,task     ] GC(81) Using 1 workers of 1 for evacuation
[2025-08-19T19:01:29.005+0000][1692535][debug][gc,age      ] GC(81) Desired survivor size 20971520 bytes, new threshold 15 (max threshold 15)
[2025-08-19T19:01:29.008+0000][1692535][info ][gc,phases   ] GC(81)   Pre Evacuate Collection Set: 0.0ms
[2025-08-19T19:01:29.008+0000][1692535][info ][gc,phases   ] GC(81)   Merge Heap Roots: 0.0ms
[2025-08-19T19:01:29.008+0000][1692535][info ][gc,phases   ] GC(81)   Evacuate Collection Set: 2.2ms
[2025-08-19T19:01:29.008+0000][1692535][info ][gc,phases   ] GC(81)   Post Evacuate Collection Set: 0.8ms
[2025-08-19T19:01:29.008+0000][1692535][info ][gc,phases   ] GC(81)   Other: 0.0ms
[2025-08-19T19:01:29.008+0000][1692535][trace][gc,age      ] GC(81) Age table with threshold 15 (max threshold 15)
[2025-08-19T19:01:29.008+0000][1692535][trace][gc,age      ] GC(81) - age   1:      33264 bytes,      33264 total
[2025-08-19T19:01:29.008+0000][1692535][trace][gc,age      ] GC(81) - age   2:        352 bytes,      33616 total
[2025-08-19T19:01:29.008+0000][1692535][trace][gc,age      ] GC(81) - age   3:         72 bytes,      33688 total
[2025-08-19T19:01:29.008+0000][1692535][trace][gc,age      ] GC(81) - age   5:       1304 bytes,      34992 total
[2025-08-19T19:01:29.008+0000][1692535][trace][gc,age      ] GC(81) - age   8:        936 bytes,      35928 total
[2025-08-19T19:01:29.008+0000][1692535][trace][gc,age      ] GC(81) - age  10:       4768 bytes,      40696 total
[2025-08-19T19:01:29.008+0000][1692535][trace][gc,age      ] GC(81) - age  11:      13520 bytes,      54216 total
[2025-08-19T19:01:29.008+0000][1692535][trace][gc,age      ] GC(81) - age  12:      56776 bytes,     110992 total
[2025-08-19T19:01:29.008+0000][1692535][info ][gc,heap     ] GC(81) Eden regions: 75->0(75)
[2025-08-19T19:01:29.008+0000][1692535][info ][gc,heap     ] GC(81) Survivor regions: 1->1(10)
[2025-08-19T19:01:29.008+0000][1692535][info ][gc,heap     ] GC(81) Old regions: 24->24
[2025-08-19T19:01:29.008+0000][1692535][info ][gc,heap     ] GC(81) Humongous regions: 0->0
[2025-08-19T19:01:29.008+0000][1692535][info ][gc,metaspace] GC(81) Metaspace: 137899K(143744K)->137899K(143744K) NonClass: 119682K(123264K)->119682K(123264K) Class: 18217K(20480K)->18217K(20480K)
[2025-08-19T19:01:29.008+0000][1692535][info ][gc          ] GC(81) Pause Young (Concurrent Start) (G1 Evacuation Pause) 392M->92M(512M) 3.407ms
[2025-08-19T19:01:29.008+0000][1692535][info ][gc,cpu      ] GC(81) User=0.00s Sys=0.00s Real=0.01s
[2025-08-19T19:01:29.008+0000][1692535][info ][safepoint   ] Safepoint "G1CollectForAllocation", Time since last: 361934242736 ns, Reaching safepoint: 40902 ns, Cleanup: 3004 ns, At safepoint: 3444182 ns, Total: 3488088 ns
[2025-08-19T19:01:29.012+0000][1692535][info ][gc          ] GC(82) Concurrent Mark Cycle
[2025-08-19T19:01:29.012+0000][1692535][info ][gc,marking  ] GC(82) Concurrent Scan Root Regions
[2025-08-19T19:01:29.013+0000][1692535][info ][gc,marking  ] GC(82) Concurrent Scan Root Regions 0.693ms
[2025-08-19T19:01:29.013+0000][1692535][info ][gc,marking  ] GC(82) Concurrent Mark
[2025-08-19T19:01:29.013+0000][1692535][info ][gc,marking  ] GC(82) Concurrent Mark From Roots
[2025-08-19T19:01:29.013+0000][1692535][info ][gc,task     ] GC(82) Using 1 workers of 1 for marking
[2025-08-19T19:01:29.131+0000][1692535][info ][gc,marking  ] GC(82) Concurrent Mark From Roots 118.090ms
[2025-08-19T19:01:29.131+0000][1692535][info ][gc,marking  ] GC(82) Concurrent Preclean
[2025-08-19T19:01:29.131+0000][1692535][info ][gc,marking  ] GC(82) Concurrent Preclean 0.168ms
[2025-08-19T19:01:29.131+0000][1692535][info ][gc,start    ] GC(82) Pause Remark
[2025-08-19T19:01:29.188+0000][1692535][info ][gc          ] GC(82) Pause Remark 94M->94M(512M) 56.829ms
[2025-08-19T19:01:29.188+0000][1692535][info ][gc,cpu      ] GC(82) User=0.04s Sys=0.00s Real=0.06s
[2025-08-19T19:01:29.188+0000][1692535][info ][safepoint   ] Safepoint "G1PauseRemark", Time since last: 123027026 ns, Reaching safepoint: 5378 ns, Cleanup: 2444 ns, At safepoint: 56911707 ns, Total: 56919529 ns
[2025-08-19T19:01:29.188+0000][1692535][info ][gc,marking  ] GC(82) Concurrent Mark 175.248ms
[2025-08-19T19:01:29.188+0000][1692535][info ][gc,marking  ] GC(82) Concurrent Rebuild Remembered Sets and Scrub Regions
[2025-08-19T19:01:29.225+0000][1692535][info ][gc,marking  ] GC(82) Concurrent Rebuild Remembered Sets and Scrub Regions 36.911ms
[2025-08-19T19:01:29.225+0000][1692535][info ][gc,start    ] GC(82) Pause Cleanup
[2025-08-19T19:01:29.225+0000][1692535][info ][gc          ] GC(82) Pause Cleanup 94M->94M(512M) 0.044ms
[2025-08-19T19:01:29.225+0000][1692535][info ][gc,cpu      ] GC(82) User=0.00s Sys=0.00s Real=0.00s
[2025-08-19T19:01:29.225+0000][1692535][info ][safepoint   ] Safepoint "G1PauseCleanup", Time since last: 36976759 ns, Reaching safepoint: 4387 ns, Cleanup: 57927 ns, At safepoint: 71829 ns, Total: 134143 ns
[2025-08-19T19:01:29.226+0000][1692535][info ][gc,marking  ] GC(82) Concurrent Clear Claimed Marks
[2025-08-19T19:01:29.226+0000][1692535][info ][gc,marking  ] GC(82) Concurrent Clear Claimed Marks 0.174ms
[2025-08-19T19:01:29.226+0000][1692535][info ][gc,marking  ] GC(82) Concurrent Cleanup for Next Mark
[2025-08-19T19:01:29.227+0000][1692535][info ][gc,marking  ] GC(82) Concurrent Cleanup for Next Mark 1.562ms
[2025-08-19T19:01:29.227+0000][1692535][info ][gc          ] GC(82) Concurrent Mark Cycle 214.823ms
[2025-08-19T19:03:57.234+0000][1692535][info ][safepoint   ] Safepoint "Cleanup", Time since last: 148008758036 ns, Reaching safepoint: 69044 ns, Cleanup: 10436 ns, At safepoint: 7281 ns, Total: 86761 ns
[2025-08-19T19:13:16.893+0000][1692535][info ][gc,start    ] GC(83) Pause Young (Prepare Mixed) (G1 Evacuation Pause)
[2025-08-19T19:13:16.893+0000][1692535][info ][gc,task     ] GC(83) Using 1 workers of 1 for evacuation
[2025-08-19T19:13:16.893+0000][1692535][debug][gc,age      ] GC(83) Desired survivor size 20971520 bytes, new threshold 15 (max threshold 15)
[2025-08-19T19:13:16.896+0000][1692535][info ][gc,phases   ] GC(83)   Pre Evacuate Collection Set: 0.0ms
[2025-08-19T19:13:16.896+0000][1692535][info ][gc,phases   ] GC(83)   Merge Heap Roots: 0.0ms
[2025-08-19T19:13:16.896+0000][1692535][info ][gc,phases   ] GC(83)   Evacuate Collection Set: 1.8ms
[2025-08-19T19:13:16.896+0000][1692535][info ][gc,phases   ] GC(83)   Post Evacuate Collection Set: 0.8ms
[2025-08-19T19:13:16.896+0000][1692535][info ][gc,phases   ] GC(83)   Other: 0.0ms
[2025-08-19T19:13:16.896+0000][1692535][trace][gc,age      ] GC(83) Age table with threshold 15 (max threshold 15)
[2025-08-19T19:13:16.896+0000][1692535][trace][gc,age      ] GC(83) - age   1:       9488 bytes,       9488 total
[2025-08-19T19:13:16.896+0000][1692535][trace][gc,age      ] GC(83) - age   2:        456 bytes,       9944 total
[2025-08-19T19:13:16.896+0000][1692535][trace][gc,age      ] GC(83) - age   3:        176 bytes,      10120 total
[2025-08-19T19:13:16.896+0000][1692535][trace][gc,age      ] GC(83) - age   4:         72 bytes,      10192 total
[2025-08-19T19:13:16.896+0000][1692535][trace][gc,age      ] GC(83) - age   6:       1304 bytes,      11496 total
[2025-08-19T19:13:16.896+0000][1692535][trace][gc,age      ] GC(83) - age   9:        936 bytes,      12432 total
[2025-08-19T19:13:16.896+0000][1692535][trace][gc,age      ] GC(83) - age  11:       4768 bytes,      17200 total
[2025-08-19T19:13:16.896+0000][1692535][trace][gc,age      ] GC(83) - age  12:      13520 bytes,      30720 total
[2025-08-19T19:13:16.896+0000][1692535][trace][gc,age      ] GC(83) - age  13:      56776 bytes,      87496 total
[2025-08-19T19:13:16.896+0000][1692535][info ][gc,heap     ] GC(83) Eden regions: 75->0(75)
[2025-08-19T19:13:16.896+0000][1692535][info ][gc,heap     ] GC(83) Survivor regions: 1->1(10)
[2025-08-19T19:13:16.896+0000][1692535][info ][gc,heap     ] GC(83) Old regions: 24->24
[2025-08-19T19:13:16.896+0000][1692535][info ][gc,heap     ] GC(83) Humongous regions: 0->0
[2025-08-19T19:13:16.896+0000][1692535][info ][gc,metaspace] GC(83) Metaspace: 137899K(143744K)->137899K(143744K) NonClass: 119682K(123264K)->119682K(123264K) Class: 18217K(20480K)->18217K(20480K)
[2025-08-19T19:13:16.896+0000][1692535][info ][gc          ] GC(83) Pause Young (Prepare Mixed) (G1 Evacuation Pause) 392M->92M(512M) 3.261ms
[2025-08-19T19:13:16.896+0000][1692535][info ][gc,cpu      ] GC(83) User=0.00s Sys=0.00s Real=0.01s
[2025-08-19T19:13:16.896+0000][1692535][info ][safepoint   ] Safepoint "G1CollectForAllocation", Time since last: 559658379275 ns, Reaching safepoint: 7671 ns, Cleanup: 3726 ns, At safepoint: 3295938 ns, Total: 3307335 ns
[2025-08-19T19:23:24.636+0000][1692535][info ][safepoint   ] Safepoint "Cleanup", Time since last: 607739562830 ns, Reaching safepoint: 62224 ns, Cleanup: 10456 ns, At safepoint: 2233 ns, Total: 74913 ns
[2025-08-19T19:23:54.638+0000][1692535][info ][safepoint   ] Safepoint "Cleanup", Time since last: 30002401365 ns, Reaching safepoint: 43616 ns, Cleanup: 11107 ns, At safepoint: 2433 ns, Total: 57156 ns
[2025-08-19T19:24:57.371+0000][1692535][info ][gc,start    ] GC(84) Pause Young (Mixed) (G1 Evacuation Pause)
[2025-08-19T19:24:57.371+0000][1692535][info ][gc,task     ] GC(84) Using 1 workers of 1 for evacuation
[2025-08-19T19:24:57.371+0000][1692535][debug][gc,age      ] GC(84) Desired survivor size 20971520 bytes, new threshold 15 (max threshold 15)
[2025-08-19T19:24:57.378+0000][1692535][info ][gc,phases   ] GC(84)   Pre Evacuate Collection Set: 0.1ms
[2025-08-19T19:24:57.378+0000][1692535][info ][gc,phases   ] GC(84)   Merge Heap Roots: 0.0ms
[2025-08-19T19:24:57.378+0000][1692535][info ][gc,phases   ] GC(84)   Evacuate Collection Set: 5.5ms
[2025-08-19T19:24:57.378+0000][1692535][info ][gc,phases   ] GC(84)   Post Evacuate Collection Set: 0.8ms
[2025-08-19T19:24:57.378+0000][1692535][info ][gc,phases   ] GC(84)   Other: 0.0ms
[2025-08-19T19:24:57.378+0000][1692535][trace][gc,age      ] GC(84) Age table with threshold 15 (max threshold 15)
[2025-08-19T19:24:57.378+0000][1692535][trace][gc,age      ] GC(84) - age   1:      12576 bytes,      12576 total
[2025-08-19T19:24:57.378+0000][1692535][trace][gc,age      ] GC(84) - age   2:        104 bytes,      12680 total
[2025-08-19T19:24:57.378+0000][1692535][trace][gc,age      ] GC(84) - age   3:        280 bytes,      12960 total
[2025-08-19T19:24:57.378+0000][1692535][trace][gc,age      ] GC(84) - age   4:        176 bytes,      13136 total
[2025-08-19T19:24:57.378+0000][1692535][trace][gc,age      ] GC(84) - age   5:         72 bytes,      13208 total
[2025-08-19T19:24:57.378+0000][1692535][trace][gc,age      ] GC(84) - age   7:       1304 bytes,      14512 total
[2025-08-19T19:24:57.378+0000][1692535][trace][gc,age      ] GC(84) - age  10:        936 bytes,      15448 total
[2025-08-19T19:24:57.378+0000][1692535][trace][gc,age      ] GC(84) - age  12:       4768 bytes,      20216 total
[2025-08-19T19:24:57.378+0000][1692535][trace][gc,age      ] GC(84) - age  13:      13520 bytes,      33736 total
[2025-08-19T19:24:57.378+0000][1692535][trace][gc,age      ] GC(84) - age  14:      56776 bytes,      90512 total
[2025-08-19T19:24:57.378+0000][1692535][info ][gc,heap     ] GC(84) Eden regions: 75->0(75)
[2025-08-19T19:24:57.378+0000][1692535][info ][gc,heap     ] GC(84) Survivor regions: 1->1(10)
[2025-08-19T19:24:57.378+0000][1692535][info ][gc,heap     ] GC(84) Old regions: 24->23
[2025-08-19T19:24:57.378+0000][1692535][info ][gc,heap     ] GC(84) Humongous regions: 0->0
[2025-08-19T19:24:57.378+0000][1692535][info ][gc,metaspace] GC(84) Metaspace: 137899K(143744K)->137899K(143744K) NonClass: 119682K(123264K)->119682K(123264K) Class: 18217K(20480K)->18217K(20480K)
[2025-08-19T19:24:57.378+0000][1692535][info ][gc          ] GC(84) Pause Young (Mixed) (G1 Evacuation Pause) 392M->89M(512M) 6.675ms
[2025-08-19T19:24:57.378+0000][1692535][info ][gc,cpu      ] GC(84) User=0.00s Sys=0.00s Real=0.01s
[2025-08-19T19:24:57.378+0000][1692535][info ][safepoint   ] Safepoint "G1CollectForAllocation", Time since last: 62733047868 ns, Reaching safepoint: 7351 ns, Cleanup: 2785 ns, At safepoint: 6710325 ns, Total: 6720461 ns
[2025-08-19T19:25:30.380+0000][1692535][info ][safepoint   ] Safepoint "Cleanup", Time since last: 33002321464 ns, Reaching safepoint: 37676 ns, Cleanup: 19881 ns, At safepoint: 5318 ns, Total: 62875 ns
[2025-08-19T19:33:24.408+0000][1692535][info ][safepoint   ] Safepoint "Cleanup", Time since last: 474027503024 ns, Reaching safepoint: 379303 ns, Cleanup: 10867 ns, At safepoint: 2874 ns, Total: 393044 ns
[2025-08-19T19:35:00.414+0000][1692535][info ][safepoint   ] Safepoint "Cleanup", Time since last: 96006116120 ns, Reaching safepoint: 5228 ns, Cleanup: 8353 ns, At safepoint: 19039 ns, Total: 32620 ns
[2025-08-19T19:36:42.792+0000][1692535][info ][gc,start    ] GC(85) Pause Young (Concurrent Start) (G1 Evacuation Pause)
[2025-08-19T19:36:42.793+0000][1692535][info ][gc,task     ] GC(85) Using 1 workers of 1 for evacuation
[2025-08-19T19:36:42.793+0000][1692535][debug][gc,age      ] GC(85) Desired survivor size 20971520 bytes, new threshold 15 (max threshold 15)
[2025-08-19T19:36:42.795+0000][1692535][info ][gc,phases   ] GC(85)   Pre Evacuate Collection Set: 0.1ms
[2025-08-19T19:36:42.795+0000][1692535][info ][gc,phases   ] GC(85)   Merge Heap Roots: 0.0ms
[2025-08-19T19:36:42.795+0000][1692535][info ][gc,phases   ] GC(85)   Evacuate Collection Set: 1.8ms
[2025-08-19T19:36:42.795+0000][1692535][info ][gc,phases   ] GC(85)   Post Evacuate Collection Set: 0.9ms
[2025-08-19T19:36:42.795+0000][1692535][info ][gc,phases   ] GC(85)   Other: 0.0ms
[2025-08-19T19:36:42.795+0000][1692535][trace][gc,age      ] GC(85) Age table with threshold 15 (max threshold 15)
[2025-08-19T19:36:42.795+0000][1692535][trace][gc,age      ] GC(85) - age   1:      21496 bytes,      21496 total
[2025-08-19T19:36:42.795+0000][1692535][trace][gc,age      ] GC(85) - age   2:       1520 bytes,      23016 total
[2025-08-19T19:36:42.795+0000][1692535][trace][gc,age      ] GC(85) - age   3:        104 bytes,      23120 total
[2025-08-19T19:36:42.795+0000][1692535][trace][gc,age      ] GC(85) - age   4:        280 bytes,      23400 total
[2025-08-19T19:36:42.795+0000][1692535][trace][gc,age      ] GC(85) - age   5:        176 bytes,      23576 total
[2025-08-19T19:36:42.795+0000][1692535][trace][gc,age      ] GC(85) - age   6:         72 bytes,      23648 total
[2025-08-19T19:36:42.795+0000][1692535][trace][gc,age      ] GC(85) - age   8:       1304 bytes,      24952 total
[2025-08-19T19:36:42.795+0000][1692535][trace][gc,age      ] GC(85) - age  11:        936 bytes,      25888 total
[2025-08-19T19:36:42.795+0000][1692535][trace][gc,age      ] GC(85) - age  13:       4768 bytes,      30656 total
[2025-08-19T19:36:42.795+0000][1692535][trace][gc,age      ] GC(85) - age  14:      13520 bytes,      44176 total
[2025-08-19T19:36:42.795+0000][1692535][trace][gc,age      ] GC(85) - age  15:      56776 bytes,     100952 total
[2025-08-19T19:36:42.795+0000][1692535][info ][gc,heap     ] GC(85) Eden regions: 75->0(75)
[2025-08-19T19:36:42.795+0000][1692535][info ][gc,heap     ] GC(85) Survivor regions: 1->1(10)
[2025-08-19T19:36:42.795+0000][1692535][info ][gc,heap     ] GC(85) Old regions: 23->23
[2025-08-19T19:36:42.795+0000][1692535][info ][gc,heap     ] GC(85) Humongous regions: 0->0
[2025-08-19T19:36:42.795+0000][1692535][info ][gc,metaspace] GC(85) Metaspace: 137900K(143744K)->137900K(143744K) NonClass: 119682K(123264K)->119682K(123264K) Class: 18217K(20480K)->18217K(20480K)
[2025-08-19T19:36:42.795+0000][1692535][info ][gc          ] GC(85) Pause Young (Concurrent Start) (G1 Evacuation Pause) 389M->89M(512M) 3.068ms
[2025-08-19T19:36:42.795+0000][1692535][info ][gc,cpu      ] GC(85) User=0.00s Sys=0.00s Real=0.01s
[2025-08-19T19:36:42.795+0000][1692535][info ][safepoint   ] Safepoint "G1CollectForAllocation", Time since last: 102378040484 ns, Reaching safepoint: 8744 ns, Cleanup: 3535 ns, At safepoint: 3106832 ns, Total: 3119111 ns
[2025-08-19T19:36:42.796+0000][1692535][info ][gc          ] GC(86) Concurrent Mark Cycle
[2025-08-19T19:36:42.796+0000][1692535][info ][gc,marking  ] GC(86) Concurrent Scan Root Regions
[2025-08-19T19:36:42.802+0000][1692535][info ][gc,marking  ] GC(86) Concurrent Scan Root Regions 6.846ms
[2025-08-19T19:36:42.802+0000][1692535][info ][gc,marking  ] GC(86) Concurrent Mark
[2025-08-19T19:36:42.802+0000][1692535][info ][gc,marking  ] GC(86) Concurrent Mark From Roots
[2025-08-19T19:36:42.802+0000][1692535][info ][gc,task     ] GC(86) Using 1 workers of 1 for marking
[2025-08-19T19:36:42.909+0000][1692535][info ][gc,marking  ] GC(86) Concurrent Mark From Roots 106.564ms
[2025-08-19T19:36:42.909+0000][1692535][info ][gc,marking  ] GC(86) Concurrent Preclean
[2025-08-19T19:36:42.909+0000][1692535][info ][gc,marking  ] GC(86) Concurrent Preclean 0.155ms
[2025-08-19T19:36:42.909+0000][1692535][info ][gc,start    ] GC(86) Pause Remark
[2025-08-19T19:36:42.943+0000][1692535][info ][gc          ] GC(86) Pause Remark 90M->90M(512M) 34.208ms
[2025-08-19T19:36:42.943+0000][1692535][info ][gc,cpu      ] GC(86) User=0.01s Sys=0.00s Real=0.03s
[2025-08-19T19:36:42.943+0000][1692535][info ][safepoint   ] Safepoint "G1PauseRemark", Time since last: 113670065 ns, Reaching safepoint: 4336 ns, Cleanup: 2013 ns, At safepoint: 34264292 ns, Total: 34270641 ns
[2025-08-19T19:36:42.943+0000][1692535][info ][gc,marking  ] GC(86) Concurrent Mark 141.067ms
[2025-08-19T19:36:42.943+0000][1692535][info ][gc,marking  ] GC(86) Concurrent Rebuild Remembered Sets and Scrub Regions
[2025-08-19T19:36:42.969+0000][1692535][info ][gc,marking  ] GC(86) Concurrent Rebuild Remembered Sets and Scrub Regions 25.420ms
[2025-08-19T19:36:42.969+0000][1692535][info ][gc,start    ] GC(86) Pause Cleanup
[2025-08-19T19:36:42.969+0000][1692535][info ][gc          ] GC(86) Pause Cleanup 90M->90M(512M) 0.038ms
[2025-08-19T19:36:42.969+0000][1692535][info ][gc,cpu      ] GC(86) User=0.00s Sys=0.00s Real=0.00s
[2025-08-19T19:36:42.969+0000][1692535][info ][safepoint   ] Safepoint "G1PauseCleanup", Time since last: 25468888 ns, Reaching safepoint: 3805 ns, Cleanup: 2003 ns, At safepoint: 68804 ns, Total: 74612 ns
[2025-08-19T19:36:42.969+0000][1692535][info ][gc,marking  ] GC(86) Concurrent Clear Claimed Marks
[2025-08-19T19:36:42.969+0000][1692535][info ][gc,marking  ] GC(86) Concurrent Clear Claimed Marks 0.149ms
[2025-08-19T19:36:42.969+0000][1692535][info ][gc,marking  ] GC(86) Concurrent Cleanup for Next Mark
[2025-08-19T19:36:42.978+0000][1692535][info ][gc,marking  ] GC(86) Concurrent Cleanup for Next Mark 9.195ms
[2025-08-19T19:36:42.978+0000][1692535][info ][gc          ] GC(86) Concurrent Mark Cycle 182.836ms
[2025-08-19T19:45:25.006+0000][1692535][info ][safepoint   ] Safepoint "Cleanup", Time since last: 522036694086 ns, Reaching safepoint: 258831 ns, Cleanup: 9504 ns, At safepoint: 2294 ns, Total: 270629 ns
[2025-08-19T19:48:28.215+0000][1692535][info ][gc,start    ] GC(87) Pause Young (Prepare Mixed) (G1 Evacuation Pause)
[2025-08-19T19:48:28.215+0000][1692535][info ][gc,task     ] GC(87) Using 1 workers of 1 for evacuation
[2025-08-19T19:48:28.215+0000][1692535][debug][gc,age      ] GC(87) Desired survivor size 20971520 bytes, new threshold 15 (max threshold 15)
[2025-08-19T19:48:28.218+0000][1692535][info ][gc,phases   ] GC(87)   Pre Evacuate Collection Set: 0.0ms
[2025-08-19T19:48:28.218+0000][1692535][info ][gc,phases   ] GC(87)   Merge Heap Roots: 0.0ms
[2025-08-19T19:48:28.218+0000][1692535][info ][gc,phases   ] GC(87)   Evacuate Collection Set: 2.5ms
[2025-08-19T19:48:28.218+0000][1692535][info ][gc,phases   ] GC(87)   Post Evacuate Collection Set: 0.8ms
[2025-08-19T19:48:28.218+0000][1692535][info ][gc,phases   ] GC(87)   Other: 0.0ms
[2025-08-19T19:48:28.218+0000][1692535][trace][gc,age      ] GC(87) Age table with threshold 15 (max threshold 15)
[2025-08-19T19:48:28.218+0000][1692535][trace][gc,age      ] GC(87) - age   1:      11208 bytes,      11208 total
[2025-08-19T19:48:28.218+0000][1692535][trace][gc,age      ] GC(87) - age   2:       2008 bytes,      13216 total
[2025-08-19T19:48:28.218+0000][1692535][trace][gc,age      ] GC(87) - age   3:       1520 bytes,      14736 total
[2025-08-19T19:48:28.218+0000][1692535][trace][gc,age      ] GC(87) - age   4:        104 bytes,      14840 total
[2025-08-19T19:48:28.218+0000][1692535][trace][gc,age      ] GC(87) - age   5:        280 bytes,      15120 total
[2025-08-19T19:48:28.218+0000][1692535][trace][gc,age      ] GC(87) - age   7:         72 bytes,      15192 total
[2025-08-19T19:48:28.218+0000][1692535][trace][gc,age      ] GC(87) - age   9:       1304 bytes,      16496 total
[2025-08-19T19:48:28.218+0000][1692535][trace][gc,age      ] GC(87) - age  12:        936 bytes,      17432 total
[2025-08-19T19:48:28.218+0000][1692535][trace][gc,age      ] GC(87) - age  14:       4768 bytes,      22200 total
[2025-08-19T19:48:28.218+0000][1692535][trace][gc,age      ] GC(87) - age  15:      13520 bytes,      35720 total
[2025-08-19T19:48:28.218+0000][1692535][info ][gc,heap     ] GC(87) Eden regions: 75->0(75)
[2025-08-19T19:48:28.218+0000][1692535][info ][gc,heap     ] GC(87) Survivor regions: 1->1(10)
[2025-08-19T19:48:28.218+0000][1692535][info ][gc,heap     ] GC(87) Old regions: 23->23
[2025-08-19T19:48:28.218+0000][1692535][info ][gc,heap     ] GC(87) Humongous regions: 0->0
[2025-08-19T19:48:28.218+0000][1692535][info ][gc,metaspace] GC(87) Metaspace: 137908K(143744K)->137908K(143744K) NonClass: 119691K(123264K)->119691K(123264K) Class: 18217K(20480K)->18217K(20480K)
[2025-08-19T19:48:28.218+0000][1692535][info ][gc          ] GC(87) Pause Young (Prepare Mixed) (G1 Evacuation Pause) 389M->89M(512M) 3.638ms
[2025-08-19T19:48:28.218+0000][1692535][info ][gc,cpu      ] GC(87) User=0.01s Sys=0.00s Real=0.01s
[2025-08-19T19:48:28.218+0000][1692535][info ][safepoint   ] Safepoint "G1CollectForAllocation", Time since last: 183208804782 ns, Reaching safepoint: 7111 ns, Cleanup: 3144 ns, At safepoint: 3672718 ns, Total: 3682973 ns
[2025-08-19T19:55:47.245+0000][1692535][info ][safepoint   ] Safepoint "Cleanup", Time since last: 439026358579 ns, Reaching safepoint: 36285 ns, Cleanup: 5999 ns, At safepoint: 2804 ns, Total: 45088 ns
[2025-08-19T19:57:17.261+0000][1692535][info ][safepoint   ] Safepoint "Cleanup", Time since last: 90016300091 ns, Reaching safepoint: 29595 ns, Cleanup: 10976 ns, At safepoint: 5138 ns, Total: 45709 ns
[2025-08-19T19:57:26.262+0000][1692535][info ][safepoint   ] Safepoint "Cleanup", Time since last: 9000986731 ns, Reaching safepoint: 6240 ns, Cleanup: 10656 ns, At safepoint: 2724 ns, Total: 19620 ns
[2025-08-19T20:00:15.115+0000][1692535][info ][gc,start    ] GC(88) Pause Young (Mixed) (G1 Evacuation Pause)
[2025-08-19T20:00:15.115+0000][1692535][info ][gc,task     ] GC(88) Using 1 workers of 1 for evacuation
[2025-08-19T20:00:15.115+0000][1692535][debug][gc,age      ] GC(88) Desired survivor size 20971520 bytes, new threshold 15 (max threshold 15)
[2025-08-19T20:00:15.129+0000][1692535][info ][gc,phases   ] GC(88)   Pre Evacuate Collection Set: 0.0ms
[2025-08-19T20:00:15.129+0000][1692535][info ][gc,phases   ] GC(88)   Merge Heap Roots: 0.0ms
[2025-08-19T20:00:15.130+0000][1692535][info ][gc,phases   ] GC(88)   Evacuate Collection Set: 13.5ms
[2025-08-19T20:00:15.130+0000][1692535][info ][gc,phases   ] GC(88)   Post Evacuate Collection Set: 0.9ms
[2025-08-19T20:00:15.130+0000][1692535][info ][gc,phases   ] GC(88)   Other: 0.0ms
[2025-08-19T20:00:15.130+0000][1692535][trace][gc,age      ] GC(88) Age table with threshold 15 (max threshold 15)
[2025-08-19T20:00:15.130+0000][1692535][trace][gc,age      ] GC(88) - age   1:       9336 bytes,       9336 total
[2025-08-19T20:00:15.130+0000][1692535][trace][gc,age      ] GC(88) - age   2:        352 bytes,       9688 total
[2025-08-19T20:00:15.130+0000][1692535][trace][gc,age      ] GC(88) - age   3:       2008 bytes,      11696 total
[2025-08-19T20:00:15.130+0000][1692535][trace][gc,age      ] GC(88) - age   4:       1520 bytes,      13216 total
[2025-08-19T20:00:15.130+0000][1692535][trace][gc,age      ] GC(88) - age   5:        104 bytes,      13320 total
[2025-08-19T20:00:15.130+0000][1692535][trace][gc,age      ] GC(88) - age   6:        280 bytes,      13600 total
[2025-08-19T20:00:15.130+0000][1692535][trace][gc,age      ] GC(88) - age   8:         72 bytes,      13672 total
[2025-08-19T20:00:15.130+0000][1692535][trace][gc,age      ] GC(88) - age  10:       1304 bytes,      14976 total
[2025-08-19T20:00:15.130+0000][1692535][trace][gc,age      ] GC(88) - age  13:        936 bytes,      15912 total
[2025-08-19T20:00:15.130+0000][1692535][trace][gc,age      ] GC(88) - age  15:       4768 bytes,      20680 total
[2025-08-19T20:00:15.130+0000][1692535][info ][gc,heap     ] GC(88) Eden regions: 75->0(75)
[2025-08-19T20:00:15.130+0000][1692535][info ][gc,heap     ] GC(88) Survivor regions: 1->1(10)
[2025-08-19T20:00:15.130+0000][1692535][info ][gc,heap     ] GC(88) Old regions: 23->22
[2025-08-19T20:00:15.130+0000][1692535][info ][gc,heap     ] GC(88) Humongous regions: 0->0
[2025-08-19T20:00:15.130+0000][1692535][info ][gc,metaspace] GC(88) Metaspace: 137908K(143744K)->137908K(143744K) NonClass: 119691K(123264K)->119691K(123264K) Class: 18217K(20480K)->18217K(20480K)
[2025-08-19T20:00:15.130+0000][1692535][info ][gc          ] GC(88) Pause Young (Mixed) (G1 Evacuation Pause) 389M->87M(512M) 15.073ms
[2025-08-19T20:00:15.130+0000][1692535][info ][gc,cpu      ] GC(88) User=0.01s Sys=0.00s Real=0.02s
[2025-08-19T20:00:15.130+0000][1692535][info ][safepoint   ] Safepoint "G1CollectForAllocation", Time since last: 168852294977 ns, Reaching safepoint: 9274 ns, Cleanup: 3525 ns, At safepoint: 15110090 ns, Total: 15122889 ns
[2025-08-19T20:05:32.168+0000][1692535][info ][safepoint   ] Safepoint "Cleanup", Time since last: 317038702954 ns, Reaching safepoint: 40451 ns, Cleanup: 8713 ns, At safepoint: 4848 ns, Total: 54012 ns
[2025-08-19T20:11:07.225+0000][1692535][info ][safepoint   ] Safepoint "Cleanup", Time since last: 335056978728 ns, Reaching safepoint: 45950 ns, Cleanup: 9424 ns, At safepoint: 5819 ns, Total: 61193 ns
[2025-08-19T20:11:59.067+0000][1692535][info ][gc,start    ] GC(89) Pause Young (Concurrent Start) (G1 Evacuation Pause)
[2025-08-19T20:11:59.067+0000][1692535][info ][gc,task     ] GC(89) Using 1 workers of 1 for evacuation
[2025-08-19T20:11:59.067+0000][1692535][debug][gc,age      ] GC(89) Desired survivor size 20971520 bytes, new threshold 15 (max threshold 15)
[2025-08-19T20:11:59.070+0000][1692535][info ][gc,phases   ] GC(89)   Pre Evacuate Collection Set: 0.0ms
[2025-08-19T20:11:59.070+0000][1692535][info ][gc,phases   ] GC(89)   Merge Heap Roots: 0.0ms
[2025-08-19T20:11:59.070+0000][1692535][info ][gc,phases   ] GC(89)   Evacuate Collection Set: 1.7ms
[2025-08-19T20:11:59.070+0000][1692535][info ][gc,phases   ] GC(89)   Post Evacuate Collection Set: 0.7ms
[2025-08-19T20:11:59.070+0000][1692535][info ][gc,phases   ] GC(89)   Other: 0.0ms
[2025-08-19T20:11:59.070+0000][1692535][trace][gc,age      ] GC(89) Age table with threshold 15 (max threshold 15)
[2025-08-19T20:11:59.070+0000][1692535][trace][gc,age      ] GC(89) - age   1:      10976 bytes,      10976 total
[2025-08-19T20:11:59.070+0000][1692535][trace][gc,age      ] GC(89) - age   2:        176 bytes,      11152 total
[2025-08-19T20:11:59.070+0000][1692535][trace][gc,age      ] GC(89) - age   3:        176 bytes,      11328 total
[2025-08-19T20:11:59.070+0000][1692535][trace][gc,age      ] GC(89) - age   4:       2008 bytes,      13336 total
[2025-08-19T20:11:59.070+0000][1692535][trace][gc,age      ] GC(89) - age   5:       1520 bytes,      14856 total
[2025-08-19T20:11:59.070+0000][1692535][trace][gc,age      ] GC(89) - age   6:        104 bytes,      14960 total
[2025-08-19T20:11:59.070+0000][1692535][trace][gc,age      ] GC(89) - age   7:        280 bytes,      15240 total
[2025-08-19T20:11:59.070+0000][1692535][trace][gc,age      ] GC(89) - age   9:         72 bytes,      15312 total
[2025-08-19T20:11:59.070+0000][1692535][trace][gc,age      ] GC(89) - age  11:       1304 bytes,      16616 total
[2025-08-19T20:11:59.070+0000][1692535][trace][gc,age      ] GC(89) - age  14:        936 bytes,      17552 total
[2025-08-19T20:11:59.070+0000][1692535][info ][gc,heap     ] GC(89) Eden regions: 75->0(75)
[2025-08-19T20:11:59.070+0000][1692535][info ][gc,heap     ] GC(89) Survivor regions: 1->1(10)
[2025-08-19T20:11:59.070+0000][1692535][info ][gc,heap     ] GC(89) Old regions: 22->22
[2025-08-19T20:11:59.070+0000][1692535][info ][gc,heap     ] GC(89) Humongous regions: 0->0
[2025-08-19T20:11:59.070+0000][1692535][info ][gc,metaspace] GC(89) Metaspace: 137908K(143744K)->137908K(143744K) NonClass: 119691K(123264K)->119691K(123264K) Class: 18217K(20480K)->18217K(20480K)
[2025-08-19T20:11:59.070+0000][1692535][info ][gc          ] GC(89) Pause Young (Concurrent Start) (G1 Evacuation Pause) 387M->88M(512M) 2.662ms
[2025-08-19T20:11:59.070+0000][1692535][info ][gc,cpu      ] GC(89) User=0.00s Sys=0.00s Real=0.00s
[2025-08-19T20:11:59.070+0000][1692535][info ][safepoint   ] Safepoint "G1CollectForAllocation", Time since last: 51841446864 ns, Reaching safepoint: 254034 ns, Cleanup: 2844 ns, At safepoint: 2699727 ns, Total: 2956605 ns
[2025-08-19T20:11:59.076+0000][1692535][info ][gc          ] GC(90) Concurrent Mark Cycle
[2025-08-19T20:11:59.076+0000][1692535][info ][gc,marking  ] GC(90) Concurrent Scan Root Regions
[2025-08-19T20:11:59.077+0000][1692535][info ][gc,marking  ] GC(90) Concurrent Scan Root Regions 0.440ms
[2025-08-19T20:11:59.077+0000][1692535][info ][gc,marking  ] GC(90) Concurrent Mark
[2025-08-19T20:11:59.077+0000][1692535][info ][gc,marking  ] GC(90) Concurrent Mark From Roots
[2025-08-19T20:11:59.077+0000][1692535][info ][gc,task     ] GC(90) Using 1 workers of 1 for marking
[2025-08-19T20:11:59.194+0000][1692535][info ][gc,marking  ] GC(90) Concurrent Mark From Roots 116.767ms
[2025-08-19T20:11:59.194+0000][1692535][info ][gc,marking  ] GC(90) Concurrent Preclean
[2025-08-19T20:11:59.194+0000][1692535][info ][gc,marking  ] GC(90) Concurrent Preclean 0.162ms
[2025-08-19T20:11:59.194+0000][1692535][info ][gc,start    ] GC(90) Pause Remark
[2025-08-19T20:11:59.290+0000][1692535][info ][gc          ] GC(90) Pause Remark 88M->88M(512M) 95.951ms
[2025-08-19T20:11:59.290+0000][1692535][info ][gc,cpu      ] GC(90) User=0.05s Sys=0.00s Real=0.10s
[2025-08-19T20:11:59.303+0000][1692535][info ][safepoint   ] Safepoint "G1PauseRemark", Time since last: 124009755 ns, Reaching safepoint: 5258 ns, Cleanup: 3315 ns, At safepoint: 109599023 ns, Total: 109607596 ns
[2025-08-19T20:11:59.303+0000][1692535][info ][gc,marking  ] GC(90) Concurrent Mark 226.629ms
[2025-08-19T20:11:59.303+0000][1692535][info ][gc,marking  ] GC(90) Concurrent Rebuild Remembered Sets and Scrub Regions
[2025-08-19T20:11:59.333+0000][1692535][info ][gc,marking  ] GC(90) Concurrent Rebuild Remembered Sets and Scrub Regions 30.001ms
[2025-08-19T20:11:59.334+0000][1692535][info ][gc,start    ] GC(90) Pause Cleanup
[2025-08-19T20:11:59.334+0000][1692535][info ][gc          ] GC(90) Pause Cleanup 89M->89M(512M) 0.040ms
[2025-08-19T20:11:59.334+0000][1692535][info ][gc,cpu      ] GC(90) User=0.00s Sys=0.00s Real=0.00s
[2025-08-19T20:11:59.334+0000][1692535][info ][safepoint   ] Safepoint "G1PauseCleanup", Time since last: 30066976 ns, Reaching safepoint: 4467 ns, Cleanup: 50987 ns, At safepoint: 65619 ns, Total: 121073 ns
[2025-08-19T20:11:59.334+0000][1692535][info ][gc,marking  ] GC(90) Concurrent Clear Claimed Marks
[2025-08-19T20:11:59.334+0000][1692535][info ][gc,marking  ] GC(90) Concurrent Clear Claimed Marks 0.130ms
[2025-08-19T20:11:59.334+0000][1692535][info ][gc,marking  ] GC(90) Concurrent Cleanup for Next Mark
[2025-08-19T20:11:59.340+0000][1692535][info ][gc,marking  ] GC(90) Concurrent Cleanup for Next Mark 6.138ms
[2025-08-19T20:11:59.340+0000][1692535][info ][gc          ] GC(90) Concurrent Mark Cycle 263.541ms
[2025-08-19T20:23:44.470+0000][1692535][info ][gc,start    ] GC(91) Pause Young (Prepare Mixed) (G1 Evacuation Pause)
[2025-08-19T20:23:44.470+0000][1692535][info ][gc,task     ] GC(91) Using 1 workers of 1 for evacuation
[2025-08-19T20:23:44.470+0000][1692535][debug][gc,age      ] GC(91) Desired survivor size 20971520 bytes, new threshold 15 (max threshold 15)
[2025-08-19T20:23:44.472+0000][1692535][info ][gc,phases   ] GC(91)   Pre Evacuate Collection Set: 0.0ms
[2025-08-19T20:23:44.472+0000][1692535][info ][gc,phases   ] GC(91)   Merge Heap Roots: 0.0ms
[2025-08-19T20:23:44.472+0000][1692535][info ][gc,phases   ] GC(91)   Evacuate Collection Set: 1.3ms
[2025-08-19T20:23:44.472+0000][1692535][info ][gc,phases   ] GC(91)   Post Evacuate Collection Set: 0.8ms
[2025-08-19T20:23:44.472+0000][1692535][info ][gc,phases   ] GC(91)   Other: 0.0ms
[2025-08-19T20:23:44.472+0000][1692535][trace][gc,age      ] GC(91) Age table with threshold 15 (max threshold 15)
[2025-08-19T20:23:44.472+0000][1692535][trace][gc,age      ] GC(91) - age   1:      11032 bytes,      11032 total
[2025-08-19T20:23:44.472+0000][1692535][trace][gc,age      ] GC(91) - age   2:        120 bytes,      11152 total
[2025-08-19T20:23:44.472+0000][1692535][trace][gc,age      ] GC(91) - age   4:        176 bytes,      11328 total
[2025-08-19T20:23:44.472+0000][1692535][trace][gc,age      ] GC(91) - age   5:       2008 bytes,      13336 total
[2025-08-19T20:23:44.472+0000][1692535][trace][gc,age      ] GC(91) - age   6:       1520 bytes,      14856 total
[2025-08-19T20:23:44.472+0000][1692535][trace][gc,age      ] GC(91) - age   7:        104 bytes,      14960 total
[2025-08-19T20:23:44.472+0000][1692535][trace][gc,age      ] GC(91) - age   8:        280 bytes,      15240 total
[2025-08-19T20:23:44.472+0000][1692535][trace][gc,age      ] GC(91) - age  10:         72 bytes,      15312 total
[2025-08-19T20:23:44.472+0000][1692535][trace][gc,age      ] GC(91) - age  12:       1304 bytes,      16616 total
[2025-08-19T20:23:44.472+0000][1692535][trace][gc,age      ] GC(91) - age  15:        936 bytes,      17552 total
[2025-08-19T20:23:44.472+0000][1692535][info ][gc,heap     ] GC(91) Eden regions: 75->0(75)
[2025-08-19T20:23:44.472+0000][1692535][info ][gc,heap     ] GC(91) Survivor regions: 1->1(10)
[2025-08-19T20:23:44.472+0000][1692535][info ][gc,heap     ] GC(91) Old regions: 22->22
[2025-08-19T20:23:44.472+0000][1692535][info ][gc,heap     ] GC(91) Humongous regions: 0->0
[2025-08-19T20:23:44.472+0000][1692535][info ][gc,metaspace] GC(91) Metaspace: 137903K(143744K)->137903K(143744K) NonClass: 119687K(123264K)->119687K(123264K) Class: 18215K(20480K)->18215K(20480K)
[2025-08-19T20:23:44.472+0000][1692535][info ][gc          ] GC(91) Pause Young (Prepare Mixed) (G1 Evacuation Pause) 388M->88M(512M) 2.563ms
[2025-08-19T20:23:44.472+0000][1692535][info ][gc,cpu      ] GC(91) User=0.00s Sys=0.00s Real=0.00s
[2025-08-19T20:23:44.472+0000][1692535][info ][safepoint   ] Safepoint "G1CollectForAllocation", Time since last: 705135979316 ns, Reaching safepoint: 7251 ns, Cleanup: 3375 ns, At safepoint: 2595710 ns, Total: 2606336 ns
[2025-08-19T20:24:02.473+0000][1692535][info ][safepoint   ] Safepoint "Cleanup", Time since last: 18001074001 ns, Reaching safepoint: 37356 ns, Cleanup: 11928 ns, At safepoint: 5188 ns, Total: 54472 ns
[2025-08-19T20:35:29.894+0000][1692535][info ][gc,start    ] GC(92) Pause Young (Mixed) (G1 Evacuation Pause)
[2025-08-19T20:35:29.894+0000][1692535][info ][gc,task     ] GC(92) Using 1 workers of 1 for evacuation
[2025-08-19T20:35:29.894+0000][1692535][debug][gc,age      ] GC(92) Desired survivor size 20971520 bytes, new threshold 15 (max threshold 15)
[2025-08-19T20:35:29.906+0000][1692535][info ][gc,phases   ] GC(92)   Pre Evacuate Collection Set: 0.0ms
[2025-08-19T20:35:29.906+0000][1692535][info ][gc,phases   ] GC(92)   Merge Heap Roots: 0.0ms
[2025-08-19T20:35:29.906+0000][1692535][info ][gc,phases   ] GC(92)   Evacuate Collection Set: 10.2ms
[2025-08-19T20:35:29.906+0000][1692535][info ][gc,phases   ] GC(92)   Post Evacuate Collection Set: 0.8ms
[2025-08-19T20:35:29.906+0000][1692535][info ][gc,phases   ] GC(92)   Other: 0.0ms
[2025-08-19T20:35:29.906+0000][1692535][trace][gc,age      ] GC(92) Age table with threshold 15 (max threshold 15)
[2025-08-19T20:35:29.906+0000][1692535][trace][gc,age      ] GC(92) - age   1:      11032 bytes,      11032 total
[2025-08-19T20:35:29.906+0000][1692535][trace][gc,age      ] GC(92) - age   3:        120 bytes,      11152 total
[2025-08-19T20:35:29.906+0000][1692535][trace][gc,age      ] GC(92) - age   5:        176 bytes,      11328 total
[2025-08-19T20:35:29.906+0000][1692535][trace][gc,age      ] GC(92) - age   6:       2008 bytes,      13336 total
[2025-08-19T20:35:29.906+0000][1692535][trace][gc,age      ] GC(92) - age   7:       1520 bytes,      14856 total
[2025-08-19T20:35:29.906+0000][1692535][trace][gc,age      ] GC(92) - age   8:        104 bytes,      14960 total
[2025-08-19T20:35:29.906+0000][1692535][trace][gc,age      ] GC(92) - age   9:        280 bytes,      15240 total
[2025-08-19T20:35:29.906+0000][1692535][trace][gc,age      ] GC(92) - age  11:         72 bytes,      15312 total
[2025-08-19T20:35:29.906+0000][1692535][trace][gc,age      ] GC(92) - age  13:       1304 bytes,      16616 total
[2025-08-19T20:35:29.906+0000][1692535][info ][gc,heap     ] GC(92) Eden regions: 75->0(75)
[2025-08-19T20:35:29.906+0000][1692535][info ][gc,heap     ] GC(92) Survivor regions: 1->1(10)
[2025-08-19T20:35:29.906+0000][1692535][info ][gc,heap     ] GC(92) Old regions: 22->22
[2025-08-19T20:35:29.906+0000][1692535][info ][gc,heap     ] GC(92) Humongous regions: 0->0
[2025-08-19T20:35:29.906+0000][1692535][info ][gc,metaspace] GC(92) Metaspace: 137903K(143744K)->137903K(143744K) NonClass: 119687K(123264K)->119687K(123264K) Class: 18215K(20480K)->18215K(20480K)
[2025-08-19T20:35:29.906+0000][1692535][info ][gc          ] GC(92) Pause Young (Mixed) (G1 Evacuation Pause) 388M->87M(512M) 11.359ms
[2025-08-19T20:35:29.906+0000][1692535][info ][gc,cpu      ] GC(92) User=0.01s Sys=0.00s Real=0.02s
[2025-08-19T20:35:29.906+0000][1692535][info ][safepoint   ] Safepoint "G1CollectForAllocation", Time since last: 687420968492 ns, Reaching safepoint: 6970 ns, Cleanup: 2664 ns, At safepoint: 11398444 ns, Total: 11408078 ns
[2025-08-19T20:47:15.322+0000][1692535][info ][gc,start    ] GC(93) Pause Young (Concurrent Start) (G1 Evacuation Pause)
[2025-08-19T20:47:15.322+0000][1692535][info ][gc,task     ] GC(93) Using 1 workers of 1 for evacuation
[2025-08-19T20:47:15.322+0000][1692535][debug][gc,age      ] GC(93) Desired survivor size 20971520 bytes, new threshold 15 (max threshold 15)
[2025-08-19T20:47:15.325+0000][1692535][info ][gc,phases   ] GC(93)   Pre Evacuate Collection Set: 0.1ms
[2025-08-19T20:47:15.325+0000][1692535][info ][gc,phases   ] GC(93)   Merge Heap Roots: 0.0ms
[2025-08-19T20:47:15.325+0000][1692535][info ][gc,phases   ] GC(93)   Evacuate Collection Set: 1.3ms
[2025-08-19T20:47:15.325+0000][1692535][info ][gc,phases   ] GC(93)   Post Evacuate Collection Set: 1.0ms
[2025-08-19T20:47:15.325+0000][1692535][info ][gc,phases   ] GC(93)   Other: 0.3ms
[2025-08-19T20:47:15.325+0000][1692535][trace][gc,age      ] GC(93) Age table with threshold 15 (max threshold 15)
[2025-08-19T20:47:15.325+0000][1692535][trace][gc,age      ] GC(93) - age   1:      11392 bytes,      11392 total
[2025-08-19T20:47:15.325+0000][1692535][trace][gc,age      ] GC(93) - age   4:        120 bytes,      11512 total
[2025-08-19T20:47:15.325+0000][1692535][trace][gc,age      ] GC(93) - age   7:       2008 bytes,      13520 total
[2025-08-19T20:47:15.325+0000][1692535][trace][gc,age      ] GC(93) - age   8:       1520 bytes,      15040 total
[2025-08-19T20:47:15.325+0000][1692535][trace][gc,age      ] GC(93) - age   9:        104 bytes,      15144 total
[2025-08-19T20:47:15.325+0000][1692535][trace][gc,age      ] GC(93) - age  10:        280 bytes,      15424 total
[2025-08-19T20:47:15.325+0000][1692535][trace][gc,age      ] GC(93) - age  12:         72 bytes,      15496 total
[2025-08-19T20:47:15.325+0000][1692535][trace][gc,age      ] GC(93) - age  14:       1304 bytes,      16800 total
[2025-08-19T20:47:15.325+0000][1692535][info ][gc,heap     ] GC(93) Eden regions: 75->0(75)
[2025-08-19T20:47:15.325+0000][1692535][info ][gc,heap     ] GC(93) Survivor regions: 1->1(10)
[2025-08-19T20:47:15.325+0000][1692535][info ][gc,heap     ] GC(93) Old regions: 22->22
[2025-08-19T20:47:15.325+0000][1692535][info ][gc,heap     ] GC(93) Humongous regions: 0->0
[2025-08-19T20:47:15.325+0000][1692535][info ][gc,metaspace] GC(93) Metaspace: 137903K(143744K)->137903K(143744K) NonClass: 119687K(123264K)->119687K(123264K) Class: 18215K(20480K)->18215K(20480K)
[2025-08-19T20:47:15.325+0000][1692535][info ][gc          ] GC(93) Pause Young (Concurrent Start) (G1 Evacuation Pause) 387M->87M(512M) 2.908ms
[2025-08-19T20:47:15.325+0000][1692535][info ][gc,cpu      ] GC(93) User=0.00s Sys=0.00s Real=0.00s
[2025-08-19T20:47:15.325+0000][1692535][info ][safepoint   ] Safepoint "G1CollectForAllocation", Time since last: 705415967575 ns, Reaching safepoint: 6990 ns, Cleanup: 2654 ns, At safepoint: 2945799 ns, Total: 2955443 ns
[2025-08-19T20:47:15.330+0000][1692535][info ][gc          ] GC(94) Concurrent Mark Cycle
[2025-08-19T20:47:15.330+0000][1692535][info ][gc,marking  ] GC(94) Concurrent Scan Root Regions
[2025-08-19T20:47:15.331+0000][1692535][info ][gc,marking  ] GC(94) Concurrent Scan Root Regions 0.425ms
[2025-08-19T20:47:15.331+0000][1692535][info ][gc,marking  ] GC(94) Concurrent Mark
[2025-08-19T20:47:15.331+0000][1692535][info ][gc,marking  ] GC(94) Concurrent Mark From Roots
[2025-08-19T20:47:15.331+0000][1692535][info ][gc,task     ] GC(94) Using 1 workers of 1 for marking
[2025-08-19T20:47:15.432+0000][1692535][info ][gc,marking  ] GC(94) Concurrent Mark From Roots 101.251ms
[2025-08-19T20:47:15.432+0000][1692535][info ][gc,marking  ] GC(94) Concurrent Preclean
[2025-08-19T20:47:15.432+0000][1692535][info ][gc,marking  ] GC(94) Concurrent Preclean 0.194ms
[2025-08-19T20:47:15.432+0000][1692535][info ][gc,start    ] GC(94) Pause Remark
[2025-08-19T20:47:15.436+0000][1692535][info ][gc          ] GC(94) Pause Remark 87M->87M(512M) 4.137ms
[2025-08-19T20:47:15.436+0000][1692535][info ][gc,cpu      ] GC(94) User=0.00s Sys=0.00s Real=0.01s
[2025-08-19T20:47:15.437+0000][1692535][info ][safepoint   ] Safepoint "G1PauseRemark", Time since last: 107699135 ns, Reaching safepoint: 5519 ns, Cleanup: 3375 ns, At safepoint: 4187183 ns, Total: 4196077 ns
[2025-08-19T20:47:15.437+0000][1692535][info ][gc,marking  ] GC(94) Concurrent Mark 105.710ms
[2025-08-19T20:47:15.437+0000][1692535][info ][gc,marking  ] GC(94) Concurrent Rebuild Remembered Sets and Scrub Regions
[2025-08-19T20:47:15.501+0000][1692535][info ][gc,marking  ] GC(94) Concurrent Rebuild Remembered Sets and Scrub Regions 64.244ms
[2025-08-19T20:47:15.501+0000][1692535][info ][gc,start    ] GC(94) Pause Cleanup
[2025-08-19T20:47:15.501+0000][1692535][info ][gc          ] GC(94) Pause Cleanup 87M->87M(512M) 0.044ms
[2025-08-19T20:47:15.501+0000][1692535][info ][gc,cpu      ] GC(94) User=0.00s Sys=0.00s Real=0.00s
[2025-08-19T20:47:15.501+0000][1692535][info ][safepoint   ] Safepoint "G1PauseCleanup", Time since last: 64303069 ns, Reaching safepoint: 4257 ns, Cleanup: 2153 ns, At safepoint: 68473 ns, Total: 74883 ns
[2025-08-19T20:47:15.501+0000][1692535][info ][gc,marking  ] GC(94) Concurrent Clear Claimed Marks
[2025-08-19T20:47:15.501+0000][1692535][info ][gc,marking  ] GC(94) Concurrent Clear Claimed Marks 0.163ms
[2025-08-19T20:47:15.501+0000][1692535][info ][gc,marking  ] GC(94) Concurrent Cleanup for Next Mark
[2025-08-19T20:47:15.502+0000][1692535][info ][gc,marking  ] GC(94) Concurrent Cleanup for Next Mark 1.384ms
[2025-08-19T20:47:15.502+0000][1692535][info ][gc          ] GC(94) Concurrent Mark Cycle 172.097ms
[2025-08-19T20:59:00.767+0000][1692535][info ][gc,start    ] GC(95) Pause Young (Prepare Mixed) (G1 Evacuation Pause)
[2025-08-19T20:59:00.767+0000][1692535][info ][gc,task     ] GC(95) Using 1 workers of 1 for evacuation
[2025-08-19T20:59:00.767+0000][1692535][debug][gc,age      ] GC(95) Desired survivor size 20971520 bytes, new threshold 15 (max threshold 15)
[2025-08-19T20:59:00.769+0000][1692535][info ][gc,phases   ] GC(95)   Pre Evacuate Collection Set: 0.0ms
[2025-08-19T20:59:00.769+0000][1692535][info ][gc,phases   ] GC(95)   Merge Heap Roots: 0.0ms
[2025-08-19T20:59:00.769+0000][1692535][info ][gc,phases   ] GC(95)   Evacuate Collection Set: 1.4ms
[2025-08-19T20:59:00.769+0000][1692535][info ][gc,phases   ] GC(95)   Post Evacuate Collection Set: 1.0ms
[2025-08-19T20:59:00.769+0000][1692535][info ][gc,phases   ] GC(95)   Other: 0.0ms
[2025-08-19T20:59:00.769+0000][1692535][trace][gc,age      ] GC(95) Age table with threshold 15 (max threshold 15)
[2025-08-19T20:59:00.769+0000][1692535][trace][gc,age      ] GC(95) - age   1:      10888 bytes,      10888 total
[2025-08-19T20:59:00.769+0000][1692535][trace][gc,age      ] GC(95) - age   2:        352 bytes,      11240 total
[2025-08-19T20:59:00.769+0000][1692535][trace][gc,age      ] GC(95) - age   5:        120 bytes,      11360 total
[2025-08-19T20:59:00.769+0000][1692535][trace][gc,age      ] GC(95) - age   8:       2008 bytes,      13368 total
[2025-08-19T20:59:00.770+0000][1692535][trace][gc,age      ] GC(95) - age   9:       1520 bytes,      14888 total
[2025-08-19T20:59:00.770+0000][1692535][trace][gc,age      ] GC(95) - age  10:        104 bytes,      14992 total
[2025-08-19T20:59:00.770+0000][1692535][trace][gc,age      ] GC(95) - age  11:        280 bytes,      15272 total
[2025-08-19T20:59:00.770+0000][1692535][trace][gc,age      ] GC(95) - age  13:         72 bytes,      15344 total
[2025-08-19T20:59:00.770+0000][1692535][trace][gc,age      ] GC(95) - age  15:       1304 bytes,      16648 total
[2025-08-19T20:59:00.770+0000][1692535][info ][gc,heap     ] GC(95) Eden regions: 75->0(75)
[2025-08-19T20:59:00.770+0000][1692535][info ][gc,heap     ] GC(95) Survivor regions: 1->1(10)
[2025-08-19T20:59:00.770+0000][1692535][info ][gc,heap     ] GC(95) Old regions: 22->22
[2025-08-19T20:59:00.770+0000][1692535][info ][gc,heap     ] GC(95) Humongous regions: 0->0
[2025-08-19T20:59:00.770+0000][1692535][info ][gc,metaspace] GC(95) Metaspace: 137903K(143744K)->137903K(143744K) NonClass: 119687K(123264K)->119687K(123264K) Class: 18215K(20480K)->18215K(20480K)
[2025-08-19T20:59:00.770+0000][1692535][info ][gc          ] GC(95) Pause Young (Prepare Mixed) (G1 Evacuation Pause) 387M->87M(512M) 2.839ms
[2025-08-19T20:59:00.770+0000][1692535][info ][gc,cpu      ] GC(95) User=0.00s Sys=0.00s Real=0.00s
[2025-08-19T20:59:00.770+0000][1692535][info ][safepoint   ] Safepoint "G1CollectForAllocation", Time since last: 705265795722 ns, Reaching safepoint: 7772 ns, Cleanup: 2714 ns, At safepoint: 2872849 ns, Total: 2883335 ns
[2025-08-19T21:10:46.208+0000][1692535][info ][gc,start    ] GC(96) Pause Young (Mixed) (G1 Evacuation Pause)
[2025-08-19T21:10:46.208+0000][1692535][info ][gc,task     ] GC(96) Using 1 workers of 1 for evacuation
[2025-08-19T21:10:46.208+0000][1692535][debug][gc,age      ] GC(96) Desired survivor size 20971520 bytes, new threshold 15 (max threshold 15)
[2025-08-19T21:10:46.224+0000][1692535][info ][gc,phases   ] GC(96)   Pre Evacuate Collection Set: 0.0ms
[2025-08-19T21:10:46.224+0000][1692535][info ][gc,phases   ] GC(96)   Merge Heap Roots: 0.1ms
[2025-08-19T21:10:46.224+0000][1692535][info ][gc,phases   ] GC(96)   Evacuate Collection Set: 14.5ms
[2025-08-19T21:10:46.224+0000][1692535][info ][gc,phases   ] GC(96)   Post Evacuate Collection Set: 0.8ms
[2025-08-19T21:10:46.224+0000][1692535][info ][gc,phases   ] GC(96)   Other: 0.2ms
[2025-08-19T21:10:46.224+0000][1692535][trace][gc,age      ] GC(96) Age table with threshold 15 (max threshold 15)
[2025-08-19T21:10:46.224+0000][1692535][trace][gc,age      ] GC(96) - age   1:      10872 bytes,      10872 total
[2025-08-19T21:10:46.224+0000][1692535][trace][gc,age      ] GC(96) - age   2:        176 bytes,      11048 total
[2025-08-19T21:10:46.224+0000][1692535][trace][gc,age      ] GC(96) - age   3:        176 bytes,      11224 total
[2025-08-19T21:10:46.224+0000][1692535][trace][gc,age      ] GC(96) - age   6:        120 bytes,      11344 total
[2025-08-19T21:10:46.224+0000][1692535][trace][gc,age      ] GC(96) - age   9:       2008 bytes,      13352 total
[2025-08-19T21:10:46.224+0000][1692535][trace][gc,age      ] GC(96) - age  10:       1520 bytes,      14872 total
[2025-08-19T21:10:46.224+0000][1692535][trace][gc,age      ] GC(96) - age  11:        104 bytes,      14976 total
[2025-08-19T21:10:46.224+0000][1692535][trace][gc,age      ] GC(96) - age  12:        280 bytes,      15256 total
[2025-08-19T21:10:46.224+0000][1692535][trace][gc,age      ] GC(96) - age  14:         72 bytes,      15328 total
[2025-08-19T21:10:46.224+0000][1692535][info ][gc,heap     ] GC(96) Eden regions: 75->0(75)
[2025-08-19T21:10:46.224+0000][1692535][info ][gc,heap     ] GC(96) Survivor regions: 1->1(10)
[2025-08-19T21:10:46.224+0000][1692535][info ][gc,heap     ] GC(96) Old regions: 22->22
[2025-08-19T21:10:46.224+0000][1692535][info ][gc,heap     ] GC(96) Humongous regions: 0->0
[2025-08-19T21:10:46.224+0000][1692535][info ][gc,metaspace] GC(96) Metaspace: 137903K(143744K)->137903K(143744K) NonClass: 119687K(123264K)->119687K(123264K) Class: 18215K(20480K)->18215K(20480K)
[2025-08-19T21:10:46.224+0000][1692535][info ][gc          ] GC(96) Pause Young (Mixed) (G1 Evacuation Pause) 387M->86M(512M) 15.887ms
[2025-08-19T21:10:46.224+0000][1692535][info ][gc,cpu      ] GC(96) User=0.01s Sys=0.01s Real=0.01s
[2025-08-19T21:10:46.224+0000][1692535][info ][safepoint   ] Safepoint "G1CollectForAllocation", Time since last: 705438619837 ns, Reaching safepoint: 34993 ns, Cleanup: 3135 ns, At safepoint: 15928443 ns, Total: 15966571 ns
[2025-08-19T21:21:07.260+0000][1692535][info ][safepoint   ] Safepoint "Cleanup", Time since last: 621036274192 ns, Reaching safepoint: 38528 ns, Cleanup: 10726 ns, At safepoint: 4918 ns, Total: 54172 ns
[2025-08-19T21:22:31.924+0000][1692535][info ][gc,start    ] GC(97) Pause Young (Concurrent Start) (G1 Evacuation Pause)
[2025-08-19T21:22:31.924+0000][1692535][info ][gc,task     ] GC(97) Using 1 workers of 1 for evacuation
[2025-08-19T21:22:31.924+0000][1692535][debug][gc,age      ] GC(97) Desired survivor size 20971520 bytes, new threshold 15 (max threshold 15)
[2025-08-19T21:22:31.926+0000][1692535][info ][gc,phases   ] GC(97)   Pre Evacuate Collection Set: 0.0ms
[2025-08-19T21:22:31.926+0000][1692535][info ][gc,phases   ] GC(97)   Merge Heap Roots: 0.0ms
[2025-08-19T21:22:31.926+0000][1692535][info ][gc,phases   ] GC(97)   Evacuate Collection Set: 1.3ms
[2025-08-19T21:22:31.926+0000][1692535][info ][gc,phases   ] GC(97)   Post Evacuate Collection Set: 0.7ms
[2025-08-19T21:22:31.926+0000][1692535][info ][gc,phases   ] GC(97)   Other: 0.1ms
[2025-08-19T21:22:31.926+0000][1692535][trace][gc,age      ] GC(97) Age table with threshold 15 (max threshold 15)
[2025-08-19T21:22:31.926+0000][1692535][trace][gc,age      ] GC(97) - age   1:      78632 bytes,      78632 total
[2025-08-19T21:22:31.926+0000][1692535][trace][gc,age      ] GC(97) - age   4:        176 bytes,      78808 total
[2025-08-19T21:22:31.926+0000][1692535][trace][gc,age      ] GC(97) - age   7:        120 bytes,      78928 total
[2025-08-19T21:22:31.926+0000][1692535][trace][gc,age      ] GC(97) - age  10:       2008 bytes,      80936 total
[2025-08-19T21:22:31.926+0000][1692535][trace][gc,age      ] GC(97) - age  11:       1520 bytes,      82456 total
[2025-08-19T21:22:31.926+0000][1692535][trace][gc,age      ] GC(97) - age  12:        104 bytes,      82560 total
[2025-08-19T21:22:31.926+0000][1692535][trace][gc,age      ] GC(97) - age  13:        280 bytes,      82840 total
[2025-08-19T21:22:31.926+0000][1692535][trace][gc,age      ] GC(97) - age  15:         72 bytes,      82912 total
[2025-08-19T21:22:31.926+0000][1692535][info ][gc,heap     ] GC(97) Eden regions: 75->0(75)
[2025-08-19T21:22:31.926+0000][1692535][info ][gc,heap     ] GC(97) Survivor regions: 1->1(10)
[2025-08-19T21:22:31.926+0000][1692535][info ][gc,heap     ] GC(97) Old regions: 22->22
[2025-08-19T21:22:31.926+0000][1692535][info ][gc,heap     ] GC(97) Humongous regions: 0->0
[2025-08-19T21:22:31.926+0000][1692535][info ][gc,metaspace] GC(97) Metaspace: 137903K(143744K)->137903K(143744K) NonClass: 119687K(123264K)->119687K(123264K) Class: 18215K(20480K)->18215K(20480K)
[2025-08-19T21:22:31.926+0000][1692535][info ][gc          ] GC(97) Pause Young (Concurrent Start) (G1 Evacuation Pause) 386M->86M(512M) 2.600ms
[2025-08-19T21:22:31.926+0000][1692535][info ][gc,cpu      ] GC(97) User=0.00s Sys=0.00s Real=0.01s
[2025-08-19T21:22:31.926+0000][1692535][info ][safepoint   ] Safepoint "G1CollectForAllocation", Time since last: 84661883073 ns, Reaching safepoint: 1452924 ns, Cleanup: 3966 ns, At safepoint: 2638835 ns, Total: 4095725 ns
[2025-08-19T21:22:31.926+0000][1692535][info ][gc          ] GC(98) Concurrent Mark Cycle
[2025-08-19T21:22:31.926+0000][1692535][info ][gc,marking  ] GC(98) Concurrent Scan Root Regions
[2025-08-19T21:22:31.927+0000][1692535][info ][gc,marking  ] GC(98) Concurrent Scan Root Regions 0.725ms
[2025-08-19T21:22:31.927+0000][1692535][info ][gc,marking  ] GC(98) Concurrent Mark
[2025-08-19T21:22:31.927+0000][1692535][info ][gc,marking  ] GC(98) Concurrent Mark From Roots
[2025-08-19T21:22:31.927+0000][1692535][info ][gc,task     ] GC(98) Using 1 workers of 1 for marking
[2025-08-19T21:22:32.033+0000][1692535][info ][gc,marking  ] GC(98) Concurrent Mark From Roots 106.214ms
[2025-08-19T21:22:32.033+0000][1692535][info ][gc,marking  ] GC(98) Concurrent Preclean
[2025-08-19T21:22:32.034+0000][1692535][info ][gc,marking  ] GC(98) Concurrent Preclean 0.253ms
[2025-08-19T21:22:32.034+0000][1692535][info ][gc,start    ] GC(98) Pause Remark
[2025-08-19T21:22:32.038+0000][1692535][info ][gc          ] GC(98) Pause Remark 89M->89M(512M) 4.032ms
[2025-08-19T21:22:32.038+0000][1692535][info ][gc,cpu      ] GC(98) User=0.01s Sys=0.00s Real=0.01s
[2025-08-19T21:22:32.038+0000][1692535][info ][safepoint   ] Safepoint "G1PauseRemark", Time since last: 107281386 ns, Reaching safepoint: 5128 ns, Cleanup: 2123 ns, At safepoint: 4067452 ns, Total: 4074703 ns
[2025-08-19T21:22:32.038+0000][1692535][info ][gc,marking  ] GC(98) Concurrent Mark 110.605ms
[2025-08-19T21:22:32.038+0000][1692535][info ][gc,marking  ] GC(98) Concurrent Rebuild Remembered Sets and Scrub Regions
[2025-08-19T21:22:32.088+0000][1692535][info ][gc,marking  ] GC(98) Concurrent Rebuild Remembered Sets and Scrub Regions 50.540ms
[2025-08-19T21:22:32.088+0000][1692535][info ][gc,start    ] GC(98) Pause Cleanup
[2025-08-19T21:22:32.088+0000][1692535][info ][gc          ] GC(98) Pause Cleanup 89M->89M(512M) 0.041ms
[2025-08-19T21:22:32.088+0000][1692535][info ][gc,cpu      ] GC(98) User=0.00s Sys=0.00s Real=0.00s
[2025-08-19T21:22:32.088+0000][1692535][info ][safepoint   ] Safepoint "G1PauseCleanup", Time since last: 50595645 ns, Reaching safepoint: 3775 ns, Cleanup: 2144 ns, At safepoint: 66821 ns, Total: 72740 ns
[2025-08-19T21:22:32.088+0000][1692535][info ][gc,marking  ] GC(98) Concurrent Clear Claimed Marks
[2025-08-19T21:22:32.089+0000][1692535][info ][gc,marking  ] GC(98) Concurrent Clear Claimed Marks 0.157ms
[2025-08-19T21:22:32.089+0000][1692535][info ][gc,marking  ] GC(98) Concurrent Cleanup for Next Mark
[2025-08-19T21:22:32.089+0000][1692535][info ][gc,marking  ] GC(98) Concurrent Cleanup for Next Mark 0.260ms
[2025-08-19T21:22:32.089+0000][1692535][info ][gc          ] GC(98) Concurrent Mark Cycle 162.443ms
[2025-08-19T21:26:07.101+0000][1692535][info ][safepoint   ] Safepoint "Cleanup", Time since last: 215012666257 ns, Reaching safepoint: 312572 ns, Cleanup: 9875 ns, At safepoint: 7471 ns, Total: 329918 ns
[2025-08-19T21:26:55.105+0000][1692535][info ][safepoint   ] Safepoint "Cleanup", Time since last: 48003541388 ns, Reaching safepoint: 37757 ns, Cleanup: 11147 ns, At safepoint: 4607 ns, Total: 53511 ns
[2025-08-19T21:34:17.030+0000][1692535][info ][gc,start    ] GC(99) Pause Young (Prepare Mixed) (G1 Evacuation Pause)
[2025-08-19T21:34:17.030+0000][1692535][info ][gc,task     ] GC(99) Using 1 workers of 1 for evacuation
[2025-08-19T21:34:17.030+0000][1692535][debug][gc,age      ] GC(99) Desired survivor size 20971520 bytes, new threshold 15 (max threshold 15)
[2025-08-19T21:34:17.033+0000][1692535][info ][gc,phases   ] GC(99)   Pre Evacuate Collection Set: 0.0ms
[2025-08-19T21:34:17.033+0000][1692535][info ][gc,phases   ] GC(99)   Merge Heap Roots: 0.0ms
[2025-08-19T21:34:17.033+0000][1692535][info ][gc,phases   ] GC(99)   Evacuate Collection Set: 1.5ms
[2025-08-19T21:34:17.033+0000][1692535][info ][gc,phases   ] GC(99)   Post Evacuate Collection Set: 1.0ms
[2025-08-19T21:34:17.033+0000][1692535][info ][gc,phases   ] GC(99)   Other: 0.2ms
[2025-08-19T21:34:17.033+0000][1692535][trace][gc,age      ] GC(99) Age table with threshold 15 (max threshold 15)
[2025-08-19T21:34:17.033+0000][1692535][trace][gc,age      ] GC(99) - age   1:      11584 bytes,      11584 total
[2025-08-19T21:34:17.033+0000][1692535][trace][gc,age      ] GC(99) - age   5:        176 bytes,      11760 total
[2025-08-19T21:34:17.033+0000][1692535][trace][gc,age      ] GC(99) - age   8:        120 bytes,      11880 total
[2025-08-19T21:34:17.033+0000][1692535][trace][gc,age      ] GC(99) - age  11:       2008 bytes,      13888 total
[2025-08-19T21:34:17.033+0000][1692535][trace][gc,age      ] GC(99) - age  12:       1520 bytes,      15408 total
[2025-08-19T21:34:17.033+0000][1692535][trace][gc,age      ] GC(99) - age  13:        104 bytes,      15512 total
[2025-08-19T21:34:17.033+0000][1692535][trace][gc,age      ] GC(99) - age  14:        280 bytes,      15792 total
[2025-08-19T21:34:17.033+0000][1692535][info ][gc,heap     ] GC(99) Eden regions: 75->0(75)
[2025-08-19T21:34:17.033+0000][1692535][info ][gc,heap     ] GC(99) Survivor regions: 1->1(10)
[2025-08-19T21:34:17.033+0000][1692535][info ][gc,heap     ] GC(99) Old regions: 22->22
[2025-08-19T21:34:17.033+0000][1692535][info ][gc,heap     ] GC(99) Humongous regions: 0->0
[2025-08-19T21:34:17.033+0000][1692535][info ][gc,metaspace] GC(99) Metaspace: 137903K(143744K)->137903K(143744K) NonClass: 119687K(123264K)->119687K(123264K) Class: 18215K(20480K)->18215K(20480K)
[2025-08-19T21:34:17.033+0000][1692535][info ][gc          ] GC(99) Pause Young (Prepare Mixed) (G1 Evacuation Pause) 386M->86M(512M) 3.117ms
[2025-08-19T21:34:17.033+0000][1692535][info ][gc,cpu      ] GC(99) User=0.00s Sys=0.00s Real=0.00s
[2025-08-19T21:34:17.033+0000][1692535][info ][safepoint   ] Safepoint "G1CollectForAllocation", Time since last: 441924466610 ns, Reaching safepoint: 7672 ns, Cleanup: 2934 ns, At safepoint: 3158901 ns, Total: 3169507 ns
[2025-08-19T21:40:06.054+0000][1692535][info ][safepoint   ] Safepoint "Cleanup", Time since last: 349020947822 ns, Reaching safepoint: 43405 ns, Cleanup: 13270 ns, At safepoint: 2564 ns, Total: 59239 ns
[2025-08-19T21:40:36.056+0000][1692535][info ][safepoint   ] Safepoint "Cleanup", Time since last: 30002140402 ns, Reaching safepoint: 43896 ns, Cleanup: 10937 ns, At safepoint: 4897 ns, Total: 59730 ns
[2025-08-19T21:46:02.476+0000][1692535][info ][gc,start    ] GC(100) Pause Young (Mixed) (G1 Evacuation Pause)
[2025-08-19T21:46:02.476+0000][1692535][info ][gc,task     ] GC(100) Using 1 workers of 1 for evacuation
[2025-08-19T21:46:02.476+0000][1692535][debug][gc,age      ] GC(100) Desired survivor size 20971520 bytes, new threshold 15 (max threshold 15)
[2025-08-19T21:46:02.488+0000][1692535][info ][gc,phases   ] GC(100)   Pre Evacuate Collection Set: 0.1ms
[2025-08-19T21:46:02.488+0000][1692535][info ][gc,phases   ] GC(100)   Merge Heap Roots: 0.0ms
[2025-08-19T21:46:02.488+0000][1692535][info ][gc,phases   ] GC(100)   Evacuate Collection Set: 11.0ms
[2025-08-19T21:46:02.488+0000][1692535][info ][gc,phases   ] GC(100)   Post Evacuate Collection Set: 0.8ms
[2025-08-19T21:46:02.488+0000][1692535][info ][gc,phases   ] GC(100)   Other: 0.2ms
[2025-08-19T21:46:02.488+0000][1692535][trace][gc,age      ] GC(100) Age table with threshold 15 (max threshold 15)
[2025-08-19T21:46:02.488+0000][1692535][trace][gc,age      ] GC(100) - age   1:      10976 bytes,      10976 total
[2025-08-19T21:46:02.488+0000][1692535][trace][gc,age      ] GC(100) - age   2:        728 bytes,      11704 total
[2025-08-19T21:46:02.489+0000][1692535][trace][gc,age      ] GC(100) - age   9:        120 bytes,      11824 total
[2025-08-19T21:46:02.489+0000][1692535][trace][gc,age      ] GC(100) - age  12:       2008 bytes,      13832 total
[2025-08-19T21:46:02.489+0000][1692535][trace][gc,age      ] GC(100) - age  13:       1520 bytes,      15352 total
[2025-08-19T21:46:02.489+0000][1692535][trace][gc,age      ] GC(100) - age  14:        104 bytes,      15456 total
[2025-08-19T21:46:02.489+0000][1692535][trace][gc,age      ] GC(100) - age  15:        280 bytes,      15736 total
[2025-08-19T21:46:02.489+0000][1692535][info ][gc,heap     ] GC(100) Eden regions: 75->0(75)
[2025-08-19T21:46:02.489+0000][1692535][info ][gc,heap     ] GC(100) Survivor regions: 1->1(10)
[2025-08-19T21:46:02.489+0000][1692535][info ][gc,heap     ] GC(100) Old regions: 22->22
[2025-08-19T21:46:02.489+0000][1692535][info ][gc,heap     ] GC(100) Humongous regions: 0->0
[2025-08-19T21:46:02.489+0000][1692535][info ][gc,metaspace] GC(100) Metaspace: 137904K(143744K)->137904K(143744K) NonClass: 119688K(123264K)->119688K(123264K) Class: 18215K(20480K)->18215K(20480K)
[2025-08-19T21:46:02.489+0000][1692535][info ][gc          ] GC(100) Pause Young (Mixed) (G1 Evacuation Pause) 386M->85M(512M) 12.341ms
[2025-08-19T21:46:02.489+0000][1692535][info ][gc,cpu      ] GC(100) User=0.00s Sys=0.00s Real=0.01s
[2025-08-19T21:46:02.489+0000][1692535][info ][safepoint   ] Safepoint "G1CollectForAllocation", Time since last: 326420256253 ns, Reaching safepoint: 7481 ns, Cleanup: 2844 ns, At safepoint: 12379595 ns, Total: 12389920 ns
[2025-08-19T21:57:50.228+0000][1692535][info ][gc,start    ] GC(101) Pause Young (Concurrent Start) (G1 Evacuation Pause)
[2025-08-19T21:57:50.432+0000][1692535][info ][gc,task     ] GC(101) Using 1 workers of 1 for evacuation
[2025-08-19T21:57:50.432+0000][1692535][debug][gc,age      ] GC(101) Desired survivor size 20971520 bytes, new threshold 15 (max threshold 15)
[2025-08-19T21:57:50.434+0000][1692535][info ][gc,phases   ] GC(101)   Pre Evacuate Collection Set: 0.1ms
[2025-08-19T21:57:50.434+0000][1692535][info ][gc,phases   ] GC(101)   Merge Heap Roots: 0.0ms
[2025-08-19T21:57:50.434+0000][1692535][info ][gc,phases   ] GC(101)   Evacuate Collection Set: 1.4ms
[2025-08-19T21:57:50.434+0000][1692535][info ][gc,phases   ] GC(101)   Post Evacuate Collection Set: 0.7ms
[2025-08-19T21:57:50.434+0000][1692535][info ][gc,phases   ] GC(101)   Other: 0.1ms
[2025-08-19T21:57:50.434+0000][1692535][trace][gc,age      ] GC(101) Age table with threshold 15 (max threshold 15)
[2025-08-19T21:57:50.434+0000][1692535][trace][gc,age      ] GC(101) - age   1:       9608 bytes,       9608 total
[2025-08-19T21:57:50.434+0000][1692535][trace][gc,age      ] GC(101) - age   2:        352 bytes,       9960 total
[2025-08-19T21:57:50.434+0000][1692535][trace][gc,age      ] GC(101) - age   3:        552 bytes,      10512 total
[2025-08-19T21:57:50.434+0000][1692535][trace][gc,age      ] GC(101) - age  10:        120 bytes,      10632 total
[2025-08-19T21:57:50.434+0000][1692535][trace][gc,age      ] GC(101) - age  13:       2008 bytes,      12640 total
[2025-08-19T21:57:50.434+0000][1692535][trace][gc,age      ] GC(101) - age  14:       1520 bytes,      14160 total
[2025-08-19T21:57:50.434+0000][1692535][trace][gc,age      ] GC(101) - age  15:        104 bytes,      14264 total
[2025-08-19T21:57:50.434+0000][1692535][info ][gc,heap     ] GC(101) Eden regions: 75->0(75)
[2025-08-19T21:57:50.434+0000][1692535][info ][gc,heap     ] GC(101) Survivor regions: 1->1(10)
[2025-08-19T21:57:50.434+0000][1692535][info ][gc,heap     ] GC(101) Old regions: 22->22
[2025-08-19T21:57:50.434+0000][1692535][info ][gc,heap     ] GC(101) Humongous regions: 0->0
[2025-08-19T21:57:50.434+0000][1692535][info ][gc,metaspace] GC(101) Metaspace: 137904K(143744K)->137904K(143744K) NonClass: 119688K(123264K)->119688K(123264K) Class: 18215K(20480K)->18215K(20480K)
[2025-08-19T21:57:50.434+0000][1692535][info ][gc          ] GC(101) Pause Young (Concurrent Start) (G1 Evacuation Pause) 385M->86M(512M) 206.186ms
[2025-08-19T21:57:50.434+0000][1692535][info ][gc,cpu      ] GC(101) User=0.00s Sys=0.00s Real=0.20s
[2025-08-19T21:57:50.434+0000][1692535][info ][safepoint   ] Safepoint "G1CollectForAllocation", Time since last: 707739616637 ns, Reaching safepoint: 8342 ns, Cleanup: 3686 ns, At safepoint: 206245199 ns, Total: 206257227 ns
[2025-08-19T21:57:50.434+0000][1692535][info ][gc          ] GC(102) Concurrent Mark Cycle
[2025-08-19T21:57:50.434+0000][1692535][info ][gc,marking  ] GC(102) Concurrent Scan Root Regions
[2025-08-19T21:57:50.440+0000][1692535][info ][gc,marking  ] GC(102) Concurrent Scan Root Regions 5.038ms
[2025-08-19T21:57:50.440+0000][1692535][info ][gc,marking  ] GC(102) Concurrent Mark
[2025-08-19T21:57:50.440+0000][1692535][info ][gc,marking  ] GC(102) Concurrent Mark From Roots
[2025-08-19T21:57:50.440+0000][1692535][info ][gc,task     ] GC(102) Using 1 workers of 1 for marking
[2025-08-19T21:57:50.544+0000][1692535][info ][gc,marking  ] GC(102) Concurrent Mark From Roots 104.782ms
[2025-08-19T21:57:50.544+0000][1692535][info ][gc,marking  ] GC(102) Concurrent Preclean
[2025-08-19T21:57:50.545+0000][1692535][info ][gc,marking  ] GC(102) Concurrent Preclean 0.245ms
[2025-08-19T21:57:50.545+0000][1692535][info ][gc,start    ] GC(102) Pause Remark
[2025-08-19T21:57:50.550+0000][1692535][info ][gc          ] GC(102) Pause Remark 89M->89M(512M) 5.171ms
[2025-08-19T21:57:50.550+0000][1692535][info ][gc,cpu      ] GC(102) User=0.00s Sys=0.00s Real=0.01s
[2025-08-19T21:57:50.550+0000][1692535][info ][safepoint   ] Safepoint "G1PauseRemark", Time since last: 110165952 ns, Reaching safepoint: 5408 ns, Cleanup: 2704 ns, At safepoint: 5210398 ns, Total: 5218510 ns
[2025-08-19T21:57:50.550+0000][1692535][info ][gc,marking  ] GC(102) Concurrent Mark 110.315ms
[2025-08-19T21:57:50.550+0000][1692535][info ][gc,marking  ] GC(102) Concurrent Rebuild Remembered Sets and Scrub Regions
[2025-08-19T21:57:50.587+0000][1692535][info ][gc,marking  ] GC(102) Concurrent Rebuild Remembered Sets and Scrub Regions 37.444ms
[2025-08-19T21:57:50.587+0000][1692535][info ][gc,start    ] GC(102) Pause Cleanup
[2025-08-19T21:57:50.587+0000][1692535][info ][gc          ] GC(102) Pause Cleanup 89M->89M(512M) 0.041ms
[2025-08-19T21:57:50.587+0000][1692535][info ][gc,cpu      ] GC(102) User=0.00s Sys=0.00s Real=0.00s
[2025-08-19T21:57:50.587+0000][1692535][info ][safepoint   ] Safepoint "G1PauseCleanup", Time since last: 37488762 ns, Reaching safepoint: 3345 ns, Cleanup: 4346 ns, At safepoint: 77267 ns, Total: 84958 ns
[2025-08-19T21:57:50.587+0000][1692535][info ][gc,marking  ] GC(102) Concurrent Clear Claimed Marks
[2025-08-19T21:57:50.588+0000][1692535][info ][gc,marking  ] GC(102) Concurrent Clear Claimed Marks 0.133ms
[2025-08-19T21:57:50.588+0000][1692535][info ][gc,marking  ] GC(102) Concurrent Cleanup for Next Mark
[2025-08-19T21:57:50.601+0000][1692535][info ][gc,marking  ] GC(102) Concurrent Cleanup for Next Mark 13.063ms
[2025-08-19T21:57:50.601+0000][1692535][info ][gc          ] GC(102) Concurrent Mark Cycle 166.159ms
[2025-08-19T22:09:34.559+0000][1692535][info ][gc,start    ] GC(103) Pause Young (Prepare Mixed) (G1 Evacuation Pause)
[2025-08-19T22:09:34.560+0000][1692535][info ][gc,task     ] GC(103) Using 1 workers of 1 for evacuation
[2025-08-19T22:09:34.560+0000][1692535][debug][gc,age      ] GC(103) Desired survivor size 20971520 bytes, new threshold 15 (max threshold 15)
[2025-08-19T22:09:34.562+0000][1692535][info ][gc,phases   ] GC(103)   Pre Evacuate Collection Set: 0.0ms
[2025-08-19T22:09:34.562+0000][1692535][info ][gc,phases   ] GC(103)   Merge Heap Roots: 0.0ms
[2025-08-19T22:09:34.562+0000][1692535][info ][gc,phases   ] GC(103)   Evacuate Collection Set: 1.5ms
[2025-08-19T22:09:34.562+0000][1692535][info ][gc,phases   ] GC(103)   Post Evacuate Collection Set: 0.7ms
[2025-08-19T22:09:34.562+0000][1692535][info ][gc,phases   ] GC(103)   Other: 0.3ms
[2025-08-19T22:09:34.562+0000][1692535][trace][gc,age      ] GC(103) Age table with threshold 15 (max threshold 15)
[2025-08-19T22:09:34.562+0000][1692535][trace][gc,age      ] GC(103) - age   1:       9448 bytes,       9448 total
[2025-08-19T22:09:34.562+0000][1692535][trace][gc,age      ] GC(103) - age   3:        176 bytes,       9624 total
[2025-08-19T22:09:34.562+0000][1692535][trace][gc,age      ] GC(103) - age   4:        552 bytes,      10176 total
[2025-08-19T22:09:34.562+0000][1692535][trace][gc,age      ] GC(103) - age  11:        120 bytes,      10296 total
[2025-08-19T22:09:34.562+0000][1692535][trace][gc,age      ] GC(103) - age  14:       2008 bytes,      12304 total
[2025-08-19T22:09:34.562+0000][1692535][trace][gc,age      ] GC(103) - age  15:       1520 bytes,      13824 total
[2025-08-19T22:09:34.562+0000][1692535][info ][gc,heap     ] GC(103) Eden regions: 75->0(75)
[2025-08-19T22:09:34.562+0000][1692535][info ][gc,heap     ] GC(103) Survivor regions: 1->1(10)
[2025-08-19T22:09:34.562+0000][1692535][info ][gc,heap     ] GC(103) Old regions: 22->22
[2025-08-19T22:09:34.562+0000][1692535][info ][gc,heap     ] GC(103) Humongous regions: 0->0
[2025-08-19T22:09:34.562+0000][1692535][info ][gc,metaspace] GC(103) Metaspace: 137904K(143744K)->137904K(143744K) NonClass: 119688K(123264K)->119688K(123264K) Class: 18215K(20480K)->18215K(20480K)
[2025-08-19T22:09:34.562+0000][1692535][info ][gc          ] GC(103) Pause Young (Prepare Mixed) (G1 Evacuation Pause) 386M->86M(512M) 3.160ms
[2025-08-19T22:09:34.562+0000][1692535][info ][gc,cpu      ] GC(103) User=0.00s Sys=0.00s Real=0.00s
[2025-08-19T22:09:34.562+0000][1692535][info ][safepoint   ] Safepoint "G1CollectForAllocation", Time since last: 703971735486 ns, Reaching safepoint: 7100 ns, Cleanup: 3676 ns, At safepoint: 3193012 ns, Total: 3203788 ns
[2025-08-19T22:21:19.341+0000][1692535][info ][gc,start    ] GC(104) Pause Young (Mixed) (G1 Evacuation Pause)
[2025-08-19T22:21:19.342+0000][1692535][info ][gc,task     ] GC(104) Using 1 workers of 1 for evacuation
[2025-08-19T22:21:19.342+0000][1692535][debug][gc,age      ] GC(104) Desired survivor size 20971520 bytes, new threshold 15 (max threshold 15)
[2025-08-19T22:21:19.371+0000][1692535][info ][gc,phases   ] GC(104)   Pre Evacuate Collection Set: 0.0ms
[2025-08-19T22:21:19.371+0000][1692535][info ][gc,phases   ] GC(104)   Merge Heap Roots: 0.2ms
[2025-08-19T22:21:19.371+0000][1692535][info ][gc,phases   ] GC(104)   Evacuate Collection Set: 25.6ms
[2025-08-19T22:21:19.371+0000][1692535][info ][gc,phases   ] GC(104)   Post Evacuate Collection Set: 3.0ms
[2025-08-19T22:21:19.371+0000][1692535][info ][gc,phases   ] GC(104)   Other: 0.0ms
[2025-08-19T22:21:19.371+0000][1692535][trace][gc,age      ] GC(104) Age table with threshold 15 (max threshold 15)
[2025-08-19T22:21:19.371+0000][1692535][trace][gc,age      ] GC(104) - age   1:      10392 bytes,      10392 total
[2025-08-19T22:21:19.371+0000][1692535][trace][gc,age      ] GC(104) - age   4:        176 bytes,      10568 total
[2025-08-19T22:21:19.371+0000][1692535][trace][gc,age      ] GC(104) - age   5:        552 bytes,      11120 total
[2025-08-19T22:21:19.371+0000][1692535][trace][gc,age      ] GC(104) - age  12:        120 bytes,      11240 total
[2025-08-19T22:21:19.371+0000][1692535][trace][gc,age      ] GC(104) - age  15:       2008 bytes,      13248 total
[2025-08-19T22:21:19.371+0000][1692535][info ][gc,heap     ] GC(104) Eden regions: 75->0(75)
[2025-08-19T22:21:19.371+0000][1692535][info ][gc,heap     ] GC(104) Survivor regions: 1->1(10)
[2025-08-19T22:21:19.371+0000][1692535][info ][gc,heap     ] GC(104) Old regions: 22->22
[2025-08-19T22:21:19.371+0000][1692535][info ][gc,heap     ] GC(104) Humongous regions: 0->0
[2025-08-19T22:21:19.371+0000][1692535][info ][gc,metaspace] GC(104) Metaspace: 137904K(143744K)->137904K(143744K) NonClass: 119688K(123264K)->119688K(123264K) Class: 18215K(20480K)->18215K(20480K)
[2025-08-19T22:21:19.371+0000][1692535][info ][gc          ] GC(104) Pause Young (Mixed) (G1 Evacuation Pause) 386M->85M(512M) 29.340ms
[2025-08-19T22:21:19.371+0000][1692535][info ][gc,cpu      ] GC(104) User=0.01s Sys=0.00s Real=0.03s
[2025-08-19T22:21:19.371+0000][1692535][info ][safepoint   ] Safepoint "G1CollectForAllocation", Time since last: 704778988910 ns, Reaching safepoint: 8112 ns, Cleanup: 4046 ns, At safepoint: 29397111 ns, Total: 29409269 ns
[2025-08-19T22:33:04.794+0000][1692535][info ][gc,start    ] GC(105) Pause Young (Concurrent Start) (G1 Evacuation Pause)
[2025-08-19T22:33:04.795+0000][1692535][info ][gc,task     ] GC(105) Using 1 workers of 1 for evacuation
[2025-08-19T22:33:04.795+0000][1692535][debug][gc,age      ] GC(105) Desired survivor size 20971520 bytes, new threshold 15 (max threshold 15)
[2025-08-19T22:33:04.797+0000][1692535][info ][gc,phases   ] GC(105)   Pre Evacuate Collection Set: 0.0ms
[2025-08-19T22:33:04.797+0000][1692535][info ][gc,phases   ] GC(105)   Merge Heap Roots: 0.0ms
[2025-08-19T22:33:04.797+0000][1692535][info ][gc,phases   ] GC(105)   Evacuate Collection Set: 1.2ms
[2025-08-19T22:33:04.797+0000][1692535][info ][gc,phases   ] GC(105)   Post Evacuate Collection Set: 0.7ms
[2025-08-19T22:33:04.797+0000][1692535][info ][gc,phases   ] GC(105)   Other: 0.0ms
[2025-08-19T22:33:04.797+0000][1692535][trace][gc,age      ] GC(105) Age table with threshold 15 (max threshold 15)
[2025-08-19T22:33:04.797+0000][1692535][trace][gc,age      ] GC(105) - age   1:      11320 bytes,      11320 total
[2025-08-19T22:33:04.797+0000][1692535][trace][gc,age      ] GC(105) - age   5:        176 bytes,      11496 total
[2025-08-19T22:33:04.797+0000][1692535][trace][gc,age      ] GC(105) - age   6:        552 bytes,      12048 total
[2025-08-19T22:33:04.797+0000][1692535][trace][gc,age      ] GC(105) - age  13:        120 bytes,      12168 total
[2025-08-19T22:33:04.797+0000][1692535][info ][gc,heap     ] GC(105) Eden regions: 75->0(75)
[2025-08-19T22:33:04.797+0000][1692535][info ][gc,heap     ] GC(105) Survivor regions: 1->1(10)
[2025-08-19T22:33:04.797+0000][1692535][info ][gc,heap     ] GC(105) Old regions: 22->22
[2025-08-19T22:33:04.797+0000][1692535][info ][gc,heap     ] GC(105) Humongous regions: 0->0
[2025-08-19T22:33:04.797+0000][1692535][info ][gc,metaspace] GC(105) Metaspace: 137907K(143744K)->137907K(143744K) NonClass: 119691K(123264K)->119691K(123264K) Class: 18215K(20480K)->18215K(20480K)
[2025-08-19T22:33:04.797+0000][1692535][info ][gc          ] GC(105) Pause Young (Concurrent Start) (G1 Evacuation Pause) 385M->86M(512M) 2.606ms
[2025-08-19T22:33:04.797+0000][1692535][info ][gc,cpu      ] GC(105) User=0.00s Sys=0.00s Real=0.01s
[2025-08-19T22:33:04.797+0000][1692535][info ][safepoint   ] Safepoint "G1CollectForAllocation", Time since last: 705423589791 ns, Reaching safepoint: 7542 ns, Cleanup: 3235 ns, At safepoint: 2654608 ns, Total: 2665385 ns
[2025-08-19T22:33:04.803+0000][1692535][info ][gc          ] GC(106) Concurrent Mark Cycle
[2025-08-19T22:33:04.803+0000][1692535][info ][gc,marking  ] GC(106) Concurrent Scan Root Regions
[2025-08-19T22:33:04.804+0000][1692535][info ][gc,marking  ] GC(106) Concurrent Scan Root Regions 0.417ms
[2025-08-19T22:33:04.804+0000][1692535][info ][gc,marking  ] GC(106) Concurrent Mark
[2025-08-19T22:33:04.804+0000][1692535][info ][gc,marking  ] GC(106) Concurrent Mark From Roots
[2025-08-19T22:33:04.804+0000][1692535][info ][gc,task     ] GC(106) Using 1 workers of 1 for marking
[2025-08-19T22:33:04.903+0000][1692535][info ][gc,marking  ] GC(106) Concurrent Mark From Roots 99.008ms
[2025-08-19T22:33:04.903+0000][1692535][info ][gc,marking  ] GC(106) Concurrent Preclean
[2025-08-19T22:33:04.903+0000][1692535][info ][gc,marking  ] GC(106) Concurrent Preclean 0.227ms
[2025-08-19T22:33:04.903+0000][1692535][info ][gc,start    ] GC(106) Pause Remark
[2025-08-19T22:33:04.907+0000][1692535][info ][gc          ] GC(106) Pause Remark 86M->86M(512M) 3.535ms
[2025-08-19T22:33:04.907+0000][1692535][info ][gc,cpu      ] GC(106) User=0.00s Sys=0.00s Real=0.01s
[2025-08-19T22:33:04.907+0000][1692535][info ][safepoint   ] Safepoint "G1PauseRemark", Time since last: 106092051 ns, Reaching safepoint: 5558 ns, Cleanup: 3115 ns, At safepoint: 3579274 ns, Total: 3587947 ns
[2025-08-19T22:33:04.907+0000][1692535][info ][gc,marking  ] GC(106) Concurrent Mark 102.894ms
[2025-08-19T22:33:04.907+0000][1692535][info ][gc,marking  ] GC(106) Concurrent Rebuild Remembered Sets and Scrub Regions
[2025-08-19T22:33:04.951+0000][1692535][info ][gc,marking  ] GC(106) Concurrent Rebuild Remembered Sets and Scrub Regions 43.926ms
[2025-08-19T22:33:04.951+0000][1692535][info ][gc,start    ] GC(106) Pause Cleanup
[2025-08-19T22:33:04.951+0000][1692535][info ][gc          ] GC(106) Pause Cleanup 86M->86M(512M) 0.032ms
[2025-08-19T22:33:04.951+0000][1692535][info ][gc,cpu      ] GC(106) User=0.00s Sys=0.00s Real=0.00s
[2025-08-19T22:33:04.951+0000][1692535][info ][safepoint   ] Safepoint "G1PauseCleanup", Time since last: 43979686 ns, Reaching safepoint: 3886 ns, Cleanup: 1893 ns, At safepoint: 56335 ns, Total: 62114 ns
[2025-08-19T22:33:04.951+0000][1692535][info ][gc,marking  ] GC(106) Concurrent Clear Claimed Marks
[2025-08-19T22:33:04.951+0000][1692535][info ][gc,marking  ] GC(106) Concurrent Clear Claimed Marks 0.144ms
[2025-08-19T22:33:04.951+0000][1692535][info ][gc,marking  ] GC(106) Concurrent Cleanup for Next Mark
[2025-08-19T22:33:04.964+0000][1692535][info ][gc,marking  ] GC(106) Concurrent Cleanup for Next Mark 12.724ms
[2025-08-19T22:33:04.964+0000][1692535][info ][gc          ] GC(106) Concurrent Mark Cycle 160.251ms
[2025-08-19T22:38:37.612+0000][1692535][info ][safepoint   ] Safepoint "Cleanup", Time since last: 332661384013 ns, Reaching safepoint: 34362 ns, Cleanup: 7521 ns, At safepoint: 4887 ns, Total: 46770 ns
[2025-08-19T22:44:50.919+0000][1692535][info ][gc,start    ] GC(107) Pause Young (Normal) (G1 Evacuation Pause)
[2025-08-19T22:44:50.919+0000][1692535][info ][gc,task     ] GC(107) Using 1 workers of 1 for evacuation
[2025-08-19T22:44:50.919+0000][1692535][debug][gc,age      ] GC(107) Desired survivor size 20971520 bytes, new threshold 15 (max threshold 15)
[2025-08-19T22:44:50.921+0000][1692535][info ][gc,phases   ] GC(107)   Pre Evacuate Collection Set: 0.1ms
[2025-08-19T22:44:50.921+0000][1692535][info ][gc,phases   ] GC(107)   Merge Heap Roots: 0.0ms
[2025-08-19T22:44:50.921+0000][1692535][info ][gc,phases   ] GC(107)   Evacuate Collection Set: 1.4ms
[2025-08-19T22:44:50.921+0000][1692535][info ][gc,phases   ] GC(107)   Post Evacuate Collection Set: 0.7ms
[2025-08-19T22:44:50.921+0000][1692535][info ][gc,phases   ] GC(107)   Other: 0.0ms
[2025-08-19T22:44:50.921+0000][1692535][trace][gc,age      ] GC(107) Age table with threshold 15 (max threshold 15)
[2025-08-19T22:44:50.921+0000][1692535][trace][gc,age      ] GC(107) - age   1:       9520 bytes,       9520 total
[2025-08-19T22:44:50.921+0000][1692535][trace][gc,age      ] GC(107) - age   2:       2144 bytes,      11664 total
[2025-08-19T22:44:50.921+0000][1692535][trace][gc,age      ] GC(107) - age   7:        552 bytes,      12216 total
[2025-08-19T22:44:50.921+0000][1692535][trace][gc,age      ] GC(107) - age  14:        120 bytes,      12336 total
[2025-08-19T22:44:50.921+0000][1692535][info ][gc,heap     ] GC(107) Eden regions: 75->0(75)
[2025-08-19T22:44:50.921+0000][1692535][info ][gc,heap     ] GC(107) Survivor regions: 1->1(10)
[2025-08-19T22:44:50.921+0000][1692535][info ][gc,heap     ] GC(107) Old regions: 22->22
[2025-08-19T22:44:50.921+0000][1692535][info ][gc,heap     ] GC(107) Humongous regions: 0->0
[2025-08-19T22:44:50.921+0000][1692535][info ][gc,metaspace] GC(107) Metaspace: 137907K(143744K)->137907K(143744K) NonClass: 119691K(123264K)->119691K(123264K) Class: 18215K(20480K)->18215K(20480K)
[2025-08-19T22:44:50.921+0000][1692535][info ][gc          ] GC(107) Pause Young (Normal) (G1 Evacuation Pause) 386M->86M(512M) 2.711ms
[2025-08-19T22:44:50.921+0000][1692535][info ][gc,cpu      ] GC(107) User=0.00s Sys=0.00s Real=0.00s
[2025-08-19T22:44:50.921+0000][1692535][info ][safepoint   ] Safepoint "G1CollectForAllocation", Time since last: 373306350469 ns, Reaching safepoint: 8653 ns, Cleanup: 3395 ns, At safepoint: 2743964 ns, Total: 2756012 ns
[2025-08-19T22:56:35.068+0000][1692535][info ][gc,start    ] GC(108) Pause Young (Concurrent Start) (G1 Evacuation Pause)
[2025-08-19T22:56:35.068+0000][1692535][info ][gc,task     ] GC(108) Using 1 workers of 1 for evacuation
[2025-08-19T22:56:35.068+0000][1692535][debug][gc,age      ] GC(108) Desired survivor size 20971520 bytes, new threshold 15 (max threshold 15)
[2025-08-19T22:56:35.070+0000][1692535][info ][gc,phases   ] GC(108)   Pre Evacuate Collection Set: 0.0ms
[2025-08-19T22:56:35.070+0000][1692535][info ][gc,phases   ] GC(108)   Merge Heap Roots: 0.0ms
[2025-08-19T22:56:35.070+0000][1692535][info ][gc,phases   ] GC(108)   Evacuate Collection Set: 1.2ms
[2025-08-19T22:56:35.070+0000][1692535][info ][gc,phases   ] GC(108)   Post Evacuate Collection Set: 0.8ms
[2025-08-19T22:56:35.070+0000][1692535][info ][gc,phases   ] GC(108)   Other: 0.0ms
[2025-08-19T22:56:35.070+0000][1692535][trace][gc,age      ] GC(108) Age table with threshold 15 (max threshold 15)
[2025-08-19T22:56:35.070+0000][1692535][trace][gc,age      ] GC(108) - age   1:      14904 bytes,      14904 total
[2025-08-19T22:56:35.070+0000][1692535][trace][gc,age      ] GC(108) - age   2:        352 bytes,      15256 total
[2025-08-19T22:56:35.070+0000][1692535][trace][gc,age      ] GC(108) - age   3:       1968 bytes,      17224 total
[2025-08-19T22:56:35.070+0000][1692535][trace][gc,age      ] GC(108) - age   8:        552 bytes,      17776 total
[2025-08-19T22:56:35.070+0000][1692535][trace][gc,age      ] GC(108) - age  15:        120 bytes,      17896 total
[2025-08-19T22:56:35.070+0000][1692535][info ][gc,heap     ] GC(108) Eden regions: 75->0(75)
[2025-08-19T22:56:35.070+0000][1692535][info ][gc,heap     ] GC(108) Survivor regions: 1->1(10)
[2025-08-19T22:56:35.070+0000][1692535][info ][gc,heap     ] GC(108) Old regions: 22->22
[2025-08-19T22:56:35.070+0000][1692535][info ][gc,heap     ] GC(108) Humongous regions: 0->0
[2025-08-19T22:56:35.070+0000][1692535][info ][gc,metaspace] GC(108) Metaspace: 137907K(143744K)->137907K(143744K) NonClass: 119691K(123264K)->119691K(123264K) Class: 18215K(20480K)->18215K(20480K)
[2025-08-19T22:56:35.070+0000][1692535][info ][gc          ] GC(108) Pause Young (Concurrent Start) (G1 Evacuation Pause) 386M->86M(512M) 2.341ms
[2025-08-19T22:56:35.070+0000][1692535][info ][gc,cpu      ] GC(108) User=0.00s Sys=0.00s Real=0.00s
[2025-08-19T22:56:35.070+0000][1692535][info ][safepoint   ] Safepoint "G1CollectForAllocation", Time since last: 704146493397 ns, Reaching safepoint: 6870 ns, Cleanup: 2504 ns, At safepoint: 2382448 ns, Total: 2391822 ns
[2025-08-19T22:56:35.071+0000][1692535][info ][gc          ] GC(109) Concurrent Mark Cycle
[2025-08-19T22:56:35.071+0000][1692535][info ][gc,marking  ] GC(109) Concurrent Scan Root Regions
[2025-08-19T22:56:35.072+0000][1692535][info ][gc,marking  ] GC(109) Concurrent Scan Root Regions 0.385ms
[2025-08-19T22:56:35.072+0000][1692535][info ][gc,marking  ] GC(109) Concurrent Mark
[2025-08-19T22:56:35.072+0000][1692535][info ][gc,marking  ] GC(109) Concurrent Mark From Roots
[2025-08-19T22:56:35.072+0000][1692535][info ][gc,task     ] GC(109) Using 1 workers of 1 for marking
[2025-08-19T22:56:35.177+0000][1692535][info ][gc,marking  ] GC(109) Concurrent Mark From Roots 105.202ms
[2025-08-19T22:56:35.177+0000][1692535][info ][gc,marking  ] GC(109) Concurrent Preclean
[2025-08-19T22:56:35.177+0000][1692535][info ][gc,marking  ] GC(109) Concurrent Preclean 0.261ms
[2025-08-19T22:56:35.177+0000][1692535][info ][gc,start    ] GC(109) Pause Remark
[2025-08-19T22:56:35.181+0000][1692535][info ][gc          ] GC(109) Pause Remark 86M->86M(512M) 3.515ms
[2025-08-19T22:56:35.181+0000][1692535][info ][gc,cpu      ] GC(109) User=0.00s Sys=0.00s Real=0.00s
[2025-08-19T22:56:35.181+0000][1692535][info ][safepoint   ] Safepoint "G1PauseRemark", Time since last: 107161241 ns, Reaching safepoint: 5108 ns, Cleanup: 3004 ns, At safepoint: 3555239 ns, Total: 3563351 ns
[2025-08-19T22:56:35.181+0000][1692535][info ][gc,marking  ] GC(109) Concurrent Mark 109.097ms
[2025-08-19T22:56:35.181+0000][1692535][info ][gc,marking  ] GC(109) Concurrent Rebuild Remembered Sets and Scrub Regions
[2025-08-19T22:56:35.221+0000][1692535][info ][gc,marking  ] GC(109) Concurrent Rebuild Remembered Sets and Scrub Regions 40.429ms
[2025-08-19T22:56:35.221+0000][1692535][info ][gc,start    ] GC(109) Pause Cleanup
[2025-08-19T22:56:35.221+0000][1692535][info ][gc          ] GC(109) Pause Cleanup 86M->86M(512M) 0.036ms
[2025-08-19T22:56:35.221+0000][1692535][info ][gc,cpu      ] GC(109) User=0.00s Sys=0.00s Real=0.00s
[2025-08-19T22:56:35.221+0000][1692535][info ][safepoint   ] Safepoint "G1PauseCleanup", Time since last: 40484174 ns, Reaching safepoint: 3846 ns, Cleanup: 1572 ns, At safepoint: 64548 ns, Total: 69966 ns
[2025-08-19T22:56:35.221+0000][1692535][info ][gc,marking  ] GC(109) Concurrent Clear Claimed Marks
[2025-08-19T22:56:35.222+0000][1692535][info ][gc,marking  ] GC(109) Concurrent Clear Claimed Marks 0.117ms
[2025-08-19T22:56:35.222+0000][1692535][info ][gc,marking  ] GC(109) Concurrent Cleanup for Next Mark
[2025-08-19T22:56:35.235+0000][1692535][info ][gc,marking  ] GC(109) Concurrent Cleanup for Next Mark 13.045ms
[2025-08-19T22:56:35.235+0000][1692535][info ][gc          ] GC(109) Concurrent Mark Cycle 163.230ms
[2025-08-19T23:02:09.241+0000][1692535][info ][safepoint   ] Safepoint "Cleanup", Time since last: 334020019057 ns, Reaching safepoint: 6500 ns, Cleanup: 11067 ns, At safepoint: 30306 ns, Total: 47873 ns
[2025-08-19T23:08:20.488+0000][1692535][info ][gc,start    ] GC(110) Pause Young (Normal) (G1 Evacuation Pause)
[2025-08-19T23:08:20.489+0000][1692535][info ][gc,task     ] GC(110) Using 1 workers of 1 for evacuation
[2025-08-19T23:08:20.489+0000][1692535][debug][gc,age      ] GC(110) Desired survivor size 20971520 bytes, new threshold 15 (max threshold 15)
[2025-08-19T23:08:20.491+0000][1692535][info ][gc,phases   ] GC(110)   Pre Evacuate Collection Set: 0.0ms
[2025-08-19T23:08:20.491+0000][1692535][info ][gc,phases   ] GC(110)   Merge Heap Roots: 0.0ms
[2025-08-19T23:08:20.491+0000][1692535][info ][gc,phases   ] GC(110)   Evacuate Collection Set: 1.4ms
[2025-08-19T23:08:20.491+0000][1692535][info ][gc,phases   ] GC(110)   Post Evacuate Collection Set: 0.9ms
[2025-08-19T23:08:20.491+0000][1692535][info ][gc,phases   ] GC(110)   Other: 0.0ms
[2025-08-19T23:08:20.491+0000][1692535][trace][gc,age      ] GC(110) Age table with threshold 15 (max threshold 15)
[2025-08-19T23:08:20.491+0000][1692535][trace][gc,age      ] GC(110) - age   1:      11056 bytes,      11056 total
[2025-08-19T23:08:20.491+0000][1692535][trace][gc,age      ] GC(110) - age   2:       4016 bytes,      15072 total
[2025-08-19T23:08:20.491+0000][1692535][trace][gc,age      ] GC(110) - age   3:        176 bytes,      15248 total
[2025-08-19T23:08:20.491+0000][1692535][trace][gc,age      ] GC(110) - age   4:       1968 bytes,      17216 total
[2025-08-19T23:08:20.491+0000][1692535][trace][gc,age      ] GC(110) - age   9:        552 bytes,      17768 total
[2025-08-19T23:08:20.491+0000][1692535][info ][gc,heap     ] GC(110) Eden regions: 75->0(75)
[2025-08-19T23:08:20.491+0000][1692535][info ][gc,heap     ] GC(110) Survivor regions: 1->1(10)
[2025-08-19T23:08:20.491+0000][1692535][info ][gc,heap     ] GC(110) Old regions: 22->22
[2025-08-19T23:08:20.491+0000][1692535][info ][gc,heap     ] GC(110) Humongous regions: 0->0
[2025-08-19T23:08:20.491+0000][1692535][info ][gc,metaspace] GC(110) Metaspace: 137907K(143744K)->137907K(143744K) NonClass: 119691K(123264K)->119691K(123264K) Class: 18215K(20480K)->18215K(20480K)
[2025-08-19T23:08:20.491+0000][1692535][info ][gc          ] GC(110) Pause Young (Normal) (G1 Evacuation Pause) 386M->86M(512M) 2.631ms
[2025-08-19T23:08:20.491+0000][1692535][info ][gc,cpu      ] GC(110) User=0.00s Sys=0.00s Real=0.00s
[2025-08-19T23:08:20.491+0000][1692535][info ][safepoint   ] Safepoint "G1CollectForAllocation", Time since last: 371246831707 ns, Reaching safepoint: 7181 ns, Cleanup: 2744 ns, At safepoint: 2664013 ns, Total: 2673938 ns
[2025-08-19T23:20:05.862+0000][1692535][info ][gc,start    ] GC(111) Pause Young (Concurrent Start) (G1 Evacuation Pause)
[2025-08-19T23:20:05.862+0000][1692535][info ][gc,task     ] GC(111) Using 1 workers of 1 for evacuation
[2025-08-19T23:20:05.862+0000][1692535][debug][gc,age      ] GC(111) Desired survivor size 20971520 bytes, new threshold 15 (max threshold 15)
[2025-08-19T23:20:05.864+0000][1692535][info ][gc,phases   ] GC(111)   Pre Evacuate Collection Set: 0.0ms
[2025-08-19T23:20:05.864+0000][1692535][info ][gc,phases   ] GC(111)   Merge Heap Roots: 0.0ms
[2025-08-19T23:20:05.864+0000][1692535][info ][gc,phases   ] GC(111)   Evacuate Collection Set: 1.2ms
[2025-08-19T23:20:05.864+0000][1692535][info ][gc,phases   ] GC(111)   Post Evacuate Collection Set: 0.7ms
[2025-08-19T23:20:05.864+0000][1692535][info ][gc,phases   ] GC(111)   Other: 0.0ms
[2025-08-19T23:20:05.864+0000][1692535][trace][gc,age      ] GC(111) Age table with threshold 15 (max threshold 15)
[2025-08-19T23:20:05.864+0000][1692535][trace][gc,age      ] GC(111) - age   1:      10864 bytes,      10864 total
[2025-08-19T23:20:05.864+0000][1692535][trace][gc,age      ] GC(111) - age   3:       4016 bytes,      14880 total
[2025-08-19T23:20:05.864+0000][1692535][trace][gc,age      ] GC(111) - age   4:        176 bytes,      15056 total
[2025-08-19T23:20:05.864+0000][1692535][trace][gc,age      ] GC(111) - age   5:       1968 bytes,      17024 total
[2025-08-19T23:20:05.864+0000][1692535][trace][gc,age      ] GC(111) - age  10:        552 bytes,      17576 total
[2025-08-19T23:20:05.864+0000][1692535][info ][gc,heap     ] GC(111) Eden regions: 75->0(75)
[2025-08-19T23:20:05.864+0000][1692535][info ][gc,heap     ] GC(111) Survivor regions: 1->1(10)
[2025-08-19T23:20:05.864+0000][1692535][info ][gc,heap     ] GC(111) Old regions: 22->22
[2025-08-19T23:20:05.864+0000][1692535][info ][gc,heap     ] GC(111) Humongous regions: 0->0
[2025-08-19T23:20:05.864+0000][1692535][info ][gc,metaspace] GC(111) Metaspace: 137907K(143744K)->137907K(143744K) NonClass: 119691K(123264K)->119691K(123264K) Class: 18215K(20480K)->18215K(20480K)
[2025-08-19T23:20:05.864+0000][1692535][info ][gc          ] GC(111) Pause Young (Concurrent Start) (G1 Evacuation Pause) 386M->86M(512M) 2.233ms
[2025-08-19T23:20:05.864+0000][1692535][info ][gc,cpu      ] GC(111) User=0.00s Sys=0.00s Real=0.00s
[2025-08-19T23:20:05.864+0000][1692535][info ][safepoint   ] Safepoint "G1CollectForAllocation", Time since last: 705370534702 ns, Reaching safepoint: 9084 ns, Cleanup: 3034 ns, At safepoint: 2271260 ns, Total: 2283378 ns
[2025-08-19T23:20:05.869+0000][1692535][info ][gc          ] GC(112) Concurrent Mark Cycle
[2025-08-19T23:20:05.869+0000][1692535][info ][gc,marking  ] GC(112) Concurrent Scan Root Regions
[2025-08-19T23:20:05.870+0000][1692535][info ][gc,marking  ] GC(112) Concurrent Scan Root Regions 0.402ms
[2025-08-19T23:20:05.870+0000][1692535][info ][gc,marking  ] GC(112) Concurrent Mark
[2025-08-19T23:20:05.870+0000][1692535][info ][gc,marking  ] GC(112) Concurrent Mark From Roots
[2025-08-19T23:20:05.870+0000][1692535][info ][gc,task     ] GC(112) Using 1 workers of 1 for marking
[2025-08-19T23:20:05.967+0000][1692535][info ][gc,marking  ] GC(112) Concurrent Mark From Roots 97.663ms
[2025-08-19T23:20:05.967+0000][1692535][info ][gc,marking  ] GC(112) Concurrent Preclean
[2025-08-19T23:20:05.968+0000][1692535][info ][gc,marking  ] GC(112) Concurrent Preclean 0.210ms
[2025-08-19T23:20:05.968+0000][1692535][info ][gc,start    ] GC(112) Pause Remark
[2025-08-19T23:20:05.971+0000][1692535][info ][gc          ] GC(112) Pause Remark 86M->86M(512M) 3.334ms
[2025-08-19T23:20:05.971+0000][1692535][info ][gc,cpu      ] GC(112) User=0.01s Sys=0.00s Real=0.00s
[2025-08-19T23:20:05.971+0000][1692535][info ][safepoint   ] Safepoint "G1PauseRemark", Time since last: 103902997 ns, Reaching safepoint: 5548 ns, Cleanup: 3115 ns, At safepoint: 3376609 ns, Total: 3385272 ns
[2025-08-19T23:20:05.971+0000][1692535][info ][gc,marking  ] GC(112) Concurrent Mark 101.331ms
[2025-08-19T23:20:05.971+0000][1692535][info ][gc,marking  ] GC(112) Concurrent Rebuild Remembered Sets and Scrub Regions
[2025-08-19T23:20:06.018+0000][1692535][info ][gc,marking  ] GC(112) Concurrent Rebuild Remembered Sets and Scrub Regions 47.082ms
[2025-08-19T23:20:06.018+0000][1692535][info ][gc,start    ] GC(112) Pause Cleanup
[2025-08-19T23:20:06.018+0000][1692535][info ][gc          ] GC(112) Pause Cleanup 86M->86M(512M) 0.031ms
[2025-08-19T23:20:06.018+0000][1692535][info ][gc,cpu      ] GC(112) User=0.00s Sys=0.00s Real=0.00s
[2025-08-19T23:20:06.018+0000][1692535][info ][safepoint   ] Safepoint "G1PauseCleanup", Time since last: 47131926 ns, Reaching safepoint: 3795 ns, Cleanup: 1593 ns, At safepoint: 54883 ns, Total: 60271 ns
[2025-08-19T23:20:06.018+0000][1692535][info ][gc,marking  ] GC(112) Concurrent Clear Claimed Marks
[2025-08-19T23:20:06.018+0000][1692535][info ][gc,marking  ] GC(112) Concurrent Clear Claimed Marks 0.150ms
[2025-08-19T23:20:06.018+0000][1692535][info ][gc,marking  ] GC(112) Concurrent Cleanup for Next Mark
[2025-08-19T23:20:06.019+0000][1692535][info ][gc,marking  ] GC(112) Concurrent Cleanup for Next Mark 0.264ms
[2025-08-19T23:20:06.019+0000][1692535][info ][gc          ] GC(112) Concurrent Mark Cycle 149.367ms
[2025-08-19T23:31:46.399+0000][1692535][info ][gc,start    ] GC(113) Pause Young (Normal) (G1 Evacuation Pause)
[2025-08-19T23:31:46.400+0000][1692535][info ][gc,task     ] GC(113) Using 1 workers of 1 for evacuation
[2025-08-19T23:31:46.400+0000][1692535][debug][gc,age      ] GC(113) Desired survivor size 20971520 bytes, new threshold 15 (max threshold 15)
[2025-08-19T23:31:46.402+0000][1692535][info ][gc,phases   ] GC(113)   Pre Evacuate Collection Set: 0.0ms
[2025-08-19T23:31:46.402+0000][1692535][info ][gc,phases   ] GC(113)   Merge Heap Roots: 0.0ms
[2025-08-19T23:31:46.402+0000][1692535][info ][gc,phases   ] GC(113)   Evacuate Collection Set: 1.4ms
[2025-08-19T23:31:46.402+0000][1692535][info ][gc,phases   ] GC(113)   Post Evacuate Collection Set: 0.7ms
[2025-08-19T23:31:46.402+0000][1692535][info ][gc,phases   ] GC(113)   Other: 0.0ms
[2025-08-19T23:31:46.402+0000][1692535][trace][gc,age      ] GC(113) Age table with threshold 15 (max threshold 15)
[2025-08-19T23:31:46.402+0000][1692535][trace][gc,age      ] GC(113) - age   1:       9272 bytes,       9272 total
[2025-08-19T23:31:46.402+0000][1692535][trace][gc,age      ] GC(113) - age   2:        176 bytes,       9448 total
[2025-08-19T23:31:46.402+0000][1692535][trace][gc,age      ] GC(113) - age   4:       4016 bytes,      13464 total
[2025-08-19T23:31:46.402+0000][1692535][trace][gc,age      ] GC(113) - age   5:        176 bytes,      13640 total
[2025-08-19T23:31:46.402+0000][1692535][trace][gc,age      ] GC(113) - age   6:       1968 bytes,      15608 total
[2025-08-19T23:31:46.402+0000][1692535][trace][gc,age      ] GC(113) - age  11:        552 bytes,      16160 total
[2025-08-19T23:31:46.402+0000][1692535][info ][gc,heap     ] GC(113) Eden regions: 75->0(75)
[2025-08-19T23:31:46.402+0000][1692535][info ][gc,heap     ] GC(113) Survivor regions: 1->1(10)
[2025-08-19T23:31:46.402+0000][1692535][info ][gc,heap     ] GC(113) Old regions: 22->22
[2025-08-19T23:31:46.402+0000][1692535][info ][gc,heap     ] GC(113) Humongous regions: 0->0
[2025-08-19T23:31:46.402+0000][1692535][info ][gc,metaspace] GC(113) Metaspace: 137907K(143744K)->137907K(143744K) NonClass: 119691K(123264K)->119691K(123264K) Class: 18215K(20480K)->18215K(20480K)
[2025-08-19T23:31:46.402+0000][1692535][info ][gc          ] GC(113) Pause Young (Normal) (G1 Evacuation Pause) 386M->86M(512M) 2.773ms
[2025-08-19T23:31:46.402+0000][1692535][info ][gc,cpu      ] GC(113) User=0.00s Sys=0.00s Real=0.00s
[2025-08-19T23:31:46.402+0000][1692535][info ][safepoint   ] Safepoint "G1CollectForAllocation", Time since last: 700380780600 ns, Reaching safepoint: 7611 ns, Cleanup: 3045 ns, At safepoint: 2806708 ns, Total: 2817364 ns
[2025-08-19T23:43:29.518+0000][1692535][info ][gc,start    ] GC(114) Pause Young (Concurrent Start) (G1 Evacuation Pause)
[2025-08-19T23:43:29.519+0000][1692535][info ][gc,task     ] GC(114) Using 1 workers of 1 for evacuation
[2025-08-19T23:43:29.519+0000][1692535][debug][gc,age      ] GC(114) Desired survivor size 20971520 bytes, new threshold 15 (max threshold 15)
[2025-08-19T23:43:29.521+0000][1692535][info ][gc,phases   ] GC(114)   Pre Evacuate Collection Set: 0.1ms
[2025-08-19T23:43:29.521+0000][1692535][info ][gc,phases   ] GC(114)   Merge Heap Roots: 0.0ms
[2025-08-19T23:43:29.521+0000][1692535][info ][gc,phases   ] GC(114)   Evacuate Collection Set: 1.1ms
[2025-08-19T23:43:29.521+0000][1692535][info ][gc,phases   ] GC(114)   Post Evacuate Collection Set: 0.7ms
[2025-08-19T23:43:29.521+0000][1692535][info ][gc,phases   ] GC(114)   Other: 0.0ms
[2025-08-19T23:43:29.521+0000][1692535][trace][gc,age      ] GC(114) Age table with threshold 15 (max threshold 15)
[2025-08-19T23:43:29.521+0000][1692535][trace][gc,age      ] GC(114) - age   1:       9456 bytes,       9456 total
[2025-08-19T23:43:29.521+0000][1692535][trace][gc,age      ] GC(114) - age   2:        176 bytes,       9632 total
[2025-08-19T23:43:29.521+0000][1692535][trace][gc,age      ] GC(114) - age   5:       4016 bytes,      13648 total
[2025-08-19T23:43:29.521+0000][1692535][trace][gc,age      ] GC(114) - age   6:        176 bytes,      13824 total
[2025-08-19T23:43:29.521+0000][1692535][trace][gc,age      ] GC(114) - age   7:       1968 bytes,      15792 total
[2025-08-19T23:43:29.521+0000][1692535][trace][gc,age      ] GC(114) - age  12:        552 bytes,      16344 total
[2025-08-19T23:43:29.521+0000][1692535][info ][gc,heap     ] GC(114) Eden regions: 75->0(75)
[2025-08-19T23:43:29.521+0000][1692535][info ][gc,heap     ] GC(114) Survivor regions: 1->1(10)
[2025-08-19T23:43:29.521+0000][1692535][info ][gc,heap     ] GC(114) Old regions: 22->22
[2025-08-19T23:43:29.521+0000][1692535][info ][gc,heap     ] GC(114) Humongous regions: 0->0
[2025-08-19T23:43:29.521+0000][1692535][info ][gc,metaspace] GC(114) Metaspace: 137907K(143744K)->137907K(143744K) NonClass: 119691K(123264K)->119691K(123264K) Class: 18215K(20480K)->18215K(20480K)
[2025-08-19T23:43:29.521+0000][1692535][info ][gc          ] GC(114) Pause Young (Concurrent Start) (G1 Evacuation Pause) 386M->86M(512M) 2.654ms
[2025-08-19T23:43:29.521+0000][1692535][info ][gc,cpu      ] GC(114) User=0.00s Sys=0.00s Real=0.00s
[2025-08-19T23:43:29.521+0000][1692535][info ][safepoint   ] Safepoint "G1CollectForAllocation", Time since last: 703116230238 ns, Reaching safepoint: 184989 ns, Cleanup: 3195 ns, At safepoint: 2691755 ns, Total: 2879939 ns
[2025-08-19T23:43:29.526+0000][1692535][info ][gc          ] GC(115) Concurrent Mark Cycle
[2025-08-19T23:43:29.526+0000][1692535][info ][gc,marking  ] GC(115) Concurrent Scan Root Regions
[2025-08-19T23:43:29.527+0000][1692535][info ][gc,marking  ] GC(115) Concurrent Scan Root Regions 0.409ms
[2025-08-19T23:43:29.527+0000][1692535][info ][gc,marking  ] GC(115) Concurrent Mark
[2025-08-19T23:43:29.527+0000][1692535][info ][gc,marking  ] GC(115) Concurrent Mark From Roots
[2025-08-19T23:43:29.527+0000][1692535][info ][gc,task     ] GC(115) Using 1 workers of 1 for marking
[2025-08-19T23:43:29.625+0000][1692535][info ][gc,marking  ] GC(115) Concurrent Mark From Roots 98.434ms
[2025-08-19T23:43:29.625+0000][1692535][info ][gc,marking  ] GC(115) Concurrent Preclean
[2025-08-19T23:43:29.625+0000][1692535][info ][gc,marking  ] GC(115) Concurrent Preclean 0.219ms
[2025-08-19T23:43:29.626+0000][1692535][info ][gc,start    ] GC(115) Pause Remark
[2025-08-19T23:43:29.629+0000][1692535][info ][gc          ] GC(115) Pause Remark 86M->86M(512M) 3.338ms
[2025-08-19T23:43:29.629+0000][1692535][info ][gc,cpu      ] GC(115) User=0.01s Sys=0.00s Real=0.00s
[2025-08-19T23:43:29.629+0000][1692535][info ][safepoint   ] Safepoint "G1PauseRemark", Time since last: 104501433 ns, Reaching safepoint: 5788 ns, Cleanup: 2925 ns, At safepoint: 3380775 ns, Total: 3389488 ns
[2025-08-19T23:43:29.629+0000][1692535][info ][gc,marking  ] GC(115) Concurrent Mark 102.112ms
[2025-08-19T23:43:29.629+0000][1692535][info ][gc,marking  ] GC(115) Concurrent Rebuild Remembered Sets and Scrub Regions
[2025-08-19T23:43:29.663+0000][1692535][info ][gc,marking  ] GC(115) Concurrent Rebuild Remembered Sets and Scrub Regions 34.102ms
[2025-08-19T23:43:29.663+0000][1692535][info ][gc,start    ] GC(115) Pause Cleanup
[2025-08-19T23:43:29.663+0000][1692535][info ][gc          ] GC(115) Pause Cleanup 86M->86M(512M) 0.035ms
[2025-08-19T23:43:29.663+0000][1692535][info ][gc,cpu      ] GC(115) User=0.00s Sys=0.00s Real=0.00s
[2025-08-19T23:43:29.663+0000][1692535][info ][safepoint   ] Safepoint "G1PauseCleanup", Time since last: 34151905 ns, Reaching safepoint: 3775 ns, Cleanup: 1613 ns, At safepoint: 58929 ns, Total: 64317 ns
[2025-08-19T23:43:29.663+0000][1692535][info ][gc,marking  ] GC(115) Concurrent Clear Claimed Marks
[2025-08-19T23:43:29.663+0000][1692535][info ][gc,marking  ] GC(115) Concurrent Clear Claimed Marks 0.126ms
[2025-08-19T23:43:29.663+0000][1692535][info ][gc,marking  ] GC(115) Concurrent Cleanup for Next Mark
[2025-08-19T23:43:29.676+0000][1692535][info ][gc,marking  ] GC(115) Concurrent Cleanup for Next Mark 12.353ms
[2025-08-19T23:43:29.676+0000][1692535][info ][gc          ] GC(115) Concurrent Mark Cycle 149.251ms
[2025-08-19T23:55:12.065+0000][1692535][info ][gc,start    ] GC(116) Pause Young (Normal) (G1 Evacuation Pause)
[2025-08-19T23:55:12.066+0000][1692535][info ][gc,task     ] GC(116) Using 1 workers of 1 for evacuation
[2025-08-19T23:55:12.066+0000][1692535][debug][gc,age      ] GC(116) Desired survivor size 20971520 bytes, new threshold 15 (max threshold 15)
[2025-08-19T23:55:12.068+0000][1692535][info ][gc,phases   ] GC(116)   Pre Evacuate Collection Set: 0.1ms
[2025-08-19T23:55:12.068+0000][1692535][info ][gc,phases   ] GC(116)   Merge Heap Roots: 0.0ms
[2025-08-19T23:55:12.068+0000][1692535][info ][gc,phases   ] GC(116)   Evacuate Collection Set: 1.4ms
[2025-08-19T23:55:12.068+0000][1692535][info ][gc,phases   ] GC(116)   Post Evacuate Collection Set: 1.0ms
[2025-08-19T23:55:12.068+0000][1692535][info ][gc,phases   ] GC(116)   Other: 0.0ms
[2025-08-19T23:55:12.068+0000][1692535][trace][gc,age      ] GC(116) Age table with threshold 15 (max threshold 15)
[2025-08-19T23:55:12.068+0000][1692535][trace][gc,age      ] GC(116) - age   1:      11392 bytes,      11392 total
[2025-08-19T23:55:12.068+0000][1692535][trace][gc,age      ] GC(116) - age   6:       4016 bytes,      15408 total
[2025-08-19T23:55:12.068+0000][1692535][trace][gc,age      ] GC(116) - age   8:       1968 bytes,      17376 total
[2025-08-19T23:55:12.068+0000][1692535][trace][gc,age      ] GC(116) - age  13:        552 bytes,      17928 total
[2025-08-19T23:55:12.068+0000][1692535][info ][gc,heap     ] GC(116) Eden regions: 75->0(75)
[2025-08-19T23:55:12.068+0000][1692535][info ][gc,heap     ] GC(116) Survivor regions: 1->1(10)
[2025-08-19T23:55:12.068+0000][1692535][info ][gc,heap     ] GC(116) Old regions: 22->22
[2025-08-19T23:55:12.068+0000][1692535][info ][gc,heap     ] GC(116) Humongous regions: 0->0
[2025-08-19T23:55:12.068+0000][1692535][info ][gc,metaspace] GC(116) Metaspace: 137907K(143744K)->137907K(143744K) NonClass: 119691K(123264K)->119691K(123264K) Class: 18215K(20480K)->18215K(20480K)
[2025-08-19T23:55:12.068+0000][1692535][info ][gc          ] GC(116) Pause Young (Normal) (G1 Evacuation Pause) 386M->86M(512M) 2.806ms
[2025-08-19T23:55:12.068+0000][1692535][info ][gc,cpu      ] GC(116) User=0.00s Sys=0.00s Real=0.01s
[2025-08-19T23:55:12.068+0000][1692535][info ][safepoint   ] Safepoint "G1CollectForAllocation", Time since last: 702402189160 ns, Reaching safepoint: 7582 ns, Cleanup: 2744 ns, At safepoint: 2841291 ns, Total: 2851617 ns
[2025-08-20T00:06:57.500+0000][1692535][info ][gc,start    ] GC(117) Pause Young (Concurrent Start) (G1 Evacuation Pause)
[2025-08-20T00:06:57.500+0000][1692535][info ][gc,task     ] GC(117) Using 1 workers of 1 for evacuation
[2025-08-20T00:06:57.500+0000][1692535][debug][gc,age      ] GC(117) Desired survivor size 20971520 bytes, new threshold 15 (max threshold 15)
[2025-08-20T00:06:57.502+0000][1692535][info ][gc,phases   ] GC(117)   Pre Evacuate Collection Set: 0.1ms
[2025-08-20T00:06:57.502+0000][1692535][info ][gc,phases   ] GC(117)   Merge Heap Roots: 0.0ms
[2025-08-20T00:06:57.502+0000][1692535][info ][gc,phases   ] GC(117)   Evacuate Collection Set: 1.2ms
[2025-08-20T00:06:57.502+0000][1692535][info ][gc,phases   ] GC(117)   Post Evacuate Collection Set: 1.0ms
[2025-08-20T00:06:57.502+0000][1692535][info ][gc,phases   ] GC(117)   Other: 0.0ms
[2025-08-20T00:06:57.502+0000][1692535][trace][gc,age      ] GC(117) Age table with threshold 15 (max threshold 15)
[2025-08-20T00:06:57.502+0000][1692535][trace][gc,age      ] GC(117) - age   1:      11032 bytes,      11032 total
[2025-08-20T00:06:57.502+0000][1692535][trace][gc,age      ] GC(117) - age   2:        176 bytes,      11208 total
[2025-08-20T00:06:57.502+0000][1692535][trace][gc,age      ] GC(117) - age   7:       4016 bytes,      15224 total
[2025-08-20T00:06:57.502+0000][1692535][trace][gc,age      ] GC(117) - age   9:       1968 bytes,      17192 total
[2025-08-20T00:06:57.502+0000][1692535][trace][gc,age      ] GC(117) - age  14:        552 bytes,      17744 total
[2025-08-20T00:06:57.502+0000][1692535][info ][gc,heap     ] GC(117) Eden regions: 75->0(75)
[2025-08-20T00:06:57.502+0000][1692535][info ][gc,heap     ] GC(117) Survivor regions: 1->1(10)
[2025-08-20T00:06:57.502+0000][1692535][info ][gc,heap     ] GC(117) Old regions: 22->22
[2025-08-20T00:06:57.502+0000][1692535][info ][gc,heap     ] GC(117) Humongous regions: 0->0
[2025-08-20T00:06:57.502+0000][1692535][info ][gc,metaspace] GC(117) Metaspace: 137907K(143744K)->137907K(143744K) NonClass: 119691K(123264K)->119691K(123264K) Class: 18215K(20480K)->18215K(20480K)
[2025-08-20T00:06:57.502+0000][1692535][info ][gc          ] GC(117) Pause Young (Concurrent Start) (G1 Evacuation Pause) 386M->86M(512M) 2.544ms
[2025-08-20T00:06:57.502+0000][1692535][info ][gc,cpu      ] GC(117) User=0.00s Sys=0.01s Real=0.00s
[2025-08-20T00:06:57.502+0000][1692535][info ][safepoint   ] Safepoint "G1CollectForAllocation", Time since last: 705431689873 ns, Reaching safepoint: 9014 ns, Cleanup: 2614 ns, At safepoint: 2580967 ns, Total: 2592595 ns
[2025-08-20T00:06:57.507+0000][1692535][info ][gc          ] GC(118) Concurrent Mark Cycle
[2025-08-20T00:06:57.507+0000][1692535][info ][gc,marking  ] GC(118) Concurrent Scan Root Regions
[2025-08-20T00:06:57.508+0000][1692535][info ][gc,marking  ] GC(118) Concurrent Scan Root Regions 0.395ms
[2025-08-20T00:06:57.508+0000][1692535][info ][gc,marking  ] GC(118) Concurrent Mark
[2025-08-20T00:06:57.508+0000][1692535][info ][gc,marking  ] GC(118) Concurrent Mark From Roots
[2025-08-20T00:06:57.508+0000][1692535][info ][gc,task     ] GC(118) Using 1 workers of 1 for marking
[2025-08-20T00:06:57.618+0000][1692535][info ][gc,marking  ] GC(118) Concurrent Mark From Roots 110.140ms
[2025-08-20T00:06:57.618+0000][1692535][info ][gc,marking  ] GC(118) Concurrent Preclean
[2025-08-20T00:06:57.618+0000][1692535][info ][gc,marking  ] GC(118) Concurrent Preclean 0.212ms
[2025-08-20T00:06:57.618+0000][1692535][info ][gc,start    ] GC(118) Pause Remark
[2025-08-20T00:06:57.622+0000][1692535][info ][gc          ] GC(118) Pause Remark 86M->86M(512M) 3.528ms
[2025-08-20T00:06:57.622+0000][1692535][info ][gc,cpu      ] GC(118) User=0.00s Sys=0.00s Real=0.00s
[2025-08-20T00:06:57.622+0000][1692535][info ][safepoint   ] Safepoint "G1PauseRemark", Time since last: 115758996 ns, Reaching safepoint: 5469 ns, Cleanup: 3034 ns, At safepoint: 3566836 ns, Total: 3575339 ns
[2025-08-20T00:06:57.622+0000][1692535][info ][gc,marking  ] GC(118) Concurrent Mark 114.002ms
[2025-08-20T00:06:57.622+0000][1692535][info ][gc,marking  ] GC(118) Concurrent Rebuild Remembered Sets and Scrub Regions
[2025-08-20T00:06:57.665+0000][1692535][info ][gc,marking  ] GC(118) Concurrent Rebuild Remembered Sets and Scrub Regions 42.989ms
[2025-08-20T00:06:57.665+0000][1692535][info ][gc,start    ] GC(118) Pause Cleanup
[2025-08-20T00:06:57.665+0000][1692535][info ][gc          ] GC(118) Pause Cleanup 89M->89M(512M) 0.033ms
[2025-08-20T00:06:57.665+0000][1692535][info ][gc,cpu      ] GC(118) User=0.00s Sys=0.00s Real=0.00s
[2025-08-20T00:06:57.665+0000][1692535][info ][safepoint   ] Safepoint "G1PauseCleanup", Time since last: 43045052 ns, Reaching safepoint: 3696 ns, Cleanup: 1382 ns, At safepoint: 57887 ns, Total: 62965 ns
[2025-08-20T00:06:57.665+0000][1692535][info ][gc,marking  ] GC(118) Concurrent Clear Claimed Marks
[2025-08-20T00:06:57.665+0000][1692535][info ][gc,marking  ] GC(118) Concurrent Clear Claimed Marks 0.132ms
[2025-08-20T00:06:57.665+0000][1692535][info ][gc,marking  ] GC(118) Concurrent Cleanup for Next Mark
[2025-08-20T00:06:57.669+0000][1692535][info ][gc,marking  ] GC(118) Concurrent Cleanup for Next Mark 3.681ms
[2025-08-20T00:06:57.669+0000][1692535][info ][gc          ] GC(118) Concurrent Mark Cycle 161.347ms
[2025-08-20T00:18:42.954+0000][1692535][info ][gc,start    ] GC(119) Pause Young (Normal) (G1 Evacuation Pause)
[2025-08-20T00:18:42.955+0000][1692535][info ][gc,task     ] GC(119) Using 1 workers of 1 for evacuation
[2025-08-20T00:18:42.955+0000][1692535][debug][gc,age      ] GC(119) Desired survivor size 20971520 bytes, new threshold 15 (max threshold 15)
[2025-08-20T00:18:42.957+0000][1692535][info ][gc,phases   ] GC(119)   Pre Evacuate Collection Set: 0.0ms
[2025-08-20T00:18:42.957+0000][1692535][info ][gc,phases   ] GC(119)   Merge Heap Roots: 0.0ms
[2025-08-20T00:18:42.957+0000][1692535][info ][gc,phases   ] GC(119)   Evacuate Collection Set: 1.4ms
[2025-08-20T00:18:42.957+0000][1692535][info ][gc,phases   ] GC(119)   Post Evacuate Collection Set: 1.0ms
[2025-08-20T00:18:42.957+0000][1692535][info ][gc,phases   ] GC(119)   Other: 0.0ms
[2025-08-20T00:18:42.957+0000][1692535][trace][gc,age      ] GC(119) Age table with threshold 15 (max threshold 15)
[2025-08-20T00:18:42.957+0000][1692535][trace][gc,age      ] GC(119) - age   1:      11056 bytes,      11056 total
[2025-08-20T00:18:42.957+0000][1692535][trace][gc,age      ] GC(119) - age   3:        176 bytes,      11232 total
[2025-08-20T00:18:42.957+0000][1692535][trace][gc,age      ] GC(119) - age   8:       4016 bytes,      15248 total
[2025-08-20T00:18:42.957+0000][1692535][trace][gc,age      ] GC(119) - age  10:       1968 bytes,      17216 total
[2025-08-20T00:18:42.957+0000][1692535][trace][gc,age      ] GC(119) - age  15:        552 bytes,      17768 total
[2025-08-20T00:18:42.957+0000][1692535][info ][gc,heap     ] GC(119) Eden regions: 75->0(75)
[2025-08-20T00:18:42.957+0000][1692535][info ][gc,heap     ] GC(119) Survivor regions: 1->1(10)
[2025-08-20T00:18:42.957+0000][1692535][info ][gc,heap     ] GC(119) Old regions: 22->22
[2025-08-20T00:18:42.957+0000][1692535][info ][gc,heap     ] GC(119) Humongous regions: 0->0
[2025-08-20T00:18:42.957+0000][1692535][info ][gc,metaspace] GC(119) Metaspace: 137907K(143744K)->137907K(143744K) NonClass: 119691K(123264K)->119691K(123264K) Class: 18215K(20480K)->18215K(20480K)
[2025-08-20T00:18:42.957+0000][1692535][info ][gc          ] GC(119) Pause Young (Normal) (G1 Evacuation Pause) 386M->86M(512M) 2.746ms
[2025-08-20T00:18:42.957+0000][1692535][info ][gc,cpu      ] GC(119) User=0.00s Sys=0.00s Real=0.01s
[2025-08-20T00:18:42.957+0000][1692535][info ][safepoint   ] Safepoint "G1CollectForAllocation", Time since last: 705289452008 ns, Reaching safepoint: 7200 ns, Cleanup: 3185 ns, At safepoint: 2778546 ns, Total: 2788931 ns
[2025-08-20T00:30:27.508+0000][1692535][info ][gc,start    ] GC(120) Pause Young (Concurrent Start) (G1 Evacuation Pause)
[2025-08-20T00:30:27.508+0000][1692535][info ][gc,task     ] GC(120) Using 1 workers of 1 for evacuation
[2025-08-20T00:30:27.508+0000][1692535][debug][gc,age      ] GC(120) Desired survivor size 20971520 bytes, new threshold 15 (max threshold 15)
[2025-08-20T00:30:27.510+0000][1692535][info ][gc,phases   ] GC(120)   Pre Evacuate Collection Set: 0.0ms
[2025-08-20T00:30:27.510+0000][1692535][info ][gc,phases   ] GC(120)   Merge Heap Roots: 0.0ms
[2025-08-20T00:30:27.510+0000][1692535][info ][gc,phases   ] GC(120)   Evacuate Collection Set: 1.1ms
[2025-08-20T00:30:27.510+0000][1692535][info ][gc,phases   ] GC(120)   Post Evacuate Collection Set: 0.7ms
[2025-08-20T00:30:27.510+0000][1692535][info ][gc,phases   ] GC(120)   Other: 0.0ms
[2025-08-20T00:30:27.510+0000][1692535][trace][gc,age      ] GC(120) Age table with threshold 15 (max threshold 15)
[2025-08-20T00:30:27.510+0000][1692535][trace][gc,age      ] GC(120) - age   1:       9384 bytes,       9384 total
[2025-08-20T00:30:27.510+0000][1692535][trace][gc,age      ] GC(120) - age   2:        176 bytes,       9560 total
[2025-08-20T00:30:27.510+0000][1692535][trace][gc,age      ] GC(120) - age   4:        176 bytes,       9736 total
[2025-08-20T00:30:27.510+0000][1692535][trace][gc,age      ] GC(120) - age   9:       4016 bytes,      13752 total
[2025-08-20T00:30:27.510+0000][1692535][trace][gc,age      ] GC(120) - age  11:       1968 bytes,      15720 total
[2025-08-20T00:30:27.510+0000][1692535][info ][gc,heap     ] GC(120) Eden regions: 75->0(75)
[2025-08-20T00:30:27.510+0000][1692535][info ][gc,heap     ] GC(120) Survivor regions: 1->1(10)
[2025-08-20T00:30:27.510+0000][1692535][info ][gc,heap     ] GC(120) Old regions: 22->22
[2025-08-20T00:30:27.510+0000][1692535][info ][gc,heap     ] GC(120) Humongous regions: 0->0
[2025-08-20T00:30:27.510+0000][1692535][info ][gc,metaspace] GC(120) Metaspace: 137907K(143744K)->137907K(143744K) NonClass: 119691K(123264K)->119691K(123264K) Class: 18215K(20480K)->18215K(20480K)
[2025-08-20T00:30:27.510+0000][1692535][info ][gc          ] GC(120) Pause Young (Concurrent Start) (G1 Evacuation Pause) 386M->86M(512M) 2.517ms
[2025-08-20T00:30:27.510+0000][1692535][info ][gc,cpu      ] GC(120) User=0.00s Sys=0.00s Real=0.00s
[2025-08-20T00:30:27.510+0000][1692535][info ][safepoint   ] Safepoint "G1CollectForAllocation", Time since last: 704550550893 ns, Reaching safepoint: 7661 ns, Cleanup: 3986 ns, At safepoint: 2555569 ns, Total: 2567216 ns
[2025-08-20T00:30:27.514+0000][1692535][info ][gc          ] GC(121) Concurrent Mark Cycle
[2025-08-20T00:30:27.514+0000][1692535][info ][gc,marking  ] GC(121) Concurrent Scan Root Regions
[2025-08-20T00:30:27.515+0000][1692535][info ][gc,marking  ] GC(121) Concurrent Scan Root Regions 0.897ms
[2025-08-20T00:30:27.515+0000][1692535][info ][gc,marking  ] GC(121) Concurrent Mark
[2025-08-20T00:30:27.515+0000][1692535][info ][gc,marking  ] GC(121) Concurrent Mark From Roots
[2025-08-20T00:30:27.515+0000][1692535][info ][gc,task     ] GC(121) Using 1 workers of 1 for marking
[2025-08-20T00:30:27.626+0000][1692535][info ][gc,marking  ] GC(121) Concurrent Mark From Roots 110.693ms
[2025-08-20T00:30:27.626+0000][1692535][info ][gc,marking  ] GC(121) Concurrent Preclean
[2025-08-20T00:30:27.626+0000][1692535][info ][gc,marking  ] GC(121) Concurrent Preclean 0.237ms
[2025-08-20T00:30:27.626+0000][1692535][info ][gc,start    ] GC(121) Pause Remark
[2025-08-20T00:30:27.630+0000][1692535][info ][gc          ] GC(121) Pause Remark 88M->88M(512M) 3.350ms
[2025-08-20T00:30:27.630+0000][1692535][info ][gc,cpu      ] GC(121) User=0.00s Sys=0.00s Real=0.00s
[2025-08-20T00:30:27.630+0000][1692535][info ][safepoint   ] Safepoint "G1PauseRemark", Time since last: 116042803 ns, Reaching safepoint: 5138 ns, Cleanup: 2925 ns, At safepoint: 3392622 ns, Total: 3400685 ns
[2025-08-20T00:30:27.630+0000][1692535][info ][gc,marking  ] GC(121) Concurrent Mark 114.408ms
[2025-08-20T00:30:27.630+0000][1692535][info ][gc,marking  ] GC(121) Concurrent Rebuild Remembered Sets and Scrub Regions
[2025-08-20T00:30:27.672+0000][1692535][info ][gc,marking  ] GC(121) Concurrent Rebuild Remembered Sets and Scrub Regions 42.129ms
[2025-08-20T00:30:27.672+0000][1692535][info ][gc,start    ] GC(121) Pause Cleanup
[2025-08-20T00:30:27.672+0000][1692535][info ][gc          ] GC(121) Pause Cleanup 88M->88M(512M) 0.033ms
[2025-08-20T00:30:27.672+0000][1692535][info ][gc,cpu      ] GC(121) User=0.00s Sys=0.00s Real=0.00s
[2025-08-20T00:30:27.672+0000][1692535][info ][safepoint   ] Safepoint "G1PauseCleanup", Time since last: 42180903 ns, Reaching safepoint: 3666 ns, Cleanup: 1352 ns, At safepoint: 56615 ns, Total: 61633 ns
[2025-08-20T00:30:27.672+0000][1692535][info ][gc,marking  ] GC(121) Concurrent Clear Claimed Marks
[2025-08-20T00:30:27.672+0000][1692535][info ][gc,marking  ] GC(121) Concurrent Clear Claimed Marks 0.142ms
[2025-08-20T00:30:27.672+0000][1692535][info ][gc,marking  ] GC(121) Concurrent Cleanup for Next Mark
[2025-08-20T00:30:27.672+0000][1692535][info ][gc,marking  ] GC(121) Concurrent Cleanup for Next Mark 0.261ms
[2025-08-20T00:30:27.672+0000][1692535][info ][gc          ] GC(121) Concurrent Mark Cycle 157.983ms
[2025-08-20T00:36:42.695+0000][1692535][info ][safepoint   ] Safepoint "Cleanup", Time since last: 375022903932 ns, Reaching safepoint: 28914 ns, Cleanup: 11177 ns, At safepoint: 4917 ns, Total: 45008 ns
[2025-08-20T00:42:13.119+0000][1692535][info ][gc,start    ] GC(122) Pause Young (Normal) (G1 Evacuation Pause)
[2025-08-20T00:42:13.119+0000][1692535][info ][gc,task     ] GC(122) Using 1 workers of 1 for evacuation
[2025-08-20T00:42:13.119+0000][1692535][debug][gc,age      ] GC(122) Desired survivor size 20971520 bytes, new threshold 15 (max threshold 15)
[2025-08-20T00:42:13.122+0000][1692535][info ][gc,phases   ] GC(122)   Pre Evacuate Collection Set: 0.0ms
[2025-08-20T00:42:13.122+0000][1692535][info ][gc,phases   ] GC(122)   Merge Heap Roots: 0.0ms
[2025-08-20T00:42:13.122+0000][1692535][info ][gc,phases   ] GC(122)   Evacuate Collection Set: 1.3ms
[2025-08-20T00:42:13.122+0000][1692535][info ][gc,phases   ] GC(122)   Post Evacuate Collection Set: 0.7ms
[2025-08-20T00:42:13.122+0000][1692535][info ][gc,phases   ] GC(122)   Other: 0.0ms
[2025-08-20T00:42:13.122+0000][1692535][trace][gc,age      ] GC(122) Age table with threshold 15 (max threshold 15)
[2025-08-20T00:42:13.122+0000][1692535][trace][gc,age      ] GC(122) - age   1:       9272 bytes,       9272 total
[2025-08-20T00:42:13.122+0000][1692535][trace][gc,age      ] GC(122) - age   2:        176 bytes,       9448 total
[2025-08-20T00:42:13.122+0000][1692535][trace][gc,age      ] GC(122) - age   5:        176 bytes,       9624 total
[2025-08-20T00:42:13.122+0000][1692535][trace][gc,age      ] GC(122) - age  10:       4016 bytes,      13640 total
[2025-08-20T00:42:13.122+0000][1692535][trace][gc,age      ] GC(122) - age  12:       1968 bytes,      15608 total
[2025-08-20T00:42:13.122+0000][1692535][info ][gc,heap     ] GC(122) Eden regions: 75->0(75)
[2025-08-20T00:42:13.122+0000][1692535][info ][gc,heap     ] GC(122) Survivor regions: 1->1(10)
[2025-08-20T00:42:13.122+0000][1692535][info ][gc,heap     ] GC(122) Old regions: 22->22
[2025-08-20T00:42:13.122+0000][1692535][info ][gc,heap     ] GC(122) Humongous regions: 0->0
[2025-08-20T00:42:13.122+0000][1692535][info ][gc,metaspace] GC(122) Metaspace: 137907K(143744K)->137907K(143744K) NonClass: 119691K(123264K)->119691K(123264K) Class: 18215K(20480K)->18215K(20480K)
[2025-08-20T00:42:13.122+0000][1692535][info ][gc          ] GC(122) Pause Young (Normal) (G1 Evacuation Pause) 386M->86M(512M) 2.671ms
[2025-08-20T00:42:13.122+0000][1692535][info ][gc,cpu      ] GC(122) User=0.01s Sys=0.00s Real=0.00s
[2025-08-20T00:42:13.122+0000][1692535][info ][safepoint   ] Safepoint "G1CollectForAllocation", Time since last: 330424135653 ns, Reaching safepoint: 7351 ns, Cleanup: 3796 ns, At safepoint: 2704754 ns, Total: 2715901 ns
[2025-08-20T00:53:59.237+0000][1692535][info ][gc,start    ] GC(123) Pause Young (Concurrent Start) (G1 Evacuation Pause)
[2025-08-20T00:53:59.237+0000][1692535][info ][gc,task     ] GC(123) Using 1 workers of 1 for evacuation
[2025-08-20T00:53:59.237+0000][1692535][debug][gc,age      ] GC(123) Desired survivor size 20971520 bytes, new threshold 15 (max threshold 15)
[2025-08-20T00:53:59.239+0000][1692535][info ][gc,phases   ] GC(123)   Pre Evacuate Collection Set: 0.0ms
[2025-08-20T00:53:59.239+0000][1692535][info ][gc,phases   ] GC(123)   Merge Heap Roots: 0.0ms
[2025-08-20T00:53:59.239+0000][1692535][info ][gc,phases   ] GC(123)   Evacuate Collection Set: 1.2ms
[2025-08-20T00:53:59.239+0000][1692535][info ][gc,phases   ] GC(123)   Post Evacuate Collection Set: 0.7ms
[2025-08-20T00:53:59.239+0000][1692535][info ][gc,phases   ] GC(123)   Other: 0.0ms
[2025-08-20T00:53:59.239+0000][1692535][trace][gc,age      ] GC(123) Age table with threshold 15 (max threshold 15)
[2025-08-20T00:53:59.239+0000][1692535][trace][gc,age      ] GC(123) - age   1:       9712 bytes,       9712 total
[2025-08-20T00:53:59.239+0000][1692535][trace][gc,age      ] GC(123) - age  11:       4016 bytes,      13728 total
[2025-08-20T00:53:59.239+0000][1692535][trace][gc,age      ] GC(123) - age  13:       1968 bytes,      15696 total
[2025-08-20T00:53:59.239+0000][1692535][info ][gc,heap     ] GC(123) Eden regions: 75->0(75)
[2025-08-20T00:53:59.239+0000][1692535][info ][gc,heap     ] GC(123) Survivor regions: 1->1(10)
[2025-08-20T00:53:59.239+0000][1692535][info ][gc,heap     ] GC(123) Old regions: 22->22
[2025-08-20T00:53:59.239+0000][1692535][info ][gc,heap     ] GC(123) Humongous regions: 0->0
[2025-08-20T00:53:59.239+0000][1692535][info ][gc,metaspace] GC(123) Metaspace: 137907K(143744K)->137907K(143744K) NonClass: 119691K(123264K)->119691K(123264K) Class: 18215K(20480K)->18215K(20480K)
[2025-08-20T00:53:59.239+0000][1692535][info ][gc          ] GC(123) Pause Young (Concurrent Start) (G1 Evacuation Pause) 386M->86M(512M) 2.370ms
[2025-08-20T00:53:59.239+0000][1692535][info ][gc,cpu      ] GC(123) User=0.00s Sys=0.00s Real=0.00s
[2025-08-20T00:53:59.239+0000][1692535][info ][safepoint   ] Safepoint "G1CollectForAllocation", Time since last: 706115204922 ns, Reaching safepoint: 8673 ns, Cleanup: 3395 ns, At safepoint: 2407806 ns, Total: 2419874 ns
[2025-08-20T00:53:59.246+0000][1692535][info ][gc          ] GC(124) Concurrent Mark Cycle
[2025-08-20T00:53:59.246+0000][1692535][info ][gc,marking  ] GC(124) Concurrent Scan Root Regions
[2025-08-20T00:53:59.247+0000][1692535][info ][gc,marking  ] GC(124) Concurrent Scan Root Regions 0.450ms
[2025-08-20T00:53:59.247+0000][1692535][info ][gc,marking  ] GC(124) Concurrent Mark
[2025-08-20T00:53:59.247+0000][1692535][info ][gc,marking  ] GC(124) Concurrent Mark From Roots
[2025-08-20T00:53:59.247+0000][1692535][info ][gc,task     ] GC(124) Using 1 workers of 1 for marking
[2025-08-20T00:53:59.351+0000][1692535][info ][gc,marking  ] GC(124) Concurrent Mark From Roots 103.814ms
[2025-08-20T00:53:59.351+0000][1692535][info ][gc,marking  ] GC(124) Concurrent Preclean
[2025-08-20T00:53:59.351+0000][1692535][info ][gc,marking  ] GC(124) Concurrent Preclean 0.217ms
[2025-08-20T00:53:59.351+0000][1692535][info ][gc,start    ] GC(124) Pause Remark
[2025-08-20T00:53:59.355+0000][1692535][info ][gc          ] GC(124) Pause Remark 87M->87M(512M) 3.651ms
[2025-08-20T00:53:59.355+0000][1692535][info ][gc,cpu      ] GC(124) User=0.00s Sys=0.00s Real=0.00s
[2025-08-20T00:53:59.355+0000][1692535][info ][safepoint   ] Safepoint "G1PauseRemark", Time since last: 111581855 ns, Reaching safepoint: 5268 ns, Cleanup: 2904 ns, At safepoint: 3692907 ns, Total: 3701079 ns
[2025-08-20T00:53:59.355+0000][1692535][info ][gc,marking  ] GC(124) Concurrent Mark 107.803ms
[2025-08-20T00:53:59.355+0000][1692535][info ][gc,marking  ] GC(124) Concurrent Rebuild Remembered Sets and Scrub Regions
[2025-08-20T00:53:59.400+0000][1692535][info ][gc,marking  ] GC(124) Concurrent Rebuild Remembered Sets and Scrub Regions 45.415ms
[2025-08-20T00:53:59.400+0000][1692535][info ][gc,start    ] GC(124) Pause Cleanup
[2025-08-20T00:53:59.400+0000][1692535][info ][gc          ] GC(124) Pause Cleanup 87M->87M(512M) 0.032ms
[2025-08-20T00:53:59.400+0000][1692535][info ][gc,cpu      ] GC(124) User=0.00s Sys=0.00s Real=0.00s
[2025-08-20T00:53:59.400+0000][1692535][info ][safepoint   ] Safepoint "G1PauseCleanup", Time since last: 45460213 ns, Reaching safepoint: 3786 ns, Cleanup: 1201 ns, At safepoint: 57107 ns, Total: 62094 ns
[2025-08-20T00:53:59.400+0000][1692535][info ][gc,marking  ] GC(124) Concurrent Clear Claimed Marks
[2025-08-20T00:53:59.400+0000][1692535][info ][gc,marking  ] GC(124) Concurrent Clear Claimed Marks 0.143ms
[2025-08-20T00:53:59.400+0000][1692535][info ][gc,marking  ] GC(124) Concurrent Cleanup for Next Mark
[2025-08-20T00:53:59.401+0000][1692535][info ][gc,marking  ] GC(124) Concurrent Cleanup for Next Mark 0.257ms
[2025-08-20T00:53:59.401+0000][1692535][info ][gc          ] GC(124) Concurrent Mark Cycle 154.202ms
[2025-08-20T01:00:13.422+0000][1692535][info ][safepoint   ] Safepoint "Cleanup", Time since last: 374022183294 ns, Reaching safepoint: 44156 ns, Cleanup: 11337 ns, At safepoint: 2795 ns, Total: 58288 ns
[2025-08-20T01:00:16.423+0000][1692535][info ][safepoint   ] Safepoint "Cleanup", Time since last: 3000497699 ns, Reaching safepoint: 74733 ns, Cleanup: 11847 ns, At safepoint: 2624 ns, Total: 89204 ns
[2025-08-20T01:05:43.338+0000][1692535][info ][gc,start    ] GC(125) Pause Young (Normal) (G1 Evacuation Pause)
[2025-08-20T01:05:43.338+0000][1692535][info ][gc,task     ] GC(125) Using 1 workers of 1 for evacuation
[2025-08-20T01:05:43.338+0000][1692535][debug][gc,age      ] GC(125) Desired survivor size 20971520 bytes, new threshold 15 (max threshold 15)
[2025-08-20T01:05:43.341+0000][1692535][info ][gc,phases   ] GC(125)   Pre Evacuate Collection Set: 0.1ms
[2025-08-20T01:05:43.341+0000][1692535][info ][gc,phases   ] GC(125)   Merge Heap Roots: 0.0ms
[2025-08-20T01:05:43.341+0000][1692535][info ][gc,phases   ] GC(125)   Evacuate Collection Set: 1.4ms
[2025-08-20T01:05:43.341+0000][1692535][info ][gc,phases   ] GC(125)   Post Evacuate Collection Set: 0.7ms
[2025-08-20T01:05:43.341+0000][1692535][info ][gc,phases   ] GC(125)   Other: 0.3ms
[2025-08-20T01:05:43.341+0000][1692535][trace][gc,age      ] GC(125) Age table with threshold 15 (max threshold 15)
[2025-08-20T01:05:43.341+0000][1692535][trace][gc,age      ] GC(125) - age   1:      17424 bytes,      17424 total
[2025-08-20T01:05:43.341+0000][1692535][trace][gc,age      ] GC(125) - age   2:        176 bytes,      17600 total
[2025-08-20T01:05:43.341+0000][1692535][trace][gc,age      ] GC(125) - age  12:       4016 bytes,      21616 total
[2025-08-20T01:05:43.341+0000][1692535][trace][gc,age      ] GC(125) - age  14:       1968 bytes,      23584 total
[2025-08-20T01:05:43.341+0000][1692535][info ][gc,heap     ] GC(125) Eden regions: 75->0(75)
[2025-08-20T01:05:43.341+0000][1692535][info ][gc,heap     ] GC(125) Survivor regions: 1->1(10)
[2025-08-20T01:05:43.341+0000][1692535][info ][gc,heap     ] GC(125) Old regions: 22->22
[2025-08-20T01:05:43.341+0000][1692535][info ][gc,heap     ] GC(125) Humongous regions: 0->0
[2025-08-20T01:05:43.341+0000][1692535][info ][gc,metaspace] GC(125) Metaspace: 137908K(143744K)->137908K(143744K) NonClass: 119692K(123264K)->119692K(123264K) Class: 18215K(20480K)->18215K(20480K)
[2025-08-20T01:05:43.341+0000][1692535][info ][gc          ] GC(125) Pause Young (Normal) (G1 Evacuation Pause) 386M->86M(512M) 2.941ms
[2025-08-20T01:05:43.341+0000][1692535][info ][gc,cpu      ] GC(125) User=0.00s Sys=0.00s Real=0.00s
[2025-08-20T01:05:43.341+0000][1692535][info ][safepoint   ] Safepoint "G1CollectForAllocation", Time since last: 326915046011 ns, Reaching safepoint: 7281 ns, Cleanup: 2915 ns, At safepoint: 2973039 ns, Total: 2983235 ns
[2025-08-20T01:17:25.168+0000][1692535][info ][gc,start    ] GC(126) Pause Young (Concurrent Start) (G1 Evacuation Pause)
[2025-08-20T01:17:25.168+0000][1692535][info ][gc,task     ] GC(126) Using 1 workers of 1 for evacuation
[2025-08-20T01:17:25.168+0000][1692535][debug][gc,age      ] GC(126) Desired survivor size 20971520 bytes, new threshold 15 (max threshold 15)
[2025-08-20T01:17:25.170+0000][1692535][info ][gc,phases   ] GC(126)   Pre Evacuate Collection Set: 0.0ms
[2025-08-20T01:17:25.170+0000][1692535][info ][gc,phases   ] GC(126)   Merge Heap Roots: 0.0ms
[2025-08-20T01:17:25.170+0000][1692535][info ][gc,phases   ] GC(126)   Evacuate Collection Set: 1.2ms
[2025-08-20T01:17:25.170+0000][1692535][info ][gc,phases   ] GC(126)   Post Evacuate Collection Set: 1.0ms
[2025-08-20T01:17:25.170+0000][1692535][info ][gc,phases   ] GC(126)   Other: 0.0ms
[2025-08-20T01:17:25.170+0000][1692535][trace][gc,age      ] GC(126) Age table with threshold 15 (max threshold 15)
[2025-08-20T01:17:25.170+0000][1692535][trace][gc,age      ] GC(126) - age   1:      11216 bytes,      11216 total
[2025-08-20T01:17:25.170+0000][1692535][trace][gc,age      ] GC(126) - age   2:        864 bytes,      12080 total
[2025-08-20T01:17:25.170+0000][1692535][trace][gc,age      ] GC(126) - age   3:        176 bytes,      12256 total
[2025-08-20T01:17:25.170+0000][1692535][trace][gc,age      ] GC(126) - age  13:       4016 bytes,      16272 total
[2025-08-20T01:17:25.170+0000][1692535][trace][gc,age      ] GC(126) - age  15:       1968 bytes,      18240 total
[2025-08-20T01:17:25.170+0000][1692535][info ][gc,heap     ] GC(126) Eden regions: 75->0(75)
[2025-08-20T01:17:25.170+0000][1692535][info ][gc,heap     ] GC(126) Survivor regions: 1->1(10)
[2025-08-20T01:17:25.170+0000][1692535][info ][gc,heap     ] GC(126) Old regions: 22->22
[2025-08-20T01:17:25.170+0000][1692535][info ][gc,heap     ] GC(126) Humongous regions: 0->0
[2025-08-20T01:17:25.170+0000][1692535][info ][gc,metaspace] GC(126) Metaspace: 137908K(143744K)->137908K(143744K) NonClass: 119692K(123264K)->119692K(123264K) Class: 18215K(20480K)->18215K(20480K)
[2025-08-20T01:17:25.170+0000][1692535][info ][gc          ] GC(126) Pause Young (Concurrent Start) (G1 Evacuation Pause) 386M->86M(512M) 2.501ms
[2025-08-20T01:17:25.170+0000][1692535][info ][gc,cpu      ] GC(126) User=0.01s Sys=0.00s Real=0.00s
[2025-08-20T01:17:25.170+0000][1692535][info ][safepoint   ] Safepoint "G1CollectForAllocation", Time since last: 701826883717 ns, Reaching safepoint: 7481 ns, Cleanup: 2765 ns, At safepoint: 2538132 ns, Total: 2548378 ns
[2025-08-20T01:17:25.175+0000][1692535][info ][gc          ] GC(127) Concurrent Mark Cycle
[2025-08-20T01:17:25.175+0000][1692535][info ][gc,marking  ] GC(127) Concurrent Scan Root Regions
[2025-08-20T01:17:25.176+0000][1692535][info ][gc,marking  ] GC(127) Concurrent Scan Root Regions 0.402ms
[2025-08-20T01:17:25.176+0000][1692535][info ][gc,marking  ] GC(127) Concurrent Mark
[2025-08-20T01:17:25.176+0000][1692535][info ][gc,marking  ] GC(127) Concurrent Mark From Roots
[2025-08-20T01:17:25.176+0000][1692535][info ][gc,task     ] GC(127) Using 1 workers of 1 for marking
[2025-08-20T01:17:25.278+0000][1692535][info ][gc,marking  ] GC(127) Concurrent Mark From Roots 101.850ms
[2025-08-20T01:17:25.278+0000][1692535][info ][gc,marking  ] GC(127) Concurrent Preclean
[2025-08-20T01:17:25.278+0000][1692535][info ][gc,marking  ] GC(127) Concurrent Preclean 0.216ms
[2025-08-20T01:17:25.278+0000][1692535][info ][gc,start    ] GC(127) Pause Remark
[2025-08-20T01:17:25.281+0000][1692535][info ][gc          ] GC(127) Pause Remark 86M->86M(512M) 3.332ms
[2025-08-20T01:17:25.281+0000][1692535][info ][gc,cpu      ] GC(127) User=0.00s Sys=0.00s Real=0.00s
[2025-08-20T01:17:25.281+0000][1692535][info ][safepoint   ] Safepoint "G1PauseRemark", Time since last: 107471898 ns, Reaching safepoint: 5508 ns, Cleanup: 3235 ns, At safepoint: 3365592 ns, Total: 3374335 ns
[2025-08-20T01:17:25.281+0000][1692535][info ][gc,marking  ] GC(127) Concurrent Mark 105.511ms
[2025-08-20T01:17:25.281+0000][1692535][info ][gc,marking  ] GC(127) Concurrent Rebuild Remembered Sets and Scrub Regions
[2025-08-20T01:17:25.334+0000][1692535][info ][gc,marking  ] GC(127) Concurrent Rebuild Remembered Sets and Scrub Regions 52.601ms
[2025-08-20T01:17:25.334+0000][1692535][info ][gc,start    ] GC(127) Pause Cleanup
[2025-08-20T01:17:25.334+0000][1692535][info ][gc          ] GC(127) Pause Cleanup 86M->86M(512M) 0.038ms
[2025-08-20T01:17:25.334+0000][1692535][info ][gc,cpu      ] GC(127) User=0.00s Sys=0.00s Real=0.00s
[2025-08-20T01:17:25.334+0000][1692535][info ][safepoint   ] Safepoint "G1PauseCleanup", Time since last: 52657840 ns, Reaching safepoint: 3986 ns, Cleanup: 2084 ns, At safepoint: 65078 ns, Total: 71148 ns
[2025-08-20T01:17:25.334+0000][1692535][info ][gc,marking  ] GC(127) Concurrent Clear Claimed Marks
[2025-08-20T01:17:25.334+0000][1692535][info ][gc,marking  ] GC(127) Concurrent Clear Claimed Marks 0.162ms
[2025-08-20T01:17:25.334+0000][1692535][info ][gc,marking  ] GC(127) Concurrent Cleanup for Next Mark
[2025-08-20T01:17:25.334+0000][1692535][info ][gc,marking  ] GC(127) Concurrent Cleanup for Next Mark 0.267ms
[2025-08-20T01:17:25.334+0000][1692535][info ][gc          ] GC(127) Concurrent Mark Cycle 159.102ms
[2025-08-20T01:29:10.609+0000][1692535][info ][gc,start    ] GC(128) Pause Young (Normal) (G1 Evacuation Pause)
[2025-08-20T01:29:10.609+0000][1692535][info ][gc,task     ] GC(128) Using 1 workers of 1 for evacuation
[2025-08-20T01:29:10.609+0000][1692535][debug][gc,age      ] GC(128) Desired survivor size 20971520 bytes, new threshold 15 (max threshold 15)
[2025-08-20T01:29:10.611+0000][1692535][info ][gc,phases   ] GC(128)   Pre Evacuate Collection Set: 0.0ms
[2025-08-20T01:29:10.611+0000][1692535][info ][gc,phases   ] GC(128)   Merge Heap Roots: 0.0ms
[2025-08-20T01:29:10.611+0000][1692535][info ][gc,phases   ] GC(128)   Evacuate Collection Set: 1.4ms
[2025-08-20T01:29:10.611+0000][1692535][info ][gc,phases   ] GC(128)   Post Evacuate Collection Set: 0.9ms
[2025-08-20T01:29:10.611+0000][1692535][info ][gc,phases   ] GC(128)   Other: 0.0ms
[2025-08-20T01:29:10.611+0000][1692535][trace][gc,age      ] GC(128) Age table with threshold 15 (max threshold 15)
[2025-08-20T01:29:10.611+0000][1692535][trace][gc,age      ] GC(128) - age   1:      10888 bytes,      10888 total
[2025-08-20T01:29:10.611+0000][1692535][trace][gc,age      ] GC(128) - age   2:        176 bytes,      11064 total
[2025-08-20T01:29:10.611+0000][1692535][trace][gc,age      ] GC(128) - age   3:        840 bytes,      11904 total
[2025-08-20T01:29:10.611+0000][1692535][trace][gc,age      ] GC(128) - age   4:        176 bytes,      12080 total
[2025-08-20T01:29:10.612+0000][1692535][trace][gc,age      ] GC(128) - age  14:       4016 bytes,      16096 total
[2025-08-20T01:29:10.612+0000][1692535][info ][gc,heap     ] GC(128) Eden regions: 75->0(75)
[2025-08-20T01:29:10.612+0000][1692535][info ][gc,heap     ] GC(128) Survivor regions: 1->1(10)
[2025-08-20T01:29:10.612+0000][1692535][info ][gc,heap     ] GC(128) Old regions: 22->22
[2025-08-20T01:29:10.612+0000][1692535][info ][gc,heap     ] GC(128) Humongous regions: 0->0
[2025-08-20T01:29:10.612+0000][1692535][info ][gc,metaspace] GC(128) Metaspace: 137908K(143744K)->137908K(143744K) NonClass: 119692K(123264K)->119692K(123264K) Class: 18215K(20480K)->18215K(20480K)
[2025-08-20T01:29:10.612+0000][1692535][info ][gc          ] GC(128) Pause Young (Normal) (G1 Evacuation Pause) 386M->86M(512M) 2.591ms
[2025-08-20T01:29:10.612+0000][1692535][info ][gc,cpu      ] GC(128) User=0.01s Sys=0.00s Real=0.00s
[2025-08-20T01:29:10.612+0000][1692535][info ][safepoint   ] Safepoint "G1CollectForAllocation", Time since last: 705274908088 ns, Reaching safepoint: 7211 ns, Cleanup: 2674 ns, At safepoint: 2631694 ns, Total: 2641579 ns
[2025-08-20T01:32:06.633+0000][1692535][info ][safepoint   ] Safepoint "Cleanup", Time since last: 176021183173 ns, Reaching safepoint: 36124 ns, Cleanup: 11387 ns, At safepoint: 2474 ns, Total: 49985 ns
[2025-08-20T01:33:30.647+0000][1692535][info ][safepoint   ] Safepoint "Cleanup", Time since last: 84014061911 ns, Reaching safepoint: 66771 ns, Cleanup: 10466 ns, At safepoint: 2413 ns, Total: 79650 ns
[2025-08-20T01:40:55.722+0000][1692535][info ][gc,start    ] GC(129) Pause Young (Concurrent Start) (G1 Evacuation Pause)
[2025-08-20T01:40:55.723+0000][1692535][info ][gc,task     ] GC(129) Using 1 workers of 1 for evacuation
[2025-08-20T01:40:55.723+0000][1692535][debug][gc,age      ] GC(129) Desired survivor size 20971520 bytes, new threshold 15 (max threshold 15)
[2025-08-20T01:40:55.725+0000][1692535][info ][gc,phases   ] GC(129)   Pre Evacuate Collection Set: 0.0ms
[2025-08-20T01:40:55.725+0000][1692535][info ][gc,phases   ] GC(129)   Merge Heap Roots: 0.0ms
[2025-08-20T01:40:55.725+0000][1692535][info ][gc,phases   ] GC(129)   Evacuate Collection Set: 1.3ms
[2025-08-20T01:40:55.725+0000][1692535][info ][gc,phases   ] GC(129)   Post Evacuate Collection Set: 0.8ms
[2025-08-20T01:40:55.725+0000][1692535][info ][gc,phases   ] GC(129)   Other: 0.3ms
[2025-08-20T01:40:55.725+0000][1692535][trace][gc,age      ] GC(129) Age table with threshold 15 (max threshold 15)
[2025-08-20T01:40:55.725+0000][1692535][trace][gc,age      ] GC(129) - age   1:      28264 bytes,      28264 total
[2025-08-20T01:40:55.725+0000][1692535][trace][gc,age      ] GC(129) - age   2:        176 bytes,      28440 total
[2025-08-20T01:40:55.725+0000][1692535][trace][gc,age      ] GC(129) - age   4:        840 bytes,      29280 total
[2025-08-20T01:40:55.725+0000][1692535][trace][gc,age      ] GC(129) - age   5:        176 bytes,      29456 total
[2025-08-20T01:40:55.725+0000][1692535][trace][gc,age      ] GC(129) - age  15:       4016 bytes,      33472 total
[2025-08-20T01:40:55.725+0000][1692535][info ][gc,heap     ] GC(129) Eden regions: 75->0(75)
[2025-08-20T01:40:55.725+0000][1692535][info ][gc,heap     ] GC(129) Survivor regions: 1->1(10)
[2025-08-20T01:40:55.725+0000][1692535][info ][gc,heap     ] GC(129) Old regions: 22->22
[2025-08-20T01:40:55.725+0000][1692535][info ][gc,heap     ] GC(129) Humongous regions: 0->0
[2025-08-20T01:40:55.725+0000][1692535][info ][gc,metaspace] GC(129) Metaspace: 137911K(143744K)->137911K(143744K) NonClass: 119695K(123264K)->119695K(123264K) Class: 18215K(20480K)->18215K(20480K)
[2025-08-20T01:40:55.725+0000][1692535][info ][gc          ] GC(129) Pause Young (Concurrent Start) (G1 Evacuation Pause) 386M->86M(512M) 2.944ms
[2025-08-20T01:40:55.725+0000][1692535][info ][gc,cpu      ] GC(129) User=0.00s Sys=0.00s Real=0.00s
[2025-08-20T01:40:55.725+0000][1692535][info ][safepoint   ] Safepoint "G1CollectForAllocation", Time since last: 445075105964 ns, Reaching safepoint: 7131 ns, Cleanup: 3174 ns, At safepoint: 2981182 ns, Total: 2991487 ns
[2025-08-20T01:40:55.725+0000][1692535][info ][gc          ] GC(130) Concurrent Mark Cycle
[2025-08-20T01:40:55.725+0000][1692535][info ][gc,marking  ] GC(130) Concurrent Scan Root Regions
[2025-08-20T01:40:55.726+0000][1692535][info ][gc,marking  ] GC(130) Concurrent Scan Root Regions 0.499ms
[2025-08-20T01:40:55.726+0000][1692535][info ][gc,marking  ] GC(130) Concurrent Mark
[2025-08-20T01:40:55.726+0000][1692535][info ][gc,marking  ] GC(130) Concurrent Mark From Roots
[2025-08-20T01:40:55.726+0000][1692535][info ][gc,task     ] GC(130) Using 1 workers of 1 for marking
[2025-08-20T01:40:55.820+0000][1692535][info ][gc,marking  ] GC(130) Concurrent Mark From Roots 93.888ms
[2025-08-20T01:40:55.820+0000][1692535][info ][gc,marking  ] GC(130) Concurrent Preclean
[2025-08-20T01:40:55.820+0000][1692535][info ][gc,marking  ] GC(130) Concurrent Preclean 0.202ms
[2025-08-20T01:40:55.820+0000][1692535][info ][gc,start    ] GC(130) Pause Remark
[2025-08-20T01:40:55.824+0000][1692535][info ][gc          ] GC(130) Pause Remark 86M->86M(512M) 3.483ms
[2025-08-20T01:40:55.824+0000][1692535][info ][gc,cpu      ] GC(130) User=0.01s Sys=0.00s Real=0.00s
[2025-08-20T01:40:55.824+0000][1692535][info ][safepoint   ] Safepoint "G1PauseRemark", Time since last: 95068799 ns, Reaching safepoint: 5479 ns, Cleanup: 3435 ns, At safepoint: 3524311 ns, Total: 3533225 ns
[2025-08-20T01:40:55.824+0000][1692535][info ][gc,marking  ] GC(130) Concurrent Mark 97.726ms
[2025-08-20T01:40:55.824+0000][1692535][info ][gc,marking  ] GC(130) Concurrent Rebuild Remembered Sets and Scrub Regions
[2025-08-20T01:40:55.878+0000][1692535][info ][gc,marking  ] GC(130) Concurrent Rebuild Remembered Sets and Scrub Regions 54.739ms
[2025-08-20T01:40:55.878+0000][1692535][info ][gc,start    ] GC(130) Pause Cleanup
[2025-08-20T01:40:55.878+0000][1692535][info ][gc          ] GC(130) Pause Cleanup 86M->86M(512M) 0.033ms
[2025-08-20T01:40:55.878+0000][1692535][info ][gc,cpu      ] GC(130) User=0.00s Sys=0.00s Real=0.00s
[2025-08-20T01:40:55.878+0000][1692535][info ][safepoint   ] Safepoint "G1PauseCleanup", Time since last: 54792304 ns, Reaching safepoint: 3696 ns, Cleanup: 1312 ns, At safepoint: 58198 ns, Total: 63206 ns
[2025-08-20T01:40:55.878+0000][1692535][info ][gc,marking  ] GC(130) Concurrent Clear Claimed Marks
[2025-08-20T01:40:55.879+0000][1692535][info ][gc,marking  ] GC(130) Concurrent Clear Claimed Marks 0.149ms
[2025-08-20T01:40:55.879+0000][1692535][info ][gc,marking  ] GC(130) Concurrent Cleanup for Next Mark
[2025-08-20T01:40:55.879+0000][1692535][info ][gc,marking  ] GC(130) Concurrent Cleanup for Next Mark 0.264ms
[2025-08-20T01:40:55.879+0000][1692535][info ][gc          ] GC(130) Concurrent Mark Cycle 153.522ms
[2025-08-20T01:52:36.648+0000][1692535][info ][gc,start    ] GC(131) Pause Young (Normal) (G1 Evacuation Pause)
[2025-08-20T01:52:36.649+0000][1692535][info ][gc,task     ] GC(131) Using 1 workers of 1 for evacuation
[2025-08-20T01:52:36.649+0000][1692535][debug][gc,age      ] GC(131) Desired survivor size 20971520 bytes, new threshold 15 (max threshold 15)
[2025-08-20T01:52:36.651+0000][1692535][info ][gc,phases   ] GC(131)   Pre Evacuate Collection Set: 0.0ms
[2025-08-20T01:52:36.651+0000][1692535][info ][gc,phases   ] GC(131)   Merge Heap Roots: 0.0ms
[2025-08-20T01:52:36.651+0000][1692535][info ][gc,phases   ] GC(131)   Evacuate Collection Set: 1.4ms
[2025-08-20T01:52:36.651+0000][1692535][info ][gc,phases   ] GC(131)   Post Evacuate Collection Set: 0.8ms
[2025-08-20T01:52:36.651+0000][1692535][info ][gc,phases   ] GC(131)   Other: 0.0ms
[2025-08-20T01:52:36.651+0000][1692535][trace][gc,age      ] GC(131) Age table with threshold 15 (max threshold 15)
[2025-08-20T01:52:36.651+0000][1692535][trace][gc,age      ] GC(131) - age   1:       9680 bytes,       9680 total
[2025-08-20T01:52:36.651+0000][1692535][trace][gc,age      ] GC(131) - age   2:       3528 bytes,      13208 total
[2025-08-20T01:52:36.651+0000][1692535][trace][gc,age      ] GC(131) - age   5:        840 bytes,      14048 total
[2025-08-20T01:52:36.651+0000][1692535][info ][gc,heap     ] GC(131) Eden regions: 75->0(75)
[2025-08-20T01:52:36.651+0000][1692535][info ][gc,heap     ] GC(131) Survivor regions: 1->1(10)
[2025-08-20T01:52:36.651+0000][1692535][info ][gc,heap     ] GC(131) Old regions: 22->22
[2025-08-20T01:52:36.651+0000][1692535][info ][gc,heap     ] GC(131) Humongous regions: 0->0
[2025-08-20T01:52:36.651+0000][1692535][info ][gc,metaspace] GC(131) Metaspace: 137913K(143744K)->137913K(143744K) NonClass: 119697K(123264K)->119697K(123264K) Class: 18215K(20480K)->18215K(20480K)
[2025-08-20T01:52:36.651+0000][1692535][info ][gc          ] GC(131) Pause Young (Normal) (G1 Evacuation Pause) 386M->86M(512M) 2.710ms
[2025-08-20T01:52:36.651+0000][1692535][info ][gc,cpu      ] GC(131) User=0.00s Sys=0.00s Real=0.00s
[2025-08-20T01:52:36.651+0000][1692535][info ][safepoint   ] Safepoint "G1CollectForAllocation", Time since last: 700769657302 ns, Reaching safepoint: 8042 ns, Cleanup: 3896 ns, At safepoint: 2746938 ns, Total: 2758876 ns
[2025-08-20T02:04:21.905+0000][1692535][info ][gc,start    ] GC(132) Pause Young (Concurrent Start) (G1 Evacuation Pause)
[2025-08-20T02:04:21.906+0000][1692535][info ][gc,task     ] GC(132) Using 1 workers of 1 for evacuation
[2025-08-20T02:04:21.906+0000][1692535][debug][gc,age      ] GC(132) Desired survivor size 20971520 bytes, new threshold 15 (max threshold 15)
[2025-08-20T02:04:21.908+0000][1692535][info ][gc,phases   ] GC(132)   Pre Evacuate Collection Set: 0.0ms
[2025-08-20T02:04:21.908+0000][1692535][info ][gc,phases   ] GC(132)   Merge Heap Roots: 0.0ms
[2025-08-20T02:04:21.908+0000][1692535][info ][gc,phases   ] GC(132)   Evacuate Collection Set: 1.2ms
[2025-08-20T02:04:21.908+0000][1692535][info ][gc,phases   ] GC(132)   Post Evacuate Collection Set: 1.0ms
[2025-08-20T02:04:21.908+0000][1692535][info ][gc,phases   ] GC(132)   Other: 0.0ms
[2025-08-20T02:04:21.908+0000][1692535][trace][gc,age      ] GC(132) Age table with threshold 15 (max threshold 15)
[2025-08-20T02:04:21.908+0000][1692535][trace][gc,age      ] GC(132) - age   1:      11064 bytes,      11064 total
[2025-08-20T02:04:21.908+0000][1692535][trace][gc,age      ] GC(132) - age   2:        176 bytes,      11240 total
[2025-08-20T02:04:21.908+0000][1692535][trace][gc,age      ] GC(132) - age   3:       3528 bytes,      14768 total
[2025-08-20T02:04:21.908+0000][1692535][trace][gc,age      ] GC(132) - age   6:        840 bytes,      15608 total
[2025-08-20T02:04:21.908+0000][1692535][info ][gc,heap     ] GC(132) Eden regions: 75->0(75)
[2025-08-20T02:04:21.908+0000][1692535][info ][gc,heap     ] GC(132) Survivor regions: 1->1(10)
[2025-08-20T02:04:21.908+0000][1692535][info ][gc,heap     ] GC(132) Old regions: 22->22
[2025-08-20T02:04:21.908+0000][1692535][info ][gc,heap     ] GC(132) Humongous regions: 0->0
[2025-08-20T02:04:21.908+0000][1692535][info ][gc,metaspace] GC(132) Metaspace: 137913K(143744K)->137913K(143744K) NonClass: 119697K(123264K)->119697K(123264K) Class: 18215K(20480K)->18215K(20480K)
[2025-08-20T02:04:21.908+0000][1692535][info ][gc          ] GC(132) Pause Young (Concurrent Start) (G1 Evacuation Pause) 386M->86M(512M) 2.484ms
[2025-08-20T02:04:21.908+0000][1692535][info ][gc,cpu      ] GC(132) User=0.00s Sys=0.00s Real=0.00s
[2025-08-20T02:04:21.908+0000][1692535][info ][safepoint   ] Safepoint "G1CollectForAllocation", Time since last: 705254429779 ns, Reaching safepoint: 7472 ns, Cleanup: 3475 ns, At safepoint: 2527026 ns, Total: 2537973 ns
[2025-08-20T02:04:21.914+0000][1692535][info ][gc          ] GC(133) Concurrent Mark Cycle
[2025-08-20T02:04:21.914+0000][1692535][info ][gc,marking  ] GC(133) Concurrent Scan Root Regions
[2025-08-20T02:04:21.915+0000][1692535][info ][gc,marking  ] GC(133) Concurrent Scan Root Regions 0.394ms
[2025-08-20T02:04:21.915+0000][1692535][info ][gc,marking  ] GC(133) Concurrent Mark
[2025-08-20T02:04:21.915+0000][1692535][info ][gc,marking  ] GC(133) Concurrent Mark From Roots
[2025-08-20T02:04:21.915+0000][1692535][info ][gc,task     ] GC(133) Using 1 workers of 1 for marking
[2025-08-20T02:04:22.021+0000][1692535][info ][gc,marking  ] GC(133) Concurrent Mark From Roots 106.332ms
[2025-08-20T02:04:22.021+0000][1692535][info ][gc,marking  ] GC(133) Concurrent Preclean
[2025-08-20T02:04:22.021+0000][1692535][info ][gc,marking  ] GC(133) Concurrent Preclean 0.209ms
[2025-08-20T02:04:22.021+0000][1692535][info ][gc,start    ] GC(133) Pause Remark
[2025-08-20T02:04:22.025+0000][1692535][info ][gc          ] GC(133) Pause Remark 87M->87M(512M) 3.382ms
[2025-08-20T02:04:22.025+0000][1692535][info ][gc,cpu      ] GC(133) User=0.00s Sys=0.00s Real=0.00s
[2025-08-20T02:04:22.025+0000][1692535][info ][safepoint   ] Safepoint "G1PauseRemark", Time since last: 113502114 ns, Reaching safepoint: 5017 ns, Cleanup: 2214 ns, At safepoint: 3420885 ns, Total: 3428116 ns
[2025-08-20T02:04:22.025+0000][1692535][info ][gc,marking  ] GC(133) Concurrent Mark 110.040ms
[2025-08-20T02:04:22.025+0000][1692535][info ][gc,marking  ] GC(133) Concurrent Rebuild Remembered Sets and Scrub Regions
[2025-08-20T02:04:22.067+0000][1692535][info ][gc,marking  ] GC(133) Concurrent Rebuild Remembered Sets and Scrub Regions 41.976ms
[2025-08-20T02:04:22.067+0000][1692535][info ][gc,start    ] GC(133) Pause Cleanup
[2025-08-20T02:04:22.067+0000][1692535][info ][gc          ] GC(133) Pause Cleanup 87M->87M(512M) 0.029ms
[2025-08-20T02:04:22.067+0000][1692535][info ][gc,cpu      ] GC(133) User=0.00s Sys=0.00s Real=0.00s
[2025-08-20T02:04:22.067+0000][1692535][info ][safepoint   ] Safepoint "G1PauseCleanup", Time since last: 42024866 ns, Reaching safepoint: 3546 ns, Cleanup: 1281 ns, At safepoint: 54383 ns, Total: 59210 ns
[2025-08-20T02:04:22.067+0000][1692535][info ][gc,marking  ] GC(133) Concurrent Clear Claimed Marks
[2025-08-20T02:04:22.067+0000][1692535][info ][gc,marking  ] GC(133) Concurrent Clear Claimed Marks 0.134ms
[2025-08-20T02:04:22.067+0000][1692535][info ][gc,marking  ] GC(133) Concurrent Cleanup for Next Mark
[2025-08-20T02:04:22.067+0000][1692535][info ][gc,marking  ] GC(133) Concurrent Cleanup for Next Mark 0.237ms
[2025-08-20T02:04:22.067+0000][1692535][info ][gc          ] GC(133) Concurrent Mark Cycle 152.917ms
[2025-08-20T02:16:07.306+0000][1692535][info ][gc,start    ] GC(134) Pause Young (Normal) (G1 Evacuation Pause)
[2025-08-20T02:16:07.306+0000][1692535][info ][gc,task     ] GC(134) Using 1 workers of 1 for evacuation
[2025-08-20T02:16:07.306+0000][1692535][debug][gc,age      ] GC(134) Desired survivor size 20971520 bytes, new threshold 15 (max threshold 15)
[2025-08-20T02:16:07.309+0000][1692535][info ][gc,phases   ] GC(134)   Pre Evacuate Collection Set: 0.1ms
[2025-08-20T02:16:07.309+0000][1692535][info ][gc,phases   ] GC(134)   Merge Heap Roots: 0.0ms
[2025-08-20T02:16:07.309+0000][1692535][info ][gc,phases   ] GC(134)   Evacuate Collection Set: 1.4ms
[2025-08-20T02:16:07.309+0000][1692535][info ][gc,phases   ] GC(134)   Post Evacuate Collection Set: 0.7ms
[2025-08-20T02:16:07.309+0000][1692535][info ][gc,phases   ] GC(134)   Other: 0.0ms
[2025-08-20T02:16:07.309+0000][1692535][trace][gc,age      ] GC(134) Age table with threshold 15 (max threshold 15)
[2025-08-20T02:16:07.309+0000][1692535][trace][gc,age      ] GC(134) - age   1:      10856 bytes,      10856 total
[2025-08-20T02:16:07.309+0000][1692535][trace][gc,age      ] GC(134) - age   2:        176 bytes,      11032 total
[2025-08-20T02:16:07.309+0000][1692535][trace][gc,age      ] GC(134) - age   3:        176 bytes,      11208 total
[2025-08-20T02:16:07.309+0000][1692535][trace][gc,age      ] GC(134) - age   4:       3528 bytes,      14736 total
[2025-08-20T02:16:07.309+0000][1692535][trace][gc,age      ] GC(134) - age   7:        840 bytes,      15576 total
[2025-08-20T02:16:07.309+0000][1692535][info ][gc,heap     ] GC(134) Eden regions: 75->0(75)
[2025-08-20T02:16:07.309+0000][1692535][info ][gc,heap     ] GC(134) Survivor regions: 1->1(10)
[2025-08-20T02:16:07.309+0000][1692535][info ][gc,heap     ] GC(134) Old regions: 22->22
[2025-08-20T02:16:07.309+0000][1692535][info ][gc,heap     ] GC(134) Humongous regions: 0->0
[2025-08-20T02:16:07.309+0000][1692535][info ][gc,metaspace] GC(134) Metaspace: 137913K(143744K)->137913K(143744K) NonClass: 119697K(123264K)->119697K(123264K) Class: 18215K(20480K)->18215K(20480K)
[2025-08-20T02:16:07.309+0000][1692535][info ][gc          ] GC(134) Pause Young (Normal) (G1 Evacuation Pause) 386M->86M(512M) 2.451ms
[2025-08-20T02:16:07.309+0000][1692535][info ][gc,cpu      ] GC(134) User=0.00s Sys=0.00s Real=0.00s
[2025-08-20T02:16:07.309+0000][1692535][info ][safepoint   ] Safepoint "G1CollectForAllocation", Time since last: 705239271312 ns, Reaching safepoint: 4677 ns, Cleanup: 2634 ns, At safepoint: 2483460 ns, Total: 2490771 ns
[2025-08-20T02:23:47.347+0000][1692535][info ][safepoint   ] Safepoint "Cleanup", Time since last: 460038042435 ns, Reaching safepoint: 72719 ns, Cleanup: 10707 ns, At safepoint: 4947 ns, Total: 88373 ns
[2025-08-20T02:27:52.711+0000][1692535][info ][gc,start    ] GC(135) Pause Young (Concurrent Start) (G1 Evacuation Pause)
[2025-08-20T02:27:52.711+0000][1692535][info ][gc,task     ] GC(135) Using 1 workers of 1 for evacuation
[2025-08-20T02:27:52.711+0000][1692535][debug][gc,age      ] GC(135) Desired survivor size 20971520 bytes, new threshold 15 (max threshold 15)
[2025-08-20T02:27:52.713+0000][1692535][info ][gc,phases   ] GC(135)   Pre Evacuate Collection Set: 0.0ms
[2025-08-20T02:27:52.713+0000][1692535][info ][gc,phases   ] GC(135)   Merge Heap Roots: 0.0ms
[2025-08-20T02:27:52.713+0000][1692535][info ][gc,phases   ] GC(135)   Evacuate Collection Set: 1.2ms
[2025-08-20T02:27:52.713+0000][1692535][info ][gc,phases   ] GC(135)   Post Evacuate Collection Set: 1.0ms
[2025-08-20T02:27:52.713+0000][1692535][info ][gc,phases   ] GC(135)   Other: 0.0ms
[2025-08-20T02:27:52.713+0000][1692535][trace][gc,age      ] GC(135) Age table with threshold 15 (max threshold 15)
[2025-08-20T02:27:52.713+0000][1692535][trace][gc,age      ] GC(135) - age   1:      10856 bytes,      10856 total
[2025-08-20T02:27:52.713+0000][1692535][trace][gc,age      ] GC(135) - age   2:        176 bytes,      11032 total
[2025-08-20T02:27:52.713+0000][1692535][trace][gc,age      ] GC(135) - age   4:        176 bytes,      11208 total
[2025-08-20T02:27:52.713+0000][1692535][trace][gc,age      ] GC(135) - age   5:       3528 bytes,      14736 total
[2025-08-20T02:27:52.713+0000][1692535][trace][gc,age      ] GC(135) - age   8:        840 bytes,      15576 total
[2025-08-20T02:27:52.713+0000][1692535][info ][gc,heap     ] GC(135) Eden regions: 75->0(75)
[2025-08-20T02:27:52.713+0000][1692535][info ][gc,heap     ] GC(135) Survivor regions: 1->1(10)
[2025-08-20T02:27:52.713+0000][1692535][info ][gc,heap     ] GC(135) Old regions: 22->22
[2025-08-20T02:27:52.713+0000][1692535][info ][gc,heap     ] GC(135) Humongous regions: 0->0
[2025-08-20T02:27:52.713+0000][1692535][info ][gc,metaspace] GC(135) Metaspace: 137913K(143744K)->137913K(143744K) NonClass: 119697K(123264K)->119697K(123264K) Class: 18215K(20480K)->18215K(20480K)
[2025-08-20T02:27:52.713+0000][1692535][info ][gc          ] GC(135) Pause Young (Concurrent Start) (G1 Evacuation Pause) 386M->86M(512M) 2.475ms
[2025-08-20T02:27:52.713+0000][1692535][info ][gc,cpu      ] GC(135) User=0.00s Sys=0.00s Real=0.00s
[2025-08-20T02:27:52.713+0000][1692535][info ][safepoint   ] Safepoint "G1CollectForAllocation", Time since last: 245363772618 ns, Reaching safepoint: 6901 ns, Cleanup: 3375 ns, At safepoint: 2512023 ns, Total: 2522299 ns
[2025-08-20T02:27:52.718+0000][1692535][info ][gc          ] GC(136) Concurrent Mark Cycle
[2025-08-20T02:27:52.718+0000][1692535][info ][gc,marking  ] GC(136) Concurrent Scan Root Regions
[2025-08-20T02:27:52.719+0000][1692535][info ][gc,marking  ] GC(136) Concurrent Scan Root Regions 0.406ms
[2025-08-20T02:27:52.719+0000][1692535][info ][gc,marking  ] GC(136) Concurrent Mark
[2025-08-20T02:27:52.719+0000][1692535][info ][gc,marking  ] GC(136) Concurrent Mark From Roots
[2025-08-20T02:27:52.719+0000][1692535][info ][gc,task     ] GC(136) Using 1 workers of 1 for marking
[2025-08-20T02:27:52.818+0000][1692535][info ][gc,marking  ] GC(136) Concurrent Mark From Roots 98.726ms
[2025-08-20T02:27:52.818+0000][1692535][info ][gc,marking  ] GC(136) Concurrent Preclean
[2025-08-20T02:27:52.818+0000][1692535][info ][gc,marking  ] GC(136) Concurrent Preclean 0.239ms
[2025-08-20T02:27:52.818+0000][1692535][info ][gc,start    ] GC(136) Pause Remark
[2025-08-20T02:27:52.821+0000][1692535][info ][gc          ] GC(136) Pause Remark 86M->86M(512M) 3.349ms
[2025-08-20T02:27:52.821+0000][1692535][info ][gc,cpu      ] GC(136) User=0.00s Sys=0.00s Real=0.00s
[2025-08-20T02:27:52.821+0000][1692535][info ][safepoint   ] Safepoint "G1PauseRemark", Time since last: 104730605 ns, Reaching safepoint: 5388 ns, Cleanup: 2644 ns, At safepoint: 3386273 ns, Total: 3394305 ns
[2025-08-20T02:27:52.821+0000][1692535][info ][gc,marking  ] GC(136) Concurrent Mark 102.428ms
[2025-08-20T02:27:52.821+0000][1692535][info ][gc,marking  ] GC(136) Concurrent Rebuild Remembered Sets and Scrub Regions
[2025-08-20T02:27:52.873+0000][1692535][info ][gc,marking  ] GC(136) Concurrent Rebuild Remembered Sets and Scrub Regions 51.578ms
[2025-08-20T02:27:52.873+0000][1692535][info ][gc,start    ] GC(136) Pause Cleanup
[2025-08-20T02:27:52.873+0000][1692535][info ][gc          ] GC(136) Pause Cleanup 86M->86M(512M) 0.033ms
[2025-08-20T02:27:52.873+0000][1692535][info ][gc,cpu      ] GC(136) User=0.00s Sys=0.00s Real=0.00s
[2025-08-20T02:27:52.873+0000][1692535][info ][safepoint   ] Safepoint "G1PauseCleanup", Time since last: 51626683 ns, Reaching safepoint: 4046 ns, Cleanup: 1502 ns, At safepoint: 59390 ns, Total: 64938 ns
[2025-08-20T02:27:52.873+0000][1692535][info ][gc,marking  ] GC(136) Concurrent Clear Claimed Marks
[2025-08-20T02:27:52.873+0000][1692535][info ][gc,marking  ] GC(136) Concurrent Clear Claimed Marks 0.122ms
[2025-08-20T02:27:52.873+0000][1692535][info ][gc,marking  ] GC(136) Concurrent Cleanup for Next Mark
[2025-08-20T02:27:52.873+0000][1692535][info ][gc,marking  ] GC(136) Concurrent Cleanup for Next Mark 0.252ms
[2025-08-20T02:27:52.873+0000][1692535][info ][gc          ] GC(136) Concurrent Mark Cycle 154.927ms
[2025-08-20T02:35:16.899+0000][1692535][info ][safepoint   ] Safepoint "Cleanup", Time since last: 444026041003 ns, Reaching safepoint: 45519 ns, Cleanup: 10916 ns, At safepoint: 2454 ns, Total: 58889 ns
[2025-08-20T02:37:17.907+0000][1692535][info ][safepoint   ] Safepoint "Cleanup", Time since last: 121007562203 ns, Reaching safepoint: 43846 ns, Cleanup: 11457 ns, At safepoint: 5268 ns, Total: 60571 ns
[2025-08-20T02:39:38.158+0000][1692535][info ][gc,start    ] GC(137) Pause Young (Normal) (G1 Evacuation Pause)
[2025-08-20T02:39:38.158+0000][1692535][info ][gc,task     ] GC(137) Using 1 workers of 1 for evacuation
[2025-08-20T02:39:38.158+0000][1692535][debug][gc,age      ] GC(137) Desired survivor size 20971520 bytes, new threshold 15 (max threshold 15)
[2025-08-20T02:39:38.160+0000][1692535][info ][gc,phases   ] GC(137)   Pre Evacuate Collection Set: 0.0ms
[2025-08-20T02:39:38.160+0000][1692535][info ][gc,phases   ] GC(137)   Merge Heap Roots: 0.0ms
[2025-08-20T02:39:38.160+0000][1692535][info ][gc,phases   ] GC(137)   Evacuate Collection Set: 1.4ms
[2025-08-20T02:39:38.160+0000][1692535][info ][gc,phases   ] GC(137)   Post Evacuate Collection Set: 1.0ms
[2025-08-20T02:39:38.160+0000][1692535][info ][gc,phases   ] GC(137)   Other: 0.0ms
[2025-08-20T02:39:38.160+0000][1692535][trace][gc,age      ] GC(137) Age table with threshold 15 (max threshold 15)
[2025-08-20T02:39:38.160+0000][1692535][trace][gc,age      ] GC(137) - age   1:      11032 bytes,      11032 total
[2025-08-20T02:39:38.160+0000][1692535][trace][gc,age      ] GC(137) - age   5:        176 bytes,      11208 total
[2025-08-20T02:39:38.160+0000][1692535][trace][gc,age      ] GC(137) - age   6:       3528 bytes,      14736 total
[2025-08-20T02:39:38.160+0000][1692535][trace][gc,age      ] GC(137) - age   9:        840 bytes,      15576 total
[2025-08-20T02:39:38.160+0000][1692535][info ][gc,heap     ] GC(137) Eden regions: 75->0(75)
[2025-08-20T02:39:38.160+0000][1692535][info ][gc,heap     ] GC(137) Survivor regions: 1->1(10)
[2025-08-20T02:39:38.160+0000][1692535][info ][gc,heap     ] GC(137) Old regions: 22->22
[2025-08-20T02:39:38.160+0000][1692535][info ][gc,heap     ] GC(137) Humongous regions: 0->0
[2025-08-20T02:39:38.160+0000][1692535][info ][gc,metaspace] GC(137) Metaspace: 137914K(143744K)->137914K(143744K) NonClass: 119698K(123264K)->119698K(123264K) Class: 18215K(20480K)->18215K(20480K)
[2025-08-20T02:39:38.160+0000][1692535][info ][gc          ] GC(137) Pause Young (Normal) (G1 Evacuation Pause) 386M->86M(512M) 2.765ms
[2025-08-20T02:39:38.160+0000][1692535][info ][gc,cpu      ] GC(137) User=0.00s Sys=0.00s Real=0.00s
[2025-08-20T02:39:38.160+0000][1692535][info ][safepoint   ] Safepoint "G1CollectForAllocation", Time since last: 140251083554 ns, Reaching safepoint: 6700 ns, Cleanup: 2884 ns, At safepoint: 2799958 ns, Total: 2809542 ns
[2025-08-20T02:51:21.429+0000][1692535][info ][gc,start    ] GC(138) Pause Young (Concurrent Start) (G1 Evacuation Pause)
[2025-08-20T02:51:21.429+0000][1692535][info ][gc,task     ] GC(138) Using 1 workers of 1 for evacuation
[2025-08-20T02:51:21.429+0000][1692535][debug][gc,age      ] GC(138) Desired survivor size 20971520 bytes, new threshold 15 (max threshold 15)
[2025-08-20T02:51:21.432+0000][1692535][info ][gc,phases   ] GC(138)   Pre Evacuate Collection Set: 0.1ms
[2025-08-20T02:51:21.432+0000][1692535][info ][gc,phases   ] GC(138)   Merge Heap Roots: 0.0ms
[2025-08-20T02:51:21.432+0000][1692535][info ][gc,phases   ] GC(138)   Evacuate Collection Set: 1.1ms
[2025-08-20T02:51:21.432+0000][1692535][info ][gc,phases   ] GC(138)   Post Evacuate Collection Set: 0.7ms
[2025-08-20T02:51:21.432+0000][1692535][info ][gc,phases   ] GC(138)   Other: 0.2ms
[2025-08-20T02:51:21.432+0000][1692535][trace][gc,age      ] GC(138) Age table with threshold 15 (max threshold 15)
[2025-08-20T02:51:21.432+0000][1692535][trace][gc,age      ] GC(138) - age   1:       9856 bytes,       9856 total
[2025-08-20T02:51:21.432+0000][1692535][trace][gc,age      ] GC(138) - age   7:       3528 bytes,      13384 total
[2025-08-20T02:51:21.432+0000][1692535][trace][gc,age      ] GC(138) - age  10:        840 bytes,      14224 total
[2025-08-20T02:51:21.432+0000][1692535][info ][gc,heap     ] GC(138) Eden regions: 75->0(75)
[2025-08-20T02:51:21.432+0000][1692535][info ][gc,heap     ] GC(138) Survivor regions: 1->1(10)
[2025-08-20T02:51:21.432+0000][1692535][info ][gc,heap     ] GC(138) Old regions: 22->22
[2025-08-20T02:51:21.432+0000][1692535][info ][gc,heap     ] GC(138) Humongous regions: 0->0
[2025-08-20T02:51:21.432+0000][1692535][info ][gc,metaspace] GC(138) Metaspace: 137914K(143744K)->137914K(143744K) NonClass: 119698K(123264K)->119698K(123264K) Class: 18215K(20480K)->18215K(20480K)
[2025-08-20T02:51:21.432+0000][1692535][info ][gc          ] GC(138) Pause Young (Concurrent Start) (G1 Evacuation Pause) 386M->86M(512M) 2.749ms
[2025-08-20T02:51:21.432+0000][1692535][info ][gc,cpu      ] GC(138) User=0.00s Sys=0.00s Real=0.00s
[2025-08-20T02:51:21.432+0000][1692535][info ][safepoint   ] Safepoint "G1CollectForAllocation", Time since last: 703268343325 ns, Reaching safepoint: 4196 ns, Cleanup: 3355 ns, At safepoint: 2785907 ns, Total: 2793458 ns
[2025-08-20T02:51:21.435+0000][1692535][info ][gc          ] GC(139) Concurrent Mark Cycle
[2025-08-20T02:51:21.435+0000][1692535][info ][gc,marking  ] GC(139) Concurrent Scan Root Regions
[2025-08-20T02:51:21.436+0000][1692535][info ][gc,marking  ] GC(139) Concurrent Scan Root Regions 0.469ms
[2025-08-20T02:51:21.436+0000][1692535][info ][gc,marking  ] GC(139) Concurrent Mark
[2025-08-20T02:51:21.436+0000][1692535][info ][gc,marking  ] GC(139) Concurrent Mark From Roots
[2025-08-20T02:51:21.436+0000][1692535][info ][gc,task     ] GC(139) Using 1 workers of 1 for marking
[2025-08-20T02:51:21.533+0000][1692535][info ][gc,marking  ] GC(139) Concurrent Mark From Roots 97.230ms
[2025-08-20T02:51:21.533+0000][1692535][info ][gc,marking  ] GC(139) Concurrent Preclean
[2025-08-20T02:51:21.533+0000][1692535][info ][gc,marking  ] GC(139) Concurrent Preclean 0.239ms
[2025-08-20T02:51:21.533+0000][1692535][info ][gc,start    ] GC(139) Pause Remark
[2025-08-20T02:51:21.537+0000][1692535][info ][gc          ] GC(139) Pause Remark 86M->86M(512M) 3.606ms
[2025-08-20T02:51:21.537+0000][1692535][info ][gc,cpu      ] GC(139) User=0.00s Sys=0.00s Real=0.01s
[2025-08-20T02:51:21.537+0000][1692535][info ][safepoint   ] Safepoint "G1PauseRemark", Time since last: 101723197 ns, Reaching safepoint: 5288 ns, Cleanup: 3185 ns, At safepoint: 3647968 ns, Total: 3656441 ns
[2025-08-20T02:51:21.537+0000][1692535][info ][gc,marking  ] GC(139) Concurrent Mark 101.188ms
[2025-08-20T02:51:21.537+0000][1692535][info ][gc,marking  ] GC(139) Concurrent Rebuild Remembered Sets and Scrub Regions
[2025-08-20T02:51:21.581+0000][1692535][info ][gc,marking  ] GC(139) Concurrent Rebuild Remembered Sets and Scrub Regions 43.806ms
[2025-08-20T02:51:21.581+0000][1692535][info ][gc,start    ] GC(139) Pause Cleanup
[2025-08-20T02:51:21.581+0000][1692535][info ][gc          ] GC(139) Pause Cleanup 86M->86M(512M) 0.071ms
[2025-08-20T02:51:21.581+0000][1692535][info ][gc,cpu      ] GC(139) User=0.00s Sys=0.00s Real=0.00s
[2025-08-20T02:51:21.581+0000][1692535][info ][safepoint   ] Safepoint "G1PauseCleanup", Time since last: 43849220 ns, Reaching safepoint: 3586 ns, Cleanup: 1933 ns, At safepoint: 95334 ns, Total: 100853 ns
[2025-08-20T02:51:21.581+0000][1692535][info ][gc,marking  ] GC(139) Concurrent Clear Claimed Marks
[2025-08-20T02:51:21.581+0000][1692535][info ][gc,marking  ] GC(139) Concurrent Clear Claimed Marks 0.117ms
[2025-08-20T02:51:21.581+0000][1692535][info ][gc,marking  ] GC(139) Concurrent Cleanup for Next Mark
[2025-08-20T02:51:21.586+0000][1692535][info ][gc,marking  ] GC(139) Concurrent Cleanup for Next Mark 5.348ms
[2025-08-20T02:51:21.586+0000][1692535][info ][gc          ] GC(139) Concurrent Mark Cycle 151.104ms
[2025-08-20T03:03:05.045+0000][1692535][info ][gc,start    ] GC(140) Pause Young (Normal) (G1 Evacuation Pause)
[2025-08-20T03:03:05.046+0000][1692535][info ][gc,task     ] GC(140) Using 1 workers of 1 for evacuation
[2025-08-20T03:03:05.046+0000][1692535][debug][gc,age      ] GC(140) Desired survivor size 20971520 bytes, new threshold 15 (max threshold 15)
[2025-08-20T03:03:05.048+0000][1692535][info ][gc,phases   ] GC(140)   Pre Evacuate Collection Set: 0.0ms
[2025-08-20T03:03:05.048+0000][1692535][info ][gc,phases   ] GC(140)   Merge Heap Roots: 0.0ms
[2025-08-20T03:03:05.048+0000][1692535][info ][gc,phases   ] GC(140)   Evacuate Collection Set: 1.3ms
[2025-08-20T03:03:05.048+0000][1692535][info ][gc,phases   ] GC(140)   Post Evacuate Collection Set: 0.7ms
[2025-08-20T03:03:05.048+0000][1692535][info ][gc,phases   ] GC(140)   Other: 0.0ms
[2025-08-20T03:03:05.048+0000][1692535][trace][gc,age      ] GC(140) Age table with threshold 15 (max threshold 15)
[2025-08-20T03:03:05.048+0000][1692535][trace][gc,age      ] GC(140) - age   1:       9480 bytes,       9480 total
[2025-08-20T03:03:05.048+0000][1692535][trace][gc,age      ] GC(140) - age   2:        176 bytes,       9656 total
[2025-08-20T03:03:05.048+0000][1692535][trace][gc,age      ] GC(140) - age   8:       3528 bytes,      13184 total
[2025-08-20T03:03:05.048+0000][1692535][trace][gc,age      ] GC(140) - age  11:        840 bytes,      14024 total
[2025-08-20T03:03:05.048+0000][1692535][info ][gc,heap     ] GC(140) Eden regions: 75->0(75)
[2025-08-20T03:03:05.048+0000][1692535][info ][gc,heap     ] GC(140) Survivor regions: 1->1(10)
[2025-08-20T03:03:05.048+0000][1692535][info ][gc,heap     ] GC(140) Old regions: 22->22
[2025-08-20T03:03:05.048+0000][1692535][info ][gc,heap     ] GC(140) Humongous regions: 0->0
[2025-08-20T03:03:05.048+0000][1692535][info ][gc,metaspace] GC(140) Metaspace: 137914K(143744K)->137914K(143744K) NonClass: 119698K(123264K)->119698K(123264K) Class: 18215K(20480K)->18215K(20480K)
[2025-08-20T03:03:05.048+0000][1692535][info ][gc          ] GC(140) Pause Young (Normal) (G1 Evacuation Pause) 386M->86M(512M) 2.810ms
[2025-08-20T03:03:05.048+0000][1692535][info ][gc,cpu      ] GC(140) User=0.00s Sys=0.00s Real=0.00s
[2025-08-20T03:03:05.048+0000][1692535][info ][safepoint   ] Safepoint "G1CollectForAllocation", Time since last: 703464449482 ns, Reaching safepoint: 10666 ns, Cleanup: 4226 ns, At safepoint: 2846128 ns, Total: 2861020 ns
[2025-08-20T03:14:50.661+0000][1692535][info ][gc,start    ] GC(141) Pause Young (Concurrent Start) (G1 Evacuation Pause)
[2025-08-20T03:14:50.661+0000][1692535][info ][gc,task     ] GC(141) Using 1 workers of 1 for evacuation
[2025-08-20T03:14:50.661+0000][1692535][debug][gc,age      ] GC(141) Desired survivor size 20971520 bytes, new threshold 15 (max threshold 15)
[2025-08-20T03:14:50.663+0000][1692535][info ][gc,phases   ] GC(141)   Pre Evacuate Collection Set: 0.0ms
[2025-08-20T03:14:50.663+0000][1692535][info ][gc,phases   ] GC(141)   Merge Heap Roots: 0.0ms
[2025-08-20T03:14:50.663+0000][1692535][info ][gc,phases   ] GC(141)   Evacuate Collection Set: 1.1ms
[2025-08-20T03:14:50.663+0000][1692535][info ][gc,phases   ] GC(141)   Post Evacuate Collection Set: 0.7ms
[2025-08-20T03:14:50.663+0000][1692535][info ][gc,phases   ] GC(141)   Other: 0.0ms
[2025-08-20T03:14:50.663+0000][1692535][trace][gc,age      ] GC(141) Age table with threshold 15 (max threshold 15)
[2025-08-20T03:14:50.663+0000][1692535][trace][gc,age      ] GC(141) - age   1:       9344 bytes,       9344 total
[2025-08-20T03:14:50.663+0000][1692535][trace][gc,age      ] GC(141) - age   2:        176 bytes,       9520 total
[2025-08-20T03:14:50.663+0000][1692535][trace][gc,age      ] GC(141) - age   3:        176 bytes,       9696 total
[2025-08-20T03:14:50.663+0000][1692535][trace][gc,age      ] GC(141) - age   9:       3528 bytes,      13224 total
[2025-08-20T03:14:50.663+0000][1692535][trace][gc,age      ] GC(141) - age  12:        840 bytes,      14064 total
[2025-08-20T03:14:50.663+0000][1692535][info ][gc,heap     ] GC(141) Eden regions: 75->0(75)
[2025-08-20T03:14:50.663+0000][1692535][info ][gc,heap     ] GC(141) Survivor regions: 1->1(10)
[2025-08-20T03:14:50.663+0000][1692535][info ][gc,heap     ] GC(141) Old regions: 22->22
[2025-08-20T03:14:50.663+0000][1692535][info ][gc,heap     ] GC(141) Humongous regions: 0->0
[2025-08-20T03:14:50.663+0000][1692535][info ][gc,metaspace] GC(141) Metaspace: 137914K(143744K)->137914K(143744K) NonClass: 119698K(123264K)->119698K(123264K) Class: 18215K(20480K)->18215K(20480K)
[2025-08-20T03:14:50.663+0000][1692535][info ][gc          ] GC(141) Pause Young (Concurrent Start) (G1 Evacuation Pause) 386M->86M(512M) 2.377ms
[2025-08-20T03:14:50.663+0000][1692535][info ][gc,cpu      ] GC(141) User=0.00s Sys=0.00s Real=0.00s
[2025-08-20T03:14:50.663+0000][1692535][info ][safepoint   ] Safepoint "G1CollectForAllocation", Time since last: 705612558074 ns, Reaching safepoint: 7091 ns, Cleanup: 3355 ns, At safepoint: 2411301 ns, Total: 2421747 ns
[2025-08-20T03:14:50.668+0000][1692535][info ][gc          ] GC(142) Concurrent Mark Cycle
[2025-08-20T03:14:50.668+0000][1692535][info ][gc,marking  ] GC(142) Concurrent Scan Root Regions
[2025-08-20T03:14:50.669+0000][1692535][info ][gc,marking  ] GC(142) Concurrent Scan Root Regions 0.410ms
[2025-08-20T03:14:50.669+0000][1692535][info ][gc,marking  ] GC(142) Concurrent Mark
[2025-08-20T03:14:50.669+0000][1692535][info ][gc,marking  ] GC(142) Concurrent Mark From Roots
[2025-08-20T03:14:50.669+0000][1692535][info ][gc,task     ] GC(142) Using 1 workers of 1 for marking
[2025-08-20T03:14:50.791+0000][1692535][info ][gc,marking  ] GC(142) Concurrent Mark From Roots 122.218ms
[2025-08-20T03:14:50.791+0000][1692535][info ][gc,marking  ] GC(142) Concurrent Preclean
[2025-08-20T03:14:50.791+0000][1692535][info ][gc,marking  ] GC(142) Concurrent Preclean 0.267ms
[2025-08-20T03:14:50.791+0000][1692535][info ][gc,start    ] GC(142) Pause Remark
[2025-08-20T03:14:50.795+0000][1692535][info ][gc          ] GC(142) Pause Remark 86M->86M(512M) 3.183ms
[2025-08-20T03:14:50.795+0000][1692535][info ][gc,cpu      ] GC(142) User=0.01s Sys=0.00s Real=0.00s
[2025-08-20T03:14:50.795+0000][1692535][info ][safepoint   ] Safepoint "G1PauseRemark", Time since last: 128065914 ns, Reaching safepoint: 5328 ns, Cleanup: 2965 ns, At safepoint: 3219972 ns, Total: 3228265 ns
[2025-08-20T03:14:50.795+0000][1692535][info ][gc,marking  ] GC(142) Concurrent Mark 125.779ms
[2025-08-20T03:14:50.795+0000][1692535][info ][gc,marking  ] GC(142) Concurrent Rebuild Remembered Sets and Scrub Regions
[2025-08-20T03:14:50.829+0000][1692535][info ][gc,marking  ] GC(142) Concurrent Rebuild Remembered Sets and Scrub Regions 34.056ms
[2025-08-20T03:14:50.829+0000][1692535][info ][gc,start    ] GC(142) Pause Cleanup
[2025-08-20T03:14:50.829+0000][1692535][info ][gc          ] GC(142) Pause Cleanup 86M->86M(512M) 0.030ms
[2025-08-20T03:14:50.829+0000][1692535][info ][gc,cpu      ] GC(142) User=0.00s Sys=0.00s Real=0.00s
[2025-08-20T03:14:50.829+0000][1692535][info ][safepoint   ] Safepoint "G1PauseCleanup", Time since last: 34094401 ns, Reaching safepoint: 3515 ns, Cleanup: 1142 ns, At safepoint: 53391 ns, Total: 58048 ns
[2025-08-20T03:14:50.829+0000][1692535][info ][gc,marking  ] GC(142) Concurrent Clear Claimed Marks
[2025-08-20T03:14:50.829+0000][1692535][info ][gc,marking  ] GC(142) Concurrent Clear Claimed Marks 0.118ms
[2025-08-20T03:14:50.829+0000][1692535][info ][gc,marking  ] GC(142) Concurrent Cleanup for Next Mark
[2025-08-20T03:14:50.829+0000][1692535][info ][gc,marking  ] GC(142) Concurrent Cleanup for Next Mark 0.259ms
[2025-08-20T03:14:50.829+0000][1692535][info ][gc          ] GC(142) Concurrent Mark Cycle 160.761ms
[2025-08-20T03:26:37.560+0000][1692535][info ][gc,start    ] GC(143) Pause Young (Normal) (G1 Evacuation Pause)
[2025-08-20T03:26:37.561+0000][1692535][info ][gc,task     ] GC(143) Using 1 workers of 1 for evacuation
[2025-08-20T03:26:37.561+0000][1692535][debug][gc,age      ] GC(143) Desired survivor size 20971520 bytes, new threshold 15 (max threshold 15)
[2025-08-20T03:26:37.563+0000][1692535][info ][gc,phases   ] GC(143)   Pre Evacuate Collection Set: 0.0ms
[2025-08-20T03:26:37.563+0000][1692535][info ][gc,phases   ] GC(143)   Merge Heap Roots: 0.0ms
[2025-08-20T03:26:37.563+0000][1692535][info ][gc,phases   ] GC(143)   Evacuate Collection Set: 1.4ms
[2025-08-20T03:26:37.563+0000][1692535][info ][gc,phases   ] GC(143)   Post Evacuate Collection Set: 0.7ms
[2025-08-20T03:26:37.563+0000][1692535][info ][gc,phases   ] GC(143)   Other: 0.0ms
[2025-08-20T03:26:37.563+0000][1692535][trace][gc,age      ] GC(143) Age table with threshold 15 (max threshold 15)
[2025-08-20T03:26:37.563+0000][1692535][trace][gc,age      ] GC(143) - age   1:      26688 bytes,      26688 total
[2025-08-20T03:26:37.563+0000][1692535][trace][gc,age      ] GC(143) - age   2:        176 bytes,      26864 total
[2025-08-20T03:26:37.563+0000][1692535][trace][gc,age      ] GC(143) - age   4:        176 bytes,      27040 total
[2025-08-20T03:26:37.563+0000][1692535][trace][gc,age      ] GC(143) - age  10:       3528 bytes,      30568 total
[2025-08-20T03:26:37.563+0000][1692535][trace][gc,age      ] GC(143) - age  13:        840 bytes,      31408 total
[2025-08-20T03:26:37.563+0000][1692535][info ][gc,heap     ] GC(143) Eden regions: 75->0(75)
[2025-08-20T03:26:37.563+0000][1692535][info ][gc,heap     ] GC(143) Survivor regions: 1->1(10)
[2025-08-20T03:26:37.563+0000][1692535][info ][gc,heap     ] GC(143) Old regions: 22->22
[2025-08-20T03:26:37.563+0000][1692535][info ][gc,heap     ] GC(143) Humongous regions: 0->0
[2025-08-20T03:26:37.563+0000][1692535][info ][gc,metaspace] GC(143) Metaspace: 137922K(143744K)->137922K(143744K) NonClass: 119706K(123264K)->119706K(123264K) Class: 18215K(20480K)->18215K(20480K)
[2025-08-20T03:26:37.563+0000][1692535][info ][gc          ] GC(143) Pause Young (Normal) (G1 Evacuation Pause) 386M->86M(512M) 2.716ms
[2025-08-20T03:26:37.563+0000][1692535][info ][gc,cpu      ] GC(143) User=0.00s Sys=0.00s Real=0.00s
[2025-08-20T03:26:37.563+0000][1692535][info ][safepoint   ] Safepoint "G1CollectForAllocation", Time since last: 706731182961 ns, Reaching safepoint: 203056 ns, Cleanup: 3916 ns, At safepoint: 2752076 ns, Total: 2959048 ns
[2025-08-20T03:38:20.315+0000][1692535][info ][gc,start    ] GC(144) Pause Young (Concurrent Start) (G1 Evacuation Pause)
[2025-08-20T03:38:20.315+0000][1692535][info ][gc,task     ] GC(144) Using 1 workers of 1 for evacuation
[2025-08-20T03:38:20.315+0000][1692535][debug][gc,age      ] GC(144) Desired survivor size 20971520 bytes, new threshold 15 (max threshold 15)
[2025-08-20T03:38:20.317+0000][1692535][info ][gc,phases   ] GC(144)   Pre Evacuate Collection Set: 0.1ms
[2025-08-20T03:38:20.317+0000][1692535][info ][gc,phases   ] GC(144)   Merge Heap Roots: 0.0ms
[2025-08-20T03:38:20.317+0000][1692535][info ][gc,phases   ] GC(144)   Evacuate Collection Set: 1.2ms
[2025-08-20T03:38:20.317+0000][1692535][info ][gc,phases   ] GC(144)   Post Evacuate Collection Set: 0.7ms
[2025-08-20T03:38:20.317+0000][1692535][info ][gc,phases   ] GC(144)   Other: 0.0ms
[2025-08-20T03:38:20.317+0000][1692535][trace][gc,age      ] GC(144) Age table with threshold 15 (max threshold 15)
[2025-08-20T03:38:20.317+0000][1692535][trace][gc,age      ] GC(144) - age   1:      11056 bytes,      11056 total
[2025-08-20T03:38:20.317+0000][1692535][trace][gc,age      ] GC(144) - age   5:        176 bytes,      11232 total
[2025-08-20T03:38:20.317+0000][1692535][trace][gc,age      ] GC(144) - age  11:       3528 bytes,      14760 total
[2025-08-20T03:38:20.317+0000][1692535][trace][gc,age      ] GC(144) - age  14:        840 bytes,      15600 total
[2025-08-20T03:38:20.317+0000][1692535][info ][gc,heap     ] GC(144) Eden regions: 75->0(75)
[2025-08-20T03:38:20.317+0000][1692535][info ][gc,heap     ] GC(144) Survivor regions: 1->1(10)
[2025-08-20T03:38:20.317+0000][1692535][info ][gc,heap     ] GC(144) Old regions: 22->22
[2025-08-20T03:38:20.317+0000][1692535][info ][gc,heap     ] GC(144) Humongous regions: 0->0
[2025-08-20T03:38:20.317+0000][1692535][info ][gc,metaspace] GC(144) Metaspace: 137923K(143744K)->137923K(143744K) NonClass: 119707K(123264K)->119707K(123264K) Class: 18215K(20480K)->18215K(20480K)
[2025-08-20T03:38:20.317+0000][1692535][info ][gc          ] GC(144) Pause Young (Concurrent Start) (G1 Evacuation Pause) 386M->86M(512M) 2.277ms
[2025-08-20T03:38:20.317+0000][1692535][info ][gc,cpu      ] GC(144) User=0.00s Sys=0.00s Real=0.01s
[2025-08-20T03:38:20.317+0000][1692535][info ][safepoint   ] Safepoint "G1CollectForAllocation", Time since last: 702751873971 ns, Reaching safepoint: 7051 ns, Cleanup: 2634 ns, At safepoint: 2314174 ns, Total: 2323859 ns
[2025-08-20T03:38:20.323+0000][1692535][info ][gc          ] GC(145) Concurrent Mark Cycle
[2025-08-20T03:38:20.323+0000][1692535][info ][gc,marking  ] GC(145) Concurrent Scan Root Regions
[2025-08-20T03:38:20.324+0000][1692535][info ][gc,marking  ] GC(145) Concurrent Scan Root Regions 0.405ms
[2025-08-20T03:38:20.324+0000][1692535][info ][gc,marking  ] GC(145) Concurrent Mark
[2025-08-20T03:38:20.324+0000][1692535][info ][gc,marking  ] GC(145) Concurrent Mark From Roots
[2025-08-20T03:38:20.324+0000][1692535][info ][gc,task     ] GC(145) Using 1 workers of 1 for marking
[2025-08-20T03:38:20.434+0000][1692535][info ][gc,marking  ] GC(145) Concurrent Mark From Roots 110.425ms
[2025-08-20T03:38:20.434+0000][1692535][info ][gc,marking  ] GC(145) Concurrent Preclean
[2025-08-20T03:38:20.435+0000][1692535][info ][gc,marking  ] GC(145) Concurrent Preclean 0.276ms
[2025-08-20T03:38:20.435+0000][1692535][info ][gc,start    ] GC(145) Pause Remark
[2025-08-20T03:38:20.438+0000][1692535][info ][gc          ] GC(145) Pause Remark 86M->86M(512M) 3.227ms
[2025-08-20T03:38:20.438+0000][1692535][info ][gc,cpu      ] GC(145) User=0.00s Sys=0.00s Real=0.01s
[2025-08-20T03:38:20.438+0000][1692535][info ][safepoint   ] Safepoint "G1PauseRemark", Time since last: 117495114 ns, Reaching safepoint: 5278 ns, Cleanup: 2754 ns, At safepoint: 3260693 ns, Total: 3268725 ns
[2025-08-20T03:38:20.438+0000][1692535][info ][gc,marking  ] GC(145) Concurrent Mark 114.038ms
[2025-08-20T03:38:20.438+0000][1692535][info ][gc,marking  ] GC(145) Concurrent Rebuild Remembered Sets and Scrub Regions
[2025-08-20T03:38:20.470+0000][1692535][info ][gc,marking  ] GC(145) Concurrent Rebuild Remembered Sets and Scrub Regions 31.962ms
[2025-08-20T03:38:20.470+0000][1692535][info ][gc,start    ] GC(145) Pause Cleanup
[2025-08-20T03:38:20.470+0000][1692535][info ][gc          ] GC(145) Pause Cleanup 86M->86M(512M) 0.031ms
[2025-08-20T03:38:20.470+0000][1692535][info ][gc,cpu      ] GC(145) User=0.00s Sys=0.00s Real=0.00s
[2025-08-20T03:38:20.470+0000][1692535][info ][safepoint   ] Safepoint "G1PauseCleanup", Time since last: 32003314 ns, Reaching safepoint: 2995 ns, Cleanup: 1232 ns, At safepoint: 50856 ns, Total: 55083 ns
[2025-08-20T03:38:20.470+0000][1692535][info ][gc,marking  ] GC(145) Concurrent Clear Claimed Marks
[2025-08-20T03:38:20.470+0000][1692535][info ][gc,marking  ] GC(145) Concurrent Clear Claimed Marks 0.090ms
[2025-08-20T03:38:20.470+0000][1692535][info ][gc,marking  ] GC(145) Concurrent Cleanup for Next Mark
[2025-08-20T03:38:20.481+0000][1692535][info ][gc,marking  ] GC(145) Concurrent Cleanup for Next Mark 11.013ms
[2025-08-20T03:38:20.481+0000][1692535][info ][gc          ] GC(145) Concurrent Mark Cycle 157.663ms
[2025-08-20T03:49:50.516+0000][1692535][info ][safepoint   ] Safepoint "Cleanup", Time since last: 690046004601 ns, Reaching safepoint: 43826 ns, Cleanup: 11207 ns, At safepoint: 7141 ns, Total: 62174 ns
[2025-08-20T03:50:05.725+0000][1692535][info ][gc,start    ] GC(146) Pause Young (Normal) (G1 Evacuation Pause)
[2025-08-20T03:50:05.725+0000][1692535][info ][gc,task     ] GC(146) Using 1 workers of 1 for evacuation
[2025-08-20T03:50:05.725+0000][1692535][debug][gc,age      ] GC(146) Desired survivor size 20971520 bytes, new threshold 15 (max threshold 15)
[2025-08-20T03:50:05.728+0000][1692535][info ][gc,phases   ] GC(146)   Pre Evacuate Collection Set: 0.2ms
[2025-08-20T03:50:05.728+0000][1692535][info ][gc,phases   ] GC(146)   Merge Heap Roots: 0.0ms
[2025-08-20T03:50:05.728+0000][1692535][info ][gc,phases   ] GC(146)   Evacuate Collection Set: 1.4ms
[2025-08-20T03:50:05.728+0000][1692535][info ][gc,phases   ] GC(146)   Post Evacuate Collection Set: 1.0ms
[2025-08-20T03:50:05.728+0000][1692535][info ][gc,phases   ] GC(146)   Other: 0.0ms
[2025-08-20T03:50:05.728+0000][1692535][trace][gc,age      ] GC(146) Age table with threshold 15 (max threshold 15)
[2025-08-20T03:50:05.728+0000][1692535][trace][gc,age      ] GC(146) - age   1:       9856 bytes,       9856 total
[2025-08-20T03:50:05.728+0000][1692535][trace][gc,age      ] GC(146) - age  12:       3528 bytes,      13384 total
[2025-08-20T03:50:05.728+0000][1692535][trace][gc,age      ] GC(146) - age  15:        840 bytes,      14224 total
[2025-08-20T03:50:05.728+0000][1692535][info ][gc,heap     ] GC(146) Eden regions: 75->0(75)
[2025-08-20T03:50:05.728+0000][1692535][info ][gc,heap     ] GC(146) Survivor regions: 1->1(10)
[2025-08-20T03:50:05.728+0000][1692535][info ][gc,heap     ] GC(146) Old regions: 22->22
[2025-08-20T03:50:05.728+0000][1692535][info ][gc,heap     ] GC(146) Humongous regions: 0->0
[2025-08-20T03:50:05.728+0000][1692535][info ][gc,metaspace] GC(146) Metaspace: 137923K(143744K)->137923K(143744K) NonClass: 119707K(123264K)->119707K(123264K) Class: 18215K(20480K)->18215K(20480K)
[2025-08-20T03:50:05.728+0000][1692535][info ][gc          ] GC(146) Pause Young (Normal) (G1 Evacuation Pause) 386M->86M(512M) 2.813ms
[2025-08-20T03:50:05.728+0000][1692535][info ][gc,cpu      ] GC(146) User=0.00s Sys=0.00s Real=0.01s
[2025-08-20T03:50:05.728+0000][1692535][info ][safepoint   ] Safepoint "G1CollectForAllocation", Time since last: 15209056494 ns, Reaching safepoint: 7171 ns, Cleanup: 3425 ns, At safepoint: 2849483 ns, Total: 2860079 ns
[2025-08-20T04:01:51.163+0000][1692535][info ][gc,start    ] GC(147) Pause Young (Concurrent Start) (G1 Evacuation Pause)
[2025-08-20T04:01:51.163+0000][1692535][info ][gc,task     ] GC(147) Using 1 workers of 1 for evacuation
[2025-08-20T04:01:51.163+0000][1692535][debug][gc,age      ] GC(147) Desired survivor size 20971520 bytes, new threshold 15 (max threshold 15)
[2025-08-20T04:01:51.166+0000][1692535][info ][gc,phases   ] GC(147)   Pre Evacuate Collection Set: 0.0ms
[2025-08-20T04:01:51.166+0000][1692535][info ][gc,phases   ] GC(147)   Merge Heap Roots: 0.0ms
[2025-08-20T04:01:51.166+0000][1692535][info ][gc,phases   ] GC(147)   Evacuate Collection Set: 1.3ms
[2025-08-20T04:01:51.166+0000][1692535][info ][gc,phases   ] GC(147)   Post Evacuate Collection Set: 1.0ms
[2025-08-20T04:01:51.166+0000][1692535][info ][gc,phases   ] GC(147)   Other: 0.0ms
[2025-08-20T04:01:51.166+0000][1692535][trace][gc,age      ] GC(147) Age table with threshold 15 (max threshold 15)
[2025-08-20T04:01:51.166+0000][1692535][trace][gc,age      ] GC(147) - age   1:       9336 bytes,       9336 total
[2025-08-20T04:01:51.166+0000][1692535][trace][gc,age      ] GC(147) - age   2:        352 bytes,       9688 total
[2025-08-20T04:01:51.166+0000][1692535][trace][gc,age      ] GC(147) - age  13:       3528 bytes,      13216 total
[2025-08-20T04:01:51.166+0000][1692535][info ][gc,heap     ] GC(147) Eden regions: 75->0(75)
[2025-08-20T04:01:51.166+0000][1692535][info ][gc,heap     ] GC(147) Survivor regions: 1->1(10)
[2025-08-20T04:01:51.166+0000][1692535][info ][gc,heap     ] GC(147) Old regions: 22->22
[2025-08-20T04:01:51.166+0000][1692535][info ][gc,heap     ] GC(147) Humongous regions: 0->0
[2025-08-20T04:01:51.166+0000][1692535][info ][gc,metaspace] GC(147) Metaspace: 137925K(143744K)->137925K(143744K) NonClass: 119709K(123264K)->119709K(123264K) Class: 18215K(20480K)->18215K(20480K)
[2025-08-20T04:01:51.166+0000][1692535][info ][gc          ] GC(147) Pause Young (Concurrent Start) (G1 Evacuation Pause) 386M->86M(512M) 2.629ms
[2025-08-20T04:01:51.166+0000][1692535][info ][gc,cpu      ] GC(147) User=0.01s Sys=0.00s Real=0.01s
[2025-08-20T04:01:51.166+0000][1692535][info ][safepoint   ] Safepoint "G1CollectForAllocation", Time since last: 705435368778 ns, Reaching safepoint: 6971 ns, Cleanup: 2684 ns, At safepoint: 2666076 ns, Total: 2675731 ns
[2025-08-20T04:01:51.170+0000][1692535][info ][gc          ] GC(148) Concurrent Mark Cycle
[2025-08-20T04:01:51.170+0000][1692535][info ][gc,marking  ] GC(148) Concurrent Scan Root Regions
[2025-08-20T04:01:51.171+0000][1692535][info ][gc,marking  ] GC(148) Concurrent Scan Root Regions 0.397ms
[2025-08-20T04:01:51.171+0000][1692535][info ][gc,marking  ] GC(148) Concurrent Mark
[2025-08-20T04:01:51.171+0000][1692535][info ][gc,marking  ] GC(148) Concurrent Mark From Roots
[2025-08-20T04:01:51.171+0000][1692535][info ][gc,task     ] GC(148) Using 1 workers of 1 for marking
[2025-08-20T04:01:51.286+0000][1692535][info ][gc,marking  ] GC(148) Concurrent Mark From Roots 115.052ms
[2025-08-20T04:01:51.286+0000][1692535][info ][gc,marking  ] GC(148) Concurrent Preclean
[2025-08-20T04:01:51.286+0000][1692535][info ][gc,marking  ] GC(148) Concurrent Preclean 0.227ms
[2025-08-20T04:01:51.286+0000][1692535][info ][gc,start    ] GC(148) Pause Remark
[2025-08-20T04:01:51.289+0000][1692535][info ][gc          ] GC(148) Pause Remark 87M->87M(512M) 3.215ms
[2025-08-20T04:01:51.289+0000][1692535][info ][gc,cpu      ] GC(148) User=0.00s Sys=0.00s Real=0.00s
[2025-08-20T04:01:51.289+0000][1692535][info ][safepoint   ] Safepoint "G1PauseRemark", Time since last: 120215783 ns, Reaching safepoint: 28553 ns, Cleanup: 3105 ns, At safepoint: 3247394 ns, Total: 3279052 ns
[2025-08-20T04:01:51.289+0000][1692535][info ][gc,marking  ] GC(148) Concurrent Mark 118.630ms
[2025-08-20T04:01:51.289+0000][1692535][info ][gc,marking  ] GC(148) Concurrent Rebuild Remembered Sets and Scrub Regions
[2025-08-20T04:01:51.323+0000][1692535][info ][gc,marking  ] GC(148) Concurrent Rebuild Remembered Sets and Scrub Regions 33.588ms
[2025-08-20T04:01:51.323+0000][1692535][info ][gc,start    ] GC(148) Pause Cleanup
[2025-08-20T04:01:51.323+0000][1692535][info ][gc          ] GC(148) Pause Cleanup 87M->87M(512M) 0.029ms
[2025-08-20T04:01:51.323+0000][1692535][info ][gc,cpu      ] GC(148) User=0.00s Sys=0.00s Real=0.00s
[2025-08-20T04:01:51.323+0000][1692535][info ][safepoint   ] Safepoint "G1PauseCleanup", Time since last: 33630842 ns, Reaching safepoint: 2894 ns, Cleanup: 891 ns, At safepoint: 51698 ns, Total: 55483 ns
[2025-08-20T04:01:51.323+0000][1692535][info ][gc,marking  ] GC(148) Concurrent Clear Claimed Marks
[2025-08-20T04:01:51.323+0000][1692535][info ][gc,marking  ] GC(148) Concurrent Clear Claimed Marks 0.129ms
[2025-08-20T04:01:51.323+0000][1692535][info ][gc,marking  ] GC(148) Concurrent Cleanup for Next Mark
[2025-08-20T04:01:51.326+0000][1692535][info ][gc,marking  ] GC(148) Concurrent Cleanup for Next Mark 3.033ms
[2025-08-20T04:01:51.326+0000][1692535][info ][gc          ] GC(148) Concurrent Mark Cycle 155.903ms
[2025-08-20T04:08:03.345+0000][1692535][info ][safepoint   ] Safepoint "Cleanup", Time since last: 372021637970 ns, Reaching safepoint: 45238 ns, Cleanup: 11658 ns, At safepoint: 4617 ns, Total: 61513 ns
[2025-08-20T04:13:35.913+0000][1692535][info ][gc,start    ] GC(149) Pause Young (Normal) (G1 Evacuation Pause)
[2025-08-20T04:13:35.914+0000][1692535][info ][gc,task     ] GC(149) Using 1 workers of 1 for evacuation
[2025-08-20T04:13:35.914+0000][1692535][debug][gc,age      ] GC(149) Desired survivor size 20971520 bytes, new threshold 15 (max threshold 15)
[2025-08-20T04:13:35.916+0000][1692535][info ][gc,phases   ] GC(149)   Pre Evacuate Collection Set: 0.0ms
[2025-08-20T04:13:35.916+0000][1692535][info ][gc,phases   ] GC(149)   Merge Heap Roots: 0.0ms
[2025-08-20T04:13:35.916+0000][1692535][info ][gc,phases   ] GC(149)   Evacuate Collection Set: 1.4ms
[2025-08-20T04:13:35.916+0000][1692535][info ][gc,phases   ] GC(149)   Post Evacuate Collection Set: 0.7ms
[2025-08-20T04:13:35.916+0000][1692535][info ][gc,phases   ] GC(149)   Other: 0.3ms
[2025-08-20T04:13:35.916+0000][1692535][trace][gc,age      ] GC(149) Age table with threshold 15 (max threshold 15)
[2025-08-20T04:13:35.916+0000][1692535][trace][gc,age      ] GC(149) - age   1:      16776 bytes,      16776 total
[2025-08-20T04:13:35.916+0000][1692535][trace][gc,age      ] GC(149) - age   2:        176 bytes,      16952 total
[2025-08-20T04:13:35.916+0000][1692535][trace][gc,age      ] GC(149) - age   3:        176 bytes,      17128 total
[2025-08-20T04:13:35.916+0000][1692535][trace][gc,age      ] GC(149) - age  14:       3528 bytes,      20656 total
[2025-08-20T04:13:35.916+0000][1692535][info ][gc,heap     ] GC(149) Eden regions: 75->0(75)
[2025-08-20T04:13:35.916+0000][1692535][info ][gc,heap     ] GC(149) Survivor regions: 1->1(10)
[2025-08-20T04:13:35.916+0000][1692535][info ][gc,heap     ] GC(149) Old regions: 22->22
[2025-08-20T04:13:35.916+0000][1692535][info ][gc,heap     ] GC(149) Humongous regions: 0->0
[2025-08-20T04:13:35.916+0000][1692535][info ][gc,metaspace] GC(149) Metaspace: 137927K(143744K)->137927K(143744K) NonClass: 119711K(123264K)->119711K(123264K) Class: 18215K(20480K)->18215K(20480K)
[2025-08-20T04:13:35.916+0000][1692535][info ][gc          ] GC(149) Pause Young (Normal) (G1 Evacuation Pause) 386M->86M(512M) 2.979ms
[2025-08-20T04:13:35.916+0000][1692535][info ][gc,cpu      ] GC(149) User=0.00s Sys=0.00s Real=0.01s
[2025-08-20T04:13:35.916+0000][1692535][info ][safepoint   ] Safepoint "G1CollectForAllocation", Time since last: 332568573765 ns, Reaching safepoint: 15684 ns, Cleanup: 3455 ns, At safepoint: 3014282 ns, Total: 3033421 ns
[2025-08-20T04:25:21.145+0000][1692535][info ][gc,start    ] GC(150) Pause Young (Concurrent Start) (G1 Evacuation Pause)
[2025-08-20T04:25:21.145+0000][1692535][info ][gc,task     ] GC(150) Using 1 workers of 1 for evacuation
[2025-08-20T04:25:21.145+0000][1692535][debug][gc,age      ] GC(150) Desired survivor size 20971520 bytes, new threshold 15 (max threshold 15)
[2025-08-20T04:25:21.147+0000][1692535][info ][gc,phases   ] GC(150)   Pre Evacuate Collection Set: 0.0ms
[2025-08-20T04:25:21.147+0000][1692535][info ][gc,phases   ] GC(150)   Merge Heap Roots: 0.0ms
[2025-08-20T04:25:21.147+0000][1692535][info ][gc,phases   ] GC(150)   Evacuate Collection Set: 1.2ms
[2025-08-20T04:25:21.147+0000][1692535][info ][gc,phases   ] GC(150)   Post Evacuate Collection Set: 0.8ms
[2025-08-20T04:25:21.147+0000][1692535][info ][gc,phases   ] GC(150)   Other: 0.0ms
[2025-08-20T04:25:21.147+0000][1692535][trace][gc,age      ] GC(150) Age table with threshold 15 (max threshold 15)
[2025-08-20T04:25:21.147+0000][1692535][trace][gc,age      ] GC(150) - age   1:      22040 bytes,      22040 total
[2025-08-20T04:25:21.147+0000][1692535][trace][gc,age      ] GC(150) - age   2:       2952 bytes,      24992 total
[2025-08-20T04:25:21.147+0000][1692535][trace][gc,age      ] GC(150) - age   4:        176 bytes,      25168 total
[2025-08-20T04:25:21.147+0000][1692535][trace][gc,age      ] GC(150) - age  15:       3528 bytes,      28696 total
[2025-08-20T04:25:21.147+0000][1692535][info ][gc,heap     ] GC(150) Eden regions: 75->0(75)
[2025-08-20T04:25:21.147+0000][1692535][info ][gc,heap     ] GC(150) Survivor regions: 1->1(10)
[2025-08-20T04:25:21.147+0000][1692535][info ][gc,heap     ] GC(150) Old regions: 22->22
[2025-08-20T04:25:21.147+0000][1692535][info ][gc,heap     ] GC(150) Humongous regions: 0->0
[2025-08-20T04:25:21.147+0000][1692535][info ][gc,metaspace] GC(150) Metaspace: 137927K(143744K)->137927K(143744K) NonClass: 119711K(123264K)->119711K(123264K) Class: 18215K(20480K)->18215K(20480K)
[2025-08-20T04:25:21.147+0000][1692535][info ][gc          ] GC(150) Pause Young (Concurrent Start) (G1 Evacuation Pause) 386M->86M(512M) 2.231ms
[2025-08-20T04:25:21.147+0000][1692535][info ][gc,cpu      ] GC(150) User=0.00s Sys=0.00s Real=0.01s
[2025-08-20T04:25:21.147+0000][1692535][info ][safepoint   ] Safepoint "G1CollectForAllocation", Time since last: 705228104796 ns, Reaching safepoint: 7171 ns, Cleanup: 2884 ns, At safepoint: 2265201 ns, Total: 2275256 ns
[2025-08-20T04:25:21.152+0000][1692535][info ][gc          ] GC(151) Concurrent Mark Cycle
[2025-08-20T04:25:21.152+0000][1692535][info ][gc,marking  ] GC(151) Concurrent Scan Root Regions
[2025-08-20T04:25:21.154+0000][1692535][info ][gc,marking  ] GC(151) Concurrent Scan Root Regions 1.687ms
[2025-08-20T04:25:21.154+0000][1692535][info ][gc,marking  ] GC(151) Concurrent Mark
[2025-08-20T04:25:21.154+0000][1692535][info ][gc,marking  ] GC(151) Concurrent Mark From Roots
[2025-08-20T04:25:21.154+0000][1692535][info ][gc,task     ] GC(151) Using 1 workers of 1 for marking
[2025-08-20T04:25:21.248+0000][1692535][info ][gc,marking  ] GC(151) Concurrent Mark From Roots 93.932ms
[2025-08-20T04:25:21.248+0000][1692535][info ][gc,marking  ] GC(151) Concurrent Preclean
[2025-08-20T04:25:21.248+0000][1692535][info ][gc,marking  ] GC(151) Concurrent Preclean 0.220ms
[2025-08-20T04:25:21.248+0000][1692535][info ][gc,start    ] GC(151) Pause Remark
[2025-08-20T04:25:21.252+0000][1692535][info ][gc          ] GC(151) Pause Remark 88M->88M(512M) 3.214ms
[2025-08-20T04:25:21.252+0000][1692535][info ][gc,cpu      ] GC(151) User=0.01s Sys=0.00s Real=0.00s
[2025-08-20T04:25:21.252+0000][1692535][info ][safepoint   ] Safepoint "G1PauseRemark", Time since last: 101517661 ns, Reaching safepoint: 5057 ns, Cleanup: 2925 ns, At safepoint: 3254213 ns, Total: 3262195 ns
[2025-08-20T04:25:21.252+0000][1692535][info ][gc,marking  ] GC(151) Concurrent Mark 97.489ms
[2025-08-20T04:25:21.252+0000][1692535][info ][gc,marking  ] GC(151) Concurrent Rebuild Remembered Sets and Scrub Regions
[2025-08-20T04:25:21.296+0000][1692535][info ][gc,marking  ] GC(151) Concurrent Rebuild Remembered Sets and Scrub Regions 44.066ms
[2025-08-20T04:25:21.296+0000][1692535][info ][gc,start    ] GC(151) Pause Cleanup
[2025-08-20T04:25:21.296+0000][1692535][info ][gc          ] GC(151) Pause Cleanup 88M->88M(512M) 0.032ms
[2025-08-20T04:25:21.296+0000][1692535][info ][gc,cpu      ] GC(151) User=0.00s Sys=0.00s Real=0.00s
[2025-08-20T04:25:21.296+0000][1692535][info ][safepoint   ] Safepoint "G1PauseCleanup", Time since last: 44114292 ns, Reaching safepoint: 3386 ns, Cleanup: 1312 ns, At safepoint: 55173 ns, Total: 59871 ns
[2025-08-20T04:25:21.296+0000][1692535][info ][gc,marking  ] GC(151) Concurrent Clear Claimed Marks
[2025-08-20T04:25:21.296+0000][1692535][info ][gc,marking  ] GC(151) Concurrent Clear Claimed Marks 0.115ms
[2025-08-20T04:25:21.296+0000][1692535][info ][gc,marking  ] GC(151) Concurrent Cleanup for Next Mark
[2025-08-20T04:25:21.309+0000][1692535][info ][gc,marking  ] GC(151) Concurrent Cleanup for Next Mark 12.956ms
[2025-08-20T04:25:21.309+0000][1692535][info ][gc          ] GC(151) Concurrent Mark Cycle 156.459ms
[2025-08-20T04:26:51.301+0000][1692535][info ][safepoint   ] Safepoint "Cleanup", Time since last: 90005098838 ns, Reaching safepoint: 44787 ns, Cleanup: 11698 ns, At safepoint: 4957 ns, Total: 61442 ns
[2025-08-20T04:37:06.464+0000][1692535][info ][gc,start    ] GC(152) Pause Young (Normal) (G1 Evacuation Pause)
[2025-08-20T04:37:06.464+0000][1692535][info ][gc,task     ] GC(152) Using 1 workers of 1 for evacuation
[2025-08-20T04:37:06.464+0000][1692535][debug][gc,age      ] GC(152) Desired survivor size 20971520 bytes, new threshold 15 (max threshold 15)
[2025-08-20T04:37:06.467+0000][1692535][info ][gc,phases   ] GC(152)   Pre Evacuate Collection Set: 0.0ms
[2025-08-20T04:37:06.467+0000][1692535][info ][gc,phases   ] GC(152)   Merge Heap Roots: 0.0ms
[2025-08-20T04:37:06.467+0000][1692535][info ][gc,phases   ] GC(152)   Evacuate Collection Set: 1.3ms
[2025-08-20T04:37:06.467+0000][1692535][info ][gc,phases   ] GC(152)   Post Evacuate Collection Set: 0.7ms
[2025-08-20T04:37:06.467+0000][1692535][info ][gc,phases   ] GC(152)   Other: 0.3ms
[2025-08-20T04:37:06.467+0000][1692535][trace][gc,age      ] GC(152) Age table with threshold 15 (max threshold 15)
[2025-08-20T04:37:06.467+0000][1692535][trace][gc,age      ] GC(152) - age   1:       9696 bytes,       9696 total
[2025-08-20T04:37:06.467+0000][1692535][trace][gc,age      ] GC(152) - age   2:       2696 bytes,      12392 total
[2025-08-20T04:37:06.467+0000][1692535][trace][gc,age      ] GC(152) - age   3:       2952 bytes,      15344 total
[2025-08-20T04:37:06.467+0000][1692535][trace][gc,age      ] GC(152) - age   5:        176 bytes,      15520 total
[2025-08-20T04:37:06.467+0000][1692535][info ][gc,heap     ] GC(152) Eden regions: 75->0(75)
[2025-08-20T04:37:06.467+0000][1692535][info ][gc,heap     ] GC(152) Survivor regions: 1->1(10)
[2025-08-20T04:37:06.467+0000][1692535][info ][gc,heap     ] GC(152) Old regions: 22->22
[2025-08-20T04:37:06.467+0000][1692535][info ][gc,heap     ] GC(152) Humongous regions: 0->0
[2025-08-20T04:37:06.467+0000][1692535][info ][gc,metaspace] GC(152) Metaspace: 137927K(143744K)->137927K(143744K) NonClass: 119711K(123264K)->119711K(123264K) Class: 18215K(20480K)->18215K(20480K)
[2025-08-20T04:37:06.467+0000][1692535][info ][gc          ] GC(152) Pause Young (Normal) (G1 Evacuation Pause) 386M->86M(512M) 3.069ms
[2025-08-20T04:37:06.467+0000][1692535][info ][gc,cpu      ] GC(152) User=0.00s Sys=0.00s Real=0.01s
[2025-08-20T04:37:06.467+0000][1692535][info ][safepoint   ] Safepoint "G1CollectForAllocation", Time since last: 615162726085 ns, Reaching safepoint: 7521 ns, Cleanup: 3676 ns, At safepoint: 3102124 ns, Total: 3113321 ns
[2025-08-20T04:41:24.507+0000][1692535][info ][safepoint   ] Safepoint "Cleanup", Time since last: 258039945615 ns, Reaching safepoint: 40110 ns, Cleanup: 8413 ns, At safepoint: 2754 ns, Total: 51277 ns
[2025-08-20T04:48:47.881+0000][1692535][info ][gc,start    ] GC(153) Pause Young (Concurrent Start) (G1 Evacuation Pause)
[2025-08-20T04:48:47.881+0000][1692535][info ][gc,task     ] GC(153) Using 1 workers of 1 for evacuation
[2025-08-20T04:48:47.881+0000][1692535][debug][gc,age      ] GC(153) Desired survivor size 20971520 bytes, new threshold 15 (max threshold 15)
[2025-08-20T04:48:47.883+0000][1692535][info ][gc,phases   ] GC(153)   Pre Evacuate Collection Set: 0.1ms
[2025-08-20T04:48:47.883+0000][1692535][info ][gc,phases   ] GC(153)   Merge Heap Roots: 0.0ms
[2025-08-20T04:48:47.883+0000][1692535][info ][gc,phases   ] GC(153)   Evacuate Collection Set: 1.1ms
[2025-08-20T04:48:47.883+0000][1692535][info ][gc,phases   ] GC(153)   Post Evacuate Collection Set: 1.0ms
[2025-08-20T04:48:47.883+0000][1692535][info ][gc,phases   ] GC(153)   Other: 0.0ms
[2025-08-20T04:48:47.883+0000][1692535][trace][gc,age      ] GC(153) Age table with threshold 15 (max threshold 15)
[2025-08-20T04:48:47.883+0000][1692535][trace][gc,age      ] GC(153) - age   1:      12864 bytes,      12864 total
[2025-08-20T04:48:47.883+0000][1692535][trace][gc,age      ] GC(153) - age   2:        176 bytes,      13040 total
[2025-08-20T04:48:47.883+0000][1692535][trace][gc,age      ] GC(153) - age   3:       2696 bytes,      15736 total
[2025-08-20T04:48:47.883+0000][1692535][trace][gc,age      ] GC(153) - age   4:       2952 bytes,      18688 total
[2025-08-20T04:48:47.883+0000][1692535][info ][gc,heap     ] GC(153) Eden regions: 75->0(75)
[2025-08-20T04:48:47.883+0000][1692535][info ][gc,heap     ] GC(153) Survivor regions: 1->1(10)
[2025-08-20T04:48:47.883+0000][1692535][info ][gc,heap     ] GC(153) Old regions: 22->22
[2025-08-20T04:48:47.883+0000][1692535][info ][gc,heap     ] GC(153) Humongous regions: 0->0
[2025-08-20T04:48:47.883+0000][1692535][info ][gc,metaspace] GC(153) Metaspace: 137927K(143744K)->137927K(143744K) NonClass: 119711K(123264K)->119711K(123264K) Class: 18215K(20480K)->18215K(20480K)
[2025-08-20T04:48:47.883+0000][1692535][info ][gc          ] GC(153) Pause Young (Concurrent Start) (G1 Evacuation Pause) 386M->86M(512M) 2.503ms
[2025-08-20T04:48:47.883+0000][1692535][info ][gc,cpu      ] GC(153) User=0.00s Sys=0.00s Real=0.00s
[2025-08-20T04:48:47.883+0000][1692535][info ][safepoint   ] Safepoint "G1CollectForAllocation", Time since last: 443374086608 ns, Reaching safepoint: 7051 ns, Cleanup: 2714 ns, At safepoint: 2539504 ns, Total: 2549269 ns
[2025-08-20T04:48:47.888+0000][1692535][info ][gc          ] GC(154) Concurrent Mark Cycle
[2025-08-20T04:48:47.888+0000][1692535][info ][gc,marking  ] GC(154) Concurrent Scan Root Regions
[2025-08-20T04:48:47.889+0000][1692535][info ][gc,marking  ] GC(154) Concurrent Scan Root Regions 0.391ms
[2025-08-20T04:48:47.889+0000][1692535][info ][gc,marking  ] GC(154) Concurrent Mark
[2025-08-20T04:48:47.889+0000][1692535][info ][gc,marking  ] GC(154) Concurrent Mark From Roots
[2025-08-20T04:48:47.889+0000][1692535][info ][gc,task     ] GC(154) Using 1 workers of 1 for marking
[2025-08-20T04:48:47.988+0000][1692535][info ][gc,marking  ] GC(154) Concurrent Mark From Roots 99.278ms
[2025-08-20T04:48:47.988+0000][1692535][info ][gc,marking  ] GC(154) Concurrent Preclean
[2025-08-20T04:48:47.988+0000][1692535][info ][gc,marking  ] GC(154) Concurrent Preclean 0.195ms
[2025-08-20T04:48:47.988+0000][1692535][info ][gc,start    ] GC(154) Pause Remark
[2025-08-20T04:48:47.991+0000][1692535][info ][gc          ] GC(154) Pause Remark 86M->86M(512M) 3.173ms
[2025-08-20T04:48:47.992+0000][1692535][info ][gc,cpu      ] GC(154) User=0.01s Sys=0.00s Real=0.00s
[2025-08-20T04:48:47.992+0000][1692535][info ][safepoint   ] Safepoint "G1PauseRemark", Time since last: 104948234 ns, Reaching safepoint: 5268 ns, Cleanup: 2574 ns, At safepoint: 3213963 ns, Total: 3221805 ns
[2025-08-20T04:48:47.992+0000][1692535][info ][gc,marking  ] GC(154) Concurrent Mark 102.766ms
[2025-08-20T04:48:47.992+0000][1692535][info ][gc,marking  ] GC(154) Concurrent Rebuild Remembered Sets and Scrub Regions
[2025-08-20T04:48:48.037+0000][1692535][info ][gc,marking  ] GC(154) Concurrent Rebuild Remembered Sets and Scrub Regions 45.595ms
[2025-08-20T04:48:48.037+0000][1692535][info ][gc,start    ] GC(154) Pause Cleanup
[2025-08-20T04:48:48.037+0000][1692535][info ][gc          ] GC(154) Pause Cleanup 86M->86M(512M) 0.032ms
[2025-08-20T04:48:48.037+0000][1692535][info ][gc,cpu      ] GC(154) User=0.00s Sys=0.00s Real=0.00s
[2025-08-20T04:48:48.037+0000][1692535][info ][safepoint   ] Safepoint "G1PauseCleanup", Time since last: 45642201 ns, Reaching safepoint: 3645 ns, Cleanup: 972 ns, At safepoint: 58358 ns, Total: 62975 ns
[2025-08-20T04:48:48.037+0000][1692535][info ][gc,marking  ] GC(154) Concurrent Clear Claimed Marks
[2025-08-20T04:48:48.037+0000][1692535][info ][gc,marking  ] GC(154) Concurrent Clear Claimed Marks 0.147ms
[2025-08-20T04:48:48.037+0000][1692535][info ][gc,marking  ] GC(154) Concurrent Cleanup for Next Mark
[2025-08-20T04:48:48.042+0000][1692535][info ][gc,marking  ] GC(154) Concurrent Cleanup for Next Mark 4.234ms
[2025-08-20T04:48:48.042+0000][1692535][info ][gc          ] GC(154) Concurrent Mark Cycle 153.275ms
[2025-08-20T04:56:08.064+0000][1692535][info ][safepoint   ] Safepoint "Cleanup", Time since last: 440026316581 ns, Reaching safepoint: 310709 ns, Cleanup: 10797 ns, At safepoint: 5648 ns, Total: 327154 ns
[2025-08-20T05:00:28.312+0000][1692535][info ][gc,start    ] GC(155) Pause Young (Normal) (G1 Evacuation Pause)
[2025-08-20T05:00:28.313+0000][1692535][info ][gc,task     ] GC(155) Using 1 workers of 1 for evacuation
[2025-08-20T05:00:28.313+0000][1692535][debug][gc,age      ] GC(155) Desired survivor size 20971520 bytes, new threshold 15 (max threshold 15)
[2025-08-20T05:00:28.315+0000][1692535][info ][gc,phases   ] GC(155)   Pre Evacuate Collection Set: 0.0ms
[2025-08-20T05:00:28.315+0000][1692535][info ][gc,phases   ] GC(155)   Merge Heap Roots: 0.0ms
[2025-08-20T05:00:28.315+0000][1692535][info ][gc,phases   ] GC(155)   Evacuate Collection Set: 1.4ms
[2025-08-20T05:00:28.315+0000][1692535][info ][gc,phases   ] GC(155)   Post Evacuate Collection Set: 1.0ms
[2025-08-20T05:00:28.315+0000][1692535][info ][gc,phases   ] GC(155)   Other: 0.0ms
[2025-08-20T05:00:28.315+0000][1692535][trace][gc,age      ] GC(155) Age table with threshold 15 (max threshold 15)
[2025-08-20T05:00:28.315+0000][1692535][trace][gc,age      ] GC(155) - age   1:      24912 bytes,      24912 total
[2025-08-20T05:00:28.315+0000][1692535][trace][gc,age      ] GC(155) - age   2:       2008 bytes,      26920 total
[2025-08-20T05:00:28.315+0000][1692535][trace][gc,age      ] GC(155) - age   3:        176 bytes,      27096 total
[2025-08-20T05:00:28.315+0000][1692535][trace][gc,age      ] GC(155) - age   4:       2696 bytes,      29792 total
[2025-08-20T05:00:28.315+0000][1692535][trace][gc,age      ] GC(155) - age   5:       2952 bytes,      32744 total
[2025-08-20T05:00:28.315+0000][1692535][info ][gc,heap     ] GC(155) Eden regions: 75->0(75)
[2025-08-20T05:00:28.315+0000][1692535][info ][gc,heap     ] GC(155) Survivor regions: 1->1(10)
[2025-08-20T05:00:28.315+0000][1692535][info ][gc,heap     ] GC(155) Old regions: 22->22
[2025-08-20T05:00:28.315+0000][1692535][info ][gc,heap     ] GC(155) Humongous regions: 0->0
[2025-08-20T05:00:28.315+0000][1692535][info ][gc,metaspace] GC(155) Metaspace: 137927K(143744K)->137927K(143744K) NonClass: 119711K(123264K)->119711K(123264K) Class: 18215K(20480K)->18215K(20480K)
[2025-08-20T05:00:28.315+0000][1692535][info ][gc          ] GC(155) Pause Young (Normal) (G1 Evacuation Pause) 386M->86M(512M) 2.738ms
[2025-08-20T05:00:28.315+0000][1692535][info ][gc,cpu      ] GC(155) User=0.00s Sys=0.00s Real=0.00s
[2025-08-20T05:00:28.315+0000][1692535][info ][safepoint   ] Safepoint "G1CollectForAllocation", Time since last: 260248434379 ns, Reaching safepoint: 7762 ns, Cleanup: 3145 ns, At safepoint: 2771094 ns, Total: 2782001 ns
[2025-08-20T05:12:08.737+0000][1692535][info ][gc,start    ] GC(156) Pause Young (Concurrent Start) (G1 Evacuation Pause)
[2025-08-20T05:12:08.737+0000][1692535][info ][gc,task     ] GC(156) Using 1 workers of 1 for evacuation
[2025-08-20T05:12:08.737+0000][1692535][debug][gc,age      ] GC(156) Desired survivor size 20971520 bytes, new threshold 15 (max threshold 15)
[2025-08-20T05:12:08.739+0000][1692535][info ][gc,phases   ] GC(156)   Pre Evacuate Collection Set: 0.1ms
[2025-08-20T05:12:08.739+0000][1692535][info ][gc,phases   ] GC(156)   Merge Heap Roots: 0.0ms
[2025-08-20T05:12:08.739+0000][1692535][info ][gc,phases   ] GC(156)   Evacuate Collection Set: 1.1ms
[2025-08-20T05:12:08.739+0000][1692535][info ][gc,phases   ] GC(156)   Post Evacuate Collection Set: 0.8ms
[2025-08-20T05:12:08.739+0000][1692535][info ][gc,phases   ] GC(156)   Other: 0.0ms
[2025-08-20T05:12:08.739+0000][1692535][trace][gc,age      ] GC(156) Age table with threshold 15 (max threshold 15)
[2025-08-20T05:12:08.739+0000][1692535][trace][gc,age      ] GC(156) - age   1:      10880 bytes,      10880 total
[2025-08-20T05:12:08.739+0000][1692535][trace][gc,age      ] GC(156) - age   2:      14232 bytes,      25112 total
[2025-08-20T05:12:08.739+0000][1692535][trace][gc,age      ] GC(156) - age   3:       1832 bytes,      26944 total
[2025-08-20T05:12:08.739+0000][1692535][trace][gc,age      ] GC(156) - age   4:        176 bytes,      27120 total
[2025-08-20T05:12:08.739+0000][1692535][trace][gc,age      ] GC(156) - age   5:       2696 bytes,      29816 total
[2025-08-20T05:12:08.739+0000][1692535][trace][gc,age      ] GC(156) - age   6:       2952 bytes,      32768 total
[2025-08-20T05:12:08.739+0000][1692535][info ][gc,heap     ] GC(156) Eden regions: 75->0(75)
[2025-08-20T05:12:08.739+0000][1692535][info ][gc,heap     ] GC(156) Survivor regions: 1->1(10)
[2025-08-20T05:12:08.739+0000][1692535][info ][gc,heap     ] GC(156) Old regions: 22->22
[2025-08-20T05:12:08.739+0000][1692535][info ][gc,heap     ] GC(156) Humongous regions: 0->0
[2025-08-20T05:12:08.739+0000][1692535][info ][gc,metaspace] GC(156) Metaspace: 137927K(143744K)->137927K(143744K) NonClass: 119711K(123264K)->119711K(123264K) Class: 18215K(20480K)->18215K(20480K)
[2025-08-20T05:12:08.739+0000][1692535][info ][gc          ] GC(156) Pause Young (Concurrent Start) (G1 Evacuation Pause) 386M->86M(512M) 2.360ms
[2025-08-20T05:12:08.739+0000][1692535][info ][gc,cpu      ] GC(156) User=0.01s Sys=0.00s Real=0.00s
[2025-08-20T05:12:08.739+0000][1692535][info ][safepoint   ] Safepoint "G1CollectForAllocation", Time since last: 700421602080 ns, Reaching safepoint: 4297 ns, Cleanup: 3124 ns, At safepoint: 2397180 ns, Total: 2404601 ns
[2025-08-20T05:12:08.743+0000][1692535][info ][gc          ] GC(157) Concurrent Mark Cycle
[2025-08-20T05:12:08.743+0000][1692535][info ][gc,marking  ] GC(157) Concurrent Scan Root Regions
[2025-08-20T05:12:08.744+0000][1692535][info ][gc,marking  ] GC(157) Concurrent Scan Root Regions 0.387ms
[2025-08-20T05:12:08.744+0000][1692535][info ][gc,marking  ] GC(157) Concurrent Mark
[2025-08-20T05:12:08.744+0000][1692535][info ][gc,marking  ] GC(157) Concurrent Mark From Roots
[2025-08-20T05:12:08.744+0000][1692535][info ][gc,task     ] GC(157) Using 1 workers of 1 for marking
[2025-08-20T05:12:08.851+0000][1692535][info ][gc,marking  ] GC(157) Concurrent Mark From Roots 107.361ms
[2025-08-20T05:12:08.851+0000][1692535][info ][gc,marking  ] GC(157) Concurrent Preclean
[2025-08-20T05:12:08.851+0000][1692535][info ][gc,marking  ] GC(157) Concurrent Preclean 0.230ms
[2025-08-20T05:12:08.851+0000][1692535][info ][gc,start    ] GC(157) Pause Remark
[2025-08-20T05:12:08.855+0000][1692535][info ][gc          ] GC(157) Pause Remark 87M->87M(512M) 3.222ms
[2025-08-20T05:12:08.855+0000][1692535][info ][gc,cpu      ] GC(157) User=0.00s Sys=0.00s Real=0.00s
[2025-08-20T05:12:08.855+0000][1692535][info ][safepoint   ] Safepoint "G1PauseRemark", Time since last: 112326557 ns, Reaching safepoint: 4087 ns, Cleanup: 1862 ns, At safepoint: 3261415 ns, Total: 3267364 ns
[2025-08-20T05:12:08.855+0000][1692535][info ][gc,marking  ] GC(157) Concurrent Mark 110.931ms
[2025-08-20T05:12:08.855+0000][1692535][info ][gc,marking  ] GC(157) Concurrent Rebuild Remembered Sets and Scrub Regions
[2025-08-20T05:12:08.889+0000][1692535][info ][gc,marking  ] GC(157) Concurrent Rebuild Remembered Sets and Scrub Regions 33.983ms
[2025-08-20T05:12:08.889+0000][1692535][info ][gc,start    ] GC(157) Pause Cleanup
[2025-08-20T05:12:08.889+0000][1692535][info ][gc          ] GC(157) Pause Cleanup 87M->87M(512M) 0.029ms
[2025-08-20T05:12:08.889+0000][1692535][info ][gc,cpu      ] GC(157) User=0.00s Sys=0.00s Real=0.00s
[2025-08-20T05:12:08.889+0000][1692535][info ][safepoint   ] Safepoint "G1PauseCleanup", Time since last: 34028344 ns, Reaching safepoint: 3586 ns, Cleanup: 1192 ns, At safepoint: 50726 ns, Total: 55504 ns
[2025-08-20T05:12:08.889+0000][1692535][info ][gc,marking  ] GC(157) Concurrent Clear Claimed Marks
[2025-08-20T05:12:08.889+0000][1692535][info ][gc,marking  ] GC(157) Concurrent Clear Claimed Marks 0.120ms
[2025-08-20T05:12:08.889+0000][1692535][info ][gc,marking  ] GC(157) Concurrent Cleanup for Next Mark
[2025-08-20T05:12:08.897+0000][1692535][info ][gc,marking  ] GC(157) Concurrent Cleanup for Next Mark 8.100ms
[2025-08-20T05:12:08.897+0000][1692535][info ][gc          ] GC(157) Concurrent Mark Cycle 153.659ms
[2025-08-20T05:13:54.895+0000][1692535][info ][safepoint   ] Safepoint "Cleanup", Time since last: 106006246510 ns, Reaching safepoint: 34632 ns, Cleanup: 10686 ns, At safepoint: 2604 ns, Total: 47922 ns
[2025-08-20T05:16:24.905+0000][1692535][info ][safepoint   ] Safepoint "Cleanup", Time since last: 150009532404 ns, Reaching safepoint: 71147 ns, Cleanup: 9555 ns, At safepoint: 2453 ns, Total: 83155 ns
[2025-08-20T05:23:54.175+0000][1692535][info ][gc,start    ] GC(158) Pause Young (Normal) (G1 Evacuation Pause)
[2025-08-20T05:23:54.176+0000][1692535][info ][gc,task     ] GC(158) Using 1 workers of 1 for evacuation
[2025-08-20T05:23:54.176+0000][1692535][debug][gc,age      ] GC(158) Desired survivor size 20971520 bytes, new threshold 15 (max threshold 15)
[2025-08-20T05:23:54.178+0000][1692535][info ][gc,phases   ] GC(158)   Pre Evacuate Collection Set: 0.0ms
[2025-08-20T05:23:54.178+0000][1692535][info ][gc,phases   ] GC(158)   Merge Heap Roots: 0.0ms
[2025-08-20T05:23:54.178+0000][1692535][info ][gc,phases   ] GC(158)   Evacuate Collection Set: 1.4ms
[2025-08-20T05:23:54.178+0000][1692535][info ][gc,phases   ] GC(158)   Post Evacuate Collection Set: 0.9ms
[2025-08-20T05:23:54.178+0000][1692535][info ][gc,phases   ] GC(158)   Other: 0.0ms
[2025-08-20T05:23:54.178+0000][1692535][trace][gc,age      ] GC(158) Age table with threshold 15 (max threshold 15)
[2025-08-20T05:23:54.178+0000][1692535][trace][gc,age      ] GC(158) - age   1:      11040 bytes,      11040 total
[2025-08-20T05:23:54.178+0000][1692535][trace][gc,age      ] GC(158) - age   3:      14056 bytes,      25096 total
[2025-08-20T05:23:54.178+0000][1692535][trace][gc,age      ] GC(158) - age   4:       1832 bytes,      26928 total
[2025-08-20T05:23:54.178+0000][1692535][trace][gc,age      ] GC(158) - age   5:        176 bytes,      27104 total
[2025-08-20T05:23:54.178+0000][1692535][trace][gc,age      ] GC(158) - age   6:       2696 bytes,      29800 total
[2025-08-20T05:23:54.178+0000][1692535][trace][gc,age      ] GC(158) - age   7:       2952 bytes,      32752 total
[2025-08-20T05:23:54.178+0000][1692535][info ][gc,heap     ] GC(158) Eden regions: 75->0(75)
[2025-08-20T05:23:54.178+0000][1692535][info ][gc,heap     ] GC(158) Survivor regions: 1->1(10)
[2025-08-20T05:23:54.178+0000][1692535][info ][gc,heap     ] GC(158) Old regions: 22->22
[2025-08-20T05:23:54.178+0000][1692535][info ][gc,heap     ] GC(158) Humongous regions: 0->0
[2025-08-20T05:23:54.178+0000][1692535][info ][gc,metaspace] GC(158) Metaspace: 137927K(143744K)->137927K(143744K) NonClass: 119711K(123264K)->119711K(123264K) Class: 18215K(20480K)->18215K(20480K)
[2025-08-20T05:23:54.178+0000][1692535][info ][gc          ] GC(158) Pause Young (Normal) (G1 Evacuation Pause) 386M->86M(512M) 2.607ms
[2025-08-20T05:23:54.178+0000][1692535][info ][gc,cpu      ] GC(158) User=0.00s Sys=0.00s Real=0.00s
[2025-08-20T05:23:54.178+0000][1692535][info ][safepoint   ] Safepoint "G1CollectForAllocation", Time since last: 449270659835 ns, Reaching safepoint: 6680 ns, Cleanup: 2904 ns, At safepoint: 2643773 ns, Total: 2653357 ns
[2025-08-20T05:35:39.594+0000][1692535][info ][gc,start    ] GC(159) Pause Young (Concurrent Start) (G1 Evacuation Pause)
[2025-08-20T05:35:39.594+0000][1692535][info ][gc,task     ] GC(159) Using 1 workers of 1 for evacuation
[2025-08-20T05:35:39.594+0000][1692535][debug][gc,age      ] GC(159) Desired survivor size 20971520 bytes, new threshold 15 (max threshold 15)
[2025-08-20T05:35:39.596+0000][1692535][info ][gc,phases   ] GC(159)   Pre Evacuate Collection Set: 0.0ms
[2025-08-20T05:35:39.596+0000][1692535][info ][gc,phases   ] GC(159)   Merge Heap Roots: 0.0ms
[2025-08-20T05:35:39.596+0000][1692535][info ][gc,phases   ] GC(159)   Evacuate Collection Set: 1.2ms
[2025-08-20T05:35:39.596+0000][1692535][info ][gc,phases   ] GC(159)   Post Evacuate Collection Set: 0.8ms
[2025-08-20T05:35:39.596+0000][1692535][info ][gc,phases   ] GC(159)   Other: 0.0ms
[2025-08-20T05:35:39.596+0000][1692535][trace][gc,age      ] GC(159) Age table with threshold 15 (max threshold 15)
[2025-08-20T05:35:39.596+0000][1692535][trace][gc,age      ] GC(159) - age   1:      11056 bytes,      11056 total
[2025-08-20T05:35:39.596+0000][1692535][trace][gc,age      ] GC(159) - age   2:         64 bytes,      11120 total
[2025-08-20T05:35:39.596+0000][1692535][trace][gc,age      ] GC(159) - age   4:      14056 bytes,      25176 total
[2025-08-20T05:35:39.596+0000][1692535][trace][gc,age      ] GC(159) - age   5:       1832 bytes,      27008 total
[2025-08-20T05:35:39.596+0000][1692535][trace][gc,age      ] GC(159) - age   6:        176 bytes,      27184 total
[2025-08-20T05:35:39.596+0000][1692535][trace][gc,age      ] GC(159) - age   7:       2696 bytes,      29880 total
[2025-08-20T05:35:39.596+0000][1692535][trace][gc,age      ] GC(159) - age   8:       2952 bytes,      32832 total
[2025-08-20T05:35:39.596+0000][1692535][info ][gc,heap     ] GC(159) Eden regions: 75->0(75)
[2025-08-20T05:35:39.596+0000][1692535][info ][gc,heap     ] GC(159) Survivor regions: 1->1(10)
[2025-08-20T05:35:39.596+0000][1692535][info ][gc,heap     ] GC(159) Old regions: 22->22
[2025-08-20T05:35:39.596+0000][1692535][info ][gc,heap     ] GC(159) Humongous regions: 0->0
[2025-08-20T05:35:39.596+0000][1692535][info ][gc,metaspace] GC(159) Metaspace: 137927K(143744K)->137927K(143744K) NonClass: 119711K(123264K)->119711K(123264K) Class: 18215K(20480K)->18215K(20480K)
[2025-08-20T05:35:39.596+0000][1692535][info ][gc          ] GC(159) Pause Young (Concurrent Start) (G1 Evacuation Pause) 386M->86M(512M) 2.379ms
[2025-08-20T05:35:39.596+0000][1692535][info ][gc,cpu      ] GC(159) User=0.01s Sys=0.00s Real=0.01s
[2025-08-20T05:35:39.596+0000][1692535][info ][safepoint   ] Safepoint "G1CollectForAllocation", Time since last: 705415635475 ns, Reaching safepoint: 7371 ns, Cleanup: 2854 ns, At safepoint: 2415608 ns, Total: 2425833 ns
[2025-08-20T05:35:39.602+0000][1692535][info ][gc          ] GC(160) Concurrent Mark Cycle
[2025-08-20T05:35:39.602+0000][1692535][info ][gc,marking  ] GC(160) Concurrent Scan Root Regions
[2025-08-20T05:35:39.603+0000][1692535][info ][gc,marking  ] GC(160) Concurrent Scan Root Regions 0.393ms
[2025-08-20T05:35:39.603+0000][1692535][info ][gc,marking  ] GC(160) Concurrent Mark
[2025-08-20T05:35:39.603+0000][1692535][info ][gc,marking  ] GC(160) Concurrent Mark From Roots
[2025-08-20T05:35:39.603+0000][1692535][info ][gc,task     ] GC(160) Using 1 workers of 1 for marking
[2025-08-20T05:35:39.709+0000][1692535][info ][gc,marking  ] GC(160) Concurrent Mark From Roots 106.435ms
[2025-08-20T05:35:39.709+0000][1692535][info ][gc,marking  ] GC(160) Concurrent Preclean
[2025-08-20T05:35:39.709+0000][1692535][info ][gc,marking  ] GC(160) Concurrent Preclean 0.249ms
[2025-08-20T05:35:39.710+0000][1692535][info ][gc,start    ] GC(160) Pause Remark
[2025-08-20T05:35:39.713+0000][1692535][info ][gc          ] GC(160) Pause Remark 86M->86M(512M) 3.297ms
[2025-08-20T05:35:39.713+0000][1692535][info ][gc,cpu      ] GC(160) User=0.00s Sys=0.00s Real=0.00s
[2025-08-20T05:35:39.713+0000][1692535][info ][safepoint   ] Safepoint "G1PauseRemark", Time since last: 113460725 ns, Reaching safepoint: 5228 ns, Cleanup: 2514 ns, At safepoint: 3333634 ns, Total: 3341376 ns
[2025-08-20T05:35:39.713+0000][1692535][info ][gc,marking  ] GC(160) Concurrent Mark 110.101ms
[2025-08-20T05:35:39.713+0000][1692535][info ][gc,marking  ] GC(160) Concurrent Rebuild Remembered Sets and Scrub Regions
[2025-08-20T05:35:39.748+0000][1692535][info ][gc,marking  ] GC(160) Concurrent Rebuild Remembered Sets and Scrub Regions 35.201ms
[2025-08-20T05:35:39.748+0000][1692535][info ][gc,start    ] GC(160) Pause Cleanup
[2025-08-20T05:35:39.748+0000][1692535][info ][gc          ] GC(160) Pause Cleanup 88M->88M(512M) 0.034ms
[2025-08-20T05:35:39.748+0000][1692535][info ][gc,cpu      ] GC(160) User=0.00s Sys=0.00s Real=0.00s
[2025-08-20T05:35:39.748+0000][1692535][info ][safepoint   ] Safepoint "G1PauseCleanup", Time since last: 35251122 ns, Reaching safepoint: 3175 ns, Cleanup: 1553 ns, At safepoint: 56655 ns, Total: 61383 ns
[2025-08-20T05:35:39.748+0000][1692535][info ][gc,marking  ] GC(160) Concurrent Clear Claimed Marks
[2025-08-20T05:35:39.748+0000][1692535][info ][gc,marking  ] GC(160) Concurrent Clear Claimed Marks 0.099ms
[2025-08-20T05:35:39.748+0000][1692535][info ][gc,marking  ] GC(160) Concurrent Cleanup for Next Mark
[2025-08-20T05:35:39.761+0000][1692535][info ][gc,marking  ] GC(160) Concurrent Cleanup for Next Mark 12.315ms
[2025-08-20T05:35:39.761+0000][1692535][info ][gc          ] GC(160) Concurrent Mark Cycle 158.251ms
[2025-08-20T05:37:54.756+0000][1692535][info ][safepoint   ] Safepoint "Cleanup", Time since last: 135008262913 ns, Reaching safepoint: 41783 ns, Cleanup: 10265 ns, At safepoint: 5949 ns, Total: 57997 ns
[2025-08-20T05:38:24.759+0000][1692535][info ][safepoint   ] Safepoint "Cleanup", Time since last: 30002106884 ns, Reaching safepoint: 35603 ns, Cleanup: 16475 ns, At safepoint: 7121 ns, Total: 59199 ns
[2025-08-20T05:47:24.995+0000][1692535][info ][gc,start    ] GC(161) Pause Young (Normal) (G1 Evacuation Pause)
[2025-08-20T05:47:24.995+0000][1692535][info ][gc,task     ] GC(161) Using 1 workers of 1 for evacuation
[2025-08-20T05:47:24.995+0000][1692535][debug][gc,age      ] GC(161) Desired survivor size 20971520 bytes, new threshold 15 (max threshold 15)
[2025-08-20T05:47:24.998+0000][1692535][info ][gc,phases   ] GC(161)   Pre Evacuate Collection Set: 0.0ms
[2025-08-20T05:47:24.998+0000][1692535][info ][gc,phases   ] GC(161)   Merge Heap Roots: 0.0ms
[2025-08-20T05:47:24.998+0000][1692535][info ][gc,phases   ] GC(161)   Evacuate Collection Set: 1.4ms
[2025-08-20T05:47:24.998+0000][1692535][info ][gc,phases   ] GC(161)   Post Evacuate Collection Set: 1.0ms
[2025-08-20T05:47:24.998+0000][1692535][info ][gc,phases   ] GC(161)   Other: 0.0ms
[2025-08-20T05:47:24.998+0000][1692535][trace][gc,age      ] GC(161) Age table with threshold 15 (max threshold 15)
[2025-08-20T05:47:24.998+0000][1692535][trace][gc,age      ] GC(161) - age   1:      11696 bytes,      11696 total
[2025-08-20T05:47:24.998+0000][1692535][trace][gc,age      ] GC(161) - age   3:         64 bytes,      11760 total
[2025-08-20T05:47:24.998+0000][1692535][trace][gc,age      ] GC(161) - age   5:      14056 bytes,      25816 total
[2025-08-20T05:47:24.998+0000][1692535][trace][gc,age      ] GC(161) - age   6:       1656 bytes,      27472 total
[2025-08-20T05:47:24.998+0000][1692535][trace][gc,age      ] GC(161) - age   7:        176 bytes,      27648 total
[2025-08-20T05:47:24.998+0000][1692535][trace][gc,age      ] GC(161) - age   8:       2696 bytes,      30344 total
[2025-08-20T05:47:24.998+0000][1692535][trace][gc,age      ] GC(161) - age   9:       2952 bytes,      33296 total
[2025-08-20T05:47:24.998+0000][1692535][info ][gc,heap     ] GC(161) Eden regions: 75->0(75)
[2025-08-20T05:47:24.998+0000][1692535][info ][gc,heap     ] GC(161) Survivor regions: 1->1(10)
[2025-08-20T05:47:24.998+0000][1692535][info ][gc,heap     ] GC(161) Old regions: 22->22
[2025-08-20T05:47:24.998+0000][1692535][info ][gc,heap     ] GC(161) Humongous regions: 0->0
[2025-08-20T05:47:24.998+0000][1692535][info ][gc,metaspace] GC(161) Metaspace: 137927K(143744K)->137927K(143744K) NonClass: 119711K(123264K)->119711K(123264K) Class: 18215K(20480K)->18215K(20480K)
[2025-08-20T05:47:24.998+0000][1692535][info ][gc          ] GC(161) Pause Young (Normal) (G1 Evacuation Pause) 386M->86M(512M) 2.706ms
[2025-08-20T05:47:24.998+0000][1692535][info ][gc,cpu      ] GC(161) User=0.00s Sys=0.00s Real=0.01s
[2025-08-20T05:47:24.998+0000][1692535][info ][safepoint   ] Safepoint "G1CollectForAllocation", Time since last: 540236307079 ns, Reaching safepoint: 6830 ns, Cleanup: 2914 ns, At safepoint: 2737995 ns, Total: 2747739 ns
[2025-08-20T05:59:10.290+0000][1692535][info ][gc,start    ] GC(162) Pause Young (Concurrent Start) (G1 Evacuation Pause)
[2025-08-20T05:59:10.291+0000][1692535][info ][gc,task     ] GC(162) Using 1 workers of 1 for evacuation
[2025-08-20T05:59:10.291+0000][1692535][debug][gc,age      ] GC(162) Desired survivor size 20971520 bytes, new threshold 15 (max threshold 15)
[2025-08-20T05:59:10.293+0000][1692535][info ][gc,phases   ] GC(162)   Pre Evacuate Collection Set: 0.0ms
[2025-08-20T05:59:10.293+0000][1692535][info ][gc,phases   ] GC(162)   Merge Heap Roots: 0.0ms
[2025-08-20T05:59:10.293+0000][1692535][info ][gc,phases   ] GC(162)   Evacuate Collection Set: 1.1ms
[2025-08-20T05:59:10.293+0000][1692535][info ][gc,phases   ] GC(162)   Post Evacuate Collection Set: 0.7ms
[2025-08-20T05:59:10.293+0000][1692535][info ][gc,phases   ] GC(162)   Other: 0.0ms
[2025-08-20T05:59:10.293+0000][1692535][trace][gc,age      ] GC(162) Age table with threshold 15 (max threshold 15)
[2025-08-20T05:59:10.293+0000][1692535][trace][gc,age      ] GC(162) - age   1:       9192 bytes,       9192 total
[2025-08-20T05:59:10.293+0000][1692535][trace][gc,age      ] GC(162) - age   2:        624 bytes,       9816 total
[2025-08-20T05:59:10.293+0000][1692535][trace][gc,age      ] GC(162) - age   4:         64 bytes,       9880 total
[2025-08-20T05:59:10.293+0000][1692535][trace][gc,age      ] GC(162) - age   6:      14056 bytes,      23936 total
[2025-08-20T05:59:10.293+0000][1692535][trace][gc,age      ] GC(162) - age   7:       1656 bytes,      25592 total
[2025-08-20T05:59:10.293+0000][1692535][trace][gc,age      ] GC(162) - age   8:        176 bytes,      25768 total
[2025-08-20T05:59:10.293+0000][1692535][trace][gc,age      ] GC(162) - age   9:       2696 bytes,      28464 total
[2025-08-20T05:59:10.293+0000][1692535][trace][gc,age      ] GC(162) - age  10:       2952 bytes,      31416 total
[2025-08-20T05:59:10.293+0000][1692535][info ][gc,heap     ] GC(162) Eden regions: 75->0(75)
[2025-08-20T05:59:10.293+0000][1692535][info ][gc,heap     ] GC(162) Survivor regions: 1->1(10)
[2025-08-20T05:59:10.293+0000][1692535][info ][gc,heap     ] GC(162) Old regions: 22->22
[2025-08-20T05:59:10.293+0000][1692535][info ][gc,heap     ] GC(162) Humongous regions: 0->0
[2025-08-20T05:59:10.293+0000][1692535][info ][gc,metaspace] GC(162) Metaspace: 137927K(143744K)->137927K(143744K) NonClass: 119711K(123264K)->119711K(123264K) Class: 18215K(20480K)->18215K(20480K)
[2025-08-20T05:59:10.293+0000][1692535][info ][gc          ] GC(162) Pause Young (Concurrent Start) (G1 Evacuation Pause) 386M->86M(512M) 2.456ms
[2025-08-20T05:59:10.293+0000][1692535][info ][gc,cpu      ] GC(162) User=0.00s Sys=0.00s Real=0.00s
[2025-08-20T05:59:10.293+0000][1692535][info ][safepoint   ] Safepoint "G1CollectForAllocation", Time since last: 705292568701 ns, Reaching safepoint: 4196 ns, Cleanup: 3405 ns, At safepoint: 2493385 ns, Total: 2500986 ns
[2025-08-20T05:59:10.299+0000][1692535][info ][gc          ] GC(163) Concurrent Mark Cycle
[2025-08-20T05:59:10.299+0000][1692535][info ][gc,marking  ] GC(163) Concurrent Scan Root Regions
[2025-08-20T05:59:10.300+0000][1692535][info ][gc,marking  ] GC(163) Concurrent Scan Root Regions 0.487ms
[2025-08-20T05:59:10.300+0000][1692535][info ][gc,marking  ] GC(163) Concurrent Mark
[2025-08-20T05:59:10.300+0000][1692535][info ][gc,marking  ] GC(163) Concurrent Mark From Roots
[2025-08-20T05:59:10.300+0000][1692535][info ][gc,task     ] GC(163) Using 1 workers of 1 for marking
[2025-08-20T05:59:10.411+0000][1692535][info ][gc,marking  ] GC(163) Concurrent Mark From Roots 110.908ms
[2025-08-20T05:59:10.411+0000][1692535][info ][gc,marking  ] GC(163) Concurrent Preclean
[2025-08-20T05:59:10.411+0000][1692535][info ][gc,marking  ] GC(163) Concurrent Preclean 0.224ms
[2025-08-20T05:59:10.411+0000][1692535][info ][gc,start    ] GC(163) Pause Remark
[2025-08-20T05:59:10.414+0000][1692535][info ][gc          ] GC(163) Pause Remark 87M->87M(512M) 3.139ms
[2025-08-20T05:59:10.414+0000][1692535][info ][gc,cpu      ] GC(163) User=0.00s Sys=0.00s Real=0.00s
[2025-08-20T05:59:10.414+0000][1692535][info ][safepoint   ] Safepoint "G1PauseRemark", Time since last: 118168794 ns, Reaching safepoint: 4777 ns, Cleanup: 2374 ns, At safepoint: 3173993 ns, Total: 3181144 ns
[2025-08-20T05:59:10.414+0000][1692535][info ][gc,marking  ] GC(163) Concurrent Mark 114.376ms
[2025-08-20T05:59:10.414+0000][1692535][info ][gc,marking  ] GC(163) Concurrent Rebuild Remembered Sets and Scrub Regions
[2025-08-20T05:59:10.464+0000][1692535][info ][gc,marking  ] GC(163) Concurrent Rebuild Remembered Sets and Scrub Regions 50.213ms
[2025-08-20T05:59:10.464+0000][1692535][info ][gc,start    ] GC(163) Pause Cleanup
[2025-08-20T05:59:10.464+0000][1692535][info ][gc          ] GC(163) Pause Cleanup 87M->87M(512M) 0.034ms
[2025-08-20T05:59:10.464+0000][1692535][info ][gc,cpu      ] GC(163) User=0.00s Sys=0.00s Real=0.00s
[2025-08-20T05:59:10.464+0000][1692535][info ][safepoint   ] Safepoint "G1PauseCleanup", Time since last: 50268940 ns, Reaching safepoint: 3726 ns, Cleanup: 1292 ns, At safepoint: 58097 ns, Total: 63115 ns
[2025-08-20T05:59:10.464+0000][1692535][info ][gc,marking  ] GC(163) Concurrent Clear Claimed Marks
[2025-08-20T05:59:10.465+0000][1692535][info ][gc,marking  ] GC(163) Concurrent Clear Claimed Marks 0.143ms
[2025-08-20T05:59:10.465+0000][1692535][info ][gc,marking  ] GC(163) Concurrent Cleanup for Next Mark
[2025-08-20T05:59:10.466+0000][1692535][info ][gc,marking  ] GC(163) Concurrent Cleanup for Next Mark 0.961ms
[2025-08-20T05:59:10.466+0000][1692535][info ][gc          ] GC(163) Concurrent Mark Cycle 166.348ms
[2025-08-20T06:10:55.490+0000][1692535][info ][gc,start    ] GC(164) Pause Young (Normal) (G1 Evacuation Pause)
[2025-08-20T06:10:55.490+0000][1692535][info ][gc,task     ] GC(164) Using 1 workers of 1 for evacuation
[2025-08-20T06:10:55.490+0000][1692535][debug][gc,age      ] GC(164) Desired survivor size 20971520 bytes, new threshold 15 (max threshold 15)
[2025-08-20T06:10:55.493+0000][1692535][info ][gc,phases   ] GC(164)   Pre Evacuate Collection Set: 0.0ms
[2025-08-20T06:10:55.493+0000][1692535][info ][gc,phases   ] GC(164)   Merge Heap Roots: 0.0ms
[2025-08-20T06:10:55.493+0000][1692535][info ][gc,phases   ] GC(164)   Evacuate Collection Set: 1.4ms
[2025-08-20T06:10:55.493+0000][1692535][info ][gc,phases   ] GC(164)   Post Evacuate Collection Set: 1.4ms
[2025-08-20T06:10:55.493+0000][1692535][info ][gc,phases   ] GC(164)   Other: 0.0ms
[2025-08-20T06:10:55.493+0000][1692535][trace][gc,age      ] GC(164) Age table with threshold 15 (max threshold 15)
[2025-08-20T06:10:55.493+0000][1692535][trace][gc,age      ] GC(164) - age   1:      13240 bytes,      13240 total
[2025-08-20T06:10:55.493+0000][1692535][trace][gc,age      ] GC(164) - age   2:        176 bytes,      13416 total
[2025-08-20T06:10:55.493+0000][1692535][trace][gc,age      ] GC(164) - age   3:        448 bytes,      13864 total
[2025-08-20T06:10:55.493+0000][1692535][trace][gc,age      ] GC(164) - age   5:         64 bytes,      13928 total
[2025-08-20T06:10:55.493+0000][1692535][trace][gc,age      ] GC(164) - age   7:      14056 bytes,      27984 total
[2025-08-20T06:10:55.493+0000][1692535][trace][gc,age      ] GC(164) - age   8:       1656 bytes,      29640 total
[2025-08-20T06:10:55.493+0000][1692535][trace][gc,age      ] GC(164) - age   9:        176 bytes,      29816 total
[2025-08-20T06:10:55.493+0000][1692535][trace][gc,age      ] GC(164) - age  10:       2696 bytes,      32512 total
[2025-08-20T06:10:55.493+0000][1692535][trace][gc,age      ] GC(164) - age  11:       2952 bytes,      35464 total
[2025-08-20T06:10:55.493+0000][1692535][info ][gc,heap     ] GC(164) Eden regions: 75->0(75)
[2025-08-20T06:10:55.493+0000][1692535][info ][gc,heap     ] GC(164) Survivor regions: 1->1(10)
[2025-08-20T06:10:55.493+0000][1692535][info ][gc,heap     ] GC(164) Old regions: 22->22
[2025-08-20T06:10:55.493+0000][1692535][info ][gc,heap     ] GC(164) Humongous regions: 0->0
[2025-08-20T06:10:55.493+0000][1692535][info ][gc,metaspace] GC(164) Metaspace: 137927K(143744K)->137927K(143744K) NonClass: 119711K(123264K)->119711K(123264K) Class: 18215K(20480K)->18215K(20480K)
[2025-08-20T06:10:55.493+0000][1692535][info ][gc          ] GC(164) Pause Young (Normal) (G1 Evacuation Pause) 386M->86M(512M) 3.099ms
[2025-08-20T06:10:55.493+0000][1692535][info ][gc,cpu      ] GC(164) User=0.00s Sys=0.00s Real=0.00s
[2025-08-20T06:10:55.493+0000][1692535][info ][safepoint   ] Safepoint "G1CollectForAllocation", Time since last: 705025013205 ns, Reaching safepoint: 8443 ns, Cleanup: 2954 ns, At safepoint: 3131249 ns, Total: 3142646 ns
[2025-08-20T06:22:41.248+0000][1692535][info ][gc,start    ] GC(165) Pause Young (Concurrent Start) (G1 Evacuation Pause)
[2025-08-20T06:22:41.249+0000][1692535][info ][gc,task     ] GC(165) Using 1 workers of 1 for evacuation
[2025-08-20T06:22:41.249+0000][1692535][debug][gc,age      ] GC(165) Desired survivor size 20971520 bytes, new threshold 15 (max threshold 15)
[2025-08-20T06:22:41.251+0000][1692535][info ][gc,phases   ] GC(165)   Pre Evacuate Collection Set: 0.0ms
[2025-08-20T06:22:41.251+0000][1692535][info ][gc,phases   ] GC(165)   Merge Heap Roots: 0.0ms
[2025-08-20T06:22:41.251+0000][1692535][info ][gc,phases   ] GC(165)   Evacuate Collection Set: 1.2ms
[2025-08-20T06:22:41.251+0000][1692535][info ][gc,phases   ] GC(165)   Post Evacuate Collection Set: 1.0ms
[2025-08-20T06:22:41.251+0000][1692535][info ][gc,phases   ] GC(165)   Other: 0.0ms
[2025-08-20T06:22:41.251+0000][1692535][trace][gc,age      ] GC(165) Age table with threshold 15 (max threshold 15)
[2025-08-20T06:22:41.251+0000][1692535][trace][gc,age      ] GC(165) - age   1:      11032 bytes,      11032 total
[2025-08-20T06:22:41.251+0000][1692535][trace][gc,age      ] GC(165) - age   4:        448 bytes,      11480 total
[2025-08-20T06:22:41.251+0000][1692535][trace][gc,age      ] GC(165) - age   6:         64 bytes,      11544 total
[2025-08-20T06:22:41.251+0000][1692535][trace][gc,age      ] GC(165) - age   8:      14056 bytes,      25600 total
[2025-08-20T06:22:41.251+0000][1692535][trace][gc,age      ] GC(165) - age   9:       1656 bytes,      27256 total
[2025-08-20T06:22:41.251+0000][1692535][trace][gc,age      ] GC(165) - age  10:        176 bytes,      27432 total
[2025-08-20T06:22:41.251+0000][1692535][trace][gc,age      ] GC(165) - age  11:       2696 bytes,      30128 total
[2025-08-20T06:22:41.251+0000][1692535][trace][gc,age      ] GC(165) - age  12:       2952 bytes,      33080 total
[2025-08-20T06:22:41.251+0000][1692535][info ][gc,heap     ] GC(165) Eden regions: 75->0(75)
[2025-08-20T06:22:41.251+0000][1692535][info ][gc,heap     ] GC(165) Survivor regions: 1->1(10)
[2025-08-20T06:22:41.251+0000][1692535][info ][gc,heap     ] GC(165) Old regions: 22->22
[2025-08-20T06:22:41.251+0000][1692535][info ][gc,heap     ] GC(165) Humongous regions: 0->0
[2025-08-20T06:22:41.251+0000][1692535][info ][gc,metaspace] GC(165) Metaspace: 137927K(143744K)->137927K(143744K) NonClass: 119711K(123264K)->119711K(123264K) Class: 18215K(20480K)->18215K(20480K)
[2025-08-20T06:22:41.251+0000][1692535][info ][gc          ] GC(165) Pause Young (Concurrent Start) (G1 Evacuation Pause) 386M->86M(512M) 2.529ms
[2025-08-20T06:22:41.251+0000][1692535][info ][gc,cpu      ] GC(165) User=0.00s Sys=0.00s Real=0.00s
[2025-08-20T06:22:41.251+0000][1692535][info ][safepoint   ] Safepoint "G1CollectForAllocation", Time since last: 705755813581 ns, Reaching safepoint: 6991 ns, Cleanup: 3005 ns, At safepoint: 2566225 ns, Total: 2576221 ns
[2025-08-20T06:22:41.254+0000][1692535][info ][gc          ] GC(166) Concurrent Mark Cycle
[2025-08-20T06:22:41.254+0000][1692535][info ][gc,marking  ] GC(166) Concurrent Scan Root Regions
[2025-08-20T06:22:41.255+0000][1692535][info ][gc,marking  ] GC(166) Concurrent Scan Root Regions 0.447ms
[2025-08-20T06:22:41.255+0000][1692535][info ][gc,marking  ] GC(166) Concurrent Mark
[2025-08-20T06:22:41.255+0000][1692535][info ][gc,marking  ] GC(166) Concurrent Mark From Roots
[2025-08-20T06:22:41.255+0000][1692535][info ][gc,task     ] GC(166) Using 1 workers of 1 for marking
[2025-08-20T06:22:41.372+0000][1692535][info ][gc,marking  ] GC(166) Concurrent Mark From Roots 116.689ms
[2025-08-20T06:22:41.372+0000][1692535][info ][gc,marking  ] GC(166) Concurrent Preclean
[2025-08-20T06:22:41.372+0000][1692535][info ][gc,marking  ] GC(166) Concurrent Preclean 0.277ms
[2025-08-20T06:22:41.372+0000][1692535][info ][gc,start    ] GC(166) Pause Remark
[2025-08-20T06:22:41.375+0000][1692535][info ][gc          ] GC(166) Pause Remark 86M->86M(512M) 3.250ms
[2025-08-20T06:22:41.375+0000][1692535][info ][gc,cpu      ] GC(166) User=0.00s Sys=0.00s Real=0.00s
[2025-08-20T06:22:41.375+0000][1692535][info ][safepoint   ] Safepoint "G1PauseRemark", Time since last: 120838922 ns, Reaching safepoint: 4957 ns, Cleanup: 2985 ns, At safepoint: 3284420 ns, Total: 3292362 ns
[2025-08-20T06:22:41.375+0000][1692535][info ][gc,marking  ] GC(166) Concurrent Mark 120.324ms
[2025-08-20T06:22:41.375+0000][1692535][info ][gc,marking  ] GC(166) Concurrent Rebuild Remembered Sets and Scrub Regions
[2025-08-20T06:22:41.419+0000][1692535][info ][gc,marking  ] GC(166) Concurrent Rebuild Remembered Sets and Scrub Regions 43.627ms
[2025-08-20T06:22:41.419+0000][1692535][info ][gc,start    ] GC(166) Pause Cleanup
[2025-08-20T06:22:41.419+0000][1692535][info ][gc          ] GC(166) Pause Cleanup 86M->86M(512M) 0.036ms
[2025-08-20T06:22:41.419+0000][1692535][info ][gc,cpu      ] GC(166) User=0.00s Sys=0.00s Real=0.00s
[2025-08-20T06:22:41.419+0000][1692535][info ][safepoint   ] Safepoint "G1PauseCleanup", Time since last: 43678937 ns, Reaching safepoint: 3645 ns, Cleanup: 1983 ns, At safepoint: 68965 ns, Total: 74593 ns
[2025-08-20T06:22:41.419+0000][1692535][info ][gc,marking  ] GC(166) Concurrent Clear Claimed Marks
[2025-08-20T06:22:41.419+0000][1692535][info ][gc,marking  ] GC(166) Concurrent Clear Claimed Marks 0.128ms
[2025-08-20T06:22:41.419+0000][1692535][info ][gc,marking  ] GC(166) Concurrent Cleanup for Next Mark
[2025-08-20T06:22:41.419+0000][1692535][info ][gc,marking  ] GC(166) Concurrent Cleanup for Next Mark 0.260ms
[2025-08-20T06:22:41.419+0000][1692535][info ][gc          ] GC(166) Concurrent Mark Cycle 164.941ms
[2025-08-20T06:34:26.291+0000][1692535][info ][gc,start    ] GC(167) Pause Young (Normal) (G1 Evacuation Pause)
[2025-08-20T06:34:26.291+0000][1692535][info ][gc,task     ] GC(167) Using 1 workers of 1 for evacuation
[2025-08-20T06:34:26.291+0000][1692535][debug][gc,age      ] GC(167) Desired survivor size 20971520 bytes, new threshold 15 (max threshold 15)
[2025-08-20T06:34:26.293+0000][1692535][info ][gc,phases   ] GC(167)   Pre Evacuate Collection Set: 0.0ms
[2025-08-20T06:34:26.293+0000][1692535][info ][gc,phases   ] GC(167)   Merge Heap Roots: 0.0ms
[2025-08-20T06:34:26.293+0000][1692535][info ][gc,phases   ] GC(167)   Evacuate Collection Set: 1.4ms
[2025-08-20T06:34:26.293+0000][1692535][info ][gc,phases   ] GC(167)   Post Evacuate Collection Set: 0.8ms
[2025-08-20T06:34:26.293+0000][1692535][info ][gc,phases   ] GC(167)   Other: 0.0ms
[2025-08-20T06:34:26.293+0000][1692535][trace][gc,age      ] GC(167) Age table with threshold 15 (max threshold 15)
[2025-08-20T06:34:26.293+0000][1692535][trace][gc,age      ] GC(167) - age   1:      14096 bytes,      14096 total
[2025-08-20T06:34:26.293+0000][1692535][trace][gc,age      ] GC(167) - age   5:        448 bytes,      14544 total
[2025-08-20T06:34:26.293+0000][1692535][trace][gc,age      ] GC(167) - age   7:         64 bytes,      14608 total
[2025-08-20T06:34:26.293+0000][1692535][trace][gc,age      ] GC(167) - age   9:      14056 bytes,      28664 total
[2025-08-20T06:34:26.293+0000][1692535][trace][gc,age      ] GC(167) - age  10:       1656 bytes,      30320 total
[2025-08-20T06:34:26.293+0000][1692535][trace][gc,age      ] GC(167) - age  11:        176 bytes,      30496 total
[2025-08-20T06:34:26.293+0000][1692535][trace][gc,age      ] GC(167) - age  12:       2696 bytes,      33192 total
[2025-08-20T06:34:26.293+0000][1692535][trace][gc,age      ] GC(167) - age  13:       2952 bytes,      36144 total
[2025-08-20T06:34:26.293+0000][1692535][info ][gc,heap     ] GC(167) Eden regions: 75->0(75)
[2025-08-20T06:34:26.293+0000][1692535][info ][gc,heap     ] GC(167) Survivor regions: 1->1(10)
[2025-08-20T06:34:26.293+0000][1692535][info ][gc,heap     ] GC(167) Old regions: 22->22
[2025-08-20T06:34:26.293+0000][1692535][info ][gc,heap     ] GC(167) Humongous regions: 0->0
[2025-08-20T06:34:26.293+0000][1692535][info ][gc,metaspace] GC(167) Metaspace: 137927K(143744K)->137927K(143744K) NonClass: 119711K(123264K)->119711K(123264K) Class: 18215K(20480K)->18215K(20480K)
[2025-08-20T06:34:26.293+0000][1692535][info ][gc          ] GC(167) Pause Young (Normal) (G1 Evacuation Pause) 386M->86M(512M) 2.580ms
[2025-08-20T06:34:26.293+0000][1692535][info ][gc,cpu      ] GC(167) User=0.00s Sys=0.00s Real=0.00s
[2025-08-20T06:34:26.293+0000][1692535][info ][safepoint   ] Safepoint "G1CollectForAllocation", Time since last: 704871605970 ns, Reaching safepoint: 9785 ns, Cleanup: 3145 ns, At safepoint: 2612555 ns, Total: 2625485 ns
[2025-08-20T06:46:11.418+0000][1692535][info ][gc,start    ] GC(168) Pause Young (Concurrent Start) (G1 Evacuation Pause)
[2025-08-20T06:46:11.419+0000][1692535][info ][gc,task     ] GC(168) Using 1 workers of 1 for evacuation
[2025-08-20T06:46:11.419+0000][1692535][debug][gc,age      ] GC(168) Desired survivor size 20971520 bytes, new threshold 15 (max threshold 15)
[2025-08-20T06:46:11.421+0000][1692535][info ][gc,phases   ] GC(168)   Pre Evacuate Collection Set: 0.0ms
[2025-08-20T06:46:11.421+0000][1692535][info ][gc,phases   ] GC(168)   Merge Heap Roots: 0.0ms
[2025-08-20T06:46:11.421+0000][1692535][info ][gc,phases   ] GC(168)   Evacuate Collection Set: 1.1ms
[2025-08-20T06:46:11.421+0000][1692535][info ][gc,phases   ] GC(168)   Post Evacuate Collection Set: 0.7ms
[2025-08-20T06:46:11.421+0000][1692535][info ][gc,phases   ] GC(168)   Other: 0.1ms
[2025-08-20T06:46:11.421+0000][1692535][trace][gc,age      ] GC(168) Age table with threshold 15 (max threshold 15)
[2025-08-20T06:46:11.421+0000][1692535][trace][gc,age      ] GC(168) - age   1:      27176 bytes,      27176 total
[2025-08-20T06:46:11.421+0000][1692535][trace][gc,age      ] GC(168) - age   2:        176 bytes,      27352 total
[2025-08-20T06:46:11.421+0000][1692535][trace][gc,age      ] GC(168) - age   6:        272 bytes,      27624 total
[2025-08-20T06:46:11.421+0000][1692535][trace][gc,age      ] GC(168) - age   8:         64 bytes,      27688 total
[2025-08-20T06:46:11.421+0000][1692535][trace][gc,age      ] GC(168) - age  10:      14056 bytes,      41744 total
[2025-08-20T06:46:11.421+0000][1692535][trace][gc,age      ] GC(168) - age  11:       1656 bytes,      43400 total
[2025-08-20T06:46:11.421+0000][1692535][trace][gc,age      ] GC(168) - age  12:        176 bytes,      43576 total
[2025-08-20T06:46:11.421+0000][1692535][trace][gc,age      ] GC(168) - age  13:       2696 bytes,      46272 total
[2025-08-20T06:46:11.421+0000][1692535][trace][gc,age      ] GC(168) - age  14:       2952 bytes,      49224 total
[2025-08-20T06:46:11.421+0000][1692535][info ][gc,heap     ] GC(168) Eden regions: 75->0(75)
[2025-08-20T06:46:11.421+0000][1692535][info ][gc,heap     ] GC(168) Survivor regions: 1->1(10)
[2025-08-20T06:46:11.421+0000][1692535][info ][gc,heap     ] GC(168) Old regions: 22->22
[2025-08-20T06:46:11.421+0000][1692535][info ][gc,heap     ] GC(168) Humongous regions: 0->0
[2025-08-20T06:46:11.421+0000][1692535][info ][gc,metaspace] GC(168) Metaspace: 137927K(143744K)->137927K(143744K) NonClass: 119711K(123264K)->119711K(123264K) Class: 18215K(20480K)->18215K(20480K)
[2025-08-20T06:46:11.421+0000][1692535][info ][gc          ] GC(168) Pause Young (Concurrent Start) (G1 Evacuation Pause) 386M->86M(512M) 2.681ms
[2025-08-20T06:46:11.421+0000][1692535][info ][gc,cpu      ] GC(168) User=0.00s Sys=0.00s Real=0.00s
[2025-08-20T06:46:11.421+0000][1692535][info ][safepoint   ] Safepoint "G1CollectForAllocation", Time since last: 705125186300 ns, Reaching safepoint: 4797 ns, Cleanup: 3956 ns, At safepoint: 2717945 ns, Total: 2726698 ns
[2025-08-20T06:46:11.427+0000][1692535][info ][gc          ] GC(169) Concurrent Mark Cycle
[2025-08-20T06:46:11.427+0000][1692535][info ][gc,marking  ] GC(169) Concurrent Scan Root Regions
[2025-08-20T06:46:11.428+0000][1692535][info ][gc,marking  ] GC(169) Concurrent Scan Root Regions 0.444ms
[2025-08-20T06:46:11.428+0000][1692535][info ][gc,marking  ] GC(169) Concurrent Mark
[2025-08-20T06:46:11.428+0000][1692535][info ][gc,marking  ] GC(169) Concurrent Mark From Roots
[2025-08-20T06:46:11.428+0000][1692535][info ][gc,task     ] GC(169) Using 1 workers of 1 for marking
[2025-08-20T06:46:11.531+0000][1692535][info ][gc,marking  ] GC(169) Concurrent Mark From Roots 103.149ms
[2025-08-20T06:46:11.531+0000][1692535][info ][gc,marking  ] GC(169) Concurrent Preclean
[2025-08-20T06:46:11.531+0000][1692535][info ][gc,marking  ] GC(169) Concurrent Preclean 0.234ms
[2025-08-20T06:46:11.531+0000][1692535][info ][gc,start    ] GC(169) Pause Remark
[2025-08-20T06:46:11.534+0000][1692535][info ][gc          ] GC(169) Pause Remark 88M->88M(512M) 3.185ms
[2025-08-20T06:46:11.534+0000][1692535][info ][gc,cpu      ] GC(169) User=0.01s Sys=0.00s Real=0.00s
[2025-08-20T06:46:11.534+0000][1692535][info ][safepoint   ] Safepoint "G1PauseRemark", Time since last: 110226296 ns, Reaching safepoint: 5257 ns, Cleanup: 2524 ns, At safepoint: 3224539 ns, Total: 3232320 ns
[2025-08-20T06:46:11.535+0000][1692535][info ][gc,marking  ] GC(169) Concurrent Mark 106.690ms
[2025-08-20T06:46:11.535+0000][1692535][info ][gc,marking  ] GC(169) Concurrent Rebuild Remembered Sets and Scrub Regions
[2025-08-20T06:46:11.568+0000][1692535][info ][gc,marking  ] GC(169) Concurrent Rebuild Remembered Sets and Scrub Regions 33.202ms
[2025-08-20T06:46:11.568+0000][1692535][info ][gc,start    ] GC(169) Pause Cleanup
[2025-08-20T06:46:11.568+0000][1692535][info ][gc          ] GC(169) Pause Cleanup 88M->88M(512M) 0.029ms
[2025-08-20T06:46:11.568+0000][1692535][info ][gc,cpu      ] GC(169) User=0.00s Sys=0.00s Real=0.00s
[2025-08-20T06:46:11.568+0000][1692535][info ][safepoint   ] Safepoint "G1PauseCleanup", Time since last: 33260155 ns, Reaching safepoint: 3445 ns, Cleanup: 911 ns, At safepoint: 51638 ns, Total: 55994 ns
[2025-08-20T06:46:11.568+0000][1692535][info ][gc,marking  ] GC(169) Concurrent Clear Claimed Marks
[2025-08-20T06:46:11.568+0000][1692535][info ][gc,marking  ] GC(169) Concurrent Clear Claimed Marks 0.100ms
[2025-08-20T06:46:11.568+0000][1692535][info ][gc,marking  ] GC(169) Concurrent Cleanup for Next Mark
[2025-08-20T06:46:11.581+0000][1692535][info ][gc,marking  ] GC(169) Concurrent Cleanup for Next Mark 12.663ms
[2025-08-20T06:46:11.581+0000][1692535][info ][gc          ] GC(169) Concurrent Mark Cycle 153.245ms
[2025-08-20T06:57:56.868+0000][1692535][info ][gc,start    ] GC(170) Pause Young (Normal) (G1 Evacuation Pause)
[2025-08-20T06:57:56.869+0000][1692535][info ][gc,task     ] GC(170) Using 1 workers of 1 for evacuation
[2025-08-20T06:57:56.869+0000][1692535][debug][gc,age      ] GC(170) Desired survivor size 20971520 bytes, new threshold 15 (max threshold 15)
[2025-08-20T06:57:56.871+0000][1692535][info ][gc,phases   ] GC(170)   Pre Evacuate Collection Set: 0.0ms
[2025-08-20T06:57:56.871+0000][1692535][info ][gc,phases   ] GC(170)   Merge Heap Roots: 0.0ms
[2025-08-20T06:57:56.871+0000][1692535][info ][gc,phases   ] GC(170)   Evacuate Collection Set: 1.4ms
[2025-08-20T06:57:56.871+0000][1692535][info ][gc,phases   ] GC(170)   Post Evacuate Collection Set: 0.7ms
[2025-08-20T06:57:56.871+0000][1692535][info ][gc,phases   ] GC(170)   Other: 0.0ms
[2025-08-20T06:57:56.871+0000][1692535][trace][gc,age      ] GC(170) Age table with threshold 15 (max threshold 15)
[2025-08-20T06:57:56.871+0000][1692535][trace][gc,age      ] GC(170) - age   1:      10264 bytes,      10264 total
[2025-08-20T06:57:56.871+0000][1692535][trace][gc,age      ] GC(170) - age   2:        352 bytes,      10616 total
[2025-08-20T06:57:56.871+0000][1692535][trace][gc,age      ] GC(170) - age   7:        272 bytes,      10888 total
[2025-08-20T06:57:56.871+0000][1692535][trace][gc,age      ] GC(170) - age   9:         64 bytes,      10952 total
[2025-08-20T06:57:56.871+0000][1692535][trace][gc,age      ] GC(170) - age  11:      14056 bytes,      25008 total
[2025-08-20T06:57:56.871+0000][1692535][trace][gc,age      ] GC(170) - age  12:       1656 bytes,      26664 total
[2025-08-20T06:57:56.871+0000][1692535][trace][gc,age      ] GC(170) - age  13:        176 bytes,      26840 total
[2025-08-20T06:57:56.871+0000][1692535][trace][gc,age      ] GC(170) - age  14:       2696 bytes,      29536 total
[2025-08-20T06:57:56.871+0000][1692535][trace][gc,age      ] GC(170) - age  15:       2952 bytes,      32488 total
[2025-08-20T06:57:56.871+0000][1692535][info ][gc,heap     ] GC(170) Eden regions: 75->0(75)
[2025-08-20T06:57:56.871+0000][1692535][info ][gc,heap     ] GC(170) Survivor regions: 1->1(10)
[2025-08-20T06:57:56.871+0000][1692535][info ][gc,heap     ] GC(170) Old regions: 22->22
[2025-08-20T06:57:56.871+0000][1692535][info ][gc,heap     ] GC(170) Humongous regions: 0->0
[2025-08-20T06:57:56.871+0000][1692535][info ][gc,metaspace] GC(170) Metaspace: 137927K(143744K)->137927K(143744K) NonClass: 119711K(123264K)->119711K(123264K) Class: 18215K(20480K)->18215K(20480K)
[2025-08-20T06:57:56.871+0000][1692535][info ][gc          ] GC(170) Pause Young (Normal) (G1 Evacuation Pause) 386M->86M(512M) 2.702ms
[2025-08-20T06:57:56.871+0000][1692535][info ][gc,cpu      ] GC(170) User=0.00s Sys=0.00s Real=0.00s
[2025-08-20T06:57:56.871+0000][1692535][info ][safepoint   ] Safepoint "G1CollectForAllocation", Time since last: 705300599615 ns, Reaching safepoint: 8002 ns, Cleanup: 4317 ns, At safepoint: 2749041 ns, Total: 2761360 ns
[2025-08-20T07:09:38.468+0000][1692535][info ][gc,start    ] GC(171) Pause Young (Concurrent Start) (G1 Evacuation Pause)
[2025-08-20T07:09:38.468+0000][1692535][info ][gc,task     ] GC(171) Using 1 workers of 1 for evacuation
[2025-08-20T07:09:38.468+0000][1692535][debug][gc,age      ] GC(171) Desired survivor size 20971520 bytes, new threshold 15 (max threshold 15)
[2025-08-20T07:09:38.470+0000][1692535][info ][gc,phases   ] GC(171)   Pre Evacuate Collection Set: 0.0ms
[2025-08-20T07:09:38.470+0000][1692535][info ][gc,phases   ] GC(171)   Merge Heap Roots: 0.0ms
[2025-08-20T07:09:38.470+0000][1692535][info ][gc,phases   ] GC(171)   Evacuate Collection Set: 1.2ms
[2025-08-20T07:09:38.470+0000][1692535][info ][gc,phases   ] GC(171)   Post Evacuate Collection Set: 1.2ms
[2025-08-20T07:09:38.470+0000][1692535][info ][gc,phases   ] GC(171)   Other: 0.0ms
[2025-08-20T07:09:38.470+0000][1692535][trace][gc,age      ] GC(171) Age table with threshold 15 (max threshold 15)
[2025-08-20T07:09:38.470+0000][1692535][trace][gc,age      ] GC(171) - age   1:       9696 bytes,       9696 total
[2025-08-20T07:09:38.470+0000][1692535][trace][gc,age      ] GC(171) - age   3:        176 bytes,       9872 total
[2025-08-20T07:09:38.470+0000][1692535][trace][gc,age      ] GC(171) - age   8:        272 bytes,      10144 total
[2025-08-20T07:09:38.470+0000][1692535][trace][gc,age      ] GC(171) - age  10:         64 bytes,      10208 total
[2025-08-20T07:09:38.470+0000][1692535][trace][gc,age      ] GC(171) - age  12:      14056 bytes,      24264 total
[2025-08-20T07:09:38.470+0000][1692535][trace][gc,age      ] GC(171) - age  13:       1656 bytes,      25920 total
[2025-08-20T07:09:38.470+0000][1692535][trace][gc,age      ] GC(171) - age  14:        176 bytes,      26096 total
[2025-08-20T07:09:38.470+0000][1692535][trace][gc,age      ] GC(171) - age  15:       2696 bytes,      28792 total
[2025-08-20T07:09:38.470+0000][1692535][info ][gc,heap     ] GC(171) Eden regions: 75->0(75)
[2025-08-20T07:09:38.470+0000][1692535][info ][gc,heap     ] GC(171) Survivor regions: 1->1(10)
[2025-08-20T07:09:38.470+0000][1692535][info ][gc,heap     ] GC(171) Old regions: 22->22
[2025-08-20T07:09:38.470+0000][1692535][info ][gc,heap     ] GC(171) Humongous regions: 0->0
[2025-08-20T07:09:38.470+0000][1692535][info ][gc,metaspace] GC(171) Metaspace: 137927K(143744K)->137927K(143744K) NonClass: 119711K(123264K)->119711K(123264K) Class: 18215K(20480K)->18215K(20480K)
[2025-08-20T07:09:38.470+0000][1692535][info ][gc          ] GC(171) Pause Young (Concurrent Start) (G1 Evacuation Pause) 386M->86M(512M) 2.755ms
[2025-08-20T07:09:38.470+0000][1692535][info ][gc,cpu      ] GC(171) User=0.01s Sys=0.00s Real=0.00s
[2025-08-20T07:09:38.470+0000][1692535][info ][safepoint   ] Safepoint "G1CollectForAllocation", Time since last: 701596449973 ns, Reaching safepoint: 7572 ns, Cleanup: 3175 ns, At safepoint: 2791956 ns, Total: 2802703 ns
[2025-08-20T07:09:38.475+0000][1692535][info ][gc          ] GC(172) Concurrent Mark Cycle
[2025-08-20T07:09:38.475+0000][1692535][info ][gc,marking  ] GC(172) Concurrent Scan Root Regions
[2025-08-20T07:09:38.476+0000][1692535][info ][gc,marking  ] GC(172) Concurrent Scan Root Regions 0.401ms
[2025-08-20T07:09:38.476+0000][1692535][info ][gc,marking  ] GC(172) Concurrent Mark
[2025-08-20T07:09:38.476+0000][1692535][info ][gc,marking  ] GC(172) Concurrent Mark From Roots
[2025-08-20T07:09:38.476+0000][1692535][info ][gc,task     ] GC(172) Using 1 workers of 1 for marking
[2025-08-20T07:09:38.584+0000][1692535][info ][gc,marking  ] GC(172) Concurrent Mark From Roots 108.428ms
[2025-08-20T07:09:38.584+0000][1692535][info ][gc,marking  ] GC(172) Concurrent Preclean
[2025-08-20T07:09:38.585+0000][1692535][info ][gc,marking  ] GC(172) Concurrent Preclean 0.249ms
[2025-08-20T07:09:38.585+0000][1692535][info ][gc,start    ] GC(172) Pause Remark
[2025-08-20T07:09:38.588+0000][1692535][info ][gc          ] GC(172) Pause Remark 86M->86M(512M) 3.173ms
[2025-08-20T07:09:38.588+0000][1692535][info ][gc,cpu      ] GC(172) User=0.00s Sys=0.00s Real=0.01s
[2025-08-20T07:09:38.588+0000][1692535][info ][safepoint   ] Safepoint "G1PauseRemark", Time since last: 114096648 ns, Reaching safepoint: 5188 ns, Cleanup: 2914 ns, At safepoint: 3208756 ns, Total: 3216858 ns
[2025-08-20T07:09:38.588+0000][1692535][info ][gc,marking  ] GC(172) Concurrent Mark 111.966ms
[2025-08-20T07:09:38.588+0000][1692535][info ][gc,marking  ] GC(172) Concurrent Rebuild Remembered Sets and Scrub Regions
[2025-08-20T07:09:38.619+0000][1692535][info ][gc,marking  ] GC(172) Concurrent Rebuild Remembered Sets and Scrub Regions 31.170ms
[2025-08-20T07:09:38.619+0000][1692535][info ][gc,start    ] GC(172) Pause Cleanup
[2025-08-20T07:09:38.619+0000][1692535][info ][gc          ] GC(172) Pause Cleanup 86M->86M(512M) 0.031ms
[2025-08-20T07:09:38.619+0000][1692535][info ][gc,cpu      ] GC(172) User=0.00s Sys=0.00s Real=0.00s
[2025-08-20T07:09:38.619+0000][1692535][info ][safepoint   ] Safepoint "G1PauseCleanup", Time since last: 31213653 ns, Reaching safepoint: 3395 ns, Cleanup: 1402 ns, At safepoint: 53721 ns, Total: 58518 ns
[2025-08-20T07:09:38.619+0000][1692535][info ][gc,marking  ] GC(172) Concurrent Clear Claimed Marks
[2025-08-20T07:09:38.619+0000][1692535][info ][gc,marking  ] GC(172) Concurrent Clear Claimed Marks 0.108ms
[2025-08-20T07:09:38.619+0000][1692535][info ][gc,marking  ] GC(172) Concurrent Cleanup for Next Mark
[2025-08-20T07:09:38.625+0000][1692535][info ][gc,marking  ] GC(172) Concurrent Cleanup for Next Mark 5.547ms
[2025-08-20T07:09:38.625+0000][1692535][info ][gc          ] GC(172) Concurrent Mark Cycle 149.321ms
[2025-08-20T07:21:23.910+0000][1692535][info ][gc,start    ] GC(173) Pause Young (Normal) (G1 Evacuation Pause)
[2025-08-20T07:21:23.910+0000][1692535][info ][gc,task     ] GC(173) Using 1 workers of 1 for evacuation
[2025-08-20T07:21:23.910+0000][1692535][debug][gc,age      ] GC(173) Desired survivor size 20971520 bytes, new threshold 15 (max threshold 15)
[2025-08-20T07:21:23.912+0000][1692535][info ][gc,phases   ] GC(173)   Pre Evacuate Collection Set: 0.0ms
[2025-08-20T07:21:23.912+0000][1692535][info ][gc,phases   ] GC(173)   Merge Heap Roots: 0.0ms
[2025-08-20T07:21:23.912+0000][1692535][info ][gc,phases   ] GC(173)   Evacuate Collection Set: 1.3ms
[2025-08-20T07:21:23.912+0000][1692535][info ][gc,phases   ] GC(173)   Post Evacuate Collection Set: 0.9ms
[2025-08-20T07:21:23.912+0000][1692535][info ][gc,phases   ] GC(173)   Other: 0.0ms
[2025-08-20T07:21:23.912+0000][1692535][trace][gc,age      ] GC(173) Age table with threshold 15 (max threshold 15)
[2025-08-20T07:21:23.912+0000][1692535][trace][gc,age      ] GC(173) - age   1:      11032 bytes,      11032 total
[2025-08-20T07:21:23.912+0000][1692535][trace][gc,age      ] GC(173) - age   4:        176 bytes,      11208 total
[2025-08-20T07:21:23.912+0000][1692535][trace][gc,age      ] GC(173) - age   9:        272 bytes,      11480 total
[2025-08-20T07:21:23.912+0000][1692535][trace][gc,age      ] GC(173) - age  11:         64 bytes,      11544 total
[2025-08-20T07:21:23.912+0000][1692535][trace][gc,age      ] GC(173) - age  13:      14056 bytes,      25600 total
[2025-08-20T07:21:23.912+0000][1692535][trace][gc,age      ] GC(173) - age  14:       1656 bytes,      27256 total
[2025-08-20T07:21:23.912+0000][1692535][trace][gc,age      ] GC(173) - age  15:        176 bytes,      27432 total
[2025-08-20T07:21:23.912+0000][1692535][info ][gc,heap     ] GC(173) Eden regions: 75->0(75)
[2025-08-20T07:21:23.912+0000][1692535][info ][gc,heap     ] GC(173) Survivor regions: 1->1(10)
[2025-08-20T07:21:23.912+0000][1692535][info ][gc,heap     ] GC(173) Old regions: 22->22
[2025-08-20T07:21:23.912+0000][1692535][info ][gc,heap     ] GC(173) Humongous regions: 0->0
[2025-08-20T07:21:23.912+0000][1692535][info ][gc,metaspace] GC(173) Metaspace: 137927K(143744K)->137927K(143744K) NonClass: 119711K(123264K)->119711K(123264K) Class: 18215K(20480K)->18215K(20480K)
[2025-08-20T07:21:23.912+0000][1692535][info ][gc          ] GC(173) Pause Young (Normal) (G1 Evacuation Pause) 386M->86M(512M) 2.592ms
[2025-08-20T07:21:23.912+0000][1692535][info ][gc,cpu      ] GC(173) User=0.01s Sys=0.00s Real=0.00s
[2025-08-20T07:21:23.912+0000][1692535][info ][safepoint   ] Safepoint "G1CollectForAllocation", Time since last: 705290471657 ns, Reaching safepoint: 7952 ns, Cleanup: 3565 ns, At safepoint: 2625485 ns, Total: 2637002 ns
[2025-08-20T07:33:09.235+0000][1692535][info ][gc,start    ] GC(174) Pause Young (Concurrent Start) (G1 Evacuation Pause)
[2025-08-20T07:33:09.235+0000][1692535][info ][gc,task     ] GC(174) Using 1 workers of 1 for evacuation
[2025-08-20T07:33:09.235+0000][1692535][debug][gc,age      ] GC(174) Desired survivor size 20971520 bytes, new threshold 15 (max threshold 15)
[2025-08-20T07:33:09.237+0000][1692535][info ][gc,phases   ] GC(174)   Pre Evacuate Collection Set: 0.0ms
[2025-08-20T07:33:09.237+0000][1692535][info ][gc,phases   ] GC(174)   Merge Heap Roots: 0.0ms
[2025-08-20T07:33:09.237+0000][1692535][info ][gc,phases   ] GC(174)   Evacuate Collection Set: 1.2ms
[2025-08-20T07:33:09.237+0000][1692535][info ][gc,phases   ] GC(174)   Post Evacuate Collection Set: 0.7ms
[2025-08-20T07:33:09.237+0000][1692535][info ][gc,phases   ] GC(174)   Other: 0.0ms
[2025-08-20T07:33:09.237+0000][1692535][trace][gc,age      ] GC(174) Age table with threshold 15 (max threshold 15)
[2025-08-20T07:33:09.237+0000][1692535][trace][gc,age      ] GC(174) - age   1:       9392 bytes,       9392 total
[2025-08-20T07:33:09.237+0000][1692535][trace][gc,age      ] GC(174) - age   5:        176 bytes,       9568 total
[2025-08-20T07:33:09.237+0000][1692535][trace][gc,age      ] GC(174) - age  10:        272 bytes,       9840 total
[2025-08-20T07:33:09.237+0000][1692535][trace][gc,age      ] GC(174) - age  12:         64 bytes,       9904 total
[2025-08-20T07:33:09.237+0000][1692535][trace][gc,age      ] GC(174) - age  14:      14056 bytes,      23960 total
[2025-08-20T07:33:09.237+0000][1692535][trace][gc,age      ] GC(174) - age  15:       1656 bytes,      25616 total
[2025-08-20T07:33:09.237+0000][1692535][info ][gc,heap     ] GC(174) Eden regions: 75->0(75)
[2025-08-20T07:33:09.237+0000][1692535][info ][gc,heap     ] GC(174) Survivor regions: 1->1(10)
[2025-08-20T07:33:09.237+0000][1692535][info ][gc,heap     ] GC(174) Old regions: 22->22
[2025-08-20T07:33:09.237+0000][1692535][info ][gc,heap     ] GC(174) Humongous regions: 0->0
[2025-08-20T07:33:09.237+0000][1692535][info ][gc,metaspace] GC(174) Metaspace: 137927K(143744K)->137927K(143744K) NonClass: 119711K(123264K)->119711K(123264K) Class: 18215K(20480K)->18215K(20480K)
[2025-08-20T07:33:09.237+0000][1692535][info ][gc          ] GC(174) Pause Young (Concurrent Start) (G1 Evacuation Pause) 386M->86M(512M) 2.323ms
[2025-08-20T07:33:09.237+0000][1692535][info ][gc,cpu      ] GC(174) User=0.00s Sys=0.00s Real=0.01s
[2025-08-20T07:33:09.237+0000][1692535][info ][safepoint   ] Safepoint "G1CollectForAllocation", Time since last: 705322792435 ns, Reaching safepoint: 6861 ns, Cleanup: 3445 ns, At safepoint: 2359192 ns, Total: 2369498 ns
[2025-08-20T07:33:09.243+0000][1692535][info ][gc          ] GC(175) Concurrent Mark Cycle
[2025-08-20T07:33:09.243+0000][1692535][info ][gc,marking  ] GC(175) Concurrent Scan Root Regions
[2025-08-20T07:33:09.244+0000][1692535][info ][gc,marking  ] GC(175) Concurrent Scan Root Regions 0.401ms
[2025-08-20T07:33:09.244+0000][1692535][info ][gc,marking  ] GC(175) Concurrent Mark
[2025-08-20T07:33:09.244+0000][1692535][info ][gc,marking  ] GC(175) Concurrent Mark From Roots
[2025-08-20T07:33:09.244+0000][1692535][info ][gc,task     ] GC(175) Using 1 workers of 1 for marking
[2025-08-20T07:33:09.344+0000][1692535][info ][gc,marking  ] GC(175) Concurrent Mark From Roots 100.100ms
[2025-08-20T07:33:09.344+0000][1692535][info ][gc,marking  ] GC(175) Concurrent Preclean
[2025-08-20T07:33:09.344+0000][1692535][info ][gc,marking  ] GC(175) Concurrent Preclean 0.217ms
[2025-08-20T07:33:09.344+0000][1692535][info ][gc,start    ] GC(175) Pause Remark
[2025-08-20T07:33:09.347+0000][1692535][info ][gc          ] GC(175) Pause Remark 87M->87M(512M) 3.123ms
[2025-08-20T07:33:09.347+0000][1692535][info ][gc,cpu      ] GC(175) User=0.00s Sys=0.00s Real=0.01s
[2025-08-20T07:33:09.347+0000][1692535][info ][safepoint   ] Safepoint "G1PauseRemark", Time since last: 106871688 ns, Reaching safepoint: 4637 ns, Cleanup: 2063 ns, At safepoint: 3161374 ns, Total: 3168074 ns
[2025-08-20T07:33:09.347+0000][1692535][info ][gc,marking  ] GC(175) Concurrent Mark 103.560ms
[2025-08-20T07:33:09.347+0000][1692535][info ][gc,marking  ] GC(175) Concurrent Rebuild Remembered Sets and Scrub Regions
[2025-08-20T07:33:09.401+0000][1692535][info ][gc,marking  ] GC(175) Concurrent Rebuild Remembered Sets and Scrub Regions 53.536ms
[2025-08-20T07:33:09.401+0000][1692535][info ][gc,start    ] GC(175) Pause Cleanup
[2025-08-20T07:33:09.401+0000][1692535][info ][gc          ] GC(175) Pause Cleanup 87M->87M(512M) 0.033ms
[2025-08-20T07:33:09.401+0000][1692535][info ][gc,cpu      ] GC(175) User=0.00s Sys=0.00s Real=0.00s
[2025-08-20T07:33:09.401+0000][1692535][info ][safepoint   ] Safepoint "G1PauseCleanup", Time since last: 53586246 ns, Reaching safepoint: 3565 ns, Cleanup: 1172 ns, At safepoint: 60351 ns, Total: 65088 ns
[2025-08-20T07:33:09.401+0000][1692535][info ][gc,marking  ] GC(175) Concurrent Clear Claimed Marks
[2025-08-20T07:33:09.401+0000][1692535][info ][gc,marking  ] GC(175) Concurrent Clear Claimed Marks 0.149ms
[2025-08-20T07:33:09.401+0000][1692535][info ][gc,marking  ] GC(175) Concurrent Cleanup for Next Mark
[2025-08-20T07:33:09.401+0000][1692535][info ][gc,marking  ] GC(175) Concurrent Cleanup for Next Mark 0.253ms
[2025-08-20T07:33:09.401+0000][1692535][info ][gc          ] GC(175) Concurrent Mark Cycle 158.043ms
[2025-08-20T07:33:29.402+0000][1692535][info ][safepoint   ] Safepoint "Cleanup", Time since last: 20001173028 ns, Reaching safepoint: 32389 ns, Cleanup: 10135 ns, At safepoint: 2073 ns, Total: 44597 ns
[2025-08-20T07:37:29.416+0000][1692535][info ][safepoint   ] Safepoint "Cleanup", Time since last: 240014185128 ns, Reaching safepoint: 38158 ns, Cleanup: 10956 ns, At safepoint: 4878 ns, Total: 53992 ns
[2025-08-20T07:38:25.421+0000][1692535][info ][safepoint   ] Safepoint "Cleanup", Time since last: 56003993941 ns, Reaching safepoint: 66450 ns, Cleanup: 5919 ns, At safepoint: 180833 ns, Total: 253202 ns
[2025-08-20T07:44:54.606+0000][1692535][info ][gc,start    ] GC(176) Pause Young (Normal) (G1 Evacuation Pause)
[2025-08-20T07:44:54.606+0000][1692535][info ][gc,task     ] GC(176) Using 1 workers of 1 for evacuation
[2025-08-20T07:44:54.606+0000][1692535][debug][gc,age      ] GC(176) Desired survivor size 20971520 bytes, new threshold 15 (max threshold 15)
[2025-08-20T07:44:54.609+0000][1692535][info ][gc,phases   ] GC(176)   Pre Evacuate Collection Set: 0.1ms
[2025-08-20T07:44:54.609+0000][1692535][info ][gc,phases   ] GC(176)   Merge Heap Roots: 0.0ms
[2025-08-20T07:44:54.609+0000][1692535][info ][gc,phases   ] GC(176)   Evacuate Collection Set: 1.3ms
[2025-08-20T07:44:54.609+0000][1692535][info ][gc,phases   ] GC(176)   Post Evacuate Collection Set: 0.9ms
[2025-08-20T07:44:54.609+0000][1692535][info ][gc,phases   ] GC(176)   Other: 0.0ms
[2025-08-20T07:44:54.609+0000][1692535][trace][gc,age      ] GC(176) Age table with threshold 15 (max threshold 15)
[2025-08-20T07:44:54.609+0000][1692535][trace][gc,age      ] GC(176) - age   1:      20168 bytes,      20168 total
[2025-08-20T07:44:54.609+0000][1692535][trace][gc,age      ] GC(176) - age   2:        176 bytes,      20344 total
[2025-08-20T07:44:54.609+0000][1692535][trace][gc,age      ] GC(176) - age  11:        272 bytes,      20616 total
[2025-08-20T07:44:54.609+0000][1692535][trace][gc,age      ] GC(176) - age  13:         64 bytes,      20680 total
[2025-08-20T07:44:54.609+0000][1692535][trace][gc,age      ] GC(176) - age  15:      14056 bytes,      34736 total
[2025-08-20T07:44:54.609+0000][1692535][info ][gc,heap     ] GC(176) Eden regions: 75->0(75)
[2025-08-20T07:44:54.609+0000][1692535][info ][gc,heap     ] GC(176) Survivor regions: 1->1(10)
[2025-08-20T07:44:54.609+0000][1692535][info ][gc,heap     ] GC(176) Old regions: 22->22
[2025-08-20T07:44:54.609+0000][1692535][info ][gc,heap     ] GC(176) Humongous regions: 0->0
[2025-08-20T07:44:54.609+0000][1692535][info ][gc,metaspace] GC(176) Metaspace: 137929K(143744K)->137929K(143744K) NonClass: 119713K(123264K)->119713K(123264K) Class: 18215K(20480K)->18215K(20480K)
[2025-08-20T07:44:54.609+0000][1692535][info ][gc          ] GC(176) Pause Young (Normal) (G1 Evacuation Pause) 386M->86M(512M) 2.948ms
[2025-08-20T07:44:54.609+0000][1692535][info ][gc,cpu      ] GC(176) User=0.00s Sys=0.00s Real=0.00s
[2025-08-20T07:44:54.609+0000][1692535][info ][safepoint   ] Safepoint "G1CollectForAllocation", Time since last: 389185089549 ns, Reaching safepoint: 7581 ns, Cleanup: 3846 ns, At safepoint: 2981732 ns, Total: 2993159 ns
[2025-08-20T07:47:00.616+0000][1692535][info ][safepoint   ] Safepoint "Cleanup", Time since last: 126007597437 ns, Reaching safepoint: 34712 ns, Cleanup: 10166 ns, At safepoint: 4396 ns, Total: 49274 ns
[2025-08-20T07:56:35.345+0000][1692535][info ][gc,start    ] GC(177) Pause Young (Concurrent Start) (G1 Evacuation Pause)
[2025-08-20T07:56:35.345+0000][1692535][info ][gc,task     ] GC(177) Using 1 workers of 1 for evacuation
[2025-08-20T07:56:35.345+0000][1692535][debug][gc,age      ] GC(177) Desired survivor size 20971520 bytes, new threshold 15 (max threshold 15)
[2025-08-20T07:56:35.348+0000][1692535][info ][gc,phases   ] GC(177)   Pre Evacuate Collection Set: 0.0ms
[2025-08-20T07:56:35.348+0000][1692535][info ][gc,phases   ] GC(177)   Merge Heap Roots: 0.0ms
[2025-08-20T07:56:35.348+0000][1692535][info ][gc,phases   ] GC(177)   Evacuate Collection Set: 1.2ms
[2025-08-20T07:56:35.348+0000][1692535][info ][gc,phases   ] GC(177)   Post Evacuate Collection Set: 1.9ms
[2025-08-20T07:56:35.348+0000][1692535][info ][gc,phases   ] GC(177)   Other: 0.0ms
[2025-08-20T07:56:35.348+0000][1692535][trace][gc,age      ] GC(177) Age table with threshold 15 (max threshold 15)
[2025-08-20T07:56:35.348+0000][1692535][trace][gc,age      ] GC(177) - age   1:      11048 bytes,      11048 total
[2025-08-20T07:56:35.348+0000][1692535][trace][gc,age      ] GC(177) - age   2:       2272 bytes,      13320 total
[2025-08-20T07:56:35.348+0000][1692535][trace][gc,age      ] GC(177) - age  12:        272 bytes,      13592 total
[2025-08-20T07:56:35.348+0000][1692535][trace][gc,age      ] GC(177) - age  14:         64 bytes,      13656 total
[2025-08-20T07:56:35.348+0000][1692535][info ][gc,heap     ] GC(177) Eden regions: 75->0(75)
[2025-08-20T07:56:35.348+0000][1692535][info ][gc,heap     ] GC(177) Survivor regions: 1->1(10)
[2025-08-20T07:56:35.348+0000][1692535][info ][gc,heap     ] GC(177) Old regions: 22->22
[2025-08-20T07:56:35.348+0000][1692535][info ][gc,heap     ] GC(177) Humongous regions: 0->0
[2025-08-20T07:56:35.348+0000][1692535][info ][gc,metaspace] GC(177) Metaspace: 137929K(143744K)->137929K(143744K) NonClass: 119713K(123264K)->119713K(123264K) Class: 18215K(20480K)->18215K(20480K)
[2025-08-20T07:56:35.348+0000][1692535][info ][gc          ] GC(177) Pause Young (Concurrent Start) (G1 Evacuation Pause) 386M->86M(512M) 3.426ms
[2025-08-20T07:56:35.348+0000][1692535][info ][gc,cpu      ] GC(177) User=0.00s Sys=0.00s Real=0.01s
[2025-08-20T07:56:35.348+0000][1692535][info ][safepoint   ] Safepoint "G1CollectForAllocation", Time since last: 574728529923 ns, Reaching safepoint: 8733 ns, Cleanup: 2444 ns, At safepoint: 3463530 ns, Total: 3474707 ns
[2025-08-20T07:56:35.355+0000][1692535][info ][gc          ] GC(178) Concurrent Mark Cycle
[2025-08-20T07:56:35.355+0000][1692535][info ][gc,marking  ] GC(178) Concurrent Scan Root Regions
[2025-08-20T07:56:35.356+0000][1692535][info ][gc,marking  ] GC(178) Concurrent Scan Root Regions 0.402ms
[2025-08-20T07:56:35.356+0000][1692535][info ][gc,marking  ] GC(178) Concurrent Mark
[2025-08-20T07:56:35.356+0000][1692535][info ][gc,marking  ] GC(178) Concurrent Mark From Roots
[2025-08-20T07:56:35.356+0000][1692535][info ][gc,task     ] GC(178) Using 1 workers of 1 for marking
[2025-08-20T07:56:35.458+0000][1692535][info ][gc,marking  ] GC(178) Concurrent Mark From Roots 102.272ms
[2025-08-20T07:56:35.458+0000][1692535][info ][gc,marking  ] GC(178) Concurrent Preclean
[2025-08-20T07:56:35.458+0000][1692535][info ][gc,marking  ] GC(178) Concurrent Preclean 0.238ms
[2025-08-20T07:56:35.458+0000][1692535][info ][gc,start    ] GC(178) Pause Remark
[2025-08-20T07:56:35.462+0000][1692535][info ][gc          ] GC(178) Pause Remark 86M->86M(512M) 3.214ms
[2025-08-20T07:56:35.462+0000][1692535][info ][gc,cpu      ] GC(178) User=0.00s Sys=0.00s Real=0.00s
[2025-08-20T07:56:35.462+0000][1692535][info ][safepoint   ] Safepoint "G1PauseRemark", Time since last: 109938464 ns, Reaching safepoint: 8413 ns, Cleanup: 3105 ns, At safepoint: 3254073 ns, Total: 3265591 ns
[2025-08-20T07:56:35.462+0000][1692535][info ][gc,marking  ] GC(178) Concurrent Mark 106.140ms
[2025-08-20T07:56:35.462+0000][1692535][info ][gc,marking  ] GC(178) Concurrent Rebuild Remembered Sets and Scrub Regions
[2025-08-20T07:56:35.502+0000][1692535][info ][gc,marking  ] GC(178) Concurrent Rebuild Remembered Sets and Scrub Regions 40.297ms
[2025-08-20T07:56:35.502+0000][1692535][info ][gc,start    ] GC(178) Pause Cleanup
[2025-08-20T07:56:35.502+0000][1692535][info ][gc          ] GC(178) Pause Cleanup 87M->87M(512M) 0.033ms
[2025-08-20T07:56:35.502+0000][1692535][info ][gc,cpu      ] GC(178) User=0.00s Sys=0.00s Real=0.00s
[2025-08-20T07:56:35.502+0000][1692535][info ][safepoint   ] Safepoint "G1PauseCleanup", Time since last: 40639154 ns, Reaching safepoint: 4006 ns, Cleanup: 1833 ns, At safepoint: 58719 ns, Total: 64558 ns
[2025-08-20T07:56:35.502+0000][1692535][info ][gc,marking  ] GC(178) Concurrent Clear Claimed Marks
[2025-08-20T07:56:35.502+0000][1692535][info ][gc,marking  ] GC(178) Concurrent Clear Claimed Marks 0.125ms
[2025-08-20T07:56:35.502+0000][1692535][info ][gc,marking  ] GC(178) Concurrent Cleanup for Next Mark
[2025-08-20T07:56:35.516+0000][1692535][info ][gc,marking  ] GC(178) Concurrent Cleanup for Next Mark 13.131ms
[2025-08-20T07:56:35.516+0000][1692535][info ][gc          ] GC(178) Concurrent Mark Cycle 160.241ms
[2025-08-20T08:08:20.914+0000][1692535][info ][gc,start    ] GC(179) Pause Young (Normal) (G1 Evacuation Pause)
[2025-08-20T08:08:20.914+0000][1692535][info ][gc,task     ] GC(179) Using 1 workers of 1 for evacuation
[2025-08-20T08:08:20.914+0000][1692535][debug][gc,age      ] GC(179) Desired survivor size 20971520 bytes, new threshold 15 (max threshold 15)
[2025-08-20T08:08:20.917+0000][1692535][info ][gc,phases   ] GC(179)   Pre Evacuate Collection Set: 0.0ms
[2025-08-20T08:08:20.917+0000][1692535][info ][gc,phases   ] GC(179)   Merge Heap Roots: 0.0ms
[2025-08-20T08:08:20.917+0000][1692535][info ][gc,phases   ] GC(179)   Evacuate Collection Set: 1.3ms
[2025-08-20T08:08:20.917+0000][1692535][info ][gc,phases   ] GC(179)   Post Evacuate Collection Set: 2.0ms
[2025-08-20T08:08:20.917+0000][1692535][info ][gc,phases   ] GC(179)   Other: 0.0ms
[2025-08-20T08:08:20.917+0000][1692535][trace][gc,age      ] GC(179) Age table with threshold 15 (max threshold 15)
[2025-08-20T08:08:20.917+0000][1692535][trace][gc,age      ] GC(179) - age   1:      10936 bytes,      10936 total
[2025-08-20T08:08:20.917+0000][1692535][trace][gc,age      ] GC(179) - age   2:        168 bytes,      11104 total
[2025-08-20T08:08:20.917+0000][1692535][trace][gc,age      ] GC(179) - age   3:       2096 bytes,      13200 total
[2025-08-20T08:08:20.917+0000][1692535][trace][gc,age      ] GC(179) - age  13:        272 bytes,      13472 total
[2025-08-20T08:08:20.917+0000][1692535][trace][gc,age      ] GC(179) - age  15:         64 bytes,      13536 total
[2025-08-20T08:08:20.917+0000][1692535][info ][gc,heap     ] GC(179) Eden regions: 75->0(75)
[2025-08-20T08:08:20.917+0000][1692535][info ][gc,heap     ] GC(179) Survivor regions: 1->1(10)
[2025-08-20T08:08:20.917+0000][1692535][info ][gc,heap     ] GC(179) Old regions: 22->22
[2025-08-20T08:08:20.917+0000][1692535][info ][gc,heap     ] GC(179) Humongous regions: 0->0
[2025-08-20T08:08:20.917+0000][1692535][info ][gc,metaspace] GC(179) Metaspace: 137929K(143744K)->137929K(143744K) NonClass: 119713K(123264K)->119713K(123264K) Class: 18215K(20480K)->18215K(20480K)
[2025-08-20T08:08:20.917+0000][1692535][info ][gc          ] GC(179) Pause Young (Normal) (G1 Evacuation Pause) 386M->86M(512M) 3.763ms
[2025-08-20T08:08:20.917+0000][1692535][info ][gc,cpu      ] GC(179) User=0.00s Sys=0.00s Real=0.01s
[2025-08-20T08:08:20.917+0000][1692535][info ][safepoint   ] Safepoint "G1CollectForAllocation", Time since last: 705411256681 ns, Reaching safepoint: 7632 ns, Cleanup: 2624 ns, At safepoint: 3798545 ns, Total: 3808801 ns
[2025-08-20T08:14:00.937+0000][1692535][info ][safepoint   ] Safepoint "Cleanup", Time since last: 340019963129 ns, Reaching safepoint: 72630 ns, Cleanup: 10215 ns, At safepoint: 6520 ns, Total: 89365 ns
[2025-08-20T08:20:06.494+0000][1692535][info ][gc,start    ] GC(180) Pause Young (Concurrent Start) (G1 Evacuation Pause)
[2025-08-20T08:20:06.494+0000][1692535][info ][gc,task     ] GC(180) Using 1 workers of 1 for evacuation
[2025-08-20T08:20:06.494+0000][1692535][debug][gc,age      ] GC(180) Desired survivor size 20971520 bytes, new threshold 15 (max threshold 15)
[2025-08-20T08:20:06.497+0000][1692535][info ][gc,phases   ] GC(180)   Pre Evacuate Collection Set: 0.0ms
[2025-08-20T08:20:06.497+0000][1692535][info ][gc,phases   ] GC(180)   Merge Heap Roots: 0.0ms
[2025-08-20T08:20:06.497+0000][1692535][info ][gc,phases   ] GC(180)   Evacuate Collection Set: 1.2ms
[2025-08-20T08:20:06.497+0000][1692535][info ][gc,phases   ] GC(180)   Post Evacuate Collection Set: 2.0ms
[2025-08-20T08:20:06.497+0000][1692535][info ][gc,phases   ] GC(180)   Other: 0.0ms
[2025-08-20T08:20:06.497+0000][1692535][trace][gc,age      ] GC(180) Age table with threshold 15 (max threshold 15)
[2025-08-20T08:20:06.497+0000][1692535][trace][gc,age      ] GC(180) - age   1:      11200 bytes,      11200 total
[2025-08-20T08:20:06.497+0000][1692535][trace][gc,age      ] GC(180) - age   3:        168 bytes,      11368 total
[2025-08-20T08:20:06.497+0000][1692535][trace][gc,age      ] GC(180) - age   4:       2096 bytes,      13464 total
[2025-08-20T08:20:06.497+0000][1692535][trace][gc,age      ] GC(180) - age  14:        272 bytes,      13736 total
[2025-08-20T08:20:06.497+0000][1692535][info ][gc,heap     ] GC(180) Eden regions: 75->0(75)
[2025-08-20T08:20:06.497+0000][1692535][info ][gc,heap     ] GC(180) Survivor regions: 1->1(10)
[2025-08-20T08:20:06.497+0000][1692535][info ][gc,heap     ] GC(180) Old regions: 22->22
[2025-08-20T08:20:06.497+0000][1692535][info ][gc,heap     ] GC(180) Humongous regions: 0->0
[2025-08-20T08:20:06.497+0000][1692535][info ][gc,metaspace] GC(180) Metaspace: 137929K(143744K)->137929K(143744K) NonClass: 119713K(123264K)->119713K(123264K) Class: 18215K(20480K)->18215K(20480K)
[2025-08-20T08:20:06.497+0000][1692535][info ][gc          ] GC(180) Pause Young (Concurrent Start) (G1 Evacuation Pause) 386M->86M(512M) 3.555ms
[2025-08-20T08:20:06.497+0000][1692535][info ][gc,cpu      ] GC(180) User=0.00s Sys=0.00s Real=0.01s
[2025-08-20T08:20:06.497+0000][1692535][info ][safepoint   ] Safepoint "G1CollectForAllocation", Time since last: 365556346866 ns, Reaching safepoint: 7432 ns, Cleanup: 2684 ns, At safepoint: 3592003 ns, Total: 3602119 ns
[2025-08-20T08:20:06.504+0000][1692535][info ][gc          ] GC(181) Concurrent Mark Cycle
[2025-08-20T08:20:06.504+0000][1692535][info ][gc,marking  ] GC(181) Concurrent Scan Root Regions
[2025-08-20T08:20:06.505+0000][1692535][info ][gc,marking  ] GC(181) Concurrent Scan Root Regions 0.419ms
[2025-08-20T08:20:06.505+0000][1692535][info ][gc,marking  ] GC(181) Concurrent Mark
[2025-08-20T08:20:06.505+0000][1692535][info ][gc,marking  ] GC(181) Concurrent Mark From Roots
[2025-08-20T08:20:06.505+0000][1692535][info ][gc,task     ] GC(181) Using 1 workers of 1 for marking
[2025-08-20T08:20:06.601+0000][1692535][info ][gc,marking  ] GC(181) Concurrent Mark From Roots 95.916ms
[2025-08-20T08:20:06.601+0000][1692535][info ][gc,marking  ] GC(181) Concurrent Preclean
[2025-08-20T08:20:06.601+0000][1692535][info ][gc,marking  ] GC(181) Concurrent Preclean 0.228ms
[2025-08-20T08:20:06.601+0000][1692535][info ][gc,start    ] GC(181) Pause Remark
[2025-08-20T08:20:06.604+0000][1692535][info ][gc          ] GC(181) Pause Remark 86M->86M(512M) 3.233ms
[2025-08-20T08:20:06.604+0000][1692535][info ][gc,cpu      ] GC(181) User=0.00s Sys=0.00s Real=0.00s
[2025-08-20T08:20:06.604+0000][1692535][info ][safepoint   ] Safepoint "G1PauseRemark", Time since last: 103630338 ns, Reaching safepoint: 5077 ns, Cleanup: 2895 ns, At safepoint: 3273563 ns, Total: 3281535 ns
[2025-08-20T08:20:06.604+0000][1692535][info ][gc,marking  ] GC(181) Concurrent Mark 99.518ms
[2025-08-20T08:20:06.604+0000][1692535][info ][gc,marking  ] GC(181) Concurrent Rebuild Remembered Sets and Scrub Regions
[2025-08-20T08:20:06.651+0000][1692535][info ][gc,marking  ] GC(181) Concurrent Rebuild Remembered Sets and Scrub Regions 47.179ms
[2025-08-20T08:20:06.652+0000][1692535][info ][gc,start    ] GC(181) Pause Cleanup
[2025-08-20T08:20:06.652+0000][1692535][info ][gc          ] GC(181) Pause Cleanup 86M->86M(512M) 0.033ms
[2025-08-20T08:20:06.652+0000][1692535][info ][gc,cpu      ] GC(181) User=0.00s Sys=0.00s Real=0.00s
[2025-08-20T08:20:06.652+0000][1692535][info ][safepoint   ] Safepoint "G1PauseCleanup", Time since last: 47231186 ns, Reaching safepoint: 3796 ns, Cleanup: 1392 ns, At safepoint: 57267 ns, Total: 62455 ns
[2025-08-20T08:20:06.652+0000][1692535][info ][gc,marking  ] GC(181) Concurrent Clear Claimed Marks
[2025-08-20T08:20:06.652+0000][1692535][info ][gc,marking  ] GC(181) Concurrent Clear Claimed Marks 0.114ms
[2025-08-20T08:20:06.652+0000][1692535][info ][gc,marking  ] GC(181) Concurrent Cleanup for Next Mark
[2025-08-20T08:20:06.658+0000][1692535][info ][gc,marking  ] GC(181) Concurrent Cleanup for Next Mark 5.796ms
[2025-08-20T08:20:06.658+0000][1692535][info ][gc          ] GC(181) Concurrent Mark Cycle 153.167ms
[2025-08-20T08:30:01.687+0000][1692535][info ][safepoint   ] Safepoint "Cleanup", Time since last: 595035183502 ns, Reaching safepoint: 40451 ns, Cleanup: 10136 ns, At safepoint: 4877 ns, Total: 55464 ns
[2025-08-20T08:31:31.693+0000][1692535][info ][safepoint   ] Safepoint "Cleanup", Time since last: 90005659447 ns, Reaching safepoint: 43686 ns, Cleanup: 10486 ns, At safepoint: 5057 ns, Total: 59229 ns
[2025-08-20T08:31:52.048+0000][1692535][info ][gc,start    ] GC(182) Pause Young (Normal) (G1 Evacuation Pause)
[2025-08-20T08:31:52.048+0000][1692535][info ][gc,task     ] GC(182) Using 1 workers of 1 for evacuation
[2025-08-20T08:31:52.048+0000][1692535][debug][gc,age      ] GC(182) Desired survivor size 20971520 bytes, new threshold 15 (max threshold 15)
[2025-08-20T08:31:52.050+0000][1692535][info ][gc,phases   ] GC(182)   Pre Evacuate Collection Set: 0.0ms
[2025-08-20T08:31:52.050+0000][1692535][info ][gc,phases   ] GC(182)   Merge Heap Roots: 0.0ms
[2025-08-20T08:31:52.050+0000][1692535][info ][gc,phases   ] GC(182)   Evacuate Collection Set: 1.3ms
[2025-08-20T08:31:52.050+0000][1692535][info ][gc,phases   ] GC(182)   Post Evacuate Collection Set: 1.0ms
[2025-08-20T08:31:52.050+0000][1692535][info ][gc,phases   ] GC(182)   Other: 0.0ms
[2025-08-20T08:31:52.050+0000][1692535][trace][gc,age      ] GC(182) Age table with threshold 15 (max threshold 15)
[2025-08-20T08:31:52.050+0000][1692535][trace][gc,age      ] GC(182) - age   1:      11064 bytes,      11064 total
[2025-08-20T08:31:52.050+0000][1692535][trace][gc,age      ] GC(182) - age   2:        344 bytes,      11408 total
[2025-08-20T08:31:52.050+0000][1692535][trace][gc,age      ] GC(182) - age   4:        168 bytes,      11576 total
[2025-08-20T08:31:52.050+0000][1692535][trace][gc,age      ] GC(182) - age   5:       2096 bytes,      13672 total
[2025-08-20T08:31:52.050+0000][1692535][trace][gc,age      ] GC(182) - age  15:        272 bytes,      13944 total
[2025-08-20T08:31:52.050+0000][1692535][info ][gc,heap     ] GC(182) Eden regions: 75->0(75)
[2025-08-20T08:31:52.050+0000][1692535][info ][gc,heap     ] GC(182) Survivor regions: 1->1(10)
[2025-08-20T08:31:52.050+0000][1692535][info ][gc,heap     ] GC(182) Old regions: 22->22
[2025-08-20T08:31:52.050+0000][1692535][info ][gc,heap     ] GC(182) Humongous regions: 0->0
[2025-08-20T08:31:52.050+0000][1692535][info ][gc,metaspace] GC(182) Metaspace: 137929K(143744K)->137929K(143744K) NonClass: 119713K(123264K)->119713K(123264K) Class: 18215K(20480K)->18215K(20480K)
[2025-08-20T08:31:52.050+0000][1692535][info ][gc          ] GC(182) Pause Young (Normal) (G1 Evacuation Pause) 386M->86M(512M) 2.544ms
[2025-08-20T08:31:52.050+0000][1692535][info ][gc,cpu      ] GC(182) User=0.01s Sys=0.00s Real=0.00s
[2025-08-20T08:31:52.050+0000][1692535][info ][safepoint   ] Safepoint "G1CollectForAllocation", Time since last: 20355221467 ns, Reaching safepoint: 7892 ns, Cleanup: 3435 ns, At safepoint: 2580847 ns, Total: 2592174 ns
[2025-08-20T08:43:37.630+0000][1692535][info ][gc,start    ] GC(183) Pause Young (Concurrent Start) (G1 Evacuation Pause)
[2025-08-20T08:43:37.630+0000][1692535][info ][gc,task     ] GC(183) Using 1 workers of 1 for evacuation
[2025-08-20T08:43:37.630+0000][1692535][debug][gc,age      ] GC(183) Desired survivor size 20971520 bytes, new threshold 15 (max threshold 15)
[2025-08-20T08:43:37.633+0000][1692535][info ][gc,phases   ] GC(183)   Pre Evacuate Collection Set: 0.0ms
[2025-08-20T08:43:37.633+0000][1692535][info ][gc,phases   ] GC(183)   Merge Heap Roots: 0.0ms
[2025-08-20T08:43:37.633+0000][1692535][info ][gc,phases   ] GC(183)   Evacuate Collection Set: 1.2ms
[2025-08-20T08:43:37.633+0000][1692535][info ][gc,phases   ] GC(183)   Post Evacuate Collection Set: 1.9ms
[2025-08-20T08:43:37.633+0000][1692535][info ][gc,phases   ] GC(183)   Other: 0.0ms
[2025-08-20T08:43:37.633+0000][1692535][trace][gc,age      ] GC(183) Age table with threshold 15 (max threshold 15)
[2025-08-20T08:43:37.633+0000][1692535][trace][gc,age      ] GC(183) - age   1:       9520 bytes,       9520 total
[2025-08-20T08:43:37.633+0000][1692535][trace][gc,age      ] GC(183) - age   2:        360 bytes,       9880 total
[2025-08-20T08:43:37.633+0000][1692535][trace][gc,age      ] GC(183) - age   3:        168 bytes,      10048 total
[2025-08-20T08:43:37.633+0000][1692535][trace][gc,age      ] GC(183) - age   5:        168 bytes,      10216 total
[2025-08-20T08:43:37.633+0000][1692535][trace][gc,age      ] GC(183) - age   6:       2096 bytes,      12312 total
[2025-08-20T08:43:37.633+0000][1692535][info ][gc,heap     ] GC(183) Eden regions: 75->0(75)
[2025-08-20T08:43:37.633+0000][1692535][info ][gc,heap     ] GC(183) Survivor regions: 1->1(10)
[2025-08-20T08:43:37.633+0000][1692535][info ][gc,heap     ] GC(183) Old regions: 22->22
[2025-08-20T08:43:37.633+0000][1692535][info ][gc,heap     ] GC(183) Humongous regions: 0->0
[2025-08-20T08:43:37.633+0000][1692535][info ][gc,metaspace] GC(183) Metaspace: 137929K(143744K)->137929K(143744K) NonClass: 119713K(123264K)->119713K(123264K) Class: 18215K(20480K)->18215K(20480K)
[2025-08-20T08:43:37.633+0000][1692535][info ][gc          ] GC(183) Pause Young (Concurrent Start) (G1 Evacuation Pause) 386M->86M(512M) 3.399ms
[2025-08-20T08:43:37.633+0000][1692535][info ][gc,cpu      ] GC(183) User=0.00s Sys=0.00s Real=0.00s
[2025-08-20T08:43:37.633+0000][1692535][info ][safepoint   ] Safepoint "G1CollectForAllocation", Time since last: 705579451543 ns, Reaching safepoint: 7361 ns, Cleanup: 3245 ns, At safepoint: 3437160 ns, Total: 3447766 ns
[2025-08-20T08:43:37.639+0000][1692535][info ][gc          ] GC(184) Concurrent Mark Cycle
[2025-08-20T08:43:37.639+0000][1692535][info ][gc,marking  ] GC(184) Concurrent Scan Root Regions
[2025-08-20T08:43:37.640+0000][1692535][info ][gc,marking  ] GC(184) Concurrent Scan Root Regions 0.396ms
[2025-08-20T08:43:37.640+0000][1692535][info ][gc,marking  ] GC(184) Concurrent Mark
[2025-08-20T08:43:37.640+0000][1692535][info ][gc,marking  ] GC(184) Concurrent Mark From Roots
[2025-08-20T08:43:37.640+0000][1692535][info ][gc,task     ] GC(184) Using 1 workers of 1 for marking
[2025-08-20T08:43:37.737+0000][1692535][info ][gc,marking  ] GC(184) Concurrent Mark From Roots 97.080ms
[2025-08-20T08:43:37.737+0000][1692535][info ][gc,marking  ] GC(184) Concurrent Preclean
[2025-08-20T08:43:37.737+0000][1692535][info ][gc,marking  ] GC(184) Concurrent Preclean 0.220ms
[2025-08-20T08:43:37.737+0000][1692535][info ][gc,start    ] GC(184) Pause Remark
[2025-08-20T08:43:37.740+0000][1692535][info ][gc          ] GC(184) Pause Remark 86M->86M(512M) 3.180ms
[2025-08-20T08:43:37.740+0000][1692535][info ][gc,cpu      ] GC(184) User=0.00s Sys=0.00s Real=0.00s
[2025-08-20T08:43:37.740+0000][1692535][info ][safepoint   ] Safepoint "G1PauseRemark", Time since last: 103862279 ns, Reaching safepoint: 4677 ns, Cleanup: 2675 ns, At safepoint: 3223978 ns, Total: 3231330 ns
[2025-08-20T08:43:37.740+0000][1692535][info ][gc,marking  ] GC(184) Concurrent Mark 100.602ms
[2025-08-20T08:43:37.740+0000][1692535][info ][gc,marking  ] GC(184) Concurrent Rebuild Remembered Sets and Scrub Regions
[2025-08-20T08:43:37.785+0000][1692535][info ][gc,marking  ] GC(184) Concurrent Rebuild Remembered Sets and Scrub Regions 44.183ms
[2025-08-20T08:43:37.785+0000][1692535][info ][gc,start    ] GC(184) Pause Cleanup
[2025-08-20T08:43:37.785+0000][1692535][info ][gc          ] GC(184) Pause Cleanup 86M->86M(512M) 0.032ms
[2025-08-20T08:43:37.785+0000][1692535][info ][gc,cpu      ] GC(184) User=0.00s Sys=0.00s Real=0.00s
[2025-08-20T08:43:37.785+0000][1692535][info ][safepoint   ] Safepoint "G1PauseCleanup", Time since last: 44231979 ns, Reaching safepoint: 3605 ns, Cleanup: 982 ns, At safepoint: 55273 ns, Total: 59860 ns
[2025-08-20T08:43:37.785+0000][1692535][info ][gc,marking  ] GC(184) Concurrent Clear Claimed Marks
[2025-08-20T08:43:37.785+0000][1692535][info ][gc,marking  ] GC(184) Concurrent Clear Claimed Marks 0.140ms
[2025-08-20T08:43:37.785+0000][1692535][info ][gc,marking  ] GC(184) Concurrent Cleanup for Next Mark
[2025-08-20T08:43:37.793+0000][1692535][info ][gc,marking  ] GC(184) Concurrent Cleanup for Next Mark 7.813ms
[2025-08-20T08:43:37.793+0000][1692535][info ][gc          ] GC(184) Concurrent Mark Cycle 153.274ms
[2025-08-20T08:55:23.355+0000][1692535][info ][gc,start    ] GC(185) Pause Young (Normal) (G1 Evacuation Pause)
[2025-08-20T08:55:23.355+0000][1692535][info ][gc,task     ] GC(185) Using 1 workers of 1 for evacuation
[2025-08-20T08:55:23.355+0000][1692535][debug][gc,age      ] GC(185) Desired survivor size 20971520 bytes, new threshold 15 (max threshold 15)
[2025-08-20T08:55:23.358+0000][1692535][info ][gc,phases   ] GC(185)   Pre Evacuate Collection Set: 0.0ms
[2025-08-20T08:55:23.358+0000][1692535][info ][gc,phases   ] GC(185)   Merge Heap Roots: 0.0ms
[2025-08-20T08:55:23.358+0000][1692535][info ][gc,phases   ] GC(185)   Evacuate Collection Set: 1.3ms
[2025-08-20T08:55:23.358+0000][1692535][info ][gc,phases   ] GC(185)   Post Evacuate Collection Set: 1.3ms
[2025-08-20T08:55:23.358+0000][1692535][info ][gc,phases   ] GC(185)   Other: 0.0ms
[2025-08-20T08:55:23.358+0000][1692535][trace][gc,age      ] GC(185) Age table with threshold 15 (max threshold 15)
[2025-08-20T08:55:23.358+0000][1692535][trace][gc,age      ] GC(185) - age   1:       9744 bytes,       9744 total
[2025-08-20T08:55:23.358+0000][1692535][trace][gc,age      ] GC(185) - age   3:        184 bytes,       9928 total
[2025-08-20T08:55:23.358+0000][1692535][trace][gc,age      ] GC(185) - age   4:        168 bytes,      10096 total
[2025-08-20T08:55:23.358+0000][1692535][trace][gc,age      ] GC(185) - age   6:        168 bytes,      10264 total
[2025-08-20T08:55:23.358+0000][1692535][trace][gc,age      ] GC(185) - age   7:       1920 bytes,      12184 total
[2025-08-20T08:55:23.358+0000][1692535][info ][gc,heap     ] GC(185) Eden regions: 75->0(75)
[2025-08-20T08:55:23.358+0000][1692535][info ][gc,heap     ] GC(185) Survivor regions: 1->1(10)
[2025-08-20T08:55:23.358+0000][1692535][info ][gc,heap     ] GC(185) Old regions: 22->22
[2025-08-20T08:55:23.358+0000][1692535][info ][gc,heap     ] GC(185) Humongous regions: 0->0
[2025-08-20T08:55:23.358+0000][1692535][info ][gc,metaspace] GC(185) Metaspace: 137929K(143744K)->137929K(143744K) NonClass: 119713K(123264K)->119713K(123264K) Class: 18215K(20480K)->18215K(20480K)
[2025-08-20T08:55:23.358+0000][1692535][info ][gc          ] GC(185) Pause Young (Normal) (G1 Evacuation Pause) 386M->86M(512M) 3.066ms
[2025-08-20T08:55:23.358+0000][1692535][info ][gc,cpu      ] GC(185) User=0.00s Sys=0.00s Real=0.01s
[2025-08-20T08:55:23.358+0000][1692535][info ][safepoint   ] Safepoint "G1CollectForAllocation", Time since last: 705570426962 ns, Reaching safepoint: 8803 ns, Cleanup: 4326 ns, At safepoint: 3103567 ns, Total: 3116696 ns
[2025-08-20T09:07:09.183+0000][1692535][info ][gc,start    ] GC(186) Pause Young (Concurrent Start) (G1 Evacuation Pause)
[2025-08-20T09:07:09.184+0000][1692535][info ][gc,task     ] GC(186) Using 1 workers of 1 for evacuation
[2025-08-20T09:07:09.184+0000][1692535][debug][gc,age      ] GC(186) Desired survivor size 20971520 bytes, new threshold 15 (max threshold 15)
[2025-08-20T09:07:09.186+0000][1692535][info ][gc,phases   ] GC(186)   Pre Evacuate Collection Set: 0.0ms
[2025-08-20T09:07:09.186+0000][1692535][info ][gc,phases   ] GC(186)   Merge Heap Roots: 0.0ms
[2025-08-20T09:07:09.186+0000][1692535][info ][gc,phases   ] GC(186)   Evacuate Collection Set: 1.1ms
[2025-08-20T09:07:09.186+0000][1692535][info ][gc,phases   ] GC(186)   Post Evacuate Collection Set: 0.7ms
[2025-08-20T09:07:09.186+0000][1692535][info ][gc,phases   ] GC(186)   Other: 0.0ms
[2025-08-20T09:07:09.186+0000][1692535][trace][gc,age      ] GC(186) Age table with threshold 15 (max threshold 15)
[2025-08-20T09:07:09.186+0000][1692535][trace][gc,age      ] GC(186) - age   1:       9448 bytes,       9448 total
[2025-08-20T09:07:09.186+0000][1692535][trace][gc,age      ] GC(186) - age   2:        240 bytes,       9688 total
[2025-08-20T09:07:09.186+0000][1692535][trace][gc,age      ] GC(186) - age   4:        184 bytes,       9872 total
[2025-08-20T09:07:09.186+0000][1692535][trace][gc,age      ] GC(186) - age   5:        168 bytes,      10040 total
[2025-08-20T09:07:09.186+0000][1692535][trace][gc,age      ] GC(186) - age   7:        168 bytes,      10208 total
[2025-08-20T09:07:09.186+0000][1692535][trace][gc,age      ] GC(186) - age   8:       1920 bytes,      12128 total
[2025-08-20T09:07:09.186+0000][1692535][info ][gc,heap     ] GC(186) Eden regions: 75->0(75)
[2025-08-20T09:07:09.186+0000][1692535][info ][gc,heap     ] GC(186) Survivor regions: 1->1(10)
[2025-08-20T09:07:09.186+0000][1692535][info ][gc,heap     ] GC(186) Old regions: 22->22
[2025-08-20T09:07:09.186+0000][1692535][info ][gc,heap     ] GC(186) Humongous regions: 0->0
[2025-08-20T09:07:09.186+0000][1692535][info ][gc,metaspace] GC(186) Metaspace: 137929K(143744K)->137929K(143744K) NonClass: 119713K(123264K)->119713K(123264K) Class: 18215K(20480K)->18215K(20480K)
[2025-08-20T09:07:09.186+0000][1692535][info ][gc          ] GC(186) Pause Young (Concurrent Start) (G1 Evacuation Pause) 386M->86M(512M) 2.359ms
[2025-08-20T09:07:09.186+0000][1692535][info ][gc,cpu      ] GC(186) User=0.00s Sys=0.00s Real=0.01s
[2025-08-20T09:07:09.186+0000][1692535][info ][safepoint   ] Safepoint "G1CollectForAllocation", Time since last: 705825140645 ns, Reaching safepoint: 8082 ns, Cleanup: 3706 ns, At safepoint: 2400364 ns, Total: 2412152 ns
[2025-08-20T09:07:09.191+0000][1692535][info ][gc          ] GC(187) Concurrent Mark Cycle
[2025-08-20T09:07:09.191+0000][1692535][info ][gc,marking  ] GC(187) Concurrent Scan Root Regions
[2025-08-20T09:07:09.192+0000][1692535][info ][gc,marking  ] GC(187) Concurrent Scan Root Regions 0.464ms
[2025-08-20T09:07:09.192+0000][1692535][info ][gc,marking  ] GC(187) Concurrent Mark
[2025-08-20T09:07:09.192+0000][1692535][info ][gc,marking  ] GC(187) Concurrent Mark From Roots
[2025-08-20T09:07:09.192+0000][1692535][info ][gc,task     ] GC(187) Using 1 workers of 1 for marking
[2025-08-20T09:07:09.285+0000][1692535][info ][gc,marking  ] GC(187) Concurrent Mark From Roots 93.295ms
[2025-08-20T09:07:09.285+0000][1692535][info ][gc,marking  ] GC(187) Concurrent Preclean
[2025-08-20T09:07:09.285+0000][1692535][info ][gc,marking  ] GC(187) Concurrent Preclean 0.258ms
[2025-08-20T09:07:09.285+0000][1692535][info ][gc,start    ] GC(187) Pause Remark
[2025-08-20T09:07:09.289+0000][1692535][info ][gc          ] GC(187) Pause Remark 86M->86M(512M) 3.354ms
[2025-08-20T09:07:09.289+0000][1692535][info ][gc,cpu      ] GC(187) User=0.01s Sys=0.01s Real=0.00s
[2025-08-20T09:07:09.289+0000][1692535][info ][safepoint   ] Safepoint "G1PauseRemark", Time since last: 99702404 ns, Reaching safepoint: 5098 ns, Cleanup: 2944 ns, At safepoint: 3390951 ns, Total: 3398993 ns
[2025-08-20T09:07:09.289+0000][1692535][info ][gc,marking  ] GC(187) Concurrent Mark 97.020ms
[2025-08-20T09:07:09.289+0000][1692535][info ][gc,marking  ] GC(187) Concurrent Rebuild Remembered Sets and Scrub Regions
[2025-08-20T09:07:09.335+0000][1692535][info ][gc,marking  ] GC(187) Concurrent Rebuild Remembered Sets and Scrub Regions 46.593ms
[2025-08-20T09:07:09.336+0000][1692535][info ][gc,start    ] GC(187) Pause Cleanup
[2025-08-20T09:07:09.336+0000][1692535][info ][gc          ] GC(187) Pause Cleanup 86M->86M(512M) 0.035ms
[2025-08-20T09:07:09.336+0000][1692535][info ][gc,cpu      ] GC(187) User=0.00s Sys=0.00s Real=0.00s
[2025-08-20T09:07:09.336+0000][1692535][info ][safepoint   ] Safepoint "G1PauseCleanup", Time since last: 46649582 ns, Reaching safepoint: 3896 ns, Cleanup: 1633 ns, At safepoint: 60180 ns, Total: 65709 ns
[2025-08-20T09:07:09.336+0000][1692535][info ][gc,marking  ] GC(187) Concurrent Clear Claimed Marks
[2025-08-20T09:07:09.336+0000][1692535][info ][gc,marking  ] GC(187) Concurrent Clear Claimed Marks 0.108ms
[2025-08-20T09:07:09.336+0000][1692535][info ][gc,marking  ] GC(187) Concurrent Cleanup for Next Mark
[2025-08-20T09:07:09.342+0000][1692535][info ][gc,marking  ] GC(187) Concurrent Cleanup for Next Mark 6.589ms
[2025-08-20T09:07:09.342+0000][1692535][info ][gc          ] GC(187) Concurrent Mark Cycle 150.925ms
[2025-08-20T09:18:54.137+0000][1692535][info ][gc,start    ] GC(188) Pause Young (Normal) (G1 Evacuation Pause)
[2025-08-20T09:18:54.137+0000][1692535][info ][gc,task     ] GC(188) Using 1 workers of 1 for evacuation
[2025-08-20T09:18:54.137+0000][1692535][debug][gc,age      ] GC(188) Desired survivor size 20971520 bytes, new threshold 15 (max threshold 15)
[2025-08-20T09:18:54.139+0000][1692535][info ][gc,phases   ] GC(188)   Pre Evacuate Collection Set: 0.0ms
[2025-08-20T09:18:54.139+0000][1692535][info ][gc,phases   ] GC(188)   Merge Heap Roots: 0.0ms
[2025-08-20T09:18:54.139+0000][1692535][info ][gc,phases   ] GC(188)   Evacuate Collection Set: 1.4ms
[2025-08-20T09:18:54.139+0000][1692535][info ][gc,phases   ] GC(188)   Post Evacuate Collection Set: 1.0ms
[2025-08-20T09:18:54.139+0000][1692535][info ][gc,phases   ] GC(188)   Other: 0.0ms
[2025-08-20T09:18:54.139+0000][1692535][trace][gc,age      ] GC(188) Age table with threshold 15 (max threshold 15)
[2025-08-20T09:18:54.139+0000][1692535][trace][gc,age      ] GC(188) - age   1:      11240 bytes,      11240 total
[2025-08-20T09:18:54.139+0000][1692535][trace][gc,age      ] GC(188) - age   3:        240 bytes,      11480 total
[2025-08-20T09:18:54.139+0000][1692535][trace][gc,age      ] GC(188) - age   5:        184 bytes,      11664 total
[2025-08-20T09:18:54.139+0000][1692535][trace][gc,age      ] GC(188) - age   6:        168 bytes,      11832 total
[2025-08-20T09:18:54.139+0000][1692535][trace][gc,age      ] GC(188) - age   8:        168 bytes,      12000 total
[2025-08-20T09:18:54.139+0000][1692535][trace][gc,age      ] GC(188) - age   9:       1920 bytes,      13920 total
[2025-08-20T09:18:54.139+0000][1692535][info ][gc,heap     ] GC(188) Eden regions: 75->0(75)
[2025-08-20T09:18:54.139+0000][1692535][info ][gc,heap     ] GC(188) Survivor regions: 1->1(10)
[2025-08-20T09:18:54.139+0000][1692535][info ][gc,heap     ] GC(188) Old regions: 22->22
[2025-08-20T09:18:54.139+0000][1692535][info ][gc,heap     ] GC(188) Humongous regions: 0->0
[2025-08-20T09:18:54.139+0000][1692535][info ][gc,metaspace] GC(188) Metaspace: 137929K(143744K)->137929K(143744K) NonClass: 119713K(123264K)->119713K(123264K) Class: 18215K(20480K)->18215K(20480K)
[2025-08-20T09:18:54.139+0000][1692535][info ][gc          ] GC(188) Pause Young (Normal) (G1 Evacuation Pause) 386M->86M(512M) 2.775ms
[2025-08-20T09:18:54.139+0000][1692535][info ][gc,cpu      ] GC(188) User=0.00s Sys=0.00s Real=0.00s
[2025-08-20T09:18:54.139+0000][1692535][info ][safepoint   ] Safepoint "G1CollectForAllocation", Time since last: 704800973533 ns, Reaching safepoint: 7291 ns, Cleanup: 3575 ns, At safepoint: 2828401 ns, Total: 2839267 ns
[2025-08-20T09:30:39.598+0000][1692535][info ][gc,start    ] GC(189) Pause Young (Concurrent Start) (G1 Evacuation Pause)
[2025-08-20T09:30:39.598+0000][1692535][info ][gc,task     ] GC(189) Using 1 workers of 1 for evacuation
[2025-08-20T09:30:39.599+0000][1692535][debug][gc,age      ] GC(189) Desired survivor size 20971520 bytes, new threshold 15 (max threshold 15)
[2025-08-20T09:30:39.601+0000][1692535][info ][gc,phases   ] GC(189)   Pre Evacuate Collection Set: 0.0ms
[2025-08-20T09:30:39.601+0000][1692535][info ][gc,phases   ] GC(189)   Merge Heap Roots: 0.0ms
[2025-08-20T09:30:39.601+0000][1692535][info ][gc,phases   ] GC(189)   Evacuate Collection Set: 1.1ms
[2025-08-20T09:30:39.601+0000][1692535][info ][gc,phases   ] GC(189)   Post Evacuate Collection Set: 1.0ms
[2025-08-20T09:30:39.601+0000][1692535][info ][gc,phases   ] GC(189)   Other: 0.0ms
[2025-08-20T09:30:39.601+0000][1692535][trace][gc,age      ] GC(189) Age table with threshold 15 (max threshold 15)
[2025-08-20T09:30:39.601+0000][1692535][trace][gc,age      ] GC(189) - age   1:      10856 bytes,      10856 total
[2025-08-20T09:30:39.601+0000][1692535][trace][gc,age      ] GC(189) - age   2:        176 bytes,      11032 total
[2025-08-20T09:30:39.601+0000][1692535][trace][gc,age      ] GC(189) - age   4:        240 bytes,      11272 total
[2025-08-20T09:30:39.601+0000][1692535][trace][gc,age      ] GC(189) - age   6:        184 bytes,      11456 total
[2025-08-20T09:30:39.601+0000][1692535][trace][gc,age      ] GC(189) - age   7:        168 bytes,      11624 total
[2025-08-20T09:30:39.601+0000][1692535][trace][gc,age      ] GC(189) - age   9:        168 bytes,      11792 total
[2025-08-20T09:30:39.601+0000][1692535][trace][gc,age      ] GC(189) - age  10:       1920 bytes,      13712 total
[2025-08-20T09:30:39.601+0000][1692535][info ][gc,heap     ] GC(189) Eden regions: 75->0(75)
[2025-08-20T09:30:39.601+0000][1692535][info ][gc,heap     ] GC(189) Survivor regions: 1->1(10)
[2025-08-20T09:30:39.601+0000][1692535][info ][gc,heap     ] GC(189) Old regions: 22->22
[2025-08-20T09:30:39.601+0000][1692535][info ][gc,heap     ] GC(189) Humongous regions: 0->0
[2025-08-20T09:30:39.601+0000][1692535][info ][gc,metaspace] GC(189) Metaspace: 137929K(143744K)->137929K(143744K) NonClass: 119713K(123264K)->119713K(123264K) Class: 18215K(20480K)->18215K(20480K)
[2025-08-20T09:30:39.601+0000][1692535][info ][gc          ] GC(189) Pause Young (Concurrent Start) (G1 Evacuation Pause) 386M->86M(512M) 2.476ms
[2025-08-20T09:30:39.601+0000][1692535][info ][gc,cpu      ] GC(189) User=0.00s Sys=0.00s Real=0.00s
[2025-08-20T09:30:39.601+0000][1692535][info ][safepoint   ] Safepoint "G1CollectForAllocation", Time since last: 705458918868 ns, Reaching safepoint: 7231 ns, Cleanup: 2774 ns, At safepoint: 2512644 ns, Total: 2522649 ns
[2025-08-20T09:30:39.606+0000][1692535][info ][gc          ] GC(190) Concurrent Mark Cycle
[2025-08-20T09:30:39.606+0000][1692535][info ][gc,marking  ] GC(190) Concurrent Scan Root Regions
[2025-08-20T09:30:39.606+0000][1692535][info ][gc,marking  ] GC(190) Concurrent Scan Root Regions 0.387ms
[2025-08-20T09:30:39.606+0000][1692535][info ][gc,marking  ] GC(190) Concurrent Mark
[2025-08-20T09:30:39.606+0000][1692535][info ][gc,marking  ] GC(190) Concurrent Mark From Roots
[2025-08-20T09:30:39.606+0000][1692535][info ][gc,task     ] GC(190) Using 1 workers of 1 for marking
[2025-08-20T09:30:39.712+0000][1692535][info ][gc,marking  ] GC(190) Concurrent Mark From Roots 106.010ms
[2025-08-20T09:30:39.712+0000][1692535][info ][gc,marking  ] GC(190) Concurrent Preclean
[2025-08-20T09:30:39.712+0000][1692535][info ][gc,marking  ] GC(190) Concurrent Preclean 0.211ms
[2025-08-20T09:30:39.712+0000][1692535][info ][gc,start    ] GC(190) Pause Remark
[2025-08-20T09:30:39.716+0000][1692535][info ][gc          ] GC(190) Pause Remark 86M->86M(512M) 3.068ms
[2025-08-20T09:30:39.716+0000][1692535][info ][gc,cpu      ] GC(190) User=0.01s Sys=0.00s Real=0.01s
[2025-08-20T09:30:39.716+0000][1692535][info ][safepoint   ] Safepoint "G1PauseRemark", Time since last: 111595976 ns, Reaching safepoint: 5369 ns, Cleanup: 3024 ns, At safepoint: 3107302 ns, Total: 3115695 ns
[2025-08-20T09:30:39.716+0000][1692535][info ][gc,marking  ] GC(190) Concurrent Mark 109.433ms
[2025-08-20T09:30:39.716+0000][1692535][info ][gc,marking  ] GC(190) Concurrent Rebuild Remembered Sets and Scrub Regions
[2025-08-20T09:30:39.755+0000][1692535][info ][gc,marking  ] GC(190) Concurrent Rebuild Remembered Sets and Scrub Regions 39.252ms
[2025-08-20T09:30:39.755+0000][1692535][info ][gc,start    ] GC(190) Pause Cleanup
[2025-08-20T09:30:39.755+0000][1692535][info ][gc          ] GC(190) Pause Cleanup 86M->86M(512M) 0.032ms
[2025-08-20T09:30:39.755+0000][1692535][info ][gc,cpu      ] GC(190) User=0.00s Sys=0.00s Real=0.00s
[2025-08-20T09:30:39.755+0000][1692535][info ][safepoint   ] Safepoint "G1PauseCleanup", Time since last: 39300406 ns, Reaching safepoint: 3275 ns, Cleanup: 1312 ns, At safepoint: 55984 ns, Total: 60571 ns
[2025-08-20T09:30:39.755+0000][1692535][info ][gc,marking  ] GC(190) Concurrent Clear Claimed Marks
[2025-08-20T09:30:39.755+0000][1692535][info ][gc,marking  ] GC(190) Concurrent Clear Claimed Marks 0.137ms
[2025-08-20T09:30:39.755+0000][1692535][info ][gc,marking  ] GC(190) Concurrent Cleanup for Next Mark
[2025-08-20T09:30:39.768+0000][1692535][info ][gc,marking  ] GC(190) Concurrent Cleanup for Next Mark 12.552ms
[2025-08-20T09:30:39.768+0000][1692535][info ][gc          ] GC(190) Concurrent Mark Cycle 161.899ms
[2025-08-20T09:42:26.002+0000][1692535][info ][gc,start    ] GC(191) Pause Young (Normal) (G1 Evacuation Pause)
[2025-08-20T09:42:26.003+0000][1692535][info ][gc,task     ] GC(191) Using 1 workers of 1 for evacuation
[2025-08-20T09:42:26.003+0000][1692535][debug][gc,age      ] GC(191) Desired survivor size 20971520 bytes, new threshold 15 (max threshold 15)
[2025-08-20T09:42:26.005+0000][1692535][info ][gc,phases   ] GC(191)   Pre Evacuate Collection Set: 0.0ms
[2025-08-20T09:42:26.005+0000][1692535][info ][gc,phases   ] GC(191)   Merge Heap Roots: 0.0ms
[2025-08-20T09:42:26.005+0000][1692535][info ][gc,phases   ] GC(191)   Evacuate Collection Set: 1.5ms
[2025-08-20T09:42:26.005+0000][1692535][info ][gc,phases   ] GC(191)   Post Evacuate Collection Set: 0.7ms
[2025-08-20T09:42:26.005+0000][1692535][info ][gc,phases   ] GC(191)   Other: 0.0ms
[2025-08-20T09:42:26.005+0000][1692535][trace][gc,age      ] GC(191) Age table with threshold 15 (max threshold 15)
[2025-08-20T09:42:26.005+0000][1692535][trace][gc,age      ] GC(191) - age   1:      80104 bytes,      80104 total
[2025-08-20T09:42:26.005+0000][1692535][trace][gc,age      ] GC(191) - age   2:        176 bytes,      80280 total
[2025-08-20T09:42:26.005+0000][1692535][trace][gc,age      ] GC(191) - age   5:        240 bytes,      80520 total
[2025-08-20T09:42:26.005+0000][1692535][trace][gc,age      ] GC(191) - age   7:        184 bytes,      80704 total
[2025-08-20T09:42:26.005+0000][1692535][trace][gc,age      ] GC(191) - age   8:        168 bytes,      80872 total
[2025-08-20T09:42:26.005+0000][1692535][trace][gc,age      ] GC(191) - age  10:        168 bytes,      81040 total
[2025-08-20T09:42:26.005+0000][1692535][trace][gc,age      ] GC(191) - age  11:       1920 bytes,      82960 total
[2025-08-20T09:42:26.005+0000][1692535][info ][gc,heap     ] GC(191) Eden regions: 75->0(75)
[2025-08-20T09:42:26.005+0000][1692535][info ][gc,heap     ] GC(191) Survivor regions: 1->1(10)
[2025-08-20T09:42:26.005+0000][1692535][info ][gc,heap     ] GC(191) Old regions: 22->22
[2025-08-20T09:42:26.005+0000][1692535][info ][gc,heap     ] GC(191) Humongous regions: 0->0
[2025-08-20T09:42:26.005+0000][1692535][info ][gc,metaspace] GC(191) Metaspace: 137929K(143744K)->137929K(143744K) NonClass: 119713K(123264K)->119713K(123264K) Class: 18215K(20480K)->18215K(20480K)
[2025-08-20T09:42:26.005+0000][1692535][info ][gc          ] GC(191) Pause Young (Normal) (G1 Evacuation Pause) 386M->86M(512M) 3.047ms
[2025-08-20T09:42:26.005+0000][1692535][info ][gc,cpu      ] GC(191) User=0.00s Sys=0.01s Real=0.01s
[2025-08-20T09:42:26.006+0000][1692535][info ][safepoint   ] Safepoint "G1CollectForAllocation", Time since last: 706247487961 ns, Reaching safepoint: 42795 ns, Cleanup: 3706 ns, At safepoint: 3085619 ns, Total: 3132120 ns
[2025-08-20T09:47:04.026+0000][1692535][info ][safepoint   ] Safepoint "Cleanup", Time since last: 278020338231 ns, Reaching safepoint: 37036 ns, Cleanup: 6279 ns, At safepoint: 4717 ns, Total: 48032 ns
[2025-08-20T09:54:11.320+0000][1692535][info ][gc,start    ] GC(192) Pause Young (Concurrent Start) (G1 Evacuation Pause)
[2025-08-20T09:54:11.320+0000][1692535][info ][gc,task     ] GC(192) Using 1 workers of 1 for evacuation
[2025-08-20T09:54:11.320+0000][1692535][debug][gc,age      ] GC(192) Desired survivor size 20971520 bytes, new threshold 15 (max threshold 15)
[2025-08-20T09:54:11.322+0000][1692535][info ][gc,phases   ] GC(192)   Pre Evacuate Collection Set: 0.1ms
[2025-08-20T09:54:11.322+0000][1692535][info ][gc,phases   ] GC(192)   Merge Heap Roots: 0.0ms
[2025-08-20T09:54:11.322+0000][1692535][info ][gc,phases   ] GC(192)   Evacuate Collection Set: 1.3ms
[2025-08-20T09:54:11.322+0000][1692535][info ][gc,phases   ] GC(192)   Post Evacuate Collection Set: 0.7ms
[2025-08-20T09:54:11.322+0000][1692535][info ][gc,phases   ] GC(192)   Other: 0.0ms
[2025-08-20T09:54:11.322+0000][1692535][trace][gc,age      ] GC(192) Age table with threshold 15 (max threshold 15)
[2025-08-20T09:54:11.322+0000][1692535][trace][gc,age      ] GC(192) - age   1:      80640 bytes,      80640 total
[2025-08-20T09:54:11.322+0000][1692535][trace][gc,age      ] GC(192) - age   6:         64 bytes,      80704 total
[2025-08-20T09:54:11.322+0000][1692535][trace][gc,age      ] GC(192) - age   8:        184 bytes,      80888 total
[2025-08-20T09:54:11.322+0000][1692535][trace][gc,age      ] GC(192) - age   9:        168 bytes,      81056 total
[2025-08-20T09:54:11.322+0000][1692535][trace][gc,age      ] GC(192) - age  11:        168 bytes,      81224 total
[2025-08-20T09:54:11.322+0000][1692535][trace][gc,age      ] GC(192) - age  12:       1920 bytes,      83144 total
[2025-08-20T09:54:11.322+0000][1692535][info ][gc,heap     ] GC(192) Eden regions: 75->0(75)
[2025-08-20T09:54:11.322+0000][1692535][info ][gc,heap     ] GC(192) Survivor regions: 1->1(10)
[2025-08-20T09:54:11.322+0000][1692535][info ][gc,heap     ] GC(192) Old regions: 22->22
[2025-08-20T09:54:11.322+0000][1692535][info ][gc,heap     ] GC(192) Humongous regions: 0->0
[2025-08-20T09:54:11.323+0000][1692535][info ][gc,metaspace] GC(192) Metaspace: 137929K(143744K)->137929K(143744K) NonClass: 119713K(123264K)->119713K(123264K) Class: 18215K(20480K)->18215K(20480K)
[2025-08-20T09:54:11.323+0000][1692535][info ][gc          ] GC(192) Pause Young (Concurrent Start) (G1 Evacuation Pause) 386M->86M(512M) 2.243ms
[2025-08-20T09:54:11.323+0000][1692535][info ][gc,cpu      ] GC(192) User=0.00s Sys=0.00s Real=0.00s
[2025-08-20T09:54:11.323+0000][1692535][info ][safepoint   ] Safepoint "G1CollectForAllocation", Time since last: 427294317996 ns, Reaching safepoint: 38508 ns, Cleanup: 3766 ns, At safepoint: 2280113 ns, Total: 2322387 ns
[2025-08-20T09:54:11.329+0000][1692535][info ][gc          ] GC(193) Concurrent Mark Cycle
[2025-08-20T09:54:11.329+0000][1692535][info ][gc,marking  ] GC(193) Concurrent Scan Root Regions
[2025-08-20T09:54:11.330+0000][1692535][info ][gc,marking  ] GC(193) Concurrent Scan Root Regions 0.547ms
[2025-08-20T09:54:11.330+0000][1692535][info ][gc,marking  ] GC(193) Concurrent Mark
[2025-08-20T09:54:11.330+0000][1692535][info ][gc,marking  ] GC(193) Concurrent Mark From Roots
[2025-08-20T09:54:11.330+0000][1692535][info ][gc,task     ] GC(193) Using 1 workers of 1 for marking
[2025-08-20T09:54:11.430+0000][1692535][info ][gc,marking  ] GC(193) Concurrent Mark From Roots 99.571ms
[2025-08-20T09:54:11.430+0000][1692535][info ][gc,marking  ] GC(193) Concurrent Preclean
[2025-08-20T09:54:11.430+0000][1692535][info ][gc,marking  ] GC(193) Concurrent Preclean 0.241ms
[2025-08-20T09:54:11.430+0000][1692535][info ][gc,start    ] GC(193) Pause Remark
[2025-08-20T09:54:11.433+0000][1692535][info ][gc          ] GC(193) Pause Remark 88M->88M(512M) 3.255ms
[2025-08-20T09:54:11.433+0000][1692535][info ][gc,cpu      ] GC(193) User=0.00s Sys=0.00s Real=0.00s
[2025-08-20T09:54:11.433+0000][1692535][info ][safepoint   ] Safepoint "G1PauseRemark", Time since last: 107297809 ns, Reaching safepoint: 4917 ns, Cleanup: 2914 ns, At safepoint: 3297740 ns, Total: 3305571 ns
[2025-08-20T09:54:11.433+0000][1692535][info ][gc,marking  ] GC(193) Concurrent Mark 103.226ms
[2025-08-20T09:54:11.433+0000][1692535][info ][gc,marking  ] GC(193) Concurrent Rebuild Remembered Sets and Scrub Regions
[2025-08-20T09:54:11.485+0000][1692535][info ][gc,marking  ] GC(193) Concurrent Rebuild Remembered Sets and Scrub Regions 52.032ms
[2025-08-20T09:54:11.485+0000][1692535][info ][gc,start    ] GC(193) Pause Cleanup
[2025-08-20T09:54:11.485+0000][1692535][info ][gc          ] GC(193) Pause Cleanup 88M->88M(512M) 0.037ms
[2025-08-20T09:54:11.485+0000][1692535][info ][gc,cpu      ] GC(193) User=0.00s Sys=0.00s Real=0.00s
[2025-08-20T09:54:11.485+0000][1692535][info ][safepoint   ] Safepoint "G1PauseCleanup", Time since last: 52088628 ns, Reaching safepoint: 3686 ns, Cleanup: 1662 ns, At safepoint: 62735 ns, Total: 68083 ns
[2025-08-20T09:54:11.485+0000][1692535][info ][gc,marking  ] GC(193) Concurrent Clear Claimed Marks
[2025-08-20T09:54:11.485+0000][1692535][info ][gc,marking  ] GC(193) Concurrent Clear Claimed Marks 0.136ms
[2025-08-20T09:54:11.485+0000][1692535][info ][gc,marking  ] GC(193) Concurrent Cleanup for Next Mark
[2025-08-20T09:54:11.493+0000][1692535][info ][gc,marking  ] GC(193) Concurrent Cleanup for Next Mark 7.205ms
[2025-08-20T09:54:11.493+0000][1692535][info ][gc          ] GC(193) Concurrent Mark Cycle 163.302ms
[2025-08-20T10:06:00.699+0000][1692535][info ][gc,start    ] GC(194) Pause Young (Normal) (G1 Evacuation Pause)
[2025-08-20T10:06:00.699+0000][1692535][info ][gc,task     ] GC(194) Using 1 workers of 1 for evacuation
[2025-08-20T10:06:00.699+0000][1692535][debug][gc,age      ] GC(194) Desired survivor size 20971520 bytes, new threshold 15 (max threshold 15)
[2025-08-20T10:06:00.701+0000][1692535][info ][gc,phases   ] GC(194)   Pre Evacuate Collection Set: 0.0ms
[2025-08-20T10:06:00.701+0000][1692535][info ][gc,phases   ] GC(194)   Merge Heap Roots: 0.0ms
[2025-08-20T10:06:00.701+0000][1692535][info ][gc,phases   ] GC(194)   Evacuate Collection Set: 1.3ms
[2025-08-20T10:06:00.701+0000][1692535][info ][gc,phases   ] GC(194)   Post Evacuate Collection Set: 0.7ms
[2025-08-20T10:06:00.701+0000][1692535][info ][gc,phases   ] GC(194)   Other: 0.0ms
[2025-08-20T10:06:00.701+0000][1692535][trace][gc,age      ] GC(194) Age table with threshold 15 (max threshold 15)
[2025-08-20T10:06:00.701+0000][1692535][trace][gc,age      ] GC(194) - age   1:      75296 bytes,      75296 total
[2025-08-20T10:06:00.701+0000][1692535][trace][gc,age      ] GC(194) - age   2:        176 bytes,      75472 total
[2025-08-20T10:06:00.701+0000][1692535][trace][gc,age      ] GC(194) - age   7:         64 bytes,      75536 total
[2025-08-20T10:06:00.701+0000][1692535][trace][gc,age      ] GC(194) - age   9:        184 bytes,      75720 total
[2025-08-20T10:06:00.701+0000][1692535][trace][gc,age      ] GC(194) - age  10:        168 bytes,      75888 total
[2025-08-20T10:06:00.701+0000][1692535][trace][gc,age      ] GC(194) - age  12:        168 bytes,      76056 total
[2025-08-20T10:06:00.701+0000][1692535][trace][gc,age      ] GC(194) - age  13:       1920 bytes,      77976 total
[2025-08-20T10:06:00.701+0000][1692535][info ][gc,heap     ] GC(194) Eden regions: 75->0(75)
[2025-08-20T10:06:00.701+0000][1692535][info ][gc,heap     ] GC(194) Survivor regions: 1->1(10)
[2025-08-20T10:06:00.701+0000][1692535][info ][gc,heap     ] GC(194) Old regions: 22->22
[2025-08-20T10:06:00.701+0000][1692535][info ][gc,heap     ] GC(194) Humongous regions: 0->0
[2025-08-20T10:06:00.701+0000][1692535][info ][gc,metaspace] GC(194) Metaspace: 137929K(143744K)->137929K(143744K) NonClass: 119713K(123264K)->119713K(123264K) Class: 18215K(20480K)->18215K(20480K)
[2025-08-20T10:06:00.701+0000][1692535][info ][gc          ] GC(194) Pause Young (Normal) (G1 Evacuation Pause) 386M->86M(512M) 2.663ms
[2025-08-20T10:06:00.701+0000][1692535][info ][gc,cpu      ] GC(194) User=0.00s Sys=0.00s Real=0.00s
[2025-08-20T10:06:00.701+0000][1692535][info ][safepoint   ] Safepoint "G1CollectForAllocation", Time since last: 709213187020 ns, Reaching safepoint: 10836 ns, Cleanup: 3876 ns, At safepoint: 2698435 ns, Total: 2713147 ns
[2025-08-20T10:17:46.368+0000][1692535][info ][gc,start    ] GC(195) Pause Young (Concurrent Start) (G1 Evacuation Pause)
[2025-08-20T10:17:46.368+0000][1692535][info ][gc,task     ] GC(195) Using 1 workers of 1 for evacuation
[2025-08-20T10:17:46.368+0000][1692535][debug][gc,age      ] GC(195) Desired survivor size 20971520 bytes, new threshold 15 (max threshold 15)
[2025-08-20T10:17:46.370+0000][1692535][info ][gc,phases   ] GC(195)   Pre Evacuate Collection Set: 0.0ms
[2025-08-20T10:17:46.370+0000][1692535][info ][gc,phases   ] GC(195)   Merge Heap Roots: 0.0ms
[2025-08-20T10:17:46.370+0000][1692535][info ][gc,phases   ] GC(195)   Evacuate Collection Set: 1.1ms
[2025-08-20T10:17:46.370+0000][1692535][info ][gc,phases   ] GC(195)   Post Evacuate Collection Set: 0.9ms
[2025-08-20T10:17:46.370+0000][1692535][info ][gc,phases   ] GC(195)   Other: 0.0ms
[2025-08-20T10:17:46.370+0000][1692535][trace][gc,age      ] GC(195) Age table with threshold 15 (max threshold 15)
[2025-08-20T10:17:46.370+0000][1692535][trace][gc,age      ] GC(195) - age   1:       9720 bytes,       9720 total
[2025-08-20T10:17:46.370+0000][1692535][trace][gc,age      ] GC(195) - age   3:        176 bytes,       9896 total
[2025-08-20T10:17:46.370+0000][1692535][trace][gc,age      ] GC(195) - age   8:         64 bytes,       9960 total
[2025-08-20T10:17:46.370+0000][1692535][trace][gc,age      ] GC(195) - age  10:        184 bytes,      10144 total
[2025-08-20T10:17:46.370+0000][1692535][trace][gc,age      ] GC(195) - age  11:        168 bytes,      10312 total
[2025-08-20T10:17:46.370+0000][1692535][trace][gc,age      ] GC(195) - age  13:        168 bytes,      10480 total
[2025-08-20T10:17:46.370+0000][1692535][trace][gc,age      ] GC(195) - age  14:       1920 bytes,      12400 total
[2025-08-20T10:17:46.370+0000][1692535][info ][gc,heap     ] GC(195) Eden regions: 75->0(75)
[2025-08-20T10:17:46.370+0000][1692535][info ][gc,heap     ] GC(195) Survivor regions: 1->1(10)
[2025-08-20T10:17:46.370+0000][1692535][info ][gc,heap     ] GC(195) Old regions: 22->22
[2025-08-20T10:17:46.370+0000][1692535][info ][gc,heap     ] GC(195) Humongous regions: 0->0
[2025-08-20T10:17:46.370+0000][1692535][info ][gc,metaspace] GC(195) Metaspace: 137929K(143744K)->137929K(143744K) NonClass: 119713K(123264K)->119713K(123264K) Class: 18215K(20480K)->18215K(20480K)
[2025-08-20T10:17:46.370+0000][1692535][info ][gc          ] GC(195) Pause Young (Concurrent Start) (G1 Evacuation Pause) 386M->86M(512M) 2.440ms
[2025-08-20T10:17:46.370+0000][1692535][info ][gc,cpu      ] GC(195) User=0.00s Sys=0.00s Real=0.00s
[2025-08-20T10:17:46.370+0000][1692535][info ][safepoint   ] Safepoint "G1CollectForAllocation", Time since last: 705666323994 ns, Reaching safepoint: 7111 ns, Cleanup: 3155 ns, At safepoint: 2475979 ns, Total: 2486245 ns
[2025-08-20T10:17:46.375+0000][1692535][info ][gc          ] GC(196) Concurrent Mark Cycle
[2025-08-20T10:17:46.375+0000][1692535][info ][gc,marking  ] GC(196) Concurrent Scan Root Regions
[2025-08-20T10:17:46.376+0000][1692535][info ][gc,marking  ] GC(196) Concurrent Scan Root Regions 0.401ms
[2025-08-20T10:17:46.376+0000][1692535][info ][gc,marking  ] GC(196) Concurrent Mark
[2025-08-20T10:17:46.376+0000][1692535][info ][gc,marking  ] GC(196) Concurrent Mark From Roots
[2025-08-20T10:17:46.376+0000][1692535][info ][gc,task     ] GC(196) Using 1 workers of 1 for marking
[2025-08-20T10:17:46.472+0000][1692535][info ][gc,marking  ] GC(196) Concurrent Mark From Roots 96.525ms
[2025-08-20T10:17:46.472+0000][1692535][info ][gc,marking  ] GC(196) Concurrent Preclean
[2025-08-20T10:17:46.473+0000][1692535][info ][gc,marking  ] GC(196) Concurrent Preclean 0.241ms
[2025-08-20T10:17:46.473+0000][1692535][info ][gc,start    ] GC(196) Pause Remark
[2025-08-20T10:17:46.476+0000][1692535][info ][gc          ] GC(196) Pause Remark 87M->87M(512M) 3.147ms
[2025-08-20T10:17:46.476+0000][1692535][info ][gc,cpu      ] GC(196) User=0.00s Sys=0.00s Real=0.01s
[2025-08-20T10:17:46.476+0000][1692535][info ][safepoint   ] Safepoint "G1PauseRemark", Time since last: 102602494 ns, Reaching safepoint: 5057 ns, Cleanup: 2895 ns, At safepoint: 3186191 ns, Total: 3194143 ns
[2025-08-20T10:17:46.476+0000][1692535][info ][gc,marking  ] GC(196) Concurrent Mark 100.027ms
[2025-08-20T10:17:46.476+0000][1692535][info ][gc,marking  ] GC(196) Concurrent Rebuild Remembered Sets and Scrub Regions
[2025-08-20T10:17:46.535+0000][1692535][info ][gc,marking  ] GC(196) Concurrent Rebuild Remembered Sets and Scrub Regions 59.446ms
[2025-08-20T10:17:46.535+0000][1692535][info ][gc,start    ] GC(196) Pause Cleanup
[2025-08-20T10:17:46.535+0000][1692535][info ][gc          ] GC(196) Pause Cleanup 87M->87M(512M) 0.041ms
[2025-08-20T10:17:46.535+0000][1692535][info ][gc,cpu      ] GC(196) User=0.00s Sys=0.00s Real=0.01s
[2025-08-20T10:17:46.535+0000][1692535][info ][safepoint   ] Safepoint "G1PauseCleanup", Time since last: 59501636 ns, Reaching safepoint: 4096 ns, Cleanup: 1863 ns, At safepoint: 67422 ns, Total: 73381 ns
[2025-08-20T10:17:46.535+0000][1692535][info ][gc,marking  ] GC(196) Concurrent Clear Claimed Marks
[2025-08-20T10:17:46.536+0000][1692535][info ][gc,marking  ] GC(196) Concurrent Clear Claimed Marks 0.149ms
[2025-08-20T10:17:46.536+0000][1692535][info ][gc,marking  ] GC(196) Concurrent Cleanup for Next Mark
[2025-08-20T10:17:46.536+0000][1692535][info ][gc,marking  ] GC(196) Concurrent Cleanup for Next Mark 0.502ms
[2025-08-20T10:17:46.536+0000][1692535][info ][gc          ] GC(196) Concurrent Mark Cycle 160.700ms
[2025-08-20T10:29:31.814+0000][1692535][info ][gc,start    ] GC(197) Pause Young (Normal) (G1 Evacuation Pause)
[2025-08-20T10:29:31.814+0000][1692535][info ][gc,task     ] GC(197) Using 1 workers of 1 for evacuation
[2025-08-20T10:29:31.814+0000][1692535][debug][gc,age      ] GC(197) Desired survivor size 20971520 bytes, new threshold 15 (max threshold 15)
[2025-08-20T10:29:31.816+0000][1692535][info ][gc,phases   ] GC(197)   Pre Evacuate Collection Set: 0.0ms
[2025-08-20T10:29:31.816+0000][1692535][info ][gc,phases   ] GC(197)   Merge Heap Roots: 0.0ms
[2025-08-20T10:29:31.816+0000][1692535][info ][gc,phases   ] GC(197)   Evacuate Collection Set: 1.3ms
[2025-08-20T10:29:31.816+0000][1692535][info ][gc,phases   ] GC(197)   Post Evacuate Collection Set: 0.7ms
[2025-08-20T10:29:31.816+0000][1692535][info ][gc,phases   ] GC(197)   Other: 0.0ms
[2025-08-20T10:29:31.816+0000][1692535][trace][gc,age      ] GC(197) Age table with threshold 15 (max threshold 15)
[2025-08-20T10:29:31.816+0000][1692535][trace][gc,age      ] GC(197) - age   1:      11040 bytes,      11040 total
[2025-08-20T10:29:31.816+0000][1692535][trace][gc,age      ] GC(197) - age   2:        176 bytes,      11216 total
[2025-08-20T10:29:31.816+0000][1692535][trace][gc,age      ] GC(197) - age   4:        176 bytes,      11392 total
[2025-08-20T10:29:31.816+0000][1692535][trace][gc,age      ] GC(197) - age   9:         64 bytes,      11456 total
[2025-08-20T10:29:31.816+0000][1692535][trace][gc,age      ] GC(197) - age  11:        184 bytes,      11640 total
[2025-08-20T10:29:31.816+0000][1692535][trace][gc,age      ] GC(197) - age  12:        168 bytes,      11808 total
[2025-08-20T10:29:31.816+0000][1692535][trace][gc,age      ] GC(197) - age  14:        168 bytes,      11976 total
[2025-08-20T10:29:31.816+0000][1692535][trace][gc,age      ] GC(197) - age  15:       1920 bytes,      13896 total
[2025-08-20T10:29:31.816+0000][1692535][info ][gc,heap     ] GC(197) Eden regions: 75->0(75)
[2025-08-20T10:29:31.816+0000][1692535][info ][gc,heap     ] GC(197) Survivor regions: 1->1(10)
[2025-08-20T10:29:31.816+0000][1692535][info ][gc,heap     ] GC(197) Old regions: 22->22
[2025-08-20T10:29:31.816+0000][1692535][info ][gc,heap     ] GC(197) Humongous regions: 0->0
[2025-08-20T10:29:31.816+0000][1692535][info ][gc,metaspace] GC(197) Metaspace: 137929K(143744K)->137929K(143744K) NonClass: 119713K(123264K)->119713K(123264K) Class: 18215K(20480K)->18215K(20480K)
[2025-08-20T10:29:31.816+0000][1692535][info ][gc          ] GC(197) Pause Young (Normal) (G1 Evacuation Pause) 386M->86M(512M) 2.454ms
[2025-08-20T10:29:31.816+0000][1692535][info ][gc,cpu      ] GC(197) User=0.01s Sys=0.00s Real=0.01s
[2025-08-20T10:29:31.816+0000][1692535][info ][safepoint   ] Safepoint "G1CollectForAllocation", Time since last: 705278379259 ns, Reaching safepoint: 9034 ns, Cleanup: 2904 ns, At safepoint: 2488909 ns, Total: 2500847 ns
[2025-08-20T10:41:17.230+0000][1692535][info ][gc,start    ] GC(198) Pause Young (Concurrent Start) (G1 Evacuation Pause)
[2025-08-20T10:41:17.230+0000][1692535][info ][gc,task     ] GC(198) Using 1 workers of 1 for evacuation
[2025-08-20T10:41:17.230+0000][1692535][debug][gc,age      ] GC(198) Desired survivor size 20971520 bytes, new threshold 15 (max threshold 15)
[2025-08-20T10:41:17.233+0000][1692535][info ][gc,phases   ] GC(198)   Pre Evacuate Collection Set: 0.1ms
[2025-08-20T10:41:17.233+0000][1692535][info ][gc,phases   ] GC(198)   Merge Heap Roots: 0.0ms
[2025-08-20T10:41:17.233+0000][1692535][info ][gc,phases   ] GC(198)   Evacuate Collection Set: 1.1ms
[2025-08-20T10:41:17.233+0000][1692535][info ][gc,phases   ] GC(198)   Post Evacuate Collection Set: 1.0ms
[2025-08-20T10:41:17.233+0000][1692535][info ][gc,phases   ] GC(198)   Other: 0.0ms
[2025-08-20T10:41:17.233+0000][1692535][trace][gc,age      ] GC(198) Age table with threshold 15 (max threshold 15)
[2025-08-20T10:41:17.233+0000][1692535][trace][gc,age      ] GC(198) - age   1:      10856 bytes,      10856 total
[2025-08-20T10:41:17.233+0000][1692535][trace][gc,age      ] GC(198) - age   2:        176 bytes,      11032 total
[2025-08-20T10:41:17.233+0000][1692535][trace][gc,age      ] GC(198) - age   5:        176 bytes,      11208 total
[2025-08-20T10:41:17.233+0000][1692535][trace][gc,age      ] GC(198) - age  10:         64 bytes,      11272 total
[2025-08-20T10:41:17.233+0000][1692535][trace][gc,age      ] GC(198) - age  12:        184 bytes,      11456 total
[2025-08-20T10:41:17.233+0000][1692535][trace][gc,age      ] GC(198) - age  13:        168 bytes,      11624 total
[2025-08-20T10:41:17.233+0000][1692535][trace][gc,age      ] GC(198) - age  15:        168 bytes,      11792 total
[2025-08-20T10:41:17.233+0000][1692535][info ][gc,heap     ] GC(198) Eden regions: 75->0(75)
[2025-08-20T10:41:17.233+0000][1692535][info ][gc,heap     ] GC(198) Survivor regions: 1->1(10)
[2025-08-20T10:41:17.233+0000][1692535][info ][gc,heap     ] GC(198) Old regions: 22->22
[2025-08-20T10:41:17.233+0000][1692535][info ][gc,heap     ] GC(198) Humongous regions: 0->0
[2025-08-20T10:41:17.233+0000][1692535][info ][gc,metaspace] GC(198) Metaspace: 137929K(143744K)->137929K(143744K) NonClass: 119714K(123264K)->119714K(123264K) Class: 18215K(20480K)->18215K(20480K)
[2025-08-20T10:41:17.233+0000][1692535][info ][gc          ] GC(198) Pause Young (Concurrent Start) (G1 Evacuation Pause) 386M->86M(512M) 2.507ms
[2025-08-20T10:41:17.233+0000][1692535][info ][gc,cpu      ] GC(198) User=0.00s Sys=0.00s Real=0.00s
[2025-08-20T10:41:17.233+0000][1692535][info ][safepoint   ] Safepoint "G1CollectForAllocation", Time since last: 705413962676 ns, Reaching safepoint: 7321 ns, Cleanup: 3095 ns, At safepoint: 2544483 ns, Total: 2554899 ns
[2025-08-20T10:41:17.238+0000][1692535][info ][gc          ] GC(199) Concurrent Mark Cycle
[2025-08-20T10:41:17.238+0000][1692535][info ][gc,marking  ] GC(199) Concurrent Scan Root Regions
[2025-08-20T10:41:17.239+0000][1692535][info ][gc,marking  ] GC(199) Concurrent Scan Root Regions 0.399ms
[2025-08-20T10:41:17.239+0000][1692535][info ][gc,marking  ] GC(199) Concurrent Mark
[2025-08-20T10:41:17.239+0000][1692535][info ][gc,marking  ] GC(199) Concurrent Mark From Roots
[2025-08-20T10:41:17.239+0000][1692535][info ][gc,task     ] GC(199) Using 1 workers of 1 for marking
[2025-08-20T10:41:17.341+0000][1692535][info ][gc,marking  ] GC(199) Concurrent Mark From Roots 102.096ms
[2025-08-20T10:41:17.341+0000][1692535][info ][gc,marking  ] GC(199) Concurrent Preclean
[2025-08-20T10:41:17.341+0000][1692535][info ][gc,marking  ] GC(199) Concurrent Preclean 0.206ms
[2025-08-20T10:41:17.341+0000][1692535][info ][gc,start    ] GC(199) Pause Remark
[2025-08-20T10:41:17.344+0000][1692535][info ][gc          ] GC(199) Pause Remark 86M->86M(512M) 3.243ms
[2025-08-20T10:41:17.344+0000][1692535][info ][gc,cpu      ] GC(199) User=0.00s Sys=0.00s Real=0.00s
[2025-08-20T10:41:17.344+0000][1692535][info ][safepoint   ] Safepoint "G1PauseRemark", Time since last: 108362634 ns, Reaching safepoint: 5058 ns, Cleanup: 3145 ns, At safepoint: 3286213 ns, Total: 3294416 ns
[2025-08-20T10:41:17.345+0000][1692535][info ][gc,marking  ] GC(199) Concurrent Mark 106.216ms
[2025-08-20T10:41:17.345+0000][1692535][info ][gc,marking  ] GC(199) Concurrent Rebuild Remembered Sets and Scrub Regions
[2025-08-20T10:41:17.393+0000][1692535][info ][gc,marking  ] GC(199) Concurrent Rebuild Remembered Sets and Scrub Regions 47.804ms
[2025-08-20T10:41:17.393+0000][1692535][info ][gc,start    ] GC(199) Pause Cleanup
[2025-08-20T10:41:17.393+0000][1692535][info ][gc          ] GC(199) Pause Cleanup 89M->89M(512M) 0.037ms
[2025-08-20T10:41:17.393+0000][1692535][info ][gc,cpu      ] GC(199) User=0.00s Sys=0.00s Real=0.00s
[2025-08-20T10:41:17.393+0000][1692535][info ][safepoint   ] Safepoint "G1PauseCleanup", Time since last: 48408989 ns, Reaching safepoint: 3686 ns, Cleanup: 1653 ns, At safepoint: 64567 ns, Total: 69906 ns
[2025-08-20T10:41:17.393+0000][1692535][info ][gc,marking  ] GC(199) Concurrent Clear Claimed Marks
[2025-08-20T10:41:17.393+0000][1692535][info ][gc,marking  ] GC(199) Concurrent Clear Claimed Marks 0.142ms
[2025-08-20T10:41:17.393+0000][1692535][info ][gc,marking  ] GC(199) Concurrent Cleanup for Next Mark
[2025-08-20T10:41:17.393+0000][1692535][info ][gc,marking  ] GC(199) Concurrent Cleanup for Next Mark 0.259ms
[2025-08-20T10:41:17.393+0000][1692535][info ][gc          ] GC(199) Concurrent Mark Cycle 154.977ms
[2025-08-20T10:45:37.409+0000][1692535][info ][safepoint   ] Safepoint "Cleanup", Time since last: 260015353252 ns, Reaching safepoint: 749512 ns, Cleanup: 10236 ns, At safepoint: 7421 ns, Total: 767169 ns
[2025-08-20T10:53:02.670+0000][1692535][info ][gc,start    ] GC(200) Pause Young (Normal) (G1 Evacuation Pause)
[2025-08-20T10:53:02.670+0000][1692535][info ][gc,task     ] GC(200) Using 1 workers of 1 for evacuation
[2025-08-20T10:53:02.670+0000][1692535][debug][gc,age      ] GC(200) Desired survivor size 20971520 bytes, new threshold 15 (max threshold 15)
[2025-08-20T10:53:02.673+0000][1692535][info ][gc,phases   ] GC(200)   Pre Evacuate Collection Set: 0.0ms
[2025-08-20T10:53:02.673+0000][1692535][info ][gc,phases   ] GC(200)   Merge Heap Roots: 0.0ms
[2025-08-20T10:53:02.673+0000][1692535][info ][gc,phases   ] GC(200)   Evacuate Collection Set: 1.3ms
[2025-08-20T10:53:02.673+0000][1692535][info ][gc,phases   ] GC(200)   Post Evacuate Collection Set: 1.0ms
[2025-08-20T10:53:02.673+0000][1692535][info ][gc,phases   ] GC(200)   Other: 0.0ms
[2025-08-20T10:53:02.673+0000][1692535][trace][gc,age      ] GC(200) Age table with threshold 15 (max threshold 15)
[2025-08-20T10:53:02.673+0000][1692535][trace][gc,age      ] GC(200) - age   1:      11304 bytes,      11304 total
[2025-08-20T10:53:02.673+0000][1692535][trace][gc,age      ] GC(200) - age  11:         64 bytes,      11368 total
[2025-08-20T10:53:02.673+0000][1692535][trace][gc,age      ] GC(200) - age  13:        184 bytes,      11552 total
[2025-08-20T10:53:02.673+0000][1692535][trace][gc,age      ] GC(200) - age  14:        168 bytes,      11720 total
[2025-08-20T10:53:02.673+0000][1692535][info ][gc,heap     ] GC(200) Eden regions: 75->0(75)
[2025-08-20T10:53:02.673+0000][1692535][info ][gc,heap     ] GC(200) Survivor regions: 1->1(10)
[2025-08-20T10:53:02.673+0000][1692535][info ][gc,heap     ] GC(200) Old regions: 22->22
[2025-08-20T10:53:02.673+0000][1692535][info ][gc,heap     ] GC(200) Humongous regions: 0->0
[2025-08-20T10:53:02.673+0000][1692535][info ][gc,metaspace] GC(200) Metaspace: 137929K(143744K)->137929K(143744K) NonClass: 119714K(123264K)->119714K(123264K) Class: 18215K(20480K)->18215K(20480K)
[2025-08-20T10:53:02.673+0000][1692535][info ][gc          ] GC(200) Pause Young (Normal) (G1 Evacuation Pause) 386M->86M(512M) 2.700ms
[2025-08-20T10:53:02.673+0000][1692535][info ][gc,cpu      ] GC(200) User=0.00s Sys=0.00s Real=0.00s
[2025-08-20T10:53:02.673+0000][1692535][info ][safepoint   ] Safepoint "G1CollectForAllocation", Time since last: 445261043196 ns, Reaching safepoint: 6850 ns, Cleanup: 2995 ns, At safepoint: 2732727 ns, Total: 2742572 ns
[2025-08-20T11:04:48.094+0000][1692535][info ][gc,start    ] GC(201) Pause Young (Concurrent Start) (G1 Evacuation Pause)
[2025-08-20T11:04:48.095+0000][1692535][info ][gc,task     ] GC(201) Using 1 workers of 1 for evacuation
[2025-08-20T11:04:48.095+0000][1692535][debug][gc,age      ] GC(201) Desired survivor size 20971520 bytes, new threshold 15 (max threshold 15)
[2025-08-20T11:04:48.097+0000][1692535][info ][gc,phases   ] GC(201)   Pre Evacuate Collection Set: 0.0ms
[2025-08-20T11:04:48.097+0000][1692535][info ][gc,phases   ] GC(201)   Merge Heap Roots: 0.0ms
[2025-08-20T11:04:48.097+0000][1692535][info ][gc,phases   ] GC(201)   Evacuate Collection Set: 1.1ms
[2025-08-20T11:04:48.097+0000][1692535][info ][gc,phases   ] GC(201)   Post Evacuate Collection Set: 1.0ms
[2025-08-20T11:04:48.097+0000][1692535][info ][gc,phases   ] GC(201)   Other: 0.0ms
[2025-08-20T11:04:48.097+0000][1692535][trace][gc,age      ] GC(201) Age table with threshold 15 (max threshold 15)
[2025-08-20T11:04:48.097+0000][1692535][trace][gc,age      ] GC(201) - age   1:       9512 bytes,       9512 total
[2025-08-20T11:04:48.097+0000][1692535][trace][gc,age      ] GC(201) - age   2:        248 bytes,       9760 total
[2025-08-20T11:04:48.097+0000][1692535][trace][gc,age      ] GC(201) - age  12:         64 bytes,       9824 total
[2025-08-20T11:04:48.097+0000][1692535][trace][gc,age      ] GC(201) - age  14:        184 bytes,      10008 total
[2025-08-20T11:04:48.097+0000][1692535][trace][gc,age      ] GC(201) - age  15:        168 bytes,      10176 total
[2025-08-20T11:04:48.097+0000][1692535][info ][gc,heap     ] GC(201) Eden regions: 75->0(75)
[2025-08-20T11:04:48.097+0000][1692535][info ][gc,heap     ] GC(201) Survivor regions: 1->1(10)
[2025-08-20T11:04:48.097+0000][1692535][info ][gc,heap     ] GC(201) Old regions: 22->22
[2025-08-20T11:04:48.097+0000][1692535][info ][gc,heap     ] GC(201) Humongous regions: 0->0
[2025-08-20T11:04:48.097+0000][1692535][info ][gc,metaspace] GC(201) Metaspace: 137929K(143744K)->137929K(143744K) NonClass: 119714K(123264K)->119714K(123264K) Class: 18215K(20480K)->18215K(20480K)
[2025-08-20T11:04:48.097+0000][1692535][info ][gc          ] GC(201) Pause Young (Concurrent Start) (G1 Evacuation Pause) 386M->86M(512M) 2.468ms
[2025-08-20T11:04:48.097+0000][1692535][info ][gc,cpu      ] GC(201) User=0.01s Sys=0.00s Real=0.01s
[2025-08-20T11:04:48.097+0000][1692535][info ][safepoint   ] Safepoint "G1CollectForAllocation", Time since last: 705421481964 ns, Reaching safepoint: 7431 ns, Cleanup: 2904 ns, At safepoint: 2505254 ns, Total: 2515589 ns
[2025-08-20T11:04:48.101+0000][1692535][info ][gc          ] GC(202) Concurrent Mark Cycle
[2025-08-20T11:04:48.101+0000][1692535][info ][gc,marking  ] GC(202) Concurrent Scan Root Regions
[2025-08-20T11:04:48.102+0000][1692535][info ][gc,marking  ] GC(202) Concurrent Scan Root Regions 0.402ms
[2025-08-20T11:04:48.102+0000][1692535][info ][gc,marking  ] GC(202) Concurrent Mark
[2025-08-20T11:04:48.102+0000][1692535][info ][gc,marking  ] GC(202) Concurrent Mark From Roots
[2025-08-20T11:04:48.102+0000][1692535][info ][gc,task     ] GC(202) Using 1 workers of 1 for marking
[2025-08-20T11:04:48.200+0000][1692535][info ][gc,marking  ] GC(202) Concurrent Mark From Roots 98.016ms
[2025-08-20T11:04:48.200+0000][1692535][info ][gc,marking  ] GC(202) Concurrent Preclean
[2025-08-20T11:04:48.200+0000][1692535][info ][gc,marking  ] GC(202) Concurrent Preclean 0.227ms
[2025-08-20T11:04:48.200+0000][1692535][info ][gc,start    ] GC(202) Pause Remark
[2025-08-20T11:04:48.203+0000][1692535][info ][gc          ] GC(202) Pause Remark 86M->86M(512M) 3.226ms
[2025-08-20T11:04:48.203+0000][1692535][info ][gc,cpu      ] GC(202) User=0.01s Sys=0.00s Real=0.00s
[2025-08-20T11:04:48.203+0000][1692535][info ][safepoint   ] Safepoint "G1PauseRemark", Time since last: 103331359 ns, Reaching safepoint: 5168 ns, Cleanup: 2914 ns, At safepoint: 3267395 ns, Total: 3275477 ns
[2025-08-20T11:04:48.203+0000][1692535][info ][gc,marking  ] GC(202) Concurrent Mark 101.591ms
[2025-08-20T11:04:48.203+0000][1692535][info ][gc,marking  ] GC(202) Concurrent Rebuild Remembered Sets and Scrub Regions
[2025-08-20T11:04:48.247+0000][1692535][info ][gc,marking  ] GC(202) Concurrent Rebuild Remembered Sets and Scrub Regions 43.945ms
[2025-08-20T11:04:48.247+0000][1692535][info ][gc,start    ] GC(202) Pause Cleanup
[2025-08-20T11:04:48.247+0000][1692535][info ][gc          ] GC(202) Pause Cleanup 86M->86M(512M) 0.035ms
[2025-08-20T11:04:48.247+0000][1692535][info ][gc,cpu      ] GC(202) User=0.00s Sys=0.00s Real=0.00s
[2025-08-20T11:04:48.247+0000][1692535][info ][safepoint   ] Safepoint "G1PauseCleanup", Time since last: 44002782 ns, Reaching safepoint: 3295 ns, Cleanup: 1512 ns, At safepoint: 58549 ns, Total: 63356 ns
[2025-08-20T11:04:48.247+0000][1692535][info ][gc,marking  ] GC(202) Concurrent Clear Claimed Marks
[2025-08-20T11:04:48.248+0000][1692535][info ][gc,marking  ] GC(202) Concurrent Clear Claimed Marks 0.118ms
[2025-08-20T11:04:48.248+0000][1692535][info ][gc,marking  ] GC(202) Concurrent Cleanup for Next Mark
[2025-08-20T11:04:48.258+0000][1692535][info ][gc,marking  ] GC(202) Concurrent Cleanup for Next Mark 10.428ms
[2025-08-20T11:04:48.258+0000][1692535][info ][gc          ] GC(202) Concurrent Mark Cycle 156.640ms
[2025-08-20T11:16:05.293+0000][1692535][info ][safepoint   ] Safepoint "Cleanup", Time since last: 677045366952 ns, Reaching safepoint: 43175 ns, Cleanup: 11548 ns, At safepoint: 4867 ns, Total: 59590 ns
[2025-08-20T11:16:33.505+0000][1692535][info ][gc,start    ] GC(203) Pause Young (Normal) (G1 Evacuation Pause)
[2025-08-20T11:16:33.505+0000][1692535][info ][gc,task     ] GC(203) Using 1 workers of 1 for evacuation
[2025-08-20T11:16:33.505+0000][1692535][debug][gc,age      ] GC(203) Desired survivor size 20971520 bytes, new threshold 15 (max threshold 15)
[2025-08-20T11:16:33.507+0000][1692535][info ][gc,phases   ] GC(203)   Pre Evacuate Collection Set: 0.0ms
[2025-08-20T11:16:33.507+0000][1692535][info ][gc,phases   ] GC(203)   Merge Heap Roots: 0.0ms
[2025-08-20T11:16:33.507+0000][1692535][info ][gc,phases   ] GC(203)   Evacuate Collection Set: 1.3ms
[2025-08-20T11:16:33.507+0000][1692535][info ][gc,phases   ] GC(203)   Post Evacuate Collection Set: 0.9ms
[2025-08-20T11:16:33.507+0000][1692535][info ][gc,phases   ] GC(203)   Other: 0.0ms
[2025-08-20T11:16:33.507+0000][1692535][trace][gc,age      ] GC(203) Age table with threshold 15 (max threshold 15)
[2025-08-20T11:16:33.507+0000][1692535][trace][gc,age      ] GC(203) - age   1:      10944 bytes,      10944 total
[2025-08-20T11:16:33.507+0000][1692535][trace][gc,age      ] GC(203) - age   2:        176 bytes,      11120 total
[2025-08-20T11:16:33.507+0000][1692535][trace][gc,age      ] GC(203) - age   3:        248 bytes,      11368 total
[2025-08-20T11:16:33.507+0000][1692535][trace][gc,age      ] GC(203) - age  13:         64 bytes,      11432 total
[2025-08-20T11:16:33.507+0000][1692535][trace][gc,age      ] GC(203) - age  15:        184 bytes,      11616 total
[2025-08-20T11:16:33.507+0000][1692535][info ][gc,heap     ] GC(203) Eden regions: 75->0(75)
[2025-08-20T11:16:33.507+0000][1692535][info ][gc,heap     ] GC(203) Survivor regions: 1->1(10)
[2025-08-20T11:16:33.507+0000][1692535][info ][gc,heap     ] GC(203) Old regions: 22->22
[2025-08-20T11:16:33.507+0000][1692535][info ][gc,heap     ] GC(203) Humongous regions: 0->0
[2025-08-20T11:16:33.507+0000][1692535][info ][gc,metaspace] GC(203) Metaspace: 137935K(143744K)->137935K(143744K) NonClass: 119720K(123264K)->119720K(123264K) Class: 18215K(20480K)->18215K(20480K)
[2025-08-20T11:16:33.507+0000][1692535][info ][gc          ] GC(203) Pause Young (Normal) (G1 Evacuation Pause) 386M->86M(512M) 2.405ms
[2025-08-20T11:16:33.507+0000][1692535][info ][gc,cpu      ] GC(203) User=0.00s Sys=0.00s Real=0.01s
[2025-08-20T11:16:33.507+0000][1692535][info ][safepoint   ] Safepoint "G1CollectForAllocation", Time since last: 28211355074 ns, Reaching safepoint: 326613 ns, Cleanup: 2694 ns, At safepoint: 2436670 ns, Total: 2765977 ns
[2025-08-20T11:19:53.519+0000][1692535][info ][safepoint   ] Safepoint "Cleanup", Time since last: 200011939880 ns, Reaching safepoint: 64848 ns, Cleanup: 8142 ns, At safepoint: 4857 ns, Total: 77847 ns
[2025-08-20T11:28:18.926+0000][1692535][info ][gc,start    ] GC(204) Pause Young (Concurrent Start) (G1 Evacuation Pause)
[2025-08-20T11:28:18.926+0000][1692535][info ][gc,task     ] GC(204) Using 1 workers of 1 for evacuation
[2025-08-20T11:28:18.926+0000][1692535][debug][gc,age      ] GC(204) Desired survivor size 20971520 bytes, new threshold 15 (max threshold 15)
[2025-08-20T11:28:18.929+0000][1692535][info ][gc,phases   ] GC(204)   Pre Evacuate Collection Set: 0.1ms
[2025-08-20T11:28:18.929+0000][1692535][info ][gc,phases   ] GC(204)   Merge Heap Roots: 0.0ms
[2025-08-20T11:28:18.929+0000][1692535][info ][gc,phases   ] GC(204)   Evacuate Collection Set: 1.1ms
[2025-08-20T11:28:18.929+0000][1692535][info ][gc,phases   ] GC(204)   Post Evacuate Collection Set: 1.0ms
[2025-08-20T11:28:18.929+0000][1692535][info ][gc,phases   ] GC(204)   Other: 0.3ms
[2025-08-20T11:28:18.929+0000][1692535][trace][gc,age      ] GC(204) Age table with threshold 15 (max threshold 15)
[2025-08-20T11:28:18.929+0000][1692535][trace][gc,age      ] GC(204) - age   1:      10928 bytes,      10928 total
[2025-08-20T11:28:18.929+0000][1692535][trace][gc,age      ] GC(204) - age   2:        264 bytes,      11192 total
[2025-08-20T11:28:18.929+0000][1692535][trace][gc,age      ] GC(204) - age   4:        248 bytes,      11440 total
[2025-08-20T11:28:18.929+0000][1692535][trace][gc,age      ] GC(204) - age  14:         64 bytes,      11504 total
[2025-08-20T11:28:18.929+0000][1692535][info ][gc,heap     ] GC(204) Eden regions: 75->0(75)
[2025-08-20T11:28:18.929+0000][1692535][info ][gc,heap     ] GC(204) Survivor regions: 1->1(10)
[2025-08-20T11:28:18.929+0000][1692535][info ][gc,heap     ] GC(204) Old regions: 22->22
[2025-08-20T11:28:18.929+0000][1692535][info ][gc,heap     ] GC(204) Humongous regions: 0->0
[2025-08-20T11:28:18.929+0000][1692535][info ][gc,metaspace] GC(204) Metaspace: 137935K(143744K)->137935K(143744K) NonClass: 119720K(123264K)->119720K(123264K) Class: 18215K(20480K)->18215K(20480K)
[2025-08-20T11:28:18.929+0000][1692535][info ][gc          ] GC(204) Pause Young (Concurrent Start) (G1 Evacuation Pause) 386M->86M(512M) 2.778ms
[2025-08-20T11:28:18.929+0000][1692535][info ][gc,cpu      ] GC(204) User=0.01s Sys=0.00s Real=0.00s
[2025-08-20T11:28:18.929+0000][1692535][info ][safepoint   ] Safepoint "G1CollectForAllocation", Time since last: 505406808711 ns, Reaching safepoint: 7782 ns, Cleanup: 2784 ns, At safepoint: 2816624 ns, Total: 2827190 ns
[2025-08-20T11:28:18.933+0000][1692535][info ][gc          ] GC(205) Concurrent Mark Cycle
[2025-08-20T11:28:18.933+0000][1692535][info ][gc,marking  ] GC(205) Concurrent Scan Root Regions
[2025-08-20T11:28:18.934+0000][1692535][info ][gc,marking  ] GC(205) Concurrent Scan Root Regions 0.452ms
[2025-08-20T11:28:18.934+0000][1692535][info ][gc,marking  ] GC(205) Concurrent Mark
[2025-08-20T11:28:18.934+0000][1692535][info ][gc,marking  ] GC(205) Concurrent Mark From Roots
[2025-08-20T11:28:18.934+0000][1692535][info ][gc,task     ] GC(205) Using 1 workers of 1 for marking
[2025-08-20T11:28:19.041+0000][1692535][info ][gc,marking  ] GC(205) Concurrent Mark From Roots 107.202ms
[2025-08-20T11:28:19.041+0000][1692535][info ][gc,marking  ] GC(205) Concurrent Preclean
[2025-08-20T11:28:19.041+0000][1692535][info ][gc,marking  ] GC(205) Concurrent Preclean 0.264ms
[2025-08-20T11:28:19.041+0000][1692535][info ][gc,start    ] GC(205) Pause Remark
[2025-08-20T11:28:19.045+0000][1692535][info ][gc          ] GC(205) Pause Remark 86M->86M(512M) 3.266ms
[2025-08-20T11:28:19.045+0000][1692535][info ][gc,cpu      ] GC(205) User=0.00s Sys=0.00s Real=0.00s
[2025-08-20T11:28:19.045+0000][1692535][info ][safepoint   ] Safepoint "G1PauseRemark", Time since last: 112672036 ns, Reaching safepoint: 10736 ns, Cleanup: 3045 ns, At safepoint: 3299282 ns, Total: 3313063 ns
[2025-08-20T11:28:19.045+0000][1692535][info ][gc,marking  ] GC(205) Concurrent Mark 110.853ms
[2025-08-20T11:28:19.045+0000][1692535][info ][gc,marking  ] GC(205) Concurrent Rebuild Remembered Sets and Scrub Regions
[2025-08-20T11:28:19.098+0000][1692535][info ][gc,marking  ] GC(205) Concurrent Rebuild Remembered Sets and Scrub Regions 53.479ms
[2025-08-20T11:28:19.098+0000][1692535][info ][gc,start    ] GC(205) Pause Cleanup
[2025-08-20T11:28:19.098+0000][1692535][info ][gc          ] GC(205) Pause Cleanup 86M->86M(512M) 0.038ms
[2025-08-20T11:28:19.098+0000][1692535][info ][gc,cpu      ] GC(205) User=0.00s Sys=0.00s Real=0.00s
[2025-08-20T11:28:19.098+0000][1692535][info ][safepoint   ] Safepoint "G1PauseCleanup", Time since last: 53534583 ns, Reaching safepoint: 3666 ns, Cleanup: 2023 ns, At safepoint: 63265 ns, Total: 68954 ns
[2025-08-20T11:28:19.098+0000][1692535][info ][gc,marking  ] GC(205) Concurrent Clear Claimed Marks
[2025-08-20T11:28:19.098+0000][1692535][info ][gc,marking  ] GC(205) Concurrent Clear Claimed Marks 0.149ms
[2025-08-20T11:28:19.098+0000][1692535][info ][gc,marking  ] GC(205) Concurrent Cleanup for Next Mark
[2025-08-20T11:28:19.104+0000][1692535][info ][gc,marking  ] GC(205) Concurrent Cleanup for Next Mark 5.796ms
[2025-08-20T11:28:19.104+0000][1692535][info ][gc          ] GC(205) Concurrent Mark Cycle 170.898ms
[2025-08-20T11:34:39.125+0000][1692535][info ][safepoint   ] Safepoint "Cleanup", Time since last: 380026840277 ns, Reaching safepoint: 36775 ns, Cleanup: 10997 ns, At safepoint: 2704 ns, Total: 50476 ns
[2025-08-20T11:40:05.183+0000][1692535][info ][gc,start    ] GC(206) Pause Young (Normal) (G1 Evacuation Pause)
[2025-08-20T11:40:05.184+0000][1692535][info ][gc,task     ] GC(206) Using 1 workers of 1 for evacuation
[2025-08-20T11:40:05.184+0000][1692535][debug][gc,age      ] GC(206) Desired survivor size 20971520 bytes, new threshold 15 (max threshold 15)
[2025-08-20T11:40:05.186+0000][1692535][info ][gc,phases   ] GC(206)   Pre Evacuate Collection Set: 0.0ms
[2025-08-20T11:40:05.186+0000][1692535][info ][gc,phases   ] GC(206)   Merge Heap Roots: 0.0ms
[2025-08-20T11:40:05.186+0000][1692535][info ][gc,phases   ] GC(206)   Evacuate Collection Set: 1.3ms
[2025-08-20T11:40:05.186+0000][1692535][info ][gc,phases   ] GC(206)   Post Evacuate Collection Set: 0.7ms
[2025-08-20T11:40:05.186+0000][1692535][info ][gc,phases   ] GC(206)   Other: 0.0ms
[2025-08-20T11:40:05.186+0000][1692535][trace][gc,age      ] GC(206) Age table with threshold 15 (max threshold 15)
[2025-08-20T11:40:05.186+0000][1692535][trace][gc,age      ] GC(206) - age   1:       9744 bytes,       9744 total
[2025-08-20T11:40:05.186+0000][1692535][trace][gc,age      ] GC(206) - age   2:         72 bytes,       9816 total
[2025-08-20T11:40:05.186+0000][1692535][trace][gc,age      ] GC(206) - age   3:         88 bytes,       9904 total
[2025-08-20T11:40:05.186+0000][1692535][trace][gc,age      ] GC(206) - age   5:        248 bytes,      10152 total
[2025-08-20T11:40:05.186+0000][1692535][trace][gc,age      ] GC(206) - age  15:         64 bytes,      10216 total
[2025-08-20T11:40:05.186+0000][1692535][info ][gc,heap     ] GC(206) Eden regions: 75->0(75)
[2025-08-20T11:40:05.186+0000][1692535][info ][gc,heap     ] GC(206) Survivor regions: 1->1(10)
[2025-08-20T11:40:05.186+0000][1692535][info ][gc,heap     ] GC(206) Old regions: 22->22
[2025-08-20T11:40:05.186+0000][1692535][info ][gc,heap     ] GC(206) Humongous regions: 0->0
[2025-08-20T11:40:05.186+0000][1692535][info ][gc,metaspace] GC(206) Metaspace: 137935K(143744K)->137935K(143744K) NonClass: 119720K(123264K)->119720K(123264K) Class: 18215K(20480K)->18215K(20480K)
[2025-08-20T11:40:05.186+0000][1692535][info ][gc          ] GC(206) Pause Young (Normal) (G1 Evacuation Pause) 386M->86M(512M) 2.730ms
[2025-08-20T11:40:05.186+0000][1692535][info ][gc,cpu      ] GC(206) User=0.00s Sys=0.00s Real=0.01s
[2025-08-20T11:40:05.186+0000][1692535][info ][safepoint   ] Safepoint "G1CollectForAllocation", Time since last: 326058287113 ns, Reaching safepoint: 7251 ns, Cleanup: 3516 ns, At safepoint: 2764564 ns, Total: 2775331 ns
[2025-08-20T11:51:49.898+0000][1692535][info ][gc,start    ] GC(207) Pause Young (Concurrent Start) (G1 Evacuation Pause)
[2025-08-20T11:51:49.898+0000][1692535][info ][gc,task     ] GC(207) Using 1 workers of 1 for evacuation
[2025-08-20T11:51:49.899+0000][1692535][debug][gc,age      ] GC(207) Desired survivor size 20971520 bytes, new threshold 15 (max threshold 15)
[2025-08-20T11:51:49.901+0000][1692535][info ][gc,phases   ] GC(207)   Pre Evacuate Collection Set: 0.0ms
[2025-08-20T11:51:49.901+0000][1692535][info ][gc,phases   ] GC(207)   Merge Heap Roots: 0.0ms
[2025-08-20T11:51:49.901+0000][1692535][info ][gc,phases   ] GC(207)   Evacuate Collection Set: 1.1ms
[2025-08-20T11:51:49.901+0000][1692535][info ][gc,phases   ] GC(207)   Post Evacuate Collection Set: 1.0ms
[2025-08-20T11:51:49.901+0000][1692535][info ][gc,phases   ] GC(207)   Other: 0.0ms
[2025-08-20T11:51:49.901+0000][1692535][trace][gc,age      ] GC(207) Age table with threshold 15 (max threshold 15)
[2025-08-20T11:51:49.901+0000][1692535][trace][gc,age      ] GC(207) - age   1:      11208 bytes,      11208 total
[2025-08-20T11:51:49.901+0000][1692535][trace][gc,age      ] GC(207) - age   3:         72 bytes,      11280 total
[2025-08-20T11:51:49.901+0000][1692535][trace][gc,age      ] GC(207) - age   4:         88 bytes,      11368 total
[2025-08-20T11:51:49.901+0000][1692535][trace][gc,age      ] GC(207) - age   6:         72 bytes,      11440 total
[2025-08-20T11:51:49.901+0000][1692535][info ][gc,heap     ] GC(207) Eden regions: 75->0(75)
[2025-08-20T11:51:49.901+0000][1692535][info ][gc,heap     ] GC(207) Survivor regions: 1->1(10)
[2025-08-20T11:51:49.901+0000][1692535][info ][gc,heap     ] GC(207) Old regions: 22->22
[2025-08-20T11:51:49.901+0000][1692535][info ][gc,heap     ] GC(207) Humongous regions: 0->0
[2025-08-20T11:51:49.901+0000][1692535][info ][gc,metaspace] GC(207) Metaspace: 137935K(143744K)->137935K(143744K) NonClass: 119720K(123264K)->119720K(123264K) Class: 18215K(20480K)->18215K(20480K)
[2025-08-20T11:51:49.901+0000][1692535][info ][gc          ] GC(207) Pause Young (Concurrent Start) (G1 Evacuation Pause) 386M->86M(512M) 2.475ms
[2025-08-20T11:51:49.901+0000][1692535][info ][gc,cpu      ] GC(207) User=0.00s Sys=0.00s Real=0.00s
[2025-08-20T11:51:49.901+0000][1692535][info ][safepoint   ] Safepoint "G1CollectForAllocation", Time since last: 704711727705 ns, Reaching safepoint: 321215 ns, Cleanup: 2904 ns, At safepoint: 2512754 ns, Total: 2836873 ns
[2025-08-20T11:51:49.906+0000][1692535][info ][gc          ] GC(208) Concurrent Mark Cycle
[2025-08-20T11:51:49.906+0000][1692535][info ][gc,marking  ] GC(208) Concurrent Scan Root Regions
[2025-08-20T11:51:49.907+0000][1692535][info ][gc,marking  ] GC(208) Concurrent Scan Root Regions 0.391ms
[2025-08-20T11:51:49.907+0000][1692535][info ][gc,marking  ] GC(208) Concurrent Mark
[2025-08-20T11:51:49.907+0000][1692535][info ][gc,marking  ] GC(208) Concurrent Mark From Roots
[2025-08-20T11:51:49.907+0000][1692535][info ][gc,task     ] GC(208) Using 1 workers of 1 for marking
[2025-08-20T11:51:50.002+0000][1692535][info ][gc,marking  ] GC(208) Concurrent Mark From Roots 95.331ms
[2025-08-20T11:51:50.002+0000][1692535][info ][gc,marking  ] GC(208) Concurrent Preclean
[2025-08-20T11:51:50.002+0000][1692535][info ][gc,marking  ] GC(208) Concurrent Preclean 0.219ms
[2025-08-20T11:51:50.002+0000][1692535][info ][gc,start    ] GC(208) Pause Remark
[2025-08-20T11:51:50.006+0000][1692535][info ][gc          ] GC(208) Pause Remark 86M->86M(512M) 3.261ms
[2025-08-20T11:51:50.006+0000][1692535][info ][gc,cpu      ] GC(208) User=0.00s Sys=0.00s Real=0.01s
[2025-08-20T11:51:50.006+0000][1692535][info ][safepoint   ] Safepoint "G1PauseRemark", Time since last: 101587203 ns, Reaching safepoint: 4667 ns, Cleanup: 2815 ns, At safepoint: 3303077 ns, Total: 3310559 ns
[2025-08-20T11:51:50.006+0000][1692535][info ][gc,marking  ] GC(208) Concurrent Mark 98.938ms
[2025-08-20T11:51:50.006+0000][1692535][info ][gc,marking  ] GC(208) Concurrent Rebuild Remembered Sets and Scrub Regions
[2025-08-20T11:51:50.052+0000][1692535][info ][gc,marking  ] GC(208) Concurrent Rebuild Remembered Sets and Scrub Regions 45.979ms
[2025-08-20T11:51:50.052+0000][1692535][info ][gc,start    ] GC(208) Pause Cleanup
[2025-08-20T11:51:50.052+0000][1692535][info ][gc          ] GC(208) Pause Cleanup 86M->86M(512M) 0.030ms
[2025-08-20T11:51:50.052+0000][1692535][info ][gc,cpu      ] GC(208) User=0.00s Sys=0.00s Real=0.00s
[2025-08-20T11:51:50.052+0000][1692535][info ][safepoint   ] Safepoint "G1PauseCleanup", Time since last: 46029518 ns, Reaching safepoint: 3705 ns, Cleanup: 1312 ns, At safepoint: 54212 ns, Total: 59229 ns
[2025-08-20T11:51:50.052+0000][1692535][info ][gc,marking  ] GC(208) Concurrent Clear Claimed Marks
[2025-08-20T11:51:50.052+0000][1692535][info ][gc,marking  ] GC(208) Concurrent Clear Claimed Marks 0.134ms
[2025-08-20T11:51:50.052+0000][1692535][info ][gc,marking  ] GC(208) Concurrent Cleanup for Next Mark
[2025-08-20T11:51:50.057+0000][1692535][info ][gc,marking  ] GC(208) Concurrent Cleanup for Next Mark 4.983ms
[2025-08-20T11:51:50.057+0000][1692535][info ][gc          ] GC(208) Concurrent Mark Cycle 150.567ms
[2025-08-20T12:03:35.342+0000][1692535][info ][gc,start    ] GC(209) Pause Young (Normal) (G1 Evacuation Pause)
[2025-08-20T12:03:35.342+0000][1692535][info ][gc,task     ] GC(209) Using 1 workers of 1 for evacuation
[2025-08-20T12:03:35.342+0000][1692535][debug][gc,age      ] GC(209) Desired survivor size 20971520 bytes, new threshold 15 (max threshold 15)
[2025-08-20T12:03:35.344+0000][1692535][info ][gc,phases   ] GC(209)   Pre Evacuate Collection Set: 0.0ms
[2025-08-20T12:03:35.344+0000][1692535][info ][gc,phases   ] GC(209)   Merge Heap Roots: 0.0ms
[2025-08-20T12:03:35.344+0000][1692535][info ][gc,phases   ] GC(209)   Evacuate Collection Set: 1.3ms
[2025-08-20T12:03:35.344+0000][1692535][info ][gc,phases   ] GC(209)   Post Evacuate Collection Set: 1.0ms
[2025-08-20T12:03:35.344+0000][1692535][info ][gc,phases   ] GC(209)   Other: 0.0ms
[2025-08-20T12:03:35.344+0000][1692535][trace][gc,age      ] GC(209) Age table with threshold 15 (max threshold 15)
[2025-08-20T12:03:35.344+0000][1692535][trace][gc,age      ] GC(209) - age   1:      10976 bytes,      10976 total
[2025-08-20T12:03:35.344+0000][1692535][trace][gc,age      ] GC(209) - age   2:        176 bytes,      11152 total
[2025-08-20T12:03:35.344+0000][1692535][trace][gc,age      ] GC(209) - age   4:         72 bytes,      11224 total
[2025-08-20T12:03:35.344+0000][1692535][trace][gc,age      ] GC(209) - age   5:         88 bytes,      11312 total
[2025-08-20T12:03:35.344+0000][1692535][trace][gc,age      ] GC(209) - age   7:         72 bytes,      11384 total
[2025-08-20T12:03:35.344+0000][1692535][info ][gc,heap     ] GC(209) Eden regions: 75->0(75)
[2025-08-20T12:03:35.344+0000][1692535][info ][gc,heap     ] GC(209) Survivor regions: 1->1(10)
[2025-08-20T12:03:35.344+0000][1692535][info ][gc,heap     ] GC(209) Old regions: 22->22
[2025-08-20T12:03:35.344+0000][1692535][info ][gc,heap     ] GC(209) Humongous regions: 0->0
[2025-08-20T12:03:35.344+0000][1692535][info ][gc,metaspace] GC(209) Metaspace: 137935K(143744K)->137935K(143744K) NonClass: 119720K(123264K)->119720K(123264K) Class: 18215K(20480K)->18215K(20480K)
[2025-08-20T12:03:35.344+0000][1692535][info ][gc          ] GC(209) Pause Young (Normal) (G1 Evacuation Pause) 386M->86M(512M) 2.713ms
[2025-08-20T12:03:35.344+0000][1692535][info ][gc,cpu      ] GC(209) User=0.00s Sys=0.00s Real=0.00s
[2025-08-20T12:03:35.344+0000][1692535][info ][safepoint   ] Safepoint "G1CollectForAllocation", Time since last: 705289788142 ns, Reaching safepoint: 7040 ns, Cleanup: 3495 ns, At safepoint: 2749192 ns, Total: 2759727 ns
[2025-08-20T12:11:10.405+0000][1692535][info ][safepoint   ] Safepoint "Cleanup", Time since last: 455060950230 ns, Reaching safepoint: 40751 ns, Cleanup: 10596 ns, At safepoint: 5238 ns, Total: 56585 ns
[2025-08-20T12:15:22.047+0000][1692535][info ][gc,start    ] GC(210) Pause Young (Concurrent Start) (G1 Evacuation Pause)
[2025-08-20T12:15:22.047+0000][1692535][info ][gc,task     ] GC(210) Using 1 workers of 1 for evacuation
[2025-08-20T12:15:22.047+0000][1692535][debug][gc,age      ] GC(210) Desired survivor size 20971520 bytes, new threshold 15 (max threshold 15)
[2025-08-20T12:15:22.049+0000][1692535][info ][gc,phases   ] GC(210)   Pre Evacuate Collection Set: 0.0ms
[2025-08-20T12:15:22.049+0000][1692535][info ][gc,phases   ] GC(210)   Merge Heap Roots: 0.0ms
[2025-08-20T12:15:22.049+0000][1692535][info ][gc,phases   ] GC(210)   Evacuate Collection Set: 1.1ms
[2025-08-20T12:15:22.049+0000][1692535][info ][gc,phases   ] GC(210)   Post Evacuate Collection Set: 0.7ms
[2025-08-20T12:15:22.049+0000][1692535][info ][gc,phases   ] GC(210)   Other: 0.1ms
[2025-08-20T12:15:22.049+0000][1692535][trace][gc,age      ] GC(210) Age table with threshold 15 (max threshold 15)
[2025-08-20T12:15:22.049+0000][1692535][trace][gc,age      ] GC(210) - age   1:       9272 bytes,       9272 total
[2025-08-20T12:15:22.049+0000][1692535][trace][gc,age      ] GC(210) - age   2:        176 bytes,       9448 total
[2025-08-20T12:15:22.049+0000][1692535][trace][gc,age      ] GC(210) - age   3:        176 bytes,       9624 total
[2025-08-20T12:15:22.049+0000][1692535][trace][gc,age      ] GC(210) - age   5:         72 bytes,       9696 total
[2025-08-20T12:15:22.049+0000][1692535][trace][gc,age      ] GC(210) - age   6:         88 bytes,       9784 total
[2025-08-20T12:15:22.049+0000][1692535][trace][gc,age      ] GC(210) - age   8:         72 bytes,       9856 total
[2025-08-20T12:15:22.049+0000][1692535][info ][gc,heap     ] GC(210) Eden regions: 75->0(75)
[2025-08-20T12:15:22.049+0000][1692535][info ][gc,heap     ] GC(210) Survivor regions: 1->1(10)
[2025-08-20T12:15:22.049+0000][1692535][info ][gc,heap     ] GC(210) Old regions: 22->22
[2025-08-20T12:15:22.049+0000][1692535][info ][gc,heap     ] GC(210) Humongous regions: 0->0
[2025-08-20T12:15:22.049+0000][1692535][info ][gc,metaspace] GC(210) Metaspace: 137935K(143744K)->137935K(143744K) NonClass: 119720K(123264K)->119720K(123264K) Class: 18215K(20480K)->18215K(20480K)
[2025-08-20T12:15:22.049+0000][1692535][info ][gc          ] GC(210) Pause Young (Concurrent Start) (G1 Evacuation Pause) 386M->86M(512M) 2.460ms
[2025-08-20T12:15:22.049+0000][1692535][info ][gc,cpu      ] GC(210) User=0.00s Sys=0.00s Real=0.00s
[2025-08-20T12:15:22.049+0000][1692535][info ][safepoint   ] Safepoint "G1CollectForAllocation", Time since last: 251641476199 ns, Reaching safepoint: 7972 ns, Cleanup: 3645 ns, At safepoint: 2496430 ns, Total: 2508047 ns
[2025-08-20T12:15:22.056+0000][1692535][info ][gc          ] GC(211) Concurrent Mark Cycle
[2025-08-20T12:15:22.056+0000][1692535][info ][gc,marking  ] GC(211) Concurrent Scan Root Regions
[2025-08-20T12:15:22.057+0000][1692535][info ][gc,marking  ] GC(211) Concurrent Scan Root Regions 0.408ms
[2025-08-20T12:15:22.057+0000][1692535][info ][gc,marking  ] GC(211) Concurrent Mark
[2025-08-20T12:15:22.057+0000][1692535][info ][gc,marking  ] GC(211) Concurrent Mark From Roots
[2025-08-20T12:15:22.057+0000][1692535][info ][gc,task     ] GC(211) Using 1 workers of 1 for marking
[2025-08-20T12:15:22.152+0000][1692535][info ][gc,marking  ] GC(211) Concurrent Mark From Roots 94.710ms
[2025-08-20T12:15:22.152+0000][1692535][info ][gc,marking  ] GC(211) Concurrent Preclean
[2025-08-20T12:15:22.152+0000][1692535][info ][gc,marking  ] GC(211) Concurrent Preclean 0.220ms
[2025-08-20T12:15:22.152+0000][1692535][info ][gc,start    ] GC(211) Pause Remark
[2025-08-20T12:15:22.155+0000][1692535][info ][gc          ] GC(211) Pause Remark 86M->86M(512M) 3.138ms
[2025-08-20T12:15:22.155+0000][1692535][info ][gc,cpu      ] GC(211) User=0.01s Sys=0.00s Real=0.00s
[2025-08-20T12:15:22.155+0000][1692535][info ][safepoint   ] Safepoint "G1PauseRemark", Time since last: 102474978 ns, Reaching safepoint: 4857 ns, Cleanup: 3175 ns, At safepoint: 3176306 ns, Total: 3184338 ns
[2025-08-20T12:15:22.155+0000][1692535][info ][gc,marking  ] GC(211) Concurrent Mark 98.199ms
[2025-08-20T12:15:22.155+0000][1692535][info ][gc,marking  ] GC(211) Concurrent Rebuild Remembered Sets and Scrub Regions
[2025-08-20T12:15:22.202+0000][1692535][info ][gc,marking  ] GC(211) Concurrent Rebuild Remembered Sets and Scrub Regions 46.660ms
[2025-08-20T12:15:22.202+0000][1692535][info ][gc,start    ] GC(211) Pause Cleanup
[2025-08-20T12:15:22.202+0000][1692535][info ][gc          ] GC(211) Pause Cleanup 86M->86M(512M) 0.035ms
[2025-08-20T12:15:22.202+0000][1692535][info ][gc,cpu      ] GC(211) User=0.00s Sys=0.00s Real=0.00s
[2025-08-20T12:15:22.202+0000][1692535][info ][safepoint   ] Safepoint "G1PauseCleanup", Time since last: 46711415 ns, Reaching safepoint: 4066 ns, Cleanup: 1362 ns, At safepoint: 62414 ns, Total: 67842 ns
[2025-08-20T12:15:22.202+0000][1692535][info ][gc,marking  ] GC(211) Concurrent Clear Claimed Marks
[2025-08-20T12:15:22.202+0000][1692535][info ][gc,marking  ] GC(211) Concurrent Clear Claimed Marks 0.142ms
[2025-08-20T12:15:22.202+0000][1692535][info ][gc,marking  ] GC(211) Concurrent Cleanup for Next Mark
[2025-08-20T12:15:22.212+0000][1692535][info ][gc,marking  ] GC(211) Concurrent Cleanup for Next Mark 10.289ms
[2025-08-20T12:15:22.212+0000][1692535][info ][gc          ] GC(211) Concurrent Mark Cycle 155.859ms
[2025-08-20T12:27:06.211+0000][1692535][info ][gc,start    ] GC(212) Pause Young (Normal) (G1 Evacuation Pause)
[2025-08-20T12:27:06.211+0000][1692535][info ][gc,task     ] GC(212) Using 1 workers of 1 for evacuation
[2025-08-20T12:27:06.211+0000][1692535][debug][gc,age      ] GC(212) Desired survivor size 20971520 bytes, new threshold 15 (max threshold 15)
[2025-08-20T12:27:06.214+0000][1692535][info ][gc,phases   ] GC(212)   Pre Evacuate Collection Set: 0.2ms
[2025-08-20T12:27:06.214+0000][1692535][info ][gc,phases   ] GC(212)   Merge Heap Roots: 0.0ms
[2025-08-20T12:27:06.214+0000][1692535][info ][gc,phases   ] GC(212)   Evacuate Collection Set: 1.6ms
[2025-08-20T12:27:06.214+0000][1692535][info ][gc,phases   ] GC(212)   Post Evacuate Collection Set: 1.1ms
[2025-08-20T12:27:06.214+0000][1692535][info ][gc,phases   ] GC(212)   Other: 0.2ms
[2025-08-20T12:27:06.214+0000][1692535][trace][gc,age      ] GC(212) Age table with threshold 15 (max threshold 15)
[2025-08-20T12:27:06.214+0000][1692535][trace][gc,age      ] GC(212) - age   1:      10920 bytes,      10920 total
[2025-08-20T12:27:06.214+0000][1692535][trace][gc,age      ] GC(212) - age   2:        176 bytes,      11096 total
[2025-08-20T12:27:06.214+0000][1692535][trace][gc,age      ] GC(212) - age   4:        176 bytes,      11272 total
[2025-08-20T12:27:06.214+0000][1692535][trace][gc,age      ] GC(212) - age   6:         72 bytes,      11344 total
[2025-08-20T12:27:06.214+0000][1692535][trace][gc,age      ] GC(212) - age   7:         88 bytes,      11432 total
[2025-08-20T12:27:06.214+0000][1692535][trace][gc,age      ] GC(212) - age   9:         72 bytes,      11504 total
[2025-08-20T12:27:06.214+0000][1692535][info ][gc,heap     ] GC(212) Eden regions: 75->0(75)
[2025-08-20T12:27:06.214+0000][1692535][info ][gc,heap     ] GC(212) Survivor regions: 1->1(10)
[2025-08-20T12:27:06.214+0000][1692535][info ][gc,heap     ] GC(212) Old regions: 22->22
[2025-08-20T12:27:06.214+0000][1692535][info ][gc,heap     ] GC(212) Humongous regions: 0->0
[2025-08-20T12:27:06.214+0000][1692535][info ][gc,metaspace] GC(212) Metaspace: 137935K(143744K)->137935K(143744K) NonClass: 119720K(123264K)->119720K(123264K) Class: 18215K(20480K)->18215K(20480K)
[2025-08-20T12:27:06.214+0000][1692535][info ][gc          ] GC(212) Pause Young (Normal) (G1 Evacuation Pause) 386M->86M(512M) 3.353ms
[2025-08-20T12:27:06.214+0000][1692535][info ][gc,cpu      ] GC(212) User=0.00s Sys=0.00s Real=0.00s
[2025-08-20T12:27:06.214+0000][1692535][info ][safepoint   ] Safepoint "G1CollectForAllocation", Time since last: 704009248656 ns, Reaching safepoint: 7742 ns, Cleanup: 2784 ns, At safepoint: 3388807 ns, Total: 3399333 ns
[2025-08-20T12:38:51.647+0000][1692535][info ][gc,start    ] GC(213) Pause Young (Concurrent Start) (G1 Evacuation Pause)
[2025-08-20T12:38:51.647+0000][1692535][info ][gc,task     ] GC(213) Using 1 workers of 1 for evacuation
[2025-08-20T12:38:51.647+0000][1692535][debug][gc,age      ] GC(213) Desired survivor size 20971520 bytes, new threshold 15 (max threshold 15)
[2025-08-20T12:38:51.649+0000][1692535][info ][gc,phases   ] GC(213)   Pre Evacuate Collection Set: 0.0ms
[2025-08-20T12:38:51.649+0000][1692535][info ][gc,phases   ] GC(213)   Merge Heap Roots: 0.0ms
[2025-08-20T12:38:51.649+0000][1692535][info ][gc,phases   ] GC(213)   Evacuate Collection Set: 1.1ms
[2025-08-20T12:38:51.649+0000][1692535][info ][gc,phases   ] GC(213)   Post Evacuate Collection Set: 1.0ms
[2025-08-20T12:38:51.649+0000][1692535][info ][gc,phases   ] GC(213)   Other: 0.0ms
[2025-08-20T12:38:51.649+0000][1692535][trace][gc,age      ] GC(213) Age table with threshold 15 (max threshold 15)
[2025-08-20T12:38:51.649+0000][1692535][trace][gc,age      ] GC(213) - age   1:      11032 bytes,      11032 total
[2025-08-20T12:38:51.649+0000][1692535][trace][gc,age      ] GC(213) - age   2:         64 bytes,      11096 total
[2025-08-20T12:38:51.649+0000][1692535][trace][gc,age      ] GC(213) - age   5:        176 bytes,      11272 total
[2025-08-20T12:38:51.649+0000][1692535][trace][gc,age      ] GC(213) - age   7:         72 bytes,      11344 total
[2025-08-20T12:38:51.649+0000][1692535][trace][gc,age      ] GC(213) - age   8:         88 bytes,      11432 total
[2025-08-20T12:38:51.649+0000][1692535][trace][gc,age      ] GC(213) - age  10:         72 bytes,      11504 total
[2025-08-20T12:38:51.649+0000][1692535][info ][gc,heap     ] GC(213) Eden regions: 75->0(75)
[2025-08-20T12:38:51.649+0000][1692535][info ][gc,heap     ] GC(213) Survivor regions: 1->1(10)
[2025-08-20T12:38:51.649+0000][1692535][info ][gc,heap     ] GC(213) Old regions: 22->22
[2025-08-20T12:38:51.649+0000][1692535][info ][gc,heap     ] GC(213) Humongous regions: 0->0
[2025-08-20T12:38:51.649+0000][1692535][info ][gc,metaspace] GC(213) Metaspace: 137935K(143744K)->137935K(143744K) NonClass: 119720K(123264K)->119720K(123264K) Class: 18215K(20480K)->18215K(20480K)
[2025-08-20T12:38:51.649+0000][1692535][info ][gc          ] GC(213) Pause Young (Concurrent Start) (G1 Evacuation Pause) 386M->86M(512M) 2.470ms
[2025-08-20T12:38:51.649+0000][1692535][info ][gc,cpu      ] GC(213) User=0.00s Sys=0.00s Real=0.00s
[2025-08-20T12:38:51.649+0000][1692535][info ][safepoint   ] Safepoint "G1CollectForAllocation", Time since last: 705432325679 ns, Reaching safepoint: 7011 ns, Cleanup: 2864 ns, At safepoint: 2506254 ns, Total: 2516129 ns
[2025-08-20T12:38:51.652+0000][1692535][info ][gc          ] GC(214) Concurrent Mark Cycle
[2025-08-20T12:38:51.652+0000][1692535][info ][gc,marking  ] GC(214) Concurrent Scan Root Regions
[2025-08-20T12:38:51.653+0000][1692535][info ][gc,marking  ] GC(214) Concurrent Scan Root Regions 0.450ms
[2025-08-20T12:38:51.653+0000][1692535][info ][gc,marking  ] GC(214) Concurrent Mark
[2025-08-20T12:38:51.653+0000][1692535][info ][gc,marking  ] GC(214) Concurrent Mark From Roots
[2025-08-20T12:38:51.653+0000][1692535][info ][gc,task     ] GC(214) Using 1 workers of 1 for marking
[2025-08-20T12:38:51.747+0000][1692535][info ][gc,marking  ] GC(214) Concurrent Mark From Roots 94.603ms
[2025-08-20T12:38:51.747+0000][1692535][info ][gc,marking  ] GC(214) Concurrent Preclean
[2025-08-20T12:38:51.748+0000][1692535][info ][gc,marking  ] GC(214) Concurrent Preclean 0.224ms
[2025-08-20T12:38:51.748+0000][1692535][info ][gc,start    ] GC(214) Pause Remark
[2025-08-20T12:38:51.751+0000][1692535][info ][gc          ] GC(214) Pause Remark 86M->86M(512M) 3.258ms
[2025-08-20T12:38:51.751+0000][1692535][info ][gc,cpu      ] GC(214) User=0.00s Sys=0.00s Real=0.00s
[2025-08-20T12:38:51.751+0000][1692535][info ][safepoint   ] Safepoint "G1PauseRemark", Time since last: 98468975 ns, Reaching safepoint: 5048 ns, Cleanup: 2604 ns, At safepoint: 3298961 ns, Total: 3306613 ns
[2025-08-20T12:38:51.751+0000][1692535][info ][gc,marking  ] GC(214) Concurrent Mark 98.221ms
[2025-08-20T12:38:51.751+0000][1692535][info ][gc,marking  ] GC(214) Concurrent Rebuild Remembered Sets and Scrub Regions
[2025-08-20T12:38:51.799+0000][1692535][info ][gc,marking  ] GC(214) Concurrent Rebuild Remembered Sets and Scrub Regions 48.416ms
[2025-08-20T12:38:51.800+0000][1692535][info ][gc,start    ] GC(214) Pause Cleanup
[2025-08-20T12:38:51.800+0000][1692535][info ][gc          ] GC(214) Pause Cleanup 86M->86M(512M) 0.036ms
[2025-08-20T12:38:51.800+0000][1692535][info ][gc,cpu      ] GC(214) User=0.00s Sys=0.00s Real=0.00s
[2025-08-20T12:38:51.800+0000][1692535][info ][safepoint   ] Safepoint "G1PauseCleanup", Time since last: 48482748 ns, Reaching safepoint: 3776 ns, Cleanup: 1422 ns, At safepoint: 60331 ns, Total: 65529 ns
[2025-08-20T12:38:51.800+0000][1692535][info ][gc,marking  ] GC(214) Concurrent Clear Claimed Marks
[2025-08-20T12:38:51.800+0000][1692535][info ][gc,marking  ] GC(214) Concurrent Clear Claimed Marks 0.130ms
[2025-08-20T12:38:51.800+0000][1692535][info ][gc,marking  ] GC(214) Concurrent Cleanup for Next Mark
[2025-08-20T12:38:51.803+0000][1692535][info ][gc,marking  ] GC(214) Concurrent Cleanup for Next Mark 3.176ms
[2025-08-20T12:38:51.803+0000][1692535][info ][gc          ] GC(214) Concurrent Mark Cycle 150.551ms
[2025-08-20T12:50:37.255+0000][1692535][info ][gc,start    ] GC(215) Pause Young (Normal) (G1 Evacuation Pause)
[2025-08-20T12:50:37.255+0000][1692535][info ][gc,task     ] GC(215) Using 1 workers of 1 for evacuation
[2025-08-20T12:50:37.255+0000][1692535][debug][gc,age      ] GC(215) Desired survivor size 20971520 bytes, new threshold 15 (max threshold 15)
[2025-08-20T12:50:37.257+0000][1692535][info ][gc,phases   ] GC(215)   Pre Evacuate Collection Set: 0.0ms
[2025-08-20T12:50:37.257+0000][1692535][info ][gc,phases   ] GC(215)   Merge Heap Roots: 0.0ms
[2025-08-20T12:50:37.257+0000][1692535][info ][gc,phases   ] GC(215)   Evacuate Collection Set: 1.3ms
[2025-08-20T12:50:37.257+0000][1692535][info ][gc,phases   ] GC(215)   Post Evacuate Collection Set: 0.8ms
[2025-08-20T12:50:37.257+0000][1692535][info ][gc,phases   ] GC(215)   Other: 0.0ms
[2025-08-20T12:50:37.257+0000][1692535][trace][gc,age      ] GC(215) Age table with threshold 15 (max threshold 15)
[2025-08-20T12:50:37.257+0000][1692535][trace][gc,age      ] GC(215) - age   1:       9680 bytes,       9680 total
[2025-08-20T12:50:37.257+0000][1692535][trace][gc,age      ] GC(215) - age   3:         64 bytes,       9744 total
[2025-08-20T12:50:37.257+0000][1692535][trace][gc,age      ] GC(215) - age   8:         72 bytes,       9816 total
[2025-08-20T12:50:37.257+0000][1692535][trace][gc,age      ] GC(215) - age   9:         88 bytes,       9904 total
[2025-08-20T12:50:37.257+0000][1692535][trace][gc,age      ] GC(215) - age  11:         72 bytes,       9976 total
[2025-08-20T12:50:37.257+0000][1692535][info ][gc,heap     ] GC(215) Eden regions: 75->0(75)
[2025-08-20T12:50:37.257+0000][1692535][info ][gc,heap     ] GC(215) Survivor regions: 1->1(10)
[2025-08-20T12:50:37.257+0000][1692535][info ][gc,heap     ] GC(215) Old regions: 22->22
[2025-08-20T12:50:37.257+0000][1692535][info ][gc,heap     ] GC(215) Humongous regions: 0->0
[2025-08-20T12:50:37.257+0000][1692535][info ][gc,metaspace] GC(215) Metaspace: 137935K(143744K)->137935K(143744K) NonClass: 119720K(123264K)->119720K(123264K) Class: 18215K(20480K)->18215K(20480K)
[2025-08-20T12:50:37.257+0000][1692535][info ][gc          ] GC(215) Pause Young (Normal) (G1 Evacuation Pause) 386M->86M(512M) 2.766ms
[2025-08-20T12:50:37.257+0000][1692535][info ][gc,cpu      ] GC(215) User=0.01s Sys=0.00s Real=0.01s
[2025-08-20T12:50:37.257+0000][1692535][info ][safepoint   ] Safepoint "G1CollectForAllocation", Time since last: 705454920895 ns, Reaching safepoint: 7772 ns, Cleanup: 3545 ns, At safepoint: 2800810 ns, Total: 2812127 ns
[2025-08-20T13:02:22.742+0000][1692535][info ][gc,start    ] GC(216) Pause Young (Concurrent Start) (G1 Evacuation Pause)
[2025-08-20T13:02:22.742+0000][1692535][info ][gc,task     ] GC(216) Using 1 workers of 1 for evacuation
[2025-08-20T13:02:22.742+0000][1692535][debug][gc,age      ] GC(216) Desired survivor size 20971520 bytes, new threshold 15 (max threshold 15)
[2025-08-20T13:02:22.744+0000][1692535][info ][gc,phases   ] GC(216)   Pre Evacuate Collection Set: 0.1ms
[2025-08-20T13:02:22.744+0000][1692535][info ][gc,phases   ] GC(216)   Merge Heap Roots: 0.0ms
[2025-08-20T13:02:22.744+0000][1692535][info ][gc,phases   ] GC(216)   Evacuate Collection Set: 1.1ms
[2025-08-20T13:02:22.744+0000][1692535][info ][gc,phases   ] GC(216)   Post Evacuate Collection Set: 0.9ms
[2025-08-20T13:02:22.744+0000][1692535][info ][gc,phases   ] GC(216)   Other: 0.0ms
[2025-08-20T13:02:22.744+0000][1692535][trace][gc,age      ] GC(216) Age table with threshold 15 (max threshold 15)
[2025-08-20T13:02:22.744+0000][1692535][trace][gc,age      ] GC(216) - age   1:      11880 bytes,      11880 total
[2025-08-20T13:02:22.744+0000][1692535][trace][gc,age      ] GC(216) - age   2:        176 bytes,      12056 total
[2025-08-20T13:02:22.744+0000][1692535][trace][gc,age      ] GC(216) - age   4:         64 bytes,      12120 total
[2025-08-20T13:02:22.744+0000][1692535][trace][gc,age      ] GC(216) - age   9:         72 bytes,      12192 total
[2025-08-20T13:02:22.744+0000][1692535][trace][gc,age      ] GC(216) - age  10:         88 bytes,      12280 total
[2025-08-20T13:02:22.744+0000][1692535][trace][gc,age      ] GC(216) - age  12:         72 bytes,      12352 total
[2025-08-20T13:02:22.745+0000][1692535][info ][gc,heap     ] GC(216) Eden regions: 75->0(75)
[2025-08-20T13:02:22.745+0000][1692535][info ][gc,heap     ] GC(216) Survivor regions: 1->1(10)
[2025-08-20T13:02:22.745+0000][1692535][info ][gc,heap     ] GC(216) Old regions: 22->22
[2025-08-20T13:02:22.745+0000][1692535][info ][gc,heap     ] GC(216) Humongous regions: 0->0
[2025-08-20T13:02:22.745+0000][1692535][info ][gc,metaspace] GC(216) Metaspace: 137939K(143744K)->137939K(143744K) NonClass: 119723K(123264K)->119723K(123264K) Class: 18216K(20480K)->18216K(20480K)
[2025-08-20T13:02:22.745+0000][1692535][info ][gc          ] GC(216) Pause Young (Concurrent Start) (G1 Evacuation Pause) 386M->86M(512M) 2.430ms
[2025-08-20T13:02:22.745+0000][1692535][info ][gc,cpu      ] GC(216) User=0.00s Sys=0.00s Real=0.00s
[2025-08-20T13:02:22.745+0000][1692535][info ][safepoint   ] Safepoint "G1CollectForAllocation", Time since last: 705484762788 ns, Reaching safepoint: 7121 ns, Cleanup: 2594 ns, At safepoint: 2467576 ns, Total: 2477291 ns
[2025-08-20T13:02:22.749+0000][1692535][info ][gc          ] GC(217) Concurrent Mark Cycle
[2025-08-20T13:02:22.749+0000][1692535][info ][gc,marking  ] GC(217) Concurrent Scan Root Regions
[2025-08-20T13:02:22.750+0000][1692535][info ][gc,marking  ] GC(217) Concurrent Scan Root Regions 0.395ms
[2025-08-20T13:02:22.750+0000][1692535][info ][gc,marking  ] GC(217) Concurrent Mark
[2025-08-20T13:02:22.750+0000][1692535][info ][gc,marking  ] GC(217) Concurrent Mark From Roots
[2025-08-20T13:02:22.750+0000][1692535][info ][gc,task     ] GC(217) Using 1 workers of 1 for marking
[2025-08-20T13:02:22.858+0000][1692535][info ][gc,marking  ] GC(217) Concurrent Mark From Roots 108.159ms
[2025-08-20T13:02:22.858+0000][1692535][info ][gc,marking  ] GC(217) Concurrent Preclean
[2025-08-20T13:02:22.858+0000][1692535][info ][gc,marking  ] GC(217) Concurrent Preclean 0.246ms
[2025-08-20T13:02:22.858+0000][1692535][info ][gc,start    ] GC(217) Pause Remark
[2025-08-20T13:02:22.861+0000][1692535][info ][gc          ] GC(217) Pause Remark 86M->86M(512M) 3.215ms
[2025-08-20T13:02:22.861+0000][1692535][info ][gc,cpu      ] GC(217) User=0.00s Sys=0.00s Real=0.00s
[2025-08-20T13:02:22.861+0000][1692535][info ][safepoint   ] Safepoint "G1PauseRemark", Time since last: 113698307 ns, Reaching safepoint: 4988 ns, Cleanup: 2804 ns, At safepoint: 3250909 ns, Total: 3258701 ns
[2025-08-20T13:02:22.862+0000][1692535][info ][gc,marking  ] GC(217) Concurrent Mark 111.735ms
[2025-08-20T13:02:22.862+0000][1692535][info ][gc,marking  ] GC(217) Concurrent Rebuild Remembered Sets and Scrub Regions
[2025-08-20T13:02:22.905+0000][1692535][info ][gc,marking  ] GC(217) Concurrent Rebuild Remembered Sets and Scrub Regions 43.452ms
[2025-08-20T13:02:22.905+0000][1692535][info ][gc,start    ] GC(217) Pause Cleanup
[2025-08-20T13:02:22.905+0000][1692535][info ][gc          ] GC(217) Pause Cleanup 86M->86M(512M) 0.033ms
[2025-08-20T13:02:22.905+0000][1692535][info ][gc,cpu      ] GC(217) User=0.00s Sys=0.00s Real=0.00s
[2025-08-20T13:02:22.905+0000][1692535][info ][safepoint   ] Safepoint "G1PauseCleanup", Time since last: 43506066 ns, Reaching safepoint: 3605 ns, Cleanup: 1693 ns, At safepoint: 56625 ns, Total: 61923 ns
[2025-08-20T13:02:22.905+0000][1692535][info ][gc,marking  ] GC(217) Concurrent Clear Claimed Marks
[2025-08-20T13:02:22.905+0000][1692535][info ][gc,marking  ] GC(217) Concurrent Clear Claimed Marks 0.115ms
[2025-08-20T13:02:22.905+0000][1692535][info ][gc,marking  ] GC(217) Concurrent Cleanup for Next Mark
[2025-08-20T13:02:22.917+0000][1692535][info ][gc,marking  ] GC(217) Concurrent Cleanup for Next Mark 11.529ms
[2025-08-20T13:02:22.917+0000][1692535][info ][gc          ] GC(217) Concurrent Mark Cycle 167.371ms
[2025-08-20T13:14:08.466+0000][1692535][info ][gc,start    ] GC(218) Pause Young (Normal) (G1 Evacuation Pause)
[2025-08-20T13:14:08.467+0000][1692535][info ][gc,task     ] GC(218) Using 1 workers of 1 for evacuation
[2025-08-20T13:14:08.467+0000][1692535][debug][gc,age      ] GC(218) Desired survivor size 20971520 bytes, new threshold 15 (max threshold 15)
[2025-08-20T13:14:08.469+0000][1692535][info ][gc,phases   ] GC(218)   Pre Evacuate Collection Set: 0.0ms
[2025-08-20T13:14:08.469+0000][1692535][info ][gc,phases   ] GC(218)   Merge Heap Roots: 0.0ms
[2025-08-20T13:14:08.469+0000][1692535][info ][gc,phases   ] GC(218)   Evacuate Collection Set: 1.4ms
[2025-08-20T13:14:08.469+0000][1692535][info ][gc,phases   ] GC(218)   Post Evacuate Collection Set: 0.7ms
[2025-08-20T13:14:08.469+0000][1692535][info ][gc,phases   ] GC(218)   Other: 0.0ms
[2025-08-20T13:14:08.469+0000][1692535][trace][gc,age      ] GC(218) Age table with threshold 15 (max threshold 15)
[2025-08-20T13:14:08.469+0000][1692535][trace][gc,age      ] GC(218) - age   1:       9512 bytes,       9512 total
[2025-08-20T13:14:08.469+0000][1692535][trace][gc,age      ] GC(218) - age   2:        840 bytes,      10352 total
[2025-08-20T13:14:08.469+0000][1692535][trace][gc,age      ] GC(218) - age   3:        176 bytes,      10528 total
[2025-08-20T13:14:08.469+0000][1692535][trace][gc,age      ] GC(218) - age   5:         64 bytes,      10592 total
[2025-08-20T13:14:08.469+0000][1692535][trace][gc,age      ] GC(218) - age  10:         72 bytes,      10664 total
[2025-08-20T13:14:08.469+0000][1692535][trace][gc,age      ] GC(218) - age  11:         88 bytes,      10752 total
[2025-08-20T13:14:08.469+0000][1692535][trace][gc,age      ] GC(218) - age  13:         72 bytes,      10824 total
[2025-08-20T13:14:08.469+0000][1692535][info ][gc,heap     ] GC(218) Eden regions: 75->0(75)
[2025-08-20T13:14:08.469+0000][1692535][info ][gc,heap     ] GC(218) Survivor regions: 1->1(10)
[2025-08-20T13:14:08.469+0000][1692535][info ][gc,heap     ] GC(218) Old regions: 22->22
[2025-08-20T13:14:08.469+0000][1692535][info ][gc,heap     ] GC(218) Humongous regions: 0->0
[2025-08-20T13:14:08.469+0000][1692535][info ][gc,metaspace] GC(218) Metaspace: 137939K(143744K)->137939K(143744K) NonClass: 119723K(123264K)->119723K(123264K) Class: 18216K(20480K)->18216K(20480K)
[2025-08-20T13:14:08.469+0000][1692535][info ][gc          ] GC(218) Pause Young (Normal) (G1 Evacuation Pause) 386M->86M(512M) 2.788ms
[2025-08-20T13:14:08.469+0000][1692535][info ][gc,cpu      ] GC(218) User=0.00s Sys=0.00s Real=0.00s
[2025-08-20T13:14:08.469+0000][1692535][info ][safepoint   ] Safepoint "G1CollectForAllocation", Time since last: 705561395316 ns, Reaching safepoint: 7071 ns, Cleanup: 3866 ns, At safepoint: 2818686 ns, Total: 2829623 ns
[2025-08-20T13:23:43.503+0000][1692535][info ][safepoint   ] Safepoint "Cleanup", Time since last: 575033242318 ns, Reaching safepoint: 71899 ns, Cleanup: 10676 ns, At safepoint: 5127 ns, Total: 87702 ns
[2025-08-20T13:25:13.508+0000][1692535][info ][safepoint   ] Safepoint "Cleanup", Time since last: 90005557745 ns, Reaching safepoint: 34412 ns, Cleanup: 12809 ns, At safepoint: 4818 ns, Total: 52039 ns
[2025-08-20T13:25:53.878+0000][1692535][info ][gc,start    ] GC(219) Pause Young (Concurrent Start) (G1 Evacuation Pause)
[2025-08-20T13:25:53.878+0000][1692535][info ][gc,task     ] GC(219) Using 1 workers of 1 for evacuation
[2025-08-20T13:25:53.878+0000][1692535][debug][gc,age      ] GC(219) Desired survivor size 20971520 bytes, new threshold 15 (max threshold 15)
[2025-08-20T13:25:53.882+0000][1692535][info ][gc,phases   ] GC(219)   Pre Evacuate Collection Set: 0.0ms
[2025-08-20T13:25:53.882+0000][1692535][info ][gc,phases   ] GC(219)   Merge Heap Roots: 0.0ms
[2025-08-20T13:25:53.882+0000][1692535][info ][gc,phases   ] GC(219)   Evacuate Collection Set: 1.1ms
[2025-08-20T13:25:53.882+0000][1692535][info ][gc,phases   ] GC(219)   Post Evacuate Collection Set: 2.7ms
[2025-08-20T13:25:53.882+0000][1692535][info ][gc,phases   ] GC(219)   Other: 0.0ms
[2025-08-20T13:25:53.882+0000][1692535][trace][gc,age      ] GC(219) Age table with threshold 15 (max threshold 15)
[2025-08-20T13:25:53.882+0000][1692535][trace][gc,age      ] GC(219) - age   1:       9520 bytes,       9520 total
[2025-08-20T13:25:53.882+0000][1692535][trace][gc,age      ] GC(219) - age   2:        176 bytes,       9696 total
[2025-08-20T13:25:53.882+0000][1692535][trace][gc,age      ] GC(219) - age   3:        664 bytes,      10360 total
[2025-08-20T13:25:53.882+0000][1692535][trace][gc,age      ] GC(219) - age   4:        176 bytes,      10536 total
[2025-08-20T13:25:53.882+0000][1692535][trace][gc,age      ] GC(219) - age   6:         64 bytes,      10600 total
[2025-08-20T13:25:53.882+0000][1692535][trace][gc,age      ] GC(219) - age  11:         72 bytes,      10672 total
[2025-08-20T13:25:53.882+0000][1692535][trace][gc,age      ] GC(219) - age  12:         88 bytes,      10760 total
[2025-08-20T13:25:53.882+0000][1692535][trace][gc,age      ] GC(219) - age  14:         72 bytes,      10832 total
[2025-08-20T13:25:53.882+0000][1692535][info ][gc,heap     ] GC(219) Eden regions: 75->0(75)
[2025-08-20T13:25:53.882+0000][1692535][info ][gc,heap     ] GC(219) Survivor regions: 1->1(10)
[2025-08-20T13:25:53.882+0000][1692535][info ][gc,heap     ] GC(219) Old regions: 22->22
[2025-08-20T13:25:53.882+0000][1692535][info ][gc,heap     ] GC(219) Humongous regions: 0->0
[2025-08-20T13:25:53.882+0000][1692535][info ][gc,metaspace] GC(219) Metaspace: 137939K(143744K)->137939K(143744K) NonClass: 119723K(123264K)->119723K(123264K) Class: 18216K(20480K)->18216K(20480K)
[2025-08-20T13:25:53.882+0000][1692535][info ][gc          ] GC(219) Pause Young (Concurrent Start) (G1 Evacuation Pause) 386M->86M(512M) 4.069ms
[2025-08-20T13:25:53.882+0000][1692535][info ][gc,cpu      ] GC(219) User=0.00s Sys=0.00s Real=0.00s
[2025-08-20T13:25:53.882+0000][1692535][info ][safepoint   ] Safepoint "G1CollectForAllocation", Time since last: 40369727222 ns, Reaching safepoint: 7191 ns, Cleanup: 3415 ns, At safepoint: 4106854 ns, Total: 4117460 ns
[2025-08-20T13:25:53.886+0000][1692535][info ][gc          ] GC(220) Concurrent Mark Cycle
[2025-08-20T13:25:53.886+0000][1692535][info ][gc,marking  ] GC(220) Concurrent Scan Root Regions
[2025-08-20T13:25:53.887+0000][1692535][info ][gc,marking  ] GC(220) Concurrent Scan Root Regions 0.452ms
[2025-08-20T13:25:53.887+0000][1692535][info ][gc,marking  ] GC(220) Concurrent Mark
[2025-08-20T13:25:53.887+0000][1692535][info ][gc,marking  ] GC(220) Concurrent Mark From Roots
[2025-08-20T13:25:53.887+0000][1692535][info ][gc,task     ] GC(220) Using 1 workers of 1 for marking
[2025-08-20T13:25:53.990+0000][1692535][info ][gc,marking  ] GC(220) Concurrent Mark From Roots 103.431ms
[2025-08-20T13:25:53.990+0000][1692535][info ][gc,marking  ] GC(220) Concurrent Preclean
[2025-08-20T13:25:53.991+0000][1692535][info ][gc,marking  ] GC(220) Concurrent Preclean 0.220ms
[2025-08-20T13:25:53.991+0000][1692535][info ][gc,start    ] GC(220) Pause Remark
[2025-08-20T13:25:53.994+0000][1692535][info ][gc          ] GC(220) Pause Remark 86M->86M(512M) 3.203ms
[2025-08-20T13:25:53.994+0000][1692535][info ][gc,cpu      ] GC(220) User=0.01s Sys=0.00s Real=0.00s
[2025-08-20T13:25:53.994+0000][1692535][info ][safepoint   ] Safepoint "G1PauseRemark", Time since last: 108453124 ns, Reaching safepoint: 4867 ns, Cleanup: 2714 ns, At safepoint: 3243329 ns, Total: 3250910 ns
[2025-08-20T13:25:53.994+0000][1692535][info ][gc,marking  ] GC(220) Concurrent Mark 106.970ms
[2025-08-20T13:25:53.994+0000][1692535][info ][gc,marking  ] GC(220) Concurrent Rebuild Remembered Sets and Scrub Regions
[2025-08-20T13:25:54.036+0000][1692535][info ][gc,marking  ] GC(220) Concurrent Rebuild Remembered Sets and Scrub Regions 42.092ms
[2025-08-20T13:25:54.036+0000][1692535][info ][gc,start    ] GC(220) Pause Cleanup
[2025-08-20T13:25:54.036+0000][1692535][info ][gc          ] GC(220) Pause Cleanup 88M->88M(512M) 0.032ms
[2025-08-20T13:25:54.036+0000][1692535][info ][gc,cpu      ] GC(220) User=0.00s Sys=0.00s Real=0.00s
[2025-08-20T13:25:54.036+0000][1692535][info ][safepoint   ] Safepoint "G1PauseCleanup", Time since last: 42144642 ns, Reaching safepoint: 3285 ns, Cleanup: 1732 ns, At safepoint: 56085 ns, Total: 61102 ns
[2025-08-20T13:25:54.036+0000][1692535][info ][gc,marking  ] GC(220) Concurrent Clear Claimed Marks
[2025-08-20T13:25:54.036+0000][1692535][info ][gc,marking  ] GC(220) Concurrent Clear Claimed Marks 0.134ms
[2025-08-20T13:25:54.036+0000][1692535][info ][gc,marking  ] GC(220) Concurrent Cleanup for Next Mark
[2025-08-20T13:25:54.037+0000][1692535][info ][gc,marking  ] GC(220) Concurrent Cleanup for Next Mark 1.358ms
[2025-08-20T13:25:54.038+0000][1692535][info ][gc          ] GC(220) Concurrent Mark Cycle 151.147ms
[2025-08-20T13:27:44.043+0000][1692535][info ][safepoint   ] Safepoint "Cleanup", Time since last: 110006785274 ns, Reaching safepoint: 38729 ns, Cleanup: 11017 ns, At safepoint: 5077 ns, Total: 54823 ns
[2025-08-20T13:33:44.073+0000][1692535][info ][safepoint   ] Safepoint "Cleanup", Time since last: 360029830873 ns, Reaching safepoint: 5888 ns, Cleanup: 12179 ns, At safepoint: 2544 ns, Total: 20611 ns
[2025-08-20T13:33:59.074+0000][1692535][info ][safepoint   ] Safepoint "Cleanup", Time since last: 15001263337 ns, Reaching safepoint: 39289 ns, Cleanup: 10175 ns, At safepoint: 2454 ns, Total: 51918 ns
[2025-08-20T13:37:39.415+0000][1692535][info ][gc,start    ] GC(221) Pause Young (Normal) (G1 Evacuation Pause)
[2025-08-20T13:37:39.415+0000][1692535][info ][gc,task     ] GC(221) Using 1 workers of 1 for evacuation
[2025-08-20T13:37:39.415+0000][1692535][debug][gc,age      ] GC(221) Desired survivor size 20971520 bytes, new threshold 15 (max threshold 15)
[2025-08-20T13:37:39.418+0000][1692535][info ][gc,phases   ] GC(221)   Pre Evacuate Collection Set: 0.0ms
[2025-08-20T13:37:39.418+0000][1692535][info ][gc,phases   ] GC(221)   Merge Heap Roots: 0.1ms
[2025-08-20T13:37:39.418+0000][1692535][info ][gc,phases   ] GC(221)   Evacuate Collection Set: 1.5ms
[2025-08-20T13:37:39.418+0000][1692535][info ][gc,phases   ] GC(221)   Post Evacuate Collection Set: 0.8ms
[2025-08-20T13:37:39.418+0000][1692535][info ][gc,phases   ] GC(221)   Other: 0.0ms
[2025-08-20T13:37:39.418+0000][1692535][trace][gc,age      ] GC(221) Age table with threshold 15 (max threshold 15)
[2025-08-20T13:37:39.418+0000][1692535][trace][gc,age      ] GC(221) - age   1:      20968 bytes,      20968 total
[2025-08-20T13:37:39.418+0000][1692535][trace][gc,age      ] GC(221) - age   4:        664 bytes,      21632 total
[2025-08-20T13:37:39.418+0000][1692535][trace][gc,age      ] GC(221) - age   5:        176 bytes,      21808 total
[2025-08-20T13:37:39.418+0000][1692535][trace][gc,age      ] GC(221) - age   7:         64 bytes,      21872 total
[2025-08-20T13:37:39.418+0000][1692535][trace][gc,age      ] GC(221) - age  12:         72 bytes,      21944 total
[2025-08-20T13:37:39.418+0000][1692535][trace][gc,age      ] GC(221) - age  13:         88 bytes,      22032 total
[2025-08-20T13:37:39.418+0000][1692535][trace][gc,age      ] GC(221) - age  15:         72 bytes,      22104 total
[2025-08-20T13:37:39.418+0000][1692535][info ][gc,heap     ] GC(221) Eden regions: 75->0(75)
[2025-08-20T13:37:39.418+0000][1692535][info ][gc,heap     ] GC(221) Survivor regions: 1->1(10)
[2025-08-20T13:37:39.418+0000][1692535][info ][gc,heap     ] GC(221) Old regions: 22->22
[2025-08-20T13:37:39.418+0000][1692535][info ][gc,heap     ] GC(221) Humongous regions: 0->0
[2025-08-20T13:37:39.418+0000][1692535][info ][gc,metaspace] GC(221) Metaspace: 137940K(143808K)->137940K(143808K) NonClass: 119723K(123328K)->119723K(123328K) Class: 18216K(20480K)->18216K(20480K)
[2025-08-20T13:37:39.418+0000][1692535][info ][gc          ] GC(221) Pause Young (Normal) (G1 Evacuation Pause) 386M->86M(512M) 2.944ms
[2025-08-20T13:37:39.418+0000][1692535][info ][gc,cpu      ] GC(221) User=0.00s Sys=0.00s Real=0.01s
[2025-08-20T13:37:39.418+0000][1692535][info ][safepoint   ] Safepoint "G1CollectForAllocation", Time since last: 220340820445 ns, Reaching safepoint: 8422 ns, Cleanup: 3726 ns, At safepoint: 2979653 ns, Total: 2991801 ns
[2025-08-20T13:41:55.432+0000][1692535][info ][safepoint   ] Safepoint "Cleanup", Time since last: 256014559675 ns, Reaching safepoint: 6039 ns, Cleanup: 12058 ns, At safepoint: 39370 ns, Total: 57467 ns
[2025-08-20T13:49:21.274+0000][1692535][info ][gc,start    ] GC(222) Pause Young (Concurrent Start) (G1 Evacuation Pause)
[2025-08-20T13:49:21.275+0000][1692535][info ][gc,task     ] GC(222) Using 1 workers of 1 for evacuation
[2025-08-20T13:49:21.275+0000][1692535][debug][gc,age      ] GC(222) Desired survivor size 20971520 bytes, new threshold 15 (max threshold 15)
[2025-08-20T13:49:21.277+0000][1692535][info ][gc,phases   ] GC(222)   Pre Evacuate Collection Set: 0.0ms
[2025-08-20T13:49:21.277+0000][1692535][info ][gc,phases   ] GC(222)   Merge Heap Roots: 0.0ms
[2025-08-20T13:49:21.277+0000][1692535][info ][gc,phases   ] GC(222)   Evacuate Collection Set: 1.1ms
[2025-08-20T13:49:21.277+0000][1692535][info ][gc,phases   ] GC(222)   Post Evacuate Collection Set: 0.8ms
[2025-08-20T13:49:21.277+0000][1692535][info ][gc,phases   ] GC(222)   Other: 0.0ms
[2025-08-20T13:49:21.277+0000][1692535][trace][gc,age      ] GC(222) Age table with threshold 15 (max threshold 15)
[2025-08-20T13:49:21.277+0000][1692535][trace][gc,age      ] GC(222) - age   1:       9656 bytes,       9656 total
[2025-08-20T13:49:21.277+0000][1692535][trace][gc,age      ] GC(222) - age   2:       2432 bytes,      12088 total
[2025-08-20T13:49:21.277+0000][1692535][trace][gc,age      ] GC(222) - age   5:        664 bytes,      12752 total
[2025-08-20T13:49:21.277+0000][1692535][trace][gc,age      ] GC(222) - age   8:         64 bytes,      12816 total
[2025-08-20T13:49:21.277+0000][1692535][trace][gc,age      ] GC(222) - age  13:         72 bytes,      12888 total
[2025-08-20T13:49:21.277+0000][1692535][trace][gc,age      ] GC(222) - age  14:         88 bytes,      12976 total
[2025-08-20T13:49:21.277+0000][1692535][info ][gc,heap     ] GC(222) Eden regions: 75->0(75)
[2025-08-20T13:49:21.277+0000][1692535][info ][gc,heap     ] GC(222) Survivor regions: 1->1(10)
[2025-08-20T13:49:21.277+0000][1692535][info ][gc,heap     ] GC(222) Old regions: 22->22
[2025-08-20T13:49:21.277+0000][1692535][info ][gc,heap     ] GC(222) Humongous regions: 0->0
[2025-08-20T13:49:21.277+0000][1692535][info ][gc,metaspace] GC(222) Metaspace: 137940K(143808K)->137940K(143808K) NonClass: 119723K(123328K)->119723K(123328K) Class: 18216K(20480K)->18216K(20480K)
[2025-08-20T13:49:21.277+0000][1692535][info ][gc          ] GC(222) Pause Young (Concurrent Start) (G1 Evacuation Pause) 386M->86M(512M) 2.465ms
[2025-08-20T13:49:21.277+0000][1692535][info ][gc,cpu      ] GC(222) User=0.00s Sys=0.00s Real=0.01s
[2025-08-20T13:49:21.277+0000][1692535][info ][safepoint   ] Safepoint "G1CollectForAllocation", Time since last: 445841762235 ns, Reaching safepoint: 244930 ns, Cleanup: 3635 ns, At safepoint: 2504186 ns, Total: 2752751 ns
[2025-08-20T13:49:21.280+0000][1692535][info ][gc          ] GC(223) Concurrent Mark Cycle
[2025-08-20T13:49:21.280+0000][1692535][info ][gc,marking  ] GC(223) Concurrent Scan Root Regions
[2025-08-20T13:49:21.281+0000][1692535][info ][gc,marking  ] GC(223) Concurrent Scan Root Regions 0.469ms
[2025-08-20T13:49:21.281+0000][1692535][info ][gc,marking  ] GC(223) Concurrent Mark
[2025-08-20T13:49:21.281+0000][1692535][info ][gc,marking  ] GC(223) Concurrent Mark From Roots
[2025-08-20T13:49:21.281+0000][1692535][info ][gc,task     ] GC(223) Using 1 workers of 1 for marking
[2025-08-20T13:49:21.378+0000][1692535][info ][gc,marking  ] GC(223) Concurrent Mark From Roots 97.348ms
[2025-08-20T13:49:21.378+0000][1692535][info ][gc,marking  ] GC(223) Concurrent Preclean
[2025-08-20T13:49:21.378+0000][1692535][info ][gc,marking  ] GC(223) Concurrent Preclean 0.227ms
[2025-08-20T13:49:21.378+0000][1692535][info ][gc,start    ] GC(223) Pause Remark
[2025-08-20T13:49:21.382+0000][1692535][info ][gc          ] GC(223) Pause Remark 86M->86M(512M) 3.284ms
[2025-08-20T13:49:21.382+0000][1692535][info ][gc,cpu      ] GC(223) User=0.00s Sys=0.00s Real=0.00s
[2025-08-20T13:49:21.382+0000][1692535][info ][safepoint   ] Safepoint "G1PauseRemark", Time since last: 101529717 ns, Reaching safepoint: 5358 ns, Cleanup: 3485 ns, At safepoint: 3326058 ns, Total: 3334901 ns
[2025-08-20T13:49:21.382+0000][1692535][info ][gc,marking  ] GC(223) Concurrent Mark 100.977ms
[2025-08-20T13:49:21.382+0000][1692535][info ][gc,marking  ] GC(223) Concurrent Rebuild Remembered Sets and Scrub Regions
[2025-08-20T13:49:21.429+0000][1692535][info ][gc,marking  ] GC(223) Concurrent Rebuild Remembered Sets and Scrub Regions 46.951ms
[2025-08-20T13:49:21.429+0000][1692535][info ][gc,start    ] GC(223) Pause Cleanup
[2025-08-20T13:49:21.429+0000][1692535][info ][gc          ] GC(223) Pause Cleanup 89M->89M(512M) 0.034ms
[2025-08-20T13:49:21.429+0000][1692535][info ][gc,cpu      ] GC(223) User=0.00s Sys=0.00s Real=0.00s
[2025-08-20T13:49:21.429+0000][1692535][info ][safepoint   ] Safepoint "G1PauseCleanup", Time since last: 47007449 ns, Reaching safepoint: 3495 ns, Cleanup: 1472 ns, At safepoint: 58208 ns, Total: 63175 ns
[2025-08-20T13:49:21.429+0000][1692535][info ][gc,marking  ] GC(223) Concurrent Clear Claimed Marks
[2025-08-20T13:49:21.429+0000][1692535][info ][gc,marking  ] GC(223) Concurrent Clear Claimed Marks 0.135ms
[2025-08-20T13:49:21.429+0000][1692535][info ][gc,marking  ] GC(223) Concurrent Cleanup for Next Mark
[2025-08-20T13:49:21.432+0000][1692535][info ][gc,marking  ] GC(223) Concurrent Cleanup for Next Mark 3.045ms
[2025-08-20T13:49:21.432+0000][1692535][info ][gc          ] GC(223) Concurrent Mark Cycle 151.724ms
[2025-08-20T14:01:08.080+0000][1692535][info ][gc,start    ] GC(224) Pause Young (Normal) (G1 Evacuation Pause)
[2025-08-20T14:01:08.080+0000][1692535][info ][gc,task     ] GC(224) Using 1 workers of 1 for evacuation
[2025-08-20T14:01:08.080+0000][1692535][debug][gc,age      ] GC(224) Desired survivor size 20971520 bytes, new threshold 15 (max threshold 15)
[2025-08-20T14:01:08.083+0000][1692535][info ][gc,phases   ] GC(224)   Pre Evacuate Collection Set: 0.0ms
[2025-08-20T14:01:08.083+0000][1692535][info ][gc,phases   ] GC(224)   Merge Heap Roots: 0.0ms
[2025-08-20T14:01:08.083+0000][1692535][info ][gc,phases   ] GC(224)   Evacuate Collection Set: 1.5ms
[2025-08-20T14:01:08.083+0000][1692535][info ][gc,phases   ] GC(224)   Post Evacuate Collection Set: 0.7ms
[2025-08-20T14:01:08.083+0000][1692535][info ][gc,phases   ] GC(224)   Other: 0.0ms
[2025-08-20T14:01:08.083+0000][1692535][trace][gc,age      ] GC(224) Age table with threshold 15 (max threshold 15)
[2025-08-20T14:01:08.083+0000][1692535][trace][gc,age      ] GC(224) - age   1:       9776 bytes,       9776 total
[2025-08-20T14:01:08.083+0000][1692535][trace][gc,age      ] GC(224) - age   2:        352 bytes,      10128 total
[2025-08-20T14:01:08.083+0000][1692535][trace][gc,age      ] GC(224) - age   3:       2384 bytes,      12512 total
[2025-08-20T14:01:08.083+0000][1692535][trace][gc,age      ] GC(224) - age   6:        664 bytes,      13176 total
[2025-08-20T14:01:08.083+0000][1692535][trace][gc,age      ] GC(224) - age   9:         64 bytes,      13240 total
[2025-08-20T14:01:08.083+0000][1692535][trace][gc,age      ] GC(224) - age  14:         72 bytes,      13312 total
[2025-08-20T14:01:08.083+0000][1692535][trace][gc,age      ] GC(224) - age  15:         88 bytes,      13400 total
[2025-08-20T14:01:08.083+0000][1692535][info ][gc,heap     ] GC(224) Eden regions: 75->0(75)
[2025-08-20T14:01:08.083+0000][1692535][info ][gc,heap     ] GC(224) Survivor regions: 1->1(10)
[2025-08-20T14:01:08.083+0000][1692535][info ][gc,heap     ] GC(224) Old regions: 22->22
[2025-08-20T14:01:08.083+0000][1692535][info ][gc,heap     ] GC(224) Humongous regions: 0->0
[2025-08-20T14:01:08.083+0000][1692535][info ][gc,metaspace] GC(224) Metaspace: 137940K(143808K)->137940K(143808K) NonClass: 119723K(123328K)->119723K(123328K) Class: 18216K(20480K)->18216K(20480K)
[2025-08-20T14:01:08.083+0000][1692535][info ][gc          ] GC(224) Pause Young (Normal) (G1 Evacuation Pause) 386M->86M(512M) 2.827ms
[2025-08-20T14:01:08.083+0000][1692535][info ][gc,cpu      ] GC(224) User=0.00s Sys=0.00s Real=0.00s
[2025-08-20T14:01:08.083+0000][1692535][info ][safepoint   ] Safepoint "G1CollectForAllocation", Time since last: 706650904727 ns, Reaching safepoint: 7422 ns, Cleanup: 3785 ns, At safepoint: 2860361 ns, Total: 2871568 ns
[2025-08-20T14:10:45.127+0000][1692535][info ][safepoint   ] Safepoint "Cleanup", Time since last: 577043426820 ns, Reaching safepoint: 454857 ns, Cleanup: 10305 ns, At safepoint: 10166 ns, Total: 475328 ns
[2025-08-20T14:12:51.231+0000][1692535][info ][gc,start    ] GC(225) Pause Young (Concurrent Start) (G1 Evacuation Pause)
[2025-08-20T14:12:51.231+0000][1692535][info ][gc,task     ] GC(225) Using 1 workers of 1 for evacuation
[2025-08-20T14:12:51.231+0000][1692535][debug][gc,age      ] GC(225) Desired survivor size 20971520 bytes, new threshold 15 (max threshold 15)
[2025-08-20T14:12:51.234+0000][1692535][info ][gc,phases   ] GC(225)   Pre Evacuate Collection Set: 0.0ms
[2025-08-20T14:12:51.234+0000][1692535][info ][gc,phases   ] GC(225)   Merge Heap Roots: 0.0ms
[2025-08-20T14:12:51.234+0000][1692535][info ][gc,phases   ] GC(225)   Evacuate Collection Set: 1.1ms
[2025-08-20T14:12:51.234+0000][1692535][info ][gc,phases   ] GC(225)   Post Evacuate Collection Set: 2.2ms
[2025-08-20T14:12:51.234+0000][1692535][info ][gc,phases   ] GC(225)   Other: 0.0ms
[2025-08-20T14:12:51.234+0000][1692535][trace][gc,age      ] GC(225) Age table with threshold 15 (max threshold 15)
[2025-08-20T14:12:51.234+0000][1692535][trace][gc,age      ] GC(225) - age   1:       9680 bytes,       9680 total
[2025-08-20T14:12:51.234+0000][1692535][trace][gc,age      ] GC(225) - age   2:        176 bytes,       9856 total
[2025-08-20T14:12:51.234+0000][1692535][trace][gc,age      ] GC(225) - age   3:        176 bytes,      10032 total
[2025-08-20T14:12:51.234+0000][1692535][trace][gc,age      ] GC(225) - age   4:       2384 bytes,      12416 total
[2025-08-20T14:12:51.234+0000][1692535][trace][gc,age      ] GC(225) - age   7:        664 bytes,      13080 total
[2025-08-20T14:12:51.234+0000][1692535][trace][gc,age      ] GC(225) - age  10:         64 bytes,      13144 total
[2025-08-20T14:12:51.234+0000][1692535][trace][gc,age      ] GC(225) - age  15:         72 bytes,      13216 total
[2025-08-20T14:12:51.234+0000][1692535][info ][gc,heap     ] GC(225) Eden regions: 75->0(75)
[2025-08-20T14:12:51.234+0000][1692535][info ][gc,heap     ] GC(225) Survivor regions: 1->1(10)
[2025-08-20T14:12:51.234+0000][1692535][info ][gc,heap     ] GC(225) Old regions: 22->22
[2025-08-20T14:12:51.234+0000][1692535][info ][gc,heap     ] GC(225) Humongous regions: 0->0
[2025-08-20T14:12:51.234+0000][1692535][info ][gc,metaspace] GC(225) Metaspace: 137940K(143808K)->137940K(143808K) NonClass: 119723K(123328K)->119723K(123328K) Class: 18216K(20480K)->18216K(20480K)
[2025-08-20T14:12:51.234+0000][1692535][info ][gc          ] GC(225) Pause Young (Concurrent Start) (G1 Evacuation Pause) 386M->86M(512M) 3.653ms
[2025-08-20T14:12:51.234+0000][1692535][info ][gc,cpu      ] GC(225) User=0.00s Sys=0.00s Real=0.00s
[2025-08-20T14:12:51.234+0000][1692535][info ][safepoint   ] Safepoint "G1CollectForAllocation", Time since last: 126104146202 ns, Reaching safepoint: 7902 ns, Cleanup: 2785 ns, At safepoint: 3688201 ns, Total: 3698888 ns
[2025-08-20T14:12:51.241+0000][1692535][info ][gc          ] GC(226) Concurrent Mark Cycle
[2025-08-20T14:12:51.241+0000][1692535][info ][gc,marking  ] GC(226) Concurrent Scan Root Regions
[2025-08-20T14:12:51.242+0000][1692535][info ][gc,marking  ] GC(226) Concurrent Scan Root Regions 0.398ms
[2025-08-20T14:12:51.242+0000][1692535][info ][gc,marking  ] GC(226) Concurrent Mark
[2025-08-20T14:12:51.242+0000][1692535][info ][gc,marking  ] GC(226) Concurrent Mark From Roots
[2025-08-20T14:12:51.242+0000][1692535][info ][gc,task     ] GC(226) Using 1 workers of 1 for marking
[2025-08-20T14:12:51.341+0000][1692535][info ][gc,marking  ] GC(226) Concurrent Mark From Roots 99.455ms
[2025-08-20T14:12:51.341+0000][1692535][info ][gc,marking  ] GC(226) Concurrent Preclean
[2025-08-20T14:12:51.341+0000][1692535][info ][gc,marking  ] GC(226) Concurrent Preclean 0.235ms
[2025-08-20T14:12:51.342+0000][1692535][info ][gc,start    ] GC(226) Pause Remark
[2025-08-20T14:12:51.345+0000][1692535][info ][gc          ] GC(226) Pause Remark 86M->86M(512M) 3.216ms
[2025-08-20T14:12:51.345+0000][1692535][info ][gc,cpu      ] GC(226) User=0.00s Sys=0.00s Real=0.00s
[2025-08-20T14:12:51.345+0000][1692535][info ][safepoint   ] Safepoint "G1PauseRemark", Time since last: 107163960 ns, Reaching safepoint: 5178 ns, Cleanup: 2774 ns, At safepoint: 3255547 ns, Total: 3263499 ns
[2025-08-20T14:12:51.345+0000][1692535][info ][gc,marking  ] GC(226) Concurrent Mark 103.068ms
[2025-08-20T14:12:51.345+0000][1692535][info ][gc,marking  ] GC(226) Concurrent Rebuild Remembered Sets and Scrub Regions
[2025-08-20T14:12:51.386+0000][1692535][info ][gc,marking  ] GC(226) Concurrent Rebuild Remembered Sets and Scrub Regions 41.092ms
[2025-08-20T14:12:51.386+0000][1692535][info ][gc,start    ] GC(226) Pause Cleanup
[2025-08-20T14:12:51.386+0000][1692535][info ][gc          ] GC(226) Pause Cleanup 86M->86M(512M) 0.032ms
[2025-08-20T14:12:51.386+0000][1692535][info ][gc,cpu      ] GC(226) User=0.00s Sys=0.00s Real=0.00s
[2025-08-20T14:12:51.386+0000][1692535][info ][safepoint   ] Safepoint "G1PauseCleanup", Time since last: 41138894 ns, Reaching safepoint: 3756 ns, Cleanup: 1181 ns, At safepoint: 56145 ns, Total: 61082 ns
[2025-08-20T14:12:51.386+0000][1692535][info ][gc,marking  ] GC(226) Concurrent Clear Claimed Marks
[2025-08-20T14:12:51.386+0000][1692535][info ][gc,marking  ] GC(226) Concurrent Clear Claimed Marks 0.129ms
[2025-08-20T14:12:51.386+0000][1692535][info ][gc,marking  ] GC(226) Concurrent Cleanup for Next Mark
[2025-08-20T14:12:51.396+0000][1692535][info ][gc,marking  ] GC(226) Concurrent Cleanup for Next Mark 9.666ms
[2025-08-20T14:12:51.396+0000][1692535][info ][gc          ] GC(226) Concurrent Mark Cycle 154.489ms
[2025-08-20T14:14:15.391+0000][1692535][info ][safepoint   ] Safepoint "Cleanup", Time since last: 84004930265 ns, Reaching safepoint: 41873 ns, Cleanup: 10967 ns, At safepoint: 6980 ns, Total: 59820 ns
[2025-08-20T14:24:36.804+0000][1692535][info ][gc,start    ] GC(227) Pause Young (Normal) (G1 Evacuation Pause)
[2025-08-20T14:24:36.804+0000][1692535][info ][gc,task     ] GC(227) Using 1 workers of 1 for evacuation
[2025-08-20T14:24:36.804+0000][1692535][debug][gc,age      ] GC(227) Desired survivor size 20971520 bytes, new threshold 15 (max threshold 15)
[2025-08-20T14:24:36.807+0000][1692535][info ][gc,phases   ] GC(227)   Pre Evacuate Collection Set: 0.0ms
[2025-08-20T14:24:36.807+0000][1692535][info ][gc,phases   ] GC(227)   Merge Heap Roots: 0.0ms
[2025-08-20T14:24:36.807+0000][1692535][info ][gc,phases   ] GC(227)   Evacuate Collection Set: 1.5ms
[2025-08-20T14:24:36.807+0000][1692535][info ][gc,phases   ] GC(227)   Post Evacuate Collection Set: 1.1ms
[2025-08-20T14:24:36.807+0000][1692535][info ][gc,phases   ] GC(227)   Other: 0.0ms
[2025-08-20T14:24:36.807+0000][1692535][trace][gc,age      ] GC(227) Age table with threshold 15 (max threshold 15)
[2025-08-20T14:24:36.807+0000][1692535][trace][gc,age      ] GC(227) - age   1:      11064 bytes,      11064 total
[2025-08-20T14:24:36.807+0000][1692535][trace][gc,age      ] GC(227) - age   2:        344 bytes,      11408 total
[2025-08-20T14:24:36.807+0000][1692535][trace][gc,age      ] GC(227) - age   4:        176 bytes,      11584 total
[2025-08-20T14:24:36.807+0000][1692535][trace][gc,age      ] GC(227) - age   5:       2384 bytes,      13968 total
[2025-08-20T14:24:36.807+0000][1692535][trace][gc,age      ] GC(227) - age   8:        664 bytes,      14632 total
[2025-08-20T14:24:36.807+0000][1692535][trace][gc,age      ] GC(227) - age  11:         64 bytes,      14696 total
[2025-08-20T14:24:36.807+0000][1692535][info ][gc,heap     ] GC(227) Eden regions: 75->0(75)
[2025-08-20T14:24:36.807+0000][1692535][info ][gc,heap     ] GC(227) Survivor regions: 1->1(10)
[2025-08-20T14:24:36.807+0000][1692535][info ][gc,heap     ] GC(227) Old regions: 22->22
[2025-08-20T14:24:36.807+0000][1692535][info ][gc,heap     ] GC(227) Humongous regions: 0->0
[2025-08-20T14:24:36.807+0000][1692535][info ][gc,metaspace] GC(227) Metaspace: 137940K(143808K)->137940K(143808K) NonClass: 119723K(123328K)->119723K(123328K) Class: 18216K(20480K)->18216K(20480K)
[2025-08-20T14:24:36.807+0000][1692535][info ][gc          ] GC(227) Pause Young (Normal) (G1 Evacuation Pause) 386M->86M(512M) 2.927ms
[2025-08-20T14:24:36.807+0000][1692535][info ][gc,cpu      ] GC(227) User=0.00s Sys=0.00s Real=0.01s
[2025-08-20T14:24:36.807+0000][1692535][info ][safepoint   ] Safepoint "G1CollectForAllocation", Time since last: 621413043145 ns, Reaching safepoint: 7151 ns, Cleanup: 2854 ns, At safepoint: 2959611 ns, Total: 2969616 ns
[2025-08-20T14:36:22.369+0000][1692535][info ][gc,start    ] GC(228) Pause Young (Concurrent Start) (G1 Evacuation Pause)
[2025-08-20T14:36:22.369+0000][1692535][info ][gc,task     ] GC(228) Using 1 workers of 1 for evacuation
[2025-08-20T14:36:22.369+0000][1692535][debug][gc,age      ] GC(228) Desired survivor size 20971520 bytes, new threshold 15 (max threshold 15)
[2025-08-20T14:36:22.372+0000][1692535][info ][gc,phases   ] GC(228)   Pre Evacuate Collection Set: 0.0ms
[2025-08-20T14:36:22.372+0000][1692535][info ][gc,phases   ] GC(228)   Merge Heap Roots: 0.0ms
[2025-08-20T14:36:22.372+0000][1692535][info ][gc,phases   ] GC(228)   Evacuate Collection Set: 1.1ms
[2025-08-20T14:36:22.372+0000][1692535][info ][gc,phases   ] GC(228)   Post Evacuate Collection Set: 1.0ms
[2025-08-20T14:36:22.372+0000][1692535][info ][gc,phases   ] GC(228)   Other: 0.3ms
[2025-08-20T14:36:22.372+0000][1692535][trace][gc,age      ] GC(228) Age table with threshold 15 (max threshold 15)
[2025-08-20T14:36:22.372+0000][1692535][trace][gc,age      ] GC(228) - age   1:      11224 bytes,      11224 total
[2025-08-20T14:36:22.372+0000][1692535][trace][gc,age      ] GC(228) - age   3:        344 bytes,      11568 total
[2025-08-20T14:36:22.372+0000][1692535][trace][gc,age      ] GC(228) - age   5:        176 bytes,      11744 total
[2025-08-20T14:36:22.372+0000][1692535][trace][gc,age      ] GC(228) - age   6:       2384 bytes,      14128 total
[2025-08-20T14:36:22.372+0000][1692535][trace][gc,age      ] GC(228) - age   9:        664 bytes,      14792 total
[2025-08-20T14:36:22.372+0000][1692535][trace][gc,age      ] GC(228) - age  12:         64 bytes,      14856 total
[2025-08-20T14:36:22.372+0000][1692535][info ][gc,heap     ] GC(228) Eden regions: 75->0(75)
[2025-08-20T14:36:22.372+0000][1692535][info ][gc,heap     ] GC(228) Survivor regions: 1->1(10)
[2025-08-20T14:36:22.372+0000][1692535][info ][gc,heap     ] GC(228) Old regions: 22->22
[2025-08-20T14:36:22.372+0000][1692535][info ][gc,heap     ] GC(228) Humongous regions: 0->0
[2025-08-20T14:36:22.372+0000][1692535][info ][gc,metaspace] GC(228) Metaspace: 137940K(143808K)->137940K(143808K) NonClass: 119723K(123328K)->119723K(123328K) Class: 18216K(20480K)->18216K(20480K)
[2025-08-20T14:36:22.372+0000][1692535][info ][gc          ] GC(228) Pause Young (Concurrent Start) (G1 Evacuation Pause) 386M->86M(512M) 2.724ms
[2025-08-20T14:36:22.372+0000][1692535][info ][gc,cpu      ] GC(228) User=0.00s Sys=0.00s Real=0.00s
[2025-08-20T14:36:22.372+0000][1692535][info ][safepoint   ] Safepoint "G1CollectForAllocation", Time since last: 705561801273 ns, Reaching safepoint: 7511 ns, Cleanup: 3055 ns, At safepoint: 2762182 ns, Total: 2772748 ns
[2025-08-20T14:36:22.377+0000][1692535][info ][gc          ] GC(229) Concurrent Mark Cycle
[2025-08-20T14:36:22.377+0000][1692535][info ][gc,marking  ] GC(229) Concurrent Scan Root Regions
[2025-08-20T14:36:22.378+0000][1692535][info ][gc,marking  ] GC(229) Concurrent Scan Root Regions 0.402ms
[2025-08-20T14:36:22.378+0000][1692535][info ][gc,marking  ] GC(229) Concurrent Mark
[2025-08-20T14:36:22.378+0000][1692535][info ][gc,marking  ] GC(229) Concurrent Mark From Roots
[2025-08-20T14:36:22.378+0000][1692535][info ][gc,task     ] GC(229) Using 1 workers of 1 for marking
[2025-08-20T14:36:22.482+0000][1692535][info ][gc,marking  ] GC(229) Concurrent Mark From Roots 104.204ms
[2025-08-20T14:36:22.482+0000][1692535][info ][gc,marking  ] GC(229) Concurrent Preclean
[2025-08-20T14:36:22.482+0000][1692535][info ][gc,marking  ] GC(229) Concurrent Preclean 0.229ms
[2025-08-20T14:36:22.482+0000][1692535][info ][gc,start    ] GC(229) Pause Remark
[2025-08-20T14:36:22.486+0000][1692535][info ][gc          ] GC(229) Pause Remark 90M->90M(512M) 3.255ms
[2025-08-20T14:36:22.486+0000][1692535][info ][gc,cpu      ] GC(229) User=0.00s Sys=0.00s Real=0.01s
[2025-08-20T14:36:22.486+0000][1692535][info ][safepoint   ] Safepoint "G1PauseRemark", Time since last: 110662504 ns, Reaching safepoint: 4957 ns, Cleanup: 2444 ns, At safepoint: 3292163 ns, Total: 3299564 ns
[2025-08-20T14:36:22.486+0000][1692535][info ][gc,marking  ] GC(229) Concurrent Mark 107.802ms
[2025-08-20T14:36:22.486+0000][1692535][info ][gc,marking  ] GC(229) Concurrent Rebuild Remembered Sets and Scrub Regions
[2025-08-20T14:36:22.532+0000][1692535][info ][gc,marking  ] GC(229) Concurrent Rebuild Remembered Sets and Scrub Regions 46.861ms
[2025-08-20T14:36:22.532+0000][1692535][info ][gc,start    ] GC(229) Pause Cleanup
[2025-08-20T14:36:22.533+0000][1692535][info ][gc          ] GC(229) Pause Cleanup 90M->90M(512M) 0.032ms
[2025-08-20T14:36:22.533+0000][1692535][info ][gc,cpu      ] GC(229) User=0.00s Sys=0.00s Real=0.00s
[2025-08-20T14:36:22.533+0000][1692535][info ][safepoint   ] Safepoint "G1PauseCleanup", Time since last: 46906065 ns, Reaching safepoint: 3585 ns, Cleanup: 1412 ns, At safepoint: 56355 ns, Total: 61352 ns
[2025-08-20T14:36:22.533+0000][1692535][info ][gc,marking  ] GC(229) Concurrent Clear Claimed Marks
[2025-08-20T14:36:22.533+0000][1692535][info ][gc,marking  ] GC(229) Concurrent Clear Claimed Marks 0.118ms
[2025-08-20T14:36:22.533+0000][1692535][info ][gc,marking  ] GC(229) Concurrent Cleanup for Next Mark
[2025-08-20T14:36:22.533+0000][1692535][info ][gc,marking  ] GC(229) Concurrent Cleanup for Next Mark 0.260ms
[2025-08-20T14:36:22.533+0000][1692535][info ][gc          ] GC(229) Concurrent Mark Cycle 155.617ms
[2025-08-20T14:47:14.572+0000][1692535][info ][safepoint   ] Safepoint "Cleanup", Time since last: 652039566347 ns, Reaching safepoint: 43646 ns, Cleanup: 9935 ns, At safepoint: 5378 ns, Total: 58959 ns
[2025-08-20T14:48:07.958+0000][1692535][info ][gc,start    ] GC(230) Pause Young (Normal) (G1 Evacuation Pause)
[2025-08-20T14:48:07.958+0000][1692535][info ][gc,task     ] GC(230) Using 1 workers of 1 for evacuation
[2025-08-20T14:48:07.958+0000][1692535][debug][gc,age      ] GC(230) Desired survivor size 20971520 bytes, new threshold 15 (max threshold 15)
[2025-08-20T14:48:07.961+0000][1692535][info ][gc,phases   ] GC(230)   Pre Evacuate Collection Set: 0.0ms
[2025-08-20T14:48:07.961+0000][1692535][info ][gc,phases   ] GC(230)   Merge Heap Roots: 0.0ms
[2025-08-20T14:48:07.961+0000][1692535][info ][gc,phases   ] GC(230)   Evacuate Collection Set: 1.4ms
[2025-08-20T14:48:07.961+0000][1692535][info ][gc,phases   ] GC(230)   Post Evacuate Collection Set: 1.1ms
[2025-08-20T14:48:07.961+0000][1692535][info ][gc,phases   ] GC(230)   Other: 0.0ms
[2025-08-20T14:48:07.961+0000][1692535][trace][gc,age      ] GC(230) Age table with threshold 15 (max threshold 15)
[2025-08-20T14:48:07.961+0000][1692535][trace][gc,age      ] GC(230) - age   1:      11336 bytes,      11336 total
[2025-08-20T14:48:07.961+0000][1692535][trace][gc,age      ] GC(230) - age   2:        248 bytes,      11584 total
[2025-08-20T14:48:07.961+0000][1692535][trace][gc,age      ] GC(230) - age   4:        344 bytes,      11928 total
[2025-08-20T14:48:07.961+0000][1692535][trace][gc,age      ] GC(230) - age   7:       2384 bytes,      14312 total
[2025-08-20T14:48:07.961+0000][1692535][trace][gc,age      ] GC(230) - age  10:        664 bytes,      14976 total
[2025-08-20T14:48:07.961+0000][1692535][trace][gc,age      ] GC(230) - age  13:         64 bytes,      15040 total
[2025-08-20T14:48:07.961+0000][1692535][info ][gc,heap     ] GC(230) Eden regions: 75->0(75)
[2025-08-20T14:48:07.961+0000][1692535][info ][gc,heap     ] GC(230) Survivor regions: 1->1(10)
[2025-08-20T14:48:07.961+0000][1692535][info ][gc,heap     ] GC(230) Old regions: 22->22
[2025-08-20T14:48:07.961+0000][1692535][info ][gc,heap     ] GC(230) Humongous regions: 0->0
[2025-08-20T14:48:07.961+0000][1692535][info ][gc,metaspace] GC(230) Metaspace: 137941K(143808K)->137941K(143808K) NonClass: 119724K(123328K)->119724K(123328K) Class: 18216K(20480K)->18216K(20480K)
[2025-08-20T14:48:07.961+0000][1692535][info ][gc          ] GC(230) Pause Young (Normal) (G1 Evacuation Pause) 386M->86M(512M) 2.805ms
[2025-08-20T14:48:07.961+0000][1692535][info ][gc,cpu      ] GC(230) User=0.00s Sys=0.00s Real=0.00s
[2025-08-20T14:48:07.961+0000][1692535][info ][safepoint   ] Safepoint "G1CollectForAllocation", Time since last: 53385669757 ns, Reaching safepoint: 7401 ns, Cleanup: 2924 ns, At safepoint: 2839249 ns, Total: 2849574 ns
[2025-08-20T14:59:53.399+0000][1692535][info ][gc,start    ] GC(231) Pause Young (Concurrent Start) (G1 Evacuation Pause)
[2025-08-20T14:59:53.399+0000][1692535][info ][gc,task     ] GC(231) Using 1 workers of 1 for evacuation
[2025-08-20T14:59:53.399+0000][1692535][debug][gc,age      ] GC(231) Desired survivor size 20971520 bytes, new threshold 15 (max threshold 15)
[2025-08-20T14:59:53.402+0000][1692535][info ][gc,phases   ] GC(231)   Pre Evacuate Collection Set: 0.2ms
[2025-08-20T14:59:53.402+0000][1692535][info ][gc,phases   ] GC(231)   Merge Heap Roots: 0.0ms
[2025-08-20T14:59:53.402+0000][1692535][info ][gc,phases   ] GC(231)   Evacuate Collection Set: 1.1ms
[2025-08-20T14:59:53.402+0000][1692535][info ][gc,phases   ] GC(231)   Post Evacuate Collection Set: 1.0ms
[2025-08-20T14:59:53.402+0000][1692535][info ][gc,phases   ] GC(231)   Other: 0.0ms
[2025-08-20T14:59:53.402+0000][1692535][trace][gc,age      ] GC(231) Age table with threshold 15 (max threshold 15)
[2025-08-20T14:59:53.402+0000][1692535][trace][gc,age      ] GC(231) - age   1:      10856 bytes,      10856 total
[2025-08-20T14:59:53.402+0000][1692535][trace][gc,age      ] GC(231) - age   2:        352 bytes,      11208 total
[2025-08-20T14:59:53.402+0000][1692535][trace][gc,age      ] GC(231) - age   3:        248 bytes,      11456 total
[2025-08-20T14:59:53.402+0000][1692535][trace][gc,age      ] GC(231) - age   5:        344 bytes,      11800 total
[2025-08-20T14:59:53.402+0000][1692535][trace][gc,age      ] GC(231) - age   8:       2384 bytes,      14184 total
[2025-08-20T14:59:53.402+0000][1692535][trace][gc,age      ] GC(231) - age  11:        664 bytes,      14848 total
[2025-08-20T14:59:53.402+0000][1692535][trace][gc,age      ] GC(231) - age  14:         64 bytes,      14912 total
[2025-08-20T14:59:53.402+0000][1692535][info ][gc,heap     ] GC(231) Eden regions: 75->0(75)
[2025-08-20T14:59:53.402+0000][1692535][info ][gc,heap     ] GC(231) Survivor regions: 1->1(10)
[2025-08-20T14:59:53.402+0000][1692535][info ][gc,heap     ] GC(231) Old regions: 22->22
[2025-08-20T14:59:53.402+0000][1692535][info ][gc,heap     ] GC(231) Humongous regions: 0->0
[2025-08-20T14:59:53.402+0000][1692535][info ][gc,metaspace] GC(231) Metaspace: 137941K(143808K)->137941K(143808K) NonClass: 119724K(123328K)->119724K(123328K) Class: 18216K(20480K)->18216K(20480K)
[2025-08-20T14:59:53.402+0000][1692535][info ][gc          ] GC(231) Pause Young (Concurrent Start) (G1 Evacuation Pause) 386M->86M(512M) 2.627ms
[2025-08-20T14:59:53.402+0000][1692535][info ][gc,cpu      ] GC(231) User=0.00s Sys=0.00s Real=0.00s
[2025-08-20T14:59:53.402+0000][1692535][info ][safepoint   ] Safepoint "G1CollectForAllocation", Time since last: 705438085897 ns, Reaching safepoint: 323078 ns, Cleanup: 3085 ns, At safepoint: 2663884 ns, Total: 2990047 ns
[2025-08-20T14:59:53.407+0000][1692535][info ][gc          ] GC(232) Concurrent Mark Cycle
[2025-08-20T14:59:53.407+0000][1692535][info ][gc,marking  ] GC(232) Concurrent Scan Root Regions
[2025-08-20T14:59:53.407+0000][1692535][info ][gc,marking  ] GC(232) Concurrent Scan Root Regions 0.496ms
[2025-08-20T14:59:53.407+0000][1692535][info ][gc,marking  ] GC(232) Concurrent Mark
[2025-08-20T14:59:53.407+0000][1692535][info ][gc,marking  ] GC(232) Concurrent Mark From Roots
[2025-08-20T14:59:53.407+0000][1692535][info ][gc,task     ] GC(232) Using 1 workers of 1 for marking
[2025-08-20T14:59:53.505+0000][1692535][info ][gc,marking  ] GC(232) Concurrent Mark From Roots 97.355ms
[2025-08-20T14:59:53.505+0000][1692535][info ][gc,marking  ] GC(232) Concurrent Preclean
[2025-08-20T14:59:53.505+0000][1692535][info ][gc,marking  ] GC(232) Concurrent Preclean 0.219ms
[2025-08-20T14:59:53.505+0000][1692535][info ][gc,start    ] GC(232) Pause Remark
[2025-08-20T14:59:53.508+0000][1692535][info ][gc          ] GC(232) Pause Remark 86M->86M(512M) 3.150ms
[2025-08-20T14:59:53.508+0000][1692535][info ][gc,cpu      ] GC(232) User=0.00s Sys=0.00s Real=0.01s
[2025-08-20T14:59:53.508+0000][1692535][info ][safepoint   ] Safepoint "G1PauseRemark", Time since last: 103353372 ns, Reaching safepoint: 5198 ns, Cleanup: 3134 ns, At safepoint: 3190650 ns, Total: 3198982 ns
[2025-08-20T14:59:53.508+0000][1692535][info ][gc,marking  ] GC(232) Concurrent Mark 100.848ms
[2025-08-20T14:59:53.508+0000][1692535][info ][gc,marking  ] GC(232) Concurrent Rebuild Remembered Sets and Scrub Regions
[2025-08-20T14:59:53.565+0000][1692535][info ][gc,marking  ] GC(232) Concurrent Rebuild Remembered Sets and Scrub Regions 56.800ms
[2025-08-20T14:59:53.565+0000][1692535][info ][gc,start    ] GC(232) Pause Cleanup
[2025-08-20T14:59:53.565+0000][1692535][info ][gc          ] GC(232) Pause Cleanup 86M->86M(512M) 0.036ms
[2025-08-20T14:59:53.565+0000][1692535][info ][gc,cpu      ] GC(232) User=0.00s Sys=0.00s Real=0.00s
[2025-08-20T14:59:53.565+0000][1692535][info ][safepoint   ] Safepoint "G1PauseCleanup", Time since last: 56858889 ns, Reaching safepoint: 4217 ns, Cleanup: 1652 ns, At safepoint: 63366 ns, Total: 69235 ns
[2025-08-20T14:59:53.565+0000][1692535][info ][gc,marking  ] GC(232) Concurrent Clear Claimed Marks
[2025-08-20T14:59:53.565+0000][1692535][info ][gc,marking  ] GC(232) Concurrent Clear Claimed Marks 0.149ms
[2025-08-20T14:59:53.565+0000][1692535][info ][gc,marking  ] GC(232) Concurrent Cleanup for Next Mark
[2025-08-20T14:59:53.566+0000][1692535][info ][gc,marking  ] GC(232) Concurrent Cleanup for Next Mark 0.254ms
[2025-08-20T14:59:53.566+0000][1692535][info ][gc          ] GC(232) Concurrent Mark Cycle 158.714ms
[2025-08-20T15:11:38.994+0000][1692535][info ][gc,start    ] GC(233) Pause Young (Normal) (G1 Evacuation Pause)
[2025-08-20T15:11:38.994+0000][1692535][info ][gc,task     ] GC(233) Using 1 workers of 1 for evacuation
[2025-08-20T15:11:38.994+0000][1692535][debug][gc,age      ] GC(233) Desired survivor size 20971520 bytes, new threshold 15 (max threshold 15)
[2025-08-20T15:11:38.999+0000][1692535][info ][gc,phases   ] GC(233)   Pre Evacuate Collection Set: 0.4ms
[2025-08-20T15:11:38.999+0000][1692535][info ][gc,phases   ] GC(233)   Merge Heap Roots: 0.0ms
[2025-08-20T15:11:38.999+0000][1692535][info ][gc,phases   ] GC(233)   Evacuate Collection Set: 1.5ms
[2025-08-20T15:11:38.999+0000][1692535][info ][gc,phases   ] GC(233)   Post Evacuate Collection Set: 3.0ms
[2025-08-20T15:11:38.999+0000][1692535][info ][gc,phases   ] GC(233)   Other: 0.0ms
[2025-08-20T15:11:38.999+0000][1692535][trace][gc,age      ] GC(233) Age table with threshold 15 (max threshold 15)
[2025-08-20T15:11:38.999+0000][1692535][trace][gc,age      ] GC(233) - age   1:      10856 bytes,      10856 total
[2025-08-20T15:11:38.999+0000][1692535][trace][gc,age      ] GC(233) - age   2:        176 bytes,      11032 total
[2025-08-20T15:11:38.999+0000][1692535][trace][gc,age      ] GC(233) - age   3:        176 bytes,      11208 total
[2025-08-20T15:11:38.999+0000][1692535][trace][gc,age      ] GC(233) - age   4:        248 bytes,      11456 total
[2025-08-20T15:11:38.999+0000][1692535][trace][gc,age      ] GC(233) - age   6:        344 bytes,      11800 total
[2025-08-20T15:11:38.999+0000][1692535][trace][gc,age      ] GC(233) - age   9:       2384 bytes,      14184 total
[2025-08-20T15:11:38.999+0000][1692535][trace][gc,age      ] GC(233) - age  12:        664 bytes,      14848 total
[2025-08-20T15:11:38.999+0000][1692535][trace][gc,age      ] GC(233) - age  15:         64 bytes,      14912 total
[2025-08-20T15:11:38.999+0000][1692535][info ][gc,heap     ] GC(233) Eden regions: 75->0(75)
[2025-08-20T15:11:38.999+0000][1692535][info ][gc,heap     ] GC(233) Survivor regions: 1->1(10)
[2025-08-20T15:11:38.999+0000][1692535][info ][gc,heap     ] GC(233) Old regions: 22->22
[2025-08-20T15:11:38.999+0000][1692535][info ][gc,heap     ] GC(233) Humongous regions: 0->0
[2025-08-20T15:11:38.999+0000][1692535][info ][gc,metaspace] GC(233) Metaspace: 137941K(143808K)->137941K(143808K) NonClass: 119724K(123328K)->119724K(123328K) Class: 18216K(20480K)->18216K(20480K)
[2025-08-20T15:11:38.999+0000][1692535][info ][gc          ] GC(233) Pause Young (Normal) (G1 Evacuation Pause) 386M->86M(512M) 5.244ms
[2025-08-20T15:11:38.999+0000][1692535][info ][gc,cpu      ] GC(233) User=0.00s Sys=0.00s Real=0.01s
[2025-08-20T15:11:38.999+0000][1692535][info ][safepoint   ] Safepoint "G1CollectForAllocation", Time since last: 705428373543 ns, Reaching safepoint: 7832 ns, Cleanup: 2814 ns, At safepoint: 5278873 ns, Total: 5289519 ns
[2025-08-20T15:23:24.572+0000][1692535][info ][gc,start    ] GC(234) Pause Young (Normal) (G1 Evacuation Pause)
[2025-08-20T15:23:24.572+0000][1692535][info ][gc,task     ] GC(234) Using 1 workers of 1 for evacuation
[2025-08-20T15:23:24.572+0000][1692535][debug][gc,age      ] GC(234) Desired survivor size 20971520 bytes, new threshold 15 (max threshold 15)
[2025-08-20T15:23:24.574+0000][1692535][info ][gc,phases   ] GC(234)   Pre Evacuate Collection Set: 0.2ms
[2025-08-20T15:23:24.574+0000][1692535][info ][gc,phases   ] GC(234)   Merge Heap Roots: 0.0ms
[2025-08-20T15:23:24.574+0000][1692535][info ][gc,phases   ] GC(234)   Evacuate Collection Set: 0.7ms
[2025-08-20T15:23:24.574+0000][1692535][info ][gc,phases   ] GC(234)   Post Evacuate Collection Set: 1.0ms
[2025-08-20T15:23:24.574+0000][1692535][info ][gc,phases   ] GC(234)   Other: 0.3ms
[2025-08-20T15:23:24.574+0000][1692535][trace][gc,age      ] GC(234) Age table with threshold 15 (max threshold 15)
[2025-08-20T15:23:24.574+0000][1692535][trace][gc,age      ] GC(234) - age   1:      11032 bytes,      11032 total
[2025-08-20T15:23:24.574+0000][1692535][trace][gc,age      ] GC(234) - age   4:        176 bytes,      11208 total
[2025-08-20T15:23:24.574+0000][1692535][trace][gc,age      ] GC(234) - age   5:        248 bytes,      11456 total
[2025-08-20T15:23:24.574+0000][1692535][trace][gc,age      ] GC(234) - age   7:        344 bytes,      11800 total
[2025-08-20T15:23:24.574+0000][1692535][trace][gc,age      ] GC(234) - age  10:       2384 bytes,      14184 total
[2025-08-20T15:23:24.574+0000][1692535][trace][gc,age      ] GC(234) - age  13:        664 bytes,      14848 total
[2025-08-20T15:23:24.574+0000][1692535][info ][gc,heap     ] GC(234) Eden regions: 75->0(75)
[2025-08-20T15:23:24.574+0000][1692535][info ][gc,heap     ] GC(234) Survivor regions: 1->1(10)
[2025-08-20T15:23:24.574+0000][1692535][info ][gc,heap     ] GC(234) Old regions: 22->22
[2025-08-20T15:23:24.574+0000][1692535][info ][gc,heap     ] GC(234) Humongous regions: 0->0
[2025-08-20T15:23:24.574+0000][1692535][info ][gc,metaspace] GC(234) Metaspace: 137941K(143808K)->137941K(143808K) NonClass: 119724K(123328K)->119724K(123328K) Class: 18216K(20480K)->18216K(20480K)
[2025-08-20T15:23:24.574+0000][1692535][info ][gc          ] GC(234) Pause Young (Normal) (G1 Evacuation Pause) 386M->86M(512M) 2.497ms
[2025-08-20T15:23:24.574+0000][1692535][info ][gc,cpu      ] GC(234) User=0.00s Sys=0.00s Real=0.00s
[2025-08-20T15:23:24.574+0000][1692535][info ][safepoint   ] Safepoint "G1CollectForAllocation", Time since last: 705573015133 ns, Reaching safepoint: 7031 ns, Cleanup: 2634 ns, At safepoint: 2531083 ns, Total: 2540748 ns
[2025-08-20T15:35:10.072+0000][1692535][info ][gc,start    ] GC(235) Pause Young (Normal) (G1 Evacuation Pause)
[2025-08-20T15:35:10.072+0000][1692535][info ][gc,task     ] GC(235) Using 1 workers of 1 for evacuation
[2025-08-20T15:35:10.072+0000][1692535][debug][gc,age      ] GC(235) Desired survivor size 20971520 bytes, new threshold 15 (max threshold 15)
[2025-08-20T15:35:10.074+0000][1692535][info ][gc,phases   ] GC(235)   Pre Evacuate Collection Set: 0.0ms
[2025-08-20T15:35:10.074+0000][1692535][info ][gc,phases   ] GC(235)   Merge Heap Roots: 0.0ms
[2025-08-20T15:35:10.074+0000][1692535][info ][gc,phases   ] GC(235)   Evacuate Collection Set: 0.7ms
[2025-08-20T15:35:10.074+0000][1692535][info ][gc,phases   ] GC(235)   Post Evacuate Collection Set: 0.9ms
[2025-08-20T15:35:10.074+0000][1692535][info ][gc,phases   ] GC(235)   Other: 0.0ms
[2025-08-20T15:35:10.074+0000][1692535][trace][gc,age      ] GC(235) Age table with threshold 15 (max threshold 15)
[2025-08-20T15:35:10.074+0000][1692535][trace][gc,age      ] GC(235) - age   1:      11064 bytes,      11064 total
[2025-08-20T15:35:10.074+0000][1692535][trace][gc,age      ] GC(235) - age   5:        176 bytes,      11240 total
[2025-08-20T15:35:10.074+0000][1692535][trace][gc,age      ] GC(235) - age   6:        248 bytes,      11488 total
[2025-08-20T15:35:10.074+0000][1692535][trace][gc,age      ] GC(235) - age   8:        344 bytes,      11832 total
[2025-08-20T15:35:10.074+0000][1692535][trace][gc,age      ] GC(235) - age  11:       2384 bytes,      14216 total
[2025-08-20T15:35:10.074+0000][1692535][trace][gc,age      ] GC(235) - age  14:        664 bytes,      14880 total
[2025-08-20T15:35:10.074+0000][1692535][info ][gc,heap     ] GC(235) Eden regions: 75->0(75)
[2025-08-20T15:35:10.074+0000][1692535][info ][gc,heap     ] GC(235) Survivor regions: 1->1(10)
[2025-08-20T15:35:10.074+0000][1692535][info ][gc,heap     ] GC(235) Old regions: 22->22
[2025-08-20T15:35:10.074+0000][1692535][info ][gc,heap     ] GC(235) Humongous regions: 0->0
[2025-08-20T15:35:10.074+0000][1692535][info ][gc,metaspace] GC(235) Metaspace: 137941K(143808K)->137941K(143808K) NonClass: 119724K(123328K)->119724K(123328K) Class: 18216K(20480K)->18216K(20480K)
[2025-08-20T15:35:10.074+0000][1692535][info ][gc          ] GC(235) Pause Young (Normal) (G1 Evacuation Pause) 386M->86M(512M) 1.982ms
[2025-08-20T15:35:10.074+0000][1692535][info ][gc,cpu      ] GC(235) User=0.00s Sys=0.00s Real=0.00s
[2025-08-20T15:35:10.074+0000][1692535][info ][safepoint   ] Safepoint "G1CollectForAllocation", Time since last: 705497311748 ns, Reaching safepoint: 7090 ns, Cleanup: 3165 ns, At safepoint: 2015364 ns, Total: 2025619 ns
[2025-08-20T15:39:49.090+0000][1692535][info ][safepoint   ] Safepoint "Cleanup", Time since last: 279016567699 ns, Reaching safepoint: 28944 ns, Cleanup: 9254 ns, At safepoint: 2724 ns, Total: 40922 ns
[2025-08-20T15:41:49.098+0000][1692535][info ][safepoint   ] Safepoint "Cleanup", Time since last: 120007029296 ns, Reaching safepoint: 302307 ns, Cleanup: 8713 ns, At safepoint: 5368 ns, Total: 316388 ns
[2025-08-20T15:46:55.760+0000][1692535][info ][gc,start    ] GC(236) Pause Young (Normal) (G1 Evacuation Pause)
[2025-08-20T15:46:55.761+0000][1692535][info ][gc,task     ] GC(236) Using 1 workers of 1 for evacuation
[2025-08-20T15:46:55.761+0000][1692535][debug][gc,age      ] GC(236) Desired survivor size 20971520 bytes, new threshold 15 (max threshold 15)
[2025-08-20T15:46:55.762+0000][1692535][info ][gc,phases   ] GC(236)   Pre Evacuate Collection Set: 0.0ms
[2025-08-20T15:46:55.762+0000][1692535][info ][gc,phases   ] GC(236)   Merge Heap Roots: 0.0ms
[2025-08-20T15:46:55.762+0000][1692535][info ][gc,phases   ] GC(236)   Evacuate Collection Set: 0.7ms
[2025-08-20T15:46:55.762+0000][1692535][info ][gc,phases   ] GC(236)   Post Evacuate Collection Set: 0.7ms
[2025-08-20T15:46:55.762+0000][1692535][info ][gc,phases   ] GC(236)   Other: 0.0ms
[2025-08-20T15:46:55.762+0000][1692535][trace][gc,age      ] GC(236) Age table with threshold 15 (max threshold 15)
[2025-08-20T15:46:55.762+0000][1692535][trace][gc,age      ] GC(236) - age   1:       9576 bytes,       9576 total
[2025-08-20T15:46:55.762+0000][1692535][trace][gc,age      ] GC(236) - age   2:        176 bytes,       9752 total
[2025-08-20T15:46:55.762+0000][1692535][trace][gc,age      ] GC(236) - age   7:        248 bytes,      10000 total
[2025-08-20T15:46:55.762+0000][1692535][trace][gc,age      ] GC(236) - age   9:        344 bytes,      10344 total
[2025-08-20T15:46:55.762+0000][1692535][trace][gc,age      ] GC(236) - age  12:       2384 bytes,      12728 total
[2025-08-20T15:46:55.762+0000][1692535][trace][gc,age      ] GC(236) - age  15:        664 bytes,      13392 total
[2025-08-20T15:46:55.762+0000][1692535][info ][gc,heap     ] GC(236) Eden regions: 75->0(75)
[2025-08-20T15:46:55.762+0000][1692535][info ][gc,heap     ] GC(236) Survivor regions: 1->1(10)
[2025-08-20T15:46:55.762+0000][1692535][info ][gc,heap     ] GC(236) Old regions: 22->22
[2025-08-20T15:46:55.762+0000][1692535][info ][gc,heap     ] GC(236) Humongous regions: 0->0
[2025-08-20T15:46:55.762+0000][1692535][info ][gc,metaspace] GC(236) Metaspace: 137941K(143808K)->137941K(143808K) NonClass: 119724K(123328K)->119724K(123328K) Class: 18216K(20480K)->18216K(20480K)
[2025-08-20T15:46:55.762+0000][1692535][info ][gc          ] GC(236) Pause Young (Normal) (G1 Evacuation Pause) 386M->86M(512M) 2.058ms
[2025-08-20T15:46:55.762+0000][1692535][info ][gc,cpu      ] GC(236) User=0.00s Sys=0.00s Real=0.00s
[2025-08-20T15:46:55.762+0000][1692535][info ][safepoint   ] Safepoint "G1CollectForAllocation", Time since last: 306662430986 ns, Reaching safepoint: 160673 ns, Cleanup: 3765 ns, At safepoint: 2097997 ns, Total: 2262435 ns
[2025-08-20T15:58:43.256+0000][1692535][info ][gc,start    ] GC(237) Pause Young (Normal) (G1 Evacuation Pause)
[2025-08-20T15:58:43.256+0000][1692535][info ][gc,task     ] GC(237) Using 1 workers of 1 for evacuation
[2025-08-20T15:58:43.256+0000][1692535][debug][gc,age      ] GC(237) Desired survivor size 20971520 bytes, new threshold 15 (max threshold 15)
[2025-08-20T15:58:43.258+0000][1692535][info ][gc,phases   ] GC(237)   Pre Evacuate Collection Set: 0.0ms
[2025-08-20T15:58:43.258+0000][1692535][info ][gc,phases   ] GC(237)   Merge Heap Roots: 0.0ms
[2025-08-20T15:58:43.258+0000][1692535][info ][gc,phases   ] GC(237)   Evacuate Collection Set: 0.8ms
[2025-08-20T15:58:43.258+0000][1692535][info ][gc,phases   ] GC(237)   Post Evacuate Collection Set: 0.7ms
[2025-08-20T15:58:43.258+0000][1692535][info ][gc,phases   ] GC(237)   Other: 0.0ms
[2025-08-20T15:58:43.258+0000][1692535][trace][gc,age      ] GC(237) Age table with threshold 15 (max threshold 15)
[2025-08-20T15:58:43.258+0000][1692535][trace][gc,age      ] GC(237) - age   1:      10048 bytes,      10048 total
[2025-08-20T15:58:43.258+0000][1692535][trace][gc,age      ] GC(237) - age   2:        424 bytes,      10472 total
[2025-08-20T15:58:43.258+0000][1692535][trace][gc,age      ] GC(237) - age   8:        248 bytes,      10720 total
[2025-08-20T15:58:43.258+0000][1692535][trace][gc,age      ] GC(237) - age  10:        344 bytes,      11064 total
[2025-08-20T15:58:43.258+0000][1692535][trace][gc,age      ] GC(237) - age  13:       2384 bytes,      13448 total
[2025-08-20T15:58:43.258+0000][1692535][info ][gc,heap     ] GC(237) Eden regions: 75->0(75)
[2025-08-20T15:58:43.258+0000][1692535][info ][gc,heap     ] GC(237) Survivor regions: 1->1(10)
[2025-08-20T15:58:43.258+0000][1692535][info ][gc,heap     ] GC(237) Old regions: 22->22
[2025-08-20T15:58:43.258+0000][1692535][info ][gc,heap     ] GC(237) Humongous regions: 0->0
[2025-08-20T15:58:43.258+0000][1692535][info ][gc,metaspace] GC(237) Metaspace: 137941K(143808K)->137941K(143808K) NonClass: 119724K(123328K)->119724K(123328K) Class: 18216K(20480K)->18216K(20480K)
[2025-08-20T15:58:43.258+0000][1692535][info ][gc          ] GC(237) Pause Young (Normal) (G1 Evacuation Pause) 386M->86M(512M) 1.991ms
[2025-08-20T15:58:43.258+0000][1692535][info ][gc,cpu      ] GC(237) User=0.00s Sys=0.00s Real=0.00s
[2025-08-20T15:58:43.258+0000][1692535][info ][safepoint   ] Safepoint "G1CollectForAllocation", Time since last: 707493489493 ns, Reaching safepoint: 7721 ns, Cleanup: 3796 ns, At safepoint: 2024477 ns, Total: 2035994 ns
[2025-08-20T16:10:29.443+0000][1692535][info ][gc,start    ] GC(238) Pause Young (Normal) (G1 Evacuation Pause)
[2025-08-20T16:10:29.443+0000][1692535][info ][gc,task     ] GC(238) Using 1 workers of 1 for evacuation
[2025-08-20T16:10:29.443+0000][1692535][debug][gc,age      ] GC(238) Desired survivor size 20971520 bytes, new threshold 15 (max threshold 15)
[2025-08-20T16:10:29.444+0000][1692535][info ][gc,phases   ] GC(238)   Pre Evacuate Collection Set: 0.0ms
[2025-08-20T16:10:29.444+0000][1692535][info ][gc,phases   ] GC(238)   Merge Heap Roots: 0.0ms
[2025-08-20T16:10:29.444+0000][1692535][info ][gc,phases   ] GC(238)   Evacuate Collection Set: 0.6ms
[2025-08-20T16:10:29.444+0000][1692535][info ][gc,phases   ] GC(238)   Post Evacuate Collection Set: 0.7ms
[2025-08-20T16:10:29.444+0000][1692535][info ][gc,phases   ] GC(238)   Other: 0.0ms
[2025-08-20T16:10:29.444+0000][1692535][trace][gc,age      ] GC(238) Age table with threshold 15 (max threshold 15)
[2025-08-20T16:10:29.444+0000][1692535][trace][gc,age      ] GC(238) - age   1:      26864 bytes,      26864 total
[2025-08-20T16:10:29.444+0000][1692535][trace][gc,age      ] GC(238) - age   3:        248 bytes,      27112 total
[2025-08-20T16:10:29.444+0000][1692535][trace][gc,age      ] GC(238) - age   9:        248 bytes,      27360 total
[2025-08-20T16:10:29.444+0000][1692535][trace][gc,age      ] GC(238) - age  11:        344 bytes,      27704 total
[2025-08-20T16:10:29.444+0000][1692535][trace][gc,age      ] GC(238) - age  14:       2384 bytes,      30088 total
[2025-08-20T16:10:29.444+0000][1692535][info ][gc,heap     ] GC(238) Eden regions: 75->0(75)
[2025-08-20T16:10:29.444+0000][1692535][info ][gc,heap     ] GC(238) Survivor regions: 1->1(10)
[2025-08-20T16:10:29.444+0000][1692535][info ][gc,heap     ] GC(238) Old regions: 22->22
[2025-08-20T16:10:29.444+0000][1692535][info ][gc,heap     ] GC(238) Humongous regions: 0->0
[2025-08-20T16:10:29.445+0000][1692535][info ][gc,metaspace] GC(238) Metaspace: 137941K(143808K)->137941K(143808K) NonClass: 119724K(123328K)->119724K(123328K) Class: 18216K(20480K)->18216K(20480K)
[2025-08-20T16:10:29.445+0000][1692535][info ][gc          ] GC(238) Pause Young (Normal) (G1 Evacuation Pause) 386M->86M(512M) 2.023ms
[2025-08-20T16:10:29.445+0000][1692535][info ][gc,cpu      ] GC(238) User=0.00s Sys=0.00s Real=0.00s
[2025-08-20T16:10:29.445+0000][1692535][info ][safepoint   ] Safepoint "G1CollectForAllocation", Time since last: 706184505406 ns, Reaching safepoint: 10175 ns, Cleanup: 3425 ns, At safepoint: 2056626 ns, Total: 2070226 ns
[2025-08-20T16:22:12.492+0000][1692535][info ][gc,start    ] GC(239) Pause Young (Normal) (G1 Evacuation Pause)
[2025-08-20T16:22:12.492+0000][1692535][info ][gc,task     ] GC(239) Using 1 workers of 1 for evacuation
[2025-08-20T16:22:12.492+0000][1692535][debug][gc,age      ] GC(239) Desired survivor size 20971520 bytes, new threshold 15 (max threshold 15)
[2025-08-20T16:22:12.494+0000][1692535][info ][gc,phases   ] GC(239)   Pre Evacuate Collection Set: 0.0ms
[2025-08-20T16:22:12.494+0000][1692535][info ][gc,phases   ] GC(239)   Merge Heap Roots: 0.0ms
[2025-08-20T16:22:12.494+0000][1692535][info ][gc,phases   ] GC(239)   Evacuate Collection Set: 0.6ms
[2025-08-20T16:22:12.494+0000][1692535][info ][gc,phases   ] GC(239)   Post Evacuate Collection Set: 0.7ms
[2025-08-20T16:22:12.494+0000][1692535][info ][gc,phases   ] GC(239)   Other: 0.0ms
[2025-08-20T16:22:12.494+0000][1692535][trace][gc,age      ] GC(239) Age table with threshold 15 (max threshold 15)
[2025-08-20T16:22:12.494+0000][1692535][trace][gc,age      ] GC(239) - age   1:       9816 bytes,       9816 total
[2025-08-20T16:22:12.494+0000][1692535][trace][gc,age      ] GC(239) - age   4:        248 bytes,      10064 total
[2025-08-20T16:22:12.494+0000][1692535][trace][gc,age      ] GC(239) - age  10:        248 bytes,      10312 total
[2025-08-20T16:22:12.494+0000][1692535][trace][gc,age      ] GC(239) - age  12:        344 bytes,      10656 total
[2025-08-20T16:22:12.494+0000][1692535][trace][gc,age      ] GC(239) - age  15:       2384 bytes,      13040 total
[2025-08-20T16:22:12.494+0000][1692535][info ][gc,heap     ] GC(239) Eden regions: 75->0(75)
[2025-08-20T16:22:12.494+0000][1692535][info ][gc,heap     ] GC(239) Survivor regions: 1->1(10)
[2025-08-20T16:22:12.494+0000][1692535][info ][gc,heap     ] GC(239) Old regions: 22->22
[2025-08-20T16:22:12.494+0000][1692535][info ][gc,heap     ] GC(239) Humongous regions: 0->0
[2025-08-20T16:22:12.494+0000][1692535][info ][gc,metaspace] GC(239) Metaspace: 137941K(143808K)->137941K(143808K) NonClass: 119724K(123328K)->119724K(123328K) Class: 18216K(20480K)->18216K(20480K)
[2025-08-20T16:22:12.494+0000][1692535][info ][gc          ] GC(239) Pause Young (Normal) (G1 Evacuation Pause) 386M->86M(512M) 2.017ms
[2025-08-20T16:22:12.494+0000][1692535][info ][gc,cpu      ] GC(239) User=0.00s Sys=0.00s Real=0.00s
[2025-08-20T16:22:12.494+0000][1692535][info ][safepoint   ] Safepoint "G1CollectForAllocation", Time since last: 703047131555 ns, Reaching safepoint: 6800 ns, Cleanup: 3215 ns, At safepoint: 2051327 ns, Total: 2061342 ns
[2025-08-20T16:33:59.288+0000][1692535][info ][gc,start    ] GC(240) Pause Young (Normal) (G1 Evacuation Pause)
[2025-08-20T16:33:59.288+0000][1692535][info ][gc,task     ] GC(240) Using 1 workers of 1 for evacuation
[2025-08-20T16:33:59.288+0000][1692535][debug][gc,age      ] GC(240) Desired survivor size 20971520 bytes, new threshold 15 (max threshold 15)
[2025-08-20T16:33:59.290+0000][1692535][info ][gc,phases   ] GC(240)   Pre Evacuate Collection Set: 0.1ms
[2025-08-20T16:33:59.290+0000][1692535][info ][gc,phases   ] GC(240)   Merge Heap Roots: 0.0ms
[2025-08-20T16:33:59.290+0000][1692535][info ][gc,phases   ] GC(240)   Evacuate Collection Set: 0.6ms
[2025-08-20T16:33:59.290+0000][1692535][info ][gc,phases   ] GC(240)   Post Evacuate Collection Set: 0.7ms
[2025-08-20T16:33:59.290+0000][1692535][info ][gc,phases   ] GC(240)   Other: 0.0ms
[2025-08-20T16:33:59.290+0000][1692535][trace][gc,age      ] GC(240) Age table with threshold 15 (max threshold 15)
[2025-08-20T16:33:59.290+0000][1692535][trace][gc,age      ] GC(240) - age   1:      27176 bytes,      27176 total
[2025-08-20T16:33:59.290+0000][1692535][trace][gc,age      ] GC(240) - age   5:        248 bytes,      27424 total
[2025-08-20T16:33:59.290+0000][1692535][trace][gc,age      ] GC(240) - age  11:        248 bytes,      27672 total
[2025-08-20T16:33:59.290+0000][1692535][trace][gc,age      ] GC(240) - age  13:        344 bytes,      28016 total
[2025-08-20T16:33:59.290+0000][1692535][info ][gc,heap     ] GC(240) Eden regions: 75->0(75)
[2025-08-20T16:33:59.290+0000][1692535][info ][gc,heap     ] GC(240) Survivor regions: 1->1(10)
[2025-08-20T16:33:59.290+0000][1692535][info ][gc,heap     ] GC(240) Old regions: 22->22
[2025-08-20T16:33:59.290+0000][1692535][info ][gc,heap     ] GC(240) Humongous regions: 0->0
[2025-08-20T16:33:59.290+0000][1692535][info ][gc,metaspace] GC(240) Metaspace: 137941K(143808K)->137941K(143808K) NonClass: 119724K(123328K)->119724K(123328K) Class: 18216K(20480K)->18216K(20480K)
[2025-08-20T16:33:59.290+0000][1692535][info ][gc          ] GC(240) Pause Young (Normal) (G1 Evacuation Pause) 386M->86M(512M) 2.151ms
[2025-08-20T16:33:59.290+0000][1692535][info ][gc,cpu      ] GC(240) User=0.00s Sys=0.00s Real=0.00s
[2025-08-20T16:33:59.290+0000][1692535][info ][safepoint   ] Safepoint "G1CollectForAllocation", Time since last: 706794012404 ns, Reaching safepoint: 7722 ns, Cleanup: 4076 ns, At safepoint: 2186231 ns, Total: 2198029 ns
[2025-08-20T16:45:42.621+0000][1692535][info ][gc,start    ] GC(241) Pause Young (Normal) (G1 Evacuation Pause)
[2025-08-20T16:45:42.621+0000][1692535][info ][gc,task     ] GC(241) Using 1 workers of 1 for evacuation
[2025-08-20T16:45:42.621+0000][1692535][debug][gc,age      ] GC(241) Desired survivor size 20971520 bytes, new threshold 15 (max threshold 15)
[2025-08-20T16:45:42.622+0000][1692535][info ][gc,phases   ] GC(241)   Pre Evacuate Collection Set: 0.0ms
[2025-08-20T16:45:42.622+0000][1692535][info ][gc,phases   ] GC(241)   Merge Heap Roots: 0.0ms
[2025-08-20T16:45:42.622+0000][1692535][info ][gc,phases   ] GC(241)   Evacuate Collection Set: 0.6ms
[2025-08-20T16:45:42.622+0000][1692535][info ][gc,phases   ] GC(241)   Post Evacuate Collection Set: 0.9ms
[2025-08-20T16:45:42.622+0000][1692535][info ][gc,phases   ] GC(241)   Other: 0.0ms
[2025-08-20T16:45:42.622+0000][1692535][trace][gc,age      ] GC(241) Age table with threshold 15 (max threshold 15)
[2025-08-20T16:45:42.622+0000][1692535][trace][gc,age      ] GC(241) - age   1:      11032 bytes,      11032 total
[2025-08-20T16:45:42.622+0000][1692535][trace][gc,age      ] GC(241) - age   2:        176 bytes,      11208 total
[2025-08-20T16:45:42.622+0000][1692535][trace][gc,age      ] GC(241) - age   6:         72 bytes,      11280 total
[2025-08-20T16:45:42.622+0000][1692535][trace][gc,age      ] GC(241) - age  12:        248 bytes,      11528 total
[2025-08-20T16:45:42.622+0000][1692535][trace][gc,age      ] GC(241) - age  14:        344 bytes,      11872 total
[2025-08-20T16:45:42.622+0000][1692535][info ][gc,heap     ] GC(241) Eden regions: 75->0(75)
[2025-08-20T16:45:42.622+0000][1692535][info ][gc,heap     ] GC(241) Survivor regions: 1->1(10)
[2025-08-20T16:45:42.622+0000][1692535][info ][gc,heap     ] GC(241) Old regions: 22->22
[2025-08-20T16:45:42.622+0000][1692535][info ][gc,heap     ] GC(241) Humongous regions: 0->0
[2025-08-20T16:45:42.622+0000][1692535][info ][gc,metaspace] GC(241) Metaspace: 137941K(143808K)->137941K(143808K) NonClass: 119724K(123328K)->119724K(123328K) Class: 18216K(20480K)->18216K(20480K)
[2025-08-20T16:45:42.622+0000][1692535][info ][gc          ] GC(241) Pause Young (Normal) (G1 Evacuation Pause) 386M->86M(512M) 1.836ms
[2025-08-20T16:45:42.622+0000][1692535][info ][gc,cpu      ] GC(241) User=0.01s Sys=0.00s Real=0.00s
[2025-08-20T16:45:42.622+0000][1692535][info ][safepoint   ] Safepoint "G1CollectForAllocation", Time since last: 703330568273 ns, Reaching safepoint: 9344 ns, Cleanup: 3125 ns, At safepoint: 1868412 ns, Total: 1880881 ns
[2025-08-20T16:57:28.043+0000][1692535][info ][gc,start    ] GC(242) Pause Young (Normal) (G1 Evacuation Pause)
[2025-08-20T16:57:28.043+0000][1692535][info ][gc,task     ] GC(242) Using 1 workers of 1 for evacuation
[2025-08-20T16:57:28.043+0000][1692535][debug][gc,age      ] GC(242) Desired survivor size 20971520 bytes, new threshold 15 (max threshold 15)
[2025-08-20T16:57:28.045+0000][1692535][info ][gc,phases   ] GC(242)   Pre Evacuate Collection Set: 0.0ms
[2025-08-20T16:57:28.045+0000][1692535][info ][gc,phases   ] GC(242)   Merge Heap Roots: 0.0ms
[2025-08-20T16:57:28.045+0000][1692535][info ][gc,phases   ] GC(242)   Evacuate Collection Set: 0.6ms
[2025-08-20T16:57:28.045+0000][1692535][info ][gc,phases   ] GC(242)   Post Evacuate Collection Set: 1.0ms
[2025-08-20T16:57:28.045+0000][1692535][info ][gc,phases   ] GC(242)   Other: 0.0ms
[2025-08-20T16:57:28.045+0000][1692535][trace][gc,age      ] GC(242) Age table with threshold 15 (max threshold 15)
[2025-08-20T16:57:28.045+0000][1692535][trace][gc,age      ] GC(242) - age   1:      10856 bytes,      10856 total
[2025-08-20T16:57:28.045+0000][1692535][trace][gc,age      ] GC(242) - age   2:        352 bytes,      11208 total
[2025-08-20T16:57:28.045+0000][1692535][trace][gc,age      ] GC(242) - age   7:         72 bytes,      11280 total
[2025-08-20T16:57:28.045+0000][1692535][trace][gc,age      ] GC(242) - age  13:        248 bytes,      11528 total
[2025-08-20T16:57:28.045+0000][1692535][trace][gc,age      ] GC(242) - age  15:        344 bytes,      11872 total
[2025-08-20T16:57:28.045+0000][1692535][info ][gc,heap     ] GC(242) Eden regions: 75->0(75)
[2025-08-20T16:57:28.045+0000][1692535][info ][gc,heap     ] GC(242) Survivor regions: 1->1(10)
[2025-08-20T16:57:28.045+0000][1692535][info ][gc,heap     ] GC(242) Old regions: 22->22
[2025-08-20T16:57:28.045+0000][1692535][info ][gc,heap     ] GC(242) Humongous regions: 0->0
[2025-08-20T16:57:28.045+0000][1692535][info ][gc,metaspace] GC(242) Metaspace: 137941K(143808K)->137941K(143808K) NonClass: 119724K(123328K)->119724K(123328K) Class: 18216K(20480K)->18216K(20480K)
[2025-08-20T16:57:28.045+0000][1692535][info ][gc          ] GC(242) Pause Young (Normal) (G1 Evacuation Pause) 386M->86M(512M) 1.939ms
[2025-08-20T16:57:28.045+0000][1692535][info ][gc,cpu      ] GC(242) User=0.00s Sys=0.00s Real=0.00s
[2025-08-20T16:57:28.045+0000][1692535][info ][safepoint   ] Safepoint "G1CollectForAllocation", Time since last: 705420465821 ns, Reaching safepoint: 8012 ns, Cleanup: 2815 ns, At safepoint: 1970365 ns, Total: 1981192 ns
[2025-08-20T17:00:22.056+0000][1692535][info ][safepoint   ] Safepoint "Cleanup", Time since last: 174011242335 ns, Reaching safepoint: 43886 ns, Cleanup: 10726 ns, At safepoint: 323178 ns, Total: 377790 ns
[2025-08-20T17:01:37.062+0000][1692535][info ][safepoint   ] Safepoint "Cleanup", Time since last: 75005099644 ns, Reaching safepoint: 74152 ns, Cleanup: 10455 ns, At safepoint: 5379 ns, Total: 89986 ns
[2025-08-20T17:09:13.511+0000][1692535][info ][gc,start    ] GC(243) Pause Young (Normal) (G1 Evacuation Pause)
[2025-08-20T17:09:13.511+0000][1692535][info ][gc,task     ] GC(243) Using 1 workers of 1 for evacuation
[2025-08-20T17:09:13.511+0000][1692535][debug][gc,age      ] GC(243) Desired survivor size 20971520 bytes, new threshold 15 (max threshold 15)
[2025-08-20T17:09:13.513+0000][1692535][info ][gc,phases   ] GC(243)   Pre Evacuate Collection Set: 0.0ms
[2025-08-20T17:09:13.513+0000][1692535][info ][gc,phases   ] GC(243)   Merge Heap Roots: 0.0ms
[2025-08-20T17:09:13.513+0000][1692535][info ][gc,phases   ] GC(243)   Evacuate Collection Set: 0.6ms
[2025-08-20T17:09:13.513+0000][1692535][info ][gc,phases   ] GC(243)   Post Evacuate Collection Set: 0.7ms
[2025-08-20T17:09:13.513+0000][1692535][info ][gc,phases   ] GC(243)   Other: 0.0ms
[2025-08-20T17:09:13.513+0000][1692535][trace][gc,age      ] GC(243) Age table with threshold 15 (max threshold 15)
[2025-08-20T17:09:13.513+0000][1692535][trace][gc,age      ] GC(243) - age   1:       9624 bytes,       9624 total
[2025-08-20T17:09:13.513+0000][1692535][trace][gc,age      ] GC(243) - age   3:        176 bytes,       9800 total
[2025-08-20T17:09:13.513+0000][1692535][trace][gc,age      ] GC(243) - age   8:         72 bytes,       9872 total
[2025-08-20T17:09:13.513+0000][1692535][trace][gc,age      ] GC(243) - age  14:        248 bytes,      10120 total
[2025-08-20T17:09:13.513+0000][1692535][info ][gc,heap     ] GC(243) Eden regions: 75->0(75)
[2025-08-20T17:09:13.513+0000][1692535][info ][gc,heap     ] GC(243) Survivor regions: 1->1(10)
[2025-08-20T17:09:13.513+0000][1692535][info ][gc,heap     ] GC(243) Old regions: 22->22
[2025-08-20T17:09:13.513+0000][1692535][info ][gc,heap     ] GC(243) Humongous regions: 0->0
[2025-08-20T17:09:13.513+0000][1692535][info ][gc,metaspace] GC(243) Metaspace: 137941K(143808K)->137941K(143808K) NonClass: 119724K(123328K)->119724K(123328K) Class: 18216K(20480K)->18216K(20480K)
[2025-08-20T17:09:13.513+0000][1692535][info ][gc          ] GC(243) Pause Young (Normal) (G1 Evacuation Pause) 386M->86M(512M) 1.827ms
[2025-08-20T17:09:13.513+0000][1692535][info ][gc,cpu      ] GC(243) User=0.00s Sys=0.00s Real=0.00s
[2025-08-20T17:09:13.513+0000][1692535][info ][safepoint   ] Safepoint "G1CollectForAllocation", Time since last: 456449437381 ns, Reaching safepoint: 8192 ns, Cleanup: 3376 ns, At safepoint: 1859537 ns, Total: 1871105 ns
[2025-08-20T17:20:58.900+0000][1692535][info ][gc,start    ] GC(244) Pause Young (Normal) (G1 Evacuation Pause)
[2025-08-20T17:20:58.900+0000][1692535][info ][gc,task     ] GC(244) Using 1 workers of 1 for evacuation
[2025-08-20T17:20:58.900+0000][1692535][debug][gc,age      ] GC(244) Desired survivor size 20971520 bytes, new threshold 15 (max threshold 15)
[2025-08-20T17:20:58.902+0000][1692535][info ][gc,phases   ] GC(244)   Pre Evacuate Collection Set: 0.1ms
[2025-08-20T17:20:58.902+0000][1692535][info ][gc,phases   ] GC(244)   Merge Heap Roots: 0.0ms
[2025-08-20T17:20:58.902+0000][1692535][info ][gc,phases   ] GC(244)   Evacuate Collection Set: 0.6ms
[2025-08-20T17:20:58.902+0000][1692535][info ][gc,phases   ] GC(244)   Post Evacuate Collection Set: 1.0ms
[2025-08-20T17:20:58.902+0000][1692535][info ][gc,phases   ] GC(244)   Other: 0.0ms
[2025-08-20T17:20:58.902+0000][1692535][trace][gc,age      ] GC(244) Age table with threshold 15 (max threshold 15)
[2025-08-20T17:20:58.902+0000][1692535][trace][gc,age      ] GC(244) - age   1:      11032 bytes,      11032 total
[2025-08-20T17:20:58.902+0000][1692535][trace][gc,age      ] GC(244) - age   2:         64 bytes,      11096 total
[2025-08-20T17:20:58.902+0000][1692535][trace][gc,age      ] GC(244) - age   4:        176 bytes,      11272 total
[2025-08-20T17:20:58.902+0000][1692535][trace][gc,age      ] GC(244) - age   9:         72 bytes,      11344 total
[2025-08-20T17:20:58.902+0000][1692535][trace][gc,age      ] GC(244) - age  15:        248 bytes,      11592 total
[2025-08-20T17:20:58.902+0000][1692535][info ][gc,heap     ] GC(244) Eden regions: 75->0(75)
[2025-08-20T17:20:58.902+0000][1692535][info ][gc,heap     ] GC(244) Survivor regions: 1->1(10)
[2025-08-20T17:20:58.902+0000][1692535][info ][gc,heap     ] GC(244) Old regions: 22->22
[2025-08-20T17:20:58.902+0000][1692535][info ][gc,heap     ] GC(244) Humongous regions: 0->0
[2025-08-20T17:20:58.902+0000][1692535][info ][gc,metaspace] GC(244) Metaspace: 137941K(143808K)->137941K(143808K) NonClass: 119724K(123328K)->119724K(123328K) Class: 18216K(20480K)->18216K(20480K)
[2025-08-20T17:20:58.902+0000][1692535][info ][gc          ] GC(244) Pause Young (Normal) (G1 Evacuation Pause) 386M->86M(512M) 1.971ms
[2025-08-20T17:20:58.902+0000][1692535][info ][gc,cpu      ] GC(244) User=0.01s Sys=0.00s Real=0.00s
[2025-08-20T17:20:58.902+0000][1692535][info ][safepoint   ] Safepoint "G1CollectForAllocation", Time since last: 705387175097 ns, Reaching safepoint: 7362 ns, Cleanup: 2984 ns, At safepoint: 2006079 ns, Total: 2016425 ns
[2025-08-20T17:32:43.195+0000][1692535][info ][gc,start    ] GC(245) Pause Young (Normal) (G1 Evacuation Pause)
[2025-08-20T17:32:43.196+0000][1692535][info ][gc,task     ] GC(245) Using 1 workers of 1 for evacuation
[2025-08-20T17:32:43.196+0000][1692535][debug][gc,age      ] GC(245) Desired survivor size 20971520 bytes, new threshold 15 (max threshold 15)
[2025-08-20T17:32:43.197+0000][1692535][info ][gc,phases   ] GC(245)   Pre Evacuate Collection Set: 0.0ms
[2025-08-20T17:32:43.197+0000][1692535][info ][gc,phases   ] GC(245)   Merge Heap Roots: 0.0ms
[2025-08-20T17:32:43.197+0000][1692535][info ][gc,phases   ] GC(245)   Evacuate Collection Set: 0.6ms
[2025-08-20T17:32:43.197+0000][1692535][info ][gc,phases   ] GC(245)   Post Evacuate Collection Set: 0.7ms
[2025-08-20T17:32:43.197+0000][1692535][info ][gc,phases   ] GC(245)   Other: 0.2ms
[2025-08-20T17:32:43.197+0000][1692535][trace][gc,age      ] GC(245) Age table with threshold 15 (max threshold 15)
[2025-08-20T17:32:43.197+0000][1692535][trace][gc,age      ] GC(245) - age   1:       9448 bytes,       9448 total
[2025-08-20T17:32:43.197+0000][1692535][trace][gc,age      ] GC(245) - age   3:         64 bytes,       9512 total
[2025-08-20T17:32:43.197+0000][1692535][trace][gc,age      ] GC(245) - age   5:        176 bytes,       9688 total
[2025-08-20T17:32:43.197+0000][1692535][trace][gc,age      ] GC(245) - age  10:         72 bytes,       9760 total
[2025-08-20T17:32:43.197+0000][1692535][info ][gc,heap     ] GC(245) Eden regions: 75->0(75)
[2025-08-20T17:32:43.197+0000][1692535][info ][gc,heap     ] GC(245) Survivor regions: 1->1(10)
[2025-08-20T17:32:43.197+0000][1692535][info ][gc,heap     ] GC(245) Old regions: 22->22
[2025-08-20T17:32:43.197+0000][1692535][info ][gc,heap     ] GC(245) Humongous regions: 0->0
[2025-08-20T17:32:43.197+0000][1692535][info ][gc,metaspace] GC(245) Metaspace: 137941K(143808K)->137941K(143808K) NonClass: 119724K(123328K)->119724K(123328K) Class: 18216K(20480K)->18216K(20480K)
[2025-08-20T17:32:43.197+0000][1692535][info ][gc          ] GC(245) Pause Young (Normal) (G1 Evacuation Pause) 386M->86M(512M) 2.055ms
[2025-08-20T17:32:43.198+0000][1692535][info ][gc,cpu      ] GC(245) User=0.00s Sys=0.00s Real=0.00s
[2025-08-20T17:32:43.198+0000][1692535][info ][safepoint   ] Safepoint "G1CollectForAllocation", Time since last: 704293262033 ns, Reaching safepoint: 9154 ns, Cleanup: 3435 ns, At safepoint: 2086621 ns, Total: 2099210 ns
[2025-08-20T17:34:23.215+0000][1692535][info ][safepoint   ] Safepoint "Cleanup", Time since last: 100017440366 ns, Reaching safepoint: 5388 ns, Cleanup: 9014 ns, At safepoint: 29184 ns, Total: 43586 ns
[2025-08-20T17:44:29.765+0000][1692535][info ][gc,start    ] GC(246) Pause Young (Normal) (G1 Evacuation Pause)
[2025-08-20T17:44:29.765+0000][1692535][info ][gc,task     ] GC(246) Using 1 workers of 1 for evacuation
[2025-08-20T17:44:29.765+0000][1692535][debug][gc,age      ] GC(246) Desired survivor size 20971520 bytes, new threshold 15 (max threshold 15)
[2025-08-20T17:44:29.767+0000][1692535][info ][gc,phases   ] GC(246)   Pre Evacuate Collection Set: 0.0ms
[2025-08-20T17:44:29.767+0000][1692535][info ][gc,phases   ] GC(246)   Merge Heap Roots: 0.0ms
[2025-08-20T17:44:29.767+0000][1692535][info ][gc,phases   ] GC(246)   Evacuate Collection Set: 0.6ms
[2025-08-20T17:44:29.767+0000][1692535][info ][gc,phases   ] GC(246)   Post Evacuate Collection Set: 1.0ms
[2025-08-20T17:44:29.767+0000][1692535][info ][gc,phases   ] GC(246)   Other: 0.3ms
[2025-08-20T17:44:29.767+0000][1692535][trace][gc,age      ] GC(246) Age table with threshold 15 (max threshold 15)
[2025-08-20T17:44:29.767+0000][1692535][trace][gc,age      ] GC(246) - age   1:      11216 bytes,      11216 total
[2025-08-20T17:44:29.767+0000][1692535][trace][gc,age      ] GC(246) - age   2:        176 bytes,      11392 total
[2025-08-20T17:44:29.767+0000][1692535][trace][gc,age      ] GC(246) - age   4:         64 bytes,      11456 total
[2025-08-20T17:44:29.767+0000][1692535][trace][gc,age      ] GC(246) - age  11:         72 bytes,      11528 total
[2025-08-20T17:44:29.767+0000][1692535][info ][gc,heap     ] GC(246) Eden regions: 75->0(75)
[2025-08-20T17:44:29.767+0000][1692535][info ][gc,heap     ] GC(246) Survivor regions: 1->1(10)
[2025-08-20T17:44:29.767+0000][1692535][info ][gc,heap     ] GC(246) Old regions: 22->22
[2025-08-20T17:44:29.767+0000][1692535][info ][gc,heap     ] GC(246) Humongous regions: 0->0
[2025-08-20T17:44:29.767+0000][1692535][info ][gc,metaspace] GC(246) Metaspace: 137941K(143808K)->137941K(143808K) NonClass: 119724K(123328K)->119724K(123328K) Class: 18216K(20480K)->18216K(20480K)
[2025-08-20T17:44:29.767+0000][1692535][info ][gc          ] GC(246) Pause Young (Normal) (G1 Evacuation Pause) 386M->86M(512M) 2.222ms
[2025-08-20T17:44:29.767+0000][1692535][info ][gc,cpu      ] GC(246) User=0.01s Sys=0.00s Real=0.01s
[2025-08-20T17:44:29.767+0000][1692535][info ][safepoint   ] Safepoint "G1CollectForAllocation", Time since last: 606550139304 ns, Reaching safepoint: 7472 ns, Cleanup: 2734 ns, At safepoint: 2255285 ns, Total: 2265491 ns
[2025-08-20T17:56:15.192+0000][1692535][info ][gc,start    ] GC(247) Pause Young (Normal) (G1 Evacuation Pause)
[2025-08-20T17:56:15.193+0000][1692535][info ][gc,task     ] GC(247) Using 1 workers of 1 for evacuation
[2025-08-20T17:56:15.193+0000][1692535][debug][gc,age      ] GC(247) Desired survivor size 20971520 bytes, new threshold 15 (max threshold 15)
[2025-08-20T17:56:15.194+0000][1692535][info ][gc,phases   ] GC(247)   Pre Evacuate Collection Set: 0.0ms
[2025-08-20T17:56:15.194+0000][1692535][info ][gc,phases   ] GC(247)   Merge Heap Roots: 0.0ms
[2025-08-20T17:56:15.194+0000][1692535][info ][gc,phases   ] GC(247)   Evacuate Collection Set: 0.6ms
[2025-08-20T17:56:15.194+0000][1692535][info ][gc,phases   ] GC(247)   Post Evacuate Collection Set: 0.7ms
[2025-08-20T17:56:15.194+0000][1692535][info ][gc,phases   ] GC(247)   Other: 0.0ms
[2025-08-20T17:56:15.194+0000][1692535][trace][gc,age      ] GC(247) Age table with threshold 15 (max threshold 15)
[2025-08-20T17:56:15.194+0000][1692535][trace][gc,age      ] GC(247) - age   1:      10856 bytes,      10856 total
[2025-08-20T17:56:15.194+0000][1692535][trace][gc,age      ] GC(247) - age   2:        352 bytes,      11208 total
[2025-08-20T17:56:15.194+0000][1692535][trace][gc,age      ] GC(247) - age   5:         64 bytes,      11272 total
[2025-08-20T17:56:15.194+0000][1692535][trace][gc,age      ] GC(247) - age  12:         72 bytes,      11344 total
[2025-08-20T17:56:15.194+0000][1692535][info ][gc,heap     ] GC(247) Eden regions: 75->0(75)
[2025-08-20T17:56:15.194+0000][1692535][info ][gc,heap     ] GC(247) Survivor regions: 1->1(10)
[2025-08-20T17:56:15.194+0000][1692535][info ][gc,heap     ] GC(247) Old regions: 22->22
[2025-08-20T17:56:15.194+0000][1692535][info ][gc,heap     ] GC(247) Humongous regions: 0->0
[2025-08-20T17:56:15.194+0000][1692535][info ][gc,metaspace] GC(247) Metaspace: 137941K(143808K)->137941K(143808K) NonClass: 119724K(123328K)->119724K(123328K) Class: 18216K(20480K)->18216K(20480K)
[2025-08-20T17:56:15.194+0000][1692535][info ][gc          ] GC(247) Pause Young (Normal) (G1 Evacuation Pause) 386M->86M(512M) 1.642ms
[2025-08-20T17:56:15.194+0000][1692535][info ][gc,cpu      ] GC(247) User=0.00s Sys=0.00s Real=0.00s
[2025-08-20T17:56:15.194+0000][1692535][info ][safepoint   ] Safepoint "G1CollectForAllocation", Time since last: 705425058699 ns, Reaching safepoint: 7772 ns, Cleanup: 3265 ns, At safepoint: 1675660 ns, Total: 1686697 ns
[2025-08-20T18:08:00.604+0000][1692535][info ][gc,start    ] GC(248) Pause Young (Normal) (G1 Evacuation Pause)
[2025-08-20T18:08:00.604+0000][1692535][info ][gc,task     ] GC(248) Using 1 workers of 1 for evacuation
[2025-08-20T18:08:00.604+0000][1692535][debug][gc,age      ] GC(248) Desired survivor size 20971520 bytes, new threshold 15 (max threshold 15)
[2025-08-20T18:08:00.606+0000][1692535][info ][gc,phases   ] GC(248)   Pre Evacuate Collection Set: 0.0ms
[2025-08-20T18:08:00.606+0000][1692535][info ][gc,phases   ] GC(248)   Merge Heap Roots: 0.0ms
[2025-08-20T18:08:00.606+0000][1692535][info ][gc,phases   ] GC(248)   Evacuate Collection Set: 0.6ms
[2025-08-20T18:08:00.606+0000][1692535][info ][gc,phases   ] GC(248)   Post Evacuate Collection Set: 1.0ms
[2025-08-20T18:08:00.606+0000][1692535][info ][gc,phases   ] GC(248)   Other: 0.0ms
[2025-08-20T18:08:00.606+0000][1692535][trace][gc,age      ] GC(248) Age table with threshold 15 (max threshold 15)
[2025-08-20T18:08:00.606+0000][1692535][trace][gc,age      ] GC(248) - age   1:      11240 bytes,      11240 total
[2025-08-20T18:08:00.606+0000][1692535][trace][gc,age      ] GC(248) - age   3:        176 bytes,      11416 total
[2025-08-20T18:08:00.606+0000][1692535][trace][gc,age      ] GC(248) - age   6:         64 bytes,      11480 total
[2025-08-20T18:08:00.606+0000][1692535][trace][gc,age      ] GC(248) - age  13:         72 bytes,      11552 total
[2025-08-20T18:08:00.606+0000][1692535][info ][gc,heap     ] GC(248) Eden regions: 75->0(75)
[2025-08-20T18:08:00.606+0000][1692535][info ][gc,heap     ] GC(248) Survivor regions: 1->1(10)
[2025-08-20T18:08:00.606+0000][1692535][info ][gc,heap     ] GC(248) Old regions: 22->22
[2025-08-20T18:08:00.606+0000][1692535][info ][gc,heap     ] GC(248) Humongous regions: 0->0
[2025-08-20T18:08:00.606+0000][1692535][info ][gc,metaspace] GC(248) Metaspace: 137941K(143808K)->137941K(143808K) NonClass: 119724K(123328K)->119724K(123328K) Class: 18216K(20480K)->18216K(20480K)
[2025-08-20T18:08:00.606+0000][1692535][info ][gc          ] GC(248) Pause Young (Normal) (G1 Evacuation Pause) 386M->86M(512M) 1.938ms
[2025-08-20T18:08:00.606+0000][1692535][info ][gc,cpu      ] GC(248) User=0.01s Sys=0.00s Real=0.01s
[2025-08-20T18:08:00.606+0000][1692535][info ][safepoint   ] Safepoint "G1CollectForAllocation", Time since last: 705409529795 ns, Reaching safepoint: 7591 ns, Cleanup: 3355 ns, At safepoint: 1971628 ns, Total: 1982574 ns
[2025-08-20T18:19:46.027+0000][1692535][info ][gc,start    ] GC(249) Pause Young (Normal) (G1 Evacuation Pause)
[2025-08-20T18:19:46.027+0000][1692535][info ][gc,task     ] GC(249) Using 1 workers of 1 for evacuation
[2025-08-20T18:19:46.027+0000][1692535][debug][gc,age      ] GC(249) Desired survivor size 20971520 bytes, new threshold 15 (max threshold 15)
[2025-08-20T18:19:46.029+0000][1692535][info ][gc,phases   ] GC(249)   Pre Evacuate Collection Set: 0.0ms
[2025-08-20T18:19:46.029+0000][1692535][info ][gc,phases   ] GC(249)   Merge Heap Roots: 0.0ms
[2025-08-20T18:19:46.029+0000][1692535][info ][gc,phases   ] GC(249)   Evacuate Collection Set: 0.6ms
[2025-08-20T18:19:46.029+0000][1692535][info ][gc,phases   ] GC(249)   Post Evacuate Collection Set: 0.9ms
[2025-08-20T18:19:46.029+0000][1692535][info ][gc,phases   ] GC(249)   Other: 0.0ms
[2025-08-20T18:19:46.029+0000][1692535][trace][gc,age      ] GC(249) Age table with threshold 15 (max threshold 15)
[2025-08-20T18:19:46.029+0000][1692535][trace][gc,age      ] GC(249) - age   1:      11032 bytes,      11032 total
[2025-08-20T18:19:46.029+0000][1692535][trace][gc,age      ] GC(249) - age   4:        176 bytes,      11208 total
[2025-08-20T18:19:46.029+0000][1692535][trace][gc,age      ] GC(249) - age   7:         64 bytes,      11272 total
[2025-08-20T18:19:46.029+0000][1692535][trace][gc,age      ] GC(249) - age  14:         72 bytes,      11344 total
[2025-08-20T18:19:46.029+0000][1692535][info ][gc,heap     ] GC(249) Eden regions: 75->0(75)
[2025-08-20T18:19:46.029+0000][1692535][info ][gc,heap     ] GC(249) Survivor regions: 1->1(10)
[2025-08-20T18:19:46.029+0000][1692535][info ][gc,heap     ] GC(249) Old regions: 22->22
[2025-08-20T18:19:46.029+0000][1692535][info ][gc,heap     ] GC(249) Humongous regions: 0->0
[2025-08-20T18:19:46.029+0000][1692535][info ][gc,metaspace] GC(249) Metaspace: 137941K(143808K)->137941K(143808K) NonClass: 119724K(123328K)->119724K(123328K) Class: 18216K(20480K)->18216K(20480K)
[2025-08-20T18:19:46.029+0000][1692535][info ][gc          ] GC(249) Pause Young (Normal) (G1 Evacuation Pause) 386M->86M(512M) 1.819ms
[2025-08-20T18:19:46.029+0000][1692535][info ][gc,cpu      ] GC(249) User=0.00s Sys=0.00s Real=0.00s
[2025-08-20T18:19:46.029+0000][1692535][info ][safepoint   ] Safepoint "G1CollectForAllocation", Time since last: 705421356179 ns, Reaching safepoint: 6950 ns, Cleanup: 2975 ns, At safepoint: 1852397 ns, Total: 1862322 ns
[2025-08-20T18:31:31.452+0000][1692535][info ][gc,start    ] GC(250) Pause Young (Normal) (G1 Evacuation Pause)
[2025-08-20T18:31:31.452+0000][1692535][info ][gc,task     ] GC(250) Using 1 workers of 1 for evacuation
[2025-08-20T18:31:31.452+0000][1692535][debug][gc,age      ] GC(250) Desired survivor size 20971520 bytes, new threshold 15 (max threshold 15)
[2025-08-20T18:31:31.453+0000][1692535][info ][gc,phases   ] GC(250)   Pre Evacuate Collection Set: 0.0ms
[2025-08-20T18:31:31.453+0000][1692535][info ][gc,phases   ] GC(250)   Merge Heap Roots: 0.0ms
[2025-08-20T18:31:31.453+0000][1692535][info ][gc,phases   ] GC(250)   Evacuate Collection Set: 0.6ms
[2025-08-20T18:31:31.453+0000][1692535][info ][gc,phases   ] GC(250)   Post Evacuate Collection Set: 1.0ms
[2025-08-20T18:31:31.454+0000][1692535][info ][gc,phases   ] GC(250)   Other: 0.0ms
[2025-08-20T18:31:31.454+0000][1692535][trace][gc,age      ] GC(250) Age table with threshold 15 (max threshold 15)
[2025-08-20T18:31:31.454+0000][1692535][trace][gc,age      ] GC(250) - age   1:       9360 bytes,       9360 total
[2025-08-20T18:31:31.454+0000][1692535][trace][gc,age      ] GC(250) - age   2:        176 bytes,       9536 total
[2025-08-20T18:31:31.454+0000][1692535][trace][gc,age      ] GC(250) - age   5:        176 bytes,       9712 total
[2025-08-20T18:31:31.454+0000][1692535][trace][gc,age      ] GC(250) - age   8:         64 bytes,       9776 total
[2025-08-20T18:31:31.454+0000][1692535][trace][gc,age      ] GC(250) - age  15:         72 bytes,       9848 total
[2025-08-20T18:31:31.454+0000][1692535][info ][gc,heap     ] GC(250) Eden regions: 75->0(75)
[2025-08-20T18:31:31.454+0000][1692535][info ][gc,heap     ] GC(250) Survivor regions: 1->1(10)
[2025-08-20T18:31:31.454+0000][1692535][info ][gc,heap     ] GC(250) Old regions: 22->22
[2025-08-20T18:31:31.454+0000][1692535][info ][gc,heap     ] GC(250) Humongous regions: 0->0
[2025-08-20T18:31:31.454+0000][1692535][info ][gc,metaspace] GC(250) Metaspace: 137941K(143808K)->137941K(143808K) NonClass: 119724K(123328K)->119724K(123328K) Class: 18216K(20480K)->18216K(20480K)
[2025-08-20T18:31:31.454+0000][1692535][info ][gc          ] GC(250) Pause Young (Normal) (G1 Evacuation Pause) 386M->86M(512M) 1.933ms
[2025-08-20T18:31:31.454+0000][1692535][info ][gc,cpu      ] GC(250) User=0.00s Sys=0.00s Real=0.00s
[2025-08-20T18:31:31.454+0000][1692535][info ][safepoint   ] Safepoint "G1CollectForAllocation", Time since last: 705422712328 ns, Reaching safepoint: 9274 ns, Cleanup: 3135 ns, At safepoint: 1965168 ns, Total: 1977577 ns
[2025-08-20T18:43:16.896+0000][1692535][info ][gc,start    ] GC(251) Pause Young (Normal) (G1 Evacuation Pause)
[2025-08-20T18:43:16.897+0000][1692535][info ][gc,task     ] GC(251) Using 1 workers of 1 for evacuation
[2025-08-20T18:43:16.897+0000][1692535][debug][gc,age      ] GC(251) Desired survivor size 20971520 bytes, new threshold 15 (max threshold 15)
[2025-08-20T18:43:16.898+0000][1692535][info ][gc,phases   ] GC(251)   Pre Evacuate Collection Set: 0.0ms
[2025-08-20T18:43:16.898+0000][1692535][info ][gc,phases   ] GC(251)   Merge Heap Roots: 0.0ms
[2025-08-20T18:43:16.898+0000][1692535][info ][gc,phases   ] GC(251)   Evacuate Collection Set: 0.6ms
[2025-08-20T18:43:16.898+0000][1692535][info ][gc,phases   ] GC(251)   Post Evacuate Collection Set: 0.9ms
[2025-08-20T18:43:16.898+0000][1692535][info ][gc,phases   ] GC(251)   Other: 0.0ms
[2025-08-20T18:43:16.898+0000][1692535][trace][gc,age      ] GC(251) Age table with threshold 15 (max threshold 15)
[2025-08-20T18:43:16.898+0000][1692535][trace][gc,age      ] GC(251) - age   1:      10856 bytes,      10856 total
[2025-08-20T18:43:16.898+0000][1692535][trace][gc,age      ] GC(251) - age   2:        176 bytes,      11032 total
[2025-08-20T18:43:16.898+0000][1692535][trace][gc,age      ] GC(251) - age   6:        176 bytes,      11208 total
[2025-08-20T18:43:16.898+0000][1692535][trace][gc,age      ] GC(251) - age   9:         64 bytes,      11272 total
[2025-08-20T18:43:16.898+0000][1692535][info ][gc,heap     ] GC(251) Eden regions: 75->0(75)
[2025-08-20T18:43:16.898+0000][1692535][info ][gc,heap     ] GC(251) Survivor regions: 1->1(10)
[2025-08-20T18:43:16.898+0000][1692535][info ][gc,heap     ] GC(251) Old regions: 22->22
[2025-08-20T18:43:16.898+0000][1692535][info ][gc,heap     ] GC(251) Humongous regions: 0->0
[2025-08-20T18:43:16.898+0000][1692535][info ][gc,metaspace] GC(251) Metaspace: 137941K(143808K)->137941K(143808K) NonClass: 119724K(123328K)->119724K(123328K) Class: 18216K(20480K)->18216K(20480K)
[2025-08-20T18:43:16.898+0000][1692535][info ][gc          ] GC(251) Pause Young (Normal) (G1 Evacuation Pause) 386M->86M(512M) 1.810ms
[2025-08-20T18:43:16.898+0000][1692535][info ][gc,cpu      ] GC(251) User=0.00s Sys=0.00s Real=0.00s
[2025-08-20T18:43:16.898+0000][1692535][info ][safepoint   ] Safepoint "G1CollectForAllocation", Time since last: 705442810544 ns, Reaching safepoint: 8343 ns, Cleanup: 2674 ns, At safepoint: 1843003 ns, Total: 1854020 ns
[2025-08-20T18:55:02.341+0000][1692535][info ][gc,start    ] GC(252) Pause Young (Normal) (G1 Evacuation Pause)
[2025-08-20T18:55:02.341+0000][1692535][info ][gc,task     ] GC(252) Using 1 workers of 1 for evacuation
[2025-08-20T18:55:02.341+0000][1692535][debug][gc,age      ] GC(252) Desired survivor size 20971520 bytes, new threshold 15 (max threshold 15)
[2025-08-20T18:55:02.343+0000][1692535][info ][gc,phases   ] GC(252)   Pre Evacuate Collection Set: 0.0ms
[2025-08-20T18:55:02.343+0000][1692535][info ][gc,phases   ] GC(252)   Merge Heap Roots: 0.0ms
[2025-08-20T18:55:02.343+0000][1692535][info ][gc,phases   ] GC(252)   Evacuate Collection Set: 0.7ms
[2025-08-20T18:55:02.343+0000][1692535][info ][gc,phases   ] GC(252)   Post Evacuate Collection Set: 0.9ms
[2025-08-20T18:55:02.343+0000][1692535][info ][gc,phases   ] GC(252)   Other: 0.0ms
[2025-08-20T18:55:02.343+0000][1692535][trace][gc,age      ] GC(252) Age table with threshold 15 (max threshold 15)
[2025-08-20T18:55:02.343+0000][1692535][trace][gc,age      ] GC(252) - age   1:      11208 bytes,      11208 total
[2025-08-20T18:55:02.343+0000][1692535][trace][gc,age      ] GC(252) - age  10:         64 bytes,      11272 total
[2025-08-20T18:55:02.343+0000][1692535][info ][gc,heap     ] GC(252) Eden regions: 75->0(75)
[2025-08-20T18:55:02.343+0000][1692535][info ][gc,heap     ] GC(252) Survivor regions: 1->1(10)
[2025-08-20T18:55:02.343+0000][1692535][info ][gc,heap     ] GC(252) Old regions: 22->22
[2025-08-20T18:55:02.343+0000][1692535][info ][gc,heap     ] GC(252) Humongous regions: 0->0
[2025-08-20T18:55:02.343+0000][1692535][info ][gc,metaspace] GC(252) Metaspace: 137941K(143808K)->137941K(143808K) NonClass: 119724K(123328K)->119724K(123328K) Class: 18216K(20480K)->18216K(20480K)
[2025-08-20T18:55:02.343+0000][1692535][info ][gc          ] GC(252) Pause Young (Normal) (G1 Evacuation Pause) 386M->86M(512M) 1.852ms
[2025-08-20T18:55:02.343+0000][1692535][info ][gc,cpu      ] GC(252) User=0.00s Sys=0.00s Real=0.00s
[2025-08-20T18:55:02.343+0000][1692535][info ][safepoint   ] Safepoint "G1CollectForAllocation", Time since last: 705442766417 ns, Reaching safepoint: 7541 ns, Cleanup: 3125 ns, At safepoint: 1885648 ns, Total: 1896314 ns
[2025-08-20T19:06:48.148+0000][1692535][info ][gc,start    ] GC(253) Pause Young (Normal) (G1 Evacuation Pause)
[2025-08-20T19:06:48.149+0000][1692535][info ][gc,task     ] GC(253) Using 1 workers of 1 for evacuation
[2025-08-20T19:06:48.149+0000][1692535][debug][gc,age      ] GC(253) Desired survivor size 20971520 bytes, new threshold 15 (max threshold 15)
[2025-08-20T19:06:48.150+0000][1692535][info ][gc,phases   ] GC(253)   Pre Evacuate Collection Set: 0.0ms
[2025-08-20T19:06:48.150+0000][1692535][info ][gc,phases   ] GC(253)   Merge Heap Roots: 0.0ms
[2025-08-20T19:06:48.150+0000][1692535][info ][gc,phases   ] GC(253)   Evacuate Collection Set: 0.6ms
[2025-08-20T19:06:48.150+0000][1692535][info ][gc,phases   ] GC(253)   Post Evacuate Collection Set: 0.7ms
[2025-08-20T19:06:48.150+0000][1692535][info ][gc,phases   ] GC(253)   Other: 0.0ms
[2025-08-20T19:06:48.150+0000][1692535][trace][gc,age      ] GC(253) Age table with threshold 15 (max threshold 15)
[2025-08-20T19:06:48.150+0000][1692535][trace][gc,age      ] GC(253) - age   1:       9352 bytes,       9352 total
[2025-08-20T19:06:48.150+0000][1692535][trace][gc,age      ] GC(253) - age   2:        176 bytes,       9528 total
[2025-08-20T19:06:48.150+0000][1692535][trace][gc,age      ] GC(253) - age  11:         64 bytes,       9592 total
[2025-08-20T19:06:48.150+0000][1692535][info ][gc,heap     ] GC(253) Eden regions: 75->0(75)
[2025-08-20T19:06:48.150+0000][1692535][info ][gc,heap     ] GC(253) Survivor regions: 1->1(10)
[2025-08-20T19:06:48.150+0000][1692535][info ][gc,heap     ] GC(253) Old regions: 22->22
[2025-08-20T19:06:48.150+0000][1692535][info ][gc,heap     ] GC(253) Humongous regions: 0->0
[2025-08-20T19:06:48.150+0000][1692535][info ][gc,metaspace] GC(253) Metaspace: 137941K(143808K)->137941K(143808K) NonClass: 119724K(123328K)->119724K(123328K) Class: 18216K(20480K)->18216K(20480K)
[2025-08-20T19:06:48.150+0000][1692535][info ][gc          ] GC(253) Pause Young (Normal) (G1 Evacuation Pause) 386M->86M(512M) 1.890ms
[2025-08-20T19:06:48.150+0000][1692535][info ][gc,cpu      ] GC(253) User=0.01s Sys=0.00s Real=0.00s
[2025-08-20T19:06:48.150+0000][1692535][info ][safepoint   ] Safepoint "G1CollectForAllocation", Time since last: 705805269222 ns, Reaching safepoint: 252822 ns, Cleanup: 3485 ns, At safepoint: 1921883 ns, Total: 2178190 ns
[2025-08-20T19:18:33.209+0000][1692535][info ][gc,start    ] GC(254) Pause Young (Normal) (G1 Evacuation Pause)
[2025-08-20T19:18:33.209+0000][1692535][info ][gc,task     ] GC(254) Using 1 workers of 1 for evacuation
[2025-08-20T19:18:33.209+0000][1692535][debug][gc,age      ] GC(254) Desired survivor size 20971520 bytes, new threshold 15 (max threshold 15)
[2025-08-20T19:18:33.212+0000][1692535][info ][gc,phases   ] GC(254)   Pre Evacuate Collection Set: 0.0ms
[2025-08-20T19:18:33.212+0000][1692535][info ][gc,phases   ] GC(254)   Merge Heap Roots: 0.0ms
[2025-08-20T19:18:33.212+0000][1692535][info ][gc,phases   ] GC(254)   Evacuate Collection Set: 0.6ms
[2025-08-20T19:18:33.212+0000][1692535][info ][gc,phases   ] GC(254)   Post Evacuate Collection Set: 1.5ms
[2025-08-20T19:18:33.212+0000][1692535][info ][gc,phases   ] GC(254)   Other: 0.0ms
[2025-08-20T19:18:33.212+0000][1692535][trace][gc,age      ] GC(254) Age table with threshold 15 (max threshold 15)
[2025-08-20T19:18:33.212+0000][1692535][trace][gc,age      ] GC(254) - age   1:      11032 bytes,      11032 total
[2025-08-20T19:18:33.212+0000][1692535][trace][gc,age      ] GC(254) - age   3:        176 bytes,      11208 total
[2025-08-20T19:18:33.212+0000][1692535][trace][gc,age      ] GC(254) - age  12:         64 bytes,      11272 total
[2025-08-20T19:18:33.212+0000][1692535][info ][gc,heap     ] GC(254) Eden regions: 75->0(75)
[2025-08-20T19:18:33.212+0000][1692535][info ][gc,heap     ] GC(254) Survivor regions: 1->1(10)
[2025-08-20T19:18:33.212+0000][1692535][info ][gc,heap     ] GC(254) Old regions: 22->22
[2025-08-20T19:18:33.212+0000][1692535][info ][gc,heap     ] GC(254) Humongous regions: 0->0
[2025-08-20T19:18:33.212+0000][1692535][info ][gc,metaspace] GC(254) Metaspace: 137941K(143808K)->137941K(143808K) NonClass: 119724K(123328K)->119724K(123328K) Class: 18216K(20480K)->18216K(20480K)
[2025-08-20T19:18:33.212+0000][1692535][info ][gc          ] GC(254) Pause Young (Normal) (G1 Evacuation Pause) 386M->86M(512M) 2.418ms
[2025-08-20T19:18:33.212+0000][1692535][info ][gc,cpu      ] GC(254) User=0.00s Sys=0.00s Real=0.00s
[2025-08-20T19:18:33.212+0000][1692535][info ][safepoint   ] Safepoint "G1CollectForAllocation", Time since last: 705058829902 ns, Reaching safepoint: 7061 ns, Cleanup: 2934 ns, At safepoint: 2451552 ns, Total: 2461547 ns
[2025-08-20T19:30:18.654+0000][1692535][info ][gc,start    ] GC(255) Pause Young (Normal) (G1 Evacuation Pause)
[2025-08-20T19:30:18.654+0000][1692535][info ][gc,task     ] GC(255) Using 1 workers of 1 for evacuation
[2025-08-20T19:30:18.654+0000][1692535][debug][gc,age      ] GC(255) Desired survivor size 20971520 bytes, new threshold 15 (max threshold 15)
[2025-08-20T19:30:18.657+0000][1692535][info ][gc,phases   ] GC(255)   Pre Evacuate Collection Set: 0.2ms
[2025-08-20T19:30:18.657+0000][1692535][info ][gc,phases   ] GC(255)   Merge Heap Roots: 0.0ms
[2025-08-20T19:30:18.657+0000][1692535][info ][gc,phases   ] GC(255)   Evacuate Collection Set: 0.6ms
[2025-08-20T19:30:18.657+0000][1692535][info ][gc,phases   ] GC(255)   Post Evacuate Collection Set: 1.0ms
[2025-08-20T19:30:18.657+0000][1692535][info ][gc,phases   ] GC(255)   Other: 0.3ms
[2025-08-20T19:30:18.657+0000][1692535][trace][gc,age      ] GC(255) Age table with threshold 15 (max threshold 15)
[2025-08-20T19:30:18.657+0000][1692535][trace][gc,age      ] GC(255) - age   1:      10880 bytes,      10880 total
[2025-08-20T19:30:18.657+0000][1692535][trace][gc,age      ] GC(255) - age   2:        176 bytes,      11056 total
[2025-08-20T19:30:18.657+0000][1692535][trace][gc,age      ] GC(255) - age   4:        176 bytes,      11232 total
[2025-08-20T19:30:18.657+0000][1692535][trace][gc,age      ] GC(255) - age  13:         64 bytes,      11296 total
[2025-08-20T19:30:18.657+0000][1692535][info ][gc,heap     ] GC(255) Eden regions: 75->0(75)
[2025-08-20T19:30:18.657+0000][1692535][info ][gc,heap     ] GC(255) Survivor regions: 1->1(10)
[2025-08-20T19:30:18.657+0000][1692535][info ][gc,heap     ] GC(255) Old regions: 22->22
[2025-08-20T19:30:18.657+0000][1692535][info ][gc,heap     ] GC(255) Humongous regions: 0->0
[2025-08-20T19:30:18.657+0000][1692535][info ][gc,metaspace] GC(255) Metaspace: 137941K(143808K)->137941K(143808K) NonClass: 119724K(123328K)->119724K(123328K) Class: 18216K(20480K)->18216K(20480K)
[2025-08-20T19:30:18.657+0000][1692535][info ][gc          ] GC(255) Pause Young (Normal) (G1 Evacuation Pause) 386M->86M(512M) 2.364ms
[2025-08-20T19:30:18.657+0000][1692535][info ][gc,cpu      ] GC(255) User=0.00s Sys=0.00s Real=0.01s
[2025-08-20T19:30:18.657+0000][1692535][info ][safepoint   ] Safepoint "G1CollectForAllocation", Time since last: 705442634714 ns, Reaching safepoint: 8253 ns, Cleanup: 2754 ns, At safepoint: 2396550 ns, Total: 2407557 ns
[2025-08-20T19:41:59.106+0000][1692535][info ][gc,start    ] GC(256) Pause Young (Normal) (G1 Evacuation Pause)
[2025-08-20T19:41:59.106+0000][1692535][info ][gc,task     ] GC(256) Using 1 workers of 1 for evacuation
[2025-08-20T19:41:59.106+0000][1692535][debug][gc,age      ] GC(256) Desired survivor size 20971520 bytes, new threshold 15 (max threshold 15)
[2025-08-20T19:41:59.108+0000][1692535][info ][gc,phases   ] GC(256)   Pre Evacuate Collection Set: 0.0ms
[2025-08-20T19:41:59.108+0000][1692535][info ][gc,phases   ] GC(256)   Merge Heap Roots: 0.0ms
[2025-08-20T19:41:59.108+0000][1692535][info ][gc,phases   ] GC(256)   Evacuate Collection Set: 0.6ms
[2025-08-20T19:41:59.108+0000][1692535][info ][gc,phases   ] GC(256)   Post Evacuate Collection Set: 1.0ms
[2025-08-20T19:41:59.108+0000][1692535][info ][gc,phases   ] GC(256)   Other: 0.0ms
[2025-08-20T19:41:59.108+0000][1692535][trace][gc,age      ] GC(256) Age table with threshold 15 (max threshold 15)
[2025-08-20T19:41:59.108+0000][1692535][trace][gc,age      ] GC(256) - age   1:      21392 bytes,      21392 total
[2025-08-20T19:41:59.108+0000][1692535][trace][gc,age      ] GC(256) - age   2:        176 bytes,      21568 total
[2025-08-20T19:41:59.108+0000][1692535][trace][gc,age      ] GC(256) - age   5:        176 bytes,      21744 total
[2025-08-20T19:41:59.108+0000][1692535][trace][gc,age      ] GC(256) - age  14:         64 bytes,      21808 total
[2025-08-20T19:41:59.108+0000][1692535][info ][gc,heap     ] GC(256) Eden regions: 75->0(75)
[2025-08-20T19:41:59.108+0000][1692535][info ][gc,heap     ] GC(256) Survivor regions: 1->1(10)
[2025-08-20T19:41:59.108+0000][1692535][info ][gc,heap     ] GC(256) Old regions: 22->22
[2025-08-20T19:41:59.108+0000][1692535][info ][gc,heap     ] GC(256) Humongous regions: 0->0
[2025-08-20T19:41:59.108+0000][1692535][info ][gc,metaspace] GC(256) Metaspace: 137941K(143808K)->137941K(143808K) NonClass: 119724K(123328K)->119724K(123328K) Class: 18216K(20480K)->18216K(20480K)
[2025-08-20T19:41:59.108+0000][1692535][info ][gc          ] GC(256) Pause Young (Normal) (G1 Evacuation Pause) 386M->86M(512M) 1.936ms
[2025-08-20T19:41:59.108+0000][1692535][info ][gc,cpu      ] GC(256) User=0.01s Sys=0.00s Real=0.00s
[2025-08-20T19:41:59.108+0000][1692535][info ][safepoint   ] Safepoint "G1CollectForAllocation", Time since last: 700449290740 ns, Reaching safepoint: 7221 ns, Cleanup: 2594 ns, At safepoint: 1970035 ns, Total: 1979850 ns
[2025-08-20T19:53:44.560+0000][1692535][info ][gc,start    ] GC(257) Pause Young (Normal) (G1 Evacuation Pause)
[2025-08-20T19:53:44.560+0000][1692535][info ][gc,task     ] GC(257) Using 1 workers of 1 for evacuation
[2025-08-20T19:53:44.560+0000][1692535][debug][gc,age      ] GC(257) Desired survivor size 20971520 bytes, new threshold 15 (max threshold 15)
[2025-08-20T19:53:44.562+0000][1692535][info ][gc,phases   ] GC(257)   Pre Evacuate Collection Set: 0.1ms
[2025-08-20T19:53:44.562+0000][1692535][info ][gc,phases   ] GC(257)   Merge Heap Roots: 0.0ms
[2025-08-20T19:53:44.562+0000][1692535][info ][gc,phases   ] GC(257)   Evacuate Collection Set: 0.6ms
[2025-08-20T19:53:44.562+0000][1692535][info ][gc,phases   ] GC(257)   Post Evacuate Collection Set: 0.9ms
[2025-08-20T19:53:44.562+0000][1692535][info ][gc,phases   ] GC(257)   Other: 0.4ms
[2025-08-20T19:53:44.562+0000][1692535][trace][gc,age      ] GC(257) Age table with threshold 15 (max threshold 15)
[2025-08-20T19:53:44.562+0000][1692535][trace][gc,age      ] GC(257) - age   1:      11208 bytes,      11208 total
[2025-08-20T19:53:44.562+0000][1692535][trace][gc,age      ] GC(257) - age   2:       1920 bytes,      13128 total
[2025-08-20T19:53:44.562+0000][1692535][trace][gc,age      ] GC(257) - age  15:         64 bytes,      13192 total
[2025-08-20T19:53:44.562+0000][1692535][info ][gc,heap     ] GC(257) Eden regions: 75->0(75)
[2025-08-20T19:53:44.562+0000][1692535][info ][gc,heap     ] GC(257) Survivor regions: 1->1(10)
[2025-08-20T19:53:44.562+0000][1692535][info ][gc,heap     ] GC(257) Old regions: 22->22
[2025-08-20T19:53:44.562+0000][1692535][info ][gc,heap     ] GC(257) Humongous regions: 0->0
[2025-08-20T19:53:44.562+0000][1692535][info ][gc,metaspace] GC(257) Metaspace: 137941K(143808K)->137941K(143808K) NonClass: 119724K(123328K)->119724K(123328K) Class: 18216K(20480K)->18216K(20480K)
[2025-08-20T19:53:44.562+0000][1692535][info ][gc          ] GC(257) Pause Young (Normal) (G1 Evacuation Pause) 386M->86M(512M) 2.285ms
[2025-08-20T19:53:44.562+0000][1692535][info ][gc,cpu      ] GC(257) User=0.00s Sys=0.00s Real=0.00s
[2025-08-20T19:53:44.562+0000][1692535][info ][safepoint   ] Safepoint "G1CollectForAllocation", Time since last: 705452163397 ns, Reaching safepoint: 6951 ns, Cleanup: 2513 ns, At safepoint: 2320495 ns, Total: 2329959 ns
[2025-08-20T20:02:14.605+0000][1692535][info ][safepoint   ] Safepoint "Cleanup", Time since last: 510042408520 ns, Reaching safepoint: 44267 ns, Cleanup: 10736 ns, At safepoint: 5278 ns, Total: 60281 ns
[2025-08-20T20:05:30.004+0000][1692535][info ][gc,start    ] GC(258) Pause Young (Normal) (G1 Evacuation Pause)
[2025-08-20T20:05:30.004+0000][1692535][info ][gc,task     ] GC(258) Using 1 workers of 1 for evacuation
[2025-08-20T20:05:30.004+0000][1692535][debug][gc,age      ] GC(258) Desired survivor size 20971520 bytes, new threshold 15 (max threshold 15)
[2025-08-20T20:05:30.006+0000][1692535][info ][gc,phases   ] GC(258)   Pre Evacuate Collection Set: 0.0ms
[2025-08-20T20:05:30.006+0000][1692535][info ][gc,phases   ] GC(258)   Merge Heap Roots: 0.0ms
[2025-08-20T20:05:30.006+0000][1692535][info ][gc,phases   ] GC(258)   Evacuate Collection Set: 0.6ms
[2025-08-20T20:05:30.006+0000][1692535][info ][gc,phases   ] GC(258)   Post Evacuate Collection Set: 0.9ms
[2025-08-20T20:05:30.006+0000][1692535][info ][gc,phases   ] GC(258)   Other: 0.0ms
[2025-08-20T20:05:30.006+0000][1692535][trace][gc,age      ] GC(258) Age table with threshold 15 (max threshold 15)
[2025-08-20T20:05:30.006+0000][1692535][trace][gc,age      ] GC(258) - age   1:      11056 bytes,      11056 total
[2025-08-20T20:05:30.006+0000][1692535][trace][gc,age      ] GC(258) - age   2:        176 bytes,      11232 total
[2025-08-20T20:05:30.006+0000][1692535][trace][gc,age      ] GC(258) - age   3:       1920 bytes,      13152 total
[2025-08-20T20:05:30.006+0000][1692535][info ][gc,heap     ] GC(258) Eden regions: 75->0(75)
[2025-08-20T20:05:30.006+0000][1692535][info ][gc,heap     ] GC(258) Survivor regions: 1->1(10)
[2025-08-20T20:05:30.006+0000][1692535][info ][gc,heap     ] GC(258) Old regions: 22->22
[2025-08-20T20:05:30.006+0000][1692535][info ][gc,heap     ] GC(258) Humongous regions: 0->0
[2025-08-20T20:05:30.006+0000][1692535][info ][gc,metaspace] GC(258) Metaspace: 137941K(143808K)->137941K(143808K) NonClass: 119725K(123328K)->119725K(123328K) Class: 18216K(20480K)->18216K(20480K)
[2025-08-20T20:05:30.006+0000][1692535][info ][gc          ] GC(258) Pause Young (Normal) (G1 Evacuation Pause) 386M->86M(512M) 1.851ms
[2025-08-20T20:05:30.006+0000][1692535][info ][gc,cpu      ] GC(258) User=0.00s Sys=0.00s Real=0.01s
[2025-08-20T20:05:30.006+0000][1692535][info ][safepoint   ] Safepoint "G1CollectForAllocation", Time since last: 195399213182 ns, Reaching safepoint: 7110 ns, Cleanup: 2985 ns, At safepoint: 1885448 ns, Total: 1895543 ns
[2025-08-20T20:17:16.902+0000][1692535][info ][gc,start    ] GC(259) Pause Young (Normal) (G1 Evacuation Pause)
[2025-08-20T20:17:16.902+0000][1692535][info ][gc,task     ] GC(259) Using 1 workers of 1 for evacuation
[2025-08-20T20:17:16.902+0000][1692535][debug][gc,age      ] GC(259) Desired survivor size 20971520 bytes, new threshold 15 (max threshold 15)
[2025-08-20T20:17:16.904+0000][1692535][info ][gc,phases   ] GC(259)   Pre Evacuate Collection Set: 0.0ms
[2025-08-20T20:17:16.904+0000][1692535][info ][gc,phases   ] GC(259)   Merge Heap Roots: 0.0ms
[2025-08-20T20:17:16.904+0000][1692535][info ][gc,phases   ] GC(259)   Evacuate Collection Set: 0.6ms
[2025-08-20T20:17:16.904+0000][1692535][info ][gc,phases   ] GC(259)   Post Evacuate Collection Set: 0.7ms
[2025-08-20T20:17:16.904+0000][1692535][info ][gc,phases   ] GC(259)   Other: 0.0ms
[2025-08-20T20:17:16.904+0000][1692535][trace][gc,age      ] GC(259) Age table with threshold 15 (max threshold 15)
[2025-08-20T20:17:16.904+0000][1692535][trace][gc,age      ] GC(259) - age   1:      10160 bytes,      10160 total
[2025-08-20T20:17:16.904+0000][1692535][trace][gc,age      ] GC(259) - age   3:        176 bytes,      10336 total
[2025-08-20T20:17:16.904+0000][1692535][trace][gc,age      ] GC(259) - age   4:       1920 bytes,      12256 total
[2025-08-20T20:17:16.904+0000][1692535][info ][gc,heap     ] GC(259) Eden regions: 75->0(75)
[2025-08-20T20:17:16.904+0000][1692535][info ][gc,heap     ] GC(259) Survivor regions: 1->1(10)
[2025-08-20T20:17:16.904+0000][1692535][info ][gc,heap     ] GC(259) Old regions: 22->22
[2025-08-20T20:17:16.904+0000][1692535][info ][gc,heap     ] GC(259) Humongous regions: 0->0
[2025-08-20T20:17:16.904+0000][1692535][info ][gc,metaspace] GC(259) Metaspace: 137941K(143808K)->137941K(143808K) NonClass: 119725K(123328K)->119725K(123328K) Class: 18216K(20480K)->18216K(20480K)
[2025-08-20T20:17:16.904+0000][1692535][info ][gc          ] GC(259) Pause Young (Normal) (G1 Evacuation Pause) 386M->86M(512M) 1.949ms
[2025-08-20T20:17:16.904+0000][1692535][info ][gc,cpu      ] GC(259) User=0.00s Sys=0.00s Real=0.00s
[2025-08-20T20:17:16.904+0000][1692535][info ][safepoint   ] Safepoint "G1CollectForAllocation", Time since last: 706895980679 ns, Reaching safepoint: 9384 ns, Cleanup: 3986 ns, At safepoint: 1982935 ns, Total: 1996305 ns
[2025-08-20T20:29:00.870+0000][1692535][info ][gc,start    ] GC(260) Pause Young (Normal) (G1 Evacuation Pause)
[2025-08-20T20:29:00.870+0000][1692535][info ][gc,task     ] GC(260) Using 1 workers of 1 for evacuation
[2025-08-20T20:29:00.870+0000][1692535][debug][gc,age      ] GC(260) Desired survivor size 20971520 bytes, new threshold 15 (max threshold 15)
[2025-08-20T20:29:00.872+0000][1692535][info ][gc,phases   ] GC(260)   Pre Evacuate Collection Set: 0.0ms
[2025-08-20T20:29:00.872+0000][1692535][info ][gc,phases   ] GC(260)   Merge Heap Roots: 0.0ms
[2025-08-20T20:29:00.872+0000][1692535][info ][gc,phases   ] GC(260)   Evacuate Collection Set: 0.6ms
[2025-08-20T20:29:00.872+0000][1692535][info ][gc,phases   ] GC(260)   Post Evacuate Collection Set: 1.0ms
[2025-08-20T20:29:00.872+0000][1692535][info ][gc,phases   ] GC(260)   Other: 0.0ms
[2025-08-20T20:29:00.872+0000][1692535][trace][gc,age      ] GC(260) Age table with threshold 15 (max threshold 15)
[2025-08-20T20:29:00.872+0000][1692535][trace][gc,age      ] GC(260) - age   1:       9336 bytes,       9336 total
[2025-08-20T20:29:00.872+0000][1692535][trace][gc,age      ] GC(260) - age   2:        176 bytes,       9512 total
[2025-08-20T20:29:00.872+0000][1692535][trace][gc,age      ] GC(260) - age   4:        176 bytes,       9688 total
[2025-08-20T20:29:00.872+0000][1692535][trace][gc,age      ] GC(260) - age   5:       1920 bytes,      11608 total
[2025-08-20T20:29:00.872+0000][1692535][info ][gc,heap     ] GC(260) Eden regions: 75->0(75)
[2025-08-20T20:29:00.872+0000][1692535][info ][gc,heap     ] GC(260) Survivor regions: 1->1(10)
[2025-08-20T20:29:00.872+0000][1692535][info ][gc,heap     ] GC(260) Old regions: 22->22
[2025-08-20T20:29:00.872+0000][1692535][info ][gc,heap     ] GC(260) Humongous regions: 0->0
[2025-08-20T20:29:00.872+0000][1692535][info ][gc,metaspace] GC(260) Metaspace: 137941K(143808K)->137941K(143808K) NonClass: 119725K(123328K)->119725K(123328K) Class: 18216K(20480K)->18216K(20480K)
[2025-08-20T20:29:00.872+0000][1692535][info ][gc          ] GC(260) Pause Young (Normal) (G1 Evacuation Pause) 386M->86M(512M) 1.976ms
[2025-08-20T20:29:00.872+0000][1692535][info ][gc,cpu      ] GC(260) User=0.00s Sys=0.00s Real=0.00s
[2025-08-20T20:29:00.872+0000][1692535][info ][safepoint   ] Safepoint "G1CollectForAllocation", Time since last: 703965685967 ns, Reaching safepoint: 6920 ns, Cleanup: 2424 ns, At safepoint: 2009135 ns, Total: 2018479 ns
[2025-08-20T20:40:47.139+0000][1692535][info ][gc,start    ] GC(261) Pause Young (Normal) (G1 Evacuation Pause)
[2025-08-20T20:40:47.139+0000][1692535][info ][gc,task     ] GC(261) Using 1 workers of 1 for evacuation
[2025-08-20T20:40:47.139+0000][1692535][debug][gc,age      ] GC(261) Desired survivor size 20971520 bytes, new threshold 15 (max threshold 15)
[2025-08-20T20:40:47.141+0000][1692535][info ][gc,phases   ] GC(261)   Pre Evacuate Collection Set: 0.0ms
[2025-08-20T20:40:47.141+0000][1692535][info ][gc,phases   ] GC(261)   Merge Heap Roots: 0.0ms
[2025-08-20T20:40:47.141+0000][1692535][info ][gc,phases   ] GC(261)   Evacuate Collection Set: 0.6ms
[2025-08-20T20:40:47.141+0000][1692535][info ][gc,phases   ] GC(261)   Post Evacuate Collection Set: 0.7ms
[2025-08-20T20:40:47.141+0000][1692535][info ][gc,phases   ] GC(261)   Other: 0.0ms
[2025-08-20T20:40:47.141+0000][1692535][trace][gc,age      ] GC(261) Age table with threshold 15 (max threshold 15)
[2025-08-20T20:40:47.141+0000][1692535][trace][gc,age      ] GC(261) - age   1:       9400 bytes,       9400 total
[2025-08-20T20:40:47.141+0000][1692535][trace][gc,age      ] GC(261) - age   2:        176 bytes,       9576 total
[2025-08-20T20:40:47.141+0000][1692535][trace][gc,age      ] GC(261) - age   5:        176 bytes,       9752 total
[2025-08-20T20:40:47.141+0000][1692535][trace][gc,age      ] GC(261) - age   6:       1920 bytes,      11672 total
[2025-08-20T20:40:47.141+0000][1692535][info ][gc,heap     ] GC(261) Eden regions: 75->0(75)
[2025-08-20T20:40:47.141+0000][1692535][info ][gc,heap     ] GC(261) Survivor regions: 1->1(10)
[2025-08-20T20:40:47.141+0000][1692535][info ][gc,heap     ] GC(261) Old regions: 22->22
[2025-08-20T20:40:47.141+0000][1692535][info ][gc,heap     ] GC(261) Humongous regions: 0->0
[2025-08-20T20:40:47.141+0000][1692535][info ][gc,metaspace] GC(261) Metaspace: 137941K(143808K)->137941K(143808K) NonClass: 119725K(123328K)->119725K(123328K) Class: 18216K(20480K)->18216K(20480K)
[2025-08-20T20:40:47.141+0000][1692535][info ][gc          ] GC(261) Pause Young (Normal) (G1 Evacuation Pause) 386M->86M(512M) 1.999ms
[2025-08-20T20:40:47.141+0000][1692535][info ][gc,cpu      ] GC(261) User=0.01s Sys=0.00s Real=0.00s
[2025-08-20T20:40:47.141+0000][1692535][info ][safepoint   ] Safepoint "G1CollectForAllocation", Time since last: 706266952368 ns, Reaching safepoint: 8803 ns, Cleanup: 3535 ns, At safepoint: 2041174 ns, Total: 2053512 ns
[2025-08-20T20:52:35.254+0000][1692535][info ][gc,start    ] GC(262) Pause Young (Normal) (G1 Evacuation Pause)
[2025-08-20T20:52:35.255+0000][1692535][info ][gc,task     ] GC(262) Using 1 workers of 1 for evacuation
[2025-08-20T20:52:35.255+0000][1692535][debug][gc,age      ] GC(262) Desired survivor size 20971520 bytes, new threshold 15 (max threshold 15)
[2025-08-20T20:52:35.256+0000][1692535][info ][gc,phases   ] GC(262)   Pre Evacuate Collection Set: 0.0ms
[2025-08-20T20:52:35.256+0000][1692535][info ][gc,phases   ] GC(262)   Merge Heap Roots: 0.0ms
[2025-08-20T20:52:35.256+0000][1692535][info ][gc,phases   ] GC(262)   Evacuate Collection Set: 0.6ms
[2025-08-20T20:52:35.256+0000][1692535][info ][gc,phases   ] GC(262)   Post Evacuate Collection Set: 0.8ms
[2025-08-20T20:52:35.256+0000][1692535][info ][gc,phases   ] GC(262)   Other: 0.0ms
[2025-08-20T20:52:35.256+0000][1692535][trace][gc,age      ] GC(262) Age table with threshold 15 (max threshold 15)
[2025-08-20T20:52:35.256+0000][1692535][trace][gc,age      ] GC(262) - age   1:      10512 bytes,      10512 total
[2025-08-20T20:52:35.256+0000][1692535][trace][gc,age      ] GC(262) - age   2:         32 bytes,      10544 total
[2025-08-20T20:52:35.256+0000][1692535][trace][gc,age      ] GC(262) - age   7:       1920 bytes,      12464 total
[2025-08-20T20:52:35.256+0000][1692535][info ][gc,heap     ] GC(262) Eden regions: 75->0(75)
[2025-08-20T20:52:35.256+0000][1692535][info ][gc,heap     ] GC(262) Survivor regions: 1->1(10)
[2025-08-20T20:52:35.256+0000][1692535][info ][gc,heap     ] GC(262) Old regions: 22->22
[2025-08-20T20:52:35.256+0000][1692535][info ][gc,heap     ] GC(262) Humongous regions: 0->0
[2025-08-20T20:52:35.256+0000][1692535][info ][gc,metaspace] GC(262) Metaspace: 137941K(143808K)->137941K(143808K) NonClass: 119725K(123328K)->119725K(123328K) Class: 18216K(20480K)->18216K(20480K)
[2025-08-20T20:52:35.256+0000][1692535][info ][gc          ] GC(262) Pause Young (Normal) (G1 Evacuation Pause) 386M->86M(512M) 1.999ms
[2025-08-20T20:52:35.256+0000][1692535][info ][gc,cpu      ] GC(262) User=0.00s Sys=0.00s Real=0.01s
[2025-08-20T20:52:35.256+0000][1692535][info ][safepoint   ] Safepoint "G1CollectForAllocation", Time since last: 708113467427 ns, Reaching safepoint: 8343 ns, Cleanup: 3926 ns, At safepoint: 2033221 ns, Total: 2045490 ns
[2025-08-20T20:56:01.270+0000][1692535][info ][safepoint   ] Safepoint "Cleanup", Time since last: 206013141400 ns, Reaching safepoint: 358632 ns, Cleanup: 10966 ns, At safepoint: 2935 ns, Total: 372533 ns
[2025-08-20T21:04:17.161+0000][1692535][info ][gc,start    ] GC(263) Pause Young (Normal) (G1 Evacuation Pause)
[2025-08-20T21:04:17.161+0000][1692535][info ][gc,task     ] GC(263) Using 1 workers of 1 for evacuation
[2025-08-20T21:04:17.161+0000][1692535][debug][gc,age      ] GC(263) Desired survivor size 20971520 bytes, new threshold 15 (max threshold 15)
[2025-08-20T21:04:17.163+0000][1692535][info ][gc,phases   ] GC(263)   Pre Evacuate Collection Set: 0.0ms
[2025-08-20T21:04:17.163+0000][1692535][info ][gc,phases   ] GC(263)   Merge Heap Roots: 0.0ms
[2025-08-20T21:04:17.163+0000][1692535][info ][gc,phases   ] GC(263)   Evacuate Collection Set: 0.6ms
[2025-08-20T21:04:17.163+0000][1692535][info ][gc,phases   ] GC(263)   Post Evacuate Collection Set: 0.7ms
[2025-08-20T21:04:17.163+0000][1692535][info ][gc,phases   ] GC(263)   Other: 0.1ms
[2025-08-20T21:04:17.163+0000][1692535][trace][gc,age      ] GC(263) Age table with threshold 15 (max threshold 15)
[2025-08-20T21:04:17.163+0000][1692535][trace][gc,age      ] GC(263) - age   1:      10048 bytes,      10048 total
[2025-08-20T21:04:17.163+0000][1692535][trace][gc,age      ] GC(263) - age   2:        176 bytes,      10224 total
[2025-08-20T21:04:17.163+0000][1692535][trace][gc,age      ] GC(263) - age   3:         32 bytes,      10256 total
[2025-08-20T21:04:17.163+0000][1692535][trace][gc,age      ] GC(263) - age   8:       1920 bytes,      12176 total
[2025-08-20T21:04:17.163+0000][1692535][info ][gc,heap     ] GC(263) Eden regions: 75->0(75)
[2025-08-20T21:04:17.163+0000][1692535][info ][gc,heap     ] GC(263) Survivor regions: 1->1(10)
[2025-08-20T21:04:17.163+0000][1692535][info ][gc,heap     ] GC(263) Old regions: 22->22
[2025-08-20T21:04:17.163+0000][1692535][info ][gc,heap     ] GC(263) Humongous regions: 0->0
[2025-08-20T21:04:17.163+0000][1692535][info ][gc,metaspace] GC(263) Metaspace: 137941K(143808K)->137941K(143808K) NonClass: 119725K(123328K)->119725K(123328K) Class: 18216K(20480K)->18216K(20480K)
[2025-08-20T21:04:17.163+0000][1692535][info ][gc          ] GC(263) Pause Young (Normal) (G1 Evacuation Pause) 386M->86M(512M) 1.673ms
[2025-08-20T21:04:17.163+0000][1692535][info ][gc,cpu      ] GC(263) User=0.00s Sys=0.00s Real=0.00s
[2025-08-20T21:04:17.163+0000][1692535][info ][safepoint   ] Safepoint "G1CollectForAllocation", Time since last: 495891369233 ns, Reaching safepoint: 7051 ns, Cleanup: 3084 ns, At safepoint: 1705697 ns, Total: 1715832 ns
[2025-08-20T21:16:02.571+0000][1692535][info ][gc,start    ] GC(264) Pause Young (Normal) (G1 Evacuation Pause)
[2025-08-20T21:16:02.571+0000][1692535][info ][gc,task     ] GC(264) Using 1 workers of 1 for evacuation
[2025-08-20T21:16:02.571+0000][1692535][debug][gc,age      ] GC(264) Desired survivor size 20971520 bytes, new threshold 15 (max threshold 15)
[2025-08-20T21:16:02.573+0000][1692535][info ][gc,phases   ] GC(264)   Pre Evacuate Collection Set: 0.0ms
[2025-08-20T21:16:02.573+0000][1692535][info ][gc,phases   ] GC(264)   Merge Heap Roots: 0.0ms
[2025-08-20T21:16:02.573+0000][1692535][info ][gc,phases   ] GC(264)   Evacuate Collection Set: 0.6ms
[2025-08-20T21:16:02.573+0000][1692535][info ][gc,phases   ] GC(264)   Post Evacuate Collection Set: 1.0ms
[2025-08-20T21:16:02.573+0000][1692535][info ][gc,phases   ] GC(264)   Other: 0.1ms
[2025-08-20T21:16:02.573+0000][1692535][trace][gc,age      ] GC(264) Age table with threshold 15 (max threshold 15)
[2025-08-20T21:16:02.573+0000][1692535][trace][gc,age      ] GC(264) - age   1:      11064 bytes,      11064 total
[2025-08-20T21:16:02.573+0000][1692535][trace][gc,age      ] GC(264) - age   2:        704 bytes,      11768 total
[2025-08-20T21:16:02.573+0000][1692535][trace][gc,age      ] GC(264) - age   3:        176 bytes,      11944 total
[2025-08-20T21:16:02.573+0000][1692535][trace][gc,age      ] GC(264) - age   4:         32 bytes,      11976 total
[2025-08-20T21:16:02.573+0000][1692535][trace][gc,age      ] GC(264) - age   9:       1920 bytes,      13896 total
[2025-08-20T21:16:02.573+0000][1692535][info ][gc,heap     ] GC(264) Eden regions: 75->0(75)
[2025-08-20T21:16:02.573+0000][1692535][info ][gc,heap     ] GC(264) Survivor regions: 1->1(10)
[2025-08-20T21:16:02.573+0000][1692535][info ][gc,heap     ] GC(264) Old regions: 22->22
[2025-08-20T21:16:02.573+0000][1692535][info ][gc,heap     ] GC(264) Humongous regions: 0->0
[2025-08-20T21:16:02.573+0000][1692535][info ][gc,metaspace] GC(264) Metaspace: 137941K(143808K)->137941K(143808K) NonClass: 119725K(123328K)->119725K(123328K) Class: 18216K(20480K)->18216K(20480K)
[2025-08-20T21:16:02.573+0000][1692535][info ][gc          ] GC(264) Pause Young (Normal) (G1 Evacuation Pause) 386M->86M(512M) 2.027ms
[2025-08-20T21:16:02.573+0000][1692535][info ][gc,cpu      ] GC(264) User=0.00s Sys=0.00s Real=0.00s
[2025-08-20T21:16:02.573+0000][1692535][info ][safepoint   ] Safepoint "G1CollectForAllocation", Time since last: 705408021668 ns, Reaching safepoint: 7622 ns, Cleanup: 2664 ns, At safepoint: 2058990 ns, Total: 2069276 ns
[2025-08-20T21:27:48.001+0000][1692535][info ][gc,start    ] GC(265) Pause Young (Normal) (G1 Evacuation Pause)
[2025-08-20T21:27:48.001+0000][1692535][info ][gc,task     ] GC(265) Using 1 workers of 1 for evacuation
[2025-08-20T21:27:48.001+0000][1692535][debug][gc,age      ] GC(265) Desired survivor size 20971520 bytes, new threshold 15 (max threshold 15)
[2025-08-20T21:27:48.002+0000][1692535][info ][gc,phases   ] GC(265)   Pre Evacuate Collection Set: 0.0ms
[2025-08-20T21:27:48.002+0000][1692535][info ][gc,phases   ] GC(265)   Merge Heap Roots: 0.0ms
[2025-08-20T21:27:48.002+0000][1692535][info ][gc,phases   ] GC(265)   Evacuate Collection Set: 0.6ms
[2025-08-20T21:27:48.002+0000][1692535][info ][gc,phases   ] GC(265)   Post Evacuate Collection Set: 0.8ms
[2025-08-20T21:27:48.002+0000][1692535][info ][gc,phases   ] GC(265)   Other: 0.0ms
[2025-08-20T21:27:48.002+0000][1692535][trace][gc,age      ] GC(265) Age table with threshold 15 (max threshold 15)
[2025-08-20T21:27:48.002+0000][1692535][trace][gc,age      ] GC(265) - age   1:      10856 bytes,      10856 total
[2025-08-20T21:27:48.002+0000][1692535][trace][gc,age      ] GC(265) - age   2:        176 bytes,      11032 total
[2025-08-20T21:27:48.002+0000][1692535][trace][gc,age      ] GC(265) - age   3:        528 bytes,      11560 total
[2025-08-20T21:27:48.002+0000][1692535][trace][gc,age      ] GC(265) - age   4:        176 bytes,      11736 total
[2025-08-20T21:27:48.002+0000][1692535][trace][gc,age      ] GC(265) - age   5:         32 bytes,      11768 total
[2025-08-20T21:27:48.002+0000][1692535][trace][gc,age      ] GC(265) - age  10:       1920 bytes,      13688 total
[2025-08-20T21:27:48.003+0000][1692535][info ][gc,heap     ] GC(265) Eden regions: 75->0(75)
[2025-08-20T21:27:48.003+0000][1692535][info ][gc,heap     ] GC(265) Survivor regions: 1->1(10)
[2025-08-20T21:27:48.003+0000][1692535][info ][gc,heap     ] GC(265) Old regions: 22->22
[2025-08-20T21:27:48.003+0000][1692535][info ][gc,heap     ] GC(265) Humongous regions: 0->0
[2025-08-20T21:27:48.003+0000][1692535][info ][gc,metaspace] GC(265) Metaspace: 137942K(143808K)->137942K(143808K) NonClass: 119725K(123328K)->119725K(123328K) Class: 18216K(20480K)->18216K(20480K)
[2025-08-20T21:27:48.003+0000][1692535][info ][gc          ] GC(265) Pause Young (Normal) (G1 Evacuation Pause) 386M->86M(512M) 1.822ms
[2025-08-20T21:27:48.003+0000][1692535][info ][gc,cpu      ] GC(265) User=0.00s Sys=0.00s Real=0.00s
[2025-08-20T21:27:48.003+0000][1692535][info ][safepoint   ] Safepoint "G1CollectForAllocation", Time since last: 705427773520 ns, Reaching safepoint: 7392 ns, Cleanup: 3315 ns, At safepoint: 1855462 ns, Total: 1866169 ns
[2025-08-20T21:39:33.421+0000][1692535][info ][gc,start    ] GC(266) Pause Young (Normal) (G1 Evacuation Pause)
[2025-08-20T21:39:33.421+0000][1692535][info ][gc,task     ] GC(266) Using 1 workers of 1 for evacuation
[2025-08-20T21:39:33.421+0000][1692535][debug][gc,age      ] GC(266) Desired survivor size 20971520 bytes, new threshold 15 (max threshold 15)
[2025-08-20T21:39:33.423+0000][1692535][info ][gc,phases   ] GC(266)   Pre Evacuate Collection Set: 0.0ms
[2025-08-20T21:39:33.423+0000][1692535][info ][gc,phases   ] GC(266)   Merge Heap Roots: 0.0ms
[2025-08-20T21:39:33.423+0000][1692535][info ][gc,phases   ] GC(266)   Evacuate Collection Set: 0.6ms
[2025-08-20T21:39:33.423+0000][1692535][info ][gc,phases   ] GC(266)   Post Evacuate Collection Set: 0.9ms
[2025-08-20T21:39:33.423+0000][1692535][info ][gc,phases   ] GC(266)   Other: 0.0ms
[2025-08-20T21:39:33.423+0000][1692535][trace][gc,age      ] GC(266) Age table with threshold 15 (max threshold 15)
[2025-08-20T21:39:33.423+0000][1692535][trace][gc,age      ] GC(266) - age   1:      11056 bytes,      11056 total
[2025-08-20T21:39:33.423+0000][1692535][trace][gc,age      ] GC(266) - age   4:        528 bytes,      11584 total
[2025-08-20T21:39:33.423+0000][1692535][trace][gc,age      ] GC(266) - age   5:        176 bytes,      11760 total
[2025-08-20T21:39:33.423+0000][1692535][trace][gc,age      ] GC(266) - age   6:         32 bytes,      11792 total
[2025-08-20T21:39:33.423+0000][1692535][trace][gc,age      ] GC(266) - age  11:       1920 bytes,      13712 total
[2025-08-20T21:39:33.423+0000][1692535][info ][gc,heap     ] GC(266) Eden regions: 75->0(75)
[2025-08-20T21:39:33.423+0000][1692535][info ][gc,heap     ] GC(266) Survivor regions: 1->1(10)
[2025-08-20T21:39:33.423+0000][1692535][info ][gc,heap     ] GC(266) Old regions: 22->22
[2025-08-20T21:39:33.423+0000][1692535][info ][gc,heap     ] GC(266) Humongous regions: 0->0
[2025-08-20T21:39:33.423+0000][1692535][info ][gc,metaspace] GC(266) Metaspace: 137942K(143808K)->137942K(143808K) NonClass: 119725K(123328K)->119725K(123328K) Class: 18216K(20480K)->18216K(20480K)
[2025-08-20T21:39:33.423+0000][1692535][info ][gc          ] GC(266) Pause Young (Normal) (G1 Evacuation Pause) 386M->86M(512M) 1.840ms
[2025-08-20T21:39:33.423+0000][1692535][info ][gc,cpu      ] GC(266) User=0.00s Sys=0.00s Real=0.00s
[2025-08-20T21:39:33.423+0000][1692535][info ][safepoint   ] Safepoint "G1CollectForAllocation", Time since last: 705418433457 ns, Reaching safepoint: 7191 ns, Cleanup: 2664 ns, At safepoint: 1872869 ns, Total: 1882724 ns
[2025-08-20T21:51:18.858+0000][1692535][info ][gc,start    ] GC(267) Pause Young (Normal) (G1 Evacuation Pause)
[2025-08-20T21:51:18.858+0000][1692535][info ][gc,task     ] GC(267) Using 1 workers of 1 for evacuation
[2025-08-20T21:51:18.858+0000][1692535][debug][gc,age      ] GC(267) Desired survivor size 20971520 bytes, new threshold 15 (max threshold 15)
[2025-08-20T21:51:18.860+0000][1692535][info ][gc,phases   ] GC(267)   Pre Evacuate Collection Set: 0.0ms
[2025-08-20T21:51:18.860+0000][1692535][info ][gc,phases   ] GC(267)   Merge Heap Roots: 0.0ms
[2025-08-20T21:51:18.860+0000][1692535][info ][gc,phases   ] GC(267)   Evacuate Collection Set: 0.6ms
[2025-08-20T21:51:18.860+0000][1692535][info ][gc,phases   ] GC(267)   Post Evacuate Collection Set: 0.9ms
[2025-08-20T21:51:18.860+0000][1692535][info ][gc,phases   ] GC(267)   Other: 0.0ms
[2025-08-20T21:51:18.860+0000][1692535][trace][gc,age      ] GC(267) Age table with threshold 15 (max threshold 15)
[2025-08-20T21:51:18.860+0000][1692535][trace][gc,age      ] GC(267) - age   1:      11232 bytes,      11232 total
[2025-08-20T21:51:18.860+0000][1692535][trace][gc,age      ] GC(267) - age   5:        528 bytes,      11760 total
[2025-08-20T21:51:18.860+0000][1692535][trace][gc,age      ] GC(267) - age   7:         32 bytes,      11792 total
[2025-08-20T21:51:18.860+0000][1692535][trace][gc,age      ] GC(267) - age  12:       1920 bytes,      13712 total
[2025-08-20T21:51:18.860+0000][1692535][info ][gc,heap     ] GC(267) Eden regions: 75->0(75)
[2025-08-20T21:51:18.860+0000][1692535][info ][gc,heap     ] GC(267) Survivor regions: 1->1(10)
[2025-08-20T21:51:18.860+0000][1692535][info ][gc,heap     ] GC(267) Old regions: 22->22
[2025-08-20T21:51:18.860+0000][1692535][info ][gc,heap     ] GC(267) Humongous regions: 0->0
[2025-08-20T21:51:18.860+0000][1692535][info ][gc,metaspace] GC(267) Metaspace: 137942K(143808K)->137942K(143808K) NonClass: 119725K(123328K)->119725K(123328K) Class: 18216K(20480K)->18216K(20480K)
[2025-08-20T21:51:18.860+0000][1692535][info ][gc          ] GC(267) Pause Young (Normal) (G1 Evacuation Pause) 386M->86M(512M) 1.820ms
[2025-08-20T21:51:18.860+0000][1692535][info ][gc,cpu      ] GC(267) User=0.01s Sys=0.00s Real=0.00s
[2025-08-20T21:51:18.860+0000][1692535][info ][safepoint   ] Safepoint "G1CollectForAllocation", Time since last: 705435139304 ns, Reaching safepoint: 9274 ns, Cleanup: 2634 ns, At safepoint: 1854962 ns, Total: 1866870 ns
[2025-08-20T22:00:03.926+0000][1692535][info ][safepoint   ] Safepoint "Cleanup", Time since last: 525066240204 ns, Reaching safepoint: 44127 ns, Cleanup: 8383 ns, At safepoint: 4657 ns, Total: 57167 ns
[2025-08-20T22:03:04.078+0000][1692535][info ][gc,start    ] GC(268) Pause Young (Normal) (G1 Evacuation Pause)
[2025-08-20T22:03:04.078+0000][1692535][info ][gc,task     ] GC(268) Using 1 workers of 1 for evacuation
[2025-08-20T22:03:04.078+0000][1692535][debug][gc,age      ] GC(268) Desired survivor size 20971520 bytes, new threshold 15 (max threshold 15)
[2025-08-20T22:03:04.079+0000][1692535][info ][gc,phases   ] GC(268)   Pre Evacuate Collection Set: 0.0ms
[2025-08-20T22:03:04.079+0000][1692535][info ][gc,phases   ] GC(268)   Merge Heap Roots: 0.0ms
[2025-08-20T22:03:04.079+0000][1692535][info ][gc,phases   ] GC(268)   Evacuate Collection Set: 0.6ms
[2025-08-20T22:03:04.079+0000][1692535][info ][gc,phases   ] GC(268)   Post Evacuate Collection Set: 0.7ms
[2025-08-20T22:03:04.079+0000][1692535][info ][gc,phases   ] GC(268)   Other: 0.0ms
[2025-08-20T22:03:04.079+0000][1692535][trace][gc,age      ] GC(268) Age table with threshold 15 (max threshold 15)
[2025-08-20T22:03:04.079+0000][1692535][trace][gc,age      ] GC(268) - age   1:       9704 bytes,       9704 total
[2025-08-20T22:03:04.079+0000][1692535][trace][gc,age      ] GC(268) - age   2:        176 bytes,       9880 total
[2025-08-20T22:03:04.079+0000][1692535][trace][gc,age      ] GC(268) - age   6:        528 bytes,      10408 total
[2025-08-20T22:03:04.079+0000][1692535][trace][gc,age      ] GC(268) - age   8:         32 bytes,      10440 total
[2025-08-20T22:03:04.079+0000][1692535][trace][gc,age      ] GC(268) - age  13:       1920 bytes,      12360 total
[2025-08-20T22:03:04.079+0000][1692535][info ][gc,heap     ] GC(268) Eden regions: 75->0(75)
[2025-08-20T22:03:04.080+0000][1692535][info ][gc,heap     ] GC(268) Survivor regions: 1->1(10)
[2025-08-20T22:03:04.080+0000][1692535][info ][gc,heap     ] GC(268) Old regions: 22->22
[2025-08-20T22:03:04.080+0000][1692535][info ][gc,heap     ] GC(268) Humongous regions: 0->0
[2025-08-20T22:03:04.080+0000][1692535][info ][gc,metaspace] GC(268) Metaspace: 137942K(143808K)->137942K(143808K) NonClass: 119725K(123328K)->119725K(123328K) Class: 18216K(20480K)->18216K(20480K)
[2025-08-20T22:03:04.080+0000][1692535][info ][gc          ] GC(268) Pause Young (Normal) (G1 Evacuation Pause) 386M->86M(512M) 1.950ms
[2025-08-20T22:03:04.080+0000][1692535][info ][gc,cpu      ] GC(268) User=0.00s Sys=0.00s Real=0.00s
[2025-08-20T22:03:04.080+0000][1692535][info ][safepoint   ] Safepoint "G1CollectForAllocation", Time since last: 180151377400 ns, Reaching safepoint: 7882 ns, Cleanup: 3645 ns, At safepoint: 1983947 ns, Total: 1995474 ns
[2025-08-20T22:14:49.732+0000][1692535][info ][gc,start    ] GC(269) Pause Young (Normal) (G1 Evacuation Pause)
[2025-08-20T22:14:49.733+0000][1692535][info ][gc,task     ] GC(269) Using 1 workers of 1 for evacuation
[2025-08-20T22:14:49.733+0000][1692535][debug][gc,age      ] GC(269) Desired survivor size 20971520 bytes, new threshold 15 (max threshold 15)
[2025-08-20T22:14:49.734+0000][1692535][info ][gc,phases   ] GC(269)   Pre Evacuate Collection Set: 0.0ms
[2025-08-20T22:14:49.734+0000][1692535][info ][gc,phases   ] GC(269)   Merge Heap Roots: 0.0ms
[2025-08-20T22:14:49.734+0000][1692535][info ][gc,phases   ] GC(269)   Evacuate Collection Set: 0.6ms
[2025-08-20T22:14:49.734+0000][1692535][info ][gc,phases   ] GC(269)   Post Evacuate Collection Set: 1.0ms
[2025-08-20T22:14:49.734+0000][1692535][info ][gc,phases   ] GC(269)   Other: 0.0ms
[2025-08-20T22:14:49.734+0000][1692535][trace][gc,age      ] GC(269) Age table with threshold 15 (max threshold 15)
[2025-08-20T22:14:49.734+0000][1692535][trace][gc,age      ] GC(269) - age   1:      10856 bytes,      10856 total
[2025-08-20T22:14:49.734+0000][1692535][trace][gc,age      ] GC(269) - age   2:        400 bytes,      11256 total
[2025-08-20T22:14:49.734+0000][1692535][trace][gc,age      ] GC(269) - age   3:        176 bytes,      11432 total
[2025-08-20T22:14:49.734+0000][1692535][trace][gc,age      ] GC(269) - age   7:        528 bytes,      11960 total
[2025-08-20T22:14:49.734+0000][1692535][trace][gc,age      ] GC(269) - age   9:         32 bytes,      11992 total
[2025-08-20T22:14:49.734+0000][1692535][trace][gc,age      ] GC(269) - age  14:       1920 bytes,      13912 total
[2025-08-20T22:14:49.734+0000][1692535][info ][gc,heap     ] GC(269) Eden regions: 75->0(75)
[2025-08-20T22:14:49.734+0000][1692535][info ][gc,heap     ] GC(269) Survivor regions: 1->1(10)
[2025-08-20T22:14:49.734+0000][1692535][info ][gc,heap     ] GC(269) Old regions: 22->22
[2025-08-20T22:14:49.734+0000][1692535][info ][gc,heap     ] GC(269) Humongous regions: 0->0
[2025-08-20T22:14:49.734+0000][1692535][info ][gc,metaspace] GC(269) Metaspace: 137942K(143808K)->137942K(143808K) NonClass: 119725K(123328K)->119725K(123328K) Class: 18216K(20480K)->18216K(20480K)
[2025-08-20T22:14:49.734+0000][1692535][info ][gc          ] GC(269) Pause Young (Normal) (G1 Evacuation Pause) 386M->86M(512M) 1.986ms
[2025-08-20T22:14:49.734+0000][1692535][info ][gc,cpu      ] GC(269) User=0.00s Sys=0.01s Real=0.00s
[2025-08-20T22:14:49.734+0000][1692535][info ][safepoint   ] Safepoint "G1CollectForAllocation", Time since last: 705652810073 ns, Reaching safepoint: 14321 ns, Cleanup: 2905 ns, At safepoint: 2019680 ns, Total: 2036906 ns
[2025-08-20T22:26:34.627+0000][1692535][info ][gc,start    ] GC(270) Pause Young (Normal) (G1 Evacuation Pause)
[2025-08-20T22:26:34.627+0000][1692535][info ][gc,task     ] GC(270) Using 1 workers of 1 for evacuation
[2025-08-20T22:26:34.627+0000][1692535][debug][gc,age      ] GC(270) Desired survivor size 20971520 bytes, new threshold 15 (max threshold 15)
[2025-08-20T22:26:34.629+0000][1692535][info ][gc,phases   ] GC(270)   Pre Evacuate Collection Set: 0.0ms
[2025-08-20T22:26:34.629+0000][1692535][info ][gc,phases   ] GC(270)   Merge Heap Roots: 0.0ms
[2025-08-20T22:26:34.629+0000][1692535][info ][gc,phases   ] GC(270)   Evacuate Collection Set: 0.6ms
[2025-08-20T22:26:34.629+0000][1692535][info ][gc,phases   ] GC(270)   Post Evacuate Collection Set: 0.7ms
[2025-08-20T22:26:34.629+0000][1692535][info ][gc,phases   ] GC(270)   Other: 0.1ms
[2025-08-20T22:26:34.629+0000][1692535][trace][gc,age      ] GC(270) Age table with threshold 15 (max threshold 15)
[2025-08-20T22:26:34.629+0000][1692535][trace][gc,age      ] GC(270) - age   1:       9640 bytes,       9640 total
[2025-08-20T22:26:34.629+0000][1692535][trace][gc,age      ] GC(270) - age   2:        176 bytes,       9816 total
[2025-08-20T22:26:34.629+0000][1692535][trace][gc,age      ] GC(270) - age   3:        224 bytes,      10040 total
[2025-08-20T22:26:34.629+0000][1692535][trace][gc,age      ] GC(270) - age   4:        176 bytes,      10216 total
[2025-08-20T22:26:34.629+0000][1692535][trace][gc,age      ] GC(270) - age   8:        528 bytes,      10744 total
[2025-08-20T22:26:34.629+0000][1692535][trace][gc,age      ] GC(270) - age  10:         32 bytes,      10776 total
[2025-08-20T22:26:34.629+0000][1692535][trace][gc,age      ] GC(270) - age  15:       1920 bytes,      12696 total
[2025-08-20T22:26:34.629+0000][1692535][info ][gc,heap     ] GC(270) Eden regions: 75->0(75)
[2025-08-20T22:26:34.629+0000][1692535][info ][gc,heap     ] GC(270) Survivor regions: 1->1(10)
[2025-08-20T22:26:34.629+0000][1692535][info ][gc,heap     ] GC(270) Old regions: 22->22
[2025-08-20T22:26:34.629+0000][1692535][info ][gc,heap     ] GC(270) Humongous regions: 0->0
[2025-08-20T22:26:34.629+0000][1692535][info ][gc,metaspace] GC(270) Metaspace: 137942K(143808K)->137942K(143808K) NonClass: 119725K(123328K)->119725K(123328K) Class: 18216K(20480K)->18216K(20480K)
[2025-08-20T22:26:34.629+0000][1692535][info ][gc          ] GC(270) Pause Young (Normal) (G1 Evacuation Pause) 386M->86M(512M) 1.908ms
[2025-08-20T22:26:34.629+0000][1692535][info ][gc,cpu      ] GC(270) User=0.00s Sys=0.00s Real=0.00s
[2025-08-20T22:26:34.629+0000][1692535][info ][safepoint   ] Safepoint "G1CollectForAllocation", Time since last: 704892495070 ns, Reaching safepoint: 8002 ns, Cleanup: 3886 ns, At safepoint: 1941130 ns, Total: 1953018 ns
[2025-08-20T22:38:20.614+0000][1692535][info ][gc,start    ] GC(271) Pause Young (Normal) (G1 Evacuation Pause)
[2025-08-20T22:38:20.614+0000][1692535][info ][gc,task     ] GC(271) Using 1 workers of 1 for evacuation
[2025-08-20T22:38:20.614+0000][1692535][debug][gc,age      ] GC(271) Desired survivor size 20971520 bytes, new threshold 15 (max threshold 15)
[2025-08-20T22:38:20.616+0000][1692535][info ][gc,phases   ] GC(271)   Pre Evacuate Collection Set: 0.0ms
[2025-08-20T22:38:20.616+0000][1692535][info ][gc,phases   ] GC(271)   Merge Heap Roots: 0.0ms
[2025-08-20T22:38:20.616+0000][1692535][info ][gc,phases   ] GC(271)   Evacuate Collection Set: 0.6ms
[2025-08-20T22:38:20.616+0000][1692535][info ][gc,phases   ] GC(271)   Post Evacuate Collection Set: 0.9ms
[2025-08-20T22:38:20.616+0000][1692535][info ][gc,phases   ] GC(271)   Other: 0.0ms
[2025-08-20T22:38:20.616+0000][1692535][trace][gc,age      ] GC(271) Age table with threshold 15 (max threshold 15)
[2025-08-20T22:38:20.616+0000][1692535][trace][gc,age      ] GC(271) - age   1:      11216 bytes,      11216 total
[2025-08-20T22:38:20.616+0000][1692535][trace][gc,age      ] GC(271) - age   4:        224 bytes,      11440 total
[2025-08-20T22:38:20.616+0000][1692535][trace][gc,age      ] GC(271) - age   5:        176 bytes,      11616 total
[2025-08-20T22:38:20.616+0000][1692535][trace][gc,age      ] GC(271) - age   9:        528 bytes,      12144 total
[2025-08-20T22:38:20.616+0000][1692535][trace][gc,age      ] GC(271) - age  11:         32 bytes,      12176 total
[2025-08-20T22:38:20.616+0000][1692535][info ][gc,heap     ] GC(271) Eden regions: 75->0(75)
[2025-08-20T22:38:20.616+0000][1692535][info ][gc,heap     ] GC(271) Survivor regions: 1->1(10)
[2025-08-20T22:38:20.616+0000][1692535][info ][gc,heap     ] GC(271) Old regions: 22->22
[2025-08-20T22:38:20.616+0000][1692535][info ][gc,heap     ] GC(271) Humongous regions: 0->0
[2025-08-20T22:38:20.616+0000][1692535][info ][gc,metaspace] GC(271) Metaspace: 137942K(143808K)->137942K(143808K) NonClass: 119725K(123328K)->119725K(123328K) Class: 18216K(20480K)->18216K(20480K)
[2025-08-20T22:38:20.616+0000][1692535][info ][gc          ] GC(271) Pause Young (Normal) (G1 Evacuation Pause) 386M->86M(512M) 1.862ms
[2025-08-20T22:38:20.616+0000][1692535][info ][gc,cpu      ] GC(271) User=0.00s Sys=0.00s Real=0.01s
[2025-08-20T22:38:20.616+0000][1692535][info ][safepoint   ] Safepoint "G1CollectForAllocation", Time since last: 705985377396 ns, Reaching safepoint: 7521 ns, Cleanup: 2755 ns, At safepoint: 1896102 ns, Total: 1906378 ns
[2025-08-20T22:50:05.525+0000][1692535][info ][gc,start    ] GC(272) Pause Young (Normal) (G1 Evacuation Pause)
[2025-08-20T22:50:05.525+0000][1692535][info ][gc,task     ] GC(272) Using 1 workers of 1 for evacuation
[2025-08-20T22:50:05.525+0000][1692535][debug][gc,age      ] GC(272) Desired survivor size 20971520 bytes, new threshold 15 (max threshold 15)
[2025-08-20T22:50:05.527+0000][1692535][info ][gc,phases   ] GC(272)   Pre Evacuate Collection Set: 0.1ms
[2025-08-20T22:50:05.527+0000][1692535][info ][gc,phases   ] GC(272)   Merge Heap Roots: 0.0ms
[2025-08-20T22:50:05.527+0000][1692535][info ][gc,phases   ] GC(272)   Evacuate Collection Set: 1.1ms
[2025-08-20T22:50:05.527+0000][1692535][info ][gc,phases   ] GC(272)   Post Evacuate Collection Set: 0.8ms
[2025-08-20T22:50:05.527+0000][1692535][info ][gc,phases   ] GC(272)   Other: 0.0ms
[2025-08-20T22:50:05.527+0000][1692535][trace][gc,age      ] GC(272) Age table with threshold 15 (max threshold 15)
[2025-08-20T22:50:05.527+0000][1692535][trace][gc,age      ] GC(272) - age   1:      13704 bytes,      13704 total
[2025-08-20T22:50:05.527+0000][1692535][trace][gc,age      ] GC(272) - age   5:        224 bytes,      13928 total
[2025-08-20T22:50:05.527+0000][1692535][trace][gc,age      ] GC(272) - age  10:        528 bytes,      14456 total
[2025-08-20T22:50:05.527+0000][1692535][trace][gc,age      ] GC(272) - age  12:         32 bytes,      14488 total
[2025-08-20T22:50:05.527+0000][1692535][info ][gc,heap     ] GC(272) Eden regions: 75->0(75)
[2025-08-20T22:50:05.527+0000][1692535][info ][gc,heap     ] GC(272) Survivor regions: 1->1(10)
[2025-08-20T22:50:05.527+0000][1692535][info ][gc,heap     ] GC(272) Old regions: 22->22
[2025-08-20T22:50:05.527+0000][1692535][info ][gc,heap     ] GC(272) Humongous regions: 0->0
[2025-08-20T22:50:05.527+0000][1692535][info ][gc,metaspace] GC(272) Metaspace: 137942K(143808K)->137942K(143808K) NonClass: 119725K(123328K)->119725K(123328K) Class: 18216K(20480K)->18216K(20480K)
[2025-08-20T22:50:05.527+0000][1692535][info ][gc          ] GC(272) Pause Young (Normal) (G1 Evacuation Pause) 386M->86M(512M) 2.202ms
[2025-08-20T22:50:05.527+0000][1692535][info ][gc,cpu      ] GC(272) User=0.00s Sys=0.00s Real=0.01s
[2025-08-20T22:50:05.527+0000][1692535][info ][safepoint   ] Safepoint "G1CollectForAllocation", Time since last: 704908908092 ns, Reaching safepoint: 7051 ns, Cleanup: 3475 ns, At safepoint: 2240240 ns, Total: 2250766 ns
[2025-08-20T23:01:51.484+0000][1692535][info ][gc,start    ] GC(273) Pause Young (Normal) (G1 Evacuation Pause)
[2025-08-20T23:01:51.484+0000][1692535][info ][gc,task     ] GC(273) Using 1 workers of 1 for evacuation
[2025-08-20T23:01:51.484+0000][1692535][debug][gc,age      ] GC(273) Desired survivor size 20971520 bytes, new threshold 15 (max threshold 15)
[2025-08-20T23:01:51.486+0000][1692535][info ][gc,phases   ] GC(273)   Pre Evacuate Collection Set: 0.0ms
[2025-08-20T23:01:51.486+0000][1692535][info ][gc,phases   ] GC(273)   Merge Heap Roots: 0.0ms
[2025-08-20T23:01:51.486+0000][1692535][info ][gc,phases   ] GC(273)   Evacuate Collection Set: 0.6ms
[2025-08-20T23:01:51.486+0000][1692535][info ][gc,phases   ] GC(273)   Post Evacuate Collection Set: 1.0ms
[2025-08-20T23:01:51.486+0000][1692535][info ][gc,phases   ] GC(273)   Other: 0.0ms
[2025-08-20T23:01:51.486+0000][1692535][trace][gc,age      ] GC(273) Age table with threshold 15 (max threshold 15)
[2025-08-20T23:01:51.486+0000][1692535][trace][gc,age      ] GC(273) - age   1:      15936 bytes,      15936 total
[2025-08-20T23:01:51.486+0000][1692535][trace][gc,age      ] GC(273) - age   2:        352 bytes,      16288 total
[2025-08-20T23:01:51.486+0000][1692535][trace][gc,age      ] GC(273) - age   6:        224 bytes,      16512 total
[2025-08-20T23:01:51.486+0000][1692535][trace][gc,age      ] GC(273) - age  11:        528 bytes,      17040 total
[2025-08-20T23:01:51.486+0000][1692535][trace][gc,age      ] GC(273) - age  13:         32 bytes,      17072 total
[2025-08-20T23:01:51.486+0000][1692535][info ][gc,heap     ] GC(273) Eden regions: 75->0(75)
[2025-08-20T23:01:51.486+0000][1692535][info ][gc,heap     ] GC(273) Survivor regions: 1->1(10)
[2025-08-20T23:01:51.486+0000][1692535][info ][gc,heap     ] GC(273) Old regions: 22->22
[2025-08-20T23:01:51.486+0000][1692535][info ][gc,heap     ] GC(273) Humongous regions: 0->0
[2025-08-20T23:01:51.486+0000][1692535][info ][gc,metaspace] GC(273) Metaspace: 137942K(143808K)->137942K(143808K) NonClass: 119725K(123328K)->119725K(123328K) Class: 18216K(20480K)->18216K(20480K)
[2025-08-20T23:01:51.486+0000][1692535][info ][gc          ] GC(273) Pause Young (Normal) (G1 Evacuation Pause) 386M->86M(512M) 1.957ms
[2025-08-20T23:01:51.486+0000][1692535][info ][gc,cpu      ] GC(273) User=0.00s Sys=0.00s Real=0.01s
[2025-08-20T23:01:51.486+0000][1692535][info ][safepoint   ] Safepoint "G1CollectForAllocation", Time since last: 705956389854 ns, Reaching safepoint: 9054 ns, Cleanup: 3145 ns, At safepoint: 1990786 ns, Total: 2002985 ns
[2025-08-20T23:13:36.554+0000][1692535][info ][gc,start    ] GC(274) Pause Young (Normal) (G1 Evacuation Pause)
[2025-08-20T23:13:36.554+0000][1692535][info ][gc,task     ] GC(274) Using 1 workers of 1 for evacuation
[2025-08-20T23:13:36.554+0000][1692535][debug][gc,age      ] GC(274) Desired survivor size 20971520 bytes, new threshold 15 (max threshold 15)
[2025-08-20T23:13:36.556+0000][1692535][info ][gc,phases   ] GC(274)   Pre Evacuate Collection Set: 0.5ms
[2025-08-20T23:13:36.556+0000][1692535][info ][gc,phases   ] GC(274)   Merge Heap Roots: 0.0ms
[2025-08-20T23:13:36.556+0000][1692535][info ][gc,phases   ] GC(274)   Evacuate Collection Set: 0.7ms
[2025-08-20T23:13:36.556+0000][1692535][info ][gc,phases   ] GC(274)   Post Evacuate Collection Set: 0.9ms
[2025-08-20T23:13:36.556+0000][1692535][info ][gc,phases   ] GC(274)   Other: 0.0ms
[2025-08-20T23:13:36.556+0000][1692535][trace][gc,age      ] GC(274) Age table with threshold 15 (max threshold 15)
[2025-08-20T23:13:36.556+0000][1692535][trace][gc,age      ] GC(274) - age   1:      15552 bytes,      15552 total
[2025-08-20T23:13:36.556+0000][1692535][trace][gc,age      ] GC(274) - age   2:       5232 bytes,      20784 total
[2025-08-20T23:13:36.556+0000][1692535][trace][gc,age      ] GC(274) - age   3:        176 bytes,      20960 total
[2025-08-20T23:13:36.556+0000][1692535][trace][gc,age      ] GC(274) - age   7:        224 bytes,      21184 total
[2025-08-20T23:13:36.556+0000][1692535][trace][gc,age      ] GC(274) - age  12:        528 bytes,      21712 total
[2025-08-20T23:13:36.556+0000][1692535][trace][gc,age      ] GC(274) - age  14:         32 bytes,      21744 total
[2025-08-20T23:13:36.556+0000][1692535][info ][gc,heap     ] GC(274) Eden regions: 75->0(75)
[2025-08-20T23:13:36.556+0000][1692535][info ][gc,heap     ] GC(274) Survivor regions: 1->1(10)
[2025-08-20T23:13:36.556+0000][1692535][info ][gc,heap     ] GC(274) Old regions: 22->22
[2025-08-20T23:13:36.556+0000][1692535][info ][gc,heap     ] GC(274) Humongous regions: 0->0
[2025-08-20T23:13:36.556+0000][1692535][info ][gc,metaspace] GC(274) Metaspace: 137942K(143808K)->137942K(143808K) NonClass: 119725K(123328K)->119725K(123328K) Class: 18216K(20480K)->18216K(20480K)
[2025-08-20T23:13:36.556+0000][1692535][info ][gc          ] GC(274) Pause Young (Normal) (G1 Evacuation Pause) 386M->86M(512M) 2.319ms
[2025-08-20T23:13:36.556+0000][1692535][info ][gc,cpu      ] GC(274) User=0.00s Sys=0.00s Real=0.01s
[2025-08-20T23:13:36.556+0000][1692535][info ][safepoint   ] Safepoint "G1CollectForAllocation", Time since last: 705067861762 ns, Reaching safepoint: 9114 ns, Cleanup: 2854 ns, At safepoint: 2354155 ns, Total: 2366123 ns
[2025-08-20T23:25:17.344+0000][1692535][info ][gc,start    ] GC(275) Pause Young (Normal) (G1 Evacuation Pause)
[2025-08-20T23:25:17.344+0000][1692535][info ][gc,task     ] GC(275) Using 1 workers of 1 for evacuation
[2025-08-20T23:25:17.344+0000][1692535][debug][gc,age      ] GC(275) Desired survivor size 20971520 bytes, new threshold 15 (max threshold 15)
[2025-08-20T23:25:17.346+0000][1692535][info ][gc,phases   ] GC(275)   Pre Evacuate Collection Set: 0.0ms
[2025-08-20T23:25:17.346+0000][1692535][info ][gc,phases   ] GC(275)   Merge Heap Roots: 0.0ms
[2025-08-20T23:25:17.346+0000][1692535][info ][gc,phases   ] GC(275)   Evacuate Collection Set: 0.6ms
[2025-08-20T23:25:17.346+0000][1692535][info ][gc,phases   ] GC(275)   Post Evacuate Collection Set: 0.9ms
[2025-08-20T23:25:17.346+0000][1692535][info ][gc,phases   ] GC(275)   Other: 0.0ms
[2025-08-20T23:25:17.346+0000][1692535][trace][gc,age      ] GC(275) Age table with threshold 15 (max threshold 15)
[2025-08-20T23:25:17.346+0000][1692535][trace][gc,age      ] GC(275) - age   1:      11032 bytes,      11032 total
[2025-08-20T23:25:17.346+0000][1692535][trace][gc,age      ] GC(275) - age   3:       5056 bytes,      16088 total
[2025-08-20T23:25:17.346+0000][1692535][trace][gc,age      ] GC(275) - age   4:        176 bytes,      16264 total
[2025-08-20T23:25:17.346+0000][1692535][trace][gc,age      ] GC(275) - age   8:        224 bytes,      16488 total
[2025-08-20T23:25:17.346+0000][1692535][trace][gc,age      ] GC(275) - age  13:        528 bytes,      17016 total
[2025-08-20T23:25:17.346+0000][1692535][trace][gc,age      ] GC(275) - age  15:         32 bytes,      17048 total
[2025-08-20T23:25:17.346+0000][1692535][info ][gc,heap     ] GC(275) Eden regions: 75->0(75)
[2025-08-20T23:25:17.346+0000][1692535][info ][gc,heap     ] GC(275) Survivor regions: 1->1(10)
[2025-08-20T23:25:17.346+0000][1692535][info ][gc,heap     ] GC(275) Old regions: 22->22
[2025-08-20T23:25:17.346+0000][1692535][info ][gc,heap     ] GC(275) Humongous regions: 0->0
[2025-08-20T23:25:17.346+0000][1692535][info ][gc,metaspace] GC(275) Metaspace: 137942K(143808K)->137942K(143808K) NonClass: 119725K(123328K)->119725K(123328K) Class: 18216K(20480K)->18216K(20480K)
[2025-08-20T23:25:17.346+0000][1692535][info ][gc          ] GC(275) Pause Young (Normal) (G1 Evacuation Pause) 386M->86M(512M) 1.832ms
[2025-08-20T23:25:17.346+0000][1692535][info ][gc,cpu      ] GC(275) User=0.00s Sys=0.00s Real=0.01s
[2025-08-20T23:25:17.346+0000][1692535][info ][safepoint   ] Safepoint "G1CollectForAllocation", Time since last: 700788245658 ns, Reaching safepoint: 7321 ns, Cleanup: 3315 ns, At safepoint: 1867860 ns, Total: 1878496 ns
[2025-08-20T23:37:04.328+0000][1692535][info ][gc,start    ] GC(276) Pause Young (Normal) (G1 Evacuation Pause)
[2025-08-20T23:37:04.329+0000][1692535][info ][gc,task     ] GC(276) Using 1 workers of 1 for evacuation
[2025-08-20T23:37:04.329+0000][1692535][debug][gc,age      ] GC(276) Desired survivor size 20971520 bytes, new threshold 15 (max threshold 15)
[2025-08-20T23:37:04.331+0000][1692535][info ][gc,phases   ] GC(276)   Pre Evacuate Collection Set: 0.0ms
[2025-08-20T23:37:04.331+0000][1692535][info ][gc,phases   ] GC(276)   Merge Heap Roots: 0.0ms
[2025-08-20T23:37:04.331+0000][1692535][info ][gc,phases   ] GC(276)   Evacuate Collection Set: 0.7ms
[2025-08-20T23:37:04.331+0000][1692535][info ][gc,phases   ] GC(276)   Post Evacuate Collection Set: 0.8ms
[2025-08-20T23:37:04.331+0000][1692535][info ][gc,phases   ] GC(276)   Other: 0.0ms
[2025-08-20T23:37:04.331+0000][1692535][trace][gc,age      ] GC(276) Age table with threshold 15 (max threshold 15)
[2025-08-20T23:37:04.331+0000][1692535][trace][gc,age      ] GC(276) - age   1:      26864 bytes,      26864 total
[2025-08-20T23:37:04.331+0000][1692535][trace][gc,age      ] GC(276) - age   4:       5056 bytes,      31920 total
[2025-08-20T23:37:04.331+0000][1692535][trace][gc,age      ] GC(276) - age   5:        176 bytes,      32096 total
[2025-08-20T23:37:04.331+0000][1692535][trace][gc,age      ] GC(276) - age   9:        224 bytes,      32320 total
[2025-08-20T23:37:04.331+0000][1692535][trace][gc,age      ] GC(276) - age  14:        528 bytes,      32848 total
[2025-08-20T23:37:04.331+0000][1692535][info ][gc,heap     ] GC(276) Eden regions: 75->0(75)
[2025-08-20T23:37:04.331+0000][1692535][info ][gc,heap     ] GC(276) Survivor regions: 1->1(10)
[2025-08-20T23:37:04.331+0000][1692535][info ][gc,heap     ] GC(276) Old regions: 22->22
[2025-08-20T23:37:04.331+0000][1692535][info ][gc,heap     ] GC(276) Humongous regions: 0->0
[2025-08-20T23:37:04.331+0000][1692535][info ][gc,metaspace] GC(276) Metaspace: 137942K(143808K)->137942K(143808K) NonClass: 119725K(123328K)->119725K(123328K) Class: 18216K(20480K)->18216K(20480K)
[2025-08-20T23:37:04.331+0000][1692535][info ][gc          ] GC(276) Pause Young (Normal) (G1 Evacuation Pause) 386M->86M(512M) 2.116ms
[2025-08-20T23:37:04.331+0000][1692535][info ][gc,cpu      ] GC(276) User=0.00s Sys=0.00s Real=0.00s
[2025-08-20T23:37:04.331+0000][1692535][info ][safepoint   ] Safepoint "G1CollectForAllocation", Time since last: 706982431011 ns, Reaching safepoint: 8974 ns, Cleanup: 3786 ns, At safepoint: 2149856 ns, Total: 2162616 ns
[2025-08-20T23:48:48.226+0000][1692535][info ][gc,start    ] GC(277) Pause Young (Normal) (G1 Evacuation Pause)
[2025-08-20T23:48:48.226+0000][1692535][info ][gc,task     ] GC(277) Using 1 workers of 1 for evacuation
[2025-08-20T23:48:48.226+0000][1692535][debug][gc,age      ] GC(277) Desired survivor size 20971520 bytes, new threshold 15 (max threshold 15)
[2025-08-20T23:48:48.228+0000][1692535][info ][gc,phases   ] GC(277)   Pre Evacuate Collection Set: 0.0ms
[2025-08-20T23:48:48.228+0000][1692535][info ][gc,phases   ] GC(277)   Merge Heap Roots: 0.0ms
[2025-08-20T23:48:48.228+0000][1692535][info ][gc,phases   ] GC(277)   Evacuate Collection Set: 0.6ms
[2025-08-20T23:48:48.228+0000][1692535][info ][gc,phases   ] GC(277)   Post Evacuate Collection Set: 0.8ms
[2025-08-20T23:48:48.228+0000][1692535][info ][gc,phases   ] GC(277)   Other: 0.0ms
[2025-08-20T23:48:48.228+0000][1692535][trace][gc,age      ] GC(277) Age table with threshold 15 (max threshold 15)
[2025-08-20T23:48:48.228+0000][1692535][trace][gc,age      ] GC(277) - age   1:      11208 bytes,      11208 total
[2025-08-20T23:48:48.228+0000][1692535][trace][gc,age      ] GC(277) - age   5:       5056 bytes,      16264 total
[2025-08-20T23:48:48.228+0000][1692535][trace][gc,age      ] GC(277) - age  10:        224 bytes,      16488 total
[2025-08-20T23:48:48.228+0000][1692535][trace][gc,age      ] GC(277) - age  15:        528 bytes,      17016 total
[2025-08-20T23:48:48.228+0000][1692535][info ][gc,heap     ] GC(277) Eden regions: 75->0(75)
[2025-08-20T23:48:48.228+0000][1692535][info ][gc,heap     ] GC(277) Survivor regions: 1->1(10)
[2025-08-20T23:48:48.228+0000][1692535][info ][gc,heap     ] GC(277) Old regions: 22->22
[2025-08-20T23:48:48.228+0000][1692535][info ][gc,heap     ] GC(277) Humongous regions: 0->0
[2025-08-20T23:48:48.228+0000][1692535][info ][gc,metaspace] GC(277) Metaspace: 137942K(143808K)->137942K(143808K) NonClass: 119725K(123328K)->119725K(123328K) Class: 18216K(20480K)->18216K(20480K)
[2025-08-20T23:48:48.228+0000][1692535][info ][gc          ] GC(277) Pause Young (Normal) (G1 Evacuation Pause) 386M->86M(512M) 1.810ms
[2025-08-20T23:48:48.228+0000][1692535][info ][gc,cpu      ] GC(277) User=0.00s Sys=0.00s Real=0.00s
[2025-08-20T23:48:48.228+0000][1692535][info ][safepoint   ] Safepoint "G1CollectForAllocation", Time since last: 703895226606 ns, Reaching safepoint: 6960 ns, Cleanup: 2834 ns, At safepoint: 1843264 ns, Total: 1853058 ns
[2025-08-20T23:53:37.253+0000][1692535][info ][safepoint   ] Safepoint "Cleanup", Time since last: 289024996184 ns, Reaching safepoint: 41343 ns, Cleanup: 10736 ns, At safepoint: 7051 ns, Total: 59130 ns
[2025-08-21T00:00:33.635+0000][1692535][info ][gc,start    ] GC(278) Pause Young (Normal) (G1 Evacuation Pause)
[2025-08-21T00:00:33.635+0000][1692535][info ][gc,task     ] GC(278) Using 1 workers of 1 for evacuation
[2025-08-21T00:00:33.635+0000][1692535][debug][gc,age      ] GC(278) Desired survivor size 20971520 bytes, new threshold 15 (max threshold 15)
[2025-08-21T00:00:33.637+0000][1692535][info ][gc,phases   ] GC(278)   Pre Evacuate Collection Set: 0.0ms
[2025-08-21T00:00:33.637+0000][1692535][info ][gc,phases   ] GC(278)   Merge Heap Roots: 0.0ms
[2025-08-21T00:00:33.637+0000][1692535][info ][gc,phases   ] GC(278)   Evacuate Collection Set: 0.6ms
[2025-08-21T00:00:33.637+0000][1692535][info ][gc,phases   ] GC(278)   Post Evacuate Collection Set: 0.9ms
[2025-08-21T00:00:33.637+0000][1692535][info ][gc,phases   ] GC(278)   Other: 0.0ms
[2025-08-21T00:00:33.637+0000][1692535][trace][gc,age      ] GC(278) Age table with threshold 15 (max threshold 15)
[2025-08-21T00:00:33.637+0000][1692535][trace][gc,age      ] GC(278) - age   1:      11040 bytes,      11040 total
[2025-08-21T00:00:33.637+0000][1692535][trace][gc,age      ] GC(278) - age   2:        352 bytes,      11392 total
[2025-08-21T00:00:33.637+0000][1692535][trace][gc,age      ] GC(278) - age   6:       5056 bytes,      16448 total
[2025-08-21T00:00:33.637+0000][1692535][trace][gc,age      ] GC(278) - age  11:        224 bytes,      16672 total
[2025-08-21T00:00:33.637+0000][1692535][info ][gc,heap     ] GC(278) Eden regions: 75->0(75)
[2025-08-21T00:00:33.637+0000][1692535][info ][gc,heap     ] GC(278) Survivor regions: 1->1(10)
[2025-08-21T00:00:33.637+0000][1692535][info ][gc,heap     ] GC(278) Old regions: 22->22
[2025-08-21T00:00:33.637+0000][1692535][info ][gc,heap     ] GC(278) Humongous regions: 0->0
[2025-08-21T00:00:33.637+0000][1692535][info ][gc,metaspace] GC(278) Metaspace: 137942K(143808K)->137942K(143808K) NonClass: 119725K(123328K)->119725K(123328K) Class: 18216K(20480K)->18216K(20480K)
[2025-08-21T00:00:33.637+0000][1692535][info ][gc          ] GC(278) Pause Young (Normal) (G1 Evacuation Pause) 386M->86M(512M) 1.848ms
[2025-08-21T00:00:33.637+0000][1692535][info ][gc,cpu      ] GC(278) User=0.00s Sys=0.00s Real=0.01s
[2025-08-21T00:00:33.637+0000][1692535][info ][safepoint   ] Safepoint "G1CollectForAllocation", Time since last: 416382140163 ns, Reaching safepoint: 7381 ns, Cleanup: 3265 ns, At safepoint: 1882913 ns, Total: 1893559 ns
[2025-08-21T00:12:18.212+0000][1692535][info ][gc,start    ] GC(279) Pause Young (Normal) (G1 Evacuation Pause)
[2025-08-21T00:12:18.213+0000][1692535][info ][gc,task     ] GC(279) Using 1 workers of 1 for evacuation
[2025-08-21T00:12:18.213+0000][1692535][debug][gc,age      ] GC(279) Desired survivor size 20971520 bytes, new threshold 15 (max threshold 15)
[2025-08-21T00:12:18.214+0000][1692535][info ][gc,phases   ] GC(279)   Pre Evacuate Collection Set: 0.0ms
[2025-08-21T00:12:18.214+0000][1692535][info ][gc,phases   ] GC(279)   Merge Heap Roots: 0.0ms
[2025-08-21T00:12:18.214+0000][1692535][info ][gc,phases   ] GC(279)   Evacuate Collection Set: 0.6ms
[2025-08-21T00:12:18.214+0000][1692535][info ][gc,phases   ] GC(279)   Post Evacuate Collection Set: 0.7ms
[2025-08-21T00:12:18.214+0000][1692535][info ][gc,phases   ] GC(279)   Other: 0.0ms
[2025-08-21T00:12:18.214+0000][1692535][trace][gc,age      ] GC(279) Age table with threshold 15 (max threshold 15)
[2025-08-21T00:12:18.214+0000][1692535][trace][gc,age      ] GC(279) - age   1:       9456 bytes,       9456 total
[2025-08-21T00:12:18.214+0000][1692535][trace][gc,age      ] GC(279) - age   2:        176 bytes,       9632 total
[2025-08-21T00:12:18.214+0000][1692535][trace][gc,age      ] GC(279) - age   3:        176 bytes,       9808 total
[2025-08-21T00:12:18.214+0000][1692535][trace][gc,age      ] GC(279) - age   7:       5056 bytes,      14864 total
[2025-08-21T00:12:18.214+0000][1692535][trace][gc,age      ] GC(279) - age  12:        224 bytes,      15088 total
[2025-08-21T00:12:18.214+0000][1692535][info ][gc,heap     ] GC(279) Eden regions: 75->0(75)
[2025-08-21T00:12:18.214+0000][1692535][info ][gc,heap     ] GC(279) Survivor regions: 1->1(10)
[2025-08-21T00:12:18.214+0000][1692535][info ][gc,heap     ] GC(279) Old regions: 22->22
[2025-08-21T00:12:18.214+0000][1692535][info ][gc,heap     ] GC(279) Humongous regions: 0->0
[2025-08-21T00:12:18.214+0000][1692535][info ][gc,metaspace] GC(279) Metaspace: 137942K(143808K)->137942K(143808K) NonClass: 119725K(123328K)->119725K(123328K) Class: 18216K(20480K)->18216K(20480K)
[2025-08-21T00:12:18.214+0000][1692535][info ][gc          ] GC(279) Pause Young (Normal) (G1 Evacuation Pause) 386M->86M(512M) 1.997ms
[2025-08-21T00:12:18.214+0000][1692535][info ][gc,cpu      ] GC(279) User=0.00s Sys=0.00s Real=0.00s
[2025-08-21T00:12:18.214+0000][1692535][info ][safepoint   ] Safepoint "G1CollectForAllocation", Time since last: 704575605013 ns, Reaching safepoint: 8523 ns, Cleanup: 3395 ns, At safepoint: 2030657 ns, Total: 2042575 ns
[2025-08-21T00:24:04.538+0000][1692535][info ][gc,start    ] GC(280) Pause Young (Normal) (G1 Evacuation Pause)
[2025-08-21T00:24:04.538+0000][1692535][info ][gc,task     ] GC(280) Using 1 workers of 1 for evacuation
[2025-08-21T00:24:04.538+0000][1692535][debug][gc,age      ] GC(280) Desired survivor size 20971520 bytes, new threshold 15 (max threshold 15)
[2025-08-21T00:24:04.540+0000][1692535][info ][gc,phases   ] GC(280)   Pre Evacuate Collection Set: 0.0ms
[2025-08-21T00:24:04.540+0000][1692535][info ][gc,phases   ] GC(280)   Merge Heap Roots: 0.0ms
[2025-08-21T00:24:04.540+0000][1692535][info ][gc,phases   ] GC(280)   Evacuate Collection Set: 0.7ms
[2025-08-21T00:24:04.540+0000][1692535][info ][gc,phases   ] GC(280)   Post Evacuate Collection Set: 0.7ms
[2025-08-21T00:24:04.540+0000][1692535][info ][gc,phases   ] GC(280)   Other: 0.0ms
[2025-08-21T00:24:04.540+0000][1692535][trace][gc,age      ] GC(280) Age table with threshold 15 (max threshold 15)
[2025-08-21T00:24:04.540+0000][1692535][trace][gc,age      ] GC(280) - age   1:      77480 bytes,      77480 total
[2025-08-21T00:24:04.540+0000][1692535][trace][gc,age      ] GC(280) - age   4:        176 bytes,      77656 total
[2025-08-21T00:24:04.540+0000][1692535][trace][gc,age      ] GC(280) - age   8:       5056 bytes,      82712 total
[2025-08-21T00:24:04.540+0000][1692535][trace][gc,age      ] GC(280) - age  13:        224 bytes,      82936 total
[2025-08-21T00:24:04.540+0000][1692535][info ][gc,heap     ] GC(280) Eden regions: 75->0(75)
[2025-08-21T00:24:04.540+0000][1692535][info ][gc,heap     ] GC(280) Survivor regions: 1->1(10)
[2025-08-21T00:24:04.540+0000][1692535][info ][gc,heap     ] GC(280) Old regions: 22->22
[2025-08-21T00:24:04.540+0000][1692535][info ][gc,heap     ] GC(280) Humongous regions: 0->0
[2025-08-21T00:24:04.540+0000][1692535][info ][gc,metaspace] GC(280) Metaspace: 137942K(143808K)->137942K(143808K) NonClass: 119725K(123328K)->119725K(123328K) Class: 18216K(20480K)->18216K(20480K)
[2025-08-21T00:24:04.540+0000][1692535][info ][gc          ] GC(280) Pause Young (Normal) (G1 Evacuation Pause) 386M->86M(512M) 1.889ms
[2025-08-21T00:24:04.540+0000][1692535][info ][gc,cpu      ] GC(280) User=0.01s Sys=0.00s Real=0.00s
[2025-08-21T00:24:04.540+0000][1692535][info ][safepoint   ] Safepoint "G1CollectForAllocation", Time since last: 706323277708 ns, Reaching safepoint: 7972 ns, Cleanup: 3185 ns, At safepoint: 1922583 ns, Total: 1933740 ns
[2025-08-21T00:35:50.433+0000][1692535][info ][gc,start    ] GC(281) Pause Young (Normal) (G1 Evacuation Pause)
[2025-08-21T00:35:50.434+0000][1692535][info ][gc,task     ] GC(281) Using 1 workers of 1 for evacuation
[2025-08-21T00:35:50.434+0000][1692535][debug][gc,age      ] GC(281) Desired survivor size 20971520 bytes, new threshold 15 (max threshold 15)
[2025-08-21T00:35:50.435+0000][1692535][info ][gc,phases   ] GC(281)   Pre Evacuate Collection Set: 0.0ms
[2025-08-21T00:35:50.435+0000][1692535][info ][gc,phases   ] GC(281)   Merge Heap Roots: 0.0ms
[2025-08-21T00:35:50.435+0000][1692535][info ][gc,phases   ] GC(281)   Evacuate Collection Set: 0.6ms
[2025-08-21T00:35:50.435+0000][1692535][info ][gc,phases   ] GC(281)   Post Evacuate Collection Set: 0.7ms
[2025-08-21T00:35:50.435+0000][1692535][info ][gc,phases   ] GC(281)   Other: 0.0ms
[2025-08-21T00:35:50.435+0000][1692535][trace][gc,age      ] GC(281) Age table with threshold 15 (max threshold 15)
[2025-08-21T00:35:50.435+0000][1692535][trace][gc,age      ] GC(281) - age   1:      10280 bytes,      10280 total
[2025-08-21T00:35:50.435+0000][1692535][trace][gc,age      ] GC(281) - age   5:        176 bytes,      10456 total
[2025-08-21T00:35:50.435+0000][1692535][trace][gc,age      ] GC(281) - age   9:       5056 bytes,      15512 total
[2025-08-21T00:35:50.435+0000][1692535][trace][gc,age      ] GC(281) - age  14:        224 bytes,      15736 total
[2025-08-21T00:35:50.435+0000][1692535][info ][gc,heap     ] GC(281) Eden regions: 75->0(75)
[2025-08-21T00:35:50.435+0000][1692535][info ][gc,heap     ] GC(281) Survivor regions: 1->1(10)
[2025-08-21T00:35:50.435+0000][1692535][info ][gc,heap     ] GC(281) Old regions: 22->22
[2025-08-21T00:35:50.435+0000][1692535][info ][gc,heap     ] GC(281) Humongous regions: 0->0
[2025-08-21T00:35:50.435+0000][1692535][info ][gc,metaspace] GC(281) Metaspace: 137942K(143808K)->137942K(143808K) NonClass: 119725K(123328K)->119725K(123328K) Class: 18216K(20480K)->18216K(20480K)
[2025-08-21T00:35:50.435+0000][1692535][info ][gc          ] GC(281) Pause Young (Normal) (G1 Evacuation Pause) 386M->86M(512M) 2.008ms
[2025-08-21T00:35:50.435+0000][1692535][info ][gc,cpu      ] GC(281) User=0.00s Sys=0.00s Real=0.00s
[2025-08-21T00:35:50.435+0000][1692535][info ][safepoint   ] Safepoint "G1CollectForAllocation", Time since last: 705893440021 ns, Reaching safepoint: 8492 ns, Cleanup: 3976 ns, At safepoint: 2042655 ns, Total: 2055123 ns
[2025-08-21T00:47:35.553+0000][1692535][info ][gc,start    ] GC(282) Pause Young (Normal) (G1 Evacuation Pause)
[2025-08-21T00:47:35.553+0000][1692535][info ][gc,task     ] GC(282) Using 1 workers of 1 for evacuation
[2025-08-21T00:47:35.553+0000][1692535][debug][gc,age      ] GC(282) Desired survivor size 20971520 bytes, new threshold 15 (max threshold 15)
[2025-08-21T00:47:35.554+0000][1692535][info ][gc,phases   ] GC(282)   Pre Evacuate Collection Set: 0.0ms
[2025-08-21T00:47:35.555+0000][1692535][info ][gc,phases   ] GC(282)   Merge Heap Roots: 0.0ms
[2025-08-21T00:47:35.555+0000][1692535][info ][gc,phases   ] GC(282)   Evacuate Collection Set: 0.6ms
[2025-08-21T00:47:35.555+0000][1692535][info ][gc,phases   ] GC(282)   Post Evacuate Collection Set: 0.7ms
[2025-08-21T00:47:35.555+0000][1692535][info ][gc,phases   ] GC(282)   Other: 0.0ms
[2025-08-21T00:47:35.555+0000][1692535][trace][gc,age      ] GC(282) Age table with threshold 15 (max threshold 15)
[2025-08-21T00:47:35.555+0000][1692535][trace][gc,age      ] GC(282) - age   1:       9544 bytes,       9544 total
[2025-08-21T00:47:35.555+0000][1692535][trace][gc,age      ] GC(282) - age  10:       5056 bytes,      14600 total
[2025-08-21T00:47:35.555+0000][1692535][trace][gc,age      ] GC(282) - age  15:        224 bytes,      14824 total
[2025-08-21T00:47:35.555+0000][1692535][info ][gc,heap     ] GC(282) Eden regions: 75->0(75)
[2025-08-21T00:47:35.555+0000][1692535][info ][gc,heap     ] GC(282) Survivor regions: 1->1(10)
[2025-08-21T00:47:35.555+0000][1692535][info ][gc,heap     ] GC(282) Old regions: 22->22
[2025-08-21T00:47:35.555+0000][1692535][info ][gc,heap     ] GC(282) Humongous regions: 0->0
[2025-08-21T00:47:35.555+0000][1692535][info ][gc,metaspace] GC(282) Metaspace: 137942K(143808K)->137942K(143808K) NonClass: 119725K(123328K)->119725K(123328K) Class: 18216K(20480K)->18216K(20480K)
[2025-08-21T00:47:35.555+0000][1692535][info ][gc          ] GC(282) Pause Young (Normal) (G1 Evacuation Pause) 386M->86M(512M) 1.981ms
[2025-08-21T00:47:35.555+0000][1692535][info ][gc,cpu      ] GC(282) User=0.00s Sys=0.00s Real=0.00s
[2025-08-21T00:47:35.555+0000][1692535][info ][safepoint   ] Safepoint "G1CollectForAllocation", Time since last: 705117419475 ns, Reaching safepoint: 7451 ns, Cleanup: 3536 ns, At safepoint: 2012999 ns, Total: 2023986 ns
[2025-08-21T00:59:23.827+0000][1692535][info ][gc,start    ] GC(283) Pause Young (Normal) (G1 Evacuation Pause)
[2025-08-21T00:59:23.828+0000][1692535][info ][gc,task     ] GC(283) Using 1 workers of 1 for evacuation
[2025-08-21T00:59:23.828+0000][1692535][debug][gc,age      ] GC(283) Desired survivor size 20971520 bytes, new threshold 15 (max threshold 15)
[2025-08-21T00:59:23.829+0000][1692535][info ][gc,phases   ] GC(283)   Pre Evacuate Collection Set: 0.0ms
[2025-08-21T00:59:23.829+0000][1692535][info ][gc,phases   ] GC(283)   Merge Heap Roots: 0.0ms
[2025-08-21T00:59:23.829+0000][1692535][info ][gc,phases   ] GC(283)   Evacuate Collection Set: 0.6ms
[2025-08-21T00:59:23.829+0000][1692535][info ][gc,phases   ] GC(283)   Post Evacuate Collection Set: 0.7ms
[2025-08-21T00:59:23.829+0000][1692535][info ][gc,phases   ] GC(283)   Other: 0.0ms
[2025-08-21T00:59:23.829+0000][1692535][trace][gc,age      ] GC(283) Age table with threshold 15 (max threshold 15)
[2025-08-21T00:59:23.829+0000][1692535][trace][gc,age      ] GC(283) - age   1:      26816 bytes,      26816 total
[2025-08-21T00:59:23.829+0000][1692535][trace][gc,age      ] GC(283) - age   2:        352 bytes,      27168 total
[2025-08-21T00:59:23.829+0000][1692535][trace][gc,age      ] GC(283) - age  11:       5056 bytes,      32224 total
[2025-08-21T00:59:23.829+0000][1692535][info ][gc,heap     ] GC(283) Eden regions: 75->0(75)
[2025-08-21T00:59:23.829+0000][1692535][info ][gc,heap     ] GC(283) Survivor regions: 1->1(10)
[2025-08-21T00:59:23.829+0000][1692535][info ][gc,heap     ] GC(283) Old regions: 22->22
[2025-08-21T00:59:23.829+0000][1692535][info ][gc,heap     ] GC(283) Humongous regions: 0->0
[2025-08-21T00:59:23.829+0000][1692535][info ][gc,metaspace] GC(283) Metaspace: 137942K(143808K)->137942K(143808K) NonClass: 119725K(123328K)->119725K(123328K) Class: 18216K(20480K)->18216K(20480K)
[2025-08-21T00:59:23.829+0000][1692535][info ][gc          ] GC(283) Pause Young (Normal) (G1 Evacuation Pause) 386M->86M(512M) 2.020ms
[2025-08-21T00:59:23.829+0000][1692535][info ][gc,cpu      ] GC(283) User=0.00s Sys=0.00s Real=0.00s
[2025-08-21T00:59:23.829+0000][1692535][info ][safepoint   ] Safepoint "G1CollectForAllocation", Time since last: 708272425884 ns, Reaching safepoint: 7882 ns, Cleanup: 3986 ns, At safepoint: 2054432 ns, Total: 2066300 ns
[2025-08-21T01:11:06.241+0000][1692535][info ][gc,start    ] GC(284) Pause Young (Normal) (G1 Evacuation Pause)
[2025-08-21T01:11:06.241+0000][1692535][info ][gc,task     ] GC(284) Using 1 workers of 1 for evacuation
[2025-08-21T01:11:06.241+0000][1692535][debug][gc,age      ] GC(284) Desired survivor size 20971520 bytes, new threshold 15 (max threshold 15)
[2025-08-21T01:11:06.243+0000][1692535][info ][gc,phases   ] GC(284)   Pre Evacuate Collection Set: 0.0ms
[2025-08-21T01:11:06.243+0000][1692535][info ][gc,phases   ] GC(284)   Merge Heap Roots: 0.0ms
[2025-08-21T01:11:06.243+0000][1692535][info ][gc,phases   ] GC(284)   Evacuate Collection Set: 0.6ms
[2025-08-21T01:11:06.243+0000][1692535][info ][gc,phases   ] GC(284)   Post Evacuate Collection Set: 0.7ms
[2025-08-21T01:11:06.243+0000][1692535][info ][gc,phases   ] GC(284)   Other: 0.0ms
[2025-08-21T01:11:06.243+0000][1692535][trace][gc,age      ] GC(284) Age table with threshold 15 (max threshold 15)
[2025-08-21T01:11:06.243+0000][1692535][trace][gc,age      ] GC(284) - age   1:       9600 bytes,       9600 total
[2025-08-21T01:11:06.243+0000][1692535][trace][gc,age      ] GC(284) - age   2:        176 bytes,       9776 total
[2025-08-21T01:11:06.243+0000][1692535][trace][gc,age      ] GC(284) - age   3:        176 bytes,       9952 total
[2025-08-21T01:11:06.243+0000][1692535][trace][gc,age      ] GC(284) - age  12:       5056 bytes,      15008 total
[2025-08-21T01:11:06.243+0000][1692535][info ][gc,heap     ] GC(284) Eden regions: 75->0(75)
[2025-08-21T01:11:06.243+0000][1692535][info ][gc,heap     ] GC(284) Survivor regions: 1->1(10)
[2025-08-21T01:11:06.243+0000][1692535][info ][gc,heap     ] GC(284) Old regions: 22->22
[2025-08-21T01:11:06.243+0000][1692535][info ][gc,heap     ] GC(284) Humongous regions: 0->0
[2025-08-21T01:11:06.243+0000][1692535][info ][gc,metaspace] GC(284) Metaspace: 137942K(143808K)->137942K(143808K) NonClass: 119725K(123328K)->119725K(123328K) Class: 18216K(20480K)->18216K(20480K)
[2025-08-21T01:11:06.243+0000][1692535][info ][gc          ] GC(284) Pause Young (Normal) (G1 Evacuation Pause) 386M->86M(512M) 1.641ms
[2025-08-21T01:11:06.243+0000][1692535][info ][gc,cpu      ] GC(284) User=0.00s Sys=0.00s Real=0.00s
[2025-08-21T01:11:06.243+0000][1692535][info ][safepoint   ] Safepoint "G1CollectForAllocation", Time since last: 702411966098 ns, Reaching safepoint: 6800 ns, Cleanup: 3406 ns, At safepoint: 1672675 ns, Total: 1682881 ns
[2025-08-21T01:16:02.260+0000][1692535][info ][safepoint   ] Safepoint "Cleanup", Time since last: 296016881260 ns, Reaching safepoint: 43505 ns, Cleanup: 10787 ns, At safepoint: 5047 ns, Total: 59339 ns
[2025-08-21T01:18:02.267+0000][1692535][info ][safepoint   ] Safepoint "Cleanup", Time since last: 120007464593 ns, Reaching safepoint: 43196 ns, Cleanup: 11858 ns, At safepoint: 5017 ns, Total: 60071 ns
[2025-08-21T01:22:51.794+0000][1692535][info ][gc,start    ] GC(285) Pause Young (Normal) (G1 Evacuation Pause)
[2025-08-21T01:22:51.794+0000][1692535][info ][gc,task     ] GC(285) Using 1 workers of 1 for evacuation
[2025-08-21T01:22:51.794+0000][1692535][debug][gc,age      ] GC(285) Desired survivor size 20971520 bytes, new threshold 15 (max threshold 15)
[2025-08-21T01:22:51.797+0000][1692535][info ][gc,phases   ] GC(285)   Pre Evacuate Collection Set: 0.0ms
[2025-08-21T01:22:51.797+0000][1692535][info ][gc,phases   ] GC(285)   Merge Heap Roots: 0.0ms
[2025-08-21T01:22:51.797+0000][1692535][info ][gc,phases   ] GC(285)   Evacuate Collection Set: 0.6ms
[2025-08-21T01:22:51.797+0000][1692535][info ][gc,phases   ] GC(285)   Post Evacuate Collection Set: 2.2ms
[2025-08-21T01:22:51.797+0000][1692535][info ][gc,phases   ] GC(285)   Other: 0.0ms
[2025-08-21T01:22:51.797+0000][1692535][trace][gc,age      ] GC(285) Age table with threshold 15 (max threshold 15)
[2025-08-21T01:22:51.797+0000][1692535][trace][gc,age      ] GC(285) - age   1:      11064 bytes,      11064 total
[2025-08-21T01:22:51.797+0000][1692535][trace][gc,age      ] GC(285) - age   2:        248 bytes,      11312 total
[2025-08-21T01:22:51.797+0000][1692535][trace][gc,age      ] GC(285) - age   4:        176 bytes,      11488 total
[2025-08-21T01:22:51.797+0000][1692535][trace][gc,age      ] GC(285) - age  13:       5056 bytes,      16544 total
[2025-08-21T01:22:51.797+0000][1692535][info ][gc,heap     ] GC(285) Eden regions: 75->0(75)
[2025-08-21T01:22:51.797+0000][1692535][info ][gc,heap     ] GC(285) Survivor regions: 1->1(10)
[2025-08-21T01:22:51.797+0000][1692535][info ][gc,heap     ] GC(285) Old regions: 22->22
[2025-08-21T01:22:51.797+0000][1692535][info ][gc,heap     ] GC(285) Humongous regions: 0->0
[2025-08-21T01:22:51.797+0000][1692535][info ][gc,metaspace] GC(285) Metaspace: 137942K(143808K)->137942K(143808K) NonClass: 119725K(123328K)->119725K(123328K) Class: 18216K(20480K)->18216K(20480K)
[2025-08-21T01:22:51.797+0000][1692535][info ][gc          ] GC(285) Pause Young (Normal) (G1 Evacuation Pause) 386M->86M(512M) 3.162ms
[2025-08-21T01:22:51.797+0000][1692535][info ][gc,cpu      ] GC(285) User=0.00s Sys=0.00s Real=0.01s
[2025-08-21T01:22:51.797+0000][1692535][info ][safepoint   ] Safepoint "G1CollectForAllocation", Time since last: 289526697708 ns, Reaching safepoint: 7281 ns, Cleanup: 2904 ns, At safepoint: 3197989 ns, Total: 3208174 ns
[2025-08-21T01:34:37.406+0000][1692535][info ][gc,start    ] GC(286) Pause Young (Normal) (G1 Evacuation Pause)
[2025-08-21T01:34:37.406+0000][1692535][info ][gc,task     ] GC(286) Using 1 workers of 1 for evacuation
[2025-08-21T01:34:37.406+0000][1692535][debug][gc,age      ] GC(286) Desired survivor size 20971520 bytes, new threshold 15 (max threshold 15)
[2025-08-21T01:34:37.408+0000][1692535][info ][gc,phases   ] GC(286)   Pre Evacuate Collection Set: 0.0ms
[2025-08-21T01:34:37.408+0000][1692535][info ][gc,phases   ] GC(286)   Merge Heap Roots: 0.0ms
[2025-08-21T01:34:37.408+0000][1692535][info ][gc,phases   ] GC(286)   Evacuate Collection Set: 0.7ms
[2025-08-21T01:34:37.408+0000][1692535][info ][gc,phases   ] GC(286)   Post Evacuate Collection Set: 0.8ms
[2025-08-21T01:34:37.408+0000][1692535][info ][gc,phases   ] GC(286)   Other: 0.1ms
[2025-08-21T01:34:37.408+0000][1692535][trace][gc,age      ] GC(286) Age table with threshold 15 (max threshold 15)
[2025-08-21T01:34:37.408+0000][1692535][trace][gc,age      ] GC(286) - age   1:      95592 bytes,      95592 total
[2025-08-21T01:34:37.408+0000][1692535][trace][gc,age      ] GC(286) - age   3:        248 bytes,      95840 total
[2025-08-21T01:34:37.408+0000][1692535][trace][gc,age      ] GC(286) - age   5:        176 bytes,      96016 total
[2025-08-21T01:34:37.408+0000][1692535][trace][gc,age      ] GC(286) - age  14:       5056 bytes,     101072 total
[2025-08-21T01:34:37.408+0000][1692535][info ][gc,heap     ] GC(286) Eden regions: 75->0(75)
[2025-08-21T01:34:37.408+0000][1692535][info ][gc,heap     ] GC(286) Survivor regions: 1->1(10)
[2025-08-21T01:34:37.408+0000][1692535][info ][gc,heap     ] GC(286) Old regions: 22->22
[2025-08-21T01:34:37.408+0000][1692535][info ][gc,heap     ] GC(286) Humongous regions: 0->0
[2025-08-21T01:34:37.408+0000][1692535][info ][gc,metaspace] GC(286) Metaspace: 137943K(143808K)->137943K(143808K) NonClass: 119727K(123328K)->119727K(123328K) Class: 18216K(20480K)->18216K(20480K)
[2025-08-21T01:34:37.408+0000][1692535][info ][gc          ] GC(286) Pause Young (Normal) (G1 Evacuation Pause) 386M->86M(512M) 2.011ms
[2025-08-21T01:34:37.408+0000][1692535][info ][gc,cpu      ] GC(286) User=0.00s Sys=0.00s Real=0.00s
[2025-08-21T01:34:37.408+0000][1692535][info ][safepoint   ] Safepoint "G1CollectForAllocation", Time since last: 705608857645 ns, Reaching safepoint: 7432 ns, Cleanup: 3575 ns, At safepoint: 2044958 ns, Total: 2055965 ns
[2025-08-21T01:46:22.940+0000][1692535][info ][gc,start    ] GC(287) Pause Young (Normal) (G1 Evacuation Pause)
[2025-08-21T01:46:22.940+0000][1692535][info ][gc,task     ] GC(287) Using 1 workers of 1 for evacuation
[2025-08-21T01:46:22.940+0000][1692535][debug][gc,age      ] GC(287) Desired survivor size 20971520 bytes, new threshold 15 (max threshold 15)
[2025-08-21T01:46:22.943+0000][1692535][info ][gc,phases   ] GC(287)   Pre Evacuate Collection Set: 0.0ms
[2025-08-21T01:46:22.943+0000][1692535][info ][gc,phases   ] GC(287)   Merge Heap Roots: 0.0ms
[2025-08-21T01:46:22.943+0000][1692535][info ][gc,phases   ] GC(287)   Evacuate Collection Set: 0.6ms
[2025-08-21T01:46:22.943+0000][1692535][info ][gc,phases   ] GC(287)   Post Evacuate Collection Set: 2.5ms
[2025-08-21T01:46:22.943+0000][1692535][info ][gc,phases   ] GC(287)   Other: 0.0ms
[2025-08-21T01:46:22.943+0000][1692535][trace][gc,age      ] GC(287) Age table with threshold 15 (max threshold 15)
[2025-08-21T01:46:22.943+0000][1692535][trace][gc,age      ] GC(287) - age   1:      11240 bytes,      11240 total
[2025-08-21T01:46:22.943+0000][1692535][trace][gc,age      ] GC(287) - age   2:       3200 bytes,      14440 total
[2025-08-21T01:46:22.943+0000][1692535][trace][gc,age      ] GC(287) - age   4:        248 bytes,      14688 total
[2025-08-21T01:46:22.943+0000][1692535][trace][gc,age      ] GC(287) - age  15:       5056 bytes,      19744 total
[2025-08-21T01:46:22.943+0000][1692535][info ][gc,heap     ] GC(287) Eden regions: 75->0(75)
[2025-08-21T01:46:22.943+0000][1692535][info ][gc,heap     ] GC(287) Survivor regions: 1->1(10)
[2025-08-21T01:46:22.943+0000][1692535][info ][gc,heap     ] GC(287) Old regions: 22->22
[2025-08-21T01:46:22.943+0000][1692535][info ][gc,heap     ] GC(287) Humongous regions: 0->0
[2025-08-21T01:46:22.943+0000][1692535][info ][gc,metaspace] GC(287) Metaspace: 137943K(143808K)->137943K(143808K) NonClass: 119727K(123328K)->119727K(123328K) Class: 18216K(20480K)->18216K(20480K)
[2025-08-21T01:46:22.943+0000][1692535][info ][gc          ] GC(287) Pause Young (Normal) (G1 Evacuation Pause) 386M->86M(512M) 3.521ms
[2025-08-21T01:46:22.943+0000][1692535][info ][gc,cpu      ] GC(287) User=0.00s Sys=0.00s Real=0.00s
[2025-08-21T01:46:22.943+0000][1692535][info ][safepoint   ] Safepoint "G1CollectForAllocation", Time since last: 705531861240 ns, Reaching safepoint: 7071 ns, Cleanup: 3014 ns, At safepoint: 3557202 ns, Total: 3567287 ns
[2025-08-21T01:58:08.368+0000][1692535][info ][gc,start    ] GC(288) Pause Young (Normal) (G1 Evacuation Pause)
[2025-08-21T01:58:08.368+0000][1692535][info ][gc,task     ] GC(288) Using 1 workers of 1 for evacuation
[2025-08-21T01:58:08.368+0000][1692535][debug][gc,age      ] GC(288) Desired survivor size 20971520 bytes, new threshold 15 (max threshold 15)
[2025-08-21T01:58:08.370+0000][1692535][info ][gc,phases   ] GC(288)   Pre Evacuate Collection Set: 0.0ms
[2025-08-21T01:58:08.370+0000][1692535][info ][gc,phases   ] GC(288)   Merge Heap Roots: 0.0ms
[2025-08-21T01:58:08.370+0000][1692535][info ][gc,phases   ] GC(288)   Evacuate Collection Set: 0.6ms
[2025-08-21T01:58:08.370+0000][1692535][info ][gc,phases   ] GC(288)   Post Evacuate Collection Set: 1.0ms
[2025-08-21T01:58:08.370+0000][1692535][info ][gc,phases   ] GC(288)   Other: 0.0ms
[2025-08-21T01:58:08.370+0000][1692535][trace][gc,age      ] GC(288) Age table with threshold 15 (max threshold 15)
[2025-08-21T01:58:08.370+0000][1692535][trace][gc,age      ] GC(288) - age   1:      10856 bytes,      10856 total
[2025-08-21T01:58:08.370+0000][1692535][trace][gc,age      ] GC(288) - age   2:        352 bytes,      11208 total
[2025-08-21T01:58:08.370+0000][1692535][trace][gc,age      ] GC(288) - age   3:       3024 bytes,      14232 total
[2025-08-21T01:58:08.370+0000][1692535][trace][gc,age      ] GC(288) - age   5:        248 bytes,      14480 total
[2025-08-21T01:58:08.370+0000][1692535][info ][gc,heap     ] GC(288) Eden regions: 75->0(75)
[2025-08-21T01:58:08.370+0000][1692535][info ][gc,heap     ] GC(288) Survivor regions: 1->1(10)
[2025-08-21T01:58:08.370+0000][1692535][info ][gc,heap     ] GC(288) Old regions: 22->22
[2025-08-21T01:58:08.370+0000][1692535][info ][gc,heap     ] GC(288) Humongous regions: 0->0
[2025-08-21T01:58:08.370+0000][1692535][info ][gc,metaspace] GC(288) Metaspace: 137943K(143808K)->137943K(143808K) NonClass: 119727K(123328K)->119727K(123328K) Class: 18216K(20480K)->18216K(20480K)
[2025-08-21T01:58:08.370+0000][1692535][info ][gc          ] GC(288) Pause Young (Normal) (G1 Evacuation Pause) 386M->86M(512M) 1.983ms
[2025-08-21T01:58:08.370+0000][1692535][info ][gc,cpu      ] GC(288) User=0.00s Sys=0.00s Real=0.00s
[2025-08-21T01:58:08.370+0000][1692535][info ][safepoint   ] Safepoint "G1CollectForAllocation", Time since last: 705424488025 ns, Reaching safepoint: 7181 ns, Cleanup: 2654 ns, At safepoint: 2017837 ns, Total: 2027672 ns
[2025-08-21T02:09:53.717+0000][1692535][info ][gc,start    ] GC(289) Pause Young (Normal) (G1 Evacuation Pause)
[2025-08-21T02:09:53.718+0000][1692535][info ][gc,task     ] GC(289) Using 1 workers of 1 for evacuation
[2025-08-21T02:09:53.718+0000][1692535][debug][gc,age      ] GC(289) Desired survivor size 20971520 bytes, new threshold 15 (max threshold 15)
[2025-08-21T02:09:53.719+0000][1692535][info ][gc,phases   ] GC(289)   Pre Evacuate Collection Set: 0.0ms
[2025-08-21T02:09:53.719+0000][1692535][info ][gc,phases   ] GC(289)   Merge Heap Roots: 0.0ms
[2025-08-21T02:09:53.719+0000][1692535][info ][gc,phases   ] GC(289)   Evacuate Collection Set: 0.6ms
[2025-08-21T02:09:53.719+0000][1692535][info ][gc,phases   ] GC(289)   Post Evacuate Collection Set: 0.7ms
[2025-08-21T02:09:53.719+0000][1692535][info ][gc,phases   ] GC(289)   Other: 0.0ms
[2025-08-21T02:09:53.719+0000][1692535][trace][gc,age      ] GC(289) Age table with threshold 15 (max threshold 15)
[2025-08-21T02:09:53.719+0000][1692535][trace][gc,age      ] GC(289) - age   1:       9480 bytes,       9480 total
[2025-08-21T02:09:53.719+0000][1692535][trace][gc,age      ] GC(289) - age   3:        176 bytes,       9656 total
[2025-08-21T02:09:53.719+0000][1692535][trace][gc,age      ] GC(289) - age   4:       3024 bytes,      12680 total
[2025-08-21T02:09:53.719+0000][1692535][trace][gc,age      ] GC(289) - age   6:        248 bytes,      12928 total
[2025-08-21T02:09:53.719+0000][1692535][info ][gc,heap     ] GC(289) Eden regions: 75->0(75)
[2025-08-21T02:09:53.719+0000][1692535][info ][gc,heap     ] GC(289) Survivor regions: 1->1(10)
[2025-08-21T02:09:53.719+0000][1692535][info ][gc,heap     ] GC(289) Old regions: 22->22
[2025-08-21T02:09:53.719+0000][1692535][info ][gc,heap     ] GC(289) Humongous regions: 0->0
[2025-08-21T02:09:53.719+0000][1692535][info ][gc,metaspace] GC(289) Metaspace: 137943K(143808K)->137943K(143808K) NonClass: 119727K(123328K)->119727K(123328K) Class: 18216K(20480K)->18216K(20480K)
[2025-08-21T02:09:53.719+0000][1692535][info ][gc          ] GC(289) Pause Young (Normal) (G1 Evacuation Pause) 386M->86M(512M) 1.944ms
[2025-08-21T02:09:53.719+0000][1692535][info ][gc,cpu      ] GC(289) User=0.01s Sys=0.00s Real=0.00s
[2025-08-21T02:09:53.719+0000][1692535][info ][safepoint   ] Safepoint "G1CollectForAllocation", Time since last: 705347172392 ns, Reaching safepoint: 9344 ns, Cleanup: 3966 ns, At safepoint: 1976645 ns, Total: 1989955 ns
[2025-08-21T02:21:38.448+0000][1692535][info ][gc,start    ] GC(290) Pause Young (Normal) (G1 Evacuation Pause)
[2025-08-21T02:21:38.449+0000][1692535][info ][gc,task     ] GC(290) Using 1 workers of 1 for evacuation
[2025-08-21T02:21:38.449+0000][1692535][debug][gc,age      ] GC(290) Desired survivor size 20971520 bytes, new threshold 15 (max threshold 15)
[2025-08-21T02:21:38.450+0000][1692535][info ][gc,phases   ] GC(290)   Pre Evacuate Collection Set: 0.0ms
[2025-08-21T02:21:38.450+0000][1692535][info ][gc,phases   ] GC(290)   Merge Heap Roots: 0.0ms
[2025-08-21T02:21:38.450+0000][1692535][info ][gc,phases   ] GC(290)   Evacuate Collection Set: 0.6ms
[2025-08-21T02:21:38.450+0000][1692535][info ][gc,phases   ] GC(290)   Post Evacuate Collection Set: 0.7ms
[2025-08-21T02:21:38.450+0000][1692535][info ][gc,phases   ] GC(290)   Other: 0.0ms
[2025-08-21T02:21:38.450+0000][1692535][trace][gc,age      ] GC(290) Age table with threshold 15 (max threshold 15)
[2025-08-21T02:21:38.450+0000][1692535][trace][gc,age      ] GC(290) - age   1:       9520 bytes,       9520 total
[2025-08-21T02:21:38.450+0000][1692535][trace][gc,age      ] GC(290) - age   4:        176 bytes,       9696 total
[2025-08-21T02:21:38.450+0000][1692535][trace][gc,age      ] GC(290) - age   5:       3024 bytes,      12720 total
[2025-08-21T02:21:38.450+0000][1692535][trace][gc,age      ] GC(290) - age   7:        248 bytes,      12968 total
[2025-08-21T02:21:38.450+0000][1692535][info ][gc,heap     ] GC(290) Eden regions: 75->0(75)
[2025-08-21T02:21:38.450+0000][1692535][info ][gc,heap     ] GC(290) Survivor regions: 1->1(10)
[2025-08-21T02:21:38.450+0000][1692535][info ][gc,heap     ] GC(290) Old regions: 22->22
[2025-08-21T02:21:38.450+0000][1692535][info ][gc,heap     ] GC(290) Humongous regions: 0->0
[2025-08-21T02:21:38.450+0000][1692535][info ][gc,metaspace] GC(290) Metaspace: 137943K(143808K)->137943K(143808K) NonClass: 119727K(123328K)->119727K(123328K) Class: 18216K(20480K)->18216K(20480K)
[2025-08-21T02:21:38.450+0000][1692535][info ][gc          ] GC(290) Pause Young (Normal) (G1 Evacuation Pause) 386M->86M(512M) 1.994ms
[2025-08-21T02:21:38.450+0000][1692535][info ][gc,cpu      ] GC(290) User=0.00s Sys=0.01s Real=0.00s
[2025-08-21T02:21:38.450+0000][1692535][info ][safepoint   ] Safepoint "G1CollectForAllocation", Time since last: 704729046906 ns, Reaching safepoint: 7011 ns, Cleanup: 3024 ns, At safepoint: 2028874 ns, Total: 2038909 ns
[2025-08-21T02:33:19.671+0000][1692535][info ][gc,start    ] GC(291) Pause Young (Normal) (G1 Evacuation Pause)
[2025-08-21T02:33:19.671+0000][1692535][info ][gc,task     ] GC(291) Using 1 workers of 1 for evacuation
[2025-08-21T02:33:19.671+0000][1692535][debug][gc,age      ] GC(291) Desired survivor size 20971520 bytes, new threshold 15 (max threshold 15)
[2025-08-21T02:33:19.673+0000][1692535][info ][gc,phases   ] GC(291)   Pre Evacuate Collection Set: 0.0ms
[2025-08-21T02:33:19.673+0000][1692535][info ][gc,phases   ] GC(291)   Merge Heap Roots: 0.0ms
[2025-08-21T02:33:19.673+0000][1692535][info ][gc,phases   ] GC(291)   Evacuate Collection Set: 0.6ms
[2025-08-21T02:33:19.673+0000][1692535][info ][gc,phases   ] GC(291)   Post Evacuate Collection Set: 0.9ms
[2025-08-21T02:33:19.673+0000][1692535][info ][gc,phases   ] GC(291)   Other: 0.0ms
[2025-08-21T02:33:19.673+0000][1692535][trace][gc,age      ] GC(291) Age table with threshold 15 (max threshold 15)
[2025-08-21T02:33:19.673+0000][1692535][trace][gc,age      ] GC(291) - age   1:       9512 bytes,       9512 total
[2025-08-21T02:33:19.673+0000][1692535][trace][gc,age      ] GC(291) - age   5:        176 bytes,       9688 total
[2025-08-21T02:33:19.673+0000][1692535][trace][gc,age      ] GC(291) - age   6:       3024 bytes,      12712 total
[2025-08-21T02:33:19.673+0000][1692535][trace][gc,age      ] GC(291) - age   8:        248 bytes,      12960 total
[2025-08-21T02:33:19.673+0000][1692535][info ][gc,heap     ] GC(291) Eden regions: 75->0(75)
[2025-08-21T02:33:19.673+0000][1692535][info ][gc,heap     ] GC(291) Survivor regions: 1->1(10)
[2025-08-21T02:33:19.673+0000][1692535][info ][gc,heap     ] GC(291) Old regions: 22->22
[2025-08-21T02:33:19.673+0000][1692535][info ][gc,heap     ] GC(291) Humongous regions: 0->0
[2025-08-21T02:33:19.673+0000][1692535][info ][gc,metaspace] GC(291) Metaspace: 137943K(143808K)->137943K(143808K) NonClass: 119727K(123328K)->119727K(123328K) Class: 18216K(20480K)->18216K(20480K)
[2025-08-21T02:33:19.673+0000][1692535][info ][gc          ] GC(291) Pause Young (Normal) (G1 Evacuation Pause) 386M->86M(512M) 1.838ms
[2025-08-21T02:33:19.673+0000][1692535][info ][gc,cpu      ] GC(291) User=0.00s Sys=0.00s Real=0.00s
[2025-08-21T02:33:19.673+0000][1692535][info ][safepoint   ] Safepoint "G1CollectForAllocation", Time since last: 701221052854 ns, Reaching safepoint: 8764 ns, Cleanup: 3094 ns, At safepoint: 1870264 ns, Total: 1882122 ns
[2025-08-21T02:45:05.120+0000][1692535][info ][gc,start    ] GC(292) Pause Young (Normal) (G1 Evacuation Pause)
[2025-08-21T02:45:05.120+0000][1692535][info ][gc,task     ] GC(292) Using 1 workers of 1 for evacuation
[2025-08-21T02:45:05.120+0000][1692535][debug][gc,age      ] GC(292) Desired survivor size 20971520 bytes, new threshold 15 (max threshold 15)
[2025-08-21T02:45:05.122+0000][1692535][info ][gc,phases   ] GC(292)   Pre Evacuate Collection Set: 0.0ms
[2025-08-21T02:45:05.122+0000][1692535][info ][gc,phases   ] GC(292)   Merge Heap Roots: 0.0ms
[2025-08-21T02:45:05.122+0000][1692535][info ][gc,phases   ] GC(292)   Evacuate Collection Set: 0.6ms
[2025-08-21T02:45:05.122+0000][1692535][info ][gc,phases   ] GC(292)   Post Evacuate Collection Set: 0.9ms
[2025-08-21T02:45:05.122+0000][1692535][info ][gc,phases   ] GC(292)   Other: 0.0ms
[2025-08-21T02:45:05.122+0000][1692535][trace][gc,age      ] GC(292) Age table with threshold 15 (max threshold 15)
[2025-08-21T02:45:05.122+0000][1692535][trace][gc,age      ] GC(292) - age   1:       9512 bytes,       9512 total
[2025-08-21T02:45:05.122+0000][1692535][trace][gc,age      ] GC(292) - age   2:        176 bytes,       9688 total
[2025-08-21T02:45:05.122+0000][1692535][trace][gc,age      ] GC(292) - age   7:       3024 bytes,      12712 total
[2025-08-21T02:45:05.122+0000][1692535][trace][gc,age      ] GC(292) - age   9:        248 bytes,      12960 total
[2025-08-21T02:45:05.122+0000][1692535][info ][gc,heap     ] GC(292) Eden regions: 75->0(75)
[2025-08-21T02:45:05.122+0000][1692535][info ][gc,heap     ] GC(292) Survivor regions: 1->1(10)
[2025-08-21T02:45:05.122+0000][1692535][info ][gc,heap     ] GC(292) Old regions: 22->22
[2025-08-21T02:45:05.122+0000][1692535][info ][gc,heap     ] GC(292) Humongous regions: 0->0
[2025-08-21T02:45:05.122+0000][1692535][info ][gc,metaspace] GC(292) Metaspace: 137943K(143808K)->137943K(143808K) NonClass: 119727K(123328K)->119727K(123328K) Class: 18216K(20480K)->18216K(20480K)
[2025-08-21T02:45:05.122+0000][1692535][info ][gc          ] GC(292) Pause Young (Normal) (G1 Evacuation Pause) 386M->86M(512M) 1.859ms
[2025-08-21T02:45:05.122+0000][1692535][info ][gc,cpu      ] GC(292) User=0.00s Sys=0.00s Real=0.00s
[2025-08-21T02:45:05.122+0000][1692535][info ][safepoint   ] Safepoint "G1CollectForAllocation", Time since last: 705446780684 ns, Reaching safepoint: 7331 ns, Cleanup: 3436 ns, At safepoint: 1892718 ns, Total: 1903485 ns
[2025-08-21T02:56:50.557+0000][1692535][info ][gc,start    ] GC(293) Pause Young (Normal) (G1 Evacuation Pause)
[2025-08-21T02:56:50.557+0000][1692535][info ][gc,task     ] GC(293) Using 1 workers of 1 for evacuation
[2025-08-21T02:56:50.557+0000][1692535][debug][gc,age      ] GC(293) Desired survivor size 20971520 bytes, new threshold 15 (max threshold 15)
[2025-08-21T02:56:50.559+0000][1692535][info ][gc,phases   ] GC(293)   Pre Evacuate Collection Set: 0.0ms
[2025-08-21T02:56:50.559+0000][1692535][info ][gc,phases   ] GC(293)   Merge Heap Roots: 0.0ms
[2025-08-21T02:56:50.559+0000][1692535][info ][gc,phases   ] GC(293)   Evacuate Collection Set: 0.6ms
[2025-08-21T02:56:50.559+0000][1692535][info ][gc,phases   ] GC(293)   Post Evacuate Collection Set: 1.0ms
[2025-08-21T02:56:50.559+0000][1692535][info ][gc,phases   ] GC(293)   Other: 0.0ms
[2025-08-21T02:56:50.559+0000][1692535][trace][gc,age      ] GC(293) Age table with threshold 15 (max threshold 15)
[2025-08-21T02:56:50.559+0000][1692535][trace][gc,age      ] GC(293) - age   1:      10880 bytes,      10880 total
[2025-08-21T02:56:50.559+0000][1692535][trace][gc,age      ] GC(293) - age   2:        352 bytes,      11232 total
[2025-08-21T02:56:50.559+0000][1692535][trace][gc,age      ] GC(293) - age   8:       3024 bytes,      14256 total
[2025-08-21T02:56:50.559+0000][1692535][trace][gc,age      ] GC(293) - age  10:        248 bytes,      14504 total
[2025-08-21T02:56:50.559+0000][1692535][info ][gc,heap     ] GC(293) Eden regions: 75->0(75)
[2025-08-21T02:56:50.559+0000][1692535][info ][gc,heap     ] GC(293) Survivor regions: 1->1(10)
[2025-08-21T02:56:50.559+0000][1692535][info ][gc,heap     ] GC(293) Old regions: 22->22
[2025-08-21T02:56:50.559+0000][1692535][info ][gc,heap     ] GC(293) Humongous regions: 0->0
[2025-08-21T02:56:50.559+0000][1692535][info ][gc,metaspace] GC(293) Metaspace: 137943K(143808K)->137943K(143808K) NonClass: 119727K(123328K)->119727K(123328K) Class: 18216K(20480K)->18216K(20480K)
[2025-08-21T02:56:50.559+0000][1692535][info ][gc          ] GC(293) Pause Young (Normal) (G1 Evacuation Pause) 386M->86M(512M) 1.966ms
[2025-08-21T02:56:50.559+0000][1692535][info ][gc,cpu      ] GC(293) User=0.00s Sys=0.00s Real=0.00s
[2025-08-21T02:56:50.559+0000][1692535][info ][safepoint   ] Safepoint "G1CollectForAllocation", Time since last: 705435022793 ns, Reaching safepoint: 7041 ns, Cleanup: 2844 ns, At safepoint: 1999369 ns, Total: 2009254 ns
[2025-08-21T03:08:35.902+0000][1692535][info ][gc,start    ] GC(294) Pause Young (Normal) (G1 Evacuation Pause)
[2025-08-21T03:08:35.903+0000][1692535][info ][gc,task     ] GC(294) Using 1 workers of 1 for evacuation
[2025-08-21T03:08:35.903+0000][1692535][debug][gc,age      ] GC(294) Desired survivor size 20971520 bytes, new threshold 15 (max threshold 15)
[2025-08-21T03:08:35.904+0000][1692535][info ][gc,phases   ] GC(294)   Pre Evacuate Collection Set: 0.0ms
[2025-08-21T03:08:35.904+0000][1692535][info ][gc,phases   ] GC(294)   Merge Heap Roots: 0.0ms
[2025-08-21T03:08:35.904+0000][1692535][info ][gc,phases   ] GC(294)   Evacuate Collection Set: 0.6ms
[2025-08-21T03:08:35.904+0000][1692535][info ][gc,phases   ] GC(294)   Post Evacuate Collection Set: 0.7ms
[2025-08-21T03:08:35.904+0000][1692535][info ][gc,phases   ] GC(294)   Other: 0.0ms
[2025-08-21T03:08:35.904+0000][1692535][trace][gc,age      ] GC(294) Age table with threshold 15 (max threshold 15)
[2025-08-21T03:08:35.904+0000][1692535][trace][gc,age      ] GC(294) - age   1:       9632 bytes,       9632 total
[2025-08-21T03:08:35.904+0000][1692535][trace][gc,age      ] GC(294) - age   3:        176 bytes,       9808 total
[2025-08-21T03:08:35.904+0000][1692535][trace][gc,age      ] GC(294) - age   9:       3024 bytes,      12832 total
[2025-08-21T03:08:35.904+0000][1692535][trace][gc,age      ] GC(294) - age  11:        248 bytes,      13080 total
[2025-08-21T03:08:35.904+0000][1692535][info ][gc,heap     ] GC(294) Eden regions: 75->0(75)
[2025-08-21T03:08:35.904+0000][1692535][info ][gc,heap     ] GC(294) Survivor regions: 1->1(10)
[2025-08-21T03:08:35.904+0000][1692535][info ][gc,heap     ] GC(294) Old regions: 22->22
[2025-08-21T03:08:35.904+0000][1692535][info ][gc,heap     ] GC(294) Humongous regions: 0->0
[2025-08-21T03:08:35.904+0000][1692535][info ][gc,metaspace] GC(294) Metaspace: 137943K(143808K)->137943K(143808K) NonClass: 119727K(123328K)->119727K(123328K) Class: 18216K(20480K)->18216K(20480K)
[2025-08-21T03:08:35.904+0000][1692535][info ][gc          ] GC(294) Pause Young (Normal) (G1 Evacuation Pause) 386M->86M(512M) 2.101ms
[2025-08-21T03:08:35.904+0000][1692535][info ][gc,cpu      ] GC(294) User=0.00s Sys=0.00s Real=0.00s
[2025-08-21T03:08:35.904+0000][1692535][info ][safepoint   ] Safepoint "G1CollectForAllocation", Time since last: 705343485683 ns, Reaching safepoint: 7021 ns, Cleanup: 3235 ns, At safepoint: 2136856 ns, Total: 2147112 ns
[2025-08-21T03:20:20.423+0000][1692535][info ][gc,start    ] GC(295) Pause Young (Normal) (G1 Evacuation Pause)
[2025-08-21T03:20:20.423+0000][1692535][info ][gc,task     ] GC(295) Using 1 workers of 1 for evacuation
[2025-08-21T03:20:20.423+0000][1692535][debug][gc,age      ] GC(295) Desired survivor size 20971520 bytes, new threshold 15 (max threshold 15)
[2025-08-21T03:20:20.424+0000][1692535][info ][gc,phases   ] GC(295)   Pre Evacuate Collection Set: 0.0ms
[2025-08-21T03:20:20.424+0000][1692535][info ][gc,phases   ] GC(295)   Merge Heap Roots: 0.0ms
[2025-08-21T03:20:20.424+0000][1692535][info ][gc,phases   ] GC(295)   Evacuate Collection Set: 0.7ms
[2025-08-21T03:20:20.424+0000][1692535][info ][gc,phases   ] GC(295)   Post Evacuate Collection Set: 0.7ms
[2025-08-21T03:20:20.424+0000][1692535][info ][gc,phases   ] GC(295)   Other: 0.0ms
[2025-08-21T03:20:20.424+0000][1692535][trace][gc,age      ] GC(295) Age table with threshold 15 (max threshold 15)
[2025-08-21T03:20:20.424+0000][1692535][trace][gc,age      ] GC(295) - age   1:      80464 bytes,      80464 total
[2025-08-21T03:20:20.424+0000][1692535][trace][gc,age      ] GC(295) - age   4:        176 bytes,      80640 total
[2025-08-21T03:20:20.424+0000][1692535][trace][gc,age      ] GC(295) - age  10:       3024 bytes,      83664 total
[2025-08-21T03:20:20.424+0000][1692535][trace][gc,age      ] GC(295) - age  12:        248 bytes,      83912 total
[2025-08-21T03:20:20.424+0000][1692535][info ][gc,heap     ] GC(295) Eden regions: 75->0(75)
[2025-08-21T03:20:20.424+0000][1692535][info ][gc,heap     ] GC(295) Survivor regions: 1->1(10)
[2025-08-21T03:20:20.424+0000][1692535][info ][gc,heap     ] GC(295) Old regions: 22->22
[2025-08-21T03:20:20.424+0000][1692535][info ][gc,heap     ] GC(295) Humongous regions: 0->0
[2025-08-21T03:20:20.424+0000][1692535][info ][gc,metaspace] GC(295) Metaspace: 137943K(143808K)->137943K(143808K) NonClass: 119727K(123328K)->119727K(123328K) Class: 18216K(20480K)->18216K(20480K)
[2025-08-21T03:20:20.425+0000][1692535][info ][gc          ] GC(295) Pause Young (Normal) (G1 Evacuation Pause) 386M->86M(512M) 1.987ms
[2025-08-21T03:20:20.425+0000][1692535][info ][gc,cpu      ] GC(295) User=0.00s Sys=0.00s Real=0.00s
[2025-08-21T03:20:20.425+0000][1692535][info ][safepoint   ] Safepoint "G1CollectForAllocation", Time since last: 704518028195 ns, Reaching safepoint: 8042 ns, Cleanup: 3536 ns, At safepoint: 2022754 ns, Total: 2034332 ns
[2025-08-21T03:32:01.864+0000][1692535][info ][gc,start    ] GC(296) Pause Young (Normal) (G1 Evacuation Pause)
[2025-08-21T03:32:01.864+0000][1692535][info ][gc,task     ] GC(296) Using 1 workers of 1 for evacuation
[2025-08-21T03:32:01.864+0000][1692535][debug][gc,age      ] GC(296) Desired survivor size 20971520 bytes, new threshold 15 (max threshold 15)
[2025-08-21T03:32:01.865+0000][1692535][info ][gc,phases   ] GC(296)   Pre Evacuate Collection Set: 0.0ms
[2025-08-21T03:32:01.865+0000][1692535][info ][gc,phases   ] GC(296)   Merge Heap Roots: 0.0ms
[2025-08-21T03:32:01.865+0000][1692535][info ][gc,phases   ] GC(296)   Evacuate Collection Set: 0.6ms
[2025-08-21T03:32:01.865+0000][1692535][info ][gc,phases   ] GC(296)   Post Evacuate Collection Set: 0.7ms
[2025-08-21T03:32:01.865+0000][1692535][info ][gc,phases   ] GC(296)   Other: 0.0ms
[2025-08-21T03:32:01.865+0000][1692535][trace][gc,age      ] GC(296) Age table with threshold 15 (max threshold 15)
[2025-08-21T03:32:01.865+0000][1692535][trace][gc,age      ] GC(296) - age   1:      10880 bytes,      10880 total
[2025-08-21T03:32:01.865+0000][1692535][trace][gc,age      ] GC(296) - age   2:        176 bytes,      11056 total
[2025-08-21T03:32:01.865+0000][1692535][trace][gc,age      ] GC(296) - age   5:        176 bytes,      11232 total
[2025-08-21T03:32:01.865+0000][1692535][trace][gc,age      ] GC(296) - age  11:       3024 bytes,      14256 total
[2025-08-21T03:32:01.865+0000][1692535][trace][gc,age      ] GC(296) - age  13:        248 bytes,      14504 total
[2025-08-21T03:32:01.865+0000][1692535][info ][gc,heap     ] GC(296) Eden regions: 75->0(75)
[2025-08-21T03:32:01.865+0000][1692535][info ][gc,heap     ] GC(296) Survivor regions: 1->1(10)
[2025-08-21T03:32:01.865+0000][1692535][info ][gc,heap     ] GC(296) Old regions: 22->22
[2025-08-21T03:32:01.865+0000][1692535][info ][gc,heap     ] GC(296) Humongous regions: 0->0
[2025-08-21T03:32:01.865+0000][1692535][info ][gc,metaspace] GC(296) Metaspace: 137943K(143808K)->137943K(143808K) NonClass: 119727K(123328K)->119727K(123328K) Class: 18216K(20480K)->18216K(20480K)
[2025-08-21T03:32:01.865+0000][1692535][info ][gc          ] GC(296) Pause Young (Normal) (G1 Evacuation Pause) 386M->86M(512M) 1.652ms
[2025-08-21T03:32:01.865+0000][1692535][info ][gc,cpu      ] GC(296) User=0.00s Sys=0.00s Real=0.01s
[2025-08-21T03:32:01.865+0000][1692535][info ][safepoint   ] Safepoint "G1CollectForAllocation", Time since last: 701439248109 ns, Reaching safepoint: 8883 ns, Cleanup: 2624 ns, At safepoint: 1685255 ns, Total: 1696762 ns
[2025-08-21T03:35:16.877+0000][1692535][info ][safepoint   ] Safepoint "Cleanup", Time since last: 195011731982 ns, Reaching safepoint: 45169 ns, Cleanup: 11217 ns, At safepoint: 5288 ns, Total: 61674 ns
[2025-08-21T03:43:47.303+0000][1692535][info ][gc,start    ] GC(297) Pause Young (Normal) (G1 Evacuation Pause)
[2025-08-21T03:43:47.303+0000][1692535][info ][gc,task     ] GC(297) Using 1 workers of 1 for evacuation
[2025-08-21T03:43:47.303+0000][1692535][debug][gc,age      ] GC(297) Desired survivor size 20971520 bytes, new threshold 15 (max threshold 15)
[2025-08-21T03:43:47.305+0000][1692535][info ][gc,phases   ] GC(297)   Pre Evacuate Collection Set: 0.0ms
[2025-08-21T03:43:47.305+0000][1692535][info ][gc,phases   ] GC(297)   Merge Heap Roots: 0.0ms
[2025-08-21T03:43:47.305+0000][1692535][info ][gc,phases   ] GC(297)   Evacuate Collection Set: 0.6ms
[2025-08-21T03:43:47.305+0000][1692535][info ][gc,phases   ] GC(297)   Post Evacuate Collection Set: 1.0ms
[2025-08-21T03:43:47.305+0000][1692535][info ][gc,phases   ] GC(297)   Other: 0.0ms
[2025-08-21T03:43:47.305+0000][1692535][trace][gc,age      ] GC(297) Age table with threshold 15 (max threshold 15)
[2025-08-21T03:43:47.305+0000][1692535][trace][gc,age      ] GC(297) - age   1:      10856 bytes,      10856 total
[2025-08-21T03:43:47.305+0000][1692535][trace][gc,age      ] GC(297) - age   2:        176 bytes,      11032 total
[2025-08-21T03:43:47.305+0000][1692535][trace][gc,age      ] GC(297) - age   6:        176 bytes,      11208 total
[2025-08-21T03:43:47.305+0000][1692535][trace][gc,age      ] GC(297) - age  12:       3024 bytes,      14232 total
[2025-08-21T03:43:47.305+0000][1692535][trace][gc,age      ] GC(297) - age  14:        248 bytes,      14480 total
[2025-08-21T03:43:47.305+0000][1692535][info ][gc,heap     ] GC(297) Eden regions: 75->0(75)
[2025-08-21T03:43:47.305+0000][1692535][info ][gc,heap     ] GC(297) Survivor regions: 1->1(10)
[2025-08-21T03:43:47.305+0000][1692535][info ][gc,heap     ] GC(297) Old regions: 22->22
[2025-08-21T03:43:47.305+0000][1692535][info ][gc,heap     ] GC(297) Humongous regions: 0->0
[2025-08-21T03:43:47.305+0000][1692535][info ][gc,metaspace] GC(297) Metaspace: 137943K(143808K)->137943K(143808K) NonClass: 119727K(123328K)->119727K(123328K) Class: 18216K(20480K)->18216K(20480K)
[2025-08-21T03:43:47.305+0000][1692535][info ][gc          ] GC(297) Pause Young (Normal) (G1 Evacuation Pause) 386M->86M(512M) 1.954ms
[2025-08-21T03:43:47.305+0000][1692535][info ][gc,cpu      ] GC(297) User=0.00s Sys=0.00s Real=0.00s
[2025-08-21T03:43:47.305+0000][1692535][info ][safepoint   ] Safepoint "G1CollectForAllocation", Time since last: 510425690736 ns, Reaching safepoint: 7591 ns, Cleanup: 3716 ns, At safepoint: 1986840 ns, Total: 1998147 ns
[2025-08-21T03:54:47.351+0000][1692535][info ][safepoint   ] Safepoint "Cleanup", Time since last: 660046178651 ns, Reaching safepoint: 71959 ns, Cleanup: 8683 ns, At safepoint: 5138 ns, Total: 85780 ns
[2025-08-21T03:55:32.742+0000][1692535][info ][gc,start    ] GC(298) Pause Young (Normal) (G1 Evacuation Pause)
[2025-08-21T03:55:32.742+0000][1692535][info ][gc,task     ] GC(298) Using 1 workers of 1 for evacuation
[2025-08-21T03:55:32.742+0000][1692535][debug][gc,age      ] GC(298) Desired survivor size 20971520 bytes, new threshold 15 (max threshold 15)
[2025-08-21T03:55:32.744+0000][1692535][info ][gc,phases   ] GC(298)   Pre Evacuate Collection Set: 0.0ms
[2025-08-21T03:55:32.744+0000][1692535][info ][gc,phases   ] GC(298)   Merge Heap Roots: 0.0ms
[2025-08-21T03:55:32.744+0000][1692535][info ][gc,phases   ] GC(298)   Evacuate Collection Set: 0.6ms
[2025-08-21T03:55:32.744+0000][1692535][info ][gc,phases   ] GC(298)   Post Evacuate Collection Set: 0.7ms
[2025-08-21T03:55:32.744+0000][1692535][info ][gc,phases   ] GC(298)   Other: 0.0ms
[2025-08-21T03:55:32.744+0000][1692535][trace][gc,age      ] GC(298) Age table with threshold 15 (max threshold 15)
[2025-08-21T03:55:32.744+0000][1692535][trace][gc,age      ] GC(298) - age   1:      11208 bytes,      11208 total
[2025-08-21T03:55:32.744+0000][1692535][trace][gc,age      ] GC(298) - age  13:       3024 bytes,      14232 total
[2025-08-21T03:55:32.744+0000][1692535][trace][gc,age      ] GC(298) - age  15:        248 bytes,      14480 total
[2025-08-21T03:55:32.744+0000][1692535][info ][gc,heap     ] GC(298) Eden regions: 75->0(75)
[2025-08-21T03:55:32.744+0000][1692535][info ][gc,heap     ] GC(298) Survivor regions: 1->1(10)
[2025-08-21T03:55:32.744+0000][1692535][info ][gc,heap     ] GC(298) Old regions: 22->22
[2025-08-21T03:55:32.744+0000][1692535][info ][gc,heap     ] GC(298) Humongous regions: 0->0
[2025-08-21T03:55:32.744+0000][1692535][info ][gc,metaspace] GC(298) Metaspace: 137943K(143808K)->137943K(143808K) NonClass: 119727K(123328K)->119727K(123328K) Class: 18216K(20480K)->18216K(20480K)
[2025-08-21T03:55:32.744+0000][1692535][info ][gc          ] GC(298) Pause Young (Normal) (G1 Evacuation Pause) 386M->86M(512M) 1.565ms
[2025-08-21T03:55:32.744+0000][1692535][info ][gc,cpu      ] GC(298) User=0.00s Sys=0.00s Real=0.00s
[2025-08-21T03:55:32.744+0000][1692535][info ][safepoint   ] Safepoint "G1CollectForAllocation", Time since last: 45390998286 ns, Reaching safepoint: 6931 ns, Cleanup: 2914 ns, At safepoint: 1606967 ns, Total: 1616812 ns
[2025-08-21T03:56:17.747+0000][1692535][info ][safepoint   ] Safepoint "Cleanup", Time since last: 45002715746 ns, Reaching safepoint: 39730 ns, Cleanup: 9364 ns, At safepoint: 4957 ns, Total: 54051 ns
[2025-08-21T04:07:19.474+0000][1692535][info ][gc,start    ] GC(299) Pause Young (Normal) (G1 Evacuation Pause)
[2025-08-21T04:07:19.474+0000][1692535][info ][gc,task     ] GC(299) Using 1 workers of 1 for evacuation
[2025-08-21T04:07:19.474+0000][1692535][debug][gc,age      ] GC(299) Desired survivor size 20971520 bytes, new threshold 15 (max threshold 15)
[2025-08-21T04:07:19.476+0000][1692535][info ][gc,phases   ] GC(299)   Pre Evacuate Collection Set: 0.0ms
[2025-08-21T04:07:19.476+0000][1692535][info ][gc,phases   ] GC(299)   Merge Heap Roots: 0.0ms
[2025-08-21T04:07:19.476+0000][1692535][info ][gc,phases   ] GC(299)   Evacuate Collection Set: 0.7ms
[2025-08-21T04:07:19.476+0000][1692535][info ][gc,phases   ] GC(299)   Post Evacuate Collection Set: 0.7ms
[2025-08-21T04:07:19.476+0000][1692535][info ][gc,phases   ] GC(299)   Other: 0.0ms
[2025-08-21T04:07:19.476+0000][1692535][trace][gc,age      ] GC(299) Age table with threshold 15 (max threshold 15)
[2025-08-21T04:07:19.476+0000][1692535][trace][gc,age      ] GC(299) - age   1:      10840 bytes,      10840 total
[2025-08-21T04:07:19.476+0000][1692535][trace][gc,age      ] GC(299) - age   2:        176 bytes,      11016 total
[2025-08-21T04:07:19.476+0000][1692535][trace][gc,age      ] GC(299) - age  14:       3024 bytes,      14040 total
[2025-08-21T04:07:19.476+0000][1692535][info ][gc,heap     ] GC(299) Eden regions: 75->0(75)
[2025-08-21T04:07:19.476+0000][1692535][info ][gc,heap     ] GC(299) Survivor regions: 1->1(10)
[2025-08-21T04:07:19.476+0000][1692535][info ][gc,heap     ] GC(299) Old regions: 22->22
[2025-08-21T04:07:19.476+0000][1692535][info ][gc,heap     ] GC(299) Humongous regions: 0->0
[2025-08-21T04:07:19.476+0000][1692535][info ][gc,metaspace] GC(299) Metaspace: 137943K(143808K)->137943K(143808K) NonClass: 119727K(123328K)->119727K(123328K) Class: 18216K(20480K)->18216K(20480K)
[2025-08-21T04:07:19.476+0000][1692535][info ][gc          ] GC(299) Pause Young (Normal) (G1 Evacuation Pause) 386M->86M(512M) 2.026ms
[2025-08-21T04:07:19.476+0000][1692535][info ][gc,cpu      ] GC(299) User=0.00s Sys=0.00s Real=0.01s
[2025-08-21T04:07:19.476+0000][1692535][info ][safepoint   ] Safepoint "G1CollectForAllocation", Time since last: 661726887544 ns, Reaching safepoint: 7912 ns, Cleanup: 4276 ns, At safepoint: 2060602 ns, Total: 2072790 ns
[2025-08-21T04:19:04.592+0000][1692535][info ][gc,start    ] GC(300) Pause Young (Normal) (G1 Evacuation Pause)
[2025-08-21T04:19:04.592+0000][1692535][info ][gc,task     ] GC(300) Using 1 workers of 1 for evacuation
[2025-08-21T04:19:04.593+0000][1692535][debug][gc,age      ] GC(300) Desired survivor size 20971520 bytes, new threshold 15 (max threshold 15)
[2025-08-21T04:19:04.594+0000][1692535][info ][gc,phases   ] GC(300)   Pre Evacuate Collection Set: 0.0ms
[2025-08-21T04:19:04.594+0000][1692535][info ][gc,phases   ] GC(300)   Merge Heap Roots: 0.0ms
[2025-08-21T04:19:04.594+0000][1692535][info ][gc,phases   ] GC(300)   Evacuate Collection Set: 0.6ms
[2025-08-21T04:19:04.594+0000][1692535][info ][gc,phases   ] GC(300)   Post Evacuate Collection Set: 0.7ms
[2025-08-21T04:19:04.594+0000][1692535][info ][gc,phases   ] GC(300)   Other: 0.0ms
[2025-08-21T04:19:04.594+0000][1692535][trace][gc,age      ] GC(300) Age table with threshold 15 (max threshold 15)
[2025-08-21T04:19:04.594+0000][1692535][trace][gc,age      ] GC(300) - age   1:       9448 bytes,       9448 total
[2025-08-21T04:19:04.594+0000][1692535][trace][gc,age      ] GC(300) - age   3:        176 bytes,       9624 total
[2025-08-21T04:19:04.594+0000][1692535][trace][gc,age      ] GC(300) - age  15:       3024 bytes,      12648 total
[2025-08-21T04:19:04.594+0000][1692535][info ][gc,heap     ] GC(300) Eden regions: 75->0(75)
[2025-08-21T04:19:04.594+0000][1692535][info ][gc,heap     ] GC(300) Survivor regions: 1->1(10)
[2025-08-21T04:19:04.594+0000][1692535][info ][gc,heap     ] GC(300) Old regions: 22->22
[2025-08-21T04:19:04.594+0000][1692535][info ][gc,heap     ] GC(300) Humongous regions: 0->0
[2025-08-21T04:19:04.594+0000][1692535][info ][gc,metaspace] GC(300) Metaspace: 137943K(143808K)->137943K(143808K) NonClass: 119727K(123328K)->119727K(123328K) Class: 18216K(20480K)->18216K(20480K)
[2025-08-21T04:19:04.594+0000][1692535][info ][gc          ] GC(300) Pause Young (Normal) (G1 Evacuation Pause) 386M->86M(512M) 2.058ms
[2025-08-21T04:19:04.594+0000][1692535][info ][gc,cpu      ] GC(300) User=0.00s Sys=0.00s Real=0.00s
[2025-08-21T04:19:04.594+0000][1692535][info ][safepoint   ] Safepoint "G1CollectForAllocation", Time since last: 705116336613 ns, Reaching safepoint: 7602 ns, Cleanup: 2283 ns, At safepoint: 2091889 ns, Total: 2101774 ns
[2025-08-21T04:30:51.708+0000][1692535][info ][gc,start    ] GC(301) Pause Young (Normal) (G1 Evacuation Pause)
[2025-08-21T04:30:51.709+0000][1692535][info ][gc,task     ] GC(301) Using 1 workers of 1 for evacuation
[2025-08-21T04:30:51.709+0000][1692535][debug][gc,age      ] GC(301) Desired survivor size 20971520 bytes, new threshold 15 (max threshold 15)
[2025-08-21T04:30:51.710+0000][1692535][info ][gc,phases   ] GC(301)   Pre Evacuate Collection Set: 0.0ms
[2025-08-21T04:30:51.710+0000][1692535][info ][gc,phases   ] GC(301)   Merge Heap Roots: 0.0ms
[2025-08-21T04:30:51.710+0000][1692535][info ][gc,phases   ] GC(301)   Evacuate Collection Set: 0.7ms
[2025-08-21T04:30:51.710+0000][1692535][info ][gc,phases   ] GC(301)   Post Evacuate Collection Set: 0.7ms
[2025-08-21T04:30:51.710+0000][1692535][info ][gc,phases   ] GC(301)   Other: 0.0ms
[2025-08-21T04:30:51.710+0000][1692535][trace][gc,age      ] GC(301) Age table with threshold 15 (max threshold 15)
[2025-08-21T04:30:51.710+0000][1692535][trace][gc,age      ] GC(301) - age   1:      10048 bytes,      10048 total
[2025-08-21T04:30:51.710+0000][1692535][trace][gc,age      ] GC(301) - age   2:        176 bytes,      10224 total
[2025-08-21T04:30:51.710+0000][1692535][trace][gc,age      ] GC(301) - age   4:        176 bytes,      10400 total
[2025-08-21T04:30:51.710+0000][1692535][info ][gc,heap     ] GC(301) Eden regions: 75->0(75)
[2025-08-21T04:30:51.710+0000][1692535][info ][gc,heap     ] GC(301) Survivor regions: 1->1(10)
[2025-08-21T04:30:51.710+0000][1692535][info ][gc,heap     ] GC(301) Old regions: 22->22
[2025-08-21T04:30:51.710+0000][1692535][info ][gc,heap     ] GC(301) Humongous regions: 0->0
[2025-08-21T04:30:51.710+0000][1692535][info ][gc,metaspace] GC(301) Metaspace: 137943K(143808K)->137943K(143808K) NonClass: 119727K(123328K)->119727K(123328K) Class: 18216K(20480K)->18216K(20480K)
[2025-08-21T04:30:51.710+0000][1692535][info ][gc          ] GC(301) Pause Young (Normal) (G1 Evacuation Pause) 386M->86M(512M) 2.049ms
[2025-08-21T04:30:51.710+0000][1692535][info ][gc,cpu      ] GC(301) User=0.00s Sys=0.00s Real=0.00s
[2025-08-21T04:30:51.710+0000][1692535][info ][safepoint   ] Safepoint "G1CollectForAllocation", Time since last: 707114187826 ns, Reaching safepoint: 7801 ns, Cleanup: 3275 ns, At safepoint: 2085079 ns, Total: 2096155 ns
[2025-08-21T04:42:34.728+0000][1692535][info ][gc,start    ] GC(302) Pause Young (Normal) (G1 Evacuation Pause)
[2025-08-21T04:42:34.729+0000][1692535][info ][gc,task     ] GC(302) Using 1 workers of 1 for evacuation
[2025-08-21T04:42:34.729+0000][1692535][debug][gc,age      ] GC(302) Desired survivor size 20971520 bytes, new threshold 15 (max threshold 15)
[2025-08-21T04:42:34.731+0000][1692535][info ][gc,phases   ] GC(302)   Pre Evacuate Collection Set: 0.0ms
[2025-08-21T04:42:34.731+0000][1692535][info ][gc,phases   ] GC(302)   Merge Heap Roots: 0.0ms
[2025-08-21T04:42:34.731+0000][1692535][info ][gc,phases   ] GC(302)   Evacuate Collection Set: 0.6ms
[2025-08-21T04:42:34.731+0000][1692535][info ][gc,phases   ] GC(302)   Post Evacuate Collection Set: 1.6ms
[2025-08-21T04:42:34.731+0000][1692535][info ][gc,phases   ] GC(302)   Other: 0.0ms
[2025-08-21T04:42:34.731+0000][1692535][trace][gc,age      ] GC(302) Age table with threshold 15 (max threshold 15)
[2025-08-21T04:42:34.731+0000][1692535][trace][gc,age      ] GC(302) - age   1:      11064 bytes,      11064 total
[2025-08-21T04:42:34.731+0000][1692535][trace][gc,age      ] GC(302) - age   2:        248 bytes,      11312 total
[2025-08-21T04:42:34.731+0000][1692535][trace][gc,age      ] GC(302) - age   5:        176 bytes,      11488 total
[2025-08-21T04:42:34.731+0000][1692535][info ][gc,heap     ] GC(302) Eden regions: 75->0(75)
[2025-08-21T04:42:34.731+0000][1692535][info ][gc,heap     ] GC(302) Survivor regions: 1->1(10)
[2025-08-21T04:42:34.731+0000][1692535][info ][gc,heap     ] GC(302) Old regions: 22->22
[2025-08-21T04:42:34.731+0000][1692535][info ][gc,heap     ] GC(302) Humongous regions: 0->0
[2025-08-21T04:42:34.731+0000][1692535][info ][gc,metaspace] GC(302) Metaspace: 137943K(143808K)->137943K(143808K) NonClass: 119727K(123328K)->119727K(123328K) Class: 18216K(20480K)->18216K(20480K)
[2025-08-21T04:42:34.731+0000][1692535][info ][gc          ] GC(302) Pause Young (Normal) (G1 Evacuation Pause) 386M->86M(512M) 2.607ms
[2025-08-21T04:42:34.731+0000][1692535][info ][gc,cpu      ] GC(302) User=0.00s Sys=0.00s Real=0.00s
[2025-08-21T04:42:34.731+0000][1692535][info ][safepoint   ] Safepoint "G1CollectForAllocation", Time since last: 703017978430 ns, Reaching safepoint: 7752 ns, Cleanup: 2894 ns, At safepoint: 2641649 ns, Total: 2652295 ns
[2025-08-21T04:54:20.311+0000][1692535][info ][gc,start    ] GC(303) Pause Young (Normal) (G1 Evacuation Pause)
[2025-08-21T04:54:20.311+0000][1692535][info ][gc,task     ] GC(303) Using 1 workers of 1 for evacuation
[2025-08-21T04:54:20.311+0000][1692535][debug][gc,age      ] GC(303) Desired survivor size 20971520 bytes, new threshold 15 (max threshold 15)
[2025-08-21T04:54:20.314+0000][1692535][info ][gc,phases   ] GC(303)   Pre Evacuate Collection Set: 0.1ms
[2025-08-21T04:54:20.314+0000][1692535][info ][gc,phases   ] GC(303)   Merge Heap Roots: 0.0ms
[2025-08-21T04:54:20.314+0000][1692535][info ][gc,phases   ] GC(303)   Evacuate Collection Set: 0.7ms
[2025-08-21T04:54:20.314+0000][1692535][info ][gc,phases   ] GC(303)   Post Evacuate Collection Set: 2.5ms
[2025-08-21T04:54:20.314+0000][1692535][info ][gc,phases   ] GC(303)   Other: 0.0ms
[2025-08-21T04:54:20.314+0000][1692535][trace][gc,age      ] GC(303) Age table with threshold 15 (max threshold 15)
[2025-08-21T04:54:20.314+0000][1692535][trace][gc,age      ] GC(303) - age   1:      11416 bytes,      11416 total
[2025-08-21T04:54:20.314+0000][1692535][trace][gc,age      ] GC(303) - age   3:         72 bytes,      11488 total
[2025-08-21T04:54:20.314+0000][1692535][info ][gc,heap     ] GC(303) Eden regions: 75->0(75)
[2025-08-21T04:54:20.314+0000][1692535][info ][gc,heap     ] GC(303) Survivor regions: 1->1(10)
[2025-08-21T04:54:20.314+0000][1692535][info ][gc,heap     ] GC(303) Old regions: 22->22
[2025-08-21T04:54:20.314+0000][1692535][info ][gc,heap     ] GC(303) Humongous regions: 0->0
[2025-08-21T04:54:20.314+0000][1692535][info ][gc,metaspace] GC(303) Metaspace: 137943K(143808K)->137943K(143808K) NonClass: 119727K(123328K)->119727K(123328K) Class: 18216K(20480K)->18216K(20480K)
[2025-08-21T04:54:20.314+0000][1692535][info ][gc          ] GC(303) Pause Young (Normal) (G1 Evacuation Pause) 386M->86M(512M) 3.639ms
[2025-08-21T04:54:20.314+0000][1692535][info ][gc,cpu      ] GC(303) User=0.00s Sys=0.00s Real=0.00s
[2025-08-21T04:54:20.314+0000][1692535][info ][safepoint   ] Safepoint "G1CollectForAllocation", Time since last: 705579718996 ns, Reaching safepoint: 7371 ns, Cleanup: 2974 ns, At safepoint: 3672346 ns, Total: 3682691 ns
[2025-08-21T05:06:05.717+0000][1692535][info ][gc,start    ] GC(304) Pause Young (Normal) (G1 Evacuation Pause)
[2025-08-21T05:06:05.717+0000][1692535][info ][gc,task     ] GC(304) Using 1 workers of 1 for evacuation
[2025-08-21T05:06:05.717+0000][1692535][debug][gc,age      ] GC(304) Desired survivor size 20971520 bytes, new threshold 15 (max threshold 15)
[2025-08-21T05:06:05.719+0000][1692535][info ][gc,phases   ] GC(304)   Pre Evacuate Collection Set: 0.0ms
[2025-08-21T05:06:05.719+0000][1692535][info ][gc,phases   ] GC(304)   Merge Heap Roots: 0.0ms
[2025-08-21T05:06:05.719+0000][1692535][info ][gc,phases   ] GC(304)   Evacuate Collection Set: 0.6ms
[2025-08-21T05:06:05.719+0000][1692535][info ][gc,phases   ] GC(304)   Post Evacuate Collection Set: 1.1ms
[2025-08-21T05:06:05.719+0000][1692535][info ][gc,phases   ] GC(304)   Other: 0.0ms
[2025-08-21T05:06:05.719+0000][1692535][trace][gc,age      ] GC(304) Age table with threshold 15 (max threshold 15)
[2025-08-21T05:06:05.719+0000][1692535][trace][gc,age      ] GC(304) - age   1:      10976 bytes,      10976 total
[2025-08-21T05:06:05.719+0000][1692535][trace][gc,age      ] GC(304) - age   2:        176 bytes,      11152 total
[2025-08-21T05:06:05.719+0000][1692535][trace][gc,age      ] GC(304) - age   4:         72 bytes,      11224 total
[2025-08-21T05:06:05.719+0000][1692535][info ][gc,heap     ] GC(304) Eden regions: 75->0(75)
[2025-08-21T05:06:05.719+0000][1692535][info ][gc,heap     ] GC(304) Survivor regions: 1->1(10)
[2025-08-21T05:06:05.719+0000][1692535][info ][gc,heap     ] GC(304) Old regions: 22->22
[2025-08-21T05:06:05.719+0000][1692535][info ][gc,heap     ] GC(304) Humongous regions: 0->0
[2025-08-21T05:06:05.719+0000][1692535][info ][gc,metaspace] GC(304) Metaspace: 137943K(143808K)->137943K(143808K) NonClass: 119727K(123328K)->119727K(123328K) Class: 18216K(20480K)->18216K(20480K)
[2025-08-21T05:06:05.719+0000][1692535][info ][gc          ] GC(304) Pause Young (Normal) (G1 Evacuation Pause) 386M->86M(512M) 2.035ms
[2025-08-21T05:06:05.719+0000][1692535][info ][gc,cpu      ] GC(304) User=0.00s Sys=0.00s Real=0.00s
[2025-08-21T05:06:05.719+0000][1692535][info ][safepoint   ] Safepoint "G1CollectForAllocation", Time since last: 705402630627 ns, Reaching safepoint: 7341 ns, Cleanup: 2674 ns, At safepoint: 2070226 ns, Total: 2080241 ns
[2025-08-21T05:17:50.420+0000][1692535][info ][gc,start    ] GC(305) Pause Young (Normal) (G1 Evacuation Pause)
[2025-08-21T05:17:50.420+0000][1692535][info ][gc,task     ] GC(305) Using 1 workers of 1 for evacuation
[2025-08-21T05:17:50.420+0000][1692535][debug][gc,age      ] GC(305) Desired survivor size 20971520 bytes, new threshold 15 (max threshold 15)
[2025-08-21T05:17:50.421+0000][1692535][info ][gc,phases   ] GC(305)   Pre Evacuate Collection Set: 0.1ms
[2025-08-21T05:17:50.421+0000][1692535][info ][gc,phases   ] GC(305)   Merge Heap Roots: 0.0ms
[2025-08-21T05:17:50.421+0000][1692535][info ][gc,phases   ] GC(305)   Evacuate Collection Set: 0.6ms
[2025-08-21T05:17:50.421+0000][1692535][info ][gc,phases   ] GC(305)   Post Evacuate Collection Set: 0.7ms
[2025-08-21T05:17:50.421+0000][1692535][info ][gc,phases   ] GC(305)   Other: 0.0ms
[2025-08-21T05:17:50.421+0000][1692535][trace][gc,age      ] GC(305) Age table with threshold 15 (max threshold 15)
[2025-08-21T05:17:50.421+0000][1692535][trace][gc,age      ] GC(305) - age   1:      13376 bytes,      13376 total
[2025-08-21T05:17:50.421+0000][1692535][trace][gc,age      ] GC(305) - age   3:        176 bytes,      13552 total
[2025-08-21T05:17:50.421+0000][1692535][trace][gc,age      ] GC(305) - age   5:         72 bytes,      13624 total
[2025-08-21T05:17:50.421+0000][1692535][info ][gc,heap     ] GC(305) Eden regions: 75->0(75)
[2025-08-21T05:17:50.421+0000][1692535][info ][gc,heap     ] GC(305) Survivor regions: 1->1(10)
[2025-08-21T05:17:50.421+0000][1692535][info ][gc,heap     ] GC(305) Old regions: 22->22
[2025-08-21T05:17:50.421+0000][1692535][info ][gc,heap     ] GC(305) Humongous regions: 0->0
[2025-08-21T05:17:50.421+0000][1692535][info ][gc,metaspace] GC(305) Metaspace: 137943K(143808K)->137943K(143808K) NonClass: 119727K(123328K)->119727K(123328K) Class: 18216K(20480K)->18216K(20480K)
[2025-08-21T05:17:50.421+0000][1692535][info ][gc          ] GC(305) Pause Young (Normal) (G1 Evacuation Pause) 386M->86M(512M) 1.756ms
[2025-08-21T05:17:50.421+0000][1692535][info ][gc,cpu      ] GC(305) User=0.00s Sys=0.00s Real=0.00s
[2025-08-21T05:17:50.421+0000][1692535][info ][safepoint   ] Safepoint "G1CollectForAllocation", Time since last: 704700565600 ns, Reaching safepoint: 7011 ns, Cleanup: 2513 ns, At safepoint: 1795151 ns, Total: 1804675 ns
[2025-08-21T05:29:36.580+0000][1692535][info ][gc,start    ] GC(306) Pause Young (Normal) (G1 Evacuation Pause)
[2025-08-21T05:29:36.580+0000][1692535][info ][gc,task     ] GC(306) Using 1 workers of 1 for evacuation
[2025-08-21T05:29:36.580+0000][1692535][debug][gc,age      ] GC(306) Desired survivor size 20971520 bytes, new threshold 15 (max threshold 15)
[2025-08-21T05:29:36.581+0000][1692535][info ][gc,phases   ] GC(306)   Pre Evacuate Collection Set: 0.0ms
[2025-08-21T05:29:36.581+0000][1692535][info ][gc,phases   ] GC(306)   Merge Heap Roots: 0.0ms
[2025-08-21T05:29:36.581+0000][1692535][info ][gc,phases   ] GC(306)   Evacuate Collection Set: 0.6ms
[2025-08-21T05:29:36.581+0000][1692535][info ][gc,phases   ] GC(306)   Post Evacuate Collection Set: 0.9ms
[2025-08-21T05:29:36.581+0000][1692535][info ][gc,phases   ] GC(306)   Other: 0.0ms
[2025-08-21T05:29:36.581+0000][1692535][trace][gc,age      ] GC(306) Age table with threshold 15 (max threshold 15)
[2025-08-21T05:29:36.581+0000][1692535][trace][gc,age      ] GC(306) - age   1:      10688 bytes,      10688 total
[2025-08-21T05:29:36.581+0000][1692535][trace][gc,age      ] GC(306) - age   2:        176 bytes,      10864 total
[2025-08-21T05:29:36.581+0000][1692535][trace][gc,age      ] GC(306) - age   4:        176 bytes,      11040 total
[2025-08-21T05:29:36.581+0000][1692535][trace][gc,age      ] GC(306) - age   6:         72 bytes,      11112 total
[2025-08-21T05:29:36.581+0000][1692535][info ][gc,heap     ] GC(306) Eden regions: 75->0(75)
[2025-08-21T05:29:36.581+0000][1692535][info ][gc,heap     ] GC(306) Survivor regions: 1->1(10)
[2025-08-21T05:29:36.581+0000][1692535][info ][gc,heap     ] GC(306) Old regions: 22->22
[2025-08-21T05:29:36.581+0000][1692535][info ][gc,heap     ] GC(306) Humongous regions: 0->0
[2025-08-21T05:29:36.581+0000][1692535][info ][gc,metaspace] GC(306) Metaspace: 137943K(143808K)->137943K(143808K) NonClass: 119727K(123328K)->119727K(123328K) Class: 18216K(20480K)->18216K(20480K)
[2025-08-21T05:29:36.582+0000][1692535][info ][gc          ] GC(306) Pause Young (Normal) (G1 Evacuation Pause) 386M->86M(512M) 1.822ms
[2025-08-21T05:29:36.582+0000][1692535][info ][gc,cpu      ] GC(306) User=0.00s Sys=0.00s Real=0.00s
[2025-08-21T05:29:36.582+0000][1692535][info ][safepoint   ] Safepoint "G1CollectForAllocation", Time since last: 706158237364 ns, Reaching safepoint: 6961 ns, Cleanup: 2824 ns, At safepoint: 1855622 ns, Total: 1865407 ns
[2025-08-21T05:38:51.614+0000][1692535][info ][safepoint   ] Safepoint "Cleanup", Time since last: 555032723713 ns, Reaching safepoint: 42324 ns, Cleanup: 10606 ns, At safepoint: 2424 ns, Total: 55354 ns
[2025-08-21T05:39:21.617+0000][1692535][info ][safepoint   ] Safepoint "Cleanup", Time since last: 30002185135 ns, Reaching safepoint: 41913 ns, Cleanup: 11427 ns, At safepoint: 4928 ns, Total: 58268 ns
[2025-08-21T05:41:22.028+0000][1692535][info ][gc,start    ] GC(307) Pause Young (Normal) (G1 Evacuation Pause)
[2025-08-21T05:41:22.029+0000][1692535][info ][gc,task     ] GC(307) Using 1 workers of 1 for evacuation
[2025-08-21T05:41:22.029+0000][1692535][debug][gc,age      ] GC(307) Desired survivor size 20971520 bytes, new threshold 15 (max threshold 15)
[2025-08-21T05:41:22.030+0000][1692535][info ][gc,phases   ] GC(307)   Pre Evacuate Collection Set: 0.0ms
[2025-08-21T05:41:22.030+0000][1692535][info ][gc,phases   ] GC(307)   Merge Heap Roots: 0.0ms
[2025-08-21T05:41:22.030+0000][1692535][info ][gc,phases   ] GC(307)   Evacuate Collection Set: 0.6ms
[2025-08-21T05:41:22.030+0000][1692535][info ][gc,phases   ] GC(307)   Post Evacuate Collection Set: 0.9ms
[2025-08-21T05:41:22.030+0000][1692535][info ][gc,phases   ] GC(307)   Other: 0.0ms
[2025-08-21T05:41:22.030+0000][1692535][trace][gc,age      ] GC(307) Age table with threshold 15 (max threshold 15)
[2025-08-21T05:41:22.030+0000][1692535][trace][gc,age      ] GC(307) - age   1:      11192 bytes,      11192 total
[2025-08-21T05:41:22.030+0000][1692535][trace][gc,age      ] GC(307) - age   2:        176 bytes,      11368 total
[2025-08-21T05:41:22.030+0000][1692535][trace][gc,age      ] GC(307) - age   5:        176 bytes,      11544 total
[2025-08-21T05:41:22.030+0000][1692535][trace][gc,age      ] GC(307) - age   7:         72 bytes,      11616 total
[2025-08-21T05:41:22.030+0000][1692535][info ][gc,heap     ] GC(307) Eden regions: 75->0(75)
[2025-08-21T05:41:22.030+0000][1692535][info ][gc,heap     ] GC(307) Survivor regions: 1->1(10)
[2025-08-21T05:41:22.030+0000][1692535][info ][gc,heap     ] GC(307) Old regions: 22->22
[2025-08-21T05:41:22.030+0000][1692535][info ][gc,heap     ] GC(307) Humongous regions: 0->0
[2025-08-21T05:41:22.030+0000][1692535][info ][gc,metaspace] GC(307) Metaspace: 137943K(143808K)->137943K(143808K) NonClass: 119727K(123328K)->119727K(123328K) Class: 18216K(20480K)->18216K(20480K)
[2025-08-21T05:41:22.030+0000][1692535][info ][gc          ] GC(307) Pause Young (Normal) (G1 Evacuation Pause) 386M->86M(512M) 1.813ms
[2025-08-21T05:41:22.030+0000][1692535][info ][gc,cpu      ] GC(307) User=0.00s Sys=0.00s Real=0.00s
[2025-08-21T05:41:22.030+0000][1692535][info ][safepoint   ] Safepoint "G1CollectForAllocation", Time since last: 120411839850 ns, Reaching safepoint: 6940 ns, Cleanup: 2905 ns, At safepoint: 1847469 ns, Total: 1857314 ns
[2025-08-21T05:53:08.302+0000][1692535][info ][gc,start    ] GC(308) Pause Young (Normal) (G1 Evacuation Pause)
[2025-08-21T05:53:08.303+0000][1692535][info ][gc,task     ] GC(308) Using 1 workers of 1 for evacuation
[2025-08-21T05:53:08.303+0000][1692535][debug][gc,age      ] GC(308) Desired survivor size 20971520 bytes, new threshold 15 (max threshold 15)
[2025-08-21T05:53:08.304+0000][1692535][info ][gc,phases   ] GC(308)   Pre Evacuate Collection Set: 0.0ms
[2025-08-21T05:53:08.304+0000][1692535][info ][gc,phases   ] GC(308)   Merge Heap Roots: 0.0ms
[2025-08-21T05:53:08.304+0000][1692535][info ][gc,phases   ] GC(308)   Evacuate Collection Set: 0.6ms
[2025-08-21T05:53:08.304+0000][1692535][info ][gc,phases   ] GC(308)   Post Evacuate Collection Set: 0.7ms
[2025-08-21T05:53:08.304+0000][1692535][info ][gc,phases   ] GC(308)   Other: 0.0ms
[2025-08-21T05:53:08.304+0000][1692535][trace][gc,age      ] GC(308) Age table with threshold 15 (max threshold 15)
[2025-08-21T05:53:08.304+0000][1692535][trace][gc,age      ] GC(308) - age   1:       9704 bytes,       9704 total
[2025-08-21T05:53:08.304+0000][1692535][trace][gc,age      ] GC(308) - age   2:        336 bytes,      10040 total
[2025-08-21T05:53:08.304+0000][1692535][trace][gc,age      ] GC(308) - age   8:         72 bytes,      10112 total
[2025-08-21T05:53:08.304+0000][1692535][info ][gc,heap     ] GC(308) Eden regions: 75->0(75)
[2025-08-21T05:53:08.304+0000][1692535][info ][gc,heap     ] GC(308) Survivor regions: 1->1(10)
[2025-08-21T05:53:08.304+0000][1692535][info ][gc,heap     ] GC(308) Old regions: 22->22
[2025-08-21T05:53:08.304+0000][1692535][info ][gc,heap     ] GC(308) Humongous regions: 0->0
[2025-08-21T05:53:08.304+0000][1692535][info ][gc,metaspace] GC(308) Metaspace: 137943K(143808K)->137943K(143808K) NonClass: 119727K(123328K)->119727K(123328K) Class: 18216K(20480K)->18216K(20480K)
[2025-08-21T05:53:08.304+0000][1692535][info ][gc          ] GC(308) Pause Young (Normal) (G1 Evacuation Pause) 386M->86M(512M) 1.951ms
[2025-08-21T05:53:08.304+0000][1692535][info ][gc,cpu      ] GC(308) User=0.00s Sys=0.00s Real=0.00s
[2025-08-21T05:53:08.304+0000][1692535][info ][safepoint   ] Safepoint "G1CollectForAllocation", Time since last: 706272165637 ns, Reaching safepoint: 7772 ns, Cleanup: 3735 ns, At safepoint: 1985278 ns, Total: 1996785 ns
[2025-08-21T06:04:54.402+0000][1692535][info ][gc,start    ] GC(309) Pause Young (Normal) (G1 Evacuation Pause)
[2025-08-21T06:04:54.403+0000][1692535][info ][gc,task     ] GC(309) Using 1 workers of 1 for evacuation
[2025-08-21T06:04:54.403+0000][1692535][debug][gc,age      ] GC(309) Desired survivor size 20971520 bytes, new threshold 15 (max threshold 15)
[2025-08-21T06:04:54.404+0000][1692535][info ][gc,phases   ] GC(309)   Pre Evacuate Collection Set: 0.0ms
[2025-08-21T06:04:54.404+0000][1692535][info ][gc,phases   ] GC(309)   Merge Heap Roots: 0.0ms
[2025-08-21T06:04:54.404+0000][1692535][info ][gc,phases   ] GC(309)   Evacuate Collection Set: 0.6ms
[2025-08-21T06:04:54.404+0000][1692535][info ][gc,phases   ] GC(309)   Post Evacuate Collection Set: 0.7ms
[2025-08-21T06:04:54.404+0000][1692535][info ][gc,phases   ] GC(309)   Other: 0.0ms
[2025-08-21T06:04:54.404+0000][1692535][trace][gc,age      ] GC(309) Age table with threshold 15 (max threshold 15)
[2025-08-21T06:04:54.404+0000][1692535][trace][gc,age      ] GC(309) - age   1:       9968 bytes,       9968 total
[2025-08-21T06:04:54.404+0000][1692535][trace][gc,age      ] GC(309) - age   2:        176 bytes,      10144 total
[2025-08-21T06:04:54.404+0000][1692535][trace][gc,age      ] GC(309) - age   3:        336 bytes,      10480 total
[2025-08-21T06:04:54.404+0000][1692535][trace][gc,age      ] GC(309) - age   9:         72 bytes,      10552 total
[2025-08-21T06:04:54.404+0000][1692535][info ][gc,heap     ] GC(309) Eden regions: 75->0(75)
[2025-08-21T06:04:54.404+0000][1692535][info ][gc,heap     ] GC(309) Survivor regions: 1->1(10)
[2025-08-21T06:04:54.404+0000][1692535][info ][gc,heap     ] GC(309) Old regions: 22->22
[2025-08-21T06:04:54.404+0000][1692535][info ][gc,heap     ] GC(309) Humongous regions: 0->0
[2025-08-21T06:04:54.404+0000][1692535][info ][gc,metaspace] GC(309) Metaspace: 137943K(143808K)->137943K(143808K) NonClass: 119727K(123328K)->119727K(123328K) Class: 18216K(20480K)->18216K(20480K)
[2025-08-21T06:04:54.404+0000][1692535][info ][gc          ] GC(309) Pause Young (Normal) (G1 Evacuation Pause) 386M->86M(512M) 1.931ms
[2025-08-21T06:04:54.404+0000][1692535][info ][gc,cpu      ] GC(309) User=0.00s Sys=0.00s Real=0.00s
[2025-08-21T06:04:54.404+0000][1692535][info ][safepoint   ] Safepoint "G1CollectForAllocation", Time since last: 706097664655 ns, Reaching safepoint: 7742 ns, Cleanup: 3736 ns, At safepoint: 1965167 ns, Total: 1976645 ns
[2025-08-21T06:16:40.764+0000][1692535][info ][gc,start    ] GC(310) Pause Young (Normal) (G1 Evacuation Pause)
[2025-08-21T06:16:40.764+0000][1692535][info ][gc,task     ] GC(310) Using 1 workers of 1 for evacuation
[2025-08-21T06:16:40.764+0000][1692535][debug][gc,age      ] GC(310) Desired survivor size 20971520 bytes, new threshold 15 (max threshold 15)
[2025-08-21T06:16:40.766+0000][1692535][info ][gc,phases   ] GC(310)   Pre Evacuate Collection Set: 0.0ms
[2025-08-21T06:16:40.766+0000][1692535][info ][gc,phases   ] GC(310)   Merge Heap Roots: 0.0ms
[2025-08-21T06:16:40.766+0000][1692535][info ][gc,phases   ] GC(310)   Evacuate Collection Set: 0.6ms
[2025-08-21T06:16:40.766+0000][1692535][info ][gc,phases   ] GC(310)   Post Evacuate Collection Set: 0.7ms
[2025-08-21T06:16:40.766+0000][1692535][info ][gc,phases   ] GC(310)   Other: 0.0ms
[2025-08-21T06:16:40.766+0000][1692535][trace][gc,age      ] GC(310) Age table with threshold 15 (max threshold 15)
[2025-08-21T06:16:40.766+0000][1692535][trace][gc,age      ] GC(310) - age   1:       9344 bytes,       9344 total
[2025-08-21T06:16:40.766+0000][1692535][trace][gc,age      ] GC(310) - age   2:        176 bytes,       9520 total
[2025-08-21T06:16:40.766+0000][1692535][trace][gc,age      ] GC(310) - age   3:        176 bytes,       9696 total
[2025-08-21T06:16:40.766+0000][1692535][trace][gc,age      ] GC(310) - age   4:        336 bytes,      10032 total
[2025-08-21T06:16:40.766+0000][1692535][trace][gc,age      ] GC(310) - age  10:         72 bytes,      10104 total
[2025-08-21T06:16:40.766+0000][1692535][info ][gc,heap     ] GC(310) Eden regions: 75->0(75)
[2025-08-21T06:16:40.766+0000][1692535][info ][gc,heap     ] GC(310) Survivor regions: 1->1(10)
[2025-08-21T06:16:40.766+0000][1692535][info ][gc,heap     ] GC(310) Old regions: 22->22
[2025-08-21T06:16:40.766+0000][1692535][info ][gc,heap     ] GC(310) Humongous regions: 0->0
[2025-08-21T06:16:40.766+0000][1692535][info ][gc,metaspace] GC(310) Metaspace: 137943K(143808K)->137943K(143808K) NonClass: 119727K(123328K)->119727K(123328K) Class: 18216K(20480K)->18216K(20480K)
[2025-08-21T06:16:40.766+0000][1692535][info ][gc          ] GC(310) Pause Young (Normal) (G1 Evacuation Pause) 386M->86M(512M) 1.904ms
[2025-08-21T06:16:40.766+0000][1692535][info ][gc,cpu      ] GC(310) User=0.01s Sys=0.00s Real=0.01s
[2025-08-21T06:16:40.766+0000][1692535][info ][safepoint   ] Safepoint "G1CollectForAllocation", Time since last: 706359905663 ns, Reaching safepoint: 7331 ns, Cleanup: 3645 ns, At safepoint: 1937216 ns, Total: 1948192 ns
[2025-08-21T06:28:23.736+0000][1692535][info ][gc,start    ] GC(311) Pause Young (Normal) (G1 Evacuation Pause)
[2025-08-21T06:28:23.736+0000][1692535][info ][gc,task     ] GC(311) Using 1 workers of 1 for evacuation
[2025-08-21T06:28:23.736+0000][1692535][debug][gc,age      ] GC(311) Desired survivor size 20971520 bytes, new threshold 15 (max threshold 15)
[2025-08-21T06:28:23.738+0000][1692535][info ][gc,phases   ] GC(311)   Pre Evacuate Collection Set: 0.0ms
[2025-08-21T06:28:23.738+0000][1692535][info ][gc,phases   ] GC(311)   Merge Heap Roots: 0.0ms
[2025-08-21T06:28:23.738+0000][1692535][info ][gc,phases   ] GC(311)   Evacuate Collection Set: 0.6ms
[2025-08-21T06:28:23.738+0000][1692535][info ][gc,phases   ] GC(311)   Post Evacuate Collection Set: 1.0ms
[2025-08-21T06:28:23.738+0000][1692535][info ][gc,phases   ] GC(311)   Other: 0.0ms
[2025-08-21T06:28:23.738+0000][1692535][trace][gc,age      ] GC(311) Age table with threshold 15 (max threshold 15)
[2025-08-21T06:28:23.738+0000][1692535][trace][gc,age      ] GC(311) - age   1:      11064 bytes,      11064 total
[2025-08-21T06:28:23.738+0000][1692535][trace][gc,age      ] GC(311) - age   2:        176 bytes,      11240 total
[2025-08-21T06:28:23.738+0000][1692535][trace][gc,age      ] GC(311) - age   4:        176 bytes,      11416 total
[2025-08-21T06:28:23.738+0000][1692535][trace][gc,age      ] GC(311) - age   5:        336 bytes,      11752 total
[2025-08-21T06:28:23.738+0000][1692535][trace][gc,age      ] GC(311) - age  11:         72 bytes,      11824 total
[2025-08-21T06:28:23.738+0000][1692535][info ][gc,heap     ] GC(311) Eden regions: 75->0(75)
[2025-08-21T06:28:23.738+0000][1692535][info ][gc,heap     ] GC(311) Survivor regions: 1->1(10)
[2025-08-21T06:28:23.738+0000][1692535][info ][gc,heap     ] GC(311) Old regions: 22->22
[2025-08-21T06:28:23.738+0000][1692535][info ][gc,heap     ] GC(311) Humongous regions: 0->0
[2025-08-21T06:28:23.738+0000][1692535][info ][gc,metaspace] GC(311) Metaspace: 137943K(143808K)->137943K(143808K) NonClass: 119727K(123328K)->119727K(123328K) Class: 18216K(20480K)->18216K(20480K)
[2025-08-21T06:28:23.738+0000][1692535][info ][gc          ] GC(311) Pause Young (Normal) (G1 Evacuation Pause) 386M->86M(512M) 1.911ms
[2025-08-21T06:28:23.738+0000][1692535][info ][gc,cpu      ] GC(311) User=0.00s Sys=0.00s Real=0.00s
[2025-08-21T06:28:23.738+0000][1692535][info ][safepoint   ] Safepoint "G1CollectForAllocation", Time since last: 702970136389 ns, Reaching safepoint: 7521 ns, Cleanup: 2834 ns, At safepoint: 1944086 ns, Total: 1954441 ns
[2025-08-21T06:40:09.179+0000][1692535][info ][gc,start    ] GC(312) Pause Young (Normal) (G1 Evacuation Pause)
[2025-08-21T06:40:09.179+0000][1692535][info ][gc,task     ] GC(312) Using 1 workers of 1 for evacuation
[2025-08-21T06:40:09.179+0000][1692535][debug][gc,age      ] GC(312) Desired survivor size 20971520 bytes, new threshold 15 (max threshold 15)
[2025-08-21T06:40:09.181+0000][1692535][info ][gc,phases   ] GC(312)   Pre Evacuate Collection Set: 0.0ms
[2025-08-21T06:40:09.181+0000][1692535][info ][gc,phases   ] GC(312)   Merge Heap Roots: 0.0ms
[2025-08-21T06:40:09.181+0000][1692535][info ][gc,phases   ] GC(312)   Evacuate Collection Set: 0.6ms
[2025-08-21T06:40:09.181+0000][1692535][info ][gc,phases   ] GC(312)   Post Evacuate Collection Set: 0.7ms
[2025-08-21T06:40:09.181+0000][1692535][info ][gc,phases   ] GC(312)   Other: 0.0ms
[2025-08-21T06:40:09.181+0000][1692535][trace][gc,age      ] GC(312) Age table with threshold 15 (max threshold 15)
[2025-08-21T06:40:09.181+0000][1692535][trace][gc,age      ] GC(312) - age   1:      11056 bytes,      11056 total
[2025-08-21T06:40:09.181+0000][1692535][trace][gc,age      ] GC(312) - age   5:        176 bytes,      11232 total
[2025-08-21T06:40:09.181+0000][1692535][trace][gc,age      ] GC(312) - age   6:        336 bytes,      11568 total
[2025-08-21T06:40:09.181+0000][1692535][trace][gc,age      ] GC(312) - age  12:         72 bytes,      11640 total
[2025-08-21T06:40:09.181+0000][1692535][info ][gc,heap     ] GC(312) Eden regions: 75->0(75)
[2025-08-21T06:40:09.181+0000][1692535][info ][gc,heap     ] GC(312) Survivor regions: 1->1(10)
[2025-08-21T06:40:09.181+0000][1692535][info ][gc,heap     ] GC(312) Old regions: 22->22
[2025-08-21T06:40:09.181+0000][1692535][info ][gc,heap     ] GC(312) Humongous regions: 0->0
[2025-08-21T06:40:09.181+0000][1692535][info ][gc,metaspace] GC(312) Metaspace: 137943K(143808K)->137943K(143808K) NonClass: 119727K(123328K)->119727K(123328K) Class: 18216K(20480K)->18216K(20480K)
[2025-08-21T06:40:09.181+0000][1692535][info ][gc          ] GC(312) Pause Young (Normal) (G1 Evacuation Pause) 386M->86M(512M) 1.679ms
[2025-08-21T06:40:09.181+0000][1692535][info ][gc,cpu      ] GC(312) User=0.00s Sys=0.00s Real=0.00s
[2025-08-21T06:40:09.181+0000][1692535][info ][safepoint   ] Safepoint "G1CollectForAllocation", Time since last: 705441280298 ns, Reaching safepoint: 7761 ns, Cleanup: 2584 ns, At safepoint: 1712937 ns, Total: 1723282 ns
[2025-08-21T06:51:54.578+0000][1692535][info ][gc,start    ] GC(313) Pause Young (Normal) (G1 Evacuation Pause)
[2025-08-21T06:51:54.579+0000][1692535][info ][gc,task     ] GC(313) Using 1 workers of 1 for evacuation
[2025-08-21T06:51:54.579+0000][1692535][debug][gc,age      ] GC(313) Desired survivor size 20971520 bytes, new threshold 15 (max threshold 15)
[2025-08-21T06:51:54.580+0000][1692535][info ][gc,phases   ] GC(313)   Pre Evacuate Collection Set: 0.0ms
[2025-08-21T06:51:54.580+0000][1692535][info ][gc,phases   ] GC(313)   Merge Heap Roots: 0.0ms
[2025-08-21T06:51:54.580+0000][1692535][info ][gc,phases   ] GC(313)   Evacuate Collection Set: 0.6ms
[2025-08-21T06:51:54.580+0000][1692535][info ][gc,phases   ] GC(313)   Post Evacuate Collection Set: 0.8ms
[2025-08-21T06:51:54.580+0000][1692535][info ][gc,phases   ] GC(313)   Other: 0.0ms
[2025-08-21T06:51:54.580+0000][1692535][trace][gc,age      ] GC(313) Age table with threshold 15 (max threshold 15)
[2025-08-21T06:51:54.580+0000][1692535][trace][gc,age      ] GC(313) - age   1:      11176 bytes,      11176 total
[2025-08-21T06:51:54.580+0000][1692535][trace][gc,age      ] GC(313) - age   7:        336 bytes,      11512 total
[2025-08-21T06:51:54.580+0000][1692535][trace][gc,age      ] GC(313) - age  13:         72 bytes,      11584 total
[2025-08-21T06:51:54.580+0000][1692535][info ][gc,heap     ] GC(313) Eden regions: 75->0(75)
[2025-08-21T06:51:54.580+0000][1692535][info ][gc,heap     ] GC(313) Survivor regions: 1->1(10)
[2025-08-21T06:51:54.580+0000][1692535][info ][gc,heap     ] GC(313) Old regions: 22->22
[2025-08-21T06:51:54.580+0000][1692535][info ][gc,heap     ] GC(313) Humongous regions: 0->0
[2025-08-21T06:51:54.580+0000][1692535][info ][gc,metaspace] GC(313) Metaspace: 137943K(143808K)->137943K(143808K) NonClass: 119727K(123328K)->119727K(123328K) Class: 18216K(20480K)->18216K(20480K)
[2025-08-21T06:51:54.580+0000][1692535][info ][gc          ] GC(313) Pause Young (Normal) (G1 Evacuation Pause) 386M->86M(512M) 1.780ms
[2025-08-21T06:51:54.580+0000][1692535][info ][gc,cpu      ] GC(313) User=0.01s Sys=0.00s Real=0.00s
[2025-08-21T06:51:54.580+0000][1692535][info ][safepoint   ] Safepoint "G1CollectForAllocation", Time since last: 705397315068 ns, Reaching safepoint: 6991 ns, Cleanup: 3075 ns, At safepoint: 1813268 ns, Total: 1823334 ns
[2025-08-21T07:03:40.012+0000][1692535][info ][gc,start    ] GC(314) Pause Young (Normal) (G1 Evacuation Pause)
[2025-08-21T07:03:40.012+0000][1692535][info ][gc,task     ] GC(314) Using 1 workers of 1 for evacuation
[2025-08-21T07:03:40.012+0000][1692535][debug][gc,age      ] GC(314) Desired survivor size 20971520 bytes, new threshold 15 (max threshold 15)
[2025-08-21T07:03:40.014+0000][1692535][info ][gc,phases   ] GC(314)   Pre Evacuate Collection Set: 0.0ms
[2025-08-21T07:03:40.014+0000][1692535][info ][gc,phases   ] GC(314)   Merge Heap Roots: 0.0ms
[2025-08-21T07:03:40.014+0000][1692535][info ][gc,phases   ] GC(314)   Evacuate Collection Set: 0.6ms
[2025-08-21T07:03:40.014+0000][1692535][info ][gc,phases   ] GC(314)   Post Evacuate Collection Set: 0.9ms
[2025-08-21T07:03:40.014+0000][1692535][info ][gc,phases   ] GC(314)   Other: 0.0ms
[2025-08-21T07:03:40.014+0000][1692535][trace][gc,age      ] GC(314) Age table with threshold 15 (max threshold 15)
[2025-08-21T07:03:40.014+0000][1692535][trace][gc,age      ] GC(314) - age   1:      11032 bytes,      11032 total
[2025-08-21T07:03:40.014+0000][1692535][trace][gc,age      ] GC(314) - age   2:        176 bytes,      11208 total
[2025-08-21T07:03:40.014+0000][1692535][trace][gc,age      ] GC(314) - age   8:        336 bytes,      11544 total
[2025-08-21T07:03:40.014+0000][1692535][trace][gc,age      ] GC(314) - age  14:         72 bytes,      11616 total
[2025-08-21T07:03:40.014+0000][1692535][info ][gc,heap     ] GC(314) Eden regions: 75->0(75)
[2025-08-21T07:03:40.014+0000][1692535][info ][gc,heap     ] GC(314) Survivor regions: 1->1(10)
[2025-08-21T07:03:40.014+0000][1692535][info ][gc,heap     ] GC(314) Old regions: 22->22
[2025-08-21T07:03:40.014+0000][1692535][info ][gc,heap     ] GC(314) Humongous regions: 0->0
[2025-08-21T07:03:40.014+0000][1692535][info ][gc,metaspace] GC(314) Metaspace: 137943K(143808K)->137943K(143808K) NonClass: 119727K(123328K)->119727K(123328K) Class: 18216K(20480K)->18216K(20480K)
[2025-08-21T07:03:40.014+0000][1692535][info ][gc          ] GC(314) Pause Young (Normal) (G1 Evacuation Pause) 386M->86M(512M) 1.815ms
[2025-08-21T07:03:40.014+0000][1692535][info ][gc,cpu      ] GC(314) User=0.00s Sys=0.00s Real=0.00s
[2025-08-21T07:03:40.014+0000][1692535][info ][safepoint   ] Safepoint "G1CollectForAllocation", Time since last: 705431646515 ns, Reaching safepoint: 6810 ns, Cleanup: 2784 ns, At safepoint: 1848913 ns, Total: 1858507 ns
[2025-08-21T07:15:25.268+0000][1692535][info ][gc,start    ] GC(315) Pause Young (Normal) (G1 Evacuation Pause)
[2025-08-21T07:15:25.268+0000][1692535][info ][gc,task     ] GC(315) Using 1 workers of 1 for evacuation
[2025-08-21T07:15:25.268+0000][1692535][debug][gc,age      ] GC(315) Desired survivor size 20971520 bytes, new threshold 15 (max threshold 15)
[2025-08-21T07:15:25.270+0000][1692535][info ][gc,phases   ] GC(315)   Pre Evacuate Collection Set: 0.1ms
[2025-08-21T07:15:25.270+0000][1692535][info ][gc,phases   ] GC(315)   Merge Heap Roots: 0.0ms
[2025-08-21T07:15:25.270+0000][1692535][info ][gc,phases   ] GC(315)   Evacuate Collection Set: 0.6ms
[2025-08-21T07:15:25.270+0000][1692535][info ][gc,phases   ] GC(315)   Post Evacuate Collection Set: 0.9ms
[2025-08-21T07:15:25.270+0000][1692535][info ][gc,phases   ] GC(315)   Other: 0.0ms
[2025-08-21T07:15:25.270+0000][1692535][trace][gc,age      ] GC(315) Age table with threshold 15 (max threshold 15)
[2025-08-21T07:15:25.270+0000][1692535][trace][gc,age      ] GC(315) - age   1:      13208 bytes,      13208 total
[2025-08-21T07:15:25.270+0000][1692535][trace][gc,age      ] GC(315) - age   2:        176 bytes,      13384 total
[2025-08-21T07:15:25.270+0000][1692535][trace][gc,age      ] GC(315) - age   3:        176 bytes,      13560 total
[2025-08-21T07:15:25.270+0000][1692535][trace][gc,age      ] GC(315) - age   9:        336 bytes,      13896 total
[2025-08-21T07:15:25.270+0000][1692535][trace][gc,age      ] GC(315) - age  15:         72 bytes,      13968 total
[2025-08-21T07:15:25.270+0000][1692535][info ][gc,heap     ] GC(315) Eden regions: 75->0(75)
[2025-08-21T07:15:25.270+0000][1692535][info ][gc,heap     ] GC(315) Survivor regions: 1->1(10)
[2025-08-21T07:15:25.270+0000][1692535][info ][gc,heap     ] GC(315) Old regions: 22->22
[2025-08-21T07:15:25.270+0000][1692535][info ][gc,heap     ] GC(315) Humongous regions: 0->0
[2025-08-21T07:15:25.270+0000][1692535][info ][gc,metaspace] GC(315) Metaspace: 137943K(143808K)->137943K(143808K) NonClass: 119727K(123328K)->119727K(123328K) Class: 18216K(20480K)->18216K(20480K)
[2025-08-21T07:15:25.270+0000][1692535][info ][gc          ] GC(315) Pause Young (Normal) (G1 Evacuation Pause) 386M->86M(512M) 2.089ms
[2025-08-21T07:15:25.270+0000][1692535][info ][gc,cpu      ] GC(315) User=0.00s Sys=0.00s Real=0.00s
[2025-08-21T07:15:25.270+0000][1692535][info ][safepoint   ] Safepoint "G1CollectForAllocation", Time since last: 705254100682 ns, Reaching safepoint: 7041 ns, Cleanup: 3084 ns, At safepoint: 2122476 ns, Total: 2132601 ns
[2025-08-21T07:22:26.295+0000][1692535][info ][safepoint   ] Safepoint "Cleanup", Time since last: 421025074222 ns, Reaching safepoint: 44917 ns, Cleanup: 11087 ns, At safepoint: 5058 ns, Total: 61062 ns
[2025-08-21T07:23:56.301+0000][1692535][info ][safepoint   ] Safepoint "Cleanup", Time since last: 90005596430 ns, Reaching safepoint: 37156 ns, Cleanup: 9755 ns, At safepoint: 4977 ns, Total: 51888 ns
[2025-08-21T07:27:11.174+0000][1692535][info ][gc,start    ] GC(316) Pause Young (Normal) (G1 Evacuation Pause)
[2025-08-21T07:27:11.174+0000][1692535][info ][gc,task     ] GC(316) Using 1 workers of 1 for evacuation
[2025-08-21T07:27:11.174+0000][1692535][debug][gc,age      ] GC(316) Desired survivor size 20971520 bytes, new threshold 15 (max threshold 15)
[2025-08-21T07:27:11.178+0000][1692535][info ][gc,phases   ] GC(316)   Pre Evacuate Collection Set: 0.0ms
[2025-08-21T07:27:11.178+0000][1692535][info ][gc,phases   ] GC(316)   Merge Heap Roots: 0.0ms
[2025-08-21T07:27:11.178+0000][1692535][info ][gc,phases   ] GC(316)   Evacuate Collection Set: 0.7ms
[2025-08-21T07:27:11.178+0000][1692535][info ][gc,phases   ] GC(316)   Post Evacuate Collection Set: 2.5ms
[2025-08-21T07:27:11.178+0000][1692535][info ][gc,phases   ] GC(316)   Other: 0.0ms
[2025-08-21T07:27:11.178+0000][1692535][trace][gc,age      ] GC(316) Age table with threshold 15 (max threshold 15)
[2025-08-21T07:27:11.178+0000][1692535][trace][gc,age      ] GC(316) - age   1:      10800 bytes,      10800 total
[2025-08-21T07:27:11.178+0000][1692535][trace][gc,age      ] GC(316) - age   2:        176 bytes,      10976 total
[2025-08-21T07:27:11.178+0000][1692535][trace][gc,age      ] GC(316) - age   4:        176 bytes,      11152 total
[2025-08-21T07:27:11.178+0000][1692535][trace][gc,age      ] GC(316) - age  10:        336 bytes,      11488 total
[2025-08-21T07:27:11.178+0000][1692535][info ][gc,heap     ] GC(316) Eden regions: 75->0(75)
[2025-08-21T07:27:11.178+0000][1692535][info ][gc,heap     ] GC(316) Survivor regions: 1->1(10)
[2025-08-21T07:27:11.178+0000][1692535][info ][gc,heap     ] GC(316) Old regions: 22->22
[2025-08-21T07:27:11.178+0000][1692535][info ][gc,heap     ] GC(316) Humongous regions: 0->0
[2025-08-21T07:27:11.178+0000][1692535][info ][gc,metaspace] GC(316) Metaspace: 137943K(143808K)->137943K(143808K) NonClass: 119727K(123328K)->119727K(123328K) Class: 18216K(20480K)->18216K(20480K)
[2025-08-21T07:27:11.178+0000][1692535][info ][gc          ] GC(316) Pause Young (Normal) (G1 Evacuation Pause) 386M->86M(512M) 3.590ms
[2025-08-21T07:27:11.178+0000][1692535][info ][gc,cpu      ] GC(316) User=0.00s Sys=0.00s Real=0.01s
[2025-08-21T07:27:11.178+0000][1692535][info ][safepoint   ] Safepoint "G1CollectForAllocation", Time since last: 194873307049 ns, Reaching safepoint: 7000 ns, Cleanup: 2694 ns, At safepoint: 3623903 ns, Total: 3633597 ns
[2025-08-21T07:34:26.203+0000][1692535][info ][safepoint   ] Safepoint "Cleanup", Time since last: 435025272131 ns, Reaching safepoint: 68433 ns, Cleanup: 11127 ns, At safepoint: 2764 ns, Total: 82324 ns
[2025-08-21T07:38:51.760+0000][1692535][info ][gc,start    ] GC(317) Pause Young (Normal) (G1 Evacuation Pause)
[2025-08-21T07:38:51.760+0000][1692535][info ][gc,task     ] GC(317) Using 1 workers of 1 for evacuation
[2025-08-21T07:38:51.760+0000][1692535][debug][gc,age      ] GC(317) Desired survivor size 20971520 bytes, new threshold 15 (max threshold 15)
[2025-08-21T07:38:51.762+0000][1692535][info ][gc,phases   ] GC(317)   Pre Evacuate Collection Set: 0.0ms
[2025-08-21T07:38:51.762+0000][1692535][info ][gc,phases   ] GC(317)   Merge Heap Roots: 0.0ms
[2025-08-21T07:38:51.762+0000][1692535][info ][gc,phases   ] GC(317)   Evacuate Collection Set: 0.6ms
[2025-08-21T07:38:51.762+0000][1692535][info ][gc,phases   ] GC(317)   Post Evacuate Collection Set: 1.6ms
[2025-08-21T07:38:51.762+0000][1692535][info ][gc,phases   ] GC(317)   Other: 0.0ms
[2025-08-21T07:38:51.762+0000][1692535][trace][gc,age      ] GC(317) Age table with threshold 15 (max threshold 15)
[2025-08-21T07:38:51.762+0000][1692535][trace][gc,age      ] GC(317) - age   1:      22280 bytes,      22280 total
[2025-08-21T07:38:51.762+0000][1692535][trace][gc,age      ] GC(317) - age   5:        176 bytes,      22456 total
[2025-08-21T07:38:51.762+0000][1692535][trace][gc,age      ] GC(317) - age  11:        336 bytes,      22792 total
[2025-08-21T07:38:51.762+0000][1692535][info ][gc,heap     ] GC(317) Eden regions: 75->0(75)
[2025-08-21T07:38:51.762+0000][1692535][info ][gc,heap     ] GC(317) Survivor regions: 1->1(10)
[2025-08-21T07:38:51.762+0000][1692535][info ][gc,heap     ] GC(317) Old regions: 22->22
[2025-08-21T07:38:51.762+0000][1692535][info ][gc,heap     ] GC(317) Humongous regions: 0->0
[2025-08-21T07:38:51.762+0000][1692535][info ][gc,metaspace] GC(317) Metaspace: 137943K(143808K)->137943K(143808K) NonClass: 119727K(123328K)->119727K(123328K) Class: 18216K(20480K)->18216K(20480K)
[2025-08-21T07:38:51.762+0000][1692535][info ][gc          ] GC(317) Pause Young (Normal) (G1 Evacuation Pause) 386M->86M(512M) 2.550ms
[2025-08-21T07:38:51.762+0000][1692535][info ][gc,cpu      ] GC(317) User=0.00s Sys=0.00s Real=0.00s
[2025-08-21T07:38:51.762+0000][1692535][info ][safepoint   ] Safepoint "G1CollectForAllocation", Time since last: 265556780461 ns, Reaching safepoint: 8533 ns, Cleanup: 2724 ns, At safepoint: 2583242 ns, Total: 2594499 ns
[2025-08-21T07:50:37.344+0000][1692535][info ][gc,start    ] GC(318) Pause Young (Normal) (G1 Evacuation Pause)
[2025-08-21T07:50:37.344+0000][1692535][info ][gc,task     ] GC(318) Using 1 workers of 1 for evacuation
[2025-08-21T07:50:37.344+0000][1692535][debug][gc,age      ] GC(318) Desired survivor size 20971520 bytes, new threshold 15 (max threshold 15)
[2025-08-21T07:50:37.346+0000][1692535][info ][gc,phases   ] GC(318)   Pre Evacuate Collection Set: 0.0ms
[2025-08-21T07:50:37.346+0000][1692535][info ][gc,phases   ] GC(318)   Merge Heap Roots: 0.0ms
[2025-08-21T07:50:37.346+0000][1692535][info ][gc,phases   ] GC(318)   Evacuate Collection Set: 0.6ms
[2025-08-21T07:50:37.346+0000][1692535][info ][gc,phases   ] GC(318)   Post Evacuate Collection Set: 0.9ms
[2025-08-21T07:50:37.346+0000][1692535][info ][gc,phases   ] GC(318)   Other: 0.0ms
[2025-08-21T07:50:37.346+0000][1692535][trace][gc,age      ] GC(318) Age table with threshold 15 (max threshold 15)
[2025-08-21T07:50:37.346+0000][1692535][trace][gc,age      ] GC(318) - age   1:      11208 bytes,      11208 total
[2025-08-21T07:50:37.346+0000][1692535][trace][gc,age      ] GC(318) - age   2:       2816 bytes,      14024 total
[2025-08-21T07:50:37.346+0000][1692535][trace][gc,age      ] GC(318) - age  12:        336 bytes,      14360 total
[2025-08-21T07:50:37.346+0000][1692535][info ][gc,heap     ] GC(318) Eden regions: 75->0(75)
[2025-08-21T07:50:37.346+0000][1692535][info ][gc,heap     ] GC(318) Survivor regions: 1->1(10)
[2025-08-21T07:50:37.346+0000][1692535][info ][gc,heap     ] GC(318) Old regions: 22->22
[2025-08-21T07:50:37.346+0000][1692535][info ][gc,heap     ] GC(318) Humongous regions: 0->0
[2025-08-21T07:50:37.346+0000][1692535][info ][gc,metaspace] GC(318) Metaspace: 137943K(143808K)->137943K(143808K) NonClass: 119727K(123328K)->119727K(123328K) Class: 18216K(20480K)->18216K(20480K)
[2025-08-21T07:50:37.346+0000][1692535][info ][gc          ] GC(318) Pause Young (Normal) (G1 Evacuation Pause) 386M->86M(512M) 1.834ms
[2025-08-21T07:50:37.346+0000][1692535][info ][gc,cpu      ] GC(318) User=0.00s Sys=0.00s Real=0.01s
[2025-08-21T07:50:37.346+0000][1692535][info ][safepoint   ] Safepoint "G1CollectForAllocation", Time since last: 705581620698 ns, Reaching safepoint: 7121 ns, Cleanup: 2574 ns, At safepoint: 1866621 ns, Total: 1876316 ns
[2025-08-21T08:02:22.914+0000][1692535][info ][gc,start    ] GC(319) Pause Young (Normal) (G1 Evacuation Pause)
[2025-08-21T08:02:22.914+0000][1692535][info ][gc,task     ] GC(319) Using 1 workers of 1 for evacuation
[2025-08-21T08:02:22.914+0000][1692535][debug][gc,age      ] GC(319) Desired survivor size 20971520 bytes, new threshold 15 (max threshold 15)
[2025-08-21T08:02:22.916+0000][1692535][info ][gc,phases   ] GC(319)   Pre Evacuate Collection Set: 0.0ms
[2025-08-21T08:02:22.916+0000][1692535][info ][gc,phases   ] GC(319)   Merge Heap Roots: 0.0ms
[2025-08-21T08:02:22.916+0000][1692535][info ][gc,phases   ] GC(319)   Evacuate Collection Set: 0.6ms
[2025-08-21T08:02:22.916+0000][1692535][info ][gc,phases   ] GC(319)   Post Evacuate Collection Set: 1.0ms
[2025-08-21T08:02:22.916+0000][1692535][info ][gc,phases   ] GC(319)   Other: 0.0ms
[2025-08-21T08:02:22.916+0000][1692535][trace][gc,age      ] GC(319) Age table with threshold 15 (max threshold 15)
[2025-08-21T08:02:22.916+0000][1692535][trace][gc,age      ] GC(319) - age   1:      11056 bytes,      11056 total
[2025-08-21T08:02:22.916+0000][1692535][trace][gc,age      ] GC(319) - age   2:        176 bytes,      11232 total
[2025-08-21T08:02:22.916+0000][1692535][trace][gc,age      ] GC(319) - age   3:       2816 bytes,      14048 total
[2025-08-21T08:02:22.916+0000][1692535][trace][gc,age      ] GC(319) - age  13:        336 bytes,      14384 total
[2025-08-21T08:02:22.916+0000][1692535][info ][gc,heap     ] GC(319) Eden regions: 75->0(75)
[2025-08-21T08:02:22.916+0000][1692535][info ][gc,heap     ] GC(319) Survivor regions: 1->1(10)
[2025-08-21T08:02:22.916+0000][1692535][info ][gc,heap     ] GC(319) Old regions: 22->22
[2025-08-21T08:02:22.916+0000][1692535][info ][gc,heap     ] GC(319) Humongous regions: 0->0
[2025-08-21T08:02:22.916+0000][1692535][info ][gc,metaspace] GC(319) Metaspace: 137943K(143808K)->137943K(143808K) NonClass: 119727K(123328K)->119727K(123328K) Class: 18216K(20480K)->18216K(20480K)
[2025-08-21T08:02:22.916+0000][1692535][info ][gc          ] GC(319) Pause Young (Normal) (G1 Evacuation Pause) 386M->86M(512M) 1.933ms
[2025-08-21T08:02:22.916+0000][1692535][info ][gc,cpu      ] GC(319) User=0.00s Sys=0.00s Real=0.01s
[2025-08-21T08:02:22.916+0000][1692535][info ][safepoint   ] Safepoint "G1CollectForAllocation", Time since last: 705568184266 ns, Reaching safepoint: 9555 ns, Cleanup: 2804 ns, At safepoint: 1966471 ns, Total: 1978830 ns
[2025-08-21T08:14:08.834+0000][1692535][info ][gc,start    ] GC(320) Pause Young (Normal) (G1 Evacuation Pause)
[2025-08-21T08:14:08.835+0000][1692535][info ][gc,task     ] GC(320) Using 1 workers of 1 for evacuation
[2025-08-21T08:14:08.835+0000][1692535][debug][gc,age      ] GC(320) Desired survivor size 20971520 bytes, new threshold 15 (max threshold 15)
[2025-08-21T08:14:08.836+0000][1692535][info ][gc,phases   ] GC(320)   Pre Evacuate Collection Set: 0.0ms
[2025-08-21T08:14:08.836+0000][1692535][info ][gc,phases   ] GC(320)   Merge Heap Roots: 0.0ms
[2025-08-21T08:14:08.836+0000][1692535][info ][gc,phases   ] GC(320)   Evacuate Collection Set: 0.6ms
[2025-08-21T08:14:08.836+0000][1692535][info ][gc,phases   ] GC(320)   Post Evacuate Collection Set: 0.8ms
[2025-08-21T08:14:08.836+0000][1692535][info ][gc,phases   ] GC(320)   Other: 0.0ms
[2025-08-21T08:14:08.836+0000][1692535][trace][gc,age      ] GC(320) Age table with threshold 15 (max threshold 15)
[2025-08-21T08:14:08.836+0000][1692535][trace][gc,age      ] GC(320) - age   1:      10032 bytes,      10032 total
[2025-08-21T08:14:08.836+0000][1692535][trace][gc,age      ] GC(320) - age   2:        176 bytes,      10208 total
[2025-08-21T08:14:08.836+0000][1692535][trace][gc,age      ] GC(320) - age   3:        176 bytes,      10384 total
[2025-08-21T08:14:08.836+0000][1692535][trace][gc,age      ] GC(320) - age   4:       2816 bytes,      13200 total
[2025-08-21T08:14:08.836+0000][1692535][trace][gc,age      ] GC(320) - age  14:        336 bytes,      13536 total
[2025-08-21T08:14:08.836+0000][1692535][info ][gc,heap     ] GC(320) Eden regions: 75->0(75)
[2025-08-21T08:14:08.836+0000][1692535][info ][gc,heap     ] GC(320) Survivor regions: 1->1(10)
[2025-08-21T08:14:08.836+0000][1692535][info ][gc,heap     ] GC(320) Old regions: 22->22
[2025-08-21T08:14:08.836+0000][1692535][info ][gc,heap     ] GC(320) Humongous regions: 0->0
[2025-08-21T08:14:08.836+0000][1692535][info ][gc,metaspace] GC(320) Metaspace: 137943K(143808K)->137943K(143808K) NonClass: 119727K(123328K)->119727K(123328K) Class: 18216K(20480K)->18216K(20480K)
[2025-08-21T08:14:08.836+0000][1692535][info ][gc          ] GC(320) Pause Young (Normal) (G1 Evacuation Pause) 386M->86M(512M) 1.927ms
[2025-08-21T08:14:08.836+0000][1692535][info ][gc,cpu      ] GC(320) User=0.00s Sys=0.00s Real=0.01s
[2025-08-21T08:14:08.836+0000][1692535][info ][safepoint   ] Safepoint "G1CollectForAllocation", Time since last: 705918187827 ns, Reaching safepoint: 8383 ns, Cleanup: 3806 ns, At safepoint: 1963546 ns, Total: 1975735 ns
[2025-08-21T08:25:54.997+0000][1692535][info ][gc,start    ] GC(321) Pause Young (Normal) (G1 Evacuation Pause)
[2025-08-21T08:25:54.998+0000][1692535][info ][gc,task     ] GC(321) Using 1 workers of 1 for evacuation
[2025-08-21T08:25:54.998+0000][1692535][debug][gc,age      ] GC(321) Desired survivor size 20971520 bytes, new threshold 15 (max threshold 15)
[2025-08-21T08:25:54.999+0000][1692535][info ][gc,phases   ] GC(321)   Pre Evacuate Collection Set: 0.1ms
[2025-08-21T08:25:54.999+0000][1692535][info ][gc,phases   ] GC(321)   Merge Heap Roots: 0.0ms
[2025-08-21T08:25:54.999+0000][1692535][info ][gc,phases   ] GC(321)   Evacuate Collection Set: 0.6ms
[2025-08-21T08:25:54.999+0000][1692535][info ][gc,phases   ] GC(321)   Post Evacuate Collection Set: 0.7ms
[2025-08-21T08:25:54.999+0000][1692535][info ][gc,phases   ] GC(321)   Other: 0.3ms
[2025-08-21T08:25:54.999+0000][1692535][trace][gc,age      ] GC(321) Age table with threshold 15 (max threshold 15)
[2025-08-21T08:25:54.999+0000][1692535][trace][gc,age      ] GC(321) - age   1:       9176 bytes,       9176 total
[2025-08-21T08:25:54.999+0000][1692535][trace][gc,age      ] GC(321) - age   2:        176 bytes,       9352 total
[2025-08-21T08:25:54.999+0000][1692535][trace][gc,age      ] GC(321) - age   4:        176 bytes,       9528 total
[2025-08-21T08:25:54.999+0000][1692535][trace][gc,age      ] GC(321) - age   5:       2816 bytes,      12344 total
[2025-08-21T08:25:54.999+0000][1692535][trace][gc,age      ] GC(321) - age  15:        336 bytes,      12680 total
[2025-08-21T08:25:54.999+0000][1692535][info ][gc,heap     ] GC(321) Eden regions: 75->0(75)
[2025-08-21T08:25:54.999+0000][1692535][info ][gc,heap     ] GC(321) Survivor regions: 1->1(10)
[2025-08-21T08:25:54.999+0000][1692535][info ][gc,heap     ] GC(321) Old regions: 22->22
[2025-08-21T08:25:54.999+0000][1692535][info ][gc,heap     ] GC(321) Humongous regions: 0->0
[2025-08-21T08:25:54.999+0000][1692535][info ][gc,metaspace] GC(321) Metaspace: 137943K(143808K)->137943K(143808K) NonClass: 119727K(123328K)->119727K(123328K) Class: 18216K(20480K)->18216K(20480K)
[2025-08-21T08:25:55.000+0000][1692535][info ][gc          ] GC(321) Pause Young (Normal) (G1 Evacuation Pause) 386M->86M(512M) 2.132ms
[2025-08-21T08:25:55.000+0000][1692535][info ][gc,cpu      ] GC(321) User=0.00s Sys=0.00s Real=0.00s
[2025-08-21T08:25:55.000+0000][1692535][info ][safepoint   ] Safepoint "G1CollectForAllocation", Time since last: 706161199816 ns, Reaching safepoint: 10125 ns, Cleanup: 3035 ns, At safepoint: 2167273 ns, Total: 2180433 ns
[2025-08-21T08:37:36.971+0000][1692535][info ][gc,start    ] GC(322) Pause Young (Normal) (G1 Evacuation Pause)
[2025-08-21T08:37:36.971+0000][1692535][info ][gc,task     ] GC(322) Using 1 workers of 1 for evacuation
[2025-08-21T08:37:36.971+0000][1692535][debug][gc,age      ] GC(322) Desired survivor size 20971520 bytes, new threshold 15 (max threshold 15)
[2025-08-21T08:37:36.973+0000][1692535][info ][gc,phases   ] GC(322)   Pre Evacuate Collection Set: 0.0ms
[2025-08-21T08:37:36.973+0000][1692535][info ][gc,phases   ] GC(322)   Merge Heap Roots: 0.0ms
[2025-08-21T08:37:36.973+0000][1692535][info ][gc,phases   ] GC(322)   Evacuate Collection Set: 0.6ms
[2025-08-21T08:37:36.973+0000][1692535][info ][gc,phases   ] GC(322)   Post Evacuate Collection Set: 0.7ms
[2025-08-21T08:37:36.973+0000][1692535][info ][gc,phases   ] GC(322)   Other: 0.0ms
[2025-08-21T08:37:36.973+0000][1692535][trace][gc,age      ] GC(322) Age table with threshold 15 (max threshold 15)
[2025-08-21T08:37:36.973+0000][1692535][trace][gc,age      ] GC(322) - age   1:       9480 bytes,       9480 total
[2025-08-21T08:37:36.973+0000][1692535][trace][gc,age      ] GC(322) - age   5:        176 bytes,       9656 total
[2025-08-21T08:37:36.973+0000][1692535][trace][gc,age      ] GC(322) - age   6:       2816 bytes,      12472 total
[2025-08-21T08:37:36.973+0000][1692535][info ][gc,heap     ] GC(322) Eden regions: 75->0(75)
[2025-08-21T08:37:36.973+0000][1692535][info ][gc,heap     ] GC(322) Survivor regions: 1->1(10)
[2025-08-21T08:37:36.973+0000][1692535][info ][gc,heap     ] GC(322) Old regions: 22->22
[2025-08-21T08:37:36.973+0000][1692535][info ][gc,heap     ] GC(322) Humongous regions: 0->0
[2025-08-21T08:37:36.973+0000][1692535][info ][gc,metaspace] GC(322) Metaspace: 137943K(143808K)->137943K(143808K) NonClass: 119727K(123328K)->119727K(123328K) Class: 18216K(20480K)->18216K(20480K)
[2025-08-21T08:37:36.973+0000][1692535][info ][gc          ] GC(322) Pause Young (Normal) (G1 Evacuation Pause) 386M->86M(512M) 1.930ms
[2025-08-21T08:37:36.973+0000][1692535][info ][gc,cpu      ] GC(322) User=0.00s Sys=0.00s Real=0.00s
[2025-08-21T08:37:36.973+0000][1692535][info ][safepoint   ] Safepoint "G1CollectForAllocation", Time since last: 701971445727 ns, Reaching safepoint: 7842 ns, Cleanup: 3846 ns, At safepoint: 1975253 ns, Total: 1986941 ns
[2025-08-21T08:49:25.180+0000][1692535][info ][gc,start    ] GC(323) Pause Young (Normal) (G1 Evacuation Pause)
[2025-08-21T08:49:25.181+0000][1692535][info ][gc,task     ] GC(323) Using 1 workers of 1 for evacuation
[2025-08-21T08:49:25.181+0000][1692535][debug][gc,age      ] GC(323) Desired survivor size 20971520 bytes, new threshold 15 (max threshold 15)
[2025-08-21T08:49:25.189+0000][1692535][info ][gc,phases   ] GC(323)   Pre Evacuate Collection Set: 1.7ms
[2025-08-21T08:49:25.189+0000][1692535][info ][gc,phases   ] GC(323)   Merge Heap Roots: 0.0ms
[2025-08-21T08:49:25.189+0000][1692535][info ][gc,phases   ] GC(323)   Evacuate Collection Set: 1.0ms
[2025-08-21T08:49:25.189+0000][1692535][info ][gc,phases   ] GC(323)   Post Evacuate Collection Set: 5.6ms
[2025-08-21T08:49:25.189+0000][1692535][info ][gc,phases   ] GC(323)   Other: 0.1ms
[2025-08-21T08:49:25.189+0000][1692535][trace][gc,age      ] GC(323) Age table with threshold 15 (max threshold 15)
[2025-08-21T08:49:25.189+0000][1692535][trace][gc,age      ] GC(323) - age   1:      80416 bytes,      80416 total
[2025-08-21T08:49:25.189+0000][1692535][trace][gc,age      ] GC(323) - age   7:       2816 bytes,      83232 total
[2025-08-21T08:49:25.189+0000][1692535][info ][gc,heap     ] GC(323) Eden regions: 75->0(75)
[2025-08-21T08:49:25.189+0000][1692535][info ][gc,heap     ] GC(323) Survivor regions: 1->1(10)
[2025-08-21T08:49:25.189+0000][1692535][info ][gc,heap     ] GC(323) Old regions: 22->22
[2025-08-21T08:49:25.189+0000][1692535][info ][gc,heap     ] GC(323) Humongous regions: 0->0
[2025-08-21T08:49:25.189+0000][1692535][info ][gc,metaspace] GC(323) Metaspace: 137943K(143808K)->137943K(143808K) NonClass: 119727K(123328K)->119727K(123328K) Class: 18216K(20480K)->18216K(20480K)
[2025-08-21T08:49:25.189+0000][1692535][info ][gc          ] GC(323) Pause Young (Normal) (G1 Evacuation Pause) 386M->86M(512M) 8.872ms
[2025-08-21T08:49:25.189+0000][1692535][info ][gc,cpu      ] GC(323) User=0.00s Sys=0.00s Real=0.01s
[2025-08-21T08:49:25.189+0000][1692535][info ][safepoint   ] Safepoint "G1CollectForAllocation", Time since last: 708207442682 ns, Reaching safepoint: 8073 ns, Cleanup: 3675 ns, At safepoint: 8920533 ns, Total: 8932281 ns
[2025-08-21T09:01:10.875+0000][1692535][info ][gc,start    ] GC(324) Pause Young (Normal) (G1 Evacuation Pause)
[2025-08-21T09:01:10.875+0000][1692535][info ][gc,task     ] GC(324) Using 1 workers of 1 for evacuation
[2025-08-21T09:01:10.875+0000][1692535][debug][gc,age      ] GC(324) Desired survivor size 20971520 bytes, new threshold 15 (max threshold 15)
[2025-08-21T09:01:10.879+0000][1692535][info ][gc,phases   ] GC(324)   Pre Evacuate Collection Set: 0.0ms
[2025-08-21T09:01:10.879+0000][1692535][info ][gc,phases   ] GC(324)   Merge Heap Roots: 0.0ms
[2025-08-21T09:01:10.879+0000][1692535][info ][gc,phases   ] GC(324)   Evacuate Collection Set: 0.6ms
[2025-08-21T09:01:10.879+0000][1692535][info ][gc,phases   ] GC(324)   Post Evacuate Collection Set: 3.0ms
[2025-08-21T09:01:10.879+0000][1692535][info ][gc,phases   ] GC(324)   Other: 0.0ms
[2025-08-21T09:01:10.879+0000][1692535][trace][gc,age      ] GC(324) Age table with threshold 15 (max threshold 15)
[2025-08-21T09:01:10.879+0000][1692535][trace][gc,age      ] GC(324) - age   1:      10856 bytes,      10856 total
[2025-08-21T09:01:10.879+0000][1692535][trace][gc,age      ] GC(324) - age   2:        352 bytes,      11208 total
[2025-08-21T09:01:10.879+0000][1692535][trace][gc,age      ] GC(324) - age   8:       2816 bytes,      14024 total
[2025-08-21T09:01:10.879+0000][1692535][info ][gc,heap     ] GC(324) Eden regions: 75->0(75)
[2025-08-21T09:01:10.879+0000][1692535][info ][gc,heap     ] GC(324) Survivor regions: 1->1(10)
[2025-08-21T09:01:10.879+0000][1692535][info ][gc,heap     ] GC(324) Old regions: 22->22
[2025-08-21T09:01:10.879+0000][1692535][info ][gc,heap     ] GC(324) Humongous regions: 0->0
[2025-08-21T09:01:10.879+0000][1692535][info ][gc,metaspace] GC(324) Metaspace: 137943K(143808K)->137943K(143808K) NonClass: 119727K(123328K)->119727K(123328K) Class: 18216K(20480K)->18216K(20480K)
[2025-08-21T09:01:10.879+0000][1692535][info ][gc          ] GC(324) Pause Young (Normal) (G1 Evacuation Pause) 386M->86M(512M) 4.036ms
[2025-08-21T09:01:10.879+0000][1692535][info ][gc,cpu      ] GC(324) User=0.00s Sys=0.00s Real=0.01s
[2025-08-21T09:01:10.879+0000][1692535][info ][safepoint   ] Safepoint "G1CollectForAllocation", Time since last: 705685303944 ns, Reaching safepoint: 7372 ns, Cleanup: 2794 ns, At safepoint: 4071616 ns, Total: 4081782 ns
[2025-08-21T09:12:52.448+0000][1692535][info ][gc,start    ] GC(325) Pause Young (Normal) (G1 Evacuation Pause)
[2025-08-21T09:12:52.448+0000][1692535][info ][gc,task     ] GC(325) Using 1 workers of 1 for evacuation
[2025-08-21T09:12:52.448+0000][1692535][debug][gc,age      ] GC(325) Desired survivor size 20971520 bytes, new threshold 15 (max threshold 15)
[2025-08-21T09:12:52.450+0000][1692535][info ][gc,phases   ] GC(325)   Pre Evacuate Collection Set: 0.0ms
[2025-08-21T09:12:52.450+0000][1692535][info ][gc,phases   ] GC(325)   Merge Heap Roots: 0.0ms
[2025-08-21T09:12:52.450+0000][1692535][info ][gc,phases   ] GC(325)   Evacuate Collection Set: 0.7ms
[2025-08-21T09:12:52.450+0000][1692535][info ][gc,phases   ] GC(325)   Post Evacuate Collection Set: 0.7ms
[2025-08-21T09:12:52.450+0000][1692535][info ][gc,phases   ] GC(325)   Other: 0.0ms
[2025-08-21T09:12:52.450+0000][1692535][trace][gc,age      ] GC(325) Age table with threshold 15 (max threshold 15)
[2025-08-21T09:12:52.450+0000][1692535][trace][gc,age      ] GC(325) - age   1:       9272 bytes,       9272 total
[2025-08-21T09:12:52.450+0000][1692535][trace][gc,age      ] GC(325) - age   2:        176 bytes,       9448 total
[2025-08-21T09:12:52.450+0000][1692535][trace][gc,age      ] GC(325) - age   3:        176 bytes,       9624 total
[2025-08-21T09:12:52.450+0000][1692535][trace][gc,age      ] GC(325) - age   9:       2816 bytes,      12440 total
[2025-08-21T09:12:52.450+0000][1692535][info ][gc,heap     ] GC(325) Eden regions: 75->0(75)
[2025-08-21T09:12:52.450+0000][1692535][info ][gc,heap     ] GC(325) Survivor regions: 1->1(10)
[2025-08-21T09:12:52.450+0000][1692535][info ][gc,heap     ] GC(325) Old regions: 22->22
[2025-08-21T09:12:52.450+0000][1692535][info ][gc,heap     ] GC(325) Humongous regions: 0->0
[2025-08-21T09:12:52.450+0000][1692535][info ][gc,metaspace] GC(325) Metaspace: 137943K(143808K)->137943K(143808K) NonClass: 119727K(123328K)->119727K(123328K) Class: 18216K(20480K)->18216K(20480K)
[2025-08-21T09:12:52.450+0000][1692535][info ][gc          ] GC(325) Pause Young (Normal) (G1 Evacuation Pause) 386M->86M(512M) 2.033ms
[2025-08-21T09:12:52.450+0000][1692535][info ][gc,cpu      ] GC(325) User=0.00s Sys=0.00s Real=0.00s
[2025-08-21T09:12:52.450+0000][1692535][info ][safepoint   ] Safepoint "G1CollectForAllocation", Time since last: 701568652624 ns, Reaching safepoint: 189576 ns, Cleanup: 3245 ns, At safepoint: 2066710 ns, Total: 2259531 ns
[2025-08-21T09:24:37.052+0000][1692535][info ][gc,start    ] GC(326) Pause Young (Normal) (G1 Evacuation Pause)
[2025-08-21T09:24:37.052+0000][1692535][info ][gc,task     ] GC(326) Using 1 workers of 1 for evacuation
[2025-08-21T09:24:37.052+0000][1692535][debug][gc,age      ] GC(326) Desired survivor size 20971520 bytes, new threshold 15 (max threshold 15)
[2025-08-21T09:24:37.055+0000][1692535][info ][gc,phases   ] GC(326)   Pre Evacuate Collection Set: 0.1ms
[2025-08-21T09:24:37.055+0000][1692535][info ][gc,phases   ] GC(326)   Merge Heap Roots: 0.0ms
[2025-08-21T09:24:37.055+0000][1692535][info ][gc,phases   ] GC(326)   Evacuate Collection Set: 0.6ms
[2025-08-21T09:24:37.055+0000][1692535][info ][gc,phases   ] GC(326)   Post Evacuate Collection Set: 2.3ms
[2025-08-21T09:24:37.055+0000][1692535][info ][gc,phases   ] GC(326)   Other: 0.0ms
[2025-08-21T09:24:37.055+0000][1692535][trace][gc,age      ] GC(326) Age table with threshold 15 (max threshold 15)
[2025-08-21T09:24:37.055+0000][1692535][trace][gc,age      ] GC(326) - age   1:      11216 bytes,      11216 total
[2025-08-21T09:24:37.055+0000][1692535][trace][gc,age      ] GC(326) - age   4:        176 bytes,      11392 total
[2025-08-21T09:24:37.055+0000][1692535][trace][gc,age      ] GC(326) - age  10:       2816 bytes,      14208 total
[2025-08-21T09:24:37.055+0000][1692535][info ][gc,heap     ] GC(326) Eden regions: 75->0(75)
[2025-08-21T09:24:37.055+0000][1692535][info ][gc,heap     ] GC(326) Survivor regions: 1->1(10)
[2025-08-21T09:24:37.055+0000][1692535][info ][gc,heap     ] GC(326) Old regions: 22->22
[2025-08-21T09:24:37.055+0000][1692535][info ][gc,heap     ] GC(326) Humongous regions: 0->0
[2025-08-21T09:24:37.055+0000][1692535][info ][gc,metaspace] GC(326) Metaspace: 137943K(143808K)->137943K(143808K) NonClass: 119727K(123328K)->119727K(123328K) Class: 18216K(20480K)->18216K(20480K)
[2025-08-21T09:24:37.055+0000][1692535][info ][gc          ] GC(326) Pause Young (Normal) (G1 Evacuation Pause) 386M->86M(512M) 3.218ms
[2025-08-21T09:24:37.055+0000][1692535][info ][gc,cpu      ] GC(326) User=0.00s Sys=0.00s Real=0.00s
[2025-08-21T09:24:37.055+0000][1692535][info ][safepoint   ] Safepoint "G1CollectForAllocation", Time since last: 704602171466 ns, Reaching safepoint: 221474 ns, Cleanup: 3185 ns, At safepoint: 3253521 ns, Total: 3478180 ns
[2025-08-21T09:36:22.634+0000][1692535][info ][gc,start    ] GC(327) Pause Young (Normal) (G1 Evacuation Pause)
[2025-08-21T09:36:22.634+0000][1692535][info ][gc,task     ] GC(327) Using 1 workers of 1 for evacuation
[2025-08-21T09:36:22.634+0000][1692535][debug][gc,age      ] GC(327) Desired survivor size 20971520 bytes, new threshold 15 (max threshold 15)
[2025-08-21T09:36:22.637+0000][1692535][info ][gc,phases   ] GC(327)   Pre Evacuate Collection Set: 0.1ms
[2025-08-21T09:36:22.637+0000][1692535][info ][gc,phases   ] GC(327)   Merge Heap Roots: 0.0ms
[2025-08-21T09:36:22.637+0000][1692535][info ][gc,phases   ] GC(327)   Evacuate Collection Set: 0.6ms
[2025-08-21T09:36:22.637+0000][1692535][info ][gc,phases   ] GC(327)   Post Evacuate Collection Set: 1.6ms
[2025-08-21T09:36:22.637+0000][1692535][info ][gc,phases   ] GC(327)   Other: 0.0ms
[2025-08-21T09:36:22.637+0000][1692535][trace][gc,age      ] GC(327) Age table with threshold 15 (max threshold 15)
[2025-08-21T09:36:22.637+0000][1692535][trace][gc,age      ] GC(327) - age   1:      11032 bytes,      11032 total
[2025-08-21T09:36:22.637+0000][1692535][trace][gc,age      ] GC(327) - age   5:        176 bytes,      11208 total
[2025-08-21T09:36:22.637+0000][1692535][trace][gc,age      ] GC(327) - age  11:       2816 bytes,      14024 total
[2025-08-21T09:36:22.637+0000][1692535][info ][gc,heap     ] GC(327) Eden regions: 75->0(75)
[2025-08-21T09:36:22.637+0000][1692535][info ][gc,heap     ] GC(327) Survivor regions: 1->1(10)
[2025-08-21T09:36:22.637+0000][1692535][info ][gc,heap     ] GC(327) Old regions: 22->22
[2025-08-21T09:36:22.637+0000][1692535][info ][gc,heap     ] GC(327) Humongous regions: 0->0
[2025-08-21T09:36:22.637+0000][1692535][info ][gc,metaspace] GC(327) Metaspace: 137943K(143808K)->137943K(143808K) NonClass: 119727K(123328K)->119727K(123328K) Class: 18216K(20480K)->18216K(20480K)
[2025-08-21T09:36:22.637+0000][1692535][info ][gc          ] GC(327) Pause Young (Normal) (G1 Evacuation Pause) 386M->86M(512M) 2.605ms
[2025-08-21T09:36:22.637+0000][1692535][info ][gc,cpu      ] GC(327) User=0.00s Sys=0.00s Real=0.01s
[2025-08-21T09:36:22.637+0000][1692535][info ][safepoint   ] Safepoint "G1CollectForAllocation", Time since last: 705578847893 ns, Reaching safepoint: 6981 ns, Cleanup: 2744 ns, At safepoint: 2639064 ns, Total: 2648789 ns
[2025-08-21T09:48:09.641+0000][1692535][info ][gc,start    ] GC(328) Pause Young (Normal) (G1 Evacuation Pause)
[2025-08-21T09:48:09.641+0000][1692535][info ][gc,task     ] GC(328) Using 1 workers of 1 for evacuation
[2025-08-21T09:48:09.641+0000][1692535][debug][gc,age      ] GC(328) Desired survivor size 20971520 bytes, new threshold 15 (max threshold 15)
[2025-08-21T09:48:09.643+0000][1692535][info ][gc,phases   ] GC(328)   Pre Evacuate Collection Set: 0.0ms
[2025-08-21T09:48:09.643+0000][1692535][info ][gc,phases   ] GC(328)   Merge Heap Roots: 0.0ms
[2025-08-21T09:48:09.643+0000][1692535][info ][gc,phases   ] GC(328)   Evacuate Collection Set: 0.6ms
[2025-08-21T09:48:09.643+0000][1692535][info ][gc,phases   ] GC(328)   Post Evacuate Collection Set: 0.8ms
[2025-08-21T09:48:09.643+0000][1692535][info ][gc,phases   ] GC(328)   Other: 0.5ms
[2025-08-21T09:48:09.643+0000][1692535][trace][gc,age      ] GC(328) Age table with threshold 15 (max threshold 15)
[2025-08-21T09:48:09.643+0000][1692535][trace][gc,age      ] GC(328) - age   1:       9992 bytes,       9992 total
[2025-08-21T09:48:09.643+0000][1692535][trace][gc,age      ] GC(328) - age  12:       2816 bytes,      12808 total
[2025-08-21T09:48:09.643+0000][1692535][info ][gc,heap     ] GC(328) Eden regions: 75->0(75)
[2025-08-21T09:48:09.643+0000][1692535][info ][gc,heap     ] GC(328) Survivor regions: 1->1(10)
[2025-08-21T09:48:09.643+0000][1692535][info ][gc,heap     ] GC(328) Old regions: 22->22
[2025-08-21T09:48:09.643+0000][1692535][info ][gc,heap     ] GC(328) Humongous regions: 0->0
[2025-08-21T09:48:09.643+0000][1692535][info ][gc,metaspace] GC(328) Metaspace: 137943K(143808K)->137943K(143808K) NonClass: 119727K(123328K)->119727K(123328K) Class: 18216K(20480K)->18216K(20480K)
[2025-08-21T09:48:09.643+0000][1692535][info ][gc          ] GC(328) Pause Young (Normal) (G1 Evacuation Pause) 386M->86M(512M) 2.360ms
[2025-08-21T09:48:09.643+0000][1692535][info ][gc,cpu      ] GC(328) User=0.00s Sys=0.00s Real=0.00s
[2025-08-21T09:48:09.643+0000][1692535][info ][safepoint   ] Safepoint "G1CollectForAllocation", Time since last: 707003781128 ns, Reaching safepoint: 7722 ns, Cleanup: 3886 ns, At safepoint: 2392462 ns, Total: 2404070 ns
[2025-08-21T09:59:53.822+0000][1692535][info ][gc,start    ] GC(329) Pause Young (Normal) (G1 Evacuation Pause)
[2025-08-21T09:59:53.823+0000][1692535][info ][gc,task     ] GC(329) Using 1 workers of 1 for evacuation
[2025-08-21T09:59:53.823+0000][1692535][debug][gc,age      ] GC(329) Desired survivor size 20971520 bytes, new threshold 15 (max threshold 15)
[2025-08-21T09:59:53.824+0000][1692535][info ][gc,phases   ] GC(329)   Pre Evacuate Collection Set: 0.0ms
[2025-08-21T09:59:53.824+0000][1692535][info ][gc,phases   ] GC(329)   Merge Heap Roots: 0.0ms
[2025-08-21T09:59:53.824+0000][1692535][info ][gc,phases   ] GC(329)   Evacuate Collection Set: 0.6ms
[2025-08-21T09:59:53.824+0000][1692535][info ][gc,phases   ] GC(329)   Post Evacuate Collection Set: 1.1ms
[2025-08-21T09:59:53.824+0000][1692535][info ][gc,phases   ] GC(329)   Other: 0.0ms
[2025-08-21T09:59:53.824+0000][1692535][trace][gc,age      ] GC(329) Age table with threshold 15 (max threshold 15)
[2025-08-21T09:59:53.824+0000][1692535][trace][gc,age      ] GC(329) - age   1:      10856 bytes,      10856 total
[2025-08-21T09:59:53.824+0000][1692535][trace][gc,age      ] GC(329) - age   2:        352 bytes,      11208 total
[2025-08-21T09:59:53.824+0000][1692535][trace][gc,age      ] GC(329) - age  13:       2816 bytes,      14024 total
[2025-08-21T09:59:53.824+0000][1692535][info ][gc,heap     ] GC(329) Eden regions: 75->0(75)
[2025-08-21T09:59:53.824+0000][1692535][info ][gc,heap     ] GC(329) Survivor regions: 1->1(10)
[2025-08-21T09:59:53.824+0000][1692535][info ][gc,heap     ] GC(329) Old regions: 22->22
[2025-08-21T09:59:53.824+0000][1692535][info ][gc,heap     ] GC(329) Humongous regions: 0->0
[2025-08-21T09:59:53.824+0000][1692535][info ][gc,metaspace] GC(329) Metaspace: 137943K(143808K)->137943K(143808K) NonClass: 119727K(123328K)->119727K(123328K) Class: 18216K(20480K)->18216K(20480K)
[2025-08-21T09:59:53.824+0000][1692535][info ][gc          ] GC(329) Pause Young (Normal) (G1 Evacuation Pause) 386M->86M(512M) 2.067ms
[2025-08-21T09:59:53.824+0000][1692535][info ][gc,cpu      ] GC(329) User=0.01s Sys=0.00s Real=0.00s
[2025-08-21T09:59:53.825+0000][1692535][info ][safepoint   ] Safepoint "G1CollectForAllocation", Time since last: 704179430703 ns, Reaching safepoint: 6760 ns, Cleanup: 2804 ns, At safepoint: 2101273 ns, Total: 2110837 ns
[2025-08-21T10:11:39.012+0000][1692535][info ][gc,start    ] GC(330) Pause Young (Normal) (G1 Evacuation Pause)
[2025-08-21T10:11:39.013+0000][1692535][info ][gc,task     ] GC(330) Using 1 workers of 1 for evacuation
[2025-08-21T10:11:39.013+0000][1692535][debug][gc,age      ] GC(330) Desired survivor size 20971520 bytes, new threshold 15 (max threshold 15)
[2025-08-21T10:11:39.015+0000][1692535][info ][gc,phases   ] GC(330)   Pre Evacuate Collection Set: 0.0ms
[2025-08-21T10:11:39.015+0000][1692535][info ][gc,phases   ] GC(330)   Merge Heap Roots: 0.0ms
[2025-08-21T10:11:39.015+0000][1692535][info ][gc,phases   ] GC(330)   Evacuate Collection Set: 0.6ms
[2025-08-21T10:11:39.015+0000][1692535][info ][gc,phases   ] GC(330)   Post Evacuate Collection Set: 1.1ms
[2025-08-21T10:11:39.015+0000][1692535][info ][gc,phases   ] GC(330)   Other: 0.0ms
[2025-08-21T10:11:39.015+0000][1692535][trace][gc,age      ] GC(330) Age table with threshold 15 (max threshold 15)
[2025-08-21T10:11:39.015+0000][1692535][trace][gc,age      ] GC(330) - age   1:       9272 bytes,       9272 total
[2025-08-21T10:11:39.015+0000][1692535][trace][gc,age      ] GC(330) - age   2:        176 bytes,       9448 total
[2025-08-21T10:11:39.015+0000][1692535][trace][gc,age      ] GC(330) - age   3:        176 bytes,       9624 total
[2025-08-21T10:11:39.015+0000][1692535][trace][gc,age      ] GC(330) - age  14:       2816 bytes,      12440 total
[2025-08-21T10:11:39.015+0000][1692535][info ][gc,heap     ] GC(330) Eden regions: 75->0(75)
[2025-08-21T10:11:39.015+0000][1692535][info ][gc,heap     ] GC(330) Survivor regions: 1->1(10)
[2025-08-21T10:11:39.015+0000][1692535][info ][gc,heap     ] GC(330) Old regions: 22->22
[2025-08-21T10:11:39.015+0000][1692535][info ][gc,heap     ] GC(330) Humongous regions: 0->0
[2025-08-21T10:11:39.015+0000][1692535][info ][gc,metaspace] GC(330) Metaspace: 137943K(143808K)->137943K(143808K) NonClass: 119727K(123328K)->119727K(123328K) Class: 18216K(20480K)->18216K(20480K)
[2025-08-21T10:11:39.015+0000][1692535][info ][gc          ] GC(330) Pause Young (Normal) (G1 Evacuation Pause) 386M->86M(512M) 2.192ms
[2025-08-21T10:11:39.015+0000][1692535][info ][gc,cpu      ] GC(330) User=0.00s Sys=0.00s Real=0.00s
[2025-08-21T10:11:39.015+0000][1692535][info ][safepoint   ] Safepoint "G1CollectForAllocation", Time since last: 705187891552 ns, Reaching safepoint: 9364 ns, Cleanup: 3466 ns, At safepoint: 2225480 ns, Total: 2238310 ns
[2025-08-21T10:23:24.896+0000][1692535][info ][gc,start    ] GC(331) Pause Young (Normal) (G1 Evacuation Pause)
[2025-08-21T10:23:24.897+0000][1692535][info ][gc,task     ] GC(331) Using 1 workers of 1 for evacuation
[2025-08-21T10:23:24.897+0000][1692535][debug][gc,age      ] GC(331) Desired survivor size 20971520 bytes, new threshold 15 (max threshold 15)
[2025-08-21T10:23:24.898+0000][1692535][info ][gc,phases   ] GC(331)   Pre Evacuate Collection Set: 0.0ms
[2025-08-21T10:23:24.898+0000][1692535][info ][gc,phases   ] GC(331)   Merge Heap Roots: 0.0ms
[2025-08-21T10:23:24.898+0000][1692535][info ][gc,phases   ] GC(331)   Evacuate Collection Set: 0.6ms
[2025-08-21T10:23:24.898+0000][1692535][info ][gc,phases   ] GC(331)   Post Evacuate Collection Set: 0.8ms
[2025-08-21T10:23:24.898+0000][1692535][info ][gc,phases   ] GC(331)   Other: 0.0ms
[2025-08-21T10:23:24.898+0000][1692535][trace][gc,age      ] GC(331) Age table with threshold 15 (max threshold 15)
[2025-08-21T10:23:24.898+0000][1692535][trace][gc,age      ] GC(331) - age   1:      11032 bytes,      11032 total
[2025-08-21T10:23:24.898+0000][1692535][trace][gc,age      ] GC(331) - age   4:        176 bytes,      11208 total
[2025-08-21T10:23:24.898+0000][1692535][trace][gc,age      ] GC(331) - age  15:       2816 bytes,      14024 total
[2025-08-21T10:23:24.898+0000][1692535][info ][gc,heap     ] GC(331) Eden regions: 75->0(75)
[2025-08-21T10:23:24.898+0000][1692535][info ][gc,heap     ] GC(331) Survivor regions: 1->1(10)
[2025-08-21T10:23:24.898+0000][1692535][info ][gc,heap     ] GC(331) Old regions: 22->22
[2025-08-21T10:23:24.898+0000][1692535][info ][gc,heap     ] GC(331) Humongous regions: 0->0
[2025-08-21T10:23:24.898+0000][1692535][info ][gc,metaspace] GC(331) Metaspace: 137943K(143808K)->137943K(143808K) NonClass: 119727K(123328K)->119727K(123328K) Class: 18216K(20480K)->18216K(20480K)
[2025-08-21T10:23:24.899+0000][1692535][info ][gc          ] GC(331) Pause Young (Normal) (G1 Evacuation Pause) 386M->86M(512M) 2.155ms
[2025-08-21T10:23:24.899+0000][1692535][info ][gc,cpu      ] GC(331) User=0.00s Sys=0.00s Real=0.00s
[2025-08-21T10:23:24.899+0000][1692535][info ][safepoint   ] Safepoint "G1CollectForAllocation", Time since last: 705881426584 ns, Reaching safepoint: 264489 ns, Cleanup: 2834 ns, At safepoint: 2188104 ns, Total: 2455427 ns
[2025-08-21T10:35:05.410+0000][1692535][info ][gc,start    ] GC(332) Pause Young (Normal) (G1 Evacuation Pause)
[2025-08-21T10:35:05.410+0000][1692535][info ][gc,task     ] GC(332) Using 1 workers of 1 for evacuation
[2025-08-21T10:35:05.410+0000][1692535][debug][gc,age      ] GC(332) Desired survivor size 20971520 bytes, new threshold 15 (max threshold 15)
[2025-08-21T10:35:05.412+0000][1692535][info ][gc,phases   ] GC(332)   Pre Evacuate Collection Set: 0.0ms
[2025-08-21T10:35:05.412+0000][1692535][info ][gc,phases   ] GC(332)   Merge Heap Roots: 0.0ms
[2025-08-21T10:35:05.412+0000][1692535][info ][gc,phases   ] GC(332)   Evacuate Collection Set: 0.6ms
[2025-08-21T10:35:05.412+0000][1692535][info ][gc,phases   ] GC(332)   Post Evacuate Collection Set: 0.8ms
[2025-08-21T10:35:05.412+0000][1692535][info ][gc,phases   ] GC(332)   Other: 0.0ms
[2025-08-21T10:35:05.412+0000][1692535][trace][gc,age      ] GC(332) Age table with threshold 15 (max threshold 15)
[2025-08-21T10:35:05.412+0000][1692535][trace][gc,age      ] GC(332) - age   1:       9528 bytes,       9528 total
[2025-08-21T10:35:05.412+0000][1692535][trace][gc,age      ] GC(332) - age   5:        176 bytes,       9704 total
[2025-08-21T10:35:05.412+0000][1692535][info ][gc,heap     ] GC(332) Eden regions: 75->0(75)
[2025-08-21T10:35:05.412+0000][1692535][info ][gc,heap     ] GC(332) Survivor regions: 1->1(10)
[2025-08-21T10:35:05.412+0000][1692535][info ][gc,heap     ] GC(332) Old regions: 22->22
[2025-08-21T10:35:05.412+0000][1692535][info ][gc,heap     ] GC(332) Humongous regions: 0->0
[2025-08-21T10:35:05.412+0000][1692535][info ][gc,metaspace] GC(332) Metaspace: 137943K(143808K)->137943K(143808K) NonClass: 119727K(123328K)->119727K(123328K) Class: 18216K(20480K)->18216K(20480K)
[2025-08-21T10:35:05.412+0000][1692535][info ][gc          ] GC(332) Pause Young (Normal) (G1 Evacuation Pause) 386M->86M(512M) 1.793ms
[2025-08-21T10:35:05.412+0000][1692535][info ][gc,cpu      ] GC(332) User=0.00s Sys=0.00s Real=0.00s
[2025-08-21T10:35:05.412+0000][1692535][info ][safepoint   ] Safepoint "G1CollectForAllocation", Time since last: 700511242520 ns, Reaching safepoint: 7731 ns, Cleanup: 3335 ns, At safepoint: 1825396 ns, Total: 1836462 ns
[2025-08-21T10:46:34.555+0000][1692535][info ][safepoint   ] Safepoint "Cleanup", Time since last: 689142962090 ns, Reaching safepoint: 32620 ns, Cleanup: 7791 ns, At safepoint: 6530 ns, Total: 46941 ns
[2025-08-21T10:46:53.881+0000][1692535][info ][gc,start    ] GC(333) Pause Young (Normal) (G1 Evacuation Pause)
[2025-08-21T10:46:53.881+0000][1692535][info ][gc,task     ] GC(333) Using 1 workers of 1 for evacuation
[2025-08-21T10:46:53.881+0000][1692535][debug][gc,age      ] GC(333) Desired survivor size 20971520 bytes, new threshold 15 (max threshold 15)
[2025-08-21T10:46:53.885+0000][1692535][info ][gc,phases   ] GC(333)   Pre Evacuate Collection Set: 2.2ms
[2025-08-21T10:46:53.885+0000][1692535][info ][gc,phases   ] GC(333)   Merge Heap Roots: 0.0ms
[2025-08-21T10:46:53.885+0000][1692535][info ][gc,phases   ] GC(333)   Evacuate Collection Set: 0.6ms
[2025-08-21T10:46:53.885+0000][1692535][info ][gc,phases   ] GC(333)   Post Evacuate Collection Set: 0.7ms
[2025-08-21T10:46:53.885+0000][1692535][info ][gc,phases   ] GC(333)   Other: 0.0ms
[2025-08-21T10:46:53.885+0000][1692535][trace][gc,age      ] GC(333) Age table with threshold 15 (max threshold 15)
[2025-08-21T10:46:53.885+0000][1692535][trace][gc,age      ] GC(333) - age   1:      11256 bytes,      11256 total
[2025-08-21T10:46:53.885+0000][1692535][trace][gc,age      ] GC(333) - age   2:        256 bytes,      11512 total
[2025-08-21T10:46:53.885+0000][1692535][info ][gc,heap     ] GC(333) Eden regions: 75->0(75)
[2025-08-21T10:46:53.885+0000][1692535][info ][gc,heap     ] GC(333) Survivor regions: 1->1(10)
[2025-08-21T10:46:53.885+0000][1692535][info ][gc,heap     ] GC(333) Old regions: 22->22
[2025-08-21T10:46:53.885+0000][1692535][info ][gc,heap     ] GC(333) Humongous regions: 0->0
[2025-08-21T10:46:53.885+0000][1692535][info ][gc,metaspace] GC(333) Metaspace: 137943K(143808K)->137943K(143808K) NonClass: 119727K(123328K)->119727K(123328K) Class: 18216K(20480K)->18216K(20480K)
[2025-08-21T10:46:53.885+0000][1692535][info ][gc          ] GC(333) Pause Young (Normal) (G1 Evacuation Pause) 386M->86M(512M) 3.605ms
[2025-08-21T10:46:53.885+0000][1692535][info ][gc,cpu      ] GC(333) User=0.00s Sys=0.00s Real=0.00s
[2025-08-21T10:46:53.885+0000][1692535][info ][safepoint   ] Safepoint "G1CollectForAllocation", Time since last: 19326727509 ns, Reaching safepoint: 9875 ns, Cleanup: 4236 ns, At safepoint: 3647718 ns, Total: 3661829 ns
[2025-08-21T10:48:33.893+0000][1692535][info ][safepoint   ] Safepoint "Cleanup", Time since last: 100007954213 ns, Reaching safepoint: 31437 ns, Cleanup: 12339 ns, At safepoint: 3034 ns, Total: 46810 ns
[2025-08-21T10:58:39.547+0000][1692535][info ][gc,start    ] GC(334) Pause Young (Normal) (G1 Evacuation Pause)
[2025-08-21T10:58:39.547+0000][1692535][info ][gc,task     ] GC(334) Using 1 workers of 1 for evacuation
[2025-08-21T10:58:39.547+0000][1692535][debug][gc,age      ] GC(334) Desired survivor size 20971520 bytes, new threshold 15 (max threshold 15)
[2025-08-21T10:58:39.548+0000][1692535][info ][gc,phases   ] GC(334)   Pre Evacuate Collection Set: 0.0ms
[2025-08-21T10:58:39.548+0000][1692535][info ][gc,phases   ] GC(334)   Merge Heap Roots: 0.0ms
[2025-08-21T10:58:39.548+0000][1692535][info ][gc,phases   ] GC(334)   Evacuate Collection Set: 0.6ms
[2025-08-21T10:58:39.548+0000][1692535][info ][gc,phases   ] GC(334)   Post Evacuate Collection Set: 0.7ms
[2025-08-21T10:58:39.548+0000][1692535][info ][gc,phases   ] GC(334)   Other: 0.0ms
[2025-08-21T10:58:39.548+0000][1692535][trace][gc,age      ] GC(334) Age table with threshold 15 (max threshold 15)
[2025-08-21T10:58:39.548+0000][1692535][trace][gc,age      ] GC(334) - age   1:       9984 bytes,       9984 total
[2025-08-21T10:58:39.548+0000][1692535][trace][gc,age      ] GC(334) - age   2:       1864 bytes,      11848 total
[2025-08-21T10:58:39.548+0000][1692535][trace][gc,age      ] GC(334) - age   3:         80 bytes,      11928 total
[2025-08-21T10:58:39.549+0000][1692535][info ][gc,heap     ] GC(334) Eden regions: 75->0(75)
[2025-08-21T10:58:39.549+0000][1692535][info ][gc,heap     ] GC(334) Survivor regions: 1->1(10)
[2025-08-21T10:58:39.549+0000][1692535][info ][gc,heap     ] GC(334) Old regions: 22->22
[2025-08-21T10:58:39.549+0000][1692535][info ][gc,heap     ] GC(334) Humongous regions: 0->0
[2025-08-21T10:58:39.549+0000][1692535][info ][gc,metaspace] GC(334) Metaspace: 137943K(143808K)->137943K(143808K) NonClass: 119727K(123328K)->119727K(123328K) Class: 18216K(20480K)->18216K(20480K)
[2025-08-21T10:58:39.549+0000][1692535][info ][gc          ] GC(334) Pause Young (Normal) (G1 Evacuation Pause) 386M->86M(512M) 1.894ms
[2025-08-21T10:58:39.549+0000][1692535][info ][gc,cpu      ] GC(334) User=0.01s Sys=0.00s Real=0.00s
[2025-08-21T10:58:39.549+0000][1692535][info ][safepoint   ] Safepoint "G1CollectForAllocation", Time since last: 605653609640 ns, Reaching safepoint: 8052 ns, Cleanup: 3786 ns, At safepoint: 1927981 ns, Total: 1939819 ns
[2025-08-21T11:04:04.568+0000][1692535][info ][safepoint   ] Safepoint "Cleanup", Time since last: 325019239173 ns, Reaching safepoint: 29394 ns, Cleanup: 9274 ns, At safepoint: 5068 ns, Total: 43736 ns
[2025-08-21T11:10:26.412+0000][1692535][info ][gc,start    ] GC(335) Pause Young (Normal) (G1 Evacuation Pause)
[2025-08-21T11:10:26.412+0000][1692535][info ][gc,task     ] GC(335) Using 1 workers of 1 for evacuation
[2025-08-21T11:10:26.412+0000][1692535][debug][gc,age      ] GC(335) Desired survivor size 20971520 bytes, new threshold 15 (max threshold 15)
[2025-08-21T11:10:26.414+0000][1692535][info ][gc,phases   ] GC(335)   Pre Evacuate Collection Set: 0.0ms
[2025-08-21T11:10:26.414+0000][1692535][info ][gc,phases   ] GC(335)   Merge Heap Roots: 0.0ms
[2025-08-21T11:10:26.414+0000][1692535][info ][gc,phases   ] GC(335)   Evacuate Collection Set: 0.6ms
[2025-08-21T11:10:26.414+0000][1692535][info ][gc,phases   ] GC(335)   Post Evacuate Collection Set: 0.7ms
[2025-08-21T11:10:26.414+0000][1692535][info ][gc,phases   ] GC(335)   Other: 0.0ms
[2025-08-21T11:10:26.414+0000][1692535][trace][gc,age      ] GC(335) Age table with threshold 15 (max threshold 15)
[2025-08-21T11:10:26.414+0000][1692535][trace][gc,age      ] GC(335) - age   1:      11064 bytes,      11064 total
[2025-08-21T11:10:26.414+0000][1692535][trace][gc,age      ] GC(335) - age   2:        496 bytes,      11560 total
[2025-08-21T11:10:26.414+0000][1692535][trace][gc,age      ] GC(335) - age   3:       1688 bytes,      13248 total
[2025-08-21T11:10:26.414+0000][1692535][trace][gc,age      ] GC(335) - age   4:         80 bytes,      13328 total
[2025-08-21T11:10:26.414+0000][1692535][info ][gc,heap     ] GC(335) Eden regions: 75->0(75)
[2025-08-21T11:10:26.414+0000][1692535][info ][gc,heap     ] GC(335) Survivor regions: 1->1(10)
[2025-08-21T11:10:26.414+0000][1692535][info ][gc,heap     ] GC(335) Old regions: 22->22
[2025-08-21T11:10:26.414+0000][1692535][info ][gc,heap     ] GC(335) Humongous regions: 0->0
[2025-08-21T11:10:26.414+0000][1692535][info ][gc,metaspace] GC(335) Metaspace: 137943K(143808K)->137943K(143808K) NonClass: 119727K(123328K)->119727K(123328K) Class: 18216K(20480K)->18216K(20480K)
[2025-08-21T11:10:26.414+0000][1692535][info ][gc          ] GC(335) Pause Young (Normal) (G1 Evacuation Pause) 386M->86M(512M) 1.716ms
[2025-08-21T11:10:26.414+0000][1692535][info ][gc,cpu      ] GC(335) User=0.00s Sys=0.00s Real=0.00s
[2025-08-21T11:10:26.414+0000][1692535][info ][safepoint   ] Safepoint "G1CollectForAllocation", Time since last: 381844124685 ns, Reaching safepoint: 7622 ns, Cleanup: 2984 ns, At safepoint: 1749162 ns, Total: 1759768 ns
[2025-08-21T11:22:11.774+0000][1692535][info ][gc,start    ] GC(336) Pause Young (Normal) (G1 Evacuation Pause)
[2025-08-21T11:22:11.774+0000][1692535][info ][gc,task     ] GC(336) Using 1 workers of 1 for evacuation
[2025-08-21T11:22:11.774+0000][1692535][debug][gc,age      ] GC(336) Desired survivor size 20971520 bytes, new threshold 15 (max threshold 15)
[2025-08-21T11:22:11.776+0000][1692535][info ][gc,phases   ] GC(336)   Pre Evacuate Collection Set: 0.1ms
[2025-08-21T11:22:11.776+0000][1692535][info ][gc,phases   ] GC(336)   Merge Heap Roots: 0.0ms
[2025-08-21T11:22:11.776+0000][1692535][info ][gc,phases   ] GC(336)   Evacuate Collection Set: 0.6ms
[2025-08-21T11:22:11.776+0000][1692535][info ][gc,phases   ] GC(336)   Post Evacuate Collection Set: 0.7ms
[2025-08-21T11:22:11.776+0000][1692535][info ][gc,phases   ] GC(336)   Other: 0.0ms
[2025-08-21T11:22:11.776+0000][1692535][trace][gc,age      ] GC(336) Age table with threshold 15 (max threshold 15)
[2025-08-21T11:22:11.776+0000][1692535][trace][gc,age      ] GC(336) - age   1:      11064 bytes,      11064 total
[2025-08-21T11:22:11.776+0000][1692535][trace][gc,age      ] GC(336) - age   3:        496 bytes,      11560 total
[2025-08-21T11:22:11.776+0000][1692535][trace][gc,age      ] GC(336) - age   4:       1688 bytes,      13248 total
[2025-08-21T11:22:11.776+0000][1692535][trace][gc,age      ] GC(336) - age   5:         80 bytes,      13328 total
[2025-08-21T11:22:11.776+0000][1692535][info ][gc,heap     ] GC(336) Eden regions: 75->0(75)
[2025-08-21T11:22:11.776+0000][1692535][info ][gc,heap     ] GC(336) Survivor regions: 1->1(10)
[2025-08-21T11:22:11.776+0000][1692535][info ][gc,heap     ] GC(336) Old regions: 22->22
[2025-08-21T11:22:11.776+0000][1692535][info ][gc,heap     ] GC(336) Humongous regions: 0->0
[2025-08-21T11:22:11.776+0000][1692535][info ][gc,metaspace] GC(336) Metaspace: 137943K(143808K)->137943K(143808K) NonClass: 119727K(123328K)->119727K(123328K) Class: 18216K(20480K)->18216K(20480K)
[2025-08-21T11:22:11.776+0000][1692535][info ][gc          ] GC(336) Pause Young (Normal) (G1 Evacuation Pause) 386M->86M(512M) 1.687ms
[2025-08-21T11:22:11.776+0000][1692535][info ][gc,cpu      ] GC(336) User=0.00s Sys=0.00s Real=0.01s
[2025-08-21T11:22:11.776+0000][1692535][info ][safepoint   ] Safepoint "G1CollectForAllocation", Time since last: 705360402467 ns, Reaching safepoint: 8393 ns, Cleanup: 2934 ns, At safepoint: 1719697 ns, Total: 1731024 ns
[2025-08-21T11:33:57.137+0000][1692535][info ][gc,start    ] GC(337) Pause Young (Normal) (G1 Evacuation Pause)
[2025-08-21T11:33:57.137+0000][1692535][info ][gc,task     ] GC(337) Using 1 workers of 1 for evacuation
[2025-08-21T11:33:57.137+0000][1692535][debug][gc,age      ] GC(337) Desired survivor size 20971520 bytes, new threshold 15 (max threshold 15)
[2025-08-21T11:33:57.139+0000][1692535][info ][gc,phases   ] GC(337)   Pre Evacuate Collection Set: 0.0ms
[2025-08-21T11:33:57.139+0000][1692535][info ][gc,phases   ] GC(337)   Merge Heap Roots: 0.0ms
[2025-08-21T11:33:57.139+0000][1692535][info ][gc,phases   ] GC(337)   Evacuate Collection Set: 0.6ms
[2025-08-21T11:33:57.139+0000][1692535][info ][gc,phases   ] GC(337)   Post Evacuate Collection Set: 0.7ms
[2025-08-21T11:33:57.139+0000][1692535][info ][gc,phases   ] GC(337)   Other: 0.0ms
[2025-08-21T11:33:57.139+0000][1692535][trace][gc,age      ] GC(337) Age table with threshold 15 (max threshold 15)
[2025-08-21T11:33:57.139+0000][1692535][trace][gc,age      ] GC(337) - age   1:      11032 bytes,      11032 total
[2025-08-21T11:33:57.139+0000][1692535][trace][gc,age      ] GC(337) - age   4:        496 bytes,      11528 total
[2025-08-21T11:33:57.139+0000][1692535][trace][gc,age      ] GC(337) - age   5:       1688 bytes,      13216 total
[2025-08-21T11:33:57.139+0000][1692535][trace][gc,age      ] GC(337) - age   6:         80 bytes,      13296 total
[2025-08-21T11:33:57.139+0000][1692535][info ][gc,heap     ] GC(337) Eden regions: 75->0(75)
[2025-08-21T11:33:57.139+0000][1692535][info ][gc,heap     ] GC(337) Survivor regions: 1->1(10)
[2025-08-21T11:33:57.139+0000][1692535][info ][gc,heap     ] GC(337) Old regions: 22->22
[2025-08-21T11:33:57.139+0000][1692535][info ][gc,heap     ] GC(337) Humongous regions: 0->0
[2025-08-21T11:33:57.139+0000][1692535][info ][gc,metaspace] GC(337) Metaspace: 137943K(143808K)->137943K(143808K) NonClass: 119727K(123328K)->119727K(123328K) Class: 18216K(20480K)->18216K(20480K)
[2025-08-21T11:33:57.139+0000][1692535][info ][gc          ] GC(337) Pause Young (Normal) (G1 Evacuation Pause) 386M->86M(512M) 1.643ms
[2025-08-21T11:33:57.139+0000][1692535][info ][gc,cpu      ] GC(337) User=0.00s Sys=0.00s Real=0.00s
[2025-08-21T11:33:57.139+0000][1692535][info ][safepoint   ] Safepoint "G1CollectForAllocation", Time since last: 705361239535 ns, Reaching safepoint: 6580 ns, Cleanup: 2814 ns, At safepoint: 1676852 ns, Total: 1686246 ns
[2025-08-21T11:45:40.156+0000][1692535][info ][gc,start    ] GC(338) Pause Young (Normal) (G1 Evacuation Pause)
[2025-08-21T11:45:40.156+0000][1692535][info ][gc,task     ] GC(338) Using 1 workers of 1 for evacuation
[2025-08-21T11:45:40.156+0000][1692535][debug][gc,age      ] GC(338) Desired survivor size 20971520 bytes, new threshold 15 (max threshold 15)
[2025-08-21T11:45:40.158+0000][1692535][info ][gc,phases   ] GC(338)   Pre Evacuate Collection Set: 0.0ms
[2025-08-21T11:45:40.158+0000][1692535][info ][gc,phases   ] GC(338)   Merge Heap Roots: 0.0ms
[2025-08-21T11:45:40.158+0000][1692535][info ][gc,phases   ] GC(338)   Evacuate Collection Set: 0.6ms
[2025-08-21T11:45:40.158+0000][1692535][info ][gc,phases   ] GC(338)   Post Evacuate Collection Set: 0.7ms
[2025-08-21T11:45:40.158+0000][1692535][info ][gc,phases   ] GC(338)   Other: 0.0ms
[2025-08-21T11:45:40.158+0000][1692535][trace][gc,age      ] GC(338) Age table with threshold 15 (max threshold 15)
[2025-08-21T11:45:40.158+0000][1692535][trace][gc,age      ] GC(338) - age   1:       9680 bytes,       9680 total
[2025-08-21T11:45:40.158+0000][1692535][trace][gc,age      ] GC(338) - age   2:        176 bytes,       9856 total
[2025-08-21T11:45:40.158+0000][1692535][trace][gc,age      ] GC(338) - age   5:        496 bytes,      10352 total
[2025-08-21T11:45:40.158+0000][1692535][trace][gc,age      ] GC(338) - age   6:       1512 bytes,      11864 total
[2025-08-21T11:45:40.158+0000][1692535][trace][gc,age      ] GC(338) - age   7:         80 bytes,      11944 total
[2025-08-21T11:45:40.158+0000][1692535][info ][gc,heap     ] GC(338) Eden regions: 75->0(75)
[2025-08-21T11:45:40.158+0000][1692535][info ][gc,heap     ] GC(338) Survivor regions: 1->1(10)
[2025-08-21T11:45:40.158+0000][1692535][info ][gc,heap     ] GC(338) Old regions: 22->22
[2025-08-21T11:45:40.158+0000][1692535][info ][gc,heap     ] GC(338) Humongous regions: 0->0
[2025-08-21T11:45:40.158+0000][1692535][info ][gc,metaspace] GC(338) Metaspace: 137943K(143808K)->137943K(143808K) NonClass: 119727K(123328K)->119727K(123328K) Class: 18216K(20480K)->18216K(20480K)
[2025-08-21T11:45:40.158+0000][1692535][info ][gc          ] GC(338) Pause Young (Normal) (G1 Evacuation Pause) 386M->86M(512M) 1.658ms
[2025-08-21T11:45:40.158+0000][1692535][info ][gc,cpu      ] GC(338) User=0.00s Sys=0.00s Real=0.00s
[2025-08-21T11:45:40.158+0000][1692535][info ][safepoint   ] Safepoint "G1CollectForAllocation", Time since last: 703016769843 ns, Reaching safepoint: 344351 ns, Cleanup: 3034 ns, At safepoint: 1690534 ns, Total: 2037919 ns
[2025-08-21T11:57:25.836+0000][1692535][info ][gc,start    ] GC(339) Pause Young (Normal) (G1 Evacuation Pause)
[2025-08-21T11:57:25.836+0000][1692535][info ][gc,task     ] GC(339) Using 1 workers of 1 for evacuation
[2025-08-21T11:57:25.836+0000][1692535][debug][gc,age      ] GC(339) Desired survivor size 20971520 bytes, new threshold 15 (max threshold 15)
[2025-08-21T11:57:25.837+0000][1692535][info ][gc,phases   ] GC(339)   Pre Evacuate Collection Set: 0.0ms
[2025-08-21T11:57:25.837+0000][1692535][info ][gc,phases   ] GC(339)   Merge Heap Roots: 0.0ms
[2025-08-21T11:57:25.837+0000][1692535][info ][gc,phases   ] GC(339)   Evacuate Collection Set: 0.6ms
[2025-08-21T11:57:25.837+0000][1692535][info ][gc,phases   ] GC(339)   Post Evacuate Collection Set: 0.7ms
[2025-08-21T11:57:25.837+0000][1692535][info ][gc,phases   ] GC(339)   Other: 0.0ms
[2025-08-21T11:57:25.837+0000][1692535][trace][gc,age      ] GC(339) Age table with threshold 15 (max threshold 15)
[2025-08-21T11:57:25.837+0000][1692535][trace][gc,age      ] GC(339) - age   1:       9608 bytes,       9608 total
[2025-08-21T11:57:25.837+0000][1692535][trace][gc,age      ] GC(339) - age   2:        352 bytes,       9960 total
[2025-08-21T11:57:25.837+0000][1692535][trace][gc,age      ] GC(339) - age   6:        496 bytes,      10456 total
[2025-08-21T11:57:25.837+0000][1692535][trace][gc,age      ] GC(339) - age   7:       1512 bytes,      11968 total
[2025-08-21T11:57:25.837+0000][1692535][trace][gc,age      ] GC(339) - age   8:         80 bytes,      12048 total
[2025-08-21T11:57:25.837+0000][1692535][info ][gc,heap     ] GC(339) Eden regions: 75->0(75)
[2025-08-21T11:57:25.837+0000][1692535][info ][gc,heap     ] GC(339) Survivor regions: 1->1(10)
[2025-08-21T11:57:25.837+0000][1692535][info ][gc,heap     ] GC(339) Old regions: 22->22
[2025-08-21T11:57:25.837+0000][1692535][info ][gc,heap     ] GC(339) Humongous regions: 0->0
[2025-08-21T11:57:25.837+0000][1692535][info ][gc,metaspace] GC(339) Metaspace: 137943K(143808K)->137943K(143808K) NonClass: 119727K(123328K)->119727K(123328K) Class: 18216K(20480K)->18216K(20480K)
[2025-08-21T11:57:25.837+0000][1692535][info ][gc          ] GC(339) Pause Young (Normal) (G1 Evacuation Pause) 386M->86M(512M) 1.713ms
[2025-08-21T11:57:25.837+0000][1692535][info ][gc,cpu      ] GC(339) User=0.00s Sys=0.00s Real=0.00s
[2025-08-21T11:57:25.837+0000][1692535][info ][safepoint   ] Safepoint "G1CollectForAllocation", Time since last: 705677991805 ns, Reaching safepoint: 8003 ns, Cleanup: 3615 ns, At safepoint: 1745156 ns, Total: 1756774 ns
[2025-08-21T12:09:11.495+0000][1692535][info ][gc,start    ] GC(340) Pause Young (Normal) (G1 Evacuation Pause)
[2025-08-21T12:09:11.495+0000][1692535][info ][gc,task     ] GC(340) Using 1 workers of 1 for evacuation
[2025-08-21T12:09:11.495+0000][1692535][debug][gc,age      ] GC(340) Desired survivor size 20971520 bytes, new threshold 15 (max threshold 15)
[2025-08-21T12:09:11.497+0000][1692535][info ][gc,phases   ] GC(340)   Pre Evacuate Collection Set: 0.0ms
[2025-08-21T12:09:11.497+0000][1692535][info ][gc,phases   ] GC(340)   Merge Heap Roots: 0.0ms
[2025-08-21T12:09:11.497+0000][1692535][info ][gc,phases   ] GC(340)   Evacuate Collection Set: 0.6ms
[2025-08-21T12:09:11.497+0000][1692535][info ][gc,phases   ] GC(340)   Post Evacuate Collection Set: 0.8ms
[2025-08-21T12:09:11.497+0000][1692535][info ][gc,phases   ] GC(340)   Other: 0.0ms
[2025-08-21T12:09:11.497+0000][1692535][trace][gc,age      ] GC(340) Age table with threshold 15 (max threshold 15)
[2025-08-21T12:09:11.497+0000][1692535][trace][gc,age      ] GC(340) - age   1:      10224 bytes,      10224 total
[2025-08-21T12:09:11.497+0000][1692535][trace][gc,age      ] GC(340) - age   3:        176 bytes,      10400 total
[2025-08-21T12:09:11.497+0000][1692535][trace][gc,age      ] GC(340) - age   7:        496 bytes,      10896 total
[2025-08-21T12:09:11.497+0000][1692535][trace][gc,age      ] GC(340) - age   8:       1512 bytes,      12408 total
[2025-08-21T12:09:11.497+0000][1692535][trace][gc,age      ] GC(340) - age   9:         80 bytes,      12488 total
[2025-08-21T12:09:11.497+0000][1692535][info ][gc,heap     ] GC(340) Eden regions: 75->0(75)
[2025-08-21T12:09:11.497+0000][1692535][info ][gc,heap     ] GC(340) Survivor regions: 1->1(10)
[2025-08-21T12:09:11.497+0000][1692535][info ][gc,heap     ] GC(340) Old regions: 22->22
[2025-08-21T12:09:11.497+0000][1692535][info ][gc,heap     ] GC(340) Humongous regions: 0->0
[2025-08-21T12:09:11.497+0000][1692535][info ][gc,metaspace] GC(340) Metaspace: 137943K(143808K)->137943K(143808K) NonClass: 119727K(123328K)->119727K(123328K) Class: 18216K(20480K)->18216K(20480K)
[2025-08-21T12:09:11.497+0000][1692535][info ][gc          ] GC(340) Pause Young (Normal) (G1 Evacuation Pause) 386M->86M(512M) 1.920ms
[2025-08-21T12:09:11.497+0000][1692535][info ][gc,cpu      ] GC(340) User=0.01s Sys=0.00s Real=0.01s
[2025-08-21T12:09:11.497+0000][1692535][info ][safepoint   ] Safepoint "G1CollectForAllocation", Time since last: 705657326806 ns, Reaching safepoint: 7672 ns, Cleanup: 3555 ns, At safepoint: 1953351 ns, Total: 1964578 ns
[2025-08-21T12:20:58.497+0000][1692535][info ][gc,start    ] GC(341) Pause Young (Normal) (G1 Evacuation Pause)
[2025-08-21T12:20:58.497+0000][1692535][info ][gc,task     ] GC(341) Using 1 workers of 1 for evacuation
[2025-08-21T12:20:58.497+0000][1692535][debug][gc,age      ] GC(341) Desired survivor size 20971520 bytes, new threshold 15 (max threshold 15)
[2025-08-21T12:20:58.499+0000][1692535][info ][gc,phases   ] GC(341)   Pre Evacuate Collection Set: 0.1ms
[2025-08-21T12:20:58.499+0000][1692535][info ][gc,phases   ] GC(341)   Merge Heap Roots: 0.0ms
[2025-08-21T12:20:58.499+0000][1692535][info ][gc,phases   ] GC(341)   Evacuate Collection Set: 0.6ms
[2025-08-21T12:20:58.499+0000][1692535][info ][gc,phases   ] GC(341)   Post Evacuate Collection Set: 0.7ms
[2025-08-21T12:20:58.499+0000][1692535][info ][gc,phases   ] GC(341)   Other: 0.0ms
[2025-08-21T12:20:58.499+0000][1692535][trace][gc,age      ] GC(341) Age table with threshold 15 (max threshold 15)
[2025-08-21T12:20:58.499+0000][1692535][trace][gc,age      ] GC(341) - age   1:       9784 bytes,       9784 total
[2025-08-21T12:20:58.499+0000][1692535][trace][gc,age      ] GC(341) - age   4:        176 bytes,       9960 total
[2025-08-21T12:20:58.499+0000][1692535][trace][gc,age      ] GC(341) - age   8:        496 bytes,      10456 total
[2025-08-21T12:20:58.499+0000][1692535][trace][gc,age      ] GC(341) - age   9:       1512 bytes,      11968 total
[2025-08-21T12:20:58.499+0000][1692535][trace][gc,age      ] GC(341) - age  10:         80 bytes,      12048 total
[2025-08-21T12:20:58.499+0000][1692535][info ][gc,heap     ] GC(341) Eden regions: 75->0(75)
[2025-08-21T12:20:58.499+0000][1692535][info ][gc,heap     ] GC(341) Survivor regions: 1->1(10)
[2025-08-21T12:20:58.499+0000][1692535][info ][gc,heap     ] GC(341) Old regions: 22->22
[2025-08-21T12:20:58.499+0000][1692535][info ][gc,heap     ] GC(341) Humongous regions: 0->0
[2025-08-21T12:20:58.499+0000][1692535][info ][gc,metaspace] GC(341) Metaspace: 137943K(143808K)->137943K(143808K) NonClass: 119727K(123328K)->119727K(123328K) Class: 18216K(20480K)->18216K(20480K)
[2025-08-21T12:20:58.499+0000][1692535][info ][gc          ] GC(341) Pause Young (Normal) (G1 Evacuation Pause) 386M->86M(512M) 1.830ms
[2025-08-21T12:20:58.499+0000][1692535][info ][gc,cpu      ] GC(341) User=0.00s Sys=0.00s Real=0.00s
[2025-08-21T12:20:58.499+0000][1692535][info ][safepoint   ] Safepoint "G1CollectForAllocation", Time since last: 707000312733 ns, Reaching safepoint: 8212 ns, Cleanup: 4127 ns, At safepoint: 1866989 ns, Total: 1879328 ns
[2025-08-21T12:32:43.945+0000][1692535][info ][gc,start    ] GC(342) Pause Young (Normal) (G1 Evacuation Pause)
[2025-08-21T12:32:43.945+0000][1692535][info ][gc,task     ] GC(342) Using 1 workers of 1 for evacuation
[2025-08-21T12:32:43.945+0000][1692535][debug][gc,age      ] GC(342) Desired survivor size 20971520 bytes, new threshold 15 (max threshold 15)
[2025-08-21T12:32:43.947+0000][1692535][info ][gc,phases   ] GC(342)   Pre Evacuate Collection Set: 0.0ms
[2025-08-21T12:32:43.947+0000][1692535][info ][gc,phases   ] GC(342)   Merge Heap Roots: 0.0ms
[2025-08-21T12:32:43.947+0000][1692535][info ][gc,phases   ] GC(342)   Evacuate Collection Set: 0.6ms
[2025-08-21T12:32:43.947+0000][1692535][info ][gc,phases   ] GC(342)   Post Evacuate Collection Set: 0.7ms
[2025-08-21T12:32:43.947+0000][1692535][info ][gc,phases   ] GC(342)   Other: 0.0ms
[2025-08-21T12:32:43.947+0000][1692535][trace][gc,age      ] GC(342) Age table with threshold 15 (max threshold 15)
[2025-08-21T12:32:43.947+0000][1692535][trace][gc,age      ] GC(342) - age   1:       9744 bytes,       9744 total
[2025-08-21T12:32:43.947+0000][1692535][trace][gc,age      ] GC(342) - age   5:        176 bytes,       9920 total
[2025-08-21T12:32:43.947+0000][1692535][trace][gc,age      ] GC(342) - age   9:        496 bytes,      10416 total
[2025-08-21T12:32:43.947+0000][1692535][trace][gc,age      ] GC(342) - age  10:       1512 bytes,      11928 total
[2025-08-21T12:32:43.947+0000][1692535][trace][gc,age      ] GC(342) - age  11:         80 bytes,      12008 total
[2025-08-21T12:32:43.947+0000][1692535][info ][gc,heap     ] GC(342) Eden regions: 75->0(75)
[2025-08-21T12:32:43.947+0000][1692535][info ][gc,heap     ] GC(342) Survivor regions: 1->1(10)
[2025-08-21T12:32:43.947+0000][1692535][info ][gc,heap     ] GC(342) Old regions: 22->22
[2025-08-21T12:32:43.947+0000][1692535][info ][gc,heap     ] GC(342) Humongous regions: 0->0
[2025-08-21T12:32:43.947+0000][1692535][info ][gc,metaspace] GC(342) Metaspace: 137943K(143808K)->137943K(143808K) NonClass: 119727K(123328K)->119727K(123328K) Class: 18216K(20480K)->18216K(20480K)
[2025-08-21T12:32:43.947+0000][1692535][info ][gc          ] GC(342) Pause Young (Normal) (G1 Evacuation Pause) 386M->86M(512M) 1.889ms
[2025-08-21T12:32:43.947+0000][1692535][info ][gc,cpu      ] GC(342) User=0.00s Sys=0.00s Real=0.01s
[2025-08-21T12:32:43.947+0000][1692535][info ][safepoint   ] Safepoint "G1CollectForAllocation", Time since last: 705445936227 ns, Reaching safepoint: 9153 ns, Cleanup: 3586 ns, At safepoint: 1923545 ns, Total: 1936284 ns
[2025-08-21T12:44:28.934+0000][1692535][info ][gc,start    ] GC(343) Pause Young (Normal) (G1 Evacuation Pause)
[2025-08-21T12:44:28.935+0000][1692535][info ][gc,task     ] GC(343) Using 1 workers of 1 for evacuation
[2025-08-21T12:44:28.935+0000][1692535][debug][gc,age      ] GC(343) Desired survivor size 20971520 bytes, new threshold 15 (max threshold 15)
[2025-08-21T12:44:28.936+0000][1692535][info ][gc,phases   ] GC(343)   Pre Evacuate Collection Set: 0.0ms
[2025-08-21T12:44:28.936+0000][1692535][info ][gc,phases   ] GC(343)   Merge Heap Roots: 0.0ms
[2025-08-21T12:44:28.936+0000][1692535][info ][gc,phases   ] GC(343)   Evacuate Collection Set: 0.6ms
[2025-08-21T12:44:28.936+0000][1692535][info ][gc,phases   ] GC(343)   Post Evacuate Collection Set: 0.7ms
[2025-08-21T12:44:28.936+0000][1692535][info ][gc,phases   ] GC(343)   Other: 0.0ms
[2025-08-21T12:44:28.936+0000][1692535][trace][gc,age      ] GC(343) Age table with threshold 15 (max threshold 15)
[2025-08-21T12:44:28.936+0000][1692535][trace][gc,age      ] GC(343) - age   1:       9736 bytes,       9736 total
[2025-08-21T12:44:28.936+0000][1692535][trace][gc,age      ] GC(343) - age   2:        176 bytes,       9912 total
[2025-08-21T12:44:28.936+0000][1692535][trace][gc,age      ] GC(343) - age  10:        496 bytes,      10408 total
[2025-08-21T12:44:28.936+0000][1692535][trace][gc,age      ] GC(343) - age  11:       1512 bytes,      11920 total
[2025-08-21T12:44:28.936+0000][1692535][trace][gc,age      ] GC(343) - age  12:         80 bytes,      12000 total
[2025-08-21T12:44:28.936+0000][1692535][info ][gc,heap     ] GC(343) Eden regions: 75->0(75)
[2025-08-21T12:44:28.936+0000][1692535][info ][gc,heap     ] GC(343) Survivor regions: 1->1(10)
[2025-08-21T12:44:28.936+0000][1692535][info ][gc,heap     ] GC(343) Old regions: 22->22
[2025-08-21T12:44:28.936+0000][1692535][info ][gc,heap     ] GC(343) Humongous regions: 0->0
[2025-08-21T12:44:28.936+0000][1692535][info ][gc,metaspace] GC(343) Metaspace: 137943K(143808K)->137943K(143808K) NonClass: 119727K(123328K)->119727K(123328K) Class: 18216K(20480K)->18216K(20480K)
[2025-08-21T12:44:28.936+0000][1692535][info ][gc          ] GC(343) Pause Young (Normal) (G1 Evacuation Pause) 386M->86M(512M) 2.058ms
[2025-08-21T12:44:28.936+0000][1692535][info ][gc,cpu      ] GC(343) User=0.00s Sys=0.00s Real=0.01s
[2025-08-21T12:44:28.936+0000][1692535][info ][safepoint   ] Safepoint "G1CollectForAllocation", Time since last: 704987024171 ns, Reaching safepoint: 267423 ns, Cleanup: 3476 ns, At safepoint: 2103346 ns, Total: 2374245 ns
[2025-08-21T12:56:14.071+0000][1692535][info ][gc,start    ] GC(344) Pause Young (Normal) (G1 Evacuation Pause)
[2025-08-21T12:56:14.071+0000][1692535][info ][gc,task     ] GC(344) Using 1 workers of 1 for evacuation
[2025-08-21T12:56:14.071+0000][1692535][debug][gc,age      ] GC(344) Desired survivor size 20971520 bytes, new threshold 15 (max threshold 15)
[2025-08-21T12:56:14.073+0000][1692535][info ][gc,phases   ] GC(344)   Pre Evacuate Collection Set: 0.0ms
[2025-08-21T12:56:14.073+0000][1692535][info ][gc,phases   ] GC(344)   Merge Heap Roots: 0.0ms
[2025-08-21T12:56:14.073+0000][1692535][info ][gc,phases   ] GC(344)   Evacuate Collection Set: 0.6ms
[2025-08-21T12:56:14.073+0000][1692535][info ][gc,phases   ] GC(344)   Post Evacuate Collection Set: 0.7ms
[2025-08-21T12:56:14.073+0000][1692535][info ][gc,phases   ] GC(344)   Other: 0.0ms
[2025-08-21T12:56:14.073+0000][1692535][trace][gc,age      ] GC(344) Age table with threshold 15 (max threshold 15)
[2025-08-21T12:56:14.073+0000][1692535][trace][gc,age      ] GC(344) - age   1:      10592 bytes,      10592 total
[2025-08-21T12:56:14.073+0000][1692535][trace][gc,age      ] GC(344) - age   2:        352 bytes,      10944 total
[2025-08-21T12:56:14.073+0000][1692535][trace][gc,age      ] GC(344) - age  11:        496 bytes,      11440 total
[2025-08-21T12:56:14.073+0000][1692535][trace][gc,age      ] GC(344) - age  12:       1512 bytes,      12952 total
[2025-08-21T12:56:14.073+0000][1692535][trace][gc,age      ] GC(344) - age  13:         80 bytes,      13032 total
[2025-08-21T12:56:14.073+0000][1692535][info ][gc,heap     ] GC(344) Eden regions: 75->0(75)
[2025-08-21T12:56:14.073+0000][1692535][info ][gc,heap     ] GC(344) Survivor regions: 1->1(10)
[2025-08-21T12:56:14.073+0000][1692535][info ][gc,heap     ] GC(344) Old regions: 22->22
[2025-08-21T12:56:14.073+0000][1692535][info ][gc,heap     ] GC(344) Humongous regions: 0->0
[2025-08-21T12:56:14.073+0000][1692535][info ][gc,metaspace] GC(344) Metaspace: 137943K(143808K)->137943K(143808K) NonClass: 119727K(123328K)->119727K(123328K) Class: 18216K(20480K)->18216K(20480K)
[2025-08-21T12:56:14.073+0000][1692535][info ][gc          ] GC(344) Pause Young (Normal) (G1 Evacuation Pause) 386M->86M(512M) 2.024ms
[2025-08-21T12:56:14.073+0000][1692535][info ][gc,cpu      ] GC(344) User=0.00s Sys=0.00s Real=0.00s
[2025-08-21T12:56:14.073+0000][1692535][info ][safepoint   ] Safepoint "G1CollectForAllocation", Time since last: 705134427023 ns, Reaching safepoint: 6840 ns, Cleanup: 3716 ns, At safepoint: 2060521 ns, Total: 2071077 ns
[2025-08-21T12:59:09.083+0000][1692535][info ][safepoint   ] Safepoint "Cleanup", Time since last: 175010272416 ns, Reaching safepoint: 40171 ns, Cleanup: 8282 ns, At safepoint: 430310 ns, Total: 478763 ns
[2025-08-21T13:07:56.199+0000][1692535][info ][gc,start    ] GC(345) Pause Young (Normal) (G1 Evacuation Pause)
[2025-08-21T13:07:56.200+0000][1692535][info ][gc,task     ] GC(345) Using 1 workers of 1 for evacuation
[2025-08-21T13:07:56.200+0000][1692535][debug][gc,age      ] GC(345) Desired survivor size 20971520 bytes, new threshold 15 (max threshold 15)
[2025-08-21T13:07:56.201+0000][1692535][info ][gc,phases   ] GC(345)   Pre Evacuate Collection Set: 0.0ms
[2025-08-21T13:07:56.201+0000][1692535][info ][gc,phases   ] GC(345)   Merge Heap Roots: 0.0ms
[2025-08-21T13:07:56.201+0000][1692535][info ][gc,phases   ] GC(345)   Evacuate Collection Set: 0.6ms
[2025-08-21T13:07:56.201+0000][1692535][info ][gc,phases   ] GC(345)   Post Evacuate Collection Set: 0.7ms
[2025-08-21T13:07:56.201+0000][1692535][info ][gc,phases   ] GC(345)   Other: 0.0ms
[2025-08-21T13:07:56.201+0000][1692535][trace][gc,age      ] GC(345) Age table with threshold 15 (max threshold 15)
[2025-08-21T13:07:56.201+0000][1692535][trace][gc,age      ] GC(345) - age   1:       9552 bytes,       9552 total
[2025-08-21T13:07:56.201+0000][1692535][trace][gc,age      ] GC(345) - age   3:        176 bytes,       9728 total
[2025-08-21T13:07:56.201+0000][1692535][trace][gc,age      ] GC(345) - age  12:        496 bytes,      10224 total
[2025-08-21T13:07:56.201+0000][1692535][trace][gc,age      ] GC(345) - age  13:       1512 bytes,      11736 total
[2025-08-21T13:07:56.201+0000][1692535][trace][gc,age      ] GC(345) - age  14:         80 bytes,      11816 total
[2025-08-21T13:07:56.201+0000][1692535][info ][gc,heap     ] GC(345) Eden regions: 75->0(75)
[2025-08-21T13:07:56.201+0000][1692535][info ][gc,heap     ] GC(345) Survivor regions: 1->1(10)
[2025-08-21T13:07:56.201+0000][1692535][info ][gc,heap     ] GC(345) Old regions: 22->22
[2025-08-21T13:07:56.201+0000][1692535][info ][gc,heap     ] GC(345) Humongous regions: 0->0
[2025-08-21T13:07:56.201+0000][1692535][info ][gc,metaspace] GC(345) Metaspace: 137943K(143808K)->137943K(143808K) NonClass: 119727K(123328K)->119727K(123328K) Class: 18216K(20480K)->18216K(20480K)
[2025-08-21T13:07:56.201+0000][1692535][info ][gc          ] GC(345) Pause Young (Normal) (G1 Evacuation Pause) 386M->86M(512M) 1.966ms
[2025-08-21T13:07:56.201+0000][1692535][info ][gc,cpu      ] GC(345) User=0.00s Sys=0.00s Real=0.00s
[2025-08-21T13:07:56.201+0000][1692535][info ][safepoint   ] Safepoint "G1CollectForAllocation", Time since last: 527115977056 ns, Reaching safepoint: 7211 ns, Cleanup: 3575 ns, At safepoint: 1999339 ns, Total: 2010125 ns
[2025-08-21T13:19:39.438+0000][1692535][info ][gc,start    ] GC(346) Pause Young (Normal) (G1 Evacuation Pause)
[2025-08-21T13:19:39.438+0000][1692535][info ][gc,task     ] GC(346) Using 1 workers of 1 for evacuation
[2025-08-21T13:19:39.438+0000][1692535][debug][gc,age      ] GC(346) Desired survivor size 20971520 bytes, new threshold 15 (max threshold 15)
[2025-08-21T13:19:39.439+0000][1692535][info ][gc,phases   ] GC(346)   Pre Evacuate Collection Set: 0.0ms
[2025-08-21T13:19:39.439+0000][1692535][info ][gc,phases   ] GC(346)   Merge Heap Roots: 0.0ms
[2025-08-21T13:19:39.439+0000][1692535][info ][gc,phases   ] GC(346)   Evacuate Collection Set: 0.7ms
[2025-08-21T13:19:39.439+0000][1692535][info ][gc,phases   ] GC(346)   Post Evacuate Collection Set: 0.7ms
[2025-08-21T13:19:39.439+0000][1692535][info ][gc,phases   ] GC(346)   Other: 0.0ms
[2025-08-21T13:19:39.439+0000][1692535][trace][gc,age      ] GC(346) Age table with threshold 15 (max threshold 15)
[2025-08-21T13:19:39.439+0000][1692535][trace][gc,age      ] GC(346) - age   1:      16552 bytes,      16552 total
[2025-08-21T13:19:39.439+0000][1692535][trace][gc,age      ] GC(346) - age   2:         48 bytes,      16600 total
[2025-08-21T13:19:39.439+0000][1692535][trace][gc,age      ] GC(346) - age   4:        176 bytes,      16776 total
[2025-08-21T13:19:39.439+0000][1692535][trace][gc,age      ] GC(346) - age  13:        496 bytes,      17272 total
[2025-08-21T13:19:39.439+0000][1692535][trace][gc,age      ] GC(346) - age  14:       1512 bytes,      18784 total
[2025-08-21T13:19:39.439+0000][1692535][trace][gc,age      ] GC(346) - age  15:         80 bytes,      18864 total
[2025-08-21T13:19:39.439+0000][1692535][info ][gc,heap     ] GC(346) Eden regions: 75->0(75)
[2025-08-21T13:19:39.439+0000][1692535][info ][gc,heap     ] GC(346) Survivor regions: 1->1(10)
[2025-08-21T13:19:39.439+0000][1692535][info ][gc,heap     ] GC(346) Old regions: 22->22
[2025-08-21T13:19:39.439+0000][1692535][info ][gc,heap     ] GC(346) Humongous regions: 0->0
[2025-08-21T13:19:39.439+0000][1692535][info ][gc,metaspace] GC(346) Metaspace: 137943K(143808K)->137943K(143808K) NonClass: 119727K(123328K)->119727K(123328K) Class: 18216K(20480K)->18216K(20480K)
[2025-08-21T13:19:39.439+0000][1692535][info ][gc          ] GC(346) Pause Young (Normal) (G1 Evacuation Pause) 386M->86M(512M) 1.768ms
[2025-08-21T13:19:39.439+0000][1692535][info ][gc,cpu      ] GC(346) User=0.01s Sys=0.00s Real=0.00s
[2025-08-21T13:19:39.439+0000][1692535][info ][safepoint   ] Safepoint "G1CollectForAllocation", Time since last: 703236363227 ns, Reaching safepoint: 4427 ns, Cleanup: 2623 ns, At safepoint: 1804025 ns, Total: 1811075 ns
[2025-08-21T13:31:25.457+0000][1692535][info ][gc,start    ] GC(347) Pause Young (Normal) (G1 Evacuation Pause)
[2025-08-21T13:31:25.458+0000][1692535][info ][gc,task     ] GC(347) Using 1 workers of 1 for evacuation
[2025-08-21T13:31:25.458+0000][1692535][debug][gc,age      ] GC(347) Desired survivor size 20971520 bytes, new threshold 15 (max threshold 15)
[2025-08-21T13:31:25.459+0000][1692535][info ][gc,phases   ] GC(347)   Pre Evacuate Collection Set: 0.0ms
[2025-08-21T13:31:25.459+0000][1692535][info ][gc,phases   ] GC(347)   Merge Heap Roots: 0.0ms
[2025-08-21T13:31:25.459+0000][1692535][info ][gc,phases   ] GC(347)   Evacuate Collection Set: 0.6ms
[2025-08-21T13:31:25.459+0000][1692535][info ][gc,phases   ] GC(347)   Post Evacuate Collection Set: 0.7ms
[2025-08-21T13:31:25.459+0000][1692535][info ][gc,phases   ] GC(347)   Other: 0.0ms
[2025-08-21T13:31:25.459+0000][1692535][trace][gc,age      ] GC(347) Age table with threshold 15 (max threshold 15)
[2025-08-21T13:31:25.459+0000][1692535][trace][gc,age      ] GC(347) - age   1:       9272 bytes,       9272 total
[2025-08-21T13:31:25.459+0000][1692535][trace][gc,age      ] GC(347) - age   2:        176 bytes,       9448 total
[2025-08-21T13:31:25.459+0000][1692535][trace][gc,age      ] GC(347) - age   3:         48 bytes,       9496 total
[2025-08-21T13:31:25.459+0000][1692535][trace][gc,age      ] GC(347) - age   5:        176 bytes,       9672 total
[2025-08-21T13:31:25.459+0000][1692535][trace][gc,age      ] GC(347) - age  14:        496 bytes,      10168 total
[2025-08-21T13:31:25.459+0000][1692535][trace][gc,age      ] GC(347) - age  15:       1512 bytes,      11680 total
[2025-08-21T13:31:25.459+0000][1692535][info ][gc,heap     ] GC(347) Eden regions: 75->0(75)
[2025-08-21T13:31:25.459+0000][1692535][info ][gc,heap     ] GC(347) Survivor regions: 1->1(10)
[2025-08-21T13:31:25.459+0000][1692535][info ][gc,heap     ] GC(347) Old regions: 22->22
[2025-08-21T13:31:25.459+0000][1692535][info ][gc,heap     ] GC(347) Humongous regions: 0->0
[2025-08-21T13:31:25.459+0000][1692535][info ][gc,metaspace] GC(347) Metaspace: 137943K(143808K)->137943K(143808K) NonClass: 119727K(123328K)->119727K(123328K) Class: 18216K(20480K)->18216K(20480K)
[2025-08-21T13:31:25.459+0000][1692535][info ][gc          ] GC(347) Pause Young (Normal) (G1 Evacuation Pause) 386M->86M(512M) 1.960ms
[2025-08-21T13:31:25.459+0000][1692535][info ][gc,cpu      ] GC(347) User=0.00s Sys=0.00s Real=0.00s
[2025-08-21T13:31:25.459+0000][1692535][info ][safepoint   ] Safepoint "G1CollectForAllocation", Time since last: 706017856113 ns, Reaching safepoint: 11397 ns, Cleanup: 3245 ns, At safepoint: 1996234 ns, Total: 2010876 ns
[2025-08-21T13:32:06.464+0000][1692535][info ][safepoint   ] Safepoint "Cleanup", Time since last: 41004384190 ns, Reaching safepoint: 41062 ns, Cleanup: 10155 ns, At safepoint: 2294 ns, Total: 53511 ns
[2025-08-21T13:34:40.490+0000][1692535][info ][safepoint   ] Safepoint "Cleanup", Time since last: 154026340030 ns, Reaching safepoint: 5028 ns, Cleanup: 9534 ns, At safepoint: 2354 ns, Total: 16916 ns
[2025-08-21T13:43:10.483+0000][1692535][info ][gc,start    ] GC(348) Pause Young (Normal) (G1 Evacuation Pause)
[2025-08-21T13:43:10.484+0000][1692535][info ][gc,task     ] GC(348) Using 1 workers of 1 for evacuation
[2025-08-21T13:43:10.484+0000][1692535][debug][gc,age      ] GC(348) Desired survivor size 20971520 bytes, new threshold 15 (max threshold 15)
[2025-08-21T13:43:10.486+0000][1692535][info ][gc,phases   ] GC(348)   Pre Evacuate Collection Set: 0.0ms
[2025-08-21T13:43:10.486+0000][1692535][info ][gc,phases   ] GC(348)   Merge Heap Roots: 0.0ms
[2025-08-21T13:43:10.486+0000][1692535][info ][gc,phases   ] GC(348)   Evacuate Collection Set: 1.2ms
[2025-08-21T13:43:10.486+0000][1692535][info ][gc,phases   ] GC(348)   Post Evacuate Collection Set: 0.9ms
[2025-08-21T13:43:10.486+0000][1692535][info ][gc,phases   ] GC(348)   Other: 0.0ms
[2025-08-21T13:43:10.486+0000][1692535][trace][gc,age      ] GC(348) Age table with threshold 15 (max threshold 15)
[2025-08-21T13:43:10.486+0000][1692535][trace][gc,age      ] GC(348) - age   1:      26384 bytes,      26384 total
[2025-08-21T13:43:10.486+0000][1692535][trace][gc,age      ] GC(348) - age   2:        176 bytes,      26560 total
[2025-08-21T13:43:10.486+0000][1692535][trace][gc,age      ] GC(348) - age   4:         48 bytes,      26608 total
[2025-08-21T13:43:10.486+0000][1692535][trace][gc,age      ] GC(348) - age   6:        176 bytes,      26784 total
[2025-08-21T13:43:10.486+0000][1692535][trace][gc,age      ] GC(348) - age  15:        496 bytes,      27280 total
[2025-08-21T13:43:10.486+0000][1692535][info ][gc,heap     ] GC(348) Eden regions: 75->0(75)
[2025-08-21T13:43:10.486+0000][1692535][info ][gc,heap     ] GC(348) Survivor regions: 1->1(10)
[2025-08-21T13:43:10.486+0000][1692535][info ][gc,heap     ] GC(348) Old regions: 22->22
[2025-08-21T13:43:10.486+0000][1692535][info ][gc,heap     ] GC(348) Humongous regions: 0->0
[2025-08-21T13:43:10.486+0000][1692535][info ][gc,metaspace] GC(348) Metaspace: 137943K(143808K)->137943K(143808K) NonClass: 119727K(123328K)->119727K(123328K) Class: 18216K(20480K)->18216K(20480K)
[2025-08-21T13:43:10.486+0000][1692535][info ][gc          ] GC(348) Pause Young (Normal) (G1 Evacuation Pause) 386M->86M(512M) 2.618ms
[2025-08-21T13:43:10.486+0000][1692535][info ][gc,cpu      ] GC(348) User=0.01s Sys=0.00s Real=0.01s
[2025-08-21T13:43:10.486+0000][1692535][info ][safepoint   ] Safepoint "G1CollectForAllocation", Time since last: 509993004102 ns, Reaching safepoint: 7051 ns, Cleanup: 3084 ns, At safepoint: 2653166 ns, Total: 2663301 ns
[2025-08-21T13:54:55.733+0000][1692535][info ][gc,start    ] GC(349) Pause Young (Normal) (G1 Evacuation Pause)
[2025-08-21T13:54:55.733+0000][1692535][info ][gc,task     ] GC(349) Using 1 workers of 1 for evacuation
[2025-08-21T13:54:55.733+0000][1692535][debug][gc,age      ] GC(349) Desired survivor size 20971520 bytes, new threshold 15 (max threshold 15)
[2025-08-21T13:54:55.735+0000][1692535][info ][gc,phases   ] GC(349)   Pre Evacuate Collection Set: 0.0ms
[2025-08-21T13:54:55.735+0000][1692535][info ][gc,phases   ] GC(349)   Merge Heap Roots: 0.0ms
[2025-08-21T13:54:55.735+0000][1692535][info ][gc,phases   ] GC(349)   Evacuate Collection Set: 0.6ms
[2025-08-21T13:54:55.735+0000][1692535][info ][gc,phases   ] GC(349)   Post Evacuate Collection Set: 0.8ms
[2025-08-21T13:54:55.735+0000][1692535][info ][gc,phases   ] GC(349)   Other: 0.0ms
[2025-08-21T13:54:55.735+0000][1692535][trace][gc,age      ] GC(349) Age table with threshold 15 (max threshold 15)
[2025-08-21T13:54:55.735+0000][1692535][trace][gc,age      ] GC(349) - age   1:       9688 bytes,       9688 total
[2025-08-21T13:54:55.735+0000][1692535][trace][gc,age      ] GC(349) - age   2:       2400 bytes,      12088 total
[2025-08-21T13:54:55.735+0000][1692535][trace][gc,age      ] GC(349) - age   5:         48 bytes,      12136 total
[2025-08-21T13:54:55.735+0000][1692535][info ][gc,heap     ] GC(349) Eden regions: 75->0(75)
[2025-08-21T13:54:55.735+0000][1692535][info ][gc,heap     ] GC(349) Survivor regions: 1->1(10)
[2025-08-21T13:54:55.735+0000][1692535][info ][gc,heap     ] GC(349) Old regions: 22->22
[2025-08-21T13:54:55.735+0000][1692535][info ][gc,heap     ] GC(349) Humongous regions: 0->0
[2025-08-21T13:54:55.735+0000][1692535][info ][gc,metaspace] GC(349) Metaspace: 137943K(143808K)->137943K(143808K) NonClass: 119727K(123328K)->119727K(123328K) Class: 18216K(20480K)->18216K(20480K)
[2025-08-21T13:54:55.735+0000][1692535][info ][gc          ] GC(349) Pause Young (Normal) (G1 Evacuation Pause) 386M->86M(512M) 2.220ms
[2025-08-21T13:54:55.735+0000][1692535][info ][gc,cpu      ] GC(349) User=0.00s Sys=0.00s Real=0.00s
[2025-08-21T13:54:55.735+0000][1692535][info ][safepoint   ] Safepoint "G1CollectForAllocation", Time since last: 705246920767 ns, Reaching safepoint: 9895 ns, Cleanup: 3195 ns, At safepoint: 2254113 ns, Total: 2267203 ns
[2025-08-21T14:06:40.896+0000][1692535][info ][gc,start    ] GC(350) Pause Young (Normal) (G1 Evacuation Pause)
[2025-08-21T14:06:40.897+0000][1692535][info ][gc,task     ] GC(350) Using 1 workers of 1 for evacuation
[2025-08-21T14:06:40.897+0000][1692535][debug][gc,age      ] GC(350) Desired survivor size 20971520 bytes, new threshold 15 (max threshold 15)
[2025-08-21T14:06:40.898+0000][1692535][info ][gc,phases   ] GC(350)   Pre Evacuate Collection Set: 0.0ms
[2025-08-21T14:06:40.898+0000][1692535][info ][gc,phases   ] GC(350)   Merge Heap Roots: 0.0ms
[2025-08-21T14:06:40.898+0000][1692535][info ][gc,phases   ] GC(350)   Evacuate Collection Set: 0.6ms
[2025-08-21T14:06:40.898+0000][1692535][info ][gc,phases   ] GC(350)   Post Evacuate Collection Set: 0.7ms
[2025-08-21T14:06:40.898+0000][1692535][info ][gc,phases   ] GC(350)   Other: 0.0ms
[2025-08-21T14:06:40.898+0000][1692535][trace][gc,age      ] GC(350) Age table with threshold 15 (max threshold 15)
[2025-08-21T14:06:40.898+0000][1692535][trace][gc,age      ] GC(350) - age   1:       9552 bytes,       9552 total
[2025-08-21T14:06:40.898+0000][1692535][trace][gc,age      ] GC(350) - age   2:        176 bytes,       9728 total
[2025-08-21T14:06:40.898+0000][1692535][trace][gc,age      ] GC(350) - age   3:       2400 bytes,      12128 total
[2025-08-21T14:06:40.898+0000][1692535][trace][gc,age      ] GC(350) - age   6:         48 bytes,      12176 total
[2025-08-21T14:06:40.898+0000][1692535][info ][gc,heap     ] GC(350) Eden regions: 75->0(75)
[2025-08-21T14:06:40.898+0000][1692535][info ][gc,heap     ] GC(350) Survivor regions: 1->1(10)
[2025-08-21T14:06:40.898+0000][1692535][info ][gc,heap     ] GC(350) Old regions: 22->22
[2025-08-21T14:06:40.898+0000][1692535][info ][gc,heap     ] GC(350) Humongous regions: 0->0
[2025-08-21T14:06:40.898+0000][1692535][info ][gc,metaspace] GC(350) Metaspace: 137943K(143808K)->137943K(143808K) NonClass: 119727K(123328K)->119727K(123328K) Class: 18216K(20480K)->18216K(20480K)
[2025-08-21T14:06:40.898+0000][1692535][info ][gc          ] GC(350) Pause Young (Normal) (G1 Evacuation Pause) 386M->86M(512M) 1.935ms
[2025-08-21T14:06:40.898+0000][1692535][info ][gc,cpu      ] GC(350) User=0.01s Sys=0.00s Real=0.00s
[2025-08-21T14:06:40.898+0000][1692535][info ][safepoint   ] Safepoint "G1CollectForAllocation", Time since last: 705161152697 ns, Reaching safepoint: 4788 ns, Cleanup: 3555 ns, At safepoint: 1969053 ns, Total: 1977396 ns
[2025-08-21T14:18:26.296+0000][1692535][info ][gc,start    ] GC(351) Pause Young (Normal) (G1 Evacuation Pause)
[2025-08-21T14:18:26.296+0000][1692535][info ][gc,task     ] GC(351) Using 1 workers of 1 for evacuation
[2025-08-21T14:18:26.296+0000][1692535][debug][gc,age      ] GC(351) Desired survivor size 20971520 bytes, new threshold 15 (max threshold 15)
[2025-08-21T14:18:26.298+0000][1692535][info ][gc,phases   ] GC(351)   Pre Evacuate Collection Set: 0.0ms
[2025-08-21T14:18:26.298+0000][1692535][info ][gc,phases   ] GC(351)   Merge Heap Roots: 0.0ms
[2025-08-21T14:18:26.298+0000][1692535][info ][gc,phases   ] GC(351)   Evacuate Collection Set: 0.6ms
[2025-08-21T14:18:26.298+0000][1692535][info ][gc,phases   ] GC(351)   Post Evacuate Collection Set: 0.8ms
[2025-08-21T14:18:26.298+0000][1692535][info ][gc,phases   ] GC(351)   Other: 0.0ms
[2025-08-21T14:18:26.298+0000][1692535][trace][gc,age      ] GC(351) Age table with threshold 15 (max threshold 15)
[2025-08-21T14:18:26.298+0000][1692535][trace][gc,age      ] GC(351) - age   1:       9784 bytes,       9784 total
[2025-08-21T14:18:26.298+0000][1692535][trace][gc,age      ] GC(351) - age   3:        176 bytes,       9960 total
[2025-08-21T14:18:26.298+0000][1692535][trace][gc,age      ] GC(351) - age   4:       2400 bytes,      12360 total
[2025-08-21T14:18:26.298+0000][1692535][trace][gc,age      ] GC(351) - age   7:         48 bytes,      12408 total
[2025-08-21T14:18:26.298+0000][1692535][info ][gc,heap     ] GC(351) Eden regions: 75->0(75)
[2025-08-21T14:18:26.298+0000][1692535][info ][gc,heap     ] GC(351) Survivor regions: 1->1(10)
[2025-08-21T14:18:26.298+0000][1692535][info ][gc,heap     ] GC(351) Old regions: 22->22
[2025-08-21T14:18:26.298+0000][1692535][info ][gc,heap     ] GC(351) Humongous regions: 0->0
[2025-08-21T14:18:26.298+0000][1692535][info ][gc,metaspace] GC(351) Metaspace: 137943K(143808K)->137943K(143808K) NonClass: 119727K(123328K)->119727K(123328K) Class: 18216K(20480K)->18216K(20480K)
[2025-08-21T14:18:26.298+0000][1692535][info ][gc          ] GC(351) Pause Young (Normal) (G1 Evacuation Pause) 386M->86M(512M) 2.062ms
[2025-08-21T14:18:26.298+0000][1692535][info ][gc,cpu      ] GC(351) User=0.00s Sys=0.00s Real=0.00s
[2025-08-21T14:18:26.298+0000][1692535][info ][safepoint   ] Safepoint "G1CollectForAllocation", Time since last: 705397818576 ns, Reaching safepoint: 7701 ns, Cleanup: 4237 ns, At safepoint: 2095674 ns, Total: 2107612 ns
[2025-08-21T14:30:12.436+0000][1692535][info ][gc,start    ] GC(352) Pause Young (Normal) (G1 Evacuation Pause)
[2025-08-21T14:30:12.436+0000][1692535][info ][gc,task     ] GC(352) Using 1 workers of 1 for evacuation
[2025-08-21T14:30:12.436+0000][1692535][debug][gc,age      ] GC(352) Desired survivor size 20971520 bytes, new threshold 15 (max threshold 15)
[2025-08-21T14:30:12.439+0000][1692535][info ][gc,phases   ] GC(352)   Pre Evacuate Collection Set: 0.1ms
[2025-08-21T14:30:12.439+0000][1692535][info ][gc,phases   ] GC(352)   Merge Heap Roots: 0.0ms
[2025-08-21T14:30:12.439+0000][1692535][info ][gc,phases   ] GC(352)   Evacuate Collection Set: 0.7ms
[2025-08-21T14:30:12.439+0000][1692535][info ][gc,phases   ] GC(352)   Post Evacuate Collection Set: 1.3ms
[2025-08-21T14:30:12.439+0000][1692535][info ][gc,phases   ] GC(352)   Other: 0.0ms
[2025-08-21T14:30:12.439+0000][1692535][trace][gc,age      ] GC(352) Age table with threshold 15 (max threshold 15)
[2025-08-21T14:30:12.439+0000][1692535][trace][gc,age      ] GC(352) - age   1:      12896 bytes,      12896 total
[2025-08-21T14:30:12.439+0000][1692535][trace][gc,age      ] GC(352) - age   2:        176 bytes,      13072 total
[2025-08-21T14:30:12.439+0000][1692535][trace][gc,age      ] GC(352) - age   4:        176 bytes,      13248 total
[2025-08-21T14:30:12.439+0000][1692535][trace][gc,age      ] GC(352) - age   5:       2400 bytes,      15648 total
[2025-08-21T14:30:12.439+0000][1692535][trace][gc,age      ] GC(352) - age   8:         48 bytes,      15696 total
[2025-08-21T14:30:12.439+0000][1692535][info ][gc,heap     ] GC(352) Eden regions: 75->0(75)
[2025-08-21T14:30:12.439+0000][1692535][info ][gc,heap     ] GC(352) Survivor regions: 1->1(10)
[2025-08-21T14:30:12.439+0000][1692535][info ][gc,heap     ] GC(352) Old regions: 22->22
[2025-08-21T14:30:12.439+0000][1692535][info ][gc,heap     ] GC(352) Humongous regions: 0->0
[2025-08-21T14:30:12.439+0000][1692535][info ][gc,metaspace] GC(352) Metaspace: 137943K(143808K)->137943K(143808K) NonClass: 119727K(123328K)->119727K(123328K) Class: 18216K(20480K)->18216K(20480K)
[2025-08-21T14:30:12.439+0000][1692535][info ][gc          ] GC(352) Pause Young (Normal) (G1 Evacuation Pause) 386M->86M(512M) 2.488ms
[2025-08-21T14:30:12.439+0000][1692535][info ][gc,cpu      ] GC(352) User=0.00s Sys=0.00s Real=0.00s
[2025-08-21T14:30:12.439+0000][1692535][info ][safepoint   ] Safepoint "G1CollectForAllocation", Time since last: 706138068890 ns, Reaching safepoint: 9504 ns, Cleanup: 3095 ns, At safepoint: 2521677 ns, Total: 2534276 ns
[2025-08-21T14:41:54.781+0000][1692535][info ][gc,start    ] GC(353) Pause Young (Normal) (G1 Evacuation Pause)
[2025-08-21T14:41:54.781+0000][1692535][info ][gc,task     ] GC(353) Using 1 workers of 1 for evacuation
[2025-08-21T14:41:54.781+0000][1692535][debug][gc,age      ] GC(353) Desired survivor size 20971520 bytes, new threshold 15 (max threshold 15)
[2025-08-21T14:41:54.783+0000][1692535][info ][gc,phases   ] GC(353)   Pre Evacuate Collection Set: 0.0ms
[2025-08-21T14:41:54.783+0000][1692535][info ][gc,phases   ] GC(353)   Merge Heap Roots: 0.0ms
[2025-08-21T14:41:54.783+0000][1692535][info ][gc,phases   ] GC(353)   Evacuate Collection Set: 0.6ms
[2025-08-21T14:41:54.783+0000][1692535][info ][gc,phases   ] GC(353)   Post Evacuate Collection Set: 0.8ms
[2025-08-21T14:41:54.783+0000][1692535][info ][gc,phases   ] GC(353)   Other: 0.0ms
[2025-08-21T14:41:54.783+0000][1692535][trace][gc,age      ] GC(353) Age table with threshold 15 (max threshold 15)
[2025-08-21T14:41:54.783+0000][1692535][trace][gc,age      ] GC(353) - age   1:       9328 bytes,       9328 total
[2025-08-21T14:41:54.783+0000][1692535][trace][gc,age      ] GC(353) - age   2:        176 bytes,       9504 total
[2025-08-21T14:41:54.783+0000][1692535][trace][gc,age      ] GC(353) - age   5:        176 bytes,       9680 total
[2025-08-21T14:41:54.783+0000][1692535][trace][gc,age      ] GC(353) - age   6:       2400 bytes,      12080 total
[2025-08-21T14:41:54.783+0000][1692535][trace][gc,age      ] GC(353) - age   9:         48 bytes,      12128 total
[2025-08-21T14:41:54.783+0000][1692535][info ][gc,heap     ] GC(353) Eden regions: 75->0(75)
[2025-08-21T14:41:54.783+0000][1692535][info ][gc,heap     ] GC(353) Survivor regions: 1->1(10)
[2025-08-21T14:41:54.783+0000][1692535][info ][gc,heap     ] GC(353) Old regions: 22->22
[2025-08-21T14:41:54.783+0000][1692535][info ][gc,heap     ] GC(353) Humongous regions: 0->0
[2025-08-21T14:41:54.783+0000][1692535][info ][gc,metaspace] GC(353) Metaspace: 137943K(143808K)->137943K(143808K) NonClass: 119727K(123328K)->119727K(123328K) Class: 18216K(20480K)->18216K(20480K)
[2025-08-21T14:41:54.783+0000][1692535][info ][gc          ] GC(353) Pause Young (Normal) (G1 Evacuation Pause) 386M->86M(512M) 1.906ms
[2025-08-21T14:41:54.783+0000][1692535][info ][gc,cpu      ] GC(353) User=0.00s Sys=0.00s Real=0.00s
[2025-08-21T14:41:54.783+0000][1692535][info ][safepoint   ] Safepoint "G1CollectForAllocation", Time since last: 702342280270 ns, Reaching safepoint: 7662 ns, Cleanup: 3896 ns, At safepoint: 1940350 ns, Total: 1951908 ns
[2025-08-21T14:53:41.402+0000][1692535][info ][gc,start    ] GC(354) Pause Young (Normal) (G1 Evacuation Pause)
[2025-08-21T14:53:41.402+0000][1692535][info ][gc,task     ] GC(354) Using 1 workers of 1 for evacuation
[2025-08-21T14:53:41.402+0000][1692535][debug][gc,age      ] GC(354) Desired survivor size 20971520 bytes, new threshold 15 (max threshold 15)
[2025-08-21T14:53:41.403+0000][1692535][info ][gc,phases   ] GC(354)   Pre Evacuate Collection Set: 0.0ms
[2025-08-21T14:53:41.403+0000][1692535][info ][gc,phases   ] GC(354)   Merge Heap Roots: 0.0ms
[2025-08-21T14:53:41.403+0000][1692535][info ][gc,phases   ] GC(354)   Evacuate Collection Set: 0.6ms
[2025-08-21T14:53:41.403+0000][1692535][info ][gc,phases   ] GC(354)   Post Evacuate Collection Set: 0.7ms
[2025-08-21T14:53:41.403+0000][1692535][info ][gc,phases   ] GC(354)   Other: 0.0ms
[2025-08-21T14:53:41.403+0000][1692535][trace][gc,age      ] GC(354) Age table with threshold 15 (max threshold 15)
[2025-08-21T14:53:41.403+0000][1692535][trace][gc,age      ] GC(354) - age   1:       9504 bytes,       9504 total
[2025-08-21T14:53:41.403+0000][1692535][trace][gc,age      ] GC(354) - age   7:       2400 bytes,      11904 total
[2025-08-21T14:53:41.403+0000][1692535][trace][gc,age      ] GC(354) - age  10:         48 bytes,      11952 total
[2025-08-21T14:53:41.404+0000][1692535][info ][gc,heap     ] GC(354) Eden regions: 75->0(75)
[2025-08-21T14:53:41.404+0000][1692535][info ][gc,heap     ] GC(354) Survivor regions: 1->1(10)
[2025-08-21T14:53:41.404+0000][1692535][info ][gc,heap     ] GC(354) Old regions: 22->22
[2025-08-21T14:53:41.404+0000][1692535][info ][gc,heap     ] GC(354) Humongous regions: 0->0
[2025-08-21T14:53:41.404+0000][1692535][info ][gc,metaspace] GC(354) Metaspace: 137943K(143808K)->137943K(143808K) NonClass: 119727K(123328K)->119727K(123328K) Class: 18216K(20480K)->18216K(20480K)
[2025-08-21T14:53:41.404+0000][1692535][info ][gc          ] GC(354) Pause Young (Normal) (G1 Evacuation Pause) 386M->86M(512M) 1.937ms
[2025-08-21T14:53:41.404+0000][1692535][info ][gc,cpu      ] GC(354) User=0.00s Sys=0.00s Real=0.00s
[2025-08-21T14:53:41.404+0000][1692535][info ][safepoint   ] Safepoint "G1CollectForAllocation", Time since last: 706618663712 ns, Reaching safepoint: 4516 ns, Cleanup: 3265 ns, At safepoint: 1968803 ns, Total: 1976584 ns
[2025-08-21T15:05:24.083+0000][1692535][info ][gc,start    ] GC(355) Pause Young (Normal) (G1 Evacuation Pause)
[2025-08-21T15:05:24.083+0000][1692535][info ][gc,task     ] GC(355) Using 1 workers of 1 for evacuation
[2025-08-21T15:05:24.083+0000][1692535][debug][gc,age      ] GC(355) Desired survivor size 20971520 bytes, new threshold 15 (max threshold 15)
[2025-08-21T15:05:24.084+0000][1692535][info ][gc,phases   ] GC(355)   Pre Evacuate Collection Set: 0.0ms
[2025-08-21T15:05:24.084+0000][1692535][info ][gc,phases   ] GC(355)   Merge Heap Roots: 0.0ms
[2025-08-21T15:05:24.084+0000][1692535][info ][gc,phases   ] GC(355)   Evacuate Collection Set: 0.6ms
[2025-08-21T15:05:24.084+0000][1692535][info ][gc,phases   ] GC(355)   Post Evacuate Collection Set: 0.7ms
[2025-08-21T15:05:24.084+0000][1692535][info ][gc,phases   ] GC(355)   Other: 0.0ms
[2025-08-21T15:05:24.084+0000][1692535][trace][gc,age      ] GC(355) Age table with threshold 15 (max threshold 15)
[2025-08-21T15:05:24.084+0000][1692535][trace][gc,age      ] GC(355) - age   1:      11032 bytes,      11032 total
[2025-08-21T15:05:24.084+0000][1692535][trace][gc,age      ] GC(355) - age   2:        176 bytes,      11208 total
[2025-08-21T15:05:24.084+0000][1692535][trace][gc,age      ] GC(355) - age   8:       2400 bytes,      13608 total
[2025-08-21T15:05:24.084+0000][1692535][trace][gc,age      ] GC(355) - age  11:         48 bytes,      13656 total
[2025-08-21T15:05:24.084+0000][1692535][info ][gc,heap     ] GC(355) Eden regions: 75->0(75)
[2025-08-21T15:05:24.084+0000][1692535][info ][gc,heap     ] GC(355) Survivor regions: 1->1(10)
[2025-08-21T15:05:24.084+0000][1692535][info ][gc,heap     ] GC(355) Old regions: 22->22
[2025-08-21T15:05:24.084+0000][1692535][info ][gc,heap     ] GC(355) Humongous regions: 0->0
[2025-08-21T15:05:24.084+0000][1692535][info ][gc,metaspace] GC(355) Metaspace: 137943K(143808K)->137943K(143808K) NonClass: 119727K(123328K)->119727K(123328K) Class: 18216K(20480K)->18216K(20480K)
[2025-08-21T15:05:24.084+0000][1692535][info ][gc          ] GC(355) Pause Young (Normal) (G1 Evacuation Pause) 386M->86M(512M) 1.652ms
[2025-08-21T15:05:24.084+0000][1692535][info ][gc,cpu      ] GC(355) User=0.00s Sys=0.00s Real=0.00s
[2025-08-21T15:05:24.084+0000][1692535][info ][safepoint   ] Safepoint "G1CollectForAllocation", Time since last: 702678707335 ns, Reaching safepoint: 292191 ns, Cleanup: 2965 ns, At safepoint: 1685845 ns, Total: 1981001 ns
[2025-08-21T15:17:11.254+0000][1692535][info ][gc,start    ] GC(356) Pause Young (Normal) (G1 Evacuation Pause)
[2025-08-21T15:17:11.254+0000][1692535][info ][gc,task     ] GC(356) Using 1 workers of 1 for evacuation
[2025-08-21T15:17:11.254+0000][1692535][debug][gc,age      ] GC(356) Desired survivor size 20971520 bytes, new threshold 15 (max threshold 15)
[2025-08-21T15:17:11.256+0000][1692535][info ][gc,phases   ] GC(356)   Pre Evacuate Collection Set: 0.0ms
[2025-08-21T15:17:11.256+0000][1692535][info ][gc,phases   ] GC(356)   Merge Heap Roots: 0.0ms
[2025-08-21T15:17:11.256+0000][1692535][info ][gc,phases   ] GC(356)   Evacuate Collection Set: 0.6ms
[2025-08-21T15:17:11.256+0000][1692535][info ][gc,phases   ] GC(356)   Post Evacuate Collection Set: 0.7ms
[2025-08-21T15:17:11.256+0000][1692535][info ][gc,phases   ] GC(356)   Other: 0.0ms
[2025-08-21T15:17:11.256+0000][1692535][trace][gc,age      ] GC(356) Age table with threshold 15 (max threshold 15)
[2025-08-21T15:17:11.256+0000][1692535][trace][gc,age      ] GC(356) - age   1:       9792 bytes,       9792 total
[2025-08-21T15:17:11.256+0000][1692535][trace][gc,age      ] GC(356) - age   2:        176 bytes,       9968 total
[2025-08-21T15:17:11.256+0000][1692535][trace][gc,age      ] GC(356) - age   3:        176 bytes,      10144 total
[2025-08-21T15:17:11.256+0000][1692535][trace][gc,age      ] GC(356) - age   9:       2400 bytes,      12544 total
[2025-08-21T15:17:11.256+0000][1692535][trace][gc,age      ] GC(356) - age  12:         48 bytes,      12592 total
[2025-08-21T15:17:11.256+0000][1692535][info ][gc,heap     ] GC(356) Eden regions: 75->0(75)
[2025-08-21T15:17:11.256+0000][1692535][info ][gc,heap     ] GC(356) Survivor regions: 1->1(10)
[2025-08-21T15:17:11.256+0000][1692535][info ][gc,heap     ] GC(356) Old regions: 22->22
[2025-08-21T15:17:11.256+0000][1692535][info ][gc,heap     ] GC(356) Humongous regions: 0->0
[2025-08-21T15:17:11.256+0000][1692535][info ][gc,metaspace] GC(356) Metaspace: 137943K(143808K)->137943K(143808K) NonClass: 119727K(123328K)->119727K(123328K) Class: 18216K(20480K)->18216K(20480K)
[2025-08-21T15:17:11.256+0000][1692535][info ][gc          ] GC(356) Pause Young (Normal) (G1 Evacuation Pause) 386M->86M(512M) 1.932ms
[2025-08-21T15:17:11.256+0000][1692535][info ][gc,cpu      ] GC(356) User=0.00s Sys=0.00s Real=0.01s
[2025-08-21T15:17:11.256+0000][1692535][info ][safepoint   ] Safepoint "G1CollectForAllocation", Time since last: 707169754689 ns, Reaching safepoint: 8523 ns, Cleanup: 3886 ns, At safepoint: 1966249 ns, Total: 1978658 ns
[2025-08-21T15:28:54.810+0000][1692535][info ][gc,start    ] GC(357) Pause Young (Normal) (G1 Evacuation Pause)
[2025-08-21T15:28:54.810+0000][1692535][info ][gc,task     ] GC(357) Using 1 workers of 1 for evacuation
[2025-08-21T15:28:54.810+0000][1692535][debug][gc,age      ] GC(357) Desired survivor size 20971520 bytes, new threshold 15 (max threshold 15)
[2025-08-21T15:28:54.811+0000][1692535][info ][gc,phases   ] GC(357)   Pre Evacuate Collection Set: 0.0ms
[2025-08-21T15:28:54.811+0000][1692535][info ][gc,phases   ] GC(357)   Merge Heap Roots: 0.0ms
[2025-08-21T15:28:54.811+0000][1692535][info ][gc,phases   ] GC(357)   Evacuate Collection Set: 0.6ms
[2025-08-21T15:28:54.811+0000][1692535][info ][gc,phases   ] GC(357)   Post Evacuate Collection Set: 0.7ms
[2025-08-21T15:28:54.811+0000][1692535][info ][gc,phases   ] GC(357)   Other: 0.0ms
[2025-08-21T15:28:54.811+0000][1692535][trace][gc,age      ] GC(357) Age table with threshold 15 (max threshold 15)
[2025-08-21T15:28:54.811+0000][1692535][trace][gc,age      ] GC(357) - age   1:      11040 bytes,      11040 total
[2025-08-21T15:28:54.811+0000][1692535][trace][gc,age      ] GC(357) - age   2:        176 bytes,      11216 total
[2025-08-21T15:28:54.811+0000][1692535][trace][gc,age      ] GC(357) - age   4:        176 bytes,      11392 total
[2025-08-21T15:28:54.811+0000][1692535][trace][gc,age      ] GC(357) - age  10:       2400 bytes,      13792 total
[2025-08-21T15:28:54.811+0000][1692535][trace][gc,age      ] GC(357) - age  13:         48 bytes,      13840 total
[2025-08-21T15:28:54.811+0000][1692535][info ][gc,heap     ] GC(357) Eden regions: 75->0(75)
[2025-08-21T15:28:54.811+0000][1692535][info ][gc,heap     ] GC(357) Survivor regions: 1->1(10)
[2025-08-21T15:28:54.811+0000][1692535][info ][gc,heap     ] GC(357) Old regions: 22->22
[2025-08-21T15:28:54.811+0000][1692535][info ][gc,heap     ] GC(357) Humongous regions: 0->0
[2025-08-21T15:28:54.811+0000][1692535][info ][gc,metaspace] GC(357) Metaspace: 137943K(143808K)->137943K(143808K) NonClass: 119727K(123328K)->119727K(123328K) Class: 18216K(20480K)->18216K(20480K)
[2025-08-21T15:28:54.811+0000][1692535][info ][gc          ] GC(357) Pause Young (Normal) (G1 Evacuation Pause) 386M->86M(512M) 1.612ms
[2025-08-21T15:28:54.811+0000][1692535][info ][gc,cpu      ] GC(357) User=0.00s Sys=0.00s Real=0.00s
[2025-08-21T15:28:54.811+0000][1692535][info ][safepoint   ] Safepoint "G1CollectForAllocation", Time since last: 703553739660 ns, Reaching safepoint: 6991 ns, Cleanup: 2964 ns, At safepoint: 1646717 ns, Total: 1656672 ns
[2025-08-21T15:40:40.345+0000][1692535][info ][gc,start    ] GC(358) Pause Young (Normal) (G1 Evacuation Pause)
[2025-08-21T15:40:40.345+0000][1692535][info ][gc,task     ] GC(358) Using 1 workers of 1 for evacuation
[2025-08-21T15:40:40.345+0000][1692535][debug][gc,age      ] GC(358) Desired survivor size 20971520 bytes, new threshold 15 (max threshold 15)
[2025-08-21T15:40:40.346+0000][1692535][info ][gc,phases   ] GC(358)   Pre Evacuate Collection Set: 0.0ms
[2025-08-21T15:40:40.346+0000][1692535][info ][gc,phases   ] GC(358)   Merge Heap Roots: 0.0ms
[2025-08-21T15:40:40.346+0000][1692535][info ][gc,phases   ] GC(358)   Evacuate Collection Set: 0.6ms
[2025-08-21T15:40:40.346+0000][1692535][info ][gc,phases   ] GC(358)   Post Evacuate Collection Set: 0.8ms
[2025-08-21T15:40:40.346+0000][1692535][info ][gc,phases   ] GC(358)   Other: 0.0ms
[2025-08-21T15:40:40.346+0000][1692535][trace][gc,age      ] GC(358) Age table with threshold 15 (max threshold 15)
[2025-08-21T15:40:40.346+0000][1692535][trace][gc,age      ] GC(358) - age   1:      11032 bytes,      11032 total
[2025-08-21T15:40:40.346+0000][1692535][trace][gc,age      ] GC(358) - age   5:        176 bytes,      11208 total
[2025-08-21T15:40:40.346+0000][1692535][trace][gc,age      ] GC(358) - age  11:       2400 bytes,      13608 total
[2025-08-21T15:40:40.346+0000][1692535][trace][gc,age      ] GC(358) - age  14:         48 bytes,      13656 total
[2025-08-21T15:40:40.346+0000][1692535][info ][gc,heap     ] GC(358) Eden regions: 75->0(75)
[2025-08-21T15:40:40.346+0000][1692535][info ][gc,heap     ] GC(358) Survivor regions: 1->1(10)
[2025-08-21T15:40:40.346+0000][1692535][info ][gc,heap     ] GC(358) Old regions: 22->22
[2025-08-21T15:40:40.346+0000][1692535][info ][gc,heap     ] GC(358) Humongous regions: 0->0
[2025-08-21T15:40:40.346+0000][1692535][info ][gc,metaspace] GC(358) Metaspace: 137943K(143808K)->137943K(143808K) NonClass: 119727K(123328K)->119727K(123328K) Class: 18216K(20480K)->18216K(20480K)
[2025-08-21T15:40:40.346+0000][1692535][info ][gc          ] GC(358) Pause Young (Normal) (G1 Evacuation Pause) 386M->86M(512M) 1.708ms
[2025-08-21T15:40:40.346+0000][1692535][info ][gc,cpu      ] GC(358) User=0.00s Sys=0.00s Real=0.01s
[2025-08-21T15:40:40.346+0000][1692535][info ][safepoint   ] Safepoint "G1CollectForAllocation", Time since last: 705533302150 ns, Reaching safepoint: 7231 ns, Cleanup: 2854 ns, At safepoint: 1741530 ns, Total: 1751615 ns
[2025-08-21T15:52:25.709+0000][1692535][info ][gc,start    ] GC(359) Pause Young (Normal) (G1 Evacuation Pause)
[2025-08-21T15:52:25.709+0000][1692535][info ][gc,task     ] GC(359) Using 1 workers of 1 for evacuation
[2025-08-21T15:52:25.709+0000][1692535][debug][gc,age      ] GC(359) Desired survivor size 20971520 bytes, new threshold 15 (max threshold 15)
[2025-08-21T15:52:25.710+0000][1692535][info ][gc,phases   ] GC(359)   Pre Evacuate Collection Set: 0.0ms
[2025-08-21T15:52:25.710+0000][1692535][info ][gc,phases   ] GC(359)   Merge Heap Roots: 0.0ms
[2025-08-21T15:52:25.710+0000][1692535][info ][gc,phases   ] GC(359)   Evacuate Collection Set: 0.6ms
[2025-08-21T15:52:25.710+0000][1692535][info ][gc,phases   ] GC(359)   Post Evacuate Collection Set: 0.8ms
[2025-08-21T15:52:25.710+0000][1692535][info ][gc,phases   ] GC(359)   Other: 0.0ms
[2025-08-21T15:52:25.710+0000][1692535][trace][gc,age      ] GC(359) Age table with threshold 15 (max threshold 15)
[2025-08-21T15:52:25.710+0000][1692535][trace][gc,age      ] GC(359) - age   1:      11232 bytes,      11232 total
[2025-08-21T15:52:25.710+0000][1692535][trace][gc,age      ] GC(359) - age  12:       2400 bytes,      13632 total
[2025-08-21T15:52:25.710+0000][1692535][trace][gc,age      ] GC(359) - age  15:         48 bytes,      13680 total
[2025-08-21T15:52:25.710+0000][1692535][info ][gc,heap     ] GC(359) Eden regions: 75->0(75)
[2025-08-21T15:52:25.710+0000][1692535][info ][gc,heap     ] GC(359) Survivor regions: 1->1(10)
[2025-08-21T15:52:25.710+0000][1692535][info ][gc,heap     ] GC(359) Old regions: 22->22
[2025-08-21T15:52:25.710+0000][1692535][info ][gc,heap     ] GC(359) Humongous regions: 0->0
[2025-08-21T15:52:25.710+0000][1692535][info ][gc,metaspace] GC(359) Metaspace: 137943K(143808K)->137943K(143808K) NonClass: 119727K(123328K)->119727K(123328K) Class: 18216K(20480K)->18216K(20480K)
[2025-08-21T15:52:25.710+0000][1692535][info ][gc          ] GC(359) Pause Young (Normal) (G1 Evacuation Pause) 386M->86M(512M) 1.646ms
[2025-08-21T15:52:25.710+0000][1692535][info ][gc,cpu      ] GC(359) User=0.00s Sys=0.00s Real=0.00s
[2025-08-21T15:52:25.710+0000][1692535][info ][safepoint   ] Safepoint "G1CollectForAllocation", Time since last: 705362182231 ns, Reaching safepoint: 6810 ns, Cleanup: 3115 ns, At safepoint: 1687047 ns, Total: 1696972 ns
[2025-08-21T16:04:11.278+0000][1692535][info ][gc,start    ] GC(360) Pause Young (Normal) (G1 Evacuation Pause)
[2025-08-21T16:04:11.278+0000][1692535][info ][gc,task     ] GC(360) Using 1 workers of 1 for evacuation
[2025-08-21T16:04:11.278+0000][1692535][debug][gc,age      ] GC(360) Desired survivor size 20971520 bytes, new threshold 15 (max threshold 15)
[2025-08-21T16:04:11.280+0000][1692535][info ][gc,phases   ] GC(360)   Pre Evacuate Collection Set: 0.0ms
[2025-08-21T16:04:11.280+0000][1692535][info ][gc,phases   ] GC(360)   Merge Heap Roots: 0.0ms
[2025-08-21T16:04:11.280+0000][1692535][info ][gc,phases   ] GC(360)   Evacuate Collection Set: 0.6ms
[2025-08-21T16:04:11.280+0000][1692535][info ][gc,phases   ] GC(360)   Post Evacuate Collection Set: 0.7ms
[2025-08-21T16:04:11.280+0000][1692535][info ][gc,phases   ] GC(360)   Other: 0.0ms
[2025-08-21T16:04:11.280+0000][1692535][trace][gc,age      ] GC(360) Age table with threshold 15 (max threshold 15)
[2025-08-21T16:04:11.280+0000][1692535][trace][gc,age      ] GC(360) - age   1:      11056 bytes,      11056 total
[2025-08-21T16:04:11.280+0000][1692535][trace][gc,age      ] GC(360) - age   2:        176 bytes,      11232 total
[2025-08-21T16:04:11.280+0000][1692535][trace][gc,age      ] GC(360) - age  13:       2400 bytes,      13632 total
[2025-08-21T16:04:11.280+0000][1692535][info ][gc,heap     ] GC(360) Eden regions: 75->0(75)
[2025-08-21T16:04:11.280+0000][1692535][info ][gc,heap     ] GC(360) Survivor regions: 1->1(10)
[2025-08-21T16:04:11.280+0000][1692535][info ][gc,heap     ] GC(360) Old regions: 22->22
[2025-08-21T16:04:11.280+0000][1692535][info ][gc,heap     ] GC(360) Humongous regions: 0->0
[2025-08-21T16:04:11.280+0000][1692535][info ][gc,metaspace] GC(360) Metaspace: 137943K(143808K)->137943K(143808K) NonClass: 119727K(123328K)->119727K(123328K) Class: 18216K(20480K)->18216K(20480K)
[2025-08-21T16:04:11.280+0000][1692535][info ][gc          ] GC(360) Pause Young (Normal) (G1 Evacuation Pause) 386M->86M(512M) 1.651ms
[2025-08-21T16:04:11.280+0000][1692535][info ][gc,cpu      ] GC(360) User=0.00s Sys=0.00s Real=0.00s
[2025-08-21T16:04:11.280+0000][1692535][info ][safepoint   ] Safepoint "G1CollectForAllocation", Time since last: 705567927504 ns, Reaching safepoint: 7852 ns, Cleanup: 2865 ns, At safepoint: 1683261 ns, Total: 1693978 ns
[2025-08-21T16:15:56.646+0000][1692535][info ][gc,start    ] GC(361) Pause Young (Normal) (G1 Evacuation Pause)
[2025-08-21T16:15:56.646+0000][1692535][info ][gc,task     ] GC(361) Using 1 workers of 1 for evacuation
[2025-08-21T16:15:56.646+0000][1692535][debug][gc,age      ] GC(361) Desired survivor size 20971520 bytes, new threshold 15 (max threshold 15)
[2025-08-21T16:15:56.647+0000][1692535][info ][gc,phases   ] GC(361)   Pre Evacuate Collection Set: 0.0ms
[2025-08-21T16:15:56.647+0000][1692535][info ][gc,phases   ] GC(361)   Merge Heap Roots: 0.0ms
[2025-08-21T16:15:56.647+0000][1692535][info ][gc,phases   ] GC(361)   Evacuate Collection Set: 0.6ms
[2025-08-21T16:15:56.647+0000][1692535][info ][gc,phases   ] GC(361)   Post Evacuate Collection Set: 0.8ms
[2025-08-21T16:15:56.647+0000][1692535][info ][gc,phases   ] GC(361)   Other: 0.0ms
[2025-08-21T16:15:56.647+0000][1692535][trace][gc,age      ] GC(361) Age table with threshold 15 (max threshold 15)
[2025-08-21T16:15:56.647+0000][1692535][trace][gc,age      ] GC(361) - age   1:      10800 bytes,      10800 total
[2025-08-21T16:15:56.647+0000][1692535][trace][gc,age      ] GC(361) - age   2:        176 bytes,      10976 total
[2025-08-21T16:15:56.647+0000][1692535][trace][gc,age      ] GC(361) - age   3:        176 bytes,      11152 total
[2025-08-21T16:15:56.647+0000][1692535][trace][gc,age      ] GC(361) - age  14:       2400 bytes,      13552 total
[2025-08-21T16:15:56.647+0000][1692535][info ][gc,heap     ] GC(361) Eden regions: 75->0(75)
[2025-08-21T16:15:56.647+0000][1692535][info ][gc,heap     ] GC(361) Survivor regions: 1->1(10)
[2025-08-21T16:15:56.647+0000][1692535][info ][gc,heap     ] GC(361) Old regions: 22->22
[2025-08-21T16:15:56.647+0000][1692535][info ][gc,heap     ] GC(361) Humongous regions: 0->0
[2025-08-21T16:15:56.647+0000][1692535][info ][gc,metaspace] GC(361) Metaspace: 137943K(143808K)->137943K(143808K) NonClass: 119727K(123328K)->119727K(123328K) Class: 18216K(20480K)->18216K(20480K)
[2025-08-21T16:15:56.647+0000][1692535][info ][gc          ] GC(361) Pause Young (Normal) (G1 Evacuation Pause) 386M->86M(512M) 1.673ms
[2025-08-21T16:15:56.647+0000][1692535][info ][gc,cpu      ] GC(361) User=0.01s Sys=0.00s Real=0.00s
[2025-08-21T16:15:56.647+0000][1692535][info ][safepoint   ] Safepoint "G1CollectForAllocation", Time since last: 705365558631 ns, Reaching safepoint: 7622 ns, Cleanup: 3014 ns, At safepoint: 1705686 ns, Total: 1716322 ns
[2025-08-21T16:27:42.087+0000][1692535][info ][gc,start    ] GC(362) Pause Young (Normal) (G1 Evacuation Pause)
[2025-08-21T16:27:42.087+0000][1692535][info ][gc,task     ] GC(362) Using 1 workers of 1 for evacuation
[2025-08-21T16:27:42.087+0000][1692535][debug][gc,age      ] GC(362) Desired survivor size 20971520 bytes, new threshold 15 (max threshold 15)
[2025-08-21T16:27:42.089+0000][1692535][info ][gc,phases   ] GC(362)   Pre Evacuate Collection Set: 0.0ms
[2025-08-21T16:27:42.089+0000][1692535][info ][gc,phases   ] GC(362)   Merge Heap Roots: 0.0ms
[2025-08-21T16:27:42.089+0000][1692535][info ][gc,phases   ] GC(362)   Evacuate Collection Set: 0.6ms
[2025-08-21T16:27:42.089+0000][1692535][info ][gc,phases   ] GC(362)   Post Evacuate Collection Set: 0.7ms
[2025-08-21T16:27:42.089+0000][1692535][info ][gc,phases   ] GC(362)   Other: 0.0ms
[2025-08-21T16:27:42.089+0000][1692535][trace][gc,age      ] GC(362) Age table with threshold 15 (max threshold 15)
[2025-08-21T16:27:42.089+0000][1692535][trace][gc,age      ] GC(362) - age   1:      10856 bytes,      10856 total
[2025-08-21T16:27:42.089+0000][1692535][trace][gc,age      ] GC(362) - age   2:        176 bytes,      11032 total
[2025-08-21T16:27:42.089+0000][1692535][trace][gc,age      ] GC(362) - age   4:        176 bytes,      11208 total
[2025-08-21T16:27:42.089+0000][1692535][trace][gc,age      ] GC(362) - age  15:       2400 bytes,      13608 total
[2025-08-21T16:27:42.089+0000][1692535][info ][gc,heap     ] GC(362) Eden regions: 75->0(75)
[2025-08-21T16:27:42.089+0000][1692535][info ][gc,heap     ] GC(362) Survivor regions: 1->1(10)
[2025-08-21T16:27:42.089+0000][1692535][info ][gc,heap     ] GC(362) Old regions: 22->22
[2025-08-21T16:27:42.089+0000][1692535][info ][gc,heap     ] GC(362) Humongous regions: 0->0
[2025-08-21T16:27:42.089+0000][1692535][info ][gc,metaspace] GC(362) Metaspace: 137943K(143808K)->137943K(143808K) NonClass: 119727K(123328K)->119727K(123328K) Class: 18216K(20480K)->18216K(20480K)
[2025-08-21T16:27:42.089+0000][1692535][info ][gc          ] GC(362) Pause Young (Normal) (G1 Evacuation Pause) 386M->86M(512M) 1.639ms
[2025-08-21T16:27:42.089+0000][1692535][info ][gc,cpu      ] GC(362) User=0.00s Sys=0.00s Real=0.00s
[2025-08-21T16:27:42.089+0000][1692535][info ][safepoint   ] Safepoint "G1CollectForAllocation", Time since last: 705439878112 ns, Reaching safepoint: 8643 ns, Cleanup: 3505 ns, At safepoint: 1671634 ns, Total: 1683782 ns
[2025-08-21T16:38:58.146+0000][1692535][info ][safepoint   ] Safepoint "Cleanup", Time since last: 676052877928 ns, Reaching safepoint: 4595610 ns, Cleanup: 16354 ns, At safepoint: 3766 ns, Total: 4615730 ns
[2025-08-21T16:38:59.160+0000][1692535][info ][safepoint   ] Safepoint "Cleanup", Time since last: 1000414275 ns, Reaching safepoint: 13424972 ns, Cleanup: 12569 ns, At safepoint: 4527 ns, Total: 13442068 ns
[2025-08-21T16:39:00.160+0000][1692535][info ][safepoint   ] Safepoint "Cleanup", Time since last: 1000085509 ns, Reaching safepoint: 171649 ns, Cleanup: 20782 ns, At safepoint: 2544 ns, Total: 194975 ns
[2025-08-21T16:39:01.161+0000][1692535][info ][safepoint   ] Safepoint "Cleanup", Time since last: 1000086380 ns, Reaching safepoint: 6039 ns, Cleanup: 34652 ns, At safepoint: 3075 ns, Total: 43766 ns
[2025-08-21T16:39:06.161+0000][1692535][info ][safepoint   ] Safepoint "Cleanup", Time since last: 5000341765 ns, Reaching safepoint: 32158 ns, Cleanup: 13190 ns, At safepoint: 2885 ns, Total: 48233 ns
[2025-08-21T16:39:11.162+0000][1692535][info ][safepoint   ] Safepoint "Cleanup", Time since last: 5000329967 ns, Reaching safepoint: 297599 ns, Cleanup: 11858 ns, At safepoint: 3375 ns, Total: 312832 ns
[2025-08-21T16:39:12.455+0000][1692535][info ][gc,start    ] GC(363) Pause Young (Normal) (G1 Evacuation Pause)
[2025-08-21T16:39:12.458+0000][1692535][info ][gc,task     ] GC(363) Using 1 workers of 1 for evacuation
[2025-08-21T16:39:12.458+0000][1692535][debug][gc,age      ] GC(363) Desired survivor size 20971520 bytes, new threshold 15 (max threshold 15)
[2025-08-21T16:39:12.492+0000][1692535][info ][gc,phases   ] GC(363)   Pre Evacuate Collection Set: 0.9ms
[2025-08-21T16:39:12.492+0000][1692535][info ][gc,phases   ] GC(363)   Merge Heap Roots: 0.6ms
[2025-08-21T16:39:12.492+0000][1692535][info ][gc,phases   ] GC(363)   Evacuate Collection Set: 20.2ms
[2025-08-21T16:39:12.492+0000][1692535][info ][gc,phases   ] GC(363)   Post Evacuate Collection Set: 10.7ms
[2025-08-21T16:39:12.492+0000][1692535][info ][gc,phases   ] GC(363)   Other: 4.3ms
[2025-08-21T16:39:12.492+0000][1692535][trace][gc,age      ] GC(363) Age table with threshold 15 (max threshold 15)
[2025-08-21T16:39:12.492+0000][1692535][trace][gc,age      ] GC(363) - age   1:      68704 bytes,      68704 total
[2025-08-21T16:39:12.492+0000][1692535][trace][gc,age      ] GC(363) - age   5:        176 bytes,      68880 total
[2025-08-21T16:39:12.492+0000][1692535][info ][gc,heap     ] GC(363) Eden regions: 75->0(75)
[2025-08-21T16:39:12.492+0000][1692535][info ][gc,heap     ] GC(363) Survivor regions: 1->1(10)
[2025-08-21T16:39:12.492+0000][1692535][info ][gc,heap     ] GC(363) Old regions: 22->22
[2025-08-21T16:39:12.492+0000][1692535][info ][gc,heap     ] GC(363) Humongous regions: 0->0
[2025-08-21T16:39:12.492+0000][1692535][info ][gc,metaspace] GC(363) Metaspace: 137969K(143808K)->137969K(143808K) NonClass: 119751K(123328K)->119751K(123328K) Class: 18218K(20480K)->18218K(20480K)
[2025-08-21T16:39:12.492+0000][1692535][info ][gc          ] GC(363) Pause Young (Normal) (G1 Evacuation Pause) 386M->86M(512M) 36.836ms
[2025-08-21T16:39:12.492+0000][1692535][info ][gc,cpu      ] GC(363) User=0.00s Sys=0.00s Real=0.03s
[2025-08-21T16:39:12.492+0000][1692535][info ][safepoint   ] Safepoint "G1CollectForAllocation", Time since last: 1293882351 ns, Reaching safepoint: 5098 ns, Cleanup: 3074 ns, At safepoint: 36883926 ns, Total: 36892098 ns
[2025-08-21T16:39:41.526+0000][1692535][info ][safepoint   ] Safepoint "Cleanup", Time since last: 29024983430 ns, Reaching safepoint: 1352502 ns, Cleanup: 3872157 ns, At safepoint: 1589340 ns, Total: 6813999 ns
[2025-08-21T16:40:01.535+0000][1692535][info ][safepoint   ] Safepoint "Cleanup", Time since last: 20011229283 ns, Reaching safepoint: 39079 ns, Cleanup: 10536 ns, At safepoint: 2623 ns, Total: 52238 ns
[2025-08-21T16:41:26.544+0000][1692535][info ][safepoint   ] Safepoint "Cleanup", Time since last: 85008585026 ns, Reaching safepoint: 42204 ns, Cleanup: 10916 ns, At safepoint: 2734 ns, Total: 55854 ns
[2025-08-21T16:41:51.546+0000][1692535][info ][safepoint   ] Safepoint "Cleanup", Time since last: 25001823298 ns, Reaching safepoint: 368727 ns, Cleanup: 11157 ns, At safepoint: 6490 ns, Total: 386374 ns
[2025-08-21T16:43:16.569+0000][1692535][info ][safepoint   ] Safepoint "Cleanup", Time since last: 85007667760 ns, Reaching safepoint: 14713989 ns, Cleanup: 76405 ns, At safepoint: 2925 ns, Total: 14793319 ns
[2025-08-21T16:43:17.572+0000][1692535][info ][safepoint   ] Safepoint "Cleanup", Time since last: 1000200482 ns, Reaching safepoint: 3171029 ns, Cleanup: 80732 ns, At safepoint: 3715 ns, Total: 3255476 ns
[2025-08-21T16:43:18.585+0000][1692535][info ][safepoint   ] Safepoint "Cleanup", Time since last: 1000092860 ns, Reaching safepoint: 13035494 ns, Cleanup: 75184 ns, At safepoint: 5358 ns, Total: 13116036 ns
[2025-08-21T16:43:19.491+0000][1692535][info ][safepoint   ] Safepoint "ICBufferFull", Time since last: 905936952 ns, Reaching safepoint: 11577 ns, Cleanup: 139511 ns, At safepoint: 2554 ns, Total: 153642 ns
[2025-08-21T16:43:20.021+0000][1692535][info ][gc,start    ] GC(364) Pause Young (Normal) (G1 Evacuation Pause)
[2025-08-21T16:43:20.023+0000][1692535][info ][gc,task     ] GC(364) Using 1 workers of 1 for evacuation
[2025-08-21T16:43:20.023+0000][1692535][debug][gc,age      ] GC(364) Desired survivor size 20971520 bytes, new threshold 15 (max threshold 15)
[2025-08-21T16:43:20.113+0000][1692535][info ][gc,phases   ] GC(364)   Pre Evacuate Collection Set: 0.8ms
[2025-08-21T16:43:20.113+0000][1692535][info ][gc,phases   ] GC(364)   Merge Heap Roots: 0.4ms
[2025-08-21T16:43:20.113+0000][1692535][info ][gc,phases   ] GC(364)   Evacuate Collection Set: 61.1ms
[2025-08-21T16:43:20.113+0000][1692535][info ][gc,phases   ] GC(364)   Post Evacuate Collection Set: 26.4ms
[2025-08-21T16:43:20.113+0000][1692535][info ][gc,phases   ] GC(364)   Other: 0.9ms
[2025-08-21T16:43:20.113+0000][1692535][trace][gc,age      ] GC(364) Age table with threshold 15 (max threshold 15)
[2025-08-21T16:43:20.113+0000][1692535][trace][gc,age      ] GC(364) - age   1:    3112040 bytes,    3112040 total
[2025-08-21T16:43:20.113+0000][1692535][trace][gc,age      ] GC(364) - age   2:      54144 bytes,    3166184 total
[2025-08-21T16:43:20.113+0000][1692535][trace][gc,age      ] GC(364) - age   6:        176 bytes,    3166360 total
[2025-08-21T16:43:20.113+0000][1692535][info ][gc,heap     ] GC(364) Eden regions: 75->0(75)
[2025-08-21T16:43:20.113+0000][1692535][info ][gc,heap     ] GC(364) Survivor regions: 1->1(10)
[2025-08-21T16:43:20.113+0000][1692535][info ][gc,heap     ] GC(364) Old regions: 22->22
[2025-08-21T16:43:20.113+0000][1692535][info ][gc,heap     ] GC(364) Humongous regions: 0->0
[2025-08-21T16:43:20.113+0000][1692535][info ][gc,metaspace] GC(364) Metaspace: 137973K(143808K)->137973K(143808K) NonClass: 119754K(123328K)->119754K(123328K) Class: 18218K(20480K)->18218K(20480K)
[2025-08-21T16:43:20.113+0000][1692535][info ][gc          ] GC(364) Pause Young (Normal) (G1 Evacuation Pause) 386M->89M(512M) 91.847ms
[2025-08-21T16:43:20.113+0000][1692535][info ][gc,cpu      ] GC(364) User=0.00s Sys=0.02s Real=0.09s
[2025-08-21T16:43:20.113+0000][1692535][info ][safepoint   ] Safepoint "G1CollectForAllocation", Time since last: 527196282 ns, Reaching safepoint: 68423 ns, Cleanup: 6790 ns, At safepoint: 94659118 ns, Total: 94734331 ns
[2025-08-21T16:43:21.114+0000][1692535][info ][safepoint   ] Safepoint "Cleanup", Time since last: 1000070226 ns, Reaching safepoint: 5418 ns, Cleanup: 120122 ns, At safepoint: 2213 ns, Total: 127753 ns
[2025-08-21T16:43:22.114+0000][1692535][info ][safepoint   ] Safepoint "Cleanup", Time since last: 1000082855 ns, Reaching safepoint: 4978 ns, Cleanup: 23575 ns, At safepoint: 2354 ns, Total: 30907 ns
[2025-08-21T16:43:23.114+0000][1692535][info ][safepoint   ] Safepoint "Cleanup", Time since last: 1000083826 ns, Reaching safepoint: 11437 ns, Cleanup: 97287 ns, At safepoint: 2324 ns, Total: 111048 ns
[2025-08-21T16:43:24.114+0000][1692535][info ][safepoint   ] Safepoint "Cleanup", Time since last: 1000083115 ns, Reaching safepoint: 6189 ns, Cleanup: 29515 ns, At safepoint: 2173 ns, Total: 37877 ns
[2025-08-21T16:43:25.114+0000][1692535][info ][safepoint   ] Safepoint "Cleanup", Time since last: 1000087272 ns, Reaching safepoint: 261164 ns, Cleanup: 15083 ns, At safepoint: 2864 ns, Total: 279111 ns
[2025-08-21T16:43:26.115+0000][1692535][info ][safepoint   ] Safepoint "Cleanup", Time since last: 1000784505 ns, Reaching safepoint: 6109 ns, Cleanup: 14101 ns, At safepoint: 2504 ns, Total: 22714 ns
[2025-08-21T16:43:26.446+0000][1692535][info ][gc,start    ] GC(365) Pause Young (Normal) (G1 Evacuation Pause)
[2025-08-21T16:43:26.446+0000][1692535][info ][gc,task     ] GC(365) Using 1 workers of 1 for evacuation
[2025-08-21T16:43:26.446+0000][1692535][debug][gc,age      ] GC(365) Desired survivor size 20971520 bytes, new threshold 15 (max threshold 15)
[2025-08-21T16:43:26.526+0000][1692535][info ][gc,phases   ] GC(365)   Pre Evacuate Collection Set: 0.0ms
[2025-08-21T16:43:26.526+0000][1692535][info ][gc,phases   ] GC(365)   Merge Heap Roots: 0.0ms
[2025-08-21T16:43:26.526+0000][1692535][info ][gc,phases   ] GC(365)   Evacuate Collection Set: 78.4ms
[2025-08-21T16:43:26.526+0000][1692535][info ][gc,phases   ] GC(365)   Post Evacuate Collection Set: 0.9ms
[2025-08-21T16:43:26.526+0000][1692535][info ][gc,phases   ] GC(365)   Other: 0.0ms
[2025-08-21T16:43:26.526+0000][1692535][trace][gc,age      ] GC(365) Age table with threshold 15 (max threshold 15)
[2025-08-21T16:43:26.526+0000][1692535][trace][gc,age      ] GC(365) - age   1:   18646536 bytes,   18646536 total
[2025-08-21T16:43:26.526+0000][1692535][trace][gc,age      ] GC(365) - age   2:     476632 bytes,   19123168 total
[2025-08-21T16:43:26.526+0000][1692535][trace][gc,age      ] GC(365) - age   3:      54144 bytes,   19177312 total
[2025-08-21T16:43:26.526+0000][1692535][trace][gc,age      ] GC(365) - age   7:        176 bytes,   19177488 total
[2025-08-21T16:43:26.526+0000][1692535][info ][gc,heap     ] GC(365) Eden regions: 75->0(71)
[2025-08-21T16:43:26.526+0000][1692535][info ][gc,heap     ] GC(365) Survivor regions: 1->5(10)
[2025-08-21T16:43:26.526+0000][1692535][info ][gc,heap     ] GC(365) Old regions: 22->22
[2025-08-21T16:43:26.526+0000][1692535][info ][gc,heap     ] GC(365) Humongous regions: 0->0
[2025-08-21T16:43:26.526+0000][1692535][info ][gc,metaspace] GC(365) Metaspace: 137995K(143808K)->137995K(143808K) NonClass: 119777K(123328K)->119777K(123328K) Class: 18218K(20480K)->18218K(20480K)
[2025-08-21T16:43:26.526+0000][1692535][info ][gc          ] GC(365) Pause Young (Normal) (G1 Evacuation Pause) 389M->105M(512M) 79.541ms
[2025-08-21T16:43:26.526+0000][1692535][info ][gc,cpu      ] GC(365) User=0.02s Sys=0.02s Real=0.08s
[2025-08-21T16:43:26.526+0000][1692535][info ][safepoint   ] Safepoint "G1CollectForAllocation", Time since last: 331142204 ns, Reaching safepoint: 5539 ns, Cleanup: 11788 ns, At safepoint: 79594490 ns, Total: 79611817 ns
[2025-08-21T16:43:27.526+0000][1692535][info ][safepoint   ] Safepoint "Cleanup", Time since last: 1000085278 ns, Reaching safepoint: 5839 ns, Cleanup: 18748 ns, At safepoint: 2735 ns, Total: 27322 ns
[2025-08-21T16:43:29.545+0000][1692535][info ][safepoint   ] Safepoint "Cleanup", Time since last: 2000148694 ns, Reaching safepoint: 18982644 ns, Cleanup: 20501 ns, At safepoint: 5148 ns, Total: 19008293 ns
[2025-08-21T16:43:30.552+0000][1692535][info ][safepoint   ] Safepoint "Cleanup", Time since last: 1000095153 ns, Reaching safepoint: 6258080 ns, Cleanup: 8934 ns, At safepoint: 4296 ns, Total: 6271310 ns
[2025-08-21T16:43:31.555+0000][1692535][info ][safepoint   ] Safepoint "Cleanup", Time since last: 1000093481 ns, Reaching safepoint: 3160623 ns, Cleanup: 11587 ns, At safepoint: 4467 ns, Total: 3176677 ns
[2025-08-21T16:43:32.618+0000][1692535][info ][safepoint   ] Safepoint "Cleanup", Time since last: 1000088443 ns, Reaching safepoint: 63434698 ns, Cleanup: 11127 ns, At safepoint: 9264 ns, Total: 63455089 ns
[2025-08-21T16:43:33.619+0000][1692535][info ][safepoint   ] Safepoint "Cleanup", Time since last: 1000100362 ns, Reaching safepoint: 5227 ns, Cleanup: 65029 ns, At safepoint: 2283 ns, Total: 72539 ns
[2025-08-21T16:43:33.925+0000][1692535][info ][gc,start    ] GC(366) Pause Young (Normal) (G1 Evacuation Pause)
[2025-08-21T16:43:33.925+0000][1692535][info ][gc,task     ] GC(366) Using 1 workers of 1 for evacuation
[2025-08-21T16:43:33.925+0000][1692535][debug][gc,age      ] GC(366) Desired survivor size 20971520 bytes, new threshold 15 (max threshold 15)
[2025-08-21T16:43:34.291+0000][1692535][info ][gc,mmu      ] GC(366) MMU target violated: 201.0ms (200.0ms/201.0ms)
[2025-08-21T16:43:34.291+0000][1692535][info ][gc,phases   ] GC(366)   Pre Evacuate Collection Set: 0.1ms
[2025-08-21T16:43:34.291+0000][1692535][info ][gc,phases   ] GC(366)   Merge Heap Roots: 0.0ms
[2025-08-21T16:43:34.291+0000][1692535][info ][gc,phases   ] GC(366)   Evacuate Collection Set: 364.3ms
[2025-08-21T16:43:34.291+0000][1692535][info ][gc,phases   ] GC(366)   Post Evacuate Collection Set: 1.5ms
[2025-08-21T16:43:34.291+0000][1692535][info ][gc,phases   ] GC(366)   Other: 0.1ms
[2025-08-21T16:43:34.291+0000][1692535][trace][gc,age      ] GC(366) Age table with threshold 15 (max threshold 15)
[2025-08-21T16:43:34.291+0000][1692535][trace][gc,age      ] GC(366) - age   1:   24727800 bytes,   24727800 total
[2025-08-21T16:43:34.291+0000][1692535][trace][gc,age      ] GC(366) - age   2:   16655376 bytes,   41383176 total
[2025-08-21T16:43:34.291+0000][1692535][trace][gc,age      ] GC(366) - age   3:      99336 bytes,   41482512 total
[2025-08-21T16:43:34.291+0000][1692535][trace][gc,age      ] GC(366) - age   4:      32656 bytes,   41515168 total
[2025-08-21T16:43:34.291+0000][1692535][info ][gc,heap     ] GC(366) Eden regions: 71->0(22)
[2025-08-21T16:43:34.291+0000][1692535][info ][gc,heap     ] GC(366) Survivor regions: 5->10(10)
[2025-08-21T16:43:34.291+0000][1692535][info ][gc,heap     ] GC(366) Old regions: 22->35
[2025-08-21T16:43:34.291+0000][1692535][info ][gc,heap     ] GC(366) Humongous regions: 0->0
[2025-08-21T16:43:34.291+0000][1692535][info ][gc,metaspace] GC(366) Metaspace: 137995K(143808K)->137995K(143808K) NonClass: 119777K(123328K)->119777K(123328K) Class: 18218K(20480K)->18218K(20480K)
[2025-08-21T16:43:34.291+0000][1692535][info ][gc          ] GC(366) Pause Young (Normal) (G1 Evacuation Pause) 389M->178M(512M) 366.090ms
[2025-08-21T16:43:34.291+0000][1692535][info ][gc,cpu      ] GC(366) User=0.02s Sys=0.12s Real=0.37s
[2025-08-21T16:43:34.291+0000][1692535][info ][safepoint   ] Safepoint "G1CollectForAllocation", Time since last: 306552984 ns, Reaching safepoint: 5098 ns, Cleanup: 12719 ns, At safepoint: 366143248 ns, Total: 366161065 ns
[2025-08-21T16:43:35.291+0000][1692535][info ][safepoint   ] Safepoint "Cleanup", Time since last: 1000097076 ns, Reaching safepoint: 30466 ns, Cleanup: 29504 ns, At safepoint: 5248 ns, Total: 65218 ns
[2025-08-21T16:45:22.840+0000][1692535][info ][gc,start    ] GC(367) Pause Young (Concurrent Start) (G1 Evacuation Pause)
[2025-08-21T16:45:22.840+0000][1692535][info ][gc,task     ] GC(367) Using 1 workers of 1 for evacuation
[2025-08-21T16:45:22.840+0000][1692535][debug][gc,age      ] GC(367) Desired survivor size 8388608 bytes, new threshold 1 (max threshold 15)
[2025-08-21T16:45:22.889+0000][1692535][info ][gc,phases   ] GC(367)   Pre Evacuate Collection Set: 0.1ms
[2025-08-21T16:45:22.889+0000][1692535][info ][gc,phases   ] GC(367)   Merge Heap Roots: 0.0ms
[2025-08-21T16:45:22.889+0000][1692535][info ][gc,phases   ] GC(367)   Evacuate Collection Set: 45.6ms
[2025-08-21T16:45:22.889+0000][1692535][info ][gc,phases   ] GC(367)   Post Evacuate Collection Set: 0.8ms
[2025-08-21T16:45:22.889+0000][1692535][info ][gc,phases   ] GC(367)   Other: 2.2ms
[2025-08-21T16:45:22.889+0000][1692535][trace][gc,age      ] GC(367) Age table with threshold 1 (max threshold 15)
[2025-08-21T16:45:22.889+0000][1692535][trace][gc,age      ] GC(367) - age   1:      30760 bytes,      30760 total
[2025-08-21T16:45:22.889+0000][1692535][info ][gc,heap     ] GC(367) Eden regions: 22->0(72)
[2025-08-21T16:45:22.889+0000][1692535][info ][gc,heap     ] GC(367) Survivor regions: 10->1(4)
[2025-08-21T16:45:22.889+0000][1692535][info ][gc,heap     ] GC(367) Old regions: 35->35
[2025-08-21T16:45:22.889+0000][1692535][info ][gc,heap     ] GC(367) Humongous regions: 0->0
[2025-08-21T16:45:22.889+0000][1692535][info ][gc,metaspace] GC(367) Metaspace: 137995K(143808K)->137995K(143808K) NonClass: 119777K(123328K)->119777K(123328K) Class: 18218K(20480K)->18218K(20480K)
[2025-08-21T16:45:22.889+0000][1692535][info ][gc          ] GC(367) Pause Young (Concurrent Start) (G1 Evacuation Pause) 266M->140M(512M) 49.087ms
[2025-08-21T16:45:22.889+0000][1692535][info ][gc,cpu      ] GC(367) User=0.01s Sys=0.01s Real=0.05s
[2025-08-21T16:45:22.889+0000][1692535][info ][safepoint   ] Safepoint "G1CollectForAllocation", Time since last: 107548049389 ns, Reaching safepoint: 9003 ns, Cleanup: 4807 ns, At safepoint: 49243249 ns, Total: 49257059 ns
[2025-08-21T16:45:22.893+0000][1692535][info ][gc          ] GC(368) Concurrent Mark Cycle
[2025-08-21T16:45:22.893+0000][1692535][info ][gc,marking  ] GC(368) Concurrent Scan Root Regions
[2025-08-21T16:45:22.911+0000][1692535][info ][gc,marking  ] GC(368) Concurrent Scan Root Regions 18.284ms
[2025-08-21T16:45:22.911+0000][1692535][info ][gc,marking  ] GC(368) Concurrent Mark
[2025-08-21T16:45:22.911+0000][1692535][info ][gc,marking  ] GC(368) Concurrent Mark From Roots
[2025-08-21T16:45:22.911+0000][1692535][info ][gc,task     ] GC(368) Using 1 workers of 1 for marking
[2025-08-21T16:45:23.328+0000][1692535][info ][gc,marking  ] GC(368) Concurrent Mark From Roots 417.296ms
[2025-08-21T16:45:23.328+0000][1692535][info ][gc,marking  ] GC(368) Concurrent Preclean
[2025-08-21T16:45:23.329+0000][1692535][info ][gc,marking  ] GC(368) Concurrent Preclean 0.408ms
[2025-08-21T16:45:23.331+0000][1692535][info ][gc,start    ] GC(368) Pause Remark
[2025-08-21T16:45:23.393+0000][1692535][info ][gc          ] GC(368) Pause Remark 141M->117M(512M) 61.076ms
[2025-08-21T16:45:23.393+0000][1692535][info ][gc,cpu      ] GC(368) User=0.01s Sys=0.00s Real=0.06s
[2025-08-21T16:45:23.393+0000][1692535][info ][safepoint   ] Safepoint "G1PauseRemark", Time since last: 442716235 ns, Reaching safepoint: 5388 ns, Cleanup: 3475 ns, At safepoint: 61139172 ns, Total: 61148035 ns
[2025-08-21T16:45:23.393+0000][1692535][info ][gc,marking  ] GC(368) Concurrent Mark 481.574ms
[2025-08-21T16:45:23.393+0000][1692535][info ][gc,marking  ] GC(368) Concurrent Rebuild Remembered Sets and Scrub Regions
[2025-08-21T16:45:23.439+0000][1692535][info ][gc,marking  ] GC(368) Concurrent Rebuild Remembered Sets and Scrub Regions 45.998ms
[2025-08-21T16:45:23.439+0000][1692535][info ][gc,start    ] GC(368) Pause Cleanup
[2025-08-21T16:45:23.439+0000][1692535][info ][gc          ] GC(368) Pause Cleanup 117M->117M(512M) 0.051ms
[2025-08-21T16:45:23.439+0000][1692535][info ][gc,cpu      ] GC(368) User=0.00s Sys=0.00s Real=0.00s
[2025-08-21T16:45:23.439+0000][1692535][info ][safepoint   ] Safepoint "G1PauseCleanup", Time since last: 46071119 ns, Reaching safepoint: 4226 ns, Cleanup: 9044 ns, At safepoint: 79210 ns, Total: 92480 ns
[2025-08-21T16:45:23.439+0000][1692535][info ][gc,marking  ] GC(368) Concurrent Clear Claimed Marks
[2025-08-21T16:45:23.439+0000][1692535][info ][gc,marking  ] GC(368) Concurrent Clear Claimed Marks 0.169ms
[2025-08-21T16:45:23.439+0000][1692535][info ][gc,marking  ] GC(368) Concurrent Cleanup for Next Mark
[2025-08-21T16:45:23.472+0000][1692535][info ][gc,marking  ] GC(368) Concurrent Cleanup for Next Mark 33.497ms
[2025-08-21T16:45:23.472+0000][1692535][info ][gc          ] GC(368) Concurrent Mark Cycle 579.871ms
[2025-08-21T16:49:48.469+0000][1692535][info ][safepoint   ] Safepoint "Cleanup", Time since last: 265029816788 ns, Reaching safepoint: 244469 ns, Cleanup: 13180 ns, At safepoint: 5207 ns, Total: 262856 ns
[2025-08-21T16:56:36.414+0000][1692535][info ][gc,start    ] GC(369) Pause Young (Prepare Mixed) (G1 Evacuation Pause)
[2025-08-21T16:56:36.414+0000][1692535][info ][gc,task     ] GC(369) Using 1 workers of 1 for evacuation
[2025-08-21T16:56:36.414+0000][1692535][debug][gc,age      ] GC(369) Desired survivor size 20971520 bytes, new threshold 15 (max threshold 15)
[2025-08-21T16:56:36.417+0000][1692535][info ][gc,phases   ] GC(369)   Pre Evacuate Collection Set: 0.1ms
[2025-08-21T16:56:36.417+0000][1692535][info ][gc,phases   ] GC(369)   Merge Heap Roots: 0.0ms
[2025-08-21T16:56:36.417+0000][1692535][info ][gc,phases   ] GC(369)   Evacuate Collection Set: 1.8ms
[2025-08-21T16:56:36.417+0000][1692535][info ][gc,phases   ] GC(369)   Post Evacuate Collection Set: 1.2ms
[2025-08-21T16:56:36.417+0000][1692535][info ][gc,phases   ] GC(369)   Other: 0.0ms
[2025-08-21T16:56:36.417+0000][1692535][trace][gc,age      ] GC(369) Age table with threshold 15 (max threshold 15)
[2025-08-21T16:56:36.417+0000][1692535][trace][gc,age      ] GC(369) - age   1:      10880 bytes,      10880 total
[2025-08-21T16:56:36.417+0000][1692535][trace][gc,age      ] GC(369) - age   2:        656 bytes,      11536 total
[2025-08-21T16:56:36.417+0000][1692535][info ][gc,heap     ] GC(369) Eden regions: 72->0(75)
[2025-08-21T16:56:36.417+0000][1692535][info ][gc,heap     ] GC(369) Survivor regions: 1->1(10)
[2025-08-21T16:56:36.417+0000][1692535][info ][gc,heap     ] GC(369) Old regions: 29->29
[2025-08-21T16:56:36.417+0000][1692535][info ][gc,heap     ] GC(369) Humongous regions: 0->0
[2025-08-21T16:56:36.418+0000][1692535][info ][gc,metaspace] GC(369) Metaspace: 137995K(143808K)->137995K(143808K) NonClass: 119777K(123328K)->119777K(123328K) Class: 18218K(20480K)->18218K(20480K)
[2025-08-21T16:56:36.418+0000][1692535][info ][gc          ] GC(369) Pause Young (Prepare Mixed) (G1 Evacuation Pause) 404M->116M(512M) 3.271ms
[2025-08-21T16:56:36.418+0000][1692535][info ][gc,cpu      ] GC(369) User=0.01s Sys=0.00s Real=0.01s
[2025-08-21T16:56:36.418+0000][1692535][info ][safepoint   ] Safepoint "G1CollectForAllocation", Time since last: 407945352737 ns, Reaching safepoint: 8012 ns, Cleanup: 3635 ns, At safepoint: 3309287 ns, Total: 3320934 ns
[2025-08-21T17:08:20.692+0000][1692535][info ][gc,start    ] GC(370) Pause Young (Mixed) (G1 Evacuation Pause)
[2025-08-21T17:08:20.693+0000][1692535][info ][gc,task     ] GC(370) Using 1 workers of 1 for evacuation
[2025-08-21T17:08:20.693+0000][1692535][debug][gc,age      ] GC(370) Desired survivor size 20971520 bytes, new threshold 15 (max threshold 15)
[2025-08-21T17:08:20.695+0000][1692535][info ][gc,phases   ] GC(370)   Pre Evacuate Collection Set: 0.1ms
[2025-08-21T17:08:20.695+0000][1692535][info ][gc,phases   ] GC(370)   Merge Heap Roots: 0.0ms
[2025-08-21T17:08:20.695+0000][1692535][info ][gc,phases   ] GC(370)   Evacuate Collection Set: 1.5ms
[2025-08-21T17:08:20.695+0000][1692535][info ][gc,phases   ] GC(370)   Post Evacuate Collection Set: 0.9ms
[2025-08-21T17:08:20.695+0000][1692535][info ][gc,phases   ] GC(370)   Other: 0.0ms
[2025-08-21T17:08:20.695+0000][1692535][trace][gc,age      ] GC(370) Age table with threshold 15 (max threshold 15)
[2025-08-21T17:08:20.695+0000][1692535][trace][gc,age      ] GC(370) - age   1:       9784 bytes,       9784 total
[2025-08-21T17:08:20.695+0000][1692535][trace][gc,age      ] GC(370) - age   2:         24 bytes,       9808 total
[2025-08-21T17:08:20.695+0000][1692535][trace][gc,age      ] GC(370) - age   3:        480 bytes,      10288 total
[2025-08-21T17:08:20.695+0000][1692535][info ][gc,heap     ] GC(370) Eden regions: 75->0(75)
[2025-08-21T17:08:20.695+0000][1692535][info ][gc,heap     ] GC(370) Survivor regions: 1->1(10)
[2025-08-21T17:08:20.695+0000][1692535][info ][gc,heap     ] GC(370) Old regions: 29->29
[2025-08-21T17:08:20.695+0000][1692535][info ][gc,heap     ] GC(370) Humongous regions: 0->0
[2025-08-21T17:08:20.695+0000][1692535][info ][gc,metaspace] GC(370) Metaspace: 137995K(143808K)->137995K(143808K) NonClass: 119777K(123328K)->119777K(123328K) Class: 18218K(20480K)->18218K(20480K)
[2025-08-21T17:08:20.695+0000][1692535][info ][gc          ] GC(370) Pause Young (Mixed) (G1 Evacuation Pause) 416M->112M(512M) 2.920ms
[2025-08-21T17:08:20.695+0000][1692535][info ][gc,cpu      ] GC(370) User=0.00s Sys=0.00s Real=0.00s
[2025-08-21T17:08:20.695+0000][1692535][info ][safepoint   ] Safepoint "G1CollectForAllocation", Time since last: 704274763381 ns, Reaching safepoint: 10075 ns, Cleanup: 3625 ns, At safepoint: 2954962 ns, Total: 2968662 ns
[2025-08-21T17:20:07.183+0000][1692535][info ][gc,start    ] GC(371) Pause Young (Concurrent Start) (G1 Evacuation Pause)
[2025-08-21T17:20:07.183+0000][1692535][info ][gc,task     ] GC(371) Using 1 workers of 1 for evacuation
[2025-08-21T17:20:07.183+0000][1692535][debug][gc,age      ] GC(371) Desired survivor size 20971520 bytes, new threshold 15 (max threshold 15)
[2025-08-21T17:20:07.185+0000][1692535][info ][gc,phases   ] GC(371)   Pre Evacuate Collection Set: 0.1ms
[2025-08-21T17:20:07.185+0000][1692535][info ][gc,phases   ] GC(371)   Merge Heap Roots: 0.0ms
[2025-08-21T17:20:07.185+0000][1692535][info ][gc,phases   ] GC(371)   Evacuate Collection Set: 1.5ms
[2025-08-21T17:20:07.185+0000][1692535][info ][gc,phases   ] GC(371)   Post Evacuate Collection Set: 0.9ms
[2025-08-21T17:20:07.185+0000][1692535][info ][gc,phases   ] GC(371)   Other: 0.0ms
[2025-08-21T17:20:07.185+0000][1692535][trace][gc,age      ] GC(371) Age table with threshold 15 (max threshold 15)
[2025-08-21T17:20:07.185+0000][1692535][trace][gc,age      ] GC(371) - age   1:      11032 bytes,      11032 total
[2025-08-21T17:20:07.185+0000][1692535][trace][gc,age      ] GC(371) - age   3:         24 bytes,      11056 total
[2025-08-21T17:20:07.185+0000][1692535][trace][gc,age      ] GC(371) - age   4:        480 bytes,      11536 total
[2025-08-21T17:20:07.185+0000][1692535][info ][gc,heap     ] GC(371) Eden regions: 75->0(75)
[2025-08-21T17:20:07.185+0000][1692535][info ][gc,heap     ] GC(371) Survivor regions: 1->1(10)
[2025-08-21T17:20:07.185+0000][1692535][info ][gc,heap     ] GC(371) Old regions: 29->29
[2025-08-21T17:20:07.185+0000][1692535][info ][gc,heap     ] GC(371) Humongous regions: 0->0
[2025-08-21T17:20:07.185+0000][1692535][info ][gc,metaspace] GC(371) Metaspace: 137995K(143808K)->137995K(143808K) NonClass: 119777K(123328K)->119777K(123328K) Class: 18218K(20480K)->18218K(20480K)
[2025-08-21T17:20:07.185+0000][1692535][info ][gc          ] GC(371) Pause Young (Concurrent Start) (G1 Evacuation Pause) 412M->112M(512M) 2.789ms
[2025-08-21T17:20:07.185+0000][1692535][info ][gc,cpu      ] GC(371) User=0.00s Sys=0.00s Real=0.01s
[2025-08-21T17:20:07.186+0000][1692535][info ][safepoint   ] Safepoint "G1CollectForAllocation", Time since last: 706487397085 ns, Reaching safepoint: 7541 ns, Cleanup: 2754 ns, At safepoint: 2827510 ns, Total: 2837805 ns
[2025-08-21T17:20:07.190+0000][1692535][info ][gc          ] GC(372) Concurrent Mark Cycle
[2025-08-21T17:20:07.191+0000][1692535][info ][gc,marking  ] GC(372) Concurrent Scan Root Regions
[2025-08-21T17:20:07.191+0000][1692535][info ][gc,marking  ] GC(372) Concurrent Scan Root Regions 0.450ms
[2025-08-21T17:20:07.192+0000][1692535][info ][gc,marking  ] GC(372) Concurrent Mark
[2025-08-21T17:20:07.192+0000][1692535][info ][gc,marking  ] GC(372) Concurrent Mark From Roots
[2025-08-21T17:20:07.192+0000][1692535][info ][gc,task     ] GC(372) Using 1 workers of 1 for marking
[2025-08-21T17:20:07.298+0000][1692535][info ][gc,marking  ] GC(372) Concurrent Mark From Roots 106.690ms
[2025-08-21T17:20:07.298+0000][1692535][info ][gc,marking  ] GC(372) Concurrent Preclean
[2025-08-21T17:20:07.299+0000][1692535][info ][gc,marking  ] GC(372) Concurrent Preclean 0.259ms
[2025-08-21T17:20:07.299+0000][1692535][info ][gc,start    ] GC(372) Pause Remark
[2025-08-21T17:20:08.060+0000][1692535][info ][gc,mmu      ] GC(372) MMU target violated: 201.0ms (200.0ms/201.0ms)
[2025-08-21T17:20:08.060+0000][1692535][info ][gc          ] GC(372) Pause Remark 112M->92M(512M) 761.318ms
[2025-08-21T17:20:08.060+0000][1692535][info ][gc,cpu      ] GC(372) User=0.02s Sys=0.16s Real=0.76s
[2025-08-21T17:20:08.060+0000][1692535][info ][safepoint   ] Safepoint "G1PauseRemark", Time since last: 113126874 ns, Reaching safepoint: 5368 ns, Cleanup: 2694 ns, At safepoint: 761376616 ns, Total: 761384678 ns
[2025-08-21T17:20:08.063+0000][1692535][info ][gc,marking  ] GC(372) Concurrent Mark 871.842ms
[2025-08-21T17:20:08.063+0000][1692535][info ][gc,marking  ] GC(372) Concurrent Rebuild Remembered Sets and Scrub Regions
[2025-08-21T17:20:08.136+0000][1692535][info ][gc,marking  ] GC(372) Concurrent Rebuild Remembered Sets and Scrub Regions 72.485ms
[2025-08-21T17:20:08.137+0000][1692535][info ][gc,start    ] GC(372) Pause Cleanup
[2025-08-21T17:20:08.137+0000][1692535][info ][gc          ] GC(372) Pause Cleanup 95M->95M(512M) 0.077ms
[2025-08-21T17:20:08.138+0000][1692535][info ][gc,cpu      ] GC(372) User=0.00s Sys=0.00s Real=0.00s
[2025-08-21T17:20:08.138+0000][1692535][info ][safepoint   ] Safepoint "G1PauseCleanup", Time since last: 75953601 ns, Reaching safepoint: 1008614 ns, Cleanup: 229646 ns, At safepoint: 399403 ns, Total: 1637663 ns
[2025-08-21T17:20:08.138+0000][1692535][info ][gc,marking  ] GC(372) Concurrent Clear Claimed Marks
[2025-08-21T17:20:08.138+0000][1692535][info ][gc,marking  ] GC(372) Concurrent Clear Claimed Marks 0.168ms
[2025-08-21T17:20:08.138+0000][1692535][info ][gc,marking  ] GC(372) Concurrent Cleanup for Next Mark
[2025-08-21T17:20:08.138+0000][1692535][info ][gc,marking  ] GC(372) Concurrent Cleanup for Next Mark 0.331ms
[2025-08-21T17:20:08.138+0000][1692535][info ][gc          ] GC(372) Concurrent Mark Cycle 947.757ms
[2025-08-21T17:28:19.194+0000][1692535][info ][safepoint   ] Safepoint "Cleanup", Time since last: 491056168942 ns, Reaching safepoint: 36195 ns, Cleanup: 9093 ns, At safepoint: 4698 ns, Total: 49986 ns
[2025-08-21T17:31:49.340+0000][1692535][info ][gc,start    ] GC(373) Pause Young (Prepare Mixed) (G1 Evacuation Pause)
[2025-08-21T17:31:49.340+0000][1692535][info ][gc,task     ] GC(373) Using 1 workers of 1 for evacuation
[2025-08-21T17:31:49.340+0000][1692535][debug][gc,age      ] GC(373) Desired survivor size 20971520 bytes, new threshold 15 (max threshold 15)
[2025-08-21T17:31:49.343+0000][1692535][info ][gc,phases   ] GC(373)   Pre Evacuate Collection Set: 0.6ms
[2025-08-21T17:31:49.343+0000][1692535][info ][gc,phases   ] GC(373)   Merge Heap Roots: 0.0ms
[2025-08-21T17:31:49.343+0000][1692535][info ][gc,phases   ] GC(373)   Evacuate Collection Set: 1.7ms
[2025-08-21T17:31:49.343+0000][1692535][info ][gc,phases   ] GC(373)   Post Evacuate Collection Set: 1.0ms
[2025-08-21T17:31:49.343+0000][1692535][info ][gc,phases   ] GC(373)   Other: 0.0ms
[2025-08-21T17:31:49.343+0000][1692535][trace][gc,age      ] GC(373) Age table with threshold 15 (max threshold 15)
[2025-08-21T17:31:49.343+0000][1692535][trace][gc,age      ] GC(373) - age   1:      12488 bytes,      12488 total
[2025-08-21T17:31:49.343+0000][1692535][trace][gc,age      ] GC(373) - age   2:        176 bytes,      12664 total
[2025-08-21T17:31:49.343+0000][1692535][trace][gc,age      ] GC(373) - age   5:        448 bytes,      13112 total
[2025-08-21T17:31:49.343+0000][1692535][info ][gc,heap     ] GC(373) Eden regions: 75->0(75)
[2025-08-21T17:31:49.343+0000][1692535][info ][gc,heap     ] GC(373) Survivor regions: 1->1(10)
[2025-08-21T17:31:49.343+0000][1692535][info ][gc,heap     ] GC(373) Old regions: 23->23
[2025-08-21T17:31:49.343+0000][1692535][info ][gc,heap     ] GC(373) Humongous regions: 0->0
[2025-08-21T17:31:49.343+0000][1692535][info ][gc,metaspace] GC(373) Metaspace: 137993K(143808K)->137993K(143808K) NonClass: 119775K(123328K)->119775K(123328K) Class: 18218K(20480K)->18218K(20480K)
[2025-08-21T17:31:49.343+0000][1692535][info ][gc          ] GC(373) Pause Young (Prepare Mixed) (G1 Evacuation Pause) 392M->92M(512M) 3.461ms
[2025-08-21T17:31:49.343+0000][1692535][info ][gc,cpu      ] GC(373) User=0.00s Sys=0.00s Real=0.00s
[2025-08-21T17:31:49.343+0000][1692535][info ][safepoint   ] Safepoint "G1CollectForAllocation", Time since last: 210145811491 ns, Reaching safepoint: 7301 ns, Cleanup: 2795 ns, At safepoint: 3497110 ns, Total: 3507206 ns
[2025-08-21T17:43:34.357+0000][1692535][info ][gc,start    ] GC(374) Pause Young (Mixed) (G1 Evacuation Pause)
[2025-08-21T17:43:34.358+0000][1692535][info ][gc,task     ] GC(374) Using 1 workers of 1 for evacuation
[2025-08-21T17:43:34.358+0000][1692535][debug][gc,age      ] GC(374) Desired survivor size 20971520 bytes, new threshold 15 (max threshold 15)
[2025-08-21T17:43:34.360+0000][1692535][info ][gc,phases   ] GC(374)   Pre Evacuate Collection Set: 0.1ms
[2025-08-21T17:43:34.560+0000][1692535][info ][gc,phases   ] GC(374)   Merge Heap Roots: 0.1ms
[2025-08-21T17:43:34.560+0000][1692535][info ][gc,phases   ] GC(374)   Evacuate Collection Set: 1.4ms
[2025-08-21T17:43:34.560+0000][1692535][info ][gc,phases   ] GC(374)   Post Evacuate Collection Set: 0.7ms
[2025-08-21T17:43:34.560+0000][1692535][info ][gc,phases   ] GC(374)   Other: 0.0ms
[2025-08-21T17:43:34.560+0000][1692535][trace][gc,age      ] GC(374) Age table with threshold 15 (max threshold 15)
[2025-08-21T17:43:34.560+0000][1692535][trace][gc,age      ] GC(374) - age   1:       9200 bytes,       9200 total
[2025-08-21T17:43:34.560+0000][1692535][trace][gc,age      ] GC(374) - age   2:        176 bytes,       9376 total
[2025-08-21T17:43:34.560+0000][1692535][trace][gc,age      ] GC(374) - age   6:        448 bytes,       9824 total
[2025-08-21T17:43:34.560+0000][1692535][info ][gc,heap     ] GC(374) Eden regions: 75->0(75)
[2025-08-21T17:43:34.560+0000][1692535][info ][gc,heap     ] GC(374) Survivor regions: 1->1(10)
[2025-08-21T17:43:34.560+0000][1692535][info ][gc,heap     ] GC(374) Old regions: 23->23
[2025-08-21T17:43:34.560+0000][1692535][info ][gc,heap     ] GC(374) Humongous regions: 0->0
[2025-08-21T17:43:34.560+0000][1692535][info ][gc,metaspace] GC(374) Metaspace: 137993K(143808K)->137993K(143808K) NonClass: 119775K(123328K)->119775K(123328K) Class: 18218K(20480K)->18218K(20480K)
[2025-08-21T17:43:34.560+0000][1692535][info ][gc          ] GC(374) Pause Young (Mixed) (G1 Evacuation Pause) 392M->88M(512M) 202.725ms
[2025-08-21T17:43:34.560+0000][1692535][info ][gc,cpu      ] GC(374) User=0.00s Sys=0.00s Real=0.20s
[2025-08-21T17:43:34.560+0000][1692535][info ][safepoint   ] Safepoint "G1CollectForAllocation", Time since last: 705014306595 ns, Reaching safepoint: 7171 ns, Cleanup: 3466 ns, At safepoint: 202787204 ns, Total: 202797841 ns
[2025-08-21T17:46:50.572+0000][1692535][info ][safepoint   ] Safepoint "Cleanup", Time since last: 196011748446 ns, Reaching safepoint: 67231 ns, Cleanup: 11638 ns, At safepoint: 5178 ns, Total: 84047 ns
[2025-08-21T17:55:18.289+0000][1692535][info ][gc,start    ] GC(375) Pause Young (Concurrent Start) (G1 Evacuation Pause)
[2025-08-21T17:55:18.289+0000][1692535][info ][gc,task     ] GC(375) Using 1 workers of 1 for evacuation
[2025-08-21T17:55:18.289+0000][1692535][debug][gc,age      ] GC(375) Desired survivor size 20971520 bytes, new threshold 15 (max threshold 15)
[2025-08-21T17:55:18.291+0000][1692535][info ][gc,phases   ] GC(375)   Pre Evacuate Collection Set: 0.1ms
[2025-08-21T17:55:18.291+0000][1692535][info ][gc,phases   ] GC(375)   Merge Heap Roots: 0.0ms
[2025-08-21T17:55:18.291+0000][1692535][info ][gc,phases   ] GC(375)   Evacuate Collection Set: 1.3ms
[2025-08-21T17:55:18.291+0000][1692535][info ][gc,phases   ] GC(375)   Post Evacuate Collection Set: 0.7ms
[2025-08-21T17:55:18.291+0000][1692535][info ][gc,phases   ] GC(375)   Other: 0.0ms
[2025-08-21T17:55:18.291+0000][1692535][trace][gc,age      ] GC(375) Age table with threshold 15 (max threshold 15)
[2025-08-21T17:55:18.291+0000][1692535][trace][gc,age      ] GC(375) - age   1:       9656 bytes,       9656 total
[2025-08-21T17:55:18.291+0000][1692535][trace][gc,age      ] GC(375) - age   7:        272 bytes,       9928 total
[2025-08-21T17:55:18.291+0000][1692535][info ][gc,heap     ] GC(375) Eden regions: 75->0(75)
[2025-08-21T17:55:18.292+0000][1692535][info ][gc,heap     ] GC(375) Survivor regions: 1->1(10)
[2025-08-21T17:55:18.292+0000][1692535][info ][gc,heap     ] GC(375) Old regions: 23->23
[2025-08-21T17:55:18.292+0000][1692535][info ][gc,heap     ] GC(375) Humongous regions: 0->0
[2025-08-21T17:55:18.292+0000][1692535][info ][gc,metaspace] GC(375) Metaspace: 137993K(143808K)->137993K(143808K) NonClass: 119775K(123328K)->119775K(123328K) Class: 18218K(20480K)->18218K(20480K)
[2025-08-21T17:55:18.292+0000][1692535][info ][gc          ] GC(375) Pause Young (Concurrent Start) (G1 Evacuation Pause) 388M->88M(512M) 2.339ms
[2025-08-21T17:55:18.292+0000][1692535][info ][gc,cpu      ] GC(375) User=0.00s Sys=0.00s Real=0.00s
[2025-08-21T17:55:18.292+0000][1692535][info ][safepoint   ] Safepoint "G1CollectForAllocation", Time since last: 507717079572 ns, Reaching safepoint: 7301 ns, Cleanup: 2654 ns, At safepoint: 2378091 ns, Total: 2388046 ns
[2025-08-21T17:55:18.297+0000][1692535][info ][gc          ] GC(376) Concurrent Mark Cycle
[2025-08-21T17:55:18.297+0000][1692535][info ][gc,marking  ] GC(376) Concurrent Scan Root Regions
[2025-08-21T17:55:18.298+0000][1692535][info ][gc,marking  ] GC(376) Concurrent Scan Root Regions 0.398ms
[2025-08-21T17:55:18.298+0000][1692535][info ][gc,marking  ] GC(376) Concurrent Mark
[2025-08-21T17:55:18.298+0000][1692535][info ][gc,marking  ] GC(376) Concurrent Mark From Roots
[2025-08-21T17:55:18.298+0000][1692535][info ][gc,task     ] GC(376) Using 1 workers of 1 for marking
[2025-08-21T17:55:18.406+0000][1692535][info ][gc,marking  ] GC(376) Concurrent Mark From Roots 108.478ms
[2025-08-21T17:55:18.406+0000][1692535][info ][gc,marking  ] GC(376) Concurrent Preclean
[2025-08-21T17:55:18.407+0000][1692535][info ][gc,marking  ] GC(376) Concurrent Preclean 0.265ms
[2025-08-21T17:55:18.407+0000][1692535][info ][gc,start    ] GC(376) Pause Remark
[2025-08-21T17:55:18.414+0000][1692535][info ][gc          ] GC(376) Pause Remark 88M->88M(512M) 6.820ms
[2025-08-21T17:55:18.414+0000][1692535][info ][gc,cpu      ] GC(376) User=0.00s Sys=0.00s Real=0.00s
[2025-08-21T17:55:18.414+0000][1692535][info ][safepoint   ] Safepoint "G1PauseRemark", Time since last: 115166475 ns, Reaching safepoint: 4457 ns, Cleanup: 2904 ns, At safepoint: 6865497 ns, Total: 6872858 ns
[2025-08-21T17:55:18.414+0000][1692535][info ][gc,marking  ] GC(376) Concurrent Mark 115.821ms
[2025-08-21T17:55:18.414+0000][1692535][info ][gc,marking  ] GC(376) Concurrent Rebuild Remembered Sets and Scrub Regions
[2025-08-21T17:55:18.453+0000][1692535][info ][gc,marking  ] GC(376) Concurrent Rebuild Remembered Sets and Scrub Regions 39.652ms
[2025-08-21T17:55:18.453+0000][1692535][info ][gc,start    ] GC(376) Pause Cleanup
[2025-08-21T17:55:18.454+0000][1692535][info ][gc          ] GC(376) Pause Cleanup 88M->88M(512M) 0.450ms
[2025-08-21T17:55:18.454+0000][1692535][info ][gc,cpu      ] GC(376) User=0.00s Sys=0.00s Real=0.00s
[2025-08-21T17:55:18.454+0000][1692535][info ][safepoint   ] Safepoint "G1PauseCleanup", Time since last: 39774050 ns, Reaching safepoint: 3035 ns, Cleanup: 1212 ns, At safepoint: 716562 ns, Total: 720809 ns
[2025-08-21T17:55:18.454+0000][1692535][info ][gc,marking  ] GC(376) Concurrent Clear Claimed Marks
[2025-08-21T17:55:18.454+0000][1692535][info ][gc,marking  ] GC(376) Concurrent Clear Claimed Marks 0.135ms
[2025-08-21T17:55:18.454+0000][1692535][info ][gc,marking  ] GC(376) Concurrent Cleanup for Next Mark
[2025-08-21T17:55:18.455+0000][1692535][info ][gc,marking  ] GC(376) Concurrent Cleanup for Next Mark 0.306ms
[2025-08-21T17:55:18.455+0000][1692535][info ][gc          ] GC(376) Concurrent Mark Cycle 157.194ms
[2025-08-21T18:07:03.657+0000][1692535][info ][gc,start    ] GC(377) Pause Young (Prepare Mixed) (G1 Evacuation Pause)
[2025-08-21T18:07:03.657+0000][1692535][info ][gc,task     ] GC(377) Using 1 workers of 1 for evacuation
[2025-08-21T18:07:03.657+0000][1692535][debug][gc,age      ] GC(377) Desired survivor size 20971520 bytes, new threshold 15 (max threshold 15)
[2025-08-21T18:07:03.662+0000][1692535][info ][gc,phases   ] GC(377)   Pre Evacuate Collection Set: 0.1ms
[2025-08-21T18:07:03.662+0000][1692535][info ][gc,phases   ] GC(377)   Merge Heap Roots: 0.0ms
[2025-08-21T18:07:03.662+0000][1692535][info ][gc,phases   ] GC(377)   Evacuate Collection Set: 3.5ms
[2025-08-21T18:07:03.662+0000][1692535][info ][gc,phases   ] GC(377)   Post Evacuate Collection Set: 1.7ms
[2025-08-21T18:07:03.662+0000][1692535][info ][gc,phases   ] GC(377)   Other: 0.0ms
[2025-08-21T18:07:03.662+0000][1692535][trace][gc,age      ] GC(377) Age table with threshold 15 (max threshold 15)
[2025-08-21T18:07:03.662+0000][1692535][trace][gc,age      ] GC(377) - age   1:      11032 bytes,      11032 total
[2025-08-21T18:07:03.662+0000][1692535][trace][gc,age      ] GC(377) - age   2:        176 bytes,      11208 total
[2025-08-21T18:07:03.662+0000][1692535][trace][gc,age      ] GC(377) - age   8:        272 bytes,      11480 total
[2025-08-21T18:07:03.662+0000][1692535][info ][gc,heap     ] GC(377) Eden regions: 75->0(75)
[2025-08-21T18:07:03.662+0000][1692535][info ][gc,heap     ] GC(377) Survivor regions: 1->1(10)
[2025-08-21T18:07:03.662+0000][1692535][info ][gc,heap     ] GC(377) Old regions: 23->23
[2025-08-21T18:07:03.662+0000][1692535][info ][gc,heap     ] GC(377) Humongous regions: 0->0
[2025-08-21T18:07:03.662+0000][1692535][info ][gc,metaspace] GC(377) Metaspace: 137993K(143808K)->137993K(143808K) NonClass: 119775K(123328K)->119775K(123328K) Class: 18218K(20480K)->18218K(20480K)
[2025-08-21T18:07:03.662+0000][1692535][info ][gc          ] GC(377) Pause Young (Prepare Mixed) (G1 Evacuation Pause) 388M->88M(512M) 5.784ms
[2025-08-21T18:07:03.662+0000][1692535][info ][gc,cpu      ] GC(377) User=0.01s Sys=0.00s Real=0.00s
[2025-08-21T18:07:03.662+0000][1692535][info ][safepoint   ] Safepoint "G1CollectForAllocation", Time since last: 705202350273 ns, Reaching safepoint: 122415 ns, Cleanup: 4066 ns, At safepoint: 5822192 ns, Total: 5948673 ns
[2025-08-21T18:18:49.706+0000][1692535][info ][gc,start    ] GC(378) Pause Young (Mixed) (G1 Evacuation Pause)
[2025-08-21T18:18:49.706+0000][1692535][info ][gc,task     ] GC(378) Using 1 workers of 1 for evacuation
[2025-08-21T18:18:49.706+0000][1692535][debug][gc,age      ] GC(378) Desired survivor size 20971520 bytes, new threshold 15 (max threshold 15)
[2025-08-21T18:18:49.725+0000][1692535][info ][gc,phases   ] GC(378)   Pre Evacuate Collection Set: 0.1ms
[2025-08-21T18:18:49.725+0000][1692535][info ][gc,phases   ] GC(378)   Merge Heap Roots: 0.3ms
[2025-08-21T18:18:49.725+0000][1692535][info ][gc,phases   ] GC(378)   Evacuate Collection Set: 17.3ms
[2025-08-21T18:18:49.725+0000][1692535][info ][gc,phases   ] GC(378)   Post Evacuate Collection Set: 0.8ms
[2025-08-21T18:18:49.725+0000][1692535][info ][gc,phases   ] GC(378)   Other: 0.0ms
[2025-08-21T18:18:49.725+0000][1692535][trace][gc,age      ] GC(378) Age table with threshold 15 (max threshold 15)
[2025-08-21T18:18:49.725+0000][1692535][trace][gc,age      ] GC(378) - age   1:       9448 bytes,       9448 total
[2025-08-21T18:18:49.725+0000][1692535][trace][gc,age      ] GC(378) - age   3:        176 bytes,       9624 total
[2025-08-21T18:18:49.725+0000][1692535][trace][gc,age      ] GC(378) - age   9:        272 bytes,       9896 total
[2025-08-21T18:18:49.725+0000][1692535][info ][gc,heap     ] GC(378) Eden regions: 75->0(75)
[2025-08-21T18:18:49.725+0000][1692535][info ][gc,heap     ] GC(378) Survivor regions: 1->1(10)
[2025-08-21T18:18:49.725+0000][1692535][info ][gc,heap     ] GC(378) Old regions: 23->22
[2025-08-21T18:18:49.725+0000][1692535][info ][gc,heap     ] GC(378) Humongous regions: 0->0
[2025-08-21T18:18:49.725+0000][1692535][info ][gc,metaspace] GC(378) Metaspace: 137993K(143808K)->137993K(143808K) NonClass: 119775K(123328K)->119775K(123328K) Class: 18218K(20480K)->18218K(20480K)
[2025-08-21T18:18:49.725+0000][1692535][info ][gc          ] GC(378) Pause Young (Mixed) (G1 Evacuation Pause) 388M->85M(512M) 19.104ms
[2025-08-21T18:18:49.725+0000][1692535][info ][gc,cpu      ] GC(378) User=0.01s Sys=0.01s Real=0.01s
[2025-08-21T18:18:49.725+0000][1692535][info ][safepoint   ] Safepoint "G1CollectForAllocation", Time since last: 706043212246 ns, Reaching safepoint: 6890 ns, Cleanup: 3255 ns, At safepoint: 19145691 ns, Total: 19155836 ns
[2025-08-21T18:28:27.242+0000][1692535][info ][gc,start    ] GC(379) Pause Young (Concurrent Start) (G1 Evacuation Pause)
[2025-08-21T18:28:27.242+0000][1692535][info ][gc,task     ] GC(379) Using 1 workers of 1 for evacuation
[2025-08-21T18:28:27.242+0000][1692535][debug][gc,age      ] GC(379) Desired survivor size 20971520 bytes, new threshold 15 (max threshold 15)
[2025-08-21T18:28:27.253+0000][1692535][info ][gc,phases   ] GC(379)   Pre Evacuate Collection Set: 0.1ms
[2025-08-21T18:28:27.253+0000][1692535][info ][gc,phases   ] GC(379)   Merge Heap Roots: 0.0ms
[2025-08-21T18:28:27.253+0000][1692535][info ][gc,phases   ] GC(379)   Evacuate Collection Set: 10.3ms
[2025-08-21T18:28:27.253+0000][1692535][info ][gc,phases   ] GC(379)   Post Evacuate Collection Set: 0.9ms
[2025-08-21T18:28:27.253+0000][1692535][info ][gc,phases   ] GC(379)   Other: 0.0ms
[2025-08-21T18:28:27.253+0000][1692535][trace][gc,age      ] GC(379) Age table with threshold 15 (max threshold 15)
[2025-08-21T18:28:27.253+0000][1692535][trace][gc,age      ] GC(379) - age   1:     782360 bytes,     782360 total
[2025-08-21T18:28:27.253+0000][1692535][trace][gc,age      ] GC(379) - age   2:        536 bytes,     782896 total
[2025-08-21T18:28:27.253+0000][1692535][trace][gc,age      ] GC(379) - age   4:        176 bytes,     783072 total
[2025-08-21T18:28:27.253+0000][1692535][trace][gc,age      ] GC(379) - age  10:        272 bytes,     783344 total
[2025-08-21T18:28:27.253+0000][1692535][info ][gc,heap     ] GC(379) Eden regions: 75->0(75)
[2025-08-21T18:28:27.253+0000][1692535][info ][gc,heap     ] GC(379) Survivor regions: 1->1(10)
[2025-08-21T18:28:27.253+0000][1692535][info ][gc,heap     ] GC(379) Old regions: 22->22
[2025-08-21T18:28:27.253+0000][1692535][info ][gc,heap     ] GC(379) Humongous regions: 0->0
[2025-08-21T18:28:27.253+0000][1692535][info ][gc,metaspace] GC(379) Metaspace: 138028K(143808K)->138028K(143808K) NonClass: 119807K(123328K)->119807K(123328K) Class: 18220K(20480K)->18220K(20480K)
[2025-08-21T18:28:27.253+0000][1692535][info ][gc          ] GC(379) Pause Young (Concurrent Start) (G1 Evacuation Pause) 385M->86M(512M) 11.499ms
[2025-08-21T18:28:27.253+0000][1692535][info ][gc,cpu      ] GC(379) User=0.00s Sys=0.01s Real=0.01s
[2025-08-21T18:28:27.253+0000][1692535][info ][safepoint   ] Safepoint "G1CollectForAllocation", Time since last: 577516914207 ns, Reaching safepoint: 4798 ns, Cleanup: 132690 ns, At safepoint: 11538584 ns, Total: 11676072 ns
[2025-08-21T18:28:27.259+0000][1692535][info ][gc          ] GC(380) Concurrent Mark Cycle
[2025-08-21T18:28:27.259+0000][1692535][info ][gc,marking  ] GC(380) Concurrent Scan Root Regions
[2025-08-21T18:28:27.265+0000][1692535][info ][gc,marking  ] GC(380) Concurrent Scan Root Regions 5.980ms
[2025-08-21T18:28:27.265+0000][1692535][info ][gc,marking  ] GC(380) Concurrent Mark
[2025-08-21T18:28:27.265+0000][1692535][info ][gc,marking  ] GC(380) Concurrent Mark From Roots
[2025-08-21T18:28:27.265+0000][1692535][info ][gc,task     ] GC(380) Using 1 workers of 1 for marking
[2025-08-21T18:28:27.592+0000][1692535][info ][gc,marking  ] GC(380) Concurrent Mark From Roots 327.636ms
[2025-08-21T18:28:27.592+0000][1692535][info ][gc,marking  ] GC(380) Concurrent Preclean
[2025-08-21T18:28:27.593+0000][1692535][info ][gc,marking  ] GC(380) Concurrent Preclean 0.301ms
[2025-08-21T18:28:27.593+0000][1692535][info ][gc,start    ] GC(380) Pause Remark
[2025-08-21T18:28:27.612+0000][1692535][info ][gc          ] GC(380) Pause Remark 214M->214M(512M) 18.699ms
[2025-08-21T18:28:27.612+0000][1692535][info ][gc,cpu      ] GC(380) User=0.01s Sys=0.01s Real=0.02s
[2025-08-21T18:28:27.612+0000][1692535][info ][safepoint   ] Safepoint "G1PauseRemark", Time since last: 339553006 ns, Reaching safepoint: 4998 ns, Cleanup: 63396 ns, At safepoint: 18749172 ns, Total: 18817566 ns
[2025-08-21T18:28:27.612+0000][1692535][info ][gc,marking  ] GC(380) Concurrent Mark 347.062ms
[2025-08-21T18:28:27.612+0000][1692535][info ][gc,marking  ] GC(380) Concurrent Rebuild Remembered Sets and Scrub Regions
[2025-08-21T18:28:27.649+0000][1692535][info ][gc,marking  ] GC(380) Concurrent Rebuild Remembered Sets and Scrub Regions 36.748ms
[2025-08-21T18:28:27.649+0000][1692535][info ][gc,start    ] GC(380) Pause Cleanup
[2025-08-21T18:28:27.649+0000][1692535][info ][gc          ] GC(380) Pause Cleanup 214M->214M(512M) 0.321ms
[2025-08-21T18:28:27.649+0000][1692535][info ][gc,cpu      ] GC(380) User=0.00s Sys=0.00s Real=0.00s
[2025-08-21T18:28:27.649+0000][1692535][info ][safepoint   ] Safepoint "G1PauseCleanup", Time since last: 37105921 ns, Reaching safepoint: 3625 ns, Cleanup: 1513 ns, At safepoint: 515268 ns, Total: 520406 ns
[2025-08-21T18:28:27.649+0000][1692535][info ][gc,marking  ] GC(380) Concurrent Clear Claimed Marks
[2025-08-21T18:28:27.649+0000][1692535][info ][gc,marking  ] GC(380) Concurrent Clear Claimed Marks 0.148ms
[2025-08-21T18:28:27.649+0000][1692535][info ][gc,marking  ] GC(380) Concurrent Cleanup for Next Mark
[2025-08-21T18:28:27.652+0000][1692535][info ][gc,marking  ] GC(380) Concurrent Cleanup for Next Mark 2.376ms
[2025-08-21T18:28:27.654+0000][1692535][info ][gc          ] GC(380) Concurrent Mark Cycle 395.071ms
[2025-08-21T18:28:28.650+0000][1692535][info ][safepoint   ] Safepoint "Cleanup", Time since last: 1000027566 ns, Reaching safepoint: 132901 ns, Cleanup: 31878 ns, At safepoint: 2283 ns, Total: 167062 ns
[2025-08-21T18:28:29.650+0000][1692535][info ][safepoint   ] Safepoint "Cleanup", Time since last: 1000087868 ns, Reaching safepoint: 5799 ns, Cleanup: 17176 ns, At safepoint: 2714 ns, Total: 25689 ns
[2025-08-21T18:28:31.418+0000][1692535][info ][gc,start    ] GC(381) Pause Young (Normal) (G1 Evacuation Pause)
[2025-08-21T18:28:31.418+0000][1692535][info ][gc,task     ] GC(381) Using 1 workers of 1 for evacuation
[2025-08-21T18:28:31.418+0000][1692535][debug][gc,age      ] GC(381) Desired survivor size 20971520 bytes, new threshold 15 (max threshold 15)
[2025-08-21T18:28:31.483+0000][1692535][info ][gc,phases   ] GC(381)   Pre Evacuate Collection Set: 0.1ms
[2025-08-21T18:28:31.483+0000][1692535][info ][gc,phases   ] GC(381)   Merge Heap Roots: 0.0ms
[2025-08-21T18:28:31.483+0000][1692535][info ][gc,phases   ] GC(381)   Evacuate Collection Set: 63.3ms
[2025-08-21T18:28:31.483+0000][1692535][info ][gc,phases   ] GC(381)   Post Evacuate Collection Set: 1.2ms
[2025-08-21T18:28:31.483+0000][1692535][info ][gc,phases   ] GC(381)   Other: 0.0ms
[2025-08-21T18:28:31.483+0000][1692535][trace][gc,age      ] GC(381) Age table with threshold 15 (max threshold 15)
[2025-08-21T18:28:31.483+0000][1692535][trace][gc,age      ] GC(381) - age   1:   14610936 bytes,   14610936 total
[2025-08-21T18:28:31.483+0000][1692535][trace][gc,age      ] GC(381) - age   2:     424336 bytes,   15035272 total
[2025-08-21T18:28:31.483+0000][1692535][trace][gc,age      ] GC(381) - age   3:        352 bytes,   15035624 total
[2025-08-21T18:28:31.483+0000][1692535][trace][gc,age      ] GC(381) - age   5:        176 bytes,   15035800 total
[2025-08-21T18:28:31.483+0000][1692535][trace][gc,age      ] GC(381) - age  11:        272 bytes,   15036072 total
[2025-08-21T18:28:31.483+0000][1692535][info ][gc,heap     ] GC(381) Eden regions: 75->0(72)
[2025-08-21T18:28:31.483+0000][1692535][info ][gc,heap     ] GC(381) Survivor regions: 1->4(10)
[2025-08-21T18:28:31.483+0000][1692535][info ][gc,heap     ] GC(381) Old regions: 22->22
[2025-08-21T18:28:31.483+0000][1692535][info ][gc,heap     ] GC(381) Humongous regions: 0->0
[2025-08-21T18:28:31.483+0000][1692535][info ][gc,metaspace] GC(381) Metaspace: 138032K(143808K)->138032K(143808K) NonClass: 119811K(123328K)->119811K(123328K) Class: 18220K(20480K)->18220K(20480K)
[2025-08-21T18:28:31.483+0000][1692535][info ][gc          ] GC(381) Pause Young (Normal) (G1 Evacuation Pause) 386M->100M(512M) 64.830ms
[2025-08-21T18:28:31.483+0000][1692535][info ][gc,cpu      ] GC(381) User=0.01s Sys=0.02s Real=0.06s
[2025-08-21T18:28:31.483+0000][1692535][info ][safepoint   ] Safepoint "G1CollectForAllocation", Time since last: 1768698115 ns, Reaching safepoint: 5469 ns, Cleanup: 7040 ns, At safepoint: 64877978 ns, Total: 64890487 ns
[2025-08-21T18:28:35.488+0000][1692535][info ][safepoint   ] Safepoint "Cleanup", Time since last: 4000271730 ns, Reaching safepoint: 4578203 ns, Cleanup: 11478 ns, At safepoint: 4466 ns, Total: 4594147 ns
[2025-08-21T18:28:36.737+0000][1692535][info ][safepoint   ] Safepoint "Cleanup", Time since last: 1002133256 ns, Reaching safepoint: 247127582 ns, Cleanup: 10586 ns, At safepoint: 10616 ns, Total: 247148784 ns
[2025-08-21T18:28:38.111+0000][1692535][info ][gc,start    ] GC(382) Pause Young (Concurrent Start) (G1 Evacuation Pause)
[2025-08-21T18:28:38.111+0000][1692535][info ][gc,task     ] GC(382) Using 1 workers of 1 for evacuation
[2025-08-21T18:28:38.111+0000][1692535][debug][gc,age      ] GC(382) Desired survivor size 20971520 bytes, new threshold 15 (max threshold 15)
[2025-08-21T18:28:38.401+0000][1692535][info ][gc,mmu      ] GC(382) MMU target violated: 201.0ms (200.0ms/201.0ms)
[2025-08-21T18:28:38.401+0000][1692535][info ][gc,phases   ] GC(382)   Pre Evacuate Collection Set: 0.1ms
[2025-08-21T18:28:38.401+0000][1692535][info ][gc,phases   ] GC(382)   Merge Heap Roots: 0.0ms
[2025-08-21T18:28:38.401+0000][1692535][info ][gc,phases   ] GC(382)   Evacuate Collection Set: 288.2ms
[2025-08-21T18:28:38.401+0000][1692535][info ][gc,phases   ] GC(382)   Post Evacuate Collection Set: 1.3ms
[2025-08-21T18:28:38.401+0000][1692535][info ][gc,phases   ] GC(382)   Other: 0.1ms
[2025-08-21T18:28:38.401+0000][1692535][trace][gc,age      ] GC(382) Age table with threshold 15 (max threshold 15)
[2025-08-21T18:28:38.401+0000][1692535][trace][gc,age      ] GC(382) - age   1:   28691136 bytes,   28691136 total
[2025-08-21T18:28:38.401+0000][1692535][trace][gc,age      ] GC(382) - age   2:   12666432 bytes,   41357568 total
[2025-08-21T18:28:38.401+0000][1692535][trace][gc,age      ] GC(382) - age   3:     106520 bytes,   41464088 total
[2025-08-21T18:28:38.401+0000][1692535][trace][gc,age      ] GC(382) - age   4:        352 bytes,   41464440 total
[2025-08-21T18:28:38.401+0000][1692535][trace][gc,age      ] GC(382) - age   6:        176 bytes,   41464616 total
[2025-08-21T18:28:38.401+0000][1692535][trace][gc,age      ] GC(382) - age  12:        272 bytes,   41464888 total
[2025-08-21T18:28:38.401+0000][1692535][info ][gc,heap     ] GC(382) Eden regions: 72->0(46)
[2025-08-21T18:28:38.401+0000][1692535][info ][gc,heap     ] GC(382) Survivor regions: 4->10(10)
[2025-08-21T18:28:38.401+0000][1692535][info ][gc,heap     ] GC(382) Old regions: 22->34
[2025-08-21T18:28:38.401+0000][1692535][info ][gc,heap     ] GC(382) Humongous regions: 0->0
[2025-08-21T18:28:38.401+0000][1692535][info ][gc,metaspace] GC(382) Metaspace: 138032K(143808K)->138032K(143808K) NonClass: 119812K(123328K)->119812K(123328K) Class: 18220K(20480K)->18220K(20480K)
[2025-08-21T18:28:38.401+0000][1692535][info ][gc          ] GC(382) Pause Young (Concurrent Start) (G1 Evacuation Pause) 388M->174M(512M) 289.894ms
[2025-08-21T18:28:38.401+0000][1692535][info ][gc,cpu      ] GC(382) User=0.01s Sys=0.08s Real=0.29s
[2025-08-21T18:28:38.401+0000][1692535][info ][safepoint   ] Safepoint "G1CollectForAllocation", Time since last: 1373784202 ns, Reaching safepoint: 189967 ns, Cleanup: 15092 ns, At safepoint: 289955603 ns, Total: 290160662 ns
[2025-08-21T18:28:38.401+0000][1692535][info ][gc          ] GC(383) Concurrent Mark Cycle
[2025-08-21T18:28:38.407+0000][1692535][info ][gc,marking  ] GC(383) Concurrent Scan Root Regions
[2025-08-21T18:28:38.408+0000][1692535][info ][gc,marking  ] GC(383) Concurrent Scan Root Regions 1.289ms
[2025-08-21T18:28:38.408+0000][1692535][info ][gc,marking  ] GC(383) Concurrent Mark
[2025-08-21T18:28:38.408+0000][1692535][info ][gc,marking  ] GC(383) Concurrent Mark From Roots
[2025-08-21T18:28:38.408+0000][1692535][info ][gc,task     ] GC(383) Using 1 workers of 1 for marking
[2025-08-21T18:28:38.687+0000][1692535][info ][gc,marking  ] GC(383) Concurrent Mark From Roots 278.762ms
[2025-08-21T18:28:38.687+0000][1692535][info ][gc,marking  ] GC(383) Concurrent Preclean
[2025-08-21T18:28:38.687+0000][1692535][info ][gc,marking  ] GC(383) Concurrent Preclean 0.321ms
[2025-08-21T18:28:38.687+0000][1692535][info ][gc,start    ] GC(383) Pause Remark
[2025-08-21T18:28:38.695+0000][1692535][info ][gc          ] GC(383) Pause Remark 231M->231M(512M) 7.790ms
[2025-08-21T18:28:38.695+0000][1692535][info ][gc,cpu      ] GC(383) User=0.01s Sys=0.00s Real=0.00s
[2025-08-21T18:28:38.695+0000][1692535][info ][safepoint   ] Safepoint "G1PauseRemark", Time since last: 286114053 ns, Reaching safepoint: 5388 ns, Cleanup: 13941 ns, At safepoint: 7835081 ns, Total: 7854410 ns
[2025-08-21T18:28:38.695+0000][1692535][info ][gc,marking  ] GC(383) Concurrent Mark 287.153ms
[2025-08-21T18:28:38.696+0000][1692535][info ][gc,marking  ] GC(383) Concurrent Rebuild Remembered Sets and Scrub Regions
[2025-08-21T18:28:38.724+0000][1692535][info ][gc,marking  ] GC(383) Concurrent Rebuild Remembered Sets and Scrub Regions 28.048ms
[2025-08-21T18:28:38.724+0000][1692535][info ][gc,start    ] GC(383) Pause Cleanup
[2025-08-21T18:28:38.724+0000][1692535][info ][gc          ] GC(383) Pause Cleanup 231M->231M(512M) 0.453ms
[2025-08-21T18:28:38.725+0000][1692535][info ][gc,cpu      ] GC(383) User=0.00s Sys=0.00s Real=0.00s
[2025-08-21T18:28:38.725+0000][1692535][info ][safepoint   ] Safepoint "G1PauseCleanup", Time since last: 28608620 ns, Reaching safepoint: 3876 ns, Cleanup: 2624 ns, At safepoint: 619055 ns, Total: 625555 ns
[2025-08-21T18:28:38.725+0000][1692535][info ][gc,marking  ] GC(383) Concurrent Clear Claimed Marks
[2025-08-21T18:28:38.725+0000][1692535][info ][gc,marking  ] GC(383) Concurrent Clear Claimed Marks 0.168ms
[2025-08-21T18:28:38.725+0000][1692535][info ][gc,marking  ] GC(383) Concurrent Cleanup for Next Mark
[2025-08-21T18:28:38.736+0000][1692535][info ][gc,marking  ] GC(383) Concurrent Cleanup for Next Mark 10.860ms
[2025-08-21T18:28:38.736+0000][1692535][info ][gc          ] GC(383) Concurrent Mark Cycle 334.157ms
[2025-08-21T18:28:55.990+0000][1692535][info ][gc,start    ] GC(384) Pause Young (Normal) (G1 Evacuation Pause)
[2025-08-21T18:28:55.990+0000][1692535][info ][gc,task     ] GC(384) Using 1 workers of 1 for evacuation
[2025-08-21T18:28:55.990+0000][1692535][debug][gc,age      ] GC(384) Desired survivor size 14680064 bytes, new threshold 1 (max threshold 15)
[2025-08-21T18:28:55.996+0000][1692535][info ][gc,phases   ] GC(384)   Pre Evacuate Collection Set: 0.1ms
[2025-08-21T18:28:55.996+0000][1692535][info ][gc,phases   ] GC(384)   Merge Heap Roots: 0.1ms
[2025-08-21T18:28:55.996+0000][1692535][info ][gc,phases   ] GC(384)   Evacuate Collection Set: 4.1ms
[2025-08-21T18:28:55.996+0000][1692535][info ][gc,phases   ] GC(384)   Post Evacuate Collection Set: 0.8ms
[2025-08-21T18:28:55.996+0000][1692535][info ][gc,phases   ] GC(384)   Other: 0.0ms
[2025-08-21T18:28:55.996+0000][1692535][trace][gc,age      ] GC(384) Age table with threshold 1 (max threshold 15)
[2025-08-21T18:28:55.996+0000][1692535][trace][gc,age      ] GC(384) - age   1:    1857128 bytes,    1857128 total
[2025-08-21T18:28:55.996+0000][1692535][info ][gc,heap     ] GC(384) Eden regions: 45->0(73)
[2025-08-21T18:28:55.996+0000][1692535][info ][gc,heap     ] GC(384) Survivor regions: 10->1(7)
[2025-08-21T18:28:55.996+0000][1692535][info ][gc,heap     ] GC(384) Old regions: 34->34
[2025-08-21T18:28:55.996+0000][1692535][info ][gc,heap     ] GC(384) Humongous regions: 0->0
[2025-08-21T18:28:55.996+0000][1692535][info ][gc,metaspace] GC(384) Metaspace: 138038K(143808K)->138038K(143808K) NonClass: 119817K(123328K)->119817K(123328K) Class: 18220K(20480K)->18220K(20480K)
[2025-08-21T18:28:55.996+0000][1692535][info ][gc          ] GC(384) Pause Young (Normal) (G1 Evacuation Pause) 354M->136M(512M) 5.241ms
[2025-08-21T18:28:55.996+0000][1692535][info ][gc,cpu      ] GC(384) User=0.01s Sys=0.00s Real=0.01s
[2025-08-21T18:28:55.996+0000][1692535][info ][safepoint   ] Safepoint "G1CollectForAllocation", Time since last: 17259480536 ns, Reaching safepoint: 6324871 ns, Cleanup: 48163 ns, At safepoint: 5283348 ns, Total: 11656382 ns
[2025-08-21T18:28:56.996+0000][1692535][info ][safepoint   ] Safepoint "Cleanup", Time since last: 1000264594 ns, Reaching safepoint: 4908 ns, Cleanup: 14852 ns, At safepoint: 2404 ns, Total: 22164 ns
[2025-08-21T18:28:58.002+0000][1692535][info ][safepoint   ] Safepoint "Cleanup", Time since last: 1000094738 ns, Reaching safepoint: 6308967 ns, Cleanup: 29744 ns, At safepoint: 3366 ns, Total: 6342077 ns
[2025-08-21T18:28:59.003+0000][1692535][info ][safepoint   ] Safepoint "Cleanup", Time since last: 1000097652 ns, Reaching safepoint: 5979 ns, Cleanup: 10055 ns, At safepoint: 2554 ns, Total: 18588 ns
[2025-08-21T18:29:03.005+0000][1692535][info ][safepoint   ] Safepoint "Cleanup", Time since last: 4001988782 ns, Reaching safepoint: 35083 ns, Cleanup: 9354 ns, At safepoint: 2554 ns, Total: 46991 ns
[2025-08-21T18:29:03.456+0000][1692535][info ][gc,start    ] GC(385) Pause Young (Concurrent Start) (G1 Evacuation Pause)
[2025-08-21T18:29:03.456+0000][1692535][info ][gc,task     ] GC(385) Using 1 workers of 1 for evacuation
[2025-08-21T18:29:03.456+0000][1692535][debug][gc,age      ] GC(385) Desired survivor size 20971520 bytes, new threshold 15 (max threshold 15)
[2025-08-21T18:29:03.467+0000][1692535][info ][gc,phases   ] GC(385)   Pre Evacuate Collection Set: 0.1ms
[2025-08-21T18:29:03.467+0000][1692535][info ][gc,phases   ] GC(385)   Merge Heap Roots: 0.0ms
[2025-08-21T18:29:03.467+0000][1692535][info ][gc,phases   ] GC(385)   Evacuate Collection Set: 10.7ms
[2025-08-21T18:29:03.467+0000][1692535][info ][gc,phases   ] GC(385)   Post Evacuate Collection Set: 0.8ms
[2025-08-21T18:29:03.468+0000][1692535][info ][gc,phases   ] GC(385)   Other: 0.1ms
[2025-08-21T18:29:03.468+0000][1692535][trace][gc,age      ] GC(385) Age table with threshold 15 (max threshold 15)
[2025-08-21T18:29:03.468+0000][1692535][trace][gc,age      ] GC(385) - age   1:   29140384 bytes,   29140384 total
[2025-08-21T18:29:03.468+0000][1692535][trace][gc,age      ] GC(385) - age   2:     443544 bytes,   29583928 total
[2025-08-21T18:29:03.468+0000][1692535][info ][gc,heap     ] GC(385) Eden regions: 73->0(64)
[2025-08-21T18:29:03.468+0000][1692535][info ][gc,heap     ] GC(385) Survivor regions: 1->8(10)
[2025-08-21T18:29:03.468+0000][1692535][info ][gc,heap     ] GC(385) Old regions: 34->34
[2025-08-21T18:29:03.468+0000][1692535][info ][gc,heap     ] GC(385) Humongous regions: 0->0
[2025-08-21T18:29:03.468+0000][1692535][info ][gc,metaspace] GC(385) Metaspace: 138051K(143808K)->138051K(143808K) NonClass: 119830K(123328K)->119830K(123328K) Class: 18220K(20480K)->18220K(20480K)
[2025-08-21T18:29:03.468+0000][1692535][info ][gc          ] GC(385) Pause Young (Concurrent Start) (G1 Evacuation Pause) 428M->163M(512M) 11.795ms
[2025-08-21T18:29:03.468+0000][1692535][info ][gc,cpu      ] GC(385) User=0.01s Sys=0.00s Real=0.01s
[2025-08-21T18:29:03.468+0000][1692535][info ][safepoint   ] Safepoint "G1CollectForAllocation", Time since last: 451184014 ns, Reaching safepoint: 5478 ns, Cleanup: 3135 ns, At safepoint: 11850054 ns, Total: 11858667 ns
[2025-08-21T18:29:03.471+0000][1692535][info ][gc          ] GC(386) Concurrent Mark Cycle
[2025-08-21T18:29:03.472+0000][1692535][info ][gc,marking  ] GC(386) Concurrent Scan Root Regions
[2025-08-21T18:29:03.473+0000][1692535][info ][gc,marking  ] GC(386) Concurrent Scan Root Regions 0.993ms
[2025-08-21T18:29:03.473+0000][1692535][info ][gc,marking  ] GC(386) Concurrent Mark
[2025-08-21T18:29:03.473+0000][1692535][info ][gc,marking  ] GC(386) Concurrent Mark From Roots
[2025-08-21T18:29:03.473+0000][1692535][info ][gc,task     ] GC(386) Using 1 workers of 1 for marking
[2025-08-21T18:29:03.581+0000][1692535][info ][gc,marking  ] GC(386) Concurrent Mark From Roots 108.221ms
[2025-08-21T18:29:03.582+0000][1692535][info ][gc,marking  ] GC(386) Concurrent Preclean
[2025-08-21T18:29:03.582+0000][1692535][info ][gc,marking  ] GC(386) Concurrent Preclean 0.249ms
[2025-08-21T18:29:03.582+0000][1692535][info ][gc,start    ] GC(386) Pause Remark
[2025-08-21T18:29:03.594+0000][1692535][info ][gc          ] GC(386) Pause Remark 168M->148M(512M) 11.866ms
[2025-08-21T18:29:03.594+0000][1692535][info ][gc,cpu      ] GC(386) User=0.01s Sys=0.00s Real=0.01s
[2025-08-21T18:29:03.594+0000][1692535][info ][safepoint   ] Safepoint "G1PauseRemark", Time since last: 114488341 ns, Reaching safepoint: 5148 ns, Cleanup: 2484 ns, At safepoint: 11913610 ns, Total: 11921242 ns
[2025-08-21T18:29:03.594+0000][1692535][info ][gc,marking  ] GC(386) Concurrent Mark 120.950ms
[2025-08-21T18:29:03.594+0000][1692535][info ][gc,marking  ] GC(386) Concurrent Rebuild Remembered Sets and Scrub Regions
[2025-08-21T18:29:03.634+0000][1692535][info ][gc,marking  ] GC(386) Concurrent Rebuild Remembered Sets and Scrub Regions 40.211ms
[2025-08-21T18:29:03.635+0000][1692535][info ][gc,start    ] GC(386) Pause Cleanup
[2025-08-21T18:29:03.635+0000][1692535][info ][gc          ] GC(386) Pause Cleanup 150M->150M(512M) 0.413ms
[2025-08-21T18:29:03.636+0000][1692535][info ][gc,cpu      ] GC(386) User=0.00s Sys=0.00s Real=0.01s
[2025-08-21T18:29:03.636+0000][1692535][info ][safepoint   ] Safepoint "G1PauseCleanup", Time since last: 40979911 ns, Reaching safepoint: 4436 ns, Cleanup: 8573 ns, At safepoint: 594378 ns, Total: 607387 ns
[2025-08-21T18:29:03.636+0000][1692535][info ][gc,marking  ] GC(386) Concurrent Clear Claimed Marks
[2025-08-21T18:29:03.636+0000][1692535][info ][gc,marking  ] GC(386) Concurrent Clear Claimed Marks 0.168ms
[2025-08-21T18:29:03.636+0000][1692535][info ][gc,marking  ] GC(386) Concurrent Cleanup for Next Mark
[2025-08-21T18:29:03.636+0000][1692535][info ][gc,marking  ] GC(386) Concurrent Cleanup for Next Mark 0.252ms
[2025-08-21T18:29:03.636+0000][1692535][info ][gc          ] GC(386) Concurrent Mark Cycle 164.601ms
[2025-08-21T18:29:04.644+0000][1692535][info ][safepoint   ] Safepoint "Cleanup", Time since last: 1000071493 ns, Reaching safepoint: 8442679 ns, Cleanup: 13490 ns, At safepoint: 3555 ns, Total: 8459724 ns
[2025-08-21T18:29:06.985+0000][1692535][info ][safepoint   ] Safepoint "Cleanup", Time since last: 2000153752 ns, Reaching safepoint: 340348608 ns, Cleanup: 13270 ns, At safepoint: 11708 ns, Total: 340373586 ns
[2025-08-21T18:29:07.211+0000][1692535][info ][gc,start    ] GC(387) Pause Young (Prepare Mixed) (G1 Evacuation Pause)
[2025-08-21T18:29:07.211+0000][1692535][info ][gc,task     ] GC(387) Using 1 workers of 1 for evacuation
[2025-08-21T18:29:07.211+0000][1692535][debug][gc,age      ] GC(387) Desired survivor size 18874368 bytes, new threshold 1 (max threshold 15)
[2025-08-21T18:29:07.381+0000][1692535][info ][gc,phases   ] GC(387)   Pre Evacuate Collection Set: 0.1ms
[2025-08-21T18:29:07.381+0000][1692535][info ][gc,phases   ] GC(387)   Merge Heap Roots: 0.0ms
[2025-08-21T18:29:07.381+0000][1692535][info ][gc,phases   ] GC(387)   Evacuate Collection Set: 169.2ms
[2025-08-21T18:29:07.381+0000][1692535][info ][gc,phases   ] GC(387)   Post Evacuate Collection Set: 0.9ms
[2025-08-21T18:29:07.381+0000][1692535][info ][gc,phases   ] GC(387)   Other: 0.0ms
[2025-08-21T18:29:07.381+0000][1692535][trace][gc,age      ] GC(387) Age table with threshold 1 (max threshold 15)
[2025-08-21T18:29:07.381+0000][1692535][trace][gc,age      ] GC(387) - age   1:   37263016 bytes,   37263016 total
[2025-08-21T18:29:07.381+0000][1692535][info ][gc,heap     ] GC(387) Eden regions: 64->0(24)
[2025-08-21T18:29:07.381+0000][1692535][info ][gc,heap     ] GC(387) Survivor regions: 8->9(9)
[2025-08-21T18:29:07.381+0000][1692535][info ][gc,heap     ] GC(387) Old regions: 29->43
[2025-08-21T18:29:07.381+0000][1692535][info ][gc,heap     ] GC(387) Humongous regions: 0->0
[2025-08-21T18:29:07.381+0000][1692535][info ][gc,metaspace] GC(387) Metaspace: 138051K(143808K)->138051K(143808K) NonClass: 119830K(123328K)->119830K(123328K) Class: 18220K(20480K)->18220K(20480K)
[2025-08-21T18:29:07.381+0000][1692535][info ][gc          ] GC(387) Pause Young (Prepare Mixed) (G1 Evacuation Pause) 399M->207M(512M) 170.479ms
[2025-08-21T18:29:07.381+0000][1692535][info ][gc,cpu      ] GC(387) User=0.02s Sys=0.04s Real=0.17s
[2025-08-21T18:29:07.381+0000][1692535][info ][safepoint   ] Safepoint "G1CollectForAllocation", Time since last: 226060539 ns, Reaching safepoint: 5439 ns, Cleanup: 11847 ns, At safepoint: 170530567 ns, Total: 170547853 ns
[2025-08-21T18:31:25.356+0000][1692535][info ][safepoint   ] Safepoint "Cleanup", Time since last: 137938545208 ns, Reaching safepoint: 36087253 ns, Cleanup: 19470 ns, At safepoint: 5398 ns, Total: 36112121 ns
[2025-08-21T18:31:26.904+0000][1692535][info ][gc,start    ] GC(388) Pause Young (Mixed) (G1 Evacuation Pause)
[2025-08-21T18:31:26.904+0000][1692535][info ][gc,task     ] GC(388) Using 1 workers of 1 for evacuation
[2025-08-21T18:31:26.904+0000][1692535][debug][gc,age      ] GC(388) Desired survivor size 10485760 bytes, new threshold 1 (max threshold 15)
[2025-08-21T18:31:26.913+0000][1692535][info ][gc,phases   ] GC(388)   Pre Evacuate Collection Set: 0.1ms
[2025-08-21T18:31:26.913+0000][1692535][info ][gc,phases   ] GC(388)   Merge Heap Roots: 0.0ms
[2025-08-21T18:31:26.913+0000][1692535][info ][gc,phases   ] GC(388)   Evacuate Collection Set: 6.7ms
[2025-08-21T18:31:26.913+0000][1692535][info ][gc,phases   ] GC(388)   Post Evacuate Collection Set: 1.8ms
[2025-08-21T18:31:26.913+0000][1692535][info ][gc,phases   ] GC(388)   Other: 0.4ms
[2025-08-21T18:31:26.913+0000][1692535][trace][gc,age      ] GC(388) Age table with threshold 1 (max threshold 15)
[2025-08-21T18:31:26.913+0000][1692535][trace][gc,age      ] GC(388) - age   1:     670632 bytes,     670632 total
[2025-08-21T18:31:26.913+0000][1692535][info ][gc,heap     ] GC(388) Eden regions: 24->0(53)
[2025-08-21T18:31:26.913+0000][1692535][info ][gc,heap     ] GC(388) Survivor regions: 9->1(5)
[2025-08-21T18:31:26.913+0000][1692535][info ][gc,heap     ] GC(388) Old regions: 43->47
[2025-08-21T18:31:26.913+0000][1692535][info ][gc,heap     ] GC(388) Humongous regions: 0->0
[2025-08-21T18:31:26.913+0000][1692535][info ][gc,metaspace] GC(388) Metaspace: 138053K(143808K)->138053K(143808K) NonClass: 119832K(123328K)->119832K(123328K) Class: 18220K(20480K)->18220K(20480K)
[2025-08-21T18:31:26.913+0000][1692535][info ][gc          ] GC(388) Pause Young (Mixed) (G1 Evacuation Pause) 303M->188M(512M) 9.057ms
[2025-08-21T18:31:26.913+0000][1692535][info ][gc,cpu      ] GC(388) User=0.00s Sys=0.00s Real=0.01s
[2025-08-21T18:31:26.913+0000][1692535][info ][safepoint   ] Safepoint "G1CollectForAllocation", Time since last: 1547678118 ns, Reaching safepoint: 5278 ns, Cleanup: 6369 ns, At safepoint: 9100642 ns, Total: 9112289 ns
[2025-08-21T18:31:27.311+0000][1692535][info ][gc,start    ] GC(389) Pause Young (Concurrent Start) (G1 Evacuation Pause)
[2025-08-21T18:31:27.311+0000][1692535][info ][gc,task     ] GC(389) Using 1 workers of 1 for evacuation
[2025-08-21T18:31:27.311+0000][1692535][debug][gc,age      ] GC(389) Desired survivor size 14680064 bytes, new threshold 15 (max threshold 15)
[2025-08-21T18:31:27.318+0000][1692535][info ][gc,phases   ] GC(389)   Pre Evacuate Collection Set: 0.8ms
[2025-08-21T18:31:27.318+0000][1692535][info ][gc,phases   ] GC(389)   Merge Heap Roots: 0.0ms
[2025-08-21T18:31:27.318+0000][1692535][info ][gc,phases   ] GC(389)   Evacuate Collection Set: 5.7ms
[2025-08-21T18:31:27.318+0000][1692535][info ][gc,phases   ] GC(389)   Post Evacuate Collection Set: 0.8ms
[2025-08-21T18:31:27.318+0000][1692535][info ][gc,phases   ] GC(389)   Other: 0.0ms
[2025-08-21T18:31:27.318+0000][1692535][trace][gc,age      ] GC(389) Age table with threshold 15 (max threshold 15)
[2025-08-21T18:31:27.318+0000][1692535][trace][gc,age      ] GC(389) - age   1:    4577256 bytes,    4577256 total
[2025-08-21T18:31:27.318+0000][1692535][trace][gc,age      ] GC(389) - age   2:       9440 bytes,    4586696 total
[2025-08-21T18:31:27.318+0000][1692535][info ][gc,heap     ] GC(389) Eden regions: 53->0(57)
[2025-08-21T18:31:27.318+0000][1692535][info ][gc,heap     ] GC(389) Survivor regions: 1->2(7)
[2025-08-21T18:31:27.318+0000][1692535][info ][gc,heap     ] GC(389) Old regions: 47->47
[2025-08-21T18:31:27.318+0000][1692535][info ][gc,heap     ] GC(389) Humongous regions: 0->0
[2025-08-21T18:31:27.318+0000][1692535][info ][gc,metaspace] GC(389) Metaspace: 138062K(143808K)->138062K(143808K) NonClass: 119841K(123328K)->119841K(123328K) Class: 18220K(20480K)->18220K(20480K)
[2025-08-21T18:31:27.318+0000][1692535][info ][gc          ] GC(389) Pause Young (Concurrent Start) (G1 Evacuation Pause) 400M->190M(512M) 7.439ms
[2025-08-21T18:31:27.318+0000][1692535][info ][gc,cpu      ] GC(389) User=0.00s Sys=0.00s Real=0.01s
[2025-08-21T18:31:27.318+0000][1692535][info ][safepoint   ] Safepoint "G1CollectForAllocation", Time since last: 398164553 ns, Reaching safepoint: 5378 ns, Cleanup: 34712 ns, At safepoint: 7488729 ns, Total: 7528819 ns
[2025-08-21T18:31:27.322+0000][1692535][info ][gc          ] GC(390) Concurrent Mark Cycle
[2025-08-21T18:31:27.323+0000][1692535][info ][gc,marking  ] GC(390) Concurrent Scan Root Regions
[2025-08-21T18:31:27.329+0000][1692535][info ][gc,marking  ] GC(390) Concurrent Scan Root Regions 6.368ms
[2025-08-21T18:31:27.329+0000][1692535][info ][gc,marking  ] GC(390) Concurrent Mark
[2025-08-21T18:31:27.329+0000][1692535][info ][gc,marking  ] GC(390) Concurrent Mark From Roots
[2025-08-21T18:31:27.329+0000][1692535][info ][gc,task     ] GC(390) Using 1 workers of 1 for marking
[2025-08-21T18:31:27.583+0000][1692535][info ][gc,marking  ] GC(390) Concurrent Mark From Roots 254.080ms
[2025-08-21T18:31:27.583+0000][1692535][info ][gc,marking  ] GC(390) Concurrent Preclean
[2025-08-21T18:31:27.584+0000][1692535][info ][gc,marking  ] GC(390) Concurrent Preclean 0.319ms
[2025-08-21T18:31:27.584+0000][1692535][info ][gc,start    ] GC(390) Pause Remark
[2025-08-21T18:31:27.593+0000][1692535][info ][gc          ] GC(390) Pause Remark 311M->221M(512M) 9.425ms
[2025-08-21T18:31:27.593+0000][1692535][info ][gc,cpu      ] GC(390) User=0.00s Sys=0.00s Real=0.01s
[2025-08-21T18:31:27.593+0000][1692535][info ][safepoint   ] Safepoint "G1PauseRemark", Time since last: 265305080 ns, Reaching safepoint: 5197 ns, Cleanup: 14282 ns, At safepoint: 9474126 ns, Total: 9493605 ns
[2025-08-21T18:31:27.593+0000][1692535][info ][gc,marking  ] GC(390) Concurrent Mark 264.073ms
[2025-08-21T18:31:27.594+0000][1692535][info ][gc,marking  ] GC(390) Concurrent Rebuild Remembered Sets and Scrub Regions
[2025-08-21T18:31:27.636+0000][1692535][info ][gc,marking  ] GC(390) Concurrent Rebuild Remembered Sets and Scrub Regions 42.872ms
[2025-08-21T18:31:27.637+0000][1692535][info ][gc,start    ] GC(390) Pause Cleanup
[2025-08-21T18:31:27.637+0000][1692535][info ][gc          ] GC(390) Pause Cleanup 221M->221M(512M) 0.361ms
[2025-08-21T18:31:27.637+0000][1692535][info ][gc,cpu      ] GC(390) User=0.00s Sys=0.00s Real=0.00s
[2025-08-21T18:31:27.637+0000][1692535][info ][safepoint   ] Safepoint "G1PauseCleanup", Time since last: 43376720 ns, Reaching safepoint: 4067 ns, Cleanup: 2954 ns, At safepoint: 575179 ns, Total: 582200 ns
[2025-08-21T18:31:27.637+0000][1692535][info ][gc,marking  ] GC(390) Concurrent Clear Claimed Marks
[2025-08-21T18:31:27.637+0000][1692535][info ][gc,marking  ] GC(390) Concurrent Clear Claimed Marks 0.182ms
[2025-08-21T18:31:27.637+0000][1692535][info ][gc,marking  ] GC(390) Concurrent Cleanup for Next Mark
[2025-08-21T18:31:27.638+0000][1692535][info ][gc,marking  ] GC(390) Concurrent Cleanup for Next Mark 0.596ms
[2025-08-21T18:31:27.638+0000][1692535][info ][gc          ] GC(390) Concurrent Mark Cycle 315.564ms
[2025-08-21T18:31:28.637+0000][1692535][info ][safepoint   ] Safepoint "Cleanup", Time since last: 1000075879 ns, Reaching safepoint: 215806 ns, Cleanup: 15844 ns, At safepoint: 2764 ns, Total: 234414 ns
[2025-08-21T18:31:28.890+0000][1692535][info ][gc,start    ] GC(391) Pause Young (Prepare Mixed) (G1 Evacuation Pause)
[2025-08-21T18:31:28.890+0000][1692535][info ][gc,task     ] GC(391) Using 1 workers of 1 for evacuation
[2025-08-21T18:31:28.890+0000][1692535][debug][gc,age      ] GC(391) Desired survivor size 16777216 bytes, new threshold 15 (max threshold 15)
[2025-08-21T18:31:28.897+0000][1692535][info ][gc,phases   ] GC(391)   Pre Evacuate Collection Set: 0.1ms
[2025-08-21T18:31:28.897+0000][1692535][info ][gc,phases   ] GC(391)   Merge Heap Roots: 0.0ms
[2025-08-21T18:31:28.897+0000][1692535][info ][gc,phases   ] GC(391)   Evacuate Collection Set: 5.4ms
[2025-08-21T18:31:28.897+0000][1692535][info ][gc,phases   ] GC(391)   Post Evacuate Collection Set: 0.8ms
[2025-08-21T18:31:28.897+0000][1692535][info ][gc,phases   ] GC(391)   Other: 0.0ms
[2025-08-21T18:31:28.897+0000][1692535][trace][gc,age      ] GC(391) Age table with threshold 15 (max threshold 15)
[2025-08-21T18:31:28.897+0000][1692535][trace][gc,age      ] GC(391) - age   1:    5082424 bytes,    5082424 total
[2025-08-21T18:31:28.897+0000][1692535][trace][gc,age      ] GC(391) - age   2:    4569496 bytes,    9651920 total
[2025-08-21T18:31:28.897+0000][1692535][trace][gc,age      ] GC(391) - age   3:       7088 bytes,    9659008 total
[2025-08-21T18:31:28.897+0000][1692535][info ][gc,heap     ] GC(391) Eden regions: 57->0(73)
[2025-08-21T18:31:28.897+0000][1692535][info ][gc,heap     ] GC(391) Survivor regions: 2->3(8)
[2025-08-21T18:31:28.897+0000][1692535][info ][gc,heap     ] GC(391) Old regions: 24->24
[2025-08-21T18:31:28.897+0000][1692535][info ][gc,heap     ] GC(391) Humongous regions: 0->0
[2025-08-21T18:31:28.897+0000][1692535][info ][gc,metaspace] GC(391) Metaspace: 138064K(143808K)->138064K(143808K) NonClass: 119843K(123328K)->119843K(123328K) Class: 18220K(20480K)->18220K(20480K)
[2025-08-21T18:31:28.897+0000][1692535][info ][gc          ] GC(391) Pause Young (Prepare Mixed) (G1 Evacuation Pause) 328M->105M(512M) 6.568ms
[2025-08-21T18:31:28.897+0000][1692535][info ][gc,cpu      ] GC(391) User=0.00s Sys=0.00s Real=0.01s
[2025-08-21T18:31:28.897+0000][1692535][info ][safepoint   ] Safepoint "G1CollectForAllocation", Time since last: 252568808 ns, Reaching safepoint: 5127 ns, Cleanup: 10126 ns, At safepoint: 6610442 ns, Total: 6625695 ns
[2025-08-21T18:31:29.897+0000][1692535][info ][safepoint   ] Safepoint "Cleanup", Time since last: 1000076701 ns, Reaching safepoint: 5478 ns, Cleanup: 8863 ns, At safepoint: 2594 ns, Total: 16935 ns
[2025-08-21T18:31:30.897+0000][1692535][info ][safepoint   ] Safepoint "Cleanup", Time since last: 1000117292 ns, Reaching safepoint: 5648 ns, Cleanup: 8573 ns, At safepoint: 2815 ns, Total: 17036 ns
[2025-08-21T18:31:31.897+0000][1692535][info ][safepoint   ] Safepoint "Cleanup", Time since last: 1000096761 ns, Reaching safepoint: 5418 ns, Cleanup: 10365 ns, At safepoint: 2294 ns, Total: 18077 ns
[2025-08-21T18:31:33.897+0000][1692535][info ][safepoint   ] Safepoint "Cleanup", Time since last: 2000156045 ns, Reaching safepoint: 273473 ns, Cleanup: 10656 ns, At safepoint: 2814 ns, Total: 286943 ns
[2025-08-21T18:31:35.063+0000][1692535][info ][gc,start    ] GC(392) Pause Young (Mixed) (G1 Evacuation Pause)
[2025-08-21T18:31:35.063+0000][1692535][info ][gc,task     ] GC(392) Using 1 workers of 1 for evacuation
[2025-08-21T18:31:35.063+0000][1692535][debug][gc,age      ] GC(392) Desired survivor size 20971520 bytes, new threshold 15 (max threshold 15)
[2025-08-21T18:31:35.077+0000][1692535][info ][gc,phases   ] GC(392)   Pre Evacuate Collection Set: 0.1ms
[2025-08-21T18:31:35.077+0000][1692535][info ][gc,phases   ] GC(392)   Merge Heap Roots: 0.0ms
[2025-08-21T18:31:35.077+0000][1692535][info ][gc,phases   ] GC(392)   Evacuate Collection Set: 13.4ms
[2025-08-21T18:31:35.077+0000][1692535][info ][gc,phases   ] GC(392)   Post Evacuate Collection Set: 0.9ms
[2025-08-21T18:31:35.077+0000][1692535][info ][gc,phases   ] GC(392)   Other: 0.0ms
[2025-08-21T18:31:35.077+0000][1692535][trace][gc,age      ] GC(392) Age table with threshold 15 (max threshold 15)
[2025-08-21T18:31:35.077+0000][1692535][trace][gc,age      ] GC(392) - age   1:   30802296 bytes,   30802296 total
[2025-08-21T18:31:35.077+0000][1692535][trace][gc,age      ] GC(392) - age   2:        736 bytes,   30803032 total
[2025-08-21T18:31:35.077+0000][1692535][trace][gc,age      ] GC(392) - age   3:     616608 bytes,   31419640 total
[2025-08-21T18:31:35.077+0000][1692535][trace][gc,age      ] GC(392) - age   4:       6376 bytes,   31426016 total
[2025-08-21T18:31:35.077+0000][1692535][info ][gc,heap     ] GC(392) Eden regions: 73->0(68)
[2025-08-21T18:31:35.077+0000][1692535][info ][gc,heap     ] GC(392) Survivor regions: 3->8(10)
[2025-08-21T18:31:35.077+0000][1692535][info ][gc,heap     ] GC(392) Old regions: 24->24
[2025-08-21T18:31:35.077+0000][1692535][info ][gc,heap     ] GC(392) Humongous regions: 0->0
[2025-08-21T18:31:35.077+0000][1692535][info ][gc,metaspace] GC(392) Metaspace: 138065K(143808K)->138065K(143808K) NonClass: 119844K(123328K)->119844K(123328K) Class: 18220K(20480K)->18220K(20480K)
[2025-08-21T18:31:35.077+0000][1692535][info ][gc          ] GC(392) Pause Young (Mixed) (G1 Evacuation Pause) 397M->124M(512M) 14.514ms
[2025-08-21T18:31:35.077+0000][1692535][info ][gc,cpu      ] GC(392) User=0.00s Sys=0.00s Real=0.02s
[2025-08-21T18:31:35.077+0000][1692535][info ][safepoint   ] Safepoint "G1CollectForAllocation", Time since last: 1165403681 ns, Reaching safepoint: 5418 ns, Cleanup: 3395 ns, At safepoint: 14558634 ns, Total: 14567447 ns
[2025-08-21T18:31:36.085+0000][1692535][info ][safepoint   ] Safepoint "Cleanup", Time since last: 1000078874 ns, Reaching safepoint: 7386824 ns, Cleanup: 13330 ns, At safepoint: 2915 ns, Total: 7403069 ns
[2025-08-21T18:31:38.095+0000][1692535][info ][safepoint   ] Safepoint "Cleanup", Time since last: 2000201674 ns, Reaching safepoint: 9480266 ns, Cleanup: 9514 ns, At safepoint: 4827 ns, Total: 9494607 ns
[2025-08-21T18:31:39.095+0000][1692535][info ][safepoint   ] Safepoint "Cleanup", Time since last: 1000101108 ns, Reaching safepoint: 5848 ns, Cleanup: 13901 ns, At safepoint: 2654 ns, Total: 22403 ns
[2025-08-21T18:32:29.437+0000][1692535][info ][gc,start    ] GC(393) Pause Young (Concurrent Start) (G1 Evacuation Pause)
[2025-08-21T18:32:29.437+0000][1692535][info ][gc,task     ] GC(393) Using 1 workers of 1 for evacuation
[2025-08-21T18:32:29.437+0000][1692535][debug][gc,age      ] GC(393) Desired survivor size 20971520 bytes, new threshold 1 (max threshold 15)
[2025-08-21T18:32:29.439+0000][1692535][info ][gc,phases   ] GC(393)   Pre Evacuate Collection Set: 0.1ms
[2025-08-21T18:32:29.439+0000][1692535][info ][gc,phases   ] GC(393)   Merge Heap Roots: 0.0ms
[2025-08-21T18:32:29.439+0000][1692535][info ][gc,phases   ] GC(393)   Evacuate Collection Set: 1.4ms
[2025-08-21T18:32:29.439+0000][1692535][info ][gc,phases   ] GC(393)   Post Evacuate Collection Set: 0.7ms
[2025-08-21T18:32:29.439+0000][1692535][info ][gc,phases   ] GC(393)   Other: 0.0ms
[2025-08-21T18:32:29.439+0000][1692535][trace][gc,age      ] GC(393) Age table with threshold 1 (max threshold 15)
[2025-08-21T18:32:29.439+0000][1692535][trace][gc,age      ] GC(393) - age   1:       8064 bytes,       8064 total
[2025-08-21T18:32:29.439+0000][1692535][info ][gc,heap     ] GC(393) Eden regions: 68->0(75)
[2025-08-21T18:32:29.439+0000][1692535][info ][gc,heap     ] GC(393) Survivor regions: 8->1(10)
[2025-08-21T18:32:29.439+0000][1692535][info ][gc,heap     ] GC(393) Old regions: 24->24
[2025-08-21T18:32:29.439+0000][1692535][info ][gc,heap     ] GC(393) Humongous regions: 0->0
[2025-08-21T18:32:29.440+0000][1692535][info ][gc,metaspace] GC(393) Metaspace: 138070K(143808K)->138070K(143808K) NonClass: 119849K(123328K)->119849K(123328K) Class: 18220K(20480K)->18220K(20480K)
[2025-08-21T18:32:29.440+0000][1692535][info ][gc          ] GC(393) Pause Young (Concurrent Start) (G1 Evacuation Pause) 396M->94M(512M) 2.447ms
[2025-08-21T18:32:29.440+0000][1692535][info ][gc,cpu      ] GC(393) User=0.00s Sys=0.00s Real=0.00s
[2025-08-21T18:32:29.440+0000][1692535][info ][safepoint   ] Safepoint "G1CollectForAllocation", Time since last: 50342333287 ns, Reaching safepoint: 7862 ns, Cleanup: 2644 ns, At safepoint: 2483160 ns, Total: 2493666 ns
[2025-08-21T18:32:29.444+0000][1692535][info ][gc          ] GC(394) Concurrent Mark Cycle
[2025-08-21T18:32:29.444+0000][1692535][info ][gc,marking  ] GC(394) Concurrent Scan Root Regions
[2025-08-21T18:32:29.445+0000][1692535][info ][gc,marking  ] GC(394) Concurrent Scan Root Regions 0.448ms
[2025-08-21T18:32:29.445+0000][1692535][info ][gc,marking  ] GC(394) Concurrent Mark
[2025-08-21T18:32:29.445+0000][1692535][info ][gc,marking  ] GC(394) Concurrent Mark From Roots
[2025-08-21T18:32:29.445+0000][1692535][info ][gc,task     ] GC(394) Using 1 workers of 1 for marking
[2025-08-21T18:32:29.559+0000][1692535][info ][gc,marking  ] GC(394) Concurrent Mark From Roots 113.888ms
[2025-08-21T18:32:29.559+0000][1692535][info ][gc,marking  ] GC(394) Concurrent Preclean
[2025-08-21T18:32:29.559+0000][1692535][info ][gc,marking  ] GC(394) Concurrent Preclean 0.226ms
[2025-08-21T18:32:29.559+0000][1692535][info ][gc,start    ] GC(394) Pause Remark
[2025-08-21T18:32:29.565+0000][1692535][info ][gc          ] GC(394) Pause Remark 94M->90M(512M) 6.292ms
[2025-08-21T18:32:29.565+0000][1692535][info ][gc,cpu      ] GC(394) User=0.00s Sys=0.00s Real=0.01s
[2025-08-21T18:32:29.565+0000][1692535][info ][safepoint   ] Safepoint "G1PauseRemark", Time since last: 119550846 ns, Reaching safepoint: 32138 ns, Cleanup: 2955 ns, At safepoint: 6333704 ns, Total: 6368797 ns
[2025-08-21T18:32:29.566+0000][1692535][info ][gc,marking  ] GC(394) Concurrent Mark 120.676ms
[2025-08-21T18:32:29.566+0000][1692535][info ][gc,marking  ] GC(394) Concurrent Rebuild Remembered Sets and Scrub Regions
[2025-08-21T18:32:29.612+0000][1692535][info ][gc,marking  ] GC(394) Concurrent Rebuild Remembered Sets and Scrub Regions 45.928ms
[2025-08-21T18:32:29.612+0000][1692535][info ][gc,start    ] GC(394) Pause Cleanup
[2025-08-21T18:32:29.612+0000][1692535][info ][gc          ] GC(394) Pause Cleanup 90M->90M(512M) 0.193ms
[2025-08-21T18:32:29.612+0000][1692535][info ][gc,cpu      ] GC(394) User=0.00s Sys=0.00s Real=0.00s
[2025-08-21T18:32:29.612+0000][1692535][info ][safepoint   ] Safepoint "G1PauseCleanup", Time since last: 46361277 ns, Reaching safepoint: 5769 ns, Cleanup: 3916 ns, At safepoint: 529529 ns, Total: 539214 ns
[2025-08-21T18:32:29.612+0000][1692535][info ][gc,marking  ] GC(394) Concurrent Clear Claimed Marks
[2025-08-21T18:32:29.613+0000][1692535][info ][gc,marking  ] GC(394) Concurrent Clear Claimed Marks 0.170ms
[2025-08-21T18:32:29.613+0000][1692535][info ][gc,marking  ] GC(394) Concurrent Cleanup for Next Mark
[2025-08-21T18:32:29.613+0000][1692535][info ][gc,marking  ] GC(394) Concurrent Cleanup for Next Mark 0.426ms
[2025-08-21T18:32:29.613+0000][1692535][info ][gc          ] GC(394) Concurrent Mark Cycle 168.631ms
[2025-08-21T18:44:07.424+0000][1692535][info ][gc,start    ] GC(395) Pause Young (Prepare Mixed) (G1 Evacuation Pause)
[2025-08-21T18:44:07.428+0000][1692535][info ][gc,task     ] GC(395) Using 1 workers of 1 for evacuation
[2025-08-21T18:44:07.428+0000][1692535][debug][gc,age      ] GC(395) Desired survivor size 20971520 bytes, new threshold 15 (max threshold 15)
[2025-08-21T18:44:07.572+0000][1692535][info ][gc,phases   ] GC(395)   Pre Evacuate Collection Set: 4.4ms
[2025-08-21T18:44:07.572+0000][1692535][info ][gc,phases   ] GC(395)   Merge Heap Roots: 1.6ms
[2025-08-21T18:44:07.572+0000][1692535][info ][gc,phases   ] GC(395)   Evacuate Collection Set: 96.5ms
[2025-08-21T18:44:07.572+0000][1692535][info ][gc,phases   ] GC(395)   Post Evacuate Collection Set: 39.5ms
[2025-08-21T18:44:07.572+0000][1692535][info ][gc,phases   ] GC(395)   Other: 1.9ms
[2025-08-21T18:44:07.572+0000][1692535][trace][gc,age      ] GC(395) Age table with threshold 15 (max threshold 15)
[2025-08-21T18:44:07.573+0000][1692535][trace][gc,age      ] GC(395) - age   1:      13880 bytes,      13880 total
[2025-08-21T18:44:07.573+0000][1692535][trace][gc,age      ] GC(395) - age   2:        224 bytes,      14104 total
[2025-08-21T18:44:07.573+0000][1692535][info ][gc,heap     ] GC(395) Eden regions: 75->0(75)
[2025-08-21T18:44:07.573+0000][1692535][info ][gc,heap     ] GC(395) Survivor regions: 1->1(10)
[2025-08-21T18:44:07.573+0000][1692535][info ][gc,heap     ] GC(395) Old regions: 23->23
[2025-08-21T18:44:07.573+0000][1692535][info ][gc,heap     ] GC(395) Humongous regions: 0->0
[2025-08-21T18:44:07.574+0000][1692535][info ][gc,metaspace] GC(395) Metaspace: 138070K(143808K)->138070K(143808K) NonClass: 119849K(123328K)->119849K(123328K) Class: 18220K(20480K)->18220K(20480K)
[2025-08-21T18:44:07.577+0000][1692535][info ][gc          ] GC(395) Pause Young (Prepare Mixed) (G1 Evacuation Pause) 390M->89M(512M) 151.485ms
[2025-08-21T18:44:07.577+0000][1692535][info ][gc,cpu      ] GC(395) User=0.00s Sys=0.02s Real=0.16s
[2025-08-21T18:44:07.577+0000][1692535][info ][safepoint   ] Safepoint "G1CollectForAllocation", Time since last: 697803740477 ns, Reaching safepoint: 1180963 ns, Cleanup: 1801440 ns, At safepoint: 157646602 ns, Total: 160629005 ns
[2025-08-21T18:51:25.616+0000][1692535][info ][safepoint   ] Safepoint "Cleanup", Time since last: 438026551097 ns, Reaching safepoint: 12574067 ns, Cleanup: 15013 ns, At safepoint: 4687 ns, Total: 12593767 ns
[2025-08-21T18:51:26.616+0000][1692535][info ][safepoint   ] Safepoint "Cleanup", Time since last: 1000309902 ns, Reaching safepoint: 5108 ns, Cleanup: 33320 ns, At safepoint: 2524 ns, Total: 40952 ns
[2025-08-21T18:55:33.325+0000][1692535][info ][gc,start    ] GC(396) Pause Young (Mixed) (G1 Evacuation Pause)
[2025-08-21T18:55:33.325+0000][1692535][info ][gc,task     ] GC(396) Using 1 workers of 1 for evacuation
[2025-08-21T18:55:33.325+0000][1692535][debug][gc,age      ] GC(396) Desired survivor size 20971520 bytes, new threshold 15 (max threshold 15)
[2025-08-21T18:55:33.450+0000][1692535][info ][gc,phases   ] GC(396)   Pre Evacuate Collection Set: 0.0ms
[2025-08-21T18:55:33.450+0000][1692535][info ][gc,phases   ] GC(396)   Merge Heap Roots: 0.9ms
[2025-08-21T18:55:33.450+0000][1692535][info ][gc,phases   ] GC(396)   Evacuate Collection Set: 122.9ms
[2025-08-21T18:55:33.450+0000][1692535][info ][gc,phases   ] GC(396)   Post Evacuate Collection Set: 1.2ms
[2025-08-21T18:55:33.450+0000][1692535][info ][gc,phases   ] GC(396)   Other: 0.0ms
[2025-08-21T18:55:33.450+0000][1692535][trace][gc,age      ] GC(396) Age table with threshold 15 (max threshold 15)
[2025-08-21T18:55:33.450+0000][1692535][trace][gc,age      ] GC(396) - age   1:      64568 bytes,      64568 total
[2025-08-21T18:55:33.450+0000][1692535][trace][gc,age      ] GC(396) - age   2:        456 bytes,      65024 total
[2025-08-21T18:55:33.450+0000][1692535][trace][gc,age      ] GC(396) - age   3:         48 bytes,      65072 total
[2025-08-21T18:55:33.450+0000][1692535][info ][gc,heap     ] GC(396) Eden regions: 75->0(52)
[2025-08-21T18:55:33.450+0000][1692535][info ][gc,heap     ] GC(396) Survivor regions: 1->1(10)
[2025-08-21T18:55:33.450+0000][1692535][info ][gc,heap     ] GC(396) Old regions: 23->22
[2025-08-21T18:55:33.450+0000][1692535][info ][gc,heap     ] GC(396) Humongous regions: 0->0
[2025-08-21T18:55:33.450+0000][1692535][info ][gc,metaspace] GC(396) Metaspace: 138095K(143808K)->138095K(143808K) NonClass: 119874K(123328K)->119874K(123328K) Class: 18221K(20480K)->18221K(20480K)
[2025-08-21T18:55:33.450+0000][1692535][info ][gc          ] GC(396) Pause Young (Mixed) (G1 Evacuation Pause) 389M->86M(512M) 125.529ms
[2025-08-21T18:55:33.450+0000][1692535][info ][gc,cpu      ] GC(396) User=0.01s Sys=0.02s Real=0.13s
[2025-08-21T18:55:33.450+0000][1692535][info ][safepoint   ] Safepoint "G1CollectForAllocation", Time since last: 246708521493 ns, Reaching safepoint: 7711 ns, Cleanup: 3095 ns, At safepoint: 125581543 ns, Total: 125592349 ns
[2025-08-21T19:06:35.021+0000][1692535][info ][gc,start    ] GC(397) Pause Young (Concurrent Start) (G1 Evacuation Pause)
[2025-08-21T19:06:35.022+0000][1692535][info ][gc,task     ] GC(397) Using 1 workers of 1 for evacuation
[2025-08-21T19:06:35.022+0000][1692535][debug][gc,age      ] GC(397) Desired survivor size 18874368 bytes, new threshold 15 (max threshold 15)
[2025-08-21T19:06:35.031+0000][1692535][info ][gc,phases   ] GC(397)   Pre Evacuate Collection Set: 0.0ms
[2025-08-21T19:06:35.031+0000][1692535][info ][gc,phases   ] GC(397)   Merge Heap Roots: 0.0ms
[2025-08-21T19:06:35.031+0000][1692535][info ][gc,phases   ] GC(397)   Evacuate Collection Set: 8.6ms
[2025-08-21T19:06:35.031+0000][1692535][info ][gc,phases   ] GC(397)   Post Evacuate Collection Set: 0.8ms
[2025-08-21T19:06:35.031+0000][1692535][info ][gc,phases   ] GC(397)   Other: 0.1ms
[2025-08-21T19:06:35.031+0000][1692535][trace][gc,age      ] GC(397) Age table with threshold 15 (max threshold 15)
[2025-08-21T19:06:35.031+0000][1692535][trace][gc,age      ] GC(397) - age   1:     153104 bytes,     153104 total
[2025-08-21T19:06:35.031+0000][1692535][trace][gc,age      ] GC(397) - age   2:      51512 bytes,     204616 total
[2025-08-21T19:06:35.031+0000][1692535][trace][gc,age      ] GC(397) - age   3:        280 bytes,     204896 total
[2025-08-21T19:06:35.031+0000][1692535][trace][gc,age      ] GC(397) - age   4:         48 bytes,     204944 total
[2025-08-21T19:06:35.031+0000][1692535][info ][gc,heap     ] GC(397) Eden regions: 71->0(75)
[2025-08-21T19:06:35.031+0000][1692535][info ][gc,heap     ] GC(397) Survivor regions: 1->1(9)
[2025-08-21T19:06:35.031+0000][1692535][info ][gc,heap     ] GC(397) Old regions: 22->22
[2025-08-21T19:06:35.031+0000][1692535][info ][gc,heap     ] GC(397) Humongous regions: 0->0
[2025-08-21T19:06:35.031+0000][1692535][info ][gc,metaspace] GC(397) Metaspace: 138097K(143808K)->138097K(143808K) NonClass: 119875K(123328K)->119875K(123328K) Class: 18221K(20480K)->18221K(20480K)
[2025-08-21T19:06:35.031+0000][1692535][info ][gc          ] GC(397) Pause Young (Concurrent Start) (G1 Evacuation Pause) 370M->86M(512M) 9.980ms
[2025-08-21T19:06:35.031+0000][1692535][info ][gc,cpu      ] GC(397) User=0.01s Sys=0.00s Real=0.01s
[2025-08-21T19:06:35.031+0000][1692535][info ][safepoint   ] Safepoint "G1CollectForAllocation", Time since last: 661570851289 ns, Reaching safepoint: 133672 ns, Cleanup: 5658 ns, At safepoint: 10016656 ns, Total: 10155986 ns
[2025-08-21T19:06:35.037+0000][1692535][info ][gc          ] GC(398) Concurrent Mark Cycle
[2025-08-21T19:06:35.037+0000][1692535][info ][gc,marking  ] GC(398) Concurrent Scan Root Regions
[2025-08-21T19:06:35.043+0000][1692535][info ][gc,marking  ] GC(398) Concurrent Scan Root Regions 6.427ms
[2025-08-21T19:06:35.043+0000][1692535][info ][gc,marking  ] GC(398) Concurrent Mark
[2025-08-21T19:06:35.043+0000][1692535][info ][gc,marking  ] GC(398) Concurrent Mark From Roots
[2025-08-21T19:06:35.043+0000][1692535][info ][gc,task     ] GC(398) Using 1 workers of 1 for marking
[2025-08-21T19:06:35.279+0000][1692535][info ][gc,marking  ] GC(398) Concurrent Mark From Roots 235.942ms
[2025-08-21T19:06:35.279+0000][1692535][info ][gc,marking  ] GC(398) Concurrent Preclean
[2025-08-21T19:06:35.279+0000][1692535][info ][gc,marking  ] GC(398) Concurrent Preclean 0.296ms
[2025-08-21T19:06:35.291+0000][1692535][info ][gc,start    ] GC(398) Pause Remark
[2025-08-21T19:06:35.336+0000][1692535][info ][gc          ] GC(398) Pause Remark 96M->96M(512M) 45.383ms
[2025-08-21T19:06:35.336+0000][1692535][info ][gc,cpu      ] GC(398) User=0.01s Sys=0.01s Real=0.05s
[2025-08-21T19:06:35.336+0000][1692535][info ][safepoint   ] Safepoint "G1PauseRemark", Time since last: 250021531 ns, Reaching safepoint: 9477962 ns, Cleanup: 3175 ns, At safepoint: 45438483 ns, Total: 54919620 ns
[2025-08-21T19:06:35.336+0000][1692535][info ][gc,marking  ] GC(398) Concurrent Mark 293.225ms
[2025-08-21T19:06:35.336+0000][1692535][info ][gc,marking  ] GC(398) Concurrent Rebuild Remembered Sets and Scrub Regions
[2025-08-21T19:06:35.384+0000][1692535][info ][gc,marking  ] GC(398) Concurrent Rebuild Remembered Sets and Scrub Regions 47.686ms
[2025-08-21T19:06:35.421+0000][1692535][info ][gc,start    ] GC(398) Pause Cleanup
[2025-08-21T19:06:35.421+0000][1692535][info ][gc          ] GC(398) Pause Cleanup 113M->113M(512M) 0.054ms
[2025-08-21T19:06:35.421+0000][1692535][info ][gc,cpu      ] GC(398) User=0.00s Sys=0.00s Real=0.00s
[2025-08-21T19:06:35.421+0000][1692535][info ][safepoint   ] Safepoint "G1PauseCleanup", Time since last: 47779840 ns, Reaching safepoint: 36820410 ns, Cleanup: 4226 ns, At safepoint: 85009 ns, Total: 36909645 ns
[2025-08-21T19:06:35.421+0000][1692535][info ][gc,marking  ] GC(398) Concurrent Clear Claimed Marks
[2025-08-21T19:06:35.421+0000][1692535][info ][gc,marking  ] GC(398) Concurrent Clear Claimed Marks 0.173ms
[2025-08-21T19:06:35.421+0000][1692535][info ][gc,marking  ] GC(398) Concurrent Cleanup for Next Mark
[2025-08-21T19:06:35.443+0000][1692535][info ][gc,marking  ] GC(398) Concurrent Cleanup for Next Mark 22.086ms
[2025-08-21T19:06:35.444+0000][1692535][info ][gc          ] GC(398) Concurrent Mark Cycle 406.902ms
[2025-08-21T19:06:36.421+0000][1692535][info ][safepoint   ] Safepoint "Cleanup", Time since last: 1000071773 ns, Reaching safepoint: 5598 ns, Cleanup: 36015 ns, At safepoint: 2373 ns, Total: 43986 ns
[2025-08-21T19:06:49.076+0000][1692535][info ][safepoint   ] Safepoint "Cleanup", Time since last: 12655168756 ns, Reaching safepoint: 6380 ns, Cleanup: 10255 ns, At safepoint: 3065 ns, Total: 19700 ns
[2025-08-21T19:07:02.077+0000][1692535][info ][safepoint   ] Safepoint "Cleanup", Time since last: 13000786791 ns, Reaching safepoint: 386684 ns, Cleanup: 9484 ns, At safepoint: 7581 ns, Total: 403749 ns
[2025-08-21T19:07:35.080+0000][1692535][info ][safepoint   ] Safepoint "Cleanup", Time since last: 33002071599 ns, Reaching safepoint: 70246 ns, Cleanup: 13140 ns, At safepoint: 2594 ns, Total: 85980 ns
[2025-08-21T19:07:36.080+0000][1692535][info ][safepoint   ] Safepoint "Cleanup", Time since last: 1000106255 ns, Reaching safepoint: 39149 ns, Cleanup: 10996 ns, At safepoint: 4788 ns, Total: 54933 ns
[2025-08-21T19:08:40.084+0000][1692535][info ][safepoint   ] Safepoint "Cleanup", Time since last: 64003776443 ns, Reaching safepoint: 452693 ns, Cleanup: 14462 ns, At safepoint: 2894 ns, Total: 470049 ns
[2025-08-21T19:08:40.493+0000][1692535][info ][gc,start    ] GC(399) Pause Young (Normal) (G1 Evacuation Pause)
[2025-08-21T19:08:40.493+0000][1692535][info ][gc,task     ] GC(399) Using 1 workers of 1 for evacuation
[2025-08-21T19:08:40.493+0000][1692535][debug][gc,age      ] GC(399) Desired survivor size 20971520 bytes, new threshold 15 (max threshold 15)
[2025-08-21T19:08:40.507+0000][1692535][info ][gc,phases   ] GC(399)   Pre Evacuate Collection Set: 0.0ms
[2025-08-21T19:08:40.507+0000][1692535][info ][gc,phases   ] GC(399)   Merge Heap Roots: 0.0ms
[2025-08-21T19:08:40.507+0000][1692535][info ][gc,phases   ] GC(399)   Evacuate Collection Set: 12.9ms
[2025-08-21T19:08:40.507+0000][1692535][info ][gc,phases   ] GC(399)   Post Evacuate Collection Set: 0.9ms
[2025-08-21T19:08:40.507+0000][1692535][info ][gc,phases   ] GC(399)   Other: 0.0ms
[2025-08-21T19:08:40.507+0000][1692535][trace][gc,age      ] GC(399) Age table with threshold 15 (max threshold 15)
[2025-08-21T19:08:40.507+0000][1692535][trace][gc,age      ] GC(399) - age   1:    4425128 bytes,    4425128 total
[2025-08-21T19:08:40.507+0000][1692535][trace][gc,age      ] GC(399) - age   2:       3408 bytes,    4428536 total
[2025-08-21T19:08:40.507+0000][1692535][trace][gc,age      ] GC(399) - age   3:      51192 bytes,    4479728 total
[2025-08-21T19:08:40.507+0000][1692535][trace][gc,age      ] GC(399) - age   4:        208 bytes,    4479936 total
[2025-08-21T19:08:40.507+0000][1692535][trace][gc,age      ] GC(399) - age   5:         16 bytes,    4479952 total
[2025-08-21T19:08:40.507+0000][1692535][info ][gc,heap     ] GC(399) Eden regions: 75->0(74)
[2025-08-21T19:08:40.507+0000][1692535][info ][gc,heap     ] GC(399) Survivor regions: 1->2(10)
[2025-08-21T19:08:40.507+0000][1692535][info ][gc,heap     ] GC(399) Old regions: 22->22
[2025-08-21T19:08:40.507+0000][1692535][info ][gc,heap     ] GC(399) Humongous regions: 0->0
[2025-08-21T19:08:40.507+0000][1692535][info ][gc,metaspace] GC(399) Metaspace: 138160K(143808K)->138160K(143808K) NonClass: 119920K(123328K)->119920K(123328K) Class: 18239K(20480K)->18239K(20480K)
[2025-08-21T19:08:40.507+0000][1692535][info ][gc          ] GC(399) Pause Young (Normal) (G1 Evacuation Pause) 386M->90M(512M) 13.991ms
[2025-08-21T19:08:40.507+0000][1692535][info ][gc,cpu      ] GC(399) User=0.00s Sys=0.00s Real=0.02s
[2025-08-21T19:08:40.507+0000][1692535][info ][safepoint   ] Safepoint "G1CollectForAllocation", Time since last: 408582003 ns, Reaching safepoint: 4617 ns, Cleanup: 16205 ns, At safepoint: 14035153 ns, Total: 14055975 ns
[2025-08-21T19:08:41.524+0000][1692535][info ][safepoint   ] Safepoint "Cleanup", Time since last: 1000066576 ns, Reaching safepoint: 16882453 ns, Cleanup: 8493 ns, At safepoint: 3375 ns, Total: 16894321 ns
[2025-08-21T19:08:42.526+0000][1692535][info ][safepoint   ] Safepoint "Cleanup", Time since last: 1000688414 ns, Reaching safepoint: 2149616 ns, Cleanup: 4257 ns, At safepoint: 2604 ns, Total: 2156477 ns
[2025-08-21T19:08:43.527+0000][1692535][info ][safepoint   ] Safepoint "Cleanup", Time since last: 1000081327 ns, Reaching safepoint: 5398 ns, Cleanup: 12369 ns, At safepoint: 2654 ns, Total: 20421 ns
[2025-08-21T19:08:44.261+0000][1692535][info ][gc,start    ] GC(400) Pause Young (Concurrent Start) (G1 Evacuation Pause)
[2025-08-21T19:08:44.261+0000][1692535][info ][gc,task     ] GC(400) Using 1 workers of 1 for evacuation
[2025-08-21T19:08:44.261+0000][1692535][debug][gc,age      ] GC(400) Desired survivor size 20971520 bytes, new threshold 15 (max threshold 15)
[2025-08-21T19:08:44.265+0000][1692535][info ][gc,phases   ] GC(400)   Pre Evacuate Collection Set: 0.0ms
[2025-08-21T19:08:44.265+0000][1692535][info ][gc,phases   ] GC(400)   Merge Heap Roots: 0.0ms
[2025-08-21T19:08:44.265+0000][1692535][info ][gc,phases   ] GC(400)   Evacuate Collection Set: 2.5ms
[2025-08-21T19:08:44.265+0000][1692535][info ][gc,phases   ] GC(400)   Post Evacuate Collection Set: 0.9ms
[2025-08-21T19:08:44.265+0000][1692535][info ][gc,phases   ] GC(400)   Other: 0.0ms
[2025-08-21T19:08:44.265+0000][1692535][trace][gc,age      ] GC(400) Age table with threshold 15 (max threshold 15)
[2025-08-21T19:08:44.265+0000][1692535][trace][gc,age      ] GC(400) - age   1:    6839168 bytes,    6839168 total
[2025-08-21T19:08:44.265+0000][1692535][trace][gc,age      ] GC(400) - age   2:     588992 bytes,    7428160 total
[2025-08-21T19:08:44.265+0000][1692535][trace][gc,age      ] GC(400) - age   3:       3408 bytes,    7431568 total
[2025-08-21T19:08:44.265+0000][1692535][trace][gc,age      ] GC(400) - age   4:      51160 bytes,    7482728 total
[2025-08-21T19:08:44.265+0000][1692535][trace][gc,age      ] GC(400) - age   5:        208 bytes,    7482936 total
[2025-08-21T19:08:44.265+0000][1692535][trace][gc,age      ] GC(400) - age   6:         16 bytes,    7482952 total
[2025-08-21T19:08:44.265+0000][1692535][info ][gc,heap     ] GC(400) Eden regions: 74->0(74)
[2025-08-21T19:08:44.265+0000][1692535][info ][gc,heap     ] GC(400) Survivor regions: 2->2(10)
[2025-08-21T19:08:44.265+0000][1692535][info ][gc,heap     ] GC(400) Old regions: 22->22
[2025-08-21T19:08:44.265+0000][1692535][info ][gc,heap     ] GC(400) Humongous regions: 0->0
[2025-08-21T19:08:44.265+0000][1692535][info ][gc,metaspace] GC(400) Metaspace: 138165K(143808K)->138165K(143808K) NonClass: 119926K(123328K)->119926K(123328K) Class: 18239K(20480K)->18239K(20480K)
[2025-08-21T19:08:44.265+0000][1692535][info ][gc          ] GC(400) Pause Young (Concurrent Start) (G1 Evacuation Pause) 386M->93M(512M) 3.668ms
[2025-08-21T19:08:44.265+0000][1692535][info ][gc,cpu      ] GC(400) User=0.00s Sys=0.00s Real=0.00s
[2025-08-21T19:08:44.265+0000][1692535][info ][safepoint   ] Safepoint "G1CollectForAllocation", Time since last: 734315662 ns, Reaching safepoint: 5198 ns, Cleanup: 9154 ns, At safepoint: 3708640 ns, Total: 3722992 ns
[2025-08-21T19:08:44.268+0000][1692535][info ][gc          ] GC(401) Concurrent Mark Cycle
[2025-08-21T19:08:44.268+0000][1692535][info ][gc,marking  ] GC(401) Concurrent Scan Root Regions
[2025-08-21T19:08:44.269+0000][1692535][info ][gc,marking  ] GC(401) Concurrent Scan Root Regions 0.873ms
[2025-08-21T19:08:44.269+0000][1692535][info ][gc,marking  ] GC(401) Concurrent Mark
[2025-08-21T19:08:44.269+0000][1692535][info ][gc,marking  ] GC(401) Concurrent Mark From Roots
[2025-08-21T19:08:44.269+0000][1692535][info ][gc,task     ] GC(401) Using 1 workers of 1 for marking
[2025-08-21T19:08:44.385+0000][1692535][info ][gc,marking  ] GC(401) Concurrent Mark From Roots 115.601ms
[2025-08-21T19:08:44.385+0000][1692535][info ][gc,marking  ] GC(401) Concurrent Preclean
[2025-08-21T19:08:44.385+0000][1692535][info ][gc,marking  ] GC(401) Concurrent Preclean 0.235ms
[2025-08-21T19:08:44.385+0000][1692535][info ][gc,start    ] GC(401) Pause Remark
[2025-08-21T19:08:44.392+0000][1692535][info ][gc          ] GC(401) Pause Remark 96M->96M(512M) 6.763ms
[2025-08-21T19:08:44.392+0000][1692535][info ][gc,cpu      ] GC(401) User=0.01s Sys=0.00s Real=0.01s
[2025-08-21T19:08:44.392+0000][1692535][info ][safepoint   ] Safepoint "G1PauseRemark", Time since last: 120525458 ns, Reaching safepoint: 5288 ns, Cleanup: 2934 ns, At safepoint: 6807850 ns, Total: 6816072 ns
[2025-08-21T19:08:44.392+0000][1692535][info ][gc,marking  ] GC(401) Concurrent Mark 122.851ms
[2025-08-21T19:08:44.392+0000][1692535][info ][gc,marking  ] GC(401) Concurrent Rebuild Remembered Sets and Scrub Regions
[2025-08-21T19:08:44.435+0000][1692535][info ][gc,marking  ] GC(401) Concurrent Rebuild Remembered Sets and Scrub Regions 42.455ms
[2025-08-21T19:08:44.435+0000][1692535][info ][gc,start    ] GC(401) Pause Cleanup
[2025-08-21T19:08:44.435+0000][1692535][info ][gc          ] GC(401) Pause Cleanup 98M->98M(512M) 0.031ms
[2025-08-21T19:08:44.435+0000][1692535][info ][gc,cpu      ] GC(401) User=0.00s Sys=0.00s Real=0.00s
[2025-08-21T19:08:44.435+0000][1692535][info ][safepoint   ] Safepoint "G1PauseCleanup", Time since last: 42640479 ns, Reaching safepoint: 3275 ns, Cleanup: 1662 ns, At safepoint: 55825 ns, Total: 60762 ns
[2025-08-21T19:08:44.435+0000][1692535][info ][gc,marking  ] GC(401) Concurrent Clear Claimed Marks
[2025-08-21T19:08:44.435+0000][1692535][info ][gc,marking  ] GC(401) Concurrent Clear Claimed Marks 0.133ms
[2025-08-21T19:08:44.435+0000][1692535][info ][gc,marking  ] GC(401) Concurrent Cleanup for Next Mark
[2025-08-21T19:08:44.435+0000][1692535][info ][gc,marking  ] GC(401) Concurrent Cleanup for Next Mark 0.247ms
[2025-08-21T19:08:44.435+0000][1692535][info ][gc          ] GC(401) Concurrent Mark Cycle 166.702ms
[2025-08-21T19:08:49.435+0000][1692535][info ][safepoint   ] Safepoint "Cleanup", Time since last: 5000299366 ns, Reaching safepoint: 6129 ns, Cleanup: 22254 ns, At safepoint: 2714 ns, Total: 31097 ns
[2025-08-21T19:09:01.436+0000][1692535][info ][safepoint   ] Safepoint "Cleanup", Time since last: 12000718373 ns, Reaching safepoint: 41212 ns, Cleanup: 10586 ns, At safepoint: 2574 ns, Total: 54372 ns
[2025-08-21T19:09:27.441+0000][1692535][info ][safepoint   ] Safepoint "Cleanup", Time since last: 26004853235 ns, Reaching safepoint: 5378 ns, Cleanup: 27902 ns, At safepoint: 2023 ns, Total: 35303 ns
[2025-08-21T19:12:49.157+0000][1692535][info ][safepoint   ] Safepoint "Cleanup", Time since last: 201701418273 ns, Reaching safepoint: 10656812 ns, Cleanup: 3006109 ns, At safepoint: 4998 ns, Total: 13667919 ns
[2025-08-21T19:12:49.349+0000][1692535][info ][gc,start    ] GC(402) Pause Young (Normal) (G1 Evacuation Pause)
[2025-08-21T19:12:49.350+0000][1692535][info ][gc,task     ] GC(402) Using 1 workers of 1 for evacuation
[2025-08-21T19:12:49.350+0000][1692535][debug][gc,age      ] GC(402) Desired survivor size 20971520 bytes, new threshold 15 (max threshold 15)
[2025-08-21T19:12:49.390+0000][1692535][info ][gc,phases   ] GC(402)   Pre Evacuate Collection Set: 0.9ms
[2025-08-21T19:12:49.390+0000][1692535][info ][gc,phases   ] GC(402)   Merge Heap Roots: 0.8ms
[2025-08-21T19:12:49.390+0000][1692535][info ][gc,phases   ] GC(402)   Evacuate Collection Set: 31.8ms
[2025-08-21T19:12:49.390+0000][1692535][info ][gc,phases   ] GC(402)   Post Evacuate Collection Set: 5.6ms
[2025-08-21T19:12:49.390+0000][1692535][info ][gc,phases   ] GC(402)   Other: 1.0ms
[2025-08-21T19:12:49.390+0000][1692535][trace][gc,age      ] GC(402) Age table with threshold 15 (max threshold 15)
[2025-08-21T19:12:49.390+0000][1692535][trace][gc,age      ] GC(402) - age   1:    1401864 bytes,    1401864 total
[2025-08-21T19:12:49.390+0000][1692535][trace][gc,age      ] GC(402) - age   2:        488 bytes,    1402352 total
[2025-08-21T19:12:49.390+0000][1692535][trace][gc,age      ] GC(402) - age   3:      40584 bytes,    1442936 total
[2025-08-21T19:12:49.390+0000][1692535][trace][gc,age      ] GC(402) - age   4:        712 bytes,    1443648 total
[2025-08-21T19:12:49.390+0000][1692535][trace][gc,age      ] GC(402) - age   5:      19248 bytes,    1462896 total
[2025-08-21T19:12:49.390+0000][1692535][trace][gc,age      ] GC(402) - age   6:        208 bytes,    1463104 total
[2025-08-21T19:12:49.390+0000][1692535][trace][gc,age      ] GC(402) - age   7:         16 bytes,    1463120 total
[2025-08-21T19:12:49.390+0000][1692535][info ][gc,heap     ] GC(402) Eden regions: 74->0(75)
[2025-08-21T19:12:49.390+0000][1692535][info ][gc,heap     ] GC(402) Survivor regions: 2->1(10)
[2025-08-21T19:12:49.390+0000][1692535][info ][gc,heap     ] GC(402) Old regions: 22->22
[2025-08-21T19:12:49.390+0000][1692535][info ][gc,heap     ] GC(402) Humongous regions: 0->0
[2025-08-21T19:12:49.390+0000][1692535][info ][gc,metaspace] GC(402) Metaspace: 138192K(143808K)->138192K(143808K) NonClass: 119950K(123328K)->119950K(123328K) Class: 18242K(20480K)->18242K(20480K)
[2025-08-21T19:12:49.390+0000][1692535][info ][gc          ] GC(402) Pause Young (Normal) (G1 Evacuation Pause) 389M->87M(512M) 41.474ms
[2025-08-21T19:12:49.390+0000][1692535][info ][gc,cpu      ] GC(402) User=0.01s Sys=0.00s Real=0.04s
[2025-08-21T19:12:49.390+0000][1692535][info ][safepoint   ] Safepoint "G1CollectForAllocation", Time since last: 192318347 ns, Reaching safepoint: 131549 ns, Cleanup: 22464 ns, At safepoint: 42079571 ns, Total: 42233584 ns
[2025-08-21T19:12:49.774+0000][1692535][info ][gc,start    ] GC(403) Pause Young (Concurrent Start) (G1 Evacuation Pause)
[2025-08-21T19:12:49.774+0000][1692535][info ][gc,task     ] GC(403) Using 1 workers of 1 for evacuation
[2025-08-21T19:12:49.774+0000][1692535][debug][gc,age      ] GC(403) Desired survivor size 20971520 bytes, new threshold 15 (max threshold 15)
[2025-08-21T19:12:49.825+0000][1692535][info ][gc,phases   ] GC(403)   Pre Evacuate Collection Set: 0.0ms
[2025-08-21T19:12:49.825+0000][1692535][info ][gc,phases   ] GC(403)   Merge Heap Roots: 0.0ms
[2025-08-21T19:12:49.825+0000][1692535][info ][gc,phases   ] GC(403)   Evacuate Collection Set: 50.5ms
[2025-08-21T19:12:49.825+0000][1692535][info ][gc,phases   ] GC(403)   Post Evacuate Collection Set: 0.8ms
[2025-08-21T19:12:49.825+0000][1692535][info ][gc,phases   ] GC(403)   Other: 0.0ms
[2025-08-21T19:12:49.825+0000][1692535][trace][gc,age      ] GC(403) Age table with threshold 15 (max threshold 15)
[2025-08-21T19:12:49.825+0000][1692535][trace][gc,age      ] GC(403) - age   1:    8972672 bytes,    8972672 total
[2025-08-21T19:12:49.825+0000][1692535][trace][gc,age      ] GC(403) - age   2:    1392616 bytes,   10365288 total
[2025-08-21T19:12:49.825+0000][1692535][trace][gc,age      ] GC(403) - age   3:        488 bytes,   10365776 total
[2025-08-21T19:12:49.825+0000][1692535][trace][gc,age      ] GC(403) - age   4:      40552 bytes,   10406328 total
[2025-08-21T19:12:49.825+0000][1692535][trace][gc,age      ] GC(403) - age   5:        712 bytes,   10407040 total
[2025-08-21T19:12:49.825+0000][1692535][trace][gc,age      ] GC(403) - age   6:      19248 bytes,   10426288 total
[2025-08-21T19:12:49.825+0000][1692535][trace][gc,age      ] GC(403) - age   7:        208 bytes,   10426496 total
[2025-08-21T19:12:49.825+0000][1692535][trace][gc,age      ] GC(403) - age   8:         16 bytes,   10426512 total
[2025-08-21T19:12:49.825+0000][1692535][info ][gc,heap     ] GC(403) Eden regions: 75->0(73)
[2025-08-21T19:12:49.825+0000][1692535][info ][gc,heap     ] GC(403) Survivor regions: 1->3(10)
[2025-08-21T19:12:49.825+0000][1692535][info ][gc,heap     ] GC(403) Old regions: 22->22
[2025-08-21T19:12:49.825+0000][1692535][info ][gc,heap     ] GC(403) Humongous regions: 0->0
[2025-08-21T19:12:49.825+0000][1692535][info ][gc,metaspace] GC(403) Metaspace: 138192K(143808K)->138192K(143808K) NonClass: 119950K(123328K)->119950K(123328K) Class: 18242K(20480K)->18242K(20480K)
[2025-08-21T19:12:49.825+0000][1692535][info ][gc          ] GC(403) Pause Young (Concurrent Start) (G1 Evacuation Pause) 387M->96M(512M) 51.553ms
[2025-08-21T19:12:49.825+0000][1692535][info ][gc,cpu      ] GC(403) User=0.01s Sys=0.01s Real=0.05s
[2025-08-21T19:12:49.825+0000][1692535][info ][safepoint   ] Safepoint "G1CollectForAllocation", Time since last: 383314088 ns, Reaching safepoint: 5198 ns, Cleanup: 12769 ns, At safepoint: 51606338 ns, Total: 51624305 ns
[2025-08-21T19:12:49.825+0000][1692535][info ][gc          ] GC(404) Concurrent Mark Cycle
[2025-08-21T19:12:49.825+0000][1692535][info ][gc,marking  ] GC(404) Concurrent Scan Root Regions
[2025-08-21T19:12:49.843+0000][1692535][info ][gc,marking  ] GC(404) Concurrent Scan Root Regions 17.260ms
[2025-08-21T19:12:49.843+0000][1692535][info ][gc,marking  ] GC(404) Concurrent Mark
[2025-08-21T19:12:49.843+0000][1692535][info ][gc,marking  ] GC(404) Concurrent Mark From Roots
[2025-08-21T19:12:49.843+0000][1692535][info ][gc,task     ] GC(404) Using 1 workers of 1 for marking
[2025-08-21T19:12:50.151+0000][1692535][info ][gc,marking  ] GC(404) Concurrent Mark From Roots 308.296ms
[2025-08-21T19:12:50.151+0000][1692535][info ][gc,marking  ] GC(404) Concurrent Preclean
[2025-08-21T19:12:50.151+0000][1692535][info ][gc,marking  ] GC(404) Concurrent Preclean 0.321ms
[2025-08-21T19:12:50.151+0000][1692535][info ][gc,start    ] GC(404) Pause Remark
[2025-08-21T19:12:50.168+0000][1692535][info ][gc          ] GC(404) Pause Remark 277M->277M(512M) 16.498ms
[2025-08-21T19:12:50.168+0000][1692535][info ][gc,cpu      ] GC(404) User=0.01s Sys=0.00s Real=0.02s
[2025-08-21T19:12:50.168+0000][1692535][info ][safepoint   ] Safepoint "G1PauseRemark", Time since last: 325978088 ns, Reaching safepoint: 5018 ns, Cleanup: 15263 ns, At safepoint: 16543682 ns, Total: 16563963 ns
[2025-08-21T19:12:50.172+0000][1692535][info ][gc,marking  ] GC(404) Concurrent Mark 329.815ms
[2025-08-21T19:12:50.172+0000][1692535][info ][gc,marking  ] GC(404) Concurrent Rebuild Remembered Sets and Scrub Regions
[2025-08-21T19:12:50.242+0000][1692535][info ][gc,marking  ] GC(404) Concurrent Rebuild Remembered Sets and Scrub Regions 70.055ms
[2025-08-21T19:12:50.242+0000][1692535][info ][gc,start    ] GC(404) Pause Cleanup
[2025-08-21T19:12:50.243+0000][1692535][info ][gc          ] GC(404) Pause Cleanup 302M->302M(512M) 0.038ms
[2025-08-21T19:12:50.243+0000][1692535][info ][gc,cpu      ] GC(404) User=0.00s Sys=0.00s Real=0.00s
[2025-08-21T19:12:50.243+0000][1692535][info ][safepoint   ] Safepoint "G1PauseCleanup", Time since last: 74682232 ns, Reaching safepoint: 4367 ns, Cleanup: 6840 ns, At safepoint: 66030 ns, Total: 77237 ns
[2025-08-21T19:12:50.243+0000][1692535][info ][gc,marking  ] GC(404) Concurrent Clear Claimed Marks
[2025-08-21T19:12:50.243+0000][1692535][info ][gc,marking  ] GC(404) Concurrent Clear Claimed Marks 0.175ms
[2025-08-21T19:12:50.243+0000][1692535][info ][gc,marking  ] GC(404) Concurrent Cleanup for Next Mark
[2025-08-21T19:12:50.254+0000][1692535][info ][gc,marking  ] GC(404) Concurrent Cleanup for Next Mark 11.716ms
[2025-08-21T19:12:50.254+0000][1692535][info ][gc          ] GC(404) Concurrent Mark Cycle 429.200ms
[2025-08-21T19:12:50.788+0000][1692535][info ][gc,start    ] GC(405) Pause Young (Normal) (G1 Evacuation Pause)
[2025-08-21T19:12:50.788+0000][1692535][info ][gc,task     ] GC(405) Using 1 workers of 1 for evacuation
[2025-08-21T19:12:50.788+0000][1692535][debug][gc,age      ] GC(405) Desired survivor size 20971520 bytes, new threshold 15 (max threshold 15)
[2025-08-21T19:12:50.865+0000][1692535][info ][gc,phases   ] GC(405)   Pre Evacuate Collection Set: 0.0ms
[2025-08-21T19:12:50.865+0000][1692535][info ][gc,phases   ] GC(405)   Merge Heap Roots: 0.0ms
[2025-08-21T19:12:50.865+0000][1692535][info ][gc,phases   ] GC(405)   Evacuate Collection Set: 75.4ms
[2025-08-21T19:12:50.865+0000][1692535][info ][gc,phases   ] GC(405)   Post Evacuate Collection Set: 0.9ms
[2025-08-21T19:12:50.865+0000][1692535][info ][gc,phases   ] GC(405)   Other: 0.0ms
[2025-08-21T19:12:50.865+0000][1692535][trace][gc,age      ] GC(405) Age table with threshold 15 (max threshold 15)
[2025-08-21T19:12:50.865+0000][1692535][trace][gc,age      ] GC(405) - age   1:   28838160 bytes,   28838160 total
[2025-08-21T19:12:50.865+0000][1692535][trace][gc,age      ] GC(405) - age   2:       1112 bytes,   28839272 total
[2025-08-21T19:12:50.865+0000][1692535][trace][gc,age      ] GC(405) - age   3:     604224 bytes,   29443496 total
[2025-08-21T19:12:50.865+0000][1692535][trace][gc,age      ] GC(405) - age   4:        488 bytes,   29443984 total
[2025-08-21T19:12:50.865+0000][1692535][trace][gc,age      ] GC(405) - age   5:      39616 bytes,   29483600 total
[2025-08-21T19:12:50.865+0000][1692535][trace][gc,age      ] GC(405) - age   6:        712 bytes,   29484312 total
[2025-08-21T19:12:50.865+0000][1692535][trace][gc,age      ] GC(405) - age   7:      19248 bytes,   29503560 total
[2025-08-21T19:12:50.865+0000][1692535][trace][gc,age      ] GC(405) - age   8:        208 bytes,   29503768 total
[2025-08-21T19:12:50.865+0000][1692535][trace][gc,age      ] GC(405) - age   9:         16 bytes,   29503784 total
[2025-08-21T19:12:50.865+0000][1692535][info ][gc,heap     ] GC(405) Eden regions: 73->0(68)
[2025-08-21T19:12:50.865+0000][1692535][info ][gc,heap     ] GC(405) Survivor regions: 3->8(10)
[2025-08-21T19:12:50.865+0000][1692535][info ][gc,heap     ] GC(405) Old regions: 22->22
[2025-08-21T19:12:50.865+0000][1692535][info ][gc,heap     ] GC(405) Humongous regions: 0->0
[2025-08-21T19:12:50.865+0000][1692535][info ][gc,metaspace] GC(405) Metaspace: 138192K(143808K)->138192K(143808K) NonClass: 119950K(123328K)->119950K(123328K) Class: 18242K(20480K)->18242K(20480K)
[2025-08-21T19:12:50.865+0000][1692535][info ][gc          ] GC(405) Pause Young (Normal) (G1 Evacuation Pause) 388M->115M(512M) 76.533ms
[2025-08-21T19:12:50.865+0000][1692535][info ][gc,cpu      ] GC(405) User=0.01s Sys=0.02s Real=0.07s
[2025-08-21T19:12:50.865+0000][1692535][info ][safepoint   ] Safepoint "G1CollectForAllocation", Time since last: 545619505 ns, Reaching safepoint: 5198 ns, Cleanup: 8873 ns, At safepoint: 76583674 ns, Total: 76597745 ns
[2025-08-21T19:12:52.866+0000][1692535][info ][safepoint   ] Safepoint "Cleanup", Time since last: 2000187114 ns, Reaching safepoint: 740718 ns, Cleanup: 8453 ns, At safepoint: 2804 ns, Total: 751975 ns
[2025-08-21T19:12:54.869+0000][1692535][info ][safepoint   ] Safepoint "Cleanup", Time since last: 2000141525 ns, Reaching safepoint: 3192261 ns, Cleanup: 7751 ns, At safepoint: 2945 ns, Total: 3202957 ns
[2025-08-21T19:12:55.869+0000][1692535][info ][safepoint   ] Safepoint "Cleanup", Time since last: 1000084403 ns, Reaching safepoint: 5728 ns, Cleanup: 65449 ns, At safepoint: 2504 ns, Total: 73681 ns
[2025-08-21T19:12:56.750+0000][1692535][info ][gc,start    ] GC(406) Pause Young (Concurrent Start) (G1 Evacuation Pause)
[2025-08-21T19:12:56.750+0000][1692535][info ][gc,task     ] GC(406) Using 1 workers of 1 for evacuation
[2025-08-21T19:12:56.750+0000][1692535][debug][gc,age      ] GC(406) Desired survivor size 20971520 bytes, new threshold 1 (max threshold 15)
[2025-08-21T19:12:56.752+0000][1692535][info ][gc,phases   ] GC(406)   Pre Evacuate Collection Set: 0.0ms
[2025-08-21T19:12:56.752+0000][1692535][info ][gc,phases   ] GC(406)   Merge Heap Roots: 0.0ms
[2025-08-21T19:12:56.752+0000][1692535][info ][gc,phases   ] GC(406)   Evacuate Collection Set: 1.7ms
[2025-08-21T19:12:56.752+0000][1692535][info ][gc,phases   ] GC(406)   Post Evacuate Collection Set: 0.9ms
[2025-08-21T19:12:56.752+0000][1692535][info ][gc,phases   ] GC(406)   Other: 0.0ms
[2025-08-21T19:12:56.752+0000][1692535][trace][gc,age      ] GC(406) Age table with threshold 1 (max threshold 15)
[2025-08-21T19:12:56.752+0000][1692535][trace][gc,age      ] GC(406) - age   1:     384864 bytes,     384864 total
[2025-08-21T19:12:56.752+0000][1692535][info ][gc,heap     ] GC(406) Eden regions: 68->0(75)
[2025-08-21T19:12:56.752+0000][1692535][info ][gc,heap     ] GC(406) Survivor regions: 8->1(10)
[2025-08-21T19:12:56.752+0000][1692535][info ][gc,heap     ] GC(406) Old regions: 22->22
[2025-08-21T19:12:56.752+0000][1692535][info ][gc,heap     ] GC(406) Humongous regions: 0->0
[2025-08-21T19:12:56.752+0000][1692535][info ][gc,metaspace] GC(406) Metaspace: 138192K(143808K)->138192K(143808K) NonClass: 119950K(123328K)->119950K(123328K) Class: 18242K(20480K)->18242K(20480K)
[2025-08-21T19:12:56.752+0000][1692535][info ][gc          ] GC(406) Pause Young (Concurrent Start) (G1 Evacuation Pause) 387M->88M(512M) 2.800ms
[2025-08-21T19:12:56.752+0000][1692535][info ][gc,cpu      ] GC(406) User=0.00s Sys=0.00s Real=0.00s
[2025-08-21T19:12:56.752+0000][1692535][info ][safepoint   ] Safepoint "G1CollectForAllocation", Time since last: 880426145 ns, Reaching safepoint: 4256 ns, Cleanup: 2384 ns, At safepoint: 2842582 ns, Total: 2849222 ns
[2025-08-21T19:12:56.756+0000][1692535][info ][gc          ] GC(407) Concurrent Mark Cycle
[2025-08-21T19:12:56.756+0000][1692535][info ][gc,marking  ] GC(407) Concurrent Scan Root Regions
[2025-08-21T19:12:56.757+0000][1692535][info ][gc,marking  ] GC(407) Concurrent Scan Root Regions 1.027ms
[2025-08-21T19:12:56.757+0000][1692535][info ][gc,marking  ] GC(407) Concurrent Mark
[2025-08-21T19:12:56.757+0000][1692535][info ][gc,marking  ] GC(407) Concurrent Mark From Roots
[2025-08-21T19:12:56.757+0000][1692535][info ][gc,task     ] GC(407) Using 1 workers of 1 for marking
[2025-08-21T19:12:57.041+0000][1692535][info ][gc,marking  ] GC(407) Concurrent Mark From Roots 283.801ms
[2025-08-21T19:12:57.041+0000][1692535][info ][gc,marking  ] GC(407) Concurrent Preclean
[2025-08-21T19:12:57.042+0000][1692535][info ][gc,marking  ] GC(407) Concurrent Preclean 0.310ms
[2025-08-21T19:12:57.042+0000][1692535][info ][gc,start    ] GC(407) Pause Remark
[2025-08-21T19:12:57.049+0000][1692535][info ][gc          ] GC(407) Pause Remark 260M->260M(512M) 6.821ms
[2025-08-21T19:12:57.049+0000][1692535][info ][gc,cpu      ] GC(407) User=0.01s Sys=0.00s Real=0.01s
[2025-08-21T19:12:57.049+0000][1692535][info ][safepoint   ] Safepoint "G1PauseRemark", Time since last: 289193843 ns, Reaching safepoint: 5378 ns, Cleanup: 13661 ns, At safepoint: 6863604 ns, Total: 6882643 ns
[2025-08-21T19:12:57.049+0000][1692535][info ][gc,marking  ] GC(407) Concurrent Mark 291.134ms
[2025-08-21T19:12:57.049+0000][1692535][info ][gc,marking  ] GC(407) Concurrent Rebuild Remembered Sets and Scrub Regions
[2025-08-21T19:12:57.108+0000][1692535][info ][gc,marking  ] GC(407) Concurrent Rebuild Remembered Sets and Scrub Regions 59.654ms
[2025-08-21T19:12:57.108+0000][1692535][info ][gc,start    ] GC(407) Pause Cleanup
[2025-08-21T19:12:57.108+0000][1692535][info ][gc          ] GC(407) Pause Cleanup 260M->260M(512M) 0.039ms
[2025-08-21T19:12:57.108+0000][1692535][info ][gc,cpu      ] GC(407) User=0.00s Sys=0.00s Real=0.00s
[2025-08-21T19:12:57.108+0000][1692535][info ][safepoint   ] Safepoint "G1PauseCleanup", Time since last: 59711607 ns, Reaching safepoint: 4777 ns, Cleanup: 7952 ns, At safepoint: 67071 ns, Total: 79800 ns
[2025-08-21T19:12:57.108+0000][1692535][info ][gc,marking  ] GC(407) Concurrent Clear Claimed Marks
[2025-08-21T19:12:57.109+0000][1692535][info ][gc,marking  ] GC(407) Concurrent Clear Claimed Marks 0.185ms
[2025-08-21T19:12:57.109+0000][1692535][info ][gc,marking  ] GC(407) Concurrent Cleanup for Next Mark
[2025-08-21T19:12:57.118+0000][1692535][info ][gc,marking  ] GC(407) Concurrent Cleanup for Next Mark 9.457ms
[2025-08-21T19:12:57.118+0000][1692535][info ][gc          ] GC(407) Concurrent Mark Cycle 361.644ms
[2025-08-21T19:12:58.126+0000][1692535][info ][safepoint   ] Safepoint "Cleanup", Time since last: 1000064403 ns, Reaching safepoint: 17883845 ns, Cleanup: 14402 ns, At safepoint: 4657 ns, Total: 17902904 ns
[2025-08-21T19:12:59.284+0000][1692535][info ][gc,start    ] GC(408) Pause Young (Normal) (G1 Evacuation Pause)
[2025-08-21T19:12:59.284+0000][1692535][info ][gc,task     ] GC(408) Using 1 workers of 1 for evacuation
[2025-08-21T19:12:59.284+0000][1692535][debug][gc,age      ] GC(408) Desired survivor size 20971520 bytes, new threshold 15 (max threshold 15)
[2025-08-21T19:12:59.289+0000][1692535][info ][gc,phases   ] GC(408)   Pre Evacuate Collection Set: 0.0ms
[2025-08-21T19:12:59.289+0000][1692535][info ][gc,phases   ] GC(408)   Merge Heap Roots: 0.0ms
[2025-08-21T19:12:59.289+0000][1692535][info ][gc,phases   ] GC(408)   Evacuate Collection Set: 3.4ms
[2025-08-21T19:12:59.289+0000][1692535][info ][gc,phases   ] GC(408)   Post Evacuate Collection Set: 0.8ms
[2025-08-21T19:12:59.289+0000][1692535][info ][gc,phases   ] GC(408)   Other: 0.0ms
[2025-08-21T19:12:59.289+0000][1692535][trace][gc,age      ] GC(408) Age table with threshold 15 (max threshold 15)
[2025-08-21T19:12:59.289+0000][1692535][trace][gc,age      ] GC(408) - age   1:    8432376 bytes,    8432376 total
[2025-08-21T19:12:59.289+0000][1692535][trace][gc,age      ] GC(408) - age   2:       5920 bytes,    8438296 total
[2025-08-21T19:12:59.289+0000][1692535][info ][gc,heap     ] GC(408) Eden regions: 75->0(73)
[2025-08-21T19:12:59.289+0000][1692535][info ][gc,heap     ] GC(408) Survivor regions: 1->3(10)
[2025-08-21T19:12:59.289+0000][1692535][info ][gc,heap     ] GC(408) Old regions: 22->22
[2025-08-21T19:12:59.289+0000][1692535][info ][gc,heap     ] GC(408) Humongous regions: 0->0
[2025-08-21T19:12:59.289+0000][1692535][info ][gc,metaspace] GC(408) Metaspace: 138195K(143808K)->138195K(143808K) NonClass: 119953K(123328K)->119953K(123328K) Class: 18242K(20480K)->18242K(20480K)
[2025-08-21T19:12:59.289+0000][1692535][info ][gc          ] GC(408) Pause Young (Normal) (G1 Evacuation Pause) 388M->96M(512M) 4.486ms
[2025-08-21T19:12:59.289+0000][1692535][info ][gc,cpu      ] GC(408) User=0.01s Sys=0.00s Real=0.01s
[2025-08-21T19:12:59.289+0000][1692535][info ][safepoint   ] Safepoint "G1CollectForAllocation", Time since last: 1157778477 ns, Reaching safepoint: 38438 ns, Cleanup: 3655 ns, At safepoint: 4522980 ns, Total: 4565073 ns
[2025-08-21T19:13:05.307+0000][1692535][info ][safepoint   ] Safepoint "Cleanup", Time since last: 6000504465 ns, Reaching safepoint: 17897807 ns, Cleanup: 8973 ns, At safepoint: 3956 ns, Total: 17910736 ns
[2025-08-21T19:13:06.093+0000][1692535][info ][gc,start    ] GC(409) Pause Young (Concurrent Start) (G1 Evacuation Pause)
[2025-08-21T19:13:06.093+0000][1692535][info ][gc,task     ] GC(409) Using 1 workers of 1 for evacuation
[2025-08-21T19:13:06.093+0000][1692535][debug][gc,age      ] GC(409) Desired survivor size 20971520 bytes, new threshold 15 (max threshold 15)
[2025-08-21T19:13:06.325+0000][1692535][info ][gc,mmu      ] GC(409) MMU target violated: 201.0ms (200.0ms/201.0ms)
[2025-08-21T19:13:06.325+0000][1692535][info ][gc,phases   ] GC(409)   Pre Evacuate Collection Set: 0.0ms
[2025-08-21T19:13:06.325+0000][1692535][info ][gc,phases   ] GC(409)   Merge Heap Roots: 0.0ms
[2025-08-21T19:13:06.325+0000][1692535][info ][gc,phases   ] GC(409)   Evacuate Collection Set: 230.6ms
[2025-08-21T19:13:06.325+0000][1692535][info ][gc,phases   ] GC(409)   Post Evacuate Collection Set: 1.1ms
[2025-08-21T19:13:06.325+0000][1692535][info ][gc,phases   ] GC(409)   Other: 0.1ms
[2025-08-21T19:13:06.325+0000][1692535][trace][gc,age      ] GC(409) Age table with threshold 15 (max threshold 15)
[2025-08-21T19:13:06.325+0000][1692535][trace][gc,age      ] GC(409) - age   1:   41678176 bytes,   41678176 total
[2025-08-21T19:13:06.325+0000][1692535][trace][gc,age      ] GC(409) - age   2:       5368 bytes,   41683544 total
[2025-08-21T19:13:06.325+0000][1692535][trace][gc,age      ] GC(409) - age   3:       3264 bytes,   41686808 total
[2025-08-21T19:13:06.325+0000][1692535][info ][gc,heap     ] GC(409) Eden regions: 73->0(42)
[2025-08-21T19:13:06.325+0000][1692535][info ][gc,heap     ] GC(409) Survivor regions: 3->10(10)
[2025-08-21T19:13:06.325+0000][1692535][info ][gc,heap     ] GC(409) Old regions: 22->34
[2025-08-21T19:13:06.325+0000][1692535][info ][gc,heap     ] GC(409) Humongous regions: 0->0
[2025-08-21T19:13:06.325+0000][1692535][info ][gc,metaspace] GC(409) Metaspace: 138195K(143808K)->138195K(143808K) NonClass: 119953K(123328K)->119953K(123328K) Class: 18242K(20480K)->18242K(20480K)
[2025-08-21T19:13:06.325+0000][1692535][info ][gc          ] GC(409) Pause Young (Concurrent Start) (G1 Evacuation Pause) 388M->175M(512M) 231.945ms
[2025-08-21T19:13:06.325+0000][1692535][info ][gc,cpu      ] GC(409) User=0.02s Sys=0.05s Real=0.23s
[2025-08-21T19:13:06.325+0000][1692535][info ][safepoint   ] Safepoint "G1CollectForAllocation", Time since last: 785902030 ns, Reaching safepoint: 70957 ns, Cleanup: 7001 ns, At safepoint: 232005106 ns, Total: 232083064 ns
[2025-08-21T19:13:06.325+0000][1692535][info ][gc          ] GC(410) Concurrent Mark Cycle
[2025-08-21T19:13:06.325+0000][1692535][info ][gc,marking  ] GC(410) Concurrent Scan Root Regions
[2025-08-21T19:13:06.340+0000][1692535][info ][gc,marking  ] GC(410) Concurrent Scan Root Regions 14.671ms
[2025-08-21T19:13:06.340+0000][1692535][info ][gc,marking  ] GC(410) Concurrent Mark
[2025-08-21T19:13:06.340+0000][1692535][info ][gc,marking  ] GC(410) Concurrent Mark From Roots
[2025-08-21T19:13:06.340+0000][1692535][info ][gc,task     ] GC(410) Using 1 workers of 1 for marking
[2025-08-21T19:13:06.617+0000][1692535][info ][gc,marking  ] GC(410) Concurrent Mark From Roots 277.037ms
[2025-08-21T19:13:06.617+0000][1692535][info ][gc,marking  ] GC(410) Concurrent Preclean
[2025-08-21T19:13:06.617+0000][1692535][info ][gc,marking  ] GC(410) Concurrent Preclean 0.278ms
[2025-08-21T19:13:06.617+0000][1692535][info ][gc,start    ] GC(410) Pause Remark
[2025-08-21T19:13:06.625+0000][1692535][info ][gc          ] GC(410) Pause Remark 270M->270M(512M) 7.805ms
[2025-08-21T19:13:06.625+0000][1692535][info ][gc,cpu      ] GC(410) User=0.00s Sys=0.00s Real=0.00s
[2025-08-21T19:13:06.625+0000][1692535][info ][safepoint   ] Safepoint "G1PauseRemark", Time since last: 292101113 ns, Reaching safepoint: 5098 ns, Cleanup: 13170 ns, At safepoint: 7843103 ns, Total: 7861371 ns
[2025-08-21T19:13:06.625+0000][1692535][info ][gc,marking  ] GC(410) Concurrent Mark 285.255ms
[2025-08-21T19:13:06.625+0000][1692535][info ][gc,marking  ] GC(410) Concurrent Rebuild Remembered Sets and Scrub Regions
[2025-08-21T19:13:06.655+0000][1692535][info ][gc,marking  ] GC(410) Concurrent Rebuild Remembered Sets and Scrub Regions 29.991ms
[2025-08-21T19:13:06.655+0000][1692535][info ][gc,start    ] GC(410) Pause Cleanup
[2025-08-21T19:13:06.655+0000][1692535][info ][gc          ] GC(410) Pause Cleanup 270M->270M(512M) 0.016ms
[2025-08-21T19:13:06.655+0000][1692535][info ][gc,cpu      ] GC(410) User=0.00s Sys=0.00s Real=0.00s
[2025-08-21T19:13:06.655+0000][1692535][info ][safepoint   ] Safepoint "G1PauseCleanup", Time since last: 30052280 ns, Reaching safepoint: 5128 ns, Cleanup: 2864 ns, At safepoint: 41593 ns, Total: 49585 ns
[2025-08-21T19:13:06.655+0000][1692535][info ][gc,marking  ] GC(410) Concurrent Clear Claimed Marks
[2025-08-21T19:13:06.655+0000][1692535][info ][gc,marking  ] GC(410) Concurrent Clear Claimed Marks 0.174ms
[2025-08-21T19:13:06.655+0000][1692535][info ][gc,marking  ] GC(410) Concurrent Cleanup for Next Mark
[2025-08-21T19:13:06.656+0000][1692535][info ][gc,marking  ] GC(410) Concurrent Cleanup for Next Mark 0.382ms
[2025-08-21T19:13:06.656+0000][1692535][info ][gc          ] GC(410) Concurrent Mark Cycle 330.652ms
[2025-08-21T19:15:09.516+0000][1692535][info ][gc,start    ] GC(411) Pause Young (Normal) (G1 Evacuation Pause)
[2025-08-21T19:15:09.517+0000][1692535][info ][gc,task     ] GC(411) Using 1 workers of 1 for evacuation
[2025-08-21T19:15:09.517+0000][1692535][debug][gc,age      ] GC(411) Desired survivor size 12582912 bytes, new threshold 1 (max threshold 15)
[2025-08-21T19:15:09.658+0000][1692535][info ][gc,phases   ] GC(411)   Pre Evacuate Collection Set: 0.0ms
[2025-08-21T19:15:09.659+0000][1692535][info ][gc,phases   ] GC(411)   Merge Heap Roots: 0.0ms
[2025-08-21T19:15:09.659+0000][1692535][info ][gc,phases   ] GC(411)   Evacuate Collection Set: 140.6ms
[2025-08-21T19:15:09.659+0000][1692535][info ][gc,phases   ] GC(411)   Post Evacuate Collection Set: 0.8ms
[2025-08-21T19:15:09.659+0000][1692535][info ][gc,phases   ] GC(411)   Other: 0.0ms
[2025-08-21T19:15:09.659+0000][1692535][trace][gc,age      ] GC(411) Age table with threshold 1 (max threshold 15)
[2025-08-21T19:15:09.659+0000][1692535][trace][gc,age      ] GC(411) - age   1:      13312 bytes,      13312 total
[2025-08-21T19:15:09.659+0000][1692535][info ][gc,heap     ] GC(411) Eden regions: 37->0(63)
[2025-08-21T19:15:09.659+0000][1692535][info ][gc,heap     ] GC(411) Survivor regions: 10->1(6)
[2025-08-21T19:15:09.659+0000][1692535][info ][gc,heap     ] GC(411) Old regions: 34->44
[2025-08-21T19:15:09.659+0000][1692535][info ][gc,heap     ] GC(411) Humongous regions: 0->0
[2025-08-21T19:15:09.659+0000][1692535][info ][gc,metaspace] GC(411) Metaspace: 138195K(143808K)->138195K(143808K) NonClass: 119953K(123328K)->119953K(123328K) Class: 18242K(20480K)->18242K(20480K)
[2025-08-21T19:15:09.659+0000][1692535][info ][gc          ] GC(411) Pause Young (Normal) (G1 Evacuation Pause) 323M->177M(512M) 142.144ms
[2025-08-21T19:15:09.659+0000][1692535][info ][gc,cpu      ] GC(411) User=0.01s Sys=0.03s Real=0.14s
[2025-08-21T19:15:09.659+0000][1692535][info ][safepoint   ] Safepoint "G1CollectForAllocation", Time since last: 122861289236 ns, Reaching safepoint: 9394 ns, Cleanup: 3906 ns, At safepoint: 142196462 ns, Total: 142209762 ns
[2025-08-21T19:17:14.666+0000][1692535][info ][safepoint   ] Safepoint "Cleanup", Time since last: 125007274870 ns, Reaching safepoint: 41062 ns, Cleanup: 11137 ns, At safepoint: 5308 ns, Total: 57507 ns
[2025-08-21T19:19:21.674+0000][1692535][info ][safepoint   ] Safepoint "Cleanup", Time since last: 127007663058 ns, Reaching safepoint: 25308 ns, Cleanup: 11778 ns, At safepoint: 2634 ns, Total: 39720 ns
[2025-08-21T19:24:54.759+0000][1692535][info ][gc,start    ] GC(412) Pause Young (Concurrent Start) (G1 Evacuation Pause)
[2025-08-21T19:24:54.759+0000][1692535][info ][gc,task     ] GC(412) Using 1 workers of 1 for evacuation
[2025-08-21T19:24:54.759+0000][1692535][debug][gc,age      ] GC(412) Desired survivor size 16777216 bytes, new threshold 15 (max threshold 15)
[2025-08-21T19:24:54.761+0000][1692535][info ][gc,phases   ] GC(412)   Pre Evacuate Collection Set: 0.0ms
[2025-08-21T19:24:54.761+0000][1692535][info ][gc,phases   ] GC(412)   Merge Heap Roots: 0.0ms
[2025-08-21T19:24:54.761+0000][1692535][info ][gc,phases   ] GC(412)   Evacuate Collection Set: 1.2ms
[2025-08-21T19:24:54.761+0000][1692535][info ][gc,phases   ] GC(412)   Post Evacuate Collection Set: 0.7ms
[2025-08-21T19:24:54.761+0000][1692535][info ][gc,phases   ] GC(412)   Other: 0.1ms
[2025-08-21T19:24:54.761+0000][1692535][trace][gc,age      ] GC(412) Age table with threshold 15 (max threshold 15)
[2025-08-21T19:24:54.761+0000][1692535][trace][gc,age      ] GC(412) - age   1:      10592 bytes,      10592 total
[2025-08-21T19:24:54.761+0000][1692535][trace][gc,age      ] GC(412) - age   2:       4008 bytes,      14600 total
[2025-08-21T19:24:54.761+0000][1692535][info ][gc,heap     ] GC(412) Eden regions: 63->0(67)
[2025-08-21T19:24:54.761+0000][1692535][info ][gc,heap     ] GC(412) Survivor regions: 1->1(8)
[2025-08-21T19:24:54.761+0000][1692535][info ][gc,heap     ] GC(412) Old regions: 44->44
[2025-08-21T19:24:54.761+0000][1692535][info ][gc,heap     ] GC(412) Humongous regions: 0->0
[2025-08-21T19:24:54.761+0000][1692535][info ][gc,metaspace] GC(412) Metaspace: 138195K(143808K)->138195K(143808K) NonClass: 119953K(123328K)->119953K(123328K) Class: 18242K(20480K)->18242K(20480K)
[2025-08-21T19:24:54.761+0000][1692535][info ][gc          ] GC(412) Pause Young (Concurrent Start) (G1 Evacuation Pause) 429M->176M(512M) 2.616ms
[2025-08-21T19:24:54.761+0000][1692535][info ][gc,cpu      ] GC(412) User=0.01s Sys=0.00s Real=0.00s
[2025-08-21T19:24:54.762+0000][1692535][info ][safepoint   ] Safepoint "G1CollectForAllocation", Time since last: 333084830340 ns, Reaching safepoint: 375998 ns, Cleanup: 3946 ns, At safepoint: 2655590 ns, Total: 3035534 ns
[2025-08-21T19:24:54.762+0000][1692535][info ][gc          ] GC(413) Concurrent Mark Cycle
[2025-08-21T19:24:54.762+0000][1692535][info ][gc,marking  ] GC(413) Concurrent Scan Root Regions
[2025-08-21T19:24:54.768+0000][1692535][info ][gc,marking  ] GC(413) Concurrent Scan Root Regions 6.076ms
[2025-08-21T19:24:54.768+0000][1692535][info ][gc,marking  ] GC(413) Concurrent Mark
[2025-08-21T19:24:54.768+0000][1692535][info ][gc,marking  ] GC(413) Concurrent Mark From Roots
[2025-08-21T19:24:54.768+0000][1692535][info ][gc,task     ] GC(413) Using 1 workers of 1 for marking
[2025-08-21T19:24:54.868+0000][1692535][info ][gc,marking  ] GC(413) Concurrent Mark From Roots 100.368ms
[2025-08-21T19:24:54.868+0000][1692535][info ][gc,marking  ] GC(413) Concurrent Preclean
[2025-08-21T19:24:54.868+0000][1692535][info ][gc,marking  ] GC(413) Concurrent Preclean 0.247ms
[2025-08-21T19:24:54.868+0000][1692535][info ][gc,start    ] GC(413) Pause Remark
[2025-08-21T19:24:55.458+0000][1692535][info ][gc,mmu      ] GC(413) MMU target violated: 201.0ms (200.0ms/201.0ms)
[2025-08-21T19:24:55.459+0000][1692535][info ][gc          ] GC(413) Pause Remark 177M->101M(512M) 590.188ms
[2025-08-21T19:24:55.459+0000][1692535][info ][gc,cpu      ] GC(413) User=0.02s Sys=0.07s Real=0.59s
[2025-08-21T19:24:55.459+0000][1692535][info ][safepoint   ] Safepoint "G1PauseRemark", Time since last: 106782195 ns, Reaching safepoint: 5247 ns, Cleanup: 2945 ns, At safepoint: 590251150 ns, Total: 590259342 ns
[2025-08-21T19:24:55.464+0000][1692535][info ][gc,marking  ] GC(413) Concurrent Mark 696.501ms
[2025-08-21T19:24:55.464+0000][1692535][info ][gc,marking  ] GC(413) Concurrent Rebuild Remembered Sets and Scrub Regions
[2025-08-21T19:24:55.507+0000][1692535][info ][gc,marking  ] GC(413) Concurrent Rebuild Remembered Sets and Scrub Regions 42.674ms
[2025-08-21T19:24:55.508+0000][1692535][info ][gc,start    ] GC(413) Pause Cleanup
[2025-08-21T19:24:55.508+0000][1692535][info ][gc          ] GC(413) Pause Cleanup 103M->103M(512M) 0.122ms
[2025-08-21T19:24:55.508+0000][1692535][info ][gc,cpu      ] GC(413) User=0.00s Sys=0.00s Real=0.00s
[2025-08-21T19:24:55.508+0000][1692535][info ][safepoint   ] Safepoint "G1PauseCleanup", Time since last: 48292183 ns, Reaching safepoint: 818306 ns, Cleanup: 3044 ns, At safepoint: 148344 ns, Total: 969694 ns
[2025-08-21T19:24:55.508+0000][1692535][info ][gc,marking  ] GC(413) Concurrent Clear Claimed Marks
[2025-08-21T19:24:55.508+0000][1692535][info ][gc,marking  ] GC(413) Concurrent Clear Claimed Marks 0.166ms
[2025-08-21T19:24:55.508+0000][1692535][info ][gc,marking  ] GC(413) Concurrent Cleanup for Next Mark
[2025-08-21T19:24:55.508+0000][1692535][info ][gc,marking  ] GC(413) Concurrent Cleanup for Next Mark 0.301ms
[2025-08-21T19:24:55.508+0000][1692535][info ][gc          ] GC(413) Concurrent Mark Cycle 746.782ms
[2025-08-21T19:24:56.508+0000][1692535][info ][safepoint   ] Safepoint "Cleanup", Time since last: 1000072245 ns, Reaching safepoint: 5709 ns, Cleanup: 10596 ns, At safepoint: 2784 ns, Total: 19089 ns
[2025-08-21T19:34:54.542+0000][1692535][info ][safepoint   ] Safepoint "Cleanup", Time since last: 598034311829 ns, Reaching safepoint: 19109 ns, Cleanup: 6880 ns, At safepoint: 2324 ns, Total: 28313 ns
[2025-08-21T19:34:55.543+0000][1692535][info ][safepoint   ] Safepoint "Cleanup", Time since last: 1000366208 ns, Reaching safepoint: 5659 ns, Cleanup: 9354 ns, At safepoint: 2464 ns, Total: 17477 ns
[2025-08-21T19:35:10.544+0000][1692535][info ][safepoint   ] Safepoint "Cleanup", Time since last: 15000854744 ns, Reaching safepoint: 73150 ns, Cleanup: 10376 ns, At safepoint: 2564 ns, Total: 86090 ns
[2025-08-21T19:35:24.361+0000][1692535][info ][gc,start    ] GC(414) Pause Young (Prepare Mixed) (G1 Evacuation Pause)
[2025-08-21T19:35:24.361+0000][1692535][info ][gc,task     ] GC(414) Using 1 workers of 1 for evacuation
[2025-08-21T19:35:24.361+0000][1692535][debug][gc,age      ] GC(414) Desired survivor size 18874368 bytes, new threshold 15 (max threshold 15)
[2025-08-21T19:35:24.364+0000][1692535][info ][gc,phases   ] GC(414)   Pre Evacuate Collection Set: 0.0ms
[2025-08-21T19:35:24.364+0000][1692535][info ][gc,phases   ] GC(414)   Merge Heap Roots: 0.0ms
[2025-08-21T19:35:24.364+0000][1692535][info ][gc,phases   ] GC(414)   Evacuate Collection Set: 1.4ms
[2025-08-21T19:35:24.364+0000][1692535][info ][gc,phases   ] GC(414)   Post Evacuate Collection Set: 0.8ms
[2025-08-21T19:35:24.364+0000][1692535][info ][gc,phases   ] GC(414)   Other: 0.0ms
[2025-08-21T19:35:24.364+0000][1692535][trace][gc,age      ] GC(414) Age table with threshold 15 (max threshold 15)
[2025-08-21T19:35:24.364+0000][1692535][trace][gc,age      ] GC(414) - age   1:      25296 bytes,      25296 total
[2025-08-21T19:35:24.364+0000][1692535][trace][gc,age      ] GC(414) - age   2:        576 bytes,      25872 total
[2025-08-21T19:35:24.364+0000][1692535][trace][gc,age      ] GC(414) - age   3:         24 bytes,      25896 total
[2025-08-21T19:35:24.364+0000][1692535][info ][gc,heap     ] GC(414) Eden regions: 67->0(75)
[2025-08-21T19:35:24.364+0000][1692535][info ][gc,heap     ] GC(414) Survivor regions: 1->1(9)
[2025-08-21T19:35:24.364+0000][1692535][info ][gc,heap     ] GC(414) Old regions: 25->25
[2025-08-21T19:35:24.364+0000][1692535][info ][gc,heap     ] GC(414) Humongous regions: 0->0
[2025-08-21T19:35:24.364+0000][1692535][info ][gc,metaspace] GC(414) Metaspace: 138180K(143808K)->138180K(143808K) NonClass: 119942K(123328K)->119942K(123328K) Class: 18238K(20480K)->18238K(20480K)
[2025-08-21T19:35:24.364+0000][1692535][info ][gc          ] GC(414) Pause Young (Prepare Mixed) (G1 Evacuation Pause) 368M->99M(512M) 2.436ms
[2025-08-21T19:35:24.364+0000][1692535][info ][gc,cpu      ] GC(414) User=0.00s Sys=0.00s Real=0.00s
[2025-08-21T19:35:24.364+0000][1692535][info ][safepoint   ] Safepoint "G1CollectForAllocation", Time since last: 13817668120 ns, Reaching safepoint: 8032 ns, Cleanup: 3075 ns, At safepoint: 2468968 ns, Total: 2480075 ns
[2025-08-21T19:45:55.407+0000][1692535][info ][safepoint   ] Safepoint "Cleanup", Time since last: 631042906671 ns, Reaching safepoint: 36385 ns, Cleanup: 11157 ns, At safepoint: 4717 ns, Total: 52259 ns
[2025-08-21T19:47:07.633+0000][1692535][info ][gc,start    ] GC(415) Pause Young (Mixed) (G1 Evacuation Pause)
[2025-08-21T19:47:07.633+0000][1692535][info ][gc,task     ] GC(415) Using 1 workers of 1 for evacuation
[2025-08-21T19:47:07.633+0000][1692535][debug][gc,age      ] GC(415) Desired survivor size 20971520 bytes, new threshold 15 (max threshold 15)
[2025-08-21T19:47:07.635+0000][1692535][info ][gc,phases   ] GC(415)   Pre Evacuate Collection Set: 0.0ms
[2025-08-21T19:47:07.635+0000][1692535][info ][gc,phases   ] GC(415)   Merge Heap Roots: 0.0ms
[2025-08-21T19:47:07.635+0000][1692535][info ][gc,phases   ] GC(415)   Evacuate Collection Set: 1.0ms
[2025-08-21T19:47:07.635+0000][1692535][info ][gc,phases   ] GC(415)   Post Evacuate Collection Set: 0.8ms
[2025-08-21T19:47:07.635+0000][1692535][info ][gc,phases   ] GC(415)   Other: 0.0ms
[2025-08-21T19:47:07.635+0000][1692535][trace][gc,age      ] GC(415) Age table with threshold 15 (max threshold 15)
[2025-08-21T19:47:07.635+0000][1692535][trace][gc,age      ] GC(415) - age   1:       9552 bytes,       9552 total
[2025-08-21T19:47:07.635+0000][1692535][trace][gc,age      ] GC(415) - age   2:       2096 bytes,      11648 total
[2025-08-21T19:47:07.635+0000][1692535][trace][gc,age      ] GC(415) - age   3:        576 bytes,      12224 total
[2025-08-21T19:47:07.635+0000][1692535][trace][gc,age      ] GC(415) - age   4:         24 bytes,      12248 total
[2025-08-21T19:47:07.635+0000][1692535][info ][gc,heap     ] GC(415) Eden regions: 75->0(75)
[2025-08-21T19:47:07.635+0000][1692535][info ][gc,heap     ] GC(415) Survivor regions: 1->1(10)
[2025-08-21T19:47:07.635+0000][1692535][info ][gc,heap     ] GC(415) Old regions: 25->24
[2025-08-21T19:47:07.635+0000][1692535][info ][gc,heap     ] GC(415) Humongous regions: 0->0
[2025-08-21T19:47:07.635+0000][1692535][info ][gc,metaspace] GC(415) Metaspace: 138180K(143808K)->138180K(143808K) NonClass: 119942K(123328K)->119942K(123328K) Class: 18238K(20480K)->18238K(20480K)
[2025-08-21T19:47:07.635+0000][1692535][info ][gc          ] GC(415) Pause Young (Mixed) (G1 Evacuation Pause) 399M->95M(512M) 2.311ms
[2025-08-21T19:47:07.635+0000][1692535][info ][gc,cpu      ] GC(415) User=0.00s Sys=0.00s Real=0.00s
[2025-08-21T19:47:07.635+0000][1692535][info ][safepoint   ] Safepoint "G1CollectForAllocation", Time since last: 72226020189 ns, Reaching safepoint: 9494 ns, Cleanup: 3786 ns, At safepoint: 2345652 ns, Total: 2358932 ns
[2025-08-21T19:56:55.805+0000][1692535][info ][gc,start    ] GC(416) Pause Young (Concurrent Start) (G1 Evacuation Pause)
[2025-08-21T19:56:55.805+0000][1692535][info ][gc,task     ] GC(416) Using 1 workers of 1 for evacuation
[2025-08-21T19:56:55.805+0000][1692535][debug][gc,age      ] GC(416) Desired survivor size 20971520 bytes, new threshold 15 (max threshold 15)
[2025-08-21T19:56:55.808+0000][1692535][info ][gc,phases   ] GC(416)   Pre Evacuate Collection Set: 0.0ms
[2025-08-21T19:56:55.808+0000][1692535][info ][gc,phases   ] GC(416)   Merge Heap Roots: 0.0ms
[2025-08-21T19:56:55.808+0000][1692535][info ][gc,phases   ] GC(416)   Evacuate Collection Set: 1.9ms
[2025-08-21T19:56:55.808+0000][1692535][info ][gc,phases   ] GC(416)   Post Evacuate Collection Set: 0.8ms
[2025-08-21T19:56:55.808+0000][1692535][info ][gc,phases   ] GC(416)   Other: 0.0ms
[2025-08-21T19:56:55.808+0000][1692535][trace][gc,age      ] GC(416) Age table with threshold 15 (max threshold 15)
[2025-08-21T19:56:55.808+0000][1692535][trace][gc,age      ] GC(416) - age   1:     877136 bytes,     877136 total
[2025-08-21T19:56:55.808+0000][1692535][trace][gc,age      ] GC(416) - age   2:        376 bytes,     877512 total
[2025-08-21T19:56:55.808+0000][1692535][trace][gc,age      ] GC(416) - age   3:       1920 bytes,     879432 total
[2025-08-21T19:56:55.808+0000][1692535][trace][gc,age      ] GC(416) - age   4:        576 bytes,     880008 total
[2025-08-21T19:56:55.808+0000][1692535][trace][gc,age      ] GC(416) - age   5:         24 bytes,     880032 total
[2025-08-21T19:56:55.808+0000][1692535][info ][gc,heap     ] GC(416) Eden regions: 75->0(75)
[2025-08-21T19:56:55.808+0000][1692535][info ][gc,heap     ] GC(416) Survivor regions: 1->1(10)
[2025-08-21T19:56:55.808+0000][1692535][info ][gc,heap     ] GC(416) Old regions: 24->24
[2025-08-21T19:56:55.808+0000][1692535][info ][gc,heap     ] GC(416) Humongous regions: 0->0
[2025-08-21T19:56:55.808+0000][1692535][info ][gc,metaspace] GC(416) Metaspace: 138181K(143808K)->138181K(143808K) NonClass: 119942K(123328K)->119942K(123328K) Class: 18238K(20480K)->18238K(20480K)
[2025-08-21T19:56:55.808+0000][1692535][info ][gc          ] GC(416) Pause Young (Concurrent Start) (G1 Evacuation Pause) 395M->96M(512M) 2.972ms
[2025-08-21T19:56:55.808+0000][1692535][info ][gc,cpu      ] GC(416) User=0.00s Sys=0.00s Real=0.01s
[2025-08-21T19:56:55.808+0000][1692535][info ][safepoint   ] Safepoint "G1CollectForAllocation", Time since last: 588169692872 ns, Reaching safepoint: 24027 ns, Cleanup: 12088 ns, At safepoint: 3017887 ns, Total: 3054002 ns
[2025-08-21T19:56:55.814+0000][1692535][info ][gc          ] GC(417) Concurrent Mark Cycle
[2025-08-21T19:56:55.814+0000][1692535][info ][gc,marking  ] GC(417) Concurrent Scan Root Regions
[2025-08-21T19:56:55.815+0000][1692535][info ][gc,marking  ] GC(417) Concurrent Scan Root Regions 0.846ms
[2025-08-21T19:56:55.815+0000][1692535][info ][gc,marking  ] GC(417) Concurrent Mark
[2025-08-21T19:56:55.815+0000][1692535][info ][gc,marking  ] GC(417) Concurrent Mark From Roots
[2025-08-21T19:56:55.815+0000][1692535][info ][gc,task     ] GC(417) Using 1 workers of 1 for marking
[2025-08-21T19:56:55.934+0000][1692535][info ][gc,marking  ] GC(417) Concurrent Mark From Roots 118.845ms
[2025-08-21T19:56:55.934+0000][1692535][info ][gc,marking  ] GC(417) Concurrent Preclean
[2025-08-21T19:56:55.934+0000][1692535][info ][gc,marking  ] GC(417) Concurrent Preclean 0.258ms
[2025-08-21T19:56:55.934+0000][1692535][info ][gc,start    ] GC(417) Pause Remark
[2025-08-21T19:56:55.941+0000][1692535][info ][gc          ] GC(417) Pause Remark 100M->100M(512M) 6.152ms
[2025-08-21T19:56:55.941+0000][1692535][info ][gc,cpu      ] GC(417) User=0.01s Sys=0.00s Real=0.01s
[2025-08-21T19:56:55.941+0000][1692535][info ][safepoint   ] Safepoint "G1PauseRemark", Time since last: 126579169 ns, Reaching safepoint: 4677 ns, Cleanup: 8423 ns, At safepoint: 6192371 ns, Total: 6205471 ns
[2025-08-21T19:56:55.941+0000][1692535][info ][gc,marking  ] GC(417) Concurrent Mark 125.380ms
[2025-08-21T19:56:55.941+0000][1692535][info ][gc,marking  ] GC(417) Concurrent Rebuild Remembered Sets and Scrub Regions
[2025-08-21T19:56:55.985+0000][1692535][info ][gc,marking  ] GC(417) Concurrent Rebuild Remembered Sets and Scrub Regions 44.030ms
[2025-08-21T19:56:55.985+0000][1692535][info ][gc,start    ] GC(417) Pause Cleanup
[2025-08-21T19:56:55.985+0000][1692535][info ][gc          ] GC(417) Pause Cleanup 100M->100M(512M) 0.042ms
[2025-08-21T19:56:55.985+0000][1692535][info ][gc,cpu      ] GC(417) User=0.00s Sys=0.00s Real=0.00s
[2025-08-21T19:56:55.985+0000][1692535][info ][safepoint   ] Safepoint "G1PauseCleanup", Time since last: 44083397 ns, Reaching safepoint: 3806 ns, Cleanup: 1722 ns, At safepoint: 66701 ns, Total: 72229 ns
[2025-08-21T19:56:55.985+0000][1692535][info ][gc,marking  ] GC(417) Concurrent Clear Claimed Marks
[2025-08-21T19:56:55.985+0000][1692535][info ][gc,marking  ] GC(417) Concurrent Clear Claimed Marks 0.153ms
[2025-08-21T19:56:55.985+0000][1692535][info ][gc,marking  ] GC(417) Concurrent Cleanup for Next Mark
[2025-08-21T19:56:55.985+0000][1692535][info ][gc,marking  ] GC(417) Concurrent Cleanup for Next Mark 0.263ms
[2025-08-21T19:56:55.985+0000][1692535][info ][gc          ] GC(417) Concurrent Mark Cycle 170.825ms
[2025-08-21T19:56:56.985+0000][1692535][info ][safepoint   ] Safepoint "Cleanup", Time since last: 1000067398 ns, Reaching safepoint: 69515 ns, Cleanup: 37968 ns, At safepoint: 2433 ns, Total: 109916 ns
[2025-08-21T19:56:57.047+0000][1692535][info ][gc,start    ] GC(418) Pause Young (Prepare Mixed) (G1 Evacuation Pause)
[2025-08-21T19:56:57.047+0000][1692535][info ][gc,task     ] GC(418) Using 1 workers of 1 for evacuation
[2025-08-21T19:56:57.047+0000][1692535][debug][gc,age      ] GC(418) Desired survivor size 20971520 bytes, new threshold 15 (max threshold 15)
[2025-08-21T19:56:57.055+0000][1692535][info ][gc,phases   ] GC(418)   Pre Evacuate Collection Set: 0.0ms
[2025-08-21T19:56:57.055+0000][1692535][info ][gc,phases   ] GC(418)   Merge Heap Roots: 0.0ms
[2025-08-21T19:56:57.055+0000][1692535][info ][gc,phases   ] GC(418)   Evacuate Collection Set: 6.2ms
[2025-08-21T19:56:57.055+0000][1692535][info ][gc,phases   ] GC(418)   Post Evacuate Collection Set: 0.8ms
[2025-08-21T19:56:57.055+0000][1692535][info ][gc,phases   ] GC(418)   Other: 0.0ms
[2025-08-21T19:56:57.055+0000][1692535][trace][gc,age      ] GC(418) Age table with threshold 15 (max threshold 15)
[2025-08-21T19:56:57.055+0000][1692535][trace][gc,age      ] GC(418) - age   1:    6191720 bytes,    6191720 total
[2025-08-21T19:56:57.055+0000][1692535][trace][gc,age      ] GC(418) - age   2:       8144 bytes,    6199864 total
[2025-08-21T19:56:57.055+0000][1692535][trace][gc,age      ] GC(418) - age   3:        352 bytes,    6200216 total
[2025-08-21T19:56:57.055+0000][1692535][trace][gc,age      ] GC(418) - age   4:       1920 bytes,    6202136 total
[2025-08-21T19:56:57.055+0000][1692535][trace][gc,age      ] GC(418) - age   5:        576 bytes,    6202712 total
[2025-08-21T19:56:57.055+0000][1692535][trace][gc,age      ] GC(418) - age   6:         24 bytes,    6202736 total
[2025-08-21T19:56:57.055+0000][1692535][info ][gc,heap     ] GC(418) Eden regions: 75->0(74)
[2025-08-21T19:56:57.055+0000][1692535][info ][gc,heap     ] GC(418) Survivor regions: 1->2(10)
[2025-08-21T19:56:57.055+0000][1692535][info ][gc,heap     ] GC(418) Old regions: 24->24
[2025-08-21T19:56:57.055+0000][1692535][info ][gc,heap     ] GC(418) Humongous regions: 0->0
[2025-08-21T19:56:57.055+0000][1692535][info ][gc,metaspace] GC(418) Metaspace: 138185K(143808K)->138185K(143808K) NonClass: 119947K(123328K)->119947K(123328K) Class: 18238K(20480K)->18238K(20480K)
[2025-08-21T19:56:57.055+0000][1692535][info ][gc          ] GC(418) Pause Young (Prepare Mixed) (G1 Evacuation Pause) 396M->101M(512M) 7.273ms
[2025-08-21T19:56:57.055+0000][1692535][info ][gc,cpu      ] GC(418) User=0.01s Sys=0.00s Real=0.00s
[2025-08-21T19:56:57.055+0000][1692535][info ][safepoint   ] Safepoint "G1CollectForAllocation", Time since last: 62449561 ns, Reaching safepoint: 4477 ns, Cleanup: 2204 ns, At safepoint: 7311871 ns, Total: 7318552 ns
[2025-08-21T19:56:58.055+0000][1692535][info ][safepoint   ] Safepoint "Cleanup", Time since last: 1000065235 ns, Reaching safepoint: 5278 ns, Cleanup: 36114 ns, At safepoint: 2714 ns, Total: 44106 ns
[2025-08-21T19:56:59.055+0000][1692535][info ][safepoint   ] Safepoint "Cleanup", Time since last: 1000083903 ns, Reaching safepoint: 5318 ns, Cleanup: 14572 ns, At safepoint: 2695 ns, Total: 22585 ns
[2025-08-21T19:57:03.056+0000][1692535][info ][safepoint   ] Safepoint "Cleanup", Time since last: 4000818972 ns, Reaching safepoint: 186341 ns, Cleanup: 7401 ns, At safepoint: 3175 ns, Total: 196917 ns
[2025-08-21T19:57:04.056+0000][1692535][info ][safepoint   ] Safepoint "Cleanup", Time since last: 1000085075 ns, Reaching safepoint: 132550 ns, Cleanup: 9084 ns, At safepoint: 2333 ns, Total: 143967 ns
[2025-08-21T19:57:05.057+0000][1692535][info ][safepoint   ] Safepoint "Cleanup", Time since last: 1000089682 ns, Reaching safepoint: 988312 ns, Cleanup: 11187 ns, At safepoint: 2745 ns, Total: 1002244 ns
[2025-08-21T19:57:06.057+0000][1692535][info ][safepoint   ] Safepoint "Cleanup", Time since last: 1000084073 ns, Reaching safepoint: 108674 ns, Cleanup: 12499 ns, At safepoint: 2323 ns, Total: 123496 ns
[2025-08-21T19:57:07.058+0000][1692535][info ][safepoint   ] Safepoint "Cleanup", Time since last: 1000091655 ns, Reaching safepoint: 84958 ns, Cleanup: 12099 ns, At safepoint: 3044 ns, Total: 100101 ns
[2025-08-21T19:57:08.058+0000][1692535][info ][safepoint   ] Safepoint "Cleanup", Time since last: 1000102912 ns, Reaching safepoint: 71648 ns, Cleanup: 25289 ns, At safepoint: 3034 ns, Total: 99971 ns
[2025-08-21T19:57:12.955+0000][1692535][info ][gc,start    ] GC(419) Pause Young (Mixed) (G1 Evacuation Pause)
[2025-08-21T19:57:12.958+0000][1692535][info ][gc,task     ] GC(419) Using 1 workers of 1 for evacuation
[2025-08-21T19:57:12.958+0000][1692535][debug][gc,age      ] GC(419) Desired survivor size 20971520 bytes, new threshold 15 (max threshold 15)
[2025-08-21T19:57:13.034+0000][1692535][info ][gc,phases   ] GC(419)   Pre Evacuate Collection Set: 2.1ms
[2025-08-21T19:57:13.034+0000][1692535][info ][gc,phases   ] GC(419)   Merge Heap Roots: 0.2ms
[2025-08-21T19:57:13.034+0000][1692535][info ][gc,phases   ] GC(419)   Evacuate Collection Set: 55.6ms
[2025-08-21T19:57:13.034+0000][1692535][info ][gc,phases   ] GC(419)   Post Evacuate Collection Set: 14.9ms
[2025-08-21T19:57:13.034+0000][1692535][info ][gc,phases   ] GC(419)   Other: 1.2ms
[2025-08-21T19:57:13.034+0000][1692535][trace][gc,age      ] GC(419) Age table with threshold 15 (max threshold 15)
[2025-08-21T19:57:13.034+0000][1692535][trace][gc,age      ] GC(419) - age   1:   20288216 bytes,   20288216 total
[2025-08-21T19:57:13.034+0000][1692535][trace][gc,age      ] GC(419) - age   2:    2574200 bytes,   22862416 total
[2025-08-21T19:57:13.034+0000][1692535][trace][gc,age      ] GC(419) - age   3:       6560 bytes,   22868976 total
[2025-08-21T19:57:13.034+0000][1692535][trace][gc,age      ] GC(419) - age   4:        352 bytes,   22869328 total
[2025-08-21T19:57:13.034+0000][1692535][trace][gc,age      ] GC(419) - age   5:       1920 bytes,   22871248 total
[2025-08-21T19:57:13.034+0000][1692535][trace][gc,age      ] GC(419) - age   6:        576 bytes,   22871824 total
[2025-08-21T19:57:13.034+0000][1692535][info ][gc,heap     ] GC(419) Eden regions: 74->0(70)
[2025-08-21T19:57:13.034+0000][1692535][info ][gc,heap     ] GC(419) Survivor regions: 2->6(10)
[2025-08-21T19:57:13.034+0000][1692535][info ][gc,heap     ] GC(419) Old regions: 24->23
[2025-08-21T19:57:13.034+0000][1692535][info ][gc,heap     ] GC(419) Humongous regions: 0->0
[2025-08-21T19:57:13.036+0000][1692535][info ][gc,metaspace] GC(419) Metaspace: 138185K(143808K)->138185K(143808K) NonClass: 119947K(123328K)->119947K(123328K) Class: 18238K(20480K)->18238K(20480K)
[2025-08-21T19:57:13.038+0000][1692535][info ][gc          ] GC(419) Pause Young (Mixed) (G1 Evacuation Pause) 397M->115M(512M) 83.867ms
[2025-08-21T19:57:13.038+0000][1692535][info ][gc,cpu      ] GC(419) User=0.01s Sys=0.01s Real=0.09s
[2025-08-21T19:57:13.038+0000][1692535][info ][safepoint   ] Safepoint "G1CollectForAllocation", Time since last: 4894117716 ns, Reaching safepoint: 31918 ns, Cleanup: 3546 ns, At safepoint: 86303461 ns, Total: 86338925 ns
[2025-08-21T19:57:18.039+0000][1692535][info ][safepoint   ] Safepoint "Cleanup", Time since last: 5000425975 ns, Reaching safepoint: 5478 ns, Cleanup: 18088 ns, At safepoint: 2383 ns, Total: 25949 ns
[2025-08-21T19:57:18.369+0000][1692535][info ][gc,start    ] GC(420) Pause Young (Concurrent Start) (G1 Evacuation Pause)
[2025-08-21T19:57:18.369+0000][1692535][info ][gc,task     ] GC(420) Using 1 workers of 1 for evacuation
[2025-08-21T19:57:18.369+0000][1692535][debug][gc,age      ] GC(420) Desired survivor size 20971520 bytes, new threshold 2 (max threshold 15)
[2025-08-21T19:57:18.396+0000][1692535][info ][gc,phases   ] GC(420)   Pre Evacuate Collection Set: 0.1ms
[2025-08-21T19:57:18.396+0000][1692535][info ][gc,phases   ] GC(420)   Merge Heap Roots: 0.0ms
[2025-08-21T19:57:18.396+0000][1692535][info ][gc,phases   ] GC(420)   Evacuate Collection Set: 25.3ms
[2025-08-21T19:57:18.396+0000][1692535][info ][gc,phases   ] GC(420)   Post Evacuate Collection Set: 1.0ms
[2025-08-21T19:57:18.396+0000][1692535][info ][gc,phases   ] GC(420)   Other: 0.1ms
[2025-08-21T19:57:18.396+0000][1692535][trace][gc,age      ] GC(420) Age table with threshold 2 (max threshold 15)
[2025-08-21T19:57:18.396+0000][1692535][trace][gc,age      ] GC(420) - age   1:   22740312 bytes,   22740312 total
[2025-08-21T19:57:18.396+0000][1692535][trace][gc,age      ] GC(420) - age   2:   18243560 bytes,   40983872 total
[2025-08-21T19:57:18.396+0000][1692535][info ][gc,heap     ] GC(420) Eden regions: 70->0(57)
[2025-08-21T19:57:18.396+0000][1692535][info ][gc,heap     ] GC(420) Survivor regions: 6->10(10)
[2025-08-21T19:57:18.396+0000][1692535][info ][gc,heap     ] GC(420) Old regions: 23->37
[2025-08-21T19:57:18.396+0000][1692535][info ][gc,heap     ] GC(420) Humongous regions: 0->0
[2025-08-21T19:57:18.396+0000][1692535][info ][gc,metaspace] GC(420) Metaspace: 138187K(143808K)->138187K(143808K) NonClass: 119948K(123328K)->119948K(123328K) Class: 18238K(20480K)->18238K(20480K)
[2025-08-21T19:57:18.396+0000][1692535][info ][gc          ] GC(420) Pause Young (Concurrent Start) (G1 Evacuation Pause) 395M->186M(512M) 26.565ms
[2025-08-21T19:57:18.396+0000][1692535][info ][gc,cpu      ] GC(420) User=0.02s Sys=0.00s Real=0.03s
[2025-08-21T19:57:18.396+0000][1692535][info ][safepoint   ] Safepoint "G1CollectForAllocation", Time since last: 330427097 ns, Reaching safepoint: 5218 ns, Cleanup: 6580 ns, At safepoint: 26621480 ns, Total: 26633278 ns
[2025-08-21T19:57:18.401+0000][1692535][info ][gc          ] GC(421) Concurrent Mark Cycle
[2025-08-21T19:57:18.401+0000][1692535][info ][gc,marking  ] GC(421) Concurrent Scan Root Regions
[2025-08-21T19:57:18.417+0000][1692535][info ][gc,marking  ] GC(421) Concurrent Scan Root Regions 15.999ms
[2025-08-21T19:57:18.417+0000][1692535][info ][gc,marking  ] GC(421) Concurrent Mark
[2025-08-21T19:57:18.417+0000][1692535][info ][gc,marking  ] GC(421) Concurrent Mark From Roots
[2025-08-21T19:57:18.417+0000][1692535][info ][gc,task     ] GC(421) Using 1 workers of 1 for marking
[2025-08-21T19:57:18.765+0000][1692535][info ][gc,marking  ] GC(421) Concurrent Mark From Roots 348.415ms
[2025-08-21T19:57:18.765+0000][1692535][info ][gc,marking  ] GC(421) Concurrent Preclean
[2025-08-21T19:57:18.766+0000][1692535][info ][gc,marking  ] GC(421) Concurrent Preclean 0.702ms
[2025-08-21T19:57:18.766+0000][1692535][info ][gc,start    ] GC(421) Pause Remark
[2025-08-21T19:57:18.829+0000][1692535][info ][gc          ] GC(421) Pause Remark 220M->220M(512M) 62.668ms
[2025-08-21T19:57:18.829+0000][1692535][info ][gc,cpu      ] GC(421) User=0.01s Sys=0.01s Real=0.06s
[2025-08-21T19:57:18.829+0000][1692535][info ][safepoint   ] Safepoint "G1PauseRemark", Time since last: 370093654 ns, Reaching safepoint: 4888 ns, Cleanup: 9274 ns, At safepoint: 62731497 ns, Total: 62745659 ns
[2025-08-21T19:57:18.829+0000][1692535][info ][gc,marking  ] GC(421) Concurrent Mark 411.936ms
[2025-08-21T19:57:18.829+0000][1692535][info ][gc,marking  ] GC(421) Concurrent Rebuild Remembered Sets and Scrub Regions
[2025-08-21T19:57:18.896+0000][1692535][info ][gc,marking  ] GC(421) Concurrent Rebuild Remembered Sets and Scrub Regions 66.869ms
[2025-08-21T19:57:18.896+0000][1692535][info ][gc,start    ] GC(421) Pause Cleanup
[2025-08-21T19:57:18.896+0000][1692535][info ][gc          ] GC(421) Pause Cleanup 221M->221M(512M) 0.117ms
[2025-08-21T19:57:18.896+0000][1692535][info ][gc,cpu      ] GC(421) User=0.00s Sys=0.00s Real=0.00s
[2025-08-21T19:57:18.896+0000][1692535][info ][safepoint   ] Safepoint "G1PauseCleanup", Time since last: 66937618 ns, Reaching safepoint: 4396 ns, Cleanup: 6871 ns, At safepoint: 146301 ns, Total: 157568 ns
[2025-08-21T19:57:18.896+0000][1692535][info ][gc,marking  ] GC(421) Concurrent Clear Claimed Marks
[2025-08-21T19:57:18.896+0000][1692535][info ][gc,marking  ] GC(421) Concurrent Clear Claimed Marks 0.177ms
[2025-08-21T19:57:18.896+0000][1692535][info ][gc,marking  ] GC(421) Concurrent Cleanup for Next Mark
[2025-08-21T19:57:18.901+0000][1692535][info ][gc,marking  ] GC(421) Concurrent Cleanup for Next Mark 4.796ms
[2025-08-21T19:57:18.901+0000][1692535][info ][gc          ] GC(421) Concurrent Mark Cycle 500.151ms
[2025-08-21T19:58:56.882+0000][1692535][info ][safepoint   ] Safepoint "Cleanup", Time since last: 97986421423 ns, Reaching safepoint: 39510 ns, Cleanup: 10666 ns, At safepoint: 5318 ns, Total: 55494 ns
[2025-08-21T20:04:49.065+0000][1692535][info ][gc,start    ] GC(422) Pause Young (Prepare Mixed) (G1 Evacuation Pause)
[2025-08-21T20:04:49.065+0000][1692535][info ][gc,task     ] GC(422) Using 1 workers of 1 for evacuation
[2025-08-21T20:04:49.065+0000][1692535][debug][gc,age      ] GC(422) Desired survivor size 18874368 bytes, new threshold 1 (max threshold 15)
[2025-08-21T20:04:49.069+0000][1692535][info ][gc,phases   ] GC(422)   Pre Evacuate Collection Set: 0.1ms
[2025-08-21T20:04:49.069+0000][1692535][info ][gc,phases   ] GC(422)   Merge Heap Roots: 0.1ms
[2025-08-21T20:04:49.069+0000][1692535][info ][gc,phases   ] GC(422)   Evacuate Collection Set: 2.1ms
[2025-08-21T20:04:49.069+0000][1692535][info ][gc,phases   ] GC(422)   Post Evacuate Collection Set: 0.9ms
[2025-08-21T20:04:49.069+0000][1692535][info ][gc,phases   ] GC(422)   Other: 0.0ms
[2025-08-21T20:04:49.069+0000][1692535][trace][gc,age      ] GC(422) Age table with threshold 1 (max threshold 15)
[2025-08-21T20:04:49.069+0000][1692535][trace][gc,age      ] GC(422) - age   1:      29080 bytes,      29080 total
[2025-08-21T20:04:49.069+0000][1692535][info ][gc,heap     ] GC(422) Eden regions: 57->0(69)
[2025-08-21T20:04:49.069+0000][1692535][info ][gc,heap     ] GC(422) Survivor regions: 10->1(9)
[2025-08-21T20:04:49.069+0000][1692535][info ][gc,heap     ] GC(422) Old regions: 37->37
[2025-08-21T20:04:49.069+0000][1692535][info ][gc,heap     ] GC(422) Humongous regions: 0->0
[2025-08-21T20:04:49.069+0000][1692535][info ][gc,metaspace] GC(422) Metaspace: 138187K(143808K)->138187K(143808K) NonClass: 119948K(123328K)->119948K(123328K) Class: 18238K(20480K)->18238K(20480K)
[2025-08-21T20:04:49.069+0000][1692535][info ][gc          ] GC(422) Pause Young (Prepare Mixed) (G1 Evacuation Pause) 414M->150M(512M) 3.377ms
[2025-08-21T20:04:49.069+0000][1692535][info ][gc,cpu      ] GC(422) User=0.00s Sys=0.00s Real=0.01s
[2025-08-21T20:04:49.069+0000][1692535][info ][safepoint   ] Safepoint "G1CollectForAllocation", Time since last: 352182940134 ns, Reaching safepoint: 7051 ns, Cleanup: 2824 ns, At safepoint: 3412132 ns, Total: 3422007 ns
[2025-08-21T20:06:01.086+0000][1692535][info ][safepoint   ] Safepoint "Cleanup", Time since last: 72004100127 ns, Reaching safepoint: 12906139 ns, Cleanup: 120061 ns, At safepoint: 5869 ns, Total: 13032069 ns
[2025-08-21T20:06:02.150+0000][1692535][info ][safepoint   ] Safepoint "Cleanup", Time since last: 1000767016 ns, Reaching safepoint: 63689533 ns, Cleanup: 35424 ns, At safepoint: 7501 ns, Total: 63732458 ns
[2025-08-21T20:06:03.178+0000][1692535][info ][safepoint   ] Safepoint "Cleanup", Time since last: 1001301162 ns, Reaching safepoint: 26498454 ns, Cleanup: 24858 ns, At safepoint: 5618 ns, Total: 26528930 ns
[2025-08-21T20:06:04.188+0000][1692535][info ][safepoint   ] Safepoint "Cleanup", Time since last: 1000083093 ns, Reaching safepoint: 9435638 ns, Cleanup: 27081 ns, At safepoint: 5418 ns, Total: 9468137 ns
[2025-08-21T20:06:05.188+0000][1692535][info ][safepoint   ] Safepoint "Cleanup", Time since last: 1000139158 ns, Reaching safepoint: 304900 ns, Cleanup: 9475 ns, At safepoint: 3765 ns, Total: 318140 ns
[2025-08-21T20:06:06.188+0000][1692535][info ][safepoint   ] Safepoint "Cleanup", Time since last: 1000114120 ns, Reaching safepoint: 65269 ns, Cleanup: 46821 ns, At safepoint: 2904 ns, Total: 114994 ns
[2025-08-21T20:06:06.899+0000][1692535][info ][gc,start    ] GC(423) Pause Young (Mixed) (G1 Evacuation Pause)
[2025-08-21T20:06:06.900+0000][1692535][info ][gc,task     ] GC(423) Using 1 workers of 1 for evacuation
[2025-08-21T20:06:06.901+0000][1692535][debug][gc,age      ] GC(423) Desired survivor size 18874368 bytes, new threshold 15 (max threshold 15)
[2025-08-21T20:06:07.026+0000][1692535][info ][gc,phases   ] GC(423)   Pre Evacuate Collection Set: 0.1ms
[2025-08-21T20:06:07.026+0000][1692535][info ][gc,phases   ] GC(423)   Merge Heap Roots: 0.1ms
[2025-08-21T20:06:07.026+0000][1692535][info ][gc,phases   ] GC(423)   Evacuate Collection Set: 113.2ms
[2025-08-21T20:06:07.026+0000][1692535][info ][gc,phases   ] GC(423)   Post Evacuate Collection Set: 9.7ms
[2025-08-21T20:06:07.026+0000][1692535][info ][gc,phases   ] GC(423)   Other: 2.7ms
[2025-08-21T20:06:07.026+0000][1692535][trace][gc,age      ] GC(423) Age table with threshold 15 (max threshold 15)
[2025-08-21T20:06:07.026+0000][1692535][trace][gc,age      ] GC(423) - age   1:   20442736 bytes,   20442736 total
[2025-08-21T20:06:07.026+0000][1692535][trace][gc,age      ] GC(423) - age   2:      19232 bytes,   20461968 total
[2025-08-21T20:06:07.026+0000][1692535][info ][gc,heap     ] GC(423) Eden regions: 69->0(66)
[2025-08-21T20:06:07.026+0000][1692535][info ][gc,heap     ] GC(423) Survivor regions: 1->5(9)
[2025-08-21T20:06:07.026+0000][1692535][info ][gc,heap     ] GC(423) Old regions: 37->37
[2025-08-21T20:06:07.026+0000][1692535][info ][gc,heap     ] GC(423) Humongous regions: 0->0
[2025-08-21T20:06:07.027+0000][1692535][info ][gc,metaspace] GC(423) Metaspace: 138204K(143808K)->138204K(143808K) NonClass: 119966K(123328K)->119966K(123328K) Class: 18238K(20480K)->18238K(20480K)
[2025-08-21T20:06:07.027+0000][1692535][info ][gc          ] GC(423) Pause Young (Mixed) (G1 Evacuation Pause) 426M->165M(512M) 128.293ms
[2025-08-21T20:06:07.027+0000][1692535][info ][gc,cpu      ] GC(423) User=0.00s Sys=0.02s Real=0.13s
[2025-08-21T20:06:07.027+0000][1692535][info ][safepoint   ] Safepoint "G1CollectForAllocation", Time since last: 691379950 ns, Reaching safepoint: 18346754 ns, Cleanup: 19329 ns, At safepoint: 129143992 ns, Total: 147510075 ns
[2025-08-21T20:06:08.027+0000][1692535][info ][safepoint   ] Safepoint "Cleanup", Time since last: 1000074210 ns, Reaching safepoint: 6690 ns, Cleanup: 24758 ns, At safepoint: 2754 ns, Total: 34202 ns
[2025-08-21T20:10:44.257+0000][1692535][info ][gc,start    ] GC(424) Pause Young (Concurrent Start) (G1 Evacuation Pause)
[2025-08-21T20:10:44.257+0000][1692535][info ][gc,task     ] GC(424) Using 1 workers of 1 for evacuation
[2025-08-21T20:10:44.257+0000][1692535][debug][gc,age      ] GC(424) Desired survivor size 18874368 bytes, new threshold 1 (max threshold 15)
[2025-08-21T20:10:44.262+0000][1692535][info ][gc,phases   ] GC(424)   Pre Evacuate Collection Set: 0.0ms
[2025-08-21T20:10:44.262+0000][1692535][info ][gc,phases   ] GC(424)   Merge Heap Roots: 0.0ms
[2025-08-21T20:10:44.262+0000][1692535][info ][gc,phases   ] GC(424)   Evacuate Collection Set: 4.8ms
[2025-08-21T20:10:44.262+0000][1692535][info ][gc,phases   ] GC(424)   Post Evacuate Collection Set: 0.8ms
[2025-08-21T20:10:44.262+0000][1692535][info ][gc,phases   ] GC(424)   Other: 0.0ms
[2025-08-21T20:10:44.262+0000][1692535][trace][gc,age      ] GC(424) Age table with threshold 1 (max threshold 15)
[2025-08-21T20:10:44.262+0000][1692535][trace][gc,age      ] GC(424) - age   1:      16584 bytes,      16584 total
[2025-08-21T20:10:44.262+0000][1692535][info ][gc,heap     ] GC(424) Eden regions: 66->0(73)
[2025-08-21T20:10:44.262+0000][1692535][info ][gc,heap     ] GC(424) Survivor regions: 5->1(9)
[2025-08-21T20:10:44.262+0000][1692535][info ][gc,heap     ] GC(424) Old regions: 37->37
[2025-08-21T20:10:44.262+0000][1692535][info ][gc,heap     ] GC(424) Humongous regions: 0->0
[2025-08-21T20:10:44.262+0000][1692535][info ][gc,metaspace] GC(424) Metaspace: 138212K(143808K)->138212K(143808K) NonClass: 119974K(123328K)->119974K(123328K) Class: 18238K(20480K)->18238K(20480K)
[2025-08-21T20:10:44.263+0000][1692535][info ][gc          ] GC(424) Pause Young (Concurrent Start) (G1 Evacuation Pause) 429M->148M(512M) 5.965ms
[2025-08-21T20:10:44.263+0000][1692535][info ][gc,cpu      ] GC(424) User=0.00s Sys=0.00s Real=0.00s
[2025-08-21T20:10:44.263+0000][1692535][info ][safepoint   ] Safepoint "G1CollectForAllocation", Time since last: 276229229335 ns, Reaching safepoint: 7201 ns, Cleanup: 2504 ns, At safepoint: 6003355 ns, Total: 6013060 ns
[2025-08-21T20:10:44.269+0000][1692535][info ][gc          ] GC(425) Concurrent Mark Cycle
[2025-08-21T20:10:44.269+0000][1692535][info ][gc,marking  ] GC(425) Concurrent Scan Root Regions
[2025-08-21T20:10:44.280+0000][1692535][info ][gc,marking  ] GC(425) Concurrent Scan Root Regions 11.251ms
[2025-08-21T20:10:44.280+0000][1692535][info ][gc,marking  ] GC(425) Concurrent Mark
[2025-08-21T20:10:44.280+0000][1692535][info ][gc,marking  ] GC(425) Concurrent Mark From Roots
[2025-08-21T20:10:44.280+0000][1692535][info ][gc,task     ] GC(425) Using 1 workers of 1 for marking
[2025-08-21T20:10:44.438+0000][1692535][info ][gc,marking  ] GC(425) Concurrent Mark From Roots 157.823ms
[2025-08-21T20:10:44.438+0000][1692535][info ][gc,marking  ] GC(425) Concurrent Preclean
[2025-08-21T20:10:44.438+0000][1692535][info ][gc,marking  ] GC(425) Concurrent Preclean 0.254ms
[2025-08-21T20:10:44.438+0000][1692535][info ][gc,start    ] GC(425) Pause Remark
[2025-08-21T20:10:44.451+0000][1692535][info ][gc          ] GC(425) Pause Remark 148M->112M(512M) 12.997ms
[2025-08-21T20:10:44.451+0000][1692535][info ][gc,cpu      ] GC(425) User=0.01s Sys=0.00s Real=0.01s
[2025-08-21T20:10:44.451+0000][1692535][info ][safepoint   ] Safepoint "G1PauseRemark", Time since last: 175625631 ns, Reaching safepoint: 5118 ns, Cleanup: 2854 ns, At safepoint: 13040742 ns, Total: 13048714 ns
[2025-08-21T20:10:44.451+0000][1692535][info ][gc,marking  ] GC(425) Concurrent Mark 171.203ms
[2025-08-21T20:10:44.451+0000][1692535][info ][gc,marking  ] GC(425) Concurrent Rebuild Remembered Sets and Scrub Regions
[2025-08-21T20:10:44.494+0000][1692535][info ][gc,marking  ] GC(425) Concurrent Rebuild Remembered Sets and Scrub Regions 43.248ms
[2025-08-21T20:10:44.495+0000][1692535][info ][gc,start    ] GC(425) Pause Cleanup
[2025-08-21T20:10:44.495+0000][1692535][info ][gc          ] GC(425) Pause Cleanup 112M->112M(512M) 0.046ms
[2025-08-21T20:10:44.495+0000][1692535][info ][gc,cpu      ] GC(425) User=0.00s Sys=0.00s Real=0.00s
[2025-08-21T20:10:44.495+0000][1692535][info ][safepoint   ] Safepoint "G1PauseCleanup", Time since last: 43307586 ns, Reaching safepoint: 4417 ns, Cleanup: 2634 ns, At safepoint: 70847 ns, Total: 77898 ns
[2025-08-21T20:10:44.495+0000][1692535][info ][gc,marking  ] GC(425) Concurrent Clear Claimed Marks
[2025-08-21T20:10:44.495+0000][1692535][info ][gc,marking  ] GC(425) Concurrent Clear Claimed Marks 0.170ms
[2025-08-21T20:10:44.495+0000][1692535][info ][gc,marking  ] GC(425) Concurrent Cleanup for Next Mark
[2025-08-21T20:10:44.517+0000][1692535][info ][gc,marking  ] GC(425) Concurrent Cleanup for Next Mark 21.832ms
[2025-08-21T20:10:44.517+0000][1692535][info ][gc          ] GC(425) Concurrent Mark Cycle 247.897ms
[2025-08-21T20:11:48.502+0000][1692535][info ][safepoint   ] Safepoint "Cleanup", Time since last: 64003714323 ns, Reaching safepoint: 3483831 ns, Cleanup: 19710 ns, At safepoint: 3245 ns, Total: 3506786 ns
[2025-08-21T20:11:49.502+0000][1692535][info ][safepoint   ] Safepoint "Cleanup", Time since last: 1000092797 ns, Reaching safepoint: 70557 ns, Cleanup: 12759 ns, At safepoint: 2644 ns, Total: 85960 ns
[2025-08-21T20:11:49.978+0000][1692535][info ][gc,start    ] GC(426) Pause Young (Prepare Mixed) (G1 Evacuation Pause)
[2025-08-21T20:11:49.978+0000][1692535][info ][gc,task     ] GC(426) Using 1 workers of 1 for evacuation
[2025-08-21T20:11:49.978+0000][1692535][debug][gc,age      ] GC(426) Desired survivor size 20971520 bytes, new threshold 15 (max threshold 15)
[2025-08-21T20:11:49.993+0000][1692535][info ][gc,phases   ] GC(426)   Pre Evacuate Collection Set: 0.0ms
[2025-08-21T20:11:49.993+0000][1692535][info ][gc,phases   ] GC(426)   Merge Heap Roots: 0.0ms
[2025-08-21T20:11:49.993+0000][1692535][info ][gc,phases   ] GC(426)   Evacuate Collection Set: 13.9ms
[2025-08-21T20:11:49.993+0000][1692535][info ][gc,phases   ] GC(426)   Post Evacuate Collection Set: 0.9ms
[2025-08-21T20:11:49.993+0000][1692535][info ][gc,phases   ] GC(426)   Other: 0.0ms
[2025-08-21T20:11:49.993+0000][1692535][trace][gc,age      ] GC(426) Age table with threshold 15 (max threshold 15)
[2025-08-21T20:11:49.993+0000][1692535][trace][gc,age      ] GC(426) - age   1:   10685704 bytes,   10685704 total
[2025-08-21T20:11:49.993+0000][1692535][trace][gc,age      ] GC(426) - age   2:       7024 bytes,   10692728 total
[2025-08-21T20:11:49.993+0000][1692535][info ][gc,heap     ] GC(426) Eden regions: 73->0(73)
[2025-08-21T20:11:49.993+0000][1692535][info ][gc,heap     ] GC(426) Survivor regions: 1->3(10)
[2025-08-21T20:11:49.993+0000][1692535][info ][gc,heap     ] GC(426) Old regions: 28->28
[2025-08-21T20:11:49.993+0000][1692535][info ][gc,heap     ] GC(426) Humongous regions: 0->0
[2025-08-21T20:11:49.993+0000][1692535][info ][gc,metaspace] GC(426) Metaspace: 138214K(143872K)->138214K(143872K) NonClass: 119976K(123392K)->119976K(123392K) Class: 18238K(20480K)->18238K(20480K)
[2025-08-21T20:11:49.993+0000][1692535][info ][gc          ] GC(426) Pause Young (Prepare Mixed) (G1 Evacuation Pause) 404M->121M(512M) 15.043ms
[2025-08-21T20:11:49.993+0000][1692535][info ][gc,cpu      ] GC(426) User=0.01s Sys=0.00s Real=0.01s
[2025-08-21T20:11:49.993+0000][1692535][info ][safepoint   ] Safepoint "G1CollectForAllocation", Time since last: 475574095 ns, Reaching safepoint: 4887 ns, Cleanup: 8093 ns, At safepoint: 15086411 ns, Total: 15099391 ns
[2025-08-21T20:11:50.993+0000][1692535][info ][safepoint   ] Safepoint "Cleanup", Time since last: 1000071105 ns, Reaching safepoint: 164007 ns, Cleanup: 8874 ns, At safepoint: 2704 ns, Total: 175585 ns
[2025-08-21T20:11:51.993+0000][1692535][info ][safepoint   ] Safepoint "Cleanup", Time since last: 1000088561 ns, Reaching safepoint: 334215 ns, Cleanup: 13420 ns, At safepoint: 2954 ns, Total: 350589 ns
[2025-08-21T20:11:53.994+0000][1692535][info ][safepoint   ] Safepoint "Cleanup", Time since last: 2000149501 ns, Reaching safepoint: 72119 ns, Cleanup: 14813 ns, At safepoint: 2574 ns, Total: 89506 ns
[2025-08-21T20:11:54.999+0000][1692535][info ][safepoint   ] Safepoint "Cleanup", Time since last: 1000090764 ns, Reaching safepoint: 5266633 ns, Cleanup: 9694 ns, At safepoint: 2955 ns, Total: 5279282 ns
[2025-08-21T20:11:57.999+0000][1692535][info ][safepoint   ] Safepoint "Cleanup", Time since last: 3000214667 ns, Reaching safepoint: 98068 ns, Cleanup: 8923 ns, At safepoint: 3195 ns, Total: 110186 ns
[2025-08-21T20:11:59.657+0000][1692535][info ][gc,start    ] GC(427) Pause Young (Mixed) (G1 Evacuation Pause)
[2025-08-21T20:11:59.657+0000][1692535][info ][gc,task     ] GC(427) Using 1 workers of 1 for evacuation
[2025-08-21T20:11:59.657+0000][1692535][debug][gc,age      ] GC(427) Desired survivor size 20971520 bytes, new threshold 15 (max threshold 15)
[2025-08-21T20:11:59.766+0000][1692535][info ][gc,phases   ] GC(427)   Pre Evacuate Collection Set: 0.1ms
[2025-08-21T20:11:59.766+0000][1692535][info ][gc,phases   ] GC(427)   Merge Heap Roots: 0.0ms
[2025-08-21T20:11:59.766+0000][1692535][info ][gc,phases   ] GC(427)   Evacuate Collection Set: 107.1ms
[2025-08-21T20:11:59.766+0000][1692535][info ][gc,phases   ] GC(427)   Post Evacuate Collection Set: 1.9ms
[2025-08-21T20:11:59.766+0000][1692535][info ][gc,phases   ] GC(427)   Other: 0.0ms
[2025-08-21T20:11:59.766+0000][1692535][trace][gc,age      ] GC(427) Age table with threshold 15 (max threshold 15)
[2025-08-21T20:11:59.766+0000][1692535][trace][gc,age      ] GC(427) - age   1:   28367704 bytes,   28367704 total
[2025-08-21T20:11:59.766+0000][1692535][trace][gc,age      ] GC(427) - age   2:    2578808 bytes,   30946512 total
[2025-08-21T20:11:59.766+0000][1692535][trace][gc,age      ] GC(427) - age   3:       7024 bytes,   30953536 total
[2025-08-21T20:11:59.766+0000][1692535][info ][gc,heap     ] GC(427) Eden regions: 73->0(68)
[2025-08-21T20:11:59.766+0000][1692535][info ][gc,heap     ] GC(427) Survivor regions: 3->8(10)
[2025-08-21T20:11:59.766+0000][1692535][info ][gc,heap     ] GC(427) Old regions: 28->27
[2025-08-21T20:11:59.766+0000][1692535][info ][gc,heap     ] GC(427) Humongous regions: 0->0
[2025-08-21T20:11:59.766+0000][1692535][info ][gc,metaspace] GC(427) Metaspace: 138216K(143872K)->138216K(143872K) NonClass: 119978K(123392K)->119978K(123392K) Class: 18238K(20480K)->18238K(20480K)
[2025-08-21T20:11:59.767+0000][1692535][info ][gc          ] GC(427) Pause Young (Mixed) (G1 Evacuation Pause) 413M->138M(512M) 109.217ms
[2025-08-21T20:11:59.767+0000][1692535][info ][gc,cpu      ] GC(427) User=0.01s Sys=0.02s Real=0.11s
[2025-08-21T20:11:59.767+0000][1692535][info ][safepoint   ] Safepoint "G1CollectForAllocation", Time since last: 1657981344 ns, Reaching safepoint: 5318 ns, Cleanup: 3826 ns, At safepoint: 109269281 ns, Total: 109278425 ns
[2025-08-21T20:12:01.769+0000][1692535][info ][safepoint   ] Safepoint "Cleanup", Time since last: 2000432007 ns, Reaching safepoint: 2124679 ns, Cleanup: 12108 ns, At safepoint: 4777 ns, Total: 2141564 ns
[2025-08-21T20:12:01.769+0000][1692535][info ][gc,start    ] GC(428) Pause Young (Concurrent Start) (G1 Evacuation Pause)
[2025-08-21T20:12:01.769+0000][1692535][info ][gc,task     ] GC(428) Using 1 workers of 1 for evacuation
[2025-08-21T20:12:01.769+0000][1692535][debug][gc,age      ] GC(428) Desired survivor size 20971520 bytes, new threshold 1 (max threshold 15)
[2025-08-21T20:12:01.774+0000][1692535][info ][gc,phases   ] GC(428)   Pre Evacuate Collection Set: 0.0ms
[2025-08-21T20:12:01.774+0000][1692535][info ][gc,phases   ] GC(428)   Merge Heap Roots: 0.0ms
[2025-08-21T20:12:01.774+0000][1692535][info ][gc,phases   ] GC(428)   Evacuate Collection Set: 2.5ms
[2025-08-21T20:12:01.774+0000][1692535][info ][gc,phases   ] GC(428)   Post Evacuate Collection Set: 0.9ms
[2025-08-21T20:12:01.774+0000][1692535][info ][gc,phases   ] GC(428)   Other: 0.6ms
[2025-08-21T20:12:01.774+0000][1692535][trace][gc,age      ] GC(428) Age table with threshold 1 (max threshold 15)
[2025-08-21T20:12:01.774+0000][1692535][trace][gc,age      ] GC(428) - age   1:     321856 bytes,     321856 total
[2025-08-21T20:12:01.774+0000][1692535][info ][gc,heap     ] GC(428) Eden regions: 68->0(75)
[2025-08-21T20:12:01.774+0000][1692535][info ][gc,heap     ] GC(428) Survivor regions: 8->1(10)
[2025-08-21T20:12:01.774+0000][1692535][info ][gc,heap     ] GC(428) Old regions: 27->27
[2025-08-21T20:12:01.774+0000][1692535][info ][gc,heap     ] GC(428) Humongous regions: 0->0
[2025-08-21T20:12:01.774+0000][1692535][info ][gc,metaspace] GC(428) Metaspace: 138216K(143872K)->138216K(143872K) NonClass: 119978K(123392K)->119978K(123392K) Class: 18238K(20480K)->18238K(20480K)
[2025-08-21T20:12:01.774+0000][1692535][info ][gc          ] GC(428) Pause Young (Concurrent Start) (G1 Evacuation Pause) 410M->108M(512M) 4.191ms
[2025-08-21T20:12:01.774+0000][1692535][info ][gc,cpu      ] GC(428) User=0.00s Sys=0.00s Real=0.00s
[2025-08-21T20:12:01.774+0000][1692535][info ][safepoint   ] Safepoint "G1CollectForAllocation", Time since last: 109736 ns, Reaching safepoint: 158770 ns, Cleanup: 1121 ns, At safepoint: 4233133 ns, Total: 4393024 ns
[2025-08-21T20:12:01.777+0000][1692535][info ][gc          ] GC(429) Concurrent Mark Cycle
[2025-08-21T20:12:01.777+0000][1692535][info ][gc,marking  ] GC(429) Concurrent Scan Root Regions
[2025-08-21T20:12:01.779+0000][1692535][info ][gc,marking  ] GC(429) Concurrent Scan Root Regions 1.753ms
[2025-08-21T20:12:01.779+0000][1692535][info ][gc,marking  ] GC(429) Concurrent Mark
[2025-08-21T20:12:01.779+0000][1692535][info ][gc,marking  ] GC(429) Concurrent Mark From Roots
[2025-08-21T20:12:01.779+0000][1692535][info ][gc,task     ] GC(429) Using 1 workers of 1 for marking
[2025-08-21T20:12:02.641+0000][1692535][info ][gc,marking  ] GC(429) Concurrent Mark From Roots 861.772ms
[2025-08-21T20:12:02.641+0000][1692535][info ][gc,marking  ] GC(429) Concurrent Preclean
[2025-08-21T20:12:02.641+0000][1692535][info ][gc,marking  ] GC(429) Concurrent Preclean 0.411ms
[2025-08-21T20:12:02.646+0000][1692535][info ][gc,start    ] GC(429) Pause Remark
[2025-08-21T20:12:02.672+0000][1692535][info ][gc          ] GC(429) Pause Remark 290M->274M(512M) 26.149ms
[2025-08-21T20:12:02.672+0000][1692535][info ][gc,cpu      ] GC(429) User=0.01s Sys=0.00s Real=0.02s
[2025-08-21T20:12:02.672+0000][1692535][info ][safepoint   ] Safepoint "G1PauseRemark", Time since last: 867774802 ns, Reaching safepoint: 4262026 ns, Cleanup: 21613 ns, At safepoint: 26207744 ns, Total: 30491383 ns
[2025-08-21T20:12:02.672+0000][1692535][info ][gc,marking  ] GC(429) Concurrent Mark 892.891ms
[2025-08-21T20:12:02.672+0000][1692535][info ][gc,marking  ] GC(429) Concurrent Rebuild Remembered Sets and Scrub Regions
[2025-08-21T20:12:02.930+0000][1692535][info ][gc,marking  ] GC(429) Concurrent Rebuild Remembered Sets and Scrub Regions 258.128ms
[2025-08-21T20:12:02.930+0000][1692535][info ][gc,start    ] GC(429) Pause Cleanup
[2025-08-21T20:12:02.930+0000][1692535][info ][gc          ] GC(429) Pause Cleanup 314M->314M(512M) 0.141ms
[2025-08-21T20:12:02.930+0000][1692535][info ][gc,cpu      ] GC(429) User=0.00s Sys=0.00s Real=0.00s
[2025-08-21T20:12:02.930+0000][1692535][info ][safepoint   ] Safepoint "G1PauseCleanup", Time since last: 258338641 ns, Reaching safepoint: 82335 ns, Cleanup: 9334 ns, At safepoint: 160081 ns, Total: 251750 ns
[2025-08-21T20:12:02.930+0000][1692535][info ][gc,marking  ] GC(429) Concurrent Clear Claimed Marks
[2025-08-21T20:12:02.931+0000][1692535][info ][gc,marking  ] GC(429) Concurrent Clear Claimed Marks 0.181ms
[2025-08-21T20:12:02.931+0000][1692535][info ][gc,marking  ] GC(429) Concurrent Cleanup for Next Mark
[2025-08-21T20:12:02.961+0000][1692535][info ][gc,marking  ] GC(429) Concurrent Cleanup for Next Mark 29.931ms
[2025-08-21T20:12:02.961+0000][1692535][info ][gc          ] GC(429) Concurrent Mark Cycle 1183.261ms
[2025-08-21T20:12:03.933+0000][1692535][info ][safepoint   ] Safepoint "Cleanup", Time since last: 1000076403 ns, Reaching safepoint: 2065630 ns, Cleanup: 17276 ns, At safepoint: 3725 ns, Total: 2086631 ns
[2025-08-21T20:12:04.651+0000][1692535][info ][gc,start    ] GC(430) Pause Young (Prepare Mixed) (G1 Evacuation Pause)
[2025-08-21T20:12:04.651+0000][1692535][info ][gc,task     ] GC(430) Using 1 workers of 1 for evacuation
[2025-08-21T20:12:04.651+0000][1692535][debug][gc,age      ] GC(430) Desired survivor size 20971520 bytes, new threshold 15 (max threshold 15)
[2025-08-21T20:12:04.670+0000][1692535][info ][gc,phases   ] GC(430)   Pre Evacuate Collection Set: 0.1ms
[2025-08-21T20:12:04.670+0000][1692535][info ][gc,phases   ] GC(430)   Merge Heap Roots: 0.1ms
[2025-08-21T20:12:04.670+0000][1692535][info ][gc,phases   ] GC(430)   Evacuate Collection Set: 17.6ms
[2025-08-21T20:12:04.670+0000][1692535][info ][gc,phases   ] GC(430)   Post Evacuate Collection Set: 1.1ms
[2025-08-21T20:12:04.670+0000][1692535][info ][gc,phases   ] GC(430)   Other: 0.0ms
[2025-08-21T20:12:04.670+0000][1692535][trace][gc,age      ] GC(430) Age table with threshold 15 (max threshold 15)
[2025-08-21T20:12:04.670+0000][1692535][trace][gc,age      ] GC(430) - age   1:    4833440 bytes,    4833440 total
[2025-08-21T20:12:04.670+0000][1692535][trace][gc,age      ] GC(430) - age   2:       3024 bytes,    4836464 total
[2025-08-21T20:12:04.670+0000][1692535][info ][gc,heap     ] GC(430) Eden regions: 75->0(74)
[2025-08-21T20:12:04.670+0000][1692535][info ][gc,heap     ] GC(430) Survivor regions: 1->2(10)
[2025-08-21T20:12:04.670+0000][1692535][info ][gc,heap     ] GC(430) Old regions: 23->23
[2025-08-21T20:12:04.670+0000][1692535][info ][gc,heap     ] GC(430) Humongous regions: 0->0
[2025-08-21T20:12:04.670+0000][1692535][info ][gc,metaspace] GC(430) Metaspace: 138224K(143872K)->138224K(143872K) NonClass: 119986K(123392K)->119986K(123392K) Class: 18238K(20480K)->18238K(20480K)
[2025-08-21T20:12:04.670+0000][1692535][info ][gc          ] GC(430) Pause Young (Prepare Mixed) (G1 Evacuation Pause) 392M->95M(512M) 18.963ms
[2025-08-21T20:12:04.670+0000][1692535][info ][gc,cpu      ] GC(430) User=0.00s Sys=0.00s Real=0.02s
[2025-08-21T20:12:04.670+0000][1692535][info ][safepoint   ] Safepoint "G1CollectForAllocation", Time since last: 718172808 ns, Reaching safepoint: 5348 ns, Cleanup: 12990 ns, At safepoint: 19006080 ns, Total: 19024418 ns
[2025-08-21T20:12:05.670+0000][1692535][info ][safepoint   ] Safepoint "Cleanup", Time since last: 1000073368 ns, Reaching safepoint: 6570 ns, Cleanup: 11557 ns, At safepoint: 3245 ns, Total: 21372 ns
[2025-08-21T20:13:57.124+0000][1692535][info ][safepoint   ] Safepoint "Cleanup", Time since last: 111454265810 ns, Reaching safepoint: 36555 ns, Cleanup: 10095 ns, At safepoint: 5208 ns, Total: 51858 ns
[2025-08-21T20:22:09.630+0000][1692535][info ][gc,start    ] GC(431) Pause Young (Mixed) (G1 Evacuation Pause)
[2025-08-21T20:22:09.630+0000][1692535][info ][gc,task     ] GC(431) Using 1 workers of 1 for evacuation
[2025-08-21T20:22:09.630+0000][1692535][debug][gc,age      ] GC(431) Desired survivor size 20971520 bytes, new threshold 15 (max threshold 15)
[2025-08-21T20:22:09.651+0000][1692535][info ][gc,phases   ] GC(431)   Pre Evacuate Collection Set: 0.0ms
[2025-08-21T20:22:09.651+0000][1692535][info ][gc,phases   ] GC(431)   Merge Heap Roots: 0.3ms
[2025-08-21T20:22:09.651+0000][1692535][info ][gc,phases   ] GC(431)   Evacuate Collection Set: 18.9ms
[2025-08-21T20:22:09.651+0000][1692535][info ][gc,phases   ] GC(431)   Post Evacuate Collection Set: 0.9ms
[2025-08-21T20:22:09.651+0000][1692535][info ][gc,phases   ] GC(431)   Other: 0.0ms
[2025-08-21T20:22:09.651+0000][1692535][trace][gc,age      ] GC(431) Age table with threshold 15 (max threshold 15)
[2025-08-21T20:22:09.651+0000][1692535][trace][gc,age      ] GC(431) - age   1:      11224 bytes,      11224 total
[2025-08-21T20:22:09.651+0000][1692535][trace][gc,age      ] GC(431) - age   2:      36728 bytes,      47952 total
[2025-08-21T20:22:09.651+0000][1692535][trace][gc,age      ] GC(431) - age   3:       2736 bytes,      50688 total
[2025-08-21T20:22:09.651+0000][1692535][info ][gc,heap     ] GC(431) Eden regions: 74->0(75)
[2025-08-21T20:22:09.651+0000][1692535][info ][gc,heap     ] GC(431) Survivor regions: 2->1(10)
[2025-08-21T20:22:09.651+0000][1692535][info ][gc,heap     ] GC(431) Old regions: 23->23
[2025-08-21T20:22:09.651+0000][1692535][info ][gc,heap     ] GC(431) Humongous regions: 0->0
[2025-08-21T20:22:09.651+0000][1692535][info ][gc,metaspace] GC(431) Metaspace: 138224K(143872K)->138224K(143872K) NonClass: 119986K(123392K)->119986K(123392K) Class: 18238K(20480K)->18238K(20480K)
[2025-08-21T20:22:09.651+0000][1692535][info ][gc          ] GC(431) Pause Young (Mixed) (G1 Evacuation Pause) 391M->89M(512M) 20.293ms
[2025-08-21T20:22:09.651+0000][1692535][info ][gc,cpu      ] GC(431) User=0.01s Sys=0.00s Real=0.02s
[2025-08-21T20:22:09.651+0000][1692535][info ][safepoint   ] Safepoint "G1CollectForAllocation", Time since last: 492506057986 ns, Reaching safepoint: 7401 ns, Cleanup: 2924 ns, At safepoint: 20332313 ns, Total: 20342638 ns
[2025-08-21T20:33:52.419+0000][1692535][info ][gc,start    ] GC(432) Pause Young (Concurrent Start) (G1 Evacuation Pause)
[2025-08-21T20:33:52.420+0000][1692535][info ][gc,task     ] GC(432) Using 1 workers of 1 for evacuation
[2025-08-21T20:33:52.420+0000][1692535][debug][gc,age      ] GC(432) Desired survivor size 20971520 bytes, new threshold 15 (max threshold 15)
[2025-08-21T20:33:52.423+0000][1692535][info ][gc,phases   ] GC(432)   Pre Evacuate Collection Set: 0.0ms
[2025-08-21T20:33:52.423+0000][1692535][info ][gc,phases   ] GC(432)   Merge Heap Roots: 0.0ms
[2025-08-21T20:33:52.423+0000][1692535][info ][gc,phases   ] GC(432)   Evacuate Collection Set: 2.1ms
[2025-08-21T20:33:52.423+0000][1692535][info ][gc,phases   ] GC(432)   Post Evacuate Collection Set: 0.7ms
[2025-08-21T20:33:52.423+0000][1692535][info ][gc,phases   ] GC(432)   Other: 0.0ms
[2025-08-21T20:33:52.423+0000][1692535][trace][gc,age      ] GC(432) Age table with threshold 15 (max threshold 15)
[2025-08-21T20:33:52.423+0000][1692535][trace][gc,age      ] GC(432) - age   1:      80328 bytes,      80328 total
[2025-08-21T20:33:52.423+0000][1692535][trace][gc,age      ] GC(432) - age   2:        168 bytes,      80496 total
[2025-08-21T20:33:52.423+0000][1692535][trace][gc,age      ] GC(432) - age   3:      36728 bytes,     117224 total
[2025-08-21T20:33:52.423+0000][1692535][trace][gc,age      ] GC(432) - age   4:       2736 bytes,     119960 total
[2025-08-21T20:33:52.423+0000][1692535][info ][gc,heap     ] GC(432) Eden regions: 75->0(75)
[2025-08-21T20:33:52.423+0000][1692535][info ][gc,heap     ] GC(432) Survivor regions: 1->1(10)
[2025-08-21T20:33:52.423+0000][1692535][info ][gc,heap     ] GC(432) Old regions: 23->23
[2025-08-21T20:33:52.423+0000][1692535][info ][gc,heap     ] GC(432) Humongous regions: 0->0
[2025-08-21T20:33:52.423+0000][1692535][info ][gc,metaspace] GC(432) Metaspace: 138224K(143872K)->138224K(143872K) NonClass: 119986K(123392K)->119986K(123392K) Class: 18238K(20480K)->18238K(20480K)
[2025-08-21T20:33:52.423+0000][1692535][info ][gc          ] GC(432) Pause Young (Concurrent Start) (G1 Evacuation Pause) 389M->88M(512M) 3.414ms
[2025-08-21T20:33:52.423+0000][1692535][info ][gc,cpu      ] GC(432) User=0.01s Sys=0.00s Real=0.00s
[2025-08-21T20:33:52.423+0000][1692535][info ][safepoint   ] Safepoint "G1CollectForAllocation", Time since last: 702768564445 ns, Reaching safepoint: 7782 ns, Cleanup: 3816 ns, At safepoint: 3452714 ns, Total: 3464312 ns
[2025-08-21T20:33:52.426+0000][1692535][info ][gc          ] GC(433) Concurrent Mark Cycle
[2025-08-21T20:33:52.426+0000][1692535][info ][gc,marking  ] GC(433) Concurrent Scan Root Regions
[2025-08-21T20:33:52.427+0000][1692535][info ][gc,marking  ] GC(433) Concurrent Scan Root Regions 0.970ms
[2025-08-21T20:33:52.427+0000][1692535][info ][gc,marking  ] GC(433) Concurrent Mark
[2025-08-21T20:33:52.427+0000][1692535][info ][gc,marking  ] GC(433) Concurrent Mark From Roots
[2025-08-21T20:33:52.427+0000][1692535][info ][gc,task     ] GC(433) Using 1 workers of 1 for marking
[2025-08-21T20:33:52.536+0000][1692535][info ][gc,marking  ] GC(433) Concurrent Mark From Roots 108.508ms
[2025-08-21T20:33:52.536+0000][1692535][info ][gc,marking  ] GC(433) Concurrent Preclean
[2025-08-21T20:33:52.536+0000][1692535][info ][gc,marking  ] GC(433) Concurrent Preclean 0.248ms
[2025-08-21T20:33:52.536+0000][1692535][info ][gc,start    ] GC(433) Pause Remark
[2025-08-21T20:33:52.543+0000][1692535][info ][gc          ] GC(433) Pause Remark 91M->91M(512M) 7.270ms
[2025-08-21T20:33:52.543+0000][1692535][info ][gc,cpu      ] GC(433) User=0.00s Sys=0.00s Real=0.00s
[2025-08-21T20:33:52.543+0000][1692535][info ][safepoint   ] Safepoint "G1PauseRemark", Time since last: 113493299 ns, Reaching safepoint: 4717 ns, Cleanup: 2453 ns, At safepoint: 7312493 ns, Total: 7319663 ns
[2025-08-21T20:33:52.543+0000][1692535][info ][gc,marking  ] GC(433) Concurrent Mark 116.150ms
[2025-08-21T20:33:52.543+0000][1692535][info ][gc,marking  ] GC(433) Concurrent Rebuild Remembered Sets and Scrub Regions
[2025-08-21T20:33:52.585+0000][1692535][info ][gc,marking  ] GC(433) Concurrent Rebuild Remembered Sets and Scrub Regions 41.926ms
[2025-08-21T20:33:52.585+0000][1692535][info ][gc,start    ] GC(433) Pause Cleanup
[2025-08-21T20:33:52.586+0000][1692535][info ][gc          ] GC(433) Pause Cleanup 91M->91M(512M) 0.040ms
[2025-08-21T20:33:52.586+0000][1692535][info ][gc,cpu      ] GC(433) User=0.00s Sys=0.00s Real=0.00s
[2025-08-21T20:33:52.586+0000][1692535][info ][safepoint   ] Safepoint "G1PauseCleanup", Time since last: 41980952 ns, Reaching safepoint: 3315 ns, Cleanup: 1443 ns, At safepoint: 64587 ns, Total: 69345 ns
[2025-08-21T20:33:52.586+0000][1692535][info ][gc,marking  ] GC(433) Concurrent Clear Claimed Marks
[2025-08-21T20:33:52.586+0000][1692535][info ][gc,marking  ] GC(433) Concurrent Clear Claimed Marks 0.139ms
[2025-08-21T20:33:52.586+0000][1692535][info ][gc,marking  ] GC(433) Concurrent Cleanup for Next Mark
[2025-08-21T20:33:52.586+0000][1692535][info ][gc,marking  ] GC(433) Concurrent Cleanup for Next Mark 0.252ms
[2025-08-21T20:33:52.586+0000][1692535][info ][gc          ] GC(433) Concurrent Mark Cycle 159.603ms
[2025-08-21T20:35:02.590+0000][1692535][info ][safepoint   ] Safepoint "Cleanup", Time since last: 70004377196 ns, Reaching safepoint: 162245 ns, Cleanup: 10346 ns, At safepoint: 3214 ns, Total: 175805 ns
[2025-08-21T20:35:03.488+0000][1692535][info ][gc,start    ] GC(434) Pause Young (Prepare Mixed) (G1 Evacuation Pause)
[2025-08-21T20:35:03.488+0000][1692535][info ][gc,task     ] GC(434) Using 1 workers of 1 for evacuation
[2025-08-21T20:35:03.488+0000][1692535][debug][gc,age      ] GC(434) Desired survivor size 20971520 bytes, new threshold 15 (max threshold 15)
[2025-08-21T20:35:03.500+0000][1692535][info ][gc,phases   ] GC(434)   Pre Evacuate Collection Set: 0.0ms
[2025-08-21T20:35:03.500+0000][1692535][info ][gc,phases   ] GC(434)   Merge Heap Roots: 0.0ms
[2025-08-21T20:35:03.500+0000][1692535][info ][gc,phases   ] GC(434)   Evacuate Collection Set: 9.8ms
[2025-08-21T20:35:03.500+0000][1692535][info ][gc,phases   ] GC(434)   Post Evacuate Collection Set: 2.0ms
[2025-08-21T20:35:03.500+0000][1692535][info ][gc,phases   ] GC(434)   Other: 0.0ms
[2025-08-21T20:35:03.500+0000][1692535][trace][gc,age      ] GC(434) Age table with threshold 15 (max threshold 15)
[2025-08-21T20:35:03.500+0000][1692535][trace][gc,age      ] GC(434) - age   1:   10794048 bytes,   10794048 total
[2025-08-21T20:35:03.500+0000][1692535][trace][gc,age      ] GC(434) - age   2:       1536 bytes,   10795584 total
[2025-08-21T20:35:03.500+0000][1692535][trace][gc,age      ] GC(434) - age   4:      36608 bytes,   10832192 total
[2025-08-21T20:35:03.500+0000][1692535][trace][gc,age      ] GC(434) - age   5:       2736 bytes,   10834928 total
[2025-08-21T20:35:03.500+0000][1692535][info ][gc,heap     ] GC(434) Eden regions: 75->0(73)
[2025-08-21T20:35:03.500+0000][1692535][info ][gc,heap     ] GC(434) Survivor regions: 1->3(10)
[2025-08-21T20:35:03.500+0000][1692535][info ][gc,heap     ] GC(434) Old regions: 23->23
[2025-08-21T20:35:03.500+0000][1692535][info ][gc,heap     ] GC(434) Humongous regions: 0->0
[2025-08-21T20:35:03.500+0000][1692535][info ][gc,metaspace] GC(434) Metaspace: 138227K(143872K)->138227K(143872K) NonClass: 119989K(123392K)->119989K(123392K) Class: 18238K(20480K)->18238K(20480K)
[2025-08-21T20:35:03.500+0000][1692535][info ][gc          ] GC(434) Pause Young (Prepare Mixed) (G1 Evacuation Pause) 388M->98M(512M) 12.073ms
[2025-08-21T20:35:03.500+0000][1692535][info ][gc,cpu      ] GC(434) User=0.01s Sys=0.00s Real=0.01s
[2025-08-21T20:35:03.500+0000][1692535][info ][safepoint   ] Safepoint "G1CollectForAllocation", Time since last: 897810467 ns, Reaching safepoint: 68954 ns, Cleanup: 2995 ns, At safepoint: 12110818 ns, Total: 12182767 ns
[2025-08-21T20:35:06.500+0000][1692535][info ][safepoint   ] Safepoint "Cleanup", Time since last: 3000182686 ns, Reaching safepoint: 91418 ns, Cleanup: 8462 ns, At safepoint: 2244 ns, Total: 102124 ns
[2025-08-21T20:35:07.696+0000][1692535][info ][gc,start    ] GC(435) Pause Young (Mixed) (G1 Evacuation Pause)
[2025-08-21T20:35:07.696+0000][1692535][info ][gc,task     ] GC(435) Using 1 workers of 1 for evacuation
[2025-08-21T20:35:07.696+0000][1692535][debug][gc,age      ] GC(435) Desired survivor size 20971520 bytes, new threshold 15 (max threshold 15)
[2025-08-21T20:35:07.729+0000][1692535][info ][gc,phases   ] GC(435)   Pre Evacuate Collection Set: 0.0ms
[2025-08-21T20:35:07.729+0000][1692535][info ][gc,phases   ] GC(435)   Merge Heap Roots: 0.1ms
[2025-08-21T20:35:07.729+0000][1692535][info ][gc,phases   ] GC(435)   Evacuate Collection Set: 31.6ms
[2025-08-21T20:35:07.729+0000][1692535][info ][gc,phases   ] GC(435)   Post Evacuate Collection Set: 1.1ms
[2025-08-21T20:35:07.729+0000][1692535][info ][gc,phases   ] GC(435)   Other: 0.0ms
[2025-08-21T20:35:07.729+0000][1692535][trace][gc,age      ] GC(435) Age table with threshold 15 (max threshold 15)
[2025-08-21T20:35:07.729+0000][1692535][trace][gc,age      ] GC(435) - age   1:   29736168 bytes,   29736168 total
[2025-08-21T20:35:07.729+0000][1692535][trace][gc,age      ] GC(435) - age   2:    2579560 bytes,   32315728 total
[2025-08-21T20:35:07.729+0000][1692535][trace][gc,age      ] GC(435) - age   3:       1536 bytes,   32317264 total
[2025-08-21T20:35:07.729+0000][1692535][trace][gc,age      ] GC(435) - age   5:      36608 bytes,   32353872 total
[2025-08-21T20:35:07.729+0000][1692535][trace][gc,age      ] GC(435) - age   6:       2720 bytes,   32356592 total
[2025-08-21T20:35:07.729+0000][1692535][info ][gc,heap     ] GC(435) Eden regions: 73->0(68)
[2025-08-21T20:35:07.729+0000][1692535][info ][gc,heap     ] GC(435) Survivor regions: 3->8(10)
[2025-08-21T20:35:07.729+0000][1692535][info ][gc,heap     ] GC(435) Old regions: 23->22
[2025-08-21T20:35:07.729+0000][1692535][info ][gc,heap     ] GC(435) Humongous regions: 0->0
[2025-08-21T20:35:07.729+0000][1692535][info ][gc,metaspace] GC(435) Metaspace: 138232K(143872K)->138232K(143872K) NonClass: 119994K(123392K)->119994K(123392K) Class: 18238K(20480K)->18238K(20480K)
[2025-08-21T20:35:07.729+0000][1692535][info ][gc          ] GC(435) Pause Young (Mixed) (G1 Evacuation Pause) 390M->117M(512M) 32.978ms
[2025-08-21T20:35:07.729+0000][1692535][info ][gc,cpu      ] GC(435) User=0.01s Sys=0.01s Real=0.03s
[2025-08-21T20:35:07.729+0000][1692535][info ][safepoint   ] Safepoint "G1CollectForAllocation", Time since last: 1195648723 ns, Reaching safepoint: 5799 ns, Cleanup: 3705 ns, At safepoint: 33027072 ns, Total: 33036576 ns
[2025-08-21T20:35:08.942+0000][1692535][info ][gc,start    ] GC(436) Pause Young (Concurrent Start) (G1 Evacuation Pause)
[2025-08-21T20:35:08.942+0000][1692535][info ][gc,task     ] GC(436) Using 1 workers of 1 for evacuation
[2025-08-21T20:35:08.942+0000][1692535][debug][gc,age      ] GC(436) Desired survivor size 20971520 bytes, new threshold 1 (max threshold 15)
[2025-08-21T20:35:08.946+0000][1692535][info ][gc,phases   ] GC(436)   Pre Evacuate Collection Set: 0.0ms
[2025-08-21T20:35:08.946+0000][1692535][info ][gc,phases   ] GC(436)   Merge Heap Roots: 0.0ms
[2025-08-21T20:35:08.946+0000][1692535][info ][gc,phases   ] GC(436)   Evacuate Collection Set: 3.1ms
[2025-08-21T20:35:08.946+0000][1692535][info ][gc,phases   ] GC(436)   Post Evacuate Collection Set: 0.9ms
[2025-08-21T20:35:08.946+0000][1692535][info ][gc,phases   ] GC(436)   Other: 0.0ms
[2025-08-21T20:35:08.946+0000][1692535][trace][gc,age      ] GC(436) Age table with threshold 1 (max threshold 15)
[2025-08-21T20:35:08.946+0000][1692535][trace][gc,age      ] GC(436) - age   1:    3051536 bytes,    3051536 total
[2025-08-21T20:35:08.946+0000][1692535][info ][gc,heap     ] GC(436) Eden regions: 68->0(75)
[2025-08-21T20:35:08.946+0000][1692535][info ][gc,heap     ] GC(436) Survivor regions: 8->1(10)
[2025-08-21T20:35:08.946+0000][1692535][info ][gc,heap     ] GC(436) Old regions: 22->22
[2025-08-21T20:35:08.946+0000][1692535][info ][gc,heap     ] GC(436) Humongous regions: 0->0
[2025-08-21T20:35:08.946+0000][1692535][info ][gc,metaspace] GC(436) Metaspace: 138235K(143872K)->138235K(143872K) NonClass: 119997K(123392K)->119997K(123392K) Class: 18238K(20480K)->18238K(20480K)
[2025-08-21T20:35:08.946+0000][1692535][info ][gc          ] GC(436) Pause Young (Concurrent Start) (G1 Evacuation Pause) 389M->90M(512M) 4.258ms
[2025-08-21T20:35:08.946+0000][1692535][info ][gc,cpu      ] GC(436) User=0.01s Sys=0.00s Real=0.01s
[2025-08-21T20:35:08.946+0000][1692535][info ][safepoint   ] Safepoint "G1CollectForAllocation", Time since last: 1212234128 ns, Reaching safepoint: 200042 ns, Cleanup: 8654 ns, At safepoint: 4303228 ns, Total: 4511924 ns
[2025-08-21T20:35:08.949+0000][1692535][info ][gc          ] GC(437) Concurrent Mark Cycle
[2025-08-21T20:35:08.949+0000][1692535][info ][gc,marking  ] GC(437) Concurrent Scan Root Regions
[2025-08-21T20:35:08.950+0000][1692535][info ][gc,marking  ] GC(437) Concurrent Scan Root Regions 1.030ms
[2025-08-21T20:35:08.950+0000][1692535][info ][gc,marking  ] GC(437) Concurrent Mark
[2025-08-21T20:35:08.950+0000][1692535][info ][gc,marking  ] GC(437) Concurrent Mark From Roots
[2025-08-21T20:35:08.950+0000][1692535][info ][gc,task     ] GC(437) Using 1 workers of 1 for marking
[2025-08-21T20:35:09.664+0000][1692535][info ][gc,marking  ] GC(437) Concurrent Mark From Roots 713.816ms
[2025-08-21T20:35:09.664+0000][1692535][info ][gc,marking  ] GC(437) Concurrent Preclean
[2025-08-21T20:35:09.665+0000][1692535][info ][gc,marking  ] GC(437) Concurrent Preclean 0.338ms
[2025-08-21T20:35:09.665+0000][1692535][info ][gc,start    ] GC(437) Pause Remark
[2025-08-21T20:35:09.671+0000][1692535][info ][gc          ] GC(437) Pause Remark 299M->299M(512M) 6.390ms
[2025-08-21T20:35:09.671+0000][1692535][info ][gc,cpu      ] GC(437) User=0.00s Sys=0.00s Real=0.01s
[2025-08-21T20:35:09.671+0000][1692535][info ][safepoint   ] Safepoint "G1PauseRemark", Time since last: 718818161 ns, Reaching safepoint: 5709 ns, Cleanup: 18909 ns, At safepoint: 6427956 ns, Total: 6452574 ns
[2025-08-21T20:35:09.671+0000][1692535][info ][gc,marking  ] GC(437) Concurrent Mark 720.677ms
[2025-08-21T20:35:09.671+0000][1692535][info ][gc,marking  ] GC(437) Concurrent Rebuild Remembered Sets and Scrub Regions
[2025-08-21T20:35:09.825+0000][1692535][info ][gc,marking  ] GC(437) Concurrent Rebuild Remembered Sets and Scrub Regions 154.004ms
[2025-08-21T20:35:09.825+0000][1692535][info ][gc,start    ] GC(437) Pause Cleanup
[2025-08-21T20:35:09.825+0000][1692535][info ][gc          ] GC(437) Pause Cleanup 299M->299M(512M) 0.041ms
[2025-08-21T20:35:09.825+0000][1692535][info ][gc,cpu      ] GC(437) User=0.00s Sys=0.00s Real=0.00s
[2025-08-21T20:35:09.825+0000][1692535][info ][safepoint   ] Safepoint "G1PauseCleanup", Time since last: 154068459 ns, Reaching safepoint: 4276 ns, Cleanup: 2184 ns, At safepoint: 68263 ns, Total: 74723 ns
[2025-08-21T20:35:09.825+0000][1692535][info ][gc,marking  ] GC(437) Concurrent Clear Claimed Marks
[2025-08-21T20:35:09.825+0000][1692535][info ][gc,marking  ] GC(437) Concurrent Clear Claimed Marks 0.183ms
[2025-08-21T20:35:09.825+0000][1692535][info ][gc,marking  ] GC(437) Concurrent Cleanup for Next Mark
[2025-08-21T20:35:09.840+0000][1692535][info ][gc,marking  ] GC(437) Concurrent Cleanup for Next Mark 14.203ms
[2025-08-21T20:35:09.840+0000][1692535][info ][gc          ] GC(437) Concurrent Mark Cycle 890.283ms
[2025-08-21T20:35:10.825+0000][1692535][info ][safepoint   ] Safepoint "Cleanup", Time since last: 1000075951 ns, Reaching safepoint: 6119 ns, Cleanup: 14042 ns, At safepoint: 2614 ns, Total: 22775 ns
[2025-08-21T20:36:29.504+0000][1692535][info ][gc,start    ] GC(438) Pause Young (Normal) (G1 Evacuation Pause)
[2025-08-21T20:36:29.505+0000][1692535][info ][gc,task     ] GC(438) Using 1 workers of 1 for evacuation
[2025-08-21T20:36:29.505+0000][1692535][debug][gc,age      ] GC(438) Desired survivor size 20971520 bytes, new threshold 15 (max threshold 15)
[2025-08-21T20:36:29.507+0000][1692535][info ][gc,phases   ] GC(438)   Pre Evacuate Collection Set: 0.0ms
[2025-08-21T20:36:29.507+0000][1692535][info ][gc,phases   ] GC(438)   Merge Heap Roots: 0.0ms
[2025-08-21T20:36:29.507+0000][1692535][info ][gc,phases   ] GC(438)   Evacuate Collection Set: 1.6ms
[2025-08-21T20:36:29.507+0000][1692535][info ][gc,phases   ] GC(438)   Post Evacuate Collection Set: 0.8ms
[2025-08-21T20:36:29.507+0000][1692535][info ][gc,phases   ] GC(438)   Other: 0.0ms
[2025-08-21T20:36:29.507+0000][1692535][trace][gc,age      ] GC(438) Age table with threshold 15 (max threshold 15)
[2025-08-21T20:36:29.507+0000][1692535][trace][gc,age      ] GC(438) - age   1:      37576 bytes,      37576 total
[2025-08-21T20:36:29.507+0000][1692535][trace][gc,age      ] GC(438) - age   2:       5488 bytes,      43064 total
[2025-08-21T20:36:29.507+0000][1692535][info ][gc,heap     ] GC(438) Eden regions: 75->0(75)
[2025-08-21T20:36:29.507+0000][1692535][info ][gc,heap     ] GC(438) Survivor regions: 1->1(10)
[2025-08-21T20:36:29.507+0000][1692535][info ][gc,heap     ] GC(438) Old regions: 22->22
[2025-08-21T20:36:29.507+0000][1692535][info ][gc,heap     ] GC(438) Humongous regions: 0->0
[2025-08-21T20:36:29.507+0000][1692535][info ][gc,metaspace] GC(438) Metaspace: 138240K(143872K)->138240K(143872K) NonClass: 120002K(123392K)->120002K(123392K) Class: 18238K(20480K)->18238K(20480K)
[2025-08-21T20:36:29.507+0000][1692535][info ][gc          ] GC(438) Pause Young (Normal) (G1 Evacuation Pause) 390M->87M(512M) 2.966ms
[2025-08-21T20:36:29.507+0000][1692535][info ][gc,cpu      ] GC(438) User=0.01s Sys=0.00s Real=0.01s
[2025-08-21T20:36:29.507+0000][1692535][info ][safepoint   ] Safepoint "G1CollectForAllocation", Time since last: 78678764749 ns, Reaching safepoint: 7521 ns, Cleanup: 3355 ns, At safepoint: 3002053 ns, Total: 3012929 ns
[2025-08-21T20:48:08.627+0000][1692535][info ][gc,start    ] GC(439) Pause Young (Concurrent Start) (G1 Evacuation Pause)
[2025-08-21T20:48:08.628+0000][1692535][info ][gc,task     ] GC(439) Using 1 workers of 1 for evacuation
[2025-08-21T20:48:08.628+0000][1692535][debug][gc,age      ] GC(439) Desired survivor size 20971520 bytes, new threshold 15 (max threshold 15)
[2025-08-21T20:48:08.630+0000][1692535][info ][gc,phases   ] GC(439)   Pre Evacuate Collection Set: 0.0ms
[2025-08-21T20:48:08.630+0000][1692535][info ][gc,phases   ] GC(439)   Merge Heap Roots: 0.0ms
[2025-08-21T20:48:08.630+0000][1692535][info ][gc,phases   ] GC(439)   Evacuate Collection Set: 1.3ms
[2025-08-21T20:48:08.630+0000][1692535][info ][gc,phases   ] GC(439)   Post Evacuate Collection Set: 0.7ms
[2025-08-21T20:48:08.630+0000][1692535][info ][gc,phases   ] GC(439)   Other: 0.0ms
[2025-08-21T20:48:08.630+0000][1692535][trace][gc,age      ] GC(439) Age table with threshold 15 (max threshold 15)
[2025-08-21T20:48:08.630+0000][1692535][trace][gc,age      ] GC(439) - age   1:      10552 bytes,      10552 total
[2025-08-21T20:48:08.630+0000][1692535][trace][gc,age      ] GC(439) - age   2:      29216 bytes,      39768 total
[2025-08-21T20:48:08.630+0000][1692535][trace][gc,age      ] GC(439) - age   3:       5488 bytes,      45256 total
[2025-08-21T20:48:08.630+0000][1692535][info ][gc,heap     ] GC(439) Eden regions: 75->0(75)
[2025-08-21T20:48:08.630+0000][1692535][info ][gc,heap     ] GC(439) Survivor regions: 1->1(10)
[2025-08-21T20:48:08.630+0000][1692535][info ][gc,heap     ] GC(439) Old regions: 22->22
[2025-08-21T20:48:08.630+0000][1692535][info ][gc,heap     ] GC(439) Humongous regions: 0->0
[2025-08-21T20:48:08.630+0000][1692535][info ][gc,metaspace] GC(439) Metaspace: 138240K(143872K)->138240K(143872K) NonClass: 120002K(123392K)->120002K(123392K) Class: 18238K(20480K)->18238K(20480K)
[2025-08-21T20:48:08.630+0000][1692535][info ][gc          ] GC(439) Pause Young (Concurrent Start) (G1 Evacuation Pause) 387M->86M(512M) 2.654ms
[2025-08-21T20:48:08.630+0000][1692535][info ][gc,cpu      ] GC(439) User=0.00s Sys=0.00s Real=0.00s
[2025-08-21T20:48:08.630+0000][1692535][info ][safepoint   ] Safepoint "G1CollectForAllocation", Time since last: 699120336160 ns, Reaching safepoint: 9684 ns, Cleanup: 3295 ns, At safepoint: 2692977 ns, Total: 2705956 ns
[2025-08-21T20:48:08.636+0000][1692535][info ][gc          ] GC(440) Concurrent Mark Cycle
[2025-08-21T20:48:08.636+0000][1692535][info ][gc,marking  ] GC(440) Concurrent Scan Root Regions
[2025-08-21T20:48:08.637+0000][1692535][info ][gc,marking  ] GC(440) Concurrent Scan Root Regions 0.411ms
[2025-08-21T20:48:08.637+0000][1692535][info ][gc,marking  ] GC(440) Concurrent Mark
[2025-08-21T20:48:08.637+0000][1692535][info ][gc,marking  ] GC(440) Concurrent Mark From Roots
[2025-08-21T20:48:08.637+0000][1692535][info ][gc,task     ] GC(440) Using 1 workers of 1 for marking
[2025-08-21T20:48:08.740+0000][1692535][info ][gc,marking  ] GC(440) Concurrent Mark From Roots 103.325ms
[2025-08-21T20:48:08.740+0000][1692535][info ][gc,marking  ] GC(440) Concurrent Preclean
[2025-08-21T20:48:08.740+0000][1692535][info ][gc,marking  ] GC(440) Concurrent Preclean 0.205ms
[2025-08-21T20:48:08.740+0000][1692535][info ][gc,start    ] GC(440) Pause Remark
[2025-08-21T20:48:08.747+0000][1692535][info ][gc          ] GC(440) Pause Remark 87M->87M(512M) 6.599ms
[2025-08-21T20:48:08.747+0000][1692535][info ][gc,cpu      ] GC(440) User=0.00s Sys=0.00s Real=0.01s
[2025-08-21T20:48:08.747+0000][1692535][info ][safepoint   ] Safepoint "G1PauseRemark", Time since last: 110247207 ns, Reaching safepoint: 5048 ns, Cleanup: 3174 ns, At safepoint: 6649221 ns, Total: 6657443 ns
[2025-08-21T20:48:08.747+0000][1692535][info ][gc,marking  ] GC(440) Concurrent Mark 110.266ms
[2025-08-21T20:48:08.747+0000][1692535][info ][gc,marking  ] GC(440) Concurrent Rebuild Remembered Sets and Scrub Regions
[2025-08-21T20:48:08.797+0000][1692535][info ][gc,marking  ] GC(440) Concurrent Rebuild Remembered Sets and Scrub Regions 50.190ms
[2025-08-21T20:48:08.797+0000][1692535][info ][gc,start    ] GC(440) Pause Cleanup
[2025-08-21T20:48:08.797+0000][1692535][info ][gc          ] GC(440) Pause Cleanup 87M->87M(512M) 0.035ms
[2025-08-21T20:48:08.797+0000][1692535][info ][gc,cpu      ] GC(440) User=0.00s Sys=0.00s Real=0.00s
[2025-08-21T20:48:08.797+0000][1692535][info ][safepoint   ] Safepoint "G1PauseCleanup", Time since last: 50239003 ns, Reaching safepoint: 3094 ns, Cleanup: 2084 ns, At safepoint: 56996 ns, Total: 62174 ns
[2025-08-21T20:48:08.797+0000][1692535][info ][gc,marking  ] GC(440) Concurrent Clear Claimed Marks
[2025-08-21T20:48:08.797+0000][1692535][info ][gc,marking  ] GC(440) Concurrent Clear Claimed Marks 0.151ms
[2025-08-21T20:48:08.797+0000][1692535][info ][gc,marking  ] GC(440) Concurrent Cleanup for Next Mark
[2025-08-21T20:48:08.798+0000][1692535][info ][gc,marking  ] GC(440) Concurrent Cleanup for Next Mark 0.238ms
[2025-08-21T20:48:08.798+0000][1692535][info ][gc          ] GC(440) Concurrent Mark Cycle 161.394ms
[2025-08-21T20:49:57.804+0000][1692535][info ][safepoint   ] Safepoint "Cleanup", Time since last: 109006390755 ns, Reaching safepoint: 72419 ns, Cleanup: 13721 ns, At safepoint: 7251 ns, Total: 93391 ns
[2025-08-21T20:59:51.753+0000][1692535][info ][gc,start    ] GC(441) Pause Young (Normal) (G1 Evacuation Pause)
[2025-08-21T20:59:51.753+0000][1692535][info ][gc,task     ] GC(441) Using 1 workers of 1 for evacuation
[2025-08-21T20:59:51.753+0000][1692535][debug][gc,age      ] GC(441) Desired survivor size 20971520 bytes, new threshold 15 (max threshold 15)
[2025-08-21T20:59:51.756+0000][1692535][info ][gc,phases   ] GC(441)   Pre Evacuate Collection Set: 0.0ms
[2025-08-21T20:59:51.756+0000][1692535][info ][gc,phases   ] GC(441)   Merge Heap Roots: 0.0ms
[2025-08-21T20:59:51.756+0000][1692535][info ][gc,phases   ] GC(441)   Evacuate Collection Set: 1.4ms
[2025-08-21T20:59:51.756+0000][1692535][info ][gc,phases   ] GC(441)   Post Evacuate Collection Set: 0.9ms
[2025-08-21T20:59:51.756+0000][1692535][info ][gc,phases   ] GC(441)   Other: 0.0ms
[2025-08-21T20:59:51.756+0000][1692535][trace][gc,age      ] GC(441) Age table with threshold 15 (max threshold 15)
[2025-08-21T20:59:51.756+0000][1692535][trace][gc,age      ] GC(441) - age   1:       9200 bytes,       9200 total
[2025-08-21T20:59:51.756+0000][1692535][trace][gc,age      ] GC(441) - age   2:        352 bytes,       9552 total
[2025-08-21T20:59:51.756+0000][1692535][trace][gc,age      ] GC(441) - age   3:      29096 bytes,      38648 total
[2025-08-21T20:59:51.756+0000][1692535][trace][gc,age      ] GC(441) - age   4:       5456 bytes,      44104 total
[2025-08-21T20:59:51.756+0000][1692535][info ][gc,heap     ] GC(441) Eden regions: 75->0(75)
[2025-08-21T20:59:51.756+0000][1692535][info ][gc,heap     ] GC(441) Survivor regions: 1->1(10)
[2025-08-21T20:59:51.756+0000][1692535][info ][gc,heap     ] GC(441) Old regions: 22->22
[2025-08-21T20:59:51.756+0000][1692535][info ][gc,heap     ] GC(441) Humongous regions: 0->0
[2025-08-21T20:59:51.756+0000][1692535][info ][gc,metaspace] GC(441) Metaspace: 138240K(143872K)->138240K(143872K) NonClass: 120002K(123392K)->120002K(123392K) Class: 18238K(20480K)->18238K(20480K)
[2025-08-21T20:59:51.756+0000][1692535][info ][gc          ] GC(441) Pause Young (Normal) (G1 Evacuation Pause) 386M->86M(512M) 2.895ms
[2025-08-21T20:59:51.756+0000][1692535][info ][gc,cpu      ] GC(441) User=0.01s Sys=0.00s Real=0.01s
[2025-08-21T20:59:51.756+0000][1692535][info ][safepoint   ] Safepoint "G1CollectForAllocation", Time since last: 593949154066 ns, Reaching safepoint: 8243 ns, Cleanup: 2093 ns, At safepoint: 2937596 ns, Total: 2947932 ns
[2025-08-21T21:11:36.157+0000][1692535][info ][gc,start    ] GC(442) Pause Young (Concurrent Start) (G1 Evacuation Pause)
[2025-08-21T21:11:36.158+0000][1692535][info ][gc,task     ] GC(442) Using 1 workers of 1 for evacuation
[2025-08-21T21:11:36.158+0000][1692535][debug][gc,age      ] GC(442) Desired survivor size 20971520 bytes, new threshold 15 (max threshold 15)
[2025-08-21T21:11:36.160+0000][1692535][info ][gc,phases   ] GC(442)   Pre Evacuate Collection Set: 0.0ms
[2025-08-21T21:11:36.160+0000][1692535][info ][gc,phases   ] GC(442)   Merge Heap Roots: 0.0ms
[2025-08-21T21:11:36.160+0000][1692535][info ][gc,phases   ] GC(442)   Evacuate Collection Set: 1.2ms
[2025-08-21T21:11:36.160+0000][1692535][info ][gc,phases   ] GC(442)   Post Evacuate Collection Set: 0.7ms
[2025-08-21T21:11:36.160+0000][1692535][info ][gc,phases   ] GC(442)   Other: 0.0ms
[2025-08-21T21:11:36.160+0000][1692535][trace][gc,age      ] GC(442) Age table with threshold 15 (max threshold 15)
[2025-08-21T21:11:36.160+0000][1692535][trace][gc,age      ] GC(442) - age   1:       9336 bytes,       9336 total
[2025-08-21T21:11:36.160+0000][1692535][trace][gc,age      ] GC(442) - age   2:        176 bytes,       9512 total
[2025-08-21T21:11:36.160+0000][1692535][trace][gc,age      ] GC(442) - age   3:        176 bytes,       9688 total
[2025-08-21T21:11:36.160+0000][1692535][trace][gc,age      ] GC(442) - age   4:      29096 bytes,      38784 total
[2025-08-21T21:11:36.160+0000][1692535][trace][gc,age      ] GC(442) - age   5:       5456 bytes,      44240 total
[2025-08-21T21:11:36.160+0000][1692535][info ][gc,heap     ] GC(442) Eden regions: 75->0(75)
[2025-08-21T21:11:36.160+0000][1692535][info ][gc,heap     ] GC(442) Survivor regions: 1->1(10)
[2025-08-21T21:11:36.160+0000][1692535][info ][gc,heap     ] GC(442) Old regions: 22->22
[2025-08-21T21:11:36.160+0000][1692535][info ][gc,heap     ] GC(442) Humongous regions: 0->0
[2025-08-21T21:11:36.160+0000][1692535][info ][gc,metaspace] GC(442) Metaspace: 138240K(143872K)->138240K(143872K) NonClass: 120002K(123392K)->120002K(123392K) Class: 18238K(20480K)->18238K(20480K)
[2025-08-21T21:11:36.160+0000][1692535][info ][gc          ] GC(442) Pause Young (Concurrent Start) (G1 Evacuation Pause) 386M->86M(512M) 2.625ms
[2025-08-21T21:11:36.160+0000][1692535][info ][gc,cpu      ] GC(442) User=0.01s Sys=0.00s Real=0.00s
[2025-08-21T21:11:36.160+0000][1692535][info ][safepoint   ] Safepoint "G1CollectForAllocation", Time since last: 704401494824 ns, Reaching safepoint: 7702 ns, Cleanup: 2854 ns, At safepoint: 2660307 ns, Total: 2670863 ns
[2025-08-21T21:11:36.164+0000][1692535][info ][gc          ] GC(443) Concurrent Mark Cycle
[2025-08-21T21:11:36.164+0000][1692535][info ][gc,marking  ] GC(443) Concurrent Scan Root Regions
[2025-08-21T21:11:36.165+0000][1692535][info ][gc,marking  ] GC(443) Concurrent Scan Root Regions 0.711ms
[2025-08-21T21:11:36.165+0000][1692535][info ][gc,marking  ] GC(443) Concurrent Mark
[2025-08-21T21:11:36.165+0000][1692535][info ][gc,marking  ] GC(443) Concurrent Mark From Roots
[2025-08-21T21:11:36.165+0000][1692535][info ][gc,task     ] GC(443) Using 1 workers of 1 for marking
[2025-08-21T21:11:36.321+0000][1692535][info ][gc,marking  ] GC(443) Concurrent Mark From Roots 156.259ms
[2025-08-21T21:11:36.321+0000][1692535][info ][gc,marking  ] GC(443) Concurrent Preclean
[2025-08-21T21:11:36.322+0000][1692535][info ][gc,marking  ] GC(443) Concurrent Preclean 0.253ms
[2025-08-21T21:11:36.322+0000][1692535][info ][gc,start    ] GC(443) Pause Remark
[2025-08-21T21:11:36.328+0000][1692535][info ][gc          ] GC(443) Pause Remark 87M->87M(512M) 6.224ms
[2025-08-21T21:11:36.328+0000][1692535][info ][gc,cpu      ] GC(443) User=0.00s Sys=0.00s Real=0.01s
[2025-08-21T21:11:36.328+0000][1692535][info ][safepoint   ] Safepoint "G1PauseRemark", Time since last: 161572497 ns, Reaching safepoint: 5258 ns, Cleanup: 3025 ns, At safepoint: 6266753 ns, Total: 6275036 ns
[2025-08-21T21:11:36.328+0000][1692535][info ][gc,marking  ] GC(443) Concurrent Mark 162.872ms
[2025-08-21T21:11:36.328+0000][1692535][info ][gc,marking  ] GC(443) Concurrent Rebuild Remembered Sets and Scrub Regions
[2025-08-21T21:11:36.372+0000][1692535][info ][gc,marking  ] GC(443) Concurrent Rebuild Remembered Sets and Scrub Regions 44.328ms
[2025-08-21T21:11:36.372+0000][1692535][info ][gc,start    ] GC(443) Pause Cleanup
[2025-08-21T21:11:36.372+0000][1692535][info ][gc          ] GC(443) Pause Cleanup 87M->87M(512M) 0.042ms
[2025-08-21T21:11:36.372+0000][1692535][info ][gc,cpu      ] GC(443) User=0.00s Sys=0.00s Real=0.00s
[2025-08-21T21:11:36.372+0000][1692535][info ][safepoint   ] Safepoint "G1PauseCleanup", Time since last: 44390180 ns, Reaching safepoint: 3485 ns, Cleanup: 2023 ns, At safepoint: 66881 ns, Total: 72389 ns
[2025-08-21T21:11:36.372+0000][1692535][info ][gc,marking  ] GC(443) Concurrent Clear Claimed Marks
[2025-08-21T21:11:36.373+0000][1692535][info ][gc,marking  ] GC(443) Concurrent Clear Claimed Marks 0.133ms
[2025-08-21T21:11:36.373+0000][1692535][info ][gc,marking  ] GC(443) Concurrent Cleanup for Next Mark
[2025-08-21T21:11:36.373+0000][1692535][info ][gc,marking  ] GC(443) Concurrent Cleanup for Next Mark 0.241ms
[2025-08-21T21:11:36.373+0000][1692535][info ][gc          ] GC(443) Concurrent Mark Cycle 208.442ms
[2025-08-21T21:23:21.446+0000][1692535][info ][gc,start    ] GC(444) Pause Young (Normal) (G1 Evacuation Pause)
[2025-08-21T21:23:21.446+0000][1692535][info ][gc,task     ] GC(444) Using 1 workers of 1 for evacuation
[2025-08-21T21:23:21.446+0000][1692535][debug][gc,age      ] GC(444) Desired survivor size 20971520 bytes, new threshold 15 (max threshold 15)
[2025-08-21T21:23:21.448+0000][1692535][info ][gc,phases   ] GC(444)   Pre Evacuate Collection Set: 0.0ms
[2025-08-21T21:23:21.448+0000][1692535][info ][gc,phases   ] GC(444)   Merge Heap Roots: 0.0ms
[2025-08-21T21:23:21.448+0000][1692535][info ][gc,phases   ] GC(444)   Evacuate Collection Set: 1.4ms
[2025-08-21T21:23:21.448+0000][1692535][info ][gc,phases   ] GC(444)   Post Evacuate Collection Set: 0.8ms
[2025-08-21T21:23:21.448+0000][1692535][info ][gc,phases   ] GC(444)   Other: 0.0ms
[2025-08-21T21:23:21.448+0000][1692535][trace][gc,age      ] GC(444) Age table with threshold 15 (max threshold 15)
[2025-08-21T21:23:21.448+0000][1692535][trace][gc,age      ] GC(444) - age   1:       9784 bytes,       9784 total
[2025-08-21T21:23:21.448+0000][1692535][trace][gc,age      ] GC(444) - age   4:        176 bytes,       9960 total
[2025-08-21T21:23:21.448+0000][1692535][trace][gc,age      ] GC(444) - age   5:      29096 bytes,      39056 total
[2025-08-21T21:23:21.448+0000][1692535][trace][gc,age      ] GC(444) - age   6:       5456 bytes,      44512 total
[2025-08-21T21:23:21.448+0000][1692535][info ][gc,heap     ] GC(444) Eden regions: 75->0(75)
[2025-08-21T21:23:21.448+0000][1692535][info ][gc,heap     ] GC(444) Survivor regions: 1->1(10)
[2025-08-21T21:23:21.448+0000][1692535][info ][gc,heap     ] GC(444) Old regions: 22->22
[2025-08-21T21:23:21.448+0000][1692535][info ][gc,heap     ] GC(444) Humongous regions: 0->0
[2025-08-21T21:23:21.448+0000][1692535][info ][gc,metaspace] GC(444) Metaspace: 138240K(143872K)->138240K(143872K) NonClass: 120002K(123392K)->120002K(123392K) Class: 18238K(20480K)->18238K(20480K)
[2025-08-21T21:23:21.448+0000][1692535][info ][gc          ] GC(444) Pause Young (Normal) (G1 Evacuation Pause) 386M->86M(512M) 2.812ms
[2025-08-21T21:23:21.448+0000][1692535][info ][gc,cpu      ] GC(444) User=0.00s Sys=0.00s Real=0.00s
[2025-08-21T21:23:21.448+0000][1692535][info ][safepoint   ] Safepoint "G1CollectForAllocation", Time since last: 705073103835 ns, Reaching safepoint: 7491 ns, Cleanup: 3635 ns, At safepoint: 2853829 ns, Total: 2864955 ns
[2025-08-21T21:35:05.034+0000][1692535][info ][gc,start    ] GC(445) Pause Young (Concurrent Start) (G1 Evacuation Pause)
[2025-08-21T21:35:05.035+0000][1692535][info ][gc,task     ] GC(445) Using 1 workers of 1 for evacuation
[2025-08-21T21:35:05.035+0000][1692535][debug][gc,age      ] GC(445) Desired survivor size 20971520 bytes, new threshold 15 (max threshold 15)
[2025-08-21T21:35:05.037+0000][1692535][info ][gc,phases   ] GC(445)   Pre Evacuate Collection Set: 0.0ms
[2025-08-21T21:35:05.037+0000][1692535][info ][gc,phases   ] GC(445)   Merge Heap Roots: 0.0ms
[2025-08-21T21:35:05.037+0000][1692535][info ][gc,phases   ] GC(445)   Evacuate Collection Set: 1.2ms
[2025-08-21T21:35:05.037+0000][1692535][info ][gc,phases   ] GC(445)   Post Evacuate Collection Set: 0.8ms
[2025-08-21T21:35:05.037+0000][1692535][info ][gc,phases   ] GC(445)   Other: 0.5ms
[2025-08-21T21:35:05.037+0000][1692535][trace][gc,age      ] GC(445) Age table with threshold 15 (max threshold 15)
[2025-08-21T21:35:05.037+0000][1692535][trace][gc,age      ] GC(445) - age   1:      76000 bytes,      76000 total
[2025-08-21T21:35:05.037+0000][1692535][trace][gc,age      ] GC(445) - age   5:        176 bytes,      76176 total
[2025-08-21T21:35:05.037+0000][1692535][trace][gc,age      ] GC(445) - age   6:      29096 bytes,     105272 total
[2025-08-21T21:35:05.037+0000][1692535][trace][gc,age      ] GC(445) - age   7:       5456 bytes,     110728 total
[2025-08-21T21:35:05.037+0000][1692535][info ][gc,heap     ] GC(445) Eden regions: 75->0(75)
[2025-08-21T21:35:05.037+0000][1692535][info ][gc,heap     ] GC(445) Survivor regions: 1->1(10)
[2025-08-21T21:35:05.037+0000][1692535][info ][gc,heap     ] GC(445) Old regions: 22->22
[2025-08-21T21:35:05.037+0000][1692535][info ][gc,heap     ] GC(445) Humongous regions: 0->0
[2025-08-21T21:35:05.037+0000][1692535][info ][gc,metaspace] GC(445) Metaspace: 138240K(143872K)->138240K(143872K) NonClass: 120002K(123392K)->120002K(123392K) Class: 18238K(20480K)->18238K(20480K)
[2025-08-21T21:35:05.037+0000][1692535][info ][gc          ] GC(445) Pause Young (Concurrent Start) (G1 Evacuation Pause) 386M->86M(512M) 3.107ms
[2025-08-21T21:35:05.037+0000][1692535][info ][gc,cpu      ] GC(445) User=0.00s Sys=0.00s Real=0.01s
[2025-08-21T21:35:05.037+0000][1692535][info ][safepoint   ] Safepoint "G1CollectForAllocation", Time since last: 703585821374 ns, Reaching safepoint: 7902 ns, Cleanup: 3806 ns, At safepoint: 3146672 ns, Total: 3158380 ns
[2025-08-21T21:35:05.044+0000][1692535][info ][gc          ] GC(446) Concurrent Mark Cycle
[2025-08-21T21:35:05.044+0000][1692535][info ][gc,marking  ] GC(446) Concurrent Scan Root Regions
[2025-08-21T21:35:05.045+0000][1692535][info ][gc,marking  ] GC(446) Concurrent Scan Root Regions 0.940ms
[2025-08-21T21:35:05.045+0000][1692535][info ][gc,marking  ] GC(446) Concurrent Mark
[2025-08-21T21:35:05.045+0000][1692535][info ][gc,marking  ] GC(446) Concurrent Mark From Roots
[2025-08-21T21:35:05.045+0000][1692535][info ][gc,task     ] GC(446) Using 1 workers of 1 for marking
[2025-08-21T21:35:05.155+0000][1692535][info ][gc,marking  ] GC(446) Concurrent Mark From Roots 109.280ms
[2025-08-21T21:35:05.155+0000][1692535][info ][gc,marking  ] GC(446) Concurrent Preclean
[2025-08-21T21:35:05.155+0000][1692535][info ][gc,marking  ] GC(446) Concurrent Preclean 0.258ms
[2025-08-21T21:35:05.155+0000][1692535][info ][gc,start    ] GC(446) Pause Remark
[2025-08-21T21:35:05.161+0000][1692535][info ][gc          ] GC(446) Pause Remark 89M->89M(512M) 5.789ms
[2025-08-21T21:35:05.161+0000][1692535][info ][gc,cpu      ] GC(446) User=0.01s Sys=0.00s Real=0.01s
[2025-08-21T21:35:05.161+0000][1692535][info ][safepoint   ] Safepoint "G1PauseRemark", Time since last: 117566861 ns, Reaching safepoint: 4727 ns, Cleanup: 2694 ns, At safepoint: 5825116 ns, Total: 5832537 ns
[2025-08-21T21:35:05.161+0000][1692535][info ][gc,marking  ] GC(446) Concurrent Mark 115.442ms
[2025-08-21T21:35:05.161+0000][1692535][info ][gc,marking  ] GC(446) Concurrent Rebuild Remembered Sets and Scrub Regions
[2025-08-21T21:35:05.191+0000][1692535][info ][gc,marking  ] GC(446) Concurrent Rebuild Remembered Sets and Scrub Regions 30.100ms
[2025-08-21T21:35:05.191+0000][1692535][info ][gc,start    ] GC(446) Pause Cleanup
[2025-08-21T21:35:05.191+0000][1692535][info ][gc          ] GC(446) Pause Cleanup 89M->89M(512M) 0.044ms
[2025-08-21T21:35:05.191+0000][1692535][info ][gc,cpu      ] GC(446) User=0.00s Sys=0.00s Real=0.00s
[2025-08-21T21:35:05.191+0000][1692535][info ][safepoint   ] Safepoint "G1PauseCleanup", Time since last: 30148563 ns, Reaching safepoint: 4086 ns, Cleanup: 1803 ns, At safepoint: 65790 ns, Total: 71679 ns
[2025-08-21T21:35:05.191+0000][1692535][info ][gc,marking  ] GC(446) Concurrent Clear Claimed Marks
[2025-08-21T21:35:05.191+0000][1692535][info ][gc,marking  ] GC(446) Concurrent Clear Claimed Marks 0.117ms
[2025-08-21T21:35:05.191+0000][1692535][info ][gc,marking  ] GC(446) Concurrent Cleanup for Next Mark
[2025-08-21T21:35:05.205+0000][1692535][info ][gc,marking  ] GC(446) Concurrent Cleanup for Next Mark 13.474ms
[2025-08-21T21:35:05.205+0000][1692535][info ][gc          ] GC(446) Concurrent Mark Cycle 160.227ms
[2025-08-21T21:45:01.228+0000][1692535][info ][safepoint   ] Safepoint "Cleanup", Time since last: 596037037289 ns, Reaching safepoint: 36084 ns, Cleanup: 22314 ns, At safepoint: 2304 ns, Total: 60702 ns
[2025-08-21T21:45:01.462+0000][1692535][info ][gc,start    ] GC(447) Pause Young (Normal) (G1 Evacuation Pause)
[2025-08-21T21:45:01.462+0000][1692535][info ][gc,task     ] GC(447) Using 1 workers of 1 for evacuation
[2025-08-21T21:45:01.462+0000][1692535][debug][gc,age      ] GC(447) Desired survivor size 20971520 bytes, new threshold 15 (max threshold 15)
[2025-08-21T21:45:01.467+0000][1692535][info ][gc,phases   ] GC(447)   Pre Evacuate Collection Set: 0.0ms
[2025-08-21T21:45:01.467+0000][1692535][info ][gc,phases   ] GC(447)   Merge Heap Roots: 0.0ms
[2025-08-21T21:45:01.467+0000][1692535][info ][gc,phases   ] GC(447)   Evacuate Collection Set: 4.1ms
[2025-08-21T21:45:01.467+0000][1692535][info ][gc,phases   ] GC(447)   Post Evacuate Collection Set: 0.8ms
[2025-08-21T21:45:01.467+0000][1692535][info ][gc,phases   ] GC(447)   Other: 0.0ms
[2025-08-21T21:45:01.467+0000][1692535][trace][gc,age      ] GC(447) Age table with threshold 15 (max threshold 15)
[2025-08-21T21:45:01.467+0000][1692535][trace][gc,age      ] GC(447) - age   1:    3387256 bytes,    3387256 total
[2025-08-21T21:45:01.467+0000][1692535][trace][gc,age      ] GC(447) - age   2:        176 bytes,    3387432 total
[2025-08-21T21:45:01.467+0000][1692535][trace][gc,age      ] GC(447) - age   7:      29000 bytes,    3416432 total
[2025-08-21T21:45:01.467+0000][1692535][trace][gc,age      ] GC(447) - age   8:       5456 bytes,    3421888 total
[2025-08-21T21:45:01.467+0000][1692535][info ][gc,heap     ] GC(447) Eden regions: 75->0(75)
[2025-08-21T21:45:01.467+0000][1692535][info ][gc,heap     ] GC(447) Survivor regions: 1->1(10)
[2025-08-21T21:45:01.467+0000][1692535][info ][gc,heap     ] GC(447) Old regions: 22->22
[2025-08-21T21:45:01.467+0000][1692535][info ][gc,heap     ] GC(447) Humongous regions: 0->0
[2025-08-21T21:45:01.467+0000][1692535][info ][gc,metaspace] GC(447) Metaspace: 138240K(143872K)->138240K(143872K) NonClass: 120002K(123392K)->120002K(123392K) Class: 18238K(20480K)->18238K(20480K)
[2025-08-21T21:45:01.467+0000][1692535][info ][gc          ] GC(447) Pause Young (Normal) (G1 Evacuation Pause) 386M->89M(512M) 5.074ms
[2025-08-21T21:45:01.467+0000][1692535][info ][gc,cpu      ] GC(447) User=0.00s Sys=0.00s Real=0.01s
[2025-08-21T21:45:01.467+0000][1692535][info ][safepoint   ] Safepoint "G1CollectForAllocation", Time since last: 233927952 ns, Reaching safepoint: 4377 ns, Cleanup: 2384 ns, At safepoint: 5110146 ns, Total: 5116907 ns
[2025-08-21T21:45:01.864+0000][1692535][info ][gc,start    ] GC(448) Pause Young (Concurrent Start) (G1 Evacuation Pause)
[2025-08-21T21:45:01.864+0000][1692535][info ][gc,task     ] GC(448) Using 1 workers of 1 for evacuation
[2025-08-21T21:45:01.864+0000][1692535][debug][gc,age      ] GC(448) Desired survivor size 20971520 bytes, new threshold 15 (max threshold 15)
[2025-08-21T21:45:01.873+0000][1692535][info ][gc,phases   ] GC(448)   Pre Evacuate Collection Set: 0.0ms
[2025-08-21T21:45:01.873+0000][1692535][info ][gc,phases   ] GC(448)   Merge Heap Roots: 0.0ms
[2025-08-21T21:45:01.873+0000][1692535][info ][gc,phases   ] GC(448)   Evacuate Collection Set: 8.5ms
[2025-08-21T21:45:01.873+0000][1692535][info ][gc,phases   ] GC(448)   Post Evacuate Collection Set: 0.8ms
[2025-08-21T21:45:01.873+0000][1692535][info ][gc,phases   ] GC(448)   Other: 0.0ms
[2025-08-21T21:45:01.873+0000][1692535][trace][gc,age      ] GC(448) Age table with threshold 15 (max threshold 15)
[2025-08-21T21:45:01.873+0000][1692535][trace][gc,age      ] GC(448) - age   1:    8969592 bytes,    8969592 total
[2025-08-21T21:45:01.873+0000][1692535][trace][gc,age      ] GC(448) - age   2:    3375544 bytes,   12345136 total
[2025-08-21T21:45:01.873+0000][1692535][trace][gc,age      ] GC(448) - age   3:        176 bytes,   12345312 total
[2025-08-21T21:45:01.873+0000][1692535][trace][gc,age      ] GC(448) - age   8:      29000 bytes,   12374312 total
[2025-08-21T21:45:01.873+0000][1692535][trace][gc,age      ] GC(448) - age   9:       5456 bytes,   12379768 total
[2025-08-21T21:45:01.873+0000][1692535][info ][gc,heap     ] GC(448) Eden regions: 75->0(73)
[2025-08-21T21:45:01.873+0000][1692535][info ][gc,heap     ] GC(448) Survivor regions: 1->3(10)
[2025-08-21T21:45:01.873+0000][1692535][info ][gc,heap     ] GC(448) Old regions: 22->22
[2025-08-21T21:45:01.873+0000][1692535][info ][gc,heap     ] GC(448) Humongous regions: 0->0
[2025-08-21T21:45:01.873+0000][1692535][info ][gc,metaspace] GC(448) Metaspace: 138240K(143872K)->138240K(143872K) NonClass: 120002K(123392K)->120002K(123392K) Class: 18238K(20480K)->18238K(20480K)
[2025-08-21T21:45:01.873+0000][1692535][info ][gc          ] GC(448) Pause Young (Concurrent Start) (G1 Evacuation Pause) 389M->98M(512M) 9.564ms
[2025-08-21T21:45:01.873+0000][1692535][info ][gc,cpu      ] GC(448) User=0.01s Sys=0.00s Real=0.01s
[2025-08-21T21:45:01.873+0000][1692535][info ][safepoint   ] Safepoint "G1CollectForAllocation", Time since last: 396436855 ns, Reaching safepoint: 74653 ns, Cleanup: 2153 ns, At safepoint: 9608969 ns, Total: 9685775 ns
[2025-08-21T21:45:01.877+0000][1692535][info ][gc          ] GC(449) Concurrent Mark Cycle
[2025-08-21T21:45:01.877+0000][1692535][info ][gc,marking  ] GC(449) Concurrent Scan Root Regions
[2025-08-21T21:45:01.880+0000][1692535][info ][gc,marking  ] GC(449) Concurrent Scan Root Regions 2.580ms
[2025-08-21T21:45:01.880+0000][1692535][info ][gc,marking  ] GC(449) Concurrent Mark
[2025-08-21T21:45:01.880+0000][1692535][info ][gc,marking  ] GC(449) Concurrent Mark From Roots
[2025-08-21T21:45:01.880+0000][1692535][info ][gc,task     ] GC(449) Using 1 workers of 1 for marking
[2025-08-21T21:45:01.999+0000][1692535][info ][gc,marking  ] GC(449) Concurrent Mark From Roots 118.757ms
[2025-08-21T21:45:01.999+0000][1692535][info ][gc,marking  ] GC(449) Concurrent Preclean
[2025-08-21T21:45:01.999+0000][1692535][info ][gc,marking  ] GC(449) Concurrent Preclean 0.227ms
[2025-08-21T21:45:02.003+0000][1692535][info ][gc,start    ] GC(449) Pause Remark
[2025-08-21T21:45:02.009+0000][1692535][info ][gc          ] GC(449) Pause Remark 100M->100M(512M) 5.967ms
[2025-08-21T21:45:02.009+0000][1692535][info ][gc,cpu      ] GC(449) User=0.01s Sys=0.00s Real=0.01s
[2025-08-21T21:45:02.009+0000][1692535][info ][safepoint   ] Safepoint "G1PauseRemark", Time since last: 125761876 ns, Reaching safepoint: 4228124 ns, Cleanup: 3115 ns, At safepoint: 6010305 ns, Total: 10241544 ns
[2025-08-21T21:45:02.010+0000][1692535][info ][gc,marking  ] GC(449) Concurrent Mark 129.872ms
[2025-08-21T21:45:02.010+0000][1692535][info ][gc,marking  ] GC(449) Concurrent Rebuild Remembered Sets and Scrub Regions
[2025-08-21T21:45:02.067+0000][1692535][info ][gc,marking  ] GC(449) Concurrent Rebuild Remembered Sets and Scrub Regions 57.559ms
[2025-08-21T21:45:02.070+0000][1692535][info ][gc,start    ] GC(449) Pause Cleanup
[2025-08-21T21:45:02.070+0000][1692535][info ][gc          ] GC(449) Pause Cleanup 100M->100M(512M) 0.034ms
[2025-08-21T21:45:02.070+0000][1692535][info ][gc,cpu      ] GC(449) User=0.00s Sys=0.00s Real=0.00s
[2025-08-21T21:45:02.070+0000][1692535][info ][safepoint   ] Safepoint "G1PauseCleanup", Time since last: 58194241 ns, Reaching safepoint: 2104839 ns, Cleanup: 2203 ns, At safepoint: 62494 ns, Total: 2169536 ns
[2025-08-21T21:45:02.070+0000][1692535][info ][gc,marking  ] GC(449) Concurrent Clear Claimed Marks
[2025-08-21T21:45:02.070+0000][1692535][info ][gc,marking  ] GC(449) Concurrent Clear Claimed Marks 0.154ms
[2025-08-21T21:45:02.070+0000][1692535][info ][gc,marking  ] GC(449) Concurrent Cleanup for Next Mark
[2025-08-21T21:45:02.072+0000][1692535][info ][gc,marking  ] GC(449) Concurrent Cleanup for Next Mark 2.189ms
[2025-08-21T21:45:02.072+0000][1692535][info ][gc          ] GC(449) Concurrent Mark Cycle 194.613ms
[2025-08-21T21:45:03.070+0000][1692535][info ][safepoint   ] Safepoint "Cleanup", Time since last: 1000309832 ns, Reaching safepoint: 161283 ns, Cleanup: 7872 ns, At safepoint: 5829 ns, Total: 174984 ns
[2025-08-21T21:45:10.071+0000][1692535][info ][safepoint   ] Safepoint "Cleanup", Time since last: 7000404134 ns, Reaching safepoint: 489980 ns, Cleanup: 10757 ns, At safepoint: 2644 ns, Total: 503381 ns
[2025-08-21T21:45:11.075+0000][1692535][info ][safepoint   ] Safepoint "Cleanup", Time since last: 1000087235 ns, Reaching safepoint: 4200122 ns, Cleanup: 11687 ns, At safepoint: 4307 ns, Total: 4216116 ns
[2025-08-21T21:45:16.018+0000][1692535][info ][gc,start    ] GC(450) Pause Young (Normal) (G1 Evacuation Pause)
[2025-08-21T21:45:16.018+0000][1692535][info ][gc,task     ] GC(450) Using 1 workers of 1 for evacuation
[2025-08-21T21:45:16.018+0000][1692535][debug][gc,age      ] GC(450) Desired survivor size 20971520 bytes, new threshold 15 (max threshold 15)
[2025-08-21T21:45:16.024+0000][1692535][info ][gc,phases   ] GC(450)   Pre Evacuate Collection Set: 0.0ms
[2025-08-21T21:45:16.024+0000][1692535][info ][gc,phases   ] GC(450)   Merge Heap Roots: 0.0ms
[2025-08-21T21:45:16.024+0000][1692535][info ][gc,phases   ] GC(450)   Evacuate Collection Set: 5.3ms
[2025-08-21T21:45:16.024+0000][1692535][info ][gc,phases   ] GC(450)   Post Evacuate Collection Set: 0.9ms
[2025-08-21T21:45:16.024+0000][1692535][info ][gc,phases   ] GC(450)   Other: 0.0ms
[2025-08-21T21:45:16.024+0000][1692535][trace][gc,age      ] GC(450) Age table with threshold 15 (max threshold 15)
[2025-08-21T21:45:16.024+0000][1692535][trace][gc,age      ] GC(450) - age   1:   19255936 bytes,   19255936 total
[2025-08-21T21:45:16.024+0000][1692535][trace][gc,age      ] GC(450) - age   2:        600 bytes,   19256536 total
[2025-08-21T21:45:16.024+0000][1692535][trace][gc,age      ] GC(450) - age   3:    3212264 bytes,   22468800 total
[2025-08-21T21:45:16.024+0000][1692535][trace][gc,age      ] GC(450) - age   4:        176 bytes,   22468976 total
[2025-08-21T21:45:16.024+0000][1692535][trace][gc,age      ] GC(450) - age   9:      29000 bytes,   22497976 total
[2025-08-21T21:45:16.024+0000][1692535][trace][gc,age      ] GC(450) - age  10:       5456 bytes,   22503432 total
[2025-08-21T21:45:16.024+0000][1692535][info ][gc,heap     ] GC(450) Eden regions: 73->0(70)
[2025-08-21T21:45:16.024+0000][1692535][info ][gc,heap     ] GC(450) Survivor regions: 3->6(10)
[2025-08-21T21:45:16.024+0000][1692535][info ][gc,heap     ] GC(450) Old regions: 22->22
[2025-08-21T21:45:16.024+0000][1692535][info ][gc,heap     ] GC(450) Humongous regions: 0->0
[2025-08-21T21:45:16.024+0000][1692535][info ][gc,metaspace] GC(450) Metaspace: 138240K(143872K)->138240K(143872K) NonClass: 120002K(123392K)->120002K(123392K) Class: 18238K(20480K)->18238K(20480K)
[2025-08-21T21:45:16.024+0000][1692535][info ][gc          ] GC(450) Pause Young (Normal) (G1 Evacuation Pause) 390M->110M(512M) 6.489ms
[2025-08-21T21:45:16.024+0000][1692535][info ][gc,cpu      ] GC(450) User=0.00s Sys=0.00s Real=0.00s
[2025-08-21T21:45:16.024+0000][1692535][info ][safepoint   ] Safepoint "G1CollectForAllocation", Time since last: 4942432122 ns, Reaching safepoint: 37727 ns, Cleanup: 4036 ns, At safepoint: 6539284 ns, Total: 6581047 ns
[2025-08-21T21:45:21.158+0000][1692535][info ][gc,start    ] GC(451) Pause Young (Concurrent Start) (G1 Evacuation Pause)
[2025-08-21T21:45:21.158+0000][1692535][info ][gc,task     ] GC(451) Using 1 workers of 1 for evacuation
[2025-08-21T21:45:21.158+0000][1692535][debug][gc,age      ] GC(451) Desired survivor size 20971520 bytes, new threshold 3 (max threshold 15)
[2025-08-21T21:45:21.464+0000][1692535][info ][gc,mmu      ] GC(451) MMU target violated: 201.0ms (200.0ms/201.0ms)
[2025-08-21T21:45:21.464+0000][1692535][info ][gc,phases   ] GC(451)   Pre Evacuate Collection Set: 0.1ms
[2025-08-21T21:45:21.464+0000][1692535][info ][gc,phases   ] GC(451)   Merge Heap Roots: 0.0ms
[2025-08-21T21:45:21.464+0000][1692535][info ][gc,phases   ] GC(451)   Evacuate Collection Set: 304.3ms
[2025-08-21T21:45:21.464+0000][1692535][info ][gc,phases   ] GC(451)   Post Evacuate Collection Set: 1.1ms
[2025-08-21T21:45:21.464+0000][1692535][info ][gc,phases   ] GC(451)   Other: 0.1ms
[2025-08-21T21:45:21.464+0000][1692535][trace][gc,age      ] GC(451) Age table with threshold 3 (max threshold 15)
[2025-08-21T21:45:21.464+0000][1692535][trace][gc,age      ] GC(451) - age   1:   23885720 bytes,   23885720 total
[2025-08-21T21:45:21.464+0000][1692535][trace][gc,age      ] GC(451) - age   2:   16929048 bytes,   40814768 total
[2025-08-21T21:45:21.464+0000][1692535][trace][gc,age      ] GC(451) - age   3:        416 bytes,   40815184 total
[2025-08-21T21:45:21.464+0000][1692535][info ][gc,heap     ] GC(451) Eden regions: 70->0(59)
[2025-08-21T21:45:21.464+0000][1692535][info ][gc,heap     ] GC(451) Survivor regions: 6->10(10)
[2025-08-21T21:45:21.464+0000][1692535][info ][gc,heap     ] GC(451) Old regions: 22->35
[2025-08-21T21:45:21.464+0000][1692535][info ][gc,heap     ] GC(451) Humongous regions: 0->0
[2025-08-21T21:45:21.464+0000][1692535][info ][gc,metaspace] GC(451) Metaspace: 138241K(143872K)->138241K(143872K) NonClass: 120003K(123392K)->120003K(123392K) Class: 18238K(20480K)->18238K(20480K)
[2025-08-21T21:45:21.464+0000][1692535][info ][gc          ] GC(451) Pause Young (Concurrent Start) (G1 Evacuation Pause) 390M->180M(512M) 305.720ms
[2025-08-21T21:45:21.464+0000][1692535][info ][gc,cpu      ] GC(451) User=0.01s Sys=0.12s Real=0.30s
[2025-08-21T21:45:21.464+0000][1692535][info ][safepoint   ] Safepoint "G1CollectForAllocation", Time since last: 5133998240 ns, Reaching safepoint: 5779 ns, Cleanup: 3345 ns, At safepoint: 305784163 ns, Total: 305793287 ns
[2025-08-21T21:45:21.464+0000][1692535][info ][gc          ] GC(452) Concurrent Mark Cycle
[2025-08-21T21:45:21.464+0000][1692535][info ][gc,marking  ] GC(452) Concurrent Scan Root Regions
[2025-08-21T21:45:21.471+0000][1692535][info ][gc,marking  ] GC(452) Concurrent Scan Root Regions 6.526ms
[2025-08-21T21:45:21.471+0000][1692535][info ][gc,marking  ] GC(452) Concurrent Mark
[2025-08-21T21:45:21.471+0000][1692535][info ][gc,marking  ] GC(452) Concurrent Mark From Roots
[2025-08-21T21:45:21.471+0000][1692535][info ][gc,task     ] GC(452) Using 1 workers of 1 for marking
[2025-08-21T21:45:21.768+0000][1692535][info ][gc,marking  ] GC(452) Concurrent Mark From Roots 297.646ms
[2025-08-21T21:45:21.768+0000][1692535][info ][gc,marking  ] GC(452) Concurrent Preclean
[2025-08-21T21:45:21.769+0000][1692535][info ][gc,marking  ] GC(452) Concurrent Preclean 0.271ms
[2025-08-21T21:45:21.769+0000][1692535][info ][gc,start    ] GC(452) Pause Remark
[2025-08-21T21:45:21.777+0000][1692535][info ][gc          ] GC(452) Pause Remark 219M->219M(512M) 8.640ms
[2025-08-21T21:45:21.777+0000][1692535][info ][gc,cpu      ] GC(452) User=0.01s Sys=0.00s Real=0.01s
[2025-08-21T21:45:21.777+0000][1692535][info ][safepoint   ] Safepoint "G1PauseRemark", Time since last: 304578001 ns, Reaching safepoint: 5228 ns, Cleanup: 3095 ns, At safepoint: 8684473 ns, Total: 8692796 ns
[2025-08-21T21:45:21.777+0000][1692535][info ][gc,marking  ] GC(452) Concurrent Mark 306.709ms
[2025-08-21T21:45:21.777+0000][1692535][info ][gc,marking  ] GC(452) Concurrent Rebuild Remembered Sets and Scrub Regions
[2025-08-21T21:45:21.828+0000][1692535][info ][gc,marking  ] GC(452) Concurrent Rebuild Remembered Sets and Scrub Regions 51.027ms
[2025-08-21T21:45:21.829+0000][1692535][info ][gc,start    ] GC(452) Pause Cleanup
[2025-08-21T21:45:21.829+0000][1692535][info ][gc          ] GC(452) Pause Cleanup 219M->219M(512M) 0.019ms
[2025-08-21T21:45:21.829+0000][1692535][info ][gc,cpu      ] GC(452) User=0.00s Sys=0.00s Real=0.00s
[2025-08-21T21:45:21.829+0000][1692535][info ][safepoint   ] Safepoint "G1PauseCleanup", Time since last: 51111827 ns, Reaching safepoint: 5879 ns, Cleanup: 2914 ns, At safepoint: 47903 ns, Total: 56696 ns
[2025-08-21T21:45:21.829+0000][1692535][info ][gc,marking  ] GC(452) Concurrent Clear Claimed Marks
[2025-08-21T21:45:21.829+0000][1692535][info ][gc,marking  ] GC(452) Concurrent Clear Claimed Marks 0.176ms
[2025-08-21T21:45:21.829+0000][1692535][info ][gc,marking  ] GC(452) Concurrent Cleanup for Next Mark
[2025-08-21T21:45:21.831+0000][1692535][info ][gc,marking  ] GC(452) Concurrent Cleanup for Next Mark 1.993ms
[2025-08-21T21:45:21.831+0000][1692535][info ][gc          ] GC(452) Concurrent Mark Cycle 366.629ms
[2025-08-21T21:45:22.844+0000][1692535][info ][safepoint   ] Safepoint "Cleanup", Time since last: 1000072643 ns, Reaching safepoint: 15800458 ns, Cleanup: 11838 ns, At safepoint: 57717 ns, Total: 15870013 ns
[2025-08-21T21:45:23.875+0000][1692535][info ][safepoint   ] Safepoint "Cleanup", Time since last: 1000238484 ns, Reaching safepoint: 30492132 ns, Cleanup: 11417 ns, At safepoint: 5428 ns, Total: 30508977 ns
[2025-08-21T21:45:24.884+0000][1692535][info ][safepoint   ] Safepoint "Cleanup", Time since last: 1002690095 ns, Reaching safepoint: 5910705 ns, Cleanup: 6280 ns, At safepoint: 4817 ns, Total: 5921802 ns
[2025-08-21T21:45:25.893+0000][1692535][info ][safepoint   ] Safepoint "Cleanup", Time since last: 1000085613 ns, Reaching safepoint: 9430610 ns, Cleanup: 10826 ns, At safepoint: 4447 ns, Total: 9445883 ns
[2025-08-21T21:45:26.897+0000][1692535][info ][safepoint   ] Safepoint "Cleanup", Time since last: 1000085052 ns, Reaching safepoint: 3194103 ns, Cleanup: 12238 ns, At safepoint: 4797 ns, Total: 3211138 ns
[2025-08-21T21:45:29.196+0000][1692535][info ][safepoint   ] Safepoint "Cleanup", Time since last: 2000154481 ns, Reaching safepoint: 299379752 ns, Cleanup: 14913 ns, At safepoint: 12719 ns, Total: 299407384 ns
[2025-08-21T21:45:30.196+0000][1692535][info ][safepoint   ] Safepoint "Cleanup", Time since last: 1000091041 ns, Reaching safepoint: 4957 ns, Cleanup: 9555 ns, At safepoint: 2634 ns, Total: 17146 ns
[2025-08-21T21:46:20.492+0000][1692535][info ][gc,start    ] GC(453) Pause Young (Normal) (G1 Evacuation Pause)
[2025-08-21T21:46:20.492+0000][1692535][info ][gc,task     ] GC(453) Using 1 workers of 1 for evacuation
[2025-08-21T21:46:20.492+0000][1692535][debug][gc,age      ] GC(453) Desired survivor size 18874368 bytes, new threshold 1 (max threshold 15)
[2025-08-21T21:46:20.499+0000][1692535][info ][gc,phases   ] GC(453)   Pre Evacuate Collection Set: 0.1ms
[2025-08-21T21:46:20.499+0000][1692535][info ][gc,phases   ] GC(453)   Merge Heap Roots: 0.1ms
[2025-08-21T21:46:20.499+0000][1692535][info ][gc,phases   ] GC(453)   Evacuate Collection Set: 5.3ms
[2025-08-21T21:46:20.499+0000][1692535][info ][gc,phases   ] GC(453)   Post Evacuate Collection Set: 1.6ms
[2025-08-21T21:46:20.499+0000][1692535][info ][gc,phases   ] GC(453)   Other: 0.0ms
[2025-08-21T21:46:20.499+0000][1692535][trace][gc,age      ] GC(453) Age table with threshold 1 (max threshold 15)
[2025-08-21T21:46:20.499+0000][1692535][trace][gc,age      ] GC(453) - age   1:      61704 bytes,      61704 total
[2025-08-21T21:46:20.499+0000][1692535][info ][gc,heap     ] GC(453) Eden regions: 59->0(71)
[2025-08-21T21:46:20.499+0000][1692535][info ][gc,heap     ] GC(453) Survivor regions: 10->1(9)
[2025-08-21T21:46:20.499+0000][1692535][info ][gc,heap     ] GC(453) Old regions: 35->36
[2025-08-21T21:46:20.499+0000][1692535][info ][gc,heap     ] GC(453) Humongous regions: 0->0
[2025-08-21T21:46:20.499+0000][1692535][info ][gc,metaspace] GC(453) Metaspace: 138248K(143872K)->138248K(143872K) NonClass: 120010K(123392K)->120010K(123392K) Class: 18238K(20480K)->18238K(20480K)
[2025-08-21T21:46:20.499+0000][1692535][info ][gc          ] GC(453) Pause Young (Normal) (G1 Evacuation Pause) 416M->144M(512M) 7.235ms
[2025-08-21T21:46:20.500+0000][1692535][info ][gc,cpu      ] GC(453) User=0.01s Sys=0.00s Real=0.01s
[2025-08-21T21:46:20.500+0000][1692535][info ][safepoint   ] Safepoint "G1CollectForAllocation", Time since last: 50295892611 ns, Reaching safepoint: 8553 ns, Cleanup: 3576 ns, At safepoint: 7272621 ns, Total: 7284750 ns
[2025-08-21T21:56:25.831+0000][1692535][info ][gc,start    ] GC(454) Pause Young (Concurrent Start) (G1 Evacuation Pause)
[2025-08-21T21:56:25.831+0000][1692535][info ][gc,task     ] GC(454) Using 1 workers of 1 for evacuation
[2025-08-21T21:56:25.831+0000][1692535][debug][gc,age      ] GC(454) Desired survivor size 18874368 bytes, new threshold 15 (max threshold 15)
[2025-08-21T21:56:25.835+0000][1692535][info ][gc,phases   ] GC(454)   Pre Evacuate Collection Set: 0.0ms
[2025-08-21T21:56:25.835+0000][1692535][info ][gc,phases   ] GC(454)   Merge Heap Roots: 0.0ms
[2025-08-21T21:56:25.835+0000][1692535][info ][gc,phases   ] GC(454)   Evacuate Collection Set: 2.7ms
[2025-08-21T21:56:25.835+0000][1692535][info ][gc,phases   ] GC(454)   Post Evacuate Collection Set: 0.9ms
[2025-08-21T21:56:25.835+0000][1692535][info ][gc,phases   ] GC(454)   Other: 0.0ms
[2025-08-21T21:56:25.835+0000][1692535][trace][gc,age      ] GC(454) Age table with threshold 15 (max threshold 15)
[2025-08-21T21:56:25.835+0000][1692535][trace][gc,age      ] GC(454) - age   1:    4499248 bytes,    4499248 total
[2025-08-21T21:56:25.835+0000][1692535][trace][gc,age      ] GC(454) - age   2:      41856 bytes,    4541104 total
[2025-08-21T21:56:25.835+0000][1692535][info ][gc,heap     ] GC(454) Eden regions: 71->0(73)
[2025-08-21T21:56:25.835+0000][1692535][info ][gc,heap     ] GC(454) Survivor regions: 1->2(9)
[2025-08-21T21:56:25.835+0000][1692535][info ][gc,heap     ] GC(454) Old regions: 36->36
[2025-08-21T21:56:25.835+0000][1692535][info ][gc,heap     ] GC(454) Humongous regions: 0->0
[2025-08-21T21:56:25.835+0000][1692535][info ][gc,metaspace] GC(454) Metaspace: 138250K(143872K)->138250K(143872K) NonClass: 120011K(123392K)->120011K(123392K) Class: 18238K(20480K)->18238K(20480K)
[2025-08-21T21:56:25.835+0000][1692535][info ][gc          ] GC(454) Pause Young (Concurrent Start) (G1 Evacuation Pause) 428M->147M(512M) 3.991ms
[2025-08-21T21:56:25.835+0000][1692535][info ][gc,cpu      ] GC(454) User=0.00s Sys=0.00s Real=0.00s
[2025-08-21T21:56:25.835+0000][1692535][info ][safepoint   ] Safepoint "G1CollectForAllocation", Time since last: 605331391411 ns, Reaching safepoint: 101232 ns, Cleanup: 2554 ns, At safepoint: 4035373 ns, Total: 4139159 ns
[2025-08-21T21:56:25.837+0000][1692535][info ][gc          ] GC(455) Concurrent Mark Cycle
[2025-08-21T21:56:25.837+0000][1692535][info ][gc,marking  ] GC(455) Concurrent Scan Root Regions
[2025-08-21T21:56:25.842+0000][1692535][info ][gc,marking  ] GC(455) Concurrent Scan Root Regions 4.297ms
[2025-08-21T21:56:25.842+0000][1692535][info ][gc,marking  ] GC(455) Concurrent Mark
[2025-08-21T21:56:25.842+0000][1692535][info ][gc,marking  ] GC(455) Concurrent Mark From Roots
[2025-08-21T21:56:25.842+0000][1692535][info ][gc,task     ] GC(455) Using 1 workers of 1 for marking
[2025-08-21T21:56:26.282+0000][1692535][info ][gc,marking  ] GC(455) Concurrent Mark From Roots 440.113ms
[2025-08-21T21:56:26.282+0000][1692535][info ][gc,marking  ] GC(455) Concurrent Preclean
[2025-08-21T21:56:26.282+0000][1692535][info ][gc,marking  ] GC(455) Concurrent Preclean 0.345ms
[2025-08-21T21:56:26.283+0000][1692535][info ][gc,start    ] GC(455) Pause Remark
[2025-08-21T21:56:26.308+0000][1692535][info ][gc          ] GC(455) Pause Remark 265M->233M(512M) 24.849ms
[2025-08-21T21:56:26.308+0000][1692535][info ][gc,cpu      ] GC(455) User=0.01s Sys=0.00s Real=0.03s
[2025-08-21T21:56:26.308+0000][1692535][info ][safepoint   ] Safepoint "G1PauseRemark", Time since last: 447673665 ns, Reaching safepoint: 7111 ns, Cleanup: 12749 ns, At safepoint: 24916782 ns, Total: 24936642 ns
[2025-08-21T21:56:26.308+0000][1692535][info ][gc,marking  ] GC(455) Concurrent Mark 466.017ms
[2025-08-21T21:56:26.308+0000][1692535][info ][gc,marking  ] GC(455) Concurrent Rebuild Remembered Sets and Scrub Regions
[2025-08-21T21:56:26.407+0000][1692535][info ][gc,marking  ] GC(455) Concurrent Rebuild Remembered Sets and Scrub Regions 99.776ms
[2025-08-21T21:56:26.414+0000][1692535][info ][gc,start    ] GC(455) Pause Cleanup
[2025-08-21T21:56:26.414+0000][1692535][info ][gc          ] GC(455) Pause Cleanup 237M->237M(512M) 0.063ms
[2025-08-21T21:56:26.414+0000][1692535][info ][gc,cpu      ] GC(455) User=0.00s Sys=0.00s Real=0.00s
[2025-08-21T21:56:26.414+0000][1692535][info ][safepoint   ] Safepoint "G1PauseCleanup", Time since last: 99861712 ns, Reaching safepoint: 6115043 ns, Cleanup: 3295 ns, At safepoint: 94302 ns, Total: 6212640 ns
[2025-08-21T21:56:26.414+0000][1692535][info ][gc,marking  ] GC(455) Concurrent Clear Claimed Marks
[2025-08-21T21:56:26.414+0000][1692535][info ][gc,marking  ] GC(455) Concurrent Clear Claimed Marks 0.175ms
[2025-08-21T21:56:26.414+0000][1692535][info ][gc,marking  ] GC(455) Concurrent Cleanup for Next Mark
[2025-08-21T21:56:26.487+0000][1692535][info ][gc,marking  ] GC(455) Concurrent Cleanup for Next Mark 72.932ms
[2025-08-21T21:56:26.487+0000][1692535][info ][gc          ] GC(455) Concurrent Mark Cycle 649.521ms
[2025-08-21T21:56:27.414+0000][1692535][info ][safepoint   ] Safepoint "Cleanup", Time since last: 1000258816 ns, Reaching safepoint: 5638 ns, Cleanup: 14392 ns, At safepoint: 2764 ns, Total: 22794 ns
[2025-08-21T21:58:45.167+0000][1692535][info ][gc,start    ] GC(456) Pause Young (Prepare Mixed) (G1 Evacuation Pause)
[2025-08-21T21:58:45.167+0000][1692535][info ][gc,task     ] GC(456) Using 1 workers of 1 for evacuation
[2025-08-21T21:58:45.167+0000][1692535][debug][gc,age      ] GC(456) Desired survivor size 20971520 bytes, new threshold 15 (max threshold 15)
[2025-08-21T21:58:45.170+0000][1692535][info ][gc,phases   ] GC(456)   Pre Evacuate Collection Set: 0.0ms
[2025-08-21T21:58:45.170+0000][1692535][info ][gc,phases   ] GC(456)   Merge Heap Roots: 0.0ms
[2025-08-21T21:58:45.170+0000][1692535][info ][gc,phases   ] GC(456)   Evacuate Collection Set: 1.6ms
[2025-08-21T21:58:45.170+0000][1692535][info ][gc,phases   ] GC(456)   Post Evacuate Collection Set: 1.0ms
[2025-08-21T21:58:45.170+0000][1692535][info ][gc,phases   ] GC(456)   Other: 0.0ms
[2025-08-21T21:58:45.170+0000][1692535][trace][gc,age      ] GC(456) Age table with threshold 15 (max threshold 15)
[2025-08-21T21:58:45.170+0000][1692535][trace][gc,age      ] GC(456) - age   1:      22096 bytes,      22096 total
[2025-08-21T21:58:45.170+0000][1692535][trace][gc,age      ] GC(456) - age   2:       6048 bytes,      28144 total
[2025-08-21T21:58:45.170+0000][1692535][trace][gc,age      ] GC(456) - age   3:      21704 bytes,      49848 total
[2025-08-21T21:58:45.170+0000][1692535][info ][gc,heap     ] GC(456) Eden regions: 73->0(75)
[2025-08-21T21:58:45.170+0000][1692535][info ][gc,heap     ] GC(456) Survivor regions: 2->1(10)
[2025-08-21T21:58:45.170+0000][1692535][info ][gc,heap     ] GC(456) Old regions: 28->28
[2025-08-21T21:58:45.170+0000][1692535][info ][gc,heap     ] GC(456) Humongous regions: 0->0
[2025-08-21T21:58:45.170+0000][1692535][info ][gc,metaspace] GC(456) Metaspace: 138254K(143872K)->138254K(143872K) NonClass: 120016K(123392K)->120016K(123392K) Class: 18238K(20480K)->18238K(20480K)
[2025-08-21T21:58:45.170+0000][1692535][info ][gc          ] GC(456) Pause Young (Prepare Mixed) (G1 Evacuation Pause) 407M->111M(512M) 3.055ms
[2025-08-21T21:58:45.170+0000][1692535][info ][gc,cpu      ] GC(456) User=0.00s Sys=0.00s Real=0.00s
[2025-08-21T21:58:45.170+0000][1692535][info ][safepoint   ] Safepoint "G1CollectForAllocation", Time since last: 137752785991 ns, Reaching safepoint: 8062 ns, Cleanup: 3596 ns, At safepoint: 3091137 ns, Total: 3102795 ns
[2025-08-21T22:10:27.735+0000][1692535][info ][gc,start    ] GC(457) Pause Young (Mixed) (G1 Evacuation Pause)
[2025-08-21T22:10:27.735+0000][1692535][info ][gc,task     ] GC(457) Using 1 workers of 1 for evacuation
[2025-08-21T22:10:27.735+0000][1692535][debug][gc,age      ] GC(457) Desired survivor size 20971520 bytes, new threshold 15 (max threshold 15)
[2025-08-21T22:10:27.737+0000][1692535][info ][gc,phases   ] GC(457)   Pre Evacuate Collection Set: 0.0ms
[2025-08-21T22:10:27.737+0000][1692535][info ][gc,phases   ] GC(457)   Merge Heap Roots: 0.0ms
[2025-08-21T22:10:27.737+0000][1692535][info ][gc,phases   ] GC(457)   Evacuate Collection Set: 1.0ms
[2025-08-21T22:10:27.737+0000][1692535][info ][gc,phases   ] GC(457)   Post Evacuate Collection Set: 0.7ms
[2025-08-21T22:10:27.737+0000][1692535][info ][gc,phases   ] GC(457)   Other: 0.0ms
[2025-08-21T22:10:27.737+0000][1692535][trace][gc,age      ] GC(457) Age table with threshold 15 (max threshold 15)
[2025-08-21T22:10:27.737+0000][1692535][trace][gc,age      ] GC(457) - age   1:       9568 bytes,       9568 total
[2025-08-21T22:10:27.737+0000][1692535][trace][gc,age      ] GC(457) - age   2:      11120 bytes,      20688 total
[2025-08-21T22:10:27.737+0000][1692535][trace][gc,age      ] GC(457) - age   3:       5440 bytes,      26128 total
[2025-08-21T22:10:27.737+0000][1692535][trace][gc,age      ] GC(457) - age   4:      21704 bytes,      47832 total
[2025-08-21T22:10:27.737+0000][1692535][info ][gc,heap     ] GC(457) Eden regions: 75->0(75)
[2025-08-21T22:10:27.737+0000][1692535][info ][gc,heap     ] GC(457) Survivor regions: 1->1(10)
[2025-08-21T22:10:27.737+0000][1692535][info ][gc,heap     ] GC(457) Old regions: 28->27
[2025-08-21T22:10:27.737+0000][1692535][info ][gc,heap     ] GC(457) Humongous regions: 0->0
[2025-08-21T22:10:27.737+0000][1692535][info ][gc,metaspace] GC(457) Metaspace: 138254K(143872K)->138254K(143872K) NonClass: 120016K(123392K)->120016K(123392K) Class: 18238K(20480K)->18238K(20480K)
[2025-08-21T22:10:27.737+0000][1692535][info ][gc          ] GC(457) Pause Young (Mixed) (G1 Evacuation Pause) 411M->106M(512M) 2.401ms
[2025-08-21T22:10:27.737+0000][1692535][info ][gc,cpu      ] GC(457) User=0.01s Sys=0.00s Real=0.01s
[2025-08-21T22:10:27.737+0000][1692535][info ][safepoint   ] Safepoint "G1CollectForAllocation", Time since last: 702564804780 ns, Reaching safepoint: 7030 ns, Cleanup: 3606 ns, At safepoint: 2435016 ns, Total: 2445652 ns
[2025-08-21T22:13:35.687+0000][1692535][info ][gc,start    ] GC(458) Pause Young (Concurrent Start) (G1 Evacuation Pause)
[2025-08-21T22:13:35.688+0000][1692535][info ][gc,task     ] GC(458) Using 1 workers of 1 for evacuation
[2025-08-21T22:13:35.688+0000][1692535][debug][gc,age      ] GC(458) Desired survivor size 20971520 bytes, new threshold 15 (max threshold 15)
[2025-08-21T22:13:35.695+0000][1692535][info ][gc,phases   ] GC(458)   Pre Evacuate Collection Set: 0.1ms
[2025-08-21T22:13:35.695+0000][1692535][info ][gc,phases   ] GC(458)   Merge Heap Roots: 0.0ms
[2025-08-21T22:13:35.695+0000][1692535][info ][gc,phases   ] GC(458)   Evacuate Collection Set: 6.1ms
[2025-08-21T22:13:35.695+0000][1692535][info ][gc,phases   ] GC(458)   Post Evacuate Collection Set: 0.9ms
[2025-08-21T22:13:35.695+0000][1692535][info ][gc,phases   ] GC(458)   Other: 0.0ms
[2025-08-21T22:13:35.695+0000][1692535][trace][gc,age      ] GC(458) Age table with threshold 15 (max threshold 15)
[2025-08-21T22:13:35.695+0000][1692535][trace][gc,age      ] GC(458) - age   1:    7270520 bytes,    7270520 total
[2025-08-21T22:13:35.695+0000][1692535][trace][gc,age      ] GC(458) - age   2:        960 bytes,    7271480 total
[2025-08-21T22:13:35.695+0000][1692535][trace][gc,age      ] GC(458) - age   3:      11024 bytes,    7282504 total
[2025-08-21T22:13:35.695+0000][1692535][trace][gc,age      ] GC(458) - age   4:       5440 bytes,    7287944 total
[2025-08-21T22:13:35.695+0000][1692535][trace][gc,age      ] GC(458) - age   5:      21704 bytes,    7309648 total
[2025-08-21T22:13:35.695+0000][1692535][info ][gc,heap     ] GC(458) Eden regions: 75->0(74)
[2025-08-21T22:13:35.695+0000][1692535][info ][gc,heap     ] GC(458) Survivor regions: 1->2(10)
[2025-08-21T22:13:35.695+0000][1692535][info ][gc,heap     ] GC(458) Old regions: 27->27
[2025-08-21T22:13:35.695+0000][1692535][info ][gc,heap     ] GC(458) Humongous regions: 0->0
[2025-08-21T22:13:35.695+0000][1692535][info ][gc,metaspace] GC(458) Metaspace: 138256K(143872K)->138256K(143872K) NonClass: 120018K(123392K)->120018K(123392K) Class: 18238K(20480K)->18238K(20480K)
[2025-08-21T22:13:35.695+0000][1692535][info ][gc          ] GC(458) Pause Young (Concurrent Start) (G1 Evacuation Pause) 406M->113M(512M) 7.619ms
[2025-08-21T22:13:35.695+0000][1692535][info ][gc,cpu      ] GC(458) User=0.01s Sys=0.00s Real=0.00s
[2025-08-21T22:13:35.695+0000][1692535][info ][safepoint   ] Safepoint "G1CollectForAllocation", Time since last: 187950148855 ns, Reaching safepoint: 35904 ns, Cleanup: 21272 ns, At safepoint: 7670622 ns, Total: 7727798 ns
[2025-08-21T22:13:35.700+0000][1692535][info ][gc          ] GC(459) Concurrent Mark Cycle
[2025-08-21T22:13:35.700+0000][1692535][info ][gc,marking  ] GC(459) Concurrent Scan Root Regions
[2025-08-21T22:13:35.702+0000][1692535][info ][gc,marking  ] GC(459) Concurrent Scan Root Regions 1.959ms
[2025-08-21T22:13:35.702+0000][1692535][info ][gc,marking  ] GC(459) Concurrent Mark
[2025-08-21T22:13:35.702+0000][1692535][info ][gc,marking  ] GC(459) Concurrent Mark From Roots
[2025-08-21T22:13:35.702+0000][1692535][info ][gc,task     ] GC(459) Using 1 workers of 1 for marking
[2025-08-21T22:13:35.850+0000][1692535][info ][gc,marking  ] GC(459) Concurrent Mark From Roots 148.103ms
[2025-08-21T22:13:35.850+0000][1692535][info ][gc,marking  ] GC(459) Concurrent Preclean
[2025-08-21T22:13:35.851+0000][1692535][info ][gc,marking  ] GC(459) Concurrent Preclean 0.269ms
[2025-08-21T22:13:35.854+0000][1692535][info ][gc,start    ] GC(459) Pause Remark
[2025-08-21T22:13:35.860+0000][1692535][info ][gc          ] GC(459) Pause Remark 164M->148M(512M) 6.448ms
[2025-08-21T22:13:35.860+0000][1692535][info ][gc,cpu      ] GC(459) User=0.01s Sys=0.00s Real=0.01s
[2025-08-21T22:13:35.860+0000][1692535][info ][safepoint   ] Safepoint "G1PauseRemark", Time since last: 155760144 ns, Reaching safepoint: 3171178 ns, Cleanup: 3175 ns, At safepoint: 6488667 ns, Total: 9663020 ns
[2025-08-21T22:13:35.861+0000][1692535][info ][gc,marking  ] GC(459) Concurrent Mark 158.965ms
[2025-08-21T22:13:35.861+0000][1692535][info ][gc,marking  ] GC(459) Concurrent Rebuild Remembered Sets and Scrub Regions
[2025-08-21T22:13:35.889+0000][1692535][info ][gc,marking  ] GC(459) Concurrent Rebuild Remembered Sets and Scrub Regions 27.665ms
[2025-08-21T22:13:35.898+0000][1692535][info ][gc,start    ] GC(459) Pause Cleanup
[2025-08-21T22:13:35.899+0000][1692535][info ][gc          ] GC(459) Pause Cleanup 148M->148M(512M) 0.035ms
[2025-08-21T22:13:35.899+0000][1692535][info ][gc,cpu      ] GC(459) User=0.00s Sys=0.00s Real=0.00s
[2025-08-21T22:13:35.899+0000][1692535][info ][safepoint   ] Safepoint "G1PauseCleanup", Time since last: 28561525 ns, Reaching safepoint: 9447215 ns, Cleanup: 2774 ns, At safepoint: 59049 ns, Total: 9509038 ns
[2025-08-21T22:13:35.900+0000][1692535][info ][gc,marking  ] GC(459) Concurrent Clear Claimed Marks
[2025-08-21T22:13:35.900+0000][1692535][info ][gc,marking  ] GC(459) Concurrent Clear Claimed Marks 0.142ms
[2025-08-21T22:13:35.900+0000][1692535][info ][gc,marking  ] GC(459) Concurrent Cleanup for Next Mark
[2025-08-21T22:13:35.900+0000][1692535][info ][gc,marking  ] GC(459) Concurrent Cleanup for Next Mark 0.230ms
[2025-08-21T22:13:35.900+0000][1692535][info ][gc          ] GC(459) Concurrent Mark Cycle 199.693ms
[2025-08-21T22:13:36.914+0000][1692535][info ][safepoint   ] Safepoint "Cleanup", Time since last: 1000069934 ns, Reaching safepoint: 15763782 ns, Cleanup: 8773 ns, At safepoint: 3385 ns, Total: 15775940 ns
[2025-08-21T22:13:42.916+0000][1692535][info ][safepoint   ] Safepoint "Cleanup", Time since last: 6000519623 ns, Reaching safepoint: 737214 ns, Cleanup: 10215 ns, At safepoint: 7992 ns, Total: 755421 ns
[2025-08-21T22:13:43.934+0000][1692535][info ][safepoint   ] Safepoint "Cleanup", Time since last: 1000085678 ns, Reaching safepoint: 17904884 ns, Cleanup: 7081 ns, At safepoint: 4857 ns, Total: 17916822 ns
[2025-08-21T22:13:44.934+0000][1692535][info ][safepoint   ] Safepoint "Cleanup", Time since last: 1000097095 ns, Reaching safepoint: 5569 ns, Cleanup: 10175 ns, At safepoint: 2874 ns, Total: 18618 ns
[2025-08-21T22:13:45.934+0000][1692535][info ][safepoint   ] Safepoint "Cleanup", Time since last: 1000094171 ns, Reaching safepoint: 5388 ns, Cleanup: 9564 ns, At safepoint: 2414 ns, Total: 17366 ns
[2025-08-21T22:13:45.985+0000][1692535][info ][gc,start    ] GC(460) Pause Young (Prepare Mixed) (G1 Evacuation Pause)
[2025-08-21T22:13:45.985+0000][1692535][info ][gc,task     ] GC(460) Using 1 workers of 1 for evacuation
[2025-08-21T22:13:45.985+0000][1692535][debug][gc,age      ] GC(460) Desired survivor size 20971520 bytes, new threshold 15 (max threshold 15)
[2025-08-21T22:13:46.018+0000][1692535][info ][gc,phases   ] GC(460)   Pre Evacuate Collection Set: 0.0ms
[2025-08-21T22:13:46.018+0000][1692535][info ][gc,phases   ] GC(460)   Merge Heap Roots: 0.1ms
[2025-08-21T22:13:46.018+0000][1692535][info ][gc,phases   ] GC(460)   Evacuate Collection Set: 31.2ms
[2025-08-21T22:13:46.018+0000][1692535][info ][gc,phases   ] GC(460)   Post Evacuate Collection Set: 1.4ms
[2025-08-21T22:13:46.018+0000][1692535][info ][gc,phases   ] GC(460)   Other: 0.0ms
[2025-08-21T22:13:46.018+0000][1692535][trace][gc,age      ] GC(460) Age table with threshold 15 (max threshold 15)
[2025-08-21T22:13:46.018+0000][1692535][trace][gc,age      ] GC(460) - age   1:   14360144 bytes,   14360144 total
[2025-08-21T22:13:46.018+0000][1692535][trace][gc,age      ] GC(460) - age   2:    4287096 bytes,   18647240 total
[2025-08-21T22:13:46.018+0000][1692535][trace][gc,age      ] GC(460) - age   3:        936 bytes,   18648176 total
[2025-08-21T22:13:46.018+0000][1692535][trace][gc,age      ] GC(460) - age   4:      11024 bytes,   18659200 total
[2025-08-21T22:13:46.018+0000][1692535][trace][gc,age      ] GC(460) - age   5:       5440 bytes,   18664640 total
[2025-08-21T22:13:46.018+0000][1692535][trace][gc,age      ] GC(460) - age   6:      21704 bytes,   18686344 total
[2025-08-21T22:13:46.018+0000][1692535][info ][gc,heap     ] GC(460) Eden regions: 74->0(71)
[2025-08-21T22:13:46.018+0000][1692535][info ][gc,heap     ] GC(460) Survivor regions: 2->5(10)
[2025-08-21T22:13:46.018+0000][1692535][info ][gc,heap     ] GC(460) Old regions: 23->23
[2025-08-21T22:13:46.018+0000][1692535][info ][gc,heap     ] GC(460) Humongous regions: 0->0
[2025-08-21T22:13:46.018+0000][1692535][info ][gc,metaspace] GC(460) Metaspace: 138257K(143872K)->138257K(143872K) NonClass: 120019K(123392K)->120019K(123392K) Class: 18238K(20480K)->18238K(20480K)
[2025-08-21T22:13:46.018+0000][1692535][info ][gc          ] GC(460) Pause Young (Prepare Mixed) (G1 Evacuation Pause) 393M->110M(512M) 32.834ms
[2025-08-21T22:13:46.018+0000][1692535][info ][gc,cpu      ] GC(460) User=0.01s Sys=0.00s Real=0.04s
[2025-08-21T22:13:46.018+0000][1692535][info ][safepoint   ] Safepoint "G1CollectForAllocation", Time since last: 51440821 ns, Reaching safepoint: 4026 ns, Cleanup: 3104 ns, At safepoint: 32883632 ns, Total: 32890762 ns
[2025-08-21T22:13:49.020+0000][1692535][info ][safepoint   ] Safepoint "Cleanup", Time since last: 3000168969 ns, Reaching safepoint: 2096526 ns, Cleanup: 13581 ns, At safepoint: 2974 ns, Total: 2113081 ns
[2025-08-21T22:13:50.201+0000][1692535][info ][gc,start    ] GC(461) Pause Young (Mixed) (G1 Evacuation Pause)
[2025-08-21T22:13:50.201+0000][1692535][info ][gc,task     ] GC(461) Using 1 workers of 1 for evacuation
[2025-08-21T22:13:50.201+0000][1692535][debug][gc,age      ] GC(461) Desired survivor size 20971520 bytes, new threshold 15 (max threshold 15)
[2025-08-21T22:13:50.281+0000][1692535][info ][gc,phases   ] GC(461)   Pre Evacuate Collection Set: 0.0ms
[2025-08-21T22:13:50.281+0000][1692535][info ][gc,phases   ] GC(461)   Merge Heap Roots: 0.3ms
[2025-08-21T22:13:50.281+0000][1692535][info ][gc,phases   ] GC(461)   Evacuate Collection Set: 78.1ms
[2025-08-21T22:13:50.281+0000][1692535][info ][gc,phases   ] GC(461)   Post Evacuate Collection Set: 1.4ms
[2025-08-21T22:13:50.281+0000][1692535][info ][gc,phases   ] GC(461)   Other: 0.0ms
[2025-08-21T22:13:50.281+0000][1692535][trace][gc,age      ] GC(461) Age table with threshold 15 (max threshold 15)
[2025-08-21T22:13:50.281+0000][1692535][trace][gc,age      ] GC(461) - age   1:   35708784 bytes,   35708784 total
[2025-08-21T22:13:50.281+0000][1692535][trace][gc,age      ] GC(461) - age   2:    2045248 bytes,   37754032 total
[2025-08-21T22:13:50.281+0000][1692535][trace][gc,age      ] GC(461) - age   3:    3780736 bytes,   41534768 total
[2025-08-21T22:13:50.281+0000][1692535][trace][gc,age      ] GC(461) - age   4:        936 bytes,   41535704 total
[2025-08-21T22:13:50.281+0000][1692535][trace][gc,age      ] GC(461) - age   5:      11024 bytes,   41546728 total
[2025-08-21T22:13:50.281+0000][1692535][trace][gc,age      ] GC(461) - age   6:       5440 bytes,   41552168 total
[2025-08-21T22:13:50.281+0000][1692535][trace][gc,age      ] GC(461) - age   7:      21704 bytes,   41573872 total
[2025-08-21T22:13:50.281+0000][1692535][info ][gc,heap     ] GC(461) Eden regions: 71->0(57)
[2025-08-21T22:13:50.281+0000][1692535][info ][gc,heap     ] GC(461) Survivor regions: 5->10(10)
[2025-08-21T22:13:50.281+0000][1692535][info ][gc,heap     ] GC(461) Old regions: 23->36
[2025-08-21T22:13:50.281+0000][1692535][info ][gc,heap     ] GC(461) Humongous regions: 0->0
[2025-08-21T22:13:50.281+0000][1692535][info ][gc,metaspace] GC(461) Metaspace: 138261K(143872K)->138261K(143872K) NonClass: 120023K(123392K)->120023K(123392K) Class: 18238K(20480K)->18238K(20480K)
[2025-08-21T22:13:50.281+0000][1692535][info ][gc          ] GC(461) Pause Young (Mixed) (G1 Evacuation Pause) 394M->184M(512M) 80.099ms
[2025-08-21T22:13:50.281+0000][1692535][info ][gc,cpu      ] GC(461) User=0.03s Sys=0.01s Real=0.08s
[2025-08-21T22:13:50.281+0000][1692535][info ][safepoint   ] Safepoint "G1CollectForAllocation", Time since last: 1180470322 ns, Reaching safepoint: 259201 ns, Cleanup: 11317 ns, At safepoint: 80156720 ns, Total: 80427238 ns
[2025-08-21T22:13:51.297+0000][1692535][info ][safepoint   ] Safepoint "Cleanup", Time since last: 1000072547 ns, Reaching safepoint: 15327924 ns, Cleanup: 21082 ns, At safepoint: 6710 ns, Total: 15355716 ns
[2025-08-21T22:13:52.311+0000][1692535][info ][safepoint   ] Safepoint "Cleanup", Time since last: 1000092528 ns, Reaching safepoint: 13683601 ns, Cleanup: 17326 ns, At safepoint: 4727 ns, Total: 13705654 ns
[2025-08-21T22:13:53.318+0000][1692535][info ][safepoint   ] Safepoint "Cleanup", Time since last: 1000089513 ns, Reaching safepoint: 7421256 ns, Cleanup: 12629 ns, At safepoint: 3475 ns, Total: 7437360 ns
[2025-08-21T22:13:54.356+0000][1692535][info ][safepoint   ] Safepoint "Cleanup", Time since last: 1000091426 ns, Reaching safepoint: 37996782 ns, Cleanup: 8993 ns, At safepoint: 6801 ns, Total: 38012576 ns
[2025-08-21T22:13:55.367+0000][1692535][info ][safepoint   ] Safepoint "Cleanup", Time since last: 1000090485 ns, Reaching safepoint: 10751193 ns, Cleanup: 12899 ns, At safepoint: 5629 ns, Total: 10769721 ns
[2025-08-21T22:13:56.401+0000][1692535][info ][safepoint   ] Safepoint "Cleanup", Time since last: 1000187762 ns, Reaching safepoint: 33384818 ns, Cleanup: 15553 ns, At safepoint: 7982 ns, Total: 33408353 ns
[2025-08-21T22:13:57.340+0000][1692535][info ][gc,start    ] GC(462) Pause Young (Concurrent Start) (G1 Evacuation Pause)
[2025-08-21T22:13:57.340+0000][1692535][info ][gc,task     ] GC(462) Using 1 workers of 1 for evacuation
[2025-08-21T22:13:57.340+0000][1692535][debug][gc,age      ] GC(462) Desired survivor size 18874368 bytes, new threshold 1 (max threshold 15)
[2025-08-21T22:13:57.467+0000][1692535][info ][gc,phases   ] GC(462)   Pre Evacuate Collection Set: 0.0ms
[2025-08-21T22:13:57.467+0000][1692535][info ][gc,phases   ] GC(462)   Merge Heap Roots: 0.2ms
[2025-08-21T22:13:57.467+0000][1692535][info ][gc,phases   ] GC(462)   Evacuate Collection Set: 126.4ms
[2025-08-21T22:13:57.467+0000][1692535][info ][gc,phases   ] GC(462)   Post Evacuate Collection Set: 0.9ms
[2025-08-21T22:13:57.467+0000][1692535][info ][gc,phases   ] GC(462)   Other: 0.0ms
[2025-08-21T22:13:57.467+0000][1692535][trace][gc,age      ] GC(462) Age table with threshold 1 (max threshold 15)
[2025-08-21T22:13:57.467+0000][1692535][trace][gc,age      ] GC(462) - age   1:   13009712 bytes,   13009712 total
[2025-08-21T22:13:57.467+0000][1692535][info ][gc,heap     ] GC(462) Eden regions: 57->0(57)
[2025-08-21T22:13:57.467+0000][1692535][info ][gc,heap     ] GC(462) Survivor regions: 10->4(9)
[2025-08-21T22:13:57.467+0000][1692535][info ][gc,heap     ] GC(462) Old regions: 36->45
[2025-08-21T22:13:57.467+0000][1692535][info ][gc,heap     ] GC(462) Humongous regions: 0->0
[2025-08-21T22:13:57.467+0000][1692535][info ][gc,metaspace] GC(462) Metaspace: 138267K(143872K)->138267K(143872K) NonClass: 120029K(123392K)->120029K(123392K) Class: 18238K(20480K)->18238K(20480K)
[2025-08-21T22:13:57.467+0000][1692535][info ][gc          ] GC(462) Pause Young (Concurrent Start) (G1 Evacuation Pause) 412M->194M(512M) 127.684ms
[2025-08-21T22:13:57.467+0000][1692535][info ][gc,cpu      ] GC(462) User=0.01s Sys=0.02s Real=0.13s
[2025-08-21T22:13:57.467+0000][1692535][info ][safepoint   ] Safepoint "G1CollectForAllocation", Time since last: 938822626 ns, Reaching safepoint: 5548 ns, Cleanup: 2374 ns, At safepoint: 127751793 ns, Total: 127759715 ns
[2025-08-21T22:13:57.467+0000][1692535][info ][gc          ] GC(463) Concurrent Mark Cycle
[2025-08-21T22:13:57.467+0000][1692535][info ][gc,marking  ] GC(463) Concurrent Scan Root Regions
[2025-08-21T22:13:57.479+0000][1692535][info ][gc,marking  ] GC(463) Concurrent Scan Root Regions 11.644ms
[2025-08-21T22:13:57.479+0000][1692535][info ][gc,marking  ] GC(463) Concurrent Mark
[2025-08-21T22:13:57.479+0000][1692535][info ][gc,marking  ] GC(463) Concurrent Mark From Roots
[2025-08-21T22:13:57.479+0000][1692535][info ][gc,task     ] GC(463) Using 1 workers of 1 for marking
[2025-08-21T22:13:57.662+0000][1692535][info ][gc,marking  ] GC(463) Concurrent Mark From Roots 183.258ms
[2025-08-21T22:13:57.662+0000][1692535][info ][gc,marking  ] GC(463) Concurrent Preclean
[2025-08-21T22:13:57.663+0000][1692535][info ][gc,marking  ] GC(463) Concurrent Preclean 0.328ms
[2025-08-21T22:13:57.669+0000][1692535][info ][gc,start    ] GC(463) Pause Remark
[2025-08-21T22:13:57.677+0000][1692535][info ][gc          ] GC(463) Pause Remark 221M->177M(512M) 7.990ms
[2025-08-21T22:13:57.677+0000][1692535][info ][gc,cpu      ] GC(463) User=0.01s Sys=0.00s Real=0.01s
[2025-08-21T22:13:57.677+0000][1692535][info ][safepoint   ] Safepoint "G1PauseRemark", Time since last: 195364423 ns, Reaching safepoint: 6295345 ns, Cleanup: 2885 ns, At safepoint: 8030996 ns, Total: 14329226 ns
[2025-08-21T22:13:57.677+0000][1692535][info ][gc,marking  ] GC(463) Concurrent Mark 198.057ms
[2025-08-21T22:13:57.677+0000][1692535][info ][gc,marking  ] GC(463) Concurrent Rebuild Remembered Sets and Scrub Regions
[2025-08-21T22:13:57.745+0000][1692535][info ][gc,marking  ] GC(463) Concurrent Rebuild Remembered Sets and Scrub Regions 67.456ms
[2025-08-21T22:13:57.758+0000][1692535][info ][gc,start    ] GC(463) Pause Cleanup
[2025-08-21T22:13:57.758+0000][1692535][info ][gc          ] GC(463) Pause Cleanup 181M->181M(512M) 0.058ms
[2025-08-21T22:13:57.758+0000][1692535][info ][gc,cpu      ] GC(463) User=0.00s Sys=0.00s Real=0.00s
[2025-08-21T22:13:57.758+0000][1692535][info ][safepoint   ] Safepoint "G1PauseCleanup", Time since last: 67593500 ns, Reaching safepoint: 13075142 ns, Cleanup: 3565 ns, At safepoint: 88374 ns, Total: 13167081 ns
[2025-08-21T22:13:57.758+0000][1692535][info ][gc,marking  ] GC(463) Concurrent Clear Claimed Marks
[2025-08-21T22:13:57.758+0000][1692535][info ][gc,marking  ] GC(463) Concurrent Clear Claimed Marks 0.175ms
[2025-08-21T22:13:57.758+0000][1692535][info ][gc,marking  ] GC(463) Concurrent Cleanup for Next Mark
[2025-08-21T22:13:57.769+0000][1692535][info ][gc,marking  ] GC(463) Concurrent Cleanup for Next Mark 10.928ms
[2025-08-21T22:13:57.769+0000][1692535][info ][gc          ] GC(463) Concurrent Mark Cycle 301.655ms
[2025-08-21T22:13:58.758+0000][1692535][info ][safepoint   ] Safepoint "Cleanup", Time since last: 1000071916 ns, Reaching safepoint: 392553 ns, Cleanup: 10165 ns, At safepoint: 2745 ns, Total: 405463 ns
[2025-08-21T22:18:12.807+0000][1692535][info ][gc,start    ] GC(464) Pause Young (Prepare Mixed) (G1 Evacuation Pause)
[2025-08-21T22:18:12.808+0000][1692535][info ][gc,task     ] GC(464) Using 1 workers of 1 for evacuation
[2025-08-21T22:18:12.808+0000][1692535][debug][gc,age      ] GC(464) Desired survivor size 16777216 bytes, new threshold 15 (max threshold 15)
[2025-08-21T22:18:12.810+0000][1692535][info ][gc,phases   ] GC(464)   Pre Evacuate Collection Set: 0.0ms
[2025-08-21T22:18:12.810+0000][1692535][info ][gc,phases   ] GC(464)   Merge Heap Roots: 0.0ms
[2025-08-21T22:18:12.810+0000][1692535][info ][gc,phases   ] GC(464)   Evacuate Collection Set: 1.6ms
[2025-08-21T22:18:12.810+0000][1692535][info ][gc,phases   ] GC(464)   Post Evacuate Collection Set: 0.8ms
[2025-08-21T22:18:12.810+0000][1692535][info ][gc,phases   ] GC(464)   Other: 0.0ms
[2025-08-21T22:18:12.810+0000][1692535][trace][gc,age      ] GC(464) Age table with threshold 15 (max threshold 15)
[2025-08-21T22:18:12.810+0000][1692535][trace][gc,age      ] GC(464) - age   1:       9176 bytes,       9176 total
[2025-08-21T22:18:12.810+0000][1692535][trace][gc,age      ] GC(464) - age   2:      42696 bytes,      51872 total
[2025-08-21T22:18:12.810+0000][1692535][info ][gc,heap     ] GC(464) Eden regions: 57->0(74)
[2025-08-21T22:18:12.810+0000][1692535][info ][gc,heap     ] GC(464) Survivor regions: 4->1(8)
[2025-08-21T22:18:12.810+0000][1692535][info ][gc,heap     ] GC(464) Old regions: 34->34
[2025-08-21T22:18:12.810+0000][1692535][info ][gc,heap     ] GC(464) Humongous regions: 0->0
[2025-08-21T22:18:12.810+0000][1692535][info ][gc,metaspace] GC(464) Metaspace: 138269K(143872K)->138269K(143872K) NonClass: 120031K(123392K)->120031K(123392K) Class: 18238K(20480K)->18238K(20480K)
[2025-08-21T22:18:12.810+0000][1692535][info ][gc          ] GC(464) Pause Young (Prepare Mixed) (G1 Evacuation Pause) 378M->138M(512M) 2.931ms
[2025-08-21T22:18:12.810+0000][1692535][info ][gc,cpu      ] GC(464) User=0.01s Sys=0.00s Real=0.00s
[2025-08-21T22:18:12.810+0000][1692535][info ][safepoint   ] Safepoint "G1CollectForAllocation", Time since last: 254049006138 ns, Reaching safepoint: 6851 ns, Cleanup: 3275 ns, At safepoint: 2965367 ns, Total: 2975493 ns
[2025-08-21T22:18:47.876+0000][1692535][info ][safepoint   ] Safepoint "Cleanup", Time since last: 35004749757 ns, Reaching safepoint: 60082840 ns, Cleanup: 1137738 ns, At safepoint: 8753 ns, Total: 61229331 ns
[2025-08-21T22:18:48.894+0000][1692535][info ][safepoint   ] Safepoint "Cleanup", Time since last: 1001967409 ns, Reaching safepoint: 15737502 ns, Cleanup: 11527 ns, At safepoint: 3666 ns, Total: 15752695 ns
[2025-08-21T22:18:52.901+0000][1692535][info ][safepoint   ] Safepoint "Cleanup", Time since last: 4000297321 ns, Reaching safepoint: 6557151 ns, Cleanup: 9665 ns, At safepoint: 3866 ns, Total: 6570682 ns
[2025-08-21T22:18:55.901+0000][1692535][info ][safepoint   ] Safepoint "Cleanup", Time since last: 3000204593 ns, Reaching safepoint: 34522 ns, Cleanup: 12519 ns, At safepoint: 2944 ns, Total: 49985 ns
[2025-08-21T22:18:56.905+0000][1692535][info ][safepoint   ] Safepoint "Cleanup", Time since last: 1000183816 ns, Reaching safepoint: 4269667 ns, Cleanup: 13761 ns, At safepoint: 3175 ns, Total: 4286603 ns
[2025-08-21T22:19:15.897+0000][1692535][info ][gc,start    ] GC(465) Pause Young (Mixed) (G1 Evacuation Pause)
[2025-08-21T22:19:15.897+0000][1692535][info ][gc,task     ] GC(465) Using 1 workers of 1 for evacuation
[2025-08-21T22:19:15.897+0000][1692535][debug][gc,age      ] GC(465) Desired survivor size 20971520 bytes, new threshold 15 (max threshold 15)
[2025-08-21T22:19:16.046+0000][1692535][info ][gc,phases   ] GC(465)   Pre Evacuate Collection Set: 1.8ms
[2025-08-21T22:19:16.046+0000][1692535][info ][gc,phases   ] GC(465)   Merge Heap Roots: 0.5ms
[2025-08-21T22:19:16.046+0000][1692535][info ][gc,phases   ] GC(465)   Evacuate Collection Set: 105.0ms
[2025-08-21T22:19:16.046+0000][1692535][info ][gc,phases   ] GC(465)   Post Evacuate Collection Set: 39.1ms
[2025-08-21T22:19:16.046+0000][1692535][info ][gc,phases   ] GC(465)   Other: 0.5ms
[2025-08-21T22:19:16.046+0000][1692535][trace][gc,age      ] GC(465) Age table with threshold 15 (max threshold 15)
[2025-08-21T22:19:16.046+0000][1692535][trace][gc,age      ] GC(465) - age   1:     142616 bytes,     142616 total
[2025-08-21T22:19:16.046+0000][1692535][trace][gc,age      ] GC(465) - age   2:       1192 bytes,     143808 total
[2025-08-21T22:19:16.046+0000][1692535][trace][gc,age      ] GC(465) - age   3:      29096 bytes,     172904 total
[2025-08-21T22:19:16.046+0000][1692535][info ][gc,heap     ] GC(465) Eden regions: 74->0(75)
[2025-08-21T22:19:16.046+0000][1692535][info ][gc,heap     ] GC(465) Survivor regions: 1->1(10)
[2025-08-21T22:19:16.046+0000][1692535][info ][gc,heap     ] GC(465) Old regions: 34->34
[2025-08-21T22:19:16.046+0000][1692535][info ][gc,heap     ] GC(465) Humongous regions: 0->0
[2025-08-21T22:19:16.047+0000][1692535][info ][gc,metaspace] GC(465) Metaspace: 138276K(143872K)->138276K(143872K) NonClass: 120038K(123392K)->120038K(123392K) Class: 18238K(20480K)->18238K(20480K)
[2025-08-21T22:19:16.047+0000][1692535][info ][gc          ] GC(465) Pause Young (Mixed) (G1 Evacuation Pause) 434M->134M(512M) 150.195ms
[2025-08-21T22:19:16.047+0000][1692535][info ][gc,cpu      ] GC(465) User=0.00s Sys=0.03s Real=0.15s
[2025-08-21T22:19:16.047+0000][1692535][info ][safepoint   ] Safepoint "G1CollectForAllocation", Time since last: 18990357505 ns, Reaching safepoint: 21212 ns, Cleanup: 3736 ns, At safepoint: 151305187 ns, Total: 151330135 ns
[2025-08-21T22:27:34.165+0000][1692535][info ][safepoint   ] Safepoint "Cleanup", Time since last: 498110249471 ns, Reaching safepoint: 7743502 ns, Cleanup: 19649 ns, At safepoint: 2614 ns, Total: 7765765 ns
[2025-08-21T22:27:34.897+0000][1692535][info ][gc,start    ] GC(466) Pause Young (Concurrent Start) (G1 Evacuation Pause)
[2025-08-21T22:27:34.897+0000][1692535][info ][gc,task     ] GC(466) Using 1 workers of 1 for evacuation
[2025-08-21T22:27:34.897+0000][1692535][debug][gc,age      ] GC(466) Desired survivor size 20971520 bytes, new threshold 15 (max threshold 15)
[2025-08-21T22:27:34.942+0000][1692535][info ][gc,phases   ] GC(466)   Pre Evacuate Collection Set: 0.0ms
[2025-08-21T22:27:34.942+0000][1692535][info ][gc,phases   ] GC(466)   Merge Heap Roots: 0.0ms
[2025-08-21T22:27:34.942+0000][1692535][info ][gc,phases   ] GC(466)   Evacuate Collection Set: 44.0ms
[2025-08-21T22:27:34.942+0000][1692535][info ][gc,phases   ] GC(466)   Post Evacuate Collection Set: 0.8ms
[2025-08-21T22:27:34.942+0000][1692535][info ][gc,phases   ] GC(466)   Other: 0.0ms
[2025-08-21T22:27:34.942+0000][1692535][trace][gc,age      ] GC(466) Age table with threshold 15 (max threshold 15)
[2025-08-21T22:27:34.942+0000][1692535][trace][gc,age      ] GC(466) - age   1:    4830784 bytes,    4830784 total
[2025-08-21T22:27:34.942+0000][1692535][trace][gc,age      ] GC(466) - age   2:     134104 bytes,    4964888 total
[2025-08-21T22:27:34.942+0000][1692535][trace][gc,age      ] GC(466) - age   3:        456 bytes,    4965344 total
[2025-08-21T22:27:34.942+0000][1692535][trace][gc,age      ] GC(466) - age   4:      29096 bytes,    4994440 total
[2025-08-21T22:27:34.942+0000][1692535][info ][gc,heap     ] GC(466) Eden regions: 75->0(74)
[2025-08-21T22:27:34.942+0000][1692535][info ][gc,heap     ] GC(466) Survivor regions: 1->2(10)
[2025-08-21T22:27:34.942+0000][1692535][info ][gc,heap     ] GC(466) Old regions: 34->34
[2025-08-21T22:27:34.942+0000][1692535][info ][gc,heap     ] GC(466) Humongous regions: 0->0
[2025-08-21T22:27:34.942+0000][1692535][info ][gc,metaspace] GC(466) Metaspace: 138281K(143872K)->138281K(143872K) NonClass: 120043K(123392K)->120043K(123392K) Class: 18238K(20480K)->18238K(20480K)
[2025-08-21T22:27:34.942+0000][1692535][info ][gc          ] GC(466) Pause Young (Concurrent Start) (G1 Evacuation Pause) 434M->138M(512M) 45.022ms
[2025-08-21T22:27:34.942+0000][1692535][info ][gc,cpu      ] GC(466) User=0.01s Sys=0.01s Real=0.04s
[2025-08-21T22:27:34.942+0000][1692535][info ][safepoint   ] Safepoint "G1CollectForAllocation", Time since last: 731595926 ns, Reaching safepoint: 73992 ns, Cleanup: 5598 ns, At safepoint: 45078243 ns, Total: 45157833 ns
[2025-08-21T22:27:34.946+0000][1692535][info ][gc          ] GC(467) Concurrent Mark Cycle
[2025-08-21T22:27:34.947+0000][1692535][info ][gc,marking  ] GC(467) Concurrent Scan Root Regions
[2025-08-21T22:27:34.965+0000][1692535][info ][gc,marking  ] GC(467) Concurrent Scan Root Regions 18.005ms
[2025-08-21T22:27:34.965+0000][1692535][info ][gc,marking  ] GC(467) Concurrent Mark
[2025-08-21T22:27:34.965+0000][1692535][info ][gc,marking  ] GC(467) Concurrent Mark From Roots
[2025-08-21T22:27:34.965+0000][1692535][info ][gc,task     ] GC(467) Using 1 workers of 1 for marking
[2025-08-21T22:27:35.408+0000][1692535][info ][gc,marking  ] GC(467) Concurrent Mark From Roots 443.680ms
[2025-08-21T22:27:35.408+0000][1692535][info ][gc,marking  ] GC(467) Concurrent Preclean
[2025-08-21T22:27:35.409+0000][1692535][info ][gc,marking  ] GC(467) Concurrent Preclean 0.307ms
[2025-08-21T22:27:35.421+0000][1692535][info ][gc,start    ] GC(467) Pause Remark
[2025-08-21T22:27:35.465+0000][1692535][info ][gc          ] GC(467) Pause Remark 316M->276M(512M) 43.920ms
[2025-08-21T22:27:35.465+0000][1692535][info ][gc,cpu      ] GC(467) User=0.01s Sys=0.01s Real=0.04s
[2025-08-21T22:27:35.465+0000][1692535][info ][safepoint   ] Safepoint "G1PauseRemark", Time since last: 469861046 ns, Reaching safepoint: 9491381 ns, Cleanup: 8623 ns, At safepoint: 43974446 ns, Total: 53474450 ns
[2025-08-21T22:27:35.465+0000][1692535][info ][gc,marking  ] GC(467) Concurrent Mark 500.732ms
[2025-08-21T22:27:35.465+0000][1692535][info ][gc,marking  ] GC(467) Concurrent Rebuild Remembered Sets and Scrub Regions
[2025-08-21T22:27:35.522+0000][1692535][info ][gc,marking  ] GC(467) Concurrent Rebuild Remembered Sets and Scrub Regions 56.510ms
[2025-08-21T22:27:35.524+0000][1692535][info ][gc,start    ] GC(467) Pause Cleanup
[2025-08-21T22:27:35.524+0000][1692535][info ][gc          ] GC(467) Pause Cleanup 276M->276M(512M) 0.051ms
[2025-08-21T22:27:35.524+0000][1692535][info ][gc,cpu      ] GC(467) User=0.00s Sys=0.00s Real=0.00s
[2025-08-21T22:27:35.524+0000][1692535][info ][safepoint   ] Safepoint "G1PauseCleanup", Time since last: 56715795 ns, Reaching safepoint: 2109905 ns, Cleanup: 2735 ns, At safepoint: 78188 ns, Total: 2190828 ns
[2025-08-21T22:27:35.524+0000][1692535][info ][gc,marking  ] GC(467) Concurrent Clear Claimed Marks
[2025-08-21T22:27:35.524+0000][1692535][info ][gc,marking  ] GC(467) Concurrent Clear Claimed Marks 0.176ms
[2025-08-21T22:27:35.524+0000][1692535][info ][gc,marking  ] GC(467) Concurrent Cleanup for Next Mark
[2025-08-21T22:27:35.560+0000][1692535][info ][gc,marking  ] GC(467) Concurrent Cleanup for Next Mark 35.588ms
[2025-08-21T22:27:35.560+0000][1692535][info ][gc          ] GC(467) Concurrent Mark Cycle 613.517ms
[2025-08-21T22:27:36.525+0000][1692535][info ][safepoint   ] Safepoint "Cleanup", Time since last: 1000070801 ns, Reaching safepoint: 599415 ns, Cleanup: 8493 ns, At safepoint: 2694 ns, Total: 610602 ns
[2025-08-21T22:27:41.221+0000][1692535][info ][gc,start    ] GC(468) Pause Young (Prepare Mixed) (G1 Evacuation Pause)
[2025-08-21T22:27:41.221+0000][1692535][info ][gc,task     ] GC(468) Using 1 workers of 1 for evacuation
[2025-08-21T22:27:41.222+0000][1692535][debug][gc,age      ] GC(468) Desired survivor size 20971520 bytes, new threshold 15 (max threshold 15)
[2025-08-21T22:27:41.258+0000][1692535][info ][gc,phases   ] GC(468)   Pre Evacuate Collection Set: 0.1ms
[2025-08-21T22:27:41.258+0000][1692535][info ][gc,phases   ] GC(468)   Merge Heap Roots: 0.0ms
[2025-08-21T22:27:41.258+0000][1692535][info ][gc,phases   ] GC(468)   Evacuate Collection Set: 33.6ms
[2025-08-21T22:27:41.258+0000][1692535][info ][gc,phases   ] GC(468)   Post Evacuate Collection Set: 2.1ms
[2025-08-21T22:27:41.258+0000][1692535][info ][gc,phases   ] GC(468)   Other: 0.7ms
[2025-08-21T22:27:41.258+0000][1692535][trace][gc,age      ] GC(468) Age table with threshold 15 (max threshold 15)
[2025-08-21T22:27:41.258+0000][1692535][trace][gc,age      ] GC(468) - age   1:    5561344 bytes,    5561344 total
[2025-08-21T22:27:41.258+0000][1692535][trace][gc,age      ] GC(468) - age   2:    4816440 bytes,   10377784 total
[2025-08-21T22:27:41.258+0000][1692535][trace][gc,age      ] GC(468) - age   3:     134104 bytes,   10511888 total
[2025-08-21T22:27:41.258+0000][1692535][trace][gc,age      ] GC(468) - age   4:        360 bytes,   10512248 total
[2025-08-21T22:27:41.258+0000][1692535][trace][gc,age      ] GC(468) - age   5:      28976 bytes,   10541224 total
[2025-08-21T22:27:41.258+0000][1692535][info ][gc,heap     ] GC(468) Eden regions: 74->0(23)
[2025-08-21T22:27:41.258+0000][1692535][info ][gc,heap     ] GC(468) Survivor regions: 2->3(10)
[2025-08-21T22:27:41.258+0000][1692535][info ][gc,heap     ] GC(468) Old regions: 24->24
[2025-08-21T22:27:41.258+0000][1692535][info ][gc,heap     ] GC(468) Humongous regions: 0->0
[2025-08-21T22:27:41.258+0000][1692535][info ][gc,metaspace] GC(468) Metaspace: 138281K(143872K)->138281K(143872K) NonClass: 120043K(123392K)->120043K(123392K) Class: 18238K(20480K)->18238K(20480K)
[2025-08-21T22:27:41.258+0000][1692535][info ][gc          ] GC(468) Pause Young (Prepare Mixed) (G1 Evacuation Pause) 394M->104M(512M) 36.611ms
[2025-08-21T22:27:41.258+0000][1692535][info ][gc,cpu      ] GC(468) User=0.01s Sys=0.01s Real=0.04s
[2025-08-21T22:27:41.258+0000][1692535][info ][safepoint   ] Safepoint "G1CollectForAllocation", Time since last: 4695836153 ns, Reaching safepoint: 340053 ns, Cleanup: 4417 ns, At safepoint: 36656918 ns, Total: 37001388 ns
[2025-08-21T22:27:42.779+0000][1692535][info ][gc,start    ] GC(469) Pause Young (Mixed) (G1 Evacuation Pause)
[2025-08-21T22:27:42.779+0000][1692535][info ][gc,task     ] GC(469) Using 1 workers of 1 for evacuation
[2025-08-21T22:27:42.779+0000][1692535][debug][gc,age      ] GC(469) Desired survivor size 10485760 bytes, new threshold 3 (max threshold 15)
[2025-08-21T22:27:42.786+0000][1692535][info ][gc,phases   ] GC(469)   Pre Evacuate Collection Set: 0.0ms
[2025-08-21T22:27:42.786+0000][1692535][info ][gc,phases   ] GC(469)   Merge Heap Roots: 0.0ms
[2025-08-21T22:27:42.786+0000][1692535][info ][gc,phases   ] GC(469)   Evacuate Collection Set: 6.4ms
[2025-08-21T22:27:42.786+0000][1692535][info ][gc,phases   ] GC(469)   Post Evacuate Collection Set: 0.8ms
[2025-08-21T22:27:42.786+0000][1692535][info ][gc,phases   ] GC(469)   Other: 0.0ms
[2025-08-21T22:27:42.786+0000][1692535][trace][gc,age      ] GC(469) Age table with threshold 3 (max threshold 15)
[2025-08-21T22:27:42.786+0000][1692535][trace][gc,age      ] GC(469) - age   1:   14640912 bytes,   14640912 total
[2025-08-21T22:27:42.786+0000][1692535][trace][gc,age      ] GC(469) - age   2:      23392 bytes,   14664304 total
[2025-08-21T22:27:42.786+0000][1692535][trace][gc,age      ] GC(469) - age   3:    4298392 bytes,   18962696 total
[2025-08-21T22:27:42.786+0000][1692535][info ][gc,heap     ] GC(469) Eden regions: 31->0(71)
[2025-08-21T22:27:42.786+0000][1692535][info ][gc,heap     ] GC(469) Survivor regions: 3->5(5)
[2025-08-21T22:27:42.786+0000][1692535][info ][gc,heap     ] GC(469) Old regions: 24->23
[2025-08-21T22:27:42.786+0000][1692535][info ][gc,heap     ] GC(469) Humongous regions: 0->0
[2025-08-21T22:27:42.786+0000][1692535][info ][gc,metaspace] GC(469) Metaspace: 138281K(143872K)->138281K(143872K) NonClass: 120043K(123392K)->120043K(123392K) Class: 18238K(20480K)->18238K(20480K)
[2025-08-21T22:27:42.786+0000][1692535][info ][gc          ] GC(469) Pause Young (Mixed) (G1 Evacuation Pause) 228M->109M(512M) 7.464ms
[2025-08-21T22:27:42.787+0000][1692535][info ][gc,cpu      ] GC(469) User=0.01s Sys=0.00s Real=0.01s
[2025-08-21T22:27:42.787+0000][1692535][info ][safepoint   ] Safepoint "G1CollectForAllocation", Time since last: 1520977300 ns, Reaching safepoint: 324831 ns, Cleanup: 3796 ns, At safepoint: 7508787 ns, Total: 7837414 ns
[2025-08-21T22:27:43.787+0000][1692535][info ][safepoint   ] Safepoint "Cleanup", Time since last: 1000073626 ns, Reaching safepoint: 4897 ns, Cleanup: 6861 ns, At safepoint: 2664 ns, Total: 14422 ns
[2025-08-21T22:27:45.787+0000][1692535][info ][safepoint   ] Safepoint "Cleanup", Time since last: 2000145730 ns, Reaching safepoint: 6329 ns, Cleanup: 10977 ns, At safepoint: 2373 ns, Total: 19679 ns
[2025-08-21T22:27:47.787+0000][1692535][info ][safepoint   ] Safepoint "Cleanup", Time since last: 2000147663 ns, Reaching safepoint: 37647 ns, Cleanup: 9795 ns, At safepoint: 4847 ns, Total: 52289 ns
[2025-08-21T22:27:47.903+0000][1692535][info ][gc,start    ] GC(470) Pause Young (Concurrent Start) (G1 Evacuation Pause)
[2025-08-21T22:27:47.903+0000][1692535][info ][gc,task     ] GC(470) Using 1 workers of 1 for evacuation
[2025-08-21T22:27:47.903+0000][1692535][debug][gc,age      ] GC(470) Desired survivor size 20971520 bytes, new threshold 15 (max threshold 15)
[2025-08-21T22:27:48.133+0000][1692535][info ][gc,mmu      ] GC(470) MMU target violated: 201.0ms (200.0ms/201.0ms)
[2025-08-21T22:27:48.133+0000][1692535][info ][gc,phases   ] GC(470)   Pre Evacuate Collection Set: 0.0ms
[2025-08-21T22:27:48.133+0000][1692535][info ][gc,phases   ] GC(470)   Merge Heap Roots: 0.0ms
[2025-08-21T22:27:48.133+0000][1692535][info ][gc,phases   ] GC(470)   Evacuate Collection Set: 228.3ms
[2025-08-21T22:27:48.133+0000][1692535][info ][gc,phases   ] GC(470)   Post Evacuate Collection Set: 1.1ms
[2025-08-21T22:27:48.133+0000][1692535][info ][gc,phases   ] GC(470)   Other: 0.1ms
[2025-08-21T22:27:48.133+0000][1692535][trace][gc,age      ] GC(470) Age table with threshold 15 (max threshold 15)
[2025-08-21T22:27:48.133+0000][1692535][trace][gc,age      ] GC(470) - age   1:   28142480 bytes,   28142480 total
[2025-08-21T22:27:48.133+0000][1692535][trace][gc,age      ] GC(470) - age   2:    8495408 bytes,   36637888 total
[2025-08-21T22:27:48.133+0000][1692535][trace][gc,age      ] GC(470) - age   3:      22296 bytes,   36660184 total
[2025-08-21T22:27:48.133+0000][1692535][trace][gc,age      ] GC(470) - age   4:    4297064 bytes,   40957248 total
[2025-08-21T22:27:48.133+0000][1692535][info ][gc,heap     ] GC(470) Eden regions: 71->0(27)
[2025-08-21T22:27:48.133+0000][1692535][info ][gc,heap     ] GC(470) Survivor regions: 5->10(10)
[2025-08-21T22:27:48.133+0000][1692535][info ][gc,heap     ] GC(470) Old regions: 23->29
[2025-08-21T22:27:48.133+0000][1692535][info ][gc,heap     ] GC(470) Humongous regions: 0->0
[2025-08-21T22:27:48.133+0000][1692535][info ][gc,metaspace] GC(470) Metaspace: 138281K(143872K)->138281K(143872K) NonClass: 120043K(123392K)->120043K(123392K) Class: 18238K(20480K)->18238K(20480K)
[2025-08-21T22:27:48.133+0000][1692535][info ][gc          ] GC(470) Pause Young (Concurrent Start) (G1 Evacuation Pause) 393M->152M(512M) 229.603ms
[2025-08-21T22:27:48.133+0000][1692535][info ][gc,cpu      ] GC(470) User=0.02s Sys=0.06s Real=0.23s
[2025-08-21T22:27:48.133+0000][1692535][info ][safepoint   ] Safepoint "G1CollectForAllocation", Time since last: 116049402 ns, Reaching safepoint: 5187 ns, Cleanup: 3285 ns, At safepoint: 229666801 ns, Total: 229675273 ns
[2025-08-21T22:27:48.133+0000][1692535][info ][gc          ] GC(471) Concurrent Mark Cycle
[2025-08-21T22:27:48.133+0000][1692535][info ][gc,marking  ] GC(471) Concurrent Scan Root Regions
[2025-08-21T22:27:48.140+0000][1692535][info ][gc,marking  ] GC(471) Concurrent Scan Root Regions 7.401ms
[2025-08-21T22:27:48.140+0000][1692535][info ][gc,marking  ] GC(471) Concurrent Mark
[2025-08-21T22:27:48.140+0000][1692535][info ][gc,marking  ] GC(471) Concurrent Mark From Roots
[2025-08-21T22:27:48.140+0000][1692535][info ][gc,task     ] GC(471) Using 1 workers of 1 for marking
[2025-08-21T22:27:48.328+0000][1692535][info ][gc,marking  ] GC(471) Concurrent Mark From Roots 188.165ms
[2025-08-21T22:27:48.328+0000][1692535][info ][gc,marking  ] GC(471) Concurrent Preclean
[2025-08-21T22:27:48.329+0000][1692535][info ][gc,marking  ] GC(471) Concurrent Preclean 0.282ms
[2025-08-21T22:27:48.329+0000][1692535][info ][gc,start    ] GC(471) Pause Remark
[2025-08-21T22:27:48.335+0000][1692535][info ][gc          ] GC(471) Pause Remark 160M->160M(512M) 6.828ms
[2025-08-21T22:27:48.336+0000][1692535][info ][gc,cpu      ] GC(471) User=0.00s Sys=0.00s Real=0.01s
[2025-08-21T22:27:48.336+0000][1692535][info ][safepoint   ] Safepoint "G1PauseRemark", Time since last: 195952786 ns, Reaching safepoint: 4727 ns, Cleanup: 3005 ns, At safepoint: 6865416 ns, Total: 6873148 ns
[2025-08-21T22:27:48.336+0000][1692535][info ][gc,marking  ] GC(471) Concurrent Mark 195.534ms
[2025-08-21T22:27:48.336+0000][1692535][info ][gc,marking  ] GC(471) Concurrent Rebuild Remembered Sets and Scrub Regions
[2025-08-21T22:27:48.379+0000][1692535][info ][gc,marking  ] GC(471) Concurrent Rebuild Remembered Sets and Scrub Regions 43.776ms
[2025-08-21T22:27:48.380+0000][1692535][info ][gc,start    ] GC(471) Pause Cleanup
[2025-08-21T22:27:48.380+0000][1692535][info ][gc          ] GC(471) Pause Cleanup 160M->160M(512M) 0.042ms
[2025-08-21T22:27:48.380+0000][1692535][info ][gc,cpu      ] GC(471) User=0.00s Sys=0.00s Real=0.00s
[2025-08-21T22:27:48.380+0000][1692535][info ][safepoint   ] Safepoint "G1PauseCleanup", Time since last: 43978132 ns, Reaching safepoint: 3845 ns, Cleanup: 1633 ns, At safepoint: 69785 ns, Total: 75263 ns
[2025-08-21T22:27:48.380+0000][1692535][info ][gc,marking  ] GC(471) Concurrent Clear Claimed Marks
[2025-08-21T22:27:48.380+0000][1692535][info ][gc,marking  ] GC(471) Concurrent Clear Claimed Marks 0.167ms
[2025-08-21T22:27:48.380+0000][1692535][info ][gc,marking  ] GC(471) Concurrent Cleanup for Next Mark
[2025-08-21T22:27:48.380+0000][1692535][info ][gc,marking  ] GC(471) Concurrent Cleanup for Next Mark 0.233ms
[2025-08-21T22:27:48.380+0000][1692535][info ][gc          ] GC(471) Concurrent Mark Cycle 247.280ms
[2025-08-21T22:27:49.518+0000][1692535][info ][gc,start    ] GC(472) Pause Young (Prepare Mixed) (G1 Evacuation Pause)
[2025-08-21T22:27:49.518+0000][1692535][info ][gc,task     ] GC(472) Using 1 workers of 1 for evacuation
[2025-08-21T22:27:49.518+0000][1692535][debug][gc,age      ] GC(472) Desired survivor size 6291456 bytes, new threshold 1 (max threshold 15)
[2025-08-21T22:27:49.684+0000][1692535][info ][gc,phases   ] GC(472)   Pre Evacuate Collection Set: 0.0ms
[2025-08-21T22:27:49.684+0000][1692535][info ][gc,phases   ] GC(472)   Merge Heap Roots: 0.0ms
[2025-08-21T22:27:49.684+0000][1692535][info ][gc,phases   ] GC(472)   Evacuate Collection Set: 164.9ms
[2025-08-21T22:27:49.684+0000][1692535][info ][gc,phases   ] GC(472)   Post Evacuate Collection Set: 0.8ms
[2025-08-21T22:27:49.684+0000][1692535][info ][gc,phases   ] GC(472)   Other: 0.0ms
[2025-08-21T22:27:49.684+0000][1692535][trace][gc,age      ] GC(472) Age table with threshold 1 (max threshold 15)
[2025-08-21T22:27:49.684+0000][1692535][trace][gc,age      ] GC(472) - age   1:    8918488 bytes,    8918488 total
[2025-08-21T22:27:49.684+0000][1692535][info ][gc,heap     ] GC(472) Eden regions: 14->0(19)
[2025-08-21T22:27:49.684+0000][1692535][info ][gc,heap     ] GC(472) Survivor regions: 10->3(3)
[2025-08-21T22:27:49.684+0000][1692535][info ][gc,heap     ] GC(472) Old regions: 29->38
[2025-08-21T22:27:49.684+0000][1692535][info ][gc,heap     ] GC(472) Humongous regions: 0->0
[2025-08-21T22:27:49.684+0000][1692535][info ][gc,metaspace] GC(472) Metaspace: 138281K(143872K)->138281K(143872K) NonClass: 120043K(123392K)->120043K(123392K) Class: 18238K(20480K)->18238K(20480K)
[2025-08-21T22:27:49.684+0000][1692535][info ][gc          ] GC(472) Pause Young (Prepare Mixed) (G1 Evacuation Pause) 208M->161M(512M) 165.980ms
[2025-08-21T22:27:49.684+0000][1692535][info ][gc,cpu      ] GC(472) User=0.01s Sys=0.04s Real=0.16s
[2025-08-21T22:27:49.684+0000][1692535][info ][safepoint   ] Safepoint "G1CollectForAllocation", Time since last: 1138219821 ns, Reaching safepoint: 5859 ns, Cleanup: 3405 ns, At safepoint: 166035404 ns, Total: 166044668 ns
[2025-08-21T22:27:51.754+0000][1692535][info ][gc,start    ] GC(473) Pause Young (Mixed) (G1 Evacuation Pause)
[2025-08-21T22:27:51.754+0000][1692535][info ][gc,task     ] GC(473) Using 1 workers of 1 for evacuation
[2025-08-21T22:27:51.754+0000][1692535][debug][gc,age      ] GC(473) Desired survivor size 6291456 bytes, new threshold 1 (max threshold 15)
[2025-08-21T22:27:51.812+0000][1692535][info ][gc,phases   ] GC(473)   Pre Evacuate Collection Set: 0.0ms
[2025-08-21T22:27:51.812+0000][1692535][info ][gc,phases   ] GC(473)   Merge Heap Roots: 0.3ms
[2025-08-21T22:27:51.812+0000][1692535][info ][gc,phases   ] GC(473)   Evacuate Collection Set: 57.5ms
[2025-08-21T22:27:51.812+0000][1692535][info ][gc,phases   ] GC(473)   Post Evacuate Collection Set: 0.8ms
[2025-08-21T22:27:51.812+0000][1692535][info ][gc,phases   ] GC(473)   Other: 0.0ms
[2025-08-21T22:27:51.812+0000][1692535][trace][gc,age      ] GC(473) Age table with threshold 1 (max threshold 15)
[2025-08-21T22:27:51.812+0000][1692535][trace][gc,age      ] GC(473) - age   1:   12262432 bytes,   12262432 total
[2025-08-21T22:27:51.812+0000][1692535][info ][gc,heap     ] GC(473) Eden regions: 21->0(65)
[2025-08-21T22:27:51.812+0000][1692535][info ][gc,heap     ] GC(473) Survivor regions: 3->3(3)
[2025-08-21T22:27:51.812+0000][1692535][info ][gc,heap     ] GC(473) Old regions: 38->40
[2025-08-21T22:27:51.812+0000][1692535][info ][gc,heap     ] GC(473) Humongous regions: 0->0
[2025-08-21T22:27:51.812+0000][1692535][info ][gc,metaspace] GC(473) Metaspace: 138281K(143872K)->138281K(143872K) NonClass: 120043K(123392K)->120043K(123392K) Class: 18238K(20480K)->18238K(20480K)
[2025-08-21T22:27:51.812+0000][1692535][info ][gc          ] GC(473) Pause Young (Mixed) (G1 Evacuation Pause) 245M->171M(512M) 58.754ms
[2025-08-21T22:27:51.812+0000][1692535][info ][gc,cpu      ] GC(473) User=0.02s Sys=0.01s Real=0.06s
[2025-08-21T22:27:51.812+0000][1692535][info ][safepoint   ] Safepoint "G1CollectForAllocation", Time since last: 2069756885 ns, Reaching safepoint: 5128 ns, Cleanup: 4086 ns, At safepoint: 58808124 ns, Total: 58817338 ns
[2025-08-21T22:27:53.701+0000][1692535][info ][gc,start    ] GC(474) Pause Young (Concurrent Start) (G1 Evacuation Pause)
[2025-08-21T22:27:53.701+0000][1692535][info ][gc,task     ] GC(474) Using 1 workers of 1 for evacuation
[2025-08-21T22:27:53.701+0000][1692535][debug][gc,age      ] GC(474) Desired survivor size 18874368 bytes, new threshold 15 (max threshold 15)
[2025-08-21T22:27:53.749+0000][1692535][info ][gc,phases   ] GC(474)   Pre Evacuate Collection Set: 0.0ms
[2025-08-21T22:27:53.749+0000][1692535][info ][gc,phases   ] GC(474)   Merge Heap Roots: 0.0ms
[2025-08-21T22:27:53.749+0000][1692535][info ][gc,phases   ] GC(474)   Evacuate Collection Set: 41.3ms
[2025-08-21T22:27:53.749+0000][1692535][info ][gc,phases   ] GC(474)   Post Evacuate Collection Set: 6.7ms
[2025-08-21T22:27:53.749+0000][1692535][info ][gc,phases   ] GC(474)   Other: 0.0ms
[2025-08-21T22:27:53.749+0000][1692535][trace][gc,age      ] GC(474) Age table with threshold 15 (max threshold 15)
[2025-08-21T22:27:53.749+0000][1692535][trace][gc,age      ] GC(474) - age   1:   26597288 bytes,   26597288 total
[2025-08-21T22:27:53.749+0000][1692535][trace][gc,age      ] GC(474) - age   2:   10667432 bytes,   37264720 total
[2025-08-21T22:27:53.749+0000][1692535][info ][gc,heap     ] GC(474) Eden regions: 65->0(17)
[2025-08-21T22:27:53.749+0000][1692535][info ][gc,heap     ] GC(474) Survivor regions: 3->9(9)
[2025-08-21T22:27:53.749+0000][1692535][info ][gc,heap     ] GC(474) Old regions: 40->79
[2025-08-21T22:27:53.749+0000][1692535][info ][gc,heap     ] GC(474) Humongous regions: 0->0
[2025-08-21T22:27:53.749+0000][1692535][info ][gc,metaspace] GC(474) Metaspace: 138286K(143872K)->138286K(143872K) NonClass: 120048K(123392K)->120048K(123392K) Class: 18238K(20480K)->18238K(20480K)
[2025-08-21T22:27:53.749+0000][1692535][info ][gc          ] GC(474) Pause Young (Concurrent Start) (G1 Evacuation Pause) (Evacuation Failure) 431M->351M(512M) 48.214ms
[2025-08-21T22:27:53.749+0000][1692535][info ][gc,cpu      ] GC(474) User=0.01s Sys=0.01s Real=0.05s
[2025-08-21T22:27:53.749+0000][1692535][info ][safepoint   ] Safepoint "G1CollectForAllocation", Time since last: 1888305854 ns, Reaching safepoint: 5999 ns, Cleanup: 3626 ns, At safepoint: 48277013 ns, Total: 48286638 ns
[2025-08-21T22:27:53.749+0000][1692535][info ][gc          ] GC(475) Concurrent Mark Cycle
[2025-08-21T22:27:53.749+0000][1692535][info ][gc,marking  ] GC(475) Concurrent Scan Root Regions
[2025-08-21T22:27:53.757+0000][1692535][info ][gc,marking  ] GC(475) Concurrent Scan Root Regions 7.796ms
[2025-08-21T22:27:53.757+0000][1692535][info ][gc,marking  ] GC(475) Concurrent Mark
[2025-08-21T22:27:53.757+0000][1692535][info ][gc,marking  ] GC(475) Concurrent Mark From Roots
[2025-08-21T22:27:53.757+0000][1692535][info ][gc,task     ] GC(475) Using 1 workers of 1 for marking
[2025-08-21T22:27:53.814+0000][1692535][info ][gc,start    ] GC(476) Pause Young (Normal) (G1 Evacuation Pause)
[2025-08-21T22:27:53.815+0000][1692535][info ][gc,task     ] GC(476) Using 1 workers of 1 for evacuation
[2025-08-21T22:27:53.815+0000][1692535][debug][gc,age      ] GC(476) Desired survivor size 8388608 bytes, new threshold 1 (max threshold 15)
[2025-08-21T22:27:53.820+0000][1692535][info ][gc,phases   ] GC(476)   Pre Evacuate Collection Set: 0.0ms
[2025-08-21T22:27:53.820+0000][1692535][info ][gc,phases   ] GC(476)   Merge Heap Roots: 0.0ms
[2025-08-21T22:27:53.820+0000][1692535][info ][gc,phases   ] GC(476)   Evacuate Collection Set: 4.8ms
[2025-08-21T22:27:53.820+0000][1692535][info ][gc,phases   ] GC(476)   Post Evacuate Collection Set: 0.8ms
[2025-08-21T22:27:53.820+0000][1692535][info ][gc,phases   ] GC(476)   Other: 0.0ms
[2025-08-21T22:27:53.820+0000][1692535][trace][gc,age      ] GC(476) Age table with threshold 1 (max threshold 15)
[2025-08-21T22:27:53.820+0000][1692535][trace][gc,age      ] GC(476) - age   1:     156400 bytes,     156400 total
[2025-08-21T22:27:53.820+0000][1692535][info ][gc,heap     ] GC(476) Eden regions: 17->0(24)
[2025-08-21T22:27:53.820+0000][1692535][info ][gc,heap     ] GC(476) Survivor regions: 9->1(4)
[2025-08-21T22:27:53.820+0000][1692535][info ][gc,heap     ] GC(476) Old regions: 79->88
[2025-08-21T22:27:53.820+0000][1692535][info ][gc,heap     ] GC(476) Humongous regions: 0->0
[2025-08-21T22:27:53.820+0000][1692535][info ][gc,metaspace] GC(476) Metaspace: 138286K(143872K)->138286K(143872K) NonClass: 120048K(123392K)->120048K(123392K) Class: 18238K(20480K)->18238K(20480K)
[2025-08-21T22:27:53.820+0000][1692535][info ][gc          ] GC(476) Pause Young (Normal) (G1 Evacuation Pause) 419M->353M(512M) 5.906ms
[2025-08-21T22:27:53.820+0000][1692535][info ][gc,cpu      ] GC(476) User=0.00s Sys=0.00s Real=0.01s
[2025-08-21T22:27:53.820+0000][1692535][info ][safepoint   ] Safepoint "G1CollectForAllocation", Time since last: 65408499 ns, Reaching safepoint: 18698 ns, Cleanup: 3565 ns, At safepoint: 5962323 ns, Total: 5984586 ns
[2025-08-21T22:27:54.062+0000][1692535][info ][gc,marking  ] GC(475) Concurrent Mark From Roots 304.918ms
[2025-08-21T22:27:54.062+0000][1692535][info ][gc,marking  ] GC(475) Concurrent Preclean
[2025-08-21T22:27:54.062+0000][1692535][info ][gc,marking  ] GC(475) Concurrent Preclean 0.361ms
[2025-08-21T22:27:54.062+0000][1692535][info ][gc,start    ] GC(475) Pause Remark
[2025-08-21T22:27:54.069+0000][1692535][info ][gc          ] GC(475) Pause Remark 388M->388M(512M) 7.068ms
[2025-08-21T22:27:54.069+0000][1692535][info ][gc,cpu      ] GC(475) User=0.00s Sys=0.00s Real=0.01s
[2025-08-21T22:27:54.069+0000][1692535][info ][safepoint   ] Safepoint "G1PauseRemark", Time since last: 241781703 ns, Reaching safepoint: 5478 ns, Cleanup: 2774 ns, At safepoint: 7110236 ns, Total: 7118488 ns
[2025-08-21T22:27:54.069+0000][1692535][info ][gc,marking  ] GC(475) Concurrent Mark 312.466ms
[2025-08-21T22:27:54.069+0000][1692535][info ][gc,marking  ] GC(475) Concurrent Rebuild Remembered Sets and Scrub Regions
[2025-08-21T22:27:54.194+0000][1692535][info ][gc,marking  ] GC(475) Concurrent Rebuild Remembered Sets and Scrub Regions 124.817ms
[2025-08-21T22:27:54.194+0000][1692535][info ][gc,start    ] GC(475) Pause Cleanup
[2025-08-21T22:27:54.194+0000][1692535][info ][gc          ] GC(475) Pause Cleanup 388M->388M(512M) 0.066ms
[2025-08-21T22:27:54.194+0000][1692535][info ][gc,cpu      ] GC(475) User=0.00s Sys=0.00s Real=0.00s
[2025-08-21T22:27:54.194+0000][1692535][info ][safepoint   ] Safepoint "G1PauseCleanup", Time since last: 124884851 ns, Reaching safepoint: 4617 ns, Cleanup: 1903 ns, At safepoint: 94252 ns, Total: 100772 ns
[2025-08-21T22:27:54.194+0000][1692535][info ][gc,marking  ] GC(475) Concurrent Clear Claimed Marks
[2025-08-21T22:27:54.194+0000][1692535][info ][gc,marking  ] GC(475) Concurrent Clear Claimed Marks 0.181ms
[2025-08-21T22:27:54.194+0000][1692535][info ][gc,marking  ] GC(475) Concurrent Cleanup for Next Mark
[2025-08-21T22:27:54.213+0000][1692535][info ][gc,marking  ] GC(475) Concurrent Cleanup for Next Mark 18.136ms
[2025-08-21T22:27:54.213+0000][1692535][info ][gc          ] GC(475) Concurrent Mark Cycle 463.626ms
[2025-08-21T22:27:56.204+0000][1692535][info ][safepoint   ] Safepoint "Cleanup", Time since last: 2000080402 ns, Reaching safepoint: 9478201 ns, Cleanup: 13320 ns, At safepoint: 4076 ns, Total: 9495597 ns
[2025-08-21T22:27:56.821+0000][1692535][info ][gc,start    ] GC(477) Pause Young (Prepare Mixed) (G1 Evacuation Pause)
[2025-08-21T22:27:56.821+0000][1692535][info ][gc,task     ] GC(477) Using 1 workers of 1 for evacuation
[2025-08-21T22:27:56.821+0000][1692535][debug][gc,age      ] GC(477) Desired survivor size 8388608 bytes, new threshold 15 (max threshold 15)
[2025-08-21T22:27:56.828+0000][1692535][info ][gc,phases   ] GC(477)   Pre Evacuate Collection Set: 0.1ms
[2025-08-21T22:27:56.828+0000][1692535][info ][gc,phases   ] GC(477)   Merge Heap Roots: 0.1ms
[2025-08-21T22:27:56.828+0000][1692535][info ][gc,phases   ] GC(477)   Evacuate Collection Set: 5.2ms
[2025-08-21T22:27:56.828+0000][1692535][info ][gc,phases   ] GC(477)   Post Evacuate Collection Set: 1.0ms
[2025-08-21T22:27:56.828+0000][1692535][info ][gc,phases   ] GC(477)   Other: 0.0ms
[2025-08-21T22:27:56.828+0000][1692535][trace][gc,age      ] GC(477) Age table with threshold 15 (max threshold 15)
[2025-08-21T22:27:56.828+0000][1692535][trace][gc,age      ] GC(477) - age   1:   11629056 bytes,   11629056 total
[2025-08-21T22:27:56.828+0000][1692535][trace][gc,age      ] GC(477) - age   2:      36624 bytes,   11665680 total
[2025-08-21T22:27:56.828+0000][1692535][info ][gc,heap     ] GC(477) Eden regions: 24->0(20)
[2025-08-21T22:27:56.828+0000][1692535][info ][gc,heap     ] GC(477) Survivor regions: 1->3(4)
[2025-08-21T22:27:56.828+0000][1692535][info ][gc,heap     ] GC(477) Old regions: 88->88
[2025-08-21T22:27:56.828+0000][1692535][info ][gc,heap     ] GC(477) Humongous regions: 0->0
[2025-08-21T22:27:56.828+0000][1692535][info ][gc,metaspace] GC(477) Metaspace: 138287K(143872K)->138287K(143872K) NonClass: 120049K(123392K)->120049K(123392K) Class: 18238K(20480K)->18238K(20480K)
[2025-08-21T22:27:56.828+0000][1692535][info ][gc          ] GC(477) Pause Young (Prepare Mixed) (G1 Evacuation Pause) 449M->363M(512M) 6.544ms
[2025-08-21T22:27:56.828+0000][1692535][info ][gc,cpu      ] GC(477) User=0.00s Sys=0.00s Real=0.01s
[2025-08-21T22:27:56.828+0000][1692535][info ][safepoint   ] Safepoint "G1CollectForAllocation", Time since last: 617405141 ns, Reaching safepoint: 69905 ns, Cleanup: 7712 ns, At safepoint: 6592794 ns, Total: 6670411 ns
[2025-08-21T22:27:57.851+0000][1692535][info ][safepoint   ] Safepoint "Cleanup", Time since last: 1000070402 ns, Reaching safepoint: 22668857 ns, Cleanup: 14802 ns, At safepoint: 21323 ns, Total: 22704982 ns
[2025-08-21T22:27:58.113+0000][1692535][info ][gc,start    ] GC(478) Pause Young (Mixed) (G1 Evacuation Pause)
[2025-08-21T22:27:58.113+0000][1692535][info ][gc,task     ] GC(478) Using 1 workers of 1 for evacuation
[2025-08-21T22:27:58.113+0000][1692535][debug][gc,age      ] GC(478) Desired survivor size 6291456 bytes, new threshold 1 (max threshold 15)
[2025-08-21T22:27:58.117+0000][1692535][info ][gc,phases   ] GC(478)   Pre Evacuate Collection Set: 0.0ms
[2025-08-21T22:27:58.117+0000][1692535][info ][gc,phases   ] GC(478)   Merge Heap Roots: 0.0ms
[2025-08-21T22:27:58.117+0000][1692535][info ][gc,phases   ] GC(478)   Evacuate Collection Set: 2.5ms
[2025-08-21T22:27:58.117+0000][1692535][info ][gc,phases   ] GC(478)   Post Evacuate Collection Set: 0.8ms
[2025-08-21T22:27:58.117+0000][1692535][info ][gc,phases   ] GC(478)   Other: 0.0ms
[2025-08-21T22:27:58.117+0000][1692535][trace][gc,age      ] GC(478) Age table with threshold 1 (max threshold 15)
[2025-08-21T22:27:58.117+0000][1692535][trace][gc,age      ] GC(478) - age   1:    2123872 bytes,    2123872 total
[2025-08-21T22:27:58.117+0000][1692535][info ][gc,heap     ] GC(478) Eden regions: 20->0(36)
[2025-08-21T22:27:58.117+0000][1692535][info ][gc,heap     ] GC(478) Survivor regions: 3->1(3)
[2025-08-21T22:27:58.117+0000][1692535][info ][gc,heap     ] GC(478) Old regions: 88->76
[2025-08-21T22:27:58.117+0000][1692535][info ][gc,heap     ] GC(478) Humongous regions: 0->0
[2025-08-21T22:27:58.117+0000][1692535][info ][gc,metaspace] GC(478) Metaspace: 138289K(143872K)->138289K(143872K) NonClass: 120051K(123392K)->120051K(123392K) Class: 18238K(20480K)->18238K(20480K)
[2025-08-21T22:27:58.117+0000][1692535][info ][gc          ] GC(478) Pause Young (Mixed) (G1 Evacuation Pause) 443M->305M(512M) 3.432ms
[2025-08-21T22:27:58.117+0000][1692535][info ][gc,cpu      ] GC(478) User=0.01s Sys=0.00s Real=0.01s
[2025-08-21T22:27:58.117+0000][1692535][info ][safepoint   ] Safepoint "G1CollectForAllocation", Time since last: 262034602 ns, Reaching safepoint: 620436 ns, Cleanup: 3245 ns, At safepoint: 3468267 ns, Total: 4091948 ns
[2025-08-21T22:27:59.140+0000][1692535][info ][safepoint   ] Safepoint "Cleanup", Time since last: 1000070702 ns, Reaching safepoint: 23552732 ns, Cleanup: 14271 ns, At safepoint: 5378 ns, Total: 23572381 ns
[2025-08-21T22:28:00.355+0000][1692535][info ][gc,start    ] GC(479) Pause Young (Mixed) (G1 Evacuation Pause)
[2025-08-21T22:28:00.355+0000][1692535][info ][gc,task     ] GC(479) Using 1 workers of 1 for evacuation
[2025-08-21T22:28:00.355+0000][1692535][debug][gc,age      ] GC(479) Desired survivor size 10485760 bytes, new threshold 15 (max threshold 15)
[2025-08-21T22:28:00.360+0000][1692535][info ][gc,phases   ] GC(479)   Pre Evacuate Collection Set: 0.0ms
[2025-08-21T22:28:00.360+0000][1692535][info ][gc,phases   ] GC(479)   Merge Heap Roots: 0.0ms
[2025-08-21T22:28:00.360+0000][1692535][info ][gc,phases   ] GC(479)   Evacuate Collection Set: 3.0ms
[2025-08-21T22:28:00.360+0000][1692535][info ][gc,phases   ] GC(479)   Post Evacuate Collection Set: 1.4ms
[2025-08-21T22:28:00.360+0000][1692535][info ][gc,phases   ] GC(479)   Other: 0.0ms
[2025-08-21T22:28:00.360+0000][1692535][trace][gc,age      ] GC(479) Age table with threshold 15 (max threshold 15)
[2025-08-21T22:28:00.360+0000][1692535][trace][gc,age      ] GC(479) - age   1:   12022272 bytes,   12022272 total
[2025-08-21T22:28:00.360+0000][1692535][trace][gc,age      ] GC(479) - age   2:     201248 bytes,   12223520 total
[2025-08-21T22:28:00.360+0000][1692535][info ][gc,heap     ] GC(479) Eden regions: 36->0(33)
[2025-08-21T22:28:00.360+0000][1692535][info ][gc,heap     ] GC(479) Survivor regions: 1->3(5)
[2025-08-21T22:28:00.360+0000][1692535][info ][gc,heap     ] GC(479) Old regions: 76->75
[2025-08-21T22:28:00.360+0000][1692535][info ][gc,heap     ] GC(479) Humongous regions: 0->0
[2025-08-21T22:28:00.360+0000][1692535][info ][gc,metaspace] GC(479) Metaspace: 138292K(143872K)->138292K(143872K) NonClass: 120054K(123392K)->120054K(123392K) Class: 18238K(20480K)->18238K(20480K)
[2025-08-21T22:28:00.360+0000][1692535][info ][gc          ] GC(479) Pause Young (Mixed) (G1 Evacuation Pause) 449M->310M(512M) 4.653ms
[2025-08-21T22:28:00.360+0000][1692535][info ][gc,cpu      ] GC(479) User=0.00s Sys=0.00s Real=0.00s
[2025-08-21T22:28:00.360+0000][1692535][info ][safepoint   ] Safepoint "G1CollectForAllocation", Time since last: 1214862022 ns, Reaching safepoint: 5869 ns, Cleanup: 7461 ns, At safepoint: 4687878 ns, Total: 4701208 ns
[2025-08-21T22:28:02.379+0000][1692535][info ][safepoint   ] Safepoint "Cleanup", Time since last: 2000136897 ns, Reaching safepoint: 19042993 ns, Cleanup: 13971 ns, At safepoint: 4046 ns, Total: 19061010 ns
[2025-08-21T22:28:05.049+0000][1692535][info ][gc,start    ] GC(480) Pause Young (Concurrent Start) (G1 Evacuation Pause)
[2025-08-21T22:28:05.049+0000][1692535][info ][gc,task     ] GC(480) Using 1 workers of 1 for evacuation
[2025-08-21T22:28:05.049+0000][1692535][debug][gc,age      ] GC(480) Desired survivor size 10485760 bytes, new threshold 1 (max threshold 15)
[2025-08-21T22:28:05.052+0000][1692535][info ][gc,phases   ] GC(480)   Pre Evacuate Collection Set: 0.0ms
[2025-08-21T22:28:05.052+0000][1692535][info ][gc,phases   ] GC(480)   Merge Heap Roots: 0.0ms
[2025-08-21T22:28:05.052+0000][1692535][info ][gc,phases   ] GC(480)   Evacuate Collection Set: 2.1ms
[2025-08-21T22:28:05.052+0000][1692535][info ][gc,phases   ] GC(480)   Post Evacuate Collection Set: 0.8ms
[2025-08-21T22:28:05.052+0000][1692535][info ][gc,phases   ] GC(480)   Other: 0.0ms
[2025-08-21T22:28:05.052+0000][1692535][trace][gc,age      ] GC(480) Age table with threshold 1 (max threshold 15)
[2025-08-21T22:28:05.052+0000][1692535][trace][gc,age      ] GC(480) - age   1:    2189360 bytes,    2189360 total
[2025-08-21T22:28:05.052+0000][1692535][info ][gc,heap     ] GC(480) Eden regions: 33->0(37)
[2025-08-21T22:28:05.052+0000][1692535][info ][gc,heap     ] GC(480) Survivor regions: 3->1(5)
[2025-08-21T22:28:05.052+0000][1692535][info ][gc,heap     ] GC(480) Old regions: 75->75
[2025-08-21T22:28:05.052+0000][1692535][info ][gc,heap     ] GC(480) Humongous regions: 0->0
[2025-08-21T22:28:05.052+0000][1692535][info ][gc,metaspace] GC(480) Metaspace: 138299K(143872K)->138299K(143872K) NonClass: 120061K(123392K)->120061K(123392K) Class: 18238K(20480K)->18238K(20480K)
[2025-08-21T22:28:05.052+0000][1692535][info ][gc          ] GC(480) Pause Young (Concurrent Start) (G1 Evacuation Pause) 442M->302M(512M) 3.056ms
[2025-08-21T22:28:05.052+0000][1692535][info ][gc,cpu      ] GC(480) User=0.01s Sys=0.00s Real=0.00s
[2025-08-21T22:28:05.052+0000][1692535][info ][safepoint   ] Safepoint "G1CollectForAllocation", Time since last: 2663083620 ns, Reaching safepoint: 5323087 ns, Cleanup: 4627 ns, At safepoint: 4402267 ns, Total: 9729981 ns
[2025-08-21T22:28:05.055+0000][1692535][info ][gc          ] GC(481) Concurrent Mark Cycle
[2025-08-21T22:28:05.055+0000][1692535][info ][gc,marking  ] GC(481) Concurrent Scan Root Regions
[2025-08-21T22:28:05.056+0000][1692535][info ][gc,marking  ] GC(481) Concurrent Scan Root Regions 1.103ms
[2025-08-21T22:28:05.056+0000][1692535][info ][gc,marking  ] GC(481) Concurrent Mark
[2025-08-21T22:28:05.056+0000][1692535][info ][gc,marking  ] GC(481) Concurrent Mark From Roots
[2025-08-21T22:28:05.056+0000][1692535][info ][gc,task     ] GC(481) Using 1 workers of 1 for marking
[2025-08-21T22:28:05.176+0000][1692535][info ][gc,marking  ] GC(481) Concurrent Mark From Roots 119.857ms
[2025-08-21T22:28:05.176+0000][1692535][info ][gc,marking  ] GC(481) Concurrent Preclean
[2025-08-21T22:28:05.177+0000][1692535][info ][gc,marking  ] GC(481) Concurrent Preclean 0.252ms
[2025-08-21T22:28:05.209+0000][1692535][info ][gc,start    ] GC(481) Pause Remark
[2025-08-21T22:28:05.217+0000][1692535][info ][gc          ] GC(481) Pause Remark 306M->118M(512M) 7.679ms
[2025-08-21T22:28:05.217+0000][1692535][info ][gc,cpu      ] GC(481) User=0.01s Sys=0.00s Real=0.01s
[2025-08-21T22:28:05.217+0000][1692535][info ][safepoint   ] Safepoint "G1PauseRemark", Time since last: 124589486 ns, Reaching safepoint: 32672922 ns, Cleanup: 4227 ns, At safepoint: 7718964 ns, Total: 40396113 ns
[2025-08-21T22:28:05.217+0000][1692535][info ][gc,marking  ] GC(481) Concurrent Mark 160.854ms
[2025-08-21T22:28:05.217+0000][1692535][info ][gc,marking  ] GC(481) Concurrent Rebuild Remembered Sets and Scrub Regions
[2025-08-21T22:28:05.259+0000][1692535][info ][gc,marking  ] GC(481) Concurrent Rebuild Remembered Sets and Scrub Regions 41.642ms
[2025-08-21T22:28:05.282+0000][1692535][info ][gc,start    ] GC(481) Pause Cleanup
[2025-08-21T22:28:05.282+0000][1692535][info ][gc          ] GC(481) Pause Cleanup 119M->119M(512M) 0.060ms
[2025-08-21T22:28:05.282+0000][1692535][info ][gc,cpu      ] GC(481) User=0.00s Sys=0.00s Real=0.00s
[2025-08-21T22:28:05.282+0000][1692535][info ][safepoint   ] Safepoint "G1PauseCleanup", Time since last: 41974467 ns, Reaching safepoint: 22484519 ns, Cleanup: 3565 ns, At safepoint: 90727 ns, Total: 22578811 ns
[2025-08-21T22:28:05.286+0000][1692535][info ][gc,marking  ] GC(481) Concurrent Clear Claimed Marks
[2025-08-21T22:28:05.287+0000][1692535][info ][gc,marking  ] GC(481) Concurrent Clear Claimed Marks 0.169ms
[2025-08-21T22:28:05.287+0000][1692535][info ][gc,marking  ] GC(481) Concurrent Cleanup for Next Mark
[2025-08-21T22:28:05.287+0000][1692535][info ][gc,marking  ] GC(481) Concurrent Cleanup for Next Mark 0.532ms
[2025-08-21T22:28:05.287+0000][1692535][info ][gc          ] GC(481) Concurrent Mark Cycle 231.739ms
[2025-08-21T22:28:07.289+0000][1692535][info ][safepoint   ] Safepoint "Cleanup", Time since last: 2000128044 ns, Reaching safepoint: 7395927 ns, Cleanup: 9654 ns, At safepoint: 3175 ns, Total: 7408756 ns
[2025-08-21T22:28:10.415+0000][1692535][info ][gc,start    ] GC(482) Pause Young (Prepare Mixed) (G1 Evacuation Pause)
[2025-08-21T22:28:10.415+0000][1692535][info ][gc,task     ] GC(482) Using 1 workers of 1 for evacuation
[2025-08-21T22:28:10.415+0000][1692535][debug][gc,age      ] GC(482) Desired survivor size 10485760 bytes, new threshold 15 (max threshold 15)
[2025-08-21T22:28:10.467+0000][1692535][info ][gc,phases   ] GC(482)   Pre Evacuate Collection Set: 0.0ms
[2025-08-21T22:28:10.467+0000][1692535][info ][gc,phases   ] GC(482)   Merge Heap Roots: 0.0ms
[2025-08-21T22:28:10.467+0000][1692535][info ][gc,phases   ] GC(482)   Evacuate Collection Set: 47.5ms
[2025-08-21T22:28:10.467+0000][1692535][info ][gc,phases   ] GC(482)   Post Evacuate Collection Set: 3.6ms
[2025-08-21T22:28:10.467+0000][1692535][info ][gc,phases   ] GC(482)   Other: 0.0ms
[2025-08-21T22:28:10.467+0000][1692535][trace][gc,age      ] GC(482) Age table with threshold 15 (max threshold 15)
[2025-08-21T22:28:10.467+0000][1692535][trace][gc,age      ] GC(482) - age   1:   16766424 bytes,   16766424 total
[2025-08-21T22:28:10.467+0000][1692535][trace][gc,age      ] GC(482) - age   2:     101944 bytes,   16868368 total
[2025-08-21T22:28:10.467+0000][1692535][info ][gc,heap     ] GC(482) Eden regions: 37->0(71)
[2025-08-21T22:28:10.467+0000][1692535][info ][gc,heap     ] GC(482) Survivor regions: 1->5(5)
[2025-08-21T22:28:10.467+0000][1692535][info ][gc,heap     ] GC(482) Old regions: 28->28
[2025-08-21T22:28:10.467+0000][1692535][info ][gc,heap     ] GC(482) Humongous regions: 0->0
[2025-08-21T22:28:10.467+0000][1692535][info ][gc,metaspace] GC(482) Metaspace: 138304K(143872K)->138304K(143872K) NonClass: 120066K(123392K)->120066K(123392K) Class: 18238K(20480K)->18238K(20480K)
[2025-08-21T22:28:10.467+0000][1692535][info ][gc          ] GC(482) Pause Young (Prepare Mixed) (G1 Evacuation Pause) 262M->128M(512M) 51.291ms
[2025-08-21T22:28:10.467+0000][1692535][info ][gc,cpu      ] GC(482) User=0.01s Sys=0.01s Real=0.05s
[2025-08-21T22:28:10.467+0000][1692535][info ][safepoint   ] Safepoint "G1CollectForAllocation", Time since last: 3125732356 ns, Reaching safepoint: 514187 ns, Cleanup: 2774 ns, At safepoint: 51337994 ns, Total: 51854955 ns
[2025-08-21T22:28:11.467+0000][1692535][info ][safepoint   ] Safepoint "Cleanup", Time since last: 1000709496 ns, Reaching safepoint: 5929 ns, Cleanup: 9425 ns, At safepoint: 3004 ns, Total: 18358 ns
[2025-08-21T22:28:12.475+0000][1692535][info ][safepoint   ] Safepoint "Cleanup", Time since last: 1000089280 ns, Reaching safepoint: 7381395 ns, Cleanup: 14181 ns, At safepoint: 2935 ns, Total: 7398511 ns
[2025-08-21T22:28:15.663+0000][1692535][info ][safepoint   ] Safepoint "Cleanup", Time since last: 3000208440 ns, Reaching safepoint: 29764 ns, Cleanup: 187624231 ns, At safepoint: 10797 ns, Total: 187664792 ns
[2025-08-21T22:28:16.448+0000][1692535][info ][gc,start    ] GC(483) Pause Young (Mixed) (G1 Evacuation Pause)
[2025-08-21T22:28:16.448+0000][1692535][info ][gc,task     ] GC(483) Using 1 workers of 1 for evacuation
[2025-08-21T22:28:16.448+0000][1692535][debug][gc,age      ] GC(483) Desired survivor size 20971520 bytes, new threshold 15 (max threshold 15)
[2025-08-21T22:28:16.459+0000][1692535][info ][gc,phases   ] GC(483)   Pre Evacuate Collection Set: 0.0ms
[2025-08-21T22:28:16.459+0000][1692535][info ][gc,phases   ] GC(483)   Merge Heap Roots: 0.0ms
[2025-08-21T22:28:16.459+0000][1692535][info ][gc,phases   ] GC(483)   Evacuate Collection Set: 9.4ms
[2025-08-21T22:28:16.459+0000][1692535][info ][gc,phases   ] GC(483)   Post Evacuate Collection Set: 1.2ms
[2025-08-21T22:28:16.459+0000][1692535][info ][gc,phases   ] GC(483)   Other: 0.0ms
[2025-08-21T22:28:16.459+0000][1692535][trace][gc,age      ] GC(483) Age table with threshold 15 (max threshold 15)
[2025-08-21T22:28:16.459+0000][1692535][trace][gc,age      ] GC(483) - age   1:   14352608 bytes,   14352608 total
[2025-08-21T22:28:16.459+0000][1692535][trace][gc,age      ] GC(483) - age   2:      19840 bytes,   14372448 total
[2025-08-21T22:28:16.459+0000][1692535][trace][gc,age      ] GC(483) - age   3:       1928 bytes,   14374376 total
[2025-08-21T22:28:16.459+0000][1692535][info ][gc,heap     ] GC(483) Eden regions: 71->0(72)
[2025-08-21T22:28:16.459+0000][1692535][info ][gc,heap     ] GC(483) Survivor regions: 5->4(10)
[2025-08-21T22:28:16.459+0000][1692535][info ][gc,heap     ] GC(483) Old regions: 28->27
[2025-08-21T22:28:16.459+0000][1692535][info ][gc,heap     ] GC(483) Humongous regions: 0->0
[2025-08-21T22:28:16.459+0000][1692535][info ][gc,metaspace] GC(483) Metaspace: 138318K(143872K)->138318K(143872K) NonClass: 120080K(123392K)->120080K(123392K) Class: 18238K(20480K)->18238K(20480K)
[2025-08-21T22:28:16.459+0000][1692535][info ][gc          ] GC(483) Pause Young (Mixed) (G1 Evacuation Pause) 412M->120M(512M) 10.789ms
[2025-08-21T22:28:16.459+0000][1692535][info ][gc,cpu      ] GC(483) User=0.01s Sys=0.00s Real=0.01s
[2025-08-21T22:28:16.459+0000][1692535][info ][safepoint   ] Safepoint "G1CollectForAllocation", Time since last: 784768209 ns, Reaching safepoint: 542089 ns, Cleanup: 11157 ns, At safepoint: 10839106 ns, Total: 11392352 ns
[2025-08-21T22:28:19.461+0000][1692535][info ][safepoint   ] Safepoint "Cleanup", Time since last: 3000195820 ns, Reaching safepoint: 2287554 ns, Cleanup: 9284 ns, At safepoint: 4697 ns, Total: 2301535 ns
[2025-08-21T22:28:20.166+0000][1692535][info ][gc,start    ] GC(484) Pause Young (Concurrent Start) (G1 Evacuation Pause)
[2025-08-21T22:28:20.166+0000][1692535][info ][gc,task     ] GC(484) Using 1 workers of 1 for evacuation
[2025-08-21T22:28:20.166+0000][1692535][debug][gc,age      ] GC(484) Desired survivor size 20971520 bytes, new threshold 15 (max threshold 15)
[2025-08-21T22:28:20.175+0000][1692535][info ][gc,phases   ] GC(484)   Pre Evacuate Collection Set: 0.1ms
[2025-08-21T22:28:20.175+0000][1692535][info ][gc,phases   ] GC(484)   Merge Heap Roots: 0.0ms
[2025-08-21T22:28:20.175+0000][1692535][info ][gc,phases   ] GC(484)   Evacuate Collection Set: 7.3ms
[2025-08-21T22:28:20.175+0000][1692535][info ][gc,phases   ] GC(484)   Post Evacuate Collection Set: 1.1ms
[2025-08-21T22:28:20.175+0000][1692535][info ][gc,phases   ] GC(484)   Other: 0.0ms
[2025-08-21T22:28:20.175+0000][1692535][trace][gc,age      ] GC(484) Age table with threshold 15 (max threshold 15)
[2025-08-21T22:28:20.175+0000][1692535][trace][gc,age      ] GC(484) - age   1:   13266744 bytes,   13266744 total
[2025-08-21T22:28:20.175+0000][1692535][trace][gc,age      ] GC(484) - age   2:      15088 bytes,   13281832 total
[2025-08-21T22:28:20.175+0000][1692535][trace][gc,age      ] GC(484) - age   3:      14160 bytes,   13295992 total
[2025-08-21T22:28:20.175+0000][1692535][trace][gc,age      ] GC(484) - age   4:       1896 bytes,   13297888 total
[2025-08-21T22:28:20.175+0000][1692535][info ][gc,heap     ] GC(484) Eden regions: 72->0(72)
[2025-08-21T22:28:20.175+0000][1692535][info ][gc,heap     ] GC(484) Survivor regions: 4->4(10)
[2025-08-21T22:28:20.175+0000][1692535][info ][gc,heap     ] GC(484) Old regions: 27->27
[2025-08-21T22:28:20.175+0000][1692535][info ][gc,heap     ] GC(484) Humongous regions: 0->0
[2025-08-21T22:28:20.175+0000][1692535][info ][gc,metaspace] GC(484) Metaspace: 138320K(143872K)->138320K(143872K) NonClass: 120082K(123392K)->120082K(123392K) Class: 18238K(20480K)->18238K(20480K)
[2025-08-21T22:28:20.175+0000][1692535][info ][gc          ] GC(484) Pause Young (Concurrent Start) (G1 Evacuation Pause) 408M->120M(512M) 8.732ms
[2025-08-21T22:28:20.175+0000][1692535][info ][gc,cpu      ] GC(484) User=0.00s Sys=0.00s Real=0.00s
[2025-08-21T22:28:20.175+0000][1692535][info ][safepoint   ] Safepoint "G1CollectForAllocation", Time since last: 704622048 ns, Reaching safepoint: 5339 ns, Cleanup: 10525 ns, At safepoint: 8783773 ns, Total: 8799637 ns
[2025-08-21T22:28:20.178+0000][1692535][info ][gc          ] GC(485) Concurrent Mark Cycle
[2025-08-21T22:28:20.178+0000][1692535][info ][gc,marking  ] GC(485) Concurrent Scan Root Regions
[2025-08-21T22:28:20.180+0000][1692535][info ][gc,marking  ] GC(485) Concurrent Scan Root Regions 1.399ms
[2025-08-21T22:28:20.180+0000][1692535][info ][gc,marking  ] GC(485) Concurrent Mark
[2025-08-21T22:28:20.180+0000][1692535][info ][gc,marking  ] GC(485) Concurrent Mark From Roots
[2025-08-21T22:28:20.180+0000][1692535][info ][gc,task     ] GC(485) Using 1 workers of 1 for marking
[2025-08-21T22:28:20.666+0000][1692535][info ][gc,marking  ] GC(485) Concurrent Mark From Roots 486.086ms
[2025-08-21T22:28:20.666+0000][1692535][info ][gc,marking  ] GC(485) Concurrent Preclean
[2025-08-21T22:28:20.666+0000][1692535][info ][gc,marking  ] GC(485) Concurrent Preclean 0.337ms
[2025-08-21T22:28:20.666+0000][1692535][info ][gc,start    ] GC(485) Pause Remark
[2025-08-21T22:28:20.675+0000][1692535][info ][gc          ] GC(485) Pause Remark 214M->214M(512M) 8.361ms
[2025-08-21T22:28:20.675+0000][1692535][info ][gc,cpu      ] GC(485) User=0.01s Sys=0.00s Real=0.00s
[2025-08-21T22:28:20.675+0000][1692535][info ][safepoint   ] Safepoint "G1PauseRemark", Time since last: 491420528 ns, Reaching safepoint: 5408 ns, Cleanup: 2444 ns, At safepoint: 8394044 ns, Total: 8401896 ns
[2025-08-21T22:28:20.675+0000][1692535][info ][gc,marking  ] GC(485) Concurrent Mark 495.054ms
[2025-08-21T22:28:20.675+0000][1692535][info ][gc,marking  ] GC(485) Concurrent Rebuild Remembered Sets and Scrub Regions
[2025-08-21T22:28:20.799+0000][1692535][info ][gc,marking  ] GC(485) Concurrent Rebuild Remembered Sets and Scrub Regions 124.151ms
[2025-08-21T22:28:20.801+0000][1692535][info ][gc,start    ] GC(485) Pause Cleanup
[2025-08-21T22:28:20.801+0000][1692535][info ][gc          ] GC(485) Pause Cleanup 223M->223M(512M) 0.066ms
[2025-08-21T22:28:20.801+0000][1692535][info ][gc,cpu      ] GC(485) User=0.00s Sys=0.00s Real=0.00s
[2025-08-21T22:28:20.801+0000][1692535][info ][safepoint   ] Safepoint "G1PauseCleanup", Time since last: 124325958 ns, Reaching safepoint: 2213352 ns, Cleanup: 2814 ns, At safepoint: 96907 ns, Total: 2313073 ns
[2025-08-21T22:28:20.802+0000][1692535][info ][gc,marking  ] GC(485) Concurrent Clear Claimed Marks
[2025-08-21T22:28:20.802+0000][1692535][info ][gc,marking  ] GC(485) Concurrent Clear Claimed Marks 0.182ms
[2025-08-21T22:28:20.802+0000][1692535][info ][gc,marking  ] GC(485) Concurrent Cleanup for Next Mark
[2025-08-21T22:28:20.803+0000][1692535][info ][gc,marking  ] GC(485) Concurrent Cleanup for Next Mark 1.193ms
[2025-08-21T22:28:20.803+0000][1692535][info ][gc          ] GC(485) Concurrent Mark Cycle 624.891ms
[2025-08-21T22:28:21.801+0000][1692535][info ][safepoint   ] Safepoint "Cleanup", Time since last: 1000085734 ns, Reaching safepoint: 6159 ns, Cleanup: 13100 ns, At safepoint: 2884 ns, Total: 22143 ns
[2025-08-21T22:33:03.058+0000][1692535][info ][gc,start    ] GC(486) Pause Young (Prepare Mixed) (G1 Evacuation Pause)
[2025-08-21T22:33:03.058+0000][1692535][info ][gc,task     ] GC(486) Using 1 workers of 1 for evacuation
[2025-08-21T22:33:03.058+0000][1692535][debug][gc,age      ] GC(486) Desired survivor size 20971520 bytes, new threshold 15 (max threshold 15)
[2025-08-21T22:33:03.061+0000][1692535][info ][gc,phases   ] GC(486)   Pre Evacuate Collection Set: 0.1ms
[2025-08-21T22:33:03.061+0000][1692535][info ][gc,phases   ] GC(486)   Merge Heap Roots: 0.0ms
[2025-08-21T22:33:03.061+0000][1692535][info ][gc,phases   ] GC(486)   Evacuate Collection Set: 2.0ms
[2025-08-21T22:33:03.061+0000][1692535][info ][gc,phases   ] GC(486)   Post Evacuate Collection Set: 0.8ms
[2025-08-21T22:33:03.061+0000][1692535][info ][gc,phases   ] GC(486)   Other: 0.0ms
[2025-08-21T22:33:03.061+0000][1692535][trace][gc,age      ] GC(486) Age table with threshold 15 (max threshold 15)
[2025-08-21T22:33:03.061+0000][1692535][trace][gc,age      ] GC(486) - age   1:      15648 bytes,      15648 total
[2025-08-21T22:33:03.061+0000][1692535][trace][gc,age      ] GC(486) - age   2:       5488 bytes,      21136 total
[2025-08-21T22:33:03.061+0000][1692535][trace][gc,age      ] GC(486) - age   3:       9312 bytes,      30448 total
[2025-08-21T22:33:03.061+0000][1692535][trace][gc,age      ] GC(486) - age   4:        176 bytes,      30624 total
[2025-08-21T22:33:03.061+0000][1692535][trace][gc,age      ] GC(486) - age   5:        328 bytes,      30952 total
[2025-08-21T22:33:03.061+0000][1692535][info ][gc,heap     ] GC(486) Eden regions: 72->0(75)
[2025-08-21T22:33:03.061+0000][1692535][info ][gc,heap     ] GC(486) Survivor regions: 4->1(10)
[2025-08-21T22:33:03.062+0000][1692535][info ][gc,heap     ] GC(486) Old regions: 27->27
[2025-08-21T22:33:03.062+0000][1692535][info ][gc,heap     ] GC(486) Humongous regions: 0->0
[2025-08-21T22:33:03.062+0000][1692535][info ][gc,metaspace] GC(486) Metaspace: 138321K(143872K)->138321K(143872K) NonClass: 120083K(123392K)->120083K(123392K) Class: 18238K(20480K)->18238K(20480K)
[2025-08-21T22:33:03.062+0000][1692535][info ][gc          ] GC(486) Pause Young (Prepare Mixed) (G1 Evacuation Pause) 408M->108M(512M) 3.516ms
[2025-08-21T22:33:03.062+0000][1692535][info ][gc,cpu      ] GC(486) User=0.00s Sys=0.00s Real=0.00s
[2025-08-21T22:33:03.062+0000][1692535][info ][safepoint   ] Safepoint "G1CollectForAllocation", Time since last: 281256514541 ns, Reaching safepoint: 10526 ns, Cleanup: 3755 ns, At safepoint: 3551032 ns, Total: 3565313 ns
[2025-08-21T22:44:41.322+0000][1692535][info ][gc,start    ] GC(487) Pause Young (Mixed) (G1 Evacuation Pause)
[2025-08-21T22:44:41.322+0000][1692535][info ][gc,task     ] GC(487) Using 1 workers of 1 for evacuation
[2025-08-21T22:44:41.322+0000][1692535][debug][gc,age      ] GC(487) Desired survivor size 20971520 bytes, new threshold 15 (max threshold 15)
[2025-08-21T22:44:41.325+0000][1692535][info ][gc,phases   ] GC(487)   Pre Evacuate Collection Set: 0.0ms
[2025-08-21T22:44:41.325+0000][1692535][info ][gc,phases   ] GC(487)   Merge Heap Roots: 0.0ms
[2025-08-21T22:44:41.325+0000][1692535][info ][gc,phases   ] GC(487)   Evacuate Collection Set: 1.2ms
[2025-08-21T22:44:41.325+0000][1692535][info ][gc,phases   ] GC(487)   Post Evacuate Collection Set: 0.8ms
[2025-08-21T22:44:41.325+0000][1692535][info ][gc,phases   ] GC(487)   Other: 0.0ms
[2025-08-21T22:44:41.325+0000][1692535][trace][gc,age      ] GC(487) Age table with threshold 15 (max threshold 15)
[2025-08-21T22:44:41.325+0000][1692535][trace][gc,age      ] GC(487) - age   1:      10584 bytes,      10584 total
[2025-08-21T22:44:41.325+0000][1692535][trace][gc,age      ] GC(487) - age   2:       5832 bytes,      16416 total
[2025-08-21T22:44:41.325+0000][1692535][trace][gc,age      ] GC(487) - age   3:       5488 bytes,      21904 total
[2025-08-21T22:44:41.325+0000][1692535][trace][gc,age      ] GC(487) - age   4:       9312 bytes,      31216 total
[2025-08-21T22:44:41.325+0000][1692535][trace][gc,age      ] GC(487) - age   5:        176 bytes,      31392 total
[2025-08-21T22:44:41.325+0000][1692535][trace][gc,age      ] GC(487) - age   6:        144 bytes,      31536 total
[2025-08-21T22:44:41.325+0000][1692535][info ][gc,heap     ] GC(487) Eden regions: 75->0(75)
[2025-08-21T22:44:41.325+0000][1692535][info ][gc,heap     ] GC(487) Survivor regions: 1->1(10)
[2025-08-21T22:44:41.325+0000][1692535][info ][gc,heap     ] GC(487) Old regions: 27->26
[2025-08-21T22:44:41.325+0000][1692535][info ][gc,heap     ] GC(487) Humongous regions: 0->0
[2025-08-21T22:44:41.325+0000][1692535][info ][gc,metaspace] GC(487) Metaspace: 138321K(143872K)->138321K(143872K) NonClass: 120083K(123392K)->120083K(123392K) Class: 18238K(20480K)->18238K(20480K)
[2025-08-21T22:44:41.325+0000][1692535][info ][gc          ] GC(487) Pause Young (Mixed) (G1 Evacuation Pause) 408M->103M(512M) 2.592ms
[2025-08-21T22:44:41.325+0000][1692535][info ][gc,cpu      ] GC(487) User=0.00s Sys=0.00s Real=0.00s
[2025-08-21T22:44:41.325+0000][1692535][info ][safepoint   ] Safepoint "G1CollectForAllocation", Time since last: 698260497538 ns, Reaching safepoint: 7512 ns, Cleanup: 3485 ns, At safepoint: 2626516 ns, Total: 2637513 ns
[2025-08-21T22:47:14.336+0000][1692535][info ][safepoint   ] Safepoint "Cleanup", Time since last: 153011703503 ns, Reaching safepoint: 41913 ns, Cleanup: 10936 ns, At safepoint: 5048 ns, Total: 57897 ns
[2025-08-21T22:48:03.341+0000][1692535][info ][safepoint   ] Safepoint "Cleanup", Time since last: 49004431392 ns, Reaching safepoint: 70647 ns, Cleanup: 11667 ns, At safepoint: 5058 ns, Total: 87372 ns
[2025-08-21T22:56:24.438+0000][1692535][info ][gc,start    ] GC(488) Pause Young (Concurrent Start) (G1 Evacuation Pause)
[2025-08-21T22:56:24.439+0000][1692535][info ][gc,task     ] GC(488) Using 1 workers of 1 for evacuation
[2025-08-21T22:56:24.439+0000][1692535][debug][gc,age      ] GC(488) Desired survivor size 20971520 bytes, new threshold 15 (max threshold 15)
[2025-08-21T22:56:24.441+0000][1692535][info ][gc,phases   ] GC(488)   Pre Evacuate Collection Set: 0.0ms
[2025-08-21T22:56:24.441+0000][1692535][info ][gc,phases   ] GC(488)   Merge Heap Roots: 0.0ms
[2025-08-21T22:56:24.441+0000][1692535][info ][gc,phases   ] GC(488)   Evacuate Collection Set: 1.4ms
[2025-08-21T22:56:24.441+0000][1692535][info ][gc,phases   ] GC(488)   Post Evacuate Collection Set: 0.7ms
[2025-08-21T22:56:24.441+0000][1692535][info ][gc,phases   ] GC(488)   Other: 0.0ms
[2025-08-21T22:56:24.441+0000][1692535][trace][gc,age      ] GC(488) Age table with threshold 15 (max threshold 15)
[2025-08-21T22:56:24.441+0000][1692535][trace][gc,age      ] GC(488) - age   1:      10856 bytes,      10856 total
[2025-08-21T22:56:24.441+0000][1692535][trace][gc,age      ] GC(488) - age   2:        376 bytes,      11232 total
[2025-08-21T22:56:24.441+0000][1692535][trace][gc,age      ] GC(488) - age   3:       5656 bytes,      16888 total
[2025-08-21T22:56:24.441+0000][1692535][trace][gc,age      ] GC(488) - age   4:       5488 bytes,      22376 total
[2025-08-21T22:56:24.441+0000][1692535][trace][gc,age      ] GC(488) - age   5:       9312 bytes,      31688 total
[2025-08-21T22:56:24.441+0000][1692535][trace][gc,age      ] GC(488) - age   6:        176 bytes,      31864 total
[2025-08-21T22:56:24.441+0000][1692535][trace][gc,age      ] GC(488) - age   7:        144 bytes,      32008 total
[2025-08-21T22:56:24.441+0000][1692535][info ][gc,heap     ] GC(488) Eden regions: 75->0(75)
[2025-08-21T22:56:24.441+0000][1692535][info ][gc,heap     ] GC(488) Survivor regions: 1->1(10)
[2025-08-21T22:56:24.441+0000][1692535][info ][gc,heap     ] GC(488) Old regions: 26->26
[2025-08-21T22:56:24.441+0000][1692535][info ][gc,heap     ] GC(488) Humongous regions: 0->0
[2025-08-21T22:56:24.441+0000][1692535][info ][gc,metaspace] GC(488) Metaspace: 138321K(143872K)->138321K(143872K) NonClass: 120083K(123392K)->120083K(123392K) Class: 18238K(20480K)->18238K(20480K)
[2025-08-21T22:56:24.441+0000][1692535][info ][gc          ] GC(488) Pause Young (Concurrent Start) (G1 Evacuation Pause) 403M->102M(512M) 2.465ms
[2025-08-21T22:56:24.441+0000][1692535][info ][gc,cpu      ] GC(488) User=0.00s Sys=0.00s Real=0.00s
[2025-08-21T22:56:24.441+0000][1692535][info ][safepoint   ] Safepoint "G1CollectForAllocation", Time since last: 501097444920 ns, Reaching safepoint: 7872 ns, Cleanup: 2914 ns, At safepoint: 2503591 ns, Total: 2514377 ns
[2025-08-21T22:56:24.445+0000][1692535][info ][gc          ] GC(489) Concurrent Mark Cycle
[2025-08-21T22:56:24.445+0000][1692535][info ][gc,marking  ] GC(489) Concurrent Scan Root Regions
[2025-08-21T22:56:24.446+0000][1692535][info ][gc,marking  ] GC(489) Concurrent Scan Root Regions 0.637ms
[2025-08-21T22:56:24.446+0000][1692535][info ][gc,marking  ] GC(489) Concurrent Mark
[2025-08-21T22:56:24.446+0000][1692535][info ][gc,marking  ] GC(489) Concurrent Mark From Roots
[2025-08-21T22:56:24.446+0000][1692535][info ][gc,task     ] GC(489) Using 1 workers of 1 for marking
[2025-08-21T22:56:24.548+0000][1692535][info ][gc,marking  ] GC(489) Concurrent Mark From Roots 102.093ms
[2025-08-21T22:56:24.548+0000][1692535][info ][gc,marking  ] GC(489) Concurrent Preclean
[2025-08-21T22:56:24.548+0000][1692535][info ][gc,marking  ] GC(489) Concurrent Preclean 0.252ms
[2025-08-21T22:56:24.548+0000][1692535][info ][gc,start    ] GC(489) Pause Remark
[2025-08-21T22:56:24.556+0000][1692535][info ][gc          ] GC(489) Pause Remark 104M->104M(512M) 7.543ms
[2025-08-21T22:56:24.556+0000][1692535][info ][gc,cpu      ] GC(489) User=0.01s Sys=0.00s Real=0.01s
[2025-08-21T22:56:24.556+0000][1692535][info ][safepoint   ] Safepoint "G1PauseRemark", Time since last: 107506788 ns, Reaching safepoint: 4988 ns, Cleanup: 2914 ns, At safepoint: 7586916 ns, Total: 7594818 ns
[2025-08-21T22:56:24.556+0000][1692535][info ][gc,marking  ] GC(489) Concurrent Mark 110.012ms
[2025-08-21T22:56:24.556+0000][1692535][info ][gc,marking  ] GC(489) Concurrent Rebuild Remembered Sets and Scrub Regions
[2025-08-21T22:56:24.591+0000][1692535][info ][gc,marking  ] GC(489) Concurrent Rebuild Remembered Sets and Scrub Regions 34.920ms
[2025-08-21T22:56:24.591+0000][1692535][info ][gc,start    ] GC(489) Pause Cleanup
[2025-08-21T22:56:24.591+0000][1692535][info ][gc          ] GC(489) Pause Cleanup 104M->104M(512M) 0.039ms
[2025-08-21T22:56:24.591+0000][1692535][info ][gc,cpu      ] GC(489) User=0.00s Sys=0.00s Real=0.00s
[2025-08-21T22:56:24.591+0000][1692535][info ][safepoint   ] Safepoint "G1PauseCleanup", Time since last: 34969392 ns, Reaching safepoint: 3515 ns, Cleanup: 1312 ns, At safepoint: 63957 ns, Total: 68784 ns
[2025-08-21T22:56:24.591+0000][1692535][info ][gc,marking  ] GC(489) Concurrent Clear Claimed Marks
[2025-08-21T22:56:24.591+0000][1692535][info ][gc,marking  ] GC(489) Concurrent Clear Claimed Marks 0.130ms
[2025-08-21T22:56:24.591+0000][1692535][info ][gc,marking  ] GC(489) Concurrent Cleanup for Next Mark
[2025-08-21T22:56:24.604+0000][1692535][info ][gc,marking  ] GC(489) Concurrent Cleanup for Next Mark 12.373ms
[2025-08-21T22:56:24.604+0000][1692535][info ][gc          ] GC(489) Concurrent Mark Cycle 158.220ms
[2025-08-21T23:08:09.500+0000][1692535][info ][gc,start    ] GC(490) Pause Young (Prepare Mixed) (G1 Evacuation Pause)
[2025-08-21T23:08:09.501+0000][1692535][info ][gc,task     ] GC(490) Using 1 workers of 1 for evacuation
[2025-08-21T23:08:09.501+0000][1692535][debug][gc,age      ] GC(490) Desired survivor size 20971520 bytes, new threshold 15 (max threshold 15)
[2025-08-21T23:08:09.504+0000][1692535][info ][gc,phases   ] GC(490)   Pre Evacuate Collection Set: 0.0ms
[2025-08-21T23:08:09.504+0000][1692535][info ][gc,phases   ] GC(490)   Merge Heap Roots: 0.0ms
[2025-08-21T23:08:09.504+0000][1692535][info ][gc,phases   ] GC(490)   Evacuate Collection Set: 2.3ms
[2025-08-21T23:08:09.504+0000][1692535][info ][gc,phases   ] GC(490)   Post Evacuate Collection Set: 0.8ms
[2025-08-21T23:08:09.504+0000][1692535][info ][gc,phases   ] GC(490)   Other: 0.0ms
[2025-08-21T23:08:09.504+0000][1692535][trace][gc,age      ] GC(490) Age table with threshold 15 (max threshold 15)
[2025-08-21T23:08:09.504+0000][1692535][trace][gc,age      ] GC(490) - age   1:      80280 bytes,      80280 total
[2025-08-21T23:08:09.504+0000][1692535][trace][gc,age      ] GC(490) - age   3:        176 bytes,      80456 total
[2025-08-21T23:08:09.504+0000][1692535][trace][gc,age      ] GC(490) - age   4:       5536 bytes,      85992 total
[2025-08-21T23:08:09.504+0000][1692535][trace][gc,age      ] GC(490) - age   5:       5488 bytes,      91480 total
[2025-08-21T23:08:09.504+0000][1692535][trace][gc,age      ] GC(490) - age   6:       9312 bytes,     100792 total
[2025-08-21T23:08:09.504+0000][1692535][trace][gc,age      ] GC(490) - age   7:        176 bytes,     100968 total
[2025-08-21T23:08:09.504+0000][1692535][trace][gc,age      ] GC(490) - age   8:        144 bytes,     101112 total
[2025-08-21T23:08:09.504+0000][1692535][info ][gc,heap     ] GC(490) Eden regions: 75->0(75)
[2025-08-21T23:08:09.504+0000][1692535][info ][gc,heap     ] GC(490) Survivor regions: 1->1(10)
[2025-08-21T23:08:09.504+0000][1692535][info ][gc,heap     ] GC(490) Old regions: 26->26
[2025-08-21T23:08:09.504+0000][1692535][info ][gc,heap     ] GC(490) Humongous regions: 0->0
[2025-08-21T23:08:09.504+0000][1692535][info ][gc,metaspace] GC(490) Metaspace: 138321K(143872K)->138321K(143872K) NonClass: 120083K(123392K)->120083K(123392K) Class: 18238K(20480K)->18238K(20480K)
[2025-08-21T23:08:09.504+0000][1692535][info ][gc          ] GC(490) Pause Young (Prepare Mixed) (G1 Evacuation Pause) 402M->102M(512M) 3.609ms
[2025-08-21T23:08:09.504+0000][1692535][info ][gc,cpu      ] GC(490) User=0.00s Sys=0.00s Real=0.00s
[2025-08-21T23:08:09.504+0000][1692535][info ][safepoint   ] Safepoint "G1CollectForAllocation", Time since last: 704909383498 ns, Reaching safepoint: 7852 ns, Cleanup: 3926 ns, At safepoint: 3644012 ns, Total: 3655790 ns
[2025-08-21T23:19:55.166+0000][1692535][info ][gc,start    ] GC(491) Pause Young (Mixed) (G1 Evacuation Pause)
[2025-08-21T23:19:55.166+0000][1692535][info ][gc,task     ] GC(491) Using 1 workers of 1 for evacuation
[2025-08-21T23:19:55.166+0000][1692535][debug][gc,age      ] GC(491) Desired survivor size 20971520 bytes, new threshold 15 (max threshold 15)
[2025-08-21T23:19:55.169+0000][1692535][info ][gc,phases   ] GC(491)   Pre Evacuate Collection Set: 0.0ms
[2025-08-21T23:19:55.169+0000][1692535][info ][gc,phases   ] GC(491)   Merge Heap Roots: 0.0ms
[2025-08-21T23:19:55.169+0000][1692535][info ][gc,phases   ] GC(491)   Evacuate Collection Set: 1.8ms
[2025-08-21T23:19:55.169+0000][1692535][info ][gc,phases   ] GC(491)   Post Evacuate Collection Set: 0.7ms
[2025-08-21T23:19:55.169+0000][1692535][info ][gc,phases   ] GC(491)   Other: 0.0ms
[2025-08-21T23:19:55.169+0000][1692535][trace][gc,age      ] GC(491) Age table with threshold 15 (max threshold 15)
[2025-08-21T23:19:55.169+0000][1692535][trace][gc,age      ] GC(491) - age   1:      11056 bytes,      11056 total
[2025-08-21T23:19:55.169+0000][1692535][trace][gc,age      ] GC(491) - age   4:        176 bytes,      11232 total
[2025-08-21T23:19:55.169+0000][1692535][trace][gc,age      ] GC(491) - age   5:       5536 bytes,      16768 total
[2025-08-21T23:19:55.169+0000][1692535][trace][gc,age      ] GC(491) - age   6:       5488 bytes,      22256 total
[2025-08-21T23:19:55.169+0000][1692535][trace][gc,age      ] GC(491) - age   7:       9312 bytes,      31568 total
[2025-08-21T23:19:55.169+0000][1692535][trace][gc,age      ] GC(491) - age   8:        176 bytes,      31744 total
[2025-08-21T23:19:55.169+0000][1692535][trace][gc,age      ] GC(491) - age   9:        144 bytes,      31888 total
[2025-08-21T23:19:55.169+0000][1692535][info ][gc,heap     ] GC(491) Eden regions: 75->0(75)
[2025-08-21T23:19:55.169+0000][1692535][info ][gc,heap     ] GC(491) Survivor regions: 1->1(10)
[2025-08-21T23:19:55.169+0000][1692535][info ][gc,heap     ] GC(491) Old regions: 26->25
[2025-08-21T23:19:55.169+0000][1692535][info ][gc,heap     ] GC(491) Humongous regions: 0->0
[2025-08-21T23:19:55.169+0000][1692535][info ][gc,metaspace] GC(491) Metaspace: 138321K(143872K)->138321K(143872K) NonClass: 120083K(123392K)->120083K(123392K) Class: 18238K(20480K)->18238K(20480K)
[2025-08-21T23:19:55.169+0000][1692535][info ][gc          ] GC(491) Pause Young (Mixed) (G1 Evacuation Pause) 402M->98M(512M) 2.867ms
[2025-08-21T23:19:55.169+0000][1692535][info ][gc,cpu      ] GC(491) User=0.01s Sys=0.00s Real=0.00s
[2025-08-21T23:19:55.169+0000][1692535][info ][safepoint   ] Safepoint "G1CollectForAllocation", Time since last: 705661764176 ns, Reaching safepoint: 7452 ns, Cleanup: 3175 ns, At safepoint: 2906188 ns, Total: 2916815 ns
[2025-08-21T23:31:40.307+0000][1692535][info ][gc,start    ] GC(492) Pause Young (Concurrent Start) (G1 Evacuation Pause)
[2025-08-21T23:31:40.307+0000][1692535][info ][gc,task     ] GC(492) Using 1 workers of 1 for evacuation
[2025-08-21T23:31:40.307+0000][1692535][debug][gc,age      ] GC(492) Desired survivor size 20971520 bytes, new threshold 15 (max threshold 15)
[2025-08-21T23:31:40.309+0000][1692535][info ][gc,phases   ] GC(492)   Pre Evacuate Collection Set: 0.0ms
[2025-08-21T23:31:40.309+0000][1692535][info ][gc,phases   ] GC(492)   Merge Heap Roots: 0.0ms
[2025-08-21T23:31:40.309+0000][1692535][info ][gc,phases   ] GC(492)   Evacuate Collection Set: 1.2ms
[2025-08-21T23:31:40.309+0000][1692535][info ][gc,phases   ] GC(492)   Post Evacuate Collection Set: 0.7ms
[2025-08-21T23:31:40.309+0000][1692535][info ][gc,phases   ] GC(492)   Other: 0.1ms
[2025-08-21T23:31:40.309+0000][1692535][trace][gc,age      ] GC(492) Age table with threshold 15 (max threshold 15)
[2025-08-21T23:31:40.309+0000][1692535][trace][gc,age      ] GC(492) - age   1:       9608 bytes,       9608 total
[2025-08-21T23:31:40.309+0000][1692535][trace][gc,age      ] GC(492) - age   2:        176 bytes,       9784 total
[2025-08-21T23:31:40.309+0000][1692535][trace][gc,age      ] GC(492) - age   5:        176 bytes,       9960 total
[2025-08-21T23:31:40.309+0000][1692535][trace][gc,age      ] GC(492) - age   6:       5536 bytes,      15496 total
[2025-08-21T23:31:40.309+0000][1692535][trace][gc,age      ] GC(492) - age   7:       5488 bytes,      20984 total
[2025-08-21T23:31:40.309+0000][1692535][trace][gc,age      ] GC(492) - age   8:       9312 bytes,      30296 total
[2025-08-21T23:31:40.309+0000][1692535][trace][gc,age      ] GC(492) - age   9:        176 bytes,      30472 total
[2025-08-21T23:31:40.309+0000][1692535][trace][gc,age      ] GC(492) - age  10:        144 bytes,      30616 total
[2025-08-21T23:31:40.309+0000][1692535][info ][gc,heap     ] GC(492) Eden regions: 75->0(75)
[2025-08-21T23:31:40.309+0000][1692535][info ][gc,heap     ] GC(492) Survivor regions: 1->1(10)
[2025-08-21T23:31:40.309+0000][1692535][info ][gc,heap     ] GC(492) Old regions: 25->25
[2025-08-21T23:31:40.309+0000][1692535][info ][gc,heap     ] GC(492) Humongous regions: 0->0
[2025-08-21T23:31:40.309+0000][1692535][info ][gc,metaspace] GC(492) Metaspace: 138321K(143872K)->138321K(143872K) NonClass: 120083K(123392K)->120083K(123392K) Class: 18238K(20480K)->18238K(20480K)
[2025-08-21T23:31:40.309+0000][1692535][info ][gc          ] GC(492) Pause Young (Concurrent Start) (G1 Evacuation Pause) 398M->98M(512M) 2.475ms
[2025-08-21T23:31:40.309+0000][1692535][info ][gc,cpu      ] GC(492) User=0.00s Sys=0.00s Real=0.00s
[2025-08-21T23:31:40.309+0000][1692535][info ][safepoint   ] Safepoint "G1CollectForAllocation", Time since last: 705138106252 ns, Reaching safepoint: 7721 ns, Cleanup: 4107 ns, At safepoint: 2512974 ns, Total: 2524802 ns
[2025-08-21T23:31:40.314+0000][1692535][info ][gc          ] GC(493) Concurrent Mark Cycle
[2025-08-21T23:31:40.314+0000][1692535][info ][gc,marking  ] GC(493) Concurrent Scan Root Regions
[2025-08-21T23:31:40.315+0000][1692535][info ][gc,marking  ] GC(493) Concurrent Scan Root Regions 0.624ms
[2025-08-21T23:31:40.315+0000][1692535][info ][gc,marking  ] GC(493) Concurrent Mark
[2025-08-21T23:31:40.315+0000][1692535][info ][gc,marking  ] GC(493) Concurrent Mark From Roots
[2025-08-21T23:31:40.315+0000][1692535][info ][gc,task     ] GC(493) Using 1 workers of 1 for marking
[2025-08-21T23:31:40.417+0000][1692535][info ][gc,marking  ] GC(493) Concurrent Mark From Roots 102.298ms
[2025-08-21T23:31:40.417+0000][1692535][info ][gc,marking  ] GC(493) Concurrent Preclean
[2025-08-21T23:31:40.417+0000][1692535][info ][gc,marking  ] GC(493) Concurrent Preclean 0.244ms
[2025-08-21T23:31:40.417+0000][1692535][info ][gc,start    ] GC(493) Pause Remark
[2025-08-21T23:31:40.424+0000][1692535][info ][gc          ] GC(493) Pause Remark 100M->100M(512M) 6.342ms
[2025-08-21T23:31:40.424+0000][1692535][info ][gc,cpu      ] GC(493) User=0.01s Sys=0.00s Real=0.00s
[2025-08-21T23:31:40.424+0000][1692535][info ][safepoint   ] Safepoint "G1PauseRemark", Time since last: 108067929 ns, Reaching safepoint: 5308 ns, Cleanup: 2894 ns, At safepoint: 6385572 ns, Total: 6393774 ns
[2025-08-21T23:31:40.424+0000][1692535][info ][gc,marking  ] GC(493) Concurrent Mark 109.006ms
[2025-08-21T23:31:40.424+0000][1692535][info ][gc,marking  ] GC(493) Concurrent Rebuild Remembered Sets and Scrub Regions
[2025-08-21T23:31:40.467+0000][1692535][info ][gc,marking  ] GC(493) Concurrent Rebuild Remembered Sets and Scrub Regions 43.039ms
[2025-08-21T23:31:40.467+0000][1692535][info ][gc,start    ] GC(493) Pause Cleanup
[2025-08-21T23:31:40.467+0000][1692535][info ][gc          ] GC(493) Pause Cleanup 100M->100M(512M) 0.037ms
[2025-08-21T23:31:40.467+0000][1692535][info ][gc,cpu      ] GC(493) User=0.00s Sys=0.00s Real=0.00s
[2025-08-21T23:31:40.467+0000][1692535][info ][safepoint   ] Safepoint "G1PauseCleanup", Time since last: 43084276 ns, Reaching safepoint: 3625 ns, Cleanup: 1452 ns, At safepoint: 61433 ns, Total: 66510 ns
[2025-08-21T23:31:40.467+0000][1692535][info ][gc,marking  ] GC(493) Concurrent Clear Claimed Marks
[2025-08-21T23:31:40.467+0000][1692535][info ][gc,marking  ] GC(493) Concurrent Clear Claimed Marks 0.136ms
[2025-08-21T23:31:40.467+0000][1692535][info ][gc,marking  ] GC(493) Concurrent Cleanup for Next Mark
[2025-08-21T23:31:40.473+0000][1692535][info ][gc,marking  ] GC(493) Concurrent Cleanup for Next Mark 5.539ms
[2025-08-21T23:31:40.473+0000][1692535][info ][gc          ] GC(493) Concurrent Mark Cycle 158.486ms
[2025-08-21T23:43:25.907+0000][1692535][info ][gc,start    ] GC(494) Pause Young (Prepare Mixed) (G1 Evacuation Pause)
[2025-08-21T23:43:25.907+0000][1692535][info ][gc,task     ] GC(494) Using 1 workers of 1 for evacuation
[2025-08-21T23:43:25.907+0000][1692535][debug][gc,age      ] GC(494) Desired survivor size 20971520 bytes, new threshold 15 (max threshold 15)
[2025-08-21T23:43:25.909+0000][1692535][info ][gc,phases   ] GC(494)   Pre Evacuate Collection Set: 0.0ms
[2025-08-21T23:43:25.909+0000][1692535][info ][gc,phases   ] GC(494)   Merge Heap Roots: 0.0ms
[2025-08-21T23:43:25.909+0000][1692535][info ][gc,phases   ] GC(494)   Evacuate Collection Set: 1.5ms
[2025-08-21T23:43:25.909+0000][1692535][info ][gc,phases   ] GC(494)   Post Evacuate Collection Set: 0.7ms
[2025-08-21T23:43:25.909+0000][1692535][info ][gc,phases   ] GC(494)   Other: 0.0ms
[2025-08-21T23:43:25.909+0000][1692535][trace][gc,age      ] GC(494) Age table with threshold 15 (max threshold 15)
[2025-08-21T23:43:25.909+0000][1692535][trace][gc,age      ] GC(494) - age   1:      11072 bytes,      11072 total
[2025-08-21T23:43:25.909+0000][1692535][trace][gc,age      ] GC(494) - age   2:        176 bytes,      11248 total
[2025-08-21T23:43:25.909+0000][1692535][trace][gc,age      ] GC(494) - age   6:        176 bytes,      11424 total
[2025-08-21T23:43:25.909+0000][1692535][trace][gc,age      ] GC(494) - age   7:       5536 bytes,      16960 total
[2025-08-21T23:43:25.909+0000][1692535][trace][gc,age      ] GC(494) - age   8:       5488 bytes,      22448 total
[2025-08-21T23:43:25.909+0000][1692535][trace][gc,age      ] GC(494) - age   9:       9312 bytes,      31760 total
[2025-08-21T23:43:25.909+0000][1692535][trace][gc,age      ] GC(494) - age  10:        176 bytes,      31936 total
[2025-08-21T23:43:25.909+0000][1692535][trace][gc,age      ] GC(494) - age  11:        144 bytes,      32080 total
[2025-08-21T23:43:25.909+0000][1692535][info ][gc,heap     ] GC(494) Eden regions: 75->0(75)
[2025-08-21T23:43:25.909+0000][1692535][info ][gc,heap     ] GC(494) Survivor regions: 1->1(10)
[2025-08-21T23:43:25.909+0000][1692535][info ][gc,heap     ] GC(494) Old regions: 25->25
[2025-08-21T23:43:25.909+0000][1692535][info ][gc,heap     ] GC(494) Humongous regions: 0->0
[2025-08-21T23:43:25.909+0000][1692535][info ][gc,metaspace] GC(494) Metaspace: 138321K(143872K)->138321K(143872K) NonClass: 120083K(123392K)->120083K(123392K) Class: 18238K(20480K)->18238K(20480K)
[2025-08-21T23:43:25.909+0000][1692535][info ][gc          ] GC(494) Pause Young (Prepare Mixed) (G1 Evacuation Pause) 398M->98M(512M) 2.505ms
[2025-08-21T23:43:25.909+0000][1692535][info ][gc,cpu      ] GC(494) User=0.00s Sys=0.00s Real=0.00s
[2025-08-21T23:43:25.909+0000][1692535][info ][safepoint   ] Safepoint "G1CollectForAllocation", Time since last: 705439469975 ns, Reaching safepoint: 7952 ns, Cleanup: 2494 ns, At safepoint: 2538653 ns, Total: 2549099 ns
[2025-08-21T23:55:11.273+0000][1692535][info ][gc,start    ] GC(495) Pause Young (Mixed) (G1 Evacuation Pause)
[2025-08-21T23:55:11.273+0000][1692535][info ][gc,task     ] GC(495) Using 1 workers of 1 for evacuation
[2025-08-21T23:55:11.273+0000][1692535][debug][gc,age      ] GC(495) Desired survivor size 20971520 bytes, new threshold 15 (max threshold 15)
[2025-08-21T23:55:11.275+0000][1692535][info ][gc,phases   ] GC(495)   Pre Evacuate Collection Set: 0.0ms
[2025-08-21T23:55:11.275+0000][1692535][info ][gc,phases   ] GC(495)   Merge Heap Roots: 0.0ms
[2025-08-21T23:55:11.275+0000][1692535][info ][gc,phases   ] GC(495)   Evacuate Collection Set: 1.9ms
[2025-08-21T23:55:11.275+0000][1692535][info ][gc,phases   ] GC(495)   Post Evacuate Collection Set: 0.8ms
[2025-08-21T23:55:11.275+0000][1692535][info ][gc,phases   ] GC(495)   Other: 0.0ms
[2025-08-21T23:55:11.275+0000][1692535][trace][gc,age      ] GC(495) Age table with threshold 15 (max threshold 15)
[2025-08-21T23:55:11.275+0000][1692535][trace][gc,age      ] GC(495) - age   1:      11416 bytes,      11416 total
[2025-08-21T23:55:11.275+0000][1692535][trace][gc,age      ] GC(495) - age   8:       5536 bytes,      16952 total
[2025-08-21T23:55:11.275+0000][1692535][trace][gc,age      ] GC(495) - age   9:       5488 bytes,      22440 total
[2025-08-21T23:55:11.275+0000][1692535][trace][gc,age      ] GC(495) - age  10:       9312 bytes,      31752 total
[2025-08-21T23:55:11.275+0000][1692535][trace][gc,age      ] GC(495) - age  11:        176 bytes,      31928 total
[2025-08-21T23:55:11.275+0000][1692535][trace][gc,age      ] GC(495) - age  12:        144 bytes,      32072 total
[2025-08-21T23:55:11.275+0000][1692535][info ][gc,heap     ] GC(495) Eden regions: 75->0(75)
[2025-08-21T23:55:11.275+0000][1692535][info ][gc,heap     ] GC(495) Survivor regions: 1->1(10)
[2025-08-21T23:55:11.275+0000][1692535][info ][gc,heap     ] GC(495) Old regions: 25->24
[2025-08-21T23:55:11.275+0000][1692535][info ][gc,heap     ] GC(495) Humongous regions: 0->0
[2025-08-21T23:55:11.275+0000][1692535][info ][gc,metaspace] GC(495) Metaspace: 138321K(143872K)->138321K(143872K) NonClass: 120083K(123392K)->120083K(123392K) Class: 18238K(20480K)->18238K(20480K)
[2025-08-21T23:55:11.275+0000][1692535][info ][gc          ] GC(495) Pause Young (Mixed) (G1 Evacuation Pause) 398M->95M(512M) 2.956ms
[2025-08-21T23:55:11.275+0000][1692535][info ][gc,cpu      ] GC(495) User=0.00s Sys=0.00s Real=0.01s
[2025-08-21T23:55:11.275+0000][1692535][info ][safepoint   ] Safepoint "G1CollectForAllocation", Time since last: 705363450378 ns, Reaching safepoint: 7070 ns, Cleanup: 2764 ns, At safepoint: 2990736 ns, Total: 3000570 ns
[2025-08-22T00:06:58.215+0000][1692535][info ][gc,start    ] GC(496) Pause Young (Concurrent Start) (G1 Evacuation Pause)
[2025-08-22T00:06:58.215+0000][1692535][info ][gc,task     ] GC(496) Using 1 workers of 1 for evacuation
[2025-08-22T00:06:58.215+0000][1692535][debug][gc,age      ] GC(496) Desired survivor size 20971520 bytes, new threshold 15 (max threshold 15)
[2025-08-22T00:06:58.217+0000][1692535][info ][gc,phases   ] GC(496)   Pre Evacuate Collection Set: 0.0ms
[2025-08-22T00:06:58.217+0000][1692535][info ][gc,phases   ] GC(496)   Merge Heap Roots: 0.0ms
[2025-08-22T00:06:58.217+0000][1692535][info ][gc,phases   ] GC(496)   Evacuate Collection Set: 1.2ms
[2025-08-22T00:06:58.217+0000][1692535][info ][gc,phases   ] GC(496)   Post Evacuate Collection Set: 0.7ms
[2025-08-22T00:06:58.217+0000][1692535][info ][gc,phases   ] GC(496)   Other: 0.0ms
[2025-08-22T00:06:58.217+0000][1692535][trace][gc,age      ] GC(496) Age table with threshold 15 (max threshold 15)
[2025-08-22T00:06:58.217+0000][1692535][trace][gc,age      ] GC(496) - age   1:       9784 bytes,       9784 total
[2025-08-22T00:06:58.217+0000][1692535][trace][gc,age      ] GC(496) - age   2:        176 bytes,       9960 total
[2025-08-22T00:06:58.217+0000][1692535][trace][gc,age      ] GC(496) - age   9:       5536 bytes,      15496 total
[2025-08-22T00:06:58.217+0000][1692535][trace][gc,age      ] GC(496) - age  10:       5488 bytes,      20984 total
[2025-08-22T00:06:58.217+0000][1692535][trace][gc,age      ] GC(496) - age  11:       9312 bytes,      30296 total
[2025-08-22T00:06:58.217+0000][1692535][trace][gc,age      ] GC(496) - age  12:        176 bytes,      30472 total
[2025-08-22T00:06:58.217+0000][1692535][trace][gc,age      ] GC(496) - age  13:        144 bytes,      30616 total
[2025-08-22T00:06:58.217+0000][1692535][info ][gc,heap     ] GC(496) Eden regions: 75->0(75)
[2025-08-22T00:06:58.217+0000][1692535][info ][gc,heap     ] GC(496) Survivor regions: 1->1(10)
[2025-08-22T00:06:58.217+0000][1692535][info ][gc,heap     ] GC(496) Old regions: 24->24
[2025-08-22T00:06:58.217+0000][1692535][info ][gc,heap     ] GC(496) Humongous regions: 0->0
[2025-08-22T00:06:58.217+0000][1692535][info ][gc,metaspace] GC(496) Metaspace: 138321K(143872K)->138321K(143872K) NonClass: 120083K(123392K)->120083K(123392K) Class: 18238K(20480K)->18238K(20480K)
[2025-08-22T00:06:58.217+0000][1692535][info ][gc          ] GC(496) Pause Young (Concurrent Start) (G1 Evacuation Pause) 395M->95M(512M) 2.652ms
[2025-08-22T00:06:58.217+0000][1692535][info ][gc,cpu      ] GC(496) User=0.01s Sys=0.00s Real=0.01s
[2025-08-22T00:06:58.217+0000][1692535][info ][safepoint   ] Safepoint "G1CollectForAllocation", Time since last: 706939215485 ns, Reaching safepoint: 7902 ns, Cleanup: 4217 ns, At safepoint: 2689781 ns, Total: 2701900 ns
[2025-08-22T00:06:58.221+0000][1692535][info ][gc          ] GC(497) Concurrent Mark Cycle
[2025-08-22T00:06:58.221+0000][1692535][info ][gc,marking  ] GC(497) Concurrent Scan Root Regions
[2025-08-22T00:06:58.222+0000][1692535][info ][gc,marking  ] GC(497) Concurrent Scan Root Regions 0.658ms
[2025-08-22T00:06:58.222+0000][1692535][info ][gc,marking  ] GC(497) Concurrent Mark
[2025-08-22T00:06:58.222+0000][1692535][info ][gc,marking  ] GC(497) Concurrent Mark From Roots
[2025-08-22T00:06:58.222+0000][1692535][info ][gc,task     ] GC(497) Using 1 workers of 1 for marking
[2025-08-22T00:06:58.324+0000][1692535][info ][gc,marking  ] GC(497) Concurrent Mark From Roots 102.108ms
[2025-08-22T00:06:58.324+0000][1692535][info ][gc,marking  ] GC(497) Concurrent Preclean
[2025-08-22T00:06:58.324+0000][1692535][info ][gc,marking  ] GC(497) Concurrent Preclean 0.218ms
[2025-08-22T00:06:58.324+0000][1692535][info ][gc,start    ] GC(497) Pause Remark
[2025-08-22T00:06:58.335+0000][1692535][info ][gc          ] GC(497) Pause Remark 97M->97M(512M) 10.739ms
[2025-08-22T00:06:58.335+0000][1692535][info ][gc,cpu      ] GC(497) User=0.01s Sys=0.01s Real=0.01s
[2025-08-22T00:06:58.335+0000][1692535][info ][safepoint   ] Safepoint "G1PauseRemark", Time since last: 107003991 ns, Reaching safepoint: 5438 ns, Cleanup: 2895 ns, At safepoint: 10786397 ns, Total: 10794730 ns
[2025-08-22T00:06:58.335+0000][1692535][info ][gc,marking  ] GC(497) Concurrent Mark 113.187ms
[2025-08-22T00:06:58.335+0000][1692535][info ][gc,marking  ] GC(497) Concurrent Rebuild Remembered Sets and Scrub Regions
[2025-08-22T00:06:58.385+0000][1692535][info ][gc,marking  ] GC(497) Concurrent Rebuild Remembered Sets and Scrub Regions 49.422ms
[2025-08-22T00:06:58.385+0000][1692535][info ][gc,start    ] GC(497) Pause Cleanup
[2025-08-22T00:06:58.385+0000][1692535][info ][gc          ] GC(497) Pause Cleanup 97M->97M(512M) 0.036ms
[2025-08-22T00:06:58.385+0000][1692535][info ][gc,cpu      ] GC(497) User=0.00s Sys=0.00s Real=0.00s
[2025-08-22T00:06:58.385+0000][1692535][info ][safepoint   ] Safepoint "G1PauseCleanup", Time since last: 49470047 ns, Reaching safepoint: 3716 ns, Cleanup: 4637 ns, At safepoint: 57927 ns, Total: 66280 ns
[2025-08-22T00:06:58.385+0000][1692535][info ][gc,marking  ] GC(497) Concurrent Clear Claimed Marks
[2025-08-22T00:06:58.385+0000][1692535][info ][gc,marking  ] GC(497) Concurrent Clear Claimed Marks 0.144ms
[2025-08-22T00:06:58.385+0000][1692535][info ][gc,marking  ] GC(497) Concurrent Cleanup for Next Mark
[2025-08-22T00:06:58.385+0000][1692535][info ][gc,marking  ] GC(497) Concurrent Cleanup for Next Mark 0.242ms
[2025-08-22T00:06:58.385+0000][1692535][info ][gc          ] GC(497) Concurrent Mark Cycle 163.803ms
[2025-08-22T00:18:44.290+0000][1692535][info ][gc,start    ] GC(498) Pause Young (Prepare Mixed) (G1 Evacuation Pause)
[2025-08-22T00:18:44.291+0000][1692535][info ][gc,task     ] GC(498) Using 1 workers of 1 for evacuation
[2025-08-22T00:18:44.291+0000][1692535][debug][gc,age      ] GC(498) Desired survivor size 20971520 bytes, new threshold 15 (max threshold 15)
[2025-08-22T00:18:44.293+0000][1692535][info ][gc,phases   ] GC(498)   Pre Evacuate Collection Set: 0.0ms
[2025-08-22T00:18:44.293+0000][1692535][info ][gc,phases   ] GC(498)   Merge Heap Roots: 0.0ms
[2025-08-22T00:18:44.293+0000][1692535][info ][gc,phases   ] GC(498)   Evacuate Collection Set: 1.4ms
[2025-08-22T00:18:44.293+0000][1692535][info ][gc,phases   ] GC(498)   Post Evacuate Collection Set: 0.8ms
[2025-08-22T00:18:44.293+0000][1692535][info ][gc,phases   ] GC(498)   Other: 0.0ms
[2025-08-22T00:18:44.293+0000][1692535][trace][gc,age      ] GC(498) Age table with threshold 15 (max threshold 15)
[2025-08-22T00:18:44.293+0000][1692535][trace][gc,age      ] GC(498) - age   1:       9560 bytes,       9560 total
[2025-08-22T00:18:44.293+0000][1692535][trace][gc,age      ] GC(498) - age   3:        176 bytes,       9736 total
[2025-08-22T00:18:44.293+0000][1692535][trace][gc,age      ] GC(498) - age  10:       5536 bytes,      15272 total
[2025-08-22T00:18:44.293+0000][1692535][trace][gc,age      ] GC(498) - age  11:       5488 bytes,      20760 total
[2025-08-22T00:18:44.293+0000][1692535][trace][gc,age      ] GC(498) - age  12:       9312 bytes,      30072 total
[2025-08-22T00:18:44.293+0000][1692535][trace][gc,age      ] GC(498) - age  13:        176 bytes,      30248 total
[2025-08-22T00:18:44.293+0000][1692535][trace][gc,age      ] GC(498) - age  14:        144 bytes,      30392 total
[2025-08-22T00:18:44.293+0000][1692535][info ][gc,heap     ] GC(498) Eden regions: 75->0(75)
[2025-08-22T00:18:44.293+0000][1692535][info ][gc,heap     ] GC(498) Survivor regions: 1->1(10)
[2025-08-22T00:18:44.293+0000][1692535][info ][gc,heap     ] GC(498) Old regions: 24->24
[2025-08-22T00:18:44.293+0000][1692535][info ][gc,heap     ] GC(498) Humongous regions: 0->0
[2025-08-22T00:18:44.293+0000][1692535][info ][gc,metaspace] GC(498) Metaspace: 138321K(143872K)->138321K(143872K) NonClass: 120083K(123392K)->120083K(123392K) Class: 18238K(20480K)->18238K(20480K)
[2025-08-22T00:18:44.293+0000][1692535][info ][gc          ] GC(498) Pause Young (Prepare Mixed) (G1 Evacuation Pause) 395M->95M(512M) 2.845ms
[2025-08-22T00:18:44.293+0000][1692535][info ][gc,cpu      ] GC(498) User=0.00s Sys=0.00s Real=0.00s
[2025-08-22T00:18:44.293+0000][1692535][info ][safepoint   ] Safepoint "G1CollectForAllocation", Time since last: 705905448896 ns, Reaching safepoint: 267654 ns, Cleanup: 4347 ns, At safepoint: 2879999 ns, Total: 3152000 ns
[2025-08-22T00:30:27.377+0000][1692535][info ][gc,start    ] GC(499) Pause Young (Mixed) (G1 Evacuation Pause)
[2025-08-22T00:30:27.377+0000][1692535][info ][gc,task     ] GC(499) Using 1 workers of 1 for evacuation
[2025-08-22T00:30:27.377+0000][1692535][debug][gc,age      ] GC(499) Desired survivor size 20971520 bytes, new threshold 15 (max threshold 15)
[2025-08-22T00:30:27.384+0000][1692535][info ][gc,phases   ] GC(499)   Pre Evacuate Collection Set: 0.0ms
[2025-08-22T00:30:27.384+0000][1692535][info ][gc,phases   ] GC(499)   Merge Heap Roots: 0.2ms
[2025-08-22T00:30:27.384+0000][1692535][info ][gc,phases   ] GC(499)   Evacuate Collection Set: 5.5ms
[2025-08-22T00:30:27.384+0000][1692535][info ][gc,phases   ] GC(499)   Post Evacuate Collection Set: 0.8ms
[2025-08-22T00:30:27.384+0000][1692535][info ][gc,phases   ] GC(499)   Other: 0.0ms
[2025-08-22T00:30:27.384+0000][1692535][trace][gc,age      ] GC(499) Age table with threshold 15 (max threshold 15)
[2025-08-22T00:30:27.384+0000][1692535][trace][gc,age      ] GC(499) - age   1:      11072 bytes,      11072 total
[2025-08-22T00:30:27.384+0000][1692535][trace][gc,age      ] GC(499) - age   2:        176 bytes,      11248 total
[2025-08-22T00:30:27.384+0000][1692535][trace][gc,age      ] GC(499) - age   4:        176 bytes,      11424 total
[2025-08-22T00:30:27.384+0000][1692535][trace][gc,age      ] GC(499) - age  11:       5536 bytes,      16960 total
[2025-08-22T00:30:27.384+0000][1692535][trace][gc,age      ] GC(499) - age  12:       5488 bytes,      22448 total
[2025-08-22T00:30:27.384+0000][1692535][trace][gc,age      ] GC(499) - age  13:       9312 bytes,      31760 total
[2025-08-22T00:30:27.384+0000][1692535][trace][gc,age      ] GC(499) - age  14:        176 bytes,      31936 total
[2025-08-22T00:30:27.384+0000][1692535][trace][gc,age      ] GC(499) - age  15:        144 bytes,      32080 total
[2025-08-22T00:30:27.384+0000][1692535][info ][gc,heap     ] GC(499) Eden regions: 75->0(75)
[2025-08-22T00:30:27.384+0000][1692535][info ][gc,heap     ] GC(499) Survivor regions: 1->1(10)
[2025-08-22T00:30:27.384+0000][1692535][info ][gc,heap     ] GC(499) Old regions: 24->23
[2025-08-22T00:30:27.384+0000][1692535][info ][gc,heap     ] GC(499) Humongous regions: 0->0
[2025-08-22T00:30:27.384+0000][1692535][info ][gc,metaspace] GC(499) Metaspace: 138321K(143872K)->138321K(143872K) NonClass: 120083K(123392K)->120083K(123392K) Class: 18238K(20480K)->18238K(20480K)
[2025-08-22T00:30:27.384+0000][1692535][info ][gc          ] GC(499) Pause Young (Mixed) (G1 Evacuation Pause) 395M->91M(512M) 6.757ms
[2025-08-22T00:30:27.384+0000][1692535][info ][gc,cpu      ] GC(499) User=0.00s Sys=0.00s Real=0.00s
[2025-08-22T00:30:27.384+0000][1692535][info ][safepoint   ] Safepoint "G1CollectForAllocation", Time since last: 703083555862 ns, Reaching safepoint: 7942 ns, Cleanup: 2754 ns, At safepoint: 6791625 ns, Total: 6802321 ns
[2025-08-22T00:42:12.745+0000][1692535][info ][gc,start    ] GC(500) Pause Young (Concurrent Start) (G1 Evacuation Pause)
[2025-08-22T00:42:12.746+0000][1692535][info ][gc,task     ] GC(500) Using 1 workers of 1 for evacuation
[2025-08-22T00:42:12.746+0000][1692535][debug][gc,age      ] GC(500) Desired survivor size 20971520 bytes, new threshold 15 (max threshold 15)
[2025-08-22T00:42:12.748+0000][1692535][info ][gc,phases   ] GC(500)   Pre Evacuate Collection Set: 0.0ms
[2025-08-22T00:42:12.748+0000][1692535][info ][gc,phases   ] GC(500)   Merge Heap Roots: 0.0ms
[2025-08-22T00:42:12.748+0000][1692535][info ][gc,phases   ] GC(500)   Evacuate Collection Set: 1.3ms
[2025-08-22T00:42:12.748+0000][1692535][info ][gc,phases   ] GC(500)   Post Evacuate Collection Set: 0.7ms
[2025-08-22T00:42:12.748+0000][1692535][info ][gc,phases   ] GC(500)   Other: 0.0ms
[2025-08-22T00:42:12.748+0000][1692535][trace][gc,age      ] GC(500) Age table with threshold 15 (max threshold 15)
[2025-08-22T00:42:12.748+0000][1692535][trace][gc,age      ] GC(500) - age   1:      10880 bytes,      10880 total
[2025-08-22T00:42:12.748+0000][1692535][trace][gc,age      ] GC(500) - age   2:        176 bytes,      11056 total
[2025-08-22T00:42:12.748+0000][1692535][trace][gc,age      ] GC(500) - age   5:        176 bytes,      11232 total
[2025-08-22T00:42:12.748+0000][1692535][trace][gc,age      ] GC(500) - age  12:       5536 bytes,      16768 total
[2025-08-22T00:42:12.748+0000][1692535][trace][gc,age      ] GC(500) - age  13:       5488 bytes,      22256 total
[2025-08-22T00:42:12.748+0000][1692535][trace][gc,age      ] GC(500) - age  14:       9312 bytes,      31568 total
[2025-08-22T00:42:12.748+0000][1692535][trace][gc,age      ] GC(500) - age  15:        176 bytes,      31744 total
[2025-08-22T00:42:12.748+0000][1692535][info ][gc,heap     ] GC(500) Eden regions: 75->0(75)
[2025-08-22T00:42:12.748+0000][1692535][info ][gc,heap     ] GC(500) Survivor regions: 1->1(10)
[2025-08-22T00:42:12.748+0000][1692535][info ][gc,heap     ] GC(500) Old regions: 23->23
[2025-08-22T00:42:12.748+0000][1692535][info ][gc,heap     ] GC(500) Humongous regions: 0->0
[2025-08-22T00:42:12.748+0000][1692535][info ][gc,metaspace] GC(500) Metaspace: 138321K(143872K)->138321K(143872K) NonClass: 120083K(123392K)->120083K(123392K) Class: 18238K(20480K)->18238K(20480K)
[2025-08-22T00:42:12.748+0000][1692535][info ][gc          ] GC(500) Pause Young (Concurrent Start) (G1 Evacuation Pause) 391M->91M(512M) 2.337ms
[2025-08-22T00:42:12.748+0000][1692535][info ][gc,cpu      ] GC(500) User=0.00s Sys=0.00s Real=0.00s
[2025-08-22T00:42:12.748+0000][1692535][info ][safepoint   ] Safepoint "G1CollectForAllocation", Time since last: 705361769821 ns, Reaching safepoint: 9144 ns, Cleanup: 2975 ns, At safepoint: 2375406 ns, Total: 2387525 ns
[2025-08-22T00:42:12.754+0000][1692535][info ][gc          ] GC(501) Concurrent Mark Cycle
[2025-08-22T00:42:12.754+0000][1692535][info ][gc,marking  ] GC(501) Concurrent Scan Root Regions
[2025-08-22T00:42:12.755+0000][1692535][info ][gc,marking  ] GC(501) Concurrent Scan Root Regions 0.409ms
[2025-08-22T00:42:12.755+0000][1692535][info ][gc,marking  ] GC(501) Concurrent Mark
[2025-08-22T00:42:12.755+0000][1692535][info ][gc,marking  ] GC(501) Concurrent Mark From Roots
[2025-08-22T00:42:12.755+0000][1692535][info ][gc,task     ] GC(501) Using 1 workers of 1 for marking
[2025-08-22T00:42:12.852+0000][1692535][info ][gc,marking  ] GC(501) Concurrent Mark From Roots 97.171ms
[2025-08-22T00:42:12.852+0000][1692535][info ][gc,marking  ] GC(501) Concurrent Preclean
[2025-08-22T00:42:12.852+0000][1692535][info ][gc,marking  ] GC(501) Concurrent Preclean 0.224ms
[2025-08-22T00:42:12.852+0000][1692535][info ][gc,start    ] GC(501) Pause Remark
[2025-08-22T00:42:12.858+0000][1692535][info ][gc          ] GC(501) Pause Remark 91M->91M(512M) 5.653ms
[2025-08-22T00:42:12.858+0000][1692535][info ][gc,cpu      ] GC(501) User=0.00s Sys=0.00s Real=0.01s
[2025-08-22T00:42:12.858+0000][1692535][info ][safepoint   ] Safepoint "G1PauseRemark", Time since last: 104388673 ns, Reaching safepoint: 5168 ns, Cleanup: 2865 ns, At safepoint: 5689330 ns, Total: 5697363 ns
[2025-08-22T00:42:12.858+0000][1692535][info ][gc,marking  ] GC(501) Concurrent Mark 103.159ms
[2025-08-22T00:42:12.858+0000][1692535][info ][gc,marking  ] GC(501) Concurrent Rebuild Remembered Sets and Scrub Regions
[2025-08-22T00:42:12.912+0000][1692535][info ][gc,marking  ] GC(501) Concurrent Rebuild Remembered Sets and Scrub Regions 53.986ms
[2025-08-22T00:42:12.912+0000][1692535][info ][gc,start    ] GC(501) Pause Cleanup
[2025-08-22T00:42:12.912+0000][1692535][info ][gc          ] GC(501) Pause Cleanup 91M->91M(512M) 0.043ms
[2025-08-22T00:42:12.912+0000][1692535][info ][gc,cpu      ] GC(501) User=0.00s Sys=0.00s Real=0.00s
[2025-08-22T00:42:12.912+0000][1692535][info ][safepoint   ] Safepoint "G1PauseCleanup", Time since last: 54042943 ns, Reaching safepoint: 3936 ns, Cleanup: 1873 ns, At safepoint: 69635 ns, Total: 75444 ns
[2025-08-22T00:42:12.912+0000][1692535][info ][gc,marking  ] GC(501) Concurrent Clear Claimed Marks
[2025-08-22T00:42:12.912+0000][1692535][info ][gc,marking  ] GC(501) Concurrent Clear Claimed Marks 0.170ms
[2025-08-22T00:42:12.912+0000][1692535][info ][gc,marking  ] GC(501) Concurrent Cleanup for Next Mark
[2025-08-22T00:42:12.912+0000][1692535][info ][gc,marking  ] GC(501) Concurrent Cleanup for Next Mark 0.227ms
[2025-08-22T00:42:12.912+0000][1692535][info ][gc          ] GC(501) Concurrent Mark Cycle 158.110ms
[2025-08-22T00:53:58.117+0000][1692535][info ][gc,start    ] GC(502) Pause Young (Prepare Mixed) (G1 Evacuation Pause)
[2025-08-22T00:53:58.117+0000][1692535][info ][gc,task     ] GC(502) Using 1 workers of 1 for evacuation
[2025-08-22T00:53:58.117+0000][1692535][debug][gc,age      ] GC(502) Desired survivor size 20971520 bytes, new threshold 15 (max threshold 15)
[2025-08-22T00:53:58.120+0000][1692535][info ][gc,phases   ] GC(502)   Pre Evacuate Collection Set: 0.1ms
[2025-08-22T00:53:58.120+0000][1692535][info ][gc,phases   ] GC(502)   Merge Heap Roots: 0.0ms
[2025-08-22T00:53:58.120+0000][1692535][info ][gc,phases   ] GC(502)   Evacuate Collection Set: 1.7ms
[2025-08-22T00:53:58.120+0000][1692535][info ][gc,phases   ] GC(502)   Post Evacuate Collection Set: 1.0ms
[2025-08-22T00:53:58.120+0000][1692535][info ][gc,phases   ] GC(502)   Other: 0.0ms
[2025-08-22T00:53:58.120+0000][1692535][trace][gc,age      ] GC(502) Age table with threshold 15 (max threshold 15)
[2025-08-22T00:53:58.120+0000][1692535][trace][gc,age      ] GC(502) - age   1:      11240 bytes,      11240 total
[2025-08-22T00:53:58.120+0000][1692535][trace][gc,age      ] GC(502) - age  13:       5536 bytes,      16776 total
[2025-08-22T00:53:58.120+0000][1692535][trace][gc,age      ] GC(502) - age  14:       5488 bytes,      22264 total
[2025-08-22T00:53:58.120+0000][1692535][trace][gc,age      ] GC(502) - age  15:       9312 bytes,      31576 total
[2025-08-22T00:53:58.120+0000][1692535][info ][gc,heap     ] GC(502) Eden regions: 75->0(75)
[2025-08-22T00:53:58.120+0000][1692535][info ][gc,heap     ] GC(502) Survivor regions: 1->1(10)
[2025-08-22T00:53:58.120+0000][1692535][info ][gc,heap     ] GC(502) Old regions: 23->23
[2025-08-22T00:53:58.120+0000][1692535][info ][gc,heap     ] GC(502) Humongous regions: 0->0
[2025-08-22T00:53:58.120+0000][1692535][info ][gc,metaspace] GC(502) Metaspace: 138321K(143872K)->138321K(143872K) NonClass: 120083K(123392K)->120083K(123392K) Class: 18238K(20480K)->18238K(20480K)
[2025-08-22T00:53:58.120+0000][1692535][info ][gc          ] GC(502) Pause Young (Prepare Mixed) (G1 Evacuation Pause) 391M->91M(512M) 3.035ms
[2025-08-22T00:53:58.120+0000][1692535][info ][gc,cpu      ] GC(502) User=0.00s Sys=0.00s Real=0.00s
[2025-08-22T00:53:58.120+0000][1692535][info ][safepoint   ] Safepoint "G1CollectForAllocation", Time since last: 705205098902 ns, Reaching safepoint: 13060 ns, Cleanup: 3014 ns, At safepoint: 3070206 ns, Total: 3086280 ns
[2025-08-22T01:05:43.486+0000][1692535][info ][gc,start    ] GC(503) Pause Young (Mixed) (G1 Evacuation Pause)
[2025-08-22T01:05:43.486+0000][1692535][info ][gc,task     ] GC(503) Using 1 workers of 1 for evacuation
[2025-08-22T01:05:43.486+0000][1692535][debug][gc,age      ] GC(503) Desired survivor size 20971520 bytes, new threshold 15 (max threshold 15)
[2025-08-22T01:05:43.498+0000][1692535][info ][gc,phases   ] GC(503)   Pre Evacuate Collection Set: 0.1ms
[2025-08-22T01:05:43.498+0000][1692535][info ][gc,phases   ] GC(503)   Merge Heap Roots: 0.1ms
[2025-08-22T01:05:43.498+0000][1692535][info ][gc,phases   ] GC(503)   Evacuate Collection Set: 10.4ms
[2025-08-22T01:05:43.498+0000][1692535][info ][gc,phases   ] GC(503)   Post Evacuate Collection Set: 0.8ms
[2025-08-22T01:05:43.498+0000][1692535][info ][gc,phases   ] GC(503)   Other: 0.0ms
[2025-08-22T01:05:43.498+0000][1692535][trace][gc,age      ] GC(503) Age table with threshold 15 (max threshold 15)
[2025-08-22T01:05:43.498+0000][1692535][trace][gc,age      ] GC(503) - age   1:      11432 bytes,      11432 total
[2025-08-22T01:05:43.498+0000][1692535][trace][gc,age      ] GC(503) - age   2:        176 bytes,      11608 total
[2025-08-22T01:05:43.498+0000][1692535][trace][gc,age      ] GC(503) - age  14:       5536 bytes,      17144 total
[2025-08-22T01:05:43.498+0000][1692535][trace][gc,age      ] GC(503) - age  15:       5488 bytes,      22632 total
[2025-08-22T01:05:43.498+0000][1692535][info ][gc,heap     ] GC(503) Eden regions: 75->0(75)
[2025-08-22T01:05:43.498+0000][1692535][info ][gc,heap     ] GC(503) Survivor regions: 1->1(10)
[2025-08-22T01:05:43.498+0000][1692535][info ][gc,heap     ] GC(503) Old regions: 23->23
[2025-08-22T01:05:43.498+0000][1692535][info ][gc,heap     ] GC(503) Humongous regions: 0->0
[2025-08-22T01:05:43.498+0000][1692535][info ][gc,metaspace] GC(503) Metaspace: 138321K(143872K)->138321K(143872K) NonClass: 120083K(123392K)->120083K(123392K) Class: 18238K(20480K)->18238K(20480K)
[2025-08-22T01:05:43.498+0000][1692535][info ][gc          ] GC(503) Pause Young (Mixed) (G1 Evacuation Pause) 391M->88M(512M) 11.620ms
[2025-08-22T01:05:43.498+0000][1692535][info ][gc,cpu      ] GC(503) User=0.01s Sys=0.00s Real=0.01s
[2025-08-22T01:05:43.498+0000][1692535][info ][safepoint   ] Safepoint "G1CollectForAllocation", Time since last: 705365895899 ns, Reaching safepoint: 9374 ns, Cleanup: 3205 ns, At safepoint: 11658083 ns, Total: 11670662 ns
[2025-08-22T01:17:24.838+0000][1692535][info ][gc,start    ] GC(504) Pause Young (Concurrent Start) (G1 Evacuation Pause)
[2025-08-22T01:17:24.838+0000][1692535][info ][gc,task     ] GC(504) Using 1 workers of 1 for evacuation
[2025-08-22T01:17:24.838+0000][1692535][debug][gc,age      ] GC(504) Desired survivor size 20971520 bytes, new threshold 15 (max threshold 15)
[2025-08-22T01:17:24.840+0000][1692535][info ][gc,phases   ] GC(504)   Pre Evacuate Collection Set: 0.1ms
[2025-08-22T01:17:24.840+0000][1692535][info ][gc,phases   ] GC(504)   Merge Heap Roots: 0.0ms
[2025-08-22T01:17:24.840+0000][1692535][info ][gc,phases   ] GC(504)   Evacuate Collection Set: 1.2ms
[2025-08-22T01:17:24.840+0000][1692535][info ][gc,phases   ] GC(504)   Post Evacuate Collection Set: 0.7ms
[2025-08-22T01:17:24.840+0000][1692535][info ][gc,phases   ] GC(504)   Other: 0.1ms
[2025-08-22T01:17:24.840+0000][1692535][trace][gc,age      ] GC(504) Age table with threshold 15 (max threshold 15)
[2025-08-22T01:17:24.840+0000][1692535][trace][gc,age      ] GC(504) - age   1:      10208 bytes,      10208 total
[2025-08-22T01:17:24.840+0000][1692535][trace][gc,age      ] GC(504) - age   2:        192 bytes,      10400 total
[2025-08-22T01:17:24.840+0000][1692535][trace][gc,age      ] GC(504) - age   3:        176 bytes,      10576 total
[2025-08-22T01:17:24.840+0000][1692535][trace][gc,age      ] GC(504) - age  15:       5536 bytes,      16112 total
[2025-08-22T01:17:24.840+0000][1692535][info ][gc,heap     ] GC(504) Eden regions: 75->0(75)
[2025-08-22T01:17:24.840+0000][1692535][info ][gc,heap     ] GC(504) Survivor regions: 1->1(10)
[2025-08-22T01:17:24.840+0000][1692535][info ][gc,heap     ] GC(504) Old regions: 23->23
[2025-08-22T01:17:24.840+0000][1692535][info ][gc,heap     ] GC(504) Humongous regions: 0->0
[2025-08-22T01:17:24.840+0000][1692535][info ][gc,metaspace] GC(504) Metaspace: 138321K(143872K)->138321K(143872K) NonClass: 120083K(123392K)->120083K(123392K) Class: 18238K(20480K)->18238K(20480K)
[2025-08-22T01:17:24.840+0000][1692535][info ][gc          ] GC(504) Pause Young (Concurrent Start) (G1 Evacuation Pause) 388M->89M(512M) 2.820ms
[2025-08-22T01:17:24.840+0000][1692535][info ][gc,cpu      ] GC(504) User=0.01s Sys=0.00s Real=0.00s
[2025-08-22T01:17:24.840+0000][1692535][info ][safepoint   ] Safepoint "G1CollectForAllocation", Time since last: 701339785604 ns, Reaching safepoint: 7601 ns, Cleanup: 3405 ns, At safepoint: 2861441 ns, Total: 2872447 ns
[2025-08-22T01:17:24.840+0000][1692535][info ][gc          ] GC(505) Concurrent Mark Cycle
[2025-08-22T01:17:24.840+0000][1692535][info ][gc,marking  ] GC(505) Concurrent Scan Root Regions
[2025-08-22T01:17:24.847+0000][1692535][info ][gc,marking  ] GC(505) Concurrent Scan Root Regions 6.315ms
[2025-08-22T01:17:24.847+0000][1692535][info ][gc,marking  ] GC(505) Concurrent Mark
[2025-08-22T01:17:24.847+0000][1692535][info ][gc,marking  ] GC(505) Concurrent Mark From Roots
[2025-08-22T01:17:24.847+0000][1692535][info ][gc,task     ] GC(505) Using 1 workers of 1 for marking
[2025-08-22T01:17:24.943+0000][1692535][info ][gc,marking  ] GC(505) Concurrent Mark From Roots 96.589ms
[2025-08-22T01:17:24.943+0000][1692535][info ][gc,marking  ] GC(505) Concurrent Preclean
[2025-08-22T01:17:24.944+0000][1692535][info ][gc,marking  ] GC(505) Concurrent Preclean 0.239ms
[2025-08-22T01:17:24.944+0000][1692535][info ][gc,start    ] GC(505) Pause Remark
[2025-08-22T01:17:24.949+0000][1692535][info ][gc          ] GC(505) Pause Remark 91M->91M(512M) 5.691ms
[2025-08-22T01:17:24.949+0000][1692535][info ][gc,cpu      ] GC(505) User=0.00s Sys=0.00s Real=0.01s
[2025-08-22T01:17:24.949+0000][1692535][info ][safepoint   ] Safepoint "G1PauseRemark", Time since last: 103240273 ns, Reaching safepoint: 4967 ns, Cleanup: 2795 ns, At safepoint: 5737083 ns, Total: 5744845 ns
[2025-08-22T01:17:24.949+0000][1692535][info ][gc,marking  ] GC(505) Concurrent Mark 102.642ms
[2025-08-22T01:17:24.949+0000][1692535][info ][gc,marking  ] GC(505) Concurrent Rebuild Remembered Sets and Scrub Regions
[2025-08-22T01:17:25.009+0000][1692535][info ][gc,marking  ] GC(505) Concurrent Rebuild Remembered Sets and Scrub Regions 59.561ms
[2025-08-22T01:17:25.009+0000][1692535][info ][gc,start    ] GC(505) Pause Cleanup
[2025-08-22T01:17:25.009+0000][1692535][info ][gc          ] GC(505) Pause Cleanup 91M->91M(512M) 0.045ms
[2025-08-22T01:17:25.009+0000][1692535][info ][gc,cpu      ] GC(505) User=0.00s Sys=0.00s Real=0.00s
[2025-08-22T01:17:25.009+0000][1692535][info ][safepoint   ] Safepoint "G1PauseCleanup", Time since last: 59627117 ns, Reaching safepoint: 4256 ns, Cleanup: 2073 ns, At safepoint: 73611 ns, Total: 79940 ns
[2025-08-22T01:17:25.009+0000][1692535][info ][gc,marking  ] GC(505) Concurrent Clear Claimed Marks
[2025-08-22T01:17:25.009+0000][1692535][info ][gc,marking  ] GC(505) Concurrent Clear Claimed Marks 0.171ms
[2025-08-22T01:17:25.009+0000][1692535][info ][gc,marking  ] GC(505) Concurrent Cleanup for Next Mark
[2025-08-22T01:17:25.010+0000][1692535][info ][gc,marking  ] GC(505) Concurrent Cleanup for Next Mark 0.235ms
[2025-08-22T01:17:25.010+0000][1692535][info ][gc          ] GC(505) Concurrent Mark Cycle 169.099ms
[2025-08-22T01:29:10.395+0000][1692535][info ][gc,start    ] GC(506) Pause Young (Prepare Mixed) (G1 Evacuation Pause)
[2025-08-22T01:29:10.395+0000][1692535][info ][gc,task     ] GC(506) Using 1 workers of 1 for evacuation
[2025-08-22T01:29:10.395+0000][1692535][debug][gc,age      ] GC(506) Desired survivor size 20971520 bytes, new threshold 15 (max threshold 15)
[2025-08-22T01:29:10.397+0000][1692535][info ][gc,phases   ] GC(506)   Pre Evacuate Collection Set: 0.0ms
[2025-08-22T01:29:10.397+0000][1692535][info ][gc,phases   ] GC(506)   Merge Heap Roots: 0.0ms
[2025-08-22T01:29:10.397+0000][1692535][info ][gc,phases   ] GC(506)   Evacuate Collection Set: 1.5ms
[2025-08-22T01:29:10.397+0000][1692535][info ][gc,phases   ] GC(506)   Post Evacuate Collection Set: 0.8ms
[2025-08-22T01:29:10.397+0000][1692535][info ][gc,phases   ] GC(506)   Other: 0.0ms
[2025-08-22T01:29:10.397+0000][1692535][trace][gc,age      ] GC(506) Age table with threshold 15 (max threshold 15)
[2025-08-22T01:29:10.397+0000][1692535][trace][gc,age      ] GC(506) - age   1:       9792 bytes,       9792 total
[2025-08-22T01:29:10.397+0000][1692535][trace][gc,age      ] GC(506) - age   2:        176 bytes,       9968 total
[2025-08-22T01:29:10.397+0000][1692535][trace][gc,age      ] GC(506) - age   3:        192 bytes,      10160 total
[2025-08-22T01:29:10.397+0000][1692535][trace][gc,age      ] GC(506) - age   4:        176 bytes,      10336 total
[2025-08-22T01:29:10.397+0000][1692535][info ][gc,heap     ] GC(506) Eden regions: 75->0(75)
[2025-08-22T01:29:10.397+0000][1692535][info ][gc,heap     ] GC(506) Survivor regions: 1->1(10)
[2025-08-22T01:29:10.397+0000][1692535][info ][gc,heap     ] GC(506) Old regions: 23->23
[2025-08-22T01:29:10.397+0000][1692535][info ][gc,heap     ] GC(506) Humongous regions: 0->0
[2025-08-22T01:29:10.397+0000][1692535][info ][gc,metaspace] GC(506) Metaspace: 138321K(143872K)->138321K(143872K) NonClass: 120083K(123392K)->120083K(123392K) Class: 18238K(20480K)->18238K(20480K)
[2025-08-22T01:29:10.397+0000][1692535][info ][gc          ] GC(506) Pause Young (Prepare Mixed) (G1 Evacuation Pause) 389M->89M(512M) 2.829ms
[2025-08-22T01:29:10.397+0000][1692535][info ][gc,cpu      ] GC(506) User=0.01s Sys=0.00s Real=0.01s
[2025-08-22T01:29:10.397+0000][1692535][info ][safepoint   ] Safepoint "G1CollectForAllocation", Time since last: 705385422305 ns, Reaching safepoint: 8142 ns, Cleanup: 3876 ns, At safepoint: 2863744 ns, Total: 2875762 ns
[2025-08-22T01:32:06.415+0000][1692535][info ][safepoint   ] Safepoint "Cleanup", Time since last: 176017663437 ns, Reaching safepoint: 15243 ns, Cleanup: 14682 ns, At safepoint: 2494 ns, Total: 32419 ns
[2025-08-22T01:35:08.439+0000][1692535][info ][safepoint   ] Safepoint "Cleanup", Time since last: 182023828770 ns, Reaching safepoint: 43897 ns, Cleanup: 15793 ns, At safepoint: 2765 ns, Total: 62455 ns
[2025-08-22T01:38:27.473+0000][1692535][info ][safepoint   ] Safepoint "Cleanup", Time since last: 199034184210 ns, Reaching safepoint: 43846 ns, Cleanup: 10366 ns, At safepoint: 4887 ns, Total: 59099 ns
[2025-08-22T01:40:57.044+0000][1692535][info ][gc,start    ] GC(507) Pause Young (Mixed) (G1 Evacuation Pause)
[2025-08-22T01:40:57.044+0000][1692535][info ][gc,task     ] GC(507) Using 1 workers of 1 for evacuation
[2025-08-22T01:40:57.044+0000][1692535][debug][gc,age      ] GC(507) Desired survivor size 20971520 bytes, new threshold 15 (max threshold 15)
[2025-08-22T01:40:57.052+0000][1692535][info ][gc,phases   ] GC(507)   Pre Evacuate Collection Set: 0.0ms
[2025-08-22T01:40:57.052+0000][1692535][info ][gc,phases   ] GC(507)   Merge Heap Roots: 0.1ms
[2025-08-22T01:40:57.052+0000][1692535][info ][gc,phases   ] GC(507)   Evacuate Collection Set: 6.6ms
[2025-08-22T01:40:57.052+0000][1692535][info ][gc,phases   ] GC(507)   Post Evacuate Collection Set: 0.8ms
[2025-08-22T01:40:57.052+0000][1692535][info ][gc,phases   ] GC(507)   Other: 0.0ms
[2025-08-22T01:40:57.052+0000][1692535][trace][gc,age      ] GC(507) Age table with threshold 15 (max threshold 15)
[2025-08-22T01:40:57.052+0000][1692535][trace][gc,age      ] GC(507) - age   1:      27016 bytes,      27016 total
[2025-08-22T01:40:57.052+0000][1692535][trace][gc,age      ] GC(507) - age   2:        176 bytes,      27192 total
[2025-08-22T01:40:57.052+0000][1692535][trace][gc,age      ] GC(507) - age   4:        192 bytes,      27384 total
[2025-08-22T01:40:57.052+0000][1692535][trace][gc,age      ] GC(507) - age   5:        176 bytes,      27560 total
[2025-08-22T01:40:57.052+0000][1692535][info ][gc,heap     ] GC(507) Eden regions: 75->0(75)
[2025-08-22T01:40:57.052+0000][1692535][info ][gc,heap     ] GC(507) Survivor regions: 1->1(10)
[2025-08-22T01:40:57.052+0000][1692535][info ][gc,heap     ] GC(507) Old regions: 23->22
[2025-08-22T01:40:57.052+0000][1692535][info ][gc,heap     ] GC(507) Humongous regions: 0->0
[2025-08-22T01:40:57.052+0000][1692535][info ][gc,metaspace] GC(507) Metaspace: 138326K(143872K)->138326K(143872K) NonClass: 120088K(123392K)->120088K(123392K) Class: 18238K(20480K)->18238K(20480K)
[2025-08-22T01:40:57.052+0000][1692535][info ][gc          ] GC(507) Pause Young (Mixed) (G1 Evacuation Pause) 389M->86M(512M) 8.097ms
[2025-08-22T01:40:57.052+0000][1692535][info ][gc,cpu      ] GC(507) User=0.01s Sys=0.00s Real=0.01s
[2025-08-22T01:40:57.052+0000][1692535][info ][safepoint   ] Safepoint "G1CollectForAllocation", Time since last: 149570348940 ns, Reaching safepoint: 7071 ns, Cleanup: 3475 ns, At safepoint: 8133722 ns, Total: 8144268 ns
[2025-08-22T01:40:58.052+0000][1692535][info ][safepoint   ] Safepoint "Cleanup", Time since last: 1000070498 ns, Reaching safepoint: 4096 ns, Cleanup: 8213 ns, At safepoint: 2323 ns, Total: 14632 ns
[2025-08-22T01:52:43.517+0000][1692535][info ][gc,start    ] GC(508) Pause Young (Concurrent Start) (G1 Evacuation Pause)
[2025-08-22T01:52:43.518+0000][1692535][info ][gc,task     ] GC(508) Using 1 workers of 1 for evacuation
[2025-08-22T01:52:43.518+0000][1692535][debug][gc,age      ] GC(508) Desired survivor size 20971520 bytes, new threshold 15 (max threshold 15)
[2025-08-22T01:52:43.520+0000][1692535][info ][gc,phases   ] GC(508)   Pre Evacuate Collection Set: 0.0ms
[2025-08-22T01:52:43.520+0000][1692535][info ][gc,phases   ] GC(508)   Merge Heap Roots: 0.0ms
[2025-08-22T01:52:43.520+0000][1692535][info ][gc,phases   ] GC(508)   Evacuate Collection Set: 1.4ms
[2025-08-22T01:52:43.520+0000][1692535][info ][gc,phases   ] GC(508)   Post Evacuate Collection Set: 0.8ms
[2025-08-22T01:52:43.520+0000][1692535][info ][gc,phases   ] GC(508)   Other: 0.1ms
[2025-08-22T01:52:43.520+0000][1692535][trace][gc,age      ] GC(508) Age table with threshold 15 (max threshold 15)
[2025-08-22T01:52:43.520+0000][1692535][trace][gc,age      ] GC(508) - age   1:     114656 bytes,     114656 total
[2025-08-22T01:52:43.520+0000][1692535][trace][gc,age      ] GC(508) - age   2:       2560 bytes,     117216 total
[2025-08-22T01:52:43.520+0000][1692535][trace][gc,age      ] GC(508) - age   5:        192 bytes,     117408 total
[2025-08-22T01:52:43.520+0000][1692535][info ][gc,heap     ] GC(508) Eden regions: 75->0(75)
[2025-08-22T01:52:43.520+0000][1692535][info ][gc,heap     ] GC(508) Survivor regions: 1->1(10)
[2025-08-22T01:52:43.520+0000][1692535][info ][gc,heap     ] GC(508) Old regions: 22->22
[2025-08-22T01:52:43.520+0000][1692535][info ][gc,heap     ] GC(508) Humongous regions: 0->0
[2025-08-22T01:52:43.520+0000][1692535][info ][gc,metaspace] GC(508) Metaspace: 138326K(143872K)->138326K(143872K) NonClass: 120088K(123392K)->120088K(123392K) Class: 18238K(20480K)->18238K(20480K)
[2025-08-22T01:52:43.520+0000][1692535][info ][gc          ] GC(508) Pause Young (Concurrent Start) (G1 Evacuation Pause) 386M->86M(512M) 2.635ms
[2025-08-22T01:52:43.520+0000][1692535][info ][gc,cpu      ] GC(508) User=0.00s Sys=0.00s Real=0.00s
[2025-08-22T01:52:43.520+0000][1692535][info ][safepoint   ] Safepoint "G1CollectForAllocation", Time since last: 705465548623 ns, Reaching safepoint: 9364 ns, Cleanup: 4117 ns, At safepoint: 2672746 ns, Total: 2686227 ns
[2025-08-22T01:52:43.525+0000][1692535][info ][gc          ] GC(509) Concurrent Mark Cycle
[2025-08-22T01:52:43.525+0000][1692535][info ][gc,marking  ] GC(509) Concurrent Scan Root Regions
[2025-08-22T01:52:43.526+0000][1692535][info ][gc,marking  ] GC(509) Concurrent Scan Root Regions 0.630ms
[2025-08-22T01:52:43.526+0000][1692535][info ][gc,marking  ] GC(509) Concurrent Mark
[2025-08-22T01:52:43.526+0000][1692535][info ][gc,marking  ] GC(509) Concurrent Mark From Roots
[2025-08-22T01:52:43.526+0000][1692535][info ][gc,task     ] GC(509) Using 1 workers of 1 for marking
[2025-08-22T01:52:43.626+0000][1692535][info ][gc,marking  ] GC(509) Concurrent Mark From Roots 99.906ms
[2025-08-22T01:52:43.626+0000][1692535][info ][gc,marking  ] GC(509) Concurrent Preclean
[2025-08-22T01:52:43.626+0000][1692535][info ][gc,marking  ] GC(509) Concurrent Preclean 0.225ms
[2025-08-22T01:52:43.626+0000][1692535][info ][gc,start    ] GC(509) Pause Remark
[2025-08-22T01:52:43.633+0000][1692535][info ][gc          ] GC(509) Pause Remark 88M->88M(512M) 6.709ms
[2025-08-22T01:52:43.633+0000][1692535][info ][gc,cpu      ] GC(509) User=0.00s Sys=0.00s Real=0.00s
[2025-08-22T01:52:43.633+0000][1692535][info ][safepoint   ] Safepoint "G1PauseRemark", Time since last: 106086636 ns, Reaching safepoint: 4386 ns, Cleanup: 2514 ns, At safepoint: 6755992 ns, Total: 6762892 ns
[2025-08-22T01:52:43.633+0000][1692535][info ][gc,marking  ] GC(509) Concurrent Mark 106.961ms
[2025-08-22T01:52:43.633+0000][1692535][info ][gc,marking  ] GC(509) Concurrent Rebuild Remembered Sets and Scrub Regions
[2025-08-22T01:52:43.682+0000][1692535][info ][gc,marking  ] GC(509) Concurrent Rebuild Remembered Sets and Scrub Regions 49.309ms
[2025-08-22T01:52:43.682+0000][1692535][info ][gc,start    ] GC(509) Pause Cleanup
[2025-08-22T01:52:43.682+0000][1692535][info ][gc          ] GC(509) Pause Cleanup 88M->88M(512M) 0.041ms
[2025-08-22T01:52:43.682+0000][1692535][info ][gc,cpu      ] GC(509) User=0.00s Sys=0.00s Real=0.00s
[2025-08-22T01:52:43.682+0000][1692535][info ][safepoint   ] Safepoint "G1PauseCleanup", Time since last: 49365434 ns, Reaching safepoint: 4026 ns, Cleanup: 1903 ns, At safepoint: 66881 ns, Total: 72810 ns
[2025-08-22T01:52:43.682+0000][1692535][info ][gc,marking  ] GC(509) Concurrent Clear Claimed Marks
[2025-08-22T01:52:43.683+0000][1692535][info ][gc,marking  ] GC(509) Concurrent Clear Claimed Marks 0.151ms
[2025-08-22T01:52:43.683+0000][1692535][info ][gc,marking  ] GC(509) Concurrent Cleanup for Next Mark
[2025-08-22T01:52:43.683+0000][1692535][info ][gc,marking  ] GC(509) Concurrent Cleanup for Next Mark 0.279ms
[2025-08-22T01:52:43.683+0000][1692535][info ][gc          ] GC(509) Concurrent Mark Cycle 157.490ms
[2025-08-22T02:04:30.319+0000][1692535][info ][gc,start    ] GC(510) Pause Young (Normal) (G1 Evacuation Pause)
[2025-08-22T02:04:30.319+0000][1692535][info ][gc,task     ] GC(510) Using 1 workers of 1 for evacuation
[2025-08-22T02:04:30.319+0000][1692535][debug][gc,age      ] GC(510) Desired survivor size 20971520 bytes, new threshold 15 (max threshold 15)
[2025-08-22T02:04:30.321+0000][1692535][info ][gc,phases   ] GC(510)   Pre Evacuate Collection Set: 0.0ms
[2025-08-22T02:04:30.321+0000][1692535][info ][gc,phases   ] GC(510)   Merge Heap Roots: 0.0ms
[2025-08-22T02:04:30.321+0000][1692535][info ][gc,phases   ] GC(510)   Evacuate Collection Set: 1.4ms
[2025-08-22T02:04:30.321+0000][1692535][info ][gc,phases   ] GC(510)   Post Evacuate Collection Set: 0.7ms
[2025-08-22T02:04:30.321+0000][1692535][info ][gc,phases   ] GC(510)   Other: 0.0ms
[2025-08-22T02:04:30.321+0000][1692535][trace][gc,age      ] GC(510) Age table with threshold 15 (max threshold 15)
[2025-08-22T02:04:30.321+0000][1692535][trace][gc,age      ] GC(510) - age   1:      11056 bytes,      11056 total
[2025-08-22T02:04:30.321+0000][1692535][trace][gc,age      ] GC(510) - age   2:        176 bytes,      11232 total
[2025-08-22T02:04:30.321+0000][1692535][trace][gc,age      ] GC(510) - age   3:       2536 bytes,      13768 total
[2025-08-22T02:04:30.321+0000][1692535][trace][gc,age      ] GC(510) - age   6:        192 bytes,      13960 total
[2025-08-22T02:04:30.321+0000][1692535][info ][gc,heap     ] GC(510) Eden regions: 75->0(75)
[2025-08-22T02:04:30.321+0000][1692535][info ][gc,heap     ] GC(510) Survivor regions: 1->1(10)
[2025-08-22T02:04:30.321+0000][1692535][info ][gc,heap     ] GC(510) Old regions: 22->22
[2025-08-22T02:04:30.321+0000][1692535][info ][gc,heap     ] GC(510) Humongous regions: 0->0
[2025-08-22T02:04:30.321+0000][1692535][info ][gc,metaspace] GC(510) Metaspace: 138326K(143872K)->138326K(143872K) NonClass: 120088K(123392K)->120088K(123392K) Class: 18238K(20480K)->18238K(20480K)
[2025-08-22T02:04:30.321+0000][1692535][info ][gc          ] GC(510) Pause Young (Normal) (G1 Evacuation Pause) 386M->86M(512M) 2.485ms
[2025-08-22T02:04:30.321+0000][1692535][info ][gc,cpu      ] GC(510) User=0.00s Sys=0.00s Real=0.00s
[2025-08-22T02:04:30.321+0000][1692535][info ][safepoint   ] Safepoint "G1CollectForAllocation", Time since last: 706636428111 ns, Reaching safepoint: 7322 ns, Cleanup: 2864 ns, At safepoint: 2520346 ns, Total: 2530532 ns
[2025-08-22T02:16:15.681+0000][1692535][info ][gc,start    ] GC(511) Pause Young (Concurrent Start) (G1 Evacuation Pause)
[2025-08-22T02:16:15.681+0000][1692535][info ][gc,task     ] GC(511) Using 1 workers of 1 for evacuation
[2025-08-22T02:16:15.681+0000][1692535][debug][gc,age      ] GC(511) Desired survivor size 20971520 bytes, new threshold 15 (max threshold 15)
[2025-08-22T02:16:15.683+0000][1692535][info ][gc,phases   ] GC(511)   Pre Evacuate Collection Set: 0.0ms
[2025-08-22T02:16:15.683+0000][1692535][info ][gc,phases   ] GC(511)   Merge Heap Roots: 0.0ms
[2025-08-22T02:16:15.683+0000][1692535][info ][gc,phases   ] GC(511)   Evacuate Collection Set: 1.2ms
[2025-08-22T02:16:15.683+0000][1692535][info ][gc,phases   ] GC(511)   Post Evacuate Collection Set: 0.7ms
[2025-08-22T02:16:15.683+0000][1692535][info ][gc,phases   ] GC(511)   Other: 0.0ms
[2025-08-22T02:16:15.683+0000][1692535][trace][gc,age      ] GC(511) Age table with threshold 15 (max threshold 15)
[2025-08-22T02:16:15.683+0000][1692535][trace][gc,age      ] GC(511) - age   1:      10880 bytes,      10880 total
[2025-08-22T02:16:15.683+0000][1692535][trace][gc,age      ] GC(511) - age   2:        176 bytes,      11056 total
[2025-08-22T02:16:15.683+0000][1692535][trace][gc,age      ] GC(511) - age   3:        176 bytes,      11232 total
[2025-08-22T02:16:15.683+0000][1692535][trace][gc,age      ] GC(511) - age   4:       2536 bytes,      13768 total
[2025-08-22T02:16:15.683+0000][1692535][trace][gc,age      ] GC(511) - age   7:        192 bytes,      13960 total
[2025-08-22T02:16:15.683+0000][1692535][info ][gc,heap     ] GC(511) Eden regions: 75->0(75)
[2025-08-22T02:16:15.683+0000][1692535][info ][gc,heap     ] GC(511) Survivor regions: 1->1(10)
[2025-08-22T02:16:15.683+0000][1692535][info ][gc,heap     ] GC(511) Old regions: 22->22
[2025-08-22T02:16:15.683+0000][1692535][info ][gc,heap     ] GC(511) Humongous regions: 0->0
[2025-08-22T02:16:15.683+0000][1692535][info ][gc,metaspace] GC(511) Metaspace: 138326K(143872K)->138326K(143872K) NonClass: 120088K(123392K)->120088K(123392K) Class: 18238K(20480K)->18238K(20480K)
[2025-08-22T02:16:15.683+0000][1692535][info ][gc          ] GC(511) Pause Young (Concurrent Start) (G1 Evacuation Pause) 386M->86M(512M) 2.262ms
[2025-08-22T02:16:15.683+0000][1692535][info ][gc,cpu      ] GC(511) User=0.00s Sys=0.00s Real=0.00s
[2025-08-22T02:16:15.683+0000][1692535][info ][safepoint   ] Safepoint "G1CollectForAllocation", Time since last: 705359428176 ns, Reaching safepoint: 7211 ns, Cleanup: 3214 ns, At safepoint: 2298902 ns, Total: 2309327 ns
[2025-08-22T02:16:15.689+0000][1692535][info ][gc          ] GC(512) Concurrent Mark Cycle
[2025-08-22T02:16:15.689+0000][1692535][info ][gc,marking  ] GC(512) Concurrent Scan Root Regions
[2025-08-22T02:16:15.690+0000][1692535][info ][gc,marking  ] GC(512) Concurrent Scan Root Regions 0.396ms
[2025-08-22T02:16:15.690+0000][1692535][info ][gc,marking  ] GC(512) Concurrent Mark
[2025-08-22T02:16:15.690+0000][1692535][info ][gc,marking  ] GC(512) Concurrent Mark From Roots
[2025-08-22T02:16:15.690+0000][1692535][info ][gc,task     ] GC(512) Using 1 workers of 1 for marking
[2025-08-22T02:16:15.792+0000][1692535][info ][gc,marking  ] GC(512) Concurrent Mark From Roots 102.714ms
[2025-08-22T02:16:15.793+0000][1692535][info ][gc,marking  ] GC(512) Concurrent Preclean
[2025-08-22T02:16:15.793+0000][1692535][info ][gc,marking  ] GC(512) Concurrent Preclean 0.224ms
[2025-08-22T02:16:15.793+0000][1692535][info ][gc,start    ] GC(512) Pause Remark
[2025-08-22T02:16:15.799+0000][1692535][info ][gc          ] GC(512) Pause Remark 87M->87M(512M) 6.585ms
[2025-08-22T02:16:15.799+0000][1692535][info ][gc,cpu      ] GC(512) User=0.01s Sys=0.00s Real=0.01s
[2025-08-22T02:16:15.799+0000][1692535][info ][safepoint   ] Safepoint "G1PauseRemark", Time since last: 109680227 ns, Reaching safepoint: 4987 ns, Cleanup: 2885 ns, At safepoint: 6631453 ns, Total: 6639325 ns
[2025-08-22T02:16:15.799+0000][1692535][info ][gc,marking  ] GC(512) Concurrent Mark 109.649ms
[2025-08-22T02:16:15.799+0000][1692535][info ][gc,marking  ] GC(512) Concurrent Rebuild Remembered Sets and Scrub Regions
[2025-08-22T02:16:15.841+0000][1692535][info ][gc,marking  ] GC(512) Concurrent Rebuild Remembered Sets and Scrub Regions 41.646ms
[2025-08-22T02:16:15.841+0000][1692535][info ][gc,start    ] GC(512) Pause Cleanup
[2025-08-22T02:16:15.841+0000][1692535][info ][gc          ] GC(512) Pause Cleanup 87M->87M(512M) 0.034ms
[2025-08-22T02:16:15.841+0000][1692535][info ][gc,cpu      ] GC(512) User=0.00s Sys=0.00s Real=0.00s
[2025-08-22T02:16:15.841+0000][1692535][info ][safepoint   ] Safepoint "G1PauseCleanup", Time since last: 41694889 ns, Reaching safepoint: 3566 ns, Cleanup: 1692 ns, At safepoint: 59390 ns, Total: 64648 ns
[2025-08-22T02:16:15.841+0000][1692535][info ][gc,marking  ] GC(512) Concurrent Clear Claimed Marks
[2025-08-22T02:16:15.841+0000][1692535][info ][gc,marking  ] GC(512) Concurrent Clear Claimed Marks 0.138ms
[2025-08-22T02:16:15.841+0000][1692535][info ][gc,marking  ] GC(512) Concurrent Cleanup for Next Mark
[2025-08-22T02:16:15.857+0000][1692535][info ][gc,marking  ] GC(512) Concurrent Cleanup for Next Mark 15.278ms
[2025-08-22T02:16:15.857+0000][1692535][info ][gc          ] GC(512) Concurrent Mark Cycle 167.252ms
[2025-08-22T02:28:01.057+0000][1692535][info ][gc,start    ] GC(513) Pause Young (Normal) (G1 Evacuation Pause)
[2025-08-22T02:28:01.057+0000][1692535][info ][gc,task     ] GC(513) Using 1 workers of 1 for evacuation
[2025-08-22T02:28:01.057+0000][1692535][debug][gc,age      ] GC(513) Desired survivor size 20971520 bytes, new threshold 15 (max threshold 15)
[2025-08-22T02:28:01.059+0000][1692535][info ][gc,phases   ] GC(513)   Pre Evacuate Collection Set: 0.0ms
[2025-08-22T02:28:01.059+0000][1692535][info ][gc,phases   ] GC(513)   Merge Heap Roots: 0.0ms
[2025-08-22T02:28:01.059+0000][1692535][info ][gc,phases   ] GC(513)   Evacuate Collection Set: 1.4ms
[2025-08-22T02:28:01.059+0000][1692535][info ][gc,phases   ] GC(513)   Post Evacuate Collection Set: 0.7ms
[2025-08-22T02:28:01.059+0000][1692535][info ][gc,phases   ] GC(513)   Other: 0.0ms
[2025-08-22T02:28:01.059+0000][1692535][trace][gc,age      ] GC(513) Age table with threshold 15 (max threshold 15)
[2025-08-22T02:28:01.059+0000][1692535][trace][gc,age      ] GC(513) - age   1:      10880 bytes,      10880 total
[2025-08-22T02:28:01.059+0000][1692535][trace][gc,age      ] GC(513) - age   2:        176 bytes,      11056 total
[2025-08-22T02:28:01.059+0000][1692535][trace][gc,age      ] GC(513) - age   4:        176 bytes,      11232 total
[2025-08-22T02:28:01.059+0000][1692535][trace][gc,age      ] GC(513) - age   5:       2536 bytes,      13768 total
[2025-08-22T02:28:01.059+0000][1692535][trace][gc,age      ] GC(513) - age   8:        192 bytes,      13960 total
[2025-08-22T02:28:01.059+0000][1692535][info ][gc,heap     ] GC(513) Eden regions: 75->0(75)
[2025-08-22T02:28:01.059+0000][1692535][info ][gc,heap     ] GC(513) Survivor regions: 1->1(10)
[2025-08-22T02:28:01.059+0000][1692535][info ][gc,heap     ] GC(513) Old regions: 22->22
[2025-08-22T02:28:01.059+0000][1692535][info ][gc,heap     ] GC(513) Humongous regions: 0->0
[2025-08-22T02:28:01.059+0000][1692535][info ][gc,metaspace] GC(513) Metaspace: 138326K(143872K)->138326K(143872K) NonClass: 120088K(123392K)->120088K(123392K) Class: 18238K(20480K)->18238K(20480K)
[2025-08-22T02:28:01.059+0000][1692535][info ][gc          ] GC(513) Pause Young (Normal) (G1 Evacuation Pause) 386M->86M(512M) 2.449ms
[2025-08-22T02:28:01.059+0000][1692535][info ][gc,cpu      ] GC(513) User=0.00s Sys=0.00s Real=0.00s
[2025-08-22T02:28:01.059+0000][1692535][info ][safepoint   ] Safepoint "G1CollectForAllocation", Time since last: 705215492644 ns, Reaching safepoint: 7341 ns, Cleanup: 2854 ns, At safepoint: 2482989 ns, Total: 2493184 ns
[2025-08-22T02:39:45.613+0000][1692535][info ][gc,start    ] GC(514) Pause Young (Concurrent Start) (G1 Evacuation Pause)
[2025-08-22T02:39:45.613+0000][1692535][info ][gc,task     ] GC(514) Using 1 workers of 1 for evacuation
[2025-08-22T02:39:45.613+0000][1692535][debug][gc,age      ] GC(514) Desired survivor size 20971520 bytes, new threshold 15 (max threshold 15)
[2025-08-22T02:39:45.615+0000][1692535][info ][gc,phases   ] GC(514)   Pre Evacuate Collection Set: 0.0ms
[2025-08-22T02:39:45.615+0000][1692535][info ][gc,phases   ] GC(514)   Merge Heap Roots: 0.0ms
[2025-08-22T02:39:45.615+0000][1692535][info ][gc,phases   ] GC(514)   Evacuate Collection Set: 1.2ms
[2025-08-22T02:39:45.615+0000][1692535][info ][gc,phases   ] GC(514)   Post Evacuate Collection Set: 0.7ms
[2025-08-22T02:39:45.615+0000][1692535][info ][gc,phases   ] GC(514)   Other: 0.0ms
[2025-08-22T02:39:45.615+0000][1692535][trace][gc,age      ] GC(514) Age table with threshold 15 (max threshold 15)
[2025-08-22T02:39:45.615+0000][1692535][trace][gc,age      ] GC(514) - age   1:       9448 bytes,       9448 total
[2025-08-22T02:39:45.615+0000][1692535][trace][gc,age      ] GC(514) - age   5:        176 bytes,       9624 total
[2025-08-22T02:39:45.615+0000][1692535][trace][gc,age      ] GC(514) - age   6:       2536 bytes,      12160 total
[2025-08-22T02:39:45.615+0000][1692535][trace][gc,age      ] GC(514) - age   9:        192 bytes,      12352 total
[2025-08-22T02:39:45.615+0000][1692535][info ][gc,heap     ] GC(514) Eden regions: 75->0(75)
[2025-08-22T02:39:45.615+0000][1692535][info ][gc,heap     ] GC(514) Survivor regions: 1->1(10)
[2025-08-22T02:39:45.615+0000][1692535][info ][gc,heap     ] GC(514) Old regions: 22->22
[2025-08-22T02:39:45.615+0000][1692535][info ][gc,heap     ] GC(514) Humongous regions: 0->0
[2025-08-22T02:39:45.615+0000][1692535][info ][gc,metaspace] GC(514) Metaspace: 138326K(143872K)->138326K(143872K) NonClass: 120088K(123392K)->120088K(123392K) Class: 18238K(20480K)->18238K(20480K)
[2025-08-22T02:39:45.615+0000][1692535][info ][gc          ] GC(514) Pause Young (Concurrent Start) (G1 Evacuation Pause) 386M->86M(512M) 2.427ms
[2025-08-22T02:39:45.615+0000][1692535][info ][gc,cpu      ] GC(514) User=0.00s Sys=0.00s Real=0.01s
[2025-08-22T02:39:45.615+0000][1692535][info ][safepoint   ] Safepoint "G1CollectForAllocation", Time since last: 704553854758 ns, Reaching safepoint: 7261 ns, Cleanup: 3625 ns, At safepoint: 2465082 ns, Total: 2475968 ns
[2025-08-22T02:39:45.622+0000][1692535][info ][gc          ] GC(515) Concurrent Mark Cycle
[2025-08-22T02:39:45.622+0000][1692535][info ][gc,marking  ] GC(515) Concurrent Scan Root Regions
[2025-08-22T02:39:45.622+0000][1692535][info ][gc,marking  ] GC(515) Concurrent Scan Root Regions 0.459ms
[2025-08-22T02:39:45.622+0000][1692535][info ][gc,marking  ] GC(515) Concurrent Mark
[2025-08-22T02:39:45.622+0000][1692535][info ][gc,marking  ] GC(515) Concurrent Mark From Roots
[2025-08-22T02:39:45.622+0000][1692535][info ][gc,task     ] GC(515) Using 1 workers of 1 for marking
[2025-08-22T02:39:45.719+0000][1692535][info ][gc,marking  ] GC(515) Concurrent Mark From Roots 97.006ms
[2025-08-22T02:39:45.719+0000][1692535][info ][gc,marking  ] GC(515) Concurrent Preclean
[2025-08-22T02:39:45.720+0000][1692535][info ][gc,marking  ] GC(515) Concurrent Preclean 0.228ms
[2025-08-22T02:39:45.720+0000][1692535][info ][gc,start    ] GC(515) Pause Remark
[2025-08-22T02:39:45.725+0000][1692535][info ][gc          ] GC(515) Pause Remark 86M->86M(512M) 5.757ms
[2025-08-22T02:39:45.725+0000][1692535][info ][gc,cpu      ] GC(515) User=0.00s Sys=0.00s Real=0.01s
[2025-08-22T02:39:45.725+0000][1692535][info ][safepoint   ] Safepoint "G1PauseRemark", Time since last: 104068572 ns, Reaching safepoint: 5238 ns, Cleanup: 3355 ns, At safepoint: 5803974 ns, Total: 5812567 ns
[2025-08-22T02:39:45.725+0000][1692535][info ][gc,marking  ] GC(515) Concurrent Mark 103.110ms
[2025-08-22T02:39:45.725+0000][1692535][info ][gc,marking  ] GC(515) Concurrent Rebuild Remembered Sets and Scrub Regions
[2025-08-22T02:39:45.770+0000][1692535][info ][gc,marking  ] GC(515) Concurrent Rebuild Remembered Sets and Scrub Regions 44.711ms
[2025-08-22T02:39:45.770+0000][1692535][info ][gc,start    ] GC(515) Pause Cleanup
[2025-08-22T02:39:45.770+0000][1692535][info ][gc          ] GC(515) Pause Cleanup 86M->86M(512M) 0.033ms
[2025-08-22T02:39:45.770+0000][1692535][info ][gc,cpu      ] GC(515) User=0.00s Sys=0.00s Real=0.00s
[2025-08-22T02:39:45.770+0000][1692535][info ][safepoint   ] Safepoint "G1PauseCleanup", Time since last: 44771354 ns, Reaching safepoint: 3716 ns, Cleanup: 1772 ns, At safepoint: 58649 ns, Total: 64137 ns
[2025-08-22T02:39:45.770+0000][1692535][info ][gc,marking  ] GC(515) Concurrent Clear Claimed Marks
[2025-08-22T02:39:45.770+0000][1692535][info ][gc,marking  ] GC(515) Concurrent Clear Claimed Marks 0.137ms
[2025-08-22T02:39:45.770+0000][1692535][info ][gc,marking  ] GC(515) Concurrent Cleanup for Next Mark
[2025-08-22T02:39:45.784+0000][1692535][info ][gc,marking  ] GC(515) Concurrent Cleanup for Next Mark 13.250ms
[2025-08-22T02:39:45.784+0000][1692535][info ][gc          ] GC(515) Concurrent Mark Cycle 161.823ms
[2025-08-22T02:51:31.787+0000][1692535][info ][gc,start    ] GC(516) Pause Young (Normal) (G1 Evacuation Pause)
[2025-08-22T02:51:31.788+0000][1692535][info ][gc,task     ] GC(516) Using 1 workers of 1 for evacuation
[2025-08-22T02:51:31.788+0000][1692535][debug][gc,age      ] GC(516) Desired survivor size 20971520 bytes, new threshold 15 (max threshold 15)
[2025-08-22T02:51:31.790+0000][1692535][info ][gc,phases   ] GC(516)   Pre Evacuate Collection Set: 0.0ms
[2025-08-22T02:51:31.790+0000][1692535][info ][gc,phases   ] GC(516)   Merge Heap Roots: 0.0ms
[2025-08-22T02:51:31.790+0000][1692535][info ][gc,phases   ] GC(516)   Evacuate Collection Set: 1.4ms
[2025-08-22T02:51:31.790+0000][1692535][info ][gc,phases   ] GC(516)   Post Evacuate Collection Set: 0.7ms
[2025-08-22T02:51:31.790+0000][1692535][info ][gc,phases   ] GC(516)   Other: 0.0ms
[2025-08-22T02:51:31.790+0000][1692535][trace][gc,age      ] GC(516) Age table with threshold 15 (max threshold 15)
[2025-08-22T02:51:31.790+0000][1692535][trace][gc,age      ] GC(516) - age   1:      11208 bytes,      11208 total
[2025-08-22T02:51:31.790+0000][1692535][trace][gc,age      ] GC(516) - age   7:       2536 bytes,      13744 total
[2025-08-22T02:51:31.790+0000][1692535][trace][gc,age      ] GC(516) - age  10:        192 bytes,      13936 total
[2025-08-22T02:51:31.790+0000][1692535][info ][gc,heap     ] GC(516) Eden regions: 75->0(75)
[2025-08-22T02:51:31.790+0000][1692535][info ][gc,heap     ] GC(516) Survivor regions: 1->1(10)
[2025-08-22T02:51:31.790+0000][1692535][info ][gc,heap     ] GC(516) Old regions: 22->22
[2025-08-22T02:51:31.790+0000][1692535][info ][gc,heap     ] GC(516) Humongous regions: 0->0
[2025-08-22T02:51:31.790+0000][1692535][info ][gc,metaspace] GC(516) Metaspace: 138326K(143872K)->138326K(143872K) NonClass: 120088K(123392K)->120088K(123392K) Class: 18238K(20480K)->18238K(20480K)
[2025-08-22T02:51:31.790+0000][1692535][info ][gc          ] GC(516) Pause Young (Normal) (G1 Evacuation Pause) 386M->86M(512M) 2.428ms
[2025-08-22T02:51:31.790+0000][1692535][info ][gc,cpu      ] GC(516) User=0.00s Sys=0.00s Real=0.00s
[2025-08-22T02:51:31.790+0000][1692535][info ][safepoint   ] Safepoint "G1CollectForAllocation", Time since last: 706017233922 ns, Reaching safepoint: 7351 ns, Cleanup: 2964 ns, At safepoint: 2462749 ns, Total: 2473064 ns
[2025-08-22T02:57:11.815+0000][1692535][info ][safepoint   ] Safepoint "Cleanup", Time since last: 340024946138 ns, Reaching safepoint: 42304 ns, Cleanup: 9194 ns, At safepoint: 4987 ns, Total: 56485 ns
[2025-08-22T03:03:17.158+0000][1692535][info ][gc,start    ] GC(517) Pause Young (Concurrent Start) (G1 Evacuation Pause)
[2025-08-22T03:03:17.158+0000][1692535][info ][gc,task     ] GC(517) Using 1 workers of 1 for evacuation
[2025-08-22T03:03:17.158+0000][1692535][debug][gc,age      ] GC(517) Desired survivor size 20971520 bytes, new threshold 15 (max threshold 15)
[2025-08-22T03:03:17.160+0000][1692535][info ][gc,phases   ] GC(517)   Pre Evacuate Collection Set: 0.0ms
[2025-08-22T03:03:17.160+0000][1692535][info ][gc,phases   ] GC(517)   Merge Heap Roots: 0.0ms
[2025-08-22T03:03:17.160+0000][1692535][info ][gc,phases   ] GC(517)   Evacuate Collection Set: 1.2ms
[2025-08-22T03:03:17.160+0000][1692535][info ][gc,phases   ] GC(517)   Post Evacuate Collection Set: 0.7ms
[2025-08-22T03:03:17.160+0000][1692535][info ][gc,phases   ] GC(517)   Other: 0.0ms
[2025-08-22T03:03:17.160+0000][1692535][trace][gc,age      ] GC(517) Age table with threshold 15 (max threshold 15)
[2025-08-22T03:03:17.160+0000][1692535][trace][gc,age      ] GC(517) - age   1:      11032 bytes,      11032 total
[2025-08-22T03:03:17.160+0000][1692535][trace][gc,age      ] GC(517) - age   2:        176 bytes,      11208 total
[2025-08-22T03:03:17.160+0000][1692535][trace][gc,age      ] GC(517) - age   8:       2536 bytes,      13744 total
[2025-08-22T03:03:17.160+0000][1692535][trace][gc,age      ] GC(517) - age  11:        192 bytes,      13936 total
[2025-08-22T03:03:17.160+0000][1692535][info ][gc,heap     ] GC(517) Eden regions: 75->0(75)
[2025-08-22T03:03:17.160+0000][1692535][info ][gc,heap     ] GC(517) Survivor regions: 1->1(10)
[2025-08-22T03:03:17.160+0000][1692535][info ][gc,heap     ] GC(517) Old regions: 22->22
[2025-08-22T03:03:17.160+0000][1692535][info ][gc,heap     ] GC(517) Humongous regions: 0->0
[2025-08-22T03:03:17.160+0000][1692535][info ][gc,metaspace] GC(517) Metaspace: 138326K(143872K)->138326K(143872K) NonClass: 120088K(123392K)->120088K(123392K) Class: 18238K(20480K)->18238K(20480K)
[2025-08-22T03:03:17.160+0000][1692535][info ][gc          ] GC(517) Pause Young (Concurrent Start) (G1 Evacuation Pause) 386M->86M(512M) 2.196ms
[2025-08-22T03:03:17.160+0000][1692535][info ][gc,cpu      ] GC(517) User=0.00s Sys=0.00s Real=0.00s
[2025-08-22T03:03:17.160+0000][1692535][info ][safepoint   ] Safepoint "G1CollectForAllocation", Time since last: 365342895829 ns, Reaching safepoint: 7191 ns, Cleanup: 2864 ns, At safepoint: 2240793 ns, Total: 2250848 ns
[2025-08-22T03:03:17.166+0000][1692535][info ][gc          ] GC(518) Concurrent Mark Cycle
[2025-08-22T03:03:17.166+0000][1692535][info ][gc,marking  ] GC(518) Concurrent Scan Root Regions
[2025-08-22T03:03:17.167+0000][1692535][info ][gc,marking  ] GC(518) Concurrent Scan Root Regions 0.391ms
[2025-08-22T03:03:17.167+0000][1692535][info ][gc,marking  ] GC(518) Concurrent Mark
[2025-08-22T03:03:17.167+0000][1692535][info ][gc,marking  ] GC(518) Concurrent Mark From Roots
[2025-08-22T03:03:17.167+0000][1692535][info ][gc,task     ] GC(518) Using 1 workers of 1 for marking
[2025-08-22T03:03:17.265+0000][1692535][info ][gc,marking  ] GC(518) Concurrent Mark From Roots 98.589ms
[2025-08-22T03:03:17.265+0000][1692535][info ][gc,marking  ] GC(518) Concurrent Preclean
[2025-08-22T03:03:17.266+0000][1692535][info ][gc,marking  ] GC(518) Concurrent Preclean 0.250ms
[2025-08-22T03:03:17.266+0000][1692535][info ][gc,start    ] GC(518) Pause Remark
[2025-08-22T03:03:17.272+0000][1692535][info ][gc          ] GC(518) Pause Remark 86M->86M(512M) 6.044ms
[2025-08-22T03:03:17.272+0000][1692535][info ][gc,cpu      ] GC(518) User=0.01s Sys=0.00s Real=0.00s
[2025-08-22T03:03:17.272+0000][1692535][info ][safepoint   ] Safepoint "G1PauseRemark", Time since last: 105613225 ns, Reaching safepoint: 5117 ns, Cleanup: 2985 ns, At safepoint: 6090627 ns, Total: 6098729 ns
[2025-08-22T03:03:17.272+0000][1692535][info ][gc,marking  ] GC(518) Concurrent Mark 105.009ms
[2025-08-22T03:03:17.272+0000][1692535][info ][gc,marking  ] GC(518) Concurrent Rebuild Remembered Sets and Scrub Regions
[2025-08-22T03:03:17.315+0000][1692535][info ][gc,marking  ] GC(518) Concurrent Rebuild Remembered Sets and Scrub Regions 43.169ms
[2025-08-22T03:03:17.315+0000][1692535][info ][gc,start    ] GC(518) Pause Cleanup
[2025-08-22T03:03:17.315+0000][1692535][info ][gc          ] GC(518) Pause Cleanup 86M->86M(512M) 0.035ms
[2025-08-22T03:03:17.315+0000][1692535][info ][gc,cpu      ] GC(518) User=0.00s Sys=0.00s Real=0.00s
[2025-08-22T03:03:17.315+0000][1692535][info ][safepoint   ] Safepoint "G1PauseCleanup", Time since last: 43219020 ns, Reaching safepoint: 3665 ns, Cleanup: 1733 ns, At safepoint: 58999 ns, Total: 64397 ns
[2025-08-22T03:03:17.315+0000][1692535][info ][gc,marking  ] GC(518) Concurrent Clear Claimed Marks
[2025-08-22T03:03:17.315+0000][1692535][info ][gc,marking  ] GC(518) Concurrent Clear Claimed Marks 0.126ms
[2025-08-22T03:03:17.315+0000][1692535][info ][gc,marking  ] GC(518) Concurrent Cleanup for Next Mark
[2025-08-22T03:03:17.327+0000][1692535][info ][gc,marking  ] GC(518) Concurrent Cleanup for Next Mark 11.898ms
[2025-08-22T03:03:17.327+0000][1692535][info ][gc          ] GC(518) Concurrent Mark Cycle 160.739ms
[2025-08-22T03:15:03.901+0000][1692535][info ][gc,start    ] GC(519) Pause Young (Normal) (G1 Evacuation Pause)
[2025-08-22T03:15:03.902+0000][1692535][info ][gc,task     ] GC(519) Using 1 workers of 1 for evacuation
[2025-08-22T03:15:03.902+0000][1692535][debug][gc,age      ] GC(519) Desired survivor size 20971520 bytes, new threshold 15 (max threshold 15)
[2025-08-22T03:15:03.904+0000][1692535][info ][gc,phases   ] GC(519)   Pre Evacuate Collection Set: 0.0ms
[2025-08-22T03:15:03.904+0000][1692535][info ][gc,phases   ] GC(519)   Merge Heap Roots: 0.0ms
[2025-08-22T03:15:03.904+0000][1692535][info ][gc,phases   ] GC(519)   Evacuate Collection Set: 1.4ms
[2025-08-22T03:15:03.904+0000][1692535][info ][gc,phases   ] GC(519)   Post Evacuate Collection Set: 0.7ms
[2025-08-22T03:15:03.904+0000][1692535][info ][gc,phases   ] GC(519)   Other: 0.0ms
[2025-08-22T03:15:03.904+0000][1692535][trace][gc,age      ] GC(519) Age table with threshold 15 (max threshold 15)
[2025-08-22T03:15:03.904+0000][1692535][trace][gc,age      ] GC(519) - age   1:      10032 bytes,      10032 total
[2025-08-22T03:15:03.904+0000][1692535][trace][gc,age      ] GC(519) - age   2:        176 bytes,      10208 total
[2025-08-22T03:15:03.904+0000][1692535][trace][gc,age      ] GC(519) - age   3:        176 bytes,      10384 total
[2025-08-22T03:15:03.904+0000][1692535][trace][gc,age      ] GC(519) - age   9:       2536 bytes,      12920 total
[2025-08-22T03:15:03.904+0000][1692535][trace][gc,age      ] GC(519) - age  12:        192 bytes,      13112 total
[2025-08-22T03:15:03.904+0000][1692535][info ][gc,heap     ] GC(519) Eden regions: 75->0(75)
[2025-08-22T03:15:03.904+0000][1692535][info ][gc,heap     ] GC(519) Survivor regions: 1->1(10)
[2025-08-22T03:15:03.904+0000][1692535][info ][gc,heap     ] GC(519) Old regions: 22->22
[2025-08-22T03:15:03.904+0000][1692535][info ][gc,heap     ] GC(519) Humongous regions: 0->0
[2025-08-22T03:15:03.904+0000][1692535][info ][gc,metaspace] GC(519) Metaspace: 138326K(143872K)->138326K(143872K) NonClass: 120088K(123392K)->120088K(123392K) Class: 18238K(20480K)->18238K(20480K)
[2025-08-22T03:15:03.904+0000][1692535][info ][gc          ] GC(519) Pause Young (Normal) (G1 Evacuation Pause) 386M->86M(512M) 2.797ms
[2025-08-22T03:15:03.904+0000][1692535][info ][gc,cpu      ] GC(519) User=0.00s Sys=0.00s Real=0.00s
[2025-08-22T03:15:03.904+0000][1692535][info ][safepoint   ] Safepoint "G1CollectForAllocation", Time since last: 706586368105 ns, Reaching safepoint: 10046 ns, Cleanup: 4366 ns, At safepoint: 2834410 ns, Total: 2848822 ns
[2025-08-22T03:26:47.892+0000][1692535][info ][gc,start    ] GC(520) Pause Young (Concurrent Start) (G1 Evacuation Pause)
[2025-08-22T03:26:47.893+0000][1692535][info ][gc,task     ] GC(520) Using 1 workers of 1 for evacuation
[2025-08-22T03:26:47.893+0000][1692535][debug][gc,age      ] GC(520) Desired survivor size 20971520 bytes, new threshold 15 (max threshold 15)
[2025-08-22T03:26:47.895+0000][1692535][info ][gc,phases   ] GC(520)   Pre Evacuate Collection Set: 0.0ms
[2025-08-22T03:26:47.895+0000][1692535][info ][gc,phases   ] GC(520)   Merge Heap Roots: 0.0ms
[2025-08-22T03:26:47.895+0000][1692535][info ][gc,phases   ] GC(520)   Evacuate Collection Set: 1.2ms
[2025-08-22T03:26:47.895+0000][1692535][info ][gc,phases   ] GC(520)   Post Evacuate Collection Set: 0.7ms
[2025-08-22T03:26:47.895+0000][1692535][info ][gc,phases   ] GC(520)   Other: 0.0ms
[2025-08-22T03:26:47.895+0000][1692535][trace][gc,age      ] GC(520) Age table with threshold 15 (max threshold 15)
[2025-08-22T03:26:47.895+0000][1692535][trace][gc,age      ] GC(520) - age   1:      10880 bytes,      10880 total
[2025-08-22T03:26:47.895+0000][1692535][trace][gc,age      ] GC(520) - age   2:        176 bytes,      11056 total
[2025-08-22T03:26:47.895+0000][1692535][trace][gc,age      ] GC(520) - age   4:        176 bytes,      11232 total
[2025-08-22T03:26:47.895+0000][1692535][trace][gc,age      ] GC(520) - age  10:       2536 bytes,      13768 total
[2025-08-22T03:26:47.895+0000][1692535][trace][gc,age      ] GC(520) - age  13:        192 bytes,      13960 total
[2025-08-22T03:26:47.895+0000][1692535][info ][gc,heap     ] GC(520) Eden regions: 75->0(75)
[2025-08-22T03:26:47.895+0000][1692535][info ][gc,heap     ] GC(520) Survivor regions: 1->1(10)
[2025-08-22T03:26:47.895+0000][1692535][info ][gc,heap     ] GC(520) Old regions: 22->22
[2025-08-22T03:26:47.895+0000][1692535][info ][gc,heap     ] GC(520) Humongous regions: 0->0
[2025-08-22T03:26:47.895+0000][1692535][info ][gc,metaspace] GC(520) Metaspace: 138326K(143872K)->138326K(143872K) NonClass: 120088K(123392K)->120088K(123392K) Class: 18238K(20480K)->18238K(20480K)
[2025-08-22T03:26:47.895+0000][1692535][info ][gc          ] GC(520) Pause Young (Concurrent Start) (G1 Evacuation Pause) 386M->86M(512M) 2.208ms
[2025-08-22T03:26:47.895+0000][1692535][info ][gc,cpu      ] GC(520) User=0.00s Sys=0.00s Real=0.00s
[2025-08-22T03:26:47.895+0000][1692535][info ][safepoint   ] Safepoint "G1CollectForAllocation", Time since last: 703988196990 ns, Reaching safepoint: 8583 ns, Cleanup: 2704 ns, At safepoint: 2245651 ns, Total: 2256938 ns
[2025-08-22T03:26:47.898+0000][1692535][info ][gc          ] GC(521) Concurrent Mark Cycle
[2025-08-22T03:26:47.898+0000][1692535][info ][gc,marking  ] GC(521) Concurrent Scan Root Regions
[2025-08-22T03:26:47.899+0000][1692535][info ][gc,marking  ] GC(521) Concurrent Scan Root Regions 0.482ms
[2025-08-22T03:26:47.899+0000][1692535][info ][gc,marking  ] GC(521) Concurrent Mark
[2025-08-22T03:26:47.899+0000][1692535][info ][gc,marking  ] GC(521) Concurrent Mark From Roots
[2025-08-22T03:26:47.899+0000][1692535][info ][gc,task     ] GC(521) Using 1 workers of 1 for marking
[2025-08-22T03:26:47.998+0000][1692535][info ][gc,marking  ] GC(521) Concurrent Mark From Roots 98.805ms
[2025-08-22T03:26:47.998+0000][1692535][info ][gc,marking  ] GC(521) Concurrent Preclean
[2025-08-22T03:26:47.998+0000][1692535][info ][gc,marking  ] GC(521) Concurrent Preclean 0.228ms
[2025-08-22T03:26:47.998+0000][1692535][info ][gc,start    ] GC(521) Pause Remark
[2025-08-22T03:26:48.006+0000][1692535][info ][gc          ] GC(521) Pause Remark 86M->86M(512M) 8.069ms
[2025-08-22T03:26:48.006+0000][1692535][info ][gc,cpu      ] GC(521) User=0.01s Sys=0.00s Real=0.01s
[2025-08-22T03:26:48.006+0000][1692535][info ][safepoint   ] Safepoint "G1PauseRemark", Time since last: 103219920 ns, Reaching safepoint: 5118 ns, Cleanup: 2644 ns, At safepoint: 8117127 ns, Total: 8124889 ns
[2025-08-22T03:26:48.006+0000][1692535][info ][gc,marking  ] GC(521) Concurrent Mark 107.228ms
[2025-08-22T03:26:48.006+0000][1692535][info ][gc,marking  ] GC(521) Concurrent Rebuild Remembered Sets and Scrub Regions
[2025-08-22T03:26:48.048+0000][1692535][info ][gc,marking  ] GC(521) Concurrent Rebuild Remembered Sets and Scrub Regions 41.512ms
[2025-08-22T03:26:48.048+0000][1692535][info ][gc,start    ] GC(521) Pause Cleanup
[2025-08-22T03:26:48.048+0000][1692535][info ][gc          ] GC(521) Pause Cleanup 86M->86M(512M) 0.030ms
[2025-08-22T03:26:48.048+0000][1692535][info ][gc,cpu      ] GC(521) User=0.00s Sys=0.00s Real=0.00s
[2025-08-22T03:26:48.048+0000][1692535][info ][safepoint   ] Safepoint "G1PauseCleanup", Time since last: 41559945 ns, Reaching safepoint: 3795 ns, Cleanup: 2975 ns, At safepoint: 53230 ns, Total: 60000 ns
[2025-08-22T03:26:48.048+0000][1692535][info ][gc,marking  ] GC(521) Concurrent Clear Claimed Marks
[2025-08-22T03:26:48.048+0000][1692535][info ][gc,marking  ] GC(521) Concurrent Clear Claimed Marks 0.133ms
[2025-08-22T03:26:48.048+0000][1692535][info ][gc,marking  ] GC(521) Concurrent Cleanup for Next Mark
[2025-08-22T03:26:48.054+0000][1692535][info ][gc,marking  ] GC(521) Concurrent Cleanup for Next Mark 6.096ms
[2025-08-22T03:26:48.054+0000][1692535][info ][gc          ] GC(521) Concurrent Mark Cycle 155.591ms
[2025-08-22T03:38:33.265+0000][1692535][info ][gc,start    ] GC(522) Pause Young (Normal) (G1 Evacuation Pause)
[2025-08-22T03:38:33.265+0000][1692535][info ][gc,task     ] GC(522) Using 1 workers of 1 for evacuation
[2025-08-22T03:38:33.265+0000][1692535][debug][gc,age      ] GC(522) Desired survivor size 20971520 bytes, new threshold 15 (max threshold 15)
[2025-08-22T03:38:33.267+0000][1692535][info ][gc,phases   ] GC(522)   Pre Evacuate Collection Set: 0.0ms
[2025-08-22T03:38:33.267+0000][1692535][info ][gc,phases   ] GC(522)   Merge Heap Roots: 0.0ms
[2025-08-22T03:38:33.267+0000][1692535][info ][gc,phases   ] GC(522)   Evacuate Collection Set: 1.4ms
[2025-08-22T03:38:33.267+0000][1692535][info ][gc,phases   ] GC(522)   Post Evacuate Collection Set: 0.8ms
[2025-08-22T03:38:33.267+0000][1692535][info ][gc,phases   ] GC(522)   Other: 0.0ms
[2025-08-22T03:38:33.267+0000][1692535][trace][gc,age      ] GC(522) Age table with threshold 15 (max threshold 15)
[2025-08-22T03:38:33.267+0000][1692535][trace][gc,age      ] GC(522) - age   1:      11056 bytes,      11056 total
[2025-08-22T03:38:33.267+0000][1692535][trace][gc,age      ] GC(522) - age   5:        176 bytes,      11232 total
[2025-08-22T03:38:33.267+0000][1692535][trace][gc,age      ] GC(522) - age  11:       2536 bytes,      13768 total
[2025-08-22T03:38:33.267+0000][1692535][trace][gc,age      ] GC(522) - age  14:        192 bytes,      13960 total
[2025-08-22T03:38:33.267+0000][1692535][info ][gc,heap     ] GC(522) Eden regions: 75->0(75)
[2025-08-22T03:38:33.267+0000][1692535][info ][gc,heap     ] GC(522) Survivor regions: 1->1(10)
[2025-08-22T03:38:33.267+0000][1692535][info ][gc,heap     ] GC(522) Old regions: 22->22
[2025-08-22T03:38:33.267+0000][1692535][info ][gc,heap     ] GC(522) Humongous regions: 0->0
[2025-08-22T03:38:33.267+0000][1692535][info ][gc,metaspace] GC(522) Metaspace: 138326K(143872K)->138326K(143872K) NonClass: 120088K(123392K)->120088K(123392K) Class: 18238K(20480K)->18238K(20480K)
[2025-08-22T03:38:33.267+0000][1692535][info ][gc          ] GC(522) Pause Young (Normal) (G1 Evacuation Pause) 386M->86M(512M) 2.467ms
[2025-08-22T03:38:33.267+0000][1692535][info ][gc,cpu      ] GC(522) User=0.00s Sys=0.00s Real=0.01s
[2025-08-22T03:38:33.267+0000][1692535][info ][safepoint   ] Safepoint "G1CollectForAllocation", Time since last: 705216892143 ns, Reaching safepoint: 7131 ns, Cleanup: 2874 ns, At safepoint: 2501027 ns, Total: 2511032 ns
[2025-08-22T03:50:18.400+0000][1692535][info ][gc,start    ] GC(523) Pause Young (Concurrent Start) (G1 Evacuation Pause)
[2025-08-22T03:50:18.401+0000][1692535][info ][gc,task     ] GC(523) Using 1 workers of 1 for evacuation
[2025-08-22T03:50:18.401+0000][1692535][debug][gc,age      ] GC(523) Desired survivor size 20971520 bytes, new threshold 15 (max threshold 15)
[2025-08-22T03:50:18.403+0000][1692535][info ][gc,phases   ] GC(523)   Pre Evacuate Collection Set: 0.0ms
[2025-08-22T03:50:18.403+0000][1692535][info ][gc,phases   ] GC(523)   Merge Heap Roots: 0.0ms
[2025-08-22T03:50:18.403+0000][1692535][info ][gc,phases   ] GC(523)   Evacuate Collection Set: 1.2ms
[2025-08-22T03:50:18.403+0000][1692535][info ][gc,phases   ] GC(523)   Post Evacuate Collection Set: 0.7ms
[2025-08-22T03:50:18.403+0000][1692535][info ][gc,phases   ] GC(523)   Other: 0.0ms
[2025-08-22T03:50:18.403+0000][1692535][trace][gc,age      ] GC(523) Age table with threshold 15 (max threshold 15)
[2025-08-22T03:50:18.403+0000][1692535][trace][gc,age      ] GC(523) - age   1:      75776 bytes,      75776 total
[2025-08-22T03:50:18.403+0000][1692535][trace][gc,age      ] GC(523) - age  12:       2536 bytes,      78312 total
[2025-08-22T03:50:18.403+0000][1692535][trace][gc,age      ] GC(523) - age  15:        192 bytes,      78504 total
[2025-08-22T03:50:18.403+0000][1692535][info ][gc,heap     ] GC(523) Eden regions: 75->0(75)
[2025-08-22T03:50:18.403+0000][1692535][info ][gc,heap     ] GC(523) Survivor regions: 1->1(10)
[2025-08-22T03:50:18.403+0000][1692535][info ][gc,heap     ] GC(523) Old regions: 22->22
[2025-08-22T03:50:18.403+0000][1692535][info ][gc,heap     ] GC(523) Humongous regions: 0->0
[2025-08-22T03:50:18.403+0000][1692535][info ][gc,metaspace] GC(523) Metaspace: 138326K(143872K)->138326K(143872K) NonClass: 120088K(123392K)->120088K(123392K) Class: 18238K(20480K)->18238K(20480K)
[2025-08-22T03:50:18.403+0000][1692535][info ][gc          ] GC(523) Pause Young (Concurrent Start) (G1 Evacuation Pause) 386M->86M(512M) 2.489ms
[2025-08-22T03:50:18.403+0000][1692535][info ][gc,cpu      ] GC(523) User=0.00s Sys=0.00s Real=0.00s
[2025-08-22T03:50:18.403+0000][1692535][info ][safepoint   ] Safepoint "G1CollectForAllocation", Time since last: 705132994492 ns, Reaching safepoint: 376108 ns, Cleanup: 3796 ns, At safepoint: 2526585 ns, Total: 2906489 ns
[2025-08-22T03:50:18.408+0000][1692535][info ][gc          ] GC(524) Concurrent Mark Cycle
[2025-08-22T03:50:18.408+0000][1692535][info ][gc,marking  ] GC(524) Concurrent Scan Root Regions
[2025-08-22T03:50:18.409+0000][1692535][info ][gc,marking  ] GC(524) Concurrent Scan Root Regions 0.559ms
[2025-08-22T03:50:18.409+0000][1692535][info ][gc,marking  ] GC(524) Concurrent Mark
[2025-08-22T03:50:18.409+0000][1692535][info ][gc,marking  ] GC(524) Concurrent Mark From Roots
[2025-08-22T03:50:18.409+0000][1692535][info ][gc,task     ] GC(524) Using 1 workers of 1 for marking
[2025-08-22T03:50:18.505+0000][1692535][info ][gc,marking  ] GC(524) Concurrent Mark From Roots 96.358ms
[2025-08-22T03:50:18.505+0000][1692535][info ][gc,marking  ] GC(524) Concurrent Preclean
[2025-08-22T03:50:18.506+0000][1692535][info ][gc,marking  ] GC(524) Concurrent Preclean 0.233ms
[2025-08-22T03:50:18.506+0000][1692535][info ][gc,start    ] GC(524) Pause Remark
[2025-08-22T03:50:18.511+0000][1692535][info ][gc          ] GC(524) Pause Remark 88M->88M(512M) 5.312ms
[2025-08-22T03:50:18.511+0000][1692535][info ][gc,cpu      ] GC(524) User=0.00s Sys=0.00s Real=0.00s
[2025-08-22T03:50:18.511+0000][1692535][info ][safepoint   ] Safepoint "G1PauseRemark", Time since last: 102626831 ns, Reaching safepoint: 4837 ns, Cleanup: 3075 ns, At safepoint: 5358080 ns, Total: 5365992 ns
[2025-08-22T03:50:18.511+0000][1692535][info ][gc,marking  ] GC(524) Concurrent Mark 102.065ms
[2025-08-22T03:50:18.511+0000][1692535][info ][gc,marking  ] GC(524) Concurrent Rebuild Remembered Sets and Scrub Regions
[2025-08-22T03:50:18.563+0000][1692535][info ][gc,marking  ] GC(524) Concurrent Rebuild Remembered Sets and Scrub Regions 51.557ms
[2025-08-22T03:50:18.563+0000][1692535][info ][gc,start    ] GC(524) Pause Cleanup
[2025-08-22T03:50:18.563+0000][1692535][info ][gc          ] GC(524) Pause Cleanup 88M->88M(512M) 0.035ms
[2025-08-22T03:50:18.563+0000][1692535][info ][gc,cpu      ] GC(524) User=0.00s Sys=0.00s Real=0.00s
[2025-08-22T03:50:18.563+0000][1692535][info ][safepoint   ] Safepoint "G1PauseCleanup", Time since last: 51611671 ns, Reaching safepoint: 3956 ns, Cleanup: 1653 ns, At safepoint: 60611 ns, Total: 66220 ns
[2025-08-22T03:50:18.563+0000][1692535][info ][gc,marking  ] GC(524) Concurrent Clear Claimed Marks
[2025-08-22T03:50:18.563+0000][1692535][info ][gc,marking  ] GC(524) Concurrent Clear Claimed Marks 0.139ms
[2025-08-22T03:50:18.563+0000][1692535][info ][gc,marking  ] GC(524) Concurrent Cleanup for Next Mark
[2025-08-22T03:50:18.563+0000][1692535][info ][gc,marking  ] GC(524) Concurrent Cleanup for Next Mark 0.269ms
[2025-08-22T03:50:18.563+0000][1692535][info ][gc          ] GC(524) Concurrent Mark Cycle 154.738ms
[2025-08-22T04:02:03.991+0000][1692535][info ][gc,start    ] GC(525) Pause Young (Normal) (G1 Evacuation Pause)
[2025-08-22T04:02:03.991+0000][1692535][info ][gc,task     ] GC(525) Using 1 workers of 1 for evacuation
[2025-08-22T04:02:03.991+0000][1692535][debug][gc,age      ] GC(525) Desired survivor size 20971520 bytes, new threshold 15 (max threshold 15)
[2025-08-22T04:02:03.993+0000][1692535][info ][gc,phases   ] GC(525)   Pre Evacuate Collection Set: 0.0ms
[2025-08-22T04:02:03.993+0000][1692535][info ][gc,phases   ] GC(525)   Merge Heap Roots: 0.0ms
[2025-08-22T04:02:03.993+0000][1692535][info ][gc,phases   ] GC(525)   Evacuate Collection Set: 1.4ms
[2025-08-22T04:02:03.993+0000][1692535][info ][gc,phases   ] GC(525)   Post Evacuate Collection Set: 0.8ms
[2025-08-22T04:02:03.993+0000][1692535][info ][gc,phases   ] GC(525)   Other: 0.0ms
[2025-08-22T04:02:03.993+0000][1692535][trace][gc,age      ] GC(525) Age table with threshold 15 (max threshold 15)
[2025-08-22T04:02:03.993+0000][1692535][trace][gc,age      ] GC(525) - age   1:      10856 bytes,      10856 total
[2025-08-22T04:02:03.993+0000][1692535][trace][gc,age      ] GC(525) - age   2:        352 bytes,      11208 total
[2025-08-22T04:02:03.993+0000][1692535][trace][gc,age      ] GC(525) - age  13:       2536 bytes,      13744 total
[2025-08-22T04:02:03.993+0000][1692535][info ][gc,heap     ] GC(525) Eden regions: 75->0(75)
[2025-08-22T04:02:03.993+0000][1692535][info ][gc,heap     ] GC(525) Survivor regions: 1->1(10)
[2025-08-22T04:02:03.993+0000][1692535][info ][gc,heap     ] GC(525) Old regions: 22->22
[2025-08-22T04:02:03.993+0000][1692535][info ][gc,heap     ] GC(525) Humongous regions: 0->0
[2025-08-22T04:02:03.993+0000][1692535][info ][gc,metaspace] GC(525) Metaspace: 138326K(143872K)->138326K(143872K) NonClass: 120088K(123392K)->120088K(123392K) Class: 18238K(20480K)->18238K(20480K)
[2025-08-22T04:02:03.993+0000][1692535][info ][gc          ] GC(525) Pause Young (Normal) (G1 Evacuation Pause) 386M->86M(512M) 2.478ms
[2025-08-22T04:02:03.993+0000][1692535][info ][gc,cpu      ] GC(525) User=0.00s Sys=0.00s Real=0.00s
[2025-08-22T04:02:03.993+0000][1692535][info ][safepoint   ] Safepoint "G1CollectForAllocation", Time since last: 705428069754 ns, Reaching safepoint: 7571 ns, Cleanup: 3025 ns, At safepoint: 2521187 ns, Total: 2531783 ns
[2025-08-22T04:02:13.994+0000][1692535][info ][safepoint   ] Safepoint "Cleanup", Time since last: 10000613097 ns, Reaching safepoint: 71658 ns, Cleanup: 9925 ns, At safepoint: 5298 ns, Total: 86881 ns
[2025-08-22T04:13:49.346+0000][1692535][info ][gc,start    ] GC(526) Pause Young (Concurrent Start) (G1 Evacuation Pause)
[2025-08-22T04:13:49.347+0000][1692535][info ][gc,task     ] GC(526) Using 1 workers of 1 for evacuation
[2025-08-22T04:13:49.347+0000][1692535][debug][gc,age      ] GC(526) Desired survivor size 20971520 bytes, new threshold 15 (max threshold 15)
[2025-08-22T04:13:49.349+0000][1692535][info ][gc,phases   ] GC(526)   Pre Evacuate Collection Set: 0.0ms
[2025-08-22T04:13:49.349+0000][1692535][info ][gc,phases   ] GC(526)   Merge Heap Roots: 0.0ms
[2025-08-22T04:13:49.349+0000][1692535][info ][gc,phases   ] GC(526)   Evacuate Collection Set: 1.2ms
[2025-08-22T04:13:49.349+0000][1692535][info ][gc,phases   ] GC(526)   Post Evacuate Collection Set: 0.7ms
[2025-08-22T04:13:49.349+0000][1692535][info ][gc,phases   ] GC(526)   Other: 0.0ms
[2025-08-22T04:13:49.349+0000][1692535][trace][gc,age      ] GC(526) Age table with threshold 15 (max threshold 15)
[2025-08-22T04:13:49.349+0000][1692535][trace][gc,age      ] GC(526) - age   1:      10856 bytes,      10856 total
[2025-08-22T04:13:49.349+0000][1692535][trace][gc,age      ] GC(526) - age   2:        176 bytes,      11032 total
[2025-08-22T04:13:49.349+0000][1692535][trace][gc,age      ] GC(526) - age   3:        176 bytes,      11208 total
[2025-08-22T04:13:49.349+0000][1692535][trace][gc,age      ] GC(526) - age  14:       2536 bytes,      13744 total
[2025-08-22T04:13:49.349+0000][1692535][info ][gc,heap     ] GC(526) Eden regions: 75->0(75)
[2025-08-22T04:13:49.349+0000][1692535][info ][gc,heap     ] GC(526) Survivor regions: 1->1(10)
[2025-08-22T04:13:49.349+0000][1692535][info ][gc,heap     ] GC(526) Old regions: 22->22
[2025-08-22T04:13:49.349+0000][1692535][info ][gc,heap     ] GC(526) Humongous regions: 0->0
[2025-08-22T04:13:49.349+0000][1692535][info ][gc,metaspace] GC(526) Metaspace: 138326K(143872K)->138326K(143872K) NonClass: 120088K(123392K)->120088K(123392K) Class: 18238K(20480K)->18238K(20480K)
[2025-08-22T04:13:49.349+0000][1692535][info ][gc          ] GC(526) Pause Young (Concurrent Start) (G1 Evacuation Pause) 386M->86M(512M) 2.182ms
[2025-08-22T04:13:49.349+0000][1692535][info ][gc,cpu      ] GC(526) User=0.00s Sys=0.00s Real=0.00s
[2025-08-22T04:13:49.349+0000][1692535][info ][safepoint   ] Safepoint "G1CollectForAllocation", Time since last: 695352481274 ns, Reaching safepoint: 6980 ns, Cleanup: 3255 ns, At safepoint: 2220152 ns, Total: 2230387 ns
[2025-08-22T04:13:49.355+0000][1692535][info ][gc          ] GC(527) Concurrent Mark Cycle
[2025-08-22T04:13:49.355+0000][1692535][info ][gc,marking  ] GC(527) Concurrent Scan Root Regions
[2025-08-22T04:13:49.356+0000][1692535][info ][gc,marking  ] GC(527) Concurrent Scan Root Regions 0.405ms
[2025-08-22T04:13:49.356+0000][1692535][info ][gc,marking  ] GC(527) Concurrent Mark
[2025-08-22T04:13:49.356+0000][1692535][info ][gc,marking  ] GC(527) Concurrent Mark From Roots
[2025-08-22T04:13:49.356+0000][1692535][info ][gc,task     ] GC(527) Using 1 workers of 1 for marking
[2025-08-22T04:13:49.454+0000][1692535][info ][gc,marking  ] GC(527) Concurrent Mark From Roots 98.467ms
[2025-08-22T04:13:49.454+0000][1692535][info ][gc,marking  ] GC(527) Concurrent Preclean
[2025-08-22T04:13:49.455+0000][1692535][info ][gc,marking  ] GC(527) Concurrent Preclean 0.227ms
[2025-08-22T04:13:49.455+0000][1692535][info ][gc,start    ] GC(527) Pause Remark
[2025-08-22T04:13:49.460+0000][1692535][info ][gc          ] GC(527) Pause Remark 89M->89M(512M) 5.231ms
[2025-08-22T04:13:49.460+0000][1692535][info ][gc,cpu      ] GC(527) User=0.00s Sys=0.00s Real=0.01s
[2025-08-22T04:13:49.460+0000][1692535][info ][safepoint   ] Safepoint "G1PauseRemark", Time since last: 105857561 ns, Reaching safepoint: 4917 ns, Cleanup: 2604 ns, At safepoint: 5289307 ns, Total: 5296828 ns
[2025-08-22T04:13:49.460+0000][1692535][info ][gc,marking  ] GC(527) Concurrent Mark 104.059ms
[2025-08-22T04:13:49.460+0000][1692535][info ][gc,marking  ] GC(527) Concurrent Rebuild Remembered Sets and Scrub Regions
[2025-08-22T04:13:49.511+0000][1692535][info ][gc,marking  ] GC(527) Concurrent Rebuild Remembered Sets and Scrub Regions 50.818ms
[2025-08-22T04:13:49.511+0000][1692535][info ][gc,start    ] GC(527) Pause Cleanup
[2025-08-22T04:13:49.511+0000][1692535][info ][gc          ] GC(527) Pause Cleanup 89M->89M(512M) 0.033ms
[2025-08-22T04:13:49.511+0000][1692535][info ][gc,cpu      ] GC(527) User=0.00s Sys=0.00s Real=0.00s
[2025-08-22T04:13:49.511+0000][1692535][info ][safepoint   ] Safepoint "G1PauseCleanup", Time since last: 50868068 ns, Reaching safepoint: 3596 ns, Cleanup: 1332 ns, At safepoint: 59049 ns, Total: 63977 ns
[2025-08-22T04:13:49.511+0000][1692535][info ][gc,marking  ] GC(527) Concurrent Clear Claimed Marks
[2025-08-22T04:13:49.511+0000][1692535][info ][gc,marking  ] GC(527) Concurrent Clear Claimed Marks 0.145ms
[2025-08-22T04:13:49.511+0000][1692535][info ][gc,marking  ] GC(527) Concurrent Cleanup for Next Mark
[2025-08-22T04:13:49.511+0000][1692535][info ][gc,marking  ] GC(527) Concurrent Cleanup for Next Mark 0.271ms
[2025-08-22T04:13:49.511+0000][1692535][info ][gc          ] GC(527) Concurrent Mark Cycle 155.843ms
[2025-08-22T04:25:34.723+0000][1692535][info ][gc,start    ] GC(528) Pause Young (Normal) (G1 Evacuation Pause)
[2025-08-22T04:25:34.723+0000][1692535][info ][gc,task     ] GC(528) Using 1 workers of 1 for evacuation
[2025-08-22T04:25:34.723+0000][1692535][debug][gc,age      ] GC(528) Desired survivor size 20971520 bytes, new threshold 15 (max threshold 15)
[2025-08-22T04:25:34.726+0000][1692535][info ][gc,phases   ] GC(528)   Pre Evacuate Collection Set: 0.0ms
[2025-08-22T04:25:34.726+0000][1692535][info ][gc,phases   ] GC(528)   Merge Heap Roots: 0.0ms
[2025-08-22T04:25:34.726+0000][1692535][info ][gc,phases   ] GC(528)   Evacuate Collection Set: 1.4ms
[2025-08-22T04:25:34.726+0000][1692535][info ][gc,phases   ] GC(528)   Post Evacuate Collection Set: 0.7ms
[2025-08-22T04:25:34.726+0000][1692535][info ][gc,phases   ] GC(528)   Other: 0.0ms
[2025-08-22T04:25:34.726+0000][1692535][trace][gc,age      ] GC(528) Age table with threshold 15 (max threshold 15)
[2025-08-22T04:25:34.726+0000][1692535][trace][gc,age      ] GC(528) - age   1:      11056 bytes,      11056 total
[2025-08-22T04:25:34.726+0000][1692535][trace][gc,age      ] GC(528) - age   4:        176 bytes,      11232 total
[2025-08-22T04:25:34.726+0000][1692535][trace][gc,age      ] GC(528) - age  15:       2536 bytes,      13768 total
[2025-08-22T04:25:34.726+0000][1692535][info ][gc,heap     ] GC(528) Eden regions: 75->0(75)
[2025-08-22T04:25:34.726+0000][1692535][info ][gc,heap     ] GC(528) Survivor regions: 1->1(10)
[2025-08-22T04:25:34.726+0000][1692535][info ][gc,heap     ] GC(528) Old regions: 22->22
[2025-08-22T04:25:34.726+0000][1692535][info ][gc,heap     ] GC(528) Humongous regions: 0->0
[2025-08-22T04:25:34.726+0000][1692535][info ][gc,metaspace] GC(528) Metaspace: 138326K(143872K)->138326K(143872K) NonClass: 120088K(123392K)->120088K(123392K) Class: 18238K(20480K)->18238K(20480K)
[2025-08-22T04:25:34.726+0000][1692535][info ][gc          ] GC(528) Pause Young (Normal) (G1 Evacuation Pause) 386M->86M(512M) 2.415ms
[2025-08-22T04:25:34.726+0000][1692535][info ][gc,cpu      ] GC(528) User=0.00s Sys=0.00s Real=0.01s
[2025-08-22T04:25:34.726+0000][1692535][info ][safepoint   ] Safepoint "G1CollectForAllocation", Time since last: 705212534027 ns, Reaching safepoint: 7581 ns, Cleanup: 2935 ns, At safepoint: 2449058 ns, Total: 2459574 ns
[2025-08-22T04:37:20.301+0000][1692535][info ][gc,start    ] GC(529) Pause Young (Concurrent Start) (G1 Evacuation Pause)
[2025-08-22T04:37:20.302+0000][1692535][info ][gc,task     ] GC(529) Using 1 workers of 1 for evacuation
[2025-08-22T04:37:20.302+0000][1692535][debug][gc,age      ] GC(529) Desired survivor size 20971520 bytes, new threshold 15 (max threshold 15)
[2025-08-22T04:37:20.305+0000][1692535][info ][gc,phases   ] GC(529)   Pre Evacuate Collection Set: 0.0ms
[2025-08-22T04:37:20.305+0000][1692535][info ][gc,phases   ] GC(529)   Merge Heap Roots: 0.0ms
[2025-08-22T04:37:20.305+0000][1692535][info ][gc,phases   ] GC(529)   Evacuate Collection Set: 1.2ms
[2025-08-22T04:37:20.305+0000][1692535][info ][gc,phases   ] GC(529)   Post Evacuate Collection Set: 2.2ms
[2025-08-22T04:37:20.305+0000][1692535][info ][gc,phases   ] GC(529)   Other: 0.0ms
[2025-08-22T04:37:20.305+0000][1692535][trace][gc,age      ] GC(529) Age table with threshold 15 (max threshold 15)
[2025-08-22T04:37:20.305+0000][1692535][trace][gc,age      ] GC(529) - age   1:      11240 bytes,      11240 total
[2025-08-22T04:37:20.305+0000][1692535][trace][gc,age      ] GC(529) - age   5:        176 bytes,      11416 total
[2025-08-22T04:37:20.305+0000][1692535][info ][gc,heap     ] GC(529) Eden regions: 75->0(75)
[2025-08-22T04:37:20.305+0000][1692535][info ][gc,heap     ] GC(529) Survivor regions: 1->1(10)
[2025-08-22T04:37:20.305+0000][1692535][info ][gc,heap     ] GC(529) Old regions: 22->22
[2025-08-22T04:37:20.305+0000][1692535][info ][gc,heap     ] GC(529) Humongous regions: 0->0
[2025-08-22T04:37:20.305+0000][1692535][info ][gc,metaspace] GC(529) Metaspace: 138326K(143872K)->138326K(143872K) NonClass: 120088K(123392K)->120088K(123392K) Class: 18238K(20480K)->18238K(20480K)
[2025-08-22T04:37:20.305+0000][1692535][info ][gc          ] GC(529) Pause Young (Concurrent Start) (G1 Evacuation Pause) 386M->86M(512M) 3.782ms
[2025-08-22T04:37:20.305+0000][1692535][info ][gc,cpu      ] GC(529) User=0.00s Sys=0.00s Real=0.00s
[2025-08-22T04:37:20.305+0000][1692535][info ][safepoint   ] Safepoint "G1CollectForAllocation", Time since last: 705575677772 ns, Reaching safepoint: 7422 ns, Cleanup: 2944 ns, At safepoint: 3821681 ns, Total: 3832047 ns
[2025-08-22T04:37:20.311+0000][1692535][info ][gc          ] GC(530) Concurrent Mark Cycle
[2025-08-22T04:37:20.311+0000][1692535][info ][gc,marking  ] GC(530) Concurrent Scan Root Regions
[2025-08-22T04:37:20.312+0000][1692535][info ][gc,marking  ] GC(530) Concurrent Scan Root Regions 0.404ms
[2025-08-22T04:37:20.312+0000][1692535][info ][gc,marking  ] GC(530) Concurrent Mark
[2025-08-22T04:37:20.312+0000][1692535][info ][gc,marking  ] GC(530) Concurrent Mark From Roots
[2025-08-22T04:37:20.312+0000][1692535][info ][gc,task     ] GC(530) Using 1 workers of 1 for marking
[2025-08-22T04:37:20.414+0000][1692535][info ][gc,marking  ] GC(530) Concurrent Mark From Roots 102.138ms
[2025-08-22T04:37:20.414+0000][1692535][info ][gc,marking  ] GC(530) Concurrent Preclean
[2025-08-22T04:37:20.414+0000][1692535][info ][gc,marking  ] GC(530) Concurrent Preclean 0.252ms
[2025-08-22T04:37:20.414+0000][1692535][info ][gc,start    ] GC(530) Pause Remark
[2025-08-22T04:37:20.426+0000][1692535][info ][gc          ] GC(530) Pause Remark 89M->89M(512M) 12.152ms
[2025-08-22T04:37:20.426+0000][1692535][info ][gc,cpu      ] GC(530) User=0.01s Sys=0.00s Real=0.02s
[2025-08-22T04:37:20.426+0000][1692535][info ][safepoint   ] Safepoint "G1PauseRemark", Time since last: 108983530 ns, Reaching safepoint: 4747 ns, Cleanup: 2634 ns, At safepoint: 12200703 ns, Total: 12208084 ns
[2025-08-22T04:37:20.426+0000][1692535][info ][gc,marking  ] GC(530) Concurrent Mark 114.695ms
[2025-08-22T04:37:20.426+0000][1692535][info ][gc,marking  ] GC(530) Concurrent Rebuild Remembered Sets and Scrub Regions
[2025-08-22T04:37:20.463+0000][1692535][info ][gc,marking  ] GC(530) Concurrent Rebuild Remembered Sets and Scrub Regions 36.799ms
[2025-08-22T04:37:20.463+0000][1692535][info ][gc,start    ] GC(530) Pause Cleanup
[2025-08-22T04:37:20.463+0000][1692535][info ][gc          ] GC(530) Pause Cleanup 89M->89M(512M) 0.036ms
[2025-08-22T04:37:20.463+0000][1692535][info ][gc,cpu      ] GC(530) User=0.00s Sys=0.00s Real=0.00s
[2025-08-22T04:37:20.463+0000][1692535][info ][safepoint   ] Safepoint "G1PauseCleanup", Time since last: 36846316 ns, Reaching safepoint: 3826 ns, Cleanup: 14171 ns, At safepoint: 73411 ns, Total: 91408 ns
[2025-08-22T04:37:20.463+0000][1692535][info ][gc,marking  ] GC(530) Concurrent Clear Claimed Marks
[2025-08-22T04:37:20.464+0000][1692535][info ][gc,marking  ] GC(530) Concurrent Clear Claimed Marks 0.128ms
[2025-08-22T04:37:20.464+0000][1692535][info ][gc,marking  ] GC(530) Concurrent Cleanup for Next Mark
[2025-08-22T04:37:20.477+0000][1692535][info ][gc,marking  ] GC(530) Concurrent Cleanup for Next Mark 13.061ms
[2025-08-22T04:37:20.477+0000][1692535][info ][gc          ] GC(530) Concurrent Mark Cycle 165.253ms
[2025-08-22T04:49:05.895+0000][1692535][info ][gc,start    ] GC(531) Pause Young (Normal) (G1 Evacuation Pause)
[2025-08-22T04:49:05.895+0000][1692535][info ][gc,task     ] GC(531) Using 1 workers of 1 for evacuation
[2025-08-22T04:49:05.895+0000][1692535][debug][gc,age      ] GC(531) Desired survivor size 20971520 bytes, new threshold 15 (max threshold 15)
[2025-08-22T04:49:05.897+0000][1692535][info ][gc,phases   ] GC(531)   Pre Evacuate Collection Set: 0.0ms
[2025-08-22T04:49:05.897+0000][1692535][info ][gc,phases   ] GC(531)   Merge Heap Roots: 0.0ms
[2025-08-22T04:49:05.897+0000][1692535][info ][gc,phases   ] GC(531)   Evacuate Collection Set: 1.6ms
[2025-08-22T04:49:05.897+0000][1692535][info ][gc,phases   ] GC(531)   Post Evacuate Collection Set: 0.7ms
[2025-08-22T04:49:05.897+0000][1692535][info ][gc,phases   ] GC(531)   Other: 0.4ms
[2025-08-22T04:49:05.897+0000][1692535][trace][gc,age      ] GC(531) Age table with threshold 15 (max threshold 15)
[2025-08-22T04:49:05.897+0000][1692535][trace][gc,age      ] GC(531) - age   1:      11208 bytes,      11208 total
[2025-08-22T04:49:05.897+0000][1692535][info ][gc,heap     ] GC(531) Eden regions: 75->0(75)
[2025-08-22T04:49:05.897+0000][1692535][info ][gc,heap     ] GC(531) Survivor regions: 1->1(10)
[2025-08-22T04:49:05.897+0000][1692535][info ][gc,heap     ] GC(531) Old regions: 22->22
[2025-08-22T04:49:05.897+0000][1692535][info ][gc,heap     ] GC(531) Humongous regions: 0->0
[2025-08-22T04:49:05.897+0000][1692535][info ][gc,metaspace] GC(531) Metaspace: 138326K(143872K)->138326K(143872K) NonClass: 120088K(123392K)->120088K(123392K) Class: 18238K(20480K)->18238K(20480K)
[2025-08-22T04:49:05.897+0000][1692535][info ][gc          ] GC(531) Pause Young (Normal) (G1 Evacuation Pause) 386M->86M(512M) 2.954ms
[2025-08-22T04:49:05.897+0000][1692535][info ][gc,cpu      ] GC(531) User=0.00s Sys=0.00s Real=0.01s
[2025-08-22T04:49:05.898+0000][1692535][info ][safepoint   ] Safepoint "G1CollectForAllocation", Time since last: 705431112527 ns, Reaching safepoint: 7381 ns, Cleanup: 2884 ns, At safepoint: 2987912 ns, Total: 2998177 ns
[2025-08-22T05:00:51.013+0000][1692535][info ][gc,start    ] GC(532) Pause Young (Concurrent Start) (G1 Evacuation Pause)
[2025-08-22T05:00:51.014+0000][1692535][info ][gc,task     ] GC(532) Using 1 workers of 1 for evacuation
[2025-08-22T05:00:51.014+0000][1692535][debug][gc,age      ] GC(532) Desired survivor size 20971520 bytes, new threshold 15 (max threshold 15)
[2025-08-22T05:00:51.016+0000][1692535][info ][gc,phases   ] GC(532)   Pre Evacuate Collection Set: 0.0ms
[2025-08-22T05:00:51.016+0000][1692535][info ][gc,phases   ] GC(532)   Merge Heap Roots: 0.0ms
[2025-08-22T05:00:51.016+0000][1692535][info ][gc,phases   ] GC(532)   Evacuate Collection Set: 1.1ms
[2025-08-22T05:00:51.016+0000][1692535][info ][gc,phases   ] GC(532)   Post Evacuate Collection Set: 0.7ms
[2025-08-22T05:00:51.016+0000][1692535][info ][gc,phases   ] GC(532)   Other: 0.0ms
[2025-08-22T05:00:51.016+0000][1692535][trace][gc,age      ] GC(532) Age table with threshold 15 (max threshold 15)
[2025-08-22T05:00:51.016+0000][1692535][trace][gc,age      ] GC(532) - age   1:       9272 bytes,       9272 total
[2025-08-22T05:00:51.016+0000][1692535][trace][gc,age      ] GC(532) - age   2:        352 bytes,       9624 total
[2025-08-22T05:00:51.016+0000][1692535][info ][gc,heap     ] GC(532) Eden regions: 75->0(75)
[2025-08-22T05:00:51.016+0000][1692535][info ][gc,heap     ] GC(532) Survivor regions: 1->1(10)
[2025-08-22T05:00:51.016+0000][1692535][info ][gc,heap     ] GC(532) Old regions: 22->22
[2025-08-22T05:00:51.016+0000][1692535][info ][gc,heap     ] GC(532) Humongous regions: 0->0
[2025-08-22T05:00:51.016+0000][1692535][info ][gc,metaspace] GC(532) Metaspace: 138326K(143872K)->138326K(143872K) NonClass: 120088K(123392K)->120088K(123392K) Class: 18238K(20480K)->18238K(20480K)
[2025-08-22T05:00:51.016+0000][1692535][info ][gc          ] GC(532) Pause Young (Concurrent Start) (G1 Evacuation Pause) 386M->86M(512M) 2.513ms
[2025-08-22T05:00:51.016+0000][1692535][info ][gc,cpu      ] GC(532) User=0.00s Sys=0.00s Real=0.01s
[2025-08-22T05:00:51.016+0000][1692535][info ][safepoint   ] Safepoint "G1CollectForAllocation", Time since last: 705115521387 ns, Reaching safepoint: 7010 ns, Cleanup: 3496 ns, At safepoint: 2550180 ns, Total: 2560686 ns
[2025-08-22T05:00:51.021+0000][1692535][info ][gc          ] GC(533) Concurrent Mark Cycle
[2025-08-22T05:00:51.021+0000][1692535][info ][gc,marking  ] GC(533) Concurrent Scan Root Regions
[2025-08-22T05:00:51.022+0000][1692535][info ][gc,marking  ] GC(533) Concurrent Scan Root Regions 0.455ms
[2025-08-22T05:00:51.022+0000][1692535][info ][gc,marking  ] GC(533) Concurrent Mark
[2025-08-22T05:00:51.022+0000][1692535][info ][gc,marking  ] GC(533) Concurrent Mark From Roots
[2025-08-22T05:00:51.022+0000][1692535][info ][gc,task     ] GC(533) Using 1 workers of 1 for marking
[2025-08-22T05:00:51.122+0000][1692535][info ][gc,marking  ] GC(533) Concurrent Mark From Roots 100.535ms
[2025-08-22T05:00:51.122+0000][1692535][info ][gc,marking  ] GC(533) Concurrent Preclean
[2025-08-22T05:00:51.123+0000][1692535][info ][gc,marking  ] GC(533) Concurrent Preclean 0.213ms
[2025-08-22T05:00:51.123+0000][1692535][info ][gc,start    ] GC(533) Pause Remark
[2025-08-22T05:00:51.126+0000][1692535][info ][gc          ] GC(533) Pause Remark 86M->86M(512M) 3.074ms
[2025-08-22T05:00:51.126+0000][1692535][info ][gc,cpu      ] GC(533) User=0.00s Sys=0.00s Real=0.01s
[2025-08-22T05:00:51.126+0000][1692535][info ][safepoint   ] Safepoint "G1PauseRemark", Time since last: 107052523 ns, Reaching safepoint: 4788 ns, Cleanup: 2894 ns, At safepoint: 3114563 ns, Total: 3122245 ns
[2025-08-22T05:00:51.126+0000][1692535][info ][gc,marking  ] GC(533) Concurrent Mark 103.940ms
[2025-08-22T05:00:51.126+0000][1692535][info ][gc,marking  ] GC(533) Concurrent Rebuild Remembered Sets and Scrub Regions
[2025-08-22T05:00:51.171+0000][1692535][info ][gc,marking  ] GC(533) Concurrent Rebuild Remembered Sets and Scrub Regions 45.393ms
[2025-08-22T05:00:51.171+0000][1692535][info ][gc,start    ] GC(533) Pause Cleanup
[2025-08-22T05:00:51.171+0000][1692535][info ][gc          ] GC(533) Pause Cleanup 89M->89M(512M) 0.032ms
[2025-08-22T05:00:51.171+0000][1692535][info ][gc,cpu      ] GC(533) User=0.00s Sys=0.00s Real=0.00s
[2025-08-22T05:00:51.171+0000][1692535][info ][safepoint   ] Safepoint "G1PauseCleanup", Time since last: 45446031 ns, Reaching safepoint: 3395 ns, Cleanup: 1131 ns, At safepoint: 55554 ns, Total: 60080 ns
[2025-08-22T05:00:51.171+0000][1692535][info ][gc,marking  ] GC(533) Concurrent Clear Claimed Marks
[2025-08-22T05:00:51.171+0000][1692535][info ][gc,marking  ] GC(533) Concurrent Clear Claimed Marks 0.142ms
[2025-08-22T05:00:51.171+0000][1692535][info ][gc,marking  ] GC(533) Concurrent Cleanup for Next Mark
[2025-08-22T05:00:51.185+0000][1692535][info ][gc,marking  ] GC(533) Concurrent Cleanup for Next Mark 13.181ms
[2025-08-22T05:00:51.185+0000][1692535][info ][gc          ] GC(533) Concurrent Mark Cycle 163.256ms
[2025-08-22T05:12:36.792+0000][1692535][info ][gc,start    ] GC(534) Pause Young (Normal) (G1 Evacuation Pause)
[2025-08-22T05:12:36.793+0000][1692535][info ][gc,task     ] GC(534) Using 1 workers of 1 for evacuation
[2025-08-22T05:12:36.793+0000][1692535][debug][gc,age      ] GC(534) Desired survivor size 20971520 bytes, new threshold 15 (max threshold 15)
[2025-08-22T05:12:36.797+0000][1692535][info ][gc,phases   ] GC(534)   Pre Evacuate Collection Set: 0.0ms
[2025-08-22T05:12:36.797+0000][1692535][info ][gc,phases   ] GC(534)   Merge Heap Roots: 0.0ms
[2025-08-22T05:12:36.797+0000][1692535][info ][gc,phases   ] GC(534)   Evacuate Collection Set: 1.4ms
[2025-08-22T05:12:36.797+0000][1692535][info ][gc,phases   ] GC(534)   Post Evacuate Collection Set: 2.4ms
[2025-08-22T05:12:36.797+0000][1692535][info ][gc,phases   ] GC(534)   Other: 0.0ms
[2025-08-22T05:12:36.797+0000][1692535][trace][gc,age      ] GC(534) Age table with threshold 15 (max threshold 15)
[2025-08-22T05:12:36.797+0000][1692535][trace][gc,age      ] GC(534) - age   1:      10856 bytes,      10856 total
[2025-08-22T05:12:36.797+0000][1692535][trace][gc,age      ] GC(534) - age   2:        176 bytes,      11032 total
[2025-08-22T05:12:36.797+0000][1692535][trace][gc,age      ] GC(534) - age   3:        176 bytes,      11208 total
[2025-08-22T05:12:36.797+0000][1692535][info ][gc,heap     ] GC(534) Eden regions: 75->0(75)
[2025-08-22T05:12:36.797+0000][1692535][info ][gc,heap     ] GC(534) Survivor regions: 1->1(10)
[2025-08-22T05:12:36.797+0000][1692535][info ][gc,heap     ] GC(534) Old regions: 22->22
[2025-08-22T05:12:36.797+0000][1692535][info ][gc,heap     ] GC(534) Humongous regions: 0->0
[2025-08-22T05:12:36.797+0000][1692535][info ][gc,metaspace] GC(534) Metaspace: 138326K(143872K)->138326K(143872K) NonClass: 120088K(123392K)->120088K(123392K) Class: 18238K(20480K)->18238K(20480K)
[2025-08-22T05:12:36.797+0000][1692535][info ][gc          ] GC(534) Pause Young (Normal) (G1 Evacuation Pause) 386M->86M(512M) 4.109ms
[2025-08-22T05:12:36.797+0000][1692535][info ][gc,cpu      ] GC(534) User=0.00s Sys=0.00s Real=0.01s
[2025-08-22T05:12:36.797+0000][1692535][info ][safepoint   ] Safepoint "G1CollectForAllocation", Time since last: 705621173922 ns, Reaching safepoint: 7181 ns, Cleanup: 2704 ns, At safepoint: 4142735 ns, Total: 4152620 ns
[2025-08-22T05:24:22.101+0000][1692535][info ][gc,start    ] GC(535) Pause Young (Concurrent Start) (G1 Evacuation Pause)
[2025-08-22T05:24:22.102+0000][1692535][info ][gc,task     ] GC(535) Using 1 workers of 1 for evacuation
[2025-08-22T05:24:22.102+0000][1692535][debug][gc,age      ] GC(535) Desired survivor size 20971520 bytes, new threshold 15 (max threshold 15)
[2025-08-22T05:24:22.104+0000][1692535][info ][gc,phases   ] GC(535)   Pre Evacuate Collection Set: 0.0ms
[2025-08-22T05:24:22.104+0000][1692535][info ][gc,phases   ] GC(535)   Merge Heap Roots: 0.0ms
[2025-08-22T05:24:22.104+0000][1692535][info ][gc,phases   ] GC(535)   Evacuate Collection Set: 1.1ms
[2025-08-22T05:24:22.104+0000][1692535][info ][gc,phases   ] GC(535)   Post Evacuate Collection Set: 1.3ms
[2025-08-22T05:24:22.104+0000][1692535][info ][gc,phases   ] GC(535)   Other: 0.0ms
[2025-08-22T05:24:22.104+0000][1692535][trace][gc,age      ] GC(535) Age table with threshold 15 (max threshold 15)
[2025-08-22T05:24:22.104+0000][1692535][trace][gc,age      ] GC(535) - age   1:       9560 bytes,       9560 total
[2025-08-22T05:24:22.104+0000][1692535][trace][gc,age      ] GC(535) - age   4:        176 bytes,       9736 total
[2025-08-22T05:24:22.104+0000][1692535][info ][gc,heap     ] GC(535) Eden regions: 75->0(75)
[2025-08-22T05:24:22.104+0000][1692535][info ][gc,heap     ] GC(535) Survivor regions: 1->1(10)
[2025-08-22T05:24:22.104+0000][1692535][info ][gc,heap     ] GC(535) Old regions: 22->22
[2025-08-22T05:24:22.104+0000][1692535][info ][gc,heap     ] GC(535) Humongous regions: 0->0
[2025-08-22T05:24:22.104+0000][1692535][info ][gc,metaspace] GC(535) Metaspace: 138326K(143872K)->138326K(143872K) NonClass: 120088K(123392K)->120088K(123392K) Class: 18238K(20480K)->18238K(20480K)
[2025-08-22T05:24:22.104+0000][1692535][info ][gc          ] GC(535) Pause Young (Concurrent Start) (G1 Evacuation Pause) 386M->86M(512M) 2.926ms
[2025-08-22T05:24:22.104+0000][1692535][info ][gc,cpu      ] GC(535) User=0.00s Sys=0.00s Real=0.00s
[2025-08-22T05:24:22.104+0000][1692535][info ][safepoint   ] Safepoint "G1CollectForAllocation", Time since last: 705304560396 ns, Reaching safepoint: 8422 ns, Cleanup: 3586 ns, At safepoint: 2971476 ns, Total: 2983484 ns
[2025-08-22T05:24:22.108+0000][1692535][info ][gc          ] GC(536) Concurrent Mark Cycle
[2025-08-22T05:24:22.108+0000][1692535][info ][gc,marking  ] GC(536) Concurrent Scan Root Regions
[2025-08-22T05:24:22.110+0000][1692535][info ][gc,marking  ] GC(536) Concurrent Scan Root Regions 1.431ms
[2025-08-22T05:24:22.110+0000][1692535][info ][gc,marking  ] GC(536) Concurrent Mark
[2025-08-22T05:24:22.110+0000][1692535][info ][gc,marking  ] GC(536) Concurrent Mark From Roots
[2025-08-22T05:24:22.110+0000][1692535][info ][gc,task     ] GC(536) Using 1 workers of 1 for marking
[2025-08-22T05:24:22.219+0000][1692535][info ][gc,marking  ] GC(536) Concurrent Mark From Roots 108.956ms
[2025-08-22T05:24:22.219+0000][1692535][info ][gc,marking  ] GC(536) Concurrent Preclean
[2025-08-22T05:24:22.219+0000][1692535][info ][gc,marking  ] GC(536) Concurrent Preclean 0.248ms
[2025-08-22T05:24:22.219+0000][1692535][info ][gc,start    ] GC(536) Pause Remark
[2025-08-22T05:24:22.222+0000][1692535][info ][gc          ] GC(536) Pause Remark 90M->90M(512M) 3.030ms
[2025-08-22T05:24:22.222+0000][1692535][info ][gc,cpu      ] GC(536) User=0.00s Sys=0.00s Real=0.00s
[2025-08-22T05:24:22.222+0000][1692535][info ][safepoint   ] Safepoint "G1PauseRemark", Time since last: 114930449 ns, Reaching safepoint: 4737 ns, Cleanup: 2904 ns, At safepoint: 3066591 ns, Total: 3074232 ns
[2025-08-22T05:24:22.222+0000][1692535][info ][gc,marking  ] GC(536) Concurrent Mark 112.343ms
[2025-08-22T05:24:22.222+0000][1692535][info ][gc,marking  ] GC(536) Concurrent Rebuild Remembered Sets and Scrub Regions
[2025-08-22T05:24:22.263+0000][1692535][info ][gc,marking  ] GC(536) Concurrent Rebuild Remembered Sets and Scrub Regions 41.145ms
[2025-08-22T05:24:22.263+0000][1692535][info ][gc,start    ] GC(536) Pause Cleanup
[2025-08-22T05:24:22.263+0000][1692535][info ][gc          ] GC(536) Pause Cleanup 90M->90M(512M) 0.031ms
[2025-08-22T05:24:22.263+0000][1692535][info ][gc,cpu      ] GC(536) User=0.00s Sys=0.00s Real=0.00s
[2025-08-22T05:24:22.263+0000][1692535][info ][safepoint   ] Safepoint "G1PauseCleanup", Time since last: 41195723 ns, Reaching safepoint: 3125 ns, Cleanup: 1642 ns, At safepoint: 58198 ns, Total: 62965 ns
[2025-08-22T05:24:22.263+0000][1692535][info ][gc,marking  ] GC(536) Concurrent Clear Claimed Marks
[2025-08-22T05:24:22.264+0000][1692535][info ][gc,marking  ] GC(536) Concurrent Clear Claimed Marks 0.128ms
[2025-08-22T05:24:22.264+0000][1692535][info ][gc,marking  ] GC(536) Concurrent Cleanup for Next Mark
[2025-08-22T05:24:22.267+0000][1692535][info ][gc,marking  ] GC(536) Concurrent Cleanup for Next Mark 3.191ms
[2025-08-22T05:24:22.267+0000][1692535][info ][gc          ] GC(536) Concurrent Mark Cycle 158.384ms
[2025-08-22T05:36:07.637+0000][1692535][info ][gc,start    ] GC(537) Pause Young (Normal) (G1 Evacuation Pause)
[2025-08-22T05:36:07.637+0000][1692535][info ][gc,task     ] GC(537) Using 1 workers of 1 for evacuation
[2025-08-22T05:36:07.637+0000][1692535][debug][gc,age      ] GC(537) Desired survivor size 20971520 bytes, new threshold 15 (max threshold 15)
[2025-08-22T05:36:07.642+0000][1692535][info ][gc,phases   ] GC(537)   Pre Evacuate Collection Set: 0.4ms
[2025-08-22T05:36:07.642+0000][1692535][info ][gc,phases   ] GC(537)   Merge Heap Roots: 0.0ms
[2025-08-22T05:36:07.642+0000][1692535][info ][gc,phases   ] GC(537)   Evacuate Collection Set: 1.4ms
[2025-08-22T05:36:07.642+0000][1692535][info ][gc,phases   ] GC(537)   Post Evacuate Collection Set: 2.9ms
[2025-08-22T05:36:07.642+0000][1692535][info ][gc,phases   ] GC(537)   Other: 0.0ms
[2025-08-22T05:36:07.642+0000][1692535][trace][gc,age      ] GC(537) Age table with threshold 15 (max threshold 15)
[2025-08-22T05:36:07.642+0000][1692535][trace][gc,age      ] GC(537) - age   1:      11032 bytes,      11032 total
[2025-08-22T05:36:07.642+0000][1692535][trace][gc,age      ] GC(537) - age   5:        176 bytes,      11208 total
[2025-08-22T05:36:07.642+0000][1692535][info ][gc,heap     ] GC(537) Eden regions: 75->0(75)
[2025-08-22T05:36:07.642+0000][1692535][info ][gc,heap     ] GC(537) Survivor regions: 1->1(10)
[2025-08-22T05:36:07.642+0000][1692535][info ][gc,heap     ] GC(537) Old regions: 22->22
[2025-08-22T05:36:07.642+0000][1692535][info ][gc,heap     ] GC(537) Humongous regions: 0->0
[2025-08-22T05:36:07.642+0000][1692535][info ][gc,metaspace] GC(537) Metaspace: 138326K(143872K)->138326K(143872K) NonClass: 120088K(123392K)->120088K(123392K) Class: 18238K(20480K)->18238K(20480K)
[2025-08-22T05:36:07.642+0000][1692535][info ][gc          ] GC(537) Pause Young (Normal) (G1 Evacuation Pause) 386M->86M(512M) 5.101ms
[2025-08-22T05:36:07.642+0000][1692535][info ][gc,cpu      ] GC(537) User=0.00s Sys=0.00s Real=0.00s
[2025-08-22T05:36:07.642+0000][1692535][info ][safepoint   ] Safepoint "G1CollectForAllocation", Time since last: 705373430574 ns, Reaching safepoint: 7962 ns, Cleanup: 3275 ns, At safepoint: 5136746 ns, Total: 5147983 ns
[2025-08-22T05:47:53.136+0000][1692535][info ][gc,start    ] GC(538) Pause Young (Concurrent Start) (G1 Evacuation Pause)
[2025-08-22T05:47:53.136+0000][1692535][info ][gc,task     ] GC(538) Using 1 workers of 1 for evacuation
[2025-08-22T05:47:53.136+0000][1692535][debug][gc,age      ] GC(538) Desired survivor size 20971520 bytes, new threshold 15 (max threshold 15)
[2025-08-22T05:47:53.138+0000][1692535][info ][gc,phases   ] GC(538)   Pre Evacuate Collection Set: 0.0ms
[2025-08-22T05:47:53.138+0000][1692535][info ][gc,phases   ] GC(538)   Merge Heap Roots: 0.0ms
[2025-08-22T05:47:53.138+0000][1692535][info ][gc,phases   ] GC(538)   Evacuate Collection Set: 1.2ms
[2025-08-22T05:47:53.138+0000][1692535][info ][gc,phases   ] GC(538)   Post Evacuate Collection Set: 0.7ms
[2025-08-22T05:47:53.138+0000][1692535][info ][gc,phases   ] GC(538)   Other: 0.0ms
[2025-08-22T05:47:53.138+0000][1692535][trace][gc,age      ] GC(538) Age table with threshold 15 (max threshold 15)
[2025-08-22T05:47:53.138+0000][1692535][trace][gc,age      ] GC(538) - age   1:      11232 bytes,      11232 total
[2025-08-22T05:47:53.138+0000][1692535][info ][gc,heap     ] GC(538) Eden regions: 75->0(75)
[2025-08-22T05:47:53.138+0000][1692535][info ][gc,heap     ] GC(538) Survivor regions: 1->1(10)
[2025-08-22T05:47:53.138+0000][1692535][info ][gc,heap     ] GC(538) Old regions: 22->22
[2025-08-22T05:47:53.138+0000][1692535][info ][gc,heap     ] GC(538) Humongous regions: 0->0
[2025-08-22T05:47:53.138+0000][1692535][info ][gc,metaspace] GC(538) Metaspace: 138329K(143872K)->138329K(143872K) NonClass: 120091K(123392K)->120091K(123392K) Class: 18238K(20480K)->18238K(20480K)
[2025-08-22T05:47:53.138+0000][1692535][info ][gc          ] GC(538) Pause Young (Concurrent Start) (G1 Evacuation Pause) 386M->86M(512M) 2.267ms
[2025-08-22T05:47:53.138+0000][1692535][info ][gc,cpu      ] GC(538) User=0.00s Sys=0.00s Real=0.00s
[2025-08-22T05:47:53.138+0000][1692535][info ][safepoint   ] Safepoint "G1CollectForAllocation", Time since last: 705493717708 ns, Reaching safepoint: 13931 ns, Cleanup: 2964 ns, At safepoint: 2304710 ns, Total: 2321605 ns
[2025-08-22T05:47:53.142+0000][1692535][info ][gc          ] GC(539) Concurrent Mark Cycle
[2025-08-22T05:47:53.142+0000][1692535][info ][gc,marking  ] GC(539) Concurrent Scan Root Regions
[2025-08-22T05:47:53.143+0000][1692535][info ][gc,marking  ] GC(539) Concurrent Scan Root Regions 0.636ms
[2025-08-22T05:47:53.143+0000][1692535][info ][gc,marking  ] GC(539) Concurrent Mark
[2025-08-22T05:47:53.143+0000][1692535][info ][gc,marking  ] GC(539) Concurrent Mark From Roots
[2025-08-22T05:47:53.143+0000][1692535][info ][gc,task     ] GC(539) Using 1 workers of 1 for marking
[2025-08-22T05:47:53.251+0000][1692535][info ][gc,marking  ] GC(539) Concurrent Mark From Roots 107.672ms
[2025-08-22T05:47:53.251+0000][1692535][info ][gc,marking  ] GC(539) Concurrent Preclean
[2025-08-22T05:47:53.251+0000][1692535][info ][gc,marking  ] GC(539) Concurrent Preclean 0.246ms
[2025-08-22T05:47:53.251+0000][1692535][info ][gc,start    ] GC(539) Pause Remark
[2025-08-22T05:47:53.254+0000][1692535][info ][gc          ] GC(539) Pause Remark 87M->87M(512M) 3.117ms
[2025-08-22T05:47:53.254+0000][1692535][info ][gc,cpu      ] GC(539) User=0.00s Sys=0.00s Real=0.00s
[2025-08-22T05:47:53.254+0000][1692535][info ][safepoint   ] Safepoint "G1PauseRemark", Time since last: 112980684 ns, Reaching safepoint: 4417 ns, Cleanup: 2654 ns, At safepoint: 3151589 ns, Total: 3158660 ns
[2025-08-22T05:47:53.254+0000][1692535][info ][gc,marking  ] GC(539) Concurrent Mark 111.161ms
[2025-08-22T05:47:53.254+0000][1692535][info ][gc,marking  ] GC(539) Concurrent Rebuild Remembered Sets and Scrub Regions
[2025-08-22T05:47:53.296+0000][1692535][info ][gc,marking  ] GC(539) Concurrent Rebuild Remembered Sets and Scrub Regions 41.619ms
[2025-08-22T05:47:53.296+0000][1692535][info ][gc,start    ] GC(539) Pause Cleanup
[2025-08-22T05:47:53.296+0000][1692535][info ][gc          ] GC(539) Pause Cleanup 87M->87M(512M) 0.034ms
[2025-08-22T05:47:53.296+0000][1692535][info ][gc,cpu      ] GC(539) User=0.00s Sys=0.00s Real=0.00s
[2025-08-22T05:47:53.296+0000][1692535][info ][safepoint   ] Safepoint "G1PauseCleanup", Time since last: 41666454 ns, Reaching safepoint: 3475 ns, Cleanup: 1542 ns, At safepoint: 57527 ns, Total: 62544 ns
[2025-08-22T05:47:53.296+0000][1692535][info ][gc,marking  ] GC(539) Concurrent Clear Claimed Marks
[2025-08-22T05:47:53.296+0000][1692535][info ][gc,marking  ] GC(539) Concurrent Clear Claimed Marks 0.120ms
[2025-08-22T05:47:53.296+0000][1692535][info ][gc,marking  ] GC(539) Concurrent Cleanup for Next Mark
[2025-08-22T05:47:53.300+0000][1692535][info ][gc,marking  ] GC(539) Concurrent Cleanup for Next Mark 4.408ms
[2025-08-22T05:47:53.300+0000][1692535][info ][gc          ] GC(539) Concurrent Mark Cycle 158.081ms
[2025-08-22T05:59:36.580+0000][1692535][info ][gc,start    ] GC(540) Pause Young (Normal) (G1 Evacuation Pause)
[2025-08-22T05:59:36.581+0000][1692535][info ][gc,task     ] GC(540) Using 1 workers of 1 for evacuation
[2025-08-22T05:59:36.581+0000][1692535][debug][gc,age      ] GC(540) Desired survivor size 20971520 bytes, new threshold 15 (max threshold 15)
[2025-08-22T05:59:36.583+0000][1692535][info ][gc,phases   ] GC(540)   Pre Evacuate Collection Set: 0.0ms
[2025-08-22T05:59:36.583+0000][1692535][info ][gc,phases   ] GC(540)   Merge Heap Roots: 0.0ms
[2025-08-22T05:59:36.583+0000][1692535][info ][gc,phases   ] GC(540)   Evacuate Collection Set: 1.3ms
[2025-08-22T05:59:36.583+0000][1692535][info ][gc,phases   ] GC(540)   Post Evacuate Collection Set: 0.7ms
[2025-08-22T05:59:36.583+0000][1692535][info ][gc,phases   ] GC(540)   Other: 0.0ms
[2025-08-22T05:59:36.583+0000][1692535][trace][gc,age      ] GC(540) Age table with threshold 15 (max threshold 15)
[2025-08-22T05:59:36.583+0000][1692535][trace][gc,age      ] GC(540) - age   1:       9456 bytes,       9456 total
[2025-08-22T05:59:36.583+0000][1692535][trace][gc,age      ] GC(540) - age   2:        352 bytes,       9808 total
[2025-08-22T05:59:36.583+0000][1692535][info ][gc,heap     ] GC(540) Eden regions: 75->0(75)
[2025-08-22T05:59:36.583+0000][1692535][info ][gc,heap     ] GC(540) Survivor regions: 1->1(10)
[2025-08-22T05:59:36.583+0000][1692535][info ][gc,heap     ] GC(540) Old regions: 22->22
[2025-08-22T05:59:36.583+0000][1692535][info ][gc,heap     ] GC(540) Humongous regions: 0->0
[2025-08-22T05:59:36.583+0000][1692535][info ][gc,metaspace] GC(540) Metaspace: 138329K(143872K)->138329K(143872K) NonClass: 120091K(123392K)->120091K(123392K) Class: 18238K(20480K)->18238K(20480K)
[2025-08-22T05:59:36.583+0000][1692535][info ][gc          ] GC(540) Pause Young (Normal) (G1 Evacuation Pause) 386M->86M(512M) 2.781ms
[2025-08-22T05:59:36.583+0000][1692535][info ][gc,cpu      ] GC(540) User=0.00s Sys=0.00s Real=0.00s
[2025-08-22T05:59:36.583+0000][1692535][info ][safepoint   ] Safepoint "G1CollectForAllocation", Time since last: 703284347768 ns, Reaching safepoint: 6981 ns, Cleanup: 3085 ns, At safepoint: 2814549 ns, Total: 2824615 ns
[2025-08-22T06:11:22.464+0000][1692535][info ][gc,start    ] GC(541) Pause Young (Concurrent Start) (G1 Evacuation Pause)
[2025-08-22T06:11:22.464+0000][1692535][info ][gc,task     ] GC(541) Using 1 workers of 1 for evacuation
[2025-08-22T06:11:22.464+0000][1692535][debug][gc,age      ] GC(541) Desired survivor size 20971520 bytes, new threshold 15 (max threshold 15)
[2025-08-22T06:11:22.466+0000][1692535][info ][gc,phases   ] GC(541)   Pre Evacuate Collection Set: 0.0ms
[2025-08-22T06:11:22.466+0000][1692535][info ][gc,phases   ] GC(541)   Merge Heap Roots: 0.0ms
[2025-08-22T06:11:22.466+0000][1692535][info ][gc,phases   ] GC(541)   Evacuate Collection Set: 1.1ms
[2025-08-22T06:11:22.466+0000][1692535][info ][gc,phases   ] GC(541)   Post Evacuate Collection Set: 0.7ms
[2025-08-22T06:11:22.466+0000][1692535][info ][gc,phases   ] GC(541)   Other: 0.0ms
[2025-08-22T06:11:22.466+0000][1692535][trace][gc,age      ] GC(541) Age table with threshold 15 (max threshold 15)
[2025-08-22T06:11:22.466+0000][1692535][trace][gc,age      ] GC(541) - age   1:      75608 bytes,      75608 total
[2025-08-22T06:11:22.466+0000][1692535][trace][gc,age      ] GC(541) - age   2:        176 bytes,      75784 total
[2025-08-22T06:11:22.466+0000][1692535][trace][gc,age      ] GC(541) - age   3:        176 bytes,      75960 total
[2025-08-22T06:11:22.466+0000][1692535][info ][gc,heap     ] GC(541) Eden regions: 75->0(75)
[2025-08-22T06:11:22.466+0000][1692535][info ][gc,heap     ] GC(541) Survivor regions: 1->1(10)
[2025-08-22T06:11:22.466+0000][1692535][info ][gc,heap     ] GC(541) Old regions: 22->22
[2025-08-22T06:11:22.466+0000][1692535][info ][gc,heap     ] GC(541) Humongous regions: 0->0
[2025-08-22T06:11:22.466+0000][1692535][info ][gc,metaspace] GC(541) Metaspace: 138329K(143872K)->138329K(143872K) NonClass: 120091K(123392K)->120091K(123392K) Class: 18238K(20480K)->18238K(20480K)
[2025-08-22T06:11:22.466+0000][1692535][info ][gc          ] GC(541) Pause Young (Concurrent Start) (G1 Evacuation Pause) 386M->86M(512M) 2.440ms
[2025-08-22T06:11:22.466+0000][1692535][info ][gc,cpu      ] GC(541) User=0.00s Sys=0.00s Real=0.01s
[2025-08-22T06:11:22.466+0000][1692535][info ][safepoint   ] Safepoint "G1CollectForAllocation", Time since last: 705880426288 ns, Reaching safepoint: 7832 ns, Cleanup: 4206 ns, At safepoint: 2476950 ns, Total: 2488988 ns
[2025-08-22T06:11:22.472+0000][1692535][info ][gc          ] GC(542) Concurrent Mark Cycle
[2025-08-22T06:11:22.472+0000][1692535][info ][gc,marking  ] GC(542) Concurrent Scan Root Regions
[2025-08-22T06:11:22.473+0000][1692535][info ][gc,marking  ] GC(542) Concurrent Scan Root Regions 0.580ms
[2025-08-22T06:11:22.473+0000][1692535][info ][gc,marking  ] GC(542) Concurrent Mark
[2025-08-22T06:11:22.473+0000][1692535][info ][gc,marking  ] GC(542) Concurrent Mark From Roots
[2025-08-22T06:11:22.473+0000][1692535][info ][gc,task     ] GC(542) Using 1 workers of 1 for marking
[2025-08-22T06:11:22.579+0000][1692535][info ][gc,marking  ] GC(542) Concurrent Mark From Roots 106.277ms
[2025-08-22T06:11:22.579+0000][1692535][info ][gc,marking  ] GC(542) Concurrent Preclean
[2025-08-22T06:11:22.579+0000][1692535][info ][gc,marking  ] GC(542) Concurrent Preclean 0.227ms
[2025-08-22T06:11:22.580+0000][1692535][info ][gc,start    ] GC(542) Pause Remark
[2025-08-22T06:11:22.583+0000][1692535][info ][gc          ] GC(542) Pause Remark 88M->88M(512M) 3.042ms
[2025-08-22T06:11:22.583+0000][1692535][info ][gc,cpu      ] GC(542) User=0.01s Sys=0.00s Real=0.00s
[2025-08-22T06:11:22.583+0000][1692535][info ][safepoint   ] Safepoint "G1PauseRemark", Time since last: 113531157 ns, Reaching safepoint: 5208 ns, Cleanup: 2494 ns, At safepoint: 3079890 ns, Total: 3087592 ns
[2025-08-22T06:11:22.583+0000][1692535][info ][gc,marking  ] GC(542) Concurrent Mark 109.654ms
[2025-08-22T06:11:22.583+0000][1692535][info ][gc,marking  ] GC(542) Concurrent Rebuild Remembered Sets and Scrub Regions
[2025-08-22T06:11:22.617+0000][1692535][info ][gc,marking  ] GC(542) Concurrent Rebuild Remembered Sets and Scrub Regions 34.313ms
[2025-08-22T06:11:22.617+0000][1692535][info ][gc,start    ] GC(542) Pause Cleanup
[2025-08-22T06:11:22.617+0000][1692535][info ][gc          ] GC(542) Pause Cleanup 88M->88M(512M) 0.069ms
[2025-08-22T06:11:22.617+0000][1692535][info ][gc,cpu      ] GC(542) User=0.00s Sys=0.00s Real=0.00s
[2025-08-22T06:11:22.617+0000][1692535][info ][safepoint   ] Safepoint "G1PauseCleanup", Time since last: 34357428 ns, Reaching safepoint: 3275 ns, Cleanup: 1122 ns, At safepoint: 94302 ns, Total: 98699 ns
[2025-08-22T06:11:22.617+0000][1692535][info ][gc,marking  ] GC(542) Concurrent Clear Claimed Marks
[2025-08-22T06:11:22.617+0000][1692535][info ][gc,marking  ] GC(542) Concurrent Clear Claimed Marks 0.120ms
[2025-08-22T06:11:22.617+0000][1692535][info ][gc,marking  ] GC(542) Concurrent Cleanup for Next Mark
[2025-08-22T06:11:22.630+0000][1692535][info ][gc,marking  ] GC(542) Concurrent Cleanup for Next Mark 12.409ms
[2025-08-22T06:11:22.630+0000][1692535][info ][gc          ] GC(542) Concurrent Mark Cycle 157.247ms
[2025-08-22T06:23:04.494+0000][1692535][info ][gc,start    ] GC(543) Pause Young (Normal) (G1 Evacuation Pause)
[2025-08-22T06:23:04.495+0000][1692535][info ][gc,task     ] GC(543) Using 1 workers of 1 for evacuation
[2025-08-22T06:23:04.495+0000][1692535][debug][gc,age      ] GC(543) Desired survivor size 20971520 bytes, new threshold 15 (max threshold 15)
[2025-08-22T06:23:04.497+0000][1692535][info ][gc,phases   ] GC(543)   Pre Evacuate Collection Set: 0.0ms
[2025-08-22T06:23:04.497+0000][1692535][info ][gc,phases   ] GC(543)   Merge Heap Roots: 0.0ms
[2025-08-22T06:23:04.497+0000][1692535][info ][gc,phases   ] GC(543)   Evacuate Collection Set: 1.3ms
[2025-08-22T06:23:04.497+0000][1692535][info ][gc,phases   ] GC(543)   Post Evacuate Collection Set: 0.7ms
[2025-08-22T06:23:04.497+0000][1692535][info ][gc,phases   ] GC(543)   Other: 0.0ms
[2025-08-22T06:23:04.497+0000][1692535][trace][gc,age      ] GC(543) Age table with threshold 15 (max threshold 15)
[2025-08-22T06:23:04.497+0000][1692535][trace][gc,age      ] GC(543) - age   1:      11064 bytes,      11064 total
[2025-08-22T06:23:04.497+0000][1692535][trace][gc,age      ] GC(543) - age   4:        176 bytes,      11240 total
[2025-08-22T06:23:04.497+0000][1692535][info ][gc,heap     ] GC(543) Eden regions: 75->0(75)
[2025-08-22T06:23:04.497+0000][1692535][info ][gc,heap     ] GC(543) Survivor regions: 1->1(10)
[2025-08-22T06:23:04.497+0000][1692535][info ][gc,heap     ] GC(543) Old regions: 22->22
[2025-08-22T06:23:04.497+0000][1692535][info ][gc,heap     ] GC(543) Humongous regions: 0->0
[2025-08-22T06:23:04.497+0000][1692535][info ][gc,metaspace] GC(543) Metaspace: 138329K(143872K)->138329K(143872K) NonClass: 120091K(123392K)->120091K(123392K) Class: 18238K(20480K)->18238K(20480K)
[2025-08-22T06:23:04.497+0000][1692535][info ][gc          ] GC(543) Pause Young (Normal) (G1 Evacuation Pause) 386M->86M(512M) 2.385ms
[2025-08-22T06:23:04.497+0000][1692535][info ][gc,cpu      ] GC(543) User=0.01s Sys=0.00s Real=0.01s
[2025-08-22T06:23:04.497+0000][1692535][info ][safepoint   ] Safepoint "G1CollectForAllocation", Time since last: 701877402326 ns, Reaching safepoint: 7301 ns, Cleanup: 3014 ns, At safepoint: 2418131 ns, Total: 2428446 ns
[2025-08-22T06:34:49.921+0000][1692535][info ][gc,start    ] GC(544) Pause Young (Concurrent Start) (G1 Evacuation Pause)
[2025-08-22T06:34:49.922+0000][1692535][info ][gc,task     ] GC(544) Using 1 workers of 1 for evacuation
[2025-08-22T06:34:49.922+0000][1692535][debug][gc,age      ] GC(544) Desired survivor size 20971520 bytes, new threshold 15 (max threshold 15)
[2025-08-22T06:34:49.924+0000][1692535][info ][gc,phases   ] GC(544)   Pre Evacuate Collection Set: 0.0ms
[2025-08-22T06:34:49.924+0000][1692535][info ][gc,phases   ] GC(544)   Merge Heap Roots: 0.0ms
[2025-08-22T06:34:49.924+0000][1692535][info ][gc,phases   ] GC(544)   Evacuate Collection Set: 1.1ms
[2025-08-22T06:34:49.924+0000][1692535][info ][gc,phases   ] GC(544)   Post Evacuate Collection Set: 0.7ms
[2025-08-22T06:34:49.924+0000][1692535][info ][gc,phases   ] GC(544)   Other: 0.0ms
[2025-08-22T06:34:49.924+0000][1692535][trace][gc,age      ] GC(544) Age table with threshold 15 (max threshold 15)
[2025-08-22T06:34:49.924+0000][1692535][trace][gc,age      ] GC(544) - age   1:       9392 bytes,       9392 total
[2025-08-22T06:34:49.924+0000][1692535][trace][gc,age      ] GC(544) - age   5:        176 bytes,       9568 total
[2025-08-22T06:34:49.924+0000][1692535][info ][gc,heap     ] GC(544) Eden regions: 75->0(75)
[2025-08-22T06:34:49.924+0000][1692535][info ][gc,heap     ] GC(544) Survivor regions: 1->1(10)
[2025-08-22T06:34:49.924+0000][1692535][info ][gc,heap     ] GC(544) Old regions: 22->22
[2025-08-22T06:34:49.924+0000][1692535][info ][gc,heap     ] GC(544) Humongous regions: 0->0
[2025-08-22T06:34:49.924+0000][1692535][info ][gc,metaspace] GC(544) Metaspace: 138329K(143872K)->138329K(143872K) NonClass: 120091K(123392K)->120091K(123392K) Class: 18238K(20480K)->18238K(20480K)
[2025-08-22T06:34:49.924+0000][1692535][info ][gc          ] GC(544) Pause Young (Concurrent Start) (G1 Evacuation Pause) 386M->86M(512M) 2.304ms
[2025-08-22T06:34:49.924+0000][1692535][info ][gc,cpu      ] GC(544) User=0.00s Sys=0.00s Real=0.00s
[2025-08-22T06:34:49.924+0000][1692535][info ][safepoint   ] Safepoint "G1CollectForAllocation", Time since last: 705424492653 ns, Reaching safepoint: 7982 ns, Cleanup: 3215 ns, At safepoint: 2342116 ns, Total: 2353313 ns
[2025-08-22T06:34:49.927+0000][1692535][info ][gc          ] GC(545) Concurrent Mark Cycle
[2025-08-22T06:34:49.927+0000][1692535][info ][gc,marking  ] GC(545) Concurrent Scan Root Regions
[2025-08-22T06:34:49.928+0000][1692535][info ][gc,marking  ] GC(545) Concurrent Scan Root Regions 0.479ms
[2025-08-22T06:34:49.928+0000][1692535][info ][gc,marking  ] GC(545) Concurrent Mark
[2025-08-22T06:34:49.928+0000][1692535][info ][gc,marking  ] GC(545) Concurrent Mark From Roots
[2025-08-22T06:34:49.928+0000][1692535][info ][gc,task     ] GC(545) Using 1 workers of 1 for marking
[2025-08-22T06:34:50.033+0000][1692535][info ][gc,marking  ] GC(545) Concurrent Mark From Roots 105.115ms
[2025-08-22T06:34:50.033+0000][1692535][info ][gc,marking  ] GC(545) Concurrent Preclean
[2025-08-22T06:34:50.033+0000][1692535][info ][gc,marking  ] GC(545) Concurrent Preclean 0.243ms
[2025-08-22T06:34:50.033+0000][1692535][info ][gc,start    ] GC(545) Pause Remark
[2025-08-22T06:34:50.036+0000][1692535][info ][gc          ] GC(545) Pause Remark 88M->88M(512M) 3.047ms
[2025-08-22T06:34:50.036+0000][1692535][info ][gc,cpu      ] GC(545) User=0.00s Sys=0.00s Real=0.01s
[2025-08-22T06:34:50.036+0000][1692535][info ][safepoint   ] Safepoint "G1PauseRemark", Time since last: 109531368 ns, Reaching safepoint: 4647 ns, Cleanup: 2614 ns, At safepoint: 3083767 ns, Total: 3091028 ns
[2025-08-22T06:34:50.036+0000][1692535][info ][gc,marking  ] GC(545) Concurrent Mark 108.517ms
[2025-08-22T06:34:50.036+0000][1692535][info ][gc,marking  ] GC(545) Concurrent Rebuild Remembered Sets and Scrub Regions
[2025-08-22T06:34:50.092+0000][1692535][info ][gc,marking  ] GC(545) Concurrent Rebuild Remembered Sets and Scrub Regions 55.229ms
[2025-08-22T06:34:50.092+0000][1692535][info ][gc,start    ] GC(545) Pause Cleanup
[2025-08-22T06:34:50.092+0000][1692535][info ][gc          ] GC(545) Pause Cleanup 90M->90M(512M) 0.035ms
[2025-08-22T06:34:50.092+0000][1692535][info ][gc,cpu      ] GC(545) User=0.00s Sys=0.00s Real=0.00s
[2025-08-22T06:34:50.092+0000][1692535][info ][safepoint   ] Safepoint "G1PauseCleanup", Time since last: 55289324 ns, Reaching safepoint: 4046 ns, Cleanup: 2124 ns, At safepoint: 62434 ns, Total: 68604 ns
[2025-08-22T06:34:50.092+0000][1692535][info ][gc,marking  ] GC(545) Concurrent Clear Claimed Marks
[2025-08-22T06:34:50.092+0000][1692535][info ][gc,marking  ] GC(545) Concurrent Clear Claimed Marks 0.144ms
[2025-08-22T06:34:50.092+0000][1692535][info ][gc,marking  ] GC(545) Concurrent Cleanup for Next Mark
[2025-08-22T06:34:50.092+0000][1692535][info ][gc,marking  ] GC(545) Concurrent Cleanup for Next Mark 0.244ms
[2025-08-22T06:34:50.092+0000][1692535][info ][gc          ] GC(545) Concurrent Mark Cycle 164.763ms
[2025-08-22T06:46:32.036+0000][1692535][info ][gc,start    ] GC(546) Pause Young (Normal) (G1 Evacuation Pause)
[2025-08-22T06:46:32.036+0000][1692535][info ][gc,task     ] GC(546) Using 1 workers of 1 for evacuation
[2025-08-22T06:46:32.036+0000][1692535][debug][gc,age      ] GC(546) Desired survivor size 20971520 bytes, new threshold 15 (max threshold 15)
[2025-08-22T06:46:32.039+0000][1692535][info ][gc,phases   ] GC(546)   Pre Evacuate Collection Set: 0.1ms
[2025-08-22T06:46:32.039+0000][1692535][info ][gc,phases   ] GC(546)   Merge Heap Roots: 0.0ms
[2025-08-22T06:46:32.039+0000][1692535][info ][gc,phases   ] GC(546)   Evacuate Collection Set: 1.3ms
[2025-08-22T06:46:32.039+0000][1692535][info ][gc,phases   ] GC(546)   Post Evacuate Collection Set: 0.7ms
[2025-08-22T06:46:32.039+0000][1692535][info ][gc,phases   ] GC(546)   Other: 0.0ms
[2025-08-22T06:46:32.039+0000][1692535][trace][gc,age      ] GC(546) Age table with threshold 15 (max threshold 15)
[2025-08-22T06:46:32.039+0000][1692535][trace][gc,age      ] GC(546) - age   1:       9448 bytes,       9448 total
[2025-08-22T06:46:32.039+0000][1692535][trace][gc,age      ] GC(546) - age   2:        176 bytes,       9624 total
[2025-08-22T06:46:32.039+0000][1692535][info ][gc,heap     ] GC(546) Eden regions: 75->0(75)
[2025-08-22T06:46:32.039+0000][1692535][info ][gc,heap     ] GC(546) Survivor regions: 1->1(10)
[2025-08-22T06:46:32.039+0000][1692535][info ][gc,heap     ] GC(546) Old regions: 22->22
[2025-08-22T06:46:32.039+0000][1692535][info ][gc,heap     ] GC(546) Humongous regions: 0->0
[2025-08-22T06:46:32.039+0000][1692535][info ][gc,metaspace] GC(546) Metaspace: 138329K(143872K)->138329K(143872K) NonClass: 120091K(123392K)->120091K(123392K) Class: 18238K(20480K)->18238K(20480K)
[2025-08-22T06:46:32.039+0000][1692535][info ][gc          ] GC(546) Pause Young (Normal) (G1 Evacuation Pause) 386M->86M(512M) 2.716ms
[2025-08-22T06:46:32.039+0000][1692535][info ][gc,cpu      ] GC(546) User=0.01s Sys=0.00s Real=0.00s
[2025-08-22T06:46:32.039+0000][1692535][info ][safepoint   ] Safepoint "G1CollectForAllocation", Time since last: 701944143147 ns, Reaching safepoint: 8252 ns, Cleanup: 3646 ns, At safepoint: 2750102 ns, Total: 2762000 ns
[2025-08-22T06:58:17.154+0000][1692535][info ][gc,start    ] GC(547) Pause Young (Concurrent Start) (G1 Evacuation Pause)
[2025-08-22T06:58:17.154+0000][1692535][info ][gc,task     ] GC(547) Using 1 workers of 1 for evacuation
[2025-08-22T06:58:17.154+0000][1692535][debug][gc,age      ] GC(547) Desired survivor size 20971520 bytes, new threshold 15 (max threshold 15)
[2025-08-22T06:58:17.156+0000][1692535][info ][gc,phases   ] GC(547)   Pre Evacuate Collection Set: 0.1ms
[2025-08-22T06:58:17.156+0000][1692535][info ][gc,phases   ] GC(547)   Merge Heap Roots: 0.0ms
[2025-08-22T06:58:17.156+0000][1692535][info ][gc,phases   ] GC(547)   Evacuate Collection Set: 1.1ms
[2025-08-22T06:58:17.156+0000][1692535][info ][gc,phases   ] GC(547)   Post Evacuate Collection Set: 0.7ms
[2025-08-22T06:58:17.156+0000][1692535][info ][gc,phases   ] GC(547)   Other: 0.0ms
[2025-08-22T06:58:17.156+0000][1692535][trace][gc,age      ] GC(547) Age table with threshold 15 (max threshold 15)
[2025-08-22T06:58:17.156+0000][1692535][trace][gc,age      ] GC(547) - age   1:       9272 bytes,       9272 total
[2025-08-22T06:58:17.156+0000][1692535][trace][gc,age      ] GC(547) - age   2:        352 bytes,       9624 total
[2025-08-22T06:58:17.156+0000][1692535][info ][gc,heap     ] GC(547) Eden regions: 75->0(75)
[2025-08-22T06:58:17.156+0000][1692535][info ][gc,heap     ] GC(547) Survivor regions: 1->1(10)
[2025-08-22T06:58:17.156+0000][1692535][info ][gc,heap     ] GC(547) Old regions: 22->22
[2025-08-22T06:58:17.156+0000][1692535][info ][gc,heap     ] GC(547) Humongous regions: 0->0
[2025-08-22T06:58:17.156+0000][1692535][info ][gc,metaspace] GC(547) Metaspace: 138329K(143872K)->138329K(143872K) NonClass: 120091K(123392K)->120091K(123392K) Class: 18238K(20480K)->18238K(20480K)
[2025-08-22T06:58:17.156+0000][1692535][info ][gc          ] GC(547) Pause Young (Concurrent Start) (G1 Evacuation Pause) 386M->86M(512M) 2.407ms
[2025-08-22T06:58:17.156+0000][1692535][info ][gc,cpu      ] GC(547) User=0.00s Sys=0.00s Real=0.01s
[2025-08-22T06:58:17.156+0000][1692535][info ][safepoint   ] Safepoint "G1CollectForAllocation", Time since last: 705115254236 ns, Reaching safepoint: 6610 ns, Cleanup: 3245 ns, At safepoint: 2450680 ns, Total: 2460535 ns
[2025-08-22T06:58:17.163+0000][1692535][info ][gc          ] GC(548) Concurrent Mark Cycle
[2025-08-22T06:58:17.163+0000][1692535][info ][gc,marking  ] GC(548) Concurrent Scan Root Regions
[2025-08-22T06:58:17.164+0000][1692535][info ][gc,marking  ] GC(548) Concurrent Scan Root Regions 0.412ms
[2025-08-22T06:58:17.164+0000][1692535][info ][gc,marking  ] GC(548) Concurrent Mark
[2025-08-22T06:58:17.164+0000][1692535][info ][gc,marking  ] GC(548) Concurrent Mark From Roots
[2025-08-22T06:58:17.164+0000][1692535][info ][gc,task     ] GC(548) Using 1 workers of 1 for marking
[2025-08-22T06:58:17.270+0000][1692535][info ][gc,marking  ] GC(548) Concurrent Mark From Roots 106.081ms
[2025-08-22T06:58:17.270+0000][1692535][info ][gc,marking  ] GC(548) Concurrent Preclean
[2025-08-22T06:58:17.270+0000][1692535][info ][gc,marking  ] GC(548) Concurrent Preclean 0.263ms
[2025-08-22T06:58:17.270+0000][1692535][info ][gc,start    ] GC(548) Pause Remark
[2025-08-22T06:58:17.277+0000][1692535][info ][gc          ] GC(548) Pause Remark 86M->86M(512M) 6.515ms
[2025-08-22T06:58:17.277+0000][1692535][info ][gc,cpu      ] GC(548) User=0.00s Sys=0.00s Real=0.01s
[2025-08-22T06:58:17.277+0000][1692535][info ][safepoint   ] Safepoint "G1PauseRemark", Time since last: 113868026 ns, Reaching safepoint: 4607 ns, Cleanup: 2895 ns, At safepoint: 6557511 ns, Total: 6565013 ns
[2025-08-22T06:58:17.277+0000][1692535][info ][gc,marking  ] GC(548) Concurrent Mark 112.979ms
[2025-08-22T06:58:17.277+0000][1692535][info ][gc,marking  ] GC(548) Concurrent Rebuild Remembered Sets and Scrub Regions
[2025-08-22T06:58:17.356+0000][1692535][info ][gc,marking  ] GC(548) Concurrent Rebuild Remembered Sets and Scrub Regions 78.829ms
[2025-08-22T06:58:17.356+0000][1692535][info ][gc,start    ] GC(548) Pause Cleanup
[2025-08-22T06:58:17.356+0000][1692535][info ][gc          ] GC(548) Pause Cleanup 86M->86M(512M) 0.037ms
[2025-08-22T06:58:17.356+0000][1692535][info ][gc,cpu      ] GC(548) User=0.00s Sys=0.00s Real=0.00s
[2025-08-22T06:58:17.356+0000][1692535][info ][safepoint   ] Safepoint "G1PauseCleanup", Time since last: 78891604 ns, Reaching safepoint: 4236 ns, Cleanup: 3796 ns, At safepoint: 65959 ns, Total: 73991 ns
[2025-08-22T06:58:17.356+0000][1692535][info ][gc,marking  ] GC(548) Concurrent Clear Claimed Marks
[2025-08-22T06:58:17.356+0000][1692535][info ][gc,marking  ] GC(548) Concurrent Clear Claimed Marks 0.161ms
[2025-08-22T06:58:17.356+0000][1692535][info ][gc,marking  ] GC(548) Concurrent Cleanup for Next Mark
[2025-08-22T06:58:17.356+0000][1692535][info ][gc,marking  ] GC(548) Concurrent Cleanup for Next Mark 0.256ms
[2025-08-22T06:58:17.356+0000][1692535][info ][gc          ] GC(548) Concurrent Mark Cycle 192.807ms
[2025-08-22T07:10:01.277+0000][1692535][info ][gc,start    ] GC(549) Pause Young (Normal) (G1 Evacuation Pause)
[2025-08-22T07:10:01.277+0000][1692535][info ][gc,task     ] GC(549) Using 1 workers of 1 for evacuation
[2025-08-22T07:10:01.277+0000][1692535][debug][gc,age      ] GC(549) Desired survivor size 20971520 bytes, new threshold 15 (max threshold 15)
[2025-08-22T07:10:01.279+0000][1692535][info ][gc,phases   ] GC(549)   Pre Evacuate Collection Set: 0.0ms
[2025-08-22T07:10:01.279+0000][1692535][info ][gc,phases   ] GC(549)   Merge Heap Roots: 0.0ms
[2025-08-22T07:10:01.279+0000][1692535][info ][gc,phases   ] GC(549)   Evacuate Collection Set: 1.3ms
[2025-08-22T07:10:01.279+0000][1692535][info ][gc,phases   ] GC(549)   Post Evacuate Collection Set: 0.7ms
[2025-08-22T07:10:01.279+0000][1692535][info ][gc,phases   ] GC(549)   Other: 0.0ms
[2025-08-22T07:10:01.279+0000][1692535][trace][gc,age      ] GC(549) Age table with threshold 15 (max threshold 15)
[2025-08-22T07:10:01.279+0000][1692535][trace][gc,age      ] GC(549) - age   1:       9448 bytes,       9448 total
[2025-08-22T07:10:01.279+0000][1692535][trace][gc,age      ] GC(549) - age   3:        176 bytes,       9624 total
[2025-08-22T07:10:01.279+0000][1692535][info ][gc,heap     ] GC(549) Eden regions: 75->0(75)
[2025-08-22T07:10:01.279+0000][1692535][info ][gc,heap     ] GC(549) Survivor regions: 1->1(10)
[2025-08-22T07:10:01.279+0000][1692535][info ][gc,heap     ] GC(549) Old regions: 22->22
[2025-08-22T07:10:01.279+0000][1692535][info ][gc,heap     ] GC(549) Humongous regions: 0->0
[2025-08-22T07:10:01.279+0000][1692535][info ][gc,metaspace] GC(549) Metaspace: 138329K(143872K)->138329K(143872K) NonClass: 120091K(123392K)->120091K(123392K) Class: 18238K(20480K)->18238K(20480K)
[2025-08-22T07:10:01.279+0000][1692535][info ][gc          ] GC(549) Pause Young (Normal) (G1 Evacuation Pause) 386M->86M(512M) 2.442ms
[2025-08-22T07:10:01.279+0000][1692535][info ][gc,cpu      ] GC(549) User=0.01s Sys=0.00s Real=0.00s
[2025-08-22T07:10:01.279+0000][1692535][info ][safepoint   ] Safepoint "G1CollectForAllocation", Time since last: 703921023756 ns, Reaching safepoint: 8813 ns, Cleanup: 3786 ns, At safepoint: 2474757 ns, Total: 2487356 ns
[2025-08-22T07:21:45.350+0000][1692535][info ][gc,start    ] GC(550) Pause Young (Concurrent Start) (G1 Evacuation Pause)
[2025-08-22T07:21:45.351+0000][1692535][info ][gc,task     ] GC(550) Using 1 workers of 1 for evacuation
[2025-08-22T07:21:45.351+0000][1692535][debug][gc,age      ] GC(550) Desired survivor size 20971520 bytes, new threshold 15 (max threshold 15)
[2025-08-22T07:21:45.353+0000][1692535][info ][gc,phases   ] GC(550)   Pre Evacuate Collection Set: 0.0ms
[2025-08-22T07:21:45.353+0000][1692535][info ][gc,phases   ] GC(550)   Merge Heap Roots: 0.0ms
[2025-08-22T07:21:45.353+0000][1692535][info ][gc,phases   ] GC(550)   Evacuate Collection Set: 1.5ms
[2025-08-22T07:21:45.353+0000][1692535][info ][gc,phases   ] GC(550)   Post Evacuate Collection Set: 0.8ms
[2025-08-22T07:21:45.353+0000][1692535][info ][gc,phases   ] GC(550)   Other: 0.0ms
[2025-08-22T07:21:45.353+0000][1692535][trace][gc,age      ] GC(550) Age table with threshold 15 (max threshold 15)
[2025-08-22T07:21:45.353+0000][1692535][trace][gc,age      ] GC(550) - age   1:      10392 bytes,      10392 total
[2025-08-22T07:21:45.353+0000][1692535][trace][gc,age      ] GC(550) - age   4:        176 bytes,      10568 total
[2025-08-22T07:21:45.353+0000][1692535][info ][gc,heap     ] GC(550) Eden regions: 75->0(75)
[2025-08-22T07:21:45.353+0000][1692535][info ][gc,heap     ] GC(550) Survivor regions: 1->1(10)
[2025-08-22T07:21:45.353+0000][1692535][info ][gc,heap     ] GC(550) Old regions: 22->22
[2025-08-22T07:21:45.353+0000][1692535][info ][gc,heap     ] GC(550) Humongous regions: 0->0
[2025-08-22T07:21:45.353+0000][1692535][info ][gc,metaspace] GC(550) Metaspace: 138329K(143872K)->138329K(143872K) NonClass: 120091K(123392K)->120091K(123392K) Class: 18238K(20480K)->18238K(20480K)
[2025-08-22T07:21:45.353+0000][1692535][info ][gc          ] GC(550) Pause Young (Concurrent Start) (G1 Evacuation Pause) 386M->86M(512M) 2.740ms
[2025-08-22T07:21:45.353+0000][1692535][info ][gc,cpu      ] GC(550) User=0.00s Sys=0.00s Real=0.00s
[2025-08-22T07:21:45.353+0000][1692535][info ][safepoint   ] Safepoint "G1CollectForAllocation", Time since last: 704071008943 ns, Reaching safepoint: 7141 ns, Cleanup: 3225 ns, At safepoint: 2777904 ns, Total: 2788270 ns
[2025-08-22T07:21:45.356+0000][1692535][info ][gc          ] GC(551) Concurrent Mark Cycle
[2025-08-22T07:21:45.356+0000][1692535][info ][gc,marking  ] GC(551) Concurrent Scan Root Regions
[2025-08-22T07:21:45.357+0000][1692535][info ][gc,marking  ] GC(551) Concurrent Scan Root Regions 0.890ms
[2025-08-22T07:21:45.357+0000][1692535][info ][gc,marking  ] GC(551) Concurrent Mark
[2025-08-22T07:21:45.357+0000][1692535][info ][gc,marking  ] GC(551) Concurrent Mark From Roots
[2025-08-22T07:21:45.357+0000][1692535][info ][gc,task     ] GC(551) Using 1 workers of 1 for marking
[2025-08-22T07:21:45.650+0000][1692535][info ][gc,marking  ] GC(551) Concurrent Mark From Roots 292.322ms
[2025-08-22T07:21:45.650+0000][1692535][info ][gc,marking  ] GC(551) Concurrent Preclean
[2025-08-22T07:21:45.650+0000][1692535][info ][gc,marking  ] GC(551) Concurrent Preclean 0.326ms
[2025-08-22T07:21:45.650+0000][1692535][info ][gc,start    ] GC(551) Pause Remark
[2025-08-22T07:21:45.653+0000][1692535][info ][gc          ] GC(551) Pause Remark 89M->89M(512M) 2.976ms
[2025-08-22T07:21:45.653+0000][1692535][info ][gc,cpu      ] GC(551) User=0.00s Sys=0.00s Real=0.00s
[2025-08-22T07:21:45.653+0000][1692535][info ][safepoint   ] Safepoint "G1PauseRemark", Time since last: 296937419 ns, Reaching safepoint: 5668 ns, Cleanup: 2945 ns, At safepoint: 3009895 ns, Total: 3018508 ns
[2025-08-22T07:21:45.653+0000][1692535][info ][gc,marking  ] GC(551) Concurrent Mark 295.735ms
[2025-08-22T07:21:45.653+0000][1692535][info ][gc,marking  ] GC(551) Concurrent Rebuild Remembered Sets and Scrub Regions
[2025-08-22T07:21:45.781+0000][1692535][info ][gc,marking  ] GC(551) Concurrent Rebuild Remembered Sets and Scrub Regions 128.136ms
[2025-08-22T07:21:45.781+0000][1692535][info ][gc,start    ] GC(551) Pause Cleanup
[2025-08-22T07:21:45.781+0000][1692535][info ][gc          ] GC(551) Pause Cleanup 89M->89M(512M) 0.041ms
[2025-08-22T07:21:45.781+0000][1692535][info ][gc,cpu      ] GC(551) User=0.00s Sys=0.00s Real=0.00s
[2025-08-22T07:21:45.781+0000][1692535][info ][safepoint   ] Safepoint "G1PauseCleanup", Time since last: 128195297 ns, Reaching safepoint: 4477 ns, Cleanup: 2243 ns, At safepoint: 69535 ns, Total: 76255 ns
[2025-08-22T07:21:45.781+0000][1692535][info ][gc,marking  ] GC(551) Concurrent Clear Claimed Marks
[2025-08-22T07:21:45.781+0000][1692535][info ][gc,marking  ] GC(551) Concurrent Clear Claimed Marks 0.181ms
[2025-08-22T07:21:45.781+0000][1692535][info ][gc,marking  ] GC(551) Concurrent Cleanup for Next Mark
[2025-08-22T07:21:45.790+0000][1692535][info ][gc,marking  ] GC(551) Concurrent Cleanup for Next Mark 8.756ms
[2025-08-22T07:21:45.790+0000][1692535][info ][gc          ] GC(551) Concurrent Mark Cycle 433.870ms
[2025-08-22T07:33:30.580+0000][1692535][info ][gc,start    ] GC(552) Pause Young (Normal) (G1 Evacuation Pause)
[2025-08-22T07:33:30.580+0000][1692535][info ][gc,task     ] GC(552) Using 1 workers of 1 for evacuation
[2025-08-22T07:33:30.580+0000][1692535][debug][gc,age      ] GC(552) Desired survivor size 20971520 bytes, new threshold 15 (max threshold 15)
[2025-08-22T07:33:30.582+0000][1692535][info ][gc,phases   ] GC(552)   Pre Evacuate Collection Set: 0.1ms
[2025-08-22T07:33:30.582+0000][1692535][info ][gc,phases   ] GC(552)   Merge Heap Roots: 0.0ms
[2025-08-22T07:33:30.582+0000][1692535][info ][gc,phases   ] GC(552)   Evacuate Collection Set: 1.4ms
[2025-08-22T07:33:30.582+0000][1692535][info ][gc,phases   ] GC(552)   Post Evacuate Collection Set: 0.8ms
[2025-08-22T07:33:30.582+0000][1692535][info ][gc,phases   ] GC(552)   Other: 0.0ms
[2025-08-22T07:33:30.582+0000][1692535][trace][gc,age      ] GC(552) Age table with threshold 15 (max threshold 15)
[2025-08-22T07:33:30.582+0000][1692535][trace][gc,age      ] GC(552) - age   1:       9536 bytes,       9536 total
[2025-08-22T07:33:30.582+0000][1692535][trace][gc,age      ] GC(552) - age   5:        176 bytes,       9712 total
[2025-08-22T07:33:30.582+0000][1692535][info ][gc,heap     ] GC(552) Eden regions: 75->0(75)
[2025-08-22T07:33:30.582+0000][1692535][info ][gc,heap     ] GC(552) Survivor regions: 1->1(10)
[2025-08-22T07:33:30.582+0000][1692535][info ][gc,heap     ] GC(552) Old regions: 22->22
[2025-08-22T07:33:30.582+0000][1692535][info ][gc,heap     ] GC(552) Humongous regions: 0->0
[2025-08-22T07:33:30.582+0000][1692535][info ][gc,metaspace] GC(552) Metaspace: 138329K(143872K)->138329K(143872K) NonClass: 120091K(123392K)->120091K(123392K) Class: 18238K(20480K)->18238K(20480K)
[2025-08-22T07:33:30.582+0000][1692535][info ][gc          ] GC(552) Pause Young (Normal) (G1 Evacuation Pause) 386M->86M(512M) 2.714ms
[2025-08-22T07:33:30.582+0000][1692535][info ][gc,cpu      ] GC(552) User=0.00s Sys=0.00s Real=0.00s
[2025-08-22T07:33:30.582+0000][1692535][info ][safepoint   ] Safepoint "G1CollectForAllocation", Time since last: 704798190863 ns, Reaching safepoint: 143998 ns, Cleanup: 3936 ns, At safepoint: 2750643 ns, Total: 2898577 ns
[2025-08-22T07:35:38.048+0000][1692535][info ][safepoint   ] Safepoint "Cleanup", Time since last: 127465780525 ns, Reaching safepoint: 55694 ns, Cleanup: 12349 ns, At safepoint: 2844 ns, Total: 70887 ns
[2025-08-22T07:45:16.739+0000][1692535][info ][gc,start    ] GC(553) Pause Young (Concurrent Start) (G1 Evacuation Pause)
[2025-08-22T07:45:16.739+0000][1692535][info ][gc,task     ] GC(553) Using 1 workers of 1 for evacuation
[2025-08-22T07:45:16.739+0000][1692535][debug][gc,age      ] GC(553) Desired survivor size 20971520 bytes, new threshold 15 (max threshold 15)
[2025-08-22T07:45:16.741+0000][1692535][info ][gc,phases   ] GC(553)   Pre Evacuate Collection Set: 0.0ms
[2025-08-22T07:45:16.741+0000][1692535][info ][gc,phases   ] GC(553)   Merge Heap Roots: 0.0ms
[2025-08-22T07:45:16.741+0000][1692535][info ][gc,phases   ] GC(553)   Evacuate Collection Set: 1.1ms
[2025-08-22T07:45:16.741+0000][1692535][info ][gc,phases   ] GC(553)   Post Evacuate Collection Set: 0.7ms
[2025-08-22T07:45:16.741+0000][1692535][info ][gc,phases   ] GC(553)   Other: 0.1ms
[2025-08-22T07:45:16.741+0000][1692535][trace][gc,age      ] GC(553) Age table with threshold 15 (max threshold 15)
[2025-08-22T07:45:16.741+0000][1692535][trace][gc,age      ] GC(553) - age   1:      19800 bytes,      19800 total
[2025-08-22T07:45:16.741+0000][1692535][trace][gc,age      ] GC(553) - age   2:        176 bytes,      19976 total
[2025-08-22T07:45:16.741+0000][1692535][info ][gc,heap     ] GC(553) Eden regions: 75->0(75)
[2025-08-22T07:45:16.741+0000][1692535][info ][gc,heap     ] GC(553) Survivor regions: 1->1(10)
[2025-08-22T07:45:16.741+0000][1692535][info ][gc,heap     ] GC(553) Old regions: 22->22
[2025-08-22T07:45:16.741+0000][1692535][info ][gc,heap     ] GC(553) Humongous regions: 0->0
[2025-08-22T07:45:16.741+0000][1692535][info ][gc,metaspace] GC(553) Metaspace: 138330K(143872K)->138330K(143872K) NonClass: 120092K(123392K)->120092K(123392K) Class: 18238K(20480K)->18238K(20480K)
[2025-08-22T07:45:16.741+0000][1692535][info ][gc          ] GC(553) Pause Young (Concurrent Start) (G1 Evacuation Pause) 386M->86M(512M) 2.480ms
[2025-08-22T07:45:16.741+0000][1692535][info ][gc,cpu      ] GC(553) User=0.01s Sys=0.00s Real=0.00s
[2025-08-22T07:45:16.741+0000][1692535][info ][safepoint   ] Safepoint "G1CollectForAllocation", Time since last: 578690710452 ns, Reaching safepoint: 6630 ns, Cleanup: 3395 ns, At safepoint: 2516099 ns, Total: 2526124 ns
[2025-08-22T07:45:16.745+0000][1692535][info ][gc          ] GC(554) Concurrent Mark Cycle
[2025-08-22T07:45:16.745+0000][1692535][info ][gc,marking  ] GC(554) Concurrent Scan Root Regions
[2025-08-22T07:45:16.746+0000][1692535][info ][gc,marking  ] GC(554) Concurrent Scan Root Regions 0.530ms
[2025-08-22T07:45:16.746+0000][1692535][info ][gc,marking  ] GC(554) Concurrent Mark
[2025-08-22T07:45:16.746+0000][1692535][info ][gc,marking  ] GC(554) Concurrent Mark From Roots
[2025-08-22T07:45:16.746+0000][1692535][info ][gc,task     ] GC(554) Using 1 workers of 1 for marking
[2025-08-22T07:45:16.942+0000][1692535][info ][gc,marking  ] GC(554) Concurrent Mark From Roots 195.988ms
[2025-08-22T07:45:16.942+0000][1692535][info ][gc,marking  ] GC(554) Concurrent Preclean
[2025-08-22T07:45:16.942+0000][1692535][info ][gc,marking  ] GC(554) Concurrent Preclean 0.316ms
[2025-08-22T07:45:16.942+0000][1692535][info ][gc,start    ] GC(554) Pause Remark
[2025-08-22T07:45:16.945+0000][1692535][info ][gc          ] GC(554) Pause Remark 86M->86M(512M) 2.919ms
[2025-08-22T07:45:16.945+0000][1692535][info ][gc,cpu      ] GC(554) User=0.01s Sys=0.00s Real=0.00s
[2025-08-22T07:45:16.945+0000][1692535][info ][safepoint   ] Safepoint "G1PauseRemark", Time since last: 200831909 ns, Reaching safepoint: 5268 ns, Cleanup: 2674 ns, At safepoint: 2958317 ns, Total: 2966259 ns
[2025-08-22T07:45:16.945+0000][1692535][info ][gc,marking  ] GC(554) Concurrent Mark 199.361ms
[2025-08-22T07:45:16.945+0000][1692535][info ][gc,marking  ] GC(554) Concurrent Rebuild Remembered Sets and Scrub Regions
[2025-08-22T07:45:17.025+0000][1692535][info ][gc,marking  ] GC(554) Concurrent Rebuild Remembered Sets and Scrub Regions 79.668ms
[2025-08-22T07:45:17.025+0000][1692535][info ][gc,start    ] GC(554) Pause Cleanup
[2025-08-22T07:45:17.025+0000][1692535][info ][gc          ] GC(554) Pause Cleanup 86M->86M(512M) 0.040ms
[2025-08-22T07:45:17.025+0000][1692535][info ][gc,cpu      ] GC(554) User=0.00s Sys=0.00s Real=0.00s
[2025-08-22T07:45:17.025+0000][1692535][info ][safepoint   ] Safepoint "G1PauseCleanup", Time since last: 79745724 ns, Reaching safepoint: 4566 ns, Cleanup: 1823 ns, At safepoint: 68594 ns, Total: 74983 ns
[2025-08-22T07:45:17.025+0000][1692535][info ][gc,marking  ] GC(554) Concurrent Clear Claimed Marks
[2025-08-22T07:45:17.025+0000][1692535][info ][gc,marking  ] GC(554) Concurrent Clear Claimed Marks 0.168ms
[2025-08-22T07:45:17.025+0000][1692535][info ][gc,marking  ] GC(554) Concurrent Cleanup for Next Mark
[2025-08-22T07:45:17.042+0000][1692535][info ][gc,marking  ] GC(554) Concurrent Cleanup for Next Mark 16.413ms
[2025-08-22T07:45:17.042+0000][1692535][info ][gc          ] GC(554) Concurrent Mark Cycle 296.330ms
[2025-08-22T07:56:58.581+0000][1692535][info ][gc,start    ] GC(555) Pause Young (Normal) (G1 Evacuation Pause)
[2025-08-22T07:56:58.582+0000][1692535][info ][gc,task     ] GC(555) Using 1 workers of 1 for evacuation
[2025-08-22T07:56:58.582+0000][1692535][debug][gc,age      ] GC(555) Desired survivor size 20971520 bytes, new threshold 15 (max threshold 15)
[2025-08-22T07:56:58.584+0000][1692535][info ][gc,phases   ] GC(555)   Pre Evacuate Collection Set: 0.0ms
[2025-08-22T07:56:58.584+0000][1692535][info ][gc,phases   ] GC(555)   Merge Heap Roots: 0.0ms
[2025-08-22T07:56:58.584+0000][1692535][info ][gc,phases   ] GC(555)   Evacuate Collection Set: 1.3ms
[2025-08-22T07:56:58.584+0000][1692535][info ][gc,phases   ] GC(555)   Post Evacuate Collection Set: 0.8ms
[2025-08-22T07:56:58.584+0000][1692535][info ][gc,phases   ] GC(555)   Other: 0.0ms
[2025-08-22T07:56:58.584+0000][1692535][trace][gc,age      ] GC(555) Age table with threshold 15 (max threshold 15)
[2025-08-22T07:56:58.584+0000][1692535][trace][gc,age      ] GC(555) - age   1:       9304 bytes,       9304 total
[2025-08-22T07:56:58.584+0000][1692535][trace][gc,age      ] GC(555) - age   2:       2272 bytes,      11576 total
[2025-08-22T07:56:58.584+0000][1692535][info ][gc,heap     ] GC(555) Eden regions: 75->0(75)
[2025-08-22T07:56:58.584+0000][1692535][info ][gc,heap     ] GC(555) Survivor regions: 1->1(10)
[2025-08-22T07:56:58.584+0000][1692535][info ][gc,heap     ] GC(555) Old regions: 22->22
[2025-08-22T07:56:58.584+0000][1692535][info ][gc,heap     ] GC(555) Humongous regions: 0->0
[2025-08-22T07:56:58.584+0000][1692535][info ][gc,metaspace] GC(555) Metaspace: 138330K(143872K)->138330K(143872K) NonClass: 120092K(123392K)->120092K(123392K) Class: 18238K(20480K)->18238K(20480K)
[2025-08-22T07:56:58.584+0000][1692535][info ][gc          ] GC(555) Pause Young (Normal) (G1 Evacuation Pause) 386M->86M(512M) 2.741ms
[2025-08-22T07:56:58.584+0000][1692535][info ][gc,cpu      ] GC(555) User=0.00s Sys=0.00s Real=0.00s
[2025-08-22T07:56:58.584+0000][1692535][info ][safepoint   ] Safepoint "G1CollectForAllocation", Time since last: 701556199791 ns, Reaching safepoint: 5238 ns, Cleanup: 3295 ns, At safepoint: 2774860 ns, Total: 2783393 ns
[2025-08-22T08:08:44.078+0000][1692535][info ][gc,start    ] GC(556) Pause Young (Concurrent Start) (G1 Evacuation Pause)
[2025-08-22T08:08:44.078+0000][1692535][info ][gc,task     ] GC(556) Using 1 workers of 1 for evacuation
[2025-08-22T08:08:44.078+0000][1692535][debug][gc,age      ] GC(556) Desired survivor size 20971520 bytes, new threshold 15 (max threshold 15)
[2025-08-22T08:08:44.080+0000][1692535][info ][gc,phases   ] GC(556)   Pre Evacuate Collection Set: 0.0ms
[2025-08-22T08:08:44.080+0000][1692535][info ][gc,phases   ] GC(556)   Merge Heap Roots: 0.0ms
[2025-08-22T08:08:44.080+0000][1692535][info ][gc,phases   ] GC(556)   Evacuate Collection Set: 1.1ms
[2025-08-22T08:08:44.080+0000][1692535][info ][gc,phases   ] GC(556)   Post Evacuate Collection Set: 0.7ms
[2025-08-22T08:08:44.080+0000][1692535][info ][gc,phases   ] GC(556)   Other: 0.0ms
[2025-08-22T08:08:44.080+0000][1692535][trace][gc,age      ] GC(556) Age table with threshold 15 (max threshold 15)
[2025-08-22T08:08:44.080+0000][1692535][trace][gc,age      ] GC(556) - age   1:       9240 bytes,       9240 total
[2025-08-22T08:08:44.080+0000][1692535][trace][gc,age      ] GC(556) - age   3:       2096 bytes,      11336 total
[2025-08-22T08:08:44.080+0000][1692535][info ][gc,heap     ] GC(556) Eden regions: 75->0(75)
[2025-08-22T08:08:44.080+0000][1692535][info ][gc,heap     ] GC(556) Survivor regions: 1->1(10)
[2025-08-22T08:08:44.080+0000][1692535][info ][gc,heap     ] GC(556) Old regions: 22->22
[2025-08-22T08:08:44.080+0000][1692535][info ][gc,heap     ] GC(556) Humongous regions: 0->0
[2025-08-22T08:08:44.080+0000][1692535][info ][gc,metaspace] GC(556) Metaspace: 138330K(143872K)->138330K(143872K) NonClass: 120092K(123392K)->120092K(123392K) Class: 18238K(20480K)->18238K(20480K)
[2025-08-22T08:08:44.080+0000][1692535][info ][gc          ] GC(556) Pause Young (Concurrent Start) (G1 Evacuation Pause) 386M->86M(512M) 2.531ms
[2025-08-22T08:08:44.080+0000][1692535][info ][gc,cpu      ] GC(556) User=0.00s Sys=0.00s Real=0.00s
[2025-08-22T08:08:44.080+0000][1692535][info ][safepoint   ] Safepoint "G1CollectForAllocation", Time since last: 705493512580 ns, Reaching safepoint: 6820 ns, Cleanup: 3476 ns, At safepoint: 2570291 ns, Total: 2580587 ns
[2025-08-22T08:08:44.084+0000][1692535][info ][gc          ] GC(557) Concurrent Mark Cycle
[2025-08-22T08:08:44.084+0000][1692535][info ][gc,marking  ] GC(557) Concurrent Scan Root Regions
[2025-08-22T08:08:44.085+0000][1692535][info ][gc,marking  ] GC(557) Concurrent Scan Root Regions 0.484ms
[2025-08-22T08:08:44.085+0000][1692535][info ][gc,marking  ] GC(557) Concurrent Mark
[2025-08-22T08:08:44.085+0000][1692535][info ][gc,marking  ] GC(557) Concurrent Mark From Roots
[2025-08-22T08:08:44.085+0000][1692535][info ][gc,task     ] GC(557) Using 1 workers of 1 for marking
[2025-08-22T08:08:44.276+0000][1692535][info ][gc,marking  ] GC(557) Concurrent Mark From Roots 191.327ms
[2025-08-22T08:08:44.276+0000][1692535][info ][gc,marking  ] GC(557) Concurrent Preclean
[2025-08-22T08:08:44.277+0000][1692535][info ][gc,marking  ] GC(557) Concurrent Preclean 0.303ms
[2025-08-22T08:08:44.277+0000][1692535][info ][gc,start    ] GC(557) Pause Remark
[2025-08-22T08:08:44.280+0000][1692535][info ][gc          ] GC(557) Pause Remark 86M->86M(512M) 3.006ms
[2025-08-22T08:08:44.280+0000][1692535][info ][gc,cpu      ] GC(557) User=0.00s Sys=0.00s Real=0.00s
[2025-08-22T08:08:44.280+0000][1692535][info ][safepoint   ] Safepoint "G1PauseRemark", Time since last: 196409102 ns, Reaching safepoint: 4978 ns, Cleanup: 2854 ns, At safepoint: 3044137 ns, Total: 3051969 ns
[2025-08-22T08:08:44.280+0000][1692535][info ][gc,marking  ] GC(557) Concurrent Mark 194.753ms
[2025-08-22T08:08:44.280+0000][1692535][info ][gc,marking  ] GC(557) Concurrent Rebuild Remembered Sets and Scrub Regions
[2025-08-22T08:08:44.372+0000][1692535][info ][gc,marking  ] GC(557) Concurrent Rebuild Remembered Sets and Scrub Regions 91.957ms
[2025-08-22T08:08:44.372+0000][1692535][info ][gc,start    ] GC(557) Pause Cleanup
[2025-08-22T08:08:44.372+0000][1692535][info ][gc          ] GC(557) Pause Cleanup 86M->86M(512M) 0.039ms
[2025-08-22T08:08:44.372+0000][1692535][info ][gc,cpu      ] GC(557) User=0.00s Sys=0.00s Real=0.00s
[2025-08-22T08:08:44.372+0000][1692535][info ][safepoint   ] Safepoint "G1PauseCleanup", Time since last: 92024104 ns, Reaching safepoint: 4176 ns, Cleanup: 1813 ns, At safepoint: 69505 ns, Total: 75494 ns
[2025-08-22T08:08:44.372+0000][1692535][info ][gc,marking  ] GC(557) Concurrent Clear Claimed Marks
[2025-08-22T08:08:44.372+0000][1692535][info ][gc,marking  ] GC(557) Concurrent Clear Claimed Marks 0.171ms
[2025-08-22T08:08:44.372+0000][1692535][info ][gc,marking  ] GC(557) Concurrent Cleanup for Next Mark
[2025-08-22T08:08:44.379+0000][1692535][info ][gc,marking  ] GC(557) Concurrent Cleanup for Next Mark 7.582ms
[2025-08-22T08:08:44.379+0000][1692535][info ][gc          ] GC(557) Concurrent Mark Cycle 295.129ms
[2025-08-22T08:20:30.297+0000][1692535][info ][gc,start    ] GC(558) Pause Young (Normal) (G1 Evacuation Pause)
[2025-08-22T08:20:30.297+0000][1692535][info ][gc,task     ] GC(558) Using 1 workers of 1 for evacuation
[2025-08-22T08:20:30.297+0000][1692535][debug][gc,age      ] GC(558) Desired survivor size 20971520 bytes, new threshold 15 (max threshold 15)
[2025-08-22T08:20:30.300+0000][1692535][info ][gc,phases   ] GC(558)   Pre Evacuate Collection Set: 0.1ms
[2025-08-22T08:20:30.300+0000][1692535][info ][gc,phases   ] GC(558)   Merge Heap Roots: 0.0ms
[2025-08-22T08:20:30.300+0000][1692535][info ][gc,phases   ] GC(558)   Evacuate Collection Set: 1.4ms
[2025-08-22T08:20:30.300+0000][1692535][info ][gc,phases   ] GC(558)   Post Evacuate Collection Set: 0.7ms
[2025-08-22T08:20:30.300+0000][1692535][info ][gc,phases   ] GC(558)   Other: 0.0ms
[2025-08-22T08:20:30.300+0000][1692535][trace][gc,age      ] GC(558) Age table with threshold 15 (max threshold 15)
[2025-08-22T08:20:30.300+0000][1692535][trace][gc,age      ] GC(558) - age   1:      75600 bytes,      75600 total
[2025-08-22T08:20:30.300+0000][1692535][trace][gc,age      ] GC(558) - age   4:       2096 bytes,      77696 total
[2025-08-22T08:20:30.300+0000][1692535][info ][gc,heap     ] GC(558) Eden regions: 75->0(75)
[2025-08-22T08:20:30.300+0000][1692535][info ][gc,heap     ] GC(558) Survivor regions: 1->1(10)
[2025-08-22T08:20:30.300+0000][1692535][info ][gc,heap     ] GC(558) Old regions: 22->22
[2025-08-22T08:20:30.300+0000][1692535][info ][gc,heap     ] GC(558) Humongous regions: 0->0
[2025-08-22T08:20:30.300+0000][1692535][info ][gc,metaspace] GC(558) Metaspace: 138330K(143872K)->138330K(143872K) NonClass: 120092K(123392K)->120092K(123392K) Class: 18238K(20480K)->18238K(20480K)
[2025-08-22T08:20:30.300+0000][1692535][info ][gc          ] GC(558) Pause Young (Normal) (G1 Evacuation Pause) 386M->86M(512M) 2.590ms
[2025-08-22T08:20:30.300+0000][1692535][info ][gc,cpu      ] GC(558) User=0.01s Sys=0.00s Real=0.00s
[2025-08-22T08:20:30.300+0000][1692535][info ][safepoint   ] Safepoint "G1CollectForAllocation", Time since last: 705925300211 ns, Reaching safepoint: 7932 ns, Cleanup: 3405 ns, At safepoint: 2626727 ns, Total: 2638064 ns
[2025-08-22T08:32:16.433+0000][1692535][info ][gc,start    ] GC(559) Pause Young (Concurrent Start) (G1 Evacuation Pause)
[2025-08-22T08:32:16.433+0000][1692535][info ][gc,task     ] GC(559) Using 1 workers of 1 for evacuation
[2025-08-22T08:32:16.433+0000][1692535][debug][gc,age      ] GC(559) Desired survivor size 20971520 bytes, new threshold 15 (max threshold 15)
[2025-08-22T08:32:16.435+0000][1692535][info ][gc,phases   ] GC(559)   Pre Evacuate Collection Set: 0.1ms
[2025-08-22T08:32:16.435+0000][1692535][info ][gc,phases   ] GC(559)   Merge Heap Roots: 0.0ms
[2025-08-22T08:32:16.435+0000][1692535][info ][gc,phases   ] GC(559)   Evacuate Collection Set: 1.2ms
[2025-08-22T08:32:16.435+0000][1692535][info ][gc,phases   ] GC(559)   Post Evacuate Collection Set: 0.7ms
[2025-08-22T08:32:16.435+0000][1692535][info ][gc,phases   ] GC(559)   Other: 0.1ms
[2025-08-22T08:32:16.435+0000][1692535][trace][gc,age      ] GC(559) Age table with threshold 15 (max threshold 15)
[2025-08-22T08:32:16.435+0000][1692535][trace][gc,age      ] GC(559) - age   1:       9480 bytes,       9480 total
[2025-08-22T08:32:16.435+0000][1692535][trace][gc,age      ] GC(559) - age   5:       2096 bytes,      11576 total
[2025-08-22T08:32:16.435+0000][1692535][info ][gc,heap     ] GC(559) Eden regions: 75->0(75)
[2025-08-22T08:32:16.435+0000][1692535][info ][gc,heap     ] GC(559) Survivor regions: 1->1(10)
[2025-08-22T08:32:16.435+0000][1692535][info ][gc,heap     ] GC(559) Old regions: 22->22
[2025-08-22T08:32:16.435+0000][1692535][info ][gc,heap     ] GC(559) Humongous regions: 0->0
[2025-08-22T08:32:16.435+0000][1692535][info ][gc,metaspace] GC(559) Metaspace: 138330K(143872K)->138330K(143872K) NonClass: 120092K(123392K)->120092K(123392K) Class: 18238K(20480K)->18238K(20480K)
[2025-08-22T08:32:16.435+0000][1692535][info ][gc          ] GC(559) Pause Young (Concurrent Start) (G1 Evacuation Pause) 386M->86M(512M) 2.298ms
[2025-08-22T08:32:16.435+0000][1692535][info ][gc,cpu      ] GC(559) User=0.01s Sys=0.00s Real=0.01s
[2025-08-22T08:32:16.435+0000][1692535][info ][safepoint   ] Safepoint "G1CollectForAllocation", Time since last: 706133405579 ns, Reaching safepoint: 6900 ns, Cleanup: 2855 ns, At safepoint: 2335937 ns, Total: 2345692 ns
[2025-08-22T08:32:16.439+0000][1692535][info ][gc          ] GC(560) Concurrent Mark Cycle
[2025-08-22T08:32:16.439+0000][1692535][info ][gc,marking  ] GC(560) Concurrent Scan Root Regions
[2025-08-22T08:32:16.440+0000][1692535][info ][gc,marking  ] GC(560) Concurrent Scan Root Regions 0.420ms
[2025-08-22T08:32:16.440+0000][1692535][info ][gc,marking  ] GC(560) Concurrent Mark
[2025-08-22T08:32:16.440+0000][1692535][info ][gc,marking  ] GC(560) Concurrent Mark From Roots
[2025-08-22T08:32:16.440+0000][1692535][info ][gc,task     ] GC(560) Using 1 workers of 1 for marking
[2025-08-22T08:32:16.601+0000][1692535][info ][gc,marking  ] GC(560) Concurrent Mark From Roots 161.594ms
[2025-08-22T08:32:16.601+0000][1692535][info ][gc,marking  ] GC(560) Concurrent Preclean
[2025-08-22T08:32:16.602+0000][1692535][info ][gc,marking  ] GC(560) Concurrent Preclean 0.279ms
[2025-08-22T08:32:16.602+0000][1692535][info ][gc,start    ] GC(560) Pause Remark
[2025-08-22T08:32:16.605+0000][1692535][info ][gc          ] GC(560) Pause Remark 86M->86M(512M) 3.130ms
[2025-08-22T08:32:16.605+0000][1692535][info ][gc,cpu      ] GC(560) User=0.00s Sys=0.00s Real=0.00s
[2025-08-22T08:32:16.605+0000][1692535][info ][safepoint   ] Safepoint "G1PauseRemark", Time since last: 166343655 ns, Reaching safepoint: 5348 ns, Cleanup: 2714 ns, At safepoint: 3171810 ns, Total: 3179872 ns
[2025-08-22T08:32:16.605+0000][1692535][info ][gc,marking  ] GC(560) Concurrent Mark 165.128ms
[2025-08-22T08:32:16.605+0000][1692535][info ][gc,marking  ] GC(560) Concurrent Rebuild Remembered Sets and Scrub Regions
[2025-08-22T08:32:16.678+0000][1692535][info ][gc,marking  ] GC(560) Concurrent Rebuild Remembered Sets and Scrub Regions 72.748ms
[2025-08-22T08:32:16.678+0000][1692535][info ][gc,start    ] GC(560) Pause Cleanup
[2025-08-22T08:32:16.678+0000][1692535][info ][gc          ] GC(560) Pause Cleanup 89M->89M(512M) 0.038ms
[2025-08-22T08:32:16.678+0000][1692535][info ][gc,cpu      ] GC(560) User=0.00s Sys=0.00s Real=0.00s
[2025-08-22T08:32:16.678+0000][1692535][info ][safepoint   ] Safepoint "G1PauseCleanup", Time since last: 72810682 ns, Reaching safepoint: 4537 ns, Cleanup: 2244 ns, At safepoint: 66220 ns, Total: 73001 ns
[2025-08-22T08:32:16.678+0000][1692535][info ][gc,marking  ] GC(560) Concurrent Clear Claimed Marks
[2025-08-22T08:32:16.678+0000][1692535][info ][gc,marking  ] GC(560) Concurrent Clear Claimed Marks 0.163ms
[2025-08-22T08:32:16.678+0000][1692535][info ][gc,marking  ] GC(560) Concurrent Cleanup for Next Mark
[2025-08-22T08:32:16.679+0000][1692535][info ][gc,marking  ] GC(560) Concurrent Cleanup for Next Mark 0.676ms
[2025-08-22T08:32:16.679+0000][1692535][info ][gc          ] GC(560) Concurrent Mark Cycle 239.302ms
[2025-08-22T08:44:02.576+0000][1692535][info ][gc,start    ] GC(561) Pause Young (Normal) (G1 Evacuation Pause)
[2025-08-22T08:44:02.576+0000][1692535][info ][gc,task     ] GC(561) Using 1 workers of 1 for evacuation
[2025-08-22T08:44:02.576+0000][1692535][debug][gc,age      ] GC(561) Desired survivor size 20971520 bytes, new threshold 15 (max threshold 15)
[2025-08-22T08:44:02.578+0000][1692535][info ][gc,phases   ] GC(561)   Pre Evacuate Collection Set: 0.0ms
[2025-08-22T08:44:02.578+0000][1692535][info ][gc,phases   ] GC(561)   Merge Heap Roots: 0.0ms
[2025-08-22T08:44:02.578+0000][1692535][info ][gc,phases   ] GC(561)   Evacuate Collection Set: 1.3ms
[2025-08-22T08:44:02.578+0000][1692535][info ][gc,phases   ] GC(561)   Post Evacuate Collection Set: 0.7ms
[2025-08-22T08:44:02.578+0000][1692535][info ][gc,phases   ] GC(561)   Other: 0.0ms
[2025-08-22T08:44:02.578+0000][1692535][trace][gc,age      ] GC(561) Age table with threshold 15 (max threshold 15)
[2025-08-22T08:44:02.578+0000][1692535][trace][gc,age      ] GC(561) - age   1:       9448 bytes,       9448 total
[2025-08-22T08:44:02.578+0000][1692535][trace][gc,age      ] GC(561) - age   2:        176 bytes,       9624 total
[2025-08-22T08:44:02.578+0000][1692535][trace][gc,age      ] GC(561) - age   6:       1920 bytes,      11544 total
[2025-08-22T08:44:02.578+0000][1692535][info ][gc,heap     ] GC(561) Eden regions: 75->0(75)
[2025-08-22T08:44:02.578+0000][1692535][info ][gc,heap     ] GC(561) Survivor regions: 1->1(10)
[2025-08-22T08:44:02.578+0000][1692535][info ][gc,heap     ] GC(561) Old regions: 22->22
[2025-08-22T08:44:02.578+0000][1692535][info ][gc,heap     ] GC(561) Humongous regions: 0->0
[2025-08-22T08:44:02.578+0000][1692535][info ][gc,metaspace] GC(561) Metaspace: 138330K(143872K)->138330K(143872K) NonClass: 120092K(123392K)->120092K(123392K) Class: 18238K(20480K)->18238K(20480K)
[2025-08-22T08:44:02.578+0000][1692535][info ][gc          ] GC(561) Pause Young (Normal) (G1 Evacuation Pause) 386M->86M(512M) 2.717ms
[2025-08-22T08:44:02.578+0000][1692535][info ][gc,cpu      ] GC(561) User=0.00s Sys=0.00s Real=0.00s
[2025-08-22T08:44:02.578+0000][1692535][info ][safepoint   ] Safepoint "G1CollectForAllocation", Time since last: 705897935898 ns, Reaching safepoint: 6920 ns, Cleanup: 3426 ns, At safepoint: 2749231 ns, Total: 2759577 ns
[2025-08-22T08:55:45.618+0000][1692535][info ][gc,start    ] GC(562) Pause Young (Concurrent Start) (G1 Evacuation Pause)
[2025-08-22T08:55:45.618+0000][1692535][info ][gc,task     ] GC(562) Using 1 workers of 1 for evacuation
[2025-08-22T08:55:45.618+0000][1692535][debug][gc,age      ] GC(562) Desired survivor size 20971520 bytes, new threshold 15 (max threshold 15)
[2025-08-22T08:55:45.620+0000][1692535][info ][gc,phases   ] GC(562)   Pre Evacuate Collection Set: 0.0ms
[2025-08-22T08:55:45.620+0000][1692535][info ][gc,phases   ] GC(562)   Merge Heap Roots: 0.0ms
[2025-08-22T08:55:45.620+0000][1692535][info ][gc,phases   ] GC(562)   Evacuate Collection Set: 1.2ms
[2025-08-22T08:55:45.620+0000][1692535][info ][gc,phases   ] GC(562)   Post Evacuate Collection Set: 0.7ms
[2025-08-22T08:55:45.620+0000][1692535][info ][gc,phases   ] GC(562)   Other: 0.0ms
[2025-08-22T08:55:45.620+0000][1692535][trace][gc,age      ] GC(562) Age table with threshold 15 (max threshold 15)
[2025-08-22T08:55:45.620+0000][1692535][trace][gc,age      ] GC(562) - age   1:      10888 bytes,      10888 total
[2025-08-22T08:55:45.620+0000][1692535][trace][gc,age      ] GC(562) - age   2:        352 bytes,      11240 total
[2025-08-22T08:55:45.620+0000][1692535][trace][gc,age      ] GC(562) - age   7:       1920 bytes,      13160 total
[2025-08-22T08:55:45.620+0000][1692535][info ][gc,heap     ] GC(562) Eden regions: 75->0(75)
[2025-08-22T08:55:45.620+0000][1692535][info ][gc,heap     ] GC(562) Survivor regions: 1->1(10)
[2025-08-22T08:55:45.620+0000][1692535][info ][gc,heap     ] GC(562) Old regions: 22->22
[2025-08-22T08:55:45.620+0000][1692535][info ][gc,heap     ] GC(562) Humongous regions: 0->0
[2025-08-22T08:55:45.620+0000][1692535][info ][gc,metaspace] GC(562) Metaspace: 138330K(143872K)->138330K(143872K) NonClass: 120092K(123392K)->120092K(123392K) Class: 18238K(20480K)->18238K(20480K)
[2025-08-22T08:55:45.620+0000][1692535][info ][gc          ] GC(562) Pause Young (Concurrent Start) (G1 Evacuation Pause) 386M->86M(512M) 2.191ms
[2025-08-22T08:55:45.620+0000][1692535][info ][gc,cpu      ] GC(562) User=0.00s Sys=0.00s Real=0.00s
[2025-08-22T08:55:45.620+0000][1692535][info ][safepoint   ] Safepoint "G1CollectForAllocation", Time since last: 703039440280 ns, Reaching safepoint: 7502 ns, Cleanup: 3114 ns, At safepoint: 2228426 ns, Total: 2239042 ns
[2025-08-22T08:55:45.625+0000][1692535][info ][gc          ] GC(563) Concurrent Mark Cycle
[2025-08-22T08:55:45.625+0000][1692535][info ][gc,marking  ] GC(563) Concurrent Scan Root Regions
[2025-08-22T08:55:45.626+0000][1692535][info ][gc,marking  ] GC(563) Concurrent Scan Root Regions 0.623ms
[2025-08-22T08:55:45.626+0000][1692535][info ][gc,marking  ] GC(563) Concurrent Mark
[2025-08-22T08:55:45.626+0000][1692535][info ][gc,marking  ] GC(563) Concurrent Mark From Roots
[2025-08-22T08:55:45.626+0000][1692535][info ][gc,task     ] GC(563) Using 1 workers of 1 for marking
[2025-08-22T08:55:45.737+0000][1692535][info ][gc,marking  ] GC(563) Concurrent Mark From Roots 110.797ms
[2025-08-22T08:55:45.737+0000][1692535][info ][gc,marking  ] GC(563) Concurrent Preclean
[2025-08-22T08:55:45.737+0000][1692535][info ][gc,marking  ] GC(563) Concurrent Preclean 0.241ms
[2025-08-22T08:55:45.737+0000][1692535][info ][gc,start    ] GC(563) Pause Remark
[2025-08-22T08:55:45.740+0000][1692535][info ][gc          ] GC(563) Pause Remark 90M->90M(512M) 2.840ms
[2025-08-22T08:55:45.740+0000][1692535][info ][gc,cpu      ] GC(563) User=0.00s Sys=0.00s Real=0.00s
[2025-08-22T08:55:45.740+0000][1692535][info ][safepoint   ] Safepoint "G1PauseRemark", Time since last: 116920062 ns, Reaching safepoint: 5097 ns, Cleanup: 2474 ns, At safepoint: 2871937 ns, Total: 2879508 ns
[2025-08-22T08:55:45.740+0000][1692535][info ][gc,marking  ] GC(563) Concurrent Mark 113.976ms
[2025-08-22T08:55:45.740+0000][1692535][info ][gc,marking  ] GC(563) Concurrent Rebuild Remembered Sets and Scrub Regions
[2025-08-22T08:55:45.792+0000][1692535][info ][gc,marking  ] GC(563) Concurrent Rebuild Remembered Sets and Scrub Regions 52.215ms
[2025-08-22T08:55:45.792+0000][1692535][info ][gc,start    ] GC(563) Pause Cleanup
[2025-08-22T08:55:45.792+0000][1692535][info ][gc          ] GC(563) Pause Cleanup 90M->90M(512M) 0.037ms
[2025-08-22T08:55:45.792+0000][1692535][info ][gc,cpu      ] GC(563) User=0.00s Sys=0.00s Real=0.00s
[2025-08-22T08:55:45.792+0000][1692535][info ][safepoint   ] Safepoint "G1PauseCleanup", Time since last: 52267099 ns, Reaching safepoint: 3696 ns, Cleanup: 1792 ns, At safepoint: 63406 ns, Total: 68894 ns
[2025-08-22T08:55:45.792+0000][1692535][info ][gc,marking  ] GC(563) Concurrent Clear Claimed Marks
[2025-08-22T08:55:45.792+0000][1692535][info ][gc,marking  ] GC(563) Concurrent Clear Claimed Marks 0.178ms
[2025-08-22T08:55:45.792+0000][1692535][info ][gc,marking  ] GC(563) Concurrent Cleanup for Next Mark
[2025-08-22T08:55:45.799+0000][1692535][info ][gc,marking  ] GC(563) Concurrent Cleanup for Next Mark 6.529ms
[2025-08-22T08:55:45.799+0000][1692535][info ][gc          ] GC(563) Concurrent Mark Cycle 173.673ms
[2025-08-22T09:07:31.109+0000][1692535][info ][gc,start    ] GC(564) Pause Young (Normal) (G1 Evacuation Pause)
[2025-08-22T09:07:31.109+0000][1692535][info ][gc,task     ] GC(564) Using 1 workers of 1 for evacuation
[2025-08-22T09:07:31.109+0000][1692535][debug][gc,age      ] GC(564) Desired survivor size 20971520 bytes, new threshold 15 (max threshold 15)
[2025-08-22T09:07:31.112+0000][1692535][info ][gc,phases   ] GC(564)   Pre Evacuate Collection Set: 0.0ms
[2025-08-22T09:07:31.112+0000][1692535][info ][gc,phases   ] GC(564)   Merge Heap Roots: 0.0ms
[2025-08-22T09:07:31.112+0000][1692535][info ][gc,phases   ] GC(564)   Evacuate Collection Set: 1.4ms
[2025-08-22T09:07:31.112+0000][1692535][info ][gc,phases   ] GC(564)   Post Evacuate Collection Set: 0.7ms
[2025-08-22T09:07:31.112+0000][1692535][info ][gc,phases   ] GC(564)   Other: 0.0ms
[2025-08-22T09:07:31.112+0000][1692535][trace][gc,age      ] GC(564) Age table with threshold 15 (max threshold 15)
[2025-08-22T09:07:31.112+0000][1692535][trace][gc,age      ] GC(564) - age   1:       9696 bytes,       9696 total
[2025-08-22T09:07:31.112+0000][1692535][trace][gc,age      ] GC(564) - age   3:        176 bytes,       9872 total
[2025-08-22T09:07:31.112+0000][1692535][trace][gc,age      ] GC(564) - age   8:       1920 bytes,      11792 total
[2025-08-22T09:07:31.112+0000][1692535][info ][gc,heap     ] GC(564) Eden regions: 75->0(75)
[2025-08-22T09:07:31.112+0000][1692535][info ][gc,heap     ] GC(564) Survivor regions: 1->1(10)
[2025-08-22T09:07:31.112+0000][1692535][info ][gc,heap     ] GC(564) Old regions: 22->22
[2025-08-22T09:07:31.112+0000][1692535][info ][gc,heap     ] GC(564) Humongous regions: 0->0
[2025-08-22T09:07:31.112+0000][1692535][info ][gc,metaspace] GC(564) Metaspace: 138330K(143872K)->138330K(143872K) NonClass: 120092K(123392K)->120092K(123392K) Class: 18238K(20480K)->18238K(20480K)
[2025-08-22T09:07:31.112+0000][1692535][info ][gc          ] GC(564) Pause Young (Normal) (G1 Evacuation Pause) 386M->86M(512M) 2.394ms
[2025-08-22T09:07:31.112+0000][1692535][info ][gc,cpu      ] GC(564) User=0.00s Sys=0.00s Real=0.00s
[2025-08-22T09:07:31.112+0000][1692535][info ][safepoint   ] Safepoint "G1CollectForAllocation", Time since last: 705316902485 ns, Reaching safepoint: 7812 ns, Cleanup: 2724 ns, At safepoint: 2427326 ns, Total: 2437862 ns
[2025-08-22T09:19:16.483+0000][1692535][info ][gc,start    ] GC(565) Pause Young (Concurrent Start) (G1 Evacuation Pause)
[2025-08-22T09:19:16.483+0000][1692535][info ][gc,task     ] GC(565) Using 1 workers of 1 for evacuation
[2025-08-22T09:19:16.483+0000][1692535][debug][gc,age      ] GC(565) Desired survivor size 20971520 bytes, new threshold 15 (max threshold 15)
[2025-08-22T09:19:16.485+0000][1692535][info ][gc,phases   ] GC(565)   Pre Evacuate Collection Set: 0.0ms
[2025-08-22T09:19:16.485+0000][1692535][info ][gc,phases   ] GC(565)   Merge Heap Roots: 0.0ms
[2025-08-22T09:19:16.485+0000][1692535][info ][gc,phases   ] GC(565)   Evacuate Collection Set: 1.2ms
[2025-08-22T09:19:16.485+0000][1692535][info ][gc,phases   ] GC(565)   Post Evacuate Collection Set: 0.7ms
[2025-08-22T09:19:16.485+0000][1692535][info ][gc,phases   ] GC(565)   Other: 0.0ms
[2025-08-22T09:19:16.485+0000][1692535][trace][gc,age      ] GC(565) Age table with threshold 15 (max threshold 15)
[2025-08-22T09:19:16.485+0000][1692535][trace][gc,age      ] GC(565) - age   1:      10976 bytes,      10976 total
[2025-08-22T09:19:16.485+0000][1692535][trace][gc,age      ] GC(565) - age   4:        176 bytes,      11152 total
[2025-08-22T09:19:16.485+0000][1692535][trace][gc,age      ] GC(565) - age   9:       1920 bytes,      13072 total
[2025-08-22T09:19:16.485+0000][1692535][info ][gc,heap     ] GC(565) Eden regions: 75->0(75)
[2025-08-22T09:19:16.485+0000][1692535][info ][gc,heap     ] GC(565) Survivor regions: 1->1(10)
[2025-08-22T09:19:16.485+0000][1692535][info ][gc,heap     ] GC(565) Old regions: 22->22
[2025-08-22T09:19:16.485+0000][1692535][info ][gc,heap     ] GC(565) Humongous regions: 0->0
[2025-08-22T09:19:16.485+0000][1692535][info ][gc,metaspace] GC(565) Metaspace: 138330K(143872K)->138330K(143872K) NonClass: 120092K(123392K)->120092K(123392K) Class: 18238K(20480K)->18238K(20480K)
[2025-08-22T09:19:16.485+0000][1692535][info ][gc          ] GC(565) Pause Young (Concurrent Start) (G1 Evacuation Pause) 386M->86M(512M) 2.188ms
[2025-08-22T09:19:16.485+0000][1692535][info ][gc,cpu      ] GC(565) User=0.00s Sys=0.00s Real=0.00s
[2025-08-22T09:19:16.485+0000][1692535][info ][safepoint   ] Safepoint "G1CollectForAllocation", Time since last: 705370943190 ns, Reaching safepoint: 8593 ns, Cleanup: 2894 ns, At safepoint: 2224420 ns, Total: 2235907 ns
[2025-08-22T09:19:16.491+0000][1692535][info ][gc          ] GC(566) Concurrent Mark Cycle
[2025-08-22T09:19:16.491+0000][1692535][info ][gc,marking  ] GC(566) Concurrent Scan Root Regions
[2025-08-22T09:19:16.491+0000][1692535][info ][gc,marking  ] GC(566) Concurrent Scan Root Regions 0.390ms
[2025-08-22T09:19:16.491+0000][1692535][info ][gc,marking  ] GC(566) Concurrent Mark
[2025-08-22T09:19:16.491+0000][1692535][info ][gc,marking  ] GC(566) Concurrent Mark From Roots
[2025-08-22T09:19:16.491+0000][1692535][info ][gc,task     ] GC(566) Using 1 workers of 1 for marking
[2025-08-22T09:19:16.595+0000][1692535][info ][gc,marking  ] GC(566) Concurrent Mark From Roots 103.409ms
[2025-08-22T09:19:16.595+0000][1692535][info ][gc,marking  ] GC(566) Concurrent Preclean
[2025-08-22T09:19:16.595+0000][1692535][info ][gc,marking  ] GC(566) Concurrent Preclean 0.279ms
[2025-08-22T09:19:16.595+0000][1692535][info ][gc,start    ] GC(566) Pause Remark
[2025-08-22T09:19:16.598+0000][1692535][info ][gc          ] GC(566) Pause Remark 87M->87M(512M) 2.927ms
[2025-08-22T09:19:16.598+0000][1692535][info ][gc,cpu      ] GC(566) User=0.00s Sys=0.00s Real=0.01s
[2025-08-22T09:19:16.598+0000][1692535][info ][safepoint   ] Safepoint "G1PauseRemark", Time since last: 110060846 ns, Reaching safepoint: 4757 ns, Cleanup: 2854 ns, At safepoint: 2962885 ns, Total: 2970496 ns
[2025-08-22T09:19:16.598+0000][1692535][info ][gc,marking  ] GC(566) Concurrent Mark 106.734ms
[2025-08-22T09:19:16.598+0000][1692535][info ][gc,marking  ] GC(566) Concurrent Rebuild Remembered Sets and Scrub Regions
[2025-08-22T09:19:16.643+0000][1692535][info ][gc,marking  ] GC(566) Concurrent Rebuild Remembered Sets and Scrub Regions 45.151ms
[2025-08-22T09:19:16.643+0000][1692535][info ][gc,start    ] GC(566) Pause Cleanup
[2025-08-22T09:19:16.643+0000][1692535][info ][gc          ] GC(566) Pause Cleanup 87M->87M(512M) 0.035ms
[2025-08-22T09:19:16.643+0000][1692535][info ][gc,cpu      ] GC(566) User=0.00s Sys=0.00s Real=0.00s
[2025-08-22T09:19:16.643+0000][1692535][info ][safepoint   ] Safepoint "G1PauseCleanup", Time since last: 45198748 ns, Reaching safepoint: 3776 ns, Cleanup: 1683 ns, At safepoint: 60181 ns, Total: 65640 ns
[2025-08-22T09:19:16.643+0000][1692535][info ][gc,marking  ] GC(566) Concurrent Clear Claimed Marks
[2025-08-22T09:19:16.643+0000][1692535][info ][gc,marking  ] GC(566) Concurrent Clear Claimed Marks 0.131ms
[2025-08-22T09:19:16.643+0000][1692535][info ][gc,marking  ] GC(566) Concurrent Cleanup for Next Mark
[2025-08-22T09:19:16.644+0000][1692535][info ][gc,marking  ] GC(566) Concurrent Cleanup for Next Mark 0.274ms
[2025-08-22T09:19:16.644+0000][1692535][info ][gc          ] GC(566) Concurrent Mark Cycle 152.822ms
[2025-08-22T09:30:57.228+0000][1692535][info ][gc,start    ] GC(567) Pause Young (Normal) (G1 Evacuation Pause)
[2025-08-22T09:30:57.228+0000][1692535][info ][gc,task     ] GC(567) Using 1 workers of 1 for evacuation
[2025-08-22T09:30:57.228+0000][1692535][debug][gc,age      ] GC(567) Desired survivor size 20971520 bytes, new threshold 15 (max threshold 15)
[2025-08-22T09:30:57.231+0000][1692535][info ][gc,phases   ] GC(567)   Pre Evacuate Collection Set: 0.1ms
[2025-08-22T09:30:57.231+0000][1692535][info ][gc,phases   ] GC(567)   Merge Heap Roots: 0.0ms
[2025-08-22T09:30:57.231+0000][1692535][info ][gc,phases   ] GC(567)   Evacuate Collection Set: 1.6ms
[2025-08-22T09:30:57.231+0000][1692535][info ][gc,phases   ] GC(567)   Post Evacuate Collection Set: 0.9ms
[2025-08-22T09:30:57.231+0000][1692535][info ][gc,phases   ] GC(567)   Other: 0.0ms
[2025-08-22T09:30:57.231+0000][1692535][trace][gc,age      ] GC(567) Age table with threshold 15 (max threshold 15)
[2025-08-22T09:30:57.231+0000][1692535][trace][gc,age      ] GC(567) - age   1:      10856 bytes,      10856 total
[2025-08-22T09:30:57.231+0000][1692535][trace][gc,age      ] GC(567) - age   2:        176 bytes,      11032 total
[2025-08-22T09:30:57.231+0000][1692535][trace][gc,age      ] GC(567) - age   5:        176 bytes,      11208 total
[2025-08-22T09:30:57.231+0000][1692535][trace][gc,age      ] GC(567) - age  10:       1920 bytes,      13128 total
[2025-08-22T09:30:57.231+0000][1692535][info ][gc,heap     ] GC(567) Eden regions: 75->0(75)
[2025-08-22T09:30:57.231+0000][1692535][info ][gc,heap     ] GC(567) Survivor regions: 1->1(10)
[2025-08-22T09:30:57.231+0000][1692535][info ][gc,heap     ] GC(567) Old regions: 22->22
[2025-08-22T09:30:57.231+0000][1692535][info ][gc,heap     ] GC(567) Humongous regions: 0->0
[2025-08-22T09:30:57.231+0000][1692535][info ][gc,metaspace] GC(567) Metaspace: 138330K(143872K)->138330K(143872K) NonClass: 120092K(123392K)->120092K(123392K) Class: 18238K(20480K)->18238K(20480K)
[2025-08-22T09:30:57.231+0000][1692535][info ][gc          ] GC(567) Pause Young (Normal) (G1 Evacuation Pause) 386M->86M(512M) 2.846ms
[2025-08-22T09:30:57.231+0000][1692535][info ][gc,cpu      ] GC(567) User=0.01s Sys=0.00s Real=0.00s
[2025-08-22T09:30:57.231+0000][1692535][info ][safepoint   ] Safepoint "G1CollectForAllocation", Time since last: 700584791086 ns, Reaching safepoint: 7612 ns, Cleanup: 3014 ns, At safepoint: 2883486 ns, Total: 2894112 ns
[2025-08-22T09:42:42.752+0000][1692535][info ][gc,start    ] GC(568) Pause Young (Concurrent Start) (G1 Evacuation Pause)
[2025-08-22T09:42:42.752+0000][1692535][info ][gc,task     ] GC(568) Using 1 workers of 1 for evacuation
[2025-08-22T09:42:42.752+0000][1692535][debug][gc,age      ] GC(568) Desired survivor size 20971520 bytes, new threshold 15 (max threshold 15)
[2025-08-22T09:42:42.755+0000][1692535][info ][gc,phases   ] GC(568)   Pre Evacuate Collection Set: 0.1ms
[2025-08-22T09:42:42.755+0000][1692535][info ][gc,phases   ] GC(568)   Merge Heap Roots: 0.0ms
[2025-08-22T09:42:42.755+0000][1692535][info ][gc,phases   ] GC(568)   Evacuate Collection Set: 1.3ms
[2025-08-22T09:42:42.755+0000][1692535][info ][gc,phases   ] GC(568)   Post Evacuate Collection Set: 0.8ms
[2025-08-22T09:42:42.755+0000][1692535][info ][gc,phases   ] GC(568)   Other: 0.3ms
[2025-08-22T09:42:42.755+0000][1692535][trace][gc,age      ] GC(568) Age table with threshold 15 (max threshold 15)
[2025-08-22T09:42:42.755+0000][1692535][trace][gc,age      ] GC(568) - age   1:      10856 bytes,      10856 total
[2025-08-22T09:42:42.755+0000][1692535][trace][gc,age      ] GC(568) - age   2:        176 bytes,      11032 total
[2025-08-22T09:42:42.755+0000][1692535][trace][gc,age      ] GC(568) - age   6:        176 bytes,      11208 total
[2025-08-22T09:42:42.755+0000][1692535][trace][gc,age      ] GC(568) - age  11:       1920 bytes,      13128 total
[2025-08-22T09:42:42.755+0000][1692535][info ][gc,heap     ] GC(568) Eden regions: 75->0(75)
[2025-08-22T09:42:42.755+0000][1692535][info ][gc,heap     ] GC(568) Survivor regions: 1->1(10)
[2025-08-22T09:42:42.755+0000][1692535][info ][gc,heap     ] GC(568) Old regions: 22->22
[2025-08-22T09:42:42.755+0000][1692535][info ][gc,heap     ] GC(568) Humongous regions: 0->0
[2025-08-22T09:42:42.755+0000][1692535][info ][gc,metaspace] GC(568) Metaspace: 138330K(143872K)->138330K(143872K) NonClass: 120092K(123392K)->120092K(123392K) Class: 18238K(20480K)->18238K(20480K)
[2025-08-22T09:42:42.755+0000][1692535][info ][gc          ] GC(568) Pause Young (Concurrent Start) (G1 Evacuation Pause) 386M->86M(512M) 2.762ms
[2025-08-22T09:42:42.755+0000][1692535][info ][gc,cpu      ] GC(568) User=0.00s Sys=0.00s Real=0.00s
[2025-08-22T09:42:42.755+0000][1692535][info ][safepoint   ] Safepoint "G1CollectForAllocation", Time since last: 705521385315 ns, Reaching safepoint: 7722 ns, Cleanup: 3015 ns, At safepoint: 2798155 ns, Total: 2808892 ns
[2025-08-22T09:42:42.755+0000][1692535][info ][gc          ] GC(569) Concurrent Mark Cycle
[2025-08-22T09:42:42.755+0000][1692535][info ][gc,marking  ] GC(569) Concurrent Scan Root Regions
[2025-08-22T09:42:42.758+0000][1692535][info ][gc,marking  ] GC(569) Concurrent Scan Root Regions 2.899ms
[2025-08-22T09:42:42.758+0000][1692535][info ][gc,marking  ] GC(569) Concurrent Mark
[2025-08-22T09:42:42.758+0000][1692535][info ][gc,marking  ] GC(569) Concurrent Mark From Roots
[2025-08-22T09:42:42.758+0000][1692535][info ][gc,task     ] GC(569) Using 1 workers of 1 for marking
[2025-08-22T09:42:43.007+0000][1692535][info ][gc,marking  ] GC(569) Concurrent Mark From Roots 248.662ms
[2025-08-22T09:42:43.007+0000][1692535][info ][gc,marking  ] GC(569) Concurrent Preclean
[2025-08-22T09:42:43.007+0000][1692535][info ][gc,marking  ] GC(569) Concurrent Preclean 0.313ms
[2025-08-22T09:42:43.007+0000][1692535][info ][gc,start    ] GC(569) Pause Remark
[2025-08-22T09:42:43.010+0000][1692535][info ][gc          ] GC(569) Pause Remark 86M->86M(512M) 3.047ms
[2025-08-22T09:42:43.010+0000][1692535][info ][gc,cpu      ] GC(569) User=0.00s Sys=0.00s Real=0.00s
[2025-08-22T09:42:43.010+0000][1692535][info ][safepoint   ] Safepoint "G1PauseRemark", Time since last: 251970149 ns, Reaching safepoint: 5058 ns, Cleanup: 2834 ns, At safepoint: 3080913 ns, Total: 3088805 ns
[2025-08-22T09:42:43.010+0000][1692535][info ][gc,marking  ] GC(569) Concurrent Mark 252.141ms
[2025-08-22T09:42:43.010+0000][1692535][info ][gc,marking  ] GC(569) Concurrent Rebuild Remembered Sets and Scrub Regions
[2025-08-22T09:42:43.083+0000][1692535][info ][gc,marking  ] GC(569) Concurrent Rebuild Remembered Sets and Scrub Regions 72.731ms
[2025-08-22T09:42:43.083+0000][1692535][info ][gc,start    ] GC(569) Pause Cleanup
[2025-08-22T09:42:43.083+0000][1692535][info ][gc          ] GC(569) Pause Cleanup 86M->86M(512M) 0.058ms
[2025-08-22T09:42:43.083+0000][1692535][info ][gc,cpu      ] GC(569) User=0.00s Sys=0.00s Real=0.00s
[2025-08-22T09:42:43.083+0000][1692535][info ][safepoint   ] Safepoint "G1PauseCleanup", Time since last: 72799386 ns, Reaching safepoint: 4637 ns, Cleanup: 2134 ns, At safepoint: 86701 ns, Total: 93472 ns
[2025-08-22T09:42:43.083+0000][1692535][info ][gc,marking  ] GC(569) Concurrent Clear Claimed Marks
[2025-08-22T09:42:43.083+0000][1692535][info ][gc,marking  ] GC(569) Concurrent Clear Claimed Marks 0.175ms
[2025-08-22T09:42:43.083+0000][1692535][info ][gc,marking  ] GC(569) Concurrent Cleanup for Next Mark
[2025-08-22T09:42:43.084+0000][1692535][info ][gc,marking  ] GC(569) Concurrent Cleanup for Next Mark 0.829ms
[2025-08-22T09:42:43.084+0000][1692535][info ][gc          ] GC(569) Concurrent Mark Cycle 328.956ms
[2025-08-22T09:54:27.549+0000][1692535][info ][gc,start    ] GC(570) Pause Young (Normal) (G1 Evacuation Pause)
[2025-08-22T09:54:27.549+0000][1692535][info ][gc,task     ] GC(570) Using 1 workers of 1 for evacuation
[2025-08-22T09:54:27.549+0000][1692535][debug][gc,age      ] GC(570) Desired survivor size 20971520 bytes, new threshold 15 (max threshold 15)
[2025-08-22T09:54:27.552+0000][1692535][info ][gc,phases   ] GC(570)   Pre Evacuate Collection Set: 0.0ms
[2025-08-22T09:54:27.552+0000][1692535][info ][gc,phases   ] GC(570)   Merge Heap Roots: 0.0ms
[2025-08-22T09:54:27.552+0000][1692535][info ][gc,phases   ] GC(570)   Evacuate Collection Set: 1.4ms
[2025-08-22T09:54:27.552+0000][1692535][info ][gc,phases   ] GC(570)   Post Evacuate Collection Set: 0.8ms
[2025-08-22T09:54:27.552+0000][1692535][info ][gc,phases   ] GC(570)   Other: 0.0ms
[2025-08-22T09:54:27.552+0000][1692535][trace][gc,age      ] GC(570) Age table with threshold 15 (max threshold 15)
[2025-08-22T09:54:27.552+0000][1692535][trace][gc,age      ] GC(570) - age   1:      16728 bytes,      16728 total
[2025-08-22T09:54:27.552+0000][1692535][trace][gc,age      ] GC(570) - age  12:       1920 bytes,      18648 total
[2025-08-22T09:54:27.552+0000][1692535][info ][gc,heap     ] GC(570) Eden regions: 75->0(75)
[2025-08-22T09:54:27.552+0000][1692535][info ][gc,heap     ] GC(570) Survivor regions: 1->1(10)
[2025-08-22T09:54:27.552+0000][1692535][info ][gc,heap     ] GC(570) Old regions: 22->22
[2025-08-22T09:54:27.552+0000][1692535][info ][gc,heap     ] GC(570) Humongous regions: 0->0
[2025-08-22T09:54:27.552+0000][1692535][info ][gc,metaspace] GC(570) Metaspace: 138330K(143872K)->138330K(143872K) NonClass: 120092K(123392K)->120092K(123392K) Class: 18238K(20480K)->18238K(20480K)
[2025-08-22T09:54:27.552+0000][1692535][info ][gc          ] GC(570) Pause Young (Normal) (G1 Evacuation Pause) 386M->86M(512M) 2.560ms
[2025-08-22T09:54:27.552+0000][1692535][info ][gc,cpu      ] GC(570) User=0.00s Sys=0.00s Real=0.00s
[2025-08-22T09:54:27.552+0000][1692535][info ][safepoint   ] Safepoint "G1CollectForAllocation", Time since last: 704466322940 ns, Reaching safepoint: 8903 ns, Cleanup: 3285 ns, At safepoint: 2592936 ns, Total: 2605124 ns
[2025-08-22T10:06:08.597+0000][1692535][info ][gc,start    ] GC(571) Pause Young (Concurrent Start) (G1 Evacuation Pause)
[2025-08-22T10:06:08.597+0000][1692535][info ][gc,task     ] GC(571) Using 1 workers of 1 for evacuation
[2025-08-22T10:06:08.597+0000][1692535][debug][gc,age      ] GC(571) Desired survivor size 20971520 bytes, new threshold 15 (max threshold 15)
[2025-08-22T10:06:08.599+0000][1692535][info ][gc,phases   ] GC(571)   Pre Evacuate Collection Set: 0.0ms
[2025-08-22T10:06:08.599+0000][1692535][info ][gc,phases   ] GC(571)   Merge Heap Roots: 0.0ms
[2025-08-22T10:06:08.599+0000][1692535][info ][gc,phases   ] GC(571)   Evacuate Collection Set: 1.2ms
[2025-08-22T10:06:08.599+0000][1692535][info ][gc,phases   ] GC(571)   Post Evacuate Collection Set: 0.7ms
[2025-08-22T10:06:08.599+0000][1692535][info ][gc,phases   ] GC(571)   Other: 0.2ms
[2025-08-22T10:06:08.599+0000][1692535][trace][gc,age      ] GC(571) Age table with threshold 15 (max threshold 15)
[2025-08-22T10:06:08.599+0000][1692535][trace][gc,age      ] GC(571) - age   1:      11032 bytes,      11032 total
[2025-08-22T10:06:08.599+0000][1692535][trace][gc,age      ] GC(571) - age   2:        176 bytes,      11208 total
[2025-08-22T10:06:08.599+0000][1692535][trace][gc,age      ] GC(571) - age  13:       1920 bytes,      13128 total
[2025-08-22T10:06:08.599+0000][1692535][info ][gc,heap     ] GC(571) Eden regions: 75->0(75)
[2025-08-22T10:06:08.599+0000][1692535][info ][gc,heap     ] GC(571) Survivor regions: 1->1(10)
[2025-08-22T10:06:08.599+0000][1692535][info ][gc,heap     ] GC(571) Old regions: 22->22
[2025-08-22T10:06:08.599+0000][1692535][info ][gc,heap     ] GC(571) Humongous regions: 0->0
[2025-08-22T10:06:08.599+0000][1692535][info ][gc,metaspace] GC(571) Metaspace: 138330K(143872K)->138330K(143872K) NonClass: 120092K(123392K)->120092K(123392K) Class: 18238K(20480K)->18238K(20480K)
[2025-08-22T10:06:08.599+0000][1692535][info ][gc          ] GC(571) Pause Young (Concurrent Start) (G1 Evacuation Pause) 386M->86M(512M) 2.317ms
[2025-08-22T10:06:08.599+0000][1692535][info ][gc,cpu      ] GC(571) User=0.00s Sys=0.00s Real=0.00s
[2025-08-22T10:06:08.599+0000][1692535][info ][safepoint   ] Safepoint "G1CollectForAllocation", Time since last: 701045079018 ns, Reaching safepoint: 7110 ns, Cleanup: 3055 ns, At safepoint: 2354606 ns, Total: 2364771 ns
[2025-08-22T10:06:08.604+0000][1692535][info ][gc          ] GC(572) Concurrent Mark Cycle
[2025-08-22T10:06:08.604+0000][1692535][info ][gc,marking  ] GC(572) Concurrent Scan Root Regions
[2025-08-22T10:06:08.605+0000][1692535][info ][gc,marking  ] GC(572) Concurrent Scan Root Regions 0.403ms
[2025-08-22T10:06:08.605+0000][1692535][info ][gc,marking  ] GC(572) Concurrent Mark
[2025-08-22T10:06:08.605+0000][1692535][info ][gc,marking  ] GC(572) Concurrent Mark From Roots
[2025-08-22T10:06:08.605+0000][1692535][info ][gc,task     ] GC(572) Using 1 workers of 1 for marking
[2025-08-22T10:06:08.745+0000][1692535][info ][gc,marking  ] GC(572) Concurrent Mark From Roots 140.389ms
[2025-08-22T10:06:08.745+0000][1692535][info ][gc,marking  ] GC(572) Concurrent Preclean
[2025-08-22T10:06:08.745+0000][1692535][info ][gc,marking  ] GC(572) Concurrent Preclean 0.278ms
[2025-08-22T10:06:08.746+0000][1692535][info ][gc,start    ] GC(572) Pause Remark
[2025-08-22T10:06:08.748+0000][1692535][info ][gc          ] GC(572) Pause Remark 86M->86M(512M) 2.884ms
[2025-08-22T10:06:08.748+0000][1692535][info ][gc,cpu      ] GC(572) User=0.01s Sys=0.00s Real=0.00s
[2025-08-22T10:06:08.748+0000][1692535][info ][safepoint   ] Safepoint "G1PauseRemark", Time since last: 146171899 ns, Reaching safepoint: 4927 ns, Cleanup: 2834 ns, At safepoint: 2916164 ns, Total: 2923925 ns
[2025-08-22T10:06:08.748+0000][1692535][info ][gc,marking  ] GC(572) Concurrent Mark 143.651ms
[2025-08-22T10:06:08.748+0000][1692535][info ][gc,marking  ] GC(572) Concurrent Rebuild Remembered Sets and Scrub Regions
[2025-08-22T10:06:08.827+0000][1692535][info ][gc,marking  ] GC(572) Concurrent Rebuild Remembered Sets and Scrub Regions 78.379ms
[2025-08-22T10:06:08.827+0000][1692535][info ][gc,start    ] GC(572) Pause Cleanup
[2025-08-22T10:06:08.827+0000][1692535][info ][gc          ] GC(572) Pause Cleanup 86M->86M(512M) 0.041ms
[2025-08-22T10:06:08.827+0000][1692535][info ][gc,cpu      ] GC(572) User=0.00s Sys=0.00s Real=0.00s
[2025-08-22T10:06:08.827+0000][1692535][info ][safepoint   ] Safepoint "G1PauseCleanup", Time since last: 78435803 ns, Reaching safepoint: 4307 ns, Cleanup: 2053 ns, At safepoint: 70196 ns, Total: 76556 ns
[2025-08-22T10:06:08.827+0000][1692535][info ][gc,marking  ] GC(572) Concurrent Clear Claimed Marks
[2025-08-22T10:06:08.827+0000][1692535][info ][gc,marking  ] GC(572) Concurrent Clear Claimed Marks 0.172ms
[2025-08-22T10:06:08.827+0000][1692535][info ][gc,marking  ] GC(572) Concurrent Cleanup for Next Mark
[2025-08-22T10:06:08.833+0000][1692535][info ][gc,marking  ] GC(572) Concurrent Cleanup for Next Mark 6.045ms
[2025-08-22T10:06:08.833+0000][1692535][info ][gc          ] GC(572) Concurrent Mark Cycle 228.820ms
[2025-08-22T10:17:55.612+0000][1692535][info ][gc,start    ] GC(573) Pause Young (Normal) (G1 Evacuation Pause)
[2025-08-22T10:17:55.612+0000][1692535][info ][gc,task     ] GC(573) Using 1 workers of 1 for evacuation
[2025-08-22T10:17:55.612+0000][1692535][debug][gc,age      ] GC(573) Desired survivor size 20971520 bytes, new threshold 15 (max threshold 15)
[2025-08-22T10:17:55.614+0000][1692535][info ][gc,phases   ] GC(573)   Pre Evacuate Collection Set: 0.0ms
[2025-08-22T10:17:55.614+0000][1692535][info ][gc,phases   ] GC(573)   Merge Heap Roots: 0.0ms
[2025-08-22T10:17:55.614+0000][1692535][info ][gc,phases   ] GC(573)   Evacuate Collection Set: 1.4ms
[2025-08-22T10:17:55.614+0000][1692535][info ][gc,phases   ] GC(573)   Post Evacuate Collection Set: 0.8ms
[2025-08-22T10:17:55.614+0000][1692535][info ][gc,phases   ] GC(573)   Other: 0.0ms
[2025-08-22T10:17:55.614+0000][1692535][trace][gc,age      ] GC(573) Age table with threshold 15 (max threshold 15)
[2025-08-22T10:17:55.614+0000][1692535][trace][gc,age      ] GC(573) - age   1:      26992 bytes,      26992 total
[2025-08-22T10:17:55.614+0000][1692535][trace][gc,age      ] GC(573) - age   3:        176 bytes,      27168 total
[2025-08-22T10:17:55.614+0000][1692535][trace][gc,age      ] GC(573) - age  14:       1920 bytes,      29088 total
[2025-08-22T10:17:55.614+0000][1692535][info ][gc,heap     ] GC(573) Eden regions: 75->0(75)
[2025-08-22T10:17:55.614+0000][1692535][info ][gc,heap     ] GC(573) Survivor regions: 1->1(10)
[2025-08-22T10:17:55.614+0000][1692535][info ][gc,heap     ] GC(573) Old regions: 22->22
[2025-08-22T10:17:55.614+0000][1692535][info ][gc,heap     ] GC(573) Humongous regions: 0->0
[2025-08-22T10:17:55.614+0000][1692535][info ][gc,metaspace] GC(573) Metaspace: 138330K(143872K)->138330K(143872K) NonClass: 120092K(123392K)->120092K(123392K) Class: 18238K(20480K)->18238K(20480K)
[2025-08-22T10:17:55.614+0000][1692535][info ][gc          ] GC(573) Pause Young (Normal) (G1 Evacuation Pause) 386M->86M(512M) 2.685ms
[2025-08-22T10:17:55.614+0000][1692535][info ][gc,cpu      ] GC(573) User=0.00s Sys=0.00s Real=0.00s
[2025-08-22T10:17:55.614+0000][1692535][info ][safepoint   ] Safepoint "G1CollectForAllocation", Time since last: 706784772980 ns, Reaching safepoint: 8292 ns, Cleanup: 4026 ns, At safepoint: 2720989 ns, Total: 2733307 ns
[2025-08-22T10:29:39.357+0000][1692535][info ][gc,start    ] GC(574) Pause Young (Concurrent Start) (G1 Evacuation Pause)
[2025-08-22T10:29:39.358+0000][1692535][info ][gc,task     ] GC(574) Using 1 workers of 1 for evacuation
[2025-08-22T10:29:39.358+0000][1692535][debug][gc,age      ] GC(574) Desired survivor size 20971520 bytes, new threshold 15 (max threshold 15)
[2025-08-22T10:29:39.360+0000][1692535][info ][gc,phases   ] GC(574)   Pre Evacuate Collection Set: 0.0ms
[2025-08-22T10:29:39.360+0000][1692535][info ][gc,phases   ] GC(574)   Merge Heap Roots: 0.0ms
[2025-08-22T10:29:39.360+0000][1692535][info ][gc,phases   ] GC(574)   Evacuate Collection Set: 1.2ms
[2025-08-22T10:29:39.360+0000][1692535][info ][gc,phases   ] GC(574)   Post Evacuate Collection Set: 0.8ms
[2025-08-22T10:29:39.360+0000][1692535][info ][gc,phases   ] GC(574)   Other: 0.0ms
[2025-08-22T10:29:39.360+0000][1692535][trace][gc,age      ] GC(574) Age table with threshold 15 (max threshold 15)
[2025-08-22T10:29:39.360+0000][1692535][trace][gc,age      ] GC(574) - age   1:      11040 bytes,      11040 total
[2025-08-22T10:29:39.360+0000][1692535][trace][gc,age      ] GC(574) - age   2:        176 bytes,      11216 total
[2025-08-22T10:29:39.360+0000][1692535][trace][gc,age      ] GC(574) - age   4:        176 bytes,      11392 total
[2025-08-22T10:29:39.360+0000][1692535][trace][gc,age      ] GC(574) - age  15:       1920 bytes,      13312 total
[2025-08-22T10:29:39.360+0000][1692535][info ][gc,heap     ] GC(574) Eden regions: 75->0(75)
[2025-08-22T10:29:39.360+0000][1692535][info ][gc,heap     ] GC(574) Survivor regions: 1->1(10)
[2025-08-22T10:29:39.360+0000][1692535][info ][gc,heap     ] GC(574) Old regions: 22->22
[2025-08-22T10:29:39.360+0000][1692535][info ][gc,heap     ] GC(574) Humongous regions: 0->0
[2025-08-22T10:29:39.360+0000][1692535][info ][gc,metaspace] GC(574) Metaspace: 138330K(143872K)->138330K(143872K) NonClass: 120092K(123392K)->120092K(123392K) Class: 18238K(20480K)->18238K(20480K)
[2025-08-22T10:29:39.360+0000][1692535][info ][gc          ] GC(574) Pause Young (Concurrent Start) (G1 Evacuation Pause) 386M->86M(512M) 2.231ms
[2025-08-22T10:29:39.360+0000][1692535][info ][gc,cpu      ] GC(574) User=0.00s Sys=0.00s Real=0.00s
[2025-08-22T10:29:39.360+0000][1692535][info ][safepoint   ] Safepoint "G1CollectForAllocation", Time since last: 703742963133 ns, Reaching safepoint: 7611 ns, Cleanup: 2864 ns, At safepoint: 2269117 ns, Total: 2279592 ns
[2025-08-22T10:29:39.365+0000][1692535][info ][gc          ] GC(575) Concurrent Mark Cycle
[2025-08-22T10:29:39.365+0000][1692535][info ][gc,marking  ] GC(575) Concurrent Scan Root Regions
[2025-08-22T10:29:39.366+0000][1692535][info ][gc,marking  ] GC(575) Concurrent Scan Root Regions 0.406ms
[2025-08-22T10:29:39.366+0000][1692535][info ][gc,marking  ] GC(575) Concurrent Mark
[2025-08-22T10:29:39.366+0000][1692535][info ][gc,marking  ] GC(575) Concurrent Mark From Roots
[2025-08-22T10:29:39.366+0000][1692535][info ][gc,task     ] GC(575) Using 1 workers of 1 for marking
[2025-08-22T10:29:39.510+0000][1692535][info ][gc,marking  ] GC(575) Concurrent Mark From Roots 144.452ms
[2025-08-22T10:29:39.510+0000][1692535][info ][gc,marking  ] GC(575) Concurrent Preclean
[2025-08-22T10:29:39.511+0000][1692535][info ][gc,marking  ] GC(575) Concurrent Preclean 0.285ms
[2025-08-22T10:29:39.511+0000][1692535][info ][gc,start    ] GC(575) Pause Remark
[2025-08-22T10:29:39.514+0000][1692535][info ][gc          ] GC(575) Pause Remark 86M->86M(512M) 3.091ms
[2025-08-22T10:29:39.514+0000][1692535][info ][gc,cpu      ] GC(575) User=0.00s Sys=0.00s Real=0.00s
[2025-08-22T10:29:39.514+0000][1692535][info ][safepoint   ] Safepoint "G1PauseRemark", Time since last: 150913107 ns, Reaching safepoint: 5037 ns, Cleanup: 2945 ns, At safepoint: 3127052 ns, Total: 3135034 ns
[2025-08-22T10:29:39.514+0000][1692535][info ][gc,marking  ] GC(575) Concurrent Mark 147.941ms
[2025-08-22T10:29:39.514+0000][1692535][info ][gc,marking  ] GC(575) Concurrent Rebuild Remembered Sets and Scrub Regions
[2025-08-22T10:29:39.578+0000][1692535][info ][gc,marking  ] GC(575) Concurrent Rebuild Remembered Sets and Scrub Regions 64.472ms
[2025-08-22T10:29:39.578+0000][1692535][info ][gc,start    ] GC(575) Pause Cleanup
[2025-08-22T10:29:39.578+0000][1692535][info ][gc          ] GC(575) Pause Cleanup 86M->86M(512M) 0.116ms
[2025-08-22T10:29:39.578+0000][1692535][info ][gc,cpu      ] GC(575) User=0.00s Sys=0.00s Real=0.00s
[2025-08-22T10:29:39.578+0000][1692535][info ][safepoint   ] Safepoint "G1PauseCleanup", Time since last: 64528021 ns, Reaching safepoint: 4106 ns, Cleanup: 2093 ns, At safepoint: 149656 ns, Total: 155855 ns
[2025-08-22T10:29:39.578+0000][1692535][info ][gc,marking  ] GC(575) Concurrent Clear Claimed Marks
[2025-08-22T10:29:39.579+0000][1692535][info ][gc,marking  ] GC(575) Concurrent Clear Claimed Marks 0.174ms
[2025-08-22T10:29:39.579+0000][1692535][info ][gc,marking  ] GC(575) Concurrent Cleanup for Next Mark
[2025-08-22T10:29:39.594+0000][1692535][info ][gc,marking  ] GC(575) Concurrent Cleanup for Next Mark 14.993ms
[2025-08-22T10:29:39.594+0000][1692535][info ][gc          ] GC(575) Concurrent Mark Cycle 228.239ms
[2025-08-22T10:41:24.785+0000][1692535][info ][gc,start    ] GC(576) Pause Young (Normal) (G1 Evacuation Pause)
[2025-08-22T10:41:24.785+0000][1692535][info ][gc,task     ] GC(576) Using 1 workers of 1 for evacuation
[2025-08-22T10:41:24.785+0000][1692535][debug][gc,age      ] GC(576) Desired survivor size 20971520 bytes, new threshold 15 (max threshold 15)
[2025-08-22T10:41:24.787+0000][1692535][info ][gc,phases   ] GC(576)   Pre Evacuate Collection Set: 0.0ms
[2025-08-22T10:41:24.787+0000][1692535][info ][gc,phases   ] GC(576)   Merge Heap Roots: 0.0ms
[2025-08-22T10:41:24.787+0000][1692535][info ][gc,phases   ] GC(576)   Evacuate Collection Set: 1.3ms
[2025-08-22T10:41:24.787+0000][1692535][info ][gc,phases   ] GC(576)   Post Evacuate Collection Set: 0.7ms
[2025-08-22T10:41:24.787+0000][1692535][info ][gc,phases   ] GC(576)   Other: 0.0ms
[2025-08-22T10:41:24.787+0000][1692535][trace][gc,age      ] GC(576) Age table with threshold 15 (max threshold 15)
[2025-08-22T10:41:24.787+0000][1692535][trace][gc,age      ] GC(576) - age   1:      10800 bytes,      10800 total
[2025-08-22T10:41:24.787+0000][1692535][trace][gc,age      ] GC(576) - age   2:        176 bytes,      10976 total
[2025-08-22T10:41:24.787+0000][1692535][trace][gc,age      ] GC(576) - age   5:        176 bytes,      11152 total
[2025-08-22T10:41:24.787+0000][1692535][info ][gc,heap     ] GC(576) Eden regions: 75->0(75)
[2025-08-22T10:41:24.787+0000][1692535][info ][gc,heap     ] GC(576) Survivor regions: 1->1(10)
[2025-08-22T10:41:24.787+0000][1692535][info ][gc,heap     ] GC(576) Old regions: 22->22
[2025-08-22T10:41:24.787+0000][1692535][info ][gc,heap     ] GC(576) Humongous regions: 0->0
[2025-08-22T10:41:24.787+0000][1692535][info ][gc,metaspace] GC(576) Metaspace: 138330K(143872K)->138330K(143872K) NonClass: 120092K(123392K)->120092K(123392K) Class: 18238K(20480K)->18238K(20480K)
[2025-08-22T10:41:24.787+0000][1692535][info ][gc          ] GC(576) Pause Young (Normal) (G1 Evacuation Pause) 386M->86M(512M) 2.355ms
[2025-08-22T10:41:24.787+0000][1692535][info ][gc,cpu      ] GC(576) User=0.00s Sys=0.00s Real=0.01s
[2025-08-22T10:41:24.787+0000][1692535][info ][safepoint   ] Safepoint "G1CollectForAllocation", Time since last: 705206333697 ns, Reaching safepoint: 7211 ns, Cleanup: 2453 ns, At safepoint: 2386114 ns, Total: 2395778 ns
[2025-08-22T10:53:10.276+0000][1692535][info ][gc,start    ] GC(577) Pause Young (Concurrent Start) (G1 Evacuation Pause)
[2025-08-22T10:53:10.276+0000][1692535][info ][gc,task     ] GC(577) Using 1 workers of 1 for evacuation
[2025-08-22T10:53:10.276+0000][1692535][debug][gc,age      ] GC(577) Desired survivor size 20971520 bytes, new threshold 15 (max threshold 15)
[2025-08-22T10:53:10.278+0000][1692535][info ][gc,phases   ] GC(577)   Pre Evacuate Collection Set: 0.0ms
[2025-08-22T10:53:10.278+0000][1692535][info ][gc,phases   ] GC(577)   Merge Heap Roots: 0.0ms
[2025-08-22T10:53:10.278+0000][1692535][info ][gc,phases   ] GC(577)   Evacuate Collection Set: 1.2ms
[2025-08-22T10:53:10.278+0000][1692535][info ][gc,phases   ] GC(577)   Post Evacuate Collection Set: 0.7ms
[2025-08-22T10:53:10.278+0000][1692535][info ][gc,phases   ] GC(577)   Other: 0.0ms
[2025-08-22T10:53:10.278+0000][1692535][trace][gc,age      ] GC(577) Age table with threshold 15 (max threshold 15)
[2025-08-22T10:53:10.278+0000][1692535][trace][gc,age      ] GC(577) - age   1:      11208 bytes,      11208 total
[2025-08-22T10:53:10.278+0000][1692535][info ][gc,heap     ] GC(577) Eden regions: 75->0(75)
[2025-08-22T10:53:10.278+0000][1692535][info ][gc,heap     ] GC(577) Survivor regions: 1->1(10)
[2025-08-22T10:53:10.278+0000][1692535][info ][gc,heap     ] GC(577) Old regions: 22->22
[2025-08-22T10:53:10.278+0000][1692535][info ][gc,heap     ] GC(577) Humongous regions: 0->0
[2025-08-22T10:53:10.278+0000][1692535][info ][gc,metaspace] GC(577) Metaspace: 138330K(143872K)->138330K(143872K) NonClass: 120092K(123392K)->120092K(123392K) Class: 18238K(20480K)->18238K(20480K)
[2025-08-22T10:53:10.278+0000][1692535][info ][gc          ] GC(577) Pause Young (Concurrent Start) (G1 Evacuation Pause) 386M->86M(512M) 2.195ms
[2025-08-22T10:53:10.278+0000][1692535][info ][gc,cpu      ] GC(577) User=0.00s Sys=0.00s Real=0.00s
[2025-08-22T10:53:10.278+0000][1692535][info ][safepoint   ] Safepoint "G1CollectForAllocation", Time since last: 705488696980 ns, Reaching safepoint: 9084 ns, Cleanup: 3164 ns, At safepoint: 2240303 ns, Total: 2252551 ns
[2025-08-22T10:53:10.278+0000][1692535][info ][gc          ] GC(578) Concurrent Mark Cycle
[2025-08-22T10:53:10.278+0000][1692535][info ][gc,marking  ] GC(578) Concurrent Scan Root Regions
[2025-08-22T10:53:10.285+0000][1692535][info ][gc,marking  ] GC(578) Concurrent Scan Root Regions 6.634ms
[2025-08-22T10:53:10.285+0000][1692535][info ][gc,marking  ] GC(578) Concurrent Mark
[2025-08-22T10:53:10.285+0000][1692535][info ][gc,marking  ] GC(578) Concurrent Mark From Roots
[2025-08-22T10:53:10.285+0000][1692535][info ][gc,task     ] GC(578) Using 1 workers of 1 for marking
[2025-08-22T10:53:10.382+0000][1692535][info ][gc,marking  ] GC(578) Concurrent Mark From Roots 97.059ms
[2025-08-22T10:53:10.382+0000][1692535][info ][gc,marking  ] GC(578) Concurrent Preclean
[2025-08-22T10:53:10.382+0000][1692535][info ][gc,marking  ] GC(578) Concurrent Preclean 0.204ms
[2025-08-22T10:53:10.382+0000][1692535][info ][gc,start    ] GC(578) Pause Remark
[2025-08-22T10:53:10.385+0000][1692535][info ][gc          ] GC(578) Pause Remark 87M->87M(512M) 2.847ms
[2025-08-22T10:53:10.385+0000][1692535][info ][gc,cpu      ] GC(578) User=0.00s Sys=0.00s Real=0.00s
[2025-08-22T10:53:10.385+0000][1692535][info ][safepoint   ] Safepoint "G1PauseRemark", Time since last: 103990222 ns, Reaching safepoint: 4958 ns, Cleanup: 2974 ns, At safepoint: 2881251 ns, Total: 2889183 ns
[2025-08-22T10:53:10.385+0000][1692535][info ][gc,marking  ] GC(578) Concurrent Mark 100.222ms
[2025-08-22T10:53:10.385+0000][1692535][info ][gc,marking  ] GC(578) Concurrent Rebuild Remembered Sets and Scrub Regions
[2025-08-22T10:53:10.438+0000][1692535][info ][gc,marking  ] GC(578) Concurrent Rebuild Remembered Sets and Scrub Regions 52.536ms
[2025-08-22T10:53:10.438+0000][1692535][info ][gc,start    ] GC(578) Pause Cleanup
[2025-08-22T10:53:10.438+0000][1692535][info ][gc          ] GC(578) Pause Cleanup 87M->87M(512M) 0.037ms
[2025-08-22T10:53:10.438+0000][1692535][info ][gc,cpu      ] GC(578) User=0.00s Sys=0.00s Real=0.00s
[2025-08-22T10:53:10.438+0000][1692535][info ][safepoint   ] Safepoint "G1PauseCleanup", Time since last: 52593970 ns, Reaching safepoint: 3576 ns, Cleanup: 1682 ns, At safepoint: 62965 ns, Total: 68223 ns
[2025-08-22T10:53:10.438+0000][1692535][info ][gc,marking  ] GC(578) Concurrent Clear Claimed Marks
[2025-08-22T10:53:10.438+0000][1692535][info ][gc,marking  ] GC(578) Concurrent Clear Claimed Marks 0.165ms
[2025-08-22T10:53:10.438+0000][1692535][info ][gc,marking  ] GC(578) Concurrent Cleanup for Next Mark
[2025-08-22T10:53:10.438+0000][1692535][info ][gc,marking  ] GC(578) Concurrent Cleanup for Next Mark 0.219ms
[2025-08-22T10:53:10.438+0000][1692535][info ][gc          ] GC(578) Concurrent Mark Cycle 159.926ms
[2025-08-22T11:04:55.641+0000][1692535][info ][gc,start    ] GC(579) Pause Young (Normal) (G1 Evacuation Pause)
[2025-08-22T11:04:55.641+0000][1692535][info ][gc,task     ] GC(579) Using 1 workers of 1 for evacuation
[2025-08-22T11:04:55.641+0000][1692535][debug][gc,age      ] GC(579) Desired survivor size 20971520 bytes, new threshold 15 (max threshold 15)
[2025-08-22T11:04:55.643+0000][1692535][info ][gc,phases   ] GC(579)   Pre Evacuate Collection Set: 0.0ms
[2025-08-22T11:04:55.643+0000][1692535][info ][gc,phases   ] GC(579)   Merge Heap Roots: 0.0ms
[2025-08-22T11:04:55.643+0000][1692535][info ][gc,phases   ] GC(579)   Evacuate Collection Set: 1.4ms
[2025-08-22T11:04:55.643+0000][1692535][info ][gc,phases   ] GC(579)   Post Evacuate Collection Set: 0.7ms
[2025-08-22T11:04:55.643+0000][1692535][info ][gc,phases   ] GC(579)   Other: 0.0ms
[2025-08-22T11:04:55.643+0000][1692535][trace][gc,age      ] GC(579) Age table with threshold 15 (max threshold 15)
[2025-08-22T11:04:55.643+0000][1692535][trace][gc,age      ] GC(579) - age   1:      11032 bytes,      11032 total
[2025-08-22T11:04:55.643+0000][1692535][trace][gc,age      ] GC(579) - age   2:        176 bytes,      11208 total
[2025-08-22T11:04:55.643+0000][1692535][info ][gc,heap     ] GC(579) Eden regions: 75->0(75)
[2025-08-22T11:04:55.643+0000][1692535][info ][gc,heap     ] GC(579) Survivor regions: 1->1(10)
[2025-08-22T11:04:55.643+0000][1692535][info ][gc,heap     ] GC(579) Old regions: 22->22
[2025-08-22T11:04:55.643+0000][1692535][info ][gc,heap     ] GC(579) Humongous regions: 0->0
[2025-08-22T11:04:55.643+0000][1692535][info ][gc,metaspace] GC(579) Metaspace: 138330K(143872K)->138330K(143872K) NonClass: 120092K(123392K)->120092K(123392K) Class: 18238K(20480K)->18238K(20480K)
[2025-08-22T11:04:55.643+0000][1692535][info ][gc          ] GC(579) Pause Young (Normal) (G1 Evacuation Pause) 386M->86M(512M) 2.382ms
[2025-08-22T11:04:55.643+0000][1692535][info ][gc,cpu      ] GC(579) User=0.01s Sys=0.00s Real=0.00s
[2025-08-22T11:04:55.643+0000][1692535][info ][safepoint   ] Safepoint "G1CollectForAllocation", Time since last: 705203160187 ns, Reaching safepoint: 7231 ns, Cleanup: 3105 ns, At safepoint: 2416218 ns, Total: 2426554 ns
[2025-08-22T11:16:41.010+0000][1692535][info ][gc,start    ] GC(580) Pause Young (Concurrent Start) (G1 Evacuation Pause)
[2025-08-22T11:16:41.010+0000][1692535][info ][gc,task     ] GC(580) Using 1 workers of 1 for evacuation
[2025-08-22T11:16:41.010+0000][1692535][debug][gc,age      ] GC(580) Desired survivor size 20971520 bytes, new threshold 15 (max threshold 15)
[2025-08-22T11:16:41.012+0000][1692535][info ][gc,phases   ] GC(580)   Pre Evacuate Collection Set: 0.1ms
[2025-08-22T11:16:41.012+0000][1692535][info ][gc,phases   ] GC(580)   Merge Heap Roots: 0.0ms
[2025-08-22T11:16:41.012+0000][1692535][info ][gc,phases   ] GC(580)   Evacuate Collection Set: 1.2ms
[2025-08-22T11:16:41.012+0000][1692535][info ][gc,phases   ] GC(580)   Post Evacuate Collection Set: 0.7ms
[2025-08-22T11:16:41.012+0000][1692535][info ][gc,phases   ] GC(580)   Other: 0.0ms
[2025-08-22T11:16:41.012+0000][1692535][trace][gc,age      ] GC(580) Age table with threshold 15 (max threshold 15)
[2025-08-22T11:16:41.012+0000][1692535][trace][gc,age      ] GC(580) - age   1:      10880 bytes,      10880 total
[2025-08-22T11:16:41.012+0000][1692535][trace][gc,age      ] GC(580) - age   2:        176 bytes,      11056 total
[2025-08-22T11:16:41.012+0000][1692535][trace][gc,age      ] GC(580) - age   3:        176 bytes,      11232 total
[2025-08-22T11:16:41.012+0000][1692535][info ][gc,heap     ] GC(580) Eden regions: 75->0(75)
[2025-08-22T11:16:41.012+0000][1692535][info ][gc,heap     ] GC(580) Survivor regions: 1->1(10)
[2025-08-22T11:16:41.012+0000][1692535][info ][gc,heap     ] GC(580) Old regions: 22->22
[2025-08-22T11:16:41.012+0000][1692535][info ][gc,heap     ] GC(580) Humongous regions: 0->0
[2025-08-22T11:16:41.012+0000][1692535][info ][gc,metaspace] GC(580) Metaspace: 138330K(143872K)->138330K(143872K) NonClass: 120092K(123392K)->120092K(123392K) Class: 18238K(20480K)->18238K(20480K)
[2025-08-22T11:16:41.012+0000][1692535][info ][gc          ] GC(580) Pause Young (Concurrent Start) (G1 Evacuation Pause) 386M->86M(512M) 2.193ms
[2025-08-22T11:16:41.012+0000][1692535][info ][gc,cpu      ] GC(580) User=0.00s Sys=0.00s Real=0.00s
[2025-08-22T11:16:41.012+0000][1692535][info ][safepoint   ] Safepoint "G1CollectForAllocation", Time since last: 705366541567 ns, Reaching safepoint: 129486 ns, Cleanup: 2864 ns, At safepoint: 2230428 ns, Total: 2362778 ns
[2025-08-22T11:16:41.017+0000][1692535][info ][gc          ] GC(581) Concurrent Mark Cycle
[2025-08-22T11:16:41.017+0000][1692535][info ][gc,marking  ] GC(581) Concurrent Scan Root Regions
[2025-08-22T11:16:41.018+0000][1692535][info ][gc,marking  ] GC(581) Concurrent Scan Root Regions 0.460ms
[2025-08-22T11:16:41.018+0000][1692535][info ][gc,marking  ] GC(581) Concurrent Mark
[2025-08-22T11:16:41.018+0000][1692535][info ][gc,marking  ] GC(581) Concurrent Mark From Roots
[2025-08-22T11:16:41.018+0000][1692535][info ][gc,task     ] GC(581) Using 1 workers of 1 for marking
[2025-08-22T11:16:41.136+0000][1692535][info ][gc,marking  ] GC(581) Concurrent Mark From Roots 118.169ms
[2025-08-22T11:16:41.136+0000][1692535][info ][gc,marking  ] GC(581) Concurrent Preclean
[2025-08-22T11:16:41.136+0000][1692535][info ][gc,marking  ] GC(581) Concurrent Preclean 0.254ms
[2025-08-22T11:16:41.136+0000][1692535][info ][gc,start    ] GC(581) Pause Remark
[2025-08-22T11:16:41.139+0000][1692535][info ][gc          ] GC(581) Pause Remark 87M->87M(512M) 2.893ms
[2025-08-22T11:16:41.139+0000][1692535][info ][gc,cpu      ] GC(581) User=0.00s Sys=0.00s Real=0.00s
[2025-08-22T11:16:41.139+0000][1692535][info ][safepoint   ] Safepoint "G1PauseRemark", Time since last: 124194374 ns, Reaching safepoint: 4958 ns, Cleanup: 2513 ns, At safepoint: 2929384 ns, Total: 2936855 ns
[2025-08-22T11:16:41.139+0000][1692535][info ][gc,marking  ] GC(581) Concurrent Mark 121.425ms
[2025-08-22T11:16:41.139+0000][1692535][info ][gc,marking  ] GC(581) Concurrent Rebuild Remembered Sets and Scrub Regions
[2025-08-22T11:16:41.179+0000][1692535][info ][gc,marking  ] GC(581) Concurrent Rebuild Remembered Sets and Scrub Regions 39.361ms
[2025-08-22T11:16:41.179+0000][1692535][info ][gc,start    ] GC(581) Pause Cleanup
[2025-08-22T11:16:41.179+0000][1692535][info ][gc          ] GC(581) Pause Cleanup 90M->90M(512M) 0.033ms
[2025-08-22T11:16:41.179+0000][1692535][info ][gc,cpu      ] GC(581) User=0.00s Sys=0.00s Real=0.00s
[2025-08-22T11:16:41.179+0000][1692535][info ][safepoint   ] Safepoint "G1PauseCleanup", Time since last: 39413388 ns, Reaching safepoint: 3275 ns, Cleanup: 1272 ns, At safepoint: 55203 ns, Total: 59750 ns
[2025-08-22T11:16:41.179+0000][1692535][info ][gc,marking  ] GC(581) Concurrent Clear Claimed Marks
[2025-08-22T11:16:41.179+0000][1692535][info ][gc,marking  ] GC(581) Concurrent Clear Claimed Marks 0.154ms
[2025-08-22T11:16:41.179+0000][1692535][info ][gc,marking  ] GC(581) Concurrent Cleanup for Next Mark
[2025-08-22T11:16:41.183+0000][1692535][info ][gc,marking  ] GC(581) Concurrent Cleanup for Next Mark 3.810ms
[2025-08-22T11:16:41.183+0000][1692535][info ][gc          ] GC(581) Concurrent Mark Cycle 165.355ms
[2025-08-22T11:28:26.377+0000][1692535][info ][gc,start    ] GC(582) Pause Young (Normal) (G1 Evacuation Pause)
[2025-08-22T11:28:26.378+0000][1692535][info ][gc,task     ] GC(582) Using 1 workers of 1 for evacuation
[2025-08-22T11:28:26.378+0000][1692535][debug][gc,age      ] GC(582) Desired survivor size 20971520 bytes, new threshold 15 (max threshold 15)
[2025-08-22T11:28:26.380+0000][1692535][info ][gc,phases   ] GC(582)   Pre Evacuate Collection Set: 0.0ms
[2025-08-22T11:28:26.380+0000][1692535][info ][gc,phases   ] GC(582)   Merge Heap Roots: 0.0ms
[2025-08-22T11:28:26.380+0000][1692535][info ][gc,phases   ] GC(582)   Evacuate Collection Set: 1.4ms
[2025-08-22T11:28:26.380+0000][1692535][info ][gc,phases   ] GC(582)   Post Evacuate Collection Set: 0.7ms
[2025-08-22T11:28:26.380+0000][1692535][info ][gc,phases   ] GC(582)   Other: 0.0ms
[2025-08-22T11:28:26.380+0000][1692535][trace][gc,age      ] GC(582) Age table with threshold 15 (max threshold 15)
[2025-08-22T11:28:26.380+0000][1692535][trace][gc,age      ] GC(582) - age   1:      10800 bytes,      10800 total
[2025-08-22T11:28:26.380+0000][1692535][trace][gc,age      ] GC(582) - age   2:        176 bytes,      10976 total
[2025-08-22T11:28:26.380+0000][1692535][trace][gc,age      ] GC(582) - age   4:        176 bytes,      11152 total
[2025-08-22T11:28:26.380+0000][1692535][info ][gc,heap     ] GC(582) Eden regions: 75->0(75)
[2025-08-22T11:28:26.380+0000][1692535][info ][gc,heap     ] GC(582) Survivor regions: 1->1(10)
[2025-08-22T11:28:26.380+0000][1692535][info ][gc,heap     ] GC(582) Old regions: 22->22
[2025-08-22T11:28:26.380+0000][1692535][info ][gc,heap     ] GC(582) Humongous regions: 0->0
[2025-08-22T11:28:26.380+0000][1692535][info ][gc,metaspace] GC(582) Metaspace: 138330K(143872K)->138330K(143872K) NonClass: 120092K(123392K)->120092K(123392K) Class: 18238K(20480K)->18238K(20480K)
[2025-08-22T11:28:26.380+0000][1692535][info ][gc          ] GC(582) Pause Young (Normal) (G1 Evacuation Pause) 386M->86M(512M) 2.434ms
[2025-08-22T11:28:26.380+0000][1692535][info ][gc,cpu      ] GC(582) User=0.00s Sys=0.00s Real=0.00s
[2025-08-22T11:28:26.380+0000][1692535][info ][safepoint   ] Safepoint "G1CollectForAllocation", Time since last: 705198584979 ns, Reaching safepoint: 6971 ns, Cleanup: 2934 ns, At safepoint: 2468308 ns, Total: 2478213 ns
[2025-08-22T11:40:11.564+0000][1692535][info ][gc,start    ] GC(583) Pause Young (Concurrent Start) (G1 Evacuation Pause)
[2025-08-22T11:40:11.564+0000][1692535][info ][gc,task     ] GC(583) Using 1 workers of 1 for evacuation
[2025-08-22T11:40:11.564+0000][1692535][debug][gc,age      ] GC(583) Desired survivor size 20971520 bytes, new threshold 15 (max threshold 15)
[2025-08-22T11:40:11.566+0000][1692535][info ][gc,phases   ] GC(583)   Pre Evacuate Collection Set: 0.0ms
[2025-08-22T11:40:11.566+0000][1692535][info ][gc,phases   ] GC(583)   Merge Heap Roots: 0.0ms
[2025-08-22T11:40:11.566+0000][1692535][info ][gc,phases   ] GC(583)   Evacuate Collection Set: 1.1ms
[2025-08-22T11:40:11.566+0000][1692535][info ][gc,phases   ] GC(583)   Post Evacuate Collection Set: 0.7ms
[2025-08-22T11:40:11.566+0000][1692535][info ][gc,phases   ] GC(583)   Other: 0.1ms
[2025-08-22T11:40:11.566+0000][1692535][trace][gc,age      ] GC(583) Age table with threshold 15 (max threshold 15)
[2025-08-22T11:40:11.566+0000][1692535][trace][gc,age      ] GC(583) - age   1:       9480 bytes,       9480 total
[2025-08-22T11:40:11.566+0000][1692535][trace][gc,age      ] GC(583) - age   5:        176 bytes,       9656 total
[2025-08-22T11:40:11.566+0000][1692535][info ][gc,heap     ] GC(583) Eden regions: 75->0(75)
[2025-08-22T11:40:11.566+0000][1692535][info ][gc,heap     ] GC(583) Survivor regions: 1->1(10)
[2025-08-22T11:40:11.566+0000][1692535][info ][gc,heap     ] GC(583) Old regions: 22->22
[2025-08-22T11:40:11.566+0000][1692535][info ][gc,heap     ] GC(583) Humongous regions: 0->0
[2025-08-22T11:40:11.566+0000][1692535][info ][gc,metaspace] GC(583) Metaspace: 138330K(143872K)->138330K(143872K) NonClass: 120092K(123392K)->120092K(123392K) Class: 18238K(20480K)->18238K(20480K)
[2025-08-22T11:40:11.566+0000][1692535][info ][gc          ] GC(583) Pause Young (Concurrent Start) (G1 Evacuation Pause) 386M->86M(512M) 2.346ms
[2025-08-22T11:40:11.566+0000][1692535][info ][gc,cpu      ] GC(583) User=0.00s Sys=0.01s Real=0.01s
[2025-08-22T11:40:11.566+0000][1692535][info ][safepoint   ] Safepoint "G1CollectForAllocation", Time since last: 705184267754 ns, Reaching safepoint: 8412 ns, Cleanup: 3776 ns, At safepoint: 2382488 ns, Total: 2394676 ns
[2025-08-22T11:40:11.571+0000][1692535][info ][gc          ] GC(584) Concurrent Mark Cycle
[2025-08-22T11:40:11.571+0000][1692535][info ][gc,marking  ] GC(584) Concurrent Scan Root Regions
[2025-08-22T11:40:11.572+0000][1692535][info ][gc,marking  ] GC(584) Concurrent Scan Root Regions 0.398ms
[2025-08-22T11:40:11.572+0000][1692535][info ][gc,marking  ] GC(584) Concurrent Mark
[2025-08-22T11:40:11.572+0000][1692535][info ][gc,marking  ] GC(584) Concurrent Mark From Roots
[2025-08-22T11:40:11.572+0000][1692535][info ][gc,task     ] GC(584) Using 1 workers of 1 for marking
[2025-08-22T11:40:11.686+0000][1692535][info ][gc,marking  ] GC(584) Concurrent Mark From Roots 114.626ms
[2025-08-22T11:40:11.686+0000][1692535][info ][gc,marking  ] GC(584) Concurrent Preclean
[2025-08-22T11:40:11.687+0000][1692535][info ][gc,marking  ] GC(584) Concurrent Preclean 0.252ms
[2025-08-22T11:40:11.687+0000][1692535][info ][gc,start    ] GC(584) Pause Remark
[2025-08-22T11:40:11.690+0000][1692535][info ][gc          ] GC(584) Pause Remark 88M->88M(512M) 3.048ms
[2025-08-22T11:40:11.690+0000][1692535][info ][gc,cpu      ] GC(584) User=0.00s Sys=0.00s Real=0.00s
[2025-08-22T11:40:11.690+0000][1692535][info ][safepoint   ] Safepoint "G1PauseRemark", Time since last: 120250156 ns, Reaching safepoint: 5258 ns, Cleanup: 2854 ns, At safepoint: 3088604 ns, Total: 3096716 ns
[2025-08-22T11:40:11.690+0000][1692535][info ][gc,marking  ] GC(584) Concurrent Mark 118.039ms
[2025-08-22T11:40:11.690+0000][1692535][info ][gc,marking  ] GC(584) Concurrent Rebuild Remembered Sets and Scrub Regions
[2025-08-22T11:40:11.733+0000][1692535][info ][gc,marking  ] GC(584) Concurrent Rebuild Remembered Sets and Scrub Regions 43.308ms
[2025-08-22T11:40:11.733+0000][1692535][info ][gc,start    ] GC(584) Pause Cleanup
[2025-08-22T11:40:11.733+0000][1692535][info ][gc          ] GC(584) Pause Cleanup 88M->88M(512M) 0.034ms
[2025-08-22T11:40:11.733+0000][1692535][info ][gc,cpu      ] GC(584) User=0.00s Sys=0.00s Real=0.00s
[2025-08-22T11:40:11.733+0000][1692535][info ][safepoint   ] Safepoint "G1PauseCleanup", Time since last: 43370222 ns, Reaching safepoint: 3295 ns, Cleanup: 1553 ns, At safepoint: 57817 ns, Total: 62665 ns
[2025-08-22T11:40:11.733+0000][1692535][info ][gc,marking  ] GC(584) Concurrent Clear Claimed Marks
[2025-08-22T11:40:11.733+0000][1692535][info ][gc,marking  ] GC(584) Concurrent Clear Claimed Marks 0.142ms
[2025-08-22T11:40:11.733+0000][1692535][info ][gc,marking  ] GC(584) Concurrent Cleanup for Next Mark
[2025-08-22T11:40:11.748+0000][1692535][info ][gc,marking  ] GC(584) Concurrent Cleanup for Next Mark 14.219ms
[2025-08-22T11:40:11.748+0000][1692535][info ][gc          ] GC(584) Concurrent Mark Cycle 176.274ms
[2025-08-22T11:51:57.297+0000][1692535][info ][gc,start    ] GC(585) Pause Young (Normal) (G1 Evacuation Pause)
[2025-08-22T11:51:57.297+0000][1692535][info ][gc,task     ] GC(585) Using 1 workers of 1 for evacuation
[2025-08-22T11:51:57.297+0000][1692535][debug][gc,age      ] GC(585) Desired survivor size 20971520 bytes, new threshold 15 (max threshold 15)
[2025-08-22T11:51:57.299+0000][1692535][info ][gc,phases   ] GC(585)   Pre Evacuate Collection Set: 0.0ms
[2025-08-22T11:51:57.299+0000][1692535][info ][gc,phases   ] GC(585)   Merge Heap Roots: 0.0ms
[2025-08-22T11:51:57.299+0000][1692535][info ][gc,phases   ] GC(585)   Evacuate Collection Set: 1.4ms
[2025-08-22T11:51:57.299+0000][1692535][info ][gc,phases   ] GC(585)   Post Evacuate Collection Set: 0.8ms
[2025-08-22T11:51:57.299+0000][1692535][info ][gc,phases   ] GC(585)   Other: 0.0ms
[2025-08-22T11:51:57.299+0000][1692535][trace][gc,age      ] GC(585) Age table with threshold 15 (max threshold 15)
[2025-08-22T11:51:57.299+0000][1692535][trace][gc,age      ] GC(585) - age   1:      11208 bytes,      11208 total
[2025-08-22T11:51:57.299+0000][1692535][info ][gc,heap     ] GC(585) Eden regions: 75->0(75)
[2025-08-22T11:51:57.299+0000][1692535][info ][gc,heap     ] GC(585) Survivor regions: 1->1(10)
[2025-08-22T11:51:57.299+0000][1692535][info ][gc,heap     ] GC(585) Old regions: 22->22
[2025-08-22T11:51:57.299+0000][1692535][info ][gc,heap     ] GC(585) Humongous regions: 0->0
[2025-08-22T11:51:57.299+0000][1692535][info ][gc,metaspace] GC(585) Metaspace: 138330K(143872K)->138330K(143872K) NonClass: 120092K(123392K)->120092K(123392K) Class: 18238K(20480K)->18238K(20480K)
[2025-08-22T11:51:57.299+0000][1692535][info ][gc          ] GC(585) Pause Young (Normal) (G1 Evacuation Pause) 386M->86M(512M) 2.437ms
[2025-08-22T11:51:57.299+0000][1692535][info ][gc,cpu      ] GC(585) User=0.00s Sys=0.00s Real=0.00s
[2025-08-22T11:51:57.299+0000][1692535][info ][safepoint   ] Safepoint "G1CollectForAllocation", Time since last: 705563546267 ns, Reaching safepoint: 6911 ns, Cleanup: 2974 ns, At safepoint: 2470611 ns, Total: 2480496 ns
[2025-08-22T12:03:37.826+0000][1692535][info ][gc,start    ] GC(586) Pause Young (Concurrent Start) (G1 Evacuation Pause)
[2025-08-22T12:03:37.826+0000][1692535][info ][gc,task     ] GC(586) Using 1 workers of 1 for evacuation
[2025-08-22T12:03:37.826+0000][1692535][debug][gc,age      ] GC(586) Desired survivor size 20971520 bytes, new threshold 15 (max threshold 15)
[2025-08-22T12:03:37.828+0000][1692535][info ][gc,phases   ] GC(586)   Pre Evacuate Collection Set: 0.0ms
[2025-08-22T12:03:37.828+0000][1692535][info ][gc,phases   ] GC(586)   Merge Heap Roots: 0.0ms
[2025-08-22T12:03:37.828+0000][1692535][info ][gc,phases   ] GC(586)   Evacuate Collection Set: 1.2ms
[2025-08-22T12:03:37.828+0000][1692535][info ][gc,phases   ] GC(586)   Post Evacuate Collection Set: 0.7ms
[2025-08-22T12:03:37.828+0000][1692535][info ][gc,phases   ] GC(586)   Other: 0.0ms
[2025-08-22T12:03:37.828+0000][1692535][trace][gc,age      ] GC(586) Age table with threshold 15 (max threshold 15)
[2025-08-22T12:03:37.828+0000][1692535][trace][gc,age      ] GC(586) - age   1:      11216 bytes,      11216 total
[2025-08-22T12:03:37.828+0000][1692535][trace][gc,age      ] GC(586) - age   2:        176 bytes,      11392 total
[2025-08-22T12:03:37.828+0000][1692535][info ][gc,heap     ] GC(586) Eden regions: 75->0(75)
[2025-08-22T12:03:37.828+0000][1692535][info ][gc,heap     ] GC(586) Survivor regions: 1->1(10)
[2025-08-22T12:03:37.828+0000][1692535][info ][gc,heap     ] GC(586) Old regions: 22->22
[2025-08-22T12:03:37.828+0000][1692535][info ][gc,heap     ] GC(586) Humongous regions: 0->0
[2025-08-22T12:03:37.828+0000][1692535][info ][gc,metaspace] GC(586) Metaspace: 138330K(143872K)->138330K(143872K) NonClass: 120092K(123392K)->120092K(123392K) Class: 18238K(20480K)->18238K(20480K)
[2025-08-22T12:03:37.828+0000][1692535][info ][gc          ] GC(586) Pause Young (Concurrent Start) (G1 Evacuation Pause) 386M->86M(512M) 2.185ms
[2025-08-22T12:03:37.828+0000][1692535][info ][gc,cpu      ] GC(586) User=0.00s Sys=0.01s Real=0.00s
[2025-08-22T12:03:37.828+0000][1692535][info ][safepoint   ] Safepoint "G1CollectForAllocation", Time since last: 700526697933 ns, Reaching safepoint: 8423 ns, Cleanup: 3505 ns, At safepoint: 2222286 ns, Total: 2234214 ns
[2025-08-22T12:03:37.833+0000][1692535][info ][gc          ] GC(587) Concurrent Mark Cycle
[2025-08-22T12:03:37.833+0000][1692535][info ][gc,marking  ] GC(587) Concurrent Scan Root Regions
[2025-08-22T12:03:37.834+0000][1692535][info ][gc,marking  ] GC(587) Concurrent Scan Root Regions 0.407ms
[2025-08-22T12:03:37.834+0000][1692535][info ][gc,marking  ] GC(587) Concurrent Mark
[2025-08-22T12:03:37.834+0000][1692535][info ][gc,marking  ] GC(587) Concurrent Mark From Roots
[2025-08-22T12:03:37.834+0000][1692535][info ][gc,task     ] GC(587) Using 1 workers of 1 for marking
[2025-08-22T12:03:37.936+0000][1692535][info ][gc,marking  ] GC(587) Concurrent Mark From Roots 102.348ms
[2025-08-22T12:03:37.936+0000][1692535][info ][gc,marking  ] GC(587) Concurrent Preclean
[2025-08-22T12:03:37.936+0000][1692535][info ][gc,marking  ] GC(587) Concurrent Preclean 0.263ms
[2025-08-22T12:03:37.936+0000][1692535][info ][gc,start    ] GC(587) Pause Remark
[2025-08-22T12:03:37.939+0000][1692535][info ][gc          ] GC(587) Pause Remark 86M->86M(512M) 2.862ms
[2025-08-22T12:03:37.939+0000][1692535][info ][gc,cpu      ] GC(587) User=0.00s Sys=0.00s Real=0.00s
[2025-08-22T12:03:37.939+0000][1692535][info ][safepoint   ] Safepoint "G1PauseRemark", Time since last: 108251245 ns, Reaching safepoint: 5058 ns, Cleanup: 2734 ns, At safepoint: 2899719 ns, Total: 2907511 ns
[2025-08-22T12:03:37.939+0000][1692535][info ][gc,marking  ] GC(587) Concurrent Mark 105.586ms
[2025-08-22T12:03:37.939+0000][1692535][info ][gc,marking  ] GC(587) Concurrent Rebuild Remembered Sets and Scrub Regions
[2025-08-22T12:03:37.986+0000][1692535][info ][gc,marking  ] GC(587) Concurrent Rebuild Remembered Sets and Scrub Regions 46.639ms
[2025-08-22T12:03:37.986+0000][1692535][info ][gc,start    ] GC(587) Pause Cleanup
[2025-08-22T12:03:37.986+0000][1692535][info ][gc          ] GC(587) Pause Cleanup 86M->86M(512M) 0.036ms
[2025-08-22T12:03:37.986+0000][1692535][info ][gc,cpu      ] GC(587) User=0.00s Sys=0.00s Real=0.00s
[2025-08-22T12:03:37.986+0000][1692535][info ][safepoint   ] Safepoint "G1PauseCleanup", Time since last: 46693980 ns, Reaching safepoint: 3415 ns, Cleanup: 1533 ns, At safepoint: 58087 ns, Total: 63035 ns
[2025-08-22T12:03:37.986+0000][1692535][info ][gc,marking  ] GC(587) Concurrent Clear Claimed Marks
[2025-08-22T12:03:37.986+0000][1692535][info ][gc,marking  ] GC(587) Concurrent Clear Claimed Marks 0.140ms
[2025-08-22T12:03:37.986+0000][1692535][info ][gc,marking  ] GC(587) Concurrent Cleanup for Next Mark
[2025-08-22T12:03:37.987+0000][1692535][info ][gc,marking  ] GC(587) Concurrent Cleanup for Next Mark 1.215ms
[2025-08-22T12:03:37.987+0000][1692535][info ][gc          ] GC(587) Concurrent Mark Cycle 154.135ms
[2025-08-22T12:15:23.899+0000][1692535][info ][gc,start    ] GC(588) Pause Young (Normal) (G1 Evacuation Pause)
[2025-08-22T12:15:23.899+0000][1692535][info ][gc,task     ] GC(588) Using 1 workers of 1 for evacuation
[2025-08-22T12:15:23.899+0000][1692535][debug][gc,age      ] GC(588) Desired survivor size 20971520 bytes, new threshold 15 (max threshold 15)
[2025-08-22T12:15:23.901+0000][1692535][info ][gc,phases   ] GC(588)   Pre Evacuate Collection Set: 0.0ms
[2025-08-22T12:15:23.901+0000][1692535][info ][gc,phases   ] GC(588)   Merge Heap Roots: 0.0ms
[2025-08-22T12:15:23.901+0000][1692535][info ][gc,phases   ] GC(588)   Evacuate Collection Set: 1.4ms
[2025-08-22T12:15:23.901+0000][1692535][info ][gc,phases   ] GC(588)   Post Evacuate Collection Set: 0.7ms
[2025-08-22T12:15:23.901+0000][1692535][info ][gc,phases   ] GC(588)   Other: 0.0ms
[2025-08-22T12:15:23.901+0000][1692535][trace][gc,age      ] GC(588) Age table with threshold 15 (max threshold 15)
[2025-08-22T12:15:23.901+0000][1692535][trace][gc,age      ] GC(588) - age   1:       9328 bytes,       9328 total
[2025-08-22T12:15:23.901+0000][1692535][trace][gc,age      ] GC(588) - age   2:        176 bytes,       9504 total
[2025-08-22T12:15:23.901+0000][1692535][trace][gc,age      ] GC(588) - age   3:        176 bytes,       9680 total
[2025-08-22T12:15:23.901+0000][1692535][info ][gc,heap     ] GC(588) Eden regions: 75->0(75)
[2025-08-22T12:15:23.901+0000][1692535][info ][gc,heap     ] GC(588) Survivor regions: 1->1(10)
[2025-08-22T12:15:23.901+0000][1692535][info ][gc,heap     ] GC(588) Old regions: 22->22
[2025-08-22T12:15:23.901+0000][1692535][info ][gc,heap     ] GC(588) Humongous regions: 0->0
[2025-08-22T12:15:23.901+0000][1692535][info ][gc,metaspace] GC(588) Metaspace: 138330K(143872K)->138330K(143872K) NonClass: 120092K(123392K)->120092K(123392K) Class: 18238K(20480K)->18238K(20480K)
[2025-08-22T12:15:23.901+0000][1692535][info ][gc          ] GC(588) Pause Young (Normal) (G1 Evacuation Pause) 386M->86M(512M) 2.778ms
[2025-08-22T12:15:23.901+0000][1692535][info ][gc,cpu      ] GC(588) User=0.00s Sys=0.00s Real=0.00s
[2025-08-22T12:15:23.901+0000][1692535][info ][safepoint   ] Safepoint "G1CollectForAllocation", Time since last: 705912416423 ns, Reaching safepoint: 8103 ns, Cleanup: 4306 ns, At safepoint: 2813228 ns, Total: 2825637 ns
[2025-08-22T12:27:08.811+0000][1692535][info ][gc,start    ] GC(589) Pause Young (Concurrent Start) (G1 Evacuation Pause)
[2025-08-22T12:27:08.811+0000][1692535][info ][gc,task     ] GC(589) Using 1 workers of 1 for evacuation
[2025-08-22T12:27:08.811+0000][1692535][debug][gc,age      ] GC(589) Desired survivor size 20971520 bytes, new threshold 15 (max threshold 15)
[2025-08-22T12:27:08.813+0000][1692535][info ][gc,phases   ] GC(589)   Pre Evacuate Collection Set: 0.1ms
[2025-08-22T12:27:08.813+0000][1692535][info ][gc,phases   ] GC(589)   Merge Heap Roots: 0.0ms
[2025-08-22T12:27:08.813+0000][1692535][info ][gc,phases   ] GC(589)   Evacuate Collection Set: 1.2ms
[2025-08-22T12:27:08.813+0000][1692535][info ][gc,phases   ] GC(589)   Post Evacuate Collection Set: 0.7ms
[2025-08-22T12:27:08.813+0000][1692535][info ][gc,phases   ] GC(589)   Other: 0.0ms
[2025-08-22T12:27:08.813+0000][1692535][trace][gc,age      ] GC(589) Age table with threshold 15 (max threshold 15)
[2025-08-22T12:27:08.813+0000][1692535][trace][gc,age      ] GC(589) - age   1:      10856 bytes,      10856 total
[2025-08-22T12:27:08.813+0000][1692535][trace][gc,age      ] GC(589) - age   2:        176 bytes,      11032 total
[2025-08-22T12:27:08.813+0000][1692535][trace][gc,age      ] GC(589) - age   4:        176 bytes,      11208 total
[2025-08-22T12:27:08.813+0000][1692535][info ][gc,heap     ] GC(589) Eden regions: 75->0(75)
[2025-08-22T12:27:08.813+0000][1692535][info ][gc,heap     ] GC(589) Survivor regions: 1->1(10)
[2025-08-22T12:27:08.813+0000][1692535][info ][gc,heap     ] GC(589) Old regions: 22->22
[2025-08-22T12:27:08.813+0000][1692535][info ][gc,heap     ] GC(589) Humongous regions: 0->0
[2025-08-22T12:27:08.813+0000][1692535][info ][gc,metaspace] GC(589) Metaspace: 138330K(143872K)->138330K(143872K) NonClass: 120092K(123392K)->120092K(123392K) Class: 18238K(20480K)->18238K(20480K)
[2025-08-22T12:27:08.813+0000][1692535][info ][gc          ] GC(589) Pause Young (Concurrent Start) (G1 Evacuation Pause) 386M->86M(512M) 2.237ms
[2025-08-22T12:27:08.813+0000][1692535][info ][gc,cpu      ] GC(589) User=0.01s Sys=0.00s Real=0.00s
[2025-08-22T12:27:08.813+0000][1692535][info ][safepoint   ] Safepoint "G1CollectForAllocation", Time since last: 704909712525 ns, Reaching safepoint: 7912 ns, Cleanup: 2934 ns, At safepoint: 2274064 ns, Total: 2284910 ns
[2025-08-22T12:27:08.820+0000][1692535][info ][gc          ] GC(590) Concurrent Mark Cycle
[2025-08-22T12:27:08.820+0000][1692535][info ][gc,marking  ] GC(590) Concurrent Scan Root Regions
[2025-08-22T12:27:08.821+0000][1692535][info ][gc,marking  ] GC(590) Concurrent Scan Root Regions 0.399ms
[2025-08-22T12:27:08.821+0000][1692535][info ][gc,marking  ] GC(590) Concurrent Mark
[2025-08-22T12:27:08.821+0000][1692535][info ][gc,marking  ] GC(590) Concurrent Mark From Roots
[2025-08-22T12:27:08.821+0000][1692535][info ][gc,task     ] GC(590) Using 1 workers of 1 for marking
[2025-08-22T12:27:08.927+0000][1692535][info ][gc,marking  ] GC(590) Concurrent Mark From Roots 106.562ms
[2025-08-22T12:27:08.927+0000][1692535][info ][gc,marking  ] GC(590) Concurrent Preclean
[2025-08-22T12:27:08.928+0000][1692535][info ][gc,marking  ] GC(590) Concurrent Preclean 0.235ms
[2025-08-22T12:27:08.928+0000][1692535][info ][gc,start    ] GC(590) Pause Remark
[2025-08-22T12:27:08.930+0000][1692535][info ][gc          ] GC(590) Pause Remark 86M->86M(512M) 2.822ms
[2025-08-22T12:27:08.931+0000][1692535][info ][gc,cpu      ] GC(590) User=0.00s Sys=0.00s Real=0.00s
[2025-08-22T12:27:08.931+0000][1692535][info ][safepoint   ] Safepoint "G1PauseRemark", Time since last: 114298797 ns, Reaching safepoint: 5538 ns, Cleanup: 2985 ns, At safepoint: 2857244 ns, Total: 2865767 ns
[2025-08-22T12:27:08.931+0000][1692535][info ][gc,marking  ] GC(590) Concurrent Mark 109.738ms
[2025-08-22T12:27:08.931+0000][1692535][info ][gc,marking  ] GC(590) Concurrent Rebuild Remembered Sets and Scrub Regions
[2025-08-22T12:27:08.979+0000][1692535][info ][gc,marking  ] GC(590) Concurrent Rebuild Remembered Sets and Scrub Regions 48.938ms
[2025-08-22T12:27:08.980+0000][1692535][info ][gc,start    ] GC(590) Pause Cleanup
[2025-08-22T12:27:08.980+0000][1692535][info ][gc          ] GC(590) Pause Cleanup 86M->86M(512M) 0.030ms
[2025-08-22T12:27:08.980+0000][1692535][info ][gc,cpu      ] GC(590) User=0.00s Sys=0.00s Real=0.00s
[2025-08-22T12:27:08.980+0000][1692535][info ][safepoint   ] Safepoint "G1PauseCleanup", Time since last: 48987844 ns, Reaching safepoint: 3436 ns, Cleanup: 1312 ns, At safepoint: 51577 ns, Total: 56325 ns
[2025-08-22T12:27:08.980+0000][1692535][info ][gc,marking  ] GC(590) Concurrent Clear Claimed Marks
[2025-08-22T12:27:08.980+0000][1692535][info ][gc,marking  ] GC(590) Concurrent Clear Claimed Marks 0.122ms
[2025-08-22T12:27:08.980+0000][1692535][info ][gc,marking  ] GC(590) Concurrent Cleanup for Next Mark
[2025-08-22T12:27:08.980+0000][1692535][info ][gc,marking  ] GC(590) Concurrent Cleanup for Next Mark 0.244ms
[2025-08-22T12:27:08.980+0000][1692535][info ][gc          ] GC(590) Concurrent Mark Cycle 159.578ms
[2025-08-22T12:38:54.200+0000][1692535][info ][gc,start    ] GC(591) Pause Young (Normal) (G1 Evacuation Pause)
[2025-08-22T12:38:54.200+0000][1692535][info ][gc,task     ] GC(591) Using 1 workers of 1 for evacuation
[2025-08-22T12:38:54.200+0000][1692535][debug][gc,age      ] GC(591) Desired survivor size 20971520 bytes, new threshold 15 (max threshold 15)
[2025-08-22T12:38:54.203+0000][1692535][info ][gc,phases   ] GC(591)   Pre Evacuate Collection Set: 0.0ms
[2025-08-22T12:38:54.203+0000][1692535][info ][gc,phases   ] GC(591)   Merge Heap Roots: 0.0ms
[2025-08-22T12:38:54.203+0000][1692535][info ][gc,phases   ] GC(591)   Evacuate Collection Set: 1.3ms
[2025-08-22T12:38:54.203+0000][1692535][info ][gc,phases   ] GC(591)   Post Evacuate Collection Set: 0.7ms
[2025-08-22T12:38:54.203+0000][1692535][info ][gc,phases   ] GC(591)   Other: 0.0ms
[2025-08-22T12:38:54.203+0000][1692535][trace][gc,age      ] GC(591) Age table with threshold 15 (max threshold 15)
[2025-08-22T12:38:54.203+0000][1692535][trace][gc,age      ] GC(591) - age   1:      11032 bytes,      11032 total
[2025-08-22T12:38:54.203+0000][1692535][trace][gc,age      ] GC(591) - age   5:        176 bytes,      11208 total
[2025-08-22T12:38:54.203+0000][1692535][info ][gc,heap     ] GC(591) Eden regions: 75->0(75)
[2025-08-22T12:38:54.203+0000][1692535][info ][gc,heap     ] GC(591) Survivor regions: 1->1(10)
[2025-08-22T12:38:54.203+0000][1692535][info ][gc,heap     ] GC(591) Old regions: 22->22
[2025-08-22T12:38:54.203+0000][1692535][info ][gc,heap     ] GC(591) Humongous regions: 0->0
[2025-08-22T12:38:54.203+0000][1692535][info ][gc,metaspace] GC(591) Metaspace: 138330K(143872K)->138330K(143872K) NonClass: 120092K(123392K)->120092K(123392K) Class: 18238K(20480K)->18238K(20480K)
[2025-08-22T12:38:54.203+0000][1692535][info ][gc          ] GC(591) Pause Young (Normal) (G1 Evacuation Pause) 386M->86M(512M) 2.415ms
[2025-08-22T12:38:54.203+0000][1692535][info ][gc,cpu      ] GC(591) User=0.00s Sys=0.00s Real=0.00s
[2025-08-22T12:38:54.203+0000][1692535][info ][safepoint   ] Safepoint "G1CollectForAllocation", Time since last: 705220637973 ns, Reaching safepoint: 7602 ns, Cleanup: 3105 ns, At safepoint: 2449829 ns, Total: 2460536 ns
[2025-08-22T12:50:39.855+0000][1692535][info ][gc,start    ] GC(592) Pause Young (Concurrent Start) (G1 Evacuation Pause)
[2025-08-22T12:50:39.855+0000][1692535][info ][gc,task     ] GC(592) Using 1 workers of 1 for evacuation
[2025-08-22T12:50:39.855+0000][1692535][debug][gc,age      ] GC(592) Desired survivor size 20971520 bytes, new threshold 15 (max threshold 15)
[2025-08-22T12:50:39.858+0000][1692535][info ][gc,phases   ] GC(592)   Pre Evacuate Collection Set: 0.0ms
[2025-08-22T12:50:39.858+0000][1692535][info ][gc,phases   ] GC(592)   Merge Heap Roots: 0.0ms
[2025-08-22T12:50:39.858+0000][1692535][info ][gc,phases   ] GC(592)   Evacuate Collection Set: 1.2ms
[2025-08-22T12:50:39.858+0000][1692535][info ][gc,phases   ] GC(592)   Post Evacuate Collection Set: 1.3ms
[2025-08-22T12:50:39.858+0000][1692535][info ][gc,phases   ] GC(592)   Other: 0.0ms
[2025-08-22T12:50:39.858+0000][1692535][trace][gc,age      ] GC(592) Age table with threshold 15 (max threshold 15)
[2025-08-22T12:50:39.858+0000][1692535][trace][gc,age      ] GC(592) - age   1:       9688 bytes,       9688 total
[2025-08-22T12:50:39.858+0000][1692535][info ][gc,heap     ] GC(592) Eden regions: 75->0(75)
[2025-08-22T12:50:39.858+0000][1692535][info ][gc,heap     ] GC(592) Survivor regions: 1->1(10)
[2025-08-22T12:50:39.858+0000][1692535][info ][gc,heap     ] GC(592) Old regions: 22->22
[2025-08-22T12:50:39.858+0000][1692535][info ][gc,heap     ] GC(592) Humongous regions: 0->0
[2025-08-22T12:50:39.858+0000][1692535][info ][gc,metaspace] GC(592) Metaspace: 138330K(143872K)->138330K(143872K) NonClass: 120092K(123392K)->120092K(123392K) Class: 18238K(20480K)->18238K(20480K)
[2025-08-22T12:50:39.858+0000][1692535][info ][gc          ] GC(592) Pause Young (Concurrent Start) (G1 Evacuation Pause) 386M->86M(512M) 2.879ms
[2025-08-22T12:50:39.858+0000][1692535][info ][gc,cpu      ] GC(592) User=0.00s Sys=0.00s Real=0.01s
[2025-08-22T12:50:39.858+0000][1692535][info ][safepoint   ] Safepoint "G1CollectForAllocation", Time since last: 705652362461 ns, Reaching safepoint: 7782 ns, Cleanup: 2714 ns, At safepoint: 2918166 ns, Total: 2928662 ns
[2025-08-22T12:50:39.858+0000][1692535][info ][gc          ] GC(593) Concurrent Mark Cycle
[2025-08-22T12:50:39.858+0000][1692535][info ][gc,marking  ] GC(593) Concurrent Scan Root Regions
[2025-08-22T12:50:39.865+0000][1692535][info ][gc,marking  ] GC(593) Concurrent Scan Root Regions 7.390ms
[2025-08-22T12:50:39.865+0000][1692535][info ][gc,marking  ] GC(593) Concurrent Mark
[2025-08-22T12:50:39.865+0000][1692535][info ][gc,marking  ] GC(593) Concurrent Mark From Roots
[2025-08-22T12:50:39.865+0000][1692535][info ][gc,task     ] GC(593) Using 1 workers of 1 for marking
[2025-08-22T12:50:39.976+0000][1692535][info ][gc,marking  ] GC(593) Concurrent Mark From Roots 111.097ms
[2025-08-22T12:50:39.977+0000][1692535][info ][gc,marking  ] GC(593) Concurrent Preclean
[2025-08-22T12:50:39.977+0000][1692535][info ][gc,marking  ] GC(593) Concurrent Preclean 0.239ms
[2025-08-22T12:50:39.977+0000][1692535][info ][gc,start    ] GC(593) Pause Remark
[2025-08-22T12:50:39.980+0000][1692535][info ][gc          ] GC(593) Pause Remark 86M->86M(512M) 2.934ms
[2025-08-22T12:50:39.980+0000][1692535][info ][gc,cpu      ] GC(593) User=0.00s Sys=0.00s Real=0.00s
[2025-08-22T12:50:39.980+0000][1692535][info ][safepoint   ] Safepoint "G1PauseRemark", Time since last: 118838512 ns, Reaching safepoint: 5208 ns, Cleanup: 3345 ns, At safepoint: 2969665 ns, Total: 2978218 ns
[2025-08-22T12:50:39.980+0000][1692535][info ][gc,marking  ] GC(593) Concurrent Mark 114.386ms
[2025-08-22T12:50:39.980+0000][1692535][info ][gc,marking  ] GC(593) Concurrent Rebuild Remembered Sets and Scrub Regions
[2025-08-22T12:50:40.011+0000][1692535][info ][gc,marking  ] GC(593) Concurrent Rebuild Remembered Sets and Scrub Regions 31.510ms
[2025-08-22T12:50:40.011+0000][1692535][info ][gc,start    ] GC(593) Pause Cleanup
[2025-08-22T12:50:40.011+0000][1692535][info ][gc          ] GC(593) Pause Cleanup 86M->86M(512M) 0.033ms
[2025-08-22T12:50:40.011+0000][1692535][info ][gc,cpu      ] GC(593) User=0.00s Sys=0.00s Real=0.00s
[2025-08-22T12:50:40.011+0000][1692535][info ][safepoint   ] Safepoint "G1PauseCleanup", Time since last: 31552475 ns, Reaching safepoint: 2915 ns, Cleanup: 881 ns, At safepoint: 55594 ns, Total: 59390 ns
[2025-08-22T12:50:40.011+0000][1692535][info ][gc,marking  ] GC(593) Concurrent Clear Claimed Marks
[2025-08-22T12:50:40.011+0000][1692535][info ][gc,marking  ] GC(593) Concurrent Clear Claimed Marks 0.116ms
[2025-08-22T12:50:40.011+0000][1692535][info ][gc,marking  ] GC(593) Concurrent Cleanup for Next Mark
[2025-08-22T12:50:40.025+0000][1692535][info ][gc,marking  ] GC(593) Concurrent Cleanup for Next Mark 13.097ms
[2025-08-22T12:50:40.025+0000][1692535][info ][gc          ] GC(593) Concurrent Mark Cycle 166.645ms
[2025-08-22T13:02:25.260+0000][1692535][info ][gc,start    ] GC(594) Pause Young (Normal) (G1 Evacuation Pause)
[2025-08-22T13:02:25.261+0000][1692535][info ][gc,task     ] GC(594) Using 1 workers of 1 for evacuation
[2025-08-22T13:02:25.261+0000][1692535][debug][gc,age      ] GC(594) Desired survivor size 20971520 bytes, new threshold 15 (max threshold 15)
[2025-08-22T13:02:25.263+0000][1692535][info ][gc,phases   ] GC(594)   Pre Evacuate Collection Set: 0.0ms
[2025-08-22T13:02:25.263+0000][1692535][info ][gc,phases   ] GC(594)   Merge Heap Roots: 0.0ms
[2025-08-22T13:02:25.263+0000][1692535][info ][gc,phases   ] GC(594)   Evacuate Collection Set: 1.4ms
[2025-08-22T13:02:25.263+0000][1692535][info ][gc,phases   ] GC(594)   Post Evacuate Collection Set: 0.7ms
[2025-08-22T13:02:25.263+0000][1692535][info ][gc,phases   ] GC(594)   Other: 0.0ms
[2025-08-22T13:02:25.263+0000][1692535][trace][gc,age      ] GC(594) Age table with threshold 15 (max threshold 15)
[2025-08-22T13:02:25.263+0000][1692535][trace][gc,age      ] GC(594) - age   1:      11032 bytes,      11032 total
[2025-08-22T13:02:25.263+0000][1692535][trace][gc,age      ] GC(594) - age   2:        176 bytes,      11208 total
[2025-08-22T13:02:25.263+0000][1692535][info ][gc,heap     ] GC(594) Eden regions: 75->0(75)
[2025-08-22T13:02:25.263+0000][1692535][info ][gc,heap     ] GC(594) Survivor regions: 1->1(10)
[2025-08-22T13:02:25.263+0000][1692535][info ][gc,heap     ] GC(594) Old regions: 22->22
[2025-08-22T13:02:25.263+0000][1692535][info ][gc,heap     ] GC(594) Humongous regions: 0->0
[2025-08-22T13:02:25.263+0000][1692535][info ][gc,metaspace] GC(594) Metaspace: 138330K(143872K)->138330K(143872K) NonClass: 120092K(123392K)->120092K(123392K) Class: 18238K(20480K)->18238K(20480K)
[2025-08-22T13:02:25.263+0000][1692535][info ][gc          ] GC(594) Pause Young (Normal) (G1 Evacuation Pause) 386M->86M(512M) 2.398ms
[2025-08-22T13:02:25.263+0000][1692535][info ][gc,cpu      ] GC(594) User=0.00s Sys=0.00s Real=0.00s
[2025-08-22T13:02:25.263+0000][1692535][info ][safepoint   ] Safepoint "G1CollectForAllocation", Time since last: 705249079308 ns, Reaching safepoint: 7762 ns, Cleanup: 3225 ns, At safepoint: 2431812 ns, Total: 2442799 ns
[2025-08-22T13:14:10.974+0000][1692535][info ][gc,start    ] GC(595) Pause Young (Concurrent Start) (G1 Evacuation Pause)
[2025-08-22T13:14:10.975+0000][1692535][info ][gc,task     ] GC(595) Using 1 workers of 1 for evacuation
[2025-08-22T13:14:10.975+0000][1692535][debug][gc,age      ] GC(595) Desired survivor size 20971520 bytes, new threshold 15 (max threshold 15)
[2025-08-22T13:14:10.977+0000][1692535][info ][gc,phases   ] GC(595)   Pre Evacuate Collection Set: 0.0ms
[2025-08-22T13:14:10.977+0000][1692535][info ][gc,phases   ] GC(595)   Merge Heap Roots: 0.0ms
[2025-08-22T13:14:10.977+0000][1692535][info ][gc,phases   ] GC(595)   Evacuate Collection Set: 1.1ms
[2025-08-22T13:14:10.977+0000][1692535][info ][gc,phases   ] GC(595)   Post Evacuate Collection Set: 0.7ms
[2025-08-22T13:14:10.977+0000][1692535][info ][gc,phases   ] GC(595)   Other: 0.0ms
[2025-08-22T13:14:10.977+0000][1692535][trace][gc,age      ] GC(595) Age table with threshold 15 (max threshold 15)
[2025-08-22T13:14:10.977+0000][1692535][trace][gc,age      ] GC(595) - age   1:      75608 bytes,      75608 total
[2025-08-22T13:14:10.977+0000][1692535][trace][gc,age      ] GC(595) - age   2:        176 bytes,      75784 total
[2025-08-22T13:14:10.977+0000][1692535][trace][gc,age      ] GC(595) - age   3:        176 bytes,      75960 total
[2025-08-22T13:14:10.977+0000][1692535][info ][gc,heap     ] GC(595) Eden regions: 75->0(75)
[2025-08-22T13:14:10.977+0000][1692535][info ][gc,heap     ] GC(595) Survivor regions: 1->1(10)
[2025-08-22T13:14:10.977+0000][1692535][info ][gc,heap     ] GC(595) Old regions: 22->22
[2025-08-22T13:14:10.977+0000][1692535][info ][gc,heap     ] GC(595) Humongous regions: 0->0
[2025-08-22T13:14:10.977+0000][1692535][info ][gc,metaspace] GC(595) Metaspace: 138330K(143872K)->138330K(143872K) NonClass: 120092K(123392K)->120092K(123392K) Class: 18238K(20480K)->18238K(20480K)
[2025-08-22T13:14:10.977+0000][1692535][info ][gc          ] GC(595) Pause Young (Concurrent Start) (G1 Evacuation Pause) 386M->86M(512M) 2.326ms
[2025-08-22T13:14:10.977+0000][1692535][info ][gc,cpu      ] GC(595) User=0.00s Sys=0.00s Real=0.01s
[2025-08-22T13:14:10.977+0000][1692535][info ][safepoint   ] Safepoint "G1CollectForAllocation", Time since last: 705711547448 ns, Reaching safepoint: 7962 ns, Cleanup: 4046 ns, At safepoint: 2362668 ns, Total: 2374676 ns
[2025-08-22T13:14:10.982+0000][1692535][info ][gc          ] GC(596) Concurrent Mark Cycle
[2025-08-22T13:14:10.982+0000][1692535][info ][gc,marking  ] GC(596) Concurrent Scan Root Regions
[2025-08-22T13:14:10.983+0000][1692535][info ][gc,marking  ] GC(596) Concurrent Scan Root Regions 0.453ms
[2025-08-22T13:14:10.983+0000][1692535][info ][gc,marking  ] GC(596) Concurrent Mark
[2025-08-22T13:14:10.983+0000][1692535][info ][gc,marking  ] GC(596) Concurrent Mark From Roots
[2025-08-22T13:14:10.983+0000][1692535][info ][gc,task     ] GC(596) Using 1 workers of 1 for marking
[2025-08-22T13:14:11.086+0000][1692535][info ][gc,marking  ] GC(596) Concurrent Mark From Roots 103.499ms
[2025-08-22T13:14:11.086+0000][1692535][info ][gc,marking  ] GC(596) Concurrent Preclean
[2025-08-22T13:14:11.087+0000][1692535][info ][gc,marking  ] GC(596) Concurrent Preclean 0.232ms
[2025-08-22T13:14:11.087+0000][1692535][info ][gc,start    ] GC(596) Pause Remark
[2025-08-22T13:14:11.090+0000][1692535][info ][gc          ] GC(596) Pause Remark 89M->89M(512M) 2.877ms
[2025-08-22T13:14:11.090+0000][1692535][info ][gc,cpu      ] GC(596) User=0.00s Sys=0.00s Real=0.00s
[2025-08-22T13:14:11.090+0000][1692535][info ][safepoint   ] Safepoint "G1PauseRemark", Time since last: 109810649 ns, Reaching safepoint: 5458 ns, Cleanup: 2684 ns, At safepoint: 2928452 ns, Total: 2936594 ns
[2025-08-22T13:14:11.090+0000][1692535][info ][gc,marking  ] GC(596) Concurrent Mark 106.741ms
[2025-08-22T13:14:11.090+0000][1692535][info ][gc,marking  ] GC(596) Concurrent Rebuild Remembered Sets and Scrub Regions
[2025-08-22T13:14:11.127+0000][1692535][info ][gc,marking  ] GC(596) Concurrent Rebuild Remembered Sets and Scrub Regions 37.082ms
[2025-08-22T13:14:11.127+0000][1692535][info ][gc,start    ] GC(596) Pause Cleanup
[2025-08-22T13:14:11.127+0000][1692535][info ][gc          ] GC(596) Pause Cleanup 89M->89M(512M) 0.031ms
[2025-08-22T13:14:11.127+0000][1692535][info ][gc,cpu      ] GC(596) User=0.00s Sys=0.00s Real=0.00s
[2025-08-22T13:14:11.127+0000][1692535][info ][safepoint   ] Safepoint "G1PauseCleanup", Time since last: 37136268 ns, Reaching safepoint: 3275 ns, Cleanup: 1392 ns, At safepoint: 52950 ns, Total: 57617 ns
[2025-08-22T13:14:11.127+0000][1692535][info ][gc,marking  ] GC(596) Concurrent Clear Claimed Marks
[2025-08-22T13:14:11.127+0000][1692535][info ][gc,marking  ] GC(596) Concurrent Clear Claimed Marks 0.123ms
[2025-08-22T13:14:11.127+0000][1692535][info ][gc,marking  ] GC(596) Concurrent Cleanup for Next Mark
[2025-08-22T13:14:11.140+0000][1692535][info ][gc,marking  ] GC(596) Concurrent Cleanup for Next Mark 12.706ms
[2025-08-22T13:14:11.140+0000][1692535][info ][gc          ] GC(596) Concurrent Mark Cycle 157.250ms
[2025-08-22T13:25:56.172+0000][1692535][info ][gc,start    ] GC(597) Pause Young (Normal) (G1 Evacuation Pause)
[2025-08-22T13:25:56.172+0000][1692535][info ][gc,task     ] GC(597) Using 1 workers of 1 for evacuation
[2025-08-22T13:25:56.172+0000][1692535][debug][gc,age      ] GC(597) Desired survivor size 20971520 bytes, new threshold 15 (max threshold 15)
[2025-08-22T13:25:56.174+0000][1692535][info ][gc,phases   ] GC(597)   Pre Evacuate Collection Set: 0.0ms
[2025-08-22T13:25:56.174+0000][1692535][info ][gc,phases   ] GC(597)   Merge Heap Roots: 0.0ms
[2025-08-22T13:25:56.174+0000][1692535][info ][gc,phases   ] GC(597)   Evacuate Collection Set: 1.4ms
[2025-08-22T13:25:56.174+0000][1692535][info ][gc,phases   ] GC(597)   Post Evacuate Collection Set: 0.7ms
[2025-08-22T13:25:56.174+0000][1692535][info ][gc,phases   ] GC(597)   Other: 0.0ms
[2025-08-22T13:25:56.174+0000][1692535][trace][gc,age      ] GC(597) Age table with threshold 15 (max threshold 15)
[2025-08-22T13:25:56.174+0000][1692535][trace][gc,age      ] GC(597) - age   1:      10856 bytes,      10856 total
[2025-08-22T13:25:56.174+0000][1692535][trace][gc,age      ] GC(597) - age   2:        176 bytes,      11032 total
[2025-08-22T13:25:56.174+0000][1692535][trace][gc,age      ] GC(597) - age   4:        176 bytes,      11208 total
[2025-08-22T13:25:56.174+0000][1692535][info ][gc,heap     ] GC(597) Eden regions: 75->0(75)
[2025-08-22T13:25:56.174+0000][1692535][info ][gc,heap     ] GC(597) Survivor regions: 1->1(10)
[2025-08-22T13:25:56.174+0000][1692535][info ][gc,heap     ] GC(597) Old regions: 22->22
[2025-08-22T13:25:56.174+0000][1692535][info ][gc,heap     ] GC(597) Humongous regions: 0->0
[2025-08-22T13:25:56.174+0000][1692535][info ][gc,metaspace] GC(597) Metaspace: 138330K(143872K)->138330K(143872K) NonClass: 120092K(123392K)->120092K(123392K) Class: 18238K(20480K)->18238K(20480K)
[2025-08-22T13:25:56.174+0000][1692535][info ][gc          ] GC(597) Pause Young (Normal) (G1 Evacuation Pause) 386M->86M(512M) 2.389ms
[2025-08-22T13:25:56.174+0000][1692535][info ][gc,cpu      ] GC(597) User=0.00s Sys=0.00s Real=0.00s
[2025-08-22T13:25:56.174+0000][1692535][info ][safepoint   ] Safepoint "G1CollectForAllocation", Time since last: 705044930665 ns, Reaching safepoint: 159531 ns, Cleanup: 2664 ns, At safepoint: 2423089 ns, Total: 2585284 ns
[2025-08-22T13:32:06.196+0000][1692535][info ][safepoint   ] Safepoint "Cleanup", Time since last: 370022064554 ns, Reaching safepoint: 6540 ns, Cleanup: 28193 ns, At safepoint: 2944 ns, Total: 37677 ns
[2025-08-22T13:35:37.210+0000][1692535][info ][safepoint   ] Safepoint "Cleanup", Time since last: 211013544037 ns, Reaching safepoint: 36525 ns, Cleanup: 10746 ns, At safepoint: 2374 ns, Total: 49645 ns
[2025-08-22T13:35:52.211+0000][1692535][info ][safepoint   ] Safepoint "Cleanup", Time since last: 15001396904 ns, Reaching safepoint: 36225 ns, Cleanup: 11137 ns, At safepoint: 2524 ns, Total: 49886 ns
[2025-08-22T13:37:40.791+0000][1692535][info ][gc,start    ] GC(598) Pause Young (Concurrent Start) (G1 Evacuation Pause)
[2025-08-22T13:37:40.791+0000][1692535][info ][gc,task     ] GC(598) Using 1 workers of 1 for evacuation
[2025-08-22T13:37:40.791+0000][1692535][debug][gc,age      ] GC(598) Desired survivor size 20971520 bytes, new threshold 15 (max threshold 15)
[2025-08-22T13:37:40.794+0000][1692535][info ][gc,phases   ] GC(598)   Pre Evacuate Collection Set: 0.1ms
[2025-08-22T13:37:40.794+0000][1692535][info ][gc,phases   ] GC(598)   Merge Heap Roots: 0.0ms
[2025-08-22T13:37:40.794+0000][1692535][info ][gc,phases   ] GC(598)   Evacuate Collection Set: 1.3ms
[2025-08-22T13:37:40.794+0000][1692535][info ][gc,phases   ] GC(598)   Post Evacuate Collection Set: 1.0ms
[2025-08-22T13:37:40.794+0000][1692535][info ][gc,phases   ] GC(598)   Other: 0.1ms
[2025-08-22T13:37:40.794+0000][1692535][trace][gc,age      ] GC(598) Age table with threshold 15 (max threshold 15)
[2025-08-22T13:37:40.794+0000][1692535][trace][gc,age      ] GC(598) - age   1:      87168 bytes,      87168 total
[2025-08-22T13:37:40.794+0000][1692535][trace][gc,age      ] GC(598) - age   5:        176 bytes,      87344 total
[2025-08-22T13:37:40.794+0000][1692535][info ][gc,heap     ] GC(598) Eden regions: 75->0(75)
[2025-08-22T13:37:40.794+0000][1692535][info ][gc,heap     ] GC(598) Survivor regions: 1->1(10)
[2025-08-22T13:37:40.794+0000][1692535][info ][gc,heap     ] GC(598) Old regions: 22->22
[2025-08-22T13:37:40.794+0000][1692535][info ][gc,heap     ] GC(598) Humongous regions: 0->0
[2025-08-22T13:37:40.794+0000][1692535][info ][gc,metaspace] GC(598) Metaspace: 138330K(143872K)->138330K(143872K) NonClass: 120092K(123392K)->120092K(123392K) Class: 18238K(20480K)->18238K(20480K)
[2025-08-22T13:37:40.794+0000][1692535][info ][gc          ] GC(598) Pause Young (Concurrent Start) (G1 Evacuation Pause) 386M->86M(512M) 2.872ms
[2025-08-22T13:37:40.794+0000][1692535][info ][gc,cpu      ] GC(598) User=0.01s Sys=0.00s Real=0.00s
[2025-08-22T13:37:40.794+0000][1692535][info ][safepoint   ] Safepoint "G1CollectForAllocation", Time since last: 108579516345 ns, Reaching safepoint: 246052 ns, Cleanup: 3966 ns, At safepoint: 2909373 ns, Total: 3159391 ns
[2025-08-22T13:37:40.798+0000][1692535][info ][gc          ] GC(599) Concurrent Mark Cycle
[2025-08-22T13:37:40.798+0000][1692535][info ][gc,marking  ] GC(599) Concurrent Scan Root Regions
[2025-08-22T13:37:40.799+0000][1692535][info ][gc,marking  ] GC(599) Concurrent Scan Root Regions 0.567ms
[2025-08-22T13:37:40.799+0000][1692535][info ][gc,marking  ] GC(599) Concurrent Mark
[2025-08-22T13:37:40.799+0000][1692535][info ][gc,marking  ] GC(599) Concurrent Mark From Roots
[2025-08-22T13:37:40.799+0000][1692535][info ][gc,task     ] GC(599) Using 1 workers of 1 for marking
[2025-08-22T13:37:40.934+0000][1692535][info ][gc,marking  ] GC(599) Concurrent Mark From Roots 135.461ms
[2025-08-22T13:37:40.934+0000][1692535][info ][gc,marking  ] GC(599) Concurrent Preclean
[2025-08-22T13:37:40.935+0000][1692535][info ][gc,marking  ] GC(599) Concurrent Preclean 0.288ms
[2025-08-22T13:37:40.935+0000][1692535][info ][gc,start    ] GC(599) Pause Remark
[2025-08-22T13:37:40.938+0000][1692535][info ][gc          ] GC(599) Pause Remark 89M->89M(512M) 2.977ms
[2025-08-22T13:37:40.938+0000][1692535][info ][gc,cpu      ] GC(599) User=0.00s Sys=0.00s Real=0.01s
[2025-08-22T13:37:40.938+0000][1692535][info ][safepoint   ] Safepoint "G1PauseRemark", Time since last: 140656419 ns, Reaching safepoint: 4286 ns, Cleanup: 2043 ns, At safepoint: 3011928 ns, Total: 3018257 ns
[2025-08-22T13:37:40.938+0000][1692535][info ][gc,marking  ] GC(599) Concurrent Mark 138.847ms
[2025-08-22T13:37:40.938+0000][1692535][info ][gc,marking  ] GC(599) Concurrent Rebuild Remembered Sets and Scrub Regions
[2025-08-22T13:37:40.996+0000][1692535][info ][gc,marking  ] GC(599) Concurrent Rebuild Remembered Sets and Scrub Regions 58.171ms
[2025-08-22T13:37:40.996+0000][1692535][info ][gc,start    ] GC(599) Pause Cleanup
[2025-08-22T13:37:40.996+0000][1692535][info ][gc          ] GC(599) Pause Cleanup 89M->89M(512M) 0.047ms
[2025-08-22T13:37:40.996+0000][1692535][info ][gc,cpu      ] GC(599) User=0.00s Sys=0.00s Real=0.00s
[2025-08-22T13:37:40.996+0000][1692535][info ][safepoint   ] Safepoint "G1PauseCleanup", Time since last: 58232234 ns, Reaching safepoint: 3566 ns, Cleanup: 1692 ns, At safepoint: 73621 ns, Total: 78879 ns
[2025-08-22T13:37:40.996+0000][1692535][info ][gc,marking  ] GC(599) Concurrent Clear Claimed Marks
[2025-08-22T13:37:40.996+0000][1692535][info ][gc,marking  ] GC(599) Concurrent Clear Claimed Marks 0.145ms
[2025-08-22T13:37:40.996+0000][1692535][info ][gc,marking  ] GC(599) Concurrent Cleanup for Next Mark
[2025-08-22T13:37:40.997+0000][1692535][info ][gc,marking  ] GC(599) Concurrent Cleanup for Next Mark 0.935ms
[2025-08-22T13:37:40.997+0000][1692535][info ][gc          ] GC(599) Concurrent Mark Cycle 198.825ms
[2025-08-22T13:41:56.014+0000][1692535][info ][safepoint   ] Safepoint "Cleanup", Time since last: 255017972747 ns, Reaching safepoint: 5178 ns, Cleanup: 9734 ns, At safepoint: 34983 ns, Total: 49895 ns
[2025-08-22T13:49:25.022+0000][1692535][info ][gc,start    ] GC(600) Pause Young (Normal) (G1 Evacuation Pause)
[2025-08-22T13:49:25.022+0000][1692535][info ][gc,task     ] GC(600) Using 1 workers of 1 for evacuation
[2025-08-22T13:49:25.022+0000][1692535][debug][gc,age      ] GC(600) Desired survivor size 20971520 bytes, new threshold 15 (max threshold 15)
[2025-08-22T13:49:25.026+0000][1692535][info ][gc,phases   ] GC(600)   Pre Evacuate Collection Set: 0.3ms
[2025-08-22T13:49:25.026+0000][1692535][info ][gc,phases   ] GC(600)   Merge Heap Roots: 0.0ms
[2025-08-22T13:49:25.026+0000][1692535][info ][gc,phases   ] GC(600)   Evacuate Collection Set: 1.8ms
[2025-08-22T13:49:25.026+0000][1692535][info ][gc,phases   ] GC(600)   Post Evacuate Collection Set: 1.0ms
[2025-08-22T13:49:25.026+0000][1692535][info ][gc,phases   ] GC(600)   Other: 0.3ms
[2025-08-22T13:49:25.026+0000][1692535][trace][gc,age      ] GC(600) Age table with threshold 15 (max threshold 15)
[2025-08-22T13:49:25.026+0000][1692535][trace][gc,age      ] GC(600) - age   1:       9624 bytes,       9624 total
[2025-08-22T13:49:25.026+0000][1692535][trace][gc,age      ] GC(600) - age   2:       2304 bytes,      11928 total
[2025-08-22T13:49:25.026+0000][1692535][info ][gc,heap     ] GC(600) Eden regions: 75->0(75)
[2025-08-22T13:49:25.026+0000][1692535][info ][gc,heap     ] GC(600) Survivor regions: 1->1(10)
[2025-08-22T13:49:25.026+0000][1692535][info ][gc,heap     ] GC(600) Old regions: 22->22
[2025-08-22T13:49:25.026+0000][1692535][info ][gc,heap     ] GC(600) Humongous regions: 0->0
[2025-08-22T13:49:25.026+0000][1692535][info ][gc,metaspace] GC(600) Metaspace: 138330K(143872K)->138330K(143872K) NonClass: 120092K(123392K)->120092K(123392K) Class: 18238K(20480K)->18238K(20480K)
[2025-08-22T13:49:25.026+0000][1692535][info ][gc          ] GC(600) Pause Young (Normal) (G1 Evacuation Pause) 386M->86M(512M) 3.775ms
[2025-08-22T13:49:25.026+0000][1692535][info ][gc,cpu      ] GC(600) User=0.00s Sys=0.00s Real=0.01s
[2025-08-22T13:49:25.026+0000][1692535][info ][safepoint   ] Safepoint "G1CollectForAllocation", Time since last: 449007831857 ns, Reaching safepoint: 7322 ns, Cleanup: 3515 ns, At safepoint: 3807870 ns, Total: 3818707 ns
[2025-08-22T14:01:08.138+0000][1692535][info ][gc,start    ] GC(601) Pause Young (Concurrent Start) (G1 Evacuation Pause)
[2025-08-22T14:01:08.138+0000][1692535][info ][gc,task     ] GC(601) Using 1 workers of 1 for evacuation
[2025-08-22T14:01:08.138+0000][1692535][debug][gc,age      ] GC(601) Desired survivor size 20971520 bytes, new threshold 15 (max threshold 15)
[2025-08-22T14:01:08.140+0000][1692535][info ][gc,phases   ] GC(601)   Pre Evacuate Collection Set: 0.0ms
[2025-08-22T14:01:08.140+0000][1692535][info ][gc,phases   ] GC(601)   Merge Heap Roots: 0.0ms
[2025-08-22T14:01:08.140+0000][1692535][info ][gc,phases   ] GC(601)   Evacuate Collection Set: 1.2ms
[2025-08-22T14:01:08.140+0000][1692535][info ][gc,phases   ] GC(601)   Post Evacuate Collection Set: 0.7ms
[2025-08-22T14:01:08.140+0000][1692535][info ][gc,phases   ] GC(601)   Other: 0.0ms
[2025-08-22T14:01:08.140+0000][1692535][trace][gc,age      ] GC(601) Age table with threshold 15 (max threshold 15)
[2025-08-22T14:01:08.140+0000][1692535][trace][gc,age      ] GC(601) - age   1:      10888 bytes,      10888 total
[2025-08-22T14:01:08.140+0000][1692535][trace][gc,age      ] GC(601) - age   2:        352 bytes,      11240 total
[2025-08-22T14:01:08.140+0000][1692535][trace][gc,age      ] GC(601) - age   3:       2304 bytes,      13544 total
[2025-08-22T14:01:08.140+0000][1692535][info ][gc,heap     ] GC(601) Eden regions: 75->0(75)
[2025-08-22T14:01:08.140+0000][1692535][info ][gc,heap     ] GC(601) Survivor regions: 1->1(10)
[2025-08-22T14:01:08.140+0000][1692535][info ][gc,heap     ] GC(601) Old regions: 22->22
[2025-08-22T14:01:08.140+0000][1692535][info ][gc,heap     ] GC(601) Humongous regions: 0->0
[2025-08-22T14:01:08.140+0000][1692535][info ][gc,metaspace] GC(601) Metaspace: 138330K(143872K)->138330K(143872K) NonClass: 120092K(123392K)->120092K(123392K) Class: 18238K(20480K)->18238K(20480K)
[2025-08-22T14:01:08.140+0000][1692535][info ][gc          ] GC(601) Pause Young (Concurrent Start) (G1 Evacuation Pause) 386M->86M(512M) 2.214ms
[2025-08-22T14:01:08.140+0000][1692535][info ][gc,cpu      ] GC(601) User=0.00s Sys=0.00s Real=0.00s
[2025-08-22T14:01:08.140+0000][1692535][info ][safepoint   ] Safepoint "G1CollectForAllocation", Time since last: 703111863244 ns, Reaching safepoint: 7651 ns, Cleanup: 3035 ns, At safepoint: 2250498 ns, Total: 2261184 ns
[2025-08-22T14:01:08.145+0000][1692535][info ][gc          ] GC(602) Concurrent Mark Cycle
[2025-08-22T14:01:08.145+0000][1692535][info ][gc,marking  ] GC(602) Concurrent Scan Root Regions
[2025-08-22T14:01:08.146+0000][1692535][info ][gc,marking  ] GC(602) Concurrent Scan Root Regions 0.682ms
[2025-08-22T14:01:08.146+0000][1692535][info ][gc,marking  ] GC(602) Concurrent Mark
[2025-08-22T14:01:08.146+0000][1692535][info ][gc,marking  ] GC(602) Concurrent Mark From Roots
[2025-08-22T14:01:08.146+0000][1692535][info ][gc,task     ] GC(602) Using 1 workers of 1 for marking
[2025-08-22T14:01:08.257+0000][1692535][info ][gc,marking  ] GC(602) Concurrent Mark From Roots 111.130ms
[2025-08-22T14:01:08.257+0000][1692535][info ][gc,marking  ] GC(602) Concurrent Preclean
[2025-08-22T14:01:08.257+0000][1692535][info ][gc,marking  ] GC(602) Concurrent Preclean 0.241ms
[2025-08-22T14:01:08.258+0000][1692535][info ][gc,start    ] GC(602) Pause Remark
[2025-08-22T14:01:08.260+0000][1692535][info ][gc          ] GC(602) Pause Remark 88M->88M(512M) 2.898ms
[2025-08-22T14:01:08.260+0000][1692535][info ][gc,cpu      ] GC(602) User=0.00s Sys=0.00s Real=0.00s
[2025-08-22T14:01:08.260+0000][1692535][info ][safepoint   ] Safepoint "G1PauseRemark", Time since last: 117609136 ns, Reaching safepoint: 4637 ns, Cleanup: 2924 ns, At safepoint: 2932819 ns, Total: 2940380 ns
[2025-08-22T14:01:08.260+0000][1692535][info ][gc,marking  ] GC(602) Concurrent Mark 114.379ms
[2025-08-22T14:01:08.260+0000][1692535][info ][gc,marking  ] GC(602) Concurrent Rebuild Remembered Sets and Scrub Regions
[2025-08-22T14:01:08.294+0000][1692535][info ][gc,marking  ] GC(602) Concurrent Rebuild Remembered Sets and Scrub Regions 33.271ms
[2025-08-22T14:01:08.294+0000][1692535][info ][gc,start    ] GC(602) Pause Cleanup
[2025-08-22T14:01:08.294+0000][1692535][info ][gc          ] GC(602) Pause Cleanup 88M->88M(512M) 0.029ms
[2025-08-22T14:01:08.294+0000][1692535][info ][gc,cpu      ] GC(602) User=0.00s Sys=0.00s Real=0.00s
[2025-08-22T14:01:08.294+0000][1692535][info ][safepoint   ] Safepoint "G1PauseCleanup", Time since last: 33315508 ns, Reaching safepoint: 3175 ns, Cleanup: 821 ns, At safepoint: 53160 ns, Total: 57156 ns
[2025-08-22T14:01:08.294+0000][1692535][info ][gc,marking  ] GC(602) Concurrent Clear Claimed Marks
[2025-08-22T14:01:08.294+0000][1692535][info ][gc,marking  ] GC(602) Concurrent Clear Claimed Marks 0.113ms
[2025-08-22T14:01:08.294+0000][1692535][info ][gc,marking  ] GC(602) Concurrent Cleanup for Next Mark
[2025-08-22T14:01:08.302+0000][1692535][info ][gc,marking  ] GC(602) Concurrent Cleanup for Next Mark 8.231ms
[2025-08-22T14:01:08.302+0000][1692535][info ][gc          ] GC(602) Concurrent Mark Cycle 156.845ms
