[2025-06-30T11:46:22.723+0000][705437][info][gc,init] CardTable entry size: 512
[2025-06-30T11:46:22.724+0000][705437][info][gc     ] Using G1
[2025-06-30T11:46:22.850+0000][705437][info][gc,init] Version: 21.0.2+13-58 (release)
[2025-06-30T11:46:22.850+0000][705437][info][gc,init] CPUs: 96 total, 96 available
[2025-06-30T11:46:22.850+0000][705437][info][gc,init] Memory: 125G
[2025-06-30T11:46:22.850+0000][705437][info][gc,init] Large Page Support: Disabled
[2025-06-30T11:46:22.850+0000][705437][info][gc,init] NUMA Support: Disabled
[2025-06-30T11:46:22.850+0000][705437][info][gc,init] Compressed Oops: Enabled (32-bit)
[2025-06-30T11:46:22.850+0000][705437][info][gc,init] Heap Region Size: 4M
[2025-06-30T11:46:22.850+0000][705437][info][gc,init] Heap Min Capacity: 512M
[2025-06-30T11:46:22.850+0000][705437][info][gc,init] Heap Initial Capacity: 512M
[2025-06-30T11:46:22.850+0000][705437][info][gc,init] Heap Max Capacity: 512M
[2025-06-30T11:46:22.850+0000][705437][info][gc,init] Pre-touch: Enabled
[2025-06-30T11:46:22.850+0000][705437][info][gc,init] Parallel Workers: 63
[2025-06-30T11:46:22.850+0000][705437][info][gc,init] Concurrent Workers: 16
[2025-06-30T11:46:22.850+0000][705437][info][gc,init] Concurrent Refinement Workers: 63
[2025-06-30T11:46:22.850+0000][705437][info][gc,init] Periodic GC: Disabled
[2025-06-30T11:46:22.893+0000][705437][info][gc,metaspace] CDS archive(s) mapped at: [0x0000153eef000000-0x0000153eefca6000-0x0000153eefca6000), size 13262848, SharedBaseAddress: 0x0000153eef000000, ArchiveRelocationMode: 1.
[2025-06-30T11:46:22.893+0000][705437][info][gc,metaspace] Compressed class space mapped at: 0x0000153ef0000000-0x0000153f30000000, reserved size: 1073741824
[2025-06-30T11:46:22.893+0000][705437][info][gc,metaspace] Narrow klass base: 0x0000153eef000000, Narrow klass shift: 0, Narrow klass range: 0x100000000
[2025-06-30T11:46:23.087+0000][705437][info][gc,start    ] GC(0) Pause Young (Normal) (G1 Evacuation Pause)
[2025-06-30T11:46:23.087+0000][705437][info][gc,task     ] GC(0) Using 12 workers of 63 for evacuation
[2025-06-30T11:46:23.087+0000][705437][debug][gc,age      ] GC(0) Desired survivor size 2097152 bytes, new threshold 15 (max threshold 15)
[2025-06-30T11:46:23.089+0000][705437][info ][gc,phases   ] GC(0)   Pre Evacuate Collection Set: 0.1ms
[2025-06-30T11:46:23.089+0000][705437][info ][gc,phases   ] GC(0)   Merge Heap Roots: 0.1ms
[2025-06-30T11:46:23.089+0000][705437][info ][gc,phases   ] GC(0)   Evacuate Collection Set: 1.4ms
[2025-06-30T11:46:23.089+0000][705437][info ][gc,phases   ] GC(0)   Post Evacuate Collection Set: 0.5ms
[2025-06-30T11:46:23.089+0000][705437][info ][gc,phases   ] GC(0)   Other: 0.1ms
[2025-06-30T11:46:23.089+0000][705437][trace][gc,age      ] GC(0) Age table with threshold 15 (max threshold 15)
[2025-06-30T11:46:23.089+0000][705437][trace][gc,age      ] GC(0) - age   1:    1916008 bytes,    1916008 total
[2025-06-30T11:46:23.089+0000][705437][info ][gc,heap     ] GC(0) Eden regions: 6->0(20)
[2025-06-30T11:46:23.089+0000][705437][info ][gc,heap     ] GC(0) Survivor regions: 0->1(1)
[2025-06-30T11:46:23.089+0000][705437][info ][gc,heap     ] GC(0) Old regions: 1->1
[2025-06-30T11:46:23.089+0000][705437][info ][gc,heap     ] GC(0) Humongous regions: 0->0
[2025-06-30T11:46:23.089+0000][705437][info ][gc,metaspace] GC(0) Metaspace: 1008K(1152K)->1008K(1152K) NonClass: 939K(1024K)->939K(1024K) Class: 68K(128K)->68K(128K)
[2025-06-30T11:46:23.089+0000][705437][info ][gc          ] GC(0) Pause Young (Normal) (G1 Evacuation Pause) 25M->4M(512M) 2.319ms
[2025-06-30T11:46:23.089+0000][705437][info ][gc,cpu      ] GC(0) User=0.01s Sys=0.00s Real=0.00s
[2025-06-30T11:46:23.089+0000][705437][info ][safepoint   ] Safepoint "G1CollectForAllocation", Time since last: 189176880 ns, Reaching safepoint: 5559 ns, Cleanup: 185750 ns, At safepoint: 2378432 ns, Total: 2569741 ns
[2025-06-30T11:46:23.342+0000][705437][info ][safepoint   ] Safepoint "ICBufferFull", Time since last: 252866612 ns, Reaching safepoint: 5598 ns, Cleanup: 213263 ns, At safepoint: 7751 ns, Total: 226612 ns
[2025-06-30T11:46:23.536+0000][705437][info ][safepoint   ] Safepoint "ICBufferFull", Time since last: 193104411 ns, Reaching safepoint: 3966 ns, Cleanup: 223828 ns, At safepoint: 3535 ns, Total: 231329 ns
[2025-06-30T11:46:23.866+0000][705437][info ][safepoint   ] Safepoint "ICBufferFull", Time since last: 329873875 ns, Reaching safepoint: 69755 ns, Cleanup: 161113 ns, At safepoint: 3165 ns, Total: 234033 ns
[2025-06-30T11:46:24.012+0000][705437][info ][safepoint   ] Safepoint "ICBufferFull", Time since last: 145945500 ns, Reaching safepoint: 3816 ns, Cleanup: 206051 ns, At safepoint: 3715 ns, Total: 213582 ns
[2025-06-30T11:46:24.160+0000][705437][info ][gc,start    ] GC(1) Pause Young (Normal) (G1 Evacuation Pause)
[2025-06-30T11:46:24.160+0000][705437][info ][gc,task     ] GC(1) Using 12 workers of 63 for evacuation
[2025-06-30T11:46:24.160+0000][705437][debug][gc,age      ] GC(1) Desired survivor size 6291456 bytes, new threshold 15 (max threshold 15)
[2025-06-30T11:46:24.168+0000][705437][info ][gc,phases   ] GC(1)   Pre Evacuate Collection Set: 0.1ms
[2025-06-30T11:46:24.168+0000][705437][info ][gc,phases   ] GC(1)   Merge Heap Roots: 0.1ms
[2025-06-30T11:46:24.168+0000][705437][info ][gc,phases   ] GC(1)   Evacuate Collection Set: 6.2ms
[2025-06-30T11:46:24.168+0000][705437][info ][gc,phases   ] GC(1)   Post Evacuate Collection Set: 1.2ms
[2025-06-30T11:46:24.168+0000][705437][info ][gc,phases   ] GC(1)   Other: 0.1ms
[2025-06-30T11:46:24.168+0000][705437][trace][gc,age      ] GC(1) Age table with threshold 15 (max threshold 15)
[2025-06-30T11:46:24.168+0000][705437][trace][gc,age      ] GC(1) - age   1:    7296424 bytes,    7296424 total
[2025-06-30T11:46:24.168+0000][705437][trace][gc,age      ] GC(1) - age   2:    1817320 bytes,    9113744 total
[2025-06-30T11:46:24.168+0000][705437][info ][gc,heap     ] GC(1) Eden regions: 20->0(23)
[2025-06-30T11:46:24.168+0000][705437][info ][gc,heap     ] GC(1) Survivor regions: 1->3(3)
[2025-06-30T11:46:24.168+0000][705437][info ][gc,heap     ] GC(1) Old regions: 1->1
[2025-06-30T11:46:24.168+0000][705437][info ][gc,heap     ] GC(1) Humongous regions: 0->0
[2025-06-30T11:46:24.168+0000][705437][info ][gc,metaspace] GC(1) Metaspace: 20202K(20736K)->20202K(20736K) NonClass: 17933K(18240K)->17933K(18240K) Class: 2269K(2496K)->2269K(2496K)
[2025-06-30T11:46:24.168+0000][705437][info ][gc          ] GC(1) Pause Young (Normal) (G1 Evacuation Pause) 84M->10M(512M) 7.695ms
[2025-06-30T11:46:24.168+0000][705437][info ][gc,cpu      ] GC(1) User=0.06s Sys=0.01s Real=0.01s
[2025-06-30T11:46:24.168+0000][705437][info ][safepoint   ] Safepoint "G1CollectForAllocation", Time since last: 147856917 ns, Reaching safepoint: 4847 ns, Cleanup: 103016 ns, At safepoint: 7758705 ns, Total: 7866568 ns
[2025-06-30T11:46:24.373+0000][705437][info ][safepoint   ] Safepoint "ICBufferFull", Time since last: 204588262 ns, Reaching safepoint: 71808 ns, Cleanup: 194594 ns, At safepoint: 11998 ns, Total: 278400 ns
[2025-06-30T11:46:24.430+0000][705437][info ][gc,start    ] GC(2) Pause Young (Concurrent Start) (Metadata GC Threshold)
[2025-06-30T11:46:24.430+0000][705437][info ][gc,task     ] GC(2) Using 12 workers of 63 for evacuation
[2025-06-30T11:46:24.430+0000][705437][debug][gc,age      ] GC(2) Desired survivor size 8388608 bytes, new threshold 2 (max threshold 15)
[2025-06-30T11:46:24.437+0000][705437][info ][gc,phases   ] GC(2)   Pre Evacuate Collection Set: 0.2ms
[2025-06-30T11:46:24.437+0000][705437][info ][gc,phases   ] GC(2)   Merge Heap Roots: 0.0ms
[2025-06-30T11:46:24.437+0000][705437][info ][gc,phases   ] GC(2)   Evacuate Collection Set: 6.0ms
[2025-06-30T11:46:24.437+0000][705437][info ][gc,phases   ] GC(2)   Post Evacuate Collection Set: 1.1ms
[2025-06-30T11:46:24.437+0000][705437][info ][gc,phases   ] GC(2)   Other: 0.1ms
[2025-06-30T11:46:24.437+0000][705437][trace][gc,age      ] GC(2) Age table with threshold 2 (max threshold 15)
[2025-06-30T11:46:24.437+0000][705437][trace][gc,age      ] GC(2) - age   1:    1058144 bytes,    1058144 total
[2025-06-30T11:46:24.437+0000][705437][trace][gc,age      ] GC(2) - age   2:    6332624 bytes,    7390768 total
[2025-06-30T11:46:24.437+0000][705437][info ][gc,heap     ] GC(2) Eden regions: 17->0(29)
[2025-06-30T11:46:24.437+0000][705437][info ][gc,heap     ] GC(2) Survivor regions: 3->2(4)
[2025-06-30T11:46:24.437+0000][705437][info ][gc,heap     ] GC(2) Old regions: 1->2
[2025-06-30T11:46:24.437+0000][705437][info ][gc,heap     ] GC(2) Humongous regions: 0->0
[2025-06-30T11:46:24.437+0000][705437][info ][gc,metaspace] GC(2) Metaspace: 20978K(21504K)->20978K(21504K) NonClass: 18657K(18944K)->18657K(18944K) Class: 2320K(2560K)->2320K(2560K)
[2025-06-30T11:46:24.437+0000][705437][info ][gc          ] GC(2) Pause Young (Concurrent Start) (Metadata GC Threshold) 76M->10M(512M) 7.555ms
[2025-06-30T11:46:24.437+0000][705437][info ][gc,cpu      ] GC(2) User=0.08s Sys=0.00s Real=0.01s
[2025-06-30T11:46:24.437+0000][705437][info ][gc          ] GC(3) Concurrent Mark Cycle
[2025-06-30T11:46:24.437+0000][705437][info ][gc,marking  ] GC(3) Concurrent Scan Root Regions
[2025-06-30T11:46:24.437+0000][705437][info ][safepoint   ] Safepoint "CollectForMetadataAllocation", Time since last: 56920110 ns, Reaching safepoint: 5078 ns, Cleanup: 85779 ns, At safepoint: 7669131 ns, Total: 7759988 ns
[2025-06-30T11:46:24.437+0000][705437][info ][safepoint   ] Safepoint "CollectForMetadataAllocation", Time since last: 65739 ns, Reaching safepoint: 67372 ns, Cleanup: 951 ns, At safepoint: 4507 ns, Total: 72830 ns
[2025-06-30T11:46:24.437+0000][705437][info ][safepoint   ] Safepoint "CollectForMetadataAllocation", Time since last: 33010 ns, Reaching safepoint: 66931 ns, Cleanup: 741 ns, At safepoint: 4297 ns, Total: 71969 ns
[2025-06-30T11:46:24.438+0000][705437][info ][safepoint   ] Safepoint "CollectForMetadataAllocation", Time since last: 26860 ns, Reaching safepoint: 504953 ns, Cleanup: 801 ns, At safepoint: 8943 ns, Total: 514697 ns
[2025-06-30T11:46:24.438+0000][705437][info ][safepoint   ] Safepoint "CollectForMetadataAllocation", Time since last: 23175 ns, Reaching safepoint: 66901 ns, Cleanup: 752 ns, At safepoint: 8242 ns, Total: 75895 ns
[2025-06-30T11:46:24.438+0000][705437][info ][safepoint   ] Safepoint "CollectForMetadataAllocation", Time since last: 24187 ns, Reaching safepoint: 65108 ns, Cleanup: 741 ns, At safepoint: 7842 ns, Total: 73691 ns
[2025-06-30T11:46:24.439+0000][705437][info ][gc,marking  ] GC(3) Concurrent Scan Root Regions 1.882ms
[2025-06-30T11:46:24.439+0000][705437][info ][gc,marking  ] GC(3) Concurrent Mark
[2025-06-30T11:46:24.439+0000][705437][info ][gc,marking  ] GC(3) Concurrent Mark From Roots
[2025-06-30T11:46:24.440+0000][705437][info ][gc,task     ] GC(3) Using 16 workers of 16 for marking
[2025-06-30T11:46:24.443+0000][705437][info ][gc,marking  ] GC(3) Concurrent Mark From Roots 4.177ms
[2025-06-30T11:46:24.443+0000][705437][info ][gc,marking  ] GC(3) Concurrent Preclean
[2025-06-30T11:46:24.443+0000][705437][info ][gc,marking  ] GC(3) Concurrent Preclean 0.007ms
[2025-06-30T11:46:24.445+0000][705437][info ][gc,start    ] GC(3) Pause Remark
[2025-06-30T11:46:24.447+0000][705437][info ][gc          ] GC(3) Pause Remark 13M->13M(512M) 2.123ms
[2025-06-30T11:46:24.447+0000][705437][info ][gc,cpu      ] GC(3) User=0.02s Sys=0.00s Real=0.01s
[2025-06-30T11:46:24.447+0000][705437][info ][safepoint   ] Safepoint "G1PauseRemark", Time since last: 6780579 ns, Reaching safepoint: 65418 ns, Cleanup: 20411 ns, At safepoint: 2149616 ns, Total: 2235445 ns
[2025-06-30T11:46:24.447+0000][705437][info ][gc,marking  ] GC(3) Concurrent Mark 8.154ms
[2025-06-30T11:46:24.447+0000][705437][info ][gc,marking  ] GC(3) Concurrent Rebuild Remembered Sets and Scrub Regions
[2025-06-30T11:46:24.448+0000][705437][info ][gc,marking  ] GC(3) Concurrent Rebuild Remembered Sets and Scrub Regions 1.216ms
[2025-06-30T11:46:24.449+0000][705437][info ][gc,start    ] GC(3) Pause Cleanup
[2025-06-30T11:46:24.449+0000][705437][info ][gc          ] GC(3) Pause Cleanup 13M->13M(512M) 0.057ms
[2025-06-30T11:46:24.449+0000][705437][info ][gc,cpu      ] GC(3) User=0.00s Sys=0.00s Real=0.00s
[2025-06-30T11:46:24.449+0000][705437][info ][safepoint   ] Safepoint "G1PauseCleanup", Time since last: 1240854 ns, Reaching safepoint: 65669 ns, Cleanup: 3966 ns, At safepoint: 71358 ns, Total: 140993 ns
[2025-06-30T11:46:24.449+0000][705437][info ][gc,marking  ] GC(3) Concurrent Clear Claimed Marks
[2025-06-30T11:46:24.449+0000][705437][info ][gc,marking  ] GC(3) Concurrent Clear Claimed Marks 0.010ms
[2025-06-30T11:46:24.449+0000][705437][info ][gc,marking  ] GC(3) Concurrent Cleanup for Next Mark
[2025-06-30T11:46:24.449+0000][705437][info ][gc,marking  ] GC(3) Concurrent Cleanup for Next Mark 0.162ms
[2025-06-30T11:46:24.449+0000][705437][info ][gc          ] GC(3) Concurrent Mark Cycle 11.628ms
[2025-06-30T11:46:24.665+0000][705437][info ][gc,start    ] GC(4) Pause Young (Prepare Mixed) (G1 Evacuation Pause)
[2025-06-30T11:46:24.665+0000][705437][info ][gc,task     ] GC(4) Using 12 workers of 63 for evacuation
[2025-06-30T11:46:24.665+0000][705437][debug][gc,age      ] GC(4) Desired survivor size 8388608 bytes, new threshold 15 (max threshold 15)
[2025-06-30T11:46:24.670+0000][705437][info ][gc,phases   ] GC(4)   Pre Evacuate Collection Set: 0.1ms
[2025-06-30T11:46:24.670+0000][705437][info ][gc,phases   ] GC(4)   Merge Heap Roots: 0.1ms
[2025-06-30T11:46:24.670+0000][705437][info ][gc,phases   ] GC(4)   Evacuate Collection Set: 4.1ms
[2025-06-30T11:46:24.670+0000][705437][info ][gc,phases   ] GC(4)   Post Evacuate Collection Set: 0.9ms
[2025-06-30T11:46:24.670+0000][705437][info ][gc,phases   ] GC(4)   Other: 0.1ms
[2025-06-30T11:46:24.670+0000][705437][trace][gc,age      ] GC(4) Age table with threshold 15 (max threshold 15)
[2025-06-30T11:46:24.670+0000][705437][trace][gc,age      ] GC(4) - age   1:    1943264 bytes,    1943264 total
[2025-06-30T11:46:24.670+0000][705437][trace][gc,age      ] GC(4) - age   2:    1053064 bytes,    2996328 total
[2025-06-30T11:46:24.670+0000][705437][trace][gc,age      ] GC(4) - age   3:    6323968 bytes,    9320296 total
[2025-06-30T11:46:24.670+0000][705437][info ][gc,heap     ] GC(4) Eden regions: 29->0(68)
[2025-06-30T11:46:24.670+0000][705437][info ][gc,heap     ] GC(4) Survivor regions: 2->3(4)
[2025-06-30T11:46:24.670+0000][705437][info ][gc,heap     ] GC(4) Old regions: 2->2
[2025-06-30T11:46:24.670+0000][705437][info ][gc,heap     ] GC(4) Humongous regions: 0->0
[2025-06-30T11:46:24.670+0000][705437][info ][gc,metaspace] GC(4) Metaspace: 22792K(23424K)->22792K(23424K) NonClass: 20265K(20608K)->20265K(20608K) Class: 2527K(2816K)->2527K(2816K)
[2025-06-30T11:46:24.670+0000][705437][info ][gc          ] GC(4) Pause Young (Prepare Mixed) (G1 Evacuation Pause) 126M->12M(512M) 5.292ms
[2025-06-30T11:46:24.670+0000][705437][info ][gc,cpu      ] GC(4) User=0.06s Sys=0.00s Real=0.01s
[2025-06-30T11:46:24.670+0000][705437][info ][safepoint   ] Safepoint "G1CollectForAllocation", Time since last: 215830878 ns, Reaching safepoint: 74392 ns, Cleanup: 149125 ns, At safepoint: 5362287 ns, Total: 5585804 ns
[2025-06-30T11:46:24.972+0000][705437][info ][safepoint   ] Safepoint "ICBufferFull", Time since last: 302187638 ns, Reaching safepoint: 69465 ns, Cleanup: 213182 ns, At safepoint: 8353 ns, Total: 291000 ns
[2025-06-30T11:46:25.256+0000][705437][info ][gc,start    ] GC(5) Pause Young (Mixed) (G1 Evacuation Pause)
[2025-06-30T11:46:25.256+0000][705437][info ][gc,task     ] GC(5) Using 12 workers of 63 for evacuation
[2025-06-30T11:46:25.256+0000][705437][debug][gc,age      ] GC(5) Desired survivor size 18874368 bytes, new threshold 15 (max threshold 15)
[2025-06-30T11:46:25.267+0000][705437][info ][gc,phases   ] GC(5)   Pre Evacuate Collection Set: 0.2ms
[2025-06-30T11:46:25.267+0000][705437][info ][gc,phases   ] GC(5)   Merge Heap Roots: 0.1ms
[2025-06-30T11:46:25.267+0000][705437][info ][gc,phases   ] GC(5)   Evacuate Collection Set: 9.3ms
[2025-06-30T11:46:25.267+0000][705437][info ][gc,phases   ] GC(5)   Post Evacuate Collection Set: 1.2ms
[2025-06-30T11:46:25.267+0000][705437][info ][gc,phases   ] GC(5)   Other: 0.1ms
[2025-06-30T11:46:25.267+0000][705437][trace][gc,age      ] GC(5) Age table with threshold 15 (max threshold 15)
[2025-06-30T11:46:25.267+0000][705437][trace][gc,age      ] GC(5) - age   1:    9830088 bytes,    9830088 total
[2025-06-30T11:46:25.267+0000][705437][trace][gc,age      ] GC(5) - age   2:    1923776 bytes,   11753864 total
[2025-06-30T11:46:25.267+0000][705437][trace][gc,age      ] GC(5) - age   3:    1052768 bytes,   12806632 total
[2025-06-30T11:46:25.267+0000][705437][trace][gc,age      ] GC(5) - age   4:    6321680 bytes,   19128312 total
[2025-06-30T11:46:25.267+0000][705437][info ][gc,heap     ] GC(5) Eden regions: 68->0(71)
[2025-06-30T11:46:25.267+0000][705437][info ][gc,heap     ] GC(5) Survivor regions: 3->5(9)
[2025-06-30T11:46:25.267+0000][705437][info ][gc,heap     ] GC(5) Old regions: 2->1
[2025-06-30T11:46:25.267+0000][705437][info ][gc,heap     ] GC(5) Humongous regions: 0->0
[2025-06-30T11:46:25.267+0000][705437][info ][gc,metaspace] GC(5) Metaspace: 29851K(30528K)->29851K(30528K) NonClass: 26451K(26816K)->26451K(26816K) Class: 3399K(3712K)->3399K(3712K)
[2025-06-30T11:46:25.267+0000][705437][info ][gc          ] GC(5) Pause Young (Mixed) (G1 Evacuation Pause) 284M->22M(512M) 10.899ms
[2025-06-30T11:46:25.267+0000][705437][info ][gc,cpu      ] GC(5) User=0.09s Sys=0.02s Real=0.01s
[2025-06-30T11:46:25.267+0000][705437][info ][safepoint   ] Safepoint "G1CollectForAllocation", Time since last: 283543615 ns, Reaching safepoint: 6299 ns, Cleanup: 164819 ns, At safepoint: 10965268 ns, Total: 11136386 ns
[2025-06-30T11:46:25.538+0000][705437][info ][gc,start    ] GC(6) Pause Young (Normal) (G1 Evacuation Pause)
[2025-06-30T11:46:25.538+0000][705437][info ][gc,task     ] GC(6) Using 12 workers of 63 for evacuation
[2025-06-30T11:46:25.538+0000][705437][debug][gc,age      ] GC(6) Desired survivor size 20971520 bytes, new threshold 15 (max threshold 15)
[2025-06-30T11:46:25.547+0000][705437][info ][gc,phases   ] GC(6)   Pre Evacuate Collection Set: 0.2ms
[2025-06-30T11:46:25.547+0000][705437][info ][gc,phases   ] GC(6)   Merge Heap Roots: 0.1ms
[2025-06-30T11:46:25.547+0000][705437][info ][gc,phases   ] GC(6)   Evacuate Collection Set: 7.1ms
[2025-06-30T11:46:25.547+0000][705437][info ][gc,phases   ] GC(6)   Post Evacuate Collection Set: 1.2ms
[2025-06-30T11:46:25.547+0000][705437][info ][gc,phases   ] GC(6)   Other: 0.1ms
[2025-06-30T11:46:25.547+0000][705437][trace][gc,age      ] GC(6) Age table with threshold 15 (max threshold 15)
[2025-06-30T11:46:25.547+0000][705437][trace][gc,age      ] GC(6) - age   1:    2845416 bytes,    2845416 total
[2025-06-30T11:46:25.547+0000][705437][trace][gc,age      ] GC(6) - age   2:    7356560 bytes,   10201976 total
[2025-06-30T11:46:25.547+0000][705437][trace][gc,age      ] GC(6) - age   3:    1923392 bytes,   12125368 total
[2025-06-30T11:46:25.547+0000][705437][trace][gc,age      ] GC(6) - age   4:    1052768 bytes,   13178136 total
[2025-06-30T11:46:25.547+0000][705437][trace][gc,age      ] GC(6) - age   5:    6321680 bytes,   19499816 total
[2025-06-30T11:46:25.547+0000][705437][info ][gc,heap     ] GC(6) Eden regions: 71->0(70)
[2025-06-30T11:46:25.547+0000][705437][info ][gc,heap     ] GC(6) Survivor regions: 5->6(10)
[2025-06-30T11:46:25.547+0000][705437][info ][gc,heap     ] GC(6) Old regions: 1->1
[2025-06-30T11:46:25.547+0000][705437][info ][gc,heap     ] GC(6) Humongous regions: 0->0
[2025-06-30T11:46:25.547+0000][705437][info ][gc,metaspace] GC(6) Metaspace: 30496K(31296K)->30496K(31296K) NonClass: 27011K(27456K)->27011K(27456K) Class: 3485K(3840K)->3485K(3840K)
[2025-06-30T11:46:25.547+0000][705437][info ][gc          ] GC(6) Pause Young (Normal) (G1 Evacuation Pause) 306M->23M(512M) 8.730ms
[2025-06-30T11:46:25.547+0000][705437][info ][gc,cpu      ] GC(6) User=0.07s Sys=0.01s Real=0.01s
[2025-06-30T11:46:25.547+0000][705437][info ][safepoint   ] Safepoint "G1CollectForAllocation", Time since last: 270549864 ns, Reaching safepoint: 5959 ns, Cleanup: 95975 ns, At safepoint: 8800579 ns, Total: 8902513 ns
[2025-06-30T11:46:25.788+0000][705437][info ][gc,start    ] GC(7) Pause Young (Concurrent Start) (Metadata GC Threshold)
[2025-06-30T11:46:25.788+0000][705437][info ][gc,task     ] GC(7) Using 12 workers of 63 for evacuation
[2025-06-30T11:46:25.788+0000][705437][debug][gc,age      ] GC(7) Desired survivor size 20971520 bytes, new threshold 15 (max threshold 15)
[2025-06-30T11:46:25.796+0000][705437][info ][gc,phases   ] GC(7)   Pre Evacuate Collection Set: 0.3ms
[2025-06-30T11:46:25.796+0000][705437][info ][gc,phases   ] GC(7)   Merge Heap Roots: 0.1ms
[2025-06-30T11:46:25.796+0000][705437][info ][gc,phases   ] GC(7)   Evacuate Collection Set: 5.7ms
[2025-06-30T11:46:25.796+0000][705437][info ][gc,phases   ] GC(7)   Post Evacuate Collection Set: 1.0ms
[2025-06-30T11:46:25.796+0000][705437][info ][gc,phases   ] GC(7)   Other: 0.1ms
[2025-06-30T11:46:25.796+0000][705437][trace][gc,age      ] GC(7) Age table with threshold 15 (max threshold 15)
[2025-06-30T11:46:25.796+0000][705437][trace][gc,age      ] GC(7) - age   1:    2725864 bytes,    2725864 total
[2025-06-30T11:46:25.796+0000][705437][trace][gc,age      ] GC(7) - age   2:    2442080 bytes,    5167944 total
[2025-06-30T11:46:25.796+0000][705437][trace][gc,age      ] GC(7) - age   3:    7352464 bytes,   12520408 total
[2025-06-30T11:46:25.796+0000][705437][trace][gc,age      ] GC(7) - age   4:    1922240 bytes,   14442648 total
[2025-06-30T11:46:25.796+0000][705437][trace][gc,age      ] GC(7) - age   5:    1052560 bytes,   15495208 total
[2025-06-30T11:46:25.796+0000][705437][trace][gc,age      ] GC(7) - age   6:    6320440 bytes,   21815648 total
[2025-06-30T11:46:25.796+0000][705437][info ][gc,heap     ] GC(7) Eden regions: 18->0(70)
[2025-06-30T11:46:25.796+0000][705437][info ][gc,heap     ] GC(7) Survivor regions: 6->6(10)
[2025-06-30T11:46:25.796+0000][705437][info ][gc,heap     ] GC(7) Old regions: 1->1
[2025-06-30T11:46:25.796+0000][705437][info ][gc,heap     ] GC(7) Humongous regions: 0->0
[2025-06-30T11:46:25.796+0000][705437][info ][gc,metaspace] GC(7) Metaspace: 35269K(36096K)->35269K(36096K) NonClass: 31294K(31808K)->31294K(31808K) Class: 3975K(4288K)->3975K(4288K)
[2025-06-30T11:46:25.796+0000][705437][info ][gc          ] GC(7) Pause Young (Concurrent Start) (Metadata GC Threshold) 95M->25M(512M) 7.400ms
[2025-06-30T11:46:25.796+0000][705437][info ][gc,cpu      ] GC(7) User=0.06s Sys=0.00s Real=0.01s
[2025-06-30T11:46:25.796+0000][705437][info ][gc          ] GC(8) Concurrent Mark Cycle
[2025-06-30T11:46:25.796+0000][705437][info ][gc,marking  ] GC(8) Concurrent Scan Root Regions
[2025-06-30T11:46:25.796+0000][705437][info ][safepoint   ] Safepoint "CollectForMetadataAllocation", Time since last: 241585458 ns, Reaching safepoint: 5909 ns, Cleanup: 137407 ns, At safepoint: 7521899 ns, Total: 7665215 ns
[2025-06-30T11:46:25.797+0000][705437][info ][gc,marking  ] GC(8) Concurrent Scan Root Regions 1.475ms
[2025-06-30T11:46:25.797+0000][705437][info ][gc,marking  ] GC(8) Concurrent Mark
[2025-06-30T11:46:25.797+0000][705437][info ][gc,marking  ] GC(8) Concurrent Mark From Roots
[2025-06-30T11:46:25.797+0000][705437][info ][gc,task     ] GC(8) Using 16 workers of 16 for marking
[2025-06-30T11:46:25.799+0000][705437][info ][gc,marking  ] GC(8) Concurrent Mark From Roots 1.747ms
[2025-06-30T11:46:25.799+0000][705437][info ][gc,marking  ] GC(8) Concurrent Preclean
[2025-06-30T11:46:25.799+0000][705437][info ][gc,marking  ] GC(8) Concurrent Preclean 0.009ms
[2025-06-30T11:46:25.799+0000][705437][info ][gc,start    ] GC(8) Pause Remark
[2025-06-30T11:46:25.803+0000][705437][info ][gc          ] GC(8) Pause Remark 27M->27M(512M) 3.566ms
[2025-06-30T11:46:25.803+0000][705437][info ][gc,cpu      ] GC(8) User=0.02s Sys=0.01s Real=0.00s
[2025-06-30T11:46:25.803+0000][705437][info ][safepoint   ] Safepoint "G1PauseRemark", Time since last: 3223617 ns, Reaching safepoint: 66771 ns, Cleanup: 1312 ns, At safepoint: 3592735 ns, Total: 3660818 ns
[2025-06-30T11:46:25.803+0000][705437][info ][gc,marking  ] GC(8) Concurrent Mark 5.447ms
[2025-06-30T11:46:25.803+0000][705437][info ][gc,marking  ] GC(8) Concurrent Rebuild Remembered Sets and Scrub Regions
[2025-06-30T11:46:25.803+0000][705437][info ][gc,marking  ] GC(8) Concurrent Rebuild Remembered Sets and Scrub Regions 0.576ms
[2025-06-30T11:46:25.804+0000][705437][info ][gc,start    ] GC(8) Pause Cleanup
[2025-06-30T11:46:25.804+0000][705437][info ][gc          ] GC(8) Pause Cleanup 27M->27M(512M) 0.037ms
[2025-06-30T11:46:25.804+0000][705437][info ][gc,cpu      ] GC(8) User=0.00s Sys=0.00s Real=0.00s
[2025-06-30T11:46:25.804+0000][705437][info ][safepoint   ] Safepoint "G1PauseCleanup", Time since last: 618314 ns, Reaching safepoint: 192901 ns, Cleanup: 7702 ns, At safepoint: 52479 ns, Total: 253082 ns
[2025-06-30T11:46:25.804+0000][705437][info ][gc,marking  ] GC(8) Concurrent Clear Claimed Marks
[2025-06-30T11:46:25.804+0000][705437][info ][gc,marking  ] GC(8) Concurrent Clear Claimed Marks 0.012ms
[2025-06-30T11:46:25.804+0000][705437][info ][gc,marking  ] GC(8) Concurrent Cleanup for Next Mark
[2025-06-30T11:46:25.804+0000][705437][info ][gc,marking  ] GC(8) Concurrent Cleanup for Next Mark 0.134ms
[2025-06-30T11:46:25.804+0000][705437][info ][gc          ] GC(8) Concurrent Mark Cycle 7.968ms
[2025-06-30T11:46:26.266+0000][705437][info ][gc,start    ] GC(9) Pause Young (Normal) (G1 Evacuation Pause)
[2025-06-30T11:46:26.266+0000][705437][info ][gc,task     ] GC(9) Using 12 workers of 63 for evacuation
[2025-06-30T11:46:26.266+0000][705437][debug][gc,age      ] GC(9) Desired survivor size 20971520 bytes, new threshold 6 (max threshold 15)
[2025-06-30T11:46:26.277+0000][705437][info ][gc,phases   ] GC(9)   Pre Evacuate Collection Set: 0.2ms
[2025-06-30T11:46:26.277+0000][705437][info ][gc,phases   ] GC(9)   Merge Heap Roots: 0.1ms
[2025-06-30T11:46:26.277+0000][705437][info ][gc,phases   ] GC(9)   Evacuate Collection Set: 9.5ms
[2025-06-30T11:46:26.277+0000][705437][info ][gc,phases   ] GC(9)   Post Evacuate Collection Set: 1.0ms
[2025-06-30T11:46:26.277+0000][705437][info ][gc,phases   ] GC(9)   Other: 0.1ms
[2025-06-30T11:46:26.277+0000][705437][trace][gc,age      ] GC(9) Age table with threshold 6 (max threshold 15)
[2025-06-30T11:46:26.277+0000][705437][trace][gc,age      ] GC(9) - age   1:    6203352 bytes,    6203352 total
[2025-06-30T11:46:26.277+0000][705437][trace][gc,age      ] GC(9) - age   2:    2708808 bytes,    8912160 total
[2025-06-30T11:46:26.277+0000][705437][trace][gc,age      ] GC(9) - age   3:    2440648 bytes,   11352808 total
[2025-06-30T11:46:26.277+0000][705437][trace][gc,age      ] GC(9) - age   4:    7349768 bytes,   18702576 total
[2025-06-30T11:46:26.277+0000][705437][trace][gc,age      ] GC(9) - age   5:    1921760 bytes,   20624336 total
[2025-06-30T11:46:26.277+0000][705437][trace][gc,age      ] GC(9) - age   6:    1052432 bytes,   21676768 total
[2025-06-30T11:46:26.277+0000][705437][info ][gc,heap     ] GC(9) Eden regions: 70->0(70)
[2025-06-30T11:46:26.277+0000][705437][info ][gc,heap     ] GC(9) Survivor regions: 6->6(10)
[2025-06-30T11:46:26.277+0000][705437][info ][gc,heap     ] GC(9) Old regions: 1->3
[2025-06-30T11:46:26.277+0000][705437][info ][gc,heap     ] GC(9) Humongous regions: 0->0
[2025-06-30T11:46:26.277+0000][705437][info ][gc,metaspace] GC(9) Metaspace: 37570K(38528K)->37570K(38528K) NonClass: 33290K(33856K)->33290K(33856K) Class: 4280K(4672K)->4280K(4672K)
[2025-06-30T11:46:26.277+0000][705437][info ][gc          ] GC(9) Pause Young (Normal) (G1 Evacuation Pause) 305M->33M(512M) 10.930ms
[2025-06-30T11:46:26.277+0000][705437][info ][gc,cpu      ] GC(9) User=0.07s Sys=0.04s Real=0.01s
[2025-06-30T11:46:26.277+0000][705437][info ][safepoint   ] Safepoint "G1CollectForAllocation", Time since last: 462356625 ns, Reaching safepoint: 6150 ns, Cleanup: 194794 ns, At safepoint: 11001763 ns, Total: 11202707 ns
[2025-06-30T11:46:26.679+0000][705437][info ][gc,start    ] GC(10) Pause Young (Normal) (G1 Evacuation Pause)
[2025-06-30T11:46:26.679+0000][705437][info ][gc,task     ] GC(10) Using 12 workers of 63 for evacuation
[2025-06-30T11:46:26.679+0000][705437][debug][gc,age      ] GC(10) Desired survivor size 20971520 bytes, new threshold 6 (max threshold 15)
[2025-06-30T11:46:26.683+0000][705437][info ][gc,phases   ] GC(10)   Pre Evacuate Collection Set: 0.1ms
[2025-06-30T11:46:26.683+0000][705437][info ][gc,phases   ] GC(10)   Merge Heap Roots: 0.0ms
[2025-06-30T11:46:26.683+0000][705437][info ][gc,phases   ] GC(10)   Evacuate Collection Set: 2.5ms
[2025-06-30T11:46:26.683+0000][705437][info ][gc,phases   ] GC(10)   Post Evacuate Collection Set: 0.8ms
[2025-06-30T11:46:26.683+0000][705437][info ][gc,phases   ] GC(10)   Other: 0.0ms
[2025-06-30T11:46:26.683+0000][705437][trace][gc,age      ] GC(10) Age table with threshold 6 (max threshold 15)
[2025-06-30T11:46:26.683+0000][705437][trace][gc,age      ] GC(10) - age   1:    4014792 bytes,    4014792 total
[2025-06-30T11:46:26.683+0000][705437][trace][gc,age      ] GC(10) - age   2:    5639544 bytes,    9654336 total
[2025-06-30T11:46:26.683+0000][705437][trace][gc,age      ] GC(10) - age   3:    2706712 bytes,   12361048 total
[2025-06-30T11:46:26.683+0000][705437][trace][gc,age      ] GC(10) - age   4:    2440488 bytes,   14801536 total
[2025-06-30T11:46:26.683+0000][705437][trace][gc,age      ] GC(10) - age   5:    7347576 bytes,   22149112 total
[2025-06-30T11:46:26.683+0000][705437][trace][gc,age      ] GC(10) - age   6:    1920704 bytes,   24069816 total
[2025-06-30T11:46:26.683+0000][705437][info ][gc,heap     ] GC(10) Eden regions: 70->0(69)
[2025-06-30T11:46:26.683+0000][705437][info ][gc,heap     ] GC(10) Survivor regions: 6->7(10)
[2025-06-30T11:46:26.683+0000][705437][info ][gc,heap     ] GC(10) Old regions: 3->3
[2025-06-30T11:46:26.683+0000][705437][info ][gc,heap     ] GC(10) Humongous regions: 0->0
[2025-06-30T11:46:26.683+0000][705437][info ][gc,metaspace] GC(10) Metaspace: 38275K(39232K)->38275K(39232K) NonClass: 33893K(34432K)->33893K(34432K) Class: 4381K(4800K)->4381K(4800K)
[2025-06-30T11:46:26.683+0000][705437][info ][gc          ] GC(10) Pause Young (Normal) (G1 Evacuation Pause) 313M->36M(512M) 3.825ms
[2025-06-30T11:46:26.683+0000][705437][info ][gc,cpu      ] GC(10) User=0.03s Sys=0.00s Real=0.00s
[2025-06-30T11:46:26.683+0000][705437][info ][safepoint   ] Safepoint "G1CollectForAllocation", Time since last: 401571689 ns, Reaching safepoint: 3535 ns, Cleanup: 65099 ns, At safepoint: 3897295 ns, Total: 3965929 ns
[2025-06-30T11:46:26.964+0000][705437][info ][safepoint   ] Safepoint "ICBufferFull", Time since last: 281293347 ns, Reaching safepoint: 69625 ns, Cleanup: 148054 ns, At safepoint: 5908 ns, Total: 223587 ns
[2025-06-30T11:46:27.432+0000][705437][info ][gc,start    ] GC(11) Pause Young (Normal) (G1 Evacuation Pause)
[2025-06-30T11:46:27.432+0000][705437][info ][gc,task     ] GC(11) Using 12 workers of 63 for evacuation
[2025-06-30T11:46:27.432+0000][705437][debug][gc,age      ] GC(11) Desired survivor size 20971520 bytes, new threshold 5 (max threshold 15)
[2025-06-30T11:46:27.439+0000][705437][info ][gc,phases   ] GC(11)   Pre Evacuate Collection Set: 0.1ms
[2025-06-30T11:46:27.439+0000][705437][info ][gc,phases   ] GC(11)   Merge Heap Roots: 0.1ms
[2025-06-30T11:46:27.439+0000][705437][info ][gc,phases   ] GC(11)   Evacuate Collection Set: 5.9ms
[2025-06-30T11:46:27.439+0000][705437][info ][gc,phases   ] GC(11)   Post Evacuate Collection Set: 0.8ms
[2025-06-30T11:46:27.439+0000][705437][info ][gc,phases   ] GC(11)   Other: 0.1ms
[2025-06-30T11:46:27.439+0000][705437][trace][gc,age      ] GC(11) Age table with threshold 5 (max threshold 15)
[2025-06-30T11:46:27.439+0000][705437][trace][gc,age      ] GC(11) - age   1:    4818864 bytes,    4818864 total
[2025-06-30T11:46:27.439+0000][705437][trace][gc,age      ] GC(11) - age   2:    3357896 bytes,    8176760 total
[2025-06-30T11:46:27.439+0000][705437][trace][gc,age      ] GC(11) - age   3:    5614984 bytes,   13791744 total
[2025-06-30T11:46:27.439+0000][705437][trace][gc,age      ] GC(11) - age   4:    2700824 bytes,   16492568 total
[2025-06-30T11:46:27.439+0000][705437][trace][gc,age      ] GC(11) - age   5:    2438552 bytes,   18931120 total
[2025-06-30T11:46:27.439+0000][705437][info ][gc,heap     ] GC(11) Eden regions: 69->0(71)
[2025-06-30T11:46:27.439+0000][705437][info ][gc,heap     ] GC(11) Survivor regions: 7->5(10)
[2025-06-30T11:46:27.439+0000][705437][info ][gc,heap     ] GC(11) Old regions: 3->5
[2025-06-30T11:46:27.439+0000][705437][info ][gc,heap     ] GC(11) Humongous regions: 0->0
[2025-06-30T11:46:27.439+0000][705437][info ][gc,metaspace] GC(11) Metaspace: 49363K(50560K)->49363K(50560K) NonClass: 43592K(44288K)->43592K(44288K) Class: 5770K(6272K)->5770K(6272K)
[2025-06-30T11:46:27.439+0000][705437][info ][gc          ] GC(11) Pause Young (Normal) (G1 Evacuation Pause) 312M->39M(512M) 6.966ms
[2025-06-30T11:46:27.439+0000][705437][info ][gc,cpu      ] GC(11) User=0.06s Sys=0.01s Real=0.01s
[2025-06-30T11:46:27.439+0000][705437][info ][safepoint   ] Safepoint "G1CollectForAllocation", Time since last: 467669218 ns, Reaching safepoint: 4647 ns, Cleanup: 157818 ns, At safepoint: 7034272 ns, Total: 7196737 ns
[2025-06-30T11:46:27.470+0000][705437][info ][gc,heap,exit] Heap
[2025-06-30T11:46:27.470+0000][705437][info ][gc,heap,exit]  garbage-first heap   total 524288K, used 87652K [0x00000000e0000000, 0x0000000100000000)
[2025-06-30T11:46:27.470+0000][705437][info ][gc,heap,exit]   region size 4096K, 17 young (69632K), 5 survivors (20480K)
[2025-06-30T11:46:27.470+0000][705437][info ][gc,heap,exit]  Metaspace       used 49611K, committed 50880K, reserved 1114112K
[2025-06-30T11:46:27.470+0000][705437][info ][gc,heap,exit]   class space    used 5809K, committed 6336K, reserved 1048576K
