[2025-08-28T13:42:16.771+0000][1099914][info][gc,init] CardTable entry size: 512
[2025-08-28T13:42:16.771+0000][1099914][info][gc     ] Using G1
[2025-08-28T13:42:16.780+0000][1099914][info][gc,init] Version: 21.0.2+13-58 (release)
[2025-08-28T13:42:16.780+0000][1099914][info][gc,init] CPUs: 48 total, 48 available
[2025-08-28T13:42:16.780+0000][1099914][info][gc,init] Memory: 377G
[2025-08-28T13:42:16.780+0000][1099914][info][gc,init] Large Page Support: Disabled
[2025-08-28T13:42:16.780+0000][1099914][info][gc,init] NUMA Support: Disabled
[2025-08-28T13:42:16.780+0000][1099914][info][gc,init] Compressed Oops: Enabled (32-bit)
[2025-08-28T13:42:16.780+0000][1099914][info][gc,init] Heap Region Size: 4M
[2025-08-28T13:42:16.780+0000][1099914][info][gc,init] Heap Min Capacity: 512M
[2025-08-28T13:42:16.780+0000][1099914][info][gc,init] Heap Initial Capacity: 512M
[2025-08-28T13:42:16.780+0000][1099914][info][gc,init] Heap Max Capacity: 512M
[2025-08-28T13:42:16.780+0000][1099914][info][gc,init] Pre-touch: Enabled
[2025-08-28T13:42:16.780+0000][1099914][info][gc,init] Parallel Workers: 33
[2025-08-28T13:42:16.780+0000][1099914][info][gc,init] Concurrent Workers: 8
[2025-08-28T13:42:16.780+0000][1099914][info][gc,init] Concurrent Refinement Workers: 33
[2025-08-28T13:42:16.780+0000][1099914][info][gc,init] Periodic GC: Disabled
[2025-08-28T13:42:16.786+0000][1099914][info][gc,metaspace] CDS archive(s) mapped at: [0x00001486cf000000-0x00001486cfca6000-0x00001486cfca6000), size 13262848, SharedBaseAddress: 0x00001486cf000000, ArchiveRelocationMode: 1.
[2025-08-28T13:42:16.786+0000][1099914][info][gc,metaspace] Compressed class space mapped at: 0x00001486d0000000-0x0000148710000000, reserved size: 1073741824
[2025-08-28T13:42:16.786+0000][1099914][info][gc,metaspace] Narrow klass base: 0x00001486cf000000, Narrow klass shift: 0, Narrow klass range: 0x100000000
[2025-08-28T13:42:16.900+0000][1099914][info][gc,start    ] GC(0) Pause Young (Normal) (G1 Evacuation Pause)
[2025-08-28T13:42:16.900+0000][1099914][info][gc,task     ] GC(0) Using 12 workers of 33 for evacuation
[2025-08-28T13:42:16.900+0000][1099914][debug][gc,age      ] GC(0) Desired survivor size 2097152 bytes, new threshold 15 (max threshold 15)
[2025-08-28T13:42:16.901+0000][1099914][info ][gc,phases   ] GC(0)   Pre Evacuate Collection Set: 0.1ms
[2025-08-28T13:42:16.901+0000][1099914][info ][gc,phases   ] GC(0)   Merge Heap Roots: 0.0ms
[2025-08-28T13:42:16.901+0000][1099914][info ][gc,phases   ] GC(0)   Evacuate Collection Set: 0.6ms
[2025-08-28T13:42:16.901+0000][1099914][info ][gc,phases   ] GC(0)   Post Evacuate Collection Set: 0.3ms
[2025-08-28T13:42:16.901+0000][1099914][info ][gc,phases   ] GC(0)   Other: 0.1ms
[2025-08-28T13:42:16.901+0000][1099914][trace][gc,age      ] GC(0) Age table with threshold 15 (max threshold 15)
[2025-08-28T13:42:16.901+0000][1099914][trace][gc,age      ] GC(0) - age   1:    1914944 bytes,    1914944 total
[2025-08-28T13:42:16.901+0000][1099914][info ][gc,heap     ] GC(0) Eden regions: 6->0(21)
[2025-08-28T13:42:16.901+0000][1099914][info ][gc,heap     ] GC(0) Survivor regions: 0->1(1)
[2025-08-28T13:42:16.901+0000][1099914][info ][gc,heap     ] GC(0) Old regions: 1->1
[2025-08-28T13:42:16.901+0000][1099914][info ][gc,heap     ] GC(0) Humongous regions: 0->0
[2025-08-28T13:42:16.901+0000][1099914][info ][gc,metaspace] GC(0) Metaspace: 1009K(1152K)->1009K(1152K) NonClass: 940K(1024K)->940K(1024K) Class: 68K(128K)->68K(128K)
[2025-08-28T13:42:16.901+0000][1099914][info ][gc          ] GC(0) Pause Young (Normal) (G1 Evacuation Pause) 25M->3M(512M) 1.183ms
[2025-08-28T13:42:16.901+0000][1099914][info ][gc,cpu      ] GC(0) User=0.01s Sys=0.01s Real=0.01s
[2025-08-28T13:42:16.901+0000][1099914][info ][safepoint   ] Safepoint "G1CollectForAllocation", Time since last: 110674261 ns, Reaching safepoint: 5128 ns, Cleanup: 199299 ns, At safepoint: 1232162 ns, Total: 1436589 ns
[2025-08-28T13:42:17.045+0000][1099914][info ][safepoint   ] Safepoint "ICBufferFull", Time since last: 143770034 ns, Reaching safepoint: 73280 ns, Cleanup: 220201 ns, At safepoint: 14962 ns, Total: 308443 ns
[2025-08-28T13:42:17.196+0000][1099914][info ][safepoint   ] Safepoint "ICBufferFull", Time since last: 151109324 ns, Reaching safepoint: 4798 ns, Cleanup: 233841 ns, At safepoint: 1512 ns, Total: 240151 ns
[2025-08-28T13:42:17.360+0000][1099914][info ][safepoint   ] Safepoint "ICBufferFull", Time since last: 163432796 ns, Reaching safepoint: 3506 ns, Cleanup: 139660 ns, At safepoint: 1001 ns, Total: 144167 ns
[2025-08-28T13:42:17.497+0000][1099914][info ][safepoint   ] Safepoint "ICBufferFull", Time since last: 136601920 ns, Reaching safepoint: 4246 ns, Cleanup: 196436 ns, At safepoint: 3525 ns, Total: 204207 ns
[2025-08-28T13:42:17.707+0000][1099914][info ][gc,start    ] GC(1) Pause Young (Normal) (G1 Evacuation Pause)
[2025-08-28T13:42:17.707+0000][1099914][info ][gc,task     ] GC(1) Using 12 workers of 33 for evacuation
[2025-08-28T13:42:17.707+0000][1099914][debug][gc,age      ] GC(1) Desired survivor size 6291456 bytes, new threshold 15 (max threshold 15)
[2025-08-28T13:42:17.714+0000][1099914][info ][gc,phases   ] GC(1)   Pre Evacuate Collection Set: 0.1ms
[2025-08-28T13:42:17.714+0000][1099914][info ][gc,phases   ] GC(1)   Merge Heap Roots: 0.0ms
[2025-08-28T13:42:17.714+0000][1099914][info ][gc,phases   ] GC(1)   Evacuate Collection Set: 5.5ms
[2025-08-28T13:42:17.714+0000][1099914][info ][gc,phases   ] GC(1)   Post Evacuate Collection Set: 0.7ms
[2025-08-28T13:42:17.714+0000][1099914][info ][gc,phases   ] GC(1)   Other: 0.1ms
[2025-08-28T13:42:17.714+0000][1099914][trace][gc,age      ] GC(1) Age table with threshold 15 (max threshold 15)
[2025-08-28T13:42:17.714+0000][1099914][trace][gc,age      ] GC(1) - age   1:    7383456 bytes,    7383456 total
[2025-08-28T13:42:17.714+0000][1099914][trace][gc,age      ] GC(1) - age   2:    1816192 bytes,    9199648 total
[2025-08-28T13:42:17.714+0000][1099914][info ][gc,heap     ] GC(1) Eden regions: 21->0(23)
[2025-08-28T13:42:17.714+0000][1099914][info ][gc,heap     ] GC(1) Survivor regions: 1->3(3)
[2025-08-28T13:42:17.714+0000][1099914][info ][gc,heap     ] GC(1) Old regions: 1->1
[2025-08-28T13:42:17.714+0000][1099914][info ][gc,heap     ] GC(1) Humongous regions: 0->0
[2025-08-28T13:42:17.714+0000][1099914][info ][gc,metaspace] GC(1) Metaspace: 20286K(20864K)->20286K(20864K) NonClass: 18017K(18368K)->18017K(18368K) Class: 2269K(2496K)->2269K(2496K)
[2025-08-28T13:42:17.714+0000][1099914][info ][gc          ] GC(1) Pause Young (Normal) (G1 Evacuation Pause) 87M->10M(512M) 6.510ms
[2025-08-28T13:42:17.714+0000][1099914][info ][gc,cpu      ] GC(1) User=0.06s Sys=0.00s Real=0.01s
[2025-08-28T13:42:17.714+0000][1099914][info ][safepoint   ] Safepoint "G1CollectForAllocation", Time since last: 210261499 ns, Reaching safepoint: 4897 ns, Cleanup: 159440 ns, At safepoint: 6556484 ns, Total: 6720821 ns
[2025-08-28T13:42:17.895+0000][1099914][info ][safepoint   ] Safepoint "ICBufferFull", Time since last: 181043374 ns, Reaching safepoint: 5679 ns, Cleanup: 191397 ns, At safepoint: 4848 ns, Total: 201924 ns
[2025-08-28T13:42:17.915+0000][1099914][info ][gc,start    ] GC(2) Pause Young (Concurrent Start) (Metadata GC Threshold)
[2025-08-28T13:42:17.916+0000][1099914][info ][gc,task     ] GC(2) Using 12 workers of 33 for evacuation
[2025-08-28T13:42:17.916+0000][1099914][debug][gc,age      ] GC(2) Desired survivor size 8388608 bytes, new threshold 2 (max threshold 15)
[2025-08-28T13:42:17.921+0000][1099914][info ][gc,phases   ] GC(2)   Pre Evacuate Collection Set: 0.2ms
[2025-08-28T13:42:17.921+0000][1099914][info ][gc,phases   ] GC(2)   Merge Heap Roots: 0.0ms
[2025-08-28T13:42:17.921+0000][1099914][info ][gc,phases   ] GC(2)   Evacuate Collection Set: 4.5ms
[2025-08-28T13:42:17.921+0000][1099914][info ][gc,phases   ] GC(2)   Post Evacuate Collection Set: 0.9ms
[2025-08-28T13:42:17.921+0000][1099914][info ][gc,phases   ] GC(2)   Other: 0.1ms
[2025-08-28T13:42:17.921+0000][1099914][trace][gc,age      ] GC(2) Age table with threshold 2 (max threshold 15)
[2025-08-28T13:42:17.921+0000][1099914][trace][gc,age      ] GC(2) - age   1:     972544 bytes,     972544 total
[2025-08-28T13:42:17.921+0000][1099914][trace][gc,age      ] GC(2) - age   2:    6404072 bytes,    7376616 total
[2025-08-28T13:42:17.921+0000][1099914][info ][gc,heap     ] GC(2) Eden regions: 16->0(30)
[2025-08-28T13:42:17.921+0000][1099914][info ][gc,heap     ] GC(2) Survivor regions: 3->2(4)
[2025-08-28T13:42:17.921+0000][1099914][info ][gc,heap     ] GC(2) Old regions: 1->2
[2025-08-28T13:42:17.921+0000][1099914][info ][gc,heap     ] GC(2) Humongous regions: 0->0
[2025-08-28T13:42:17.921+0000][1099914][info ][gc,metaspace] GC(2) Metaspace: 20976K(21504K)->20976K(21504K) NonClass: 18656K(18944K)->18656K(18944K) Class: 2319K(2560K)->2319K(2560K)
[2025-08-28T13:42:17.921+0000][1099914][info ][gc          ] GC(2) Pause Young (Concurrent Start) (Metadata GC Threshold) 71M->10M(512M) 5.741ms
[2025-08-28T13:42:17.921+0000][1099914][info ][gc,cpu      ] GC(2) User=0.07s Sys=0.01s Real=0.01s
[2025-08-28T13:42:17.921+0000][1099914][info ][gc          ] GC(3) Concurrent Mark Cycle
[2025-08-28T13:42:17.921+0000][1099914][info ][gc,marking  ] GC(3) Concurrent Scan Root Regions
[2025-08-28T13:42:17.921+0000][1099914][info ][safepoint   ] Safepoint "CollectForMetadataAllocation", Time since last: 20368714 ns, Reaching safepoint: 74181 ns, Cleanup: 58778 ns, At safepoint: 5845406 ns, Total: 5978365 ns
[2025-08-28T13:42:17.923+0000][1099914][info ][gc,marking  ] GC(3) Concurrent Scan Root Regions 1.546ms
[2025-08-28T13:42:17.923+0000][1099914][info ][gc,marking  ] GC(3) Concurrent Mark
[2025-08-28T13:42:17.923+0000][1099914][info ][gc,marking  ] GC(3) Concurrent Mark From Roots
[2025-08-28T13:42:17.923+0000][1099914][info ][gc,task     ] GC(3) Using 8 workers of 8 for marking
[2025-08-28T13:42:17.924+0000][1099914][info ][gc,marking  ] GC(3) Concurrent Mark From Roots 1.145ms
[2025-08-28T13:42:17.924+0000][1099914][info ][gc,marking  ] GC(3) Concurrent Preclean
[2025-08-28T13:42:17.924+0000][1099914][info ][gc,marking  ] GC(3) Concurrent Preclean 0.006ms
[2025-08-28T13:42:17.925+0000][1099914][info ][gc,start    ] GC(3) Pause Remark
[2025-08-28T13:42:17.927+0000][1099914][info ][gc          ] GC(3) Pause Remark 12M->12M(512M) 1.930ms
[2025-08-28T13:42:17.927+0000][1099914][info ][gc,cpu      ] GC(3) User=0.01s Sys=0.00s Real=0.00s
[2025-08-28T13:42:17.927+0000][1099914][info ][safepoint   ] Safepoint "G1PauseRemark", Time since last: 2731866 ns, Reaching safepoint: 937889 ns, Cleanup: 1493 ns, At safepoint: 1961478 ns, Total: 2900860 ns
[2025-08-28T13:42:17.927+0000][1099914][info ][gc,marking  ] GC(3) Concurrent Mark 4.097ms
[2025-08-28T13:42:17.927+0000][1099914][info ][gc,marking  ] GC(3) Concurrent Rebuild Remembered Sets and Scrub Regions
[2025-08-28T13:42:17.927+0000][1099914][info ][gc,marking  ] GC(3) Concurrent Rebuild Remembered Sets and Scrub Regions 0.387ms
[2025-08-28T13:42:17.927+0000][1099914][info ][gc,start    ] GC(3) Pause Cleanup
[2025-08-28T13:42:17.927+0000][1099914][info ][gc          ] GC(3) Pause Cleanup 12M->12M(512M) 0.051ms
[2025-08-28T13:42:17.927+0000][1099914][info ][gc,cpu      ] GC(3) User=0.00s Sys=0.00s Real=0.00s
[2025-08-28T13:42:17.927+0000][1099914][info ][safepoint   ] Safepoint "G1PauseCleanup", Time since last: 431448 ns, Reaching safepoint: 65789 ns, Cleanup: 801 ns, At safepoint: 65008 ns, Total: 131598 ns
[2025-08-28T13:42:17.927+0000][1099914][info ][gc,marking  ] GC(3) Concurrent Clear Claimed Marks
[2025-08-28T13:42:17.928+0000][1099914][info ][gc,marking  ] GC(3) Concurrent Clear Claimed Marks 0.043ms
[2025-08-28T13:42:17.928+0000][1099914][info ][gc,marking  ] GC(3) Concurrent Cleanup for Next Mark
[2025-08-28T13:42:17.928+0000][1099914][info ][gc,marking  ] GC(3) Concurrent Cleanup for Next Mark 0.122ms
[2025-08-28T13:42:17.928+0000][1099914][info ][gc          ] GC(3) Concurrent Mark Cycle 6.441ms
[2025-08-28T13:42:18.135+0000][1099914][info ][gc,start    ] GC(4) Pause Young (Prepare Mixed) (G1 Evacuation Pause)
[2025-08-28T13:42:18.135+0000][1099914][info ][gc,task     ] GC(4) Using 12 workers of 33 for evacuation
[2025-08-28T13:42:18.135+0000][1099914][debug][gc,age      ] GC(4) Desired survivor size 8388608 bytes, new threshold 15 (max threshold 15)
[2025-08-28T13:42:18.139+0000][1099914][info ][gc,phases   ] GC(4)   Pre Evacuate Collection Set: 0.1ms
[2025-08-28T13:42:18.139+0000][1099914][info ][gc,phases   ] GC(4)   Merge Heap Roots: 0.1ms
[2025-08-28T13:42:18.139+0000][1099914][info ][gc,phases   ] GC(4)   Evacuate Collection Set: 3.6ms
[2025-08-28T13:42:18.139+0000][1099914][info ][gc,phases   ] GC(4)   Post Evacuate Collection Set: 0.7ms
[2025-08-28T13:42:18.139+0000][1099914][info ][gc,phases   ] GC(4)   Other: 0.1ms
[2025-08-28T13:42:18.139+0000][1099914][trace][gc,age      ] GC(4) Age table with threshold 15 (max threshold 15)
[2025-08-28T13:42:18.139+0000][1099914][trace][gc,age      ] GC(4) - age   1:    2610136 bytes,    2610136 total
[2025-08-28T13:42:18.139+0000][1099914][trace][gc,age      ] GC(4) - age   2:     961336 bytes,    3571472 total
[2025-08-28T13:42:18.139+0000][1099914][trace][gc,age      ] GC(4) - age   3:    6395384 bytes,    9966856 total
[2025-08-28T13:42:18.139+0000][1099914][info ][gc,heap     ] GC(4) Eden regions: 30->0(67)
[2025-08-28T13:42:18.139+0000][1099914][info ][gc,heap     ] GC(4) Survivor regions: 2->3(4)
[2025-08-28T13:42:18.139+0000][1099914][info ][gc,heap     ] GC(4) Old regions: 2->2
[2025-08-28T13:42:18.139+0000][1099914][info ][gc,heap     ] GC(4) Humongous regions: 0->0
[2025-08-28T13:42:18.139+0000][1099914][info ][gc,metaspace] GC(4) Metaspace: 23602K(24256K)->23602K(24256K) NonClass: 21015K(21376K)->21015K(21376K) Class: 2587K(2880K)->2587K(2880K)
[2025-08-28T13:42:18.139+0000][1099914][info ][gc          ] GC(4) Pause Young (Prepare Mixed) (G1 Evacuation Pause) 130M->13M(512M) 4.648ms
[2025-08-28T13:42:18.139+0000][1099914][info ][gc,cpu      ] GC(4) User=0.05s Sys=0.00s Real=0.00s
[2025-08-28T13:42:18.139+0000][1099914][info ][safepoint   ] Safepoint "G1CollectForAllocation", Time since last: 206871153 ns, Reaching safepoint: 7191 ns, Cleanup: 169404 ns, At safepoint: 4715758 ns, Total: 4892353 ns
[2025-08-28T13:42:18.384+0000][1099914][info ][safepoint   ] Safepoint "ICBufferFull", Time since last: 244216673 ns, Reaching safepoint: 4016 ns, Cleanup: 181232 ns, At safepoint: 5188 ns, Total: 190436 ns
[2025-08-28T13:42:18.608+0000][1099914][info ][gc,start    ] GC(5) Pause Young (Mixed) (G1 Evacuation Pause)
[2025-08-28T13:42:18.608+0000][1099914][info ][gc,task     ] GC(5) Using 12 workers of 33 for evacuation
[2025-08-28T13:42:18.608+0000][1099914][debug][gc,age      ] GC(5) Desired survivor size 18874368 bytes, new threshold 15 (max threshold 15)
[2025-08-28T13:42:18.617+0000][1099914][info ][gc,phases   ] GC(5)   Pre Evacuate Collection Set: 0.1ms
[2025-08-28T13:42:18.618+0000][1099914][info ][gc,phases   ] GC(5)   Merge Heap Roots: 0.1ms
[2025-08-28T13:42:18.618+0000][1099914][info ][gc,phases   ] GC(5)   Evacuate Collection Set: 7.8ms
[2025-08-28T13:42:18.618+0000][1099914][info ][gc,phases   ] GC(5)   Post Evacuate Collection Set: 1.3ms
[2025-08-28T13:42:18.618+0000][1099914][info ][gc,phases   ] GC(5)   Other: 0.1ms
[2025-08-28T13:42:18.618+0000][1099914][trace][gc,age      ] GC(5) Age table with threshold 15 (max threshold 15)
[2025-08-28T13:42:18.618+0000][1099914][trace][gc,age      ] GC(5) - age   1:    9106968 bytes,    9106968 total
[2025-08-28T13:42:18.618+0000][1099914][trace][gc,age      ] GC(5) - age   2:    2562192 bytes,   11669160 total
[2025-08-28T13:42:18.618+0000][1099914][trace][gc,age      ] GC(5) - age   3:     961040 bytes,   12630200 total
[2025-08-28T13:42:18.618+0000][1099914][trace][gc,age      ] GC(5) - age   4:    6390936 bytes,   19021136 total
[2025-08-28T13:42:18.618+0000][1099914][info ][gc,heap     ] GC(5) Eden regions: 67->0(71)
[2025-08-28T13:42:18.618+0000][1099914][info ][gc,heap     ] GC(5) Survivor regions: 3->5(9)
[2025-08-28T13:42:18.618+0000][1099914][info ][gc,heap     ] GC(5) Old regions: 2->1
[2025-08-28T13:42:18.618+0000][1099914][info ][gc,heap     ] GC(5) Humongous regions: 0->0
[2025-08-28T13:42:18.618+0000][1099914][info ][gc,metaspace] GC(5) Metaspace: 29848K(30528K)->29848K(30528K) NonClass: 26449K(26816K)->26449K(26816K) Class: 3399K(3712K)->3399K(3712K)
[2025-08-28T13:42:18.618+0000][1099914][info ][gc          ] GC(5) Pause Young (Mixed) (G1 Evacuation Pause) 281M->22M(512M) 9.537ms
[2025-08-28T13:42:18.618+0000][1099914][info ][gc,cpu      ] GC(5) User=0.07s Sys=0.01s Real=0.01s
[2025-08-28T13:42:18.618+0000][1099914][info ][safepoint   ] Safepoint "G1CollectForAllocation", Time since last: 224227840 ns, Reaching safepoint: 5388 ns, Cleanup: 146831 ns, At safepoint: 9588441 ns, Total: 9740660 ns
[2025-08-28T13:42:18.834+0000][1099914][info ][gc,start    ] GC(6) Pause Young (Normal) (G1 Evacuation Pause)
[2025-08-28T13:42:18.834+0000][1099914][info ][gc,task     ] GC(6) Using 12 workers of 33 for evacuation
[2025-08-28T13:42:18.834+0000][1099914][debug][gc,age      ] GC(6) Desired survivor size 20971520 bytes, new threshold 15 (max threshold 15)
[2025-08-28T13:42:18.840+0000][1099914][info ][gc,phases   ] GC(6)   Pre Evacuate Collection Set: 0.1ms
[2025-08-28T13:42:18.840+0000][1099914][info ][gc,phases   ] GC(6)   Merge Heap Roots: 0.0ms
[2025-08-28T13:42:18.840+0000][1099914][info ][gc,phases   ] GC(6)   Evacuate Collection Set: 5.3ms
[2025-08-28T13:42:18.840+0000][1099914][info ][gc,phases   ] GC(6)   Post Evacuate Collection Set: 0.9ms
[2025-08-28T13:42:18.840+0000][1099914][info ][gc,phases   ] GC(6)   Other: 0.1ms
[2025-08-28T13:42:18.840+0000][1099914][trace][gc,age      ] GC(6) Age table with threshold 15 (max threshold 15)
[2025-08-28T13:42:18.840+0000][1099914][trace][gc,age      ] GC(6) - age   1:    2625768 bytes,    2625768 total
[2025-08-28T13:42:18.840+0000][1099914][trace][gc,age      ] GC(6) - age   2:    6733088 bytes,    9358856 total
[2025-08-28T13:42:18.840+0000][1099914][trace][gc,age      ] GC(6) - age   3:    2561808 bytes,   11920664 total
[2025-08-28T13:42:18.840+0000][1099914][trace][gc,age      ] GC(6) - age   4:     961040 bytes,   12881704 total
[2025-08-28T13:42:18.840+0000][1099914][trace][gc,age      ] GC(6) - age   5:    6390936 bytes,   19272640 total
[2025-08-28T13:42:18.840+0000][1099914][info ][gc,heap     ] GC(6) Eden regions: 71->0(70)
[2025-08-28T13:42:18.840+0000][1099914][info ][gc,heap     ] GC(6) Survivor regions: 5->6(10)
[2025-08-28T13:42:18.840+0000][1099914][info ][gc,heap     ] GC(6) Old regions: 1->1
[2025-08-28T13:42:18.840+0000][1099914][info ][gc,heap     ] GC(6) Humongous regions: 0->0
[2025-08-28T13:42:18.840+0000][1099914][info ][gc,metaspace] GC(6) Metaspace: 30494K(31296K)->30494K(31296K) NonClass: 27009K(27456K)->27009K(27456K) Class: 3485K(3840K)->3485K(3840K)
[2025-08-28T13:42:18.840+0000][1099914][info ][gc          ] GC(6) Pause Young (Normal) (G1 Evacuation Pause) 306M->22M(512M) 6.534ms
[2025-08-28T13:42:18.840+0000][1099914][info ][gc,cpu      ] GC(6) User=0.06s Sys=0.00s Real=0.00s
[2025-08-28T13:42:18.840+0000][1099914][info ][safepoint   ] Safepoint "G1CollectForAllocation", Time since last: 216169618 ns, Reaching safepoint: 4157 ns, Cleanup: 71747 ns, At safepoint: 6596815 ns, Total: 6672719 ns
[2025-08-28T13:42:19.052+0000][1099914][info ][gc,start    ] GC(7) Pause Young (Concurrent Start) (Metadata GC Threshold)
[2025-08-28T13:42:19.052+0000][1099914][info ][gc,task     ] GC(7) Using 12 workers of 33 for evacuation
[2025-08-28T13:42:19.052+0000][1099914][debug][gc,age      ] GC(7) Desired survivor size 20971520 bytes, new threshold 15 (max threshold 15)
[2025-08-28T13:42:19.058+0000][1099914][info ][gc,phases   ] GC(7)   Pre Evacuate Collection Set: 0.2ms
[2025-08-28T13:42:19.058+0000][1099914][info ][gc,phases   ] GC(7)   Merge Heap Roots: 0.1ms
[2025-08-28T13:42:19.058+0000][1099914][info ][gc,phases   ] GC(7)   Evacuate Collection Set: 5.1ms
[2025-08-28T13:42:19.058+0000][1099914][info ][gc,phases   ] GC(7)   Post Evacuate Collection Set: 0.9ms
[2025-08-28T13:42:19.058+0000][1099914][info ][gc,phases   ] GC(7)   Other: 0.1ms
[2025-08-28T13:42:19.058+0000][1099914][trace][gc,age      ] GC(7) Age table with threshold 15 (max threshold 15)
[2025-08-28T13:42:19.058+0000][1099914][trace][gc,age      ] GC(7) - age   1:    2736240 bytes,    2736240 total
[2025-08-28T13:42:19.058+0000][1099914][trace][gc,age      ] GC(7) - age   2:    2442080 bytes,    5178320 total
[2025-08-28T13:42:19.058+0000][1099914][trace][gc,age      ] GC(7) - age   3:    6728992 bytes,   11907312 total
[2025-08-28T13:42:19.058+0000][1099914][trace][gc,age      ] GC(7) - age   4:    2560656 bytes,   14467968 total
[2025-08-28T13:42:19.058+0000][1099914][trace][gc,age      ] GC(7) - age   5:     960832 bytes,   15428800 total
[2025-08-28T13:42:19.058+0000][1099914][trace][gc,age      ] GC(7) - age   6:    6389696 bytes,   21818496 total
[2025-08-28T13:42:19.058+0000][1099914][info ][gc,heap     ] GC(7) Eden regions: 18->0(70)
[2025-08-28T13:42:19.058+0000][1099914][info ][gc,heap     ] GC(7) Survivor regions: 6->6(10)
[2025-08-28T13:42:19.058+0000][1099914][info ][gc,heap     ] GC(7) Old regions: 1->1
[2025-08-28T13:42:19.058+0000][1099914][info ][gc,heap     ] GC(7) Humongous regions: 0->0
[2025-08-28T13:42:19.058+0000][1099914][info ][gc,metaspace] GC(7) Metaspace: 35187K(35968K)->35187K(35968K) NonClass: 31224K(31680K)->31224K(31680K) Class: 3963K(4288K)->3963K(4288K)
[2025-08-28T13:42:19.058+0000][1099914][info ][gc          ] GC(7) Pause Young (Concurrent Start) (Metadata GC Threshold) 94M->25M(512M) 6.606ms
[2025-08-28T13:42:19.058+0000][1099914][info ][gc,cpu      ] GC(7) User=0.06s Sys=0.00s Real=0.00s
[2025-08-28T13:42:19.058+0000][1099914][info ][gc          ] GC(8) Concurrent Mark Cycle
[2025-08-28T13:42:19.058+0000][1099914][info ][gc,marking  ] GC(8) Concurrent Scan Root Regions
[2025-08-28T13:42:19.058+0000][1099914][info ][safepoint   ] Safepoint "CollectForMetadataAllocation", Time since last: 210884826 ns, Reaching safepoint: 7231 ns, Cleanup: 166620 ns, At safepoint: 6761432 ns, Total: 6935283 ns
[2025-08-28T13:42:19.060+0000][1099914][info ][gc,marking  ] GC(8) Concurrent Scan Root Regions 1.722ms
[2025-08-28T13:42:19.060+0000][1099914][info ][gc,marking  ] GC(8) Concurrent Mark
[2025-08-28T13:42:19.060+0000][1099914][info ][gc,marking  ] GC(8) Concurrent Mark From Roots
[2025-08-28T13:42:19.060+0000][1099914][info ][gc,task     ] GC(8) Using 8 workers of 8 for marking
[2025-08-28T13:42:19.062+0000][1099914][info ][gc,marking  ] GC(8) Concurrent Mark From Roots 1.565ms
[2025-08-28T13:42:19.062+0000][1099914][info ][gc,marking  ] GC(8) Concurrent Preclean
[2025-08-28T13:42:19.062+0000][1099914][info ][gc,marking  ] GC(8) Concurrent Preclean 0.011ms
[2025-08-28T13:42:19.062+0000][1099914][info ][gc,start    ] GC(8) Pause Remark
[2025-08-28T13:42:19.066+0000][1099914][info ][gc          ] GC(8) Pause Remark 27M->27M(512M) 3.816ms
[2025-08-28T13:42:19.066+0000][1099914][info ][gc,cpu      ] GC(8) User=0.01s Sys=0.00s Real=0.00s
[2025-08-28T13:42:19.066+0000][1099914][info ][safepoint   ] Safepoint "G1PauseRemark", Time since last: 3329595 ns, Reaching safepoint: 258288 ns, Cleanup: 2604 ns, At safepoint: 3843607 ns, Total: 4104499 ns
[2025-08-28T13:42:19.066+0000][1099914][info ][gc,marking  ] GC(8) Concurrent Mark 5.739ms
[2025-08-28T13:42:19.066+0000][1099914][info ][gc,marking  ] GC(8) Concurrent Rebuild Remembered Sets and Scrub Regions
[2025-08-28T13:42:19.066+0000][1099914][info ][gc,marking  ] GC(8) Concurrent Rebuild Remembered Sets and Scrub Regions 0.612ms
[2025-08-28T13:42:19.066+0000][1099914][info ][gc,start    ] GC(8) Pause Cleanup
[2025-08-28T13:42:19.066+0000][1099914][info ][gc          ] GC(8) Pause Cleanup 27M->27M(512M) 0.045ms
[2025-08-28T13:42:19.066+0000][1099914][info ][gc,cpu      ] GC(8) User=0.00s Sys=0.00s Real=0.00s
[2025-08-28T13:42:19.066+0000][1099914][info ][safepoint   ] Safepoint "G1PauseCleanup", Time since last: 650628 ns, Reaching safepoint: 67000 ns, Cleanup: 9254 ns, At safepoint: 59850 ns, Total: 136104 ns
[2025-08-28T13:42:19.067+0000][1099914][info ][gc,marking  ] GC(8) Concurrent Clear Claimed Marks
[2025-08-28T13:42:19.067+0000][1099914][info ][gc,marking  ] GC(8) Concurrent Clear Claimed Marks 0.049ms
[2025-08-28T13:42:19.067+0000][1099914][info ][gc,marking  ] GC(8) Concurrent Cleanup for Next Mark
[2025-08-28T13:42:19.067+0000][1099914][info ][gc,marking  ] GC(8) Concurrent Cleanup for Next Mark 0.123ms
[2025-08-28T13:42:19.067+0000][1099914][info ][gc          ] GC(8) Concurrent Mark Cycle 8.481ms
[2025-08-28T13:42:19.400+0000][1099914][info ][gc,start    ] GC(9) Pause Young (Normal) (G1 Evacuation Pause)
[2025-08-28T13:42:19.400+0000][1099914][info ][gc,task     ] GC(9) Using 12 workers of 33 for evacuation
[2025-08-28T13:42:19.400+0000][1099914][debug][gc,age      ] GC(9) Desired survivor size 20971520 bytes, new threshold 6 (max threshold 15)
[2025-08-28T13:42:19.408+0000][1099914][info ][gc,phases   ] GC(9)   Pre Evacuate Collection Set: 0.3ms
[2025-08-28T13:42:19.408+0000][1099914][info ][gc,phases   ] GC(9)   Merge Heap Roots: 0.1ms
[2025-08-28T13:42:19.408+0000][1099914][info ][gc,phases   ] GC(9)   Evacuate Collection Set: 6.5ms
[2025-08-28T13:42:19.408+0000][1099914][info ][gc,phases   ] GC(9)   Post Evacuate Collection Set: 0.7ms
[2025-08-28T13:42:19.408+0000][1099914][info ][gc,phases   ] GC(9)   Other: 0.1ms
[2025-08-28T13:42:19.408+0000][1099914][trace][gc,age      ] GC(9) Age table with threshold 6 (max threshold 15)
[2025-08-28T13:42:19.408+0000][1099914][trace][gc,age      ] GC(9) - age   1:    6119776 bytes,    6119776 total
[2025-08-28T13:42:19.408+0000][1099914][trace][gc,age      ] GC(9) - age   2:    2704536 bytes,    8824312 total
[2025-08-28T13:42:19.408+0000][1099914][trace][gc,age      ] GC(9) - age   3:    2440680 bytes,   11264992 total
[2025-08-28T13:42:19.408+0000][1099914][trace][gc,age      ] GC(9) - age   4:    6724136 bytes,   17989128 total
[2025-08-28T13:42:19.408+0000][1099914][trace][gc,age      ] GC(9) - age   5:    2560144 bytes,   20549272 total
[2025-08-28T13:42:19.408+0000][1099914][trace][gc,age      ] GC(9) - age   6:     960704 bytes,   21509976 total
[2025-08-28T13:42:19.408+0000][1099914][info ][gc,heap     ] GC(9) Eden regions: 70->0(70)
[2025-08-28T13:42:19.408+0000][1099914][info ][gc,heap     ] GC(9) Survivor regions: 6->6(10)
[2025-08-28T13:42:19.408+0000][1099914][info ][gc,heap     ] GC(9) Old regions: 1->3
[2025-08-28T13:42:19.408+0000][1099914][info ][gc,heap     ] GC(9) Humongous regions: 0->0
[2025-08-28T13:42:19.408+0000][1099914][info ][gc,metaspace] GC(9) Metaspace: 37570K(38528K)->37570K(38528K) NonClass: 33290K(33856K)->33290K(33856K) Class: 4280K(4672K)->4280K(4672K)
[2025-08-28T13:42:19.408+0000][1099914][info ][gc          ] GC(9) Pause Young (Normal) (G1 Evacuation Pause) 305M->31M(512M) 7.781ms
[2025-08-28T13:42:19.408+0000][1099914][info ][gc,cpu      ] GC(9) User=0.10s Sys=0.01s Real=0.01s
[2025-08-28T13:42:19.408+0000][1099914][info ][safepoint   ] Safepoint "G1CollectForAllocation", Time since last: 333529017 ns, Reaching safepoint: 8153 ns, Cleanup: 175373 ns, At safepoint: 7841796 ns, Total: 8025322 ns
[2025-08-28T13:42:19.642+0000][1099914][info ][gc,start    ] GC(10) Pause Young (Normal) (G1 Evacuation Pause)
[2025-08-28T13:42:19.642+0000][1099914][info ][gc,task     ] GC(10) Using 12 workers of 33 for evacuation
[2025-08-28T13:42:19.642+0000][1099914][debug][gc,age      ] GC(10) Desired survivor size 20971520 bytes, new threshold 6 (max threshold 15)
[2025-08-28T13:42:19.646+0000][1099914][info ][gc,phases   ] GC(10)   Pre Evacuate Collection Set: 0.2ms
[2025-08-28T13:42:19.646+0000][1099914][info ][gc,phases   ] GC(10)   Merge Heap Roots: 0.1ms
[2025-08-28T13:42:19.646+0000][1099914][info ][gc,phases   ] GC(10)   Evacuate Collection Set: 3.0ms
[2025-08-28T13:42:19.646+0000][1099914][info ][gc,phases   ] GC(10)   Post Evacuate Collection Set: 0.7ms
[2025-08-28T13:42:19.646+0000][1099914][info ][gc,phases   ] GC(10)   Other: 0.1ms
[2025-08-28T13:42:19.646+0000][1099914][trace][gc,age      ] GC(10) Age table with threshold 6 (max threshold 15)
[2025-08-28T13:42:19.646+0000][1099914][trace][gc,age      ] GC(10) - age   1:    3764656 bytes,    3764656 total
[2025-08-28T13:42:19.646+0000][1099914][trace][gc,age      ] GC(10) - age   2:    5643960 bytes,    9408616 total
[2025-08-28T13:42:19.646+0000][1099914][trace][gc,age      ] GC(10) - age   3:    2702440 bytes,   12111056 total
[2025-08-28T13:42:19.646+0000][1099914][trace][gc,age      ] GC(10) - age   4:    2440520 bytes,   14551576 total
[2025-08-28T13:42:19.646+0000][1099914][trace][gc,age      ] GC(10) - age   5:    6722136 bytes,   21273712 total
[2025-08-28T13:42:19.646+0000][1099914][trace][gc,age      ] GC(10) - age   6:    2558896 bytes,   23832608 total
[2025-08-28T13:42:19.646+0000][1099914][info ][gc,heap     ] GC(10) Eden regions: 70->0(69)
[2025-08-28T13:42:19.646+0000][1099914][info ][gc,heap     ] GC(10) Survivor regions: 6->7(10)
[2025-08-28T13:42:19.646+0000][1099914][info ][gc,heap     ] GC(10) Old regions: 3->3
[2025-08-28T13:42:19.646+0000][1099914][info ][gc,heap     ] GC(10) Humongous regions: 0->0
[2025-08-28T13:42:19.646+0000][1099914][info ][gc,metaspace] GC(10) Metaspace: 38275K(39232K)->38275K(39232K) NonClass: 33894K(34432K)->33894K(34432K) Class: 4381K(4800K)->4381K(4800K)
[2025-08-28T13:42:19.646+0000][1099914][info ][gc          ] GC(10) Pause Young (Normal) (G1 Evacuation Pause) 311M->35M(512M) 4.178ms
[2025-08-28T13:42:19.646+0000][1099914][info ][gc,cpu      ] GC(10) User=0.03s Sys=0.01s Real=0.00s
[2025-08-28T13:42:19.646+0000][1099914][info ][safepoint   ] Safepoint "G1CollectForAllocation", Time since last: 233477532 ns, Reaching safepoint: 7762 ns, Cleanup: 99079 ns, At safepoint: 4248595 ns, Total: 4355436 ns
[2025-08-28T13:42:19.893+0000][1099914][info ][safepoint   ] Safepoint "ICBufferFull", Time since last: 246883962 ns, Reaching safepoint: 4557 ns, Cleanup: 140751 ns, At safepoint: 1633 ns, Total: 146941 ns
[2025-08-28T13:42:20.259+0000][1099914][info ][gc,start    ] GC(11) Pause Young (Normal) (G1 Evacuation Pause)
[2025-08-28T13:42:20.259+0000][1099914][info ][gc,task     ] GC(11) Using 12 workers of 33 for evacuation
[2025-08-28T13:42:20.259+0000][1099914][debug][gc,age      ] GC(11) Desired survivor size 20971520 bytes, new threshold 5 (max threshold 15)
[2025-08-28T13:42:20.265+0000][1099914][info ][gc,phases   ] GC(11)   Pre Evacuate Collection Set: 0.1ms
[2025-08-28T13:42:20.265+0000][1099914][info ][gc,phases   ] GC(11)   Merge Heap Roots: 0.1ms
[2025-08-28T13:42:20.265+0000][1099914][info ][gc,phases   ] GC(11)   Evacuate Collection Set: 5.3ms
[2025-08-28T13:42:20.265+0000][1099914][info ][gc,phases   ] GC(11)   Post Evacuate Collection Set: 0.9ms
[2025-08-28T13:42:20.265+0000][1099914][info ][gc,phases   ] GC(11)   Other: 0.1ms
[2025-08-28T13:42:20.265+0000][1099914][trace][gc,age      ] GC(11) Age table with threshold 5 (max threshold 15)
[2025-08-28T13:42:20.265+0000][1099914][trace][gc,age      ] GC(11) - age   1:    4817848 bytes,    4817848 total
[2025-08-28T13:42:20.265+0000][1099914][trace][gc,age      ] GC(11) - age   2:    3357928 bytes,    8175776 total
[2025-08-28T13:42:20.265+0000][1099914][trace][gc,age      ] GC(11) - age   3:    5619504 bytes,   13795280 total
[2025-08-28T13:42:20.265+0000][1099914][trace][gc,age      ] GC(11) - age   4:    2696552 bytes,   16491832 total
[2025-08-28T13:42:20.265+0000][1099914][trace][gc,age      ] GC(11) - age   5:    2438552 bytes,   18930384 total
[2025-08-28T13:42:20.265+0000][1099914][info ][gc,heap     ] GC(11) Eden regions: 69->0(71)
[2025-08-28T13:42:20.265+0000][1099914][info ][gc,heap     ] GC(11) Survivor regions: 7->5(10)
[2025-08-28T13:42:20.265+0000][1099914][info ][gc,heap     ] GC(11) Old regions: 3->5
[2025-08-28T13:42:20.265+0000][1099914][info ][gc,heap     ] GC(11) Humongous regions: 0->0
[2025-08-28T13:42:20.265+0000][1099914][info ][gc,metaspace] GC(11) Metaspace: 49363K(50560K)->49363K(50560K) NonClass: 43592K(44288K)->43592K(44288K) Class: 5770K(6272K)->5770K(6272K)
[2025-08-28T13:42:20.265+0000][1099914][info ][gc          ] GC(11) Pause Young (Normal) (G1 Evacuation Pause) 311M->39M(512M) 6.497ms
[2025-08-28T13:42:20.265+0000][1099914][info ][gc,cpu      ] GC(11) User=0.06s Sys=0.00s Real=0.01s
[2025-08-28T13:42:20.265+0000][1099914][info ][safepoint   ] Safepoint "G1CollectForAllocation", Time since last: 365535923 ns, Reaching safepoint: 4286 ns, Cleanup: 155924 ns, At safepoint: 6539599 ns, Total: 6699809 ns
[2025-08-28T13:42:20.970+0000][1099914][info ][gc,start    ] GC(12) Pause Young (Concurrent Start) (Metadata GC Threshold)
[2025-08-28T13:42:20.970+0000][1099914][info ][gc,task     ] GC(12) Using 12 workers of 33 for evacuation
[2025-08-28T13:42:20.970+0000][1099914][debug][gc,age      ] GC(12) Desired survivor size 20971520 bytes, new threshold 15 (max threshold 15)
[2025-08-28T13:42:20.978+0000][1099914][info ][gc,phases   ] GC(12)   Pre Evacuate Collection Set: 0.2ms
[2025-08-28T13:42:20.978+0000][1099914][info ][gc,phases   ] GC(12)   Merge Heap Roots: 0.1ms
[2025-08-28T13:42:20.978+0000][1099914][info ][gc,phases   ] GC(12)   Evacuate Collection Set: 5.9ms
[2025-08-28T13:42:20.978+0000][1099914][info ][gc,phases   ] GC(12)   Post Evacuate Collection Set: 1.2ms
[2025-08-28T13:42:20.978+0000][1099914][info ][gc,phases   ] GC(12)   Other: 0.1ms
[2025-08-28T13:42:20.978+0000][1099914][trace][gc,age      ] GC(12) Age table with threshold 15 (max threshold 15)
[2025-08-28T13:42:20.978+0000][1099914][trace][gc,age      ] GC(12) - age   1:    2100344 bytes,    2100344 total
[2025-08-28T13:42:20.978+0000][1099914][trace][gc,age      ] GC(12) - age   2:    4631000 bytes,    6731344 total
[2025-08-28T13:42:20.978+0000][1099914][trace][gc,age      ] GC(12) - age   3:    3356744 bytes,   10088088 total
[2025-08-28T13:42:20.978+0000][1099914][trace][gc,age      ] GC(12) - age   4:    5616072 bytes,   15704160 total
[2025-08-28T13:42:20.978+0000][1099914][trace][gc,age      ] GC(12) - age   5:    2696552 bytes,   18400712 total
[2025-08-28T13:42:20.978+0000][1099914][trace][gc,age      ] GC(12) - age   6:    2437944 bytes,   20838656 total
[2025-08-28T13:42:20.978+0000][1099914][info ][gc,heap     ] GC(12) Eden regions: 24->0(70)
[2025-08-28T13:42:20.978+0000][1099914][info ][gc,heap     ] GC(12) Survivor regions: 5->6(10)
[2025-08-28T13:42:20.978+0000][1099914][info ][gc,heap     ] GC(12) Old regions: 5->5
[2025-08-28T13:42:20.978+0000][1099914][info ][gc,heap     ] GC(12) Humongous regions: 0->0
[2025-08-28T13:42:20.978+0000][1099914][info ][gc,metaspace] GC(12) Metaspace: 59148K(60416K)->59148K(60416K) NonClass: 51893K(52608K)->51893K(52608K) Class: 7255K(7808K)->7255K(7808K)
[2025-08-28T13:42:20.978+0000][1099914][info ][gc          ] GC(12) Pause Young (Concurrent Start) (Metadata GC Threshold) 133M->41M(512M) 7.985ms
[2025-08-28T13:42:20.978+0000][1099914][info ][gc,cpu      ] GC(12) User=0.06s Sys=0.01s Real=0.01s
[2025-08-28T13:42:20.978+0000][1099914][info ][gc          ] GC(13) Concurrent Mark Cycle
[2025-08-28T13:42:20.978+0000][1099914][info ][gc,marking  ] GC(13) Concurrent Scan Root Regions
[2025-08-28T13:42:20.978+0000][1099914][info ][safepoint   ] Safepoint "CollectForMetadataAllocation", Time since last: 704804096 ns, Reaching safepoint: 4537 ns, Cleanup: 99520 ns, At safepoint: 8097270 ns, Total: 8201327 ns
[2025-08-28T13:42:20.980+0000][1099914][info ][gc,marking  ] GC(13) Concurrent Scan Root Regions 1.871ms
[2025-08-28T13:42:20.980+0000][1099914][info ][gc,marking  ] GC(13) Concurrent Mark
[2025-08-28T13:42:20.980+0000][1099914][info ][gc,marking  ] GC(13) Concurrent Mark From Roots
[2025-08-28T13:42:20.980+0000][1099914][info ][gc,task     ] GC(13) Using 8 workers of 8 for marking
[2025-08-28T13:42:20.984+0000][1099914][info ][gc,marking  ] GC(13) Concurrent Mark From Roots 3.645ms
[2025-08-28T13:42:20.984+0000][1099914][info ][gc,marking  ] GC(13) Concurrent Preclean
[2025-08-28T13:42:20.984+0000][1099914][info ][gc,marking  ] GC(13) Concurrent Preclean 0.042ms
[2025-08-28T13:42:20.984+0000][1099914][info ][gc,start    ] GC(13) Pause Remark
[2025-08-28T13:42:21.000+0000][1099914][info ][gc          ] GC(13) Pause Remark 44M->44M(512M) 15.854ms
[2025-08-28T13:42:21.000+0000][1099914][info ][gc,cpu      ] GC(13) User=0.08s Sys=0.08s Real=0.01s
[2025-08-28T13:42:21.000+0000][1099914][info ][safepoint   ] Safepoint "G1PauseRemark", Time since last: 5564593 ns, Reaching safepoint: 2624 ns, Cleanup: 3305 ns, At safepoint: 15888120 ns, Total: 15894049 ns
[2025-08-28T13:42:21.000+0000][1099914][info ][gc,marking  ] GC(13) Concurrent Mark 19.639ms
[2025-08-28T13:42:21.000+0000][1099914][info ][gc,marking  ] GC(13) Concurrent Rebuild Remembered Sets and Scrub Regions
[2025-08-28T13:42:21.001+0000][1099914][info ][gc,marking  ] GC(13) Concurrent Rebuild Remembered Sets and Scrub Regions 1.309ms
[2025-08-28T13:42:21.001+0000][1099914][info ][gc,start    ] GC(13) Pause Cleanup
[2025-08-28T13:42:21.001+0000][1099914][info ][gc          ] GC(13) Pause Cleanup 44M->44M(512M) 0.046ms
[2025-08-28T13:42:21.001+0000][1099914][info ][gc,cpu      ] GC(13) User=0.01s Sys=0.00s Real=0.00s
[2025-08-28T13:42:21.001+0000][1099914][info ][safepoint   ] Safepoint "G1PauseCleanup", Time since last: 1391822 ns, Reaching safepoint: 67161 ns, Cleanup: 13690 ns, At safepoint: 60651 ns, Total: 141502 ns
[2025-08-28T13:42:21.001+0000][1099914][info ][gc,marking  ] GC(13) Concurrent Clear Claimed Marks
[2025-08-28T13:42:21.001+0000][1099914][info ][gc,marking  ] GC(13) Concurrent Clear Claimed Marks 0.075ms
[2025-08-28T13:42:21.001+0000][1099914][info ][gc,marking  ] GC(13) Concurrent Cleanup for Next Mark
[2025-08-28T13:42:21.001+0000][1099914][info ][gc,marking  ] GC(13) Concurrent Cleanup for Next Mark 0.121ms
[2025-08-28T13:42:21.001+0000][1099914][info ][gc          ] GC(13) Concurrent Mark Cycle 23.275ms
[2025-08-28T13:42:21.385+0000][1099914][info ][safepoint   ] Safepoint "ICBufferFull", Time since last: 383923539 ns, Reaching safepoint: 4798 ns, Cleanup: 154953 ns, At safepoint: 2143 ns, Total: 161894 ns
[2025-08-28T13:42:21.873+0000][1099914][info ][gc,start    ] GC(14) Pause Young (Prepare Mixed) (G1 Evacuation Pause)
[2025-08-28T13:42:21.873+0000][1099914][info ][gc,task     ] GC(14) Using 12 workers of 33 for evacuation
[2025-08-28T13:42:21.873+0000][1099914][debug][gc,age      ] GC(14) Desired survivor size 20971520 bytes, new threshold 15 (max threshold 15)
[2025-08-28T13:42:21.879+0000][1099914][info ][gc,phases   ] GC(14)   Pre Evacuate Collection Set: 0.1ms
[2025-08-28T13:42:21.879+0000][1099914][info ][gc,phases   ] GC(14)   Merge Heap Roots: 0.1ms
[2025-08-28T13:42:21.879+0000][1099914][info ][gc,phases   ] GC(14)   Evacuate Collection Set: 4.2ms
[2025-08-28T13:42:21.879+0000][1099914][info ][gc,phases   ] GC(14)   Post Evacuate Collection Set: 1.3ms
[2025-08-28T13:42:21.879+0000][1099914][info ][gc,phases   ] GC(14)   Other: 0.0ms
[2025-08-28T13:42:21.879+0000][1099914][trace][gc,age      ] GC(14) Age table with threshold 15 (max threshold 15)
[2025-08-28T13:42:21.879+0000][1099914][trace][gc,age      ] GC(14) - age   1:    7469520 bytes,    7469520 total
[2025-08-28T13:42:21.879+0000][1099914][trace][gc,age      ] GC(14) - age   2:    1940048 bytes,    9409568 total
[2025-08-28T13:42:21.879+0000][1099914][trace][gc,age      ] GC(14) - age   3:    4566480 bytes,   13976048 total
[2025-08-28T13:42:21.879+0000][1099914][trace][gc,age      ] GC(14) - age   4:    3344168 bytes,   17320216 total
[2025-08-28T13:42:21.879+0000][1099914][trace][gc,age      ] GC(14) - age   5:    5597760 bytes,   22917976 total
[2025-08-28T13:42:21.879+0000][1099914][trace][gc,age      ] GC(14) - age   6:    2689872 bytes,   25607848 total
[2025-08-28T13:42:21.879+0000][1099914][trace][gc,age      ] GC(14) - age   7:    2423696 bytes,   28031544 total
[2025-08-28T13:42:21.879+0000][1099914][info ][gc,heap     ] GC(14) Eden regions: 70->0(68)
[2025-08-28T13:42:21.879+0000][1099914][info ][gc,heap     ] GC(14) Survivor regions: 6->8(10)
[2025-08-28T13:42:21.879+0000][1099914][info ][gc,heap     ] GC(14) Old regions: 5->5
[2025-08-28T13:42:21.879+0000][1099914][info ][gc,heap     ] GC(14) Humongous regions: 0->0
[2025-08-28T13:42:21.879+0000][1099914][info ][gc,metaspace] GC(14) Metaspace: 67441K(69120K)->67441K(69120K) NonClass: 58898K(59840K)->58898K(59840K) Class: 8542K(9280K)->8542K(9280K)
[2025-08-28T13:42:21.879+0000][1099914][info ][gc          ] GC(14) Pause Young (Prepare Mixed) (G1 Evacuation Pause) 321M->49M(512M) 5.872ms
[2025-08-28T13:42:21.879+0000][1099914][info ][gc,cpu      ] GC(14) User=0.05s Sys=0.00s Real=0.00s
[2025-08-28T13:42:21.879+0000][1099914][info ][safepoint   ] Safepoint "G1CollectForAllocation", Time since last: 487387423 ns, Reaching safepoint: 5118 ns, Cleanup: 83585 ns, At safepoint: 5927990 ns, Total: 6016693 ns
[2025-08-28T13:42:22.125+0000][1099914][info ][safepoint   ] Safepoint "ICBufferFull", Time since last: 245653212 ns, Reaching safepoint: 21692 ns, Cleanup: 344768 ns, At safepoint: 7382 ns, Total: 373842 ns
[2025-08-28T13:42:22.435+0000][1099914][info ][gc,start    ] GC(15) Pause Young (Mixed) (G1 Evacuation Pause)
[2025-08-28T13:42:22.435+0000][1099914][info ][gc,task     ] GC(15) Using 12 workers of 33 for evacuation
[2025-08-28T13:42:22.435+0000][1099914][debug][gc,age      ] GC(15) Desired survivor size 20971520 bytes, new threshold 5 (max threshold 15)
[2025-08-28T13:42:22.446+0000][1099914][info ][gc,phases   ] GC(15)   Pre Evacuate Collection Set: 0.3ms
[2025-08-28T13:42:22.446+0000][1099914][info ][gc,phases   ] GC(15)   Merge Heap Roots: 0.1ms
[2025-08-28T13:42:22.446+0000][1099914][info ][gc,phases   ] GC(15)   Evacuate Collection Set: 9.5ms
[2025-08-28T13:42:22.446+0000][1099914][info ][gc,phases   ] GC(15)   Post Evacuate Collection Set: 1.3ms
[2025-08-28T13:42:22.446+0000][1099914][info ][gc,phases   ] GC(15)   Other: 0.1ms
[2025-08-28T13:42:22.446+0000][1099914][trace][gc,age      ] GC(15) Age table with threshold 5 (max threshold 15)
[2025-08-28T13:42:22.446+0000][1099914][trace][gc,age      ] GC(15) - age   1:    3774232 bytes,    3774232 total
[2025-08-28T13:42:22.446+0000][1099914][trace][gc,age      ] GC(15) - age   2:    6493432 bytes,   10267664 total
[2025-08-28T13:42:22.446+0000][1099914][trace][gc,age      ] GC(15) - age   3:    1911952 bytes,   12179616 total
[2025-08-28T13:42:22.446+0000][1099914][trace][gc,age      ] GC(15) - age   4:    4531896 bytes,   16711512 total
[2025-08-28T13:42:22.446+0000][1099914][trace][gc,age      ] GC(15) - age   5:    3305128 bytes,   20016640 total
[2025-08-28T13:42:22.446+0000][1099914][info ][gc,heap     ] GC(15) Eden regions: 68->0(70)
[2025-08-28T13:42:22.446+0000][1099914][info ][gc,heap     ] GC(15) Survivor regions: 8->6(10)
[2025-08-28T13:42:22.446+0000][1099914][info ][gc,heap     ] GC(15) Old regions: 5->8
[2025-08-28T13:42:22.446+0000][1099914][info ][gc,heap     ] GC(15) Humongous regions: 0->0
[2025-08-28T13:42:22.446+0000][1099914][info ][gc,metaspace] GC(15) Metaspace: 72248K(73920K)->72248K(73920K) NonClass: 62960K(63936K)->62960K(63936K) Class: 9287K(9984K)->9287K(9984K)
[2025-08-28T13:42:22.446+0000][1099914][info ][gc          ] GC(15) Pause Young (Mixed) (G1 Evacuation Pause) 321M->51M(512M) 11.400ms
[2025-08-28T13:42:22.446+0000][1099914][info ][gc,cpu      ] GC(15) User=0.12s Sys=0.00s Real=0.01s
[2025-08-28T13:42:22.446+0000][1099914][info ][safepoint   ] Safepoint "G1CollectForAllocation", Time since last: 310094996 ns, Reaching safepoint: 5148 ns, Cleanup: 42113 ns, At safepoint: 11450950 ns, Total: 11498211 ns
[2025-08-28T13:42:22.814+0000][1099914][info ][safepoint   ] Safepoint "ICBufferFull", Time since last: 367827117 ns, Reaching safepoint: 71297 ns, Cleanup: 137577 ns, At safepoint: 6320 ns, Total: 215194 ns
[2025-08-28T13:42:23.414+0000][1099914][info ][safepoint   ] Safepoint "ICBufferFull", Time since last: 600004203 ns, Reaching safepoint: 4137 ns, Cleanup: 148072 ns, At safepoint: 3906 ns, Total: 156115 ns
[2025-08-28T13:42:23.422+0000][1099914][info ][gc,start    ] GC(16) Pause Young (Normal) (G1 Evacuation Pause)
[2025-08-28T13:42:23.422+0000][1099914][info ][gc,task     ] GC(16) Using 12 workers of 33 for evacuation
[2025-08-28T13:42:23.422+0000][1099914][debug][gc,age      ] GC(16) Desired survivor size 20971520 bytes, new threshold 15 (max threshold 15)
[2025-08-28T13:42:23.430+0000][1099914][info ][gc,phases   ] GC(16)   Pre Evacuate Collection Set: 0.1ms
[2025-08-28T13:42:23.430+0000][1099914][info ][gc,phases   ] GC(16)   Merge Heap Roots: 0.1ms
[2025-08-28T13:42:23.430+0000][1099914][info ][gc,phases   ] GC(16)   Evacuate Collection Set: 6.7ms
[2025-08-28T13:42:23.430+0000][1099914][info ][gc,phases   ] GC(16)   Post Evacuate Collection Set: 1.2ms
[2025-08-28T13:42:23.430+0000][1099914][info ][gc,phases   ] GC(16)   Other: 0.1ms
[2025-08-28T13:42:23.430+0000][1099914][trace][gc,age      ] GC(16) Age table with threshold 15 (max threshold 15)
[2025-08-28T13:42:23.430+0000][1099914][trace][gc,age      ] GC(16) - age   1:    6096872 bytes,    6096872 total
[2025-08-28T13:42:23.430+0000][1099914][trace][gc,age      ] GC(16) - age   2:    3684392 bytes,    9781264 total
[2025-08-28T13:42:23.430+0000][1099914][trace][gc,age      ] GC(16) - age   3:    6477592 bytes,   16258856 total
[2025-08-28T13:42:23.430+0000][1099914][trace][gc,age      ] GC(16) - age   4:    1905496 bytes,   18164352 total
[2025-08-28T13:42:23.430+0000][1099914][trace][gc,age      ] GC(16) - age   5:    4388576 bytes,   22552928 total
[2025-08-28T13:42:23.430+0000][1099914][trace][gc,age      ] GC(16) - age   6:    3302640 bytes,   25855568 total
[2025-08-28T13:42:23.430+0000][1099914][info ][gc,heap     ] GC(16) Eden regions: 70->0(69)
[2025-08-28T13:42:23.430+0000][1099914][info ][gc,heap     ] GC(16) Survivor regions: 6->7(10)
[2025-08-28T13:42:23.430+0000][1099914][info ][gc,heap     ] GC(16) Old regions: 8->8
[2025-08-28T13:42:23.430+0000][1099914][info ][gc,heap     ] GC(16) Humongous regions: 0->0
[2025-08-28T13:42:23.430+0000][1099914][info ][gc,metaspace] GC(16) Metaspace: 85728K(87552K)->85728K(87552K) NonClass: 74661K(75648K)->74661K(75648K) Class: 11066K(11904K)->11066K(11904K)
[2025-08-28T13:42:23.430+0000][1099914][info ][gc          ] GC(16) Pause Young (Normal) (G1 Evacuation Pause) 331M->57M(512M) 8.200ms
[2025-08-28T13:42:23.430+0000][1099914][info ][gc,cpu      ] GC(16) User=0.10s Sys=0.00s Real=0.00s
[2025-08-28T13:42:23.430+0000][1099914][info ][safepoint   ] Safepoint "G1CollectForAllocation", Time since last: 7321905 ns, Reaching safepoint: 2153 ns, Cleanup: 4447 ns, At safepoint: 8262758 ns, Total: 8269358 ns
[2025-08-28T13:42:23.943+0000][1099914][info ][safepoint   ] Safepoint "ICBufferFull", Time since last: 512950194 ns, Reaching safepoint: 9104 ns, Cleanup: 208833 ns, At safepoint: 5619 ns, Total: 223556 ns
[2025-08-28T13:42:23.971+0000][1099914][info ][gc,start    ] GC(17) Pause Young (Concurrent Start) (Metadata GC Threshold)
[2025-08-28T13:42:23.971+0000][1099914][info ][gc,task     ] GC(17) Using 12 workers of 33 for evacuation
[2025-08-28T13:42:23.971+0000][1099914][debug][gc,age      ] GC(17) Desired survivor size 20971520 bytes, new threshold 5 (max threshold 15)
[2025-08-28T13:42:23.983+0000][1099914][info ][gc,phases   ] GC(17)   Pre Evacuate Collection Set: 0.7ms
[2025-08-28T13:42:23.983+0000][1099914][info ][gc,phases   ] GC(17)   Merge Heap Roots: 0.1ms
[2025-08-28T13:42:23.983+0000][1099914][info ][gc,phases   ] GC(17)   Evacuate Collection Set: 10.5ms
[2025-08-28T13:42:23.983+0000][1099914][info ][gc,phases   ] GC(17)   Post Evacuate Collection Set: 1.0ms
[2025-08-28T13:42:23.983+0000][1099914][info ][gc,phases   ] GC(17)   Other: 0.1ms
[2025-08-28T13:42:23.983+0000][1099914][trace][gc,age      ] GC(17) Age table with threshold 5 (max threshold 15)
[2025-08-28T13:42:23.983+0000][1099914][trace][gc,age      ] GC(17) - age   1:    4310784 bytes,    4310784 total
[2025-08-28T13:42:23.983+0000][1099914][trace][gc,age      ] GC(17) - age   2:    5823696 bytes,   10134480 total
[2025-08-28T13:42:23.983+0000][1099914][trace][gc,age      ] GC(17) - age   3:    3661184 bytes,   13795664 total
[2025-08-28T13:42:23.983+0000][1099914][trace][gc,age      ] GC(17) - age   4:    6470272 bytes,   20265936 total
[2025-08-28T13:42:23.983+0000][1099914][trace][gc,age      ] GC(17) - age   5:    1903256 bytes,   22169192 total
[2025-08-28T13:42:23.983+0000][1099914][info ][gc,heap     ] GC(17) Eden regions: 32->0(70)
[2025-08-28T13:42:23.983+0000][1099914][info ][gc,heap     ] GC(17) Survivor regions: 7->6(10)
[2025-08-28T13:42:23.983+0000][1099914][info ][gc,heap     ] GC(17) Old regions: 8->10
[2025-08-28T13:42:23.983+0000][1099914][info ][gc,heap     ] GC(17) Humongous regions: 0->0
[2025-08-28T13:42:23.983+0000][1099914][info ][gc,metaspace] GC(17) Metaspace: 99094K(100928K)->99094K(100928K) NonClass: 86238K(87296K)->86238K(87296K) Class: 12856K(13632K)->12856K(13632K)
[2025-08-28T13:42:23.983+0000][1099914][info ][gc          ] GC(17) Pause Young (Concurrent Start) (Metadata GC Threshold) 185M->60M(512M) 12.472ms
[2025-08-28T13:42:23.983+0000][1099914][info ][gc,cpu      ] GC(17) User=0.11s Sys=0.01s Real=0.01s
[2025-08-28T13:42:23.983+0000][1099914][info ][gc          ] GC(18) Concurrent Mark Cycle
[2025-08-28T13:42:23.984+0000][1099914][info ][gc,marking  ] GC(18) Concurrent Scan Root Regions
[2025-08-28T13:42:23.984+0000][1099914][info ][safepoint   ] Safepoint "CollectForMetadataAllocation", Time since last: 27698630 ns, Reaching safepoint: 4547 ns, Cleanup: 12319 ns, At safepoint: 12595430 ns, Total: 12612296 ns
[2025-08-28T13:42:23.986+0000][1099914][info ][gc,marking  ] GC(18) Concurrent Scan Root Regions 2.695ms
[2025-08-28T13:42:23.986+0000][1099914][info ][gc,marking  ] GC(18) Concurrent Mark
[2025-08-28T13:42:23.986+0000][1099914][info ][gc,marking  ] GC(18) Concurrent Mark From Roots
[2025-08-28T13:42:23.986+0000][1099914][info ][gc,task     ] GC(18) Using 8 workers of 8 for marking
[2025-08-28T13:42:23.990+0000][1099914][info ][gc,marking  ] GC(18) Concurrent Mark From Roots 3.613ms
[2025-08-28T13:42:23.990+0000][1099914][info ][gc,marking  ] GC(18) Concurrent Preclean
[2025-08-28T13:42:23.990+0000][1099914][info ][gc,marking  ] GC(18) Concurrent Preclean 0.138ms
[2025-08-28T13:42:23.990+0000][1099914][info ][gc,start    ] GC(18) Pause Remark
[2025-08-28T13:42:23.995+0000][1099914][info ][gc          ] GC(18) Pause Remark 64M->64M(512M) 4.930ms
[2025-08-28T13:42:23.995+0000][1099914][info ][gc,cpu      ] GC(18) User=0.02s Sys=0.00s Real=0.01s
[2025-08-28T13:42:23.995+0000][1099914][info ][safepoint   ] Safepoint "G1PauseRemark", Time since last: 6486850 ns, Reaching safepoint: 67682 ns, Cleanup: 5148 ns, At safepoint: 4985843 ns, Total: 5058673 ns
[2025-08-28T13:42:23.995+0000][1099914][info ][gc,marking  ] GC(18) Concurrent Mark 8.873ms
[2025-08-28T13:42:23.995+0000][1099914][info ][gc,marking  ] GC(18) Concurrent Rebuild Remembered Sets and Scrub Regions
[2025-08-28T13:42:23.997+0000][1099914][info ][gc,marking  ] GC(18) Concurrent Rebuild Remembered Sets and Scrub Regions 2.258ms
[2025-08-28T13:42:23.998+0000][1099914][info ][gc,start    ] GC(18) Pause Cleanup
[2025-08-28T13:42:23.998+0000][1099914][info ][gc          ] GC(18) Pause Cleanup 64M->64M(512M) 0.053ms
[2025-08-28T13:42:23.998+0000][1099914][info ][gc,cpu      ] GC(18) User=0.00s Sys=0.00s Real=0.00s
[2025-08-28T13:42:23.998+0000][1099914][info ][safepoint   ] Safepoint "G1PauseCleanup", Time since last: 2328810 ns, Reaching safepoint: 69234 ns, Cleanup: 11297 ns, At safepoint: 72479 ns, Total: 153010 ns
[2025-08-28T13:42:23.998+0000][1099914][info ][gc,marking  ] GC(18) Concurrent Clear Claimed Marks
[2025-08-28T13:42:23.998+0000][1099914][info ][gc,marking  ] GC(18) Concurrent Clear Claimed Marks 0.029ms
[2025-08-28T13:42:23.998+0000][1099914][info ][gc,marking  ] GC(18) Concurrent Cleanup for Next Mark
[2025-08-28T13:42:23.998+0000][1099914][info ][gc,marking  ] GC(18) Concurrent Cleanup for Next Mark 0.332ms
[2025-08-28T13:42:23.998+0000][1099914][info ][gc          ] GC(18) Concurrent Mark Cycle 14.466ms
[2025-08-28T13:42:24.261+0000][1099914][info ][safepoint   ] Safepoint "ICBufferFull", Time since last: 263114456 ns, Reaching safepoint: 7541 ns, Cleanup: 227042 ns, At safepoint: 2794 ns, Total: 237377 ns
[2025-08-28T13:42:24.784+0000][1099914][info ][safepoint   ] Safepoint "ICBufferFull", Time since last: 522806707 ns, Reaching safepoint: 6811 ns, Cleanup: 239520 ns, At safepoint: 2343 ns, Total: 248674 ns
[2025-08-28T13:42:25.004+0000][1099914][info ][safepoint   ] Safepoint "ICBufferFull", Time since last: 220286616 ns, Reaching safepoint: 7872 ns, Cleanup: 199290 ns, At safepoint: 2634 ns, Total: 209796 ns
[2025-08-28T13:42:25.275+0000][1099914][info ][safepoint   ] Safepoint "ICBufferFull", Time since last: 270386555 ns, Reaching safepoint: 81863 ns, Cleanup: 182414 ns, At safepoint: 16505 ns, Total: 280782 ns
[2025-08-28T13:42:25.275+0000][1099914][info ][safepoint   ] Safepoint "ICBufferFull", Time since last: 51467 ns, Reaching safepoint: 69545 ns, Cleanup: 1883 ns, At safepoint: 18988 ns, Total: 90416 ns
[2025-08-28T13:42:25.401+0000][1099914][info ][safepoint   ] Safepoint "ICBufferFull", Time since last: 125218251 ns, Reaching safepoint: 10636 ns, Cleanup: 246651 ns, At safepoint: 6910 ns, Total: 264197 ns
[2025-08-28T13:42:25.565+0000][1099914][info ][gc,start    ] GC(19) Pause Young (Prepare Mixed) (G1 Evacuation Pause)
[2025-08-28T13:42:25.565+0000][1099914][info ][gc,task     ] GC(19) Using 12 workers of 33 for evacuation
[2025-08-28T13:42:25.565+0000][1099914][debug][gc,age      ] GC(19) Desired survivor size 20971520 bytes, new threshold 5 (max threshold 15)
[2025-08-28T13:42:25.586+0000][1099914][info ][gc,phases   ] GC(19)   Pre Evacuate Collection Set: 0.1ms
[2025-08-28T13:42:25.586+0000][1099914][info ][gc,phases   ] GC(19)   Merge Heap Roots: 0.1ms
[2025-08-28T13:42:25.586+0000][1099914][info ][gc,phases   ] GC(19)   Evacuate Collection Set: 18.9ms
[2025-08-28T13:42:25.586+0000][1099914][info ][gc,phases   ] GC(19)   Post Evacuate Collection Set: 1.4ms
[2025-08-28T13:42:25.586+0000][1099914][info ][gc,phases   ] GC(19)   Other: 0.1ms
[2025-08-28T13:42:25.586+0000][1099914][trace][gc,age      ] GC(19) Age table with threshold 5 (max threshold 15)
[2025-08-28T13:42:25.586+0000][1099914][trace][gc,age      ] GC(19) - age   1:   18189632 bytes,   18189632 total
[2025-08-28T13:42:25.586+0000][1099914][trace][gc,age      ] GC(19) - age   2:    4074928 bytes,   22264560 total
[2025-08-28T13:42:25.586+0000][1099914][trace][gc,age      ] GC(19) - age   3:    5733696 bytes,   27998256 total
[2025-08-28T13:42:25.586+0000][1099914][trace][gc,age      ] GC(19) - age   4:    3624800 bytes,   31623056 total
[2025-08-28T13:42:25.586+0000][1099914][trace][gc,age      ] GC(19) - age   5:    6337800 bytes,   37960856 total
[2025-08-28T13:42:25.586+0000][1099914][info ][gc,heap     ] GC(19) Eden regions: 70->0(66)
[2025-08-28T13:42:25.586+0000][1099914][info ][gc,heap     ] GC(19) Survivor regions: 6->10(10)
[2025-08-28T13:42:25.586+0000][1099914][info ][gc,heap     ] GC(19) Old regions: 10->11
[2025-08-28T13:42:25.586+0000][1099914][info ][gc,heap     ] GC(19) Humongous regions: 0->0
[2025-08-28T13:42:25.586+0000][1099914][info ][gc,metaspace] GC(19) Metaspace: 131343K(135040K)->131343K(135040K) NonClass: 113375K(115328K)->113375K(115328K) Class: 17968K(19712K)->17968K(19712K)
[2025-08-28T13:42:25.586+0000][1099914][info ][gc          ] GC(19) Pause Young (Prepare Mixed) (G1 Evacuation Pause) 340M->80M(512M) 20.772ms
[2025-08-28T13:42:25.586+0000][1099914][info ][gc,cpu      ] GC(19) User=0.19s Sys=0.02s Real=0.02s
[2025-08-28T13:42:25.586+0000][1099914][info ][safepoint   ] Safepoint "G1CollectForAllocation", Time since last: 164274221 ns, Reaching safepoint: 81442 ns, Cleanup: 194372 ns, At safepoint: 20878370 ns, Total: 21154184 ns
[2025-08-28T13:42:25.866+0000][1099914][info ][safepoint   ] Safepoint "ICBufferFull", Time since last: 279961777 ns, Reaching safepoint: 14321 ns, Cleanup: 184458 ns, At safepoint: 4767 ns, Total: 203546 ns
[2025-08-28T13:42:26.017+0000][1099914][info ][safepoint   ] Safepoint "ICBufferFull", Time since last: 150562492 ns, Reaching safepoint: 11557 ns, Cleanup: 165319 ns, At safepoint: 10646 ns, Total: 187522 ns
[2025-08-28T13:42:26.196+0000][1099914][info ][safepoint   ] Safepoint "ICBufferFull", Time since last: 178563637 ns, Reaching safepoint: 8824 ns, Cleanup: 218849 ns, At safepoint: 6910 ns, Total: 234583 ns
[2025-08-28T13:42:26.504+0000][1099914][info ][safepoint   ] Safepoint "ICBufferFull", Time since last: 308266829 ns, Reaching safepoint: 14091 ns, Cleanup: 233371 ns, At safepoint: 5177 ns, Total: 252639 ns
[2025-08-28T13:42:27.505+0000][1099914][info ][safepoint   ] Safepoint "Cleanup", Time since last: 1000105548 ns, Reaching safepoint: 11017 ns, Cleanup: 182935 ns, At safepoint: 3125 ns, Total: 197077 ns
[2025-08-28T13:42:28.505+0000][1099914][info ][safepoint   ] Safepoint "Cleanup", Time since last: 1000455503 ns, Reaching safepoint: 10586 ns, Cleanup: 62945 ns, At safepoint: 2804 ns, Total: 76335 ns
[2025-08-28T13:42:28.946+0000][1099914][info ][gc,start    ] GC(20) Pause Young (Mixed) (G1 Evacuation Pause)
[2025-08-28T13:42:28.946+0000][1099914][info ][gc,task     ] GC(20) Using 12 workers of 33 for evacuation
[2025-08-28T13:42:28.946+0000][1099914][debug][gc,age      ] GC(20) Desired survivor size 20971520 bytes, new threshold 2 (max threshold 15)
[2025-08-28T13:42:28.970+0000][1099914][info ][gc,phases   ] GC(20)   Pre Evacuate Collection Set: 0.3ms
[2025-08-28T13:42:28.970+0000][1099914][info ][gc,phases   ] GC(20)   Merge Heap Roots: 0.1ms
[2025-08-28T13:42:28.970+0000][1099914][info ][gc,phases   ] GC(20)   Evacuate Collection Set: 22.4ms
[2025-08-28T13:42:28.970+0000][1099914][info ][gc,phases   ] GC(20)   Post Evacuate Collection Set: 1.3ms
[2025-08-28T13:42:28.970+0000][1099914][info ][gc,phases   ] GC(20)   Other: 0.1ms
[2025-08-28T13:42:28.970+0000][1099914][trace][gc,age      ] GC(20) Age table with threshold 2 (max threshold 15)
[2025-08-28T13:42:28.970+0000][1099914][trace][gc,age      ] GC(20) - age   1:   15577168 bytes,   15577168 total
[2025-08-28T13:42:28.970+0000][1099914][trace][gc,age      ] GC(20) - age   2:   17482976 bytes,   33060144 total
[2025-08-28T13:42:28.970+0000][1099914][info ][gc,heap     ] GC(20) Eden regions: 66->0(67)
[2025-08-28T13:42:28.970+0000][1099914][info ][gc,heap     ] GC(20) Survivor regions: 10->9(10)
[2025-08-28T13:42:28.970+0000][1099914][info ][gc,heap     ] GC(20) Old regions: 11->15
[2025-08-28T13:42:28.970+0000][1099914][info ][gc,heap     ] GC(20) Humongous regions: 0->0
[2025-08-28T13:42:28.970+0000][1099914][info ][gc,metaspace] GC(20) Metaspace: 135518K(139328K)->135518K(139328K) NonClass: 117070K(119104K)->117070K(119104K) Class: 18447K(20224K)->18447K(20224K)
[2025-08-28T13:42:28.970+0000][1099914][info ][gc          ] GC(20) Pause Young (Mixed) (G1 Evacuation Pause) 344M->94M(512M) 24.336ms
[2025-08-28T13:42:28.970+0000][1099914][info ][gc,cpu      ] GC(20) User=0.22s Sys=0.02s Real=0.02s
[2025-08-28T13:42:28.970+0000][1099914][info ][safepoint   ] Safepoint "G1CollectForAllocation", Time since last: 440672742 ns, Reaching safepoint: 11998 ns, Cleanup: 37076 ns, At safepoint: 24416007 ns, Total: 24465081 ns
[2025-08-28T13:42:29.971+0000][1099914][info ][safepoint   ] Safepoint "Cleanup", Time since last: 1000087270 ns, Reaching safepoint: 10626 ns, Cleanup: 70536 ns, At safepoint: 2604 ns, Total: 83766 ns
[2025-08-28T13:42:30.971+0000][1099914][info ][safepoint   ] Safepoint "Cleanup", Time since last: 1000111217 ns, Reaching safepoint: 11747 ns, Cleanup: 61613 ns, At safepoint: 2243 ns, Total: 75603 ns
[2025-08-28T13:42:31.971+0000][1099914][info ][safepoint   ] Safepoint "Cleanup", Time since last: 1000117346 ns, Reaching safepoint: 54462 ns, Cleanup: 46941 ns, At safepoint: 2864 ns, Total: 104267 ns
[2025-08-28T13:42:32.971+0000][1099914][info ][safepoint   ] Safepoint "Cleanup", Time since last: 1000107781 ns, Reaching safepoint: 11548 ns, Cleanup: 13740 ns, At safepoint: 3445 ns, Total: 28733 ns
[2025-08-28T13:42:33.971+0000][1099914][info ][safepoint   ] Safepoint "Cleanup", Time since last: 1000091567 ns, Reaching safepoint: 9635 ns, Cleanup: 24236 ns, At safepoint: 2224 ns, Total: 36095 ns
[2025-08-28T13:42:34.194+0000][1099914][info ][gc,start    ] GC(21) Pause Young (Normal) (G1 Evacuation Pause)
[2025-08-28T13:42:34.194+0000][1099914][info ][gc,task     ] GC(21) Using 12 workers of 33 for evacuation
[2025-08-28T13:42:34.194+0000][1099914][debug][gc,age      ] GC(21) Desired survivor size 20971520 bytes, new threshold 2 (max threshold 15)
[2025-08-28T13:42:34.203+0000][1099914][info ][gc,phases   ] GC(21)   Pre Evacuate Collection Set: 0.2ms
[2025-08-28T13:42:34.203+0000][1099914][info ][gc,phases   ] GC(21)   Merge Heap Roots: 0.1ms
[2025-08-28T13:42:34.203+0000][1099914][info ][gc,phases   ] GC(21)   Evacuate Collection Set: 7.8ms
[2025-08-28T13:42:34.203+0000][1099914][info ][gc,phases   ] GC(21)   Post Evacuate Collection Set: 0.7ms
[2025-08-28T13:42:34.203+0000][1099914][info ][gc,phases   ] GC(21)   Other: 0.1ms
[2025-08-28T13:42:34.203+0000][1099914][trace][gc,age      ] GC(21) Age table with threshold 2 (max threshold 15)
[2025-08-28T13:42:34.203+0000][1099914][trace][gc,age      ] GC(21) - age   1:     290760 bytes,     290760 total
[2025-08-28T13:42:34.203+0000][1099914][trace][gc,age      ] GC(21) - age   2:   15075296 bytes,   15366056 total
[2025-08-28T13:42:34.203+0000][1099914][info ][gc,heap     ] GC(21) Eden regions: 67->0(71)
[2025-08-28T13:42:34.203+0000][1099914][info ][gc,heap     ] GC(21) Survivor regions: 9->5(10)
[2025-08-28T13:42:34.203+0000][1099914][info ][gc,heap     ] GC(21) Old regions: 15->20
[2025-08-28T13:42:34.203+0000][1099914][info ][gc,heap     ] GC(21) Humongous regions: 0->0
[2025-08-28T13:42:34.203+0000][1099914][info ][gc,metaspace] GC(21) Metaspace: 135744K(139520K)->135744K(139520K) NonClass: 117296K(119296K)->117296K(119296K) Class: 18447K(20224K)->18447K(20224K)
[2025-08-28T13:42:34.203+0000][1099914][info ][gc          ] GC(21) Pause Young (Normal) (G1 Evacuation Pause) 362M->95M(512M) 9.063ms
[2025-08-28T13:42:34.203+0000][1099914][info ][gc,cpu      ] GC(21) User=0.07s Sys=0.01s Real=0.01s
[2025-08-28T13:42:34.203+0000][1099914][info ][safepoint   ] Safepoint "G1CollectForAllocation", Time since last: 222352992 ns, Reaching safepoint: 11607 ns, Cleanup: 3936 ns, At safepoint: 9127999 ns, Total: 9143542 ns
[2025-08-28T13:42:35.203+0000][1099914][info ][safepoint   ] Safepoint "Cleanup", Time since last: 1000067781 ns, Reaching safepoint: 10506 ns, Cleanup: 34722 ns, At safepoint: 2514 ns, Total: 47742 ns
[2025-08-28T13:42:36.203+0000][1099914][info ][safepoint   ] Safepoint "Cleanup", Time since last: 1000089544 ns, Reaching safepoint: 10746 ns, Cleanup: 19920 ns, At safepoint: 2594 ns, Total: 33260 ns
[2025-08-28T13:42:37.203+0000][1099914][info ][safepoint   ] Safepoint "Cleanup", Time since last: 1000104517 ns, Reaching safepoint: 38878 ns, Cleanup: 10426 ns, At safepoint: 2674 ns, Total: 51978 ns
[2025-08-28T13:42:38.203+0000][1099914][info ][safepoint   ] Safepoint "Cleanup", Time since last: 1000101712 ns, Reaching safepoint: 9645 ns, Cleanup: 10636 ns, At safepoint: 2764 ns, Total: 23045 ns
[2025-08-28T13:42:39.203+0000][1099914][info ][safepoint   ] Safepoint "Cleanup", Time since last: 1000106519 ns, Reaching safepoint: 11417 ns, Cleanup: 12118 ns, At safepoint: 2745 ns, Total: 26280 ns
[2025-08-28T13:42:39.709+0000][1099914][info ][gc,start    ] GC(22) Pause Young (Normal) (G1 Evacuation Pause)
[2025-08-28T13:42:39.713+0000][1099914][info ][gc,task     ] GC(22) Using 12 workers of 33 for evacuation
[2025-08-28T13:42:39.713+0000][1099914][debug][gc,age      ] GC(22) Desired survivor size 20971520 bytes, new threshold 15 (max threshold 15)
[2025-08-28T13:42:39.716+0000][1099914][info ][gc,phases   ] GC(22)   Pre Evacuate Collection Set: 0.1ms
[2025-08-28T13:42:39.716+0000][1099914][info ][gc,phases   ] GC(22)   Merge Heap Roots: 0.1ms
[2025-08-28T13:42:39.716+0000][1099914][info ][gc,phases   ] GC(22)   Evacuate Collection Set: 2.4ms
[2025-08-28T13:42:39.716+0000][1099914][info ][gc,phases   ] GC(22)   Post Evacuate Collection Set: 0.5ms
[2025-08-28T13:42:39.716+0000][1099914][info ][gc,phases   ] GC(22)   Other: 0.1ms
[2025-08-28T13:42:39.716+0000][1099914][trace][gc,age      ] GC(22) Age table with threshold 15 (max threshold 15)
[2025-08-28T13:42:39.716+0000][1099914][trace][gc,age      ] GC(22) - age   1:     599488 bytes,     599488 total
[2025-08-28T13:42:39.716+0000][1099914][trace][gc,age      ] GC(22) - age   2:      10976 bytes,     610464 total
[2025-08-28T13:42:39.716+0000][1099914][trace][gc,age      ] GC(22) - age   3:   15054272 bytes,   15664736 total
[2025-08-28T13:42:39.716+0000][1099914][info ][gc,heap     ] GC(22) Eden regions: 71->0(71)
[2025-08-28T13:42:39.716+0000][1099914][info ][gc,heap     ] GC(22) Survivor regions: 5->5(10)
[2025-08-28T13:42:39.716+0000][1099914][info ][gc,heap     ] GC(22) Old regions: 20->20
[2025-08-28T13:42:39.716+0000][1099914][info ][gc,heap     ] GC(22) Humongous regions: 0->0
[2025-08-28T13:42:39.716+0000][1099914][info ][gc,metaspace] GC(22) Metaspace: 135792K(139584K)->135792K(139584K) NonClass: 117343K(119360K)->117343K(119360K) Class: 18449K(20224K)->18449K(20224K)
[2025-08-28T13:42:39.716+0000][1099914][info ][gc          ] GC(22) Pause Young (Normal) (G1 Evacuation Pause) 379M->94M(512M) 7.502ms
[2025-08-28T13:42:39.716+0000][1099914][info ][gc,cpu      ] GC(22) User=0.03s Sys=0.00s Real=0.01s
[2025-08-28T13:42:39.716+0000][1099914][info ][safepoint   ] Safepoint "G1CollectForAllocation", Time since last: 505450461 ns, Reaching safepoint: 10366 ns, Cleanup: 14141 ns, At safepoint: 7568656 ns, Total: 7593163 ns
[2025-08-28T13:42:40.717+0000][1099914][info ][safepoint   ] Safepoint "Cleanup", Time since last: 1000083064 ns, Reaching safepoint: 10115 ns, Cleanup: 14292 ns, At safepoint: 2503 ns, Total: 26910 ns
[2025-08-28T13:42:42.717+0000][1099914][info ][safepoint   ] Safepoint "Cleanup", Time since last: 2000174161 ns, Reaching safepoint: 40260 ns, Cleanup: 14352 ns, At safepoint: 2353 ns, Total: 56965 ns
[2025-08-28T13:42:43.717+0000][1099914][info ][safepoint   ] Safepoint "Cleanup", Time since last: 1000100932 ns, Reaching safepoint: 10505 ns, Cleanup: 10116 ns, At safepoint: 2764 ns, Total: 23385 ns
[2025-08-28T13:42:44.717+0000][1099914][info ][safepoint   ] Safepoint "Cleanup", Time since last: 1000102663 ns, Reaching safepoint: 26500 ns, Cleanup: 17797 ns, At safepoint: 2654 ns, Total: 46951 ns
[2025-08-28T13:42:45.321+0000][1099914][info ][gc,start    ] GC(23) Pause Young (Normal) (G1 Evacuation Pause)
[2025-08-28T13:42:45.322+0000][1099914][info ][gc,task     ] GC(23) Using 12 workers of 33 for evacuation
[2025-08-28T13:42:45.322+0000][1099914][debug][gc,age      ] GC(23) Desired survivor size 20971520 bytes, new threshold 15 (max threshold 15)
[2025-08-28T13:42:45.326+0000][1099914][info ][gc,phases   ] GC(23)   Pre Evacuate Collection Set: 0.3ms
[2025-08-28T13:42:45.326+0000][1099914][info ][gc,phases   ] GC(23)   Merge Heap Roots: 0.1ms
[2025-08-28T13:42:45.326+0000][1099914][info ][gc,phases   ] GC(23)   Evacuate Collection Set: 2.8ms
[2025-08-28T13:42:45.326+0000][1099914][info ][gc,phases   ] GC(23)   Post Evacuate Collection Set: 1.1ms
[2025-08-28T13:42:45.326+0000][1099914][info ][gc,phases   ] GC(23)   Other: 0.0ms
[2025-08-28T13:42:45.326+0000][1099914][trace][gc,age      ] GC(23) Age table with threshold 15 (max threshold 15)
[2025-08-28T13:42:45.326+0000][1099914][trace][gc,age      ] GC(23) - age   1:     348616 bytes,     348616 total
[2025-08-28T13:42:45.326+0000][1099914][trace][gc,age      ] GC(23) - age   2:       4096 bytes,     352712 total
[2025-08-28T13:42:45.326+0000][1099914][trace][gc,age      ] GC(23) - age   3:      10944 bytes,     363656 total
[2025-08-28T13:42:45.326+0000][1099914][trace][gc,age      ] GC(23) - age   4:   15054240 bytes,   15417896 total
[2025-08-28T13:42:45.326+0000][1099914][info ][gc,heap     ] GC(23) Eden regions: 71->0(71)
[2025-08-28T13:42:45.326+0000][1099914][info ][gc,heap     ] GC(23) Survivor regions: 5->5(10)
[2025-08-28T13:42:45.326+0000][1099914][info ][gc,heap     ] GC(23) Old regions: 20->20
[2025-08-28T13:42:45.326+0000][1099914][info ][gc,heap     ] GC(23) Humongous regions: 0->0
[2025-08-28T13:42:45.326+0000][1099914][info ][gc,metaspace] GC(23) Metaspace: 135817K(139584K)->135817K(139584K) NonClass: 117367K(119360K)->117367K(119360K) Class: 18449K(20224K)->18449K(20224K)
[2025-08-28T13:42:45.326+0000][1099914][info ][gc          ] GC(23) Pause Young (Normal) (G1 Evacuation Pause) 378M->94M(512M) 4.439ms
[2025-08-28T13:42:45.326+0000][1099914][info ][gc,cpu      ] GC(23) User=0.03s Sys=0.00s Real=0.00s
[2025-08-28T13:42:45.326+0000][1099914][info ][safepoint   ] Safepoint "G1CollectForAllocation", Time since last: 604383175 ns, Reaching safepoint: 10376 ns, Cleanup: 4517 ns, At safepoint: 4509037 ns, Total: 4523930 ns
[2025-08-28T13:42:47.096+0000][1099914][info ][safepoint   ] Safepoint "Cleanup", Time since last: 1769662997 ns, Reaching safepoint: 12739 ns, Cleanup: 48663 ns, At safepoint: 2914 ns, Total: 64316 ns
[2025-08-28T13:42:48.096+0000][1099914][info ][safepoint   ] Safepoint "Cleanup", Time since last: 1000115814 ns, Reaching safepoint: 39019 ns, Cleanup: 23545 ns, At safepoint: 2854 ns, Total: 65418 ns
[2025-08-28T13:42:49.096+0000][1099914][info ][safepoint   ] Safepoint "Cleanup", Time since last: 1000106339 ns, Reaching safepoint: 11037 ns, Cleanup: 14171 ns, At safepoint: 2664 ns, Total: 27872 ns
[2025-08-28T13:42:50.096+0000][1099914][info ][safepoint   ] Safepoint "Cleanup", Time since last: 1000104116 ns, Reaching safepoint: 10596 ns, Cleanup: 13781 ns, At safepoint: 3054 ns, Total: 27431 ns
[2025-08-28T13:42:50.689+0000][1099914][info ][gc,start    ] GC(24) Pause Young (Normal) (G1 Evacuation Pause)
[2025-08-28T13:42:50.689+0000][1099914][info ][gc,task     ] GC(24) Using 12 workers of 33 for evacuation
[2025-08-28T13:42:50.689+0000][1099914][debug][gc,age      ] GC(24) Desired survivor size 20971520 bytes, new threshold 15 (max threshold 15)
[2025-08-28T13:42:50.692+0000][1099914][info ][gc,phases   ] GC(24)   Pre Evacuate Collection Set: 0.2ms
[2025-08-28T13:42:50.692+0000][1099914][info ][gc,phases   ] GC(24)   Merge Heap Roots: 0.1ms
[2025-08-28T13:42:50.692+0000][1099914][info ][gc,phases   ] GC(24)   Evacuate Collection Set: 2.7ms
[2025-08-28T13:42:50.692+0000][1099914][info ][gc,phases   ] GC(24)   Post Evacuate Collection Set: 0.7ms
[2025-08-28T13:42:50.692+0000][1099914][info ][gc,phases   ] GC(24)   Other: 0.1ms
[2025-08-28T13:42:50.692+0000][1099914][trace][gc,age      ] GC(24) Age table with threshold 15 (max threshold 15)
[2025-08-28T13:42:50.692+0000][1099914][trace][gc,age      ] GC(24) - age   1:     650320 bytes,     650320 total
[2025-08-28T13:42:50.692+0000][1099914][trace][gc,age      ] GC(24) - age   2:       2744 bytes,     653064 total
[2025-08-28T13:42:50.692+0000][1099914][trace][gc,age      ] GC(24) - age   3:       3656 bytes,     656720 total
[2025-08-28T13:42:50.693+0000][1099914][trace][gc,age      ] GC(24) - age   4:      10944 bytes,     667664 total
[2025-08-28T13:42:50.693+0000][1099914][trace][gc,age      ] GC(24) - age   5:   15052800 bytes,   15720464 total
[2025-08-28T13:42:50.693+0000][1099914][info ][gc,heap     ] GC(24) Eden regions: 71->0(71)
[2025-08-28T13:42:50.693+0000][1099914][info ][gc,heap     ] GC(24) Survivor regions: 5->5(10)
[2025-08-28T13:42:50.693+0000][1099914][info ][gc,heap     ] GC(24) Old regions: 20->20
[2025-08-28T13:42:50.693+0000][1099914][info ][gc,heap     ] GC(24) Humongous regions: 0->0
[2025-08-28T13:42:50.693+0000][1099914][info ][gc,metaspace] GC(24) Metaspace: 136018K(139840K)->136018K(139840K) NonClass: 117531K(119552K)->117531K(119552K) Class: 18487K(20288K)->18487K(20288K)
[2025-08-28T13:42:50.693+0000][1099914][info ][gc          ] GC(24) Pause Young (Normal) (G1 Evacuation Pause) 378M->94M(512M) 3.820ms
[2025-08-28T13:42:50.693+0000][1099914][info ][gc,cpu      ] GC(24) User=0.03s Sys=0.00s Real=0.01s
[2025-08-28T13:42:50.693+0000][1099914][info ][safepoint   ] Safepoint "G1CollectForAllocation", Time since last: 592575289 ns, Reaching safepoint: 10095 ns, Cleanup: 11297 ns, At safepoint: 3896306 ns, Total: 3917698 ns
[2025-08-28T13:42:51.693+0000][1099914][info ][safepoint   ] Safepoint "Cleanup", Time since last: 1000077506 ns, Reaching safepoint: 11617 ns, Cleanup: 19249 ns, At safepoint: 2955 ns, Total: 33821 ns
[2025-08-28T13:42:53.693+0000][1099914][info ][safepoint   ] Safepoint "Cleanup", Time since last: 2000154215 ns, Reaching safepoint: 39710 ns, Cleanup: 11727 ns, At safepoint: 2895 ns, Total: 54332 ns
[2025-08-28T13:42:54.693+0000][1099914][info ][safepoint   ] Safepoint "Cleanup", Time since last: 1000089409 ns, Reaching safepoint: 9955 ns, Cleanup: 10946 ns, At safepoint: 2284 ns, Total: 23185 ns
[2025-08-28T13:42:55.693+0000][1099914][info ][safepoint   ] Safepoint "Cleanup", Time since last: 1000091842 ns, Reaching safepoint: 10897 ns, Cleanup: 14161 ns, At safepoint: 2804 ns, Total: 27862 ns
[2025-08-28T13:42:56.148+0000][1099914][info ][gc,start    ] GC(25) Pause Young (Normal) (G1 Evacuation Pause)
[2025-08-28T13:42:56.148+0000][1099914][info ][gc,task     ] GC(25) Using 12 workers of 33 for evacuation
[2025-08-28T13:42:56.148+0000][1099914][debug][gc,age      ] GC(25) Desired survivor size 20971520 bytes, new threshold 15 (max threshold 15)
[2025-08-28T13:42:56.152+0000][1099914][info ][gc,phases   ] GC(25)   Pre Evacuate Collection Set: 0.1ms
[2025-08-28T13:42:56.152+0000][1099914][info ][gc,phases   ] GC(25)   Merge Heap Roots: 0.1ms
[2025-08-28T13:42:56.152+0000][1099914][info ][gc,phases   ] GC(25)   Evacuate Collection Set: 2.9ms
[2025-08-28T13:42:56.152+0000][1099914][info ][gc,phases   ] GC(25)   Post Evacuate Collection Set: 0.6ms
[2025-08-28T13:42:56.152+0000][1099914][info ][gc,phases   ] GC(25)   Other: 0.0ms
[2025-08-28T13:42:56.152+0000][1099914][trace][gc,age      ] GC(25) Age table with threshold 15 (max threshold 15)
[2025-08-28T13:42:56.152+0000][1099914][trace][gc,age      ] GC(25) - age   1:     565152 bytes,     565152 total
[2025-08-28T13:42:56.152+0000][1099914][trace][gc,age      ] GC(25) - age   2:      91160 bytes,     656312 total
[2025-08-28T13:42:56.152+0000][1099914][trace][gc,age      ] GC(25) - age   3:       2176 bytes,     658488 total
[2025-08-28T13:42:56.152+0000][1099914][trace][gc,age      ] GC(25) - age   4:       3656 bytes,     662144 total
[2025-08-28T13:42:56.152+0000][1099914][trace][gc,age      ] GC(25) - age   5:      10912 bytes,     673056 total
[2025-08-28T13:42:56.152+0000][1099914][trace][gc,age      ] GC(25) - age   6:   15051696 bytes,   15724752 total
[2025-08-28T13:42:56.152+0000][1099914][info ][gc,heap     ] GC(25) Eden regions: 71->0(71)
[2025-08-28T13:42:56.152+0000][1099914][info ][gc,heap     ] GC(25) Survivor regions: 5->5(10)
[2025-08-28T13:42:56.152+0000][1099914][info ][gc,heap     ] GC(25) Old regions: 20->20
[2025-08-28T13:42:56.152+0000][1099914][info ][gc,heap     ] GC(25) Humongous regions: 0->0
[2025-08-28T13:42:56.152+0000][1099914][info ][gc,metaspace] GC(25) Metaspace: 136035K(139840K)->136035K(139840K) NonClass: 117547K(119552K)->117547K(119552K) Class: 18488K(20288K)->18488K(20288K)
[2025-08-28T13:42:56.152+0000][1099914][info ][gc          ] GC(25) Pause Young (Normal) (G1 Evacuation Pause) 378M->94M(512M) 3.837ms
[2025-08-28T13:42:56.152+0000][1099914][info ][gc,cpu      ] GC(25) User=0.02s Sys=0.01s Real=0.01s
[2025-08-28T13:42:56.152+0000][1099914][info ][safepoint   ] Safepoint "G1CollectForAllocation", Time since last: 455143388 ns, Reaching safepoint: 10255 ns, Cleanup: 9955 ns, At safepoint: 3897957 ns, Total: 3918167 ns
[2025-08-28T13:42:57.152+0000][1099914][info ][safepoint   ] Safepoint "Cleanup", Time since last: 1000077140 ns, Reaching safepoint: 11828 ns, Cleanup: 16665 ns, At safepoint: 3125 ns, Total: 31618 ns
[2025-08-28T13:42:59.153+0000][1099914][info ][safepoint   ] Safepoint "Cleanup", Time since last: 2000154902 ns, Reaching safepoint: 39850 ns, Cleanup: 9865 ns, At safepoint: 2904 ns, Total: 52619 ns
[2025-08-28T13:43:00.153+0000][1099914][info ][safepoint   ] Safepoint "Cleanup", Time since last: 1000096650 ns, Reaching safepoint: 10646 ns, Cleanup: 16344 ns, At safepoint: 2374 ns, Total: 29364 ns
[2025-08-28T13:43:01.561+0000][1099914][info ][gc,start    ] GC(26) Pause Young (Normal) (G1 Evacuation Pause)
[2025-08-28T13:43:01.562+0000][1099914][info ][gc,task     ] GC(26) Using 12 workers of 33 for evacuation
[2025-08-28T13:43:01.562+0000][1099914][debug][gc,age      ] GC(26) Desired survivor size 20971520 bytes, new threshold 15 (max threshold 15)
[2025-08-28T13:43:01.564+0000][1099914][info ][gc,phases   ] GC(26)   Pre Evacuate Collection Set: 0.2ms
[2025-08-28T13:43:01.564+0000][1099914][info ][gc,phases   ] GC(26)   Merge Heap Roots: 0.1ms
[2025-08-28T13:43:01.564+0000][1099914][info ][gc,phases   ] GC(26)   Evacuate Collection Set: 2.1ms
[2025-08-28T13:43:01.564+0000][1099914][info ][gc,phases   ] GC(26)   Post Evacuate Collection Set: 0.5ms
[2025-08-28T13:43:01.564+0000][1099914][info ][gc,phases   ] GC(26)   Other: 0.0ms
[2025-08-28T13:43:01.564+0000][1099914][trace][gc,age      ] GC(26) Age table with threshold 15 (max threshold 15)
[2025-08-28T13:43:01.564+0000][1099914][trace][gc,age      ] GC(26) - age   1:     552320 bytes,     552320 total
[2025-08-28T13:43:01.564+0000][1099914][trace][gc,age      ] GC(26) - age   2:      14280 bytes,     566600 total
[2025-08-28T13:43:01.564+0000][1099914][trace][gc,age      ] GC(26) - age   3:      91160 bytes,     657760 total
[2025-08-28T13:43:01.564+0000][1099914][trace][gc,age      ] GC(26) - age   4:       2144 bytes,     659904 total
[2025-08-28T13:43:01.564+0000][1099914][trace][gc,age      ] GC(26) - age   5:       3656 bytes,     663560 total
[2025-08-28T13:43:01.564+0000][1099914][trace][gc,age      ] GC(26) - age   6:      10912 bytes,     674472 total
[2025-08-28T13:43:01.564+0000][1099914][trace][gc,age      ] GC(26) - age   7:   15051104 bytes,   15725576 total
[2025-08-28T13:43:01.564+0000][1099914][info ][gc,heap     ] GC(26) Eden regions: 71->0(71)
[2025-08-28T13:43:01.564+0000][1099914][info ][gc,heap     ] GC(26) Survivor regions: 5->5(10)
[2025-08-28T13:43:01.564+0000][1099914][info ][gc,heap     ] GC(26) Old regions: 20->20
[2025-08-28T13:43:01.564+0000][1099914][info ][gc,heap     ] GC(26) Humongous regions: 0->0
[2025-08-28T13:43:01.564+0000][1099914][info ][gc,metaspace] GC(26) Metaspace: 136041K(139840K)->136041K(139840K) NonClass: 117552K(119552K)->117552K(119552K) Class: 18488K(20288K)->18488K(20288K)
[2025-08-28T13:43:01.564+0000][1099914][info ][gc          ] GC(26) Pause Young (Normal) (G1 Evacuation Pause) 378M->94M(512M) 2.977ms
[2025-08-28T13:43:01.564+0000][1099914][info ][gc,cpu      ] GC(26) User=0.03s Sys=0.00s Real=0.00s
[2025-08-28T13:43:01.564+0000][1099914][info ][safepoint   ] Safepoint "G1CollectForAllocation", Time since last: 1408725948 ns, Reaching safepoint: 10325 ns, Cleanup: 3525 ns, At safepoint: 3040899 ns, Total: 3054749 ns
[2025-08-28T13:43:06.565+0000][1099914][info ][safepoint   ] Safepoint "Cleanup", Time since last: 5000352770 ns, Reaching safepoint: 37787 ns, Cleanup: 19099 ns, At safepoint: 3105 ns, Total: 59991 ns
[2025-08-28T13:43:06.987+0000][1099914][info ][gc,start    ] GC(27) Pause Young (Normal) (G1 Evacuation Pause)
[2025-08-28T13:43:06.987+0000][1099914][info ][gc,task     ] GC(27) Using 12 workers of 33 for evacuation
[2025-08-28T13:43:06.987+0000][1099914][debug][gc,age      ] GC(27) Desired survivor size 20971520 bytes, new threshold 15 (max threshold 15)
[2025-08-28T13:43:06.991+0000][1099914][info ][gc,phases   ] GC(27)   Pre Evacuate Collection Set: 0.2ms
[2025-08-28T13:43:06.991+0000][1099914][info ][gc,phases   ] GC(27)   Merge Heap Roots: 0.1ms
[2025-08-28T13:43:06.991+0000][1099914][info ][gc,phases   ] GC(27)   Evacuate Collection Set: 2.7ms
[2025-08-28T13:43:06.991+0000][1099914][info ][gc,phases   ] GC(27)   Post Evacuate Collection Set: 0.5ms
[2025-08-28T13:43:06.991+0000][1099914][info ][gc,phases   ] GC(27)   Other: 0.1ms
[2025-08-28T13:43:06.991+0000][1099914][trace][gc,age      ] GC(27) Age table with threshold 15 (max threshold 15)
[2025-08-28T13:43:06.991+0000][1099914][trace][gc,age      ] GC(27) - age   1:     611544 bytes,     611544 total
[2025-08-28T13:43:06.991+0000][1099914][trace][gc,age      ] GC(27) - age   2:       2168 bytes,     613712 total
[2025-08-28T13:43:06.991+0000][1099914][trace][gc,age      ] GC(27) - age   3:      13664 bytes,     627376 total
[2025-08-28T13:43:06.991+0000][1099914][trace][gc,age      ] GC(27) - age   4:      91160 bytes,     718536 total
[2025-08-28T13:43:06.991+0000][1099914][trace][gc,age      ] GC(27) - age   5:       2144 bytes,     720680 total
[2025-08-28T13:43:06.991+0000][1099914][trace][gc,age      ] GC(27) - age   6:       3656 bytes,     724336 total
[2025-08-28T13:43:06.991+0000][1099914][trace][gc,age      ] GC(27) - age   7:      10912 bytes,     735248 total
[2025-08-28T13:43:06.991+0000][1099914][trace][gc,age      ] GC(27) - age   8:   15051104 bytes,   15786352 total
[2025-08-28T13:43:06.991+0000][1099914][info ][gc,heap     ] GC(27) Eden regions: 71->0(71)
[2025-08-28T13:43:06.991+0000][1099914][info ][gc,heap     ] GC(27) Survivor regions: 5->5(10)
[2025-08-28T13:43:06.991+0000][1099914][info ][gc,heap     ] GC(27) Old regions: 20->20
[2025-08-28T13:43:06.991+0000][1099914][info ][gc,heap     ] GC(27) Humongous regions: 0->0
[2025-08-28T13:43:06.991+0000][1099914][info ][gc,metaspace] GC(27) Metaspace: 136048K(139904K)->136048K(139904K) NonClass: 117560K(119616K)->117560K(119616K) Class: 18488K(20288K)->18488K(20288K)
[2025-08-28T13:43:06.991+0000][1099914][info ][gc          ] GC(27) Pause Young (Normal) (G1 Evacuation Pause) 378M->94M(512M) 3.664ms
[2025-08-28T13:43:06.991+0000][1099914][info ][gc,cpu      ] GC(27) User=0.02s Sys=0.00s Real=0.01s
[2025-08-28T13:43:06.991+0000][1099914][info ][safepoint   ] Safepoint "G1CollectForAllocation", Time since last: 422086900 ns, Reaching safepoint: 10977 ns, Cleanup: 3745 ns, At safepoint: 3732889 ns, Total: 3747611 ns
[2025-08-28T13:43:08.991+0000][1099914][info ][safepoint   ] Safepoint "Cleanup", Time since last: 2000138982 ns, Reaching safepoint: 41131 ns, Cleanup: 16866 ns, At safepoint: 2994 ns, Total: 60991 ns
[2025-08-28T13:43:09.991+0000][1099914][info ][safepoint   ] Safepoint "Cleanup", Time since last: 1000093562 ns, Reaching safepoint: 10176 ns, Cleanup: 7761 ns, At safepoint: 2504 ns, Total: 20441 ns
[2025-08-28T13:43:12.645+0000][1099914][info ][gc,start    ] GC(28) Pause Young (Normal) (G1 Evacuation Pause)
[2025-08-28T13:43:12.648+0000][1099914][info ][gc,task     ] GC(28) Using 12 workers of 33 for evacuation
[2025-08-28T13:43:12.648+0000][1099914][debug][gc,age      ] GC(28) Desired survivor size 20971520 bytes, new threshold 15 (max threshold 15)
[2025-08-28T13:43:12.652+0000][1099914][info ][gc,phases   ] GC(28)   Pre Evacuate Collection Set: 0.1ms
[2025-08-28T13:43:12.652+0000][1099914][info ][gc,phases   ] GC(28)   Merge Heap Roots: 0.1ms
[2025-08-28T13:43:12.652+0000][1099914][info ][gc,phases   ] GC(28)   Evacuate Collection Set: 2.8ms
[2025-08-28T13:43:12.652+0000][1099914][info ][gc,phases   ] GC(28)   Post Evacuate Collection Set: 0.5ms
[2025-08-28T13:43:12.652+0000][1099914][info ][gc,phases   ] GC(28)   Other: 0.1ms
[2025-08-28T13:43:12.652+0000][1099914][trace][gc,age      ] GC(28) Age table with threshold 15 (max threshold 15)
[2025-08-28T13:43:12.652+0000][1099914][trace][gc,age      ] GC(28) - age   1:     555960 bytes,     555960 total
[2025-08-28T13:43:12.652+0000][1099914][trace][gc,age      ] GC(28) - age   2:      10664 bytes,     566624 total
[2025-08-28T13:43:12.652+0000][1099914][trace][gc,age      ] GC(28) - age   3:       2168 bytes,     568792 total
[2025-08-28T13:43:12.652+0000][1099914][trace][gc,age      ] GC(28) - age   4:      13664 bytes,     582456 total
[2025-08-28T13:43:12.652+0000][1099914][trace][gc,age      ] GC(28) - age   5:      91160 bytes,     673616 total
[2025-08-28T13:43:12.652+0000][1099914][trace][gc,age      ] GC(28) - age   6:       2144 bytes,     675760 total
[2025-08-28T13:43:12.652+0000][1099914][trace][gc,age      ] GC(28) - age   7:       3656 bytes,     679416 total
[2025-08-28T13:43:12.652+0000][1099914][trace][gc,age      ] GC(28) - age   8:      10912 bytes,     690328 total
[2025-08-28T13:43:12.652+0000][1099914][trace][gc,age      ] GC(28) - age   9:   15051104 bytes,   15741432 total
[2025-08-28T13:43:12.652+0000][1099914][info ][gc,heap     ] GC(28) Eden regions: 71->0(72)
[2025-08-28T13:43:12.652+0000][1099914][info ][gc,heap     ] GC(28) Survivor regions: 5->4(10)
[2025-08-28T13:43:12.652+0000][1099914][info ][gc,heap     ] GC(28) Old regions: 20->20
[2025-08-28T13:43:12.652+0000][1099914][info ][gc,heap     ] GC(28) Humongous regions: 0->0
[2025-08-28T13:43:12.652+0000][1099914][info ][gc,metaspace] GC(28) Metaspace: 136053K(139904K)->136053K(139904K) NonClass: 117565K(119616K)->117565K(119616K) Class: 18488K(20288K)->18488K(20288K)
[2025-08-28T13:43:12.652+0000][1099914][info ][gc          ] GC(28) Pause Young (Normal) (G1 Evacuation Pause) 378M->93M(512M) 7.170ms
[2025-08-28T13:43:12.652+0000][1099914][info ][gc,cpu      ] GC(28) User=0.03s Sys=0.01s Real=0.01s
[2025-08-28T13:43:12.652+0000][1099914][info ][safepoint   ] Safepoint "G1CollectForAllocation", Time since last: 2653639123 ns, Reaching safepoint: 11037 ns, Cleanup: 3615 ns, At safepoint: 7271756 ns, Total: 7286408 ns
[2025-08-28T13:43:14.652+0000][1099914][info ][safepoint   ] Safepoint "Cleanup", Time since last: 2000152322 ns, Reaching safepoint: 42784 ns, Cleanup: 20371 ns, At safepoint: 2954 ns, Total: 66109 ns
[2025-08-28T13:43:15.652+0000][1099914][info ][safepoint   ] Safepoint "Cleanup", Time since last: 1000111619 ns, Reaching safepoint: 11718 ns, Cleanup: 25668 ns, At safepoint: 2424 ns, Total: 39810 ns
[2025-08-28T13:43:18.470+0000][1099914][info ][gc,start    ] GC(29) Pause Young (Normal) (G1 Evacuation Pause)
[2025-08-28T13:43:18.470+0000][1099914][info ][gc,task     ] GC(29) Using 12 workers of 33 for evacuation
[2025-08-28T13:43:18.470+0000][1099914][debug][gc,age      ] GC(29) Desired survivor size 20971520 bytes, new threshold 15 (max threshold 15)
[2025-08-28T13:43:18.474+0000][1099914][info ][gc,phases   ] GC(29)   Pre Evacuate Collection Set: 0.1ms
[2025-08-28T13:43:18.474+0000][1099914][info ][gc,phases   ] GC(29)   Merge Heap Roots: 0.1ms
[2025-08-28T13:43:18.474+0000][1099914][info ][gc,phases   ] GC(29)   Evacuate Collection Set: 2.6ms
[2025-08-28T13:43:18.474+0000][1099914][info ][gc,phases   ] GC(29)   Post Evacuate Collection Set: 0.5ms
[2025-08-28T13:43:18.474+0000][1099914][info ][gc,phases   ] GC(29)   Other: 0.1ms
[2025-08-28T13:43:18.474+0000][1099914][trace][gc,age      ] GC(29) Age table with threshold 15 (max threshold 15)
[2025-08-28T13:43:18.474+0000][1099914][trace][gc,age      ] GC(29) - age   1:     622568 bytes,     622568 total
[2025-08-28T13:43:18.474+0000][1099914][trace][gc,age      ] GC(29) - age   2:        544 bytes,     623112 total
[2025-08-28T13:43:18.474+0000][1099914][trace][gc,age      ] GC(29) - age   3:        264 bytes,     623376 total
[2025-08-28T13:43:18.474+0000][1099914][trace][gc,age      ] GC(29) - age   4:       2136 bytes,     625512 total
[2025-08-28T13:43:18.474+0000][1099914][trace][gc,age      ] GC(29) - age   5:      12784 bytes,     638296 total
[2025-08-28T13:43:18.474+0000][1099914][trace][gc,age      ] GC(29) - age   6:      90136 bytes,     728432 total
[2025-08-28T13:43:18.474+0000][1099914][trace][gc,age      ] GC(29) - age   7:       2144 bytes,     730576 total
[2025-08-28T13:43:18.474+0000][1099914][trace][gc,age      ] GC(29) - age   8:       3656 bytes,     734232 total
[2025-08-28T13:43:18.474+0000][1099914][trace][gc,age      ] GC(29) - age   9:      10912 bytes,     745144 total
[2025-08-28T13:43:18.474+0000][1099914][trace][gc,age      ] GC(29) - age  10:   15050768 bytes,   15795912 total
[2025-08-28T13:43:18.474+0000][1099914][info ][gc,heap     ] GC(29) Eden regions: 72->0(71)
[2025-08-28T13:43:18.474+0000][1099914][info ][gc,heap     ] GC(29) Survivor regions: 4->5(10)
[2025-08-28T13:43:18.474+0000][1099914][info ][gc,heap     ] GC(29) Old regions: 20->20
[2025-08-28T13:43:18.474+0000][1099914][info ][gc,heap     ] GC(29) Humongous regions: 0->0
[2025-08-28T13:43:18.474+0000][1099914][info ][gc,metaspace] GC(29) Metaspace: 136059K(139904K)->136059K(139904K) NonClass: 117570K(119616K)->117570K(119616K) Class: 18488K(20288K)->18488K(20288K)
[2025-08-28T13:43:18.474+0000][1099914][info ][gc          ] GC(29) Pause Young (Normal) (G1 Evacuation Pause) 381M->94M(512M) 3.603ms
[2025-08-28T13:43:18.474+0000][1099914][info ][gc,cpu      ] GC(29) User=0.02s Sys=0.00s Real=0.01s
[2025-08-28T13:43:18.474+0000][1099914][info ][safepoint   ] Safepoint "G1CollectForAllocation", Time since last: 2817884353 ns, Reaching safepoint: 40221 ns, Cleanup: 12469 ns, At safepoint: 3671276 ns, Total: 3723966 ns
[2025-08-28T13:43:19.474+0000][1099914][info ][safepoint   ] Safepoint "Cleanup", Time since last: 1000087833 ns, Reaching safepoint: 11618 ns, Cleanup: 16014 ns, At safepoint: 2824 ns, Total: 30456 ns
[2025-08-28T13:43:20.474+0000][1099914][info ][safepoint   ] Safepoint "Cleanup", Time since last: 1000102595 ns, Reaching safepoint: 10997 ns, Cleanup: 13540 ns, At safepoint: 2684 ns, Total: 27221 ns
[2025-08-28T13:43:23.474+0000][1099914][info ][safepoint   ] Safepoint "Cleanup", Time since last: 3000265554 ns, Reaching safepoint: 41372 ns, Cleanup: 12939 ns, At safepoint: 5278 ns, Total: 59589 ns
[2025-08-28T13:43:23.805+0000][1099914][info ][gc,start    ] GC(30) Pause Young (Normal) (G1 Evacuation Pause)
[2025-08-28T13:43:23.805+0000][1099914][info ][gc,task     ] GC(30) Using 12 workers of 33 for evacuation
[2025-08-28T13:43:23.805+0000][1099914][debug][gc,age      ] GC(30) Desired survivor size 20971520 bytes, new threshold 15 (max threshold 15)
[2025-08-28T13:43:23.808+0000][1099914][info ][gc,phases   ] GC(30)   Pre Evacuate Collection Set: 0.1ms
[2025-08-28T13:43:23.808+0000][1099914][info ][gc,phases   ] GC(30)   Merge Heap Roots: 0.1ms
[2025-08-28T13:43:23.808+0000][1099914][info ][gc,phases   ] GC(30)   Evacuate Collection Set: 2.7ms
[2025-08-28T13:43:23.808+0000][1099914][info ][gc,phases   ] GC(30)   Post Evacuate Collection Set: 0.5ms
[2025-08-28T13:43:23.808+0000][1099914][info ][gc,phases   ] GC(30)   Other: 0.0ms
[2025-08-28T13:43:23.808+0000][1099914][trace][gc,age      ] GC(30) Age table with threshold 15 (max threshold 15)
[2025-08-28T13:43:23.808+0000][1099914][trace][gc,age      ] GC(30) - age   1:     557376 bytes,     557376 total
[2025-08-28T13:43:23.808+0000][1099914][trace][gc,age      ] GC(30) - age   2:      22032 bytes,     579408 total
[2025-08-28T13:43:23.808+0000][1099914][trace][gc,age      ] GC(30) - age   3:        544 bytes,     579952 total
[2025-08-28T13:43:23.808+0000][1099914][trace][gc,age      ] GC(30) - age   4:        264 bytes,     580216 total
[2025-08-28T13:43:23.808+0000][1099914][trace][gc,age      ] GC(30) - age   5:       2136 bytes,     582352 total
[2025-08-28T13:43:23.808+0000][1099914][trace][gc,age      ] GC(30) - age   6:      12608 bytes,     594960 total
[2025-08-28T13:43:23.808+0000][1099914][trace][gc,age      ] GC(30) - age   7:      90136 bytes,     685096 total
[2025-08-28T13:43:23.808+0000][1099914][trace][gc,age      ] GC(30) - age   8:       2144 bytes,     687240 total
[2025-08-28T13:43:23.808+0000][1099914][trace][gc,age      ] GC(30) - age   9:       3656 bytes,     690896 total
[2025-08-28T13:43:23.808+0000][1099914][trace][gc,age      ] GC(30) - age  10:      10912 bytes,     701808 total
[2025-08-28T13:43:23.808+0000][1099914][trace][gc,age      ] GC(30) - age  11:   15050768 bytes,   15752576 total
[2025-08-28T13:43:23.808+0000][1099914][info ][gc,heap     ] GC(30) Eden regions: 71->0(71)
[2025-08-28T13:43:23.808+0000][1099914][info ][gc,heap     ] GC(30) Survivor regions: 5->5(10)
[2025-08-28T13:43:23.808+0000][1099914][info ][gc,heap     ] GC(30) Old regions: 20->20
[2025-08-28T13:43:23.808+0000][1099914][info ][gc,heap     ] GC(30) Humongous regions: 0->0
[2025-08-28T13:43:23.808+0000][1099914][info ][gc,metaspace] GC(30) Metaspace: 136059K(139904K)->136059K(139904K) NonClass: 117571K(119616K)->117571K(119616K) Class: 18488K(20288K)->18488K(20288K)
[2025-08-28T13:43:23.808+0000][1099914][info ][gc          ] GC(30) Pause Young (Normal) (G1 Evacuation Pause) 378M->94M(512M) 3.639ms
[2025-08-28T13:43:23.808+0000][1099914][info ][gc,cpu      ] GC(30) User=0.02s Sys=0.01s Real=0.00s
[2025-08-28T13:43:23.808+0000][1099914][info ][safepoint   ] Safepoint "G1CollectForAllocation", Time since last: 330146078 ns, Reaching safepoint: 11628 ns, Cleanup: 4497 ns, At safepoint: 3704926 ns, Total: 3721051 ns
[2025-08-28T13:43:24.808+0000][1099914][info ][safepoint   ] Safepoint "Cleanup", Time since last: 1000082416 ns, Reaching safepoint: 11156 ns, Cleanup: 20291 ns, At safepoint: 2944 ns, Total: 34391 ns
[2025-08-28T13:43:26.809+0000][1099914][info ][safepoint   ] Safepoint "Cleanup", Time since last: 2000170519 ns, Reaching safepoint: 10877 ns, Cleanup: 12589 ns, At safepoint: 2804 ns, Total: 26270 ns
[2025-08-28T13:43:29.326+0000][1099914][info ][gc,start    ] GC(31) Pause Young (Normal) (G1 Evacuation Pause)
[2025-08-28T13:43:29.326+0000][1099914][info ][gc,task     ] GC(31) Using 12 workers of 33 for evacuation
[2025-08-28T13:43:29.326+0000][1099914][debug][gc,age      ] GC(31) Desired survivor size 20971520 bytes, new threshold 15 (max threshold 15)
[2025-08-28T13:43:29.330+0000][1099914][info ][gc,phases   ] GC(31)   Pre Evacuate Collection Set: 0.2ms
[2025-08-28T13:43:29.330+0000][1099914][info ][gc,phases   ] GC(31)   Merge Heap Roots: 0.1ms
[2025-08-28T13:43:29.330+0000][1099914][info ][gc,phases   ] GC(31)   Evacuate Collection Set: 2.7ms
[2025-08-28T13:43:29.330+0000][1099914][info ][gc,phases   ] GC(31)   Post Evacuate Collection Set: 0.5ms
[2025-08-28T13:43:29.330+0000][1099914][info ][gc,phases   ] GC(31)   Other: 0.1ms
[2025-08-28T13:43:29.330+0000][1099914][trace][gc,age      ] GC(31) Age table with threshold 15 (max threshold 15)
[2025-08-28T13:43:29.330+0000][1099914][trace][gc,age      ] GC(31) - age   1:     554920 bytes,     554920 total
[2025-08-28T13:43:29.330+0000][1099914][trace][gc,age      ] GC(31) - age   2:       1496 bytes,     556416 total
[2025-08-28T13:43:29.330+0000][1099914][trace][gc,age      ] GC(31) - age   3:      11224 bytes,     567640 total
[2025-08-28T13:43:29.330+0000][1099914][trace][gc,age      ] GC(31) - age   4:        544 bytes,     568184 total
[2025-08-28T13:43:29.330+0000][1099914][trace][gc,age      ] GC(31) - age   5:        264 bytes,     568448 total
[2025-08-28T13:43:29.330+0000][1099914][trace][gc,age      ] GC(31) - age   6:       1456 bytes,     569904 total
[2025-08-28T13:43:29.330+0000][1099914][trace][gc,age      ] GC(31) - age   7:      11320 bytes,     581224 total
[2025-08-28T13:43:29.330+0000][1099914][trace][gc,age      ] GC(31) - age   8:      90136 bytes,     671360 total
[2025-08-28T13:43:29.330+0000][1099914][trace][gc,age      ] GC(31) - age   9:       2144 bytes,     673504 total
[2025-08-28T13:43:29.330+0000][1099914][trace][gc,age      ] GC(31) - age  10:       3656 bytes,     677160 total
[2025-08-28T13:43:29.330+0000][1099914][trace][gc,age      ] GC(31) - age  11:      10912 bytes,     688072 total
[2025-08-28T13:43:29.330+0000][1099914][trace][gc,age      ] GC(31) - age  12:   15050768 bytes,   15738840 total
[2025-08-28T13:43:29.330+0000][1099914][info ][gc,heap     ] GC(31) Eden regions: 71->0(71)
[2025-08-28T13:43:29.330+0000][1099914][info ][gc,heap     ] GC(31) Survivor regions: 5->5(10)
[2025-08-28T13:43:29.330+0000][1099914][info ][gc,heap     ] GC(31) Old regions: 20->20
[2025-08-28T13:43:29.330+0000][1099914][info ][gc,heap     ] GC(31) Humongous regions: 0->0
[2025-08-28T13:43:29.330+0000][1099914][info ][gc,metaspace] GC(31) Metaspace: 136066K(139904K)->136066K(139904K) NonClass: 117578K(119616K)->117578K(119616K) Class: 18488K(20288K)->18488K(20288K)
[2025-08-28T13:43:29.330+0000][1099914][info ][gc          ] GC(31) Pause Young (Normal) (G1 Evacuation Pause) 378M->94M(512M) 3.617ms
[2025-08-28T13:43:29.330+0000][1099914][info ][gc,cpu      ] GC(31) User=0.02s Sys=0.01s Real=0.00s
[2025-08-28T13:43:29.330+0000][1099914][info ][safepoint   ] Safepoint "G1CollectForAllocation", Time since last: 2517507353 ns, Reaching safepoint: 39730 ns, Cleanup: 4267 ns, At safepoint: 3680409 ns, Total: 3724406 ns
[2025-08-28T13:43:31.330+0000][1099914][info ][safepoint   ] Safepoint "Cleanup", Time since last: 2000163980 ns, Reaching safepoint: 11036 ns, Cleanup: 25048 ns, At safepoint: 2914 ns, Total: 38998 ns
[2025-08-28T13:43:32.330+0000][1099914][info ][safepoint   ] Safepoint "Cleanup", Time since last: 1000104148 ns, Reaching safepoint: 10586 ns, Cleanup: 14101 ns, At safepoint: 2624 ns, Total: 27311 ns
[2025-08-28T13:43:34.331+0000][1099914][info ][safepoint   ] Safepoint "Cleanup", Time since last: 2000167875 ns, Reaching safepoint: 124327 ns, Cleanup: 8212 ns, At safepoint: 2524 ns, Total: 135063 ns
[2025-08-28T13:43:34.639+0000][1099914][info ][gc,start    ] GC(32) Pause Young (Normal) (G1 Evacuation Pause)
[2025-08-28T13:43:34.639+0000][1099914][info ][gc,task     ] GC(32) Using 12 workers of 33 for evacuation
[2025-08-28T13:43:34.639+0000][1099914][debug][gc,age      ] GC(32) Desired survivor size 20971520 bytes, new threshold 15 (max threshold 15)
[2025-08-28T13:43:34.644+0000][1099914][info ][gc,phases   ] GC(32)   Pre Evacuate Collection Set: 0.2ms
[2025-08-28T13:43:34.644+0000][1099914][info ][gc,phases   ] GC(32)   Merge Heap Roots: 0.1ms
[2025-08-28T13:43:34.644+0000][1099914][info ][gc,phases   ] GC(32)   Evacuate Collection Set: 4.1ms
[2025-08-28T13:43:34.644+0000][1099914][info ][gc,phases   ] GC(32)   Post Evacuate Collection Set: 0.6ms
[2025-08-28T13:43:34.644+0000][1099914][info ][gc,phases   ] GC(32)   Other: 0.1ms
[2025-08-28T13:43:34.644+0000][1099914][trace][gc,age      ] GC(32) Age table with threshold 15 (max threshold 15)
[2025-08-28T13:43:34.644+0000][1099914][trace][gc,age      ] GC(32) - age   1:     542152 bytes,     542152 total
[2025-08-28T13:43:34.644+0000][1099914][trace][gc,age      ] GC(32) - age   2:      14920 bytes,     557072 total
[2025-08-28T13:43:34.644+0000][1099914][trace][gc,age      ] GC(32) - age   3:       1496 bytes,     558568 total
[2025-08-28T13:43:34.644+0000][1099914][trace][gc,age      ] GC(32) - age   4:      11224 bytes,     569792 total
[2025-08-28T13:43:34.644+0000][1099914][trace][gc,age      ] GC(32) - age   5:        512 bytes,     570304 total
[2025-08-28T13:43:34.644+0000][1099914][trace][gc,age      ] GC(32) - age   6:        264 bytes,     570568 total
[2025-08-28T13:43:34.644+0000][1099914][trace][gc,age      ] GC(32) - age   7:       1456 bytes,     572024 total
[2025-08-28T13:43:34.644+0000][1099914][trace][gc,age      ] GC(32) - age   8:      11320 bytes,     583344 total
[2025-08-28T13:43:34.644+0000][1099914][trace][gc,age      ] GC(32) - age   9:      90136 bytes,     673480 total
[2025-08-28T13:43:34.644+0000][1099914][trace][gc,age      ] GC(32) - age  10:       2144 bytes,     675624 total
[2025-08-28T13:43:34.644+0000][1099914][trace][gc,age      ] GC(32) - age  11:       3656 bytes,     679280 total
[2025-08-28T13:43:34.644+0000][1099914][trace][gc,age      ] GC(32) - age  12:      10912 bytes,     690192 total
[2025-08-28T13:43:34.644+0000][1099914][trace][gc,age      ] GC(32) - age  13:   15050768 bytes,   15740960 total
[2025-08-28T13:43:34.644+0000][1099914][info ][gc,heap     ] GC(32) Eden regions: 71->0(71)
[2025-08-28T13:43:34.644+0000][1099914][info ][gc,heap     ] GC(32) Survivor regions: 5->5(10)
[2025-08-28T13:43:34.645+0000][1099914][info ][gc,heap     ] GC(32) Old regions: 20->20
[2025-08-28T13:43:34.645+0000][1099914][info ][gc,heap     ] GC(32) Humongous regions: 0->0
[2025-08-28T13:43:34.645+0000][1099914][info ][gc,metaspace] GC(32) Metaspace: 136078K(139904K)->136078K(139904K) NonClass: 117590K(119616K)->117590K(119616K) Class: 18488K(20288K)->18488K(20288K)
[2025-08-28T13:43:34.645+0000][1099914][info ][gc          ] GC(32) Pause Young (Normal) (G1 Evacuation Pause) 378M->95M(512M) 5.143ms
[2025-08-28T13:43:34.645+0000][1099914][info ][gc,cpu      ] GC(32) User=0.03s Sys=0.00s Real=0.01s
[2025-08-28T13:43:34.645+0000][1099914][info ][safepoint   ] Safepoint "G1CollectForAllocation", Time since last: 308777812 ns, Reaching safepoint: 9945 ns, Cleanup: 4777 ns, At safepoint: 5210860 ns, Total: 5225582 ns
[2025-08-28T13:43:35.645+0000][1099914][info ][safepoint   ] Safepoint "Cleanup", Time since last: 1000086281 ns, Reaching safepoint: 10095 ns, Cleanup: 11387 ns, At safepoint: 2744 ns, Total: 24226 ns
[2025-08-28T13:43:38.645+0000][1099914][info ][safepoint   ] Safepoint "Cleanup", Time since last: 3000245013 ns, Reaching safepoint: 36394 ns, Cleanup: 12830 ns, At safepoint: 5097 ns, Total: 54321 ns
[2025-08-28T13:43:39.645+0000][1099914][info ][safepoint   ] Safepoint "Cleanup", Time since last: 1000101554 ns, Reaching safepoint: 9915 ns, Cleanup: 11538 ns, At safepoint: 2724 ns, Total: 24177 ns
[2025-08-28T13:43:40.339+0000][1099914][info ][gc,start    ] GC(33) Pause Young (Normal) (G1 Evacuation Pause)
[2025-08-28T13:43:40.339+0000][1099914][info ][gc,task     ] GC(33) Using 12 workers of 33 for evacuation
[2025-08-28T13:43:40.339+0000][1099914][debug][gc,age      ] GC(33) Desired survivor size 20971520 bytes, new threshold 15 (max threshold 15)
[2025-08-28T13:43:40.343+0000][1099914][info ][gc,phases   ] GC(33)   Pre Evacuate Collection Set: 0.1ms
[2025-08-28T13:43:40.343+0000][1099914][info ][gc,phases   ] GC(33)   Merge Heap Roots: 0.0ms
[2025-08-28T13:43:40.343+0000][1099914][info ][gc,phases   ] GC(33)   Evacuate Collection Set: 2.7ms
[2025-08-28T13:43:40.343+0000][1099914][info ][gc,phases   ] GC(33)   Post Evacuate Collection Set: 0.6ms
[2025-08-28T13:43:40.343+0000][1099914][info ][gc,phases   ] GC(33)   Other: 0.1ms
[2025-08-28T13:43:40.343+0000][1099914][trace][gc,age      ] GC(33) Age table with threshold 15 (max threshold 15)
[2025-08-28T13:43:40.343+0000][1099914][trace][gc,age      ] GC(33) - age   1:     540832 bytes,     540832 total
[2025-08-28T13:43:40.343+0000][1099914][trace][gc,age      ] GC(33) - age   2:       2152 bytes,     542984 total
[2025-08-28T13:43:40.343+0000][1099914][trace][gc,age      ] GC(33) - age   3:      14520 bytes,     557504 total
[2025-08-28T13:43:40.343+0000][1099914][trace][gc,age      ] GC(33) - age   4:       1496 bytes,     559000 total
[2025-08-28T13:43:40.343+0000][1099914][trace][gc,age      ] GC(33) - age   5:      11224 bytes,     570224 total
[2025-08-28T13:43:40.343+0000][1099914][trace][gc,age      ] GC(33) - age   6:        512 bytes,     570736 total
[2025-08-28T13:43:40.343+0000][1099914][trace][gc,age      ] GC(33) - age   7:        264 bytes,     571000 total
[2025-08-28T13:43:40.343+0000][1099914][trace][gc,age      ] GC(33) - age   8:       1232 bytes,     572232 total
[2025-08-28T13:43:40.343+0000][1099914][trace][gc,age      ] GC(33) - age   9:      11320 bytes,     583552 total
[2025-08-28T13:43:40.343+0000][1099914][trace][gc,age      ] GC(33) - age  10:      90136 bytes,     673688 total
[2025-08-28T13:43:40.343+0000][1099914][trace][gc,age      ] GC(33) - age  11:       2144 bytes,     675832 total
[2025-08-28T13:43:40.343+0000][1099914][trace][gc,age      ] GC(33) - age  12:       3656 bytes,     679488 total
[2025-08-28T13:43:40.343+0000][1099914][trace][gc,age      ] GC(33) - age  13:      10912 bytes,     690400 total
[2025-08-28T13:43:40.343+0000][1099914][trace][gc,age      ] GC(33) - age  14:   15050768 bytes,   15741168 total
[2025-08-28T13:43:40.343+0000][1099914][info ][gc,heap     ] GC(33) Eden regions: 71->0(71)
[2025-08-28T13:43:40.343+0000][1099914][info ][gc,heap     ] GC(33) Survivor regions: 5->5(10)
[2025-08-28T13:43:40.343+0000][1099914][info ][gc,heap     ] GC(33) Old regions: 20->20
[2025-08-28T13:43:40.343+0000][1099914][info ][gc,heap     ] GC(33) Humongous regions: 0->0
[2025-08-28T13:43:40.343+0000][1099914][info ][gc,metaspace] GC(33) Metaspace: 136079K(139904K)->136079K(139904K) NonClass: 117591K(119616K)->117591K(119616K) Class: 18488K(20288K)->18488K(20288K)
[2025-08-28T13:43:40.343+0000][1099914][info ][gc          ] GC(33) Pause Young (Normal) (G1 Evacuation Pause) 379M->94M(512M) 3.642ms
[2025-08-28T13:43:40.343+0000][1099914][info ][gc,cpu      ] GC(33) User=0.03s Sys=0.00s Real=0.01s
[2025-08-28T13:43:40.343+0000][1099914][info ][safepoint   ] Safepoint "G1CollectForAllocation", Time since last: 694215717 ns, Reaching safepoint: 10155 ns, Cleanup: 3926 ns, At safepoint: 3703855 ns, Total: 3717936 ns
[2025-08-28T13:43:43.343+0000][1099914][info ][safepoint   ] Safepoint "Cleanup", Time since last: 3000217461 ns, Reaching safepoint: 10235 ns, Cleanup: 10496 ns, At safepoint: 2604 ns, Total: 23335 ns
[2025-08-28T13:43:44.343+0000][1099914][info ][safepoint   ] Safepoint "Cleanup", Time since last: 1000103056 ns, Reaching safepoint: 43145 ns, Cleanup: 13070 ns, At safepoint: 4817 ns, Total: 61032 ns
[2025-08-28T13:43:45.657+0000][1099914][info ][gc,start    ] GC(34) Pause Young (Normal) (G1 Evacuation Pause)
[2025-08-28T13:43:45.657+0000][1099914][info ][gc,task     ] GC(34) Using 12 workers of 33 for evacuation
[2025-08-28T13:43:45.657+0000][1099914][debug][gc,age      ] GC(34) Desired survivor size 20971520 bytes, new threshold 15 (max threshold 15)
[2025-08-28T13:43:45.660+0000][1099914][info ][gc,phases   ] GC(34)   Pre Evacuate Collection Set: 0.1ms
[2025-08-28T13:43:45.660+0000][1099914][info ][gc,phases   ] GC(34)   Merge Heap Roots: 0.1ms
[2025-08-28T13:43:45.660+0000][1099914][info ][gc,phases   ] GC(34)   Evacuate Collection Set: 2.6ms
[2025-08-28T13:43:45.660+0000][1099914][info ][gc,phases   ] GC(34)   Post Evacuate Collection Set: 0.5ms
[2025-08-28T13:43:45.660+0000][1099914][info ][gc,phases   ] GC(34)   Other: 0.0ms
[2025-08-28T13:43:45.660+0000][1099914][trace][gc,age      ] GC(34) Age table with threshold 15 (max threshold 15)
[2025-08-28T13:43:45.660+0000][1099914][trace][gc,age      ] GC(34) - age   1:     541008 bytes,     541008 total
[2025-08-28T13:43:45.660+0000][1099914][trace][gc,age      ] GC(34) - age   2:        592 bytes,     541600 total
[2025-08-28T13:43:45.660+0000][1099914][trace][gc,age      ] GC(34) - age   3:       2152 bytes,     543752 total
[2025-08-28T13:43:45.660+0000][1099914][trace][gc,age      ] GC(34) - age   4:      14072 bytes,     557824 total
[2025-08-28T13:43:45.660+0000][1099914][trace][gc,age      ] GC(34) - age   5:       1496 bytes,     559320 total
[2025-08-28T13:43:45.660+0000][1099914][trace][gc,age      ] GC(34) - age   6:      10720 bytes,     570040 total
[2025-08-28T13:43:45.660+0000][1099914][trace][gc,age      ] GC(34) - age   7:        512 bytes,     570552 total
[2025-08-28T13:43:45.660+0000][1099914][trace][gc,age      ] GC(34) - age   8:        264 bytes,     570816 total
[2025-08-28T13:43:45.660+0000][1099914][trace][gc,age      ] GC(34) - age   9:       1232 bytes,     572048 total
[2025-08-28T13:43:45.660+0000][1099914][trace][gc,age      ] GC(34) - age  10:      11320 bytes,     583368 total
[2025-08-28T13:43:45.660+0000][1099914][trace][gc,age      ] GC(34) - age  11:      90136 bytes,     673504 total
[2025-08-28T13:43:45.660+0000][1099914][trace][gc,age      ] GC(34) - age  12:       2144 bytes,     675648 total
[2025-08-28T13:43:45.660+0000][1099914][trace][gc,age      ] GC(34) - age  13:       3656 bytes,     679304 total
[2025-08-28T13:43:45.660+0000][1099914][trace][gc,age      ] GC(34) - age  14:      10912 bytes,     690216 total
[2025-08-28T13:43:45.660+0000][1099914][trace][gc,age      ] GC(34) - age  15:   15050768 bytes,   15740984 total
[2025-08-28T13:43:45.660+0000][1099914][info ][gc,heap     ] GC(34) Eden regions: 71->0(71)
[2025-08-28T13:43:45.660+0000][1099914][info ][gc,heap     ] GC(34) Survivor regions: 5->5(10)
[2025-08-28T13:43:45.660+0000][1099914][info ][gc,heap     ] GC(34) Old regions: 20->20
[2025-08-28T13:43:45.660+0000][1099914][info ][gc,heap     ] GC(34) Humongous regions: 0->0
[2025-08-28T13:43:45.660+0000][1099914][info ][gc,metaspace] GC(34) Metaspace: 136088K(139904K)->136088K(139904K) NonClass: 117600K(119616K)->117600K(119616K) Class: 18488K(20288K)->18488K(20288K)
[2025-08-28T13:43:45.660+0000][1099914][info ][gc          ] GC(34) Pause Young (Normal) (G1 Evacuation Pause) 378M->94M(512M) 3.496ms
[2025-08-28T13:43:45.660+0000][1099914][info ][gc,cpu      ] GC(34) User=0.02s Sys=0.00s Real=0.00s
[2025-08-28T13:43:45.660+0000][1099914][info ][safepoint   ] Safepoint "G1CollectForAllocation", Time since last: 1313276954 ns, Reaching safepoint: 9364 ns, Cleanup: 10816 ns, At safepoint: 3561832 ns, Total: 3582012 ns
[2025-08-28T13:43:46.660+0000][1099914][info ][safepoint   ] Safepoint "Cleanup", Time since last: 1000088855 ns, Reaching safepoint: 10646 ns, Cleanup: 14561 ns, At safepoint: 2514 ns, Total: 27721 ns
[2025-08-28T13:43:47.661+0000][1099914][info ][safepoint   ] Safepoint "Cleanup", Time since last: 1000104819 ns, Reaching safepoint: 10356 ns, Cleanup: 19689 ns, At safepoint: 2754 ns, Total: 32799 ns
[2025-08-28T13:43:48.661+0000][1099914][info ][safepoint   ] Safepoint "Cleanup", Time since last: 1000106442 ns, Reaching safepoint: 25398 ns, Cleanup: 23505 ns, At safepoint: 4958 ns, Total: 53861 ns
[2025-08-28T13:43:49.476+0000][1099914][info ][gc,start    ] GC(35) Pause Young (Normal) (G1 Evacuation Pause)
[2025-08-28T13:43:49.476+0000][1099914][info ][gc,task     ] GC(35) Using 12 workers of 33 for evacuation
[2025-08-28T13:43:49.476+0000][1099914][debug][gc,age      ] GC(35) Desired survivor size 20971520 bytes, new threshold 15 (max threshold 15)
[2025-08-28T13:43:49.481+0000][1099914][info ][gc,phases   ] GC(35)   Pre Evacuate Collection Set: 0.2ms
[2025-08-28T13:43:49.481+0000][1099914][info ][gc,phases   ] GC(35)   Merge Heap Roots: 0.1ms
[2025-08-28T13:43:49.481+0000][1099914][info ][gc,phases   ] GC(35)   Evacuate Collection Set: 3.7ms
[2025-08-28T13:43:49.481+0000][1099914][info ][gc,phases   ] GC(35)   Post Evacuate Collection Set: 0.5ms
[2025-08-28T13:43:49.481+0000][1099914][info ][gc,phases   ] GC(35)   Other: 0.1ms
[2025-08-28T13:43:49.481+0000][1099914][trace][gc,age      ] GC(35) Age table with threshold 15 (max threshold 15)
[2025-08-28T13:43:49.481+0000][1099914][trace][gc,age      ] GC(35) - age   1:     689064 bytes,     689064 total
[2025-08-28T13:43:49.481+0000][1099914][trace][gc,age      ] GC(35) - age   2:        928 bytes,     689992 total
[2025-08-28T13:43:49.481+0000][1099914][trace][gc,age      ] GC(35) - age   3:        592 bytes,     690584 total
[2025-08-28T13:43:49.481+0000][1099914][trace][gc,age      ] GC(35) - age   4:       2152 bytes,     692736 total
[2025-08-28T13:43:49.481+0000][1099914][trace][gc,age      ] GC(35) - age   5:      14040 bytes,     706776 total
[2025-08-28T13:43:49.481+0000][1099914][trace][gc,age      ] GC(35) - age   6:       1496 bytes,     708272 total
[2025-08-28T13:43:49.481+0000][1099914][trace][gc,age      ] GC(35) - age   7:      10312 bytes,     718584 total
[2025-08-28T13:43:49.481+0000][1099914][trace][gc,age      ] GC(35) - age   8:        512 bytes,     719096 total
[2025-08-28T13:43:49.481+0000][1099914][trace][gc,age      ] GC(35) - age   9:        264 bytes,     719360 total
[2025-08-28T13:43:49.481+0000][1099914][trace][gc,age      ] GC(35) - age  10:       1232 bytes,     720592 total
[2025-08-28T13:43:49.481+0000][1099914][trace][gc,age      ] GC(35) - age  11:      11128 bytes,     731720 total
[2025-08-28T13:43:49.481+0000][1099914][trace][gc,age      ] GC(35) - age  12:      89672 bytes,     821392 total
[2025-08-28T13:43:49.481+0000][1099914][trace][gc,age      ] GC(35) - age  13:       2144 bytes,     823536 total
[2025-08-28T13:43:49.481+0000][1099914][trace][gc,age      ] GC(35) - age  14:       3624 bytes,     827160 total
[2025-08-28T13:43:49.481+0000][1099914][trace][gc,age      ] GC(35) - age  15:      10912 bytes,     838072 total
[2025-08-28T13:43:49.481+0000][1099914][info ][gc,heap     ] GC(35) Eden regions: 71->0(75)
[2025-08-28T13:43:49.481+0000][1099914][info ][gc,heap     ] GC(35) Survivor regions: 5->1(10)
[2025-08-28T13:43:49.481+0000][1099914][info ][gc,heap     ] GC(35) Old regions: 20->24
[2025-08-28T13:43:49.481+0000][1099914][info ][gc,heap     ] GC(35) Humongous regions: 0->0
[2025-08-28T13:43:49.481+0000][1099914][info ][gc,metaspace] GC(35) Metaspace: 136226K(140032K)->136226K(140032K) NonClass: 117717K(119744K)->117717K(119744K) Class: 18509K(20288K)->18509K(20288K)
[2025-08-28T13:43:49.481+0000][1099914][info ][gc          ] GC(35) Pause Young (Normal) (G1 Evacuation Pause) 378M->96M(512M) 4.755ms
[2025-08-28T13:43:49.481+0000][1099914][info ][gc,cpu      ] GC(35) User=0.03s Sys=0.00s Real=0.01s
[2025-08-28T13:43:49.481+0000][1099914][info ][safepoint   ] Safepoint "G1CollectForAllocation", Time since last: 815097032 ns, Reaching safepoint: 13030 ns, Cleanup: 64377 ns, At safepoint: 4817919 ns, Total: 4895326 ns
[2025-08-28T13:43:50.481+0000][1099914][info ][safepoint   ] Safepoint "Cleanup", Time since last: 1000084628 ns, Reaching safepoint: 11117 ns, Cleanup: 21813 ns, At safepoint: 2574 ns, Total: 35504 ns
[2025-08-28T13:43:51.481+0000][1099914][info ][safepoint   ] Safepoint "Cleanup", Time since last: 1000107052 ns, Reaching safepoint: 10416 ns, Cleanup: 17906 ns, At safepoint: 2654 ns, Total: 30976 ns
[2025-08-28T13:43:52.481+0000][1099914][info ][safepoint   ] Safepoint "Cleanup", Time since last: 1000102015 ns, Reaching safepoint: 15994 ns, Cleanup: 24587 ns, At safepoint: 2744 ns, Total: 43325 ns
[2025-08-28T13:43:53.481+0000][1099914][info ][safepoint   ] Safepoint "Cleanup", Time since last: 1000106261 ns, Reaching safepoint: 11037 ns, Cleanup: 10976 ns, At safepoint: 2905 ns, Total: 24918 ns
[2025-08-28T13:43:54.341+0000][1099914][info ][gc,start    ] GC(36) Pause Young (Normal) (G1 Evacuation Pause)
[2025-08-28T13:43:54.341+0000][1099914][info ][gc,task     ] GC(36) Using 12 workers of 33 for evacuation
[2025-08-28T13:43:54.341+0000][1099914][debug][gc,age      ] GC(36) Desired survivor size 20971520 bytes, new threshold 15 (max threshold 15)
[2025-08-28T13:43:54.345+0000][1099914][info ][gc,phases   ] GC(36)   Pre Evacuate Collection Set: 0.2ms
[2025-08-28T13:43:54.345+0000][1099914][info ][gc,phases   ] GC(36)   Merge Heap Roots: 0.1ms
[2025-08-28T13:43:54.345+0000][1099914][info ][gc,phases   ] GC(36)   Evacuate Collection Set: 3.0ms
[2025-08-28T13:43:54.345+0000][1099914][info ][gc,phases   ] GC(36)   Post Evacuate Collection Set: 0.8ms
[2025-08-28T13:43:54.345+0000][1099914][info ][gc,phases   ] GC(36)   Other: 0.1ms
[2025-08-28T13:43:54.345+0000][1099914][trace][gc,age      ] GC(36) Age table with threshold 15 (max threshold 15)
[2025-08-28T13:43:54.345+0000][1099914][trace][gc,age      ] GC(36) - age   1:     566624 bytes,     566624 total
[2025-08-28T13:43:54.345+0000][1099914][trace][gc,age      ] GC(36) - age   2:     147328 bytes,     713952 total
[2025-08-28T13:43:54.345+0000][1099914][trace][gc,age      ] GC(36) - age   3:        928 bytes,     714880 total
[2025-08-28T13:43:54.345+0000][1099914][trace][gc,age      ] GC(36) - age   4:        592 bytes,     715472 total
[2025-08-28T13:43:54.345+0000][1099914][trace][gc,age      ] GC(36) - age   5:       2120 bytes,     717592 total
[2025-08-28T13:43:54.345+0000][1099914][trace][gc,age      ] GC(36) - age   6:       3728 bytes,     721320 total
[2025-08-28T13:43:54.345+0000][1099914][trace][gc,age      ] GC(36) - age   7:       1320 bytes,     722640 total
[2025-08-28T13:43:54.345+0000][1099914][trace][gc,age      ] GC(36) - age   8:      10000 bytes,     732640 total
[2025-08-28T13:43:54.345+0000][1099914][trace][gc,age      ] GC(36) - age   9:        512 bytes,     733152 total
[2025-08-28T13:43:54.345+0000][1099914][trace][gc,age      ] GC(36) - age  10:        264 bytes,     733416 total
[2025-08-28T13:43:54.345+0000][1099914][trace][gc,age      ] GC(36) - age  11:       1232 bytes,     734648 total
[2025-08-28T13:43:54.345+0000][1099914][trace][gc,age      ] GC(36) - age  12:      11096 bytes,     745744 total
[2025-08-28T13:43:54.345+0000][1099914][trace][gc,age      ] GC(36) - age  13:      89672 bytes,     835416 total
[2025-08-28T13:43:54.345+0000][1099914][trace][gc,age      ] GC(36) - age  14:       2144 bytes,     837560 total
[2025-08-28T13:43:54.345+0000][1099914][trace][gc,age      ] GC(36) - age  15:       3624 bytes,     841184 total
[2025-08-28T13:43:54.345+0000][1099914][info ][gc,heap     ] GC(36) Eden regions: 75->0(75)
[2025-08-28T13:43:54.345+0000][1099914][info ][gc,heap     ] GC(36) Survivor regions: 1->1(10)
[2025-08-28T13:43:54.345+0000][1099914][info ][gc,heap     ] GC(36) Old regions: 24->24
[2025-08-28T13:43:54.345+0000][1099914][info ][gc,heap     ] GC(36) Humongous regions: 0->0
[2025-08-28T13:43:54.345+0000][1099914][info ][gc,metaspace] GC(36) Metaspace: 136238K(140032K)->136238K(140032K) NonClass: 117729K(119744K)->117729K(119744K) Class: 18509K(20288K)->18509K(20288K)
[2025-08-28T13:43:54.345+0000][1099914][info ][gc          ] GC(36) Pause Young (Normal) (G1 Evacuation Pause) 396M->95M(512M) 4.308ms
[2025-08-28T13:43:54.345+0000][1099914][info ][gc,cpu      ] GC(36) User=0.02s Sys=0.01s Real=0.00s
[2025-08-28T13:43:54.345+0000][1099914][info ][safepoint   ] Safepoint "G1CollectForAllocation", Time since last: 859302011 ns, Reaching safepoint: 41392 ns, Cleanup: 11948 ns, At safepoint: 4372169 ns, Total: 4425509 ns
[2025-08-28T13:43:55.345+0000][1099914][info ][safepoint   ] Safepoint "Cleanup", Time since last: 1000091810 ns, Reaching safepoint: 11236 ns, Cleanup: 13060 ns, At safepoint: 2955 ns, Total: 27251 ns
[2025-08-28T13:43:56.345+0000][1099914][info ][safepoint   ] Safepoint "Cleanup", Time since last: 1000106902 ns, Reaching safepoint: 10365 ns, Cleanup: 11948 ns, At safepoint: 2744 ns, Total: 25057 ns
[2025-08-28T13:43:58.345+0000][1099914][info ][safepoint   ] Safepoint "Cleanup", Time since last: 2000174285 ns, Reaching safepoint: 10636 ns, Cleanup: 12919 ns, At safepoint: 2805 ns, Total: 26360 ns
[2025-08-28T13:43:59.844+0000][1099914][info ][gc,start    ] GC(37) Pause Young (Normal) (G1 Evacuation Pause)
[2025-08-28T13:43:59.844+0000][1099914][info ][gc,task     ] GC(37) Using 12 workers of 33 for evacuation
[2025-08-28T13:43:59.844+0000][1099914][debug][gc,age      ] GC(37) Desired survivor size 20971520 bytes, new threshold 15 (max threshold 15)
[2025-08-28T13:43:59.846+0000][1099914][info ][gc,phases   ] GC(37)   Pre Evacuate Collection Set: 0.2ms
[2025-08-28T13:43:59.846+0000][1099914][info ][gc,phases   ] GC(37)   Merge Heap Roots: 0.1ms
[2025-08-28T13:43:59.846+0000][1099914][info ][gc,phases   ] GC(37)   Evacuate Collection Set: 1.1ms
[2025-08-28T13:43:59.846+0000][1099914][info ][gc,phases   ] GC(37)   Post Evacuate Collection Set: 0.4ms
[2025-08-28T13:43:59.846+0000][1099914][info ][gc,phases   ] GC(37)   Other: 0.0ms
[2025-08-28T13:43:59.846+0000][1099914][trace][gc,age      ] GC(37) Age table with threshold 15 (max threshold 15)
[2025-08-28T13:43:59.846+0000][1099914][trace][gc,age      ] GC(37) - age   1:     558696 bytes,     558696 total
[2025-08-28T13:43:59.846+0000][1099914][trace][gc,age      ] GC(37) - age   2:      11368 bytes,     570064 total
[2025-08-28T13:43:59.846+0000][1099914][trace][gc,age      ] GC(37) - age   3:     145912 bytes,     715976 total
[2025-08-28T13:43:59.846+0000][1099914][trace][gc,age      ] GC(37) - age   4:        368 bytes,     716344 total
[2025-08-28T13:43:59.846+0000][1099914][trace][gc,age      ] GC(37) - age   5:        592 bytes,     716936 total
[2025-08-28T13:43:59.846+0000][1099914][trace][gc,age      ] GC(37) - age   6:       2120 bytes,     719056 total
[2025-08-28T13:43:59.846+0000][1099914][trace][gc,age      ] GC(37) - age   7:       1984 bytes,     721040 total
[2025-08-28T13:43:59.846+0000][1099914][trace][gc,age      ] GC(37) - age   8:       1320 bytes,     722360 total
[2025-08-28T13:43:59.846+0000][1099914][trace][gc,age      ] GC(37) - age   9:      10000 bytes,     732360 total
[2025-08-28T13:43:59.846+0000][1099914][trace][gc,age      ] GC(37) - age  10:        512 bytes,     732872 total
[2025-08-28T13:43:59.846+0000][1099914][trace][gc,age      ] GC(37) - age  11:        264 bytes,     733136 total
[2025-08-28T13:43:59.846+0000][1099914][trace][gc,age      ] GC(37) - age  12:       1232 bytes,     734368 total
[2025-08-28T13:43:59.846+0000][1099914][trace][gc,age      ] GC(37) - age  13:      11096 bytes,     745464 total
[2025-08-28T13:43:59.846+0000][1099914][trace][gc,age      ] GC(37) - age  14:      89672 bytes,     835136 total
[2025-08-28T13:43:59.846+0000][1099914][trace][gc,age      ] GC(37) - age  15:       2144 bytes,     837280 total
[2025-08-28T13:43:59.846+0000][1099914][info ][gc,heap     ] GC(37) Eden regions: 75->0(75)
[2025-08-28T13:43:59.846+0000][1099914][info ][gc,heap     ] GC(37) Survivor regions: 1->1(10)
[2025-08-28T13:43:59.846+0000][1099914][info ][gc,heap     ] GC(37) Old regions: 24->24
[2025-08-28T13:43:59.846+0000][1099914][info ][gc,heap     ] GC(37) Humongous regions: 0->0
[2025-08-28T13:43:59.846+0000][1099914][info ][gc,metaspace] GC(37) Metaspace: 136239K(140032K)->136239K(140032K) NonClass: 117730K(119744K)->117730K(119744K) Class: 18509K(20288K)->18509K(20288K)
[2025-08-28T13:43:59.846+0000][1099914][info ][gc          ] GC(37) Pause Young (Normal) (G1 Evacuation Pause) 395M->95M(512M) 1.946ms
[2025-08-28T13:43:59.846+0000][1099914][info ][gc,cpu      ] GC(37) User=0.01s Sys=0.00s Real=0.00s
[2025-08-28T13:43:59.846+0000][1099914][info ][safepoint   ] Safepoint "G1CollectForAllocation", Time since last: 1498462186 ns, Reaching safepoint: 36275 ns, Cleanup: 4036 ns, At safepoint: 2008317 ns, Total: 2048628 ns
[2025-08-28T13:44:00.846+0000][1099914][info ][safepoint   ] Safepoint "Cleanup", Time since last: 1000074423 ns, Reaching safepoint: 9715 ns, Cleanup: 13751 ns, At safepoint: 2584 ns, Total: 26050 ns
[2025-08-28T13:44:01.846+0000][1099914][info ][safepoint   ] Safepoint "Cleanup", Time since last: 1000109405 ns, Reaching safepoint: 10466 ns, Cleanup: 10967 ns, At safepoint: 3084 ns, Total: 24517 ns
[2025-08-28T13:44:04.846+0000][1099914][info ][safepoint   ] Safepoint "Cleanup", Time since last: 3000246835 ns, Reaching safepoint: 38188 ns, Cleanup: 10005 ns, At safepoint: 2423 ns, Total: 50616 ns
[2025-08-28T13:44:05.444+0000][1099914][info ][gc,start    ] GC(38) Pause Young (Normal) (G1 Evacuation Pause)
[2025-08-28T13:44:05.444+0000][1099914][info ][gc,task     ] GC(38) Using 12 workers of 33 for evacuation
[2025-08-28T13:44:05.444+0000][1099914][debug][gc,age      ] GC(38) Desired survivor size 20971520 bytes, new threshold 15 (max threshold 15)
[2025-08-28T13:44:05.446+0000][1099914][info ][gc,phases   ] GC(38)   Pre Evacuate Collection Set: 0.1ms
[2025-08-28T13:44:05.446+0000][1099914][info ][gc,phases   ] GC(38)   Merge Heap Roots: 0.0ms
[2025-08-28T13:44:05.446+0000][1099914][info ][gc,phases   ] GC(38)   Evacuate Collection Set: 1.8ms
[2025-08-28T13:44:05.446+0000][1099914][info ][gc,phases   ] GC(38)   Post Evacuate Collection Set: 0.5ms
[2025-08-28T13:44:05.446+0000][1099914][info ][gc,phases   ] GC(38)   Other: 0.1ms
[2025-08-28T13:44:05.446+0000][1099914][trace][gc,age      ] GC(38) Age table with threshold 15 (max threshold 15)
[2025-08-28T13:44:05.446+0000][1099914][trace][gc,age      ] GC(38) - age   1:     541104 bytes,     541104 total
[2025-08-28T13:44:05.446+0000][1099914][trace][gc,age      ] GC(38) - age   2:       4000 bytes,     545104 total
[2025-08-28T13:44:05.446+0000][1099914][trace][gc,age      ] GC(38) - age   3:      11368 bytes,     556472 total
[2025-08-28T13:44:05.446+0000][1099914][trace][gc,age      ] GC(38) - age   4:     145912 bytes,     702384 total
[2025-08-28T13:44:05.446+0000][1099914][trace][gc,age      ] GC(38) - age   5:        368 bytes,     702752 total
[2025-08-28T13:44:05.446+0000][1099914][trace][gc,age      ] GC(38) - age   6:        592 bytes,     703344 total
[2025-08-28T13:44:05.446+0000][1099914][trace][gc,age      ] GC(38) - age   7:       2120 bytes,     705464 total
[2025-08-28T13:44:05.446+0000][1099914][trace][gc,age      ] GC(38) - age   8:       1984 bytes,     707448 total
[2025-08-28T13:44:05.446+0000][1099914][trace][gc,age      ] GC(38) - age   9:       1320 bytes,     708768 total
[2025-08-28T13:44:05.446+0000][1099914][trace][gc,age      ] GC(38) - age  10:      10000 bytes,     718768 total
[2025-08-28T13:44:05.446+0000][1099914][trace][gc,age      ] GC(38) - age  11:        512 bytes,     719280 total
[2025-08-28T13:44:05.446+0000][1099914][trace][gc,age      ] GC(38) - age  12:        264 bytes,     719544 total
[2025-08-28T13:44:05.446+0000][1099914][trace][gc,age      ] GC(38) - age  13:       1232 bytes,     720776 total
[2025-08-28T13:44:05.446+0000][1099914][trace][gc,age      ] GC(38) - age  14:      11096 bytes,     731872 total
[2025-08-28T13:44:05.446+0000][1099914][trace][gc,age      ] GC(38) - age  15:      89672 bytes,     821544 total
[2025-08-28T13:44:05.446+0000][1099914][info ][gc,heap     ] GC(38) Eden regions: 75->0(75)
[2025-08-28T13:44:05.446+0000][1099914][info ][gc,heap     ] GC(38) Survivor regions: 1->1(10)
[2025-08-28T13:44:05.446+0000][1099914][info ][gc,heap     ] GC(38) Old regions: 24->24
[2025-08-28T13:44:05.446+0000][1099914][info ][gc,heap     ] GC(38) Humongous regions: 0->0
[2025-08-28T13:44:05.446+0000][1099914][info ][gc,metaspace] GC(38) Metaspace: 136242K(140032K)->136242K(140032K) NonClass: 117733K(119744K)->117733K(119744K) Class: 18509K(20288K)->18509K(20288K)
[2025-08-28T13:44:05.446+0000][1099914][info ][gc          ] GC(38) Pause Young (Normal) (G1 Evacuation Pause) 395M->95M(512M) 2.785ms
[2025-08-28T13:44:05.446+0000][1099914][info ][gc,cpu      ] GC(38) User=0.01s Sys=0.00s Real=0.00s
[2025-08-28T13:44:05.446+0000][1099914][info ][safepoint   ] Safepoint "G1CollectForAllocation", Time since last: 597008663 ns, Reaching safepoint: 10476 ns, Cleanup: 4246 ns, At safepoint: 2899507 ns, Total: 2914229 ns
[2025-08-28T13:44:07.447+0000][1099914][info ][safepoint   ] Safepoint "Cleanup", Time since last: 2000148633 ns, Reaching safepoint: 11428 ns, Cleanup: 11076 ns, At safepoint: 3245 ns, Total: 25749 ns
[2025-08-28T13:44:09.447+0000][1099914][info ][safepoint   ] Safepoint "Cleanup", Time since last: 2000113295 ns, Reaching safepoint: 11047 ns, Cleanup: 12088 ns, At safepoint: 2694 ns, Total: 25829 ns
[2025-08-28T13:44:11.040+0000][1099914][info ][gc,start    ] GC(39) Pause Young (Normal) (G1 Evacuation Pause)
[2025-08-28T13:44:11.040+0000][1099914][info ][gc,task     ] GC(39) Using 12 workers of 33 for evacuation
[2025-08-28T13:44:11.040+0000][1099914][debug][gc,age      ] GC(39) Desired survivor size 20971520 bytes, new threshold 15 (max threshold 15)
[2025-08-28T13:44:11.042+0000][1099914][info ][gc,phases   ] GC(39)   Pre Evacuate Collection Set: 0.1ms
[2025-08-28T13:44:11.042+0000][1099914][info ][gc,phases   ] GC(39)   Merge Heap Roots: 0.1ms
[2025-08-28T13:44:11.042+0000][1099914][info ][gc,phases   ] GC(39)   Evacuate Collection Set: 1.4ms
[2025-08-28T13:44:11.042+0000][1099914][info ][gc,phases   ] GC(39)   Post Evacuate Collection Set: 0.5ms
[2025-08-28T13:44:11.042+0000][1099914][info ][gc,phases   ] GC(39)   Other: 0.1ms
[2025-08-28T13:44:11.042+0000][1099914][trace][gc,age      ] GC(39) Age table with threshold 15 (max threshold 15)
[2025-08-28T13:44:11.042+0000][1099914][trace][gc,age      ] GC(39) - age   1:     556168 bytes,     556168 total
[2025-08-28T13:44:11.042+0000][1099914][trace][gc,age      ] GC(39) - age   2:       1072 bytes,     557240 total
[2025-08-28T13:44:11.042+0000][1099914][trace][gc,age      ] GC(39) - age   3:       4000 bytes,     561240 total
[2025-08-28T13:44:11.042+0000][1099914][trace][gc,age      ] GC(39) - age   4:      11368 bytes,     572608 total
[2025-08-28T13:44:11.042+0000][1099914][trace][gc,age      ] GC(39) - age   5:     145912 bytes,     718520 total
[2025-08-28T13:44:11.042+0000][1099914][trace][gc,age      ] GC(39) - age   6:        368 bytes,     718888 total
[2025-08-28T13:44:11.042+0000][1099914][trace][gc,age      ] GC(39) - age   7:        368 bytes,     719256 total
[2025-08-28T13:44:11.042+0000][1099914][trace][gc,age      ] GC(39) - age   8:       2120 bytes,     721376 total
[2025-08-28T13:44:11.042+0000][1099914][trace][gc,age      ] GC(39) - age   9:       1984 bytes,     723360 total
[2025-08-28T13:44:11.042+0000][1099914][trace][gc,age      ] GC(39) - age  10:       1320 bytes,     724680 total
[2025-08-28T13:44:11.042+0000][1099914][trace][gc,age      ] GC(39) - age  11:      10000 bytes,     734680 total
[2025-08-28T13:44:11.042+0000][1099914][trace][gc,age      ] GC(39) - age  12:        512 bytes,     735192 total
[2025-08-28T13:44:11.042+0000][1099914][trace][gc,age      ] GC(39) - age  13:        264 bytes,     735456 total
[2025-08-28T13:44:11.042+0000][1099914][trace][gc,age      ] GC(39) - age  14:       1232 bytes,     736688 total
[2025-08-28T13:44:11.042+0000][1099914][trace][gc,age      ] GC(39) - age  15:      11096 bytes,     747784 total
[2025-08-28T13:44:11.042+0000][1099914][info ][gc,heap     ] GC(39) Eden regions: 75->0(75)
[2025-08-28T13:44:11.042+0000][1099914][info ][gc,heap     ] GC(39) Survivor regions: 1->1(10)
[2025-08-28T13:44:11.042+0000][1099914][info ][gc,heap     ] GC(39) Old regions: 24->24
[2025-08-28T13:44:11.042+0000][1099914][info ][gc,heap     ] GC(39) Humongous regions: 0->0
[2025-08-28T13:44:11.042+0000][1099914][info ][gc,metaspace] GC(39) Metaspace: 136243K(140032K)->136243K(140032K) NonClass: 117733K(119744K)->117733K(119744K) Class: 18509K(20288K)->18509K(20288K)
[2025-08-28T13:44:11.042+0000][1099914][info ][gc          ] GC(39) Pause Young (Normal) (G1 Evacuation Pause) 395M->95M(512M) 2.349ms
[2025-08-28T13:44:11.042+0000][1099914][info ][gc,cpu      ] GC(39) User=0.01s Sys=0.00s Real=0.01s
[2025-08-28T13:44:11.042+0000][1099914][info ][safepoint   ] Safepoint "G1CollectForAllocation", Time since last: 1592940651 ns, Reaching safepoint: 12068 ns, Cleanup: 5528 ns, At safepoint: 2476361 ns, Total: 2493957 ns
[2025-08-28T13:44:16.043+0000][1099914][info ][safepoint   ] Safepoint "Cleanup", Time since last: 5000400468 ns, Reaching safepoint: 41943 ns, Cleanup: 34492 ns, At safepoint: 3555 ns, Total: 79990 ns
[2025-08-28T13:44:16.732+0000][1099914][info ][gc,start    ] GC(40) Pause Young (Normal) (G1 Evacuation Pause)
[2025-08-28T13:44:16.732+0000][1099914][info ][gc,task     ] GC(40) Using 12 workers of 33 for evacuation
[2025-08-28T13:44:16.732+0000][1099914][debug][gc,age      ] GC(40) Desired survivor size 20971520 bytes, new threshold 15 (max threshold 15)
[2025-08-28T13:44:16.734+0000][1099914][info ][gc,phases   ] GC(40)   Pre Evacuate Collection Set: 0.2ms
[2025-08-28T13:44:16.734+0000][1099914][info ][gc,phases   ] GC(40)   Merge Heap Roots: 0.1ms
[2025-08-28T13:44:16.734+0000][1099914][info ][gc,phases   ] GC(40)   Evacuate Collection Set: 1.3ms
[2025-08-28T13:44:16.734+0000][1099914][info ][gc,phases   ] GC(40)   Post Evacuate Collection Set: 0.4ms
[2025-08-28T13:44:16.734+0000][1099914][info ][gc,phases   ] GC(40)   Other: 0.1ms
[2025-08-28T13:44:16.734+0000][1099914][trace][gc,age      ] GC(40) Age table with threshold 15 (max threshold 15)
[2025-08-28T13:44:16.734+0000][1099914][trace][gc,age      ] GC(40) - age   1:     559640 bytes,     559640 total
[2025-08-28T13:44:16.734+0000][1099914][trace][gc,age      ] GC(40) - age   2:        544 bytes,     560184 total
[2025-08-28T13:44:16.734+0000][1099914][trace][gc,age      ] GC(40) - age   3:        832 bytes,     561016 total
[2025-08-28T13:44:16.734+0000][1099914][trace][gc,age      ] GC(40) - age   4:       3040 bytes,     564056 total
[2025-08-28T13:44:16.734+0000][1099914][trace][gc,age      ] GC(40) - age   5:      11368 bytes,     575424 total
[2025-08-28T13:44:16.734+0000][1099914][trace][gc,age      ] GC(40) - age   6:     145912 bytes,     721336 total
[2025-08-28T13:44:16.734+0000][1099914][trace][gc,age      ] GC(40) - age   7:        256 bytes,     721592 total
[2025-08-28T13:44:16.734+0000][1099914][trace][gc,age      ] GC(40) - age   8:        368 bytes,     721960 total
[2025-08-28T13:44:16.734+0000][1099914][trace][gc,age      ] GC(40) - age   9:       2120 bytes,     724080 total
[2025-08-28T13:44:16.734+0000][1099914][trace][gc,age      ] GC(40) - age  10:       1984 bytes,     726064 total
[2025-08-28T13:44:16.734+0000][1099914][trace][gc,age      ] GC(40) - age  11:       1320 bytes,     727384 total
[2025-08-28T13:44:16.734+0000][1099914][trace][gc,age      ] GC(40) - age  12:       9888 bytes,     737272 total
[2025-08-28T13:44:16.734+0000][1099914][trace][gc,age      ] GC(40) - age  13:        512 bytes,     737784 total
[2025-08-28T13:44:16.734+0000][1099914][trace][gc,age      ] GC(40) - age  14:        264 bytes,     738048 total
[2025-08-28T13:44:16.734+0000][1099914][trace][gc,age      ] GC(40) - age  15:       1232 bytes,     739280 total
[2025-08-28T13:44:16.734+0000][1099914][info ][gc,heap     ] GC(40) Eden regions: 75->0(75)
[2025-08-28T13:44:16.734+0000][1099914][info ][gc,heap     ] GC(40) Survivor regions: 1->1(10)
[2025-08-28T13:44:16.734+0000][1099914][info ][gc,heap     ] GC(40) Old regions: 24->24
[2025-08-28T13:44:16.734+0000][1099914][info ][gc,heap     ] GC(40) Humongous regions: 0->0
[2025-08-28T13:44:16.734+0000][1099914][info ][gc,metaspace] GC(40) Metaspace: 136248K(140032K)->136248K(140032K) NonClass: 117739K(119744K)->117739K(119744K) Class: 18509K(20288K)->18509K(20288K)
[2025-08-28T13:44:16.734+0000][1099914][info ][gc          ] GC(40) Pause Young (Normal) (G1 Evacuation Pause) 395M->95M(512M) 2.264ms
[2025-08-28T13:44:16.734+0000][1099914][info ][gc,cpu      ] GC(40) User=0.01s Sys=0.00s Real=0.00s
[2025-08-28T13:44:16.734+0000][1099914][info ][safepoint   ] Safepoint "G1CollectForAllocation", Time since last: 689008764 ns, Reaching safepoint: 17326 ns, Cleanup: 6620 ns, At safepoint: 2353726 ns, Total: 2377672 ns
[2025-08-28T13:44:17.827+0000][1099914][info ][safepoint   ] Safepoint "Cleanup", Time since last: 1092917443 ns, Reaching safepoint: 16905 ns, Cleanup: 18227 ns, At safepoint: 3365 ns, Total: 38497 ns
[2025-08-28T13:44:19.827+0000][1099914][info ][safepoint   ] Safepoint "Cleanup", Time since last: 2000211913 ns, Reaching safepoint: 43626 ns, Cleanup: 16895 ns, At safepoint: 5499 ns, Total: 66020 ns
[2025-08-28T13:44:22.763+0000][1099914][info ][gc,start    ] GC(41) Pause Young (Normal) (G1 Evacuation Pause)
[2025-08-28T13:44:22.763+0000][1099914][info ][gc,task     ] GC(41) Using 12 workers of 33 for evacuation
[2025-08-28T13:44:22.763+0000][1099914][debug][gc,age      ] GC(41) Desired survivor size 20971520 bytes, new threshold 15 (max threshold 15)
[2025-08-28T13:44:22.765+0000][1099914][info ][gc,phases   ] GC(41)   Pre Evacuate Collection Set: 0.1ms
[2025-08-28T13:44:22.765+0000][1099914][info ][gc,phases   ] GC(41)   Merge Heap Roots: 0.1ms
[2025-08-28T13:44:22.765+0000][1099914][info ][gc,phases   ] GC(41)   Evacuate Collection Set: 1.6ms
[2025-08-28T13:44:22.765+0000][1099914][info ][gc,phases   ] GC(41)   Post Evacuate Collection Set: 0.4ms
[2025-08-28T13:44:22.765+0000][1099914][info ][gc,phases   ] GC(41)   Other: 0.1ms
[2025-08-28T13:44:22.765+0000][1099914][trace][gc,age      ] GC(41) Age table with threshold 15 (max threshold 15)
[2025-08-28T13:44:22.765+0000][1099914][trace][gc,age      ] GC(41) - age   1:     551128 bytes,     551128 total
[2025-08-28T13:44:22.765+0000][1099914][trace][gc,age      ] GC(41) - age   2:       4776 bytes,     555904 total
[2025-08-28T13:44:22.765+0000][1099914][trace][gc,age      ] GC(41) - age   3:        544 bytes,     556448 total
[2025-08-28T13:44:22.765+0000][1099914][trace][gc,age      ] GC(41) - age   4:        832 bytes,     557280 total
[2025-08-28T13:44:22.765+0000][1099914][trace][gc,age      ] GC(41) - age   5:       3040 bytes,     560320 total
[2025-08-28T13:44:22.765+0000][1099914][trace][gc,age      ] GC(41) - age   6:       1192 bytes,     561512 total
[2025-08-28T13:44:22.765+0000][1099914][trace][gc,age      ] GC(41) - age   7:     145912 bytes,     707424 total
[2025-08-28T13:44:22.765+0000][1099914][trace][gc,age      ] GC(41) - age   8:        256 bytes,     707680 total
[2025-08-28T13:44:22.765+0000][1099914][trace][gc,age      ] GC(41) - age   9:        368 bytes,     708048 total
[2025-08-28T13:44:22.765+0000][1099914][trace][gc,age      ] GC(41) - age  10:       2120 bytes,     710168 total
[2025-08-28T13:44:22.765+0000][1099914][trace][gc,age      ] GC(41) - age  11:       1984 bytes,     712152 total
[2025-08-28T13:44:22.765+0000][1099914][trace][gc,age      ] GC(41) - age  12:       1144 bytes,     713296 total
[2025-08-28T13:44:22.765+0000][1099914][trace][gc,age      ] GC(41) - age  13:       9888 bytes,     723184 total
[2025-08-28T13:44:22.765+0000][1099914][trace][gc,age      ] GC(41) - age  14:        512 bytes,     723696 total
[2025-08-28T13:44:22.765+0000][1099914][trace][gc,age      ] GC(41) - age  15:        264 bytes,     723960 total
[2025-08-28T13:44:22.765+0000][1099914][info ][gc,heap     ] GC(41) Eden regions: 75->0(75)
[2025-08-28T13:44:22.765+0000][1099914][info ][gc,heap     ] GC(41) Survivor regions: 1->1(10)
[2025-08-28T13:44:22.765+0000][1099914][info ][gc,heap     ] GC(41) Old regions: 24->24
[2025-08-28T13:44:22.765+0000][1099914][info ][gc,heap     ] GC(41) Humongous regions: 0->0
[2025-08-28T13:44:22.765+0000][1099914][info ][gc,metaspace] GC(41) Metaspace: 136249K(140032K)->136249K(140032K) NonClass: 117740K(119744K)->117740K(119744K) Class: 18509K(20288K)->18509K(20288K)
[2025-08-28T13:44:22.765+0000][1099914][info ][gc          ] GC(41) Pause Young (Normal) (G1 Evacuation Pause) 395M->95M(512M) 2.527ms
[2025-08-28T13:44:22.765+0000][1099914][info ][gc,cpu      ] GC(41) User=0.01s Sys=0.00s Real=0.00s
[2025-08-28T13:44:22.765+0000][1099914][info ][safepoint   ] Safepoint "G1CollectForAllocation", Time since last: 2935339451 ns, Reaching safepoint: 23075 ns, Cleanup: 17366 ns, At safepoint: 2622861 ns, Total: 2663302 ns
[2025-08-28T13:44:23.765+0000][1099914][info ][safepoint   ] Safepoint "Cleanup", Time since last: 1000092436 ns, Reaching safepoint: 17376 ns, Cleanup: 16715 ns, At safepoint: 3736 ns, Total: 37827 ns
[2025-08-28T13:44:24.766+0000][1099914][info ][safepoint   ] Safepoint "Cleanup", Time since last: 1000131915 ns, Reaching safepoint: 46850 ns, Cleanup: 24728 ns, At safepoint: 3525 ns, Total: 75103 ns
[2025-08-28T13:44:28.381+0000][1099914][info ][gc,start    ] GC(42) Pause Young (Normal) (G1 Evacuation Pause)
[2025-08-28T13:44:28.381+0000][1099914][info ][gc,task     ] GC(42) Using 12 workers of 33 for evacuation
[2025-08-28T13:44:28.381+0000][1099914][debug][gc,age      ] GC(42) Desired survivor size 20971520 bytes, new threshold 15 (max threshold 15)
[2025-08-28T13:44:28.384+0000][1099914][info ][gc,phases   ] GC(42)   Pre Evacuate Collection Set: 0.2ms
[2025-08-28T13:44:28.384+0000][1099914][info ][gc,phases   ] GC(42)   Merge Heap Roots: 0.1ms
[2025-08-28T13:44:28.384+0000][1099914][info ][gc,phases   ] GC(42)   Evacuate Collection Set: 1.6ms
[2025-08-28T13:44:28.384+0000][1099914][info ][gc,phases   ] GC(42)   Post Evacuate Collection Set: 0.4ms
[2025-08-28T13:44:28.384+0000][1099914][info ][gc,phases   ] GC(42)   Other: 0.1ms
[2025-08-28T13:44:28.384+0000][1099914][trace][gc,age      ] GC(42) Age table with threshold 15 (max threshold 15)
[2025-08-28T13:44:28.384+0000][1099914][trace][gc,age      ] GC(42) - age   1:     544080 bytes,     544080 total
[2025-08-28T13:44:28.384+0000][1099914][trace][gc,age      ] GC(42) - age   2:      10792 bytes,     554872 total
[2025-08-28T13:44:28.384+0000][1099914][trace][gc,age      ] GC(42) - age   3:       3856 bytes,     558728 total
[2025-08-28T13:44:28.384+0000][1099914][trace][gc,age      ] GC(42) - age   4:        544 bytes,     559272 total
[2025-08-28T13:44:28.384+0000][1099914][trace][gc,age      ] GC(42) - age   5:        832 bytes,     560104 total
[2025-08-28T13:44:28.384+0000][1099914][trace][gc,age      ] GC(42) - age   6:       1384 bytes,     561488 total
[2025-08-28T13:44:28.384+0000][1099914][trace][gc,age      ] GC(42) - age   7:        880 bytes,     562368 total
[2025-08-28T13:44:28.384+0000][1099914][trace][gc,age      ] GC(42) - age   8:     145912 bytes,     708280 total
[2025-08-28T13:44:28.384+0000][1099914][trace][gc,age      ] GC(42) - age   9:        256 bytes,     708536 total
[2025-08-28T13:44:28.384+0000][1099914][trace][gc,age      ] GC(42) - age  10:        368 bytes,     708904 total
[2025-08-28T13:44:28.384+0000][1099914][trace][gc,age      ] GC(42) - age  11:       2120 bytes,     711024 total
[2025-08-28T13:44:28.384+0000][1099914][trace][gc,age      ] GC(42) - age  12:       1456 bytes,     712480 total
[2025-08-28T13:44:28.384+0000][1099914][trace][gc,age      ] GC(42) - age  13:       1144 bytes,     713624 total
[2025-08-28T13:44:28.384+0000][1099914][trace][gc,age      ] GC(42) - age  14:       9888 bytes,     723512 total
[2025-08-28T13:44:28.384+0000][1099914][trace][gc,age      ] GC(42) - age  15:        512 bytes,     724024 total
[2025-08-28T13:44:28.384+0000][1099914][info ][gc,heap     ] GC(42) Eden regions: 75->0(75)
[2025-08-28T13:44:28.384+0000][1099914][info ][gc,heap     ] GC(42) Survivor regions: 1->1(10)
[2025-08-28T13:44:28.384+0000][1099914][info ][gc,heap     ] GC(42) Old regions: 24->24
[2025-08-28T13:44:28.384+0000][1099914][info ][gc,heap     ] GC(42) Humongous regions: 0->0
[2025-08-28T13:44:28.384+0000][1099914][info ][gc,metaspace] GC(42) Metaspace: 136255K(140032K)->136255K(140032K) NonClass: 117746K(119744K)->117746K(119744K) Class: 18509K(20288K)->18509K(20288K)
[2025-08-28T13:44:28.384+0000][1099914][info ][gc          ] GC(42) Pause Young (Normal) (G1 Evacuation Pause) 395M->95M(512M) 2.453ms
[2025-08-28T13:44:28.384+0000][1099914][info ][gc,cpu      ] GC(42) User=0.00s Sys=0.00s Real=0.00s
[2025-08-28T13:44:28.384+0000][1099914][info ][safepoint   ] Safepoint "G1CollectForAllocation", Time since last: 3615742825 ns, Reaching safepoint: 17326 ns, Cleanup: 6450 ns, At safepoint: 2548489 ns, Total: 2572265 ns
[2025-08-28T13:44:29.384+0000][1099914][info ][safepoint   ] Safepoint "Cleanup", Time since last: 1000078635 ns, Reaching safepoint: 16365 ns, Cleanup: 18758 ns, At safepoint: 3536 ns, Total: 38659 ns
[2025-08-28T13:44:30.384+0000][1099914][info ][safepoint   ] Safepoint "Cleanup", Time since last: 1000137914 ns, Reaching safepoint: 49895 ns, Cleanup: 21352 ns, At safepoint: 6149 ns, Total: 77396 ns
[2025-08-28T13:44:33.941+0000][1099914][info ][gc,start    ] GC(43) Pause Young (Normal) (G1 Evacuation Pause)
[2025-08-28T13:44:33.941+0000][1099914][info ][gc,task     ] GC(43) Using 12 workers of 33 for evacuation
[2025-08-28T13:44:33.941+0000][1099914][debug][gc,age      ] GC(43) Desired survivor size 20971520 bytes, new threshold 15 (max threshold 15)
[2025-08-28T13:44:33.944+0000][1099914][info ][gc,phases   ] GC(43)   Pre Evacuate Collection Set: 0.1ms
[2025-08-28T13:44:33.944+0000][1099914][info ][gc,phases   ] GC(43)   Merge Heap Roots: 0.1ms
[2025-08-28T13:44:33.944+0000][1099914][info ][gc,phases   ] GC(43)   Evacuate Collection Set: 1.6ms
[2025-08-28T13:44:33.944+0000][1099914][info ][gc,phases   ] GC(43)   Post Evacuate Collection Set: 0.4ms
[2025-08-28T13:44:33.944+0000][1099914][info ][gc,phases   ] GC(43)   Other: 0.1ms
[2025-08-28T13:44:33.944+0000][1099914][trace][gc,age      ] GC(43) Age table with threshold 15 (max threshold 15)
[2025-08-28T13:44:33.944+0000][1099914][trace][gc,age      ] GC(43) - age   1:     540120 bytes,     540120 total
[2025-08-28T13:44:33.944+0000][1099914][trace][gc,age      ] GC(43) - age   2:       3984 bytes,     544104 total
[2025-08-28T13:44:33.944+0000][1099914][trace][gc,age      ] GC(43) - age   3:      10792 bytes,     554896 total
[2025-08-28T13:44:33.944+0000][1099914][trace][gc,age      ] GC(43) - age   4:       3856 bytes,     558752 total
[2025-08-28T13:44:33.944+0000][1099914][trace][gc,age      ] GC(43) - age   5:        544 bytes,     559296 total
[2025-08-28T13:44:33.944+0000][1099914][trace][gc,age      ] GC(43) - age   6:        832 bytes,     560128 total
[2025-08-28T13:44:33.944+0000][1099914][trace][gc,age      ] GC(43) - age   7:       1384 bytes,     561512 total
[2025-08-28T13:44:33.944+0000][1099914][trace][gc,age      ] GC(43) - age   8:        880 bytes,     562392 total
[2025-08-28T13:44:33.944+0000][1099914][trace][gc,age      ] GC(43) - age   9:     145912 bytes,     708304 total
[2025-08-28T13:44:33.944+0000][1099914][trace][gc,age      ] GC(43) - age  10:        256 bytes,     708560 total
[2025-08-28T13:44:33.944+0000][1099914][trace][gc,age      ] GC(43) - age  11:        368 bytes,     708928 total
[2025-08-28T13:44:33.944+0000][1099914][trace][gc,age      ] GC(43) - age  12:       2120 bytes,     711048 total
[2025-08-28T13:44:33.944+0000][1099914][trace][gc,age      ] GC(43) - age  13:       1456 bytes,     712504 total
[2025-08-28T13:44:33.944+0000][1099914][trace][gc,age      ] GC(43) - age  14:       1144 bytes,     713648 total
[2025-08-28T13:44:33.944+0000][1099914][trace][gc,age      ] GC(43) - age  15:       9888 bytes,     723536 total
[2025-08-28T13:44:33.944+0000][1099914][info ][gc,heap     ] GC(43) Eden regions: 75->0(75)
[2025-08-28T13:44:33.944+0000][1099914][info ][gc,heap     ] GC(43) Survivor regions: 1->1(10)
[2025-08-28T13:44:33.944+0000][1099914][info ][gc,heap     ] GC(43) Old regions: 24->24
[2025-08-28T13:44:33.944+0000][1099914][info ][gc,heap     ] GC(43) Humongous regions: 0->0
[2025-08-28T13:44:33.944+0000][1099914][info ][gc,metaspace] GC(43) Metaspace: 136259K(140032K)->136259K(140032K) NonClass: 117750K(119744K)->117750K(119744K) Class: 18509K(20288K)->18509K(20288K)
[2025-08-28T13:44:33.944+0000][1099914][info ][gc          ] GC(43) Pause Young (Normal) (G1 Evacuation Pause) 395M->95M(512M) 2.484ms
[2025-08-28T13:44:33.944+0000][1099914][info ][gc,cpu      ] GC(43) User=0.01s Sys=0.01s Real=0.00s
[2025-08-28T13:44:33.944+0000][1099914][info ][safepoint   ] Safepoint "G1CollectForAllocation", Time since last: 3556868889 ns, Reaching safepoint: 16525 ns, Cleanup: 14101 ns, At safepoint: 2612145 ns, Total: 2642771 ns
[2025-08-28T13:44:39.548+0000][1099914][info ][gc,start    ] GC(44) Pause Young (Normal) (G1 Evacuation Pause)
[2025-08-28T13:44:39.548+0000][1099914][info ][gc,task     ] GC(44) Using 12 workers of 33 for evacuation
[2025-08-28T13:44:39.548+0000][1099914][debug][gc,age      ] GC(44) Desired survivor size 20971520 bytes, new threshold 15 (max threshold 15)
[2025-08-28T13:44:39.551+0000][1099914][info ][gc,phases   ] GC(44)   Pre Evacuate Collection Set: 0.1ms
[2025-08-28T13:44:39.551+0000][1099914][info ][gc,phases   ] GC(44)   Merge Heap Roots: 0.1ms
[2025-08-28T13:44:39.551+0000][1099914][info ][gc,phases   ] GC(44)   Evacuate Collection Set: 1.8ms
[2025-08-28T13:44:39.551+0000][1099914][info ][gc,phases   ] GC(44)   Post Evacuate Collection Set: 0.4ms
[2025-08-28T13:44:39.551+0000][1099914][info ][gc,phases   ] GC(44)   Other: 0.0ms
[2025-08-28T13:44:39.551+0000][1099914][trace][gc,age      ] GC(44) Age table with threshold 15 (max threshold 15)
[2025-08-28T13:44:39.551+0000][1099914][trace][gc,age      ] GC(44) - age   1:     540272 bytes,     540272 total
[2025-08-28T13:44:39.551+0000][1099914][trace][gc,age      ] GC(44) - age   2:         96 bytes,     540368 total
[2025-08-28T13:44:39.551+0000][1099914][trace][gc,age      ] GC(44) - age   3:       3744 bytes,     544112 total
[2025-08-28T13:44:39.551+0000][1099914][trace][gc,age      ] GC(44) - age   4:      10792 bytes,     554904 total
[2025-08-28T13:44:39.551+0000][1099914][trace][gc,age      ] GC(44) - age   5:       3856 bytes,     558760 total
[2025-08-28T13:44:39.551+0000][1099914][trace][gc,age      ] GC(44) - age   6:        544 bytes,     559304 total
[2025-08-28T13:44:39.551+0000][1099914][trace][gc,age      ] GC(44) - age   7:        832 bytes,     560136 total
[2025-08-28T13:44:39.551+0000][1099914][trace][gc,age      ] GC(44) - age   8:       1384 bytes,     561520 total
[2025-08-28T13:44:39.551+0000][1099914][trace][gc,age      ] GC(44) - age   9:        880 bytes,     562400 total
[2025-08-28T13:44:39.551+0000][1099914][trace][gc,age      ] GC(44) - age  10:     145912 bytes,     708312 total
[2025-08-28T13:44:39.551+0000][1099914][trace][gc,age      ] GC(44) - age  11:        256 bytes,     708568 total
[2025-08-28T13:44:39.551+0000][1099914][trace][gc,age      ] GC(44) - age  12:        368 bytes,     708936 total
[2025-08-28T13:44:39.551+0000][1099914][trace][gc,age      ] GC(44) - age  13:       2120 bytes,     711056 total
[2025-08-28T13:44:39.551+0000][1099914][trace][gc,age      ] GC(44) - age  14:       1456 bytes,     712512 total
[2025-08-28T13:44:39.551+0000][1099914][trace][gc,age      ] GC(44) - age  15:       1144 bytes,     713656 total
[2025-08-28T13:44:39.551+0000][1099914][info ][gc,heap     ] GC(44) Eden regions: 75->0(75)
[2025-08-28T13:44:39.551+0000][1099914][info ][gc,heap     ] GC(44) Survivor regions: 1->1(10)
[2025-08-28T13:44:39.551+0000][1099914][info ][gc,heap     ] GC(44) Old regions: 24->24
[2025-08-28T13:44:39.551+0000][1099914][info ][gc,heap     ] GC(44) Humongous regions: 0->0
[2025-08-28T13:44:39.551+0000][1099914][info ][gc,metaspace] GC(44) Metaspace: 136260K(140032K)->136260K(140032K) NonClass: 117750K(119744K)->117750K(119744K) Class: 18509K(20288K)->18509K(20288K)
[2025-08-28T13:44:39.551+0000][1099914][info ][gc          ] GC(44) Pause Young (Normal) (G1 Evacuation Pause) 395M->95M(512M) 2.612ms
[2025-08-28T13:44:39.551+0000][1099914][info ][gc,cpu      ] GC(44) User=0.01s Sys=0.00s Real=0.01s
[2025-08-28T13:44:39.551+0000][1099914][info ][safepoint   ] Safepoint "G1CollectForAllocation", Time since last: 5604335681 ns, Reaching safepoint: 51037 ns, Cleanup: 4266 ns, At safepoint: 2691304 ns, Total: 2746607 ns
[2025-08-28T13:44:45.155+0000][1099914][info ][gc,start    ] GC(45) Pause Young (Normal) (G1 Evacuation Pause)
[2025-08-28T13:44:45.155+0000][1099914][info ][gc,task     ] GC(45) Using 12 workers of 33 for evacuation
[2025-08-28T13:44:45.155+0000][1099914][debug][gc,age      ] GC(45) Desired survivor size 20971520 bytes, new threshold 15 (max threshold 15)
[2025-08-28T13:44:45.157+0000][1099914][info ][gc,phases   ] GC(45)   Pre Evacuate Collection Set: 0.1ms
[2025-08-28T13:44:45.157+0000][1099914][info ][gc,phases   ] GC(45)   Merge Heap Roots: 0.0ms
[2025-08-28T13:44:45.157+0000][1099914][info ][gc,phases   ] GC(45)   Evacuate Collection Set: 1.4ms
[2025-08-28T13:44:45.157+0000][1099914][info ][gc,phases   ] GC(45)   Post Evacuate Collection Set: 0.4ms
[2025-08-28T13:44:45.157+0000][1099914][info ][gc,phases   ] GC(45)   Other: 0.0ms
[2025-08-28T13:44:45.157+0000][1099914][trace][gc,age      ] GC(45) Age table with threshold 15 (max threshold 15)
[2025-08-28T13:44:45.157+0000][1099914][trace][gc,age      ] GC(45) - age   1:     556552 bytes,     556552 total
[2025-08-28T13:44:45.157+0000][1099914][trace][gc,age      ] GC(45) - age   3:         96 bytes,     556648 total
[2025-08-28T13:44:45.157+0000][1099914][trace][gc,age      ] GC(45) - age   4:       3744 bytes,     560392 total
[2025-08-28T13:44:45.157+0000][1099914][trace][gc,age      ] GC(45) - age   5:      10792 bytes,     571184 total
[2025-08-28T13:44:45.157+0000][1099914][trace][gc,age      ] GC(45) - age   6:       3856 bytes,     575040 total
[2025-08-28T13:44:45.157+0000][1099914][trace][gc,age      ] GC(45) - age   7:        544 bytes,     575584 total
[2025-08-28T13:44:45.157+0000][1099914][trace][gc,age      ] GC(45) - age   8:        832 bytes,     576416 total
[2025-08-28T13:44:45.157+0000][1099914][trace][gc,age      ] GC(45) - age   9:       1384 bytes,     577800 total
[2025-08-28T13:44:45.157+0000][1099914][trace][gc,age      ] GC(45) - age  10:        880 bytes,     578680 total
[2025-08-28T13:44:45.157+0000][1099914][trace][gc,age      ] GC(45) - age  11:     145912 bytes,     724592 total
[2025-08-28T13:44:45.157+0000][1099914][trace][gc,age      ] GC(45) - age  12:        256 bytes,     724848 total
[2025-08-28T13:44:45.157+0000][1099914][trace][gc,age      ] GC(45) - age  13:        368 bytes,     725216 total
[2025-08-28T13:44:45.157+0000][1099914][trace][gc,age      ] GC(45) - age  14:       2120 bytes,     727336 total
[2025-08-28T13:44:45.157+0000][1099914][trace][gc,age      ] GC(45) - age  15:       1456 bytes,     728792 total
[2025-08-28T13:44:45.157+0000][1099914][info ][gc,heap     ] GC(45) Eden regions: 75->0(75)
[2025-08-28T13:44:45.157+0000][1099914][info ][gc,heap     ] GC(45) Survivor regions: 1->1(10)
[2025-08-28T13:44:45.157+0000][1099914][info ][gc,heap     ] GC(45) Old regions: 24->24
[2025-08-28T13:44:45.157+0000][1099914][info ][gc,heap     ] GC(45) Humongous regions: 0->0
[2025-08-28T13:44:45.157+0000][1099914][info ][gc,metaspace] GC(45) Metaspace: 136260K(140032K)->136260K(140032K) NonClass: 117750K(119744K)->117750K(119744K) Class: 18509K(20288K)->18509K(20288K)
[2025-08-28T13:44:45.157+0000][1099914][info ][gc          ] GC(45) Pause Young (Normal) (G1 Evacuation Pause) 395M->95M(512M) 2.133ms
[2025-08-28T13:44:45.157+0000][1099914][info ][gc,cpu      ] GC(45) User=0.01s Sys=0.00s Real=0.00s
[2025-08-28T13:44:45.157+0000][1099914][info ][safepoint   ] Safepoint "G1CollectForAllocation", Time since last: 5604185595 ns, Reaching safepoint: 46600 ns, Cleanup: 4738 ns, At safepoint: 2196199 ns, Total: 2247537 ns
[2025-08-28T13:44:46.157+0000][1099914][info ][safepoint   ] Safepoint "Cleanup", Time since last: 1000080258 ns, Reaching safepoint: 12319 ns, Cleanup: 14291 ns, At safepoint: 3235 ns, Total: 29845 ns
[2025-08-28T13:44:49.158+0000][1099914][info ][safepoint   ] Safepoint "Cleanup", Time since last: 3000222476 ns, Reaching safepoint: 16385 ns, Cleanup: 18968 ns, At safepoint: 3255 ns, Total: 38608 ns
[2025-08-28T13:44:51.547+0000][1099914][info ][gc,start    ] GC(46) Pause Young (Normal) (G1 Evacuation Pause)
[2025-08-28T13:44:51.547+0000][1099914][info ][gc,task     ] GC(46) Using 12 workers of 33 for evacuation
[2025-08-28T13:44:51.547+0000][1099914][debug][gc,age      ] GC(46) Desired survivor size 20971520 bytes, new threshold 15 (max threshold 15)
[2025-08-28T13:44:51.549+0000][1099914][info ][gc,phases   ] GC(46)   Pre Evacuate Collection Set: 0.2ms
[2025-08-28T13:44:51.549+0000][1099914][info ][gc,phases   ] GC(46)   Merge Heap Roots: 0.1ms
[2025-08-28T13:44:51.549+0000][1099914][info ][gc,phases   ] GC(46)   Evacuate Collection Set: 1.7ms
[2025-08-28T13:44:51.549+0000][1099914][info ][gc,phases   ] GC(46)   Post Evacuate Collection Set: 0.4ms
[2025-08-28T13:44:51.549+0000][1099914][info ][gc,phases   ] GC(46)   Other: 0.0ms
[2025-08-28T13:44:51.549+0000][1099914][trace][gc,age      ] GC(46) Age table with threshold 15 (max threshold 15)
[2025-08-28T13:44:51.549+0000][1099914][trace][gc,age      ] GC(46) - age   1:     553184 bytes,     553184 total
[2025-08-28T13:44:51.549+0000][1099914][trace][gc,age      ] GC(46) - age   2:       1000 bytes,     554184 total
[2025-08-28T13:44:51.549+0000][1099914][trace][gc,age      ] GC(46) - age   4:         96 bytes,     554280 total
[2025-08-28T13:44:51.549+0000][1099914][trace][gc,age      ] GC(46) - age   5:       3064 bytes,     557344 total
[2025-08-28T13:44:51.549+0000][1099914][trace][gc,age      ] GC(46) - age   6:        944 bytes,     558288 total
[2025-08-28T13:44:51.549+0000][1099914][trace][gc,age      ] GC(46) - age   7:       3856 bytes,     562144 total
[2025-08-28T13:44:51.549+0000][1099914][trace][gc,age      ] GC(46) - age   8:        320 bytes,     562464 total
[2025-08-28T13:44:51.549+0000][1099914][trace][gc,age      ] GC(46) - age   9:        832 bytes,     563296 total
[2025-08-28T13:44:51.549+0000][1099914][trace][gc,age      ] GC(46) - age  10:       1384 bytes,     564680 total
[2025-08-28T13:44:51.549+0000][1099914][trace][gc,age      ] GC(46) - age  11:        848 bytes,     565528 total
[2025-08-28T13:44:51.549+0000][1099914][trace][gc,age      ] GC(46) - age  12:     145800 bytes,     711328 total
[2025-08-28T13:44:51.549+0000][1099914][trace][gc,age      ] GC(46) - age  13:        256 bytes,     711584 total
[2025-08-28T13:44:51.549+0000][1099914][trace][gc,age      ] GC(46) - age  14:        368 bytes,     711952 total
[2025-08-28T13:44:51.549+0000][1099914][trace][gc,age      ] GC(46) - age  15:       2120 bytes,     714072 total
[2025-08-28T13:44:51.549+0000][1099914][info ][gc,heap     ] GC(46) Eden regions: 75->0(75)
[2025-08-28T13:44:51.549+0000][1099914][info ][gc,heap     ] GC(46) Survivor regions: 1->1(10)
[2025-08-28T13:44:51.550+0000][1099914][info ][gc,heap     ] GC(46) Old regions: 24->24
[2025-08-28T13:44:51.550+0000][1099914][info ][gc,heap     ] GC(46) Humongous regions: 0->0
[2025-08-28T13:44:51.550+0000][1099914][info ][gc,metaspace] GC(46) Metaspace: 136275K(140032K)->136275K(140032K) NonClass: 117765K(119744K)->117765K(119744K) Class: 18509K(20288K)->18509K(20288K)
[2025-08-28T13:44:51.550+0000][1099914][info ][gc          ] GC(46) Pause Young (Normal) (G1 Evacuation Pause) 395M->95M(512M) 2.534ms
[2025-08-28T13:44:51.550+0000][1099914][info ][gc,cpu      ] GC(46) User=0.01s Sys=0.00s Real=0.00s
[2025-08-28T13:44:51.550+0000][1099914][info ][safepoint   ] Safepoint "G1CollectForAllocation", Time since last: 2389297021 ns, Reaching safepoint: 41292 ns, Cleanup: 4807 ns, At safepoint: 2597643 ns, Total: 2643742 ns
[2025-08-28T13:44:55.550+0000][1099914][info ][safepoint   ] Safepoint "Cleanup", Time since last: 4000228312 ns, Reaching safepoint: 37987 ns, Cleanup: 13030 ns, At safepoint: 5438 ns, Total: 56455 ns
[2025-08-28T13:44:56.550+0000][1099914][info ][safepoint   ] Safepoint "Cleanup", Time since last: 1000095401 ns, Reaching safepoint: 12749 ns, Cleanup: 14792 ns, At safepoint: 2995 ns, Total: 30536 ns
[2025-08-28T13:44:57.202+0000][1099914][info ][gc,start    ] GC(47) Pause Young (Normal) (G1 Evacuation Pause)
[2025-08-28T13:44:57.202+0000][1099914][info ][gc,task     ] GC(47) Using 12 workers of 33 for evacuation
[2025-08-28T13:44:57.202+0000][1099914][debug][gc,age      ] GC(47) Desired survivor size 20971520 bytes, new threshold 15 (max threshold 15)
[2025-08-28T13:44:57.204+0000][1099914][info ][gc,phases   ] GC(47)   Pre Evacuate Collection Set: 0.1ms
[2025-08-28T13:44:57.204+0000][1099914][info ][gc,phases   ] GC(47)   Merge Heap Roots: 0.0ms
[2025-08-28T13:44:57.204+0000][1099914][info ][gc,phases   ] GC(47)   Evacuate Collection Set: 1.7ms
[2025-08-28T13:44:57.204+0000][1099914][info ][gc,phases   ] GC(47)   Post Evacuate Collection Set: 0.4ms
[2025-08-28T13:44:57.204+0000][1099914][info ][gc,phases   ] GC(47)   Other: 0.0ms
[2025-08-28T13:44:57.204+0000][1099914][trace][gc,age      ] GC(47) Age table with threshold 15 (max threshold 15)
[2025-08-28T13:44:57.204+0000][1099914][trace][gc,age      ] GC(47) - age   1:     542776 bytes,     542776 total
[2025-08-28T13:44:57.204+0000][1099914][trace][gc,age      ] GC(47) - age   2:      12616 bytes,     555392 total
[2025-08-28T13:44:57.204+0000][1099914][trace][gc,age      ] GC(47) - age   3:        760 bytes,     556152 total
[2025-08-28T13:44:57.204+0000][1099914][trace][gc,age      ] GC(47) - age   5:         96 bytes,     556248 total
[2025-08-28T13:44:57.204+0000][1099914][trace][gc,age      ] GC(47) - age   6:       1408 bytes,     557656 total
[2025-08-28T13:44:57.204+0000][1099914][trace][gc,age      ] GC(47) - age   7:        456 bytes,     558112 total
[2025-08-28T13:44:57.204+0000][1099914][trace][gc,age      ] GC(47) - age   8:       3856 bytes,     561968 total
[2025-08-28T13:44:57.204+0000][1099914][trace][gc,age      ] GC(47) - age   9:        320 bytes,     562288 total
[2025-08-28T13:44:57.204+0000][1099914][trace][gc,age      ] GC(47) - age  10:        832 bytes,     563120 total
[2025-08-28T13:44:57.204+0000][1099914][trace][gc,age      ] GC(47) - age  11:       1384 bytes,     564504 total
[2025-08-28T13:44:57.204+0000][1099914][trace][gc,age      ] GC(47) - age  12:        848 bytes,     565352 total
[2025-08-28T13:44:57.204+0000][1099914][trace][gc,age      ] GC(47) - age  13:     145800 bytes,     711152 total
[2025-08-28T13:44:57.204+0000][1099914][trace][gc,age      ] GC(47) - age  14:        256 bytes,     711408 total
[2025-08-28T13:44:57.204+0000][1099914][trace][gc,age      ] GC(47) - age  15:        368 bytes,     711776 total
[2025-08-28T13:44:57.204+0000][1099914][info ][gc,heap     ] GC(47) Eden regions: 75->0(75)
[2025-08-28T13:44:57.204+0000][1099914][info ][gc,heap     ] GC(47) Survivor regions: 1->1(10)
[2025-08-28T13:44:57.204+0000][1099914][info ][gc,heap     ] GC(47) Old regions: 24->24
[2025-08-28T13:44:57.204+0000][1099914][info ][gc,heap     ] GC(47) Humongous regions: 0->0
[2025-08-28T13:44:57.204+0000][1099914][info ][gc,metaspace] GC(47) Metaspace: 136278K(140032K)->136278K(140032K) NonClass: 117769K(119744K)->117769K(119744K) Class: 18509K(20288K)->18509K(20288K)
[2025-08-28T13:44:57.204+0000][1099914][info ][gc          ] GC(47) Pause Young (Normal) (G1 Evacuation Pause) 395M->95M(512M) 2.459ms
[2025-08-28T13:44:57.204+0000][1099914][info ][gc,cpu      ] GC(47) User=0.01s Sys=0.00s Real=0.00s
[2025-08-28T13:44:57.204+0000][1099914][info ][safepoint   ] Safepoint "G1CollectForAllocation", Time since last: 651832136 ns, Reaching safepoint: 12599 ns, Cleanup: 4527 ns, At safepoint: 2524803 ns, Total: 2541929 ns
[2025-08-28T13:44:59.204+0000][1099914][info ][safepoint   ] Safepoint "Cleanup", Time since last: 2000135678 ns, Reaching safepoint: 11828 ns, Cleanup: 12299 ns, At safepoint: 2784 ns, Total: 26911 ns
[2025-08-28T13:45:01.618+0000][1099914][info ][gc,start    ] GC(48) Pause Young (Normal) (G1 Evacuation Pause)
[2025-08-28T13:45:01.618+0000][1099914][info ][gc,task     ] GC(48) Using 12 workers of 33 for evacuation
[2025-08-28T13:45:01.618+0000][1099914][debug][gc,age      ] GC(48) Desired survivor size 20971520 bytes, new threshold 15 (max threshold 15)
[2025-08-28T13:45:01.620+0000][1099914][info ][gc,phases   ] GC(48)   Pre Evacuate Collection Set: 0.1ms
[2025-08-28T13:45:01.620+0000][1099914][info ][gc,phases   ] GC(48)   Merge Heap Roots: 0.0ms
[2025-08-28T13:45:01.620+0000][1099914][info ][gc,phases   ] GC(48)   Evacuate Collection Set: 1.8ms
[2025-08-28T13:45:01.620+0000][1099914][info ][gc,phases   ] GC(48)   Post Evacuate Collection Set: 0.4ms
[2025-08-28T13:45:01.620+0000][1099914][info ][gc,phases   ] GC(48)   Other: 0.0ms
[2025-08-28T13:45:01.620+0000][1099914][trace][gc,age      ] GC(48) Age table with threshold 15 (max threshold 15)
[2025-08-28T13:45:01.620+0000][1099914][trace][gc,age      ] GC(48) - age   1:     540512 bytes,     540512 total
[2025-08-28T13:45:01.620+0000][1099914][trace][gc,age      ] GC(48) - age   2:       2752 bytes,     543264 total
[2025-08-28T13:45:01.620+0000][1099914][trace][gc,age      ] GC(48) - age   3:      12616 bytes,     555880 total
[2025-08-28T13:45:01.620+0000][1099914][trace][gc,age      ] GC(48) - age   4:        760 bytes,     556640 total
[2025-08-28T13:45:01.620+0000][1099914][trace][gc,age      ] GC(48) - age   6:         96 bytes,     556736 total
[2025-08-28T13:45:01.620+0000][1099914][trace][gc,age      ] GC(48) - age   7:       1408 bytes,     558144 total
[2025-08-28T13:45:01.620+0000][1099914][trace][gc,age      ] GC(48) - age   8:        456 bytes,     558600 total
[2025-08-28T13:45:01.620+0000][1099914][trace][gc,age      ] GC(48) - age   9:       3856 bytes,     562456 total
[2025-08-28T13:45:01.620+0000][1099914][trace][gc,age      ] GC(48) - age  10:        320 bytes,     562776 total
[2025-08-28T13:45:01.620+0000][1099914][trace][gc,age      ] GC(48) - age  11:        832 bytes,     563608 total
[2025-08-28T13:45:01.620+0000][1099914][trace][gc,age      ] GC(48) - age  12:       1384 bytes,     564992 total
[2025-08-28T13:45:01.620+0000][1099914][trace][gc,age      ] GC(48) - age  13:        848 bytes,     565840 total
[2025-08-28T13:45:01.620+0000][1099914][trace][gc,age      ] GC(48) - age  14:     145800 bytes,     711640 total
[2025-08-28T13:45:01.620+0000][1099914][trace][gc,age      ] GC(48) - age  15:        256 bytes,     711896 total
[2025-08-28T13:45:01.620+0000][1099914][info ][gc,heap     ] GC(48) Eden regions: 75->0(75)
[2025-08-28T13:45:01.620+0000][1099914][info ][gc,heap     ] GC(48) Survivor regions: 1->1(10)
[2025-08-28T13:45:01.620+0000][1099914][info ][gc,heap     ] GC(48) Old regions: 24->24
[2025-08-28T13:45:01.620+0000][1099914][info ][gc,heap     ] GC(48) Humongous regions: 0->0
[2025-08-28T13:45:01.620+0000][1099914][info ][gc,metaspace] GC(48) Metaspace: 136280K(140032K)->136280K(140032K) NonClass: 117770K(119744K)->117770K(119744K) Class: 18509K(20288K)->18509K(20288K)
[2025-08-28T13:45:01.620+0000][1099914][info ][gc          ] GC(48) Pause Young (Normal) (G1 Evacuation Pause) 395M->95M(512M) 2.593ms
[2025-08-28T13:45:01.620+0000][1099914][info ][gc,cpu      ] GC(48) User=0.01s Sys=0.00s Real=0.00s
[2025-08-28T13:45:01.620+0000][1099914][info ][safepoint   ] Safepoint "G1CollectForAllocation", Time since last: 2413258292 ns, Reaching safepoint: 43595 ns, Cleanup: 5098 ns, At safepoint: 2660107 ns, Total: 2708800 ns
[2025-08-28T13:45:05.621+0000][1099914][info ][safepoint   ] Safepoint "Cleanup", Time since last: 4000260350 ns, Reaching safepoint: 40140 ns, Cleanup: 14071 ns, At safepoint: 5559 ns, Total: 59770 ns
[2025-08-28T13:45:06.621+0000][1099914][info ][safepoint   ] Safepoint "Cleanup", Time since last: 1000097143 ns, Reaching safepoint: 11307 ns, Cleanup: 11918 ns, At safepoint: 2744 ns, Total: 25969 ns
[2025-08-28T13:45:07.263+0000][1099914][info ][gc,start    ] GC(49) Pause Young (Normal) (G1 Evacuation Pause)
[2025-08-28T13:45:07.263+0000][1099914][info ][gc,task     ] GC(49) Using 12 workers of 33 for evacuation
[2025-08-28T13:45:07.263+0000][1099914][debug][gc,age      ] GC(49) Desired survivor size 20971520 bytes, new threshold 15 (max threshold 15)
[2025-08-28T13:45:07.265+0000][1099914][info ][gc,phases   ] GC(49)   Pre Evacuate Collection Set: 0.2ms
[2025-08-28T13:45:07.265+0000][1099914][info ][gc,phases   ] GC(49)   Merge Heap Roots: 0.1ms
[2025-08-28T13:45:07.265+0000][1099914][info ][gc,phases   ] GC(49)   Evacuate Collection Set: 1.7ms
[2025-08-28T13:45:07.265+0000][1099914][info ][gc,phases   ] GC(49)   Post Evacuate Collection Set: 0.4ms
[2025-08-28T13:45:07.265+0000][1099914][info ][gc,phases   ] GC(49)   Other: 0.0ms
[2025-08-28T13:45:07.265+0000][1099914][trace][gc,age      ] GC(49) Age table with threshold 15 (max threshold 15)
[2025-08-28T13:45:07.265+0000][1099914][trace][gc,age      ] GC(49) - age   1:     540672 bytes,     540672 total
[2025-08-28T13:45:07.265+0000][1099914][trace][gc,age      ] GC(49) - age   2:        488 bytes,     541160 total
[2025-08-28T13:45:07.265+0000][1099914][trace][gc,age      ] GC(49) - age   3:       2512 bytes,     543672 total
[2025-08-28T13:45:07.265+0000][1099914][trace][gc,age      ] GC(49) - age   4:      12304 bytes,     555976 total
[2025-08-28T13:45:07.265+0000][1099914][trace][gc,age      ] GC(49) - age   5:        760 bytes,     556736 total
[2025-08-28T13:45:07.265+0000][1099914][trace][gc,age      ] GC(49) - age   7:         96 bytes,     556832 total
[2025-08-28T13:45:07.265+0000][1099914][trace][gc,age      ] GC(49) - age   8:       1408 bytes,     558240 total
[2025-08-28T13:45:07.265+0000][1099914][trace][gc,age      ] GC(49) - age   9:        456 bytes,     558696 total
[2025-08-28T13:45:07.265+0000][1099914][trace][gc,age      ] GC(49) - age  10:       3856 bytes,     562552 total
[2025-08-28T13:45:07.265+0000][1099914][trace][gc,age      ] GC(49) - age  11:        320 bytes,     562872 total
[2025-08-28T13:45:07.265+0000][1099914][trace][gc,age      ] GC(49) - age  12:        832 bytes,     563704 total
[2025-08-28T13:45:07.265+0000][1099914][trace][gc,age      ] GC(49) - age  13:       1384 bytes,     565088 total
[2025-08-28T13:45:07.265+0000][1099914][trace][gc,age      ] GC(49) - age  14:        848 bytes,     565936 total
[2025-08-28T13:45:07.265+0000][1099914][trace][gc,age      ] GC(49) - age  15:     145800 bytes,     711736 total
[2025-08-28T13:45:07.265+0000][1099914][info ][gc,heap     ] GC(49) Eden regions: 75->0(75)
[2025-08-28T13:45:07.265+0000][1099914][info ][gc,heap     ] GC(49) Survivor regions: 1->1(10)
[2025-08-28T13:45:07.265+0000][1099914][info ][gc,heap     ] GC(49) Old regions: 24->24
[2025-08-28T13:45:07.265+0000][1099914][info ][gc,heap     ] GC(49) Humongous regions: 0->0
[2025-08-28T13:45:07.265+0000][1099914][info ][gc,metaspace] GC(49) Metaspace: 136280K(140032K)->136280K(140032K) NonClass: 117771K(119744K)->117771K(119744K) Class: 18509K(20288K)->18509K(20288K)
[2025-08-28T13:45:07.265+0000][1099914][info ][gc          ] GC(49) Pause Young (Normal) (G1 Evacuation Pause) 395M->95M(512M) 2.574ms
[2025-08-28T13:45:07.265+0000][1099914][info ][gc,cpu      ] GC(49) User=0.01s Sys=0.00s Real=0.00s
[2025-08-28T13:45:07.265+0000][1099914][info ][safepoint   ] Safepoint "G1CollectForAllocation", Time since last: 641783098 ns, Reaching safepoint: 11968 ns, Cleanup: 5148 ns, At safepoint: 2641318 ns, Total: 2658434 ns
[2025-08-28T13:45:10.266+0000][1099914][info ][safepoint   ] Safepoint "Cleanup", Time since last: 3000189988 ns, Reaching safepoint: 13470 ns, Cleanup: 14421 ns, At safepoint: 3145 ns, Total: 31036 ns
[2025-08-28T13:45:11.266+0000][1099914][info ][safepoint   ] Safepoint "Cleanup", Time since last: 1000128190 ns, Reaching safepoint: 40241 ns, Cleanup: 11276 ns, At safepoint: 2845 ns, Total: 54362 ns
[2025-08-28T13:45:12.873+0000][1099914][info ][gc,start    ] GC(50) Pause Young (Normal) (G1 Evacuation Pause)
[2025-08-28T13:45:12.873+0000][1099914][info ][gc,task     ] GC(50) Using 12 workers of 33 for evacuation
[2025-08-28T13:45:12.873+0000][1099914][debug][gc,age      ] GC(50) Desired survivor size 20971520 bytes, new threshold 15 (max threshold 15)
[2025-08-28T13:45:12.876+0000][1099914][info ][gc,phases   ] GC(50)   Pre Evacuate Collection Set: 0.1ms
[2025-08-28T13:45:12.876+0000][1099914][info ][gc,phases   ] GC(50)   Merge Heap Roots: 0.1ms
[2025-08-28T13:45:12.876+0000][1099914][info ][gc,phases   ] GC(50)   Evacuate Collection Set: 1.8ms
[2025-08-28T13:45:12.876+0000][1099914][info ][gc,phases   ] GC(50)   Post Evacuate Collection Set: 0.4ms
[2025-08-28T13:45:12.876+0000][1099914][info ][gc,phases   ] GC(50)   Other: 0.1ms
[2025-08-28T13:45:12.876+0000][1099914][trace][gc,age      ] GC(50) Age table with threshold 15 (max threshold 15)
[2025-08-28T13:45:12.876+0000][1099914][trace][gc,age      ] GC(50) - age   1:     544016 bytes,     544016 total
[2025-08-28T13:45:12.876+0000][1099914][trace][gc,age      ] GC(50) - age   2:        600 bytes,     544616 total
[2025-08-28T13:45:12.876+0000][1099914][trace][gc,age      ] GC(50) - age   3:        488 bytes,     545104 total
[2025-08-28T13:45:12.876+0000][1099914][trace][gc,age      ] GC(50) - age   4:       2512 bytes,     547616 total
[2025-08-28T13:45:12.876+0000][1099914][trace][gc,age      ] GC(50) - age   5:      12304 bytes,     559920 total
[2025-08-28T13:45:12.876+0000][1099914][trace][gc,age      ] GC(50) - age   6:        760 bytes,     560680 total
[2025-08-28T13:45:12.876+0000][1099914][trace][gc,age      ] GC(50) - age   8:         96 bytes,     560776 total
[2025-08-28T13:45:12.876+0000][1099914][trace][gc,age      ] GC(50) - age   9:       1408 bytes,     562184 total
[2025-08-28T13:45:12.876+0000][1099914][trace][gc,age      ] GC(50) - age  10:        456 bytes,     562640 total
[2025-08-28T13:45:12.876+0000][1099914][trace][gc,age      ] GC(50) - age  11:       3856 bytes,     566496 total
[2025-08-28T13:45:12.876+0000][1099914][trace][gc,age      ] GC(50) - age  12:        320 bytes,     566816 total
[2025-08-28T13:45:12.876+0000][1099914][trace][gc,age      ] GC(50) - age  13:        832 bytes,     567648 total
[2025-08-28T13:45:12.876+0000][1099914][trace][gc,age      ] GC(50) - age  14:       1384 bytes,     569032 total
[2025-08-28T13:45:12.876+0000][1099914][trace][gc,age      ] GC(50) - age  15:        848 bytes,     569880 total
[2025-08-28T13:45:12.876+0000][1099914][info ][gc,heap     ] GC(50) Eden regions: 75->0(75)
[2025-08-28T13:45:12.876+0000][1099914][info ][gc,heap     ] GC(50) Survivor regions: 1->1(10)
[2025-08-28T13:45:12.876+0000][1099914][info ][gc,heap     ] GC(50) Old regions: 24->24
[2025-08-28T13:45:12.876+0000][1099914][info ][gc,heap     ] GC(50) Humongous regions: 0->0
[2025-08-28T13:45:12.876+0000][1099914][info ][gc,metaspace] GC(50) Metaspace: 136288K(140032K)->136288K(140032K) NonClass: 117779K(119744K)->117779K(119744K) Class: 18509K(20288K)->18509K(20288K)
[2025-08-28T13:45:12.876+0000][1099914][info ][gc          ] GC(50) Pause Young (Normal) (G1 Evacuation Pause) 395M->95M(512M) 2.721ms
[2025-08-28T13:45:12.876+0000][1099914][info ][gc,cpu      ] GC(50) User=0.01s Sys=0.00s Real=0.00s
[2025-08-28T13:45:12.876+0000][1099914][info ][safepoint   ] Safepoint "G1CollectForAllocation", Time since last: 1607456090 ns, Reaching safepoint: 12549 ns, Cleanup: 4567 ns, At safepoint: 2819927 ns, Total: 2837043 ns
[2025-08-28T13:45:14.876+0000][1099914][info ][safepoint   ] Safepoint "Cleanup", Time since last: 2000164183 ns, Reaching safepoint: 11798 ns, Cleanup: 14452 ns, At safepoint: 2674 ns, Total: 28924 ns
[2025-08-28T13:45:15.876+0000][1099914][info ][safepoint   ] Safepoint "Cleanup", Time since last: 1000113433 ns, Reaching safepoint: 39249 ns, Cleanup: 18468 ns, At safepoint: 5478 ns, Total: 63195 ns
[2025-08-28T13:45:16.877+0000][1099914][info ][safepoint   ] Safepoint "Cleanup", Time since last: 1000106684 ns, Reaching safepoint: 10886 ns, Cleanup: 10997 ns, At safepoint: 2694 ns, Total: 24577 ns
[2025-08-28T13:45:17.877+0000][1099914][info ][safepoint   ] Safepoint "Cleanup", Time since last: 1000104961 ns, Reaching safepoint: 10606 ns, Cleanup: 12158 ns, At safepoint: 2684 ns, Total: 25448 ns
[2025-08-28T13:45:18.095+0000][1099914][info ][gc,start    ] GC(51) Pause Young (Normal) (G1 Evacuation Pause)
[2025-08-28T13:45:18.095+0000][1099914][info ][gc,task     ] GC(51) Using 12 workers of 33 for evacuation
[2025-08-28T13:45:18.095+0000][1099914][debug][gc,age      ] GC(51) Desired survivor size 20971520 bytes, new threshold 15 (max threshold 15)
[2025-08-28T13:45:18.097+0000][1099914][info ][gc,phases   ] GC(51)   Pre Evacuate Collection Set: 0.1ms
[2025-08-28T13:45:18.097+0000][1099914][info ][gc,phases   ] GC(51)   Merge Heap Roots: 0.1ms
[2025-08-28T13:45:18.097+0000][1099914][info ][gc,phases   ] GC(51)   Evacuate Collection Set: 1.4ms
[2025-08-28T13:45:18.097+0000][1099914][info ][gc,phases   ] GC(51)   Post Evacuate Collection Set: 0.4ms
[2025-08-28T13:45:18.097+0000][1099914][info ][gc,phases   ] GC(51)   Other: 0.0ms
[2025-08-28T13:45:18.097+0000][1099914][trace][gc,age      ] GC(51) Age table with threshold 15 (max threshold 15)
[2025-08-28T13:45:18.097+0000][1099914][trace][gc,age      ] GC(51) - age   1:     541920 bytes,     541920 total
[2025-08-28T13:45:18.097+0000][1099914][trace][gc,age      ] GC(51) - age   2:       3984 bytes,     545904 total
[2025-08-28T13:45:18.097+0000][1099914][trace][gc,age      ] GC(51) - age   3:        360 bytes,     546264 total
[2025-08-28T13:45:18.097+0000][1099914][trace][gc,age      ] GC(51) - age   4:        488 bytes,     546752 total
[2025-08-28T13:45:18.097+0000][1099914][trace][gc,age      ] GC(51) - age   5:       1832 bytes,     548584 total
[2025-08-28T13:45:18.097+0000][1099914][trace][gc,age      ] GC(51) - age   6:      12144 bytes,     560728 total
[2025-08-28T13:45:18.097+0000][1099914][trace][gc,age      ] GC(51) - age   7:        760 bytes,     561488 total
[2025-08-28T13:45:18.097+0000][1099914][trace][gc,age      ] GC(51) - age   9:         96 bytes,     561584 total
[2025-08-28T13:45:18.097+0000][1099914][trace][gc,age      ] GC(51) - age  10:       1408 bytes,     562992 total
[2025-08-28T13:45:18.097+0000][1099914][trace][gc,age      ] GC(51) - age  11:        456 bytes,     563448 total
[2025-08-28T13:45:18.097+0000][1099914][trace][gc,age      ] GC(51) - age  12:       3744 bytes,     567192 total
[2025-08-28T13:45:18.097+0000][1099914][trace][gc,age      ] GC(51) - age  13:        320 bytes,     567512 total
[2025-08-28T13:45:18.097+0000][1099914][trace][gc,age      ] GC(51) - age  14:        832 bytes,     568344 total
[2025-08-28T13:45:18.097+0000][1099914][trace][gc,age      ] GC(51) - age  15:       1384 bytes,     569728 total
[2025-08-28T13:45:18.097+0000][1099914][info ][gc,heap     ] GC(51) Eden regions: 75->0(75)
[2025-08-28T13:45:18.097+0000][1099914][info ][gc,heap     ] GC(51) Survivor regions: 1->1(10)
[2025-08-28T13:45:18.097+0000][1099914][info ][gc,heap     ] GC(51) Old regions: 24->24
[2025-08-28T13:45:18.097+0000][1099914][info ][gc,heap     ] GC(51) Humongous regions: 0->0
[2025-08-28T13:45:18.097+0000][1099914][info ][gc,metaspace] GC(51) Metaspace: 136288K(140032K)->136288K(140032K) NonClass: 117779K(119744K)->117779K(119744K) Class: 18509K(20288K)->18509K(20288K)
[2025-08-28T13:45:18.097+0000][1099914][info ][gc          ] GC(51) Pause Young (Normal) (G1 Evacuation Pause) 395M->95M(512M) 2.154ms
[2025-08-28T13:45:18.097+0000][1099914][info ][gc,cpu      ] GC(51) User=0.00s Sys=0.00s Real=0.00s
[2025-08-28T13:45:18.097+0000][1099914][info ][safepoint   ] Safepoint "G1CollectForAllocation", Time since last: 217865187 ns, Reaching safepoint: 10025 ns, Cleanup: 3766 ns, At safepoint: 2223390 ns, Total: 2237181 ns
[2025-08-28T13:45:20.097+0000][1099914][info ][safepoint   ] Safepoint "Cleanup", Time since last: 2000155461 ns, Reaching safepoint: 10716 ns, Cleanup: 9684 ns, At safepoint: 3205 ns, Total: 23605 ns
[2025-08-28T13:45:22.097+0000][1099914][info ][safepoint   ] Safepoint "Cleanup", Time since last: 2000172697 ns, Reaching safepoint: 116464 ns, Cleanup: 11989 ns, At safepoint: 2573 ns, Total: 131026 ns
[2025-08-28T13:45:23.097+0000][1099914][info ][safepoint   ] Safepoint "Cleanup", Time since last: 1000097711 ns, Reaching safepoint: 9454 ns, Cleanup: 16214 ns, At safepoint: 2394 ns, Total: 28062 ns
[2025-08-28T13:45:24.096+0000][1099914][info ][gc,start    ] GC(52) Pause Young (Normal) (G1 Evacuation Pause)
[2025-08-28T13:45:24.096+0000][1099914][info ][gc,task     ] GC(52) Using 12 workers of 33 for evacuation
[2025-08-28T13:45:24.096+0000][1099914][debug][gc,age      ] GC(52) Desired survivor size 20971520 bytes, new threshold 15 (max threshold 15)
[2025-08-28T13:45:24.098+0000][1099914][info ][gc,phases   ] GC(52)   Pre Evacuate Collection Set: 0.2ms
[2025-08-28T13:45:24.098+0000][1099914][info ][gc,phases   ] GC(52)   Merge Heap Roots: 0.1ms
[2025-08-28T13:45:24.098+0000][1099914][info ][gc,phases   ] GC(52)   Evacuate Collection Set: 1.2ms
[2025-08-28T13:45:24.098+0000][1099914][info ][gc,phases   ] GC(52)   Post Evacuate Collection Set: 0.4ms
[2025-08-28T13:45:24.098+0000][1099914][info ][gc,phases   ] GC(52)   Other: 0.1ms
[2025-08-28T13:45:24.098+0000][1099914][trace][gc,age      ] GC(52) Age table with threshold 15 (max threshold 15)
[2025-08-28T13:45:24.098+0000][1099914][trace][gc,age      ] GC(52) - age   1:     597880 bytes,     597880 total
[2025-08-28T13:45:24.098+0000][1099914][trace][gc,age      ] GC(52) - age   2:       1888 bytes,     599768 total
[2025-08-28T13:45:24.098+0000][1099914][trace][gc,age      ] GC(52) - age   3:       3984 bytes,     603752 total
[2025-08-28T13:45:24.098+0000][1099914][trace][gc,age      ] GC(52) - age   4:        360 bytes,     604112 total
[2025-08-28T13:45:24.098+0000][1099914][trace][gc,age      ] GC(52) - age   5:        488 bytes,     604600 total
[2025-08-28T13:45:24.098+0000][1099914][trace][gc,age      ] GC(52) - age   6:       1656 bytes,     606256 total
[2025-08-28T13:45:24.098+0000][1099914][trace][gc,age      ] GC(52) - age   7:       1920 bytes,     608176 total
[2025-08-28T13:45:24.098+0000][1099914][trace][gc,age      ] GC(52) - age   8:        760 bytes,     608936 total
[2025-08-28T13:45:24.098+0000][1099914][trace][gc,age      ] GC(52) - age  10:         96 bytes,     609032 total
[2025-08-28T13:45:24.098+0000][1099914][trace][gc,age      ] GC(52) - age  11:       1232 bytes,     610264 total
[2025-08-28T13:45:24.098+0000][1099914][trace][gc,age      ] GC(52) - age  12:        280 bytes,     610544 total
[2025-08-28T13:45:24.098+0000][1099914][trace][gc,age      ] GC(52) - age  13:       3744 bytes,     614288 total
[2025-08-28T13:45:24.098+0000][1099914][trace][gc,age      ] GC(52) - age  14:        320 bytes,     614608 total
[2025-08-28T13:45:24.098+0000][1099914][trace][gc,age      ] GC(52) - age  15:        832 bytes,     615440 total
[2025-08-28T13:45:24.098+0000][1099914][info ][gc,heap     ] GC(52) Eden regions: 75->0(75)
[2025-08-28T13:45:24.098+0000][1099914][info ][gc,heap     ] GC(52) Survivor regions: 1->1(10)
[2025-08-28T13:45:24.098+0000][1099914][info ][gc,heap     ] GC(52) Old regions: 24->24
[2025-08-28T13:45:24.098+0000][1099914][info ][gc,heap     ] GC(52) Humongous regions: 0->0
[2025-08-28T13:45:24.098+0000][1099914][info ][gc,metaspace] GC(52) Metaspace: 136290K(140032K)->136290K(140032K) NonClass: 117780K(119744K)->117780K(119744K) Class: 18509K(20288K)->18509K(20288K)
[2025-08-28T13:45:24.098+0000][1099914][info ][gc          ] GC(52) Pause Young (Normal) (G1 Evacuation Pause) 395M->95M(512M) 2.229ms
[2025-08-28T13:45:24.098+0000][1099914][info ][gc,cpu      ] GC(52) User=0.01s Sys=0.00s Real=0.00s
[2025-08-28T13:45:24.098+0000][1099914][info ][safepoint   ] Safepoint "G1CollectForAllocation", Time since last: 998134791 ns, Reaching safepoint: 11347 ns, Cleanup: 15313 ns, At safepoint: 2357552 ns, Total: 2384212 ns
[2025-08-28T13:45:26.098+0000][1099914][info ][safepoint   ] Safepoint "Cleanup", Time since last: 2000140167 ns, Reaching safepoint: 51087 ns, Cleanup: 21352 ns, At safepoint: 3575 ns, Total: 76014 ns
[2025-08-28T13:45:27.098+0000][1099914][info ][safepoint   ] Safepoint "Cleanup", Time since last: 1000107505 ns, Reaching safepoint: 17186 ns, Cleanup: 43445 ns, At safepoint: 3686 ns, Total: 64317 ns
[2025-08-28T13:45:28.098+0000][1099914][info ][safepoint   ] Safepoint "Cleanup", Time since last: 1000114776 ns, Reaching safepoint: 17496 ns, Cleanup: 17286 ns, At safepoint: 3455 ns, Total: 38237 ns
[2025-08-28T13:45:29.675+0000][1099914][info ][gc,start    ] GC(53) Pause Young (Normal) (G1 Evacuation Pause)
[2025-08-28T13:45:29.675+0000][1099914][info ][gc,task     ] GC(53) Using 12 workers of 33 for evacuation
[2025-08-28T13:45:29.675+0000][1099914][debug][gc,age      ] GC(53) Desired survivor size 20971520 bytes, new threshold 15 (max threshold 15)
[2025-08-28T13:45:29.677+0000][1099914][info ][gc,phases   ] GC(53)   Pre Evacuate Collection Set: 0.4ms
[2025-08-28T13:45:29.677+0000][1099914][info ][gc,phases   ] GC(53)   Merge Heap Roots: 0.1ms
[2025-08-28T13:45:29.677+0000][1099914][info ][gc,phases   ] GC(53)   Evacuate Collection Set: 1.3ms
[2025-08-28T13:45:29.677+0000][1099914][info ][gc,phases   ] GC(53)   Post Evacuate Collection Set: 0.6ms
[2025-08-28T13:45:29.677+0000][1099914][info ][gc,phases   ] GC(53)   Other: 0.1ms
[2025-08-28T13:45:29.677+0000][1099914][trace][gc,age      ] GC(53) Age table with threshold 15 (max threshold 15)
[2025-08-28T13:45:29.677+0000][1099914][trace][gc,age      ] GC(53) - age   1:     543600 bytes,     543600 total
[2025-08-28T13:45:29.677+0000][1099914][trace][gc,age      ] GC(53) - age   2:      13920 bytes,     557520 total
[2025-08-28T13:45:29.677+0000][1099914][trace][gc,age      ] GC(53) - age   3:        968 bytes,     558488 total
[2025-08-28T13:45:29.677+0000][1099914][trace][gc,age      ] GC(53) - age   4:       3984 bytes,     562472 total
[2025-08-28T13:45:29.677+0000][1099914][trace][gc,age      ] GC(53) - age   5:        360 bytes,     562832 total
[2025-08-28T13:45:29.677+0000][1099914][trace][gc,age      ] GC(53) - age   6:        488 bytes,     563320 total
[2025-08-28T13:45:29.677+0000][1099914][trace][gc,age      ] GC(53) - age   8:       1920 bytes,     565240 total
[2025-08-28T13:45:29.677+0000][1099914][trace][gc,age      ] GC(53) - age   9:        760 bytes,     566000 total
[2025-08-28T13:45:29.677+0000][1099914][trace][gc,age      ] GC(53) - age  11:         96 bytes,     566096 total
[2025-08-28T13:45:29.677+0000][1099914][trace][gc,age      ] GC(53) - age  12:        880 bytes,     566976 total
[2025-08-28T13:45:29.677+0000][1099914][trace][gc,age      ] GC(53) - age  13:        280 bytes,     567256 total
[2025-08-28T13:45:29.677+0000][1099914][trace][gc,age      ] GC(53) - age  14:       3744 bytes,     571000 total
[2025-08-28T13:45:29.677+0000][1099914][trace][gc,age      ] GC(53) - age  15:        320 bytes,     571320 total
[2025-08-28T13:45:29.677+0000][1099914][info ][gc,heap     ] GC(53) Eden regions: 75->0(75)
[2025-08-28T13:45:29.677+0000][1099914][info ][gc,heap     ] GC(53) Survivor regions: 1->1(10)
[2025-08-28T13:45:29.677+0000][1099914][info ][gc,heap     ] GC(53) Old regions: 24->24
[2025-08-28T13:45:29.677+0000][1099914][info ][gc,heap     ] GC(53) Humongous regions: 0->0
[2025-08-28T13:45:29.677+0000][1099914][info ][gc,metaspace] GC(53) Metaspace: 136301K(140096K)->136301K(140096K) NonClass: 117791K(119808K)->117791K(119808K) Class: 18510K(20288K)->18510K(20288K)
[2025-08-28T13:45:29.677+0000][1099914][info ][gc          ] GC(53) Pause Young (Normal) (G1 Evacuation Pause) 395M->95M(512M) 2.527ms
[2025-08-28T13:45:29.677+0000][1099914][info ][gc,cpu      ] GC(53) User=0.01s Sys=0.01s Real=0.00s
[2025-08-28T13:45:29.677+0000][1099914][info ][safepoint   ] Safepoint "G1CollectForAllocation", Time since last: 1576324454 ns, Reaching safepoint: 24437 ns, Cleanup: 4517 ns, At safepoint: 2595609 ns, Total: 2624563 ns
[2025-08-28T13:45:31.678+0000][1099914][info ][safepoint   ] Safepoint "Cleanup", Time since last: 2000142401 ns, Reaching safepoint: 44166 ns, Cleanup: 12769 ns, At safepoint: 6610 ns, Total: 63545 ns
[2025-08-28T13:45:34.678+0000][1099914][info ][safepoint   ] Safepoint "Cleanup", Time since last: 3000223316 ns, Reaching safepoint: 12479 ns, Cleanup: 14211 ns, At safepoint: 3185 ns, Total: 29875 ns
[2025-08-28T13:45:34.869+0000][1099914][info ][gc,start    ] GC(54) Pause Young (Normal) (G1 Evacuation Pause)
[2025-08-28T13:45:34.869+0000][1099914][info ][gc,task     ] GC(54) Using 12 workers of 33 for evacuation
[2025-08-28T13:45:34.869+0000][1099914][debug][gc,age      ] GC(54) Desired survivor size 20971520 bytes, new threshold 15 (max threshold 15)
[2025-08-28T13:45:34.871+0000][1099914][info ][gc,phases   ] GC(54)   Pre Evacuate Collection Set: 0.2ms
[2025-08-28T13:45:34.871+0000][1099914][info ][gc,phases   ] GC(54)   Merge Heap Roots: 0.0ms
[2025-08-28T13:45:34.871+0000][1099914][info ][gc,phases   ] GC(54)   Evacuate Collection Set: 1.2ms
[2025-08-28T13:45:34.871+0000][1099914][info ][gc,phases   ] GC(54)   Post Evacuate Collection Set: 0.3ms
[2025-08-28T13:45:34.871+0000][1099914][info ][gc,phases   ] GC(54)   Other: 0.0ms
[2025-08-28T13:45:34.871+0000][1099914][trace][gc,age      ] GC(54) Age table with threshold 15 (max threshold 15)
[2025-08-28T13:45:34.871+0000][1099914][trace][gc,age      ] GC(54) - age   1:     540264 bytes,     540264 total
[2025-08-28T13:45:34.871+0000][1099914][trace][gc,age      ] GC(54) - age   2:       3472 bytes,     543736 total
[2025-08-28T13:45:34.871+0000][1099914][trace][gc,age      ] GC(54) - age   3:      13920 bytes,     557656 total
[2025-08-28T13:45:34.871+0000][1099914][trace][gc,age      ] GC(54) - age   4:        968 bytes,     558624 total
[2025-08-28T13:45:34.871+0000][1099914][trace][gc,age      ] GC(54) - age   5:       3984 bytes,     562608 total
[2025-08-28T13:45:34.871+0000][1099914][trace][gc,age      ] GC(54) - age   6:        360 bytes,     562968 total
[2025-08-28T13:45:34.871+0000][1099914][trace][gc,age      ] GC(54) - age   7:        488 bytes,     563456 total
[2025-08-28T13:45:34.871+0000][1099914][trace][gc,age      ] GC(54) - age   9:       1920 bytes,     565376 total
[2025-08-28T13:45:34.871+0000][1099914][trace][gc,age      ] GC(54) - age  10:        760 bytes,     566136 total
[2025-08-28T13:45:34.871+0000][1099914][trace][gc,age      ] GC(54) - age  12:         96 bytes,     566232 total
[2025-08-28T13:45:34.871+0000][1099914][trace][gc,age      ] GC(54) - age  13:        880 bytes,     567112 total
[2025-08-28T13:45:34.871+0000][1099914][trace][gc,age      ] GC(54) - age  14:        280 bytes,     567392 total
[2025-08-28T13:45:34.871+0000][1099914][trace][gc,age      ] GC(54) - age  15:       3744 bytes,     571136 total
[2025-08-28T13:45:34.871+0000][1099914][info ][gc,heap     ] GC(54) Eden regions: 75->0(75)
[2025-08-28T13:45:34.871+0000][1099914][info ][gc,heap     ] GC(54) Survivor regions: 1->1(10)
[2025-08-28T13:45:34.871+0000][1099914][info ][gc,heap     ] GC(54) Old regions: 24->24
[2025-08-28T13:45:34.871+0000][1099914][info ][gc,heap     ] GC(54) Humongous regions: 0->0
[2025-08-28T13:45:34.871+0000][1099914][info ][gc,metaspace] GC(54) Metaspace: 136301K(140096K)->136301K(140096K) NonClass: 117791K(119808K)->117791K(119808K) Class: 18510K(20288K)->18510K(20288K)
[2025-08-28T13:45:34.871+0000][1099914][info ][gc          ] GC(54) Pause Young (Normal) (G1 Evacuation Pause) 395M->95M(512M) 1.938ms
[2025-08-28T13:45:34.871+0000][1099914][info ][gc,cpu      ] GC(54) User=0.01s Sys=0.01s Real=0.01s
[2025-08-28T13:45:34.871+0000][1099914][info ][safepoint   ] Safepoint "G1CollectForAllocation", Time since last: 191356260 ns, Reaching safepoint: 12659 ns, Cleanup: 5018 ns, At safepoint: 2004381 ns, Total: 2022058 ns
[2025-08-28T13:45:35.871+0000][1099914][info ][safepoint   ] Safepoint "Cleanup", Time since last: 1000078892 ns, Reaching safepoint: 12779 ns, Cleanup: 14282 ns, At safepoint: 3485 ns, Total: 30546 ns
[2025-08-28T13:45:40.550+0000][1099914][info ][gc,start    ] GC(55) Pause Young (Normal) (G1 Evacuation Pause)
[2025-08-28T13:45:40.550+0000][1099914][info ][gc,task     ] GC(55) Using 12 workers of 33 for evacuation
[2025-08-28T13:45:40.550+0000][1099914][debug][gc,age      ] GC(55) Desired survivor size 20971520 bytes, new threshold 15 (max threshold 15)
[2025-08-28T13:45:40.552+0000][1099914][info ][gc,phases   ] GC(55)   Pre Evacuate Collection Set: 0.1ms
[2025-08-28T13:45:40.552+0000][1099914][info ][gc,phases   ] GC(55)   Merge Heap Roots: 0.1ms
[2025-08-28T13:45:40.552+0000][1099914][info ][gc,phases   ] GC(55)   Evacuate Collection Set: 0.9ms
[2025-08-28T13:45:40.552+0000][1099914][info ][gc,phases   ] GC(55)   Post Evacuate Collection Set: 0.3ms
[2025-08-28T13:45:40.552+0000][1099914][info ][gc,phases   ] GC(55)   Other: 0.0ms
[2025-08-28T13:45:40.552+0000][1099914][trace][gc,age      ] GC(55) Age table with threshold 15 (max threshold 15)
[2025-08-28T13:45:40.552+0000][1099914][trace][gc,age      ] GC(55) - age   1:     502672 bytes,     502672 total
[2025-08-28T13:45:40.552+0000][1099914][trace][gc,age      ] GC(55) - age   2:        240 bytes,     502912 total
[2025-08-28T13:45:40.552+0000][1099914][trace][gc,age      ] GC(55) - age   3:       3472 bytes,     506384 total
[2025-08-28T13:45:40.552+0000][1099914][trace][gc,age      ] GC(55) - age   4:      13920 bytes,     520304 total
[2025-08-28T13:45:40.552+0000][1099914][trace][gc,age      ] GC(55) - age   5:        968 bytes,     521272 total
[2025-08-28T13:45:40.552+0000][1099914][trace][gc,age      ] GC(55) - age   6:       3984 bytes,     525256 total
[2025-08-28T13:45:40.552+0000][1099914][trace][gc,age      ] GC(55) - age   7:        360 bytes,     525616 total
[2025-08-28T13:45:40.552+0000][1099914][trace][gc,age      ] GC(55) - age   8:        488 bytes,     526104 total
[2025-08-28T13:45:40.552+0000][1099914][trace][gc,age      ] GC(55) - age  10:       1920 bytes,     528024 total
[2025-08-28T13:45:40.552+0000][1099914][trace][gc,age      ] GC(55) - age  11:        760 bytes,     528784 total
[2025-08-28T13:45:40.552+0000][1099914][trace][gc,age      ] GC(55) - age  13:         96 bytes,     528880 total
[2025-08-28T13:45:40.552+0000][1099914][trace][gc,age      ] GC(55) - age  14:        880 bytes,     529760 total
[2025-08-28T13:45:40.552+0000][1099914][trace][gc,age      ] GC(55) - age  15:        280 bytes,     530040 total
[2025-08-28T13:45:40.552+0000][1099914][info ][gc,heap     ] GC(55) Eden regions: 75->0(75)
[2025-08-28T13:45:40.552+0000][1099914][info ][gc,heap     ] GC(55) Survivor regions: 1->1(10)
[2025-08-28T13:45:40.552+0000][1099914][info ][gc,heap     ] GC(55) Old regions: 24->24
[2025-08-28T13:45:40.552+0000][1099914][info ][gc,heap     ] GC(55) Humongous regions: 0->0
[2025-08-28T13:45:40.552+0000][1099914][info ][gc,metaspace] GC(55) Metaspace: 136302K(140096K)->136302K(140096K) NonClass: 117792K(119808K)->117792K(119808K) Class: 18510K(20288K)->18510K(20288K)
[2025-08-28T13:45:40.552+0000][1099914][info ][gc          ] GC(55) Pause Young (Normal) (G1 Evacuation Pause) 395M->95M(512M) 1.541ms
[2025-08-28T13:45:40.552+0000][1099914][info ][gc,cpu      ] GC(55) User=0.00s Sys=0.01s Real=0.01s
[2025-08-28T13:45:40.552+0000][1099914][info ][safepoint   ] Safepoint "G1CollectForAllocation", Time since last: 4678738569 ns, Reaching safepoint: 39279 ns, Cleanup: 5228 ns, At safepoint: 1604881 ns, Total: 1649388 ns
[2025-08-28T13:45:45.552+0000][1099914][info ][safepoint   ] Safepoint "Cleanup", Time since last: 5000315982 ns, Reaching safepoint: 39680 ns, Cleanup: 18778 ns, At safepoint: 2874 ns, Total: 61332 ns
[2025-08-28T13:45:46.175+0000][1099914][info ][gc,start    ] GC(56) Pause Young (Normal) (G1 Evacuation Pause)
[2025-08-28T13:45:46.175+0000][1099914][info ][gc,task     ] GC(56) Using 12 workers of 33 for evacuation
[2025-08-28T13:45:46.175+0000][1099914][debug][gc,age      ] GC(56) Desired survivor size 20971520 bytes, new threshold 15 (max threshold 15)
[2025-08-28T13:45:46.177+0000][1099914][info ][gc,phases   ] GC(56)   Pre Evacuate Collection Set: 0.1ms
[2025-08-28T13:45:46.177+0000][1099914][info ][gc,phases   ] GC(56)   Merge Heap Roots: 0.1ms
[2025-08-28T13:45:46.177+0000][1099914][info ][gc,phases   ] GC(56)   Evacuate Collection Set: 1.1ms
[2025-08-28T13:45:46.177+0000][1099914][info ][gc,phases   ] GC(56)   Post Evacuate Collection Set: 0.4ms
[2025-08-28T13:45:46.177+0000][1099914][info ][gc,phases   ] GC(56)   Other: 0.1ms
[2025-08-28T13:45:46.177+0000][1099914][trace][gc,age      ] GC(56) Age table with threshold 15 (max threshold 15)
[2025-08-28T13:45:46.177+0000][1099914][trace][gc,age      ] GC(56) - age   1:     541624 bytes,     541624 total
[2025-08-28T13:45:46.177+0000][1099914][trace][gc,age      ] GC(56) - age   4:       2792 bytes,     544416 total
[2025-08-28T13:45:46.177+0000][1099914][trace][gc,age      ] GC(56) - age   5:      13920 bytes,     558336 total
[2025-08-28T13:45:46.177+0000][1099914][trace][gc,age      ] GC(56) - age   6:        968 bytes,     559304 total
[2025-08-28T13:45:46.177+0000][1099914][trace][gc,age      ] GC(56) - age   7:       3984 bytes,     563288 total
[2025-08-28T13:45:46.177+0000][1099914][trace][gc,age      ] GC(56) - age   8:        360 bytes,     563648 total
[2025-08-28T13:45:46.177+0000][1099914][trace][gc,age      ] GC(56) - age   9:        488 bytes,     564136 total
[2025-08-28T13:45:46.177+0000][1099914][trace][gc,age      ] GC(56) - age  11:       1808 bytes,     565944 total
[2025-08-28T13:45:46.177+0000][1099914][trace][gc,age      ] GC(56) - age  12:        760 bytes,     566704 total
[2025-08-28T13:45:46.177+0000][1099914][trace][gc,age      ] GC(56) - age  14:         96 bytes,     566800 total
[2025-08-28T13:45:46.177+0000][1099914][trace][gc,age      ] GC(56) - age  15:        880 bytes,     567680 total
[2025-08-28T13:45:46.177+0000][1099914][info ][gc,heap     ] GC(56) Eden regions: 75->0(75)
[2025-08-28T13:45:46.177+0000][1099914][info ][gc,heap     ] GC(56) Survivor regions: 1->1(10)
[2025-08-28T13:45:46.177+0000][1099914][info ][gc,heap     ] GC(56) Old regions: 24->24
[2025-08-28T13:45:46.177+0000][1099914][info ][gc,heap     ] GC(56) Humongous regions: 0->0
[2025-08-28T13:45:46.177+0000][1099914][info ][gc,metaspace] GC(56) Metaspace: 136307K(140096K)->136307K(140096K) NonClass: 117797K(119808K)->117797K(119808K) Class: 18510K(20288K)->18510K(20288K)
[2025-08-28T13:45:46.177+0000][1099914][info ][gc          ] GC(56) Pause Young (Normal) (G1 Evacuation Pause) 395M->95M(512M) 1.873ms
[2025-08-28T13:45:46.177+0000][1099914][info ][gc,cpu      ] GC(56) User=0.00s Sys=0.01s Real=0.00s
[2025-08-28T13:45:46.177+0000][1099914][info ][safepoint   ] Safepoint "G1CollectForAllocation", Time since last: 623139925 ns, Reaching safepoint: 10927 ns, Cleanup: 4036 ns, At safepoint: 1965853 ns, Total: 1980816 ns
[2025-08-28T13:45:52.178+0000][1099914][info ][safepoint   ] Safepoint "Cleanup", Time since last: 6000439501 ns, Reaching safepoint: 41652 ns, Cleanup: 13901 ns, At safepoint: 5228 ns, Total: 60781 ns
[2025-08-28T13:45:52.180+0000][1099914][info ][gc,start    ] GC(57) Pause Young (Normal) (G1 Evacuation Pause)
[2025-08-28T13:45:52.180+0000][1099914][info ][gc,task     ] GC(57) Using 12 workers of 33 for evacuation
[2025-08-28T13:45:52.180+0000][1099914][debug][gc,age      ] GC(57) Desired survivor size 20971520 bytes, new threshold 15 (max threshold 15)
[2025-08-28T13:45:52.181+0000][1099914][info ][gc,phases   ] GC(57)   Pre Evacuate Collection Set: 0.2ms
[2025-08-28T13:45:52.181+0000][1099914][info ][gc,phases   ] GC(57)   Merge Heap Roots: 0.0ms
[2025-08-28T13:45:52.181+0000][1099914][info ][gc,phases   ] GC(57)   Evacuate Collection Set: 0.9ms
[2025-08-28T13:45:52.181+0000][1099914][info ][gc,phases   ] GC(57)   Post Evacuate Collection Set: 0.3ms
[2025-08-28T13:45:52.181+0000][1099914][info ][gc,phases   ] GC(57)   Other: 0.0ms
[2025-08-28T13:45:52.181+0000][1099914][trace][gc,age      ] GC(57) Age table with threshold 15 (max threshold 15)
[2025-08-28T13:45:52.181+0000][1099914][trace][gc,age      ] GC(57) - age   1:     565808 bytes,     565808 total
[2025-08-28T13:45:52.181+0000][1099914][trace][gc,age      ] GC(57) - age   2:       1592 bytes,     567400 total
[2025-08-28T13:45:52.181+0000][1099914][trace][gc,age      ] GC(57) - age   5:       2792 bytes,     570192 total
[2025-08-28T13:45:52.181+0000][1099914][trace][gc,age      ] GC(57) - age   6:       3608 bytes,     573800 total
[2025-08-28T13:45:52.181+0000][1099914][trace][gc,age      ] GC(57) - age   7:        968 bytes,     574768 total
[2025-08-28T13:45:52.181+0000][1099914][trace][gc,age      ] GC(57) - age   8:       3984 bytes,     578752 total
[2025-08-28T13:45:52.181+0000][1099914][trace][gc,age      ] GC(57) - age   9:        360 bytes,     579112 total
[2025-08-28T13:45:52.181+0000][1099914][trace][gc,age      ] GC(57) - age  10:        488 bytes,     579600 total
[2025-08-28T13:45:52.181+0000][1099914][trace][gc,age      ] GC(57) - age  12:       1776 bytes,     581376 total
[2025-08-28T13:45:52.181+0000][1099914][trace][gc,age      ] GC(57) - age  13:        760 bytes,     582136 total
[2025-08-28T13:45:52.181+0000][1099914][trace][gc,age      ] GC(57) - age  15:         96 bytes,     582232 total
[2025-08-28T13:45:52.181+0000][1099914][info ][gc,heap     ] GC(57) Eden regions: 75->0(75)
[2025-08-28T13:45:52.181+0000][1099914][info ][gc,heap     ] GC(57) Survivor regions: 1->1(10)
[2025-08-28T13:45:52.181+0000][1099914][info ][gc,heap     ] GC(57) Old regions: 24->24
[2025-08-28T13:45:52.181+0000][1099914][info ][gc,heap     ] GC(57) Humongous regions: 0->0
[2025-08-28T13:45:52.181+0000][1099914][info ][gc,metaspace] GC(57) Metaspace: 136320K(140096K)->136320K(140096K) NonClass: 117810K(119808K)->117810K(119808K) Class: 18510K(20288K)->18510K(20288K)
[2025-08-28T13:45:52.181+0000][1099914][info ][gc          ] GC(57) Pause Young (Normal) (G1 Evacuation Pause) 395M->95M(512M) 1.562ms
[2025-08-28T13:45:52.181+0000][1099914][info ][gc,cpu      ] GC(57) User=0.01s Sys=0.00s Real=0.01s
[2025-08-28T13:45:52.181+0000][1099914][info ][safepoint   ] Safepoint "G1CollectForAllocation", Time since last: 1995308 ns, Reaching safepoint: 2504 ns, Cleanup: 1131 ns, At safepoint: 1627085 ns, Total: 1630720 ns
[2025-08-28T13:45:55.182+0000][1099914][info ][safepoint   ] Safepoint "Cleanup", Time since last: 3000240211 ns, Reaching safepoint: 76355 ns, Cleanup: 16284 ns, At safepoint: 3696 ns, Total: 96335 ns
[2025-08-28T13:45:57.182+0000][1099914][info ][safepoint   ] Safepoint "Cleanup", Time since last: 2000179106 ns, Reaching safepoint: 42674 ns, Cleanup: 11207 ns, At safepoint: 2824 ns, Total: 56705 ns
[2025-08-28T13:45:57.769+0000][1099914][info ][gc,start    ] GC(58) Pause Young (Normal) (G1 Evacuation Pause)
[2025-08-28T13:45:57.769+0000][1099914][info ][gc,task     ] GC(58) Using 12 workers of 33 for evacuation
[2025-08-28T13:45:57.769+0000][1099914][debug][gc,age      ] GC(58) Desired survivor size 20971520 bytes, new threshold 15 (max threshold 15)
[2025-08-28T13:45:57.771+0000][1099914][info ][gc,phases   ] GC(58)   Pre Evacuate Collection Set: 0.2ms
[2025-08-28T13:45:57.771+0000][1099914][info ][gc,phases   ] GC(58)   Merge Heap Roots: 0.1ms
[2025-08-28T13:45:57.771+0000][1099914][info ][gc,phases   ] GC(58)   Evacuate Collection Set: 1.1ms
[2025-08-28T13:45:57.771+0000][1099914][info ][gc,phases   ] GC(58)   Post Evacuate Collection Set: 0.4ms
[2025-08-28T13:45:57.771+0000][1099914][info ][gc,phases   ] GC(58)   Other: 0.1ms
[2025-08-28T13:45:57.771+0000][1099914][trace][gc,age      ] GC(58) Age table with threshold 15 (max threshold 15)
[2025-08-28T13:45:57.771+0000][1099914][trace][gc,age      ] GC(58) - age   1:     542640 bytes,     542640 total
[2025-08-28T13:45:57.771+0000][1099914][trace][gc,age      ] GC(58) - age   2:      10864 bytes,     553504 total
[2025-08-28T13:45:57.771+0000][1099914][trace][gc,age      ] GC(58) - age   3:        760 bytes,     554264 total
[2025-08-28T13:45:57.771+0000][1099914][trace][gc,age      ] GC(58) - age   6:       1136 bytes,     555400 total
[2025-08-28T13:45:57.771+0000][1099914][trace][gc,age      ] GC(58) - age   7:       3432 bytes,     558832 total
[2025-08-28T13:45:57.771+0000][1099914][trace][gc,age      ] GC(58) - age   8:        968 bytes,     559800 total
[2025-08-28T13:45:57.771+0000][1099914][trace][gc,age      ] GC(58) - age   9:       3984 bytes,     563784 total
[2025-08-28T13:45:57.771+0000][1099914][trace][gc,age      ] GC(58) - age  10:        360 bytes,     564144 total
[2025-08-28T13:45:57.771+0000][1099914][trace][gc,age      ] GC(58) - age  11:        488 bytes,     564632 total
[2025-08-28T13:45:57.771+0000][1099914][trace][gc,age      ] GC(58) - age  13:       1776 bytes,     566408 total
[2025-08-28T13:45:57.771+0000][1099914][trace][gc,age      ] GC(58) - age  14:        760 bytes,     567168 total
[2025-08-28T13:45:57.771+0000][1099914][info ][gc,heap     ] GC(58) Eden regions: 75->0(75)
[2025-08-28T13:45:57.771+0000][1099914][info ][gc,heap     ] GC(58) Survivor regions: 1->1(10)
[2025-08-28T13:45:57.771+0000][1099914][info ][gc,heap     ] GC(58) Old regions: 24->24
[2025-08-28T13:45:57.771+0000][1099914][info ][gc,heap     ] GC(58) Humongous regions: 0->0
[2025-08-28T13:45:57.771+0000][1099914][info ][gc,metaspace] GC(58) Metaspace: 136324K(140160K)->136324K(140160K) NonClass: 117814K(119872K)->117814K(119872K) Class: 18510K(20288K)->18510K(20288K)
[2025-08-28T13:45:57.771+0000][1099914][info ][gc          ] GC(58) Pause Young (Normal) (G1 Evacuation Pause) 395M->95M(512M) 1.865ms
[2025-08-28T13:45:57.771+0000][1099914][info ][gc,cpu      ] GC(58) User=0.01s Sys=0.00s Real=0.01s
[2025-08-28T13:45:57.771+0000][1099914][info ][safepoint   ] Safepoint "G1CollectForAllocation", Time since last: 587431026 ns, Reaching safepoint: 10797 ns, Cleanup: 5598 ns, At safepoint: 1932844 ns, Total: 1949239 ns
[2025-08-28T13:46:03.052+0000][1099914][info ][gc,start    ] GC(59) Pause Young (Normal) (G1 Evacuation Pause)
[2025-08-28T13:46:03.052+0000][1099914][info ][gc,task     ] GC(59) Using 12 workers of 33 for evacuation
[2025-08-28T13:46:03.052+0000][1099914][debug][gc,age      ] GC(59) Desired survivor size 20971520 bytes, new threshold 15 (max threshold 15)
[2025-08-28T13:46:03.053+0000][1099914][info ][gc,phases   ] GC(59)   Pre Evacuate Collection Set: 0.1ms
[2025-08-28T13:46:03.053+0000][1099914][info ][gc,phases   ] GC(59)   Merge Heap Roots: 0.0ms
[2025-08-28T13:46:03.053+0000][1099914][info ][gc,phases   ] GC(59)   Evacuate Collection Set: 1.0ms
[2025-08-28T13:46:03.053+0000][1099914][info ][gc,phases   ] GC(59)   Post Evacuate Collection Set: 0.3ms
[2025-08-28T13:46:03.053+0000][1099914][info ][gc,phases   ] GC(59)   Other: 0.0ms
[2025-08-28T13:46:03.053+0000][1099914][trace][gc,age      ] GC(59) Age table with threshold 15 (max threshold 15)
[2025-08-28T13:46:03.053+0000][1099914][trace][gc,age      ] GC(59) - age   1:     542864 bytes,     542864 total
[2025-08-28T13:46:03.053+0000][1099914][trace][gc,age      ] GC(59) - age   2:       2752 bytes,     545616 total
[2025-08-28T13:46:03.053+0000][1099914][trace][gc,age      ] GC(59) - age   3:      10864 bytes,     556480 total
[2025-08-28T13:46:03.053+0000][1099914][trace][gc,age      ] GC(59) - age   4:        760 bytes,     557240 total
[2025-08-28T13:46:03.053+0000][1099914][trace][gc,age      ] GC(59) - age   7:       1136 bytes,     558376 total
[2025-08-28T13:46:03.053+0000][1099914][trace][gc,age      ] GC(59) - age   8:       3208 bytes,     561584 total
[2025-08-28T13:46:03.053+0000][1099914][trace][gc,age      ] GC(59) - age   9:        968 bytes,     562552 total
[2025-08-28T13:46:03.053+0000][1099914][trace][gc,age      ] GC(59) - age  10:       3984 bytes,     566536 total
[2025-08-28T13:46:03.053+0000][1099914][trace][gc,age      ] GC(59) - age  11:        360 bytes,     566896 total
[2025-08-28T13:46:03.053+0000][1099914][trace][gc,age      ] GC(59) - age  12:        488 bytes,     567384 total
[2025-08-28T13:46:03.053+0000][1099914][trace][gc,age      ] GC(59) - age  14:       1776 bytes,     569160 total
[2025-08-28T13:46:03.053+0000][1099914][trace][gc,age      ] GC(59) - age  15:        760 bytes,     569920 total
[2025-08-28T13:46:03.053+0000][1099914][info ][gc,heap     ] GC(59) Eden regions: 75->0(75)
[2025-08-28T13:46:03.053+0000][1099914][info ][gc,heap     ] GC(59) Survivor regions: 1->1(10)
[2025-08-28T13:46:03.053+0000][1099914][info ][gc,heap     ] GC(59) Old regions: 24->24
[2025-08-28T13:46:03.053+0000][1099914][info ][gc,heap     ] GC(59) Humongous regions: 0->0
[2025-08-28T13:46:03.053+0000][1099914][info ][gc,metaspace] GC(59) Metaspace: 136327K(140160K)->136327K(140160K) NonClass: 117816K(119872K)->117816K(119872K) Class: 18510K(20288K)->18510K(20288K)
[2025-08-28T13:46:03.053+0000][1099914][info ][gc          ] GC(59) Pause Young (Normal) (G1 Evacuation Pause) 395M->95M(512M) 1.706ms
[2025-08-28T13:46:03.053+0000][1099914][info ][gc,cpu      ] GC(59) User=0.00s Sys=0.01s Real=0.00s
[2025-08-28T13:46:03.053+0000][1099914][info ][safepoint   ] Safepoint "G1CollectForAllocation", Time since last: 5280109509 ns, Reaching safepoint: 41682 ns, Cleanup: 5218 ns, At safepoint: 1771181 ns, Total: 1818081 ns
[2025-08-28T13:46:05.053+0000][1099914][info ][safepoint   ] Safepoint "Cleanup", Time since last: 2000154900 ns, Reaching safepoint: 11798 ns, Cleanup: 11427 ns, At safepoint: 2724 ns, Total: 25949 ns
[2025-08-28T13:46:07.054+0000][1099914][info ][safepoint   ] Safepoint "Cleanup", Time since last: 2000182451 ns, Reaching safepoint: 43014 ns, Cleanup: 13130 ns, At safepoint: 5348 ns, Total: 61492 ns
[2025-08-28T13:46:08.714+0000][1099914][info ][gc,start    ] GC(60) Pause Young (Normal) (G1 Evacuation Pause)
[2025-08-28T13:46:08.714+0000][1099914][info ][gc,task     ] GC(60) Using 12 workers of 33 for evacuation
[2025-08-28T13:46:08.714+0000][1099914][debug][gc,age      ] GC(60) Desired survivor size 20971520 bytes, new threshold 15 (max threshold 15)
[2025-08-28T13:46:08.716+0000][1099914][info ][gc,phases   ] GC(60)   Pre Evacuate Collection Set: 0.1ms
[2025-08-28T13:46:08.716+0000][1099914][info ][gc,phases   ] GC(60)   Merge Heap Roots: 0.1ms
[2025-08-28T13:46:08.716+0000][1099914][info ][gc,phases   ] GC(60)   Evacuate Collection Set: 0.9ms
[2025-08-28T13:46:08.716+0000][1099914][info ][gc,phases   ] GC(60)   Post Evacuate Collection Set: 0.3ms
[2025-08-28T13:46:08.716+0000][1099914][info ][gc,phases   ] GC(60)   Other: 0.0ms
[2025-08-28T13:46:08.716+0000][1099914][trace][gc,age      ] GC(60) Age table with threshold 15 (max threshold 15)
[2025-08-28T13:46:08.716+0000][1099914][trace][gc,age      ] GC(60) - age   1:     540128 bytes,     540128 total
[2025-08-28T13:46:08.716+0000][1099914][trace][gc,age      ] GC(60) - age   2:       2952 bytes,     543080 total
[2025-08-28T13:46:08.716+0000][1099914][trace][gc,age      ] GC(60) - age   3:       2512 bytes,     545592 total
[2025-08-28T13:46:08.716+0000][1099914][trace][gc,age      ] GC(60) - age   4:      10552 bytes,     556144 total
[2025-08-28T13:46:08.716+0000][1099914][trace][gc,age      ] GC(60) - age   5:        760 bytes,     556904 total
[2025-08-28T13:46:08.716+0000][1099914][trace][gc,age      ] GC(60) - age   8:       1136 bytes,     558040 total
[2025-08-28T13:46:08.716+0000][1099914][trace][gc,age      ] GC(60) - age   9:       3208 bytes,     561248 total
[2025-08-28T13:46:08.716+0000][1099914][trace][gc,age      ] GC(60) - age  10:        968 bytes,     562216 total
[2025-08-28T13:46:08.716+0000][1099914][trace][gc,age      ] GC(60) - age  11:       3984 bytes,     566200 total
[2025-08-28T13:46:08.716+0000][1099914][trace][gc,age      ] GC(60) - age  12:        360 bytes,     566560 total
[2025-08-28T13:46:08.716+0000][1099914][trace][gc,age      ] GC(60) - age  13:        488 bytes,     567048 total
[2025-08-28T13:46:08.716+0000][1099914][trace][gc,age      ] GC(60) - age  15:       1776 bytes,     568824 total
[2025-08-28T13:46:08.716+0000][1099914][info ][gc,heap     ] GC(60) Eden regions: 75->0(75)
[2025-08-28T13:46:08.716+0000][1099914][info ][gc,heap     ] GC(60) Survivor regions: 1->1(10)
[2025-08-28T13:46:08.716+0000][1099914][info ][gc,heap     ] GC(60) Old regions: 24->24
[2025-08-28T13:46:08.716+0000][1099914][info ][gc,heap     ] GC(60) Humongous regions: 0->0
[2025-08-28T13:46:08.716+0000][1099914][info ][gc,metaspace] GC(60) Metaspace: 136329K(140160K)->136329K(140160K) NonClass: 117819K(119872K)->117819K(119872K) Class: 18510K(20288K)->18510K(20288K)
[2025-08-28T13:46:08.716+0000][1099914][info ][gc          ] GC(60) Pause Young (Normal) (G1 Evacuation Pause) 395M->95M(512M) 1.627ms
[2025-08-28T13:46:08.716+0000][1099914][info ][gc,cpu      ] GC(60) User=0.01s Sys=0.00s Real=0.00s
[2025-08-28T13:46:08.716+0000][1099914][info ][safepoint   ] Safepoint "G1CollectForAllocation", Time since last: 1660514449 ns, Reaching safepoint: 11057 ns, Cleanup: 4577 ns, At safepoint: 1690179 ns, Total: 1705813 ns
[2025-08-28T13:46:13.716+0000][1099914][info ][safepoint   ] Safepoint "Cleanup", Time since last: 5000365366 ns, Reaching safepoint: 39249 ns, Cleanup: 11257 ns, At safepoint: 2574 ns, Total: 53080 ns
[2025-08-28T13:46:14.464+0000][1099914][info ][gc,start    ] GC(61) Pause Young (Normal) (G1 Evacuation Pause)
[2025-08-28T13:46:14.464+0000][1099914][info ][gc,task     ] GC(61) Using 12 workers of 33 for evacuation
[2025-08-28T13:46:14.464+0000][1099914][debug][gc,age      ] GC(61) Desired survivor size 20971520 bytes, new threshold 15 (max threshold 15)
[2025-08-28T13:46:14.466+0000][1099914][info ][gc,phases   ] GC(61)   Pre Evacuate Collection Set: 0.1ms
[2025-08-28T13:46:14.466+0000][1099914][info ][gc,phases   ] GC(61)   Merge Heap Roots: 0.1ms
[2025-08-28T13:46:14.466+0000][1099914][info ][gc,phases   ] GC(61)   Evacuate Collection Set: 1.1ms
[2025-08-28T13:46:14.466+0000][1099914][info ][gc,phases   ] GC(61)   Post Evacuate Collection Set: 0.4ms
[2025-08-28T13:46:14.466+0000][1099914][info ][gc,phases   ] GC(61)   Other: 0.1ms
[2025-08-28T13:46:14.466+0000][1099914][trace][gc,age      ] GC(61) Age table with threshold 15 (max threshold 15)
[2025-08-28T13:46:14.466+0000][1099914][trace][gc,age      ] GC(61) - age   1:     684736 bytes,     684736 total
[2025-08-28T13:46:14.466+0000][1099914][trace][gc,age      ] GC(61) - age   2:        240 bytes,     684976 total
[2025-08-28T13:46:14.466+0000][1099914][trace][gc,age      ] GC(61) - age   3:       2952 bytes,     687928 total
[2025-08-28T13:46:14.466+0000][1099914][trace][gc,age      ] GC(61) - age   4:       2512 bytes,     690440 total
[2025-08-28T13:46:14.466+0000][1099914][trace][gc,age      ] GC(61) - age   5:      10552 bytes,     700992 total
[2025-08-28T13:46:14.466+0000][1099914][trace][gc,age      ] GC(61) - age   6:        760 bytes,     701752 total
[2025-08-28T13:46:14.466+0000][1099914][trace][gc,age      ] GC(61) - age   9:       1136 bytes,     702888 total
[2025-08-28T13:46:14.466+0000][1099914][trace][gc,age      ] GC(61) - age  10:       3208 bytes,     706096 total
[2025-08-28T13:46:14.466+0000][1099914][trace][gc,age      ] GC(61) - age  11:        968 bytes,     707064 total
[2025-08-28T13:46:14.466+0000][1099914][trace][gc,age      ] GC(61) - age  12:       3984 bytes,     711048 total
[2025-08-28T13:46:14.466+0000][1099914][trace][gc,age      ] GC(61) - age  13:        360 bytes,     711408 total
[2025-08-28T13:46:14.466+0000][1099914][trace][gc,age      ] GC(61) - age  14:        488 bytes,     711896 total
[2025-08-28T13:46:14.466+0000][1099914][info ][gc,heap     ] GC(61) Eden regions: 75->0(75)
[2025-08-28T13:46:14.466+0000][1099914][info ][gc,heap     ] GC(61) Survivor regions: 1->1(10)
[2025-08-28T13:46:14.466+0000][1099914][info ][gc,heap     ] GC(61) Old regions: 24->24
[2025-08-28T13:46:14.466+0000][1099914][info ][gc,heap     ] GC(61) Humongous regions: 0->0
[2025-08-28T13:46:14.466+0000][1099914][info ][gc,metaspace] GC(61) Metaspace: 136332K(140160K)->136332K(140160K) NonClass: 117821K(119872K)->117821K(119872K) Class: 18510K(20288K)->18510K(20288K)
[2025-08-28T13:46:14.466+0000][1099914][info ][gc          ] GC(61) Pause Young (Normal) (G1 Evacuation Pause) 395M->95M(512M) 1.890ms
[2025-08-28T13:46:14.466+0000][1099914][info ][gc,cpu      ] GC(61) User=0.01s Sys=0.00s Real=0.00s
[2025-08-28T13:46:14.466+0000][1099914][info ][safepoint   ] Safepoint "G1CollectForAllocation", Time since last: 747607423 ns, Reaching safepoint: 11988 ns, Cleanup: 5478 ns, At safepoint: 1987336 ns, Total: 2004802 ns
[2025-08-28T13:46:15.466+0000][1099914][info ][safepoint   ] Safepoint "Cleanup", Time since last: 1000089598 ns, Reaching safepoint: 10896 ns, Cleanup: 16335 ns, At safepoint: 2574 ns, Total: 29805 ns
[2025-08-28T13:46:16.466+0000][1099914][info ][safepoint   ] Safepoint "Cleanup", Time since last: 1000112612 ns, Reaching safepoint: 11357 ns, Cleanup: 14432 ns, At safepoint: 3115 ns, Total: 28904 ns
[2025-08-28T13:46:19.455+0000][1099914][info ][gc,start    ] GC(62) Pause Young (Normal) (G1 Evacuation Pause)
[2025-08-28T13:46:19.455+0000][1099914][info ][gc,task     ] GC(62) Using 12 workers of 33 for evacuation
[2025-08-28T13:46:19.455+0000][1099914][debug][gc,age      ] GC(62) Desired survivor size 20971520 bytes, new threshold 15 (max threshold 15)
[2025-08-28T13:46:19.457+0000][1099914][info ][gc,phases   ] GC(62)   Pre Evacuate Collection Set: 0.1ms
[2025-08-28T13:46:19.457+0000][1099914][info ][gc,phases   ] GC(62)   Merge Heap Roots: 0.1ms
[2025-08-28T13:46:19.457+0000][1099914][info ][gc,phases   ] GC(62)   Evacuate Collection Set: 1.1ms
[2025-08-28T13:46:19.457+0000][1099914][info ][gc,phases   ] GC(62)   Post Evacuate Collection Set: 0.3ms
[2025-08-28T13:46:19.457+0000][1099914][info ][gc,phases   ] GC(62)   Other: 0.1ms
[2025-08-28T13:46:19.457+0000][1099914][trace][gc,age      ] GC(62) Age table with threshold 15 (max threshold 15)
[2025-08-28T13:46:19.457+0000][1099914][trace][gc,age      ] GC(62) - age   1:     541152 bytes,     541152 total
[2025-08-28T13:46:19.457+0000][1099914][trace][gc,age      ] GC(62) - age   4:       2952 bytes,     544104 total
[2025-08-28T13:46:19.457+0000][1099914][trace][gc,age      ] GC(62) - age   5:       1832 bytes,     545936 total
[2025-08-28T13:46:19.457+0000][1099914][trace][gc,age      ] GC(62) - age   6:      10392 bytes,     556328 total
[2025-08-28T13:46:19.457+0000][1099914][trace][gc,age      ] GC(62) - age   7:        760 bytes,     557088 total
[2025-08-28T13:46:19.457+0000][1099914][trace][gc,age      ] GC(62) - age  10:       1136 bytes,     558224 total
[2025-08-28T13:46:19.457+0000][1099914][trace][gc,age      ] GC(62) - age  11:       3208 bytes,     561432 total
[2025-08-28T13:46:19.457+0000][1099914][trace][gc,age      ] GC(62) - age  12:        856 bytes,     562288 total
[2025-08-28T13:46:19.457+0000][1099914][trace][gc,age      ] GC(62) - age  13:       3984 bytes,     566272 total
[2025-08-28T13:46:19.457+0000][1099914][trace][gc,age      ] GC(62) - age  14:        360 bytes,     566632 total
[2025-08-28T13:46:19.457+0000][1099914][trace][gc,age      ] GC(62) - age  15:        488 bytes,     567120 total
[2025-08-28T13:46:19.457+0000][1099914][info ][gc,heap     ] GC(62) Eden regions: 75->0(75)
[2025-08-28T13:46:19.457+0000][1099914][info ][gc,heap     ] GC(62) Survivor regions: 1->1(10)
[2025-08-28T13:46:19.457+0000][1099914][info ][gc,heap     ] GC(62) Old regions: 24->24
[2025-08-28T13:46:19.457+0000][1099914][info ][gc,heap     ] GC(62) Humongous regions: 0->0
[2025-08-28T13:46:19.457+0000][1099914][info ][gc,metaspace] GC(62) Metaspace: 136335K(140160K)->136335K(140160K) NonClass: 117824K(119872K)->117824K(119872K) Class: 18510K(20288K)->18510K(20288K)
[2025-08-28T13:46:19.457+0000][1099914][info ][gc          ] GC(62) Pause Young (Normal) (G1 Evacuation Pause) 395M->95M(512M) 1.772ms
[2025-08-28T13:46:19.457+0000][1099914][info ][gc,cpu      ] GC(62) User=0.01s Sys=0.01s Real=0.00s
[2025-08-28T13:46:19.457+0000][1099914][info ][safepoint   ] Safepoint "G1CollectForAllocation", Time since last: 2989178385 ns, Reaching safepoint: 37707 ns, Cleanup: 4336 ns, At safepoint: 1833305 ns, Total: 1875348 ns
[2025-08-28T13:46:21.457+0000][1099914][info ][safepoint   ] Safepoint "Cleanup", Time since last: 2000150875 ns, Reaching safepoint: 11598 ns, Cleanup: 12278 ns, At safepoint: 3005 ns, Total: 26881 ns
[2025-08-28T13:46:24.458+0000][1099914][info ][safepoint   ] Safepoint "Cleanup", Time since last: 3000237424 ns, Reaching safepoint: 11858 ns, Cleanup: 11668 ns, At safepoint: 2974 ns, Total: 26500 ns
[2025-08-28T13:46:25.017+0000][1099914][info ][gc,start    ] GC(63) Pause Young (Normal) (G1 Evacuation Pause)
[2025-08-28T13:46:25.017+0000][1099914][info ][gc,task     ] GC(63) Using 12 workers of 33 for evacuation
[2025-08-28T13:46:25.017+0000][1099914][debug][gc,age      ] GC(63) Desired survivor size 20971520 bytes, new threshold 15 (max threshold 15)
[2025-08-28T13:46:25.018+0000][1099914][info ][gc,phases   ] GC(63)   Pre Evacuate Collection Set: 0.2ms
[2025-08-28T13:46:25.018+0000][1099914][info ][gc,phases   ] GC(63)   Merge Heap Roots: 0.1ms
[2025-08-28T13:46:25.018+0000][1099914][info ][gc,phases   ] GC(63)   Evacuate Collection Set: 1.1ms
[2025-08-28T13:46:25.018+0000][1099914][info ][gc,phases   ] GC(63)   Post Evacuate Collection Set: 0.3ms
[2025-08-28T13:46:25.018+0000][1099914][info ][gc,phases   ] GC(63)   Other: 0.0ms
[2025-08-28T13:46:25.018+0000][1099914][trace][gc,age      ] GC(63) Age table with threshold 15 (max threshold 15)
[2025-08-28T13:46:25.018+0000][1099914][trace][gc,age      ] GC(63) - age   1:     542144 bytes,     542144 total
[2025-08-28T13:46:25.018+0000][1099914][trace][gc,age      ] GC(63) - age   2:       1016 bytes,     543160 total
[2025-08-28T13:46:25.018+0000][1099914][trace][gc,age      ] GC(63) - age   5:       2952 bytes,     546112 total
[2025-08-28T13:46:25.018+0000][1099914][trace][gc,age      ] GC(63) - age   6:       1656 bytes,     547768 total
[2025-08-28T13:46:25.018+0000][1099914][trace][gc,age      ] GC(63) - age   7:      10392 bytes,     558160 total
[2025-08-28T13:46:25.018+0000][1099914][trace][gc,age      ] GC(63) - age   8:        760 bytes,     558920 total
[2025-08-28T13:46:25.018+0000][1099914][trace][gc,age      ] GC(63) - age  11:        784 bytes,     559704 total
[2025-08-28T13:46:25.018+0000][1099914][trace][gc,age      ] GC(63) - age  12:       2856 bytes,     562560 total
[2025-08-28T13:46:25.018+0000][1099914][trace][gc,age      ] GC(63) - age  13:        856 bytes,     563416 total
[2025-08-28T13:46:25.018+0000][1099914][trace][gc,age      ] GC(63) - age  14:       3984 bytes,     567400 total
[2025-08-28T13:46:25.018+0000][1099914][trace][gc,age      ] GC(63) - age  15:        360 bytes,     567760 total
[2025-08-28T13:46:25.018+0000][1099914][info ][gc,heap     ] GC(63) Eden regions: 75->0(75)
[2025-08-28T13:46:25.018+0000][1099914][info ][gc,heap     ] GC(63) Survivor regions: 1->1(10)
[2025-08-28T13:46:25.018+0000][1099914][info ][gc,heap     ] GC(63) Old regions: 24->24
[2025-08-28T13:46:25.018+0000][1099914][info ][gc,heap     ] GC(63) Humongous regions: 0->0
[2025-08-28T13:46:25.018+0000][1099914][info ][gc,metaspace] GC(63) Metaspace: 136378K(140160K)->136378K(140160K) NonClass: 117867K(119872K)->117867K(119872K) Class: 18510K(20288K)->18510K(20288K)
[2025-08-28T13:46:25.018+0000][1099914][info ][gc          ] GC(63) Pause Young (Normal) (G1 Evacuation Pause) 395M->95M(512M) 1.783ms
[2025-08-28T13:46:25.018+0000][1099914][info ][gc,cpu      ] GC(63) User=0.01s Sys=0.00s Real=0.00s
[2025-08-28T13:46:25.018+0000][1099914][info ][safepoint   ] Safepoint "G1CollectForAllocation", Time since last: 558961035 ns, Reaching safepoint: 11427 ns, Cleanup: 4137 ns, At safepoint: 1845683 ns, Total: 1861247 ns
[2025-08-28T13:46:26.019+0000][1099914][info ][safepoint   ] Safepoint "Cleanup", Time since last: 1000093700 ns, Reaching safepoint: 11467 ns, Cleanup: 18077 ns, At safepoint: 3235 ns, Total: 32779 ns
[2025-08-28T13:46:30.157+0000][1099914][info ][gc,start    ] GC(64) Pause Young (Normal) (G1 Evacuation Pause)
[2025-08-28T13:46:30.157+0000][1099914][info ][gc,task     ] GC(64) Using 12 workers of 33 for evacuation
[2025-08-28T13:46:30.157+0000][1099914][debug][gc,age      ] GC(64) Desired survivor size 20971520 bytes, new threshold 15 (max threshold 15)
[2025-08-28T13:46:30.159+0000][1099914][info ][gc,phases   ] GC(64)   Pre Evacuate Collection Set: 0.1ms
[2025-08-28T13:46:30.159+0000][1099914][info ][gc,phases   ] GC(64)   Merge Heap Roots: 0.1ms
[2025-08-28T13:46:30.159+0000][1099914][info ][gc,phases   ] GC(64)   Evacuate Collection Set: 1.0ms
[2025-08-28T13:46:30.159+0000][1099914][info ][gc,phases   ] GC(64)   Post Evacuate Collection Set: 0.4ms
[2025-08-28T13:46:30.159+0000][1099914][info ][gc,phases   ] GC(64)   Other: 0.1ms
[2025-08-28T13:46:30.159+0000][1099914][trace][gc,age      ] GC(64) Age table with threshold 15 (max threshold 15)
[2025-08-28T13:46:30.159+0000][1099914][trace][gc,age      ] GC(64) - age   1:     565584 bytes,     565584 total
[2025-08-28T13:46:30.159+0000][1099914][trace][gc,age      ] GC(64) - age   2:       2064 bytes,     567648 total
[2025-08-28T13:46:30.159+0000][1099914][trace][gc,age      ] GC(64) - age   3:        336 bytes,     567984 total
[2025-08-28T13:46:30.159+0000][1099914][trace][gc,age      ] GC(64) - age   6:       2952 bytes,     570936 total
[2025-08-28T13:46:30.159+0000][1099914][trace][gc,age      ] GC(64) - age   8:        392 bytes,     571328 total
[2025-08-28T13:46:30.159+0000][1099914][trace][gc,age      ] GC(64) - age   9:        760 bytes,     572088 total
[2025-08-28T13:46:30.159+0000][1099914][trace][gc,age      ] GC(64) - age  12:        784 bytes,     572872 total
[2025-08-28T13:46:30.159+0000][1099914][trace][gc,age      ] GC(64) - age  13:       2856 bytes,     575728 total
[2025-08-28T13:46:30.159+0000][1099914][trace][gc,age      ] GC(64) - age  14:        856 bytes,     576584 total
[2025-08-28T13:46:30.159+0000][1099914][trace][gc,age      ] GC(64) - age  15:       3984 bytes,     580568 total
[2025-08-28T13:46:30.159+0000][1099914][info ][gc,heap     ] GC(64) Eden regions: 75->0(75)
[2025-08-28T13:46:30.159+0000][1099914][info ][gc,heap     ] GC(64) Survivor regions: 1->1(10)
[2025-08-28T13:46:30.159+0000][1099914][info ][gc,heap     ] GC(64) Old regions: 24->24
[2025-08-28T13:46:30.159+0000][1099914][info ][gc,heap     ] GC(64) Humongous regions: 0->0
[2025-08-28T13:46:30.159+0000][1099914][info ][gc,metaspace] GC(64) Metaspace: 136387K(140160K)->136387K(140160K) NonClass: 117876K(119872K)->117876K(119872K) Class: 18510K(20288K)->18510K(20288K)
[2025-08-28T13:46:30.159+0000][1099914][info ][gc          ] GC(64) Pause Young (Normal) (G1 Evacuation Pause) 395M->95M(512M) 1.799ms
[2025-08-28T13:46:30.159+0000][1099914][info ][gc,cpu      ] GC(64) User=0.01s Sys=0.00s Real=0.00s
[2025-08-28T13:46:30.159+0000][1099914][info ][safepoint   ] Safepoint "G1CollectForAllocation", Time since last: 4138548919 ns, Reaching safepoint: 12038 ns, Cleanup: 3906 ns, At safepoint: 1921166 ns, Total: 1937110 ns
[2025-08-28T13:46:35.160+0000][1099914][info ][safepoint   ] Safepoint "Cleanup", Time since last: 5000381210 ns, Reaching safepoint: 53280 ns, Cleanup: 16594 ns, At safepoint: 3386 ns, Total: 73260 ns
[2025-08-28T13:46:35.895+0000][1099914][info ][gc,start    ] GC(65) Pause Young (Normal) (G1 Evacuation Pause)
[2025-08-28T13:46:35.895+0000][1099914][info ][gc,task     ] GC(65) Using 12 workers of 33 for evacuation
[2025-08-28T13:46:35.895+0000][1099914][debug][gc,age      ] GC(65) Desired survivor size 20971520 bytes, new threshold 15 (max threshold 15)
[2025-08-28T13:46:35.897+0000][1099914][info ][gc,phases   ] GC(65)   Pre Evacuate Collection Set: 0.1ms
[2025-08-28T13:46:35.897+0000][1099914][info ][gc,phases   ] GC(65)   Merge Heap Roots: 0.1ms
[2025-08-28T13:46:35.897+0000][1099914][info ][gc,phases   ] GC(65)   Evacuate Collection Set: 1.1ms
[2025-08-28T13:46:35.897+0000][1099914][info ][gc,phases   ] GC(65)   Post Evacuate Collection Set: 0.4ms
[2025-08-28T13:46:35.897+0000][1099914][info ][gc,phases   ] GC(65)   Other: 0.1ms
[2025-08-28T13:46:35.897+0000][1099914][trace][gc,age      ] GC(65) Age table with threshold 15 (max threshold 15)
[2025-08-28T13:46:35.897+0000][1099914][trace][gc,age      ] GC(65) - age   1:     540352 bytes,     540352 total
[2025-08-28T13:46:35.897+0000][1099914][trace][gc,age      ] GC(65) - age   2:      13112 bytes,     553464 total
[2025-08-28T13:46:35.897+0000][1099914][trace][gc,age      ] GC(65) - age   3:       1824 bytes,     555288 total
[2025-08-28T13:46:35.897+0000][1099914][trace][gc,age      ] GC(65) - age   4:        336 bytes,     555624 total
[2025-08-28T13:46:35.897+0000][1099914][trace][gc,age      ] GC(65) - age   7:       2728 bytes,     558352 total
[2025-08-28T13:46:35.897+0000][1099914][trace][gc,age      ] GC(65) - age   9:        392 bytes,     558744 total
[2025-08-28T13:46:35.897+0000][1099914][trace][gc,age      ] GC(65) - age  10:        760 bytes,     559504 total
[2025-08-28T13:46:35.897+0000][1099914][trace][gc,age      ] GC(65) - age  13:        784 bytes,     560288 total
[2025-08-28T13:46:35.897+0000][1099914][trace][gc,age      ] GC(65) - age  14:       2856 bytes,     563144 total
[2025-08-28T13:46:35.897+0000][1099914][trace][gc,age      ] GC(65) - age  15:        856 bytes,     564000 total
[2025-08-28T13:46:35.897+0000][1099914][info ][gc,heap     ] GC(65) Eden regions: 75->0(75)
[2025-08-28T13:46:35.897+0000][1099914][info ][gc,heap     ] GC(65) Survivor regions: 1->1(10)
[2025-08-28T13:46:35.897+0000][1099914][info ][gc,heap     ] GC(65) Old regions: 24->24
[2025-08-28T13:46:35.897+0000][1099914][info ][gc,heap     ] GC(65) Humongous regions: 0->0
[2025-08-28T13:46:35.897+0000][1099914][info ][gc,metaspace] GC(65) Metaspace: 136394K(140160K)->136394K(140160K) NonClass: 117883K(119872K)->117883K(119872K) Class: 18510K(20288K)->18510K(20288K)
[2025-08-28T13:46:35.897+0000][1099914][info ][gc          ] GC(65) Pause Young (Normal) (G1 Evacuation Pause) 395M->95M(512M) 2.024ms
[2025-08-28T13:46:35.897+0000][1099914][info ][gc,cpu      ] GC(65) User=0.00s Sys=0.00s Real=0.00s
[2025-08-28T13:46:35.897+0000][1099914][info ][safepoint   ] Safepoint "G1CollectForAllocation", Time since last: 735134465 ns, Reaching safepoint: 17256 ns, Cleanup: 6049 ns, At safepoint: 2193405 ns, Total: 2216710 ns
[2025-08-28T13:46:37.897+0000][1099914][info ][safepoint   ] Safepoint "Cleanup", Time since last: 2000209664 ns, Reaching safepoint: 54472 ns, Cleanup: 26519 ns, At safepoint: 6530 ns, Total: 87521 ns
[2025-08-28T13:46:41.554+0000][1099914][info ][gc,start    ] GC(66) Pause Young (Normal) (G1 Evacuation Pause)
[2025-08-28T13:46:41.554+0000][1099914][info ][gc,task     ] GC(66) Using 12 workers of 33 for evacuation
[2025-08-28T13:46:41.554+0000][1099914][debug][gc,age      ] GC(66) Desired survivor size 20971520 bytes, new threshold 15 (max threshold 15)
[2025-08-28T13:46:41.556+0000][1099914][info ][gc,phases   ] GC(66)   Pre Evacuate Collection Set: 0.2ms
[2025-08-28T13:46:41.556+0000][1099914][info ][gc,phases   ] GC(66)   Merge Heap Roots: 0.1ms
[2025-08-28T13:46:41.556+0000][1099914][info ][gc,phases   ] GC(66)   Evacuate Collection Set: 1.2ms
[2025-08-28T13:46:41.556+0000][1099914][info ][gc,phases   ] GC(66)   Post Evacuate Collection Set: 0.4ms
[2025-08-28T13:46:41.556+0000][1099914][info ][gc,phases   ] GC(66)   Other: 0.1ms
[2025-08-28T13:46:41.556+0000][1099914][trace][gc,age      ] GC(66) Age table with threshold 15 (max threshold 15)
[2025-08-28T13:46:41.556+0000][1099914][trace][gc,age      ] GC(66) - age   1:     668040 bytes,     668040 total
[2025-08-28T13:46:41.556+0000][1099914][trace][gc,age      ] GC(66) - age   2:        464 bytes,     668504 total
[2025-08-28T13:46:41.556+0000][1099914][trace][gc,age      ] GC(66) - age   3:      12800 bytes,     681304 total
[2025-08-28T13:46:41.556+0000][1099914][trace][gc,age      ] GC(66) - age   4:       1824 bytes,     683128 total
[2025-08-28T13:46:41.556+0000][1099914][trace][gc,age      ] GC(66) - age   5:        336 bytes,     683464 total
[2025-08-28T13:46:41.556+0000][1099914][trace][gc,age      ] GC(66) - age   8:       2728 bytes,     686192 total
[2025-08-28T13:46:41.556+0000][1099914][trace][gc,age      ] GC(66) - age  10:        392 bytes,     686584 total
[2025-08-28T13:46:41.556+0000][1099914][trace][gc,age      ] GC(66) - age  11:        760 bytes,     687344 total
[2025-08-28T13:46:41.556+0000][1099914][trace][gc,age      ] GC(66) - age  14:        784 bytes,     688128 total
[2025-08-28T13:46:41.556+0000][1099914][trace][gc,age      ] GC(66) - age  15:       2856 bytes,     690984 total
[2025-08-28T13:46:41.556+0000][1099914][info ][gc,heap     ] GC(66) Eden regions: 75->0(75)
[2025-08-28T13:46:41.556+0000][1099914][info ][gc,heap     ] GC(66) Survivor regions: 1->1(10)
[2025-08-28T13:46:41.556+0000][1099914][info ][gc,heap     ] GC(66) Old regions: 24->24
[2025-08-28T13:46:41.556+0000][1099914][info ][gc,heap     ] GC(66) Humongous regions: 0->0
[2025-08-28T13:46:41.556+0000][1099914][info ][gc,metaspace] GC(66) Metaspace: 136453K(140224K)->136453K(140224K) NonClass: 117942K(119936K)->117942K(119936K) Class: 18510K(20288K)->18510K(20288K)
[2025-08-28T13:46:41.556+0000][1099914][info ][gc          ] GC(66) Pause Young (Normal) (G1 Evacuation Pause) 395M->95M(512M) 2.053ms
[2025-08-28T13:46:41.556+0000][1099914][info ][gc,cpu      ] GC(66) User=0.01s Sys=0.00s Real=0.00s
[2025-08-28T13:46:41.556+0000][1099914][info ][safepoint   ] Safepoint "G1CollectForAllocation", Time since last: 3656392949 ns, Reaching safepoint: 17186 ns, Cleanup: 20080 ns, At safepoint: 2152023 ns, Total: 2189289 ns
[2025-08-28T13:46:43.556+0000][1099914][info ][safepoint   ] Safepoint "Cleanup", Time since last: 2000191537 ns, Reaching safepoint: 55753 ns, Cleanup: 16776 ns, At safepoint: 3214 ns, Total: 75743 ns
[2025-08-28T13:46:46.818+0000][1099914][info ][gc,start    ] GC(67) Pause Young (Normal) (G1 Evacuation Pause)
[2025-08-28T13:46:46.818+0000][1099914][info ][gc,task     ] GC(67) Using 12 workers of 33 for evacuation
[2025-08-28T13:46:46.818+0000][1099914][debug][gc,age      ] GC(67) Desired survivor size 20971520 bytes, new threshold 15 (max threshold 15)
[2025-08-28T13:46:46.820+0000][1099914][info ][gc,phases   ] GC(67)   Pre Evacuate Collection Set: 0.2ms
[2025-08-28T13:46:46.820+0000][1099914][info ][gc,phases   ] GC(67)   Merge Heap Roots: 0.1ms
[2025-08-28T13:46:46.820+0000][1099914][info ][gc,phases   ] GC(67)   Evacuate Collection Set: 1.3ms
[2025-08-28T13:46:46.820+0000][1099914][info ][gc,phases   ] GC(67)   Post Evacuate Collection Set: 0.4ms
[2025-08-28T13:46:46.820+0000][1099914][info ][gc,phases   ] GC(67)   Other: 0.1ms
[2025-08-28T13:46:46.820+0000][1099914][trace][gc,age      ] GC(67) Age table with threshold 15 (max threshold 15)
[2025-08-28T13:46:46.820+0000][1099914][trace][gc,age      ] GC(67) - age   1:     555800 bytes,     555800 total
[2025-08-28T13:46:46.820+0000][1099914][trace][gc,age      ] GC(67) - age   2:       1144 bytes,     556944 total
[2025-08-28T13:46:46.820+0000][1099914][trace][gc,age      ] GC(67) - age   3:        224 bytes,     557168 total
[2025-08-28T13:46:46.820+0000][1099914][trace][gc,age      ] GC(67) - age   4:      12120 bytes,     569288 total
[2025-08-28T13:46:46.820+0000][1099914][trace][gc,age      ] GC(67) - age   5:       1824 bytes,     571112 total
[2025-08-28T13:46:46.820+0000][1099914][trace][gc,age      ] GC(67) - age   6:        336 bytes,     571448 total
[2025-08-28T13:46:46.820+0000][1099914][trace][gc,age      ] GC(67) - age   9:       2728 bytes,     574176 total
[2025-08-28T13:46:46.820+0000][1099914][trace][gc,age      ] GC(67) - age  11:        392 bytes,     574568 total
[2025-08-28T13:46:46.820+0000][1099914][trace][gc,age      ] GC(67) - age  12:        648 bytes,     575216 total
[2025-08-28T13:46:46.820+0000][1099914][trace][gc,age      ] GC(67) - age  15:        784 bytes,     576000 total
[2025-08-28T13:46:46.820+0000][1099914][info ][gc,heap     ] GC(67) Eden regions: 75->0(75)
[2025-08-28T13:46:46.820+0000][1099914][info ][gc,heap     ] GC(67) Survivor regions: 1->1(10)
[2025-08-28T13:46:46.820+0000][1099914][info ][gc,heap     ] GC(67) Old regions: 24->24
[2025-08-28T13:46:46.820+0000][1099914][info ][gc,heap     ] GC(67) Humongous regions: 0->0
[2025-08-28T13:46:46.820+0000][1099914][info ][gc,metaspace] GC(67) Metaspace: 136455K(140224K)->136455K(140224K) NonClass: 117944K(119936K)->117944K(119936K) Class: 18510K(20288K)->18510K(20288K)
[2025-08-28T13:46:46.820+0000][1099914][info ][gc          ] GC(67) Pause Young (Normal) (G1 Evacuation Pause) 395M->95M(512M) 2.148ms
[2025-08-28T13:46:46.820+0000][1099914][info ][gc,cpu      ] GC(67) User=0.01s Sys=0.00s Real=0.00s
[2025-08-28T13:46:46.820+0000][1099914][info ][safepoint   ] Safepoint "G1CollectForAllocation", Time since last: 3261965526 ns, Reaching safepoint: 17466 ns, Cleanup: 6219 ns, At safepoint: 2244903 ns, Total: 2268588 ns
[2025-08-28T13:46:52.459+0000][1099914][info ][gc,start    ] GC(68) Pause Young (Normal) (G1 Evacuation Pause)
[2025-08-28T13:46:52.459+0000][1099914][info ][gc,task     ] GC(68) Using 12 workers of 33 for evacuation
[2025-08-28T13:46:52.459+0000][1099914][debug][gc,age      ] GC(68) Desired survivor size 20971520 bytes, new threshold 15 (max threshold 15)
[2025-08-28T13:46:52.461+0000][1099914][info ][gc,phases   ] GC(68)   Pre Evacuate Collection Set: 0.2ms
[2025-08-28T13:46:52.461+0000][1099914][info ][gc,phases   ] GC(68)   Merge Heap Roots: 0.1ms
[2025-08-28T13:46:52.461+0000][1099914][info ][gc,phases   ] GC(68)   Evacuate Collection Set: 1.4ms
[2025-08-28T13:46:52.461+0000][1099914][info ][gc,phases   ] GC(68)   Post Evacuate Collection Set: 0.5ms
[2025-08-28T13:46:52.461+0000][1099914][info ][gc,phases   ] GC(68)   Other: 0.1ms
[2025-08-28T13:46:52.461+0000][1099914][trace][gc,age      ] GC(68) Age table with threshold 15 (max threshold 15)
[2025-08-28T13:46:52.461+0000][1099914][trace][gc,age      ] GC(68) - age   1:     539920 bytes,     539920 total
[2025-08-28T13:46:52.461+0000][1099914][trace][gc,age      ] GC(68) - age   2:       1352 bytes,     541272 total
[2025-08-28T13:46:52.462+0000][1099914][trace][gc,age      ] GC(68) - age   3:       1144 bytes,     542416 total
[2025-08-28T13:46:52.462+0000][1099914][trace][gc,age      ] GC(68) - age   4:        224 bytes,     542640 total
[2025-08-28T13:46:52.462+0000][1099914][trace][gc,age      ] GC(68) - age   5:      12120 bytes,     554760 total
[2025-08-28T13:46:52.462+0000][1099914][trace][gc,age      ] GC(68) - age   6:       1824 bytes,     556584 total
[2025-08-28T13:46:52.462+0000][1099914][trace][gc,age      ] GC(68) - age   7:        336 bytes,     556920 total
[2025-08-28T13:46:52.462+0000][1099914][trace][gc,age      ] GC(68) - age  10:       2728 bytes,     559648 total
[2025-08-28T13:46:52.462+0000][1099914][trace][gc,age      ] GC(68) - age  12:        360 bytes,     560008 total
[2025-08-28T13:46:52.462+0000][1099914][trace][gc,age      ] GC(68) - age  13:        648 bytes,     560656 total
[2025-08-28T13:46:52.462+0000][1099914][info ][gc,heap     ] GC(68) Eden regions: 75->0(75)
[2025-08-28T13:46:52.462+0000][1099914][info ][gc,heap     ] GC(68) Survivor regions: 1->1(10)
[2025-08-28T13:46:52.462+0000][1099914][info ][gc,heap     ] GC(68) Old regions: 24->24
[2025-08-28T13:46:52.462+0000][1099914][info ][gc,heap     ] GC(68) Humongous regions: 0->0
[2025-08-28T13:46:52.462+0000][1099914][info ][gc,metaspace] GC(68) Metaspace: 136455K(140224K)->136455K(140224K) NonClass: 117944K(119936K)->117944K(119936K) Class: 18510K(20288K)->18510K(20288K)
[2025-08-28T13:46:52.462+0000][1099914][info ][gc          ] GC(68) Pause Young (Normal) (G1 Evacuation Pause) 395M->95M(512M) 2.352ms
[2025-08-28T13:46:52.462+0000][1099914][info ][gc,cpu      ] GC(68) User=0.00s Sys=0.01s Real=0.01s
[2025-08-28T13:46:52.462+0000][1099914][info ][safepoint   ] Safepoint "G1CollectForAllocation", Time since last: 5638814868 ns, Reaching safepoint: 54672 ns, Cleanup: 6289 ns, At safepoint: 2499696 ns, Total: 2560657 ns
[2025-08-28T13:46:58.459+0000][1099914][info ][gc,start    ] GC(69) Pause Young (Normal) (G1 Evacuation Pause)
[2025-08-28T13:46:58.459+0000][1099914][info ][gc,task     ] GC(69) Using 12 workers of 33 for evacuation
[2025-08-28T13:46:58.459+0000][1099914][debug][gc,age      ] GC(69) Desired survivor size 20971520 bytes, new threshold 15 (max threshold 15)
[2025-08-28T13:46:58.461+0000][1099914][info ][gc,phases   ] GC(69)   Pre Evacuate Collection Set: 0.1ms
[2025-08-28T13:46:58.461+0000][1099914][info ][gc,phases   ] GC(69)   Merge Heap Roots: 0.1ms
[2025-08-28T13:46:58.461+0000][1099914][info ][gc,phases   ] GC(69)   Evacuate Collection Set: 1.4ms
[2025-08-28T13:46:58.461+0000][1099914][info ][gc,phases   ] GC(69)   Post Evacuate Collection Set: 0.4ms
[2025-08-28T13:46:58.461+0000][1099914][info ][gc,phases   ] GC(69)   Other: 0.1ms
[2025-08-28T13:46:58.461+0000][1099914][trace][gc,age      ] GC(69) Age table with threshold 15 (max threshold 15)
[2025-08-28T13:46:58.461+0000][1099914][trace][gc,age      ] GC(69) - age   1:     542728 bytes,     542728 total
[2025-08-28T13:46:58.462+0000][1099914][trace][gc,age      ] GC(69) - age   2:         32 bytes,     542760 total
[2025-08-28T13:46:58.462+0000][1099914][trace][gc,age      ] GC(69) - age   3:        432 bytes,     543192 total
[2025-08-28T13:46:58.462+0000][1099914][trace][gc,age      ] GC(69) - age   4:       1144 bytes,     544336 total
[2025-08-28T13:46:58.462+0000][1099914][trace][gc,age      ] GC(69) - age   5:        224 bytes,     544560 total
[2025-08-28T13:46:58.462+0000][1099914][trace][gc,age      ] GC(69) - age   6:      10464 bytes,     555024 total
[2025-08-28T13:46:58.462+0000][1099914][trace][gc,age      ] GC(69) - age   7:       1648 bytes,     556672 total
[2025-08-28T13:46:58.462+0000][1099914][trace][gc,age      ] GC(69) - age   8:        336 bytes,     557008 total
[2025-08-28T13:46:58.462+0000][1099914][trace][gc,age      ] GC(69) - age  11:       2728 bytes,     559736 total
[2025-08-28T13:46:58.462+0000][1099914][trace][gc,age      ] GC(69) - age  13:        360 bytes,     560096 total
[2025-08-28T13:46:58.462+0000][1099914][trace][gc,age      ] GC(69) - age  14:        648 bytes,     560744 total
[2025-08-28T13:46:58.462+0000][1099914][info ][gc,heap     ] GC(69) Eden regions: 75->0(75)
[2025-08-28T13:46:58.462+0000][1099914][info ][gc,heap     ] GC(69) Survivor regions: 1->1(10)
[2025-08-28T13:46:58.462+0000][1099914][info ][gc,heap     ] GC(69) Old regions: 24->24
[2025-08-28T13:46:58.462+0000][1099914][info ][gc,heap     ] GC(69) Humongous regions: 0->0
[2025-08-28T13:46:58.462+0000][1099914][info ][gc,metaspace] GC(69) Metaspace: 136455K(140224K)->136455K(140224K) NonClass: 117945K(119936K)->117945K(119936K) Class: 18510K(20288K)->18510K(20288K)
[2025-08-28T13:46:58.462+0000][1099914][info ][gc          ] GC(69) Pause Young (Normal) (G1 Evacuation Pause) 395M->95M(512M) 2.297ms
[2025-08-28T13:46:58.462+0000][1099914][info ][gc,cpu      ] GC(69) User=0.01s Sys=0.00s Real=0.01s
[2025-08-28T13:46:58.462+0000][1099914][info ][safepoint   ] Safepoint "G1CollectForAllocation", Time since last: 5997498297 ns, Reaching safepoint: 52679 ns, Cleanup: 6080 ns, At safepoint: 2393946 ns, Total: 2452705 ns
[2025-08-28T13:47:04.297+0000][1099914][info ][gc,start    ] GC(70) Pause Young (Normal) (G1 Evacuation Pause)
[2025-08-28T13:47:04.297+0000][1099914][info ][gc,task     ] GC(70) Using 12 workers of 33 for evacuation
[2025-08-28T13:47:04.297+0000][1099914][debug][gc,age      ] GC(70) Desired survivor size 20971520 bytes, new threshold 15 (max threshold 15)
[2025-08-28T13:47:04.299+0000][1099914][info ][gc,phases   ] GC(70)   Pre Evacuate Collection Set: 0.1ms
[2025-08-28T13:47:04.299+0000][1099914][info ][gc,phases   ] GC(70)   Merge Heap Roots: 0.1ms
[2025-08-28T13:47:04.299+0000][1099914][info ][gc,phases   ] GC(70)   Evacuate Collection Set: 1.2ms
[2025-08-28T13:47:04.299+0000][1099914][info ][gc,phases   ] GC(70)   Post Evacuate Collection Set: 0.3ms
[2025-08-28T13:47:04.299+0000][1099914][info ][gc,phases   ] GC(70)   Other: 0.3ms
[2025-08-28T13:47:04.299+0000][1099914][trace][gc,age      ] GC(70) Age table with threshold 15 (max threshold 15)
[2025-08-28T13:47:04.299+0000][1099914][trace][gc,age      ] GC(70) - age   1:     539888 bytes,     539888 total
[2025-08-28T13:47:04.299+0000][1099914][trace][gc,age      ] GC(70) - age   2:       2816 bytes,     542704 total
[2025-08-28T13:47:04.299+0000][1099914][trace][gc,age      ] GC(70) - age   3:         32 bytes,     542736 total
[2025-08-28T13:47:04.299+0000][1099914][trace][gc,age      ] GC(70) - age   4:        432 bytes,     543168 total
[2025-08-28T13:47:04.299+0000][1099914][trace][gc,age      ] GC(70) - age   5:       1144 bytes,     544312 total
[2025-08-28T13:47:04.299+0000][1099914][trace][gc,age      ] GC(70) - age   6:        224 bytes,     544536 total
[2025-08-28T13:47:04.299+0000][1099914][trace][gc,age      ] GC(70) - age   7:      10464 bytes,     555000 total
[2025-08-28T13:47:04.299+0000][1099914][trace][gc,age      ] GC(70) - age   8:       1648 bytes,     556648 total
[2025-08-28T13:47:04.299+0000][1099914][trace][gc,age      ] GC(70) - age   9:        336 bytes,     556984 total
[2025-08-28T13:47:04.299+0000][1099914][trace][gc,age      ] GC(70) - age  12:       2728 bytes,     559712 total
[2025-08-28T13:47:04.299+0000][1099914][trace][gc,age      ] GC(70) - age  14:        360 bytes,     560072 total
[2025-08-28T13:47:04.299+0000][1099914][trace][gc,age      ] GC(70) - age  15:        648 bytes,     560720 total
[2025-08-28T13:47:04.299+0000][1099914][info ][gc,heap     ] GC(70) Eden regions: 75->0(75)
[2025-08-28T13:47:04.299+0000][1099914][info ][gc,heap     ] GC(70) Survivor regions: 1->1(10)
[2025-08-28T13:47:04.299+0000][1099914][info ][gc,heap     ] GC(70) Old regions: 24->24
[2025-08-28T13:47:04.299+0000][1099914][info ][gc,heap     ] GC(70) Humongous regions: 0->0
[2025-08-28T13:47:04.299+0000][1099914][info ][gc,metaspace] GC(70) Metaspace: 136455K(140224K)->136455K(140224K) NonClass: 117945K(119936K)->117945K(119936K) Class: 18510K(20288K)->18510K(20288K)
[2025-08-28T13:47:04.299+0000][1099914][info ][gc          ] GC(70) Pause Young (Normal) (G1 Evacuation Pause) 395M->95M(512M) 2.140ms
[2025-08-28T13:47:04.299+0000][1099914][info ][gc,cpu      ] GC(70) User=0.00s Sys=0.01s Real=0.00s
[2025-08-28T13:47:04.299+0000][1099914][info ][safepoint   ] Safepoint "G1CollectForAllocation", Time since last: 5834964731 ns, Reaching safepoint: 39279 ns, Cleanup: 4346 ns, At safepoint: 2212625 ns, Total: 2256250 ns
[2025-08-28T13:47:07.299+0000][1099914][info ][safepoint   ] Safepoint "Cleanup", Time since last: 3000184194 ns, Reaching safepoint: 10446 ns, Cleanup: 10065 ns, At safepoint: 2955 ns, Total: 23466 ns
[2025-08-28T13:47:10.422+0000][1099914][info ][gc,start    ] GC(71) Pause Young (Normal) (G1 Evacuation Pause)
[2025-08-28T13:47:10.422+0000][1099914][info ][gc,task     ] GC(71) Using 12 workers of 33 for evacuation
[2025-08-28T13:47:10.422+0000][1099914][debug][gc,age      ] GC(71) Desired survivor size 20971520 bytes, new threshold 15 (max threshold 15)
[2025-08-28T13:47:10.424+0000][1099914][info ][gc,phases   ] GC(71)   Pre Evacuate Collection Set: 0.2ms
[2025-08-28T13:47:10.424+0000][1099914][info ][gc,phases   ] GC(71)   Merge Heap Roots: 0.0ms
[2025-08-28T13:47:10.424+0000][1099914][info ][gc,phases   ] GC(71)   Evacuate Collection Set: 1.3ms
[2025-08-28T13:47:10.424+0000][1099914][info ][gc,phases   ] GC(71)   Post Evacuate Collection Set: 0.3ms
[2025-08-28T13:47:10.424+0000][1099914][info ][gc,phases   ] GC(71)   Other: 0.0ms
[2025-08-28T13:47:10.424+0000][1099914][trace][gc,age      ] GC(71) Age table with threshold 15 (max threshold 15)
[2025-08-28T13:47:10.424+0000][1099914][trace][gc,age      ] GC(71) - age   1:     694272 bytes,     694272 total
[2025-08-28T13:47:10.424+0000][1099914][trace][gc,age      ] GC(71) - age   3:       2576 bytes,     696848 total
[2025-08-28T13:47:10.424+0000][1099914][trace][gc,age      ] GC(71) - age   4:         32 bytes,     696880 total
[2025-08-28T13:47:10.424+0000][1099914][trace][gc,age      ] GC(71) - age   5:        432 bytes,     697312 total
[2025-08-28T13:47:10.424+0000][1099914][trace][gc,age      ] GC(71) - age   6:       1144 bytes,     698456 total
[2025-08-28T13:47:10.424+0000][1099914][trace][gc,age      ] GC(71) - age   7:        224 bytes,     698680 total
[2025-08-28T13:47:10.424+0000][1099914][trace][gc,age      ] GC(71) - age   8:        304 bytes,     698984 total
[2025-08-28T13:47:10.424+0000][1099914][trace][gc,age      ] GC(71) - age   9:       1648 bytes,     700632 total
[2025-08-28T13:47:10.424+0000][1099914][trace][gc,age      ] GC(71) - age  10:        336 bytes,     700968 total
[2025-08-28T13:47:10.424+0000][1099914][trace][gc,age      ] GC(71) - age  13:       2728 bytes,     703696 total
[2025-08-28T13:47:10.424+0000][1099914][trace][gc,age      ] GC(71) - age  15:        360 bytes,     704056 total
[2025-08-28T13:47:10.424+0000][1099914][info ][gc,heap     ] GC(71) Eden regions: 75->0(75)
[2025-08-28T13:47:10.424+0000][1099914][info ][gc,heap     ] GC(71) Survivor regions: 1->1(10)
[2025-08-28T13:47:10.424+0000][1099914][info ][gc,heap     ] GC(71) Old regions: 24->24
[2025-08-28T13:47:10.424+0000][1099914][info ][gc,heap     ] GC(71) Humongous regions: 0->0
[2025-08-28T13:47:10.424+0000][1099914][info ][gc,metaspace] GC(71) Metaspace: 136456K(140224K)->136456K(140224K) NonClass: 117945K(119936K)->117945K(119936K) Class: 18510K(20288K)->18510K(20288K)
[2025-08-28T13:47:10.424+0000][1099914][info ][gc          ] GC(71) Pause Young (Normal) (G1 Evacuation Pause) 395M->95M(512M) 2.014ms
[2025-08-28T13:47:10.424+0000][1099914][info ][gc,cpu      ] GC(71) User=0.00s Sys=0.01s Real=0.00s
[2025-08-28T13:47:10.424+0000][1099914][info ][safepoint   ] Safepoint "G1CollectForAllocation", Time since last: 3122572646 ns, Reaching safepoint: 38768 ns, Cleanup: 4577 ns, At safepoint: 2076690 ns, Total: 2120035 ns
[2025-08-28T13:47:16.035+0000][1099914][info ][gc,start    ] GC(72) Pause Young (Normal) (G1 Evacuation Pause)
[2025-08-28T13:47:16.035+0000][1099914][info ][gc,task     ] GC(72) Using 12 workers of 33 for evacuation
[2025-08-28T13:47:16.035+0000][1099914][debug][gc,age      ] GC(72) Desired survivor size 20971520 bytes, new threshold 15 (max threshold 15)
[2025-08-28T13:47:16.036+0000][1099914][info ][gc,phases   ] GC(72)   Pre Evacuate Collection Set: 0.1ms
[2025-08-28T13:47:16.036+0000][1099914][info ][gc,phases   ] GC(72)   Merge Heap Roots: 0.0ms
[2025-08-28T13:47:16.036+0000][1099914][info ][gc,phases   ] GC(72)   Evacuate Collection Set: 1.2ms
[2025-08-28T13:47:16.036+0000][1099914][info ][gc,phases   ] GC(72)   Post Evacuate Collection Set: 0.3ms
[2025-08-28T13:47:16.036+0000][1099914][info ][gc,phases   ] GC(72)   Other: 0.0ms
[2025-08-28T13:47:16.036+0000][1099914][trace][gc,age      ] GC(72) Age table with threshold 15 (max threshold 15)
[2025-08-28T13:47:16.036+0000][1099914][trace][gc,age      ] GC(72) - age   1:     541136 bytes,     541136 total
[2025-08-28T13:47:16.036+0000][1099914][trace][gc,age      ] GC(72) - age   2:      10472 bytes,     551608 total
[2025-08-28T13:47:16.036+0000][1099914][trace][gc,age      ] GC(72) - age   4:       2040 bytes,     553648 total
[2025-08-28T13:47:16.036+0000][1099914][trace][gc,age      ] GC(72) - age   5:         32 bytes,     553680 total
[2025-08-28T13:47:16.036+0000][1099914][trace][gc,age      ] GC(72) - age   6:        432 bytes,     554112 total
[2025-08-28T13:47:16.036+0000][1099914][trace][gc,age      ] GC(72) - age   7:       1144 bytes,     555256 total
[2025-08-28T13:47:16.036+0000][1099914][trace][gc,age      ] GC(72) - age   9:        304 bytes,     555560 total
[2025-08-28T13:47:16.036+0000][1099914][trace][gc,age      ] GC(72) - age  10:       1648 bytes,     557208 total
[2025-08-28T13:47:16.036+0000][1099914][trace][gc,age      ] GC(72) - age  11:        224 bytes,     557432 total
[2025-08-28T13:47:16.036+0000][1099914][trace][gc,age      ] GC(72) - age  14:       2728 bytes,     560160 total
[2025-08-28T13:47:16.036+0000][1099914][info ][gc,heap     ] GC(72) Eden regions: 75->0(75)
[2025-08-28T13:47:16.036+0000][1099914][info ][gc,heap     ] GC(72) Survivor regions: 1->1(10)
[2025-08-28T13:47:16.036+0000][1099914][info ][gc,heap     ] GC(72) Old regions: 24->24
[2025-08-28T13:47:16.036+0000][1099914][info ][gc,heap     ] GC(72) Humongous regions: 0->0
[2025-08-28T13:47:16.036+0000][1099914][info ][gc,metaspace] GC(72) Metaspace: 136457K(140224K)->136457K(140224K) NonClass: 117946K(119936K)->117946K(119936K) Class: 18510K(20288K)->18510K(20288K)
[2025-08-28T13:47:16.036+0000][1099914][info ][gc          ] GC(72) Pause Young (Normal) (G1 Evacuation Pause) 395M->95M(512M) 1.876ms
[2025-08-28T13:47:16.036+0000][1099914][info ][gc,cpu      ] GC(72) User=0.01s Sys=0.00s Real=0.00s
[2025-08-28T13:47:16.036+0000][1099914][info ][safepoint   ] Safepoint "G1CollectForAllocation", Time since last: 5610745775 ns, Reaching safepoint: 37757 ns, Cleanup: 4146 ns, At safepoint: 1938182 ns, Total: 1980085 ns
[2025-08-28T13:47:17.877+0000][1099914][info ][safepoint   ] Safepoint "Cleanup", Time since last: 1840309474 ns, Reaching safepoint: 11647 ns, Cleanup: 4898 ns, At safepoint: 2333 ns, Total: 18878 ns
[2025-08-28T13:47:22.035+0000][1099914][info ][gc,start    ] GC(73) Pause Young (Normal) (G1 Evacuation Pause)
[2025-08-28T13:47:22.035+0000][1099914][info ][gc,task     ] GC(73) Using 12 workers of 33 for evacuation
[2025-08-28T13:47:22.035+0000][1099914][debug][gc,age      ] GC(73) Desired survivor size 20971520 bytes, new threshold 15 (max threshold 15)
[2025-08-28T13:47:22.037+0000][1099914][info ][gc,phases   ] GC(73)   Pre Evacuate Collection Set: 0.1ms
[2025-08-28T13:47:22.037+0000][1099914][info ][gc,phases   ] GC(73)   Merge Heap Roots: 0.1ms
[2025-08-28T13:47:22.037+0000][1099914][info ][gc,phases   ] GC(73)   Evacuate Collection Set: 1.4ms
[2025-08-28T13:47:22.037+0000][1099914][info ][gc,phases   ] GC(73)   Post Evacuate Collection Set: 0.4ms
[2025-08-28T13:47:22.037+0000][1099914][info ][gc,phases   ] GC(73)   Other: 0.1ms
[2025-08-28T13:47:22.037+0000][1099914][trace][gc,age      ] GC(73) Age table with threshold 15 (max threshold 15)
[2025-08-28T13:47:22.037+0000][1099914][trace][gc,age      ] GC(73) - age   1:     540312 bytes,     540312 total
[2025-08-28T13:47:22.037+0000][1099914][trace][gc,age      ] GC(73) - age   2:       1192 bytes,     541504 total
[2025-08-28T13:47:22.037+0000][1099914][trace][gc,age      ] GC(73) - age   3:      10472 bytes,     551976 total
[2025-08-28T13:47:22.037+0000][1099914][trace][gc,age      ] GC(73) - age   5:       1896 bytes,     553872 total
[2025-08-28T13:47:22.037+0000][1099914][trace][gc,age      ] GC(73) - age   6:         32 bytes,     553904 total
[2025-08-28T13:47:22.037+0000][1099914][trace][gc,age      ] GC(73) - age   7:        432 bytes,     554336 total
[2025-08-28T13:47:22.037+0000][1099914][trace][gc,age      ] GC(73) - age   8:       1144 bytes,     555480 total
[2025-08-28T13:47:22.037+0000][1099914][trace][gc,age      ] GC(73) - age  10:        304 bytes,     555784 total
[2025-08-28T13:47:22.037+0000][1099914][trace][gc,age      ] GC(73) - age  11:       1648 bytes,     557432 total
[2025-08-28T13:47:22.037+0000][1099914][trace][gc,age      ] GC(73) - age  12:        224 bytes,     557656 total
[2025-08-28T13:47:22.037+0000][1099914][trace][gc,age      ] GC(73) - age  15:       2728 bytes,     560384 total
[2025-08-28T13:47:22.037+0000][1099914][info ][gc,heap     ] GC(73) Eden regions: 75->0(75)
[2025-08-28T13:47:22.037+0000][1099914][info ][gc,heap     ] GC(73) Survivor regions: 1->1(10)
[2025-08-28T13:47:22.037+0000][1099914][info ][gc,heap     ] GC(73) Old regions: 24->24
[2025-08-28T13:47:22.037+0000][1099914][info ][gc,heap     ] GC(73) Humongous regions: 0->0
[2025-08-28T13:47:22.037+0000][1099914][info ][gc,metaspace] GC(73) Metaspace: 136457K(140224K)->136457K(140224K) NonClass: 117946K(119936K)->117946K(119936K) Class: 18510K(20288K)->18510K(20288K)
[2025-08-28T13:47:22.037+0000][1099914][info ][gc          ] GC(73) Pause Young (Normal) (G1 Evacuation Pause) 395M->95M(512M) 2.123ms
[2025-08-28T13:47:22.037+0000][1099914][info ][gc,cpu      ] GC(73) User=0.01s Sys=0.00s Real=0.00s
[2025-08-28T13:47:22.037+0000][1099914][info ][safepoint   ] Safepoint "G1CollectForAllocation", Time since last: 4157888541 ns, Reaching safepoint: 37146 ns, Cleanup: 3665 ns, At safepoint: 2185814 ns, Total: 2226625 ns
[2025-08-28T13:47:27.522+0000][1099914][info ][gc,start    ] GC(74) Pause Young (Normal) (G1 Evacuation Pause)
[2025-08-28T13:47:27.522+0000][1099914][info ][gc,task     ] GC(74) Using 12 workers of 33 for evacuation
[2025-08-28T13:47:27.522+0000][1099914][debug][gc,age      ] GC(74) Desired survivor size 20971520 bytes, new threshold 15 (max threshold 15)
[2025-08-28T13:47:27.523+0000][1099914][info ][gc,phases   ] GC(74)   Pre Evacuate Collection Set: 0.2ms
[2025-08-28T13:47:27.523+0000][1099914][info ][gc,phases   ] GC(74)   Merge Heap Roots: 0.1ms
[2025-08-28T13:47:27.523+0000][1099914][info ][gc,phases   ] GC(74)   Evacuate Collection Set: 1.1ms
[2025-08-28T13:47:27.523+0000][1099914][info ][gc,phases   ] GC(74)   Post Evacuate Collection Set: 0.3ms
[2025-08-28T13:47:27.524+0000][1099914][info ][gc,phases   ] GC(74)   Other: 0.0ms
[2025-08-28T13:47:27.524+0000][1099914][trace][gc,age      ] GC(74) Age table with threshold 15 (max threshold 15)
[2025-08-28T13:47:27.524+0000][1099914][trace][gc,age      ] GC(74) - age   1:     560208 bytes,     560208 total
[2025-08-28T13:47:27.524+0000][1099914][trace][gc,age      ] GC(74) - age   2:        224 bytes,     560432 total
[2025-08-28T13:47:27.524+0000][1099914][trace][gc,age      ] GC(74) - age   3:        424 bytes,     560856 total
[2025-08-28T13:47:27.524+0000][1099914][trace][gc,age      ] GC(74) - age   4:      10472 bytes,     571328 total
[2025-08-28T13:47:27.524+0000][1099914][trace][gc,age      ] GC(74) - age   6:         64 bytes,     571392 total
[2025-08-28T13:47:27.524+0000][1099914][trace][gc,age      ] GC(74) - age   7:         32 bytes,     571424 total
[2025-08-28T13:47:27.524+0000][1099914][trace][gc,age      ] GC(74) - age   8:        432 bytes,     571856 total
[2025-08-28T13:47:27.524+0000][1099914][trace][gc,age      ] GC(74) - age   9:       1144 bytes,     573000 total
[2025-08-28T13:47:27.524+0000][1099914][trace][gc,age      ] GC(74) - age  11:        304 bytes,     573304 total
[2025-08-28T13:47:27.524+0000][1099914][trace][gc,age      ] GC(74) - age  12:        944 bytes,     574248 total
[2025-08-28T13:47:27.524+0000][1099914][trace][gc,age      ] GC(74) - age  13:        224 bytes,     574472 total
[2025-08-28T13:47:27.524+0000][1099914][info ][gc,heap     ] GC(74) Eden regions: 75->0(75)
[2025-08-28T13:47:27.524+0000][1099914][info ][gc,heap     ] GC(74) Survivor regions: 1->1(10)
[2025-08-28T13:47:27.524+0000][1099914][info ][gc,heap     ] GC(74) Old regions: 24->24
[2025-08-28T13:47:27.524+0000][1099914][info ][gc,heap     ] GC(74) Humongous regions: 0->0
[2025-08-28T13:47:27.524+0000][1099914][info ][gc,metaspace] GC(74) Metaspace: 136457K(140224K)->136457K(140224K) NonClass: 117946K(119936K)->117946K(119936K) Class: 18510K(20288K)->18510K(20288K)
[2025-08-28T13:47:27.524+0000][1099914][info ][gc          ] GC(74) Pause Young (Normal) (G1 Evacuation Pause) 395M->95M(512M) 1.839ms
[2025-08-28T13:47:27.524+0000][1099914][info ][gc,cpu      ] GC(74) User=0.01s Sys=0.00s Real=0.00s
[2025-08-28T13:47:27.524+0000][1099914][info ][safepoint   ] Safepoint "G1CollectForAllocation", Time since last: 5484781544 ns, Reaching safepoint: 11107 ns, Cleanup: 4226 ns, At safepoint: 1896970 ns, Total: 1912303 ns
[2025-08-28T13:47:28.524+0000][1099914][info ][safepoint   ] Safepoint "Cleanup", Time since last: 1000073937 ns, Reaching safepoint: 11047 ns, Cleanup: 40962 ns, At safepoint: 3275 ns, Total: 55284 ns
[2025-08-28T13:47:32.884+0000][1099914][info ][gc,start    ] GC(75) Pause Young (Normal) (G1 Evacuation Pause)
[2025-08-28T13:47:32.884+0000][1099914][info ][gc,task     ] GC(75) Using 12 workers of 33 for evacuation
[2025-08-28T13:47:32.884+0000][1099914][debug][gc,age      ] GC(75) Desired survivor size 20971520 bytes, new threshold 15 (max threshold 15)
[2025-08-28T13:47:32.886+0000][1099914][info ][gc,phases   ] GC(75)   Pre Evacuate Collection Set: 0.1ms
[2025-08-28T13:47:32.886+0000][1099914][info ][gc,phases   ] GC(75)   Merge Heap Roots: 0.1ms
[2025-08-28T13:47:32.886+0000][1099914][info ][gc,phases   ] GC(75)   Evacuate Collection Set: 1.6ms
[2025-08-28T13:47:32.886+0000][1099914][info ][gc,phases   ] GC(75)   Post Evacuate Collection Set: 0.4ms
[2025-08-28T13:47:32.886+0000][1099914][info ][gc,phases   ] GC(75)   Other: 0.0ms
[2025-08-28T13:47:32.886+0000][1099914][trace][gc,age      ] GC(75) Age table with threshold 15 (max threshold 15)
[2025-08-28T13:47:32.886+0000][1099914][trace][gc,age      ] GC(75) - age   1:     998448 bytes,     998448 total
[2025-08-28T13:47:32.886+0000][1099914][trace][gc,age      ] GC(75) - age   2:       5000 bytes,    1003448 total
[2025-08-28T13:47:32.886+0000][1099914][trace][gc,age      ] GC(75) - age   3:        224 bytes,    1003672 total
[2025-08-28T13:47:32.886+0000][1099914][trace][gc,age      ] GC(75) - age   4:        424 bytes,    1004096 total
[2025-08-28T13:47:32.886+0000][1099914][trace][gc,age      ] GC(75) - age   5:      10160 bytes,    1014256 total
[2025-08-28T13:47:32.886+0000][1099914][trace][gc,age      ] GC(75) - age   7:         64 bytes,    1014320 total
[2025-08-28T13:47:32.886+0000][1099914][trace][gc,age      ] GC(75) - age   8:         32 bytes,    1014352 total
[2025-08-28T13:47:32.886+0000][1099914][trace][gc,age      ] GC(75) - age   9:        432 bytes,    1014784 total
[2025-08-28T13:47:32.886+0000][1099914][trace][gc,age      ] GC(75) - age  10:       1144 bytes,    1015928 total
[2025-08-28T13:47:32.886+0000][1099914][trace][gc,age      ] GC(75) - age  12:        304 bytes,    1016232 total
[2025-08-28T13:47:32.886+0000][1099914][trace][gc,age      ] GC(75) - age  13:        944 bytes,    1017176 total
[2025-08-28T13:47:32.886+0000][1099914][trace][gc,age      ] GC(75) - age  14:        224 bytes,    1017400 total
[2025-08-28T13:47:32.886+0000][1099914][info ][gc,heap     ] GC(75) Eden regions: 75->0(75)
[2025-08-28T13:47:32.886+0000][1099914][info ][gc,heap     ] GC(75) Survivor regions: 1->1(10)
[2025-08-28T13:47:32.886+0000][1099914][info ][gc,heap     ] GC(75) Old regions: 24->24
[2025-08-28T13:47:32.886+0000][1099914][info ][gc,heap     ] GC(75) Humongous regions: 0->0
[2025-08-28T13:47:32.886+0000][1099914][info ][gc,metaspace] GC(75) Metaspace: 136475K(140224K)->136475K(140224K) NonClass: 117961K(119936K)->117961K(119936K) Class: 18514K(20288K)->18514K(20288K)
[2025-08-28T13:47:32.886+0000][1099914][info ][gc          ] GC(75) Pause Young (Normal) (G1 Evacuation Pause) 395M->95M(512M) 2.280ms
[2025-08-28T13:47:32.886+0000][1099914][info ][gc,cpu      ] GC(75) User=0.01s Sys=0.00s Real=0.00s
[2025-08-28T13:47:32.886+0000][1099914][info ][safepoint   ] Safepoint "G1CollectForAllocation", Time since last: 4360327029 ns, Reaching safepoint: 41382 ns, Cleanup: 3205 ns, At safepoint: 2339645 ns, Total: 2384232 ns
[2025-08-28T13:47:38.847+0000][1099914][info ][gc,start    ] GC(76) Pause Young (Normal) (G1 Evacuation Pause)
[2025-08-28T13:47:38.847+0000][1099914][info ][gc,task     ] GC(76) Using 12 workers of 33 for evacuation
[2025-08-28T13:47:38.847+0000][1099914][debug][gc,age      ] GC(76) Desired survivor size 20971520 bytes, new threshold 15 (max threshold 15)
[2025-08-28T13:47:38.850+0000][1099914][info ][gc,phases   ] GC(76)   Pre Evacuate Collection Set: 0.1ms
[2025-08-28T13:47:38.850+0000][1099914][info ][gc,phases   ] GC(76)   Merge Heap Roots: 0.1ms
[2025-08-28T13:47:38.850+0000][1099914][info ][gc,phases   ] GC(76)   Evacuate Collection Set: 1.7ms
[2025-08-28T13:47:38.850+0000][1099914][info ][gc,phases   ] GC(76)   Post Evacuate Collection Set: 0.4ms
[2025-08-28T13:47:38.850+0000][1099914][info ][gc,phases   ] GC(76)   Other: 0.0ms
[2025-08-28T13:47:38.850+0000][1099914][trace][gc,age      ] GC(76) Age table with threshold 15 (max threshold 15)
[2025-08-28T13:47:38.850+0000][1099914][trace][gc,age      ] GC(76) - age   1:     540264 bytes,     540264 total
[2025-08-28T13:47:38.850+0000][1099914][trace][gc,age      ] GC(76) - age   2:     462216 bytes,    1002480 total
[2025-08-28T13:47:38.850+0000][1099914][trace][gc,age      ] GC(76) - age   3:       4760 bytes,    1007240 total
[2025-08-28T13:47:38.850+0000][1099914][trace][gc,age      ] GC(76) - age   4:        224 bytes,    1007464 total
[2025-08-28T13:47:38.850+0000][1099914][trace][gc,age      ] GC(76) - age   5:        424 bytes,    1007888 total
[2025-08-28T13:47:38.850+0000][1099914][trace][gc,age      ] GC(76) - age   6:      10160 bytes,    1018048 total
[2025-08-28T13:47:38.850+0000][1099914][trace][gc,age      ] GC(76) - age   8:         64 bytes,    1018112 total
[2025-08-28T13:47:38.850+0000][1099914][trace][gc,age      ] GC(76) - age   9:         32 bytes,    1018144 total
[2025-08-28T13:47:38.850+0000][1099914][trace][gc,age      ] GC(76) - age  10:        432 bytes,    1018576 total
[2025-08-28T13:47:38.850+0000][1099914][trace][gc,age      ] GC(76) - age  11:       1144 bytes,    1019720 total
[2025-08-28T13:47:38.850+0000][1099914][trace][gc,age      ] GC(76) - age  13:        304 bytes,    1020024 total
[2025-08-28T13:47:38.850+0000][1099914][trace][gc,age      ] GC(76) - age  14:        944 bytes,    1020968 total
[2025-08-28T13:47:38.850+0000][1099914][trace][gc,age      ] GC(76) - age  15:        224 bytes,    1021192 total
[2025-08-28T13:47:38.850+0000][1099914][info ][gc,heap     ] GC(76) Eden regions: 75->0(75)
[2025-08-28T13:47:38.850+0000][1099914][info ][gc,heap     ] GC(76) Survivor regions: 1->1(10)
[2025-08-28T13:47:38.850+0000][1099914][info ][gc,heap     ] GC(76) Old regions: 24->24
[2025-08-28T13:47:38.850+0000][1099914][info ][gc,heap     ] GC(76) Humongous regions: 0->0
[2025-08-28T13:47:38.850+0000][1099914][info ][gc,metaspace] GC(76) Metaspace: 136475K(140224K)->136475K(140224K) NonClass: 117961K(119936K)->117961K(119936K) Class: 18514K(20288K)->18514K(20288K)
[2025-08-28T13:47:38.850+0000][1099914][info ][gc          ] GC(76) Pause Young (Normal) (G1 Evacuation Pause) 395M->96M(512M) 2.502ms
[2025-08-28T13:47:38.850+0000][1099914][info ][gc,cpu      ] GC(76) User=0.01s Sys=0.01s Real=0.00s
[2025-08-28T13:47:38.850+0000][1099914][info ][safepoint   ] Safepoint "G1CollectForAllocation", Time since last: 5960681045 ns, Reaching safepoint: 35263 ns, Cleanup: 3666 ns, At safepoint: 2564903 ns, Total: 2603832 ns
[2025-08-28T13:47:40.850+0000][1099914][info ][safepoint   ] Safepoint "Cleanup", Time since last: 2000135025 ns, Reaching safepoint: 40992 ns, Cleanup: 12509 ns, At safepoint: 2924 ns, Total: 56425 ns
[2025-08-28T13:47:42.850+0000][1099914][info ][safepoint   ] Safepoint "Cleanup", Time since last: 2000142747 ns, Reaching safepoint: 11287 ns, Cleanup: 9985 ns, At safepoint: 2724 ns, Total: 23996 ns
[2025-08-28T13:47:43.850+0000][1099914][info ][safepoint   ] Safepoint "Cleanup", Time since last: 1000088680 ns, Reaching safepoint: 11808 ns, Cleanup: 9965 ns, At safepoint: 2754 ns, Total: 24527 ns
[2025-08-28T13:47:45.035+0000][1099914][info ][gc,start    ] GC(77) Pause Young (Normal) (G1 Evacuation Pause)
[2025-08-28T13:47:45.035+0000][1099914][info ][gc,task     ] GC(77) Using 12 workers of 33 for evacuation
[2025-08-28T13:47:45.035+0000][1099914][debug][gc,age      ] GC(77) Desired survivor size 20971520 bytes, new threshold 15 (max threshold 15)
[2025-08-28T13:47:45.037+0000][1099914][info ][gc,phases   ] GC(77)   Pre Evacuate Collection Set: 0.1ms
[2025-08-28T13:47:45.037+0000][1099914][info ][gc,phases   ] GC(77)   Merge Heap Roots: 0.1ms
[2025-08-28T13:47:45.037+0000][1099914][info ][gc,phases   ] GC(77)   Evacuate Collection Set: 1.3ms
[2025-08-28T13:47:45.037+0000][1099914][info ][gc,phases   ] GC(77)   Post Evacuate Collection Set: 0.4ms
[2025-08-28T13:47:45.037+0000][1099914][info ][gc,phases   ] GC(77)   Other: 0.0ms
[2025-08-28T13:47:45.037+0000][1099914][trace][gc,age      ] GC(77) Age table with threshold 15 (max threshold 15)
[2025-08-28T13:47:45.037+0000][1099914][trace][gc,age      ] GC(77) - age   1:     540184 bytes,     540184 total
[2025-08-28T13:47:45.037+0000][1099914][trace][gc,age      ] GC(77) - age   2:         32 bytes,     540216 total
[2025-08-28T13:47:45.037+0000][1099914][trace][gc,age      ] GC(77) - age   3:     462216 bytes,    1002432 total
[2025-08-28T13:47:45.037+0000][1099914][trace][gc,age      ] GC(77) - age   4:       4760 bytes,    1007192 total
[2025-08-28T13:47:45.037+0000][1099914][trace][gc,age      ] GC(77) - age   5:        224 bytes,    1007416 total
[2025-08-28T13:47:45.037+0000][1099914][trace][gc,age      ] GC(77) - age   6:        424 bytes,    1007840 total
[2025-08-28T13:47:45.037+0000][1099914][trace][gc,age      ] GC(77) - age   7:      10160 bytes,    1018000 total
[2025-08-28T13:47:45.037+0000][1099914][trace][gc,age      ] GC(77) - age   9:         64 bytes,    1018064 total
[2025-08-28T13:47:45.037+0000][1099914][trace][gc,age      ] GC(77) - age  10:         32 bytes,    1018096 total
[2025-08-28T13:47:45.037+0000][1099914][trace][gc,age      ] GC(77) - age  11:        432 bytes,    1018528 total
[2025-08-28T13:47:45.037+0000][1099914][trace][gc,age      ] GC(77) - age  12:       1144 bytes,    1019672 total
[2025-08-28T13:47:45.037+0000][1099914][trace][gc,age      ] GC(77) - age  14:        304 bytes,    1019976 total
[2025-08-28T13:47:45.037+0000][1099914][trace][gc,age      ] GC(77) - age  15:        944 bytes,    1020920 total
[2025-08-28T13:47:45.037+0000][1099914][info ][gc,heap     ] GC(77) Eden regions: 75->0(75)
[2025-08-28T13:47:45.037+0000][1099914][info ][gc,heap     ] GC(77) Survivor regions: 1->1(10)
[2025-08-28T13:47:45.037+0000][1099914][info ][gc,heap     ] GC(77) Old regions: 24->24
[2025-08-28T13:47:45.037+0000][1099914][info ][gc,heap     ] GC(77) Humongous regions: 0->0
[2025-08-28T13:47:45.037+0000][1099914][info ][gc,metaspace] GC(77) Metaspace: 136487K(140224K)->136487K(140224K) NonClass: 117973K(119936K)->117973K(119936K) Class: 18514K(20288K)->18514K(20288K)
[2025-08-28T13:47:45.037+0000][1099914][info ][gc          ] GC(77) Pause Young (Normal) (G1 Evacuation Pause) 396M->96M(512M) 2.099ms
[2025-08-28T13:47:45.037+0000][1099914][info ][gc,cpu      ] GC(77) User=0.00s Sys=0.01s Real=0.00s
[2025-08-28T13:47:45.037+0000][1099914][info ][safepoint   ] Safepoint "G1CollectForAllocation", Time since last: 1184474514 ns, Reaching safepoint: 37957 ns, Cleanup: 4006 ns, At safepoint: 2162028 ns, Total: 2203991 ns
[2025-08-28T13:47:46.037+0000][1099914][info ][safepoint   ] Safepoint "Cleanup", Time since last: 1000078885 ns, Reaching safepoint: 11377 ns, Cleanup: 11327 ns, At safepoint: 2513 ns, Total: 25217 ns
[2025-08-28T13:47:48.037+0000][1099914][info ][safepoint   ] Safepoint "Cleanup", Time since last: 2000149578 ns, Reaching safepoint: 10005 ns, Cleanup: 12248 ns, At safepoint: 2744 ns, Total: 24997 ns
[2025-08-28T13:47:49.572+0000][1099914][info ][gc,start    ] GC(78) Pause Young (Normal) (G1 Evacuation Pause)
[2025-08-28T13:47:49.572+0000][1099914][info ][gc,task     ] GC(78) Using 12 workers of 33 for evacuation
[2025-08-28T13:47:49.572+0000][1099914][debug][gc,age      ] GC(78) Desired survivor size 20971520 bytes, new threshold 15 (max threshold 15)
[2025-08-28T13:47:49.574+0000][1099914][info ][gc,phases   ] GC(78)   Pre Evacuate Collection Set: 0.1ms
[2025-08-28T13:47:49.574+0000][1099914][info ][gc,phases   ] GC(78)   Merge Heap Roots: 0.1ms
[2025-08-28T13:47:49.574+0000][1099914][info ][gc,phases   ] GC(78)   Evacuate Collection Set: 1.4ms
[2025-08-28T13:47:49.574+0000][1099914][info ][gc,phases   ] GC(78)   Post Evacuate Collection Set: 0.4ms
[2025-08-28T13:47:49.574+0000][1099914][info ][gc,phases   ] GC(78)   Other: 0.0ms
[2025-08-28T13:47:49.574+0000][1099914][trace][gc,age      ] GC(78) Age table with threshold 15 (max threshold 15)
[2025-08-28T13:47:49.574+0000][1099914][trace][gc,age      ] GC(78) - age   1:     557608 bytes,     557608 total
[2025-08-28T13:47:49.574+0000][1099914][trace][gc,age      ] GC(78) - age   2:        240 bytes,     557848 total
[2025-08-28T13:47:49.574+0000][1099914][trace][gc,age      ] GC(78) - age   3:         32 bytes,     557880 total
[2025-08-28T13:47:49.574+0000][1099914][trace][gc,age      ] GC(78) - age   4:     462216 bytes,    1020096 total
[2025-08-28T13:47:49.574+0000][1099914][trace][gc,age      ] GC(78) - age   5:       4080 bytes,    1024176 total
[2025-08-28T13:47:49.574+0000][1099914][trace][gc,age      ] GC(78) - age   6:        224 bytes,    1024400 total
[2025-08-28T13:47:49.574+0000][1099914][trace][gc,age      ] GC(78) - age   7:        112 bytes,    1024512 total
[2025-08-28T13:47:49.574+0000][1099914][trace][gc,age      ] GC(78) - age   8:      10160 bytes,    1034672 total
[2025-08-28T13:47:49.574+0000][1099914][trace][gc,age      ] GC(78) - age  10:         64 bytes,    1034736 total
[2025-08-28T13:47:49.574+0000][1099914][trace][gc,age      ] GC(78) - age  11:         32 bytes,    1034768 total
[2025-08-28T13:47:49.574+0000][1099914][trace][gc,age      ] GC(78) - age  12:        320 bytes,    1035088 total
[2025-08-28T13:47:49.574+0000][1099914][trace][gc,age      ] GC(78) - age  13:       1144 bytes,    1036232 total
[2025-08-28T13:47:49.574+0000][1099914][trace][gc,age      ] GC(78) - age  15:        304 bytes,    1036536 total
[2025-08-28T13:47:49.574+0000][1099914][info ][gc,heap     ] GC(78) Eden regions: 75->0(75)
[2025-08-28T13:47:49.574+0000][1099914][info ][gc,heap     ] GC(78) Survivor regions: 1->1(10)
[2025-08-28T13:47:49.574+0000][1099914][info ][gc,heap     ] GC(78) Old regions: 24->24
[2025-08-28T13:47:49.574+0000][1099914][info ][gc,heap     ] GC(78) Humongous regions: 0->0
[2025-08-28T13:47:49.574+0000][1099914][info ][gc,metaspace] GC(78) Metaspace: 136489K(140224K)->136489K(140224K) NonClass: 117974K(119936K)->117974K(119936K) Class: 18514K(20288K)->18514K(20288K)
[2025-08-28T13:47:49.574+0000][1099914][info ][gc          ] GC(78) Pause Young (Normal) (G1 Evacuation Pause) 396M->96M(512M) 2.163ms
[2025-08-28T13:47:49.574+0000][1099914][info ][gc,cpu      ] GC(78) User=0.01s Sys=0.00s Real=0.00s
[2025-08-28T13:47:49.574+0000][1099914][info ][safepoint   ] Safepoint "G1CollectForAllocation", Time since last: 1534617040 ns, Reaching safepoint: 37256 ns, Cleanup: 3996 ns, At safepoint: 2225954 ns, Total: 2267206 ns
[2025-08-28T13:47:51.574+0000][1099914][info ][safepoint   ] Safepoint "Cleanup", Time since last: 2000130659 ns, Reaching safepoint: 11196 ns, Cleanup: 13120 ns, At safepoint: 2464 ns, Total: 26780 ns
[2025-08-28T13:47:55.575+0000][1099914][info ][safepoint   ] Safepoint "Cleanup", Time since last: 4000266526 ns, Reaching safepoint: 39559 ns, Cleanup: 9805 ns, At safepoint: 4817 ns, Total: 54181 ns
[2025-08-28T13:47:55.682+0000][1099914][info ][gc,start    ] GC(79) Pause Young (Normal) (G1 Evacuation Pause)
[2025-08-28T13:47:55.682+0000][1099914][info ][gc,task     ] GC(79) Using 12 workers of 33 for evacuation
[2025-08-28T13:47:55.682+0000][1099914][debug][gc,age      ] GC(79) Desired survivor size 20971520 bytes, new threshold 15 (max threshold 15)
[2025-08-28T13:47:55.684+0000][1099914][info ][gc,phases   ] GC(79)   Pre Evacuate Collection Set: 0.1ms
[2025-08-28T13:47:55.684+0000][1099914][info ][gc,phases   ] GC(79)   Merge Heap Roots: 0.1ms
[2025-08-28T13:47:55.684+0000][1099914][info ][gc,phases   ] GC(79)   Evacuate Collection Set: 1.4ms
[2025-08-28T13:47:55.684+0000][1099914][info ][gc,phases   ] GC(79)   Post Evacuate Collection Set: 0.5ms
[2025-08-28T13:47:55.684+0000][1099914][info ][gc,phases   ] GC(79)   Other: 0.1ms
[2025-08-28T13:47:55.684+0000][1099914][trace][gc,age      ] GC(79) Age table with threshold 15 (max threshold 15)
[2025-08-28T13:47:55.684+0000][1099914][trace][gc,age      ] GC(79) - age   1:     551784 bytes,     551784 total
[2025-08-28T13:47:55.684+0000][1099914][trace][gc,age      ] GC(79) - age   2:       1176 bytes,     552960 total
[2025-08-28T13:47:55.684+0000][1099914][trace][gc,age      ] GC(79) - age   4:         32 bytes,     552992 total
[2025-08-28T13:47:55.684+0000][1099914][trace][gc,age      ] GC(79) - age   5:     462216 bytes,    1015208 total
[2025-08-28T13:47:55.684+0000][1099914][trace][gc,age      ] GC(79) - age   6:       3720 bytes,    1018928 total
[2025-08-28T13:47:55.684+0000][1099914][trace][gc,age      ] GC(79) - age   7:        224 bytes,    1019152 total
[2025-08-28T13:47:55.684+0000][1099914][trace][gc,age      ] GC(79) - age   8:        112 bytes,    1019264 total
[2025-08-28T13:47:55.684+0000][1099914][trace][gc,age      ] GC(79) - age   9:        160 bytes,    1019424 total
[2025-08-28T13:47:55.684+0000][1099914][trace][gc,age      ] GC(79) - age  11:         64 bytes,    1019488 total
[2025-08-28T13:47:55.684+0000][1099914][trace][gc,age      ] GC(79) - age  12:         32 bytes,    1019520 total
[2025-08-28T13:47:55.684+0000][1099914][trace][gc,age      ] GC(79) - age  13:        320 bytes,    1019840 total
[2025-08-28T13:47:55.684+0000][1099914][trace][gc,age      ] GC(79) - age  14:       1144 bytes,    1020984 total
[2025-08-28T13:47:55.684+0000][1099914][info ][gc,heap     ] GC(79) Eden regions: 75->0(75)
[2025-08-28T13:47:55.684+0000][1099914][info ][gc,heap     ] GC(79) Survivor regions: 1->1(10)
[2025-08-28T13:47:55.684+0000][1099914][info ][gc,heap     ] GC(79) Old regions: 24->24
[2025-08-28T13:47:55.684+0000][1099914][info ][gc,heap     ] GC(79) Humongous regions: 0->0
[2025-08-28T13:47:55.684+0000][1099914][info ][gc,metaspace] GC(79) Metaspace: 136489K(140224K)->136489K(140224K) NonClass: 117974K(119936K)->117974K(119936K) Class: 18514K(20288K)->18514K(20288K)
[2025-08-28T13:47:55.684+0000][1099914][info ][gc          ] GC(79) Pause Young (Normal) (G1 Evacuation Pause) 396M->96M(512M) 2.169ms
[2025-08-28T13:47:55.684+0000][1099914][info ][gc,cpu      ] GC(79) User=0.00s Sys=0.01s Real=0.00s
[2025-08-28T13:47:55.684+0000][1099914][info ][safepoint   ] Safepoint "G1CollectForAllocation", Time since last: 106964126 ns, Reaching safepoint: 9604 ns, Cleanup: 3466 ns, At safepoint: 2234436 ns, Total: 2247506 ns
[2025-08-28T13:48:01.307+0000][1099914][info ][gc,start    ] GC(80) Pause Young (Normal) (G1 Evacuation Pause)
[2025-08-28T13:48:01.307+0000][1099914][info ][gc,task     ] GC(80) Using 12 workers of 33 for evacuation
[2025-08-28T13:48:01.307+0000][1099914][debug][gc,age      ] GC(80) Desired survivor size 20971520 bytes, new threshold 15 (max threshold 15)
[2025-08-28T13:48:01.309+0000][1099914][info ][gc,phases   ] GC(80)   Pre Evacuate Collection Set: 0.1ms
[2025-08-28T13:48:01.309+0000][1099914][info ][gc,phases   ] GC(80)   Merge Heap Roots: 0.1ms
[2025-08-28T13:48:01.309+0000][1099914][info ][gc,phases   ] GC(80)   Evacuate Collection Set: 1.6ms
[2025-08-28T13:48:01.309+0000][1099914][info ][gc,phases   ] GC(80)   Post Evacuate Collection Set: 0.4ms
[2025-08-28T13:48:01.309+0000][1099914][info ][gc,phases   ] GC(80)   Other: 0.1ms
[2025-08-28T13:48:01.309+0000][1099914][trace][gc,age      ] GC(80) Age table with threshold 15 (max threshold 15)
[2025-08-28T13:48:01.309+0000][1099914][trace][gc,age      ] GC(80) - age   1:     541736 bytes,     541736 total
[2025-08-28T13:48:01.309+0000][1099914][trace][gc,age      ] GC(80) - age   2:      11696 bytes,     553432 total
[2025-08-28T13:48:01.309+0000][1099914][trace][gc,age      ] GC(80) - age   3:       1000 bytes,     554432 total
[2025-08-28T13:48:01.309+0000][1099914][trace][gc,age      ] GC(80) - age   5:         32 bytes,     554464 total
[2025-08-28T13:48:01.309+0000][1099914][trace][gc,age      ] GC(80) - age   6:     462216 bytes,    1016680 total
[2025-08-28T13:48:01.309+0000][1099914][trace][gc,age      ] GC(80) - age   7:       2248 bytes,    1018928 total
[2025-08-28T13:48:01.309+0000][1099914][trace][gc,age      ] GC(80) - age   8:        224 bytes,    1019152 total
[2025-08-28T13:48:01.309+0000][1099914][trace][gc,age      ] GC(80) - age   9:        112 bytes,    1019264 total
[2025-08-28T13:48:01.309+0000][1099914][trace][gc,age      ] GC(80) - age  10:        160 bytes,    1019424 total
[2025-08-28T13:48:01.309+0000][1099914][trace][gc,age      ] GC(80) - age  12:         64 bytes,    1019488 total
[2025-08-28T13:48:01.309+0000][1099914][trace][gc,age      ] GC(80) - age  13:         32 bytes,    1019520 total
[2025-08-28T13:48:01.309+0000][1099914][trace][gc,age      ] GC(80) - age  14:        320 bytes,    1019840 total
[2025-08-28T13:48:01.309+0000][1099914][trace][gc,age      ] GC(80) - age  15:       1144 bytes,    1020984 total
[2025-08-28T13:48:01.309+0000][1099914][info ][gc,heap     ] GC(80) Eden regions: 75->0(75)
[2025-08-28T13:48:01.309+0000][1099914][info ][gc,heap     ] GC(80) Survivor regions: 1->1(10)
[2025-08-28T13:48:01.309+0000][1099914][info ][gc,heap     ] GC(80) Old regions: 24->24
[2025-08-28T13:48:01.309+0000][1099914][info ][gc,heap     ] GC(80) Humongous regions: 0->0
[2025-08-28T13:48:01.309+0000][1099914][info ][gc,metaspace] GC(80) Metaspace: 136489K(140224K)->136489K(140224K) NonClass: 117974K(119936K)->117974K(119936K) Class: 18514K(20288K)->18514K(20288K)
[2025-08-28T13:48:01.309+0000][1099914][info ][gc          ] GC(80) Pause Young (Normal) (G1 Evacuation Pause) 396M->96M(512M) 2.352ms
[2025-08-28T13:48:01.309+0000][1099914][info ][gc,cpu      ] GC(80) User=0.01s Sys=0.00s Real=0.00s
[2025-08-28T13:48:01.309+0000][1099914][info ][safepoint   ] Safepoint "G1CollectForAllocation", Time since last: 5622825938 ns, Reaching safepoint: 45428 ns, Cleanup: 3686 ns, At safepoint: 2416219 ns, Total: 2465333 ns
[2025-08-28T13:48:07.347+0000][1099914][info ][gc,start    ] GC(81) Pause Young (Normal) (G1 Evacuation Pause)
[2025-08-28T13:48:07.347+0000][1099914][info ][gc,task     ] GC(81) Using 12 workers of 33 for evacuation
[2025-08-28T13:48:07.347+0000][1099914][debug][gc,age      ] GC(81) Desired survivor size 20971520 bytes, new threshold 15 (max threshold 15)
[2025-08-28T13:48:07.348+0000][1099914][info ][gc,phases   ] GC(81)   Pre Evacuate Collection Set: 0.1ms
[2025-08-28T13:48:07.348+0000][1099914][info ][gc,phases   ] GC(81)   Merge Heap Roots: 0.1ms
[2025-08-28T13:48:07.348+0000][1099914][info ][gc,phases   ] GC(81)   Evacuate Collection Set: 1.2ms
[2025-08-28T13:48:07.348+0000][1099914][info ][gc,phases   ] GC(81)   Post Evacuate Collection Set: 0.4ms
[2025-08-28T13:48:07.348+0000][1099914][info ][gc,phases   ] GC(81)   Other: 0.0ms
[2025-08-28T13:48:07.348+0000][1099914][trace][gc,age      ] GC(81) Age table with threshold 15 (max threshold 15)
[2025-08-28T13:48:07.348+0000][1099914][trace][gc,age      ] GC(81) - age   1:     540160 bytes,     540160 total
[2025-08-28T13:48:07.348+0000][1099914][trace][gc,age      ] GC(81) - age   2:       1680 bytes,     541840 total
[2025-08-28T13:48:07.348+0000][1099914][trace][gc,age      ] GC(81) - age   3:      11456 bytes,     553296 total
[2025-08-28T13:48:07.348+0000][1099914][trace][gc,age      ] GC(81) - age   4:       1000 bytes,     554296 total
[2025-08-28T13:48:07.348+0000][1099914][trace][gc,age      ] GC(81) - age   6:         32 bytes,     554328 total
[2025-08-28T13:48:07.348+0000][1099914][trace][gc,age      ] GC(81) - age   7:     462216 bytes,    1016544 total
[2025-08-28T13:48:07.348+0000][1099914][trace][gc,age      ] GC(81) - age   8:       2248 bytes,    1018792 total
[2025-08-28T13:48:07.348+0000][1099914][trace][gc,age      ] GC(81) - age   9:        224 bytes,    1019016 total
[2025-08-28T13:48:07.348+0000][1099914][trace][gc,age      ] GC(81) - age  10:        112 bytes,    1019128 total
[2025-08-28T13:48:07.348+0000][1099914][trace][gc,age      ] GC(81) - age  11:        160 bytes,    1019288 total
[2025-08-28T13:48:07.348+0000][1099914][trace][gc,age      ] GC(81) - age  13:         64 bytes,    1019352 total
[2025-08-28T13:48:07.348+0000][1099914][trace][gc,age      ] GC(81) - age  14:         32 bytes,    1019384 total
[2025-08-28T13:48:07.348+0000][1099914][trace][gc,age      ] GC(81) - age  15:        320 bytes,    1019704 total
[2025-08-28T13:48:07.348+0000][1099914][info ][gc,heap     ] GC(81) Eden regions: 75->0(75)
[2025-08-28T13:48:07.348+0000][1099914][info ][gc,heap     ] GC(81) Survivor regions: 1->1(10)
[2025-08-28T13:48:07.348+0000][1099914][info ][gc,heap     ] GC(81) Old regions: 24->24
[2025-08-28T13:48:07.348+0000][1099914][info ][gc,heap     ] GC(81) Humongous regions: 0->0
[2025-08-28T13:48:07.348+0000][1099914][info ][gc,metaspace] GC(81) Metaspace: 136489K(140224K)->136489K(140224K) NonClass: 117974K(119936K)->117974K(119936K) Class: 18514K(20288K)->18514K(20288K)
[2025-08-28T13:48:07.348+0000][1099914][info ][gc          ] GC(81) Pause Young (Normal) (G1 Evacuation Pause) 396M->96M(512M) 1.900ms
[2025-08-28T13:48:07.348+0000][1099914][info ][gc,cpu      ] GC(81) User=0.01s Sys=0.00s Real=0.00s
[2025-08-28T13:48:07.349+0000][1099914][info ][safepoint   ] Safepoint "G1CollectForAllocation", Time since last: 6037481121 ns, Reaching safepoint: 39028 ns, Cleanup: 4197 ns, At safepoint: 1965152 ns, Total: 2008377 ns
[2025-08-28T13:48:11.349+0000][1099914][info ][safepoint   ] Safepoint "Cleanup", Time since last: 4000253656 ns, Reaching safepoint: 39279 ns, Cleanup: 10957 ns, At safepoint: 2544 ns, Total: 52780 ns
[2025-08-28T13:48:13.307+0000][1099914][info ][gc,start    ] GC(82) Pause Young (Normal) (G1 Evacuation Pause)
[2025-08-28T13:48:13.307+0000][1099914][info ][gc,task     ] GC(82) Using 12 workers of 33 for evacuation
[2025-08-28T13:48:13.307+0000][1099914][debug][gc,age      ] GC(82) Desired survivor size 20971520 bytes, new threshold 15 (max threshold 15)
[2025-08-28T13:48:13.308+0000][1099914][info ][gc,phases   ] GC(82)   Pre Evacuate Collection Set: 0.1ms
[2025-08-28T13:48:13.308+0000][1099914][info ][gc,phases   ] GC(82)   Merge Heap Roots: 0.0ms
[2025-08-28T13:48:13.308+0000][1099914][info ][gc,phases   ] GC(82)   Evacuate Collection Set: 1.1ms
[2025-08-28T13:48:13.308+0000][1099914][info ][gc,phases   ] GC(82)   Post Evacuate Collection Set: 0.4ms
[2025-08-28T13:48:13.308+0000][1099914][info ][gc,phases   ] GC(82)   Other: 0.1ms
[2025-08-28T13:48:13.308+0000][1099914][trace][gc,age      ] GC(82) Age table with threshold 15 (max threshold 15)
[2025-08-28T13:48:13.308+0000][1099914][trace][gc,age      ] GC(82) - age   1:     540640 bytes,     540640 total
[2025-08-28T13:48:13.308+0000][1099914][trace][gc,age      ] GC(82) - age   2:        240 bytes,     540880 total
[2025-08-28T13:48:13.308+0000][1099914][trace][gc,age      ] GC(82) - age   3:       1680 bytes,     542560 total
[2025-08-28T13:48:13.308+0000][1099914][trace][gc,age      ] GC(82) - age   4:      11144 bytes,     553704 total
[2025-08-28T13:48:13.308+0000][1099914][trace][gc,age      ] GC(82) - age   5:       1000 bytes,     554704 total
[2025-08-28T13:48:13.308+0000][1099914][trace][gc,age      ] GC(82) - age   7:         32 bytes,     554736 total
[2025-08-28T13:48:13.308+0000][1099914][trace][gc,age      ] GC(82) - age   8:     462216 bytes,    1016952 total
[2025-08-28T13:48:13.308+0000][1099914][trace][gc,age      ] GC(82) - age   9:       2248 bytes,    1019200 total
[2025-08-28T13:48:13.308+0000][1099914][trace][gc,age      ] GC(82) - age  10:        224 bytes,    1019424 total
[2025-08-28T13:48:13.308+0000][1099914][trace][gc,age      ] GC(82) - age  11:        112 bytes,    1019536 total
[2025-08-28T13:48:13.308+0000][1099914][trace][gc,age      ] GC(82) - age  12:        160 bytes,    1019696 total
[2025-08-28T13:48:13.308+0000][1099914][trace][gc,age      ] GC(82) - age  14:         64 bytes,    1019760 total
[2025-08-28T13:48:13.308+0000][1099914][trace][gc,age      ] GC(82) - age  15:         32 bytes,    1019792 total
[2025-08-28T13:48:13.308+0000][1099914][info ][gc,heap     ] GC(82) Eden regions: 75->0(75)
[2025-08-28T13:48:13.308+0000][1099914][info ][gc,heap     ] GC(82) Survivor regions: 1->1(10)
[2025-08-28T13:48:13.308+0000][1099914][info ][gc,heap     ] GC(82) Old regions: 24->24
[2025-08-28T13:48:13.308+0000][1099914][info ][gc,heap     ] GC(82) Humongous regions: 0->0
[2025-08-28T13:48:13.308+0000][1099914][info ][gc,metaspace] GC(82) Metaspace: 136489K(140224K)->136489K(140224K) NonClass: 117974K(119936K)->117974K(119936K) Class: 18514K(20288K)->18514K(20288K)
[2025-08-28T13:48:13.308+0000][1099914][info ][gc          ] GC(82) Pause Young (Normal) (G1 Evacuation Pause) 396M->96M(512M) 1.895ms
[2025-08-28T13:48:13.308+0000][1099914][info ][gc,cpu      ] GC(82) User=0.01s Sys=0.01s Real=0.00s
[2025-08-28T13:48:13.308+0000][1099914][info ][safepoint   ] Safepoint "G1CollectForAllocation", Time since last: 1957658479 ns, Reaching safepoint: 10606 ns, Cleanup: 3716 ns, At safepoint: 1962618 ns, Total: 1976940 ns
[2025-08-28T13:48:16.309+0000][1099914][info ][safepoint   ] Safepoint "Cleanup", Time since last: 3000192729 ns, Reaching safepoint: 40701 ns, Cleanup: 10956 ns, At safepoint: 2835 ns, Total: 54492 ns
[2025-08-28T13:48:18.407+0000][1099914][info ][gc,start    ] GC(83) Pause Young (Normal) (G1 Evacuation Pause)
[2025-08-28T13:48:18.407+0000][1099914][info ][gc,task     ] GC(83) Using 12 workers of 33 for evacuation
[2025-08-28T13:48:18.407+0000][1099914][debug][gc,age      ] GC(83) Desired survivor size 20971520 bytes, new threshold 15 (max threshold 15)
[2025-08-28T13:48:18.409+0000][1099914][info ][gc,phases   ] GC(83)   Pre Evacuate Collection Set: 0.1ms
[2025-08-28T13:48:18.409+0000][1099914][info ][gc,phases   ] GC(83)   Merge Heap Roots: 0.1ms
[2025-08-28T13:48:18.409+0000][1099914][info ][gc,phases   ] GC(83)   Evacuate Collection Set: 1.3ms
[2025-08-28T13:48:18.409+0000][1099914][info ][gc,phases   ] GC(83)   Post Evacuate Collection Set: 0.4ms
[2025-08-28T13:48:18.409+0000][1099914][info ][gc,phases   ] GC(83)   Other: 0.0ms
[2025-08-28T13:48:18.409+0000][1099914][trace][gc,age      ] GC(83) Age table with threshold 15 (max threshold 15)
[2025-08-28T13:48:18.409+0000][1099914][trace][gc,age      ] GC(83) - age   1:     541536 bytes,     541536 total
[2025-08-28T13:48:18.409+0000][1099914][trace][gc,age      ] GC(83) - age   2:        584 bytes,     542120 total
[2025-08-28T13:48:18.409+0000][1099914][trace][gc,age      ] GC(83) - age   4:       1472 bytes,     543592 total
[2025-08-28T13:48:18.409+0000][1099914][trace][gc,age      ] GC(83) - age   5:      10672 bytes,     554264 total
[2025-08-28T13:48:18.409+0000][1099914][trace][gc,age      ] GC(83) - age   6:       1000 bytes,     555264 total
[2025-08-28T13:48:18.409+0000][1099914][trace][gc,age      ] GC(83) - age   8:         32 bytes,     555296 total
[2025-08-28T13:48:18.409+0000][1099914][trace][gc,age      ] GC(83) - age   9:     462216 bytes,    1017512 total
[2025-08-28T13:48:18.409+0000][1099914][trace][gc,age      ] GC(83) - age  10:       2248 bytes,    1019760 total
[2025-08-28T13:48:18.409+0000][1099914][trace][gc,age      ] GC(83) - age  11:        224 bytes,    1019984 total
[2025-08-28T13:48:18.409+0000][1099914][trace][gc,age      ] GC(83) - age  13:        160 bytes,    1020144 total
[2025-08-28T13:48:18.409+0000][1099914][trace][gc,age      ] GC(83) - age  15:         64 bytes,    1020208 total
[2025-08-28T13:48:18.409+0000][1099914][info ][gc,heap     ] GC(83) Eden regions: 75->0(75)
[2025-08-28T13:48:18.409+0000][1099914][info ][gc,heap     ] GC(83) Survivor regions: 1->1(10)
[2025-08-28T13:48:18.409+0000][1099914][info ][gc,heap     ] GC(83) Old regions: 24->24
[2025-08-28T13:48:18.409+0000][1099914][info ][gc,heap     ] GC(83) Humongous regions: 0->0
[2025-08-28T13:48:18.409+0000][1099914][info ][gc,metaspace] GC(83) Metaspace: 136489K(140224K)->136489K(140224K) NonClass: 117974K(119936K)->117974K(119936K) Class: 18514K(20288K)->18514K(20288K)
[2025-08-28T13:48:18.409+0000][1099914][info ][gc          ] GC(83) Pause Young (Normal) (G1 Evacuation Pause) 396M->96M(512M) 2.071ms
[2025-08-28T13:48:18.409+0000][1099914][info ][gc,cpu      ] GC(83) User=0.01s Sys=0.01s Real=0.00s
[2025-08-28T13:48:18.409+0000][1099914][info ][safepoint   ] Safepoint "G1CollectForAllocation", Time since last: 2097799361 ns, Reaching safepoint: 10887 ns, Cleanup: 3605 ns, At safepoint: 2134577 ns, Total: 2149069 ns
[2025-08-28T13:48:24.457+0000][1099914][info ][gc,start    ] GC(84) Pause Young (Normal) (G1 Evacuation Pause)
[2025-08-28T13:48:24.457+0000][1099914][info ][gc,task     ] GC(84) Using 12 workers of 33 for evacuation
[2025-08-28T13:48:24.457+0000][1099914][debug][gc,age      ] GC(84) Desired survivor size 20971520 bytes, new threshold 15 (max threshold 15)
[2025-08-28T13:48:24.458+0000][1099914][info ][gc,phases   ] GC(84)   Pre Evacuate Collection Set: 0.1ms
[2025-08-28T13:48:24.458+0000][1099914][info ][gc,phases   ] GC(84)   Merge Heap Roots: 0.1ms
[2025-08-28T13:48:24.458+0000][1099914][info ][gc,phases   ] GC(84)   Evacuate Collection Set: 1.2ms
[2025-08-28T13:48:24.458+0000][1099914][info ][gc,phases   ] GC(84)   Post Evacuate Collection Set: 0.4ms
[2025-08-28T13:48:24.458+0000][1099914][info ][gc,phases   ] GC(84)   Other: 0.1ms
[2025-08-28T13:48:24.458+0000][1099914][trace][gc,age      ] GC(84) Age table with threshold 15 (max threshold 15)
[2025-08-28T13:48:24.458+0000][1099914][trace][gc,age      ] GC(84) - age   1:     541144 bytes,     541144 total
[2025-08-28T13:48:24.458+0000][1099914][trace][gc,age      ] GC(84) - age   2:       1480 bytes,     542624 total
[2025-08-28T13:48:24.458+0000][1099914][trace][gc,age      ] GC(84) - age   3:        584 bytes,     543208 total
[2025-08-28T13:48:24.458+0000][1099914][trace][gc,age      ] GC(84) - age   5:       1472 bytes,     544680 total
[2025-08-28T13:48:24.458+0000][1099914][trace][gc,age      ] GC(84) - age   6:      10496 bytes,     555176 total
[2025-08-28T13:48:24.458+0000][1099914][trace][gc,age      ] GC(84) - age   7:       1000 bytes,     556176 total
[2025-08-28T13:48:24.458+0000][1099914][trace][gc,age      ] GC(84) - age   9:         32 bytes,     556208 total
[2025-08-28T13:48:24.458+0000][1099914][trace][gc,age      ] GC(84) - age  10:     462216 bytes,    1018424 total
[2025-08-28T13:48:24.458+0000][1099914][trace][gc,age      ] GC(84) - age  11:       1896 bytes,    1020320 total
[2025-08-28T13:48:24.458+0000][1099914][trace][gc,age      ] GC(84) - age  12:        224 bytes,    1020544 total
[2025-08-28T13:48:24.458+0000][1099914][trace][gc,age      ] GC(84) - age  14:        160 bytes,    1020704 total
[2025-08-28T13:48:24.458+0000][1099914][info ][gc,heap     ] GC(84) Eden regions: 75->0(75)
[2025-08-28T13:48:24.458+0000][1099914][info ][gc,heap     ] GC(84) Survivor regions: 1->1(10)
[2025-08-28T13:48:24.458+0000][1099914][info ][gc,heap     ] GC(84) Old regions: 24->24
[2025-08-28T13:48:24.458+0000][1099914][info ][gc,heap     ] GC(84) Humongous regions: 0->0
[2025-08-28T13:48:24.458+0000][1099914][info ][gc,metaspace] GC(84) Metaspace: 136489K(140224K)->136489K(140224K) NonClass: 117974K(119936K)->117974K(119936K) Class: 18514K(20288K)->18514K(20288K)
[2025-08-28T13:48:24.459+0000][1099914][info ][gc          ] GC(84) Pause Young (Normal) (G1 Evacuation Pause) 396M->96M(512M) 1.977ms
[2025-08-28T13:48:24.459+0000][1099914][info ][gc,cpu      ] GC(84) User=0.01s Sys=0.00s Real=0.00s
[2025-08-28T13:48:24.459+0000][1099914][info ][safepoint   ] Safepoint "G1CollectForAllocation", Time since last: 6047826509 ns, Reaching safepoint: 10786 ns, Cleanup: 4347 ns, At safepoint: 2081387 ns, Total: 2096520 ns
[2025-08-28T13:48:25.459+0000][1099914][info ][safepoint   ] Safepoint "Cleanup", Time since last: 1000098834 ns, Reaching safepoint: 39890 ns, Cleanup: 13871 ns, At safepoint: 5599 ns, Total: 59360 ns
[2025-08-28T13:48:30.095+0000][1099914][info ][gc,start    ] GC(85) Pause Young (Normal) (G1 Evacuation Pause)
[2025-08-28T13:48:30.095+0000][1099914][info ][gc,task     ] GC(85) Using 12 workers of 33 for evacuation
[2025-08-28T13:48:30.095+0000][1099914][debug][gc,age      ] GC(85) Desired survivor size 20971520 bytes, new threshold 15 (max threshold 15)
[2025-08-28T13:48:30.097+0000][1099914][info ][gc,phases   ] GC(85)   Pre Evacuate Collection Set: 0.1ms
[2025-08-28T13:48:30.097+0000][1099914][info ][gc,phases   ] GC(85)   Merge Heap Roots: 0.1ms
[2025-08-28T13:48:30.097+0000][1099914][info ][gc,phases   ] GC(85)   Evacuate Collection Set: 1.2ms
[2025-08-28T13:48:30.097+0000][1099914][info ][gc,phases   ] GC(85)   Post Evacuate Collection Set: 0.4ms
[2025-08-28T13:48:30.097+0000][1099914][info ][gc,phases   ] GC(85)   Other: 0.0ms
[2025-08-28T13:48:30.097+0000][1099914][trace][gc,age      ] GC(85) Age table with threshold 15 (max threshold 15)
[2025-08-28T13:48:30.097+0000][1099914][trace][gc,age      ] GC(85) - age   1:     543704 bytes,     543704 total
[2025-08-28T13:48:30.097+0000][1099914][trace][gc,age      ] GC(85) - age   2:       1088 bytes,     544792 total
[2025-08-28T13:48:30.097+0000][1099914][trace][gc,age      ] GC(85) - age   3:        648 bytes,     545440 total
[2025-08-28T13:48:30.097+0000][1099914][trace][gc,age      ] GC(85) - age   4:        584 bytes,     546024 total
[2025-08-28T13:48:30.097+0000][1099914][trace][gc,age      ] GC(85) - age   7:      10312 bytes,     556336 total
[2025-08-28T13:48:30.097+0000][1099914][trace][gc,age      ] GC(85) - age   8:        528 bytes,     556864 total
[2025-08-28T13:48:30.097+0000][1099914][trace][gc,age      ] GC(85) - age  10:         32 bytes,     556896 total
[2025-08-28T13:48:30.097+0000][1099914][trace][gc,age      ] GC(85) - age  11:     462184 bytes,    1019080 total
[2025-08-28T13:48:30.097+0000][1099914][trace][gc,age      ] GC(85) - age  12:       1544 bytes,    1020624 total
[2025-08-28T13:48:30.097+0000][1099914][trace][gc,age      ] GC(85) - age  13:        224 bytes,    1020848 total
[2025-08-28T13:48:30.097+0000][1099914][trace][gc,age      ] GC(85) - age  15:        160 bytes,    1021008 total
[2025-08-28T13:48:30.097+0000][1099914][info ][gc,heap     ] GC(85) Eden regions: 75->0(75)
[2025-08-28T13:48:30.097+0000][1099914][info ][gc,heap     ] GC(85) Survivor regions: 1->1(10)
[2025-08-28T13:48:30.097+0000][1099914][info ][gc,heap     ] GC(85) Old regions: 24->24
[2025-08-28T13:48:30.097+0000][1099914][info ][gc,heap     ] GC(85) Humongous regions: 0->0
[2025-08-28T13:48:30.097+0000][1099914][info ][gc,metaspace] GC(85) Metaspace: 136493K(140288K)->136493K(140288K) NonClass: 117979K(120000K)->117979K(120000K) Class: 18514K(20288K)->18514K(20288K)
[2025-08-28T13:48:30.097+0000][1099914][info ][gc          ] GC(85) Pause Young (Normal) (G1 Evacuation Pause) 396M->96M(512M) 2.032ms
[2025-08-28T13:48:30.097+0000][1099914][info ][gc,cpu      ] GC(85) User=0.01s Sys=0.00s Real=0.00s
[2025-08-28T13:48:30.097+0000][1099914][info ][safepoint   ] Safepoint "G1CollectForAllocation", Time since last: 4635910566 ns, Reaching safepoint: 12529 ns, Cleanup: 5858 ns, At safepoint: 2102620 ns, Total: 2121007 ns
[2025-08-28T13:48:34.097+0000][1099914][info ][safepoint   ] Safepoint "Cleanup", Time since last: 4000314417 ns, Reaching safepoint: 42313 ns, Cleanup: 14652 ns, At safepoint: 3105 ns, Total: 60070 ns
[2025-08-28T13:48:35.994+0000][1099914][info ][gc,start    ] GC(86) Pause Young (Normal) (G1 Evacuation Pause)
[2025-08-28T13:48:35.994+0000][1099914][info ][gc,task     ] GC(86) Using 12 workers of 33 for evacuation
[2025-08-28T13:48:35.994+0000][1099914][debug][gc,age      ] GC(86) Desired survivor size 20971520 bytes, new threshold 15 (max threshold 15)
[2025-08-28T13:48:35.996+0000][1099914][info ][gc,phases   ] GC(86)   Pre Evacuate Collection Set: 0.2ms
[2025-08-28T13:48:35.996+0000][1099914][info ][gc,phases   ] GC(86)   Merge Heap Roots: 0.1ms
[2025-08-28T13:48:35.996+0000][1099914][info ][gc,phases   ] GC(86)   Evacuate Collection Set: 1.5ms
[2025-08-28T13:48:35.996+0000][1099914][info ][gc,phases   ] GC(86)   Post Evacuate Collection Set: 0.4ms
[2025-08-28T13:48:35.996+0000][1099914][info ][gc,phases   ] GC(86)   Other: 0.1ms
[2025-08-28T13:48:35.996+0000][1099914][trace][gc,age      ] GC(86) Age table with threshold 15 (max threshold 15)
[2025-08-28T13:48:35.996+0000][1099914][trace][gc,age      ] GC(86) - age   1:     540400 bytes,     540400 total
[2025-08-28T13:48:35.996+0000][1099914][trace][gc,age      ] GC(86) - age   2:       3224 bytes,     543624 total
[2025-08-28T13:48:35.996+0000][1099914][trace][gc,age      ] GC(86) - age   3:       1088 bytes,     544712 total
[2025-08-28T13:48:35.996+0000][1099914][trace][gc,age      ] GC(86) - age   4:        648 bytes,     545360 total
[2025-08-28T13:48:35.996+0000][1099914][trace][gc,age      ] GC(86) - age   5:        584 bytes,     545944 total
[2025-08-28T13:48:35.996+0000][1099914][trace][gc,age      ] GC(86) - age   8:      10312 bytes,     556256 total
[2025-08-28T13:48:35.996+0000][1099914][trace][gc,age      ] GC(86) - age   9:        528 bytes,     556784 total
[2025-08-28T13:48:35.996+0000][1099914][trace][gc,age      ] GC(86) - age  12:     462184 bytes,    1018968 total
[2025-08-28T13:48:35.996+0000][1099914][trace][gc,age      ] GC(86) - age  13:       1544 bytes,    1020512 total
[2025-08-28T13:48:35.996+0000][1099914][trace][gc,age      ] GC(86) - age  14:        224 bytes,    1020736 total
[2025-08-28T13:48:35.996+0000][1099914][info ][gc,heap     ] GC(86) Eden regions: 75->0(75)
[2025-08-28T13:48:35.996+0000][1099914][info ][gc,heap     ] GC(86) Survivor regions: 1->1(10)
[2025-08-28T13:48:35.996+0000][1099914][info ][gc,heap     ] GC(86) Old regions: 24->24
[2025-08-28T13:48:35.996+0000][1099914][info ][gc,heap     ] GC(86) Humongous regions: 0->0
[2025-08-28T13:48:35.996+0000][1099914][info ][gc,metaspace] GC(86) Metaspace: 136497K(140288K)->136497K(140288K) NonClass: 117983K(120000K)->117983K(120000K) Class: 18514K(20288K)->18514K(20288K)
[2025-08-28T13:48:35.996+0000][1099914][info ][gc          ] GC(86) Pause Young (Normal) (G1 Evacuation Pause) 396M->96M(512M) 2.285ms
[2025-08-28T13:48:35.996+0000][1099914][info ][gc,cpu      ] GC(86) User=0.01s Sys=0.00s Real=0.00s
[2025-08-28T13:48:35.996+0000][1099914][info ][safepoint   ] Safepoint "G1CollectForAllocation", Time since last: 1896904819 ns, Reaching safepoint: 41953 ns, Cleanup: 5408 ns, At safepoint: 2356110 ns, Total: 2403471 ns
[2025-08-28T13:48:41.694+0000][1099914][info ][gc,start    ] GC(87) Pause Young (Normal) (G1 Evacuation Pause)
[2025-08-28T13:48:41.694+0000][1099914][info ][gc,task     ] GC(87) Using 12 workers of 33 for evacuation
[2025-08-28T13:48:41.694+0000][1099914][debug][gc,age      ] GC(87) Desired survivor size 20971520 bytes, new threshold 15 (max threshold 15)
[2025-08-28T13:48:41.696+0000][1099914][info ][gc,phases   ] GC(87)   Pre Evacuate Collection Set: 0.1ms
[2025-08-28T13:48:41.696+0000][1099914][info ][gc,phases   ] GC(87)   Merge Heap Roots: 0.1ms
[2025-08-28T13:48:41.696+0000][1099914][info ][gc,phases   ] GC(87)   Evacuate Collection Set: 1.3ms
[2025-08-28T13:48:41.696+0000][1099914][info ][gc,phases   ] GC(87)   Post Evacuate Collection Set: 0.4ms
[2025-08-28T13:48:41.696+0000][1099914][info ][gc,phases   ] GC(87)   Other: 0.0ms
[2025-08-28T13:48:41.696+0000][1099914][trace][gc,age      ] GC(87) Age table with threshold 15 (max threshold 15)
[2025-08-28T13:48:41.696+0000][1099914][trace][gc,age      ] GC(87) - age   1:     539920 bytes,     539920 total
[2025-08-28T13:48:41.696+0000][1099914][trace][gc,age      ] GC(87) - age   2:        344 bytes,     540264 total
[2025-08-28T13:48:41.696+0000][1099914][trace][gc,age      ] GC(87) - age   3:       3224 bytes,     543488 total
[2025-08-28T13:48:41.696+0000][1099914][trace][gc,age      ] GC(87) - age   4:       1088 bytes,     544576 total
[2025-08-28T13:48:41.696+0000][1099914][trace][gc,age      ] GC(87) - age   5:        648 bytes,     545224 total
[2025-08-28T13:48:41.696+0000][1099914][trace][gc,age      ] GC(87) - age   6:        584 bytes,     545808 total
[2025-08-28T13:48:41.696+0000][1099914][trace][gc,age      ] GC(87) - age   9:      10312 bytes,     556120 total
[2025-08-28T13:48:41.696+0000][1099914][trace][gc,age      ] GC(87) - age  10:        528 bytes,     556648 total
[2025-08-28T13:48:41.696+0000][1099914][trace][gc,age      ] GC(87) - age  13:     462184 bytes,    1018832 total
[2025-08-28T13:48:41.696+0000][1099914][trace][gc,age      ] GC(87) - age  14:       1544 bytes,    1020376 total
[2025-08-28T13:48:41.696+0000][1099914][trace][gc,age      ] GC(87) - age  15:        224 bytes,    1020600 total
[2025-08-28T13:48:41.696+0000][1099914][info ][gc,heap     ] GC(87) Eden regions: 75->0(75)
[2025-08-28T13:48:41.696+0000][1099914][info ][gc,heap     ] GC(87) Survivor regions: 1->1(10)
[2025-08-28T13:48:41.696+0000][1099914][info ][gc,heap     ] GC(87) Old regions: 24->24
[2025-08-28T13:48:41.696+0000][1099914][info ][gc,heap     ] GC(87) Humongous regions: 0->0
[2025-08-28T13:48:41.696+0000][1099914][info ][gc,metaspace] GC(87) Metaspace: 136497K(140288K)->136497K(140288K) NonClass: 117983K(120000K)->117983K(120000K) Class: 18514K(20288K)->18514K(20288K)
[2025-08-28T13:48:41.696+0000][1099914][info ][gc          ] GC(87) Pause Young (Normal) (G1 Evacuation Pause) 396M->96M(512M) 2.052ms
[2025-08-28T13:48:41.696+0000][1099914][info ][gc,cpu      ] GC(87) User=0.01s Sys=0.00s Real=0.00s
[2025-08-28T13:48:41.696+0000][1099914][info ][safepoint   ] Safepoint "G1CollectForAllocation", Time since last: 5697376395 ns, Reaching safepoint: 40781 ns, Cleanup: 5638 ns, At safepoint: 2119325 ns, Total: 2165744 ns
[2025-08-28T13:48:47.315+0000][1099914][info ][gc,start    ] GC(88) Pause Young (Normal) (G1 Evacuation Pause)
[2025-08-28T13:48:47.315+0000][1099914][info ][gc,task     ] GC(88) Using 12 workers of 33 for evacuation
[2025-08-28T13:48:47.315+0000][1099914][debug][gc,age      ] GC(88) Desired survivor size 20971520 bytes, new threshold 15 (max threshold 15)
[2025-08-28T13:48:47.317+0000][1099914][info ][gc,phases   ] GC(88)   Pre Evacuate Collection Set: 0.1ms
[2025-08-28T13:48:47.317+0000][1099914][info ][gc,phases   ] GC(88)   Merge Heap Roots: 0.1ms
[2025-08-28T13:48:47.317+0000][1099914][info ][gc,phases   ] GC(88)   Evacuate Collection Set: 1.2ms
[2025-08-28T13:48:47.317+0000][1099914][info ][gc,phases   ] GC(88)   Post Evacuate Collection Set: 0.4ms
[2025-08-28T13:48:47.317+0000][1099914][info ][gc,phases   ] GC(88)   Other: 0.0ms
[2025-08-28T13:48:47.317+0000][1099914][trace][gc,age      ] GC(88) Age table with threshold 15 (max threshold 15)
[2025-08-28T13:48:47.317+0000][1099914][trace][gc,age      ] GC(88) - age   1:     567792 bytes,     567792 total
[2025-08-28T13:48:47.317+0000][1099914][trace][gc,age      ] GC(88) - age   3:        104 bytes,     567896 total
[2025-08-28T13:48:47.317+0000][1099914][trace][gc,age      ] GC(88) - age   4:       2544 bytes,     570440 total
[2025-08-28T13:48:47.317+0000][1099914][trace][gc,age      ] GC(88) - age   5:       1088 bytes,     571528 total
[2025-08-28T13:48:47.317+0000][1099914][trace][gc,age      ] GC(88) - age   6:        648 bytes,     572176 total
[2025-08-28T13:48:47.317+0000][1099914][trace][gc,age      ] GC(88) - age   7:        584 bytes,     572760 total
[2025-08-28T13:48:47.317+0000][1099914][trace][gc,age      ] GC(88) - age  10:        224 bytes,     572984 total
[2025-08-28T13:48:47.317+0000][1099914][trace][gc,age      ] GC(88) - age  11:        416 bytes,     573400 total
[2025-08-28T13:48:47.317+0000][1099914][trace][gc,age      ] GC(88) - age  14:     462184 bytes,    1035584 total
[2025-08-28T13:48:47.317+0000][1099914][trace][gc,age      ] GC(88) - age  15:       1544 bytes,    1037128 total
[2025-08-28T13:48:47.317+0000][1099914][info ][gc,heap     ] GC(88) Eden regions: 75->0(75)
[2025-08-28T13:48:47.317+0000][1099914][info ][gc,heap     ] GC(88) Survivor regions: 1->1(10)
[2025-08-28T13:48:47.317+0000][1099914][info ][gc,heap     ] GC(88) Old regions: 24->24
[2025-08-28T13:48:47.317+0000][1099914][info ][gc,heap     ] GC(88) Humongous regions: 0->0
[2025-08-28T13:48:47.317+0000][1099914][info ][gc,metaspace] GC(88) Metaspace: 136499K(140288K)->136499K(140288K) NonClass: 117985K(120000K)->117985K(120000K) Class: 18514K(20288K)->18514K(20288K)
[2025-08-28T13:48:47.317+0000][1099914][info ][gc          ] GC(88) Pause Young (Normal) (G1 Evacuation Pause) 396M->96M(512M) 1.970ms
[2025-08-28T13:48:47.317+0000][1099914][info ][gc,cpu      ] GC(88) User=0.01s Sys=0.00s Real=0.00s
[2025-08-28T13:48:47.317+0000][1099914][info ][safepoint   ] Safepoint "G1CollectForAllocation", Time since last: 5618670548 ns, Reaching safepoint: 41131 ns, Cleanup: 5619 ns, At safepoint: 2039314 ns, Total: 2086064 ns
[2025-08-28T13:48:53.315+0000][1099914][info ][gc,start    ] GC(89) Pause Young (Normal) (G1 Evacuation Pause)
[2025-08-28T13:48:53.315+0000][1099914][info ][gc,task     ] GC(89) Using 12 workers of 33 for evacuation
[2025-08-28T13:48:53.315+0000][1099914][debug][gc,age      ] GC(89) Desired survivor size 20971520 bytes, new threshold 15 (max threshold 15)
[2025-08-28T13:48:53.317+0000][1099914][info ][gc,phases   ] GC(89)   Pre Evacuate Collection Set: 0.1ms
[2025-08-28T13:48:53.317+0000][1099914][info ][gc,phases   ] GC(89)   Merge Heap Roots: 0.0ms
[2025-08-28T13:48:53.317+0000][1099914][info ][gc,phases   ] GC(89)   Evacuate Collection Set: 1.3ms
[2025-08-28T13:48:53.317+0000][1099914][info ][gc,phases   ] GC(89)   Post Evacuate Collection Set: 0.4ms
[2025-08-28T13:48:53.317+0000][1099914][info ][gc,phases   ] GC(89)   Other: 0.0ms
[2025-08-28T13:48:53.317+0000][1099914][trace][gc,age      ] GC(89) Age table with threshold 15 (max threshold 15)
[2025-08-28T13:48:53.317+0000][1099914][trace][gc,age      ] GC(89) - age   1:     555848 bytes,     555848 total
[2025-08-28T13:48:53.317+0000][1099914][trace][gc,age      ] GC(89) - age   2:      11760 bytes,     567608 total
[2025-08-28T13:48:53.317+0000][1099914][trace][gc,age      ] GC(89) - age   4:        104 bytes,     567712 total
[2025-08-28T13:48:53.317+0000][1099914][trace][gc,age      ] GC(89) - age   5:       2544 bytes,     570256 total
[2025-08-28T13:48:53.317+0000][1099914][trace][gc,age      ] GC(89) - age   6:        912 bytes,     571168 total
[2025-08-28T13:48:53.317+0000][1099914][trace][gc,age      ] GC(89) - age   7:        648 bytes,     571816 total
[2025-08-28T13:48:53.317+0000][1099914][trace][gc,age      ] GC(89) - age   8:        584 bytes,     572400 total
[2025-08-28T13:48:53.317+0000][1099914][trace][gc,age      ] GC(89) - age  11:        224 bytes,     572624 total
[2025-08-28T13:48:53.317+0000][1099914][trace][gc,age      ] GC(89) - age  12:        416 bytes,     573040 total
[2025-08-28T13:48:53.317+0000][1099914][trace][gc,age      ] GC(89) - age  15:     462184 bytes,    1035224 total
[2025-08-28T13:48:53.317+0000][1099914][info ][gc,heap     ] GC(89) Eden regions: 75->0(75)
[2025-08-28T13:48:53.317+0000][1099914][info ][gc,heap     ] GC(89) Survivor regions: 1->1(10)
[2025-08-28T13:48:53.317+0000][1099914][info ][gc,heap     ] GC(89) Old regions: 24->24
[2025-08-28T13:48:53.317+0000][1099914][info ][gc,heap     ] GC(89) Humongous regions: 0->0
[2025-08-28T13:48:53.317+0000][1099914][info ][gc,metaspace] GC(89) Metaspace: 136504K(140288K)->136504K(140288K) NonClass: 117989K(120000K)->117989K(120000K) Class: 18514K(20288K)->18514K(20288K)
[2025-08-28T13:48:53.317+0000][1099914][info ][gc          ] GC(89) Pause Young (Normal) (G1 Evacuation Pause) 396M->96M(512M) 2.070ms
[2025-08-28T13:48:53.317+0000][1099914][info ][gc,cpu      ] GC(89) User=0.00s Sys=0.00s Real=0.00s
[2025-08-28T13:48:53.317+0000][1099914][info ][safepoint   ] Safepoint "G1CollectForAllocation", Time since last: 5997881774 ns, Reaching safepoint: 12229 ns, Cleanup: 5588 ns, At safepoint: 2144102 ns, Total: 2161919 ns
[2025-08-28T13:48:59.352+0000][1099914][info ][gc,start    ] GC(90) Pause Young (Normal) (G1 Evacuation Pause)
[2025-08-28T13:48:59.352+0000][1099914][info ][gc,task     ] GC(90) Using 12 workers of 33 for evacuation
[2025-08-28T13:48:59.352+0000][1099914][debug][gc,age      ] GC(90) Desired survivor size 20971520 bytes, new threshold 15 (max threshold 15)
[2025-08-28T13:48:59.354+0000][1099914][info ][gc,phases   ] GC(90)   Pre Evacuate Collection Set: 0.1ms
[2025-08-28T13:48:59.354+0000][1099914][info ][gc,phases   ] GC(90)   Merge Heap Roots: 0.1ms
[2025-08-28T13:48:59.354+0000][1099914][info ][gc,phases   ] GC(90)   Evacuate Collection Set: 1.4ms
[2025-08-28T13:48:59.354+0000][1099914][info ][gc,phases   ] GC(90)   Post Evacuate Collection Set: 0.4ms
[2025-08-28T13:48:59.354+0000][1099914][info ][gc,phases   ] GC(90)   Other: 0.0ms
[2025-08-28T13:48:59.354+0000][1099914][trace][gc,age      ] GC(90) Age table with threshold 15 (max threshold 15)
[2025-08-28T13:48:59.354+0000][1099914][trace][gc,age      ] GC(90) - age   1:     542496 bytes,     542496 total
[2025-08-28T13:48:59.354+0000][1099914][trace][gc,age      ] GC(90) - age   2:        264 bytes,     542760 total
[2025-08-28T13:48:59.354+0000][1099914][trace][gc,age      ] GC(90) - age   3:      10928 bytes,     553688 total
[2025-08-28T13:48:59.354+0000][1099914][trace][gc,age      ] GC(90) - age   5:        104 bytes,     553792 total
[2025-08-28T13:48:59.354+0000][1099914][trace][gc,age      ] GC(90) - age   6:        888 bytes,     554680 total
[2025-08-28T13:48:59.354+0000][1099914][trace][gc,age      ] GC(90) - age   7:        912 bytes,     555592 total
[2025-08-28T13:48:59.354+0000][1099914][trace][gc,age      ] GC(90) - age   8:        560 bytes,     556152 total
[2025-08-28T13:48:59.354+0000][1099914][trace][gc,age      ] GC(90) - age   9:        584 bytes,     556736 total
[2025-08-28T13:48:59.354+0000][1099914][trace][gc,age      ] GC(90) - age  12:        224 bytes,     556960 total
[2025-08-28T13:48:59.354+0000][1099914][trace][gc,age      ] GC(90) - age  13:        416 bytes,     557376 total
[2025-08-28T13:48:59.354+0000][1099914][info ][gc,heap     ] GC(90) Eden regions: 75->0(75)
[2025-08-28T13:48:59.354+0000][1099914][info ][gc,heap     ] GC(90) Survivor regions: 1->1(10)
[2025-08-28T13:48:59.354+0000][1099914][info ][gc,heap     ] GC(90) Old regions: 24->24
[2025-08-28T13:48:59.354+0000][1099914][info ][gc,heap     ] GC(90) Humongous regions: 0->0
[2025-08-28T13:48:59.354+0000][1099914][info ][gc,metaspace] GC(90) Metaspace: 136504K(140288K)->136504K(140288K) NonClass: 117989K(120000K)->117989K(120000K) Class: 18514K(20288K)->18514K(20288K)
[2025-08-28T13:48:59.354+0000][1099914][info ][gc          ] GC(90) Pause Young (Normal) (G1 Evacuation Pause) 396M->96M(512M) 2.081ms
[2025-08-28T13:48:59.354+0000][1099914][info ][gc,cpu      ] GC(90) User=0.01s Sys=0.00s Real=0.00s
[2025-08-28T13:48:59.355+0000][1099914][info ][safepoint   ] Safepoint "G1CollectForAllocation", Time since last: 6035536982 ns, Reaching safepoint: 41403 ns, Cleanup: 5448 ns, At safepoint: 2147066 ns, Total: 2193917 ns
[2025-08-28T13:49:05.040+0000][1099914][info ][gc,start    ] GC(91) Pause Young (Normal) (G1 Evacuation Pause)
[2025-08-28T13:49:05.040+0000][1099914][info ][gc,task     ] GC(91) Using 12 workers of 33 for evacuation
[2025-08-28T13:49:05.040+0000][1099914][debug][gc,age      ] GC(91) Desired survivor size 20971520 bytes, new threshold 15 (max threshold 15)
[2025-08-28T13:49:05.042+0000][1099914][info ][gc,phases   ] GC(91)   Pre Evacuate Collection Set: 0.1ms
[2025-08-28T13:49:05.042+0000][1099914][info ][gc,phases   ] GC(91)   Merge Heap Roots: 0.1ms
[2025-08-28T13:49:05.042+0000][1099914][info ][gc,phases   ] GC(91)   Evacuate Collection Set: 1.1ms
[2025-08-28T13:49:05.042+0000][1099914][info ][gc,phases   ] GC(91)   Post Evacuate Collection Set: 0.4ms
[2025-08-28T13:49:05.042+0000][1099914][info ][gc,phases   ] GC(91)   Other: 0.0ms
[2025-08-28T13:49:05.042+0000][1099914][trace][gc,age      ] GC(91) Age table with threshold 15 (max threshold 15)
[2025-08-28T13:49:05.042+0000][1099914][trace][gc,age      ] GC(91) - age   1:     540520 bytes,     540520 total
[2025-08-28T13:49:05.042+0000][1099914][trace][gc,age      ] GC(91) - age   2:       2336 bytes,     542856 total
[2025-08-28T13:49:05.042+0000][1099914][trace][gc,age      ] GC(91) - age   3:        264 bytes,     543120 total
[2025-08-28T13:49:05.042+0000][1099914][trace][gc,age      ] GC(91) - age   4:      10928 bytes,     554048 total
[2025-08-28T13:49:05.042+0000][1099914][trace][gc,age      ] GC(91) - age   6:        104 bytes,     554152 total
[2025-08-28T13:49:05.042+0000][1099914][trace][gc,age      ] GC(91) - age   7:        664 bytes,     554816 total
[2025-08-28T13:49:05.042+0000][1099914][trace][gc,age      ] GC(91) - age   8:        912 bytes,     555728 total
[2025-08-28T13:49:05.042+0000][1099914][trace][gc,age      ] GC(91) - age   9:        560 bytes,     556288 total
[2025-08-28T13:49:05.042+0000][1099914][trace][gc,age      ] GC(91) - age  10:        584 bytes,     556872 total
[2025-08-28T13:49:05.042+0000][1099914][trace][gc,age      ] GC(91) - age  13:        224 bytes,     557096 total
[2025-08-28T13:49:05.042+0000][1099914][trace][gc,age      ] GC(91) - age  14:        416 bytes,     557512 total
[2025-08-28T13:49:05.042+0000][1099914][info ][gc,heap     ] GC(91) Eden regions: 75->0(75)
[2025-08-28T13:49:05.042+0000][1099914][info ][gc,heap     ] GC(91) Survivor regions: 1->1(10)
[2025-08-28T13:49:05.042+0000][1099914][info ][gc,heap     ] GC(91) Old regions: 24->24
[2025-08-28T13:49:05.042+0000][1099914][info ][gc,heap     ] GC(91) Humongous regions: 0->0
[2025-08-28T13:49:05.042+0000][1099914][info ][gc,metaspace] GC(91) Metaspace: 136505K(140288K)->136505K(140288K) NonClass: 117990K(120000K)->117990K(120000K) Class: 18514K(20288K)->18514K(20288K)
[2025-08-28T13:49:05.042+0000][1099914][info ][gc          ] GC(91) Pause Young (Normal) (G1 Evacuation Pause) 396M->96M(512M) 1.849ms
[2025-08-28T13:49:05.042+0000][1099914][info ][gc,cpu      ] GC(91) User=0.01s Sys=0.00s Real=0.01s
[2025-08-28T13:49:05.042+0000][1099914][info ][safepoint   ] Safepoint "G1CollectForAllocation", Time since last: 5685516025 ns, Reaching safepoint: 40851 ns, Cleanup: 5218 ns, At safepoint: 1917241 ns, Total: 1963310 ns
[2025-08-28T13:49:11.078+0000][1099914][info ][gc,start    ] GC(92) Pause Young (Normal) (G1 Evacuation Pause)
[2025-08-28T13:49:11.078+0000][1099914][info ][gc,task     ] GC(92) Using 12 workers of 33 for evacuation
[2025-08-28T13:49:11.078+0000][1099914][debug][gc,age      ] GC(92) Desired survivor size 20971520 bytes, new threshold 15 (max threshold 15)
[2025-08-28T13:49:11.079+0000][1099914][info ][gc,phases   ] GC(92)   Pre Evacuate Collection Set: 0.2ms
[2025-08-28T13:49:11.079+0000][1099914][info ][gc,phases   ] GC(92)   Merge Heap Roots: 0.1ms
[2025-08-28T13:49:11.079+0000][1099914][info ][gc,phases   ] GC(92)   Evacuate Collection Set: 1.2ms
[2025-08-28T13:49:11.079+0000][1099914][info ][gc,phases   ] GC(92)   Post Evacuate Collection Set: 0.3ms
[2025-08-28T13:49:11.079+0000][1099914][info ][gc,phases   ] GC(92)   Other: 0.1ms
[2025-08-28T13:49:11.079+0000][1099914][trace][gc,age      ] GC(92) Age table with threshold 15 (max threshold 15)
[2025-08-28T13:49:11.079+0000][1099914][trace][gc,age      ] GC(92) - age   1:     540056 bytes,     540056 total
[2025-08-28T13:49:11.079+0000][1099914][trace][gc,age      ] GC(92) - age   2:        464 bytes,     540520 total
[2025-08-28T13:49:11.079+0000][1099914][trace][gc,age      ] GC(92) - age   3:       2336 bytes,     542856 total
[2025-08-28T13:49:11.080+0000][1099914][trace][gc,age      ] GC(92) - age   4:        264 bytes,     543120 total
[2025-08-28T13:49:11.080+0000][1099914][trace][gc,age      ] GC(92) - age   5:      10928 bytes,     554048 total
[2025-08-28T13:49:11.080+0000][1099914][trace][gc,age      ] GC(92) - age   7:        104 bytes,     554152 total
[2025-08-28T13:49:11.080+0000][1099914][trace][gc,age      ] GC(92) - age   8:        664 bytes,     554816 total
[2025-08-28T13:49:11.080+0000][1099914][trace][gc,age      ] GC(92) - age   9:        912 bytes,     555728 total
[2025-08-28T13:49:11.080+0000][1099914][trace][gc,age      ] GC(92) - age  10:        560 bytes,     556288 total
[2025-08-28T13:49:11.080+0000][1099914][trace][gc,age      ] GC(92) - age  11:        584 bytes,     556872 total
[2025-08-28T13:49:11.080+0000][1099914][trace][gc,age      ] GC(92) - age  14:        224 bytes,     557096 total
[2025-08-28T13:49:11.080+0000][1099914][trace][gc,age      ] GC(92) - age  15:        416 bytes,     557512 total
[2025-08-28T13:49:11.080+0000][1099914][info ][gc,heap     ] GC(92) Eden regions: 75->0(75)
[2025-08-28T13:49:11.080+0000][1099914][info ][gc,heap     ] GC(92) Survivor regions: 1->1(10)
[2025-08-28T13:49:11.080+0000][1099914][info ][gc,heap     ] GC(92) Old regions: 24->24
[2025-08-28T13:49:11.080+0000][1099914][info ][gc,heap     ] GC(92) Humongous regions: 0->0
[2025-08-28T13:49:11.080+0000][1099914][info ][gc,metaspace] GC(92) Metaspace: 136505K(140288K)->136505K(140288K) NonClass: 117990K(120000K)->117990K(120000K) Class: 18514K(20288K)->18514K(20288K)
[2025-08-28T13:49:11.080+0000][1099914][info ][gc          ] GC(92) Pause Young (Normal) (G1 Evacuation Pause) 396M->96M(512M) 1.973ms
[2025-08-28T13:49:11.080+0000][1099914][info ][gc,cpu      ] GC(92) User=0.01s Sys=0.00s Real=0.00s
[2025-08-28T13:49:11.080+0000][1099914][info ][safepoint   ] Safepoint "G1CollectForAllocation", Time since last: 6035497483 ns, Reaching safepoint: 40801 ns, Cleanup: 5489 ns, At safepoint: 2056570 ns, Total: 2102860 ns
[2025-08-28T13:49:16.252+0000][1099914][info ][gc,start    ] GC(93) Pause Young (Normal) (G1 Evacuation Pause)
[2025-08-28T13:49:16.252+0000][1099914][info ][gc,task     ] GC(93) Using 12 workers of 33 for evacuation
[2025-08-28T13:49:16.252+0000][1099914][debug][gc,age      ] GC(93) Desired survivor size 20971520 bytes, new threshold 15 (max threshold 15)
[2025-08-28T13:49:16.254+0000][1099914][info ][gc,phases   ] GC(93)   Pre Evacuate Collection Set: 0.1ms
[2025-08-28T13:49:16.254+0000][1099914][info ][gc,phases   ] GC(93)   Merge Heap Roots: 0.1ms
[2025-08-28T13:49:16.254+0000][1099914][info ][gc,phases   ] GC(93)   Evacuate Collection Set: 1.2ms
[2025-08-28T13:49:16.254+0000][1099914][info ][gc,phases   ] GC(93)   Post Evacuate Collection Set: 0.3ms
[2025-08-28T13:49:16.254+0000][1099914][info ][gc,phases   ] GC(93)   Other: 0.0ms
[2025-08-28T13:49:16.254+0000][1099914][trace][gc,age      ] GC(93) Age table with threshold 15 (max threshold 15)
[2025-08-28T13:49:16.254+0000][1099914][trace][gc,age      ] GC(93) - age   1:     557152 bytes,     557152 total
[2025-08-28T13:49:16.254+0000][1099914][trace][gc,age      ] GC(93) - age   3:        224 bytes,     557376 total
[2025-08-28T13:49:16.254+0000][1099914][trace][gc,age      ] GC(93) - age   4:       1656 bytes,     559032 total
[2025-08-28T13:49:16.254+0000][1099914][trace][gc,age      ] GC(93) - age   5:        264 bytes,     559296 total
[2025-08-28T13:49:16.254+0000][1099914][trace][gc,age      ] GC(93) - age   6:      10928 bytes,     570224 total
[2025-08-28T13:49:16.254+0000][1099914][trace][gc,age      ] GC(93) - age   8:        104 bytes,     570328 total
[2025-08-28T13:49:16.254+0000][1099914][trace][gc,age      ] GC(93) - age   9:        664 bytes,     570992 total
[2025-08-28T13:49:16.254+0000][1099914][trace][gc,age      ] GC(93) - age  10:        912 bytes,     571904 total
[2025-08-28T13:49:16.254+0000][1099914][trace][gc,age      ] GC(93) - age  11:        448 bytes,     572352 total
[2025-08-28T13:49:16.254+0000][1099914][trace][gc,age      ] GC(93) - age  12:        584 bytes,     572936 total
[2025-08-28T13:49:16.254+0000][1099914][trace][gc,age      ] GC(93) - age  15:        224 bytes,     573160 total
[2025-08-28T13:49:16.254+0000][1099914][info ][gc,heap     ] GC(93) Eden regions: 75->0(75)
[2025-08-28T13:49:16.254+0000][1099914][info ][gc,heap     ] GC(93) Survivor regions: 1->1(10)
[2025-08-28T13:49:16.254+0000][1099914][info ][gc,heap     ] GC(93) Old regions: 24->24
[2025-08-28T13:49:16.254+0000][1099914][info ][gc,heap     ] GC(93) Humongous regions: 0->0
[2025-08-28T13:49:16.254+0000][1099914][info ][gc,metaspace] GC(93) Metaspace: 136505K(140288K)->136505K(140288K) NonClass: 117990K(120000K)->117990K(120000K) Class: 18514K(20288K)->18514K(20288K)
[2025-08-28T13:49:16.254+0000][1099914][info ][gc          ] GC(93) Pause Young (Normal) (G1 Evacuation Pause) 396M->96M(512M) 1.945ms
[2025-08-28T13:49:16.254+0000][1099914][info ][gc,cpu      ] GC(93) User=0.01s Sys=0.00s Real=0.00s
[2025-08-28T13:49:16.254+0000][1099914][info ][safepoint   ] Safepoint "G1CollectForAllocation", Time since last: 5172545070 ns, Reaching safepoint: 44417 ns, Cleanup: 5007 ns, At safepoint: 2012765 ns, Total: 2062189 ns
[2025-08-28T13:49:22.290+0000][1099914][info ][gc,start    ] GC(94) Pause Young (Normal) (G1 Evacuation Pause)
[2025-08-28T13:49:22.290+0000][1099914][info ][gc,task     ] GC(94) Using 12 workers of 33 for evacuation
[2025-08-28T13:49:22.290+0000][1099914][debug][gc,age      ] GC(94) Desired survivor size 20971520 bytes, new threshold 15 (max threshold 15)
[2025-08-28T13:49:22.292+0000][1099914][info ][gc,phases   ] GC(94)   Pre Evacuate Collection Set: 0.2ms
[2025-08-28T13:49:22.292+0000][1099914][info ][gc,phases   ] GC(94)   Merge Heap Roots: 0.1ms
[2025-08-28T13:49:22.292+0000][1099914][info ][gc,phases   ] GC(94)   Evacuate Collection Set: 1.3ms
[2025-08-28T13:49:22.292+0000][1099914][info ][gc,phases   ] GC(94)   Post Evacuate Collection Set: 0.4ms
[2025-08-28T13:49:22.292+0000][1099914][info ][gc,phases   ] GC(94)   Other: 0.1ms
[2025-08-28T13:49:22.292+0000][1099914][trace][gc,age      ] GC(94) Age table with threshold 15 (max threshold 15)
[2025-08-28T13:49:22.292+0000][1099914][trace][gc,age      ] GC(94) - age   1:     540056 bytes,     540056 total
[2025-08-28T13:49:22.292+0000][1099914][trace][gc,age      ] GC(94) - age   2:       1256 bytes,     541312 total
[2025-08-28T13:49:22.292+0000][1099914][trace][gc,age      ] GC(94) - age   4:        224 bytes,     541536 total
[2025-08-28T13:49:22.292+0000][1099914][trace][gc,age      ] GC(94) - age   5:       1656 bytes,     543192 total
[2025-08-28T13:49:22.292+0000][1099914][trace][gc,age      ] GC(94) - age   6:        264 bytes,     543456 total
[2025-08-28T13:49:22.292+0000][1099914][trace][gc,age      ] GC(94) - age   7:      10928 bytes,     554384 total
[2025-08-28T13:49:22.292+0000][1099914][trace][gc,age      ] GC(94) - age   9:        104 bytes,     554488 total
[2025-08-28T13:49:22.292+0000][1099914][trace][gc,age      ] GC(94) - age  10:        664 bytes,     555152 total
[2025-08-28T13:49:22.292+0000][1099914][trace][gc,age      ] GC(94) - age  11:        912 bytes,     556064 total
[2025-08-28T13:49:22.292+0000][1099914][trace][gc,age      ] GC(94) - age  12:        448 bytes,     556512 total
[2025-08-28T13:49:22.292+0000][1099914][trace][gc,age      ] GC(94) - age  13:        584 bytes,     557096 total
[2025-08-28T13:49:22.292+0000][1099914][info ][gc,heap     ] GC(94) Eden regions: 75->0(75)
[2025-08-28T13:49:22.292+0000][1099914][info ][gc,heap     ] GC(94) Survivor regions: 1->1(10)
[2025-08-28T13:49:22.292+0000][1099914][info ][gc,heap     ] GC(94) Old regions: 24->24
[2025-08-28T13:49:22.292+0000][1099914][info ][gc,heap     ] GC(94) Humongous regions: 0->0
[2025-08-28T13:49:22.292+0000][1099914][info ][gc,metaspace] GC(94) Metaspace: 136505K(140288K)->136505K(140288K) NonClass: 117990K(120000K)->117990K(120000K) Class: 18514K(20288K)->18514K(20288K)
[2025-08-28T13:49:22.292+0000][1099914][info ][gc          ] GC(94) Pause Young (Normal) (G1 Evacuation Pause) 396M->96M(512M) 2.037ms
[2025-08-28T13:49:22.292+0000][1099914][info ][gc,cpu      ] GC(94) User=0.01s Sys=0.00s Real=0.01s
[2025-08-28T13:49:22.292+0000][1099914][info ][safepoint   ] Safepoint "G1CollectForAllocation", Time since last: 6035783052 ns, Reaching safepoint: 44837 ns, Cleanup: 5609 ns, At safepoint: 2109910 ns, Total: 2160356 ns
[2025-08-28T13:49:28.252+0000][1099914][info ][gc,start    ] GC(95) Pause Young (Normal) (G1 Evacuation Pause)
[2025-08-28T13:49:28.252+0000][1099914][info ][gc,task     ] GC(95) Using 12 workers of 33 for evacuation
[2025-08-28T13:49:28.252+0000][1099914][debug][gc,age      ] GC(95) Desired survivor size 20971520 bytes, new threshold 15 (max threshold 15)
[2025-08-28T13:49:28.254+0000][1099914][info ][gc,phases   ] GC(95)   Pre Evacuate Collection Set: 0.1ms
[2025-08-28T13:49:28.254+0000][1099914][info ][gc,phases   ] GC(95)   Merge Heap Roots: 0.1ms
[2025-08-28T13:49:28.254+0000][1099914][info ][gc,phases   ] GC(95)   Evacuate Collection Set: 1.1ms
[2025-08-28T13:49:28.254+0000][1099914][info ][gc,phases   ] GC(95)   Post Evacuate Collection Set: 0.4ms
[2025-08-28T13:49:28.254+0000][1099914][info ][gc,phases   ] GC(95)   Other: 0.0ms
[2025-08-28T13:49:28.254+0000][1099914][trace][gc,age      ] GC(95) Age table with threshold 15 (max threshold 15)
[2025-08-28T13:49:28.254+0000][1099914][trace][gc,age      ] GC(95) - age   1:     558904 bytes,     558904 total
[2025-08-28T13:49:28.254+0000][1099914][trace][gc,age      ] GC(95) - age   3:        424 bytes,     559328 total
[2025-08-28T13:49:28.254+0000][1099914][trace][gc,age      ] GC(95) - age   5:        224 bytes,     559552 total
[2025-08-28T13:49:28.254+0000][1099914][trace][gc,age      ] GC(95) - age   7:         88 bytes,     559640 total
[2025-08-28T13:49:28.254+0000][1099914][trace][gc,age      ] GC(95) - age   8:      10840 bytes,     570480 total
[2025-08-28T13:49:28.254+0000][1099914][trace][gc,age      ] GC(95) - age  10:        104 bytes,     570584 total
[2025-08-28T13:49:28.254+0000][1099914][trace][gc,age      ] GC(95) - age  11:        312 bytes,     570896 total
[2025-08-28T13:49:28.254+0000][1099914][trace][gc,age      ] GC(95) - age  12:        560 bytes,     571456 total
[2025-08-28T13:49:28.254+0000][1099914][trace][gc,age      ] GC(95) - age  13:        448 bytes,     571904 total
[2025-08-28T13:49:28.254+0000][1099914][trace][gc,age      ] GC(95) - age  14:        584 bytes,     572488 total
[2025-08-28T13:49:28.254+0000][1099914][info ][gc,heap     ] GC(95) Eden regions: 75->0(75)
[2025-08-28T13:49:28.254+0000][1099914][info ][gc,heap     ] GC(95) Survivor regions: 1->1(10)
[2025-08-28T13:49:28.254+0000][1099914][info ][gc,heap     ] GC(95) Old regions: 24->24
[2025-08-28T13:49:28.254+0000][1099914][info ][gc,heap     ] GC(95) Humongous regions: 0->0
[2025-08-28T13:49:28.254+0000][1099914][info ][gc,metaspace] GC(95) Metaspace: 136505K(140288K)->136505K(140288K) NonClass: 117990K(120000K)->117990K(120000K) Class: 18514K(20288K)->18514K(20288K)
[2025-08-28T13:49:28.254+0000][1099914][info ][gc          ] GC(95) Pause Young (Normal) (G1 Evacuation Pause) 396M->96M(512M) 1.871ms
[2025-08-28T13:49:28.254+0000][1099914][info ][gc,cpu      ] GC(95) User=0.00s Sys=0.00s Real=0.00s
[2025-08-28T13:49:28.254+0000][1099914][info ][safepoint   ] Safepoint "G1CollectForAllocation", Time since last: 5959969740 ns, Reaching safepoint: 44397 ns, Cleanup: 5057 ns, At safepoint: 1937802 ns, Total: 1987256 ns
[2025-08-28T13:49:33.915+0000][1099914][info ][gc,start    ] GC(96) Pause Young (Normal) (G1 Evacuation Pause)
[2025-08-28T13:49:33.915+0000][1099914][info ][gc,task     ] GC(96) Using 12 workers of 33 for evacuation
[2025-08-28T13:49:33.915+0000][1099914][debug][gc,age      ] GC(96) Desired survivor size 20971520 bytes, new threshold 15 (max threshold 15)
[2025-08-28T13:49:33.916+0000][1099914][info ][gc,phases   ] GC(96)   Pre Evacuate Collection Set: 0.1ms
[2025-08-28T13:49:33.916+0000][1099914][info ][gc,phases   ] GC(96)   Merge Heap Roots: 0.1ms
[2025-08-28T13:49:33.916+0000][1099914][info ][gc,phases   ] GC(96)   Evacuate Collection Set: 0.9ms
[2025-08-28T13:49:33.916+0000][1099914][info ][gc,phases   ] GC(96)   Post Evacuate Collection Set: 0.3ms
[2025-08-28T13:49:33.916+0000][1099914][info ][gc,phases   ] GC(96)   Other: 0.0ms
[2025-08-28T13:49:33.916+0000][1099914][trace][gc,age      ] GC(96) Age table with threshold 15 (max threshold 15)
[2025-08-28T13:49:33.916+0000][1099914][trace][gc,age      ] GC(96) - age   1:     555008 bytes,     555008 total
[2025-08-28T13:49:33.916+0000][1099914][trace][gc,age      ] GC(96) - age   2:       4016 bytes,     559024 total
[2025-08-28T13:49:33.916+0000][1099914][trace][gc,age      ] GC(96) - age   4:        424 bytes,     559448 total
[2025-08-28T13:49:33.916+0000][1099914][trace][gc,age      ] GC(96) - age   6:        224 bytes,     559672 total
[2025-08-28T13:49:33.916+0000][1099914][trace][gc,age      ] GC(96) - age   8:         88 bytes,     559760 total
[2025-08-28T13:49:33.916+0000][1099914][trace][gc,age      ] GC(96) - age   9:      10840 bytes,     570600 total
[2025-08-28T13:49:33.916+0000][1099914][trace][gc,age      ] GC(96) - age  11:         72 bytes,     570672 total
[2025-08-28T13:49:33.916+0000][1099914][trace][gc,age      ] GC(96) - age  12:        312 bytes,     570984 total
[2025-08-28T13:49:33.916+0000][1099914][trace][gc,age      ] GC(96) - age  13:        560 bytes,     571544 total
[2025-08-28T13:49:33.916+0000][1099914][trace][gc,age      ] GC(96) - age  14:        448 bytes,     571992 total
[2025-08-28T13:49:33.916+0000][1099914][trace][gc,age      ] GC(96) - age  15:        584 bytes,     572576 total
[2025-08-28T13:49:33.916+0000][1099914][info ][gc,heap     ] GC(96) Eden regions: 75->0(75)
[2025-08-28T13:49:33.916+0000][1099914][info ][gc,heap     ] GC(96) Survivor regions: 1->1(10)
[2025-08-28T13:49:33.916+0000][1099914][info ][gc,heap     ] GC(96) Old regions: 24->24
[2025-08-28T13:49:33.916+0000][1099914][info ][gc,heap     ] GC(96) Humongous regions: 0->0
[2025-08-28T13:49:33.916+0000][1099914][info ][gc,metaspace] GC(96) Metaspace: 136510K(140288K)->136510K(140288K) NonClass: 117996K(120000K)->117996K(120000K) Class: 18514K(20288K)->18514K(20288K)
[2025-08-28T13:49:33.916+0000][1099914][info ][gc          ] GC(96) Pause Young (Normal) (G1 Evacuation Pause) 396M->96M(512M) 1.620ms
[2025-08-28T13:49:33.916+0000][1099914][info ][gc,cpu      ] GC(96) User=0.01s Sys=0.00s Real=0.00s
[2025-08-28T13:49:33.916+0000][1099914][info ][safepoint   ] Safepoint "G1CollectForAllocation", Time since last: 5660559948 ns, Reaching safepoint: 44957 ns, Cleanup: 5629 ns, At safepoint: 1691102 ns, Total: 1741688 ns
[2025-08-28T13:49:37.917+0000][1099914][info ][safepoint   ] Safepoint "Cleanup", Time since last: 4000318871 ns, Reaching safepoint: 45298 ns, Cleanup: 15483 ns, At safepoint: 5409 ns, Total: 66190 ns
[2025-08-28T13:49:39.291+0000][1099914][info ][gc,start    ] GC(97) Pause Young (Normal) (G1 Evacuation Pause)
[2025-08-28T13:49:39.291+0000][1099914][info ][gc,task     ] GC(97) Using 12 workers of 33 for evacuation
[2025-08-28T13:49:39.291+0000][1099914][debug][gc,age      ] GC(97) Desired survivor size 20971520 bytes, new threshold 15 (max threshold 15)
[2025-08-28T13:49:39.293+0000][1099914][info ][gc,phases   ] GC(97)   Pre Evacuate Collection Set: 0.1ms
[2025-08-28T13:49:39.293+0000][1099914][info ][gc,phases   ] GC(97)   Merge Heap Roots: 0.0ms
[2025-08-28T13:49:39.293+0000][1099914][info ][gc,phases   ] GC(97)   Evacuate Collection Set: 1.5ms
[2025-08-28T13:49:39.293+0000][1099914][info ][gc,phases   ] GC(97)   Post Evacuate Collection Set: 0.4ms
[2025-08-28T13:49:39.293+0000][1099914][info ][gc,phases   ] GC(97)   Other: 0.0ms
[2025-08-28T13:49:39.293+0000][1099914][trace][gc,age      ] GC(97) Age table with threshold 15 (max threshold 15)
[2025-08-28T13:49:39.293+0000][1099914][trace][gc,age      ] GC(97) - age   1:     577936 bytes,     577936 total
[2025-08-28T13:49:39.293+0000][1099914][trace][gc,age      ] GC(97) - age   2:         32 bytes,     577968 total
[2025-08-28T13:49:39.293+0000][1099914][trace][gc,age      ] GC(97) - age   3:       3656 bytes,     581624 total
[2025-08-28T13:49:39.293+0000][1099914][trace][gc,age      ] GC(97) - age   5:        424 bytes,     582048 total
[2025-08-28T13:49:39.293+0000][1099914][trace][gc,age      ] GC(97) - age   9:         88 bytes,     582136 total
[2025-08-28T13:49:39.293+0000][1099914][trace][gc,age      ] GC(97) - age  10:        560 bytes,     582696 total
[2025-08-28T13:49:39.293+0000][1099914][trace][gc,age      ] GC(97) - age  12:         72 bytes,     582768 total
[2025-08-28T13:49:39.293+0000][1099914][trace][gc,age      ] GC(97) - age  13:        312 bytes,     583080 total
[2025-08-28T13:49:39.293+0000][1099914][trace][gc,age      ] GC(97) - age  14:        560 bytes,     583640 total
[2025-08-28T13:49:39.293+0000][1099914][trace][gc,age      ] GC(97) - age  15:        448 bytes,     584088 total
[2025-08-28T13:49:39.294+0000][1099914][info ][gc,heap     ] GC(97) Eden regions: 75->0(75)
[2025-08-28T13:49:39.294+0000][1099914][info ][gc,heap     ] GC(97) Survivor regions: 1->1(10)
[2025-08-28T13:49:39.294+0000][1099914][info ][gc,heap     ] GC(97) Old regions: 24->24
[2025-08-28T13:49:39.294+0000][1099914][info ][gc,heap     ] GC(97) Humongous regions: 0->0
[2025-08-28T13:49:39.294+0000][1099914][info ][gc,metaspace] GC(97) Metaspace: 136534K(140288K)->136534K(140288K) NonClass: 118020K(120000K)->118020K(120000K) Class: 18514K(20288K)->18514K(20288K)
[2025-08-28T13:49:39.294+0000][1099914][info ][gc          ] GC(97) Pause Young (Normal) (G1 Evacuation Pause) 396M->96M(512M) 2.223ms
[2025-08-28T13:49:39.294+0000][1099914][info ][gc,cpu      ] GC(97) User=0.01s Sys=0.00s Real=0.00s
[2025-08-28T13:49:39.294+0000][1099914][info ][safepoint   ] Safepoint "G1CollectForAllocation", Time since last: 1374471445 ns, Reaching safepoint: 10466 ns, Cleanup: 6930 ns, At safepoint: 2325045 ns, Total: 2342441 ns
[2025-08-28T13:49:40.294+0000][1099914][info ][safepoint   ] Safepoint "Cleanup", Time since last: 1000097444 ns, Reaching safepoint: 13030 ns, Cleanup: 21542 ns, At safepoint: 2985 ns, Total: 37557 ns
[2025-08-28T13:49:41.269+0000][1099914][info ][gc,start    ] GC(98) Pause Young (Normal) (G1 Evacuation Pause)
[2025-08-28T13:49:41.269+0000][1099914][info ][gc,task     ] GC(98) Using 12 workers of 33 for evacuation
[2025-08-28T13:49:41.269+0000][1099914][debug][gc,age      ] GC(98) Desired survivor size 20971520 bytes, new threshold 15 (max threshold 15)
[2025-08-28T13:49:41.271+0000][1099914][info ][gc,phases   ] GC(98)   Pre Evacuate Collection Set: 0.2ms
[2025-08-28T13:49:41.271+0000][1099914][info ][gc,phases   ] GC(98)   Merge Heap Roots: 0.1ms
[2025-08-28T13:49:41.271+0000][1099914][info ][gc,phases   ] GC(98)   Evacuate Collection Set: 1.3ms
[2025-08-28T13:49:41.271+0000][1099914][info ][gc,phases   ] GC(98)   Post Evacuate Collection Set: 0.4ms
[2025-08-28T13:49:41.271+0000][1099914][info ][gc,phases   ] GC(98)   Other: 0.0ms
[2025-08-28T13:49:41.271+0000][1099914][trace][gc,age      ] GC(98) Age table with threshold 15 (max threshold 15)
[2025-08-28T13:49:41.271+0000][1099914][trace][gc,age      ] GC(98) - age   1:     674520 bytes,     674520 total
[2025-08-28T13:49:41.271+0000][1099914][trace][gc,age      ] GC(98) - age   2:      14608 bytes,     689128 total
[2025-08-28T13:49:41.271+0000][1099914][trace][gc,age      ] GC(98) - age   3:         32 bytes,     689160 total
[2025-08-28T13:49:41.271+0000][1099914][trace][gc,age      ] GC(98) - age   4:       3656 bytes,     692816 total
[2025-08-28T13:49:41.271+0000][1099914][trace][gc,age      ] GC(98) - age   6:        424 bytes,     693240 total
[2025-08-28T13:49:41.271+0000][1099914][trace][gc,age      ] GC(98) - age  10:         88 bytes,     693328 total
[2025-08-28T13:49:41.271+0000][1099914][trace][gc,age      ] GC(98) - age  11:        560 bytes,     693888 total
[2025-08-28T13:49:41.271+0000][1099914][trace][gc,age      ] GC(98) - age  13:         72 bytes,     693960 total
[2025-08-28T13:49:41.271+0000][1099914][trace][gc,age      ] GC(98) - age  14:        312 bytes,     694272 total
[2025-08-28T13:49:41.272+0000][1099914][trace][gc,age      ] GC(98) - age  15:        560 bytes,     694832 total
[2025-08-28T13:49:41.272+0000][1099914][info ][gc,heap     ] GC(98) Eden regions: 75->0(75)
[2025-08-28T13:49:41.272+0000][1099914][info ][gc,heap     ] GC(98) Survivor regions: 1->1(10)
[2025-08-28T13:49:41.272+0000][1099914][info ][gc,heap     ] GC(98) Old regions: 24->24
[2025-08-28T13:49:41.272+0000][1099914][info ][gc,heap     ] GC(98) Humongous regions: 0->0
[2025-08-28T13:49:41.272+0000][1099914][info ][gc,metaspace] GC(98) Metaspace: 136541K(140288K)->136541K(140288K) NonClass: 118027K(120000K)->118027K(120000K) Class: 18514K(20288K)->18514K(20288K)
[2025-08-28T13:49:41.272+0000][1099914][info ][gc          ] GC(98) Pause Young (Normal) (G1 Evacuation Pause) 396M->96M(512M) 2.121ms
[2025-08-28T13:49:41.272+0000][1099914][info ][gc,cpu      ] GC(98) User=0.01s Sys=0.00s Real=0.01s
[2025-08-28T13:49:41.272+0000][1099914][info ][safepoint   ] Safepoint "G1CollectForAllocation", Time since last: 975621575 ns, Reaching safepoint: 12679 ns, Cleanup: 5508 ns, At safepoint: 2191013 ns, Total: 2209200 ns
[2025-08-28T13:49:43.246+0000][1099914][info ][gc,start    ] GC(99) Pause Young (Normal) (G1 Evacuation Pause)
[2025-08-28T13:49:43.246+0000][1099914][info ][gc,task     ] GC(99) Using 12 workers of 33 for evacuation
[2025-08-28T13:49:43.246+0000][1099914][debug][gc,age      ] GC(99) Desired survivor size 20971520 bytes, new threshold 15 (max threshold 15)
[2025-08-28T13:49:43.248+0000][1099914][info ][gc,phases   ] GC(99)   Pre Evacuate Collection Set: 0.1ms
[2025-08-28T13:49:43.248+0000][1099914][info ][gc,phases   ] GC(99)   Merge Heap Roots: 0.1ms
[2025-08-28T13:49:43.248+0000][1099914][info ][gc,phases   ] GC(99)   Evacuate Collection Set: 1.3ms
[2025-08-28T13:49:43.248+0000][1099914][info ][gc,phases   ] GC(99)   Post Evacuate Collection Set: 0.4ms
[2025-08-28T13:49:43.248+0000][1099914][info ][gc,phases   ] GC(99)   Other: 0.1ms
[2025-08-28T13:49:43.248+0000][1099914][trace][gc,age      ] GC(99) Age table with threshold 15 (max threshold 15)
[2025-08-28T13:49:43.248+0000][1099914][trace][gc,age      ] GC(99) - age   1:    1075624 bytes,    1075624 total
[2025-08-28T13:49:43.248+0000][1099914][trace][gc,age      ] GC(99) - age   2:     135432 bytes,    1211056 total
[2025-08-28T13:49:43.248+0000][1099914][trace][gc,age      ] GC(99) - age   3:      13520 bytes,    1224576 total
[2025-08-28T13:49:43.248+0000][1099914][trace][gc,age      ] GC(99) - age   4:         32 bytes,    1224608 total
[2025-08-28T13:49:43.248+0000][1099914][trace][gc,age      ] GC(99) - age   5:       3656 bytes,    1228264 total
[2025-08-28T13:49:43.248+0000][1099914][trace][gc,age      ] GC(99) - age   7:        424 bytes,    1228688 total
[2025-08-28T13:49:43.248+0000][1099914][trace][gc,age      ] GC(99) - age  11:         88 bytes,    1228776 total
[2025-08-28T13:49:43.248+0000][1099914][trace][gc,age      ] GC(99) - age  12:        560 bytes,    1229336 total
[2025-08-28T13:49:43.248+0000][1099914][trace][gc,age      ] GC(99) - age  14:         72 bytes,    1229408 total
[2025-08-28T13:49:43.248+0000][1099914][trace][gc,age      ] GC(99) - age  15:        312 bytes,    1229720 total
[2025-08-28T13:49:43.248+0000][1099914][info ][gc,heap     ] GC(99) Eden regions: 75->0(75)
[2025-08-28T13:49:43.248+0000][1099914][info ][gc,heap     ] GC(99) Survivor regions: 1->1(10)
[2025-08-28T13:49:43.248+0000][1099914][info ][gc,heap     ] GC(99) Old regions: 24->24
[2025-08-28T13:49:43.248+0000][1099914][info ][gc,heap     ] GC(99) Humongous regions: 0->0
[2025-08-28T13:49:43.248+0000][1099914][info ][gc,metaspace] GC(99) Metaspace: 136541K(140288K)->136541K(140288K) NonClass: 118027K(120000K)->118027K(120000K) Class: 18514K(20288K)->18514K(20288K)
[2025-08-28T13:49:43.248+0000][1099914][info ][gc          ] GC(99) Pause Young (Normal) (G1 Evacuation Pause) 396M->96M(512M) 2.063ms
[2025-08-28T13:49:43.248+0000][1099914][info ][gc,cpu      ] GC(99) User=0.01s Sys=0.00s Real=0.00s
[2025-08-28T13:49:43.248+0000][1099914][info ][safepoint   ] Safepoint "G1CollectForAllocation", Time since last: 1974581700 ns, Reaching safepoint: 48553 ns, Cleanup: 5558 ns, At safepoint: 2135280 ns, Total: 2189391 ns
[2025-08-28T13:49:45.131+0000][1099914][info ][safepoint   ] Safepoint "Cleanup", Time since last: 1882942067 ns, Reaching safepoint: 5979 ns, Cleanup: 30185 ns, At safepoint: 1953 ns, Total: 38117 ns
[2025-08-28T13:49:45.209+0000][1099914][info ][gc,start    ] GC(100) Pause Young (Normal) (G1 Evacuation Pause)
[2025-08-28T13:49:45.209+0000][1099914][info ][gc,task     ] GC(100) Using 12 workers of 33 for evacuation
[2025-08-28T13:49:45.209+0000][1099914][debug][gc,age      ] GC(100) Desired survivor size 20971520 bytes, new threshold 15 (max threshold 15)
[2025-08-28T13:49:45.211+0000][1099914][info ][gc,phases   ] GC(100)   Pre Evacuate Collection Set: 0.1ms
[2025-08-28T13:49:45.211+0000][1099914][info ][gc,phases   ] GC(100)   Merge Heap Roots: 0.1ms
[2025-08-28T13:49:45.211+0000][1099914][info ][gc,phases   ] GC(100)   Evacuate Collection Set: 1.3ms
[2025-08-28T13:49:45.211+0000][1099914][info ][gc,phases   ] GC(100)   Post Evacuate Collection Set: 0.4ms
[2025-08-28T13:49:45.211+0000][1099914][info ][gc,phases   ] GC(100)   Other: 0.1ms
[2025-08-28T13:49:45.211+0000][1099914][trace][gc,age      ] GC(100) Age table with threshold 15 (max threshold 15)
[2025-08-28T13:49:45.211+0000][1099914][trace][gc,age      ] GC(100) - age   1:    1155560 bytes,    1155560 total
[2025-08-28T13:49:45.211+0000][1099914][trace][gc,age      ] GC(100) - age   2:        712 bytes,    1156272 total
[2025-08-28T13:49:45.211+0000][1099914][trace][gc,age      ] GC(100) - age   3:     107088 bytes,    1263360 total
[2025-08-28T13:49:45.211+0000][1099914][trace][gc,age      ] GC(100) - age   4:      13208 bytes,    1276568 total
[2025-08-28T13:49:45.211+0000][1099914][trace][gc,age      ] GC(100) - age   5:         32 bytes,    1276600 total
[2025-08-28T13:49:45.211+0000][1099914][trace][gc,age      ] GC(100) - age   6:       3288 bytes,    1279888 total
[2025-08-28T13:49:45.211+0000][1099914][trace][gc,age      ] GC(100) - age   8:        424 bytes,    1280312 total
[2025-08-28T13:49:45.211+0000][1099914][trace][gc,age      ] GC(100) - age  12:         88 bytes,    1280400 total
[2025-08-28T13:49:45.211+0000][1099914][trace][gc,age      ] GC(100) - age  13:        560 bytes,    1280960 total
[2025-08-28T13:49:45.211+0000][1099914][trace][gc,age      ] GC(100) - age  15:         72 bytes,    1281032 total
[2025-08-28T13:49:45.211+0000][1099914][info ][gc,heap     ] GC(100) Eden regions: 75->0(75)
[2025-08-28T13:49:45.211+0000][1099914][info ][gc,heap     ] GC(100) Survivor regions: 1->1(10)
[2025-08-28T13:49:45.211+0000][1099914][info ][gc,heap     ] GC(100) Old regions: 24->24
[2025-08-28T13:49:45.211+0000][1099914][info ][gc,heap     ] GC(100) Humongous regions: 0->0
[2025-08-28T13:49:45.211+0000][1099914][info ][gc,metaspace] GC(100) Metaspace: 136619K(140416K)->136619K(140416K) NonClass: 118091K(120064K)->118091K(120064K) Class: 18527K(20352K)->18527K(20352K)
[2025-08-28T13:49:45.211+0000][1099914][info ][gc          ] GC(100) Pause Young (Normal) (G1 Evacuation Pause) 396M->96M(512M) 2.148ms
[2025-08-28T13:49:45.211+0000][1099914][info ][gc,cpu      ] GC(100) User=0.01s Sys=0.00s Real=0.01s
[2025-08-28T13:49:45.211+0000][1099914][info ][safepoint   ] Safepoint "G1CollectForAllocation", Time since last: 77170314 ns, Reaching safepoint: 11037 ns, Cleanup: 58428 ns, At safepoint: 2222931 ns, Total: 2292396 ns
[2025-08-28T13:49:46.211+0000][1099914][info ][safepoint   ] Safepoint "Cleanup", Time since last: 1000089573 ns, Reaching safepoint: 12258 ns, Cleanup: 20972 ns, At safepoint: 2954 ns, Total: 36184 ns
[2025-08-28T13:49:48.705+0000][1099914][info ][gc,start    ] GC(101) Pause Young (Normal) (G1 Evacuation Pause)
[2025-08-28T13:49:48.705+0000][1099914][info ][gc,task     ] GC(101) Using 12 workers of 33 for evacuation
[2025-08-28T13:49:48.705+0000][1099914][debug][gc,age      ] GC(101) Desired survivor size 20971520 bytes, new threshold 15 (max threshold 15)
[2025-08-28T13:49:48.707+0000][1099914][info ][gc,phases   ] GC(101)   Pre Evacuate Collection Set: 0.1ms
[2025-08-28T13:49:48.707+0000][1099914][info ][gc,phases   ] GC(101)   Merge Heap Roots: 0.1ms
[2025-08-28T13:49:48.707+0000][1099914][info ][gc,phases   ] GC(101)   Evacuate Collection Set: 1.1ms
[2025-08-28T13:49:48.707+0000][1099914][info ][gc,phases   ] GC(101)   Post Evacuate Collection Set: 0.5ms
[2025-08-28T13:49:48.707+0000][1099914][info ][gc,phases   ] GC(101)   Other: 0.1ms
[2025-08-28T13:49:48.707+0000][1099914][trace][gc,age      ] GC(101) Age table with threshold 15 (max threshold 15)
[2025-08-28T13:49:48.707+0000][1099914][trace][gc,age      ] GC(101) - age   1:     568664 bytes,     568664 total
[2025-08-28T13:49:48.707+0000][1099914][trace][gc,age      ] GC(101) - age   2:      57312 bytes,     625976 total
[2025-08-28T13:49:48.707+0000][1099914][trace][gc,age      ] GC(101) - age   4:     107088 bytes,     733064 total
[2025-08-28T13:49:48.707+0000][1099914][trace][gc,age      ] GC(101) - age   5:      13176 bytes,     746240 total
[2025-08-28T13:49:48.707+0000][1099914][trace][gc,age      ] GC(101) - age   6:         32 bytes,     746272 total
[2025-08-28T13:49:48.707+0000][1099914][trace][gc,age      ] GC(101) - age   7:       2840 bytes,     749112 total
[2025-08-28T13:49:48.707+0000][1099914][trace][gc,age      ] GC(101) - age   9:        224 bytes,     749336 total
[2025-08-28T13:49:48.707+0000][1099914][trace][gc,age      ] GC(101) - age  13:         88 bytes,     749424 total
[2025-08-28T13:49:48.707+0000][1099914][trace][gc,age      ] GC(101) - age  14:        336 bytes,     749760 total
[2025-08-28T13:49:48.707+0000][1099914][info ][gc,heap     ] GC(101) Eden regions: 75->0(75)
[2025-08-28T13:49:48.707+0000][1099914][info ][gc,heap     ] GC(101) Survivor regions: 1->1(10)
[2025-08-28T13:49:48.707+0000][1099914][info ][gc,heap     ] GC(101) Old regions: 24->24
[2025-08-28T13:49:48.707+0000][1099914][info ][gc,heap     ] GC(101) Humongous regions: 0->0
[2025-08-28T13:49:48.707+0000][1099914][info ][gc,metaspace] GC(101) Metaspace: 136623K(140416K)->136623K(140416K) NonClass: 118095K(120064K)->118095K(120064K) Class: 18528K(20352K)->18528K(20352K)
[2025-08-28T13:49:48.707+0000][1099914][info ][gc          ] GC(101) Pause Young (Normal) (G1 Evacuation Pause) 396M->96M(512M) 2.072ms
[2025-08-28T13:49:48.707+0000][1099914][info ][gc,cpu      ] GC(101) User=0.01s Sys=0.00s Real=0.00s
[2025-08-28T13:49:48.707+0000][1099914][info ][safepoint   ] Safepoint "G1CollectForAllocation", Time since last: 2494034609 ns, Reaching safepoint: 44597 ns, Cleanup: 4897 ns, At safepoint: 2203382 ns, Total: 2252876 ns
[2025-08-28T13:49:51.707+0000][1099914][info ][safepoint   ] Safepoint "Cleanup", Time since last: 3000214426 ns, Reaching safepoint: 17697 ns, Cleanup: 17316 ns, At safepoint: 3275 ns, Total: 38288 ns
[2025-08-28T13:49:52.580+0000][1099914][info ][gc,start    ] GC(102) Pause Young (Normal) (G1 Evacuation Pause)
[2025-08-28T13:49:52.580+0000][1099914][info ][gc,task     ] GC(102) Using 12 workers of 33 for evacuation
[2025-08-28T13:49:52.580+0000][1099914][debug][gc,age      ] GC(102) Desired survivor size 20971520 bytes, new threshold 15 (max threshold 15)
[2025-08-28T13:49:52.581+0000][1099914][info ][gc,phases   ] GC(102)   Pre Evacuate Collection Set: 0.2ms
[2025-08-28T13:49:52.581+0000][1099914][info ][gc,phases   ] GC(102)   Merge Heap Roots: 0.1ms
[2025-08-28T13:49:52.582+0000][1099914][info ][gc,phases   ] GC(102)   Evacuate Collection Set: 1.0ms
[2025-08-28T13:49:52.582+0000][1099914][info ][gc,phases   ] GC(102)   Post Evacuate Collection Set: 0.4ms
[2025-08-28T13:49:52.582+0000][1099914][info ][gc,phases   ] GC(102)   Other: 0.1ms
[2025-08-28T13:49:52.582+0000][1099914][trace][gc,age      ] GC(102) Age table with threshold 15 (max threshold 15)
[2025-08-28T13:49:52.582+0000][1099914][trace][gc,age      ] GC(102) - age   1:     554056 bytes,     554056 total
[2025-08-28T13:49:52.582+0000][1099914][trace][gc,age      ] GC(102) - age   2:      29648 bytes,     583704 total
[2025-08-28T13:49:52.582+0000][1099914][trace][gc,age      ] GC(102) - age   3:      57312 bytes,     641016 total
[2025-08-28T13:49:52.582+0000][1099914][trace][gc,age      ] GC(102) - age   5:     107088 bytes,     748104 total
[2025-08-28T13:49:52.582+0000][1099914][trace][gc,age      ] GC(102) - age   6:      13176 bytes,     761280 total
[2025-08-28T13:49:52.582+0000][1099914][trace][gc,age      ] GC(102) - age   8:       2840 bytes,     764120 total
[2025-08-28T13:49:52.582+0000][1099914][trace][gc,age      ] GC(102) - age  10:        224 bytes,     764344 total
[2025-08-28T13:49:52.582+0000][1099914][trace][gc,age      ] GC(102) - age  14:         88 bytes,     764432 total
[2025-08-28T13:49:52.582+0000][1099914][trace][gc,age      ] GC(102) - age  15:        336 bytes,     764768 total
[2025-08-28T13:49:52.582+0000][1099914][info ][gc,heap     ] GC(102) Eden regions: 75->0(75)
[2025-08-28T13:49:52.582+0000][1099914][info ][gc,heap     ] GC(102) Survivor regions: 1->1(10)
[2025-08-28T13:49:52.582+0000][1099914][info ][gc,heap     ] GC(102) Old regions: 24->24
[2025-08-28T13:49:52.582+0000][1099914][info ][gc,heap     ] GC(102) Humongous regions: 0->0
[2025-08-28T13:49:52.582+0000][1099914][info ][gc,metaspace] GC(102) Metaspace: 136623K(140416K)->136623K(140416K) NonClass: 118095K(120064K)->118095K(120064K) Class: 18528K(20352K)->18528K(20352K)
[2025-08-28T13:49:52.582+0000][1099914][info ][gc          ] GC(102) Pause Young (Normal) (G1 Evacuation Pause) 396M->96M(512M) 1.830ms
[2025-08-28T13:49:52.582+0000][1099914][info ][gc,cpu      ] GC(102) User=0.00s Sys=0.00s Real=0.01s
[2025-08-28T13:49:52.582+0000][1099914][info ][safepoint   ] Safepoint "G1CollectForAllocation", Time since last: 872192290 ns, Reaching safepoint: 55954 ns, Cleanup: 5909 ns, At safepoint: 1930452 ns, Total: 1992315 ns
[2025-08-28T13:49:55.582+0000][1099914][info ][safepoint   ] Safepoint "Cleanup", Time since last: 3000271502 ns, Reaching safepoint: 62604 ns, Cleanup: 11998 ns, At safepoint: 2704 ns, Total: 77306 ns
[2025-08-28T13:49:56.325+0000][1099914][info ][gc,start    ] GC(103) Pause Young (Normal) (G1 Evacuation Pause)
[2025-08-28T13:49:56.325+0000][1099914][info ][gc,task     ] GC(103) Using 12 workers of 33 for evacuation
[2025-08-28T13:49:56.325+0000][1099914][debug][gc,age      ] GC(103) Desired survivor size 20971520 bytes, new threshold 15 (max threshold 15)
[2025-08-28T13:49:56.329+0000][1099914][info ][gc,phases   ] GC(103)   Pre Evacuate Collection Set: 0.3ms
[2025-08-28T13:49:56.329+0000][1099914][info ][gc,phases   ] GC(103)   Merge Heap Roots: 0.1ms
[2025-08-28T13:49:56.329+0000][1099914][info ][gc,phases   ] GC(103)   Evacuate Collection Set: 3.1ms
[2025-08-28T13:49:56.329+0000][1099914][info ][gc,phases   ] GC(103)   Post Evacuate Collection Set: 0.5ms
[2025-08-28T13:49:56.329+0000][1099914][info ][gc,phases   ] GC(103)   Other: 0.1ms
[2025-08-28T13:49:56.329+0000][1099914][trace][gc,age      ] GC(103) Age table with threshold 15 (max threshold 15)
[2025-08-28T13:49:56.329+0000][1099914][trace][gc,age      ] GC(103) - age   1:     543784 bytes,     543784 total
[2025-08-28T13:49:56.329+0000][1099914][trace][gc,age      ] GC(103) - age   2:         32 bytes,     543816 total
[2025-08-28T13:49:56.329+0000][1099914][trace][gc,age      ] GC(103) - age   3:      28048 bytes,     571864 total
[2025-08-28T13:49:56.329+0000][1099914][trace][gc,age      ] GC(103) - age   4:      57136 bytes,     629000 total
[2025-08-28T13:49:56.329+0000][1099914][trace][gc,age      ] GC(103) - age   6:     107088 bytes,     736088 total
[2025-08-28T13:49:56.329+0000][1099914][trace][gc,age      ] GC(103) - age   7:      13176 bytes,     749264 total
[2025-08-28T13:49:56.329+0000][1099914][trace][gc,age      ] GC(103) - age   9:       1376 bytes,     750640 total
[2025-08-28T13:49:56.329+0000][1099914][trace][gc,age      ] GC(103) - age  11:        224 bytes,     750864 total
[2025-08-28T13:49:56.329+0000][1099914][trace][gc,age      ] GC(103) - age  15:         88 bytes,     750952 total
[2025-08-28T13:49:56.329+0000][1099914][info ][gc,heap     ] GC(103) Eden regions: 75->0(75)
[2025-08-28T13:49:56.329+0000][1099914][info ][gc,heap     ] GC(103) Survivor regions: 1->1(10)
[2025-08-28T13:49:56.329+0000][1099914][info ][gc,heap     ] GC(103) Old regions: 24->24
[2025-08-28T13:49:56.329+0000][1099914][info ][gc,heap     ] GC(103) Humongous regions: 0->0
[2025-08-28T13:49:56.329+0000][1099914][info ][gc,metaspace] GC(103) Metaspace: 136624K(140416K)->136624K(140416K) NonClass: 118095K(120064K)->118095K(120064K) Class: 18528K(20352K)->18528K(20352K)
[2025-08-28T13:49:56.329+0000][1099914][info ][gc          ] GC(103) Pause Young (Normal) (G1 Evacuation Pause) 396M->96M(512M) 4.249ms
[2025-08-28T13:49:56.329+0000][1099914][info ][gc,cpu      ] GC(103) User=0.01s Sys=0.00s Real=0.00s
[2025-08-28T13:49:56.329+0000][1099914][info ][safepoint   ] Safepoint "G1CollectForAllocation", Time since last: 742486971 ns, Reaching safepoint: 10325 ns, Cleanup: 3756 ns, At safepoint: 4319673 ns, Total: 4333754 ns
[2025-08-28T13:50:00.104+0000][1099914][info ][gc,start    ] GC(104) Pause Young (Normal) (G1 Evacuation Pause)
[2025-08-28T13:50:00.104+0000][1099914][info ][gc,task     ] GC(104) Using 12 workers of 33 for evacuation
[2025-08-28T13:50:00.104+0000][1099914][debug][gc,age      ] GC(104) Desired survivor size 20971520 bytes, new threshold 15 (max threshold 15)
[2025-08-28T13:50:00.106+0000][1099914][info ][gc,phases   ] GC(104)   Pre Evacuate Collection Set: 0.1ms
[2025-08-28T13:50:00.106+0000][1099914][info ][gc,phases   ] GC(104)   Merge Heap Roots: 0.0ms
[2025-08-28T13:50:00.106+0000][1099914][info ][gc,phases   ] GC(104)   Evacuate Collection Set: 1.3ms
[2025-08-28T13:50:00.106+0000][1099914][info ][gc,phases   ] GC(104)   Post Evacuate Collection Set: 0.5ms
[2025-08-28T13:50:00.106+0000][1099914][info ][gc,phases   ] GC(104)   Other: 0.1ms
[2025-08-28T13:50:00.106+0000][1099914][trace][gc,age      ] GC(104) Age table with threshold 15 (max threshold 15)
[2025-08-28T13:50:00.106+0000][1099914][trace][gc,age      ] GC(104) - age   1:     540136 bytes,     540136 total
[2025-08-28T13:50:00.106+0000][1099914][trace][gc,age      ] GC(104) - age   2:       3912 bytes,     544048 total
[2025-08-28T13:50:00.106+0000][1099914][trace][gc,age      ] GC(104) - age   3:         32 bytes,     544080 total
[2025-08-28T13:50:00.106+0000][1099914][trace][gc,age      ] GC(104) - age   4:      28048 bytes,     572128 total
[2025-08-28T13:50:00.106+0000][1099914][trace][gc,age      ] GC(104) - age   5:      57136 bytes,     629264 total
[2025-08-28T13:50:00.106+0000][1099914][trace][gc,age      ] GC(104) - age   7:     107088 bytes,     736352 total
[2025-08-28T13:50:00.106+0000][1099914][trace][gc,age      ] GC(104) - age   8:      12952 bytes,     749304 total
[2025-08-28T13:50:00.106+0000][1099914][trace][gc,age      ] GC(104) - age  10:       1376 bytes,     750680 total
[2025-08-28T13:50:00.106+0000][1099914][trace][gc,age      ] GC(104) - age  12:        224 bytes,     750904 total
[2025-08-28T13:50:00.106+0000][1099914][info ][gc,heap     ] GC(104) Eden regions: 75->0(75)
[2025-08-28T13:50:00.106+0000][1099914][info ][gc,heap     ] GC(104) Survivor regions: 1->1(10)
[2025-08-28T13:50:00.106+0000][1099914][info ][gc,heap     ] GC(104) Old regions: 24->24
[2025-08-28T13:50:00.106+0000][1099914][info ][gc,heap     ] GC(104) Humongous regions: 0->0
[2025-08-28T13:50:00.106+0000][1099914][info ][gc,metaspace] GC(104) Metaspace: 136624K(140416K)->136624K(140416K) NonClass: 118095K(120064K)->118095K(120064K) Class: 18528K(20352K)->18528K(20352K)
[2025-08-28T13:50:00.106+0000][1099914][info ][gc          ] GC(104) Pause Young (Normal) (G1 Evacuation Pause) 396M->96M(512M) 2.230ms
[2025-08-28T13:50:00.106+0000][1099914][info ][gc,cpu      ] GC(104) User=0.01s Sys=0.00s Real=0.00s
[2025-08-28T13:50:00.106+0000][1099914][info ][safepoint   ] Safepoint "G1CollectForAllocation", Time since last: 3774891659 ns, Reaching safepoint: 11347 ns, Cleanup: 3675 ns, At safepoint: 2301218 ns, Total: 2316240 ns
[2025-08-28T13:50:03.865+0000][1099914][info ][gc,start    ] GC(105) Pause Young (Normal) (G1 Evacuation Pause)
[2025-08-28T13:50:03.865+0000][1099914][info ][gc,task     ] GC(105) Using 12 workers of 33 for evacuation
[2025-08-28T13:50:03.865+0000][1099914][debug][gc,age      ] GC(105) Desired survivor size 20971520 bytes, new threshold 15 (max threshold 15)
[2025-08-28T13:50:03.866+0000][1099914][info ][gc,phases   ] GC(105)   Pre Evacuate Collection Set: 0.1ms
[2025-08-28T13:50:03.866+0000][1099914][info ][gc,phases   ] GC(105)   Merge Heap Roots: 0.0ms
[2025-08-28T13:50:03.866+0000][1099914][info ][gc,phases   ] GC(105)   Evacuate Collection Set: 1.1ms
[2025-08-28T13:50:03.866+0000][1099914][info ][gc,phases   ] GC(105)   Post Evacuate Collection Set: 0.4ms
[2025-08-28T13:50:03.866+0000][1099914][info ][gc,phases   ] GC(105)   Other: 0.0ms
[2025-08-28T13:50:03.866+0000][1099914][trace][gc,age      ] GC(105) Age table with threshold 15 (max threshold 15)
[2025-08-28T13:50:03.866+0000][1099914][trace][gc,age      ] GC(105) - age   1:     539872 bytes,     539872 total
[2025-08-28T13:50:03.866+0000][1099914][trace][gc,age      ] GC(105) - age   2:        224 bytes,     540096 total
[2025-08-28T13:50:03.866+0000][1099914][trace][gc,age      ] GC(105) - age   3:       3912 bytes,     544008 total
[2025-08-28T13:50:03.866+0000][1099914][trace][gc,age      ] GC(105) - age   4:         32 bytes,     544040 total
[2025-08-28T13:50:03.867+0000][1099914][trace][gc,age      ] GC(105) - age   5:      28048 bytes,     572088 total
[2025-08-28T13:50:03.867+0000][1099914][trace][gc,age      ] GC(105) - age   6:      57136 bytes,     629224 total
[2025-08-28T13:50:03.867+0000][1099914][trace][gc,age      ] GC(105) - age   8:     107088 bytes,     736312 total
[2025-08-28T13:50:03.867+0000][1099914][trace][gc,age      ] GC(105) - age   9:      12952 bytes,     749264 total
[2025-08-28T13:50:03.867+0000][1099914][trace][gc,age      ] GC(105) - age  11:       1376 bytes,     750640 total
[2025-08-28T13:50:03.867+0000][1099914][trace][gc,age      ] GC(105) - age  13:        224 bytes,     750864 total
[2025-08-28T13:50:03.867+0000][1099914][info ][gc,heap     ] GC(105) Eden regions: 75->0(75)
[2025-08-28T13:50:03.867+0000][1099914][info ][gc,heap     ] GC(105) Survivor regions: 1->1(10)
[2025-08-28T13:50:03.867+0000][1099914][info ][gc,heap     ] GC(105) Old regions: 24->24
[2025-08-28T13:50:03.867+0000][1099914][info ][gc,heap     ] GC(105) Humongous regions: 0->0
[2025-08-28T13:50:03.867+0000][1099914][info ][gc,metaspace] GC(105) Metaspace: 136624K(140416K)->136624K(140416K) NonClass: 118095K(120064K)->118095K(120064K) Class: 18528K(20352K)->18528K(20352K)
[2025-08-28T13:50:03.867+0000][1099914][info ][gc          ] GC(105) Pause Young (Normal) (G1 Evacuation Pause) 396M->96M(512M) 1.832ms
[2025-08-28T13:50:03.867+0000][1099914][info ][gc,cpu      ] GC(105) User=0.01s Sys=0.00s Real=0.00s
[2025-08-28T13:50:03.867+0000][1099914][info ][safepoint   ] Safepoint "G1CollectForAllocation", Time since last: 3758623482 ns, Reaching safepoint: 37206 ns, Cleanup: 3656 ns, At safepoint: 1894436 ns, Total: 1935298 ns
[2025-08-28T13:50:07.940+0000][1099914][info ][gc,start    ] GC(106) Pause Young (Normal) (G1 Evacuation Pause)
[2025-08-28T13:50:07.940+0000][1099914][info ][gc,task     ] GC(106) Using 12 workers of 33 for evacuation
[2025-08-28T13:50:07.940+0000][1099914][debug][gc,age      ] GC(106) Desired survivor size 20971520 bytes, new threshold 15 (max threshold 15)
[2025-08-28T13:50:07.941+0000][1099914][info ][gc,phases   ] GC(106)   Pre Evacuate Collection Set: 0.1ms
[2025-08-28T13:50:07.941+0000][1099914][info ][gc,phases   ] GC(106)   Merge Heap Roots: 0.1ms
[2025-08-28T13:50:07.941+0000][1099914][info ][gc,phases   ] GC(106)   Evacuate Collection Set: 1.1ms
[2025-08-28T13:50:07.941+0000][1099914][info ][gc,phases   ] GC(106)   Post Evacuate Collection Set: 0.4ms
[2025-08-28T13:50:07.941+0000][1099914][info ][gc,phases   ] GC(106)   Other: 0.1ms
[2025-08-28T13:50:07.941+0000][1099914][trace][gc,age      ] GC(106) Age table with threshold 15 (max threshold 15)
[2025-08-28T13:50:07.941+0000][1099914][trace][gc,age      ] GC(106) - age   1:     539416 bytes,     539416 total
[2025-08-28T13:50:07.941+0000][1099914][trace][gc,age      ] GC(106) - age   2:        648 bytes,     540064 total
[2025-08-28T13:50:07.941+0000][1099914][trace][gc,age      ] GC(106) - age   3:        224 bytes,     540288 total
[2025-08-28T13:50:07.941+0000][1099914][trace][gc,age      ] GC(106) - age   4:       3672 bytes,     543960 total
[2025-08-28T13:50:07.941+0000][1099914][trace][gc,age      ] GC(106) - age   5:         32 bytes,     543992 total
[2025-08-28T13:50:07.941+0000][1099914][trace][gc,age      ] GC(106) - age   6:      28048 bytes,     572040 total
[2025-08-28T13:50:07.941+0000][1099914][trace][gc,age      ] GC(106) - age   7:      57136 bytes,     629176 total
[2025-08-28T13:50:07.941+0000][1099914][trace][gc,age      ] GC(106) - age   9:     107088 bytes,     736264 total
[2025-08-28T13:50:07.941+0000][1099914][trace][gc,age      ] GC(106) - age  10:      12952 bytes,     749216 total
[2025-08-28T13:50:07.941+0000][1099914][trace][gc,age      ] GC(106) - age  12:       1376 bytes,     750592 total
[2025-08-28T13:50:07.941+0000][1099914][trace][gc,age      ] GC(106) - age  14:        224 bytes,     750816 total
[2025-08-28T13:50:07.941+0000][1099914][info ][gc,heap     ] GC(106) Eden regions: 75->0(75)
[2025-08-28T13:50:07.941+0000][1099914][info ][gc,heap     ] GC(106) Survivor regions: 1->1(10)
[2025-08-28T13:50:07.941+0000][1099914][info ][gc,heap     ] GC(106) Old regions: 24->24
[2025-08-28T13:50:07.941+0000][1099914][info ][gc,heap     ] GC(106) Humongous regions: 0->0
[2025-08-28T13:50:07.941+0000][1099914][info ][gc,metaspace] GC(106) Metaspace: 136624K(140416K)->136624K(140416K) NonClass: 118096K(120064K)->118096K(120064K) Class: 18528K(20352K)->18528K(20352K)
[2025-08-28T13:50:07.941+0000][1099914][info ][gc          ] GC(106) Pause Young (Normal) (G1 Evacuation Pause) 396M->96M(512M) 1.852ms
[2025-08-28T13:50:07.942+0000][1099914][info ][gc,cpu      ] GC(106) User=0.01s Sys=0.00s Real=0.01s
[2025-08-28T13:50:07.942+0000][1099914][info ][safepoint   ] Safepoint "G1CollectForAllocation", Time since last: 4072984331 ns, Reaching safepoint: 44617 ns, Cleanup: 3946 ns, At safepoint: 1916360 ns, Total: 1964923 ns
[2025-08-28T13:50:12.875+0000][1099914][info ][gc,start    ] GC(107) Pause Young (Normal) (G1 Evacuation Pause)
[2025-08-28T13:50:12.875+0000][1099914][info ][gc,task     ] GC(107) Using 12 workers of 33 for evacuation
[2025-08-28T13:50:12.875+0000][1099914][debug][gc,age      ] GC(107) Desired survivor size 20971520 bytes, new threshold 15 (max threshold 15)
[2025-08-28T13:50:12.877+0000][1099914][info ][gc,phases   ] GC(107)   Pre Evacuate Collection Set: 0.1ms
[2025-08-28T13:50:12.877+0000][1099914][info ][gc,phases   ] GC(107)   Merge Heap Roots: 0.1ms
[2025-08-28T13:50:12.877+0000][1099914][info ][gc,phases   ] GC(107)   Evacuate Collection Set: 1.0ms
[2025-08-28T13:50:12.877+0000][1099914][info ][gc,phases   ] GC(107)   Post Evacuate Collection Set: 0.4ms
[2025-08-28T13:50:12.877+0000][1099914][info ][gc,phases   ] GC(107)   Other: 0.0ms
[2025-08-28T13:50:12.877+0000][1099914][trace][gc,age      ] GC(107) Age table with threshold 15 (max threshold 15)
[2025-08-28T13:50:12.877+0000][1099914][trace][gc,age      ] GC(107) - age   1:     550368 bytes,     550368 total
[2025-08-28T13:50:12.877+0000][1099914][trace][gc,age      ] GC(107) - age   2:        304 bytes,     550672 total
[2025-08-28T13:50:12.877+0000][1099914][trace][gc,age      ] GC(107) - age   4:        224 bytes,     550896 total
[2025-08-28T13:50:12.877+0000][1099914][trace][gc,age      ] GC(107) - age   5:       3672 bytes,     554568 total
[2025-08-28T13:50:12.877+0000][1099914][trace][gc,age      ] GC(107) - age   6:         32 bytes,     554600 total
[2025-08-28T13:50:12.877+0000][1099914][trace][gc,age      ] GC(107) - age   7:      28048 bytes,     582648 total
[2025-08-28T13:50:12.877+0000][1099914][trace][gc,age      ] GC(107) - age   8:      57136 bytes,     639784 total
[2025-08-28T13:50:12.877+0000][1099914][trace][gc,age      ] GC(107) - age  10:     107088 bytes,     746872 total
[2025-08-28T13:50:12.877+0000][1099914][trace][gc,age      ] GC(107) - age  11:       3048 bytes,     749920 total
[2025-08-28T13:50:12.877+0000][1099914][trace][gc,age      ] GC(107) - age  13:       1376 bytes,     751296 total
[2025-08-28T13:50:12.877+0000][1099914][trace][gc,age      ] GC(107) - age  15:        224 bytes,     751520 total
[2025-08-28T13:50:12.877+0000][1099914][info ][gc,heap     ] GC(107) Eden regions: 75->0(75)
[2025-08-28T13:50:12.877+0000][1099914][info ][gc,heap     ] GC(107) Survivor regions: 1->1(10)
[2025-08-28T13:50:12.877+0000][1099914][info ][gc,heap     ] GC(107) Old regions: 24->24
[2025-08-28T13:50:12.877+0000][1099914][info ][gc,heap     ] GC(107) Humongous regions: 0->0
[2025-08-28T13:50:12.877+0000][1099914][info ][gc,metaspace] GC(107) Metaspace: 136624K(140416K)->136624K(140416K) NonClass: 118096K(120064K)->118096K(120064K) Class: 18528K(20352K)->18528K(20352K)
[2025-08-28T13:50:12.877+0000][1099914][info ][gc          ] GC(107) Pause Young (Normal) (G1 Evacuation Pause) 396M->96M(512M) 1.806ms
[2025-08-28T13:50:12.877+0000][1099914][info ][gc,cpu      ] GC(107) User=0.01s Sys=0.00s Real=0.00s
[2025-08-28T13:50:12.877+0000][1099914][info ][safepoint   ] Safepoint "G1CollectForAllocation", Time since last: 4933272033 ns, Reaching safepoint: 42153 ns, Cleanup: 4427 ns, At safepoint: 1879334 ns, Total: 1925914 ns
[2025-08-28T13:50:16.700+0000][1099914][info ][gc,start    ] GC(108) Pause Young (Normal) (G1 Evacuation Pause)
[2025-08-28T13:50:16.700+0000][1099914][info ][gc,task     ] GC(108) Using 12 workers of 33 for evacuation
[2025-08-28T13:50:16.700+0000][1099914][debug][gc,age      ] GC(108) Desired survivor size 20971520 bytes, new threshold 15 (max threshold 15)
[2025-08-28T13:50:16.702+0000][1099914][info ][gc,phases   ] GC(108)   Pre Evacuate Collection Set: 0.1ms
[2025-08-28T13:50:16.702+0000][1099914][info ][gc,phases   ] GC(108)   Merge Heap Roots: 0.1ms
[2025-08-28T13:50:16.702+0000][1099914][info ][gc,phases   ] GC(108)   Evacuate Collection Set: 1.1ms
[2025-08-28T13:50:16.702+0000][1099914][info ][gc,phases   ] GC(108)   Post Evacuate Collection Set: 0.4ms
[2025-08-28T13:50:16.702+0000][1099914][info ][gc,phases   ] GC(108)   Other: 0.0ms
[2025-08-28T13:50:16.702+0000][1099914][trace][gc,age      ] GC(108) Age table with threshold 15 (max threshold 15)
[2025-08-28T13:50:16.702+0000][1099914][trace][gc,age      ] GC(108) - age   1:     540776 bytes,     540776 total
[2025-08-28T13:50:16.702+0000][1099914][trace][gc,age      ] GC(108) - age   2:      10712 bytes,     551488 total
[2025-08-28T13:50:16.702+0000][1099914][trace][gc,age      ] GC(108) - age   3:         64 bytes,     551552 total
[2025-08-28T13:50:16.702+0000][1099914][trace][gc,age      ] GC(108) - age   5:        224 bytes,     551776 total
[2025-08-28T13:50:16.702+0000][1099914][trace][gc,age      ] GC(108) - age   6:       3080 bytes,     554856 total
[2025-08-28T13:50:16.702+0000][1099914][trace][gc,age      ] GC(108) - age   7:         32 bytes,     554888 total
[2025-08-28T13:50:16.702+0000][1099914][trace][gc,age      ] GC(108) - age   8:      28048 bytes,     582936 total
[2025-08-28T13:50:16.702+0000][1099914][trace][gc,age      ] GC(108) - age   9:      57136 bytes,     640072 total
[2025-08-28T13:50:16.702+0000][1099914][trace][gc,age      ] GC(108) - age  11:     107088 bytes,     747160 total
[2025-08-28T13:50:16.702+0000][1099914][trace][gc,age      ] GC(108) - age  12:       2768 bytes,     749928 total
[2025-08-28T13:50:16.702+0000][1099914][trace][gc,age      ] GC(108) - age  14:       1376 bytes,     751304 total
[2025-08-28T13:50:16.702+0000][1099914][info ][gc,heap     ] GC(108) Eden regions: 75->0(75)
[2025-08-28T13:50:16.702+0000][1099914][info ][gc,heap     ] GC(108) Survivor regions: 1->1(10)
[2025-08-28T13:50:16.702+0000][1099914][info ][gc,heap     ] GC(108) Old regions: 24->24
[2025-08-28T13:50:16.702+0000][1099914][info ][gc,heap     ] GC(108) Humongous regions: 0->0
[2025-08-28T13:50:16.702+0000][1099914][info ][gc,metaspace] GC(108) Metaspace: 136624K(140416K)->136624K(140416K) NonClass: 118096K(120064K)->118096K(120064K) Class: 18528K(20352K)->18528K(20352K)
[2025-08-28T13:50:16.702+0000][1099914][info ][gc          ] GC(108) Pause Young (Normal) (G1 Evacuation Pause) 396M->96M(512M) 1.862ms
[2025-08-28T13:50:16.702+0000][1099914][info ][gc,cpu      ] GC(108) User=0.01s Sys=0.00s Real=0.01s
[2025-08-28T13:50:16.702+0000][1099914][info ][safepoint   ] Safepoint "G1CollectForAllocation", Time since last: 3823173905 ns, Reaching safepoint: 10796 ns, Cleanup: 3996 ns, At safepoint: 1925403 ns, Total: 1940195 ns
[2025-08-28T13:50:20.616+0000][1099914][info ][gc,start    ] GC(109) Pause Young (Normal) (G1 Evacuation Pause)
[2025-08-28T13:50:20.616+0000][1099914][info ][gc,task     ] GC(109) Using 12 workers of 33 for evacuation
[2025-08-28T13:50:20.616+0000][1099914][debug][gc,age      ] GC(109) Desired survivor size 20971520 bytes, new threshold 15 (max threshold 15)
[2025-08-28T13:50:20.617+0000][1099914][info ][gc,phases   ] GC(109)   Pre Evacuate Collection Set: 0.1ms
[2025-08-28T13:50:20.617+0000][1099914][info ][gc,phases   ] GC(109)   Merge Heap Roots: 0.0ms
[2025-08-28T13:50:20.617+0000][1099914][info ][gc,phases   ] GC(109)   Evacuate Collection Set: 0.8ms
[2025-08-28T13:50:20.617+0000][1099914][info ][gc,phases   ] GC(109)   Post Evacuate Collection Set: 0.4ms
[2025-08-28T13:50:20.617+0000][1099914][info ][gc,phases   ] GC(109)   Other: 0.1ms
[2025-08-28T13:50:20.617+0000][1099914][trace][gc,age      ] GC(109) Age table with threshold 15 (max threshold 15)
[2025-08-28T13:50:20.617+0000][1099914][trace][gc,age      ] GC(109) - age   1:     467448 bytes,     467448 total
[2025-08-28T13:50:20.617+0000][1099914][trace][gc,age      ] GC(109) - age   2:       1144 bytes,     468592 total
[2025-08-28T13:50:20.617+0000][1099914][trace][gc,age      ] GC(109) - age   3:      10536 bytes,     479128 total
[2025-08-28T13:50:20.617+0000][1099914][trace][gc,age      ] GC(109) - age   4:         64 bytes,     479192 total
[2025-08-28T13:50:20.617+0000][1099914][trace][gc,age      ] GC(109) - age   6:        224 bytes,     479416 total
[2025-08-28T13:50:20.617+0000][1099914][trace][gc,age      ] GC(109) - age   7:       3080 bytes,     482496 total
[2025-08-28T13:50:20.617+0000][1099914][trace][gc,age      ] GC(109) - age   8:         32 bytes,     482528 total
[2025-08-28T13:50:20.617+0000][1099914][trace][gc,age      ] GC(109) - age   9:      28048 bytes,     510576 total
[2025-08-28T13:50:20.617+0000][1099914][trace][gc,age      ] GC(109) - age  10:      57136 bytes,     567712 total
[2025-08-28T13:50:20.617+0000][1099914][trace][gc,age      ] GC(109) - age  12:     107088 bytes,     674800 total
[2025-08-28T13:50:20.617+0000][1099914][trace][gc,age      ] GC(109) - age  13:       2392 bytes,     677192 total
[2025-08-28T13:50:20.617+0000][1099914][trace][gc,age      ] GC(109) - age  15:       1376 bytes,     678568 total
[2025-08-28T13:50:20.617+0000][1099914][info ][gc,heap     ] GC(109) Eden regions: 75->0(75)
[2025-08-28T13:50:20.617+0000][1099914][info ][gc,heap     ] GC(109) Survivor regions: 1->1(10)
[2025-08-28T13:50:20.617+0000][1099914][info ][gc,heap     ] GC(109) Old regions: 24->24
[2025-08-28T13:50:20.617+0000][1099914][info ][gc,heap     ] GC(109) Humongous regions: 0->0
[2025-08-28T13:50:20.617+0000][1099914][info ][gc,metaspace] GC(109) Metaspace: 136624K(140416K)->136624K(140416K) NonClass: 118096K(120064K)->118096K(120064K) Class: 18528K(20352K)->18528K(20352K)
[2025-08-28T13:50:20.617+0000][1099914][info ][gc          ] GC(109) Pause Young (Normal) (G1 Evacuation Pause) 396M->96M(512M) 1.587ms
[2025-08-28T13:50:20.617+0000][1099914][info ][gc,cpu      ] GC(109) User=0.01s Sys=0.00s Real=0.00s
[2025-08-28T13:50:20.617+0000][1099914][info ][safepoint   ] Safepoint "G1CollectForAllocation", Time since last: 3913895230 ns, Reaching safepoint: 43194 ns, Cleanup: 3936 ns, At safepoint: 1654346 ns, Total: 1701476 ns
[2025-08-28T13:50:24.641+0000][1099914][info ][gc,start    ] GC(110) Pause Young (Normal) (G1 Evacuation Pause)
[2025-08-28T13:50:24.641+0000][1099914][info ][gc,task     ] GC(110) Using 12 workers of 33 for evacuation
[2025-08-28T13:50:24.641+0000][1099914][debug][gc,age      ] GC(110) Desired survivor size 20971520 bytes, new threshold 15 (max threshold 15)
[2025-08-28T13:50:24.643+0000][1099914][info ][gc,phases   ] GC(110)   Pre Evacuate Collection Set: 0.1ms
[2025-08-28T13:50:24.643+0000][1099914][info ][gc,phases   ] GC(110)   Merge Heap Roots: 0.0ms
[2025-08-28T13:50:24.643+0000][1099914][info ][gc,phases   ] GC(110)   Evacuate Collection Set: 1.2ms
[2025-08-28T13:50:24.643+0000][1099914][info ][gc,phases   ] GC(110)   Post Evacuate Collection Set: 0.4ms
[2025-08-28T13:50:24.643+0000][1099914][info ][gc,phases   ] GC(110)   Other: 0.1ms
[2025-08-28T13:50:24.643+0000][1099914][trace][gc,age      ] GC(110) Age table with threshold 15 (max threshold 15)
[2025-08-28T13:50:24.643+0000][1099914][trace][gc,age      ] GC(110) - age   1:     540880 bytes,     540880 total
[2025-08-28T13:50:24.643+0000][1099914][trace][gc,age      ] GC(110) - age   2:        112 bytes,     540992 total
[2025-08-28T13:50:24.643+0000][1099914][trace][gc,age      ] GC(110) - age   3:       1144 bytes,     542136 total
[2025-08-28T13:50:24.643+0000][1099914][trace][gc,age      ] GC(110) - age   4:      10536 bytes,     552672 total
[2025-08-28T13:50:24.643+0000][1099914][trace][gc,age      ] GC(110) - age   5:         64 bytes,     552736 total
[2025-08-28T13:50:24.643+0000][1099914][trace][gc,age      ] GC(110) - age   8:       2904 bytes,     555640 total
[2025-08-28T13:50:24.643+0000][1099914][trace][gc,age      ] GC(110) - age   9:         32 bytes,     555672 total
[2025-08-28T13:50:24.643+0000][1099914][trace][gc,age      ] GC(110) - age  10:      28048 bytes,     583720 total
[2025-08-28T13:50:24.643+0000][1099914][trace][gc,age      ] GC(110) - age  11:      57136 bytes,     640856 total
[2025-08-28T13:50:24.643+0000][1099914][trace][gc,age      ] GC(110) - age  13:     107088 bytes,     747944 total
[2025-08-28T13:50:24.643+0000][1099914][trace][gc,age      ] GC(110) - age  14:       2392 bytes,     750336 total
[2025-08-28T13:50:24.643+0000][1099914][info ][gc,heap     ] GC(110) Eden regions: 75->0(75)
[2025-08-28T13:50:24.643+0000][1099914][info ][gc,heap     ] GC(110) Survivor regions: 1->1(10)
[2025-08-28T13:50:24.643+0000][1099914][info ][gc,heap     ] GC(110) Old regions: 24->24
[2025-08-28T13:50:24.643+0000][1099914][info ][gc,heap     ] GC(110) Humongous regions: 0->0
[2025-08-28T13:50:24.643+0000][1099914][info ][gc,metaspace] GC(110) Metaspace: 136624K(140416K)->136624K(140416K) NonClass: 118096K(120064K)->118096K(120064K) Class: 18528K(20352K)->18528K(20352K)
[2025-08-28T13:50:24.643+0000][1099914][info ][gc          ] GC(110) Pause Young (Normal) (G1 Evacuation Pause) 396M->96M(512M) 1.943ms
[2025-08-28T13:50:24.643+0000][1099914][info ][gc,cpu      ] GC(110) User=0.01s Sys=0.00s Real=0.00s
[2025-08-28T13:50:24.643+0000][1099914][info ][safepoint   ] Safepoint "G1CollectForAllocation", Time since last: 4023649739 ns, Reaching safepoint: 10716 ns, Cleanup: 3726 ns, At safepoint: 2013735 ns, Total: 2028177 ns
[2025-08-28T13:50:25.643+0000][1099914][info ][safepoint   ] Safepoint "Cleanup", Time since last: 1000078480 ns, Reaching safepoint: 10846 ns, Cleanup: 16956 ns, At safepoint: 2994 ns, Total: 30796 ns
[2025-08-28T13:50:28.512+0000][1099914][info ][gc,start    ] GC(111) Pause Young (Normal) (G1 Evacuation Pause)
[2025-08-28T13:50:28.512+0000][1099914][info ][gc,task     ] GC(111) Using 12 workers of 33 for evacuation
[2025-08-28T13:50:28.512+0000][1099914][debug][gc,age      ] GC(111) Desired survivor size 20971520 bytes, new threshold 15 (max threshold 15)
[2025-08-28T13:50:28.514+0000][1099914][info ][gc,phases   ] GC(111)   Pre Evacuate Collection Set: 0.1ms
[2025-08-28T13:50:28.514+0000][1099914][info ][gc,phases   ] GC(111)   Merge Heap Roots: 0.1ms
[2025-08-28T13:50:28.514+0000][1099914][info ][gc,phases   ] GC(111)   Evacuate Collection Set: 1.1ms
[2025-08-28T13:50:28.514+0000][1099914][info ][gc,phases   ] GC(111)   Post Evacuate Collection Set: 0.4ms
[2025-08-28T13:50:28.514+0000][1099914][info ][gc,phases   ] GC(111)   Other: 0.1ms
[2025-08-28T13:50:28.514+0000][1099914][trace][gc,age      ] GC(111) Age table with threshold 15 (max threshold 15)
[2025-08-28T13:50:28.514+0000][1099914][trace][gc,age      ] GC(111) - age   1:     542624 bytes,     542624 total
[2025-08-28T13:50:28.514+0000][1099914][trace][gc,age      ] GC(111) - age   2:       1312 bytes,     543936 total
[2025-08-28T13:50:28.514+0000][1099914][trace][gc,age      ] GC(111) - age   4:        312 bytes,     544248 total
[2025-08-28T13:50:28.514+0000][1099914][trace][gc,age      ] GC(111) - age   5:      10536 bytes,     554784 total
[2025-08-28T13:50:28.514+0000][1099914][trace][gc,age      ] GC(111) - age   6:         64 bytes,     554848 total
[2025-08-28T13:50:28.514+0000][1099914][trace][gc,age      ] GC(111) - age   9:       1528 bytes,     556376 total
[2025-08-28T13:50:28.514+0000][1099914][trace][gc,age      ] GC(111) - age  10:         32 bytes,     556408 total
[2025-08-28T13:50:28.514+0000][1099914][trace][gc,age      ] GC(111) - age  11:      28048 bytes,     584456 total
[2025-08-28T13:50:28.514+0000][1099914][trace][gc,age      ] GC(111) - age  12:      57136 bytes,     641592 total
[2025-08-28T13:50:28.514+0000][1099914][trace][gc,age      ] GC(111) - age  14:     107088 bytes,     748680 total
[2025-08-28T13:50:28.514+0000][1099914][trace][gc,age      ] GC(111) - age  15:       2392 bytes,     751072 total
[2025-08-28T13:50:28.514+0000][1099914][info ][gc,heap     ] GC(111) Eden regions: 75->0(75)
[2025-08-28T13:50:28.514+0000][1099914][info ][gc,heap     ] GC(111) Survivor regions: 1->1(10)
[2025-08-28T13:50:28.514+0000][1099914][info ][gc,heap     ] GC(111) Old regions: 24->24
[2025-08-28T13:50:28.514+0000][1099914][info ][gc,heap     ] GC(111) Humongous regions: 0->0
[2025-08-28T13:50:28.514+0000][1099914][info ][gc,metaspace] GC(111) Metaspace: 136624K(140416K)->136624K(140416K) NonClass: 118096K(120064K)->118096K(120064K) Class: 18528K(20352K)->18528K(20352K)
[2025-08-28T13:50:28.514+0000][1099914][info ][gc          ] GC(111) Pause Young (Normal) (G1 Evacuation Pause) 396M->96M(512M) 1.922ms
[2025-08-28T13:50:28.514+0000][1099914][info ][gc,cpu      ] GC(111) User=0.01s Sys=0.00s Real=0.00s
[2025-08-28T13:50:28.514+0000][1099914][info ][safepoint   ] Safepoint "G1CollectForAllocation", Time since last: 2869052714 ns, Reaching safepoint: 42514 ns, Cleanup: 4116 ns, At safepoint: 1988228 ns, Total: 2034858 ns
[2025-08-28T13:50:32.175+0000][1099914][info ][gc,start    ] GC(112) Pause Young (Normal) (G1 Evacuation Pause)
[2025-08-28T13:50:32.175+0000][1099914][info ][gc,task     ] GC(112) Using 12 workers of 33 for evacuation
[2025-08-28T13:50:32.175+0000][1099914][debug][gc,age      ] GC(112) Desired survivor size 20971520 bytes, new threshold 15 (max threshold 15)
[2025-08-28T13:50:32.176+0000][1099914][info ][gc,phases   ] GC(112)   Pre Evacuate Collection Set: 0.1ms
[2025-08-28T13:50:32.176+0000][1099914][info ][gc,phases   ] GC(112)   Merge Heap Roots: 0.1ms
[2025-08-28T13:50:32.176+0000][1099914][info ][gc,phases   ] GC(112)   Evacuate Collection Set: 1.0ms
[2025-08-28T13:50:32.176+0000][1099914][info ][gc,phases   ] GC(112)   Post Evacuate Collection Set: 0.4ms
[2025-08-28T13:50:32.176+0000][1099914][info ][gc,phases   ] GC(112)   Other: 0.0ms
[2025-08-28T13:50:32.176+0000][1099914][trace][gc,age      ] GC(112) Age table with threshold 15 (max threshold 15)
[2025-08-28T13:50:32.176+0000][1099914][trace][gc,age      ] GC(112) - age   1:     555304 bytes,     555304 total
[2025-08-28T13:50:32.176+0000][1099914][trace][gc,age      ] GC(112) - age   2:       3656 bytes,     558960 total
[2025-08-28T13:50:32.176+0000][1099914][trace][gc,age      ] GC(112) - age   3:       1312 bytes,     560272 total
[2025-08-28T13:50:32.176+0000][1099914][trace][gc,age      ] GC(112) - age   5:        312 bytes,     560584 total
[2025-08-28T13:50:32.176+0000][1099914][trace][gc,age      ] GC(112) - age   6:      10536 bytes,     571120 total
[2025-08-28T13:50:32.176+0000][1099914][trace][gc,age      ] GC(112) - age   7:         64 bytes,     571184 total
[2025-08-28T13:50:32.176+0000][1099914][trace][gc,age      ] GC(112) - age  10:       1528 bytes,     572712 total
[2025-08-28T13:50:32.176+0000][1099914][trace][gc,age      ] GC(112) - age  11:         32 bytes,     572744 total
[2025-08-28T13:50:32.176+0000][1099914][trace][gc,age      ] GC(112) - age  12:      28048 bytes,     600792 total
[2025-08-28T13:50:32.176+0000][1099914][trace][gc,age      ] GC(112) - age  13:      57136 bytes,     657928 total
[2025-08-28T13:50:32.176+0000][1099914][trace][gc,age      ] GC(112) - age  15:     107088 bytes,     765016 total
[2025-08-28T13:50:32.176+0000][1099914][info ][gc,heap     ] GC(112) Eden regions: 75->0(75)
[2025-08-28T13:50:32.176+0000][1099914][info ][gc,heap     ] GC(112) Survivor regions: 1->1(10)
[2025-08-28T13:50:32.176+0000][1099914][info ][gc,heap     ] GC(112) Old regions: 24->24
[2025-08-28T13:50:32.176+0000][1099914][info ][gc,heap     ] GC(112) Humongous regions: 0->0
[2025-08-28T13:50:32.176+0000][1099914][info ][gc,metaspace] GC(112) Metaspace: 136624K(140416K)->136624K(140416K) NonClass: 118096K(120064K)->118096K(120064K) Class: 18528K(20352K)->18528K(20352K)
[2025-08-28T13:50:32.176+0000][1099914][info ][gc          ] GC(112) Pause Young (Normal) (G1 Evacuation Pause) 396M->96M(512M) 1.724ms
[2025-08-28T13:50:32.176+0000][1099914][info ][gc,cpu      ] GC(112) User=0.00s Sys=0.01s Real=0.00s
[2025-08-28T13:50:32.176+0000][1099914][info ][safepoint   ] Safepoint "G1CollectForAllocation", Time since last: 3660226396 ns, Reaching safepoint: 11538 ns, Cleanup: 4486 ns, At safepoint: 1811142 ns, Total: 1827166 ns
[2025-08-28T13:50:36.187+0000][1099914][info ][gc,start    ] GC(113) Pause Young (Normal) (G1 Evacuation Pause)
[2025-08-28T13:50:36.187+0000][1099914][info ][gc,task     ] GC(113) Using 12 workers of 33 for evacuation
[2025-08-28T13:50:36.187+0000][1099914][debug][gc,age      ] GC(113) Desired survivor size 20971520 bytes, new threshold 15 (max threshold 15)
[2025-08-28T13:50:36.189+0000][1099914][info ][gc,phases   ] GC(113)   Pre Evacuate Collection Set: 0.2ms
[2025-08-28T13:50:36.189+0000][1099914][info ][gc,phases   ] GC(113)   Merge Heap Roots: 0.1ms
[2025-08-28T13:50:36.189+0000][1099914][info ][gc,phases   ] GC(113)   Evacuate Collection Set: 1.1ms
[2025-08-28T13:50:36.189+0000][1099914][info ][gc,phases   ] GC(113)   Post Evacuate Collection Set: 0.4ms
[2025-08-28T13:50:36.189+0000][1099914][info ][gc,phases   ] GC(113)   Other: 0.1ms
[2025-08-28T13:50:36.189+0000][1099914][trace][gc,age      ] GC(113) Age table with threshold 15 (max threshold 15)
[2025-08-28T13:50:36.189+0000][1099914][trace][gc,age      ] GC(113) - age   1:     554448 bytes,     554448 total
[2025-08-28T13:50:36.189+0000][1099914][trace][gc,age      ] GC(113) - age   3:       2704 bytes,     557152 total
[2025-08-28T13:50:36.189+0000][1099914][trace][gc,age      ] GC(113) - age   4:       1312 bytes,     558464 total
[2025-08-28T13:50:36.189+0000][1099914][trace][gc,age      ] GC(113) - age   6:        312 bytes,     558776 total
[2025-08-28T13:50:36.189+0000][1099914][trace][gc,age      ] GC(113) - age   7:      10536 bytes,     569312 total
[2025-08-28T13:50:36.189+0000][1099914][trace][gc,age      ] GC(113) - age   8:         64 bytes,     569376 total
[2025-08-28T13:50:36.189+0000][1099914][trace][gc,age      ] GC(113) - age  11:       1528 bytes,     570904 total
[2025-08-28T13:50:36.189+0000][1099914][trace][gc,age      ] GC(113) - age  12:         32 bytes,     570936 total
[2025-08-28T13:50:36.189+0000][1099914][trace][gc,age      ] GC(113) - age  13:      28048 bytes,     598984 total
[2025-08-28T13:50:36.189+0000][1099914][trace][gc,age      ] GC(113) - age  14:      57136 bytes,     656120 total
[2025-08-28T13:50:36.189+0000][1099914][info ][gc,heap     ] GC(113) Eden regions: 75->0(75)
[2025-08-28T13:50:36.189+0000][1099914][info ][gc,heap     ] GC(113) Survivor regions: 1->1(10)
[2025-08-28T13:50:36.189+0000][1099914][info ][gc,heap     ] GC(113) Old regions: 24->24
[2025-08-28T13:50:36.189+0000][1099914][info ][gc,heap     ] GC(113) Humongous regions: 0->0
[2025-08-28T13:50:36.189+0000][1099914][info ][gc,metaspace] GC(113) Metaspace: 136624K(140416K)->136624K(140416K) NonClass: 118096K(120064K)->118096K(120064K) Class: 18528K(20352K)->18528K(20352K)
[2025-08-28T13:50:36.189+0000][1099914][info ][gc          ] GC(113) Pause Young (Normal) (G1 Evacuation Pause) 396M->96M(512M) 1.898ms
[2025-08-28T13:50:36.189+0000][1099914][info ][gc,cpu      ] GC(113) User=0.00s Sys=0.00s Real=0.00s
[2025-08-28T13:50:36.189+0000][1099914][info ][safepoint   ] Safepoint "G1CollectForAllocation", Time since last: 4010744120 ns, Reaching safepoint: 41202 ns, Cleanup: 3505 ns, At safepoint: 1966254 ns, Total: 2010961 ns
[2025-08-28T13:50:40.001+0000][1099914][info ][gc,start    ] GC(114) Pause Young (Normal) (G1 Evacuation Pause)
[2025-08-28T13:50:40.001+0000][1099914][info ][gc,task     ] GC(114) Using 12 workers of 33 for evacuation
[2025-08-28T13:50:40.001+0000][1099914][debug][gc,age      ] GC(114) Desired survivor size 20971520 bytes, new threshold 15 (max threshold 15)
[2025-08-28T13:50:40.002+0000][1099914][info ][gc,phases   ] GC(114)   Pre Evacuate Collection Set: 0.1ms
[2025-08-28T13:50:40.002+0000][1099914][info ][gc,phases   ] GC(114)   Merge Heap Roots: 0.0ms
[2025-08-28T13:50:40.002+0000][1099914][info ][gc,phases   ] GC(114)   Evacuate Collection Set: 1.0ms
[2025-08-28T13:50:40.002+0000][1099914][info ][gc,phases   ] GC(114)   Post Evacuate Collection Set: 0.4ms
[2025-08-28T13:50:40.002+0000][1099914][info ][gc,phases   ] GC(114)   Other: 0.1ms
[2025-08-28T13:50:40.002+0000][1099914][trace][gc,age      ] GC(114) Age table with threshold 15 (max threshold 15)
[2025-08-28T13:50:40.002+0000][1099914][trace][gc,age      ] GC(114) - age   1:     539704 bytes,     539704 total
[2025-08-28T13:50:40.002+0000][1099914][trace][gc,age      ] GC(114) - age   2:        240 bytes,     539944 total
[2025-08-28T13:50:40.002+0000][1099914][trace][gc,age      ] GC(114) - age   4:       2704 bytes,     542648 total
[2025-08-28T13:50:40.002+0000][1099914][trace][gc,age      ] GC(114) - age   5:       1312 bytes,     543960 total
[2025-08-28T13:50:40.002+0000][1099914][trace][gc,age      ] GC(114) - age   7:        312 bytes,     544272 total
[2025-08-28T13:50:40.002+0000][1099914][trace][gc,age      ] GC(114) - age   8:      10536 bytes,     554808 total
[2025-08-28T13:50:40.002+0000][1099914][trace][gc,age      ] GC(114) - age   9:         64 bytes,     554872 total
[2025-08-28T13:50:40.002+0000][1099914][trace][gc,age      ] GC(114) - age  12:       1528 bytes,     556400 total
[2025-08-28T13:50:40.002+0000][1099914][trace][gc,age      ] GC(114) - age  13:         32 bytes,     556432 total
[2025-08-28T13:50:40.002+0000][1099914][trace][gc,age      ] GC(114) - age  14:      28048 bytes,     584480 total
[2025-08-28T13:50:40.002+0000][1099914][trace][gc,age      ] GC(114) - age  15:      57136 bytes,     641616 total
[2025-08-28T13:50:40.002+0000][1099914][info ][gc,heap     ] GC(114) Eden regions: 75->0(75)
[2025-08-28T13:50:40.002+0000][1099914][info ][gc,heap     ] GC(114) Survivor regions: 1->1(10)
[2025-08-28T13:50:40.002+0000][1099914][info ][gc,heap     ] GC(114) Old regions: 24->24
[2025-08-28T13:50:40.002+0000][1099914][info ][gc,heap     ] GC(114) Humongous regions: 0->0
[2025-08-28T13:50:40.002+0000][1099914][info ][gc,metaspace] GC(114) Metaspace: 136624K(140416K)->136624K(140416K) NonClass: 118096K(120064K)->118096K(120064K) Class: 18528K(20352K)->18528K(20352K)
[2025-08-28T13:50:40.002+0000][1099914][info ][gc          ] GC(114) Pause Young (Normal) (G1 Evacuation Pause) 396M->96M(512M) 1.792ms
[2025-08-28T13:50:40.002+0000][1099914][info ][gc,cpu      ] GC(114) User=0.01s Sys=0.00s Real=0.01s
[2025-08-28T13:50:40.002+0000][1099914][info ][safepoint   ] Safepoint "G1CollectForAllocation", Time since last: 3811335285 ns, Reaching safepoint: 39860 ns, Cleanup: 3565 ns, At safepoint: 1856569 ns, Total: 1899994 ns
[2025-08-28T13:50:44.003+0000][1099914][info ][safepoint   ] Safepoint "Cleanup", Time since last: 4000250247 ns, Reaching safepoint: 38057 ns, Cleanup: 12329 ns, At safepoint: 2844 ns, Total: 53230 ns
[2025-08-28T13:50:44.251+0000][1099914][info ][gc,start    ] GC(115) Pause Young (Normal) (G1 Evacuation Pause)
[2025-08-28T13:50:44.251+0000][1099914][info ][gc,task     ] GC(115) Using 12 workers of 33 for evacuation
[2025-08-28T13:50:44.251+0000][1099914][debug][gc,age      ] GC(115) Desired survivor size 20971520 bytes, new threshold 15 (max threshold 15)
[2025-08-28T13:50:44.253+0000][1099914][info ][gc,phases   ] GC(115)   Pre Evacuate Collection Set: 0.1ms
[2025-08-28T13:50:44.253+0000][1099914][info ][gc,phases   ] GC(115)   Merge Heap Roots: 0.1ms
[2025-08-28T13:50:44.253+0000][1099914][info ][gc,phases   ] GC(115)   Evacuate Collection Set: 1.1ms
[2025-08-28T13:50:44.253+0000][1099914][info ][gc,phases   ] GC(115)   Post Evacuate Collection Set: 0.4ms
[2025-08-28T13:50:44.253+0000][1099914][info ][gc,phases   ] GC(115)   Other: 0.0ms
[2025-08-28T13:50:44.253+0000][1099914][trace][gc,age      ] GC(115) Age table with threshold 15 (max threshold 15)
[2025-08-28T13:50:44.253+0000][1099914][trace][gc,age      ] GC(115) - age   1:     539816 bytes,     539816 total
[2025-08-28T13:50:44.253+0000][1099914][trace][gc,age      ] GC(115) - age   3:        240 bytes,     540056 total
[2025-08-28T13:50:44.253+0000][1099914][trace][gc,age      ] GC(115) - age   5:       2704 bytes,     542760 total
[2025-08-28T13:50:44.253+0000][1099914][trace][gc,age      ] GC(115) - age   6:       1312 bytes,     544072 total
[2025-08-28T13:50:44.253+0000][1099914][trace][gc,age      ] GC(115) - age   8:        312 bytes,     544384 total
[2025-08-28T13:50:44.253+0000][1099914][trace][gc,age      ] GC(115) - age   9:      10536 bytes,     554920 total
[2025-08-28T13:50:44.253+0000][1099914][trace][gc,age      ] GC(115) - age  10:         64 bytes,     554984 total
[2025-08-28T13:50:44.253+0000][1099914][trace][gc,age      ] GC(115) - age  13:       1528 bytes,     556512 total
[2025-08-28T13:50:44.253+0000][1099914][trace][gc,age      ] GC(115) - age  14:         32 bytes,     556544 total
[2025-08-28T13:50:44.253+0000][1099914][trace][gc,age      ] GC(115) - age  15:      28048 bytes,     584592 total
[2025-08-28T13:50:44.253+0000][1099914][info ][gc,heap     ] GC(115) Eden regions: 75->0(75)
[2025-08-28T13:50:44.253+0000][1099914][info ][gc,heap     ] GC(115) Survivor regions: 1->1(10)
[2025-08-28T13:50:44.253+0000][1099914][info ][gc,heap     ] GC(115) Old regions: 24->24
[2025-08-28T13:50:44.253+0000][1099914][info ][gc,heap     ] GC(115) Humongous regions: 0->0
[2025-08-28T13:50:44.253+0000][1099914][info ][gc,metaspace] GC(115) Metaspace: 136624K(140416K)->136624K(140416K) NonClass: 118096K(120064K)->118096K(120064K) Class: 18528K(20352K)->18528K(20352K)
[2025-08-28T13:50:44.253+0000][1099914][info ][gc          ] GC(115) Pause Young (Normal) (G1 Evacuation Pause) 396M->96M(512M) 1.866ms
[2025-08-28T13:50:44.253+0000][1099914][info ][gc,cpu      ] GC(115) User=0.00s Sys=0.00s Real=0.00s
[2025-08-28T13:50:44.253+0000][1099914][info ][safepoint   ] Safepoint "G1CollectForAllocation", Time since last: 248024012 ns, Reaching safepoint: 10316 ns, Cleanup: 3665 ns, At safepoint: 1928047 ns, Total: 1942028 ns
[2025-08-28T13:50:45.253+0000][1099914][info ][safepoint   ] Safepoint "Cleanup", Time since last: 1000075458 ns, Reaching safepoint: 11348 ns, Cleanup: 10846 ns, At safepoint: 2834 ns, Total: 25028 ns
[2025-08-28T13:50:48.264+0000][1099914][info ][gc,start    ] GC(116) Pause Young (Normal) (G1 Evacuation Pause)
[2025-08-28T13:50:48.264+0000][1099914][info ][gc,task     ] GC(116) Using 12 workers of 33 for evacuation
[2025-08-28T13:50:48.264+0000][1099914][debug][gc,age      ] GC(116) Desired survivor size 20971520 bytes, new threshold 15 (max threshold 15)
[2025-08-28T13:50:48.266+0000][1099914][info ][gc,phases   ] GC(116)   Pre Evacuate Collection Set: 0.1ms
[2025-08-28T13:50:48.266+0000][1099914][info ][gc,phases   ] GC(116)   Merge Heap Roots: 0.1ms
[2025-08-28T13:50:48.266+0000][1099914][info ][gc,phases   ] GC(116)   Evacuate Collection Set: 1.3ms
[2025-08-28T13:50:48.266+0000][1099914][info ][gc,phases   ] GC(116)   Post Evacuate Collection Set: 0.3ms
[2025-08-28T13:50:48.266+0000][1099914][info ][gc,phases   ] GC(116)   Other: 0.0ms
[2025-08-28T13:50:48.266+0000][1099914][trace][gc,age      ] GC(116) Age table with threshold 15 (max threshold 15)
[2025-08-28T13:50:48.266+0000][1099914][trace][gc,age      ] GC(116) - age   1:     540960 bytes,     540960 total
[2025-08-28T13:50:48.266+0000][1099914][trace][gc,age      ] GC(116) - age   6:       2112 bytes,     543072 total
[2025-08-28T13:50:48.266+0000][1099914][trace][gc,age      ] GC(116) - age   7:       1312 bytes,     544384 total
[2025-08-28T13:50:48.266+0000][1099914][trace][gc,age      ] GC(116) - age   9:        224 bytes,     544608 total
[2025-08-28T13:50:48.266+0000][1099914][trace][gc,age      ] GC(116) - age  10:      10536 bytes,     555144 total
[2025-08-28T13:50:48.266+0000][1099914][trace][gc,age      ] GC(116) - age  11:         64 bytes,     555208 total
[2025-08-28T13:50:48.266+0000][1099914][trace][gc,age      ] GC(116) - age  14:       1528 bytes,     556736 total
[2025-08-28T13:50:48.266+0000][1099914][trace][gc,age      ] GC(116) - age  15:         32 bytes,     556768 total
[2025-08-28T13:50:48.266+0000][1099914][info ][gc,heap     ] GC(116) Eden regions: 75->0(75)
[2025-08-28T13:50:48.266+0000][1099914][info ][gc,heap     ] GC(116) Survivor regions: 1->1(10)
[2025-08-28T13:50:48.266+0000][1099914][info ][gc,heap     ] GC(116) Old regions: 24->24
[2025-08-28T13:50:48.266+0000][1099914][info ][gc,heap     ] GC(116) Humongous regions: 0->0
[2025-08-28T13:50:48.266+0000][1099914][info ][gc,metaspace] GC(116) Metaspace: 136625K(140416K)->136625K(140416K) NonClass: 118096K(120064K)->118096K(120064K) Class: 18528K(20352K)->18528K(20352K)
[2025-08-28T13:50:48.266+0000][1099914][info ][gc          ] GC(116) Pause Young (Normal) (G1 Evacuation Pause) 396M->96M(512M) 1.995ms
[2025-08-28T13:50:48.266+0000][1099914][info ][gc,cpu      ] GC(116) User=0.00s Sys=0.00s Real=0.00s
[2025-08-28T13:50:48.266+0000][1099914][info ][safepoint   ] Safepoint "G1CollectForAllocation", Time since last: 3011308737 ns, Reaching safepoint: 11206 ns, Cleanup: 3586 ns, At safepoint: 2063410 ns, Total: 2078202 ns
[2025-08-28T13:50:52.313+0000][1099914][info ][gc,start    ] GC(117) Pause Young (Normal) (G1 Evacuation Pause)
[2025-08-28T13:50:52.313+0000][1099914][info ][gc,task     ] GC(117) Using 12 workers of 33 for evacuation
[2025-08-28T13:50:52.314+0000][1099914][debug][gc,age      ] GC(117) Desired survivor size 20971520 bytes, new threshold 15 (max threshold 15)
[2025-08-28T13:50:52.315+0000][1099914][info ][gc,phases   ] GC(117)   Pre Evacuate Collection Set: 0.1ms
[2025-08-28T13:50:52.315+0000][1099914][info ][gc,phases   ] GC(117)   Merge Heap Roots: 0.1ms
[2025-08-28T13:50:52.315+0000][1099914][info ][gc,phases   ] GC(117)   Evacuate Collection Set: 0.8ms
[2025-08-28T13:50:52.315+0000][1099914][info ][gc,phases   ] GC(117)   Post Evacuate Collection Set: 0.4ms
[2025-08-28T13:50:52.315+0000][1099914][info ][gc,phases   ] GC(117)   Other: 0.1ms
[2025-08-28T13:50:52.315+0000][1099914][trace][gc,age      ] GC(117) Age table with threshold 15 (max threshold 15)
[2025-08-28T13:50:52.315+0000][1099914][trace][gc,age      ] GC(117) - age   1:     383728 bytes,     383728 total
[2025-08-28T13:50:52.315+0000][1099914][trace][gc,age      ] GC(117) - age   2:       1968 bytes,     385696 total
[2025-08-28T13:50:52.315+0000][1099914][trace][gc,age      ] GC(117) - age   7:       2112 bytes,     387808 total
[2025-08-28T13:50:52.315+0000][1099914][trace][gc,age      ] GC(117) - age   8:       1088 bytes,     388896 total
[2025-08-28T13:50:52.315+0000][1099914][trace][gc,age      ] GC(117) - age  10:        224 bytes,     389120 total
[2025-08-28T13:50:52.315+0000][1099914][trace][gc,age      ] GC(117) - age  11:      10536 bytes,     399656 total
[2025-08-28T13:50:52.315+0000][1099914][trace][gc,age      ] GC(117) - age  12:         64 bytes,     399720 total
[2025-08-28T13:50:52.315+0000][1099914][trace][gc,age      ] GC(117) - age  15:       1528 bytes,     401248 total
[2025-08-28T13:50:52.315+0000][1099914][info ][gc,heap     ] GC(117) Eden regions: 75->0(75)
[2025-08-28T13:50:52.315+0000][1099914][info ][gc,heap     ] GC(117) Survivor regions: 1->1(10)
[2025-08-28T13:50:52.315+0000][1099914][info ][gc,heap     ] GC(117) Old regions: 24->24
[2025-08-28T13:50:52.315+0000][1099914][info ][gc,heap     ] GC(117) Humongous regions: 0->0
[2025-08-28T13:50:52.315+0000][1099914][info ][gc,metaspace] GC(117) Metaspace: 136625K(140416K)->136625K(140416K) NonClass: 118096K(120064K)->118096K(120064K) Class: 18528K(20352K)->18528K(20352K)
[2025-08-28T13:50:52.315+0000][1099914][info ][gc          ] GC(117) Pause Young (Normal) (G1 Evacuation Pause) 396M->96M(512M) 1.507ms
[2025-08-28T13:50:52.315+0000][1099914][info ][gc,cpu      ] GC(117) User=0.00s Sys=0.00s Real=0.00s
[2025-08-28T13:50:52.315+0000][1099914][info ][safepoint   ] Safepoint "G1CollectForAllocation", Time since last: 4047267690 ns, Reaching safepoint: 40490 ns, Cleanup: 3646 ns, At safepoint: 1569448 ns, Total: 1613584 ns
[2025-08-28T13:50:56.339+0000][1099914][info ][gc,start    ] GC(118) Pause Young (Normal) (G1 Evacuation Pause)
[2025-08-28T13:50:56.339+0000][1099914][info ][gc,task     ] GC(118) Using 12 workers of 33 for evacuation
[2025-08-28T13:50:56.339+0000][1099914][debug][gc,age      ] GC(118) Desired survivor size 20971520 bytes, new threshold 15 (max threshold 15)
[2025-08-28T13:50:56.341+0000][1099914][info ][gc,phases   ] GC(118)   Pre Evacuate Collection Set: 0.1ms
[2025-08-28T13:50:56.341+0000][1099914][info ][gc,phases   ] GC(118)   Merge Heap Roots: 0.1ms
[2025-08-28T13:50:56.341+0000][1099914][info ][gc,phases   ] GC(118)   Evacuate Collection Set: 1.2ms
[2025-08-28T13:50:56.341+0000][1099914][info ][gc,phases   ] GC(118)   Post Evacuate Collection Set: 0.3ms
[2025-08-28T13:50:56.341+0000][1099914][info ][gc,phases   ] GC(118)   Other: 0.0ms
[2025-08-28T13:50:56.341+0000][1099914][trace][gc,age      ] GC(118) Age table with threshold 15 (max threshold 15)
[2025-08-28T13:50:56.341+0000][1099914][trace][gc,age      ] GC(118) - age   1:     541928 bytes,     541928 total
[2025-08-28T13:50:56.341+0000][1099914][trace][gc,age      ] GC(118) - age   2:        256 bytes,     542184 total
[2025-08-28T13:50:56.341+0000][1099914][trace][gc,age      ] GC(118) - age   3:        336 bytes,     542520 total
[2025-08-28T13:50:56.341+0000][1099914][trace][gc,age      ] GC(118) - age   8:        824 bytes,     543344 total
[2025-08-28T13:50:56.341+0000][1099914][trace][gc,age      ] GC(118) - age   9:        912 bytes,     544256 total
[2025-08-28T13:50:56.341+0000][1099914][trace][gc,age      ] GC(118) - age  11:        224 bytes,     544480 total
[2025-08-28T13:50:56.341+0000][1099914][trace][gc,age      ] GC(118) - age  12:      10536 bytes,     555016 total
[2025-08-28T13:50:56.341+0000][1099914][trace][gc,age      ] GC(118) - age  13:         64 bytes,     555080 total
[2025-08-28T13:50:56.341+0000][1099914][info ][gc,heap     ] GC(118) Eden regions: 75->0(75)
[2025-08-28T13:50:56.341+0000][1099914][info ][gc,heap     ] GC(118) Survivor regions: 1->1(10)
[2025-08-28T13:50:56.341+0000][1099914][info ][gc,heap     ] GC(118) Old regions: 24->24
[2025-08-28T13:50:56.341+0000][1099914][info ][gc,heap     ] GC(118) Humongous regions: 0->0
[2025-08-28T13:50:56.341+0000][1099914][info ][gc,metaspace] GC(118) Metaspace: 136625K(140416K)->136625K(140416K) NonClass: 118097K(120064K)->118097K(120064K) Class: 18528K(20352K)->18528K(20352K)
[2025-08-28T13:50:56.341+0000][1099914][info ][gc          ] GC(118) Pause Young (Normal) (G1 Evacuation Pause) 396M->96M(512M) 1.910ms
[2025-08-28T13:50:56.341+0000][1099914][info ][gc,cpu      ] GC(118) User=0.01s Sys=0.00s Real=0.01s
[2025-08-28T13:50:56.341+0000][1099914][info ][safepoint   ] Safepoint "G1CollectForAllocation", Time since last: 4024028032 ns, Reaching safepoint: 39179 ns, Cleanup: 4116 ns, At safepoint: 1977411 ns, Total: 2020706 ns
[2025-08-28T13:51:00.111+0000][1099914][info ][gc,start    ] GC(119) Pause Young (Normal) (G1 Evacuation Pause)
[2025-08-28T13:51:00.111+0000][1099914][info ][gc,task     ] GC(119) Using 12 workers of 33 for evacuation
[2025-08-28T13:51:00.111+0000][1099914][debug][gc,age      ] GC(119) Desired survivor size 20971520 bytes, new threshold 15 (max threshold 15)
[2025-08-28T13:51:00.113+0000][1099914][info ][gc,phases   ] GC(119)   Pre Evacuate Collection Set: 0.1ms
[2025-08-28T13:51:00.113+0000][1099914][info ][gc,phases   ] GC(119)   Merge Heap Roots: 0.0ms
[2025-08-28T13:51:00.113+0000][1099914][info ][gc,phases   ] GC(119)   Evacuate Collection Set: 1.3ms
[2025-08-28T13:51:00.113+0000][1099914][info ][gc,phases   ] GC(119)   Post Evacuate Collection Set: 0.5ms
[2025-08-28T13:51:00.113+0000][1099914][info ][gc,phases   ] GC(119)   Other: 0.0ms
[2025-08-28T13:51:00.113+0000][1099914][trace][gc,age      ] GC(119) Age table with threshold 15 (max threshold 15)
[2025-08-28T13:51:00.113+0000][1099914][trace][gc,age      ] GC(119) - age   1:     539680 bytes,     539680 total
[2025-08-28T13:51:00.113+0000][1099914][trace][gc,age      ] GC(119) - age   2:       2384 bytes,     542064 total
[2025-08-28T13:51:00.113+0000][1099914][trace][gc,age      ] GC(119) - age   3:        256 bytes,     542320 total
[2025-08-28T13:51:00.113+0000][1099914][trace][gc,age      ] GC(119) - age   4:        224 bytes,     542544 total
[2025-08-28T13:51:00.113+0000][1099914][trace][gc,age      ] GC(119) - age   9:        824 bytes,     543368 total
[2025-08-28T13:51:00.113+0000][1099914][trace][gc,age      ] GC(119) - age  10:        912 bytes,     544280 total
[2025-08-28T13:51:00.113+0000][1099914][trace][gc,age      ] GC(119) - age  12:        224 bytes,     544504 total
[2025-08-28T13:51:00.113+0000][1099914][trace][gc,age      ] GC(119) - age  13:      10536 bytes,     555040 total
[2025-08-28T13:51:00.113+0000][1099914][trace][gc,age      ] GC(119) - age  14:         64 bytes,     555104 total
[2025-08-28T13:51:00.113+0000][1099914][info ][gc,heap     ] GC(119) Eden regions: 75->0(75)
[2025-08-28T13:51:00.113+0000][1099914][info ][gc,heap     ] GC(119) Survivor regions: 1->1(10)
[2025-08-28T13:51:00.113+0000][1099914][info ][gc,heap     ] GC(119) Old regions: 24->24
[2025-08-28T13:51:00.113+0000][1099914][info ][gc,heap     ] GC(119) Humongous regions: 0->0
[2025-08-28T13:51:00.113+0000][1099914][info ][gc,metaspace] GC(119) Metaspace: 136625K(140416K)->136625K(140416K) NonClass: 118097K(120064K)->118097K(120064K) Class: 18528K(20352K)->18528K(20352K)
[2025-08-28T13:51:00.113+0000][1099914][info ][gc          ] GC(119) Pause Young (Normal) (G1 Evacuation Pause) 396M->96M(512M) 2.141ms
[2025-08-28T13:51:00.113+0000][1099914][info ][gc,cpu      ] GC(119) User=0.01s Sys=0.00s Real=0.00s
[2025-08-28T13:51:00.113+0000][1099914][info ][safepoint   ] Safepoint "G1CollectForAllocation", Time since last: 3769628000 ns, Reaching safepoint: 39810 ns, Cleanup: 3896 ns, At safepoint: 2204642 ns, Total: 2248348 ns
[2025-08-28T13:51:04.048+0000][1099914][info ][gc,start    ] GC(120) Pause Young (Normal) (G1 Evacuation Pause)
[2025-08-28T13:51:04.048+0000][1099914][info ][gc,task     ] GC(120) Using 12 workers of 33 for evacuation
[2025-08-28T13:51:04.048+0000][1099914][debug][gc,age      ] GC(120) Desired survivor size 20971520 bytes, new threshold 15 (max threshold 15)
[2025-08-28T13:51:04.050+0000][1099914][info ][gc,phases   ] GC(120)   Pre Evacuate Collection Set: 0.1ms
[2025-08-28T13:51:04.050+0000][1099914][info ][gc,phases   ] GC(120)   Merge Heap Roots: 0.1ms
[2025-08-28T13:51:04.050+0000][1099914][info ][gc,phases   ] GC(120)   Evacuate Collection Set: 1.1ms
[2025-08-28T13:51:04.050+0000][1099914][info ][gc,phases   ] GC(120)   Post Evacuate Collection Set: 0.4ms
[2025-08-28T13:51:04.050+0000][1099914][info ][gc,phases   ] GC(120)   Other: 0.1ms
[2025-08-28T13:51:04.050+0000][1099914][trace][gc,age      ] GC(120) Age table with threshold 15 (max threshold 15)
[2025-08-28T13:51:04.050+0000][1099914][trace][gc,age      ] GC(120) - age   1:     539680 bytes,     539680 total
[2025-08-28T13:51:04.050+0000][1099914][trace][gc,age      ] GC(120) - age   3:       2384 bytes,     542064 total
[2025-08-28T13:51:04.050+0000][1099914][trace][gc,age      ] GC(120) - age   4:        256 bytes,     542320 total
[2025-08-28T13:51:04.050+0000][1099914][trace][gc,age      ] GC(120) - age   5:        224 bytes,     542544 total
[2025-08-28T13:51:04.050+0000][1099914][trace][gc,age      ] GC(120) - age  10:        824 bytes,     543368 total
[2025-08-28T13:51:04.050+0000][1099914][trace][gc,age      ] GC(120) - age  11:        912 bytes,     544280 total
[2025-08-28T13:51:04.050+0000][1099914][trace][gc,age      ] GC(120) - age  13:        224 bytes,     544504 total
[2025-08-28T13:51:04.050+0000][1099914][trace][gc,age      ] GC(120) - age  14:      10536 bytes,     555040 total
[2025-08-28T13:51:04.050+0000][1099914][trace][gc,age      ] GC(120) - age  15:         64 bytes,     555104 total
[2025-08-28T13:51:04.050+0000][1099914][info ][gc,heap     ] GC(120) Eden regions: 75->0(75)
[2025-08-28T13:51:04.050+0000][1099914][info ][gc,heap     ] GC(120) Survivor regions: 1->1(10)
[2025-08-28T13:51:04.050+0000][1099914][info ][gc,heap     ] GC(120) Old regions: 24->24
[2025-08-28T13:51:04.050+0000][1099914][info ][gc,heap     ] GC(120) Humongous regions: 0->0
[2025-08-28T13:51:04.050+0000][1099914][info ][gc,metaspace] GC(120) Metaspace: 136625K(140416K)->136625K(140416K) NonClass: 118097K(120064K)->118097K(120064K) Class: 18528K(20352K)->18528K(20352K)
[2025-08-28T13:51:04.050+0000][1099914][info ][gc          ] GC(120) Pause Young (Normal) (G1 Evacuation Pause) 396M->96M(512M) 1.872ms
[2025-08-28T13:51:04.050+0000][1099914][info ][gc,cpu      ] GC(120) User=0.01s Sys=0.00s Real=0.00s
[2025-08-28T13:51:04.050+0000][1099914][info ][safepoint   ] Safepoint "G1CollectForAllocation", Time since last: 3935390275 ns, Reaching safepoint: 40421 ns, Cleanup: 3455 ns, At safepoint: 1973155 ns, Total: 2017031 ns
[2025-08-28T13:51:07.923+0000][1099914][info ][gc,start    ] GC(121) Pause Young (Normal) (G1 Evacuation Pause)
[2025-08-28T13:51:07.924+0000][1099914][info ][gc,task     ] GC(121) Using 12 workers of 33 for evacuation
[2025-08-28T13:51:07.924+0000][1099914][debug][gc,age      ] GC(121) Desired survivor size 20971520 bytes, new threshold 15 (max threshold 15)
[2025-08-28T13:51:07.925+0000][1099914][info ][gc,phases   ] GC(121)   Pre Evacuate Collection Set: 0.1ms
[2025-08-28T13:51:07.925+0000][1099914][info ][gc,phases   ] GC(121)   Merge Heap Roots: 0.1ms
[2025-08-28T13:51:07.925+0000][1099914][info ][gc,phases   ] GC(121)   Evacuate Collection Set: 1.0ms
[2025-08-28T13:51:07.925+0000][1099914][info ][gc,phases   ] GC(121)   Post Evacuate Collection Set: 0.3ms
[2025-08-28T13:51:07.925+0000][1099914][info ][gc,phases   ] GC(121)   Other: 0.0ms
[2025-08-28T13:51:07.925+0000][1099914][trace][gc,age      ] GC(121) Age table with threshold 15 (max threshold 15)
[2025-08-28T13:51:07.925+0000][1099914][trace][gc,age      ] GC(121) - age   1:     685504 bytes,     685504 total
[2025-08-28T13:51:07.925+0000][1099914][trace][gc,age      ] GC(121) - age   2:        536 bytes,     686040 total
[2025-08-28T13:51:07.925+0000][1099914][trace][gc,age      ] GC(121) - age   4:       2144 bytes,     688184 total
[2025-08-28T13:51:07.925+0000][1099914][trace][gc,age      ] GC(121) - age   5:        256 bytes,     688440 total
[2025-08-28T13:51:07.925+0000][1099914][trace][gc,age      ] GC(121) - age   6:        224 bytes,     688664 total
[2025-08-28T13:51:07.925+0000][1099914][trace][gc,age      ] GC(121) - age  11:        824 bytes,     689488 total
[2025-08-28T13:51:07.925+0000][1099914][trace][gc,age      ] GC(121) - age  12:        912 bytes,     690400 total
[2025-08-28T13:51:07.925+0000][1099914][trace][gc,age      ] GC(121) - age  14:        224 bytes,     690624 total
[2025-08-28T13:51:07.925+0000][1099914][trace][gc,age      ] GC(121) - age  15:      10536 bytes,     701160 total
[2025-08-28T13:51:07.925+0000][1099914][info ][gc,heap     ] GC(121) Eden regions: 75->0(75)
[2025-08-28T13:51:07.925+0000][1099914][info ][gc,heap     ] GC(121) Survivor regions: 1->1(10)
[2025-08-28T13:51:07.925+0000][1099914][info ][gc,heap     ] GC(121) Old regions: 24->24
[2025-08-28T13:51:07.925+0000][1099914][info ][gc,heap     ] GC(121) Humongous regions: 0->0
[2025-08-28T13:51:07.925+0000][1099914][info ][gc,metaspace] GC(121) Metaspace: 136625K(140416K)->136625K(140416K) NonClass: 118097K(120064K)->118097K(120064K) Class: 18528K(20352K)->18528K(20352K)
[2025-08-28T13:51:07.925+0000][1099914][info ][gc          ] GC(121) Pause Young (Normal) (G1 Evacuation Pause) 396M->96M(512M) 1.618ms
[2025-08-28T13:51:07.925+0000][1099914][info ][gc,cpu      ] GC(121) User=0.01s Sys=0.01s Real=0.00s
[2025-08-28T13:51:07.925+0000][1099914][info ][safepoint   ] Safepoint "G1CollectForAllocation", Time since last: 3873059875 ns, Reaching safepoint: 12869 ns, Cleanup: 5078 ns, At safepoint: 1703028 ns, Total: 1720975 ns
[2025-08-28T13:51:11.974+0000][1099914][info ][gc,start    ] GC(122) Pause Young (Normal) (G1 Evacuation Pause)
[2025-08-28T13:51:11.974+0000][1099914][info ][gc,task     ] GC(122) Using 12 workers of 33 for evacuation
[2025-08-28T13:51:11.974+0000][1099914][debug][gc,age      ] GC(122) Desired survivor size 20971520 bytes, new threshold 15 (max threshold 15)
[2025-08-28T13:51:11.976+0000][1099914][info ][gc,phases   ] GC(122)   Pre Evacuate Collection Set: 0.1ms
[2025-08-28T13:51:11.976+0000][1099914][info ][gc,phases   ] GC(122)   Merge Heap Roots: 0.1ms
[2025-08-28T13:51:11.976+0000][1099914][info ][gc,phases   ] GC(122)   Evacuate Collection Set: 1.1ms
[2025-08-28T13:51:11.976+0000][1099914][info ][gc,phases   ] GC(122)   Post Evacuate Collection Set: 0.3ms
[2025-08-28T13:51:11.976+0000][1099914][info ][gc,phases   ] GC(122)   Other: 0.0ms
[2025-08-28T13:51:11.976+0000][1099914][trace][gc,age      ] GC(122) Age table with threshold 15 (max threshold 15)
[2025-08-28T13:51:11.976+0000][1099914][trace][gc,age      ] GC(122) - age   1:     539528 bytes,     539528 total
[2025-08-28T13:51:11.976+0000][1099914][trace][gc,age      ] GC(122) - age   2:        528 bytes,     540056 total
[2025-08-28T13:51:11.976+0000][1099914][trace][gc,age      ] GC(122) - age   5:       2144 bytes,     542200 total
[2025-08-28T13:51:11.976+0000][1099914][trace][gc,age      ] GC(122) - age   6:        256 bytes,     542456 total
[2025-08-28T13:51:11.976+0000][1099914][trace][gc,age      ] GC(122) - age   7:        224 bytes,     542680 total
[2025-08-28T13:51:11.976+0000][1099914][trace][gc,age      ] GC(122) - age  12:        640 bytes,     543320 total
[2025-08-28T13:51:11.976+0000][1099914][trace][gc,age      ] GC(122) - age  13:        912 bytes,     544232 total
[2025-08-28T13:51:11.976+0000][1099914][trace][gc,age      ] GC(122) - age  15:        224 bytes,     544456 total
[2025-08-28T13:51:11.976+0000][1099914][info ][gc,heap     ] GC(122) Eden regions: 75->0(75)
[2025-08-28T13:51:11.976+0000][1099914][info ][gc,heap     ] GC(122) Survivor regions: 1->1(10)
[2025-08-28T13:51:11.976+0000][1099914][info ][gc,heap     ] GC(122) Old regions: 24->24
[2025-08-28T13:51:11.976+0000][1099914][info ][gc,heap     ] GC(122) Humongous regions: 0->0
[2025-08-28T13:51:11.976+0000][1099914][info ][gc,metaspace] GC(122) Metaspace: 136625K(140416K)->136625K(140416K) NonClass: 118097K(120064K)->118097K(120064K) Class: 18528K(20352K)->18528K(20352K)
[2025-08-28T13:51:11.976+0000][1099914][info ][gc          ] GC(122) Pause Young (Normal) (G1 Evacuation Pause) 396M->96M(512M) 1.771ms
[2025-08-28T13:51:11.976+0000][1099914][info ][gc,cpu      ] GC(122) User=0.01s Sys=0.00s Real=0.00s
[2025-08-28T13:51:11.976+0000][1099914][info ][safepoint   ] Safepoint "G1CollectForAllocation", Time since last: 4048687693 ns, Reaching safepoint: 38899 ns, Cleanup: 5408 ns, At safepoint: 1841487 ns, Total: 1885794 ns
[2025-08-28T13:51:15.886+0000][1099914][info ][gc,start    ] GC(123) Pause Young (Normal) (G1 Evacuation Pause)
[2025-08-28T13:51:15.886+0000][1099914][info ][gc,task     ] GC(123) Using 12 workers of 33 for evacuation
[2025-08-28T13:51:15.886+0000][1099914][debug][gc,age      ] GC(123) Desired survivor size 20971520 bytes, new threshold 15 (max threshold 15)
[2025-08-28T13:51:15.888+0000][1099914][info ][gc,phases   ] GC(123)   Pre Evacuate Collection Set: 0.1ms
[2025-08-28T13:51:15.888+0000][1099914][info ][gc,phases   ] GC(123)   Merge Heap Roots: 0.1ms
[2025-08-28T13:51:15.888+0000][1099914][info ][gc,phases   ] GC(123)   Evacuate Collection Set: 1.0ms
[2025-08-28T13:51:15.888+0000][1099914][info ][gc,phases   ] GC(123)   Post Evacuate Collection Set: 0.3ms
[2025-08-28T13:51:15.888+0000][1099914][info ][gc,phases   ] GC(123)   Other: 0.1ms
[2025-08-28T13:51:15.888+0000][1099914][trace][gc,age      ] GC(123) Age table with threshold 15 (max threshold 15)
[2025-08-28T13:51:15.888+0000][1099914][trace][gc,age      ] GC(123) - age   1:     555232 bytes,     555232 total
[2025-08-28T13:51:15.888+0000][1099914][trace][gc,age      ] GC(123) - age   6:       2144 bytes,     557376 total
[2025-08-28T13:51:15.888+0000][1099914][trace][gc,age      ] GC(123) - age   7:         32 bytes,     557408 total
[2025-08-28T13:51:15.888+0000][1099914][trace][gc,age      ] GC(123) - age   8:        224 bytes,     557632 total
[2025-08-28T13:51:15.888+0000][1099914][trace][gc,age      ] GC(123) - age  13:        640 bytes,     558272 total
[2025-08-28T13:51:15.888+0000][1099914][trace][gc,age      ] GC(123) - age  14:        912 bytes,     559184 total
[2025-08-28T13:51:15.888+0000][1099914][info ][gc,heap     ] GC(123) Eden regions: 75->0(75)
[2025-08-28T13:51:15.888+0000][1099914][info ][gc,heap     ] GC(123) Survivor regions: 1->1(10)
[2025-08-28T13:51:15.888+0000][1099914][info ][gc,heap     ] GC(123) Old regions: 24->24
[2025-08-28T13:51:15.888+0000][1099914][info ][gc,heap     ] GC(123) Humongous regions: 0->0
[2025-08-28T13:51:15.888+0000][1099914][info ][gc,metaspace] GC(123) Metaspace: 136625K(140416K)->136625K(140416K) NonClass: 118097K(120064K)->118097K(120064K) Class: 18528K(20352K)->18528K(20352K)
[2025-08-28T13:51:15.888+0000][1099914][info ][gc          ] GC(123) Pause Young (Normal) (G1 Evacuation Pause) 396M->96M(512M) 1.666ms
[2025-08-28T13:51:15.888+0000][1099914][info ][gc,cpu      ] GC(123) User=0.00s Sys=0.00s Real=0.00s
[2025-08-28T13:51:15.888+0000][1099914][info ][safepoint   ] Safepoint "G1CollectForAllocation", Time since last: 3910180007 ns, Reaching safepoint: 44897 ns, Cleanup: 4958 ns, At safepoint: 1736820 ns, Total: 1786675 ns
[2025-08-28T13:51:19.725+0000][1099914][info ][gc,start    ] GC(124) Pause Young (Normal) (G1 Evacuation Pause)
[2025-08-28T13:51:19.725+0000][1099914][info ][gc,task     ] GC(124) Using 12 workers of 33 for evacuation
[2025-08-28T13:51:19.725+0000][1099914][debug][gc,age      ] GC(124) Desired survivor size 20971520 bytes, new threshold 15 (max threshold 15)
[2025-08-28T13:51:19.726+0000][1099914][info ][gc,phases   ] GC(124)   Pre Evacuate Collection Set: 0.1ms
[2025-08-28T13:51:19.726+0000][1099914][info ][gc,phases   ] GC(124)   Merge Heap Roots: 0.1ms
[2025-08-28T13:51:19.726+0000][1099914][info ][gc,phases   ] GC(124)   Evacuate Collection Set: 1.0ms
[2025-08-28T13:51:19.726+0000][1099914][info ][gc,phases   ] GC(124)   Post Evacuate Collection Set: 0.3ms
[2025-08-28T13:51:19.726+0000][1099914][info ][gc,phases   ] GC(124)   Other: 0.1ms
[2025-08-28T13:51:19.726+0000][1099914][trace][gc,age      ] GC(124) Age table with threshold 15 (max threshold 15)
[2025-08-28T13:51:19.726+0000][1099914][trace][gc,age      ] GC(124) - age   1:     540720 bytes,     540720 total
[2025-08-28T13:51:19.726+0000][1099914][trace][gc,age      ] GC(124) - age   2:        464 bytes,     541184 total
[2025-08-28T13:51:19.726+0000][1099914][trace][gc,age      ] GC(124) - age   7:       1552 bytes,     542736 total
[2025-08-28T13:51:19.726+0000][1099914][trace][gc,age      ] GC(124) - age   8:         32 bytes,     542768 total
[2025-08-28T13:51:19.726+0000][1099914][trace][gc,age      ] GC(124) - age   9:        224 bytes,     542992 total
[2025-08-28T13:51:19.726+0000][1099914][trace][gc,age      ] GC(124) - age  14:        552 bytes,     543544 total
[2025-08-28T13:51:19.726+0000][1099914][trace][gc,age      ] GC(124) - age  15:        912 bytes,     544456 total
[2025-08-28T13:51:19.726+0000][1099914][info ][gc,heap     ] GC(124) Eden regions: 75->0(75)
[2025-08-28T13:51:19.726+0000][1099914][info ][gc,heap     ] GC(124) Survivor regions: 1->1(10)
[2025-08-28T13:51:19.726+0000][1099914][info ][gc,heap     ] GC(124) Old regions: 24->24
[2025-08-28T13:51:19.726+0000][1099914][info ][gc,heap     ] GC(124) Humongous regions: 0->0
[2025-08-28T13:51:19.726+0000][1099914][info ][gc,metaspace] GC(124) Metaspace: 136625K(140416K)->136625K(140416K) NonClass: 118097K(120064K)->118097K(120064K) Class: 18528K(20352K)->18528K(20352K)
[2025-08-28T13:51:19.726+0000][1099914][info ][gc          ] GC(124) Pause Young (Normal) (G1 Evacuation Pause) 396M->96M(512M) 1.678ms
[2025-08-28T13:51:19.726+0000][1099914][info ][gc,cpu      ] GC(124) User=0.00s Sys=0.00s Real=0.00s
[2025-08-28T13:51:19.726+0000][1099914][info ][safepoint   ] Safepoint "G1CollectForAllocation", Time since last: 3836821156 ns, Reaching safepoint: 39600 ns, Cleanup: 4677 ns, At safepoint: 1744511 ns, Total: 1788788 ns
[2025-08-28T13:51:23.777+0000][1099914][info ][gc,start    ] GC(125) Pause Young (Normal) (G1 Evacuation Pause)
[2025-08-28T13:51:23.777+0000][1099914][info ][gc,task     ] GC(125) Using 12 workers of 33 for evacuation
[2025-08-28T13:51:23.777+0000][1099914][debug][gc,age      ] GC(125) Desired survivor size 20971520 bytes, new threshold 15 (max threshold 15)
[2025-08-28T13:51:23.778+0000][1099914][info ][gc,phases   ] GC(125)   Pre Evacuate Collection Set: 0.1ms
[2025-08-28T13:51:23.778+0000][1099914][info ][gc,phases   ] GC(125)   Merge Heap Roots: 0.0ms
[2025-08-28T13:51:23.778+0000][1099914][info ][gc,phases   ] GC(125)   Evacuate Collection Set: 0.9ms
[2025-08-28T13:51:23.778+0000][1099914][info ][gc,phases   ] GC(125)   Post Evacuate Collection Set: 0.3ms
[2025-08-28T13:51:23.778+0000][1099914][info ][gc,phases   ] GC(125)   Other: 0.0ms
[2025-08-28T13:51:23.778+0000][1099914][trace][gc,age      ] GC(125) Age table with threshold 15 (max threshold 15)
[2025-08-28T13:51:23.778+0000][1099914][trace][gc,age      ] GC(125) - age   1:     539920 bytes,     539920 total
[2025-08-28T13:51:23.778+0000][1099914][trace][gc,age      ] GC(125) - age   2:       1016 bytes,     540936 total
[2025-08-28T13:51:23.778+0000][1099914][trace][gc,age      ] GC(125) - age   3:        464 bytes,     541400 total
[2025-08-28T13:51:23.778+0000][1099914][trace][gc,age      ] GC(125) - age   8:       1376 bytes,     542776 total
[2025-08-28T13:51:23.778+0000][1099914][trace][gc,age      ] GC(125) - age   9:         32 bytes,     542808 total
[2025-08-28T13:51:23.778+0000][1099914][trace][gc,age      ] GC(125) - age  10:        224 bytes,     543032 total
[2025-08-28T13:51:23.778+0000][1099914][trace][gc,age      ] GC(125) - age  15:        552 bytes,     543584 total
[2025-08-28T13:51:23.778+0000][1099914][info ][gc,heap     ] GC(125) Eden regions: 75->0(75)
[2025-08-28T13:51:23.778+0000][1099914][info ][gc,heap     ] GC(125) Survivor regions: 1->1(10)
[2025-08-28T13:51:23.778+0000][1099914][info ][gc,heap     ] GC(125) Old regions: 24->24
[2025-08-28T13:51:23.778+0000][1099914][info ][gc,heap     ] GC(125) Humongous regions: 0->0
[2025-08-28T13:51:23.778+0000][1099914][info ][gc,metaspace] GC(125) Metaspace: 136625K(140416K)->136625K(140416K) NonClass: 118097K(120064K)->118097K(120064K) Class: 18528K(20352K)->18528K(20352K)
[2025-08-28T13:51:23.778+0000][1099914][info ][gc          ] GC(125) Pause Young (Normal) (G1 Evacuation Pause) 396M->96M(512M) 1.489ms
[2025-08-28T13:51:23.778+0000][1099914][info ][gc,cpu      ] GC(125) User=0.01s Sys=0.00s Real=0.00s
[2025-08-28T13:51:23.778+0000][1099914][info ][safepoint   ] Safepoint "G1CollectForAllocation", Time since last: 4050505354 ns, Reaching safepoint: 12979 ns, Cleanup: 4867 ns, At safepoint: 1560155 ns, Total: 1578001 ns
[2025-08-28T13:51:27.604+0000][1099914][info ][gc,start    ] GC(126) Pause Young (Normal) (G1 Evacuation Pause)
[2025-08-28T13:51:27.604+0000][1099914][info ][gc,task     ] GC(126) Using 12 workers of 33 for evacuation
[2025-08-28T13:51:27.604+0000][1099914][debug][gc,age      ] GC(126) Desired survivor size 20971520 bytes, new threshold 15 (max threshold 15)
[2025-08-28T13:51:27.606+0000][1099914][info ][gc,phases   ] GC(126)   Pre Evacuate Collection Set: 0.2ms
[2025-08-28T13:51:27.606+0000][1099914][info ][gc,phases   ] GC(126)   Merge Heap Roots: 0.1ms
[2025-08-28T13:51:27.606+0000][1099914][info ][gc,phases   ] GC(126)   Evacuate Collection Set: 1.1ms
[2025-08-28T13:51:27.606+0000][1099914][info ][gc,phases   ] GC(126)   Post Evacuate Collection Set: 0.3ms
[2025-08-28T13:51:27.606+0000][1099914][info ][gc,phases   ] GC(126)   Other: 0.0ms
[2025-08-28T13:51:27.606+0000][1099914][trace][gc,age      ] GC(126) Age table with threshold 15 (max threshold 15)
[2025-08-28T13:51:27.606+0000][1099914][trace][gc,age      ] GC(126) - age   1:     542312 bytes,     542312 total
[2025-08-28T13:51:27.606+0000][1099914][trace][gc,age      ] GC(126) - age   2:       1064 bytes,     543376 total
[2025-08-28T13:51:27.606+0000][1099914][trace][gc,age      ] GC(126) - age   3:        224 bytes,     543600 total
[2025-08-28T13:51:27.606+0000][1099914][trace][gc,age      ] GC(126) - age   4:        224 bytes,     543824 total
[2025-08-28T13:51:27.606+0000][1099914][trace][gc,age      ] GC(126) - age   9:         88 bytes,     543912 total
[2025-08-28T13:51:27.606+0000][1099914][trace][gc,age      ] GC(126) - age  10:         32 bytes,     543944 total
[2025-08-28T13:51:27.606+0000][1099914][trace][gc,age      ] GC(126) - age  11:        224 bytes,     544168 total
[2025-08-28T13:51:27.606+0000][1099914][info ][gc,heap     ] GC(126) Eden regions: 75->0(75)
[2025-08-28T13:51:27.606+0000][1099914][info ][gc,heap     ] GC(126) Survivor regions: 1->1(10)
[2025-08-28T13:51:27.606+0000][1099914][info ][gc,heap     ] GC(126) Old regions: 24->24
[2025-08-28T13:51:27.606+0000][1099914][info ][gc,heap     ] GC(126) Humongous regions: 0->0
[2025-08-28T13:51:27.606+0000][1099914][info ][gc,metaspace] GC(126) Metaspace: 136625K(140416K)->136625K(140416K) NonClass: 118097K(120064K)->118097K(120064K) Class: 18528K(20352K)->18528K(20352K)
[2025-08-28T13:51:27.606+0000][1099914][info ][gc          ] GC(126) Pause Young (Normal) (G1 Evacuation Pause) 396M->96M(512M) 1.764ms
[2025-08-28T13:51:27.606+0000][1099914][info ][gc,cpu      ] GC(126) User=0.00s Sys=0.00s Real=0.00s
[2025-08-28T13:51:27.606+0000][1099914][info ][safepoint   ] Safepoint "G1CollectForAllocation", Time since last: 3825897143 ns, Reaching safepoint: 39069 ns, Cleanup: 4136 ns, At safepoint: 1830080 ns, Total: 1873285 ns
[2025-08-28T13:51:31.417+0000][1099914][info ][gc,start    ] GC(127) Pause Young (Normal) (G1 Evacuation Pause)
[2025-08-28T13:51:31.417+0000][1099914][info ][gc,task     ] GC(127) Using 12 workers of 33 for evacuation
[2025-08-28T13:51:31.417+0000][1099914][debug][gc,age      ] GC(127) Desired survivor size 20971520 bytes, new threshold 15 (max threshold 15)
[2025-08-28T13:51:31.419+0000][1099914][info ][gc,phases   ] GC(127)   Pre Evacuate Collection Set: 0.2ms
[2025-08-28T13:51:31.419+0000][1099914][info ][gc,phases   ] GC(127)   Merge Heap Roots: 0.0ms
[2025-08-28T13:51:31.419+0000][1099914][info ][gc,phases   ] GC(127)   Evacuate Collection Set: 1.2ms
[2025-08-28T13:51:31.419+0000][1099914][info ][gc,phases   ] GC(127)   Post Evacuate Collection Set: 0.3ms
[2025-08-28T13:51:31.419+0000][1099914][info ][gc,phases   ] GC(127)   Other: 0.1ms
[2025-08-28T13:51:31.419+0000][1099914][trace][gc,age      ] GC(127) Age table with threshold 15 (max threshold 15)
[2025-08-28T13:51:31.419+0000][1099914][trace][gc,age      ] GC(127) - age   1:     539816 bytes,     539816 total
[2025-08-28T13:51:31.419+0000][1099914][trace][gc,age      ] GC(127) - age   2:       3320 bytes,     543136 total
[2025-08-28T13:51:31.419+0000][1099914][trace][gc,age      ] GC(127) - age   3:        352 bytes,     543488 total
[2025-08-28T13:51:31.419+0000][1099914][trace][gc,age      ] GC(127) - age   4:        224 bytes,     543712 total
[2025-08-28T13:51:31.419+0000][1099914][trace][gc,age      ] GC(127) - age   5:        224 bytes,     543936 total
[2025-08-28T13:51:31.419+0000][1099914][trace][gc,age      ] GC(127) - age  10:         88 bytes,     544024 total
[2025-08-28T13:51:31.419+0000][1099914][trace][gc,age      ] GC(127) - age  11:         32 bytes,     544056 total
[2025-08-28T13:51:31.419+0000][1099914][trace][gc,age      ] GC(127) - age  12:        224 bytes,     544280 total
[2025-08-28T13:51:31.419+0000][1099914][info ][gc,heap     ] GC(127) Eden regions: 75->0(75)
[2025-08-28T13:51:31.419+0000][1099914][info ][gc,heap     ] GC(127) Survivor regions: 1->1(10)
[2025-08-28T13:51:31.419+0000][1099914][info ][gc,heap     ] GC(127) Old regions: 24->24
[2025-08-28T13:51:31.419+0000][1099914][info ][gc,heap     ] GC(127) Humongous regions: 0->0
[2025-08-28T13:51:31.419+0000][1099914][info ][gc,metaspace] GC(127) Metaspace: 136625K(140416K)->136625K(140416K) NonClass: 118097K(120064K)->118097K(120064K) Class: 18528K(20352K)->18528K(20352K)
[2025-08-28T13:51:31.419+0000][1099914][info ][gc          ] GC(127) Pause Young (Normal) (G1 Evacuation Pause) 396M->96M(512M) 1.860ms
[2025-08-28T13:51:31.419+0000][1099914][info ][gc,cpu      ] GC(127) User=0.00s Sys=0.00s Real=0.00s
[2025-08-28T13:51:31.419+0000][1099914][info ][safepoint   ] Safepoint "G1CollectForAllocation", Time since last: 3810881883 ns, Reaching safepoint: 42554 ns, Cleanup: 3896 ns, At safepoint: 1928457 ns, Total: 1974907 ns
[2025-08-28T13:51:35.504+0000][1099914][info ][gc,start    ] GC(128) Pause Young (Normal) (G1 Evacuation Pause)
[2025-08-28T13:51:35.504+0000][1099914][info ][gc,task     ] GC(128) Using 12 workers of 33 for evacuation
[2025-08-28T13:51:35.504+0000][1099914][debug][gc,age      ] GC(128) Desired survivor size 20971520 bytes, new threshold 15 (max threshold 15)
[2025-08-28T13:51:35.506+0000][1099914][info ][gc,phases   ] GC(128)   Pre Evacuate Collection Set: 0.1ms
[2025-08-28T13:51:35.506+0000][1099914][info ][gc,phases   ] GC(128)   Merge Heap Roots: 0.1ms
[2025-08-28T13:51:35.506+0000][1099914][info ][gc,phases   ] GC(128)   Evacuate Collection Set: 0.9ms
[2025-08-28T13:51:35.506+0000][1099914][info ][gc,phases   ] GC(128)   Post Evacuate Collection Set: 0.3ms
[2025-08-28T13:51:35.506+0000][1099914][info ][gc,phases   ] GC(128)   Other: 0.0ms
[2025-08-28T13:51:35.506+0000][1099914][trace][gc,age      ] GC(128) Age table with threshold 15 (max threshold 15)
[2025-08-28T13:51:35.506+0000][1099914][trace][gc,age      ] GC(128) - age   1:     555944 bytes,     555944 total
[2025-08-28T13:51:35.506+0000][1099914][trace][gc,age      ] GC(128) - age   3:       3080 bytes,     559024 total
[2025-08-28T13:51:35.506+0000][1099914][trace][gc,age      ] GC(128) - age   4:        352 bytes,     559376 total
[2025-08-28T13:51:35.506+0000][1099914][trace][gc,age      ] GC(128) - age   5:        224 bytes,     559600 total
[2025-08-28T13:51:35.506+0000][1099914][trace][gc,age      ] GC(128) - age   6:        224 bytes,     559824 total
[2025-08-28T13:51:35.506+0000][1099914][trace][gc,age      ] GC(128) - age  11:         88 bytes,     559912 total
[2025-08-28T13:51:35.506+0000][1099914][trace][gc,age      ] GC(128) - age  12:         32 bytes,     559944 total
[2025-08-28T13:51:35.506+0000][1099914][trace][gc,age      ] GC(128) - age  13:        224 bytes,     560168 total
[2025-08-28T13:51:35.506+0000][1099914][info ][gc,heap     ] GC(128) Eden regions: 75->0(75)
[2025-08-28T13:51:35.506+0000][1099914][info ][gc,heap     ] GC(128) Survivor regions: 1->1(10)
[2025-08-28T13:51:35.506+0000][1099914][info ][gc,heap     ] GC(128) Old regions: 24->24
[2025-08-28T13:51:35.506+0000][1099914][info ][gc,heap     ] GC(128) Humongous regions: 0->0
[2025-08-28T13:51:35.506+0000][1099914][info ][gc,metaspace] GC(128) Metaspace: 136626K(140416K)->136626K(140416K) NonClass: 118097K(120064K)->118097K(120064K) Class: 18528K(20352K)->18528K(20352K)
[2025-08-28T13:51:35.506+0000][1099914][info ][gc          ] GC(128) Pause Young (Normal) (G1 Evacuation Pause) 396M->96M(512M) 1.559ms
[2025-08-28T13:51:35.506+0000][1099914][info ][gc,cpu      ] GC(128) User=0.00s Sys=0.01s Real=0.00s
[2025-08-28T13:51:35.506+0000][1099914][info ][safepoint   ] Safepoint "G1CollectForAllocation", Time since last: 4085096136 ns, Reaching safepoint: 41893 ns, Cleanup: 4227 ns, At safepoint: 1623118 ns, Total: 1669238 ns
[2025-08-28T13:51:37.651+0000][1099914][info ][gc,start    ] GC(129) Pause Young (Normal) (G1 Evacuation Pause)
[2025-08-28T13:51:37.651+0000][1099914][info ][gc,task     ] GC(129) Using 12 workers of 33 for evacuation
[2025-08-28T13:51:37.651+0000][1099914][debug][gc,age      ] GC(129) Desired survivor size 20971520 bytes, new threshold 15 (max threshold 15)
[2025-08-28T13:51:37.652+0000][1099914][info ][gc,phases   ] GC(129)   Pre Evacuate Collection Set: 0.2ms
[2025-08-28T13:51:37.652+0000][1099914][info ][gc,phases   ] GC(129)   Merge Heap Roots: 0.1ms
[2025-08-28T13:51:37.652+0000][1099914][info ][gc,phases   ] GC(129)   Evacuate Collection Set: 1.1ms
[2025-08-28T13:51:37.652+0000][1099914][info ][gc,phases   ] GC(129)   Post Evacuate Collection Set: 0.3ms
[2025-08-28T13:51:37.652+0000][1099914][info ][gc,phases   ] GC(129)   Other: 0.1ms
[2025-08-28T13:51:37.652+0000][1099914][trace][gc,age      ] GC(129) Age table with threshold 15 (max threshold 15)
[2025-08-28T13:51:37.652+0000][1099914][trace][gc,age      ] GC(129) - age   1:     615856 bytes,     615856 total
[2025-08-28T13:51:37.652+0000][1099914][trace][gc,age      ] GC(129) - age   2:        952 bytes,     616808 total
[2025-08-28T13:51:37.652+0000][1099914][trace][gc,age      ] GC(129) - age   4:       3048 bytes,     619856 total
[2025-08-28T13:51:37.652+0000][1099914][trace][gc,age      ] GC(129) - age   5:        352 bytes,     620208 total
[2025-08-28T13:51:37.652+0000][1099914][trace][gc,age      ] GC(129) - age   6:        224 bytes,     620432 total
[2025-08-28T13:51:37.652+0000][1099914][trace][gc,age      ] GC(129) - age  13:         32 bytes,     620464 total
[2025-08-28T13:51:37.652+0000][1099914][trace][gc,age      ] GC(129) - age  14:        112 bytes,     620576 total
[2025-08-28T13:51:37.652+0000][1099914][info ][gc,heap     ] GC(129) Eden regions: 75->0(75)
[2025-08-28T13:51:37.652+0000][1099914][info ][gc,heap     ] GC(129) Survivor regions: 1->1(10)
[2025-08-28T13:51:37.652+0000][1099914][info ][gc,heap     ] GC(129) Old regions: 24->24
[2025-08-28T13:51:37.652+0000][1099914][info ][gc,heap     ] GC(129) Humongous regions: 0->0
[2025-08-28T13:51:37.652+0000][1099914][info ][gc,metaspace] GC(129) Metaspace: 136644K(140480K)->136644K(140480K) NonClass: 118116K(120128K)->118116K(120128K) Class: 18528K(20352K)->18528K(20352K)
[2025-08-28T13:51:37.652+0000][1099914][info ][gc          ] GC(129) Pause Young (Normal) (G1 Evacuation Pause) 396M->96M(512M) 1.850ms
[2025-08-28T13:51:37.652+0000][1099914][info ][gc,cpu      ] GC(129) User=0.01s Sys=0.01s Real=0.00s
[2025-08-28T13:51:37.652+0000][1099914][info ][safepoint   ] Safepoint "G1CollectForAllocation", Time since last: 2144841743 ns, Reaching safepoint: 17226 ns, Cleanup: 3645 ns, At safepoint: 1916500 ns, Total: 1937371 ns
[2025-08-28T13:51:38.898+0000][1099914][info ][safepoint   ] Safepoint "Cleanup", Time since last: 1245392574 ns, Reaching safepoint: 11146 ns, Cleanup: 24788 ns, At safepoint: 2934 ns, Total: 38868 ns
[2025-08-28T13:51:39.635+0000][1099914][info ][gc,start    ] GC(130) Pause Young (Normal) (G1 Evacuation Pause)
[2025-08-28T13:51:39.635+0000][1099914][info ][gc,task     ] GC(130) Using 12 workers of 33 for evacuation
[2025-08-28T13:51:39.635+0000][1099914][debug][gc,age      ] GC(130) Desired survivor size 20971520 bytes, new threshold 15 (max threshold 15)
[2025-08-28T13:51:39.637+0000][1099914][info ][gc,phases   ] GC(130)   Pre Evacuate Collection Set: 0.1ms
[2025-08-28T13:51:39.637+0000][1099914][info ][gc,phases   ] GC(130)   Merge Heap Roots: 0.1ms
[2025-08-28T13:51:39.637+0000][1099914][info ][gc,phases   ] GC(130)   Evacuate Collection Set: 1.0ms
[2025-08-28T13:51:39.637+0000][1099914][info ][gc,phases   ] GC(130)   Post Evacuate Collection Set: 0.4ms
[2025-08-28T13:51:39.637+0000][1099914][info ][gc,phases   ] GC(130)   Other: 0.1ms
[2025-08-28T13:51:39.637+0000][1099914][trace][gc,age      ] GC(130) Age table with threshold 15 (max threshold 15)
[2025-08-28T13:51:39.637+0000][1099914][trace][gc,age      ] GC(130) - age   1:     594656 bytes,     594656 total
[2025-08-28T13:51:39.637+0000][1099914][trace][gc,age      ] GC(130) - age   2:      59552 bytes,     654208 total
[2025-08-28T13:51:39.637+0000][1099914][trace][gc,age      ] GC(130) - age   3:        176 bytes,     654384 total
[2025-08-28T13:51:39.637+0000][1099914][trace][gc,age      ] GC(130) - age   5:       2680 bytes,     657064 total
[2025-08-28T13:51:39.637+0000][1099914][trace][gc,age      ] GC(130) - age   6:        352 bytes,     657416 total
[2025-08-28T13:51:39.637+0000][1099914][trace][gc,age      ] GC(130) - age   7:        224 bytes,     657640 total
[2025-08-28T13:51:39.637+0000][1099914][trace][gc,age      ] GC(130) - age  14:         32 bytes,     657672 total
[2025-08-28T13:51:39.637+0000][1099914][trace][gc,age      ] GC(130) - age  15:        112 bytes,     657784 total
[2025-08-28T13:51:39.637+0000][1099914][info ][gc,heap     ] GC(130) Eden regions: 75->0(75)
[2025-08-28T13:51:39.637+0000][1099914][info ][gc,heap     ] GC(130) Survivor regions: 1->1(10)
[2025-08-28T13:51:39.637+0000][1099914][info ][gc,heap     ] GC(130) Old regions: 24->24
[2025-08-28T13:51:39.637+0000][1099914][info ][gc,heap     ] GC(130) Humongous regions: 0->0
[2025-08-28T13:51:39.637+0000][1099914][info ][gc,metaspace] GC(130) Metaspace: 136663K(140480K)->136663K(140480K) NonClass: 118135K(120128K)->118135K(120128K) Class: 18528K(20352K)->18528K(20352K)
[2025-08-28T13:51:39.637+0000][1099914][info ][gc          ] GC(130) Pause Young (Normal) (G1 Evacuation Pause) 396M->96M(512M) 1.777ms
[2025-08-28T13:51:39.637+0000][1099914][info ][gc,cpu      ] GC(130) User=0.01s Sys=0.00s Real=0.00s
[2025-08-28T13:51:39.637+0000][1099914][info ][safepoint   ] Safepoint "G1CollectForAllocation", Time since last: 737270748 ns, Reaching safepoint: 10997 ns, Cleanup: 4076 ns, At safepoint: 1844521 ns, Total: 1859594 ns
[2025-08-28T13:51:41.635+0000][1099914][info ][gc,start    ] GC(131) Pause Young (Normal) (G1 Evacuation Pause)
[2025-08-28T13:51:41.635+0000][1099914][info ][gc,task     ] GC(131) Using 12 workers of 33 for evacuation
[2025-08-28T13:51:41.635+0000][1099914][debug][gc,age      ] GC(131) Desired survivor size 20971520 bytes, new threshold 15 (max threshold 15)
[2025-08-28T13:51:41.637+0000][1099914][info ][gc,phases   ] GC(131)   Pre Evacuate Collection Set: 0.1ms
[2025-08-28T13:51:41.637+0000][1099914][info ][gc,phases   ] GC(131)   Merge Heap Roots: 0.1ms
[2025-08-28T13:51:41.637+0000][1099914][info ][gc,phases   ] GC(131)   Evacuate Collection Set: 0.9ms
[2025-08-28T13:51:41.637+0000][1099914][info ][gc,phases   ] GC(131)   Post Evacuate Collection Set: 0.3ms
[2025-08-28T13:51:41.637+0000][1099914][info ][gc,phases   ] GC(131)   Other: 0.1ms
[2025-08-28T13:51:41.637+0000][1099914][trace][gc,age      ] GC(131) Age table with threshold 15 (max threshold 15)
[2025-08-28T13:51:41.637+0000][1099914][trace][gc,age      ] GC(131) - age   1:     554080 bytes,     554080 total
[2025-08-28T13:51:41.637+0000][1099914][trace][gc,age      ] GC(131) - age   2:      40000 bytes,     594080 total
[2025-08-28T13:51:41.637+0000][1099914][trace][gc,age      ] GC(131) - age   3:      59552 bytes,     653632 total
[2025-08-28T13:51:41.637+0000][1099914][trace][gc,age      ] GC(131) - age   4:        176 bytes,     653808 total
[2025-08-28T13:51:41.637+0000][1099914][trace][gc,age      ] GC(131) - age   6:       2680 bytes,     656488 total
[2025-08-28T13:51:41.637+0000][1099914][trace][gc,age      ] GC(131) - age   7:        352 bytes,     656840 total
[2025-08-28T13:51:41.637+0000][1099914][trace][gc,age      ] GC(131) - age   8:        224 bytes,     657064 total
[2025-08-28T13:51:41.637+0000][1099914][trace][gc,age      ] GC(131) - age  15:         32 bytes,     657096 total
[2025-08-28T13:51:41.637+0000][1099914][info ][gc,heap     ] GC(131) Eden regions: 75->0(75)
[2025-08-28T13:51:41.637+0000][1099914][info ][gc,heap     ] GC(131) Survivor regions: 1->1(10)
[2025-08-28T13:51:41.637+0000][1099914][info ][gc,heap     ] GC(131) Old regions: 24->24
[2025-08-28T13:51:41.637+0000][1099914][info ][gc,heap     ] GC(131) Humongous regions: 0->0
[2025-08-28T13:51:41.637+0000][1099914][info ][gc,metaspace] GC(131) Metaspace: 136663K(140480K)->136663K(140480K) NonClass: 118135K(120128K)->118135K(120128K) Class: 18528K(20352K)->18528K(20352K)
[2025-08-28T13:51:41.637+0000][1099914][info ][gc          ] GC(131) Pause Young (Normal) (G1 Evacuation Pause) 396M->96M(512M) 1.638ms
[2025-08-28T13:51:41.637+0000][1099914][info ][gc,cpu      ] GC(131) User=0.00s Sys=0.00s Real=0.00s
[2025-08-28T13:51:41.637+0000][1099914][info ][safepoint   ] Safepoint "G1CollectForAllocation", Time since last: 1998152646 ns, Reaching safepoint: 28894 ns, Cleanup: 3725 ns, At safepoint: 1713324 ns, Total: 1745943 ns
[2025-08-28T13:51:43.613+0000][1099914][info ][gc,start    ] GC(132) Pause Young (Normal) (G1 Evacuation Pause)
[2025-08-28T13:51:43.613+0000][1099914][info ][gc,task     ] GC(132) Using 12 workers of 33 for evacuation
[2025-08-28T13:51:43.613+0000][1099914][debug][gc,age      ] GC(132) Desired survivor size 20971520 bytes, new threshold 15 (max threshold 15)
[2025-08-28T13:51:43.614+0000][1099914][info ][gc,phases   ] GC(132)   Pre Evacuate Collection Set: 0.2ms
[2025-08-28T13:51:43.615+0000][1099914][info ][gc,phases   ] GC(132)   Merge Heap Roots: 0.1ms
[2025-08-28T13:51:43.615+0000][1099914][info ][gc,phases   ] GC(132)   Evacuate Collection Set: 0.9ms
[2025-08-28T13:51:43.615+0000][1099914][info ][gc,phases   ] GC(132)   Post Evacuate Collection Set: 0.3ms
[2025-08-28T13:51:43.615+0000][1099914][info ][gc,phases   ] GC(132)   Other: 0.0ms
[2025-08-28T13:51:43.615+0000][1099914][trace][gc,age      ] GC(132) Age table with threshold 15 (max threshold 15)
[2025-08-28T13:51:43.615+0000][1099914][trace][gc,age      ] GC(132) - age   1:     539528 bytes,     539528 total
[2025-08-28T13:51:43.615+0000][1099914][trace][gc,age      ] GC(132) - age   3:      39288 bytes,     578816 total
[2025-08-28T13:51:43.615+0000][1099914][trace][gc,age      ] GC(132) - age   4:      59552 bytes,     638368 total
[2025-08-28T13:51:43.615+0000][1099914][trace][gc,age      ] GC(132) - age   5:        176 bytes,     638544 total
[2025-08-28T13:51:43.615+0000][1099914][trace][gc,age      ] GC(132) - age   7:       2680 bytes,     641224 total
[2025-08-28T13:51:43.615+0000][1099914][trace][gc,age      ] GC(132) - age   8:        352 bytes,     641576 total
[2025-08-28T13:51:43.615+0000][1099914][trace][gc,age      ] GC(132) - age   9:        224 bytes,     641800 total
[2025-08-28T13:51:43.615+0000][1099914][info ][gc,heap     ] GC(132) Eden regions: 75->0(75)
[2025-08-28T13:51:43.615+0000][1099914][info ][gc,heap     ] GC(132) Survivor regions: 1->1(10)
[2025-08-28T13:51:43.615+0000][1099914][info ][gc,heap     ] GC(132) Old regions: 24->24
[2025-08-28T13:51:43.615+0000][1099914][info ][gc,heap     ] GC(132) Humongous regions: 0->0
[2025-08-28T13:51:43.615+0000][1099914][info ][gc,metaspace] GC(132) Metaspace: 136663K(140480K)->136663K(140480K) NonClass: 118135K(120128K)->118135K(120128K) Class: 18528K(20352K)->18528K(20352K)
[2025-08-28T13:51:43.615+0000][1099914][info ][gc          ] GC(132) Pause Young (Normal) (G1 Evacuation Pause) 396M->96M(512M) 1.606ms
[2025-08-28T13:51:43.615+0000][1099914][info ][gc,cpu      ] GC(132) User=0.01s Sys=0.00s Real=0.00s
[2025-08-28T13:51:43.615+0000][1099914][info ][safepoint   ] Safepoint "G1CollectForAllocation", Time since last: 1975952454 ns, Reaching safepoint: 10085 ns, Cleanup: 3876 ns, At safepoint: 1674065 ns, Total: 1688026 ns
[2025-08-28T13:51:45.754+0000][1099914][info ][gc,start    ] GC(133) Pause Young (Normal) (G1 Evacuation Pause)
[2025-08-28T13:51:45.754+0000][1099914][info ][gc,task     ] GC(133) Using 12 workers of 33 for evacuation
[2025-08-28T13:51:45.754+0000][1099914][debug][gc,age      ] GC(133) Desired survivor size 20971520 bytes, new threshold 15 (max threshold 15)
[2025-08-28T13:51:45.756+0000][1099914][info ][gc,phases   ] GC(133)   Pre Evacuate Collection Set: 0.2ms
[2025-08-28T13:51:45.756+0000][1099914][info ][gc,phases   ] GC(133)   Merge Heap Roots: 0.1ms
[2025-08-28T13:51:45.756+0000][1099914][info ][gc,phases   ] GC(133)   Evacuate Collection Set: 1.0ms
[2025-08-28T13:51:45.756+0000][1099914][info ][gc,phases   ] GC(133)   Post Evacuate Collection Set: 0.3ms
[2025-08-28T13:51:45.756+0000][1099914][info ][gc,phases   ] GC(133)   Other: 0.1ms
[2025-08-28T13:51:45.756+0000][1099914][trace][gc,age      ] GC(133) Age table with threshold 15 (max threshold 15)
[2025-08-28T13:51:45.756+0000][1099914][trace][gc,age      ] GC(133) - age   1:     539160 bytes,     539160 total
[2025-08-28T13:51:45.756+0000][1099914][trace][gc,age      ] GC(133) - age   2:        744 bytes,     539904 total
[2025-08-28T13:51:45.756+0000][1099914][trace][gc,age      ] GC(133) - age   4:      39224 bytes,     579128 total
[2025-08-28T13:51:45.756+0000][1099914][trace][gc,age      ] GC(133) - age   5:      59552 bytes,     638680 total
[2025-08-28T13:51:45.756+0000][1099914][trace][gc,age      ] GC(133) - age   8:       2680 bytes,     641360 total
[2025-08-28T13:51:45.756+0000][1099914][trace][gc,age      ] GC(133) - age   9:        352 bytes,     641712 total
[2025-08-28T13:51:45.756+0000][1099914][trace][gc,age      ] GC(133) - age  10:        224 bytes,     641936 total
[2025-08-28T13:51:45.756+0000][1099914][info ][gc,heap     ] GC(133) Eden regions: 75->0(75)
[2025-08-28T13:51:45.756+0000][1099914][info ][gc,heap     ] GC(133) Survivor regions: 1->1(10)
[2025-08-28T13:51:45.756+0000][1099914][info ][gc,heap     ] GC(133) Old regions: 24->24
[2025-08-28T13:51:45.756+0000][1099914][info ][gc,heap     ] GC(133) Humongous regions: 0->0
[2025-08-28T13:51:45.756+0000][1099914][info ][gc,metaspace] GC(133) Metaspace: 136663K(140480K)->136663K(140480K) NonClass: 118135K(120128K)->118135K(120128K) Class: 18528K(20352K)->18528K(20352K)
[2025-08-28T13:51:45.756+0000][1099914][info ][gc          ] GC(133) Pause Young (Normal) (G1 Evacuation Pause) 396M->96M(512M) 1.691ms
[2025-08-28T13:51:45.756+0000][1099914][info ][gc,cpu      ] GC(133) User=0.01s Sys=0.00s Real=0.00s
[2025-08-28T13:51:45.756+0000][1099914][info ][safepoint   ] Safepoint "G1CollectForAllocation", Time since last: 2139418368 ns, Reaching safepoint: 41873 ns, Cleanup: 3785 ns, At safepoint: 1756900 ns, Total: 1802558 ns
[2025-08-28T13:51:46.756+0000][1099914][info ][safepoint   ] Safepoint "Cleanup", Time since last: 1000082669 ns, Reaching safepoint: 10586 ns, Cleanup: 10566 ns, At safepoint: 2564 ns, Total: 23716 ns
[2025-08-28T13:51:47.781+0000][1099914][info ][gc,start    ] GC(134) Pause Young (Normal) (G1 Evacuation Pause)
[2025-08-28T13:51:47.781+0000][1099914][info ][gc,task     ] GC(134) Using 12 workers of 33 for evacuation
[2025-08-28T13:51:47.781+0000][1099914][debug][gc,age      ] GC(134) Desired survivor size 20971520 bytes, new threshold 15 (max threshold 15)
[2025-08-28T13:51:47.783+0000][1099914][info ][gc,phases   ] GC(134)   Pre Evacuate Collection Set: 0.1ms
[2025-08-28T13:51:47.783+0000][1099914][info ][gc,phases   ] GC(134)   Merge Heap Roots: 0.1ms
[2025-08-28T13:51:47.783+0000][1099914][info ][gc,phases   ] GC(134)   Evacuate Collection Set: 1.0ms
[2025-08-28T13:51:47.783+0000][1099914][info ][gc,phases   ] GC(134)   Post Evacuate Collection Set: 0.4ms
[2025-08-28T13:51:47.783+0000][1099914][info ][gc,phases   ] GC(134)   Other: 0.0ms
[2025-08-28T13:51:47.783+0000][1099914][trace][gc,age      ] GC(134) Age table with threshold 15 (max threshold 15)
[2025-08-28T13:51:47.783+0000][1099914][trace][gc,age      ] GC(134) - age   1:     539864 bytes,     539864 total
[2025-08-28T13:51:47.783+0000][1099914][trace][gc,age      ] GC(134) - age   2:        240 bytes,     540104 total
[2025-08-28T13:51:47.783+0000][1099914][trace][gc,age      ] GC(134) - age   3:        568 bytes,     540672 total
[2025-08-28T13:51:47.783+0000][1099914][trace][gc,age      ] GC(134) - age   5:      39224 bytes,     579896 total
[2025-08-28T13:51:47.783+0000][1099914][trace][gc,age      ] GC(134) - age   6:      59408 bytes,     639304 total
[2025-08-28T13:51:47.783+0000][1099914][trace][gc,age      ] GC(134) - age   9:       2144 bytes,     641448 total
[2025-08-28T13:51:47.783+0000][1099914][trace][gc,age      ] GC(134) - age  10:        352 bytes,     641800 total
[2025-08-28T13:51:47.783+0000][1099914][trace][gc,age      ] GC(134) - age  11:        112 bytes,     641912 total
[2025-08-28T13:51:47.783+0000][1099914][info ][gc,heap     ] GC(134) Eden regions: 75->0(75)
[2025-08-28T13:51:47.783+0000][1099914][info ][gc,heap     ] GC(134) Survivor regions: 1->1(10)
[2025-08-28T13:51:47.783+0000][1099914][info ][gc,heap     ] GC(134) Old regions: 24->24
[2025-08-28T13:51:47.783+0000][1099914][info ][gc,heap     ] GC(134) Humongous regions: 0->0
[2025-08-28T13:51:47.783+0000][1099914][info ][gc,metaspace] GC(134) Metaspace: 136663K(140480K)->136663K(140480K) NonClass: 118135K(120128K)->118135K(120128K) Class: 18528K(20352K)->18528K(20352K)
[2025-08-28T13:51:47.783+0000][1099914][info ][gc          ] GC(134) Pause Young (Normal) (G1 Evacuation Pause) 396M->96M(512M) 1.702ms
[2025-08-28T13:51:47.783+0000][1099914][info ][gc,cpu      ] GC(134) User=0.00s Sys=0.00s Real=0.00s
[2025-08-28T13:51:47.783+0000][1099914][info ][safepoint   ] Safepoint "G1CollectForAllocation", Time since last: 1025162927 ns, Reaching safepoint: 10997 ns, Cleanup: 4046 ns, At safepoint: 1767455 ns, Total: 1782498 ns
[2025-08-28T13:51:49.791+0000][1099914][info ][gc,start    ] GC(135) Pause Young (Normal) (G1 Evacuation Pause)
[2025-08-28T13:51:49.791+0000][1099914][info ][gc,task     ] GC(135) Using 12 workers of 33 for evacuation
[2025-08-28T13:51:49.791+0000][1099914][debug][gc,age      ] GC(135) Desired survivor size 20971520 bytes, new threshold 15 (max threshold 15)
[2025-08-28T13:51:49.793+0000][1099914][info ][gc,phases   ] GC(135)   Pre Evacuate Collection Set: 0.2ms
[2025-08-28T13:51:49.793+0000][1099914][info ][gc,phases   ] GC(135)   Merge Heap Roots: 0.0ms
[2025-08-28T13:51:49.793+0000][1099914][info ][gc,phases   ] GC(135)   Evacuate Collection Set: 1.1ms
[2025-08-28T13:51:49.793+0000][1099914][info ][gc,phases   ] GC(135)   Post Evacuate Collection Set: 0.4ms
[2025-08-28T13:51:49.793+0000][1099914][info ][gc,phases   ] GC(135)   Other: 0.0ms
[2025-08-28T13:51:49.793+0000][1099914][trace][gc,age      ] GC(135) Age table with threshold 15 (max threshold 15)
[2025-08-28T13:51:49.793+0000][1099914][trace][gc,age      ] GC(135) - age   1:     554320 bytes,     554320 total
[2025-08-28T13:51:49.793+0000][1099914][trace][gc,age      ] GC(135) - age   2:       1080 bytes,     555400 total
[2025-08-28T13:51:49.793+0000][1099914][trace][gc,age      ] GC(135) - age   3:        240 bytes,     555640 total
[2025-08-28T13:51:49.793+0000][1099914][trace][gc,age      ] GC(135) - age   4:         32 bytes,     555672 total
[2025-08-28T13:51:49.793+0000][1099914][trace][gc,age      ] GC(135) - age   6:      39224 bytes,     594896 total
[2025-08-28T13:51:49.793+0000][1099914][trace][gc,age      ] GC(135) - age   7:      59408 bytes,     654304 total
[2025-08-28T13:51:49.793+0000][1099914][trace][gc,age      ] GC(135) - age  10:       2144 bytes,     656448 total
[2025-08-28T13:51:49.793+0000][1099914][trace][gc,age      ] GC(135) - age  11:        352 bytes,     656800 total
[2025-08-28T13:51:49.793+0000][1099914][trace][gc,age      ] GC(135) - age  12:        112 bytes,     656912 total
[2025-08-28T13:51:49.793+0000][1099914][info ][gc,heap     ] GC(135) Eden regions: 75->0(75)
[2025-08-28T13:51:49.793+0000][1099914][info ][gc,heap     ] GC(135) Survivor regions: 1->1(10)
[2025-08-28T13:51:49.793+0000][1099914][info ][gc,heap     ] GC(135) Old regions: 24->24
[2025-08-28T13:51:49.793+0000][1099914][info ][gc,heap     ] GC(135) Humongous regions: 0->0
[2025-08-28T13:51:49.793+0000][1099914][info ][gc,metaspace] GC(135) Metaspace: 136663K(140480K)->136663K(140480K) NonClass: 118135K(120128K)->118135K(120128K) Class: 18528K(20352K)->18528K(20352K)
[2025-08-28T13:51:49.793+0000][1099914][info ][gc          ] GC(135) Pause Young (Normal) (G1 Evacuation Pause) 396M->96M(512M) 1.860ms
[2025-08-28T13:51:49.793+0000][1099914][info ][gc,cpu      ] GC(135) User=0.01s Sys=0.00s Real=0.00s
[2025-08-28T13:51:49.793+0000][1099914][info ][safepoint   ] Safepoint "G1CollectForAllocation", Time since last: 2008016333 ns, Reaching safepoint: 10135 ns, Cleanup: 3656 ns, At safepoint: 1927536 ns, Total: 1941327 ns
[2025-08-28T13:51:51.816+0000][1099914][info ][gc,start    ] GC(136) Pause Young (Normal) (G1 Evacuation Pause)
[2025-08-28T13:51:51.816+0000][1099914][info ][gc,task     ] GC(136) Using 12 workers of 33 for evacuation
[2025-08-28T13:51:51.816+0000][1099914][debug][gc,age      ] GC(136) Desired survivor size 20971520 bytes, new threshold 15 (max threshold 15)
[2025-08-28T13:51:51.818+0000][1099914][info ][gc,phases   ] GC(136)   Pre Evacuate Collection Set: 0.2ms
[2025-08-28T13:51:51.818+0000][1099914][info ][gc,phases   ] GC(136)   Merge Heap Roots: 0.0ms
[2025-08-28T13:51:51.818+0000][1099914][info ][gc,phases   ] GC(136)   Evacuate Collection Set: 1.0ms
[2025-08-28T13:51:51.818+0000][1099914][info ][gc,phases   ] GC(136)   Post Evacuate Collection Set: 0.4ms
[2025-08-28T13:51:51.818+0000][1099914][info ][gc,phases   ] GC(136)   Other: 0.1ms
[2025-08-28T13:51:51.818+0000][1099914][trace][gc,age      ] GC(136) Age table with threshold 15 (max threshold 15)
[2025-08-28T13:51:51.818+0000][1099914][trace][gc,age      ] GC(136) - age   1:     554808 bytes,     554808 total
[2025-08-28T13:51:51.818+0000][1099914][trace][gc,age      ] GC(136) - age   2:        568 bytes,     555376 total
[2025-08-28T13:51:51.818+0000][1099914][trace][gc,age      ] GC(136) - age   3:       1080 bytes,     556456 total
[2025-08-28T13:51:51.818+0000][1099914][trace][gc,age      ] GC(136) - age   4:        240 bytes,     556696 total
[2025-08-28T13:51:51.818+0000][1099914][trace][gc,age      ] GC(136) - age   5:         32 bytes,     556728 total
[2025-08-28T13:51:51.818+0000][1099914][trace][gc,age      ] GC(136) - age   7:      39224 bytes,     595952 total
[2025-08-28T13:51:51.818+0000][1099914][trace][gc,age      ] GC(136) - age   8:      59184 bytes,     655136 total
[2025-08-28T13:51:51.818+0000][1099914][trace][gc,age      ] GC(136) - age  11:       2144 bytes,     657280 total
[2025-08-28T13:51:51.818+0000][1099914][trace][gc,age      ] GC(136) - age  12:        352 bytes,     657632 total
[2025-08-28T13:51:51.818+0000][1099914][trace][gc,age      ] GC(136) - age  13:        112 bytes,     657744 total
[2025-08-28T13:51:51.818+0000][1099914][info ][gc,heap     ] GC(136) Eden regions: 75->0(75)
[2025-08-28T13:51:51.818+0000][1099914][info ][gc,heap     ] GC(136) Survivor regions: 1->1(10)
[2025-08-28T13:51:51.818+0000][1099914][info ][gc,heap     ] GC(136) Old regions: 24->24
[2025-08-28T13:51:51.818+0000][1099914][info ][gc,heap     ] GC(136) Humongous regions: 0->0
[2025-08-28T13:51:51.818+0000][1099914][info ][gc,metaspace] GC(136) Metaspace: 136663K(140480K)->136663K(140480K) NonClass: 118135K(120128K)->118135K(120128K) Class: 18528K(20352K)->18528K(20352K)
[2025-08-28T13:51:51.818+0000][1099914][info ][gc          ] GC(136) Pause Young (Normal) (G1 Evacuation Pause) 396M->96M(512M) 1.823ms
[2025-08-28T13:51:51.818+0000][1099914][info ][gc,cpu      ] GC(136) User=0.00s Sys=0.00s Real=0.00s
[2025-08-28T13:51:51.818+0000][1099914][info ][safepoint   ] Safepoint "G1CollectForAllocation", Time since last: 2023102427 ns, Reaching safepoint: 40821 ns, Cleanup: 3686 ns, At safepoint: 1889478 ns, Total: 1933985 ns
[2025-08-28T13:51:53.844+0000][1099914][info ][gc,start    ] GC(137) Pause Young (Normal) (G1 Evacuation Pause)
[2025-08-28T13:51:53.844+0000][1099914][info ][gc,task     ] GC(137) Using 12 workers of 33 for evacuation
[2025-08-28T13:51:53.844+0000][1099914][debug][gc,age      ] GC(137) Desired survivor size 20971520 bytes, new threshold 15 (max threshold 15)
[2025-08-28T13:51:53.846+0000][1099914][info ][gc,phases   ] GC(137)   Pre Evacuate Collection Set: 0.2ms
[2025-08-28T13:51:53.846+0000][1099914][info ][gc,phases   ] GC(137)   Merge Heap Roots: 0.1ms
[2025-08-28T13:51:53.846+0000][1099914][info ][gc,phases   ] GC(137)   Evacuate Collection Set: 1.1ms
[2025-08-28T13:51:53.846+0000][1099914][info ][gc,phases   ] GC(137)   Post Evacuate Collection Set: 0.4ms
[2025-08-28T13:51:53.846+0000][1099914][info ][gc,phases   ] GC(137)   Other: 0.0ms
[2025-08-28T13:51:53.846+0000][1099914][trace][gc,age      ] GC(137) Age table with threshold 15 (max threshold 15)
[2025-08-28T13:51:53.846+0000][1099914][trace][gc,age      ] GC(137) - age   1:     539672 bytes,     539672 total
[2025-08-28T13:51:53.846+0000][1099914][trace][gc,age      ] GC(137) - age   2:        224 bytes,     539896 total
[2025-08-28T13:51:53.846+0000][1099914][trace][gc,age      ] GC(137) - age   3:         32 bytes,     539928 total
[2025-08-28T13:51:53.846+0000][1099914][trace][gc,age      ] GC(137) - age   4:        904 bytes,     540832 total
[2025-08-28T13:51:53.846+0000][1099914][trace][gc,age      ] GC(137) - age   5:        240 bytes,     541072 total
[2025-08-28T13:51:53.846+0000][1099914][trace][gc,age      ] GC(137) - age   6:         32 bytes,     541104 total
[2025-08-28T13:51:53.846+0000][1099914][trace][gc,age      ] GC(137) - age   8:      39224 bytes,     580328 total
[2025-08-28T13:51:53.846+0000][1099914][trace][gc,age      ] GC(137) - age   9:      59184 bytes,     639512 total
[2025-08-28T13:51:53.846+0000][1099914][trace][gc,age      ] GC(137) - age  12:       2144 bytes,     641656 total
[2025-08-28T13:51:53.846+0000][1099914][trace][gc,age      ] GC(137) - age  13:        176 bytes,     641832 total
[2025-08-28T13:51:53.846+0000][1099914][trace][gc,age      ] GC(137) - age  14:        112 bytes,     641944 total
[2025-08-28T13:51:53.846+0000][1099914][info ][gc,heap     ] GC(137) Eden regions: 75->0(75)
[2025-08-28T13:51:53.846+0000][1099914][info ][gc,heap     ] GC(137) Survivor regions: 1->1(10)
[2025-08-28T13:51:53.846+0000][1099914][info ][gc,heap     ] GC(137) Old regions: 24->24
[2025-08-28T13:51:53.846+0000][1099914][info ][gc,heap     ] GC(137) Humongous regions: 0->0
[2025-08-28T13:51:53.846+0000][1099914][info ][gc,metaspace] GC(137) Metaspace: 136663K(140480K)->136663K(140480K) NonClass: 118135K(120128K)->118135K(120128K) Class: 18528K(20352K)->18528K(20352K)
[2025-08-28T13:51:53.846+0000][1099914][info ][gc          ] GC(137) Pause Young (Normal) (G1 Evacuation Pause) 396M->96M(512M) 1.850ms
[2025-08-28T13:51:53.846+0000][1099914][info ][gc,cpu      ] GC(137) User=0.01s Sys=0.00s Real=0.00s
[2025-08-28T13:51:53.846+0000][1099914][info ][safepoint   ] Safepoint "G1CollectForAllocation", Time since last: 2026030085 ns, Reaching safepoint: 10115 ns, Cleanup: 3746 ns, At safepoint: 1915808 ns, Total: 1929669 ns
[2025-08-28T13:51:55.866+0000][1099914][info ][gc,start    ] GC(138) Pause Young (Normal) (G1 Evacuation Pause)
[2025-08-28T13:51:55.866+0000][1099914][info ][gc,task     ] GC(138) Using 12 workers of 33 for evacuation
[2025-08-28T13:51:55.866+0000][1099914][debug][gc,age      ] GC(138) Desired survivor size 20971520 bytes, new threshold 15 (max threshold 15)
[2025-08-28T13:51:55.867+0000][1099914][info ][gc,phases   ] GC(138)   Pre Evacuate Collection Set: 0.1ms
[2025-08-28T13:51:55.867+0000][1099914][info ][gc,phases   ] GC(138)   Merge Heap Roots: 0.1ms
[2025-08-28T13:51:55.867+0000][1099914][info ][gc,phases   ] GC(138)   Evacuate Collection Set: 0.9ms
[2025-08-28T13:51:55.868+0000][1099914][info ][gc,phases   ] GC(138)   Post Evacuate Collection Set: 0.3ms
[2025-08-28T13:51:55.868+0000][1099914][info ][gc,phases   ] GC(138)   Other: 0.0ms
[2025-08-28T13:51:55.868+0000][1099914][trace][gc,age      ] GC(138) Age table with threshold 15 (max threshold 15)
[2025-08-28T13:51:55.868+0000][1099914][trace][gc,age      ] GC(138) - age   1:     555152 bytes,     555152 total
[2025-08-28T13:51:55.868+0000][1099914][trace][gc,age      ] GC(138) - age   2:        888 bytes,     556040 total
[2025-08-28T13:51:55.868+0000][1099914][trace][gc,age      ] GC(138) - age   3:        224 bytes,     556264 total
[2025-08-28T13:51:55.868+0000][1099914][trace][gc,age      ] GC(138) - age   4:         32 bytes,     556296 total
[2025-08-28T13:51:55.868+0000][1099914][trace][gc,age      ] GC(138) - age   5:        368 bytes,     556664 total
[2025-08-28T13:51:55.868+0000][1099914][trace][gc,age      ] GC(138) - age   7:         32 bytes,     556696 total
[2025-08-28T13:51:55.868+0000][1099914][trace][gc,age      ] GC(138) - age   9:      39224 bytes,     595920 total
[2025-08-28T13:51:55.868+0000][1099914][trace][gc,age      ] GC(138) - age  10:      59184 bytes,     655104 total
[2025-08-28T13:51:55.868+0000][1099914][trace][gc,age      ] GC(138) - age  13:       1592 bytes,     656696 total
[2025-08-28T13:51:55.868+0000][1099914][trace][gc,age      ] GC(138) - age  14:        176 bytes,     656872 total
[2025-08-28T13:51:55.868+0000][1099914][trace][gc,age      ] GC(138) - age  15:        112 bytes,     656984 total
[2025-08-28T13:51:55.868+0000][1099914][info ][gc,heap     ] GC(138) Eden regions: 75->0(75)
[2025-08-28T13:51:55.868+0000][1099914][info ][gc,heap     ] GC(138) Survivor regions: 1->1(10)
[2025-08-28T13:51:55.868+0000][1099914][info ][gc,heap     ] GC(138) Old regions: 24->24
[2025-08-28T13:51:55.868+0000][1099914][info ][gc,heap     ] GC(138) Humongous regions: 0->0
[2025-08-28T13:51:55.868+0000][1099914][info ][gc,metaspace] GC(138) Metaspace: 136663K(140480K)->136663K(140480K) NonClass: 118135K(120128K)->118135K(120128K) Class: 18528K(20352K)->18528K(20352K)
[2025-08-28T13:51:55.868+0000][1099914][info ][gc          ] GC(138) Pause Young (Normal) (G1 Evacuation Pause) 396M->96M(512M) 1.575ms
[2025-08-28T13:51:55.868+0000][1099914][info ][gc,cpu      ] GC(138) User=0.00s Sys=0.00s Real=0.00s
[2025-08-28T13:51:55.868+0000][1099914][info ][safepoint   ] Safepoint "G1CollectForAllocation", Time since last: 2020096431 ns, Reaching safepoint: 40842 ns, Cleanup: 3114 ns, At safepoint: 1639163 ns, Total: 1683119 ns
[2025-08-28T13:51:57.894+0000][1099914][info ][gc,start    ] GC(139) Pause Young (Normal) (G1 Evacuation Pause)
[2025-08-28T13:51:57.894+0000][1099914][info ][gc,task     ] GC(139) Using 12 workers of 33 for evacuation
[2025-08-28T13:51:57.894+0000][1099914][debug][gc,age      ] GC(139) Desired survivor size 20971520 bytes, new threshold 15 (max threshold 15)
[2025-08-28T13:51:57.896+0000][1099914][info ][gc,phases   ] GC(139)   Pre Evacuate Collection Set: 0.1ms
[2025-08-28T13:51:57.896+0000][1099914][info ][gc,phases   ] GC(139)   Merge Heap Roots: 0.1ms
[2025-08-28T13:51:57.896+0000][1099914][info ][gc,phases   ] GC(139)   Evacuate Collection Set: 1.3ms
[2025-08-28T13:51:57.896+0000][1099914][info ][gc,phases   ] GC(139)   Post Evacuate Collection Set: 0.4ms
[2025-08-28T13:51:57.896+0000][1099914][info ][gc,phases   ] GC(139)   Other: 0.0ms
[2025-08-28T13:51:57.896+0000][1099914][trace][gc,age      ] GC(139) Age table with threshold 15 (max threshold 15)
[2025-08-28T13:51:57.896+0000][1099914][trace][gc,age      ] GC(139) - age   1:     539496 bytes,     539496 total
[2025-08-28T13:51:57.896+0000][1099914][trace][gc,age      ] GC(139) - age   2:       1328 bytes,     540824 total
[2025-08-28T13:51:57.896+0000][1099914][trace][gc,age      ] GC(139) - age   3:        712 bytes,     541536 total
[2025-08-28T13:51:57.896+0000][1099914][trace][gc,age      ] GC(139) - age   4:        224 bytes,     541760 total
[2025-08-28T13:51:57.896+0000][1099914][trace][gc,age      ] GC(139) - age   5:         32 bytes,     541792 total
[2025-08-28T13:51:57.896+0000][1099914][trace][gc,age      ] GC(139) - age   6:        336 bytes,     542128 total
[2025-08-28T13:51:57.896+0000][1099914][trace][gc,age      ] GC(139) - age   8:         32 bytes,     542160 total
[2025-08-28T13:51:57.896+0000][1099914][trace][gc,age      ] GC(139) - age  10:      39224 bytes,     581384 total
[2025-08-28T13:51:57.896+0000][1099914][trace][gc,age      ] GC(139) - age  11:      59184 bytes,     640568 total
[2025-08-28T13:51:57.896+0000][1099914][trace][gc,age      ] GC(139) - age  14:       1224 bytes,     641792 total
[2025-08-28T13:51:57.896+0000][1099914][trace][gc,age      ] GC(139) - age  15:        176 bytes,     641968 total
[2025-08-28T13:51:57.896+0000][1099914][info ][gc,heap     ] GC(139) Eden regions: 75->0(75)
[2025-08-28T13:51:57.896+0000][1099914][info ][gc,heap     ] GC(139) Survivor regions: 1->1(10)
[2025-08-28T13:51:57.896+0000][1099914][info ][gc,heap     ] GC(139) Old regions: 24->24
[2025-08-28T13:51:57.896+0000][1099914][info ][gc,heap     ] GC(139) Humongous regions: 0->0
[2025-08-28T13:51:57.896+0000][1099914][info ][gc,metaspace] GC(139) Metaspace: 136663K(140480K)->136663K(140480K) NonClass: 118135K(120128K)->118135K(120128K) Class: 18528K(20352K)->18528K(20352K)
[2025-08-28T13:51:57.896+0000][1099914][info ][gc          ] GC(139) Pause Young (Normal) (G1 Evacuation Pause) 396M->96M(512M) 2.023ms
[2025-08-28T13:51:57.896+0000][1099914][info ][gc,cpu      ] GC(139) User=0.00s Sys=0.00s Real=0.00s
[2025-08-28T13:51:57.896+0000][1099914][info ][safepoint   ] Safepoint "G1CollectForAllocation", Time since last: 2026349565 ns, Reaching safepoint: 10526 ns, Cleanup: 3966 ns, At safepoint: 2090921 ns, Total: 2105413 ns
[2025-08-28T13:51:59.919+0000][1099914][info ][gc,start    ] GC(140) Pause Young (Normal) (G1 Evacuation Pause)
[2025-08-28T13:51:59.919+0000][1099914][info ][gc,task     ] GC(140) Using 12 workers of 33 for evacuation
[2025-08-28T13:51:59.919+0000][1099914][debug][gc,age      ] GC(140) Desired survivor size 20971520 bytes, new threshold 15 (max threshold 15)
[2025-08-28T13:51:59.920+0000][1099914][info ][gc,phases   ] GC(140)   Pre Evacuate Collection Set: 0.1ms
[2025-08-28T13:51:59.920+0000][1099914][info ][gc,phases   ] GC(140)   Merge Heap Roots: 0.1ms
[2025-08-28T13:51:59.920+0000][1099914][info ][gc,phases   ] GC(140)   Evacuate Collection Set: 1.0ms
[2025-08-28T13:51:59.920+0000][1099914][info ][gc,phases   ] GC(140)   Post Evacuate Collection Set: 0.3ms
[2025-08-28T13:51:59.920+0000][1099914][info ][gc,phases   ] GC(140)   Other: 0.0ms
[2025-08-28T13:51:59.920+0000][1099914][trace][gc,age      ] GC(140) Age table with threshold 15 (max threshold 15)
[2025-08-28T13:51:59.920+0000][1099914][trace][gc,age      ] GC(140) - age   1:     539320 bytes,     539320 total
[2025-08-28T13:51:59.920+0000][1099914][trace][gc,age      ] GC(140) - age   2:        576 bytes,     539896 total
[2025-08-28T13:51:59.920+0000][1099914][trace][gc,age      ] GC(140) - age   3:       1328 bytes,     541224 total
[2025-08-28T13:51:59.920+0000][1099914][trace][gc,age      ] GC(140) - age   4:        176 bytes,     541400 total
[2025-08-28T13:51:59.920+0000][1099914][trace][gc,age      ] GC(140) - age   5:        224 bytes,     541624 total
[2025-08-28T13:51:59.920+0000][1099914][trace][gc,age      ] GC(140) - age   6:         32 bytes,     541656 total
[2025-08-28T13:51:59.920+0000][1099914][trace][gc,age      ] GC(140) - age   7:        336 bytes,     541992 total
[2025-08-28T13:51:59.920+0000][1099914][trace][gc,age      ] GC(140) - age   9:         32 bytes,     542024 total
[2025-08-28T13:51:59.920+0000][1099914][trace][gc,age      ] GC(140) - age  11:      39224 bytes,     581248 total
[2025-08-28T13:51:59.920+0000][1099914][trace][gc,age      ] GC(140) - age  12:      59184 bytes,     640432 total
[2025-08-28T13:51:59.920+0000][1099914][trace][gc,age      ] GC(140) - age  15:       1224 bytes,     641656 total
[2025-08-28T13:51:59.920+0000][1099914][info ][gc,heap     ] GC(140) Eden regions: 75->0(75)
[2025-08-28T13:51:59.920+0000][1099914][info ][gc,heap     ] GC(140) Survivor regions: 1->1(10)
[2025-08-28T13:51:59.920+0000][1099914][info ][gc,heap     ] GC(140) Old regions: 24->24
[2025-08-28T13:51:59.920+0000][1099914][info ][gc,heap     ] GC(140) Humongous regions: 0->0
[2025-08-28T13:51:59.920+0000][1099914][info ][gc,metaspace] GC(140) Metaspace: 136663K(140480K)->136663K(140480K) NonClass: 118135K(120128K)->118135K(120128K) Class: 18528K(20352K)->18528K(20352K)
[2025-08-28T13:51:59.920+0000][1099914][info ][gc          ] GC(140) Pause Young (Normal) (G1 Evacuation Pause) 396M->96M(512M) 1.645ms
[2025-08-28T13:51:59.920+0000][1099914][info ][gc,cpu      ] GC(140) User=0.01s Sys=0.00s Real=0.00s
[2025-08-28T13:51:59.920+0000][1099914][info ][safepoint   ] Safepoint "G1CollectForAllocation", Time since last: 2022635726 ns, Reaching safepoint: 10245 ns, Cleanup: 4697 ns, At safepoint: 1709769 ns, Total: 1724711 ns
[2025-08-28T13:52:01.941+0000][1099914][info ][gc,start    ] GC(141) Pause Young (Normal) (G1 Evacuation Pause)
[2025-08-28T13:52:01.941+0000][1099914][info ][gc,task     ] GC(141) Using 12 workers of 33 for evacuation
[2025-08-28T13:52:01.941+0000][1099914][debug][gc,age      ] GC(141) Desired survivor size 20971520 bytes, new threshold 15 (max threshold 15)
[2025-08-28T13:52:01.943+0000][1099914][info ][gc,phases   ] GC(141)   Pre Evacuate Collection Set: 0.1ms
[2025-08-28T13:52:01.943+0000][1099914][info ][gc,phases   ] GC(141)   Merge Heap Roots: 0.1ms
[2025-08-28T13:52:01.943+0000][1099914][info ][gc,phases   ] GC(141)   Evacuate Collection Set: 1.0ms
[2025-08-28T13:52:01.943+0000][1099914][info ][gc,phases   ] GC(141)   Post Evacuate Collection Set: 0.4ms
[2025-08-28T13:52:01.943+0000][1099914][info ][gc,phases   ] GC(141)   Other: 0.1ms
[2025-08-28T13:52:01.943+0000][1099914][trace][gc,age      ] GC(141) Age table with threshold 15 (max threshold 15)
[2025-08-28T13:52:01.943+0000][1099914][trace][gc,age      ] GC(141) - age   1:     555064 bytes,     555064 total
[2025-08-28T13:52:01.943+0000][1099914][trace][gc,age      ] GC(141) - age   2:        536 bytes,     555600 total
[2025-08-28T13:52:01.943+0000][1099914][trace][gc,age      ] GC(141) - age   3:        576 bytes,     556176 total
[2025-08-28T13:52:01.943+0000][1099914][trace][gc,age      ] GC(141) - age   4:       1328 bytes,     557504 total
[2025-08-28T13:52:01.943+0000][1099914][trace][gc,age      ] GC(141) - age   5:        176 bytes,     557680 total
[2025-08-28T13:52:01.943+0000][1099914][trace][gc,age      ] GC(141) - age   6:        224 bytes,     557904 total
[2025-08-28T13:52:01.943+0000][1099914][trace][gc,age      ] GC(141) - age   7:         32 bytes,     557936 total
[2025-08-28T13:52:01.943+0000][1099914][trace][gc,age      ] GC(141) - age   8:        336 bytes,     558272 total
[2025-08-28T13:52:01.943+0000][1099914][trace][gc,age      ] GC(141) - age  10:         32 bytes,     558304 total
[2025-08-28T13:52:01.943+0000][1099914][trace][gc,age      ] GC(141) - age  12:      39224 bytes,     597528 total
[2025-08-28T13:52:01.943+0000][1099914][trace][gc,age      ] GC(141) - age  13:      59184 bytes,     656712 total
[2025-08-28T13:52:01.943+0000][1099914][info ][gc,heap     ] GC(141) Eden regions: 75->0(75)
[2025-08-28T13:52:01.943+0000][1099914][info ][gc,heap     ] GC(141) Survivor regions: 1->1(10)
[2025-08-28T13:52:01.943+0000][1099914][info ][gc,heap     ] GC(141) Old regions: 24->24
[2025-08-28T13:52:01.943+0000][1099914][info ][gc,heap     ] GC(141) Humongous regions: 0->0
[2025-08-28T13:52:01.943+0000][1099914][info ][gc,metaspace] GC(141) Metaspace: 136663K(140480K)->136663K(140480K) NonClass: 118135K(120128K)->118135K(120128K) Class: 18528K(20352K)->18528K(20352K)
[2025-08-28T13:52:01.943+0000][1099914][info ][gc          ] GC(141) Pause Young (Normal) (G1 Evacuation Pause) 396M->96M(512M) 1.804ms
[2025-08-28T13:52:01.943+0000][1099914][info ][gc,cpu      ] GC(141) User=0.01s Sys=0.00s Real=0.00s
[2025-08-28T13:52:01.943+0000][1099914][info ][safepoint   ] Safepoint "G1CollectForAllocation", Time since last: 2020527008 ns, Reaching safepoint: 40491 ns, Cleanup: 3365 ns, At safepoint: 1871411 ns, Total: 1915267 ns
[2025-08-28T13:52:03.954+0000][1099914][info ][gc,start    ] GC(142) Pause Young (Normal) (G1 Evacuation Pause)
[2025-08-28T13:52:03.954+0000][1099914][info ][gc,task     ] GC(142) Using 12 workers of 33 for evacuation
[2025-08-28T13:52:03.954+0000][1099914][debug][gc,age      ] GC(142) Desired survivor size 20971520 bytes, new threshold 15 (max threshold 15)
[2025-08-28T13:52:03.955+0000][1099914][info ][gc,phases   ] GC(142)   Pre Evacuate Collection Set: 0.2ms
[2025-08-28T13:52:03.955+0000][1099914][info ][gc,phases   ] GC(142)   Merge Heap Roots: 0.1ms
[2025-08-28T13:52:03.955+0000][1099914][info ][gc,phases   ] GC(142)   Evacuate Collection Set: 0.9ms
[2025-08-28T13:52:03.955+0000][1099914][info ][gc,phases   ] GC(142)   Post Evacuate Collection Set: 0.3ms
[2025-08-28T13:52:03.955+0000][1099914][info ][gc,phases   ] GC(142)   Other: 0.0ms
[2025-08-28T13:52:03.955+0000][1099914][trace][gc,age      ] GC(142) Age table with threshold 15 (max threshold 15)
[2025-08-28T13:52:03.955+0000][1099914][trace][gc,age      ] GC(142) - age   1:     555304 bytes,     555304 total
[2025-08-28T13:52:03.955+0000][1099914][trace][gc,age      ] GC(142) - age   4:        400 bytes,     555704 total
[2025-08-28T13:52:03.955+0000][1099914][trace][gc,age      ] GC(142) - age   5:       1328 bytes,     557032 total
[2025-08-28T13:52:03.955+0000][1099914][trace][gc,age      ] GC(142) - age   6:        176 bytes,     557208 total
[2025-08-28T13:52:03.955+0000][1099914][trace][gc,age      ] GC(142) - age   8:         32 bytes,     557240 total
[2025-08-28T13:52:03.955+0000][1099914][trace][gc,age      ] GC(142) - age   9:        336 bytes,     557576 total
[2025-08-28T13:52:03.955+0000][1099914][trace][gc,age      ] GC(142) - age  11:         32 bytes,     557608 total
[2025-08-28T13:52:03.955+0000][1099914][trace][gc,age      ] GC(142) - age  13:      39224 bytes,     596832 total
[2025-08-28T13:52:03.955+0000][1099914][trace][gc,age      ] GC(142) - age  14:      59184 bytes,     656016 total
[2025-08-28T13:52:03.955+0000][1099914][info ][gc,heap     ] GC(142) Eden regions: 75->0(75)
[2025-08-28T13:52:03.955+0000][1099914][info ][gc,heap     ] GC(142) Survivor regions: 1->1(10)
[2025-08-28T13:52:03.955+0000][1099914][info ][gc,heap     ] GC(142) Old regions: 24->24
[2025-08-28T13:52:03.955+0000][1099914][info ][gc,heap     ] GC(142) Humongous regions: 0->0
[2025-08-28T13:52:03.955+0000][1099914][info ][gc,metaspace] GC(142) Metaspace: 136663K(140480K)->136663K(140480K) NonClass: 118135K(120128K)->118135K(120128K) Class: 18528K(20352K)->18528K(20352K)
[2025-08-28T13:52:03.955+0000][1099914][info ][gc          ] GC(142) Pause Young (Normal) (G1 Evacuation Pause) 396M->96M(512M) 1.694ms
[2025-08-28T13:52:03.955+0000][1099914][info ][gc,cpu      ] GC(142) User=0.01s Sys=0.00s Real=0.00s
[2025-08-28T13:52:03.955+0000][1099914][info ][safepoint   ] Safepoint "G1CollectForAllocation", Time since last: 2010628618 ns, Reaching safepoint: 10606 ns, Cleanup: 4026 ns, At safepoint: 1762688 ns, Total: 1777320 ns
[2025-08-28T13:52:05.983+0000][1099914][info ][gc,start    ] GC(143) Pause Young (Normal) (G1 Evacuation Pause)
[2025-08-28T13:52:05.983+0000][1099914][info ][gc,task     ] GC(143) Using 12 workers of 33 for evacuation
[2025-08-28T13:52:05.983+0000][1099914][debug][gc,age      ] GC(143) Desired survivor size 20971520 bytes, new threshold 15 (max threshold 15)
[2025-08-28T13:52:05.985+0000][1099914][info ][gc,phases   ] GC(143)   Pre Evacuate Collection Set: 0.1ms
[2025-08-28T13:52:05.985+0000][1099914][info ][gc,phases   ] GC(143)   Merge Heap Roots: 0.1ms
[2025-08-28T13:52:05.985+0000][1099914][info ][gc,phases   ] GC(143)   Evacuate Collection Set: 1.1ms
[2025-08-28T13:52:05.985+0000][1099914][info ][gc,phases   ] GC(143)   Post Evacuate Collection Set: 0.4ms
[2025-08-28T13:52:05.985+0000][1099914][info ][gc,phases   ] GC(143)   Other: 0.1ms
[2025-08-28T13:52:05.985+0000][1099914][trace][gc,age      ] GC(143) Age table with threshold 15 (max threshold 15)
[2025-08-28T13:52:05.985+0000][1099914][trace][gc,age      ] GC(143) - age   1:     539048 bytes,     539048 total
[2025-08-28T13:52:05.985+0000][1099914][trace][gc,age      ] GC(143) - age   2:        936 bytes,     539984 total
[2025-08-28T13:52:05.985+0000][1099914][trace][gc,age      ] GC(143) - age   5:        400 bytes,     540384 total
[2025-08-28T13:52:05.985+0000][1099914][trace][gc,age      ] GC(143) - age   6:       1088 bytes,     541472 total
[2025-08-28T13:52:05.985+0000][1099914][trace][gc,age      ] GC(143) - age   7:        176 bytes,     541648 total
[2025-08-28T13:52:05.985+0000][1099914][trace][gc,age      ] GC(143) - age   9:         32 bytes,     541680 total
[2025-08-28T13:52:05.985+0000][1099914][trace][gc,age      ] GC(143) - age  10:        336 bytes,     542016 total
[2025-08-28T13:52:05.985+0000][1099914][trace][gc,age      ] GC(143) - age  12:         32 bytes,     542048 total
[2025-08-28T13:52:05.985+0000][1099914][trace][gc,age      ] GC(143) - age  14:      39224 bytes,     581272 total
[2025-08-28T13:52:05.985+0000][1099914][trace][gc,age      ] GC(143) - age  15:      59184 bytes,     640456 total
[2025-08-28T13:52:05.985+0000][1099914][info ][gc,heap     ] GC(143) Eden regions: 75->0(75)
[2025-08-28T13:52:05.985+0000][1099914][info ][gc,heap     ] GC(143) Survivor regions: 1->1(10)
[2025-08-28T13:52:05.985+0000][1099914][info ][gc,heap     ] GC(143) Old regions: 24->24
[2025-08-28T13:52:05.985+0000][1099914][info ][gc,heap     ] GC(143) Humongous regions: 0->0
[2025-08-28T13:52:05.985+0000][1099914][info ][gc,metaspace] GC(143) Metaspace: 136663K(140480K)->136663K(140480K) NonClass: 118135K(120128K)->118135K(120128K) Class: 18528K(20352K)->18528K(20352K)
[2025-08-28T13:52:05.985+0000][1099914][info ][gc          ] GC(143) Pause Young (Normal) (G1 Evacuation Pause) 396M->96M(512M) 1.818ms
[2025-08-28T13:52:05.985+0000][1099914][info ][gc,cpu      ] GC(143) User=0.01s Sys=0.00s Real=0.00s
[2025-08-28T13:52:05.985+0000][1099914][info ][safepoint   ] Safepoint "G1CollectForAllocation", Time since last: 2027748767 ns, Reaching safepoint: 42524 ns, Cleanup: 4106 ns, At safepoint: 1884952 ns, Total: 1931582 ns
[2025-08-28T13:52:08.837+0000][1099914][info ][gc,start    ] GC(144) Pause Young (Normal) (G1 Evacuation Pause)
[2025-08-28T13:52:08.837+0000][1099914][info ][gc,task     ] GC(144) Using 12 workers of 33 for evacuation
[2025-08-28T13:52:08.837+0000][1099914][debug][gc,age      ] GC(144) Desired survivor size 20971520 bytes, new threshold 15 (max threshold 15)
[2025-08-28T13:52:08.839+0000][1099914][info ][gc,phases   ] GC(144)   Pre Evacuate Collection Set: 0.1ms
[2025-08-28T13:52:08.839+0000][1099914][info ][gc,phases   ] GC(144)   Merge Heap Roots: 0.1ms
[2025-08-28T13:52:08.839+0000][1099914][info ][gc,phases   ] GC(144)   Evacuate Collection Set: 1.1ms
[2025-08-28T13:52:08.839+0000][1099914][info ][gc,phases   ] GC(144)   Post Evacuate Collection Set: 0.4ms
[2025-08-28T13:52:08.839+0000][1099914][info ][gc,phases   ] GC(144)   Other: 0.1ms
[2025-08-28T13:52:08.839+0000][1099914][trace][gc,age      ] GC(144) Age table with threshold 15 (max threshold 15)
[2025-08-28T13:52:08.839+0000][1099914][trace][gc,age      ] GC(144) - age   1:     550008 bytes,     550008 total
[2025-08-28T13:52:08.839+0000][1099914][trace][gc,age      ] GC(144) - age   2:        240 bytes,     550248 total
[2025-08-28T13:52:08.839+0000][1099914][trace][gc,age      ] GC(144) - age   3:        224 bytes,     550472 total
[2025-08-28T13:52:08.839+0000][1099914][trace][gc,age      ] GC(144) - age   6:        400 bytes,     550872 total
[2025-08-28T13:52:08.839+0000][1099914][trace][gc,age      ] GC(144) - age   7:       1088 bytes,     551960 total
[2025-08-28T13:52:08.839+0000][1099914][trace][gc,age      ] GC(144) - age   8:        176 bytes,     552136 total
[2025-08-28T13:52:08.839+0000][1099914][trace][gc,age      ] GC(144) - age  10:         32 bytes,     552168 total
[2025-08-28T13:52:08.839+0000][1099914][trace][gc,age      ] GC(144) - age  11:        336 bytes,     552504 total
[2025-08-28T13:52:08.839+0000][1099914][trace][gc,age      ] GC(144) - age  13:         32 bytes,     552536 total
[2025-08-28T13:52:08.839+0000][1099914][trace][gc,age      ] GC(144) - age  15:      39224 bytes,     591760 total
[2025-08-28T13:52:08.839+0000][1099914][info ][gc,heap     ] GC(144) Eden regions: 75->0(75)
[2025-08-28T13:52:08.839+0000][1099914][info ][gc,heap     ] GC(144) Survivor regions: 1->1(10)
[2025-08-28T13:52:08.839+0000][1099914][info ][gc,heap     ] GC(144) Old regions: 24->24
[2025-08-28T13:52:08.839+0000][1099914][info ][gc,heap     ] GC(144) Humongous regions: 0->0
[2025-08-28T13:52:08.839+0000][1099914][info ][gc,metaspace] GC(144) Metaspace: 136663K(140480K)->136663K(140480K) NonClass: 118135K(120128K)->118135K(120128K) Class: 18528K(20352K)->18528K(20352K)
[2025-08-28T13:52:08.839+0000][1099914][info ][gc          ] GC(144) Pause Young (Normal) (G1 Evacuation Pause) 396M->96M(512M) 1.929ms
[2025-08-28T13:52:08.839+0000][1099914][info ][gc,cpu      ] GC(144) User=0.01s Sys=0.00s Real=0.00s
[2025-08-28T13:52:08.839+0000][1099914][info ][safepoint   ] Safepoint "G1CollectForAllocation", Time since last: 2851958603 ns, Reaching safepoint: 10326 ns, Cleanup: 3675 ns, At safepoint: 2052865 ns, Total: 2066866 ns
[2025-08-28T13:52:09.839+0000][1099914][info ][safepoint   ] Safepoint "Cleanup", Time since last: 1000160045 ns, Reaching safepoint: 18007 ns, Cleanup: 17346 ns, At safepoint: 3455 ns, Total: 38808 ns
[2025-08-28T13:52:10.864+0000][1099914][info ][gc,start    ] GC(145) Pause Young (Normal) (G1 Evacuation Pause)
[2025-08-28T13:52:10.864+0000][1099914][info ][gc,task     ] GC(145) Using 12 workers of 33 for evacuation
[2025-08-28T13:52:10.864+0000][1099914][debug][gc,age      ] GC(145) Desired survivor size 20971520 bytes, new threshold 15 (max threshold 15)
[2025-08-28T13:52:10.865+0000][1099914][info ][gc,phases   ] GC(145)   Pre Evacuate Collection Set: 0.2ms
[2025-08-28T13:52:10.865+0000][1099914][info ][gc,phases   ] GC(145)   Merge Heap Roots: 0.1ms
[2025-08-28T13:52:10.865+0000][1099914][info ][gc,phases   ] GC(145)   Evacuate Collection Set: 1.1ms
[2025-08-28T13:52:10.865+0000][1099914][info ][gc,phases   ] GC(145)   Post Evacuate Collection Set: 0.4ms
[2025-08-28T13:52:10.865+0000][1099914][info ][gc,phases   ] GC(145)   Other: 0.1ms
[2025-08-28T13:52:10.865+0000][1099914][trace][gc,age      ] GC(145) Age table with threshold 15 (max threshold 15)
[2025-08-28T13:52:10.865+0000][1099914][trace][gc,age      ] GC(145) - age   1:     555168 bytes,     555168 total
[2025-08-28T13:52:10.865+0000][1099914][trace][gc,age      ] GC(145) - age   2:      11088 bytes,     566256 total
[2025-08-28T13:52:10.865+0000][1099914][trace][gc,age      ] GC(145) - age   3:        240 bytes,     566496 total
[2025-08-28T13:52:10.865+0000][1099914][trace][gc,age      ] GC(145) - age   4:        224 bytes,     566720 total
[2025-08-28T13:52:10.865+0000][1099914][trace][gc,age      ] GC(145) - age   7:        400 bytes,     567120 total
[2025-08-28T13:52:10.865+0000][1099914][trace][gc,age      ] GC(145) - age   8:       1088 bytes,     568208 total
[2025-08-28T13:52:10.865+0000][1099914][trace][gc,age      ] GC(145) - age   9:        176 bytes,     568384 total
[2025-08-28T13:52:10.865+0000][1099914][trace][gc,age      ] GC(145) - age  11:         32 bytes,     568416 total
[2025-08-28T13:52:10.866+0000][1099914][trace][gc,age      ] GC(145) - age  12:        336 bytes,     568752 total
[2025-08-28T13:52:10.866+0000][1099914][trace][gc,age      ] GC(145) - age  14:         32 bytes,     568784 total
[2025-08-28T13:52:10.866+0000][1099914][info ][gc,heap     ] GC(145) Eden regions: 75->0(75)
[2025-08-28T13:52:10.866+0000][1099914][info ][gc,heap     ] GC(145) Survivor regions: 1->1(10)
[2025-08-28T13:52:10.866+0000][1099914][info ][gc,heap     ] GC(145) Old regions: 24->24
[2025-08-28T13:52:10.866+0000][1099914][info ][gc,heap     ] GC(145) Humongous regions: 0->0
[2025-08-28T13:52:10.866+0000][1099914][info ][gc,metaspace] GC(145) Metaspace: 136663K(140480K)->136663K(140480K) NonClass: 118135K(120128K)->118135K(120128K) Class: 18528K(20352K)->18528K(20352K)
[2025-08-28T13:52:10.866+0000][1099914][info ][gc          ] GC(145) Pause Young (Normal) (G1 Evacuation Pause) 396M->96M(512M) 1.971ms
[2025-08-28T13:52:10.866+0000][1099914][info ][gc,cpu      ] GC(145) User=0.01s Sys=0.00s Real=0.00s
[2025-08-28T13:52:10.866+0000][1099914][info ][safepoint   ] Safepoint "G1CollectForAllocation", Time since last: 1024264198 ns, Reaching safepoint: 52278 ns, Cleanup: 6239 ns, At safepoint: 2123110 ns, Total: 2181627 ns
[2025-08-28T13:52:12.889+0000][1099914][info ][gc,start    ] GC(146) Pause Young (Normal) (G1 Evacuation Pause)
[2025-08-28T13:52:12.889+0000][1099914][info ][gc,task     ] GC(146) Using 12 workers of 33 for evacuation
[2025-08-28T13:52:12.889+0000][1099914][debug][gc,age      ] GC(146) Desired survivor size 20971520 bytes, new threshold 15 (max threshold 15)
[2025-08-28T13:52:12.891+0000][1099914][info ][gc,phases   ] GC(146)   Pre Evacuate Collection Set: 0.1ms
[2025-08-28T13:52:12.891+0000][1099914][info ][gc,phases   ] GC(146)   Merge Heap Roots: 0.1ms
[2025-08-28T13:52:12.891+0000][1099914][info ][gc,phases   ] GC(146)   Evacuate Collection Set: 1.1ms
[2025-08-28T13:52:12.891+0000][1099914][info ][gc,phases   ] GC(146)   Post Evacuate Collection Set: 0.4ms
[2025-08-28T13:52:12.891+0000][1099914][info ][gc,phases   ] GC(146)   Other: 0.0ms
[2025-08-28T13:52:12.891+0000][1099914][trace][gc,age      ] GC(146) Age table with threshold 15 (max threshold 15)
[2025-08-28T13:52:12.891+0000][1099914][trace][gc,age      ] GC(146) - age   1:     538960 bytes,     538960 total
[2025-08-28T13:52:12.891+0000][1099914][trace][gc,age      ] GC(146) - age   3:      10912 bytes,     549872 total
[2025-08-28T13:52:12.891+0000][1099914][trace][gc,age      ] GC(146) - age   4:        240 bytes,     550112 total
[2025-08-28T13:52:12.891+0000][1099914][trace][gc,age      ] GC(146) - age   5:        224 bytes,     550336 total
[2025-08-28T13:52:12.891+0000][1099914][trace][gc,age      ] GC(146) - age   8:        400 bytes,     550736 total
[2025-08-28T13:52:12.891+0000][1099914][trace][gc,age      ] GC(146) - age   9:       1088 bytes,     551824 total
[2025-08-28T13:52:12.891+0000][1099914][trace][gc,age      ] GC(146) - age  10:        176 bytes,     552000 total
[2025-08-28T13:52:12.891+0000][1099914][trace][gc,age      ] GC(146) - age  12:         32 bytes,     552032 total
[2025-08-28T13:52:12.891+0000][1099914][trace][gc,age      ] GC(146) - age  13:        336 bytes,     552368 total
[2025-08-28T13:52:12.891+0000][1099914][trace][gc,age      ] GC(146) - age  15:         32 bytes,     552400 total
[2025-08-28T13:52:12.891+0000][1099914][info ][gc,heap     ] GC(146) Eden regions: 75->0(75)
[2025-08-28T13:52:12.891+0000][1099914][info ][gc,heap     ] GC(146) Survivor regions: 1->1(10)
[2025-08-28T13:52:12.891+0000][1099914][info ][gc,heap     ] GC(146) Old regions: 24->24
[2025-08-28T13:52:12.891+0000][1099914][info ][gc,heap     ] GC(146) Humongous regions: 0->0
[2025-08-28T13:52:12.891+0000][1099914][info ][gc,metaspace] GC(146) Metaspace: 136663K(140480K)->136663K(140480K) NonClass: 118135K(120128K)->118135K(120128K) Class: 18528K(20352K)->18528K(20352K)
[2025-08-28T13:52:12.891+0000][1099914][info ][gc          ] GC(146) Pause Young (Normal) (G1 Evacuation Pause) 396M->96M(512M) 1.867ms
[2025-08-28T13:52:12.891+0000][1099914][info ][gc,cpu      ] GC(146) User=0.01s Sys=0.00s Real=0.01s
[2025-08-28T13:52:12.891+0000][1099914][info ][safepoint   ] Safepoint "G1CollectForAllocation", Time since last: 2023598342 ns, Reaching safepoint: 12729 ns, Cleanup: 4597 ns, At safepoint: 1938973 ns, Total: 1956299 ns
[2025-08-28T13:52:14.901+0000][1099914][info ][gc,start    ] GC(147) Pause Young (Normal) (G1 Evacuation Pause)
[2025-08-28T13:52:14.901+0000][1099914][info ][gc,task     ] GC(147) Using 12 workers of 33 for evacuation
[2025-08-28T13:52:14.901+0000][1099914][debug][gc,age      ] GC(147) Desired survivor size 20971520 bytes, new threshold 15 (max threshold 15)
[2025-08-28T13:52:14.903+0000][1099914][info ][gc,phases   ] GC(147)   Pre Evacuate Collection Set: 0.2ms
[2025-08-28T13:52:14.903+0000][1099914][info ][gc,phases   ] GC(147)   Merge Heap Roots: 0.1ms
[2025-08-28T13:52:14.903+0000][1099914][info ][gc,phases   ] GC(147)   Evacuate Collection Set: 1.0ms
[2025-08-28T13:52:14.903+0000][1099914][info ][gc,phases   ] GC(147)   Post Evacuate Collection Set: 0.4ms
[2025-08-28T13:52:14.903+0000][1099914][info ][gc,phases   ] GC(147)   Other: 0.1ms
[2025-08-28T13:52:14.903+0000][1099914][trace][gc,age      ] GC(147) Age table with threshold 15 (max threshold 15)
[2025-08-28T13:52:14.903+0000][1099914][trace][gc,age      ] GC(147) - age   1:     555864 bytes,     555864 total
[2025-08-28T13:52:14.903+0000][1099914][trace][gc,age      ] GC(147) - age   2:        176 bytes,     556040 total
[2025-08-28T13:52:14.903+0000][1099914][trace][gc,age      ] GC(147) - age   4:      10216 bytes,     566256 total
[2025-08-28T13:52:14.903+0000][1099914][trace][gc,age      ] GC(147) - age   6:        224 bytes,     566480 total
[2025-08-28T13:52:14.903+0000][1099914][trace][gc,age      ] GC(147) - age   9:        400 bytes,     566880 total
[2025-08-28T13:52:14.903+0000][1099914][trace][gc,age      ] GC(147) - age  10:       1088 bytes,     567968 total
[2025-08-28T13:52:14.903+0000][1099914][trace][gc,age      ] GC(147) - age  11:        176 bytes,     568144 total
[2025-08-28T13:52:14.903+0000][1099914][trace][gc,age      ] GC(147) - age  13:         32 bytes,     568176 total
[2025-08-28T13:52:14.903+0000][1099914][trace][gc,age      ] GC(147) - age  14:        336 bytes,     568512 total
[2025-08-28T13:52:14.903+0000][1099914][info ][gc,heap     ] GC(147) Eden regions: 75->0(75)
[2025-08-28T13:52:14.903+0000][1099914][info ][gc,heap     ] GC(147) Survivor regions: 1->1(10)
[2025-08-28T13:52:14.903+0000][1099914][info ][gc,heap     ] GC(147) Old regions: 24->24
[2025-08-28T13:52:14.903+0000][1099914][info ][gc,heap     ] GC(147) Humongous regions: 0->0
[2025-08-28T13:52:14.903+0000][1099914][info ][gc,metaspace] GC(147) Metaspace: 136663K(140480K)->136663K(140480K) NonClass: 118135K(120128K)->118135K(120128K) Class: 18528K(20352K)->18528K(20352K)
[2025-08-28T13:52:14.903+0000][1099914][info ][gc          ] GC(147) Pause Young (Normal) (G1 Evacuation Pause) 396M->96M(512M) 1.859ms
[2025-08-28T13:52:14.903+0000][1099914][info ][gc,cpu      ] GC(147) User=0.00s Sys=0.00s Real=0.00s
[2025-08-28T13:52:14.903+0000][1099914][info ][safepoint   ] Safepoint "G1CollectForAllocation", Time since last: 2010192773 ns, Reaching safepoint: 12569 ns, Cleanup: 5168 ns, At safepoint: 1957721 ns, Total: 1975458 ns
[2025-08-28T13:52:16.924+0000][1099914][info ][gc,start    ] GC(148) Pause Young (Normal) (G1 Evacuation Pause)
[2025-08-28T13:52:16.924+0000][1099914][info ][gc,task     ] GC(148) Using 12 workers of 33 for evacuation
[2025-08-28T13:52:16.924+0000][1099914][debug][gc,age      ] GC(148) Desired survivor size 20971520 bytes, new threshold 15 (max threshold 15)
[2025-08-28T13:52:16.925+0000][1099914][info ][gc,phases   ] GC(148)   Pre Evacuate Collection Set: 0.1ms
[2025-08-28T13:52:16.925+0000][1099914][info ][gc,phases   ] GC(148)   Merge Heap Roots: 0.1ms
[2025-08-28T13:52:16.925+0000][1099914][info ][gc,phases   ] GC(148)   Evacuate Collection Set: 0.9ms
[2025-08-28T13:52:16.925+0000][1099914][info ][gc,phases   ] GC(148)   Post Evacuate Collection Set: 0.4ms
[2025-08-28T13:52:16.925+0000][1099914][info ][gc,phases   ] GC(148)   Other: 0.1ms
[2025-08-28T13:52:16.925+0000][1099914][trace][gc,age      ] GC(148) Age table with threshold 15 (max threshold 15)
[2025-08-28T13:52:16.925+0000][1099914][trace][gc,age      ] GC(148) - age   1:     555048 bytes,     555048 total
[2025-08-28T13:52:16.925+0000][1099914][trace][gc,age      ] GC(148) - age   2:        776 bytes,     555824 total
[2025-08-28T13:52:16.925+0000][1099914][trace][gc,age      ] GC(148) - age   3:        176 bytes,     556000 total
[2025-08-28T13:52:16.925+0000][1099914][trace][gc,age      ] GC(148) - age   5:      10216 bytes,     566216 total
[2025-08-28T13:52:16.925+0000][1099914][trace][gc,age      ] GC(148) - age  10:        368 bytes,     566584 total
[2025-08-28T13:52:16.925+0000][1099914][trace][gc,age      ] GC(148) - age  11:        640 bytes,     567224 total
[2025-08-28T13:52:16.925+0000][1099914][trace][gc,age      ] GC(148) - age  12:        176 bytes,     567400 total
[2025-08-28T13:52:16.925+0000][1099914][trace][gc,age      ] GC(148) - age  14:         32 bytes,     567432 total
[2025-08-28T13:52:16.925+0000][1099914][trace][gc,age      ] GC(148) - age  15:        224 bytes,     567656 total
[2025-08-28T13:52:16.925+0000][1099914][info ][gc,heap     ] GC(148) Eden regions: 75->0(75)
[2025-08-28T13:52:16.925+0000][1099914][info ][gc,heap     ] GC(148) Survivor regions: 1->1(10)
[2025-08-28T13:52:16.925+0000][1099914][info ][gc,heap     ] GC(148) Old regions: 24->24
[2025-08-28T13:52:16.925+0000][1099914][info ][gc,heap     ] GC(148) Humongous regions: 0->0
[2025-08-28T13:52:16.925+0000][1099914][info ][gc,metaspace] GC(148) Metaspace: 136663K(140480K)->136663K(140480K) NonClass: 118135K(120128K)->118135K(120128K) Class: 18528K(20352K)->18528K(20352K)
[2025-08-28T13:52:16.926+0000][1099914][info ][gc          ] GC(148) Pause Young (Normal) (G1 Evacuation Pause) 396M->96M(512M) 1.608ms
[2025-08-28T13:52:16.926+0000][1099914][info ][gc,cpu      ] GC(148) User=0.01s Sys=0.00s Real=0.00s
[2025-08-28T13:52:16.926+0000][1099914][info ][safepoint   ] Safepoint "G1CollectForAllocation", Time since last: 2020461229 ns, Reaching safepoint: 41392 ns, Cleanup: 3936 ns, At safepoint: 1678882 ns, Total: 1724210 ns
[2025-08-28T13:52:18.939+0000][1099914][info ][gc,start    ] GC(149) Pause Young (Normal) (G1 Evacuation Pause)
[2025-08-28T13:52:18.939+0000][1099914][info ][gc,task     ] GC(149) Using 12 workers of 33 for evacuation
[2025-08-28T13:52:18.939+0000][1099914][debug][gc,age      ] GC(149) Desired survivor size 20971520 bytes, new threshold 15 (max threshold 15)
[2025-08-28T13:52:18.941+0000][1099914][info ][gc,phases   ] GC(149)   Pre Evacuate Collection Set: 0.1ms
[2025-08-28T13:52:18.941+0000][1099914][info ][gc,phases   ] GC(149)   Merge Heap Roots: 0.1ms
[2025-08-28T13:52:18.941+0000][1099914][info ][gc,phases   ] GC(149)   Evacuate Collection Set: 1.2ms
[2025-08-28T13:52:18.941+0000][1099914][info ][gc,phases   ] GC(149)   Post Evacuate Collection Set: 0.4ms
[2025-08-28T13:52:18.941+0000][1099914][info ][gc,phases   ] GC(149)   Other: 0.1ms
[2025-08-28T13:52:18.941+0000][1099914][trace][gc,age      ] GC(149) Age table with threshold 15 (max threshold 15)
[2025-08-28T13:52:18.941+0000][1099914][trace][gc,age      ] GC(149) - age   1:     539632 bytes,     539632 total
[2025-08-28T13:52:18.941+0000][1099914][trace][gc,age      ] GC(149) - age   2:       1128 bytes,     540760 total
[2025-08-28T13:52:18.941+0000][1099914][trace][gc,age      ] GC(149) - age   3:        240 bytes,     541000 total
[2025-08-28T13:52:18.941+0000][1099914][trace][gc,age      ] GC(149) - age   6:      10216 bytes,     551216 total
[2025-08-28T13:52:18.941+0000][1099914][trace][gc,age      ] GC(149) - age  11:        368 bytes,     551584 total
[2025-08-28T13:52:18.941+0000][1099914][trace][gc,age      ] GC(149) - age  12:        640 bytes,     552224 total
[2025-08-28T13:52:18.941+0000][1099914][trace][gc,age      ] GC(149) - age  13:        176 bytes,     552400 total
[2025-08-28T13:52:18.941+0000][1099914][trace][gc,age      ] GC(149) - age  15:         32 bytes,     552432 total
[2025-08-28T13:52:18.941+0000][1099914][info ][gc,heap     ] GC(149) Eden regions: 75->0(75)
[2025-08-28T13:52:18.941+0000][1099914][info ][gc,heap     ] GC(149) Survivor regions: 1->1(10)
[2025-08-28T13:52:18.941+0000][1099914][info ][gc,heap     ] GC(149) Old regions: 24->24
[2025-08-28T13:52:18.941+0000][1099914][info ][gc,heap     ] GC(149) Humongous regions: 0->0
[2025-08-28T13:52:18.941+0000][1099914][info ][gc,metaspace] GC(149) Metaspace: 136663K(140480K)->136663K(140480K) NonClass: 118135K(120128K)->118135K(120128K) Class: 18528K(20352K)->18528K(20352K)
[2025-08-28T13:52:18.941+0000][1099914][info ][gc          ] GC(149) Pause Young (Normal) (G1 Evacuation Pause) 396M->96M(512M) 1.986ms
[2025-08-28T13:52:18.941+0000][1099914][info ][gc,cpu      ] GC(149) User=0.01s Sys=0.00s Real=0.01s
[2025-08-28T13:52:18.941+0000][1099914][info ][safepoint   ] Safepoint "G1CollectForAllocation", Time since last: 2013753953 ns, Reaching safepoint: 10946 ns, Cleanup: 3496 ns, At safepoint: 2054767 ns, Total: 2069209 ns
[2025-08-28T13:52:20.964+0000][1099914][info ][gc,start    ] GC(150) Pause Young (Normal) (G1 Evacuation Pause)
[2025-08-28T13:52:20.964+0000][1099914][info ][gc,task     ] GC(150) Using 12 workers of 33 for evacuation
[2025-08-28T13:52:20.964+0000][1099914][debug][gc,age      ] GC(150) Desired survivor size 20971520 bytes, new threshold 15 (max threshold 15)
[2025-08-28T13:52:20.966+0000][1099914][info ][gc,phases   ] GC(150)   Pre Evacuate Collection Set: 0.2ms
[2025-08-28T13:52:20.966+0000][1099914][info ][gc,phases   ] GC(150)   Merge Heap Roots: 0.0ms
[2025-08-28T13:52:20.966+0000][1099914][info ][gc,phases   ] GC(150)   Evacuate Collection Set: 1.1ms
[2025-08-28T13:52:20.966+0000][1099914][info ][gc,phases   ] GC(150)   Post Evacuate Collection Set: 0.3ms
[2025-08-28T13:52:20.966+0000][1099914][info ][gc,phases   ] GC(150)   Other: 0.1ms
[2025-08-28T13:52:20.966+0000][1099914][trace][gc,age      ] GC(150) Age table with threshold 15 (max threshold 15)
[2025-08-28T13:52:20.966+0000][1099914][trace][gc,age      ] GC(150) - age   1:     538784 bytes,     538784 total
[2025-08-28T13:52:20.966+0000][1099914][trace][gc,age      ] GC(150) - age   2:        712 bytes,     539496 total
[2025-08-28T13:52:20.966+0000][1099914][trace][gc,age      ] GC(150) - age   3:       1128 bytes,     540624 total
[2025-08-28T13:52:20.966+0000][1099914][trace][gc,age      ] GC(150) - age   4:        240 bytes,     540864 total
[2025-08-28T13:52:20.966+0000][1099914][trace][gc,age      ] GC(150) - age   7:      10216 bytes,     551080 total
[2025-08-28T13:52:20.966+0000][1099914][trace][gc,age      ] GC(150) - age  12:        368 bytes,     551448 total
[2025-08-28T13:52:20.966+0000][1099914][trace][gc,age      ] GC(150) - age  13:        640 bytes,     552088 total
[2025-08-28T13:52:20.966+0000][1099914][trace][gc,age      ] GC(150) - age  14:        176 bytes,     552264 total
[2025-08-28T13:52:20.966+0000][1099914][info ][gc,heap     ] GC(150) Eden regions: 75->0(75)
[2025-08-28T13:52:20.966+0000][1099914][info ][gc,heap     ] GC(150) Survivor regions: 1->1(10)
[2025-08-28T13:52:20.966+0000][1099914][info ][gc,heap     ] GC(150) Old regions: 24->24
[2025-08-28T13:52:20.966+0000][1099914][info ][gc,heap     ] GC(150) Humongous regions: 0->0
[2025-08-28T13:52:20.966+0000][1099914][info ][gc,metaspace] GC(150) Metaspace: 136663K(140480K)->136663K(140480K) NonClass: 118135K(120128K)->118135K(120128K) Class: 18528K(20352K)->18528K(20352K)
[2025-08-28T13:52:20.966+0000][1099914][info ][gc          ] GC(150) Pause Young (Normal) (G1 Evacuation Pause) 396M->96M(512M) 1.811ms
[2025-08-28T13:52:20.966+0000][1099914][info ][gc,cpu      ] GC(150) User=0.01s Sys=0.00s Real=0.00s
[2025-08-28T13:52:20.966+0000][1099914][info ][safepoint   ] Safepoint "G1CollectForAllocation", Time since last: 2022662926 ns, Reaching safepoint: 42414 ns, Cleanup: 3355 ns, At safepoint: 1878732 ns, Total: 1924501 ns
[2025-08-28T13:52:22.986+0000][1099914][info ][gc,start    ] GC(151) Pause Young (Normal) (G1 Evacuation Pause)
[2025-08-28T13:52:22.986+0000][1099914][info ][gc,task     ] GC(151) Using 12 workers of 33 for evacuation
[2025-08-28T13:52:22.986+0000][1099914][debug][gc,age      ] GC(151) Desired survivor size 20971520 bytes, new threshold 15 (max threshold 15)
[2025-08-28T13:52:22.988+0000][1099914][info ][gc,phases   ] GC(151)   Pre Evacuate Collection Set: 0.2ms
[2025-08-28T13:52:22.988+0000][1099914][info ][gc,phases   ] GC(151)   Merge Heap Roots: 0.0ms
[2025-08-28T13:52:22.988+0000][1099914][info ][gc,phases   ] GC(151)   Evacuate Collection Set: 0.9ms
[2025-08-28T13:52:22.988+0000][1099914][info ][gc,phases   ] GC(151)   Post Evacuate Collection Set: 0.3ms
[2025-08-28T13:52:22.988+0000][1099914][info ][gc,phases   ] GC(151)   Other: 0.0ms
[2025-08-28T13:52:22.988+0000][1099914][trace][gc,age      ] GC(151) Age table with threshold 15 (max threshold 15)
[2025-08-28T13:52:22.988+0000][1099914][trace][gc,age      ] GC(151) - age   1:     555216 bytes,     555216 total
[2025-08-28T13:52:22.988+0000][1099914][trace][gc,age      ] GC(151) - age   3:        536 bytes,     555752 total
[2025-08-28T13:52:22.988+0000][1099914][trace][gc,age      ] GC(151) - age   4:       1128 bytes,     556880 total
[2025-08-28T13:52:22.988+0000][1099914][trace][gc,age      ] GC(151) - age   5:        240 bytes,     557120 total
[2025-08-28T13:52:22.988+0000][1099914][trace][gc,age      ] GC(151) - age   8:      10216 bytes,     567336 total
[2025-08-28T13:52:22.988+0000][1099914][trace][gc,age      ] GC(151) - age  13:        368 bytes,     567704 total
[2025-08-28T13:52:22.988+0000][1099914][trace][gc,age      ] GC(151) - age  14:        640 bytes,     568344 total
[2025-08-28T13:52:22.988+0000][1099914][info ][gc,heap     ] GC(151) Eden regions: 75->0(75)
[2025-08-28T13:52:22.988+0000][1099914][info ][gc,heap     ] GC(151) Survivor regions: 1->1(10)
[2025-08-28T13:52:22.988+0000][1099914][info ][gc,heap     ] GC(151) Old regions: 24->24
[2025-08-28T13:52:22.988+0000][1099914][info ][gc,heap     ] GC(151) Humongous regions: 0->0
[2025-08-28T13:52:22.988+0000][1099914][info ][gc,metaspace] GC(151) Metaspace: 136663K(140480K)->136663K(140480K) NonClass: 118135K(120128K)->118135K(120128K) Class: 18528K(20352K)->18528K(20352K)
[2025-08-28T13:52:22.988+0000][1099914][info ][gc          ] GC(151) Pause Young (Normal) (G1 Evacuation Pause) 396M->96M(512M) 1.615ms
[2025-08-28T13:52:22.988+0000][1099914][info ][gc,cpu      ] GC(151) User=0.00s Sys=0.01s Real=0.00s
[2025-08-28T13:52:22.988+0000][1099914][info ][safepoint   ] Safepoint "G1CollectForAllocation", Time since last: 2020362982 ns, Reaching safepoint: 9063 ns, Cleanup: 2885 ns, At safepoint: 1681226 ns, Total: 1693174 ns
[2025-08-28T13:52:24.988+0000][1099914][info ][safepoint   ] Safepoint "Cleanup", Time since last: 2000144737 ns, Reaching safepoint: 10616 ns, Cleanup: 10055 ns, At safepoint: 2704 ns, Total: 23375 ns
[2025-08-28T13:52:25.002+0000][1099914][info ][gc,start    ] GC(152) Pause Young (Normal) (G1 Evacuation Pause)
[2025-08-28T13:52:25.002+0000][1099914][info ][gc,task     ] GC(152) Using 12 workers of 33 for evacuation
[2025-08-28T13:52:25.002+0000][1099914][debug][gc,age      ] GC(152) Desired survivor size 20971520 bytes, new threshold 15 (max threshold 15)
[2025-08-28T13:52:25.004+0000][1099914][info ][gc,phases   ] GC(152)   Pre Evacuate Collection Set: 0.2ms
[2025-08-28T13:52:25.004+0000][1099914][info ][gc,phases   ] GC(152)   Merge Heap Roots: 0.1ms
[2025-08-28T13:52:25.004+0000][1099914][info ][gc,phases   ] GC(152)   Evacuate Collection Set: 1.3ms
[2025-08-28T13:52:25.004+0000][1099914][info ][gc,phases   ] GC(152)   Post Evacuate Collection Set: 0.4ms
[2025-08-28T13:52:25.004+0000][1099914][info ][gc,phases   ] GC(152)   Other: 0.0ms
[2025-08-28T13:52:25.004+0000][1099914][trace][gc,age      ] GC(152) Age table with threshold 15 (max threshold 15)
[2025-08-28T13:52:25.004+0000][1099914][trace][gc,age      ] GC(152) - age   1:     541200 bytes,     541200 total
[2025-08-28T13:52:25.004+0000][1099914][trace][gc,age      ] GC(152) - age   2:       1296 bytes,     542496 total
[2025-08-28T13:52:25.004+0000][1099914][trace][gc,age      ] GC(152) - age   5:       1128 bytes,     543624 total
[2025-08-28T13:52:25.004+0000][1099914][trace][gc,age      ] GC(152) - age   9:      10216 bytes,     553840 total
[2025-08-28T13:52:25.004+0000][1099914][trace][gc,age      ] GC(152) - age  14:        368 bytes,     554208 total
[2025-08-28T13:52:25.004+0000][1099914][trace][gc,age      ] GC(152) - age  15:        640 bytes,     554848 total
[2025-08-28T13:52:25.004+0000][1099914][info ][gc,heap     ] GC(152) Eden regions: 75->0(75)
[2025-08-28T13:52:25.004+0000][1099914][info ][gc,heap     ] GC(152) Survivor regions: 1->1(10)
[2025-08-28T13:52:25.004+0000][1099914][info ][gc,heap     ] GC(152) Old regions: 24->24
[2025-08-28T13:52:25.004+0000][1099914][info ][gc,heap     ] GC(152) Humongous regions: 0->0
[2025-08-28T13:52:25.004+0000][1099914][info ][gc,metaspace] GC(152) Metaspace: 136663K(140480K)->136663K(140480K) NonClass: 118135K(120128K)->118135K(120128K) Class: 18528K(20352K)->18528K(20352K)
[2025-08-28T13:52:25.004+0000][1099914][info ][gc          ] GC(152) Pause Young (Normal) (G1 Evacuation Pause) 396M->96M(512M) 2.010ms
[2025-08-28T13:52:25.004+0000][1099914][info ][gc,cpu      ] GC(152) User=0.01s Sys=0.00s Real=0.00s
[2025-08-28T13:52:25.004+0000][1099914][info ][safepoint   ] Safepoint "G1CollectForAllocation", Time since last: 13780052 ns, Reaching safepoint: 5058 ns, Cleanup: 1813 ns, At safepoint: 2076930 ns, Total: 2083801 ns
[2025-08-28T13:52:27.027+0000][1099914][info ][gc,start    ] GC(153) Pause Young (Normal) (G1 Evacuation Pause)
[2025-08-28T13:52:27.027+0000][1099914][info ][gc,task     ] GC(153) Using 12 workers of 33 for evacuation
[2025-08-28T13:52:27.027+0000][1099914][debug][gc,age      ] GC(153) Desired survivor size 20971520 bytes, new threshold 15 (max threshold 15)
[2025-08-28T13:52:27.029+0000][1099914][info ][gc,phases   ] GC(153)   Pre Evacuate Collection Set: 0.2ms
[2025-08-28T13:52:27.029+0000][1099914][info ][gc,phases   ] GC(153)   Merge Heap Roots: 0.0ms
[2025-08-28T13:52:27.029+0000][1099914][info ][gc,phases   ] GC(153)   Evacuate Collection Set: 1.3ms
[2025-08-28T13:52:27.029+0000][1099914][info ][gc,phases   ] GC(153)   Post Evacuate Collection Set: 0.3ms
[2025-08-28T13:52:27.029+0000][1099914][info ][gc,phases   ] GC(153)   Other: 0.1ms
[2025-08-28T13:52:27.029+0000][1099914][trace][gc,age      ] GC(153) Age table with threshold 15 (max threshold 15)
[2025-08-28T13:52:27.029+0000][1099914][trace][gc,age      ] GC(153) - age   1:     541232 bytes,     541232 total
[2025-08-28T13:52:27.029+0000][1099914][trace][gc,age      ] GC(153) - age   2:       2280 bytes,     543512 total
[2025-08-28T13:52:27.029+0000][1099914][trace][gc,age      ] GC(153) - age   3:       1296 bytes,     544808 total
[2025-08-28T13:52:27.029+0000][1099914][trace][gc,age      ] GC(153) - age   6:        560 bytes,     545368 total
[2025-08-28T13:52:27.029+0000][1099914][trace][gc,age      ] GC(153) - age  10:      10216 bytes,     555584 total
[2025-08-28T13:52:27.029+0000][1099914][info ][gc,heap     ] GC(153) Eden regions: 75->0(75)
[2025-08-28T13:52:27.029+0000][1099914][info ][gc,heap     ] GC(153) Survivor regions: 1->1(10)
[2025-08-28T13:52:27.029+0000][1099914][info ][gc,heap     ] GC(153) Old regions: 24->24
[2025-08-28T13:52:27.029+0000][1099914][info ][gc,heap     ] GC(153) Humongous regions: 0->0
[2025-08-28T13:52:27.029+0000][1099914][info ][gc,metaspace] GC(153) Metaspace: 136665K(140480K)->136665K(140480K) NonClass: 118136K(120128K)->118136K(120128K) Class: 18528K(20352K)->18528K(20352K)
[2025-08-28T13:52:27.029+0000][1099914][info ][gc          ] GC(153) Pause Young (Normal) (G1 Evacuation Pause) 396M->96M(512M) 2.024ms
[2025-08-28T13:52:27.029+0000][1099914][info ][gc,cpu      ] GC(153) User=0.01s Sys=0.00s Real=0.00s
[2025-08-28T13:52:27.029+0000][1099914][info ][safepoint   ] Safepoint "G1CollectForAllocation", Time since last: 2023112802 ns, Reaching safepoint: 11387 ns, Cleanup: 4277 ns, At safepoint: 2091912 ns, Total: 2107576 ns
[2025-08-28T13:52:28.029+0000][1099914][info ][safepoint   ] Safepoint "Cleanup", Time since last: 1000076400 ns, Reaching safepoint: 11277 ns, Cleanup: 11127 ns, At safepoint: 2484 ns, Total: 24888 ns
[2025-08-28T13:52:29.040+0000][1099914][info ][gc,start    ] GC(154) Pause Young (Normal) (G1 Evacuation Pause)
[2025-08-28T13:52:29.040+0000][1099914][info ][gc,task     ] GC(154) Using 12 workers of 33 for evacuation
[2025-08-28T13:52:29.040+0000][1099914][debug][gc,age      ] GC(154) Desired survivor size 20971520 bytes, new threshold 15 (max threshold 15)
[2025-08-28T13:52:29.042+0000][1099914][info ][gc,phases   ] GC(154)   Pre Evacuate Collection Set: 0.2ms
[2025-08-28T13:52:29.042+0000][1099914][info ][gc,phases   ] GC(154)   Merge Heap Roots: 0.1ms
[2025-08-28T13:52:29.042+0000][1099914][info ][gc,phases   ] GC(154)   Evacuate Collection Set: 1.4ms
[2025-08-28T13:52:29.042+0000][1099914][info ][gc,phases   ] GC(154)   Post Evacuate Collection Set: 0.4ms
[2025-08-28T13:52:29.042+0000][1099914][info ][gc,phases   ] GC(154)   Other: 0.0ms
[2025-08-28T13:52:29.042+0000][1099914][trace][gc,age      ] GC(154) Age table with threshold 15 (max threshold 15)
[2025-08-28T13:52:29.042+0000][1099914][trace][gc,age      ] GC(154) - age   1:     539632 bytes,     539632 total
[2025-08-28T13:52:29.042+0000][1099914][trace][gc,age      ] GC(154) - age   2:       2312 bytes,     541944 total
[2025-08-28T13:52:29.042+0000][1099914][trace][gc,age      ] GC(154) - age   3:       1744 bytes,     543688 total
[2025-08-28T13:52:29.042+0000][1099914][trace][gc,age      ] GC(154) - age   4:       1120 bytes,     544808 total
[2025-08-28T13:52:29.042+0000][1099914][trace][gc,age      ] GC(154) - age   7:        560 bytes,     545368 total
[2025-08-28T13:52:29.042+0000][1099914][trace][gc,age      ] GC(154) - age  11:      10216 bytes,     555584 total
[2025-08-28T13:52:29.042+0000][1099914][info ][gc,heap     ] GC(154) Eden regions: 75->0(75)
[2025-08-28T13:52:29.042+0000][1099914][info ][gc,heap     ] GC(154) Survivor regions: 1->1(10)
[2025-08-28T13:52:29.042+0000][1099914][info ][gc,heap     ] GC(154) Old regions: 24->24
[2025-08-28T13:52:29.042+0000][1099914][info ][gc,heap     ] GC(154) Humongous regions: 0->0
[2025-08-28T13:52:29.042+0000][1099914][info ][gc,metaspace] GC(154) Metaspace: 136665K(140480K)->136665K(140480K) NonClass: 118136K(120128K)->118136K(120128K) Class: 18528K(20352K)->18528K(20352K)
[2025-08-28T13:52:29.042+0000][1099914][info ][gc          ] GC(154) Pause Young (Normal) (G1 Evacuation Pause) 396M->96M(512M) 2.177ms
[2025-08-28T13:52:29.042+0000][1099914][info ][gc,cpu      ] GC(154) User=0.01s Sys=0.00s Real=0.01s
[2025-08-28T13:52:29.042+0000][1099914][info ][safepoint   ] Safepoint "G1CollectForAllocation", Time since last: 1010295552 ns, Reaching safepoint: 11647 ns, Cleanup: 4016 ns, At safepoint: 2246085 ns, Total: 2261748 ns
[2025-08-28T13:52:30.042+0000][1099914][info ][safepoint   ] Safepoint "Cleanup", Time since last: 1000075528 ns, Reaching safepoint: 11067 ns, Cleanup: 11257 ns, At safepoint: 2754 ns, Total: 25078 ns
[2025-08-28T13:52:31.061+0000][1099914][info ][gc,start    ] GC(155) Pause Young (Normal) (G1 Evacuation Pause)
[2025-08-28T13:52:31.061+0000][1099914][info ][gc,task     ] GC(155) Using 12 workers of 33 for evacuation
[2025-08-28T13:52:31.061+0000][1099914][debug][gc,age      ] GC(155) Desired survivor size 20971520 bytes, new threshold 15 (max threshold 15)
[2025-08-28T13:52:31.063+0000][1099914][info ][gc,phases   ] GC(155)   Pre Evacuate Collection Set: 0.1ms
[2025-08-28T13:52:31.063+0000][1099914][info ][gc,phases   ] GC(155)   Merge Heap Roots: 0.1ms
[2025-08-28T13:52:31.063+0000][1099914][info ][gc,phases   ] GC(155)   Evacuate Collection Set: 1.2ms
[2025-08-28T13:52:31.063+0000][1099914][info ][gc,phases   ] GC(155)   Post Evacuate Collection Set: 0.4ms
[2025-08-28T13:52:31.063+0000][1099914][info ][gc,phases   ] GC(155)   Other: 0.1ms
[2025-08-28T13:52:31.063+0000][1099914][trace][gc,age      ] GC(155) Age table with threshold 15 (max threshold 15)
[2025-08-28T13:52:31.063+0000][1099914][trace][gc,age      ] GC(155) - age   1:     555032 bytes,     555032 total
[2025-08-28T13:52:31.063+0000][1099914][trace][gc,age      ] GC(155) - age   2:        712 bytes,     555744 total
[2025-08-28T13:52:31.063+0000][1099914][trace][gc,age      ] GC(155) - age   3:       2312 bytes,     558056 total
[2025-08-28T13:52:31.063+0000][1099914][trace][gc,age      ] GC(155) - age   4:       1744 bytes,     559800 total
[2025-08-28T13:52:31.063+0000][1099914][trace][gc,age      ] GC(155) - age   5:       1120 bytes,     560920 total
[2025-08-28T13:52:31.063+0000][1099914][trace][gc,age      ] GC(155) - age   8:        336 bytes,     561256 total
[2025-08-28T13:52:31.063+0000][1099914][trace][gc,age      ] GC(155) - age  12:      10216 bytes,     571472 total
[2025-08-28T13:52:31.063+0000][1099914][info ][gc,heap     ] GC(155) Eden regions: 75->0(75)
[2025-08-28T13:52:31.063+0000][1099914][info ][gc,heap     ] GC(155) Survivor regions: 1->1(10)
[2025-08-28T13:52:31.063+0000][1099914][info ][gc,heap     ] GC(155) Old regions: 24->24
[2025-08-28T13:52:31.063+0000][1099914][info ][gc,heap     ] GC(155) Humongous regions: 0->0
[2025-08-28T13:52:31.063+0000][1099914][info ][gc,metaspace] GC(155) Metaspace: 136665K(140480K)->136665K(140480K) NonClass: 118136K(120128K)->118136K(120128K) Class: 18528K(20352K)->18528K(20352K)
[2025-08-28T13:52:31.063+0000][1099914][info ][gc          ] GC(155) Pause Young (Normal) (G1 Evacuation Pause) 396M->96M(512M) 1.916ms
[2025-08-28T13:52:31.063+0000][1099914][info ][gc,cpu      ] GC(155) User=0.01s Sys=0.01s Real=0.00s
[2025-08-28T13:52:31.063+0000][1099914][info ][safepoint   ] Safepoint "G1CollectForAllocation", Time since last: 1019282714 ns, Reaching safepoint: 42744 ns, Cleanup: 3735 ns, At safepoint: 1982959 ns, Total: 2029438 ns
[2025-08-28T13:52:33.086+0000][1099914][info ][gc,start    ] GC(156) Pause Young (Normal) (G1 Evacuation Pause)
[2025-08-28T13:52:33.086+0000][1099914][info ][gc,task     ] GC(156) Using 12 workers of 33 for evacuation
[2025-08-28T13:52:33.086+0000][1099914][debug][gc,age      ] GC(156) Desired survivor size 20971520 bytes, new threshold 15 (max threshold 15)
[2025-08-28T13:52:33.088+0000][1099914][info ][gc,phases   ] GC(156)   Pre Evacuate Collection Set: 0.1ms
[2025-08-28T13:52:33.088+0000][1099914][info ][gc,phases   ] GC(156)   Merge Heap Roots: 0.0ms
[2025-08-28T13:52:33.088+0000][1099914][info ][gc,phases   ] GC(156)   Evacuate Collection Set: 1.4ms
[2025-08-28T13:52:33.088+0000][1099914][info ][gc,phases   ] GC(156)   Post Evacuate Collection Set: 0.4ms
[2025-08-28T13:52:33.088+0000][1099914][info ][gc,phases   ] GC(156)   Other: 0.1ms
[2025-08-28T13:52:33.088+0000][1099914][trace][gc,age      ] GC(156) Age table with threshold 15 (max threshold 15)
[2025-08-28T13:52:33.088+0000][1099914][trace][gc,age      ] GC(156) - age   1:     384112 bytes,     384112 total
[2025-08-28T13:52:33.088+0000][1099914][trace][gc,age      ] GC(156) - age   2:        224 bytes,     384336 total
[2025-08-28T13:52:33.088+0000][1099914][trace][gc,age      ] GC(156) - age   4:       2312 bytes,     386648 total
[2025-08-28T13:52:33.088+0000][1099914][trace][gc,age      ] GC(156) - age   5:       1744 bytes,     388392 total
[2025-08-28T13:52:33.088+0000][1099914][trace][gc,age      ] GC(156) - age   6:       1120 bytes,     389512 total
[2025-08-28T13:52:33.088+0000][1099914][trace][gc,age      ] GC(156) - age   9:        336 bytes,     389848 total
[2025-08-28T13:52:33.088+0000][1099914][trace][gc,age      ] GC(156) - age  13:      10216 bytes,     400064 total
[2025-08-28T13:52:33.088+0000][1099914][info ][gc,heap     ] GC(156) Eden regions: 75->0(75)
[2025-08-28T13:52:33.088+0000][1099914][info ][gc,heap     ] GC(156) Survivor regions: 1->1(10)
[2025-08-28T13:52:33.088+0000][1099914][info ][gc,heap     ] GC(156) Old regions: 24->24
[2025-08-28T13:52:33.088+0000][1099914][info ][gc,heap     ] GC(156) Humongous regions: 0->0
[2025-08-28T13:52:33.088+0000][1099914][info ][gc,metaspace] GC(156) Metaspace: 136665K(140480K)->136665K(140480K) NonClass: 118136K(120128K)->118136K(120128K) Class: 18528K(20352K)->18528K(20352K)
[2025-08-28T13:52:33.088+0000][1099914][info ][gc          ] GC(156) Pause Young (Normal) (G1 Evacuation Pause) 396M->96M(512M) 2.169ms
[2025-08-28T13:52:33.088+0000][1099914][info ][gc,cpu      ] GC(156) User=0.01s Sys=0.00s Real=0.00s
[2025-08-28T13:52:33.088+0000][1099914][info ][safepoint   ] Safepoint "G1CollectForAllocation", Time since last: 2022761565 ns, Reaching safepoint: 10316 ns, Cleanup: 4216 ns, At safepoint: 2237602 ns, Total: 2252134 ns
[2025-08-28T13:52:35.119+0000][1099914][info ][gc,start    ] GC(157) Pause Young (Normal) (G1 Evacuation Pause)
[2025-08-28T13:52:35.119+0000][1099914][info ][gc,task     ] GC(157) Using 12 workers of 33 for evacuation
[2025-08-28T13:52:35.119+0000][1099914][debug][gc,age      ] GC(157) Desired survivor size 20971520 bytes, new threshold 15 (max threshold 15)
[2025-08-28T13:52:35.121+0000][1099914][info ][gc,phases   ] GC(157)   Pre Evacuate Collection Set: 0.2ms
[2025-08-28T13:52:35.121+0000][1099914][info ][gc,phases   ] GC(157)   Merge Heap Roots: 0.1ms
[2025-08-28T13:52:35.121+0000][1099914][info ][gc,phases   ] GC(157)   Evacuate Collection Set: 1.2ms
[2025-08-28T13:52:35.121+0000][1099914][info ][gc,phases   ] GC(157)   Post Evacuate Collection Set: 0.4ms
[2025-08-28T13:52:35.121+0000][1099914][info ][gc,phases   ] GC(157)   Other: 0.0ms
[2025-08-28T13:52:35.121+0000][1099914][trace][gc,age      ] GC(157) Age table with threshold 15 (max threshold 15)
[2025-08-28T13:52:35.121+0000][1099914][trace][gc,age      ] GC(157) - age   1:     539160 bytes,     539160 total
[2025-08-28T13:52:35.121+0000][1099914][trace][gc,age      ] GC(157) - age   2:        712 bytes,     539872 total
[2025-08-28T13:52:35.121+0000][1099914][trace][gc,age      ] GC(157) - age   3:        224 bytes,     540096 total
[2025-08-28T13:52:35.121+0000][1099914][trace][gc,age      ] GC(157) - age   5:       2312 bytes,     542408 total
[2025-08-28T13:52:35.121+0000][1099914][trace][gc,age      ] GC(157) - age   6:       1504 bytes,     543912 total
[2025-08-28T13:52:35.121+0000][1099914][trace][gc,age      ] GC(157) - age   7:       1120 bytes,     545032 total
[2025-08-28T13:52:35.121+0000][1099914][trace][gc,age      ] GC(157) - age  10:        336 bytes,     545368 total
[2025-08-28T13:52:35.121+0000][1099914][trace][gc,age      ] GC(157) - age  14:      10216 bytes,     555584 total
[2025-08-28T13:52:35.121+0000][1099914][info ][gc,heap     ] GC(157) Eden regions: 75->0(75)
[2025-08-28T13:52:35.121+0000][1099914][info ][gc,heap     ] GC(157) Survivor regions: 1->1(10)
[2025-08-28T13:52:35.121+0000][1099914][info ][gc,heap     ] GC(157) Old regions: 24->24
[2025-08-28T13:52:35.121+0000][1099914][info ][gc,heap     ] GC(157) Humongous regions: 0->0
[2025-08-28T13:52:35.121+0000][1099914][info ][gc,metaspace] GC(157) Metaspace: 136665K(140480K)->136665K(140480K) NonClass: 118136K(120128K)->118136K(120128K) Class: 18528K(20352K)->18528K(20352K)
[2025-08-28T13:52:35.121+0000][1099914][info ][gc          ] GC(157) Pause Young (Normal) (G1 Evacuation Pause) 396M->96M(512M) 2.056ms
[2025-08-28T13:52:35.121+0000][1099914][info ][gc,cpu      ] GC(157) User=0.01s Sys=0.00s Real=0.01s
[2025-08-28T13:52:35.121+0000][1099914][info ][safepoint   ] Safepoint "G1CollectForAllocation", Time since last: 2030887352 ns, Reaching safepoint: 10966 ns, Cleanup: 4317 ns, At safepoint: 2125143 ns, Total: 2140426 ns
[2025-08-28T13:52:37.122+0000][1099914][info ][safepoint   ] Safepoint "Cleanup", Time since last: 2000155423 ns, Reaching safepoint: 221693 ns, Cleanup: 9795 ns, At safepoint: 8132 ns, Total: 239620 ns
[2025-08-28T13:52:37.144+0000][1099914][info ][gc,start    ] GC(158) Pause Young (Normal) (G1 Evacuation Pause)
[2025-08-28T13:52:37.144+0000][1099914][info ][gc,task     ] GC(158) Using 12 workers of 33 for evacuation
[2025-08-28T13:52:37.144+0000][1099914][debug][gc,age      ] GC(158) Desired survivor size 20971520 bytes, new threshold 15 (max threshold 15)
[2025-08-28T13:52:37.146+0000][1099914][info ][gc,phases   ] GC(158)   Pre Evacuate Collection Set: 0.1ms
[2025-08-28T13:52:37.146+0000][1099914][info ][gc,phases   ] GC(158)   Merge Heap Roots: 0.1ms
[2025-08-28T13:52:37.146+0000][1099914][info ][gc,phases   ] GC(158)   Evacuate Collection Set: 1.3ms
[2025-08-28T13:52:37.146+0000][1099914][info ][gc,phases   ] GC(158)   Post Evacuate Collection Set: 0.4ms
[2025-08-28T13:52:37.146+0000][1099914][info ][gc,phases   ] GC(158)   Other: 0.1ms
[2025-08-28T13:52:37.146+0000][1099914][trace][gc,age      ] GC(158) Age table with threshold 15 (max threshold 15)
[2025-08-28T13:52:37.146+0000][1099914][trace][gc,age      ] GC(158) - age   1:     538808 bytes,     538808 total
[2025-08-28T13:52:37.146+0000][1099914][trace][gc,age      ] GC(158) - age   2:        240 bytes,     539048 total
[2025-08-28T13:52:37.146+0000][1099914][trace][gc,age      ] GC(158) - age   3:        712 bytes,     539760 total
[2025-08-28T13:52:37.146+0000][1099914][trace][gc,age      ] GC(158) - age   4:        224 bytes,     539984 total
[2025-08-28T13:52:37.146+0000][1099914][trace][gc,age      ] GC(158) - age   6:       2312 bytes,     542296 total
[2025-08-28T13:52:37.146+0000][1099914][trace][gc,age      ] GC(158) - age   7:       1504 bytes,     543800 total
[2025-08-28T13:52:37.146+0000][1099914][trace][gc,age      ] GC(158) - age   8:       1120 bytes,     544920 total
[2025-08-28T13:52:37.146+0000][1099914][trace][gc,age      ] GC(158) - age  11:        336 bytes,     545256 total
[2025-08-28T13:52:37.146+0000][1099914][trace][gc,age      ] GC(158) - age  15:      10216 bytes,     555472 total
[2025-08-28T13:52:37.146+0000][1099914][info ][gc,heap     ] GC(158) Eden regions: 75->0(75)
[2025-08-28T13:52:37.146+0000][1099914][info ][gc,heap     ] GC(158) Survivor regions: 1->1(10)
[2025-08-28T13:52:37.146+0000][1099914][info ][gc,heap     ] GC(158) Old regions: 24->24
[2025-08-28T13:52:37.146+0000][1099914][info ][gc,heap     ] GC(158) Humongous regions: 0->0
[2025-08-28T13:52:37.146+0000][1099914][info ][gc,metaspace] GC(158) Metaspace: 136665K(140480K)->136665K(140480K) NonClass: 118136K(120128K)->118136K(120128K) Class: 18528K(20352K)->18528K(20352K)
[2025-08-28T13:52:37.146+0000][1099914][info ][gc          ] GC(158) Pause Young (Normal) (G1 Evacuation Pause) 396M->96M(512M) 2.110ms
[2025-08-28T13:52:37.146+0000][1099914][info ][gc,cpu      ] GC(158) User=0.01s Sys=0.00s Real=0.00s
[2025-08-28T13:52:37.146+0000][1099914][info ][safepoint   ] Safepoint "G1CollectForAllocation", Time since last: 22420923 ns, Reaching safepoint: 6480 ns, Cleanup: 2934 ns, At safepoint: 2213305 ns, Total: 2222719 ns
[2025-08-28T13:52:39.149+0000][1099914][info ][gc,start    ] GC(159) Pause Young (Normal) (G1 Evacuation Pause)
[2025-08-28T13:52:39.149+0000][1099914][info ][gc,task     ] GC(159) Using 12 workers of 33 for evacuation
[2025-08-28T13:52:39.149+0000][1099914][debug][gc,age      ] GC(159) Desired survivor size 20971520 bytes, new threshold 15 (max threshold 15)
[2025-08-28T13:52:39.151+0000][1099914][info ][gc,phases   ] GC(159)   Pre Evacuate Collection Set: 0.1ms
[2025-08-28T13:52:39.151+0000][1099914][info ][gc,phases   ] GC(159)   Merge Heap Roots: 0.1ms
[2025-08-28T13:52:39.151+0000][1099914][info ][gc,phases   ] GC(159)   Evacuate Collection Set: 1.2ms
[2025-08-28T13:52:39.151+0000][1099914][info ][gc,phases   ] GC(159)   Post Evacuate Collection Set: 0.3ms
[2025-08-28T13:52:39.151+0000][1099914][info ][gc,phases   ] GC(159)   Other: 0.0ms
[2025-08-28T13:52:39.151+0000][1099914][trace][gc,age      ] GC(159) Age table with threshold 15 (max threshold 15)
[2025-08-28T13:52:39.151+0000][1099914][trace][gc,age      ] GC(159) - age   1:     555688 bytes,     555688 total
[2025-08-28T13:52:39.151+0000][1099914][trace][gc,age      ] GC(159) - age   3:        240 bytes,     555928 total
[2025-08-28T13:52:39.151+0000][1099914][trace][gc,age      ] GC(159) - age   5:        224 bytes,     556152 total
[2025-08-28T13:52:39.151+0000][1099914][trace][gc,age      ] GC(159) - age   7:       2312 bytes,     558464 total
[2025-08-28T13:52:39.151+0000][1099914][trace][gc,age      ] GC(159) - age   8:       1504 bytes,     559968 total
[2025-08-28T13:52:39.151+0000][1099914][trace][gc,age      ] GC(159) - age   9:       1120 bytes,     561088 total
[2025-08-28T13:52:39.151+0000][1099914][trace][gc,age      ] GC(159) - age  12:        336 bytes,     561424 total
[2025-08-28T13:52:39.151+0000][1099914][info ][gc,heap     ] GC(159) Eden regions: 75->0(75)
[2025-08-28T13:52:39.151+0000][1099914][info ][gc,heap     ] GC(159) Survivor regions: 1->1(10)
[2025-08-28T13:52:39.151+0000][1099914][info ][gc,heap     ] GC(159) Old regions: 24->24
[2025-08-28T13:52:39.151+0000][1099914][info ][gc,heap     ] GC(159) Humongous regions: 0->0
[2025-08-28T13:52:39.151+0000][1099914][info ][gc,metaspace] GC(159) Metaspace: 136665K(140480K)->136665K(140480K) NonClass: 118136K(120128K)->118136K(120128K) Class: 18528K(20352K)->18528K(20352K)
[2025-08-28T13:52:39.151+0000][1099914][info ][gc          ] GC(159) Pause Young (Normal) (G1 Evacuation Pause) 396M->96M(512M) 1.874ms
[2025-08-28T13:52:39.151+0000][1099914][info ][gc,cpu      ] GC(159) User=0.01s Sys=0.00s Real=0.01s
[2025-08-28T13:52:39.151+0000][1099914][info ][safepoint   ] Safepoint "G1CollectForAllocation", Time since last: 2002409681 ns, Reaching safepoint: 12448 ns, Cleanup: 5499 ns, At safepoint: 1948647 ns, Total: 1966594 ns
[2025-08-28T13:52:41.182+0000][1099914][info ][gc,start    ] GC(160) Pause Young (Normal) (G1 Evacuation Pause)
[2025-08-28T13:52:41.182+0000][1099914][info ][gc,task     ] GC(160) Using 12 workers of 33 for evacuation
[2025-08-28T13:52:41.182+0000][1099914][debug][gc,age      ] GC(160) Desired survivor size 20971520 bytes, new threshold 15 (max threshold 15)
[2025-08-28T13:52:41.184+0000][1099914][info ][gc,phases   ] GC(160)   Pre Evacuate Collection Set: 0.1ms
[2025-08-28T13:52:41.184+0000][1099914][info ][gc,phases   ] GC(160)   Merge Heap Roots: 0.1ms
[2025-08-28T13:52:41.184+0000][1099914][info ][gc,phases   ] GC(160)   Evacuate Collection Set: 1.3ms
[2025-08-28T13:52:41.184+0000][1099914][info ][gc,phases   ] GC(160)   Post Evacuate Collection Set: 0.3ms
[2025-08-28T13:52:41.184+0000][1099914][info ][gc,phases   ] GC(160)   Other: 0.1ms
[2025-08-28T13:52:41.184+0000][1099914][trace][gc,age      ] GC(160) Age table with threshold 15 (max threshold 15)
[2025-08-28T13:52:41.184+0000][1099914][trace][gc,age      ] GC(160) - age   1:     538784 bytes,     538784 total
[2025-08-28T13:52:41.184+0000][1099914][trace][gc,age      ] GC(160) - age   2:        712 bytes,     539496 total
[2025-08-28T13:52:41.184+0000][1099914][trace][gc,age      ] GC(160) - age   4:        240 bytes,     539736 total
[2025-08-28T13:52:41.184+0000][1099914][trace][gc,age      ] GC(160) - age   6:        224 bytes,     539960 total
[2025-08-28T13:52:41.184+0000][1099914][trace][gc,age      ] GC(160) - age   8:       2312 bytes,     542272 total
[2025-08-28T13:52:41.184+0000][1099914][trace][gc,age      ] GC(160) - age   9:       1504 bytes,     543776 total
[2025-08-28T13:52:41.184+0000][1099914][trace][gc,age      ] GC(160) - age  10:       1120 bytes,     544896 total
[2025-08-28T13:52:41.184+0000][1099914][trace][gc,age      ] GC(160) - age  13:        336 bytes,     545232 total
[2025-08-28T13:52:41.184+0000][1099914][info ][gc,heap     ] GC(160) Eden regions: 75->0(75)
[2025-08-28T13:52:41.184+0000][1099914][info ][gc,heap     ] GC(160) Survivor regions: 1->1(10)
[2025-08-28T13:52:41.184+0000][1099914][info ][gc,heap     ] GC(160) Old regions: 24->24
[2025-08-28T13:52:41.184+0000][1099914][info ][gc,heap     ] GC(160) Humongous regions: 0->0
[2025-08-28T13:52:41.184+0000][1099914][info ][gc,metaspace] GC(160) Metaspace: 136665K(140480K)->136665K(140480K) NonClass: 118136K(120128K)->118136K(120128K) Class: 18528K(20352K)->18528K(20352K)
[2025-08-28T13:52:41.184+0000][1099914][info ][gc          ] GC(160) Pause Young (Normal) (G1 Evacuation Pause) 396M->96M(512M) 1.939ms
[2025-08-28T13:52:41.184+0000][1099914][info ][gc,cpu      ] GC(160) User=0.00s Sys=0.00s Real=0.00s
[2025-08-28T13:52:41.184+0000][1099914][info ][safepoint   ] Safepoint "G1CollectForAllocation", Time since last: 2030917147 ns, Reaching safepoint: 36214 ns, Cleanup: 5469 ns, At safepoint: 2012323 ns, Total: 2054006 ns
[2025-08-28T13:52:43.184+0000][1099914][info ][safepoint   ] Safepoint "Cleanup", Time since last: 2000111167 ns, Reaching safepoint: 77827 ns, Cleanup: 14832 ns, At safepoint: 6200 ns, Total: 98859 ns
[2025-08-28T13:52:43.347+0000][1099914][info ][gc,start    ] GC(161) Pause Young (Normal) (G1 Evacuation Pause)
[2025-08-28T13:52:43.347+0000][1099914][info ][gc,task     ] GC(161) Using 12 workers of 33 for evacuation
[2025-08-28T13:52:43.347+0000][1099914][debug][gc,age      ] GC(161) Desired survivor size 20971520 bytes, new threshold 15 (max threshold 15)
[2025-08-28T13:52:43.349+0000][1099914][info ][gc,phases   ] GC(161)   Pre Evacuate Collection Set: 0.1ms
[2025-08-28T13:52:43.349+0000][1099914][info ][gc,phases   ] GC(161)   Merge Heap Roots: 0.1ms
[2025-08-28T13:52:43.349+0000][1099914][info ][gc,phases   ] GC(161)   Evacuate Collection Set: 1.2ms
[2025-08-28T13:52:43.349+0000][1099914][info ][gc,phases   ] GC(161)   Post Evacuate Collection Set: 0.3ms
[2025-08-28T13:52:43.349+0000][1099914][info ][gc,phases   ] GC(161)   Other: 0.0ms
[2025-08-28T13:52:43.349+0000][1099914][trace][gc,age      ] GC(161) Age table with threshold 15 (max threshold 15)
[2025-08-28T13:52:43.349+0000][1099914][trace][gc,age      ] GC(161) - age   1:     540552 bytes,     540552 total
[2025-08-28T13:52:43.349+0000][1099914][trace][gc,age      ] GC(161) - age   5:        240 bytes,     540792 total
[2025-08-28T13:52:43.349+0000][1099914][trace][gc,age      ] GC(161) - age   9:       2312 bytes,     543104 total
[2025-08-28T13:52:43.349+0000][1099914][trace][gc,age      ] GC(161) - age  10:       1504 bytes,     544608 total
[2025-08-28T13:52:43.349+0000][1099914][trace][gc,age      ] GC(161) - age  11:       1120 bytes,     545728 total
[2025-08-28T13:52:43.349+0000][1099914][trace][gc,age      ] GC(161) - age  14:        336 bytes,     546064 total
[2025-08-28T13:52:43.349+0000][1099914][info ][gc,heap     ] GC(161) Eden regions: 75->0(75)
[2025-08-28T13:52:43.349+0000][1099914][info ][gc,heap     ] GC(161) Survivor regions: 1->1(10)
[2025-08-28T13:52:43.349+0000][1099914][info ][gc,heap     ] GC(161) Old regions: 24->24
[2025-08-28T13:52:43.349+0000][1099914][info ][gc,heap     ] GC(161) Humongous regions: 0->0
[2025-08-28T13:52:43.349+0000][1099914][info ][gc,metaspace] GC(161) Metaspace: 136665K(140480K)->136665K(140480K) NonClass: 118136K(120128K)->118136K(120128K) Class: 18528K(20352K)->18528K(20352K)
[2025-08-28T13:52:43.349+0000][1099914][info ][gc          ] GC(161) Pause Young (Normal) (G1 Evacuation Pause) 396M->96M(512M) 1.865ms
[2025-08-28T13:52:43.349+0000][1099914][info ][gc,cpu      ] GC(161) User=0.00s Sys=0.00s Real=0.00s
[2025-08-28T13:52:43.349+0000][1099914][info ][safepoint   ] Safepoint "G1CollectForAllocation", Time since last: 162964440 ns, Reaching safepoint: 12669 ns, Cleanup: 5769 ns, At safepoint: 1939043 ns, Total: 1957481 ns
[2025-08-28T13:52:45.378+0000][1099914][info ][gc,start    ] GC(162) Pause Young (Normal) (G1 Evacuation Pause)
[2025-08-28T13:52:45.378+0000][1099914][info ][gc,task     ] GC(162) Using 12 workers of 33 for evacuation
[2025-08-28T13:52:45.378+0000][1099914][debug][gc,age      ] GC(162) Desired survivor size 20971520 bytes, new threshold 15 (max threshold 15)
[2025-08-28T13:52:45.380+0000][1099914][info ][gc,phases   ] GC(162)   Pre Evacuate Collection Set: 0.2ms
[2025-08-28T13:52:45.380+0000][1099914][info ][gc,phases   ] GC(162)   Merge Heap Roots: 0.1ms
[2025-08-28T13:52:45.380+0000][1099914][info ][gc,phases   ] GC(162)   Evacuate Collection Set: 1.3ms
[2025-08-28T13:52:45.380+0000][1099914][info ][gc,phases   ] GC(162)   Post Evacuate Collection Set: 0.3ms
[2025-08-28T13:52:45.380+0000][1099914][info ][gc,phases   ] GC(162)   Other: 0.0ms
[2025-08-28T13:52:45.380+0000][1099914][trace][gc,age      ] GC(162) Age table with threshold 15 (max threshold 15)
[2025-08-28T13:52:45.380+0000][1099914][trace][gc,age      ] GC(162) - age   1:     539024 bytes,     539024 total
[2025-08-28T13:52:45.380+0000][1099914][trace][gc,age      ] GC(162) - age   2:       1768 bytes,     540792 total
[2025-08-28T13:52:45.380+0000][1099914][trace][gc,age      ] GC(162) - age  10:       2312 bytes,     543104 total
[2025-08-28T13:52:45.380+0000][1099914][trace][gc,age      ] GC(162) - age  11:       1504 bytes,     544608 total
[2025-08-28T13:52:45.380+0000][1099914][trace][gc,age      ] GC(162) - age  12:       1120 bytes,     545728 total
[2025-08-28T13:52:45.380+0000][1099914][trace][gc,age      ] GC(162) - age  15:        336 bytes,     546064 total
[2025-08-28T13:52:45.380+0000][1099914][info ][gc,heap     ] GC(162) Eden regions: 75->0(75)
[2025-08-28T13:52:45.380+0000][1099914][info ][gc,heap     ] GC(162) Survivor regions: 1->1(10)
[2025-08-28T13:52:45.380+0000][1099914][info ][gc,heap     ] GC(162) Old regions: 24->24
[2025-08-28T13:52:45.380+0000][1099914][info ][gc,heap     ] GC(162) Humongous regions: 0->0
[2025-08-28T13:52:45.380+0000][1099914][info ][gc,metaspace] GC(162) Metaspace: 136665K(140480K)->136665K(140480K) NonClass: 118136K(120128K)->118136K(120128K) Class: 18528K(20352K)->18528K(20352K)
[2025-08-28T13:52:45.380+0000][1099914][info ][gc          ] GC(162) Pause Young (Normal) (G1 Evacuation Pause) 396M->96M(512M) 1.972ms
[2025-08-28T13:52:45.380+0000][1099914][info ][gc,cpu      ] GC(162) User=0.01s Sys=0.00s Real=0.00s
[2025-08-28T13:52:45.380+0000][1099914][info ][safepoint   ] Safepoint "G1CollectForAllocation", Time since last: 2029288611 ns, Reaching safepoint: 13149 ns, Cleanup: 5158 ns, At safepoint: 2045924 ns, Total: 2064231 ns
[2025-08-28T13:52:47.397+0000][1099914][info ][gc,start    ] GC(163) Pause Young (Normal) (G1 Evacuation Pause)
[2025-08-28T13:52:47.397+0000][1099914][info ][gc,task     ] GC(163) Using 12 workers of 33 for evacuation
[2025-08-28T13:52:47.397+0000][1099914][debug][gc,age      ] GC(163) Desired survivor size 20971520 bytes, new threshold 15 (max threshold 15)
[2025-08-28T13:52:47.398+0000][1099914][info ][gc,phases   ] GC(163)   Pre Evacuate Collection Set: 0.1ms
[2025-08-28T13:52:47.398+0000][1099914][info ][gc,phases   ] GC(163)   Merge Heap Roots: 0.1ms
[2025-08-28T13:52:47.398+0000][1099914][info ][gc,phases   ] GC(163)   Evacuate Collection Set: 1.2ms
[2025-08-28T13:52:47.398+0000][1099914][info ][gc,phases   ] GC(163)   Post Evacuate Collection Set: 0.3ms
[2025-08-28T13:52:47.398+0000][1099914][info ][gc,phases   ] GC(163)   Other: 0.1ms
[2025-08-28T13:52:47.398+0000][1099914][trace][gc,age      ] GC(163) Age table with threshold 15 (max threshold 15)
[2025-08-28T13:52:47.398+0000][1099914][trace][gc,age      ] GC(163) - age   1:     556432 bytes,     556432 total
[2025-08-28T13:52:47.398+0000][1099914][trace][gc,age      ] GC(163) - age   2:        240 bytes,     556672 total
[2025-08-28T13:52:47.398+0000][1099914][trace][gc,age      ] GC(163) - age   3:       1768 bytes,     558440 total
[2025-08-28T13:52:47.398+0000][1099914][trace][gc,age      ] GC(163) - age  11:       1832 bytes,     560272 total
[2025-08-28T13:52:47.398+0000][1099914][trace][gc,age      ] GC(163) - age  12:       1504 bytes,     561776 total
[2025-08-28T13:52:47.398+0000][1099914][trace][gc,age      ] GC(163) - age  13:       1120 bytes,     562896 total
[2025-08-28T13:52:47.398+0000][1099914][info ][gc,heap     ] GC(163) Eden regions: 75->0(75)
[2025-08-28T13:52:47.398+0000][1099914][info ][gc,heap     ] GC(163) Survivor regions: 1->1(10)
[2025-08-28T13:52:47.398+0000][1099914][info ][gc,heap     ] GC(163) Old regions: 24->24
[2025-08-28T13:52:47.398+0000][1099914][info ][gc,heap     ] GC(163) Humongous regions: 0->0
[2025-08-28T13:52:47.398+0000][1099914][info ][gc,metaspace] GC(163) Metaspace: 136665K(140480K)->136665K(140480K) NonClass: 118136K(120128K)->118136K(120128K) Class: 18528K(20352K)->18528K(20352K)
[2025-08-28T13:52:47.398+0000][1099914][info ][gc          ] GC(163) Pause Young (Normal) (G1 Evacuation Pause) 396M->96M(512M) 1.802ms
[2025-08-28T13:52:47.398+0000][1099914][info ][gc,cpu      ] GC(163) User=0.01s Sys=0.00s Real=0.00s
[2025-08-28T13:52:47.398+0000][1099914][info ][safepoint   ] Safepoint "G1CollectForAllocation", Time since last: 2016267308 ns, Reaching safepoint: 45448 ns, Cleanup: 5458 ns, At safepoint: 1882879 ns, Total: 1933785 ns
[2025-08-28T13:52:49.409+0000][1099914][info ][gc,start    ] GC(164) Pause Young (Normal) (G1 Evacuation Pause)
[2025-08-28T13:52:49.409+0000][1099914][info ][gc,task     ] GC(164) Using 12 workers of 33 for evacuation
[2025-08-28T13:52:49.409+0000][1099914][debug][gc,age      ] GC(164) Desired survivor size 20971520 bytes, new threshold 15 (max threshold 15)
[2025-08-28T13:52:49.411+0000][1099914][info ][gc,phases   ] GC(164)   Pre Evacuate Collection Set: 0.1ms
[2025-08-28T13:52:49.411+0000][1099914][info ][gc,phases   ] GC(164)   Merge Heap Roots: 0.0ms
[2025-08-28T13:52:49.411+0000][1099914][info ][gc,phases   ] GC(164)   Evacuate Collection Set: 1.3ms
[2025-08-28T13:52:49.411+0000][1099914][info ][gc,phases   ] GC(164)   Post Evacuate Collection Set: 0.3ms
[2025-08-28T13:52:49.411+0000][1099914][info ][gc,phases   ] GC(164)   Other: 0.0ms
[2025-08-28T13:52:49.411+0000][1099914][trace][gc,age      ] GC(164) Age table with threshold 15 (max threshold 15)
[2025-08-28T13:52:49.411+0000][1099914][trace][gc,age      ] GC(164) - age   1:     555608 bytes,     555608 total
[2025-08-28T13:52:49.411+0000][1099914][trace][gc,age      ] GC(164) - age   2:       1672 bytes,     557280 total
[2025-08-28T13:52:49.411+0000][1099914][trace][gc,age      ] GC(164) - age   3:        240 bytes,     557520 total
[2025-08-28T13:52:49.411+0000][1099914][trace][gc,age      ] GC(164) - age   4:       1056 bytes,     558576 total
[2025-08-28T13:52:49.411+0000][1099914][trace][gc,age      ] GC(164) - age  12:       1832 bytes,     560408 total
[2025-08-28T13:52:49.411+0000][1099914][trace][gc,age      ] GC(164) - age  13:       1504 bytes,     561912 total
[2025-08-28T13:52:49.411+0000][1099914][trace][gc,age      ] GC(164) - age  14:       1120 bytes,     563032 total
[2025-08-28T13:52:49.411+0000][1099914][info ][gc,heap     ] GC(164) Eden regions: 75->0(75)
[2025-08-28T13:52:49.411+0000][1099914][info ][gc,heap     ] GC(164) Survivor regions: 1->1(10)
[2025-08-28T13:52:49.411+0000][1099914][info ][gc,heap     ] GC(164) Old regions: 24->24
[2025-08-28T13:52:49.411+0000][1099914][info ][gc,heap     ] GC(164) Humongous regions: 0->0
[2025-08-28T13:52:49.411+0000][1099914][info ][gc,metaspace] GC(164) Metaspace: 136665K(140480K)->136665K(140480K) NonClass: 118136K(120128K)->118136K(120128K) Class: 18528K(20352K)->18528K(20352K)
[2025-08-28T13:52:49.411+0000][1099914][info ][gc          ] GC(164) Pause Young (Normal) (G1 Evacuation Pause) 396M->96M(512M) 1.968ms
[2025-08-28T13:52:49.411+0000][1099914][info ][gc,cpu      ] GC(164) User=0.00s Sys=0.00s Real=0.01s
[2025-08-28T13:52:49.411+0000][1099914][info ][safepoint   ] Safepoint "G1CollectForAllocation", Time since last: 2010638586 ns, Reaching safepoint: 12649 ns, Cleanup: 5689 ns, At safepoint: 2042879 ns, Total: 2061217 ns
[2025-08-28T13:52:51.434+0000][1099914][info ][gc,start    ] GC(165) Pause Young (Normal) (G1 Evacuation Pause)
[2025-08-28T13:52:51.434+0000][1099914][info ][gc,task     ] GC(165) Using 12 workers of 33 for evacuation
[2025-08-28T13:52:51.434+0000][1099914][debug][gc,age      ] GC(165) Desired survivor size 20971520 bytes, new threshold 15 (max threshold 15)
[2025-08-28T13:52:51.436+0000][1099914][info ][gc,phases   ] GC(165)   Pre Evacuate Collection Set: 0.1ms
[2025-08-28T13:52:51.436+0000][1099914][info ][gc,phases   ] GC(165)   Merge Heap Roots: 0.1ms
[2025-08-28T13:52:51.436+0000][1099914][info ][gc,phases   ] GC(165)   Evacuate Collection Set: 1.4ms
[2025-08-28T13:52:51.436+0000][1099914][info ][gc,phases   ] GC(165)   Post Evacuate Collection Set: 0.3ms
[2025-08-28T13:52:51.436+0000][1099914][info ][gc,phases   ] GC(165)   Other: 0.0ms
[2025-08-28T13:52:51.436+0000][1099914][trace][gc,age      ] GC(165) Age table with threshold 15 (max threshold 15)
[2025-08-28T13:52:51.436+0000][1099914][trace][gc,age      ] GC(165) - age   1:     554976 bytes,     554976 total
[2025-08-28T13:52:51.436+0000][1099914][trace][gc,age      ] GC(165) - age   2:        744 bytes,     555720 total
[2025-08-28T13:52:51.436+0000][1099914][trace][gc,age      ] GC(165) - age   3:       1672 bytes,     557392 total
[2025-08-28T13:52:51.436+0000][1099914][trace][gc,age      ] GC(165) - age   4:        240 bytes,     557632 total
[2025-08-28T13:52:51.436+0000][1099914][trace][gc,age      ] GC(165) - age   5:       1056 bytes,     558688 total
[2025-08-28T13:52:51.436+0000][1099914][trace][gc,age      ] GC(165) - age  13:       1832 bytes,     560520 total
[2025-08-28T13:52:51.436+0000][1099914][trace][gc,age      ] GC(165) - age  14:       1504 bytes,     562024 total
[2025-08-28T13:52:51.436+0000][1099914][trace][gc,age      ] GC(165) - age  15:       1120 bytes,     563144 total
[2025-08-28T13:52:51.436+0000][1099914][info ][gc,heap     ] GC(165) Eden regions: 75->0(75)
[2025-08-28T13:52:51.436+0000][1099914][info ][gc,heap     ] GC(165) Survivor regions: 1->1(10)
[2025-08-28T13:52:51.436+0000][1099914][info ][gc,heap     ] GC(165) Old regions: 24->24
[2025-08-28T13:52:51.436+0000][1099914][info ][gc,heap     ] GC(165) Humongous regions: 0->0
[2025-08-28T13:52:51.436+0000][1099914][info ][gc,metaspace] GC(165) Metaspace: 136665K(140480K)->136665K(140480K) NonClass: 118136K(120128K)->118136K(120128K) Class: 18528K(20352K)->18528K(20352K)
[2025-08-28T13:52:51.436+0000][1099914][info ][gc          ] GC(165) Pause Young (Normal) (G1 Evacuation Pause) 396M->96M(512M) 2.077ms
[2025-08-28T13:52:51.436+0000][1099914][info ][gc,cpu      ] GC(165) User=0.01s Sys=0.00s Real=0.00s
[2025-08-28T13:52:51.436+0000][1099914][info ][safepoint   ] Safepoint "G1CollectForAllocation", Time since last: 2022964776 ns, Reaching safepoint: 32178 ns, Cleanup: 5728 ns, At safepoint: 2149420 ns, Total: 2187326 ns
[2025-08-28T13:52:53.453+0000][1099914][info ][gc,start    ] GC(166) Pause Young (Normal) (G1 Evacuation Pause)
[2025-08-28T13:52:53.453+0000][1099914][info ][gc,task     ] GC(166) Using 12 workers of 33 for evacuation
[2025-08-28T13:52:53.453+0000][1099914][debug][gc,age      ] GC(166) Desired survivor size 20971520 bytes, new threshold 15 (max threshold 15)
[2025-08-28T13:52:53.455+0000][1099914][info ][gc,phases   ] GC(166)   Pre Evacuate Collection Set: 0.1ms
[2025-08-28T13:52:53.455+0000][1099914][info ][gc,phases   ] GC(166)   Merge Heap Roots: 0.1ms
[2025-08-28T13:52:53.455+0000][1099914][info ][gc,phases   ] GC(166)   Evacuate Collection Set: 1.1ms
[2025-08-28T13:52:53.455+0000][1099914][info ][gc,phases   ] GC(166)   Post Evacuate Collection Set: 0.3ms
[2025-08-28T13:52:53.455+0000][1099914][info ][gc,phases   ] GC(166)   Other: 0.1ms
[2025-08-28T13:52:53.455+0000][1099914][trace][gc,age      ] GC(166) Age table with threshold 15 (max threshold 15)
[2025-08-28T13:52:53.455+0000][1099914][trace][gc,age      ] GC(166) - age   1:     539672 bytes,     539672 total
[2025-08-28T13:52:53.455+0000][1099914][trace][gc,age      ] GC(166) - age   3:         32 bytes,     539704 total
[2025-08-28T13:52:53.455+0000][1099914][trace][gc,age      ] GC(166) - age   4:       1672 bytes,     541376 total
[2025-08-28T13:52:53.455+0000][1099914][trace][gc,age      ] GC(166) - age   5:        240 bytes,     541616 total
[2025-08-28T13:52:53.455+0000][1099914][trace][gc,age      ] GC(166) - age   6:       1056 bytes,     542672 total
[2025-08-28T13:52:53.455+0000][1099914][trace][gc,age      ] GC(166) - age  14:       1832 bytes,     544504 total
[2025-08-28T13:52:53.455+0000][1099914][trace][gc,age      ] GC(166) - age  15:       1504 bytes,     546008 total
[2025-08-28T13:52:53.455+0000][1099914][info ][gc,heap     ] GC(166) Eden regions: 75->0(75)
[2025-08-28T13:52:53.455+0000][1099914][info ][gc,heap     ] GC(166) Survivor regions: 1->1(10)
[2025-08-28T13:52:53.455+0000][1099914][info ][gc,heap     ] GC(166) Old regions: 24->24
[2025-08-28T13:52:53.455+0000][1099914][info ][gc,heap     ] GC(166) Humongous regions: 0->0
[2025-08-28T13:52:53.455+0000][1099914][info ][gc,metaspace] GC(166) Metaspace: 136665K(140480K)->136665K(140480K) NonClass: 118136K(120128K)->118136K(120128K) Class: 18528K(20352K)->18528K(20352K)
[2025-08-28T13:52:53.455+0000][1099914][info ][gc          ] GC(166) Pause Young (Normal) (G1 Evacuation Pause) 396M->96M(512M) 1.761ms
[2025-08-28T13:52:53.455+0000][1099914][info ][gc,cpu      ] GC(166) User=0.01s Sys=0.01s Real=0.00s
[2025-08-28T13:52:53.455+0000][1099914][info ][safepoint   ] Safepoint "G1CollectForAllocation", Time since last: 2016791841 ns, Reaching safepoint: 12519 ns, Cleanup: 5338 ns, At safepoint: 1830580 ns, Total: 1848437 ns
[2025-08-28T13:52:55.472+0000][1099914][info ][gc,start    ] GC(167) Pause Young (Normal) (G1 Evacuation Pause)
[2025-08-28T13:52:55.472+0000][1099914][info ][gc,task     ] GC(167) Using 12 workers of 33 for evacuation
[2025-08-28T13:52:55.472+0000][1099914][debug][gc,age      ] GC(167) Desired survivor size 20971520 bytes, new threshold 15 (max threshold 15)
[2025-08-28T13:52:55.473+0000][1099914][info ][gc,phases   ] GC(167)   Pre Evacuate Collection Set: 0.1ms
[2025-08-28T13:52:55.473+0000][1099914][info ][gc,phases   ] GC(167)   Merge Heap Roots: 0.1ms
[2025-08-28T13:52:55.473+0000][1099914][info ][gc,phases   ] GC(167)   Evacuate Collection Set: 1.1ms
[2025-08-28T13:52:55.473+0000][1099914][info ][gc,phases   ] GC(167)   Post Evacuate Collection Set: 0.3ms
[2025-08-28T13:52:55.473+0000][1099914][info ][gc,phases   ] GC(167)   Other: 0.0ms
[2025-08-28T13:52:55.473+0000][1099914][trace][gc,age      ] GC(167) Age table with threshold 15 (max threshold 15)
[2025-08-28T13:52:55.473+0000][1099914][trace][gc,age      ] GC(167) - age   1:     555272 bytes,     555272 total
[2025-08-28T13:52:55.473+0000][1099914][trace][gc,age      ] GC(167) - age   2:        888 bytes,     556160 total
[2025-08-28T13:52:55.473+0000][1099914][trace][gc,age      ] GC(167) - age   4:         32 bytes,     556192 total
[2025-08-28T13:52:55.473+0000][1099914][trace][gc,age      ] GC(167) - age   5:       1672 bytes,     557864 total
[2025-08-28T13:52:55.473+0000][1099914][trace][gc,age      ] GC(167) - age   7:        832 bytes,     558696 total
[2025-08-28T13:52:55.473+0000][1099914][trace][gc,age      ] GC(167) - age  15:       1832 bytes,     560528 total
[2025-08-28T13:52:55.473+0000][1099914][info ][gc,heap     ] GC(167) Eden regions: 75->0(75)
[2025-08-28T13:52:55.473+0000][1099914][info ][gc,heap     ] GC(167) Survivor regions: 1->1(10)
[2025-08-28T13:52:55.473+0000][1099914][info ][gc,heap     ] GC(167) Old regions: 24->24
[2025-08-28T13:52:55.473+0000][1099914][info ][gc,heap     ] GC(167) Humongous regions: 0->0
[2025-08-28T13:52:55.473+0000][1099914][info ][gc,metaspace] GC(167) Metaspace: 136665K(140480K)->136665K(140480K) NonClass: 118136K(120128K)->118136K(120128K) Class: 18528K(20352K)->18528K(20352K)
[2025-08-28T13:52:55.473+0000][1099914][info ][gc          ] GC(167) Pause Young (Normal) (G1 Evacuation Pause) 396M->96M(512M) 1.791ms
[2025-08-28T13:52:55.473+0000][1099914][info ][gc,cpu      ] GC(167) User=0.01s Sys=0.00s Real=0.00s
[2025-08-28T13:52:55.473+0000][1099914][info ][safepoint   ] Safepoint "G1CollectForAllocation", Time since last: 2016582837 ns, Reaching safepoint: 12328 ns, Cleanup: 5298 ns, At safepoint: 1874406 ns, Total: 1892032 ns
[2025-08-28T13:52:56.474+0000][1099914][info ][safepoint   ] Safepoint "Cleanup", Time since last: 1000073332 ns, Reaching safepoint: 11928 ns, Cleanup: 14311 ns, At safepoint: 2915 ns, Total: 29154 ns
[2025-08-28T13:52:57.503+0000][1099914][info ][gc,start    ] GC(168) Pause Young (Normal) (G1 Evacuation Pause)
[2025-08-28T13:52:57.503+0000][1099914][info ][gc,task     ] GC(168) Using 12 workers of 33 for evacuation
[2025-08-28T13:52:57.503+0000][1099914][debug][gc,age      ] GC(168) Desired survivor size 20971520 bytes, new threshold 15 (max threshold 15)
[2025-08-28T13:52:57.505+0000][1099914][info ][gc,phases   ] GC(168)   Pre Evacuate Collection Set: 0.1ms
[2025-08-28T13:52:57.505+0000][1099914][info ][gc,phases   ] GC(168)   Merge Heap Roots: 0.1ms
[2025-08-28T13:52:57.505+0000][1099914][info ][gc,phases   ] GC(168)   Evacuate Collection Set: 1.1ms
[2025-08-28T13:52:57.505+0000][1099914][info ][gc,phases   ] GC(168)   Post Evacuate Collection Set: 0.3ms
[2025-08-28T13:52:57.505+0000][1099914][info ][gc,phases   ] GC(168)   Other: 0.0ms
[2025-08-28T13:52:57.505+0000][1099914][trace][gc,age      ] GC(168) Age table with threshold 15 (max threshold 15)
[2025-08-28T13:52:57.505+0000][1099914][trace][gc,age      ] GC(168) - age   1:     540272 bytes,     540272 total
[2025-08-28T13:52:57.505+0000][1099914][trace][gc,age      ] GC(168) - age   2:        464 bytes,     540736 total
[2025-08-28T13:52:57.505+0000][1099914][trace][gc,age      ] GC(168) - age   3:        888 bytes,     541624 total
[2025-08-28T13:52:57.505+0000][1099914][trace][gc,age      ] GC(168) - age   5:         32 bytes,     541656 total
[2025-08-28T13:52:57.505+0000][1099914][trace][gc,age      ] GC(168) - age   6:       1104 bytes,     542760 total
[2025-08-28T13:52:57.505+0000][1099914][trace][gc,age      ] GC(168) - age   8:        832 bytes,     543592 total
[2025-08-28T13:52:57.505+0000][1099914][info ][gc,heap     ] GC(168) Eden regions: 75->0(75)
[2025-08-28T13:52:57.505+0000][1099914][info ][gc,heap     ] GC(168) Survivor regions: 1->1(10)
[2025-08-28T13:52:57.505+0000][1099914][info ][gc,heap     ] GC(168) Old regions: 24->24
[2025-08-28T13:52:57.505+0000][1099914][info ][gc,heap     ] GC(168) Humongous regions: 0->0
[2025-08-28T13:52:57.505+0000][1099914][info ][gc,metaspace] GC(168) Metaspace: 136665K(140480K)->136665K(140480K) NonClass: 118136K(120128K)->118136K(120128K) Class: 18528K(20352K)->18528K(20352K)
[2025-08-28T13:52:57.505+0000][1099914][info ][gc          ] GC(168) Pause Young (Normal) (G1 Evacuation Pause) 396M->96M(512M) 1.806ms
[2025-08-28T13:52:57.505+0000][1099914][info ][gc,cpu      ] GC(168) User=0.01s Sys=0.00s Real=0.00s
[2025-08-28T13:52:57.505+0000][1099914][info ][safepoint   ] Safepoint "G1CollectForAllocation", Time since last: 1029462025 ns, Reaching safepoint: 47782 ns, Cleanup: 5698 ns, At safepoint: 1880526 ns, Total: 1934006 ns
[2025-08-28T13:52:59.509+0000][1099914][info ][gc,start    ] GC(169) Pause Young (Normal) (G1 Evacuation Pause)
[2025-08-28T13:52:59.509+0000][1099914][info ][gc,task     ] GC(169) Using 12 workers of 33 for evacuation
[2025-08-28T13:52:59.509+0000][1099914][debug][gc,age      ] GC(169) Desired survivor size 20971520 bytes, new threshold 15 (max threshold 15)
[2025-08-28T13:52:59.511+0000][1099914][info ][gc,phases   ] GC(169)   Pre Evacuate Collection Set: 0.2ms
[2025-08-28T13:52:59.511+0000][1099914][info ][gc,phases   ] GC(169)   Merge Heap Roots: 0.1ms
[2025-08-28T13:52:59.511+0000][1099914][info ][gc,phases   ] GC(169)   Evacuate Collection Set: 1.3ms
[2025-08-28T13:52:59.511+0000][1099914][info ][gc,phases   ] GC(169)   Post Evacuate Collection Set: 0.3ms
[2025-08-28T13:52:59.511+0000][1099914][info ][gc,phases   ] GC(169)   Other: 0.0ms
[2025-08-28T13:52:59.511+0000][1099914][trace][gc,age      ] GC(169) Age table with threshold 15 (max threshold 15)
[2025-08-28T13:52:59.511+0000][1099914][trace][gc,age      ] GC(169) - age   1:     554464 bytes,     554464 total
[2025-08-28T13:52:59.511+0000][1099914][trace][gc,age      ] GC(169) - age   2:       1488 bytes,     555952 total
[2025-08-28T13:52:59.511+0000][1099914][trace][gc,age      ] GC(169) - age   3:        464 bytes,     556416 total
[2025-08-28T13:52:59.511+0000][1099914][trace][gc,age      ] GC(169) - age   4:        176 bytes,     556592 total
[2025-08-28T13:52:59.511+0000][1099914][trace][gc,age      ] GC(169) - age   6:         32 bytes,     556624 total
[2025-08-28T13:52:59.511+0000][1099914][trace][gc,age      ] GC(169) - age   7:       1104 bytes,     557728 total
[2025-08-28T13:52:59.511+0000][1099914][trace][gc,age      ] GC(169) - age   9:        832 bytes,     558560 total
[2025-08-28T13:52:59.511+0000][1099914][info ][gc,heap     ] GC(169) Eden regions: 75->0(75)
[2025-08-28T13:52:59.511+0000][1099914][info ][gc,heap     ] GC(169) Survivor regions: 1->1(10)
[2025-08-28T13:52:59.511+0000][1099914][info ][gc,heap     ] GC(169) Old regions: 24->24
[2025-08-28T13:52:59.511+0000][1099914][info ][gc,heap     ] GC(169) Humongous regions: 0->0
[2025-08-28T13:52:59.511+0000][1099914][info ][gc,metaspace] GC(169) Metaspace: 136665K(140480K)->136665K(140480K) NonClass: 118136K(120128K)->118136K(120128K) Class: 18528K(20352K)->18528K(20352K)
[2025-08-28T13:52:59.511+0000][1099914][info ][gc          ] GC(169) Pause Young (Normal) (G1 Evacuation Pause) 396M->96M(512M) 1.968ms
[2025-08-28T13:52:59.511+0000][1099914][info ][gc,cpu      ] GC(169) User=0.01s Sys=0.00s Real=0.01s
[2025-08-28T13:52:59.511+0000][1099914][info ][safepoint   ] Safepoint "G1CollectForAllocation", Time since last: 2004134835 ns, Reaching safepoint: 12809 ns, Cleanup: 5027 ns, At safepoint: 2042619 ns, Total: 2060455 ns
[2025-08-28T13:53:01.522+0000][1099914][info ][gc,start    ] GC(170) Pause Young (Normal) (G1 Evacuation Pause)
[2025-08-28T13:53:01.522+0000][1099914][info ][gc,task     ] GC(170) Using 12 workers of 33 for evacuation
[2025-08-28T13:53:01.522+0000][1099914][debug][gc,age      ] GC(170) Desired survivor size 20971520 bytes, new threshold 15 (max threshold 15)
[2025-08-28T13:53:01.523+0000][1099914][info ][gc,phases   ] GC(170)   Pre Evacuate Collection Set: 0.2ms
[2025-08-28T13:53:01.523+0000][1099914][info ][gc,phases   ] GC(170)   Merge Heap Roots: 0.1ms
[2025-08-28T13:53:01.523+0000][1099914][info ][gc,phases   ] GC(170)   Evacuate Collection Set: 1.3ms
[2025-08-28T13:53:01.523+0000][1099914][info ][gc,phases   ] GC(170)   Post Evacuate Collection Set: 0.3ms
[2025-08-28T13:53:01.523+0000][1099914][info ][gc,phases   ] GC(170)   Other: 0.0ms
[2025-08-28T13:53:01.523+0000][1099914][trace][gc,age      ] GC(170) Age table with threshold 15 (max threshold 15)
[2025-08-28T13:53:01.523+0000][1099914][trace][gc,age      ] GC(170) - age   1:     555136 bytes,     555136 total
[2025-08-28T13:53:01.523+0000][1099914][trace][gc,age      ] GC(170) - age   2:        712 bytes,     555848 total
[2025-08-28T13:53:01.523+0000][1099914][trace][gc,age      ] GC(170) - age   3:       1488 bytes,     557336 total
[2025-08-28T13:53:01.523+0000][1099914][trace][gc,age      ] GC(170) - age   4:        464 bytes,     557800 total
[2025-08-28T13:53:01.523+0000][1099914][trace][gc,age      ] GC(170) - age   5:        176 bytes,     557976 total
[2025-08-28T13:53:01.523+0000][1099914][trace][gc,age      ] GC(170) - age   7:         32 bytes,     558008 total
[2025-08-28T13:53:01.523+0000][1099914][trace][gc,age      ] GC(170) - age   8:       1104 bytes,     559112 total
[2025-08-28T13:53:01.523+0000][1099914][trace][gc,age      ] GC(170) - age  10:        832 bytes,     559944 total
[2025-08-28T13:53:01.524+0000][1099914][info ][gc,heap     ] GC(170) Eden regions: 75->0(75)
[2025-08-28T13:53:01.524+0000][1099914][info ][gc,heap     ] GC(170) Survivor regions: 1->1(10)
[2025-08-28T13:53:01.524+0000][1099914][info ][gc,heap     ] GC(170) Old regions: 24->24
[2025-08-28T13:53:01.524+0000][1099914][info ][gc,heap     ] GC(170) Humongous regions: 0->0
[2025-08-28T13:53:01.524+0000][1099914][info ][gc,metaspace] GC(170) Metaspace: 136665K(140480K)->136665K(140480K) NonClass: 118136K(120128K)->118136K(120128K) Class: 18528K(20352K)->18528K(20352K)
[2025-08-28T13:53:01.524+0000][1099914][info ][gc          ] GC(170) Pause Young (Normal) (G1 Evacuation Pause) 396M->96M(512M) 1.985ms
[2025-08-28T13:53:01.524+0000][1099914][info ][gc,cpu      ] GC(170) User=0.00s Sys=0.00s Real=0.00s
[2025-08-28T13:53:01.524+0000][1099914][info ][safepoint   ] Safepoint "G1CollectForAllocation", Time since last: 2010388020 ns, Reaching safepoint: 12419 ns, Cleanup: 5318 ns, At safepoint: 2057721 ns, Total: 2075458 ns
[2025-08-28T13:53:03.509+0000][1099914][info ][gc,start    ] GC(171) Pause Young (Normal) (G1 Evacuation Pause)
[2025-08-28T13:53:03.509+0000][1099914][info ][gc,task     ] GC(171) Using 12 workers of 33 for evacuation
[2025-08-28T13:53:03.509+0000][1099914][debug][gc,age      ] GC(171) Desired survivor size 20971520 bytes, new threshold 15 (max threshold 15)
[2025-08-28T13:53:03.511+0000][1099914][info ][gc,phases   ] GC(171)   Pre Evacuate Collection Set: 0.1ms
[2025-08-28T13:53:03.511+0000][1099914][info ][gc,phases   ] GC(171)   Merge Heap Roots: 0.1ms
[2025-08-28T13:53:03.511+0000][1099914][info ][gc,phases   ] GC(171)   Evacuate Collection Set: 1.1ms
[2025-08-28T13:53:03.511+0000][1099914][info ][gc,phases   ] GC(171)   Post Evacuate Collection Set: 0.3ms
[2025-08-28T13:53:03.511+0000][1099914][info ][gc,phases   ] GC(171)   Other: 0.0ms
[2025-08-28T13:53:03.511+0000][1099914][trace][gc,age      ] GC(171) Age table with threshold 15 (max threshold 15)
[2025-08-28T13:53:03.511+0000][1099914][trace][gc,age      ] GC(171) - age   1:     555640 bytes,     555640 total
[2025-08-28T13:53:03.511+0000][1099914][trace][gc,age      ] GC(171) - age   4:       1488 bytes,     557128 total
[2025-08-28T13:53:03.511+0000][1099914][trace][gc,age      ] GC(171) - age   5:        464 bytes,     557592 total
[2025-08-28T13:53:03.511+0000][1099914][trace][gc,age      ] GC(171) - age   6:        176 bytes,     557768 total
[2025-08-28T13:53:03.511+0000][1099914][trace][gc,age      ] GC(171) - age   8:         32 bytes,     557800 total
[2025-08-28T13:53:03.511+0000][1099914][trace][gc,age      ] GC(171) - age   9:       1104 bytes,     558904 total
[2025-08-28T13:53:03.511+0000][1099914][trace][gc,age      ] GC(171) - age  11:        832 bytes,     559736 total
[2025-08-28T13:53:03.511+0000][1099914][info ][gc,heap     ] GC(171) Eden regions: 75->0(75)
[2025-08-28T13:53:03.511+0000][1099914][info ][gc,heap     ] GC(171) Survivor regions: 1->1(10)
[2025-08-28T13:53:03.511+0000][1099914][info ][gc,heap     ] GC(171) Old regions: 24->24
[2025-08-28T13:53:03.511+0000][1099914][info ][gc,heap     ] GC(171) Humongous regions: 0->0
[2025-08-28T13:53:03.511+0000][1099914][info ][gc,metaspace] GC(171) Metaspace: 136665K(140480K)->136665K(140480K) NonClass: 118136K(120128K)->118136K(120128K) Class: 18528K(20352K)->18528K(20352K)
[2025-08-28T13:53:03.511+0000][1099914][info ][gc          ] GC(171) Pause Young (Normal) (G1 Evacuation Pause) 396M->96M(512M) 1.778ms
[2025-08-28T13:53:03.511+0000][1099914][info ][gc,cpu      ] GC(171) User=0.01s Sys=0.00s Real=0.01s
[2025-08-28T13:53:03.511+0000][1099914][info ][safepoint   ] Safepoint "G1CollectForAllocation", Time since last: 1985547860 ns, Reaching safepoint: 48112 ns, Cleanup: 5418 ns, At safepoint: 1859965 ns, Total: 1913495 ns
[2025-08-28T13:53:05.515+0000][1099914][info ][gc,start    ] GC(172) Pause Young (Normal) (G1 Evacuation Pause)
[2025-08-28T13:53:05.516+0000][1099914][info ][gc,task     ] GC(172) Using 12 workers of 33 for evacuation
[2025-08-28T13:53:05.516+0000][1099914][debug][gc,age      ] GC(172) Desired survivor size 20971520 bytes, new threshold 15 (max threshold 15)
[2025-08-28T13:53:05.517+0000][1099914][info ][gc,phases   ] GC(172)   Pre Evacuate Collection Set: 0.1ms
[2025-08-28T13:53:05.517+0000][1099914][info ][gc,phases   ] GC(172)   Merge Heap Roots: 0.1ms
[2025-08-28T13:53:05.517+0000][1099914][info ][gc,phases   ] GC(172)   Evacuate Collection Set: 1.3ms
[2025-08-28T13:53:05.517+0000][1099914][info ][gc,phases   ] GC(172)   Post Evacuate Collection Set: 0.3ms
[2025-08-28T13:53:05.517+0000][1099914][info ][gc,phases   ] GC(172)   Other: 0.0ms
[2025-08-28T13:53:05.517+0000][1099914][trace][gc,age      ] GC(172) Age table with threshold 15 (max threshold 15)
[2025-08-28T13:53:05.517+0000][1099914][trace][gc,age      ] GC(172) - age   1:     539024 bytes,     539024 total
[2025-08-28T13:53:05.517+0000][1099914][trace][gc,age      ] GC(172) - age   2:        744 bytes,     539768 total
[2025-08-28T13:53:05.517+0000][1099914][trace][gc,age      ] GC(172) - age   5:       1488 bytes,     541256 total
[2025-08-28T13:53:05.517+0000][1099914][trace][gc,age      ] GC(172) - age   6:        224 bytes,     541480 total
[2025-08-28T13:53:05.517+0000][1099914][trace][gc,age      ] GC(172) - age   7:        176 bytes,     541656 total
[2025-08-28T13:53:05.517+0000][1099914][trace][gc,age      ] GC(172) - age   9:         32 bytes,     541688 total
[2025-08-28T13:53:05.517+0000][1099914][trace][gc,age      ] GC(172) - age  10:       1104 bytes,     542792 total
[2025-08-28T13:53:05.517+0000][1099914][trace][gc,age      ] GC(172) - age  12:        832 bytes,     543624 total
[2025-08-28T13:53:05.517+0000][1099914][info ][gc,heap     ] GC(172) Eden regions: 75->0(75)
[2025-08-28T13:53:05.517+0000][1099914][info ][gc,heap     ] GC(172) Survivor regions: 1->1(10)
[2025-08-28T13:53:05.517+0000][1099914][info ][gc,heap     ] GC(172) Old regions: 24->24
[2025-08-28T13:53:05.517+0000][1099914][info ][gc,heap     ] GC(172) Humongous regions: 0->0
[2025-08-28T13:53:05.517+0000][1099914][info ][gc,metaspace] GC(172) Metaspace: 136665K(140480K)->136665K(140480K) NonClass: 118136K(120128K)->118136K(120128K) Class: 18528K(20352K)->18528K(20352K)
[2025-08-28T13:53:05.517+0000][1099914][info ][gc          ] GC(172) Pause Young (Normal) (G1 Evacuation Pause) 396M->96M(512M) 1.947ms
[2025-08-28T13:53:05.517+0000][1099914][info ][gc,cpu      ] GC(172) User=0.01s Sys=0.01s Real=0.00s
[2025-08-28T13:53:05.517+0000][1099914][info ][safepoint   ] Safepoint "G1CollectForAllocation", Time since last: 2004389237 ns, Reaching safepoint: 12298 ns, Cleanup: 5028 ns, At safepoint: 2021467 ns, Total: 2038793 ns
[2025-08-28T13:53:07.516+0000][1099914][info ][gc,start    ] GC(173) Pause Young (Normal) (G1 Evacuation Pause)
[2025-08-28T13:53:07.516+0000][1099914][info ][gc,task     ] GC(173) Using 12 workers of 33 for evacuation
[2025-08-28T13:53:07.516+0000][1099914][debug][gc,age      ] GC(173) Desired survivor size 20971520 bytes, new threshold 15 (max threshold 15)
[2025-08-28T13:53:07.518+0000][1099914][info ][gc,phases   ] GC(173)   Pre Evacuate Collection Set: 0.2ms
[2025-08-28T13:53:07.518+0000][1099914][info ][gc,phases   ] GC(173)   Merge Heap Roots: 0.1ms
[2025-08-28T13:53:07.518+0000][1099914][info ][gc,phases   ] GC(173)   Evacuate Collection Set: 1.4ms
[2025-08-28T13:53:07.518+0000][1099914][info ][gc,phases   ] GC(173)   Post Evacuate Collection Set: 0.3ms
[2025-08-28T13:53:07.518+0000][1099914][info ][gc,phases   ] GC(173)   Other: 0.1ms
[2025-08-28T13:53:07.518+0000][1099914][trace][gc,age      ] GC(173) Age table with threshold 15 (max threshold 15)
[2025-08-28T13:53:07.518+0000][1099914][trace][gc,age      ] GC(173) - age   1:     538784 bytes,     538784 total
[2025-08-28T13:53:07.518+0000][1099914][trace][gc,age      ] GC(173) - age   2:        240 bytes,     539024 total
[2025-08-28T13:53:07.518+0000][1099914][trace][gc,age      ] GC(173) - age   3:        744 bytes,     539768 total
[2025-08-28T13:53:07.518+0000][1099914][trace][gc,age      ] GC(173) - age   6:       1488 bytes,     541256 total
[2025-08-28T13:53:07.518+0000][1099914][trace][gc,age      ] GC(173) - age   7:        224 bytes,     541480 total
[2025-08-28T13:53:07.518+0000][1099914][trace][gc,age      ] GC(173) - age   8:        176 bytes,     541656 total
[2025-08-28T13:53:07.518+0000][1099914][trace][gc,age      ] GC(173) - age  10:         32 bytes,     541688 total
[2025-08-28T13:53:07.518+0000][1099914][trace][gc,age      ] GC(173) - age  11:       1104 bytes,     542792 total
[2025-08-28T13:53:07.518+0000][1099914][trace][gc,age      ] GC(173) - age  13:        832 bytes,     543624 total
[2025-08-28T13:53:07.518+0000][1099914][info ][gc,heap     ] GC(173) Eden regions: 75->0(75)
[2025-08-28T13:53:07.518+0000][1099914][info ][gc,heap     ] GC(173) Survivor regions: 1->1(10)
[2025-08-28T13:53:07.518+0000][1099914][info ][gc,heap     ] GC(173) Old regions: 24->24
[2025-08-28T13:53:07.518+0000][1099914][info ][gc,heap     ] GC(173) Humongous regions: 0->0
[2025-08-28T13:53:07.518+0000][1099914][info ][gc,metaspace] GC(173) Metaspace: 136665K(140480K)->136665K(140480K) NonClass: 118136K(120128K)->118136K(120128K) Class: 18528K(20352K)->18528K(20352K)
[2025-08-28T13:53:07.518+0000][1099914][info ][gc          ] GC(173) Pause Young (Normal) (G1 Evacuation Pause) 396M->96M(512M) 2.140ms
[2025-08-28T13:53:07.518+0000][1099914][info ][gc,cpu      ] GC(173) User=0.00s Sys=0.00s Real=0.00s
[2025-08-28T13:53:07.518+0000][1099914][info ][safepoint   ] Safepoint "G1CollectForAllocation", Time since last: 1998016212 ns, Reaching safepoint: 48363 ns, Cleanup: 5398 ns, At safepoint: 2215488 ns, Total: 2269249 ns
[2025-08-28T13:53:09.497+0000][1099914][info ][gc,start    ] GC(174) Pause Young (Normal) (G1 Evacuation Pause)
[2025-08-28T13:53:09.497+0000][1099914][info ][gc,task     ] GC(174) Using 12 workers of 33 for evacuation
[2025-08-28T13:53:09.497+0000][1099914][debug][gc,age      ] GC(174) Desired survivor size 20971520 bytes, new threshold 15 (max threshold 15)
[2025-08-28T13:53:09.498+0000][1099914][info ][gc,phases   ] GC(174)   Pre Evacuate Collection Set: 0.1ms
[2025-08-28T13:53:09.498+0000][1099914][info ][gc,phases   ] GC(174)   Merge Heap Roots: 0.0ms
[2025-08-28T13:53:09.498+0000][1099914][info ][gc,phases   ] GC(174)   Evacuate Collection Set: 1.1ms
[2025-08-28T13:53:09.498+0000][1099914][info ][gc,phases   ] GC(174)   Post Evacuate Collection Set: 0.3ms
[2025-08-28T13:53:09.498+0000][1099914][info ][gc,phases   ] GC(174)   Other: 0.0ms
[2025-08-28T13:53:09.498+0000][1099914][trace][gc,age      ] GC(174) Age table with threshold 15 (max threshold 15)
[2025-08-28T13:53:09.498+0000][1099914][trace][gc,age      ] GC(174) - age   1:     555648 bytes,     555648 total
[2025-08-28T13:53:09.498+0000][1099914][trace][gc,age      ] GC(174) - age   3:        240 bytes,     555888 total
[2025-08-28T13:53:09.498+0000][1099914][trace][gc,age      ] GC(174) - age   4:         32 bytes,     555920 total
[2025-08-28T13:53:09.498+0000][1099914][trace][gc,age      ] GC(174) - age   7:       1488 bytes,     557408 total
[2025-08-28T13:53:09.498+0000][1099914][trace][gc,age      ] GC(174) - age   9:        176 bytes,     557584 total
[2025-08-28T13:53:09.498+0000][1099914][trace][gc,age      ] GC(174) - age  11:         32 bytes,     557616 total
[2025-08-28T13:53:09.498+0000][1099914][trace][gc,age      ] GC(174) - age  12:       1104 bytes,     558720 total
[2025-08-28T13:53:09.498+0000][1099914][trace][gc,age      ] GC(174) - age  14:        832 bytes,     559552 total
[2025-08-28T13:53:09.498+0000][1099914][info ][gc,heap     ] GC(174) Eden regions: 75->0(75)
[2025-08-28T13:53:09.498+0000][1099914][info ][gc,heap     ] GC(174) Survivor regions: 1->1(10)
[2025-08-28T13:53:09.498+0000][1099914][info ][gc,heap     ] GC(174) Old regions: 24->24
[2025-08-28T13:53:09.498+0000][1099914][info ][gc,heap     ] GC(174) Humongous regions: 0->0
[2025-08-28T13:53:09.498+0000][1099914][info ][gc,metaspace] GC(174) Metaspace: 136665K(140480K)->136665K(140480K) NonClass: 118136K(120128K)->118136K(120128K) Class: 18528K(20352K)->18528K(20352K)
[2025-08-28T13:53:09.498+0000][1099914][info ][gc          ] GC(174) Pause Young (Normal) (G1 Evacuation Pause) 396M->96M(512M) 1.763ms
[2025-08-28T13:53:09.498+0000][1099914][info ][gc,cpu      ] GC(174) User=0.00s Sys=0.00s Real=0.00s
[2025-08-28T13:53:09.498+0000][1099914][info ][safepoint   ] Safepoint "G1CollectForAllocation", Time since last: 1978775625 ns, Reaching safepoint: 12559 ns, Cleanup: 5759 ns, At safepoint: 1858151 ns, Total: 1876469 ns
[2025-08-28T13:53:11.497+0000][1099914][info ][gc,start    ] GC(175) Pause Young (Normal) (G1 Evacuation Pause)
[2025-08-28T13:53:11.497+0000][1099914][info ][gc,task     ] GC(175) Using 12 workers of 33 for evacuation
[2025-08-28T13:53:11.497+0000][1099914][debug][gc,age      ] GC(175) Desired survivor size 20971520 bytes, new threshold 15 (max threshold 15)
[2025-08-28T13:53:11.499+0000][1099914][info ][gc,phases   ] GC(175)   Pre Evacuate Collection Set: 0.2ms
[2025-08-28T13:53:11.499+0000][1099914][info ][gc,phases   ] GC(175)   Merge Heap Roots: 0.1ms
[2025-08-28T13:53:11.499+0000][1099914][info ][gc,phases   ] GC(175)   Evacuate Collection Set: 1.3ms
[2025-08-28T13:53:11.499+0000][1099914][info ][gc,phases   ] GC(175)   Post Evacuate Collection Set: 0.3ms
[2025-08-28T13:53:11.499+0000][1099914][info ][gc,phases   ] GC(175)   Other: 0.0ms
[2025-08-28T13:53:11.499+0000][1099914][trace][gc,age      ] GC(175) Age table with threshold 15 (max threshold 15)
[2025-08-28T13:53:11.499+0000][1099914][trace][gc,age      ] GC(175) - age   1:     554040 bytes,     554040 total
[2025-08-28T13:53:11.499+0000][1099914][trace][gc,age      ] GC(175) - age   2:        936 bytes,     554976 total
[2025-08-28T13:53:11.499+0000][1099914][trace][gc,age      ] GC(175) - age   4:        240 bytes,     555216 total
[2025-08-28T13:53:11.499+0000][1099914][trace][gc,age      ] GC(175) - age   5:         32 bytes,     555248 total
[2025-08-28T13:53:11.499+0000][1099914][trace][gc,age      ] GC(175) - age   8:       1488 bytes,     556736 total
[2025-08-28T13:53:11.499+0000][1099914][trace][gc,age      ] GC(175) - age  10:        176 bytes,     556912 total
[2025-08-28T13:53:11.499+0000][1099914][trace][gc,age      ] GC(175) - age  12:         32 bytes,     556944 total
[2025-08-28T13:53:11.499+0000][1099914][trace][gc,age      ] GC(175) - age  13:       1104 bytes,     558048 total
[2025-08-28T13:53:11.499+0000][1099914][trace][gc,age      ] GC(175) - age  15:        832 bytes,     558880 total
[2025-08-28T13:53:11.499+0000][1099914][info ][gc,heap     ] GC(175) Eden regions: 75->0(75)
[2025-08-28T13:53:11.499+0000][1099914][info ][gc,heap     ] GC(175) Survivor regions: 1->1(10)
[2025-08-28T13:53:11.499+0000][1099914][info ][gc,heap     ] GC(175) Old regions: 24->24
[2025-08-28T13:53:11.499+0000][1099914][info ][gc,heap     ] GC(175) Humongous regions: 0->0
[2025-08-28T13:53:11.499+0000][1099914][info ][gc,metaspace] GC(175) Metaspace: 136665K(140480K)->136665K(140480K) NonClass: 118136K(120128K)->118136K(120128K) Class: 18528K(20352K)->18528K(20352K)
[2025-08-28T13:53:11.499+0000][1099914][info ][gc          ] GC(175) Pause Young (Normal) (G1 Evacuation Pause) 396M->96M(512M) 1.991ms
[2025-08-28T13:53:11.499+0000][1099914][info ][gc,cpu      ] GC(175) User=0.00s Sys=0.00s Real=0.00s
[2025-08-28T13:53:11.499+0000][1099914][info ][safepoint   ] Safepoint "G1CollectForAllocation", Time since last: 1998128882 ns, Reaching safepoint: 12679 ns, Cleanup: 5338 ns, At safepoint: 2084452 ns, Total: 2102469 ns
[2025-08-28T13:53:13.478+0000][1099914][info ][gc,start    ] GC(176) Pause Young (Normal) (G1 Evacuation Pause)
[2025-08-28T13:53:13.478+0000][1099914][info ][gc,task     ] GC(176) Using 12 workers of 33 for evacuation
[2025-08-28T13:53:13.478+0000][1099914][debug][gc,age      ] GC(176) Desired survivor size 20971520 bytes, new threshold 15 (max threshold 15)
[2025-08-28T13:53:13.480+0000][1099914][info ][gc,phases   ] GC(176)   Pre Evacuate Collection Set: 0.2ms
[2025-08-28T13:53:13.480+0000][1099914][info ][gc,phases   ] GC(176)   Merge Heap Roots: 0.1ms
[2025-08-28T13:53:13.480+0000][1099914][info ][gc,phases   ] GC(176)   Evacuate Collection Set: 1.2ms
[2025-08-28T13:53:13.480+0000][1099914][info ][gc,phases   ] GC(176)   Post Evacuate Collection Set: 0.3ms
[2025-08-28T13:53:13.480+0000][1099914][info ][gc,phases   ] GC(176)   Other: 0.0ms
[2025-08-28T13:53:13.480+0000][1099914][trace][gc,age      ] GC(176) Age table with threshold 15 (max threshold 15)
[2025-08-28T13:53:13.480+0000][1099914][trace][gc,age      ] GC(176) - age   1:     539496 bytes,     539496 total
[2025-08-28T13:53:13.480+0000][1099914][trace][gc,age      ] GC(176) - age   3:        224 bytes,     539720 total
[2025-08-28T13:53:13.480+0000][1099914][trace][gc,age      ] GC(176) - age   5:        240 bytes,     539960 total
[2025-08-28T13:53:13.480+0000][1099914][trace][gc,age      ] GC(176) - age   6:         32 bytes,     539992 total
[2025-08-28T13:53:13.480+0000][1099914][trace][gc,age      ] GC(176) - age   9:       1488 bytes,     541480 total
[2025-08-28T13:53:13.480+0000][1099914][trace][gc,age      ] GC(176) - age  11:        176 bytes,     541656 total
[2025-08-28T13:53:13.480+0000][1099914][trace][gc,age      ] GC(176) - age  13:         32 bytes,     541688 total
[2025-08-28T13:53:13.480+0000][1099914][trace][gc,age      ] GC(176) - age  14:       1104 bytes,     542792 total
[2025-08-28T13:53:13.480+0000][1099914][info ][gc,heap     ] GC(176) Eden regions: 75->0(75)
[2025-08-28T13:53:13.480+0000][1099914][info ][gc,heap     ] GC(176) Survivor regions: 1->1(10)
[2025-08-28T13:53:13.480+0000][1099914][info ][gc,heap     ] GC(176) Old regions: 24->24
[2025-08-28T13:53:13.480+0000][1099914][info ][gc,heap     ] GC(176) Humongous regions: 0->0
[2025-08-28T13:53:13.480+0000][1099914][info ][gc,metaspace] GC(176) Metaspace: 136665K(140480K)->136665K(140480K) NonClass: 118136K(120128K)->118136K(120128K) Class: 18528K(20352K)->18528K(20352K)
[2025-08-28T13:53:13.480+0000][1099914][info ][gc          ] GC(176) Pause Young (Normal) (G1 Evacuation Pause) 396M->96M(512M) 1.902ms
[2025-08-28T13:53:13.480+0000][1099914][info ][gc,cpu      ] GC(176) User=0.01s Sys=0.00s Real=0.00s
[2025-08-28T13:53:13.480+0000][1099914][info ][safepoint   ] Safepoint "G1CollectForAllocation", Time since last: 1979451380 ns, Reaching safepoint: 47942 ns, Cleanup: 5638 ns, At safepoint: 1975629 ns, Total: 2029209 ns
[2025-08-28T13:53:15.634+0000][1099914][info ][gc,start    ] GC(177) Pause Young (Normal) (G1 Evacuation Pause)
[2025-08-28T13:53:15.634+0000][1099914][info ][gc,task     ] GC(177) Using 12 workers of 33 for evacuation
[2025-08-28T13:53:15.634+0000][1099914][debug][gc,age      ] GC(177) Desired survivor size 20971520 bytes, new threshold 15 (max threshold 15)
[2025-08-28T13:53:15.636+0000][1099914][info ][gc,phases   ] GC(177)   Pre Evacuate Collection Set: 0.3ms
[2025-08-28T13:53:15.636+0000][1099914][info ][gc,phases   ] GC(177)   Merge Heap Roots: 0.1ms
[2025-08-28T13:53:15.636+0000][1099914][info ][gc,phases   ] GC(177)   Evacuate Collection Set: 1.5ms
[2025-08-28T13:53:15.636+0000][1099914][info ][gc,phases   ] GC(177)   Post Evacuate Collection Set: 0.4ms
[2025-08-28T13:53:15.636+0000][1099914][info ][gc,phases   ] GC(177)   Other: 0.1ms
[2025-08-28T13:53:15.636+0000][1099914][trace][gc,age      ] GC(177) Age table with threshold 15 (max threshold 15)
[2025-08-28T13:53:15.636+0000][1099914][trace][gc,age      ] GC(177) - age   1:     539160 bytes,     539160 total
[2025-08-28T13:53:15.636+0000][1099914][trace][gc,age      ] GC(177) - age   2:        712 bytes,     539872 total
[2025-08-28T13:53:15.636+0000][1099914][trace][gc,age      ] GC(177) - age   4:        224 bytes,     540096 total
[2025-08-28T13:53:15.636+0000][1099914][trace][gc,age      ] GC(177) - age   7:         32 bytes,     540128 total
[2025-08-28T13:53:15.636+0000][1099914][trace][gc,age      ] GC(177) - age  10:       1488 bytes,     541616 total
[2025-08-28T13:53:15.636+0000][1099914][trace][gc,age      ] GC(177) - age  12:        176 bytes,     541792 total
[2025-08-28T13:53:15.636+0000][1099914][trace][gc,age      ] GC(177) - age  14:         32 bytes,     541824 total
[2025-08-28T13:53:15.636+0000][1099914][trace][gc,age      ] GC(177) - age  15:       1104 bytes,     542928 total
[2025-08-28T13:53:15.636+0000][1099914][info ][gc,heap     ] GC(177) Eden regions: 75->0(75)
[2025-08-28T13:53:15.636+0000][1099914][info ][gc,heap     ] GC(177) Survivor regions: 1->1(10)
[2025-08-28T13:53:15.636+0000][1099914][info ][gc,heap     ] GC(177) Old regions: 24->24
[2025-08-28T13:53:15.636+0000][1099914][info ][gc,heap     ] GC(177) Humongous regions: 0->0
[2025-08-28T13:53:15.636+0000][1099914][info ][gc,metaspace] GC(177) Metaspace: 136665K(140480K)->136665K(140480K) NonClass: 118136K(120128K)->118136K(120128K) Class: 18528K(20352K)->18528K(20352K)
[2025-08-28T13:53:15.636+0000][1099914][info ][gc          ] GC(177) Pause Young (Normal) (G1 Evacuation Pause) 396M->96M(512M) 2.443ms
[2025-08-28T13:53:15.636+0000][1099914][info ][gc,cpu      ] GC(177) User=0.00s Sys=0.02s Real=0.00s
[2025-08-28T13:53:15.636+0000][1099914][info ][safepoint   ] Safepoint "G1CollectForAllocation", Time since last: 2153334023 ns, Reaching safepoint: 30175 ns, Cleanup: 5759 ns, At safepoint: 2517653 ns, Total: 2553587 ns
[2025-08-28T13:53:17.629+0000][1099914][info ][gc,start    ] GC(178) Pause Young (Normal) (G1 Evacuation Pause)
[2025-08-28T13:53:17.629+0000][1099914][info ][gc,task     ] GC(178) Using 12 workers of 33 for evacuation
[2025-08-28T13:53:17.629+0000][1099914][debug][gc,age      ] GC(178) Desired survivor size 20971520 bytes, new threshold 15 (max threshold 15)
[2025-08-28T13:53:17.631+0000][1099914][info ][gc,phases   ] GC(178)   Pre Evacuate Collection Set: 0.2ms
[2025-08-28T13:53:17.631+0000][1099914][info ][gc,phases   ] GC(178)   Merge Heap Roots: 0.1ms
[2025-08-28T13:53:17.631+0000][1099914][info ][gc,phases   ] GC(178)   Evacuate Collection Set: 1.0ms
[2025-08-28T13:53:17.631+0000][1099914][info ][gc,phases   ] GC(178)   Post Evacuate Collection Set: 0.3ms
[2025-08-28T13:53:17.631+0000][1099914][info ][gc,phases   ] GC(178)   Other: 0.1ms
[2025-08-28T13:53:17.631+0000][1099914][trace][gc,age      ] GC(178) Age table with threshold 15 (max threshold 15)
[2025-08-28T13:53:17.631+0000][1099914][trace][gc,age      ] GC(178) - age   1:     555648 bytes,     555648 total
[2025-08-28T13:53:17.631+0000][1099914][trace][gc,age      ] GC(178) - age   2:        240 bytes,     555888 total
[2025-08-28T13:53:17.631+0000][1099914][trace][gc,age      ] GC(178) - age   3:        712 bytes,     556600 total
[2025-08-28T13:53:17.631+0000][1099914][trace][gc,age      ] GC(178) - age   5:        224 bytes,     556824 total
[2025-08-28T13:53:17.631+0000][1099914][trace][gc,age      ] GC(178) - age   8:         32 bytes,     556856 total
[2025-08-28T13:53:17.631+0000][1099914][trace][gc,age      ] GC(178) - age  11:       1008 bytes,     557864 total
[2025-08-28T13:53:17.631+0000][1099914][trace][gc,age      ] GC(178) - age  13:        176 bytes,     558040 total
[2025-08-28T13:53:17.631+0000][1099914][trace][gc,age      ] GC(178) - age  15:         32 bytes,     558072 total
[2025-08-28T13:53:17.631+0000][1099914][info ][gc,heap     ] GC(178) Eden regions: 75->0(75)
[2025-08-28T13:53:17.631+0000][1099914][info ][gc,heap     ] GC(178) Survivor regions: 1->1(10)
[2025-08-28T13:53:17.631+0000][1099914][info ][gc,heap     ] GC(178) Old regions: 24->24
[2025-08-28T13:53:17.631+0000][1099914][info ][gc,heap     ] GC(178) Humongous regions: 0->0
[2025-08-28T13:53:17.631+0000][1099914][info ][gc,metaspace] GC(178) Metaspace: 136665K(140480K)->136665K(140480K) NonClass: 118136K(120128K)->118136K(120128K) Class: 18528K(20352K)->18528K(20352K)
[2025-08-28T13:53:17.631+0000][1099914][info ][gc          ] GC(178) Pause Young (Normal) (G1 Evacuation Pause) 396M->96M(512M) 1.738ms
[2025-08-28T13:53:17.631+0000][1099914][info ][gc,cpu      ] GC(178) User=0.01s Sys=0.00s Real=0.01s
[2025-08-28T13:53:17.631+0000][1099914][info ][safepoint   ] Safepoint "G1CollectForAllocation", Time since last: 1992993456 ns, Reaching safepoint: 12859 ns, Cleanup: 5859 ns, At safepoint: 1826484 ns, Total: 1845202 ns
[2025-08-28T13:53:19.629+0000][1099914][info ][gc,start    ] GC(179) Pause Young (Normal) (G1 Evacuation Pause)
[2025-08-28T13:53:19.629+0000][1099914][info ][gc,task     ] GC(179) Using 12 workers of 33 for evacuation
[2025-08-28T13:53:19.629+0000][1099914][debug][gc,age      ] GC(179) Desired survivor size 20971520 bytes, new threshold 15 (max threshold 15)
[2025-08-28T13:53:19.631+0000][1099914][info ][gc,phases   ] GC(179)   Pre Evacuate Collection Set: 0.1ms
[2025-08-28T13:53:19.631+0000][1099914][info ][gc,phases   ] GC(179)   Merge Heap Roots: 0.0ms
[2025-08-28T13:53:19.631+0000][1099914][info ][gc,phases   ] GC(179)   Evacuate Collection Set: 1.0ms
[2025-08-28T13:53:19.631+0000][1099914][info ][gc,phases   ] GC(179)   Post Evacuate Collection Set: 0.3ms
[2025-08-28T13:53:19.631+0000][1099914][info ][gc,phases   ] GC(179)   Other: 0.0ms
[2025-08-28T13:53:19.631+0000][1099914][trace][gc,age      ] GC(179) Age table with threshold 15 (max threshold 15)
[2025-08-28T13:53:19.631+0000][1099914][trace][gc,age      ] GC(179) - age   1:     554584 bytes,     554584 total
[2025-08-28T13:53:19.631+0000][1099914][trace][gc,age      ] GC(179) - age   2:        904 bytes,     555488 total
[2025-08-28T13:53:19.631+0000][1099914][trace][gc,age      ] GC(179) - age   3:        240 bytes,     555728 total
[2025-08-28T13:53:19.631+0000][1099914][trace][gc,age      ] GC(179) - age   6:        224 bytes,     555952 total
[2025-08-28T13:53:19.631+0000][1099914][trace][gc,age      ] GC(179) - age   9:         32 bytes,     555984 total
[2025-08-28T13:53:19.631+0000][1099914][trace][gc,age      ] GC(179) - age  12:       1008 bytes,     556992 total
[2025-08-28T13:53:19.631+0000][1099914][trace][gc,age      ] GC(179) - age  14:        176 bytes,     557168 total
[2025-08-28T13:53:19.631+0000][1099914][info ][gc,heap     ] GC(179) Eden regions: 75->0(75)
[2025-08-28T13:53:19.631+0000][1099914][info ][gc,heap     ] GC(179) Survivor regions: 1->1(10)
[2025-08-28T13:53:19.631+0000][1099914][info ][gc,heap     ] GC(179) Old regions: 24->24
[2025-08-28T13:53:19.631+0000][1099914][info ][gc,heap     ] GC(179) Humongous regions: 0->0
[2025-08-28T13:53:19.631+0000][1099914][info ][gc,metaspace] GC(179) Metaspace: 136665K(140480K)->136665K(140480K) NonClass: 118136K(120128K)->118136K(120128K) Class: 18528K(20352K)->18528K(20352K)
[2025-08-28T13:53:19.631+0000][1099914][info ][gc          ] GC(179) Pause Young (Normal) (G1 Evacuation Pause) 396M->96M(512M) 1.726ms
[2025-08-28T13:53:19.631+0000][1099914][info ][gc,cpu      ] GC(179) User=0.01s Sys=0.00s Real=0.01s
[2025-08-28T13:53:19.631+0000][1099914][info ][safepoint   ] Safepoint "G1CollectForAllocation", Time since last: 1998102442 ns, Reaching safepoint: 12629 ns, Cleanup: 5368 ns, At safepoint: 1797310 ns, Total: 1815307 ns
[2025-08-28T13:53:21.641+0000][1099914][info ][gc,start    ] GC(180) Pause Young (Normal) (G1 Evacuation Pause)
[2025-08-28T13:53:21.642+0000][1099914][info ][gc,task     ] GC(180) Using 12 workers of 33 for evacuation
[2025-08-28T13:53:21.642+0000][1099914][debug][gc,age      ] GC(180) Desired survivor size 20971520 bytes, new threshold 15 (max threshold 15)
[2025-08-28T13:53:21.643+0000][1099914][info ][gc,phases   ] GC(180)   Pre Evacuate Collection Set: 0.2ms
[2025-08-28T13:53:21.643+0000][1099914][info ][gc,phases   ] GC(180)   Merge Heap Roots: 0.0ms
[2025-08-28T13:53:21.643+0000][1099914][info ][gc,phases   ] GC(180)   Evacuate Collection Set: 1.0ms
[2025-08-28T13:53:21.643+0000][1099914][info ][gc,phases   ] GC(180)   Post Evacuate Collection Set: 0.3ms
[2025-08-28T13:53:21.643+0000][1099914][info ][gc,phases   ] GC(180)   Other: 0.0ms
[2025-08-28T13:53:21.643+0000][1099914][trace][gc,age      ] GC(180) Age table with threshold 15 (max threshold 15)
[2025-08-28T13:53:21.643+0000][1099914][trace][gc,age      ] GC(180) - age   1:     555232 bytes,     555232 total
[2025-08-28T13:53:21.643+0000][1099914][trace][gc,age      ] GC(180) - age   2:        712 bytes,     555944 total
[2025-08-28T13:53:21.643+0000][1099914][trace][gc,age      ] GC(180) - age   3:        904 bytes,     556848 total
[2025-08-28T13:53:21.643+0000][1099914][trace][gc,age      ] GC(180) - age   4:        240 bytes,     557088 total
[2025-08-28T13:53:21.643+0000][1099914][trace][gc,age      ] GC(180) - age  13:       1008 bytes,     558096 total
[2025-08-28T13:53:21.643+0000][1099914][trace][gc,age      ] GC(180) - age  15:        176 bytes,     558272 total
[2025-08-28T13:53:21.643+0000][1099914][info ][gc,heap     ] GC(180) Eden regions: 75->0(75)
[2025-08-28T13:53:21.643+0000][1099914][info ][gc,heap     ] GC(180) Survivor regions: 1->1(10)
[2025-08-28T13:53:21.643+0000][1099914][info ][gc,heap     ] GC(180) Old regions: 24->24
[2025-08-28T13:53:21.643+0000][1099914][info ][gc,heap     ] GC(180) Humongous regions: 0->0
[2025-08-28T13:53:21.643+0000][1099914][info ][gc,metaspace] GC(180) Metaspace: 136665K(140480K)->136665K(140480K) NonClass: 118136K(120128K)->118136K(120128K) Class: 18528K(20352K)->18528K(20352K)
[2025-08-28T13:53:21.643+0000][1099914][info ][gc          ] GC(180) Pause Young (Normal) (G1 Evacuation Pause) 396M->96M(512M) 1.723ms
[2025-08-28T13:53:21.643+0000][1099914][info ][gc,cpu      ] GC(180) User=0.01s Sys=0.00s Real=0.00s
[2025-08-28T13:53:21.643+0000][1099914][info ][safepoint   ] Safepoint "G1CollectForAllocation", Time since last: 2010660609 ns, Reaching safepoint: 12870 ns, Cleanup: 5277 ns, At safepoint: 1798412 ns, Total: 1816559 ns
[2025-08-28T13:53:22.643+0000][1099914][info ][safepoint   ] Safepoint "Cleanup", Time since last: 1000092781 ns, Reaching safepoint: 43425 ns, Cleanup: 14152 ns, At safepoint: 5468 ns, Total: 63045 ns
[2025-08-28T13:53:23.658+0000][1099914][info ][gc,start    ] GC(181) Pause Young (Normal) (G1 Evacuation Pause)
[2025-08-28T13:53:23.658+0000][1099914][info ][gc,task     ] GC(181) Using 12 workers of 33 for evacuation
[2025-08-28T13:53:23.658+0000][1099914][debug][gc,age      ] GC(181) Desired survivor size 20971520 bytes, new threshold 15 (max threshold 15)
[2025-08-28T13:53:23.660+0000][1099914][info ][gc,phases   ] GC(181)   Pre Evacuate Collection Set: 0.1ms
[2025-08-28T13:53:23.660+0000][1099914][info ][gc,phases   ] GC(181)   Merge Heap Roots: 0.1ms
[2025-08-28T13:53:23.660+0000][1099914][info ][gc,phases   ] GC(181)   Evacuate Collection Set: 1.1ms
[2025-08-28T13:53:23.660+0000][1099914][info ][gc,phases   ] GC(181)   Post Evacuate Collection Set: 0.3ms
[2025-08-28T13:53:23.660+0000][1099914][info ][gc,phases   ] GC(181)   Other: 0.0ms
[2025-08-28T13:53:23.660+0000][1099914][trace][gc,age      ] GC(181) Age table with threshold 15 (max threshold 15)
[2025-08-28T13:53:23.660+0000][1099914][trace][gc,age      ] GC(181) - age   1:     539896 bytes,     539896 total
[2025-08-28T13:53:23.660+0000][1099914][trace][gc,age      ] GC(181) - age   2:        256 bytes,     540152 total
[2025-08-28T13:53:23.660+0000][1099914][trace][gc,age      ] GC(181) - age   4:        904 bytes,     541056 total
[2025-08-28T13:53:23.660+0000][1099914][trace][gc,age      ] GC(181) - age   5:        240 bytes,     541296 total
[2025-08-28T13:53:23.660+0000][1099914][trace][gc,age      ] GC(181) - age  14:       1008 bytes,     542304 total
[2025-08-28T13:53:23.660+0000][1099914][info ][gc,heap     ] GC(181) Eden regions: 75->0(75)
[2025-08-28T13:53:23.660+0000][1099914][info ][gc,heap     ] GC(181) Survivor regions: 1->1(10)
[2025-08-28T13:53:23.660+0000][1099914][info ][gc,heap     ] GC(181) Old regions: 24->24
[2025-08-28T13:53:23.660+0000][1099914][info ][gc,heap     ] GC(181) Humongous regions: 0->0
[2025-08-28T13:53:23.660+0000][1099914][info ][gc,metaspace] GC(181) Metaspace: 136665K(140480K)->136665K(140480K) NonClass: 118136K(120128K)->118136K(120128K) Class: 18528K(20352K)->18528K(20352K)
[2025-08-28T13:53:23.660+0000][1099914][info ][gc          ] GC(181) Pause Young (Normal) (G1 Evacuation Pause) 396M->96M(512M) 1.701ms
[2025-08-28T13:53:23.660+0000][1099914][info ][gc,cpu      ] GC(181) User=0.01s Sys=0.00s Real=0.00s
[2025-08-28T13:53:23.660+0000][1099914][info ][safepoint   ] Safepoint "G1CollectForAllocation", Time since last: 1014889121 ns, Reaching safepoint: 12819 ns, Cleanup: 5548 ns, At safepoint: 1775137 ns, Total: 1793504 ns
[2025-08-28T13:53:25.679+0000][1099914][info ][gc,start    ] GC(182) Pause Young (Normal) (G1 Evacuation Pause)
[2025-08-28T13:53:25.679+0000][1099914][info ][gc,task     ] GC(182) Using 12 workers of 33 for evacuation
[2025-08-28T13:53:25.679+0000][1099914][debug][gc,age      ] GC(182) Desired survivor size 20971520 bytes, new threshold 15 (max threshold 15)
[2025-08-28T13:53:25.681+0000][1099914][info ][gc,phases   ] GC(182)   Pre Evacuate Collection Set: 0.1ms
[2025-08-28T13:53:25.681+0000][1099914][info ][gc,phases   ] GC(182)   Merge Heap Roots: 0.1ms
[2025-08-28T13:53:25.681+0000][1099914][info ][gc,phases   ] GC(182)   Evacuate Collection Set: 0.9ms
[2025-08-28T13:53:25.681+0000][1099914][info ][gc,phases   ] GC(182)   Post Evacuate Collection Set: 0.3ms
[2025-08-28T13:53:25.681+0000][1099914][info ][gc,phases   ] GC(182)   Other: 0.0ms
[2025-08-28T13:53:25.681+0000][1099914][trace][gc,age      ] GC(182) Age table with threshold 15 (max threshold 15)
[2025-08-28T13:53:25.681+0000][1099914][trace][gc,age      ] GC(182) - age   1:     555608 bytes,     555608 total
[2025-08-28T13:53:25.681+0000][1099914][trace][gc,age      ] GC(182) - age   2:       1088 bytes,     556696 total
[2025-08-28T13:53:25.681+0000][1099914][trace][gc,age      ] GC(182) - age   3:        224 bytes,     556920 total
[2025-08-28T13:53:25.681+0000][1099914][trace][gc,age      ] GC(182) - age   5:        400 bytes,     557320 total
[2025-08-28T13:53:25.681+0000][1099914][trace][gc,age      ] GC(182) - age  15:        824 bytes,     558144 total
[2025-08-28T13:53:25.681+0000][1099914][info ][gc,heap     ] GC(182) Eden regions: 75->0(75)
[2025-08-28T13:53:25.681+0000][1099914][info ][gc,heap     ] GC(182) Survivor regions: 1->1(10)
[2025-08-28T13:53:25.681+0000][1099914][info ][gc,heap     ] GC(182) Old regions: 24->24
[2025-08-28T13:53:25.681+0000][1099914][info ][gc,heap     ] GC(182) Humongous regions: 0->0
[2025-08-28T13:53:25.681+0000][1099914][info ][gc,metaspace] GC(182) Metaspace: 136665K(140480K)->136665K(140480K) NonClass: 118136K(120128K)->118136K(120128K) Class: 18528K(20352K)->18528K(20352K)
[2025-08-28T13:53:25.681+0000][1099914][info ][gc          ] GC(182) Pause Young (Normal) (G1 Evacuation Pause) 396M->96M(512M) 1.602ms
[2025-08-28T13:53:25.681+0000][1099914][info ][gc,cpu      ] GC(182) User=0.00s Sys=0.00s Real=0.01s
[2025-08-28T13:53:25.681+0000][1099914][info ][safepoint   ] Safepoint "G1CollectForAllocation", Time since last: 2018986649 ns, Reaching safepoint: 12569 ns, Cleanup: 5238 ns, At safepoint: 1675747 ns, Total: 1693554 ns
[2025-08-28T13:53:27.693+0000][1099914][info ][gc,start    ] GC(183) Pause Young (Normal) (G1 Evacuation Pause)
[2025-08-28T13:53:27.693+0000][1099914][info ][gc,task     ] GC(183) Using 12 workers of 33 for evacuation
[2025-08-28T13:53:27.693+0000][1099914][debug][gc,age      ] GC(183) Desired survivor size 20971520 bytes, new threshold 15 (max threshold 15)
[2025-08-28T13:53:27.695+0000][1099914][info ][gc,phases   ] GC(183)   Pre Evacuate Collection Set: 0.2ms
[2025-08-28T13:53:27.695+0000][1099914][info ][gc,phases   ] GC(183)   Merge Heap Roots: 0.0ms
[2025-08-28T13:53:27.695+0000][1099914][info ][gc,phases   ] GC(183)   Evacuate Collection Set: 1.2ms
[2025-08-28T13:53:27.695+0000][1099914][info ][gc,phases   ] GC(183)   Post Evacuate Collection Set: 0.3ms
[2025-08-28T13:53:27.695+0000][1099914][info ][gc,phases   ] GC(183)   Other: 0.1ms
[2025-08-28T13:53:27.695+0000][1099914][trace][gc,age      ] GC(183) Age table with threshold 15 (max threshold 15)
[2025-08-28T13:53:27.695+0000][1099914][trace][gc,age      ] GC(183) - age   1:     555920 bytes,     555920 total
[2025-08-28T13:53:27.695+0000][1099914][trace][gc,age      ] GC(183) - age   2:       2080 bytes,     558000 total
[2025-08-28T13:53:27.695+0000][1099914][trace][gc,age      ] GC(183) - age   3:       1088 bytes,     559088 total
[2025-08-28T13:53:27.695+0000][1099914][trace][gc,age      ] GC(183) - age   4:        224 bytes,     559312 total
[2025-08-28T13:53:27.695+0000][1099914][trace][gc,age      ] GC(183) - age   6:        336 bytes,     559648 total
[2025-08-28T13:53:27.695+0000][1099914][info ][gc,heap     ] GC(183) Eden regions: 75->0(75)
[2025-08-28T13:53:27.695+0000][1099914][info ][gc,heap     ] GC(183) Survivor regions: 1->1(10)
[2025-08-28T13:53:27.695+0000][1099914][info ][gc,heap     ] GC(183) Old regions: 24->24
[2025-08-28T13:53:27.695+0000][1099914][info ][gc,heap     ] GC(183) Humongous regions: 0->0
[2025-08-28T13:53:27.695+0000][1099914][info ][gc,metaspace] GC(183) Metaspace: 136665K(140480K)->136665K(140480K) NonClass: 118136K(120128K)->118136K(120128K) Class: 18528K(20352K)->18528K(20352K)
[2025-08-28T13:53:27.695+0000][1099914][info ][gc          ] GC(183) Pause Young (Normal) (G1 Evacuation Pause) 396M->96M(512M) 1.931ms
[2025-08-28T13:53:27.695+0000][1099914][info ][gc,cpu      ] GC(183) User=0.01s Sys=0.00s Real=0.00s
[2025-08-28T13:53:27.695+0000][1099914][info ][safepoint   ] Safepoint "G1CollectForAllocation", Time since last: 2012593133 ns, Reaching safepoint: 47671 ns, Cleanup: 5829 ns, At safepoint: 2004622 ns, Total: 2058122 ns
[2025-08-28T13:53:29.708+0000][1099914][info ][gc,start    ] GC(184) Pause Young (Normal) (G1 Evacuation Pause)
[2025-08-28T13:53:29.708+0000][1099914][info ][gc,task     ] GC(184) Using 12 workers of 33 for evacuation
[2025-08-28T13:53:29.708+0000][1099914][debug][gc,age      ] GC(184) Desired survivor size 20971520 bytes, new threshold 15 (max threshold 15)
[2025-08-28T13:53:29.710+0000][1099914][info ][gc,phases   ] GC(184)   Pre Evacuate Collection Set: 0.2ms
[2025-08-28T13:53:29.710+0000][1099914][info ][gc,phases   ] GC(184)   Merge Heap Roots: 0.1ms
[2025-08-28T13:53:29.710+0000][1099914][info ][gc,phases   ] GC(184)   Evacuate Collection Set: 1.1ms
[2025-08-28T13:53:29.710+0000][1099914][info ][gc,phases   ] GC(184)   Post Evacuate Collection Set: 0.3ms
[2025-08-28T13:53:29.710+0000][1099914][info ][gc,phases   ] GC(184)   Other: 0.0ms
[2025-08-28T13:53:29.710+0000][1099914][trace][gc,age      ] GC(184) Age table with threshold 15 (max threshold 15)
[2025-08-28T13:53:29.710+0000][1099914][trace][gc,age      ] GC(184) - age   1:     539520 bytes,     539520 total
[2025-08-28T13:53:29.710+0000][1099914][trace][gc,age      ] GC(184) - age   2:        800 bytes,     540320 total
[2025-08-28T13:53:29.710+0000][1099914][trace][gc,age      ] GC(184) - age   3:       2080 bytes,     542400 total
[2025-08-28T13:53:29.710+0000][1099914][trace][gc,age      ] GC(184) - age   4:        376 bytes,     542776 total
[2025-08-28T13:53:29.710+0000][1099914][trace][gc,age      ] GC(184) - age   5:        224 bytes,     543000 total
[2025-08-28T13:53:29.710+0000][1099914][trace][gc,age      ] GC(184) - age   7:        336 bytes,     543336 total
[2025-08-28T13:53:29.710+0000][1099914][info ][gc,heap     ] GC(184) Eden regions: 75->0(75)
[2025-08-28T13:53:29.710+0000][1099914][info ][gc,heap     ] GC(184) Survivor regions: 1->1(10)
[2025-08-28T13:53:29.710+0000][1099914][info ][gc,heap     ] GC(184) Old regions: 24->24
[2025-08-28T13:53:29.710+0000][1099914][info ][gc,heap     ] GC(184) Humongous regions: 0->0
[2025-08-28T13:53:29.710+0000][1099914][info ][gc,metaspace] GC(184) Metaspace: 136665K(140480K)->136665K(140480K) NonClass: 118136K(120128K)->118136K(120128K) Class: 18528K(20352K)->18528K(20352K)
[2025-08-28T13:53:29.710+0000][1099914][info ][gc          ] GC(184) Pause Young (Normal) (G1 Evacuation Pause) 396M->96M(512M) 1.763ms
[2025-08-28T13:53:29.710+0000][1099914][info ][gc,cpu      ] GC(184) User=0.00s Sys=0.01s Real=0.00s
[2025-08-28T13:53:29.710+0000][1099914][info ][safepoint   ] Safepoint "G1CollectForAllocation", Time since last: 2012934646 ns, Reaching safepoint: 12909 ns, Cleanup: 5258 ns, At safepoint: 1844491 ns, Total: 1862658 ns
[2025-08-28T13:53:32.519+0000][1099914][info ][gc,start    ] GC(185) Pause Young (Normal) (G1 Evacuation Pause)
[2025-08-28T13:53:32.519+0000][1099914][info ][gc,task     ] GC(185) Using 12 workers of 33 for evacuation
[2025-08-28T13:53:32.519+0000][1099914][debug][gc,age      ] GC(185) Desired survivor size 20971520 bytes, new threshold 15 (max threshold 15)
[2025-08-28T13:53:32.521+0000][1099914][info ][gc,phases   ] GC(185)   Pre Evacuate Collection Set: 0.1ms
[2025-08-28T13:53:32.521+0000][1099914][info ][gc,phases   ] GC(185)   Merge Heap Roots: 0.1ms
[2025-08-28T13:53:32.521+0000][1099914][info ][gc,phases   ] GC(185)   Evacuate Collection Set: 1.0ms
[2025-08-28T13:53:32.521+0000][1099914][info ][gc,phases   ] GC(185)   Post Evacuate Collection Set: 0.4ms
[2025-08-28T13:53:32.521+0000][1099914][info ][gc,phases   ] GC(185)   Other: 0.1ms
[2025-08-28T13:53:32.521+0000][1099914][trace][gc,age      ] GC(185) Age table with threshold 15 (max threshold 15)
[2025-08-28T13:53:32.521+0000][1099914][trace][gc,age      ] GC(185) - age   1:     565008 bytes,     565008 total
[2025-08-28T13:53:32.521+0000][1099914][trace][gc,age      ] GC(185) - age   2:        712 bytes,     565720 total
[2025-08-28T13:53:32.521+0000][1099914][trace][gc,age      ] GC(185) - age   3:        800 bytes,     566520 total
[2025-08-28T13:53:32.521+0000][1099914][trace][gc,age      ] GC(185) - age   4:       2080 bytes,     568600 total
[2025-08-28T13:53:32.521+0000][1099914][trace][gc,age      ] GC(185) - age   5:        376 bytes,     568976 total
[2025-08-28T13:53:32.521+0000][1099914][trace][gc,age      ] GC(185) - age   6:        224 bytes,     569200 total
[2025-08-28T13:53:32.521+0000][1099914][trace][gc,age      ] GC(185) - age   8:        336 bytes,     569536 total
[2025-08-28T13:53:32.521+0000][1099914][info ][gc,heap     ] GC(185) Eden regions: 75->0(75)
[2025-08-28T13:53:32.521+0000][1099914][info ][gc,heap     ] GC(185) Survivor regions: 1->1(10)
[2025-08-28T13:53:32.521+0000][1099914][info ][gc,heap     ] GC(185) Old regions: 24->24
[2025-08-28T13:53:32.521+0000][1099914][info ][gc,heap     ] GC(185) Humongous regions: 0->0
[2025-08-28T13:53:32.521+0000][1099914][info ][gc,metaspace] GC(185) Metaspace: 136665K(140480K)->136665K(140480K) NonClass: 118136K(120128K)->118136K(120128K) Class: 18528K(20352K)->18528K(20352K)
[2025-08-28T13:53:32.521+0000][1099914][info ][gc          ] GC(185) Pause Young (Normal) (G1 Evacuation Pause) 396M->96M(512M) 1.789ms
[2025-08-28T13:53:32.521+0000][1099914][info ][gc,cpu      ] GC(185) User=0.00s Sys=0.01s Real=0.01s
[2025-08-28T13:53:32.521+0000][1099914][info ][safepoint   ] Safepoint "G1CollectForAllocation", Time since last: 2809131111 ns, Reaching safepoint: 42774 ns, Cleanup: 4256 ns, At safepoint: 1919795 ns, Total: 1966825 ns
[2025-08-28T13:53:34.532+0000][1099914][info ][gc,start    ] GC(186) Pause Young (Normal) (G1 Evacuation Pause)
[2025-08-28T13:53:34.532+0000][1099914][info ][gc,task     ] GC(186) Using 12 workers of 33 for evacuation
[2025-08-28T13:53:34.532+0000][1099914][debug][gc,age      ] GC(186) Desired survivor size 20971520 bytes, new threshold 15 (max threshold 15)
[2025-08-28T13:53:34.534+0000][1099914][info ][gc,phases   ] GC(186)   Pre Evacuate Collection Set: 0.2ms
[2025-08-28T13:53:34.534+0000][1099914][info ][gc,phases   ] GC(186)   Merge Heap Roots: 0.1ms
[2025-08-28T13:53:34.534+0000][1099914][info ][gc,phases   ] GC(186)   Evacuate Collection Set: 1.1ms
[2025-08-28T13:53:34.534+0000][1099914][info ][gc,phases   ] GC(186)   Post Evacuate Collection Set: 0.4ms
[2025-08-28T13:53:34.534+0000][1099914][info ][gc,phases   ] GC(186)   Other: 0.1ms
[2025-08-28T13:53:34.534+0000][1099914][trace][gc,age      ] GC(186) Age table with threshold 15 (max threshold 15)
[2025-08-28T13:53:34.534+0000][1099914][trace][gc,age      ] GC(186) - age   1:     555304 bytes,     555304 total
[2025-08-28T13:53:34.534+0000][1099914][trace][gc,age      ] GC(186) - age   2:      10688 bytes,     565992 total
[2025-08-28T13:53:34.534+0000][1099914][trace][gc,age      ] GC(186) - age   4:        800 bytes,     566792 total
[2025-08-28T13:53:34.534+0000][1099914][trace][gc,age      ] GC(186) - age   5:       2048 bytes,     568840 total
[2025-08-28T13:53:34.534+0000][1099914][trace][gc,age      ] GC(186) - age   6:        376 bytes,     569216 total
[2025-08-28T13:53:34.534+0000][1099914][trace][gc,age      ] GC(186) - age   7:        224 bytes,     569440 total
[2025-08-28T13:53:34.534+0000][1099914][trace][gc,age      ] GC(186) - age   9:        336 bytes,     569776 total
[2025-08-28T13:53:34.534+0000][1099914][info ][gc,heap     ] GC(186) Eden regions: 75->0(75)
[2025-08-28T13:53:34.534+0000][1099914][info ][gc,heap     ] GC(186) Survivor regions: 1->1(10)
[2025-08-28T13:53:34.534+0000][1099914][info ][gc,heap     ] GC(186) Old regions: 24->24
[2025-08-28T13:53:34.534+0000][1099914][info ][gc,heap     ] GC(186) Humongous regions: 0->0
[2025-08-28T13:53:34.534+0000][1099914][info ][gc,metaspace] GC(186) Metaspace: 136665K(140480K)->136665K(140480K) NonClass: 118136K(120128K)->118136K(120128K) Class: 18528K(20352K)->18528K(20352K)
[2025-08-28T13:53:34.534+0000][1099914][info ][gc          ] GC(186) Pause Young (Normal) (G1 Evacuation Pause) 396M->96M(512M) 1.976ms
[2025-08-28T13:53:34.534+0000][1099914][info ][gc,cpu      ] GC(186) User=0.00s Sys=0.01s Real=0.00s
[2025-08-28T13:53:34.534+0000][1099914][info ][safepoint   ] Safepoint "G1CollectForAllocation", Time since last: 2010642462 ns, Reaching safepoint: 18037 ns, Cleanup: 6159 ns, At safepoint: 2077131 ns, Total: 2101327 ns
[2025-08-28T13:53:36.557+0000][1099914][info ][gc,start    ] GC(187) Pause Young (Normal) (G1 Evacuation Pause)
[2025-08-28T13:53:36.557+0000][1099914][info ][gc,task     ] GC(187) Using 12 workers of 33 for evacuation
[2025-08-28T13:53:36.557+0000][1099914][debug][gc,age      ] GC(187) Desired survivor size 20971520 bytes, new threshold 15 (max threshold 15)
[2025-08-28T13:53:36.559+0000][1099914][info ][gc,phases   ] GC(187)   Pre Evacuate Collection Set: 0.2ms
[2025-08-28T13:53:36.559+0000][1099914][info ][gc,phases   ] GC(187)   Merge Heap Roots: 0.1ms
[2025-08-28T13:53:36.559+0000][1099914][info ][gc,phases   ] GC(187)   Evacuate Collection Set: 1.1ms
[2025-08-28T13:53:36.559+0000][1099914][info ][gc,phases   ] GC(187)   Post Evacuate Collection Set: 0.4ms
[2025-08-28T13:53:36.559+0000][1099914][info ][gc,phases   ] GC(187)   Other: 0.1ms
[2025-08-28T13:53:36.559+0000][1099914][trace][gc,age      ] GC(187) Age table with threshold 15 (max threshold 15)
[2025-08-28T13:53:36.559+0000][1099914][trace][gc,age      ] GC(187) - age   1:     554336 bytes,     554336 total
[2025-08-28T13:53:36.559+0000][1099914][trace][gc,age      ] GC(187) - age   2:        744 bytes,     555080 total
[2025-08-28T13:53:36.559+0000][1099914][trace][gc,age      ] GC(187) - age   3:      10688 bytes,     565768 total
[2025-08-28T13:53:36.559+0000][1099914][trace][gc,age      ] GC(187) - age   5:        800 bytes,     566568 total
[2025-08-28T13:53:36.559+0000][1099914][trace][gc,age      ] GC(187) - age   6:       1808 bytes,     568376 total
[2025-08-28T13:53:36.559+0000][1099914][trace][gc,age      ] GC(187) - age   7:        376 bytes,     568752 total
[2025-08-28T13:53:36.559+0000][1099914][trace][gc,age      ] GC(187) - age  10:        336 bytes,     569088 total
[2025-08-28T13:53:36.559+0000][1099914][info ][gc,heap     ] GC(187) Eden regions: 75->0(75)
[2025-08-28T13:53:36.559+0000][1099914][info ][gc,heap     ] GC(187) Survivor regions: 1->1(10)
[2025-08-28T13:53:36.559+0000][1099914][info ][gc,heap     ] GC(187) Old regions: 24->24
[2025-08-28T13:53:36.559+0000][1099914][info ][gc,heap     ] GC(187) Humongous regions: 0->0
[2025-08-28T13:53:36.559+0000][1099914][info ][gc,metaspace] GC(187) Metaspace: 136666K(140480K)->136666K(140480K) NonClass: 118137K(120128K)->118137K(120128K) Class: 18528K(20352K)->18528K(20352K)
[2025-08-28T13:53:36.559+0000][1099914][info ][gc          ] GC(187) Pause Young (Normal) (G1 Evacuation Pause) 396M->96M(512M) 1.977ms
[2025-08-28T13:53:36.559+0000][1099914][info ][gc,cpu      ] GC(187) User=0.00s Sys=0.00s Real=0.00s
[2025-08-28T13:53:36.559+0000][1099914][info ][safepoint   ] Safepoint "G1CollectForAllocation", Time since last: 2022890113 ns, Reaching safepoint: 18287 ns, Cleanup: 6340 ns, At safepoint: 2093645 ns, Total: 2118272 ns
[2025-08-28T13:53:38.573+0000][1099914][info ][gc,start    ] GC(188) Pause Young (Normal) (G1 Evacuation Pause)
[2025-08-28T13:53:38.573+0000][1099914][info ][gc,task     ] GC(188) Using 12 workers of 33 for evacuation
[2025-08-28T13:53:38.573+0000][1099914][debug][gc,age      ] GC(188) Desired survivor size 20971520 bytes, new threshold 15 (max threshold 15)
[2025-08-28T13:53:38.575+0000][1099914][info ][gc,phases   ] GC(188)   Pre Evacuate Collection Set: 0.2ms
[2025-08-28T13:53:38.575+0000][1099914][info ][gc,phases   ] GC(188)   Merge Heap Roots: 0.1ms
[2025-08-28T13:53:38.575+0000][1099914][info ][gc,phases   ] GC(188)   Evacuate Collection Set: 1.3ms
[2025-08-28T13:53:38.575+0000][1099914][info ][gc,phases   ] GC(188)   Post Evacuate Collection Set: 0.4ms
[2025-08-28T13:53:38.575+0000][1099914][info ][gc,phases   ] GC(188)   Other: 0.1ms
[2025-08-28T13:53:38.575+0000][1099914][trace][gc,age      ] GC(188) Age table with threshold 15 (max threshold 15)
[2025-08-28T13:53:38.575+0000][1099914][trace][gc,age      ] GC(188) - age   1:     539632 bytes,     539632 total
[2025-08-28T13:53:38.575+0000][1099914][trace][gc,age      ] GC(188) - age   2:        464 bytes,     540096 total
[2025-08-28T13:53:38.575+0000][1099914][trace][gc,age      ] GC(188) - age   3:         32 bytes,     540128 total
[2025-08-28T13:53:38.575+0000][1099914][trace][gc,age      ] GC(188) - age   4:      10376 bytes,     550504 total
[2025-08-28T13:53:38.575+0000][1099914][trace][gc,age      ] GC(188) - age   6:        800 bytes,     551304 total
[2025-08-28T13:53:38.575+0000][1099914][trace][gc,age      ] GC(188) - age   7:       1808 bytes,     553112 total
[2025-08-28T13:53:38.575+0000][1099914][trace][gc,age      ] GC(188) - age   8:        376 bytes,     553488 total
[2025-08-28T13:53:38.575+0000][1099914][trace][gc,age      ] GC(188) - age  11:        336 bytes,     553824 total
[2025-08-28T13:53:38.575+0000][1099914][info ][gc,heap     ] GC(188) Eden regions: 75->0(75)
[2025-08-28T13:53:38.575+0000][1099914][info ][gc,heap     ] GC(188) Survivor regions: 1->1(10)
[2025-08-28T13:53:38.575+0000][1099914][info ][gc,heap     ] GC(188) Old regions: 24->24
[2025-08-28T13:53:38.575+0000][1099914][info ][gc,heap     ] GC(188) Humongous regions: 0->0
[2025-08-28T13:53:38.575+0000][1099914][info ][gc,metaspace] GC(188) Metaspace: 136666K(140480K)->136666K(140480K) NonClass: 118137K(120128K)->118137K(120128K) Class: 18528K(20352K)->18528K(20352K)
[2025-08-28T13:53:38.575+0000][1099914][info ][gc          ] GC(188) Pause Young (Normal) (G1 Evacuation Pause) 396M->96M(512M) 2.132ms
[2025-08-28T13:53:38.575+0000][1099914][info ][gc,cpu      ] GC(188) User=0.01s Sys=0.00s Real=0.00s
[2025-08-28T13:53:38.575+0000][1099914][info ][safepoint   ] Safepoint "G1CollectForAllocation", Time since last: 2013455999 ns, Reaching safepoint: 54232 ns, Cleanup: 6099 ns, At safepoint: 2261618 ns, Total: 2321949 ns
[2025-08-28T13:53:40.595+0000][1099914][info ][gc,start    ] GC(189) Pause Young (Normal) (G1 Evacuation Pause)
[2025-08-28T13:53:40.595+0000][1099914][info ][gc,task     ] GC(189) Using 12 workers of 33 for evacuation
[2025-08-28T13:53:40.595+0000][1099914][debug][gc,age      ] GC(189) Desired survivor size 20971520 bytes, new threshold 15 (max threshold 15)
[2025-08-28T13:53:40.596+0000][1099914][info ][gc,phases   ] GC(189)   Pre Evacuate Collection Set: 0.2ms
[2025-08-28T13:53:40.596+0000][1099914][info ][gc,phases   ] GC(189)   Merge Heap Roots: 0.1ms
[2025-08-28T13:53:40.596+0000][1099914][info ][gc,phases   ] GC(189)   Evacuate Collection Set: 1.1ms
[2025-08-28T13:53:40.597+0000][1099914][info ][gc,phases   ] GC(189)   Post Evacuate Collection Set: 0.4ms
[2025-08-28T13:53:40.597+0000][1099914][info ][gc,phases   ] GC(189)   Other: 0.1ms
[2025-08-28T13:53:40.597+0000][1099914][trace][gc,age      ] GC(189) Age table with threshold 15 (max threshold 15)
[2025-08-28T13:53:40.597+0000][1099914][trace][gc,age      ] GC(189) - age   1:     555104 bytes,     555104 total
[2025-08-28T13:53:40.597+0000][1099914][trace][gc,age      ] GC(189) - age   2:        712 bytes,     555816 total
[2025-08-28T13:53:40.597+0000][1099914][trace][gc,age      ] GC(189) - age   3:        464 bytes,     556280 total
[2025-08-28T13:53:40.597+0000][1099914][trace][gc,age      ] GC(189) - age   4:         32 bytes,     556312 total
[2025-08-28T13:53:40.597+0000][1099914][trace][gc,age      ] GC(189) - age   5:      10376 bytes,     566688 total
[2025-08-28T13:53:40.597+0000][1099914][trace][gc,age      ] GC(189) - age   7:        800 bytes,     567488 total
[2025-08-28T13:53:40.597+0000][1099914][trace][gc,age      ] GC(189) - age   8:       1808 bytes,     569296 total
[2025-08-28T13:53:40.597+0000][1099914][trace][gc,age      ] GC(189) - age   9:        376 bytes,     569672 total
[2025-08-28T13:53:40.597+0000][1099914][trace][gc,age      ] GC(189) - age  12:        336 bytes,     570008 total
[2025-08-28T13:53:40.597+0000][1099914][info ][gc,heap     ] GC(189) Eden regions: 75->0(75)
[2025-08-28T13:53:40.597+0000][1099914][info ][gc,heap     ] GC(189) Survivor regions: 1->1(10)
[2025-08-28T13:53:40.597+0000][1099914][info ][gc,heap     ] GC(189) Old regions: 24->24
[2025-08-28T13:53:40.597+0000][1099914][info ][gc,heap     ] GC(189) Humongous regions: 0->0
[2025-08-28T13:53:40.597+0000][1099914][info ][gc,metaspace] GC(189) Metaspace: 136666K(140480K)->136666K(140480K) NonClass: 118137K(120128K)->118137K(120128K) Class: 18528K(20352K)->18528K(20352K)
[2025-08-28T13:53:40.597+0000][1099914][info ][gc          ] GC(189) Pause Young (Normal) (G1 Evacuation Pause) 396M->96M(512M) 2.038ms
[2025-08-28T13:53:40.597+0000][1099914][info ][gc,cpu      ] GC(189) User=0.01s Sys=0.00s Real=0.00s
[2025-08-28T13:53:40.597+0000][1099914][info ][safepoint   ] Safepoint "G1CollectForAllocation", Time since last: 2019654351 ns, Reaching safepoint: 18378 ns, Cleanup: 6460 ns, At safepoint: 2182739 ns, Total: 2207577 ns
[2025-08-28T13:53:42.622+0000][1099914][info ][gc,start    ] GC(190) Pause Young (Normal) (G1 Evacuation Pause)
[2025-08-28T13:53:42.622+0000][1099914][info ][gc,task     ] GC(190) Using 12 workers of 33 for evacuation
[2025-08-28T13:53:42.622+0000][1099914][debug][gc,age      ] GC(190) Desired survivor size 20971520 bytes, new threshold 15 (max threshold 15)
[2025-08-28T13:53:42.624+0000][1099914][info ][gc,phases   ] GC(190)   Pre Evacuate Collection Set: 0.2ms
[2025-08-28T13:53:42.624+0000][1099914][info ][gc,phases   ] GC(190)   Merge Heap Roots: 0.1ms
[2025-08-28T13:53:42.624+0000][1099914][info ][gc,phases   ] GC(190)   Evacuate Collection Set: 1.1ms
[2025-08-28T13:53:42.624+0000][1099914][info ][gc,phases   ] GC(190)   Post Evacuate Collection Set: 0.4ms
[2025-08-28T13:53:42.624+0000][1099914][info ][gc,phases   ] GC(190)   Other: 0.1ms
[2025-08-28T13:53:42.624+0000][1099914][trace][gc,age      ] GC(190) Age table with threshold 15 (max threshold 15)
[2025-08-28T13:53:42.624+0000][1099914][trace][gc,age      ] GC(190) - age   1:     555088 bytes,     555088 total
[2025-08-28T13:53:42.624+0000][1099914][trace][gc,age      ] GC(190) - age   3:        712 bytes,     555800 total
[2025-08-28T13:53:42.624+0000][1099914][trace][gc,age      ] GC(190) - age   4:        464 bytes,     556264 total
[2025-08-28T13:53:42.624+0000][1099914][trace][gc,age      ] GC(190) - age   5:         32 bytes,     556296 total
[2025-08-28T13:53:42.624+0000][1099914][trace][gc,age      ] GC(190) - age   6:      10376 bytes,     566672 total
[2025-08-28T13:53:42.624+0000][1099914][trace][gc,age      ] GC(190) - age   8:        800 bytes,     567472 total
[2025-08-28T13:53:42.624+0000][1099914][trace][gc,age      ] GC(190) - age   9:       1808 bytes,     569280 total
[2025-08-28T13:53:42.624+0000][1099914][trace][gc,age      ] GC(190) - age  10:        376 bytes,     569656 total
[2025-08-28T13:53:42.624+0000][1099914][trace][gc,age      ] GC(190) - age  13:        336 bytes,     569992 total
[2025-08-28T13:53:42.624+0000][1099914][info ][gc,heap     ] GC(190) Eden regions: 75->0(75)
[2025-08-28T13:53:42.624+0000][1099914][info ][gc,heap     ] GC(190) Survivor regions: 1->1(10)
[2025-08-28T13:53:42.624+0000][1099914][info ][gc,heap     ] GC(190) Old regions: 24->24
[2025-08-28T13:53:42.624+0000][1099914][info ][gc,heap     ] GC(190) Humongous regions: 0->0
[2025-08-28T13:53:42.624+0000][1099914][info ][gc,metaspace] GC(190) Metaspace: 136666K(140480K)->136666K(140480K) NonClass: 118137K(120128K)->118137K(120128K) Class: 18528K(20352K)->18528K(20352K)
[2025-08-28T13:53:42.624+0000][1099914][info ][gc          ] GC(190) Pause Young (Normal) (G1 Evacuation Pause) 396M->96M(512M) 1.813ms
[2025-08-28T13:53:42.624+0000][1099914][info ][gc,cpu      ] GC(190) User=0.00s Sys=0.00s Real=0.00s
[2025-08-28T13:53:42.624+0000][1099914][info ][safepoint   ] Safepoint "G1CollectForAllocation", Time since last: 2025453004 ns, Reaching safepoint: 33720 ns, Cleanup: 5268 ns, At safepoint: 1881768 ns, Total: 1920756 ns
[2025-08-28T13:53:44.632+0000][1099914][info ][gc,start    ] GC(191) Pause Young (Normal) (G1 Evacuation Pause)
[2025-08-28T13:53:44.632+0000][1099914][info ][gc,task     ] GC(191) Using 12 workers of 33 for evacuation
[2025-08-28T13:53:44.632+0000][1099914][debug][gc,age      ] GC(191) Desired survivor size 20971520 bytes, new threshold 15 (max threshold 15)
[2025-08-28T13:53:44.634+0000][1099914][info ][gc,phases   ] GC(191)   Pre Evacuate Collection Set: 0.1ms
[2025-08-28T13:53:44.634+0000][1099914][info ][gc,phases   ] GC(191)   Merge Heap Roots: 0.1ms
[2025-08-28T13:53:44.634+0000][1099914][info ][gc,phases   ] GC(191)   Evacuate Collection Set: 1.1ms
[2025-08-28T13:53:44.634+0000][1099914][info ][gc,phases   ] GC(191)   Post Evacuate Collection Set: 0.4ms
[2025-08-28T13:53:44.634+0000][1099914][info ][gc,phases   ] GC(191)   Other: 0.0ms
[2025-08-28T13:53:44.634+0000][1099914][trace][gc,age      ] GC(191) Age table with threshold 15 (max threshold 15)
[2025-08-28T13:53:44.634+0000][1099914][trace][gc,age      ] GC(191) - age   1:     555520 bytes,     555520 total
[2025-08-28T13:53:44.634+0000][1099914][trace][gc,age      ] GC(191) - age   5:        464 bytes,     555984 total
[2025-08-28T13:53:44.634+0000][1099914][trace][gc,age      ] GC(191) - age   6:         32 bytes,     556016 total
[2025-08-28T13:53:44.634+0000][1099914][trace][gc,age      ] GC(191) - age   7:      10376 bytes,     566392 total
[2025-08-28T13:53:44.634+0000][1099914][trace][gc,age      ] GC(191) - age   9:        800 bytes,     567192 total
[2025-08-28T13:53:44.634+0000][1099914][trace][gc,age      ] GC(191) - age  10:       1808 bytes,     569000 total
[2025-08-28T13:53:44.634+0000][1099914][trace][gc,age      ] GC(191) - age  11:        376 bytes,     569376 total
[2025-08-28T13:53:44.634+0000][1099914][trace][gc,age      ] GC(191) - age  14:        336 bytes,     569712 total
[2025-08-28T13:53:44.634+0000][1099914][info ][gc,heap     ] GC(191) Eden regions: 75->0(75)
[2025-08-28T13:53:44.634+0000][1099914][info ][gc,heap     ] GC(191) Survivor regions: 1->1(10)
[2025-08-28T13:53:44.634+0000][1099914][info ][gc,heap     ] GC(191) Old regions: 24->24
[2025-08-28T13:53:44.634+0000][1099914][info ][gc,heap     ] GC(191) Humongous regions: 0->0
[2025-08-28T13:53:44.634+0000][1099914][info ][gc,metaspace] GC(191) Metaspace: 136666K(140480K)->136666K(140480K) NonClass: 118137K(120128K)->118137K(120128K) Class: 18528K(20352K)->18528K(20352K)
[2025-08-28T13:53:44.634+0000][1099914][info ][gc          ] GC(191) Pause Young (Normal) (G1 Evacuation Pause) 396M->96M(512M) 1.878ms
[2025-08-28T13:53:44.634+0000][1099914][info ][gc,cpu      ] GC(191) User=0.01s Sys=0.01s Real=0.00s
[2025-08-28T13:53:44.634+0000][1099914][info ][safepoint   ] Safepoint "G1CollectForAllocation", Time since last: 2007933922 ns, Reaching safepoint: 12890 ns, Cleanup: 5838 ns, At safepoint: 1948077 ns, Total: 1966805 ns
[2025-08-28T13:53:46.651+0000][1099914][info ][gc,start    ] GC(192) Pause Young (Normal) (G1 Evacuation Pause)
[2025-08-28T13:53:46.651+0000][1099914][info ][gc,task     ] GC(192) Using 12 workers of 33 for evacuation
[2025-08-28T13:53:46.651+0000][1099914][debug][gc,age      ] GC(192) Desired survivor size 20971520 bytes, new threshold 15 (max threshold 15)
[2025-08-28T13:53:46.652+0000][1099914][info ][gc,phases   ] GC(192)   Pre Evacuate Collection Set: 0.1ms
[2025-08-28T13:53:46.652+0000][1099914][info ][gc,phases   ] GC(192)   Merge Heap Roots: 0.0ms
[2025-08-28T13:53:46.652+0000][1099914][info ][gc,phases   ] GC(192)   Evacuate Collection Set: 1.1ms
[2025-08-28T13:53:46.652+0000][1099914][info ][gc,phases   ] GC(192)   Post Evacuate Collection Set: 0.4ms
[2025-08-28T13:53:46.652+0000][1099914][info ][gc,phases   ] GC(192)   Other: 0.1ms
[2025-08-28T13:53:46.652+0000][1099914][trace][gc,age      ] GC(192) Age table with threshold 15 (max threshold 15)
[2025-08-28T13:53:46.652+0000][1099914][trace][gc,age      ] GC(192) - age   1:     539952 bytes,     539952 total
[2025-08-28T13:53:46.652+0000][1099914][trace][gc,age      ] GC(192) - age   2:        712 bytes,     540664 total
[2025-08-28T13:53:46.652+0000][1099914][trace][gc,age      ] GC(192) - age   6:        224 bytes,     540888 total
[2025-08-28T13:53:46.652+0000][1099914][trace][gc,age      ] GC(192) - age   7:         32 bytes,     540920 total
[2025-08-28T13:53:46.652+0000][1099914][trace][gc,age      ] GC(192) - age   8:      10376 bytes,     551296 total
[2025-08-28T13:53:46.652+0000][1099914][trace][gc,age      ] GC(192) - age  10:        736 bytes,     552032 total
[2025-08-28T13:53:46.652+0000][1099914][trace][gc,age      ] GC(192) - age  11:       1392 bytes,     553424 total
[2025-08-28T13:53:46.652+0000][1099914][trace][gc,age      ] GC(192) - age  12:        376 bytes,     553800 total
[2025-08-28T13:53:46.652+0000][1099914][trace][gc,age      ] GC(192) - age  15:        224 bytes,     554024 total
[2025-08-28T13:53:46.652+0000][1099914][info ][gc,heap     ] GC(192) Eden regions: 75->0(75)
[2025-08-28T13:53:46.652+0000][1099914][info ][gc,heap     ] GC(192) Survivor regions: 1->1(10)
[2025-08-28T13:53:46.652+0000][1099914][info ][gc,heap     ] GC(192) Old regions: 24->24
[2025-08-28T13:53:46.652+0000][1099914][info ][gc,heap     ] GC(192) Humongous regions: 0->0
[2025-08-28T13:53:46.652+0000][1099914][info ][gc,metaspace] GC(192) Metaspace: 136666K(140480K)->136666K(140480K) NonClass: 118137K(120128K)->118137K(120128K) Class: 18528K(20352K)->18528K(20352K)
[2025-08-28T13:53:46.652+0000][1099914][info ][gc          ] GC(192) Pause Young (Normal) (G1 Evacuation Pause) 396M->96M(512M) 1.907ms
[2025-08-28T13:53:46.653+0000][1099914][info ][gc,cpu      ] GC(192) User=0.01s Sys=0.00s Real=0.01s
[2025-08-28T13:53:46.653+0000][1099914][info ][safepoint   ] Safepoint "G1CollectForAllocation", Time since last: 2016550118 ns, Reaching safepoint: 13731 ns, Cleanup: 5047 ns, At safepoint: 2017481 ns, Total: 2036259 ns
[2025-08-28T13:53:48.638+0000][1099914][info ][gc,start    ] GC(193) Pause Young (Normal) (G1 Evacuation Pause)
[2025-08-28T13:53:48.639+0000][1099914][info ][gc,task     ] GC(193) Using 12 workers of 33 for evacuation
[2025-08-28T13:53:48.639+0000][1099914][debug][gc,age      ] GC(193) Desired survivor size 20971520 bytes, new threshold 15 (max threshold 15)
[2025-08-28T13:53:48.641+0000][1099914][info ][gc,phases   ] GC(193)   Pre Evacuate Collection Set: 0.1ms
[2025-08-28T13:53:48.641+0000][1099914][info ][gc,phases   ] GC(193)   Merge Heap Roots: 0.1ms
[2025-08-28T13:53:48.641+0000][1099914][info ][gc,phases   ] GC(193)   Evacuate Collection Set: 1.6ms
[2025-08-28T13:53:48.641+0000][1099914][info ][gc,phases   ] GC(193)   Post Evacuate Collection Set: 0.4ms
[2025-08-28T13:53:48.641+0000][1099914][info ][gc,phases   ] GC(193)   Other: 0.1ms
[2025-08-28T13:53:48.641+0000][1099914][trace][gc,age      ] GC(193) Age table with threshold 15 (max threshold 15)
[2025-08-28T13:53:48.641+0000][1099914][trace][gc,age      ] GC(193) - age   1:     539720 bytes,     539720 total
[2025-08-28T13:53:48.641+0000][1099914][trace][gc,age      ] GC(193) - age   2:       1144 bytes,     540864 total
[2025-08-28T13:53:48.641+0000][1099914][trace][gc,age      ] GC(193) - age   8:         32 bytes,     540896 total
[2025-08-28T13:53:48.641+0000][1099914][trace][gc,age      ] GC(193) - age   9:      10376 bytes,     551272 total
[2025-08-28T13:53:48.641+0000][1099914][trace][gc,age      ] GC(193) - age  11:        736 bytes,     552008 total
[2025-08-28T13:53:48.641+0000][1099914][trace][gc,age      ] GC(193) - age  12:       1392 bytes,     553400 total
[2025-08-28T13:53:48.641+0000][1099914][trace][gc,age      ] GC(193) - age  13:        376 bytes,     553776 total
[2025-08-28T13:53:48.641+0000][1099914][info ][gc,heap     ] GC(193) Eden regions: 75->0(75)
[2025-08-28T13:53:48.641+0000][1099914][info ][gc,heap     ] GC(193) Survivor regions: 1->1(10)
[2025-08-28T13:53:48.641+0000][1099914][info ][gc,heap     ] GC(193) Old regions: 24->24
[2025-08-28T13:53:48.641+0000][1099914][info ][gc,heap     ] GC(193) Humongous regions: 0->0
[2025-08-28T13:53:48.641+0000][1099914][info ][gc,metaspace] GC(193) Metaspace: 136666K(140480K)->136666K(140480K) NonClass: 118137K(120128K)->118137K(120128K) Class: 18528K(20352K)->18528K(20352K)
[2025-08-28T13:53:48.641+0000][1099914][info ][gc          ] GC(193) Pause Young (Normal) (G1 Evacuation Pause) 396M->96M(512M) 2.421ms
[2025-08-28T13:53:48.641+0000][1099914][info ][gc,cpu      ] GC(193) User=0.00s Sys=0.01s Real=0.01s
[2025-08-28T13:53:48.641+0000][1099914][info ][safepoint   ] Safepoint "G1CollectForAllocation", Time since last: 1985847911 ns, Reaching safepoint: 47331 ns, Cleanup: 5167 ns, At safepoint: 2547047 ns, Total: 2599545 ns
[2025-08-28T13:53:50.638+0000][1099914][info ][gc,start    ] GC(194) Pause Young (Normal) (G1 Evacuation Pause)
[2025-08-28T13:53:50.638+0000][1099914][info ][gc,task     ] GC(194) Using 12 workers of 33 for evacuation
[2025-08-28T13:53:50.638+0000][1099914][debug][gc,age      ] GC(194) Desired survivor size 20971520 bytes, new threshold 15 (max threshold 15)
[2025-08-28T13:53:50.640+0000][1099914][info ][gc,phases   ] GC(194)   Pre Evacuate Collection Set: 0.1ms
[2025-08-28T13:53:50.640+0000][1099914][info ][gc,phases   ] GC(194)   Merge Heap Roots: 0.1ms
[2025-08-28T13:53:50.640+0000][1099914][info ][gc,phases   ] GC(194)   Evacuate Collection Set: 1.1ms
[2025-08-28T13:53:50.640+0000][1099914][info ][gc,phases   ] GC(194)   Post Evacuate Collection Set: 0.4ms
[2025-08-28T13:53:50.640+0000][1099914][info ][gc,phases   ] GC(194)   Other: 0.1ms
[2025-08-28T13:53:50.640+0000][1099914][trace][gc,age      ] GC(194) Age table with threshold 15 (max threshold 15)
[2025-08-28T13:53:50.640+0000][1099914][trace][gc,age      ] GC(194) - age   1:     538840 bytes,     538840 total
[2025-08-28T13:53:50.640+0000][1099914][trace][gc,age      ] GC(194) - age   2:        936 bytes,     539776 total
[2025-08-28T13:53:50.640+0000][1099914][trace][gc,age      ] GC(194) - age   3:       1144 bytes,     540920 total
[2025-08-28T13:53:50.640+0000][1099914][trace][gc,age      ] GC(194) - age   9:         32 bytes,     540952 total
[2025-08-28T13:53:50.640+0000][1099914][trace][gc,age      ] GC(194) - age  10:      10376 bytes,     551328 total
[2025-08-28T13:53:50.640+0000][1099914][trace][gc,age      ] GC(194) - age  12:        736 bytes,     552064 total
[2025-08-28T13:53:50.640+0000][1099914][trace][gc,age      ] GC(194) - age  13:       1392 bytes,     553456 total
[2025-08-28T13:53:50.640+0000][1099914][trace][gc,age      ] GC(194) - age  14:        376 bytes,     553832 total
[2025-08-28T13:53:50.640+0000][1099914][info ][gc,heap     ] GC(194) Eden regions: 75->0(75)
[2025-08-28T13:53:50.640+0000][1099914][info ][gc,heap     ] GC(194) Survivor regions: 1->1(10)
[2025-08-28T13:53:50.640+0000][1099914][info ][gc,heap     ] GC(194) Old regions: 24->24
[2025-08-28T13:53:50.640+0000][1099914][info ][gc,heap     ] GC(194) Humongous regions: 0->0
[2025-08-28T13:53:50.640+0000][1099914][info ][gc,metaspace] GC(194) Metaspace: 136666K(140480K)->136666K(140480K) NonClass: 118137K(120128K)->118137K(120128K) Class: 18528K(20352K)->18528K(20352K)
[2025-08-28T13:53:50.640+0000][1099914][info ][gc          ] GC(194) Pause Young (Normal) (G1 Evacuation Pause) 396M->96M(512M) 1.895ms
[2025-08-28T13:53:50.640+0000][1099914][info ][gc,cpu      ] GC(194) User=0.01s Sys=0.00s Real=0.00s
[2025-08-28T13:53:50.640+0000][1099914][info ][safepoint   ] Safepoint "G1CollectForAllocation", Time since last: 1997084344 ns, Reaching safepoint: 17577 ns, Cleanup: 5939 ns, At safepoint: 1983039 ns, Total: 2006555 ns
[2025-08-28T13:53:52.632+0000][1099914][info ][gc,start    ] GC(195) Pause Young (Normal) (G1 Evacuation Pause)
[2025-08-28T13:53:52.632+0000][1099914][info ][gc,task     ] GC(195) Using 12 workers of 33 for evacuation
[2025-08-28T13:53:52.632+0000][1099914][debug][gc,age      ] GC(195) Desired survivor size 20971520 bytes, new threshold 15 (max threshold 15)
[2025-08-28T13:53:52.634+0000][1099914][info ][gc,phases   ] GC(195)   Pre Evacuate Collection Set: 0.2ms
[2025-08-28T13:53:52.634+0000][1099914][info ][gc,phases   ] GC(195)   Merge Heap Roots: 0.1ms
[2025-08-28T13:53:52.634+0000][1099914][info ][gc,phases   ] GC(195)   Evacuate Collection Set: 1.5ms
[2025-08-28T13:53:52.634+0000][1099914][info ][gc,phases   ] GC(195)   Post Evacuate Collection Set: 0.4ms
[2025-08-28T13:53:52.634+0000][1099914][info ][gc,phases   ] GC(195)   Other: 0.1ms
[2025-08-28T13:53:52.634+0000][1099914][trace][gc,age      ] GC(195) Age table with threshold 15 (max threshold 15)
[2025-08-28T13:53:52.634+0000][1099914][trace][gc,age      ] GC(195) - age   1:     903584 bytes,     903584 total
[2025-08-28T13:53:52.634+0000][1099914][trace][gc,age      ] GC(195) - age   2:         32 bytes,     903616 total
[2025-08-28T13:53:52.634+0000][1099914][trace][gc,age      ] GC(195) - age   3:        936 bytes,     904552 total
[2025-08-28T13:53:52.634+0000][1099914][trace][gc,age      ] GC(195) - age   4:       1144 bytes,     905696 total
[2025-08-28T13:53:52.634+0000][1099914][trace][gc,age      ] GC(195) - age  11:      10376 bytes,     916072 total
[2025-08-28T13:53:52.634+0000][1099914][trace][gc,age      ] GC(195) - age  13:        736 bytes,     916808 total
[2025-08-28T13:53:52.634+0000][1099914][trace][gc,age      ] GC(195) - age  14:       1392 bytes,     918200 total
[2025-08-28T13:53:52.634+0000][1099914][trace][gc,age      ] GC(195) - age  15:        376 bytes,     918576 total
[2025-08-28T13:53:52.634+0000][1099914][info ][gc,heap     ] GC(195) Eden regions: 75->0(75)
[2025-08-28T13:53:52.634+0000][1099914][info ][gc,heap     ] GC(195) Survivor regions: 1->1(10)
[2025-08-28T13:53:52.634+0000][1099914][info ][gc,heap     ] GC(195) Old regions: 24->24
[2025-08-28T13:53:52.634+0000][1099914][info ][gc,heap     ] GC(195) Humongous regions: 0->0
[2025-08-28T13:53:52.634+0000][1099914][info ][gc,metaspace] GC(195) Metaspace: 136666K(140480K)->136666K(140480K) NonClass: 118137K(120128K)->118137K(120128K) Class: 18528K(20352K)->18528K(20352K)
[2025-08-28T13:53:52.634+0000][1099914][info ][gc          ] GC(195) Pause Young (Normal) (G1 Evacuation Pause) 396M->97M(512M) 2.233ms
[2025-08-28T13:53:52.634+0000][1099914][info ][gc,cpu      ] GC(195) User=0.01s Sys=0.00s Real=0.00s
[2025-08-28T13:53:52.634+0000][1099914][info ][safepoint   ] Safepoint "G1CollectForAllocation", Time since last: 1991715281 ns, Reaching safepoint: 83545 ns, Cleanup: 5639 ns, At safepoint: 2326565 ns, Total: 2415749 ns
[2025-08-28T13:53:54.632+0000][1099914][info ][gc,start    ] GC(196) Pause Young (Normal) (G1 Evacuation Pause)
[2025-08-28T13:53:54.632+0000][1099914][info ][gc,task     ] GC(196) Using 12 workers of 33 for evacuation
[2025-08-28T13:53:54.632+0000][1099914][debug][gc,age      ] GC(196) Desired survivor size 20971520 bytes, new threshold 15 (max threshold 15)
[2025-08-28T13:53:54.634+0000][1099914][info ][gc,phases   ] GC(196)   Pre Evacuate Collection Set: 0.2ms
[2025-08-28T13:53:54.634+0000][1099914][info ][gc,phases   ] GC(196)   Merge Heap Roots: 0.1ms
[2025-08-28T13:53:54.634+0000][1099914][info ][gc,phases   ] GC(196)   Evacuate Collection Set: 1.4ms
[2025-08-28T13:53:54.634+0000][1099914][info ][gc,phases   ] GC(196)   Post Evacuate Collection Set: 0.4ms
[2025-08-28T13:53:54.634+0000][1099914][info ][gc,phases   ] GC(196)   Other: 0.1ms
[2025-08-28T13:53:54.634+0000][1099914][trace][gc,age      ] GC(196) Age table with threshold 15 (max threshold 15)
[2025-08-28T13:53:54.634+0000][1099914][trace][gc,age      ] GC(196) - age   1:    1070680 bytes,    1070680 total
[2025-08-28T13:53:54.634+0000][1099914][trace][gc,age      ] GC(196) - age   2:         32 bytes,    1070712 total
[2025-08-28T13:53:54.634+0000][1099914][trace][gc,age      ] GC(196) - age   3:         32 bytes,    1070744 total
[2025-08-28T13:53:54.634+0000][1099914][trace][gc,age      ] GC(196) - age   4:        224 bytes,    1070968 total
[2025-08-28T13:53:54.634+0000][1099914][trace][gc,age      ] GC(196) - age   5:       1144 bytes,    1072112 total
[2025-08-28T13:53:54.634+0000][1099914][trace][gc,age      ] GC(196) - age  12:      10376 bytes,    1082488 total
[2025-08-28T13:53:54.634+0000][1099914][trace][gc,age      ] GC(196) - age  14:        736 bytes,    1083224 total
[2025-08-28T13:53:54.634+0000][1099914][trace][gc,age      ] GC(196) - age  15:       1392 bytes,    1084616 total
[2025-08-28T13:53:54.634+0000][1099914][info ][gc,heap     ] GC(196) Eden regions: 75->0(75)
[2025-08-28T13:53:54.634+0000][1099914][info ][gc,heap     ] GC(196) Survivor regions: 1->1(10)
[2025-08-28T13:53:54.634+0000][1099914][info ][gc,heap     ] GC(196) Old regions: 24->24
[2025-08-28T13:53:54.634+0000][1099914][info ][gc,heap     ] GC(196) Humongous regions: 0->0
[2025-08-28T13:53:54.634+0000][1099914][info ][gc,metaspace] GC(196) Metaspace: 136666K(140480K)->136666K(140480K) NonClass: 118137K(120128K)->118137K(120128K) Class: 18528K(20352K)->18528K(20352K)
[2025-08-28T13:53:54.634+0000][1099914][info ][gc          ] GC(196) Pause Young (Normal) (G1 Evacuation Pause) 397M->97M(512M) 2.181ms
[2025-08-28T13:53:54.634+0000][1099914][info ][gc,cpu      ] GC(196) User=0.01s Sys=0.00s Real=0.00s
[2025-08-28T13:53:54.634+0000][1099914][info ][safepoint   ] Safepoint "G1CollectForAllocation", Time since last: 1997558420 ns, Reaching safepoint: 55173 ns, Cleanup: 6319 ns, At safepoint: 2277923 ns, Total: 2339415 ns
[2025-08-28T13:53:56.645+0000][1099914][info ][gc,start    ] GC(197) Pause Young (Normal) (G1 Evacuation Pause)
[2025-08-28T13:53:56.645+0000][1099914][info ][gc,task     ] GC(197) Using 12 workers of 33 for evacuation
[2025-08-28T13:53:56.645+0000][1099914][debug][gc,age      ] GC(197) Desired survivor size 20971520 bytes, new threshold 15 (max threshold 15)
[2025-08-28T13:53:56.646+0000][1099914][info ][gc,phases   ] GC(197)   Pre Evacuate Collection Set: 0.1ms
[2025-08-28T13:53:56.646+0000][1099914][info ][gc,phases   ] GC(197)   Merge Heap Roots: 0.1ms
[2025-08-28T13:53:56.646+0000][1099914][info ][gc,phases   ] GC(197)   Evacuate Collection Set: 1.3ms
[2025-08-28T13:53:56.646+0000][1099914][info ][gc,phases   ] GC(197)   Post Evacuate Collection Set: 0.3ms
[2025-08-28T13:53:56.646+0000][1099914][info ][gc,phases   ] GC(197)   Other: 0.1ms
[2025-08-28T13:53:56.646+0000][1099914][trace][gc,age      ] GC(197) Age table with threshold 15 (max threshold 15)
[2025-08-28T13:53:56.646+0000][1099914][trace][gc,age      ] GC(197) - age   1:    1075776 bytes,    1075776 total
[2025-08-28T13:53:56.646+0000][1099914][trace][gc,age      ] GC(197) - age   2:        888 bytes,    1076664 total
[2025-08-28T13:53:56.646+0000][1099914][trace][gc,age      ] GC(197) - age   3:         32 bytes,    1076696 total
[2025-08-28T13:53:56.646+0000][1099914][trace][gc,age      ] GC(197) - age   4:         32 bytes,    1076728 total
[2025-08-28T13:53:56.646+0000][1099914][trace][gc,age      ] GC(197) - age   5:        224 bytes,    1076952 total
[2025-08-28T13:53:56.647+0000][1099914][trace][gc,age      ] GC(197) - age   6:        336 bytes,    1077288 total
[2025-08-28T13:53:56.647+0000][1099914][trace][gc,age      ] GC(197) - age  13:      10376 bytes,    1087664 total
[2025-08-28T13:53:56.647+0000][1099914][info ][gc,heap     ] GC(197) Eden regions: 75->0(75)
[2025-08-28T13:53:56.647+0000][1099914][info ][gc,heap     ] GC(197) Survivor regions: 1->1(10)
[2025-08-28T13:53:56.647+0000][1099914][info ][gc,heap     ] GC(197) Old regions: 24->24
[2025-08-28T13:53:56.647+0000][1099914][info ][gc,heap     ] GC(197) Humongous regions: 0->0
[2025-08-28T13:53:56.647+0000][1099914][info ][gc,metaspace] GC(197) Metaspace: 136667K(140480K)->136667K(140480K) NonClass: 118138K(120128K)->118138K(120128K) Class: 18528K(20352K)->18528K(20352K)
[2025-08-28T13:53:56.647+0000][1099914][info ][gc          ] GC(197) Pause Young (Normal) (G1 Evacuation Pause) 397M->97M(512M) 2.066ms
[2025-08-28T13:53:56.647+0000][1099914][info ][gc,cpu      ] GC(197) User=0.01s Sys=0.00s Real=0.00s
[2025-08-28T13:53:56.647+0000][1099914][info ][safepoint   ] Safepoint "G1CollectForAllocation", Time since last: 2010319502 ns, Reaching safepoint: 18488 ns, Cleanup: 5358 ns, At safepoint: 2217742 ns, Total: 2241588 ns
[2025-08-28T13:53:58.657+0000][1099914][info ][gc,start    ] GC(198) Pause Young (Normal) (G1 Evacuation Pause)
[2025-08-28T13:53:58.657+0000][1099914][info ][gc,task     ] GC(198) Using 12 workers of 33 for evacuation
[2025-08-28T13:53:58.657+0000][1099914][debug][gc,age      ] GC(198) Desired survivor size 20971520 bytes, new threshold 15 (max threshold 15)
[2025-08-28T13:53:58.659+0000][1099914][info ][gc,phases   ] GC(198)   Pre Evacuate Collection Set: 0.2ms
[2025-08-28T13:53:58.659+0000][1099914][info ][gc,phases   ] GC(198)   Merge Heap Roots: 0.1ms
[2025-08-28T13:53:58.659+0000][1099914][info ][gc,phases   ] GC(198)   Evacuate Collection Set: 1.2ms
[2025-08-28T13:53:58.659+0000][1099914][info ][gc,phases   ] GC(198)   Post Evacuate Collection Set: 0.3ms
[2025-08-28T13:53:58.659+0000][1099914][info ][gc,phases   ] GC(198)   Other: 0.1ms
[2025-08-28T13:53:58.659+0000][1099914][trace][gc,age      ] GC(198) Age table with threshold 15 (max threshold 15)
[2025-08-28T13:53:58.659+0000][1099914][trace][gc,age      ] GC(198) - age   1:     904352 bytes,     904352 total
[2025-08-28T13:53:58.659+0000][1099914][trace][gc,age      ] GC(198) - age   2:       1728 bytes,     906080 total
[2025-08-28T13:53:58.659+0000][1099914][trace][gc,age      ] GC(198) - age   3:        176 bytes,     906256 total
[2025-08-28T13:53:58.659+0000][1099914][trace][gc,age      ] GC(198) - age   4:         32 bytes,     906288 total
[2025-08-28T13:53:58.659+0000][1099914][trace][gc,age      ] GC(198) - age   5:         32 bytes,     906320 total
[2025-08-28T13:53:58.659+0000][1099914][trace][gc,age      ] GC(198) - age   6:        224 bytes,     906544 total
[2025-08-28T13:53:58.659+0000][1099914][trace][gc,age      ] GC(198) - age   7:        336 bytes,     906880 total
[2025-08-28T13:53:58.659+0000][1099914][trace][gc,age      ] GC(198) - age  14:      10376 bytes,     917256 total
[2025-08-28T13:53:58.659+0000][1099914][info ][gc,heap     ] GC(198) Eden regions: 75->0(75)
[2025-08-28T13:53:58.659+0000][1099914][info ][gc,heap     ] GC(198) Survivor regions: 1->1(10)
[2025-08-28T13:53:58.659+0000][1099914][info ][gc,heap     ] GC(198) Old regions: 24->24
[2025-08-28T13:53:58.659+0000][1099914][info ][gc,heap     ] GC(198) Humongous regions: 0->0
[2025-08-28T13:53:58.659+0000][1099914][info ][gc,metaspace] GC(198) Metaspace: 136667K(140480K)->136667K(140480K) NonClass: 118138K(120128K)->118138K(120128K) Class: 18528K(20352K)->18528K(20352K)
[2025-08-28T13:53:58.659+0000][1099914][info ][gc          ] GC(198) Pause Young (Normal) (G1 Evacuation Pause) 397M->96M(512M) 1.964ms
[2025-08-28T13:53:58.659+0000][1099914][info ][gc,cpu      ] GC(198) User=0.00s Sys=0.01s Real=0.00s
[2025-08-28T13:53:58.659+0000][1099914][info ][safepoint   ] Safepoint "G1CollectForAllocation", Time since last: 2010075385 ns, Reaching safepoint: 53581 ns, Cleanup: 5538 ns, At safepoint: 2065724 ns, Total: 2124843 ns
[2025-08-28T13:54:00.644+0000][1099914][info ][gc,start    ] GC(199) Pause Young (Normal) (G1 Evacuation Pause)
[2025-08-28T13:54:00.645+0000][1099914][info ][gc,task     ] GC(199) Using 12 workers of 33 for evacuation
[2025-08-28T13:54:00.645+0000][1099914][debug][gc,age      ] GC(199) Desired survivor size 20971520 bytes, new threshold 15 (max threshold 15)
[2025-08-28T13:54:00.646+0000][1099914][info ][gc,phases   ] GC(199)   Pre Evacuate Collection Set: 0.2ms
[2025-08-28T13:54:00.646+0000][1099914][info ][gc,phases   ] GC(199)   Merge Heap Roots: 0.1ms
[2025-08-28T13:54:00.646+0000][1099914][info ][gc,phases   ] GC(199)   Evacuate Collection Set: 1.2ms
[2025-08-28T13:54:00.646+0000][1099914][info ][gc,phases   ] GC(199)   Post Evacuate Collection Set: 0.4ms
[2025-08-28T13:54:00.646+0000][1099914][info ][gc,phases   ] GC(199)   Other: 0.1ms
[2025-08-28T13:54:00.646+0000][1099914][trace][gc,age      ] GC(199) Age table with threshold 15 (max threshold 15)
[2025-08-28T13:54:00.646+0000][1099914][trace][gc,age      ] GC(199) - age   1:    1073920 bytes,    1073920 total
[2025-08-28T13:54:00.646+0000][1099914][trace][gc,age      ] GC(199) - age   2:       1296 bytes,    1075216 total
[2025-08-28T13:54:00.646+0000][1099914][trace][gc,age      ] GC(199) - age   3:       1728 bytes,    1076944 total
[2025-08-28T13:54:00.646+0000][1099914][trace][gc,age      ] GC(199) - age   4:        176 bytes,    1077120 total
[2025-08-28T13:54:00.646+0000][1099914][trace][gc,age      ] GC(199) - age   5:         32 bytes,    1077152 total
[2025-08-28T13:54:00.646+0000][1099914][trace][gc,age      ] GC(199) - age   6:         32 bytes,    1077184 total
[2025-08-28T13:54:00.646+0000][1099914][trace][gc,age      ] GC(199) - age   8:        336 bytes,    1077520 total
[2025-08-28T13:54:00.646+0000][1099914][trace][gc,age      ] GC(199) - age  15:      10376 bytes,    1087896 total
[2025-08-28T13:54:00.646+0000][1099914][info ][gc,heap     ] GC(199) Eden regions: 75->0(75)
[2025-08-28T13:54:00.647+0000][1099914][info ][gc,heap     ] GC(199) Survivor regions: 1->1(10)
[2025-08-28T13:54:00.647+0000][1099914][info ][gc,heap     ] GC(199) Old regions: 24->24
[2025-08-28T13:54:00.647+0000][1099914][info ][gc,heap     ] GC(199) Humongous regions: 0->0
[2025-08-28T13:54:00.647+0000][1099914][info ][gc,metaspace] GC(199) Metaspace: 136667K(140480K)->136667K(140480K) NonClass: 118138K(120128K)->118138K(120128K) Class: 18528K(20352K)->18528K(20352K)
[2025-08-28T13:54:00.647+0000][1099914][info ][gc          ] GC(199) Pause Young (Normal) (G1 Evacuation Pause) 396M->97M(512M) 2.039ms
[2025-08-28T13:54:00.647+0000][1099914][info ][gc,cpu      ] GC(199) User=0.01s Sys=0.00s Real=0.00s
[2025-08-28T13:54:00.647+0000][1099914][info ][safepoint   ] Safepoint "G1CollectForAllocation", Time since last: 1985532611 ns, Reaching safepoint: 18208 ns, Cleanup: 5758 ns, At safepoint: 2136460 ns, Total: 2160426 ns
[2025-08-28T13:54:02.843+0000][1099914][info ][gc,start    ] GC(200) Pause Young (Normal) (G1 Evacuation Pause)
[2025-08-28T13:54:02.843+0000][1099914][info ][gc,task     ] GC(200) Using 12 workers of 33 for evacuation
[2025-08-28T13:54:02.843+0000][1099914][debug][gc,age      ] GC(200) Desired survivor size 20971520 bytes, new threshold 15 (max threshold 15)
[2025-08-28T13:54:02.845+0000][1099914][info ][gc,phases   ] GC(200)   Pre Evacuate Collection Set: 0.2ms
[2025-08-28T13:54:02.845+0000][1099914][info ][gc,phases   ] GC(200)   Merge Heap Roots: 0.1ms
[2025-08-28T13:54:02.845+0000][1099914][info ][gc,phases   ] GC(200)   Evacuate Collection Set: 1.2ms
[2025-08-28T13:54:02.845+0000][1099914][info ][gc,phases   ] GC(200)   Post Evacuate Collection Set: 0.3ms
[2025-08-28T13:54:02.845+0000][1099914][info ][gc,phases   ] GC(200)   Other: 0.1ms
[2025-08-28T13:54:02.845+0000][1099914][trace][gc,age      ] GC(200) Age table with threshold 15 (max threshold 15)
[2025-08-28T13:54:02.845+0000][1099914][trace][gc,age      ] GC(200) - age   1:     555072 bytes,     555072 total
[2025-08-28T13:54:02.845+0000][1099914][trace][gc,age      ] GC(200) - age   2:        224 bytes,     555296 total
[2025-08-28T13:54:02.845+0000][1099914][trace][gc,age      ] GC(200) - age   3:       1120 bytes,     556416 total
[2025-08-28T13:54:02.845+0000][1099914][trace][gc,age      ] GC(200) - age   4:       1728 bytes,     558144 total
[2025-08-28T13:54:02.845+0000][1099914][trace][gc,age      ] GC(200) - age   5:        176 bytes,     558320 total
[2025-08-28T13:54:02.845+0000][1099914][trace][gc,age      ] GC(200) - age   6:         32 bytes,     558352 total
[2025-08-28T13:54:02.845+0000][1099914][trace][gc,age      ] GC(200) - age   7:         32 bytes,     558384 total
[2025-08-28T13:54:02.845+0000][1099914][trace][gc,age      ] GC(200) - age   9:        336 bytes,     558720 total
[2025-08-28T13:54:02.845+0000][1099914][info ][gc,heap     ] GC(200) Eden regions: 75->0(75)
[2025-08-28T13:54:02.845+0000][1099914][info ][gc,heap     ] GC(200) Survivor regions: 1->1(10)
[2025-08-28T13:54:02.845+0000][1099914][info ][gc,heap     ] GC(200) Old regions: 24->25
[2025-08-28T13:54:02.845+0000][1099914][info ][gc,heap     ] GC(200) Humongous regions: 0->0
[2025-08-28T13:54:02.845+0000][1099914][info ][gc,metaspace] GC(200) Metaspace: 136667K(140480K)->136667K(140480K) NonClass: 118138K(120128K)->118138K(120128K) Class: 18528K(20352K)->18528K(20352K)
[2025-08-28T13:54:02.845+0000][1099914][info ][gc          ] GC(200) Pause Young (Normal) (G1 Evacuation Pause) 397M->96M(512M) 1.962ms
[2025-08-28T13:54:02.845+0000][1099914][info ][gc,cpu      ] GC(200) User=0.01s Sys=0.00s Real=0.00s
[2025-08-28T13:54:02.845+0000][1099914][info ][safepoint   ] Safepoint "G1CollectForAllocation", Time since last: 2196697193 ns, Reaching safepoint: 17877 ns, Cleanup: 6149 ns, At safepoint: 2066294 ns, Total: 2090320 ns
[2025-08-28T13:54:04.846+0000][1099914][info ][safepoint   ] Safepoint "Cleanup", Time since last: 2000192598 ns, Reaching safepoint: 88302 ns, Cleanup: 17386 ns, At safepoint: 13240 ns, Total: 118928 ns
[2025-08-28T13:54:04.846+0000][1099914][info ][gc,start    ] GC(201) Pause Young (Normal) (G1 Evacuation Pause)
[2025-08-28T13:54:04.846+0000][1099914][info ][gc,task     ] GC(201) Using 12 workers of 33 for evacuation
[2025-08-28T13:54:04.846+0000][1099914][debug][gc,age      ] GC(201) Desired survivor size 20971520 bytes, new threshold 15 (max threshold 15)
[2025-08-28T13:54:04.848+0000][1099914][info ][gc,phases   ] GC(201)   Pre Evacuate Collection Set: 0.2ms
[2025-08-28T13:54:04.848+0000][1099914][info ][gc,phases   ] GC(201)   Merge Heap Roots: 0.1ms
[2025-08-28T13:54:04.848+0000][1099914][info ][gc,phases   ] GC(201)   Evacuate Collection Set: 1.2ms
[2025-08-28T13:54:04.848+0000][1099914][info ][gc,phases   ] GC(201)   Post Evacuate Collection Set: 0.3ms
[2025-08-28T13:54:04.848+0000][1099914][info ][gc,phases   ] GC(201)   Other: 0.1ms
[2025-08-28T13:54:04.848+0000][1099914][trace][gc,age      ] GC(201) Age table with threshold 15 (max threshold 15)
[2025-08-28T13:54:04.848+0000][1099914][trace][gc,age      ] GC(201) - age   1:     539560 bytes,     539560 total
[2025-08-28T13:54:04.848+0000][1099914][trace][gc,age      ] GC(201) - age   2:        176 bytes,     539736 total
[2025-08-28T13:54:04.848+0000][1099914][trace][gc,age      ] GC(201) - age   3:        224 bytes,     539960 total
[2025-08-28T13:54:04.848+0000][1099914][trace][gc,age      ] GC(201) - age   4:        584 bytes,     540544 total
[2025-08-28T13:54:04.848+0000][1099914][trace][gc,age      ] GC(201) - age   5:       1488 bytes,     542032 total
[2025-08-28T13:54:04.848+0000][1099914][trace][gc,age      ] GC(201) - age   6:        176 bytes,     542208 total
[2025-08-28T13:54:04.848+0000][1099914][trace][gc,age      ] GC(201) - age   7:         32 bytes,     542240 total
[2025-08-28T13:54:04.848+0000][1099914][trace][gc,age      ] GC(201) - age   8:         32 bytes,     542272 total
[2025-08-28T13:54:04.848+0000][1099914][trace][gc,age      ] GC(201) - age  10:        336 bytes,     542608 total
[2025-08-28T13:54:04.848+0000][1099914][info ][gc,heap     ] GC(201) Eden regions: 75->0(75)
[2025-08-28T13:54:04.848+0000][1099914][info ][gc,heap     ] GC(201) Survivor regions: 1->1(10)
[2025-08-28T13:54:04.848+0000][1099914][info ][gc,heap     ] GC(201) Old regions: 25->25
[2025-08-28T13:54:04.848+0000][1099914][info ][gc,heap     ] GC(201) Humongous regions: 0->0
[2025-08-28T13:54:04.848+0000][1099914][info ][gc,metaspace] GC(201) Metaspace: 136667K(140480K)->136667K(140480K) NonClass: 118138K(120128K)->118138K(120128K) Class: 18528K(20352K)->18528K(20352K)
[2025-08-28T13:54:04.848+0000][1099914][info ][gc          ] GC(201) Pause Young (Normal) (G1 Evacuation Pause) 396M->96M(512M) 1.941ms
[2025-08-28T13:54:04.848+0000][1099914][info ][gc,cpu      ] GC(201) User=0.01s Sys=0.00s Real=0.00s
[2025-08-28T13:54:04.848+0000][1099914][info ][safepoint   ] Safepoint "G1CollectForAllocation", Time since last: 58688 ns, Reaching safepoint: 1943 ns, Cleanup: 551 ns, At safepoint: 2035739 ns, Total: 2038233 ns
[2025-08-28T13:54:06.856+0000][1099914][info ][gc,start    ] GC(202) Pause Young (Normal) (G1 Evacuation Pause)
[2025-08-28T13:54:06.856+0000][1099914][info ][gc,task     ] GC(202) Using 12 workers of 33 for evacuation
[2025-08-28T13:54:06.856+0000][1099914][debug][gc,age      ] GC(202) Desired survivor size 20971520 bytes, new threshold 15 (max threshold 15)
[2025-08-28T13:54:06.858+0000][1099914][info ][gc,phases   ] GC(202)   Pre Evacuate Collection Set: 0.2ms
[2025-08-28T13:54:06.858+0000][1099914][info ][gc,phases   ] GC(202)   Merge Heap Roots: 0.0ms
[2025-08-28T13:54:06.858+0000][1099914][info ][gc,phases   ] GC(202)   Evacuate Collection Set: 1.2ms
[2025-08-28T13:54:06.858+0000][1099914][info ][gc,phases   ] GC(202)   Post Evacuate Collection Set: 0.3ms
[2025-08-28T13:54:06.858+0000][1099914][info ][gc,phases   ] GC(202)   Other: 0.1ms
[2025-08-28T13:54:06.858+0000][1099914][trace][gc,age      ] GC(202) Age table with threshold 15 (max threshold 15)
[2025-08-28T13:54:06.858+0000][1099914][trace][gc,age      ] GC(202) - age   1:     554760 bytes,     554760 total
[2025-08-28T13:54:06.858+0000][1099914][trace][gc,age      ] GC(202) - age   2:        776 bytes,     555536 total
[2025-08-28T13:54:06.858+0000][1099914][trace][gc,age      ] GC(202) - age   3:        176 bytes,     555712 total
[2025-08-28T13:54:06.858+0000][1099914][trace][gc,age      ] GC(202) - age   4:        224 bytes,     555936 total
[2025-08-28T13:54:06.858+0000][1099914][trace][gc,age      ] GC(202) - age   5:        584 bytes,     556520 total
[2025-08-28T13:54:06.858+0000][1099914][trace][gc,age      ] GC(202) - age   6:       1488 bytes,     558008 total
[2025-08-28T13:54:06.858+0000][1099914][trace][gc,age      ] GC(202) - age   7:        176 bytes,     558184 total
[2025-08-28T13:54:06.858+0000][1099914][trace][gc,age      ] GC(202) - age   8:         32 bytes,     558216 total
[2025-08-28T13:54:06.858+0000][1099914][trace][gc,age      ] GC(202) - age   9:         32 bytes,     558248 total
[2025-08-28T13:54:06.858+0000][1099914][trace][gc,age      ] GC(202) - age  11:        336 bytes,     558584 total
[2025-08-28T13:54:06.858+0000][1099914][info ][gc,heap     ] GC(202) Eden regions: 75->0(75)
[2025-08-28T13:54:06.858+0000][1099914][info ][gc,heap     ] GC(202) Survivor regions: 1->1(10)
[2025-08-28T13:54:06.858+0000][1099914][info ][gc,heap     ] GC(202) Old regions: 25->25
[2025-08-28T13:54:06.858+0000][1099914][info ][gc,heap     ] GC(202) Humongous regions: 0->0
[2025-08-28T13:54:06.858+0000][1099914][info ][gc,metaspace] GC(202) Metaspace: 136667K(140480K)->136667K(140480K) NonClass: 118138K(120128K)->118138K(120128K) Class: 18528K(20352K)->18528K(20352K)
[2025-08-28T13:54:06.858+0000][1099914][info ][gc          ] GC(202) Pause Young (Normal) (G1 Evacuation Pause) 396M->96M(512M) 1.992ms
[2025-08-28T13:54:06.858+0000][1099914][info ][gc,cpu      ] GC(202) User=0.01s Sys=0.01s Real=0.00s
[2025-08-28T13:54:06.858+0000][1099914][info ][safepoint   ] Safepoint "G1CollectForAllocation", Time since last: 2007906397 ns, Reaching safepoint: 18277 ns, Cleanup: 5749 ns, At safepoint: 2146495 ns, Total: 2170521 ns
[2025-08-28T13:54:08.809+0000][1099914][info ][gc,start    ] GC(203) Pause Young (Normal) (G1 Evacuation Pause)
[2025-08-28T13:54:08.809+0000][1099914][info ][gc,task     ] GC(203) Using 12 workers of 33 for evacuation
[2025-08-28T13:54:08.809+0000][1099914][debug][gc,age      ] GC(203) Desired survivor size 20971520 bytes, new threshold 15 (max threshold 15)
[2025-08-28T13:54:08.811+0000][1099914][info ][gc,phases   ] GC(203)   Pre Evacuate Collection Set: 0.2ms
[2025-08-28T13:54:08.811+0000][1099914][info ][gc,phases   ] GC(203)   Merge Heap Roots: 0.1ms
[2025-08-28T13:54:08.811+0000][1099914][info ][gc,phases   ] GC(203)   Evacuate Collection Set: 1.2ms
[2025-08-28T13:54:08.811+0000][1099914][info ][gc,phases   ] GC(203)   Post Evacuate Collection Set: 0.3ms
[2025-08-28T13:54:08.811+0000][1099914][info ][gc,phases   ] GC(203)   Other: 0.1ms
[2025-08-28T13:54:08.811+0000][1099914][trace][gc,age      ] GC(203) Age table with threshold 15 (max threshold 15)
[2025-08-28T13:54:08.811+0000][1099914][trace][gc,age      ] GC(203) - age   1:     539496 bytes,     539496 total
[2025-08-28T13:54:08.811+0000][1099914][trace][gc,age      ] GC(203) - age   3:        240 bytes,     539736 total
[2025-08-28T13:54:08.811+0000][1099914][trace][gc,age      ] GC(203) - age   5:        224 bytes,     539960 total
[2025-08-28T13:54:08.811+0000][1099914][trace][gc,age      ] GC(203) - age   6:        584 bytes,     540544 total
[2025-08-28T13:54:08.811+0000][1099914][trace][gc,age      ] GC(203) - age   7:       1488 bytes,     542032 total
[2025-08-28T13:54:08.811+0000][1099914][trace][gc,age      ] GC(203) - age   8:        176 bytes,     542208 total
[2025-08-28T13:54:08.811+0000][1099914][trace][gc,age      ] GC(203) - age   9:         32 bytes,     542240 total
[2025-08-28T13:54:08.811+0000][1099914][trace][gc,age      ] GC(203) - age  10:         32 bytes,     542272 total
[2025-08-28T13:54:08.811+0000][1099914][trace][gc,age      ] GC(203) - age  12:        336 bytes,     542608 total
[2025-08-28T13:54:08.811+0000][1099914][info ][gc,heap     ] GC(203) Eden regions: 75->0(75)
[2025-08-28T13:54:08.811+0000][1099914][info ][gc,heap     ] GC(203) Survivor regions: 1->1(10)
[2025-08-28T13:54:08.811+0000][1099914][info ][gc,heap     ] GC(203) Old regions: 25->25
[2025-08-28T13:54:08.811+0000][1099914][info ][gc,heap     ] GC(203) Humongous regions: 0->0
[2025-08-28T13:54:08.811+0000][1099914][info ][gc,metaspace] GC(203) Metaspace: 136667K(140480K)->136667K(140480K) NonClass: 118138K(120128K)->118138K(120128K) Class: 18528K(20352K)->18528K(20352K)
[2025-08-28T13:54:08.811+0000][1099914][info ][gc          ] GC(203) Pause Young (Normal) (G1 Evacuation Pause) 396M->96M(512M) 1.958ms
[2025-08-28T13:54:08.811+0000][1099914][info ][gc,cpu      ] GC(203) User=0.01s Sys=0.00s Real=0.01s
[2025-08-28T13:54:08.811+0000][1099914][info ][safepoint   ] Safepoint "G1CollectForAllocation", Time since last: 1950845446 ns, Reaching safepoint: 56054 ns, Cleanup: 6490 ns, At safepoint: 2060265 ns, Total: 2122809 ns
[2025-08-28T13:54:10.781+0000][1099914][info ][gc,start    ] GC(204) Pause Young (Normal) (G1 Evacuation Pause)
[2025-08-28T13:54:10.781+0000][1099914][info ][gc,task     ] GC(204) Using 12 workers of 33 for evacuation
[2025-08-28T13:54:10.781+0000][1099914][debug][gc,age      ] GC(204) Desired survivor size 20971520 bytes, new threshold 15 (max threshold 15)
[2025-08-28T13:54:10.782+0000][1099914][info ][gc,phases   ] GC(204)   Pre Evacuate Collection Set: 0.2ms
[2025-08-28T13:54:10.782+0000][1099914][info ][gc,phases   ] GC(204)   Merge Heap Roots: 0.1ms
[2025-08-28T13:54:10.782+0000][1099914][info ][gc,phases   ] GC(204)   Evacuate Collection Set: 1.1ms
[2025-08-28T13:54:10.783+0000][1099914][info ][gc,phases   ] GC(204)   Post Evacuate Collection Set: 0.3ms
[2025-08-28T13:54:10.783+0000][1099914][info ][gc,phases   ] GC(204)   Other: 0.1ms
[2025-08-28T13:54:10.783+0000][1099914][trace][gc,age      ] GC(204) Age table with threshold 15 (max threshold 15)
[2025-08-28T13:54:10.783+0000][1099914][trace][gc,age      ] GC(204) - age   1:     554448 bytes,     554448 total
[2025-08-28T13:54:10.783+0000][1099914][trace][gc,age      ] GC(204) - age   2:        712 bytes,     555160 total
[2025-08-28T13:54:10.783+0000][1099914][trace][gc,age      ] GC(204) - age   4:        240 bytes,     555400 total
[2025-08-28T13:54:10.783+0000][1099914][trace][gc,age      ] GC(204) - age   6:        224 bytes,     555624 total
[2025-08-28T13:54:10.783+0000][1099914][trace][gc,age      ] GC(204) - age   7:        584 bytes,     556208 total
[2025-08-28T13:54:10.783+0000][1099914][trace][gc,age      ] GC(204) - age   8:       1488 bytes,     557696 total
[2025-08-28T13:54:10.783+0000][1099914][trace][gc,age      ] GC(204) - age   9:        176 bytes,     557872 total
[2025-08-28T13:54:10.783+0000][1099914][trace][gc,age      ] GC(204) - age  10:         32 bytes,     557904 total
[2025-08-28T13:54:10.783+0000][1099914][trace][gc,age      ] GC(204) - age  11:         32 bytes,     557936 total
[2025-08-28T13:54:10.783+0000][1099914][trace][gc,age      ] GC(204) - age  13:        336 bytes,     558272 total
[2025-08-28T13:54:10.783+0000][1099914][info ][gc,heap     ] GC(204) Eden regions: 75->0(75)
[2025-08-28T13:54:10.783+0000][1099914][info ][gc,heap     ] GC(204) Survivor regions: 1->1(10)
[2025-08-28T13:54:10.783+0000][1099914][info ][gc,heap     ] GC(204) Old regions: 25->25
[2025-08-28T13:54:10.783+0000][1099914][info ][gc,heap     ] GC(204) Humongous regions: 0->0
[2025-08-28T13:54:10.783+0000][1099914][info ][gc,metaspace] GC(204) Metaspace: 136667K(140480K)->136667K(140480K) NonClass: 118138K(120128K)->118138K(120128K) Class: 18528K(20352K)->18528K(20352K)
[2025-08-28T13:54:10.783+0000][1099914][info ][gc          ] GC(204) Pause Young (Normal) (G1 Evacuation Pause) 396M->96M(512M) 1.868ms
[2025-08-28T13:54:10.783+0000][1099914][info ][gc,cpu      ] GC(204) User=0.01s Sys=0.00s Real=0.00s
[2025-08-28T13:54:10.783+0000][1099914][info ][safepoint   ] Safepoint "G1CollectForAllocation", Time since last: 1969830471 ns, Reaching safepoint: 17896 ns, Cleanup: 6410 ns, At safepoint: 1965884 ns, Total: 1990190 ns
[2025-08-28T13:54:12.759+0000][1099914][info ][gc,start    ] GC(205) Pause Young (Normal) (G1 Evacuation Pause)
[2025-08-28T13:54:12.759+0000][1099914][info ][gc,task     ] GC(205) Using 12 workers of 33 for evacuation
[2025-08-28T13:54:12.759+0000][1099914][debug][gc,age      ] GC(205) Desired survivor size 20971520 bytes, new threshold 15 (max threshold 15)
[2025-08-28T13:54:12.761+0000][1099914][info ][gc,phases   ] GC(205)   Pre Evacuate Collection Set: 0.2ms
[2025-08-28T13:54:12.761+0000][1099914][info ][gc,phases   ] GC(205)   Merge Heap Roots: 0.1ms
[2025-08-28T13:54:12.761+0000][1099914][info ][gc,phases   ] GC(205)   Evacuate Collection Set: 1.2ms
[2025-08-28T13:54:12.761+0000][1099914][info ][gc,phases   ] GC(205)   Post Evacuate Collection Set: 0.3ms
[2025-08-28T13:54:12.761+0000][1099914][info ][gc,phases   ] GC(205)   Other: 0.1ms
[2025-08-28T13:54:12.761+0000][1099914][trace][gc,age      ] GC(205) Age table with threshold 15 (max threshold 15)
[2025-08-28T13:54:12.761+0000][1099914][trace][gc,age      ] GC(205) - age   1:     538984 bytes,     538984 total
[2025-08-28T13:54:12.761+0000][1099914][trace][gc,age      ] GC(205) - age   3:        536 bytes,     539520 total
[2025-08-28T13:54:12.761+0000][1099914][trace][gc,age      ] GC(205) - age   5:        240 bytes,     539760 total
[2025-08-28T13:54:12.761+0000][1099914][trace][gc,age      ] GC(205) - age   7:        224 bytes,     539984 total
[2025-08-28T13:54:12.761+0000][1099914][trace][gc,age      ] GC(205) - age   8:        584 bytes,     540568 total
[2025-08-28T13:54:12.761+0000][1099914][trace][gc,age      ] GC(205) - age   9:       1488 bytes,     542056 total
[2025-08-28T13:54:12.761+0000][1099914][trace][gc,age      ] GC(205) - age  10:        176 bytes,     542232 total
[2025-08-28T13:54:12.761+0000][1099914][trace][gc,age      ] GC(205) - age  11:         32 bytes,     542264 total
[2025-08-28T13:54:12.761+0000][1099914][trace][gc,age      ] GC(205) - age  12:         32 bytes,     542296 total
[2025-08-28T13:54:12.761+0000][1099914][trace][gc,age      ] GC(205) - age  14:        336 bytes,     542632 total
[2025-08-28T13:54:12.761+0000][1099914][info ][gc,heap     ] GC(205) Eden regions: 75->0(75)
[2025-08-28T13:54:12.761+0000][1099914][info ][gc,heap     ] GC(205) Survivor regions: 1->1(10)
[2025-08-28T13:54:12.761+0000][1099914][info ][gc,heap     ] GC(205) Old regions: 25->25
[2025-08-28T13:54:12.761+0000][1099914][info ][gc,heap     ] GC(205) Humongous regions: 0->0
[2025-08-28T13:54:12.761+0000][1099914][info ][gc,metaspace] GC(205) Metaspace: 136667K(140480K)->136667K(140480K) NonClass: 118138K(120128K)->118138K(120128K) Class: 18528K(20352K)->18528K(20352K)
[2025-08-28T13:54:12.761+0000][1099914][info ][gc          ] GC(205) Pause Young (Normal) (G1 Evacuation Pause) 396M->96M(512M) 1.998ms
[2025-08-28T13:54:12.761+0000][1099914][info ][gc,cpu      ] GC(205) User=0.00s Sys=0.00s Real=0.01s
[2025-08-28T13:54:12.761+0000][1099914][info ][safepoint   ] Safepoint "G1CollectForAllocation", Time since last: 1976016514 ns, Reaching safepoint: 17947 ns, Cleanup: 6169 ns, At safepoint: 2103060 ns, Total: 2127176 ns
[2025-08-28T13:54:14.734+0000][1099914][info ][gc,start    ] GC(206) Pause Young (Normal) (G1 Evacuation Pause)
[2025-08-28T13:54:14.734+0000][1099914][info ][gc,task     ] GC(206) Using 12 workers of 33 for evacuation
[2025-08-28T13:54:14.734+0000][1099914][debug][gc,age      ] GC(206) Desired survivor size 20971520 bytes, new threshold 15 (max threshold 15)
[2025-08-28T13:54:14.736+0000][1099914][info ][gc,phases   ] GC(206)   Pre Evacuate Collection Set: 0.2ms
[2025-08-28T13:54:14.736+0000][1099914][info ][gc,phases   ] GC(206)   Merge Heap Roots: 0.1ms
[2025-08-28T13:54:14.736+0000][1099914][info ][gc,phases   ] GC(206)   Evacuate Collection Set: 1.4ms
[2025-08-28T13:54:14.736+0000][1099914][info ][gc,phases   ] GC(206)   Post Evacuate Collection Set: 0.3ms
[2025-08-28T13:54:14.736+0000][1099914][info ][gc,phases   ] GC(206)   Other: 0.1ms
[2025-08-28T13:54:14.736+0000][1099914][trace][gc,age      ] GC(206) Age table with threshold 15 (max threshold 15)
[2025-08-28T13:54:14.736+0000][1099914][trace][gc,age      ] GC(206) - age   1:     539960 bytes,     539960 total
[2025-08-28T13:54:14.736+0000][1099914][trace][gc,age      ] GC(206) - age   2:        176 bytes,     540136 total
[2025-08-28T13:54:14.736+0000][1099914][trace][gc,age      ] GC(206) - age   9:        584 bytes,     540720 total
[2025-08-28T13:54:14.736+0000][1099914][trace][gc,age      ] GC(206) - age  10:       1488 bytes,     542208 total
[2025-08-28T13:54:14.736+0000][1099914][trace][gc,age      ] GC(206) - age  11:        176 bytes,     542384 total
[2025-08-28T13:54:14.736+0000][1099914][trace][gc,age      ] GC(206) - age  12:         32 bytes,     542416 total
[2025-08-28T13:54:14.736+0000][1099914][trace][gc,age      ] GC(206) - age  13:         32 bytes,     542448 total
[2025-08-28T13:54:14.736+0000][1099914][trace][gc,age      ] GC(206) - age  15:        336 bytes,     542784 total
[2025-08-28T13:54:14.736+0000][1099914][info ][gc,heap     ] GC(206) Eden regions: 75->0(75)
[2025-08-28T13:54:14.736+0000][1099914][info ][gc,heap     ] GC(206) Survivor regions: 1->1(10)
[2025-08-28T13:54:14.736+0000][1099914][info ][gc,heap     ] GC(206) Old regions: 25->25
[2025-08-28T13:54:14.736+0000][1099914][info ][gc,heap     ] GC(206) Humongous regions: 0->0
[2025-08-28T13:54:14.736+0000][1099914][info ][gc,metaspace] GC(206) Metaspace: 136667K(140480K)->136667K(140480K) NonClass: 118138K(120128K)->118138K(120128K) Class: 18528K(20352K)->18528K(20352K)
[2025-08-28T13:54:14.736+0000][1099914][info ][gc          ] GC(206) Pause Young (Normal) (G1 Evacuation Pause) 396M->96M(512M) 2.163ms
[2025-08-28T13:54:14.736+0000][1099914][info ][gc,cpu      ] GC(206) User=0.00s Sys=0.00s Real=0.00s
[2025-08-28T13:54:14.736+0000][1099914][info ][safepoint   ] Safepoint "G1CollectForAllocation", Time since last: 1973042927 ns, Reaching safepoint: 55603 ns, Cleanup: 6189 ns, At safepoint: 2263401 ns, Total: 2325193 ns
[2025-08-28T13:54:16.681+0000][1099914][info ][gc,start    ] GC(207) Pause Young (Normal) (G1 Evacuation Pause)
[2025-08-28T13:54:16.681+0000][1099914][info ][gc,task     ] GC(207) Using 12 workers of 33 for evacuation
[2025-08-28T13:54:16.681+0000][1099914][debug][gc,age      ] GC(207) Desired survivor size 20971520 bytes, new threshold 15 (max threshold 15)
[2025-08-28T13:54:16.682+0000][1099914][info ][gc,phases   ] GC(207)   Pre Evacuate Collection Set: 0.2ms
[2025-08-28T13:54:16.682+0000][1099914][info ][gc,phases   ] GC(207)   Merge Heap Roots: 0.1ms
[2025-08-28T13:54:16.682+0000][1099914][info ][gc,phases   ] GC(207)   Evacuate Collection Set: 1.0ms
[2025-08-28T13:54:16.682+0000][1099914][info ][gc,phases   ] GC(207)   Post Evacuate Collection Set: 0.3ms
[2025-08-28T13:54:16.682+0000][1099914][info ][gc,phases   ] GC(207)   Other: 0.1ms
[2025-08-28T13:54:16.682+0000][1099914][trace][gc,age      ] GC(207) Age table with threshold 15 (max threshold 15)
[2025-08-28T13:54:16.682+0000][1099914][trace][gc,age      ] GC(207) - age   1:     554936 bytes,     554936 total
[2025-08-28T13:54:16.683+0000][1099914][trace][gc,age      ] GC(207) - age   2:       1000 bytes,     555936 total
[2025-08-28T13:54:16.683+0000][1099914][trace][gc,age      ] GC(207) - age   3:        176 bytes,     556112 total
[2025-08-28T13:54:16.683+0000][1099914][trace][gc,age      ] GC(207) - age  10:        584 bytes,     556696 total
[2025-08-28T13:54:16.683+0000][1099914][trace][gc,age      ] GC(207) - age  11:       1008 bytes,     557704 total
[2025-08-28T13:54:16.683+0000][1099914][trace][gc,age      ] GC(207) - age  12:        176 bytes,     557880 total
[2025-08-28T13:54:16.683+0000][1099914][trace][gc,age      ] GC(207) - age  13:         32 bytes,     557912 total
[2025-08-28T13:54:16.683+0000][1099914][trace][gc,age      ] GC(207) - age  14:         32 bytes,     557944 total
[2025-08-28T13:54:16.683+0000][1099914][info ][gc,heap     ] GC(207) Eden regions: 75->0(75)
[2025-08-28T13:54:16.683+0000][1099914][info ][gc,heap     ] GC(207) Survivor regions: 1->1(10)
[2025-08-28T13:54:16.683+0000][1099914][info ][gc,heap     ] GC(207) Old regions: 25->25
[2025-08-28T13:54:16.683+0000][1099914][info ][gc,heap     ] GC(207) Humongous regions: 0->0
[2025-08-28T13:54:16.683+0000][1099914][info ][gc,metaspace] GC(207) Metaspace: 136667K(140480K)->136667K(140480K) NonClass: 118138K(120128K)->118138K(120128K) Class: 18528K(20352K)->18528K(20352K)
[2025-08-28T13:54:16.683+0000][1099914][info ][gc          ] GC(207) Pause Young (Normal) (G1 Evacuation Pause) 396M->96M(512M) 1.822ms
[2025-08-28T13:54:16.683+0000][1099914][info ][gc,cpu      ] GC(207) User=0.01s Sys=0.00s Real=0.00s
[2025-08-28T13:54:16.683+0000][1099914][info ][safepoint   ] Safepoint "G1CollectForAllocation", Time since last: 1944491951 ns, Reaching safepoint: 18297 ns, Cleanup: 17286 ns, At safepoint: 1930811 ns, Total: 1966394 ns
[2025-08-28T13:54:18.606+0000][1099914][info ][gc,start    ] GC(208) Pause Young (Normal) (G1 Evacuation Pause)
[2025-08-28T13:54:18.606+0000][1099914][info ][gc,task     ] GC(208) Using 12 workers of 33 for evacuation
[2025-08-28T13:54:18.606+0000][1099914][debug][gc,age      ] GC(208) Desired survivor size 20971520 bytes, new threshold 15 (max threshold 15)
[2025-08-28T13:54:18.608+0000][1099914][info ][gc,phases   ] GC(208)   Pre Evacuate Collection Set: 0.2ms
[2025-08-28T13:54:18.608+0000][1099914][info ][gc,phases   ] GC(208)   Merge Heap Roots: 0.1ms
[2025-08-28T13:54:18.608+0000][1099914][info ][gc,phases   ] GC(208)   Evacuate Collection Set: 1.0ms
[2025-08-28T13:54:18.608+0000][1099914][info ][gc,phases   ] GC(208)   Post Evacuate Collection Set: 0.3ms
[2025-08-28T13:54:18.608+0000][1099914][info ][gc,phases   ] GC(208)   Other: 0.2ms
[2025-08-28T13:54:18.608+0000][1099914][trace][gc,age      ] GC(208) Age table with threshold 15 (max threshold 15)
[2025-08-28T13:54:18.608+0000][1099914][trace][gc,age      ] GC(208) - age   1:     554024 bytes,     554024 total
[2025-08-28T13:54:18.608+0000][1099914][trace][gc,age      ] GC(208) - age   2:        952 bytes,     554976 total
[2025-08-28T13:54:18.608+0000][1099914][trace][gc,age      ] GC(208) - age   3:        464 bytes,     555440 total
[2025-08-28T13:54:18.608+0000][1099914][trace][gc,age      ] GC(208) - age  11:        584 bytes,     556024 total
[2025-08-28T13:54:18.608+0000][1099914][trace][gc,age      ] GC(208) - age  12:       1008 bytes,     557032 total
[2025-08-28T13:54:18.608+0000][1099914][trace][gc,age      ] GC(208) - age  13:        176 bytes,     557208 total
[2025-08-28T13:54:18.608+0000][1099914][trace][gc,age      ] GC(208) - age  14:         32 bytes,     557240 total
[2025-08-28T13:54:18.608+0000][1099914][trace][gc,age      ] GC(208) - age  15:         32 bytes,     557272 total
[2025-08-28T13:54:18.608+0000][1099914][info ][gc,heap     ] GC(208) Eden regions: 75->0(75)
[2025-08-28T13:54:18.608+0000][1099914][info ][gc,heap     ] GC(208) Survivor regions: 1->1(10)
[2025-08-28T13:54:18.608+0000][1099914][info ][gc,heap     ] GC(208) Old regions: 25->25
[2025-08-28T13:54:18.608+0000][1099914][info ][gc,heap     ] GC(208) Humongous regions: 0->0
[2025-08-28T13:54:18.608+0000][1099914][info ][gc,metaspace] GC(208) Metaspace: 136667K(140480K)->136667K(140480K) NonClass: 118138K(120128K)->118138K(120128K) Class: 18528K(20352K)->18528K(20352K)
[2025-08-28T13:54:18.608+0000][1099914][info ][gc          ] GC(208) Pause Young (Normal) (G1 Evacuation Pause) 396M->96M(512M) 1.894ms
[2025-08-28T13:54:18.608+0000][1099914][info ][gc,cpu      ] GC(208) User=0.00s Sys=0.00s Real=0.00s
[2025-08-28T13:54:18.608+0000][1099914][info ][safepoint   ] Safepoint "G1CollectForAllocation", Time since last: 1923094022 ns, Reaching safepoint: 55363 ns, Cleanup: 6290 ns, At safepoint: 1998062 ns, Total: 2059715 ns
[2025-08-28T13:54:20.598+0000][1099914][info ][gc,start    ] GC(209) Pause Young (Normal) (G1 Evacuation Pause)
[2025-08-28T13:54:20.598+0000][1099914][info ][gc,task     ] GC(209) Using 12 workers of 33 for evacuation
[2025-08-28T13:54:20.598+0000][1099914][debug][gc,age      ] GC(209) Desired survivor size 20971520 bytes, new threshold 15 (max threshold 15)
[2025-08-28T13:54:20.600+0000][1099914][info ][gc,phases   ] GC(209)   Pre Evacuate Collection Set: 0.2ms
[2025-08-28T13:54:20.600+0000][1099914][info ][gc,phases   ] GC(209)   Merge Heap Roots: 0.1ms
[2025-08-28T13:54:20.600+0000][1099914][info ][gc,phases   ] GC(209)   Evacuate Collection Set: 1.1ms
[2025-08-28T13:54:20.600+0000][1099914][info ][gc,phases   ] GC(209)   Post Evacuate Collection Set: 0.3ms
[2025-08-28T13:54:20.600+0000][1099914][info ][gc,phases   ] GC(209)   Other: 0.1ms
[2025-08-28T13:54:20.600+0000][1099914][trace][gc,age      ] GC(209) Age table with threshold 15 (max threshold 15)
[2025-08-28T13:54:20.600+0000][1099914][trace][gc,age      ] GC(209) - age   1:     538808 bytes,     538808 total
[2025-08-28T13:54:20.600+0000][1099914][trace][gc,age      ] GC(209) - age   2:        712 bytes,     539520 total
[2025-08-28T13:54:20.600+0000][1099914][trace][gc,age      ] GC(209) - age   3:        952 bytes,     540472 total
[2025-08-28T13:54:20.600+0000][1099914][trace][gc,age      ] GC(209) - age   4:        464 bytes,     540936 total
[2025-08-28T13:54:20.600+0000][1099914][trace][gc,age      ] GC(209) - age  12:        584 bytes,     541520 total
[2025-08-28T13:54:20.600+0000][1099914][trace][gc,age      ] GC(209) - age  13:       1008 bytes,     542528 total
[2025-08-28T13:54:20.600+0000][1099914][trace][gc,age      ] GC(209) - age  14:        176 bytes,     542704 total
[2025-08-28T13:54:20.600+0000][1099914][trace][gc,age      ] GC(209) - age  15:         32 bytes,     542736 total
[2025-08-28T13:54:20.600+0000][1099914][info ][gc,heap     ] GC(209) Eden regions: 75->0(75)
[2025-08-28T13:54:20.600+0000][1099914][info ][gc,heap     ] GC(209) Survivor regions: 1->1(10)
[2025-08-28T13:54:20.600+0000][1099914][info ][gc,heap     ] GC(209) Old regions: 25->25
[2025-08-28T13:54:20.600+0000][1099914][info ][gc,heap     ] GC(209) Humongous regions: 0->0
[2025-08-28T13:54:20.600+0000][1099914][info ][gc,metaspace] GC(209) Metaspace: 136667K(140480K)->136667K(140480K) NonClass: 118138K(120128K)->118138K(120128K) Class: 18528K(20352K)->18528K(20352K)
[2025-08-28T13:54:20.600+0000][1099914][info ][gc          ] GC(209) Pause Young (Normal) (G1 Evacuation Pause) 396M->96M(512M) 1.886ms
[2025-08-28T13:54:20.600+0000][1099914][info ][gc,cpu      ] GC(209) User=0.01s Sys=0.00s Real=0.00s
[2025-08-28T13:54:20.600+0000][1099914][info ][safepoint   ] Safepoint "G1CollectForAllocation", Time since last: 1989902126 ns, Reaching safepoint: 18157 ns, Cleanup: 6099 ns, At safepoint: 2002900 ns, Total: 2027156 ns
[2025-08-28T13:54:22.618+0000][1099914][info ][gc,start    ] GC(210) Pause Young (Normal) (G1 Evacuation Pause)
[2025-08-28T13:54:22.618+0000][1099914][info ][gc,task     ] GC(210) Using 12 workers of 33 for evacuation
[2025-08-28T13:54:22.618+0000][1099914][debug][gc,age      ] GC(210) Desired survivor size 20971520 bytes, new threshold 15 (max threshold 15)
[2025-08-28T13:54:22.620+0000][1099914][info ][gc,phases   ] GC(210)   Pre Evacuate Collection Set: 0.2ms
[2025-08-28T13:54:22.620+0000][1099914][info ][gc,phases   ] GC(210)   Merge Heap Roots: 0.1ms
[2025-08-28T13:54:22.620+0000][1099914][info ][gc,phases   ] GC(210)   Evacuate Collection Set: 1.1ms
[2025-08-28T13:54:22.620+0000][1099914][info ][gc,phases   ] GC(210)   Post Evacuate Collection Set: 0.3ms
[2025-08-28T13:54:22.620+0000][1099914][info ][gc,phases   ] GC(210)   Other: 0.1ms
[2025-08-28T13:54:22.620+0000][1099914][trace][gc,age      ] GC(210) Age table with threshold 15 (max threshold 15)
[2025-08-28T13:54:22.620+0000][1099914][trace][gc,age      ] GC(210) - age   1:     555064 bytes,     555064 total
[2025-08-28T13:54:22.620+0000][1099914][trace][gc,age      ] GC(210) - age   3:        712 bytes,     555776 total
[2025-08-28T13:54:22.620+0000][1099914][trace][gc,age      ] GC(210) - age   4:        952 bytes,     556728 total
[2025-08-28T13:54:22.620+0000][1099914][trace][gc,age      ] GC(210) - age   5:        464 bytes,     557192 total
[2025-08-28T13:54:22.620+0000][1099914][trace][gc,age      ] GC(210) - age  13:        584 bytes,     557776 total
[2025-08-28T13:54:22.620+0000][1099914][trace][gc,age      ] GC(210) - age  14:       1008 bytes,     558784 total
[2025-08-28T13:54:22.620+0000][1099914][trace][gc,age      ] GC(210) - age  15:        176 bytes,     558960 total
[2025-08-28T13:54:22.620+0000][1099914][info ][gc,heap     ] GC(210) Eden regions: 75->0(75)
[2025-08-28T13:54:22.620+0000][1099914][info ][gc,heap     ] GC(210) Survivor regions: 1->1(10)
[2025-08-28T13:54:22.620+0000][1099914][info ][gc,heap     ] GC(210) Old regions: 25->25
[2025-08-28T13:54:22.620+0000][1099914][info ][gc,heap     ] GC(210) Humongous regions: 0->0
[2025-08-28T13:54:22.620+0000][1099914][info ][gc,metaspace] GC(210) Metaspace: 136667K(140480K)->136667K(140480K) NonClass: 118138K(120128K)->118138K(120128K) Class: 18528K(20352K)->18528K(20352K)
[2025-08-28T13:54:22.620+0000][1099914][info ][gc          ] GC(210) Pause Young (Normal) (G1 Evacuation Pause) 396M->96M(512M) 1.851ms
[2025-08-28T13:54:22.620+0000][1099914][info ][gc,cpu      ] GC(210) User=0.00s Sys=0.00s Real=0.00s
[2025-08-28T13:54:22.620+0000][1099914][info ][safepoint   ] Safepoint "G1CollectForAllocation", Time since last: 2018553263 ns, Reaching safepoint: 18818 ns, Cleanup: 6430 ns, At safepoint: 1949509 ns, Total: 1974757 ns
[2025-08-28T13:54:24.635+0000][1099914][info ][gc,start    ] GC(211) Pause Young (Normal) (G1 Evacuation Pause)
[2025-08-28T13:54:24.635+0000][1099914][info ][gc,task     ] GC(211) Using 12 workers of 33 for evacuation
[2025-08-28T13:54:24.635+0000][1099914][debug][gc,age      ] GC(211) Desired survivor size 20971520 bytes, new threshold 15 (max threshold 15)
[2025-08-28T13:54:24.637+0000][1099914][info ][gc,phases   ] GC(211)   Pre Evacuate Collection Set: 0.2ms
[2025-08-28T13:54:24.637+0000][1099914][info ][gc,phases   ] GC(211)   Merge Heap Roots: 0.1ms
[2025-08-28T13:54:24.637+0000][1099914][info ][gc,phases   ] GC(211)   Evacuate Collection Set: 1.1ms
[2025-08-28T13:54:24.637+0000][1099914][info ][gc,phases   ] GC(211)   Post Evacuate Collection Set: 0.3ms
[2025-08-28T13:54:24.637+0000][1099914][info ][gc,phases   ] GC(211)   Other: 0.1ms
[2025-08-28T13:54:24.637+0000][1099914][trace][gc,age      ] GC(211) Age table with threshold 15 (max threshold 15)
[2025-08-28T13:54:24.637+0000][1099914][trace][gc,age      ] GC(211) - age   1:     540640 bytes,     540640 total
[2025-08-28T13:54:24.637+0000][1099914][trace][gc,age      ] GC(211) - age   5:        952 bytes,     541592 total
[2025-08-28T13:54:24.637+0000][1099914][trace][gc,age      ] GC(211) - age   6:        464 bytes,     542056 total
[2025-08-28T13:54:24.637+0000][1099914][trace][gc,age      ] GC(211) - age  14:        584 bytes,     542640 total
[2025-08-28T13:54:24.637+0000][1099914][trace][gc,age      ] GC(211) - age  15:       1008 bytes,     543648 total
[2025-08-28T13:54:24.637+0000][1099914][info ][gc,heap     ] GC(211) Eden regions: 75->0(75)
[2025-08-28T13:54:24.637+0000][1099914][info ][gc,heap     ] GC(211) Survivor regions: 1->1(10)
[2025-08-28T13:54:24.637+0000][1099914][info ][gc,heap     ] GC(211) Old regions: 25->25
[2025-08-28T13:54:24.637+0000][1099914][info ][gc,heap     ] GC(211) Humongous regions: 0->0
[2025-08-28T13:54:24.637+0000][1099914][info ][gc,metaspace] GC(211) Metaspace: 136667K(140480K)->136667K(140480K) NonClass: 118138K(120128K)->118138K(120128K) Class: 18528K(20352K)->18528K(20352K)
[2025-08-28T13:54:24.637+0000][1099914][info ][gc          ] GC(211) Pause Young (Normal) (G1 Evacuation Pause) 396M->96M(512M) 1.919ms
[2025-08-28T13:54:24.637+0000][1099914][info ][gc,cpu      ] GC(211) User=0.00s Sys=0.01s Real=0.00s
[2025-08-28T13:54:24.637+0000][1099914][info ][safepoint   ] Safepoint "G1CollectForAllocation", Time since last: 2014658892 ns, Reaching safepoint: 18117 ns, Cleanup: 6139 ns, At safepoint: 2021858 ns, Total: 2046114 ns
[2025-08-28T13:54:26.660+0000][1099914][info ][gc,start    ] GC(212) Pause Young (Normal) (G1 Evacuation Pause)
[2025-08-28T13:54:26.660+0000][1099914][info ][gc,task     ] GC(212) Using 12 workers of 33 for evacuation
[2025-08-28T13:54:26.660+0000][1099914][debug][gc,age      ] GC(212) Desired survivor size 20971520 bytes, new threshold 15 (max threshold 15)
[2025-08-28T13:54:26.662+0000][1099914][info ][gc,phases   ] GC(212)   Pre Evacuate Collection Set: 0.3ms
[2025-08-28T13:54:26.662+0000][1099914][info ][gc,phases   ] GC(212)   Merge Heap Roots: 0.1ms
[2025-08-28T13:54:26.662+0000][1099914][info ][gc,phases   ] GC(212)   Evacuate Collection Set: 1.2ms
[2025-08-28T13:54:26.662+0000][1099914][info ][gc,phases   ] GC(212)   Post Evacuate Collection Set: 0.4ms
[2025-08-28T13:54:26.662+0000][1099914][info ][gc,phases   ] GC(212)   Other: 0.0ms
[2025-08-28T13:54:26.662+0000][1099914][trace][gc,age      ] GC(212) Age table with threshold 15 (max threshold 15)
[2025-08-28T13:54:26.662+0000][1099914][trace][gc,age      ] GC(212) - age   1:     541560 bytes,     541560 total
[2025-08-28T13:54:26.662+0000][1099914][trace][gc,age      ] GC(212) - age   2:       1856 bytes,     543416 total
[2025-08-28T13:54:26.662+0000][1099914][trace][gc,age      ] GC(212) - age   6:        384 bytes,     543800 total
[2025-08-28T13:54:26.662+0000][1099914][trace][gc,age      ] GC(212) - age  15:        584 bytes,     544384 total
[2025-08-28T13:54:26.662+0000][1099914][info ][gc,heap     ] GC(212) Eden regions: 75->0(75)
[2025-08-28T13:54:26.662+0000][1099914][info ][gc,heap     ] GC(212) Survivor regions: 1->1(10)
[2025-08-28T13:54:26.662+0000][1099914][info ][gc,heap     ] GC(212) Old regions: 25->25
[2025-08-28T13:54:26.662+0000][1099914][info ][gc,heap     ] GC(212) Humongous regions: 0->0
[2025-08-28T13:54:26.662+0000][1099914][info ][gc,metaspace] GC(212) Metaspace: 136671K(140480K)->136671K(140480K) NonClass: 118142K(120128K)->118142K(120128K) Class: 18528K(20352K)->18528K(20352K)
[2025-08-28T13:54:26.662+0000][1099914][info ][gc          ] GC(212) Pause Young (Normal) (G1 Evacuation Pause) 396M->96M(512M) 2.065ms
[2025-08-28T13:54:26.662+0000][1099914][info ][gc,cpu      ] GC(212) User=0.00s Sys=0.01s Real=0.01s
[2025-08-28T13:54:26.662+0000][1099914][info ][safepoint   ] Safepoint "G1CollectForAllocation", Time since last: 2023271972 ns, Reaching safepoint: 47972 ns, Cleanup: 3626 ns, At safepoint: 2132684 ns, Total: 2184282 ns
[2025-08-28T13:54:28.585+0000][1099914][info ][gc,start    ] GC(213) Pause Young (Normal) (G1 Evacuation Pause)
[2025-08-28T13:54:28.585+0000][1099914][info ][gc,task     ] GC(213) Using 12 workers of 33 for evacuation
[2025-08-28T13:54:28.585+0000][1099914][debug][gc,age      ] GC(213) Desired survivor size 20971520 bytes, new threshold 15 (max threshold 15)
[2025-08-28T13:54:28.587+0000][1099914][info ][gc,phases   ] GC(213)   Pre Evacuate Collection Set: 0.2ms
[2025-08-28T13:54:28.587+0000][1099914][info ][gc,phases   ] GC(213)   Merge Heap Roots: 0.0ms
[2025-08-28T13:54:28.587+0000][1099914][info ][gc,phases   ] GC(213)   Evacuate Collection Set: 1.4ms
[2025-08-28T13:54:28.587+0000][1099914][info ][gc,phases   ] GC(213)   Post Evacuate Collection Set: 0.3ms
[2025-08-28T13:54:28.587+0000][1099914][info ][gc,phases   ] GC(213)   Other: 0.0ms
[2025-08-28T13:54:28.587+0000][1099914][trace][gc,age      ] GC(213) Age table with threshold 15 (max threshold 15)
[2025-08-28T13:54:28.587+0000][1099914][trace][gc,age      ] GC(213) - age   1:     539672 bytes,     539672 total
[2025-08-28T13:54:28.587+0000][1099914][trace][gc,age      ] GC(213) - age   2:       2840 bytes,     542512 total
[2025-08-28T13:54:28.587+0000][1099914][trace][gc,age      ] GC(213) - age   3:       1144 bytes,     543656 total
[2025-08-28T13:54:28.587+0000][1099914][trace][gc,age      ] GC(213) - age   7:        384 bytes,     544040 total
[2025-08-28T13:54:28.587+0000][1099914][info ][gc,heap     ] GC(213) Eden regions: 75->0(75)
[2025-08-28T13:54:28.587+0000][1099914][info ][gc,heap     ] GC(213) Survivor regions: 1->1(10)
[2025-08-28T13:54:28.587+0000][1099914][info ][gc,heap     ] GC(213) Old regions: 25->25
[2025-08-28T13:54:28.587+0000][1099914][info ][gc,heap     ] GC(213) Humongous regions: 0->0
[2025-08-28T13:54:28.587+0000][1099914][info ][gc,metaspace] GC(213) Metaspace: 136671K(140480K)->136671K(140480K) NonClass: 118142K(120128K)->118142K(120128K) Class: 18528K(20352K)->18528K(20352K)
[2025-08-28T13:54:28.587+0000][1099914][info ][gc          ] GC(213) Pause Young (Normal) (G1 Evacuation Pause) 396M->96M(512M) 2.002ms
[2025-08-28T13:54:28.587+0000][1099914][info ][gc,cpu      ] GC(213) User=0.00s Sys=0.00s Real=0.00s
[2025-08-28T13:54:28.587+0000][1099914][info ][safepoint   ] Safepoint "G1CollectForAllocation", Time since last: 1922789374 ns, Reaching safepoint: 11147 ns, Cleanup: 3585 ns, At safepoint: 2065523 ns, Total: 2080255 ns
[2025-08-28T13:54:30.588+0000][1099914][info ][gc,start    ] GC(214) Pause Young (Normal) (G1 Evacuation Pause)
[2025-08-28T13:54:30.588+0000][1099914][info ][gc,task     ] GC(214) Using 12 workers of 33 for evacuation
[2025-08-28T13:54:30.588+0000][1099914][debug][gc,age      ] GC(214) Desired survivor size 20971520 bytes, new threshold 15 (max threshold 15)
[2025-08-28T13:54:30.590+0000][1099914][info ][gc,phases   ] GC(214)   Pre Evacuate Collection Set: 0.1ms
[2025-08-28T13:54:30.590+0000][1099914][info ][gc,phases   ] GC(214)   Merge Heap Roots: 0.1ms
[2025-08-28T13:54:30.590+0000][1099914][info ][gc,phases   ] GC(214)   Evacuate Collection Set: 1.3ms
[2025-08-28T13:54:30.590+0000][1099914][info ][gc,phases   ] GC(214)   Post Evacuate Collection Set: 0.3ms
[2025-08-28T13:54:30.590+0000][1099914][info ][gc,phases   ] GC(214)   Other: 0.1ms
[2025-08-28T13:54:30.590+0000][1099914][trace][gc,age      ] GC(214) Age table with threshold 15 (max threshold 15)
[2025-08-28T13:54:30.590+0000][1099914][trace][gc,age      ] GC(214) - age   1:     538920 bytes,     538920 total
[2025-08-28T13:54:30.590+0000][1099914][trace][gc,age      ] GC(214) - age   2:        712 bytes,     539632 total
[2025-08-28T13:54:30.590+0000][1099914][trace][gc,age      ] GC(214) - age   3:       2840 bytes,     542472 total
[2025-08-28T13:54:30.590+0000][1099914][trace][gc,age      ] GC(214) - age   4:       1144 bytes,     543616 total
[2025-08-28T13:54:30.590+0000][1099914][trace][gc,age      ] GC(214) - age   8:        384 bytes,     544000 total
[2025-08-28T13:54:30.590+0000][1099914][info ][gc,heap     ] GC(214) Eden regions: 75->0(75)
[2025-08-28T13:54:30.590+0000][1099914][info ][gc,heap     ] GC(214) Survivor regions: 1->1(10)
[2025-08-28T13:54:30.590+0000][1099914][info ][gc,heap     ] GC(214) Old regions: 25->25
[2025-08-28T13:54:30.590+0000][1099914][info ][gc,heap     ] GC(214) Humongous regions: 0->0
[2025-08-28T13:54:30.590+0000][1099914][info ][gc,metaspace] GC(214) Metaspace: 136671K(140480K)->136671K(140480K) NonClass: 118142K(120128K)->118142K(120128K) Class: 18528K(20352K)->18528K(20352K)
[2025-08-28T13:54:30.590+0000][1099914][info ][gc          ] GC(214) Pause Young (Normal) (G1 Evacuation Pause) 396M->96M(512M) 2.048ms
[2025-08-28T13:54:30.590+0000][1099914][info ][gc,cpu      ] GC(214) User=0.01s Sys=0.00s Real=0.00s
[2025-08-28T13:54:30.590+0000][1099914][info ][safepoint   ] Safepoint "G1CollectForAllocation", Time since last: 2000415573 ns, Reaching safepoint: 31267 ns, Cleanup: 3515 ns, At safepoint: 2149880 ns, Total: 2184662 ns
[2025-08-28T13:54:32.613+0000][1099914][info ][gc,start    ] GC(215) Pause Young (Normal) (G1 Evacuation Pause)
[2025-08-28T13:54:32.613+0000][1099914][info ][gc,task     ] GC(215) Using 12 workers of 33 for evacuation
[2025-08-28T13:54:32.613+0000][1099914][debug][gc,age      ] GC(215) Desired survivor size 20971520 bytes, new threshold 15 (max threshold 15)
[2025-08-28T13:54:32.615+0000][1099914][info ][gc,phases   ] GC(215)   Pre Evacuate Collection Set: 0.1ms
[2025-08-28T13:54:32.615+0000][1099914][info ][gc,phases   ] GC(215)   Merge Heap Roots: 0.0ms
[2025-08-28T13:54:32.615+0000][1099914][info ][gc,phases   ] GC(215)   Evacuate Collection Set: 1.3ms
[2025-08-28T13:54:32.615+0000][1099914][info ][gc,phases   ] GC(215)   Post Evacuate Collection Set: 0.3ms
[2025-08-28T13:54:32.615+0000][1099914][info ][gc,phases   ] GC(215)   Other: 0.0ms
[2025-08-28T13:54:32.615+0000][1099914][trace][gc,age      ] GC(215) Age table with threshold 15 (max threshold 15)
[2025-08-28T13:54:32.615+0000][1099914][trace][gc,age      ] GC(215) - age   1:     538920 bytes,     538920 total
[2025-08-28T13:54:32.615+0000][1099914][trace][gc,age      ] GC(215) - age   3:        712 bytes,     539632 total
[2025-08-28T13:54:32.615+0000][1099914][trace][gc,age      ] GC(215) - age   4:       2840 bytes,     542472 total
[2025-08-28T13:54:32.615+0000][1099914][trace][gc,age      ] GC(215) - age   5:       1144 bytes,     543616 total
[2025-08-28T13:54:32.615+0000][1099914][trace][gc,age      ] GC(215) - age   9:        384 bytes,     544000 total
[2025-08-28T13:54:32.615+0000][1099914][info ][gc,heap     ] GC(215) Eden regions: 75->0(75)
[2025-08-28T13:54:32.615+0000][1099914][info ][gc,heap     ] GC(215) Survivor regions: 1->1(10)
[2025-08-28T13:54:32.615+0000][1099914][info ][gc,heap     ] GC(215) Old regions: 25->25
[2025-08-28T13:54:32.615+0000][1099914][info ][gc,heap     ] GC(215) Humongous regions: 0->0
[2025-08-28T13:54:32.615+0000][1099914][info ][gc,metaspace] GC(215) Metaspace: 136671K(140480K)->136671K(140480K) NonClass: 118142K(120128K)->118142K(120128K) Class: 18528K(20352K)->18528K(20352K)
[2025-08-28T13:54:32.615+0000][1099914][info ][gc          ] GC(215) Pause Young (Normal) (G1 Evacuation Pause) 396M->96M(512M) 1.976ms
[2025-08-28T13:54:32.615+0000][1099914][info ][gc,cpu      ] GC(215) User=0.01s Sys=0.00s Real=0.00s
[2025-08-28T13:54:32.615+0000][1099914][info ][safepoint   ] Safepoint "G1CollectForAllocation", Time since last: 2022829478 ns, Reaching safepoint: 13300 ns, Cleanup: 5248 ns, At safepoint: 2048337 ns, Total: 2066885 ns
[2025-08-28T13:54:34.956+0000][1099914][info ][gc,start    ] GC(216) Pause Young (Normal) (G1 Evacuation Pause)
[2025-08-28T13:54:34.956+0000][1099914][info ][gc,task     ] GC(216) Using 12 workers of 33 for evacuation
[2025-08-28T13:54:34.956+0000][1099914][debug][gc,age      ] GC(216) Desired survivor size 20971520 bytes, new threshold 15 (max threshold 15)
[2025-08-28T13:54:34.958+0000][1099914][info ][gc,phases   ] GC(216)   Pre Evacuate Collection Set: 0.2ms
[2025-08-28T13:54:34.958+0000][1099914][info ][gc,phases   ] GC(216)   Merge Heap Roots: 0.1ms
[2025-08-28T13:54:34.958+0000][1099914][info ][gc,phases   ] GC(216)   Evacuate Collection Set: 1.4ms
[2025-08-28T13:54:34.958+0000][1099914][info ][gc,phases   ] GC(216)   Post Evacuate Collection Set: 0.3ms
[2025-08-28T13:54:34.958+0000][1099914][info ][gc,phases   ] GC(216)   Other: 0.1ms
[2025-08-28T13:54:34.958+0000][1099914][trace][gc,age      ] GC(216) Age table with threshold 15 (max threshold 15)
[2025-08-28T13:54:34.958+0000][1099914][trace][gc,age      ] GC(216) - age   1:     539792 bytes,     539792 total
[2025-08-28T13:54:34.958+0000][1099914][trace][gc,age      ] GC(216) - age   5:       2600 bytes,     542392 total
[2025-08-28T13:54:34.958+0000][1099914][trace][gc,age      ] GC(216) - age   6:       1144 bytes,     543536 total
[2025-08-28T13:54:34.958+0000][1099914][trace][gc,age      ] GC(216) - age  10:        384 bytes,     543920 total
[2025-08-28T13:54:34.958+0000][1099914][info ][gc,heap     ] GC(216) Eden regions: 75->0(75)
[2025-08-28T13:54:34.958+0000][1099914][info ][gc,heap     ] GC(216) Survivor regions: 1->1(10)
[2025-08-28T13:54:34.958+0000][1099914][info ][gc,heap     ] GC(216) Old regions: 25->25
[2025-08-28T13:54:34.958+0000][1099914][info ][gc,heap     ] GC(216) Humongous regions: 0->0
[2025-08-28T13:54:34.958+0000][1099914][info ][gc,metaspace] GC(216) Metaspace: 136671K(140480K)->136671K(140480K) NonClass: 118142K(120128K)->118142K(120128K) Class: 18528K(20352K)->18528K(20352K)
[2025-08-28T13:54:34.958+0000][1099914][info ][gc          ] GC(216) Pause Young (Normal) (G1 Evacuation Pause) 396M->96M(512M) 2.138ms
[2025-08-28T13:54:34.958+0000][1099914][info ][gc,cpu      ] GC(216) User=0.01s Sys=0.00s Real=0.00s
[2025-08-28T13:54:34.958+0000][1099914][info ][safepoint   ] Safepoint "G1CollectForAllocation", Time since last: 2340691324 ns, Reaching safepoint: 45078 ns, Cleanup: 4847 ns, At safepoint: 2211022 ns, Total: 2260947 ns
[2025-08-28T13:54:36.977+0000][1099914][info ][gc,start    ] GC(217) Pause Young (Normal) (G1 Evacuation Pause)
[2025-08-28T13:54:36.978+0000][1099914][info ][gc,task     ] GC(217) Using 12 workers of 33 for evacuation
[2025-08-28T13:54:36.978+0000][1099914][debug][gc,age      ] GC(217) Desired survivor size 20971520 bytes, new threshold 15 (max threshold 15)
[2025-08-28T13:54:36.979+0000][1099914][info ][gc,phases   ] GC(217)   Pre Evacuate Collection Set: 0.1ms
[2025-08-28T13:54:36.979+0000][1099914][info ][gc,phases   ] GC(217)   Merge Heap Roots: 0.1ms
[2025-08-28T13:54:36.979+0000][1099914][info ][gc,phases   ] GC(217)   Evacuate Collection Set: 1.1ms
[2025-08-28T13:54:36.979+0000][1099914][info ][gc,phases   ] GC(217)   Post Evacuate Collection Set: 0.3ms
[2025-08-28T13:54:36.979+0000][1099914][info ][gc,phases   ] GC(217)   Other: 0.0ms
[2025-08-28T13:54:36.979+0000][1099914][trace][gc,age      ] GC(217) Age table with threshold 15 (max threshold 15)
[2025-08-28T13:54:36.979+0000][1099914][trace][gc,age      ] GC(217) - age   1:     553856 bytes,     553856 total
[2025-08-28T13:54:36.979+0000][1099914][trace][gc,age      ] GC(217) - age   2:        984 bytes,     554840 total
[2025-08-28T13:54:36.979+0000][1099914][trace][gc,age      ] GC(217) - age   6:       2600 bytes,     557440 total
[2025-08-28T13:54:36.979+0000][1099914][trace][gc,age      ] GC(217) - age   7:       1144 bytes,     558584 total
[2025-08-28T13:54:36.979+0000][1099914][trace][gc,age      ] GC(217) - age  11:        384 bytes,     558968 total
[2025-08-28T13:54:36.979+0000][1099914][info ][gc,heap     ] GC(217) Eden regions: 75->0(75)
[2025-08-28T13:54:36.979+0000][1099914][info ][gc,heap     ] GC(217) Survivor regions: 1->1(10)
[2025-08-28T13:54:36.979+0000][1099914][info ][gc,heap     ] GC(217) Old regions: 25->25
[2025-08-28T13:54:36.979+0000][1099914][info ][gc,heap     ] GC(217) Humongous regions: 0->0
[2025-08-28T13:54:36.979+0000][1099914][info ][gc,metaspace] GC(217) Metaspace: 136671K(140480K)->136671K(140480K) NonClass: 118142K(120128K)->118142K(120128K) Class: 18528K(20352K)->18528K(20352K)
[2025-08-28T13:54:36.979+0000][1099914][info ][gc          ] GC(217) Pause Young (Normal) (G1 Evacuation Pause) 396M->96M(512M) 1.721ms
[2025-08-28T13:54:36.979+0000][1099914][info ][gc,cpu      ] GC(217) User=0.00s Sys=0.00s Real=0.00s
[2025-08-28T13:54:36.979+0000][1099914][info ][safepoint   ] Safepoint "G1CollectForAllocation", Time since last: 2019718334 ns, Reaching safepoint: 12118 ns, Cleanup: 5097 ns, At safepoint: 1805263 ns, Total: 1822478 ns
[2025-08-28T13:54:38.993+0000][1099914][info ][gc,start    ] GC(218) Pause Young (Normal) (G1 Evacuation Pause)
[2025-08-28T13:54:38.993+0000][1099914][info ][gc,task     ] GC(218) Using 12 workers of 33 for evacuation
[2025-08-28T13:54:38.993+0000][1099914][debug][gc,age      ] GC(218) Desired survivor size 20971520 bytes, new threshold 15 (max threshold 15)
[2025-08-28T13:54:38.995+0000][1099914][info ][gc,phases   ] GC(218)   Pre Evacuate Collection Set: 0.2ms
[2025-08-28T13:54:38.995+0000][1099914][info ][gc,phases   ] GC(218)   Merge Heap Roots: 0.1ms
[2025-08-28T13:54:38.995+0000][1099914][info ][gc,phases   ] GC(218)   Evacuate Collection Set: 1.1ms
[2025-08-28T13:54:38.995+0000][1099914][info ][gc,phases   ] GC(218)   Post Evacuate Collection Set: 0.3ms
[2025-08-28T13:54:38.995+0000][1099914][info ][gc,phases   ] GC(218)   Other: 0.1ms
[2025-08-28T13:54:38.995+0000][1099914][trace][gc,age      ] GC(218) Age table with threshold 15 (max threshold 15)
[2025-08-28T13:54:38.995+0000][1099914][trace][gc,age      ] GC(218) - age   1:     539520 bytes,     539520 total
[2025-08-28T13:54:38.995+0000][1099914][trace][gc,age      ] GC(218) - age   3:        272 bytes,     539792 total
[2025-08-28T13:54:38.995+0000][1099914][trace][gc,age      ] GC(218) - age   7:       2600 bytes,     542392 total
[2025-08-28T13:54:38.995+0000][1099914][trace][gc,age      ] GC(218) - age   8:       1144 bytes,     543536 total
[2025-08-28T13:54:38.995+0000][1099914][trace][gc,age      ] GC(218) - age  12:        384 bytes,     543920 total
[2025-08-28T13:54:38.995+0000][1099914][info ][gc,heap     ] GC(218) Eden regions: 75->0(75)
[2025-08-28T13:54:38.995+0000][1099914][info ][gc,heap     ] GC(218) Survivor regions: 1->1(10)
[2025-08-28T13:54:38.995+0000][1099914][info ][gc,heap     ] GC(218) Old regions: 25->25
[2025-08-28T13:54:38.995+0000][1099914][info ][gc,heap     ] GC(218) Humongous regions: 0->0
[2025-08-28T13:54:38.995+0000][1099914][info ][gc,metaspace] GC(218) Metaspace: 136671K(140480K)->136671K(140480K) NonClass: 118142K(120128K)->118142K(120128K) Class: 18528K(20352K)->18528K(20352K)
[2025-08-28T13:54:38.995+0000][1099914][info ][gc          ] GC(218) Pause Young (Normal) (G1 Evacuation Pause) 396M->96M(512M) 1.847ms
[2025-08-28T13:54:38.995+0000][1099914][info ][gc,cpu      ] GC(218) User=0.01s Sys=0.00s Real=0.00s
[2025-08-28T13:54:38.995+0000][1099914][info ][safepoint   ] Safepoint "G1CollectForAllocation", Time since last: 2013648093 ns, Reaching safepoint: 46680 ns, Cleanup: 5198 ns, At safepoint: 1918743 ns, Total: 1970621 ns
[2025-08-28T13:54:41.018+0000][1099914][info ][gc,start    ] GC(219) Pause Young (Normal) (G1 Evacuation Pause)
[2025-08-28T13:54:41.018+0000][1099914][info ][gc,task     ] GC(219) Using 12 workers of 33 for evacuation
[2025-08-28T13:54:41.018+0000][1099914][debug][gc,age      ] GC(219) Desired survivor size 20971520 bytes, new threshold 15 (max threshold 15)
[2025-08-28T13:54:41.020+0000][1099914][info ][gc,phases   ] GC(219)   Pre Evacuate Collection Set: 0.2ms
[2025-08-28T13:54:41.020+0000][1099914][info ][gc,phases   ] GC(219)   Merge Heap Roots: 0.1ms
[2025-08-28T13:54:41.020+0000][1099914][info ][gc,phases   ] GC(219)   Evacuate Collection Set: 1.4ms
[2025-08-28T13:54:41.020+0000][1099914][info ][gc,phases   ] GC(219)   Post Evacuate Collection Set: 0.3ms
[2025-08-28T13:54:41.020+0000][1099914][info ][gc,phases   ] GC(219)   Other: 0.0ms
[2025-08-28T13:54:41.020+0000][1099914][trace][gc,age      ] GC(219) Age table with threshold 15 (max threshold 15)
[2025-08-28T13:54:41.020+0000][1099914][trace][gc,age      ] GC(219) - age   1:     539144 bytes,     539144 total
[2025-08-28T13:54:41.020+0000][1099914][trace][gc,age      ] GC(219) - age   2:        712 bytes,     539856 total
[2025-08-28T13:54:41.020+0000][1099914][trace][gc,age      ] GC(219) - age   4:        272 bytes,     540128 total
[2025-08-28T13:54:41.020+0000][1099914][trace][gc,age      ] GC(219) - age   8:       2376 bytes,     542504 total
[2025-08-28T13:54:41.020+0000][1099914][trace][gc,age      ] GC(219) - age   9:       1144 bytes,     543648 total
[2025-08-28T13:54:41.020+0000][1099914][trace][gc,age      ] GC(219) - age  13:        384 bytes,     544032 total
[2025-08-28T13:54:41.020+0000][1099914][info ][gc,heap     ] GC(219) Eden regions: 75->0(75)
[2025-08-28T13:54:41.020+0000][1099914][info ][gc,heap     ] GC(219) Survivor regions: 1->1(10)
[2025-08-28T13:54:41.020+0000][1099914][info ][gc,heap     ] GC(219) Old regions: 25->25
[2025-08-28T13:54:41.020+0000][1099914][info ][gc,heap     ] GC(219) Humongous regions: 0->0
[2025-08-28T13:54:41.020+0000][1099914][info ][gc,metaspace] GC(219) Metaspace: 136671K(140480K)->136671K(140480K) NonClass: 118142K(120128K)->118142K(120128K) Class: 18528K(20352K)->18528K(20352K)
[2025-08-28T13:54:41.020+0000][1099914][info ][gc          ] GC(219) Pause Young (Normal) (G1 Evacuation Pause) 396M->96M(512M) 2.080ms
[2025-08-28T13:54:41.020+0000][1099914][info ][gc,cpu      ] GC(219) User=0.01s Sys=0.00s Real=0.00s
[2025-08-28T13:54:41.020+0000][1099914][info ][safepoint   ] Safepoint "G1CollectForAllocation", Time since last: 2023096619 ns, Reaching safepoint: 13189 ns, Cleanup: 5238 ns, At safepoint: 2154427 ns, Total: 2172854 ns
[2025-08-28T13:54:43.040+0000][1099914][info ][gc,start    ] GC(220) Pause Young (Normal) (G1 Evacuation Pause)
[2025-08-28T13:54:43.040+0000][1099914][info ][gc,task     ] GC(220) Using 12 workers of 33 for evacuation
[2025-08-28T13:54:43.040+0000][1099914][debug][gc,age      ] GC(220) Desired survivor size 20971520 bytes, new threshold 15 (max threshold 15)
[2025-08-28T13:54:43.042+0000][1099914][info ][gc,phases   ] GC(220)   Pre Evacuate Collection Set: 0.2ms
[2025-08-28T13:54:43.042+0000][1099914][info ][gc,phases   ] GC(220)   Merge Heap Roots: 0.1ms
[2025-08-28T13:54:43.042+0000][1099914][info ][gc,phases   ] GC(220)   Evacuate Collection Set: 1.1ms
[2025-08-28T13:54:43.042+0000][1099914][info ][gc,phases   ] GC(220)   Post Evacuate Collection Set: 0.3ms
[2025-08-28T13:54:43.042+0000][1099914][info ][gc,phases   ] GC(220)   Other: 0.0ms
[2025-08-28T13:54:43.042+0000][1099914][trace][gc,age      ] GC(220) Age table with threshold 15 (max threshold 15)
[2025-08-28T13:54:43.042+0000][1099914][trace][gc,age      ] GC(220) - age   1:     554952 bytes,     554952 total
[2025-08-28T13:54:43.042+0000][1099914][trace][gc,age      ] GC(220) - age   2:        224 bytes,     555176 total
[2025-08-28T13:54:43.042+0000][1099914][trace][gc,age      ] GC(220) - age   3:        536 bytes,     555712 total
[2025-08-28T13:54:43.042+0000][1099914][trace][gc,age      ] GC(220) - age   5:        240 bytes,     555952 total
[2025-08-28T13:54:43.042+0000][1099914][trace][gc,age      ] GC(220) - age   9:       2376 bytes,     558328 total
[2025-08-28T13:54:43.042+0000][1099914][trace][gc,age      ] GC(220) - age  10:       1144 bytes,     559472 total
[2025-08-28T13:54:43.042+0000][1099914][trace][gc,age      ] GC(220) - age  14:        384 bytes,     559856 total
[2025-08-28T13:54:43.042+0000][1099914][info ][gc,heap     ] GC(220) Eden regions: 75->0(75)
[2025-08-28T13:54:43.042+0000][1099914][info ][gc,heap     ] GC(220) Survivor regions: 1->1(10)
[2025-08-28T13:54:43.042+0000][1099914][info ][gc,heap     ] GC(220) Old regions: 25->25
[2025-08-28T13:54:43.042+0000][1099914][info ][gc,heap     ] GC(220) Humongous regions: 0->0
[2025-08-28T13:54:43.042+0000][1099914][info ][gc,metaspace] GC(220) Metaspace: 136671K(140480K)->136671K(140480K) NonClass: 118142K(120128K)->118142K(120128K) Class: 18528K(20352K)->18528K(20352K)
[2025-08-28T13:54:43.042+0000][1099914][info ][gc          ] GC(220) Pause Young (Normal) (G1 Evacuation Pause) 396M->96M(512M) 1.829ms
[2025-08-28T13:54:43.042+0000][1099914][info ][gc,cpu      ] GC(220) User=0.01s Sys=0.00s Real=0.01s
[2025-08-28T13:54:43.042+0000][1099914][info ][safepoint   ] Safepoint "G1CollectForAllocation", Time since last: 2019788649 ns, Reaching safepoint: 12900 ns, Cleanup: 5658 ns, At safepoint: 1916019 ns, Total: 1934577 ns
[2025-08-28T13:54:45.055+0000][1099914][info ][gc,start    ] GC(221) Pause Young (Normal) (G1 Evacuation Pause)
[2025-08-28T13:54:45.056+0000][1099914][info ][gc,task     ] GC(221) Using 12 workers of 33 for evacuation
[2025-08-28T13:54:45.056+0000][1099914][debug][gc,age      ] GC(221) Desired survivor size 20971520 bytes, new threshold 15 (max threshold 15)
[2025-08-28T13:54:45.057+0000][1099914][info ][gc,phases   ] GC(221)   Pre Evacuate Collection Set: 0.1ms
[2025-08-28T13:54:45.057+0000][1099914][info ][gc,phases   ] GC(221)   Merge Heap Roots: 0.1ms
[2025-08-28T13:54:45.057+0000][1099914][info ][gc,phases   ] GC(221)   Evacuate Collection Set: 1.2ms
[2025-08-28T13:54:45.057+0000][1099914][info ][gc,phases   ] GC(221)   Post Evacuate Collection Set: 0.3ms
[2025-08-28T13:54:45.057+0000][1099914][info ][gc,phases   ] GC(221)   Other: 0.2ms
[2025-08-28T13:54:45.057+0000][1099914][trace][gc,age      ] GC(221) Age table with threshold 15 (max threshold 15)
[2025-08-28T13:54:45.057+0000][1099914][trace][gc,age      ] GC(221) - age   1:     539560 bytes,     539560 total
[2025-08-28T13:54:45.057+0000][1099914][trace][gc,age      ] GC(221) - age   2:        208 bytes,     539768 total
[2025-08-28T13:54:45.057+0000][1099914][trace][gc,age      ] GC(221) - age   3:        224 bytes,     539992 total
[2025-08-28T13:54:45.057+0000][1099914][trace][gc,age      ] GC(221) - age  10:       2376 bytes,     542368 total
[2025-08-28T13:54:45.057+0000][1099914][trace][gc,age      ] GC(221) - age  11:       1144 bytes,     543512 total
[2025-08-28T13:54:45.057+0000][1099914][trace][gc,age      ] GC(221) - age  15:        384 bytes,     543896 total
[2025-08-28T13:54:45.057+0000][1099914][info ][gc,heap     ] GC(221) Eden regions: 75->0(75)
[2025-08-28T13:54:45.058+0000][1099914][info ][gc,heap     ] GC(221) Survivor regions: 1->1(10)
[2025-08-28T13:54:45.058+0000][1099914][info ][gc,heap     ] GC(221) Old regions: 25->25
[2025-08-28T13:54:45.058+0000][1099914][info ][gc,heap     ] GC(221) Humongous regions: 0->0
[2025-08-28T13:54:45.058+0000][1099914][info ][gc,metaspace] GC(221) Metaspace: 136671K(140480K)->136671K(140480K) NonClass: 118142K(120128K)->118142K(120128K) Class: 18528K(20352K)->18528K(20352K)
[2025-08-28T13:54:45.058+0000][1099914][info ][gc          ] GC(221) Pause Young (Normal) (G1 Evacuation Pause) 396M->96M(512M) 2.030ms
[2025-08-28T13:54:45.058+0000][1099914][info ][gc,cpu      ] GC(221) User=0.00s Sys=0.01s Real=0.00s
[2025-08-28T13:54:45.058+0000][1099914][info ][safepoint   ] Safepoint "G1CollectForAllocation", Time since last: 2013562885 ns, Reaching safepoint: 48463 ns, Cleanup: 5508 ns, At safepoint: 2099334 ns, Total: 2153305 ns
[2025-08-28T13:54:46.058+0000][1099914][info ][safepoint   ] Safepoint "Cleanup", Time since last: 1000088988 ns, Reaching safepoint: 12639 ns, Cleanup: 17066 ns, At safepoint: 3174 ns, Total: 32879 ns
[2025-08-28T13:54:47.073+0000][1099914][info ][gc,start    ] GC(222) Pause Young (Normal) (G1 Evacuation Pause)
[2025-08-28T13:54:47.073+0000][1099914][info ][gc,task     ] GC(222) Using 12 workers of 33 for evacuation
[2025-08-28T13:54:47.073+0000][1099914][debug][gc,age      ] GC(222) Desired survivor size 20971520 bytes, new threshold 15 (max threshold 15)
[2025-08-28T13:54:47.075+0000][1099914][info ][gc,phases   ] GC(222)   Pre Evacuate Collection Set: 0.2ms
[2025-08-28T13:54:47.075+0000][1099914][info ][gc,phases   ] GC(222)   Merge Heap Roots: 0.1ms
[2025-08-28T13:54:47.075+0000][1099914][info ][gc,phases   ] GC(222)   Evacuate Collection Set: 1.3ms
[2025-08-28T13:54:47.075+0000][1099914][info ][gc,phases   ] GC(222)   Post Evacuate Collection Set: 0.3ms
[2025-08-28T13:54:47.075+0000][1099914][info ][gc,phases   ] GC(222)   Other: 0.0ms
[2025-08-28T13:54:47.075+0000][1099914][trace][gc,age      ] GC(222) Age table with threshold 15 (max threshold 15)
[2025-08-28T13:54:47.075+0000][1099914][trace][gc,age      ] GC(222) - age   1:     539824 bytes,     539824 total
[2025-08-28T13:54:47.075+0000][1099914][trace][gc,age      ] GC(222) - age   2:        776 bytes,     540600 total
[2025-08-28T13:54:47.075+0000][1099914][trace][gc,age      ] GC(222) - age   3:        208 bytes,     540808 total
[2025-08-28T13:54:47.075+0000][1099914][trace][gc,age      ] GC(222) - age   4:        224 bytes,     541032 total
[2025-08-28T13:54:47.075+0000][1099914][trace][gc,age      ] GC(222) - age  11:       1896 bytes,     542928 total
[2025-08-28T13:54:47.075+0000][1099914][trace][gc,age      ] GC(222) - age  12:       1144 bytes,     544072 total
[2025-08-28T13:54:47.075+0000][1099914][info ][gc,heap     ] GC(222) Eden regions: 75->0(75)
[2025-08-28T13:54:47.075+0000][1099914][info ][gc,heap     ] GC(222) Survivor regions: 1->1(10)
[2025-08-28T13:54:47.075+0000][1099914][info ][gc,heap     ] GC(222) Old regions: 25->25
[2025-08-28T13:54:47.075+0000][1099914][info ][gc,heap     ] GC(222) Humongous regions: 0->0
[2025-08-28T13:54:47.075+0000][1099914][info ][gc,metaspace] GC(222) Metaspace: 136671K(140480K)->136671K(140480K) NonClass: 118142K(120128K)->118142K(120128K) Class: 18528K(20352K)->18528K(20352K)
[2025-08-28T13:54:47.075+0000][1099914][info ][gc          ] GC(222) Pause Young (Normal) (G1 Evacuation Pause) 396M->96M(512M) 2.052ms
[2025-08-28T13:54:47.075+0000][1099914][info ][gc,cpu      ] GC(222) User=0.01s Sys=0.00s Real=0.00s
[2025-08-28T13:54:47.075+0000][1099914][info ][safepoint   ] Safepoint "G1CollectForAllocation", Time since last: 1015022985 ns, Reaching safepoint: 12860 ns, Cleanup: 5488 ns, At safepoint: 2125744 ns, Total: 2144092 ns
[2025-08-28T13:54:49.085+0000][1099914][info ][gc,start    ] GC(223) Pause Young (Normal) (G1 Evacuation Pause)
[2025-08-28T13:54:49.085+0000][1099914][info ][gc,task     ] GC(223) Using 12 workers of 33 for evacuation
[2025-08-28T13:54:49.085+0000][1099914][debug][gc,age      ] GC(223) Desired survivor size 20971520 bytes, new threshold 15 (max threshold 15)
[2025-08-28T13:54:49.087+0000][1099914][info ][gc,phases   ] GC(223)   Pre Evacuate Collection Set: 0.1ms
[2025-08-28T13:54:49.087+0000][1099914][info ][gc,phases   ] GC(223)   Merge Heap Roots: 0.1ms
[2025-08-28T13:54:49.087+0000][1099914][info ][gc,phases   ] GC(223)   Evacuate Collection Set: 1.2ms
[2025-08-28T13:54:49.087+0000][1099914][info ][gc,phases   ] GC(223)   Post Evacuate Collection Set: 0.3ms
[2025-08-28T13:54:49.087+0000][1099914][info ][gc,phases   ] GC(223)   Other: 0.0ms
[2025-08-28T13:54:49.087+0000][1099914][trace][gc,age      ] GC(223) Age table with threshold 15 (max threshold 15)
[2025-08-28T13:54:49.087+0000][1099914][trace][gc,age      ] GC(223) - age   1:     539552 bytes,     539552 total
[2025-08-28T13:54:49.087+0000][1099914][trace][gc,age      ] GC(223) - age   2:        904 bytes,     540456 total
[2025-08-28T13:54:49.087+0000][1099914][trace][gc,age      ] GC(223) - age   3:        240 bytes,     540696 total
[2025-08-28T13:54:49.087+0000][1099914][trace][gc,age      ] GC(223) - age   4:         32 bytes,     540728 total
[2025-08-28T13:54:49.087+0000][1099914][trace][gc,age      ] GC(223) - age   5:        224 bytes,     540952 total
[2025-08-28T13:54:49.087+0000][1099914][trace][gc,age      ] GC(223) - age  12:       1712 bytes,     542664 total
[2025-08-28T13:54:49.087+0000][1099914][trace][gc,age      ] GC(223) - age  13:       1144 bytes,     543808 total
[2025-08-28T13:54:49.087+0000][1099914][info ][gc,heap     ] GC(223) Eden regions: 75->0(75)
[2025-08-28T13:54:49.087+0000][1099914][info ][gc,heap     ] GC(223) Survivor regions: 1->1(10)
[2025-08-28T13:54:49.087+0000][1099914][info ][gc,heap     ] GC(223) Old regions: 25->25
[2025-08-28T13:54:49.087+0000][1099914][info ][gc,heap     ] GC(223) Humongous regions: 0->0
[2025-08-28T13:54:49.087+0000][1099914][info ][gc,metaspace] GC(223) Metaspace: 136671K(140480K)->136671K(140480K) NonClass: 118142K(120128K)->118142K(120128K) Class: 18528K(20352K)->18528K(20352K)
[2025-08-28T13:54:49.087+0000][1099914][info ][gc          ] GC(223) Pause Young (Normal) (G1 Evacuation Pause) 396M->96M(512M) 1.815ms
[2025-08-28T13:54:49.087+0000][1099914][info ][gc,cpu      ] GC(223) User=0.01s Sys=0.00s Real=0.00s
[2025-08-28T13:54:49.087+0000][1099914][info ][safepoint   ] Safepoint "G1CollectForAllocation", Time since last: 2010045891 ns, Reaching safepoint: 12589 ns, Cleanup: 5378 ns, At safepoint: 1898112 ns, Total: 1916079 ns
[2025-08-28T13:54:51.110+0000][1099914][info ][gc,start    ] GC(224) Pause Young (Normal) (G1 Evacuation Pause)
[2025-08-28T13:54:51.110+0000][1099914][info ][gc,task     ] GC(224) Using 12 workers of 33 for evacuation
[2025-08-28T13:54:51.110+0000][1099914][debug][gc,age      ] GC(224) Desired survivor size 20971520 bytes, new threshold 15 (max threshold 15)
[2025-08-28T13:54:51.112+0000][1099914][info ][gc,phases   ] GC(224)   Pre Evacuate Collection Set: 0.2ms
[2025-08-28T13:54:51.112+0000][1099914][info ][gc,phases   ] GC(224)   Merge Heap Roots: 0.1ms
[2025-08-28T13:54:51.112+0000][1099914][info ][gc,phases   ] GC(224)   Evacuate Collection Set: 1.3ms
[2025-08-28T13:54:51.112+0000][1099914][info ][gc,phases   ] GC(224)   Post Evacuate Collection Set: 0.3ms
[2025-08-28T13:54:51.112+0000][1099914][info ][gc,phases   ] GC(224)   Other: 0.1ms
[2025-08-28T13:54:51.112+0000][1099914][trace][gc,age      ] GC(224) Age table with threshold 15 (max threshold 15)
[2025-08-28T13:54:51.112+0000][1099914][trace][gc,age      ] GC(224) - age   1:     538920 bytes,     538920 total
[2025-08-28T13:54:51.112+0000][1099914][trace][gc,age      ] GC(224) - age   2:        744 bytes,     539664 total
[2025-08-28T13:54:51.112+0000][1099914][trace][gc,age      ] GC(224) - age   3:        904 bytes,     540568 total
[2025-08-28T13:54:51.112+0000][1099914][trace][gc,age      ] GC(224) - age   4:        240 bytes,     540808 total
[2025-08-28T13:54:51.112+0000][1099914][trace][gc,age      ] GC(224) - age   5:         32 bytes,     540840 total
[2025-08-28T13:54:51.112+0000][1099914][trace][gc,age      ] GC(224) - age   6:        224 bytes,     541064 total
[2025-08-28T13:54:51.112+0000][1099914][trace][gc,age      ] GC(224) - age  13:       1712 bytes,     542776 total
[2025-08-28T13:54:51.112+0000][1099914][trace][gc,age      ] GC(224) - age  14:       1144 bytes,     543920 total
[2025-08-28T13:54:51.112+0000][1099914][info ][gc,heap     ] GC(224) Eden regions: 75->0(75)
[2025-08-28T13:54:51.112+0000][1099914][info ][gc,heap     ] GC(224) Survivor regions: 1->1(10)
[2025-08-28T13:54:51.112+0000][1099914][info ][gc,heap     ] GC(224) Old regions: 25->25
[2025-08-28T13:54:51.112+0000][1099914][info ][gc,heap     ] GC(224) Humongous regions: 0->0
[2025-08-28T13:54:51.112+0000][1099914][info ][gc,metaspace] GC(224) Metaspace: 136671K(140480K)->136671K(140480K) NonClass: 118142K(120128K)->118142K(120128K) Class: 18528K(20352K)->18528K(20352K)
[2025-08-28T13:54:51.112+0000][1099914][info ][gc          ] GC(224) Pause Young (Normal) (G1 Evacuation Pause) 396M->96M(512M) 1.963ms
[2025-08-28T13:54:51.112+0000][1099914][info ][gc,cpu      ] GC(224) User=0.00s Sys=0.01s Real=0.01s
[2025-08-28T13:54:51.112+0000][1099914][info ][safepoint   ] Safepoint "G1CollectForAllocation", Time since last: 2023375638 ns, Reaching safepoint: 46620 ns, Cleanup: 5428 ns, At safepoint: 2036650 ns, Total: 2088698 ns
[2025-08-28T13:54:53.135+0000][1099914][info ][gc,start    ] GC(225) Pause Young (Normal) (G1 Evacuation Pause)
[2025-08-28T13:54:53.135+0000][1099914][info ][gc,task     ] GC(225) Using 12 workers of 33 for evacuation
[2025-08-28T13:54:53.135+0000][1099914][debug][gc,age      ] GC(225) Desired survivor size 20971520 bytes, new threshold 15 (max threshold 15)
[2025-08-28T13:54:53.137+0000][1099914][info ][gc,phases   ] GC(225)   Pre Evacuate Collection Set: 0.2ms
[2025-08-28T13:54:53.137+0000][1099914][info ][gc,phases   ] GC(225)   Merge Heap Roots: 0.1ms
[2025-08-28T13:54:53.137+0000][1099914][info ][gc,phases   ] GC(225)   Evacuate Collection Set: 1.3ms
[2025-08-28T13:54:53.137+0000][1099914][info ][gc,phases   ] GC(225)   Post Evacuate Collection Set: 0.3ms
[2025-08-28T13:54:53.137+0000][1099914][info ][gc,phases   ] GC(225)   Other: 0.0ms
[2025-08-28T13:54:53.137+0000][1099914][trace][gc,age      ] GC(225) Age table with threshold 15 (max threshold 15)
[2025-08-28T13:54:53.137+0000][1099914][trace][gc,age      ] GC(225) - age   1:     539360 bytes,     539360 total
[2025-08-28T13:54:53.137+0000][1099914][trace][gc,age      ] GC(225) - age   3:        568 bytes,     539928 total
[2025-08-28T13:54:53.137+0000][1099914][trace][gc,age      ] GC(225) - age   4:        904 bytes,     540832 total
[2025-08-28T13:54:53.137+0000][1099914][trace][gc,age      ] GC(225) - age   5:        240 bytes,     541072 total
[2025-08-28T13:54:53.137+0000][1099914][trace][gc,age      ] GC(225) - age   6:         32 bytes,     541104 total
[2025-08-28T13:54:53.137+0000][1099914][trace][gc,age      ] GC(225) - age  14:       1712 bytes,     542816 total
[2025-08-28T13:54:53.137+0000][1099914][trace][gc,age      ] GC(225) - age  15:        968 bytes,     543784 total
[2025-08-28T13:54:53.137+0000][1099914][info ][gc,heap     ] GC(225) Eden regions: 75->0(75)
[2025-08-28T13:54:53.137+0000][1099914][info ][gc,heap     ] GC(225) Survivor regions: 1->1(10)
[2025-08-28T13:54:53.137+0000][1099914][info ][gc,heap     ] GC(225) Old regions: 25->25
[2025-08-28T13:54:53.137+0000][1099914][info ][gc,heap     ] GC(225) Humongous regions: 0->0
[2025-08-28T13:54:53.137+0000][1099914][info ][gc,metaspace] GC(225) Metaspace: 136671K(140480K)->136671K(140480K) NonClass: 118142K(120128K)->118142K(120128K) Class: 18528K(20352K)->18528K(20352K)
[2025-08-28T13:54:53.137+0000][1099914][info ][gc          ] GC(225) Pause Young (Normal) (G1 Evacuation Pause) 396M->96M(512M) 1.933ms
[2025-08-28T13:54:53.137+0000][1099914][info ][gc,cpu      ] GC(225) User=0.01s Sys=0.00s Real=0.00s
[2025-08-28T13:54:53.137+0000][1099914][info ][safepoint   ] Safepoint "G1CollectForAllocation", Time since last: 2022636208 ns, Reaching safepoint: 12308 ns, Cleanup: 4977 ns, At safepoint: 2006635 ns, Total: 2023920 ns
[2025-08-28T13:54:55.137+0000][1099914][info ][safepoint   ] Safepoint "Cleanup", Time since last: 2000075781 ns, Reaching safepoint: 12379 ns, Cleanup: 30956 ns, At safepoint: 2965 ns, Total: 46300 ns
[2025-08-28T13:54:57.137+0000][1099914][info ][safepoint   ] Safepoint "Cleanup", Time since last: 2000193011 ns, Reaching safepoint: 12219 ns, Cleanup: 14261 ns, At safepoint: 3015 ns, Total: 29495 ns
[2025-08-28T13:54:59.146+0000][1099914][info ][safepoint   ] Safepoint "Cleanup", Time since last: 1995204096 ns, Reaching safepoint: 13642987 ns, Cleanup: 35924 ns, At safepoint: 6540 ns, Total: 13685451 ns
[2025-08-28T13:55:00.146+0000][1099914][info ][safepoint   ] Safepoint "Cleanup", Time since last: 1000128248 ns, Reaching safepoint: 12429 ns, Cleanup: 79489 ns, At safepoint: 2735 ns, Total: 94653 ns
[2025-08-28T13:55:05.147+0000][1099914][info ][safepoint   ] Safepoint "Cleanup", Time since last: 5000411446 ns, Reaching safepoint: 45429 ns, Cleanup: 14001 ns, At safepoint: 2884 ns, Total: 62314 ns
[2025-08-28T13:55:16.148+0000][1099914][info ][safepoint   ] Safepoint "Cleanup", Time since last: 11000877932 ns, Reaching safepoint: 47431 ns, Cleanup: 13931 ns, At safepoint: 3265 ns, Total: 64627 ns
[2025-08-28T13:55:18.006+0000][1099914][info ][safepoint   ] Safepoint "Cleanup", Time since last: 1858613661 ns, Reaching safepoint: 12108 ns, Cleanup: 14031 ns, At safepoint: 2614 ns, Total: 28753 ns
[2025-08-28T13:55:27.007+0000][1099914][info ][safepoint   ] Safepoint "Cleanup", Time since last: 9000732312 ns, Reaching safepoint: 12458 ns, Cleanup: 28744 ns, At safepoint: 2834 ns, Total: 44036 ns
[2025-08-28T13:55:57.010+0000][1099914][info ][safepoint   ] Safepoint "Cleanup", Time since last: 30002292286 ns, Reaching safepoint: 76605 ns, Cleanup: 14732 ns, At safepoint: 204527 ns, Total: 295864 ns
[2025-08-28T13:56:27.023+0000][1099914][info ][safepoint   ] Safepoint "Cleanup", Time since last: 30013477752 ns, Reaching safepoint: 47601 ns, Cleanup: 15664 ns, At safepoint: 5588 ns, Total: 68853 ns
[2025-08-28T13:56:44.025+0000][1099914][info ][safepoint   ] Safepoint "Cleanup", Time since last: 17001333564 ns, Reaching safepoint: 69895 ns, Cleanup: 13720 ns, At safepoint: 5809 ns, Total: 89424 ns
[2025-08-28T13:56:52.025+0000][1099914][info ][safepoint   ] Safepoint "Cleanup", Time since last: 8000623527 ns, Reaching safepoint: 32148 ns, Cleanup: 16665 ns, At safepoint: 5278 ns, Total: 54091 ns
[2025-08-28T13:56:57.026+0000][1099914][info ][safepoint   ] Safepoint "Cleanup", Time since last: 5000396676 ns, Reaching safepoint: 12488 ns, Cleanup: 13761 ns, At safepoint: 2945 ns, Total: 29194 ns
[2025-08-28T13:57:17.027+0000][1099914][info ][safepoint   ] Safepoint "Cleanup", Time since last: 20001496862 ns, Reaching safepoint: 46470 ns, Cleanup: 14331 ns, At safepoint: 3005 ns, Total: 63806 ns
[2025-08-28T13:57:27.028+0000][1099914][info ][safepoint   ] Safepoint "Cleanup", Time since last: 10000772998 ns, Reaching safepoint: 12689 ns, Cleanup: 16655 ns, At safepoint: 2805 ns, Total: 32149 ns
[2025-08-28T13:57:57.031+0000][1099914][info ][safepoint   ] Safepoint "Cleanup", Time since last: 30002309440 ns, Reaching safepoint: 77807 ns, Cleanup: 13330 ns, At safepoint: 7031 ns, Total: 98168 ns
[2025-08-28T13:58:13.307+0000][1099914][info ][gc,start    ] GC(226) Pause Young (Normal) (G1 Evacuation Pause)
[2025-08-28T13:58:13.307+0000][1099914][info ][gc,task     ] GC(226) Using 12 workers of 33 for evacuation
[2025-08-28T13:58:13.307+0000][1099914][debug][gc,age      ] GC(226) Desired survivor size 20971520 bytes, new threshold 15 (max threshold 15)
[2025-08-28T13:58:13.309+0000][1099914][info ][gc,phases   ] GC(226)   Pre Evacuate Collection Set: 0.2ms
[2025-08-28T13:58:13.309+0000][1099914][info ][gc,phases   ] GC(226)   Merge Heap Roots: 0.1ms
[2025-08-28T13:58:13.309+0000][1099914][info ][gc,phases   ] GC(226)   Evacuate Collection Set: 1.6ms
[2025-08-28T13:58:13.309+0000][1099914][info ][gc,phases   ] GC(226)   Post Evacuate Collection Set: 0.4ms
[2025-08-28T13:58:13.309+0000][1099914][info ][gc,phases   ] GC(226)   Other: 0.1ms
[2025-08-28T13:58:13.309+0000][1099914][trace][gc,age      ] GC(226) Age table with threshold 15 (max threshold 15)
[2025-08-28T13:58:13.309+0000][1099914][trace][gc,age      ] GC(226) - age   1:    4565408 bytes,    4565408 total
[2025-08-28T13:58:13.309+0000][1099914][trace][gc,age      ] GC(226) - age   2:        224 bytes,    4565632 total
[2025-08-28T13:58:13.309+0000][1099914][trace][gc,age      ] GC(226) - age  15:        176 bytes,    4565808 total
[2025-08-28T13:58:13.309+0000][1099914][info ][gc,heap     ] GC(226) Eden regions: 75->0(74)
[2025-08-28T13:58:13.309+0000][1099914][info ][gc,heap     ] GC(226) Survivor regions: 1->2(10)
[2025-08-28T13:58:13.309+0000][1099914][info ][gc,heap     ] GC(226) Old regions: 25->25
[2025-08-28T13:58:13.309+0000][1099914][info ][gc,heap     ] GC(226) Humongous regions: 0->0
[2025-08-28T13:58:13.309+0000][1099914][info ][gc,metaspace] GC(226) Metaspace: 137004K(140864K)->137004K(140864K) NonClass: 118421K(120448K)->118421K(120448K) Class: 18583K(20416K)->18583K(20416K)
[2025-08-28T13:58:13.309+0000][1099914][info ][gc          ] GC(226) Pause Young (Normal) (G1 Evacuation Pause) 396M->100M(512M) 2.512ms
[2025-08-28T13:58:13.309+0000][1099914][info ][gc,cpu      ] GC(226) User=0.01s Sys=0.00s Real=0.00s
[2025-08-28T13:58:13.309+0000][1099914][info ][safepoint   ] Safepoint "G1CollectForAllocation", Time since last: 16276013905 ns, Reaching safepoint: 32409 ns, Cleanup: 5278 ns, At safepoint: 2587277 ns, Total: 2624964 ns
[2025-08-28T13:58:16.310+0000][1099914][info ][safepoint   ] Safepoint "Cleanup", Time since last: 3000227462 ns, Reaching safepoint: 45729 ns, Cleanup: 21812 ns, At safepoint: 3836 ns, Total: 71377 ns
[2025-08-28T13:58:34.311+0000][1099914][info ][safepoint   ] Safepoint "Cleanup", Time since last: 18001276909 ns, Reaching safepoint: 71648 ns, Cleanup: 14271 ns, At safepoint: 3386 ns, Total: 89305 ns
[2025-08-28T13:58:46.312+0000][1099914][info ][safepoint   ] Safepoint "Cleanup", Time since last: 12000925741 ns, Reaching safepoint: 72429 ns, Cleanup: 15363 ns, At safepoint: 3134 ns, Total: 90926 ns
[2025-08-28T13:58:48.312+0000][1099914][info ][safepoint   ] Safepoint "Cleanup", Time since last: 2000205239 ns, Reaching safepoint: 12979 ns, Cleanup: 13611 ns, At safepoint: 3385 ns, Total: 29975 ns
[2025-08-28T13:58:49.312+0000][1099914][info ][safepoint   ] Safepoint "Cleanup", Time since last: 1000122164 ns, Reaching safepoint: 13009 ns, Cleanup: 14852 ns, At safepoint: 3025 ns, Total: 30886 ns
[2025-08-28T13:58:54.313+0000][1099914][info ][safepoint   ] Safepoint "Cleanup", Time since last: 5000395304 ns, Reaching safepoint: 48973 ns, Cleanup: 14252 ns, At safepoint: 3014 ns, Total: 66239 ns
[2025-08-28T13:58:56.313+0000][1099914][info ][safepoint   ] Safepoint "Cleanup", Time since last: 2000184127 ns, Reaching safepoint: 41883 ns, Cleanup: 10726 ns, At safepoint: 2554 ns, Total: 55163 ns
[2025-08-28T13:59:16.315+0000][1099914][info ][safepoint   ] Safepoint "Cleanup", Time since last: 20001454531 ns, Reaching safepoint: 79449 ns, Cleanup: 14472 ns, At safepoint: 7161 ns, Total: 101082 ns
[2025-08-28T13:59:26.315+0000][1099914][info ][safepoint   ] Safepoint "Cleanup", Time since last: 10000800171 ns, Reaching safepoint: 47492 ns, Cleanup: 11086 ns, At safepoint: 5559 ns, Total: 64137 ns
[2025-08-28T13:59:34.316+0000][1099914][info ][safepoint   ] Safepoint "Cleanup", Time since last: 8000639378 ns, Reaching safepoint: 47742 ns, Cleanup: 14502 ns, At safepoint: 5448 ns, Total: 67692 ns
[2025-08-28T14:00:03.318+0000][1099914][info ][safepoint   ] Safepoint "Cleanup", Time since last: 29002220389 ns, Reaching safepoint: 47641 ns, Cleanup: 16896 ns, At safepoint: 2924 ns, Total: 67461 ns
[2025-08-28T14:00:04.319+0000][1099914][info ][safepoint   ] Safepoint "Cleanup", Time since last: 1000125224 ns, Reaching safepoint: 13130 ns, Cleanup: 14462 ns, At safepoint: 3134 ns, Total: 30726 ns
[2025-08-28T14:00:16.320+0000][1099914][info ][safepoint   ] Safepoint "Cleanup", Time since last: 12000930099 ns, Reaching safepoint: 54542 ns, Cleanup: 13571 ns, At safepoint: 3185 ns, Total: 71298 ns
[2025-08-28T14:01:07.324+0000][1099914][info ][safepoint   ] Safepoint "Cleanup", Time since last: 51003901413 ns, Reaching safepoint: 78308 ns, Cleanup: 14582 ns, At safepoint: 3225 ns, Total: 96115 ns
[2025-08-28T14:01:22.325+0000][1099914][info ][safepoint   ] Safepoint "Cleanup", Time since last: 15001564622 ns, Reaching safepoint: 70916 ns, Cleanup: 14662 ns, At safepoint: 3406 ns, Total: 88984 ns
[2025-08-28T14:01:25.326+0000][1099914][info ][safepoint   ] Safepoint "Cleanup", Time since last: 3000268622 ns, Reaching safepoint: 12599 ns, Cleanup: 19699 ns, At safepoint: 3516 ns, Total: 35814 ns
[2025-08-28T14:01:39.327+0000][1099914][info ][safepoint   ] Safepoint "Cleanup", Time since last: 14001092151 ns, Reaching safepoint: 47361 ns, Cleanup: 14242 ns, At safepoint: 5378 ns, Total: 66981 ns
[2025-08-28T14:01:50.328+0000][1099914][info ][safepoint   ] Safepoint "Cleanup", Time since last: 11000905322 ns, Reaching safepoint: 48313 ns, Cleanup: 14572 ns, At safepoint: 3024 ns, Total: 65909 ns
[2025-08-28T14:02:11.329+0000][1099914][info ][safepoint   ] Safepoint "Cleanup", Time since last: 21001647757 ns, Reaching safepoint: 47752 ns, Cleanup: 14642 ns, At safepoint: 3204 ns, Total: 65598 ns
[2025-08-28T14:02:13.330+0000][1099914][info ][safepoint   ] Safepoint "Cleanup", Time since last: 2000201139 ns, Reaching safepoint: 13019 ns, Cleanup: 14882 ns, At safepoint: 2895 ns, Total: 30796 ns
[2025-08-28T14:02:26.331+0000][1099914][info ][safepoint   ] Safepoint "Cleanup", Time since last: 13001058736 ns, Reaching safepoint: 44306 ns, Cleanup: 12469 ns, At safepoint: 2684 ns, Total: 59459 ns
[2025-08-28T14:02:29.331+0000][1099914][info ][safepoint   ] Safepoint "Cleanup", Time since last: 3000274635 ns, Reaching safepoint: 12679 ns, Cleanup: 14352 ns, At safepoint: 2954 ns, Total: 29985 ns
[2025-08-28T14:02:44.332+0000][1099914][info ][safepoint   ] Safepoint "Cleanup", Time since last: 15001179856 ns, Reaching safepoint: 48083 ns, Cleanup: 14441 ns, At safepoint: 3015 ns, Total: 65539 ns
[2025-08-28T14:02:46.333+0000][1099914][info ][safepoint   ] Safepoint "Cleanup", Time since last: 2000207166 ns, Reaching safepoint: 75985 ns, Cleanup: 15162 ns, At safepoint: 2985 ns, Total: 94132 ns
[2025-08-28T14:03:46.337+0000][1099914][info ][safepoint   ] Safepoint "Cleanup", Time since last: 60004601563 ns, Reaching safepoint: 48333 ns, Cleanup: 16454 ns, At safepoint: 3365 ns, Total: 68152 ns
[2025-08-28T14:04:16.340+0000][1099914][info ][safepoint   ] Safepoint "Cleanup", Time since last: 30002221557 ns, Reaching safepoint: 54002 ns, Cleanup: 16865 ns, At safepoint: 3255 ns, Total: 74122 ns
[2025-08-28T14:04:26.340+0000][1099914][info ][safepoint   ] Safepoint "Cleanup", Time since last: 10000686321 ns, Reaching safepoint: 12068 ns, Cleanup: 10776 ns, At safepoint: 2984 ns, Total: 25828 ns
[2025-08-28T14:04:46.342+0000][1099914][info ][safepoint   ] Safepoint "Cleanup", Time since last: 20001393098 ns, Reaching safepoint: 47722 ns, Cleanup: 14361 ns, At safepoint: 3165 ns, Total: 65248 ns
[2025-08-28T14:06:43.593+0000][1099914][info ][gc,start    ] GC(227) Pause Young (Normal) (G1 Evacuation Pause)
[2025-08-28T14:06:43.593+0000][1099914][info ][gc,task     ] GC(227) Using 12 workers of 33 for evacuation
[2025-08-28T14:06:43.593+0000][1099914][debug][gc,age      ] GC(227) Desired survivor size 20971520 bytes, new threshold 15 (max threshold 15)
[2025-08-28T14:06:43.595+0000][1099914][info ][gc,phases   ] GC(227)   Pre Evacuate Collection Set: 0.2ms
[2025-08-28T14:06:43.595+0000][1099914][info ][gc,phases   ] GC(227)   Merge Heap Roots: 0.1ms
[2025-08-28T14:06:43.595+0000][1099914][info ][gc,phases   ] GC(227)   Evacuate Collection Set: 1.6ms
[2025-08-28T14:06:43.595+0000][1099914][info ][gc,phases   ] GC(227)   Post Evacuate Collection Set: 0.4ms
[2025-08-28T14:06:43.595+0000][1099914][info ][gc,phases   ] GC(227)   Other: 0.1ms
[2025-08-28T14:06:43.595+0000][1099914][trace][gc,age      ] GC(227) Age table with threshold 15 (max threshold 15)
[2025-08-28T14:06:43.595+0000][1099914][trace][gc,age      ] GC(227) - age   1:     166152 bytes,     166152 total
[2025-08-28T14:06:43.595+0000][1099914][trace][gc,age      ] GC(227) - age   2:    4404920 bytes,    4571072 total
[2025-08-28T14:06:43.595+0000][1099914][trace][gc,age      ] GC(227) - age   3:        224 bytes,    4571296 total
[2025-08-28T14:06:43.595+0000][1099914][info ][gc,heap     ] GC(227) Eden regions: 74->0(74)
[2025-08-28T14:06:43.595+0000][1099914][info ][gc,heap     ] GC(227) Survivor regions: 2->2(10)
[2025-08-28T14:06:43.595+0000][1099914][info ][gc,heap     ] GC(227) Old regions: 25->25
[2025-08-28T14:06:43.595+0000][1099914][info ][gc,heap     ] GC(227) Humongous regions: 0->0
[2025-08-28T14:06:43.595+0000][1099914][info ][gc,metaspace] GC(227) Metaspace: 137064K(140864K)->137064K(140864K) NonClass: 118481K(120448K)->118481K(120448K) Class: 18583K(20416K)->18583K(20416K)
[2025-08-28T14:06:43.595+0000][1099914][info ][gc          ] GC(227) Pause Young (Normal) (G1 Evacuation Pause) 396M->100M(512M) 2.619ms
[2025-08-28T14:06:43.595+0000][1099914][info ][gc,cpu      ] GC(227) User=0.02s Sys=0.00s Real=0.00s
[2025-08-28T14:06:43.595+0000][1099914][info ][safepoint   ] Safepoint "G1CollectForAllocation", Time since last: 117250661476 ns, Reaching safepoint: 33891 ns, Cleanup: 5358 ns, At safepoint: 2690723 ns, Total: 2729972 ns
[2025-08-28T14:06:46.595+0000][1099914][info ][safepoint   ] Safepoint "Cleanup", Time since last: 3000230590 ns, Reaching safepoint: 70807 ns, Cleanup: 18097 ns, At safepoint: 3135 ns, Total: 92039 ns
[2025-08-28T14:06:56.596+0000][1099914][info ][safepoint   ] Safepoint "Cleanup", Time since last: 10000698305 ns, Reaching safepoint: 45468 ns, Cleanup: 14061 ns, At safepoint: 2874 ns, Total: 62403 ns
[2025-08-28T14:09:52.610+0000][1099914][info ][safepoint   ] Safepoint "Cleanup", Time since last: 176013899870 ns, Reaching safepoint: 73711 ns, Cleanup: 13861 ns, At safepoint: 3014 ns, Total: 90586 ns
[2025-08-28T14:09:58.611+0000][1099914][info ][safepoint   ] Safepoint "Cleanup", Time since last: 6000921299 ns, Reaching safepoint: 47681 ns, Cleanup: 14422 ns, At safepoint: 2894 ns, Total: 64997 ns
[2025-08-28T14:10:22.613+0000][1099914][info ][safepoint   ] Safepoint "Cleanup", Time since last: 24001914398 ns, Reaching safepoint: 48763 ns, Cleanup: 14161 ns, At safepoint: 3085 ns, Total: 66009 ns
[2025-08-28T14:10:24.613+0000][1099914][info ][safepoint   ] Safepoint "Cleanup", Time since last: 2000214377 ns, Reaching safepoint: 13010 ns, Cleanup: 14922 ns, At safepoint: 2794 ns, Total: 30726 ns
[2025-08-28T14:10:26.614+0000][1099914][info ][safepoint   ] Safepoint "Cleanup", Time since last: 2000205444 ns, Reaching safepoint: 47972 ns, Cleanup: 14051 ns, At safepoint: 3015 ns, Total: 65038 ns
[2025-08-28T14:10:52.616+0000][1099914][info ][safepoint   ] Safepoint "Cleanup", Time since last: 26002074363 ns, Reaching safepoint: 47231 ns, Cleanup: 15904 ns, At safepoint: 5758 ns, Total: 68893 ns
[2025-08-28T14:11:16.618+0000][1099914][info ][safepoint   ] Safepoint "Cleanup", Time since last: 24001926936 ns, Reaching safepoint: 49364 ns, Cleanup: 13851 ns, At safepoint: 2854 ns, Total: 66069 ns
[2025-08-28T14:12:13.622+0000][1099914][info ][safepoint   ] Safepoint "Cleanup", Time since last: 57004110566 ns, Reaching safepoint: 48112 ns, Cleanup: 13380 ns, At safepoint: 6279 ns, Total: 67771 ns
[2025-08-28T14:12:15.622+0000][1099914][info ][safepoint   ] Safepoint "Cleanup", Time since last: 2000192258 ns, Reaching safepoint: 12749 ns, Cleanup: 14011 ns, At safepoint: 3075 ns, Total: 29835 ns
[2025-08-28T14:12:16.622+0000][1099914][info ][safepoint   ] Safepoint "Cleanup", Time since last: 1000125413 ns, Reaching safepoint: 12439 ns, Cleanup: 13230 ns, At safepoint: 3074 ns, Total: 28743 ns
[2025-08-28T14:12:23.623+0000][1099914][info ][safepoint   ] Safepoint "Cleanup", Time since last: 7000549027 ns, Reaching safepoint: 12929 ns, Cleanup: 13280 ns, At safepoint: 3245 ns, Total: 29454 ns
[2025-08-28T14:12:38.624+0000][1099914][info ][safepoint   ] Safepoint "Cleanup", Time since last: 15001134812 ns, Reaching safepoint: 69865 ns, Cleanup: 13581 ns, At safepoint: 2764 ns, Total: 86210 ns
[2025-08-28T14:12:57.626+0000][1099914][info ][safepoint   ] Safepoint "Cleanup", Time since last: 19001391286 ns, Reaching safepoint: 45949 ns, Cleanup: 12789 ns, At safepoint: 2914 ns, Total: 61652 ns
[2025-08-28T14:15:23.904+0000][1099914][info ][gc,start    ] GC(228) Pause Young (Normal) (G1 Evacuation Pause)
[2025-08-28T14:15:23.904+0000][1099914][info ][gc,task     ] GC(228) Using 12 workers of 33 for evacuation
[2025-08-28T14:15:23.904+0000][1099914][debug][gc,age      ] GC(228) Desired survivor size 20971520 bytes, new threshold 15 (max threshold 15)
[2025-08-28T14:15:23.906+0000][1099914][info ][gc,phases   ] GC(228)   Pre Evacuate Collection Set: 0.2ms
[2025-08-28T14:15:23.906+0000][1099914][info ][gc,phases   ] GC(228)   Merge Heap Roots: 0.1ms
[2025-08-28T14:15:23.906+0000][1099914][info ][gc,phases   ] GC(228)   Evacuate Collection Set: 1.6ms
[2025-08-28T14:15:23.906+0000][1099914][info ][gc,phases   ] GC(228)   Post Evacuate Collection Set: 0.4ms
[2025-08-28T14:15:23.906+0000][1099914][info ][gc,phases   ] GC(228)   Other: 0.0ms
[2025-08-28T14:15:23.906+0000][1099914][trace][gc,age      ] GC(228) Age table with threshold 15 (max threshold 15)
[2025-08-28T14:15:23.906+0000][1099914][trace][gc,age      ] GC(228) - age   1:      45880 bytes,      45880 total
[2025-08-28T14:15:23.906+0000][1099914][trace][gc,age      ] GC(228) - age   2:     156408 bytes,     202288 total
[2025-08-28T14:15:23.906+0000][1099914][trace][gc,age      ] GC(228) - age   3:    4404168 bytes,    4606456 total
[2025-08-28T14:15:23.906+0000][1099914][trace][gc,age      ] GC(228) - age   4:        224 bytes,    4606680 total
[2025-08-28T14:15:23.906+0000][1099914][info ][gc,heap     ] GC(228) Eden regions: 74->0(74)
[2025-08-28T14:15:23.906+0000][1099914][info ][gc,heap     ] GC(228) Survivor regions: 2->2(10)
[2025-08-28T14:15:23.906+0000][1099914][info ][gc,heap     ] GC(228) Old regions: 25->25
[2025-08-28T14:15:23.906+0000][1099914][info ][gc,heap     ] GC(228) Humongous regions: 0->0
[2025-08-28T14:15:23.906+0000][1099914][info ][gc,metaspace] GC(228) Metaspace: 137102K(140928K)->137102K(140928K) NonClass: 118519K(120512K)->118519K(120512K) Class: 18583K(20416K)->18583K(20416K)
[2025-08-28T14:15:23.906+0000][1099914][info ][gc          ] GC(228) Pause Young (Normal) (G1 Evacuation Pause) 396M->101M(512M) 2.498ms
[2025-08-28T14:15:23.906+0000][1099914][info ][gc,cpu      ] GC(228) User=0.01s Sys=0.00s Real=0.00s
[2025-08-28T14:15:23.906+0000][1099914][info ][safepoint   ] Safepoint "G1CollectForAllocation", Time since last: 146278219753 ns, Reaching safepoint: 18087 ns, Cleanup: 3836 ns, At safepoint: 2568679 ns, Total: 2590602 ns
[2025-08-28T14:15:54.909+0000][1099914][info ][safepoint   ] Safepoint "Cleanup", Time since last: 31002422460 ns, Reaching safepoint: 74222 ns, Cleanup: 14392 ns, At safepoint: 5698 ns, Total: 94312 ns
[2025-08-28T14:15:55.909+0000][1099914][info ][safepoint   ] Safepoint "Cleanup", Time since last: 1000123739 ns, Reaching safepoint: 13310 ns, Cleanup: 16174 ns, At safepoint: 2985 ns, Total: 32469 ns
[2025-08-28T14:15:56.909+0000][1099914][info ][safepoint   ] Safepoint "Cleanup", Time since last: 1000123419 ns, Reaching safepoint: 13210 ns, Cleanup: 15523 ns, At safepoint: 3094 ns, Total: 31827 ns
[2025-08-28T14:17:02.913+0000][1099914][info ][safepoint   ] Safepoint "Cleanup", Time since last: 66003763257 ns, Reaching safepoint: 47692 ns, Cleanup: 14572 ns, At safepoint: 3295 ns, Total: 65559 ns
[2025-08-28T14:17:56.360+0000][1099914][info ][safepoint   ] Safepoint "Cleanup", Time since last: 53446862870 ns, Reaching safepoint: 65619 ns, Cleanup: 14131 ns, At safepoint: 3055 ns, Total: 82805 ns
[2025-08-28T14:18:38.364+0000][1099914][info ][safepoint   ] Safepoint "Cleanup", Time since last: 42003371717 ns, Reaching safepoint: 70827 ns, Cleanup: 12849 ns, At safepoint: 5338 ns, Total: 89014 ns
[2025-08-28T14:19:03.366+0000][1099914][info ][safepoint   ] Safepoint "Cleanup", Time since last: 25002022181 ns, Reaching safepoint: 79589 ns, Cleanup: 13471 ns, At safepoint: 7261 ns, Total: 100321 ns
[2025-08-28T14:20:19.372+0000][1099914][info ][safepoint   ] Safepoint "Cleanup", Time since last: 76005895096 ns, Reaching safepoint: 12729 ns, Cleanup: 36365 ns, At safepoint: 3175 ns, Total: 52269 ns
[2025-08-28T14:20:26.372+0000][1099914][info ][safepoint   ] Safepoint "Cleanup", Time since last: 7000593646 ns, Reaching safepoint: 46440 ns, Cleanup: 13190 ns, At safepoint: 5769 ns, Total: 65399 ns
[2025-08-28T14:20:34.373+0000][1099914][info ][safepoint   ] Safepoint "Cleanup", Time since last: 8000620735 ns, Reaching safepoint: 47411 ns, Cleanup: 14722 ns, At safepoint: 3075 ns, Total: 65208 ns
[2025-08-28T14:20:47.374+0000][1099914][info ][safepoint   ] Safepoint "Cleanup", Time since last: 13001036938 ns, Reaching safepoint: 48233 ns, Cleanup: 13360 ns, At safepoint: 5508 ns, Total: 67101 ns
[2025-08-28T14:20:54.375+0000][1099914][info ][safepoint   ] Safepoint "Cleanup", Time since last: 7000563831 ns, Reaching safepoint: 70847 ns, Cleanup: 13961 ns, At safepoint: 5458 ns, Total: 90266 ns
[2025-08-28T14:23:49.259+0000][1099914][info ][gc,start    ] GC(229) Pause Young (Normal) (G1 Evacuation Pause)
[2025-08-28T14:23:49.259+0000][1099914][info ][gc,task     ] GC(229) Using 12 workers of 33 for evacuation
[2025-08-28T14:23:49.259+0000][1099914][debug][gc,age      ] GC(229) Desired survivor size 20971520 bytes, new threshold 15 (max threshold 15)
[2025-08-28T14:23:49.261+0000][1099914][info ][gc,phases   ] GC(229)   Pre Evacuate Collection Set: 0.1ms
[2025-08-28T14:23:49.261+0000][1099914][info ][gc,phases   ] GC(229)   Merge Heap Roots: 0.1ms
[2025-08-28T14:23:49.261+0000][1099914][info ][gc,phases   ] GC(229)   Evacuate Collection Set: 1.5ms
[2025-08-28T14:23:49.261+0000][1099914][info ][gc,phases   ] GC(229)   Post Evacuate Collection Set: 0.4ms
[2025-08-28T14:23:49.261+0000][1099914][info ][gc,phases   ] GC(229)   Other: 0.1ms
[2025-08-28T14:23:49.261+0000][1099914][trace][gc,age      ] GC(229) Age table with threshold 15 (max threshold 15)
[2025-08-28T14:23:49.261+0000][1099914][trace][gc,age      ] GC(229) - age   1:      69216 bytes,      69216 total
[2025-08-28T14:23:49.261+0000][1099914][trace][gc,age      ] GC(229) - age   2:      36320 bytes,     105536 total
[2025-08-28T14:23:49.261+0000][1099914][trace][gc,age      ] GC(229) - age   3:     156344 bytes,     261880 total
[2025-08-28T14:23:49.261+0000][1099914][trace][gc,age      ] GC(229) - age   4:    4404128 bytes,    4666008 total
[2025-08-28T14:23:49.261+0000][1099914][trace][gc,age      ] GC(229) - age   5:        224 bytes,    4666232 total
[2025-08-28T14:23:49.261+0000][1099914][info ][gc,heap     ] GC(229) Eden regions: 74->0(74)
[2025-08-28T14:23:49.261+0000][1099914][info ][gc,heap     ] GC(229) Survivor regions: 2->2(10)
[2025-08-28T14:23:49.261+0000][1099914][info ][gc,heap     ] GC(229) Old regions: 25->25
[2025-08-28T14:23:49.261+0000][1099914][info ][gc,heap     ] GC(229) Humongous regions: 0->0
[2025-08-28T14:23:49.261+0000][1099914][info ][gc,metaspace] GC(229) Metaspace: 137144K(140992K)->137144K(140992K) NonClass: 118558K(120576K)->118558K(120576K) Class: 18586K(20416K)->18586K(20416K)
[2025-08-28T14:23:49.261+0000][1099914][info ][gc          ] GC(229) Pause Young (Normal) (G1 Evacuation Pause) 397M->101M(512M) 2.414ms
[2025-08-28T14:23:49.261+0000][1099914][info ][gc,cpu      ] GC(229) User=0.01s Sys=0.00s Real=0.01s
[2025-08-28T14:23:49.261+0000][1099914][info ][safepoint   ] Safepoint "G1CollectForAllocation", Time since last: 174884205774 ns, Reaching safepoint: 35374 ns, Cleanup: 5428 ns, At safepoint: 2494659 ns, Total: 2535461 ns
[2025-08-28T14:23:55.262+0000][1099914][info ][safepoint   ] Safepoint "Cleanup", Time since last: 6000387724 ns, Reaching safepoint: 48643 ns, Cleanup: 14492 ns, At safepoint: 5538 ns, Total: 68673 ns
[2025-08-28T14:24:56.266+0000][1099914][info ][safepoint   ] Safepoint "Cleanup", Time since last: 61003799598 ns, Reaching safepoint: 48232 ns, Cleanup: 15804 ns, At safepoint: 3225 ns, Total: 67261 ns
[2025-08-28T14:26:47.274+0000][1099914][info ][safepoint   ] Safepoint "Cleanup", Time since last: 111008233748 ns, Reaching safepoint: 47431 ns, Cleanup: 14402 ns, At safepoint: 3385 ns, Total: 65218 ns
[2025-08-28T14:26:57.275+0000][1099914][info ][safepoint   ] Safepoint "Cleanup", Time since last: 10001080406 ns, Reaching safepoint: 48473 ns, Cleanup: 13750 ns, At safepoint: 3115 ns, Total: 65338 ns
[2025-08-28T14:27:08.276+0000][1099914][info ][safepoint   ] Safepoint "Cleanup", Time since last: 11000944720 ns, Reaching safepoint: 73000 ns, Cleanup: 14171 ns, At safepoint: 3105 ns, Total: 90276 ns
[2025-08-28T14:27:45.279+0000][1099914][info ][safepoint   ] Safepoint "Cleanup", Time since last: 37003064607 ns, Reaching safepoint: 77636 ns, Cleanup: 15163 ns, At safepoint: 5989 ns, Total: 98788 ns
[2025-08-28T14:27:47.280+0000][1099914][info ][safepoint   ] Safepoint "Cleanup", Time since last: 2000211417 ns, Reaching safepoint: 74332 ns, Cleanup: 14071 ns, At safepoint: 6089 ns, Total: 94492 ns
[2025-08-28T14:27:57.281+0000][1099914][info ][safepoint   ] Safepoint "Cleanup", Time since last: 10000866731 ns, Reaching safepoint: 47952 ns, Cleanup: 14241 ns, At safepoint: 3145 ns, Total: 65338 ns
[2025-08-28T14:32:26.310+0000][1099914][info ][gc,start    ] GC(230) Pause Young (Normal) (G1 Evacuation Pause)
[2025-08-28T14:32:26.310+0000][1099914][info ][gc,task     ] GC(230) Using 12 workers of 33 for evacuation
[2025-08-28T14:32:26.310+0000][1099914][debug][gc,age      ] GC(230) Desired survivor size 20971520 bytes, new threshold 15 (max threshold 15)
[2025-08-28T14:32:26.317+0000][1099914][info ][gc,phases   ] GC(230)   Pre Evacuate Collection Set: 0.2ms
[2025-08-28T14:32:26.317+0000][1099914][info ][gc,phases   ] GC(230)   Merge Heap Roots: 0.1ms
[2025-08-28T14:32:26.317+0000][1099914][info ][gc,phases   ] GC(230)   Evacuate Collection Set: 5.5ms
[2025-08-28T14:32:26.317+0000][1099914][info ][gc,phases   ] GC(230)   Post Evacuate Collection Set: 0.6ms
[2025-08-28T14:32:26.317+0000][1099914][info ][gc,phases   ] GC(230)   Other: 0.1ms
[2025-08-28T14:32:26.317+0000][1099914][trace][gc,age      ] GC(230) Age table with threshold 15 (max threshold 15)
[2025-08-28T14:32:26.317+0000][1099914][trace][gc,age      ] GC(230) - age   1:      19456 bytes,      19456 total
[2025-08-28T14:32:26.317+0000][1099914][trace][gc,age      ] GC(230) - age   2:      58488 bytes,      77944 total
[2025-08-28T14:32:26.317+0000][1099914][trace][gc,age      ] GC(230) - age   3:      35696 bytes,     113640 total
[2025-08-28T14:32:26.317+0000][1099914][trace][gc,age      ] GC(230) - age   4:     156344 bytes,     269984 total
[2025-08-28T14:32:26.317+0000][1099914][trace][gc,age      ] GC(230) - age   5:    4404096 bytes,    4674080 total
[2025-08-28T14:32:26.317+0000][1099914][trace][gc,age      ] GC(230) - age   6:        224 bytes,    4674304 total
[2025-08-28T14:32:26.317+0000][1099914][info ][gc,heap     ] GC(230) Eden regions: 74->0(74)
[2025-08-28T14:32:26.317+0000][1099914][info ][gc,heap     ] GC(230) Survivor regions: 2->2(10)
[2025-08-28T14:32:26.317+0000][1099914][info ][gc,heap     ] GC(230) Old regions: 25->25
[2025-08-28T14:32:26.317+0000][1099914][info ][gc,heap     ] GC(230) Humongous regions: 0->0
[2025-08-28T14:32:26.317+0000][1099914][info ][gc,metaspace] GC(230) Metaspace: 137174K(140992K)->137174K(140992K) NonClass: 118588K(120576K)->118588K(120576K) Class: 18586K(20416K)->18586K(20416K)
[2025-08-28T14:32:26.317+0000][1099914][info ][gc          ] GC(230) Pause Young (Normal) (G1 Evacuation Pause) 396M->101M(512M) 7.012ms
[2025-08-28T14:32:26.317+0000][1099914][info ][gc,cpu      ] GC(230) User=0.01s Sys=0.00s Real=0.01s
[2025-08-28T14:32:26.317+0000][1099914][info ][safepoint   ] Safepoint "G1CollectForAllocation", Time since last: 269028932505 ns, Reaching safepoint: 12108 ns, Cleanup: 4907 ns, At safepoint: 7170675 ns, Total: 7187690 ns
[2025-08-28T14:34:28.324+0000][1099914][info ][safepoint   ] Safepoint "Cleanup", Time since last: 122007618522 ns, Reaching safepoint: 75133 ns, Cleanup: 16464 ns, At safepoint: 3596 ns, Total: 95193 ns
[2025-08-28T14:34:30.325+0000][1099914][info ][safepoint   ] Safepoint "Cleanup", Time since last: 2000528621 ns, Reaching safepoint: 55644 ns, Cleanup: 16054 ns, At safepoint: 6410 ns, Total: 78108 ns
[2025-08-28T14:35:08.327+0000][1099914][info ][safepoint   ] Safepoint "Cleanup", Time since last: 38002313627 ns, Reaching safepoint: 54773 ns, Cleanup: 16374 ns, At safepoint: 6250 ns, Total: 77397 ns
[2025-08-28T14:36:26.332+0000][1099914][info ][safepoint   ] Safepoint "Cleanup", Time since last: 78004864320 ns, Reaching safepoint: 20771 ns, Cleanup: 16094 ns, At safepoint: 3265 ns, Total: 40130 ns
[2025-08-28T14:36:46.334+0000][1099914][info ][safepoint   ] Safepoint "Cleanup", Time since last: 20001751443 ns, Reaching safepoint: 60491 ns, Cleanup: 17206 ns, At safepoint: 3646 ns, Total: 81343 ns
[2025-08-28T14:38:19.340+0000][1099914][info ][safepoint   ] Safepoint "Cleanup", Time since last: 93005741085 ns, Reaching safepoint: 21312 ns, Cleanup: 16174 ns, At safepoint: 4727 ns, Total: 42213 ns
[2025-08-28T14:40:18.348+0000][1099914][info ][safepoint   ] Safepoint "Cleanup", Time since last: 119007716555 ns, Reaching safepoint: 83917 ns, Cleanup: 22664 ns, At safepoint: 5848 ns, Total: 112429 ns
[2025-08-28T14:41:04.814+0000][1099914][info ][gc,start    ] GC(231) Pause Young (Normal) (G1 Evacuation Pause)
[2025-08-28T14:41:04.814+0000][1099914][info ][gc,task     ] GC(231) Using 12 workers of 33 for evacuation
[2025-08-28T14:41:04.814+0000][1099914][debug][gc,age      ] GC(231) Desired survivor size 20971520 bytes, new threshold 15 (max threshold 15)
[2025-08-28T14:41:04.818+0000][1099914][info ][gc,phases   ] GC(231)   Pre Evacuate Collection Set: 0.2ms
[2025-08-28T14:41:04.818+0000][1099914][info ][gc,phases   ] GC(231)   Merge Heap Roots: 0.1ms
[2025-08-28T14:41:04.818+0000][1099914][info ][gc,phases   ] GC(231)   Evacuate Collection Set: 3.8ms
[2025-08-28T14:41:04.818+0000][1099914][info ][gc,phases   ] GC(231)   Post Evacuate Collection Set: 0.5ms
[2025-08-28T14:41:04.819+0000][1099914][info ][gc,phases   ] GC(231)   Other: 0.1ms
[2025-08-28T14:41:04.819+0000][1099914][trace][gc,age      ] GC(231) Age table with threshold 15 (max threshold 15)
[2025-08-28T14:41:04.819+0000][1099914][trace][gc,age      ] GC(231) - age   1:      15232 bytes,      15232 total
[2025-08-28T14:41:04.819+0000][1099914][trace][gc,age      ] GC(231) - age   2:       8456 bytes,      23688 total
[2025-08-28T14:41:04.819+0000][1099914][trace][gc,age      ] GC(231) - age   3:      58488 bytes,      82176 total
[2025-08-28T14:41:04.819+0000][1099914][trace][gc,age      ] GC(231) - age   4:      35696 bytes,     117872 total
[2025-08-28T14:41:04.819+0000][1099914][trace][gc,age      ] GC(231) - age   5:     156344 bytes,     274216 total
[2025-08-28T14:41:04.819+0000][1099914][trace][gc,age      ] GC(231) - age   6:    4404096 bytes,    4678312 total
[2025-08-28T14:41:04.819+0000][1099914][trace][gc,age      ] GC(231) - age   7:        224 bytes,    4678536 total
[2025-08-28T14:41:04.819+0000][1099914][info ][gc,heap     ] GC(231) Eden regions: 74->0(74)
[2025-08-28T14:41:04.819+0000][1099914][info ][gc,heap     ] GC(231) Survivor regions: 2->2(10)
[2025-08-28T14:41:04.819+0000][1099914][info ][gc,heap     ] GC(231) Old regions: 25->25
[2025-08-28T14:41:04.819+0000][1099914][info ][gc,heap     ] GC(231) Humongous regions: 0->0
[2025-08-28T14:41:04.819+0000][1099914][info ][gc,metaspace] GC(231) Metaspace: 137194K(140992K)->137194K(140992K) NonClass: 118608K(120576K)->118608K(120576K) Class: 18586K(20416K)->18586K(20416K)
[2025-08-28T14:41:04.819+0000][1099914][info ][gc          ] GC(231) Pause Young (Normal) (G1 Evacuation Pause) 397M->101M(512M) 4.938ms
[2025-08-28T14:41:04.819+0000][1099914][info ][gc,cpu      ] GC(231) User=0.02s Sys=0.00s Real=0.00s
[2025-08-28T14:41:04.819+0000][1099914][info ][safepoint   ] Safepoint "G1CollectForAllocation", Time since last: 46465651866 ns, Reaching safepoint: 48293 ns, Cleanup: 6069 ns, At safepoint: 5071252 ns, Total: 5125614 ns
[2025-08-28T14:41:14.819+0000][1099914][info ][safepoint   ] Safepoint "Cleanup", Time since last: 10000636034 ns, Reaching safepoint: 58358 ns, Cleanup: 16334 ns, At safepoint: 6450 ns, Total: 81142 ns
[2025-08-28T14:43:47.830+0000][1099914][info ][safepoint   ] Safepoint "Cleanup", Time since last: 153010598400 ns, Reaching safepoint: 85599 ns, Cleanup: 16965 ns, At safepoint: 3545 ns, Total: 106109 ns
[2025-08-28T14:44:25.833+0000][1099914][info ][safepoint   ] Safepoint "Cleanup", Time since last: 38003175581 ns, Reaching safepoint: 21633 ns, Cleanup: 17085 ns, At safepoint: 3576 ns, Total: 42294 ns
[2025-08-28T14:44:47.835+0000][1099914][info ][safepoint   ] Safepoint "Cleanup", Time since last: 22001700585 ns, Reaching safepoint: 86099 ns, Cleanup: 16795 ns, At safepoint: 3416 ns, Total: 106310 ns
[2025-08-28T14:46:25.842+0000][1099914][info ][safepoint   ] Safepoint "Cleanup", Time since last: 98007351185 ns, Reaching safepoint: 21402 ns, Cleanup: 17687 ns, At safepoint: 3625 ns, Total: 42714 ns
[2025-08-28T14:46:47.845+0000][1099914][info ][safepoint   ] Safepoint "Cleanup", Time since last: 22002048305 ns, Reaching safepoint: 89114 ns, Cleanup: 17636 ns, At safepoint: 7662 ns, Total: 114412 ns
[2025-08-28T14:46:51.845+0000][1099914][info ][safepoint   ] Safepoint "Cleanup", Time since last: 4000355155 ns, Reaching safepoint: 21633 ns, Cleanup: 16404 ns, At safepoint: 3295 ns, Total: 41332 ns
[2025-08-28T14:49:43.560+0000][1099914][info ][gc,start    ] GC(232) Pause Young (Normal) (G1 Evacuation Pause)
[2025-08-28T14:49:43.561+0000][1099914][info ][gc,task     ] GC(232) Using 12 workers of 33 for evacuation
[2025-08-28T14:49:43.561+0000][1099914][debug][gc,age      ] GC(232) Desired survivor size 20971520 bytes, new threshold 15 (max threshold 15)
[2025-08-28T14:49:43.563+0000][1099914][info ][gc,phases   ] GC(232)   Pre Evacuate Collection Set: 0.2ms
[2025-08-28T14:49:43.563+0000][1099914][info ][gc,phases   ] GC(232)   Merge Heap Roots: 0.1ms
[2025-08-28T14:49:43.563+0000][1099914][info ][gc,phases   ] GC(232)   Evacuate Collection Set: 1.4ms
[2025-08-28T14:49:43.563+0000][1099914][info ][gc,phases   ] GC(232)   Post Evacuate Collection Set: 0.5ms
[2025-08-28T14:49:43.563+0000][1099914][info ][gc,phases   ] GC(232)   Other: 0.1ms
[2025-08-28T14:49:43.563+0000][1099914][trace][gc,age      ] GC(232) Age table with threshold 15 (max threshold 15)
[2025-08-28T14:49:43.563+0000][1099914][trace][gc,age      ] GC(232) - age   1:      15840 bytes,      15840 total
[2025-08-28T14:49:43.563+0000][1099914][trace][gc,age      ] GC(232) - age   2:       6016 bytes,      21856 total
[2025-08-28T14:49:43.563+0000][1099914][trace][gc,age      ] GC(232) - age   3:       7736 bytes,      29592 total
[2025-08-28T14:49:43.563+0000][1099914][trace][gc,age      ] GC(232) - age   4:      58360 bytes,      87952 total
[2025-08-28T14:49:43.563+0000][1099914][trace][gc,age      ] GC(232) - age   5:      35696 bytes,     123648 total
[2025-08-28T14:49:43.563+0000][1099914][trace][gc,age      ] GC(232) - age   6:     156344 bytes,     279992 total
[2025-08-28T14:49:43.563+0000][1099914][trace][gc,age      ] GC(232) - age   7:    4404096 bytes,    4684088 total
[2025-08-28T14:49:43.563+0000][1099914][trace][gc,age      ] GC(232) - age   8:        224 bytes,    4684312 total
[2025-08-28T14:49:43.563+0000][1099914][info ][gc,heap     ] GC(232) Eden regions: 74->0(74)
[2025-08-28T14:49:43.563+0000][1099914][info ][gc,heap     ] GC(232) Survivor regions: 2->2(10)
[2025-08-28T14:49:43.563+0000][1099914][info ][gc,heap     ] GC(232) Old regions: 25->25
[2025-08-28T14:49:43.563+0000][1099914][info ][gc,heap     ] GC(232) Humongous regions: 0->0
[2025-08-28T14:49:43.563+0000][1099914][info ][gc,metaspace] GC(232) Metaspace: 137270K(141056K)->137270K(141056K) NonClass: 118683K(120640K)->118683K(120640K) Class: 18586K(20416K)->18586K(20416K)
[2025-08-28T14:49:43.563+0000][1099914][info ][gc          ] GC(232) Pause Young (Normal) (G1 Evacuation Pause) 397M->101M(512M) 2.862ms
[2025-08-28T14:49:43.563+0000][1099914][info ][gc,cpu      ] GC(232) User=0.01s Sys=0.01s Real=0.01s
[2025-08-28T14:49:43.563+0000][1099914][info ][safepoint   ] Safepoint "G1CollectForAllocation", Time since last: 171715242358 ns, Reaching safepoint: 47111 ns, Cleanup: 6409 ns, At safepoint: 3068160 ns, Total: 3121680 ns
[2025-08-28T14:50:20.566+0000][1099914][info ][safepoint   ] Safepoint "Cleanup", Time since last: 37002765095 ns, Reaching safepoint: 21522 ns, Cleanup: 16345 ns, At safepoint: 3315 ns, Total: 41182 ns
[2025-08-28T14:51:02.569+0000][1099914][info ][safepoint   ] Safepoint "Cleanup", Time since last: 42003190935 ns, Reaching safepoint: 58087 ns, Cleanup: 16044 ns, At safepoint: 3706 ns, Total: 77837 ns
[2025-08-28T14:51:05.570+0000][1099914][info ][safepoint   ] Safepoint "Cleanup", Time since last: 3000230262 ns, Reaching safepoint: 85038 ns, Cleanup: 16454 ns, At safepoint: 6130 ns, Total: 107622 ns
[2025-08-28T14:53:24.916+0000][1099914][info ][safepoint   ] Safepoint "Cleanup", Time since last: 139346192305 ns, Reaching safepoint: 21372 ns, Cleanup: 20000 ns, At safepoint: 37957 ns, Total: 79329 ns
[2025-08-28T14:55:25.926+0000][1099914][info ][safepoint   ] Safepoint "Cleanup", Time since last: 121009828285 ns, Reaching safepoint: 43244 ns, Cleanup: 12469 ns, At safepoint: 5498 ns, Total: 61211 ns
[2025-08-28T14:55:38.927+0000][1099914][info ][safepoint   ] Safepoint "Cleanup", Time since last: 13001017406 ns, Reaching safepoint: 47221 ns, Cleanup: 12739 ns, At safepoint: 3024 ns, Total: 62984 ns
[2025-08-28T14:58:20.372+0000][1099914][info ][gc,start    ] GC(233) Pause Young (Normal) (G1 Evacuation Pause)
[2025-08-28T14:58:20.373+0000][1099914][info ][gc,task     ] GC(233) Using 12 workers of 33 for evacuation
[2025-08-28T14:58:20.373+0000][1099914][debug][gc,age      ] GC(233) Desired survivor size 20971520 bytes, new threshold 15 (max threshold 15)
[2025-08-28T14:58:20.375+0000][1099914][info ][gc,phases   ] GC(233)   Pre Evacuate Collection Set: 0.1ms
[2025-08-28T14:58:20.375+0000][1099914][info ][gc,phases   ] GC(233)   Merge Heap Roots: 0.1ms
[2025-08-28T14:58:20.375+0000][1099914][info ][gc,phases   ] GC(233)   Evacuate Collection Set: 1.7ms
[2025-08-28T14:58:20.375+0000][1099914][info ][gc,phases   ] GC(233)   Post Evacuate Collection Set: 0.4ms
[2025-08-28T14:58:20.375+0000][1099914][info ][gc,phases   ] GC(233)   Other: 0.1ms
[2025-08-28T14:58:20.375+0000][1099914][trace][gc,age      ] GC(233) Age table with threshold 15 (max threshold 15)
[2025-08-28T14:58:20.375+0000][1099914][trace][gc,age      ] GC(233) - age   1:      14560 bytes,      14560 total
[2025-08-28T14:58:20.375+0000][1099914][trace][gc,age      ] GC(233) - age   2:       7552 bytes,      22112 total
[2025-08-28T14:58:20.375+0000][1099914][trace][gc,age      ] GC(233) - age   3:       6016 bytes,      28128 total
[2025-08-28T14:58:20.375+0000][1099914][trace][gc,age      ] GC(233) - age   4:       7736 bytes,      35864 total
[2025-08-28T14:58:20.375+0000][1099914][trace][gc,age      ] GC(233) - age   5:      58328 bytes,      94192 total
[2025-08-28T14:58:20.375+0000][1099914][trace][gc,age      ] GC(233) - age   6:      35696 bytes,     129888 total
[2025-08-28T14:58:20.375+0000][1099914][trace][gc,age      ] GC(233) - age   7:     156344 bytes,     286232 total
[2025-08-28T14:58:20.375+0000][1099914][trace][gc,age      ] GC(233) - age   8:    4404096 bytes,    4690328 total
[2025-08-28T14:58:20.375+0000][1099914][trace][gc,age      ] GC(233) - age   9:        224 bytes,    4690552 total
[2025-08-28T14:58:20.375+0000][1099914][info ][gc,heap     ] GC(233) Eden regions: 74->0(74)
[2025-08-28T14:58:20.375+0000][1099914][info ][gc,heap     ] GC(233) Survivor regions: 2->2(10)
[2025-08-28T14:58:20.375+0000][1099914][info ][gc,heap     ] GC(233) Old regions: 25->25
[2025-08-28T14:58:20.375+0000][1099914][info ][gc,heap     ] GC(233) Humongous regions: 0->0
[2025-08-28T14:58:20.375+0000][1099914][info ][gc,metaspace] GC(233) Metaspace: 137274K(141120K)->137274K(141120K) NonClass: 118687K(120704K)->118687K(120704K) Class: 18586K(20416K)->18586K(20416K)
[2025-08-28T14:58:20.375+0000][1099914][info ][gc          ] GC(233) Pause Young (Normal) (G1 Evacuation Pause) 397M->101M(512M) 2.484ms
[2025-08-28T14:58:20.375+0000][1099914][info ][gc,cpu      ] GC(233) User=0.01s Sys=0.00s Real=0.00s
[2025-08-28T14:58:20.375+0000][1099914][info ][safepoint   ] Safepoint "G1CollectForAllocation", Time since last: 161445332648 ns, Reaching safepoint: 22844 ns, Cleanup: 3245 ns, At safepoint: 2570211 ns, Total: 2596300 ns
[2025-08-28T14:59:26.378+0000][1099914][info ][safepoint   ] Safepoint "Cleanup", Time since last: 66002916788 ns, Reaching safepoint: 49164 ns, Cleanup: 12349 ns, At safepoint: 5578 ns, Total: 67091 ns
[2025-08-28T15:00:03.380+0000][1099914][info ][safepoint   ] Safepoint "Cleanup", Time since last: 37001831169 ns, Reaching safepoint: 48933 ns, Cleanup: 13621 ns, At safepoint: 5708 ns, Total: 68262 ns
[2025-08-28T15:00:56.382+0000][1099914][info ][safepoint   ] Safepoint "Cleanup", Time since last: 53002418825 ns, Reaching safepoint: 68613 ns, Cleanup: 13730 ns, At safepoint: 2875 ns, Total: 85218 ns
[2025-08-28T15:02:18.386+0000][1099914][info ][safepoint   ] Safepoint "Cleanup", Time since last: 82003870985 ns, Reaching safepoint: 14972 ns, Cleanup: 16044 ns, At safepoint: 3185 ns, Total: 34201 ns
[2025-08-28T15:04:26.396+0000][1099914][info ][safepoint   ] Safepoint "Cleanup", Time since last: 128009256354 ns, Reaching safepoint: 44087 ns, Cleanup: 12859 ns, At safepoint: 3055 ns, Total: 60001 ns
[2025-08-28T15:04:27.396+0000][1099914][info ][safepoint   ] Safepoint "Cleanup", Time since last: 1000382946 ns, Reaching safepoint: 49604 ns, Cleanup: 12839 ns, At safepoint: 5599 ns, Total: 68042 ns
[2025-08-28T15:04:29.396+0000][1099914][info ][safepoint   ] Safepoint "Cleanup", Time since last: 2000103677 ns, Reaching safepoint: 14352 ns, Cleanup: 13900 ns, At safepoint: 3135 ns, Total: 31387 ns
[2025-08-28T15:04:56.398+0000][1099914][info ][safepoint   ] Safepoint "Cleanup", Time since last: 27001699210 ns, Reaching safepoint: 70305 ns, Cleanup: 17957 ns, At safepoint: 5819 ns, Total: 94081 ns
[2025-08-28T15:06:56.405+0000][1099914][info ][safepoint   ] Safepoint "Cleanup", Time since last: 120006898520 ns, Reaching safepoint: 47932 ns, Cleanup: 14061 ns, At safepoint: 3406 ns, Total: 65399 ns
[2025-08-28T15:07:00.719+0000][1099914][info ][gc,start    ] GC(234) Pause Young (Normal) (G1 Evacuation Pause)
[2025-08-28T15:07:00.720+0000][1099914][info ][gc,task     ] GC(234) Using 12 workers of 33 for evacuation
[2025-08-28T15:07:00.720+0000][1099914][debug][gc,age      ] GC(234) Desired survivor size 20971520 bytes, new threshold 15 (max threshold 15)
[2025-08-28T15:07:00.722+0000][1099914][info ][gc,phases   ] GC(234)   Pre Evacuate Collection Set: 0.1ms
[2025-08-28T15:07:00.722+0000][1099914][info ][gc,phases   ] GC(234)   Merge Heap Roots: 0.1ms
[2025-08-28T15:07:00.722+0000][1099914][info ][gc,phases   ] GC(234)   Evacuate Collection Set: 1.8ms
[2025-08-28T15:07:00.722+0000][1099914][info ][gc,phases   ] GC(234)   Post Evacuate Collection Set: 0.4ms
[2025-08-28T15:07:00.722+0000][1099914][info ][gc,phases   ] GC(234)   Other: 0.1ms
[2025-08-28T15:07:00.722+0000][1099914][trace][gc,age      ] GC(234) Age table with threshold 15 (max threshold 15)
[2025-08-28T15:07:00.722+0000][1099914][trace][gc,age      ] GC(234) - age   1:      10992 bytes,      10992 total
[2025-08-28T15:07:00.722+0000][1099914][trace][gc,age      ] GC(234) - age   2:       4944 bytes,      15936 total
[2025-08-28T15:07:00.722+0000][1099914][trace][gc,age      ] GC(234) - age   3:       7552 bytes,      23488 total
[2025-08-28T15:07:00.722+0000][1099914][trace][gc,age      ] GC(234) - age   4:       6016 bytes,      29504 total
[2025-08-28T15:07:00.722+0000][1099914][trace][gc,age      ] GC(234) - age   5:       7736 bytes,      37240 total
[2025-08-28T15:07:00.722+0000][1099914][trace][gc,age      ] GC(234) - age   6:      58328 bytes,      95568 total
[2025-08-28T15:07:00.722+0000][1099914][trace][gc,age      ] GC(234) - age   7:      35696 bytes,     131264 total
[2025-08-28T15:07:00.722+0000][1099914][trace][gc,age      ] GC(234) - age   8:     156344 bytes,     287608 total
[2025-08-28T15:07:00.722+0000][1099914][trace][gc,age      ] GC(234) - age   9:    4404096 bytes,    4691704 total
[2025-08-28T15:07:00.722+0000][1099914][trace][gc,age      ] GC(234) - age  10:        224 bytes,    4691928 total
[2025-08-28T15:07:00.722+0000][1099914][info ][gc,heap     ] GC(234) Eden regions: 74->0(74)
[2025-08-28T15:07:00.722+0000][1099914][info ][gc,heap     ] GC(234) Survivor regions: 2->2(10)
[2025-08-28T15:07:00.722+0000][1099914][info ][gc,heap     ] GC(234) Old regions: 25->25
[2025-08-28T15:07:00.722+0000][1099914][info ][gc,heap     ] GC(234) Humongous regions: 0->0
[2025-08-28T15:07:00.722+0000][1099914][info ][gc,metaspace] GC(234) Metaspace: 137281K(141120K)->137281K(141120K) NonClass: 118694K(120704K)->118694K(120704K) Class: 18586K(20416K)->18586K(20416K)
[2025-08-28T15:07:00.722+0000][1099914][info ][gc          ] GC(234) Pause Young (Normal) (G1 Evacuation Pause) 397M->100M(512M) 2.552ms
[2025-08-28T15:07:00.722+0000][1099914][info ][gc,cpu      ] GC(234) User=0.01s Sys=0.00s Real=0.01s
[2025-08-28T15:07:00.722+0000][1099914][info ][safepoint   ] Safepoint "G1CollectForAllocation", Time since last: 4314483891 ns, Reaching safepoint: 31377 ns, Cleanup: 5178 ns, At safepoint: 2643131 ns, Total: 2679686 ns
[2025-08-28T15:07:26.724+0000][1099914][info ][safepoint   ] Safepoint "Cleanup", Time since last: 26001838236 ns, Reaching safepoint: 49724 ns, Cleanup: 14182 ns, At safepoint: 5868 ns, Total: 69774 ns
[2025-08-28T15:07:28.724+0000][1099914][info ][safepoint   ] Safepoint "Cleanup", Time since last: 2000185804 ns, Reaching safepoint: 14452 ns, Cleanup: 13601 ns, At safepoint: 3184 ns, Total: 31237 ns
[2025-08-28T15:07:34.725+0000][1099914][info ][safepoint   ] Safepoint "Cleanup", Time since last: 6000468999 ns, Reaching safepoint: 49174 ns, Cleanup: 13801 ns, At safepoint: 3115 ns, Total: 66090 ns
[2025-08-28T15:08:53.730+0000][1099914][info ][safepoint   ] Safepoint "Cleanup", Time since last: 79005292967 ns, Reaching safepoint: 50456 ns, Cleanup: 13430 ns, At safepoint: 5529 ns, Total: 69415 ns
[2025-08-28T15:08:57.731+0000][1099914][info ][safepoint   ] Safepoint "Cleanup", Time since last: 4000636749 ns, Reaching safepoint: 14923 ns, Cleanup: 14221 ns, At safepoint: 3445 ns, Total: 32589 ns
[2025-08-28T15:09:26.733+0000][1099914][info ][safepoint   ] Safepoint "Cleanup", Time since last: 29001943556 ns, Reaching safepoint: 72549 ns, Cleanup: 13751 ns, At safepoint: 5568 ns, Total: 91868 ns
[2025-08-28T15:11:30.741+0000][1099914][info ][safepoint   ] Safepoint "Cleanup", Time since last: 124007668270 ns, Reaching safepoint: 50637 ns, Cleanup: 13951 ns, At safepoint: 3124 ns, Total: 67712 ns
[2025-08-28T15:11:53.742+0000][1099914][info ][safepoint   ] Safepoint "Cleanup", Time since last: 23001687321 ns, Reaching safepoint: 52489 ns, Cleanup: 15203 ns, At safepoint: 5468 ns, Total: 73160 ns
[2025-08-28T15:15:24.189+0000][1099914][info ][gc,start    ] GC(235) Pause Young (Normal) (G1 Evacuation Pause)
[2025-08-28T15:15:24.189+0000][1099914][info ][gc,task     ] GC(235) Using 12 workers of 33 for evacuation
[2025-08-28T15:15:24.189+0000][1099914][debug][gc,age      ] GC(235) Desired survivor size 20971520 bytes, new threshold 15 (max threshold 15)
[2025-08-28T15:15:24.193+0000][1099914][info ][gc,phases   ] GC(235)   Pre Evacuate Collection Set: 0.2ms
[2025-08-28T15:15:24.193+0000][1099914][info ][gc,phases   ] GC(235)   Merge Heap Roots: 0.1ms
[2025-08-28T15:15:24.193+0000][1099914][info ][gc,phases   ] GC(235)   Evacuate Collection Set: 2.9ms
[2025-08-28T15:15:24.193+0000][1099914][info ][gc,phases   ] GC(235)   Post Evacuate Collection Set: 0.5ms
[2025-08-28T15:15:24.193+0000][1099914][info ][gc,phases   ] GC(235)   Other: 0.1ms
[2025-08-28T15:15:24.193+0000][1099914][trace][gc,age      ] GC(235) Age table with threshold 15 (max threshold 15)
[2025-08-28T15:15:24.193+0000][1099914][trace][gc,age      ] GC(235) - age   1:      60376 bytes,      60376 total
[2025-08-28T15:15:24.193+0000][1099914][trace][gc,age      ] GC(235) - age   2:       1488 bytes,      61864 total
[2025-08-28T15:15:24.193+0000][1099914][trace][gc,age      ] GC(235) - age   3:       4592 bytes,      66456 total
[2025-08-28T15:15:24.193+0000][1099914][trace][gc,age      ] GC(235) - age   4:       7552 bytes,      74008 total
[2025-08-28T15:15:24.193+0000][1099914][trace][gc,age      ] GC(235) - age   5:       6016 bytes,      80024 total
[2025-08-28T15:15:24.193+0000][1099914][trace][gc,age      ] GC(235) - age   6:       7736 bytes,      87760 total
[2025-08-28T15:15:24.193+0000][1099914][trace][gc,age      ] GC(235) - age   7:      26656 bytes,     114416 total
[2025-08-28T15:15:24.193+0000][1099914][trace][gc,age      ] GC(235) - age   8:      35696 bytes,     150112 total
[2025-08-28T15:15:24.193+0000][1099914][trace][gc,age      ] GC(235) - age   9:     156216 bytes,     306328 total
[2025-08-28T15:15:24.193+0000][1099914][trace][gc,age      ] GC(235) - age  10:    4404032 bytes,    4710360 total
[2025-08-28T15:15:24.193+0000][1099914][trace][gc,age      ] GC(235) - age  11:        224 bytes,    4710584 total
[2025-08-28T15:15:24.193+0000][1099914][info ][gc,heap     ] GC(235) Eden regions: 74->0(74)
[2025-08-28T15:15:24.193+0000][1099914][info ][gc,heap     ] GC(235) Survivor regions: 2->2(10)
[2025-08-28T15:15:24.193+0000][1099914][info ][gc,heap     ] GC(235) Old regions: 25->25
[2025-08-28T15:15:24.193+0000][1099914][info ][gc,heap     ] GC(235) Humongous regions: 0->0
[2025-08-28T15:15:24.193+0000][1099914][info ][gc,metaspace] GC(235) Metaspace: 137305K(141120K)->137305K(141120K) NonClass: 118718K(120704K)->118718K(120704K) Class: 18586K(20416K)->18586K(20416K)
[2025-08-28T15:15:24.193+0000][1099914][info ][gc          ] GC(235) Pause Young (Normal) (G1 Evacuation Pause) 396M->101M(512M) 4.367ms
[2025-08-28T15:15:24.193+0000][1099914][info ][gc,cpu      ] GC(235) User=0.01s Sys=0.00s Real=0.01s
[2025-08-28T15:15:24.193+0000][1099914][info ][safepoint   ] Safepoint "G1CollectForAllocation", Time since last: 210446189745 ns, Reaching safepoint: 36675 ns, Cleanup: 5458 ns, At safepoint: 4513725 ns, Total: 4555858 ns
[2025-08-28T15:17:19.200+0000][1099914][info ][safepoint   ] Safepoint "Cleanup", Time since last: 115006849528 ns, Reaching safepoint: 16755 ns, Cleanup: 13961 ns, At safepoint: 66139 ns, Total: 96855 ns
[2025-08-28T15:18:26.204+0000][1099914][info ][safepoint   ] Safepoint "Cleanup", Time since last: 67004254003 ns, Reaching safepoint: 52179 ns, Cleanup: 15202 ns, At safepoint: 5609 ns, Total: 72990 ns
