[2025-08-21T16:39:36.519+0000][3183917][info][gc,init] CardTable entry size: 512
[2025-08-21T16:39:36.519+0000][3183917][info][gc     ] Using G1
[2025-08-21T16:39:41.415+0000][3183917][info][gc,init] Version: 21.0.2+13-58 (release)
[2025-08-21T16:39:41.415+0000][3183917][info][gc,init] CPUs: 96 total, 1 available
[2025-08-21T16:39:41.415+0000][3183917][info][gc,init] Memory: 125G
[2025-08-21T16:39:41.415+0000][3183917][info][gc,init] Large Page Support: Disabled
[2025-08-21T16:39:41.415+0000][3183917][info][gc,init] NUMA Support: Disabled
[2025-08-21T16:39:41.415+0000][3183917][info][gc,init] Compressed Oops: Enabled (32-bit)
[2025-08-21T16:39:41.415+0000][3183917][info][gc,init] Heap Region Size: 4M
[2025-08-21T16:39:41.415+0000][3183917][info][gc,init] Heap Min Capacity: 512M
[2025-08-21T16:39:41.415+0000][3183917][info][gc,init] Heap Initial Capacity: 512M
[2025-08-21T16:39:41.415+0000][3183917][info][gc,init] Heap Max Capacity: 512M
[2025-08-21T16:39:41.415+0000][3183917][info][gc,init] Pre-touch: Enabled
[2025-08-21T16:39:41.415+0000][3183917][info][gc,init] Parallel Workers: 1
[2025-08-21T16:39:41.415+0000][3183917][info][gc,init] Concurrent Workers: 1
[2025-08-21T16:39:41.415+0000][3183917][info][gc,init] Concurrent Refinement Workers: 1
[2025-08-21T16:39:41.415+0000][3183917][info][gc,init] Periodic GC: Disabled
[2025-08-21T16:39:41.518+0000][3183917][info][gc,metaspace] CDS archive(s) mapped at: [0x000014defb000000-0x000014defbca6000-0x000014defbca6000), size 13262848, SharedBaseAddress: 0x000014defb000000, ArchiveRelocationMode: 1.
[2025-08-21T16:39:41.518+0000][3183917][info][gc,metaspace] Compressed class space mapped at: 0x000014defc000000-0x000014df3c000000, reserved size: 1073741824
[2025-08-21T16:39:41.518+0000][3183917][info][gc,metaspace] Narrow klass base: 0x000014defb000000, Narrow klass shift: 0, Narrow klass range: 0x100000000
[2025-08-21T16:39:42.676+0000][3183917][info][safepoint   ] Safepoint "Cleanup", Time since last: 1085751968 ns, Reaching safepoint: 2384 ns, Cleanup: 49014 ns, At safepoint: 1131 ns, Total: 52529 ns
[2025-08-21T16:39:42.888+0000][3183917][info][gc,start    ] GC(0) Pause Young (Normal) (G1 Evacuation Pause)
[2025-08-21T16:39:42.888+0000][3183917][info][gc,task     ] GC(0) Using 1 workers of 1 for evacuation
[2025-08-21T16:39:42.888+0000][3183917][debug][gc,age      ] GC(0) Desired survivor size 2097152 bytes, new threshold 15 (max threshold 15)
[2025-08-21T16:39:42.890+0000][3183917][info ][gc,phases   ] GC(0)   Pre Evacuate Collection Set: 0.0ms
[2025-08-21T16:39:42.890+0000][3183917][info ][gc,phases   ] GC(0)   Merge Heap Roots: 0.0ms
[2025-08-21T16:39:42.890+0000][3183917][info ][gc,phases   ] GC(0)   Evacuate Collection Set: 1.8ms
[2025-08-21T16:39:42.890+0000][3183917][info ][gc,phases   ] GC(0)   Post Evacuate Collection Set: 0.1ms
[2025-08-21T16:39:42.890+0000][3183917][info ][gc,phases   ] GC(0)   Other: 0.0ms
[2025-08-21T16:39:42.890+0000][3183917][trace][gc,age      ] GC(0) Age table with threshold 15 (max threshold 15)
[2025-08-21T16:39:42.890+0000][3183917][trace][gc,age      ] GC(0) - age   1:    2261296 bytes,    2261296 total
[2025-08-21T16:39:42.890+0000][3183917][info ][gc,heap     ] GC(0) Eden regions: 6->0(5)
[2025-08-21T16:39:42.890+0000][3183917][info ][gc,heap     ] GC(0) Survivor regions: 0->1(1)
[2025-08-21T16:39:42.890+0000][3183917][info ][gc,heap     ] GC(0) Old regions: 1->1
[2025-08-21T16:39:42.890+0000][3183917][info ][gc,heap     ] GC(0) Humongous regions: 0->0
[2025-08-21T16:39:42.890+0000][3183917][info ][gc,metaspace] GC(0) Metaspace: 1155K(1344K)->1155K(1344K) NonClass: 1072K(1152K)->1072K(1152K) Class: 82K(192K)->82K(192K)
[2025-08-21T16:39:42.890+0000][3183917][info ][gc          ] GC(0) Pause Young (Normal) (G1 Evacuation Pause) 25M->3M(512M) 2.099ms
[2025-08-21T16:39:42.890+0000][3183917][info ][gc,cpu      ] GC(0) User=0.00s Sys=0.00s Real=0.00s
[2025-08-21T16:39:42.890+0000][3183917][info ][safepoint   ] Safepoint "G1CollectForAllocation", Time since last: 212223094 ns, Reaching safepoint: 2593 ns, Cleanup: 20882 ns, At safepoint: 2119200 ns, Total: 2142675 ns
[2025-08-21T16:39:44.369+0000][3183917][info ][safepoint   ] Safepoint "Cleanup", Time since last: 1478231043 ns, Reaching safepoint: 874140 ns, Cleanup: 86130 ns, At safepoint: 3455 ns, Total: 963725 ns
[2025-08-21T16:39:44.530+0000][3183917][info ][gc,start    ] GC(1) Pause Young (Normal) (G1 Evacuation Pause)
[2025-08-21T16:39:44.530+0000][3183917][info ][gc,task     ] GC(1) Using 1 workers of 1 for evacuation
[2025-08-21T16:39:44.530+0000][3183917][debug][gc,age      ] GC(1) Desired survivor size 2097152 bytes, new threshold 1 (max threshold 15)
[2025-08-21T16:39:44.534+0000][3183917][info ][gc,phases   ] GC(1)   Pre Evacuate Collection Set: 0.0ms
[2025-08-21T16:39:44.534+0000][3183917][info ][gc,phases   ] GC(1)   Merge Heap Roots: 0.0ms
[2025-08-21T16:39:44.534+0000][3183917][info ][gc,phases   ] GC(1)   Evacuate Collection Set: 3.2ms
[2025-08-21T16:39:44.534+0000][3183917][info ][gc,phases   ] GC(1)   Post Evacuate Collection Set: 0.2ms
[2025-08-21T16:39:44.534+0000][3183917][info ][gc,phases   ] GC(1)   Other: 0.0ms
[2025-08-21T16:39:44.534+0000][3183917][trace][gc,age      ] GC(1) Age table with threshold 1 (max threshold 15)
[2025-08-21T16:39:44.534+0000][3183917][trace][gc,age      ] GC(1) - age   1:    1903600 bytes,    1903600 total
[2025-08-21T16:39:44.534+0000][3183917][info ][gc,heap     ] GC(1) Eden regions: 5->0(5)
[2025-08-21T16:39:44.534+0000][3183917][info ][gc,heap     ] GC(1) Survivor regions: 1->1(1)
[2025-08-21T16:39:44.534+0000][3183917][info ][gc,heap     ] GC(1) Old regions: 1->2
[2025-08-21T16:39:44.534+0000][3183917][info ][gc,heap     ] GC(1) Humongous regions: 0->0
[2025-08-21T16:39:44.534+0000][3183917][info ][gc,metaspace] GC(1) Metaspace: 6647K(6912K)->6647K(6912K) NonClass: 5893K(6016K)->5893K(6016K) Class: 753K(896K)->753K(896K)
[2025-08-21T16:39:44.534+0000][3183917][info ][gc          ] GC(1) Pause Young (Normal) (G1 Evacuation Pause) 23M->5M(512M) 3.529ms
[2025-08-21T16:39:44.534+0000][3183917][info ][gc,cpu      ] GC(1) User=0.01s Sys=0.00s Real=0.00s
[2025-08-21T16:39:44.534+0000][3183917][info ][safepoint   ] Safepoint "G1CollectForAllocation", Time since last: 160853043 ns, Reaching safepoint: 2354 ns, Cleanup: 18828 ns, At safepoint: 3552715 ns, Total: 3573897 ns
[2025-08-21T16:39:45.522+0000][3183917][info ][safepoint   ] Safepoint "ICBufferFull", Time since last: 988329877 ns, Reaching safepoint: 2384 ns, Cleanup: 106521 ns, At safepoint: 1322 ns, Total: 110227 ns
[2025-08-21T16:39:45.640+0000][3183917][info ][gc,start    ] GC(2) Pause Young (Normal) (G1 Evacuation Pause)
[2025-08-21T16:39:45.640+0000][3183917][info ][gc,task     ] GC(2) Using 1 workers of 1 for evacuation
[2025-08-21T16:39:45.640+0000][3183917][debug][gc,age      ] GC(2) Desired survivor size 2097152 bytes, new threshold 15 (max threshold 15)
[2025-08-21T16:39:45.644+0000][3183917][info ][gc,phases   ] GC(2)   Pre Evacuate Collection Set: 0.0ms
[2025-08-21T16:39:45.644+0000][3183917][info ][gc,phases   ] GC(2)   Merge Heap Roots: 0.0ms
[2025-08-21T16:39:45.644+0000][3183917][info ][gc,phases   ] GC(2)   Evacuate Collection Set: 3.7ms
[2025-08-21T16:39:45.644+0000][3183917][info ][gc,phases   ] GC(2)   Post Evacuate Collection Set: 0.2ms
[2025-08-21T16:39:45.644+0000][3183917][info ][gc,phases   ] GC(2)   Other: 0.0ms
[2025-08-21T16:39:45.644+0000][3183917][trace][gc,age      ] GC(2) Age table with threshold 15 (max threshold 15)
[2025-08-21T16:39:45.644+0000][3183917][trace][gc,age      ] GC(2) - age   1:    1927104 bytes,    1927104 total
[2025-08-21T16:39:45.644+0000][3183917][trace][gc,age      ] GC(2) - age   2:    1867368 bytes,    3794472 total
[2025-08-21T16:39:45.644+0000][3183917][info ][gc,heap     ] GC(2) Eden regions: 5->0(5)
[2025-08-21T16:39:45.644+0000][3183917][info ][gc,heap     ] GC(2) Survivor regions: 1->1(1)
[2025-08-21T16:39:45.644+0000][3183917][info ][gc,heap     ] GC(2) Old regions: 2->2
[2025-08-21T16:39:45.644+0000][3183917][info ][gc,heap     ] GC(2) Humongous regions: 0->0
[2025-08-21T16:39:45.644+0000][3183917][info ][gc,metaspace] GC(2) Metaspace: 9682K(9920K)->9682K(9920K) NonClass: 8520K(8640K)->8520K(8640K) Class: 1162K(1280K)->1162K(1280K)
[2025-08-21T16:39:45.644+0000][3183917][info ][gc          ] GC(2) Pause Young (Normal) (G1 Evacuation Pause) 25M->7M(512M) 4.002ms
[2025-08-21T16:39:45.644+0000][3183917][info ][gc,cpu      ] GC(2) User=0.00s Sys=0.00s Real=0.00s
[2025-08-21T16:39:45.644+0000][3183917][info ][safepoint   ] Safepoint "G1CollectForAllocation", Time since last: 117646870 ns, Reaching safepoint: 2594 ns, Cleanup: 21703 ns, At safepoint: 4022964 ns, Total: 4047261 ns
[2025-08-21T16:39:46.644+0000][3183917][info ][safepoint   ] Safepoint "Cleanup", Time since last: 1000292512 ns, Reaching safepoint: 2103 ns, Cleanup: 73721 ns, At safepoint: 1192 ns, Total: 77016 ns
[2025-08-21T16:39:47.668+0000][3183917][info ][safepoint   ] Safepoint "Cleanup", Time since last: 1024119291 ns, Reaching safepoint: 1833 ns, Cleanup: 31668 ns, At safepoint: 1231 ns, Total: 34732 ns
[2025-08-21T16:39:48.022+0000][3183917][info ][gc,start    ] GC(3) Pause Young (Normal) (G1 Evacuation Pause)
[2025-08-21T16:39:48.022+0000][3183917][info ][gc,task     ] GC(3) Using 1 workers of 1 for evacuation
[2025-08-21T16:39:48.022+0000][3183917][debug][gc,age      ] GC(3) Desired survivor size 2097152 bytes, new threshold 2 (max threshold 15)
[2025-08-21T16:39:48.028+0000][3183917][info ][gc,phases   ] GC(3)   Pre Evacuate Collection Set: 0.0ms
[2025-08-21T16:39:48.028+0000][3183917][info ][gc,phases   ] GC(3)   Merge Heap Roots: 0.0ms
[2025-08-21T16:39:48.028+0000][3183917][info ][gc,phases   ] GC(3)   Evacuate Collection Set: 5.5ms
[2025-08-21T16:39:48.028+0000][3183917][info ][gc,phases   ] GC(3)   Post Evacuate Collection Set: 0.4ms
[2025-08-21T16:39:48.028+0000][3183917][info ][gc,phases   ] GC(3)   Other: 0.0ms
[2025-08-21T16:39:48.028+0000][3183917][trace][gc,age      ] GC(3) Age table with threshold 2 (max threshold 15)
[2025-08-21T16:39:48.028+0000][3183917][trace][gc,age      ] GC(3) - age   1:    2302280 bytes,    2302280 total
[2025-08-21T16:39:48.028+0000][3183917][trace][gc,age      ] GC(3) - age   2:    1808912 bytes,    4111192 total
[2025-08-21T16:39:48.028+0000][3183917][info ][gc,heap     ] GC(3) Eden regions: 5->0(5)
[2025-08-21T16:39:48.028+0000][3183917][info ][gc,heap     ] GC(3) Survivor regions: 1->1(1)
[2025-08-21T16:39:48.028+0000][3183917][info ][gc,heap     ] GC(3) Old regions: 2->3
[2025-08-21T16:39:48.028+0000][3183917][info ][gc,heap     ] GC(3) Humongous regions: 0->0
[2025-08-21T16:39:48.028+0000][3183917][info ][gc,metaspace] GC(3) Metaspace: 15572K(16064K)->15572K(16064K) NonClass: 13657K(13952K)->13657K(13952K) Class: 1914K(2112K)->1914K(2112K)
[2025-08-21T16:39:48.028+0000][3183917][info ][gc          ] GC(3) Pause Young (Normal) (G1 Evacuation Pause) 27M->9M(512M) 6.058ms
[2025-08-21T16:39:48.028+0000][3183917][info ][gc,cpu      ] GC(3) User=0.01s Sys=0.00s Real=0.01s
[2025-08-21T16:39:48.028+0000][3183917][info ][safepoint   ] Safepoint "G1CollectForAllocation", Time since last: 353736513 ns, Reaching safepoint: 2314 ns, Cleanup: 57937 ns, At safepoint: 6082865 ns, Total: 6143116 ns
[2025-08-21T16:39:49.564+0000][3183917][info ][gc,start    ] GC(4) Pause Young (Normal) (G1 Evacuation Pause)
[2025-08-21T16:39:49.564+0000][3183917][info ][gc,task     ] GC(4) Using 1 workers of 1 for evacuation
[2025-08-21T16:39:49.564+0000][3183917][debug][gc,age      ] GC(4) Desired survivor size 2097152 bytes, new threshold 1 (max threshold 15)
[2025-08-21T16:39:49.569+0000][3183917][info ][gc,phases   ] GC(4)   Pre Evacuate Collection Set: 0.0ms
[2025-08-21T16:39:49.569+0000][3183917][info ][gc,phases   ] GC(4)   Merge Heap Roots: 0.0ms
[2025-08-21T16:39:49.569+0000][3183917][info ][gc,phases   ] GC(4)   Evacuate Collection Set: 4.7ms
[2025-08-21T16:39:49.569+0000][3183917][info ][gc,phases   ] GC(4)   Post Evacuate Collection Set: 0.3ms
[2025-08-21T16:39:49.569+0000][3183917][info ][gc,phases   ] GC(4)   Other: 0.0ms
[2025-08-21T16:39:49.569+0000][3183917][trace][gc,age      ] GC(4) Age table with threshold 1 (max threshold 15)
[2025-08-21T16:39:49.569+0000][3183917][trace][gc,age      ] GC(4) - age   1:     841456 bytes,     841456 total
[2025-08-21T16:39:49.569+0000][3183917][info ][gc,heap     ] GC(4) Eden regions: 5->0(12)
[2025-08-21T16:39:49.569+0000][3183917][info ][gc,heap     ] GC(4) Survivor regions: 1->1(1)
[2025-08-21T16:39:49.569+0000][3183917][info ][gc,heap     ] GC(4) Old regions: 3->3
[2025-08-21T16:39:49.569+0000][3183917][info ][gc,heap     ] GC(4) Humongous regions: 0->0
[2025-08-21T16:39:49.569+0000][3183917][info ][gc,metaspace] GC(4) Metaspace: 20228K(20800K)->20228K(20800K) NonClass: 17958K(18304K)->17958K(18304K) Class: 2270K(2496K)->2270K(2496K)
[2025-08-21T16:39:49.569+0000][3183917][info ][gc          ] GC(4) Pause Young (Normal) (G1 Evacuation Pause) 29M->9M(512M) 5.082ms
[2025-08-21T16:39:49.569+0000][3183917][info ][gc,cpu      ] GC(4) User=0.00s Sys=0.00s Real=0.01s
[2025-08-21T16:39:49.569+0000][3183917][info ][safepoint   ] Safepoint "G1CollectForAllocation", Time since last: 1535376364 ns, Reaching safepoint: 2985 ns, Cleanup: 79049 ns, At safepoint: 5104228 ns, Total: 5186262 ns
[2025-08-21T16:39:50.569+0000][3183917][info ][safepoint   ] Safepoint "Cleanup", Time since last: 1000072499 ns, Reaching safepoint: 2764 ns, Cleanup: 49024 ns, At safepoint: 1773 ns, Total: 53561 ns
[2025-08-21T16:39:51.407+0000][3183917][info ][gc,start    ] GC(5) Pause Young (Normal) (G1 Evacuation Pause)
[2025-08-21T16:39:51.407+0000][3183917][info ][gc,task     ] GC(5) Using 1 workers of 1 for evacuation
[2025-08-21T16:39:51.407+0000][3183917][debug][gc,age      ] GC(5) Desired survivor size 4194304 bytes, new threshold 15 (max threshold 15)
[2025-08-21T16:39:51.411+0000][3183917][info ][gc,phases   ] GC(5)   Pre Evacuate Collection Set: 0.0ms
[2025-08-21T16:39:51.411+0000][3183917][info ][gc,phases   ] GC(5)   Merge Heap Roots: 0.0ms
[2025-08-21T16:39:51.411+0000][3183917][info ][gc,phases   ] GC(5)   Evacuate Collection Set: 2.9ms
[2025-08-21T16:39:51.411+0000][3183917][info ][gc,phases   ] GC(5)   Post Evacuate Collection Set: 0.2ms
[2025-08-21T16:39:51.411+0000][3183917][info ][gc,phases   ] GC(5)   Other: 0.0ms
[2025-08-21T16:39:51.411+0000][3183917][trace][gc,age      ] GC(5) Age table with threshold 15 (max threshold 15)
[2025-08-21T16:39:51.411+0000][3183917][trace][gc,age      ] GC(5) - age   1:    1561592 bytes,    1561592 total
[2025-08-21T16:39:51.411+0000][3183917][trace][gc,age      ] GC(5) - age   2:     731336 bytes,    2292928 total
[2025-08-21T16:39:51.411+0000][3183917][info ][gc,heap     ] GC(5) Eden regions: 12->0(75)
[2025-08-21T16:39:51.411+0000][3183917][info ][gc,heap     ] GC(5) Survivor regions: 1->1(2)
[2025-08-21T16:39:51.411+0000][3183917][info ][gc,heap     ] GC(5) Old regions: 3->3
[2025-08-21T16:39:51.411+0000][3183917][info ][gc,heap     ] GC(5) Humongous regions: 0->0
[2025-08-21T16:39:51.411+0000][3183917][info ][gc,metaspace] GC(5) Metaspace: 20908K(21504K)->20908K(21504K) NonClass: 18596K(18944K)->18596K(18944K) Class: 2311K(2560K)->2311K(2560K)
[2025-08-21T16:39:51.411+0000][3183917][info ][gc          ] GC(5) Pause Young (Normal) (G1 Evacuation Pause) 57M->10M(512M) 3.313ms
[2025-08-21T16:39:51.411+0000][3183917][info ][gc,cpu      ] GC(5) User=0.00s Sys=0.01s Real=0.00s
[2025-08-21T16:39:51.411+0000][3183917][info ][safepoint   ] Safepoint "G1CollectForAllocation", Time since last: 838280468 ns, Reaching safepoint: 2264 ns, Cleanup: 61403 ns, At safepoint: 3335226 ns, Total: 3398893 ns
[2025-08-21T16:39:51.614+0000][3183917][info ][gc,start    ] GC(6) Pause Young (Concurrent Start) (Metadata GC Threshold)
[2025-08-21T16:39:51.614+0000][3183917][info ][gc,task     ] GC(6) Using 1 workers of 1 for evacuation
[2025-08-21T16:39:51.614+0000][3183917][debug][gc,age      ] GC(6) Desired survivor size 20971520 bytes, new threshold 15 (max threshold 15)
[2025-08-21T16:39:51.616+0000][3183917][info ][gc,phases   ] GC(6)   Pre Evacuate Collection Set: 0.0ms
[2025-08-21T16:39:51.616+0000][3183917][info ][gc,phases   ] GC(6)   Merge Heap Roots: 0.0ms
[2025-08-21T16:39:51.616+0000][3183917][info ][gc,phases   ] GC(6)   Evacuate Collection Set: 2.2ms
[2025-08-21T16:39:51.616+0000][3183917][info ][gc,phases   ] GC(6)   Post Evacuate Collection Set: 0.1ms
[2025-08-21T16:39:51.616+0000][3183917][info ][gc,phases   ] GC(6)   Other: 0.0ms
[2025-08-21T16:39:51.616+0000][3183917][trace][gc,age      ] GC(6) Age table with threshold 15 (max threshold 15)
[2025-08-21T16:39:51.616+0000][3183917][trace][gc,age      ] GC(6) - age   1:      66864 bytes,      66864 total
[2025-08-21T16:39:51.616+0000][3183917][trace][gc,age      ] GC(6) - age   2:     940928 bytes,    1007792 total
[2025-08-21T16:39:51.616+0000][3183917][trace][gc,age      ] GC(6) - age   3:     731304 bytes,    1739096 total
[2025-08-21T16:39:51.616+0000][3183917][info ][gc,heap     ] GC(6) Eden regions: 3->0(75)
[2025-08-21T16:39:51.616+0000][3183917][info ][gc,heap     ] GC(6) Survivor regions: 1->1(10)
[2025-08-21T16:39:51.616+0000][3183917][info ][gc,heap     ] GC(6) Old regions: 3->3
[2025-08-21T16:39:51.616+0000][3183917][info ][gc,heap     ] GC(6) Humongous regions: 0->0
[2025-08-21T16:39:51.616+0000][3183917][info ][gc,metaspace] GC(6) Metaspace: 20982K(21504K)->20982K(21504K) NonClass: 18659K(18944K)->18659K(18944K) Class: 2322K(2560K)->2322K(2560K)
[2025-08-21T16:39:51.616+0000][3183917][info ][gc          ] GC(6) Pause Young (Concurrent Start) (Metadata GC Threshold) 22M->10M(512M) 2.485ms
[2025-08-21T16:39:51.616+0000][3183917][info ][gc,cpu      ] GC(6) User=0.01s Sys=0.00s Real=0.01s
[2025-08-21T16:39:51.616+0000][3183917][info ][safepoint   ] Safepoint "CollectForMetadataAllocation", Time since last: 203214009 ns, Reaching safepoint: 2013 ns, Cleanup: 19580 ns, At safepoint: 2545393 ns, Total: 2566986 ns
[2025-08-21T16:39:51.620+0000][3183917][info ][gc          ] GC(7) Concurrent Mark Cycle
[2025-08-21T16:39:51.620+0000][3183917][info ][gc,marking  ] GC(7) Concurrent Scan Root Regions
[2025-08-21T16:39:51.621+0000][3183917][info ][gc,marking  ] GC(7) Concurrent Scan Root Regions 0.688ms
[2025-08-21T16:39:51.621+0000][3183917][info ][gc,marking  ] GC(7) Concurrent Mark
[2025-08-21T16:39:51.621+0000][3183917][info ][gc,marking  ] GC(7) Concurrent Mark From Roots
[2025-08-21T16:39:51.621+0000][3183917][info ][gc,task     ] GC(7) Using 1 workers of 1 for marking
[2025-08-21T16:39:51.632+0000][3183917][info ][gc,marking  ] GC(7) Concurrent Mark From Roots 10.950ms
[2025-08-21T16:39:51.632+0000][3183917][info ][gc,marking  ] GC(7) Concurrent Preclean
[2025-08-21T16:39:51.632+0000][3183917][info ][gc,marking  ] GC(7) Concurrent Preclean 0.013ms
[2025-08-21T16:39:51.660+0000][3183917][info ][gc,start    ] GC(7) Pause Remark
[2025-08-21T16:39:51.668+0000][3183917][info ][gc          ] GC(7) Pause Remark 10M->10M(512M) 8.391ms
[2025-08-21T16:39:51.668+0000][3183917][info ][gc,cpu      ] GC(7) User=0.01s Sys=0.00s Real=0.01s
[2025-08-21T16:39:51.670+0000][3183917][info ][safepoint   ] Safepoint "G1PauseRemark", Time since last: 24456751 ns, Reaching safepoint: 18858757 ns, Cleanup: 2984 ns, At safepoint: 10459825 ns, Total: 29321566 ns
[2025-08-21T16:39:51.670+0000][3183917][info ][gc,marking  ] GC(7) Concurrent Mark 49.181ms
[2025-08-21T16:39:51.670+0000][3183917][info ][gc,marking  ] GC(7) Concurrent Rebuild Remembered Sets and Scrub Regions
[2025-08-21T16:39:51.673+0000][3183917][info ][gc,marking  ] GC(7) Concurrent Rebuild Remembered Sets and Scrub Regions 2.553ms
[2025-08-21T16:39:51.673+0000][3183917][info ][gc,start    ] GC(7) Pause Cleanup
[2025-08-21T16:39:51.673+0000][3183917][info ][gc          ] GC(7) Pause Cleanup 10M->10M(512M) 0.029ms
[2025-08-21T16:39:51.673+0000][3183917][info ][gc,cpu      ] GC(7) User=0.00s Sys=0.00s Real=0.00s
[2025-08-21T16:39:51.673+0000][3183917][info ][safepoint   ] Safepoint "G1PauseCleanup", Time since last: 2597623 ns, Reaching safepoint: 1822 ns, Cleanup: 852 ns, At safepoint: 42143 ns, Total: 44817 ns
[2025-08-21T16:39:51.673+0000][3183917][info ][gc,marking  ] GC(7) Concurrent Clear Claimed Marks
[2025-08-21T16:39:51.673+0000][3183917][info ][gc,marking  ] GC(7) Concurrent Clear Claimed Marks 0.017ms
[2025-08-21T16:39:51.673+0000][3183917][info ][gc,marking  ] GC(7) Concurrent Cleanup for Next Mark
[2025-08-21T16:39:51.673+0000][3183917][info ][gc,marking  ] GC(7) Concurrent Cleanup for Next Mark 0.282ms
[2025-08-21T16:39:51.673+0000][3183917][info ][gc          ] GC(7) Concurrent Mark Cycle 52.831ms
[2025-08-21T16:39:53.505+0000][3183917][info ][safepoint   ] Safepoint "Cleanup", Time since last: 1832176622 ns, Reaching safepoint: 2664 ns, Cleanup: 105649 ns, At safepoint: 1633 ns, Total: 109946 ns
[2025-08-21T16:39:54.505+0000][3183917][info ][safepoint   ] Safepoint "Cleanup", Time since last: 1000082654 ns, Reaching safepoint: 2975 ns, Cleanup: 69925 ns, At safepoint: 1743 ns, Total: 74643 ns
[2025-08-21T16:39:55.998+0000][3183917][info ][safepoint   ] Safepoint "ICBufferFull", Time since last: 1492318485 ns, Reaching safepoint: 3936 ns, Cleanup: 119080 ns, At safepoint: 1402 ns, Total: 124418 ns
[2025-08-21T16:39:56.001+0000][3183917][info ][gc,start    ] GC(8) Pause Young (Prepare Mixed) (G1 Evacuation Pause)
[2025-08-21T16:39:56.001+0000][3183917][info ][gc,task     ] GC(8) Using 1 workers of 1 for evacuation
[2025-08-21T16:39:56.001+0000][3183917][debug][gc,age      ] GC(8) Desired survivor size 20971520 bytes, new threshold 15 (max threshold 15)
[2025-08-21T16:39:56.011+0000][3183917][info ][gc,phases   ] GC(8)   Pre Evacuate Collection Set: 0.0ms
[2025-08-21T16:39:56.011+0000][3183917][info ][gc,phases   ] GC(8)   Merge Heap Roots: 0.0ms
[2025-08-21T16:39:56.011+0000][3183917][info ][gc,phases   ] GC(8)   Evacuate Collection Set: 9.9ms
[2025-08-21T16:39:56.011+0000][3183917][info ][gc,phases   ] GC(8)   Post Evacuate Collection Set: 0.4ms
[2025-08-21T16:39:56.011+0000][3183917][info ][gc,phases   ] GC(8)   Other: 0.0ms
[2025-08-21T16:39:56.011+0000][3183917][trace][gc,age      ] GC(8) Age table with threshold 15 (max threshold 15)
[2025-08-21T16:39:56.011+0000][3183917][trace][gc,age      ] GC(8) - age   1:    8980768 bytes,    8980768 total
[2025-08-21T16:39:56.011+0000][3183917][trace][gc,age      ] GC(8) - age   2:      58296 bytes,    9039064 total
[2025-08-21T16:39:56.011+0000][3183917][trace][gc,age      ] GC(8) - age   3:     940600 bytes,    9979664 total
[2025-08-21T16:39:56.011+0000][3183917][trace][gc,age      ] GC(8) - age   4:     729144 bytes,   10708808 total
[2025-08-21T16:39:56.011+0000][3183917][info ][gc,heap     ] GC(8) Eden regions: 75->0(41)
[2025-08-21T16:39:56.011+0000][3183917][info ][gc,heap     ] GC(8) Survivor regions: 1->3(10)
[2025-08-21T16:39:56.011+0000][3183917][info ][gc,heap     ] GC(8) Old regions: 3->3
[2025-08-21T16:39:56.011+0000][3183917][info ][gc,heap     ] GC(8) Humongous regions: 0->0
[2025-08-21T16:39:56.011+0000][3183917][info ][gc,metaspace] GC(8) Metaspace: 29458K(30144K)->29458K(30144K) NonClass: 26097K(26496K)->26097K(26496K) Class: 3360K(3648K)->3360K(3648K)
[2025-08-21T16:39:56.011+0000][3183917][info ][gc          ] GC(8) Pause Young (Prepare Mixed) (G1 Evacuation Pause) 310M->19M(512M) 10.513ms
[2025-08-21T16:39:56.011+0000][3183917][info ][gc,cpu      ] GC(8) User=0.01s Sys=0.00s Real=0.01s
[2025-08-21T16:39:56.011+0000][3183917][info ][safepoint   ] Safepoint "G1CollectForAllocation", Time since last: 3201344 ns, Reaching safepoint: 1362 ns, Cleanup: 3756 ns, At safepoint: 10537602 ns, Total: 10542720 ns
[2025-08-21T16:39:57.012+0000][3183917][info ][safepoint   ] Safepoint "Cleanup", Time since last: 1000071708 ns, Reaching safepoint: 3596 ns, Cleanup: 37476 ns, At safepoint: 1873 ns, Total: 42945 ns
[2025-08-21T16:39:57.332+0000][3183917][info ][gc,start    ] GC(9) Pause Young (Mixed) (G1 Evacuation Pause)
[2025-08-21T16:39:57.332+0000][3183917][info ][gc,task     ] GC(9) Using 1 workers of 1 for evacuation
[2025-08-21T16:39:57.333+0000][3183917][debug][gc,age      ] GC(9) Desired survivor size 12582912 bytes, new threshold 15 (max threshold 15)
[2025-08-21T16:39:57.351+0000][3183917][info ][gc,phases   ] GC(9)   Pre Evacuate Collection Set: 0.0ms
[2025-08-21T16:39:57.351+0000][3183917][info ][gc,phases   ] GC(9)   Merge Heap Roots: 0.0ms
[2025-08-21T16:39:57.351+0000][3183917][info ][gc,phases   ] GC(9)   Evacuate Collection Set: 18.0ms
[2025-08-21T16:39:57.351+0000][3183917][info ][gc,phases   ] GC(9)   Post Evacuate Collection Set: 0.6ms
[2025-08-21T16:39:57.351+0000][3183917][info ][gc,phases   ] GC(9)   Other: 0.0ms
[2025-08-21T16:39:57.351+0000][3183917][trace][gc,age      ] GC(9) Age table with threshold 15 (max threshold 15)
[2025-08-21T16:39:57.351+0000][3183917][trace][gc,age      ] GC(9) - age   1:    3753888 bytes,    3753888 total
[2025-08-21T16:39:57.351+0000][3183917][trace][gc,age      ] GC(9) - age   2:    8260536 bytes,   12014424 total
[2025-08-21T16:39:57.351+0000][3183917][trace][gc,age      ] GC(9) - age   3:      58264 bytes,   12072688 total
[2025-08-21T16:39:57.351+0000][3183917][trace][gc,age      ] GC(9) - age   4:     940600 bytes,   13013288 total
[2025-08-21T16:39:57.351+0000][3183917][trace][gc,age      ] GC(9) - age   5:     729144 bytes,   13742432 total
[2025-08-21T16:39:57.351+0000][3183917][info ][gc,heap     ] GC(9) Eden regions: 38->0(33)
[2025-08-21T16:39:57.351+0000][3183917][info ][gc,heap     ] GC(9) Survivor regions: 3->4(6)
[2025-08-21T16:39:57.351+0000][3183917][info ][gc,heap     ] GC(9) Old regions: 3->3
[2025-08-21T16:39:57.351+0000][3183917][info ][gc,heap     ] GC(9) Humongous regions: 0->0
[2025-08-21T16:39:57.351+0000][3183917][info ][gc,metaspace] GC(9) Metaspace: 29832K(30528K)->29832K(30528K) NonClass: 26438K(26816K)->26438K(26816K) Class: 3394K(3712K)->3394K(3712K)
[2025-08-21T16:39:57.351+0000][3183917][info ][gc          ] GC(9) Pause Young (Mixed) (G1 Evacuation Pause) 171M->22M(512M) 18.823ms
[2025-08-21T16:39:57.351+0000][3183917][info ][gc,cpu      ] GC(9) User=0.02s Sys=0.00s Real=0.02s
[2025-08-21T16:39:57.351+0000][3183917][info ][safepoint   ] Safepoint "G1CollectForAllocation", Time since last: 320823383 ns, Reaching safepoint: 3215 ns, Cleanup: 9384 ns, At safepoint: 18849974 ns, Total: 18862573 ns
[2025-08-21T16:39:58.057+0000][3183917][info ][gc,start    ] GC(10) Pause Young (Normal) (G1 Evacuation Pause)
[2025-08-21T16:39:58.057+0000][3183917][info ][gc,task     ] GC(10) Using 1 workers of 1 for evacuation
[2025-08-21T16:39:58.057+0000][3183917][debug][gc,age      ] GC(10) Desired survivor size 8388608 bytes, new threshold 2 (max threshold 15)
[2025-08-21T16:39:58.065+0000][3183917][info ][gc,phases   ] GC(10)   Pre Evacuate Collection Set: 0.0ms
[2025-08-21T16:39:58.065+0000][3183917][info ][gc,phases   ] GC(10)   Merge Heap Roots: 0.0ms
[2025-08-21T16:39:58.065+0000][3183917][info ][gc,phases   ] GC(10)   Evacuate Collection Set: 7.6ms
[2025-08-21T16:39:58.065+0000][3183917][info ][gc,phases   ] GC(10)   Post Evacuate Collection Set: 0.3ms
[2025-08-21T16:39:58.065+0000][3183917][info ][gc,phases   ] GC(10)   Other: 0.0ms
[2025-08-21T16:39:58.065+0000][3183917][trace][gc,age      ] GC(10) Age table with threshold 2 (max threshold 15)
[2025-08-21T16:39:58.065+0000][3183917][trace][gc,age      ] GC(10) - age   1:    2327344 bytes,    2327344 total
[2025-08-21T16:39:58.065+0000][3183917][trace][gc,age      ] GC(10) - age   2:    1248536 bytes,    3575880 total
[2025-08-21T16:39:58.065+0000][3183917][info ][gc,heap     ] GC(10) Eden regions: 27->0(75)
[2025-08-21T16:39:58.065+0000][3183917][info ][gc,heap     ] GC(10) Survivor regions: 4->1(4)
[2025-08-21T16:39:58.065+0000][3183917][info ][gc,heap     ] GC(10) Old regions: 3->5
[2025-08-21T16:39:58.065+0000][3183917][info ][gc,heap     ] GC(10) Humongous regions: 0->0
[2025-08-21T16:39:58.065+0000][3183917][info ][gc,metaspace] GC(10) Metaspace: 30099K(30784K)->30099K(30784K) NonClass: 26670K(27072K)->26670K(27072K) Class: 3428K(3712K)->3428K(3712K)
[2025-08-21T16:39:58.065+0000][3183917][info ][gc          ] GC(10) Pause Young (Normal) (G1 Evacuation Pause) 130M->22M(512M) 8.113ms
[2025-08-21T16:39:58.065+0000][3183917][info ][gc,cpu      ] GC(10) User=0.01s Sys=0.00s Real=0.00s
[2025-08-21T16:39:58.065+0000][3183917][info ][safepoint   ] Safepoint "G1CollectForAllocation", Time since last: 705263238 ns, Reaching safepoint: 2895 ns, Cleanup: 28913 ns, At safepoint: 8139221 ns, Total: 8171029 ns
[2025-08-21T16:39:59.083+0000][3183917][info ][safepoint   ] Safepoint "Cleanup", Time since last: 1000077296 ns, Reaching safepoint: 17657964 ns, Cleanup: 44548 ns, At safepoint: 4436 ns, Total: 17706948 ns
[2025-08-21T16:39:59.973+0000][3183917][info ][gc,start    ] GC(11) Pause Young (Concurrent Start) (Metadata GC Threshold)
[2025-08-21T16:39:59.973+0000][3183917][info ][gc,task     ] GC(11) Using 1 workers of 1 for evacuation
[2025-08-21T16:39:59.973+0000][3183917][debug][gc,age      ] GC(11) Desired survivor size 20971520 bytes, new threshold 15 (max threshold 15)
[2025-08-21T16:39:59.980+0000][3183917][info ][gc,phases   ] GC(11)   Pre Evacuate Collection Set: 0.0ms
[2025-08-21T16:39:59.980+0000][3183917][info ][gc,phases   ] GC(11)   Merge Heap Roots: 0.0ms
[2025-08-21T16:39:59.980+0000][3183917][info ][gc,phases   ] GC(11)   Evacuate Collection Set: 6.5ms
[2025-08-21T16:39:59.980+0000][3183917][info ][gc,phases   ] GC(11)   Post Evacuate Collection Set: 0.3ms
[2025-08-21T16:39:59.980+0000][3183917][info ][gc,phases   ] GC(11)   Other: 0.0ms
[2025-08-21T16:39:59.980+0000][3183917][trace][gc,age      ] GC(11) Age table with threshold 15 (max threshold 15)
[2025-08-21T16:39:59.980+0000][3183917][trace][gc,age      ] GC(11) - age   1:    3280496 bytes,    3280496 total
[2025-08-21T16:39:59.980+0000][3183917][trace][gc,age      ] GC(11) - age   2:    1671456 bytes,    4951952 total
[2025-08-21T16:39:59.980+0000][3183917][trace][gc,age      ] GC(11) - age   3:    1248536 bytes,    6200488 total
[2025-08-21T16:39:59.980+0000][3183917][info ][gc,heap     ] GC(11) Eden regions: 57->0(74)
[2025-08-21T16:39:59.980+0000][3183917][info ][gc,heap     ] GC(11) Survivor regions: 1->2(10)
[2025-08-21T16:39:59.980+0000][3183917][info ][gc,heap     ] GC(11) Old regions: 5->5
[2025-08-21T16:39:59.980+0000][3183917][info ][gc,heap     ] GC(11) Humongous regions: 0->0
[2025-08-21T16:39:59.980+0000][3183917][info ][gc,metaspace] GC(11) Metaspace: 35211K(35968K)->35211K(35968K) NonClass: 31234K(31616K)->31234K(31616K) Class: 3976K(4352K)->3976K(4352K)
[2025-08-21T16:39:59.980+0000][3183917][info ][gc          ] GC(11) Pause Young (Concurrent Start) (Metadata GC Threshold) 250M->24M(512M) 7.015ms
[2025-08-21T16:39:59.980+0000][3183917][info ][gc,cpu      ] GC(11) User=0.01s Sys=0.00s Real=0.01s
[2025-08-21T16:39:59.980+0000][3183917][info ][safepoint   ] Safepoint "CollectForMetadataAllocation", Time since last: 890417828 ns, Reaching safepoint: 2604 ns, Cleanup: 99510 ns, At safepoint: 7076496 ns, Total: 7178610 ns
[2025-08-21T16:39:59.983+0000][3183917][info ][gc          ] GC(12) Concurrent Mark Cycle
[2025-08-21T16:39:59.983+0000][3183917][info ][gc,marking  ] GC(12) Concurrent Scan Root Regions
[2025-08-21T16:39:59.985+0000][3183917][info ][gc,marking  ] GC(12) Concurrent Scan Root Regions 1.312ms
[2025-08-21T16:39:59.985+0000][3183917][info ][gc,marking  ] GC(12) Concurrent Mark
[2025-08-21T16:39:59.985+0000][3183917][info ][gc,marking  ] GC(12) Concurrent Mark From Roots
[2025-08-21T16:39:59.985+0000][3183917][info ][gc,task     ] GC(12) Using 1 workers of 1 for marking
[2025-08-21T16:40:00.008+0000][3183917][info ][gc,marking  ] GC(12) Concurrent Mark From Roots 23.599ms
[2025-08-21T16:40:00.008+0000][3183917][info ][gc,marking  ] GC(12) Concurrent Preclean
[2025-08-21T16:40:00.008+0000][3183917][info ][gc,marking  ] GC(12) Concurrent Preclean 0.026ms
[2025-08-21T16:40:00.024+0000][3183917][info ][gc,start    ] GC(12) Pause Remark
[2025-08-21T16:40:00.033+0000][3183917][info ][gc          ] GC(12) Pause Remark 24M->24M(512M) 8.606ms
[2025-08-21T16:40:00.033+0000][3183917][info ][gc,cpu      ] GC(12) User=0.01s Sys=0.00s Real=0.01s
[2025-08-21T16:40:00.033+0000][3183917][info ][safepoint   ] Safepoint "G1PauseRemark", Time since last: 33265422 ns, Reaching safepoint: 10574507 ns, Cleanup: 1663 ns, At safepoint: 8640467 ns, Total: 19216637 ns
[2025-08-21T16:40:00.033+0000][3183917][info ][gc,marking  ] GC(12) Concurrent Mark 47.925ms
[2025-08-21T16:40:00.033+0000][3183917][info ][gc,marking  ] GC(12) Concurrent Rebuild Remembered Sets and Scrub Regions
[2025-08-21T16:40:00.037+0000][3183917][info ][gc,marking  ] GC(12) Concurrent Rebuild Remembered Sets and Scrub Regions 4.086ms
[2025-08-21T16:40:00.037+0000][3183917][info ][gc,start    ] GC(12) Pause Cleanup
[2025-08-21T16:40:00.037+0000][3183917][info ][gc          ] GC(12) Pause Cleanup 24M->24M(512M) 0.025ms
[2025-08-21T16:40:00.037+0000][3183917][info ][gc,cpu      ] GC(12) User=0.00s Sys=0.00s Real=0.00s
[2025-08-21T16:40:00.037+0000][3183917][info ][safepoint   ] Safepoint "G1PauseCleanup", Time since last: 4121935 ns, Reaching safepoint: 1542 ns, Cleanup: 5348 ns, At safepoint: 36795 ns, Total: 43685 ns
[2025-08-21T16:40:00.037+0000][3183917][info ][gc,marking  ] GC(12) Concurrent Clear Claimed Marks
[2025-08-21T16:40:00.037+0000][3183917][info ][gc,marking  ] GC(12) Concurrent Clear Claimed Marks 0.023ms
[2025-08-21T16:40:00.037+0000][3183917][info ][gc,marking  ] GC(12) Concurrent Cleanup for Next Mark
[2025-08-21T16:40:00.046+0000][3183917][info ][gc,marking  ] GC(12) Concurrent Cleanup for Next Mark 9.444ms
[2025-08-21T16:40:00.046+0000][3183917][info ][gc          ] GC(12) Concurrent Mark Cycle 62.900ms
[2025-08-21T16:40:01.037+0000][3183917][info ][safepoint   ] Safepoint "Cleanup", Time since last: 1000066421 ns, Reaching safepoint: 3084 ns, Cleanup: 80512 ns, At safepoint: 1813 ns, Total: 85409 ns
[2025-08-21T16:40:01.480+0000][3183917][info ][gc,start    ] GC(13) Pause Young (Normal) (G1 Evacuation Pause)
[2025-08-21T16:40:01.480+0000][3183917][info ][gc,task     ] GC(13) Using 1 workers of 1 for evacuation
[2025-08-21T16:40:01.480+0000][3183917][debug][gc,age      ] GC(13) Desired survivor size 20971520 bytes, new threshold 15 (max threshold 15)
[2025-08-21T16:40:01.487+0000][3183917][info ][gc,phases   ] GC(13)   Pre Evacuate Collection Set: 0.0ms
[2025-08-21T16:40:01.487+0000][3183917][info ][gc,phases   ] GC(13)   Merge Heap Roots: 0.0ms
[2025-08-21T16:40:01.487+0000][3183917][info ][gc,phases   ] GC(13)   Evacuate Collection Set: 6.5ms
[2025-08-21T16:40:01.487+0000][3183917][info ][gc,phases   ] GC(13)   Post Evacuate Collection Set: 0.3ms
[2025-08-21T16:40:01.487+0000][3183917][info ][gc,phases   ] GC(13)   Other: 0.0ms
[2025-08-21T16:40:01.487+0000][3183917][trace][gc,age      ] GC(13) Age table with threshold 15 (max threshold 15)
[2025-08-21T16:40:01.487+0000][3183917][trace][gc,age      ] GC(13) - age   1:    6415088 bytes,    6415088 total
[2025-08-21T16:40:01.487+0000][3183917][trace][gc,age      ] GC(13) - age   2:    3261200 bytes,    9676288 total
[2025-08-21T16:40:01.487+0000][3183917][trace][gc,age      ] GC(13) - age   3:    1670184 bytes,   11346472 total
[2025-08-21T16:40:01.487+0000][3183917][trace][gc,age      ] GC(13) - age   4:    1247784 bytes,   12594256 total
[2025-08-21T16:40:01.487+0000][3183917][info ][gc,heap     ] GC(13) Eden regions: 74->0(72)
[2025-08-21T16:40:01.487+0000][3183917][info ][gc,heap     ] GC(13) Survivor regions: 2->4(10)
[2025-08-21T16:40:01.487+0000][3183917][info ][gc,heap     ] GC(13) Old regions: 5->5
[2025-08-21T16:40:01.487+0000][3183917][info ][gc,heap     ] GC(13) Humongous regions: 0->0
[2025-08-21T16:40:01.487+0000][3183917][info ][gc,metaspace] GC(13) Metaspace: 37427K(38272K)->37427K(38272K) NonClass: 33158K(33664K)->33158K(33664K) Class: 4268K(4608K)->4268K(4608K)
[2025-08-21T16:40:01.487+0000][3183917][info ][gc          ] GC(13) Pause Young (Normal) (G1 Evacuation Pause) 320M->32M(512M) 7.046ms
[2025-08-21T16:40:01.487+0000][3183917][info ][gc,cpu      ] GC(13) User=0.00s Sys=0.00s Real=0.01s
[2025-08-21T16:40:01.487+0000][3183917][info ][safepoint   ] Safepoint "G1CollectForAllocation", Time since last: 442706630 ns, Reaching safepoint: 2333 ns, Cleanup: 47712 ns, At safepoint: 7068434 ns, Total: 7118479 ns
[2025-08-21T16:40:02.433+0000][3183917][info ][gc,start    ] GC(14) Pause Young (Normal) (G1 Evacuation Pause)
[2025-08-21T16:40:02.434+0000][3183917][info ][gc,task     ] GC(14) Using 1 workers of 1 for evacuation
[2025-08-21T16:40:02.434+0000][3183917][debug][gc,age      ] GC(14) Desired survivor size 20971520 bytes, new threshold 15 (max threshold 15)
[2025-08-21T16:40:02.443+0000][3183917][info ][gc,phases   ] GC(14)   Pre Evacuate Collection Set: 0.0ms
[2025-08-21T16:40:02.443+0000][3183917][info ][gc,phases   ] GC(14)   Merge Heap Roots: 0.0ms
[2025-08-21T16:40:02.443+0000][3183917][info ][gc,phases   ] GC(14)   Evacuate Collection Set: 8.8ms
[2025-08-21T16:40:02.443+0000][3183917][info ][gc,phases   ] GC(14)   Post Evacuate Collection Set: 0.4ms
[2025-08-21T16:40:02.443+0000][3183917][info ][gc,phases   ] GC(14)   Other: 0.0ms
[2025-08-21T16:40:02.443+0000][3183917][trace][gc,age      ] GC(14) Age table with threshold 15 (max threshold 15)
[2025-08-21T16:40:02.443+0000][3183917][trace][gc,age      ] GC(14) - age   1:    5295080 bytes,    5295080 total
[2025-08-21T16:40:02.443+0000][3183917][trace][gc,age      ] GC(14) - age   2:    5634272 bytes,   10929352 total
[2025-08-21T16:40:02.443+0000][3183917][trace][gc,age      ] GC(14) - age   3:    3261136 bytes,   14190488 total
[2025-08-21T16:40:02.443+0000][3183917][trace][gc,age      ] GC(14) - age   4:    1670088 bytes,   15860576 total
[2025-08-21T16:40:02.443+0000][3183917][trace][gc,age      ] GC(14) - age   5:    1247480 bytes,   17108056 total
[2025-08-21T16:40:02.443+0000][3183917][info ][gc,heap     ] GC(14) Eden regions: 72->0(71)
[2025-08-21T16:40:02.443+0000][3183917][info ][gc,heap     ] GC(14) Survivor regions: 4->5(10)
[2025-08-21T16:40:02.443+0000][3183917][info ][gc,heap     ] GC(14) Old regions: 5->5
[2025-08-21T16:40:02.443+0000][3183917][info ][gc,heap     ] GC(14) Humongous regions: 0->0
[2025-08-21T16:40:02.443+0000][3183917][info ][gc,metaspace] GC(14) Metaspace: 38128K(39040K)->38128K(39040K) NonClass: 33759K(34304K)->33759K(34304K) Class: 4369K(4736K)->4369K(4736K)
[2025-08-21T16:40:02.443+0000][3183917][info ][gc          ] GC(14) Pause Young (Normal) (G1 Evacuation Pause) 320M->36M(512M) 9.373ms
[2025-08-21T16:40:02.443+0000][3183917][info ][gc,cpu      ] GC(14) User=0.01s Sys=0.00s Real=0.01s
[2025-08-21T16:40:02.443+0000][3183917][info ][safepoint   ] Safepoint "G1CollectForAllocation", Time since last: 946708618 ns, Reaching safepoint: 3025 ns, Cleanup: 37086 ns, At safepoint: 9399042 ns, Total: 9439153 ns
[2025-08-21T16:40:03.690+0000][3183917][info ][safepoint   ] Safepoint "ICBufferFull", Time since last: 1247290777 ns, Reaching safepoint: 6369 ns, Cleanup: 176226 ns, At safepoint: 1292 ns, Total: 183887 ns
[2025-08-21T16:40:04.691+0000][3183917][info ][safepoint   ] Safepoint "Cleanup", Time since last: 1000198971 ns, Reaching safepoint: 2313 ns, Cleanup: 48273 ns, At safepoint: 1843 ns, Total: 52429 ns
[2025-08-21T16:40:04.835+0000][3183917][info ][gc,start    ] GC(15) Pause Young (Normal) (G1 Evacuation Pause)
[2025-08-21T16:40:04.835+0000][3183917][info ][gc,task     ] GC(15) Using 1 workers of 1 for evacuation
[2025-08-21T16:40:04.835+0000][3183917][debug][gc,age      ] GC(15) Desired survivor size 20971520 bytes, new threshold 15 (max threshold 15)
[2025-08-21T16:40:04.847+0000][3183917][info ][gc,phases   ] GC(15)   Pre Evacuate Collection Set: 0.1ms
[2025-08-21T16:40:04.847+0000][3183917][info ][gc,phases   ] GC(15)   Merge Heap Roots: 0.0ms
[2025-08-21T16:40:04.847+0000][3183917][info ][gc,phases   ] GC(15)   Evacuate Collection Set: 11.4ms
[2025-08-21T16:40:04.847+0000][3183917][info ][gc,phases   ] GC(15)   Post Evacuate Collection Set: 0.7ms
[2025-08-21T16:40:04.847+0000][3183917][info ][gc,phases   ] GC(15)   Other: 0.0ms
[2025-08-21T16:40:04.847+0000][3183917][trace][gc,age      ] GC(15) Age table with threshold 15 (max threshold 15)
[2025-08-21T16:40:04.847+0000][3183917][trace][gc,age      ] GC(15) - age   1:    6869944 bytes,    6869944 total
[2025-08-21T16:40:04.847+0000][3183917][trace][gc,age      ] GC(15) - age   2:    1283824 bytes,    8153768 total
[2025-08-21T16:40:04.847+0000][3183917][trace][gc,age      ] GC(15) - age   3:    5615152 bytes,   13768920 total
[2025-08-21T16:40:04.847+0000][3183917][trace][gc,age      ] GC(15) - age   4:    3252456 bytes,   17021376 total
[2025-08-21T16:40:04.847+0000][3183917][trace][gc,age      ] GC(15) - age   5:    1669296 bytes,   18690672 total
[2025-08-21T16:40:04.847+0000][3183917][trace][gc,age      ] GC(15) - age   6:    1245096 bytes,   19935768 total
[2025-08-21T16:40:04.847+0000][3183917][info ][gc,heap     ] GC(15) Eden regions: 71->0(71)
[2025-08-21T16:40:04.847+0000][3183917][info ][gc,heap     ] GC(15) Survivor regions: 5->5(10)
[2025-08-21T16:40:04.847+0000][3183917][info ][gc,heap     ] GC(15) Old regions: 5->5
[2025-08-21T16:40:04.847+0000][3183917][info ][gc,heap     ] GC(15) Humongous regions: 0->0
[2025-08-21T16:40:04.847+0000][3183917][info ][gc,metaspace] GC(15) Metaspace: 49178K(50432K)->49178K(50432K) NonClass: 43419K(44160K)->43419K(44160K) Class: 5758K(6272K)->5758K(6272K)
[2025-08-21T16:40:04.847+0000][3183917][info ][gc          ] GC(15) Pause Young (Normal) (G1 Evacuation Pause) 320M->38M(512M) 12.463ms
[2025-08-21T16:40:04.847+0000][3183917][info ][gc,cpu      ] GC(15) User=0.01s Sys=0.00s Real=0.02s
[2025-08-21T16:40:04.847+0000][3183917][info ][safepoint   ] Safepoint "G1CollectForAllocation", Time since last: 144324073 ns, Reaching safepoint: 3325 ns, Cleanup: 33832 ns, At safepoint: 12487937 ns, Total: 12525094 ns
[2025-08-21T16:40:05.042+0000][3183917][info ][gc,heap,exit] Heap
[2025-08-21T16:40:05.042+0000][3183917][info ][gc,heap,exit]  garbage-first heap   total 524288K, used 109273K [0x00000000e0000000, 0x0000000100000000)
[2025-08-21T16:40:05.042+0000][3183917][info ][gc,heap,exit]   region size 4096K, 22 young (90112K), 5 survivors (20480K)
[2025-08-21T16:40:05.042+0000][3183917][info ][gc,heap,exit]  Metaspace       used 49429K, committed 50624K, reserved 1114112K
[2025-08-21T16:40:05.042+0000][3183917][info ][gc,heap,exit]   class space    used 5797K, committed 6272K, reserved 1048576K
