[2025-08-21T16:39:10.482+0000][3183395][info][gc,init] CardTable entry size: 512
[2025-08-21T16:39:10.482+0000][3183395][info][gc     ] Using G1
[2025-08-21T16:39:11.443+0000][3183395][info][gc,init] Version: 21.0.2+13-58 (release)
[2025-08-21T16:39:11.443+0000][3183395][info][gc,init] CPUs: 96 total, 1 available
[2025-08-21T16:39:11.444+0000][3183395][info][gc,init] Memory: 125G
[2025-08-21T16:39:11.444+0000][3183395][info][gc,init] Large Page Support: Disabled
[2025-08-21T16:39:11.444+0000][3183395][info][gc,init] NUMA Support: Disabled
[2025-08-21T16:39:11.444+0000][3183395][info][gc,init] Compressed Oops: Enabled (32-bit)
[2025-08-21T16:39:11.444+0000][3183395][info][gc,init] Heap Region Size: 4M
[2025-08-21T16:39:11.444+0000][3183395][info][gc,init] Heap Min Capacity: 512M
[2025-08-21T16:39:11.444+0000][3183395][info][gc,init] Heap Initial Capacity: 512M
[2025-08-21T16:39:11.444+0000][3183395][info][gc,init] Heap Max Capacity: 512M
[2025-08-21T16:39:11.444+0000][3183395][info][gc,init] Pre-touch: Enabled
[2025-08-21T16:39:11.444+0000][3183395][info][gc,init] Parallel Workers: 1
[2025-08-21T16:39:11.444+0000][3183395][info][gc,init] Concurrent Workers: 1
[2025-08-21T16:39:11.444+0000][3183395][info][gc,init] Concurrent Refinement Workers: 1
[2025-08-21T16:39:11.444+0000][3183395][info][gc,init] Periodic GC: Disabled
[2025-08-21T16:39:11.453+0000][3183395][info][gc,metaspace] CDS archive(s) mapped at: [0x00001526a3000000-0x00001526a3ca6000-0x00001526a3ca6000), size 13262848, SharedBaseAddress: 0x00001526a3000000, ArchiveRelocationMode: 1.
[2025-08-21T16:39:11.453+0000][3183395][info][gc,metaspace] Compressed class space mapped at: 0x00001526a4000000-0x00001526e4000000, reserved size: 1073741824
[2025-08-21T16:39:11.453+0000][3183395][info][gc,metaspace] Narrow klass base: 0x00001526a3000000, Narrow klass shift: 0, Narrow klass range: 0x100000000
[2025-08-21T16:39:12.210+0000][3183395][info][gc,start    ] GC(0) Pause Young (Normal) (G1 Evacuation Pause)
[2025-08-21T16:39:12.211+0000][3183395][info][gc,task     ] GC(0) Using 1 workers of 1 for evacuation
[2025-08-21T16:39:12.211+0000][3183395][debug][gc,age      ] GC(0) Desired survivor size 2097152 bytes, new threshold 15 (max threshold 15)
[2025-08-21T16:39:12.212+0000][3183395][info ][gc,phases   ] GC(0)   Pre Evacuate Collection Set: 0.0ms
[2025-08-21T16:39:12.212+0000][3183395][info ][gc,phases   ] GC(0)   Merge Heap Roots: 0.0ms
[2025-08-21T16:39:12.212+0000][3183395][info ][gc,phases   ] GC(0)   Evacuate Collection Set: 1.8ms
[2025-08-21T16:39:12.212+0000][3183395][info ][gc,phases   ] GC(0)   Post Evacuate Collection Set: 0.1ms
[2025-08-21T16:39:12.212+0000][3183395][info ][gc,phases   ] GC(0)   Other: 0.0ms
[2025-08-21T16:39:12.212+0000][3183395][trace][gc,age      ] GC(0) Age table with threshold 15 (max threshold 15)
[2025-08-21T16:39:12.213+0000][3183395][trace][gc,age      ] GC(0) - age   1:    2261296 bytes,    2261296 total
[2025-08-21T16:39:12.213+0000][3183395][info ][gc,heap     ] GC(0) Eden regions: 6->0(5)
[2025-08-21T16:39:12.213+0000][3183395][info ][gc,heap     ] GC(0) Survivor regions: 0->1(1)
[2025-08-21T16:39:12.213+0000][3183395][info ][gc,heap     ] GC(0) Old regions: 1->1
[2025-08-21T16:39:12.213+0000][3183395][info ][gc,heap     ] GC(0) Humongous regions: 0->0
[2025-08-21T16:39:12.213+0000][3183395][info ][gc,metaspace] GC(0) Metaspace: 1155K(1344K)->1155K(1344K) NonClass: 1072K(1152K)->1072K(1152K) Class: 82K(192K)->82K(192K)
[2025-08-21T16:39:12.213+0000][3183395][info ][gc          ] GC(0) Pause Young (Normal) (G1 Evacuation Pause) 25M->3M(512M) 2.052ms
[2025-08-21T16:39:12.213+0000][3183395][info ][gc,cpu      ] GC(0) User=0.00s Sys=0.00s Real=0.00s
[2025-08-21T16:39:12.213+0000][3183395][info ][safepoint   ] Safepoint "G1CollectForAllocation", Time since last: 712862955 ns, Reaching safepoint: 2523 ns, Cleanup: 73581 ns, At safepoint: 2073512 ns, Total: 2149616 ns
[2025-08-21T16:39:13.104+0000][3183395][info ][safepoint   ] Safepoint "ICBufferFull", Time since last: 891817621 ns, Reaching safepoint: 2023 ns, Cleanup: 100251 ns, At safepoint: 1292 ns, Total: 103566 ns
[2025-08-21T16:39:13.151+0000][3183395][info ][gc,start    ] GC(1) Pause Young (Normal) (G1 Evacuation Pause)
[2025-08-21T16:39:13.151+0000][3183395][info ][gc,task     ] GC(1) Using 1 workers of 1 for evacuation
[2025-08-21T16:39:13.151+0000][3183395][debug][gc,age      ] GC(1) Desired survivor size 2097152 bytes, new threshold 1 (max threshold 15)
[2025-08-21T16:39:13.155+0000][3183395][info ][gc,phases   ] GC(1)   Pre Evacuate Collection Set: 0.0ms
[2025-08-21T16:39:13.155+0000][3183395][info ][gc,phases   ] GC(1)   Merge Heap Roots: 0.0ms
[2025-08-21T16:39:13.155+0000][3183395][info ][gc,phases   ] GC(1)   Evacuate Collection Set: 2.9ms
[2025-08-21T16:39:13.155+0000][3183395][info ][gc,phases   ] GC(1)   Post Evacuate Collection Set: 0.1ms
[2025-08-21T16:39:13.155+0000][3183395][info ][gc,phases   ] GC(1)   Other: 0.0ms
[2025-08-21T16:39:13.155+0000][3183395][trace][gc,age      ] GC(1) Age table with threshold 1 (max threshold 15)
[2025-08-21T16:39:13.155+0000][3183395][trace][gc,age      ] GC(1) - age   1:    1904416 bytes,    1904416 total
[2025-08-21T16:39:13.155+0000][3183395][info ][gc,heap     ] GC(1) Eden regions: 5->0(5)
[2025-08-21T16:39:13.155+0000][3183395][info ][gc,heap     ] GC(1) Survivor regions: 1->1(1)
[2025-08-21T16:39:13.155+0000][3183395][info ][gc,heap     ] GC(1) Old regions: 1->2
[2025-08-21T16:39:13.155+0000][3183395][info ][gc,heap     ] GC(1) Humongous regions: 0->0
[2025-08-21T16:39:13.155+0000][3183395][info ][gc,metaspace] GC(1) Metaspace: 6651K(6912K)->6651K(6912K) NonClass: 5897K(6016K)->5897K(6016K) Class: 753K(896K)->753K(896K)
[2025-08-21T16:39:13.155+0000][3183395][info ][gc          ] GC(1) Pause Young (Normal) (G1 Evacuation Pause) 23M->5M(512M) 3.257ms
[2025-08-21T16:39:13.155+0000][3183395][info ][gc,cpu      ] GC(1) User=0.00s Sys=0.00s Real=0.00s
[2025-08-21T16:39:13.155+0000][3183395][info ][safepoint   ] Safepoint "G1CollectForAllocation", Time since last: 46903596 ns, Reaching safepoint: 1672 ns, Cleanup: 12940 ns, At safepoint: 3278090 ns, Total: 3292702 ns
[2025-08-21T16:39:13.780+0000][3183395][info ][safepoint   ] Safepoint "ICBufferFull", Time since last: 625349927 ns, Reaching safepoint: 2153 ns, Cleanup: 98169 ns, At safepoint: 1131 ns, Total: 101453 ns
[2025-08-21T16:39:13.843+0000][3183395][info ][gc,start    ] GC(2) Pause Young (Normal) (G1 Evacuation Pause)
[2025-08-21T16:39:13.843+0000][3183395][info ][gc,task     ] GC(2) Using 1 workers of 1 for evacuation
[2025-08-21T16:39:13.843+0000][3183395][debug][gc,age      ] GC(2) Desired survivor size 2097152 bytes, new threshold 15 (max threshold 15)
[2025-08-21T16:39:13.847+0000][3183395][info ][gc,phases   ] GC(2)   Pre Evacuate Collection Set: 0.0ms
[2025-08-21T16:39:13.847+0000][3183395][info ][gc,phases   ] GC(2)   Merge Heap Roots: 0.0ms
[2025-08-21T16:39:13.847+0000][3183395][info ][gc,phases   ] GC(2)   Evacuate Collection Set: 3.5ms
[2025-08-21T16:39:13.847+0000][3183395][info ][gc,phases   ] GC(2)   Post Evacuate Collection Set: 0.2ms
[2025-08-21T16:39:13.847+0000][3183395][info ][gc,phases   ] GC(2)   Other: 0.0ms
[2025-08-21T16:39:13.847+0000][3183395][trace][gc,age      ] GC(2) Age table with threshold 15 (max threshold 15)
[2025-08-21T16:39:13.847+0000][3183395][trace][gc,age      ] GC(2) - age   1:    1927080 bytes,    1927080 total
[2025-08-21T16:39:13.847+0000][3183395][trace][gc,age      ] GC(2) - age   2:    1868152 bytes,    3795232 total
[2025-08-21T16:39:13.847+0000][3183395][info ][gc,heap     ] GC(2) Eden regions: 5->0(5)
[2025-08-21T16:39:13.847+0000][3183395][info ][gc,heap     ] GC(2) Survivor regions: 1->1(1)
[2025-08-21T16:39:13.847+0000][3183395][info ][gc,heap     ] GC(2) Old regions: 2->2
[2025-08-21T16:39:13.847+0000][3183395][info ][gc,heap     ] GC(2) Humongous regions: 0->0
[2025-08-21T16:39:13.847+0000][3183395][info ][gc,metaspace] GC(2) Metaspace: 9705K(9984K)->9705K(9984K) NonClass: 8543K(8704K)->8543K(8704K) Class: 1162K(1280K)->1162K(1280K)
[2025-08-21T16:39:13.847+0000][3183395][info ][gc          ] GC(2) Pause Young (Normal) (G1 Evacuation Pause) 25M->7M(512M) 3.836ms
[2025-08-21T16:39:13.847+0000][3183395][info ][gc,cpu      ] GC(2) User=0.00s Sys=0.00s Real=0.01s
[2025-08-21T16:39:13.847+0000][3183395][info ][safepoint   ] Safepoint "G1CollectForAllocation", Time since last: 62868864 ns, Reaching safepoint: 2153 ns, Cleanup: 12790 ns, At safepoint: 3864034 ns, Total: 3878977 ns
[2025-08-21T16:39:15.109+0000][3183395][info ][safepoint   ] Safepoint "ICBufferFull", Time since last: 1261954449 ns, Reaching safepoint: 2504 ns, Cleanup: 109886 ns, At safepoint: 1262 ns, Total: 113652 ns
[2025-08-21T16:39:15.453+0000][3183395][info ][gc,start    ] GC(3) Pause Young (Normal) (G1 Evacuation Pause)
[2025-08-21T16:39:15.453+0000][3183395][info ][gc,task     ] GC(3) Using 1 workers of 1 for evacuation
[2025-08-21T16:39:15.453+0000][3183395][debug][gc,age      ] GC(3) Desired survivor size 2097152 bytes, new threshold 2 (max threshold 15)
[2025-08-21T16:39:15.459+0000][3183395][info ][gc,phases   ] GC(3)   Pre Evacuate Collection Set: 0.0ms
[2025-08-21T16:39:15.459+0000][3183395][info ][gc,phases   ] GC(3)   Merge Heap Roots: 0.0ms
[2025-08-21T16:39:15.459+0000][3183395][info ][gc,phases   ] GC(3)   Evacuate Collection Set: 5.4ms
[2025-08-21T16:39:15.459+0000][3183395][info ][gc,phases   ] GC(3)   Post Evacuate Collection Set: 0.4ms
[2025-08-21T16:39:15.459+0000][3183395][info ][gc,phases   ] GC(3)   Other: 0.0ms
[2025-08-21T16:39:15.459+0000][3183395][trace][gc,age      ] GC(3) Age table with threshold 2 (max threshold 15)
[2025-08-21T16:39:15.459+0000][3183395][trace][gc,age      ] GC(3) - age   1:    2300784 bytes,    2300784 total
[2025-08-21T16:39:15.459+0000][3183395][trace][gc,age      ] GC(3) - age   2:    1808888 bytes,    4109672 total
[2025-08-21T16:39:15.459+0000][3183395][info ][gc,heap     ] GC(3) Eden regions: 5->0(5)
[2025-08-21T16:39:15.459+0000][3183395][info ][gc,heap     ] GC(3) Survivor regions: 1->1(1)
[2025-08-21T16:39:15.459+0000][3183395][info ][gc,heap     ] GC(3) Old regions: 2->3
[2025-08-21T16:39:15.459+0000][3183395][info ][gc,heap     ] GC(3) Humongous regions: 0->0
[2025-08-21T16:39:15.459+0000][3183395][info ][gc,metaspace] GC(3) Metaspace: 15566K(16064K)->15566K(16064K) NonClass: 13651K(13952K)->13651K(13952K) Class: 1914K(2112K)->1914K(2112K)
[2025-08-21T16:39:15.459+0000][3183395][info ][gc          ] GC(3) Pause Young (Normal) (G1 Evacuation Pause) 27M->9M(512M) 5.928ms
[2025-08-21T16:39:15.459+0000][3183395][info ][gc,cpu      ] GC(3) User=0.00s Sys=0.00s Real=0.01s
[2025-08-21T16:39:15.459+0000][3183395][info ][safepoint   ] Safepoint "G1CollectForAllocation", Time since last: 343697193 ns, Reaching safepoint: 2143 ns, Cleanup: 67302 ns, At safepoint: 5952969 ns, Total: 6022414 ns
[2025-08-21T16:39:17.085+0000][3183395][info ][gc,start    ] GC(4) Pause Young (Normal) (G1 Evacuation Pause)
[2025-08-21T16:39:17.085+0000][3183395][info ][gc,task     ] GC(4) Using 1 workers of 1 for evacuation
[2025-08-21T16:39:17.085+0000][3183395][debug][gc,age      ] GC(4) Desired survivor size 2097152 bytes, new threshold 1 (max threshold 15)
[2025-08-21T16:39:17.090+0000][3183395][info ][gc,phases   ] GC(4)   Pre Evacuate Collection Set: 0.0ms
[2025-08-21T16:39:17.090+0000][3183395][info ][gc,phases   ] GC(4)   Merge Heap Roots: 0.0ms
[2025-08-21T16:39:17.090+0000][3183395][info ][gc,phases   ] GC(4)   Evacuate Collection Set: 4.3ms
[2025-08-21T16:39:17.090+0000][3183395][info ][gc,phases   ] GC(4)   Post Evacuate Collection Set: 0.2ms
[2025-08-21T16:39:17.090+0000][3183395][info ][gc,phases   ] GC(4)   Other: 0.0ms
[2025-08-21T16:39:17.090+0000][3183395][trace][gc,age      ] GC(4) Age table with threshold 1 (max threshold 15)
[2025-08-21T16:39:17.090+0000][3183395][trace][gc,age      ] GC(4) - age   1:     786416 bytes,     786416 total
[2025-08-21T16:39:17.090+0000][3183395][info ][gc,heap     ] GC(4) Eden regions: 5->0(12)
[2025-08-21T16:39:17.090+0000][3183395][info ][gc,heap     ] GC(4) Survivor regions: 1->1(1)
[2025-08-21T16:39:17.090+0000][3183395][info ][gc,heap     ] GC(4) Old regions: 3->3
[2025-08-21T16:39:17.090+0000][3183395][info ][gc,heap     ] GC(4) Humongous regions: 0->0
[2025-08-21T16:39:17.090+0000][3183395][info ][gc,metaspace] GC(4) Metaspace: 20215K(20736K)->20215K(20736K) NonClass: 17945K(18240K)->17945K(18240K) Class: 2270K(2496K)->2270K(2496K)
[2025-08-21T16:39:17.090+0000][3183395][info ][gc          ] GC(4) Pause Young (Normal) (G1 Evacuation Pause) 29M->9M(512M) 4.686ms
[2025-08-21T16:39:17.090+0000][3183395][info ][gc,cpu      ] GC(4) User=0.00s Sys=0.00s Real=0.01s
[2025-08-21T16:39:17.090+0000][3183395][info ][safepoint   ] Safepoint "G1CollectForAllocation", Time since last: 1626240161 ns, Reaching safepoint: 2884 ns, Cleanup: 71879 ns, At safepoint: 4707398 ns, Total: 4782161 ns
[2025-08-21T16:39:18.090+0000][3183395][info ][safepoint   ] Safepoint "Cleanup", Time since last: 1000351060 ns, Reaching safepoint: 23606 ns, Cleanup: 43235 ns, At safepoint: 1552 ns, Total: 68393 ns
[2025-08-21T16:39:19.091+0000][3183395][info ][safepoint   ] Safepoint "Cleanup", Time since last: 1000237990 ns, Reaching safepoint: 316087 ns, Cleanup: 56365 ns, At safepoint: 3135 ns, Total: 375587 ns
[2025-08-21T16:39:19.205+0000][3183395][info ][gc,start    ] GC(5) Pause Young (Normal) (G1 Evacuation Pause)
[2025-08-21T16:39:19.205+0000][3183395][info ][gc,task     ] GC(5) Using 1 workers of 1 for evacuation
[2025-08-21T16:39:19.205+0000][3183395][debug][gc,age      ] GC(5) Desired survivor size 4194304 bytes, new threshold 15 (max threshold 15)
[2025-08-21T16:39:19.209+0000][3183395][info ][gc,phases   ] GC(5)   Pre Evacuate Collection Set: 0.0ms
[2025-08-21T16:39:19.209+0000][3183395][info ][gc,phases   ] GC(5)   Merge Heap Roots: 0.0ms
[2025-08-21T16:39:19.209+0000][3183395][info ][gc,phases   ] GC(5)   Evacuate Collection Set: 3.8ms
[2025-08-21T16:39:19.209+0000][3183395][info ][gc,phases   ] GC(5)   Post Evacuate Collection Set: 0.2ms
[2025-08-21T16:39:19.209+0000][3183395][info ][gc,phases   ] GC(5)   Other: 0.0ms
[2025-08-21T16:39:19.209+0000][3183395][trace][gc,age      ] GC(5) Age table with threshold 15 (max threshold 15)
[2025-08-21T16:39:19.209+0000][3183395][trace][gc,age      ] GC(5) - age   1:    2505160 bytes,    2505160 total
[2025-08-21T16:39:19.209+0000][3183395][trace][gc,age      ] GC(5) - age   2:     728952 bytes,    3234112 total
[2025-08-21T16:39:19.209+0000][3183395][info ][gc,heap     ] GC(5) Eden regions: 13->0(75)
[2025-08-21T16:39:19.209+0000][3183395][info ][gc,heap     ] GC(5) Survivor regions: 1->1(2)
[2025-08-21T16:39:19.209+0000][3183395][info ][gc,heap     ] GC(5) Old regions: 3->3
[2025-08-21T16:39:19.209+0000][3183395][info ][gc,heap     ] GC(5) Humongous regions: 0->0
[2025-08-21T16:39:19.209+0000][3183395][info ][gc,metaspace] GC(5) Metaspace: 20903K(21504K)->20903K(21504K) NonClass: 18591K(18944K)->18591K(18944K) Class: 2311K(2560K)->2311K(2560K)
[2025-08-21T16:39:19.209+0000][3183395][info ][gc          ] GC(5) Pause Young (Normal) (G1 Evacuation Pause) 61M->11M(512M) 4.143ms
[2025-08-21T16:39:19.209+0000][3183395][info ][gc,cpu      ] GC(5) User=0.01s Sys=0.00s Real=0.01s
[2025-08-21T16:39:19.209+0000][3183395][info ][safepoint   ] Safepoint "G1CollectForAllocation", Time since last: 114079273 ns, Reaching safepoint: 2614 ns, Cleanup: 16865 ns, At safepoint: 4166141 ns, Total: 4185620 ns
[2025-08-21T16:39:19.343+0000][3183395][info ][gc,start    ] GC(6) Pause Young (Concurrent Start) (Metadata GC Threshold)
[2025-08-21T16:39:19.343+0000][3183395][info ][gc,task     ] GC(6) Using 1 workers of 1 for evacuation
[2025-08-21T16:39:19.343+0000][3183395][debug][gc,age      ] GC(6) Desired survivor size 20971520 bytes, new threshold 15 (max threshold 15)
[2025-08-21T16:39:19.346+0000][3183395][info ][gc,phases   ] GC(6)   Pre Evacuate Collection Set: 0.0ms
[2025-08-21T16:39:19.346+0000][3183395][info ][gc,phases   ] GC(6)   Merge Heap Roots: 0.0ms
[2025-08-21T16:39:19.346+0000][3183395][info ][gc,phases   ] GC(6)   Evacuate Collection Set: 2.0ms
[2025-08-21T16:39:19.346+0000][3183395][info ][gc,phases   ] GC(6)   Post Evacuate Collection Set: 0.1ms
[2025-08-21T16:39:19.346+0000][3183395][info ][gc,phases   ] GC(6)   Other: 0.0ms
[2025-08-21T16:39:19.346+0000][3183395][trace][gc,age      ] GC(6) Age table with threshold 15 (max threshold 15)
[2025-08-21T16:39:19.346+0000][3183395][trace][gc,age      ] GC(6) - age   1:      61312 bytes,      61312 total
[2025-08-21T16:39:19.346+0000][3183395][trace][gc,age      ] GC(6) - age   2:     943960 bytes,    1005272 total
[2025-08-21T16:39:19.346+0000][3183395][trace][gc,age      ] GC(6) - age   3:     728920 bytes,    1734192 total
[2025-08-21T16:39:19.346+0000][3183395][info ][gc,heap     ] GC(6) Eden regions: 2->0(75)
[2025-08-21T16:39:19.346+0000][3183395][info ][gc,heap     ] GC(6) Survivor regions: 1->1(10)
[2025-08-21T16:39:19.346+0000][3183395][info ][gc,heap     ] GC(6) Old regions: 3->3
[2025-08-21T16:39:19.346+0000][3183395][info ][gc,heap     ] GC(6) Humongous regions: 0->0
[2025-08-21T16:39:19.346+0000][3183395][info ][gc,metaspace] GC(6) Metaspace: 20979K(21504K)->20979K(21504K) NonClass: 18657K(18944K)->18657K(18944K) Class: 2322K(2560K)->2322K(2560K)
[2025-08-21T16:39:19.346+0000][3183395][info ][gc          ] GC(6) Pause Young (Concurrent Start) (Metadata GC Threshold) 19M->10M(512M) 2.344ms
[2025-08-21T16:39:19.346+0000][3183395][info ][gc,cpu      ] GC(6) User=0.00s Sys=0.00s Real=0.01s
[2025-08-21T16:39:19.346+0000][3183395][info ][safepoint   ] Safepoint "CollectForMetadataAllocation", Time since last: 134281249 ns, Reaching safepoint: 2093 ns, Cleanup: 13250 ns, At safepoint: 2407185 ns, Total: 2422528 ns
[2025-08-21T16:39:19.349+0000][3183395][info ][gc          ] GC(7) Concurrent Mark Cycle
[2025-08-21T16:39:19.349+0000][3183395][info ][gc,marking  ] GC(7) Concurrent Scan Root Regions
[2025-08-21T16:39:19.351+0000][3183395][info ][gc,marking  ] GC(7) Concurrent Scan Root Regions 1.560ms
[2025-08-21T16:39:19.351+0000][3183395][info ][gc,marking  ] GC(7) Concurrent Mark
[2025-08-21T16:39:19.351+0000][3183395][info ][gc,marking  ] GC(7) Concurrent Mark From Roots
[2025-08-21T16:39:19.351+0000][3183395][info ][gc,task     ] GC(7) Using 1 workers of 1 for marking
[2025-08-21T16:39:19.360+0000][3183395][info ][gc,marking  ] GC(7) Concurrent Mark From Roots 9.113ms
[2025-08-21T16:39:19.360+0000][3183395][info ][gc,marking  ] GC(7) Concurrent Preclean
[2025-08-21T16:39:19.360+0000][3183395][info ][gc,marking  ] GC(7) Concurrent Preclean 0.012ms
[2025-08-21T16:39:19.404+0000][3183395][info ][gc,start    ] GC(7) Pause Remark
[2025-08-21T16:39:19.413+0000][3183395][info ][gc          ] GC(7) Pause Remark 10M->10M(512M) 8.378ms
[2025-08-21T16:39:19.413+0000][3183395][info ][gc,cpu      ] GC(7) User=0.01s Sys=0.00s Real=0.01s
[2025-08-21T16:39:19.415+0000][3183395][info ][safepoint   ] Safepoint "G1PauseRemark", Time since last: 22699978 ns, Reaching safepoint: 36057588 ns, Cleanup: 2564 ns, At safepoint: 10359343 ns, Total: 46419495 ns
[2025-08-21T16:39:19.415+0000][3183395][info ][gc,marking  ] GC(7) Concurrent Mark 63.877ms
[2025-08-21T16:39:19.415+0000][3183395][info ][gc,marking  ] GC(7) Concurrent Rebuild Remembered Sets and Scrub Regions
[2025-08-21T16:39:19.417+0000][3183395][info ][gc,marking  ] GC(7) Concurrent Rebuild Remembered Sets and Scrub Regions 2.557ms
[2025-08-21T16:39:19.417+0000][3183395][info ][gc,start    ] GC(7) Pause Cleanup
[2025-08-21T16:39:19.418+0000][3183395][info ][gc          ] GC(7) Pause Cleanup 10M->10M(512M) 0.028ms
[2025-08-21T16:39:19.418+0000][3183395][info ][gc,cpu      ] GC(7) User=0.00s Sys=0.00s Real=0.00s
[2025-08-21T16:39:19.418+0000][3183395][info ][safepoint   ] Safepoint "G1PauseCleanup", Time since last: 2691714 ns, Reaching safepoint: 1282 ns, Cleanup: 1102 ns, At safepoint: 41222 ns, Total: 43606 ns
[2025-08-21T16:39:19.418+0000][3183395][info ][gc,marking  ] GC(7) Concurrent Clear Claimed Marks
[2025-08-21T16:39:19.418+0000][3183395][info ][gc,marking  ] GC(7) Concurrent Clear Claimed Marks 0.013ms
[2025-08-21T16:39:19.418+0000][3183395][info ][gc,marking  ] GC(7) Concurrent Cleanup for Next Mark
[2025-08-21T16:39:19.418+0000][3183395][info ][gc,marking  ] GC(7) Concurrent Cleanup for Next Mark 0.277ms
[2025-08-21T16:39:19.418+0000][3183395][info ][gc          ] GC(7) Concurrent Mark Cycle 68.481ms
[2025-08-21T16:39:20.418+0000][3183395][info ][safepoint   ] Safepoint "Cleanup", Time since last: 1000068553 ns, Reaching safepoint: 3425 ns, Cleanup: 64658 ns, At safepoint: 1592 ns, Total: 69675 ns
[2025-08-21T16:39:21.472+0000][3183395][info ][safepoint   ] Safepoint "Cleanup", Time since last: 1054398604 ns, Reaching safepoint: 67662 ns, Cleanup: 68433 ns, At safepoint: 2945 ns, Total: 139040 ns
[2025-08-21T16:39:22.472+0000][3183395][info ][safepoint   ] Safepoint "Cleanup", Time since last: 1000129335 ns, Reaching safepoint: 67341 ns, Cleanup: 65389 ns, At safepoint: 1763 ns, Total: 134493 ns
[2025-08-21T16:39:23.800+0000][3183395][info ][safepoint   ] Safepoint "ICBufferFull", Time since last: 1327291870 ns, Reaching safepoint: 2784 ns, Cleanup: 116686 ns, At safepoint: 1182 ns, Total: 120652 ns
[2025-08-21T16:39:23.862+0000][3183395][info ][gc,start    ] GC(8) Pause Young (Prepare Mixed) (G1 Evacuation Pause)
[2025-08-21T16:39:23.862+0000][3183395][info ][gc,task     ] GC(8) Using 1 workers of 1 for evacuation
[2025-08-21T16:39:23.862+0000][3183395][debug][gc,age      ] GC(8) Desired survivor size 20971520 bytes, new threshold 15 (max threshold 15)
[2025-08-21T16:39:23.873+0000][3183395][info ][gc,phases   ] GC(8)   Pre Evacuate Collection Set: 0.0ms
[2025-08-21T16:39:23.873+0000][3183395][info ][gc,phases   ] GC(8)   Merge Heap Roots: 0.0ms
[2025-08-21T16:39:23.873+0000][3183395][info ][gc,phases   ] GC(8)   Evacuate Collection Set: 10.7ms
[2025-08-21T16:39:23.873+0000][3183395][info ][gc,phases   ] GC(8)   Post Evacuate Collection Set: 0.4ms
[2025-08-21T16:39:23.873+0000][3183395][info ][gc,phases   ] GC(8)   Other: 0.0ms
[2025-08-21T16:39:23.873+0000][3183395][trace][gc,age      ] GC(8) Age table with threshold 15 (max threshold 15)
[2025-08-21T16:39:23.873+0000][3183395][trace][gc,age      ] GC(8) - age   1:   10599784 bytes,   10599784 total
[2025-08-21T16:39:23.873+0000][3183395][trace][gc,age      ] GC(8) - age   2:      58416 bytes,   10658200 total
[2025-08-21T16:39:23.873+0000][3183395][trace][gc,age      ] GC(8) - age   3:     943632 bytes,   11601832 total
[2025-08-21T16:39:23.873+0000][3183395][trace][gc,age      ] GC(8) - age   4:     726760 bytes,   12328592 total
[2025-08-21T16:39:23.873+0000][3183395][info ][gc,heap     ] GC(8) Eden regions: 75->0(38)
[2025-08-21T16:39:23.873+0000][3183395][info ][gc,heap     ] GC(8) Survivor regions: 1->3(10)
[2025-08-21T16:39:23.873+0000][3183395][info ][gc,heap     ] GC(8) Old regions: 3->3
[2025-08-21T16:39:23.873+0000][3183395][info ][gc,heap     ] GC(8) Humongous regions: 0->0
[2025-08-21T16:39:23.873+0000][3183395][info ][gc,metaspace] GC(8) Metaspace: 29440K(30144K)->29440K(30144K) NonClass: 26081K(26496K)->26081K(26496K) Class: 3358K(3648K)->3358K(3648K)
[2025-08-21T16:39:23.873+0000][3183395][info ][gc          ] GC(8) Pause Young (Prepare Mixed) (G1 Evacuation Pause) 310M->20M(512M) 11.310ms
[2025-08-21T16:39:23.873+0000][3183395][info ][gc,cpu      ] GC(8) User=0.01s Sys=0.00s Real=0.01s
[2025-08-21T16:39:23.873+0000][3183395][info ][safepoint   ] Safepoint "G1CollectForAllocation", Time since last: 61874693 ns, Reaching safepoint: 2564 ns, Cleanup: 11898 ns, At safepoint: 11336048 ns, Total: 11350510 ns
[2025-08-21T16:39:24.873+0000][3183395][info ][safepoint   ] Safepoint "Cleanup", Time since last: 1000082925 ns, Reaching safepoint: 3184 ns, Cleanup: 51899 ns, At safepoint: 1702 ns, Total: 56785 ns
[2025-08-21T16:39:24.883+0000][3183395][info ][gc,start    ] GC(9) Pause Young (Mixed) (G1 Evacuation Pause)
[2025-08-21T16:39:24.883+0000][3183395][info ][gc,task     ] GC(9) Using 1 workers of 1 for evacuation
[2025-08-21T16:39:24.883+0000][3183395][debug][gc,age      ] GC(9) Desired survivor size 10485760 bytes, new threshold 1 (max threshold 15)
[2025-08-21T16:39:24.895+0000][3183395][info ][gc,phases   ] GC(9)   Pre Evacuate Collection Set: 0.0ms
[2025-08-21T16:39:24.895+0000][3183395][info ][gc,phases   ] GC(9)   Merge Heap Roots: 0.0ms
[2025-08-21T16:39:24.895+0000][3183395][info ][gc,phases   ] GC(9)   Evacuate Collection Set: 11.4ms
[2025-08-21T16:39:24.895+0000][3183395][info ][gc,phases   ] GC(9)   Post Evacuate Collection Set: 0.4ms
[2025-08-21T16:39:24.895+0000][3183395][info ][gc,phases   ] GC(9)   Other: 0.0ms
[2025-08-21T16:39:24.895+0000][3183395][trace][gc,age      ] GC(9) Age table with threshold 1 (max threshold 15)
[2025-08-21T16:39:24.895+0000][3183395][trace][gc,age      ] GC(9) - age   1:    2050656 bytes,    2050656 total
[2025-08-21T16:39:24.895+0000][3183395][info ][gc,heap     ] GC(9) Eden regions: 37->0(63)
[2025-08-21T16:39:24.895+0000][3183395][info ][gc,heap     ] GC(9) Survivor regions: 3->1(5)
[2025-08-21T16:39:24.895+0000][3183395][info ][gc,heap     ] GC(9) Old regions: 3->5
[2025-08-21T16:39:24.895+0000][3183395][info ][gc,heap     ] GC(9) Humongous regions: 0->0
[2025-08-21T16:39:24.895+0000][3183395][info ][gc,metaspace] GC(9) Metaspace: 29823K(30528K)->29823K(30528K) NonClass: 26428K(26816K)->26428K(26816K) Class: 3394K(3712K)->3394K(3712K)
[2025-08-21T16:39:24.895+0000][3183395][info ][gc          ] GC(9) Pause Young (Mixed) (G1 Evacuation Pause) 168M->22M(512M) 11.989ms
[2025-08-21T16:39:24.895+0000][3183395][info ][gc,cpu      ] GC(9) User=0.01s Sys=0.00s Real=0.01s
[2025-08-21T16:39:24.895+0000][3183395][info ][safepoint   ] Safepoint "G1CollectForAllocation", Time since last: 9335627 ns, Reaching safepoint: 1342 ns, Cleanup: 1092 ns, At safepoint: 12011898 ns, Total: 12014332 ns
[2025-08-21T16:39:26.369+0000][3183395][info ][safepoint   ] Safepoint "Cleanup", Time since last: 1473864349 ns, Reaching safepoint: 78138 ns, Cleanup: 49155 ns, At safepoint: 2674 ns, Total: 129967 ns
[2025-08-21T16:39:26.893+0000][3183395][info ][gc,start    ] GC(10) Pause Young (Normal) (G1 Evacuation Pause)
[2025-08-21T16:39:26.893+0000][3183395][info ][gc,task     ] GC(10) Using 1 workers of 1 for evacuation
[2025-08-21T16:39:26.893+0000][3183395][debug][gc,age      ] GC(10) Desired survivor size 20971520 bytes, new threshold 15 (max threshold 15)
[2025-08-21T16:39:26.895+0000][3183395][info ][gc,phases   ] GC(10)   Pre Evacuate Collection Set: 0.0ms
[2025-08-21T16:39:26.895+0000][3183395][info ][gc,phases   ] GC(10)   Merge Heap Roots: 0.0ms
[2025-08-21T16:39:26.895+0000][3183395][info ][gc,phases   ] GC(10)   Evacuate Collection Set: 2.3ms
[2025-08-21T16:39:26.895+0000][3183395][info ][gc,phases   ] GC(10)   Post Evacuate Collection Set: 0.3ms
[2025-08-21T16:39:26.895+0000][3183395][info ][gc,phases   ] GC(10)   Other: 0.0ms
[2025-08-21T16:39:26.895+0000][3183395][trace][gc,age      ] GC(10) Age table with threshold 15 (max threshold 15)
[2025-08-21T16:39:26.895+0000][3183395][trace][gc,age      ] GC(10) - age   1:    2979608 bytes,    2979608 total
[2025-08-21T16:39:26.895+0000][3183395][trace][gc,age      ] GC(10) - age   2:    1331216 bytes,    4310824 total
[2025-08-21T16:39:26.895+0000][3183395][info ][gc,heap     ] GC(10) Eden regions: 73->0(74)
[2025-08-21T16:39:26.895+0000][3183395][info ][gc,heap     ] GC(10) Survivor regions: 1->2(10)
[2025-08-21T16:39:26.895+0000][3183395][info ][gc,heap     ] GC(10) Old regions: 5->5
[2025-08-21T16:39:26.895+0000][3183395][info ][gc,heap     ] GC(10) Humongous regions: 0->0
[2025-08-21T16:39:26.895+0000][3183395][info ][gc,metaspace] GC(10) Metaspace: 30432K(31232K)->30432K(31232K) NonClass: 26946K(27392K)->26946K(27392K) Class: 3486K(3840K)->3486K(3840K)
[2025-08-21T16:39:26.895+0000][3183395][info ][gc          ] GC(10) Pause Young (Normal) (G1 Evacuation Pause) 314M->23M(512M) 2.734ms
[2025-08-21T16:39:26.895+0000][3183395][info ][gc,cpu      ] GC(10) User=0.00s Sys=0.01s Real=0.01s
[2025-08-21T16:39:26.895+0000][3183395][info ][safepoint   ] Safepoint "G1CollectForAllocation", Time since last: 524042109 ns, Reaching safepoint: 3155 ns, Cleanup: 20170 ns, At safepoint: 2756412 ns, Total: 2779737 ns
[2025-08-21T16:39:28.052+0000][3183395][info ][safepoint   ] Safepoint "Cleanup", Time since last: 1156616686 ns, Reaching safepoint: 1813 ns, Cleanup: 56966 ns, At safepoint: 1091 ns, Total: 59870 ns
[2025-08-21T16:39:28.958+0000][3183395][info ][gc,start    ] GC(11) Pause Young (Concurrent Start) (Metadata GC Threshold)
[2025-08-21T16:39:28.958+0000][3183395][info ][gc,task     ] GC(11) Using 1 workers of 1 for evacuation
[2025-08-21T16:39:28.958+0000][3183395][debug][gc,age      ] GC(11) Desired survivor size 20971520 bytes, new threshold 15 (max threshold 15)
[2025-08-21T16:39:28.962+0000][3183395][info ][gc,phases   ] GC(11)   Pre Evacuate Collection Set: 0.0ms
[2025-08-21T16:39:28.962+0000][3183395][info ][gc,phases   ] GC(11)   Merge Heap Roots: 0.0ms
[2025-08-21T16:39:28.962+0000][3183395][info ][gc,phases   ] GC(11)   Evacuate Collection Set: 3.8ms
[2025-08-21T16:39:28.962+0000][3183395][info ][gc,phases   ] GC(11)   Post Evacuate Collection Set: 0.3ms
[2025-08-21T16:39:28.962+0000][3183395][info ][gc,phases   ] GC(11)   Other: 0.0ms
[2025-08-21T16:39:28.962+0000][3183395][trace][gc,age      ] GC(11) Age table with threshold 15 (max threshold 15)
[2025-08-21T16:39:28.962+0000][3183395][trace][gc,age      ] GC(11) - age   1:    2618448 bytes,    2618448 total
[2025-08-21T16:39:28.962+0000][3183395][trace][gc,age      ] GC(11) - age   2:    2332048 bytes,    4950496 total
[2025-08-21T16:39:28.962+0000][3183395][trace][gc,age      ] GC(11) - age   3:    1331216 bytes,    6281712 total
[2025-08-21T16:39:28.962+0000][3183395][info ][gc,heap     ] GC(11) Eden regions: 13->0(74)
[2025-08-21T16:39:28.962+0000][3183395][info ][gc,heap     ] GC(11) Survivor regions: 2->2(10)
[2025-08-21T16:39:28.962+0000][3183395][info ][gc,heap     ] GC(11) Old regions: 5->5
[2025-08-21T16:39:28.962+0000][3183395][info ][gc,heap     ] GC(11) Humongous regions: 0->0
[2025-08-21T16:39:28.962+0000][3183395][info ][gc,metaspace] GC(11) Metaspace: 35201K(35968K)->35201K(35968K) NonClass: 31225K(31616K)->31225K(31616K) Class: 3976K(4352K)->3976K(4352K)
[2025-08-21T16:39:28.962+0000][3183395][info ][gc          ] GC(11) Pause Young (Concurrent Start) (Metadata GC Threshold) 75M->24M(512M) 4.247ms
[2025-08-21T16:39:28.962+0000][3183395][info ][gc,cpu      ] GC(11) User=0.00s Sys=0.00s Real=0.00s
[2025-08-21T16:39:28.962+0000][3183395][info ][safepoint   ] Safepoint "CollectForMetadataAllocation", Time since last: 905526793 ns, Reaching safepoint: 2674 ns, Cleanup: 29685 ns, At safepoint: 4304490 ns, Total: 4336849 ns
[2025-08-21T16:39:28.965+0000][3183395][info ][gc          ] GC(12) Concurrent Mark Cycle
[2025-08-21T16:39:28.965+0000][3183395][info ][gc,marking  ] GC(12) Concurrent Scan Root Regions
[2025-08-21T16:39:28.967+0000][3183395][info ][gc,marking  ] GC(12) Concurrent Scan Root Regions 1.453ms
[2025-08-21T16:39:28.967+0000][3183395][info ][gc,marking  ] GC(12) Concurrent Mark
[2025-08-21T16:39:28.967+0000][3183395][info ][gc,marking  ] GC(12) Concurrent Mark From Roots
[2025-08-21T16:39:28.967+0000][3183395][info ][gc,task     ] GC(12) Using 1 workers of 1 for marking
[2025-08-21T16:39:28.986+0000][3183395][info ][gc,marking  ] GC(12) Concurrent Mark From Roots 19.648ms
[2025-08-21T16:39:28.986+0000][3183395][info ][gc,marking  ] GC(12) Concurrent Preclean
[2025-08-21T16:39:28.987+0000][3183395][info ][gc,marking  ] GC(12) Concurrent Preclean 0.020ms
[2025-08-21T16:39:29.037+0000][3183395][info ][gc,start    ] GC(12) Pause Remark
[2025-08-21T16:39:29.078+0000][3183395][info ][gc          ] GC(12) Pause Remark 24M->24M(512M) 41.253ms
[2025-08-21T16:39:29.078+0000][3183395][info ][gc,cpu      ] GC(12) User=0.01s Sys=0.00s Real=0.04s
[2025-08-21T16:39:29.078+0000][3183395][info ][safepoint   ] Safepoint "G1PauseRemark", Time since last: 44491593 ns, Reaching safepoint: 30302738 ns, Cleanup: 3355 ns, At safepoint: 41298522 ns, Total: 71604615 ns
[2025-08-21T16:39:29.078+0000][3183395][info ][gc,marking  ] GC(12) Concurrent Mark 111.239ms
[2025-08-21T16:39:29.078+0000][3183395][info ][gc,marking  ] GC(12) Concurrent Rebuild Remembered Sets and Scrub Regions
[2025-08-21T16:39:29.082+0000][3183395][info ][gc,marking  ] GC(12) Concurrent Rebuild Remembered Sets and Scrub Regions 4.297ms
[2025-08-21T16:39:29.082+0000][3183395][info ][gc,start    ] GC(12) Pause Cleanup
[2025-08-21T16:39:29.082+0000][3183395][info ][gc          ] GC(12) Pause Cleanup 25M->25M(512M) 0.036ms
[2025-08-21T16:39:29.082+0000][3183395][info ][gc,cpu      ] GC(12) User=0.00s Sys=0.00s Real=0.00s
[2025-08-21T16:39:29.082+0000][3183395][info ][safepoint   ] Safepoint "G1PauseCleanup", Time since last: 4339824 ns, Reaching safepoint: 1742 ns, Cleanup: 5589 ns, At safepoint: 49795 ns, Total: 57126 ns
[2025-08-21T16:39:29.082+0000][3183395][info ][gc,marking  ] GC(12) Concurrent Clear Claimed Marks
[2025-08-21T16:39:29.082+0000][3183395][info ][gc,marking  ] GC(12) Concurrent Clear Claimed Marks 0.038ms
[2025-08-21T16:39:29.082+0000][3183395][info ][gc,marking  ] GC(12) Concurrent Cleanup for Next Mark
[2025-08-21T16:39:29.092+0000][3183395][info ][gc,marking  ] GC(12) Concurrent Cleanup for Next Mark 9.561ms
[2025-08-21T16:39:29.092+0000][3183395][info ][gc          ] GC(12) Concurrent Mark Cycle 126.721ms
[2025-08-21T16:39:30.083+0000][3183395][info ][safepoint   ] Safepoint "Cleanup", Time since last: 1000072740 ns, Reaching safepoint: 3445 ns, Cleanup: 43596 ns, At safepoint: 2203 ns, Total: 49244 ns
[2025-08-21T16:39:31.083+0000][3183395][info ][safepoint   ] Safepoint "Cleanup", Time since last: 1000097847 ns, Reaching safepoint: 3736 ns, Cleanup: 28483 ns, At safepoint: 1552 ns, Total: 33771 ns
[2025-08-21T16:39:32.122+0000][3183395][info ][safepoint   ] Safepoint "Cleanup", Time since last: 1000084237 ns, Reaching safepoint: 39433236 ns, Cleanup: 32479 ns, At safepoint: 4627 ns, Total: 39470342 ns
[2025-08-21T16:39:33.116+0000][3183395][info ][gc,start    ] GC(13) Pause Young (Normal) (G1 Evacuation Pause)
[2025-08-21T16:39:33.116+0000][3183395][info ][gc,task     ] GC(13) Using 1 workers of 1 for evacuation
[2025-08-21T16:39:33.116+0000][3183395][debug][gc,age      ] GC(13) Desired survivor size 20971520 bytes, new threshold 15 (max threshold 15)
[2025-08-21T16:39:33.122+0000][3183395][info ][gc,phases   ] GC(13)   Pre Evacuate Collection Set: 0.0ms
[2025-08-21T16:39:33.122+0000][3183395][info ][gc,phases   ] GC(13)   Merge Heap Roots: 0.0ms
[2025-08-21T16:39:33.122+0000][3183395][info ][gc,phases   ] GC(13)   Evacuate Collection Set: 5.9ms
[2025-08-21T16:39:33.122+0000][3183395][info ][gc,phases   ] GC(13)   Post Evacuate Collection Set: 0.3ms
[2025-08-21T16:39:33.122+0000][3183395][info ][gc,phases   ] GC(13)   Other: 0.0ms
[2025-08-21T16:39:33.122+0000][3183395][trace][gc,age      ] GC(13) Age table with threshold 15 (max threshold 15)
[2025-08-21T16:39:33.122+0000][3183395][trace][gc,age      ] GC(13) - age   1:    6193840 bytes,    6193840 total
[2025-08-21T16:39:33.122+0000][3183395][trace][gc,age      ] GC(13) - age   2:    2600920 bytes,    8794760 total
[2025-08-21T16:39:33.122+0000][3183395][trace][gc,age      ] GC(13) - age   3:    2330528 bytes,   11125288 total
[2025-08-21T16:39:33.122+0000][3183395][trace][gc,age      ] GC(13) - age   4:    1330464 bytes,   12455752 total
[2025-08-21T16:39:33.122+0000][3183395][info ][gc,heap     ] GC(13) Eden regions: 74->0(73)
[2025-08-21T16:39:33.122+0000][3183395][info ][gc,heap     ] GC(13) Survivor regions: 2->3(10)
[2025-08-21T16:39:33.122+0000][3183395][info ][gc,heap     ] GC(13) Old regions: 5->5
[2025-08-21T16:39:33.122+0000][3183395][info ][gc,heap     ] GC(13) Humongous regions: 0->0
[2025-08-21T16:39:33.122+0000][3183395][info ][gc,metaspace] GC(13) Metaspace: 37421K(38272K)->37421K(38272K) NonClass: 33153K(33664K)->33153K(33664K) Class: 4268K(4608K)->4268K(4608K)
[2025-08-21T16:39:33.122+0000][3183395][info ][gc          ] GC(13) Pause Young (Normal) (G1 Evacuation Pause) 320M->30M(512M) 6.453ms
[2025-08-21T16:39:33.122+0000][3183395][info ][gc,cpu      ] GC(13) User=0.01s Sys=0.00s Real=0.00s
[2025-08-21T16:39:33.122+0000][3183395][info ][safepoint   ] Safepoint "G1CollectForAllocation", Time since last: 993449558 ns, Reaching safepoint: 2624 ns, Cleanup: 31998 ns, At safepoint: 6477852 ns, Total: 6512474 ns
[2025-08-21T16:39:34.153+0000][3183395][info ][safepoint   ] Safepoint "Cleanup", Time since last: 1000159641 ns, Reaching safepoint: 30830084 ns, Cleanup: 23796 ns, At safepoint: 5579 ns, Total: 30859459 ns
[2025-08-21T16:39:35.173+0000][3183395][info ][safepoint   ] Safepoint "Cleanup", Time since last: 1000153041 ns, Reaching safepoint: 20020732 ns, Cleanup: 24386 ns, At safepoint: 3596 ns, Total: 20048714 ns
[2025-08-21T16:39:35.716+0000][3183395][info ][gc,start    ] GC(14) Pause Young (Normal) (G1 Evacuation Pause)
[2025-08-21T16:39:35.716+0000][3183395][info ][gc,task     ] GC(14) Using 1 workers of 1 for evacuation
[2025-08-21T16:39:35.716+0000][3183395][debug][gc,age      ] GC(14) Desired survivor size 20971520 bytes, new threshold 15 (max threshold 15)
[2025-08-21T16:39:35.722+0000][3183395][info ][gc,phases   ] GC(14)   Pre Evacuate Collection Set: 0.0ms
[2025-08-21T16:39:35.722+0000][3183395][info ][gc,phases   ] GC(14)   Merge Heap Roots: 0.0ms
[2025-08-21T16:39:35.722+0000][3183395][info ][gc,phases   ] GC(14)   Evacuate Collection Set: 5.7ms
[2025-08-21T16:39:35.722+0000][3183395][info ][gc,phases   ] GC(14)   Post Evacuate Collection Set: 0.4ms
[2025-08-21T16:39:35.722+0000][3183395][info ][gc,phases   ] GC(14)   Other: 0.0ms
[2025-08-21T16:39:35.722+0000][3183395][trace][gc,age      ] GC(14) Age table with threshold 15 (max threshold 15)
[2025-08-21T16:39:35.722+0000][3183395][trace][gc,age      ] GC(14) - age   1:    1351000 bytes,    1351000 total
[2025-08-21T16:39:35.722+0000][3183395][trace][gc,age      ] GC(14) - age   2:    5634088 bytes,    6985088 total
[2025-08-21T16:39:35.722+0000][3183395][trace][gc,age      ] GC(14) - age   3:    2600888 bytes,    9585976 total
[2025-08-21T16:39:35.722+0000][3183395][trace][gc,age      ] GC(14) - age   4:    2330400 bytes,   11916376 total
[2025-08-21T16:39:35.722+0000][3183395][trace][gc,age      ] GC(14) - age   5:    1330000 bytes,   13246376 total
[2025-08-21T16:39:35.722+0000][3183395][info ][gc,heap     ] GC(14) Eden regions: 73->0(72)
[2025-08-21T16:39:35.722+0000][3183395][info ][gc,heap     ] GC(14) Survivor regions: 3->4(10)
[2025-08-21T16:39:35.722+0000][3183395][info ][gc,heap     ] GC(14) Old regions: 5->5
[2025-08-21T16:39:35.722+0000][3183395][info ][gc,heap     ] GC(14) Humongous regions: 0->0
[2025-08-21T16:39:35.722+0000][3183395][info ][gc,metaspace] GC(14) Metaspace: 38120K(39040K)->38120K(39040K) NonClass: 33751K(34304K)->33751K(34304K) Class: 4369K(4736K)->4369K(4736K)
[2025-08-21T16:39:35.722+0000][3183395][info ][gc          ] GC(14) Pause Young (Normal) (G1 Evacuation Pause) 322M->32M(512M) 6.314ms
[2025-08-21T16:39:35.722+0000][3183395][info ][gc,cpu      ] GC(14) User=0.00s Sys=0.00s Real=0.00s
[2025-08-21T16:39:35.722+0000][3183395][info ][safepoint   ] Safepoint "G1CollectForAllocation", Time since last: 542357315 ns, Reaching safepoint: 2945 ns, Cleanup: 6530 ns, At safepoint: 6338131 ns, Total: 6347606 ns
[2025-08-21T16:39:36.722+0000][3183395][info ][safepoint   ] Safepoint "Cleanup", Time since last: 1000072088 ns, Reaching safepoint: 3315 ns, Cleanup: 29735 ns, At safepoint: 2063 ns, Total: 35113 ns
[2025-08-21T16:39:37.722+0000][3183395][info ][safepoint   ] Safepoint "Cleanup", Time since last: 1000132310 ns, Reaching safepoint: 2894 ns, Cleanup: 26010 ns, At safepoint: 2393 ns, Total: 31297 ns
[2025-08-21T16:39:39.022+0000][3183395][info ][safepoint   ] Safepoint "Cleanup", Time since last: 1290023865 ns, Reaching safepoint: 9472624 ns, Cleanup: 59439 ns, At safepoint: 3886 ns, Total: 9535949 ns
[2025-08-21T16:39:40.022+0000][3183395][info ][safepoint   ] Safepoint "Cleanup", Time since last: 1000086771 ns, Reaching safepoint: 3766 ns, Cleanup: 58698 ns, At safepoint: 1713 ns, Total: 64177 ns
[2025-08-21T16:39:41.022+0000][3183395][info ][safepoint   ] Safepoint "Cleanup", Time since last: 1000092900 ns, Reaching safepoint: 70777 ns, Cleanup: 19039 ns, At safepoint: 2293 ns, Total: 92109 ns
[2025-08-21T16:39:42.022+0000][3183395][info ][safepoint   ] Safepoint "Cleanup", Time since last: 1000058178 ns, Reaching safepoint: 2604 ns, Cleanup: 20641 ns, At safepoint: 2013 ns, Total: 25258 ns
[2025-08-21T16:39:42.369+0000][3183395][info ][gc,start    ] GC(15) Pause Young (Normal) (G1 Evacuation Pause)
[2025-08-21T16:39:42.369+0000][3183395][info ][gc,task     ] GC(15) Using 1 workers of 1 for evacuation
[2025-08-21T16:39:42.369+0000][3183395][debug][gc,age      ] GC(15) Desired survivor size 20971520 bytes, new threshold 15 (max threshold 15)
[2025-08-21T16:39:42.382+0000][3183395][info ][gc,phases   ] GC(15)   Pre Evacuate Collection Set: 0.1ms
[2025-08-21T16:39:42.382+0000][3183395][info ][gc,phases   ] GC(15)   Merge Heap Roots: 0.0ms
[2025-08-21T16:39:42.382+0000][3183395][info ][gc,phases   ] GC(15)   Evacuate Collection Set: 12.0ms
[2025-08-21T16:39:42.382+0000][3183395][info ][gc,phases   ] GC(15)   Post Evacuate Collection Set: 0.7ms
[2025-08-21T16:39:42.382+0000][3183395][info ][gc,phases   ] GC(15)   Other: 0.0ms
[2025-08-21T16:39:42.382+0000][3183395][trace][gc,age      ] GC(15) Age table with threshold 15 (max threshold 15)
[2025-08-21T16:39:42.382+0000][3183395][trace][gc,age      ] GC(15) - age   1:    6825824 bytes,    6825824 total
[2025-08-21T16:39:42.382+0000][3183395][trace][gc,age      ] GC(15) - age   2:    1333824 bytes,    8159648 total
[2025-08-21T16:39:42.382+0000][3183395][trace][gc,age      ] GC(15) - age   3:    5614768 bytes,   13774416 total
[2025-08-21T16:39:42.382+0000][3183395][trace][gc,age      ] GC(15) - age   4:    2598408 bytes,   16372824 total
[2025-08-21T16:39:42.382+0000][3183395][trace][gc,age      ] GC(15) - age   5:    2323408 bytes,   18696232 total
[2025-08-21T16:39:42.382+0000][3183395][trace][gc,age      ] GC(15) - age   6:    1327584 bytes,   20023816 total
[2025-08-21T16:39:42.382+0000][3183395][info ][gc,heap     ] GC(15) Eden regions: 72->0(71)
[2025-08-21T16:39:42.382+0000][3183395][info ][gc,heap     ] GC(15) Survivor regions: 4->5(10)
[2025-08-21T16:39:42.382+0000][3183395][info ][gc,heap     ] GC(15) Old regions: 5->5
[2025-08-21T16:39:42.382+0000][3183395][info ][gc,heap     ] GC(15) Humongous regions: 0->0
[2025-08-21T16:39:42.382+0000][3183395][info ][gc,metaspace] GC(15) Metaspace: 49170K(50368K)->49170K(50368K) NonClass: 43412K(44096K)->43412K(44096K) Class: 5758K(6272K)->5758K(6272K)
[2025-08-21T16:39:42.382+0000][3183395][info ][gc          ] GC(15) Pause Young (Normal) (G1 Evacuation Pause) 320M->38M(512M) 13.054ms
[2025-08-21T16:39:42.382+0000][3183395][info ][gc,cpu      ] GC(15) User=0.01s Sys=0.00s Real=0.01s
[2025-08-21T16:39:42.382+0000][3183395][info ][safepoint   ] Safepoint "G1CollectForAllocation", Time since last: 346259091 ns, Reaching safepoint: 3365 ns, Cleanup: 32369 ns, At safepoint: 13083316 ns, Total: 13119050 ns
[2025-08-21T16:39:42.816+0000][3183395][info ][gc,heap,exit] Heap
[2025-08-21T16:39:42.816+0000][3183395][info ][gc,heap,exit]  garbage-first heap   total 524288K, used 100810K [0x00000000e0000000, 0x0000000100000000)
[2025-08-21T16:39:42.816+0000][3183395][info ][gc,heap,exit]   region size 4096K, 20 young (81920K), 5 survivors (20480K)
[2025-08-21T16:39:42.816+0000][3183395][info ][gc,heap,exit]  Metaspace       used 49416K, committed 50624K, reserved 1114112K
[2025-08-21T16:39:42.816+0000][3183395][info ][gc,heap,exit]   class space    used 5797K, committed 6272K, reserved 1048576K
