[2025-08-19T13:30:47.161+0000][1692266][info][gc,init] CardTable entry size: 512
[2025-08-19T13:30:47.171+0000][1692266][info][gc     ] Using G1
[2025-08-19T13:30:48.237+0000][1692266][info][gc,init] Version: 21.0.2+13-58 (release)
[2025-08-19T13:30:48.237+0000][1692266][info][gc,init] CPUs: 96 total, 1 available
[2025-08-19T13:30:48.237+0000][1692266][info][gc,init] Memory: 125G
[2025-08-19T13:30:48.237+0000][1692266][info][gc,init] Large Page Support: Disabled
[2025-08-19T13:30:48.237+0000][1692266][info][gc,init] NUMA Support: Disabled
[2025-08-19T13:30:48.237+0000][1692266][info][gc,init] Compressed Oops: Enabled (32-bit)
[2025-08-19T13:30:48.238+0000][1692266][info][gc,init] Heap Region Size: 4M
[2025-08-19T13:30:48.238+0000][1692266][info][gc,init] Heap Min Capacity: 512M
[2025-08-19T13:30:48.238+0000][1692266][info][gc,init] Heap Initial Capacity: 512M
[2025-08-19T13:30:48.238+0000][1692266][info][gc,init] Heap Max Capacity: 512M
[2025-08-19T13:30:48.238+0000][1692266][info][gc,init] Pre-touch: Enabled
[2025-08-19T13:30:48.238+0000][1692266][info][gc,init] Parallel Workers: 1
[2025-08-19T13:30:48.238+0000][1692266][info][gc,init] Concurrent Workers: 1
[2025-08-19T13:30:48.238+0000][1692266][info][gc,init] Concurrent Refinement Workers: 1
[2025-08-19T13:30:48.238+0000][1692266][info][gc,init] Periodic GC: Disabled
[2025-08-19T13:30:48.245+0000][1692266][info][gc,metaspace] CDS archive(s) mapped at: [0x000014976f000000-0x000014976fca6000-0x000014976fca6000), size 13262848, SharedBaseAddress: 0x000014976f000000, ArchiveRelocationMode: 1.
[2025-08-19T13:30:48.245+0000][1692266][info][gc,metaspace] Compressed class space mapped at: 0x0000149770000000-0x00001497b0000000, reserved size: 1073741824
[2025-08-19T13:30:48.246+0000][1692266][info][gc,metaspace] Narrow klass base: 0x000014976f000000, Narrow klass shift: 0, Narrow klass range: 0x100000000
[2025-08-19T13:30:48.943+0000][1692266][info][gc,start    ] GC(0) Pause Young (Normal) (G1 Evacuation Pause)
[2025-08-19T13:30:48.943+0000][1692266][info][gc,task     ] GC(0) Using 1 workers of 1 for evacuation
[2025-08-19T13:30:48.943+0000][1692266][debug][gc,age      ] GC(0) Desired survivor size 2097152 bytes, new threshold 15 (max threshold 15)
[2025-08-19T13:30:48.945+0000][1692266][info ][gc,phases   ] GC(0)   Pre Evacuate Collection Set: 0.1ms
[2025-08-19T13:30:48.945+0000][1692266][info ][gc,phases   ] GC(0)   Merge Heap Roots: 0.0ms
[2025-08-19T13:30:48.945+0000][1692266][info ][gc,phases   ] GC(0)   Evacuate Collection Set: 1.8ms
[2025-08-19T13:30:48.945+0000][1692266][info ][gc,phases   ] GC(0)   Post Evacuate Collection Set: 0.1ms
[2025-08-19T13:30:48.945+0000][1692266][info ][gc,phases   ] GC(0)   Other: 0.0ms
[2025-08-19T13:30:48.945+0000][1692266][trace][gc,age      ] GC(0) Age table with threshold 15 (max threshold 15)
[2025-08-19T13:30:48.945+0000][1692266][trace][gc,age      ] GC(0) - age   1:    2261296 bytes,    2261296 total
[2025-08-19T13:30:48.945+0000][1692266][info ][gc,heap     ] GC(0) Eden regions: 6->0(5)
[2025-08-19T13:30:48.945+0000][1692266][info ][gc,heap     ] GC(0) Survivor regions: 0->1(1)
[2025-08-19T13:30:48.945+0000][1692266][info ][gc,heap     ] GC(0) Old regions: 1->1
[2025-08-19T13:30:48.945+0000][1692266][info ][gc,heap     ] GC(0) Humongous regions: 0->0
[2025-08-19T13:30:48.945+0000][1692266][info ][gc,metaspace] GC(0) Metaspace: 1155K(1344K)->1155K(1344K) NonClass: 1072K(1152K)->1072K(1152K) Class: 82K(192K)->82K(192K)
[2025-08-19T13:30:48.945+0000][1692266][info ][gc          ] GC(0) Pause Young (Normal) (G1 Evacuation Pause) 25M->3M(512M) 2.153ms
[2025-08-19T13:30:48.945+0000][1692266][info ][gc,cpu      ] GC(0) User=0.00s Sys=0.00s Real=0.00s
[2025-08-19T13:30:48.945+0000][1692266][info ][safepoint   ] Safepoint "G1CollectForAllocation", Time since last: 674175142 ns, Reaching safepoint: 2574 ns, Cleanup: 78369 ns, At safepoint: 2174483 ns, Total: 2255426 ns
[2025-08-19T13:30:49.951+0000][1692266][info ][safepoint   ] Safepoint "ICBufferFull", Time since last: 1005540783 ns, Reaching safepoint: 2334 ns, Cleanup: 96375 ns, At safepoint: 992 ns, Total: 99701 ns
[2025-08-19T13:30:49.990+0000][1692266][info ][gc,start    ] GC(1) Pause Young (Normal) (G1 Evacuation Pause)
[2025-08-19T13:30:49.990+0000][1692266][info ][gc,task     ] GC(1) Using 1 workers of 1 for evacuation
[2025-08-19T13:30:49.990+0000][1692266][debug][gc,age      ] GC(1) Desired survivor size 2097152 bytes, new threshold 1 (max threshold 15)
[2025-08-19T13:30:49.993+0000][1692266][info ][gc,phases   ] GC(1)   Pre Evacuate Collection Set: 0.1ms
[2025-08-19T13:30:49.993+0000][1692266][info ][gc,phases   ] GC(1)   Merge Heap Roots: 0.0ms
[2025-08-19T13:30:49.993+0000][1692266][info ][gc,phases   ] GC(1)   Evacuate Collection Set: 3.0ms
[2025-08-19T13:30:49.993+0000][1692266][info ][gc,phases   ] GC(1)   Post Evacuate Collection Set: 0.2ms
[2025-08-19T13:30:49.993+0000][1692266][info ][gc,phases   ] GC(1)   Other: 0.0ms
[2025-08-19T13:30:49.993+0000][1692266][trace][gc,age      ] GC(1) Age table with threshold 1 (max threshold 15)
[2025-08-19T13:30:49.993+0000][1692266][trace][gc,age      ] GC(1) - age   1:    1905696 bytes,    1905696 total
[2025-08-19T13:30:49.993+0000][1692266][info ][gc,heap     ] GC(1) Eden regions: 5->0(5)
[2025-08-19T13:30:49.993+0000][1692266][info ][gc,heap     ] GC(1) Survivor regions: 1->1(1)
[2025-08-19T13:30:49.993+0000][1692266][info ][gc,heap     ] GC(1) Old regions: 1->2
[2025-08-19T13:30:49.993+0000][1692266][info ][gc,heap     ] GC(1) Humongous regions: 0->0
[2025-08-19T13:30:49.993+0000][1692266][info ][gc,metaspace] GC(1) Metaspace: 6653K(6912K)->6653K(6912K) NonClass: 5898K(6016K)->5898K(6016K) Class: 754K(896K)->754K(896K)
[2025-08-19T13:30:49.993+0000][1692266][info ][gc          ] GC(1) Pause Young (Normal) (G1 Evacuation Pause) 23M->5M(512M) 3.439ms
[2025-08-19T13:30:49.993+0000][1692266][info ][gc,cpu      ] GC(1) User=0.00s Sys=0.00s Real=0.00s
[2025-08-19T13:30:49.993+0000][1692266][info ][safepoint   ] Safepoint "G1CollectForAllocation", Time since last: 39007800 ns, Reaching safepoint: 1973 ns, Cleanup: 9024 ns, At safepoint: 3461847 ns, Total: 3472844 ns
[2025-08-19T13:30:50.932+0000][1692266][info ][safepoint   ] Safepoint "ICBufferFull", Time since last: 938419843 ns, Reaching safepoint: 2404 ns, Cleanup: 103847 ns, At safepoint: 1282 ns, Total: 107533 ns
[2025-08-19T13:30:51.003+0000][1692266][info ][gc,start    ] GC(2) Pause Young (Normal) (G1 Evacuation Pause)
[2025-08-19T13:30:51.003+0000][1692266][info ][gc,task     ] GC(2) Using 1 workers of 1 for evacuation
[2025-08-19T13:30:51.003+0000][1692266][debug][gc,age      ] GC(2) Desired survivor size 2097152 bytes, new threshold 15 (max threshold 15)
[2025-08-19T13:30:51.008+0000][1692266][info ][gc,phases   ] GC(2)   Pre Evacuate Collection Set: 0.1ms
[2025-08-19T13:30:51.008+0000][1692266][info ][gc,phases   ] GC(2)   Merge Heap Roots: 0.0ms
[2025-08-19T13:30:51.008+0000][1692266][info ][gc,phases   ] GC(2)   Evacuate Collection Set: 4.3ms
[2025-08-19T13:30:51.008+0000][1692266][info ][gc,phases   ] GC(2)   Post Evacuate Collection Set: 0.2ms
[2025-08-19T13:30:51.008+0000][1692266][info ][gc,phases   ] GC(2)   Other: 0.0ms
[2025-08-19T13:30:51.008+0000][1692266][trace][gc,age      ] GC(2) Age table with threshold 15 (max threshold 15)
[2025-08-19T13:30:51.008+0000][1692266][trace][gc,age      ] GC(2) - age   1:    1951640 bytes,    1951640 total
[2025-08-19T13:30:51.008+0000][1692266][trace][gc,age      ] GC(2) - age   2:    1868400 bytes,    3820040 total
[2025-08-19T13:30:51.008+0000][1692266][info ][gc,heap     ] GC(2) Eden regions: 5->0(5)
[2025-08-19T13:30:51.008+0000][1692266][info ][gc,heap     ] GC(2) Survivor regions: 1->1(1)
[2025-08-19T13:30:51.008+0000][1692266][info ][gc,heap     ] GC(2) Old regions: 2->2
[2025-08-19T13:30:51.008+0000][1692266][info ][gc,heap     ] GC(2) Humongous regions: 0->0
[2025-08-19T13:30:51.008+0000][1692266][info ][gc,metaspace] GC(2) Metaspace: 9696K(9984K)->9696K(9984K) NonClass: 8534K(8704K)->8534K(8704K) Class: 1162K(1280K)->1162K(1280K)
[2025-08-19T13:30:51.008+0000][1692266][info ][gc          ] GC(2) Pause Young (Normal) (G1 Evacuation Pause) 25M->7M(512M) 4.725ms
[2025-08-19T13:30:51.008+0000][1692266][info ][gc,cpu      ] GC(2) User=0.00s Sys=0.00s Real=0.01s
[2025-08-19T13:30:51.008+0000][1692266][info ][safepoint   ] Safepoint "G1CollectForAllocation", Time since last: 71688888 ns, Reaching safepoint: 2033 ns, Cleanup: 10806 ns, At safepoint: 4751114 ns, Total: 4763953 ns
[2025-08-19T13:30:52.146+0000][1692266][info ][safepoint   ] Safepoint "Cleanup", Time since last: 1137962616 ns, Reaching safepoint: 1753 ns, Cleanup: 78969 ns, At safepoint: 1332 ns, Total: 82054 ns
[2025-08-19T13:30:53.037+0000][1692266][info ][gc,start    ] GC(3) Pause Young (Normal) (G1 Evacuation Pause)
[2025-08-19T13:30:53.037+0000][1692266][info ][gc,task     ] GC(3) Using 1 workers of 1 for evacuation
[2025-08-19T13:30:53.037+0000][1692266][debug][gc,age      ] GC(3) Desired survivor size 2097152 bytes, new threshold 2 (max threshold 15)
[2025-08-19T13:30:53.043+0000][1692266][info ][gc,phases   ] GC(3)   Pre Evacuate Collection Set: 0.1ms
[2025-08-19T13:30:53.043+0000][1692266][info ][gc,phases   ] GC(3)   Merge Heap Roots: 0.0ms
[2025-08-19T13:30:53.043+0000][1692266][info ][gc,phases   ] GC(3)   Evacuate Collection Set: 5.7ms
[2025-08-19T13:30:53.043+0000][1692266][info ][gc,phases   ] GC(3)   Post Evacuate Collection Set: 0.3ms
[2025-08-19T13:30:53.043+0000][1692266][info ][gc,phases   ] GC(3)   Other: 0.0ms
[2025-08-19T13:30:53.044+0000][1692266][trace][gc,age      ] GC(3) Age table with threshold 2 (max threshold 15)
[2025-08-19T13:30:53.044+0000][1692266][trace][gc,age      ] GC(3) - age   1:    2287936 bytes,    2287936 total
[2025-08-19T13:30:53.044+0000][1692266][trace][gc,age      ] GC(3) - age   2:    1823696 bytes,    4111632 total
[2025-08-19T13:30:53.044+0000][1692266][info ][gc,heap     ] GC(3) Eden regions: 5->0(5)
[2025-08-19T13:30:53.044+0000][1692266][info ][gc,heap     ] GC(3) Survivor regions: 1->1(1)
[2025-08-19T13:30:53.044+0000][1692266][info ][gc,heap     ] GC(3) Old regions: 2->3
[2025-08-19T13:30:53.044+0000][1692266][info ][gc,heap     ] GC(3) Humongous regions: 0->0
[2025-08-19T13:30:53.044+0000][1692266][info ][gc,metaspace] GC(3) Metaspace: 15567K(16064K)->15567K(16064K) NonClass: 13650K(13952K)->13650K(13952K) Class: 1916K(2112K)->1916K(2112K)
[2025-08-19T13:30:53.044+0000][1692266][info ][gc          ] GC(3) Pause Young (Normal) (G1 Evacuation Pause) 27M->9M(512M) 6.286ms
[2025-08-19T13:30:53.044+0000][1692266][info ][gc,cpu      ] GC(3) User=0.00s Sys=0.00s Real=0.00s
[2025-08-19T13:30:53.044+0000][1692266][info ][safepoint   ] Safepoint "G1CollectForAllocation", Time since last: 891089165 ns, Reaching safepoint: 2384 ns, Cleanup: 89465 ns, At safepoint: 6309477 ns, Total: 6401326 ns
[2025-08-19T13:30:54.522+0000][1692266][info ][gc,start    ] GC(4) Pause Young (Normal) (G1 Evacuation Pause)
[2025-08-19T13:30:54.522+0000][1692266][info ][gc,task     ] GC(4) Using 1 workers of 1 for evacuation
[2025-08-19T13:30:54.522+0000][1692266][debug][gc,age      ] GC(4) Desired survivor size 2097152 bytes, new threshold 1 (max threshold 15)
[2025-08-19T13:30:54.527+0000][1692266][info ][gc,phases   ] GC(4)   Pre Evacuate Collection Set: 0.1ms
[2025-08-19T13:30:54.527+0000][1692266][info ][gc,phases   ] GC(4)   Merge Heap Roots: 0.0ms
[2025-08-19T13:30:54.527+0000][1692266][info ][gc,phases   ] GC(4)   Evacuate Collection Set: 4.6ms
[2025-08-19T13:30:54.527+0000][1692266][info ][gc,phases   ] GC(4)   Post Evacuate Collection Set: 0.2ms
[2025-08-19T13:30:54.527+0000][1692266][info ][gc,phases   ] GC(4)   Other: 0.0ms
[2025-08-19T13:30:54.527+0000][1692266][trace][gc,age      ] GC(4) Age table with threshold 1 (max threshold 15)
[2025-08-19T13:30:54.527+0000][1692266][trace][gc,age      ] GC(4) - age   1:     800744 bytes,     800744 total
[2025-08-19T13:30:54.527+0000][1692266][info ][gc,heap     ] GC(4) Eden regions: 5->0(12)
[2025-08-19T13:30:54.527+0000][1692266][info ][gc,heap     ] GC(4) Survivor regions: 1->1(1)
[2025-08-19T13:30:54.527+0000][1692266][info ][gc,heap     ] GC(4) Old regions: 3->3
[2025-08-19T13:30:54.527+0000][1692266][info ][gc,heap     ] GC(4) Humongous regions: 0->0
[2025-08-19T13:30:54.527+0000][1692266][info ][gc,metaspace] GC(4) Metaspace: 20230K(20800K)->20230K(20800K) NonClass: 17960K(18304K)->17960K(18304K) Class: 2270K(2496K)->2270K(2496K)
[2025-08-19T13:30:54.527+0000][1692266][info ][gc          ] GC(4) Pause Young (Normal) (G1 Evacuation Pause) 29M->9M(512M) 5.120ms
[2025-08-19T13:30:54.527+0000][1692266][info ][gc,cpu      ] GC(4) User=0.01s Sys=0.00s Real=0.01s
[2025-08-19T13:30:54.527+0000][1692266][info ][safepoint   ] Safepoint "G1CollectForAllocation", Time since last: 1478420346 ns, Reaching safepoint: 4607 ns, Cleanup: 66370 ns, At safepoint: 5143857 ns, Total: 5214834 ns
[2025-08-19T13:30:55.527+0000][1692266][info ][safepoint   ] Safepoint "Cleanup", Time since last: 1000149703 ns, Reaching safepoint: 73581 ns, Cleanup: 51068 ns, At safepoint: 2563 ns, Total: 127212 ns
[2025-08-19T13:30:56.252+0000][1692266][info ][gc,start    ] GC(5) Pause Young (Normal) (G1 Evacuation Pause)
[2025-08-19T13:30:56.252+0000][1692266][info ][gc,task     ] GC(5) Using 1 workers of 1 for evacuation
[2025-08-19T13:30:56.252+0000][1692266][debug][gc,age      ] GC(5) Desired survivor size 4194304 bytes, new threshold 15 (max threshold 15)
[2025-08-19T13:30:56.256+0000][1692266][info ][gc,phases   ] GC(5)   Pre Evacuate Collection Set: 0.1ms
[2025-08-19T13:30:56.256+0000][1692266][info ][gc,phases   ] GC(5)   Merge Heap Roots: 0.0ms
[2025-08-19T13:30:56.256+0000][1692266][info ][gc,phases   ] GC(5)   Evacuate Collection Set: 2.8ms
[2025-08-19T13:30:56.256+0000][1692266][info ][gc,phases   ] GC(5)   Post Evacuate Collection Set: 0.2ms
[2025-08-19T13:30:56.256+0000][1692266][info ][gc,phases   ] GC(5)   Other: 0.0ms
[2025-08-19T13:30:56.256+0000][1692266][trace][gc,age      ] GC(5) Age table with threshold 15 (max threshold 15)
[2025-08-19T13:30:56.256+0000][1692266][trace][gc,age      ] GC(5) - age   1:    1610520 bytes,    1610520 total
[2025-08-19T13:30:56.256+0000][1692266][trace][gc,age      ] GC(5) - age   2:     728112 bytes,    2338632 total
[2025-08-19T13:30:56.256+0000][1692266][info ][gc,heap     ] GC(5) Eden regions: 12->0(75)
[2025-08-19T13:30:56.256+0000][1692266][info ][gc,heap     ] GC(5) Survivor regions: 1->1(2)
[2025-08-19T13:30:56.256+0000][1692266][info ][gc,heap     ] GC(5) Old regions: 3->3
[2025-08-19T13:30:56.256+0000][1692266][info ][gc,heap     ] GC(5) Humongous regions: 0->0
[2025-08-19T13:30:56.256+0000][1692266][info ][gc,metaspace] GC(5) Metaspace: 20900K(21504K)->20900K(21504K) NonClass: 18588K(18944K)->18588K(18944K) Class: 2311K(2560K)->2311K(2560K)
[2025-08-19T13:30:56.256+0000][1692266][info ][gc          ] GC(5) Pause Young (Normal) (G1 Evacuation Pause) 57M->10M(512M) 3.211ms
[2025-08-19T13:30:56.256+0000][1692266][info ][gc,cpu      ] GC(5) User=0.01s Sys=0.00s Real=0.01s
[2025-08-19T13:30:56.256+0000][1692266][info ][safepoint   ] Safepoint "G1CollectForAllocation", Time since last: 724891092 ns, Reaching safepoint: 2594 ns, Cleanup: 62855 ns, At safepoint: 3234003 ns, Total: 3299452 ns
[2025-08-19T13:30:56.711+0000][1692266][info ][gc,start    ] GC(6) Pause Young (Concurrent Start) (Metadata GC Threshold)
[2025-08-19T13:30:56.711+0000][1692266][info ][gc,task     ] GC(6) Using 1 workers of 1 for evacuation
[2025-08-19T13:30:56.711+0000][1692266][debug][gc,age      ] GC(6) Desired survivor size 20971520 bytes, new threshold 15 (max threshold 15)
[2025-08-19T13:30:56.714+0000][1692266][info ][gc,phases   ] GC(6)   Pre Evacuate Collection Set: 0.1ms
[2025-08-19T13:30:56.714+0000][1692266][info ][gc,phases   ] GC(6)   Merge Heap Roots: 0.0ms
[2025-08-19T13:30:56.714+0000][1692266][info ][gc,phases   ] GC(6)   Evacuate Collection Set: 2.3ms
[2025-08-19T13:30:56.714+0000][1692266][info ][gc,phases   ] GC(6)   Post Evacuate Collection Set: 0.2ms
[2025-08-19T13:30:56.714+0000][1692266][info ][gc,phases   ] GC(6)   Other: 0.0ms
[2025-08-19T13:30:56.714+0000][1692266][trace][gc,age      ] GC(6) Age table with threshold 15 (max threshold 15)
[2025-08-19T13:30:56.714+0000][1692266][trace][gc,age      ] GC(6) - age   1:      61568 bytes,      61568 total
[2025-08-19T13:30:56.714+0000][1692266][trace][gc,age      ] GC(6) - age   2:     942832 bytes,    1004400 total
[2025-08-19T13:30:56.714+0000][1692266][trace][gc,age      ] GC(6) - age   3:     728080 bytes,    1732480 total
[2025-08-19T13:30:56.714+0000][1692266][info ][gc,heap     ] GC(6) Eden regions: 3->0(75)
[2025-08-19T13:30:56.714+0000][1692266][info ][gc,heap     ] GC(6) Survivor regions: 1->1(10)
[2025-08-19T13:30:56.714+0000][1692266][info ][gc,heap     ] GC(6) Old regions: 3->3
[2025-08-19T13:30:56.714+0000][1692266][info ][gc,heap     ] GC(6) Humongous regions: 0->0
[2025-08-19T13:30:56.714+0000][1692266][info ][gc,metaspace] GC(6) Metaspace: 20976K(21504K)->20976K(21504K) NonClass: 18654K(18944K)->18654K(18944K) Class: 2322K(2560K)->2322K(2560K)
[2025-08-19T13:30:56.714+0000][1692266][info ][gc          ] GC(6) Pause Young (Concurrent Start) (Metadata GC Threshold) 21M->10M(512M) 2.803ms
[2025-08-19T13:30:56.714+0000][1692266][info ][gc,cpu      ] GC(6) User=0.00s Sys=0.00s Real=0.00s
[2025-08-19T13:30:56.714+0000][1692266][info ][safepoint   ] Safepoint "CollectForMetadataAllocation", Time since last: 455091133 ns, Reaching safepoint: 1963 ns, Cleanup: 23706 ns, At safepoint: 2863103 ns, Total: 2888772 ns
[2025-08-19T13:30:56.717+0000][1692266][info ][gc          ] GC(7) Concurrent Mark Cycle
[2025-08-19T13:30:56.717+0000][1692266][info ][gc,marking  ] GC(7) Concurrent Scan Root Regions
[2025-08-19T13:30:56.719+0000][1692266][info ][gc,marking  ] GC(7) Concurrent Scan Root Regions 1.661ms
[2025-08-19T13:30:56.719+0000][1692266][info ][gc,marking  ] GC(7) Concurrent Mark
[2025-08-19T13:30:56.719+0000][1692266][info ][gc,marking  ] GC(7) Concurrent Mark From Roots
[2025-08-19T13:30:56.719+0000][1692266][info ][gc,task     ] GC(7) Using 1 workers of 1 for marking
[2025-08-19T13:30:56.729+0000][1692266][info ][gc,marking  ] GC(7) Concurrent Mark From Roots 9.894ms
[2025-08-19T13:30:56.729+0000][1692266][info ][gc,marking  ] GC(7) Concurrent Preclean
[2025-08-19T13:30:56.729+0000][1692266][info ][gc,marking  ] GC(7) Concurrent Preclean 0.013ms
[2025-08-19T13:30:56.748+0000][1692266][info ][gc,start    ] GC(7) Pause Remark
[2025-08-19T13:30:56.757+0000][1692266][info ][gc          ] GC(7) Pause Remark 10M->10M(512M) 8.679ms
[2025-08-19T13:30:56.757+0000][1692266][info ][gc,cpu      ] GC(7) User=0.01s Sys=0.00s Real=0.01s
[2025-08-19T13:30:56.759+0000][1692266][info ][safepoint   ] Safepoint "G1PauseRemark", Time since last: 20732756 ns, Reaching safepoint: 13990775 ns, Cleanup: 2173 ns, At safepoint: 10724053 ns, Total: 24717001 ns
[2025-08-19T13:30:56.759+0000][1692266][info ][gc,marking  ] GC(7) Concurrent Mark 40.408ms
[2025-08-19T13:30:56.759+0000][1692266][info ][gc,marking  ] GC(7) Concurrent Rebuild Remembered Sets and Scrub Regions
[2025-08-19T13:30:56.762+0000][1692266][info ][gc,marking  ] GC(7) Concurrent Rebuild Remembered Sets and Scrub Regions 2.825ms
[2025-08-19T13:30:56.763+0000][1692266][info ][gc,start    ] GC(7) Pause Cleanup
[2025-08-19T13:30:56.765+0000][1692266][info ][gc          ] GC(7) Pause Cleanup 10M->10M(512M) 2.555ms
[2025-08-19T13:30:56.765+0000][1692266][info ][gc,cpu      ] GC(7) User=0.00s Sys=0.00s Real=0.00s
[2025-08-19T13:30:56.765+0000][1692266][info ][safepoint   ] Safepoint "G1PauseCleanup", Time since last: 3240373 ns, Reaching safepoint: 182065 ns, Cleanup: 872 ns, At safepoint: 2585083 ns, Total: 2768020 ns
[2025-08-19T13:30:56.765+0000][1692266][info ][gc,marking  ] GC(7) Concurrent Clear Claimed Marks
[2025-08-19T13:30:56.765+0000][1692266][info ][gc,marking  ] GC(7) Concurrent Clear Claimed Marks 0.017ms
[2025-08-19T13:30:56.765+0000][1692266][info ][gc,marking  ] GC(7) Concurrent Cleanup for Next Mark
[2025-08-19T13:30:56.765+0000][1692266][info ][gc,marking  ] GC(7) Concurrent Cleanup for Next Mark 0.286ms
[2025-08-19T13:30:56.766+0000][1692266][info ][gc          ] GC(7) Concurrent Mark Cycle 48.174ms
[2025-08-19T13:30:58.587+0000][1692266][info ][safepoint   ] Safepoint "Cleanup", Time since last: 1817537702 ns, Reaching safepoint: 4200613 ns, Cleanup: 103836 ns, At safepoint: 3245 ns, Total: 4307694 ns
[2025-08-19T13:30:59.587+0000][1692266][info ][safepoint   ] Safepoint "Cleanup", Time since last: 1000101501 ns, Reaching safepoint: 3385 ns, Cleanup: 76405 ns, At safepoint: 1753 ns, Total: 81543 ns
[2025-08-19T13:31:00.790+0000][1692266][info ][safepoint   ] Safepoint "ICBufferFull", Time since last: 1202541147 ns, Reaching safepoint: 2795 ns, Cleanup: 112580 ns, At safepoint: 1532 ns, Total: 116907 ns
[2025-08-19T13:31:00.920+0000][1692266][info ][gc,start    ] GC(8) Pause Young (Prepare Mixed) (G1 Evacuation Pause)
[2025-08-19T13:31:00.920+0000][1692266][info ][gc,task     ] GC(8) Using 1 workers of 1 for evacuation
[2025-08-19T13:31:00.920+0000][1692266][debug][gc,age      ] GC(8) Desired survivor size 20971520 bytes, new threshold 15 (max threshold 15)
[2025-08-19T13:31:00.934+0000][1692266][info ][gc,phases   ] GC(8)   Pre Evacuate Collection Set: 0.0ms
[2025-08-19T13:31:00.934+0000][1692266][info ][gc,phases   ] GC(8)   Merge Heap Roots: 0.0ms
[2025-08-19T13:31:00.934+0000][1692266][info ][gc,phases   ] GC(8)   Evacuate Collection Set: 12.6ms
[2025-08-19T13:31:00.934+0000][1692266][info ][gc,phases   ] GC(8)   Post Evacuate Collection Set: 1.7ms
[2025-08-19T13:31:00.934+0000][1692266][info ][gc,phases   ] GC(8)   Other: 0.1ms
[2025-08-19T13:31:00.934+0000][1692266][trace][gc,age      ] GC(8) Age table with threshold 15 (max threshold 15)
[2025-08-19T13:31:00.934+0000][1692266][trace][gc,age      ] GC(8) - age   1:    9262392 bytes,    9262392 total
[2025-08-19T13:31:00.934+0000][1692266][trace][gc,age      ] GC(8) - age   2:      58672 bytes,    9321064 total
[2025-08-19T13:31:00.934+0000][1692266][trace][gc,age      ] GC(8) - age   3:     942504 bytes,   10263568 total
[2025-08-19T13:31:00.934+0000][1692266][trace][gc,age      ] GC(8) - age   4:     726016 bytes,   10989584 total
[2025-08-19T13:31:00.934+0000][1692266][info ][gc,heap     ] GC(8) Eden regions: 75->0(40)
[2025-08-19T13:31:00.934+0000][1692266][info ][gc,heap     ] GC(8) Survivor regions: 1->3(10)
[2025-08-19T13:31:00.934+0000][1692266][info ][gc,heap     ] GC(8) Old regions: 3->3
[2025-08-19T13:31:00.934+0000][1692266][info ][gc,heap     ] GC(8) Humongous regions: 0->0
[2025-08-19T13:31:00.934+0000][1692266][info ][gc,metaspace] GC(8) Metaspace: 29406K(30080K)->29406K(30080K) NonClass: 26045K(26432K)->26045K(26432K) Class: 3361K(3648K)->3361K(3648K)
[2025-08-19T13:31:00.935+0000][1692266][info ][gc          ] GC(8) Pause Young (Prepare Mixed) (G1 Evacuation Pause) 310M->19M(512M) 14.592ms
[2025-08-19T13:31:00.935+0000][1692266][info ][gc,cpu      ] GC(8) User=0.01s Sys=0.00s Real=0.01s
[2025-08-19T13:31:00.935+0000][1692266][info ][safepoint   ] Safepoint "G1CollectForAllocation", Time since last: 130098074 ns, Reaching safepoint: 3265 ns, Cleanup: 21101 ns, At safepoint: 14619105 ns, Total: 14643471 ns
[2025-08-19T13:31:01.956+0000][1692266][info ][safepoint   ] Safepoint "Cleanup", Time since last: 1000076773 ns, Reaching safepoint: 21028663 ns, Cleanup: 49745 ns, At safepoint: 6489 ns, Total: 21084897 ns
[2025-08-19T13:31:02.025+0000][1692266][info ][gc,start    ] GC(9) Pause Young (Mixed) (G1 Evacuation Pause)
[2025-08-19T13:31:02.025+0000][1692266][info ][gc,task     ] GC(9) Using 1 workers of 1 for evacuation
[2025-08-19T13:31:02.025+0000][1692266][debug][gc,age      ] GC(9) Desired survivor size 12582912 bytes, new threshold 15 (max threshold 15)
[2025-08-19T13:31:02.042+0000][1692266][info ][gc,phases   ] GC(9)   Pre Evacuate Collection Set: 0.1ms
[2025-08-19T13:31:02.042+0000][1692266][info ][gc,phases   ] GC(9)   Merge Heap Roots: 0.0ms
[2025-08-19T13:31:02.042+0000][1692266][info ][gc,phases   ] GC(9)   Evacuate Collection Set: 16.6ms
[2025-08-19T13:31:02.042+0000][1692266][info ][gc,phases   ] GC(9)   Post Evacuate Collection Set: 0.5ms
[2025-08-19T13:31:02.042+0000][1692266][info ][gc,phases   ] GC(9)   Other: 0.0ms
[2025-08-19T13:31:02.042+0000][1692266][trace][gc,age      ] GC(9) Age table with threshold 15 (max threshold 15)
[2025-08-19T13:31:02.042+0000][1692266][trace][gc,age      ] GC(9) - age   1:    2720784 bytes,    2720784 total
[2025-08-19T13:31:02.042+0000][1692266][trace][gc,age      ] GC(9) - age   2:    8525704 bytes,   11246488 total
[2025-08-19T13:31:02.042+0000][1692266][trace][gc,age      ] GC(9) - age   3:      58640 bytes,   11305128 total
[2025-08-19T13:31:02.042+0000][1692266][trace][gc,age      ] GC(9) - age   4:     942504 bytes,   12247632 total
[2025-08-19T13:31:02.042+0000][1692266][trace][gc,age      ] GC(9) - age   5:     726016 bytes,   12973648 total
[2025-08-19T13:31:02.042+0000][1692266][info ][gc,heap     ] GC(9) Eden regions: 40->0(35)
[2025-08-19T13:31:02.042+0000][1692266][info ][gc,heap     ] GC(9) Survivor regions: 3->4(6)
[2025-08-19T13:31:02.042+0000][1692266][info ][gc,heap     ] GC(9) Old regions: 3->3
[2025-08-19T13:31:02.042+0000][1692266][info ][gc,heap     ] GC(9) Humongous regions: 0->0
[2025-08-19T13:31:02.042+0000][1692266][info ][gc,metaspace] GC(9) Metaspace: 29800K(30528K)->29800K(30528K) NonClass: 26400K(26816K)->26400K(26816K) Class: 3400K(3712K)->3400K(3712K)
[2025-08-19T13:31:02.042+0000][1692266][info ][gc          ] GC(9) Pause Young (Mixed) (G1 Evacuation Pause) 179M->22M(512M) 17.470ms
[2025-08-19T13:31:02.042+0000][1692266][info ][gc,cpu      ] GC(9) User=0.02s Sys=0.00s Real=0.02s
[2025-08-19T13:31:02.042+0000][1692266][info ][safepoint   ] Safepoint "G1CollectForAllocation", Time since last: 68924264 ns, Reaching safepoint: 3114 ns, Cleanup: 5058 ns, At safepoint: 17495708 ns, Total: 17503880 ns
[2025-08-19T13:31:02.979+0000][1692266][info ][gc,start    ] GC(10) Pause Young (Normal) (G1 Evacuation Pause)
[2025-08-19T13:31:02.979+0000][1692266][info ][gc,task     ] GC(10) Using 1 workers of 1 for evacuation
[2025-08-19T13:31:02.979+0000][1692266][debug][gc,age      ] GC(10) Desired survivor size 10485760 bytes, new threshold 2 (max threshold 15)
[2025-08-19T13:31:02.989+0000][1692266][info ][gc,phases   ] GC(10)   Pre Evacuate Collection Set: 0.1ms
[2025-08-19T13:31:02.989+0000][1692266][info ][gc,phases   ] GC(10)   Merge Heap Roots: 0.0ms
[2025-08-19T13:31:02.989+0000][1692266][info ][gc,phases   ] GC(10)   Evacuate Collection Set: 10.0ms
[2025-08-19T13:31:02.989+0000][1692266][info ][gc,phases   ] GC(10)   Post Evacuate Collection Set: 0.3ms
[2025-08-19T13:31:02.989+0000][1692266][info ][gc,phases   ] GC(10)   Other: 0.0ms
[2025-08-19T13:31:02.989+0000][1692266][trace][gc,age      ] GC(10) Age table with threshold 2 (max threshold 15)
[2025-08-19T13:31:02.989+0000][1692266][trace][gc,age      ] GC(10) - age   1:     820760 bytes,     820760 total
[2025-08-19T13:31:02.989+0000][1692266][trace][gc,age      ] GC(10) - age   2:    1957840 bytes,    2778600 total
[2025-08-19T13:31:02.989+0000][1692266][info ][gc,heap     ] GC(10) Eden regions: 34->0(75)
[2025-08-19T13:31:02.989+0000][1692266][info ][gc,heap     ] GC(10) Survivor regions: 4->1(5)
[2025-08-19T13:31:02.989+0000][1692266][info ][gc,heap     ] GC(10) Old regions: 3->5
[2025-08-19T13:31:02.989+0000][1692266][info ][gc,heap     ] GC(10) Humongous regions: 0->0
[2025-08-19T13:31:02.989+0000][1692266][info ][gc,metaspace] GC(10) Metaspace: 30188K(30912K)->30188K(30912K) NonClass: 26734K(27136K)->26734K(27136K) Class: 3453K(3776K)->3453K(3776K)
[2025-08-19T13:31:02.989+0000][1692266][info ][gc          ] GC(10) Pause Young (Normal) (G1 Evacuation Pause) 158M->22M(512M) 10.617ms
[2025-08-19T13:31:02.989+0000][1692266][info ][gc,cpu      ] GC(10) User=0.01s Sys=0.00s Real=0.01s
[2025-08-19T13:31:02.989+0000][1692266][info ][safepoint   ] Safepoint "G1CollectForAllocation", Time since last: 936396588 ns, Reaching safepoint: 2844 ns, Cleanup: 39600 ns, At safepoint: 10642239 ns, Total: 10684683 ns
[2025-08-19T13:31:04.442+0000][1692266][info ][safepoint   ] Safepoint "Cleanup", Time since last: 1452885530 ns, Reaching safepoint: 1873 ns, Cleanup: 69254 ns, At safepoint: 1282 ns, Total: 72409 ns
[2025-08-19T13:31:05.113+0000][1692266][info ][gc,start    ] GC(11) Pause Young (Concurrent Start) (Metadata GC Threshold)
[2025-08-19T13:31:05.113+0000][1692266][info ][gc,task     ] GC(11) Using 1 workers of 1 for evacuation
[2025-08-19T13:31:05.113+0000][1692266][debug][gc,age      ] GC(11) Desired survivor size 20971520 bytes, new threshold 15 (max threshold 15)
[2025-08-19T13:31:05.120+0000][1692266][info ][gc,phases   ] GC(11)   Pre Evacuate Collection Set: 0.1ms
[2025-08-19T13:31:05.120+0000][1692266][info ][gc,phases   ] GC(11)   Merge Heap Roots: 0.0ms
[2025-08-19T13:31:05.121+0000][1692266][info ][gc,phases   ] GC(11)   Evacuate Collection Set: 7.2ms
[2025-08-19T13:31:05.121+0000][1692266][info ][gc,phases   ] GC(11)   Post Evacuate Collection Set: 0.3ms
[2025-08-19T13:31:05.121+0000][1692266][info ][gc,phases   ] GC(11)   Other: 0.0ms
[2025-08-19T13:31:05.121+0000][1692266][trace][gc,age      ] GC(11) Age table with threshold 15 (max threshold 15)
[2025-08-19T13:31:05.121+0000][1692266][trace][gc,age      ] GC(11) - age   1:    3169424 bytes,    3169424 total
[2025-08-19T13:31:05.121+0000][1692266][trace][gc,age      ] GC(11) - age   2:     807248 bytes,    3976672 total
[2025-08-19T13:31:05.121+0000][1692266][trace][gc,age      ] GC(11) - age   3:    1957840 bytes,    5934512 total
[2025-08-19T13:31:05.121+0000][1692266][info ][gc,heap     ] GC(11) Eden regions: 37->0(74)
[2025-08-19T13:31:05.121+0000][1692266][info ][gc,heap     ] GC(11) Survivor regions: 1->2(10)
[2025-08-19T13:31:05.121+0000][1692266][info ][gc,heap     ] GC(11) Old regions: 5->5
[2025-08-19T13:31:05.121+0000][1692266][info ][gc,heap     ] GC(11) Humongous regions: 0->0
[2025-08-19T13:31:05.121+0000][1692266][info ][gc,metaspace] GC(11) Metaspace: 35217K(35968K)->35217K(35968K) NonClass: 31231K(31616K)->31231K(31616K) Class: 3985K(4352K)->3985K(4352K)
[2025-08-19T13:31:05.121+0000][1692266][info ][gc          ] GC(11) Pause Young (Concurrent Start) (Metadata GC Threshold) 168M->24M(512M) 7.735ms
[2025-08-19T13:31:05.121+0000][1692266][info ][gc,cpu      ] GC(11) User=0.01s Sys=0.00s Real=0.01s
[2025-08-19T13:31:05.121+0000][1692266][info ][safepoint   ] Safepoint "CollectForMetadataAllocation", Time since last: 670624581 ns, Reaching safepoint: 2404 ns, Cleanup: 30566 ns, At safepoint: 7803233 ns, Total: 7836203 ns
[2025-08-19T13:31:05.124+0000][1692266][info ][gc          ] GC(12) Concurrent Mark Cycle
[2025-08-19T13:31:05.124+0000][1692266][info ][gc,marking  ] GC(12) Concurrent Scan Root Regions
[2025-08-19T13:31:05.126+0000][1692266][info ][gc,marking  ] GC(12) Concurrent Scan Root Regions 1.236ms
[2025-08-19T13:31:05.126+0000][1692266][info ][gc,marking  ] GC(12) Concurrent Mark
[2025-08-19T13:31:05.126+0000][1692266][info ][gc,marking  ] GC(12) Concurrent Mark From Roots
[2025-08-19T13:31:05.126+0000][1692266][info ][gc,task     ] GC(12) Using 1 workers of 1 for marking
[2025-08-19T13:31:05.144+0000][1692266][info ][gc,marking  ] GC(12) Concurrent Mark From Roots 18.136ms
[2025-08-19T13:31:05.144+0000][1692266][info ][gc,marking  ] GC(12) Concurrent Preclean
[2025-08-19T13:31:05.144+0000][1692266][info ][gc,marking  ] GC(12) Concurrent Preclean 0.024ms
[2025-08-19T13:31:05.200+0000][1692266][info ][gc,start    ] GC(12) Pause Remark
[2025-08-19T13:31:05.209+0000][1692266][info ][gc          ] GC(12) Pause Remark 24M->24M(512M) 8.926ms
[2025-08-19T13:31:05.209+0000][1692266][info ][gc,cpu      ] GC(12) User=0.01s Sys=0.00s Real=0.01s
[2025-08-19T13:31:05.209+0000][1692266][info ][safepoint   ] Safepoint "G1PauseRemark", Time since last: 62772514 ns, Reaching safepoint: 16548067 ns, Cleanup: 2704 ns, At safepoint: 9011728 ns, Total: 25562499 ns
[2025-08-19T13:31:05.209+0000][1692266][info ][gc,marking  ] GC(12) Concurrent Mark 83.731ms
[2025-08-19T13:31:05.209+0000][1692266][info ][gc,marking  ] GC(12) Concurrent Rebuild Remembered Sets and Scrub Regions
[2025-08-19T13:31:05.214+0000][1692266][info ][gc,marking  ] GC(12) Concurrent Rebuild Remembered Sets and Scrub Regions 4.642ms
[2025-08-19T13:31:05.230+0000][1692266][info ][gc,start    ] GC(12) Pause Cleanup
[2025-08-19T13:31:05.230+0000][1692266][info ][gc          ] GC(12) Pause Cleanup 24M->24M(512M) 0.085ms
[2025-08-19T13:31:05.231+0000][1692266][info ][gc,cpu      ] GC(12) User=0.00s Sys=0.00s Real=0.00s
[2025-08-19T13:31:05.231+0000][1692266][info ][safepoint   ] Safepoint "G1PauseCleanup", Time since last: 5104878 ns, Reaching safepoint: 16171408 ns, Cleanup: 7221 ns, At safepoint: 445953 ns, Total: 16624582 ns
[2025-08-19T13:31:05.231+0000][1692266][info ][gc,marking  ] GC(12) Concurrent Clear Claimed Marks
[2025-08-19T13:31:05.231+0000][1692266][info ][gc,marking  ] GC(12) Concurrent Clear Claimed Marks 0.032ms
[2025-08-19T13:31:05.231+0000][1692266][info ][gc,marking  ] GC(12) Concurrent Cleanup for Next Mark
[2025-08-19T13:31:05.237+0000][1692266][info ][gc,marking  ] GC(12) Concurrent Cleanup for Next Mark 5.771ms
[2025-08-19T13:31:05.237+0000][1692266][info ][gc          ] GC(12) Concurrent Mark Cycle 112.167ms
[2025-08-19T13:31:06.257+0000][1692266][info ][safepoint   ] Safepoint "Cleanup", Time since last: 1000072918 ns, Reaching safepoint: 26457489 ns, Cleanup: 60221 ns, At safepoint: 7542 ns, Total: 26525252 ns
[2025-08-19T13:31:07.274+0000][1692266][info ][safepoint   ] Safepoint "Cleanup", Time since last: 1000085947 ns, Reaching safepoint: 16505212 ns, Cleanup: 32369 ns, At safepoint: 5929 ns, Total: 16543510 ns
[2025-08-19T13:31:08.311+0000][1692266][info ][safepoint   ] Safepoint "Cleanup", Time since last: 1000093728 ns, Reaching safepoint: 37308124 ns, Cleanup: 72680 ns, At safepoint: 5098 ns, Total: 37385902 ns
[2025-08-19T13:31:08.425+0000][1692266][info ][gc,start    ] GC(13) Pause Young (Normal) (G1 Evacuation Pause)
[2025-08-19T13:31:08.425+0000][1692266][info ][gc,task     ] GC(13) Using 1 workers of 1 for evacuation
[2025-08-19T13:31:08.425+0000][1692266][debug][gc,age      ] GC(13) Desired survivor size 20971520 bytes, new threshold 15 (max threshold 15)
[2025-08-19T13:31:08.432+0000][1692266][info ][gc,phases   ] GC(13)   Pre Evacuate Collection Set: 0.1ms
[2025-08-19T13:31:08.432+0000][1692266][info ][gc,phases   ] GC(13)   Merge Heap Roots: 0.0ms
[2025-08-19T13:31:08.432+0000][1692266][info ][gc,phases   ] GC(13)   Evacuate Collection Set: 6.3ms
[2025-08-19T13:31:08.432+0000][1692266][info ][gc,phases   ] GC(13)   Post Evacuate Collection Set: 0.3ms
[2025-08-19T13:31:08.432+0000][1692266][info ][gc,phases   ] GC(13)   Other: 0.0ms
[2025-08-19T13:31:08.432+0000][1692266][trace][gc,age      ] GC(13) Age table with threshold 15 (max threshold 15)
[2025-08-19T13:31:08.432+0000][1692266][trace][gc,age      ] GC(13) - age   1:    5910744 bytes,    5910744 total
[2025-08-19T13:31:08.432+0000][1692266][trace][gc,age      ] GC(13) - age   2:    3155968 bytes,    9066712 total
[2025-08-19T13:31:08.432+0000][1692266][trace][gc,age      ] GC(13) - age   3:     806520 bytes,    9873232 total
[2025-08-19T13:31:08.432+0000][1692266][trace][gc,age      ] GC(13) - age   4:    1956512 bytes,   11829744 total
[2025-08-19T13:31:08.432+0000][1692266][info ][gc,heap     ] GC(13) Eden regions: 74->0(73)
[2025-08-19T13:31:08.432+0000][1692266][info ][gc,heap     ] GC(13) Survivor regions: 2->3(10)
[2025-08-19T13:31:08.432+0000][1692266][info ][gc,heap     ] GC(13) Old regions: 5->5
[2025-08-19T13:31:08.432+0000][1692266][info ][gc,heap     ] GC(13) Humongous regions: 0->0
[2025-08-19T13:31:08.432+0000][1692266][info ][gc,metaspace] GC(13) Metaspace: 37430K(38336K)->37430K(38336K) NonClass: 33154K(33664K)->33154K(33664K) Class: 4276K(4672K)->4276K(4672K)
[2025-08-19T13:31:08.432+0000][1692266][info ][gc          ] GC(13) Pause Young (Normal) (G1 Evacuation Pause) 320M->30M(512M) 6.919ms
[2025-08-19T13:31:08.432+0000][1692266][info ][gc,cpu      ] GC(13) User=0.01s Sys=0.00s Real=0.01s
[2025-08-19T13:31:08.432+0000][1692266][info ][safepoint   ] Safepoint "G1CollectForAllocation", Time since last: 113644449 ns, Reaching safepoint: 2804 ns, Cleanup: 12039 ns, At safepoint: 6945006 ns, Total: 6959849 ns
[2025-08-19T13:31:09.432+0000][1692266][info ][safepoint   ] Safepoint "Cleanup", Time since last: 1000071996 ns, Reaching safepoint: 3545 ns, Cleanup: 18779 ns, At safepoint: 1973 ns, Total: 24297 ns
[2025-08-19T13:31:10.080+0000][1692266][info ][gc,start    ] GC(14) Pause Young (Normal) (G1 Evacuation Pause)
[2025-08-19T13:31:10.080+0000][1692266][info ][gc,task     ] GC(14) Using 1 workers of 1 for evacuation
[2025-08-19T13:31:10.080+0000][1692266][debug][gc,age      ] GC(14) Desired survivor size 20971520 bytes, new threshold 15 (max threshold 15)
[2025-08-19T13:31:10.087+0000][1692266][info ][gc,phases   ] GC(14)   Pre Evacuate Collection Set: 0.1ms
[2025-08-19T13:31:10.087+0000][1692266][info ][gc,phases   ] GC(14)   Merge Heap Roots: 0.0ms
[2025-08-19T13:31:10.087+0000][1692266][info ][gc,phases   ] GC(14)   Evacuate Collection Set: 6.3ms
[2025-08-19T13:31:10.087+0000][1692266][info ][gc,phases   ] GC(14)   Post Evacuate Collection Set: 0.4ms
[2025-08-19T13:31:10.087+0000][1692266][info ][gc,phases   ] GC(14)   Other: 0.0ms
[2025-08-19T13:31:10.087+0000][1692266][trace][gc,age      ] GC(14) Age table with threshold 15 (max threshold 15)
[2025-08-19T13:31:10.087+0000][1692266][trace][gc,age      ] GC(14) - age   1:    3540872 bytes,    3540872 total
[2025-08-19T13:31:10.087+0000][1692266][trace][gc,age      ] GC(14) - age   2:    5689456 bytes,    9230328 total
[2025-08-19T13:31:10.087+0000][1692266][trace][gc,age      ] GC(14) - age   3:    3153872 bytes,   12384200 total
[2025-08-19T13:31:10.087+0000][1692266][trace][gc,age      ] GC(14) - age   4:     806424 bytes,   13190624 total
[2025-08-19T13:31:10.087+0000][1692266][trace][gc,age      ] GC(14) - age   5:    1956208 bytes,   15146832 total
[2025-08-19T13:31:10.087+0000][1692266][info ][gc,heap     ] GC(14) Eden regions: 73->0(72)
[2025-08-19T13:31:10.087+0000][1692266][info ][gc,heap     ] GC(14) Survivor regions: 3->4(10)
[2025-08-19T13:31:10.087+0000][1692266][info ][gc,heap     ] GC(14) Old regions: 5->5
[2025-08-19T13:31:10.087+0000][1692266][info ][gc,heap     ] GC(14) Humongous regions: 0->0
[2025-08-19T13:31:10.087+0000][1692266][info ][gc,metaspace] GC(14) Metaspace: 38111K(39040K)->38111K(39040K) NonClass: 33740K(34304K)->33740K(34304K) Class: 4371K(4736K)->4371K(4736K)
[2025-08-19T13:31:10.087+0000][1692266][info ][gc          ] GC(14) Pause Young (Normal) (G1 Evacuation Pause) 322M->34M(512M) 6.991ms
[2025-08-19T13:31:10.087+0000][1692266][info ][gc,cpu      ] GC(14) User=0.01s Sys=0.00s Real=0.01s
[2025-08-19T13:31:10.087+0000][1692266][info ][safepoint   ] Safepoint "G1CollectForAllocation", Time since last: 648292100 ns, Reaching safepoint: 2744 ns, Cleanup: 20691 ns, At safepoint: 7017496 ns, Total: 7040931 ns
[2025-08-19T13:31:11.088+0000][1692266][info ][safepoint   ] Safepoint "Cleanup", Time since last: 1000068080 ns, Reaching safepoint: 3075 ns, Cleanup: 30295 ns, At safepoint: 1523 ns, Total: 34893 ns
[2025-08-19T13:31:12.365+0000][1692266][info ][safepoint   ] Safepoint "Cleanup", Time since last: 1243215995 ns, Reaching safepoint: 34544471 ns, Cleanup: 105079 ns, At safepoint: 5007 ns, Total: 34654557 ns
[2025-08-19T13:31:13.393+0000][1692266][info ][safepoint   ] Safepoint "Cleanup", Time since last: 1000102842 ns, Reaching safepoint: 27743532 ns, Cleanup: 67442 ns, At safepoint: 5158 ns, Total: 27816132 ns
[2025-08-19T13:31:14.394+0000][1692266][info ][safepoint   ] Safepoint "Cleanup", Time since last: 1000118446 ns, Reaching safepoint: 66510 ns, Cleanup: 29685 ns, At safepoint: 2354 ns, Total: 98549 ns
[2025-08-19T13:31:15.394+0000][1692266][info ][safepoint   ] Safepoint "Cleanup", Time since last: 1000087389 ns, Reaching safepoint: 478082 ns, Cleanup: 49825 ns, At safepoint: 2634 ns, Total: 530541 ns
[2025-08-19T13:31:16.146+0000][1692266][info ][gc,start    ] GC(15) Pause Young (Normal) (G1 Evacuation Pause)
[2025-08-19T13:31:16.146+0000][1692266][info ][gc,task     ] GC(15) Using 1 workers of 1 for evacuation
[2025-08-19T13:31:16.146+0000][1692266][debug][gc,age      ] GC(15) Desired survivor size 20971520 bytes, new threshold 15 (max threshold 15)
[2025-08-19T13:31:16.176+0000][1692266][info ][gc,phases   ] GC(15)   Pre Evacuate Collection Set: 0.2ms
[2025-08-19T13:31:16.176+0000][1692266][info ][gc,phases   ] GC(15)   Merge Heap Roots: 0.0ms
[2025-08-19T13:31:16.176+0000][1692266][info ][gc,phases   ] GC(15)   Evacuate Collection Set: 13.1ms
[2025-08-19T13:31:16.176+0000][1692266][info ][gc,phases   ] GC(15)   Post Evacuate Collection Set: 15.9ms
[2025-08-19T13:31:16.176+0000][1692266][info ][gc,phases   ] GC(15)   Other: 0.1ms
[2025-08-19T13:31:16.176+0000][1692266][trace][gc,age      ] GC(15) Age table with threshold 15 (max threshold 15)
[2025-08-19T13:31:16.176+0000][1692266][trace][gc,age      ] GC(15) - age   1:    4804328 bytes,    4804328 total
[2025-08-19T13:31:16.176+0000][1692266][trace][gc,age      ] GC(15) - age   2:    3336768 bytes,    8141096 total
[2025-08-19T13:31:16.176+0000][1692266][trace][gc,age      ] GC(15) - age   3:    5670208 bytes,   13811304 total
[2025-08-19T13:31:16.176+0000][1692266][trace][gc,age      ] GC(15) - age   4:    3147664 bytes,   16958968 total
[2025-08-19T13:31:16.176+0000][1692266][trace][gc,age      ] GC(15) - age   5:     805888 bytes,   17764856 total
[2025-08-19T13:31:16.176+0000][1692266][trace][gc,age      ] GC(15) - age   6:    1953592 bytes,   19718448 total
[2025-08-19T13:31:16.176+0000][1692266][info ][gc,heap     ] GC(15) Eden regions: 72->0(71)
[2025-08-19T13:31:16.176+0000][1692266][info ][gc,heap     ] GC(15) Survivor regions: 4->5(10)
[2025-08-19T13:31:16.176+0000][1692266][info ][gc,heap     ] GC(15) Old regions: 5->5
[2025-08-19T13:31:16.176+0000][1692266][info ][gc,heap     ] GC(15) Humongous regions: 0->0
[2025-08-19T13:31:16.176+0000][1692266][info ][gc,metaspace] GC(15) Metaspace: 49430K(50624K)->49430K(50624K) NonClass: 43635K(44352K)->43635K(44352K) Class: 5794K(6272K)->5794K(6272K)
[2025-08-19T13:31:16.176+0000][1692266][info ][gc          ] GC(15) Pause Young (Normal) (G1 Evacuation Pause) 322M->38M(512M) 29.424ms
[2025-08-19T13:31:16.176+0000][1692266][info ][gc,cpu      ] GC(15) User=0.01s Sys=0.00s Real=0.03s
[2025-08-19T13:31:16.176+0000][1692266][info ][safepoint   ] Safepoint "G1CollectForAllocation", Time since last: 752100086 ns, Reaching safepoint: 3365 ns, Cleanup: 28964 ns, At safepoint: 29452853 ns, Total: 29485182 ns
[2025-08-19T13:31:17.317+0000][1692266][info ][safepoint   ] Safepoint "Cleanup", Time since last: 1140739639 ns, Reaching safepoint: 2013 ns, Cleanup: 30757 ns, At safepoint: 1191 ns, Total: 33961 ns
[2025-08-19T13:31:18.317+0000][1692266][info ][safepoint   ] Safepoint "Cleanup", Time since last: 1000069142 ns, Reaching safepoint: 2634 ns, Cleanup: 19689 ns, At safepoint: 1643 ns, Total: 23966 ns
[2025-08-19T13:31:18.818+0000][1692266][info ][gc,start    ] GC(16) Pause Young (Concurrent Start) (Metadata GC Threshold)
[2025-08-19T13:31:18.818+0000][1692266][info ][gc,task     ] GC(16) Using 1 workers of 1 for evacuation
[2025-08-19T13:31:18.818+0000][1692266][debug][gc,age      ] GC(16) Desired survivor size 20971520 bytes, new threshold 15 (max threshold 15)
[2025-08-19T13:31:18.831+0000][1692266][info ][gc,phases   ] GC(16)   Pre Evacuate Collection Set: 0.1ms
[2025-08-19T13:31:18.831+0000][1692266][info ][gc,phases   ] GC(16)   Merge Heap Roots: 0.0ms
[2025-08-19T13:31:18.831+0000][1692266][info ][gc,phases   ] GC(16)   Evacuate Collection Set: 12.3ms
[2025-08-19T13:31:18.831+0000][1692266][info ][gc,phases   ] GC(16)   Post Evacuate Collection Set: 0.6ms
[2025-08-19T13:31:18.831+0000][1692266][info ][gc,phases   ] GC(16)   Other: 0.0ms
[2025-08-19T13:31:18.831+0000][1692266][trace][gc,age      ] GC(16) Age table with threshold 15 (max threshold 15)
[2025-08-19T13:31:18.831+0000][1692266][trace][gc,age      ] GC(16) - age   1:    1977312 bytes,    1977312 total
[2025-08-19T13:31:18.831+0000][1692266][trace][gc,age      ] GC(16) - age   2:    4675648 bytes,    6652960 total
[2025-08-19T13:31:18.831+0000][1692266][trace][gc,age      ] GC(16) - age   3:    3335584 bytes,    9988544 total
[2025-08-19T13:31:18.831+0000][1692266][trace][gc,age      ] GC(16) - age   4:    5667944 bytes,   15656488 total
[2025-08-19T13:31:18.831+0000][1692266][trace][gc,age      ] GC(16) - age   5:    3147088 bytes,   18803576 total
[2025-08-19T13:31:18.831+0000][1692266][trace][gc,age      ] GC(16) - age   6:     805856 bytes,   19609432 total
[2025-08-19T13:31:18.831+0000][1692266][trace][gc,age      ] GC(16) - age   7:    1952784 bytes,   21562216 total
[2025-08-19T13:31:18.831+0000][1692266][info ][gc,heap     ] GC(16) Eden regions: 13->0(70)
[2025-08-19T13:31:18.831+0000][1692266][info ][gc,heap     ] GC(16) Survivor regions: 5->6(10)
[2025-08-19T13:31:18.831+0000][1692266][info ][gc,heap     ] GC(16) Old regions: 5->5
[2025-08-19T13:31:18.831+0000][1692266][info ][gc,heap     ] GC(16) Humongous regions: 0->0
[2025-08-19T13:31:18.831+0000][1692266][info ][gc,metaspace] GC(16) Metaspace: 58831K(60096K)->58831K(60096K) NonClass: 51609K(52352K)->51609K(52352K) Class: 7222K(7744K)->7222K(7744K)
[2025-08-19T13:31:18.832+0000][1692266][info ][gc          ] GC(16) Pause Young (Concurrent Start) (Metadata GC Threshold) 88M->40M(512M) 13.253ms
[2025-08-19T13:31:18.832+0000][1692266][info ][gc,cpu      ] GC(16) User=0.02s Sys=0.00s Real=0.01s
[2025-08-19T13:31:18.832+0000][1692266][info ][gc          ] GC(17) Concurrent Mark Cycle
[2025-08-19T13:31:18.832+0000][1692266][info ][gc,marking  ] GC(17) Concurrent Scan Root Regions
[2025-08-19T13:31:18.839+0000][1692266][info ][gc,marking  ] GC(17) Concurrent Scan Root Regions 7.237ms
[2025-08-19T13:31:18.839+0000][1692266][info ][gc,marking  ] GC(17) Concurrent Mark
[2025-08-19T13:31:18.839+0000][1692266][info ][gc,marking  ] GC(17) Concurrent Mark From Roots
[2025-08-19T13:31:18.839+0000][1692266][info ][gc,task     ] GC(17) Using 1 workers of 1 for marking
[2025-08-19T13:31:18.839+0000][1692266][info ][safepoint   ] Safepoint "CollectForMetadataAllocation", Time since last: 482763587 ns, Reaching safepoint: 18873378 ns, Cleanup: 9244 ns, At safepoint: 20664092 ns, Total: 39546714 ns
[2025-08-19T13:31:18.875+0000][1692266][info ][gc,marking  ] GC(17) Concurrent Mark From Roots 35.764ms
[2025-08-19T13:31:18.875+0000][1692266][info ][gc,marking  ] GC(17) Concurrent Preclean
[2025-08-19T13:31:18.875+0000][1692266][info ][gc,marking  ] GC(17) Concurrent Preclean 0.047ms
[2025-08-19T13:31:18.885+0000][1692266][info ][gc,start    ] GC(17) Pause Remark
[2025-08-19T13:31:18.920+0000][1692266][info ][gc          ] GC(17) Pause Remark 42M->42M(512M) 34.758ms
[2025-08-19T13:31:18.920+0000][1692266][info ][gc,cpu      ] GC(17) User=0.01s Sys=0.00s Real=0.04s
[2025-08-19T13:31:18.920+0000][1692266][info ][safepoint   ] Safepoint "G1PauseRemark", Time since last: 35858055 ns, Reaching safepoint: 10507596 ns, Cleanup: 7992 ns, At safepoint: 34808410 ns, Total: 45323998 ns
[2025-08-19T13:31:18.920+0000][1692266][info ][gc,marking  ] GC(17) Concurrent Mark 81.313ms
[2025-08-19T13:31:18.921+0000][1692266][info ][gc,marking  ] GC(17) Concurrent Rebuild Remembered Sets and Scrub Regions
[2025-08-19T13:31:18.935+0000][1692266][info ][gc,marking  ] GC(17) Concurrent Rebuild Remembered Sets and Scrub Regions 14.282ms
[2025-08-19T13:31:18.950+0000][1692266][info ][gc,start    ] GC(17) Pause Cleanup
[2025-08-19T13:31:18.950+0000][1692266][info ][gc          ] GC(17) Pause Cleanup 44M->44M(512M) 0.174ms
[2025-08-19T13:31:18.953+0000][1692266][info ][gc,cpu      ] GC(17) User=0.00s Sys=0.00s Real=0.00s
[2025-08-19T13:31:18.953+0000][1692266][info ][safepoint   ] Safepoint "G1PauseCleanup", Time since last: 14814699 ns, Reaching safepoint: 15023295 ns, Cleanup: 8653 ns, At safepoint: 3450150 ns, Total: 18482098 ns
[2025-08-19T13:31:18.953+0000][1692266][info ][gc,marking  ] GC(17) Concurrent Clear Claimed Marks
[2025-08-19T13:31:18.953+0000][1692266][info ][gc,marking  ] GC(17) Concurrent Clear Claimed Marks 0.069ms
[2025-08-19T13:31:18.953+0000][1692266][info ][gc,marking  ] GC(17) Concurrent Cleanup for Next Mark
[2025-08-19T13:31:18.956+0000][1692266][info ][gc,marking  ] GC(17) Concurrent Cleanup for Next Mark 2.239ms
[2025-08-19T13:31:18.956+0000][1692266][info ][gc          ] GC(17) Concurrent Mark Cycle 124.135ms
[2025-08-19T13:31:19.956+0000][1692266][info ][safepoint   ] Safepoint "Cleanup", Time since last: 1000075310 ns, Reaching safepoint: 2069455 ns, Cleanup: 18218 ns, At safepoint: 3295 ns, Total: 2090968 ns
[2025-08-19T13:31:21.697+0000][1692266][info ][safepoint   ] Safepoint "Cleanup", Time since last: 1721310762 ns, Reaching safepoint: 20434876 ns, Cleanup: 118429 ns, At safepoint: 6750 ns, Total: 20560055 ns
[2025-08-19T13:31:22.718+0000][1692266][info ][safepoint   ] Safepoint "Cleanup", Time since last: 1000094810 ns, Reaching safepoint: 20049174 ns, Cleanup: 16575 ns, At safepoint: 4747 ns, Total: 20070496 ns
[2025-08-19T13:31:23.748+0000][1692266][info ][safepoint   ] Safepoint "Cleanup", Time since last: 1000096433 ns, Reaching safepoint: 30563790 ns, Cleanup: 13270 ns, At safepoint: 4928 ns, Total: 30581988 ns
[2025-08-19T13:31:24.771+0000][1692266][info ][safepoint   ] Safepoint "Cleanup", Time since last: 1000091595 ns, Reaching safepoint: 22212600 ns, Cleanup: 25909 ns, At safepoint: 4127 ns, Total: 22242636 ns
[2025-08-19T13:31:25.781+0000][1692266][info ][safepoint   ] Safepoint "Cleanup", Time since last: 1000097033 ns, Reaching safepoint: 10384771 ns, Cleanup: 20551 ns, At safepoint: 3986 ns, Total: 10409308 ns
[2025-08-19T13:31:27.793+0000][1692266][info ][safepoint   ] Safepoint "Cleanup", Time since last: 2000154578 ns, Reaching safepoint: 11701268 ns, Cleanup: 13210 ns, At safepoint: 5368 ns, Total: 11719846 ns
[2025-08-19T13:31:28.793+0000][1692266][info ][safepoint   ] Safepoint "Cleanup", Time since last: 1000091556 ns, Reaching safepoint: 68203 ns, Cleanup: 12649 ns, At safepoint: 2563 ns, Total: 83415 ns
[2025-08-19T13:31:29.715+0000][1692266][info ][gc,start    ] GC(18) Pause Young (Normal) (G1 Evacuation Pause)
[2025-08-19T13:31:29.715+0000][1692266][info ][gc,task     ] GC(18) Using 1 workers of 1 for evacuation
[2025-08-19T13:31:29.715+0000][1692266][debug][gc,age      ] GC(18) Desired survivor size 20971520 bytes, new threshold 7 (max threshold 15)
[2025-08-19T13:31:29.802+0000][1692266][info ][gc,phases   ] GC(18)   Pre Evacuate Collection Set: 0.1ms
[2025-08-19T13:31:29.802+0000][1692266][info ][gc,phases   ] GC(18)   Merge Heap Roots: 0.0ms
[2025-08-19T13:31:29.802+0000][1692266][info ][gc,phases   ] GC(18)   Evacuate Collection Set: 81.4ms
[2025-08-19T13:31:29.802+0000][1692266][info ][gc,phases   ] GC(18)   Post Evacuate Collection Set: 5.0ms
[2025-08-19T13:31:29.802+0000][1692266][info ][gc,phases   ] GC(18)   Other: 0.0ms
[2025-08-19T13:31:29.802+0000][1692266][trace][gc,age      ] GC(18) Age table with threshold 7 (max threshold 15)
[2025-08-19T13:31:29.802+0000][1692266][trace][gc,age      ] GC(18) - age   1:    7334144 bytes,    7334144 total
[2025-08-19T13:31:29.802+0000][1692266][trace][gc,age      ] GC(18) - age   2:    1829712 bytes,    9163856 total
[2025-08-19T13:31:29.802+0000][1692266][trace][gc,age      ] GC(18) - age   3:    4607032 bytes,   13770888 total
[2025-08-19T13:31:29.802+0000][1692266][trace][gc,age      ] GC(18) - age   4:    3321792 bytes,   17092680 total
[2025-08-19T13:31:29.802+0000][1692266][trace][gc,age      ] GC(18) - age   5:    5642440 bytes,   22735120 total
[2025-08-19T13:31:29.802+0000][1692266][trace][gc,age      ] GC(18) - age   6:    3136296 bytes,   25871416 total
[2025-08-19T13:31:29.802+0000][1692266][trace][gc,age      ] GC(18) - age   7:     799144 bytes,   26670560 total
[2025-08-19T13:31:29.802+0000][1692266][info ][gc,heap     ] GC(18) Eden regions: 70->0(69)
[2025-08-19T13:31:29.802+0000][1692266][info ][gc,heap     ] GC(18) Survivor regions: 6->7(10)
[2025-08-19T13:31:29.802+0000][1692266][info ][gc,heap     ] GC(18) Old regions: 5->6
[2025-08-19T13:31:29.802+0000][1692266][info ][gc,heap     ] GC(18) Humongous regions: 0->0
[2025-08-19T13:31:29.802+0000][1692266][info ][gc,metaspace] GC(18) Metaspace: 67366K(68928K)->67366K(68928K) NonClass: 58820K(59712K)->58820K(59712K) Class: 8545K(9216K)->8545K(9216K)
[2025-08-19T13:31:29.802+0000][1692266][info ][gc          ] GC(18) Pause Young (Normal) (G1 Evacuation Pause) 320M->46M(512M) 86.641ms
[2025-08-19T13:31:29.802+0000][1692266][info ][gc,cpu      ] GC(18) User=0.02s Sys=0.01s Real=0.09s
[2025-08-19T13:31:29.802+0000][1692266][info ][safepoint   ] Safepoint "G1CollectForAllocation", Time since last: 921883985 ns, Reaching safepoint: 3205 ns, Cleanup: 13750 ns, At safepoint: 86676509 ns, Total: 86693464 ns
[2025-08-19T13:31:31.544+0000][1692266][info ][safepoint   ] Safepoint "Cleanup", Time since last: 1742499868 ns, Reaching safepoint: 1832 ns, Cleanup: 36425 ns, At safepoint: 1122 ns, Total: 39379 ns
[2025-08-19T13:31:32.546+0000][1692266][info ][safepoint   ] Safepoint "Cleanup", Time since last: 1002084555 ns, Reaching safepoint: 3225 ns, Cleanup: 47501 ns, At safepoint: 2093 ns, Total: 52819 ns
[2025-08-19T13:31:33.580+0000][1692266][info ][safepoint   ] Safepoint "Cleanup", Time since last: 1000090033 ns, Reaching safepoint: 33460364 ns, Cleanup: 48193 ns, At safepoint: 6170 ns, Total: 33514727 ns
[2025-08-19T13:31:35.591+0000][1692266][info ][safepoint   ] Safepoint "Cleanup", Time since last: 2000159675 ns, Reaching safepoint: 10854390 ns, Cleanup: 12969 ns, At safepoint: 3235 ns, Total: 10870594 ns
[2025-08-19T13:31:36.616+0000][1692266][info ][gc,start    ] GC(19) Pause Young (Normal) (G1 Evacuation Pause)
[2025-08-19T13:31:36.616+0000][1692266][info ][gc,task     ] GC(19) Using 1 workers of 1 for evacuation
[2025-08-19T13:31:36.616+0000][1692266][debug][gc,age      ] GC(19) Desired survivor size 20971520 bytes, new threshold 5 (max threshold 15)
[2025-08-19T13:31:36.807+0000][1692266][info ][gc,phases   ] GC(19)   Pre Evacuate Collection Set: 0.1ms
[2025-08-19T13:31:36.807+0000][1692266][info ][gc,phases   ] GC(19)   Merge Heap Roots: 0.0ms
[2025-08-19T13:31:36.807+0000][1692266][info ][gc,phases   ] GC(19)   Evacuate Collection Set: 156.7ms
[2025-08-19T13:31:36.807+0000][1692266][info ][gc,phases   ] GC(19)   Post Evacuate Collection Set: 34.5ms
[2025-08-19T13:31:36.807+0000][1692266][info ][gc,phases   ] GC(19)   Other: 0.0ms
[2025-08-19T13:31:36.807+0000][1692266][trace][gc,age      ] GC(19) Age table with threshold 5 (max threshold 15)
[2025-08-19T13:31:36.808+0000][1692266][trace][gc,age      ] GC(19) - age   1:    3813440 bytes,    3813440 total
[2025-08-19T13:31:36.808+0000][1692266][trace][gc,age      ] GC(19) - age   2:    6519648 bytes,   10333088 total
[2025-08-19T13:31:36.808+0000][1692266][trace][gc,age      ] GC(19) - age   3:    1802216 bytes,   12135304 total
[2025-08-19T13:31:36.808+0000][1692266][trace][gc,age      ] GC(19) - age   4:    4572360 bytes,   16707664 total
[2025-08-19T13:31:36.808+0000][1692266][trace][gc,age      ] GC(19) - age   5:    3283168 bytes,   19990832 total
[2025-08-19T13:31:36.808+0000][1692266][info ][gc,heap     ] GC(19) Eden regions: 69->0(71)
[2025-08-19T13:31:36.808+0000][1692266][info ][gc,heap     ] GC(19) Survivor regions: 7->5(10)
[2025-08-19T13:31:36.808+0000][1692266][info ][gc,heap     ] GC(19) Old regions: 6->8
[2025-08-19T13:31:36.808+0000][1692266][info ][gc,heap     ] GC(19) Humongous regions: 0->0
[2025-08-19T13:31:36.808+0000][1692266][info ][gc,metaspace] GC(19) Metaspace: 72171K(73792K)->72171K(73792K) NonClass: 62878K(63808K)->62878K(63808K) Class: 9293K(9984K)->9293K(9984K)
[2025-08-19T13:31:36.808+0000][1692266][info ][gc          ] GC(19) Pause Young (Normal) (G1 Evacuation Pause) 322M->50M(512M) 191.550ms
[2025-08-19T13:31:36.808+0000][1692266][info ][gc,cpu      ] GC(19) User=0.02s Sys=0.01s Real=0.19s
[2025-08-19T13:31:36.808+0000][1692266][info ][safepoint   ] Safepoint "G1CollectForAllocation", Time since last: 1024928939 ns, Reaching safepoint: 2944 ns, Cleanup: 19179 ns, At safepoint: 191584527 ns, Total: 191606650 ns
[2025-08-19T13:31:37.813+0000][1692266][info ][safepoint   ] Safepoint "Cleanup", Time since last: 1000072647 ns, Reaching safepoint: 5252891 ns, Cleanup: 7572 ns, At safepoint: 3966 ns, Total: 5264429 ns
[2025-08-19T13:31:38.834+0000][1692266][info ][safepoint   ] Safepoint "Cleanup", Time since last: 1000092216 ns, Reaching safepoint: 21075834 ns, Cleanup: 40441 ns, At safepoint: 5859 ns, Total: 21122134 ns
[2025-08-19T13:31:40.705+0000][1692266][info ][safepoint   ] Safepoint "Cleanup", Time since last: 1870881038 ns, Reaching safepoint: 68934 ns, Cleanup: 72490 ns, At safepoint: 2664 ns, Total: 144088 ns
[2025-08-19T13:31:41.705+0000][1692266][info ][safepoint   ] Safepoint "Cleanup", Time since last: 1000095321 ns, Reaching safepoint: 67282 ns, Cleanup: 40270 ns, At safepoint: 2504 ns, Total: 110056 ns
[2025-08-19T13:31:42.706+0000][1692266][info ][safepoint   ] Safepoint "Cleanup", Time since last: 1000096243 ns, Reaching safepoint: 6119 ns, Cleanup: 24597 ns, At safepoint: 1863 ns, Total: 32579 ns
[2025-08-19T13:31:44.469+0000][1692266][info ][safepoint   ] Safepoint "Cleanup", Time since last: 1761173133 ns, Reaching safepoint: 2116135 ns, Cleanup: 71989 ns, At safepoint: 3295 ns, Total: 2191419 ns
[2025-08-19T13:31:45.472+0000][1692266][info ][safepoint   ] Safepoint "Cleanup", Time since last: 1000097464 ns, Reaching safepoint: 3120963 ns, Cleanup: 10696 ns, At safepoint: 3545 ns, Total: 3135204 ns
[2025-08-19T13:31:46.486+0000][1692266][info ][safepoint   ] Safepoint "Cleanup", Time since last: 1000096303 ns, Reaching safepoint: 13712145 ns, Cleanup: 7812 ns, At safepoint: 4356 ns, Total: 13724313 ns
[2025-08-19T13:31:48.329+0000][1692266][info ][safepoint   ] Safepoint "Cleanup", Time since last: 1841139580 ns, Reaching safepoint: 2061683 ns, Cleanup: 43937 ns, At safepoint: 3976 ns, Total: 2109596 ns
[2025-08-19T13:31:48.509+0000][1692266][info ][gc,start    ] GC(20) Pause Young (Normal) (G1 Evacuation Pause)
[2025-08-19T13:31:48.509+0000][1692266][info ][gc,task     ] GC(20) Using 1 workers of 1 for evacuation
[2025-08-19T13:31:48.509+0000][1692266][debug][gc,age      ] GC(20) Desired survivor size 20971520 bytes, new threshold 15 (max threshold 15)
[2025-08-19T13:31:48.604+0000][1692266][info ][gc,phases   ] GC(20)   Pre Evacuate Collection Set: 0.2ms
[2025-08-19T13:31:48.604+0000][1692266][info ][gc,phases   ] GC(20)   Merge Heap Roots: 0.0ms
[2025-08-19T13:31:48.604+0000][1692266][info ][gc,phases   ] GC(20)   Evacuate Collection Set: 84.4ms
[2025-08-19T13:31:48.604+0000][1692266][info ][gc,phases   ] GC(20)   Post Evacuate Collection Set: 10.2ms
[2025-08-19T13:31:48.604+0000][1692266][info ][gc,phases   ] GC(20)   Other: 0.1ms
[2025-08-19T13:31:48.604+0000][1692266][trace][gc,age      ] GC(20) Age table with threshold 15 (max threshold 15)
[2025-08-19T13:31:48.604+0000][1692266][trace][gc,age      ] GC(20) - age   1:    6583616 bytes,    6583616 total
[2025-08-19T13:31:48.604+0000][1692266][trace][gc,age      ] GC(20) - age   2:    3686688 bytes,   10270304 total
[2025-08-19T13:31:48.604+0000][1692266][trace][gc,age      ] GC(20) - age   3:    6503776 bytes,   16774080 total
[2025-08-19T13:31:48.604+0000][1692266][trace][gc,age      ] GC(20) - age   4:    1796240 bytes,   18570320 total
[2025-08-19T13:31:48.604+0000][1692266][trace][gc,age      ] GC(20) - age   5:    4429088 bytes,   22999408 total
[2025-08-19T13:31:48.604+0000][1692266][trace][gc,age      ] GC(20) - age   6:    3280280 bytes,   26279688 total
[2025-08-19T13:31:48.604+0000][1692266][info ][gc,heap     ] GC(20) Eden regions: 71->0(69)
[2025-08-19T13:31:48.604+0000][1692266][info ][gc,heap     ] GC(20) Survivor regions: 5->7(10)
[2025-08-19T13:31:48.604+0000][1692266][info ][gc,heap     ] GC(20) Old regions: 8->8
[2025-08-19T13:31:48.604+0000][1692266][info ][gc,heap     ] GC(20) Humongous regions: 0->0
[2025-08-19T13:31:48.604+0000][1692266][info ][gc,metaspace] GC(20) Metaspace: 85702K(87488K)->85702K(87488K) NonClass: 74630K(75648K)->74630K(75648K) Class: 11071K(11840K)->11071K(11840K)
[2025-08-19T13:31:48.604+0000][1692266][info ][gc          ] GC(20) Pause Young (Normal) (G1 Evacuation Pause) 334M->56M(512M) 94.993ms
[2025-08-19T13:31:48.604+0000][1692266][info ][gc,cpu      ] GC(20) User=0.04s Sys=0.00s Real=0.09s
[2025-08-19T13:31:48.604+0000][1692266][info ][safepoint   ] Safepoint "G1CollectForAllocation", Time since last: 180096760 ns, Reaching safepoint: 3515 ns, Cleanup: 9264 ns, At safepoint: 95029692 ns, Total: 95042471 ns
[2025-08-19T13:31:50.314+0000][1692266][info ][safepoint   ] Safepoint "Cleanup", Time since last: 1702463063 ns, Reaching safepoint: 6689311 ns, Cleanup: 110426 ns, At safepoint: 4027 ns, Total: 6803764 ns
[2025-08-19T13:31:51.314+0000][1692266][info ][safepoint   ] Safepoint "Cleanup", Time since last: 1000088771 ns, Reaching safepoint: 2764 ns, Cleanup: 25288 ns, At safepoint: 1472 ns, Total: 29524 ns
[2025-08-19T13:31:51.800+0000][1692266][info ][gc,start    ] GC(21) Pause Young (Concurrent Start) (Metadata GC Threshold)
[2025-08-19T13:31:51.800+0000][1692266][info ][gc,task     ] GC(21) Using 1 workers of 1 for evacuation
[2025-08-19T13:31:51.800+0000][1692266][debug][gc,age      ] GC(21) Desired survivor size 20971520 bytes, new threshold 5 (max threshold 15)
[2025-08-19T13:31:51.913+0000][1692266][info ][gc,phases   ] GC(21)   Pre Evacuate Collection Set: 0.1ms
[2025-08-19T13:31:51.913+0000][1692266][info ][gc,phases   ] GC(21)   Merge Heap Roots: 0.0ms
[2025-08-19T13:31:51.913+0000][1692266][info ][gc,phases   ] GC(21)   Evacuate Collection Set: 95.9ms
[2025-08-19T13:31:51.913+0000][1692266][info ][gc,phases   ] GC(21)   Post Evacuate Collection Set: 16.8ms
[2025-08-19T13:31:51.913+0000][1692266][info ][gc,phases   ] GC(21)   Other: 0.0ms
[2025-08-19T13:31:51.913+0000][1692266][trace][gc,age      ] GC(21) Age table with threshold 5 (max threshold 15)
[2025-08-19T13:31:51.913+0000][1692266][trace][gc,age      ] GC(21) - age   1:    4216312 bytes,    4216312 total
[2025-08-19T13:31:51.913+0000][1692266][trace][gc,age      ] GC(21) - age   2:    5863032 bytes,   10079344 total
[2025-08-19T13:31:51.913+0000][1692266][trace][gc,age      ] GC(21) - age   3:    3663480 bytes,   13742824 total
[2025-08-19T13:31:51.913+0000][1692266][trace][gc,age      ] GC(21) - age   4:    6496456 bytes,   20239280 total
[2025-08-19T13:31:51.913+0000][1692266][trace][gc,age      ] GC(21) - age   5:    1794160 bytes,   22033440 total
[2025-08-19T13:31:51.913+0000][1692266][info ][gc,heap     ] GC(21) Eden regions: 31->0(70)
[2025-08-19T13:31:51.913+0000][1692266][info ][gc,heap     ] GC(21) Survivor regions: 7->6(10)
[2025-08-19T13:31:51.913+0000][1692266][info ][gc,heap     ] GC(21) Old regions: 8->10
[2025-08-19T13:31:51.913+0000][1692266][info ][gc,heap     ] GC(21) Humongous regions: 0->0
[2025-08-19T13:31:51.913+0000][1692266][info ][gc,metaspace] GC(21) Metaspace: 98896K(100736K)->98896K(100736K) NonClass: 86052K(87104K)->86052K(87104K) Class: 12843K(13632K)->12843K(13632K)
[2025-08-19T13:31:51.913+0000][1692266][info ][gc          ] GC(21) Pause Young (Concurrent Start) (Metadata GC Threshold) 180M->60M(512M) 113.022ms
[2025-08-19T13:31:51.913+0000][1692266][info ][gc,cpu      ] GC(21) User=0.03s Sys=0.00s Real=0.11s
[2025-08-19T13:31:51.913+0000][1692266][info ][safepoint   ] Safepoint "CollectForMetadataAllocation", Time since last: 486069449 ns, Reaching safepoint: 2544 ns, Cleanup: 12168 ns, At safepoint: 113101620 ns, Total: 113116332 ns
[2025-08-19T13:31:51.916+0000][1692266][info ][gc          ] GC(22) Concurrent Mark Cycle
[2025-08-19T13:31:51.922+0000][1692266][info ][gc,marking  ] GC(22) Concurrent Scan Root Regions
[2025-08-19T13:31:51.954+0000][1692266][info ][gc,marking  ] GC(22) Concurrent Scan Root Regions 32.897ms
[2025-08-19T13:31:51.955+0000][1692266][info ][gc,marking  ] GC(22) Concurrent Mark
[2025-08-19T13:31:51.955+0000][1692266][info ][gc,marking  ] GC(22) Concurrent Mark From Roots
[2025-08-19T13:31:51.955+0000][1692266][info ][gc,task     ] GC(22) Using 1 workers of 1 for marking
[2025-08-19T13:31:51.980+0000][1692266][info ][safepoint   ] Safepoint "CollectForMetadataAllocation", Time since last: 51427975 ns, Reaching safepoint: 15269376 ns, Cleanup: 8272 ns, At safepoint: 42284 ns, Total: 15319932 ns
[2025-08-19T13:31:52.079+0000][1692266][info ][gc,marking  ] GC(22) Concurrent Mark From Roots 124.673ms
[2025-08-19T13:31:52.079+0000][1692266][info ][gc,marking  ] GC(22) Concurrent Preclean
[2025-08-19T13:31:52.079+0000][1692266][info ][gc,marking  ] GC(22) Concurrent Preclean 0.109ms
[2025-08-19T13:31:52.079+0000][1692266][info ][gc,start    ] GC(22) Pause Remark
[2025-08-19T13:31:52.093+0000][1692266][info ][gc          ] GC(22) Pause Remark 68M->68M(512M) 13.760ms
[2025-08-19T13:31:52.093+0000][1692266][info ][gc,cpu      ] GC(22) User=0.01s Sys=0.00s Real=0.01s
[2025-08-19T13:31:52.093+0000][1692266][info ][safepoint   ] Safepoint "G1PauseRemark", Time since last: 99836750 ns, Reaching safepoint: 2764 ns, Cleanup: 11778 ns, At safepoint: 13816463 ns, Total: 13831005 ns
[2025-08-19T13:31:52.093+0000][1692266][info ][gc,marking  ] GC(22) Concurrent Mark 138.980ms
[2025-08-19T13:31:52.094+0000][1692266][info ][gc,marking  ] GC(22) Concurrent Rebuild Remembered Sets and Scrub Regions
[2025-08-19T13:31:52.141+0000][1692266][info ][gc,marking  ] GC(22) Concurrent Rebuild Remembered Sets and Scrub Regions 46.629ms
[2025-08-19T13:31:52.155+0000][1692266][info ][gc,start    ] GC(22) Pause Cleanup
[2025-08-19T13:31:52.155+0000][1692266][info ][gc          ] GC(22) Pause Cleanup 68M->68M(512M) 0.099ms
[2025-08-19T13:31:52.156+0000][1692266][info ][gc,cpu      ] GC(22) User=0.00s Sys=0.00s Real=0.00s
[2025-08-19T13:31:52.156+0000][1692266][info ][safepoint   ] Safepoint "G1PauseCleanup", Time since last: 47361013 ns, Reaching safepoint: 14704123 ns, Cleanup: 9965 ns, At safepoint: 484542 ns, Total: 15198630 ns
[2025-08-19T13:31:52.156+0000][1692266][info ][gc,marking  ] GC(22) Concurrent Clear Claimed Marks
[2025-08-19T13:31:52.156+0000][1692266][info ][gc,marking  ] GC(22) Concurrent Clear Claimed Marks 0.104ms
[2025-08-19T13:31:52.156+0000][1692266][info ][gc,marking  ] GC(22) Concurrent Cleanup for Next Mark
[2025-08-19T13:31:52.158+0000][1692266][info ][gc,marking  ] GC(22) Concurrent Cleanup for Next Mark 2.184ms
[2025-08-19T13:31:52.158+0000][1692266][info ][gc          ] GC(22) Concurrent Mark Cycle 241.729ms
[2025-08-19T13:31:53.900+0000][1692266][info ][safepoint   ] Safepoint "Cleanup", Time since last: 1743632587 ns, Reaching safepoint: 3506 ns, Cleanup: 100592 ns, At safepoint: 1792 ns, Total: 105890 ns
[2025-08-19T13:31:55.162+0000][1692266][info ][safepoint   ] Safepoint "Cleanup", Time since last: 1261691463 ns, Reaching safepoint: 272571 ns, Cleanup: 46901 ns, At safepoint: 2284 ns, Total: 321756 ns
[2025-08-19T13:31:56.162+0000][1692266][info ][safepoint   ] Safepoint "Cleanup", Time since last: 1000091245 ns, Reaching safepoint: 576490 ns, Cleanup: 35614 ns, At safepoint: 2734 ns, Total: 614838 ns
[2025-08-19T13:31:57.426+0000][1692266][info ][safepoint   ] Safepoint "Cleanup", Time since last: 1263747056 ns, Reaching safepoint: 2114 ns, Cleanup: 61272 ns, At safepoint: 1362 ns, Total: 64748 ns
[2025-08-19T13:31:58.293+0000][1692266][info ][safepoint   ] Safepoint "ICBufferFull", Time since last: 866571835 ns, Reaching safepoint: 3165 ns, Cleanup: 110256 ns, At safepoint: 1452 ns, Total: 114873 ns
[2025-08-19T13:32:00.247+0000][1692266][info ][safepoint   ] Safepoint "Cleanup", Time since last: 1941618450 ns, Reaching safepoint: 12938277 ns, Cleanup: 87612 ns, At safepoint: 5518 ns, Total: 13031407 ns
[2025-08-19T13:32:01.251+0000][1692266][info ][safepoint   ] Safepoint "Cleanup", Time since last: 1000090084 ns, Reaching safepoint: 3196867 ns, Cleanup: 50015 ns, At safepoint: 6230 ns, Total: 3253112 ns
[2025-08-19T13:32:02.251+0000][1692266][info ][safepoint   ] Safepoint "Cleanup", Time since last: 1000093918 ns, Reaching safepoint: 5098 ns, Cleanup: 111378 ns, At safepoint: 1943 ns, Total: 118419 ns
[2025-08-19T13:32:03.251+0000][1692266][info ][safepoint   ] Safepoint "Cleanup", Time since last: 1000098296 ns, Reaching safepoint: 5328 ns, Cleanup: 13090 ns, At safepoint: 1872 ns, Total: 20290 ns
[2025-08-19T13:32:04.257+0000][1692266][info ][safepoint   ] Safepoint "ICBufferFull", Time since last: 1005266079 ns, Reaching safepoint: 3956 ns, Cleanup: 100432 ns, At safepoint: 1412 ns, Total: 105800 ns
[2025-08-19T13:32:05.554+0000][1692266][info ][safepoint   ] Safepoint "Cleanup", Time since last: 1297691131 ns, Reaching safepoint: 80291 ns, Cleanup: 61022 ns, At safepoint: 2904 ns, Total: 144217 ns
[2025-08-19T13:32:06.410+0000][1692266][info ][gc,start    ] GC(23) Pause Young (Prepare Mixed) (G1 Evacuation Pause)
[2025-08-19T13:32:06.410+0000][1692266][info ][gc,task     ] GC(23) Using 1 workers of 1 for evacuation
[2025-08-19T13:32:06.410+0000][1692266][debug][gc,age      ] GC(23) Desired survivor size 20971520 bytes, new threshold 5 (max threshold 15)
[2025-08-19T13:32:06.788+0000][1692266][info ][gc,mmu      ] GC(23) MMU target violated: 201.0ms (200.0ms/201.0ms)
[2025-08-19T13:32:06.788+0000][1692266][info ][gc,phases   ] GC(23)   Pre Evacuate Collection Set: 0.1ms
[2025-08-19T13:32:06.788+0000][1692266][info ][gc,phases   ] GC(23)   Merge Heap Roots: 0.1ms
[2025-08-19T13:32:06.788+0000][1692266][info ][gc,phases   ] GC(23)   Evacuate Collection Set: 361.8ms
[2025-08-19T13:32:06.788+0000][1692266][info ][gc,phases   ] GC(23)   Post Evacuate Collection Set: 15.8ms
[2025-08-19T13:32:06.788+0000][1692266][info ][gc,phases   ] GC(23)   Other: 0.1ms
[2025-08-19T13:32:06.788+0000][1692266][trace][gc,age      ] GC(23) Age table with threshold 5 (max threshold 15)
[2025-08-19T13:32:06.788+0000][1692266][trace][gc,age      ] GC(23) - age   1:   18309056 bytes,   18309056 total
[2025-08-19T13:32:06.788+0000][1692266][trace][gc,age      ] GC(23) - age   2:    3986360 bytes,   22295416 total
[2025-08-19T13:32:06.788+0000][1692266][trace][gc,age      ] GC(23) - age   3:    5825880 bytes,   28121296 total
[2025-08-19T13:32:06.788+0000][1692266][trace][gc,age      ] GC(23) - age   4:    3626168 bytes,   31747464 total
[2025-08-19T13:32:06.788+0000][1692266][trace][gc,age      ] GC(23) - age   5:    6366304 bytes,   38113768 total
[2025-08-19T13:32:06.788+0000][1692266][info ][gc,heap     ] GC(23) Eden regions: 70->0(1)
[2025-08-19T13:32:06.788+0000][1692266][info ][gc,heap     ] GC(23) Survivor regions: 6->10(10)
[2025-08-19T13:32:06.788+0000][1692266][info ][gc,heap     ] GC(23) Old regions: 10->11
[2025-08-19T13:32:06.788+0000][1692266][info ][gc,heap     ] GC(23) Humongous regions: 0->0
[2025-08-19T13:32:06.788+0000][1692266][info ][gc,metaspace] GC(23) Metaspace: 134211K(137792K)->134211K(137792K) NonClass: 115746K(117632K)->115746K(117632K) Class: 18464K(20160K)->18464K(20160K)
[2025-08-19T13:32:06.788+0000][1692266][info ][gc          ] GC(23) Pause Young (Prepare Mixed) (G1 Evacuation Pause) 340M->78M(512M) 378.011ms
[2025-08-19T13:32:06.788+0000][1692266][info ][gc,cpu      ] GC(23) User=0.06s Sys=0.01s Real=0.38s
[2025-08-19T13:32:06.788+0000][1692266][info ][safepoint   ] Safepoint "G1CollectForAllocation", Time since last: 855559137 ns, Reaching safepoint: 4196 ns, Cleanup: 22584 ns, At safepoint: 378061360 ns, Total: 378088140 ns
[2025-08-19T13:32:06.825+0000][1692266][info ][gc,start    ] GC(24) Pause Young (Mixed) (G1 Evacuation Pause)
[2025-08-19T13:32:06.825+0000][1692266][info ][gc,task     ] GC(24) Using 1 workers of 1 for evacuation
[2025-08-19T13:32:06.825+0000][1692266][debug][gc,age      ] GC(24) Desired survivor size 4194304 bytes, new threshold 1 (max threshold 15)
[2025-08-19T13:32:07.165+0000][1692266][info ][gc,mmu      ] GC(24) MMU target violated: 201.0ms (200.0ms/201.0ms)
[2025-08-19T13:32:07.165+0000][1692266][info ][gc,phases   ] GC(24)   Pre Evacuate Collection Set: 3.3ms
[2025-08-19T13:32:07.165+0000][1692266][info ][gc,phases   ] GC(24)   Merge Heap Roots: 0.1ms
[2025-08-19T13:32:07.165+0000][1692266][info ][gc,phases   ] GC(24)   Evacuate Collection Set: 318.8ms
[2025-08-19T13:32:07.165+0000][1692266][info ][gc,phases   ] GC(24)   Post Evacuate Collection Set: 17.4ms
[2025-08-19T13:32:07.165+0000][1692266][info ][gc,phases   ] GC(24)   Other: 0.1ms
[2025-08-19T13:32:07.165+0000][1692266][trace][gc,age      ] GC(24) Age table with threshold 1 (max threshold 15)
[2025-08-19T13:32:07.165+0000][1692266][trace][gc,age      ] GC(24) - age   1:     594048 bytes,     594048 total
[2025-08-19T13:32:07.165+0000][1692266][info ][gc,heap     ] GC(24) Eden regions: 1->0(75)
[2025-08-19T13:32:07.165+0000][1692266][info ][gc,heap     ] GC(24) Survivor regions: 10->1(2)
[2025-08-19T13:32:07.165+0000][1692266][info ][gc,heap     ] GC(24) Old regions: 11->19
[2025-08-19T13:32:07.165+0000][1692266][info ][gc,heap     ] GC(24) Humongous regions: 0->0
[2025-08-19T13:32:07.165+0000][1692266][info ][gc,metaspace] GC(24) Metaspace: 134255K(137856K)->134255K(137856K) NonClass: 115785K(117696K)->115785K(117696K) Class: 18470K(20160K)->18470K(20160K)
[2025-08-19T13:32:07.165+0000][1692266][info ][gc          ] GC(24) Pause Young (Mixed) (G1 Evacuation Pause) 82M->78M(512M) 339.746ms
[2025-08-19T13:32:07.165+0000][1692266][info ][gc,cpu      ] GC(24) User=0.05s Sys=0.01s Real=0.34s
[2025-08-19T13:32:07.165+0000][1692266][info ][safepoint   ] Safepoint "G1CollectForAllocation", Time since last: 21011397 ns, Reaching safepoint: 16036354 ns, Cleanup: 12018 ns, At safepoint: 339796101 ns, Total: 355844473 ns
[2025-08-19T13:32:08.181+0000][1692266][info ][safepoint   ] Safepoint "Cleanup", Time since last: 1016190064 ns, Reaching safepoint: 3054 ns, Cleanup: 99060 ns, At safepoint: 1282 ns, Total: 103396 ns
[2025-08-19T13:32:09.194+0000][1692266][info ][safepoint   ] Safepoint "Cleanup", Time since last: 1000303896 ns, Reaching safepoint: 12178759 ns, Cleanup: 39730 ns, At safepoint: 5068 ns, Total: 12223557 ns
[2025-08-19T13:32:10.934+0000][1692266][info ][safepoint   ] Safepoint "Cleanup", Time since last: 1734268297 ns, Reaching safepoint: 6329628 ns, Cleanup: 88624 ns, At safepoint: 9614 ns, Total: 6427866 ns
[2025-08-19T13:32:12.020+0000][1692266][info ][safepoint   ] Safepoint "Cleanup", Time since last: 1063428432 ns, Reaching safepoint: 22166360 ns, Cleanup: 52259 ns, At safepoint: 6220 ns, Total: 22224839 ns
[2025-08-19T13:32:13.028+0000][1692266][info ][safepoint   ] Safepoint "Cleanup", Time since last: 1000096422 ns, Reaching safepoint: 7784214 ns, Cleanup: 62595 ns, At safepoint: 5408 ns, Total: 7852217 ns
[2025-08-19T13:32:14.037+0000][1692266][info ][safepoint   ] Safepoint "Cleanup", Time since last: 1000525761 ns, Reaching safepoint: 8115975 ns, Cleanup: 65669 ns, At safepoint: 4156 ns, Total: 8185800 ns
[2025-08-19T13:32:15.037+0000][1692266][info ][safepoint   ] Safepoint "Cleanup", Time since last: 1000093989 ns, Reaching safepoint: 7401 ns, Cleanup: 60512 ns, At safepoint: 2323 ns, Total: 70236 ns
[2025-08-19T13:32:16.037+0000][1692266][info ][safepoint   ] Safepoint "Cleanup", Time since last: 1000097384 ns, Reaching safepoint: 6490 ns, Cleanup: 66130 ns, At safepoint: 2243 ns, Total: 74863 ns
[2025-08-19T13:32:17.037+0000][1692266][info ][safepoint   ] Safepoint "Cleanup", Time since last: 1000097294 ns, Reaching safepoint: 7001 ns, Cleanup: 28473 ns, At safepoint: 2173 ns, Total: 37647 ns
[2025-08-19T13:32:18.649+0000][1692266][info ][safepoint   ] Safepoint "Cleanup", Time since last: 1611577870 ns, Reaching safepoint: 6620 ns, Cleanup: 57036 ns, At safepoint: 2163 ns, Total: 65819 ns
[2025-08-19T13:32:20.649+0000][1692266][info ][safepoint   ] Safepoint "Cleanup", Time since last: 2000215259 ns, Reaching safepoint: 7331 ns, Cleanup: 11978 ns, At safepoint: 2424 ns, Total: 21733 ns
[2025-08-19T13:32:22.038+0000][1692266][info ][safepoint   ] Safepoint "Cleanup", Time since last: 1388702545 ns, Reaching safepoint: 6410 ns, Cleanup: 31066 ns, At safepoint: 2134 ns, Total: 39610 ns
[2025-08-19T13:32:24.038+0000][1692266][info ][safepoint   ] Safepoint "Cleanup", Time since last: 2000161848 ns, Reaching safepoint: 6049 ns, Cleanup: 24417 ns, At safepoint: 2203 ns, Total: 32669 ns
[2025-08-19T13:32:25.038+0000][1692266][info ][safepoint   ] Safepoint "Cleanup", Time since last: 1000117906 ns, Reaching safepoint: 6820 ns, Cleanup: 14472 ns, At safepoint: 2133 ns, Total: 23425 ns
[2025-08-19T13:32:26.038+0000][1692266][info ][safepoint   ] Safepoint "Cleanup", Time since last: 1000114380 ns, Reaching safepoint: 6159 ns, Cleanup: 9654 ns, At safepoint: 2154 ns, Total: 17967 ns
[2025-08-19T13:32:27.038+0000][1692266][info ][safepoint   ] Safepoint "Cleanup", Time since last: 1000110143 ns, Reaching safepoint: 46741 ns, Cleanup: 8352 ns, At safepoint: 2133 ns, Total: 57226 ns
[2025-08-19T13:32:28.039+0000][1692266][info ][safepoint   ] Safepoint "Cleanup", Time since last: 1000107299 ns, Reaching safepoint: 6160 ns, Cleanup: 10235 ns, At safepoint: 2083 ns, Total: 18478 ns
[2025-08-19T13:32:29.039+0000][1692266][info ][safepoint   ] Safepoint "Cleanup", Time since last: 1000103774 ns, Reaching safepoint: 5078 ns, Cleanup: 8252 ns, At safepoint: 1953 ns, Total: 15283 ns
[2025-08-19T13:32:30.039+0000][1692266][info ][safepoint   ] Safepoint "Cleanup", Time since last: 1000106248 ns, Reaching safepoint: 5869 ns, Cleanup: 13670 ns, At safepoint: 1953 ns, Total: 21492 ns
[2025-08-19T13:32:31.039+0000][1692266][info ][safepoint   ] Safepoint "Cleanup", Time since last: 1000106658 ns, Reaching safepoint: 6089 ns, Cleanup: 12329 ns, At safepoint: 2023 ns, Total: 20441 ns
[2025-08-19T13:32:32.039+0000][1692266][info ][safepoint   ] Safepoint "Cleanup", Time since last: 1000103263 ns, Reaching safepoint: 6670 ns, Cleanup: 24597 ns, At safepoint: 2124 ns, Total: 33391 ns
[2025-08-19T13:32:33.039+0000][1692266][info ][safepoint   ] Safepoint "Cleanup", Time since last: 1000094309 ns, Reaching safepoint: 5969 ns, Cleanup: 8152 ns, At safepoint: 2254 ns, Total: 16375 ns
[2025-08-19T13:32:34.039+0000][1692266][info ][safepoint   ] Safepoint "Cleanup", Time since last: 1000096993 ns, Reaching safepoint: 6139 ns, Cleanup: 15324 ns, At safepoint: 2203 ns, Total: 23666 ns
[2025-08-19T13:32:35.039+0000][1692266][info ][safepoint   ] Safepoint "Cleanup", Time since last: 1000094430 ns, Reaching safepoint: 6680 ns, Cleanup: 8082 ns, At safepoint: 2243 ns, Total: 17005 ns
[2025-08-19T13:32:36.039+0000][1692266][info ][safepoint   ] Safepoint "Cleanup", Time since last: 1000101841 ns, Reaching safepoint: 5659 ns, Cleanup: 6590 ns, At safepoint: 1913 ns, Total: 14162 ns
[2025-08-19T13:32:37.040+0000][1692266][info ][safepoint   ] Safepoint "Cleanup", Time since last: 1000121510 ns, Reaching safepoint: 6189 ns, Cleanup: 9214 ns, At safepoint: 2063 ns, Total: 17466 ns
[2025-08-19T13:32:38.040+0000][1692266][info ][safepoint   ] Safepoint "Cleanup", Time since last: 1000114591 ns, Reaching safepoint: 6950 ns, Cleanup: 15724 ns, At safepoint: 1963 ns, Total: 24637 ns
[2025-08-19T13:32:40.040+0000][1692266][info ][safepoint   ] Safepoint "Cleanup", Time since last: 2000172645 ns, Reaching safepoint: 5808 ns, Cleanup: 8533 ns, At safepoint: 1873 ns, Total: 16214 ns
[2025-08-19T13:32:42.040+0000][1692266][info ][safepoint   ] Safepoint "Cleanup", Time since last: 2000156611 ns, Reaching safepoint: 5979 ns, Cleanup: 9194 ns, At safepoint: 1942 ns, Total: 17115 ns
[2025-08-19T13:32:43.040+0000][1692266][info ][safepoint   ] Safepoint "Cleanup", Time since last: 1000095552 ns, Reaching safepoint: 6049 ns, Cleanup: 12639 ns, At safepoint: 1863 ns, Total: 20551 ns
[2025-08-19T13:32:44.040+0000][1692266][info ][safepoint   ] Safepoint "Cleanup", Time since last: 1000106227 ns, Reaching safepoint: 5248 ns, Cleanup: 7471 ns, At safepoint: 1613 ns, Total: 14332 ns
[2025-08-19T13:32:45.040+0000][1692266][info ][safepoint   ] Safepoint "Cleanup", Time since last: 1000087049 ns, Reaching safepoint: 6129 ns, Cleanup: 9434 ns, At safepoint: 2133 ns, Total: 17696 ns
[2025-08-19T13:32:47.041+0000][1692266][info ][safepoint   ] Safepoint "Cleanup", Time since last: 2000144823 ns, Reaching safepoint: 5629 ns, Cleanup: 7060 ns, At safepoint: 1943 ns, Total: 14632 ns
[2025-08-19T13:32:48.359+0000][1692266][info ][safepoint   ] Safepoint "Cleanup", Time since last: 1318216484 ns, Reaching safepoint: 6710 ns, Cleanup: 11818 ns, At safepoint: 2173 ns, Total: 20701 ns
[2025-08-19T13:32:49.359+0000][1692266][info ][safepoint   ] Safepoint "Cleanup", Time since last: 1000102772 ns, Reaching safepoint: 6340 ns, Cleanup: 11938 ns, At safepoint: 2203 ns, Total: 20481 ns
[2025-08-19T13:32:50.359+0000][1692266][info ][safepoint   ] Safepoint "Cleanup", Time since last: 1000098766 ns, Reaching safepoint: 6670 ns, Cleanup: 17196 ns, At safepoint: 2124 ns, Total: 25990 ns
[2025-08-19T13:32:51.359+0000][1692266][info ][safepoint   ] Safepoint "Cleanup", Time since last: 1000110503 ns, Reaching safepoint: 6620 ns, Cleanup: 11548 ns, At safepoint: 2273 ns, Total: 20441 ns
[2025-08-19T13:32:52.359+0000][1692266][info ][safepoint   ] Safepoint "Cleanup", Time since last: 1000114971 ns, Reaching safepoint: 6590 ns, Cleanup: 13390 ns, At safepoint: 2284 ns, Total: 22264 ns
[2025-08-19T13:32:54.360+0000][1692266][info ][safepoint   ] Safepoint "Cleanup", Time since last: 2000165353 ns, Reaching safepoint: 6891 ns, Cleanup: 13540 ns, At safepoint: 2184 ns, Total: 22615 ns
[2025-08-19T13:32:57.360+0000][1692266][info ][safepoint   ] Safepoint "Cleanup", Time since last: 3000221826 ns, Reaching safepoint: 33370 ns, Cleanup: 17346 ns, At safepoint: 1953 ns, Total: 52669 ns
[2025-08-19T13:32:58.360+0000][1692266][info ][safepoint   ] Safepoint "Cleanup", Time since last: 1000507914 ns, Reaching safepoint: 6240 ns, Cleanup: 10075 ns, At safepoint: 1953 ns, Total: 18268 ns
[2025-08-19T13:32:59.361+0000][1692266][info ][safepoint   ] Safepoint "Cleanup", Time since last: 1000107389 ns, Reaching safepoint: 5719 ns, Cleanup: 11888 ns, At safepoint: 1872 ns, Total: 19479 ns
[2025-08-19T13:33:02.361+0000][1692266][info ][safepoint   ] Safepoint "Cleanup", Time since last: 3000215187 ns, Reaching safepoint: 6559 ns, Cleanup: 23306 ns, At safepoint: 1973 ns, Total: 31838 ns
[2025-08-19T13:33:03.361+0000][1692266][info ][safepoint   ] Safepoint "Cleanup", Time since last: 1000092847 ns, Reaching safepoint: 6099 ns, Cleanup: 8253 ns, At safepoint: 1912 ns, Total: 16264 ns
[2025-08-19T13:33:04.361+0000][1692266][info ][safepoint   ] Safepoint "Cleanup", Time since last: 1000098696 ns, Reaching safepoint: 5749 ns, Cleanup: 13791 ns, At safepoint: 1913 ns, Total: 21453 ns
[2025-08-19T13:33:05.361+0000][1692266][info ][safepoint   ] Safepoint "Cleanup", Time since last: 1000119087 ns, Reaching safepoint: 6540 ns, Cleanup: 8332 ns, At safepoint: 2043 ns, Total: 16915 ns
[2025-08-19T13:33:06.361+0000][1692266][info ][safepoint   ] Safepoint "Cleanup", Time since last: 1000110084 ns, Reaching safepoint: 6259 ns, Cleanup: 9044 ns, At safepoint: 2053 ns, Total: 17356 ns
[2025-08-19T13:33:07.361+0000][1692266][info ][safepoint   ] Safepoint "Cleanup", Time since last: 1000122071 ns, Reaching safepoint: 6080 ns, Cleanup: 8913 ns, At safepoint: 2143 ns, Total: 17136 ns
[2025-08-19T13:33:08.362+0000][1692266][info ][safepoint   ] Safepoint "Cleanup", Time since last: 1000102262 ns, Reaching safepoint: 5949 ns, Cleanup: 7641 ns, At safepoint: 2033 ns, Total: 15623 ns
[2025-08-19T13:33:10.362+0000][1692266][info ][safepoint   ] Safepoint "Cleanup", Time since last: 2000162720 ns, Reaching safepoint: 5528 ns, Cleanup: 8133 ns, At safepoint: 1822 ns, Total: 15483 ns
[2025-08-19T13:33:12.362+0000][1692266][info ][safepoint   ] Safepoint "Cleanup", Time since last: 2000159215 ns, Reaching safepoint: 5799 ns, Cleanup: 6269 ns, At safepoint: 1973 ns, Total: 14041 ns
[2025-08-19T13:33:15.362+0000][1692266][info ][safepoint   ] Safepoint "Cleanup", Time since last: 3000212292 ns, Reaching safepoint: 5819 ns, Cleanup: 7892 ns, At safepoint: 1842 ns, Total: 15553 ns
[2025-08-19T13:33:16.362+0000][1692266][info ][safepoint   ] Safepoint "Cleanup", Time since last: 1000092417 ns, Reaching safepoint: 5789 ns, Cleanup: 6499 ns, At safepoint: 1893 ns, Total: 14181 ns
[2025-08-19T13:33:17.362+0000][1692266][info ][safepoint   ] Safepoint "Cleanup", Time since last: 1000089953 ns, Reaching safepoint: 5619 ns, Cleanup: 9123 ns, At safepoint: 1803 ns, Total: 16545 ns
[2025-08-19T13:33:19.362+0000][1692266][info ][safepoint   ] Safepoint "Cleanup", Time since last: 2000183902 ns, Reaching safepoint: 5128 ns, Cleanup: 4497 ns, At safepoint: 1792 ns, Total: 11417 ns
[2025-08-19T13:33:20.363+0000][1692266][info ][safepoint   ] Safepoint "Cleanup", Time since last: 1000097705 ns, Reaching safepoint: 5598 ns, Cleanup: 5529 ns, At safepoint: 2073 ns, Total: 13200 ns
[2025-08-19T13:33:21.364+0000][1692266][info ][safepoint   ] Safepoint "Cleanup", Time since last: 1001255302 ns, Reaching safepoint: 5759 ns, Cleanup: 4978 ns, At safepoint: 1632 ns, Total: 12369 ns
[2025-08-19T13:33:22.364+0000][1692266][info ][safepoint   ] Safepoint "Cleanup", Time since last: 1000094860 ns, Reaching safepoint: 5539 ns, Cleanup: 8683 ns, At safepoint: 2013 ns, Total: 16235 ns
[2025-08-19T13:33:23.365+0000][1692266][info ][safepoint   ] Safepoint "Cleanup", Time since last: 1000566732 ns, Reaching safepoint: 5849 ns, Cleanup: 7812 ns, At safepoint: 1993 ns, Total: 15654 ns
[2025-08-19T13:33:24.365+0000][1692266][info ][safepoint   ] Safepoint "Cleanup", Time since last: 1000104836 ns, Reaching safepoint: 7421 ns, Cleanup: 12599 ns, At safepoint: 1662 ns, Total: 21682 ns
[2025-08-19T13:33:25.365+0000][1692266][info ][safepoint   ] Safepoint "Cleanup", Time since last: 1000099628 ns, Reaching safepoint: 5788 ns, Cleanup: 15514 ns, At safepoint: 1973 ns, Total: 23275 ns
[2025-08-19T13:33:28.365+0000][1692266][info ][safepoint   ] Safepoint "Cleanup", Time since last: 3000223569 ns, Reaching safepoint: 38768 ns, Cleanup: 13911 ns, At safepoint: 2354 ns, Total: 55033 ns
[2025-08-19T13:33:29.365+0000][1692266][info ][safepoint   ] Safepoint "Cleanup", Time since last: 1000100899 ns, Reaching safepoint: 6360 ns, Cleanup: 17596 ns, At safepoint: 1933 ns, Total: 25889 ns
[2025-08-19T13:33:30.367+0000][1692266][info ][safepoint   ] Safepoint "Cleanup", Time since last: 1001385860 ns, Reaching safepoint: 6009 ns, Cleanup: 10756 ns, At safepoint: 2154 ns, Total: 18919 ns
[2025-08-19T13:33:31.367+0000][1692266][info ][safepoint   ] Safepoint "Cleanup", Time since last: 1000099617 ns, Reaching safepoint: 6760 ns, Cleanup: 11297 ns, At safepoint: 2344 ns, Total: 20401 ns
[2025-08-19T13:33:32.367+0000][1692266][info ][safepoint   ] Safepoint "Cleanup", Time since last: 1000103934 ns, Reaching safepoint: 6660 ns, Cleanup: 28984 ns, At safepoint: 2253 ns, Total: 37897 ns
[2025-08-19T13:33:33.367+0000][1692266][info ][safepoint   ] Safepoint "Cleanup", Time since last: 1000102902 ns, Reaching safepoint: 7362 ns, Cleanup: 10445 ns, At safepoint: 2254 ns, Total: 20061 ns
[2025-08-19T13:33:34.367+0000][1692266][info ][safepoint   ] Safepoint "Cleanup", Time since last: 1000102922 ns, Reaching safepoint: 6140 ns, Cleanup: 13390 ns, At safepoint: 2283 ns, Total: 21813 ns
[2025-08-19T13:33:35.367+0000][1692266][info ][safepoint   ] Safepoint "Cleanup", Time since last: 1000104805 ns, Reaching safepoint: 7081 ns, Cleanup: 14081 ns, At safepoint: 2094 ns, Total: 23256 ns
[2025-08-19T13:33:37.367+0000][1692266][info ][safepoint   ] Safepoint "Cleanup", Time since last: 2000163471 ns, Reaching safepoint: 6349 ns, Cleanup: 15123 ns, At safepoint: 1973 ns, Total: 23445 ns
[2025-08-19T13:33:38.368+0000][1692266][info ][safepoint   ] Safepoint "Cleanup", Time since last: 1000103974 ns, Reaching safepoint: 6570 ns, Cleanup: 11557 ns, At safepoint: 2244 ns, Total: 20371 ns
[2025-08-19T13:33:40.368+0000][1692266][info ][safepoint   ] Safepoint "Cleanup", Time since last: 2000189250 ns, Reaching safepoint: 6199 ns, Cleanup: 11838 ns, At safepoint: 2253 ns, Total: 20290 ns
[2025-08-19T13:33:44.368+0000][1692266][info ][safepoint   ] Safepoint "Cleanup", Time since last: 4000281003 ns, Reaching safepoint: 6680 ns, Cleanup: 10666 ns, At safepoint: 1933 ns, Total: 19279 ns
[2025-08-19T13:33:45.368+0000][1692266][info ][safepoint   ] Safepoint "Cleanup", Time since last: 1000101901 ns, Reaching safepoint: 6640 ns, Cleanup: 15854 ns, At safepoint: 2003 ns, Total: 24497 ns
[2025-08-19T13:33:46.368+0000][1692266][info ][safepoint   ] Safepoint "Cleanup", Time since last: 1000103964 ns, Reaching safepoint: 6380 ns, Cleanup: 10776 ns, At safepoint: 2023 ns, Total: 19179 ns
[2025-08-19T13:33:47.368+0000][1692266][info ][safepoint   ] Safepoint "Cleanup", Time since last: 1000113068 ns, Reaching safepoint: 7201 ns, Cleanup: 10556 ns, At safepoint: 1973 ns, Total: 19730 ns
[2025-08-19T13:33:51.369+0000][1692266][info ][safepoint   ] Safepoint "Cleanup", Time since last: 4000277216 ns, Reaching safepoint: 6200 ns, Cleanup: 12719 ns, At safepoint: 2083 ns, Total: 21002 ns
[2025-08-19T13:33:52.369+0000][1692266][info ][safepoint   ] Safepoint "Cleanup", Time since last: 1000127840 ns, Reaching safepoint: 7051 ns, Cleanup: 13841 ns, At safepoint: 2103 ns, Total: 22995 ns
[2025-08-19T13:33:54.369+0000][1692266][info ][safepoint   ] Safepoint "Cleanup", Time since last: 2000160897 ns, Reaching safepoint: 6019 ns, Cleanup: 15804 ns, At safepoint: 2073 ns, Total: 23896 ns
[2025-08-19T13:33:55.369+0000][1692266][info ][safepoint   ] Safepoint "Cleanup", Time since last: 1000102312 ns, Reaching safepoint: 6439 ns, Cleanup: 13641 ns, At safepoint: 2063 ns, Total: 22143 ns
[2025-08-19T13:33:56.369+0000][1692266][info ][safepoint   ] Safepoint "Cleanup", Time since last: 1000105036 ns, Reaching safepoint: 6640 ns, Cleanup: 11988 ns, At safepoint: 2063 ns, Total: 20691 ns
[2025-08-19T13:33:57.369+0000][1692266][info ][safepoint   ] Safepoint "Cleanup", Time since last: 1000124395 ns, Reaching safepoint: 6309 ns, Cleanup: 10366 ns, At safepoint: 2394 ns, Total: 19069 ns
[2025-08-19T13:34:01.370+0000][1692266][info ][safepoint   ] Safepoint "Cleanup", Time since last: 4000277146 ns, Reaching safepoint: 38038 ns, Cleanup: 10796 ns, At safepoint: 1913 ns, Total: 50747 ns
[2025-08-19T13:34:02.370+0000][1692266][info ][safepoint   ] Safepoint "Cleanup", Time since last: 1000102702 ns, Reaching safepoint: 6400 ns, Cleanup: 22394 ns, At safepoint: 2023 ns, Total: 30817 ns
[2025-08-19T13:34:03.370+0000][1692266][info ][safepoint   ] Safepoint "Cleanup", Time since last: 1000105216 ns, Reaching safepoint: 6449 ns, Cleanup: 20041 ns, At safepoint: 2353 ns, Total: 28843 ns
[2025-08-19T13:34:04.370+0000][1692266][info ][safepoint   ] Safepoint "Cleanup", Time since last: 1000101410 ns, Reaching safepoint: 6610 ns, Cleanup: 10967 ns, At safepoint: 2243 ns, Total: 19820 ns
[2025-08-19T13:34:05.370+0000][1692266][info ][safepoint   ] Safepoint "Cleanup", Time since last: 1000100129 ns, Reaching safepoint: 6890 ns, Cleanup: 14993 ns, At safepoint: 2193 ns, Total: 24076 ns
[2025-08-19T13:34:06.370+0000][1692266][info ][safepoint   ] Safepoint "Cleanup", Time since last: 1000107460 ns, Reaching safepoint: 6570 ns, Cleanup: 11317 ns, At safepoint: 2113 ns, Total: 20000 ns
[2025-08-19T13:34:07.371+0000][1692266][info ][safepoint   ] Safepoint "Cleanup", Time since last: 1000103353 ns, Reaching safepoint: 6109 ns, Cleanup: 16846 ns, At safepoint: 2343 ns, Total: 25298 ns
[2025-08-19T13:34:08.371+0000][1692266][info ][safepoint   ] Safepoint "Cleanup", Time since last: 1000103794 ns, Reaching safepoint: 6410 ns, Cleanup: 11066 ns, At safepoint: 2024 ns, Total: 19500 ns
[2025-08-19T13:34:10.371+0000][1692266][info ][safepoint   ] Safepoint "Cleanup", Time since last: 2000165744 ns, Reaching safepoint: 6069 ns, Cleanup: 12229 ns, At safepoint: 2063 ns, Total: 20361 ns
[2025-08-19T13:34:11.371+0000][1692266][info ][safepoint   ] Safepoint "Cleanup", Time since last: 1000098245 ns, Reaching safepoint: 6400 ns, Cleanup: 10556 ns, At safepoint: 2123 ns, Total: 19079 ns
[2025-08-19T13:34:14.371+0000][1692266][info ][safepoint   ] Safepoint "Cleanup", Time since last: 3000221285 ns, Reaching safepoint: 6991 ns, Cleanup: 10896 ns, At safepoint: 2043 ns, Total: 19930 ns
[2025-08-19T13:34:15.371+0000][1692266][info ][safepoint   ] Safepoint "Cleanup", Time since last: 1000105266 ns, Reaching safepoint: 6690 ns, Cleanup: 12169 ns, At safepoint: 2013 ns, Total: 20872 ns
[2025-08-19T13:34:16.372+0000][1692266][info ][safepoint   ] Safepoint "Cleanup", Time since last: 1000104034 ns, Reaching safepoint: 6540 ns, Cleanup: 11217 ns, At safepoint: 1983 ns, Total: 19740 ns
[2025-08-19T13:34:17.372+0000][1692266][info ][safepoint   ] Safepoint "Cleanup", Time since last: 1000171386 ns, Reaching safepoint: 6900 ns, Cleanup: 10466 ns, At safepoint: 1943 ns, Total: 19309 ns
[2025-08-19T13:34:21.372+0000][1692266][info ][safepoint   ] Safepoint "Cleanup", Time since last: 4000364278 ns, Reaching safepoint: 6500 ns, Cleanup: 14612 ns, At safepoint: 2093 ns, Total: 23205 ns
[2025-08-19T13:34:22.372+0000][1692266][info ][safepoint   ] Safepoint "Cleanup", Time since last: 1000108141 ns, Reaching safepoint: 6740 ns, Cleanup: 10686 ns, At safepoint: 2113 ns, Total: 19539 ns
[2025-08-19T13:34:23.372+0000][1692266][info ][safepoint   ] Safepoint "Cleanup", Time since last: 1000143764 ns, Reaching safepoint: 6520 ns, Cleanup: 10215 ns, At safepoint: 2284 ns, Total: 19019 ns
[2025-08-19T13:34:27.373+0000][1692266][info ][safepoint   ] Safepoint "Cleanup", Time since last: 4000283516 ns, Reaching safepoint: 6991 ns, Cleanup: 12969 ns, At safepoint: 2184 ns, Total: 22144 ns
[2025-08-19T13:34:32.373+0000][1692266][info ][safepoint   ] Safepoint "Cleanup", Time since last: 5000336072 ns, Reaching safepoint: 36846 ns, Cleanup: 14592 ns, At safepoint: 2303 ns, Total: 53741 ns
[2025-08-19T13:34:33.373+0000][1692266][info ][safepoint   ] Safepoint "Cleanup", Time since last: 1000101340 ns, Reaching safepoint: 5919 ns, Cleanup: 15644 ns, At safepoint: 2304 ns, Total: 23867 ns
[2025-08-19T13:34:35.373+0000][1692266][info ][safepoint   ] Safepoint "Cleanup", Time since last: 2000168017 ns, Reaching safepoint: 6620 ns, Cleanup: 11658 ns, At safepoint: 2764 ns, Total: 21042 ns
[2025-08-19T13:34:36.374+0000][1692266][info ][safepoint   ] Safepoint "Cleanup", Time since last: 1000096673 ns, Reaching safepoint: 6440 ns, Cleanup: 9003 ns, At safepoint: 2314 ns, Total: 17757 ns
[2025-08-19T13:34:37.374+0000][1692266][info ][safepoint   ] Safepoint "Cleanup", Time since last: 1000101881 ns, Reaching safepoint: 6530 ns, Cleanup: 12789 ns, At safepoint: 2153 ns, Total: 21472 ns
[2025-08-19T13:34:39.374+0000][1692266][info ][safepoint   ] Safepoint "Cleanup", Time since last: 2000271424 ns, Reaching safepoint: 6800 ns, Cleanup: 10696 ns, At safepoint: 1983 ns, Total: 19479 ns
[2025-08-19T13:34:41.374+0000][1692266][info ][safepoint   ] Safepoint "Cleanup", Time since last: 2000167708 ns, Reaching safepoint: 6770 ns, Cleanup: 12960 ns, At safepoint: 2003 ns, Total: 21733 ns
[2025-08-19T13:34:43.374+0000][1692266][info ][safepoint   ] Safepoint "Cleanup", Time since last: 2000165193 ns, Reaching safepoint: 6861 ns, Cleanup: 10676 ns, At safepoint: 2203 ns, Total: 19740 ns
[2025-08-19T13:34:44.374+0000][1692266][info ][safepoint   ] Safepoint "Cleanup", Time since last: 1000078295 ns, Reaching safepoint: 7181 ns, Cleanup: 10496 ns, At safepoint: 1993 ns, Total: 19670 ns
[2025-08-19T13:34:47.375+0000][1692266][info ][safepoint   ] Safepoint "Cleanup", Time since last: 3000225472 ns, Reaching safepoint: 6209 ns, Cleanup: 12098 ns, At safepoint: 2114 ns, Total: 20421 ns
[2025-08-19T13:34:48.375+0000][1692266][info ][safepoint   ] Safepoint "Cleanup", Time since last: 1000101941 ns, Reaching safepoint: 6089 ns, Cleanup: 11667 ns, At safepoint: 1903 ns, Total: 19659 ns
[2025-08-19T13:34:52.375+0000][1692266][info ][safepoint   ] Safepoint "Cleanup", Time since last: 4000308805 ns, Reaching safepoint: 6650 ns, Cleanup: 10426 ns, At safepoint: 2053 ns, Total: 19129 ns
[2025-08-19T13:34:56.375+0000][1692266][info ][safepoint   ] Safepoint "Cleanup", Time since last: 4000287773 ns, Reaching safepoint: 5989 ns, Cleanup: 10616 ns, At safepoint: 1993 ns, Total: 18598 ns
[2025-08-19T13:35:00.376+0000][1692266][info ][safepoint   ] Safepoint "Cleanup", Time since last: 4000364308 ns, Reaching safepoint: 26560 ns, Cleanup: 12629 ns, At safepoint: 1863 ns, Total: 41052 ns
[2025-08-19T13:35:01.376+0000][1692266][info ][safepoint   ] Safepoint "Cleanup", Time since last: 1000092136 ns, Reaching safepoint: 5839 ns, Cleanup: 10366 ns, At safepoint: 2023 ns, Total: 18228 ns
[2025-08-19T13:35:02.376+0000][1692266][info ][safepoint   ] Safepoint "Cleanup", Time since last: 1000107339 ns, Reaching safepoint: 6379 ns, Cleanup: 17136 ns, At safepoint: 2113 ns, Total: 25628 ns
[2025-08-19T13:35:05.376+0000][1692266][info ][safepoint   ] Safepoint "Cleanup", Time since last: 3000226013 ns, Reaching safepoint: 7141 ns, Cleanup: 9694 ns, At safepoint: 2033 ns, Total: 18868 ns
[2025-08-19T13:35:08.377+0000][1692266][info ][safepoint   ] Safepoint "Cleanup", Time since last: 3000206814 ns, Reaching safepoint: 6440 ns, Cleanup: 11677 ns, At safepoint: 2484 ns, Total: 20601 ns
[2025-08-19T13:35:09.377+0000][1692266][info ][safepoint   ] Safepoint "Cleanup", Time since last: 1000097334 ns, Reaching safepoint: 6910 ns, Cleanup: 13441 ns, At safepoint: 2393 ns, Total: 22744 ns
[2025-08-19T13:35:10.377+0000][1692266][info ][safepoint   ] Safepoint "Cleanup", Time since last: 1000106929 ns, Reaching safepoint: 6540 ns, Cleanup: 11076 ns, At safepoint: 2334 ns, Total: 19950 ns
[2025-08-19T13:35:13.378+0000][1692266][info ][safepoint   ] Safepoint "Cleanup", Time since last: 3001688491 ns, Reaching safepoint: 5789 ns, Cleanup: 9244 ns, At safepoint: 2173 ns, Total: 17206 ns
[2025-08-19T13:35:15.379+0000][1692266][info ][safepoint   ] Safepoint "Cleanup", Time since last: 2000159104 ns, Reaching safepoint: 5939 ns, Cleanup: 9434 ns, At safepoint: 2124 ns, Total: 17497 ns
[2025-08-19T13:35:16.379+0000][1692266][info ][safepoint   ] Safepoint "Cleanup", Time since last: 1000102091 ns, Reaching safepoint: 5458 ns, Cleanup: 12960 ns, At safepoint: 1762 ns, Total: 20180 ns
[2025-08-19T13:35:17.379+0000][1692266][info ][safepoint   ] Safepoint "Cleanup", Time since last: 1000099838 ns, Reaching safepoint: 6800 ns, Cleanup: 10005 ns, At safepoint: 2755 ns, Total: 19560 ns
[2025-08-19T13:35:20.379+0000][1692266][info ][safepoint   ] Safepoint "Cleanup", Time since last: 3000244931 ns, Reaching safepoint: 6499 ns, Cleanup: 13481 ns, At safepoint: 2604 ns, Total: 22584 ns
[2025-08-19T13:35:21.379+0000][1692266][info ][safepoint   ] Safepoint "Cleanup", Time since last: 1000089091 ns, Reaching safepoint: 6490 ns, Cleanup: 9474 ns, At safepoint: 2044 ns, Total: 18008 ns
[2025-08-19T13:35:26.380+0000][1692266][info ][safepoint   ] Safepoint "Cleanup", Time since last: 5000358496 ns, Reaching safepoint: 5228 ns, Cleanup: 8883 ns, At safepoint: 2013 ns, Total: 16124 ns
[2025-08-19T13:35:27.380+0000][1692266][info ][safepoint   ] Safepoint "Cleanup", Time since last: 1000102072 ns, Reaching safepoint: 5558 ns, Cleanup: 6490 ns, At safepoint: 1913 ns, Total: 13961 ns
[2025-08-19T13:35:29.380+0000][1692266][info ][safepoint   ] Safepoint "Cleanup", Time since last: 2000155338 ns, Reaching safepoint: 5138 ns, Cleanup: 5058 ns, At safepoint: 1802 ns, Total: 11998 ns
[2025-08-19T13:35:30.380+0000][1692266][info ][safepoint   ] Safepoint "Cleanup", Time since last: 1000094100 ns, Reaching safepoint: 5438 ns, Cleanup: 6580 ns, At safepoint: 2063 ns, Total: 14081 ns
[2025-08-19T13:35:33.380+0000][1692266][info ][safepoint   ] Safepoint "Cleanup", Time since last: 3000235757 ns, Reaching safepoint: 16064 ns, Cleanup: 6450 ns, At safepoint: 1923 ns, Total: 24437 ns
[2025-08-19T13:35:37.381+0000][1692266][info ][safepoint   ] Safepoint "Cleanup", Time since last: 4000262485 ns, Reaching safepoint: 4717 ns, Cleanup: 8793 ns, At safepoint: 1863 ns, Total: 15373 ns
[2025-08-19T13:35:38.381+0000][1692266][info ][safepoint   ] Safepoint "Cleanup", Time since last: 1000093288 ns, Reaching safepoint: 5137 ns, Cleanup: 8163 ns, At safepoint: 1913 ns, Total: 15213 ns
[2025-08-19T13:35:41.381+0000][1692266][info ][safepoint   ] Safepoint "Cleanup", Time since last: 3000497903 ns, Reaching safepoint: 6519 ns, Cleanup: 10526 ns, At safepoint: 2284 ns, Total: 19329 ns
[2025-08-19T13:35:46.382+0000][1692266][info ][safepoint   ] Safepoint "Cleanup", Time since last: 5000301130 ns, Reaching safepoint: 5989 ns, Cleanup: 13991 ns, At safepoint: 2283 ns, Total: 22263 ns
[2025-08-19T13:35:49.382+0000][1692266][info ][safepoint   ] Safepoint "Cleanup", Time since last: 3000224561 ns, Reaching safepoint: 6630 ns, Cleanup: 10015 ns, At safepoint: 2253 ns, Total: 18898 ns
[2025-08-19T13:35:52.382+0000][1692266][info ][safepoint   ] Safepoint "Cleanup", Time since last: 3000219303 ns, Reaching safepoint: 6469 ns, Cleanup: 10616 ns, At safepoint: 1883 ns, Total: 18968 ns
[2025-08-19T13:35:53.382+0000][1692266][info ][safepoint   ] Safepoint "Cleanup", Time since last: 1000109282 ns, Reaching safepoint: 6450 ns, Cleanup: 10366 ns, At safepoint: 2053 ns, Total: 18869 ns
[2025-08-19T13:36:01.383+0000][1692266][info ][safepoint   ] Safepoint "Cleanup", Time since last: 8000488895 ns, Reaching safepoint: 5918 ns, Cleanup: 12049 ns, At safepoint: 2413 ns, Total: 20380 ns
[2025-08-19T13:36:02.383+0000][1692266][info ][safepoint   ] Safepoint "Cleanup", Time since last: 1000093438 ns, Reaching safepoint: 41272 ns, Cleanup: 10136 ns, At safepoint: 2093 ns, Total: 53501 ns
[2025-08-19T13:36:04.383+0000][1692266][info ][safepoint   ] Safepoint "Cleanup", Time since last: 2000167597 ns, Reaching safepoint: 6420 ns, Cleanup: 12438 ns, At safepoint: 1893 ns, Total: 20751 ns
[2025-08-19T13:36:13.384+0000][1692266][info ][safepoint   ] Safepoint "Cleanup", Time since last: 9000595934 ns, Reaching safepoint: 6840 ns, Cleanup: 13610 ns, At safepoint: 1833 ns, Total: 22283 ns
[2025-08-19T13:36:14.384+0000][1692266][info ][safepoint   ] Safepoint "Cleanup", Time since last: 1000094430 ns, Reaching safepoint: 6560 ns, Cleanup: 12579 ns, At safepoint: 2033 ns, Total: 21172 ns
[2025-08-19T13:36:15.384+0000][1692266][info ][safepoint   ] Safepoint "Cleanup", Time since last: 1000106908 ns, Reaching safepoint: 6079 ns, Cleanup: 9955 ns, At safepoint: 1953 ns, Total: 17987 ns
[2025-08-19T13:36:16.384+0000][1692266][info ][safepoint   ] Safepoint "Cleanup", Time since last: 1000096513 ns, Reaching safepoint: 5979 ns, Cleanup: 9805 ns, At safepoint: 2243 ns, Total: 18027 ns
[2025-08-19T13:36:19.385+0000][1692266][info ][safepoint   ] Safepoint "Cleanup", Time since last: 3000554970 ns, Reaching safepoint: 6309 ns, Cleanup: 11958 ns, At safepoint: 2254 ns, Total: 20521 ns
[2025-08-19T13:36:24.385+0000][1692266][info ][safepoint   ] Safepoint "Cleanup", Time since last: 5000338646 ns, Reaching safepoint: 6821 ns, Cleanup: 11948 ns, At safepoint: 2133 ns, Total: 20902 ns
[2025-08-19T13:36:26.385+0000][1692266][info ][safepoint   ] Safepoint "Cleanup", Time since last: 2000170722 ns, Reaching safepoint: 6279 ns, Cleanup: 10416 ns, At safepoint: 2314 ns, Total: 19009 ns
[2025-08-19T13:36:27.385+0000][1692266][info ][safepoint   ] Safepoint "Cleanup", Time since last: 1000107909 ns, Reaching safepoint: 6300 ns, Cleanup: 10536 ns, At safepoint: 2223 ns, Total: 19059 ns
[2025-08-19T13:36:29.385+0000][1692266][info ][safepoint   ] Safepoint "Cleanup", Time since last: 2000169460 ns, Reaching safepoint: 6520 ns, Cleanup: 10065 ns, At safepoint: 2444 ns, Total: 19029 ns
[2025-08-19T13:36:33.386+0000][1692266][info ][safepoint   ] Safepoint "Cleanup", Time since last: 4000273070 ns, Reaching safepoint: 36485 ns, Cleanup: 12750 ns, At safepoint: 2153 ns, Total: 51388 ns
[2025-08-19T13:36:36.386+0000][1692266][info ][safepoint   ] Safepoint "Cleanup", Time since last: 3000218591 ns, Reaching safepoint: 6169 ns, Cleanup: 10496 ns, At safepoint: 1963 ns, Total: 18628 ns
[2025-08-19T13:36:37.386+0000][1692266][info ][safepoint   ] Safepoint "Cleanup", Time since last: 1000103604 ns, Reaching safepoint: 5688 ns, Cleanup: 13110 ns, At safepoint: 1873 ns, Total: 20671 ns
[2025-08-19T13:36:38.386+0000][1692266][info ][safepoint   ] Safepoint "Cleanup", Time since last: 1000097254 ns, Reaching safepoint: 5859 ns, Cleanup: 15573 ns, At safepoint: 1943 ns, Total: 23375 ns
[2025-08-19T13:36:39.784+0000][1692266][info ][gc,start    ] GC(25) Pause Young (Normal) (G1 Evacuation Pause)
[2025-08-19T13:36:39.784+0000][1692266][info ][gc,task     ] GC(25) Using 1 workers of 1 for evacuation
[2025-08-19T13:36:39.784+0000][1692266][debug][gc,age      ] GC(25) Desired survivor size 20971520 bytes, new threshold 15 (max threshold 15)
[2025-08-19T13:36:39.824+0000][1692266][info ][gc,phases   ] GC(25)   Pre Evacuate Collection Set: 0.1ms
[2025-08-19T13:36:39.824+0000][1692266][info ][gc,phases   ] GC(25)   Merge Heap Roots: 0.0ms
[2025-08-19T13:36:39.824+0000][1692266][info ][gc,phases   ] GC(25)   Evacuate Collection Set: 32.0ms
[2025-08-19T13:36:39.824+0000][1692266][info ][gc,phases   ] GC(25)   Post Evacuate Collection Set: 8.1ms
[2025-08-19T13:36:39.824+0000][1692266][info ][gc,phases   ] GC(25)   Other: 0.0ms
[2025-08-19T13:36:39.824+0000][1692266][trace][gc,age      ] GC(25) Age table with threshold 15 (max threshold 15)
[2025-08-19T13:36:39.824+0000][1692266][trace][gc,age      ] GC(25) - age   1:   12180240 bytes,   12180240 total
[2025-08-19T13:36:39.825+0000][1692266][trace][gc,age      ] GC(25) - age   2:     592536 bytes,   12772776 total
[2025-08-19T13:36:39.825+0000][1692266][info ][gc,heap     ] GC(25) Eden regions: 75->0(72)
[2025-08-19T13:36:39.825+0000][1692266][info ][gc,heap     ] GC(25) Survivor regions: 1->4(10)
[2025-08-19T13:36:39.825+0000][1692266][info ][gc,heap     ] GC(25) Old regions: 19->19
[2025-08-19T13:36:39.825+0000][1692266][info ][gc,heap     ] GC(25) Humongous regions: 0->0
[2025-08-19T13:36:39.825+0000][1692266][info ][gc,metaspace] GC(25) Metaspace: 139465K(143040K)->139465K(143040K) NonClass: 120411K(122304K)->120411K(122304K) Class: 19054K(20736K)->19054K(20736K)
[2025-08-19T13:36:39.825+0000][1692266][info ][gc          ] GC(25) Pause Young (Normal) (G1 Evacuation Pause) 377M->90M(512M) 40.457ms
[2025-08-19T13:36:39.825+0000][1692266][info ][gc,cpu      ] GC(25) User=0.01s Sys=0.01s Real=0.04s
[2025-08-19T13:36:39.825+0000][1692266][info ][safepoint   ] Safepoint "G1CollectForAllocation", Time since last: 1397877259 ns, Reaching safepoint: 5458 ns, Cleanup: 3145 ns, At safepoint: 40502547 ns, Total: 40511150 ns
[2025-08-19T13:36:43.825+0000][1692266][info ][safepoint   ] Safepoint "Cleanup", Time since last: 4000248384 ns, Reaching safepoint: 6339 ns, Cleanup: 9214 ns, At safepoint: 2213 ns, Total: 17766 ns
[2025-08-19T13:36:49.825+0000][1692266][info ][safepoint   ] Safepoint "Cleanup", Time since last: 6000399927 ns, Reaching safepoint: 6560 ns, Cleanup: 10135 ns, At safepoint: 2273 ns, Total: 18968 ns
[2025-08-19T13:37:01.826+0000][1692266][info ][safepoint   ] Safepoint "Cleanup", Time since last: 12000758350 ns, Reaching safepoint: 5298 ns, Cleanup: 7872 ns, At safepoint: 1753 ns, Total: 14923 ns
[2025-08-19T13:37:02.826+0000][1692266][info ][safepoint   ] Safepoint "Cleanup", Time since last: 1000424928 ns, Reaching safepoint: 5839 ns, Cleanup: 11548 ns, At safepoint: 1873 ns, Total: 19260 ns
[2025-08-19T13:37:04.827+0000][1692266][info ][safepoint   ] Safepoint "Cleanup", Time since last: 2000152574 ns, Reaching safepoint: 6219 ns, Cleanup: 11888 ns, At safepoint: 2054 ns, Total: 20161 ns
[2025-08-19T13:37:06.827+0000][1692266][info ][safepoint   ] Safepoint "Cleanup", Time since last: 2000152895 ns, Reaching safepoint: 5418 ns, Cleanup: 8583 ns, At safepoint: 1802 ns, Total: 15803 ns
[2025-08-19T13:37:09.829+0000][1692266][info ][safepoint   ] Safepoint "Cleanup", Time since last: 3001647099 ns, Reaching safepoint: 6780 ns, Cleanup: 41563 ns, At safepoint: 2503 ns, Total: 50846 ns
[2025-08-19T13:37:27.830+0000][1692266][info ][safepoint   ] Safepoint "Cleanup", Time since last: 18001094140 ns, Reaching safepoint: 19769 ns, Cleanup: 13871 ns, At safepoint: 2144 ns, Total: 35784 ns
[2025-08-19T13:37:32.830+0000][1692266][info ][safepoint   ] Safepoint "Cleanup", Time since last: 5000332958 ns, Reaching safepoint: 7160 ns, Cleanup: 12690 ns, At safepoint: 2223 ns, Total: 22073 ns
[2025-08-19T13:37:37.830+0000][1692266][info ][safepoint   ] Safepoint "Cleanup", Time since last: 5000334110 ns, Reaching safepoint: 37356 ns, Cleanup: 12058 ns, At safepoint: 2084 ns, Total: 51498 ns
[2025-08-19T13:37:45.831+0000][1692266][info ][safepoint   ] Safepoint "Cleanup", Time since last: 8000575305 ns, Reaching safepoint: 6740 ns, Cleanup: 11287 ns, At safepoint: 2534 ns, Total: 20561 ns
[2025-08-19T13:37:46.831+0000][1692266][info ][safepoint   ] Safepoint "Cleanup", Time since last: 1000108861 ns, Reaching safepoint: 5338 ns, Cleanup: 11187 ns, At safepoint: 2083 ns, Total: 18608 ns
[2025-08-19T13:37:51.831+0000][1692266][info ][safepoint   ] Safepoint "Cleanup", Time since last: 5000318236 ns, Reaching safepoint: 6891 ns, Cleanup: 10856 ns, At safepoint: 2153 ns, Total: 19900 ns
[2025-08-19T13:37:56.832+0000][1692266][info ][safepoint   ] Safepoint "Cleanup", Time since last: 5000340990 ns, Reaching safepoint: 5389 ns, Cleanup: 10005 ns, At safepoint: 2173 ns, Total: 17567 ns
[2025-08-19T13:37:59.832+0000][1692266][info ][safepoint   ] Safepoint "Cleanup", Time since last: 3000212693 ns, Reaching safepoint: 7341 ns, Cleanup: 12479 ns, At safepoint: 2373 ns, Total: 22193 ns
[2025-08-19T13:38:01.832+0000][1692266][info ][safepoint   ] Safepoint "Cleanup", Time since last: 2000162860 ns, Reaching safepoint: 5899 ns, Cleanup: 9314 ns, At safepoint: 1953 ns, Total: 17166 ns
[2025-08-19T13:38:07.833+0000][1692266][info ][safepoint   ] Safepoint "Cleanup", Time since last: 6001196639 ns, Reaching safepoint: 31017 ns, Cleanup: 15013 ns, At safepoint: 2173 ns, Total: 48203 ns
[2025-08-19T13:38:09.834+0000][1692266][info ][safepoint   ] Safepoint "Cleanup", Time since last: 2000269972 ns, Reaching safepoint: 6730 ns, Cleanup: 11387 ns, At safepoint: 2454 ns, Total: 20571 ns
[2025-08-19T13:38:12.834+0000][1692266][info ][safepoint   ] Safepoint "Cleanup", Time since last: 3000207214 ns, Reaching safepoint: 7381 ns, Cleanup: 10877 ns, At safepoint: 2143 ns, Total: 20401 ns
[2025-08-19T13:38:16.834+0000][1692266][info ][safepoint   ] Safepoint "Cleanup", Time since last: 4000296386 ns, Reaching safepoint: 5298 ns, Cleanup: 5949 ns, At safepoint: 2003 ns, Total: 13250 ns
[2025-08-19T13:38:18.834+0000][1692266][info ][safepoint   ] Safepoint "Cleanup", Time since last: 2000130211 ns, Reaching safepoint: 6349 ns, Cleanup: 12178 ns, At safepoint: 2234 ns, Total: 20761 ns
[2025-08-19T13:38:19.835+0000][1692266][info ][safepoint   ] Safepoint "Cleanup", Time since last: 1000108110 ns, Reaching safepoint: 6911 ns, Cleanup: 12869 ns, At safepoint: 2183 ns, Total: 21963 ns
[2025-08-19T13:38:24.835+0000][1692266][info ][safepoint   ] Safepoint "Cleanup", Time since last: 5000339598 ns, Reaching safepoint: 7181 ns, Cleanup: 10826 ns, At safepoint: 1933 ns, Total: 19940 ns
[2025-08-19T13:38:26.835+0000][1692266][info ][safepoint   ] Safepoint "Cleanup", Time since last: 2000159225 ns, Reaching safepoint: 6219 ns, Cleanup: 12159 ns, At safepoint: 2193 ns, Total: 20571 ns
[2025-08-19T13:38:27.835+0000][1692266][info ][safepoint   ] Safepoint "Cleanup", Time since last: 1000107119 ns, Reaching safepoint: 7271 ns, Cleanup: 10756 ns, At safepoint: 2193 ns, Total: 20220 ns
[2025-08-19T13:38:37.836+0000][1692266][info ][safepoint   ] Safepoint "Cleanup", Time since last: 10000787089 ns, Reaching safepoint: 37918 ns, Cleanup: 10005 ns, At safepoint: 2133 ns, Total: 50056 ns
[2025-08-19T13:38:47.837+0000][1692266][info ][safepoint   ] Safepoint "Cleanup", Time since last: 10000578724 ns, Reaching safepoint: 6801 ns, Cleanup: 18097 ns, At safepoint: 2193 ns, Total: 27091 ns
[2025-08-19T13:39:02.850+0000][1692266][info ][safepoint   ] Safepoint "Cleanup", Time since last: 15013690388 ns, Reaching safepoint: 9144 ns, Cleanup: 11718 ns, At safepoint: 2323 ns, Total: 23185 ns
[2025-08-19T13:39:04.851+0000][1692266][info ][safepoint   ] Safepoint "Cleanup", Time since last: 2000163792 ns, Reaching safepoint: 6540 ns, Cleanup: 10936 ns, At safepoint: 2043 ns, Total: 19519 ns
[2025-08-19T13:39:07.851+0000][1692266][info ][safepoint   ] Safepoint "Cleanup", Time since last: 3000222617 ns, Reaching safepoint: 63216 ns, Cleanup: 11197 ns, At safepoint: 2083 ns, Total: 76496 ns
[2025-08-19T13:39:08.851+0000][1692266][info ][safepoint   ] Safepoint "Cleanup", Time since last: 1000097584 ns, Reaching safepoint: 6320 ns, Cleanup: 10596 ns, At safepoint: 2123 ns, Total: 19039 ns
[2025-08-19T13:39:09.852+0000][1692266][info ][safepoint   ] Safepoint "Cleanup", Time since last: 1000666053 ns, Reaching safepoint: 6760 ns, Cleanup: 10706 ns, At safepoint: 2314 ns, Total: 19780 ns
[2025-08-19T13:39:27.853+0000][1692266][info ][safepoint   ] Safepoint "Cleanup", Time since last: 18001570218 ns, Reaching safepoint: 7441 ns, Cleanup: 70096 ns, At safepoint: 1803 ns, Total: 79340 ns
[2025-08-19T13:39:28.858+0000][1692266][info ][safepoint   ] Safepoint "Cleanup", Time since last: 1000097013 ns, Reaching safepoint: 4224008 ns, Cleanup: 68784 ns, At safepoint: 2564 ns, Total: 4295356 ns
[2025-08-19T13:39:30.758+0000][1692266][info ][safepoint   ] Safepoint "Cleanup", Time since last: 1900108952 ns, Reaching safepoint: 7121 ns, Cleanup: 104067 ns, At safepoint: 2313 ns, Total: 113501 ns
[2025-08-19T13:39:31.759+0000][1692266][info ][safepoint   ] Safepoint "Cleanup", Time since last: 1000669919 ns, Reaching safepoint: 5889 ns, Cleanup: 20331 ns, At safepoint: 2393 ns, Total: 28613 ns
[2025-08-19T13:39:32.289+0000][1692266][info ][safepoint   ] Safepoint "ICBufferFull", Time since last: 524211532 ns, Reaching safepoint: 6350549 ns, Cleanup: 116717 ns, At safepoint: 3836 ns, Total: 6471102 ns
[2025-08-19T13:39:32.709+0000][1692266][info ][gc,start    ] GC(26) Pause Young (Normal) (G1 Evacuation Pause)
[2025-08-19T13:39:32.709+0000][1692266][info ][gc,task     ] GC(26) Using 1 workers of 1 for evacuation
[2025-08-19T13:39:32.709+0000][1692266][debug][gc,age      ] GC(26) Desired survivor size 20971520 bytes, new threshold 15 (max threshold 15)
[2025-08-19T13:39:32.791+0000][1692266][info ][gc,phases   ] GC(26)   Pre Evacuate Collection Set: 0.2ms
[2025-08-19T13:39:32.791+0000][1692266][info ][gc,phases   ] GC(26)   Merge Heap Roots: 0.2ms
[2025-08-19T13:39:32.791+0000][1692266][info ][gc,phases   ] GC(26)   Evacuate Collection Set: 77.7ms
[2025-08-19T13:39:32.791+0000][1692266][info ][gc,phases   ] GC(26)   Post Evacuate Collection Set: 3.5ms
[2025-08-19T13:39:32.791+0000][1692266][info ][gc,phases   ] GC(26)   Other: 0.0ms
[2025-08-19T13:39:32.791+0000][1692266][trace][gc,age      ] GC(26) Age table with threshold 15 (max threshold 15)
[2025-08-19T13:39:32.791+0000][1692266][trace][gc,age      ] GC(26) - age   1:    3826536 bytes,    3826536 total
[2025-08-19T13:39:32.791+0000][1692266][trace][gc,age      ] GC(26) - age   2:   11722120 bytes,   15548656 total
[2025-08-19T13:39:32.791+0000][1692266][trace][gc,age      ] GC(26) - age   3:     592504 bytes,   16141160 total
[2025-08-19T13:39:32.791+0000][1692266][info ][gc,heap     ] GC(26) Eden regions: 72->0(72)
[2025-08-19T13:39:32.791+0000][1692266][info ][gc,heap     ] GC(26) Survivor regions: 4->4(10)
[2025-08-19T13:39:32.791+0000][1692266][info ][gc,heap     ] GC(26) Old regions: 19->19
[2025-08-19T13:39:32.791+0000][1692266][info ][gc,heap     ] GC(26) Humongous regions: 0->0
[2025-08-19T13:39:32.791+0000][1692266][info ][gc,metaspace] GC(26) Metaspace: 142401K(146176K)->142401K(146176K) NonClass: 122946K(124928K)->122946K(124928K) Class: 19454K(21248K)->19454K(21248K)
[2025-08-19T13:39:32.791+0000][1692266][info ][gc          ] GC(26) Pause Young (Normal) (G1 Evacuation Pause) 377M->92M(512M) 81.801ms
[2025-08-19T13:39:32.791+0000][1692266][info ][gc,cpu      ] GC(26) User=0.02s Sys=0.00s Real=0.08s
[2025-08-19T13:39:32.791+0000][1692266][info ][safepoint   ] Safepoint "G1CollectForAllocation", Time since last: 418533421 ns, Reaching safepoint: 1002634 ns, Cleanup: 54563 ns, At safepoint: 82053428 ns, Total: 83110625 ns
[2025-08-19T13:39:33.795+0000][1692266][info ][safepoint   ] Safepoint "Cleanup", Time since last: 1003800886 ns, Reaching safepoint: 69705 ns, Cleanup: 51458 ns, At safepoint: 2554 ns, Total: 123717 ns
[2025-08-19T13:39:34.573+0000][1692266][info ][gc,start    ] GC(27) Pause Young (Normal) (G1 Evacuation Pause)
[2025-08-19T13:39:34.573+0000][1692266][info ][gc,task     ] GC(27) Using 1 workers of 1 for evacuation
[2025-08-19T13:39:34.573+0000][1692266][debug][gc,age      ] GC(27) Desired survivor size 20971520 bytes, new threshold 15 (max threshold 15)
[2025-08-19T13:39:34.991+0000][1692266][info ][gc,mmu      ] GC(27) MMU target violated: 201.0ms (200.0ms/201.0ms)
[2025-08-19T13:39:34.991+0000][1692266][info ][gc,phases   ] GC(27)   Pre Evacuate Collection Set: 0.1ms
[2025-08-19T13:39:34.991+0000][1692266][info ][gc,phases   ] GC(27)   Merge Heap Roots: 0.0ms
[2025-08-19T13:39:34.991+0000][1692266][info ][gc,phases   ] GC(27)   Evacuate Collection Set: 416.9ms
[2025-08-19T13:39:34.991+0000][1692266][info ][gc,phases   ] GC(27)   Post Evacuate Collection Set: 1.6ms
[2025-08-19T13:39:34.991+0000][1692266][info ][gc,phases   ] GC(27)   Other: 0.1ms
[2025-08-19T13:39:34.991+0000][1692266][trace][gc,age      ] GC(27) Age table with threshold 15 (max threshold 15)
[2025-08-19T13:39:34.991+0000][1692266][trace][gc,age      ] GC(27) - age   1:   28975568 bytes,   28975568 total
[2025-08-19T13:39:34.991+0000][1692266][trace][gc,age      ] GC(27) - age   2:    1170120 bytes,   30145688 total
[2025-08-19T13:39:34.991+0000][1692266][trace][gc,age      ] GC(27) - age   3:   11162696 bytes,   41308384 total
[2025-08-19T13:39:34.991+0000][1692266][trace][gc,age      ] GC(27) - age   4:     436768 bytes,   41745152 total
[2025-08-19T13:39:34.991+0000][1692266][info ][gc,heap     ] GC(27) Eden regions: 72->0(1)
[2025-08-19T13:39:34.991+0000][1692266][info ][gc,heap     ] GC(27) Survivor regions: 4->10(10)
[2025-08-19T13:39:34.991+0000][1692266][info ][gc,heap     ] GC(27) Old regions: 19->22
[2025-08-19T13:39:34.991+0000][1692266][info ][gc,heap     ] GC(27) Humongous regions: 0->0
[2025-08-19T13:39:34.991+0000][1692266][info ][gc,metaspace] GC(27) Metaspace: 142546K(146304K)->142546K(146304K) NonClass: 123091K(125056K)->123091K(125056K) Class: 19455K(21248K)->19455K(21248K)
[2025-08-19T13:39:34.991+0000][1692266][info ][gc          ] GC(27) Pause Young (Normal) (G1 Evacuation Pause) 380M->126M(512M) 418.915ms
[2025-08-19T13:39:34.991+0000][1692266][info ][gc,cpu      ] GC(27) User=0.03s Sys=0.09s Real=0.42s
[2025-08-19T13:39:34.991+0000][1692266][info ][safepoint   ] Safepoint "G1CollectForAllocation", Time since last: 775440910 ns, Reaching safepoint: 2089505 ns, Cleanup: 63456 ns, At safepoint: 418973826 ns, Total: 421126787 ns
[2025-08-19T13:39:35.019+0000][1692266][info ][gc,start    ] GC(28) Pause Young (Normal) (G1 Evacuation Pause)
[2025-08-19T13:39:35.019+0000][1692266][info ][gc,task     ] GC(28) Using 1 workers of 1 for evacuation
[2025-08-19T13:39:35.019+0000][1692266][debug][gc,age      ] GC(28) Desired survivor size 4194304 bytes, new threshold 1 (max threshold 15)
[2025-08-19T13:39:35.359+0000][1692266][info ][gc,mmu      ] GC(28) MMU target violated: 201.0ms (200.0ms/201.0ms)
[2025-08-19T13:39:35.359+0000][1692266][info ][gc,phases   ] GC(28)   Pre Evacuate Collection Set: 0.1ms
[2025-08-19T13:39:35.359+0000][1692266][info ][gc,phases   ] GC(28)   Merge Heap Roots: 0.0ms
[2025-08-19T13:39:35.359+0000][1692266][info ][gc,phases   ] GC(28)   Evacuate Collection Set: 334.9ms
[2025-08-19T13:39:35.359+0000][1692266][info ][gc,phases   ] GC(28)   Post Evacuate Collection Set: 3.0ms
[2025-08-19T13:39:35.359+0000][1692266][info ][gc,phases   ] GC(28)   Other: 1.9ms
[2025-08-19T13:39:35.359+0000][1692266][trace][gc,age      ] GC(28) Age table with threshold 1 (max threshold 15)
[2025-08-19T13:39:35.359+0000][1692266][trace][gc,age      ] GC(28) - age   1:    2207320 bytes,    2207320 total
[2025-08-19T13:39:35.359+0000][1692266][info ][gc,heap     ] GC(28) Eden regions: 1->0(15)
[2025-08-19T13:39:35.359+0000][1692266][info ][gc,heap     ] GC(28) Survivor regions: 10->1(2)
[2025-08-19T13:39:35.359+0000][1692266][info ][gc,heap     ] GC(28) Old regions: 22->32
[2025-08-19T13:39:35.359+0000][1692266][info ][gc,heap     ] GC(28) Humongous regions: 0->0
[2025-08-19T13:39:35.359+0000][1692266][info ][gc,metaspace] GC(28) Metaspace: 142546K(146304K)->142546K(146304K) NonClass: 123091K(125056K)->123091K(125056K) Class: 19455K(21248K)->19455K(21248K)
[2025-08-19T13:39:35.359+0000][1692266][info ][gc          ] GC(28) Pause Young (Normal) (G1 Evacuation Pause) 130M->132M(512M) 340.113ms
[2025-08-19T13:39:35.359+0000][1692266][info ][gc,cpu      ] GC(28) User=0.02s Sys=0.09s Real=0.34s
[2025-08-19T13:39:35.364+0000][1692266][info ][safepoint   ] Safepoint "G1CollectForAllocation", Time since last: 9429649 ns, Reaching safepoint: 18008793 ns, Cleanup: 5918 ns, At safepoint: 340392712 ns, Total: 358407423 ns
[2025-08-19T13:39:35.580+0000][1692266][info ][gc,start    ] GC(29) Pause Young (Normal) (G1 Evacuation Pause)
[2025-08-19T13:39:35.580+0000][1692266][info ][gc,task     ] GC(29) Using 1 workers of 1 for evacuation
[2025-08-19T13:39:35.580+0000][1692266][debug][gc,age      ] GC(29) Desired survivor size 6291456 bytes, new threshold 15 (max threshold 15)
[2025-08-19T13:39:35.620+0000][1692266][info ][gc,phases   ] GC(29)   Pre Evacuate Collection Set: 0.1ms
[2025-08-19T13:39:35.620+0000][1692266][info ][gc,phases   ] GC(29)   Merge Heap Roots: 0.0ms
[2025-08-19T13:39:35.620+0000][1692266][info ][gc,phases   ] GC(29)   Evacuate Collection Set: 37.9ms
[2025-08-19T13:39:35.620+0000][1692266][info ][gc,phases   ] GC(29)   Post Evacuate Collection Set: 2.2ms
[2025-08-19T13:39:35.620+0000][1692266][info ][gc,phases   ] GC(29)   Other: 0.0ms
[2025-08-19T13:39:35.620+0000][1692266][trace][gc,age      ] GC(29) Age table with threshold 15 (max threshold 15)
[2025-08-19T13:39:35.620+0000][1692266][trace][gc,age      ] GC(29) - age   1:   10416952 bytes,   10416952 total
[2025-08-19T13:39:35.620+0000][1692266][trace][gc,age      ] GC(29) - age   2:    2052256 bytes,   12469208 total
[2025-08-19T13:39:35.620+0000][1692266][info ][gc,heap     ] GC(29) Eden regions: 16->0(14)
[2025-08-19T13:39:35.620+0000][1692266][info ][gc,heap     ] GC(29) Survivor regions: 1->3(3)
[2025-08-19T13:39:35.620+0000][1692266][info ][gc,heap     ] GC(29) Old regions: 32->34
[2025-08-19T13:39:35.620+0000][1692266][info ][gc,heap     ] GC(29) Humongous regions: 0->0
[2025-08-19T13:39:35.620+0000][1692266][info ][gc,metaspace] GC(29) Metaspace: 142576K(146304K)->142576K(146304K) NonClass: 123121K(125056K)->123121K(125056K) Class: 19455K(21248K)->19455K(21248K)
[2025-08-19T13:39:35.620+0000][1692266][info ][gc          ] GC(29) Pause Young (Normal) (G1 Evacuation Pause) 196M->146M(512M) 40.410ms
[2025-08-19T13:39:35.620+0000][1692266][info ][gc,cpu      ] GC(29) User=0.01s Sys=0.01s Real=0.04s
[2025-08-19T13:39:35.620+0000][1692266][info ][safepoint   ] Safepoint "G1CollectForAllocation", Time since last: 220466537 ns, Reaching safepoint: 5319 ns, Cleanup: 33981 ns, At safepoint: 40459162 ns, Total: 40498462 ns
[2025-08-19T13:39:36.620+0000][1692266][info ][safepoint   ] Safepoint "Cleanup", Time since last: 1000069872 ns, Reaching safepoint: 5729 ns, Cleanup: 20821 ns, At safepoint: 2124 ns, Total: 28674 ns
[2025-08-19T13:39:37.621+0000][1692266][info ][safepoint   ] Safepoint "Cleanup", Time since last: 1000096072 ns, Reaching safepoint: 38167 ns, Cleanup: 10226 ns, At safepoint: 2063 ns, Total: 50456 ns
[2025-08-19T13:39:38.621+0000][1692266][info ][safepoint   ] Safepoint "Cleanup", Time since last: 1000102772 ns, Reaching safepoint: 5809 ns, Cleanup: 10436 ns, At safepoint: 2013 ns, Total: 18258 ns
[2025-08-19T13:39:43.621+0000][1692266][info ][safepoint   ] Safepoint "Cleanup", Time since last: 5000322893 ns, Reaching safepoint: 6970 ns, Cleanup: 8373 ns, At safepoint: 2013 ns, Total: 17356 ns
[2025-08-19T13:39:47.505+0000][1692266][info ][safepoint   ] Safepoint "Cleanup", Time since last: 3884052341 ns, Reaching safepoint: 3215 ns, Cleanup: 11177 ns, At safepoint: 1382 ns, Total: 15774 ns
[2025-08-19T13:39:53.505+0000][1692266][info ][safepoint   ] Safepoint "Cleanup", Time since last: 6000437743 ns, Reaching safepoint: 5468 ns, Cleanup: 9455 ns, At safepoint: 1963 ns, Total: 16886 ns
[2025-08-19T13:39:55.506+0000][1692266][info ][safepoint   ] Safepoint "Cleanup", Time since last: 2000158662 ns, Reaching safepoint: 5909 ns, Cleanup: 9024 ns, At safepoint: 2073 ns, Total: 17006 ns
[2025-08-19T13:39:57.506+0000][1692266][info ][safepoint   ] Safepoint "Cleanup", Time since last: 2000161298 ns, Reaching safepoint: 5648 ns, Cleanup: 9224 ns, At safepoint: 2043 ns, Total: 16915 ns
[2025-08-19T13:39:59.506+0000][1692266][info ][safepoint   ] Safepoint "Cleanup", Time since last: 2000153266 ns, Reaching safepoint: 6039 ns, Cleanup: 9294 ns, At safepoint: 1943 ns, Total: 17276 ns
[2025-08-19T13:40:01.506+0000][1692266][info ][safepoint   ] Safepoint "Cleanup", Time since last: 2000155749 ns, Reaching safepoint: 6029 ns, Cleanup: 10737 ns, At safepoint: 1963 ns, Total: 18729 ns
[2025-08-19T13:40:02.506+0000][1692266][info ][safepoint   ] Safepoint "Cleanup", Time since last: 1000095711 ns, Reaching safepoint: 5258 ns, Cleanup: 11077 ns, At safepoint: 1902 ns, Total: 18237 ns
[2025-08-19T13:40:03.506+0000][1692266][info ][safepoint   ] Safepoint "Cleanup", Time since last: 1000056343 ns, Reaching safepoint: 6259 ns, Cleanup: 9064 ns, At safepoint: 1853 ns, Total: 17176 ns
[2025-08-19T13:40:09.332+0000][1692266][info ][gc,start    ] GC(30) Pause Young (Normal) (G1 Evacuation Pause)
[2025-08-19T13:40:09.332+0000][1692266][info ][gc,task     ] GC(30) Using 1 workers of 1 for evacuation
[2025-08-19T13:40:09.332+0000][1692266][debug][gc,age      ] GC(30) Desired survivor size 6291456 bytes, new threshold 1 (max threshold 15)
[2025-08-19T13:40:09.342+0000][1692266][info ][gc,phases   ] GC(30)   Pre Evacuate Collection Set: 0.1ms
[2025-08-19T13:40:09.342+0000][1692266][info ][gc,phases   ] GC(30)   Merge Heap Roots: 0.0ms
[2025-08-19T13:40:09.342+0000][1692266][info ][gc,phases   ] GC(30)   Evacuate Collection Set: 8.8ms
[2025-08-19T13:40:09.342+0000][1692266][info ][gc,phases   ] GC(30)   Post Evacuate Collection Set: 1.1ms
[2025-08-19T13:40:09.342+0000][1692266][info ][gc,phases   ] GC(30)   Other: 0.2ms
[2025-08-19T13:40:09.342+0000][1692266][trace][gc,age      ] GC(30) Age table with threshold 1 (max threshold 15)
[2025-08-19T13:40:09.342+0000][1692266][trace][gc,age      ] GC(30) - age   1:      57376 bytes,      57376 total
[2025-08-19T13:40:09.342+0000][1692266][info ][gc,heap     ] GC(30) Eden regions: 15->0(28)
[2025-08-19T13:40:09.342+0000][1692266][info ][gc,heap     ] GC(30) Survivor regions: 3->1(3)
[2025-08-19T13:40:09.342+0000][1692266][info ][gc,heap     ] GC(30) Old regions: 34->34
[2025-08-19T13:40:09.342+0000][1692266][info ][gc,heap     ] GC(30) Humongous regions: 0->0
[2025-08-19T13:40:09.342+0000][1692266][info ][gc,metaspace] GC(30) Metaspace: 142577K(146304K)->142577K(146304K) NonClass: 123122K(125056K)->123122K(125056K) Class: 19455K(21248K)->19455K(21248K)
[2025-08-19T13:40:09.342+0000][1692266][info ][gc          ] GC(30) Pause Young (Normal) (G1 Evacuation Pause) 206M->138M(512M) 10.491ms
[2025-08-19T13:40:09.342+0000][1692266][info ][gc,cpu      ] GC(30) User=0.00s Sys=0.00s Real=0.01s
[2025-08-19T13:40:09.343+0000][1692266][info ][safepoint   ] Safepoint "G1CollectForAllocation", Time since last: 5825297247 ns, Reaching safepoint: 7661 ns, Cleanup: 2384 ns, At safepoint: 10816042 ns, Total: 10826087 ns
[2025-08-19T13:40:13.343+0000][1692266][info ][safepoint   ] Safepoint "Cleanup", Time since last: 4000243886 ns, Reaching safepoint: 7712 ns, Cleanup: 10786 ns, At safepoint: 2203 ns, Total: 20701 ns
[2025-08-19T13:40:14.343+0000][1692266][info ][safepoint   ] Safepoint "Cleanup", Time since last: 1000105176 ns, Reaching safepoint: 7311 ns, Cleanup: 11317 ns, At safepoint: 2083 ns, Total: 20711 ns
[2025-08-19T13:40:17.343+0000][1692266][info ][safepoint   ] Safepoint "Cleanup", Time since last: 3000213484 ns, Reaching safepoint: 6870 ns, Cleanup: 11898 ns, At safepoint: 1833 ns, Total: 20601 ns
[2025-08-19T13:40:21.343+0000][1692266][info ][safepoint   ] Safepoint "Cleanup", Time since last: 4000236556 ns, Reaching safepoint: 7140 ns, Cleanup: 13000 ns, At safepoint: 2023 ns, Total: 22163 ns
[2025-08-19T13:40:27.344+0000][1692266][info ][safepoint   ] Safepoint "Cleanup", Time since last: 6000398574 ns, Reaching safepoint: 7341 ns, Cleanup: 13000 ns, At safepoint: 2073 ns, Total: 22414 ns
[2025-08-19T13:40:32.344+0000][1692266][info ][safepoint   ] Safepoint "Cleanup", Time since last: 5000343213 ns, Reaching safepoint: 6590 ns, Cleanup: 12950 ns, At safepoint: 2504 ns, Total: 22044 ns
[2025-08-19T13:40:40.345+0000][1692266][info ][safepoint   ] Safepoint "Cleanup", Time since last: 8000480692 ns, Reaching safepoint: 39359 ns, Cleanup: 12059 ns, At safepoint: 2103 ns, Total: 53521 ns
[2025-08-19T13:40:42.345+0000][1692266][info ][safepoint   ] Safepoint "Cleanup", Time since last: 2000159014 ns, Reaching safepoint: 6199 ns, Cleanup: 13270 ns, At safepoint: 2063 ns, Total: 21532 ns
[2025-08-19T13:40:43.345+0000][1692266][info ][safepoint   ] Safepoint "Cleanup", Time since last: 1000106929 ns, Reaching safepoint: 6800 ns, Cleanup: 12509 ns, At safepoint: 2294 ns, Total: 21603 ns
[2025-08-19T13:40:59.346+0000][1692266][info ][safepoint   ] Safepoint "Cleanup", Time since last: 16001172613 ns, Reaching safepoint: 6600 ns, Cleanup: 10927 ns, At safepoint: 2163 ns, Total: 19690 ns
[2025-08-19T13:41:01.346+0000][1692266][info ][safepoint   ] Safepoint "Cleanup", Time since last: 2000156480 ns, Reaching safepoint: 6270 ns, Cleanup: 12068 ns, At safepoint: 2303 ns, Total: 20641 ns
[2025-08-19T13:41:02.347+0000][1692266][info ][safepoint   ] Safepoint "Cleanup", Time since last: 1000108571 ns, Reaching safepoint: 6821 ns, Cleanup: 12288 ns, At safepoint: 2264 ns, Total: 21373 ns
[2025-08-19T13:41:05.347+0000][1692266][info ][safepoint   ] Safepoint "Cleanup", Time since last: 3000219592 ns, Reaching safepoint: 5789 ns, Cleanup: 10236 ns, At safepoint: 2153 ns, Total: 18178 ns
[2025-08-19T13:41:06.347+0000][1692266][info ][safepoint   ] Safepoint "Cleanup", Time since last: 1000102542 ns, Reaching safepoint: 5929 ns, Cleanup: 10496 ns, At safepoint: 2313 ns, Total: 18738 ns
[2025-08-19T13:41:08.347+0000][1692266][info ][safepoint   ] Safepoint "Cleanup", Time since last: 2000163010 ns, Reaching safepoint: 7121 ns, Cleanup: 12509 ns, At safepoint: 2263 ns, Total: 21893 ns
[2025-08-19T13:41:11.347+0000][1692266][info ][safepoint   ] Safepoint "Cleanup", Time since last: 3000223189 ns, Reaching safepoint: 29134 ns, Cleanup: 8903 ns, At safepoint: 2103 ns, Total: 40140 ns
[2025-08-19T13:41:12.347+0000][1692266][info ][safepoint   ] Safepoint "Cleanup", Time since last: 1000100429 ns, Reaching safepoint: 6229 ns, Cleanup: 11027 ns, At safepoint: 2203 ns, Total: 19459 ns
[2025-08-19T13:41:13.348+0000][1692266][info ][safepoint   ] Safepoint "Cleanup", Time since last: 1000094280 ns, Reaching safepoint: 7161 ns, Cleanup: 10636 ns, At safepoint: 2073 ns, Total: 19870 ns
[2025-08-19T13:41:14.348+0000][1692266][info ][safepoint   ] Safepoint "Cleanup", Time since last: 1000101250 ns, Reaching safepoint: 38228 ns, Cleanup: 12959 ns, At safepoint: 4607 ns, Total: 55794 ns
[2025-08-19T13:41:22.348+0000][1692266][info ][safepoint   ] Safepoint "Cleanup", Time since last: 8000567093 ns, Reaching safepoint: 5738 ns, Cleanup: 8573 ns, At safepoint: 2414 ns, Total: 16725 ns
[2025-08-19T13:41:32.349+0000][1692266][info ][safepoint   ] Safepoint "Cleanup", Time since last: 10000685456 ns, Reaching safepoint: 6019 ns, Cleanup: 9614 ns, At safepoint: 2093 ns, Total: 17726 ns
[2025-08-19T13:41:35.349+0000][1692266][info ][safepoint   ] Safepoint "Cleanup", Time since last: 3000219453 ns, Reaching safepoint: 6430 ns, Cleanup: 9334 ns, At safepoint: 2544 ns, Total: 18308 ns
[2025-08-19T13:41:38.350+0000][1692266][info ][safepoint   ] Safepoint "Cleanup", Time since last: 3000245261 ns, Reaching safepoint: 7772 ns, Cleanup: 11617 ns, At safepoint: 2494 ns, Total: 21883 ns
[2025-08-19T13:41:39.350+0000][1692266][info ][safepoint   ] Safepoint "Cleanup", Time since last: 1000096373 ns, Reaching safepoint: 6850 ns, Cleanup: 8954 ns, At safepoint: 2353 ns, Total: 18157 ns
[2025-08-19T13:41:43.350+0000][1692266][info ][safepoint   ] Safepoint "Cleanup", Time since last: 4000298900 ns, Reaching safepoint: 5448 ns, Cleanup: 10255 ns, At safepoint: 2354 ns, Total: 18057 ns
[2025-08-19T13:41:46.352+0000][1692266][info ][safepoint   ] Safepoint "Cleanup", Time since last: 3002297911 ns, Reaching safepoint: 22965 ns, Cleanup: 9825 ns, At safepoint: 2323 ns, Total: 35113 ns
[2025-08-19T13:41:50.353+0000][1692266][info ][safepoint   ] Safepoint "Cleanup", Time since last: 4000266621 ns, Reaching safepoint: 5829 ns, Cleanup: 9394 ns, At safepoint: 1983 ns, Total: 17206 ns
[2025-08-19T13:42:02.353+0000][1692266][info ][safepoint   ] Safepoint "Cleanup", Time since last: 12000748565 ns, Reaching safepoint: 5588 ns, Cleanup: 9144 ns, At safepoint: 1983 ns, Total: 16715 ns
[2025-08-19T13:42:05.354+0000][1692266][info ][safepoint   ] Safepoint "Cleanup", Time since last: 3000237640 ns, Reaching safepoint: 5568 ns, Cleanup: 8794 ns, At safepoint: 2093 ns, Total: 16455 ns
[2025-08-19T13:42:09.356+0000][1692266][info ][safepoint   ] Safepoint "Cleanup", Time since last: 4002803401 ns, Reaching safepoint: 6139 ns, Cleanup: 7031 ns, At safepoint: 2223 ns, Total: 15393 ns
[2025-08-19T13:42:17.357+0000][1692266][info ][safepoint   ] Safepoint "Cleanup", Time since last: 8000573773 ns, Reaching safepoint: 40181 ns, Cleanup: 5188 ns, At safepoint: 2223 ns, Total: 47592 ns
[2025-08-19T13:42:21.357+0000][1692266][info ][safepoint   ] Safepoint "Cleanup", Time since last: 4000402226 ns, Reaching safepoint: 5928 ns, Cleanup: 14032 ns, At safepoint: 2173 ns, Total: 22133 ns
[2025-08-19T13:42:32.358+0000][1692266][info ][safepoint   ] Safepoint "Cleanup", Time since last: 11000665252 ns, Reaching safepoint: 6500 ns, Cleanup: 13741 ns, At safepoint: 2373 ns, Total: 22614 ns
[2025-08-19T13:42:43.359+0000][1692266][info ][safepoint   ] Safepoint "Cleanup", Time since last: 11000714266 ns, Reaching safepoint: 6340 ns, Cleanup: 11047 ns, At safepoint: 2073 ns, Total: 19460 ns
[2025-08-19T13:42:58.360+0000][1692266][info ][safepoint   ] Safepoint "Cleanup", Time since last: 15000945604 ns, Reaching safepoint: 6039 ns, Cleanup: 13150 ns, At safepoint: 2223 ns, Total: 21412 ns
[2025-08-19T13:42:58.981+0000][1692266][info ][gc,start    ] GC(31) Pause Young (Normal) (G1 Evacuation Pause)
[2025-08-19T13:42:58.981+0000][1692266][info ][gc,task     ] GC(31) Using 1 workers of 1 for evacuation
[2025-08-19T13:42:58.981+0000][1692266][debug][gc,age      ] GC(31) Desired survivor size 8388608 bytes, new threshold 15 (max threshold 15)
[2025-08-19T13:42:58.984+0000][1692266][info ][gc,phases   ] GC(31)   Pre Evacuate Collection Set: 0.1ms
[2025-08-19T13:42:58.984+0000][1692266][info ][gc,phases   ] GC(31)   Merge Heap Roots: 0.1ms
[2025-08-19T13:42:58.984+0000][1692266][info ][gc,phases   ] GC(31)   Evacuate Collection Set: 1.6ms
[2025-08-19T13:42:58.984+0000][1692266][info ][gc,phases   ] GC(31)   Post Evacuate Collection Set: 0.8ms
[2025-08-19T13:42:58.984+0000][1692266][info ][gc,phases   ] GC(31)   Other: 0.0ms
[2025-08-19T13:42:58.984+0000][1692266][trace][gc,age      ] GC(31) Age table with threshold 15 (max threshold 15)
[2025-08-19T13:42:58.984+0000][1692266][trace][gc,age      ] GC(31) - age   1:      36752 bytes,      36752 total
[2025-08-19T13:42:58.984+0000][1692266][trace][gc,age      ] GC(31) - age   2:      43216 bytes,      79968 total
[2025-08-19T13:42:58.984+0000][1692266][info ][gc,heap     ] GC(31) Eden regions: 29->0(47)
[2025-08-19T13:42:58.984+0000][1692266][info ][gc,heap     ] GC(31) Survivor regions: 1->1(4)
[2025-08-19T13:42:58.984+0000][1692266][info ][gc,heap     ] GC(31) Old regions: 34->34
[2025-08-19T13:42:58.984+0000][1692266][info ][gc,heap     ] GC(31) Humongous regions: 0->0
[2025-08-19T13:42:58.984+0000][1692266][info ][gc,metaspace] GC(31) Metaspace: 142624K(146368K)->142624K(146368K) NonClass: 123161K(125120K)->123161K(125120K) Class: 19462K(21248K)->19462K(21248K)
[2025-08-19T13:42:58.984+0000][1692266][info ][gc          ] GC(31) Pause Young (Normal) (G1 Evacuation Pause) 253M->136M(512M) 2.756ms
[2025-08-19T13:42:58.984+0000][1692266][info ][gc,cpu      ] GC(31) User=0.00s Sys=0.00s Real=0.00s
[2025-08-19T13:42:58.984+0000][1692266][info ][safepoint   ] Safepoint "G1CollectForAllocation", Time since last: 620962863 ns, Reaching safepoint: 6080 ns, Cleanup: 3745 ns, At safepoint: 2794159 ns, Total: 2803984 ns
[2025-08-19T13:43:02.984+0000][1692266][info ][safepoint   ] Safepoint "Cleanup", Time since last: 4000246481 ns, Reaching safepoint: 7020 ns, Cleanup: 11838 ns, At safepoint: 2214 ns, Total: 21072 ns
[2025-08-19T13:43:32.986+0000][1692266][info ][safepoint   ] Safepoint "Cleanup", Time since last: 30001799328 ns, Reaching safepoint: 35434 ns, Cleanup: 11187 ns, At safepoint: 2514 ns, Total: 49135 ns
[2025-08-19T13:43:36.986+0000][1692266][info ][safepoint   ] Safepoint "Cleanup", Time since last: 4000724302 ns, Reaching safepoint: 6740 ns, Cleanup: 11197 ns, At safepoint: 2233 ns, Total: 20170 ns
[2025-08-19T13:43:37.987+0000][1692266][info ][safepoint   ] Safepoint "Cleanup", Time since last: 1000095892 ns, Reaching safepoint: 5608 ns, Cleanup: 10827 ns, At safepoint: 2073 ns, Total: 18508 ns
[2025-08-19T13:43:48.988+0000][1692266][info ][safepoint   ] Safepoint "Cleanup", Time since last: 11001319791 ns, Reaching safepoint: 6480 ns, Cleanup: 12829 ns, At safepoint: 2153 ns, Total: 21462 ns
[2025-08-19T13:43:56.989+0000][1692266][info ][safepoint   ] Safepoint "Cleanup", Time since last: 8000778973 ns, Reaching safepoint: 6921 ns, Cleanup: 11207 ns, At safepoint: 2113 ns, Total: 20241 ns
[2025-08-19T13:44:02.990+0000][1692266][info ][safepoint   ] Safepoint "Cleanup", Time since last: 6001263870 ns, Reaching safepoint: 6901 ns, Cleanup: 11808 ns, At safepoint: 2253 ns, Total: 20962 ns
[2025-08-19T13:44:44.995+0000][1692266][info ][safepoint   ] Safepoint "Cleanup", Time since last: 42004834106 ns, Reaching safepoint: 40681 ns, Cleanup: 10626 ns, At safepoint: 2214 ns, Total: 53521 ns
[2025-08-19T13:45:00.996+0000][1692266][info ][safepoint   ] Safepoint "Cleanup", Time since last: 16001226365 ns, Reaching safepoint: 51457 ns, Cleanup: 10586 ns, At safepoint: 2184 ns, Total: 64227 ns
[2025-08-19T13:45:08.000+0000][1692266][info ][safepoint   ] Safepoint "Cleanup", Time since last: 7003963604 ns, Reaching safepoint: 5749 ns, Cleanup: 7060 ns, At safepoint: 1683 ns, Total: 14492 ns
[2025-08-19T13:45:25.001+0000][1692266][info ][safepoint   ] Safepoint "Cleanup", Time since last: 17001080562 ns, Reaching safepoint: 41122 ns, Cleanup: 7311 ns, At safepoint: 1983 ns, Total: 50416 ns
[2025-08-19T13:45:53.003+0000][1692266][info ][safepoint   ] Safepoint "Cleanup", Time since last: 28001981549 ns, Reaching safepoint: 44086 ns, Cleanup: 11177 ns, At safepoint: 4707 ns, Total: 59970 ns
[2025-08-19T13:45:54.003+0000][1692266][info ][safepoint   ] Safepoint "Cleanup", Time since last: 1000109323 ns, Reaching safepoint: 6790 ns, Cleanup: 10916 ns, At safepoint: 2254 ns, Total: 19960 ns
[2025-08-19T13:45:56.004+0000][1692266][info ][safepoint   ] Safepoint "Cleanup", Time since last: 2000191413 ns, Reaching safepoint: 6690 ns, Cleanup: 12929 ns, At safepoint: 2274 ns, Total: 21893 ns
[2025-08-19T13:46:00.004+0000][1692266][info ][safepoint   ] Safepoint "Cleanup", Time since last: 4000567805 ns, Reaching safepoint: 6841 ns, Cleanup: 12549 ns, At safepoint: 2103 ns, Total: 21493 ns
[2025-08-19T13:46:05.005+0000][1692266][info ][safepoint   ] Safepoint "Cleanup", Time since last: 5000339618 ns, Reaching safepoint: 6450 ns, Cleanup: 10526 ns, At safepoint: 2293 ns, Total: 19269 ns
[2025-08-19T13:46:21.006+0000][1692266][info ][safepoint   ] Safepoint "Cleanup", Time since last: 16001093915 ns, Reaching safepoint: 5828 ns, Cleanup: 10957 ns, At safepoint: 2334 ns, Total: 19119 ns
[2025-08-19T13:46:27.006+0000][1692266][info ][safepoint   ] Safepoint "Cleanup", Time since last: 6000399595 ns, Reaching safepoint: 43586 ns, Cleanup: 11347 ns, At safepoint: 4457 ns, Total: 59390 ns
[2025-08-19T13:46:32.007+0000][1692266][info ][safepoint   ] Safepoint "Cleanup", Time since last: 5000301410 ns, Reaching safepoint: 5849 ns, Cleanup: 12299 ns, At safepoint: 2343 ns, Total: 20491 ns
[2025-08-19T13:46:33.007+0000][1692266][info ][safepoint   ] Safepoint "Cleanup", Time since last: 1000109292 ns, Reaching safepoint: 6961 ns, Cleanup: 14332 ns, At safepoint: 2543 ns, Total: 23836 ns
[2025-08-19T13:46:46.007+0000][1692266][info ][safepoint   ] Safepoint "Cleanup", Time since last: 13000780661 ns, Reaching safepoint: 5859 ns, Cleanup: 10155 ns, At safepoint: 2283 ns, Total: 18297 ns
[2025-08-19T13:46:50.008+0000][1692266][info ][safepoint   ] Safepoint "Cleanup", Time since last: 4000280062 ns, Reaching safepoint: 6489 ns, Cleanup: 11518 ns, At safepoint: 2063 ns, Total: 20070 ns
[2025-08-19T13:46:52.008+0000][1692266][info ][safepoint   ] Safepoint "Cleanup", Time since last: 2000149199 ns, Reaching safepoint: 33992 ns, Cleanup: 11136 ns, At safepoint: 4387 ns, Total: 49515 ns
[2025-08-19T13:47:02.009+0000][1692266][info ][safepoint   ] Safepoint "Cleanup", Time since last: 10000632716 ns, Reaching safepoint: 6620 ns, Cleanup: 11097 ns, At safepoint: 2363 ns, Total: 20080 ns
[2025-08-19T13:47:05.009+0000][1692266][info ][safepoint   ] Safepoint "Cleanup", Time since last: 3000216719 ns, Reaching safepoint: 6279 ns, Cleanup: 12519 ns, At safepoint: 2093 ns, Total: 20891 ns
[2025-08-19T13:47:33.011+0000][1692266][info ][safepoint   ] Safepoint "Cleanup", Time since last: 28002381624 ns, Reaching safepoint: 39891 ns, Cleanup: 10475 ns, At safepoint: 2003 ns, Total: 52369 ns
[2025-08-19T13:47:39.613+0000][1692266][info ][gc,start    ] GC(32) Pause Young (Normal) (G1 Evacuation Pause)
[2025-08-19T13:47:39.613+0000][1692266][info ][gc,task     ] GC(32) Using 1 workers of 1 for evacuation
[2025-08-19T13:47:39.613+0000][1692266][debug][gc,age      ] GC(32) Desired survivor size 14680064 bytes, new threshold 15 (max threshold 15)
[2025-08-19T13:47:39.618+0000][1692266][info ][gc,phases   ] GC(32)   Pre Evacuate Collection Set: 0.2ms
[2025-08-19T13:47:39.618+0000][1692266][info ][gc,phases   ] GC(32)   Merge Heap Roots: 0.0ms
[2025-08-19T13:47:39.618+0000][1692266][info ][gc,phases   ] GC(32)   Evacuate Collection Set: 2.7ms
[2025-08-19T13:47:39.618+0000][1692266][info ][gc,phases   ] GC(32)   Post Evacuate Collection Set: 1.2ms
[2025-08-19T13:47:39.618+0000][1692266][info ][gc,phases   ] GC(32)   Other: 0.0ms
[2025-08-19T13:47:39.618+0000][1692266][trace][gc,age      ] GC(32) Age table with threshold 15 (max threshold 15)
[2025-08-19T13:47:39.618+0000][1692266][trace][gc,age      ] GC(32) - age   1:      31224 bytes,      31224 total
[2025-08-19T13:47:39.618+0000][1692266][trace][gc,age      ] GC(32) - age   2:      20496 bytes,      51720 total
[2025-08-19T13:47:39.618+0000][1692266][trace][gc,age      ] GC(32) - age   3:      43216 bytes,      94936 total
[2025-08-19T13:47:39.618+0000][1692266][info ][gc,heap     ] GC(32) Eden regions: 48->0(68)
[2025-08-19T13:47:39.618+0000][1692266][info ][gc,heap     ] GC(32) Survivor regions: 1->1(7)
[2025-08-19T13:47:39.618+0000][1692266][info ][gc,heap     ] GC(32) Old regions: 34->34
[2025-08-19T13:47:39.618+0000][1692266][info ][gc,heap     ] GC(32) Humongous regions: 0->0
[2025-08-19T13:47:39.618+0000][1692266][info ][gc,metaspace] GC(32) Metaspace: 142667K(146496K)->142667K(146496K) NonClass: 123200K(125248K)->123200K(125248K) Class: 19467K(21248K)->19467K(21248K)
[2025-08-19T13:47:39.618+0000][1692266][info ][gc          ] GC(32) Pause Young (Normal) (G1 Evacuation Pause) 328M->136M(512M) 4.363ms
[2025-08-19T13:47:39.618+0000][1692266][info ][gc,cpu      ] GC(32) User=0.01s Sys=0.00s Real=0.01s
[2025-08-19T13:47:39.618+0000][1692266][info ][safepoint   ] Safepoint "G1CollectForAllocation", Time since last: 6602114095 ns, Reaching safepoint: 5138 ns, Cleanup: 2794 ns, At safepoint: 4404100 ns, Total: 4412032 ns
[2025-08-19T13:47:57.619+0000][1692266][info ][safepoint   ] Safepoint "Cleanup", Time since last: 18001057554 ns, Reaching safepoint: 33691 ns, Cleanup: 10205 ns, At safepoint: 1993 ns, Total: 45889 ns
[2025-08-19T13:48:02.619+0000][1692266][info ][safepoint   ] Safepoint "Cleanup", Time since last: 5000326799 ns, Reaching safepoint: 6570 ns, Cleanup: 9785 ns, At safepoint: 1953 ns, Total: 18308 ns
[2025-08-19T13:48:07.620+0000][1692266][info ][safepoint   ] Safepoint "Cleanup", Time since last: 5000355101 ns, Reaching safepoint: 6190 ns, Cleanup: 9454 ns, At safepoint: 1652 ns, Total: 17296 ns
[2025-08-19T13:48:09.620+0000][1692266][info ][safepoint   ] Safepoint "Cleanup", Time since last: 2000161098 ns, Reaching safepoint: 5809 ns, Cleanup: 10295 ns, At safepoint: 2053 ns, Total: 18157 ns
[2025-08-19T13:48:16.620+0000][1692266][info ][safepoint   ] Safepoint "Cleanup", Time since last: 7000449518 ns, Reaching safepoint: 6190 ns, Cleanup: 11026 ns, At safepoint: 2284 ns, Total: 19500 ns
[2025-08-19T13:48:19.620+0000][1692266][info ][safepoint   ] Safepoint "Cleanup", Time since last: 3000164720 ns, Reaching safepoint: 6479 ns, Cleanup: 10446 ns, At safepoint: 2184 ns, Total: 19109 ns
[2025-08-19T13:48:21.621+0000][1692266][info ][safepoint   ] Safepoint "Cleanup", Time since last: 2000157832 ns, Reaching safepoint: 6860 ns, Cleanup: 10366 ns, At safepoint: 2173 ns, Total: 19399 ns
[2025-08-19T13:48:32.621+0000][1692266][info ][safepoint   ] Safepoint "Cleanup", Time since last: 11000675868 ns, Reaching safepoint: 37307 ns, Cleanup: 10976 ns, At safepoint: 2364 ns, Total: 50647 ns
[2025-08-19T13:48:38.622+0000][1692266][info ][safepoint   ] Safepoint "Cleanup", Time since last: 6000389991 ns, Reaching safepoint: 5959 ns, Cleanup: 9585 ns, At safepoint: 1712 ns, Total: 17256 ns
[2025-08-19T13:48:39.622+0000][1692266][info ][safepoint   ] Safepoint "Cleanup", Time since last: 1000107009 ns, Reaching safepoint: 5188 ns, Cleanup: 8943 ns, At safepoint: 1953 ns, Total: 16084 ns
[2025-08-19T13:48:47.622+0000][1692266][info ][safepoint   ] Safepoint "Cleanup", Time since last: 8000488384 ns, Reaching safepoint: 5959 ns, Cleanup: 9765 ns, At safepoint: 1943 ns, Total: 17667 ns
[2025-08-19T13:48:50.623+0000][1692266][info ][safepoint   ] Safepoint "Cleanup", Time since last: 3000217119 ns, Reaching safepoint: 5759 ns, Cleanup: 8663 ns, At safepoint: 1862 ns, Total: 16284 ns
[2025-08-19T13:50:07.629+0000][1692266][info ][safepoint   ] Safepoint "Cleanup", Time since last: 77006110291 ns, Reaching safepoint: 35884 ns, Cleanup: 10235 ns, At safepoint: 2524 ns, Total: 48643 ns
[2025-08-19T13:50:32.630+0000][1692266][info ][safepoint   ] Safepoint "Cleanup", Time since last: 25001655887 ns, Reaching safepoint: 40161 ns, Cleanup: 12118 ns, At safepoint: 4927 ns, Total: 57206 ns
[2025-08-19T13:50:37.631+0000][1692266][info ][safepoint   ] Safepoint "Cleanup", Time since last: 5000376144 ns, Reaching safepoint: 8623 ns, Cleanup: 9394 ns, At safepoint: 2053 ns, Total: 20070 ns
[2025-08-19T13:50:39.631+0000][1692266][info ][safepoint   ] Safepoint "Cleanup", Time since last: 2000155118 ns, Reaching safepoint: 6200 ns, Cleanup: 10796 ns, At safepoint: 2193 ns, Total: 19189 ns
[2025-08-19T13:50:42.631+0000][1692266][info ][safepoint   ] Safepoint "Cleanup", Time since last: 3000215877 ns, Reaching safepoint: 6270 ns, Cleanup: 10345 ns, At safepoint: 2034 ns, Total: 18649 ns
[2025-08-19T13:50:47.632+0000][1692266][info ][safepoint   ] Safepoint "Cleanup", Time since last: 5000559440 ns, Reaching safepoint: 6409 ns, Cleanup: 13941 ns, At safepoint: 2114 ns, Total: 22464 ns
[2025-08-19T13:51:02.634+0000][1692266][info ][safepoint   ] Safepoint "Cleanup", Time since last: 15001348872 ns, Reaching safepoint: 305251 ns, Cleanup: 11117 ns, At safepoint: 2243 ns, Total: 318611 ns
[2025-08-19T13:51:07.634+0000][1692266][info ][safepoint   ] Safepoint "Cleanup", Time since last: 5000379198 ns, Reaching safepoint: 6820 ns, Cleanup: 9905 ns, At safepoint: 2094 ns, Total: 18819 ns
[2025-08-19T13:51:08.634+0000][1692266][info ][safepoint   ] Safepoint "Cleanup", Time since last: 1000102802 ns, Reaching safepoint: 6710 ns, Cleanup: 9564 ns, At safepoint: 2234 ns, Total: 18508 ns
[2025-08-19T13:51:32.636+0000][1692266][info ][safepoint   ] Safepoint "Cleanup", Time since last: 24001810223 ns, Reaching safepoint: 35363 ns, Cleanup: 11808 ns, At safepoint: 2163 ns, Total: 49334 ns
[2025-08-19T13:51:33.636+0000][1692266][info ][safepoint   ] Safepoint "Cleanup", Time since last: 1000104616 ns, Reaching safepoint: 6099 ns, Cleanup: 11737 ns, At safepoint: 2164 ns, Total: 20000 ns
[2025-08-19T13:52:08.639+0000][1692266][info ][safepoint   ] Safepoint "Cleanup", Time since last: 35003130474 ns, Reaching safepoint: 36936 ns, Cleanup: 9384 ns, At safepoint: 2304 ns, Total: 48624 ns
[2025-08-19T13:52:24.643+0000][1692266][info ][safepoint   ] Safepoint "Cleanup", Time since last: 16003342419 ns, Reaching safepoint: 33931 ns, Cleanup: 9424 ns, At safepoint: 4227 ns, Total: 47582 ns
[2025-08-19T13:52:26.643+0000][1692266][info ][safepoint   ] Safepoint "Cleanup", Time since last: 2000149028 ns, Reaching safepoint: 4857 ns, Cleanup: 9074 ns, At safepoint: 2253 ns, Total: 16184 ns
[2025-08-19T13:52:33.643+0000][1692266][info ][safepoint   ] Safepoint "Cleanup", Time since last: 7000646321 ns, Reaching safepoint: 36956 ns, Cleanup: 9143 ns, At safepoint: 2003 ns, Total: 48102 ns
[2025-08-19T13:52:34.644+0000][1692266][info ][safepoint   ] Safepoint "Cleanup", Time since last: 1000374302 ns, Reaching safepoint: 6119 ns, Cleanup: 9565 ns, At safepoint: 2313 ns, Total: 17997 ns
[2025-08-19T13:52:35.644+0000][1692266][info ][safepoint   ] Safepoint "Cleanup", Time since last: 1000233379 ns, Reaching safepoint: 36756 ns, Cleanup: 9945 ns, At safepoint: 4086 ns, Total: 50787 ns
[2025-08-19T13:52:38.644+0000][1692266][info ][safepoint   ] Safepoint "Cleanup", Time since last: 3000272831 ns, Reaching safepoint: 5629 ns, Cleanup: 9043 ns, At safepoint: 2113 ns, Total: 16785 ns
[2025-08-19T13:52:44.645+0000][1692266][info ][safepoint   ] Safepoint "Cleanup", Time since last: 6000663451 ns, Reaching safepoint: 37647 ns, Cleanup: 12028 ns, At safepoint: 1883 ns, Total: 51558 ns
[2025-08-19T13:52:55.646+0000][1692266][info ][safepoint   ] Safepoint "Cleanup", Time since last: 11000989604 ns, Reaching safepoint: 40912 ns, Cleanup: 8784 ns, At safepoint: 1972 ns, Total: 51668 ns
[2025-08-19T13:53:01.647+0000][1692266][info ][safepoint   ] Safepoint "Cleanup", Time since last: 6000533415 ns, Reaching safepoint: 36545 ns, Cleanup: 8312 ns, At safepoint: 2234 ns, Total: 47091 ns
[2025-08-19T13:53:02.647+0000][1692266][info ][safepoint   ] Safepoint "Cleanup", Time since last: 1000097333 ns, Reaching safepoint: 5508 ns, Cleanup: 11918 ns, At safepoint: 2083 ns, Total: 19509 ns
[2025-08-19T13:53:04.647+0000][1692266][info ][safepoint   ] Safepoint "Cleanup", Time since last: 2000196500 ns, Reaching safepoint: 6480 ns, Cleanup: 9053 ns, At safepoint: 2084 ns, Total: 17617 ns
[2025-08-19T13:53:08.647+0000][1692266][info ][safepoint   ] Safepoint "Cleanup", Time since last: 4000257805 ns, Reaching safepoint: 35012 ns, Cleanup: 9695 ns, At safepoint: 2113 ns, Total: 46820 ns
[2025-08-19T13:53:20.648+0000][1692266][info ][safepoint   ] Safepoint "Cleanup", Time since last: 12000956181 ns, Reaching safepoint: 37327 ns, Cleanup: 9624 ns, At safepoint: 2223 ns, Total: 49174 ns
[2025-08-19T13:53:23.649+0000][1692266][info ][safepoint   ] Safepoint "Cleanup", Time since last: 3000214303 ns, Reaching safepoint: 30506 ns, Cleanup: 10236 ns, At safepoint: 2213 ns, Total: 42955 ns
[2025-08-19T13:53:40.650+0000][1692266][info ][safepoint   ] Safepoint "Cleanup", Time since last: 17001145929 ns, Reaching safepoint: 34933 ns, Cleanup: 9865 ns, At safepoint: 2303 ns, Total: 47101 ns
[2025-08-19T13:53:49.651+0000][1692266][info ][safepoint   ] Safepoint "Cleanup", Time since last: 9000671542 ns, Reaching safepoint: 5028 ns, Cleanup: 7501 ns, At safepoint: 1913 ns, Total: 14442 ns
[2025-08-19T13:53:52.651+0000][1692266][info ][safepoint   ] Safepoint "Cleanup", Time since last: 3000222445 ns, Reaching safepoint: 33721 ns, Cleanup: 8613 ns, At safepoint: 1953 ns, Total: 44287 ns
[2025-08-19T13:54:02.653+0000][1692266][info ][safepoint   ] Safepoint "Cleanup", Time since last: 10001549314 ns, Reaching safepoint: 194594 ns, Cleanup: 7140 ns, At safepoint: 2785 ns, Total: 204519 ns
[2025-08-19T13:54:04.653+0000][1692266][info ][safepoint   ] Safepoint "Cleanup", Time since last: 2000167916 ns, Reaching safepoint: 6460 ns, Cleanup: 10666 ns, At safepoint: 2063 ns, Total: 19189 ns
[2025-08-19T13:54:19.300+0000][1692266][info ][gc,start    ] GC(33) Pause Young (Normal) (G1 Evacuation Pause)
[2025-08-19T13:54:19.300+0000][1692266][info ][gc,task     ] GC(33) Using 1 workers of 1 for evacuation
[2025-08-19T13:54:19.300+0000][1692266][debug][gc,age      ] GC(33) Desired survivor size 18874368 bytes, new threshold 15 (max threshold 15)
[2025-08-19T13:54:19.304+0000][1692266][info ][gc,phases   ] GC(33)   Pre Evacuate Collection Set: 0.1ms
[2025-08-19T13:54:19.304+0000][1692266][info ][gc,phases   ] GC(33)   Merge Heap Roots: 0.0ms
[2025-08-19T13:54:19.304+0000][1692266][info ][gc,phases   ] GC(33)   Evacuate Collection Set: 2.8ms
[2025-08-19T13:54:19.304+0000][1692266][info ][gc,phases   ] GC(33)   Post Evacuate Collection Set: 1.1ms
[2025-08-19T13:54:19.304+0000][1692266][info ][gc,phases   ] GC(33)   Other: 0.0ms
[2025-08-19T13:54:19.304+0000][1692266][trace][gc,age      ] GC(33) Age table with threshold 15 (max threshold 15)
[2025-08-19T13:54:19.304+0000][1692266][trace][gc,age      ] GC(33) - age   1:     118608 bytes,     118608 total
[2025-08-19T13:54:19.304+0000][1692266][trace][gc,age      ] GC(33) - age   2:      14816 bytes,     133424 total
[2025-08-19T13:54:19.304+0000][1692266][trace][gc,age      ] GC(33) - age   3:      19832 bytes,     153256 total
[2025-08-19T13:54:19.304+0000][1692266][trace][gc,age      ] GC(33) - age   4:      43216 bytes,     196472 total
[2025-08-19T13:54:19.304+0000][1692266][info ][gc,heap     ] GC(33) Eden regions: 68->0(72)
[2025-08-19T13:54:19.304+0000][1692266][info ][gc,heap     ] GC(33) Survivor regions: 1->1(9)
[2025-08-19T13:54:19.304+0000][1692266][info ][gc,heap     ] GC(33) Old regions: 34->34
[2025-08-19T13:54:19.304+0000][1692266][info ][gc,heap     ] GC(33) Humongous regions: 0->0
[2025-08-19T13:54:19.304+0000][1692266][info ][gc,metaspace] GC(33) Metaspace: 142729K(146496K)->142729K(146496K) NonClass: 123262K(125248K)->123262K(125248K) Class: 19467K(21248K)->19467K(21248K)
[2025-08-19T13:54:19.304+0000][1692266][info ][gc          ] GC(33) Pause Young (Normal) (G1 Evacuation Pause) 408M->136M(512M) 4.283ms
[2025-08-19T13:54:19.304+0000][1692266][info ][gc,cpu      ] GC(33) User=0.01s Sys=0.00s Real=0.00s
[2025-08-19T13:54:19.304+0000][1692266][info ][safepoint   ] Safepoint "G1CollectForAllocation", Time since last: 14647300381 ns, Reaching safepoint: 8193 ns, Cleanup: 3445 ns, At safepoint: 4317990 ns, Total: 4329628 ns
[2025-08-19T13:54:33.305+0000][1692266][info ][safepoint   ] Safepoint "Cleanup", Time since last: 14000957295 ns, Reaching safepoint: 38739 ns, Cleanup: 11878 ns, At safepoint: 4997 ns, Total: 55614 ns
[2025-08-19T13:55:00.308+0000][1692266][info ][safepoint   ] Safepoint "Cleanup", Time since last: 27002200947 ns, Reaching safepoint: 38188 ns, Cleanup: 11297 ns, At safepoint: 2213 ns, Total: 51698 ns
[2025-08-19T13:55:38.311+0000][1692266][info ][safepoint   ] Safepoint "Cleanup", Time since last: 38002861275 ns, Reaching safepoint: 39569 ns, Cleanup: 10757 ns, At safepoint: 4096 ns, Total: 54422 ns
[2025-08-19T13:56:02.839+0000][1692266][info ][safepoint   ] Safepoint "Cleanup", Time since last: 24528848974 ns, Reaching safepoint: 38678 ns, Cleanup: 13060 ns, At safepoint: 2233 ns, Total: 53971 ns
[2025-08-19T13:56:48.842+0000][1692266][info ][safepoint   ] Safepoint "Cleanup", Time since last: 46002746643 ns, Reaching safepoint: 7181 ns, Cleanup: 10896 ns, At safepoint: 2504 ns, Total: 20581 ns
[2025-08-19T13:57:02.843+0000][1692266][info ][safepoint   ] Safepoint "Cleanup", Time since last: 14000806558 ns, Reaching safepoint: 7071 ns, Cleanup: 11347 ns, At safepoint: 2483 ns, Total: 20901 ns
[2025-08-19T13:57:04.843+0000][1692266][info ][safepoint   ] Safepoint "Cleanup", Time since last: 2000155628 ns, Reaching safepoint: 7271 ns, Cleanup: 11177 ns, At safepoint: 2274 ns, Total: 20722 ns
[2025-08-19T13:57:07.843+0000][1692266][info ][safepoint   ] Safepoint "Cleanup", Time since last: 3000176395 ns, Reaching safepoint: 31287 ns, Cleanup: 12980 ns, At safepoint: 4477 ns, Total: 48744 ns
[2025-08-19T13:58:34.848+0000][1692266][info ][safepoint   ] Safepoint "Cleanup", Time since last: 87004896222 ns, Reaching safepoint: 33100 ns, Cleanup: 10185 ns, At safepoint: 2444 ns, Total: 45729 ns
[2025-08-19T13:58:37.849+0000][1692266][info ][safepoint   ] Safepoint "Cleanup", Time since last: 3000211208 ns, Reaching safepoint: 7031 ns, Cleanup: 12369 ns, At safepoint: 2093 ns, Total: 21493 ns
[2025-08-19T13:58:39.849+0000][1692266][info ][safepoint   ] Safepoint "Cleanup", Time since last: 2000186865 ns, Reaching safepoint: 33821 ns, Cleanup: 13210 ns, At safepoint: 4537 ns, Total: 51568 ns
[2025-08-19T13:58:48.851+0000][1692266][info ][safepoint   ] Safepoint "Cleanup", Time since last: 9001729369 ns, Reaching safepoint: 34852 ns, Cleanup: 8984 ns, At safepoint: 2323 ns, Total: 46159 ns
[2025-08-19T13:59:02.851+0000][1692266][info ][safepoint   ] Safepoint "Cleanup", Time since last: 14000778446 ns, Reaching safepoint: 40881 ns, Cleanup: 16025 ns, At safepoint: 2293 ns, Total: 59199 ns
[2025-08-19T13:59:56.861+0000][1692266][info ][safepoint   ] Safepoint "Cleanup", Time since last: 54009483507 ns, Reaching safepoint: 31908 ns, Cleanup: 7862 ns, At safepoint: 4346 ns, Total: 44116 ns
[2025-08-19T14:01:06.869+0000][1692266][info ][safepoint   ] Safepoint "Cleanup", Time since last: 70008357459 ns, Reaching safepoint: 35184 ns, Cleanup: 6149 ns, At safepoint: 1863 ns, Total: 43196 ns
[2025-08-19T14:01:25.120+0000][1692266][info ][gc,start    ] GC(34) Pause Young (Normal) (G1 Evacuation Pause)
[2025-08-19T14:01:25.120+0000][1692266][info ][gc,task     ] GC(34) Using 1 workers of 1 for evacuation
[2025-08-19T14:01:25.120+0000][1692266][debug][gc,age      ] GC(34) Desired survivor size 20971520 bytes, new threshold 15 (max threshold 15)
[2025-08-19T14:01:25.123+0000][1692266][info ][gc,phases   ] GC(34)   Pre Evacuate Collection Set: 0.2ms
[2025-08-19T14:01:25.123+0000][1692266][info ][gc,phases   ] GC(34)   Merge Heap Roots: 0.0ms
[2025-08-19T14:01:25.123+0000][1692266][info ][gc,phases   ] GC(34)   Evacuate Collection Set: 1.6ms
[2025-08-19T14:01:25.123+0000][1692266][info ][gc,phases   ] GC(34)   Post Evacuate Collection Set: 0.8ms
[2025-08-19T14:01:25.123+0000][1692266][info ][gc,phases   ] GC(34)   Other: 0.4ms
[2025-08-19T14:01:25.123+0000][1692266][trace][gc,age      ] GC(34) Age table with threshold 15 (max threshold 15)
[2025-08-19T14:01:25.123+0000][1692266][trace][gc,age      ] GC(34) - age   1:      48240 bytes,      48240 total
[2025-08-19T14:01:25.123+0000][1692266][trace][gc,age      ] GC(34) - age   2:      17096 bytes,      65336 total
[2025-08-19T14:01:25.123+0000][1692266][trace][gc,age      ] GC(34) - age   3:      14784 bytes,      80120 total
[2025-08-19T14:01:25.123+0000][1692266][trace][gc,age      ] GC(34) - age   4:      19832 bytes,      99952 total
[2025-08-19T14:01:25.123+0000][1692266][trace][gc,age      ] GC(34) - age   5:      43216 bytes,     143168 total
[2025-08-19T14:01:25.123+0000][1692266][info ][gc,heap     ] GC(34) Eden regions: 72->0(75)
[2025-08-19T14:01:25.123+0000][1692266][info ][gc,heap     ] GC(34) Survivor regions: 1->1(10)
[2025-08-19T14:01:25.123+0000][1692266][info ][gc,heap     ] GC(34) Old regions: 34->34
[2025-08-19T14:01:25.123+0000][1692266][info ][gc,heap     ] GC(34) Humongous regions: 0->0
[2025-08-19T14:01:25.123+0000][1692266][info ][gc,metaspace] GC(34) Metaspace: 142771K(146560K)->142771K(146560K) NonClass: 123304K(125312K)->123304K(125312K) Class: 19467K(21248K)->19467K(21248K)
[2025-08-19T14:01:25.123+0000][1692266][info ][gc          ] GC(34) Pause Young (Normal) (G1 Evacuation Pause) 424M->136M(512M) 3.184ms
[2025-08-19T14:01:25.123+0000][1692266][info ][gc,cpu      ] GC(34) User=0.00s Sys=0.01s Real=0.00s
[2025-08-19T14:01:25.123+0000][1692266][info ][safepoint   ] Safepoint "G1CollectForAllocation", Time since last: 18250461700 ns, Reaching safepoint: 7472 ns, Cleanup: 2513 ns, At safepoint: 3217559 ns, Total: 3227544 ns
[2025-08-19T14:01:33.124+0000][1692266][info ][safepoint   ] Safepoint "Cleanup", Time since last: 8000431002 ns, Reaching safepoint: 40782 ns, Cleanup: 12659 ns, At safepoint: 2213 ns, Total: 55654 ns
[2025-08-19T14:01:46.125+0000][1692266][info ][safepoint   ] Safepoint "Cleanup", Time since last: 13001014486 ns, Reaching safepoint: 31898 ns, Cleanup: 11357 ns, At safepoint: 2394 ns, Total: 45649 ns
[2025-08-19T14:01:50.125+0000][1692266][info ][safepoint   ] Safepoint "Cleanup", Time since last: 4000280419 ns, Reaching safepoint: 6720 ns, Cleanup: 11457 ns, At safepoint: 465483 ns, Total: 483660 ns
[2025-08-19T14:02:05.130+0000][1692266][info ][safepoint   ] Safepoint "Cleanup", Time since last: 15002221651 ns, Reaching safepoint: 1101493 ns, Cleanup: 95595 ns, At safepoint: 15223 ns, Total: 1212311 ns
[2025-08-19T14:02:49.135+0000][1692266][info ][safepoint   ] Safepoint "Cleanup", Time since last: 44004106563 ns, Reaching safepoint: 9805 ns, Cleanup: 1825276 ns, At safepoint: 3475 ns, Total: 1838556 ns
[2025-08-19T14:03:20.137+0000][1692266][info ][safepoint   ] Safepoint "Cleanup", Time since last: 31002197337 ns, Reaching safepoint: 34162 ns, Cleanup: 15072 ns, At safepoint: 4407 ns, Total: 53641 ns
[2025-08-19T14:03:38.138+0000][1692266][info ][safepoint   ] Safepoint "Cleanup", Time since last: 18001071854 ns, Reaching safepoint: 42154 ns, Cleanup: 10936 ns, At safepoint: 1913 ns, Total: 55003 ns
[2025-08-19T14:03:44.139+0000][1692266][info ][safepoint   ] Safepoint "Cleanup", Time since last: 6000411540 ns, Reaching safepoint: 41883 ns, Cleanup: 11808 ns, At safepoint: 4567 ns, Total: 58258 ns
[2025-08-19T14:04:33.142+0000][1692266][info ][safepoint   ] Safepoint "Cleanup", Time since last: 49002826973 ns, Reaching safepoint: 37347 ns, Cleanup: 11327 ns, At safepoint: 2183 ns, Total: 50857 ns
[2025-08-19T14:06:54.150+0000][1692266][info ][safepoint   ] Safepoint "Cleanup", Time since last: 141008067898 ns, Reaching safepoint: 39440 ns, Cleanup: 11207 ns, At safepoint: 5428 ns, Total: 56075 ns
[2025-08-19T14:07:00.150+0000][1692266][info ][safepoint   ] Safepoint "Cleanup", Time since last: 6000387504 ns, Reaching safepoint: 33941 ns, Cleanup: 11717 ns, At safepoint: 2074 ns, Total: 47732 ns
[2025-08-19T14:07:05.150+0000][1692266][info ][safepoint   ] Safepoint "Cleanup", Time since last: 5000336259 ns, Reaching safepoint: 6340 ns, Cleanup: 13290 ns, At safepoint: 30176 ns, Total: 49806 ns
[2025-08-19T14:08:20.155+0000][1692266][info ][safepoint   ] Safepoint "Cleanup", Time since last: 75004691866 ns, Reaching safepoint: 70557 ns, Cleanup: 9554 ns, At safepoint: 2063 ns, Total: 82174 ns
[2025-08-19T14:08:24.156+0000][1692266][info ][safepoint   ] Safepoint "Cleanup", Time since last: 4000221350 ns, Reaching safepoint: 19960 ns, Cleanup: 8453 ns, At safepoint: 1692 ns, Total: 30105 ns
[2025-08-19T14:08:30.156+0000][1692266][info ][safepoint   ] Safepoint "Cleanup", Time since last: 6000380794 ns, Reaching safepoint: 41012 ns, Cleanup: 9995 ns, At safepoint: 1863 ns, Total: 52870 ns
[2025-08-19T14:08:33.156+0000][1692266][info ][safepoint   ] Safepoint "Cleanup", Time since last: 3000210457 ns, Reaching safepoint: 36144 ns, Cleanup: 10026 ns, At safepoint: 4456 ns, Total: 50626 ns
[2025-08-19T14:08:45.376+0000][1692266][info ][gc,start    ] GC(35) Pause Young (Normal) (G1 Evacuation Pause)
[2025-08-19T14:08:45.380+0000][1692266][info ][gc,task     ] GC(35) Using 1 workers of 1 for evacuation
[2025-08-19T14:08:45.380+0000][1692266][debug][gc,age      ] GC(35) Desired survivor size 20971520 bytes, new threshold 15 (max threshold 15)
[2025-08-19T14:08:45.391+0000][1692266][info ][gc,phases   ] GC(35)   Pre Evacuate Collection Set: 0.2ms
[2025-08-19T14:08:45.391+0000][1692266][info ][gc,phases   ] GC(35)   Merge Heap Roots: 0.5ms
[2025-08-19T14:08:45.391+0000][1692266][info ][gc,phases   ] GC(35)   Evacuate Collection Set: 5.0ms
[2025-08-19T14:08:45.391+0000][1692266][info ][gc,phases   ] GC(35)   Post Evacuate Collection Set: 3.9ms
[2025-08-19T14:08:45.391+0000][1692266][info ][gc,phases   ] GC(35)   Other: 3.0ms
[2025-08-19T14:08:45.391+0000][1692266][trace][gc,age      ] GC(35) Age table with threshold 15 (max threshold 15)
[2025-08-19T14:08:45.391+0000][1692266][trace][gc,age      ] GC(35) - age   1:      19504 bytes,      19504 total
[2025-08-19T14:08:45.391+0000][1692266][trace][gc,age      ] GC(35) - age   2:      32824 bytes,      52328 total
[2025-08-19T14:08:45.391+0000][1692266][trace][gc,age      ] GC(35) - age   3:      16464 bytes,      68792 total
[2025-08-19T14:08:45.391+0000][1692266][trace][gc,age      ] GC(35) - age   4:      14232 bytes,      83024 total
[2025-08-19T14:08:45.391+0000][1692266][trace][gc,age      ] GC(35) - age   5:      19832 bytes,     102856 total
[2025-08-19T14:08:45.391+0000][1692266][trace][gc,age      ] GC(35) - age   6:      43216 bytes,     146072 total
[2025-08-19T14:08:45.391+0000][1692266][info ][gc,heap     ] GC(35) Eden regions: 75->0(75)
[2025-08-19T14:08:45.391+0000][1692266][info ][gc,heap     ] GC(35) Survivor regions: 1->1(10)
[2025-08-19T14:08:45.391+0000][1692266][info ][gc,heap     ] GC(35) Old regions: 34->34
[2025-08-19T14:08:45.391+0000][1692266][info ][gc,heap     ] GC(35) Humongous regions: 0->0
[2025-08-19T14:08:45.391+0000][1692266][info ][gc,metaspace] GC(35) Metaspace: 142836K(146624K)->142836K(146624K) NonClass: 123369K(125376K)->123369K(125376K) Class: 19467K(21248K)->19467K(21248K)
[2025-08-19T14:08:45.391+0000][1692266][info ][gc          ] GC(35) Pause Young (Normal) (G1 Evacuation Pause) 436M->136M(512M) 14.694ms
[2025-08-19T14:08:45.391+0000][1692266][info ][gc,cpu      ] GC(35) User=0.00s Sys=0.00s Real=0.02s
[2025-08-19T14:08:45.391+0000][1692266][info ][safepoint   ] Safepoint "G1CollectForAllocation", Time since last: 12215485490 ns, Reaching safepoint: 9163 ns, Cleanup: 2855 ns, At safepoint: 19043836 ns, Total: 19055854 ns
[2025-08-19T14:09:02.392+0000][1692266][info ][safepoint   ] Safepoint "Cleanup", Time since last: 17000968331 ns, Reaching safepoint: 41873 ns, Cleanup: 10696 ns, At safepoint: 1993 ns, Total: 54562 ns
[2025-08-19T14:09:03.392+0000][1692266][info ][safepoint   ] Safepoint "Cleanup", Time since last: 1000106658 ns, Reaching safepoint: 41382 ns, Cleanup: 13621 ns, At safepoint: 4246 ns, Total: 59249 ns
[2025-08-19T14:09:07.392+0000][1692266][info ][safepoint   ] Safepoint "Cleanup", Time since last: 4000278266 ns, Reaching safepoint: 6600 ns, Cleanup: 12699 ns, At safepoint: 1843 ns, Total: 21142 ns
[2025-08-19T14:09:14.393+0000][1692266][info ][safepoint   ] Safepoint "Cleanup", Time since last: 7000439098 ns, Reaching safepoint: 41653 ns, Cleanup: 10997 ns, At safepoint: 2293 ns, Total: 54943 ns
[2025-08-19T14:09:15.393+0000][1692266][info ][safepoint   ] Safepoint "Cleanup", Time since last: 1000105376 ns, Reaching safepoint: 6479 ns, Cleanup: 10586 ns, At safepoint: 1983 ns, Total: 19048 ns
[2025-08-19T14:09:24.393+0000][1692266][info ][safepoint   ] Safepoint "Cleanup", Time since last: 9000580665 ns, Reaching safepoint: 43356 ns, Cleanup: 11697 ns, At safepoint: 2334 ns, Total: 57387 ns
[2025-08-19T14:09:33.399+0000][1692266][info ][safepoint   ] Safepoint "Cleanup", Time since last: 9005056443 ns, Reaching safepoint: 43756 ns, Cleanup: 12589 ns, At safepoint: 1973 ns, Total: 58318 ns
[2025-08-19T14:09:37.399+0000][1692266][info ][safepoint   ] Safepoint "Cleanup", Time since last: 4000272637 ns, Reaching safepoint: 40882 ns, Cleanup: 10786 ns, At safepoint: 4096 ns, Total: 55764 ns
[2025-08-19T14:09:51.400+0000][1692266][info ][safepoint   ] Safepoint "Cleanup", Time since last: 14000854838 ns, Reaching safepoint: 40020 ns, Cleanup: 10356 ns, At safepoint: 2073 ns, Total: 52449 ns
[2025-08-19T14:10:09.401+0000][1692266][info ][safepoint   ] Safepoint "Cleanup", Time since last: 18001066793 ns, Reaching safepoint: 41943 ns, Cleanup: 10757 ns, At safepoint: 1842 ns, Total: 54542 ns
[2025-08-19T14:10:33.402+0000][1692266][info ][safepoint   ] Safepoint "Cleanup", Time since last: 24001411961 ns, Reaching safepoint: 39550 ns, Cleanup: 14372 ns, At safepoint: 2173 ns, Total: 56095 ns
[2025-08-19T14:11:03.405+0000][1692266][info ][safepoint   ] Safepoint "Cleanup", Time since last: 30002851572 ns, Reaching safepoint: 32960 ns, Cleanup: 11297 ns, At safepoint: 2273 ns, Total: 46530 ns
[2025-08-19T14:12:03.410+0000][1692266][info ][safepoint   ] Safepoint "Cleanup", Time since last: 60004557104 ns, Reaching safepoint: 38188 ns, Cleanup: 10165 ns, At safepoint: 4587 ns, Total: 52940 ns
[2025-08-19T14:12:49.416+0000][1692266][info ][safepoint   ] Safepoint "Cleanup", Time since last: 46006002114 ns, Reaching safepoint: 37477 ns, Cleanup: 10476 ns, At safepoint: 4576 ns, Total: 52529 ns
[2025-08-19T14:13:00.417+0000][1692266][info ][safepoint   ] Safepoint "Cleanup", Time since last: 11001087985 ns, Reaching safepoint: 40361 ns, Cleanup: 10025 ns, At safepoint: 2223 ns, Total: 52609 ns
[2025-08-19T14:13:03.417+0000][1692266][info ][safepoint   ] Safepoint "Cleanup", Time since last: 3000219470 ns, Reaching safepoint: 11237 ns, Cleanup: 16225 ns, At safepoint: 2333 ns, Total: 29795 ns
[2025-08-19T14:13:29.419+0000][1692266][info ][safepoint   ] Safepoint "Cleanup", Time since last: 26001733493 ns, Reaching safepoint: 35123 ns, Cleanup: 9614 ns, At safepoint: 4678 ns, Total: 49415 ns
[2025-08-19T14:13:32.419+0000][1692266][info ][safepoint   ] Safepoint "Cleanup", Time since last: 3000214512 ns, Reaching safepoint: 7001 ns, Cleanup: 10445 ns, At safepoint: 2124 ns, Total: 19570 ns
[2025-08-19T14:13:33.420+0000][1692266][info ][safepoint   ] Safepoint "Cleanup", Time since last: 1000095637 ns, Reaching safepoint: 6890 ns, Cleanup: 13130 ns, At safepoint: 2113 ns, Total: 22133 ns
[2025-08-19T14:13:37.420+0000][1692266][info ][safepoint   ] Safepoint "Cleanup", Time since last: 4000324282 ns, Reaching safepoint: 36525 ns, Cleanup: 12809 ns, At safepoint: 4377 ns, Total: 53711 ns
[2025-08-19T14:13:57.421+0000][1692266][info ][safepoint   ] Safepoint "Cleanup", Time since last: 20001417047 ns, Reaching safepoint: 33020 ns, Cleanup: 15593 ns, At safepoint: 6029 ns, Total: 54642 ns
[2025-08-19T14:14:07.422+0000][1692266][info ][safepoint   ] Safepoint "Cleanup", Time since last: 10000757753 ns, Reaching safepoint: 37938 ns, Cleanup: 13260 ns, At safepoint: 4447 ns, Total: 55645 ns
[2025-08-19T14:14:08.423+0000][1692266][info ][safepoint   ] Safepoint "Cleanup", Time since last: 1000382610 ns, Reaching safepoint: 6690 ns, Cleanup: 11107 ns, At safepoint: 2294 ns, Total: 20091 ns
[2025-08-19T14:14:12.423+0000][1692266][info ][safepoint   ] Safepoint "Cleanup", Time since last: 4000570472 ns, Reaching safepoint: 36425 ns, Cleanup: 11117 ns, At safepoint: 2063 ns, Total: 49605 ns
[2025-08-19T14:14:33.425+0000][1692266][info ][safepoint   ] Safepoint "Cleanup", Time since last: 21001537583 ns, Reaching safepoint: 33570 ns, Cleanup: 10015 ns, At safepoint: 2534 ns, Total: 46119 ns
[2025-08-19T14:15:03.428+0000][1692266][info ][safepoint   ] Safepoint "Cleanup", Time since last: 30003387310 ns, Reaching safepoint: 37066 ns, Cleanup: 9514 ns, At safepoint: 2344 ns, Total: 48924 ns
[2025-08-19T14:15:31.431+0000][1692266][info ][safepoint   ] Safepoint "Cleanup", Time since last: 28002457311 ns, Reaching safepoint: 39700 ns, Cleanup: 10836 ns, At safepoint: 2194 ns, Total: 52730 ns
[2025-08-19T14:15:33.431+0000][1692266][info ][safepoint   ] Safepoint "Cleanup", Time since last: 2000174169 ns, Reaching safepoint: 41632 ns, Cleanup: 17186 ns, At safepoint: 4257 ns, Total: 63075 ns
[2025-08-19T14:15:47.432+0000][1692266][info ][safepoint   ] Safepoint "Cleanup", Time since last: 14001002734 ns, Reaching safepoint: 39009 ns, Cleanup: 10306 ns, At safepoint: 2123 ns, Total: 51438 ns
[2025-08-19T14:15:59.433+0000][1692266][info ][safepoint   ] Safepoint "Cleanup", Time since last: 12000994296 ns, Reaching safepoint: 39850 ns, Cleanup: 10005 ns, At safepoint: 4617 ns, Total: 54472 ns
[2025-08-19T14:16:07.254+0000][1692266][info ][gc,start    ] GC(36) Pause Young (Normal) (G1 Evacuation Pause)
[2025-08-19T14:16:07.254+0000][1692266][info ][gc,task     ] GC(36) Using 1 workers of 1 for evacuation
[2025-08-19T14:16:07.254+0000][1692266][debug][gc,age      ] GC(36) Desired survivor size 20971520 bytes, new threshold 15 (max threshold 15)
[2025-08-19T14:16:07.259+0000][1692266][info ][gc,phases   ] GC(36)   Pre Evacuate Collection Set: 0.1ms
[2025-08-19T14:16:07.259+0000][1692266][info ][gc,phases   ] GC(36)   Merge Heap Roots: 0.0ms
[2025-08-19T14:16:07.259+0000][1692266][info ][gc,phases   ] GC(36)   Evacuate Collection Set: 3.5ms
[2025-08-19T14:16:07.259+0000][1692266][info ][gc,phases   ] GC(36)   Post Evacuate Collection Set: 1.4ms
[2025-08-19T14:16:07.259+0000][1692266][info ][gc,phases   ] GC(36)   Other: 0.0ms
[2025-08-19T14:16:07.259+0000][1692266][trace][gc,age      ] GC(36) Age table with threshold 15 (max threshold 15)
[2025-08-19T14:16:07.259+0000][1692266][trace][gc,age      ] GC(36) - age   1:      25752 bytes,      25752 total
[2025-08-19T14:16:07.259+0000][1692266][trace][gc,age      ] GC(36) - age   2:       3544 bytes,      29296 total
[2025-08-19T14:16:07.259+0000][1692266][trace][gc,age      ] GC(36) - age   3:      32824 bytes,      62120 total
[2025-08-19T14:16:07.259+0000][1692266][trace][gc,age      ] GC(36) - age   4:      16464 bytes,      78584 total
[2025-08-19T14:16:07.259+0000][1692266][trace][gc,age      ] GC(36) - age   5:      14232 bytes,      92816 total
[2025-08-19T14:16:07.259+0000][1692266][trace][gc,age      ] GC(36) - age   6:      19832 bytes,     112648 total
[2025-08-19T14:16:07.259+0000][1692266][trace][gc,age      ] GC(36) - age   7:      43216 bytes,     155864 total
[2025-08-19T14:16:07.259+0000][1692266][info ][gc,heap     ] GC(36) Eden regions: 75->0(75)
[2025-08-19T14:16:07.259+0000][1692266][info ][gc,heap     ] GC(36) Survivor regions: 1->1(10)
[2025-08-19T14:16:07.259+0000][1692266][info ][gc,heap     ] GC(36) Old regions: 34->34
[2025-08-19T14:16:07.259+0000][1692266][info ][gc,heap     ] GC(36) Humongous regions: 0->0
[2025-08-19T14:16:07.259+0000][1692266][info ][gc,metaspace] GC(36) Metaspace: 142913K(146688K)->142913K(146688K) NonClass: 123445K(125440K)->123445K(125440K) Class: 19468K(21248K)->19468K(21248K)
[2025-08-19T14:16:07.259+0000][1692266][info ][gc          ] GC(36) Pause Young (Normal) (G1 Evacuation Pause) 436M->136M(512M) 5.259ms
[2025-08-19T14:16:07.259+0000][1692266][info ][gc,cpu      ] GC(36) User=0.00s Sys=0.00s Real=0.01s
[2025-08-19T14:16:07.259+0000][1692266][info ][safepoint   ] Safepoint "G1CollectForAllocation", Time since last: 7820530459 ns, Reaching safepoint: 7832 ns, Cleanup: 3325 ns, At safepoint: 5295606 ns, Total: 5306763 ns
[2025-08-19T14:16:20.260+0000][1692266][info ][safepoint   ] Safepoint "Cleanup", Time since last: 13001000658 ns, Reaching safepoint: 51418 ns, Cleanup: 11137 ns, At safepoint: 2614 ns, Total: 65169 ns
[2025-08-19T14:18:04.266+0000][1692266][info ][safepoint   ] Safepoint "Cleanup", Time since last: 104006087792 ns, Reaching safepoint: 6890 ns, Cleanup: 15434 ns, At safepoint: 1832 ns, Total: 24156 ns
[2025-08-19T14:18:34.268+0000][1692266][info ][safepoint   ] Safepoint "Cleanup", Time since last: 30001738272 ns, Reaching safepoint: 38838 ns, Cleanup: 9955 ns, At safepoint: 5268 ns, Total: 54061 ns
[2025-08-19T14:18:56.269+0000][1692266][info ][safepoint   ] Safepoint "Cleanup", Time since last: 22001304253 ns, Reaching safepoint: 35223 ns, Cleanup: 9635 ns, At safepoint: 2023 ns, Total: 46881 ns
[2025-08-19T14:19:05.270+0000][1692266][info ][safepoint   ] Safepoint "Cleanup", Time since last: 9000668185 ns, Reaching safepoint: 42103 ns, Cleanup: 14492 ns, At safepoint: 2113 ns, Total: 58708 ns
[2025-08-19T14:19:34.272+0000][1692266][info ][safepoint   ] Safepoint "Cleanup", Time since last: 29001954786 ns, Reaching safepoint: 72850 ns, Cleanup: 11087 ns, At safepoint: 1832 ns, Total: 85769 ns
[2025-08-19T14:20:07.274+0000][1692266][info ][safepoint   ] Safepoint "Cleanup", Time since last: 33001952133 ns, Reaching safepoint: 20711 ns, Cleanup: 7492 ns, At safepoint: 1853 ns, Total: 30056 ns
[2025-08-19T14:21:14.278+0000][1692266][info ][safepoint   ] Safepoint "Cleanup", Time since last: 67003933441 ns, Reaching safepoint: 41663 ns, Cleanup: 11317 ns, At safepoint: 2204 ns, Total: 55184 ns
[2025-08-19T14:22:05.281+0000][1692266][info ][safepoint   ] Safepoint "Cleanup", Time since last: 51003053347 ns, Reaching safepoint: 6400 ns, Cleanup: 11096 ns, At safepoint: 1963 ns, Total: 19459 ns
[2025-08-19T14:23:30.893+0000][1692266][info ][gc,start    ] GC(37) Pause Young (Normal) (G1 Evacuation Pause)
[2025-08-19T14:23:30.893+0000][1692266][info ][gc,task     ] GC(37) Using 1 workers of 1 for evacuation
[2025-08-19T14:23:30.893+0000][1692266][debug][gc,age      ] GC(37) Desired survivor size 20971520 bytes, new threshold 15 (max threshold 15)
[2025-08-19T14:23:30.896+0000][1692266][info ][gc,phases   ] GC(37)   Pre Evacuate Collection Set: 0.1ms
[2025-08-19T14:23:30.896+0000][1692266][info ][gc,phases   ] GC(37)   Merge Heap Roots: 0.0ms
[2025-08-19T14:23:30.896+0000][1692266][info ][gc,phases   ] GC(37)   Evacuate Collection Set: 2.1ms
[2025-08-19T14:23:30.896+0000][1692266][info ][gc,phases   ] GC(37)   Post Evacuate Collection Set: 1.1ms
[2025-08-19T14:23:30.896+0000][1692266][info ][gc,phases   ] GC(37)   Other: 0.0ms
[2025-08-19T14:23:30.896+0000][1692266][trace][gc,age      ] GC(37) Age table with threshold 15 (max threshold 15)
[2025-08-19T14:23:30.896+0000][1692266][trace][gc,age      ] GC(37) - age   1:      18488 bytes,      18488 total
[2025-08-19T14:23:30.896+0000][1692266][trace][gc,age      ] GC(37) - age   2:       8248 bytes,      26736 total
[2025-08-19T14:23:30.896+0000][1692266][trace][gc,age      ] GC(37) - age   3:       2960 bytes,      29696 total
[2025-08-19T14:23:30.896+0000][1692266][trace][gc,age      ] GC(37) - age   4:      32824 bytes,      62520 total
[2025-08-19T14:23:30.896+0000][1692266][trace][gc,age      ] GC(37) - age   5:      16464 bytes,      78984 total
[2025-08-19T14:23:30.896+0000][1692266][trace][gc,age      ] GC(37) - age   6:      14232 bytes,      93216 total
[2025-08-19T14:23:30.896+0000][1692266][trace][gc,age      ] GC(37) - age   7:      19832 bytes,     113048 total
[2025-08-19T14:23:30.896+0000][1692266][trace][gc,age      ] GC(37) - age   8:      43216 bytes,     156264 total
[2025-08-19T14:23:30.896+0000][1692266][info ][gc,heap     ] GC(37) Eden regions: 75->0(75)
[2025-08-19T14:23:30.896+0000][1692266][info ][gc,heap     ] GC(37) Survivor regions: 1->1(10)
[2025-08-19T14:23:30.896+0000][1692266][info ][gc,heap     ] GC(37) Old regions: 34->34
[2025-08-19T14:23:30.896+0000][1692266][info ][gc,heap     ] GC(37) Humongous regions: 0->0
[2025-08-19T14:23:30.896+0000][1692266][info ][gc,metaspace] GC(37) Metaspace: 142952K(146752K)->142952K(146752K) NonClass: 123484K(125504K)->123484K(125504K) Class: 19468K(21248K)->19468K(21248K)
[2025-08-19T14:23:30.896+0000][1692266][info ][gc          ] GC(37) Pause Young (Normal) (G1 Evacuation Pause) 436M->136M(512M) 3.503ms
[2025-08-19T14:23:30.896+0000][1692266][info ][gc,cpu      ] GC(37) User=0.01s Sys=0.00s Real=0.01s
[2025-08-19T14:23:30.896+0000][1692266][info ][safepoint   ] Safepoint "G1CollectForAllocation", Time since last: 85611475837 ns, Reaching safepoint: 12710 ns, Cleanup: 3385 ns, At safepoint: 3538222 ns, Total: 3554317 ns
[2025-08-19T14:23:31.896+0000][1692266][info ][safepoint   ] Safepoint "Cleanup", Time since last: 1000072262 ns, Reaching safepoint: 6610 ns, Cleanup: 11908 ns, At safepoint: 2214 ns, Total: 20732 ns
[2025-08-19T14:23:33.896+0000][1692266][info ][safepoint   ] Safepoint "Cleanup", Time since last: 2000158585 ns, Reaching safepoint: 39860 ns, Cleanup: 12729 ns, At safepoint: 5809 ns, Total: 58398 ns
[2025-08-19T14:24:07.898+0000][1692266][info ][safepoint   ] Safepoint "Cleanup", Time since last: 34002054971 ns, Reaching safepoint: 38178 ns, Cleanup: 9654 ns, At safepoint: 1953 ns, Total: 49785 ns
[2025-08-19T14:24:16.899+0000][1692266][info ][safepoint   ] Safepoint "Cleanup", Time since last: 9000573823 ns, Reaching safepoint: 39970 ns, Cleanup: 11547 ns, At safepoint: 4347 ns, Total: 55864 ns
[2025-08-19T14:25:13.903+0000][1692266][info ][safepoint   ] Safepoint "Cleanup", Time since last: 57003782145 ns, Reaching safepoint: 42885 ns, Cleanup: 6229 ns, At safepoint: 1953 ns, Total: 51067 ns
[2025-08-19T14:25:37.904+0000][1692266][info ][safepoint   ] Safepoint "Cleanup", Time since last: 24001400133 ns, Reaching safepoint: 42445 ns, Cleanup: 11106 ns, At safepoint: 6550 ns, Total: 60101 ns
[2025-08-19T14:26:46.909+0000][1692266][info ][safepoint   ] Safepoint "Cleanup", Time since last: 69004025547 ns, Reaching safepoint: 64107 ns, Cleanup: 9224 ns, At safepoint: 1782 ns, Total: 75113 ns
[2025-08-19T14:27:03.910+0000][1692266][info ][safepoint   ] Safepoint "Cleanup", Time since last: 17001576400 ns, Reaching safepoint: 35734 ns, Cleanup: 10466 ns, At safepoint: 1902 ns, Total: 48102 ns
[2025-08-19T14:27:04.910+0000][1692266][info ][safepoint   ] Safepoint "Cleanup", Time since last: 1000096629 ns, Reaching safepoint: 6831 ns, Cleanup: 11337 ns, At safepoint: 2303 ns, Total: 20471 ns
[2025-08-19T14:27:33.912+0000][1692266][info ][safepoint   ] Safepoint "Cleanup", Time since last: 29001969920 ns, Reaching safepoint: 68364 ns, Cleanup: 10566 ns, At safepoint: 2273 ns, Total: 81203 ns
[2025-08-19T14:29:03.918+0000][1692266][info ][safepoint   ] Safepoint "Cleanup", Time since last: 90005239808 ns, Reaching safepoint: 39340 ns, Cleanup: 9624 ns, At safepoint: 1923 ns, Total: 50887 ns
[2025-08-19T14:30:33.929+0000][1692266][info ][safepoint   ] Safepoint "Cleanup", Time since last: 90011395153 ns, Reaching safepoint: 30025 ns, Cleanup: 10536 ns, At safepoint: 2604 ns, Total: 43165 ns
[2025-08-19T14:30:53.794+0000][1692266][info ][gc,start    ] GC(38) Pause Young (Normal) (G1 Evacuation Pause)
[2025-08-19T14:30:53.794+0000][1692266][info ][gc,task     ] GC(38) Using 1 workers of 1 for evacuation
[2025-08-19T14:30:53.794+0000][1692266][debug][gc,age      ] GC(38) Desired survivor size 20971520 bytes, new threshold 15 (max threshold 15)
[2025-08-19T14:30:53.797+0000][1692266][info ][gc,phases   ] GC(38)   Pre Evacuate Collection Set: 0.2ms
[2025-08-19T14:30:53.797+0000][1692266][info ][gc,phases   ] GC(38)   Merge Heap Roots: 0.1ms
[2025-08-19T14:30:53.797+0000][1692266][info ][gc,phases   ] GC(38)   Evacuate Collection Set: 1.8ms
[2025-08-19T14:30:53.797+0000][1692266][info ][gc,phases   ] GC(38)   Post Evacuate Collection Set: 1.0ms
[2025-08-19T14:30:53.797+0000][1692266][info ][gc,phases   ] GC(38)   Other: 0.0ms
[2025-08-19T14:30:53.797+0000][1692266][trace][gc,age      ] GC(38) Age table with threshold 15 (max threshold 15)
[2025-08-19T14:30:53.797+0000][1692266][trace][gc,age      ] GC(38) - age   1:      13952 bytes,      13952 total
[2025-08-19T14:30:53.797+0000][1692266][trace][gc,age      ] GC(38) - age   2:       3176 bytes,      17128 total
[2025-08-19T14:30:53.797+0000][1692266][trace][gc,age      ] GC(38) - age   3:       8248 bytes,      25376 total
[2025-08-19T14:30:53.797+0000][1692266][trace][gc,age      ] GC(38) - age   4:       2960 bytes,      28336 total
[2025-08-19T14:30:53.797+0000][1692266][trace][gc,age      ] GC(38) - age   5:      32824 bytes,      61160 total
[2025-08-19T14:30:53.797+0000][1692266][trace][gc,age      ] GC(38) - age   6:      16464 bytes,      77624 total
[2025-08-19T14:30:53.797+0000][1692266][trace][gc,age      ] GC(38) - age   7:      14232 bytes,      91856 total
[2025-08-19T14:30:53.797+0000][1692266][trace][gc,age      ] GC(38) - age   8:      19832 bytes,     111688 total
[2025-08-19T14:30:53.797+0000][1692266][trace][gc,age      ] GC(38) - age   9:      43216 bytes,     154904 total
[2025-08-19T14:30:53.797+0000][1692266][info ][gc,heap     ] GC(38) Eden regions: 75->0(75)
[2025-08-19T14:30:53.797+0000][1692266][info ][gc,heap     ] GC(38) Survivor regions: 1->1(10)
[2025-08-19T14:30:53.797+0000][1692266][info ][gc,heap     ] GC(38) Old regions: 34->34
[2025-08-19T14:30:53.797+0000][1692266][info ][gc,heap     ] GC(38) Humongous regions: 0->0
[2025-08-19T14:30:53.797+0000][1692266][info ][gc,metaspace] GC(38) Metaspace: 142971K(146752K)->142971K(146752K) NonClass: 123502K(125504K)->123502K(125504K) Class: 19468K(21248K)->19468K(21248K)
[2025-08-19T14:30:53.797+0000][1692266][info ][gc          ] GC(38) Pause Young (Normal) (G1 Evacuation Pause) 436M->136M(512M) 3.233ms
[2025-08-19T14:30:53.797+0000][1692266][info ][gc,cpu      ] GC(38) User=0.00s Sys=0.00s Real=0.01s
[2025-08-19T14:30:53.797+0000][1692266][info ][safepoint   ] Safepoint "G1CollectForAllocation", Time since last: 19864446170 ns, Reaching safepoint: 7541 ns, Cleanup: 3466 ns, At safepoint: 3265711 ns, Total: 3276718 ns
[2025-08-19T14:30:59.797+0000][1692266][info ][safepoint   ] Safepoint "Cleanup", Time since last: 6000351555 ns, Reaching safepoint: 38809 ns, Cleanup: 9464 ns, At safepoint: 4246 ns, Total: 52519 ns
[2025-08-19T14:31:34.806+0000][1692266][info ][safepoint   ] Safepoint "Cleanup", Time since last: 35009227248 ns, Reaching safepoint: 42073 ns, Cleanup: 11668 ns, At safepoint: 2243 ns, Total: 55984 ns
[2025-08-19T14:31:41.846+0000][1692266][info ][safepoint   ] Safepoint "Cleanup", Time since last: 7000496817 ns, Reaching safepoint: 39082916 ns, Cleanup: 25258 ns, At safepoint: 5839 ns, Total: 39114013 ns
[2025-08-19T14:31:42.864+0000][1692266][info ][safepoint   ] Safepoint "Cleanup", Time since last: 1000094846 ns, Reaching safepoint: 17859938 ns, Cleanup: 23366 ns, At safepoint: 5478 ns, Total: 17888782 ns
[2025-08-19T14:31:43.873+0000][1692266][info ][safepoint   ] Safepoint "Cleanup", Time since last: 1000093113 ns, Reaching safepoint: 8452954 ns, Cleanup: 29224 ns, At safepoint: 5949 ns, Total: 8488127 ns
[2025-08-19T14:31:44.895+0000][1692266][info ][safepoint   ] Safepoint "Cleanup", Time since last: 1000090459 ns, Reaching safepoint: 22085449 ns, Cleanup: 85399 ns, At safepoint: 6370 ns, Total: 22177218 ns
[2025-08-19T14:31:45.897+0000][1692266][info ][safepoint   ] Safepoint "Cleanup", Time since last: 1000096859 ns, Reaching safepoint: 2114573 ns, Cleanup: 133401 ns, At safepoint: 3525 ns, Total: 2251499 ns
[2025-08-19T14:31:46.904+0000][1692266][info ][safepoint   ] Safepoint "Cleanup", Time since last: 1000095427 ns, Reaching safepoint: 6305371 ns, Cleanup: 66020 ns, At safepoint: 4106 ns, Total: 6375497 ns
[2025-08-19T14:31:47.380+0000][1692266][info ][gc,start    ] GC(39) Pause Young (Normal) (G1 Evacuation Pause)
[2025-08-19T14:31:47.381+0000][1692266][info ][gc,task     ] GC(39) Using 1 workers of 1 for evacuation
[2025-08-19T14:31:47.381+0000][1692266][debug][gc,age      ] GC(39) Desired survivor size 20971520 bytes, new threshold 15 (max threshold 15)
[2025-08-19T14:31:47.463+0000][1692266][info ][gc,phases   ] GC(39)   Pre Evacuate Collection Set: 0.5ms
[2025-08-19T14:31:47.463+0000][1692266][info ][gc,phases   ] GC(39)   Merge Heap Roots: 1.1ms
[2025-08-19T14:31:47.464+0000][1692266][info ][gc,phases   ] GC(39)   Evacuate Collection Set: 75.6ms
[2025-08-19T14:31:47.464+0000][1692266][info ][gc,phases   ] GC(39)   Post Evacuate Collection Set: 4.0ms
[2025-08-19T14:31:47.465+0000][1692266][info ][gc,phases   ] GC(39)   Other: 1.7ms
[2025-08-19T14:31:47.465+0000][1692266][trace][gc,age      ] GC(39) Age table with threshold 15 (max threshold 15)
[2025-08-19T14:31:47.465+0000][1692266][trace][gc,age      ] GC(39) - age   1:    8778240 bytes,    8778240 total
[2025-08-19T14:31:47.465+0000][1692266][trace][gc,age      ] GC(39) - age   2:       1672 bytes,    8779912 total
[2025-08-19T14:31:47.465+0000][1692266][trace][gc,age      ] GC(39) - age   3:       3144 bytes,    8783056 total
[2025-08-19T14:31:47.465+0000][1692266][trace][gc,age      ] GC(39) - age   4:       8248 bytes,    8791304 total
[2025-08-19T14:31:47.465+0000][1692266][trace][gc,age      ] GC(39) - age   5:       2960 bytes,    8794264 total
[2025-08-19T14:31:47.465+0000][1692266][trace][gc,age      ] GC(39) - age   6:      32824 bytes,    8827088 total
[2025-08-19T14:31:47.465+0000][1692266][trace][gc,age      ] GC(39) - age   7:      16464 bytes,    8843552 total
[2025-08-19T14:31:47.465+0000][1692266][trace][gc,age      ] GC(39) - age   8:      13784 bytes,    8857336 total
[2025-08-19T14:31:47.465+0000][1692266][trace][gc,age      ] GC(39) - age   9:      19832 bytes,    8877168 total
[2025-08-19T14:31:47.465+0000][1692266][trace][gc,age      ] GC(39) - age  10:      43056 bytes,    8920224 total
[2025-08-19T14:31:47.465+0000][1692266][info ][gc,heap     ] GC(39) Eden regions: 75->0(73)
[2025-08-19T14:31:47.465+0000][1692266][info ][gc,heap     ] GC(39) Survivor regions: 1->3(10)
[2025-08-19T14:31:47.465+0000][1692266][info ][gc,heap     ] GC(39) Old regions: 34->34
[2025-08-19T14:31:47.465+0000][1692266][info ][gc,heap     ] GC(39) Humongous regions: 0->0
[2025-08-19T14:31:47.465+0000][1692266][info ][gc,metaspace] GC(39) Metaspace: 143093K(146880K)->143093K(146880K) NonClass: 123624K(125632K)->123624K(125632K) Class: 19468K(21248K)->19468K(21248K)
[2025-08-19T14:31:47.465+0000][1692266][info ][gc          ] GC(39) Pause Young (Normal) (G1 Evacuation Pause) 436M->144M(512M) 85.432ms
[2025-08-19T14:31:47.465+0000][1692266][info ][gc,cpu      ] GC(39) User=0.01s Sys=0.01s Real=0.08s
[2025-08-19T14:31:47.465+0000][1692266][info ][safepoint   ] Safepoint "G1CollectForAllocation", Time since last: 474894787 ns, Reaching safepoint: 5518 ns, Cleanup: 9585 ns, At safepoint: 86561299 ns, Total: 86576402 ns
[2025-08-19T14:31:48.465+0000][1692266][info ][safepoint   ] Safepoint "Cleanup", Time since last: 1000074635 ns, Reaching safepoint: 6770 ns, Cleanup: 19039 ns, At safepoint: 2283 ns, Total: 28092 ns
[2025-08-19T14:31:52.526+0000][1692266][info ][safepoint   ] Safepoint "Cleanup", Time since last: 4060762762 ns, Reaching safepoint: 6159 ns, Cleanup: 10496 ns, At safepoint: 2304 ns, Total: 18959 ns
[2025-08-19T14:31:59.527+0000][1692266][info ][safepoint   ] Safepoint "Cleanup", Time since last: 7000434984 ns, Reaching safepoint: 6449 ns, Cleanup: 10436 ns, At safepoint: 2203 ns, Total: 19088 ns
[2025-08-19T14:32:04.527+0000][1692266][info ][safepoint   ] Safepoint "Cleanup", Time since last: 5000340757 ns, Reaching safepoint: 6480 ns, Cleanup: 10045 ns, At safepoint: 2454 ns, Total: 18979 ns
[2025-08-19T14:32:16.528+0000][1692266][info ][safepoint   ] Safepoint "Cleanup", Time since last: 12000724573 ns, Reaching safepoint: 34341 ns, Cleanup: 5268 ns, At safepoint: 1943 ns, Total: 41552 ns
[2025-08-19T14:32:34.529+0000][1692266][info ][safepoint   ] Safepoint "Cleanup", Time since last: 18001083189 ns, Reaching safepoint: 28633 ns, Cleanup: 9585 ns, At safepoint: 4316 ns, Total: 42534 ns
[2025-08-19T14:34:34.538+0000][1692266][info ][safepoint   ] Safepoint "Cleanup", Time since last: 120009575118 ns, Reaching safepoint: 40461 ns, Cleanup: 14842 ns, At safepoint: 2634 ns, Total: 57937 ns
[2025-08-19T14:34:37.539+0000][1692266][info ][safepoint   ] Safepoint "Cleanup", Time since last: 3000230946 ns, Reaching safepoint: 5839 ns, Cleanup: 10395 ns, At safepoint: 2164 ns, Total: 18398 ns
[2025-08-19T14:35:06.540+0000][1692266][info ][safepoint   ] Safepoint "Cleanup", Time since last: 29001791174 ns, Reaching safepoint: 35664 ns, Cleanup: 10937 ns, At safepoint: 2083 ns, Total: 48684 ns
[2025-08-19T14:35:08.541+0000][1692266][info ][safepoint   ] Safepoint "Cleanup", Time since last: 2000156921 ns, Reaching safepoint: 6360 ns, Cleanup: 10636 ns, At safepoint: 2143 ns, Total: 19139 ns
[2025-08-19T14:35:22.570+0000][1692266][info ][safepoint   ] Safepoint "Cleanup", Time since last: 14001801074 ns, Reaching safepoint: 27115524 ns, Cleanup: 16956 ns, At safepoint: 5749 ns, Total: 27138229 ns
[2025-08-19T14:35:23.646+0000][1692266][info ][safepoint   ] Safepoint "Cleanup", Time since last: 1000095677 ns, Reaching safepoint: 76143958 ns, Cleanup: 28673 ns, At safepoint: 7462 ns, Total: 76180093 ns
[2025-08-19T14:35:24.148+0000][1692266][info ][gc,start    ] GC(40) Pause Young (Normal) (G1 Evacuation Pause)
[2025-08-19T14:35:24.148+0000][1692266][info ][gc,task     ] GC(40) Using 1 workers of 1 for evacuation
[2025-08-19T14:35:24.148+0000][1692266][debug][gc,age      ] GC(40) Desired survivor size 20971520 bytes, new threshold 15 (max threshold 15)
[2025-08-19T14:35:24.236+0000][1692266][info ][gc,phases   ] GC(40)   Pre Evacuate Collection Set: 0.1ms
[2025-08-19T14:35:24.236+0000][1692266][info ][gc,phases   ] GC(40)   Merge Heap Roots: 0.0ms
[2025-08-19T14:35:24.236+0000][1692266][info ][gc,phases   ] GC(40)   Evacuate Collection Set: 86.9ms
[2025-08-19T14:35:24.236+0000][1692266][info ][gc,phases   ] GC(40)   Post Evacuate Collection Set: 1.2ms
[2025-08-19T14:35:24.236+0000][1692266][info ][gc,phases   ] GC(40)   Other: 0.0ms
[2025-08-19T14:35:24.236+0000][1692266][trace][gc,age      ] GC(40) Age table with threshold 15 (max threshold 15)
[2025-08-19T14:35:24.236+0000][1692266][trace][gc,age      ] GC(40) - age   1:   28597136 bytes,   28597136 total
[2025-08-19T14:35:24.236+0000][1692266][trace][gc,age      ] GC(40) - age   2:      24448 bytes,   28621584 total
[2025-08-19T14:35:24.236+0000][1692266][trace][gc,age      ] GC(40) - age   3:        192 bytes,   28621776 total
[2025-08-19T14:35:24.236+0000][1692266][trace][gc,age      ] GC(40) - age   4:       1992 bytes,   28623768 total
[2025-08-19T14:35:24.236+0000][1692266][trace][gc,age      ] GC(40) - age   5:       8248 bytes,   28632016 total
[2025-08-19T14:35:24.236+0000][1692266][trace][gc,age      ] GC(40) - age   6:       2960 bytes,   28634976 total
[2025-08-19T14:35:24.236+0000][1692266][trace][gc,age      ] GC(40) - age   7:      32824 bytes,   28667800 total
[2025-08-19T14:35:24.236+0000][1692266][trace][gc,age      ] GC(40) - age   8:      16464 bytes,   28684264 total
[2025-08-19T14:35:24.236+0000][1692266][trace][gc,age      ] GC(40) - age   9:      13752 bytes,   28698016 total
[2025-08-19T14:35:24.236+0000][1692266][trace][gc,age      ] GC(40) - age  10:      19832 bytes,   28717848 total
[2025-08-19T14:35:24.236+0000][1692266][trace][gc,age      ] GC(40) - age  11:      43056 bytes,   28760904 total
[2025-08-19T14:35:24.236+0000][1692266][info ][gc,heap     ] GC(40) Eden regions: 73->0(66)
[2025-08-19T14:35:24.236+0000][1692266][info ][gc,heap     ] GC(40) Survivor regions: 3->7(10)
[2025-08-19T14:35:24.236+0000][1692266][info ][gc,heap     ] GC(40) Old regions: 34->34
[2025-08-19T14:35:24.236+0000][1692266][info ][gc,heap     ] GC(40) Humongous regions: 0->0
[2025-08-19T14:35:24.236+0000][1692266][info ][gc,metaspace] GC(40) Metaspace: 143143K(146880K)->143143K(146880K) NonClass: 123674K(125632K)->123674K(125632K) Class: 19468K(21248K)->19468K(21248K)
[2025-08-19T14:35:24.236+0000][1692266][info ][gc          ] GC(40) Pause Young (Normal) (G1 Evacuation Pause) 436M->164M(512M) 88.653ms
[2025-08-19T14:35:24.237+0000][1692266][info ][gc,cpu      ] GC(40) User=0.01s Sys=0.02s Real=0.09s
[2025-08-19T14:35:24.237+0000][1692266][info ][safepoint   ] Safepoint "G1CollectForAllocation", Time since last: 473674033 ns, Reaching safepoint: 27968333 ns, Cleanup: 24947 ns, At safepoint: 89029406 ns, Total: 117022686 ns
[2025-08-19T14:35:25.237+0000][1692266][info ][safepoint   ] Safepoint "Cleanup", Time since last: 1000113043 ns, Reaching safepoint: 271971 ns, Cleanup: 52188 ns, At safepoint: 3265 ns, Total: 327424 ns
[2025-08-19T14:35:34.238+0000][1692266][info ][safepoint   ] Safepoint "Cleanup", Time since last: 9000535591 ns, Reaching safepoint: 39960 ns, Cleanup: 13160 ns, At safepoint: 2243 ns, Total: 55363 ns
[2025-08-19T14:35:38.238+0000][1692266][info ][safepoint   ] Safepoint "Cleanup", Time since last: 4000275937 ns, Reaching safepoint: 35884 ns, Cleanup: 11047 ns, At safepoint: 2393 ns, Total: 49324 ns
[2025-08-19T14:36:06.277+0000][1692266][info ][gc,start    ] GC(41) Pause Young (Normal) (G1 Evacuation Pause)
[2025-08-19T14:36:06.277+0000][1692266][info ][gc,task     ] GC(41) Using 1 workers of 1 for evacuation
[2025-08-19T14:36:06.277+0000][1692266][debug][gc,age      ] GC(41) Desired survivor size 20971520 bytes, new threshold 1 (max threshold 15)
[2025-08-19T14:36:06.281+0000][1692266][info ][gc,phases   ] GC(41)   Pre Evacuate Collection Set: 0.1ms
[2025-08-19T14:36:06.281+0000][1692266][info ][gc,phases   ] GC(41)   Merge Heap Roots: 0.0ms
[2025-08-19T14:36:06.281+0000][1692266][info ][gc,phases   ] GC(41)   Evacuate Collection Set: 3.6ms
[2025-08-19T14:36:06.281+0000][1692266][info ][gc,phases   ] GC(41)   Post Evacuate Collection Set: 0.9ms
[2025-08-19T14:36:06.281+0000][1692266][info ][gc,phases   ] GC(41)   Other: 0.0ms
[2025-08-19T14:36:06.281+0000][1692266][trace][gc,age      ] GC(41) Age table with threshold 1 (max threshold 15)
[2025-08-19T14:36:06.281+0000][1692266][trace][gc,age      ] GC(41) - age   1:      23240 bytes,      23240 total
[2025-08-19T14:36:06.281+0000][1692266][info ][gc,heap     ] GC(41) Eden regions: 66->0(75)
[2025-08-19T14:36:06.281+0000][1692266][info ][gc,heap     ] GC(41) Survivor regions: 7->1(10)
[2025-08-19T14:36:06.281+0000][1692266][info ][gc,heap     ] GC(41) Old regions: 34->35
[2025-08-19T14:36:06.281+0000][1692266][info ][gc,heap     ] GC(41) Humongous regions: 0->0
[2025-08-19T14:36:06.281+0000][1692266][info ][gc,metaspace] GC(41) Metaspace: 143182K(146944K)->143182K(146944K) NonClass: 123713K(125696K)->123713K(125696K) Class: 19468K(21248K)->19468K(21248K)
[2025-08-19T14:36:06.281+0000][1692266][info ][gc          ] GC(41) Pause Young (Normal) (G1 Evacuation Pause) 428M->138M(512M) 4.861ms
[2025-08-19T14:36:06.281+0000][1692266][info ][gc,cpu      ] GC(41) User=0.00s Sys=0.00s Real=0.00s
[2025-08-19T14:36:06.281+0000][1692266][info ][safepoint   ] Safepoint "G1CollectForAllocation", Time since last: 28038655628 ns, Reaching safepoint: 8162 ns, Cleanup: 3676 ns, At safepoint: 4897034 ns, Total: 4908872 ns
[2025-08-19T14:36:21.282+0000][1692266][info ][safepoint   ] Safepoint "Cleanup", Time since last: 15000878202 ns, Reaching safepoint: 43967 ns, Cleanup: 10826 ns, At safepoint: 2193 ns, Total: 56986 ns
[2025-08-19T14:36:34.283+0000][1692266][info ][safepoint   ] Safepoint "Cleanup", Time since last: 13000817646 ns, Reaching safepoint: 33201 ns, Cleanup: 12528 ns, At safepoint: 5449 ns, Total: 51178 ns
[2025-08-19T14:36:37.284+0000][1692266][info ][safepoint   ] Safepoint "Cleanup", Time since last: 3000193419 ns, Reaching safepoint: 36545 ns, Cleanup: 6450 ns, At safepoint: 4346 ns, Total: 47341 ns
[2025-08-19T14:36:38.284+0000][1692266][info ][safepoint   ] Safepoint "Cleanup", Time since last: 1000103900 ns, Reaching safepoint: 7251 ns, Cleanup: 11357 ns, At safepoint: 2293 ns, Total: 20901 ns
[2025-08-19T14:43:04.308+0000][1692266][info ][safepoint   ] Safepoint "Cleanup", Time since last: 386024415025 ns, Reaching safepoint: 8943 ns, Cleanup: 204589 ns, At safepoint: 34873 ns, Total: 248405 ns
[2025-08-19T14:43:25.042+0000][1692266][info ][gc,start    ] GC(42) Pause Young (Normal) (G1 Evacuation Pause)
[2025-08-19T14:43:25.042+0000][1692266][info ][gc,task     ] GC(42) Using 1 workers of 1 for evacuation
[2025-08-19T14:43:25.042+0000][1692266][debug][gc,age      ] GC(42) Desired survivor size 20971520 bytes, new threshold 15 (max threshold 15)
[2025-08-19T14:43:25.046+0000][1692266][info ][gc,phases   ] GC(42)   Pre Evacuate Collection Set: 0.1ms
[2025-08-19T14:43:25.046+0000][1692266][info ][gc,phases   ] GC(42)   Merge Heap Roots: 0.0ms
[2025-08-19T14:43:25.046+0000][1692266][info ][gc,phases   ] GC(42)   Evacuate Collection Set: 2.9ms
[2025-08-19T14:43:25.046+0000][1692266][info ][gc,phases   ] GC(42)   Post Evacuate Collection Set: 1.3ms
[2025-08-19T14:43:25.046+0000][1692266][info ][gc,phases   ] GC(42)   Other: 0.0ms
[2025-08-19T14:43:25.046+0000][1692266][trace][gc,age      ] GC(42) Age table with threshold 15 (max threshold 15)
[2025-08-19T14:43:25.046+0000][1692266][trace][gc,age      ] GC(42) - age   1:     324208 bytes,     324208 total
[2025-08-19T14:43:25.046+0000][1692266][trace][gc,age      ] GC(42) - age   2:       2008 bytes,     326216 total
[2025-08-19T14:43:25.046+0000][1692266][info ][gc,heap     ] GC(42) Eden regions: 75->0(75)
[2025-08-19T14:43:25.046+0000][1692266][info ][gc,heap     ] GC(42) Survivor regions: 1->1(10)
[2025-08-19T14:43:25.046+0000][1692266][info ][gc,heap     ] GC(42) Old regions: 35->35
[2025-08-19T14:43:25.046+0000][1692266][info ][gc,heap     ] GC(42) Humongous regions: 0->0
[2025-08-19T14:43:25.046+0000][1692266][info ][gc,metaspace] GC(42) Metaspace: 143195K(146944K)->143195K(146944K) NonClass: 123727K(125696K)->123727K(125696K) Class: 19468K(21248K)->19468K(21248K)
[2025-08-19T14:43:25.046+0000][1692266][info ][gc          ] GC(42) Pause Young (Normal) (G1 Evacuation Pause) 438M->137M(512M) 4.453ms
[2025-08-19T14:43:25.046+0000][1692266][info ][gc,cpu      ] GC(42) User=0.00s Sys=0.00s Real=0.01s
[2025-08-19T14:43:25.046+0000][1692266][info ][safepoint   ] Safepoint "G1CollectForAllocation", Time since last: 20711476967 ns, Reaching safepoint: 21718996 ns, Cleanup: 39580 ns, At safepoint: 4497181 ns, Total: 26255757 ns
[2025-08-19T14:43:26.058+0000][1692266][info ][safepoint   ] Safepoint "Cleanup", Time since last: 1000070569 ns, Reaching safepoint: 11557612 ns, Cleanup: 32709 ns, At safepoint: 3686 ns, Total: 11594007 ns
[2025-08-19T14:43:27.065+0000][1692266][info ][safepoint   ] Safepoint "Cleanup", Time since last: 1000092001 ns, Reaching safepoint: 7364570 ns, Cleanup: 36335 ns, At safepoint: 4657 ns, Total: 7405562 ns
[2025-08-19T14:43:28.082+0000][1692266][info ][safepoint   ] Safepoint "Cleanup", Time since last: 1000088386 ns, Reaching safepoint: 16800169 ns, Cleanup: 18277 ns, At safepoint: 5088 ns, Total: 16823534 ns
[2025-08-19T14:43:29.082+0000][1692266][info ][safepoint   ] Safepoint "Cleanup", Time since last: 1000091521 ns, Reaching safepoint: 5758 ns, Cleanup: 30246 ns, At safepoint: 2173 ns, Total: 38177 ns
[2025-08-19T14:43:30.082+0000][1692266][info ][safepoint   ] Safepoint "Cleanup", Time since last: 1000161056 ns, Reaching safepoint: 5228 ns, Cleanup: 16244 ns, At safepoint: 1673 ns, Total: 23145 ns
[2025-08-19T14:43:31.083+0000][1692266][info ][safepoint   ] Safepoint "Cleanup", Time since last: 1000654631 ns, Reaching safepoint: 6580 ns, Cleanup: 16675 ns, At safepoint: 1953 ns, Total: 25208 ns
[2025-08-19T14:43:33.083+0000][1692266][info ][safepoint   ] Safepoint "Cleanup", Time since last: 2000181989 ns, Reaching safepoint: 40311 ns, Cleanup: 15844 ns, At safepoint: 6140 ns, Total: 62295 ns
[2025-08-19T14:43:35.084+0000][1692266][info ][safepoint   ] Safepoint "Cleanup", Time since last: 2000162219 ns, Reaching safepoint: 6871 ns, Cleanup: 19329 ns, At safepoint: 2463 ns, Total: 28663 ns
[2025-08-19T14:43:38.084+0000][1692266][info ][safepoint   ] Safepoint "Cleanup", Time since last: 3000247892 ns, Reaching safepoint: 40722 ns, Cleanup: 11737 ns, At safepoint: 4627 ns, Total: 57086 ns
[2025-08-19T14:43:41.084+0000][1692266][info ][safepoint   ] Safepoint "Cleanup", Time since last: 3000226500 ns, Reaching safepoint: 6549 ns, Cleanup: 11608 ns, At safepoint: 2083 ns, Total: 20240 ns
[2025-08-19T14:43:57.085+0000][1692266][info ][safepoint   ] Safepoint "Cleanup", Time since last: 16000938075 ns, Reaching safepoint: 44567 ns, Cleanup: 10957 ns, At safepoint: 1963 ns, Total: 57487 ns
[2025-08-19T14:44:08.086+0000][1692266][info ][safepoint   ] Safepoint "Cleanup", Time since last: 11000669387 ns, Reaching safepoint: 42744 ns, Cleanup: 11237 ns, At safepoint: 2013 ns, Total: 55994 ns
[2025-08-19T14:44:25.087+0000][1692266][info ][safepoint   ] Safepoint "Cleanup", Time since last: 17000985918 ns, Reaching safepoint: 37997 ns, Cleanup: 11027 ns, At safepoint: 2383 ns, Total: 51407 ns
[2025-08-19T14:44:27.165+0000][1692266][info ][gc,start    ] GC(43) Pause Young (Normal) (G1 Evacuation Pause)
[2025-08-19T14:44:27.165+0000][1692266][info ][gc,task     ] GC(43) Using 1 workers of 1 for evacuation
[2025-08-19T14:44:27.165+0000][1692266][debug][gc,age      ] GC(43) Desired survivor size 20971520 bytes, new threshold 15 (max threshold 15)
[2025-08-19T14:44:27.170+0000][1692266][info ][gc,phases   ] GC(43)   Pre Evacuate Collection Set: 0.3ms
[2025-08-19T14:44:27.170+0000][1692266][info ][gc,phases   ] GC(43)   Merge Heap Roots: 0.0ms
[2025-08-19T14:44:27.170+0000][1692266][info ][gc,phases   ] GC(43)   Evacuate Collection Set: 3.2ms
[2025-08-19T14:44:27.170+0000][1692266][info ][gc,phases   ] GC(43)   Post Evacuate Collection Set: 1.2ms
[2025-08-19T14:44:27.170+0000][1692266][info ][gc,phases   ] GC(43)   Other: 0.0ms
[2025-08-19T14:44:27.170+0000][1692266][trace][gc,age      ] GC(43) Age table with threshold 15 (max threshold 15)
[2025-08-19T14:44:27.170+0000][1692266][trace][gc,age      ] GC(43) - age   1:     109544 bytes,     109544 total
[2025-08-19T14:44:27.170+0000][1692266][trace][gc,age      ] GC(43) - age   2:      13216 bytes,     122760 total
[2025-08-19T14:44:27.170+0000][1692266][trace][gc,age      ] GC(43) - age   3:       1736 bytes,     124496 total
[2025-08-19T14:44:27.170+0000][1692266][info ][gc,heap     ] GC(43) Eden regions: 75->0(75)
[2025-08-19T14:44:27.170+0000][1692266][info ][gc,heap     ] GC(43) Survivor regions: 1->1(10)
[2025-08-19T14:44:27.170+0000][1692266][info ][gc,heap     ] GC(43) Old regions: 35->35
[2025-08-19T14:44:27.170+0000][1692266][info ][gc,heap     ] GC(43) Humongous regions: 0->0
[2025-08-19T14:44:27.170+0000][1692266][info ][gc,metaspace] GC(43) Metaspace: 143230K(147008K)->143230K(147008K) NonClass: 123762K(125760K)->123762K(125760K) Class: 19468K(21248K)->19468K(21248K)
[2025-08-19T14:44:27.170+0000][1692266][info ][gc          ] GC(43) Pause Young (Normal) (G1 Evacuation Pause) 437M->136M(512M) 4.983ms
[2025-08-19T14:44:27.170+0000][1692266][info ][gc,cpu      ] GC(43) User=0.01s Sys=0.00s Real=0.01s
[2025-08-19T14:44:27.170+0000][1692266][info ][safepoint   ] Safepoint "G1CollectForAllocation", Time since last: 2078021713 ns, Reaching safepoint: 5308 ns, Cleanup: 3395 ns, At safepoint: 5019540 ns, Total: 5028243 ns
[2025-08-19T14:47:02.179+0000][1692266][info ][safepoint   ] Safepoint "Cleanup", Time since last: 155009257593 ns, Reaching safepoint: 7051 ns, Cleanup: 11708 ns, At safepoint: 34933 ns, Total: 53692 ns
[2025-08-19T14:48:02.183+0000][1692266][info ][safepoint   ] Safepoint "Cleanup", Time since last: 60003546614 ns, Reaching safepoint: 7711 ns, Cleanup: 11398 ns, At safepoint: 34572 ns, Total: 53681 ns
[2025-08-19T14:51:48.196+0000][1692266][info ][safepoint   ] Safepoint "Cleanup", Time since last: 226013410674 ns, Reaching safepoint: 43556 ns, Cleanup: 10846 ns, At safepoint: 2184 ns, Total: 56586 ns
[2025-08-19T14:51:49.934+0000][1692266][info ][gc,start    ] GC(44) Pause Young (Normal) (G1 Evacuation Pause)
[2025-08-19T14:51:49.935+0000][1692266][info ][gc,task     ] GC(44) Using 1 workers of 1 for evacuation
[2025-08-19T14:51:49.935+0000][1692266][debug][gc,age      ] GC(44) Desired survivor size 20971520 bytes, new threshold 15 (max threshold 15)
[2025-08-19T14:51:49.937+0000][1692266][info ][gc,phases   ] GC(44)   Pre Evacuate Collection Set: 0.1ms
[2025-08-19T14:51:49.937+0000][1692266][info ][gc,phases   ] GC(44)   Merge Heap Roots: 0.0ms
[2025-08-19T14:51:49.937+0000][1692266][info ][gc,phases   ] GC(44)   Evacuate Collection Set: 1.7ms
[2025-08-19T14:51:49.937+0000][1692266][info ][gc,phases   ] GC(44)   Post Evacuate Collection Set: 0.8ms
[2025-08-19T14:51:49.937+0000][1692266][info ][gc,phases   ] GC(44)   Other: 0.0ms
[2025-08-19T14:51:49.937+0000][1692266][trace][gc,age      ] GC(44) Age table with threshold 15 (max threshold 15)
[2025-08-19T14:51:49.937+0000][1692266][trace][gc,age      ] GC(44) - age   1:      14568 bytes,      14568 total
[2025-08-19T14:51:49.937+0000][1692266][trace][gc,age      ] GC(44) - age   2:      26040 bytes,      40608 total
[2025-08-19T14:51:49.937+0000][1692266][trace][gc,age      ] GC(44) - age   3:      11944 bytes,      52552 total
[2025-08-19T14:51:49.937+0000][1692266][trace][gc,age      ] GC(44) - age   4:       1736 bytes,      54288 total
[2025-08-19T14:51:49.937+0000][1692266][info ][gc,heap     ] GC(44) Eden regions: 75->0(75)
[2025-08-19T14:51:49.937+0000][1692266][info ][gc,heap     ] GC(44) Survivor regions: 1->1(10)
[2025-08-19T14:51:49.937+0000][1692266][info ][gc,heap     ] GC(44) Old regions: 35->35
[2025-08-19T14:51:49.937+0000][1692266][info ][gc,heap     ] GC(44) Humongous regions: 0->0
[2025-08-19T14:51:49.937+0000][1692266][info ][gc,metaspace] GC(44) Metaspace: 143232K(147008K)->143232K(147008K) NonClass: 123763K(125760K)->123763K(125760K) Class: 19468K(21248K)->19468K(21248K)
[2025-08-19T14:51:49.937+0000][1692266][info ][gc          ] GC(44) Pause Young (Normal) (G1 Evacuation Pause) 436M->136M(512M) 2.904ms
[2025-08-19T14:51:49.938+0000][1692266][info ][gc,cpu      ] GC(44) User=0.00s Sys=0.00s Real=0.01s
[2025-08-19T14:51:49.938+0000][1692266][info ][safepoint   ] Safepoint "G1CollectForAllocation", Time since last: 1737728897 ns, Reaching safepoint: 437050 ns, Cleanup: 3275 ns, At safepoint: 3153011 ns, Total: 3593336 ns
[2025-08-19T14:52:04.939+0000][1692266][info ][safepoint   ] Safepoint "Cleanup", Time since last: 15000864205 ns, Reaching safepoint: 21072 ns, Cleanup: 8513 ns, At safepoint: 4006 ns, Total: 33591 ns
[2025-08-19T14:52:05.939+0000][1692266][info ][safepoint   ] Safepoint "Cleanup", Time since last: 1000090524 ns, Reaching safepoint: 6019 ns, Cleanup: 8994 ns, At safepoint: 1932 ns, Total: 16945 ns
[2025-08-19T14:52:15.939+0000][1692266][info ][safepoint   ] Safepoint "Cleanup", Time since last: 10000618688 ns, Reaching safepoint: 37947 ns, Cleanup: 9094 ns, At safepoint: 4076 ns, Total: 51117 ns
[2025-08-19T14:52:40.941+0000][1692266][info ][safepoint   ] Safepoint "Cleanup", Time since last: 25001408019 ns, Reaching safepoint: 43115 ns, Cleanup: 8743 ns, At safepoint: 1853 ns, Total: 53711 ns
[2025-08-19T14:52:57.942+0000][1692266][info ][safepoint   ] Safepoint "Cleanup", Time since last: 17001005353 ns, Reaching safepoint: 42524 ns, Cleanup: 9985 ns, At safepoint: 1993 ns, Total: 54502 ns
[2025-08-19T14:54:04.946+0000][1692266][info ][safepoint   ] Safepoint "Cleanup", Time since last: 67003902623 ns, Reaching safepoint: 31848 ns, Cleanup: 9214 ns, At safepoint: 1622 ns, Total: 42684 ns
[2025-08-19T14:55:26.950+0000][1692266][info ][safepoint   ] Safepoint "Cleanup", Time since last: 82004600178 ns, Reaching safepoint: 34802 ns, Cleanup: 7041 ns, At safepoint: 4286 ns, Total: 46129 ns
[2025-08-19T14:55:34.951+0000][1692266][info ][safepoint   ] Safepoint "Cleanup", Time since last: 8000721398 ns, Reaching safepoint: 41132 ns, Cleanup: 15193 ns, At safepoint: 1943 ns, Total: 58268 ns
[2025-08-19T14:55:37.951+0000][1692266][info ][safepoint   ] Safepoint "Cleanup", Time since last: 3000187505 ns, Reaching safepoint: 5599 ns, Cleanup: 9274 ns, At safepoint: 1862 ns, Total: 16735 ns
[2025-08-19T14:56:04.953+0000][1692266][info ][safepoint   ] Safepoint "Cleanup", Time since last: 27001681187 ns, Reaching safepoint: 44767 ns, Cleanup: 9665 ns, At safepoint: 4687 ns, Total: 59119 ns
[2025-08-19T14:57:38.959+0000][1692266][info ][safepoint   ] Safepoint "Cleanup", Time since last: 94005349546 ns, Reaching safepoint: 35433 ns, Cleanup: 9264 ns, At safepoint: 2154 ns, Total: 46851 ns
[2025-08-19T14:58:55.967+0000][1692266][info ][safepoint   ] Safepoint "Cleanup", Time since last: 77008068687 ns, Reaching safepoint: 6510 ns, Cleanup: 9484 ns, At safepoint: 2233 ns, Total: 18227 ns
[2025-08-19T14:59:04.968+0000][1692266][info ][safepoint   ] Safepoint "Cleanup", Time since last: 9000921157 ns, Reaching safepoint: 74062 ns, Cleanup: 10446 ns, At safepoint: 2263 ns, Total: 86771 ns
[2025-08-19T14:59:12.057+0000][1692266][info ][gc,start    ] GC(45) Pause Young (Normal) (G1 Evacuation Pause)
[2025-08-19T14:59:12.057+0000][1692266][info ][gc,task     ] GC(45) Using 1 workers of 1 for evacuation
[2025-08-19T14:59:12.057+0000][1692266][debug][gc,age      ] GC(45) Desired survivor size 20971520 bytes, new threshold 15 (max threshold 15)
[2025-08-19T14:59:12.060+0000][1692266][info ][gc,phases   ] GC(45)   Pre Evacuate Collection Set: 0.1ms
[2025-08-19T14:59:12.060+0000][1692266][info ][gc,phases   ] GC(45)   Merge Heap Roots: 0.0ms
[2025-08-19T14:59:12.060+0000][1692266][info ][gc,phases   ] GC(45)   Evacuate Collection Set: 2.0ms
[2025-08-19T14:59:12.060+0000][1692266][info ][gc,phases   ] GC(45)   Post Evacuate Collection Set: 0.8ms
[2025-08-19T14:59:12.060+0000][1692266][info ][gc,phases   ] GC(45)   Other: 0.0ms
[2025-08-19T14:59:12.060+0000][1692266][trace][gc,age      ] GC(45) Age table with threshold 15 (max threshold 15)
[2025-08-19T14:59:12.060+0000][1692266][trace][gc,age      ] GC(45) - age   1:      21640 bytes,      21640 total
[2025-08-19T14:59:12.060+0000][1692266][trace][gc,age      ] GC(45) - age   2:        632 bytes,      22272 total
[2025-08-19T14:59:12.060+0000][1692266][trace][gc,age      ] GC(45) - age   3:      26040 bytes,      48312 total
[2025-08-19T14:59:12.060+0000][1692266][trace][gc,age      ] GC(45) - age   4:      11344 bytes,      59656 total
[2025-08-19T14:59:12.060+0000][1692266][trace][gc,age      ] GC(45) - age   5:       1736 bytes,      61392 total
[2025-08-19T14:59:12.060+0000][1692266][info ][gc,heap     ] GC(45) Eden regions: 75->0(75)
[2025-08-19T14:59:12.060+0000][1692266][info ][gc,heap     ] GC(45) Survivor regions: 1->1(10)
[2025-08-19T14:59:12.060+0000][1692266][info ][gc,heap     ] GC(45) Old regions: 35->35
[2025-08-19T14:59:12.060+0000][1692266][info ][gc,heap     ] GC(45) Humongous regions: 0->0
[2025-08-19T14:59:12.060+0000][1692266][info ][gc,metaspace] GC(45) Metaspace: 143256K(147008K)->143256K(147008K) NonClass: 123787K(125760K)->123787K(125760K) Class: 19468K(21248K)->19468K(21248K)
[2025-08-19T14:59:12.060+0000][1692266][info ][gc          ] GC(45) Pause Young (Normal) (G1 Evacuation Pause) 436M->136M(512M) 3.102ms
[2025-08-19T14:59:12.060+0000][1692266][info ][gc,cpu      ] GC(45) User=0.01s Sys=0.00s Real=0.00s
[2025-08-19T14:59:12.060+0000][1692266][info ][safepoint   ] Safepoint "G1CollectForAllocation", Time since last: 7089100990 ns, Reaching safepoint: 7331 ns, Cleanup: 2924 ns, At safepoint: 3136837 ns, Total: 3147092 ns
[2025-08-19T14:59:23.061+0000][1692266][info ][safepoint   ] Safepoint "Cleanup", Time since last: 11000615500 ns, Reaching safepoint: 5769 ns, Cleanup: 9514 ns, At safepoint: 1883 ns, Total: 17166 ns
[2025-08-19T14:59:31.061+0000][1692266][info ][safepoint   ] Safepoint "Cleanup", Time since last: 8000516038 ns, Reaching safepoint: 6089 ns, Cleanup: 10125 ns, At safepoint: 2264 ns, Total: 18478 ns
[2025-08-19T14:59:35.061+0000][1692266][info ][safepoint   ] Safepoint "Cleanup", Time since last: 4000282165 ns, Reaching safepoint: 6049 ns, Cleanup: 12779 ns, At safepoint: 1963 ns, Total: 20791 ns
[2025-08-19T15:01:50.069+0000][1692266][info ][safepoint   ] Safepoint "Cleanup", Time since last: 135007976160 ns, Reaching safepoint: 6980 ns, Cleanup: 12409 ns, At safepoint: 45148 ns, Total: 64537 ns
[2025-08-19T15:02:05.071+0000][1692266][info ][safepoint   ] Safepoint "Cleanup", Time since last: 15001460734 ns, Reaching safepoint: 7351 ns, Cleanup: 14522 ns, At safepoint: 2394 ns, Total: 24267 ns
[2025-08-19T15:03:46.077+0000][1692266][info ][safepoint   ] Safepoint "Cleanup", Time since last: 101005909247 ns, Reaching safepoint: 38879 ns, Cleanup: 10696 ns, At safepoint: 4697 ns, Total: 54272 ns
[2025-08-19T15:04:05.107+0000][1692266][info ][safepoint   ] Safepoint "Cleanup", Time since last: 19030541203 ns, Reaching safepoint: 6770 ns, Cleanup: 11557 ns, At safepoint: 2374 ns, Total: 20701 ns
[2025-08-19T15:04:47.114+0000][1692266][info ][safepoint   ] Safepoint "Cleanup", Time since last: 42006218256 ns, Reaching safepoint: 48744 ns, Cleanup: 11127 ns, At safepoint: 2383 ns, Total: 62254 ns
[2025-08-19T15:05:38.121+0000][1692266][info ][safepoint   ] Safepoint "Cleanup", Time since last: 51007071989 ns, Reaching safepoint: 37366 ns, Cleanup: 10676 ns, At safepoint: 1963 ns, Total: 50005 ns
[2025-08-19T15:06:36.125+0000][1692266][info ][safepoint   ] Safepoint "Cleanup", Time since last: 58004205577 ns, Reaching safepoint: 40461 ns, Cleanup: 11117 ns, At safepoint: 2193 ns, Total: 53771 ns
[2025-08-19T15:06:36.850+0000][1692266][info ][gc,start    ] GC(46) Pause Young (Normal) (G1 Evacuation Pause)
[2025-08-19T15:06:36.850+0000][1692266][info ][gc,task     ] GC(46) Using 1 workers of 1 for evacuation
[2025-08-19T15:06:36.850+0000][1692266][debug][gc,age      ] GC(46) Desired survivor size 20971520 bytes, new threshold 15 (max threshold 15)
[2025-08-19T15:06:36.853+0000][1692266][info ][gc,phases   ] GC(46)   Pre Evacuate Collection Set: 0.1ms
[2025-08-19T15:06:36.853+0000][1692266][info ][gc,phases   ] GC(46)   Merge Heap Roots: 0.0ms
[2025-08-19T15:06:36.853+0000][1692266][info ][gc,phases   ] GC(46)   Evacuate Collection Set: 1.5ms
[2025-08-19T15:06:36.853+0000][1692266][info ][gc,phases   ] GC(46)   Post Evacuate Collection Set: 0.7ms
[2025-08-19T15:06:36.853+0000][1692266][info ][gc,phases   ] GC(46)   Other: 0.0ms
[2025-08-19T15:06:36.853+0000][1692266][trace][gc,age      ] GC(46) Age table with threshold 15 (max threshold 15)
[2025-08-19T15:06:36.853+0000][1692266][trace][gc,age      ] GC(46) - age   1:      15088 bytes,      15088 total
[2025-08-19T15:06:36.853+0000][1692266][trace][gc,age      ] GC(46) - age   2:       5656 bytes,      20744 total
[2025-08-19T15:06:36.853+0000][1692266][trace][gc,age      ] GC(46) - age   3:         48 bytes,      20792 total
[2025-08-19T15:06:36.853+0000][1692266][trace][gc,age      ] GC(46) - age   4:      26040 bytes,      46832 total
[2025-08-19T15:06:36.853+0000][1692266][trace][gc,age      ] GC(46) - age   5:      11344 bytes,      58176 total
[2025-08-19T15:06:36.853+0000][1692266][trace][gc,age      ] GC(46) - age   6:       1736 bytes,      59912 total
[2025-08-19T15:06:36.853+0000][1692266][info ][gc,heap     ] GC(46) Eden regions: 75->0(75)
[2025-08-19T15:06:36.853+0000][1692266][info ][gc,heap     ] GC(46) Survivor regions: 1->1(10)
[2025-08-19T15:06:36.853+0000][1692266][info ][gc,heap     ] GC(46) Old regions: 35->35
[2025-08-19T15:06:36.853+0000][1692266][info ][gc,heap     ] GC(46) Humongous regions: 0->0
[2025-08-19T15:06:36.853+0000][1692266][info ][gc,metaspace] GC(46) Metaspace: 143268K(147008K)->143268K(147008K) NonClass: 123799K(125760K)->123799K(125760K) Class: 19468K(21248K)->19468K(21248K)
[2025-08-19T15:06:36.853+0000][1692266][info ][gc          ] GC(46) Pause Young (Normal) (G1 Evacuation Pause) 436M->136M(512M) 2.687ms
[2025-08-19T15:06:36.853+0000][1692266][info ][gc,cpu      ] GC(46) User=0.00s Sys=0.00s Real=0.00s
[2025-08-19T15:06:36.853+0000][1692266][info ][safepoint   ] Safepoint "G1CollectForAllocation", Time since last: 724954908 ns, Reaching safepoint: 6019 ns, Cleanup: 3275 ns, At safepoint: 2889043 ns, Total: 2898337 ns
[2025-08-19T15:07:04.855+0000][1692266][info ][safepoint   ] Safepoint "Cleanup", Time since last: 28001567067 ns, Reaching safepoint: 6620 ns, Cleanup: 12749 ns, At safepoint: 36586 ns, Total: 55955 ns
[2025-08-19T15:07:08.855+0000][1692266][info ][safepoint   ] Safepoint "Cleanup", Time since last: 4000269306 ns, Reaching safepoint: 6570 ns, Cleanup: 12269 ns, At safepoint: 2353 ns, Total: 21192 ns
[2025-08-19T15:07:37.857+0000][1692266][info ][safepoint   ] Safepoint "Cleanup", Time since last: 29001714572 ns, Reaching safepoint: 42324 ns, Cleanup: 10847 ns, At safepoint: 2423 ns, Total: 55594 ns
[2025-08-19T15:07:38.857+0000][1692266][info ][safepoint   ] Safepoint "Cleanup", Time since last: 1000099533 ns, Reaching safepoint: 6660 ns, Cleanup: 12880 ns, At safepoint: 1933 ns, Total: 21473 ns
[2025-08-19T15:08:07.858+0000][1692266][info ][safepoint   ] Safepoint "Cleanup", Time since last: 29001651657 ns, Reaching safepoint: 7131 ns, Cleanup: 11807 ns, At safepoint: 1993 ns, Total: 20931 ns
[2025-08-19T15:08:08.859+0000][1692266][info ][safepoint   ] Safepoint "Cleanup", Time since last: 1000119533 ns, Reaching safepoint: 6881 ns, Cleanup: 13681 ns, At safepoint: 2053 ns, Total: 22615 ns
[2025-08-19T15:08:38.860+0000][1692266][info ][safepoint   ] Safepoint "Cleanup", Time since last: 30001707954 ns, Reaching safepoint: 38438 ns, Cleanup: 11818 ns, At safepoint: 4507 ns, Total: 54763 ns
[2025-08-19T15:12:05.873+0000][1692266][info ][safepoint   ] Safepoint "Cleanup", Time since last: 207012265373 ns, Reaching safepoint: 7331 ns, Cleanup: 13200 ns, At safepoint: 33330 ns, Total: 53861 ns
[2025-08-19T15:13:05.877+0000][1692266][info ][safepoint   ] Safepoint "Cleanup", Time since last: 60003987784 ns, Reaching safepoint: 6580 ns, Cleanup: 11057 ns, At safepoint: 2123 ns, Total: 19760 ns
[2025-08-19T15:13:35.879+0000][1692266][info ][safepoint   ] Safepoint "Cleanup", Time since last: 30002231966 ns, Reaching safepoint: 43155 ns, Cleanup: 11127 ns, At safepoint: 4597 ns, Total: 58879 ns
[2025-08-19T15:14:00.700+0000][1692266][info ][gc,start    ] GC(47) Pause Young (Normal) (G1 Evacuation Pause)
[2025-08-19T15:14:00.700+0000][1692266][info ][gc,task     ] GC(47) Using 1 workers of 1 for evacuation
[2025-08-19T15:14:00.700+0000][1692266][debug][gc,age      ] GC(47) Desired survivor size 20971520 bytes, new threshold 15 (max threshold 15)
[2025-08-19T15:14:00.702+0000][1692266][info ][gc,phases   ] GC(47)   Pre Evacuate Collection Set: 0.1ms
[2025-08-19T15:14:00.702+0000][1692266][info ][gc,phases   ] GC(47)   Merge Heap Roots: 0.0ms
[2025-08-19T15:14:00.702+0000][1692266][info ][gc,phases   ] GC(47)   Evacuate Collection Set: 1.5ms
[2025-08-19T15:14:00.702+0000][1692266][info ][gc,phases   ] GC(47)   Post Evacuate Collection Set: 0.8ms
[2025-08-19T15:14:00.702+0000][1692266][info ][gc,phases   ] GC(47)   Other: 0.0ms
[2025-08-19T15:14:00.702+0000][1692266][trace][gc,age      ] GC(47) Age table with threshold 15 (max threshold 15)
[2025-08-19T15:14:00.702+0000][1692266][trace][gc,age      ] GC(47) - age   1:      14816 bytes,      14816 total
[2025-08-19T15:14:00.702+0000][1692266][trace][gc,age      ] GC(47) - age   2:        704 bytes,      15520 total
[2025-08-19T15:14:00.702+0000][1692266][trace][gc,age      ] GC(47) - age   3:       5624 bytes,      21144 total
[2025-08-19T15:14:00.702+0000][1692266][trace][gc,age      ] GC(47) - age   4:         48 bytes,      21192 total
[2025-08-19T15:14:00.702+0000][1692266][trace][gc,age      ] GC(47) - age   5:      26040 bytes,      47232 total
[2025-08-19T15:14:00.702+0000][1692266][trace][gc,age      ] GC(47) - age   6:      11344 bytes,      58576 total
[2025-08-19T15:14:00.702+0000][1692266][trace][gc,age      ] GC(47) - age   7:       1736 bytes,      60312 total
[2025-08-19T15:14:00.702+0000][1692266][info ][gc,heap     ] GC(47) Eden regions: 75->0(75)
[2025-08-19T15:14:00.702+0000][1692266][info ][gc,heap     ] GC(47) Survivor regions: 1->1(10)
[2025-08-19T15:14:00.702+0000][1692266][info ][gc,heap     ] GC(47) Old regions: 35->35
[2025-08-19T15:14:00.702+0000][1692266][info ][gc,heap     ] GC(47) Humongous regions: 0->0
[2025-08-19T15:14:00.702+0000][1692266][info ][gc,metaspace] GC(47) Metaspace: 143340K(147072K)->143340K(147072K) NonClass: 123871K(125824K)->123871K(125824K) Class: 19468K(21248K)->19468K(21248K)
[2025-08-19T15:14:00.702+0000][1692266][info ][gc          ] GC(47) Pause Young (Normal) (G1 Evacuation Pause) 436M->136M(512M) 2.607ms
[2025-08-19T15:14:00.702+0000][1692266][info ][gc,cpu      ] GC(47) User=0.00s Sys=0.00s Real=0.00s
[2025-08-19T15:14:00.702+0000][1692266][info ][safepoint   ] Safepoint "G1CollectForAllocation", Time since last: 24820900289 ns, Reaching safepoint: 8032 ns, Cleanup: 2924 ns, At safepoint: 2641991 ns, Total: 2652947 ns
[2025-08-19T15:16:35.727+0000][1692266][info ][safepoint   ] Safepoint "Cleanup", Time since last: 155024133517 ns, Reaching safepoint: 36435 ns, Cleanup: 8262 ns, At safepoint: 4347 ns, Total: 49044 ns
[2025-08-19T15:17:02.729+0000][1692266][info ][safepoint   ] Safepoint "Cleanup", Time since last: 27002779054 ns, Reaching safepoint: 7301 ns, Cleanup: 12079 ns, At safepoint: 33210 ns, Total: 52590 ns
[2025-08-19T15:19:05.739+0000][1692266][info ][safepoint   ] Safepoint "Cleanup", Time since last: 123009729550 ns, Reaching safepoint: 68283 ns, Cleanup: 17747 ns, At safepoint: 4697 ns, Total: 90727 ns
[2025-08-19T15:19:49.742+0000][1692266][info ][safepoint   ] Safepoint "Cleanup", Time since last: 44002608046 ns, Reaching safepoint: 6079 ns, Cleanup: 10376 ns, At safepoint: 50616 ns, Total: 67071 ns
[2025-08-19T15:21:06.747+0000][1692266][info ][safepoint   ] Safepoint "Cleanup", Time since last: 77004562866 ns, Reaching safepoint: 40752 ns, Cleanup: 13991 ns, At safepoint: 2093 ns, Total: 56836 ns
[2025-08-19T15:21:24.217+0000][1692266][info ][gc,start    ] GC(48) Pause Young (Normal) (G1 Evacuation Pause)
[2025-08-19T15:21:24.217+0000][1692266][info ][gc,task     ] GC(48) Using 1 workers of 1 for evacuation
[2025-08-19T15:21:24.217+0000][1692266][debug][gc,age      ] GC(48) Desired survivor size 20971520 bytes, new threshold 15 (max threshold 15)
[2025-08-19T15:21:24.222+0000][1692266][info ][gc,phases   ] GC(48)   Pre Evacuate Collection Set: 0.1ms
[2025-08-19T15:21:24.222+0000][1692266][info ][gc,phases   ] GC(48)   Merge Heap Roots: 0.0ms
[2025-08-19T15:21:24.222+0000][1692266][info ][gc,phases   ] GC(48)   Evacuate Collection Set: 2.8ms
[2025-08-19T15:21:24.222+0000][1692266][info ][gc,phases   ] GC(48)   Post Evacuate Collection Set: 1.6ms
[2025-08-19T15:21:24.222+0000][1692266][info ][gc,phases   ] GC(48)   Other: 0.0ms
[2025-08-19T15:21:24.222+0000][1692266][trace][gc,age      ] GC(48) Age table with threshold 15 (max threshold 15)
[2025-08-19T15:21:24.222+0000][1692266][trace][gc,age      ] GC(48) - age   1:      18128 bytes,      18128 total
[2025-08-19T15:21:24.222+0000][1692266][trace][gc,age      ] GC(48) - age   2:        816 bytes,      18944 total
[2025-08-19T15:21:24.222+0000][1692266][trace][gc,age      ] GC(48) - age   3:        152 bytes,      19096 total
[2025-08-19T15:21:24.222+0000][1692266][trace][gc,age      ] GC(48) - age   4:       5624 bytes,      24720 total
[2025-08-19T15:21:24.222+0000][1692266][trace][gc,age      ] GC(48) - age   5:         48 bytes,      24768 total
[2025-08-19T15:21:24.222+0000][1692266][trace][gc,age      ] GC(48) - age   6:      26040 bytes,      50808 total
[2025-08-19T15:21:24.222+0000][1692266][trace][gc,age      ] GC(48) - age   7:      11344 bytes,      62152 total
[2025-08-19T15:21:24.222+0000][1692266][trace][gc,age      ] GC(48) - age   8:       1736 bytes,      63888 total
[2025-08-19T15:21:24.222+0000][1692266][info ][gc,heap     ] GC(48) Eden regions: 75->0(75)
[2025-08-19T15:21:24.222+0000][1692266][info ][gc,heap     ] GC(48) Survivor regions: 1->1(10)
[2025-08-19T15:21:24.222+0000][1692266][info ][gc,heap     ] GC(48) Old regions: 35->35
[2025-08-19T15:21:24.222+0000][1692266][info ][gc,heap     ] GC(48) Humongous regions: 0->0
[2025-08-19T15:21:24.222+0000][1692266][info ][gc,metaspace] GC(48) Metaspace: 143342K(147072K)->143342K(147072K) NonClass: 123873K(125824K)->123873K(125824K) Class: 19468K(21248K)->19468K(21248K)
[2025-08-19T15:21:24.222+0000][1692266][info ][gc          ] GC(48) Pause Young (Normal) (G1 Evacuation Pause) 436M->136M(512M) 4.725ms
[2025-08-19T15:21:24.222+0000][1692266][info ][gc,cpu      ] GC(48) User=0.00s Sys=0.00s Real=0.00s
[2025-08-19T15:21:24.222+0000][1692266][info ][safepoint   ] Safepoint "G1CollectForAllocation", Time since last: 17470764684 ns, Reaching safepoint: 9574 ns, Cleanup: 3145 ns, At safepoint: 4763063 ns, Total: 4775782 ns
[2025-08-19T15:23:06.228+0000][1692266][info ][safepoint   ] Safepoint "Cleanup", Time since last: 102005902693 ns, Reaching safepoint: 7070 ns, Cleanup: 10787 ns, At safepoint: 2363 ns, Total: 20220 ns
[2025-08-19T15:28:36.251+0000][1692266][info ][safepoint   ] Safepoint "Cleanup", Time since last: 330023287519 ns, Reaching safepoint: 49425 ns, Cleanup: 13520 ns, At safepoint: 4697 ns, Total: 67642 ns
[2025-08-19T15:28:47.964+0000][1692266][info ][gc,start    ] GC(49) Pause Young (Normal) (G1 Evacuation Pause)
[2025-08-19T15:28:47.964+0000][1692266][info ][gc,task     ] GC(49) Using 1 workers of 1 for evacuation
[2025-08-19T15:28:47.964+0000][1692266][debug][gc,age      ] GC(49) Desired survivor size 20971520 bytes, new threshold 15 (max threshold 15)
[2025-08-19T15:28:47.967+0000][1692266][info ][gc,phases   ] GC(49)   Pre Evacuate Collection Set: 0.1ms
[2025-08-19T15:28:47.967+0000][1692266][info ][gc,phases   ] GC(49)   Merge Heap Roots: 0.0ms
[2025-08-19T15:28:47.967+0000][1692266][info ][gc,phases   ] GC(49)   Evacuate Collection Set: 1.6ms
[2025-08-19T15:28:47.967+0000][1692266][info ][gc,phases   ] GC(49)   Post Evacuate Collection Set: 0.7ms
[2025-08-19T15:28:47.967+0000][1692266][info ][gc,phases   ] GC(49)   Other: 0.0ms
[2025-08-19T15:28:47.967+0000][1692266][trace][gc,age      ] GC(49) Age table with threshold 15 (max threshold 15)
[2025-08-19T15:28:47.967+0000][1692266][trace][gc,age      ] GC(49) - age   1:      16592 bytes,      16592 total
[2025-08-19T15:28:47.967+0000][1692266][trace][gc,age      ] GC(49) - age   2:       4336 bytes,      20928 total
[2025-08-19T15:28:47.967+0000][1692266][trace][gc,age      ] GC(49) - age   3:        184 bytes,      21112 total
[2025-08-19T15:28:47.967+0000][1692266][trace][gc,age      ] GC(49) - age   4:        152 bytes,      21264 total
[2025-08-19T15:28:47.967+0000][1692266][trace][gc,age      ] GC(49) - age   5:       5624 bytes,      26888 total
[2025-08-19T15:28:47.967+0000][1692266][trace][gc,age      ] GC(49) - age   6:         48 bytes,      26936 total
[2025-08-19T15:28:47.967+0000][1692266][trace][gc,age      ] GC(49) - age   7:      26040 bytes,      52976 total
[2025-08-19T15:28:47.967+0000][1692266][trace][gc,age      ] GC(49) - age   8:      11344 bytes,      64320 total
[2025-08-19T15:28:47.967+0000][1692266][trace][gc,age      ] GC(49) - age   9:       1736 bytes,      66056 total
[2025-08-19T15:28:47.967+0000][1692266][info ][gc,heap     ] GC(49) Eden regions: 75->0(75)
[2025-08-19T15:28:47.967+0000][1692266][info ][gc,heap     ] GC(49) Survivor regions: 1->1(10)
[2025-08-19T15:28:47.967+0000][1692266][info ][gc,heap     ] GC(49) Old regions: 35->35
[2025-08-19T15:28:47.967+0000][1692266][info ][gc,heap     ] GC(49) Humongous regions: 0->0
[2025-08-19T15:28:47.967+0000][1692266][info ][gc,metaspace] GC(49) Metaspace: 143348K(147072K)->143348K(147072K) NonClass: 123879K(125824K)->123879K(125824K) Class: 19468K(21248K)->19468K(21248K)
[2025-08-19T15:28:47.967+0000][1692266][info ][gc          ] GC(49) Pause Young (Normal) (G1 Evacuation Pause) 436M->136M(512M) 2.674ms
[2025-08-19T15:28:47.967+0000][1692266][info ][gc,cpu      ] GC(49) User=0.00s Sys=0.00s Real=0.01s
[2025-08-19T15:28:47.967+0000][1692266][info ][safepoint   ] Safepoint "G1CollectForAllocation", Time since last: 11712595724 ns, Reaching safepoint: 7241 ns, Cleanup: 2734 ns, At safepoint: 2715451 ns, Total: 2725426 ns
[2025-08-19T15:31:04.978+0000][1692266][info ][safepoint   ] Safepoint "Cleanup", Time since last: 137011421951 ns, Reaching safepoint: 6780 ns, Cleanup: 10907 ns, At safepoint: 2033 ns, Total: 19720 ns
[2025-08-19T15:31:36.981+0000][1692266][info ][safepoint   ] Safepoint "Cleanup", Time since last: 32002305888 ns, Reaching safepoint: 46210 ns, Cleanup: 9615 ns, At safepoint: 4316 ns, Total: 60141 ns
[2025-08-19T15:32:06.985+0000][1692266][info ][safepoint   ] Safepoint "Cleanup", Time since last: 30004077320 ns, Reaching safepoint: 6791 ns, Cleanup: 11066 ns, At safepoint: 2134 ns, Total: 19991 ns
[2025-08-19T15:32:36.987+0000][1692266][info ][safepoint   ] Safepoint "Cleanup", Time since last: 30002429692 ns, Reaching safepoint: 43235 ns, Cleanup: 10035 ns, At safepoint: 4737 ns, Total: 58007 ns
[2025-08-19T15:34:36.997+0000][1692266][info ][safepoint   ] Safepoint "Cleanup", Time since last: 120009755894 ns, Reaching safepoint: 43405 ns, Cleanup: 12279 ns, At safepoint: 4537 ns, Total: 60221 ns
[2025-08-19T15:35:37.000+0000][1692266][info ][safepoint   ] Safepoint "Cleanup", Time since last: 60003424717 ns, Reaching safepoint: 72770 ns, Cleanup: 10115 ns, At safepoint: 2083 ns, Total: 84968 ns
[2025-08-19T15:36:13.198+0000][1692266][info ][gc,start    ] GC(50) Pause Young (Normal) (G1 Evacuation Pause)
[2025-08-19T15:36:13.198+0000][1692266][info ][gc,task     ] GC(50) Using 1 workers of 1 for evacuation
[2025-08-19T15:36:13.198+0000][1692266][debug][gc,age      ] GC(50) Desired survivor size 20971520 bytes, new threshold 15 (max threshold 15)
[2025-08-19T15:36:13.201+0000][1692266][info ][gc,phases   ] GC(50)   Pre Evacuate Collection Set: 0.2ms
[2025-08-19T15:36:13.201+0000][1692266][info ][gc,phases   ] GC(50)   Merge Heap Roots: 0.0ms
[2025-08-19T15:36:13.201+0000][1692266][info ][gc,phases   ] GC(50)   Evacuate Collection Set: 1.6ms
[2025-08-19T15:36:13.201+0000][1692266][info ][gc,phases   ] GC(50)   Post Evacuate Collection Set: 0.8ms
[2025-08-19T15:36:13.201+0000][1692266][info ][gc,phases   ] GC(50)   Other: 0.0ms
[2025-08-19T15:36:13.201+0000][1692266][trace][gc,age      ] GC(50) Age table with threshold 15 (max threshold 15)
[2025-08-19T15:36:13.201+0000][1692266][trace][gc,age      ] GC(50) - age   1:      16848 bytes,      16848 total
[2025-08-19T15:36:13.201+0000][1692266][trace][gc,age      ] GC(50) - age   2:        576 bytes,      17424 total
[2025-08-19T15:36:13.201+0000][1692266][trace][gc,age      ] GC(50) - age   3:       3784 bytes,      21208 total
[2025-08-19T15:36:13.201+0000][1692266][trace][gc,age      ] GC(50) - age   4:        184 bytes,      21392 total
[2025-08-19T15:36:13.201+0000][1692266][trace][gc,age      ] GC(50) - age   5:        152 bytes,      21544 total
[2025-08-19T15:36:13.201+0000][1692266][trace][gc,age      ] GC(50) - age   6:       5624 bytes,      27168 total
[2025-08-19T15:36:13.201+0000][1692266][trace][gc,age      ] GC(50) - age   7:         48 bytes,      27216 total
[2025-08-19T15:36:13.201+0000][1692266][trace][gc,age      ] GC(50) - age   8:      26040 bytes,      53256 total
[2025-08-19T15:36:13.201+0000][1692266][trace][gc,age      ] GC(50) - age   9:      11344 bytes,      64600 total
[2025-08-19T15:36:13.201+0000][1692266][trace][gc,age      ] GC(50) - age  10:       1736 bytes,      66336 total
[2025-08-19T15:36:13.201+0000][1692266][info ][gc,heap     ] GC(50) Eden regions: 75->0(75)
[2025-08-19T15:36:13.201+0000][1692266][info ][gc,heap     ] GC(50) Survivor regions: 1->1(10)
[2025-08-19T15:36:13.201+0000][1692266][info ][gc,heap     ] GC(50) Old regions: 35->35
[2025-08-19T15:36:13.201+0000][1692266][info ][gc,heap     ] GC(50) Humongous regions: 0->0
[2025-08-19T15:36:13.201+0000][1692266][info ][gc,metaspace] GC(50) Metaspace: 143370K(147136K)->143370K(147136K) NonClass: 123901K(125888K)->123901K(125888K) Class: 19468K(21248K)->19468K(21248K)
[2025-08-19T15:36:13.201+0000][1692266][info ][gc          ] GC(50) Pause Young (Normal) (G1 Evacuation Pause) 436M->136M(512M) 2.763ms
[2025-08-19T15:36:13.201+0000][1692266][info ][gc,cpu      ] GC(50) User=0.00s Sys=0.00s Real=0.00s
[2025-08-19T15:36:13.201+0000][1692266][info ][safepoint   ] Safepoint "G1CollectForAllocation", Time since last: 36197761550 ns, Reaching safepoint: 8152 ns, Cleanup: 2684 ns, At safepoint: 2799508 ns, Total: 2810344 ns
[2025-08-19T15:37:37.265+0000][1692266][info ][safepoint   ] Safepoint "Cleanup", Time since last: 84064404228 ns, Reaching safepoint: 39480 ns, Cleanup: 11417 ns, At safepoint: 2213 ns, Total: 53110 ns
[2025-08-19T15:38:14.268+0000][1692266][info ][safepoint   ] Safepoint "Cleanup", Time since last: 37002599688 ns, Reaching safepoint: 36125 ns, Cleanup: 10636 ns, At safepoint: 4357 ns, Total: 51118 ns
[2025-08-19T15:38:37.270+0000][1692266][info ][safepoint   ] Safepoint "Cleanup", Time since last: 23001712774 ns, Reaching safepoint: 44767 ns, Cleanup: 13621 ns, At safepoint: 2113 ns, Total: 60501 ns
[2025-08-19T15:38:38.270+0000][1692266][info ][safepoint   ] Safepoint "Cleanup", Time since last: 1000107931 ns, Reaching safepoint: 5338 ns, Cleanup: 9014 ns, At safepoint: 2103 ns, Total: 16455 ns
[2025-08-19T15:39:07.272+0000][1692266][info ][safepoint   ] Safepoint "Cleanup", Time since last: 29001767015 ns, Reaching safepoint: 41323 ns, Cleanup: 12399 ns, At safepoint: 2393 ns, Total: 56115 ns
[2025-08-19T15:39:08.272+0000][1692266][info ][safepoint   ] Safepoint "Cleanup", Time since last: 1000104696 ns, Reaching safepoint: 5819 ns, Cleanup: 7932 ns, At safepoint: 1963 ns, Total: 15714 ns
[2025-08-19T15:39:37.274+0000][1692266][info ][safepoint   ] Safepoint "Cleanup", Time since last: 29001765153 ns, Reaching safepoint: 35363 ns, Cleanup: 11307 ns, At safepoint: 2534 ns, Total: 49204 ns
[2025-08-19T15:39:38.274+0000][1692266][info ][safepoint   ] Safepoint "Cleanup", Time since last: 1000097095 ns, Reaching safepoint: 5048 ns, Cleanup: 6339 ns, At safepoint: 2093 ns, Total: 13480 ns
[2025-08-19T15:40:07.278+0000][1692266][info ][safepoint   ] Safepoint "Cleanup", Time since last: 29003966928 ns, Reaching safepoint: 29194 ns, Cleanup: 11888 ns, At safepoint: 4667 ns, Total: 45749 ns
[2025-08-19T15:40:08.278+0000][1692266][info ][safepoint   ] Safepoint "Cleanup", Time since last: 1000086339 ns, Reaching safepoint: 6249 ns, Cleanup: 5959 ns, At safepoint: 1843 ns, Total: 14051 ns
[2025-08-19T15:43:07.295+0000][1692266][info ][safepoint   ] Safepoint "Cleanup", Time since last: 179015119365 ns, Reaching safepoint: 879798 ns, Cleanup: 1013611 ns, At safepoint: 8232 ns, Total: 1901641 ns
[2025-08-19T15:43:37.061+0000][1692266][info ][gc,start    ] GC(51) Pause Young (Normal) (G1 Evacuation Pause)
[2025-08-19T15:43:37.063+0000][1692266][info ][gc,task     ] GC(51) Using 1 workers of 1 for evacuation
[2025-08-19T15:43:37.063+0000][1692266][debug][gc,age      ] GC(51) Desired survivor size 20971520 bytes, new threshold 15 (max threshold 15)
[2025-08-19T15:43:37.273+0000][1692266][info ][gc,mmu      ] GC(51) MMU target violated: 201.0ms (200.0ms/201.0ms)
[2025-08-19T15:43:37.274+0000][1692266][info ][gc,phases   ] GC(51)   Pre Evacuate Collection Set: 3.9ms
[2025-08-19T15:43:37.274+0000][1692266][info ][gc,phases   ] GC(51)   Merge Heap Roots: 2.0ms
[2025-08-19T15:43:37.274+0000][1692266][info ][gc,phases   ] GC(51)   Evacuate Collection Set: 138.9ms
[2025-08-19T15:43:37.274+0000][1692266][info ][gc,phases   ] GC(51)   Post Evacuate Collection Set: 65.2ms
[2025-08-19T15:43:37.274+0000][1692266][info ][gc,phases   ] GC(51)   Other: 1.1ms
[2025-08-19T15:43:37.274+0000][1692266][trace][gc,age      ] GC(51) Age table with threshold 15 (max threshold 15)
[2025-08-19T15:43:37.274+0000][1692266][trace][gc,age      ] GC(51) - age   1:      15088 bytes,      15088 total
[2025-08-19T15:43:37.274+0000][1692266][trace][gc,age      ] GC(51) - age   2:        752 bytes,      15840 total
[2025-08-19T15:43:37.274+0000][1692266][trace][gc,age      ] GC(51) - age   3:        544 bytes,      16384 total
[2025-08-19T15:43:37.274+0000][1692266][trace][gc,age      ] GC(51) - age   4:       3784 bytes,      20168 total
[2025-08-19T15:43:37.274+0000][1692266][trace][gc,age      ] GC(51) - age   5:        184 bytes,      20352 total
[2025-08-19T15:43:37.274+0000][1692266][trace][gc,age      ] GC(51) - age   6:        152 bytes,      20504 total
[2025-08-19T15:43:37.274+0000][1692266][trace][gc,age      ] GC(51) - age   7:       5624 bytes,      26128 total
[2025-08-19T15:43:37.274+0000][1692266][trace][gc,age      ] GC(51) - age   8:         48 bytes,      26176 total
[2025-08-19T15:43:37.274+0000][1692266][trace][gc,age      ] GC(51) - age   9:      26040 bytes,      52216 total
[2025-08-19T15:43:37.274+0000][1692266][trace][gc,age      ] GC(51) - age  10:      11344 bytes,      63560 total
[2025-08-19T15:43:37.274+0000][1692266][trace][gc,age      ] GC(51) - age  11:       1736 bytes,      65296 total
[2025-08-19T15:43:37.274+0000][1692266][info ][gc,heap     ] GC(51) Eden regions: 75->0(75)
[2025-08-19T15:43:37.274+0000][1692266][info ][gc,heap     ] GC(51) Survivor regions: 1->1(10)
[2025-08-19T15:43:37.274+0000][1692266][info ][gc,heap     ] GC(51) Old regions: 35->35
[2025-08-19T15:43:37.274+0000][1692266][info ][gc,heap     ] GC(51) Humongous regions: 0->0
[2025-08-19T15:43:37.274+0000][1692266][info ][gc,metaspace] GC(51) Metaspace: 143506K(147328K)->143506K(147328K) NonClass: 124037K(126080K)->124037K(126080K) Class: 19469K(21248K)->19469K(21248K)
[2025-08-19T15:43:37.274+0000][1692266][info ][gc          ] GC(51) Pause Young (Normal) (G1 Evacuation Pause) 436M->136M(512M) 213.361ms
[2025-08-19T15:43:37.274+0000][1692266][info ][gc,cpu      ] GC(51) User=0.00s Sys=0.03s Real=0.21s
[2025-08-19T15:43:37.274+0000][1692266][info ][safepoint   ] Safepoint "G1CollectForAllocation", Time since last: 29764649815 ns, Reaching safepoint: 8723 ns, Cleanup: 3155 ns, At safepoint: 214445911 ns, Total: 214457789 ns
[2025-08-19T15:47:01.913+0000][1692266][info ][safepoint   ] Safepoint "Cleanup", Time since last: 204638397800 ns, Reaching safepoint: 62104 ns, Cleanup: 13641 ns, At safepoint: 4236 ns, Total: 79981 ns
[2025-08-19T15:48:36.918+0000][1692266][info ][safepoint   ] Safepoint "Cleanup", Time since last: 95005814056 ns, Reaching safepoint: 33510 ns, Cleanup: 10536 ns, At safepoint: 5458 ns, Total: 49504 ns
[2025-08-19T15:48:37.919+0000][1692266][info ][safepoint   ] Safepoint "Cleanup", Time since last: 1000101882 ns, Reaching safepoint: 7121 ns, Cleanup: 11688 ns, At safepoint: 2734 ns, Total: 21543 ns
[2025-08-19T15:51:01.447+0000][1692266][info ][gc,start    ] GC(52) Pause Young (Normal) (G1 Evacuation Pause)
[2025-08-19T15:51:01.447+0000][1692266][info ][gc,task     ] GC(52) Using 1 workers of 1 for evacuation
[2025-08-19T15:51:01.447+0000][1692266][debug][gc,age      ] GC(52) Desired survivor size 20971520 bytes, new threshold 15 (max threshold 15)
[2025-08-19T15:51:01.450+0000][1692266][info ][gc,phases   ] GC(52)   Pre Evacuate Collection Set: 0.1ms
[2025-08-19T15:51:01.450+0000][1692266][info ][gc,phases   ] GC(52)   Merge Heap Roots: 0.2ms
[2025-08-19T15:51:01.450+0000][1692266][info ][gc,phases   ] GC(52)   Evacuate Collection Set: 2.3ms
[2025-08-19T15:51:01.450+0000][1692266][info ][gc,phases   ] GC(52)   Post Evacuate Collection Set: 0.8ms
[2025-08-19T15:51:01.450+0000][1692266][info ][gc,phases   ] GC(52)   Other: 0.0ms
[2025-08-19T15:51:01.450+0000][1692266][trace][gc,age      ] GC(52) Age table with threshold 15 (max threshold 15)
[2025-08-19T15:51:01.450+0000][1692266][trace][gc,age      ] GC(52) - age   1:      17088 bytes,      17088 total
[2025-08-19T15:51:01.450+0000][1692266][trace][gc,age      ] GC(52) - age   2:       1304 bytes,      18392 total
[2025-08-19T15:51:01.450+0000][1692266][trace][gc,age      ] GC(52) - age   3:        200 bytes,      18592 total
[2025-08-19T15:51:01.450+0000][1692266][trace][gc,age      ] GC(52) - age   4:        544 bytes,      19136 total
[2025-08-19T15:51:01.450+0000][1692266][trace][gc,age      ] GC(52) - age   5:       3784 bytes,      22920 total
[2025-08-19T15:51:01.450+0000][1692266][trace][gc,age      ] GC(52) - age   6:        184 bytes,      23104 total
[2025-08-19T15:51:01.450+0000][1692266][trace][gc,age      ] GC(52) - age   7:        152 bytes,      23256 total
[2025-08-19T15:51:01.450+0000][1692266][trace][gc,age      ] GC(52) - age   8:       5624 bytes,      28880 total
[2025-08-19T15:51:01.450+0000][1692266][trace][gc,age      ] GC(52) - age   9:         48 bytes,      28928 total
[2025-08-19T15:51:01.450+0000][1692266][trace][gc,age      ] GC(52) - age  10:      26040 bytes,      54968 total
[2025-08-19T15:51:01.450+0000][1692266][trace][gc,age      ] GC(52) - age  11:      11344 bytes,      66312 total
[2025-08-19T15:51:01.450+0000][1692266][trace][gc,age      ] GC(52) - age  12:       1736 bytes,      68048 total
[2025-08-19T15:51:01.450+0000][1692266][info ][gc,heap     ] GC(52) Eden regions: 75->0(75)
[2025-08-19T15:51:01.450+0000][1692266][info ][gc,heap     ] GC(52) Survivor regions: 1->1(10)
[2025-08-19T15:51:01.450+0000][1692266][info ][gc,heap     ] GC(52) Old regions: 35->35
[2025-08-19T15:51:01.450+0000][1692266][info ][gc,heap     ] GC(52) Humongous regions: 0->0
[2025-08-19T15:51:01.450+0000][1692266][info ][gc,metaspace] GC(52) Metaspace: 143506K(147328K)->143506K(147328K) NonClass: 124037K(126080K)->124037K(126080K) Class: 19469K(21248K)->19469K(21248K)
[2025-08-19T15:51:01.450+0000][1692266][info ][gc          ] GC(52) Pause Young (Normal) (G1 Evacuation Pause) 436M->136M(512M) 3.873ms
[2025-08-19T15:51:01.450+0000][1692266][info ][gc,cpu      ] GC(52) User=0.00s Sys=0.01s Real=0.00s
[2025-08-19T15:51:01.450+0000][1692266][info ][safepoint   ] Safepoint "G1CollectForAllocation", Time since last: 143527877497 ns, Reaching safepoint: 7721 ns, Cleanup: 3215 ns, At safepoint: 3908873 ns, Total: 3919809 ns
[2025-08-19T15:58:24.516+0000][1692266][info ][gc,start    ] GC(53) Pause Young (Normal) (G1 Evacuation Pause)
[2025-08-19T15:58:24.525+0000][1692266][info ][gc,task     ] GC(53) Using 1 workers of 1 for evacuation
[2025-08-19T15:58:24.529+0000][1692266][debug][gc,age      ] GC(53) Desired survivor size 20971520 bytes, new threshold 15 (max threshold 15)
[2025-08-19T15:58:25.328+0000][1692266][info ][gc,mmu      ] GC(53) MMU target violated: 201.0ms (200.0ms/201.0ms)
[2025-08-19T15:58:25.328+0000][1692266][info ][gc,phases   ] GC(53)   Pre Evacuate Collection Set: 9.7ms
[2025-08-19T15:58:25.328+0000][1692266][info ][gc,phases   ] GC(53)   Merge Heap Roots: 4.7ms
[2025-08-19T15:58:25.328+0000][1692266][info ][gc,phases   ] GC(53)   Evacuate Collection Set: 669.9ms
[2025-08-19T15:58:25.328+0000][1692266][info ][gc,phases   ] GC(53)   Post Evacuate Collection Set: 109.9ms
[2025-08-19T15:58:25.328+0000][1692266][info ][gc,phases   ] GC(53)   Other: 11.6ms
[2025-08-19T15:58:25.328+0000][1692266][trace][gc,age      ] GC(53) Age table with threshold 15 (max threshold 15)
[2025-08-19T15:58:25.328+0000][1692266][trace][gc,age      ] GC(53) - age   1:      16080 bytes,      16080 total
[2025-08-19T15:58:25.328+0000][1692266][trace][gc,age      ] GC(53) - age   2:       3144 bytes,      19224 total
[2025-08-19T15:58:25.328+0000][1692266][trace][gc,age      ] GC(53) - age   3:        672 bytes,      19896 total
[2025-08-19T15:58:25.328+0000][1692266][trace][gc,age      ] GC(53) - age   4:        200 bytes,      20096 total
[2025-08-19T15:58:25.328+0000][1692266][trace][gc,age      ] GC(53) - age   5:        544 bytes,      20640 total
[2025-08-19T15:58:25.328+0000][1692266][trace][gc,age      ] GC(53) - age   6:       3784 bytes,      24424 total
[2025-08-19T15:58:25.328+0000][1692266][trace][gc,age      ] GC(53) - age   7:        184 bytes,      24608 total
[2025-08-19T15:58:25.328+0000][1692266][trace][gc,age      ] GC(53) - age   8:        152 bytes,      24760 total
[2025-08-19T15:58:25.328+0000][1692266][trace][gc,age      ] GC(53) - age   9:       5624 bytes,      30384 total
[2025-08-19T15:58:25.328+0000][1692266][trace][gc,age      ] GC(53) - age  10:         48 bytes,      30432 total
[2025-08-19T15:58:25.328+0000][1692266][trace][gc,age      ] GC(53) - age  11:      26040 bytes,      56472 total
[2025-08-19T15:58:25.328+0000][1692266][trace][gc,age      ] GC(53) - age  12:      11344 bytes,      67816 total
[2025-08-19T15:58:25.328+0000][1692266][trace][gc,age      ] GC(53) - age  13:       1736 bytes,      69552 total
[2025-08-19T15:58:25.329+0000][1692266][info ][gc,heap     ] GC(53) Eden regions: 75->0(13)
[2025-08-19T15:58:25.329+0000][1692266][info ][gc,heap     ] GC(53) Survivor regions: 1->1(10)
[2025-08-19T15:58:25.329+0000][1692266][info ][gc,heap     ] GC(53) Old regions: 35->35
[2025-08-19T15:58:25.329+0000][1692266][info ][gc,heap     ] GC(53) Humongous regions: 0->0
[2025-08-19T15:58:25.331+0000][1692266][info ][gc,metaspace] GC(53) Metaspace: 143506K(147328K)->143506K(147328K) NonClass: 124037K(126080K)->124037K(126080K) Class: 19469K(21248K)->19469K(21248K)
[2025-08-19T15:58:25.336+0000][1692266][info ][gc          ] GC(53) Pause Young (Normal) (G1 Evacuation Pause) 436M->136M(512M) 823.243ms
[2025-08-19T15:58:25.336+0000][1692266][info ][gc,cpu      ] GC(53) User=0.00s Sys=0.17s Real=0.83s
[2025-08-19T15:58:25.336+0000][1692266][info ][safepoint   ] Safepoint "G1CollectForAllocation", Time since last: 443050511661 ns, Reaching safepoint: 2122395 ns, Cleanup: 2848752 ns, At safepoint: 829909869 ns, Total: 834881016 ns
[2025-08-19T15:59:42.440+0000][1692266][info ][gc,start    ] GC(54) Pause Young (Normal) (G1 Evacuation Pause)
[2025-08-19T15:59:42.543+0000][1692266][info ][gc,task     ] GC(54) Using 1 workers of 1 for evacuation
[2025-08-19T15:59:42.543+0000][1692266][debug][gc,age      ] GC(54) Desired survivor size 4194304 bytes, new threshold 15 (max threshold 15)
[2025-08-19T15:59:44.778+0000][1692266][info ][gc,mmu      ] GC(54) MMU target violated: 201.0ms (200.0ms/201.0ms)
[2025-08-19T15:59:44.824+0000][1692266][info ][gc,phases   ] GC(54)   Pre Evacuate Collection Set: 11.1ms
[2025-08-19T15:59:44.824+0000][1692266][info ][gc,phases   ] GC(54)   Merge Heap Roots: 3.2ms
[2025-08-19T15:59:44.824+0000][1692266][info ][gc,phases   ] GC(54)   Evacuate Collection Set: 1615.8ms
[2025-08-19T15:59:44.824+0000][1692266][info ][gc,phases   ] GC(54)   Post Evacuate Collection Set: 580.9ms
[2025-08-19T15:59:44.824+0000][1692266][info ][gc,phases   ] GC(54)   Other: 52.3ms
[2025-08-19T15:59:44.824+0000][1692266][trace][gc,age      ] GC(54) Age table with threshold 15 (max threshold 15)
[2025-08-19T15:59:44.825+0000][1692266][trace][gc,age      ] GC(54) - age   1:      17184 bytes,      17184 total
[2025-08-19T15:59:44.825+0000][1692266][trace][gc,age      ] GC(54) - age   2:       2248 bytes,      19432 total
[2025-08-19T15:59:44.825+0000][1692266][trace][gc,age      ] GC(54) - age   3:       3144 bytes,      22576 total
[2025-08-19T15:59:44.825+0000][1692266][trace][gc,age      ] GC(54) - age   4:        672 bytes,      23248 total
[2025-08-19T15:59:44.825+0000][1692266][trace][gc,age      ] GC(54) - age   5:        200 bytes,      23448 total
[2025-08-19T15:59:44.825+0000][1692266][trace][gc,age      ] GC(54) - age   6:        544 bytes,      23992 total
[2025-08-19T15:59:44.825+0000][1692266][trace][gc,age      ] GC(54) - age   7:       3784 bytes,      27776 total
[2025-08-19T15:59:44.825+0000][1692266][trace][gc,age      ] GC(54) - age   8:        184 bytes,      27960 total
[2025-08-19T15:59:44.825+0000][1692266][trace][gc,age      ] GC(54) - age   9:        152 bytes,      28112 total
[2025-08-19T15:59:44.825+0000][1692266][trace][gc,age      ] GC(54) - age  10:       5624 bytes,      33736 total
[2025-08-19T15:59:44.825+0000][1692266][trace][gc,age      ] GC(54) - age  11:         48 bytes,      33784 total
[2025-08-19T15:59:44.825+0000][1692266][trace][gc,age      ] GC(54) - age  12:      26040 bytes,      59824 total
[2025-08-19T15:59:44.825+0000][1692266][trace][gc,age      ] GC(54) - age  13:      11344 bytes,      71168 total
[2025-08-19T15:59:44.825+0000][1692266][trace][gc,age      ] GC(54) - age  14:       1736 bytes,      72904 total
[2025-08-19T15:59:44.825+0000][1692266][info ][gc,heap     ] GC(54) Eden regions: 13->0(5)
[2025-08-19T15:59:44.825+0000][1692266][info ][gc,heap     ] GC(54) Survivor regions: 1->1(2)
[2025-08-19T15:59:44.825+0000][1692266][info ][gc,heap     ] GC(54) Old regions: 35->35
[2025-08-19T15:59:44.825+0000][1692266][info ][gc,heap     ] GC(54) Humongous regions: 0->0
[2025-08-19T15:59:44.825+0000][1692266][info ][gc,metaspace] GC(54) Metaspace: 143508K(147328K)->143508K(147328K) NonClass: 124038K(126080K)->124038K(126080K) Class: 19470K(21248K)->19470K(21248K)
[2025-08-19T15:59:44.825+0000][1692266][info ][gc          ] GC(54) Pause Young (Normal) (G1 Evacuation Pause) 188M->136M(512M) 2384.879ms
[2025-08-19T15:59:44.825+0000][1692266][info ][gc,cpu      ] GC(54) User=0.01s Sys=0.43s Real=2.38s
[2025-08-19T15:59:44.825+0000][1692266][info ][safepoint   ] Safepoint "G1CollectForAllocation", Time since last: 77059681395 ns, Reaching safepoint: 3041263 ns, Cleanup: 4817284 ns, At safepoint: 2421542452 ns, Total: 2429400999 ns
[2025-08-19T16:00:13.501+0000][1692266][info ][gc,start    ] GC(55) Pause Young (Normal) (G1 Evacuation Pause)
[2025-08-19T16:00:13.501+0000][1692266][info ][gc,task     ] GC(55) Using 1 workers of 1 for evacuation
[2025-08-19T16:00:13.503+0000][1692266][debug][gc,age      ] GC(55) Desired survivor size 2097152 bytes, new threshold 15 (max threshold 15)
[2025-08-19T16:00:13.583+0000][1692266][info ][gc,phases   ] GC(55)   Pre Evacuate Collection Set: 0.3ms
[2025-08-19T16:00:13.583+0000][1692266][info ][gc,phases   ] GC(55)   Merge Heap Roots: 0.6ms
[2025-08-19T16:00:13.583+0000][1692266][info ][gc,phases   ] GC(55)   Evacuate Collection Set: 72.4ms
[2025-08-19T16:00:13.583+0000][1692266][info ][gc,phases   ] GC(55)   Post Evacuate Collection Set: 6.3ms
[2025-08-19T16:00:13.583+0000][1692266][info ][gc,phases   ] GC(55)   Other: 2.0ms
[2025-08-19T16:00:13.583+0000][1692266][trace][gc,age      ] GC(55) Age table with threshold 15 (max threshold 15)
[2025-08-19T16:00:13.583+0000][1692266][trace][gc,age      ] GC(55) - age   1:      99944 bytes,      99944 total
[2025-08-19T16:00:13.583+0000][1692266][trace][gc,age      ] GC(55) - age   2:       4184 bytes,     104128 total
[2025-08-19T16:00:13.583+0000][1692266][trace][gc,age      ] GC(55) - age   3:       2040 bytes,     106168 total
[2025-08-19T16:00:13.583+0000][1692266][trace][gc,age      ] GC(55) - age   4:       3144 bytes,     109312 total
[2025-08-19T16:00:13.583+0000][1692266][trace][gc,age      ] GC(55) - age   5:        672 bytes,     109984 total
[2025-08-19T16:00:13.583+0000][1692266][trace][gc,age      ] GC(55) - age   6:        200 bytes,     110184 total
[2025-08-19T16:00:13.583+0000][1692266][trace][gc,age      ] GC(55) - age   7:        544 bytes,     110728 total
[2025-08-19T16:00:13.583+0000][1692266][trace][gc,age      ] GC(55) - age   8:       3784 bytes,     114512 total
[2025-08-19T16:00:13.583+0000][1692266][trace][gc,age      ] GC(55) - age   9:        184 bytes,     114696 total
[2025-08-19T16:00:13.583+0000][1692266][trace][gc,age      ] GC(55) - age  10:        152 bytes,     114848 total
[2025-08-19T16:00:13.583+0000][1692266][trace][gc,age      ] GC(55) - age  11:       5624 bytes,     120472 total
[2025-08-19T16:00:13.583+0000][1692266][trace][gc,age      ] GC(55) - age  12:         48 bytes,     120520 total
[2025-08-19T16:00:13.583+0000][1692266][trace][gc,age      ] GC(55) - age  13:      26040 bytes,     146560 total
[2025-08-19T16:00:13.583+0000][1692266][trace][gc,age      ] GC(55) - age  14:      11344 bytes,     157904 total
[2025-08-19T16:00:13.583+0000][1692266][trace][gc,age      ] GC(55) - age  15:       1736 bytes,     159640 total
[2025-08-19T16:00:13.583+0000][1692266][info ][gc,heap     ] GC(55) Eden regions: 5->0(5)
[2025-08-19T16:00:13.583+0000][1692266][info ][gc,heap     ] GC(55) Survivor regions: 1->1(1)
[2025-08-19T16:00:13.583+0000][1692266][info ][gc,heap     ] GC(55) Old regions: 35->35
[2025-08-19T16:00:13.583+0000][1692266][info ][gc,heap     ] GC(55) Humongous regions: 0->0
[2025-08-19T16:00:13.583+0000][1692266][info ][gc,metaspace] GC(55) Metaspace: 143509K(147328K)->143509K(147328K) NonClass: 124039K(126080K)->124039K(126080K) Class: 19470K(21248K)->19470K(21248K)
[2025-08-19T16:00:13.583+0000][1692266][info ][gc          ] GC(55) Pause Young (Normal) (G1 Evacuation Pause) 156M->136M(512M) 81.960ms
[2025-08-19T16:00:13.584+0000][1692266][info ][gc,cpu      ] GC(55) User=0.01s Sys=0.02s Real=0.08s
[2025-08-19T16:00:13.584+0000][1692266][info ][safepoint   ] Safepoint "G1CollectForAllocation", Time since last: 28676210695 ns, Reaching safepoint: 16475 ns, Cleanup: 4908 ns, At safepoint: 82488860 ns, Total: 82510243 ns
[2025-08-19T16:00:43.674+0000][1692266][info ][gc,start    ] GC(56) Pause Young (Normal) (G1 Evacuation Pause)
[2025-08-19T16:00:43.674+0000][1692266][info ][gc,task     ] GC(56) Using 1 workers of 1 for evacuation
[2025-08-19T16:00:43.674+0000][1692266][debug][gc,age      ] GC(56) Desired survivor size 2097152 bytes, new threshold 15 (max threshold 15)
[2025-08-19T16:00:44.215+0000][1692266][info ][gc,mmu      ] GC(56) MMU target violated: 201.0ms (200.0ms/201.0ms)
[2025-08-19T16:00:44.215+0000][1692266][info ][gc,phases   ] GC(56)   Pre Evacuate Collection Set: 29.6ms
[2025-08-19T16:00:44.215+0000][1692266][info ][gc,phases   ] GC(56)   Merge Heap Roots: 1.4ms
[2025-08-19T16:00:44.215+0000][1692266][info ][gc,phases   ] GC(56)   Evacuate Collection Set: 498.8ms
[2025-08-19T16:00:44.215+0000][1692266][info ][gc,phases   ] GC(56)   Post Evacuate Collection Set: 9.2ms
[2025-08-19T16:00:44.215+0000][1692266][info ][gc,phases   ] GC(56)   Other: 2.2ms
[2025-08-19T16:00:44.215+0000][1692266][trace][gc,age      ] GC(56) Age table with threshold 15 (max threshold 15)
[2025-08-19T16:00:44.215+0000][1692266][trace][gc,age      ] GC(56) - age   1:      12568 bytes,      12568 total
[2025-08-19T16:00:44.215+0000][1692266][trace][gc,age      ] GC(56) - age   2:        832 bytes,      13400 total
[2025-08-19T16:00:44.215+0000][1692266][trace][gc,age      ] GC(56) - age   3:       4008 bytes,      17408 total
[2025-08-19T16:00:44.215+0000][1692266][trace][gc,age      ] GC(56) - age   4:       2040 bytes,      19448 total
[2025-08-19T16:00:44.215+0000][1692266][trace][gc,age      ] GC(56) - age   5:       3144 bytes,      22592 total
[2025-08-19T16:00:44.215+0000][1692266][trace][gc,age      ] GC(56) - age   6:        672 bytes,      23264 total
[2025-08-19T16:00:44.215+0000][1692266][trace][gc,age      ] GC(56) - age   7:        200 bytes,      23464 total
[2025-08-19T16:00:44.215+0000][1692266][trace][gc,age      ] GC(56) - age   8:        544 bytes,      24008 total
[2025-08-19T16:00:44.215+0000][1692266][trace][gc,age      ] GC(56) - age   9:       3784 bytes,      27792 total
[2025-08-19T16:00:44.215+0000][1692266][trace][gc,age      ] GC(56) - age  10:        184 bytes,      27976 total
[2025-08-19T16:00:44.215+0000][1692266][trace][gc,age      ] GC(56) - age  11:        152 bytes,      28128 total
[2025-08-19T16:00:44.215+0000][1692266][trace][gc,age      ] GC(56) - age  12:       5624 bytes,      33752 total
[2025-08-19T16:00:44.215+0000][1692266][trace][gc,age      ] GC(56) - age  13:         48 bytes,      33800 total
[2025-08-19T16:00:44.215+0000][1692266][trace][gc,age      ] GC(56) - age  14:      26040 bytes,      59840 total
[2025-08-19T16:00:44.215+0000][1692266][trace][gc,age      ] GC(56) - age  15:      11344 bytes,      71184 total
[2025-08-19T16:00:44.215+0000][1692266][info ][gc,heap     ] GC(56) Eden regions: 5->0(5)
[2025-08-19T16:00:44.215+0000][1692266][info ][gc,heap     ] GC(56) Survivor regions: 1->1(1)
[2025-08-19T16:00:44.215+0000][1692266][info ][gc,heap     ] GC(56) Old regions: 35->35
[2025-08-19T16:00:44.215+0000][1692266][info ][gc,heap     ] GC(56) Humongous regions: 0->0
[2025-08-19T16:00:44.215+0000][1692266][info ][gc,metaspace] GC(56) Metaspace: 143509K(147328K)->143509K(147328K) NonClass: 124039K(126080K)->124039K(126080K) Class: 19470K(21248K)->19470K(21248K)
[2025-08-19T16:00:44.215+0000][1692266][info ][gc          ] GC(56) Pause Young (Normal) (G1 Evacuation Pause) 156M->136M(512M) 541.568ms
[2025-08-19T16:00:44.216+0000][1692266][info ][gc,cpu      ] GC(56) User=0.00s Sys=0.09s Real=0.55s
[2025-08-19T16:00:44.216+0000][1692266][info ][safepoint   ] Safepoint "G1CollectForAllocation", Time since last: 30083765845 ns, Reaching safepoint: 6291350 ns, Cleanup: 5198 ns, At safepoint: 542050227 ns, Total: 548346775 ns
[2025-08-19T16:00:45.216+0000][1692266][info ][safepoint   ] Safepoint "Cleanup", Time since last: 1000077397 ns, Reaching safepoint: 7151 ns, Cleanup: 11137 ns, At safepoint: 2343 ns, Total: 20631 ns
[2025-08-19T16:01:13.403+0000][1692266][info ][gc,start    ] GC(57) Pause Young (Normal) (G1 Evacuation Pause)
[2025-08-19T16:01:13.417+0000][1692266][info ][gc,task     ] GC(57) Using 1 workers of 1 for evacuation
[2025-08-19T16:01:13.451+0000][1692266][debug][gc,age      ] GC(57) Desired survivor size 2097152 bytes, new threshold 15 (max threshold 15)
[2025-08-19T16:01:13.795+0000][1692266][info ][gc,mmu      ] GC(57) MMU target violated: 201.0ms (200.0ms/201.0ms)
[2025-08-19T16:01:13.838+0000][1692266][info ][gc,phases   ] GC(57)   Pre Evacuate Collection Set: 1.7ms
[2025-08-19T16:01:13.838+0000][1692266][info ][gc,phases   ] GC(57)   Merge Heap Roots: 0.4ms
[2025-08-19T16:01:13.838+0000][1692266][info ][gc,phases   ] GC(57)   Evacuate Collection Set: 308.2ms
[2025-08-19T16:01:13.838+0000][1692266][info ][gc,phases   ] GC(57)   Post Evacuate Collection Set: 26.8ms
[2025-08-19T16:01:13.839+0000][1692266][info ][gc,phases   ] GC(57)   Other: 43.7ms
[2025-08-19T16:01:13.839+0000][1692266][trace][gc,age      ] GC(57) Age table with threshold 15 (max threshold 15)
[2025-08-19T16:01:13.839+0000][1692266][trace][gc,age      ] GC(57) - age   1:      12128 bytes,      12128 total
[2025-08-19T16:01:13.839+0000][1692266][trace][gc,age      ] GC(57) - age   2:        176 bytes,      12304 total
[2025-08-19T16:01:13.839+0000][1692266][trace][gc,age      ] GC(57) - age   3:        272 bytes,      12576 total
[2025-08-19T16:01:13.839+0000][1692266][trace][gc,age      ] GC(57) - age   4:       4008 bytes,      16584 total
[2025-08-19T16:01:13.839+0000][1692266][trace][gc,age      ] GC(57) - age   5:       2008 bytes,      18592 total
[2025-08-19T16:01:13.839+0000][1692266][trace][gc,age      ] GC(57) - age   6:       3144 bytes,      21736 total
[2025-08-19T16:01:13.839+0000][1692266][trace][gc,age      ] GC(57) - age   7:        672 bytes,      22408 total
[2025-08-19T16:01:13.839+0000][1692266][trace][gc,age      ] GC(57) - age   8:        200 bytes,      22608 total
[2025-08-19T16:01:13.839+0000][1692266][trace][gc,age      ] GC(57) - age   9:        544 bytes,      23152 total
[2025-08-19T16:01:13.839+0000][1692266][trace][gc,age      ] GC(57) - age  10:       3784 bytes,      26936 total
[2025-08-19T16:01:13.839+0000][1692266][trace][gc,age      ] GC(57) - age  11:        184 bytes,      27120 total
[2025-08-19T16:01:13.839+0000][1692266][trace][gc,age      ] GC(57) - age  12:        152 bytes,      27272 total
[2025-08-19T16:01:13.839+0000][1692266][trace][gc,age      ] GC(57) - age  13:       5624 bytes,      32896 total
[2025-08-19T16:01:13.839+0000][1692266][trace][gc,age      ] GC(57) - age  14:         48 bytes,      32944 total
[2025-08-19T16:01:13.839+0000][1692266][trace][gc,age      ] GC(57) - age  15:      26040 bytes,      58984 total
[2025-08-19T16:01:13.839+0000][1692266][info ][gc,heap     ] GC(57) Eden regions: 5->0(5)
[2025-08-19T16:01:13.839+0000][1692266][info ][gc,heap     ] GC(57) Survivor regions: 1->1(1)
[2025-08-19T16:01:13.839+0000][1692266][info ][gc,heap     ] GC(57) Old regions: 35->35
[2025-08-19T16:01:13.839+0000][1692266][info ][gc,heap     ] GC(57) Humongous regions: 0->0
[2025-08-19T16:01:13.839+0000][1692266][info ][gc,metaspace] GC(57) Metaspace: 143509K(147328K)->143509K(147328K) NonClass: 124039K(126080K)->124039K(126080K) Class: 19470K(21248K)->19470K(21248K)
[2025-08-19T16:01:13.839+0000][1692266][info ][gc          ] GC(57) Pause Young (Normal) (G1 Evacuation Pause) 156M->136M(512M) 436.487ms
[2025-08-19T16:01:13.839+0000][1692266][info ][gc,cpu      ] GC(57) User=0.00s Sys=0.07s Real=0.44s
[2025-08-19T16:01:13.839+0000][1692266][info ][safepoint   ] Safepoint "G1CollectForAllocation", Time since last: 28164011578 ns, Reaching safepoint: 321616 ns, Cleanup: 10625916 ns, At safepoint: 448317217 ns, Total: 459264749 ns
[2025-08-19T16:01:43.611+0000][1692266][info ][gc,start    ] GC(58) Pause Young (Normal) (G1 Evacuation Pause)
[2025-08-19T16:01:43.612+0000][1692266][info ][gc,task     ] GC(58) Using 1 workers of 1 for evacuation
[2025-08-19T16:01:43.612+0000][1692266][debug][gc,age      ] GC(58) Desired survivor size 2097152 bytes, new threshold 15 (max threshold 15)
[2025-08-19T16:01:44.586+0000][1692266][info ][gc,mmu      ] GC(58) MMU target violated: 201.0ms (200.0ms/201.0ms)
[2025-08-19T16:01:44.586+0000][1692266][info ][gc,phases   ] GC(58)   Pre Evacuate Collection Set: 28.3ms
[2025-08-19T16:01:44.586+0000][1692266][info ][gc,phases   ] GC(58)   Merge Heap Roots: 22.2ms
[2025-08-19T16:01:44.586+0000][1692266][info ][gc,phases   ] GC(58)   Evacuate Collection Set: 456.1ms
[2025-08-19T16:01:44.586+0000][1692266][info ][gc,phases   ] GC(58)   Post Evacuate Collection Set: 467.2ms
[2025-08-19T16:01:44.586+0000][1692266][info ][gc,phases   ] GC(58)   Other: 0.9ms
[2025-08-19T16:01:44.586+0000][1692266][trace][gc,age      ] GC(58) Age table with threshold 15 (max threshold 15)
[2025-08-19T16:01:44.586+0000][1692266][trace][gc,age      ] GC(58) - age   1:      12784 bytes,      12784 total
[2025-08-19T16:01:44.586+0000][1692266][trace][gc,age      ] GC(58) - age   2:        592 bytes,      13376 total
[2025-08-19T16:01:44.586+0000][1692266][trace][gc,age      ] GC(58) - age   4:        272 bytes,      13648 total
[2025-08-19T16:01:44.586+0000][1692266][trace][gc,age      ] GC(58) - age   5:       4008 bytes,      17656 total
[2025-08-19T16:01:44.586+0000][1692266][trace][gc,age      ] GC(58) - age   6:       1792 bytes,      19448 total
[2025-08-19T16:01:44.586+0000][1692266][trace][gc,age      ] GC(58) - age   7:       3144 bytes,      22592 total
[2025-08-19T16:01:44.586+0000][1692266][trace][gc,age      ] GC(58) - age   8:        672 bytes,      23264 total
[2025-08-19T16:01:44.586+0000][1692266][trace][gc,age      ] GC(58) - age   9:        200 bytes,      23464 total
[2025-08-19T16:01:44.586+0000][1692266][trace][gc,age      ] GC(58) - age  10:        544 bytes,      24008 total
[2025-08-19T16:01:44.586+0000][1692266][trace][gc,age      ] GC(58) - age  11:       3784 bytes,      27792 total
[2025-08-19T16:01:44.586+0000][1692266][trace][gc,age      ] GC(58) - age  12:        184 bytes,      27976 total
[2025-08-19T16:01:44.586+0000][1692266][trace][gc,age      ] GC(58) - age  13:        152 bytes,      28128 total
[2025-08-19T16:01:44.586+0000][1692266][trace][gc,age      ] GC(58) - age  14:       5624 bytes,      33752 total
[2025-08-19T16:01:44.586+0000][1692266][trace][gc,age      ] GC(58) - age  15:         48 bytes,      33800 total
[2025-08-19T16:01:44.586+0000][1692266][info ][gc,heap     ] GC(58) Eden regions: 5->0(5)
[2025-08-19T16:01:44.586+0000][1692266][info ][gc,heap     ] GC(58) Survivor regions: 1->1(1)
[2025-08-19T16:01:44.586+0000][1692266][info ][gc,heap     ] GC(58) Old regions: 35->35
[2025-08-19T16:01:44.586+0000][1692266][info ][gc,heap     ] GC(58) Humongous regions: 0->0
[2025-08-19T16:01:44.588+0000][1692266][info ][gc,metaspace] GC(58) Metaspace: 143509K(147328K)->143509K(147328K) NonClass: 124039K(126080K)->124039K(126080K) Class: 19470K(21248K)->19470K(21248K)
[2025-08-19T16:01:44.588+0000][1692266][info ][gc          ] GC(58) Pause Young (Normal) (G1 Evacuation Pause) 156M->136M(512M) 976.944ms
[2025-08-19T16:01:44.588+0000][1692266][info ][gc,cpu      ] GC(58) User=0.02s Sys=0.15s Real=0.98s
[2025-08-19T16:01:44.590+0000][1692266][info ][safepoint   ] Safepoint "G1CollectForAllocation", Time since last: 29770871947 ns, Reaching safepoint: 1215675 ns, Cleanup: 4958 ns, At safepoint: 979009040 ns, Total: 980229673 ns
[2025-08-19T16:02:13.844+0000][1692266][info ][gc,start    ] GC(59) Pause Young (Normal) (G1 Evacuation Pause)
[2025-08-19T16:02:13.844+0000][1692266][info ][gc,task     ] GC(59) Using 1 workers of 1 for evacuation
[2025-08-19T16:02:13.844+0000][1692266][debug][gc,age      ] GC(59) Desired survivor size 2097152 bytes, new threshold 15 (max threshold 15)
[2025-08-19T16:02:14.120+0000][1692266][info ][gc,mmu      ] GC(59) MMU target violated: 201.0ms (200.0ms/201.0ms)
[2025-08-19T16:02:14.120+0000][1692266][info ][gc,phases   ] GC(59)   Pre Evacuate Collection Set: 2.1ms
[2025-08-19T16:02:14.120+0000][1692266][info ][gc,phases   ] GC(59)   Merge Heap Roots: 29.2ms
[2025-08-19T16:02:14.120+0000][1692266][info ][gc,phases   ] GC(59)   Evacuate Collection Set: 156.5ms
[2025-08-19T16:02:14.120+0000][1692266][info ][gc,phases   ] GC(59)   Post Evacuate Collection Set: 88.6ms
[2025-08-19T16:02:14.120+0000][1692266][info ][gc,phases   ] GC(59)   Other: 0.1ms
[2025-08-19T16:02:14.120+0000][1692266][trace][gc,age      ] GC(59) Age table with threshold 15 (max threshold 15)
[2025-08-19T16:02:14.120+0000][1692266][trace][gc,age      ] GC(59) - age   1:      15224 bytes,      15224 total
[2025-08-19T16:02:14.120+0000][1692266][trace][gc,age      ] GC(59) - age   2:       1064 bytes,      16288 total
[2025-08-19T16:02:14.120+0000][1692266][trace][gc,age      ] GC(59) - age   3:         32 bytes,      16320 total
[2025-08-19T16:02:14.120+0000][1692266][trace][gc,age      ] GC(59) - age   5:         96 bytes,      16416 total
[2025-08-19T16:02:14.120+0000][1692266][trace][gc,age      ] GC(59) - age   6:       3976 bytes,      20392 total
[2025-08-19T16:02:14.120+0000][1692266][trace][gc,age      ] GC(59) - age   7:         96 bytes,      20488 total
[2025-08-19T16:02:14.120+0000][1692266][trace][gc,age      ] GC(59) - age   8:       2592 bytes,      23080 total
[2025-08-19T16:02:14.120+0000][1692266][trace][gc,age      ] GC(59) - age   9:        672 bytes,      23752 total
[2025-08-19T16:02:14.120+0000][1692266][trace][gc,age      ] GC(59) - age  10:        200 bytes,      23952 total
[2025-08-19T16:02:14.120+0000][1692266][trace][gc,age      ] GC(59) - age  11:        544 bytes,      24496 total
[2025-08-19T16:02:14.120+0000][1692266][trace][gc,age      ] GC(59) - age  12:       3784 bytes,      28280 total
[2025-08-19T16:02:14.120+0000][1692266][trace][gc,age      ] GC(59) - age  13:        184 bytes,      28464 total
[2025-08-19T16:02:14.120+0000][1692266][trace][gc,age      ] GC(59) - age  14:        152 bytes,      28616 total
[2025-08-19T16:02:14.120+0000][1692266][trace][gc,age      ] GC(59) - age  15:       5624 bytes,      34240 total
[2025-08-19T16:02:14.120+0000][1692266][info ][gc,heap     ] GC(59) Eden regions: 5->0(5)
[2025-08-19T16:02:14.120+0000][1692266][info ][gc,heap     ] GC(59) Survivor regions: 1->1(1)
[2025-08-19T16:02:14.120+0000][1692266][info ][gc,heap     ] GC(59) Old regions: 35->35
[2025-08-19T16:02:14.120+0000][1692266][info ][gc,heap     ] GC(59) Humongous regions: 0->0
[2025-08-19T16:02:14.120+0000][1692266][info ][gc,metaspace] GC(59) Metaspace: 143517K(147328K)->143517K(147328K) NonClass: 124046K(126080K)->124046K(126080K) Class: 19470K(21248K)->19470K(21248K)
[2025-08-19T16:02:14.120+0000][1692266][info ][gc          ] GC(59) Pause Young (Normal) (G1 Evacuation Pause) 156M->136M(512M) 276.788ms
[2025-08-19T16:02:14.121+0000][1692266][info ][gc,cpu      ] GC(59) User=0.00s Sys=0.04s Real=0.28s
[2025-08-19T16:02:14.121+0000][1692266][info ][safepoint   ] Safepoint "G1CollectForAllocation", Time since last: 29252831860 ns, Reaching safepoint: 523020 ns, Cleanup: 4587 ns, At safepoint: 277346745 ns, Total: 277874352 ns
[2025-08-19T16:02:43.546+0000][1692266][info ][gc,start    ] GC(60) Pause Young (Normal) (G1 Evacuation Pause)
[2025-08-19T16:02:43.550+0000][1692266][info ][gc,task     ] GC(60) Using 1 workers of 1 for evacuation
[2025-08-19T16:02:43.550+0000][1692266][debug][gc,age      ] GC(60) Desired survivor size 2097152 bytes, new threshold 15 (max threshold 15)
[2025-08-19T16:02:44.831+0000][1692266][info ][gc,mmu      ] GC(60) MMU target violated: 201.0ms (200.0ms/201.0ms)
[2025-08-19T16:02:44.833+0000][1692266][info ][gc,phases   ] GC(60)   Pre Evacuate Collection Set: 143.4ms
[2025-08-19T16:02:44.833+0000][1692266][info ][gc,phases   ] GC(60)   Merge Heap Roots: 0.4ms
[2025-08-19T16:02:44.833+0000][1692266][info ][gc,phases   ] GC(60)   Evacuate Collection Set: 887.6ms
[2025-08-19T16:02:44.833+0000][1692266][info ][gc,phases   ] GC(60)   Post Evacuate Collection Set: 224.3ms
[2025-08-19T16:02:44.833+0000][1692266][info ][gc,phases   ] GC(60)   Other: 26.7ms
[2025-08-19T16:02:44.833+0000][1692266][trace][gc,age      ] GC(60) Age table with threshold 15 (max threshold 15)
[2025-08-19T16:02:44.833+0000][1692266][trace][gc,age      ] GC(60) - age   1:      11712 bytes,      11712 total
[2025-08-19T16:02:44.833+0000][1692266][trace][gc,age      ] GC(60) - age   2:       2824 bytes,      14536 total
[2025-08-19T16:02:44.833+0000][1692266][trace][gc,age      ] GC(60) - age   3:        888 bytes,      15424 total
[2025-08-19T16:02:44.833+0000][1692266][trace][gc,age      ] GC(60) - age   4:         32 bytes,      15456 total
[2025-08-19T16:02:44.833+0000][1692266][trace][gc,age      ] GC(60) - age   6:         96 bytes,      15552 total
[2025-08-19T16:02:44.833+0000][1692266][trace][gc,age      ] GC(60) - age   7:       3976 bytes,      19528 total
[2025-08-19T16:02:44.833+0000][1692266][trace][gc,age      ] GC(60) - age   8:         96 bytes,      19624 total
[2025-08-19T16:02:44.833+0000][1692266][trace][gc,age      ] GC(60) - age   9:       2592 bytes,      22216 total
[2025-08-19T16:02:44.833+0000][1692266][trace][gc,age      ] GC(60) - age  10:        672 bytes,      22888 total
[2025-08-19T16:02:44.833+0000][1692266][trace][gc,age      ] GC(60) - age  11:        200 bytes,      23088 total
[2025-08-19T16:02:44.833+0000][1692266][trace][gc,age      ] GC(60) - age  12:        544 bytes,      23632 total
[2025-08-19T16:02:44.833+0000][1692266][trace][gc,age      ] GC(60) - age  13:       3784 bytes,      27416 total
[2025-08-19T16:02:44.833+0000][1692266][trace][gc,age      ] GC(60) - age  14:        184 bytes,      27600 total
[2025-08-19T16:02:44.833+0000][1692266][trace][gc,age      ] GC(60) - age  15:        152 bytes,      27752 total
[2025-08-19T16:02:44.833+0000][1692266][info ][gc,heap     ] GC(60) Eden regions: 5->0(5)
[2025-08-19T16:02:44.833+0000][1692266][info ][gc,heap     ] GC(60) Survivor regions: 1->1(1)
[2025-08-19T16:02:44.833+0000][1692266][info ][gc,heap     ] GC(60) Old regions: 35->35
[2025-08-19T16:02:44.833+0000][1692266][info ][gc,heap     ] GC(60) Humongous regions: 0->0
[2025-08-19T16:02:44.833+0000][1692266][info ][gc,metaspace] GC(60) Metaspace: 143517K(147328K)->143517K(147328K) NonClass: 124046K(126080K)->124046K(126080K) Class: 19470K(21248K)->19470K(21248K)
[2025-08-19T16:02:44.836+0000][1692266][info ][gc          ] GC(60) Pause Young (Normal) (G1 Evacuation Pause) 156M->136M(512M) 1337.301ms
[2025-08-19T16:02:44.836+0000][1692266][info ][gc,cpu      ] GC(60) User=0.00s Sys=0.30s Real=1.34s
[2025-08-19T16:02:44.836+0000][1692266][info ][safepoint   ] Safepoint "G1CollectForAllocation", Time since last: 29272208030 ns, Reaching safepoint: 11466286 ns, Cleanup: 89312615 ns, At safepoint: 1342084459 ns, Total: 1442863360 ns
[2025-08-19T16:03:14.352+0000][1692266][info ][gc,start    ] GC(61) Pause Young (Normal) (G1 Evacuation Pause)
[2025-08-19T16:03:14.359+0000][1692266][info ][gc,task     ] GC(61) Using 1 workers of 1 for evacuation
[2025-08-19T16:03:14.360+0000][1692266][debug][gc,age      ] GC(61) Desired survivor size 2097152 bytes, new threshold 15 (max threshold 15)
[2025-08-19T16:03:15.765+0000][1692266][info ][gc,mmu      ] GC(61) MMU target violated: 201.0ms (200.0ms/201.0ms)
[2025-08-19T16:03:15.765+0000][1692266][info ][gc,phases   ] GC(61)   Pre Evacuate Collection Set: 3.9ms
[2025-08-19T16:03:15.765+0000][1692266][info ][gc,phases   ] GC(61)   Merge Heap Roots: 2.2ms
[2025-08-19T16:03:15.765+0000][1692266][info ][gc,phases   ] GC(61)   Evacuate Collection Set: 953.8ms
[2025-08-19T16:03:15.765+0000][1692266][info ][gc,phases   ] GC(61)   Post Evacuate Collection Set: 411.6ms
[2025-08-19T16:03:15.766+0000][1692266][info ][gc,phases   ] GC(61)   Other: 34.8ms
[2025-08-19T16:03:15.766+0000][1692266][trace][gc,age      ] GC(61) Age table with threshold 15 (max threshold 15)
[2025-08-19T16:03:15.767+0000][1692266][trace][gc,age      ] GC(61) - age   1:      82808 bytes,      82808 total
[2025-08-19T16:03:15.767+0000][1692266][trace][gc,age      ] GC(61) - age   2:        176 bytes,      82984 total
[2025-08-19T16:03:15.767+0000][1692266][trace][gc,age      ] GC(61) - age   3:       1712 bytes,      84696 total
[2025-08-19T16:03:15.767+0000][1692266][trace][gc,age      ] GC(61) - age   4:        888 bytes,      85584 total
[2025-08-19T16:03:15.767+0000][1692266][trace][gc,age      ] GC(61) - age   5:         32 bytes,      85616 total
[2025-08-19T16:03:15.767+0000][1692266][trace][gc,age      ] GC(61) - age   7:         64 bytes,      85680 total
[2025-08-19T16:03:15.767+0000][1692266][trace][gc,age      ] GC(61) - age   8:       3976 bytes,      89656 total
[2025-08-19T16:03:15.767+0000][1692266][trace][gc,age      ] GC(61) - age   9:         64 bytes,      89720 total
[2025-08-19T16:03:15.767+0000][1692266][trace][gc,age      ] GC(61) - age  10:       2592 bytes,      92312 total
[2025-08-19T16:03:15.767+0000][1692266][trace][gc,age      ] GC(61) - age  11:        672 bytes,      92984 total
[2025-08-19T16:03:15.767+0000][1692266][trace][gc,age      ] GC(61) - age  12:        200 bytes,      93184 total
[2025-08-19T16:03:15.767+0000][1692266][trace][gc,age      ] GC(61) - age  13:        544 bytes,      93728 total
[2025-08-19T16:03:15.767+0000][1692266][trace][gc,age      ] GC(61) - age  14:       3784 bytes,      97512 total
[2025-08-19T16:03:15.767+0000][1692266][trace][gc,age      ] GC(61) - age  15:        184 bytes,      97696 total
[2025-08-19T16:03:15.767+0000][1692266][info ][gc,heap     ] GC(61) Eden regions: 5->0(5)
[2025-08-19T16:03:15.767+0000][1692266][info ][gc,heap     ] GC(61) Survivor regions: 1->1(1)
[2025-08-19T16:03:15.767+0000][1692266][info ][gc,heap     ] GC(61) Old regions: 35->35
[2025-08-19T16:03:15.767+0000][1692266][info ][gc,heap     ] GC(61) Humongous regions: 0->0
[2025-08-19T16:03:15.768+0000][1692266][info ][gc,metaspace] GC(61) Metaspace: 143517K(147328K)->143517K(147328K) NonClass: 124046K(126080K)->124046K(126080K) Class: 19470K(21248K)->19470K(21248K)
[2025-08-19T16:03:15.771+0000][1692266][info ][gc          ] GC(61) Pause Young (Normal) (G1 Evacuation Pause) 156M->136M(512M) 1419.372ms
[2025-08-19T16:03:15.771+0000][1692266][info ][gc,cpu      ] GC(61) User=0.00s Sys=0.26s Real=1.42s
[2025-08-19T16:03:15.771+0000][1692266][info ][safepoint   ] Safepoint "G1CollectForAllocation", Time since last: 29513233073 ns, Reaching safepoint: 91048 ns, Cleanup: 2466234 ns, At safepoint: 1419647321 ns, Total: 1422204603 ns
[2025-08-19T16:03:45.257+0000][1692266][info ][gc,start    ] GC(62) Pause Young (Normal) (G1 Evacuation Pause)
[2025-08-19T16:03:45.262+0000][1692266][info ][gc,task     ] GC(62) Using 1 workers of 1 for evacuation
[2025-08-19T16:03:45.264+0000][1692266][debug][gc,age      ] GC(62) Desired survivor size 2097152 bytes, new threshold 15 (max threshold 15)
[2025-08-19T16:03:45.948+0000][1692266][info ][gc,mmu      ] GC(62) MMU target violated: 201.0ms (200.0ms/201.0ms)
[2025-08-19T16:03:45.949+0000][1692266][info ][gc,phases   ] GC(62)   Pre Evacuate Collection Set: 5.5ms
[2025-08-19T16:03:45.949+0000][1692266][info ][gc,phases   ] GC(62)   Merge Heap Roots: 1.5ms
[2025-08-19T16:03:45.949+0000][1692266][info ][gc,phases   ] GC(62)   Evacuate Collection Set: 551.1ms
[2025-08-19T16:03:45.949+0000][1692266][info ][gc,phases   ] GC(62)   Post Evacuate Collection Set: 123.5ms
[2025-08-19T16:03:45.949+0000][1692266][info ][gc,phases   ] GC(62)   Other: 6.3ms
[2025-08-19T16:03:45.949+0000][1692266][trace][gc,age      ] GC(62) Age table with threshold 15 (max threshold 15)
[2025-08-19T16:03:45.949+0000][1692266][trace][gc,age      ] GC(62) - age   1:      11744 bytes,      11744 total
[2025-08-19T16:03:45.949+0000][1692266][trace][gc,age      ] GC(62) - age   2:        560 bytes,      12304 total
[2025-08-19T16:03:45.949+0000][1692266][trace][gc,age      ] GC(62) - age   4:       1712 bytes,      14016 total
[2025-08-19T16:03:45.949+0000][1692266][trace][gc,age      ] GC(62) - age   5:        888 bytes,      14904 total
[2025-08-19T16:03:45.949+0000][1692266][trace][gc,age      ] GC(62) - age   6:         32 bytes,      14936 total
[2025-08-19T16:03:45.949+0000][1692266][trace][gc,age      ] GC(62) - age   8:         64 bytes,      15000 total
[2025-08-19T16:03:45.949+0000][1692266][trace][gc,age      ] GC(62) - age   9:       3976 bytes,      18976 total
[2025-08-19T16:03:45.949+0000][1692266][trace][gc,age      ] GC(62) - age  10:         64 bytes,      19040 total
[2025-08-19T16:03:45.949+0000][1692266][trace][gc,age      ] GC(62) - age  11:       2592 bytes,      21632 total
[2025-08-19T16:03:45.949+0000][1692266][trace][gc,age      ] GC(62) - age  12:        672 bytes,      22304 total
[2025-08-19T16:03:45.949+0000][1692266][trace][gc,age      ] GC(62) - age  13:        200 bytes,      22504 total
[2025-08-19T16:03:45.949+0000][1692266][trace][gc,age      ] GC(62) - age  14:        544 bytes,      23048 total
[2025-08-19T16:03:45.949+0000][1692266][trace][gc,age      ] GC(62) - age  15:       3784 bytes,      26832 total
[2025-08-19T16:03:45.949+0000][1692266][info ][gc,heap     ] GC(62) Eden regions: 5->0(5)
[2025-08-19T16:03:45.949+0000][1692266][info ][gc,heap     ] GC(62) Survivor regions: 1->1(1)
[2025-08-19T16:03:45.949+0000][1692266][info ][gc,heap     ] GC(62) Old regions: 35->35
[2025-08-19T16:03:45.949+0000][1692266][info ][gc,heap     ] GC(62) Humongous regions: 0->0
[2025-08-19T16:03:45.951+0000][1692266][info ][gc,metaspace] GC(62) Metaspace: 143527K(147328K)->143527K(147328K) NonClass: 124057K(126080K)->124057K(126080K) Class: 19470K(21248K)->19470K(21248K)
[2025-08-19T16:03:45.957+0000][1692266][info ][gc          ] GC(62) Pause Young (Normal) (G1 Evacuation Pause) 156M->136M(512M) 699.965ms
[2025-08-19T16:03:45.957+0000][1692266][info ][gc,cpu      ] GC(62) User=0.00s Sys=0.15s Real=0.84s
[2025-08-19T16:03:45.957+0000][1692266][info ][safepoint   ] Safepoint "G1CollectForAllocation", Time since last: 29339745462 ns, Reaching safepoint: 2305591 ns, Cleanup: 3338823 ns, At safepoint: 839921597 ns, Total: 845566011 ns
[2025-08-19T16:03:46.957+0000][1692266][info ][safepoint   ] Safepoint "Cleanup", Time since last: 1000078488 ns, Reaching safepoint: 6971 ns, Cleanup: 11728 ns, At safepoint: 2033 ns, Total: 20732 ns
[2025-08-19T16:04:15.249+0000][1692266][info ][gc,start    ] GC(63) Pause Young (Normal) (G1 Evacuation Pause)
[2025-08-19T16:04:15.249+0000][1692266][info ][gc,task     ] GC(63) Using 1 workers of 1 for evacuation
[2025-08-19T16:04:15.249+0000][1692266][debug][gc,age      ] GC(63) Desired survivor size 2097152 bytes, new threshold 15 (max threshold 15)
[2025-08-19T16:04:15.334+0000][1692266][info ][gc,phases   ] GC(63)   Pre Evacuate Collection Set: 0.1ms
[2025-08-19T16:04:15.334+0000][1692266][info ][gc,phases   ] GC(63)   Merge Heap Roots: 0.0ms
[2025-08-19T16:04:15.334+0000][1692266][info ][gc,phases   ] GC(63)   Evacuate Collection Set: 79.4ms
[2025-08-19T16:04:15.334+0000][1692266][info ][gc,phases   ] GC(63)   Post Evacuate Collection Set: 4.9ms
[2025-08-19T16:04:15.334+0000][1692266][info ][gc,phases   ] GC(63)   Other: 0.0ms
[2025-08-19T16:04:15.334+0000][1692266][trace][gc,age      ] GC(63) Age table with threshold 15 (max threshold 15)
[2025-08-19T16:04:15.334+0000][1692266][trace][gc,age      ] GC(63) - age   1:      13784 bytes,      13784 total
[2025-08-19T16:04:15.334+0000][1692266][trace][gc,age      ] GC(63) - age   2:        208 bytes,      13992 total
[2025-08-19T16:04:15.334+0000][1692266][trace][gc,age      ] GC(63) - age   3:         32 bytes,      14024 total
[2025-08-19T16:04:15.334+0000][1692266][trace][gc,age      ] GC(63) - age   5:       1536 bytes,      15560 total
[2025-08-19T16:04:15.334+0000][1692266][trace][gc,age      ] GC(63) - age   6:        888 bytes,      16448 total
[2025-08-19T16:04:15.334+0000][1692266][trace][gc,age      ] GC(63) - age   9:         64 bytes,      16512 total
[2025-08-19T16:04:15.334+0000][1692266][trace][gc,age      ] GC(63) - age  10:       3976 bytes,      20488 total
[2025-08-19T16:04:15.334+0000][1692266][trace][gc,age      ] GC(63) - age  11:         64 bytes,      20552 total
[2025-08-19T16:04:15.334+0000][1692266][trace][gc,age      ] GC(63) - age  12:       2592 bytes,      23144 total
[2025-08-19T16:04:15.334+0000][1692266][trace][gc,age      ] GC(63) - age  13:        672 bytes,      23816 total
[2025-08-19T16:04:15.334+0000][1692266][trace][gc,age      ] GC(63) - age  14:        200 bytes,      24016 total
[2025-08-19T16:04:15.334+0000][1692266][trace][gc,age      ] GC(63) - age  15:        544 bytes,      24560 total
[2025-08-19T16:04:15.334+0000][1692266][info ][gc,heap     ] GC(63) Eden regions: 5->0(5)
[2025-08-19T16:04:15.334+0000][1692266][info ][gc,heap     ] GC(63) Survivor regions: 1->1(1)
[2025-08-19T16:04:15.334+0000][1692266][info ][gc,heap     ] GC(63) Old regions: 35->35
[2025-08-19T16:04:15.334+0000][1692266][info ][gc,heap     ] GC(63) Humongous regions: 0->0
[2025-08-19T16:04:15.334+0000][1692266][info ][gc,metaspace] GC(63) Metaspace: 143527K(147328K)->143527K(147328K) NonClass: 124057K(126080K)->124057K(126080K) Class: 19470K(21248K)->19470K(21248K)
[2025-08-19T16:04:15.334+0000][1692266][info ][gc          ] GC(63) Pause Young (Normal) (G1 Evacuation Pause) 156M->136M(512M) 84.725ms
[2025-08-19T16:04:15.334+0000][1692266][info ][gc,cpu      ] GC(63) User=0.01s Sys=0.02s Real=0.08s
[2025-08-19T16:04:15.334+0000][1692266][info ][safepoint   ] Safepoint "G1CollectForAllocation", Time since last: 28292163636 ns, Reaching safepoint: 18298 ns, Cleanup: 4917 ns, At safepoint: 84779230 ns, Total: 84802445 ns
[2025-08-19T16:04:44.400+0000][1692266][info ][gc,start    ] GC(64) Pause Young (Normal) (G1 Evacuation Pause)
[2025-08-19T16:04:44.400+0000][1692266][info ][gc,task     ] GC(64) Using 1 workers of 1 for evacuation
[2025-08-19T16:04:44.400+0000][1692266][debug][gc,age      ] GC(64) Desired survivor size 2097152 bytes, new threshold 15 (max threshold 15)
[2025-08-19T16:04:44.434+0000][1692266][info ][gc,phases   ] GC(64)   Pre Evacuate Collection Set: 0.7ms
[2025-08-19T16:04:44.434+0000][1692266][info ][gc,phases   ] GC(64)   Merge Heap Roots: 0.0ms
[2025-08-19T16:04:44.434+0000][1692266][info ][gc,phases   ] GC(64)   Evacuate Collection Set: 10.1ms
[2025-08-19T16:04:44.434+0000][1692266][info ][gc,phases   ] GC(64)   Post Evacuate Collection Set: 23.5ms
[2025-08-19T16:04:44.434+0000][1692266][info ][gc,phases   ] GC(64)   Other: 0.1ms
[2025-08-19T16:04:44.434+0000][1692266][trace][gc,age      ] GC(64) Age table with threshold 15 (max threshold 15)
[2025-08-19T16:04:44.434+0000][1692266][trace][gc,age      ] GC(64) - age   1:      13272 bytes,      13272 total
[2025-08-19T16:04:44.434+0000][1692266][trace][gc,age      ] GC(64) - age   2:        736 bytes,      14008 total
[2025-08-19T16:04:44.434+0000][1692266][trace][gc,age      ] GC(64) - age   3:         32 bytes,      14040 total
[2025-08-19T16:04:44.434+0000][1692266][trace][gc,age      ] GC(64) - age   4:         32 bytes,      14072 total
[2025-08-19T16:04:44.434+0000][1692266][trace][gc,age      ] GC(64) - age   6:       1536 bytes,      15608 total
[2025-08-19T16:04:44.434+0000][1692266][trace][gc,age      ] GC(64) - age   7:        888 bytes,      16496 total
[2025-08-19T16:04:44.434+0000][1692266][trace][gc,age      ] GC(64) - age  10:         64 bytes,      16560 total
[2025-08-19T16:04:44.434+0000][1692266][trace][gc,age      ] GC(64) - age  11:       3976 bytes,      20536 total
[2025-08-19T16:04:44.434+0000][1692266][trace][gc,age      ] GC(64) - age  12:         64 bytes,      20600 total
[2025-08-19T16:04:44.434+0000][1692266][trace][gc,age      ] GC(64) - age  13:       2592 bytes,      23192 total
[2025-08-19T16:04:44.434+0000][1692266][trace][gc,age      ] GC(64) - age  14:        672 bytes,      23864 total
[2025-08-19T16:04:44.434+0000][1692266][trace][gc,age      ] GC(64) - age  15:        200 bytes,      24064 total
[2025-08-19T16:04:44.434+0000][1692266][info ][gc,heap     ] GC(64) Eden regions: 5->0(5)
[2025-08-19T16:04:44.434+0000][1692266][info ][gc,heap     ] GC(64) Survivor regions: 1->1(1)
[2025-08-19T16:04:44.434+0000][1692266][info ][gc,heap     ] GC(64) Old regions: 35->35
[2025-08-19T16:04:44.434+0000][1692266][info ][gc,heap     ] GC(64) Humongous regions: 0->0
[2025-08-19T16:04:44.434+0000][1692266][info ][gc,metaspace] GC(64) Metaspace: 143527K(147328K)->143527K(147328K) NonClass: 124057K(126080K)->124057K(126080K) Class: 19470K(21248K)->19470K(21248K)
[2025-08-19T16:04:44.435+0000][1692266][info ][gc          ] GC(64) Pause Young (Normal) (G1 Evacuation Pause) 156M->136M(512M) 36.270ms
[2025-08-19T16:04:44.435+0000][1692266][info ][gc,cpu      ] GC(64) User=0.01s Sys=0.00s Real=0.03s
[2025-08-19T16:04:44.435+0000][1692266][info ][safepoint   ] Safepoint "G1CollectForAllocation", Time since last: 29064299607 ns, Reaching safepoint: 241625 ns, Cleanup: 5438 ns, At safepoint: 36676557 ns, Total: 36923620 ns
[2025-08-19T16:05:13.387+0000][1692266][info ][gc,start    ] GC(65) Pause Young (Normal) (G1 Evacuation Pause)
[2025-08-19T16:05:13.388+0000][1692266][info ][gc,task     ] GC(65) Using 1 workers of 1 for evacuation
[2025-08-19T16:05:13.388+0000][1692266][debug][gc,age      ] GC(65) Desired survivor size 2097152 bytes, new threshold 15 (max threshold 15)
[2025-08-19T16:05:13.639+0000][1692266][info ][gc,mmu      ] GC(65) MMU target violated: 201.0ms (200.0ms/201.0ms)
[2025-08-19T16:05:13.639+0000][1692266][info ][gc,phases   ] GC(65)   Pre Evacuate Collection Set: 1.7ms
[2025-08-19T16:05:13.639+0000][1692266][info ][gc,phases   ] GC(65)   Merge Heap Roots: 0.2ms
[2025-08-19T16:05:13.639+0000][1692266][info ][gc,phases   ] GC(65)   Evacuate Collection Set: 232.7ms
[2025-08-19T16:05:13.639+0000][1692266][info ][gc,phases   ] GC(65)   Post Evacuate Collection Set: 11.5ms
[2025-08-19T16:05:13.639+0000][1692266][info ][gc,phases   ] GC(65)   Other: 5.3ms
[2025-08-19T16:05:13.639+0000][1692266][trace][gc,age      ] GC(65) Age table with threshold 15 (max threshold 15)
[2025-08-19T16:05:13.639+0000][1692266][trace][gc,age      ] GC(65) - age   1:      13680 bytes,      13680 total
[2025-08-19T16:05:13.639+0000][1692266][trace][gc,age      ] GC(65) - age   2:        176 bytes,      13856 total
[2025-08-19T16:05:13.639+0000][1692266][trace][gc,age      ] GC(65) - age   3:        208 bytes,      14064 total
[2025-08-19T16:05:13.639+0000][1692266][trace][gc,age      ] GC(65) - age   5:         32 bytes,      14096 total
[2025-08-19T16:05:13.639+0000][1692266][trace][gc,age      ] GC(65) - age   7:       1504 bytes,      15600 total
[2025-08-19T16:05:13.639+0000][1692266][trace][gc,age      ] GC(65) - age   8:        888 bytes,      16488 total
[2025-08-19T16:05:13.639+0000][1692266][trace][gc,age      ] GC(65) - age  11:         64 bytes,      16552 total
[2025-08-19T16:05:13.639+0000][1692266][trace][gc,age      ] GC(65) - age  12:       3976 bytes,      20528 total
[2025-08-19T16:05:13.639+0000][1692266][trace][gc,age      ] GC(65) - age  13:         64 bytes,      20592 total
[2025-08-19T16:05:13.639+0000][1692266][trace][gc,age      ] GC(65) - age  14:       2592 bytes,      23184 total
[2025-08-19T16:05:13.639+0000][1692266][trace][gc,age      ] GC(65) - age  15:        672 bytes,      23856 total
[2025-08-19T16:05:13.639+0000][1692266][info ][gc,heap     ] GC(65) Eden regions: 5->0(75)
[2025-08-19T16:05:13.639+0000][1692266][info ][gc,heap     ] GC(65) Survivor regions: 1->1(1)
[2025-08-19T16:05:13.639+0000][1692266][info ][gc,heap     ] GC(65) Old regions: 35->35
[2025-08-19T16:05:13.639+0000][1692266][info ][gc,heap     ] GC(65) Humongous regions: 0->0
[2025-08-19T16:05:13.639+0000][1692266][info ][gc,metaspace] GC(65) Metaspace: 143527K(147328K)->143527K(147328K) NonClass: 124057K(126080K)->124057K(126080K) Class: 19470K(21248K)->19470K(21248K)
[2025-08-19T16:05:13.639+0000][1692266][info ][gc          ] GC(65) Pause Young (Normal) (G1 Evacuation Pause) 156M->136M(512M) 251.766ms
[2025-08-19T16:05:13.639+0000][1692266][info ][gc,cpu      ] GC(65) User=0.00s Sys=0.05s Real=0.25s
[2025-08-19T16:05:13.639+0000][1692266][info ][safepoint   ] Safepoint "G1CollectForAllocation", Time since last: 28950672493 ns, Reaching safepoint: 20481 ns, Cleanup: 3976 ns, At safepoint: 253437479 ns, Total: 253461936 ns
[2025-08-19T16:12:08.247+0000][1692266][info ][safepoint   ] Safepoint "Cleanup", Time since last: 414577579402 ns, Reaching safepoint: 59770 ns, Cleanup: 28782957 ns, At safepoint: 4607 ns, Total: 28847334 ns
[2025-08-19T16:12:44.142+0000][1692266][info ][gc,start    ] GC(66) Pause Young (Normal) (G1 Evacuation Pause)
[2025-08-19T16:12:44.189+0000][1692266][info ][gc,task     ] GC(66) Using 1 workers of 1 for evacuation
[2025-08-19T16:12:44.190+0000][1692266][debug][gc,age      ] GC(66) Desired survivor size 20971520 bytes, new threshold 15 (max threshold 15)
[2025-08-19T16:12:45.335+0000][1692266][info ][gc,mmu      ] GC(66) MMU target violated: 201.0ms (200.0ms/201.0ms)
[2025-08-19T16:12:45.343+0000][1692266][info ][gc,phases   ] GC(66)   Pre Evacuate Collection Set: 11.3ms
[2025-08-19T16:12:45.343+0000][1692266][info ][gc,phases   ] GC(66)   Merge Heap Roots: 20.5ms
[2025-08-19T16:12:45.343+0000][1692266][info ][gc,phases   ] GC(66)   Evacuate Collection Set: 702.0ms
[2025-08-19T16:12:45.343+0000][1692266][info ][gc,phases   ] GC(66)   Post Evacuate Collection Set: 409.5ms
[2025-08-19T16:12:45.343+0000][1692266][info ][gc,phases   ] GC(66)   Other: 49.0ms
[2025-08-19T16:12:45.343+0000][1692266][trace][gc,age      ] GC(66) Age table with threshold 15 (max threshold 15)
[2025-08-19T16:12:45.344+0000][1692266][trace][gc,age      ] GC(66) - age   1:      30640 bytes,      30640 total
[2025-08-19T16:12:45.344+0000][1692266][trace][gc,age      ] GC(66) - age   8:        552 bytes,      31192 total
[2025-08-19T16:12:45.344+0000][1692266][trace][gc,age      ] GC(66) - age  12:         64 bytes,      31256 total
[2025-08-19T16:12:45.344+0000][1692266][trace][gc,age      ] GC(66) - age  13:       3976 bytes,      35232 total
[2025-08-19T16:12:45.344+0000][1692266][trace][gc,age      ] GC(66) - age  15:       2592 bytes,      37824 total
[2025-08-19T16:12:45.344+0000][1692266][info ][gc,heap     ] GC(66) Eden regions: 75->0(5)
[2025-08-19T16:12:45.344+0000][1692266][info ][gc,heap     ] GC(66) Survivor regions: 1->1(10)
[2025-08-19T16:12:45.344+0000][1692266][info ][gc,heap     ] GC(66) Old regions: 35->35
[2025-08-19T16:12:45.344+0000][1692266][info ][gc,heap     ] GC(66) Humongous regions: 0->0
[2025-08-19T16:12:45.384+0000][1692266][info ][gc,metaspace] GC(66) Metaspace: 143546K(147328K)->143546K(147328K) NonClass: 124076K(126080K)->124076K(126080K) Class: 19470K(21248K)->19470K(21248K)
[2025-08-19T16:12:45.389+0000][1692266][info ][gc          ] GC(66) Pause Young (Normal) (G1 Evacuation Pause) 436M->136M(512M) 1252.371ms
[2025-08-19T16:12:45.389+0000][1692266][info ][gc,cpu      ] GC(66) User=0.00s Sys=0.23s Real=1.26s
[2025-08-19T16:12:45.389+0000][1692266][info ][safepoint   ] Safepoint "G1CollectForAllocation", Time since last: 35838360084 ns, Reaching safepoint: 32589 ns, Cleanup: 5118 ns, At safepoint: 1304861400 ns, Total: 1304899107 ns
[2025-08-19T16:12:46.392+0000][1692266][info ][safepoint   ] Safepoint "Cleanup", Time since last: 1003268622 ns, Reaching safepoint: 6810 ns, Cleanup: 12028 ns, At safepoint: 2214 ns, Total: 21052 ns
[2025-08-19T16:13:13.131+0000][1692266][info ][gc,start    ] GC(67) Pause Young (Normal) (G1 Evacuation Pause)
[2025-08-19T16:13:13.131+0000][1692266][info ][gc,task     ] GC(67) Using 1 workers of 1 for evacuation
[2025-08-19T16:13:13.131+0000][1692266][debug][gc,age      ] GC(67) Desired survivor size 2097152 bytes, new threshold 15 (max threshold 15)
[2025-08-19T16:13:13.157+0000][1692266][info ][gc,phases   ] GC(67)   Pre Evacuate Collection Set: 0.1ms
[2025-08-19T16:13:13.157+0000][1692266][info ][gc,phases   ] GC(67)   Merge Heap Roots: 0.0ms
[2025-08-19T16:13:13.157+0000][1692266][info ][gc,phases   ] GC(67)   Evacuate Collection Set: 24.7ms
[2025-08-19T16:13:13.157+0000][1692266][info ][gc,phases   ] GC(67)   Post Evacuate Collection Set: 0.9ms
[2025-08-19T16:13:13.157+0000][1692266][info ][gc,phases   ] GC(67)   Other: 0.2ms
[2025-08-19T16:13:13.157+0000][1692266][trace][gc,age      ] GC(67) Age table with threshold 15 (max threshold 15)
[2025-08-19T16:13:13.157+0000][1692266][trace][gc,age      ] GC(67) - age   1:      13360 bytes,      13360 total
[2025-08-19T16:13:13.157+0000][1692266][trace][gc,age      ] GC(67) - age   2:       8520 bytes,      21880 total
[2025-08-19T16:13:13.157+0000][1692266][trace][gc,age      ] GC(67) - age   9:        552 bytes,      22432 total
[2025-08-19T16:13:13.157+0000][1692266][trace][gc,age      ] GC(67) - age  13:         64 bytes,      22496 total
[2025-08-19T16:13:13.157+0000][1692266][trace][gc,age      ] GC(67) - age  14:       3976 bytes,      26472 total
[2025-08-19T16:13:13.157+0000][1692266][info ][gc,heap     ] GC(67) Eden regions: 5->0(5)
[2025-08-19T16:13:13.157+0000][1692266][info ][gc,heap     ] GC(67) Survivor regions: 1->1(1)
[2025-08-19T16:13:13.157+0000][1692266][info ][gc,heap     ] GC(67) Old regions: 35->35
[2025-08-19T16:13:13.157+0000][1692266][info ][gc,heap     ] GC(67) Humongous regions: 0->0
[2025-08-19T16:13:13.157+0000][1692266][info ][gc,metaspace] GC(67) Metaspace: 143547K(147328K)->143547K(147328K) NonClass: 124077K(126080K)->124077K(126080K) Class: 19470K(21248K)->19470K(21248K)
[2025-08-19T16:13:13.157+0000][1692266][info ][gc          ] GC(67) Pause Young (Normal) (G1 Evacuation Pause) 156M->136M(512M) 26.194ms
[2025-08-19T16:13:13.157+0000][1692266][info ][gc,cpu      ] GC(67) User=0.01s Sys=0.01s Real=0.03s
[2025-08-19T16:13:13.157+0000][1692266][info ][safepoint   ] Safepoint "G1CollectForAllocation", Time since last: 26738454870 ns, Reaching safepoint: 6520 ns, Cleanup: 4036 ns, At safepoint: 26237053 ns, Total: 26247609 ns
[2025-08-19T16:13:38.177+0000][1692266][info ][safepoint   ] Safepoint "Cleanup", Time since last: 25006268926 ns, Reaching safepoint: 36875 ns, Cleanup: 11998 ns, At safepoint: 5048 ns, Total: 53921 ns
[2025-08-19T16:13:42.878+0000][1692266][info ][gc,start    ] GC(68) Pause Young (Normal) (G1 Evacuation Pause)
[2025-08-19T16:13:42.878+0000][1692266][info ][gc,task     ] GC(68) Using 1 workers of 1 for evacuation
[2025-08-19T16:13:42.878+0000][1692266][debug][gc,age      ] GC(68) Desired survivor size 2097152 bytes, new threshold 15 (max threshold 15)
[2025-08-19T16:13:42.884+0000][1692266][info ][gc,phases   ] GC(68)   Pre Evacuate Collection Set: 0.3ms
[2025-08-19T16:13:42.884+0000][1692266][info ][gc,phases   ] GC(68)   Merge Heap Roots: 0.0ms
[2025-08-19T16:13:42.884+0000][1692266][info ][gc,phases   ] GC(68)   Evacuate Collection Set: 4.5ms
[2025-08-19T16:13:42.884+0000][1692266][info ][gc,phases   ] GC(68)   Post Evacuate Collection Set: 1.1ms
[2025-08-19T16:13:42.884+0000][1692266][info ][gc,phases   ] GC(68)   Other: 0.0ms
[2025-08-19T16:13:42.884+0000][1692266][trace][gc,age      ] GC(68) Age table with threshold 15 (max threshold 15)
[2025-08-19T16:13:42.884+0000][1692266][trace][gc,age      ] GC(68) - age   1:      12568 bytes,      12568 total
[2025-08-19T16:13:42.884+0000][1692266][trace][gc,age      ] GC(68) - age   2:        592 bytes,      13160 total
[2025-08-19T16:13:42.884+0000][1692266][trace][gc,age      ] GC(68) - age   3:       8048 bytes,      21208 total
[2025-08-19T16:13:42.884+0000][1692266][trace][gc,age      ] GC(68) - age  10:        552 bytes,      21760 total
[2025-08-19T16:13:42.884+0000][1692266][trace][gc,age      ] GC(68) - age  14:         64 bytes,      21824 total
[2025-08-19T16:13:42.884+0000][1692266][trace][gc,age      ] GC(68) - age  15:       3976 bytes,      25800 total
[2025-08-19T16:13:42.884+0000][1692266][info ][gc,heap     ] GC(68) Eden regions: 5->0(75)
[2025-08-19T16:13:42.884+0000][1692266][info ][gc,heap     ] GC(68) Survivor regions: 1->1(1)
[2025-08-19T16:13:42.884+0000][1692266][info ][gc,heap     ] GC(68) Old regions: 35->35
[2025-08-19T16:13:42.884+0000][1692266][info ][gc,heap     ] GC(68) Humongous regions: 0->0
[2025-08-19T16:13:42.884+0000][1692266][info ][gc,metaspace] GC(68) Metaspace: 143547K(147328K)->143547K(147328K) NonClass: 124077K(126080K)->124077K(126080K) Class: 19470K(21248K)->19470K(21248K)
[2025-08-19T16:13:42.884+0000][1692266][info ][gc          ] GC(68) Pause Young (Normal) (G1 Evacuation Pause) 156M->136M(512M) 6.244ms
[2025-08-19T16:13:42.885+0000][1692266][info ][gc,cpu      ] GC(68) User=0.00s Sys=0.00s Real=0.00s
[2025-08-19T16:13:42.885+0000][1692266][info ][safepoint   ] Safepoint "G1CollectForAllocation", Time since last: 4715081491 ns, Reaching safepoint: 7781 ns, Cleanup: 3125 ns, At safepoint: 6561569 ns, Total: 6572475 ns
[2025-08-19T16:20:08.952+0000][1692266][info ][safepoint   ] Safepoint "Cleanup", Time since last: 386058423890 ns, Reaching safepoint: 3256548 ns, Cleanup: 2620438 ns, At safepoint: 18127 ns, Total: 5895113 ns
[2025-08-19T16:21:50.281+0000][1692266][info ][gc,start    ] GC(69) Pause Young (Normal) (G1 Evacuation Pause)
[2025-08-19T16:21:50.572+0000][1692266][info ][gc,task     ] GC(69) Using 1 workers of 1 for evacuation
[2025-08-19T16:21:50.572+0000][1692266][debug][gc,age      ] GC(69) Desired survivor size 20971520 bytes, new threshold 15 (max threshold 15)
[2025-08-19T16:21:54.990+0000][1692266][info ][gc,mmu      ] GC(69) MMU target violated: 201.0ms (200.0ms/201.0ms)
[2025-08-19T16:21:55.026+0000][1692266][info ][gc,phases   ] GC(69)   Pre Evacuate Collection Set: 20.9ms
[2025-08-19T16:21:55.026+0000][1692266][info ][gc,phases   ] GC(69)   Merge Heap Roots: 7.0ms
[2025-08-19T16:21:55.026+0000][1692266][info ][gc,phases   ] GC(69)   Evacuate Collection Set: 4045.2ms
[2025-08-19T16:21:55.026+0000][1692266][info ][gc,phases   ] GC(69)   Post Evacuate Collection Set: 271.2ms
[2025-08-19T16:21:55.026+0000][1692266][info ][gc,phases   ] GC(69)   Other: 109.8ms
[2025-08-19T16:21:55.026+0000][1692266][trace][gc,age      ] GC(69) Age table with threshold 15 (max threshold 15)
[2025-08-19T16:21:55.026+0000][1692266][trace][gc,age      ] GC(69) - age   1:      17816 bytes,      17816 total
[2025-08-19T16:21:55.026+0000][1692266][trace][gc,age      ] GC(69) - age   4:       6504 bytes,      24320 total
[2025-08-19T16:21:55.026+0000][1692266][trace][gc,age      ] GC(69) - age  15:         64 bytes,      24384 total
[2025-08-19T16:21:55.089+0000][1692266][info ][gc,heap     ] GC(69) Eden regions: 75->0(5)
[2025-08-19T16:21:55.089+0000][1692266][info ][gc,heap     ] GC(69) Survivor regions: 1->1(10)
[2025-08-19T16:21:55.089+0000][1692266][info ][gc,heap     ] GC(69) Old regions: 35->35
[2025-08-19T16:21:55.089+0000][1692266][info ][gc,heap     ] GC(69) Humongous regions: 0->0
[2025-08-19T16:21:55.091+0000][1692266][info ][gc,metaspace] GC(69) Metaspace: 143547K(147328K)->143547K(147328K) NonClass: 124077K(126080K)->124077K(126080K) Class: 19470K(21248K)->19470K(21248K)
[2025-08-19T16:21:55.094+0000][1692266][info ][gc          ] GC(69) Pause Young (Normal) (G1 Evacuation Pause) 436M->136M(512M) 4815.713ms
[2025-08-19T16:21:55.096+0000][1692266][info ][gc,cpu      ] GC(69) User=0.00s Sys=0.61s Real=4.82s
[2025-08-19T16:21:55.150+0000][1692266][info ][safepoint   ] Safepoint "G1CollectForAllocation", Time since last: 101300883346 ns, Reaching safepoint: 17388089 ns, Cleanup: 6160614 ns, At safepoint: 4876816949 ns, Total: 4900365652 ns
[2025-08-19T16:22:27.996+0000][1692266][info ][safepoint   ] Safepoint "Cleanup", Time since last: 32645030286 ns, Reaching safepoint: 3189426 ns, Cleanup: 180620028 ns, At safepoint: 6632517 ns, Total: 190441971 ns
[2025-08-19T16:22:31.747+0000][1692266][info ][gc,start    ] GC(70) Pause Young (Normal) (G1 Evacuation Pause)
[2025-08-19T16:22:32.169+0000][1692266][info ][gc,task     ] GC(70) Using 1 workers of 1 for evacuation
[2025-08-19T16:22:32.196+0000][1692266][debug][gc,age      ] GC(70) Desired survivor size 2097152 bytes, new threshold 15 (max threshold 15)
[2025-08-19T16:22:34.043+0000][1692266][info ][gc,mmu      ] GC(70) MMU target violated: 201.0ms (200.0ms/201.0ms)
[2025-08-19T16:22:34.067+0000][1692266][info ][gc,phases   ] GC(70)   Pre Evacuate Collection Set: 104.2ms
[2025-08-19T16:22:34.088+0000][1692266][info ][gc,phases   ] GC(70)   Merge Heap Roots: 6.5ms
[2025-08-19T16:22:34.088+0000][1692266][info ][gc,phases   ] GC(70)   Evacuate Collection Set: 1523.5ms
[2025-08-19T16:22:34.089+0000][1692266][info ][gc,phases   ] GC(70)   Post Evacuate Collection Set: 80.7ms
[2025-08-19T16:22:34.090+0000][1692266][info ][gc,phases   ] GC(70)   Other: 212.4ms
[2025-08-19T16:22:34.093+0000][1692266][trace][gc,age      ] GC(70) Age table with threshold 15 (max threshold 15)
[2025-08-19T16:22:34.093+0000][1692266][trace][gc,age      ] GC(70) - age   1:      50168 bytes,      50168 total
[2025-08-19T16:22:34.093+0000][1692266][trace][gc,age      ] GC(70) - age   2:       3488 bytes,      53656 total
[2025-08-19T16:22:34.093+0000][1692266][trace][gc,age      ] GC(70) - age   5:       5904 bytes,      59560 total
[2025-08-19T16:22:34.097+0000][1692266][info ][gc,heap     ] GC(70) Eden regions: 5->0(5)
[2025-08-19T16:22:34.097+0000][1692266][info ][gc,heap     ] GC(70) Survivor regions: 1->1(1)
[2025-08-19T16:22:34.097+0000][1692266][info ][gc,heap     ] GC(70) Old regions: 35->35
[2025-08-19T16:22:34.097+0000][1692266][info ][gc,heap     ] GC(70) Humongous regions: 0->0
[2025-08-19T16:22:34.100+0000][1692266][info ][gc,metaspace] GC(70) Metaspace: 143550K(147328K)->143550K(147328K) NonClass: 124080K(126080K)->124080K(126080K) Class: 19470K(21248K)->19470K(21248K)
[2025-08-19T16:22:34.119+0000][1692266][info ][gc          ] GC(70) Pause Young (Normal) (G1 Evacuation Pause) 156M->136M(512M) 2678.907ms
[2025-08-19T16:22:34.121+0000][1692266][info ][gc,cpu      ] GC(70) User=0.00s Sys=0.12s Real=2.97s
[2025-08-19T16:22:34.243+0000][1692266][info ][safepoint   ] Safepoint "G1CollectForAllocation", Time since last: 2922410072 ns, Reaching safepoint: 101791283 ns, Cleanup: 52013830 ns, At safepoint: 3088362759 ns, Total: 3242167872 ns
[2025-08-19T16:25:56.702+0000][1692266][info ][safepoint   ] Safepoint "Cleanup", Time since last: 166115654148 ns, Reaching safepoint: 26749203964 ns, Cleanup: 2975654591 ns, At safepoint: 2169524713 ns, Total: 31894383268 ns
[2025-08-19T16:27:18.605+0000][1692266][info ][safepoint   ] Safepoint "Cleanup", Time since last: 69307223358 ns, Reaching safepoint: 9752797666 ns, Cleanup: 1892800091 ns, At safepoint: 3113302884 ns, Total: 14758900641 ns
[2025-08-19T16:38:28.042+0000][1692266][info ][safepoint   ] Safepoint "Cleanup", Time since last: 634267790666 ns, Reaching safepoint: 18511203591 ns, Cleanup: 2513433025 ns, At safepoint: 2282040873 ns, Total: 23306677489 ns
[2025-08-19T16:41:31.415+0000][1692266][info ][safepoint   ] Safepoint "Cleanup", Time since last: 74106884052 ns, Reaching safepoint: 106759333874 ns, Cleanup: 3783469263 ns, At safepoint: 2388649575 ns, Total: 112931452712 ns
[2025-08-19T16:49:42.275+0000][1692266][info ][safepoint   ] Safepoint "Cleanup", Time since last: 456241831119 ns, Reaching safepoint: 26128332455 ns, Cleanup: 3695604829 ns, At safepoint: 2024697088 ns, Total: 31848634372 ns
[2025-08-19T16:50:54.626+0000][1692266][info ][safepoint   ] Safepoint "Cleanup", Time since last: 85692774975 ns, Reaching safepoint: 939860 ns, Cleanup: 2070937 ns, At safepoint: 4437 ns, Total: 3015234 ns
[2025-08-19T16:50:55.626+0000][1692266][info ][safepoint   ] Safepoint "Cleanup", Time since last: 1000094463 ns, Reaching safepoint: 13450 ns, Cleanup: 11998 ns, At safepoint: 1793 ns, Total: 27241 ns
[2025-08-19T16:50:58.626+0000][1692266][info ][safepoint   ] Safepoint "Cleanup", Time since last: 3000256890 ns, Reaching safepoint: 37657 ns, Cleanup: 10676 ns, At safepoint: 1993 ns, Total: 50326 ns
[2025-08-19T16:51:02.626+0000][1692266][info ][safepoint   ] Safepoint "Cleanup", Time since last: 4000273695 ns, Reaching safepoint: 85139 ns, Cleanup: 10435 ns, At safepoint: 6550 ns, Total: 102124 ns
[2025-08-19T16:51:12.979+0000][1692266][info ][gc,start    ] GC(71) Pause Young (Normal) (G1 Evacuation Pause)
[2025-08-19T16:51:12.980+0000][1692266][info ][gc,task     ] GC(71) Using 1 workers of 1 for evacuation
[2025-08-19T16:51:12.980+0000][1692266][debug][gc,age      ] GC(71) Desired survivor size 2097152 bytes, new threshold 15 (max threshold 15)
[2025-08-19T16:51:13.064+0000][1692266][info ][gc,phases   ] GC(71)   Pre Evacuate Collection Set: 1.3ms
[2025-08-19T16:51:13.064+0000][1692266][info ][gc,phases   ] GC(71)   Merge Heap Roots: 0.2ms
[2025-08-19T16:51:13.064+0000][1692266][info ][gc,phases   ] GC(71)   Evacuate Collection Set: 54.2ms
[2025-08-19T16:51:13.064+0000][1692266][info ][gc,phases   ] GC(71)   Post Evacuate Collection Set: 28.5ms
[2025-08-19T16:51:13.064+0000][1692266][info ][gc,phases   ] GC(71)   Other: 0.8ms
[2025-08-19T16:51:13.064+0000][1692266][trace][gc,age      ] GC(71) Age table with threshold 15 (max threshold 15)
[2025-08-19T16:51:13.065+0000][1692266][trace][gc,age      ] GC(71) - age   1:     233216 bytes,     233216 total
[2025-08-19T16:51:13.065+0000][1692266][trace][gc,age      ] GC(71) - age   2:        360 bytes,     233576 total
[2025-08-19T16:51:13.065+0000][1692266][trace][gc,age      ] GC(71) - age   3:        832 bytes,     234408 total
[2025-08-19T16:51:13.065+0000][1692266][trace][gc,age      ] GC(71) - age   6:       5904 bytes,     240312 total
[2025-08-19T16:51:13.065+0000][1692266][info ][gc,heap     ] GC(71) Eden regions: 5->0(5)
[2025-08-19T16:51:13.065+0000][1692266][info ][gc,heap     ] GC(71) Survivor regions: 1->1(1)
[2025-08-19T16:51:13.065+0000][1692266][info ][gc,heap     ] GC(71) Old regions: 35->35
[2025-08-19T16:51:13.065+0000][1692266][info ][gc,heap     ] GC(71) Humongous regions: 0->0
[2025-08-19T16:51:13.065+0000][1692266][info ][gc,metaspace] GC(71) Metaspace: 143731K(147584K)->143731K(147584K) NonClass: 124215K(126272K)->124215K(126272K) Class: 19515K(21312K)->19515K(21312K)
[2025-08-19T16:51:13.065+0000][1692266][info ][gc          ] GC(71) Pause Young (Normal) (G1 Evacuation Pause) 156M->136M(512M) 85.359ms
[2025-08-19T16:51:13.065+0000][1692266][info ][gc,cpu      ] GC(71) User=0.01s Sys=0.00s Real=0.08s
[2025-08-19T16:51:13.065+0000][1692266][info ][safepoint   ] Safepoint "G1CollectForAllocation", Time since last: 10352736540 ns, Reaching safepoint: 8373 ns, Cleanup: 3776 ns, At safepoint: 85418575 ns, Total: 85430724 ns
[2025-08-19T16:51:25.066+0000][1692266][info ][safepoint   ] Safepoint "Cleanup", Time since last: 12000725682 ns, Reaching safepoint: 49715 ns, Cleanup: 156306 ns, At safepoint: 2383 ns, Total: 208404 ns
[2025-08-19T16:51:29.066+0000][1692266][info ][safepoint   ] Safepoint "Cleanup", Time since last: 4000267797 ns, Reaching safepoint: 47461 ns, Cleanup: 13160 ns, At safepoint: 2464 ns, Total: 63085 ns
[2025-08-19T16:51:41.732+0000][1692266][info ][gc,start    ] GC(72) Pause Young (Normal) (G1 Evacuation Pause)
[2025-08-19T16:51:41.732+0000][1692266][info ][gc,task     ] GC(72) Using 1 workers of 1 for evacuation
[2025-08-19T16:51:41.732+0000][1692266][debug][gc,age      ] GC(72) Desired survivor size 2097152 bytes, new threshold 15 (max threshold 15)
[2025-08-19T16:51:41.737+0000][1692266][info ][gc,phases   ] GC(72)   Pre Evacuate Collection Set: 0.0ms
[2025-08-19T16:51:41.737+0000][1692266][info ][gc,phases   ] GC(72)   Merge Heap Roots: 0.0ms
[2025-08-19T16:51:41.737+0000][1692266][info ][gc,phases   ] GC(72)   Evacuate Collection Set: 4.5ms
[2025-08-19T16:51:41.737+0000][1692266][info ][gc,phases   ] GC(72)   Post Evacuate Collection Set: 0.8ms
[2025-08-19T16:51:41.737+0000][1692266][info ][gc,phases   ] GC(72)   Other: 0.0ms
[2025-08-19T16:51:41.737+0000][1692266][trace][gc,age      ] GC(72) Age table with threshold 15 (max threshold 15)
[2025-08-19T16:51:41.737+0000][1692266][trace][gc,age      ] GC(72) - age   1:      22360 bytes,      22360 total
[2025-08-19T16:51:41.737+0000][1692266][trace][gc,age      ] GC(72) - age   2:     216152 bytes,     238512 total
[2025-08-19T16:51:41.737+0000][1692266][trace][gc,age      ] GC(72) - age   3:         80 bytes,     238592 total
[2025-08-19T16:51:41.737+0000][1692266][trace][gc,age      ] GC(72) - age   4:        800 bytes,     239392 total
[2025-08-19T16:51:41.737+0000][1692266][trace][gc,age      ] GC(72) - age   7:       5904 bytes,     245296 total
[2025-08-19T16:51:41.737+0000][1692266][info ][gc,heap     ] GC(72) Eden regions: 5->0(5)
[2025-08-19T16:51:41.737+0000][1692266][info ][gc,heap     ] GC(72) Survivor regions: 1->1(1)
[2025-08-19T16:51:41.737+0000][1692266][info ][gc,heap     ] GC(72) Old regions: 35->35
[2025-08-19T16:51:41.737+0000][1692266][info ][gc,heap     ] GC(72) Humongous regions: 0->0
[2025-08-19T16:51:41.737+0000][1692266][info ][gc,metaspace] GC(72) Metaspace: 143759K(147584K)->143759K(147584K) NonClass: 124243K(126272K)->124243K(126272K) Class: 19515K(21312K)->19515K(21312K)
[2025-08-19T16:51:41.737+0000][1692266][info ][gc          ] GC(72) Pause Young (Normal) (G1 Evacuation Pause) 156M->136M(512M) 5.493ms
[2025-08-19T16:51:41.737+0000][1692266][info ][gc,cpu      ] GC(72) User=0.01s Sys=0.00s Real=0.01s
[2025-08-19T16:51:41.737+0000][1692266][info ][safepoint   ] Safepoint "G1CollectForAllocation", Time since last: 12665729508 ns, Reaching safepoint: 7952 ns, Cleanup: 2664 ns, At safepoint: 5531814 ns, Total: 5542430 ns
[2025-08-19T16:51:52.665+0000][1692266][info ][safepoint   ] Safepoint "Cleanup", Time since last: 10927834264 ns, Reaching safepoint: 7091 ns, Cleanup: 11407 ns, At safepoint: 2263 ns, Total: 20761 ns
[2025-08-19T16:51:54.666+0000][1692266][info ][safepoint   ] Safepoint "Cleanup", Time since last: 2000184079 ns, Reaching safepoint: 38028 ns, Cleanup: 10846 ns, At safepoint: 290789 ns, Total: 339663 ns
[2025-08-19T16:52:09.666+0000][1692266][info ][safepoint   ] Safepoint "Cleanup", Time since last: 15000850682 ns, Reaching safepoint: 34913 ns, Cleanup: 10025 ns, At safepoint: 2394 ns, Total: 47332 ns
[2025-08-19T16:52:11.646+0000][1692266][info ][gc,start    ] GC(73) Pause Young (Normal) (G1 Evacuation Pause)
[2025-08-19T16:52:11.646+0000][1692266][info ][gc,task     ] GC(73) Using 1 workers of 1 for evacuation
[2025-08-19T16:52:11.646+0000][1692266][debug][gc,age      ] GC(73) Desired survivor size 2097152 bytes, new threshold 15 (max threshold 15)
[2025-08-19T16:52:11.648+0000][1692266][info ][gc,phases   ] GC(73)   Pre Evacuate Collection Set: 0.0ms
[2025-08-19T16:52:11.648+0000][1692266][info ][gc,phases   ] GC(73)   Merge Heap Roots: 0.0ms
[2025-08-19T16:52:11.648+0000][1692266][info ][gc,phases   ] GC(73)   Evacuate Collection Set: 1.9ms
[2025-08-19T16:52:11.648+0000][1692266][info ][gc,phases   ] GC(73)   Post Evacuate Collection Set: 0.8ms
[2025-08-19T16:52:11.648+0000][1692266][info ][gc,phases   ] GC(73)   Other: 0.0ms
[2025-08-19T16:52:11.648+0000][1692266][trace][gc,age      ] GC(73) Age table with threshold 15 (max threshold 15)
[2025-08-19T16:52:11.648+0000][1692266][trace][gc,age      ] GC(73) - age   1:      13696 bytes,      13696 total
[2025-08-19T16:52:11.648+0000][1692266][trace][gc,age      ] GC(73) - age   2:       9008 bytes,      22704 total
[2025-08-19T16:52:11.648+0000][1692266][trace][gc,age      ] GC(73) - age   3:     215032 bytes,     237736 total
[2025-08-19T16:52:11.648+0000][1692266][trace][gc,age      ] GC(73) - age   4:         48 bytes,     237784 total
[2025-08-19T16:52:11.648+0000][1692266][trace][gc,age      ] GC(73) - age   5:        800 bytes,     238584 total
[2025-08-19T16:52:11.648+0000][1692266][trace][gc,age      ] GC(73) - age   8:       5904 bytes,     244488 total
[2025-08-19T16:52:11.648+0000][1692266][info ][gc,heap     ] GC(73) Eden regions: 5->0(5)
[2025-08-19T16:52:11.648+0000][1692266][info ][gc,heap     ] GC(73) Survivor regions: 1->1(1)
[2025-08-19T16:52:11.648+0000][1692266][info ][gc,heap     ] GC(73) Old regions: 35->35
[2025-08-19T16:52:11.648+0000][1692266][info ][gc,heap     ] GC(73) Humongous regions: 0->0
[2025-08-19T16:52:11.648+0000][1692266][info ][gc,metaspace] GC(73) Metaspace: 143759K(147584K)->143759K(147584K) NonClass: 124243K(126272K)->124243K(126272K) Class: 19515K(21312K)->19515K(21312K)
[2025-08-19T16:52:11.648+0000][1692266][info ][gc          ] GC(73) Pause Young (Normal) (G1 Evacuation Pause) 156M->136M(512M) 2.914ms
[2025-08-19T16:52:11.648+0000][1692266][info ][gc,cpu      ] GC(73) User=0.01s Sys=0.00s Real=0.00s
[2025-08-19T16:52:11.649+0000][1692266][info ][safepoint   ] Safepoint "G1CollectForAllocation", Time since last: 1979125077 ns, Reaching safepoint: 6700 ns, Cleanup: 3265 ns, At safepoint: 2953309 ns, Total: 2963274 ns
[2025-08-19T16:52:40.578+0000][1692266][info ][gc,start    ] GC(74) Pause Young (Normal) (G1 Evacuation Pause)
[2025-08-19T16:52:40.578+0000][1692266][info ][gc,task     ] GC(74) Using 1 workers of 1 for evacuation
[2025-08-19T16:52:40.578+0000][1692266][debug][gc,age      ] GC(74) Desired survivor size 2097152 bytes, new threshold 15 (max threshold 15)
[2025-08-19T16:52:40.581+0000][1692266][info ][gc,phases   ] GC(74)   Pre Evacuate Collection Set: 0.0ms
[2025-08-19T16:52:40.581+0000][1692266][info ][gc,phases   ] GC(74)   Merge Heap Roots: 0.0ms
[2025-08-19T16:52:40.581+0000][1692266][info ][gc,phases   ] GC(74)   Evacuate Collection Set: 2.3ms
[2025-08-19T16:52:40.581+0000][1692266][info ][gc,phases   ] GC(74)   Post Evacuate Collection Set: 0.8ms
[2025-08-19T16:52:40.581+0000][1692266][info ][gc,phases   ] GC(74)   Other: 0.0ms
[2025-08-19T16:52:40.581+0000][1692266][trace][gc,age      ] GC(74) Age table with threshold 15 (max threshold 15)
[2025-08-19T16:52:40.581+0000][1692266][trace][gc,age      ] GC(74) - age   1:      13224 bytes,      13224 total
[2025-08-19T16:52:40.581+0000][1692266][trace][gc,age      ] GC(74) - age   2:       2432 bytes,      15656 total
[2025-08-19T16:52:40.581+0000][1692266][trace][gc,age      ] GC(74) - age   3:       8792 bytes,      24448 total
[2025-08-19T16:52:40.581+0000][1692266][trace][gc,age      ] GC(74) - age   4:     213920 bytes,     238368 total
[2025-08-19T16:52:40.581+0000][1692266][trace][gc,age      ] GC(74) - age   5:         48 bytes,     238416 total
[2025-08-19T16:52:40.581+0000][1692266][trace][gc,age      ] GC(74) - age   6:        800 bytes,     239216 total
[2025-08-19T16:52:40.581+0000][1692266][trace][gc,age      ] GC(74) - age   9:       5904 bytes,     245120 total
[2025-08-19T16:52:40.581+0000][1692266][info ][gc,heap     ] GC(74) Eden regions: 5->0(5)
[2025-08-19T16:52:40.581+0000][1692266][info ][gc,heap     ] GC(74) Survivor regions: 1->1(1)
[2025-08-19T16:52:40.581+0000][1692266][info ][gc,heap     ] GC(74) Old regions: 35->35
[2025-08-19T16:52:40.581+0000][1692266][info ][gc,heap     ] GC(74) Humongous regions: 0->0
[2025-08-19T16:52:40.581+0000][1692266][info ][gc,metaspace] GC(74) Metaspace: 143759K(147584K)->143759K(147584K) NonClass: 124243K(126272K)->124243K(126272K) Class: 19515K(21312K)->19515K(21312K)
[2025-08-19T16:52:40.581+0000][1692266][info ][gc          ] GC(74) Pause Young (Normal) (G1 Evacuation Pause) 156M->136M(512M) 3.412ms
[2025-08-19T16:52:40.581+0000][1692266][info ][gc,cpu      ] GC(74) User=0.00s Sys=0.00s Real=0.00s
[2025-08-19T16:52:40.581+0000][1692266][info ][safepoint   ] Safepoint "G1CollectForAllocation", Time since last: 28929043559 ns, Reaching safepoint: 9024 ns, Cleanup: 3475 ns, At safepoint: 3451673 ns, Total: 3464172 ns
[2025-08-19T16:53:09.117+0000][1692266][info ][gc,start    ] GC(75) Pause Young (Normal) (G1 Evacuation Pause)
[2025-08-19T16:53:09.117+0000][1692266][info ][gc,task     ] GC(75) Using 1 workers of 1 for evacuation
[2025-08-19T16:53:09.117+0000][1692266][debug][gc,age      ] GC(75) Desired survivor size 2097152 bytes, new threshold 15 (max threshold 15)
[2025-08-19T16:53:09.120+0000][1692266][info ][gc,phases   ] GC(75)   Pre Evacuate Collection Set: 0.0ms
[2025-08-19T16:53:09.120+0000][1692266][info ][gc,phases   ] GC(75)   Merge Heap Roots: 0.0ms
[2025-08-19T16:53:09.120+0000][1692266][info ][gc,phases   ] GC(75)   Evacuate Collection Set: 2.6ms
[2025-08-19T16:53:09.120+0000][1692266][info ][gc,phases   ] GC(75)   Post Evacuate Collection Set: 0.8ms
[2025-08-19T16:53:09.120+0000][1692266][info ][gc,phases   ] GC(75)   Other: 0.0ms
[2025-08-19T16:53:09.120+0000][1692266][trace][gc,age      ] GC(75) Age table with threshold 15 (max threshold 15)
[2025-08-19T16:53:09.120+0000][1692266][trace][gc,age      ] GC(75) - age   1:      14208 bytes,      14208 total
[2025-08-19T16:53:09.120+0000][1692266][trace][gc,age      ] GC(75) - age   2:         32 bytes,      14240 total
[2025-08-19T16:53:09.120+0000][1692266][trace][gc,age      ] GC(75) - age   3:       1728 bytes,      15968 total
[2025-08-19T16:53:09.120+0000][1692266][trace][gc,age      ] GC(75) - age   4:       8792 bytes,      24760 total
[2025-08-19T16:53:09.120+0000][1692266][trace][gc,age      ] GC(75) - age   5:     213888 bytes,     238648 total
[2025-08-19T16:53:09.120+0000][1692266][trace][gc,age      ] GC(75) - age   6:         48 bytes,     238696 total
[2025-08-19T16:53:09.120+0000][1692266][trace][gc,age      ] GC(75) - age   7:        800 bytes,     239496 total
[2025-08-19T16:53:09.121+0000][1692266][trace][gc,age      ] GC(75) - age  10:       5904 bytes,     245400 total
[2025-08-19T16:53:09.121+0000][1692266][info ][gc,heap     ] GC(75) Eden regions: 5->0(8)
[2025-08-19T16:53:09.121+0000][1692266][info ][gc,heap     ] GC(75) Survivor regions: 1->1(1)
[2025-08-19T16:53:09.121+0000][1692266][info ][gc,heap     ] GC(75) Old regions: 35->35
[2025-08-19T16:53:09.121+0000][1692266][info ][gc,heap     ] GC(75) Humongous regions: 0->0
[2025-08-19T16:53:09.121+0000][1692266][info ][gc,metaspace] GC(75) Metaspace: 143759K(147584K)->143759K(147584K) NonClass: 124243K(126272K)->124243K(126272K) Class: 19515K(21312K)->19515K(21312K)
[2025-08-19T16:53:09.121+0000][1692266][info ][gc          ] GC(75) Pause Young (Normal) (G1 Evacuation Pause) 156M->136M(512M) 3.671ms
[2025-08-19T16:53:09.121+0000][1692266][info ][gc,cpu      ] GC(75) User=0.00s Sys=0.00s Real=0.00s
[2025-08-19T16:53:09.121+0000][1692266][info ][safepoint   ] Safepoint "G1CollectForAllocation", Time since last: 28535815385 ns, Reaching safepoint: 8894 ns, Cleanup: 3185 ns, At safepoint: 3708660 ns, Total: 3720739 ns
[2025-08-19T16:53:54.780+0000][1692266][info ][gc,start    ] GC(76) Pause Young (Normal) (G1 Evacuation Pause)
[2025-08-19T16:53:54.780+0000][1692266][info ][gc,task     ] GC(76) Using 1 workers of 1 for evacuation
[2025-08-19T16:53:54.780+0000][1692266][debug][gc,age      ] GC(76) Desired survivor size 4194304 bytes, new threshold 15 (max threshold 15)
[2025-08-19T16:53:54.786+0000][1692266][info ][gc,phases   ] GC(76)   Pre Evacuate Collection Set: 0.0ms
[2025-08-19T16:53:54.786+0000][1692266][info ][gc,phases   ] GC(76)   Merge Heap Roots: 0.0ms
[2025-08-19T16:53:54.786+0000][1692266][info ][gc,phases   ] GC(76)   Evacuate Collection Set: 4.8ms
[2025-08-19T16:53:54.786+0000][1692266][info ][gc,phases   ] GC(76)   Post Evacuate Collection Set: 0.8ms
[2025-08-19T16:53:54.786+0000][1692266][info ][gc,phases   ] GC(76)   Other: 0.0ms
[2025-08-19T16:53:54.786+0000][1692266][trace][gc,age      ] GC(76) Age table with threshold 15 (max threshold 15)
[2025-08-19T16:53:54.786+0000][1692266][trace][gc,age      ] GC(76) - age   1:      83992 bytes,      83992 total
[2025-08-19T16:53:54.786+0000][1692266][trace][gc,age      ] GC(76) - age   2:        392 bytes,      84384 total
[2025-08-19T16:53:54.786+0000][1692266][trace][gc,age      ] GC(76) - age   4:       1728 bytes,      86112 total
[2025-08-19T16:53:54.786+0000][1692266][trace][gc,age      ] GC(76) - age   5:       8616 bytes,      94728 total
[2025-08-19T16:53:54.786+0000][1692266][trace][gc,age      ] GC(76) - age   6:     213856 bytes,     308584 total
[2025-08-19T16:53:54.786+0000][1692266][trace][gc,age      ] GC(76) - age   7:         48 bytes,     308632 total
[2025-08-19T16:53:54.786+0000][1692266][trace][gc,age      ] GC(76) - age   8:        800 bytes,     309432 total
[2025-08-19T16:53:54.786+0000][1692266][trace][gc,age      ] GC(76) - age  11:       5904 bytes,     315336 total
[2025-08-19T16:53:54.786+0000][1692266][info ][gc,heap     ] GC(76) Eden regions: 8->0(12)
[2025-08-19T16:53:54.786+0000][1692266][info ][gc,heap     ] GC(76) Survivor regions: 1->1(2)
[2025-08-19T16:53:54.786+0000][1692266][info ][gc,heap     ] GC(76) Old regions: 35->35
[2025-08-19T16:53:54.786+0000][1692266][info ][gc,heap     ] GC(76) Humongous regions: 0->0
[2025-08-19T16:53:54.786+0000][1692266][info ][gc,metaspace] GC(76) Metaspace: 143759K(147584K)->143759K(147584K) NonClass: 124243K(126272K)->124243K(126272K) Class: 19515K(21312K)->19515K(21312K)
[2025-08-19T16:53:54.786+0000][1692266][info ][gc          ] GC(76) Pause Young (Normal) (G1 Evacuation Pause) 168M->136M(512M) 5.935ms
[2025-08-19T16:53:54.786+0000][1692266][info ][gc,cpu      ] GC(76) User=0.01s Sys=0.00s Real=0.01s
[2025-08-19T16:53:54.786+0000][1692266][info ][safepoint   ] Safepoint "G1CollectForAllocation", Time since last: 45659546107 ns, Reaching safepoint: 6059 ns, Cleanup: 3535 ns, At safepoint: 5976385 ns, Total: 5985979 ns
[2025-08-19T16:54:14.787+0000][1692266][info ][safepoint   ] Safepoint "Cleanup", Time since last: 20001347546 ns, Reaching safepoint: 45829 ns, Cleanup: 12179 ns, At safepoint: 2263 ns, Total: 60271 ns
[2025-08-19T16:54:24.788+0000][1692266][info ][safepoint   ] Safepoint "Cleanup", Time since last: 10000570507 ns, Reaching safepoint: 43826 ns, Cleanup: 10235 ns, At safepoint: 4758 ns, Total: 58819 ns
[2025-08-19T16:55:06.151+0000][1692266][info ][gc,start    ] GC(77) Pause Young (Normal) (G1 Evacuation Pause)
[2025-08-19T16:55:06.151+0000][1692266][info ][gc,task     ] GC(77) Using 1 workers of 1 for evacuation
[2025-08-19T16:55:06.151+0000][1692266][debug][gc,age      ] GC(77) Desired survivor size 4194304 bytes, new threshold 15 (max threshold 15)
[2025-08-19T16:55:06.155+0000][1692266][info ][gc,phases   ] GC(77)   Pre Evacuate Collection Set: 0.0ms
[2025-08-19T16:55:06.155+0000][1692266][info ][gc,phases   ] GC(77)   Merge Heap Roots: 0.0ms
[2025-08-19T16:55:06.155+0000][1692266][info ][gc,phases   ] GC(77)   Evacuate Collection Set: 3.4ms
[2025-08-19T16:55:06.155+0000][1692266][info ][gc,phases   ] GC(77)   Post Evacuate Collection Set: 0.8ms
[2025-08-19T16:55:06.155+0000][1692266][info ][gc,phases   ] GC(77)   Other: 0.0ms
[2025-08-19T16:55:06.155+0000][1692266][trace][gc,age      ] GC(77) Age table with threshold 15 (max threshold 15)
[2025-08-19T16:55:06.155+0000][1692266][trace][gc,age      ] GC(77) - age   1:      14080 bytes,      14080 total
[2025-08-19T16:55:06.155+0000][1692266][trace][gc,age      ] GC(77) - age   2:        568 bytes,      14648 total
[2025-08-19T16:55:06.155+0000][1692266][trace][gc,age      ] GC(77) - age   3:        392 bytes,      15040 total
[2025-08-19T16:55:06.155+0000][1692266][trace][gc,age      ] GC(77) - age   5:       1696 bytes,      16736 total
[2025-08-19T16:55:06.155+0000][1692266][trace][gc,age      ] GC(77) - age   6:       8616 bytes,      25352 total
[2025-08-19T16:55:06.155+0000][1692266][trace][gc,age      ] GC(77) - age   7:     213856 bytes,     239208 total
[2025-08-19T16:55:06.155+0000][1692266][trace][gc,age      ] GC(77) - age   8:         48 bytes,     239256 total
[2025-08-19T16:55:06.155+0000][1692266][trace][gc,age      ] GC(77) - age   9:        800 bytes,     240056 total
[2025-08-19T16:55:06.155+0000][1692266][trace][gc,age      ] GC(77) - age  12:       5904 bytes,     245960 total
[2025-08-19T16:55:06.155+0000][1692266][info ][gc,heap     ] GC(77) Eden regions: 12->0(25)
[2025-08-19T16:55:06.155+0000][1692266][info ][gc,heap     ] GC(77) Survivor regions: 1->1(2)
[2025-08-19T16:55:06.155+0000][1692266][info ][gc,heap     ] GC(77) Old regions: 35->35
[2025-08-19T16:55:06.155+0000][1692266][info ][gc,heap     ] GC(77) Humongous regions: 0->0
[2025-08-19T16:55:06.155+0000][1692266][info ][gc,metaspace] GC(77) Metaspace: 143771K(147584K)->143771K(147584K) NonClass: 124255K(126272K)->124255K(126272K) Class: 19515K(21312K)->19515K(21312K)
[2025-08-19T16:55:06.155+0000][1692266][info ][gc          ] GC(77) Pause Young (Normal) (G1 Evacuation Pause) 184M->136M(512M) 4.383ms
[2025-08-19T16:55:06.155+0000][1692266][info ][gc,cpu      ] GC(77) User=0.00s Sys=0.00s Real=0.00s
[2025-08-19T16:55:06.155+0000][1692266][info ][safepoint   ] Safepoint "G1CollectForAllocation", Time since last: 41362428041 ns, Reaching safepoint: 8663 ns, Cleanup: 3395 ns, At safepoint: 4421447 ns, Total: 4433505 ns
[2025-08-19T16:55:24.156+0000][1692266][info ][safepoint   ] Safepoint "Cleanup", Time since last: 18001008703 ns, Reaching safepoint: 37436 ns, Cleanup: 11908 ns, At safepoint: 367114 ns, Total: 416458 ns
[2025-08-19T16:57:30.586+0000][1692266][info ][gc,start    ] GC(78) Pause Young (Normal) (G1 Evacuation Pause)
[2025-08-19T16:57:30.586+0000][1692266][info ][gc,task     ] GC(78) Using 1 workers of 1 for evacuation
[2025-08-19T16:57:30.586+0000][1692266][debug][gc,age      ] GC(78) Desired survivor size 8388608 bytes, new threshold 15 (max threshold 15)
[2025-08-19T16:57:30.590+0000][1692266][info ][gc,phases   ] GC(78)   Pre Evacuate Collection Set: 0.1ms
[2025-08-19T16:57:30.590+0000][1692266][info ][gc,phases   ] GC(78)   Merge Heap Roots: 0.0ms
[2025-08-19T16:57:30.590+0000][1692266][info ][gc,phases   ] GC(78)   Evacuate Collection Set: 3.0ms
[2025-08-19T16:57:30.590+0000][1692266][info ][gc,phases   ] GC(78)   Post Evacuate Collection Set: 0.8ms
[2025-08-19T16:57:30.590+0000][1692266][info ][gc,phases   ] GC(78)   Other: 0.0ms
[2025-08-19T16:57:30.590+0000][1692266][trace][gc,age      ] GC(78) Age table with threshold 15 (max threshold 15)
[2025-08-19T16:57:30.590+0000][1692266][trace][gc,age      ] GC(78) - age   1:      20384 bytes,      20384 total
[2025-08-19T16:57:30.590+0000][1692266][trace][gc,age      ] GC(78) - age   2:        472 bytes,      20856 total
[2025-08-19T16:57:30.590+0000][1692266][trace][gc,age      ] GC(78) - age   3:        360 bytes,      21216 total
[2025-08-19T16:57:30.590+0000][1692266][trace][gc,age      ] GC(78) - age   4:        360 bytes,      21576 total
[2025-08-19T16:57:30.590+0000][1692266][trace][gc,age      ] GC(78) - age   6:        848 bytes,      22424 total
[2025-08-19T16:57:30.590+0000][1692266][trace][gc,age      ] GC(78) - age   7:       8552 bytes,      30976 total
[2025-08-19T16:57:30.590+0000][1692266][trace][gc,age      ] GC(78) - age   8:     213448 bytes,     244424 total
[2025-08-19T16:57:30.590+0000][1692266][trace][gc,age      ] GC(78) - age  10:        768 bytes,     245192 total
[2025-08-19T16:57:30.590+0000][1692266][trace][gc,age      ] GC(78) - age  13:       5904 bytes,     251096 total
[2025-08-19T16:57:30.590+0000][1692266][info ][gc,heap     ] GC(78) Eden regions: 25->0(45)
[2025-08-19T16:57:30.590+0000][1692266][info ][gc,heap     ] GC(78) Survivor regions: 1->1(4)
[2025-08-19T16:57:30.590+0000][1692266][info ][gc,heap     ] GC(78) Old regions: 35->35
[2025-08-19T16:57:30.590+0000][1692266][info ][gc,heap     ] GC(78) Humongous regions: 0->0
[2025-08-19T16:57:30.590+0000][1692266][info ][gc,metaspace] GC(78) Metaspace: 143771K(147584K)->143771K(147584K) NonClass: 124255K(126272K)->124255K(126272K) Class: 19515K(21312K)->19515K(21312K)
[2025-08-19T16:57:30.590+0000][1692266][info ][gc          ] GC(78) Pause Young (Normal) (G1 Evacuation Pause) 236M->136M(512M) 4.370ms
[2025-08-19T16:57:30.590+0000][1692266][info ][gc,cpu      ] GC(78) User=0.00s Sys=0.00s Real=0.00s
[2025-08-19T16:57:30.590+0000][1692266][info ][safepoint   ] Safepoint "G1CollectForAllocation", Time since last: 126429471570 ns, Reaching safepoint: 8804 ns, Cleanup: 3345 ns, At safepoint: 4407987 ns, Total: 4420136 ns
[2025-08-19T16:57:57.592+0000][1692266][info ][safepoint   ] Safepoint "Cleanup", Time since last: 27001621642 ns, Reaching safepoint: 70216 ns, Cleanup: 10947 ns, At safepoint: 4707 ns, Total: 85870 ns
[2025-08-19T17:00:07.600+0000][1692266][info ][safepoint   ] Safepoint "Cleanup", Time since last: 130007661764 ns, Reaching safepoint: 252842 ns, Cleanup: 12078 ns, At safepoint: 2284 ns, Total: 267204 ns
[2025-08-19T17:01:54.256+0000][1692266][info ][gc,start    ] GC(79) Pause Young (Normal) (G1 Evacuation Pause)
[2025-08-19T17:01:54.256+0000][1692266][info ][gc,task     ] GC(79) Using 1 workers of 1 for evacuation
[2025-08-19T17:01:54.256+0000][1692266][debug][gc,age      ] GC(79) Desired survivor size 12582912 bytes, new threshold 15 (max threshold 15)
[2025-08-19T17:01:54.261+0000][1692266][info ][gc,phases   ] GC(79)   Pre Evacuate Collection Set: 0.0ms
[2025-08-19T17:01:54.261+0000][1692266][info ][gc,phases   ] GC(79)   Merge Heap Roots: 0.0ms
[2025-08-19T17:01:54.261+0000][1692266][info ][gc,phases   ] GC(79)   Evacuate Collection Set: 3.3ms
[2025-08-19T17:01:54.261+0000][1692266][info ][gc,phases   ] GC(79)   Post Evacuate Collection Set: 0.9ms
[2025-08-19T17:01:54.261+0000][1692266][info ][gc,phases   ] GC(79)   Other: 0.0ms
[2025-08-19T17:01:54.261+0000][1692266][trace][gc,age      ] GC(79) Age table with threshold 15 (max threshold 15)
[2025-08-19T17:01:54.261+0000][1692266][trace][gc,age      ] GC(79) - age   1:      22872 bytes,      22872 total
[2025-08-19T17:01:54.261+0000][1692266][trace][gc,age      ] GC(79) - age   2:       6344 bytes,      29216 total
[2025-08-19T17:01:54.261+0000][1692266][trace][gc,age      ] GC(79) - age   3:        440 bytes,      29656 total
[2025-08-19T17:01:54.261+0000][1692266][trace][gc,age      ] GC(79) - age   4:        360 bytes,      30016 total
[2025-08-19T17:01:54.261+0000][1692266][trace][gc,age      ] GC(79) - age   5:        360 bytes,      30376 total
[2025-08-19T17:01:54.261+0000][1692266][trace][gc,age      ] GC(79) - age   7:        848 bytes,      31224 total
[2025-08-19T17:01:54.261+0000][1692266][trace][gc,age      ] GC(79) - age   8:       8528 bytes,      39752 total
[2025-08-19T17:01:54.261+0000][1692266][trace][gc,age      ] GC(79) - age   9:     213048 bytes,     252800 total
[2025-08-19T17:01:54.261+0000][1692266][trace][gc,age      ] GC(79) - age  11:        768 bytes,     253568 total
[2025-08-19T17:01:54.261+0000][1692266][trace][gc,age      ] GC(79) - age  14:       5904 bytes,     259472 total
[2025-08-19T17:01:54.261+0000][1692266][info ][gc,heap     ] GC(79) Eden regions: 45->0(65)
[2025-08-19T17:01:54.261+0000][1692266][info ][gc,heap     ] GC(79) Survivor regions: 1->1(6)
[2025-08-19T17:01:54.261+0000][1692266][info ][gc,heap     ] GC(79) Old regions: 35->35
[2025-08-19T17:01:54.261+0000][1692266][info ][gc,heap     ] GC(79) Humongous regions: 0->0
[2025-08-19T17:01:54.261+0000][1692266][info ][gc,metaspace] GC(79) Metaspace: 143771K(147584K)->143771K(147584K) NonClass: 124255K(126272K)->124255K(126272K) Class: 19515K(21312K)->19515K(21312K)
[2025-08-19T17:01:54.261+0000][1692266][info ][gc          ] GC(79) Pause Young (Normal) (G1 Evacuation Pause) 316M->136M(512M) 5.024ms
[2025-08-19T17:01:54.261+0000][1692266][info ][gc,cpu      ] GC(79) User=0.00s Sys=0.00s Real=0.00s
[2025-08-19T17:01:54.261+0000][1692266][info ][safepoint   ] Safepoint "G1CollectForAllocation", Time since last: 106655689912 ns, Reaching safepoint: 7852 ns, Cleanup: 3065 ns, At safepoint: 5061574 ns, Total: 5072491 ns
[2025-08-19T17:07:25.294+0000][1692266][info ][safepoint   ] Safepoint "Cleanup", Time since last: 331033589208 ns, Reaching safepoint: 44097 ns, Cleanup: 11077 ns, At safepoint: 4867 ns, Total: 60041 ns
[2025-08-19T17:08:19.333+0000][1692266][info ][gc,start    ] GC(80) Pause Young (Normal) (G1 Evacuation Pause)
[2025-08-19T17:08:19.333+0000][1692266][info ][gc,task     ] GC(80) Using 1 workers of 1 for evacuation
[2025-08-19T17:08:19.333+0000][1692266][debug][gc,age      ] GC(80) Desired survivor size 18874368 bytes, new threshold 15 (max threshold 15)
[2025-08-19T17:08:19.337+0000][1692266][info ][gc,phases   ] GC(80)   Pre Evacuate Collection Set: 0.0ms
[2025-08-19T17:08:19.337+0000][1692266][info ][gc,phases   ] GC(80)   Merge Heap Roots: 0.0ms
[2025-08-19T17:08:19.337+0000][1692266][info ][gc,phases   ] GC(80)   Evacuate Collection Set: 3.3ms
[2025-08-19T17:08:19.337+0000][1692266][info ][gc,phases   ] GC(80)   Post Evacuate Collection Set: 0.9ms
[2025-08-19T17:08:19.337+0000][1692266][info ][gc,phases   ] GC(80)   Other: 0.0ms
[2025-08-19T17:08:19.337+0000][1692266][trace][gc,age      ] GC(80) Age table with threshold 15 (max threshold 15)
[2025-08-19T17:08:19.337+0000][1692266][trace][gc,age      ] GC(80) - age   1:      19296 bytes,      19296 total
[2025-08-19T17:08:19.337+0000][1692266][trace][gc,age      ] GC(80) - age   2:       9464 bytes,      28760 total
[2025-08-19T17:08:19.337+0000][1692266][trace][gc,age      ] GC(80) - age   3:       5384 bytes,      34144 total
[2025-08-19T17:08:19.337+0000][1692266][trace][gc,age      ] GC(80) - age   4:        440 bytes,      34584 total
[2025-08-19T17:08:19.337+0000][1692266][trace][gc,age      ] GC(80) - age   5:        360 bytes,      34944 total
[2025-08-19T17:08:19.337+0000][1692266][trace][gc,age      ] GC(80) - age   6:        360 bytes,      35304 total
[2025-08-19T17:08:19.337+0000][1692266][trace][gc,age      ] GC(80) - age   8:        720 bytes,      36024 total
[2025-08-19T17:08:19.337+0000][1692266][trace][gc,age      ] GC(80) - age   9:       8528 bytes,      44552 total
[2025-08-19T17:08:19.337+0000][1692266][trace][gc,age      ] GC(80) - age  10:     212496 bytes,     257048 total
[2025-08-19T17:08:19.337+0000][1692266][trace][gc,age      ] GC(80) - age  12:        768 bytes,     257816 total
[2025-08-19T17:08:19.337+0000][1692266][trace][gc,age      ] GC(80) - age  15:       5904 bytes,     263720 total
[2025-08-19T17:08:19.337+0000][1692266][info ][gc,heap     ] GC(80) Eden regions: 65->0(75)
[2025-08-19T17:08:19.337+0000][1692266][info ][gc,heap     ] GC(80) Survivor regions: 1->1(9)
[2025-08-19T17:08:19.337+0000][1692266][info ][gc,heap     ] GC(80) Old regions: 35->35
[2025-08-19T17:08:19.337+0000][1692266][info ][gc,heap     ] GC(80) Humongous regions: 0->0
[2025-08-19T17:08:19.337+0000][1692266][info ][gc,metaspace] GC(80) Metaspace: 143778K(147584K)->143778K(147584K) NonClass: 124262K(126272K)->124262K(126272K) Class: 19515K(21312K)->19515K(21312K)
[2025-08-19T17:08:19.337+0000][1692266][info ][gc          ] GC(80) Pause Young (Normal) (G1 Evacuation Pause) 396M->136M(512M) 4.439ms
[2025-08-19T17:08:19.337+0000][1692266][info ][gc,cpu      ] GC(80) User=0.00s Sys=0.00s Real=0.01s
[2025-08-19T17:08:19.337+0000][1692266][info ][safepoint   ] Safepoint "G1CollectForAllocation", Time since last: 54038206001 ns, Reaching safepoint: 8193 ns, Cleanup: 2924 ns, At safepoint: 4476360 ns, Total: 4487477 ns
[2025-08-19T17:10:52.358+0000][1692266][info ][safepoint   ] Safepoint "Cleanup", Time since last: 153020865407 ns, Reaching safepoint: 6019 ns, Cleanup: 9064 ns, At safepoint: 1883 ns, Total: 16966 ns
[2025-08-19T17:11:11.361+0000][1692266][info ][safepoint   ] Safepoint "Cleanup", Time since last: 19002958631 ns, Reaching safepoint: 38919 ns, Cleanup: 9124 ns, At safepoint: 2263 ns, Total: 50306 ns
[2025-08-19T17:11:24.363+0000][1692266][info ][safepoint   ] Safepoint "Cleanup", Time since last: 13001969222 ns, Reaching safepoint: 40752 ns, Cleanup: 9494 ns, At safepoint: 2143 ns, Total: 52389 ns
[2025-08-19T17:11:25.363+0000][1692266][info ][safepoint   ] Safepoint "Cleanup", Time since last: 1000116218 ns, Reaching safepoint: 5849 ns, Cleanup: 8853 ns, At safepoint: 2164 ns, Total: 16866 ns
[2025-08-19T17:11:55.368+0000][1692266][info ][safepoint   ] Safepoint "Cleanup", Time since last: 30004565473 ns, Reaching safepoint: 5818 ns, Cleanup: 11788 ns, At safepoint: 2384 ns, Total: 19990 ns
[2025-08-19T17:12:55.373+0000][1692266][info ][safepoint   ] Safepoint "Cleanup", Time since last: 60004657210 ns, Reaching safepoint: 292942 ns, Cleanup: 11467 ns, At safepoint: 2494 ns, Total: 306903 ns
[2025-08-19T17:15:43.908+0000][1692266][info ][gc,start    ] GC(81) Pause Young (Normal) (G1 Evacuation Pause)
[2025-08-19T17:15:43.909+0000][1692266][info ][gc,task     ] GC(81) Using 1 workers of 1 for evacuation
[2025-08-19T17:15:43.909+0000][1692266][debug][gc,age      ] GC(81) Desired survivor size 20971520 bytes, new threshold 15 (max threshold 15)
[2025-08-19T17:15:43.913+0000][1692266][info ][gc,phases   ] GC(81)   Pre Evacuate Collection Set: 0.1ms
[2025-08-19T17:15:43.913+0000][1692266][info ][gc,phases   ] GC(81)   Merge Heap Roots: 0.0ms
[2025-08-19T17:15:43.913+0000][1692266][info ][gc,phases   ] GC(81)   Evacuate Collection Set: 3.4ms
[2025-08-19T17:15:43.913+0000][1692266][info ][gc,phases   ] GC(81)   Post Evacuate Collection Set: 0.9ms
[2025-08-19T17:15:43.913+0000][1692266][info ][gc,phases   ] GC(81)   Other: 0.0ms
[2025-08-19T17:15:43.913+0000][1692266][trace][gc,age      ] GC(81) Age table with threshold 15 (max threshold 15)
[2025-08-19T17:15:43.913+0000][1692266][trace][gc,age      ] GC(81) - age   1:      16216 bytes,      16216 total
[2025-08-19T17:15:43.913+0000][1692266][trace][gc,age      ] GC(81) - age   2:       4968 bytes,      21184 total
[2025-08-19T17:15:43.913+0000][1692266][trace][gc,age      ] GC(81) - age   3:       9040 bytes,      30224 total
[2025-08-19T17:15:43.913+0000][1692266][trace][gc,age      ] GC(81) - age   4:       5384 bytes,      35608 total
[2025-08-19T17:15:43.913+0000][1692266][trace][gc,age      ] GC(81) - age   5:        440 bytes,      36048 total
[2025-08-19T17:15:43.913+0000][1692266][trace][gc,age      ] GC(81) - age   6:        360 bytes,      36408 total
[2025-08-19T17:15:43.913+0000][1692266][trace][gc,age      ] GC(81) - age   7:        360 bytes,      36768 total
[2025-08-19T17:15:43.913+0000][1692266][trace][gc,age      ] GC(81) - age   9:        720 bytes,      37488 total
[2025-08-19T17:15:43.913+0000][1692266][trace][gc,age      ] GC(81) - age  10:       8528 bytes,      46016 total
[2025-08-19T17:15:43.913+0000][1692266][trace][gc,age      ] GC(81) - age  11:     212496 bytes,     258512 total
[2025-08-19T17:15:43.913+0000][1692266][trace][gc,age      ] GC(81) - age  13:        768 bytes,     259280 total
[2025-08-19T17:15:43.913+0000][1692266][info ][gc,heap     ] GC(81) Eden regions: 75->0(75)
[2025-08-19T17:15:43.913+0000][1692266][info ][gc,heap     ] GC(81) Survivor regions: 1->1(10)
[2025-08-19T17:15:43.913+0000][1692266][info ][gc,heap     ] GC(81) Old regions: 35->35
[2025-08-19T17:15:43.913+0000][1692266][info ][gc,heap     ] GC(81) Humongous regions: 0->0
[2025-08-19T17:15:43.913+0000][1692266][info ][gc,metaspace] GC(81) Metaspace: 143823K(147648K)->143823K(147648K) NonClass: 124307K(126336K)->124307K(126336K) Class: 19515K(21312K)->19515K(21312K)
[2025-08-19T17:15:43.913+0000][1692266][info ][gc          ] GC(81) Pause Young (Normal) (G1 Evacuation Pause) 436M->136M(512M) 5.021ms
[2025-08-19T17:15:43.913+0000][1692266][info ][gc,cpu      ] GC(81) User=0.00s Sys=0.00s Real=0.00s
[2025-08-19T17:15:43.913+0000][1692266][info ][safepoint   ] Safepoint "G1CollectForAllocation", Time since last: 168535553944 ns, Reaching safepoint: 9044 ns, Cleanup: 3085 ns, At safepoint: 5058880 ns, Total: 5071009 ns
[2025-08-19T17:16:24.916+0000][1692266][info ][safepoint   ] Safepoint "Cleanup", Time since last: 41002335590 ns, Reaching safepoint: 40842 ns, Cleanup: 6169 ns, At safepoint: 4317 ns, Total: 51328 ns
[2025-08-19T17:23:07.812+0000][1692266][info ][gc,start    ] GC(82) Pause Young (Normal) (G1 Evacuation Pause)
[2025-08-19T17:23:07.813+0000][1692266][info ][gc,task     ] GC(82) Using 1 workers of 1 for evacuation
[2025-08-19T17:23:07.813+0000][1692266][debug][gc,age      ] GC(82) Desired survivor size 20971520 bytes, new threshold 15 (max threshold 15)
[2025-08-19T17:23:07.816+0000][1692266][info ][gc,phases   ] GC(82)   Pre Evacuate Collection Set: 0.1ms
[2025-08-19T17:23:07.816+0000][1692266][info ][gc,phases   ] GC(82)   Merge Heap Roots: 0.0ms
[2025-08-19T17:23:07.816+0000][1692266][info ][gc,phases   ] GC(82)   Evacuate Collection Set: 2.2ms
[2025-08-19T17:23:07.816+0000][1692266][info ][gc,phases   ] GC(82)   Post Evacuate Collection Set: 1.0ms
[2025-08-19T17:23:07.816+0000][1692266][info ][gc,phases   ] GC(82)   Other: 0.0ms
[2025-08-19T17:23:07.816+0000][1692266][trace][gc,age      ] GC(82) Age table with threshold 15 (max threshold 15)
[2025-08-19T17:23:07.816+0000][1692266][trace][gc,age      ] GC(82) - age   1:      25272 bytes,      25272 total
[2025-08-19T17:23:07.816+0000][1692266][trace][gc,age      ] GC(82) - age   2:       1360 bytes,      26632 total
[2025-08-19T17:23:07.816+0000][1692266][trace][gc,age      ] GC(82) - age   3:       4304 bytes,      30936 total
[2025-08-19T17:23:07.816+0000][1692266][trace][gc,age      ] GC(82) - age   4:       9040 bytes,      39976 total
[2025-08-19T17:23:07.816+0000][1692266][trace][gc,age      ] GC(82) - age   5:       5384 bytes,      45360 total
[2025-08-19T17:23:07.816+0000][1692266][trace][gc,age      ] GC(82) - age   6:        440 bytes,      45800 total
[2025-08-19T17:23:07.816+0000][1692266][trace][gc,age      ] GC(82) - age   7:        360 bytes,      46160 total
[2025-08-19T17:23:07.816+0000][1692266][trace][gc,age      ] GC(82) - age   8:        360 bytes,      46520 total
[2025-08-19T17:23:07.816+0000][1692266][trace][gc,age      ] GC(82) - age  10:        720 bytes,      47240 total
[2025-08-19T17:23:07.816+0000][1692266][trace][gc,age      ] GC(82) - age  11:       8528 bytes,      55768 total
[2025-08-19T17:23:07.816+0000][1692266][trace][gc,age      ] GC(82) - age  12:     212496 bytes,     268264 total
[2025-08-19T17:23:07.816+0000][1692266][trace][gc,age      ] GC(82) - age  14:        768 bytes,     269032 total
[2025-08-19T17:23:07.816+0000][1692266][info ][gc,heap     ] GC(82) Eden regions: 75->0(75)
[2025-08-19T17:23:07.816+0000][1692266][info ][gc,heap     ] GC(82) Survivor regions: 1->1(10)
[2025-08-19T17:23:07.816+0000][1692266][info ][gc,heap     ] GC(82) Old regions: 35->35
[2025-08-19T17:23:07.816+0000][1692266][info ][gc,heap     ] GC(82) Humongous regions: 0->0
[2025-08-19T17:23:07.816+0000][1692266][info ][gc,metaspace] GC(82) Metaspace: 143823K(147648K)->143823K(147648K) NonClass: 124307K(126336K)->124307K(126336K) Class: 19515K(21312K)->19515K(21312K)
[2025-08-19T17:23:07.816+0000][1692266][info ][gc          ] GC(82) Pause Young (Normal) (G1 Evacuation Pause) 436M->136M(512M) 3.871ms
[2025-08-19T17:23:07.816+0000][1692266][info ][gc,cpu      ] GC(82) User=0.00s Sys=0.00s Real=0.01s
[2025-08-19T17:23:07.816+0000][1692266][info ][safepoint   ] Safepoint "G1CollectForAllocation", Time since last: 402896456043 ns, Reaching safepoint: 10426 ns, Cleanup: 3606 ns, At safepoint: 3910726 ns, Total: 3924758 ns
[2025-08-19T17:30:30.572+0000][1692266][info ][gc,start    ] GC(83) Pause Young (Normal) (G1 Evacuation Pause)
[2025-08-19T17:30:30.573+0000][1692266][info ][gc,task     ] GC(83) Using 1 workers of 1 for evacuation
[2025-08-19T17:30:30.573+0000][1692266][debug][gc,age      ] GC(83) Desired survivor size 20971520 bytes, new threshold 15 (max threshold 15)
[2025-08-19T17:30:30.576+0000][1692266][info ][gc,phases   ] GC(83)   Pre Evacuate Collection Set: 0.1ms
[2025-08-19T17:30:30.576+0000][1692266][info ][gc,phases   ] GC(83)   Merge Heap Roots: 0.0ms
[2025-08-19T17:30:30.576+0000][1692266][info ][gc,phases   ] GC(83)   Evacuate Collection Set: 2.2ms
[2025-08-19T17:30:30.576+0000][1692266][info ][gc,phases   ] GC(83)   Post Evacuate Collection Set: 0.8ms
[2025-08-19T17:30:30.576+0000][1692266][info ][gc,phases   ] GC(83)   Other: 0.0ms
[2025-08-19T17:30:30.576+0000][1692266][trace][gc,age      ] GC(83) Age table with threshold 15 (max threshold 15)
[2025-08-19T17:30:30.576+0000][1692266][trace][gc,age      ] GC(83) - age   1:      14160 bytes,      14160 total
[2025-08-19T17:30:30.576+0000][1692266][trace][gc,age      ] GC(83) - age   2:       9712 bytes,      23872 total
[2025-08-19T17:30:30.576+0000][1692266][trace][gc,age      ] GC(83) - age   3:       1360 bytes,      25232 total
[2025-08-19T17:30:30.576+0000][1692266][trace][gc,age      ] GC(83) - age   4:       4304 bytes,      29536 total
[2025-08-19T17:30:30.576+0000][1692266][trace][gc,age      ] GC(83) - age   5:       9040 bytes,      38576 total
[2025-08-19T17:30:30.576+0000][1692266][trace][gc,age      ] GC(83) - age   6:       5384 bytes,      43960 total
[2025-08-19T17:30:30.576+0000][1692266][trace][gc,age      ] GC(83) - age   7:        440 bytes,      44400 total
[2025-08-19T17:30:30.576+0000][1692266][trace][gc,age      ] GC(83) - age   8:        360 bytes,      44760 total
[2025-08-19T17:30:30.576+0000][1692266][trace][gc,age      ] GC(83) - age   9:        360 bytes,      45120 total
[2025-08-19T17:30:30.576+0000][1692266][trace][gc,age      ] GC(83) - age  11:        720 bytes,      45840 total
[2025-08-19T17:30:30.576+0000][1692266][trace][gc,age      ] GC(83) - age  12:       8528 bytes,      54368 total
[2025-08-19T17:30:30.576+0000][1692266][trace][gc,age      ] GC(83) - age  13:     212496 bytes,     266864 total
[2025-08-19T17:30:30.576+0000][1692266][trace][gc,age      ] GC(83) - age  15:        768 bytes,     267632 total
[2025-08-19T17:30:30.576+0000][1692266][info ][gc,heap     ] GC(83) Eden regions: 75->0(75)
[2025-08-19T17:30:30.576+0000][1692266][info ][gc,heap     ] GC(83) Survivor regions: 1->1(10)
[2025-08-19T17:30:30.576+0000][1692266][info ][gc,heap     ] GC(83) Old regions: 35->35
[2025-08-19T17:30:30.576+0000][1692266][info ][gc,heap     ] GC(83) Humongous regions: 0->0
[2025-08-19T17:30:30.576+0000][1692266][info ][gc,metaspace] GC(83) Metaspace: 143825K(147648K)->143825K(147648K) NonClass: 124309K(126336K)->124309K(126336K) Class: 19515K(21312K)->19515K(21312K)
[2025-08-19T17:30:30.576+0000][1692266][info ][gc          ] GC(83) Pause Young (Normal) (G1 Evacuation Pause) 436M->136M(512M) 3.740ms
[2025-08-19T17:30:30.576+0000][1692266][info ][gc,cpu      ] GC(83) User=0.00s Sys=0.00s Real=0.01s
[2025-08-19T17:30:30.576+0000][1692266][info ][safepoint   ] Safepoint "G1CollectForAllocation", Time since last: 442756105398 ns, Reaching safepoint: 7762 ns, Cleanup: 3164 ns, At safepoint: 3779859 ns, Total: 3790785 ns
[2025-08-19T17:35:36.624+0000][1692266][info ][safepoint   ] Safepoint "Cleanup", Time since last: 306047764430 ns, Reaching safepoint: 45299 ns, Cleanup: 8733 ns, At safepoint: 4376 ns, Total: 58408 ns
[2025-08-19T17:35:52.626+0000][1692266][info ][safepoint   ] Safepoint "Cleanup", Time since last: 16002616107 ns, Reaching safepoint: 6139 ns, Cleanup: 8463 ns, At safepoint: 66671 ns, Total: 81273 ns
[2025-08-19T17:35:54.627+0000][1692266][info ][safepoint   ] Safepoint "Cleanup", Time since last: 2000247274 ns, Reaching safepoint: 6029 ns, Cleanup: 9995 ns, At safepoint: 2003 ns, Total: 18027 ns
[2025-08-19T17:35:56.627+0000][1692266][info ][safepoint   ] Safepoint "Cleanup", Time since last: 2000326894 ns, Reaching safepoint: 42695 ns, Cleanup: 12088 ns, At safepoint: 4587 ns, Total: 59370 ns
[2025-08-19T17:37:24.632+0000][1692266][info ][safepoint   ] Safepoint "Cleanup", Time since last: 88005272277 ns, Reaching safepoint: 64448 ns, Cleanup: 10235 ns, At safepoint: 2634 ns, Total: 77317 ns
[2025-08-19T17:37:53.427+0000][1692266][info ][gc,start    ] GC(84) Pause Young (Normal) (G1 Evacuation Pause)
[2025-08-19T17:37:53.427+0000][1692266][info ][gc,task     ] GC(84) Using 1 workers of 1 for evacuation
[2025-08-19T17:37:53.427+0000][1692266][debug][gc,age      ] GC(84) Desired survivor size 20971520 bytes, new threshold 15 (max threshold 15)
[2025-08-19T17:37:53.430+0000][1692266][info ][gc,phases   ] GC(84)   Pre Evacuate Collection Set: 0.1ms
[2025-08-19T17:37:53.430+0000][1692266][info ][gc,phases   ] GC(84)   Merge Heap Roots: 0.0ms
[2025-08-19T17:37:53.430+0000][1692266][info ][gc,phases   ] GC(84)   Evacuate Collection Set: 2.2ms
[2025-08-19T17:37:53.430+0000][1692266][info ][gc,phases   ] GC(84)   Post Evacuate Collection Set: 0.8ms
[2025-08-19T17:37:53.430+0000][1692266][info ][gc,phases   ] GC(84)   Other: 0.0ms
[2025-08-19T17:37:53.430+0000][1692266][trace][gc,age      ] GC(84) Age table with threshold 15 (max threshold 15)
[2025-08-19T17:37:53.430+0000][1692266][trace][gc,age      ] GC(84) - age   1:      21368 bytes,      21368 total
[2025-08-19T17:37:53.430+0000][1692266][trace][gc,age      ] GC(84) - age   3:       8608 bytes,      29976 total
[2025-08-19T17:37:53.430+0000][1692266][trace][gc,age      ] GC(84) - age   4:       1360 bytes,      31336 total
[2025-08-19T17:37:53.430+0000][1692266][trace][gc,age      ] GC(84) - age   5:       4304 bytes,      35640 total
[2025-08-19T17:37:53.430+0000][1692266][trace][gc,age      ] GC(84) - age   6:       9040 bytes,      44680 total
[2025-08-19T17:37:53.430+0000][1692266][trace][gc,age      ] GC(84) - age   7:       5384 bytes,      50064 total
[2025-08-19T17:37:53.430+0000][1692266][trace][gc,age      ] GC(84) - age   8:        440 bytes,      50504 total
[2025-08-19T17:37:53.430+0000][1692266][trace][gc,age      ] GC(84) - age   9:        360 bytes,      50864 total
[2025-08-19T17:37:53.430+0000][1692266][trace][gc,age      ] GC(84) - age  10:        360 bytes,      51224 total
[2025-08-19T17:37:53.430+0000][1692266][trace][gc,age      ] GC(84) - age  12:        720 bytes,      51944 total
[2025-08-19T17:37:53.430+0000][1692266][trace][gc,age      ] GC(84) - age  13:       8528 bytes,      60472 total
[2025-08-19T17:37:53.430+0000][1692266][trace][gc,age      ] GC(84) - age  14:     212496 bytes,     272968 total
[2025-08-19T17:37:53.430+0000][1692266][info ][gc,heap     ] GC(84) Eden regions: 75->0(75)
[2025-08-19T17:37:53.430+0000][1692266][info ][gc,heap     ] GC(84) Survivor regions: 1->1(10)
[2025-08-19T17:37:53.430+0000][1692266][info ][gc,heap     ] GC(84) Old regions: 35->35
[2025-08-19T17:37:53.430+0000][1692266][info ][gc,heap     ] GC(84) Humongous regions: 0->0
[2025-08-19T17:37:53.430+0000][1692266][info ][gc,metaspace] GC(84) Metaspace: 143825K(147648K)->143825K(147648K) NonClass: 124309K(126336K)->124309K(126336K) Class: 19515K(21312K)->19515K(21312K)
[2025-08-19T17:37:53.430+0000][1692266][info ][gc          ] GC(84) Pause Young (Normal) (G1 Evacuation Pause) 436M->136M(512M) 3.274ms
[2025-08-19T17:37:53.430+0000][1692266][info ][gc,cpu      ] GC(84) User=0.00s Sys=0.00s Real=0.00s
[2025-08-19T17:37:53.430+0000][1692266][info ][safepoint   ] Safepoint "G1CollectForAllocation", Time since last: 28794376897 ns, Reaching safepoint: 10506 ns, Cleanup: 2493 ns, At safepoint: 3312423 ns, Total: 3325422 ns
[2025-08-19T17:37:54.430+0000][1692266][info ][safepoint   ] Safepoint "Cleanup", Time since last: 1000078636 ns, Reaching safepoint: 7872 ns, Cleanup: 13290 ns, At safepoint: 2484 ns, Total: 23646 ns
[2025-08-19T17:43:24.450+0000][1692266][info ][safepoint   ] Safepoint "Cleanup", Time since last: 330019636446 ns, Reaching safepoint: 22995 ns, Cleanup: 11457 ns, At safepoint: 4587 ns, Total: 39039 ns
[2025-08-19T17:44:47.455+0000][1692266][info ][safepoint   ] Safepoint "Cleanup", Time since last: 83005379663 ns, Reaching safepoint: 42003 ns, Cleanup: 14302 ns, At safepoint: 5728 ns, Total: 62033 ns
[2025-08-19T17:45:18.541+0000][1692266][info ][gc,start    ] GC(85) Pause Young (Normal) (G1 Evacuation Pause)
[2025-08-19T17:45:18.541+0000][1692266][info ][gc,task     ] GC(85) Using 1 workers of 1 for evacuation
[2025-08-19T17:45:18.541+0000][1692266][debug][gc,age      ] GC(85) Desired survivor size 20971520 bytes, new threshold 15 (max threshold 15)
[2025-08-19T17:45:18.545+0000][1692266][info ][gc,phases   ] GC(85)   Pre Evacuate Collection Set: 0.1ms
[2025-08-19T17:45:18.545+0000][1692266][info ][gc,phases   ] GC(85)   Merge Heap Roots: 0.0ms
[2025-08-19T17:45:18.545+0000][1692266][info ][gc,phases   ] GC(85)   Evacuate Collection Set: 2.2ms
[2025-08-19T17:45:18.545+0000][1692266][info ][gc,phases   ] GC(85)   Post Evacuate Collection Set: 0.9ms
[2025-08-19T17:45:18.545+0000][1692266][info ][gc,phases   ] GC(85)   Other: 0.0ms
[2025-08-19T17:45:18.545+0000][1692266][trace][gc,age      ] GC(85) Age table with threshold 15 (max threshold 15)
[2025-08-19T17:45:18.545+0000][1692266][trace][gc,age      ] GC(85) - age   1:      23680 bytes,      23680 total
[2025-08-19T17:45:18.545+0000][1692266][trace][gc,age      ] GC(85) - age   2:       5040 bytes,      28720 total
[2025-08-19T17:45:18.545+0000][1692266][trace][gc,age      ] GC(85) - age   4:       8608 bytes,      37328 total
[2025-08-19T17:45:18.545+0000][1692266][trace][gc,age      ] GC(85) - age   5:       1360 bytes,      38688 total
[2025-08-19T17:45:18.545+0000][1692266][trace][gc,age      ] GC(85) - age   6:       4304 bytes,      42992 total
[2025-08-19T17:45:18.545+0000][1692266][trace][gc,age      ] GC(85) - age   7:       9040 bytes,      52032 total
[2025-08-19T17:45:18.545+0000][1692266][trace][gc,age      ] GC(85) - age   8:       5384 bytes,      57416 total
[2025-08-19T17:45:18.545+0000][1692266][trace][gc,age      ] GC(85) - age   9:        440 bytes,      57856 total
[2025-08-19T17:45:18.545+0000][1692266][trace][gc,age      ] GC(85) - age  10:        360 bytes,      58216 total
[2025-08-19T17:45:18.545+0000][1692266][trace][gc,age      ] GC(85) - age  11:        360 bytes,      58576 total
[2025-08-19T17:45:18.545+0000][1692266][trace][gc,age      ] GC(85) - age  13:        720 bytes,      59296 total
[2025-08-19T17:45:18.545+0000][1692266][trace][gc,age      ] GC(85) - age  14:       8528 bytes,      67824 total
[2025-08-19T17:45:18.545+0000][1692266][trace][gc,age      ] GC(85) - age  15:     212496 bytes,     280320 total
[2025-08-19T17:45:18.545+0000][1692266][info ][gc,heap     ] GC(85) Eden regions: 75->0(75)
[2025-08-19T17:45:18.545+0000][1692266][info ][gc,heap     ] GC(85) Survivor regions: 1->1(10)
[2025-08-19T17:45:18.545+0000][1692266][info ][gc,heap     ] GC(85) Old regions: 35->35
[2025-08-19T17:45:18.545+0000][1692266][info ][gc,heap     ] GC(85) Humongous regions: 0->0
[2025-08-19T17:45:18.545+0000][1692266][info ][gc,metaspace] GC(85) Metaspace: 143827K(147648K)->143827K(147648K) NonClass: 124311K(126336K)->124311K(126336K) Class: 19515K(21312K)->19515K(21312K)
[2025-08-19T17:45:18.545+0000][1692266][info ][gc          ] GC(85) Pause Young (Normal) (G1 Evacuation Pause) 436M->136M(512M) 3.282ms
[2025-08-19T17:45:18.545+0000][1692266][info ][gc,cpu      ] GC(85) User=0.00s Sys=0.00s Real=0.00s
[2025-08-19T17:45:18.545+0000][1692266][info ][safepoint   ] Safepoint "G1CollectForAllocation", Time since last: 31086018705 ns, Reaching safepoint: 9635 ns, Cleanup: 3375 ns, At safepoint: 3320294 ns, Total: 3333304 ns
[2025-08-19T17:45:36.546+0000][1692266][info ][safepoint   ] Safepoint "Cleanup", Time since last: 18001073602 ns, Reaching safepoint: 65248 ns, Cleanup: 11067 ns, At safepoint: 1793 ns, Total: 78108 ns
[2025-08-19T17:47:36.553+0000][1692266][info ][safepoint   ] Safepoint "Cleanup", Time since last: 120006984674 ns, Reaching safepoint: 65720 ns, Cleanup: 11407 ns, At safepoint: 4527 ns, Total: 81654 ns
[2025-08-19T17:50:07.563+0000][1692266][info ][safepoint   ] Safepoint "Cleanup", Time since last: 151009553178 ns, Reaching safepoint: 66150 ns, Cleanup: 11017 ns, At safepoint: 4617 ns, Total: 81784 ns
[2025-08-19T17:52:04.570+0000][1692266][info ][safepoint   ] Safepoint "Cleanup", Time since last: 117007576195 ns, Reaching safepoint: 7492 ns, Cleanup: 11998 ns, At safepoint: 69925 ns, Total: 89415 ns
[2025-08-19T17:52:40.826+0000][1692266][info ][gc,start    ] GC(86) Pause Young (Normal) (G1 Evacuation Pause)
[2025-08-19T17:52:40.826+0000][1692266][info ][gc,task     ] GC(86) Using 1 workers of 1 for evacuation
[2025-08-19T17:52:40.826+0000][1692266][debug][gc,age      ] GC(86) Desired survivor size 20971520 bytes, new threshold 15 (max threshold 15)
[2025-08-19T17:52:40.830+0000][1692266][info ][gc,phases   ] GC(86)   Pre Evacuate Collection Set: 0.1ms
[2025-08-19T17:52:40.830+0000][1692266][info ][gc,phases   ] GC(86)   Merge Heap Roots: 0.0ms
[2025-08-19T17:52:40.830+0000][1692266][info ][gc,phases   ] GC(86)   Evacuate Collection Set: 3.1ms
[2025-08-19T17:52:40.830+0000][1692266][info ][gc,phases   ] GC(86)   Post Evacuate Collection Set: 0.8ms
[2025-08-19T17:52:40.830+0000][1692266][info ][gc,phases   ] GC(86)   Other: 0.0ms
[2025-08-19T17:52:40.830+0000][1692266][trace][gc,age      ] GC(86) Age table with threshold 15 (max threshold 15)
[2025-08-19T17:52:40.830+0000][1692266][trace][gc,age      ] GC(86) - age   1:      37968 bytes,      37968 total
[2025-08-19T17:52:40.830+0000][1692266][trace][gc,age      ] GC(86) - age   2:       8120 bytes,      46088 total
[2025-08-19T17:52:40.830+0000][1692266][trace][gc,age      ] GC(86) - age   3:       4376 bytes,      50464 total
[2025-08-19T17:52:40.830+0000][1692266][trace][gc,age      ] GC(86) - age   5:       8608 bytes,      59072 total
[2025-08-19T17:52:40.830+0000][1692266][trace][gc,age      ] GC(86) - age   6:       1360 bytes,      60432 total
[2025-08-19T17:52:40.830+0000][1692266][trace][gc,age      ] GC(86) - age   7:       4304 bytes,      64736 total
[2025-08-19T17:52:40.830+0000][1692266][trace][gc,age      ] GC(86) - age   8:       9040 bytes,      73776 total
[2025-08-19T17:52:40.830+0000][1692266][trace][gc,age      ] GC(86) - age   9:       5384 bytes,      79160 total
[2025-08-19T17:52:40.830+0000][1692266][trace][gc,age      ] GC(86) - age  10:        440 bytes,      79600 total
[2025-08-19T17:52:40.830+0000][1692266][trace][gc,age      ] GC(86) - age  11:        360 bytes,      79960 total
[2025-08-19T17:52:40.830+0000][1692266][trace][gc,age      ] GC(86) - age  12:        360 bytes,      80320 total
[2025-08-19T17:52:40.830+0000][1692266][trace][gc,age      ] GC(86) - age  14:        720 bytes,      81040 total
[2025-08-19T17:52:40.830+0000][1692266][trace][gc,age      ] GC(86) - age  15:       8528 bytes,      89568 total
[2025-08-19T17:52:40.830+0000][1692266][info ][gc,heap     ] GC(86) Eden regions: 75->0(75)
[2025-08-19T17:52:40.830+0000][1692266][info ][gc,heap     ] GC(86) Survivor regions: 1->1(10)
[2025-08-19T17:52:40.830+0000][1692266][info ][gc,heap     ] GC(86) Old regions: 35->35
[2025-08-19T17:52:40.830+0000][1692266][info ][gc,heap     ] GC(86) Humongous regions: 0->0
[2025-08-19T17:52:40.830+0000][1692266][info ][gc,metaspace] GC(86) Metaspace: 143827K(147648K)->143827K(147648K) NonClass: 124312K(126336K)->124312K(126336K) Class: 19515K(21312K)->19515K(21312K)
[2025-08-19T17:52:40.830+0000][1692266][info ][gc          ] GC(86) Pause Young (Normal) (G1 Evacuation Pause) 436M->136M(512M) 4.227ms
[2025-08-19T17:52:40.830+0000][1692266][info ][gc,cpu      ] GC(86) User=0.00s Sys=0.00s Real=0.00s
[2025-08-19T17:52:40.830+0000][1692266][info ][safepoint   ] Safepoint "G1CollectForAllocation", Time since last: 36255753103 ns, Reaching safepoint: 52008 ns, Cleanup: 3005 ns, At safepoint: 4265582 ns, Total: 4320595 ns
[2025-08-19T18:00:04.194+0000][1692266][info ][gc,start    ] GC(87) Pause Young (Normal) (G1 Evacuation Pause)
[2025-08-19T18:00:04.195+0000][1692266][info ][gc,task     ] GC(87) Using 1 workers of 1 for evacuation
[2025-08-19T18:00:04.195+0000][1692266][debug][gc,age      ] GC(87) Desired survivor size 20971520 bytes, new threshold 15 (max threshold 15)
[2025-08-19T18:00:04.197+0000][1692266][info ][gc,phases   ] GC(87)   Pre Evacuate Collection Set: 0.1ms
[2025-08-19T18:00:04.197+0000][1692266][info ][gc,phases   ] GC(87)   Merge Heap Roots: 0.0ms
[2025-08-19T18:00:04.197+0000][1692266][info ][gc,phases   ] GC(87)   Evacuate Collection Set: 1.7ms
[2025-08-19T18:00:04.197+0000][1692266][info ][gc,phases   ] GC(87)   Post Evacuate Collection Set: 0.9ms
[2025-08-19T18:00:04.197+0000][1692266][info ][gc,phases   ] GC(87)   Other: 0.0ms
[2025-08-19T18:00:04.197+0000][1692266][trace][gc,age      ] GC(87) Age table with threshold 15 (max threshold 15)
[2025-08-19T18:00:04.197+0000][1692266][trace][gc,age      ] GC(87) - age   1:      18664 bytes,      18664 total
[2025-08-19T18:00:04.197+0000][1692266][trace][gc,age      ] GC(87) - age   2:       5632 bytes,      24296 total
[2025-08-19T18:00:04.197+0000][1692266][trace][gc,age      ] GC(87) - age   3:       8120 bytes,      32416 total
[2025-08-19T18:00:04.197+0000][1692266][trace][gc,age      ] GC(87) - age   4:       4376 bytes,      36792 total
[2025-08-19T18:00:04.197+0000][1692266][trace][gc,age      ] GC(87) - age   6:       8608 bytes,      45400 total
[2025-08-19T18:00:04.197+0000][1692266][trace][gc,age      ] GC(87) - age   7:       1360 bytes,      46760 total
[2025-08-19T18:00:04.197+0000][1692266][trace][gc,age      ] GC(87) - age   8:       4304 bytes,      51064 total
[2025-08-19T18:00:04.197+0000][1692266][trace][gc,age      ] GC(87) - age   9:       9040 bytes,      60104 total
[2025-08-19T18:00:04.197+0000][1692266][trace][gc,age      ] GC(87) - age  10:       5384 bytes,      65488 total
[2025-08-19T18:00:04.197+0000][1692266][trace][gc,age      ] GC(87) - age  11:        440 bytes,      65928 total
[2025-08-19T18:00:04.197+0000][1692266][trace][gc,age      ] GC(87) - age  12:        360 bytes,      66288 total
[2025-08-19T18:00:04.197+0000][1692266][trace][gc,age      ] GC(87) - age  13:        360 bytes,      66648 total
[2025-08-19T18:00:04.197+0000][1692266][trace][gc,age      ] GC(87) - age  15:        720 bytes,      67368 total
[2025-08-19T18:00:04.197+0000][1692266][info ][gc,heap     ] GC(87) Eden regions: 75->0(75)
[2025-08-19T18:00:04.197+0000][1692266][info ][gc,heap     ] GC(87) Survivor regions: 1->1(10)
[2025-08-19T18:00:04.197+0000][1692266][info ][gc,heap     ] GC(87) Old regions: 35->35
[2025-08-19T18:00:04.198+0000][1692266][info ][gc,heap     ] GC(87) Humongous regions: 0->0
[2025-08-19T18:00:04.198+0000][1692266][info ][gc,metaspace] GC(87) Metaspace: 143827K(147648K)->143827K(147648K) NonClass: 124312K(126336K)->124312K(126336K) Class: 19515K(21312K)->19515K(21312K)
[2025-08-19T18:00:04.198+0000][1692266][info ][gc          ] GC(87) Pause Young (Normal) (G1 Evacuation Pause) 436M->136M(512M) 3.241ms
[2025-08-19T18:00:04.198+0000][1692266][info ][gc,cpu      ] GC(87) User=0.00s Sys=0.00s Real=0.01s
[2025-08-19T18:00:04.198+0000][1692266][info ][safepoint   ] Safepoint "G1CollectForAllocation", Time since last: 443363932492 ns, Reaching safepoint: 10045 ns, Cleanup: 3415 ns, At safepoint: 3278893 ns, Total: 3292353 ns
[2025-08-19T18:07:26.787+0000][1692266][info ][gc,start    ] GC(88) Pause Young (Normal) (G1 Evacuation Pause)
[2025-08-19T18:07:26.788+0000][1692266][info ][gc,task     ] GC(88) Using 1 workers of 1 for evacuation
[2025-08-19T18:07:26.788+0000][1692266][debug][gc,age      ] GC(88) Desired survivor size 20971520 bytes, new threshold 15 (max threshold 15)
[2025-08-19T18:07:26.791+0000][1692266][info ][gc,phases   ] GC(88)   Pre Evacuate Collection Set: 0.1ms
[2025-08-19T18:07:26.791+0000][1692266][info ][gc,phases   ] GC(88)   Merge Heap Roots: 0.0ms
[2025-08-19T18:07:26.791+0000][1692266][info ][gc,phases   ] GC(88)   Evacuate Collection Set: 2.1ms
[2025-08-19T18:07:26.791+0000][1692266][info ][gc,phases   ] GC(88)   Post Evacuate Collection Set: 0.8ms
[2025-08-19T18:07:26.791+0000][1692266][info ][gc,phases   ] GC(88)   Other: 0.0ms
[2025-08-19T18:07:26.791+0000][1692266][trace][gc,age      ] GC(88) Age table with threshold 15 (max threshold 15)
[2025-08-19T18:07:26.791+0000][1692266][trace][gc,age      ] GC(88) - age   1:      28528 bytes,      28528 total
[2025-08-19T18:07:26.791+0000][1692266][trace][gc,age      ] GC(88) - age   2:       4304 bytes,      32832 total
[2025-08-19T18:07:26.791+0000][1692266][trace][gc,age      ] GC(88) - age   3:       4528 bytes,      37360 total
[2025-08-19T18:07:26.791+0000][1692266][trace][gc,age      ] GC(88) - age   4:       8120 bytes,      45480 total
[2025-08-19T18:07:26.791+0000][1692266][trace][gc,age      ] GC(88) - age   5:       4376 bytes,      49856 total
[2025-08-19T18:07:26.791+0000][1692266][trace][gc,age      ] GC(88) - age   7:       8608 bytes,      58464 total
[2025-08-19T18:07:26.791+0000][1692266][trace][gc,age      ] GC(88) - age   8:       1360 bytes,      59824 total
[2025-08-19T18:07:26.791+0000][1692266][trace][gc,age      ] GC(88) - age   9:       4304 bytes,      64128 total
[2025-08-19T18:07:26.791+0000][1692266][trace][gc,age      ] GC(88) - age  10:       9040 bytes,      73168 total
[2025-08-19T18:07:26.791+0000][1692266][trace][gc,age      ] GC(88) - age  11:       5384 bytes,      78552 total
[2025-08-19T18:07:26.791+0000][1692266][trace][gc,age      ] GC(88) - age  12:        440 bytes,      78992 total
[2025-08-19T18:07:26.791+0000][1692266][trace][gc,age      ] GC(88) - age  13:        360 bytes,      79352 total
[2025-08-19T18:07:26.791+0000][1692266][trace][gc,age      ] GC(88) - age  14:        360 bytes,      79712 total
[2025-08-19T18:07:26.791+0000][1692266][info ][gc,heap     ] GC(88) Eden regions: 75->0(75)
[2025-08-19T18:07:26.791+0000][1692266][info ][gc,heap     ] GC(88) Survivor regions: 1->1(10)
[2025-08-19T18:07:26.791+0000][1692266][info ][gc,heap     ] GC(88) Old regions: 35->35
[2025-08-19T18:07:26.791+0000][1692266][info ][gc,heap     ] GC(88) Humongous regions: 0->0
[2025-08-19T18:07:26.791+0000][1692266][info ][gc,metaspace] GC(88) Metaspace: 143827K(147648K)->143827K(147648K) NonClass: 124312K(126336K)->124312K(126336K) Class: 19515K(21312K)->19515K(21312K)
[2025-08-19T18:07:26.791+0000][1692266][info ][gc          ] GC(88) Pause Young (Normal) (G1 Evacuation Pause) 436M->136M(512M) 3.278ms
[2025-08-19T18:07:26.791+0000][1692266][info ][gc,cpu      ] GC(88) User=0.00s Sys=0.00s Real=0.00s
[2025-08-19T18:07:26.791+0000][1692266][info ][safepoint   ] Safepoint "G1CollectForAllocation", Time since last: 442589867138 ns, Reaching safepoint: 10776 ns, Cleanup: 2484 ns, At safepoint: 3313795 ns, Total: 3327055 ns
[2025-08-19T18:10:27.801+0000][1692266][info ][safepoint   ] Safepoint "Cleanup", Time since last: 181010508651 ns, Reaching safepoint: 60271 ns, Cleanup: 12870 ns, At safepoint: 2203 ns, Total: 75344 ns
[2025-08-19T18:11:27.805+0000][1692266][info ][safepoint   ] Safepoint "Cleanup", Time since last: 60003793462 ns, Reaching safepoint: 73901 ns, Cleanup: 11017 ns, At safepoint: 4597 ns, Total: 89515 ns
[2025-08-19T18:14:51.833+0000][1692266][info ][gc,start    ] GC(89) Pause Young (Normal) (G1 Evacuation Pause)
[2025-08-19T18:14:51.834+0000][1692266][info ][gc,task     ] GC(89) Using 1 workers of 1 for evacuation
[2025-08-19T18:14:51.834+0000][1692266][debug][gc,age      ] GC(89) Desired survivor size 20971520 bytes, new threshold 15 (max threshold 15)
[2025-08-19T18:14:51.836+0000][1692266][info ][gc,phases   ] GC(89)   Pre Evacuate Collection Set: 0.1ms
[2025-08-19T18:14:51.836+0000][1692266][info ][gc,phases   ] GC(89)   Merge Heap Roots: 0.0ms
[2025-08-19T18:14:51.836+0000][1692266][info ][gc,phases   ] GC(89)   Evacuate Collection Set: 1.4ms
[2025-08-19T18:14:51.836+0000][1692266][info ][gc,phases   ] GC(89)   Post Evacuate Collection Set: 0.8ms
[2025-08-19T18:14:51.836+0000][1692266][info ][gc,phases   ] GC(89)   Other: 0.0ms
[2025-08-19T18:14:51.836+0000][1692266][trace][gc,age      ] GC(89) Age table with threshold 15 (max threshold 15)
[2025-08-19T18:14:51.836+0000][1692266][trace][gc,age      ] GC(89) - age   1:      14648 bytes,      14648 total
[2025-08-19T18:14:51.836+0000][1692266][trace][gc,age      ] GC(89) - age   2:        664 bytes,      15312 total
[2025-08-19T18:14:51.836+0000][1692266][trace][gc,age      ] GC(89) - age   3:       4304 bytes,      19616 total
[2025-08-19T18:14:51.836+0000][1692266][trace][gc,age      ] GC(89) - age   4:       4528 bytes,      24144 total
[2025-08-19T18:14:51.836+0000][1692266][trace][gc,age      ] GC(89) - age   5:       8120 bytes,      32264 total
[2025-08-19T18:14:51.836+0000][1692266][trace][gc,age      ] GC(89) - age   6:       4376 bytes,      36640 total
[2025-08-19T18:14:51.836+0000][1692266][trace][gc,age      ] GC(89) - age   8:       8608 bytes,      45248 total
[2025-08-19T18:14:51.836+0000][1692266][trace][gc,age      ] GC(89) - age   9:       1360 bytes,      46608 total
[2025-08-19T18:14:51.836+0000][1692266][trace][gc,age      ] GC(89) - age  10:       4304 bytes,      50912 total
[2025-08-19T18:14:51.836+0000][1692266][trace][gc,age      ] GC(89) - age  11:       9040 bytes,      59952 total
[2025-08-19T18:14:51.836+0000][1692266][trace][gc,age      ] GC(89) - age  12:       5384 bytes,      65336 total
[2025-08-19T18:14:51.836+0000][1692266][trace][gc,age      ] GC(89) - age  13:        440 bytes,      65776 total
[2025-08-19T18:14:51.836+0000][1692266][trace][gc,age      ] GC(89) - age  14:        360 bytes,      66136 total
[2025-08-19T18:14:51.836+0000][1692266][trace][gc,age      ] GC(89) - age  15:        360 bytes,      66496 total
[2025-08-19T18:14:51.836+0000][1692266][info ][gc,heap     ] GC(89) Eden regions: 75->0(75)
[2025-08-19T18:14:51.836+0000][1692266][info ][gc,heap     ] GC(89) Survivor regions: 1->1(10)
[2025-08-19T18:14:51.836+0000][1692266][info ][gc,heap     ] GC(89) Old regions: 35->35
[2025-08-19T18:14:51.836+0000][1692266][info ][gc,heap     ] GC(89) Humongous regions: 0->0
[2025-08-19T18:14:51.836+0000][1692266][info ][gc,metaspace] GC(89) Metaspace: 143834K(147648K)->143834K(147648K) NonClass: 124318K(126336K)->124318K(126336K) Class: 19515K(21312K)->19515K(21312K)
[2025-08-19T18:14:51.836+0000][1692266][info ][gc          ] GC(89) Pause Young (Normal) (G1 Evacuation Pause) 436M->136M(512M) 2.902ms
[2025-08-19T18:14:51.836+0000][1692266][info ][gc,cpu      ] GC(89) User=0.00s Sys=0.00s Real=0.01s
[2025-08-19T18:14:51.836+0000][1692266][info ][safepoint   ] Safepoint "G1CollectForAllocation", Time since last: 204027989343 ns, Reaching safepoint: 8754 ns, Cleanup: 3355 ns, At safepoint: 2939940 ns, Total: 2952049 ns
[2025-08-19T18:15:26.838+0000][1692266][info ][safepoint   ] Safepoint "Cleanup", Time since last: 35001988908 ns, Reaching safepoint: 41824 ns, Cleanup: 5999 ns, At safepoint: 4687 ns, Total: 52510 ns
[2025-08-19T18:15:57.840+0000][1692266][info ][safepoint   ] Safepoint "Cleanup", Time since last: 31001816876 ns, Reaching safepoint: 46581 ns, Cleanup: 11727 ns, At safepoint: 6420 ns, Total: 64728 ns
[2025-08-19T18:16:57.844+0000][1692266][info ][safepoint   ] Safepoint "Cleanup", Time since last: 60003418972 ns, Reaching safepoint: 43726 ns, Cleanup: 11457 ns, At safepoint: 4727 ns, Total: 59910 ns
[2025-08-19T18:22:15.027+0000][1692266][info ][gc,start    ] GC(90) Pause Young (Normal) (G1 Evacuation Pause)
[2025-08-19T18:22:15.027+0000][1692266][info ][gc,task     ] GC(90) Using 1 workers of 1 for evacuation
[2025-08-19T18:22:15.027+0000][1692266][debug][gc,age      ] GC(90) Desired survivor size 20971520 bytes, new threshold 15 (max threshold 15)
[2025-08-19T18:22:15.031+0000][1692266][info ][gc,phases   ] GC(90)   Pre Evacuate Collection Set: 0.1ms
[2025-08-19T18:22:15.031+0000][1692266][info ][gc,phases   ] GC(90)   Merge Heap Roots: 0.0ms
[2025-08-19T18:22:15.031+0000][1692266][info ][gc,phases   ] GC(90)   Evacuate Collection Set: 1.9ms
[2025-08-19T18:22:15.031+0000][1692266][info ][gc,phases   ] GC(90)   Post Evacuate Collection Set: 0.9ms
[2025-08-19T18:22:15.031+0000][1692266][info ][gc,phases   ] GC(90)   Other: 0.3ms
[2025-08-19T18:22:15.031+0000][1692266][trace][gc,age      ] GC(90) Age table with threshold 15 (max threshold 15)
[2025-08-19T18:22:15.031+0000][1692266][trace][gc,age      ] GC(90) - age   1:      22552 bytes,      22552 total
[2025-08-19T18:22:15.031+0000][1692266][trace][gc,age      ] GC(90) - age   4:       4304 bytes,      26856 total
[2025-08-19T18:22:15.031+0000][1692266][trace][gc,age      ] GC(90) - age   5:       4528 bytes,      31384 total
[2025-08-19T18:22:15.031+0000][1692266][trace][gc,age      ] GC(90) - age   6:       8120 bytes,      39504 total
[2025-08-19T18:22:15.031+0000][1692266][trace][gc,age      ] GC(90) - age   7:       4376 bytes,      43880 total
[2025-08-19T18:22:15.031+0000][1692266][trace][gc,age      ] GC(90) - age   9:       8608 bytes,      52488 total
[2025-08-19T18:22:15.031+0000][1692266][trace][gc,age      ] GC(90) - age  10:       1360 bytes,      53848 total
[2025-08-19T18:22:15.031+0000][1692266][trace][gc,age      ] GC(90) - age  11:       4304 bytes,      58152 total
[2025-08-19T18:22:15.031+0000][1692266][trace][gc,age      ] GC(90) - age  12:       9040 bytes,      67192 total
[2025-08-19T18:22:15.031+0000][1692266][trace][gc,age      ] GC(90) - age  13:       5384 bytes,      72576 total
[2025-08-19T18:22:15.031+0000][1692266][trace][gc,age      ] GC(90) - age  14:        440 bytes,      73016 total
[2025-08-19T18:22:15.031+0000][1692266][trace][gc,age      ] GC(90) - age  15:        360 bytes,      73376 total
[2025-08-19T18:22:15.031+0000][1692266][info ][gc,heap     ] GC(90) Eden regions: 75->0(75)
[2025-08-19T18:22:15.031+0000][1692266][info ][gc,heap     ] GC(90) Survivor regions: 1->1(10)
[2025-08-19T18:22:15.031+0000][1692266][info ][gc,heap     ] GC(90) Old regions: 35->35
[2025-08-19T18:22:15.031+0000][1692266][info ][gc,heap     ] GC(90) Humongous regions: 0->0
[2025-08-19T18:22:15.031+0000][1692266][info ][gc,metaspace] GC(90) Metaspace: 143884K(147712K)->143884K(147712K) NonClass: 124368K(126400K)->124368K(126400K) Class: 19515K(21312K)->19515K(21312K)
[2025-08-19T18:22:15.031+0000][1692266][info ][gc          ] GC(90) Pause Young (Normal) (G1 Evacuation Pause) 436M->136M(512M) 3.450ms
[2025-08-19T18:22:15.031+0000][1692266][info ][gc,cpu      ] GC(90) User=0.01s Sys=0.00s Real=0.00s
[2025-08-19T18:22:15.031+0000][1692266][info ][safepoint   ] Safepoint "G1CollectForAllocation", Time since last: 317183649095 ns, Reaching safepoint: 8152 ns, Cleanup: 2264 ns, At safepoint: 3485955 ns, Total: 3496371 ns
[2025-08-19T18:25:28.043+0000][1692266][info ][safepoint   ] Safepoint "Cleanup", Time since last: 193012560916 ns, Reaching safepoint: 42674 ns, Cleanup: 10877 ns, At safepoint: 4607 ns, Total: 58158 ns
[2025-08-19T18:29:38.181+0000][1692266][info ][gc,start    ] GC(91) Pause Young (Normal) (G1 Evacuation Pause)
[2025-08-19T18:29:38.181+0000][1692266][info ][gc,task     ] GC(91) Using 1 workers of 1 for evacuation
[2025-08-19T18:29:38.181+0000][1692266][debug][gc,age      ] GC(91) Desired survivor size 20971520 bytes, new threshold 15 (max threshold 15)
[2025-08-19T18:29:38.184+0000][1692266][info ][gc,phases   ] GC(91)   Pre Evacuate Collection Set: 0.1ms
[2025-08-19T18:29:38.184+0000][1692266][info ][gc,phases   ] GC(91)   Merge Heap Roots: 0.0ms
[2025-08-19T18:29:38.184+0000][1692266][info ][gc,phases   ] GC(91)   Evacuate Collection Set: 1.8ms
[2025-08-19T18:29:38.184+0000][1692266][info ][gc,phases   ] GC(91)   Post Evacuate Collection Set: 1.1ms
[2025-08-19T18:29:38.184+0000][1692266][info ][gc,phases   ] GC(91)   Other: 0.0ms
[2025-08-19T18:29:38.184+0000][1692266][trace][gc,age      ] GC(91) Age table with threshold 15 (max threshold 15)
[2025-08-19T18:29:38.184+0000][1692266][trace][gc,age      ] GC(91) - age   1:      14368 bytes,      14368 total
[2025-08-19T18:29:38.184+0000][1692266][trace][gc,age      ] GC(91) - age   2:       6784 bytes,      21152 total
[2025-08-19T18:29:38.184+0000][1692266][trace][gc,age      ] GC(91) - age   5:       4304 bytes,      25456 total
[2025-08-19T18:29:38.184+0000][1692266][trace][gc,age      ] GC(91) - age   6:       4528 bytes,      29984 total
[2025-08-19T18:29:38.184+0000][1692266][trace][gc,age      ] GC(91) - age   7:       8120 bytes,      38104 total
[2025-08-19T18:29:38.184+0000][1692266][trace][gc,age      ] GC(91) - age   8:       4376 bytes,      42480 total
[2025-08-19T18:29:38.184+0000][1692266][trace][gc,age      ] GC(91) - age  10:       8608 bytes,      51088 total
[2025-08-19T18:29:38.184+0000][1692266][trace][gc,age      ] GC(91) - age  11:       1360 bytes,      52448 total
[2025-08-19T18:29:38.184+0000][1692266][trace][gc,age      ] GC(91) - age  12:       4304 bytes,      56752 total
[2025-08-19T18:29:38.184+0000][1692266][trace][gc,age      ] GC(91) - age  13:       9040 bytes,      65792 total
[2025-08-19T18:29:38.184+0000][1692266][trace][gc,age      ] GC(91) - age  14:       5384 bytes,      71176 total
[2025-08-19T18:29:38.184+0000][1692266][trace][gc,age      ] GC(91) - age  15:        440 bytes,      71616 total
[2025-08-19T18:29:38.184+0000][1692266][info ][gc,heap     ] GC(91) Eden regions: 75->0(75)
[2025-08-19T18:29:38.184+0000][1692266][info ][gc,heap     ] GC(91) Survivor regions: 1->1(10)
[2025-08-19T18:29:38.184+0000][1692266][info ][gc,heap     ] GC(91) Old regions: 35->35
[2025-08-19T18:29:38.184+0000][1692266][info ][gc,heap     ] GC(91) Humongous regions: 0->0
[2025-08-19T18:29:38.184+0000][1692266][info ][gc,metaspace] GC(91) Metaspace: 143884K(147712K)->143884K(147712K) NonClass: 124368K(126400K)->124368K(126400K) Class: 19515K(21312K)->19515K(21312K)
[2025-08-19T18:29:38.185+0000][1692266][info ][gc          ] GC(91) Pause Young (Normal) (G1 Evacuation Pause) 436M->136M(512M) 3.530ms
[2025-08-19T18:29:38.185+0000][1692266][info ][gc,cpu      ] GC(91) User=0.00s Sys=0.01s Real=0.00s
[2025-08-19T18:29:38.185+0000][1692266][info ][safepoint   ] Safepoint "G1CollectForAllocation", Time since last: 250137644341 ns, Reaching safepoint: 8803 ns, Cleanup: 3305 ns, At safepoint: 3570073 ns, Total: 3582181 ns
[2025-08-19T18:32:28.237+0000][1692266][info ][safepoint   ] Safepoint "Cleanup", Time since last: 170051975411 ns, Reaching safepoint: 319623 ns, Cleanup: 9915 ns, At safepoint: 5368 ns, Total: 334906 ns
[2025-08-19T18:37:01.553+0000][1692266][info ][gc,start    ] GC(92) Pause Young (Normal) (G1 Evacuation Pause)
[2025-08-19T18:37:01.553+0000][1692266][info ][gc,task     ] GC(92) Using 1 workers of 1 for evacuation
[2025-08-19T18:37:01.553+0000][1692266][debug][gc,age      ] GC(92) Desired survivor size 20971520 bytes, new threshold 15 (max threshold 15)
[2025-08-19T18:37:01.556+0000][1692266][info ][gc,phases   ] GC(92)   Pre Evacuate Collection Set: 0.1ms
[2025-08-19T18:37:01.556+0000][1692266][info ][gc,phases   ] GC(92)   Merge Heap Roots: 0.0ms
[2025-08-19T18:37:01.556+0000][1692266][info ][gc,phases   ] GC(92)   Evacuate Collection Set: 1.8ms
[2025-08-19T18:37:01.556+0000][1692266][info ][gc,phases   ] GC(92)   Post Evacuate Collection Set: 0.9ms
[2025-08-19T18:37:01.556+0000][1692266][info ][gc,phases   ] GC(92)   Other: 0.0ms
[2025-08-19T18:37:01.556+0000][1692266][trace][gc,age      ] GC(92) Age table with threshold 15 (max threshold 15)
[2025-08-19T18:37:01.556+0000][1692266][trace][gc,age      ] GC(92) - age   1:      15424 bytes,      15424 total
[2025-08-19T18:37:01.556+0000][1692266][trace][gc,age      ] GC(92) - age   2:        168 bytes,      15592 total
[2025-08-19T18:37:01.556+0000][1692266][trace][gc,age      ] GC(92) - age   3:       5680 bytes,      21272 total
[2025-08-19T18:37:01.556+0000][1692266][trace][gc,age      ] GC(92) - age   6:       4304 bytes,      25576 total
[2025-08-19T18:37:01.556+0000][1692266][trace][gc,age      ] GC(92) - age   7:       4528 bytes,      30104 total
[2025-08-19T18:37:01.556+0000][1692266][trace][gc,age      ] GC(92) - age   8:       8120 bytes,      38224 total
[2025-08-19T18:37:01.556+0000][1692266][trace][gc,age      ] GC(92) - age   9:       4376 bytes,      42600 total
[2025-08-19T18:37:01.556+0000][1692266][trace][gc,age      ] GC(92) - age  11:       8608 bytes,      51208 total
[2025-08-19T18:37:01.556+0000][1692266][trace][gc,age      ] GC(92) - age  12:       1360 bytes,      52568 total
[2025-08-19T18:37:01.556+0000][1692266][trace][gc,age      ] GC(92) - age  13:       4304 bytes,      56872 total
[2025-08-19T18:37:01.556+0000][1692266][trace][gc,age      ] GC(92) - age  14:       9040 bytes,      65912 total
[2025-08-19T18:37:01.556+0000][1692266][trace][gc,age      ] GC(92) - age  15:       5384 bytes,      71296 total
[2025-08-19T18:37:01.556+0000][1692266][info ][gc,heap     ] GC(92) Eden regions: 75->0(75)
[2025-08-19T18:37:01.556+0000][1692266][info ][gc,heap     ] GC(92) Survivor regions: 1->1(10)
[2025-08-19T18:37:01.556+0000][1692266][info ][gc,heap     ] GC(92) Old regions: 35->35
[2025-08-19T18:37:01.556+0000][1692266][info ][gc,heap     ] GC(92) Humongous regions: 0->0
[2025-08-19T18:37:01.556+0000][1692266][info ][gc,metaspace] GC(92) Metaspace: 143884K(147712K)->143884K(147712K) NonClass: 124368K(126400K)->124368K(126400K) Class: 19515K(21312K)->19515K(21312K)
[2025-08-19T18:37:01.556+0000][1692266][info ][gc          ] GC(92) Pause Young (Normal) (G1 Evacuation Pause) 436M->136M(512M) 3.174ms
[2025-08-19T18:37:01.556+0000][1692266][info ][gc,cpu      ] GC(92) User=0.01s Sys=0.00s Real=0.01s
[2025-08-19T18:37:01.556+0000][1692266][info ][safepoint   ] Safepoint "G1CollectForAllocation", Time since last: 273315865247 ns, Reaching safepoint: 8503 ns, Cleanup: 3405 ns, At safepoint: 3211561 ns, Total: 3223469 ns
[2025-08-19T18:44:25.839+0000][1692266][info ][gc,start    ] GC(93) Pause Young (Normal) (G1 Evacuation Pause)
[2025-08-19T18:44:25.839+0000][1692266][info ][gc,task     ] GC(93) Using 1 workers of 1 for evacuation
[2025-08-19T18:44:25.839+0000][1692266][debug][gc,age      ] GC(93) Desired survivor size 20971520 bytes, new threshold 15 (max threshold 15)
[2025-08-19T18:44:25.842+0000][1692266][info ][gc,phases   ] GC(93)   Pre Evacuate Collection Set: 0.2ms
[2025-08-19T18:44:25.842+0000][1692266][info ][gc,phases   ] GC(93)   Merge Heap Roots: 0.0ms
[2025-08-19T18:44:25.842+0000][1692266][info ][gc,phases   ] GC(93)   Evacuate Collection Set: 1.7ms
[2025-08-19T18:44:25.842+0000][1692266][info ][gc,phases   ] GC(93)   Post Evacuate Collection Set: 1.1ms
[2025-08-19T18:44:25.842+0000][1692266][info ][gc,phases   ] GC(93)   Other: 0.3ms
[2025-08-19T18:44:25.842+0000][1692266][trace][gc,age      ] GC(93) Age table with threshold 15 (max threshold 15)
[2025-08-19T18:44:25.842+0000][1692266][trace][gc,age      ] GC(93) - age   1:      16384 bytes,      16384 total
[2025-08-19T18:44:25.842+0000][1692266][trace][gc,age      ] GC(93) - age   2:        856 bytes,      17240 total
[2025-08-19T18:44:25.842+0000][1692266][trace][gc,age      ] GC(93) - age   3:        168 bytes,      17408 total
[2025-08-19T18:44:25.842+0000][1692266][trace][gc,age      ] GC(93) - age   4:       5680 bytes,      23088 total
[2025-08-19T18:44:25.842+0000][1692266][trace][gc,age      ] GC(93) - age   7:       4304 bytes,      27392 total
[2025-08-19T18:44:25.842+0000][1692266][trace][gc,age      ] GC(93) - age   8:       4528 bytes,      31920 total
[2025-08-19T18:44:25.842+0000][1692266][trace][gc,age      ] GC(93) - age   9:       8120 bytes,      40040 total
[2025-08-19T18:44:25.842+0000][1692266][trace][gc,age      ] GC(93) - age  10:       4376 bytes,      44416 total
[2025-08-19T18:44:25.842+0000][1692266][trace][gc,age      ] GC(93) - age  12:       8608 bytes,      53024 total
[2025-08-19T18:44:25.842+0000][1692266][trace][gc,age      ] GC(93) - age  13:       1360 bytes,      54384 total
[2025-08-19T18:44:25.842+0000][1692266][trace][gc,age      ] GC(93) - age  14:       4304 bytes,      58688 total
[2025-08-19T18:44:25.842+0000][1692266][trace][gc,age      ] GC(93) - age  15:       9040 bytes,      67728 total
[2025-08-19T18:44:25.842+0000][1692266][info ][gc,heap     ] GC(93) Eden regions: 75->0(75)
[2025-08-19T18:44:25.842+0000][1692266][info ][gc,heap     ] GC(93) Survivor regions: 1->1(10)
[2025-08-19T18:44:25.842+0000][1692266][info ][gc,heap     ] GC(93) Old regions: 35->35
[2025-08-19T18:44:25.842+0000][1692266][info ][gc,heap     ] GC(93) Humongous regions: 0->0
[2025-08-19T18:44:25.842+0000][1692266][info ][gc,metaspace] GC(93) Metaspace: 143884K(147712K)->143884K(147712K) NonClass: 124368K(126400K)->124368K(126400K) Class: 19515K(21312K)->19515K(21312K)
[2025-08-19T18:44:25.842+0000][1692266][info ][gc          ] GC(93) Pause Young (Normal) (G1 Evacuation Pause) 436M->136M(512M) 3.671ms
[2025-08-19T18:44:25.842+0000][1692266][info ][gc,cpu      ] GC(93) User=0.00s Sys=0.00s Real=0.00s
[2025-08-19T18:44:25.842+0000][1692266][info ][safepoint   ] Safepoint "G1CollectForAllocation", Time since last: 444282599073 ns, Reaching safepoint: 10496 ns, Cleanup: 2454 ns, At safepoint: 3709343 ns, Total: 3722293 ns
[2025-08-19T18:51:48.434+0000][1692266][info ][gc,start    ] GC(94) Pause Young (Normal) (G1 Evacuation Pause)
[2025-08-19T18:51:48.435+0000][1692266][info ][gc,task     ] GC(94) Using 1 workers of 1 for evacuation
[2025-08-19T18:51:48.435+0000][1692266][debug][gc,age      ] GC(94) Desired survivor size 20971520 bytes, new threshold 15 (max threshold 15)
[2025-08-19T18:51:48.437+0000][1692266][info ][gc,phases   ] GC(94)   Pre Evacuate Collection Set: 0.1ms
[2025-08-19T18:51:48.437+0000][1692266][info ][gc,phases   ] GC(94)   Merge Heap Roots: 0.0ms
[2025-08-19T18:51:48.437+0000][1692266][info ][gc,phases   ] GC(94)   Evacuate Collection Set: 1.8ms
[2025-08-19T18:51:48.437+0000][1692266][info ][gc,phases   ] GC(94)   Post Evacuate Collection Set: 0.8ms
[2025-08-19T18:51:48.437+0000][1692266][info ][gc,phases   ] GC(94)   Other: 0.0ms
[2025-08-19T18:51:48.437+0000][1692266][trace][gc,age      ] GC(94) Age table with threshold 15 (max threshold 15)
[2025-08-19T18:51:48.437+0000][1692266][trace][gc,age      ] GC(94) - age   1:      20880 bytes,      20880 total
[2025-08-19T18:51:48.437+0000][1692266][trace][gc,age      ] GC(94) - age   2:        128 bytes,      21008 total
[2025-08-19T18:51:48.437+0000][1692266][trace][gc,age      ] GC(94) - age   3:        192 bytes,      21200 total
[2025-08-19T18:51:48.437+0000][1692266][trace][gc,age      ] GC(94) - age   4:        168 bytes,      21368 total
[2025-08-19T18:51:48.437+0000][1692266][trace][gc,age      ] GC(94) - age   5:       5680 bytes,      27048 total
[2025-08-19T18:51:48.437+0000][1692266][trace][gc,age      ] GC(94) - age   8:       4304 bytes,      31352 total
[2025-08-19T18:51:48.437+0000][1692266][trace][gc,age      ] GC(94) - age   9:       4352 bytes,      35704 total
[2025-08-19T18:51:48.437+0000][1692266][trace][gc,age      ] GC(94) - age  10:       8120 bytes,      43824 total
[2025-08-19T18:51:48.437+0000][1692266][trace][gc,age      ] GC(94) - age  11:       4376 bytes,      48200 total
[2025-08-19T18:51:48.437+0000][1692266][trace][gc,age      ] GC(94) - age  13:       8608 bytes,      56808 total
[2025-08-19T18:51:48.437+0000][1692266][trace][gc,age      ] GC(94) - age  14:       1360 bytes,      58168 total
[2025-08-19T18:51:48.437+0000][1692266][trace][gc,age      ] GC(94) - age  15:       4304 bytes,      62472 total
[2025-08-19T18:51:48.437+0000][1692266][info ][gc,heap     ] GC(94) Eden regions: 75->0(75)
[2025-08-19T18:51:48.437+0000][1692266][info ][gc,heap     ] GC(94) Survivor regions: 1->1(10)
[2025-08-19T18:51:48.437+0000][1692266][info ][gc,heap     ] GC(94) Old regions: 35->35
[2025-08-19T18:51:48.437+0000][1692266][info ][gc,heap     ] GC(94) Humongous regions: 0->0
[2025-08-19T18:51:48.437+0000][1692266][info ][gc,metaspace] GC(94) Metaspace: 143884K(147712K)->143884K(147712K) NonClass: 124369K(126400K)->124369K(126400K) Class: 19515K(21312K)->19515K(21312K)
[2025-08-19T18:51:48.437+0000][1692266][info ][gc          ] GC(94) Pause Young (Normal) (G1 Evacuation Pause) 436M->136M(512M) 3.386ms
[2025-08-19T18:51:48.437+0000][1692266][info ][gc,cpu      ] GC(94) User=0.00s Sys=0.00s Real=0.01s
[2025-08-19T18:51:48.437+0000][1692266][info ][safepoint   ] Safepoint "G1CollectForAllocation", Time since last: 442591755707 ns, Reaching safepoint: 8423 ns, Cleanup: 3345 ns, At safepoint: 3423220 ns, Total: 3434988 ns
[2025-08-19T18:57:04.487+0000][1692266][info ][safepoint   ] Safepoint "Cleanup", Time since last: 316049095756 ns, Reaching safepoint: 65929 ns, Cleanup: 11498 ns, At safepoint: 4827 ns, Total: 82254 ns
[2025-08-19T18:59:12.480+0000][1692266][info ][gc,start    ] GC(95) Pause Young (Normal) (G1 Evacuation Pause)
[2025-08-19T18:59:12.481+0000][1692266][info ][gc,task     ] GC(95) Using 1 workers of 1 for evacuation
[2025-08-19T18:59:12.481+0000][1692266][debug][gc,age      ] GC(95) Desired survivor size 20971520 bytes, new threshold 15 (max threshold 15)
[2025-08-19T18:59:12.483+0000][1692266][info ][gc,phases   ] GC(95)   Pre Evacuate Collection Set: 0.0ms
[2025-08-19T18:59:12.484+0000][1692266][info ][gc,phases   ] GC(95)   Merge Heap Roots: 0.0ms
[2025-08-19T18:59:12.484+0000][1692266][info ][gc,phases   ] GC(95)   Evacuate Collection Set: 1.7ms
[2025-08-19T18:59:12.484+0000][1692266][info ][gc,phases   ] GC(95)   Post Evacuate Collection Set: 0.9ms
[2025-08-19T18:59:12.484+0000][1692266][info ][gc,phases   ] GC(95)   Other: 0.0ms
[2025-08-19T18:59:12.484+0000][1692266][trace][gc,age      ] GC(95) Age table with threshold 15 (max threshold 15)
[2025-08-19T18:59:12.484+0000][1692266][trace][gc,age      ] GC(95) - age   1:      14504 bytes,      14504 total
[2025-08-19T18:59:12.484+0000][1692266][trace][gc,age      ] GC(95) - age   2:       5976 bytes,      20480 total
[2025-08-19T18:59:12.484+0000][1692266][trace][gc,age      ] GC(95) - age   4:        192 bytes,      20672 total
[2025-08-19T18:59:12.484+0000][1692266][trace][gc,age      ] GC(95) - age   5:        168 bytes,      20840 total
[2025-08-19T18:59:12.484+0000][1692266][trace][gc,age      ] GC(95) - age   6:       5680 bytes,      26520 total
[2025-08-19T18:59:12.484+0000][1692266][trace][gc,age      ] GC(95) - age   9:       4304 bytes,      30824 total
[2025-08-19T18:59:12.484+0000][1692266][trace][gc,age      ] GC(95) - age  10:       4352 bytes,      35176 total
[2025-08-19T18:59:12.484+0000][1692266][trace][gc,age      ] GC(95) - age  11:       8120 bytes,      43296 total
[2025-08-19T18:59:12.484+0000][1692266][trace][gc,age      ] GC(95) - age  12:       4376 bytes,      47672 total
[2025-08-19T18:59:12.484+0000][1692266][trace][gc,age      ] GC(95) - age  14:       8608 bytes,      56280 total
[2025-08-19T18:59:12.484+0000][1692266][trace][gc,age      ] GC(95) - age  15:       1360 bytes,      57640 total
[2025-08-19T18:59:12.484+0000][1692266][info ][gc,heap     ] GC(95) Eden regions: 75->0(75)
[2025-08-19T18:59:12.484+0000][1692266][info ][gc,heap     ] GC(95) Survivor regions: 1->1(10)
[2025-08-19T18:59:12.484+0000][1692266][info ][gc,heap     ] GC(95) Old regions: 35->35
[2025-08-19T18:59:12.484+0000][1692266][info ][gc,heap     ] GC(95) Humongous regions: 0->0
[2025-08-19T18:59:12.484+0000][1692266][info ][gc,metaspace] GC(95) Metaspace: 143887K(147712K)->143887K(147712K) NonClass: 124372K(126400K)->124372K(126400K) Class: 19515K(21312K)->19515K(21312K)
[2025-08-19T18:59:12.484+0000][1692266][info ][gc          ] GC(95) Pause Young (Normal) (G1 Evacuation Pause) 436M->136M(512M) 3.166ms
[2025-08-19T18:59:12.484+0000][1692266][info ][gc,cpu      ] GC(95) User=0.00s Sys=0.00s Real=0.00s
[2025-08-19T18:59:12.484+0000][1692266][info ][safepoint   ] Safepoint "G1CollectForAllocation", Time since last: 127993762512 ns, Reaching safepoint: 9895 ns, Cleanup: 2975 ns, At safepoint: 3203929 ns, Total: 3216799 ns
[2025-08-19T19:03:12.506+0000][1692266][info ][safepoint   ] Safepoint "Cleanup", Time since last: 240021940016 ns, Reaching safepoint: 266523 ns, Cleanup: 11056 ns, At safepoint: 5419 ns, Total: 282998 ns
[2025-08-19T19:03:29.507+0000][1692266][info ][safepoint   ] Safepoint "Cleanup", Time since last: 17001419038 ns, Reaching safepoint: 40361 ns, Cleanup: 11808 ns, At safepoint: 4788 ns, Total: 56957 ns
[2025-08-19T19:06:36.674+0000][1692266][info ][gc,start    ] GC(96) Pause Young (Normal) (G1 Evacuation Pause)
[2025-08-19T19:06:36.674+0000][1692266][info ][gc,task     ] GC(96) Using 1 workers of 1 for evacuation
[2025-08-19T19:06:36.675+0000][1692266][debug][gc,age      ] GC(96) Desired survivor size 20971520 bytes, new threshold 15 (max threshold 15)
[2025-08-19T19:06:36.678+0000][1692266][info ][gc,phases   ] GC(96)   Pre Evacuate Collection Set: 0.1ms
[2025-08-19T19:06:36.678+0000][1692266][info ][gc,phases   ] GC(96)   Merge Heap Roots: 0.0ms
[2025-08-19T19:06:36.678+0000][1692266][info ][gc,phases   ] GC(96)   Evacuate Collection Set: 1.7ms
[2025-08-19T19:06:36.678+0000][1692266][info ][gc,phases   ] GC(96)   Post Evacuate Collection Set: 1.1ms
[2025-08-19T19:06:36.678+0000][1692266][info ][gc,phases   ] GC(96)   Other: 0.2ms
[2025-08-19T19:06:36.678+0000][1692266][trace][gc,age      ] GC(96) Age table with threshold 15 (max threshold 15)
[2025-08-19T19:06:36.678+0000][1692266][trace][gc,age      ] GC(96) - age   1:      17552 bytes,      17552 total
[2025-08-19T19:06:36.678+0000][1692266][trace][gc,age      ] GC(96) - age   2:         64 bytes,      17616 total
[2025-08-19T19:06:36.678+0000][1692266][trace][gc,age      ] GC(96) - age   3:       5000 bytes,      22616 total
[2025-08-19T19:06:36.678+0000][1692266][trace][gc,age      ] GC(96) - age   5:        192 bytes,      22808 total
[2025-08-19T19:06:36.678+0000][1692266][trace][gc,age      ] GC(96) - age   6:        168 bytes,      22976 total
[2025-08-19T19:06:36.678+0000][1692266][trace][gc,age      ] GC(96) - age   7:       5680 bytes,      28656 total
[2025-08-19T19:06:36.678+0000][1692266][trace][gc,age      ] GC(96) - age  10:       4304 bytes,      32960 total
[2025-08-19T19:06:36.678+0000][1692266][trace][gc,age      ] GC(96) - age  11:       4352 bytes,      37312 total
[2025-08-19T19:06:36.678+0000][1692266][trace][gc,age      ] GC(96) - age  12:       8120 bytes,      45432 total
[2025-08-19T19:06:36.678+0000][1692266][trace][gc,age      ] GC(96) - age  13:       4376 bytes,      49808 total
[2025-08-19T19:06:36.678+0000][1692266][trace][gc,age      ] GC(96) - age  15:       8608 bytes,      58416 total
[2025-08-19T19:06:36.678+0000][1692266][info ][gc,heap     ] GC(96) Eden regions: 75->0(75)
[2025-08-19T19:06:36.678+0000][1692266][info ][gc,heap     ] GC(96) Survivor regions: 1->1(10)
[2025-08-19T19:06:36.678+0000][1692266][info ][gc,heap     ] GC(96) Old regions: 35->35
[2025-08-19T19:06:36.678+0000][1692266][info ][gc,heap     ] GC(96) Humongous regions: 0->0
[2025-08-19T19:06:36.678+0000][1692266][info ][gc,metaspace] GC(96) Metaspace: 143887K(147712K)->143887K(147712K) NonClass: 124372K(126400K)->124372K(126400K) Class: 19515K(21312K)->19515K(21312K)
[2025-08-19T19:06:36.678+0000][1692266][info ][gc          ] GC(96) Pause Young (Normal) (G1 Evacuation Pause) 436M->136M(512M) 3.421ms
[2025-08-19T19:06:36.678+0000][1692266][info ][gc,cpu      ] GC(96) User=0.00s Sys=0.00s Real=0.01s
[2025-08-19T19:06:36.678+0000][1692266][info ][safepoint   ] Safepoint "G1CollectForAllocation", Time since last: 187166963948 ns, Reaching safepoint: 8733 ns, Cleanup: 2454 ns, At safepoint: 3466576 ns, Total: 3477763 ns
[2025-08-19T19:11:59.697+0000][1692266][info ][safepoint   ] Safepoint "Cleanup", Time since last: 323018918950 ns, Reaching safepoint: 68584 ns, Cleanup: 10866 ns, At safepoint: 4968 ns, Total: 84418 ns
[2025-08-19T19:13:59.557+0000][1692266][info ][gc,start    ] GC(97) Pause Young (Normal) (G1 Evacuation Pause)
[2025-08-19T19:13:59.557+0000][1692266][info ][gc,task     ] GC(97) Using 1 workers of 1 for evacuation
[2025-08-19T19:13:59.557+0000][1692266][debug][gc,age      ] GC(97) Desired survivor size 20971520 bytes, new threshold 15 (max threshold 15)
[2025-08-19T19:13:59.560+0000][1692266][info ][gc,phases   ] GC(97)   Pre Evacuate Collection Set: 0.0ms
[2025-08-19T19:13:59.560+0000][1692266][info ][gc,phases   ] GC(97)   Merge Heap Roots: 0.0ms
[2025-08-19T19:13:59.560+0000][1692266][info ][gc,phases   ] GC(97)   Evacuate Collection Set: 1.8ms
[2025-08-19T19:13:59.560+0000][1692266][info ][gc,phases   ] GC(97)   Post Evacuate Collection Set: 0.9ms
[2025-08-19T19:13:59.560+0000][1692266][info ][gc,phases   ] GC(97)   Other: 0.0ms
[2025-08-19T19:13:59.560+0000][1692266][trace][gc,age      ] GC(97) Age table with threshold 15 (max threshold 15)
[2025-08-19T19:13:59.560+0000][1692266][trace][gc,age      ] GC(97) - age   1:      35984 bytes,      35984 total
[2025-08-19T19:13:59.560+0000][1692266][trace][gc,age      ] GC(97) - age   2:        664 bytes,      36648 total
[2025-08-19T19:13:59.560+0000][1692266][trace][gc,age      ] GC(97) - age   3:         64 bytes,      36712 total
[2025-08-19T19:13:59.560+0000][1692266][trace][gc,age      ] GC(97) - age   4:       5000 bytes,      41712 total
[2025-08-19T19:13:59.560+0000][1692266][trace][gc,age      ] GC(97) - age   6:        192 bytes,      41904 total
[2025-08-19T19:13:59.560+0000][1692266][trace][gc,age      ] GC(97) - age   7:        168 bytes,      42072 total
[2025-08-19T19:13:59.560+0000][1692266][trace][gc,age      ] GC(97) - age   8:       5680 bytes,      47752 total
[2025-08-19T19:13:59.560+0000][1692266][trace][gc,age      ] GC(97) - age  11:       4304 bytes,      52056 total
[2025-08-19T19:13:59.560+0000][1692266][trace][gc,age      ] GC(97) - age  12:       4352 bytes,      56408 total
[2025-08-19T19:13:59.560+0000][1692266][trace][gc,age      ] GC(97) - age  13:       8120 bytes,      64528 total
[2025-08-19T19:13:59.560+0000][1692266][trace][gc,age      ] GC(97) - age  14:       4376 bytes,      68904 total
[2025-08-19T19:13:59.560+0000][1692266][info ][gc,heap     ] GC(97) Eden regions: 75->0(75)
[2025-08-19T19:13:59.560+0000][1692266][info ][gc,heap     ] GC(97) Survivor regions: 1->1(10)
[2025-08-19T19:13:59.560+0000][1692266][info ][gc,heap     ] GC(97) Old regions: 35->35
[2025-08-19T19:13:59.560+0000][1692266][info ][gc,heap     ] GC(97) Humongous regions: 0->0
[2025-08-19T19:13:59.560+0000][1692266][info ][gc,metaspace] GC(97) Metaspace: 143887K(147712K)->143887K(147712K) NonClass: 124372K(126400K)->124372K(126400K) Class: 19515K(21312K)->19515K(21312K)
[2025-08-19T19:13:59.560+0000][1692266][info ][gc          ] GC(97) Pause Young (Normal) (G1 Evacuation Pause) 436M->136M(512M) 2.938ms
[2025-08-19T19:13:59.560+0000][1692266][info ][gc,cpu      ] GC(97) User=0.00s Sys=0.00s Real=0.00s
[2025-08-19T19:13:59.560+0000][1692266][info ][safepoint   ] Safepoint "G1CollectForAllocation", Time since last: 119860187447 ns, Reaching safepoint: 7772 ns, Cleanup: 2364 ns, At safepoint: 2972860 ns, Total: 2982996 ns
[2025-08-19T19:15:52.566+0000][1692266][info ][safepoint   ] Safepoint "Cleanup", Time since last: 113006458813 ns, Reaching safepoint: 7592 ns, Cleanup: 12178 ns, At safepoint: 2454 ns, Total: 22224 ns
[2025-08-19T19:16:52.570+0000][1692266][info ][safepoint   ] Safepoint "Cleanup", Time since last: 60003914841 ns, Reaching safepoint: 7731 ns, Cleanup: 12059 ns, At safepoint: 72139 ns, Total: 91929 ns
[2025-08-19T19:20:00.582+0000][1692266][info ][safepoint   ] Safepoint "Cleanup", Time since last: 188011336253 ns, Reaching safepoint: 46470 ns, Cleanup: 11117 ns, At safepoint: 4627 ns, Total: 62214 ns
[2025-08-19T19:21:00.586+0000][1692266][info ][safepoint   ] Safepoint "Cleanup", Time since last: 60003970082 ns, Reaching safepoint: 39910 ns, Cleanup: 10987 ns, At safepoint: 210137 ns, Total: 261034 ns
[2025-08-19T19:21:12.587+0000][1692266][info ][safepoint   ] Safepoint "Cleanup", Time since last: 12000750934 ns, Reaching safepoint: 41212 ns, Cleanup: 11928 ns, At safepoint: 4367 ns, Total: 57507 ns
[2025-08-19T19:21:22.973+0000][1692266][info ][gc,start    ] GC(98) Pause Young (Normal) (G1 Evacuation Pause)
[2025-08-19T19:21:22.973+0000][1692266][info ][gc,task     ] GC(98) Using 1 workers of 1 for evacuation
[2025-08-19T19:21:22.973+0000][1692266][debug][gc,age      ] GC(98) Desired survivor size 20971520 bytes, new threshold 15 (max threshold 15)
[2025-08-19T19:21:22.976+0000][1692266][info ][gc,phases   ] GC(98)   Pre Evacuate Collection Set: 0.1ms
[2025-08-19T19:21:22.976+0000][1692266][info ][gc,phases   ] GC(98)   Merge Heap Roots: 0.0ms
[2025-08-19T19:21:22.976+0000][1692266][info ][gc,phases   ] GC(98)   Evacuate Collection Set: 1.5ms
[2025-08-19T19:21:22.976+0000][1692266][info ][gc,phases   ] GC(98)   Post Evacuate Collection Set: 0.9ms
[2025-08-19T19:21:22.976+0000][1692266][info ][gc,phases   ] GC(98)   Other: 0.0ms
[2025-08-19T19:21:22.976+0000][1692266][trace][gc,age      ] GC(98) Age table with threshold 15 (max threshold 15)
[2025-08-19T19:21:22.976+0000][1692266][trace][gc,age      ] GC(98) - age   1:      15816 bytes,      15816 total
[2025-08-19T19:21:22.976+0000][1692266][trace][gc,age      ] GC(98) - age   2:        128 bytes,      15944 total
[2025-08-19T19:21:22.976+0000][1692266][trace][gc,age      ] GC(98) - age   4:         64 bytes,      16008 total
[2025-08-19T19:21:22.976+0000][1692266][trace][gc,age      ] GC(98) - age   5:       5000 bytes,      21008 total
[2025-08-19T19:21:22.976+0000][1692266][trace][gc,age      ] GC(98) - age   7:        192 bytes,      21200 total
[2025-08-19T19:21:22.976+0000][1692266][trace][gc,age      ] GC(98) - age   8:        168 bytes,      21368 total
[2025-08-19T19:21:22.976+0000][1692266][trace][gc,age      ] GC(98) - age   9:       5680 bytes,      27048 total
[2025-08-19T19:21:22.976+0000][1692266][trace][gc,age      ] GC(98) - age  12:       4304 bytes,      31352 total
[2025-08-19T19:21:22.976+0000][1692266][trace][gc,age      ] GC(98) - age  13:       4352 bytes,      35704 total
[2025-08-19T19:21:22.976+0000][1692266][trace][gc,age      ] GC(98) - age  14:       8120 bytes,      43824 total
[2025-08-19T19:21:22.976+0000][1692266][trace][gc,age      ] GC(98) - age  15:       4376 bytes,      48200 total
[2025-08-19T19:21:22.976+0000][1692266][info ][gc,heap     ] GC(98) Eden regions: 75->0(75)
[2025-08-19T19:21:22.976+0000][1692266][info ][gc,heap     ] GC(98) Survivor regions: 1->1(10)
[2025-08-19T19:21:22.976+0000][1692266][info ][gc,heap     ] GC(98) Old regions: 35->35
[2025-08-19T19:21:22.976+0000][1692266][info ][gc,heap     ] GC(98) Humongous regions: 0->0
[2025-08-19T19:21:22.976+0000][1692266][info ][gc,metaspace] GC(98) Metaspace: 143889K(147712K)->143889K(147712K) NonClass: 124373K(126400K)->124373K(126400K) Class: 19515K(21312K)->19515K(21312K)
[2025-08-19T19:21:22.976+0000][1692266][info ][gc          ] GC(98) Pause Young (Normal) (G1 Evacuation Pause) 436M->136M(512M) 2.577ms
[2025-08-19T19:21:22.976+0000][1692266][info ][gc,cpu      ] GC(98) User=0.00s Sys=0.00s Real=0.01s
[2025-08-19T19:21:22.976+0000][1692266][info ][safepoint   ] Safepoint "G1CollectForAllocation", Time since last: 10386353891 ns, Reaching safepoint: 8633 ns, Cleanup: 3665 ns, At safepoint: 2615831 ns, Total: 2628129 ns
[2025-08-19T19:21:29.976+0000][1692266][info ][safepoint   ] Safepoint "Cleanup", Time since last: 7000414739 ns, Reaching safepoint: 29665 ns, Cleanup: 9925 ns, At safepoint: 2294 ns, Total: 41884 ns
[2025-08-19T19:25:29.992+0000][1692266][info ][safepoint   ] Safepoint "Cleanup", Time since last: 240015510549 ns, Reaching safepoint: 72769 ns, Cleanup: 10356 ns, At safepoint: 2494 ns, Total: 85619 ns
[2025-08-19T19:27:01.998+0000][1692266][info ][safepoint   ] Safepoint "Cleanup", Time since last: 92006097159 ns, Reaching safepoint: 69745 ns, Cleanup: 10566 ns, At safepoint: 5078 ns, Total: 85389 ns
[2025-08-19T19:27:55.002+0000][1692266][info ][safepoint   ] Safepoint "Cleanup", Time since last: 53003478316 ns, Reaching safepoint: 7201 ns, Cleanup: 13250 ns, At safepoint: 40782 ns, Total: 61233 ns
[2025-08-19T19:28:01.004+0000][1692266][info ][safepoint   ] Safepoint "Cleanup", Time since last: 6002623972 ns, Reaching safepoint: 75775 ns, Cleanup: 11737 ns, At safepoint: 2274 ns, Total: 89786 ns
[2025-08-19T19:28:31.006+0000][1692266][info ][safepoint   ] Safepoint "Cleanup", Time since last: 30001682749 ns, Reaching safepoint: 43877 ns, Cleanup: 11367 ns, At safepoint: 4637 ns, Total: 59881 ns
[2025-08-19T19:28:47.494+0000][1692266][info ][gc,start    ] GC(99) Pause Young (Normal) (G1 Evacuation Pause)
[2025-08-19T19:28:47.494+0000][1692266][info ][gc,task     ] GC(99) Using 1 workers of 1 for evacuation
[2025-08-19T19:28:47.494+0000][1692266][debug][gc,age      ] GC(99) Desired survivor size 20971520 bytes, new threshold 15 (max threshold 15)
[2025-08-19T19:28:47.497+0000][1692266][info ][gc,phases   ] GC(99)   Pre Evacuate Collection Set: 0.1ms
[2025-08-19T19:28:47.497+0000][1692266][info ][gc,phases   ] GC(99)   Merge Heap Roots: 0.0ms
[2025-08-19T19:28:47.497+0000][1692266][info ][gc,phases   ] GC(99)   Evacuate Collection Set: 1.9ms
[2025-08-19T19:28:47.497+0000][1692266][info ][gc,phases   ] GC(99)   Post Evacuate Collection Set: 1.0ms
[2025-08-19T19:28:47.497+0000][1692266][info ][gc,phases   ] GC(99)   Other: 0.0ms
[2025-08-19T19:28:47.497+0000][1692266][trace][gc,age      ] GC(99) Age table with threshold 15 (max threshold 15)
[2025-08-19T19:28:47.497+0000][1692266][trace][gc,age      ] GC(99) - age   1:      15808 bytes,      15808 total
[2025-08-19T19:28:47.497+0000][1692266][trace][gc,age      ] GC(99) - age   2:       1032 bytes,      16840 total
[2025-08-19T19:28:47.497+0000][1692266][trace][gc,age      ] GC(99) - age   5:         64 bytes,      16904 total
[2025-08-19T19:28:47.497+0000][1692266][trace][gc,age      ] GC(99) - age   6:       5000 bytes,      21904 total
[2025-08-19T19:28:47.497+0000][1692266][trace][gc,age      ] GC(99) - age   8:        192 bytes,      22096 total
[2025-08-19T19:28:47.497+0000][1692266][trace][gc,age      ] GC(99) - age   9:        168 bytes,      22264 total
[2025-08-19T19:28:47.497+0000][1692266][trace][gc,age      ] GC(99) - age  10:       5680 bytes,      27944 total
[2025-08-19T19:28:47.497+0000][1692266][trace][gc,age      ] GC(99) - age  13:       4304 bytes,      32248 total
[2025-08-19T19:28:47.497+0000][1692266][trace][gc,age      ] GC(99) - age  14:       4352 bytes,      36600 total
[2025-08-19T19:28:47.497+0000][1692266][trace][gc,age      ] GC(99) - age  15:       8120 bytes,      44720 total
[2025-08-19T19:28:47.497+0000][1692266][info ][gc,heap     ] GC(99) Eden regions: 75->0(75)
[2025-08-19T19:28:47.497+0000][1692266][info ][gc,heap     ] GC(99) Survivor regions: 1->1(10)
[2025-08-19T19:28:47.497+0000][1692266][info ][gc,heap     ] GC(99) Old regions: 35->35
[2025-08-19T19:28:47.497+0000][1692266][info ][gc,heap     ] GC(99) Humongous regions: 0->0
[2025-08-19T19:28:47.497+0000][1692266][info ][gc,metaspace] GC(99) Metaspace: 143890K(147712K)->143890K(147712K) NonClass: 124374K(126400K)->124374K(126400K) Class: 19515K(21312K)->19515K(21312K)
[2025-08-19T19:28:47.497+0000][1692266][info ][gc          ] GC(99) Pause Young (Normal) (G1 Evacuation Pause) 436M->136M(512M) 3.092ms
[2025-08-19T19:28:47.497+0000][1692266][info ][gc,cpu      ] GC(99) User=0.01s Sys=0.00s Real=0.01s
[2025-08-19T19:28:47.497+0000][1692266][info ][safepoint   ] Safepoint "G1CollectForAllocation", Time since last: 16487999173 ns, Reaching safepoint: 8342 ns, Cleanup: 2474 ns, At safepoint: 3131229 ns, Total: 3142045 ns
[2025-08-19T19:30:30.503+0000][1692266][info ][safepoint   ] Safepoint "Cleanup", Time since last: 103006081321 ns, Reaching safepoint: 41403 ns, Cleanup: 10736 ns, At safepoint: 4747 ns, Total: 56886 ns
[2025-08-19T19:32:04.510+0000][1692266][info ][safepoint   ] Safepoint "Cleanup", Time since last: 94005881099 ns, Reaching safepoint: 44187 ns, Cleanup: 9184 ns, At safepoint: 243948 ns, Total: 297319 ns
[2025-08-19T19:33:24.515+0000][1692266][info ][safepoint   ] Safepoint "Cleanup", Time since last: 80005163760 ns, Reaching safepoint: 66531 ns, Cleanup: 25708 ns, At safepoint: 2074 ns, Total: 94313 ns
[2025-08-19T19:35:30.523+0000][1692266][info ][safepoint   ] Safepoint "Cleanup", Time since last: 126008329982 ns, Reaching safepoint: 43005 ns, Cleanup: 12538 ns, At safepoint: 2224 ns, Total: 57767 ns
[2025-08-19T19:36:00.525+0000][1692266][info ][safepoint   ] Safepoint "Cleanup", Time since last: 30002205929 ns, Reaching safepoint: 71939 ns, Cleanup: 11938 ns, At safepoint: 4888 ns, Total: 88765 ns
[2025-08-19T19:36:10.609+0000][1692266][info ][gc,start    ] GC(100) Pause Young (Normal) (G1 Evacuation Pause)
[2025-08-19T19:36:10.609+0000][1692266][info ][gc,task     ] GC(100) Using 1 workers of 1 for evacuation
[2025-08-19T19:36:10.609+0000][1692266][debug][gc,age      ] GC(100) Desired survivor size 20971520 bytes, new threshold 15 (max threshold 15)
[2025-08-19T19:36:10.612+0000][1692266][info ][gc,phases   ] GC(100)   Pre Evacuate Collection Set: 0.2ms
[2025-08-19T19:36:10.612+0000][1692266][info ][gc,phases   ] GC(100)   Merge Heap Roots: 0.0ms
[2025-08-19T19:36:10.612+0000][1692266][info ][gc,phases   ] GC(100)   Evacuate Collection Set: 1.9ms
[2025-08-19T19:36:10.612+0000][1692266][info ][gc,phases   ] GC(100)   Post Evacuate Collection Set: 0.9ms
[2025-08-19T19:36:10.612+0000][1692266][info ][gc,phases   ] GC(100)   Other: 0.0ms
[2025-08-19T19:36:10.612+0000][1692266][trace][gc,age      ] GC(100) Age table with threshold 15 (max threshold 15)
[2025-08-19T19:36:10.612+0000][1692266][trace][gc,age      ] GC(100) - age   1:      18912 bytes,      18912 total
[2025-08-19T19:36:10.612+0000][1692266][trace][gc,age      ] GC(100) - age   3:         56 bytes,      18968 total
[2025-08-19T19:36:10.612+0000][1692266][trace][gc,age      ] GC(100) - age   6:         64 bytes,      19032 total
[2025-08-19T19:36:10.612+0000][1692266][trace][gc,age      ] GC(100) - age   7:       5000 bytes,      24032 total
[2025-08-19T19:36:10.612+0000][1692266][trace][gc,age      ] GC(100) - age   9:        192 bytes,      24224 total
[2025-08-19T19:36:10.612+0000][1692266][trace][gc,age      ] GC(100) - age  10:        168 bytes,      24392 total
[2025-08-19T19:36:10.612+0000][1692266][trace][gc,age      ] GC(100) - age  11:       5680 bytes,      30072 total
[2025-08-19T19:36:10.612+0000][1692266][trace][gc,age      ] GC(100) - age  14:       4304 bytes,      34376 total
[2025-08-19T19:36:10.612+0000][1692266][trace][gc,age      ] GC(100) - age  15:       4352 bytes,      38728 total
[2025-08-19T19:36:10.612+0000][1692266][info ][gc,heap     ] GC(100) Eden regions: 75->0(75)
[2025-08-19T19:36:10.612+0000][1692266][info ][gc,heap     ] GC(100) Survivor regions: 1->1(10)
[2025-08-19T19:36:10.612+0000][1692266][info ][gc,heap     ] GC(100) Old regions: 35->35
[2025-08-19T19:36:10.612+0000][1692266][info ][gc,heap     ] GC(100) Humongous regions: 0->0
[2025-08-19T19:36:10.612+0000][1692266][info ][gc,metaspace] GC(100) Metaspace: 143890K(147712K)->143890K(147712K) NonClass: 124374K(126400K)->124374K(126400K) Class: 19515K(21312K)->19515K(21312K)
[2025-08-19T19:36:10.612+0000][1692266][info ][gc          ] GC(100) Pause Young (Normal) (G1 Evacuation Pause) 436M->136M(512M) 3.110ms
[2025-08-19T19:36:10.612+0000][1692266][info ][gc,cpu      ] GC(100) User=0.00s Sys=0.00s Real=0.00s
[2025-08-19T19:36:10.612+0000][1692266][info ][safepoint   ] Safepoint "G1CollectForAllocation", Time since last: 10083798619 ns, Reaching safepoint: 11047 ns, Cleanup: 3415 ns, At safepoint: 3153012 ns, Total: 3167474 ns
[2025-08-19T19:36:52.615+0000][1692266][info ][safepoint   ] Safepoint "Cleanup", Time since last: 42002415942 ns, Reaching safepoint: 7481 ns, Cleanup: 11197 ns, At safepoint: 64528 ns, Total: 83206 ns
[2025-08-19T19:43:31.639+0000][1692266][info ][safepoint   ] Safepoint "Cleanup", Time since last: 399023909727 ns, Reaching safepoint: 28944 ns, Cleanup: 11347 ns, At safepoint: 5919 ns, Total: 46210 ns
[2025-08-19T19:43:33.022+0000][1692266][info ][gc,start    ] GC(101) Pause Young (Normal) (G1 Evacuation Pause)
[2025-08-19T19:43:33.022+0000][1692266][info ][gc,task     ] GC(101) Using 1 workers of 1 for evacuation
[2025-08-19T19:43:33.022+0000][1692266][debug][gc,age      ] GC(101) Desired survivor size 20971520 bytes, new threshold 15 (max threshold 15)
[2025-08-19T19:43:33.025+0000][1692266][info ][gc,phases   ] GC(101)   Pre Evacuate Collection Set: 0.0ms
[2025-08-19T19:43:33.025+0000][1692266][info ][gc,phases   ] GC(101)   Merge Heap Roots: 0.0ms
[2025-08-19T19:43:33.025+0000][1692266][info ][gc,phases   ] GC(101)   Evacuate Collection Set: 1.8ms
[2025-08-19T19:43:33.025+0000][1692266][info ][gc,phases   ] GC(101)   Post Evacuate Collection Set: 1.0ms
[2025-08-19T19:43:33.025+0000][1692266][info ][gc,phases   ] GC(101)   Other: 0.0ms
[2025-08-19T19:43:33.025+0000][1692266][trace][gc,age      ] GC(101) Age table with threshold 15 (max threshold 15)
[2025-08-19T19:43:33.025+0000][1692266][trace][gc,age      ] GC(101) - age   1:      16248 bytes,      16248 total
[2025-08-19T19:43:33.025+0000][1692266][trace][gc,age      ] GC(101) - age   2:       2160 bytes,      18408 total
[2025-08-19T19:43:33.025+0000][1692266][trace][gc,age      ] GC(101) - age   4:         56 bytes,      18464 total
[2025-08-19T19:43:33.025+0000][1692266][trace][gc,age      ] GC(101) - age   7:         64 bytes,      18528 total
[2025-08-19T19:43:33.025+0000][1692266][trace][gc,age      ] GC(101) - age   8:       5000 bytes,      23528 total
[2025-08-19T19:43:33.025+0000][1692266][trace][gc,age      ] GC(101) - age  10:        192 bytes,      23720 total
[2025-08-19T19:43:33.025+0000][1692266][trace][gc,age      ] GC(101) - age  11:        168 bytes,      23888 total
[2025-08-19T19:43:33.025+0000][1692266][trace][gc,age      ] GC(101) - age  12:       5680 bytes,      29568 total
[2025-08-19T19:43:33.025+0000][1692266][trace][gc,age      ] GC(101) - age  15:       4304 bytes,      33872 total
[2025-08-19T19:43:33.025+0000][1692266][info ][gc,heap     ] GC(101) Eden regions: 75->0(75)
[2025-08-19T19:43:33.025+0000][1692266][info ][gc,heap     ] GC(101) Survivor regions: 1->1(10)
[2025-08-19T19:43:33.025+0000][1692266][info ][gc,heap     ] GC(101) Old regions: 35->35
[2025-08-19T19:43:33.025+0000][1692266][info ][gc,heap     ] GC(101) Humongous regions: 0->0
[2025-08-19T19:43:33.025+0000][1692266][info ][gc,metaspace] GC(101) Metaspace: 143890K(147712K)->143890K(147712K) NonClass: 124374K(126400K)->124374K(126400K) Class: 19515K(21312K)->19515K(21312K)
[2025-08-19T19:43:33.025+0000][1692266][info ][gc          ] GC(101) Pause Young (Normal) (G1 Evacuation Pause) 436M->136M(512M) 2.994ms
[2025-08-19T19:43:33.025+0000][1692266][info ][gc,cpu      ] GC(101) User=0.00s Sys=0.00s Real=0.00s
[2025-08-19T19:43:33.025+0000][1692266][info ][safepoint   ] Safepoint "G1CollectForAllocation", Time since last: 1383442186 ns, Reaching safepoint: 5788 ns, Cleanup: 2524 ns, At safepoint: 3038239 ns, Total: 3046551 ns
[2025-08-19T19:45:01.030+0000][1692266][info ][safepoint   ] Safepoint "Cleanup", Time since last: 88005070212 ns, Reaching safepoint: 7020 ns, Cleanup: 11347 ns, At safepoint: 29175 ns, Total: 47542 ns
[2025-08-19T19:50:58.016+0000][1692266][info ][gc,start    ] GC(102) Pause Young (Normal) (G1 Evacuation Pause)
[2025-08-19T19:50:58.016+0000][1692266][info ][gc,task     ] GC(102) Using 1 workers of 1 for evacuation
[2025-08-19T19:50:58.016+0000][1692266][debug][gc,age      ] GC(102) Desired survivor size 20971520 bytes, new threshold 15 (max threshold 15)
[2025-08-19T19:50:58.019+0000][1692266][info ][gc,phases   ] GC(102)   Pre Evacuate Collection Set: 0.1ms
[2025-08-19T19:50:58.019+0000][1692266][info ][gc,phases   ] GC(102)   Merge Heap Roots: 0.0ms
[2025-08-19T19:50:58.019+0000][1692266][info ][gc,phases   ] GC(102)   Evacuate Collection Set: 1.8ms
[2025-08-19T19:50:58.019+0000][1692266][info ][gc,phases   ] GC(102)   Post Evacuate Collection Set: 0.8ms
[2025-08-19T19:50:58.019+0000][1692266][info ][gc,phases   ] GC(102)   Other: 0.0ms
[2025-08-19T19:50:58.019+0000][1692266][trace][gc,age      ] GC(102) Age table with threshold 15 (max threshold 15)
[2025-08-19T19:50:58.019+0000][1692266][trace][gc,age      ] GC(102) - age   1:      15896 bytes,      15896 total
[2025-08-19T19:50:58.019+0000][1692266][trace][gc,age      ] GC(102) - age   2:        200 bytes,      16096 total
[2025-08-19T19:50:58.019+0000][1692266][trace][gc,age      ] GC(102) - age   3:       1496 bytes,      17592 total
[2025-08-19T19:50:58.019+0000][1692266][trace][gc,age      ] GC(102) - age   5:         56 bytes,      17648 total
[2025-08-19T19:50:58.019+0000][1692266][trace][gc,age      ] GC(102) - age   8:         64 bytes,      17712 total
[2025-08-19T19:50:58.019+0000][1692266][trace][gc,age      ] GC(102) - age   9:       4824 bytes,      22536 total
[2025-08-19T19:50:58.019+0000][1692266][trace][gc,age      ] GC(102) - age  11:        192 bytes,      22728 total
[2025-08-19T19:50:58.019+0000][1692266][trace][gc,age      ] GC(102) - age  12:        168 bytes,      22896 total
[2025-08-19T19:50:58.019+0000][1692266][trace][gc,age      ] GC(102) - age  13:       5680 bytes,      28576 total
[2025-08-19T19:50:58.019+0000][1692266][info ][gc,heap     ] GC(102) Eden regions: 75->0(75)
[2025-08-19T19:50:58.019+0000][1692266][info ][gc,heap     ] GC(102) Survivor regions: 1->1(10)
[2025-08-19T19:50:58.019+0000][1692266][info ][gc,heap     ] GC(102) Old regions: 35->35
[2025-08-19T19:50:58.019+0000][1692266][info ][gc,heap     ] GC(102) Humongous regions: 0->0
[2025-08-19T19:50:58.019+0000][1692266][info ][gc,metaspace] GC(102) Metaspace: 143890K(147712K)->143890K(147712K) NonClass: 124374K(126400K)->124374K(126400K) Class: 19515K(21312K)->19515K(21312K)
[2025-08-19T19:50:58.019+0000][1692266][info ][gc          ] GC(102) Pause Young (Normal) (G1 Evacuation Pause) 436M->136M(512M) 3.350ms
[2025-08-19T19:50:58.019+0000][1692266][info ][gc,cpu      ] GC(102) User=0.00s Sys=0.00s Real=0.00s
[2025-08-19T19:50:58.019+0000][1692266][info ][safepoint   ] Safepoint "G1CollectForAllocation", Time since last: 356985030163 ns, Reaching safepoint: 5719 ns, Cleanup: 3375 ns, At safepoint: 3388187 ns, Total: 3397281 ns
[2025-08-19T19:58:22.218+0000][1692266][info ][gc,start    ] GC(103) Pause Young (Normal) (G1 Evacuation Pause)
[2025-08-19T19:58:22.218+0000][1692266][info ][gc,task     ] GC(103) Using 1 workers of 1 for evacuation
[2025-08-19T19:58:22.218+0000][1692266][debug][gc,age      ] GC(103) Desired survivor size 20971520 bytes, new threshold 15 (max threshold 15)
[2025-08-19T19:58:22.221+0000][1692266][info ][gc,phases   ] GC(103)   Pre Evacuate Collection Set: 0.0ms
[2025-08-19T19:58:22.221+0000][1692266][info ][gc,phases   ] GC(103)   Merge Heap Roots: 0.0ms
[2025-08-19T19:58:22.221+0000][1692266][info ][gc,phases   ] GC(103)   Evacuate Collection Set: 1.7ms
[2025-08-19T19:58:22.221+0000][1692266][info ][gc,phases   ] GC(103)   Post Evacuate Collection Set: 0.8ms
[2025-08-19T19:58:22.221+0000][1692266][info ][gc,phases   ] GC(103)   Other: 0.0ms
[2025-08-19T19:58:22.221+0000][1692266][trace][gc,age      ] GC(103) Age table with threshold 15 (max threshold 15)
[2025-08-19T19:58:22.221+0000][1692266][trace][gc,age      ] GC(103) - age   1:      18072 bytes,      18072 total
[2025-08-19T19:58:22.221+0000][1692266][trace][gc,age      ] GC(103) - age   2:       1208 bytes,      19280 total
[2025-08-19T19:58:22.221+0000][1692266][trace][gc,age      ] GC(103) - age   3:         72 bytes,      19352 total
[2025-08-19T19:58:22.221+0000][1692266][trace][gc,age      ] GC(103) - age   4:       1496 bytes,      20848 total
[2025-08-19T19:58:22.221+0000][1692266][trace][gc,age      ] GC(103) - age   6:         56 bytes,      20904 total
[2025-08-19T19:58:22.221+0000][1692266][trace][gc,age      ] GC(103) - age   9:         64 bytes,      20968 total
[2025-08-19T19:58:22.221+0000][1692266][trace][gc,age      ] GC(103) - age  10:       4824 bytes,      25792 total
[2025-08-19T19:58:22.221+0000][1692266][trace][gc,age      ] GC(103) - age  12:        192 bytes,      25984 total
[2025-08-19T19:58:22.221+0000][1692266][trace][gc,age      ] GC(103) - age  13:        168 bytes,      26152 total
[2025-08-19T19:58:22.221+0000][1692266][trace][gc,age      ] GC(103) - age  14:       5680 bytes,      31832 total
[2025-08-19T19:58:22.221+0000][1692266][info ][gc,heap     ] GC(103) Eden regions: 75->0(75)
[2025-08-19T19:58:22.221+0000][1692266][info ][gc,heap     ] GC(103) Survivor regions: 1->1(10)
[2025-08-19T19:58:22.221+0000][1692266][info ][gc,heap     ] GC(103) Old regions: 35->35
[2025-08-19T19:58:22.221+0000][1692266][info ][gc,heap     ] GC(103) Humongous regions: 0->0
[2025-08-19T19:58:22.221+0000][1692266][info ][gc,metaspace] GC(103) Metaspace: 143892K(147712K)->143892K(147712K) NonClass: 124376K(126400K)->124376K(126400K) Class: 19515K(21312K)->19515K(21312K)
[2025-08-19T19:58:22.221+0000][1692266][info ][gc          ] GC(103) Pause Young (Normal) (G1 Evacuation Pause) 436M->136M(512M) 2.972ms
[2025-08-19T19:58:22.221+0000][1692266][info ][gc,cpu      ] GC(103) User=0.00s Sys=0.00s Real=0.00s
[2025-08-19T19:58:22.221+0000][1692266][info ][safepoint   ] Safepoint "G1CollectForAllocation", Time since last: 444198730137 ns, Reaching safepoint: 37627 ns, Cleanup: 2574 ns, At safepoint: 3008564 ns, Total: 3048765 ns
[2025-08-19T20:05:43.846+0000][1692266][info ][gc,start    ] GC(104) Pause Young (Normal) (G1 Evacuation Pause)
[2025-08-19T20:05:43.846+0000][1692266][info ][gc,task     ] GC(104) Using 1 workers of 1 for evacuation
[2025-08-19T20:05:43.846+0000][1692266][debug][gc,age      ] GC(104) Desired survivor size 20971520 bytes, new threshold 15 (max threshold 15)
[2025-08-19T20:05:43.849+0000][1692266][info ][gc,phases   ] GC(104)   Pre Evacuate Collection Set: 0.1ms
[2025-08-19T20:05:43.849+0000][1692266][info ][gc,phases   ] GC(104)   Merge Heap Roots: 0.0ms
[2025-08-19T20:05:43.849+0000][1692266][info ][gc,phases   ] GC(104)   Evacuate Collection Set: 1.5ms
[2025-08-19T20:05:43.849+0000][1692266][info ][gc,phases   ] GC(104)   Post Evacuate Collection Set: 1.0ms
[2025-08-19T20:05:43.849+0000][1692266][info ][gc,phases   ] GC(104)   Other: 0.0ms
[2025-08-19T20:05:43.849+0000][1692266][trace][gc,age      ] GC(104) Age table with threshold 15 (max threshold 15)
[2025-08-19T20:05:43.849+0000][1692266][trace][gc,age      ] GC(104) - age   1:      16448 bytes,      16448 total
[2025-08-19T20:05:43.849+0000][1692266][trace][gc,age      ] GC(104) - age   2:        224 bytes,      16672 total
[2025-08-19T20:05:43.849+0000][1692266][trace][gc,age      ] GC(104) - age   3:        784 bytes,      17456 total
[2025-08-19T20:05:43.849+0000][1692266][trace][gc,age      ] GC(104) - age   4:         72 bytes,      17528 total
[2025-08-19T20:05:43.849+0000][1692266][trace][gc,age      ] GC(104) - age   5:       1496 bytes,      19024 total
[2025-08-19T20:05:43.849+0000][1692266][trace][gc,age      ] GC(104) - age   7:         56 bytes,      19080 total
[2025-08-19T20:05:43.849+0000][1692266][trace][gc,age      ] GC(104) - age  10:         64 bytes,      19144 total
[2025-08-19T20:05:43.849+0000][1692266][trace][gc,age      ] GC(104) - age  11:       4824 bytes,      23968 total
[2025-08-19T20:05:43.849+0000][1692266][trace][gc,age      ] GC(104) - age  13:        192 bytes,      24160 total
[2025-08-19T20:05:43.849+0000][1692266][trace][gc,age      ] GC(104) - age  14:        168 bytes,      24328 total
[2025-08-19T20:05:43.849+0000][1692266][trace][gc,age      ] GC(104) - age  15:       5680 bytes,      30008 total
[2025-08-19T20:05:43.849+0000][1692266][info ][gc,heap     ] GC(104) Eden regions: 75->0(75)
[2025-08-19T20:05:43.849+0000][1692266][info ][gc,heap     ] GC(104) Survivor regions: 1->1(10)
[2025-08-19T20:05:43.849+0000][1692266][info ][gc,heap     ] GC(104) Old regions: 35->35
[2025-08-19T20:05:43.849+0000][1692266][info ][gc,heap     ] GC(104) Humongous regions: 0->0
[2025-08-19T20:05:43.849+0000][1692266][info ][gc,metaspace] GC(104) Metaspace: 143892K(147712K)->143892K(147712K) NonClass: 124376K(126400K)->124376K(126400K) Class: 19515K(21312K)->19515K(21312K)
[2025-08-19T20:05:43.849+0000][1692266][info ][gc          ] GC(104) Pause Young (Normal) (G1 Evacuation Pause) 436M->136M(512M) 2.873ms
[2025-08-19T20:05:43.849+0000][1692266][info ][gc,cpu      ] GC(104) User=0.01s Sys=0.00s Real=0.00s
[2025-08-19T20:05:43.849+0000][1692266][info ][safepoint   ] Safepoint "G1CollectForAllocation", Time since last: 441625535545 ns, Reaching safepoint: 8013 ns, Cleanup: 2453 ns, At safepoint: 2911347 ns, Total: 2921813 ns
[2025-08-19T20:07:22.855+0000][1692266][info ][safepoint   ] Safepoint "Cleanup", Time since last: 99005703352 ns, Reaching safepoint: 323779 ns, Cleanup: 15984 ns, At safepoint: 6059 ns, Total: 345822 ns
[2025-08-19T20:11:36.872+0000][1692266][info ][safepoint   ] Safepoint "Cleanup", Time since last: 254016888514 ns, Reaching safepoint: 69375 ns, Cleanup: 11247 ns, At safepoint: 4597 ns, Total: 85219 ns
[2025-08-19T20:13:07.246+0000][1692266][info ][gc,start    ] GC(105) Pause Young (Normal) (G1 Evacuation Pause)
[2025-08-19T20:13:07.246+0000][1692266][info ][gc,task     ] GC(105) Using 1 workers of 1 for evacuation
[2025-08-19T20:13:07.246+0000][1692266][debug][gc,age      ] GC(105) Desired survivor size 20971520 bytes, new threshold 15 (max threshold 15)
[2025-08-19T20:13:07.249+0000][1692266][info ][gc,phases   ] GC(105)   Pre Evacuate Collection Set: 0.1ms
[2025-08-19T20:13:07.249+0000][1692266][info ][gc,phases   ] GC(105)   Merge Heap Roots: 0.0ms
[2025-08-19T20:13:07.249+0000][1692266][info ][gc,phases   ] GC(105)   Evacuate Collection Set: 1.5ms
[2025-08-19T20:13:07.249+0000][1692266][info ][gc,phases   ] GC(105)   Post Evacuate Collection Set: 0.8ms
[2025-08-19T20:13:07.249+0000][1692266][info ][gc,phases   ] GC(105)   Other: 0.3ms
[2025-08-19T20:13:07.249+0000][1692266][trace][gc,age      ] GC(105) Age table with threshold 15 (max threshold 15)
[2025-08-19T20:13:07.249+0000][1692266][trace][gc,age      ] GC(105) - age   1:      15256 bytes,      15256 total
[2025-08-19T20:13:07.249+0000][1692266][trace][gc,age      ] GC(105) - age   2:         88 bytes,      15344 total
[2025-08-19T20:13:07.249+0000][1692266][trace][gc,age      ] GC(105) - age   3:        112 bytes,      15456 total
[2025-08-19T20:13:07.249+0000][1692266][trace][gc,age      ] GC(105) - age   4:        232 bytes,      15688 total
[2025-08-19T20:13:07.249+0000][1692266][trace][gc,age      ] GC(105) - age   5:         72 bytes,      15760 total
[2025-08-19T20:13:07.249+0000][1692266][trace][gc,age      ] GC(105) - age   6:       1496 bytes,      17256 total
[2025-08-19T20:13:07.249+0000][1692266][trace][gc,age      ] GC(105) - age   8:         56 bytes,      17312 total
[2025-08-19T20:13:07.249+0000][1692266][trace][gc,age      ] GC(105) - age  11:         64 bytes,      17376 total
[2025-08-19T20:13:07.249+0000][1692266][trace][gc,age      ] GC(105) - age  12:       4824 bytes,      22200 total
[2025-08-19T20:13:07.249+0000][1692266][trace][gc,age      ] GC(105) - age  14:        192 bytes,      22392 total
[2025-08-19T20:13:07.249+0000][1692266][trace][gc,age      ] GC(105) - age  15:        168 bytes,      22560 total
[2025-08-19T20:13:07.249+0000][1692266][info ][gc,heap     ] GC(105) Eden regions: 75->0(75)
[2025-08-19T20:13:07.249+0000][1692266][info ][gc,heap     ] GC(105) Survivor regions: 1->1(10)
[2025-08-19T20:13:07.249+0000][1692266][info ][gc,heap     ] GC(105) Old regions: 35->35
[2025-08-19T20:13:07.249+0000][1692266][info ][gc,heap     ] GC(105) Humongous regions: 0->0
[2025-08-19T20:13:07.249+0000][1692266][info ][gc,metaspace] GC(105) Metaspace: 143892K(147712K)->143892K(147712K) NonClass: 124377K(126400K)->124377K(126400K) Class: 19515K(21312K)->19515K(21312K)
[2025-08-19T20:13:07.249+0000][1692266][info ][gc          ] GC(105) Pause Young (Normal) (G1 Evacuation Pause) 436M->136M(512M) 3.259ms
[2025-08-19T20:13:07.249+0000][1692266][info ][gc,cpu      ] GC(105) User=0.01s Sys=0.01s Real=0.00s
[2025-08-19T20:13:07.249+0000][1692266][info ][safepoint   ] Safepoint "G1CollectForAllocation", Time since last: 90373431894 ns, Reaching safepoint: 7862 ns, Cleanup: 2994 ns, At safepoint: 3302938 ns, Total: 3313794 ns
[2025-08-19T20:15:32.270+0000][1692266][info ][safepoint   ] Safepoint "Cleanup", Time since last: 145021083981 ns, Reaching safepoint: 40151 ns, Cleanup: 8423 ns, At safepoint: 4196 ns, Total: 52770 ns
[2025-08-19T20:20:31.994+0000][1692266][info ][gc,start    ] GC(106) Pause Young (Normal) (G1 Evacuation Pause)
[2025-08-19T20:20:31.994+0000][1692266][info ][gc,task     ] GC(106) Using 1 workers of 1 for evacuation
[2025-08-19T20:20:31.994+0000][1692266][debug][gc,age      ] GC(106) Desired survivor size 20971520 bytes, new threshold 15 (max threshold 15)
[2025-08-19T20:20:31.997+0000][1692266][info ][gc,phases   ] GC(106)   Pre Evacuate Collection Set: 0.0ms
[2025-08-19T20:20:31.997+0000][1692266][info ][gc,phases   ] GC(106)   Merge Heap Roots: 0.0ms
[2025-08-19T20:20:31.997+0000][1692266][info ][gc,phases   ] GC(106)   Evacuate Collection Set: 1.6ms
[2025-08-19T20:20:31.997+0000][1692266][info ][gc,phases   ] GC(106)   Post Evacuate Collection Set: 0.8ms
[2025-08-19T20:20:31.997+0000][1692266][info ][gc,phases   ] GC(106)   Other: 0.0ms
[2025-08-19T20:20:31.997+0000][1692266][trace][gc,age      ] GC(106) Age table with threshold 15 (max threshold 15)
[2025-08-19T20:20:31.997+0000][1692266][trace][gc,age      ] GC(106) - age   1:      27168 bytes,      27168 total
[2025-08-19T20:20:31.997+0000][1692266][trace][gc,age      ] GC(106) - age   2:       1104 bytes,      28272 total
[2025-08-19T20:20:31.997+0000][1692266][trace][gc,age      ] GC(106) - age   3:         88 bytes,      28360 total
[2025-08-19T20:20:31.997+0000][1692266][trace][gc,age      ] GC(106) - age   4:        112 bytes,      28472 total
[2025-08-19T20:20:31.997+0000][1692266][trace][gc,age      ] GC(106) - age   5:        232 bytes,      28704 total
[2025-08-19T20:20:31.997+0000][1692266][trace][gc,age      ] GC(106) - age   6:         72 bytes,      28776 total
[2025-08-19T20:20:31.997+0000][1692266][trace][gc,age      ] GC(106) - age   7:       1496 bytes,      30272 total
[2025-08-19T20:20:31.997+0000][1692266][trace][gc,age      ] GC(106) - age   9:         56 bytes,      30328 total
[2025-08-19T20:20:31.997+0000][1692266][trace][gc,age      ] GC(106) - age  12:         64 bytes,      30392 total
[2025-08-19T20:20:31.997+0000][1692266][trace][gc,age      ] GC(106) - age  13:       4824 bytes,      35216 total
[2025-08-19T20:20:31.997+0000][1692266][trace][gc,age      ] GC(106) - age  15:        192 bytes,      35408 total
[2025-08-19T20:20:31.997+0000][1692266][info ][gc,heap     ] GC(106) Eden regions: 75->0(75)
[2025-08-19T20:20:31.997+0000][1692266][info ][gc,heap     ] GC(106) Survivor regions: 1->1(10)
[2025-08-19T20:20:31.997+0000][1692266][info ][gc,heap     ] GC(106) Old regions: 35->35
[2025-08-19T20:20:31.997+0000][1692266][info ][gc,heap     ] GC(106) Humongous regions: 0->0
[2025-08-19T20:20:31.997+0000][1692266][info ][gc,metaspace] GC(106) Metaspace: 143892K(147712K)->143892K(147712K) NonClass: 124377K(126400K)->124377K(126400K) Class: 19515K(21312K)->19515K(21312K)
[2025-08-19T20:20:31.997+0000][1692266][info ][gc          ] GC(106) Pause Young (Normal) (G1 Evacuation Pause) 436M->136M(512M) 2.740ms
[2025-08-19T20:20:31.997+0000][1692266][info ][gc,cpu      ] GC(106) User=0.01s Sys=0.00s Real=0.01s
[2025-08-19T20:20:31.997+0000][1692266][info ][safepoint   ] Safepoint "G1CollectForAllocation", Time since last: 299723797841 ns, Reaching safepoint: 8172 ns, Cleanup: 2574 ns, At safepoint: 2775532 ns, Total: 2786278 ns
[2025-08-19T20:20:51.998+0000][1692266][info ][safepoint   ] Safepoint "Cleanup", Time since last: 20001141952 ns, Reaching safepoint: 38177 ns, Cleanup: 11157 ns, At safepoint: 4447 ns, Total: 53781 ns
[2025-08-19T20:23:25.009+0000][1692266][info ][safepoint   ] Safepoint "Cleanup", Time since last: 153011123084 ns, Reaching safepoint: 74923 ns, Cleanup: 9915 ns, At safepoint: 2134 ns, Total: 86972 ns
[2025-08-19T20:24:03.012+0000][1692266][info ][safepoint   ] Safepoint "Cleanup", Time since last: 38002755036 ns, Reaching safepoint: 29625 ns, Cleanup: 12388 ns, At safepoint: 4397 ns, Total: 46410 ns
[2025-08-19T20:27:55.078+0000][1692266][info ][gc,start    ] GC(107) Pause Young (Normal) (G1 Evacuation Pause)
[2025-08-19T20:27:55.079+0000][1692266][info ][gc,task     ] GC(107) Using 1 workers of 1 for evacuation
[2025-08-19T20:27:55.079+0000][1692266][debug][gc,age      ] GC(107) Desired survivor size 20971520 bytes, new threshold 15 (max threshold 15)
[2025-08-19T20:27:55.081+0000][1692266][info ][gc,phases   ] GC(107)   Pre Evacuate Collection Set: 0.1ms
[2025-08-19T20:27:55.081+0000][1692266][info ][gc,phases   ] GC(107)   Merge Heap Roots: 0.0ms
[2025-08-19T20:27:55.081+0000][1692266][info ][gc,phases   ] GC(107)   Evacuate Collection Set: 1.3ms
[2025-08-19T20:27:55.081+0000][1692266][info ][gc,phases   ] GC(107)   Post Evacuate Collection Set: 0.9ms
[2025-08-19T20:27:55.081+0000][1692266][info ][gc,phases   ] GC(107)   Other: 0.0ms
[2025-08-19T20:27:55.081+0000][1692266][trace][gc,age      ] GC(107) Age table with threshold 15 (max threshold 15)
[2025-08-19T20:27:55.081+0000][1692266][trace][gc,age      ] GC(107) - age   1:      15624 bytes,      15624 total
[2025-08-19T20:27:55.081+0000][1692266][trace][gc,age      ] GC(107) - age   4:         88 bytes,      15712 total
[2025-08-19T20:27:55.081+0000][1692266][trace][gc,age      ] GC(107) - age   5:        112 bytes,      15824 total
[2025-08-19T20:27:55.081+0000][1692266][trace][gc,age      ] GC(107) - age   6:        232 bytes,      16056 total
[2025-08-19T20:27:55.081+0000][1692266][trace][gc,age      ] GC(107) - age   7:         72 bytes,      16128 total
[2025-08-19T20:27:55.081+0000][1692266][trace][gc,age      ] GC(107) - age   8:       1496 bytes,      17624 total
[2025-08-19T20:27:55.081+0000][1692266][trace][gc,age      ] GC(107) - age  10:         56 bytes,      17680 total
[2025-08-19T20:27:55.081+0000][1692266][trace][gc,age      ] GC(107) - age  13:         64 bytes,      17744 total
[2025-08-19T20:27:55.081+0000][1692266][trace][gc,age      ] GC(107) - age  14:       4824 bytes,      22568 total
[2025-08-19T20:27:55.081+0000][1692266][info ][gc,heap     ] GC(107) Eden regions: 75->0(75)
[2025-08-19T20:27:55.081+0000][1692266][info ][gc,heap     ] GC(107) Survivor regions: 1->1(10)
[2025-08-19T20:27:55.081+0000][1692266][info ][gc,heap     ] GC(107) Old regions: 35->35
[2025-08-19T20:27:55.081+0000][1692266][info ][gc,heap     ] GC(107) Humongous regions: 0->0
[2025-08-19T20:27:55.081+0000][1692266][info ][gc,metaspace] GC(107) Metaspace: 143896K(147712K)->143896K(147712K) NonClass: 124380K(126400K)->124380K(126400K) Class: 19515K(21312K)->19515K(21312K)
[2025-08-19T20:27:55.081+0000][1692266][info ][gc          ] GC(107) Pause Young (Normal) (G1 Evacuation Pause) 436M->136M(512M) 2.825ms
[2025-08-19T20:27:55.081+0000][1692266][info ][gc,cpu      ] GC(107) User=0.00s Sys=0.00s Real=0.00s
[2025-08-19T20:27:55.081+0000][1692266][info ][safepoint   ] Safepoint "G1CollectForAllocation", Time since last: 232066235188 ns, Reaching safepoint: 5789 ns, Cleanup: 3785 ns, At safepoint: 2864376 ns, Total: 2873950 ns
[2025-08-19T20:31:33.094+0000][1692266][info ][safepoint   ] Safepoint "Cleanup", Time since last: 218013296470 ns, Reaching safepoint: 66510 ns, Cleanup: 12589 ns, At safepoint: 4437 ns, Total: 83536 ns
[2025-08-19T20:35:19.887+0000][1692266][info ][gc,start    ] GC(108) Pause Young (Normal) (G1 Evacuation Pause)
[2025-08-19T20:35:19.887+0000][1692266][info ][gc,task     ] GC(108) Using 1 workers of 1 for evacuation
[2025-08-19T20:35:19.887+0000][1692266][debug][gc,age      ] GC(108) Desired survivor size 20971520 bytes, new threshold 15 (max threshold 15)
[2025-08-19T20:35:19.890+0000][1692266][info ][gc,phases   ] GC(108)   Pre Evacuate Collection Set: 0.1ms
[2025-08-19T20:35:19.890+0000][1692266][info ][gc,phases   ] GC(108)   Merge Heap Roots: 0.0ms
[2025-08-19T20:35:19.890+0000][1692266][info ][gc,phases   ] GC(108)   Evacuate Collection Set: 1.5ms
[2025-08-19T20:35:19.890+0000][1692266][info ][gc,phases   ] GC(108)   Post Evacuate Collection Set: 1.1ms
[2025-08-19T20:35:19.890+0000][1692266][info ][gc,phases   ] GC(108)   Other: 0.0ms
[2025-08-19T20:35:19.890+0000][1692266][trace][gc,age      ] GC(108) Age table with threshold 15 (max threshold 15)
[2025-08-19T20:35:19.890+0000][1692266][trace][gc,age      ] GC(108) - age   1:      16120 bytes,      16120 total
[2025-08-19T20:35:19.890+0000][1692266][trace][gc,age      ] GC(108) - age   2:        824 bytes,      16944 total
[2025-08-19T20:35:19.890+0000][1692266][trace][gc,age      ] GC(108) - age   5:         88 bytes,      17032 total
[2025-08-19T20:35:19.890+0000][1692266][trace][gc,age      ] GC(108) - age   6:        112 bytes,      17144 total
[2025-08-19T20:35:19.890+0000][1692266][trace][gc,age      ] GC(108) - age   7:        232 bytes,      17376 total
[2025-08-19T20:35:19.890+0000][1692266][trace][gc,age      ] GC(108) - age   8:         72 bytes,      17448 total
[2025-08-19T20:35:19.890+0000][1692266][trace][gc,age      ] GC(108) - age   9:       1496 bytes,      18944 total
[2025-08-19T20:35:19.890+0000][1692266][trace][gc,age      ] GC(108) - age  11:         56 bytes,      19000 total
[2025-08-19T20:35:19.890+0000][1692266][trace][gc,age      ] GC(108) - age  14:         64 bytes,      19064 total
[2025-08-19T20:35:19.890+0000][1692266][trace][gc,age      ] GC(108) - age  15:       4824 bytes,      23888 total
[2025-08-19T20:35:19.890+0000][1692266][info ][gc,heap     ] GC(108) Eden regions: 75->0(75)
[2025-08-19T20:35:19.890+0000][1692266][info ][gc,heap     ] GC(108) Survivor regions: 1->1(10)
[2025-08-19T20:35:19.890+0000][1692266][info ][gc,heap     ] GC(108) Old regions: 35->35
[2025-08-19T20:35:19.890+0000][1692266][info ][gc,heap     ] GC(108) Humongous regions: 0->0
[2025-08-19T20:35:19.890+0000][1692266][info ][gc,metaspace] GC(108) Metaspace: 143896K(147712K)->143896K(147712K) NonClass: 124380K(126400K)->124380K(126400K) Class: 19515K(21312K)->19515K(21312K)
[2025-08-19T20:35:19.890+0000][1692266][info ][gc          ] GC(108) Pause Young (Normal) (G1 Evacuation Pause) 436M->136M(512M) 2.917ms
[2025-08-19T20:35:19.890+0000][1692266][info ][gc,cpu      ] GC(108) User=0.00s Sys=0.00s Real=0.00s
[2025-08-19T20:35:19.890+0000][1692266][info ][safepoint   ] Safepoint "G1CollectForAllocation", Time since last: 226792386552 ns, Reaching safepoint: 8032 ns, Cleanup: 2594 ns, At safepoint: 2954421 ns, Total: 2965047 ns
[2025-08-19T20:42:43.543+0000][1692266][info ][gc,start    ] GC(109) Pause Young (Normal) (G1 Evacuation Pause)
[2025-08-19T20:42:43.543+0000][1692266][info ][gc,task     ] GC(109) Using 1 workers of 1 for evacuation
[2025-08-19T20:42:43.543+0000][1692266][debug][gc,age      ] GC(109) Desired survivor size 20971520 bytes, new threshold 15 (max threshold 15)
[2025-08-19T20:42:43.546+0000][1692266][info ][gc,phases   ] GC(109)   Pre Evacuate Collection Set: 0.1ms
[2025-08-19T20:42:43.546+0000][1692266][info ][gc,phases   ] GC(109)   Merge Heap Roots: 0.0ms
[2025-08-19T20:42:43.546+0000][1692266][info ][gc,phases   ] GC(109)   Evacuate Collection Set: 1.5ms
[2025-08-19T20:42:43.546+0000][1692266][info ][gc,phases   ] GC(109)   Post Evacuate Collection Set: 0.8ms
[2025-08-19T20:42:43.546+0000][1692266][info ][gc,phases   ] GC(109)   Other: 0.0ms
[2025-08-19T20:42:43.546+0000][1692266][trace][gc,age      ] GC(109) Age table with threshold 15 (max threshold 15)
[2025-08-19T20:42:43.546+0000][1692266][trace][gc,age      ] GC(109) - age   1:      15280 bytes,      15280 total
[2025-08-19T20:42:43.546+0000][1692266][trace][gc,age      ] GC(109) - age   3:        160 bytes,      15440 total
[2025-08-19T20:42:43.546+0000][1692266][trace][gc,age      ] GC(109) - age   6:         88 bytes,      15528 total
[2025-08-19T20:42:43.546+0000][1692266][trace][gc,age      ] GC(109) - age   7:        112 bytes,      15640 total
[2025-08-19T20:42:43.546+0000][1692266][trace][gc,age      ] GC(109) - age   8:        232 bytes,      15872 total
[2025-08-19T20:42:43.546+0000][1692266][trace][gc,age      ] GC(109) - age   9:         72 bytes,      15944 total
[2025-08-19T20:42:43.546+0000][1692266][trace][gc,age      ] GC(109) - age  10:       1496 bytes,      17440 total
[2025-08-19T20:42:43.546+0000][1692266][trace][gc,age      ] GC(109) - age  12:         56 bytes,      17496 total
[2025-08-19T20:42:43.546+0000][1692266][trace][gc,age      ] GC(109) - age  15:         64 bytes,      17560 total
[2025-08-19T20:42:43.546+0000][1692266][info ][gc,heap     ] GC(109) Eden regions: 75->0(75)
[2025-08-19T20:42:43.546+0000][1692266][info ][gc,heap     ] GC(109) Survivor regions: 1->1(10)
[2025-08-19T20:42:43.546+0000][1692266][info ][gc,heap     ] GC(109) Old regions: 35->35
[2025-08-19T20:42:43.546+0000][1692266][info ][gc,heap     ] GC(109) Humongous regions: 0->0
[2025-08-19T20:42:43.546+0000][1692266][info ][gc,metaspace] GC(109) Metaspace: 143896K(147712K)->143896K(147712K) NonClass: 124380K(126400K)->124380K(126400K) Class: 19515K(21312K)->19515K(21312K)
[2025-08-19T20:42:43.546+0000][1692266][info ][gc          ] GC(109) Pause Young (Normal) (G1 Evacuation Pause) 436M->136M(512M) 3.015ms
[2025-08-19T20:42:43.546+0000][1692266][info ][gc,cpu      ] GC(109) User=0.00s Sys=0.00s Real=0.01s
[2025-08-19T20:42:43.546+0000][1692266][info ][safepoint   ] Safepoint "G1CollectForAllocation", Time since last: 443652924216 ns, Reaching safepoint: 8553 ns, Cleanup: 3225 ns, At safepoint: 3053632 ns, Total: 3065410 ns
[2025-08-19T20:44:03.556+0000][1692266][info ][safepoint   ] Safepoint "Cleanup", Time since last: 80010410026 ns, Reaching safepoint: 70947 ns, Cleanup: 14482 ns, At safepoint: 4537 ns, Total: 89966 ns
[2025-08-19T20:50:06.808+0000][1692266][info ][gc,start    ] GC(110) Pause Young (Normal) (G1 Evacuation Pause)
[2025-08-19T20:50:06.809+0000][1692266][info ][gc,task     ] GC(110) Using 1 workers of 1 for evacuation
[2025-08-19T20:50:06.809+0000][1692266][debug][gc,age      ] GC(110) Desired survivor size 20971520 bytes, new threshold 15 (max threshold 15)
[2025-08-19T20:50:06.811+0000][1692266][info ][gc,phases   ] GC(110)   Pre Evacuate Collection Set: 0.1ms
[2025-08-19T20:50:06.811+0000][1692266][info ][gc,phases   ] GC(110)   Merge Heap Roots: 0.0ms
[2025-08-19T20:50:06.811+0000][1692266][info ][gc,phases   ] GC(110)   Evacuate Collection Set: 1.3ms
[2025-08-19T20:50:06.811+0000][1692266][info ][gc,phases   ] GC(110)   Post Evacuate Collection Set: 0.8ms
[2025-08-19T20:50:06.811+0000][1692266][info ][gc,phases   ] GC(110)   Other: 0.3ms
[2025-08-19T20:50:06.811+0000][1692266][trace][gc,age      ] GC(110) Age table with threshold 15 (max threshold 15)
[2025-08-19T20:50:06.811+0000][1692266][trace][gc,age      ] GC(110) - age   1:      15216 bytes,      15216 total
[2025-08-19T20:50:06.811+0000][1692266][trace][gc,age      ] GC(110) - age   2:       1104 bytes,      16320 total
[2025-08-19T20:50:06.811+0000][1692266][trace][gc,age      ] GC(110) - age   4:        160 bytes,      16480 total
[2025-08-19T20:50:06.811+0000][1692266][trace][gc,age      ] GC(110) - age   7:         88 bytes,      16568 total
[2025-08-19T20:50:06.811+0000][1692266][trace][gc,age      ] GC(110) - age   8:        112 bytes,      16680 total
[2025-08-19T20:50:06.811+0000][1692266][trace][gc,age      ] GC(110) - age   9:        232 bytes,      16912 total
[2025-08-19T20:50:06.811+0000][1692266][trace][gc,age      ] GC(110) - age  10:         72 bytes,      16984 total
[2025-08-19T20:50:06.811+0000][1692266][trace][gc,age      ] GC(110) - age  11:       1496 bytes,      18480 total
[2025-08-19T20:50:06.811+0000][1692266][trace][gc,age      ] GC(110) - age  13:         56 bytes,      18536 total
[2025-08-19T20:50:06.811+0000][1692266][info ][gc,heap     ] GC(110) Eden regions: 75->0(75)
[2025-08-19T20:50:06.811+0000][1692266][info ][gc,heap     ] GC(110) Survivor regions: 1->1(10)
[2025-08-19T20:50:06.811+0000][1692266][info ][gc,heap     ] GC(110) Old regions: 35->35
[2025-08-19T20:50:06.811+0000][1692266][info ][gc,heap     ] GC(110) Humongous regions: 0->0
[2025-08-19T20:50:06.812+0000][1692266][info ][gc,metaspace] GC(110) Metaspace: 143896K(147712K)->143896K(147712K) NonClass: 124380K(126400K)->124380K(126400K) Class: 19515K(21312K)->19515K(21312K)
[2025-08-19T20:50:06.812+0000][1692266][info ][gc          ] GC(110) Pause Young (Normal) (G1 Evacuation Pause) 436M->136M(512M) 3.041ms
[2025-08-19T20:50:06.812+0000][1692266][info ][gc,cpu      ] GC(110) User=0.00s Sys=0.00s Real=0.00s
[2025-08-19T20:50:06.812+0000][1692266][info ][safepoint   ] Safepoint "G1CollectForAllocation", Time since last: 363252272363 ns, Reaching safepoint: 8583 ns, Cleanup: 3405 ns, At safepoint: 3081334 ns, Total: 3093322 ns
[2025-08-19T20:55:03.829+0000][1692266][info ][safepoint   ] Safepoint "Cleanup", Time since last: 297017398661 ns, Reaching safepoint: 28843 ns, Cleanup: 10356 ns, At safepoint: 2123 ns, Total: 41322 ns
[2025-08-19T20:55:33.831+0000][1692266][info ][safepoint   ] Safepoint "Cleanup", Time since last: 30002075104 ns, Reaching safepoint: 39090 ns, Cleanup: 11357 ns, At safepoint: 4496 ns, Total: 54943 ns
[2025-08-19T20:57:30.717+0000][1692266][info ][gc,start    ] GC(111) Pause Young (Normal) (G1 Evacuation Pause)
[2025-08-19T20:57:30.717+0000][1692266][info ][gc,task     ] GC(111) Using 1 workers of 1 for evacuation
[2025-08-19T20:57:30.717+0000][1692266][debug][gc,age      ] GC(111) Desired survivor size 20971520 bytes, new threshold 15 (max threshold 15)
[2025-08-19T20:57:30.720+0000][1692266][info ][gc,phases   ] GC(111)   Pre Evacuate Collection Set: 0.1ms
[2025-08-19T20:57:30.720+0000][1692266][info ][gc,phases   ] GC(111)   Merge Heap Roots: 0.0ms
[2025-08-19T20:57:30.720+0000][1692266][info ][gc,phases   ] GC(111)   Evacuate Collection Set: 1.5ms
[2025-08-19T20:57:30.720+0000][1692266][info ][gc,phases   ] GC(111)   Post Evacuate Collection Set: 0.9ms
[2025-08-19T20:57:30.720+0000][1692266][info ][gc,phases   ] GC(111)   Other: 0.0ms
[2025-08-19T20:57:30.720+0000][1692266][trace][gc,age      ] GC(111) Age table with threshold 15 (max threshold 15)
[2025-08-19T20:57:30.720+0000][1692266][trace][gc,age      ] GC(111) - age   1:      17144 bytes,      17144 total
[2025-08-19T20:57:30.720+0000][1692266][trace][gc,age      ] GC(111) - age   5:        160 bytes,      17304 total
[2025-08-19T20:57:30.720+0000][1692266][trace][gc,age      ] GC(111) - age   8:         88 bytes,      17392 total
[2025-08-19T20:57:30.720+0000][1692266][trace][gc,age      ] GC(111) - age   9:        112 bytes,      17504 total
[2025-08-19T20:57:30.720+0000][1692266][trace][gc,age      ] GC(111) - age  10:         56 bytes,      17560 total
[2025-08-19T20:57:30.720+0000][1692266][trace][gc,age      ] GC(111) - age  11:         72 bytes,      17632 total
[2025-08-19T20:57:30.720+0000][1692266][trace][gc,age      ] GC(111) - age  12:       1496 bytes,      19128 total
[2025-08-19T20:57:30.720+0000][1692266][trace][gc,age      ] GC(111) - age  14:         56 bytes,      19184 total
[2025-08-19T20:57:30.720+0000][1692266][info ][gc,heap     ] GC(111) Eden regions: 75->0(75)
[2025-08-19T20:57:30.720+0000][1692266][info ][gc,heap     ] GC(111) Survivor regions: 1->1(10)
[2025-08-19T20:57:30.720+0000][1692266][info ][gc,heap     ] GC(111) Old regions: 35->35
[2025-08-19T20:57:30.720+0000][1692266][info ][gc,heap     ] GC(111) Humongous regions: 0->0
[2025-08-19T20:57:30.720+0000][1692266][info ][gc,metaspace] GC(111) Metaspace: 143897K(147712K)->143897K(147712K) NonClass: 124381K(126400K)->124381K(126400K) Class: 19515K(21312K)->19515K(21312K)
[2025-08-19T20:57:30.720+0000][1692266][info ][gc          ] GC(111) Pause Young (Normal) (G1 Evacuation Pause) 436M->136M(512M) 2.762ms
[2025-08-19T20:57:30.720+0000][1692266][info ][gc,cpu      ] GC(111) User=0.01s Sys=0.00s Real=0.00s
[2025-08-19T20:57:30.720+0000][1692266][info ][safepoint   ] Safepoint "G1CollectForAllocation", Time since last: 116886023941 ns, Reaching safepoint: 9475 ns, Cleanup: 2463 ns, At safepoint: 2798927 ns, Total: 2810865 ns
[2025-08-19T21:01:33.734+0000][1692266][info ][safepoint   ] Safepoint "Cleanup", Time since last: 243014089385 ns, Reaching safepoint: 40962 ns, Cleanup: 9164 ns, At safepoint: 4226 ns, Total: 54352 ns
[2025-08-19T21:04:55.769+0000][1692266][info ][gc,start    ] GC(112) Pause Young (Normal) (G1 Evacuation Pause)
[2025-08-19T21:04:55.770+0000][1692266][info ][gc,task     ] GC(112) Using 1 workers of 1 for evacuation
[2025-08-19T21:04:55.770+0000][1692266][debug][gc,age      ] GC(112) Desired survivor size 20971520 bytes, new threshold 15 (max threshold 15)
[2025-08-19T21:04:55.772+0000][1692266][info ][gc,phases   ] GC(112)   Pre Evacuate Collection Set: 0.1ms
[2025-08-19T21:04:55.772+0000][1692266][info ][gc,phases   ] GC(112)   Merge Heap Roots: 0.0ms
[2025-08-19T21:04:55.772+0000][1692266][info ][gc,phases   ] GC(112)   Evacuate Collection Set: 1.4ms
[2025-08-19T21:04:55.772+0000][1692266][info ][gc,phases   ] GC(112)   Post Evacuate Collection Set: 0.8ms
[2025-08-19T21:04:55.772+0000][1692266][info ][gc,phases   ] GC(112)   Other: 0.0ms
[2025-08-19T21:04:55.772+0000][1692266][trace][gc,age      ] GC(112) Age table with threshold 15 (max threshold 15)
[2025-08-19T21:04:55.772+0000][1692266][trace][gc,age      ] GC(112) - age   1:      14880 bytes,      14880 total
[2025-08-19T21:04:55.772+0000][1692266][trace][gc,age      ] GC(112) - age   2:       1024 bytes,      15904 total
[2025-08-19T21:04:55.772+0000][1692266][trace][gc,age      ] GC(112) - age   6:        160 bytes,      16064 total
[2025-08-19T21:04:55.772+0000][1692266][trace][gc,age      ] GC(112) - age   9:         88 bytes,      16152 total
[2025-08-19T21:04:55.772+0000][1692266][trace][gc,age      ] GC(112) - age  10:        112 bytes,      16264 total
[2025-08-19T21:04:55.772+0000][1692266][trace][gc,age      ] GC(112) - age  11:         56 bytes,      16320 total
[2025-08-19T21:04:55.772+0000][1692266][trace][gc,age      ] GC(112) - age  12:         72 bytes,      16392 total
[2025-08-19T21:04:55.772+0000][1692266][trace][gc,age      ] GC(112) - age  13:       1496 bytes,      17888 total
[2025-08-19T21:04:55.772+0000][1692266][trace][gc,age      ] GC(112) - age  15:         56 bytes,      17944 total
[2025-08-19T21:04:55.772+0000][1692266][info ][gc,heap     ] GC(112) Eden regions: 75->0(75)
[2025-08-19T21:04:55.772+0000][1692266][info ][gc,heap     ] GC(112) Survivor regions: 1->1(10)
[2025-08-19T21:04:55.772+0000][1692266][info ][gc,heap     ] GC(112) Old regions: 35->35
[2025-08-19T21:04:55.772+0000][1692266][info ][gc,heap     ] GC(112) Humongous regions: 0->0
[2025-08-19T21:04:55.772+0000][1692266][info ][gc,metaspace] GC(112) Metaspace: 143897K(147712K)->143897K(147712K) NonClass: 124381K(126400K)->124381K(126400K) Class: 19515K(21312K)->19515K(21312K)
[2025-08-19T21:04:55.772+0000][1692266][info ][gc          ] GC(112) Pause Young (Normal) (G1 Evacuation Pause) 436M->136M(512M) 2.930ms
[2025-08-19T21:04:55.772+0000][1692266][info ][gc,cpu      ] GC(112) User=0.00s Sys=0.01s Real=0.00s
[2025-08-19T21:04:55.772+0000][1692266][info ][safepoint   ] Safepoint "G1CollectForAllocation", Time since last: 202034914052 ns, Reaching safepoint: 5779 ns, Cleanup: 3275 ns, At safepoint: 2969294 ns, Total: 2978348 ns
[2025-08-19T21:12:18.858+0000][1692266][info ][gc,start    ] GC(113) Pause Young (Normal) (G1 Evacuation Pause)
[2025-08-19T21:12:18.859+0000][1692266][info ][gc,task     ] GC(113) Using 1 workers of 1 for evacuation
[2025-08-19T21:12:18.859+0000][1692266][debug][gc,age      ] GC(113) Desired survivor size 20971520 bytes, new threshold 15 (max threshold 15)
[2025-08-19T21:12:18.861+0000][1692266][info ][gc,phases   ] GC(113)   Pre Evacuate Collection Set: 0.1ms
[2025-08-19T21:12:18.861+0000][1692266][info ][gc,phases   ] GC(113)   Merge Heap Roots: 0.0ms
[2025-08-19T21:12:18.861+0000][1692266][info ][gc,phases   ] GC(113)   Evacuate Collection Set: 1.3ms
[2025-08-19T21:12:18.861+0000][1692266][info ][gc,phases   ] GC(113)   Post Evacuate Collection Set: 0.8ms
[2025-08-19T21:12:18.861+0000][1692266][info ][gc,phases   ] GC(113)   Other: 0.3ms
[2025-08-19T21:12:18.861+0000][1692266][trace][gc,age      ] GC(113) Age table with threshold 15 (max threshold 15)
[2025-08-19T21:12:18.861+0000][1692266][trace][gc,age      ] GC(113) - age   1:      15472 bytes,      15472 total
[2025-08-19T21:12:18.861+0000][1692266][trace][gc,age      ] GC(113) - age   3:        176 bytes,      15648 total
[2025-08-19T21:12:18.861+0000][1692266][trace][gc,age      ] GC(113) - age   7:        160 bytes,      15808 total
[2025-08-19T21:12:18.861+0000][1692266][trace][gc,age      ] GC(113) - age  10:         88 bytes,      15896 total
[2025-08-19T21:12:18.861+0000][1692266][trace][gc,age      ] GC(113) - age  11:        112 bytes,      16008 total
[2025-08-19T21:12:18.861+0000][1692266][trace][gc,age      ] GC(113) - age  12:         56 bytes,      16064 total
[2025-08-19T21:12:18.861+0000][1692266][trace][gc,age      ] GC(113) - age  13:         72 bytes,      16136 total
[2025-08-19T21:12:18.861+0000][1692266][trace][gc,age      ] GC(113) - age  14:       1496 bytes,      17632 total
[2025-08-19T21:12:18.861+0000][1692266][info ][gc,heap     ] GC(113) Eden regions: 75->0(75)
[2025-08-19T21:12:18.861+0000][1692266][info ][gc,heap     ] GC(113) Survivor regions: 1->1(10)
[2025-08-19T21:12:18.861+0000][1692266][info ][gc,heap     ] GC(113) Old regions: 35->35
[2025-08-19T21:12:18.861+0000][1692266][info ][gc,heap     ] GC(113) Humongous regions: 0->0
[2025-08-19T21:12:18.861+0000][1692266][info ][gc,metaspace] GC(113) Metaspace: 143897K(147712K)->143897K(147712K) NonClass: 124381K(126400K)->124381K(126400K) Class: 19515K(21312K)->19515K(21312K)
[2025-08-19T21:12:18.861+0000][1692266][info ][gc          ] GC(113) Pause Young (Normal) (G1 Evacuation Pause) 436M->136M(512M) 2.895ms
[2025-08-19T21:12:18.861+0000][1692266][info ][gc,cpu      ] GC(113) User=0.00s Sys=0.00s Real=0.00s
[2025-08-19T21:12:18.861+0000][1692266][info ][safepoint   ] Safepoint "G1CollectForAllocation", Time since last: 443086255049 ns, Reaching safepoint: 70226 ns, Cleanup: 2854 ns, At safepoint: 2932188 ns, Total: 3005268 ns
[2025-08-19T21:16:54.905+0000][1692266][info ][safepoint   ] Safepoint "Cleanup", Time since last: 276043282448 ns, Reaching safepoint: 6129 ns, Cleanup: 8833 ns, At safepoint: 39170 ns, Total: 54132 ns
[2025-08-19T21:19:42.805+0000][1692266][info ][gc,start    ] GC(114) Pause Young (Normal) (G1 Evacuation Pause)
[2025-08-19T21:19:42.805+0000][1692266][info ][gc,task     ] GC(114) Using 1 workers of 1 for evacuation
[2025-08-19T21:19:42.805+0000][1692266][debug][gc,age      ] GC(114) Desired survivor size 20971520 bytes, new threshold 15 (max threshold 15)
[2025-08-19T21:19:42.808+0000][1692266][info ][gc,phases   ] GC(114)   Pre Evacuate Collection Set: 0.1ms
[2025-08-19T21:19:42.808+0000][1692266][info ][gc,phases   ] GC(114)   Merge Heap Roots: 0.0ms
[2025-08-19T21:19:42.808+0000][1692266][info ][gc,phases   ] GC(114)   Evacuate Collection Set: 1.3ms
[2025-08-19T21:19:42.808+0000][1692266][info ][gc,phases   ] GC(114)   Post Evacuate Collection Set: 1.1ms
[2025-08-19T21:19:42.808+0000][1692266][info ][gc,phases   ] GC(114)   Other: 0.2ms
[2025-08-19T21:19:42.808+0000][1692266][trace][gc,age      ] GC(114) Age table with threshold 15 (max threshold 15)
[2025-08-19T21:19:42.808+0000][1692266][trace][gc,age      ] GC(114) - age   1:      14424 bytes,      14424 total
[2025-08-19T21:19:42.808+0000][1692266][trace][gc,age      ] GC(114) - age   2:       1104 bytes,      15528 total
[2025-08-19T21:19:42.808+0000][1692266][trace][gc,age      ] GC(114) - age   4:        176 bytes,      15704 total
[2025-08-19T21:19:42.808+0000][1692266][trace][gc,age      ] GC(114) - age   8:        160 bytes,      15864 total
[2025-08-19T21:19:42.808+0000][1692266][trace][gc,age      ] GC(114) - age  11:         88 bytes,      15952 total
[2025-08-19T21:19:42.808+0000][1692266][trace][gc,age      ] GC(114) - age  12:        112 bytes,      16064 total
[2025-08-19T21:19:42.808+0000][1692266][trace][gc,age      ] GC(114) - age  13:         56 bytes,      16120 total
[2025-08-19T21:19:42.808+0000][1692266][trace][gc,age      ] GC(114) - age  14:         72 bytes,      16192 total
[2025-08-19T21:19:42.808+0000][1692266][trace][gc,age      ] GC(114) - age  15:       1496 bytes,      17688 total
[2025-08-19T21:19:42.808+0000][1692266][info ][gc,heap     ] GC(114) Eden regions: 75->0(75)
[2025-08-19T21:19:42.808+0000][1692266][info ][gc,heap     ] GC(114) Survivor regions: 1->1(10)
[2025-08-19T21:19:42.808+0000][1692266][info ][gc,heap     ] GC(114) Old regions: 35->35
[2025-08-19T21:19:42.808+0000][1692266][info ][gc,heap     ] GC(114) Humongous regions: 0->0
[2025-08-19T21:19:42.808+0000][1692266][info ][gc,metaspace] GC(114) Metaspace: 143897K(147712K)->143897K(147712K) NonClass: 124381K(126400K)->124381K(126400K) Class: 19515K(21312K)->19515K(21312K)
[2025-08-19T21:19:42.808+0000][1692266][info ][gc          ] GC(114) Pause Young (Normal) (G1 Evacuation Pause) 436M->136M(512M) 3.236ms
[2025-08-19T21:19:42.808+0000][1692266][info ][gc,cpu      ] GC(114) User=0.00s Sys=0.00s Real=0.01s
[2025-08-19T21:19:42.808+0000][1692266][info ][safepoint   ] Safepoint "G1CollectForAllocation", Time since last: 167899944307 ns, Reaching safepoint: 44487 ns, Cleanup: 3546 ns, At safepoint: 3275847 ns, Total: 3323880 ns
[2025-08-19T21:25:52.831+0000][1692266][info ][safepoint   ] Safepoint "Cleanup", Time since last: 370022883684 ns, Reaching safepoint: 8052 ns, Cleanup: 12058 ns, At safepoint: 38318 ns, Total: 58428 ns
[2025-08-19T21:27:06.751+0000][1692266][info ][gc,start    ] GC(115) Pause Young (Normal) (G1 Evacuation Pause)
[2025-08-19T21:27:06.751+0000][1692266][info ][gc,task     ] GC(115) Using 1 workers of 1 for evacuation
[2025-08-19T21:27:06.751+0000][1692266][debug][gc,age      ] GC(115) Desired survivor size 20971520 bytes, new threshold 15 (max threshold 15)
[2025-08-19T21:27:06.754+0000][1692266][info ][gc,phases   ] GC(115)   Pre Evacuate Collection Set: 0.1ms
[2025-08-19T21:27:06.754+0000][1692266][info ][gc,phases   ] GC(115)   Merge Heap Roots: 0.0ms
[2025-08-19T21:27:06.754+0000][1692266][info ][gc,phases   ] GC(115)   Evacuate Collection Set: 1.5ms
[2025-08-19T21:27:06.754+0000][1692266][info ][gc,phases   ] GC(115)   Post Evacuate Collection Set: 1.1ms
[2025-08-19T21:27:06.754+0000][1692266][info ][gc,phases   ] GC(115)   Other: 0.0ms
[2025-08-19T21:27:06.754+0000][1692266][trace][gc,age      ] GC(115) Age table with threshold 15 (max threshold 15)
[2025-08-19T21:27:06.754+0000][1692266][trace][gc,age      ] GC(115) - age   1:      24944 bytes,      24944 total
[2025-08-19T21:27:06.754+0000][1692266][trace][gc,age      ] GC(115) - age   2:         64 bytes,      25008 total
[2025-08-19T21:27:06.754+0000][1692266][trace][gc,age      ] GC(115) - age   5:        176 bytes,      25184 total
[2025-08-19T21:27:06.754+0000][1692266][trace][gc,age      ] GC(115) - age   9:        160 bytes,      25344 total
[2025-08-19T21:27:06.754+0000][1692266][trace][gc,age      ] GC(115) - age  12:         88 bytes,      25432 total
[2025-08-19T21:27:06.754+0000][1692266][trace][gc,age      ] GC(115) - age  13:        112 bytes,      25544 total
[2025-08-19T21:27:06.754+0000][1692266][trace][gc,age      ] GC(115) - age  14:         56 bytes,      25600 total
[2025-08-19T21:27:06.754+0000][1692266][trace][gc,age      ] GC(115) - age  15:         72 bytes,      25672 total
[2025-08-19T21:27:06.754+0000][1692266][info ][gc,heap     ] GC(115) Eden regions: 75->0(75)
[2025-08-19T21:27:06.754+0000][1692266][info ][gc,heap     ] GC(115) Survivor regions: 1->1(10)
[2025-08-19T21:27:06.754+0000][1692266][info ][gc,heap     ] GC(115) Old regions: 35->35
[2025-08-19T21:27:06.754+0000][1692266][info ][gc,heap     ] GC(115) Humongous regions: 0->0
[2025-08-19T21:27:06.754+0000][1692266][info ][gc,metaspace] GC(115) Metaspace: 143897K(147712K)->143897K(147712K) NonClass: 124381K(126400K)->124381K(126400K) Class: 19515K(21312K)->19515K(21312K)
[2025-08-19T21:27:06.754+0000][1692266][info ][gc          ] GC(115) Pause Young (Normal) (G1 Evacuation Pause) 436M->136M(512M) 2.872ms
[2025-08-19T21:27:06.754+0000][1692266][info ][gc,cpu      ] GC(115) User=0.01s Sys=0.00s Real=0.00s
[2025-08-19T21:27:06.754+0000][1692266][info ][safepoint   ] Safepoint "G1CollectForAllocation", Time since last: 73920437450 ns, Reaching safepoint: 8343 ns, Cleanup: 2483 ns, At safepoint: 2909534 ns, Total: 2920360 ns
[2025-08-19T21:28:22.759+0000][1692266][info ][safepoint   ] Safepoint "Cleanup", Time since last: 76004468813 ns, Reaching safepoint: 315837 ns, Cleanup: 13952 ns, At safepoint: 5508 ns, Total: 335297 ns
[2025-08-19T21:29:54.765+0000][1692266][info ][safepoint   ] Safepoint "Cleanup", Time since last: 92005600966 ns, Reaching safepoint: 43055 ns, Cleanup: 10486 ns, At safepoint: 4777 ns, Total: 58318 ns
[2025-08-19T21:30:05.766+0000][1692266][info ][safepoint   ] Safepoint "Cleanup", Time since last: 11001138205 ns, Reaching safepoint: 69986 ns, Cleanup: 11367 ns, At safepoint: 4687 ns, Total: 86040 ns
[2025-08-19T21:34:30.081+0000][1692266][info ][gc,start    ] GC(116) Pause Young (Normal) (G1 Evacuation Pause)
[2025-08-19T21:34:30.082+0000][1692266][info ][gc,task     ] GC(116) Using 1 workers of 1 for evacuation
[2025-08-19T21:34:30.082+0000][1692266][debug][gc,age      ] GC(116) Desired survivor size 20971520 bytes, new threshold 15 (max threshold 15)
[2025-08-19T21:34:30.084+0000][1692266][info ][gc,phases   ] GC(116)   Pre Evacuate Collection Set: 0.1ms
[2025-08-19T21:34:30.084+0000][1692266][info ][gc,phases   ] GC(116)   Merge Heap Roots: 0.0ms
[2025-08-19T21:34:30.084+0000][1692266][info ][gc,phases   ] GC(116)   Evacuate Collection Set: 1.5ms
[2025-08-19T21:34:30.084+0000][1692266][info ][gc,phases   ] GC(116)   Post Evacuate Collection Set: 0.8ms
[2025-08-19T21:34:30.084+0000][1692266][info ][gc,phases   ] GC(116)   Other: 0.0ms
[2025-08-19T21:34:30.084+0000][1692266][trace][gc,age      ] GC(116) Age table with threshold 15 (max threshold 15)
[2025-08-19T21:34:30.084+0000][1692266][trace][gc,age      ] GC(116) - age   1:      15744 bytes,      15744 total
[2025-08-19T21:34:30.084+0000][1692266][trace][gc,age      ] GC(116) - age   2:       8824 bytes,      24568 total
[2025-08-19T21:34:30.084+0000][1692266][trace][gc,age      ] GC(116) - age   3:         64 bytes,      24632 total
[2025-08-19T21:34:30.084+0000][1692266][trace][gc,age      ] GC(116) - age   6:        176 bytes,      24808 total
[2025-08-19T21:34:30.084+0000][1692266][trace][gc,age      ] GC(116) - age  10:        160 bytes,      24968 total
[2025-08-19T21:34:30.084+0000][1692266][trace][gc,age      ] GC(116) - age  13:         88 bytes,      25056 total
[2025-08-19T21:34:30.084+0000][1692266][trace][gc,age      ] GC(116) - age  14:        112 bytes,      25168 total
[2025-08-19T21:34:30.084+0000][1692266][trace][gc,age      ] GC(116) - age  15:         56 bytes,      25224 total
[2025-08-19T21:34:30.084+0000][1692266][info ][gc,heap     ] GC(116) Eden regions: 75->0(75)
[2025-08-19T21:34:30.084+0000][1692266][info ][gc,heap     ] GC(116) Survivor regions: 1->1(10)
[2025-08-19T21:34:30.084+0000][1692266][info ][gc,heap     ] GC(116) Old regions: 35->35
[2025-08-19T21:34:30.084+0000][1692266][info ][gc,heap     ] GC(116) Humongous regions: 0->0
[2025-08-19T21:34:30.084+0000][1692266][info ][gc,metaspace] GC(116) Metaspace: 143900K(147712K)->143900K(147712K) NonClass: 124385K(126400K)->124385K(126400K) Class: 19515K(21312K)->19515K(21312K)
[2025-08-19T21:34:30.084+0000][1692266][info ][gc          ] GC(116) Pause Young (Normal) (G1 Evacuation Pause) 436M->136M(512M) 2.857ms
[2025-08-19T21:34:30.084+0000][1692266][info ][gc,cpu      ] GC(116) User=0.00s Sys=0.00s Real=0.00s
[2025-08-19T21:34:30.084+0000][1692266][info ][safepoint   ] Safepoint "G1CollectForAllocation", Time since last: 264315512372 ns, Reaching safepoint: 7552 ns, Cleanup: 7141 ns, At safepoint: 2894551 ns, Total: 2909244 ns
[2025-08-19T21:36:03.093+0000][1692266][info ][safepoint   ] Safepoint "Cleanup", Time since last: 93008873590 ns, Reaching safepoint: 71558 ns, Cleanup: 10676 ns, At safepoint: 4748 ns, Total: 86982 ns
[2025-08-19T21:37:05.097+0000][1692266][info ][safepoint   ] Safepoint "Cleanup", Time since last: 62004101671 ns, Reaching safepoint: 45448 ns, Cleanup: 9254 ns, At safepoint: 2334 ns, Total: 57036 ns
[2025-08-19T21:41:53.621+0000][1692266][info ][gc,start    ] GC(117) Pause Young (Normal) (G1 Evacuation Pause)
[2025-08-19T21:41:53.622+0000][1692266][info ][gc,task     ] GC(117) Using 1 workers of 1 for evacuation
[2025-08-19T21:41:53.622+0000][1692266][debug][gc,age      ] GC(117) Desired survivor size 20971520 bytes, new threshold 15 (max threshold 15)
[2025-08-19T21:41:53.625+0000][1692266][info ][gc,phases   ] GC(117)   Pre Evacuate Collection Set: 0.1ms
[2025-08-19T21:41:53.625+0000][1692266][info ][gc,phases   ] GC(117)   Merge Heap Roots: 0.1ms
[2025-08-19T21:41:53.625+0000][1692266][info ][gc,phases   ] GC(117)   Evacuate Collection Set: 2.1ms
[2025-08-19T21:41:53.625+0000][1692266][info ][gc,phases   ] GC(117)   Post Evacuate Collection Set: 0.8ms
[2025-08-19T21:41:53.625+0000][1692266][info ][gc,phases   ] GC(117)   Other: 0.2ms
[2025-08-19T21:41:53.625+0000][1692266][trace][gc,age      ] GC(117) Age table with threshold 15 (max threshold 15)
[2025-08-19T21:41:53.625+0000][1692266][trace][gc,age      ] GC(117) - age   1:     139152 bytes,     139152 total
[2025-08-19T21:41:53.625+0000][1692266][trace][gc,age      ] GC(117) - age   2:        976 bytes,     140128 total
[2025-08-19T21:41:53.625+0000][1692266][trace][gc,age      ] GC(117) - age   3:       8160 bytes,     148288 total
[2025-08-19T21:41:53.625+0000][1692266][trace][gc,age      ] GC(117) - age   4:         64 bytes,     148352 total
[2025-08-19T21:41:53.625+0000][1692266][trace][gc,age      ] GC(117) - age   7:        176 bytes,     148528 total
[2025-08-19T21:41:53.625+0000][1692266][trace][gc,age      ] GC(117) - age  11:        160 bytes,     148688 total
[2025-08-19T21:41:53.625+0000][1692266][trace][gc,age      ] GC(117) - age  14:         88 bytes,     148776 total
[2025-08-19T21:41:53.625+0000][1692266][trace][gc,age      ] GC(117) - age  15:        112 bytes,     148888 total
[2025-08-19T21:41:53.625+0000][1692266][info ][gc,heap     ] GC(117) Eden regions: 75->0(75)
[2025-08-19T21:41:53.625+0000][1692266][info ][gc,heap     ] GC(117) Survivor regions: 1->1(10)
[2025-08-19T21:41:53.625+0000][1692266][info ][gc,heap     ] GC(117) Old regions: 35->35
[2025-08-19T21:41:53.625+0000][1692266][info ][gc,heap     ] GC(117) Humongous regions: 0->0
[2025-08-19T21:41:53.625+0000][1692266][info ][gc,metaspace] GC(117) Metaspace: 143902K(147776K)->143902K(147776K) NonClass: 124386K(126464K)->124386K(126464K) Class: 19515K(21312K)->19515K(21312K)
[2025-08-19T21:41:53.625+0000][1692266][info ][gc          ] GC(117) Pause Young (Normal) (G1 Evacuation Pause) 436M->136M(512M) 3.814ms
[2025-08-19T21:41:53.625+0000][1692266][info ][gc,cpu      ] GC(117) User=0.00s Sys=0.00s Real=0.00s
[2025-08-19T21:41:53.625+0000][1692266][info ][safepoint   ] Safepoint "G1CollectForAllocation", Time since last: 288523907959 ns, Reaching safepoint: 5819 ns, Cleanup: 3875 ns, At safepoint: 3850735 ns, Total: 3860429 ns
[2025-08-19T21:42:04.626+0000][1692266][info ][safepoint   ] Safepoint "Cleanup", Time since last: 11000638547 ns, Reaching safepoint: 39950 ns, Cleanup: 10897 ns, At safepoint: 2043 ns, Total: 52890 ns
[2025-08-19T21:48:24.648+0000][1692266][info ][safepoint   ] Safepoint "Cleanup", Time since last: 380022439661 ns, Reaching safepoint: 63616 ns, Cleanup: 13560 ns, At safepoint: 4637 ns, Total: 81813 ns
[2025-08-19T21:49:17.237+0000][1692266][info ][gc,start    ] GC(118) Pause Young (Normal) (G1 Evacuation Pause)
[2025-08-19T21:49:17.237+0000][1692266][info ][gc,task     ] GC(118) Using 1 workers of 1 for evacuation
[2025-08-19T21:49:17.237+0000][1692266][debug][gc,age      ] GC(118) Desired survivor size 20971520 bytes, new threshold 15 (max threshold 15)
[2025-08-19T21:49:17.239+0000][1692266][info ][gc,phases   ] GC(118)   Pre Evacuate Collection Set: 0.1ms
[2025-08-19T21:49:17.239+0000][1692266][info ][gc,phases   ] GC(118)   Merge Heap Roots: 0.0ms
[2025-08-19T21:49:17.239+0000][1692266][info ][gc,phases   ] GC(118)   Evacuate Collection Set: 1.3ms
[2025-08-19T21:49:17.239+0000][1692266][info ][gc,phases   ] GC(118)   Post Evacuate Collection Set: 0.8ms
[2025-08-19T21:49:17.239+0000][1692266][info ][gc,phases   ] GC(118)   Other: 0.3ms
[2025-08-19T21:49:17.239+0000][1692266][trace][gc,age      ] GC(118) Age table with threshold 15 (max threshold 15)
[2025-08-19T21:49:17.239+0000][1692266][trace][gc,age      ] GC(118) - age   1:      14256 bytes,      14256 total
[2025-08-19T21:49:17.239+0000][1692266][trace][gc,age      ] GC(118) - age   2:       1272 bytes,      15528 total
[2025-08-19T21:49:17.239+0000][1692266][trace][gc,age      ] GC(118) - age   3:        848 bytes,      16376 total
[2025-08-19T21:49:17.239+0000][1692266][trace][gc,age      ] GC(118) - age   4:       8160 bytes,      24536 total
[2025-08-19T21:49:17.239+0000][1692266][trace][gc,age      ] GC(118) - age   5:         64 bytes,      24600 total
[2025-08-19T21:49:17.239+0000][1692266][trace][gc,age      ] GC(118) - age   8:        176 bytes,      24776 total
[2025-08-19T21:49:17.239+0000][1692266][trace][gc,age      ] GC(118) - age  12:        160 bytes,      24936 total
[2025-08-19T21:49:17.239+0000][1692266][trace][gc,age      ] GC(118) - age  15:         88 bytes,      25024 total
[2025-08-19T21:49:17.239+0000][1692266][info ][gc,heap     ] GC(118) Eden regions: 75->0(75)
[2025-08-19T21:49:17.239+0000][1692266][info ][gc,heap     ] GC(118) Survivor regions: 1->1(10)
[2025-08-19T21:49:17.239+0000][1692266][info ][gc,heap     ] GC(118) Old regions: 35->35
[2025-08-19T21:49:17.239+0000][1692266][info ][gc,heap     ] GC(118) Humongous regions: 0->0
[2025-08-19T21:49:17.239+0000][1692266][info ][gc,metaspace] GC(118) Metaspace: 143903K(147776K)->143903K(147776K) NonClass: 124387K(126464K)->124387K(126464K) Class: 19515K(21312K)->19515K(21312K)
[2025-08-19T21:49:17.239+0000][1692266][info ][gc          ] GC(118) Pause Young (Normal) (G1 Evacuation Pause) 436M->136M(512M) 2.528ms
[2025-08-19T21:49:17.239+0000][1692266][info ][gc,cpu      ] GC(118) User=0.00s Sys=0.00s Real=0.00s
[2025-08-19T21:49:17.239+0000][1692266][info ][safepoint   ] Safepoint "G1CollectForAllocation", Time since last: 52588130735 ns, Reaching safepoint: 8433 ns, Cleanup: 3014 ns, At safepoint: 2565805 ns, Total: 2577252 ns
[2025-08-19T21:56:41.187+0000][1692266][info ][gc,start    ] GC(119) Pause Young (Normal) (G1 Evacuation Pause)
[2025-08-19T21:56:41.188+0000][1692266][info ][gc,task     ] GC(119) Using 1 workers of 1 for evacuation
[2025-08-19T21:56:41.188+0000][1692266][debug][gc,age      ] GC(119) Desired survivor size 20971520 bytes, new threshold 15 (max threshold 15)
[2025-08-19T21:56:41.190+0000][1692266][info ][gc,phases   ] GC(119)   Pre Evacuate Collection Set: 0.1ms
[2025-08-19T21:56:41.190+0000][1692266][info ][gc,phases   ] GC(119)   Merge Heap Roots: 0.0ms
[2025-08-19T21:56:41.190+0000][1692266][info ][gc,phases   ] GC(119)   Evacuate Collection Set: 1.5ms
[2025-08-19T21:56:41.190+0000][1692266][info ][gc,phases   ] GC(119)   Post Evacuate Collection Set: 1.1ms
[2025-08-19T21:56:41.190+0000][1692266][info ][gc,phases   ] GC(119)   Other: 0.0ms
[2025-08-19T21:56:41.190+0000][1692266][trace][gc,age      ] GC(119) Age table with threshold 15 (max threshold 15)
[2025-08-19T21:56:41.190+0000][1692266][trace][gc,age      ] GC(119) - age   1:      35312 bytes,      35312 total
[2025-08-19T21:56:41.190+0000][1692266][trace][gc,age      ] GC(119) - age   3:        296 bytes,      35608 total
[2025-08-19T21:56:41.190+0000][1692266][trace][gc,age      ] GC(119) - age   4:        848 bytes,      36456 total
[2025-08-19T21:56:41.190+0000][1692266][trace][gc,age      ] GC(119) - age   5:       8160 bytes,      44616 total
[2025-08-19T21:56:41.190+0000][1692266][trace][gc,age      ] GC(119) - age   6:         64 bytes,      44680 total
[2025-08-19T21:56:41.190+0000][1692266][trace][gc,age      ] GC(119) - age  13:        160 bytes,      44840 total
[2025-08-19T21:56:41.190+0000][1692266][info ][gc,heap     ] GC(119) Eden regions: 75->0(75)
[2025-08-19T21:56:41.190+0000][1692266][info ][gc,heap     ] GC(119) Survivor regions: 1->1(10)
[2025-08-19T21:56:41.190+0000][1692266][info ][gc,heap     ] GC(119) Old regions: 35->35
[2025-08-19T21:56:41.190+0000][1692266][info ][gc,heap     ] GC(119) Humongous regions: 0->0
[2025-08-19T21:56:41.190+0000][1692266][info ][gc,metaspace] GC(119) Metaspace: 143904K(147776K)->143904K(147776K) NonClass: 124388K(126464K)->124388K(126464K) Class: 19515K(21312K)->19515K(21312K)
[2025-08-19T21:56:41.190+0000][1692266][info ][gc          ] GC(119) Pause Young (Normal) (G1 Evacuation Pause) 436M->136M(512M) 3.132ms
[2025-08-19T21:56:41.190+0000][1692266][info ][gc,cpu      ] GC(119) User=0.00s Sys=0.00s Real=0.00s
[2025-08-19T21:56:41.190+0000][1692266][info ][safepoint   ] Safepoint "G1CollectForAllocation", Time since last: 443948121339 ns, Reaching safepoint: 8493 ns, Cleanup: 3275 ns, At safepoint: 3172430 ns, Total: 3184198 ns
[2025-08-19T22:04:03.132+0000][1692266][info ][gc,start    ] GC(120) Pause Young (Normal) (G1 Evacuation Pause)
[2025-08-19T22:04:03.132+0000][1692266][info ][gc,task     ] GC(120) Using 1 workers of 1 for evacuation
[2025-08-19T22:04:03.132+0000][1692266][debug][gc,age      ] GC(120) Desired survivor size 20971520 bytes, new threshold 15 (max threshold 15)
[2025-08-19T22:04:03.135+0000][1692266][info ][gc,phases   ] GC(120)   Pre Evacuate Collection Set: 0.1ms
[2025-08-19T22:04:03.135+0000][1692266][info ][gc,phases   ] GC(120)   Merge Heap Roots: 0.0ms
[2025-08-19T22:04:03.135+0000][1692266][info ][gc,phases   ] GC(120)   Evacuate Collection Set: 1.4ms
[2025-08-19T22:04:03.135+0000][1692266][info ][gc,phases   ] GC(120)   Post Evacuate Collection Set: 0.9ms
[2025-08-19T22:04:03.135+0000][1692266][info ][gc,phases   ] GC(120)   Other: 0.0ms
[2025-08-19T22:04:03.135+0000][1692266][trace][gc,age      ] GC(120) Age table with threshold 15 (max threshold 15)
[2025-08-19T22:04:03.135+0000][1692266][trace][gc,age      ] GC(120) - age   1:      16200 bytes,      16200 total
[2025-08-19T22:04:03.135+0000][1692266][trace][gc,age      ] GC(120) - age   2:        840 bytes,      17040 total
[2025-08-19T22:04:03.135+0000][1692266][trace][gc,age      ] GC(120) - age   4:        296 bytes,      17336 total
[2025-08-19T22:04:03.135+0000][1692266][trace][gc,age      ] GC(120) - age   5:        848 bytes,      18184 total
[2025-08-19T22:04:03.135+0000][1692266][trace][gc,age      ] GC(120) - age   6:       8160 bytes,      26344 total
[2025-08-19T22:04:03.135+0000][1692266][trace][gc,age      ] GC(120) - age   7:         64 bytes,      26408 total
[2025-08-19T22:04:03.135+0000][1692266][trace][gc,age      ] GC(120) - age  14:        160 bytes,      26568 total
[2025-08-19T22:04:03.135+0000][1692266][info ][gc,heap     ] GC(120) Eden regions: 75->0(75)
[2025-08-19T22:04:03.135+0000][1692266][info ][gc,heap     ] GC(120) Survivor regions: 1->1(10)
[2025-08-19T22:04:03.135+0000][1692266][info ][gc,heap     ] GC(120) Old regions: 35->35
[2025-08-19T22:04:03.135+0000][1692266][info ][gc,heap     ] GC(120) Humongous regions: 0->0
[2025-08-19T22:04:03.135+0000][1692266][info ][gc,metaspace] GC(120) Metaspace: 143904K(147776K)->143904K(147776K) NonClass: 124388K(126464K)->124388K(126464K) Class: 19515K(21312K)->19515K(21312K)
[2025-08-19T22:04:03.135+0000][1692266][info ][gc          ] GC(120) Pause Young (Normal) (G1 Evacuation Pause) 436M->136M(512M) 2.709ms
[2025-08-19T22:04:03.135+0000][1692266][info ][gc,cpu      ] GC(120) User=0.01s Sys=0.00s Real=0.00s
[2025-08-19T22:04:03.135+0000][1692266][info ][safepoint   ] Safepoint "G1CollectForAllocation", Time since last: 441941828658 ns, Reaching safepoint: 7702 ns, Cleanup: 2524 ns, At safepoint: 2746067 ns, Total: 2756293 ns
[2025-08-19T22:11:26.459+0000][1692266][info ][gc,start    ] GC(121) Pause Young (Normal) (G1 Evacuation Pause)
[2025-08-19T22:11:26.460+0000][1692266][info ][gc,task     ] GC(121) Using 1 workers of 1 for evacuation
[2025-08-19T22:11:26.460+0000][1692266][debug][gc,age      ] GC(121) Desired survivor size 20971520 bytes, new threshold 15 (max threshold 15)
[2025-08-19T22:11:26.462+0000][1692266][info ][gc,phases   ] GC(121)   Pre Evacuate Collection Set: 0.1ms
[2025-08-19T22:11:26.462+0000][1692266][info ][gc,phases   ] GC(121)   Merge Heap Roots: 0.0ms
[2025-08-19T22:11:26.462+0000][1692266][info ][gc,phases   ] GC(121)   Evacuate Collection Set: 1.3ms
[2025-08-19T22:11:26.462+0000][1692266][info ][gc,phases   ] GC(121)   Post Evacuate Collection Set: 0.8ms
[2025-08-19T22:11:26.462+0000][1692266][info ][gc,phases   ] GC(121)   Other: 0.0ms
[2025-08-19T22:11:26.462+0000][1692266][trace][gc,age      ] GC(121) Age table with threshold 15 (max threshold 15)
[2025-08-19T22:11:26.462+0000][1692266][trace][gc,age      ] GC(121) - age   1:      15736 bytes,      15736 total
[2025-08-19T22:11:26.462+0000][1692266][trace][gc,age      ] GC(121) - age   2:        128 bytes,      15864 total
[2025-08-19T22:11:26.462+0000][1692266][trace][gc,age      ] GC(121) - age   3:        176 bytes,      16040 total
[2025-08-19T22:11:26.462+0000][1692266][trace][gc,age      ] GC(121) - age   5:        296 bytes,      16336 total
[2025-08-19T22:11:26.462+0000][1692266][trace][gc,age      ] GC(121) - age   6:        848 bytes,      17184 total
[2025-08-19T22:11:26.462+0000][1692266][trace][gc,age      ] GC(121) - age   7:       8160 bytes,      25344 total
[2025-08-19T22:11:26.462+0000][1692266][trace][gc,age      ] GC(121) - age   8:         64 bytes,      25408 total
[2025-08-19T22:11:26.462+0000][1692266][trace][gc,age      ] GC(121) - age  15:        160 bytes,      25568 total
[2025-08-19T22:11:26.462+0000][1692266][info ][gc,heap     ] GC(121) Eden regions: 75->0(75)
[2025-08-19T22:11:26.462+0000][1692266][info ][gc,heap     ] GC(121) Survivor regions: 1->1(10)
[2025-08-19T22:11:26.462+0000][1692266][info ][gc,heap     ] GC(121) Old regions: 35->35
[2025-08-19T22:11:26.462+0000][1692266][info ][gc,heap     ] GC(121) Humongous regions: 0->0
[2025-08-19T22:11:26.462+0000][1692266][info ][gc,metaspace] GC(121) Metaspace: 143904K(147776K)->143904K(147776K) NonClass: 124388K(126464K)->124388K(126464K) Class: 19515K(21312K)->19515K(21312K)
[2025-08-19T22:11:26.462+0000][1692266][info ][gc          ] GC(121) Pause Young (Normal) (G1 Evacuation Pause) 436M->136M(512M) 2.769ms
[2025-08-19T22:11:26.462+0000][1692266][info ][gc,cpu      ] GC(121) User=0.00s Sys=0.00s Real=0.00s
[2025-08-19T22:11:26.462+0000][1692266][info ][safepoint   ] Safepoint "G1CollectForAllocation", Time since last: 443324146463 ns, Reaching safepoint: 8753 ns, Cleanup: 3225 ns, At safepoint: 2806288 ns, Total: 2818266 ns
[2025-08-19T22:18:51.056+0000][1692266][info ][gc,start    ] GC(122) Pause Young (Normal) (G1 Evacuation Pause)
[2025-08-19T22:18:51.264+0000][1692266][info ][gc,task     ] GC(122) Using 1 workers of 1 for evacuation
[2025-08-19T22:18:51.264+0000][1692266][debug][gc,age      ] GC(122) Desired survivor size 20971520 bytes, new threshold 15 (max threshold 15)
[2025-08-19T22:18:51.267+0000][1692266][info ][gc,phases   ] GC(122)   Pre Evacuate Collection Set: 0.1ms
[2025-08-19T22:18:51.267+0000][1692266][info ][gc,phases   ] GC(122)   Merge Heap Roots: 0.0ms
[2025-08-19T22:18:51.267+0000][1692266][info ][gc,phases   ] GC(122)   Evacuate Collection Set: 1.8ms
[2025-08-19T22:18:51.267+0000][1692266][info ][gc,phases   ] GC(122)   Post Evacuate Collection Set: 0.8ms
[2025-08-19T22:18:51.267+0000][1692266][info ][gc,phases   ] GC(122)   Other: 0.1ms
[2025-08-19T22:18:51.267+0000][1692266][trace][gc,age      ] GC(122) Age table with threshold 15 (max threshold 15)
[2025-08-19T22:18:51.267+0000][1692266][trace][gc,age      ] GC(122) - age   1:     102928 bytes,     102928 total
[2025-08-19T22:18:51.267+0000][1692266][trace][gc,age      ] GC(122) - age   2:        976 bytes,     103904 total
[2025-08-19T22:18:51.267+0000][1692266][trace][gc,age      ] GC(122) - age   4:        176 bytes,     104080 total
[2025-08-19T22:18:51.267+0000][1692266][trace][gc,age      ] GC(122) - age   6:        296 bytes,     104376 total
[2025-08-19T22:18:51.267+0000][1692266][trace][gc,age      ] GC(122) - age   7:        848 bytes,     105224 total
[2025-08-19T22:18:51.267+0000][1692266][trace][gc,age      ] GC(122) - age   8:       8160 bytes,     113384 total
[2025-08-19T22:18:51.267+0000][1692266][trace][gc,age      ] GC(122) - age   9:         64 bytes,     113448 total
[2025-08-19T22:18:51.267+0000][1692266][info ][gc,heap     ] GC(122) Eden regions: 75->0(75)
[2025-08-19T22:18:51.267+0000][1692266][info ][gc,heap     ] GC(122) Survivor regions: 1->1(10)
[2025-08-19T22:18:51.267+0000][1692266][info ][gc,heap     ] GC(122) Old regions: 35->35
[2025-08-19T22:18:51.267+0000][1692266][info ][gc,heap     ] GC(122) Humongous regions: 0->0
[2025-08-19T22:18:51.267+0000][1692266][info ][gc,metaspace] GC(122) Metaspace: 143905K(147776K)->143905K(147776K) NonClass: 124389K(126464K)->124389K(126464K) Class: 19515K(21312K)->19515K(21312K)
[2025-08-19T22:18:51.267+0000][1692266][info ][gc          ] GC(122) Pause Young (Normal) (G1 Evacuation Pause) 436M->136M(512M) 210.819ms
[2025-08-19T22:18:51.267+0000][1692266][info ][gc,cpu      ] GC(122) User=0.00s Sys=0.00s Real=0.21s
[2025-08-19T22:18:51.267+0000][1692266][info ][safepoint   ] Safepoint "G1CollectForAllocation", Time since last: 444594024495 ns, Reaching safepoint: 8512 ns, Cleanup: 3866 ns, At safepoint: 210879666 ns, Total: 210892044 ns
[2025-08-19T22:26:14.134+0000][1692266][info ][gc,start    ] GC(123) Pause Young (Normal) (G1 Evacuation Pause)
[2025-08-19T22:26:14.134+0000][1692266][info ][gc,task     ] GC(123) Using 1 workers of 1 for evacuation
[2025-08-19T22:26:14.134+0000][1692266][debug][gc,age      ] GC(123) Desired survivor size 20971520 bytes, new threshold 15 (max threshold 15)
[2025-08-19T22:26:14.136+0000][1692266][info ][gc,phases   ] GC(123)   Pre Evacuate Collection Set: 0.1ms
[2025-08-19T22:26:14.136+0000][1692266][info ][gc,phases   ] GC(123)   Merge Heap Roots: 0.0ms
[2025-08-19T22:26:14.136+0000][1692266][info ][gc,phases   ] GC(123)   Evacuate Collection Set: 1.3ms
[2025-08-19T22:26:14.136+0000][1692266][info ][gc,phases   ] GC(123)   Post Evacuate Collection Set: 0.8ms
[2025-08-19T22:26:14.136+0000][1692266][info ][gc,phases   ] GC(123)   Other: 0.0ms
[2025-08-19T22:26:14.136+0000][1692266][trace][gc,age      ] GC(123) Age table with threshold 15 (max threshold 15)
[2025-08-19T22:26:14.136+0000][1692266][trace][gc,age      ] GC(123) - age   1:      16904 bytes,      16904 total
[2025-08-19T22:26:14.136+0000][1692266][trace][gc,age      ] GC(123) - age   5:        176 bytes,      17080 total
[2025-08-19T22:26:14.136+0000][1692266][trace][gc,age      ] GC(123) - age   7:        296 bytes,      17376 total
[2025-08-19T22:26:14.136+0000][1692266][trace][gc,age      ] GC(123) - age   8:        848 bytes,      18224 total
[2025-08-19T22:26:14.136+0000][1692266][trace][gc,age      ] GC(123) - age   9:       8160 bytes,      26384 total
[2025-08-19T22:26:14.136+0000][1692266][trace][gc,age      ] GC(123) - age  10:         64 bytes,      26448 total
[2025-08-19T22:26:14.136+0000][1692266][info ][gc,heap     ] GC(123) Eden regions: 75->0(75)
[2025-08-19T22:26:14.136+0000][1692266][info ][gc,heap     ] GC(123) Survivor regions: 1->1(10)
[2025-08-19T22:26:14.136+0000][1692266][info ][gc,heap     ] GC(123) Old regions: 35->35
[2025-08-19T22:26:14.136+0000][1692266][info ][gc,heap     ] GC(123) Humongous regions: 0->0
[2025-08-19T22:26:14.136+0000][1692266][info ][gc,metaspace] GC(123) Metaspace: 143914K(147776K)->143914K(147776K) NonClass: 124398K(126464K)->124398K(126464K) Class: 19515K(21312K)->19515K(21312K)
[2025-08-19T22:26:14.136+0000][1692266][info ][gc          ] GC(123) Pause Young (Normal) (G1 Evacuation Pause) 436M->136M(512M) 2.509ms
[2025-08-19T22:26:14.136+0000][1692266][info ][gc,cpu      ] GC(123) User=0.00s Sys=0.00s Real=0.01s
[2025-08-19T22:26:14.136+0000][1692266][info ][safepoint   ] Safepoint "G1CollectForAllocation", Time since last: 442867011841 ns, Reaching safepoint: 8873 ns, Cleanup: 3355 ns, At safepoint: 2547787 ns, Total: 2560015 ns
[2025-08-19T22:33:38.681+0000][1692266][info ][gc,start    ] GC(124) Pause Young (Normal) (G1 Evacuation Pause)
[2025-08-19T22:33:38.682+0000][1692266][info ][gc,task     ] GC(124) Using 1 workers of 1 for evacuation
[2025-08-19T22:33:38.682+0000][1692266][debug][gc,age      ] GC(124) Desired survivor size 20971520 bytes, new threshold 15 (max threshold 15)
[2025-08-19T22:33:38.684+0000][1692266][info ][gc,phases   ] GC(124)   Pre Evacuate Collection Set: 0.1ms
[2025-08-19T22:33:38.684+0000][1692266][info ][gc,phases   ] GC(124)   Merge Heap Roots: 0.0ms
[2025-08-19T22:33:38.684+0000][1692266][info ][gc,phases   ] GC(124)   Evacuate Collection Set: 1.4ms
[2025-08-19T22:33:38.684+0000][1692266][info ][gc,phases   ] GC(124)   Post Evacuate Collection Set: 0.8ms
[2025-08-19T22:33:38.684+0000][1692266][info ][gc,phases   ] GC(124)   Other: 0.0ms
[2025-08-19T22:33:38.684+0000][1692266][trace][gc,age      ] GC(124) Age table with threshold 15 (max threshold 15)
[2025-08-19T22:33:38.684+0000][1692266][trace][gc,age      ] GC(124) - age   1:      14712 bytes,      14712 total
[2025-08-19T22:33:38.684+0000][1692266][trace][gc,age      ] GC(124) - age   2:        664 bytes,      15376 total
[2025-08-19T22:33:38.684+0000][1692266][trace][gc,age      ] GC(124) - age   6:        176 bytes,      15552 total
[2025-08-19T22:33:38.684+0000][1692266][trace][gc,age      ] GC(124) - age   8:        296 bytes,      15848 total
[2025-08-19T22:33:38.684+0000][1692266][trace][gc,age      ] GC(124) - age   9:        848 bytes,      16696 total
[2025-08-19T22:33:38.684+0000][1692266][trace][gc,age      ] GC(124) - age  10:       8160 bytes,      24856 total
[2025-08-19T22:33:38.684+0000][1692266][trace][gc,age      ] GC(124) - age  11:         64 bytes,      24920 total
[2025-08-19T22:33:38.684+0000][1692266][info ][gc,heap     ] GC(124) Eden regions: 75->0(75)
[2025-08-19T22:33:38.684+0000][1692266][info ][gc,heap     ] GC(124) Survivor regions: 1->1(10)
[2025-08-19T22:33:38.684+0000][1692266][info ][gc,heap     ] GC(124) Old regions: 35->35
[2025-08-19T22:33:38.684+0000][1692266][info ][gc,heap     ] GC(124) Humongous regions: 0->0
[2025-08-19T22:33:38.684+0000][1692266][info ][gc,metaspace] GC(124) Metaspace: 143916K(147776K)->143916K(147776K) NonClass: 124400K(126464K)->124400K(126464K) Class: 19515K(21312K)->19515K(21312K)
[2025-08-19T22:33:38.684+0000][1692266][info ][gc          ] GC(124) Pause Young (Normal) (G1 Evacuation Pause) 436M->136M(512M) 2.806ms
[2025-08-19T22:33:38.684+0000][1692266][info ][gc,cpu      ] GC(124) User=0.00s Sys=0.00s Real=0.00s
[2025-08-19T22:33:38.684+0000][1692266][info ][safepoint   ] Safepoint "G1CollectForAllocation", Time since last: 444545031738 ns, Reaching safepoint: 7502 ns, Cleanup: 2924 ns, At safepoint: 2843844 ns, Total: 2854270 ns
[2025-08-19T22:34:37.692+0000][1692266][info ][safepoint   ] Safepoint "Cleanup", Time since last: 59007224890 ns, Reaching safepoint: 40081 ns, Cleanup: 8272 ns, At safepoint: 4457 ns, Total: 52810 ns
[2025-08-19T22:34:52.694+0000][1692266][info ][safepoint   ] Safepoint "Cleanup", Time since last: 15002447869 ns, Reaching safepoint: 65750 ns, Cleanup: 8462 ns, At safepoint: 4487 ns, Total: 78699 ns
[2025-08-19T22:41:01.757+0000][1692266][info ][gc,start    ] GC(125) Pause Young (Normal) (G1 Evacuation Pause)
[2025-08-19T22:41:01.758+0000][1692266][info ][gc,task     ] GC(125) Using 1 workers of 1 for evacuation
[2025-08-19T22:41:01.758+0000][1692266][debug][gc,age      ] GC(125) Desired survivor size 20971520 bytes, new threshold 15 (max threshold 15)
[2025-08-19T22:41:01.760+0000][1692266][info ][gc,phases   ] GC(125)   Pre Evacuate Collection Set: 0.1ms
[2025-08-19T22:41:01.760+0000][1692266][info ][gc,phases   ] GC(125)   Merge Heap Roots: 0.0ms
[2025-08-19T22:41:01.760+0000][1692266][info ][gc,phases   ] GC(125)   Evacuate Collection Set: 1.3ms
[2025-08-19T22:41:01.760+0000][1692266][info ][gc,phases   ] GC(125)   Post Evacuate Collection Set: 0.8ms
[2025-08-19T22:41:01.760+0000][1692266][info ][gc,phases   ] GC(125)   Other: 0.0ms
[2025-08-19T22:41:01.760+0000][1692266][trace][gc,age      ] GC(125) Age table with threshold 15 (max threshold 15)
[2025-08-19T22:41:01.760+0000][1692266][trace][gc,age      ] GC(125) - age   1:      15672 bytes,      15672 total
[2025-08-19T22:41:01.760+0000][1692266][trace][gc,age      ] GC(125) - age   2:        128 bytes,      15800 total
[2025-08-19T22:41:01.760+0000][1692266][trace][gc,age      ] GC(125) - age   7:        176 bytes,      15976 total
[2025-08-19T22:41:01.760+0000][1692266][trace][gc,age      ] GC(125) - age   9:        296 bytes,      16272 total
[2025-08-19T22:41:01.760+0000][1692266][trace][gc,age      ] GC(125) - age  10:        848 bytes,      17120 total
[2025-08-19T22:41:01.760+0000][1692266][trace][gc,age      ] GC(125) - age  11:       8160 bytes,      25280 total
[2025-08-19T22:41:01.760+0000][1692266][trace][gc,age      ] GC(125) - age  12:         64 bytes,      25344 total
[2025-08-19T22:41:01.760+0000][1692266][info ][gc,heap     ] GC(125) Eden regions: 75->0(75)
[2025-08-19T22:41:01.760+0000][1692266][info ][gc,heap     ] GC(125) Survivor regions: 1->1(10)
[2025-08-19T22:41:01.760+0000][1692266][info ][gc,heap     ] GC(125) Old regions: 35->35
[2025-08-19T22:41:01.760+0000][1692266][info ][gc,heap     ] GC(125) Humongous regions: 0->0
[2025-08-19T22:41:01.760+0000][1692266][info ][gc,metaspace] GC(125) Metaspace: 143916K(147776K)->143916K(147776K) NonClass: 124400K(126464K)->124400K(126464K) Class: 19515K(21312K)->19515K(21312K)
[2025-08-19T22:41:01.760+0000][1692266][info ][gc          ] GC(125) Pause Young (Normal) (G1 Evacuation Pause) 436M->136M(512M) 2.849ms
[2025-08-19T22:41:01.760+0000][1692266][info ][gc,cpu      ] GC(125) User=0.01s Sys=0.00s Real=0.00s
[2025-08-19T22:41:01.760+0000][1692266][info ][safepoint   ] Safepoint "G1CollectForAllocation", Time since last: 369063165383 ns, Reaching safepoint: 8363 ns, Cleanup: 2734 ns, At safepoint: 2887801 ns, Total: 2898898 ns
[2025-08-19T22:48:24.750+0000][1692266][info ][gc,start    ] GC(126) Pause Young (Normal) (G1 Evacuation Pause)
[2025-08-19T22:48:24.751+0000][1692266][info ][gc,task     ] GC(126) Using 1 workers of 1 for evacuation
[2025-08-19T22:48:24.751+0000][1692266][debug][gc,age      ] GC(126) Desired survivor size 20971520 bytes, new threshold 15 (max threshold 15)
[2025-08-19T22:48:24.753+0000][1692266][info ][gc,phases   ] GC(126)   Pre Evacuate Collection Set: 0.1ms
[2025-08-19T22:48:24.753+0000][1692266][info ][gc,phases   ] GC(126)   Merge Heap Roots: 0.0ms
[2025-08-19T22:48:24.753+0000][1692266][info ][gc,phases   ] GC(126)   Evacuate Collection Set: 1.6ms
[2025-08-19T22:48:24.753+0000][1692266][info ][gc,phases   ] GC(126)   Post Evacuate Collection Set: 1.1ms
[2025-08-19T22:48:24.753+0000][1692266][info ][gc,phases   ] GC(126)   Other: 0.0ms
[2025-08-19T22:48:24.753+0000][1692266][trace][gc,age      ] GC(126) Age table with threshold 15 (max threshold 15)
[2025-08-19T22:48:24.753+0000][1692266][trace][gc,age      ] GC(126) - age   1:      14200 bytes,      14200 total
[2025-08-19T22:48:24.753+0000][1692266][trace][gc,age      ] GC(126) - age   2:        976 bytes,      15176 total
[2025-08-19T22:48:24.753+0000][1692266][trace][gc,age      ] GC(126) - age   8:        176 bytes,      15352 total
[2025-08-19T22:48:24.753+0000][1692266][trace][gc,age      ] GC(126) - age  10:        296 bytes,      15648 total
[2025-08-19T22:48:24.753+0000][1692266][trace][gc,age      ] GC(126) - age  11:        848 bytes,      16496 total
[2025-08-19T22:48:24.753+0000][1692266][trace][gc,age      ] GC(126) - age  12:       8160 bytes,      24656 total
[2025-08-19T22:48:24.753+0000][1692266][trace][gc,age      ] GC(126) - age  13:         64 bytes,      24720 total
[2025-08-19T22:48:24.753+0000][1692266][info ][gc,heap     ] GC(126) Eden regions: 75->0(75)
[2025-08-19T22:48:24.753+0000][1692266][info ][gc,heap     ] GC(126) Survivor regions: 1->1(10)
[2025-08-19T22:48:24.753+0000][1692266][info ][gc,heap     ] GC(126) Old regions: 35->35
[2025-08-19T22:48:24.753+0000][1692266][info ][gc,heap     ] GC(126) Humongous regions: 0->0
[2025-08-19T22:48:24.753+0000][1692266][info ][gc,metaspace] GC(126) Metaspace: 143916K(147776K)->143916K(147776K) NonClass: 124400K(126464K)->124400K(126464K) Class: 19515K(21312K)->19515K(21312K)
[2025-08-19T22:48:24.753+0000][1692266][info ][gc          ] GC(126) Pause Young (Normal) (G1 Evacuation Pause) 436M->136M(512M) 3.314ms
[2025-08-19T22:48:24.753+0000][1692266][info ][gc,cpu      ] GC(126) User=0.00s Sys=0.01s Real=0.00s
[2025-08-19T22:48:24.753+0000][1692266][info ][safepoint   ] Safepoint "G1CollectForAllocation", Time since last: 442989965521 ns, Reaching safepoint: 8443 ns, Cleanup: 2564 ns, At safepoint: 3358792 ns, Total: 3369799 ns
[2025-08-19T22:55:49.440+0000][1692266][info ][gc,start    ] GC(127) Pause Young (Normal) (G1 Evacuation Pause)
[2025-08-19T22:55:49.440+0000][1692266][info ][gc,task     ] GC(127) Using 1 workers of 1 for evacuation
[2025-08-19T22:55:49.440+0000][1692266][debug][gc,age      ] GC(127) Desired survivor size 20971520 bytes, new threshold 15 (max threshold 15)
[2025-08-19T22:55:49.443+0000][1692266][info ][gc,phases   ] GC(127)   Pre Evacuate Collection Set: 0.1ms
[2025-08-19T22:55:49.443+0000][1692266][info ][gc,phases   ] GC(127)   Merge Heap Roots: 0.0ms
[2025-08-19T22:55:49.443+0000][1692266][info ][gc,phases   ] GC(127)   Evacuate Collection Set: 1.6ms
[2025-08-19T22:55:49.443+0000][1692266][info ][gc,phases   ] GC(127)   Post Evacuate Collection Set: 0.8ms
[2025-08-19T22:55:49.443+0000][1692266][info ][gc,phases   ] GC(127)   Other: 0.3ms
[2025-08-19T22:55:49.443+0000][1692266][trace][gc,age      ] GC(127) Age table with threshold 15 (max threshold 15)
[2025-08-19T22:55:49.443+0000][1692266][trace][gc,age      ] GC(127) - age   1:      16952 bytes,      16952 total
[2025-08-19T22:55:49.443+0000][1692266][trace][gc,age      ] GC(127) - age   2:        112 bytes,      17064 total
[2025-08-19T22:55:49.443+0000][1692266][trace][gc,age      ] GC(127) - age  11:        296 bytes,      17360 total
[2025-08-19T22:55:49.443+0000][1692266][trace][gc,age      ] GC(127) - age  12:        848 bytes,      18208 total
[2025-08-19T22:55:49.443+0000][1692266][trace][gc,age      ] GC(127) - age  13:       8160 bytes,      26368 total
[2025-08-19T22:55:49.443+0000][1692266][trace][gc,age      ] GC(127) - age  14:         64 bytes,      26432 total
[2025-08-19T22:55:49.443+0000][1692266][info ][gc,heap     ] GC(127) Eden regions: 75->0(75)
[2025-08-19T22:55:49.443+0000][1692266][info ][gc,heap     ] GC(127) Survivor regions: 1->1(10)
[2025-08-19T22:55:49.443+0000][1692266][info ][gc,heap     ] GC(127) Old regions: 35->35
[2025-08-19T22:55:49.443+0000][1692266][info ][gc,heap     ] GC(127) Humongous regions: 0->0
[2025-08-19T22:55:49.443+0000][1692266][info ][gc,metaspace] GC(127) Metaspace: 143916K(147776K)->143916K(147776K) NonClass: 124400K(126464K)->124400K(126464K) Class: 19515K(21312K)->19515K(21312K)
[2025-08-19T22:55:49.443+0000][1692266][info ][gc          ] GC(127) Pause Young (Normal) (G1 Evacuation Pause) 436M->136M(512M) 3.197ms
[2025-08-19T22:55:49.443+0000][1692266][info ][gc,cpu      ] GC(127) User=0.01s Sys=0.00s Real=0.00s
[2025-08-19T22:55:49.443+0000][1692266][info ][safepoint   ] Safepoint "G1CollectForAllocation", Time since last: 444685984029 ns, Reaching safepoint: 11497 ns, Cleanup: 3245 ns, At safepoint: 3235286 ns, Total: 3250028 ns
[2025-08-19T23:03:13.343+0000][1692266][info ][gc,start    ] GC(128) Pause Young (Normal) (G1 Evacuation Pause)
[2025-08-19T23:03:13.343+0000][1692266][info ][gc,task     ] GC(128) Using 1 workers of 1 for evacuation
[2025-08-19T23:03:13.343+0000][1692266][debug][gc,age      ] GC(128) Desired survivor size 20971520 bytes, new threshold 15 (max threshold 15)
[2025-08-19T23:03:13.346+0000][1692266][info ][gc,phases   ] GC(128)   Pre Evacuate Collection Set: 0.1ms
[2025-08-19T23:03:13.346+0000][1692266][info ][gc,phases   ] GC(128)   Merge Heap Roots: 0.0ms
[2025-08-19T23:03:13.346+0000][1692266][info ][gc,phases   ] GC(128)   Evacuate Collection Set: 1.3ms
[2025-08-19T23:03:13.346+0000][1692266][info ][gc,phases   ] GC(128)   Post Evacuate Collection Set: 0.8ms
[2025-08-19T23:03:13.346+0000][1692266][info ][gc,phases   ] GC(128)   Other: 0.0ms
[2025-08-19T23:03:13.346+0000][1692266][trace][gc,age      ] GC(128) Age table with threshold 15 (max threshold 15)
[2025-08-19T23:03:13.346+0000][1692266][trace][gc,age      ] GC(128) - age   1:      32888 bytes,      32888 total
[2025-08-19T23:03:13.346+0000][1692266][trace][gc,age      ] GC(128) - age   2:        728 bytes,      33616 total
[2025-08-19T23:03:13.346+0000][1692266][trace][gc,age      ] GC(128) - age  12:        296 bytes,      33912 total
[2025-08-19T23:03:13.346+0000][1692266][trace][gc,age      ] GC(128) - age  13:        848 bytes,      34760 total
[2025-08-19T23:03:13.346+0000][1692266][trace][gc,age      ] GC(128) - age  14:       8160 bytes,      42920 total
[2025-08-19T23:03:13.346+0000][1692266][trace][gc,age      ] GC(128) - age  15:         64 bytes,      42984 total
[2025-08-19T23:03:13.346+0000][1692266][info ][gc,heap     ] GC(128) Eden regions: 75->0(75)
[2025-08-19T23:03:13.346+0000][1692266][info ][gc,heap     ] GC(128) Survivor regions: 1->1(10)
[2025-08-19T23:03:13.346+0000][1692266][info ][gc,heap     ] GC(128) Old regions: 35->35
[2025-08-19T23:03:13.346+0000][1692266][info ][gc,heap     ] GC(128) Humongous regions: 0->0
[2025-08-19T23:03:13.346+0000][1692266][info ][gc,metaspace] GC(128) Metaspace: 143916K(147776K)->143916K(147776K) NonClass: 124400K(126464K)->124400K(126464K) Class: 19515K(21312K)->19515K(21312K)
[2025-08-19T23:03:13.346+0000][1692266][info ][gc          ] GC(128) Pause Young (Normal) (G1 Evacuation Pause) 436M->136M(512M) 2.800ms
[2025-08-19T23:03:13.346+0000][1692266][info ][gc,cpu      ] GC(128) User=0.00s Sys=0.00s Real=0.01s
[2025-08-19T23:03:13.346+0000][1692266][info ][safepoint   ] Safepoint "G1CollectForAllocation", Time since last: 443900107803 ns, Reaching safepoint: 9385 ns, Cleanup: 3054 ns, At safepoint: 2838717 ns, Total: 2851156 ns
[2025-08-19T23:03:24.347+0000][1692266][info ][safepoint   ] Safepoint "Cleanup", Time since last: 11000790591 ns, Reaching safepoint: 31668 ns, Cleanup: 11587 ns, At safepoint: 4247 ns, Total: 47502 ns
[2025-08-19T23:03:39.347+0000][1692266][info ][safepoint   ] Safepoint "Cleanup", Time since last: 15000844707 ns, Reaching safepoint: 48694 ns, Cleanup: 12018 ns, At safepoint: 4877 ns, Total: 65589 ns
[2025-08-19T23:10:37.061+0000][1692266][info ][gc,start    ] GC(129) Pause Young (Normal) (G1 Evacuation Pause)
[2025-08-19T23:10:37.061+0000][1692266][info ][gc,task     ] GC(129) Using 1 workers of 1 for evacuation
[2025-08-19T23:10:37.061+0000][1692266][debug][gc,age      ] GC(129) Desired survivor size 20971520 bytes, new threshold 15 (max threshold 15)
[2025-08-19T23:10:37.063+0000][1692266][info ][gc,phases   ] GC(129)   Pre Evacuate Collection Set: 0.0ms
[2025-08-19T23:10:37.063+0000][1692266][info ][gc,phases   ] GC(129)   Merge Heap Roots: 0.0ms
[2025-08-19T23:10:37.063+0000][1692266][info ][gc,phases   ] GC(129)   Evacuate Collection Set: 1.3ms
[2025-08-19T23:10:37.063+0000][1692266][info ][gc,phases   ] GC(129)   Post Evacuate Collection Set: 0.8ms
[2025-08-19T23:10:37.063+0000][1692266][info ][gc,phases   ] GC(129)   Other: 0.0ms
[2025-08-19T23:10:37.063+0000][1692266][trace][gc,age      ] GC(129) Age table with threshold 15 (max threshold 15)
[2025-08-19T23:10:37.063+0000][1692266][trace][gc,age      ] GC(129) - age   1:      14848 bytes,      14848 total
[2025-08-19T23:10:37.063+0000][1692266][trace][gc,age      ] GC(129) - age   2:        552 bytes,      15400 total
[2025-08-19T23:10:37.063+0000][1692266][trace][gc,age      ] GC(129) - age   3:        176 bytes,      15576 total
[2025-08-19T23:10:37.063+0000][1692266][trace][gc,age      ] GC(129) - age  13:        296 bytes,      15872 total
[2025-08-19T23:10:37.063+0000][1692266][trace][gc,age      ] GC(129) - age  14:        848 bytes,      16720 total
[2025-08-19T23:10:37.063+0000][1692266][trace][gc,age      ] GC(129) - age  15:       8160 bytes,      24880 total
[2025-08-19T23:10:37.063+0000][1692266][info ][gc,heap     ] GC(129) Eden regions: 75->0(75)
[2025-08-19T23:10:37.063+0000][1692266][info ][gc,heap     ] GC(129) Survivor regions: 1->1(10)
[2025-08-19T23:10:37.063+0000][1692266][info ][gc,heap     ] GC(129) Old regions: 35->35
[2025-08-19T23:10:37.063+0000][1692266][info ][gc,heap     ] GC(129) Humongous regions: 0->0
[2025-08-19T23:10:37.063+0000][1692266][info ][gc,metaspace] GC(129) Metaspace: 143916K(147776K)->143916K(147776K) NonClass: 124400K(126464K)->124400K(126464K) Class: 19515K(21312K)->19515K(21312K)
[2025-08-19T23:10:37.063+0000][1692266][info ][gc          ] GC(129) Pause Young (Normal) (G1 Evacuation Pause) 436M->136M(512M) 2.728ms
[2025-08-19T23:10:37.063+0000][1692266][info ][gc,cpu      ] GC(129) User=0.01s Sys=0.00s Real=0.00s
[2025-08-19T23:10:37.063+0000][1692266][info ][safepoint   ] Safepoint "G1CollectForAllocation", Time since last: 417713285780 ns, Reaching safepoint: 8413 ns, Cleanup: 3245 ns, At safepoint: 2766387 ns, Total: 2778045 ns
[2025-08-19T23:17:05.117+0000][1692266][info ][safepoint   ] Safepoint "Cleanup", Time since last: 388053640733 ns, Reaching safepoint: 43365 ns, Cleanup: 9335 ns, At safepoint: 6880 ns, Total: 59580 ns
[2025-08-19T23:18:00.263+0000][1692266][info ][gc,start    ] GC(130) Pause Young (Normal) (G1 Evacuation Pause)
[2025-08-19T23:18:00.263+0000][1692266][info ][gc,task     ] GC(130) Using 1 workers of 1 for evacuation
[2025-08-19T23:18:00.263+0000][1692266][debug][gc,age      ] GC(130) Desired survivor size 20971520 bytes, new threshold 15 (max threshold 15)
[2025-08-19T23:18:00.265+0000][1692266][info ][gc,phases   ] GC(130)   Pre Evacuate Collection Set: 0.1ms
[2025-08-19T23:18:00.265+0000][1692266][info ][gc,phases   ] GC(130)   Merge Heap Roots: 0.0ms
[2025-08-19T23:18:00.265+0000][1692266][info ][gc,phases   ] GC(130)   Evacuate Collection Set: 1.3ms
[2025-08-19T23:18:00.265+0000][1692266][info ][gc,phases   ] GC(130)   Post Evacuate Collection Set: 0.8ms
[2025-08-19T23:18:00.265+0000][1692266][info ][gc,phases   ] GC(130)   Other: 0.0ms
[2025-08-19T23:18:00.265+0000][1692266][trace][gc,age      ] GC(130) Age table with threshold 15 (max threshold 15)
[2025-08-19T23:18:00.265+0000][1692266][trace][gc,age      ] GC(130) - age   1:      14912 bytes,      14912 total
[2025-08-19T23:18:00.265+0000][1692266][trace][gc,age      ] GC(130) - age   2:        552 bytes,      15464 total
[2025-08-19T23:18:00.265+0000][1692266][trace][gc,age      ] GC(130) - age   4:        176 bytes,      15640 total
[2025-08-19T23:18:00.265+0000][1692266][trace][gc,age      ] GC(130) - age  14:        296 bytes,      15936 total
[2025-08-19T23:18:00.265+0000][1692266][trace][gc,age      ] GC(130) - age  15:        848 bytes,      16784 total
[2025-08-19T23:18:00.265+0000][1692266][info ][gc,heap     ] GC(130) Eden regions: 75->0(75)
[2025-08-19T23:18:00.265+0000][1692266][info ][gc,heap     ] GC(130) Survivor regions: 1->1(10)
[2025-08-19T23:18:00.265+0000][1692266][info ][gc,heap     ] GC(130) Old regions: 35->35
[2025-08-19T23:18:00.265+0000][1692266][info ][gc,heap     ] GC(130) Humongous regions: 0->0
[2025-08-19T23:18:00.265+0000][1692266][info ][gc,metaspace] GC(130) Metaspace: 143916K(147776K)->143916K(147776K) NonClass: 124400K(126464K)->124400K(126464K) Class: 19515K(21312K)->19515K(21312K)
[2025-08-19T23:18:00.265+0000][1692266][info ][gc          ] GC(130) Pause Young (Normal) (G1 Evacuation Pause) 436M->136M(512M) 2.314ms
[2025-08-19T23:18:00.265+0000][1692266][info ][gc,cpu      ] GC(130) User=0.00s Sys=0.00s Real=0.00s
[2025-08-19T23:18:00.265+0000][1692266][info ][safepoint   ] Safepoint "G1CollectForAllocation", Time since last: 55145494963 ns, Reaching safepoint: 6841 ns, Cleanup: 3214 ns, At safepoint: 2349258 ns, Total: 2359313 ns
[2025-08-19T23:25:24.675+0000][1692266][info ][gc,start    ] GC(131) Pause Young (Normal) (G1 Evacuation Pause)
[2025-08-19T23:25:24.675+0000][1692266][info ][gc,task     ] GC(131) Using 1 workers of 1 for evacuation
[2025-08-19T23:25:24.675+0000][1692266][debug][gc,age      ] GC(131) Desired survivor size 20971520 bytes, new threshold 15 (max threshold 15)
[2025-08-19T23:25:24.678+0000][1692266][info ][gc,phases   ] GC(131)   Pre Evacuate Collection Set: 0.1ms
[2025-08-19T23:25:24.678+0000][1692266][info ][gc,phases   ] GC(131)   Merge Heap Roots: 0.0ms
[2025-08-19T23:25:24.678+0000][1692266][info ][gc,phases   ] GC(131)   Evacuate Collection Set: 1.5ms
[2025-08-19T23:25:24.678+0000][1692266][info ][gc,phases   ] GC(131)   Post Evacuate Collection Set: 0.8ms
[2025-08-19T23:25:24.678+0000][1692266][info ][gc,phases   ] GC(131)   Other: 0.0ms
[2025-08-19T23:25:24.678+0000][1692266][trace][gc,age      ] GC(131) Age table with threshold 15 (max threshold 15)
[2025-08-19T23:25:24.678+0000][1692266][trace][gc,age      ] GC(131) - age   1:      19536 bytes,      19536 total
[2025-08-19T23:25:24.678+0000][1692266][trace][gc,age      ] GC(131) - age   2:        112 bytes,      19648 total
[2025-08-19T23:25:24.678+0000][1692266][trace][gc,age      ] GC(131) - age   5:        176 bytes,      19824 total
[2025-08-19T23:25:24.678+0000][1692266][trace][gc,age      ] GC(131) - age  15:        296 bytes,      20120 total
[2025-08-19T23:25:24.678+0000][1692266][info ][gc,heap     ] GC(131) Eden regions: 75->0(75)
[2025-08-19T23:25:24.678+0000][1692266][info ][gc,heap     ] GC(131) Survivor regions: 1->1(10)
[2025-08-19T23:25:24.678+0000][1692266][info ][gc,heap     ] GC(131) Old regions: 35->35
[2025-08-19T23:25:24.678+0000][1692266][info ][gc,heap     ] GC(131) Humongous regions: 0->0
[2025-08-19T23:25:24.678+0000][1692266][info ][gc,metaspace] GC(131) Metaspace: 143916K(147776K)->143916K(147776K) NonClass: 124400K(126464K)->124400K(126464K) Class: 19515K(21312K)->19515K(21312K)
[2025-08-19T23:25:24.678+0000][1692266][info ][gc          ] GC(131) Pause Young (Normal) (G1 Evacuation Pause) 436M->136M(512M) 2.665ms
[2025-08-19T23:25:24.678+0000][1692266][info ][gc,cpu      ] GC(131) User=0.00s Sys=0.00s Real=0.01s
[2025-08-19T23:25:24.678+0000][1692266][info ][safepoint   ] Safepoint "G1CollectForAllocation", Time since last: 444410047740 ns, Reaching safepoint: 8423 ns, Cleanup: 2944 ns, At safepoint: 2702742 ns, Total: 2714109 ns
[2025-08-19T23:32:47.284+0000][1692266][info ][gc,start    ] GC(132) Pause Young (Normal) (G1 Evacuation Pause)
[2025-08-19T23:32:47.284+0000][1692266][info ][gc,task     ] GC(132) Using 1 workers of 1 for evacuation
[2025-08-19T23:32:47.284+0000][1692266][debug][gc,age      ] GC(132) Desired survivor size 20971520 bytes, new threshold 15 (max threshold 15)
[2025-08-19T23:32:47.287+0000][1692266][info ][gc,phases   ] GC(132)   Pre Evacuate Collection Set: 0.1ms
[2025-08-19T23:32:47.287+0000][1692266][info ][gc,phases   ] GC(132)   Merge Heap Roots: 0.0ms
[2025-08-19T23:32:47.287+0000][1692266][info ][gc,phases   ] GC(132)   Evacuate Collection Set: 1.4ms
[2025-08-19T23:32:47.287+0000][1692266][info ][gc,phases   ] GC(132)   Post Evacuate Collection Set: 0.8ms
[2025-08-19T23:32:47.287+0000][1692266][info ][gc,phases   ] GC(132)   Other: 0.0ms
[2025-08-19T23:32:47.287+0000][1692266][trace][gc,age      ] GC(132) Age table with threshold 15 (max threshold 15)
[2025-08-19T23:32:47.287+0000][1692266][trace][gc,age      ] GC(132) - age   1:      14672 bytes,      14672 total
[2025-08-19T23:32:47.287+0000][1692266][trace][gc,age      ] GC(132) - age   2:        552 bytes,      15224 total
[2025-08-19T23:32:47.287+0000][1692266][trace][gc,age      ] GC(132) - age   6:        176 bytes,      15400 total
[2025-08-19T23:32:47.287+0000][1692266][info ][gc,heap     ] GC(132) Eden regions: 75->0(75)
[2025-08-19T23:32:47.287+0000][1692266][info ][gc,heap     ] GC(132) Survivor regions: 1->1(10)
[2025-08-19T23:32:47.287+0000][1692266][info ][gc,heap     ] GC(132) Old regions: 35->35
[2025-08-19T23:32:47.287+0000][1692266][info ][gc,heap     ] GC(132) Humongous regions: 0->0
[2025-08-19T23:32:47.287+0000][1692266][info ][gc,metaspace] GC(132) Metaspace: 143916K(147776K)->143916K(147776K) NonClass: 124400K(126464K)->124400K(126464K) Class: 19515K(21312K)->19515K(21312K)
[2025-08-19T23:32:47.287+0000][1692266][info ][gc          ] GC(132) Pause Young (Normal) (G1 Evacuation Pause) 436M->136M(512M) 2.814ms
[2025-08-19T23:32:47.287+0000][1692266][info ][gc,cpu      ] GC(132) User=0.00s Sys=0.00s Real=0.01s
[2025-08-19T23:32:47.287+0000][1692266][info ][safepoint   ] Safepoint "G1CollectForAllocation", Time since last: 442606191059 ns, Reaching safepoint: 9835 ns, Cleanup: 2974 ns, At safepoint: 2851637 ns, Total: 2864446 ns
[2025-08-19T23:40:11.505+0000][1692266][info ][gc,start    ] GC(133) Pause Young (Normal) (G1 Evacuation Pause)
[2025-08-19T23:40:11.505+0000][1692266][info ][gc,task     ] GC(133) Using 1 workers of 1 for evacuation
[2025-08-19T23:40:11.505+0000][1692266][debug][gc,age      ] GC(133) Desired survivor size 20971520 bytes, new threshold 15 (max threshold 15)
[2025-08-19T23:40:11.508+0000][1692266][info ][gc,phases   ] GC(133)   Pre Evacuate Collection Set: 0.1ms
[2025-08-19T23:40:11.508+0000][1692266][info ][gc,phases   ] GC(133)   Merge Heap Roots: 0.0ms
[2025-08-19T23:40:11.508+0000][1692266][info ][gc,phases   ] GC(133)   Evacuate Collection Set: 1.4ms
[2025-08-19T23:40:11.508+0000][1692266][info ][gc,phases   ] GC(133)   Post Evacuate Collection Set: 1.1ms
[2025-08-19T23:40:11.508+0000][1692266][info ][gc,phases   ] GC(133)   Other: 0.0ms
[2025-08-19T23:40:11.508+0000][1692266][trace][gc,age      ] GC(133) Age table with threshold 15 (max threshold 15)
[2025-08-19T23:40:11.508+0000][1692266][trace][gc,age      ] GC(133) - age   1:      16248 bytes,      16248 total
[2025-08-19T23:40:11.508+0000][1692266][trace][gc,age      ] GC(133) - age   2:        552 bytes,      16800 total
[2025-08-19T23:40:11.508+0000][1692266][trace][gc,age      ] GC(133) - age   7:        176 bytes,      16976 total
[2025-08-19T23:40:11.508+0000][1692266][info ][gc,heap     ] GC(133) Eden regions: 75->0(75)
[2025-08-19T23:40:11.508+0000][1692266][info ][gc,heap     ] GC(133) Survivor regions: 1->1(10)
[2025-08-19T23:40:11.508+0000][1692266][info ][gc,heap     ] GC(133) Old regions: 35->35
[2025-08-19T23:40:11.508+0000][1692266][info ][gc,heap     ] GC(133) Humongous regions: 0->0
[2025-08-19T23:40:11.508+0000][1692266][info ][gc,metaspace] GC(133) Metaspace: 143916K(147776K)->143916K(147776K) NonClass: 124400K(126464K)->124400K(126464K) Class: 19515K(21312K)->19515K(21312K)
[2025-08-19T23:40:11.508+0000][1692266][info ][gc          ] GC(133) Pause Young (Normal) (G1 Evacuation Pause) 436M->136M(512M) 2.843ms
[2025-08-19T23:40:11.508+0000][1692266][info ][gc,cpu      ] GC(133) User=0.00s Sys=0.00s Real=0.01s
[2025-08-19T23:40:11.508+0000][1692266][info ][safepoint   ] Safepoint "G1CollectForAllocation", Time since last: 444217883972 ns, Reaching safepoint: 8513 ns, Cleanup: 2744 ns, At safepoint: 2880220 ns, Total: 2891477 ns
[2025-08-19T23:47:36.435+0000][1692266][info ][gc,start    ] GC(134) Pause Young (Normal) (G1 Evacuation Pause)
[2025-08-19T23:47:36.436+0000][1692266][info ][gc,task     ] GC(134) Using 1 workers of 1 for evacuation
[2025-08-19T23:47:36.436+0000][1692266][debug][gc,age      ] GC(134) Desired survivor size 20971520 bytes, new threshold 15 (max threshold 15)
[2025-08-19T23:47:36.438+0000][1692266][info ][gc,phases   ] GC(134)   Pre Evacuate Collection Set: 0.1ms
[2025-08-19T23:47:36.438+0000][1692266][info ][gc,phases   ] GC(134)   Merge Heap Roots: 0.0ms
[2025-08-19T23:47:36.438+0000][1692266][info ][gc,phases   ] GC(134)   Evacuate Collection Set: 1.3ms
[2025-08-19T23:47:36.438+0000][1692266][info ][gc,phases   ] GC(134)   Post Evacuate Collection Set: 0.8ms
[2025-08-19T23:47:36.438+0000][1692266][info ][gc,phases   ] GC(134)   Other: 0.3ms
[2025-08-19T23:47:36.438+0000][1692266][trace][gc,age      ] GC(134) Age table with threshold 15 (max threshold 15)
[2025-08-19T23:47:36.438+0000][1692266][trace][gc,age      ] GC(134) - age   1:      14792 bytes,      14792 total
[2025-08-19T23:47:36.438+0000][1692266][trace][gc,age      ] GC(134) - age   2:        552 bytes,      15344 total
[2025-08-19T23:47:36.438+0000][1692266][trace][gc,age      ] GC(134) - age   8:        176 bytes,      15520 total
[2025-08-19T23:47:36.438+0000][1692266][info ][gc,heap     ] GC(134) Eden regions: 75->0(75)
[2025-08-19T23:47:36.438+0000][1692266][info ][gc,heap     ] GC(134) Survivor regions: 1->1(10)
[2025-08-19T23:47:36.438+0000][1692266][info ][gc,heap     ] GC(134) Old regions: 35->35
[2025-08-19T23:47:36.438+0000][1692266][info ][gc,heap     ] GC(134) Humongous regions: 0->0
[2025-08-19T23:47:36.438+0000][1692266][info ][gc,metaspace] GC(134) Metaspace: 143916K(147776K)->143916K(147776K) NonClass: 124400K(126464K)->124400K(126464K) Class: 19515K(21312K)->19515K(21312K)
[2025-08-19T23:47:36.438+0000][1692266][info ][gc          ] GC(134) Pause Young (Normal) (G1 Evacuation Pause) 436M->136M(512M) 3.013ms
[2025-08-19T23:47:36.438+0000][1692266][info ][gc,cpu      ] GC(134) User=0.00s Sys=0.00s Real=0.01s
[2025-08-19T23:47:36.438+0000][1692266][info ][safepoint   ] Safepoint "G1CollectForAllocation", Time since last: 444927481487 ns, Reaching safepoint: 8412 ns, Cleanup: 3115 ns, At safepoint: 3051088 ns, Total: 3062615 ns
[2025-08-19T23:54:11.502+0000][1692266][info ][safepoint   ] Safepoint "Cleanup", Time since last: 395063650586 ns, Reaching safepoint: 41193 ns, Cleanup: 8512 ns, At safepoint: 343529 ns, Total: 393234 ns
[2025-08-19T23:54:26.504+0000][1692266][info ][safepoint   ] Safepoint "Cleanup", Time since last: 15002107949 ns, Reaching safepoint: 53281 ns, Cleanup: 10415 ns, At safepoint: 6961 ns, Total: 70657 ns
[2025-08-19T23:55:00.180+0000][1692266][info ][gc,start    ] GC(135) Pause Young (Normal) (G1 Evacuation Pause)
[2025-08-19T23:55:00.180+0000][1692266][info ][gc,task     ] GC(135) Using 1 workers of 1 for evacuation
[2025-08-19T23:55:00.180+0000][1692266][debug][gc,age      ] GC(135) Desired survivor size 20971520 bytes, new threshold 15 (max threshold 15)
[2025-08-19T23:55:00.183+0000][1692266][info ][gc,phases   ] GC(135)   Pre Evacuate Collection Set: 0.1ms
[2025-08-19T23:55:00.183+0000][1692266][info ][gc,phases   ] GC(135)   Merge Heap Roots: 0.0ms
[2025-08-19T23:55:00.183+0000][1692266][info ][gc,phases   ] GC(135)   Evacuate Collection Set: 1.7ms
[2025-08-19T23:55:00.183+0000][1692266][info ][gc,phases   ] GC(135)   Post Evacuate Collection Set: 0.8ms
[2025-08-19T23:55:00.183+0000][1692266][info ][gc,phases   ] GC(135)   Other: 0.0ms
[2025-08-19T23:55:00.183+0000][1692266][trace][gc,age      ] GC(135) Age table with threshold 15 (max threshold 15)
[2025-08-19T23:55:00.183+0000][1692266][trace][gc,age      ] GC(135) - age   1:     121104 bytes,     121104 total
[2025-08-19T23:55:00.183+0000][1692266][trace][gc,age      ] GC(135) - age   2:        112 bytes,     121216 total
[2025-08-19T23:55:00.183+0000][1692266][info ][gc,heap     ] GC(135) Eden regions: 75->0(75)
[2025-08-19T23:55:00.183+0000][1692266][info ][gc,heap     ] GC(135) Survivor regions: 1->1(10)
[2025-08-19T23:55:00.183+0000][1692266][info ][gc,heap     ] GC(135) Old regions: 35->35
[2025-08-19T23:55:00.183+0000][1692266][info ][gc,heap     ] GC(135) Humongous regions: 0->0
[2025-08-19T23:55:00.183+0000][1692266][info ][gc,metaspace] GC(135) Metaspace: 143916K(147776K)->143916K(147776K) NonClass: 124400K(126464K)->124400K(126464K) Class: 19515K(21312K)->19515K(21312K)
[2025-08-19T23:55:00.183+0000][1692266][info ][gc          ] GC(135) Pause Young (Normal) (G1 Evacuation Pause) 436M->136M(512M) 2.740ms
[2025-08-19T23:55:00.183+0000][1692266][info ][gc,cpu      ] GC(135) User=0.00s Sys=0.00s Real=0.00s
[2025-08-19T23:55:00.183+0000][1692266][info ][safepoint   ] Safepoint "G1CollectForAllocation", Time since last: 33675464757 ns, Reaching safepoint: 5819 ns, Cleanup: 3936 ns, At safepoint: 2778506 ns, Total: 2788261 ns
[2025-08-19T23:56:36.188+0000][1692266][info ][safepoint   ] Safepoint "Cleanup", Time since last: 96005623432 ns, Reaching safepoint: 30597 ns, Cleanup: 10896 ns, At safepoint: 5749 ns, Total: 47242 ns
[2025-08-20T00:01:06.204+0000][1692266][info ][safepoint   ] Safepoint "Cleanup", Time since last: 270015755191 ns, Reaching safepoint: 74473 ns, Cleanup: 11367 ns, At safepoint: 4957 ns, Total: 90797 ns
[2025-08-20T00:02:22.718+0000][1692266][info ][gc,start    ] GC(136) Pause Young (Normal) (G1 Evacuation Pause)
[2025-08-20T00:02:22.719+0000][1692266][info ][gc,task     ] GC(136) Using 1 workers of 1 for evacuation
[2025-08-20T00:02:22.719+0000][1692266][debug][gc,age      ] GC(136) Desired survivor size 20971520 bytes, new threshold 15 (max threshold 15)
[2025-08-20T00:02:22.721+0000][1692266][info ][gc,phases   ] GC(136)   Pre Evacuate Collection Set: 0.1ms
[2025-08-20T00:02:22.721+0000][1692266][info ][gc,phases   ] GC(136)   Merge Heap Roots: 0.0ms
[2025-08-20T00:02:22.721+0000][1692266][info ][gc,phases   ] GC(136)   Evacuate Collection Set: 1.3ms
[2025-08-20T00:02:22.721+0000][1692266][info ][gc,phases   ] GC(136)   Post Evacuate Collection Set: 0.8ms
[2025-08-20T00:02:22.721+0000][1692266][info ][gc,phases   ] GC(136)   Other: 0.0ms
[2025-08-20T00:02:22.721+0000][1692266][trace][gc,age      ] GC(136) Age table with threshold 15 (max threshold 15)
[2025-08-20T00:02:22.721+0000][1692266][trace][gc,age      ] GC(136) - age   1:      14904 bytes,      14904 total
[2025-08-20T00:02:22.721+0000][1692266][trace][gc,age      ] GC(136) - age   2:        728 bytes,      15632 total
[2025-08-20T00:02:22.721+0000][1692266][info ][gc,heap     ] GC(136) Eden regions: 75->0(75)
[2025-08-20T00:02:22.721+0000][1692266][info ][gc,heap     ] GC(136) Survivor regions: 1->1(10)
[2025-08-20T00:02:22.721+0000][1692266][info ][gc,heap     ] GC(136) Old regions: 35->35
[2025-08-20T00:02:22.721+0000][1692266][info ][gc,heap     ] GC(136) Humongous regions: 0->0
[2025-08-20T00:02:22.721+0000][1692266][info ][gc,metaspace] GC(136) Metaspace: 143916K(147776K)->143916K(147776K) NonClass: 124400K(126464K)->124400K(126464K) Class: 19515K(21312K)->19515K(21312K)
[2025-08-20T00:02:22.721+0000][1692266][info ][gc          ] GC(136) Pause Young (Normal) (G1 Evacuation Pause) 436M->136M(512M) 2.756ms
[2025-08-20T00:02:22.721+0000][1692266][info ][gc,cpu      ] GC(136) User=0.00s Sys=0.00s Real=0.00s
[2025-08-20T00:02:22.721+0000][1692266][info ][safepoint   ] Safepoint "G1CollectForAllocation", Time since last: 76514063637 ns, Reaching safepoint: 9845 ns, Cleanup: 3325 ns, At safepoint: 2794971 ns, Total: 2808141 ns
[2025-08-20T00:09:47.619+0000][1692266][info ][gc,start    ] GC(137) Pause Young (Normal) (G1 Evacuation Pause)
[2025-08-20T00:09:47.619+0000][1692266][info ][gc,task     ] GC(137) Using 1 workers of 1 for evacuation
[2025-08-20T00:09:47.619+0000][1692266][debug][gc,age      ] GC(137) Desired survivor size 20971520 bytes, new threshold 15 (max threshold 15)
[2025-08-20T00:09:47.622+0000][1692266][info ][gc,phases   ] GC(137)   Pre Evacuate Collection Set: 0.1ms
[2025-08-20T00:09:47.622+0000][1692266][info ][gc,phases   ] GC(137)   Merge Heap Roots: 0.0ms
[2025-08-20T00:09:47.622+0000][1692266][info ][gc,phases   ] GC(137)   Evacuate Collection Set: 1.7ms
[2025-08-20T00:09:47.622+0000][1692266][info ][gc,phases   ] GC(137)   Post Evacuate Collection Set: 1.1ms
[2025-08-20T00:09:47.622+0000][1692266][info ][gc,phases   ] GC(137)   Other: 0.0ms
[2025-08-20T00:09:47.622+0000][1692266][trace][gc,age      ] GC(137) Age table with threshold 15 (max threshold 15)
[2025-08-20T00:09:47.622+0000][1692266][trace][gc,age      ] GC(137) - age   1:      16480 bytes,      16480 total
[2025-08-20T00:09:47.622+0000][1692266][trace][gc,age      ] GC(137) - age   2:        696 bytes,      17176 total
[2025-08-20T00:09:47.622+0000][1692266][trace][gc,age      ] GC(137) - age   3:        176 bytes,      17352 total
[2025-08-20T00:09:47.622+0000][1692266][info ][gc,heap     ] GC(137) Eden regions: 75->0(75)
[2025-08-20T00:09:47.622+0000][1692266][info ][gc,heap     ] GC(137) Survivor regions: 1->1(10)
[2025-08-20T00:09:47.622+0000][1692266][info ][gc,heap     ] GC(137) Old regions: 35->35
[2025-08-20T00:09:47.622+0000][1692266][info ][gc,heap     ] GC(137) Humongous regions: 0->0
[2025-08-20T00:09:47.622+0000][1692266][info ][gc,metaspace] GC(137) Metaspace: 143920K(147776K)->143920K(147776K) NonClass: 124405K(126464K)->124405K(126464K) Class: 19515K(21312K)->19515K(21312K)
[2025-08-20T00:09:47.622+0000][1692266][info ][gc          ] GC(137) Pause Young (Normal) (G1 Evacuation Pause) 436M->136M(512M) 3.071ms
[2025-08-20T00:09:47.622+0000][1692266][info ][gc,cpu      ] GC(137) User=0.00s Sys=0.00s Real=0.00s
[2025-08-20T00:09:47.622+0000][1692266][info ][safepoint   ] Safepoint "G1CollectForAllocation", Time since last: 444897769374 ns, Reaching safepoint: 8483 ns, Cleanup: 2584 ns, At safepoint: 3108574 ns, Total: 3119641 ns
[2025-08-20T00:12:57.633+0000][1692266][info ][safepoint   ] Safepoint "Cleanup", Time since last: 190011328940 ns, Reaching safepoint: 44006 ns, Cleanup: 14121 ns, At safepoint: 4467 ns, Total: 62594 ns
[2025-08-20T00:15:53.644+0000][1692266][info ][safepoint   ] Safepoint "Cleanup", Time since last: 176010868924 ns, Reaching safepoint: 39059 ns, Cleanup: 11207 ns, At safepoint: 4356 ns, Total: 54622 ns
[2025-08-20T00:17:11.426+0000][1692266][info ][gc,start    ] GC(138) Pause Young (Normal) (G1 Evacuation Pause)
[2025-08-20T00:17:11.426+0000][1692266][info ][gc,task     ] GC(138) Using 1 workers of 1 for evacuation
[2025-08-20T00:17:11.426+0000][1692266][debug][gc,age      ] GC(138) Desired survivor size 20971520 bytes, new threshold 15 (max threshold 15)
[2025-08-20T00:17:11.428+0000][1692266][info ][gc,phases   ] GC(138)   Pre Evacuate Collection Set: 0.1ms
[2025-08-20T00:17:11.428+0000][1692266][info ][gc,phases   ] GC(138)   Merge Heap Roots: 0.0ms
[2025-08-20T00:17:11.428+0000][1692266][info ][gc,phases   ] GC(138)   Evacuate Collection Set: 1.6ms
[2025-08-20T00:17:11.428+0000][1692266][info ][gc,phases   ] GC(138)   Post Evacuate Collection Set: 0.8ms
[2025-08-20T00:17:11.428+0000][1692266][info ][gc,phases   ] GC(138)   Other: 0.0ms
[2025-08-20T00:17:11.428+0000][1692266][trace][gc,age      ] GC(138) Age table with threshold 15 (max threshold 15)
[2025-08-20T00:17:11.428+0000][1692266][trace][gc,age      ] GC(138) - age   1:      27904 bytes,      27904 total
[2025-08-20T00:17:11.428+0000][1692266][trace][gc,age      ] GC(138) - age   2:        616 bytes,      28520 total
[2025-08-20T00:17:11.428+0000][1692266][trace][gc,age      ] GC(138) - age   3:        144 bytes,      28664 total
[2025-08-20T00:17:11.428+0000][1692266][trace][gc,age      ] GC(138) - age   4:        176 bytes,      28840 total
[2025-08-20T00:17:11.428+0000][1692266][info ][gc,heap     ] GC(138) Eden regions: 75->0(75)
[2025-08-20T00:17:11.428+0000][1692266][info ][gc,heap     ] GC(138) Survivor regions: 1->1(10)
[2025-08-20T00:17:11.428+0000][1692266][info ][gc,heap     ] GC(138) Old regions: 35->35
[2025-08-20T00:17:11.428+0000][1692266][info ][gc,heap     ] GC(138) Humongous regions: 0->0
[2025-08-20T00:17:11.428+0000][1692266][info ][gc,metaspace] GC(138) Metaspace: 143924K(147776K)->143924K(147776K) NonClass: 124408K(126464K)->124408K(126464K) Class: 19515K(21312K)->19515K(21312K)
[2025-08-20T00:17:11.428+0000][1692266][info ][gc          ] GC(138) Pause Young (Normal) (G1 Evacuation Pause) 436M->136M(512M) 2.664ms
[2025-08-20T00:17:11.428+0000][1692266][info ][gc,cpu      ] GC(138) User=0.00s Sys=0.00s Real=0.00s
[2025-08-20T00:17:11.428+0000][1692266][info ][safepoint   ] Safepoint "G1CollectForAllocation", Time since last: 77780983628 ns, Reaching safepoint: 330489 ns, Cleanup: 2594 ns, At safepoint: 2699626 ns, Total: 3032709 ns
[2025-08-20T00:20:52.442+0000][1692266][info ][safepoint   ] Safepoint "Cleanup", Time since last: 221013713735 ns, Reaching safepoint: 45199 ns, Cleanup: 11487 ns, At safepoint: 4687 ns, Total: 61373 ns
[2025-08-20T00:24:35.809+0000][1692266][info ][gc,start    ] GC(139) Pause Young (Normal) (G1 Evacuation Pause)
[2025-08-20T00:24:35.810+0000][1692266][info ][gc,task     ] GC(139) Using 1 workers of 1 for evacuation
[2025-08-20T00:24:35.810+0000][1692266][debug][gc,age      ] GC(139) Desired survivor size 20971520 bytes, new threshold 15 (max threshold 15)
[2025-08-20T00:24:35.812+0000][1692266][info ][gc,phases   ] GC(139)   Pre Evacuate Collection Set: 0.1ms
[2025-08-20T00:24:35.812+0000][1692266][info ][gc,phases   ] GC(139)   Merge Heap Roots: 0.0ms
[2025-08-20T00:24:35.812+0000][1692266][info ][gc,phases   ] GC(139)   Evacuate Collection Set: 1.3ms
[2025-08-20T00:24:35.812+0000][1692266][info ][gc,phases   ] GC(139)   Post Evacuate Collection Set: 0.8ms
[2025-08-20T00:24:35.812+0000][1692266][info ][gc,phases   ] GC(139)   Other: 0.0ms
[2025-08-20T00:24:35.812+0000][1692266][trace][gc,age      ] GC(139) Age table with threshold 15 (max threshold 15)
[2025-08-20T00:24:35.812+0000][1692266][trace][gc,age      ] GC(139) - age   1:      15544 bytes,      15544 total
[2025-08-20T00:24:35.812+0000][1692266][trace][gc,age      ] GC(139) - age   2:        112 bytes,      15656 total
[2025-08-20T00:24:35.812+0000][1692266][trace][gc,age      ] GC(139) - age   3:         64 bytes,      15720 total
[2025-08-20T00:24:35.812+0000][1692266][trace][gc,age      ] GC(139) - age   4:        144 bytes,      15864 total
[2025-08-20T00:24:35.812+0000][1692266][trace][gc,age      ] GC(139) - age   5:        176 bytes,      16040 total
[2025-08-20T00:24:35.812+0000][1692266][info ][gc,heap     ] GC(139) Eden regions: 75->0(75)
[2025-08-20T00:24:35.812+0000][1692266][info ][gc,heap     ] GC(139) Survivor regions: 1->1(10)
[2025-08-20T00:24:35.812+0000][1692266][info ][gc,heap     ] GC(139) Old regions: 35->35
[2025-08-20T00:24:35.812+0000][1692266][info ][gc,heap     ] GC(139) Humongous regions: 0->0
[2025-08-20T00:24:35.812+0000][1692266][info ][gc,metaspace] GC(139) Metaspace: 143925K(147776K)->143925K(147776K) NonClass: 124410K(126464K)->124410K(126464K) Class: 19515K(21312K)->19515K(21312K)
[2025-08-20T00:24:35.812+0000][1692266][info ][gc          ] GC(139) Pause Young (Normal) (G1 Evacuation Pause) 436M->136M(512M) 2.816ms
[2025-08-20T00:24:35.812+0000][1692266][info ][gc,cpu      ] GC(139) User=0.00s Sys=0.00s Real=0.00s
[2025-08-20T00:24:35.812+0000][1692266][info ][safepoint   ] Safepoint "G1CollectForAllocation", Time since last: 223367127492 ns, Reaching safepoint: 7842 ns, Cleanup: 3024 ns, At safepoint: 2854390 ns, Total: 2865256 ns
[2025-08-20T00:26:53.837+0000][1692266][info ][safepoint   ] Safepoint "Cleanup", Time since last: 138024478317 ns, Reaching safepoint: 5879 ns, Cleanup: 9555 ns, At safepoint: 41012 ns, Total: 56446 ns
[2025-08-20T00:31:59.574+0000][1692266][info ][gc,start    ] GC(140) Pause Young (Normal) (G1 Evacuation Pause)
[2025-08-20T00:31:59.575+0000][1692266][info ][gc,task     ] GC(140) Using 1 workers of 1 for evacuation
[2025-08-20T00:31:59.575+0000][1692266][debug][gc,age      ] GC(140) Desired survivor size 20971520 bytes, new threshold 15 (max threshold 15)
[2025-08-20T00:31:59.577+0000][1692266][info ][gc,phases   ] GC(140)   Pre Evacuate Collection Set: 0.1ms
[2025-08-20T00:31:59.577+0000][1692266][info ][gc,phases   ] GC(140)   Merge Heap Roots: 0.0ms
[2025-08-20T00:31:59.577+0000][1692266][info ][gc,phases   ] GC(140)   Evacuate Collection Set: 1.3ms
[2025-08-20T00:31:59.577+0000][1692266][info ][gc,phases   ] GC(140)   Post Evacuate Collection Set: 0.8ms
[2025-08-20T00:31:59.577+0000][1692266][info ][gc,phases   ] GC(140)   Other: 0.0ms
[2025-08-20T00:31:59.577+0000][1692266][trace][gc,age      ] GC(140) Age table with threshold 15 (max threshold 15)
[2025-08-20T00:31:59.577+0000][1692266][trace][gc,age      ] GC(140) - age   1:      50912 bytes,      50912 total
[2025-08-20T00:31:59.577+0000][1692266][trace][gc,age      ] GC(140) - age   2:        752 bytes,      51664 total
[2025-08-20T00:31:59.577+0000][1692266][trace][gc,age      ] GC(140) - age   4:         64 bytes,      51728 total
[2025-08-20T00:31:59.577+0000][1692266][trace][gc,age      ] GC(140) - age   5:        144 bytes,      51872 total
[2025-08-20T00:31:59.577+0000][1692266][trace][gc,age      ] GC(140) - age   6:        176 bytes,      52048 total
[2025-08-20T00:31:59.577+0000][1692266][info ][gc,heap     ] GC(140) Eden regions: 75->0(75)
[2025-08-20T00:31:59.577+0000][1692266][info ][gc,heap     ] GC(140) Survivor regions: 1->1(10)
[2025-08-20T00:31:59.577+0000][1692266][info ][gc,heap     ] GC(140) Old regions: 35->35
[2025-08-20T00:31:59.577+0000][1692266][info ][gc,heap     ] GC(140) Humongous regions: 0->0
[2025-08-20T00:31:59.577+0000][1692266][info ][gc,metaspace] GC(140) Metaspace: 143926K(147776K)->143926K(147776K) NonClass: 124411K(126464K)->124411K(126464K) Class: 19515K(21312K)->19515K(21312K)
[2025-08-20T00:31:59.577+0000][1692266][info ][gc          ] GC(140) Pause Young (Normal) (G1 Evacuation Pause) 436M->136M(512M) 2.648ms
[2025-08-20T00:31:59.577+0000][1692266][info ][gc,cpu      ] GC(140) User=0.01s Sys=0.01s Real=0.01s
[2025-08-20T00:31:59.577+0000][1692266][info ][safepoint   ] Safepoint "G1CollectForAllocation", Time since last: 305737703830 ns, Reaching safepoint: 6650 ns, Cleanup: 3125 ns, At safepoint: 2699396 ns, Total: 2709171 ns
[2025-08-20T00:39:12.603+0000][1692266][info ][safepoint   ] Safepoint "Cleanup", Time since last: 433025539012 ns, Reaching safepoint: 39029 ns, Cleanup: 10676 ns, At safepoint: 211420 ns, Total: 261125 ns
[2025-08-20T00:39:23.899+0000][1692266][info ][gc,start    ] GC(141) Pause Young (Normal) (G1 Evacuation Pause)
[2025-08-20T00:39:23.899+0000][1692266][info ][gc,task     ] GC(141) Using 1 workers of 1 for evacuation
[2025-08-20T00:39:23.899+0000][1692266][debug][gc,age      ] GC(141) Desired survivor size 20971520 bytes, new threshold 15 (max threshold 15)
[2025-08-20T00:39:23.901+0000][1692266][info ][gc,phases   ] GC(141)   Pre Evacuate Collection Set: 0.1ms
[2025-08-20T00:39:23.901+0000][1692266][info ][gc,phases   ] GC(141)   Merge Heap Roots: 0.0ms
[2025-08-20T00:39:23.901+0000][1692266][info ][gc,phases   ] GC(141)   Evacuate Collection Set: 1.8ms
[2025-08-20T00:39:23.901+0000][1692266][info ][gc,phases   ] GC(141)   Post Evacuate Collection Set: 0.8ms
[2025-08-20T00:39:23.901+0000][1692266][info ][gc,phases   ] GC(141)   Other: 0.0ms
[2025-08-20T00:39:23.901+0000][1692266][trace][gc,age      ] GC(141) Age table with threshold 15 (max threshold 15)
[2025-08-20T00:39:23.901+0000][1692266][trace][gc,age      ] GC(141) - age   1:      82488 bytes,      82488 total
[2025-08-20T00:39:23.901+0000][1692266][trace][gc,age      ] GC(141) - age   2:        424 bytes,      82912 total
[2025-08-20T00:39:23.901+0000][1692266][trace][gc,age      ] GC(141) - age   3:         72 bytes,      82984 total
[2025-08-20T00:39:23.901+0000][1692266][trace][gc,age      ] GC(141) - age   5:         64 bytes,      83048 total
[2025-08-20T00:39:23.901+0000][1692266][trace][gc,age      ] GC(141) - age   6:        144 bytes,      83192 total
[2025-08-20T00:39:23.901+0000][1692266][trace][gc,age      ] GC(141) - age   7:        176 bytes,      83368 total
[2025-08-20T00:39:23.901+0000][1692266][info ][gc,heap     ] GC(141) Eden regions: 75->0(75)
[2025-08-20T00:39:23.901+0000][1692266][info ][gc,heap     ] GC(141) Survivor regions: 1->1(10)
[2025-08-20T00:39:23.901+0000][1692266][info ][gc,heap     ] GC(141) Old regions: 35->35
[2025-08-20T00:39:23.901+0000][1692266][info ][gc,heap     ] GC(141) Humongous regions: 0->0
[2025-08-20T00:39:23.901+0000][1692266][info ][gc,metaspace] GC(141) Metaspace: 143926K(147776K)->143926K(147776K) NonClass: 124411K(126464K)->124411K(126464K) Class: 19515K(21312K)->19515K(21312K)
[2025-08-20T00:39:23.901+0000][1692266][info ][gc          ] GC(141) Pause Young (Normal) (G1 Evacuation Pause) 436M->136M(512M) 2.817ms
[2025-08-20T00:39:23.901+0000][1692266][info ][gc,cpu      ] GC(141) User=0.00s Sys=0.00s Real=0.00s
[2025-08-20T00:39:23.901+0000][1692266][info ][safepoint   ] Safepoint "G1CollectForAllocation", Time since last: 11295506176 ns, Reaching safepoint: 260363 ns, Cleanup: 3014 ns, At safepoint: 2854060 ns, Total: 3117437 ns
[2025-08-20T00:46:49.023+0000][1692266][info ][gc,start    ] GC(142) Pause Young (Normal) (G1 Evacuation Pause)
[2025-08-20T00:46:49.023+0000][1692266][info ][gc,task     ] GC(142) Using 1 workers of 1 for evacuation
[2025-08-20T00:46:49.023+0000][1692266][debug][gc,age      ] GC(142) Desired survivor size 20971520 bytes, new threshold 15 (max threshold 15)
[2025-08-20T00:46:49.026+0000][1692266][info ][gc,phases   ] GC(142)   Pre Evacuate Collection Set: 0.1ms
[2025-08-20T00:46:49.026+0000][1692266][info ][gc,phases   ] GC(142)   Merge Heap Roots: 0.0ms
[2025-08-20T00:46:49.026+0000][1692266][info ][gc,phases   ] GC(142)   Evacuate Collection Set: 1.5ms
[2025-08-20T00:46:49.026+0000][1692266][info ][gc,phases   ] GC(142)   Post Evacuate Collection Set: 1.1ms
[2025-08-20T00:46:49.026+0000][1692266][info ][gc,phases   ] GC(142)   Other: 0.0ms
[2025-08-20T00:46:49.026+0000][1692266][trace][gc,age      ] GC(142) Age table with threshold 15 (max threshold 15)
[2025-08-20T00:46:49.026+0000][1692266][trace][gc,age      ] GC(142) - age   1:      16816 bytes,      16816 total
[2025-08-20T00:46:49.026+0000][1692266][trace][gc,age      ] GC(142) - age   2:        552 bytes,      17368 total
[2025-08-20T00:46:49.026+0000][1692266][trace][gc,age      ] GC(142) - age   4:         72 bytes,      17440 total
[2025-08-20T00:46:49.026+0000][1692266][trace][gc,age      ] GC(142) - age   6:         64 bytes,      17504 total
[2025-08-20T00:46:49.026+0000][1692266][trace][gc,age      ] GC(142) - age   7:        144 bytes,      17648 total
[2025-08-20T00:46:49.026+0000][1692266][trace][gc,age      ] GC(142) - age   8:        176 bytes,      17824 total
[2025-08-20T00:46:49.026+0000][1692266][info ][gc,heap     ] GC(142) Eden regions: 75->0(75)
[2025-08-20T00:46:49.026+0000][1692266][info ][gc,heap     ] GC(142) Survivor regions: 1->1(10)
[2025-08-20T00:46:49.026+0000][1692266][info ][gc,heap     ] GC(142) Old regions: 35->35
[2025-08-20T00:46:49.026+0000][1692266][info ][gc,heap     ] GC(142) Humongous regions: 0->0
[2025-08-20T00:46:49.026+0000][1692266][info ][gc,metaspace] GC(142) Metaspace: 143927K(147776K)->143927K(147776K) NonClass: 124411K(126464K)->124411K(126464K) Class: 19515K(21312K)->19515K(21312K)
[2025-08-20T00:46:49.026+0000][1692266][info ][gc          ] GC(142) Pause Young (Normal) (G1 Evacuation Pause) 436M->136M(512M) 2.978ms
[2025-08-20T00:46:49.026+0000][1692266][info ][gc,cpu      ] GC(142) User=0.00s Sys=0.00s Real=0.01s
[2025-08-20T00:46:49.026+0000][1692266][info ][safepoint   ] Safepoint "G1CollectForAllocation", Time since last: 445121380149 ns, Reaching safepoint: 8383 ns, Cleanup: 2424 ns, At safepoint: 3015082 ns, Total: 3025889 ns
[2025-08-20T00:47:05.027+0000][1692266][info ][safepoint   ] Safepoint "Cleanup", Time since last: 16000915384 ns, Reaching safepoint: 45078 ns, Cleanup: 11478 ns, At safepoint: 2113 ns, Total: 58669 ns
[2025-08-20T00:54:13.081+0000][1692266][info ][gc,start    ] GC(143) Pause Young (Normal) (G1 Evacuation Pause)
[2025-08-20T00:54:13.081+0000][1692266][info ][gc,task     ] GC(143) Using 1 workers of 1 for evacuation
[2025-08-20T00:54:13.081+0000][1692266][debug][gc,age      ] GC(143) Desired survivor size 20971520 bytes, new threshold 15 (max threshold 15)
[2025-08-20T00:54:13.085+0000][1692266][info ][gc,phases   ] GC(143)   Pre Evacuate Collection Set: 1.1ms
[2025-08-20T00:54:13.085+0000][1692266][info ][gc,phases   ] GC(143)   Merge Heap Roots: 0.0ms
[2025-08-20T00:54:13.085+0000][1692266][info ][gc,phases   ] GC(143)   Evacuate Collection Set: 1.6ms
[2025-08-20T00:54:13.085+0000][1692266][info ][gc,phases   ] GC(143)   Post Evacuate Collection Set: 0.8ms
[2025-08-20T00:54:13.085+0000][1692266][info ][gc,phases   ] GC(143)   Other: 0.0ms
[2025-08-20T00:54:13.085+0000][1692266][trace][gc,age      ] GC(143) Age table with threshold 15 (max threshold 15)
[2025-08-20T00:54:13.085+0000][1692266][trace][gc,age      ] GC(143) - age   1:      24400 bytes,      24400 total
[2025-08-20T00:54:13.085+0000][1692266][trace][gc,age      ] GC(143) - age   2:        112 bytes,      24512 total
[2025-08-20T00:54:13.085+0000][1692266][trace][gc,age      ] GC(143) - age   5:         72 bytes,      24584 total
[2025-08-20T00:54:13.085+0000][1692266][trace][gc,age      ] GC(143) - age   7:         64 bytes,      24648 total
[2025-08-20T00:54:13.085+0000][1692266][trace][gc,age      ] GC(143) - age   8:        144 bytes,      24792 total
[2025-08-20T00:54:13.085+0000][1692266][info ][gc,heap     ] GC(143) Eden regions: 75->0(75)
[2025-08-20T00:54:13.085+0000][1692266][info ][gc,heap     ] GC(143) Survivor regions: 1->1(10)
[2025-08-20T00:54:13.085+0000][1692266][info ][gc,heap     ] GC(143) Old regions: 35->35
[2025-08-20T00:54:13.085+0000][1692266][info ][gc,heap     ] GC(143) Humongous regions: 0->0
[2025-08-20T00:54:13.085+0000][1692266][info ][gc,metaspace] GC(143) Metaspace: 143927K(147776K)->143927K(147776K) NonClass: 124411K(126464K)->124411K(126464K) Class: 19515K(21312K)->19515K(21312K)
[2025-08-20T00:54:13.085+0000][1692266][info ][gc          ] GC(143) Pause Young (Normal) (G1 Evacuation Pause) 436M->136M(512M) 3.833ms
[2025-08-20T00:54:13.085+0000][1692266][info ][gc,cpu      ] GC(143) User=0.01s Sys=0.00s Real=0.00s
[2025-08-20T00:54:13.085+0000][1692266][info ][safepoint   ] Safepoint "G1CollectForAllocation", Time since last: 428053852052 ns, Reaching safepoint: 315677 ns, Cleanup: 2744 ns, At safepoint: 3880018 ns, Total: 4198439 ns
[2025-08-20T00:56:44.094+0000][1692266][info ][safepoint   ] Safepoint "Cleanup", Time since last: 151008830880 ns, Reaching safepoint: 46230 ns, Cleanup: 11687 ns, At safepoint: 2554 ns, Total: 60471 ns
[2025-08-20T00:57:05.095+0000][1692266][info ][safepoint   ] Safepoint "Cleanup", Time since last: 21001611435 ns, Reaching safepoint: 55965 ns, Cleanup: 10926 ns, At safepoint: 6911 ns, Total: 73802 ns
[2025-08-20T00:57:14.096+0000][1692266][info ][safepoint   ] Safepoint "Cleanup", Time since last: 9000588150 ns, Reaching safepoint: 75093 ns, Cleanup: 11437 ns, At safepoint: 4878 ns, Total: 91408 ns
[2025-08-20T01:01:14.112+0000][1692266][info ][safepoint   ] Safepoint "Cleanup", Time since last: 240016166789 ns, Reaching safepoint: 37637 ns, Cleanup: 10896 ns, At safepoint: 4848 ns, Total: 53381 ns
[2025-08-20T01:01:36.770+0000][1692266][info ][gc,start    ] GC(144) Pause Young (Normal) (G1 Evacuation Pause)
[2025-08-20T01:01:36.770+0000][1692266][info ][gc,task     ] GC(144) Using 1 workers of 1 for evacuation
[2025-08-20T01:01:36.770+0000][1692266][debug][gc,age      ] GC(144) Desired survivor size 20971520 bytes, new threshold 15 (max threshold 15)
[2025-08-20T01:01:36.776+0000][1692266][info ][gc,phases   ] GC(144)   Pre Evacuate Collection Set: 0.4ms
[2025-08-20T01:01:36.776+0000][1692266][info ][gc,phases   ] GC(144)   Merge Heap Roots: 0.0ms
[2025-08-20T01:01:36.776+0000][1692266][info ][gc,phases   ] GC(144)   Evacuate Collection Set: 4.8ms
[2025-08-20T01:01:36.776+0000][1692266][info ][gc,phases   ] GC(144)   Post Evacuate Collection Set: 0.9ms
[2025-08-20T01:01:36.776+0000][1692266][info ][gc,phases   ] GC(144)   Other: 0.0ms
[2025-08-20T01:01:36.776+0000][1692266][trace][gc,age      ] GC(144) Age table with threshold 15 (max threshold 15)
[2025-08-20T01:01:36.776+0000][1692266][trace][gc,age      ] GC(144) - age   1:      56728 bytes,      56728 total
[2025-08-20T01:01:36.776+0000][1692266][trace][gc,age      ] GC(144) - age   2:        920 bytes,      57648 total
[2025-08-20T01:01:36.776+0000][1692266][trace][gc,age      ] GC(144) - age   6:         72 bytes,      57720 total
[2025-08-20T01:01:36.776+0000][1692266][trace][gc,age      ] GC(144) - age   8:         64 bytes,      57784 total
[2025-08-20T01:01:36.776+0000][1692266][trace][gc,age      ] GC(144) - age   9:        144 bytes,      57928 total
[2025-08-20T01:01:36.776+0000][1692266][info ][gc,heap     ] GC(144) Eden regions: 75->0(75)
[2025-08-20T01:01:36.776+0000][1692266][info ][gc,heap     ] GC(144) Survivor regions: 1->1(10)
[2025-08-20T01:01:36.776+0000][1692266][info ][gc,heap     ] GC(144) Old regions: 35->35
[2025-08-20T01:01:36.776+0000][1692266][info ][gc,heap     ] GC(144) Humongous regions: 0->0
[2025-08-20T01:01:36.776+0000][1692266][info ][gc,metaspace] GC(144) Metaspace: 143933K(147776K)->143933K(147776K) NonClass: 124415K(126464K)->124415K(126464K) Class: 19517K(21312K)->19517K(21312K)
[2025-08-20T01:01:36.776+0000][1692266][info ][gc          ] GC(144) Pause Young (Normal) (G1 Evacuation Pause) 436M->136M(512M) 6.208ms
[2025-08-20T01:01:36.776+0000][1692266][info ][gc,cpu      ] GC(144) User=0.00s Sys=0.00s Real=0.01s
[2025-08-20T01:01:36.776+0000][1692266][info ][safepoint   ] Safepoint "G1CollectForAllocation", Time since last: 22657358902 ns, Reaching safepoint: 10085 ns, Cleanup: 3676 ns, At safepoint: 6247213 ns, Total: 6260974 ns
[2025-08-20T01:05:51.795+0000][1692266][info ][safepoint   ] Safepoint "Cleanup", Time since last: 255018979632 ns, Reaching safepoint: 39009 ns, Cleanup: 5338 ns, At safepoint: 4266 ns, Total: 48613 ns
[2025-08-20T01:06:13.797+0000][1692266][info ][safepoint   ] Safepoint "Cleanup", Time since last: 22001629877 ns, Reaching safepoint: 28193 ns, Cleanup: 11527 ns, At safepoint: 4667 ns, Total: 44387 ns
[2025-08-20T01:06:58.800+0000][1692266][info ][safepoint   ] Safepoint "Cleanup", Time since last: 45002657948 ns, Reaching safepoint: 301906 ns, Cleanup: 10776 ns, At safepoint: 7712 ns, Total: 320394 ns
[2025-08-20T01:08:59.846+0000][1692266][info ][gc,start    ] GC(145) Pause Young (Normal) (G1 Evacuation Pause)
[2025-08-20T01:08:59.846+0000][1692266][info ][gc,task     ] GC(145) Using 1 workers of 1 for evacuation
[2025-08-20T01:08:59.846+0000][1692266][debug][gc,age      ] GC(145) Desired survivor size 20971520 bytes, new threshold 15 (max threshold 15)
[2025-08-20T01:08:59.849+0000][1692266][info ][gc,phases   ] GC(145)   Pre Evacuate Collection Set: 0.1ms
[2025-08-20T01:08:59.849+0000][1692266][info ][gc,phases   ] GC(145)   Merge Heap Roots: 0.0ms
[2025-08-20T01:08:59.849+0000][1692266][info ][gc,phases   ] GC(145)   Evacuate Collection Set: 1.5ms
[2025-08-20T01:08:59.849+0000][1692266][info ][gc,phases   ] GC(145)   Post Evacuate Collection Set: 1.1ms
[2025-08-20T01:08:59.849+0000][1692266][info ][gc,phases   ] GC(145)   Other: 0.0ms
[2025-08-20T01:08:59.849+0000][1692266][trace][gc,age      ] GC(145) Age table with threshold 15 (max threshold 15)
[2025-08-20T01:08:59.849+0000][1692266][trace][gc,age      ] GC(145) - age   1:      16720 bytes,      16720 total
[2025-08-20T01:08:59.849+0000][1692266][trace][gc,age      ] GC(145) - age   2:       5848 bytes,      22568 total
[2025-08-20T01:08:59.849+0000][1692266][trace][gc,age      ] GC(145) - age   3:        240 bytes,      22808 total
[2025-08-20T01:08:59.849+0000][1692266][trace][gc,age      ] GC(145) - age   7:         72 bytes,      22880 total
[2025-08-20T01:08:59.849+0000][1692266][trace][gc,age      ] GC(145) - age   9:         64 bytes,      22944 total
[2025-08-20T01:08:59.849+0000][1692266][trace][gc,age      ] GC(145) - age  10:        144 bytes,      23088 total
[2025-08-20T01:08:59.849+0000][1692266][info ][gc,heap     ] GC(145) Eden regions: 75->0(75)
[2025-08-20T01:08:59.849+0000][1692266][info ][gc,heap     ] GC(145) Survivor regions: 1->1(10)
[2025-08-20T01:08:59.849+0000][1692266][info ][gc,heap     ] GC(145) Old regions: 35->35
[2025-08-20T01:08:59.849+0000][1692266][info ][gc,heap     ] GC(145) Humongous regions: 0->0
[2025-08-20T01:08:59.849+0000][1692266][info ][gc,metaspace] GC(145) Metaspace: 143933K(147776K)->143933K(147776K) NonClass: 124415K(126464K)->124415K(126464K) Class: 19517K(21312K)->19517K(21312K)
[2025-08-20T01:08:59.849+0000][1692266][info ][gc          ] GC(145) Pause Young (Normal) (G1 Evacuation Pause) 436M->136M(512M) 3.008ms
[2025-08-20T01:08:59.849+0000][1692266][info ][gc,cpu      ] GC(145) User=0.00s Sys=0.00s Real=0.00s
[2025-08-20T01:08:59.849+0000][1692266][info ][safepoint   ] Safepoint "G1CollectForAllocation", Time since last: 121046528853 ns, Reaching safepoint: 6279 ns, Cleanup: 2354 ns, At safepoint: 3044978 ns, Total: 3053611 ns
[2025-08-20T01:10:58.856+0000][1692266][info ][safepoint   ] Safepoint "Cleanup", Time since last: 119007164687 ns, Reaching safepoint: 20811 ns, Cleanup: 6841 ns, At safepoint: 1842 ns, Total: 29494 ns
[2025-08-20T01:11:43.859+0000][1692266][info ][safepoint   ] Safepoint "Cleanup", Time since last: 45003031693 ns, Reaching safepoint: 43345 ns, Cleanup: 10797 ns, At safepoint: 2173 ns, Total: 56315 ns
[2025-08-20T01:12:29.862+0000][1692266][info ][safepoint   ] Safepoint "Cleanup", Time since last: 46002724383 ns, Reaching safepoint: 42113 ns, Cleanup: 11438 ns, At safepoint: 4586 ns, Total: 58137 ns
[2025-08-20T01:13:43.867+0000][1692266][info ][safepoint   ] Safepoint "Cleanup", Time since last: 74004397621 ns, Reaching safepoint: 62765 ns, Cleanup: 10936 ns, At safepoint: 4297 ns, Total: 77998 ns
[2025-08-20T01:14:13.869+0000][1692266][info ][safepoint   ] Safepoint "Cleanup", Time since last: 30002090932 ns, Reaching safepoint: 39500 ns, Cleanup: 10736 ns, At safepoint: 4717 ns, Total: 54953 ns
[2025-08-20T01:16:24.370+0000][1692266][info ][gc,start    ] GC(146) Pause Young (Normal) (G1 Evacuation Pause)
[2025-08-20T01:16:24.370+0000][1692266][info ][gc,task     ] GC(146) Using 1 workers of 1 for evacuation
[2025-08-20T01:16:24.370+0000][1692266][debug][gc,age      ] GC(146) Desired survivor size 20971520 bytes, new threshold 15 (max threshold 15)
[2025-08-20T01:16:24.372+0000][1692266][info ][gc,phases   ] GC(146)   Pre Evacuate Collection Set: 0.1ms
[2025-08-20T01:16:24.372+0000][1692266][info ][gc,phases   ] GC(146)   Merge Heap Roots: 0.0ms
[2025-08-20T01:16:24.372+0000][1692266][info ][gc,phases   ] GC(146)   Evacuate Collection Set: 1.4ms
[2025-08-20T01:16:24.372+0000][1692266][info ][gc,phases   ] GC(146)   Post Evacuate Collection Set: 0.8ms
[2025-08-20T01:16:24.372+0000][1692266][info ][gc,phases   ] GC(146)   Other: 0.0ms
[2025-08-20T01:16:24.372+0000][1692266][trace][gc,age      ] GC(146) Age table with threshold 15 (max threshold 15)
[2025-08-20T01:16:24.372+0000][1692266][trace][gc,age      ] GC(146) - age   1:      15800 bytes,      15800 total
[2025-08-20T01:16:24.372+0000][1692266][trace][gc,age      ] GC(146) - age   2:        888 bytes,      16688 total
[2025-08-20T01:16:24.372+0000][1692266][trace][gc,age      ] GC(146) - age   3:       5424 bytes,      22112 total
[2025-08-20T01:16:24.372+0000][1692266][trace][gc,age      ] GC(146) - age   4:        240 bytes,      22352 total
[2025-08-20T01:16:24.372+0000][1692266][trace][gc,age      ] GC(146) - age   8:         72 bytes,      22424 total
[2025-08-20T01:16:24.372+0000][1692266][trace][gc,age      ] GC(146) - age  10:         64 bytes,      22488 total
[2025-08-20T01:16:24.372+0000][1692266][trace][gc,age      ] GC(146) - age  11:        144 bytes,      22632 total
[2025-08-20T01:16:24.372+0000][1692266][info ][gc,heap     ] GC(146) Eden regions: 75->0(75)
[2025-08-20T01:16:24.372+0000][1692266][info ][gc,heap     ] GC(146) Survivor regions: 1->1(10)
[2025-08-20T01:16:24.372+0000][1692266][info ][gc,heap     ] GC(146) Old regions: 35->35
[2025-08-20T01:16:24.372+0000][1692266][info ][gc,heap     ] GC(146) Humongous regions: 0->0
[2025-08-20T01:16:24.372+0000][1692266][info ][gc,metaspace] GC(146) Metaspace: 143933K(147776K)->143933K(147776K) NonClass: 124415K(126464K)->124415K(126464K) Class: 19517K(21312K)->19517K(21312K)
[2025-08-20T01:16:24.372+0000][1692266][info ][gc          ] GC(146) Pause Young (Normal) (G1 Evacuation Pause) 436M->136M(512M) 2.848ms
[2025-08-20T01:16:24.373+0000][1692266][info ][gc,cpu      ] GC(146) User=0.00s Sys=0.00s Real=0.00s
[2025-08-20T01:16:24.373+0000][1692266][info ][safepoint   ] Safepoint "G1CollectForAllocation", Time since last: 130500726546 ns, Reaching safepoint: 10346 ns, Cleanup: 2914 ns, At safepoint: 2884916 ns, Total: 2898176 ns
[2025-08-20T01:22:59.435+0000][1692266][info ][safepoint   ] Safepoint "Cleanup", Time since last: 395062468019 ns, Reaching safepoint: 6050 ns, Cleanup: 8933 ns, At safepoint: 64678 ns, Total: 79661 ns
[2025-08-20T01:23:44.442+0000][1692266][info ][safepoint   ] Safepoint "Cleanup", Time since last: 45007363169 ns, Reaching safepoint: 44537 ns, Cleanup: 8553 ns, At safepoint: 4457 ns, Total: 57547 ns
[2025-08-20T01:23:46.783+0000][1692266][info ][gc,start    ] GC(147) Pause Young (Normal) (G1 Evacuation Pause)
[2025-08-20T01:23:46.783+0000][1692266][info ][gc,task     ] GC(147) Using 1 workers of 1 for evacuation
[2025-08-20T01:23:46.783+0000][1692266][debug][gc,age      ] GC(147) Desired survivor size 20971520 bytes, new threshold 15 (max threshold 15)
[2025-08-20T01:23:46.786+0000][1692266][info ][gc,phases   ] GC(147)   Pre Evacuate Collection Set: 0.1ms
[2025-08-20T01:23:46.786+0000][1692266][info ][gc,phases   ] GC(147)   Merge Heap Roots: 0.0ms
[2025-08-20T01:23:46.786+0000][1692266][info ][gc,phases   ] GC(147)   Evacuate Collection Set: 1.4ms
[2025-08-20T01:23:46.786+0000][1692266][info ][gc,phases   ] GC(147)   Post Evacuate Collection Set: 0.9ms
[2025-08-20T01:23:46.786+0000][1692266][info ][gc,phases   ] GC(147)   Other: 0.0ms
[2025-08-20T01:23:46.786+0000][1692266][trace][gc,age      ] GC(147) Age table with threshold 15 (max threshold 15)
[2025-08-20T01:23:46.786+0000][1692266][trace][gc,age      ] GC(147) - age   1:      33352 bytes,      33352 total
[2025-08-20T01:23:46.786+0000][1692266][trace][gc,age      ] GC(147) - age   2:        560 bytes,      33912 total
[2025-08-20T01:23:46.786+0000][1692266][trace][gc,age      ] GC(147) - age   3:        336 bytes,      34248 total
[2025-08-20T01:23:46.786+0000][1692266][trace][gc,age      ] GC(147) - age   4:       5424 bytes,      39672 total
[2025-08-20T01:23:46.786+0000][1692266][trace][gc,age      ] GC(147) - age   5:        240 bytes,      39912 total
[2025-08-20T01:23:46.786+0000][1692266][trace][gc,age      ] GC(147) - age   9:         72 bytes,      39984 total
[2025-08-20T01:23:46.786+0000][1692266][trace][gc,age      ] GC(147) - age  11:         64 bytes,      40048 total
[2025-08-20T01:23:46.786+0000][1692266][trace][gc,age      ] GC(147) - age  12:        144 bytes,      40192 total
[2025-08-20T01:23:46.786+0000][1692266][info ][gc,heap     ] GC(147) Eden regions: 75->0(75)
[2025-08-20T01:23:46.786+0000][1692266][info ][gc,heap     ] GC(147) Survivor regions: 1->1(10)
[2025-08-20T01:23:46.786+0000][1692266][info ][gc,heap     ] GC(147) Old regions: 35->35
[2025-08-20T01:23:46.786+0000][1692266][info ][gc,heap     ] GC(147) Humongous regions: 0->0
[2025-08-20T01:23:46.786+0000][1692266][info ][gc,metaspace] GC(147) Metaspace: 143933K(147776K)->143933K(147776K) NonClass: 124415K(126464K)->124415K(126464K) Class: 19517K(21312K)->19517K(21312K)
[2025-08-20T01:23:46.786+0000][1692266][info ][gc          ] GC(147) Pause Young (Normal) (G1 Evacuation Pause) 436M->136M(512M) 2.554ms
[2025-08-20T01:23:46.786+0000][1692266][info ][gc,cpu      ] GC(147) User=0.00s Sys=0.00s Real=0.01s
[2025-08-20T01:23:46.786+0000][1692266][info ][safepoint   ] Safepoint "G1CollectForAllocation", Time since last: 2340600442 ns, Reaching safepoint: 6269 ns, Cleanup: 3205 ns, At safepoint: 2593196 ns, Total: 2602670 ns
[2025-08-20T01:28:24.802+0000][1692266][info ][safepoint   ] Safepoint "Cleanup", Time since last: 278016459121 ns, Reaching safepoint: 48223 ns, Cleanup: 11047 ns, At safepoint: 4617 ns, Total: 63887 ns
[2025-08-20T01:28:44.804+0000][1692266][info ][safepoint   ] Safepoint "Cleanup", Time since last: 20001671230 ns, Reaching safepoint: 30917 ns, Cleanup: 11287 ns, At safepoint: 2243 ns, Total: 44447 ns
[2025-08-20T01:31:10.669+0000][1692266][info ][gc,start    ] GC(148) Pause Young (Normal) (G1 Evacuation Pause)
[2025-08-20T01:31:10.669+0000][1692266][info ][gc,task     ] GC(148) Using 1 workers of 1 for evacuation
[2025-08-20T01:31:10.669+0000][1692266][debug][gc,age      ] GC(148) Desired survivor size 20971520 bytes, new threshold 15 (max threshold 15)
[2025-08-20T01:31:10.672+0000][1692266][info ][gc,phases   ] GC(148)   Pre Evacuate Collection Set: 0.1ms
[2025-08-20T01:31:10.672+0000][1692266][info ][gc,phases   ] GC(148)   Merge Heap Roots: 0.0ms
[2025-08-20T01:31:10.672+0000][1692266][info ][gc,phases   ] GC(148)   Evacuate Collection Set: 1.7ms
[2025-08-20T01:31:10.672+0000][1692266][info ][gc,phases   ] GC(148)   Post Evacuate Collection Set: 1.0ms
[2025-08-20T01:31:10.672+0000][1692266][info ][gc,phases   ] GC(148)   Other: 0.0ms
[2025-08-20T01:31:10.672+0000][1692266][trace][gc,age      ] GC(148) Age table with threshold 15 (max threshold 15)
[2025-08-20T01:31:10.672+0000][1692266][trace][gc,age      ] GC(148) - age   1:      50904 bytes,      50904 total
[2025-08-20T01:31:10.672+0000][1692266][trace][gc,age      ] GC(148) - age   2:        680 bytes,      51584 total
[2025-08-20T01:31:10.672+0000][1692266][trace][gc,age      ] GC(148) - age   3:        448 bytes,      52032 total
[2025-08-20T01:31:10.672+0000][1692266][trace][gc,age      ] GC(148) - age   4:        336 bytes,      52368 total
[2025-08-20T01:31:10.672+0000][1692266][trace][gc,age      ] GC(148) - age   5:       5048 bytes,      57416 total
[2025-08-20T01:31:10.672+0000][1692266][trace][gc,age      ] GC(148) - age   6:        240 bytes,      57656 total
[2025-08-20T01:31:10.672+0000][1692266][trace][gc,age      ] GC(148) - age  10:         72 bytes,      57728 total
[2025-08-20T01:31:10.672+0000][1692266][trace][gc,age      ] GC(148) - age  12:         64 bytes,      57792 total
[2025-08-20T01:31:10.672+0000][1692266][trace][gc,age      ] GC(148) - age  13:        144 bytes,      57936 total
[2025-08-20T01:31:10.672+0000][1692266][info ][gc,heap     ] GC(148) Eden regions: 75->0(75)
[2025-08-20T01:31:10.672+0000][1692266][info ][gc,heap     ] GC(148) Survivor regions: 1->1(10)
[2025-08-20T01:31:10.672+0000][1692266][info ][gc,heap     ] GC(148) Old regions: 35->35
[2025-08-20T01:31:10.672+0000][1692266][info ][gc,heap     ] GC(148) Humongous regions: 0->0
[2025-08-20T01:31:10.672+0000][1692266][info ][gc,metaspace] GC(148) Metaspace: 143967K(147776K)->143967K(147776K) NonClass: 124447K(126464K)->124447K(126464K) Class: 19520K(21312K)->19520K(21312K)
[2025-08-20T01:31:10.672+0000][1692266][info ][gc          ] GC(148) Pause Young (Normal) (G1 Evacuation Pause) 436M->136M(512M) 3.036ms
[2025-08-20T01:31:10.672+0000][1692266][info ][gc,cpu      ] GC(148) User=0.01s Sys=0.00s Real=0.00s
[2025-08-20T01:31:10.672+0000][1692266][info ][safepoint   ] Safepoint "G1CollectForAllocation", Time since last: 145865282108 ns, Reaching safepoint: 8163 ns, Cleanup: 2273 ns, At safepoint: 3073571 ns, Total: 3084007 ns
[2025-08-20T01:38:00.696+0000][1692266][info ][safepoint   ] Safepoint "Cleanup", Time since last: 410024075668 ns, Reaching safepoint: 5929 ns, Cleanup: 45409 ns, At safepoint: 1723 ns, Total: 53061 ns
[2025-08-20T01:38:01.697+0000][1692266][info ][safepoint   ] Safepoint "Cleanup", Time since last: 1000467672 ns, Reaching safepoint: 8142 ns, Cleanup: 13070 ns, At safepoint: 2173 ns, Total: 23385 ns
[2025-08-20T01:38:04.697+0000][1692266][info ][safepoint   ] Safepoint "Cleanup", Time since last: 3000202173 ns, Reaching safepoint: 47982 ns, Cleanup: 12930 ns, At safepoint: 4687 ns, Total: 65599 ns
[2025-08-20T01:38:14.698+0000][1692266][info ][safepoint   ] Safepoint "Cleanup", Time since last: 10000583470 ns, Reaching safepoint: 46981 ns, Cleanup: 11007 ns, At safepoint: 2263 ns, Total: 60251 ns
[2025-08-20T01:38:27.591+0000][1692266][info ][gc,start    ] GC(149) Pause Young (Normal) (G1 Evacuation Pause)
[2025-08-20T01:38:27.591+0000][1692266][info ][gc,task     ] GC(149) Using 1 workers of 1 for evacuation
[2025-08-20T01:38:27.591+0000][1692266][debug][gc,age      ] GC(149) Desired survivor size 20971520 bytes, new threshold 15 (max threshold 15)
[2025-08-20T01:38:27.595+0000][1692266][info ][gc,phases   ] GC(149)   Pre Evacuate Collection Set: 0.1ms
[2025-08-20T01:38:27.595+0000][1692266][info ][gc,phases   ] GC(149)   Merge Heap Roots: 0.0ms
[2025-08-20T01:38:27.595+0000][1692266][info ][gc,phases   ] GC(149)   Evacuate Collection Set: 3.2ms
[2025-08-20T01:38:27.595+0000][1692266][info ][gc,phases   ] GC(149)   Post Evacuate Collection Set: 0.8ms
[2025-08-20T01:38:27.595+0000][1692266][info ][gc,phases   ] GC(149)   Other: 0.0ms
[2025-08-20T01:38:27.595+0000][1692266][trace][gc,age      ] GC(149) Age table with threshold 15 (max threshold 15)
[2025-08-20T01:38:27.596+0000][1692266][trace][gc,age      ] GC(149) - age   1:     249824 bytes,     249824 total
[2025-08-20T01:38:27.596+0000][1692266][trace][gc,age      ] GC(149) - age   2:      33944 bytes,     283768 total
[2025-08-20T01:38:27.596+0000][1692266][trace][gc,age      ] GC(149) - age   4:        448 bytes,     284216 total
[2025-08-20T01:38:27.596+0000][1692266][trace][gc,age      ] GC(149) - age   5:        336 bytes,     284552 total
[2025-08-20T01:38:27.596+0000][1692266][trace][gc,age      ] GC(149) - age   6:       5016 bytes,     289568 total
[2025-08-20T01:38:27.596+0000][1692266][trace][gc,age      ] GC(149) - age   7:        240 bytes,     289808 total
[2025-08-20T01:38:27.596+0000][1692266][trace][gc,age      ] GC(149) - age  11:         72 bytes,     289880 total
[2025-08-20T01:38:27.596+0000][1692266][trace][gc,age      ] GC(149) - age  13:         64 bytes,     289944 total
[2025-08-20T01:38:27.596+0000][1692266][trace][gc,age      ] GC(149) - age  14:        144 bytes,     290088 total
[2025-08-20T01:38:27.596+0000][1692266][info ][gc,heap     ] GC(149) Eden regions: 75->0(75)
[2025-08-20T01:38:27.596+0000][1692266][info ][gc,heap     ] GC(149) Survivor regions: 1->1(10)
[2025-08-20T01:38:27.596+0000][1692266][info ][gc,heap     ] GC(149) Old regions: 35->35
[2025-08-20T01:38:27.596+0000][1692266][info ][gc,heap     ] GC(149) Humongous regions: 0->0
[2025-08-20T01:38:27.596+0000][1692266][info ][gc,metaspace] GC(149) Metaspace: 144542K(148352K)->144542K(148352K) NonClass: 124923K(126912K)->124923K(126912K) Class: 19619K(21440K)->19619K(21440K)
[2025-08-20T01:38:27.596+0000][1692266][info ][gc          ] GC(149) Pause Young (Normal) (G1 Evacuation Pause) 436M->137M(512M) 4.251ms
[2025-08-20T01:38:27.596+0000][1692266][info ][gc,cpu      ] GC(149) User=0.00s Sys=0.01s Real=0.01s
[2025-08-20T01:38:27.596+0000][1692266][info ][safepoint   ] Safepoint "G1CollectForAllocation", Time since last: 12893455859 ns, Reaching safepoint: 8213 ns, Cleanup: 3204 ns, At safepoint: 4290359 ns, Total: 4301776 ns
[2025-08-20T01:40:24.613+0000][1692266][info ][safepoint   ] Safepoint "Cleanup", Time since last: 117017516129 ns, Reaching safepoint: 39880 ns, Cleanup: 5919 ns, At safepoint: 2074 ns, Total: 47873 ns
[2025-08-20T01:41:03.620+0000][1692266][info ][safepoint   ] Safepoint "Cleanup", Time since last: 39006497457 ns, Reaching safepoint: 30937 ns, Cleanup: 8142 ns, At safepoint: 4347 ns, Total: 43426 ns
[2025-08-20T01:41:15.622+0000][1692266][info ][safepoint   ] Safepoint "Cleanup", Time since last: 12001912648 ns, Reaching safepoint: 40070 ns, Cleanup: 11838 ns, At safepoint: 4136 ns, Total: 56044 ns
[2025-08-20T01:41:23.623+0000][1692266][info ][safepoint   ] Safepoint "Cleanup", Time since last: 8001222573 ns, Reaching safepoint: 72319 ns, Cleanup: 8523 ns, At safepoint: 4827 ns, Total: 85669 ns
[2025-08-20T01:42:45.634+0000][1692266][info ][safepoint   ] Safepoint "Cleanup", Time since last: 82011276544 ns, Reaching safepoint: 17507 ns, Cleanup: 11327 ns, At safepoint: 4106 ns, Total: 32940 ns
[2025-08-20T01:43:15.636+0000][1692266][info ][safepoint   ] Safepoint "Cleanup", Time since last: 30002090921 ns, Reaching safepoint: 68884 ns, Cleanup: 11077 ns, At safepoint: 1943 ns, Total: 81904 ns
[2025-08-20T01:45:52.783+0000][1692266][info ][gc,start    ] GC(150) Pause Young (Normal) (G1 Evacuation Pause)
[2025-08-20T01:45:52.784+0000][1692266][info ][gc,task     ] GC(150) Using 1 workers of 1 for evacuation
[2025-08-20T01:45:52.784+0000][1692266][debug][gc,age      ] GC(150) Desired survivor size 20971520 bytes, new threshold 15 (max threshold 15)
[2025-08-20T01:45:52.787+0000][1692266][info ][gc,phases   ] GC(150)   Pre Evacuate Collection Set: 0.1ms
[2025-08-20T01:45:52.787+0000][1692266][info ][gc,phases   ] GC(150)   Merge Heap Roots: 0.0ms
[2025-08-20T01:45:52.787+0000][1692266][info ][gc,phases   ] GC(150)   Evacuate Collection Set: 2.1ms
[2025-08-20T01:45:52.787+0000][1692266][info ][gc,phases   ] GC(150)   Post Evacuate Collection Set: 0.9ms
[2025-08-20T01:45:52.787+0000][1692266][info ][gc,phases   ] GC(150)   Other: 0.0ms
[2025-08-20T01:45:52.787+0000][1692266][trace][gc,age      ] GC(150) Age table with threshold 15 (max threshold 15)
[2025-08-20T01:45:52.787+0000][1692266][trace][gc,age      ] GC(150) - age   1:      50808 bytes,      50808 total
[2025-08-20T01:45:52.787+0000][1692266][trace][gc,age      ] GC(150) - age   2:     225896 bytes,     276704 total
[2025-08-20T01:45:52.787+0000][1692266][trace][gc,age      ] GC(150) - age   3:      33488 bytes,     310192 total
[2025-08-20T01:45:52.787+0000][1692266][trace][gc,age      ] GC(150) - age   5:        448 bytes,     310640 total
[2025-08-20T01:45:52.787+0000][1692266][trace][gc,age      ] GC(150) - age   6:        336 bytes,     310976 total
[2025-08-20T01:45:52.787+0000][1692266][trace][gc,age      ] GC(150) - age   7:       5016 bytes,     315992 total
[2025-08-20T01:45:52.787+0000][1692266][trace][gc,age      ] GC(150) - age   8:        240 bytes,     316232 total
[2025-08-20T01:45:52.787+0000][1692266][trace][gc,age      ] GC(150) - age  12:         72 bytes,     316304 total
[2025-08-20T01:45:52.787+0000][1692266][trace][gc,age      ] GC(150) - age  14:         64 bytes,     316368 total
[2025-08-20T01:45:52.787+0000][1692266][trace][gc,age      ] GC(150) - age  15:        144 bytes,     316512 total
[2025-08-20T01:45:52.787+0000][1692266][info ][gc,heap     ] GC(150) Eden regions: 75->0(75)
[2025-08-20T01:45:52.787+0000][1692266][info ][gc,heap     ] GC(150) Survivor regions: 1->1(10)
[2025-08-20T01:45:52.787+0000][1692266][info ][gc,heap     ] GC(150) Old regions: 35->35
[2025-08-20T01:45:52.787+0000][1692266][info ][gc,heap     ] GC(150) Humongous regions: 0->0
[2025-08-20T01:45:52.787+0000][1692266][info ][gc,metaspace] GC(150) Metaspace: 144542K(148352K)->144542K(148352K) NonClass: 124923K(126912K)->124923K(126912K) Class: 19619K(21440K)->19619K(21440K)
[2025-08-20T01:45:52.787+0000][1692266][info ][gc          ] GC(150) Pause Young (Normal) (G1 Evacuation Pause) 437M->137M(512M) 3.493ms
[2025-08-20T01:45:52.787+0000][1692266][info ][gc,cpu      ] GC(150) User=0.00s Sys=0.00s Real=0.01s
[2025-08-20T01:45:52.787+0000][1692266][info ][safepoint   ] Safepoint "G1CollectForAllocation", Time since last: 157146462526 ns, Reaching safepoint: 206702 ns, Cleanup: 3255 ns, At safepoint: 3532594 ns, Total: 3742551 ns
[2025-08-20T01:53:16.486+0000][1692266][info ][gc,start    ] GC(151) Pause Young (Normal) (G1 Evacuation Pause)
[2025-08-20T01:53:16.486+0000][1692266][info ][gc,task     ] GC(151) Using 1 workers of 1 for evacuation
[2025-08-20T01:53:16.486+0000][1692266][debug][gc,age      ] GC(151) Desired survivor size 20971520 bytes, new threshold 15 (max threshold 15)
[2025-08-20T01:53:16.490+0000][1692266][info ][gc,phases   ] GC(151)   Pre Evacuate Collection Set: 0.1ms
[2025-08-20T01:53:16.490+0000][1692266][info ][gc,phases   ] GC(151)   Merge Heap Roots: 0.1ms
[2025-08-20T01:53:16.490+0000][1692266][info ][gc,phases   ] GC(151)   Evacuate Collection Set: 2.3ms
[2025-08-20T01:53:16.490+0000][1692266][info ][gc,phases   ] GC(151)   Post Evacuate Collection Set: 0.9ms
[2025-08-20T01:53:16.490+0000][1692266][info ][gc,phases   ] GC(151)   Other: 0.0ms
[2025-08-20T01:53:16.490+0000][1692266][trace][gc,age      ] GC(151) Age table with threshold 15 (max threshold 15)
[2025-08-20T01:53:16.490+0000][1692266][trace][gc,age      ] GC(151) - age   1:      17040 bytes,      17040 total
[2025-08-20T01:53:16.490+0000][1692266][trace][gc,age      ] GC(151) - age   2:         32 bytes,      17072 total
[2025-08-20T01:53:16.490+0000][1692266][trace][gc,age      ] GC(151) - age   3:     225264 bytes,     242336 total
[2025-08-20T01:53:16.490+0000][1692266][trace][gc,age      ] GC(151) - age   4:      33488 bytes,     275824 total
[2025-08-20T01:53:16.490+0000][1692266][trace][gc,age      ] GC(151) - age   6:        448 bytes,     276272 total
[2025-08-20T01:53:16.490+0000][1692266][trace][gc,age      ] GC(151) - age   7:        336 bytes,     276608 total
[2025-08-20T01:53:16.490+0000][1692266][trace][gc,age      ] GC(151) - age   8:       5016 bytes,     281624 total
[2025-08-20T01:53:16.490+0000][1692266][trace][gc,age      ] GC(151) - age   9:         64 bytes,     281688 total
[2025-08-20T01:53:16.490+0000][1692266][trace][gc,age      ] GC(151) - age  13:         72 bytes,     281760 total
[2025-08-20T01:53:16.490+0000][1692266][trace][gc,age      ] GC(151) - age  15:         64 bytes,     281824 total
[2025-08-20T01:53:16.490+0000][1692266][info ][gc,heap     ] GC(151) Eden regions: 75->0(75)
[2025-08-20T01:53:16.490+0000][1692266][info ][gc,heap     ] GC(151) Survivor regions: 1->1(10)
[2025-08-20T01:53:16.490+0000][1692266][info ][gc,heap     ] GC(151) Old regions: 35->35
[2025-08-20T01:53:16.490+0000][1692266][info ][gc,heap     ] GC(151) Humongous regions: 0->0
[2025-08-20T01:53:16.490+0000][1692266][info ][gc,metaspace] GC(151) Metaspace: 144542K(148352K)->144542K(148352K) NonClass: 124923K(126912K)->124923K(126912K) Class: 19619K(21440K)->19619K(21440K)
[2025-08-20T01:53:16.490+0000][1692266][info ][gc          ] GC(151) Pause Young (Normal) (G1 Evacuation Pause) 437M->137M(512M) 3.520ms
[2025-08-20T01:53:16.490+0000][1692266][info ][gc,cpu      ] GC(151) User=0.00s Sys=0.00s Real=0.00s
[2025-08-20T01:53:16.490+0000][1692266][info ][safepoint   ] Safepoint "G1CollectForAllocation", Time since last: 443699453082 ns, Reaching safepoint: 8392 ns, Cleanup: 2414 ns, At safepoint: 3564492 ns, Total: 3575298 ns
[2025-08-20T02:00:41.764+0000][1692266][info ][gc,start    ] GC(152) Pause Young (Normal) (G1 Evacuation Pause)
[2025-08-20T02:00:41.765+0000][1692266][info ][gc,task     ] GC(152) Using 1 workers of 1 for evacuation
[2025-08-20T02:00:41.765+0000][1692266][debug][gc,age      ] GC(152) Desired survivor size 20971520 bytes, new threshold 15 (max threshold 15)
[2025-08-20T02:00:41.768+0000][1692266][info ][gc,phases   ] GC(152)   Pre Evacuate Collection Set: 0.1ms
[2025-08-20T02:00:41.768+0000][1692266][info ][gc,phases   ] GC(152)   Merge Heap Roots: 0.0ms
[2025-08-20T02:00:41.768+0000][1692266][info ][gc,phases   ] GC(152)   Evacuate Collection Set: 2.2ms
[2025-08-20T02:00:41.768+0000][1692266][info ][gc,phases   ] GC(152)   Post Evacuate Collection Set: 1.1ms
[2025-08-20T02:00:41.768+0000][1692266][info ][gc,phases   ] GC(152)   Other: 0.0ms
[2025-08-20T02:00:41.768+0000][1692266][trace][gc,age      ] GC(152) Age table with threshold 15 (max threshold 15)
[2025-08-20T02:00:41.768+0000][1692266][trace][gc,age      ] GC(152) - age   1:      15736 bytes,      15736 total
[2025-08-20T02:00:41.768+0000][1692266][trace][gc,age      ] GC(152) - age   2:       1280 bytes,      17016 total
[2025-08-20T02:00:41.768+0000][1692266][trace][gc,age      ] GC(152) - age   4:     225264 bytes,     242280 total
[2025-08-20T02:00:41.768+0000][1692266][trace][gc,age      ] GC(152) - age   5:      33488 bytes,     275768 total
[2025-08-20T02:00:41.768+0000][1692266][trace][gc,age      ] GC(152) - age   7:        448 bytes,     276216 total
[2025-08-20T02:00:41.768+0000][1692266][trace][gc,age      ] GC(152) - age   8:        336 bytes,     276552 total
[2025-08-20T02:00:41.768+0000][1692266][trace][gc,age      ] GC(152) - age   9:       5016 bytes,     281568 total
[2025-08-20T02:00:41.768+0000][1692266][trace][gc,age      ] GC(152) - age  10:         64 bytes,     281632 total
[2025-08-20T02:00:41.768+0000][1692266][trace][gc,age      ] GC(152) - age  14:         72 bytes,     281704 total
[2025-08-20T02:00:41.768+0000][1692266][info ][gc,heap     ] GC(152) Eden regions: 75->0(75)
[2025-08-20T02:00:41.768+0000][1692266][info ][gc,heap     ] GC(152) Survivor regions: 1->1(10)
[2025-08-20T02:00:41.768+0000][1692266][info ][gc,heap     ] GC(152) Old regions: 35->35
[2025-08-20T02:00:41.768+0000][1692266][info ][gc,heap     ] GC(152) Humongous regions: 0->0
[2025-08-20T02:00:41.768+0000][1692266][info ][gc,metaspace] GC(152) Metaspace: 144542K(148352K)->144542K(148352K) NonClass: 124923K(126912K)->124923K(126912K) Class: 19619K(21440K)->19619K(21440K)
[2025-08-20T02:00:41.768+0000][1692266][info ][gc          ] GC(152) Pause Young (Normal) (G1 Evacuation Pause) 437M->137M(512M) 3.779ms
[2025-08-20T02:00:41.768+0000][1692266][info ][gc,cpu      ] GC(152) User=0.00s Sys=0.00s Real=0.01s
[2025-08-20T02:00:41.768+0000][1692266][info ][safepoint   ] Safepoint "G1CollectForAllocation", Time since last: 445274610086 ns, Reaching safepoint: 9745 ns, Cleanup: 2664 ns, At safepoint: 3818806 ns, Total: 3831215 ns
[2025-08-20T02:04:45.783+0000][1692266][info ][safepoint   ] Safepoint "Cleanup", Time since last: 244014544383 ns, Reaching safepoint: 42103 ns, Cleanup: 10085 ns, At safepoint: 4016 ns, Total: 56204 ns
[2025-08-20T02:08:03.896+0000][1692266][info ][gc,start    ] GC(153) Pause Young (Normal) (G1 Evacuation Pause)
[2025-08-20T02:08:03.896+0000][1692266][info ][gc,task     ] GC(153) Using 1 workers of 1 for evacuation
[2025-08-20T02:08:03.896+0000][1692266][debug][gc,age      ] GC(153) Desired survivor size 20971520 bytes, new threshold 15 (max threshold 15)
[2025-08-20T02:08:03.899+0000][1692266][info ][gc,phases   ] GC(153)   Pre Evacuate Collection Set: 0.1ms
[2025-08-20T02:08:03.899+0000][1692266][info ][gc,phases   ] GC(153)   Merge Heap Roots: 0.0ms
[2025-08-20T02:08:03.899+0000][1692266][info ][gc,phases   ] GC(153)   Evacuate Collection Set: 2.1ms
[2025-08-20T02:08:03.899+0000][1692266][info ][gc,phases   ] GC(153)   Post Evacuate Collection Set: 0.8ms
[2025-08-20T02:08:03.899+0000][1692266][info ][gc,phases   ] GC(153)   Other: 0.0ms
[2025-08-20T02:08:03.899+0000][1692266][trace][gc,age      ] GC(153) Age table with threshold 15 (max threshold 15)
[2025-08-20T02:08:03.899+0000][1692266][trace][gc,age      ] GC(153) - age   1:      15584 bytes,      15584 total
[2025-08-20T02:08:03.899+0000][1692266][trace][gc,age      ] GC(153) - age   3:        176 bytes,      15760 total
[2025-08-20T02:08:03.899+0000][1692266][trace][gc,age      ] GC(153) - age   5:     225264 bytes,     241024 total
[2025-08-20T02:08:03.899+0000][1692266][trace][gc,age      ] GC(153) - age   6:      33488 bytes,     274512 total
[2025-08-20T02:08:03.899+0000][1692266][trace][gc,age      ] GC(153) - age   8:        448 bytes,     274960 total
[2025-08-20T02:08:03.899+0000][1692266][trace][gc,age      ] GC(153) - age   9:        336 bytes,     275296 total
[2025-08-20T02:08:03.899+0000][1692266][trace][gc,age      ] GC(153) - age  10:       5016 bytes,     280312 total
[2025-08-20T02:08:03.899+0000][1692266][trace][gc,age      ] GC(153) - age  11:         64 bytes,     280376 total
[2025-08-20T02:08:03.899+0000][1692266][trace][gc,age      ] GC(153) - age  15:         72 bytes,     280448 total
[2025-08-20T02:08:03.899+0000][1692266][info ][gc,heap     ] GC(153) Eden regions: 75->0(75)
[2025-08-20T02:08:03.899+0000][1692266][info ][gc,heap     ] GC(153) Survivor regions: 1->1(10)
[2025-08-20T02:08:03.899+0000][1692266][info ][gc,heap     ] GC(153) Old regions: 35->35
[2025-08-20T02:08:03.899+0000][1692266][info ][gc,heap     ] GC(153) Humongous regions: 0->0
[2025-08-20T02:08:03.899+0000][1692266][info ][gc,metaspace] GC(153) Metaspace: 144542K(148352K)->144542K(148352K) NonClass: 124923K(126912K)->124923K(126912K) Class: 19619K(21440K)->19619K(21440K)
[2025-08-20T02:08:03.899+0000][1692266][info ][gc          ] GC(153) Pause Young (Normal) (G1 Evacuation Pause) 437M->136M(512M) 3.506ms
[2025-08-20T02:08:03.899+0000][1692266][info ][gc,cpu      ] GC(153) User=0.00s Sys=0.00s Real=0.00s
[2025-08-20T02:08:03.899+0000][1692266][info ][safepoint   ] Safepoint "G1CollectForAllocation", Time since last: 198112924082 ns, Reaching safepoint: 8363 ns, Cleanup: 2924 ns, At safepoint: 3544142 ns, Total: 3555429 ns
[2025-08-20T02:15:28.880+0000][1692266][info ][gc,start    ] GC(154) Pause Young (Normal) (G1 Evacuation Pause)
[2025-08-20T02:15:28.880+0000][1692266][info ][gc,task     ] GC(154) Using 1 workers of 1 for evacuation
[2025-08-20T02:15:28.880+0000][1692266][debug][gc,age      ] GC(154) Desired survivor size 20971520 bytes, new threshold 15 (max threshold 15)
[2025-08-20T02:15:28.884+0000][1692266][info ][gc,phases   ] GC(154)   Pre Evacuate Collection Set: 0.1ms
[2025-08-20T02:15:28.884+0000][1692266][info ][gc,phases   ] GC(154)   Merge Heap Roots: 0.0ms
[2025-08-20T02:15:28.884+0000][1692266][info ][gc,phases   ] GC(154)   Evacuate Collection Set: 2.3ms
[2025-08-20T02:15:28.884+0000][1692266][info ][gc,phases   ] GC(154)   Post Evacuate Collection Set: 0.8ms
[2025-08-20T02:15:28.884+0000][1692266][info ][gc,phases   ] GC(154)   Other: 0.1ms
[2025-08-20T02:15:28.884+0000][1692266][trace][gc,age      ] GC(154) Age table with threshold 15 (max threshold 15)
[2025-08-20T02:15:28.884+0000][1692266][trace][gc,age      ] GC(154) - age   1:      16072 bytes,      16072 total
[2025-08-20T02:15:28.884+0000][1692266][trace][gc,age      ] GC(154) - age   2:        736 bytes,      16808 total
[2025-08-20T02:15:28.884+0000][1692266][trace][gc,age      ] GC(154) - age   4:        176 bytes,      16984 total
[2025-08-20T02:15:28.884+0000][1692266][trace][gc,age      ] GC(154) - age   6:     225264 bytes,     242248 total
[2025-08-20T02:15:28.884+0000][1692266][trace][gc,age      ] GC(154) - age   7:      33488 bytes,     275736 total
[2025-08-20T02:15:28.884+0000][1692266][trace][gc,age      ] GC(154) - age   9:        448 bytes,     276184 total
[2025-08-20T02:15:28.884+0000][1692266][trace][gc,age      ] GC(154) - age  10:        336 bytes,     276520 total
[2025-08-20T02:15:28.884+0000][1692266][trace][gc,age      ] GC(154) - age  11:       5016 bytes,     281536 total
[2025-08-20T02:15:28.884+0000][1692266][trace][gc,age      ] GC(154) - age  12:         64 bytes,     281600 total
[2025-08-20T02:15:28.884+0000][1692266][info ][gc,heap     ] GC(154) Eden regions: 75->0(75)
[2025-08-20T02:15:28.884+0000][1692266][info ][gc,heap     ] GC(154) Survivor regions: 1->1(10)
[2025-08-20T02:15:28.884+0000][1692266][info ][gc,heap     ] GC(154) Old regions: 35->35
[2025-08-20T02:15:28.884+0000][1692266][info ][gc,heap     ] GC(154) Humongous regions: 0->0
[2025-08-20T02:15:28.884+0000][1692266][info ][gc,metaspace] GC(154) Metaspace: 144542K(148352K)->144542K(148352K) NonClass: 124923K(126912K)->124923K(126912K) Class: 19619K(21440K)->19619K(21440K)
[2025-08-20T02:15:28.884+0000][1692266][info ][gc          ] GC(154) Pause Young (Normal) (G1 Evacuation Pause) 436M->137M(512M) 3.745ms
[2025-08-20T02:15:28.884+0000][1692266][info ][gc,cpu      ] GC(154) User=0.01s Sys=0.00s Real=0.00s
[2025-08-20T02:15:28.884+0000][1692266][info ][safepoint   ] Safepoint "G1CollectForAllocation", Time since last: 444980741373 ns, Reaching safepoint: 8843 ns, Cleanup: 3425 ns, At safepoint: 3784144 ns, Total: 3796412 ns
[2025-08-20T02:22:52.523+0000][1692266][info ][gc,start    ] GC(155) Pause Young (Normal) (G1 Evacuation Pause)
[2025-08-20T02:22:52.523+0000][1692266][info ][gc,task     ] GC(155) Using 1 workers of 1 for evacuation
[2025-08-20T02:22:52.523+0000][1692266][debug][gc,age      ] GC(155) Desired survivor size 20971520 bytes, new threshold 15 (max threshold 15)
[2025-08-20T02:22:52.527+0000][1692266][info ][gc,phases   ] GC(155)   Pre Evacuate Collection Set: 0.1ms
[2025-08-20T02:22:52.527+0000][1692266][info ][gc,phases   ] GC(155)   Merge Heap Roots: 0.0ms
[2025-08-20T02:22:52.527+0000][1692266][info ][gc,phases   ] GC(155)   Evacuate Collection Set: 2.2ms
[2025-08-20T02:22:52.527+0000][1692266][info ][gc,phases   ] GC(155)   Post Evacuate Collection Set: 1.2ms
[2025-08-20T02:22:52.527+0000][1692266][info ][gc,phases   ] GC(155)   Other: 0.0ms
[2025-08-20T02:22:52.527+0000][1692266][trace][gc,age      ] GC(155) Age table with threshold 15 (max threshold 15)
[2025-08-20T02:22:52.527+0000][1692266][trace][gc,age      ] GC(155) - age   1:      16904 bytes,      16904 total
[2025-08-20T02:22:52.527+0000][1692266][trace][gc,age      ] GC(155) - age   3:         72 bytes,      16976 total
[2025-08-20T02:22:52.527+0000][1692266][trace][gc,age      ] GC(155) - age   5:        176 bytes,      17152 total
[2025-08-20T02:22:52.527+0000][1692266][trace][gc,age      ] GC(155) - age   7:     225264 bytes,     242416 total
[2025-08-20T02:22:52.527+0000][1692266][trace][gc,age      ] GC(155) - age   8:      33488 bytes,     275904 total
[2025-08-20T02:22:52.527+0000][1692266][trace][gc,age      ] GC(155) - age  10:        448 bytes,     276352 total
[2025-08-20T02:22:52.527+0000][1692266][trace][gc,age      ] GC(155) - age  11:        336 bytes,     276688 total
[2025-08-20T02:22:52.527+0000][1692266][trace][gc,age      ] GC(155) - age  12:       5016 bytes,     281704 total
[2025-08-20T02:22:52.527+0000][1692266][trace][gc,age      ] GC(155) - age  13:         64 bytes,     281768 total
[2025-08-20T02:22:52.527+0000][1692266][info ][gc,heap     ] GC(155) Eden regions: 75->0(75)
[2025-08-20T02:22:52.527+0000][1692266][info ][gc,heap     ] GC(155) Survivor regions: 1->1(10)
[2025-08-20T02:22:52.527+0000][1692266][info ][gc,heap     ] GC(155) Old regions: 35->35
[2025-08-20T02:22:52.527+0000][1692266][info ][gc,heap     ] GC(155) Humongous regions: 0->0
[2025-08-20T02:22:52.527+0000][1692266][info ][gc,metaspace] GC(155) Metaspace: 144542K(148352K)->144542K(148352K) NonClass: 124923K(126912K)->124923K(126912K) Class: 19619K(21440K)->19619K(21440K)
[2025-08-20T02:22:52.527+0000][1692266][info ][gc          ] GC(155) Pause Young (Normal) (G1 Evacuation Pause) 437M->137M(512M) 3.801ms
[2025-08-20T02:22:52.527+0000][1692266][info ][gc,cpu      ] GC(155) User=0.00s Sys=0.00s Real=0.01s
[2025-08-20T02:22:52.527+0000][1692266][info ][safepoint   ] Safepoint "G1CollectForAllocation", Time since last: 443639508767 ns, Reaching safepoint: 9444 ns, Cleanup: 2374 ns, At safepoint: 3848300 ns, Total: 3860118 ns
[2025-08-20T02:30:17.441+0000][1692266][info ][gc,start    ] GC(156) Pause Young (Normal) (G1 Evacuation Pause)
[2025-08-20T02:30:17.441+0000][1692266][info ][gc,task     ] GC(156) Using 1 workers of 1 for evacuation
[2025-08-20T02:30:17.441+0000][1692266][debug][gc,age      ] GC(156) Desired survivor size 20971520 bytes, new threshold 15 (max threshold 15)
[2025-08-20T02:30:17.444+0000][1692266][info ][gc,phases   ] GC(156)   Pre Evacuate Collection Set: 0.1ms
[2025-08-20T02:30:17.444+0000][1692266][info ][gc,phases   ] GC(156)   Merge Heap Roots: 0.0ms
[2025-08-20T02:30:17.444+0000][1692266][info ][gc,phases   ] GC(156)   Evacuate Collection Set: 2.6ms
[2025-08-20T02:30:17.444+0000][1692266][info ][gc,phases   ] GC(156)   Post Evacuate Collection Set: 0.8ms
[2025-08-20T02:30:17.444+0000][1692266][info ][gc,phases   ] GC(156)   Other: 0.0ms
[2025-08-20T02:30:17.444+0000][1692266][trace][gc,age      ] GC(156) Age table with threshold 15 (max threshold 15)
[2025-08-20T02:30:17.444+0000][1692266][trace][gc,age      ] GC(156) - age   1:      50184 bytes,      50184 total
[2025-08-20T02:30:17.444+0000][1692266][trace][gc,age      ] GC(156) - age   2:       1104 bytes,      51288 total
[2025-08-20T02:30:17.444+0000][1692266][trace][gc,age      ] GC(156) - age   4:         72 bytes,      51360 total
[2025-08-20T02:30:17.444+0000][1692266][trace][gc,age      ] GC(156) - age   6:        176 bytes,      51536 total
[2025-08-20T02:30:17.444+0000][1692266][trace][gc,age      ] GC(156) - age   8:     225264 bytes,     276800 total
[2025-08-20T02:30:17.444+0000][1692266][trace][gc,age      ] GC(156) - age   9:      33488 bytes,     310288 total
[2025-08-20T02:30:17.444+0000][1692266][trace][gc,age      ] GC(156) - age  11:        448 bytes,     310736 total
[2025-08-20T02:30:17.444+0000][1692266][trace][gc,age      ] GC(156) - age  12:        336 bytes,     311072 total
[2025-08-20T02:30:17.444+0000][1692266][trace][gc,age      ] GC(156) - age  13:       5016 bytes,     316088 total
[2025-08-20T02:30:17.444+0000][1692266][trace][gc,age      ] GC(156) - age  14:         64 bytes,     316152 total
[2025-08-20T02:30:17.444+0000][1692266][info ][gc,heap     ] GC(156) Eden regions: 75->0(75)
[2025-08-20T02:30:17.444+0000][1692266][info ][gc,heap     ] GC(156) Survivor regions: 1->1(10)
[2025-08-20T02:30:17.444+0000][1692266][info ][gc,heap     ] GC(156) Old regions: 35->35
[2025-08-20T02:30:17.444+0000][1692266][info ][gc,heap     ] GC(156) Humongous regions: 0->0
[2025-08-20T02:30:17.444+0000][1692266][info ][gc,metaspace] GC(156) Metaspace: 144542K(148352K)->144542K(148352K) NonClass: 124923K(126912K)->124923K(126912K) Class: 19619K(21440K)->19619K(21440K)
[2025-08-20T02:30:17.444+0000][1692266][info ][gc          ] GC(156) Pause Young (Normal) (G1 Evacuation Pause) 437M->137M(512M) 3.870ms
[2025-08-20T02:30:17.444+0000][1692266][info ][gc,cpu      ] GC(156) User=0.01s Sys=0.00s Real=0.00s
[2025-08-20T02:30:17.444+0000][1692266][info ][safepoint   ] Safepoint "G1CollectForAllocation", Time since last: 444913406720 ns, Reaching safepoint: 10055 ns, Cleanup: 3255 ns, At safepoint: 3909433 ns, Total: 3922743 ns
[2025-08-20T02:37:42.719+0000][1692266][info ][gc,start    ] GC(157) Pause Young (Normal) (G1 Evacuation Pause)
[2025-08-20T02:37:42.719+0000][1692266][info ][gc,task     ] GC(157) Using 1 workers of 1 for evacuation
[2025-08-20T02:37:42.719+0000][1692266][debug][gc,age      ] GC(157) Desired survivor size 20971520 bytes, new threshold 15 (max threshold 15)
[2025-08-20T02:37:42.722+0000][1692266][info ][gc,phases   ] GC(157)   Pre Evacuate Collection Set: 0.1ms
[2025-08-20T02:37:42.722+0000][1692266][info ][gc,phases   ] GC(157)   Merge Heap Roots: 0.0ms
[2025-08-20T02:37:42.722+0000][1692266][info ][gc,phases   ] GC(157)   Evacuate Collection Set: 2.1ms
[2025-08-20T02:37:42.722+0000][1692266][info ][gc,phases   ] GC(157)   Post Evacuate Collection Set: 0.8ms
[2025-08-20T02:37:42.722+0000][1692266][info ][gc,phases   ] GC(157)   Other: 0.0ms
[2025-08-20T02:37:42.722+0000][1692266][trace][gc,age      ] GC(157) Age table with threshold 15 (max threshold 15)
[2025-08-20T02:37:42.722+0000][1692266][trace][gc,age      ] GC(157) - age   1:      51776 bytes,      51776 total
[2025-08-20T02:37:42.722+0000][1692266][trace][gc,age      ] GC(157) - age   2:         72 bytes,      51848 total
[2025-08-20T02:37:42.722+0000][1692266][trace][gc,age      ] GC(157) - age   5:         72 bytes,      51920 total
[2025-08-20T02:37:42.722+0000][1692266][trace][gc,age      ] GC(157) - age   7:        176 bytes,      52096 total
[2025-08-20T02:37:42.722+0000][1692266][trace][gc,age      ] GC(157) - age   9:     225264 bytes,     277360 total
[2025-08-20T02:37:42.722+0000][1692266][trace][gc,age      ] GC(157) - age  10:      33488 bytes,     310848 total
[2025-08-20T02:37:42.722+0000][1692266][trace][gc,age      ] GC(157) - age  12:        448 bytes,     311296 total
[2025-08-20T02:37:42.722+0000][1692266][trace][gc,age      ] GC(157) - age  13:        336 bytes,     311632 total
[2025-08-20T02:37:42.722+0000][1692266][trace][gc,age      ] GC(157) - age  14:       5016 bytes,     316648 total
[2025-08-20T02:37:42.722+0000][1692266][trace][gc,age      ] GC(157) - age  15:         64 bytes,     316712 total
[2025-08-20T02:37:42.722+0000][1692266][info ][gc,heap     ] GC(157) Eden regions: 75->0(75)
[2025-08-20T02:37:42.722+0000][1692266][info ][gc,heap     ] GC(157) Survivor regions: 1->1(10)
[2025-08-20T02:37:42.722+0000][1692266][info ][gc,heap     ] GC(157) Old regions: 35->35
[2025-08-20T02:37:42.722+0000][1692266][info ][gc,heap     ] GC(157) Humongous regions: 0->0
[2025-08-20T02:37:42.722+0000][1692266][info ][gc,metaspace] GC(157) Metaspace: 144542K(148352K)->144542K(148352K) NonClass: 124923K(126912K)->124923K(126912K) Class: 19619K(21440K)->19619K(21440K)
[2025-08-20T02:37:42.722+0000][1692266][info ][gc          ] GC(157) Pause Young (Normal) (G1 Evacuation Pause) 437M->137M(512M) 3.678ms
[2025-08-20T02:37:42.722+0000][1692266][info ][gc,cpu      ] GC(157) User=0.00s Sys=0.00s Real=0.00s
[2025-08-20T02:37:42.722+0000][1692266][info ][safepoint   ] Safepoint "G1CollectForAllocation", Time since last: 445274163197 ns, Reaching safepoint: 9594 ns, Cleanup: 3175 ns, At safepoint: 3715971 ns, Total: 3728740 ns
[2025-08-20T02:45:06.114+0000][1692266][info ][gc,start    ] GC(158) Pause Young (Normal) (G1 Evacuation Pause)
[2025-08-20T02:45:06.114+0000][1692266][info ][gc,task     ] GC(158) Using 1 workers of 1 for evacuation
[2025-08-20T02:45:06.114+0000][1692266][debug][gc,age      ] GC(158) Desired survivor size 20971520 bytes, new threshold 15 (max threshold 15)
[2025-08-20T02:45:06.117+0000][1692266][info ][gc,phases   ] GC(158)   Pre Evacuate Collection Set: 0.1ms
[2025-08-20T02:45:06.117+0000][1692266][info ][gc,phases   ] GC(158)   Merge Heap Roots: 0.0ms
[2025-08-20T02:45:06.117+0000][1692266][info ][gc,phases   ] GC(158)   Evacuate Collection Set: 2.1ms
[2025-08-20T02:45:06.117+0000][1692266][info ][gc,phases   ] GC(158)   Post Evacuate Collection Set: 0.8ms
[2025-08-20T02:45:06.117+0000][1692266][info ][gc,phases   ] GC(158)   Other: 0.2ms
[2025-08-20T02:45:06.117+0000][1692266][trace][gc,age      ] GC(158) Age table with threshold 15 (max threshold 15)
[2025-08-20T02:45:06.117+0000][1692266][trace][gc,age      ] GC(158) - age   1:      14704 bytes,      14704 total
[2025-08-20T02:45:06.117+0000][1692266][trace][gc,age      ] GC(158) - age   2:       1056 bytes,      15760 total
[2025-08-20T02:45:06.117+0000][1692266][trace][gc,age      ] GC(158) - age   3:         72 bytes,      15832 total
[2025-08-20T02:45:06.117+0000][1692266][trace][gc,age      ] GC(158) - age   6:         72 bytes,      15904 total
[2025-08-20T02:45:06.117+0000][1692266][trace][gc,age      ] GC(158) - age   8:        176 bytes,      16080 total
[2025-08-20T02:45:06.117+0000][1692266][trace][gc,age      ] GC(158) - age  10:     225264 bytes,     241344 total
[2025-08-20T02:45:06.117+0000][1692266][trace][gc,age      ] GC(158) - age  11:      33488 bytes,     274832 total
[2025-08-20T02:45:06.117+0000][1692266][trace][gc,age      ] GC(158) - age  13:        448 bytes,     275280 total
[2025-08-20T02:45:06.117+0000][1692266][trace][gc,age      ] GC(158) - age  14:        336 bytes,     275616 total
[2025-08-20T02:45:06.117+0000][1692266][trace][gc,age      ] GC(158) - age  15:       5016 bytes,     280632 total
[2025-08-20T02:45:06.117+0000][1692266][info ][gc,heap     ] GC(158) Eden regions: 75->0(75)
[2025-08-20T02:45:06.117+0000][1692266][info ][gc,heap     ] GC(158) Survivor regions: 1->1(10)
[2025-08-20T02:45:06.117+0000][1692266][info ][gc,heap     ] GC(158) Old regions: 35->35
[2025-08-20T02:45:06.117+0000][1692266][info ][gc,heap     ] GC(158) Humongous regions: 0->0
[2025-08-20T02:45:06.117+0000][1692266][info ][gc,metaspace] GC(158) Metaspace: 144542K(148352K)->144542K(148352K) NonClass: 124923K(126912K)->124923K(126912K) Class: 19619K(21440K)->19619K(21440K)
[2025-08-20T02:45:06.117+0000][1692266][info ][gc          ] GC(158) Pause Young (Normal) (G1 Evacuation Pause) 437M->137M(512M) 3.670ms
[2025-08-20T02:45:06.117+0000][1692266][info ][gc,cpu      ] GC(158) User=0.00s Sys=0.00s Real=0.01s
[2025-08-20T02:45:06.117+0000][1692266][info ][safepoint   ] Safepoint "G1CollectForAllocation", Time since last: 443391349570 ns, Reaching safepoint: 9915 ns, Cleanup: 3425 ns, At safepoint: 3707868 ns, Total: 3721208 ns
[2025-08-20T02:52:30.279+0000][1692266][info ][gc,start    ] GC(159) Pause Young (Normal) (G1 Evacuation Pause)
[2025-08-20T02:52:30.280+0000][1692266][info ][gc,task     ] GC(159) Using 1 workers of 1 for evacuation
[2025-08-20T02:52:30.280+0000][1692266][debug][gc,age      ] GC(159) Desired survivor size 20971520 bytes, new threshold 15 (max threshold 15)
[2025-08-20T02:52:30.283+0000][1692266][info ][gc,phases   ] GC(159)   Pre Evacuate Collection Set: 0.1ms
[2025-08-20T02:52:30.283+0000][1692266][info ][gc,phases   ] GC(159)   Merge Heap Roots: 0.0ms
[2025-08-20T02:52:30.283+0000][1692266][info ][gc,phases   ] GC(159)   Evacuate Collection Set: 2.2ms
[2025-08-20T02:52:30.283+0000][1692266][info ][gc,phases   ] GC(159)   Post Evacuate Collection Set: 0.8ms
[2025-08-20T02:52:30.283+0000][1692266][info ][gc,phases   ] GC(159)   Other: 0.0ms
[2025-08-20T02:52:30.283+0000][1692266][trace][gc,age      ] GC(159) Age table with threshold 15 (max threshold 15)
[2025-08-20T02:52:30.283+0000][1692266][trace][gc,age      ] GC(159) - age   1:      16584 bytes,      16584 total
[2025-08-20T02:52:30.283+0000][1692266][trace][gc,age      ] GC(159) - age   3:        392 bytes,      16976 total
[2025-08-20T02:52:30.283+0000][1692266][trace][gc,age      ] GC(159) - age   4:         72 bytes,      17048 total
[2025-08-20T02:52:30.283+0000][1692266][trace][gc,age      ] GC(159) - age   7:         72 bytes,      17120 total
[2025-08-20T02:52:30.283+0000][1692266][trace][gc,age      ] GC(159) - age  11:     225264 bytes,     242384 total
[2025-08-20T02:52:30.283+0000][1692266][trace][gc,age      ] GC(159) - age  12:      33488 bytes,     275872 total
[2025-08-20T02:52:30.283+0000][1692266][trace][gc,age      ] GC(159) - age  14:        448 bytes,     276320 total
[2025-08-20T02:52:30.283+0000][1692266][trace][gc,age      ] GC(159) - age  15:        336 bytes,     276656 total
[2025-08-20T02:52:30.283+0000][1692266][info ][gc,heap     ] GC(159) Eden regions: 75->0(75)
[2025-08-20T02:52:30.283+0000][1692266][info ][gc,heap     ] GC(159) Survivor regions: 1->1(10)
[2025-08-20T02:52:30.283+0000][1692266][info ][gc,heap     ] GC(159) Old regions: 35->35
[2025-08-20T02:52:30.283+0000][1692266][info ][gc,heap     ] GC(159) Humongous regions: 0->0
[2025-08-20T02:52:30.283+0000][1692266][info ][gc,metaspace] GC(159) Metaspace: 144542K(148352K)->144542K(148352K) NonClass: 124923K(126912K)->124923K(126912K) Class: 19619K(21440K)->19619K(21440K)
[2025-08-20T02:52:30.283+0000][1692266][info ][gc          ] GC(159) Pause Young (Normal) (G1 Evacuation Pause) 437M->137M(512M) 3.624ms
[2025-08-20T02:52:30.283+0000][1692266][info ][gc,cpu      ] GC(159) User=0.00s Sys=0.00s Real=0.00s
[2025-08-20T02:52:30.283+0000][1692266][info ][safepoint   ] Safepoint "G1CollectForAllocation", Time since last: 444161920339 ns, Reaching safepoint: 47662 ns, Cleanup: 3115 ns, At safepoint: 3664163 ns, Total: 3714940 ns
[2025-08-20T02:59:54.566+0000][1692266][info ][gc,start    ] GC(160) Pause Young (Normal) (G1 Evacuation Pause)
[2025-08-20T02:59:54.566+0000][1692266][info ][gc,task     ] GC(160) Using 1 workers of 1 for evacuation
[2025-08-20T02:59:54.566+0000][1692266][debug][gc,age      ] GC(160) Desired survivor size 20971520 bytes, new threshold 15 (max threshold 15)
[2025-08-20T02:59:54.570+0000][1692266][info ][gc,phases   ] GC(160)   Pre Evacuate Collection Set: 0.1ms
[2025-08-20T02:59:54.570+0000][1692266][info ][gc,phases   ] GC(160)   Merge Heap Roots: 0.0ms
[2025-08-20T02:59:54.570+0000][1692266][info ][gc,phases   ] GC(160)   Evacuate Collection Set: 2.3ms
[2025-08-20T02:59:54.570+0000][1692266][info ][gc,phases   ] GC(160)   Post Evacuate Collection Set: 0.9ms
[2025-08-20T02:59:54.570+0000][1692266][info ][gc,phases   ] GC(160)   Other: 0.0ms
[2025-08-20T02:59:54.570+0000][1692266][trace][gc,age      ] GC(160) Age table with threshold 15 (max threshold 15)
[2025-08-20T02:59:54.570+0000][1692266][trace][gc,age      ] GC(160) - age   1:      15720 bytes,      15720 total
[2025-08-20T02:59:54.570+0000][1692266][trace][gc,age      ] GC(160) - age   2:       1280 bytes,      17000 total
[2025-08-20T02:59:54.570+0000][1692266][trace][gc,age      ] GC(160) - age   4:        392 bytes,      17392 total
[2025-08-20T02:59:54.570+0000][1692266][trace][gc,age      ] GC(160) - age   5:         72 bytes,      17464 total
[2025-08-20T02:59:54.570+0000][1692266][trace][gc,age      ] GC(160) - age   8:         72 bytes,      17536 total
[2025-08-20T02:59:54.570+0000][1692266][trace][gc,age      ] GC(160) - age  12:     225264 bytes,     242800 total
[2025-08-20T02:59:54.570+0000][1692266][trace][gc,age      ] GC(160) - age  13:      33488 bytes,     276288 total
[2025-08-20T02:59:54.570+0000][1692266][trace][gc,age      ] GC(160) - age  15:        448 bytes,     276736 total
[2025-08-20T02:59:54.570+0000][1692266][info ][gc,heap     ] GC(160) Eden regions: 75->0(75)
[2025-08-20T02:59:54.570+0000][1692266][info ][gc,heap     ] GC(160) Survivor regions: 1->1(10)
[2025-08-20T02:59:54.570+0000][1692266][info ][gc,heap     ] GC(160) Old regions: 35->35
[2025-08-20T02:59:54.570+0000][1692266][info ][gc,heap     ] GC(160) Humongous regions: 0->0
[2025-08-20T02:59:54.570+0000][1692266][info ][gc,metaspace] GC(160) Metaspace: 144542K(148352K)->144542K(148352K) NonClass: 124923K(126912K)->124923K(126912K) Class: 19619K(21440K)->19619K(21440K)
[2025-08-20T02:59:54.570+0000][1692266][info ][gc          ] GC(160) Pause Young (Normal) (G1 Evacuation Pause) 437M->136M(512M) 3.744ms
[2025-08-20T02:59:54.570+0000][1692266][info ][gc,cpu      ] GC(160) User=0.01s Sys=0.00s Real=0.00s
[2025-08-20T02:59:54.570+0000][1692266][info ][safepoint   ] Safepoint "G1CollectForAllocation", Time since last: 444282943610 ns, Reaching safepoint: 9164 ns, Cleanup: 3205 ns, At safepoint: 3783523 ns, Total: 3795892 ns
[2025-08-20T03:07:18.509+0000][1692266][info ][gc,start    ] GC(161) Pause Young (Normal) (G1 Evacuation Pause)
[2025-08-20T03:07:18.509+0000][1692266][info ][gc,task     ] GC(161) Using 1 workers of 1 for evacuation
[2025-08-20T03:07:18.509+0000][1692266][debug][gc,age      ] GC(161) Desired survivor size 20971520 bytes, new threshold 15 (max threshold 15)
[2025-08-20T03:07:18.512+0000][1692266][info ][gc,phases   ] GC(161)   Pre Evacuate Collection Set: 0.1ms
[2025-08-20T03:07:18.512+0000][1692266][info ][gc,phases   ] GC(161)   Merge Heap Roots: 0.0ms
[2025-08-20T03:07:18.512+0000][1692266][info ][gc,phases   ] GC(161)   Evacuate Collection Set: 2.1ms
[2025-08-20T03:07:18.512+0000][1692266][info ][gc,phases   ] GC(161)   Post Evacuate Collection Set: 0.8ms
[2025-08-20T03:07:18.512+0000][1692266][info ][gc,phases   ] GC(161)   Other: 0.0ms
[2025-08-20T03:07:18.512+0000][1692266][trace][gc,age      ] GC(161) Age table with threshold 15 (max threshold 15)
[2025-08-20T03:07:18.512+0000][1692266][trace][gc,age      ] GC(161) - age   1:      15296 bytes,      15296 total
[2025-08-20T03:07:18.512+0000][1692266][trace][gc,age      ] GC(161) - age   3:        176 bytes,      15472 total
[2025-08-20T03:07:18.512+0000][1692266][trace][gc,age      ] GC(161) - age   5:        392 bytes,      15864 total
[2025-08-20T03:07:18.512+0000][1692266][trace][gc,age      ] GC(161) - age   6:         72 bytes,      15936 total
[2025-08-20T03:07:18.512+0000][1692266][trace][gc,age      ] GC(161) - age   9:         72 bytes,      16008 total
[2025-08-20T03:07:18.512+0000][1692266][trace][gc,age      ] GC(161) - age  13:     225264 bytes,     241272 total
[2025-08-20T03:07:18.512+0000][1692266][trace][gc,age      ] GC(161) - age  14:      33488 bytes,     274760 total
[2025-08-20T03:07:18.512+0000][1692266][info ][gc,heap     ] GC(161) Eden regions: 75->0(75)
[2025-08-20T03:07:18.512+0000][1692266][info ][gc,heap     ] GC(161) Survivor regions: 1->1(10)
[2025-08-20T03:07:18.512+0000][1692266][info ][gc,heap     ] GC(161) Old regions: 35->35
[2025-08-20T03:07:18.512+0000][1692266][info ][gc,heap     ] GC(161) Humongous regions: 0->0
[2025-08-20T03:07:18.512+0000][1692266][info ][gc,metaspace] GC(161) Metaspace: 144543K(148352K)->144543K(148352K) NonClass: 124923K(126912K)->124923K(126912K) Class: 19619K(21440K)->19619K(21440K)
[2025-08-20T03:07:18.512+0000][1692266][info ][gc          ] GC(161) Pause Young (Normal) (G1 Evacuation Pause) 436M->137M(512M) 3.538ms
[2025-08-20T03:07:18.512+0000][1692266][info ][gc,cpu      ] GC(161) User=0.00s Sys=0.00s Real=0.00s
[2025-08-20T03:07:18.512+0000][1692266][info ][safepoint   ] Safepoint "G1CollectForAllocation", Time since last: 443938716737 ns, Reaching safepoint: 75153 ns, Cleanup: 3225 ns, At safepoint: 3574377 ns, Total: 3652755 ns
[2025-08-20T03:09:18.529+0000][1692266][info ][safepoint   ] Safepoint "Cleanup", Time since last: 120016367418 ns, Reaching safepoint: 69855 ns, Cleanup: 9885 ns, At safepoint: 4667 ns, Total: 84407 ns
[2025-08-20T03:14:42.585+0000][1692266][info ][gc,start    ] GC(162) Pause Young (Normal) (G1 Evacuation Pause)
[2025-08-20T03:14:42.585+0000][1692266][info ][gc,task     ] GC(162) Using 1 workers of 1 for evacuation
[2025-08-20T03:14:42.585+0000][1692266][debug][gc,age      ] GC(162) Desired survivor size 20971520 bytes, new threshold 15 (max threshold 15)
[2025-08-20T03:14:42.588+0000][1692266][info ][gc,phases   ] GC(162)   Pre Evacuate Collection Set: 0.1ms
[2025-08-20T03:14:42.588+0000][1692266][info ][gc,phases   ] GC(162)   Merge Heap Roots: 0.0ms
[2025-08-20T03:14:42.588+0000][1692266][info ][gc,phases   ] GC(162)   Evacuate Collection Set: 2.1ms
[2025-08-20T03:14:42.589+0000][1692266][info ][gc,phases   ] GC(162)   Post Evacuate Collection Set: 0.8ms
[2025-08-20T03:14:42.589+0000][1692266][info ][gc,phases   ] GC(162)   Other: 0.0ms
[2025-08-20T03:14:42.589+0000][1692266][trace][gc,age      ] GC(162) Age table with threshold 15 (max threshold 15)
[2025-08-20T03:14:42.589+0000][1692266][trace][gc,age      ] GC(162) - age   1:      14504 bytes,      14504 total
[2025-08-20T03:14:42.589+0000][1692266][trace][gc,age      ] GC(162) - age   2:        664 bytes,      15168 total
[2025-08-20T03:14:42.589+0000][1692266][trace][gc,age      ] GC(162) - age   4:        176 bytes,      15344 total
[2025-08-20T03:14:42.589+0000][1692266][trace][gc,age      ] GC(162) - age   6:        392 bytes,      15736 total
[2025-08-20T03:14:42.589+0000][1692266][trace][gc,age      ] GC(162) - age   7:         72 bytes,      15808 total
[2025-08-20T03:14:42.589+0000][1692266][trace][gc,age      ] GC(162) - age  10:         72 bytes,      15880 total
[2025-08-20T03:14:42.589+0000][1692266][trace][gc,age      ] GC(162) - age  14:     225264 bytes,     241144 total
[2025-08-20T03:14:42.589+0000][1692266][trace][gc,age      ] GC(162) - age  15:      33488 bytes,     274632 total
[2025-08-20T03:14:42.589+0000][1692266][info ][gc,heap     ] GC(162) Eden regions: 75->0(75)
[2025-08-20T03:14:42.589+0000][1692266][info ][gc,heap     ] GC(162) Survivor regions: 1->1(10)
[2025-08-20T03:14:42.589+0000][1692266][info ][gc,heap     ] GC(162) Old regions: 35->35
[2025-08-20T03:14:42.589+0000][1692266][info ][gc,heap     ] GC(162) Humongous regions: 0->0
[2025-08-20T03:14:42.589+0000][1692266][info ][gc,metaspace] GC(162) Metaspace: 144543K(148352K)->144543K(148352K) NonClass: 124923K(126912K)->124923K(126912K) Class: 19619K(21440K)->19619K(21440K)
[2025-08-20T03:14:42.589+0000][1692266][info ][gc          ] GC(162) Pause Young (Normal) (G1 Evacuation Pause) 437M->137M(512M) 3.610ms
[2025-08-20T03:14:42.589+0000][1692266][info ][gc,cpu      ] GC(162) User=0.00s Sys=0.00s Real=0.01s
[2025-08-20T03:14:42.589+0000][1692266][info ][safepoint   ] Safepoint "G1CollectForAllocation", Time since last: 324056078430 ns, Reaching safepoint: 263568 ns, Cleanup: 2904 ns, At safepoint: 3648489 ns, Total: 3914961 ns
[2025-08-20T03:21:19.636+0000][1692266][info ][safepoint   ] Safepoint "Cleanup", Time since last: 397047843512 ns, Reaching safepoint: 32369 ns, Cleanup: 11427 ns, At safepoint: 4247 ns, Total: 48043 ns
[2025-08-20T03:22:06.346+0000][1692266][info ][gc,start    ] GC(163) Pause Young (Normal) (G1 Evacuation Pause)
[2025-08-20T03:22:06.346+0000][1692266][info ][gc,task     ] GC(163) Using 1 workers of 1 for evacuation
[2025-08-20T03:22:06.346+0000][1692266][debug][gc,age      ] GC(163) Desired survivor size 20971520 bytes, new threshold 15 (max threshold 15)
[2025-08-20T03:22:06.349+0000][1692266][info ][gc,phases   ] GC(163)   Pre Evacuate Collection Set: 0.1ms
[2025-08-20T03:22:06.349+0000][1692266][info ][gc,phases   ] GC(163)   Merge Heap Roots: 0.0ms
[2025-08-20T03:22:06.349+0000][1692266][info ][gc,phases   ] GC(163)   Evacuate Collection Set: 2.2ms
[2025-08-20T03:22:06.349+0000][1692266][info ][gc,phases   ] GC(163)   Post Evacuate Collection Set: 0.8ms
[2025-08-20T03:22:06.349+0000][1692266][info ][gc,phases   ] GC(163)   Other: 0.3ms
[2025-08-20T03:22:06.349+0000][1692266][trace][gc,age      ] GC(163) Age table with threshold 15 (max threshold 15)
[2025-08-20T03:22:06.349+0000][1692266][trace][gc,age      ] GC(163) - age   1:      15552 bytes,      15552 total
[2025-08-20T03:22:06.349+0000][1692266][trace][gc,age      ] GC(163) - age   5:        176 bytes,      15728 total
[2025-08-20T03:22:06.349+0000][1692266][trace][gc,age      ] GC(163) - age   7:        392 bytes,      16120 total
[2025-08-20T03:22:06.349+0000][1692266][trace][gc,age      ] GC(163) - age   8:         72 bytes,      16192 total
[2025-08-20T03:22:06.349+0000][1692266][trace][gc,age      ] GC(163) - age  11:         72 bytes,      16264 total
[2025-08-20T03:22:06.349+0000][1692266][trace][gc,age      ] GC(163) - age  15:     225264 bytes,     241528 total
[2025-08-20T03:22:06.349+0000][1692266][info ][gc,heap     ] GC(163) Eden regions: 75->0(75)
[2025-08-20T03:22:06.349+0000][1692266][info ][gc,heap     ] GC(163) Survivor regions: 1->1(10)
[2025-08-20T03:22:06.349+0000][1692266][info ][gc,heap     ] GC(163) Old regions: 35->35
[2025-08-20T03:22:06.349+0000][1692266][info ][gc,heap     ] GC(163) Humongous regions: 0->0
[2025-08-20T03:22:06.349+0000][1692266][info ][gc,metaspace] GC(163) Metaspace: 144545K(148416K)->144545K(148416K) NonClass: 124925K(126976K)->124925K(126976K) Class: 19619K(21440K)->19619K(21440K)
[2025-08-20T03:22:06.349+0000][1692266][info ][gc          ] GC(163) Pause Young (Normal) (G1 Evacuation Pause) 437M->137M(512M) 3.499ms
[2025-08-20T03:22:06.349+0000][1692266][info ][gc,cpu      ] GC(163) User=0.01s Sys=0.00s Real=0.00s
[2025-08-20T03:22:06.349+0000][1692266][info ][safepoint   ] Safepoint "G1CollectForAllocation", Time since last: 46709378734 ns, Reaching safepoint: 9164 ns, Cleanup: 3675 ns, At safepoint: 3536090 ns, Total: 3548929 ns
[2025-08-20T03:27:05.367+0000][1692266][info ][safepoint   ] Safepoint "Cleanup", Time since last: 299017753400 ns, Reaching safepoint: 31137 ns, Cleanup: 12149 ns, At safepoint: 4627 ns, Total: 47913 ns
[2025-08-20T03:29:29.992+0000][1692266][info ][gc,start    ] GC(164) Pause Young (Normal) (G1 Evacuation Pause)
[2025-08-20T03:29:29.992+0000][1692266][info ][gc,task     ] GC(164) Using 1 workers of 1 for evacuation
[2025-08-20T03:29:29.992+0000][1692266][debug][gc,age      ] GC(164) Desired survivor size 20971520 bytes, new threshold 15 (max threshold 15)
[2025-08-20T03:29:29.997+0000][1692266][info ][gc,phases   ] GC(164)   Pre Evacuate Collection Set: 0.1ms
[2025-08-20T03:29:29.997+0000][1692266][info ][gc,phases   ] GC(164)   Merge Heap Roots: 0.0ms
[2025-08-20T03:29:29.997+0000][1692266][info ][gc,phases   ] GC(164)   Evacuate Collection Set: 3.4ms
[2025-08-20T03:29:29.997+0000][1692266][info ][gc,phases   ] GC(164)   Post Evacuate Collection Set: 0.9ms
[2025-08-20T03:29:29.997+0000][1692266][info ][gc,phases   ] GC(164)   Other: 0.0ms
[2025-08-20T03:29:29.997+0000][1692266][trace][gc,age      ] GC(164) Age table with threshold 15 (max threshold 15)
[2025-08-20T03:29:29.997+0000][1692266][trace][gc,age      ] GC(164) - age   1:      15904 bytes,      15904 total
[2025-08-20T03:29:29.997+0000][1692266][trace][gc,age      ] GC(164) - age   2:       1104 bytes,      17008 total
[2025-08-20T03:29:29.997+0000][1692266][trace][gc,age      ] GC(164) - age   6:        176 bytes,      17184 total
[2025-08-20T03:29:29.997+0000][1692266][trace][gc,age      ] GC(164) - age   8:        392 bytes,      17576 total
[2025-08-20T03:29:29.997+0000][1692266][trace][gc,age      ] GC(164) - age   9:         72 bytes,      17648 total
[2025-08-20T03:29:29.997+0000][1692266][trace][gc,age      ] GC(164) - age  12:         72 bytes,      17720 total
[2025-08-20T03:29:29.997+0000][1692266][info ][gc,heap     ] GC(164) Eden regions: 75->0(75)
[2025-08-20T03:29:29.997+0000][1692266][info ][gc,heap     ] GC(164) Survivor regions: 1->1(10)
[2025-08-20T03:29:29.997+0000][1692266][info ][gc,heap     ] GC(164) Old regions: 35->35
[2025-08-20T03:29:29.997+0000][1692266][info ][gc,heap     ] GC(164) Humongous regions: 0->0
[2025-08-20T03:29:29.997+0000][1692266][info ][gc,metaspace] GC(164) Metaspace: 144545K(148416K)->144545K(148416K) NonClass: 124925K(126976K)->124925K(126976K) Class: 19619K(21440K)->19619K(21440K)
[2025-08-20T03:29:29.997+0000][1692266][info ][gc          ] GC(164) Pause Young (Normal) (G1 Evacuation Pause) 437M->137M(512M) 4.691ms
[2025-08-20T03:29:29.997+0000][1692266][info ][gc,cpu      ] GC(164) User=0.00s Sys=0.00s Real=0.01s
[2025-08-20T03:29:29.997+0000][1692266][info ][safepoint   ] Safepoint "G1CollectForAllocation", Time since last: 144625050230 ns, Reaching safepoint: 8473 ns, Cleanup: 2514 ns, At safepoint: 4729030 ns, Total: 4740017 ns
[2025-08-20T03:36:52.807+0000][1692266][info ][gc,start    ] GC(165) Pause Young (Normal) (G1 Evacuation Pause)
[2025-08-20T03:36:52.807+0000][1692266][info ][gc,task     ] GC(165) Using 1 workers of 1 for evacuation
[2025-08-20T03:36:52.807+0000][1692266][debug][gc,age      ] GC(165) Desired survivor size 20971520 bytes, new threshold 15 (max threshold 15)
[2025-08-20T03:36:52.810+0000][1692266][info ][gc,phases   ] GC(165)   Pre Evacuate Collection Set: 0.1ms
[2025-08-20T03:36:52.810+0000][1692266][info ][gc,phases   ] GC(165)   Merge Heap Roots: 0.0ms
[2025-08-20T03:36:52.810+0000][1692266][info ][gc,phases   ] GC(165)   Evacuate Collection Set: 1.3ms
[2025-08-20T03:36:52.810+0000][1692266][info ][gc,phases   ] GC(165)   Post Evacuate Collection Set: 0.8ms
[2025-08-20T03:36:52.810+0000][1692266][info ][gc,phases   ] GC(165)   Other: 0.0ms
[2025-08-20T03:36:52.810+0000][1692266][trace][gc,age      ] GC(165) Age table with threshold 15 (max threshold 15)
[2025-08-20T03:36:52.810+0000][1692266][trace][gc,age      ] GC(165) - age   1:      17728 bytes,      17728 total
[2025-08-20T03:36:52.810+0000][1692266][trace][gc,age      ] GC(165) - age   2:        168 bytes,      17896 total
[2025-08-20T03:36:52.810+0000][1692266][trace][gc,age      ] GC(165) - age   7:        176 bytes,      18072 total
[2025-08-20T03:36:52.810+0000][1692266][trace][gc,age      ] GC(165) - age   9:        392 bytes,      18464 total
[2025-08-20T03:36:52.810+0000][1692266][trace][gc,age      ] GC(165) - age  10:         72 bytes,      18536 total
[2025-08-20T03:36:52.810+0000][1692266][trace][gc,age      ] GC(165) - age  13:         72 bytes,      18608 total
[2025-08-20T03:36:52.810+0000][1692266][info ][gc,heap     ] GC(165) Eden regions: 75->0(75)
[2025-08-20T03:36:52.810+0000][1692266][info ][gc,heap     ] GC(165) Survivor regions: 1->1(10)
[2025-08-20T03:36:52.810+0000][1692266][info ][gc,heap     ] GC(165) Old regions: 35->35
[2025-08-20T03:36:52.810+0000][1692266][info ][gc,heap     ] GC(165) Humongous regions: 0->0
[2025-08-20T03:36:52.810+0000][1692266][info ][gc,metaspace] GC(165) Metaspace: 144545K(148416K)->144545K(148416K) NonClass: 124925K(126976K)->124925K(126976K) Class: 19619K(21440K)->19619K(21440K)
[2025-08-20T03:36:52.810+0000][1692266][info ][gc          ] GC(165) Pause Young (Normal) (G1 Evacuation Pause) 437M->137M(512M) 2.708ms
[2025-08-20T03:36:52.810+0000][1692266][info ][gc,cpu      ] GC(165) User=0.00s Sys=0.00s Real=0.00s
[2025-08-20T03:36:52.810+0000][1692266][info ][safepoint   ] Safepoint "G1CollectForAllocation", Time since last: 442809810577 ns, Reaching safepoint: 211679 ns, Cleanup: 2945 ns, At safepoint: 2746046 ns, Total: 2960670 ns
[2025-08-20T03:42:04.860+0000][1692266][info ][safepoint   ] Safepoint "Cleanup", Time since last: 312049836575 ns, Reaching safepoint: 36786 ns, Cleanup: 8753 ns, At safepoint: 2273 ns, Total: 47812 ns
[2025-08-20T03:44:15.503+0000][1692266][info ][gc,start    ] GC(166) Pause Young (Normal) (G1 Evacuation Pause)
[2025-08-20T03:44:15.503+0000][1692266][info ][gc,task     ] GC(166) Using 1 workers of 1 for evacuation
[2025-08-20T03:44:15.503+0000][1692266][debug][gc,age      ] GC(166) Desired survivor size 20971520 bytes, new threshold 15 (max threshold 15)
[2025-08-20T03:44:15.506+0000][1692266][info ][gc,phases   ] GC(166)   Pre Evacuate Collection Set: 0.1ms
[2025-08-20T03:44:15.506+0000][1692266][info ][gc,phases   ] GC(166)   Merge Heap Roots: 0.0ms
[2025-08-20T03:44:15.506+0000][1692266][info ][gc,phases   ] GC(166)   Evacuate Collection Set: 1.4ms
[2025-08-20T03:44:15.506+0000][1692266][info ][gc,phases   ] GC(166)   Post Evacuate Collection Set: 1.1ms
[2025-08-20T03:44:15.506+0000][1692266][info ][gc,phases   ] GC(166)   Other: 0.0ms
[2025-08-20T03:44:15.506+0000][1692266][trace][gc,age      ] GC(166) Age table with threshold 15 (max threshold 15)
[2025-08-20T03:44:15.506+0000][1692266][trace][gc,age      ] GC(166) - age   1:      16208 bytes,      16208 total
[2025-08-20T03:44:15.506+0000][1692266][trace][gc,age      ] GC(166) - age   2:       2488 bytes,      18696 total
[2025-08-20T03:44:15.506+0000][1692266][trace][gc,age      ] GC(166) - age   3:        168 bytes,      18864 total
[2025-08-20T03:44:15.506+0000][1692266][trace][gc,age      ] GC(166) - age   8:        176 bytes,      19040 total
[2025-08-20T03:44:15.506+0000][1692266][trace][gc,age      ] GC(166) - age  10:        392 bytes,      19432 total
[2025-08-20T03:44:15.506+0000][1692266][trace][gc,age      ] GC(166) - age  11:         72 bytes,      19504 total
[2025-08-20T03:44:15.506+0000][1692266][trace][gc,age      ] GC(166) - age  14:         72 bytes,      19576 total
[2025-08-20T03:44:15.506+0000][1692266][info ][gc,heap     ] GC(166) Eden regions: 75->0(75)
[2025-08-20T03:44:15.506+0000][1692266][info ][gc,heap     ] GC(166) Survivor regions: 1->1(10)
[2025-08-20T03:44:15.506+0000][1692266][info ][gc,heap     ] GC(166) Old regions: 35->35
[2025-08-20T03:44:15.506+0000][1692266][info ][gc,heap     ] GC(166) Humongous regions: 0->0
[2025-08-20T03:44:15.506+0000][1692266][info ][gc,metaspace] GC(166) Metaspace: 144547K(148416K)->144547K(148416K) NonClass: 124928K(126976K)->124928K(126976K) Class: 19619K(21440K)->19619K(21440K)
[2025-08-20T03:44:15.506+0000][1692266][info ][gc          ] GC(166) Pause Young (Normal) (G1 Evacuation Pause) 437M->137M(512M) 2.896ms
[2025-08-20T03:44:15.506+0000][1692266][info ][gc,cpu      ] GC(166) User=0.01s Sys=0.00s Real=0.01s
[2025-08-20T03:44:15.506+0000][1692266][info ][safepoint   ] Safepoint "G1CollectForAllocation", Time since last: 130643211280 ns, Reaching safepoint: 9424 ns, Cleanup: 2284 ns, At safepoint: 2942383 ns, Total: 2954091 ns
[2025-08-20T03:49:05.523+0000][1692266][info ][safepoint   ] Safepoint "Cleanup", Time since last: 290017128425 ns, Reaching safepoint: 75214 ns, Cleanup: 11477 ns, At safepoint: 4938 ns, Total: 91629 ns
[2025-08-20T03:51:39.748+0000][1692266][info ][gc,start    ] GC(167) Pause Young (Normal) (G1 Evacuation Pause)
[2025-08-20T03:51:39.748+0000][1692266][info ][gc,task     ] GC(167) Using 1 workers of 1 for evacuation
[2025-08-20T03:51:39.748+0000][1692266][debug][gc,age      ] GC(167) Desired survivor size 20971520 bytes, new threshold 15 (max threshold 15)
[2025-08-20T03:51:39.751+0000][1692266][info ][gc,phases   ] GC(167)   Pre Evacuate Collection Set: 0.1ms
[2025-08-20T03:51:39.751+0000][1692266][info ][gc,phases   ] GC(167)   Merge Heap Roots: 0.0ms
[2025-08-20T03:51:39.751+0000][1692266][info ][gc,phases   ] GC(167)   Evacuate Collection Set: 1.7ms
[2025-08-20T03:51:39.751+0000][1692266][info ][gc,phases   ] GC(167)   Post Evacuate Collection Set: 0.8ms
[2025-08-20T03:51:39.751+0000][1692266][info ][gc,phases   ] GC(167)   Other: 0.0ms
[2025-08-20T03:51:39.751+0000][1692266][trace][gc,age      ] GC(167) Age table with threshold 15 (max threshold 15)
[2025-08-20T03:51:39.751+0000][1692266][trace][gc,age      ] GC(167) - age   1:     104784 bytes,     104784 total
[2025-08-20T03:51:39.751+0000][1692266][trace][gc,age      ] GC(167) - age   2:        128 bytes,     104912 total
[2025-08-20T03:51:39.751+0000][1692266][trace][gc,age      ] GC(167) - age   3:       1824 bytes,     106736 total
[2025-08-20T03:51:39.751+0000][1692266][trace][gc,age      ] GC(167) - age   4:        168 bytes,     106904 total
[2025-08-20T03:51:39.751+0000][1692266][trace][gc,age      ] GC(167) - age  11:        392 bytes,     107296 total
[2025-08-20T03:51:39.751+0000][1692266][trace][gc,age      ] GC(167) - age  12:         72 bytes,     107368 total
[2025-08-20T03:51:39.751+0000][1692266][trace][gc,age      ] GC(167) - age  15:         72 bytes,     107440 total
[2025-08-20T03:51:39.751+0000][1692266][info ][gc,heap     ] GC(167) Eden regions: 75->0(75)
[2025-08-20T03:51:39.751+0000][1692266][info ][gc,heap     ] GC(167) Survivor regions: 1->1(10)
[2025-08-20T03:51:39.751+0000][1692266][info ][gc,heap     ] GC(167) Old regions: 35->35
[2025-08-20T03:51:39.751+0000][1692266][info ][gc,heap     ] GC(167) Humongous regions: 0->0
[2025-08-20T03:51:39.751+0000][1692266][info ][gc,metaspace] GC(167) Metaspace: 144554K(148416K)->144554K(148416K) NonClass: 124934K(126976K)->124934K(126976K) Class: 19619K(21440K)->19619K(21440K)
[2025-08-20T03:51:39.751+0000][1692266][info ][gc          ] GC(167) Pause Young (Normal) (G1 Evacuation Pause) 437M->137M(512M) 3.111ms
[2025-08-20T03:51:39.751+0000][1692266][info ][gc,cpu      ] GC(167) User=0.00s Sys=0.00s Real=0.00s
[2025-08-20T03:51:39.751+0000][1692266][info ][safepoint   ] Safepoint "G1CollectForAllocation", Time since last: 154224635119 ns, Reaching safepoint: 9705 ns, Cleanup: 3195 ns, At safepoint: 3147913 ns, Total: 3160813 ns
[2025-08-20T03:52:05.753+0000][1692266][info ][safepoint   ] Safepoint "Cleanup", Time since last: 26001724949 ns, Reaching safepoint: 318882 ns, Cleanup: 11126 ns, At safepoint: 5969 ns, Total: 335977 ns
[2025-08-20T03:53:05.758+0000][1692266][info ][safepoint   ] Safepoint "Cleanup", Time since last: 60004697534 ns, Reaching safepoint: 41623 ns, Cleanup: 11006 ns, At safepoint: 4467 ns, Total: 57096 ns
[2025-08-20T03:55:50.771+0000][1692266][info ][safepoint   ] Safepoint "Cleanup", Time since last: 165013401311 ns, Reaching safepoint: 46610 ns, Cleanup: 11938 ns, At safepoint: 4517 ns, Total: 63065 ns
[2025-08-20T03:59:05.058+0000][1692266][info ][gc,start    ] GC(168) Pause Young (Normal) (G1 Evacuation Pause)
[2025-08-20T03:59:05.059+0000][1692266][info ][gc,task     ] GC(168) Using 1 workers of 1 for evacuation
[2025-08-20T03:59:05.059+0000][1692266][debug][gc,age      ] GC(168) Desired survivor size 20971520 bytes, new threshold 15 (max threshold 15)
[2025-08-20T03:59:05.061+0000][1692266][info ][gc,phases   ] GC(168)   Pre Evacuate Collection Set: 0.1ms
[2025-08-20T03:59:05.061+0000][1692266][info ][gc,phases   ] GC(168)   Merge Heap Roots: 0.0ms
[2025-08-20T03:59:05.061+0000][1692266][info ][gc,phases   ] GC(168)   Evacuate Collection Set: 1.5ms
[2025-08-20T03:59:05.061+0000][1692266][info ][gc,phases   ] GC(168)   Post Evacuate Collection Set: 0.8ms
[2025-08-20T03:59:05.061+0000][1692266][info ][gc,phases   ] GC(168)   Other: 0.0ms
[2025-08-20T03:59:05.061+0000][1692266][trace][gc,age      ] GC(168) Age table with threshold 15 (max threshold 15)
[2025-08-20T03:59:05.061+0000][1692266][trace][gc,age      ] GC(168) - age   1:      15664 bytes,      15664 total
[2025-08-20T03:59:05.061+0000][1692266][trace][gc,age      ] GC(168) - age   2:       1384 bytes,      17048 total
[2025-08-20T03:59:05.061+0000][1692266][trace][gc,age      ] GC(168) - age   4:       1824 bytes,      18872 total
[2025-08-20T03:59:05.061+0000][1692266][trace][gc,age      ] GC(168) - age   5:        168 bytes,      19040 total
[2025-08-20T03:59:05.061+0000][1692266][trace][gc,age      ] GC(168) - age  12:        392 bytes,      19432 total
[2025-08-20T03:59:05.061+0000][1692266][trace][gc,age      ] GC(168) - age  13:         72 bytes,      19504 total
[2025-08-20T03:59:05.061+0000][1692266][info ][gc,heap     ] GC(168) Eden regions: 75->0(75)
[2025-08-20T03:59:05.061+0000][1692266][info ][gc,heap     ] GC(168) Survivor regions: 1->1(10)
[2025-08-20T03:59:05.061+0000][1692266][info ][gc,heap     ] GC(168) Old regions: 35->35
[2025-08-20T03:59:05.061+0000][1692266][info ][gc,heap     ] GC(168) Humongous regions: 0->0
[2025-08-20T03:59:05.061+0000][1692266][info ][gc,metaspace] GC(168) Metaspace: 144554K(148416K)->144554K(148416K) NonClass: 124934K(126976K)->124934K(126976K) Class: 19619K(21440K)->19619K(21440K)
[2025-08-20T03:59:05.061+0000][1692266][info ][gc          ] GC(168) Pause Young (Normal) (G1 Evacuation Pause) 437M->137M(512M) 2.798ms
[2025-08-20T03:59:05.061+0000][1692266][info ][gc,cpu      ] GC(168) User=0.01s Sys=0.00s Real=0.00s
[2025-08-20T03:59:05.061+0000][1692266][info ][safepoint   ] Safepoint "G1CollectForAllocation", Time since last: 194286907368 ns, Reaching safepoint: 302527 ns, Cleanup: 2955 ns, At safepoint: 2836833 ns, Total: 3142315 ns
[2025-08-20T04:06:28.325+0000][1692266][info ][gc,start    ] GC(169) Pause Young (Normal) (G1 Evacuation Pause)
[2025-08-20T04:06:28.326+0000][1692266][info ][gc,task     ] GC(169) Using 1 workers of 1 for evacuation
[2025-08-20T04:06:28.326+0000][1692266][debug][gc,age      ] GC(169) Desired survivor size 20971520 bytes, new threshold 15 (max threshold 15)
[2025-08-20T04:06:28.329+0000][1692266][info ][gc,phases   ] GC(169)   Pre Evacuate Collection Set: 0.1ms
[2025-08-20T04:06:28.329+0000][1692266][info ][gc,phases   ] GC(169)   Merge Heap Roots: 0.0ms
[2025-08-20T04:06:28.329+0000][1692266][info ][gc,phases   ] GC(169)   Evacuate Collection Set: 1.5ms
[2025-08-20T04:06:28.329+0000][1692266][info ][gc,phases   ] GC(169)   Post Evacuate Collection Set: 1.0ms
[2025-08-20T04:06:28.329+0000][1692266][info ][gc,phases   ] GC(169)   Other: 0.0ms
[2025-08-20T04:06:28.329+0000][1692266][trace][gc,age      ] GC(169) Age table with threshold 15 (max threshold 15)
[2025-08-20T04:06:28.329+0000][1692266][trace][gc,age      ] GC(169) - age   1:      18504 bytes,      18504 total
[2025-08-20T04:06:28.329+0000][1692266][trace][gc,age      ] GC(169) - age   3:        408 bytes,      18912 total
[2025-08-20T04:06:28.329+0000][1692266][trace][gc,age      ] GC(169) - age   5:       1824 bytes,      20736 total
[2025-08-20T04:06:28.329+0000][1692266][trace][gc,age      ] GC(169) - age   6:        168 bytes,      20904 total
[2025-08-20T04:06:28.329+0000][1692266][trace][gc,age      ] GC(169) - age  13:        392 bytes,      21296 total
[2025-08-20T04:06:28.329+0000][1692266][trace][gc,age      ] GC(169) - age  14:         72 bytes,      21368 total
[2025-08-20T04:06:28.329+0000][1692266][info ][gc,heap     ] GC(169) Eden regions: 75->0(75)
[2025-08-20T04:06:28.329+0000][1692266][info ][gc,heap     ] GC(169) Survivor regions: 1->1(10)
[2025-08-20T04:06:28.329+0000][1692266][info ][gc,heap     ] GC(169) Old regions: 35->35
[2025-08-20T04:06:28.329+0000][1692266][info ][gc,heap     ] GC(169) Humongous regions: 0->0
[2025-08-20T04:06:28.329+0000][1692266][info ][gc,metaspace] GC(169) Metaspace: 144554K(148416K)->144554K(148416K) NonClass: 124934K(126976K)->124934K(126976K) Class: 19619K(21440K)->19619K(21440K)
[2025-08-20T04:06:28.329+0000][1692266][info ][gc          ] GC(169) Pause Young (Normal) (G1 Evacuation Pause) 437M->137M(512M) 3.149ms
[2025-08-20T04:06:28.329+0000][1692266][info ][gc,cpu      ] GC(169) User=0.00s Sys=0.00s Real=0.00s
[2025-08-20T04:06:28.329+0000][1692266][info ][safepoint   ] Safepoint "G1CollectForAllocation", Time since last: 443264243514 ns, Reaching safepoint: 40611 ns, Cleanup: 3175 ns, At safepoint: 3187123 ns, Total: 3230909 ns
[2025-08-20T04:13:51.606+0000][1692266][info ][gc,start    ] GC(170) Pause Young (Normal) (G1 Evacuation Pause)
[2025-08-20T04:13:51.606+0000][1692266][info ][gc,task     ] GC(170) Using 1 workers of 1 for evacuation
[2025-08-20T04:13:51.606+0000][1692266][debug][gc,age      ] GC(170) Desired survivor size 20971520 bytes, new threshold 15 (max threshold 15)
[2025-08-20T04:13:51.609+0000][1692266][info ][gc,phases   ] GC(170)   Pre Evacuate Collection Set: 0.0ms
[2025-08-20T04:13:51.609+0000][1692266][info ][gc,phases   ] GC(170)   Merge Heap Roots: 0.0ms
[2025-08-20T04:13:51.609+0000][1692266][info ][gc,phases   ] GC(170)   Evacuate Collection Set: 1.5ms
[2025-08-20T04:13:51.609+0000][1692266][info ][gc,phases   ] GC(170)   Post Evacuate Collection Set: 0.9ms
[2025-08-20T04:13:51.609+0000][1692266][info ][gc,phases   ] GC(170)   Other: 0.0ms
[2025-08-20T04:13:51.609+0000][1692266][trace][gc,age      ] GC(170) Age table with threshold 15 (max threshold 15)
[2025-08-20T04:13:51.609+0000][1692266][trace][gc,age      ] GC(170) - age   1:      16416 bytes,      16416 total
[2025-08-20T04:13:51.609+0000][1692266][trace][gc,age      ] GC(170) - age   2:       1344 bytes,      17760 total
[2025-08-20T04:13:51.609+0000][1692266][trace][gc,age      ] GC(170) - age   4:        408 bytes,      18168 total
[2025-08-20T04:13:51.609+0000][1692266][trace][gc,age      ] GC(170) - age   6:       1824 bytes,      19992 total
[2025-08-20T04:13:51.609+0000][1692266][trace][gc,age      ] GC(170) - age   7:        168 bytes,      20160 total
[2025-08-20T04:13:51.609+0000][1692266][trace][gc,age      ] GC(170) - age  14:        392 bytes,      20552 total
[2025-08-20T04:13:51.609+0000][1692266][trace][gc,age      ] GC(170) - age  15:         72 bytes,      20624 total
[2025-08-20T04:13:51.609+0000][1692266][info ][gc,heap     ] GC(170) Eden regions: 75->0(75)
[2025-08-20T04:13:51.609+0000][1692266][info ][gc,heap     ] GC(170) Survivor regions: 1->1(10)
[2025-08-20T04:13:51.609+0000][1692266][info ][gc,heap     ] GC(170) Old regions: 35->35
[2025-08-20T04:13:51.609+0000][1692266][info ][gc,heap     ] GC(170) Humongous regions: 0->0
[2025-08-20T04:13:51.609+0000][1692266][info ][gc,metaspace] GC(170) Metaspace: 144554K(148416K)->144554K(148416K) NonClass: 124934K(126976K)->124934K(126976K) Class: 19619K(21440K)->19619K(21440K)
[2025-08-20T04:13:51.609+0000][1692266][info ][gc          ] GC(170) Pause Young (Normal) (G1 Evacuation Pause) 437M->137M(512M) 2.737ms
[2025-08-20T04:13:51.609+0000][1692266][info ][gc,cpu      ] GC(170) User=0.01s Sys=0.00s Real=0.00s
[2025-08-20T04:13:51.609+0000][1692266][info ][safepoint   ] Safepoint "G1CollectForAllocation", Time since last: 443277222424 ns, Reaching safepoint: 9745 ns, Cleanup: 2283 ns, At safepoint: 2772196 ns, Total: 2784224 ns
[2025-08-20T04:20:53.636+0000][1692266][info ][safepoint   ] Safepoint "Cleanup", Time since last: 422027638758 ns, Reaching safepoint: 7482 ns, Cleanup: 11848 ns, At safepoint: 25719 ns, Total: 45049 ns
[2025-08-20T04:21:16.268+0000][1692266][info ][gc,start    ] GC(171) Pause Young (Normal) (G1 Evacuation Pause)
[2025-08-20T04:21:16.268+0000][1692266][info ][gc,task     ] GC(171) Using 1 workers of 1 for evacuation
[2025-08-20T04:21:16.268+0000][1692266][debug][gc,age      ] GC(171) Desired survivor size 20971520 bytes, new threshold 15 (max threshold 15)
[2025-08-20T04:21:16.270+0000][1692266][info ][gc,phases   ] GC(171)   Pre Evacuate Collection Set: 0.0ms
[2025-08-20T04:21:16.270+0000][1692266][info ][gc,phases   ] GC(171)   Merge Heap Roots: 0.0ms
[2025-08-20T04:21:16.270+0000][1692266][info ][gc,phases   ] GC(171)   Evacuate Collection Set: 1.6ms
[2025-08-20T04:21:16.270+0000][1692266][info ][gc,phases   ] GC(171)   Post Evacuate Collection Set: 0.8ms
[2025-08-20T04:21:16.270+0000][1692266][info ][gc,phases   ] GC(171)   Other: 0.3ms
[2025-08-20T04:21:16.270+0000][1692266][trace][gc,age      ] GC(171) Age table with threshold 15 (max threshold 15)
[2025-08-20T04:21:16.270+0000][1692266][trace][gc,age      ] GC(171) - age   1:      15696 bytes,      15696 total
[2025-08-20T04:21:16.270+0000][1692266][trace][gc,age      ] GC(171) - age   2:        128 bytes,      15824 total
[2025-08-20T04:21:16.270+0000][1692266][trace][gc,age      ] GC(171) - age   3:        680 bytes,      16504 total
[2025-08-20T04:21:16.270+0000][1692266][trace][gc,age      ] GC(171) - age   5:        408 bytes,      16912 total
[2025-08-20T04:21:16.270+0000][1692266][trace][gc,age      ] GC(171) - age   7:       1824 bytes,      18736 total
[2025-08-20T04:21:16.270+0000][1692266][trace][gc,age      ] GC(171) - age   8:        168 bytes,      18904 total
[2025-08-20T04:21:16.270+0000][1692266][trace][gc,age      ] GC(171) - age  15:        392 bytes,      19296 total
[2025-08-20T04:21:16.270+0000][1692266][info ][gc,heap     ] GC(171) Eden regions: 75->0(75)
[2025-08-20T04:21:16.270+0000][1692266][info ][gc,heap     ] GC(171) Survivor regions: 1->1(10)
[2025-08-20T04:21:16.270+0000][1692266][info ][gc,heap     ] GC(171) Old regions: 35->35
[2025-08-20T04:21:16.270+0000][1692266][info ][gc,heap     ] GC(171) Humongous regions: 0->0
[2025-08-20T04:21:16.270+0000][1692266][info ][gc,metaspace] GC(171) Metaspace: 144560K(148480K)->144560K(148480K) NonClass: 124940K(127040K)->124940K(127040K) Class: 19619K(21440K)->19619K(21440K)
[2025-08-20T04:21:16.270+0000][1692266][info ][gc          ] GC(171) Pause Young (Normal) (G1 Evacuation Pause) 437M->137M(512M) 2.828ms
[2025-08-20T04:21:16.270+0000][1692266][info ][gc,cpu      ] GC(171) User=0.00s Sys=0.00s Real=0.00s
[2025-08-20T04:21:16.270+0000][1692266][info ][safepoint   ] Safepoint "G1CollectForAllocation", Time since last: 22631263558 ns, Reaching safepoint: 8173 ns, Cleanup: 2744 ns, At safepoint: 2865367 ns, Total: 2876284 ns
[2025-08-20T04:28:40.167+0000][1692266][info ][gc,start    ] GC(172) Pause Young (Normal) (G1 Evacuation Pause)
[2025-08-20T04:28:40.168+0000][1692266][info ][gc,task     ] GC(172) Using 1 workers of 1 for evacuation
[2025-08-20T04:28:40.168+0000][1692266][debug][gc,age      ] GC(172) Desired survivor size 20971520 bytes, new threshold 15 (max threshold 15)
[2025-08-20T04:28:40.170+0000][1692266][info ][gc,phases   ] GC(172)   Pre Evacuate Collection Set: 0.0ms
[2025-08-20T04:28:40.170+0000][1692266][info ][gc,phases   ] GC(172)   Merge Heap Roots: 0.0ms
[2025-08-20T04:28:40.170+0000][1692266][info ][gc,phases   ] GC(172)   Evacuate Collection Set: 1.4ms
[2025-08-20T04:28:40.170+0000][1692266][info ][gc,phases   ] GC(172)   Post Evacuate Collection Set: 0.8ms
[2025-08-20T04:28:40.170+0000][1692266][info ][gc,phases   ] GC(172)   Other: 0.0ms
[2025-08-20T04:28:40.170+0000][1692266][trace][gc,age      ] GC(172) Age table with threshold 15 (max threshold 15)
[2025-08-20T04:28:40.170+0000][1692266][trace][gc,age      ] GC(172) - age   1:      50224 bytes,      50224 total
[2025-08-20T04:28:40.170+0000][1692266][trace][gc,age      ] GC(172) - age   2:        976 bytes,      51200 total
[2025-08-20T04:28:40.170+0000][1692266][trace][gc,age      ] GC(172) - age   4:        680 bytes,      51880 total
[2025-08-20T04:28:40.170+0000][1692266][trace][gc,age      ] GC(172) - age   6:        408 bytes,      52288 total
[2025-08-20T04:28:40.170+0000][1692266][trace][gc,age      ] GC(172) - age   8:       1824 bytes,      54112 total
[2025-08-20T04:28:40.170+0000][1692266][trace][gc,age      ] GC(172) - age   9:        168 bytes,      54280 total
[2025-08-20T04:28:40.170+0000][1692266][info ][gc,heap     ] GC(172) Eden regions: 75->0(75)
[2025-08-20T04:28:40.170+0000][1692266][info ][gc,heap     ] GC(172) Survivor regions: 1->1(10)
[2025-08-20T04:28:40.170+0000][1692266][info ][gc,heap     ] GC(172) Old regions: 35->35
[2025-08-20T04:28:40.170+0000][1692266][info ][gc,heap     ] GC(172) Humongous regions: 0->0
[2025-08-20T04:28:40.170+0000][1692266][info ][gc,metaspace] GC(172) Metaspace: 144561K(148480K)->144561K(148480K) NonClass: 124941K(127040K)->124941K(127040K) Class: 19619K(21440K)->19619K(21440K)
[2025-08-20T04:28:40.170+0000][1692266][info ][gc          ] GC(172) Pause Young (Normal) (G1 Evacuation Pause) 437M->137M(512M) 2.834ms
[2025-08-20T04:28:40.170+0000][1692266][info ][gc,cpu      ] GC(172) User=0.00s Sys=0.00s Real=0.00s
[2025-08-20T04:28:40.170+0000][1692266][info ][safepoint   ] Safepoint "G1CollectForAllocation", Time since last: 443896731179 ns, Reaching safepoint: 8893 ns, Cleanup: 3195 ns, At safepoint: 2871887 ns, Total: 2883975 ns
[2025-08-20T04:36:04.369+0000][1692266][info ][gc,start    ] GC(173) Pause Young (Normal) (G1 Evacuation Pause)
[2025-08-20T04:36:04.369+0000][1692266][info ][gc,task     ] GC(173) Using 1 workers of 1 for evacuation
[2025-08-20T04:36:04.369+0000][1692266][debug][gc,age      ] GC(173) Desired survivor size 20971520 bytes, new threshold 15 (max threshold 15)
[2025-08-20T04:36:04.371+0000][1692266][info ][gc,phases   ] GC(173)   Pre Evacuate Collection Set: 0.1ms
[2025-08-20T04:36:04.371+0000][1692266][info ][gc,phases   ] GC(173)   Merge Heap Roots: 0.0ms
[2025-08-20T04:36:04.371+0000][1692266][info ][gc,phases   ] GC(173)   Evacuate Collection Set: 1.3ms
[2025-08-20T04:36:04.371+0000][1692266][info ][gc,phases   ] GC(173)   Post Evacuate Collection Set: 0.8ms
[2025-08-20T04:36:04.371+0000][1692266][info ][gc,phases   ] GC(173)   Other: 0.0ms
[2025-08-20T04:36:04.371+0000][1692266][trace][gc,age      ] GC(173) Age table with threshold 15 (max threshold 15)
[2025-08-20T04:36:04.371+0000][1692266][trace][gc,age      ] GC(173) - age   1:      17296 bytes,      17296 total
[2025-08-20T04:36:04.371+0000][1692266][trace][gc,age      ] GC(173) - age   5:        680 bytes,      17976 total
[2025-08-20T04:36:04.371+0000][1692266][trace][gc,age      ] GC(173) - age   7:        408 bytes,      18384 total
[2025-08-20T04:36:04.371+0000][1692266][trace][gc,age      ] GC(173) - age   9:       1824 bytes,      20208 total
[2025-08-20T04:36:04.371+0000][1692266][trace][gc,age      ] GC(173) - age  10:        168 bytes,      20376 total
[2025-08-20T04:36:04.371+0000][1692266][info ][gc,heap     ] GC(173) Eden regions: 75->0(75)
[2025-08-20T04:36:04.371+0000][1692266][info ][gc,heap     ] GC(173) Survivor regions: 1->1(10)
[2025-08-20T04:36:04.371+0000][1692266][info ][gc,heap     ] GC(173) Old regions: 35->35
[2025-08-20T04:36:04.371+0000][1692266][info ][gc,heap     ] GC(173) Humongous regions: 0->0
[2025-08-20T04:36:04.371+0000][1692266][info ][gc,metaspace] GC(173) Metaspace: 144561K(148480K)->144561K(148480K) NonClass: 124941K(127040K)->124941K(127040K) Class: 19619K(21440K)->19619K(21440K)
[2025-08-20T04:36:04.371+0000][1692266][info ][gc          ] GC(173) Pause Young (Normal) (G1 Evacuation Pause) 437M->137M(512M) 2.697ms
[2025-08-20T04:36:04.371+0000][1692266][info ][gc,cpu      ] GC(173) User=0.00s Sys=0.00s Real=0.00s
[2025-08-20T04:36:04.371+0000][1692266][info ][safepoint   ] Safepoint "G1CollectForAllocation", Time since last: 444198454222 ns, Reaching safepoint: 8833 ns, Cleanup: 3395 ns, At safepoint: 2735451 ns, Total: 2747679 ns
[2025-08-20T04:43:27.703+0000][1692266][info ][gc,start    ] GC(174) Pause Young (Normal) (G1 Evacuation Pause)
[2025-08-20T04:43:27.703+0000][1692266][info ][gc,task     ] GC(174) Using 1 workers of 1 for evacuation
[2025-08-20T04:43:27.703+0000][1692266][debug][gc,age      ] GC(174) Desired survivor size 20971520 bytes, new threshold 15 (max threshold 15)
[2025-08-20T04:43:27.705+0000][1692266][info ][gc,phases   ] GC(174)   Pre Evacuate Collection Set: 0.0ms
[2025-08-20T04:43:27.705+0000][1692266][info ][gc,phases   ] GC(174)   Merge Heap Roots: 0.0ms
[2025-08-20T04:43:27.705+0000][1692266][info ][gc,phases   ] GC(174)   Evacuate Collection Set: 1.5ms
[2025-08-20T04:43:27.705+0000][1692266][info ][gc,phases   ] GC(174)   Post Evacuate Collection Set: 0.8ms
[2025-08-20T04:43:27.705+0000][1692266][info ][gc,phases   ] GC(174)   Other: 0.0ms
[2025-08-20T04:43:27.705+0000][1692266][trace][gc,age      ] GC(174) Age table with threshold 15 (max threshold 15)
[2025-08-20T04:43:27.705+0000][1692266][trace][gc,age      ] GC(174) - age   1:      17744 bytes,      17744 total
[2025-08-20T04:43:27.705+0000][1692266][trace][gc,age      ] GC(174) - age   2:        840 bytes,      18584 total
[2025-08-20T04:43:27.705+0000][1692266][trace][gc,age      ] GC(174) - age   6:        680 bytes,      19264 total
[2025-08-20T04:43:27.705+0000][1692266][trace][gc,age      ] GC(174) - age   8:        408 bytes,      19672 total
[2025-08-20T04:43:27.705+0000][1692266][trace][gc,age      ] GC(174) - age  10:       1824 bytes,      21496 total
[2025-08-20T04:43:27.705+0000][1692266][trace][gc,age      ] GC(174) - age  11:        168 bytes,      21664 total
[2025-08-20T04:43:27.705+0000][1692266][info ][gc,heap     ] GC(174) Eden regions: 75->0(75)
[2025-08-20T04:43:27.705+0000][1692266][info ][gc,heap     ] GC(174) Survivor regions: 1->1(10)
[2025-08-20T04:43:27.705+0000][1692266][info ][gc,heap     ] GC(174) Old regions: 35->35
[2025-08-20T04:43:27.705+0000][1692266][info ][gc,heap     ] GC(174) Humongous regions: 0->0
[2025-08-20T04:43:27.705+0000][1692266][info ][gc,metaspace] GC(174) Metaspace: 144562K(148480K)->144562K(148480K) NonClass: 124942K(127040K)->124942K(127040K) Class: 19619K(21440K)->19619K(21440K)
[2025-08-20T04:43:27.705+0000][1692266][info ][gc          ] GC(174) Pause Young (Normal) (G1 Evacuation Pause) 437M->137M(512M) 2.683ms
[2025-08-20T04:43:27.705+0000][1692266][info ][gc,cpu      ] GC(174) User=0.00s Sys=0.00s Real=0.01s
[2025-08-20T04:43:27.705+0000][1692266][info ][safepoint   ] Safepoint "G1CollectForAllocation", Time since last: 443331376879 ns, Reaching safepoint: 8493 ns, Cleanup: 2273 ns, At safepoint: 2720879 ns, Total: 2731645 ns
[2025-08-20T04:48:52.725+0000][1692266][info ][safepoint   ] Safepoint "Cleanup", Time since last: 325019211954 ns, Reaching safepoint: 44287 ns, Cleanup: 10987 ns, At safepoint: 4657 ns, Total: 59931 ns
[2025-08-20T04:50:52.742+0000][1692266][info ][gc,start    ] GC(175) Pause Young (Normal) (G1 Evacuation Pause)
[2025-08-20T04:50:52.742+0000][1692266][info ][gc,task     ] GC(175) Using 1 workers of 1 for evacuation
[2025-08-20T04:50:52.742+0000][1692266][debug][gc,age      ] GC(175) Desired survivor size 20971520 bytes, new threshold 15 (max threshold 15)
[2025-08-20T04:50:52.745+0000][1692266][info ][gc,phases   ] GC(175)   Pre Evacuate Collection Set: 0.0ms
[2025-08-20T04:50:52.745+0000][1692266][info ][gc,phases   ] GC(175)   Merge Heap Roots: 0.0ms
[2025-08-20T04:50:52.745+0000][1692266][info ][gc,phases   ] GC(175)   Evacuate Collection Set: 1.7ms
[2025-08-20T04:50:52.745+0000][1692266][info ][gc,phases   ] GC(175)   Post Evacuate Collection Set: 1.2ms
[2025-08-20T04:50:52.745+0000][1692266][info ][gc,phases   ] GC(175)   Other: 0.0ms
[2025-08-20T04:50:52.745+0000][1692266][trace][gc,age      ] GC(175) Age table with threshold 15 (max threshold 15)
[2025-08-20T04:50:52.745+0000][1692266][trace][gc,age      ] GC(175) - age   1:      85896 bytes,      85896 total
[2025-08-20T04:50:52.745+0000][1692266][trace][gc,age      ] GC(175) - age   2:       1928 bytes,      87824 total
[2025-08-20T04:50:52.745+0000][1692266][trace][gc,age      ] GC(175) - age   3:        176 bytes,      88000 total
[2025-08-20T04:50:52.745+0000][1692266][trace][gc,age      ] GC(175) - age   7:        680 bytes,      88680 total
[2025-08-20T04:50:52.745+0000][1692266][trace][gc,age      ] GC(175) - age   9:        232 bytes,      88912 total
[2025-08-20T04:50:52.745+0000][1692266][trace][gc,age      ] GC(175) - age  11:       1824 bytes,      90736 total
[2025-08-20T04:50:52.745+0000][1692266][trace][gc,age      ] GC(175) - age  12:        168 bytes,      90904 total
[2025-08-20T04:50:52.745+0000][1692266][info ][gc,heap     ] GC(175) Eden regions: 75->0(75)
[2025-08-20T04:50:52.745+0000][1692266][info ][gc,heap     ] GC(175) Survivor regions: 1->1(10)
[2025-08-20T04:50:52.745+0000][1692266][info ][gc,heap     ] GC(175) Old regions: 35->35
[2025-08-20T04:50:52.745+0000][1692266][info ][gc,heap     ] GC(175) Humongous regions: 0->0
[2025-08-20T04:50:52.745+0000][1692266][info ][gc,metaspace] GC(175) Metaspace: 144562K(148480K)->144562K(148480K) NonClass: 124942K(127040K)->124942K(127040K) Class: 19619K(21440K)->19619K(21440K)
[2025-08-20T04:50:52.745+0000][1692266][info ][gc          ] GC(175) Pause Young (Normal) (G1 Evacuation Pause) 437M->137M(512M) 3.324ms
[2025-08-20T04:50:52.745+0000][1692266][info ][gc,cpu      ] GC(175) User=0.01s Sys=0.00s Real=0.00s
[2025-08-20T04:50:52.745+0000][1692266][info ][safepoint   ] Safepoint "G1CollectForAllocation", Time since last: 120017089908 ns, Reaching safepoint: 8393 ns, Cleanup: 3095 ns, At safepoint: 3361335 ns, Total: 3372823 ns
[2025-08-20T04:55:52.763+0000][1692266][info ][safepoint   ] Safepoint "Cleanup", Time since last: 300018300010 ns, Reaching safepoint: 45719 ns, Cleanup: 13400 ns, At safepoint: 2564 ns, Total: 61683 ns
[2025-08-20T04:56:22.766+0000][1692266][info ][safepoint   ] Safepoint "Cleanup", Time since last: 30002176583 ns, Reaching safepoint: 34642 ns, Cleanup: 11477 ns, At safepoint: 2324 ns, Total: 48443 ns
[2025-08-20T04:56:52.768+0000][1692266][info ][safepoint   ] Safepoint "Cleanup", Time since last: 30001826613 ns, Reaching safepoint: 28123 ns, Cleanup: 11357 ns, At safepoint: 2173 ns, Total: 41653 ns
[2025-08-20T04:58:17.950+0000][1692266][info ][gc,start    ] GC(176) Pause Young (Normal) (G1 Evacuation Pause)
[2025-08-20T04:58:17.950+0000][1692266][info ][gc,task     ] GC(176) Using 1 workers of 1 for evacuation
[2025-08-20T04:58:17.950+0000][1692266][debug][gc,age      ] GC(176) Desired survivor size 20971520 bytes, new threshold 15 (max threshold 15)
[2025-08-20T04:58:17.952+0000][1692266][info ][gc,phases   ] GC(176)   Pre Evacuate Collection Set: 0.1ms
[2025-08-20T04:58:17.952+0000][1692266][info ][gc,phases   ] GC(176)   Merge Heap Roots: 0.0ms
[2025-08-20T04:58:17.952+0000][1692266][info ][gc,phases   ] GC(176)   Evacuate Collection Set: 1.3ms
[2025-08-20T04:58:17.952+0000][1692266][info ][gc,phases   ] GC(176)   Post Evacuate Collection Set: 0.8ms
[2025-08-20T04:58:17.952+0000][1692266][info ][gc,phases   ] GC(176)   Other: 0.0ms
[2025-08-20T04:58:17.952+0000][1692266][trace][gc,age      ] GC(176) Age table with threshold 15 (max threshold 15)
[2025-08-20T04:58:17.952+0000][1692266][trace][gc,age      ] GC(176) - age   1:      14792 bytes,      14792 total
[2025-08-20T04:58:17.952+0000][1692266][trace][gc,age      ] GC(176) - age   2:       1008 bytes,      15800 total
[2025-08-20T04:58:17.952+0000][1692266][trace][gc,age      ] GC(176) - age   3:       1592 bytes,      17392 total
[2025-08-20T04:58:17.952+0000][1692266][trace][gc,age      ] GC(176) - age   4:        176 bytes,      17568 total
[2025-08-20T04:58:17.952+0000][1692266][trace][gc,age      ] GC(176) - age   8:        680 bytes,      18248 total
[2025-08-20T04:58:17.952+0000][1692266][trace][gc,age      ] GC(176) - age  10:        232 bytes,      18480 total
[2025-08-20T04:58:17.952+0000][1692266][trace][gc,age      ] GC(176) - age  12:       1824 bytes,      20304 total
[2025-08-20T04:58:17.952+0000][1692266][trace][gc,age      ] GC(176) - age  13:        168 bytes,      20472 total
[2025-08-20T04:58:17.952+0000][1692266][info ][gc,heap     ] GC(176) Eden regions: 75->0(75)
[2025-08-20T04:58:17.952+0000][1692266][info ][gc,heap     ] GC(176) Survivor regions: 1->1(10)
[2025-08-20T04:58:17.952+0000][1692266][info ][gc,heap     ] GC(176) Old regions: 35->35
[2025-08-20T04:58:17.952+0000][1692266][info ][gc,heap     ] GC(176) Humongous regions: 0->0
[2025-08-20T04:58:17.952+0000][1692266][info ][gc,metaspace] GC(176) Metaspace: 144563K(148480K)->144563K(148480K) NonClass: 124943K(127040K)->124943K(127040K) Class: 19619K(21440K)->19619K(21440K)
[2025-08-20T04:58:17.952+0000][1692266][info ][gc          ] GC(176) Pause Young (Normal) (G1 Evacuation Pause) 437M->137M(512M) 2.592ms
[2025-08-20T04:58:17.952+0000][1692266][info ][gc,cpu      ] GC(176) User=0.00s Sys=0.00s Real=0.00s
[2025-08-20T04:58:17.952+0000][1692266][info ][safepoint   ] Safepoint "G1CollectForAllocation", Time since last: 85181987591 ns, Reaching safepoint: 221004 ns, Cleanup: 3555 ns, At safepoint: 2629481 ns, Total: 2854040 ns
[2025-08-20T05:00:53.962+0000][1692266][info ][safepoint   ] Safepoint "Cleanup", Time since last: 156009302676 ns, Reaching safepoint: 7411 ns, Cleanup: 11438 ns, At safepoint: 40681 ns, Total: 59530 ns
[2025-08-20T05:05:40.717+0000][1692266][info ][gc,start    ] GC(177) Pause Young (Normal) (G1 Evacuation Pause)
[2025-08-20T05:05:40.718+0000][1692266][info ][gc,task     ] GC(177) Using 1 workers of 1 for evacuation
[2025-08-20T05:05:40.718+0000][1692266][debug][gc,age      ] GC(177) Desired survivor size 20971520 bytes, new threshold 15 (max threshold 15)
[2025-08-20T05:05:40.720+0000][1692266][info ][gc,phases   ] GC(177)   Pre Evacuate Collection Set: 0.1ms
[2025-08-20T05:05:40.720+0000][1692266][info ][gc,phases   ] GC(177)   Merge Heap Roots: 0.0ms
[2025-08-20T05:05:40.720+0000][1692266][info ][gc,phases   ] GC(177)   Evacuate Collection Set: 1.4ms
[2025-08-20T05:05:40.720+0000][1692266][info ][gc,phases   ] GC(177)   Post Evacuate Collection Set: 0.8ms
[2025-08-20T05:05:40.720+0000][1692266][info ][gc,phases   ] GC(177)   Other: 0.2ms
[2025-08-20T05:05:40.720+0000][1692266][trace][gc,age      ] GC(177) Age table with threshold 15 (max threshold 15)
[2025-08-20T05:05:40.720+0000][1692266][trace][gc,age      ] GC(177) - age   1:      14560 bytes,      14560 total
[2025-08-20T05:05:40.720+0000][1692266][trace][gc,age      ] GC(177) - age   2:        360 bytes,      14920 total
[2025-08-20T05:05:40.720+0000][1692266][trace][gc,age      ] GC(177) - age   3:        792 bytes,      15712 total
[2025-08-20T05:05:40.720+0000][1692266][trace][gc,age      ] GC(177) - age   4:       1592 bytes,      17304 total
[2025-08-20T05:05:40.720+0000][1692266][trace][gc,age      ] GC(177) - age   5:        176 bytes,      17480 total
[2025-08-20T05:05:40.720+0000][1692266][trace][gc,age      ] GC(177) - age   9:        680 bytes,      18160 total
[2025-08-20T05:05:40.720+0000][1692266][trace][gc,age      ] GC(177) - age  11:        232 bytes,      18392 total
[2025-08-20T05:05:40.720+0000][1692266][trace][gc,age      ] GC(177) - age  13:       1824 bytes,      20216 total
[2025-08-20T05:05:40.720+0000][1692266][trace][gc,age      ] GC(177) - age  14:        168 bytes,      20384 total
[2025-08-20T05:05:40.720+0000][1692266][info ][gc,heap     ] GC(177) Eden regions: 75->0(75)
[2025-08-20T05:05:40.720+0000][1692266][info ][gc,heap     ] GC(177) Survivor regions: 1->1(10)
[2025-08-20T05:05:40.720+0000][1692266][info ][gc,heap     ] GC(177) Old regions: 35->35
[2025-08-20T05:05:40.720+0000][1692266][info ][gc,heap     ] GC(177) Humongous regions: 0->0
[2025-08-20T05:05:40.720+0000][1692266][info ][gc,metaspace] GC(177) Metaspace: 144563K(148480K)->144563K(148480K) NonClass: 124943K(127040K)->124943K(127040K) Class: 19619K(21440K)->19619K(21440K)
[2025-08-20T05:05:40.720+0000][1692266][info ][gc          ] GC(177) Pause Young (Normal) (G1 Evacuation Pause) 437M->137M(512M) 2.906ms
[2025-08-20T05:05:40.720+0000][1692266][info ][gc,cpu      ] GC(177) User=0.00s Sys=0.00s Real=0.00s
[2025-08-20T05:05:40.720+0000][1692266][info ][safepoint   ] Safepoint "G1CollectForAllocation", Time since last: 286755614206 ns, Reaching safepoint: 9344 ns, Cleanup: 2814 ns, At safepoint: 2998949 ns, Total: 3011107 ns
[2025-08-20T05:13:03.765+0000][1692266][info ][gc,start    ] GC(178) Pause Young (Normal) (G1 Evacuation Pause)
[2025-08-20T05:13:03.765+0000][1692266][info ][gc,task     ] GC(178) Using 1 workers of 1 for evacuation
[2025-08-20T05:13:03.765+0000][1692266][debug][gc,age      ] GC(178) Desired survivor size 20971520 bytes, new threshold 15 (max threshold 15)
[2025-08-20T05:13:03.768+0000][1692266][info ][gc,phases   ] GC(178)   Pre Evacuate Collection Set: 0.0ms
[2025-08-20T05:13:03.768+0000][1692266][info ][gc,phases   ] GC(178)   Merge Heap Roots: 0.0ms
[2025-08-20T05:13:03.768+0000][1692266][info ][gc,phases   ] GC(178)   Evacuate Collection Set: 1.5ms
[2025-08-20T05:13:03.768+0000][1692266][info ][gc,phases   ] GC(178)   Post Evacuate Collection Set: 0.8ms
[2025-08-20T05:13:03.768+0000][1692266][info ][gc,phases   ] GC(178)   Other: 0.0ms
[2025-08-20T05:13:03.768+0000][1692266][trace][gc,age      ] GC(178) Age table with threshold 15 (max threshold 15)
[2025-08-20T05:13:03.768+0000][1692266][trace][gc,age      ] GC(178) - age   1:      17240 bytes,      17240 total
[2025-08-20T05:13:03.768+0000][1692266][trace][gc,age      ] GC(178) - age   3:        248 bytes,      17488 total
[2025-08-20T05:13:03.768+0000][1692266][trace][gc,age      ] GC(178) - age   4:        240 bytes,      17728 total
[2025-08-20T05:13:03.768+0000][1692266][trace][gc,age      ] GC(178) - age   5:       1592 bytes,      19320 total
[2025-08-20T05:13:03.768+0000][1692266][trace][gc,age      ] GC(178) - age   6:        176 bytes,      19496 total
[2025-08-20T05:13:03.768+0000][1692266][trace][gc,age      ] GC(178) - age  10:        680 bytes,      20176 total
[2025-08-20T05:13:03.768+0000][1692266][trace][gc,age      ] GC(178) - age  12:        232 bytes,      20408 total
[2025-08-20T05:13:03.768+0000][1692266][trace][gc,age      ] GC(178) - age  14:       1824 bytes,      22232 total
[2025-08-20T05:13:03.768+0000][1692266][trace][gc,age      ] GC(178) - age  15:        168 bytes,      22400 total
[2025-08-20T05:13:03.768+0000][1692266][info ][gc,heap     ] GC(178) Eden regions: 75->0(75)
[2025-08-20T05:13:03.768+0000][1692266][info ][gc,heap     ] GC(178) Survivor regions: 1->1(10)
[2025-08-20T05:13:03.768+0000][1692266][info ][gc,heap     ] GC(178) Old regions: 35->35
[2025-08-20T05:13:03.768+0000][1692266][info ][gc,heap     ] GC(178) Humongous regions: 0->0
[2025-08-20T05:13:03.768+0000][1692266][info ][gc,metaspace] GC(178) Metaspace: 144563K(148480K)->144563K(148480K) NonClass: 124943K(127040K)->124943K(127040K) Class: 19619K(21440K)->19619K(21440K)
[2025-08-20T05:13:03.768+0000][1692266][info ][gc          ] GC(178) Pause Young (Normal) (G1 Evacuation Pause) 437M->137M(512M) 2.593ms
[2025-08-20T05:13:03.768+0000][1692266][info ][gc,cpu      ] GC(178) User=0.00s Sys=0.00s Real=0.01s
[2025-08-20T05:13:03.768+0000][1692266][info ][safepoint   ] Safepoint "G1CollectForAllocation", Time since last: 443044842811 ns, Reaching safepoint: 6170 ns, Cleanup: 2604 ns, At safepoint: 2631203 ns, Total: 2639977 ns
[2025-08-20T05:20:27.864+0000][1692266][info ][gc,start    ] GC(179) Pause Young (Normal) (G1 Evacuation Pause)
[2025-08-20T05:20:27.865+0000][1692266][info ][gc,task     ] GC(179) Using 1 workers of 1 for evacuation
[2025-08-20T05:20:27.865+0000][1692266][debug][gc,age      ] GC(179) Desired survivor size 20971520 bytes, new threshold 15 (max threshold 15)
[2025-08-20T05:20:27.867+0000][1692266][info ][gc,phases   ] GC(179)   Pre Evacuate Collection Set: 0.1ms
[2025-08-20T05:20:27.867+0000][1692266][info ][gc,phases   ] GC(179)   Merge Heap Roots: 0.0ms
[2025-08-20T05:20:27.867+0000][1692266][info ][gc,phases   ] GC(179)   Evacuate Collection Set: 1.4ms
[2025-08-20T05:20:27.867+0000][1692266][info ][gc,phases   ] GC(179)   Post Evacuate Collection Set: 0.8ms
[2025-08-20T05:20:27.867+0000][1692266][info ][gc,phases   ] GC(179)   Other: 0.0ms
[2025-08-20T05:20:27.867+0000][1692266][trace][gc,age      ] GC(179) Age table with threshold 15 (max threshold 15)
[2025-08-20T05:20:27.867+0000][1692266][trace][gc,age      ] GC(179) - age   1:      14112 bytes,      14112 total
[2025-08-20T05:20:27.867+0000][1692266][trace][gc,age      ] GC(179) - age   2:       1104 bytes,      15216 total
[2025-08-20T05:20:27.867+0000][1692266][trace][gc,age      ] GC(179) - age   4:        248 bytes,      15464 total
[2025-08-20T05:20:27.867+0000][1692266][trace][gc,age      ] GC(179) - age   5:        240 bytes,      15704 total
[2025-08-20T05:20:27.867+0000][1692266][trace][gc,age      ] GC(179) - age   6:       1592 bytes,      17296 total
[2025-08-20T05:20:27.867+0000][1692266][trace][gc,age      ] GC(179) - age   7:        176 bytes,      17472 total
[2025-08-20T05:20:27.867+0000][1692266][trace][gc,age      ] GC(179) - age  11:        680 bytes,      18152 total
[2025-08-20T05:20:27.867+0000][1692266][trace][gc,age      ] GC(179) - age  13:        232 bytes,      18384 total
[2025-08-20T05:20:27.867+0000][1692266][trace][gc,age      ] GC(179) - age  15:       1824 bytes,      20208 total
[2025-08-20T05:20:27.867+0000][1692266][info ][gc,heap     ] GC(179) Eden regions: 75->0(75)
[2025-08-20T05:20:27.867+0000][1692266][info ][gc,heap     ] GC(179) Survivor regions: 1->1(10)
[2025-08-20T05:20:27.867+0000][1692266][info ][gc,heap     ] GC(179) Old regions: 35->35
[2025-08-20T05:20:27.867+0000][1692266][info ][gc,heap     ] GC(179) Humongous regions: 0->0
[2025-08-20T05:20:27.867+0000][1692266][info ][gc,metaspace] GC(179) Metaspace: 144563K(148480K)->144563K(148480K) NonClass: 124943K(127040K)->124943K(127040K) Class: 19619K(21440K)->19619K(21440K)
[2025-08-20T05:20:27.867+0000][1692266][info ][gc          ] GC(179) Pause Young (Normal) (G1 Evacuation Pause) 437M->137M(512M) 2.914ms
[2025-08-20T05:20:27.867+0000][1692266][info ][gc,cpu      ] GC(179) User=0.00s Sys=0.00s Real=0.01s
[2025-08-20T05:20:27.867+0000][1692266][info ][safepoint   ] Safepoint "G1CollectForAllocation", Time since last: 444096252239 ns, Reaching safepoint: 8774 ns, Cleanup: 2964 ns, At safepoint: 2952869 ns, Total: 2964607 ns
[2025-08-20T05:27:50.941+0000][1692266][info ][gc,start    ] GC(180) Pause Young (Normal) (G1 Evacuation Pause)
[2025-08-20T05:27:50.941+0000][1692266][info ][gc,task     ] GC(180) Using 1 workers of 1 for evacuation
[2025-08-20T05:27:50.941+0000][1692266][debug][gc,age      ] GC(180) Desired survivor size 20971520 bytes, new threshold 15 (max threshold 15)
[2025-08-20T05:27:50.943+0000][1692266][info ][gc,phases   ] GC(180)   Pre Evacuate Collection Set: 0.0ms
[2025-08-20T05:27:50.943+0000][1692266][info ][gc,phases   ] GC(180)   Merge Heap Roots: 0.0ms
[2025-08-20T05:27:50.943+0000][1692266][info ][gc,phases   ] GC(180)   Evacuate Collection Set: 1.4ms
[2025-08-20T05:27:50.943+0000][1692266][info ][gc,phases   ] GC(180)   Post Evacuate Collection Set: 0.8ms
[2025-08-20T05:27:50.943+0000][1692266][info ][gc,phases   ] GC(180)   Other: 0.0ms
[2025-08-20T05:27:50.943+0000][1692266][trace][gc,age      ] GC(180) Age table with threshold 15 (max threshold 15)
[2025-08-20T05:27:50.943+0000][1692266][trace][gc,age      ] GC(180) - age   1:      15216 bytes,      15216 total
[2025-08-20T05:27:50.943+0000][1692266][trace][gc,age      ] GC(180) - age   5:        248 bytes,      15464 total
[2025-08-20T05:27:50.943+0000][1692266][trace][gc,age      ] GC(180) - age   6:        240 bytes,      15704 total
[2025-08-20T05:27:50.943+0000][1692266][trace][gc,age      ] GC(180) - age   7:       1592 bytes,      17296 total
[2025-08-20T05:27:50.943+0000][1692266][trace][gc,age      ] GC(180) - age   8:        176 bytes,      17472 total
[2025-08-20T05:27:50.943+0000][1692266][trace][gc,age      ] GC(180) - age  12:        680 bytes,      18152 total
[2025-08-20T05:27:50.943+0000][1692266][trace][gc,age      ] GC(180) - age  14:        232 bytes,      18384 total
[2025-08-20T05:27:50.943+0000][1692266][info ][gc,heap     ] GC(180) Eden regions: 75->0(75)
[2025-08-20T05:27:50.943+0000][1692266][info ][gc,heap     ] GC(180) Survivor regions: 1->1(10)
[2025-08-20T05:27:50.943+0000][1692266][info ][gc,heap     ] GC(180) Old regions: 35->35
[2025-08-20T05:27:50.943+0000][1692266][info ][gc,heap     ] GC(180) Humongous regions: 0->0
[2025-08-20T05:27:50.943+0000][1692266][info ][gc,metaspace] GC(180) Metaspace: 144563K(148480K)->144563K(148480K) NonClass: 124943K(127040K)->124943K(127040K) Class: 19619K(21440K)->19619K(21440K)
[2025-08-20T05:27:50.943+0000][1692266][info ][gc          ] GC(180) Pause Young (Normal) (G1 Evacuation Pause) 437M->137M(512M) 2.861ms
[2025-08-20T05:27:50.944+0000][1692266][info ][gc,cpu      ] GC(180) User=0.01s Sys=0.00s Real=0.00s
[2025-08-20T05:27:50.944+0000][1692266][info ][safepoint   ] Safepoint "G1CollectForAllocation", Time since last: 443073490300 ns, Reaching safepoint: 10045 ns, Cleanup: 2904 ns, At safepoint: 2898027 ns, Total: 2910976 ns
[2025-08-20T05:35:14.570+0000][1692266][info ][gc,start    ] GC(181) Pause Young (Normal) (G1 Evacuation Pause)
[2025-08-20T05:35:14.570+0000][1692266][info ][gc,task     ] GC(181) Using 1 workers of 1 for evacuation
[2025-08-20T05:35:14.570+0000][1692266][debug][gc,age      ] GC(181) Desired survivor size 20971520 bytes, new threshold 15 (max threshold 15)
[2025-08-20T05:35:14.573+0000][1692266][info ][gc,phases   ] GC(181)   Pre Evacuate Collection Set: 0.1ms
[2025-08-20T05:35:14.573+0000][1692266][info ][gc,phases   ] GC(181)   Merge Heap Roots: 0.0ms
[2025-08-20T05:35:14.573+0000][1692266][info ][gc,phases   ] GC(181)   Evacuate Collection Set: 1.5ms
[2025-08-20T05:35:14.573+0000][1692266][info ][gc,phases   ] GC(181)   Post Evacuate Collection Set: 1.1ms
[2025-08-20T05:35:14.573+0000][1692266][info ][gc,phases   ] GC(181)   Other: 0.0ms
[2025-08-20T05:35:14.573+0000][1692266][trace][gc,age      ] GC(181) Age table with threshold 15 (max threshold 15)
[2025-08-20T05:35:14.573+0000][1692266][trace][gc,age      ] GC(181) - age   1:      16240 bytes,      16240 total
[2025-08-20T05:35:14.573+0000][1692266][trace][gc,age      ] GC(181) - age   2:        664 bytes,      16904 total
[2025-08-20T05:35:14.573+0000][1692266][trace][gc,age      ] GC(181) - age   6:        248 bytes,      17152 total
[2025-08-20T05:35:14.573+0000][1692266][trace][gc,age      ] GC(181) - age   7:        240 bytes,      17392 total
[2025-08-20T05:35:14.573+0000][1692266][trace][gc,age      ] GC(181) - age   8:       1592 bytes,      18984 total
[2025-08-20T05:35:14.573+0000][1692266][trace][gc,age      ] GC(181) - age   9:        176 bytes,      19160 total
[2025-08-20T05:35:14.573+0000][1692266][trace][gc,age      ] GC(181) - age  13:        680 bytes,      19840 total
[2025-08-20T05:35:14.573+0000][1692266][trace][gc,age      ] GC(181) - age  15:        232 bytes,      20072 total
[2025-08-20T05:35:14.573+0000][1692266][info ][gc,heap     ] GC(181) Eden regions: 75->0(75)
[2025-08-20T05:35:14.573+0000][1692266][info ][gc,heap     ] GC(181) Survivor regions: 1->1(10)
[2025-08-20T05:35:14.573+0000][1692266][info ][gc,heap     ] GC(181) Old regions: 35->35
[2025-08-20T05:35:14.573+0000][1692266][info ][gc,heap     ] GC(181) Humongous regions: 0->0
[2025-08-20T05:35:14.573+0000][1692266][info ][gc,metaspace] GC(181) Metaspace: 144565K(148480K)->144565K(148480K) NonClass: 124945K(127040K)->124945K(127040K) Class: 19619K(21440K)->19619K(21440K)
[2025-08-20T05:35:14.573+0000][1692266][info ][gc          ] GC(181) Pause Young (Normal) (G1 Evacuation Pause) 437M->137M(512M) 3.003ms
[2025-08-20T05:35:14.573+0000][1692266][info ][gc,cpu      ] GC(181) User=0.01s Sys=0.00s Real=0.00s
[2025-08-20T05:35:14.573+0000][1692266][info ][safepoint   ] Safepoint "G1CollectForAllocation", Time since last: 443626691138 ns, Reaching safepoint: 8473 ns, Cleanup: 2614 ns, At safepoint: 3041833 ns, Total: 3052920 ns
[2025-08-20T05:35:54.576+0000][1692266][info ][safepoint   ] Safepoint "Cleanup", Time since last: 40002352065 ns, Reaching safepoint: 7802 ns, Cleanup: 11437 ns, At safepoint: 2424 ns, Total: 21663 ns
[2025-08-20T05:40:54.594+0000][1692266][info ][safepoint   ] Safepoint "Cleanup", Time since last: 300017997994 ns, Reaching safepoint: 7471 ns, Cleanup: 10836 ns, At safepoint: 2304 ns, Total: 20611 ns
[2025-08-20T05:42:39.022+0000][1692266][info ][gc,start    ] GC(182) Pause Young (Normal) (G1 Evacuation Pause)
[2025-08-20T05:42:39.023+0000][1692266][info ][gc,task     ] GC(182) Using 1 workers of 1 for evacuation
[2025-08-20T05:42:39.023+0000][1692266][debug][gc,age      ] GC(182) Desired survivor size 20971520 bytes, new threshold 15 (max threshold 15)
[2025-08-20T05:42:39.025+0000][1692266][info ][gc,phases   ] GC(182)   Pre Evacuate Collection Set: 0.1ms
[2025-08-20T05:42:39.025+0000][1692266][info ][gc,phases   ] GC(182)   Merge Heap Roots: 0.0ms
[2025-08-20T05:42:39.025+0000][1692266][info ][gc,phases   ] GC(182)   Evacuate Collection Set: 1.6ms
[2025-08-20T05:42:39.025+0000][1692266][info ][gc,phases   ] GC(182)   Post Evacuate Collection Set: 0.8ms
[2025-08-20T05:42:39.025+0000][1692266][info ][gc,phases   ] GC(182)   Other: 0.0ms
[2025-08-20T05:42:39.025+0000][1692266][trace][gc,age      ] GC(182) Age table with threshold 15 (max threshold 15)
[2025-08-20T05:42:39.025+0000][1692266][trace][gc,age      ] GC(182) - age   1:      16880 bytes,      16880 total
[2025-08-20T05:42:39.025+0000][1692266][trace][gc,age      ] GC(182) - age   7:        248 bytes,      17128 total
[2025-08-20T05:42:39.025+0000][1692266][trace][gc,age      ] GC(182) - age   8:        240 bytes,      17368 total
[2025-08-20T05:42:39.025+0000][1692266][trace][gc,age      ] GC(182) - age   9:       1592 bytes,      18960 total
[2025-08-20T05:42:39.025+0000][1692266][trace][gc,age      ] GC(182) - age  10:        176 bytes,      19136 total
[2025-08-20T05:42:39.025+0000][1692266][trace][gc,age      ] GC(182) - age  14:        680 bytes,      19816 total
[2025-08-20T05:42:39.025+0000][1692266][info ][gc,heap     ] GC(182) Eden regions: 75->0(75)
[2025-08-20T05:42:39.025+0000][1692266][info ][gc,heap     ] GC(182) Survivor regions: 1->1(10)
[2025-08-20T05:42:39.025+0000][1692266][info ][gc,heap     ] GC(182) Old regions: 35->35
[2025-08-20T05:42:39.025+0000][1692266][info ][gc,heap     ] GC(182) Humongous regions: 0->0
[2025-08-20T05:42:39.025+0000][1692266][info ][gc,metaspace] GC(182) Metaspace: 144567K(148480K)->144567K(148480K) NonClass: 124948K(127040K)->124948K(127040K) Class: 19619K(21440K)->19619K(21440K)
[2025-08-20T05:42:39.025+0000][1692266][info ][gc          ] GC(182) Pause Young (Normal) (G1 Evacuation Pause) 437M->137M(512M) 3.053ms
[2025-08-20T05:42:39.025+0000][1692266][info ][gc,cpu      ] GC(182) User=0.00s Sys=0.00s Real=0.01s
[2025-08-20T05:42:39.025+0000][1692266][info ][safepoint   ] Safepoint "G1CollectForAllocation", Time since last: 104428481045 ns, Reaching safepoint: 189907 ns, Cleanup: 3666 ns, At safepoint: 3094323 ns, Total: 3287896 ns
[2025-08-20T05:45:54.037+0000][1692266][info ][safepoint   ] Safepoint "Cleanup", Time since last: 195011527532 ns, Reaching safepoint: 7161 ns, Cleanup: 10646 ns, At safepoint: 35553 ns, Total: 53360 ns
[2025-08-20T05:50:00.083+0000][1692266][info ][gc,start    ] GC(183) Pause Young (Normal) (G1 Evacuation Pause)
[2025-08-20T05:50:00.083+0000][1692266][info ][gc,task     ] GC(183) Using 1 workers of 1 for evacuation
[2025-08-20T05:50:00.083+0000][1692266][debug][gc,age      ] GC(183) Desired survivor size 20971520 bytes, new threshold 15 (max threshold 15)
[2025-08-20T05:50:00.085+0000][1692266][info ][gc,phases   ] GC(183)   Pre Evacuate Collection Set: 0.1ms
[2025-08-20T05:50:00.085+0000][1692266][info ][gc,phases   ] GC(183)   Merge Heap Roots: 0.0ms
[2025-08-20T05:50:00.085+0000][1692266][info ][gc,phases   ] GC(183)   Evacuate Collection Set: 1.5ms
[2025-08-20T05:50:00.085+0000][1692266][info ][gc,phases   ] GC(183)   Post Evacuate Collection Set: 0.9ms
[2025-08-20T05:50:00.085+0000][1692266][info ][gc,phases   ] GC(183)   Other: 0.0ms
[2025-08-20T05:50:00.085+0000][1692266][trace][gc,age      ] GC(183) Age table with threshold 15 (max threshold 15)
[2025-08-20T05:50:00.085+0000][1692266][trace][gc,age      ] GC(183) - age   1:      15896 bytes,      15896 total
[2025-08-20T05:50:00.085+0000][1692266][trace][gc,age      ] GC(183) - age   2:       1104 bytes,      17000 total
[2025-08-20T05:50:00.085+0000][1692266][trace][gc,age      ] GC(183) - age   8:        248 bytes,      17248 total
[2025-08-20T05:50:00.085+0000][1692266][trace][gc,age      ] GC(183) - age   9:        240 bytes,      17488 total
[2025-08-20T05:50:00.085+0000][1692266][trace][gc,age      ] GC(183) - age  10:       1592 bytes,      19080 total
[2025-08-20T05:50:00.085+0000][1692266][trace][gc,age      ] GC(183) - age  11:        176 bytes,      19256 total
[2025-08-20T05:50:00.085+0000][1692266][trace][gc,age      ] GC(183) - age  15:        680 bytes,      19936 total
[2025-08-20T05:50:00.085+0000][1692266][info ][gc,heap     ] GC(183) Eden regions: 75->0(75)
[2025-08-20T05:50:00.085+0000][1692266][info ][gc,heap     ] GC(183) Survivor regions: 1->1(10)
[2025-08-20T05:50:00.085+0000][1692266][info ][gc,heap     ] GC(183) Old regions: 35->35
[2025-08-20T05:50:00.085+0000][1692266][info ][gc,heap     ] GC(183) Humongous regions: 0->0
[2025-08-20T05:50:00.085+0000][1692266][info ][gc,metaspace] GC(183) Metaspace: 144567K(148480K)->144567K(148480K) NonClass: 124948K(127040K)->124948K(127040K) Class: 19619K(21440K)->19619K(21440K)
[2025-08-20T05:50:00.085+0000][1692266][info ][gc          ] GC(183) Pause Young (Normal) (G1 Evacuation Pause) 437M->137M(512M) 2.788ms
[2025-08-20T05:50:00.085+0000][1692266][info ][gc,cpu      ] GC(183) User=0.00s Sys=0.00s Real=0.00s
[2025-08-20T05:50:00.085+0000][1692266][info ][safepoint   ] Safepoint "G1CollectForAllocation", Time since last: 246045474002 ns, Reaching safepoint: 8493 ns, Cleanup: 2453 ns, At safepoint: 2825217 ns, Total: 2836163 ns
[2025-08-20T05:57:24.961+0000][1692266][info ][gc,start    ] GC(184) Pause Young (Normal) (G1 Evacuation Pause)
[2025-08-20T05:57:24.961+0000][1692266][info ][gc,task     ] GC(184) Using 1 workers of 1 for evacuation
[2025-08-20T05:57:24.961+0000][1692266][debug][gc,age      ] GC(184) Desired survivor size 20971520 bytes, new threshold 15 (max threshold 15)
[2025-08-20T05:57:24.964+0000][1692266][info ][gc,phases   ] GC(184)   Pre Evacuate Collection Set: 0.0ms
[2025-08-20T05:57:24.964+0000][1692266][info ][gc,phases   ] GC(184)   Merge Heap Roots: 0.0ms
[2025-08-20T05:57:24.964+0000][1692266][info ][gc,phases   ] GC(184)   Evacuate Collection Set: 1.7ms
[2025-08-20T05:57:24.964+0000][1692266][info ][gc,phases   ] GC(184)   Post Evacuate Collection Set: 0.8ms
[2025-08-20T05:57:24.964+0000][1692266][info ][gc,phases   ] GC(184)   Other: 0.0ms
[2025-08-20T05:57:24.964+0000][1692266][trace][gc,age      ] GC(184) Age table with threshold 15 (max threshold 15)
[2025-08-20T05:57:24.964+0000][1692266][trace][gc,age      ] GC(184) - age   1:      28664 bytes,      28664 total
[2025-08-20T05:57:24.964+0000][1692266][trace][gc,age      ] GC(184) - age   9:        248 bytes,      28912 total
[2025-08-20T05:57:24.964+0000][1692266][trace][gc,age      ] GC(184) - age  10:         64 bytes,      28976 total
[2025-08-20T05:57:24.964+0000][1692266][trace][gc,age      ] GC(184) - age  11:       1592 bytes,      30568 total
[2025-08-20T05:57:24.964+0000][1692266][trace][gc,age      ] GC(184) - age  12:        176 bytes,      30744 total
[2025-08-20T05:57:24.964+0000][1692266][info ][gc,heap     ] GC(184) Eden regions: 75->0(75)
[2025-08-20T05:57:24.964+0000][1692266][info ][gc,heap     ] GC(184) Survivor regions: 1->1(10)
[2025-08-20T05:57:24.964+0000][1692266][info ][gc,heap     ] GC(184) Old regions: 35->35
[2025-08-20T05:57:24.964+0000][1692266][info ][gc,heap     ] GC(184) Humongous regions: 0->0
[2025-08-20T05:57:24.964+0000][1692266][info ][gc,metaspace] GC(184) Metaspace: 144568K(148480K)->144568K(148480K) NonClass: 124949K(127040K)->124949K(127040K) Class: 19619K(21440K)->19619K(21440K)
[2025-08-20T05:57:24.964+0000][1692266][info ][gc          ] GC(184) Pause Young (Normal) (G1 Evacuation Pause) 437M->137M(512M) 2.756ms
[2025-08-20T05:57:24.964+0000][1692266][info ][gc,cpu      ] GC(184) User=0.01s Sys=0.00s Real=0.00s
[2025-08-20T05:57:24.964+0000][1692266][info ][safepoint   ] Safepoint "G1CollectForAllocation", Time since last: 444875477447 ns, Reaching safepoint: 257409 ns, Cleanup: 2764 ns, At safepoint: 2791265 ns, Total: 3051438 ns
[2025-08-20T06:04:50.323+0000][1692266][info ][gc,start    ] GC(185) Pause Young (Normal) (G1 Evacuation Pause)
[2025-08-20T06:04:50.324+0000][1692266][info ][gc,task     ] GC(185) Using 1 workers of 1 for evacuation
[2025-08-20T06:04:50.324+0000][1692266][debug][gc,age      ] GC(185) Desired survivor size 20971520 bytes, new threshold 15 (max threshold 15)
[2025-08-20T06:04:50.326+0000][1692266][info ][gc,phases   ] GC(185)   Pre Evacuate Collection Set: 0.1ms
[2025-08-20T06:04:50.326+0000][1692266][info ][gc,phases   ] GC(185)   Merge Heap Roots: 0.0ms
[2025-08-20T06:04:50.326+0000][1692266][info ][gc,phases   ] GC(185)   Evacuate Collection Set: 1.3ms
[2025-08-20T06:04:50.326+0000][1692266][info ][gc,phases   ] GC(185)   Post Evacuate Collection Set: 0.8ms
[2025-08-20T06:04:50.326+0000][1692266][info ][gc,phases   ] GC(185)   Other: 0.0ms
[2025-08-20T06:04:50.326+0000][1692266][trace][gc,age      ] GC(185) Age table with threshold 15 (max threshold 15)
[2025-08-20T06:04:50.326+0000][1692266][trace][gc,age      ] GC(185) - age   1:      14888 bytes,      14888 total
[2025-08-20T06:04:50.326+0000][1692266][trace][gc,age      ] GC(185) - age   2:        840 bytes,      15728 total
[2025-08-20T06:04:50.326+0000][1692266][trace][gc,age      ] GC(185) - age  10:        248 bytes,      15976 total
[2025-08-20T06:04:50.326+0000][1692266][trace][gc,age      ] GC(185) - age  11:         64 bytes,      16040 total
[2025-08-20T06:04:50.326+0000][1692266][trace][gc,age      ] GC(185) - age  12:       1592 bytes,      17632 total
[2025-08-20T06:04:50.326+0000][1692266][trace][gc,age      ] GC(185) - age  13:        176 bytes,      17808 total
[2025-08-20T06:04:50.326+0000][1692266][info ][gc,heap     ] GC(185) Eden regions: 75->0(75)
[2025-08-20T06:04:50.326+0000][1692266][info ][gc,heap     ] GC(185) Survivor regions: 1->1(10)
[2025-08-20T06:04:50.326+0000][1692266][info ][gc,heap     ] GC(185) Old regions: 35->35
[2025-08-20T06:04:50.326+0000][1692266][info ][gc,heap     ] GC(185) Humongous regions: 0->0
[2025-08-20T06:04:50.326+0000][1692266][info ][gc,metaspace] GC(185) Metaspace: 144571K(148480K)->144571K(148480K) NonClass: 124951K(127040K)->124951K(127040K) Class: 19619K(21440K)->19619K(21440K)
[2025-08-20T06:04:50.326+0000][1692266][info ][gc          ] GC(185) Pause Young (Normal) (G1 Evacuation Pause) 437M->137M(512M) 2.776ms
[2025-08-20T06:04:50.326+0000][1692266][info ][gc,cpu      ] GC(185) User=0.00s Sys=0.00s Real=0.01s
[2025-08-20T06:04:50.326+0000][1692266][info ][safepoint   ] Safepoint "G1CollectForAllocation", Time since last: 445359541884 ns, Reaching safepoint: 9364 ns, Cleanup: 3125 ns, At safepoint: 2815261 ns, Total: 2827750 ns
[2025-08-20T06:05:54.334+0000][1692266][info ][safepoint   ] Safepoint "Cleanup", Time since last: 64007712284 ns, Reaching safepoint: 5669 ns, Cleanup: 8603 ns, At safepoint: 63125 ns, Total: 77397 ns
[2025-08-20T06:12:15.185+0000][1692266][info ][gc,start    ] GC(186) Pause Young (Normal) (G1 Evacuation Pause)
[2025-08-20T06:12:15.185+0000][1692266][info ][gc,task     ] GC(186) Using 1 workers of 1 for evacuation
[2025-08-20T06:12:15.185+0000][1692266][debug][gc,age      ] GC(186) Desired survivor size 20971520 bytes, new threshold 15 (max threshold 15)
[2025-08-20T06:12:15.188+0000][1692266][info ][gc,phases   ] GC(186)   Pre Evacuate Collection Set: 0.1ms
[2025-08-20T06:12:15.188+0000][1692266][info ][gc,phases   ] GC(186)   Merge Heap Roots: 0.0ms
[2025-08-20T06:12:15.188+0000][1692266][info ][gc,phases   ] GC(186)   Evacuate Collection Set: 1.6ms
[2025-08-20T06:12:15.188+0000][1692266][info ][gc,phases   ] GC(186)   Post Evacuate Collection Set: 0.8ms
[2025-08-20T06:12:15.188+0000][1692266][info ][gc,phases   ] GC(186)   Other: 0.0ms
[2025-08-20T06:12:15.188+0000][1692266][trace][gc,age      ] GC(186) Age table with threshold 15 (max threshold 15)
[2025-08-20T06:12:15.188+0000][1692266][trace][gc,age      ] GC(186) - age   1:      16920 bytes,      16920 total
[2025-08-20T06:12:15.188+0000][1692266][trace][gc,age      ] GC(186) - age   3:        176 bytes,      17096 total
[2025-08-20T06:12:15.188+0000][1692266][trace][gc,age      ] GC(186) - age  11:        248 bytes,      17344 total
[2025-08-20T06:12:15.188+0000][1692266][trace][gc,age      ] GC(186) - age  12:         64 bytes,      17408 total
[2025-08-20T06:12:15.188+0000][1692266][trace][gc,age      ] GC(186) - age  13:       1592 bytes,      19000 total
[2025-08-20T06:12:15.188+0000][1692266][trace][gc,age      ] GC(186) - age  14:        176 bytes,      19176 total
[2025-08-20T06:12:15.188+0000][1692266][info ][gc,heap     ] GC(186) Eden regions: 75->0(75)
[2025-08-20T06:12:15.188+0000][1692266][info ][gc,heap     ] GC(186) Survivor regions: 1->1(10)
[2025-08-20T06:12:15.188+0000][1692266][info ][gc,heap     ] GC(186) Old regions: 35->35
[2025-08-20T06:12:15.188+0000][1692266][info ][gc,heap     ] GC(186) Humongous regions: 0->0
[2025-08-20T06:12:15.188+0000][1692266][info ][gc,metaspace] GC(186) Metaspace: 144579K(148480K)->144579K(148480K) NonClass: 124959K(127040K)->124959K(127040K) Class: 19619K(21440K)->19619K(21440K)
[2025-08-20T06:12:15.188+0000][1692266][info ][gc          ] GC(186) Pause Young (Normal) (G1 Evacuation Pause) 437M->137M(512M) 2.943ms
[2025-08-20T06:12:15.188+0000][1692266][info ][gc,cpu      ] GC(186) User=0.00s Sys=0.00s Real=0.01s
[2025-08-20T06:12:15.188+0000][1692266][info ][safepoint   ] Safepoint "G1CollectForAllocation", Time since last: 380851007756 ns, Reaching safepoint: 9705 ns, Cleanup: 3415 ns, At safepoint: 2979810 ns, Total: 2992930 ns
[2025-08-20T06:19:39.413+0000][1692266][info ][gc,start    ] GC(187) Pause Young (Normal) (G1 Evacuation Pause)
[2025-08-20T06:19:39.414+0000][1692266][info ][gc,task     ] GC(187) Using 1 workers of 1 for evacuation
[2025-08-20T06:19:39.414+0000][1692266][debug][gc,age      ] GC(187) Desired survivor size 20971520 bytes, new threshold 15 (max threshold 15)
[2025-08-20T06:19:39.416+0000][1692266][info ][gc,phases   ] GC(187)   Pre Evacuate Collection Set: 0.1ms
[2025-08-20T06:19:39.416+0000][1692266][info ][gc,phases   ] GC(187)   Merge Heap Roots: 0.0ms
[2025-08-20T06:19:39.416+0000][1692266][info ][gc,phases   ] GC(187)   Evacuate Collection Set: 1.3ms
[2025-08-20T06:19:39.416+0000][1692266][info ][gc,phases   ] GC(187)   Post Evacuate Collection Set: 0.8ms
[2025-08-20T06:19:39.416+0000][1692266][info ][gc,phases   ] GC(187)   Other: 0.0ms
[2025-08-20T06:19:39.416+0000][1692266][trace][gc,age      ] GC(187) Age table with threshold 15 (max threshold 15)
[2025-08-20T06:19:39.416+0000][1692266][trace][gc,age      ] GC(187) - age   1:      15952 bytes,      15952 total
[2025-08-20T06:19:39.416+0000][1692266][trace][gc,age      ] GC(187) - age   2:       1104 bytes,      17056 total
[2025-08-20T06:19:39.416+0000][1692266][trace][gc,age      ] GC(187) - age   4:        176 bytes,      17232 total
[2025-08-20T06:19:39.416+0000][1692266][trace][gc,age      ] GC(187) - age  12:        248 bytes,      17480 total
[2025-08-20T06:19:39.416+0000][1692266][trace][gc,age      ] GC(187) - age  13:         64 bytes,      17544 total
[2025-08-20T06:19:39.416+0000][1692266][trace][gc,age      ] GC(187) - age  14:       1592 bytes,      19136 total
[2025-08-20T06:19:39.416+0000][1692266][trace][gc,age      ] GC(187) - age  15:        176 bytes,      19312 total
[2025-08-20T06:19:39.416+0000][1692266][info ][gc,heap     ] GC(187) Eden regions: 75->0(75)
[2025-08-20T06:19:39.416+0000][1692266][info ][gc,heap     ] GC(187) Survivor regions: 1->1(10)
[2025-08-20T06:19:39.416+0000][1692266][info ][gc,heap     ] GC(187) Old regions: 35->35
[2025-08-20T06:19:39.416+0000][1692266][info ][gc,heap     ] GC(187) Humongous regions: 0->0
[2025-08-20T06:19:39.416+0000][1692266][info ][gc,metaspace] GC(187) Metaspace: 144580K(148480K)->144580K(148480K) NonClass: 124960K(127040K)->124960K(127040K) Class: 19619K(21440K)->19619K(21440K)
[2025-08-20T06:19:39.416+0000][1692266][info ][gc          ] GC(187) Pause Young (Normal) (G1 Evacuation Pause) 437M->137M(512M) 2.610ms
[2025-08-20T06:19:39.416+0000][1692266][info ][gc,cpu      ] GC(187) User=0.00s Sys=0.00s Real=0.01s
[2025-08-20T06:19:39.416+0000][1692266][info ][safepoint   ] Safepoint "G1CollectForAllocation", Time since last: 444225259112 ns, Reaching safepoint: 8713 ns, Cleanup: 3054 ns, At safepoint: 2655741 ns, Total: 2667508 ns
[2025-08-20T06:25:54.438+0000][1692266][info ][safepoint   ] Safepoint "Cleanup", Time since last: 375021848678 ns, Reaching safepoint: 7691 ns, Cleanup: 13200 ns, At safepoint: 2744 ns, Total: 23635 ns
[2025-08-20T06:27:01.409+0000][1692266][info ][gc,start    ] GC(188) Pause Young (Normal) (G1 Evacuation Pause)
[2025-08-20T06:27:01.409+0000][1692266][info ][gc,task     ] GC(188) Using 1 workers of 1 for evacuation
[2025-08-20T06:27:01.409+0000][1692266][debug][gc,age      ] GC(188) Desired survivor size 20971520 bytes, new threshold 15 (max threshold 15)
[2025-08-20T06:27:01.411+0000][1692266][info ][gc,phases   ] GC(188)   Pre Evacuate Collection Set: 0.1ms
[2025-08-20T06:27:01.411+0000][1692266][info ][gc,phases   ] GC(188)   Merge Heap Roots: 0.0ms
[2025-08-20T06:27:01.411+0000][1692266][info ][gc,phases   ] GC(188)   Evacuate Collection Set: 1.5ms
[2025-08-20T06:27:01.411+0000][1692266][info ][gc,phases   ] GC(188)   Post Evacuate Collection Set: 1.1ms
[2025-08-20T06:27:01.411+0000][1692266][info ][gc,phases   ] GC(188)   Other: 0.0ms
[2025-08-20T06:27:01.411+0000][1692266][trace][gc,age      ] GC(188) Age table with threshold 15 (max threshold 15)
[2025-08-20T06:27:01.411+0000][1692266][trace][gc,age      ] GC(188) - age   1:      16840 bytes,      16840 total
[2025-08-20T06:27:01.411+0000][1692266][trace][gc,age      ] GC(188) - age   5:        176 bytes,      17016 total
[2025-08-20T06:27:01.411+0000][1692266][trace][gc,age      ] GC(188) - age  13:        248 bytes,      17264 total
[2025-08-20T06:27:01.411+0000][1692266][trace][gc,age      ] GC(188) - age  14:         64 bytes,      17328 total
[2025-08-20T06:27:01.411+0000][1692266][trace][gc,age      ] GC(188) - age  15:       1592 bytes,      18920 total
[2025-08-20T06:27:01.411+0000][1692266][info ][gc,heap     ] GC(188) Eden regions: 75->0(75)
[2025-08-20T06:27:01.411+0000][1692266][info ][gc,heap     ] GC(188) Survivor regions: 1->1(10)
[2025-08-20T06:27:01.411+0000][1692266][info ][gc,heap     ] GC(188) Old regions: 35->35
[2025-08-20T06:27:01.411+0000][1692266][info ][gc,heap     ] GC(188) Humongous regions: 0->0
[2025-08-20T06:27:01.411+0000][1692266][info ][gc,metaspace] GC(188) Metaspace: 144582K(148480K)->144582K(148480K) NonClass: 124962K(127040K)->124962K(127040K) Class: 19619K(21440K)->19619K(21440K)
[2025-08-20T06:27:01.411+0000][1692266][info ][gc          ] GC(188) Pause Young (Normal) (G1 Evacuation Pause) 437M->137M(512M) 2.953ms
[2025-08-20T06:27:01.411+0000][1692266][info ][gc,cpu      ] GC(188) User=0.00s Sys=0.00s Real=0.00s
[2025-08-20T06:27:01.411+0000][1692266][info ][safepoint   ] Safepoint "G1CollectForAllocation", Time since last: 66970674117 ns, Reaching safepoint: 10056 ns, Cleanup: 2784 ns, At safepoint: 2990726 ns, Total: 3003566 ns
[2025-08-20T06:30:54.426+0000][1692266][info ][safepoint   ] Safepoint "Cleanup", Time since last: 233014126924 ns, Reaching safepoint: 7381 ns, Cleanup: 13361 ns, At safepoint: 2293 ns, Total: 23035 ns
[2025-08-20T06:34:25.624+0000][1692266][info ][gc,start    ] GC(189) Pause Young (Normal) (G1 Evacuation Pause)
[2025-08-20T06:34:25.625+0000][1692266][info ][gc,task     ] GC(189) Using 1 workers of 1 for evacuation
[2025-08-20T06:34:25.625+0000][1692266][debug][gc,age      ] GC(189) Desired survivor size 20971520 bytes, new threshold 15 (max threshold 15)
[2025-08-20T06:34:25.627+0000][1692266][info ][gc,phases   ] GC(189)   Pre Evacuate Collection Set: 0.1ms
[2025-08-20T06:34:25.627+0000][1692266][info ][gc,phases   ] GC(189)   Merge Heap Roots: 0.0ms
[2025-08-20T06:34:25.627+0000][1692266][info ][gc,phases   ] GC(189)   Evacuate Collection Set: 1.4ms
[2025-08-20T06:34:25.627+0000][1692266][info ][gc,phases   ] GC(189)   Post Evacuate Collection Set: 0.8ms
[2025-08-20T06:34:25.627+0000][1692266][info ][gc,phases   ] GC(189)   Other: 0.0ms
[2025-08-20T06:34:25.627+0000][1692266][trace][gc,age      ] GC(189) Age table with threshold 15 (max threshold 15)
[2025-08-20T06:34:25.627+0000][1692266][trace][gc,age      ] GC(189) - age   1:      15184 bytes,      15184 total
[2025-08-20T06:34:25.627+0000][1692266][trace][gc,age      ] GC(189) - age   2:        664 bytes,      15848 total
[2025-08-20T06:34:25.627+0000][1692266][trace][gc,age      ] GC(189) - age   6:        176 bytes,      16024 total
[2025-08-20T06:34:25.627+0000][1692266][trace][gc,age      ] GC(189) - age  14:        248 bytes,      16272 total
[2025-08-20T06:34:25.627+0000][1692266][trace][gc,age      ] GC(189) - age  15:         64 bytes,      16336 total
[2025-08-20T06:34:25.627+0000][1692266][info ][gc,heap     ] GC(189) Eden regions: 75->0(75)
[2025-08-20T06:34:25.627+0000][1692266][info ][gc,heap     ] GC(189) Survivor regions: 1->1(10)
[2025-08-20T06:34:25.627+0000][1692266][info ][gc,heap     ] GC(189) Old regions: 35->35
[2025-08-20T06:34:25.627+0000][1692266][info ][gc,heap     ] GC(189) Humongous regions: 0->0
[2025-08-20T06:34:25.627+0000][1692266][info ][gc,metaspace] GC(189) Metaspace: 144592K(148480K)->144592K(148480K) NonClass: 124972K(127040K)->124972K(127040K) Class: 19619K(21440K)->19619K(21440K)
[2025-08-20T06:34:25.627+0000][1692266][info ][gc          ] GC(189) Pause Young (Normal) (G1 Evacuation Pause) 437M->137M(512M) 2.843ms
[2025-08-20T06:34:25.627+0000][1692266][info ][gc,cpu      ] GC(189) User=0.00s Sys=0.00s Real=0.01s
[2025-08-20T06:34:25.627+0000][1692266][info ][safepoint   ] Safepoint "G1CollectForAllocation", Time since last: 211198417511 ns, Reaching safepoint: 8062 ns, Cleanup: 2684 ns, At safepoint: 2880399 ns, Total: 2891145 ns
[2025-08-20T06:35:54.639+0000][1692266][info ][safepoint   ] Safepoint "Cleanup", Time since last: 89011734440 ns, Reaching safepoint: 6079 ns, Cleanup: 8393 ns, At safepoint: 331180 ns, Total: 345652 ns
[2025-08-20T06:41:48.699+0000][1692266][info ][gc,start    ] GC(190) Pause Young (Normal) (G1 Evacuation Pause)
[2025-08-20T06:41:48.699+0000][1692266][info ][gc,task     ] GC(190) Using 1 workers of 1 for evacuation
[2025-08-20T06:41:48.699+0000][1692266][debug][gc,age      ] GC(190) Desired survivor size 20971520 bytes, new threshold 15 (max threshold 15)
[2025-08-20T06:41:48.701+0000][1692266][info ][gc,phases   ] GC(190)   Pre Evacuate Collection Set: 0.1ms
[2025-08-20T06:41:48.701+0000][1692266][info ][gc,phases   ] GC(190)   Merge Heap Roots: 0.0ms
[2025-08-20T06:41:48.701+0000][1692266][info ][gc,phases   ] GC(190)   Evacuate Collection Set: 1.4ms
[2025-08-20T06:41:48.701+0000][1692266][info ][gc,phases   ] GC(190)   Post Evacuate Collection Set: 0.8ms
[2025-08-20T06:41:48.701+0000][1692266][info ][gc,phases   ] GC(190)   Other: 0.0ms
[2025-08-20T06:41:48.701+0000][1692266][trace][gc,age      ] GC(190) Age table with threshold 15 (max threshold 15)
[2025-08-20T06:41:48.701+0000][1692266][trace][gc,age      ] GC(190) - age   1:      15616 bytes,      15616 total
[2025-08-20T06:41:48.701+0000][1692266][trace][gc,age      ] GC(190) - age   2:        256 bytes,      15872 total
[2025-08-20T06:41:48.701+0000][1692266][trace][gc,age      ] GC(190) - age   7:        176 bytes,      16048 total
[2025-08-20T06:41:48.701+0000][1692266][trace][gc,age      ] GC(190) - age  15:        248 bytes,      16296 total
[2025-08-20T06:41:48.701+0000][1692266][info ][gc,heap     ] GC(190) Eden regions: 75->0(75)
[2025-08-20T06:41:48.701+0000][1692266][info ][gc,heap     ] GC(190) Survivor regions: 1->1(10)
[2025-08-20T06:41:48.701+0000][1692266][info ][gc,heap     ] GC(190) Old regions: 35->35
[2025-08-20T06:41:48.701+0000][1692266][info ][gc,heap     ] GC(190) Humongous regions: 0->0
[2025-08-20T06:41:48.701+0000][1692266][info ][gc,metaspace] GC(190) Metaspace: 144592K(148480K)->144592K(148480K) NonClass: 124972K(127040K)->124972K(127040K) Class: 19619K(21440K)->19619K(21440K)
[2025-08-20T06:41:48.701+0000][1692266][info ][gc          ] GC(190) Pause Young (Normal) (G1 Evacuation Pause) 437M->137M(512M) 2.727ms
[2025-08-20T06:41:48.701+0000][1692266][info ][gc,cpu      ] GC(190) User=0.00s Sys=0.01s Real=0.00s
[2025-08-20T06:41:48.701+0000][1692266][info ][safepoint   ] Safepoint "G1CollectForAllocation", Time since last: 354059609266 ns, Reaching safepoint: 8363 ns, Cleanup: 2854 ns, At safepoint: 2769672 ns, Total: 2780889 ns
[2025-08-20T06:49:12.426+0000][1692266][info ][gc,start    ] GC(191) Pause Young (Normal) (G1 Evacuation Pause)
[2025-08-20T06:49:12.426+0000][1692266][info ][gc,task     ] GC(191) Using 1 workers of 1 for evacuation
[2025-08-20T06:49:12.426+0000][1692266][debug][gc,age      ] GC(191) Desired survivor size 20971520 bytes, new threshold 15 (max threshold 15)
[2025-08-20T06:49:12.430+0000][1692266][info ][gc,phases   ] GC(191)   Pre Evacuate Collection Set: 0.1ms
[2025-08-20T06:49:12.430+0000][1692266][info ][gc,phases   ] GC(191)   Merge Heap Roots: 0.0ms
[2025-08-20T06:49:12.430+0000][1692266][info ][gc,phases   ] GC(191)   Evacuate Collection Set: 1.9ms
[2025-08-20T06:49:12.430+0000][1692266][info ][gc,phases   ] GC(191)   Post Evacuate Collection Set: 1.4ms
[2025-08-20T06:49:12.430+0000][1692266][info ][gc,phases   ] GC(191)   Other: 0.3ms
[2025-08-20T06:49:12.430+0000][1692266][trace][gc,age      ] GC(191) Age table with threshold 15 (max threshold 15)
[2025-08-20T06:49:12.430+0000][1692266][trace][gc,age      ] GC(191) - age   1:      15840 bytes,      15840 total
[2025-08-20T06:49:12.430+0000][1692266][trace][gc,age      ] GC(191) - age   2:        976 bytes,      16816 total
[2025-08-20T06:49:12.430+0000][1692266][trace][gc,age      ] GC(191) - age   3:        128 bytes,      16944 total
[2025-08-20T06:49:12.430+0000][1692266][trace][gc,age      ] GC(191) - age   8:        176 bytes,      17120 total
[2025-08-20T06:49:12.430+0000][1692266][info ][gc,heap     ] GC(191) Eden regions: 75->0(75)
[2025-08-20T06:49:12.430+0000][1692266][info ][gc,heap     ] GC(191) Survivor regions: 1->1(10)
[2025-08-20T06:49:12.430+0000][1692266][info ][gc,heap     ] GC(191) Old regions: 35->35
[2025-08-20T06:49:12.430+0000][1692266][info ][gc,heap     ] GC(191) Humongous regions: 0->0
[2025-08-20T06:49:12.430+0000][1692266][info ][gc,metaspace] GC(191) Metaspace: 144592K(148480K)->144592K(148480K) NonClass: 124972K(127040K)->124972K(127040K) Class: 19619K(21440K)->19619K(21440K)
[2025-08-20T06:49:12.430+0000][1692266][info ][gc          ] GC(191) Pause Young (Normal) (G1 Evacuation Pause) 437M->137M(512M) 3.907ms
[2025-08-20T06:49:12.430+0000][1692266][info ][gc,cpu      ] GC(191) User=0.01s Sys=0.00s Real=0.00s
[2025-08-20T06:49:12.430+0000][1692266][info ][safepoint   ] Safepoint "G1CollectForAllocation", Time since last: 443724355183 ns, Reaching safepoint: 8923 ns, Cleanup: 2554 ns, At safepoint: 3946179 ns, Total: 3957656 ns
[2025-08-20T06:56:35.856+0000][1692266][info ][gc,start    ] GC(192) Pause Young (Normal) (G1 Evacuation Pause)
[2025-08-20T06:56:35.857+0000][1692266][info ][gc,task     ] GC(192) Using 1 workers of 1 for evacuation
[2025-08-20T06:56:35.857+0000][1692266][debug][gc,age      ] GC(192) Desired survivor size 20971520 bytes, new threshold 15 (max threshold 15)
[2025-08-20T06:56:35.859+0000][1692266][info ][gc,phases   ] GC(192)   Pre Evacuate Collection Set: 0.0ms
[2025-08-20T06:56:35.859+0000][1692266][info ][gc,phases   ] GC(192)   Merge Heap Roots: 0.0ms
[2025-08-20T06:56:35.859+0000][1692266][info ][gc,phases   ] GC(192)   Evacuate Collection Set: 1.4ms
[2025-08-20T06:56:35.859+0000][1692266][info ][gc,phases   ] GC(192)   Post Evacuate Collection Set: 0.8ms
[2025-08-20T06:56:35.859+0000][1692266][info ][gc,phases   ] GC(192)   Other: 0.0ms
[2025-08-20T06:56:35.859+0000][1692266][trace][gc,age      ] GC(192) Age table with threshold 15 (max threshold 15)
[2025-08-20T06:56:35.859+0000][1692266][trace][gc,age      ] GC(192) - age   1:      16160 bytes,      16160 total
[2025-08-20T06:56:35.859+0000][1692266][trace][gc,age      ] GC(192) - age   4:        128 bytes,      16288 total
[2025-08-20T06:56:35.859+0000][1692266][info ][gc,heap     ] GC(192) Eden regions: 75->0(75)
[2025-08-20T06:56:35.859+0000][1692266][info ][gc,heap     ] GC(192) Survivor regions: 1->1(10)
[2025-08-20T06:56:35.859+0000][1692266][info ][gc,heap     ] GC(192) Old regions: 35->35
[2025-08-20T06:56:35.859+0000][1692266][info ][gc,heap     ] GC(192) Humongous regions: 0->0
[2025-08-20T06:56:35.859+0000][1692266][info ][gc,metaspace] GC(192) Metaspace: 144592K(148480K)->144592K(148480K) NonClass: 124972K(127040K)->124972K(127040K) Class: 19619K(21440K)->19619K(21440K)
[2025-08-20T06:56:35.859+0000][1692266][info ][gc          ] GC(192) Pause Young (Normal) (G1 Evacuation Pause) 437M->137M(512M) 2.623ms
[2025-08-20T06:56:35.859+0000][1692266][info ][gc,cpu      ] GC(192) User=0.00s Sys=0.00s Real=0.00s
[2025-08-20T06:56:35.859+0000][1692266][info ][safepoint   ] Safepoint "G1CollectForAllocation", Time since last: 443426481561 ns, Reaching safepoint: 7692 ns, Cleanup: 3234 ns, At safepoint: 2658565 ns, Total: 2669491 ns
[2025-08-20T07:04:00.072+0000][1692266][info ][gc,start    ] GC(193) Pause Young (Normal) (G1 Evacuation Pause)
[2025-08-20T07:04:00.072+0000][1692266][info ][gc,task     ] GC(193) Using 1 workers of 1 for evacuation
[2025-08-20T07:04:00.072+0000][1692266][debug][gc,age      ] GC(193) Desired survivor size 20971520 bytes, new threshold 15 (max threshold 15)
[2025-08-20T07:04:00.075+0000][1692266][info ][gc,phases   ] GC(193)   Pre Evacuate Collection Set: 0.1ms
[2025-08-20T07:04:00.075+0000][1692266][info ][gc,phases   ] GC(193)   Merge Heap Roots: 0.0ms
[2025-08-20T07:04:00.075+0000][1692266][info ][gc,phases   ] GC(193)   Evacuate Collection Set: 1.3ms
[2025-08-20T07:04:00.075+0000][1692266][info ][gc,phases   ] GC(193)   Post Evacuate Collection Set: 0.8ms
[2025-08-20T07:04:00.075+0000][1692266][info ][gc,phases   ] GC(193)   Other: 0.0ms
[2025-08-20T07:04:00.075+0000][1692266][trace][gc,age      ] GC(193) Age table with threshold 15 (max threshold 15)
[2025-08-20T07:04:00.075+0000][1692266][trace][gc,age      ] GC(193) - age   1:      50776 bytes,      50776 total
[2025-08-20T07:04:00.075+0000][1692266][trace][gc,age      ] GC(193) - age   2:        840 bytes,      51616 total
[2025-08-20T07:04:00.075+0000][1692266][trace][gc,age      ] GC(193) - age   5:        128 bytes,      51744 total
[2025-08-20T07:04:00.075+0000][1692266][info ][gc,heap     ] GC(193) Eden regions: 75->0(75)
[2025-08-20T07:04:00.075+0000][1692266][info ][gc,heap     ] GC(193) Survivor regions: 1->1(10)
[2025-08-20T07:04:00.075+0000][1692266][info ][gc,heap     ] GC(193) Old regions: 35->35
[2025-08-20T07:04:00.075+0000][1692266][info ][gc,heap     ] GC(193) Humongous regions: 0->0
[2025-08-20T07:04:00.075+0000][1692266][info ][gc,metaspace] GC(193) Metaspace: 144592K(148480K)->144592K(148480K) NonClass: 124972K(127040K)->124972K(127040K) Class: 19619K(21440K)->19619K(21440K)
[2025-08-20T07:04:00.075+0000][1692266][info ][gc          ] GC(193) Pause Young (Normal) (G1 Evacuation Pause) 437M->137M(512M) 2.618ms
[2025-08-20T07:04:00.075+0000][1692266][info ][gc,cpu      ] GC(193) User=0.00s Sys=0.00s Real=0.00s
[2025-08-20T07:04:00.075+0000][1692266][info ][safepoint   ] Safepoint "G1CollectForAllocation", Time since last: 444213086721 ns, Reaching safepoint: 9454 ns, Cleanup: 3625 ns, At safepoint: 2656993 ns, Total: 2670072 ns
[2025-08-20T07:11:24.339+0000][1692266][info ][gc,start    ] GC(194) Pause Young (Normal) (G1 Evacuation Pause)
[2025-08-20T07:11:24.339+0000][1692266][info ][gc,task     ] GC(194) Using 1 workers of 1 for evacuation
[2025-08-20T07:11:24.339+0000][1692266][debug][gc,age      ] GC(194) Desired survivor size 20971520 bytes, new threshold 15 (max threshold 15)
[2025-08-20T07:11:24.341+0000][1692266][info ][gc,phases   ] GC(194)   Pre Evacuate Collection Set: 0.1ms
[2025-08-20T07:11:24.341+0000][1692266][info ][gc,phases   ] GC(194)   Merge Heap Roots: 0.0ms
[2025-08-20T07:11:24.341+0000][1692266][info ][gc,phases   ] GC(194)   Evacuate Collection Set: 1.3ms
[2025-08-20T07:11:24.341+0000][1692266][info ][gc,phases   ] GC(194)   Post Evacuate Collection Set: 0.8ms
[2025-08-20T07:11:24.341+0000][1692266][info ][gc,phases   ] GC(194)   Other: 0.0ms
[2025-08-20T07:11:24.341+0000][1692266][trace][gc,age      ] GC(194) Age table with threshold 15 (max threshold 15)
[2025-08-20T07:11:24.341+0000][1692266][trace][gc,age      ] GC(194) - age   1:      16648 bytes,      16648 total
[2025-08-20T07:11:24.341+0000][1692266][trace][gc,age      ] GC(194) - age   2:        128 bytes,      16776 total
[2025-08-20T07:11:24.341+0000][1692266][trace][gc,age      ] GC(194) - age   3:        176 bytes,      16952 total
[2025-08-20T07:11:24.341+0000][1692266][trace][gc,age      ] GC(194) - age   6:        128 bytes,      17080 total
[2025-08-20T07:11:24.341+0000][1692266][info ][gc,heap     ] GC(194) Eden regions: 75->0(75)
[2025-08-20T07:11:24.341+0000][1692266][info ][gc,heap     ] GC(194) Survivor regions: 1->1(10)
[2025-08-20T07:11:24.341+0000][1692266][info ][gc,heap     ] GC(194) Old regions: 35->35
[2025-08-20T07:11:24.341+0000][1692266][info ][gc,heap     ] GC(194) Humongous regions: 0->0
[2025-08-20T07:11:24.341+0000][1692266][info ][gc,metaspace] GC(194) Metaspace: 144592K(148480K)->144592K(148480K) NonClass: 124972K(127040K)->124972K(127040K) Class: 19619K(21440K)->19619K(21440K)
[2025-08-20T07:11:24.341+0000][1692266][info ][gc          ] GC(194) Pause Young (Normal) (G1 Evacuation Pause) 437M->137M(512M) 2.680ms
[2025-08-20T07:11:24.341+0000][1692266][info ][gc,cpu      ] GC(194) User=0.01s Sys=0.00s Real=0.00s
[2025-08-20T07:11:24.341+0000][1692266][info ][safepoint   ] Safepoint "G1CollectForAllocation", Time since last: 444263970259 ns, Reaching safepoint: 10376 ns, Cleanup: 3195 ns, At safepoint: 2715931 ns, Total: 2729502 ns
[2025-08-20T07:18:48.752+0000][1692266][info ][gc,start    ] GC(195) Pause Young (Normal) (G1 Evacuation Pause)
[2025-08-20T07:18:48.752+0000][1692266][info ][gc,task     ] GC(195) Using 1 workers of 1 for evacuation
[2025-08-20T07:18:48.752+0000][1692266][debug][gc,age      ] GC(195) Desired survivor size 20971520 bytes, new threshold 15 (max threshold 15)
[2025-08-20T07:18:48.754+0000][1692266][info ][gc,phases   ] GC(195)   Pre Evacuate Collection Set: 0.0ms
[2025-08-20T07:18:48.754+0000][1692266][info ][gc,phases   ] GC(195)   Merge Heap Roots: 0.0ms
[2025-08-20T07:18:48.754+0000][1692266][info ][gc,phases   ] GC(195)   Evacuate Collection Set: 1.5ms
[2025-08-20T07:18:48.754+0000][1692266][info ][gc,phases   ] GC(195)   Post Evacuate Collection Set: 0.8ms
[2025-08-20T07:18:48.754+0000][1692266][info ][gc,phases   ] GC(195)   Other: 0.0ms
[2025-08-20T07:18:48.754+0000][1692266][trace][gc,age      ] GC(195) Age table with threshold 15 (max threshold 15)
[2025-08-20T07:18:48.754+0000][1692266][trace][gc,age      ] GC(195) - age   1:      16048 bytes,      16048 total
[2025-08-20T07:18:48.754+0000][1692266][trace][gc,age      ] GC(195) - age   2:        976 bytes,      17024 total
[2025-08-20T07:18:48.754+0000][1692266][trace][gc,age      ] GC(195) - age   4:        176 bytes,      17200 total
[2025-08-20T07:18:48.754+0000][1692266][trace][gc,age      ] GC(195) - age   7:        128 bytes,      17328 total
[2025-08-20T07:18:48.754+0000][1692266][info ][gc,heap     ] GC(195) Eden regions: 75->0(75)
[2025-08-20T07:18:48.754+0000][1692266][info ][gc,heap     ] GC(195) Survivor regions: 1->1(10)
[2025-08-20T07:18:48.754+0000][1692266][info ][gc,heap     ] GC(195) Old regions: 35->35
[2025-08-20T07:18:48.754+0000][1692266][info ][gc,heap     ] GC(195) Humongous regions: 0->0
[2025-08-20T07:18:48.754+0000][1692266][info ][gc,metaspace] GC(195) Metaspace: 144592K(148480K)->144592K(148480K) NonClass: 124972K(127040K)->124972K(127040K) Class: 19619K(21440K)->19619K(21440K)
[2025-08-20T07:18:48.754+0000][1692266][info ][gc          ] GC(195) Pause Young (Normal) (G1 Evacuation Pause) 437M->137M(512M) 2.607ms
[2025-08-20T07:18:48.754+0000][1692266][info ][gc,cpu      ] GC(195) User=0.00s Sys=0.00s Real=0.00s
[2025-08-20T07:18:48.754+0000][1692266][info ][safepoint   ] Safepoint "G1CollectForAllocation", Time since last: 444410478093 ns, Reaching safepoint: 8313 ns, Cleanup: 2203 ns, At safepoint: 2644403 ns, Total: 2654919 ns
[2025-08-20T07:26:13.161+0000][1692266][info ][gc,start    ] GC(196) Pause Young (Normal) (G1 Evacuation Pause)
[2025-08-20T07:26:13.161+0000][1692266][info ][gc,task     ] GC(196) Using 1 workers of 1 for evacuation
[2025-08-20T07:26:13.161+0000][1692266][debug][gc,age      ] GC(196) Desired survivor size 20971520 bytes, new threshold 15 (max threshold 15)
[2025-08-20T07:26:13.163+0000][1692266][info ][gc,phases   ] GC(196)   Pre Evacuate Collection Set: 0.1ms
[2025-08-20T07:26:13.163+0000][1692266][info ][gc,phases   ] GC(196)   Merge Heap Roots: 0.0ms
[2025-08-20T07:26:13.163+0000][1692266][info ][gc,phases   ] GC(196)   Evacuate Collection Set: 1.4ms
[2025-08-20T07:26:13.163+0000][1692266][info ][gc,phases   ] GC(196)   Post Evacuate Collection Set: 0.8ms
[2025-08-20T07:26:13.163+0000][1692266][info ][gc,phases   ] GC(196)   Other: 0.0ms
[2025-08-20T07:26:13.163+0000][1692266][trace][gc,age      ] GC(196) Age table with threshold 15 (max threshold 15)
[2025-08-20T07:26:13.163+0000][1692266][trace][gc,age      ] GC(196) - age   1:      15984 bytes,      15984 total
[2025-08-20T07:26:13.163+0000][1692266][trace][gc,age      ] GC(196) - age   5:        176 bytes,      16160 total
[2025-08-20T07:26:13.163+0000][1692266][trace][gc,age      ] GC(196) - age   8:        128 bytes,      16288 total
[2025-08-20T07:26:13.163+0000][1692266][info ][gc,heap     ] GC(196) Eden regions: 75->0(75)
[2025-08-20T07:26:13.163+0000][1692266][info ][gc,heap     ] GC(196) Survivor regions: 1->1(10)
[2025-08-20T07:26:13.163+0000][1692266][info ][gc,heap     ] GC(196) Old regions: 35->35
[2025-08-20T07:26:13.163+0000][1692266][info ][gc,heap     ] GC(196) Humongous regions: 0->0
[2025-08-20T07:26:13.163+0000][1692266][info ][gc,metaspace] GC(196) Metaspace: 144592K(148480K)->144592K(148480K) NonClass: 124972K(127040K)->124972K(127040K) Class: 19619K(21440K)->19619K(21440K)
[2025-08-20T07:26:13.163+0000][1692266][info ][gc          ] GC(196) Pause Young (Normal) (G1 Evacuation Pause) 437M->137M(512M) 2.703ms
[2025-08-20T07:26:13.163+0000][1692266][info ][gc,cpu      ] GC(196) User=0.00s Sys=0.00s Real=0.00s
[2025-08-20T07:26:13.163+0000][1692266][info ][safepoint   ] Safepoint "G1CollectForAllocation", Time since last: 444406250928 ns, Reaching safepoint: 9865 ns, Cleanup: 3004 ns, At safepoint: 2740809 ns, Total: 2753678 ns
[2025-08-20T07:32:05.224+0000][1692266][info ][safepoint   ] Safepoint "Cleanup", Time since last: 352060530921 ns, Reaching safepoint: 6771 ns, Cleanup: 13250 ns, At safepoint: 2463 ns, Total: 22484 ns
[2025-08-20T07:33:36.178+0000][1692266][info ][gc,start    ] GC(197) Pause Young (Normal) (G1 Evacuation Pause)
[2025-08-20T07:33:36.178+0000][1692266][info ][gc,task     ] GC(197) Using 1 workers of 1 for evacuation
[2025-08-20T07:33:36.178+0000][1692266][debug][gc,age      ] GC(197) Desired survivor size 20971520 bytes, new threshold 15 (max threshold 15)
[2025-08-20T07:33:36.180+0000][1692266][info ][gc,phases   ] GC(197)   Pre Evacuate Collection Set: 0.1ms
[2025-08-20T07:33:36.180+0000][1692266][info ][gc,phases   ] GC(197)   Merge Heap Roots: 0.0ms
[2025-08-20T07:33:36.180+0000][1692266][info ][gc,phases   ] GC(197)   Evacuate Collection Set: 1.3ms
[2025-08-20T07:33:36.180+0000][1692266][info ][gc,phases   ] GC(197)   Post Evacuate Collection Set: 0.8ms
[2025-08-20T07:33:36.180+0000][1692266][info ][gc,phases   ] GC(197)   Other: 0.0ms
[2025-08-20T07:33:36.180+0000][1692266][trace][gc,age      ] GC(197) Age table with threshold 15 (max threshold 15)
[2025-08-20T07:33:36.180+0000][1692266][trace][gc,age      ] GC(197) - age   1:      16448 bytes,      16448 total
[2025-08-20T07:33:36.180+0000][1692266][trace][gc,age      ] GC(197) - age   2:        664 bytes,      17112 total
[2025-08-20T07:33:36.180+0000][1692266][trace][gc,age      ] GC(197) - age   6:        176 bytes,      17288 total
[2025-08-20T07:33:36.180+0000][1692266][trace][gc,age      ] GC(197) - age   9:        128 bytes,      17416 total
[2025-08-20T07:33:36.180+0000][1692266][info ][gc,heap     ] GC(197) Eden regions: 75->0(75)
[2025-08-20T07:33:36.180+0000][1692266][info ][gc,heap     ] GC(197) Survivor regions: 1->1(10)
[2025-08-20T07:33:36.180+0000][1692266][info ][gc,heap     ] GC(197) Old regions: 35->35
[2025-08-20T07:33:36.180+0000][1692266][info ][gc,heap     ] GC(197) Humongous regions: 0->0
[2025-08-20T07:33:36.180+0000][1692266][info ][gc,metaspace] GC(197) Metaspace: 144592K(148480K)->144592K(148480K) NonClass: 124972K(127040K)->124972K(127040K) Class: 19619K(21440K)->19619K(21440K)
[2025-08-20T07:33:36.180+0000][1692266][info ][gc          ] GC(197) Pause Young (Normal) (G1 Evacuation Pause) 437M->137M(512M) 2.639ms
[2025-08-20T07:33:36.180+0000][1692266][info ][gc,cpu      ] GC(197) User=0.00s Sys=0.00s Real=0.00s
[2025-08-20T07:33:36.180+0000][1692266][info ][safepoint   ] Safepoint "G1CollectForAllocation", Time since last: 90953594527 ns, Reaching safepoint: 8723 ns, Cleanup: 3475 ns, At safepoint: 2676061 ns, Total: 2688259 ns
[2025-08-20T07:40:59.460+0000][1692266][info ][gc,start    ] GC(198) Pause Young (Normal) (G1 Evacuation Pause)
[2025-08-20T07:40:59.460+0000][1692266][info ][gc,task     ] GC(198) Using 1 workers of 1 for evacuation
[2025-08-20T07:40:59.460+0000][1692266][debug][gc,age      ] GC(198) Desired survivor size 20971520 bytes, new threshold 15 (max threshold 15)
[2025-08-20T07:40:59.463+0000][1692266][info ][gc,phases   ] GC(198)   Pre Evacuate Collection Set: 0.1ms
[2025-08-20T07:40:59.463+0000][1692266][info ][gc,phases   ] GC(198)   Merge Heap Roots: 0.0ms
[2025-08-20T07:40:59.463+0000][1692266][info ][gc,phases   ] GC(198)   Evacuate Collection Set: 1.5ms
[2025-08-20T07:40:59.463+0000][1692266][info ][gc,phases   ] GC(198)   Post Evacuate Collection Set: 0.7ms
[2025-08-20T07:40:59.463+0000][1692266][info ][gc,phases   ] GC(198)   Other: 0.0ms
[2025-08-20T07:40:59.463+0000][1692266][trace][gc,age      ] GC(198) Age table with threshold 15 (max threshold 15)
[2025-08-20T07:40:59.463+0000][1692266][trace][gc,age      ] GC(198) - age   1:      18800 bytes,      18800 total
[2025-08-20T07:40:59.463+0000][1692266][trace][gc,age      ] GC(198) - age   2:        128 bytes,      18928 total
[2025-08-20T07:40:59.463+0000][1692266][trace][gc,age      ] GC(198) - age   7:        176 bytes,      19104 total
[2025-08-20T07:40:59.463+0000][1692266][trace][gc,age      ] GC(198) - age  10:        128 bytes,      19232 total
[2025-08-20T07:40:59.463+0000][1692266][info ][gc,heap     ] GC(198) Eden regions: 75->0(75)
[2025-08-20T07:40:59.463+0000][1692266][info ][gc,heap     ] GC(198) Survivor regions: 1->1(10)
[2025-08-20T07:40:59.463+0000][1692266][info ][gc,heap     ] GC(198) Old regions: 35->35
[2025-08-20T07:40:59.463+0000][1692266][info ][gc,heap     ] GC(198) Humongous regions: 0->0
[2025-08-20T07:40:59.463+0000][1692266][info ][gc,metaspace] GC(198) Metaspace: 144595K(148480K)->144595K(148480K) NonClass: 124975K(127040K)->124975K(127040K) Class: 19619K(21440K)->19619K(21440K)
[2025-08-20T07:40:59.463+0000][1692266][info ][gc          ] GC(198) Pause Young (Normal) (G1 Evacuation Pause) 437M->137M(512M) 2.607ms
[2025-08-20T07:40:59.463+0000][1692266][info ][gc,cpu      ] GC(198) User=0.01s Sys=0.00s Real=0.00s
[2025-08-20T07:40:59.463+0000][1692266][info ][safepoint   ] Safepoint "G1CollectForAllocation", Time since last: 443279729067 ns, Reaching safepoint: 8563 ns, Cleanup: 2294 ns, At safepoint: 2642220 ns, Total: 2653077 ns
[2025-08-20T07:48:24.387+0000][1692266][info ][gc,start    ] GC(199) Pause Young (Normal) (G1 Evacuation Pause)
[2025-08-20T07:48:24.388+0000][1692266][info ][gc,task     ] GC(199) Using 1 workers of 1 for evacuation
[2025-08-20T07:48:24.388+0000][1692266][debug][gc,age      ] GC(199) Desired survivor size 20971520 bytes, new threshold 15 (max threshold 15)
[2025-08-20T07:48:24.390+0000][1692266][info ][gc,phases   ] GC(199)   Pre Evacuate Collection Set: 0.1ms
[2025-08-20T07:48:24.390+0000][1692266][info ][gc,phases   ] GC(199)   Merge Heap Roots: 0.0ms
[2025-08-20T07:48:24.390+0000][1692266][info ][gc,phases   ] GC(199)   Evacuate Collection Set: 1.5ms
[2025-08-20T07:48:24.390+0000][1692266][info ][gc,phases   ] GC(199)   Post Evacuate Collection Set: 0.8ms
[2025-08-20T07:48:24.390+0000][1692266][info ][gc,phases   ] GC(199)   Other: 0.0ms
[2025-08-20T07:48:24.390+0000][1692266][trace][gc,age      ] GC(199) Age table with threshold 15 (max threshold 15)
[2025-08-20T07:48:24.390+0000][1692266][trace][gc,age      ] GC(199) - age   1:      14424 bytes,      14424 total
[2025-08-20T07:48:24.390+0000][1692266][trace][gc,age      ] GC(199) - age   2:       2296 bytes,      16720 total
[2025-08-20T07:48:24.390+0000][1692266][trace][gc,age      ] GC(199) - age   8:        176 bytes,      16896 total
[2025-08-20T07:48:24.390+0000][1692266][trace][gc,age      ] GC(199) - age  11:        128 bytes,      17024 total
[2025-08-20T07:48:24.390+0000][1692266][info ][gc,heap     ] GC(199) Eden regions: 75->0(75)
[2025-08-20T07:48:24.390+0000][1692266][info ][gc,heap     ] GC(199) Survivor regions: 1->1(10)
[2025-08-20T07:48:24.390+0000][1692266][info ][gc,heap     ] GC(199) Old regions: 35->35
[2025-08-20T07:48:24.390+0000][1692266][info ][gc,heap     ] GC(199) Humongous regions: 0->0
[2025-08-20T07:48:24.390+0000][1692266][info ][gc,metaspace] GC(199) Metaspace: 144595K(148480K)->144595K(148480K) NonClass: 124975K(127040K)->124975K(127040K) Class: 19619K(21440K)->19619K(21440K)
[2025-08-20T07:48:24.390+0000][1692266][info ][gc          ] GC(199) Pause Young (Normal) (G1 Evacuation Pause) 437M->137M(512M) 2.872ms
[2025-08-20T07:48:24.390+0000][1692266][info ][gc,cpu      ] GC(199) User=0.00s Sys=0.01s Real=0.00s
[2025-08-20T07:48:24.390+0000][1692266][info ][safepoint   ] Safepoint "G1CollectForAllocation", Time since last: 444924490602 ns, Reaching safepoint: 8553 ns, Cleanup: 3315 ns, At safepoint: 2908883 ns, Total: 2920751 ns
[2025-08-20T07:55:49.005+0000][1692266][info ][gc,start    ] GC(200) Pause Young (Normal) (G1 Evacuation Pause)
[2025-08-20T07:55:49.005+0000][1692266][info ][gc,task     ] GC(200) Using 1 workers of 1 for evacuation
[2025-08-20T07:55:49.006+0000][1692266][debug][gc,age      ] GC(200) Desired survivor size 20971520 bytes, new threshold 15 (max threshold 15)
[2025-08-20T07:55:49.008+0000][1692266][info ][gc,phases   ] GC(200)   Pre Evacuate Collection Set: 0.1ms
[2025-08-20T07:55:49.008+0000][1692266][info ][gc,phases   ] GC(200)   Merge Heap Roots: 0.0ms
[2025-08-20T07:55:49.008+0000][1692266][info ][gc,phases   ] GC(200)   Evacuate Collection Set: 1.5ms
[2025-08-20T07:55:49.008+0000][1692266][info ][gc,phases   ] GC(200)   Post Evacuate Collection Set: 0.8ms
[2025-08-20T07:55:49.008+0000][1692266][info ][gc,phases   ] GC(200)   Other: 0.0ms
[2025-08-20T07:55:49.008+0000][1692266][trace][gc,age      ] GC(200) Age table with threshold 15 (max threshold 15)
[2025-08-20T07:55:49.008+0000][1692266][trace][gc,age      ] GC(200) - age   1:     120224 bytes,     120224 total
[2025-08-20T07:55:49.008+0000][1692266][trace][gc,age      ] GC(200) - age   2:        112 bytes,     120336 total
[2025-08-20T07:55:49.008+0000][1692266][trace][gc,age      ] GC(200) - age   3:       1320 bytes,     121656 total
[2025-08-20T07:55:49.008+0000][1692266][trace][gc,age      ] GC(200) - age  12:        128 bytes,     121784 total
[2025-08-20T07:55:49.008+0000][1692266][info ][gc,heap     ] GC(200) Eden regions: 75->0(75)
[2025-08-20T07:55:49.008+0000][1692266][info ][gc,heap     ] GC(200) Survivor regions: 1->1(10)
[2025-08-20T07:55:49.008+0000][1692266][info ][gc,heap     ] GC(200) Old regions: 35->35
[2025-08-20T07:55:49.008+0000][1692266][info ][gc,heap     ] GC(200) Humongous regions: 0->0
[2025-08-20T07:55:49.008+0000][1692266][info ][gc,metaspace] GC(200) Metaspace: 144595K(148480K)->144595K(148480K) NonClass: 124975K(127040K)->124975K(127040K) Class: 19619K(21440K)->19619K(21440K)
[2025-08-20T07:55:49.008+0000][1692266][info ][gc          ] GC(200) Pause Young (Normal) (G1 Evacuation Pause) 437M->137M(512M) 2.958ms
[2025-08-20T07:55:49.008+0000][1692266][info ][gc,cpu      ] GC(200) User=0.00s Sys=0.00s Real=0.01s
[2025-08-20T07:55:49.008+0000][1692266][info ][safepoint   ] Safepoint "G1CollectForAllocation", Time since last: 444614897102 ns, Reaching safepoint: 8894 ns, Cleanup: 3295 ns, At safepoint: 2994271 ns, Total: 3006460 ns
[2025-08-20T08:03:12.262+0000][1692266][info ][gc,start    ] GC(201) Pause Young (Normal) (G1 Evacuation Pause)
[2025-08-20T08:03:12.263+0000][1692266][info ][gc,task     ] GC(201) Using 1 workers of 1 for evacuation
[2025-08-20T08:03:12.263+0000][1692266][debug][gc,age      ] GC(201) Desired survivor size 20971520 bytes, new threshold 15 (max threshold 15)
[2025-08-20T08:03:12.265+0000][1692266][info ][gc,phases   ] GC(201)   Pre Evacuate Collection Set: 0.1ms
[2025-08-20T08:03:12.265+0000][1692266][info ][gc,phases   ] GC(201)   Merge Heap Roots: 0.0ms
[2025-08-20T08:03:12.265+0000][1692266][info ][gc,phases   ] GC(201)   Evacuate Collection Set: 1.4ms
[2025-08-20T08:03:12.265+0000][1692266][info ][gc,phases   ] GC(201)   Post Evacuate Collection Set: 0.8ms
[2025-08-20T08:03:12.265+0000][1692266][info ][gc,phases   ] GC(201)   Other: 0.0ms
[2025-08-20T08:03:12.265+0000][1692266][trace][gc,age      ] GC(201) Age table with threshold 15 (max threshold 15)
[2025-08-20T08:03:12.265+0000][1692266][trace][gc,age      ] GC(201) - age   1:      81728 bytes,      81728 total
[2025-08-20T08:03:12.265+0000][1692266][trace][gc,age      ] GC(201) - age   2:        728 bytes,      82456 total
[2025-08-20T08:03:12.265+0000][1692266][trace][gc,age      ] GC(201) - age   4:       1320 bytes,      83776 total
[2025-08-20T08:03:12.265+0000][1692266][trace][gc,age      ] GC(201) - age  13:        128 bytes,      83904 total
[2025-08-20T08:03:12.265+0000][1692266][info ][gc,heap     ] GC(201) Eden regions: 75->0(75)
[2025-08-20T08:03:12.265+0000][1692266][info ][gc,heap     ] GC(201) Survivor regions: 1->1(10)
[2025-08-20T08:03:12.265+0000][1692266][info ][gc,heap     ] GC(201) Old regions: 35->35
[2025-08-20T08:03:12.265+0000][1692266][info ][gc,heap     ] GC(201) Humongous regions: 0->0
[2025-08-20T08:03:12.265+0000][1692266][info ][gc,metaspace] GC(201) Metaspace: 144595K(148480K)->144595K(148480K) NonClass: 124975K(127040K)->124975K(127040K) Class: 19619K(21440K)->19619K(21440K)
[2025-08-20T08:03:12.265+0000][1692266][info ][gc          ] GC(201) Pause Young (Normal) (G1 Evacuation Pause) 437M->137M(512M) 2.740ms
[2025-08-20T08:03:12.265+0000][1692266][info ][gc,cpu      ] GC(201) User=0.00s Sys=0.00s Real=0.00s
[2025-08-20T08:03:12.265+0000][1692266][info ][safepoint   ] Safepoint "G1CollectForAllocation", Time since last: 443254099795 ns, Reaching safepoint: 9044 ns, Cleanup: 3075 ns, At safepoint: 2785025 ns, Total: 2797144 ns
[2025-08-20T08:09:31.290+0000][1692266][info ][safepoint   ] Safepoint "Cleanup", Time since last: 379024592845 ns, Reaching safepoint: 70286 ns, Cleanup: 10967 ns, At safepoint: 4767 ns, Total: 86020 ns
[2025-08-20T08:10:36.612+0000][1692266][info ][gc,start    ] GC(202) Pause Young (Normal) (G1 Evacuation Pause)
[2025-08-20T08:10:36.613+0000][1692266][info ][gc,task     ] GC(202) Using 1 workers of 1 for evacuation
[2025-08-20T08:10:36.613+0000][1692266][debug][gc,age      ] GC(202) Desired survivor size 20971520 bytes, new threshold 15 (max threshold 15)
[2025-08-20T08:10:36.615+0000][1692266][info ][gc,phases   ] GC(202)   Pre Evacuate Collection Set: 0.1ms
[2025-08-20T08:10:36.615+0000][1692266][info ][gc,phases   ] GC(202)   Merge Heap Roots: 0.0ms
[2025-08-20T08:10:36.615+0000][1692266][info ][gc,phases   ] GC(202)   Evacuate Collection Set: 1.3ms
[2025-08-20T08:10:36.615+0000][1692266][info ][gc,phases   ] GC(202)   Post Evacuate Collection Set: 0.8ms
[2025-08-20T08:10:36.615+0000][1692266][info ][gc,phases   ] GC(202)   Other: 0.0ms
[2025-08-20T08:10:36.615+0000][1692266][trace][gc,age      ] GC(202) Age table with threshold 15 (max threshold 15)
[2025-08-20T08:10:36.615+0000][1692266][trace][gc,age      ] GC(202) - age   1:      14920 bytes,      14920 total
[2025-08-20T08:10:36.615+0000][1692266][trace][gc,age      ] GC(202) - age   2:        552 bytes,      15472 total
[2025-08-20T08:10:36.615+0000][1692266][trace][gc,age      ] GC(202) - age   3:        176 bytes,      15648 total
[2025-08-20T08:10:36.615+0000][1692266][trace][gc,age      ] GC(202) - age   5:       1320 bytes,      16968 total
[2025-08-20T08:10:36.615+0000][1692266][trace][gc,age      ] GC(202) - age  14:        128 bytes,      17096 total
[2025-08-20T08:10:36.615+0000][1692266][info ][gc,heap     ] GC(202) Eden regions: 75->0(75)
[2025-08-20T08:10:36.615+0000][1692266][info ][gc,heap     ] GC(202) Survivor regions: 1->1(10)
[2025-08-20T08:10:36.615+0000][1692266][info ][gc,heap     ] GC(202) Old regions: 35->35
[2025-08-20T08:10:36.615+0000][1692266][info ][gc,heap     ] GC(202) Humongous regions: 0->0
[2025-08-20T08:10:36.615+0000][1692266][info ][gc,metaspace] GC(202) Metaspace: 144595K(148480K)->144595K(148480K) NonClass: 124975K(127040K)->124975K(127040K) Class: 19619K(21440K)->19619K(21440K)
[2025-08-20T08:10:36.615+0000][1692266][info ][gc          ] GC(202) Pause Young (Normal) (G1 Evacuation Pause) 437M->137M(512M) 2.731ms
[2025-08-20T08:10:36.615+0000][1692266][info ][gc,cpu      ] GC(202) User=0.00s Sys=0.00s Real=0.00s
[2025-08-20T08:10:36.615+0000][1692266][info ][safepoint   ] Safepoint "G1CollectForAllocation", Time since last: 65322542091 ns, Reaching safepoint: 8403 ns, Cleanup: 2934 ns, At safepoint: 2766458 ns, Total: 2777795 ns
[2025-08-20T08:18:01.395+0000][1692266][info ][gc,start    ] GC(203) Pause Young (Normal) (G1 Evacuation Pause)
[2025-08-20T08:18:01.395+0000][1692266][info ][gc,task     ] GC(203) Using 1 workers of 1 for evacuation
[2025-08-20T08:18:01.395+0000][1692266][debug][gc,age      ] GC(203) Desired survivor size 20971520 bytes, new threshold 15 (max threshold 15)
[2025-08-20T08:18:01.399+0000][1692266][info ][gc,phases   ] GC(203)   Pre Evacuate Collection Set: 0.1ms
[2025-08-20T08:18:01.399+0000][1692266][info ][gc,phases   ] GC(203)   Merge Heap Roots: 0.0ms
[2025-08-20T08:18:01.399+0000][1692266][info ][gc,phases   ] GC(203)   Evacuate Collection Set: 1.5ms
[2025-08-20T08:18:01.399+0000][1692266][info ][gc,phases   ] GC(203)   Post Evacuate Collection Set: 2.0ms
[2025-08-20T08:18:01.399+0000][1692266][info ][gc,phases   ] GC(203)   Other: 0.0ms
[2025-08-20T08:18:01.399+0000][1692266][trace][gc,age      ] GC(203) Age table with threshold 15 (max threshold 15)
[2025-08-20T08:18:01.399+0000][1692266][trace][gc,age      ] GC(203) - age   1:      16584 bytes,      16584 total
[2025-08-20T08:18:01.399+0000][1692266][trace][gc,age      ] GC(203) - age   2:        608 bytes,      17192 total
[2025-08-20T08:18:01.399+0000][1692266][trace][gc,age      ] GC(203) - age   4:        176 bytes,      17368 total
[2025-08-20T08:18:01.399+0000][1692266][trace][gc,age      ] GC(203) - age   6:       1320 bytes,      18688 total
[2025-08-20T08:18:01.399+0000][1692266][trace][gc,age      ] GC(203) - age  15:        128 bytes,      18816 total
[2025-08-20T08:18:01.399+0000][1692266][info ][gc,heap     ] GC(203) Eden regions: 75->0(75)
[2025-08-20T08:18:01.399+0000][1692266][info ][gc,heap     ] GC(203) Survivor regions: 1->1(10)
[2025-08-20T08:18:01.399+0000][1692266][info ][gc,heap     ] GC(203) Old regions: 35->35
[2025-08-20T08:18:01.399+0000][1692266][info ][gc,heap     ] GC(203) Humongous regions: 0->0
[2025-08-20T08:18:01.399+0000][1692266][info ][gc,metaspace] GC(203) Metaspace: 144598K(148480K)->144598K(148480K) NonClass: 124979K(127040K)->124979K(127040K) Class: 19619K(21440K)->19619K(21440K)
[2025-08-20T08:18:01.399+0000][1692266][info ][gc          ] GC(203) Pause Young (Normal) (G1 Evacuation Pause) 437M->137M(512M) 3.826ms
[2025-08-20T08:18:01.399+0000][1692266][info ][gc,cpu      ] GC(203) User=0.01s Sys=0.00s Real=0.01s
[2025-08-20T08:18:01.399+0000][1692266][info ][safepoint   ] Safepoint "G1CollectForAllocation", Time since last: 444780045535 ns, Reaching safepoint: 8473 ns, Cleanup: 2574 ns, At safepoint: 3863654 ns, Total: 3874701 ns
[2025-08-20T08:19:01.402+0000][1692266][info ][safepoint   ] Safepoint "Cleanup", Time since last: 60003615243 ns, Reaching safepoint: 44848 ns, Cleanup: 11818 ns, At safepoint: 4827 ns, Total: 61493 ns
[2025-08-20T08:20:54.409+0000][1692266][info ][safepoint   ] Safepoint "Cleanup", Time since last: 113006936547 ns, Reaching safepoint: 7342 ns, Cleanup: 11287 ns, At safepoint: 2343 ns, Total: 20972 ns
[2025-08-20T08:25:26.744+0000][1692266][info ][gc,start    ] GC(204) Pause Young (Normal) (G1 Evacuation Pause)
[2025-08-20T08:25:26.744+0000][1692266][info ][gc,task     ] GC(204) Using 1 workers of 1 for evacuation
[2025-08-20T08:25:26.744+0000][1692266][debug][gc,age      ] GC(204) Desired survivor size 20971520 bytes, new threshold 15 (max threshold 15)
[2025-08-20T08:25:26.747+0000][1692266][info ][gc,phases   ] GC(204)   Pre Evacuate Collection Set: 0.1ms
[2025-08-20T08:25:26.747+0000][1692266][info ][gc,phases   ] GC(204)   Merge Heap Roots: 0.0ms
[2025-08-20T08:25:26.747+0000][1692266][info ][gc,phases   ] GC(204)   Evacuate Collection Set: 1.5ms
[2025-08-20T08:25:26.747+0000][1692266][info ][gc,phases   ] GC(204)   Post Evacuate Collection Set: 1.0ms
[2025-08-20T08:25:26.747+0000][1692266][info ][gc,phases   ] GC(204)   Other: 0.0ms
[2025-08-20T08:25:26.747+0000][1692266][trace][gc,age      ] GC(204) Age table with threshold 15 (max threshold 15)
[2025-08-20T08:25:26.747+0000][1692266][trace][gc,age      ] GC(204) - age   1:      16280 bytes,      16280 total
[2025-08-20T08:25:26.747+0000][1692266][trace][gc,age      ] GC(204) - age   2:        224 bytes,      16504 total
[2025-08-20T08:25:26.747+0000][1692266][trace][gc,age      ] GC(204) - age   3:         56 bytes,      16560 total
[2025-08-20T08:25:26.747+0000][1692266][trace][gc,age      ] GC(204) - age   5:        176 bytes,      16736 total
[2025-08-20T08:25:26.747+0000][1692266][trace][gc,age      ] GC(204) - age   7:       1320 bytes,      18056 total
[2025-08-20T08:25:26.747+0000][1692266][info ][gc,heap     ] GC(204) Eden regions: 75->0(75)
[2025-08-20T08:25:26.747+0000][1692266][info ][gc,heap     ] GC(204) Survivor regions: 1->1(10)
[2025-08-20T08:25:26.747+0000][1692266][info ][gc,heap     ] GC(204) Old regions: 35->35
[2025-08-20T08:25:26.747+0000][1692266][info ][gc,heap     ] GC(204) Humongous regions: 0->0
[2025-08-20T08:25:26.747+0000][1692266][info ][gc,metaspace] GC(204) Metaspace: 144598K(148480K)->144598K(148480K) NonClass: 124979K(127040K)->124979K(127040K) Class: 19619K(21440K)->19619K(21440K)
[2025-08-20T08:25:26.747+0000][1692266][info ][gc          ] GC(204) Pause Young (Normal) (G1 Evacuation Pause) 437M->137M(512M) 2.876ms
[2025-08-20T08:25:26.747+0000][1692266][info ][gc,cpu      ] GC(204) User=0.00s Sys=0.00s Real=0.01s
[2025-08-20T08:25:26.747+0000][1692266][info ][safepoint   ] Safepoint "G1CollectForAllocation", Time since last: 272334308434 ns, Reaching safepoint: 8723 ns, Cleanup: 2474 ns, At safepoint: 2913719 ns, Total: 2924916 ns
[2025-08-20T08:31:31.768+0000][1692266][info ][safepoint   ] Safepoint "Cleanup", Time since last: 365021625660 ns, Reaching safepoint: 77297 ns, Cleanup: 11157 ns, At safepoint: 5909 ns, Total: 94363 ns
[2025-08-20T08:32:49.837+0000][1692266][info ][gc,start    ] GC(205) Pause Young (Normal) (G1 Evacuation Pause)
[2025-08-20T08:32:49.837+0000][1692266][info ][gc,task     ] GC(205) Using 1 workers of 1 for evacuation
[2025-08-20T08:32:49.837+0000][1692266][debug][gc,age      ] GC(205) Desired survivor size 20971520 bytes, new threshold 15 (max threshold 15)
[2025-08-20T08:32:49.840+0000][1692266][info ][gc,phases   ] GC(205)   Pre Evacuate Collection Set: 0.1ms
[2025-08-20T08:32:49.840+0000][1692266][info ][gc,phases   ] GC(205)   Merge Heap Roots: 0.0ms
[2025-08-20T08:32:49.840+0000][1692266][info ][gc,phases   ] GC(205)   Evacuate Collection Set: 1.3ms
[2025-08-20T08:32:49.840+0000][1692266][info ][gc,phases   ] GC(205)   Post Evacuate Collection Set: 0.8ms
[2025-08-20T08:32:49.840+0000][1692266][info ][gc,phases   ] GC(205)   Other: 0.0ms
[2025-08-20T08:32:49.840+0000][1692266][trace][gc,age      ] GC(205) Age table with threshold 15 (max threshold 15)
[2025-08-20T08:32:49.840+0000][1692266][trace][gc,age      ] GC(205) - age   1:      16272 bytes,      16272 total
[2025-08-20T08:32:49.840+0000][1692266][trace][gc,age      ] GC(205) - age   2:        552 bytes,      16824 total
[2025-08-20T08:32:49.840+0000][1692266][trace][gc,age      ] GC(205) - age   3:        112 bytes,      16936 total
[2025-08-20T08:32:49.840+0000][1692266][trace][gc,age      ] GC(205) - age   4:         56 bytes,      16992 total
[2025-08-20T08:32:49.840+0000][1692266][trace][gc,age      ] GC(205) - age   6:        176 bytes,      17168 total
[2025-08-20T08:32:49.840+0000][1692266][trace][gc,age      ] GC(205) - age   8:       1320 bytes,      18488 total
[2025-08-20T08:32:49.840+0000][1692266][info ][gc,heap     ] GC(205) Eden regions: 75->0(75)
[2025-08-20T08:32:49.840+0000][1692266][info ][gc,heap     ] GC(205) Survivor regions: 1->1(10)
[2025-08-20T08:32:49.840+0000][1692266][info ][gc,heap     ] GC(205) Old regions: 35->35
[2025-08-20T08:32:49.840+0000][1692266][info ][gc,heap     ] GC(205) Humongous regions: 0->0
[2025-08-20T08:32:49.840+0000][1692266][info ][gc,metaspace] GC(205) Metaspace: 144598K(148480K)->144598K(148480K) NonClass: 124979K(127040K)->124979K(127040K) Class: 19619K(21440K)->19619K(21440K)
[2025-08-20T08:32:49.840+0000][1692266][info ][gc          ] GC(205) Pause Young (Normal) (G1 Evacuation Pause) 437M->137M(512M) 2.838ms
[2025-08-20T08:32:49.840+0000][1692266][info ][gc,cpu      ] GC(205) User=0.00s Sys=0.00s Real=0.00s
[2025-08-20T08:32:49.840+0000][1692266][info ][safepoint   ] Safepoint "G1CollectForAllocation", Time since last: 78068402385 ns, Reaching safepoint: 8924 ns, Cleanup: 3195 ns, At safepoint: 2874600 ns, Total: 2886719 ns
[2025-08-20T08:40:14.713+0000][1692266][info ][gc,start    ] GC(206) Pause Young (Normal) (G1 Evacuation Pause)
[2025-08-20T08:40:14.714+0000][1692266][info ][gc,task     ] GC(206) Using 1 workers of 1 for evacuation
[2025-08-20T08:40:14.714+0000][1692266][debug][gc,age      ] GC(206) Desired survivor size 20971520 bytes, new threshold 15 (max threshold 15)
[2025-08-20T08:40:14.716+0000][1692266][info ][gc,phases   ] GC(206)   Pre Evacuate Collection Set: 0.1ms
[2025-08-20T08:40:14.716+0000][1692266][info ][gc,phases   ] GC(206)   Merge Heap Roots: 0.0ms
[2025-08-20T08:40:14.716+0000][1692266][info ][gc,phases   ] GC(206)   Evacuate Collection Set: 1.7ms
[2025-08-20T08:40:14.716+0000][1692266][info ][gc,phases   ] GC(206)   Post Evacuate Collection Set: 0.7ms
[2025-08-20T08:40:14.716+0000][1692266][info ][gc,phases   ] GC(206)   Other: 0.3ms
[2025-08-20T08:40:14.716+0000][1692266][trace][gc,age      ] GC(206) Age table with threshold 15 (max threshold 15)
[2025-08-20T08:40:14.716+0000][1692266][trace][gc,age      ] GC(206) - age   1:     155136 bytes,     155136 total
[2025-08-20T08:40:14.716+0000][1692266][trace][gc,age      ] GC(206) - age   2:       1824 bytes,     156960 total
[2025-08-20T08:40:14.716+0000][1692266][trace][gc,age      ] GC(206) - age   4:        112 bytes,     157072 total
[2025-08-20T08:40:14.716+0000][1692266][trace][gc,age      ] GC(206) - age   5:         56 bytes,     157128 total
[2025-08-20T08:40:14.716+0000][1692266][trace][gc,age      ] GC(206) - age   7:        176 bytes,     157304 total
[2025-08-20T08:40:14.716+0000][1692266][trace][gc,age      ] GC(206) - age   9:       1320 bytes,     158624 total
[2025-08-20T08:40:14.716+0000][1692266][info ][gc,heap     ] GC(206) Eden regions: 75->0(75)
[2025-08-20T08:40:14.716+0000][1692266][info ][gc,heap     ] GC(206) Survivor regions: 1->1(10)
[2025-08-20T08:40:14.716+0000][1692266][info ][gc,heap     ] GC(206) Old regions: 35->35
[2025-08-20T08:40:14.716+0000][1692266][info ][gc,heap     ] GC(206) Humongous regions: 0->0
[2025-08-20T08:40:14.716+0000][1692266][info ][gc,metaspace] GC(206) Metaspace: 144598K(148480K)->144598K(148480K) NonClass: 124979K(127040K)->124979K(127040K) Class: 19619K(21440K)->19619K(21440K)
[2025-08-20T08:40:14.717+0000][1692266][info ][gc          ] GC(206) Pause Young (Normal) (G1 Evacuation Pause) 437M->137M(512M) 3.359ms
[2025-08-20T08:40:14.717+0000][1692266][info ][gc,cpu      ] GC(206) User=0.01s Sys=0.00s Real=0.01s
[2025-08-20T08:40:14.717+0000][1692266][info ][safepoint   ] Safepoint "G1CollectForAllocation", Time since last: 444873423762 ns, Reaching safepoint: 9044 ns, Cleanup: 3295 ns, At safepoint: 3396118 ns, Total: 3408457 ns
[2025-08-20T08:47:39.008+0000][1692266][info ][gc,start    ] GC(207) Pause Young (Normal) (G1 Evacuation Pause)
[2025-08-20T08:47:39.008+0000][1692266][info ][gc,task     ] GC(207) Using 1 workers of 1 for evacuation
[2025-08-20T08:47:39.008+0000][1692266][debug][gc,age      ] GC(207) Desired survivor size 20971520 bytes, new threshold 15 (max threshold 15)
[2025-08-20T08:47:39.010+0000][1692266][info ][gc,phases   ] GC(207)   Pre Evacuate Collection Set: 0.1ms
[2025-08-20T08:47:39.010+0000][1692266][info ][gc,phases   ] GC(207)   Merge Heap Roots: 0.0ms
[2025-08-20T08:47:39.010+0000][1692266][info ][gc,phases   ] GC(207)   Evacuate Collection Set: 1.3ms
[2025-08-20T08:47:39.010+0000][1692266][info ][gc,phases   ] GC(207)   Post Evacuate Collection Set: 0.8ms
[2025-08-20T08:47:39.010+0000][1692266][info ][gc,phases   ] GC(207)   Other: 0.0ms
[2025-08-20T08:47:39.010+0000][1692266][trace][gc,age      ] GC(207) Age table with threshold 15 (max threshold 15)
[2025-08-20T08:47:39.010+0000][1692266][trace][gc,age      ] GC(207) - age   1:      50992 bytes,      50992 total
[2025-08-20T08:47:39.010+0000][1692266][trace][gc,age      ] GC(207) - age   2:        552 bytes,      51544 total
[2025-08-20T08:47:39.010+0000][1692266][trace][gc,age      ] GC(207) - age   3:       1272 bytes,      52816 total
[2025-08-20T08:47:39.010+0000][1692266][trace][gc,age      ] GC(207) - age   5:        112 bytes,      52928 total
[2025-08-20T08:47:39.010+0000][1692266][trace][gc,age      ] GC(207) - age   6:         56 bytes,      52984 total
[2025-08-20T08:47:39.010+0000][1692266][trace][gc,age      ] GC(207) - age   8:        176 bytes,      53160 total
[2025-08-20T08:47:39.010+0000][1692266][trace][gc,age      ] GC(207) - age  10:       1320 bytes,      54480 total
[2025-08-20T08:47:39.010+0000][1692266][info ][gc,heap     ] GC(207) Eden regions: 75->0(75)
[2025-08-20T08:47:39.010+0000][1692266][info ][gc,heap     ] GC(207) Survivor regions: 1->1(10)
[2025-08-20T08:47:39.010+0000][1692266][info ][gc,heap     ] GC(207) Old regions: 35->35
[2025-08-20T08:47:39.010+0000][1692266][info ][gc,heap     ] GC(207) Humongous regions: 0->0
[2025-08-20T08:47:39.010+0000][1692266][info ][gc,metaspace] GC(207) Metaspace: 144598K(148480K)->144598K(148480K) NonClass: 124979K(127040K)->124979K(127040K) Class: 19619K(21440K)->19619K(21440K)
[2025-08-20T08:47:39.010+0000][1692266][info ][gc          ] GC(207) Pause Young (Normal) (G1 Evacuation Pause) 437M->137M(512M) 2.590ms
[2025-08-20T08:47:39.010+0000][1692266][info ][gc,cpu      ] GC(207) User=0.00s Sys=0.00s Real=0.00s
[2025-08-20T08:47:39.010+0000][1692266][info ][safepoint   ] Safepoint "G1CollectForAllocation", Time since last: 444291190261 ns, Reaching safepoint: 8393 ns, Cleanup: 3265 ns, At safepoint: 2626135 ns, Total: 2637793 ns
[2025-08-20T08:55:03.100+0000][1692266][info ][gc,start    ] GC(208) Pause Young (Normal) (G1 Evacuation Pause)
[2025-08-20T08:55:03.100+0000][1692266][info ][gc,task     ] GC(208) Using 1 workers of 1 for evacuation
[2025-08-20T08:55:03.100+0000][1692266][debug][gc,age      ] GC(208) Desired survivor size 20971520 bytes, new threshold 15 (max threshold 15)
[2025-08-20T08:55:03.103+0000][1692266][info ][gc,phases   ] GC(208)   Pre Evacuate Collection Set: 0.1ms
[2025-08-20T08:55:03.103+0000][1692266][info ][gc,phases   ] GC(208)   Merge Heap Roots: 0.0ms
[2025-08-20T08:55:03.103+0000][1692266][info ][gc,phases   ] GC(208)   Evacuate Collection Set: 1.4ms
[2025-08-20T08:55:03.103+0000][1692266][info ][gc,phases   ] GC(208)   Post Evacuate Collection Set: 1.3ms
[2025-08-20T08:55:03.103+0000][1692266][info ][gc,phases   ] GC(208)   Other: 0.0ms
[2025-08-20T08:55:03.103+0000][1692266][trace][gc,age      ] GC(208) Age table with threshold 15 (max threshold 15)
[2025-08-20T08:55:03.103+0000][1692266][trace][gc,age      ] GC(208) - age   1:      16936 bytes,      16936 total
[2025-08-20T08:55:03.103+0000][1692266][trace][gc,age      ] GC(208) - age   2:        112 bytes,      17048 total
[2025-08-20T08:55:03.103+0000][1692266][trace][gc,age      ] GC(208) - age   4:       1272 bytes,      18320 total
[2025-08-20T08:55:03.103+0000][1692266][trace][gc,age      ] GC(208) - age   6:        112 bytes,      18432 total
[2025-08-20T08:55:03.103+0000][1692266][trace][gc,age      ] GC(208) - age   7:         56 bytes,      18488 total
[2025-08-20T08:55:03.103+0000][1692266][trace][gc,age      ] GC(208) - age  11:       1320 bytes,      19808 total
[2025-08-20T08:55:03.103+0000][1692266][info ][gc,heap     ] GC(208) Eden regions: 75->0(75)
[2025-08-20T08:55:03.103+0000][1692266][info ][gc,heap     ] GC(208) Survivor regions: 1->1(10)
[2025-08-20T08:55:03.103+0000][1692266][info ][gc,heap     ] GC(208) Old regions: 35->35
[2025-08-20T08:55:03.103+0000][1692266][info ][gc,heap     ] GC(208) Humongous regions: 0->0
[2025-08-20T08:55:03.103+0000][1692266][info ][gc,metaspace] GC(208) Metaspace: 144598K(148480K)->144598K(148480K) NonClass: 124979K(127040K)->124979K(127040K) Class: 19619K(21440K)->19619K(21440K)
[2025-08-20T08:55:03.103+0000][1692266][info ][gc          ] GC(208) Pause Young (Normal) (G1 Evacuation Pause) 437M->137M(512M) 3.161ms
[2025-08-20T08:55:03.103+0000][1692266][info ][gc,cpu      ] GC(208) User=0.00s Sys=0.00s Real=0.00s
[2025-08-20T08:55:03.103+0000][1692266][info ][safepoint   ] Safepoint "G1CollectForAllocation", Time since last: 444089462444 ns, Reaching safepoint: 8893 ns, Cleanup: 2464 ns, At safepoint: 3197819 ns, Total: 3209176 ns
[2025-08-20T09:02:26.152+0000][1692266][info ][gc,start    ] GC(209) Pause Young (Normal) (G1 Evacuation Pause)
[2025-08-20T09:02:26.152+0000][1692266][info ][gc,task     ] GC(209) Using 1 workers of 1 for evacuation
[2025-08-20T09:02:26.152+0000][1692266][debug][gc,age      ] GC(209) Desired survivor size 20971520 bytes, new threshold 15 (max threshold 15)
[2025-08-20T09:02:26.155+0000][1692266][info ][gc,phases   ] GC(209)   Pre Evacuate Collection Set: 0.1ms
[2025-08-20T09:02:26.155+0000][1692266][info ][gc,phases   ] GC(209)   Merge Heap Roots: 0.0ms
[2025-08-20T09:02:26.155+0000][1692266][info ][gc,phases   ] GC(209)   Evacuate Collection Set: 1.3ms
[2025-08-20T09:02:26.155+0000][1692266][info ][gc,phases   ] GC(209)   Post Evacuate Collection Set: 1.3ms
[2025-08-20T09:02:26.155+0000][1692266][info ][gc,phases   ] GC(209)   Other: 0.0ms
[2025-08-20T09:02:26.155+0000][1692266][trace][gc,age      ] GC(209) Age table with threshold 15 (max threshold 15)
[2025-08-20T09:02:26.155+0000][1692266][trace][gc,age      ] GC(209) - age   1:      14824 bytes,      14824 total
[2025-08-20T09:02:26.155+0000][1692266][trace][gc,age      ] GC(209) - age   2:        728 bytes,      15552 total
[2025-08-20T09:02:26.155+0000][1692266][trace][gc,age      ] GC(209) - age   5:       1272 bytes,      16824 total
[2025-08-20T09:02:26.155+0000][1692266][trace][gc,age      ] GC(209) - age   7:        112 bytes,      16936 total
[2025-08-20T09:02:26.155+0000][1692266][trace][gc,age      ] GC(209) - age   8:         56 bytes,      16992 total
[2025-08-20T09:02:26.155+0000][1692266][trace][gc,age      ] GC(209) - age  12:       1320 bytes,      18312 total
[2025-08-20T09:02:26.155+0000][1692266][info ][gc,heap     ] GC(209) Eden regions: 75->0(75)
[2025-08-20T09:02:26.155+0000][1692266][info ][gc,heap     ] GC(209) Survivor regions: 1->1(10)
[2025-08-20T09:02:26.155+0000][1692266][info ][gc,heap     ] GC(209) Old regions: 35->35
[2025-08-20T09:02:26.155+0000][1692266][info ][gc,heap     ] GC(209) Humongous regions: 0->0
[2025-08-20T09:02:26.155+0000][1692266][info ][gc,metaspace] GC(209) Metaspace: 144600K(148480K)->144600K(148480K) NonClass: 124980K(127040K)->124980K(127040K) Class: 19619K(21440K)->19619K(21440K)
[2025-08-20T09:02:26.155+0000][1692266][info ][gc          ] GC(209) Pause Young (Normal) (G1 Evacuation Pause) 437M->137M(512M) 3.118ms
[2025-08-20T09:02:26.155+0000][1692266][info ][gc,cpu      ] GC(209) User=0.00s Sys=0.00s Real=0.00s
[2025-08-20T09:02:26.155+0000][1692266][info ][safepoint   ] Safepoint "G1CollectForAllocation", Time since last: 443048015120 ns, Reaching safepoint: 499114 ns, Cleanup: 3154 ns, At safepoint: 3156577 ns, Total: 3658845 ns
[2025-08-20T09:09:49.235+0000][1692266][info ][gc,start    ] GC(210) Pause Young (Normal) (G1 Evacuation Pause)
[2025-08-20T09:09:49.235+0000][1692266][info ][gc,task     ] GC(210) Using 1 workers of 1 for evacuation
[2025-08-20T09:09:49.235+0000][1692266][debug][gc,age      ] GC(210) Desired survivor size 20971520 bytes, new threshold 15 (max threshold 15)
[2025-08-20T09:09:49.237+0000][1692266][info ][gc,phases   ] GC(210)   Pre Evacuate Collection Set: 0.0ms
[2025-08-20T09:09:49.237+0000][1692266][info ][gc,phases   ] GC(210)   Merge Heap Roots: 0.0ms
[2025-08-20T09:09:49.237+0000][1692266][info ][gc,phases   ] GC(210)   Evacuate Collection Set: 1.3ms
[2025-08-20T09:09:49.237+0000][1692266][info ][gc,phases   ] GC(210)   Post Evacuate Collection Set: 0.8ms
[2025-08-20T09:09:49.237+0000][1692266][info ][gc,phases   ] GC(210)   Other: 0.0ms
[2025-08-20T09:09:49.237+0000][1692266][trace][gc,age      ] GC(210) Age table with threshold 15 (max threshold 15)
[2025-08-20T09:09:49.237+0000][1692266][trace][gc,age      ] GC(210) - age   1:      15032 bytes,      15032 total
[2025-08-20T09:09:49.237+0000][1692266][trace][gc,age      ] GC(210) - age   2:        552 bytes,      15584 total
[2025-08-20T09:09:49.237+0000][1692266][trace][gc,age      ] GC(210) - age   3:        176 bytes,      15760 total
[2025-08-20T09:09:49.237+0000][1692266][trace][gc,age      ] GC(210) - age   6:       1272 bytes,      17032 total
[2025-08-20T09:09:49.237+0000][1692266][trace][gc,age      ] GC(210) - age   8:        112 bytes,      17144 total
[2025-08-20T09:09:49.237+0000][1692266][trace][gc,age      ] GC(210) - age   9:         56 bytes,      17200 total
[2025-08-20T09:09:49.237+0000][1692266][trace][gc,age      ] GC(210) - age  13:       1320 bytes,      18520 total
[2025-08-20T09:09:49.237+0000][1692266][info ][gc,heap     ] GC(210) Eden regions: 75->0(75)
[2025-08-20T09:09:49.237+0000][1692266][info ][gc,heap     ] GC(210) Survivor regions: 1->1(10)
[2025-08-20T09:09:49.237+0000][1692266][info ][gc,heap     ] GC(210) Old regions: 35->35
[2025-08-20T09:09:49.237+0000][1692266][info ][gc,heap     ] GC(210) Humongous regions: 0->0
[2025-08-20T09:09:49.237+0000][1692266][info ][gc,metaspace] GC(210) Metaspace: 144600K(148480K)->144600K(148480K) NonClass: 124980K(127040K)->124980K(127040K) Class: 19619K(21440K)->19619K(21440K)
[2025-08-20T09:09:49.237+0000][1692266][info ][gc          ] GC(210) Pause Young (Normal) (G1 Evacuation Pause) 437M->137M(512M) 2.769ms
[2025-08-20T09:09:49.237+0000][1692266][info ][gc,cpu      ] GC(210) User=0.00s Sys=0.00s Real=0.01s
[2025-08-20T09:09:49.237+0000][1692266][info ][safepoint   ] Safepoint "G1CollectForAllocation", Time since last: 443079933894 ns, Reaching safepoint: 7772 ns, Cleanup: 2744 ns, At safepoint: 2805596 ns, Total: 2816112 ns
[2025-08-20T09:10:03.239+0000][1692266][info ][safepoint   ] Safepoint "Cleanup", Time since last: 14000799191 ns, Reaching safepoint: 40581 ns, Cleanup: 9034 ns, At safepoint: 244289 ns, Total: 293904 ns
[2025-08-20T09:17:13.085+0000][1692266][info ][gc,start    ] GC(211) Pause Young (Normal) (G1 Evacuation Pause)
[2025-08-20T09:17:13.085+0000][1692266][info ][gc,task     ] GC(211) Using 1 workers of 1 for evacuation
[2025-08-20T09:17:13.085+0000][1692266][debug][gc,age      ] GC(211) Desired survivor size 20971520 bytes, new threshold 15 (max threshold 15)
[2025-08-20T09:17:13.089+0000][1692266][info ][gc,phases   ] GC(211)   Pre Evacuate Collection Set: 0.1ms
[2025-08-20T09:17:13.089+0000][1692266][info ][gc,phases   ] GC(211)   Merge Heap Roots: 0.0ms
[2025-08-20T09:17:13.089+0000][1692266][info ][gc,phases   ] GC(211)   Evacuate Collection Set: 1.5ms
[2025-08-20T09:17:13.089+0000][1692266][info ][gc,phases   ] GC(211)   Post Evacuate Collection Set: 1.8ms
[2025-08-20T09:17:13.089+0000][1692266][info ][gc,phases   ] GC(211)   Other: 0.0ms
[2025-08-20T09:17:13.089+0000][1692266][trace][gc,age      ] GC(211) Age table with threshold 15 (max threshold 15)
[2025-08-20T09:17:13.089+0000][1692266][trace][gc,age      ] GC(211) - age   1:      16312 bytes,      16312 total
[2025-08-20T09:17:13.089+0000][1692266][trace][gc,age      ] GC(211) - age   2:        552 bytes,      16864 total
[2025-08-20T09:17:13.089+0000][1692266][trace][gc,age      ] GC(211) - age   4:        176 bytes,      17040 total
[2025-08-20T09:17:13.089+0000][1692266][trace][gc,age      ] GC(211) - age   7:       1272 bytes,      18312 total
[2025-08-20T09:17:13.089+0000][1692266][trace][gc,age      ] GC(211) - age   9:        112 bytes,      18424 total
[2025-08-20T09:17:13.089+0000][1692266][trace][gc,age      ] GC(211) - age  10:         56 bytes,      18480 total
[2025-08-20T09:17:13.089+0000][1692266][trace][gc,age      ] GC(211) - age  14:       1320 bytes,      19800 total
[2025-08-20T09:17:13.089+0000][1692266][info ][gc,heap     ] GC(211) Eden regions: 75->0(75)
[2025-08-20T09:17:13.089+0000][1692266][info ][gc,heap     ] GC(211) Survivor regions: 1->1(10)
[2025-08-20T09:17:13.089+0000][1692266][info ][gc,heap     ] GC(211) Old regions: 35->35
[2025-08-20T09:17:13.089+0000][1692266][info ][gc,heap     ] GC(211) Humongous regions: 0->0
[2025-08-20T09:17:13.089+0000][1692266][info ][gc,metaspace] GC(211) Metaspace: 144601K(148480K)->144601K(148480K) NonClass: 124981K(127040K)->124981K(127040K) Class: 19619K(21440K)->19619K(21440K)
[2025-08-20T09:17:13.089+0000][1692266][info ][gc          ] GC(211) Pause Young (Normal) (G1 Evacuation Pause) 437M->137M(512M) 3.640ms
[2025-08-20T09:17:13.089+0000][1692266][info ][gc,cpu      ] GC(211) User=0.00s Sys=0.00s Real=0.01s
[2025-08-20T09:17:13.089+0000][1692266][info ][safepoint   ] Safepoint "G1CollectForAllocation", Time since last: 429846554200 ns, Reaching safepoint: 9134 ns, Cleanup: 3636 ns, At safepoint: 3678204 ns, Total: 3690974 ns
[2025-08-20T09:24:37.375+0000][1692266][info ][gc,start    ] GC(212) Pause Young (Normal) (G1 Evacuation Pause)
[2025-08-20T09:24:37.376+0000][1692266][info ][gc,task     ] GC(212) Using 1 workers of 1 for evacuation
[2025-08-20T09:24:37.376+0000][1692266][debug][gc,age      ] GC(212) Desired survivor size 20971520 bytes, new threshold 15 (max threshold 15)
[2025-08-20T09:24:37.378+0000][1692266][info ][gc,phases   ] GC(212)   Pre Evacuate Collection Set: 0.1ms
[2025-08-20T09:24:37.378+0000][1692266][info ][gc,phases   ] GC(212)   Merge Heap Roots: 0.0ms
[2025-08-20T09:24:37.378+0000][1692266][info ][gc,phases   ] GC(212)   Evacuate Collection Set: 1.5ms
[2025-08-20T09:24:37.378+0000][1692266][info ][gc,phases   ] GC(212)   Post Evacuate Collection Set: 0.8ms
[2025-08-20T09:24:37.378+0000][1692266][info ][gc,phases   ] GC(212)   Other: 0.0ms
[2025-08-20T09:24:37.378+0000][1692266][trace][gc,age      ] GC(212) Age table with threshold 15 (max threshold 15)
[2025-08-20T09:24:37.378+0000][1692266][trace][gc,age      ] GC(212) - age   1:      34936 bytes,      34936 total
[2025-08-20T09:24:37.378+0000][1692266][trace][gc,age      ] GC(212) - age   2:        112 bytes,      35048 total
[2025-08-20T09:24:37.378+0000][1692266][trace][gc,age      ] GC(212) - age   5:        176 bytes,      35224 total
[2025-08-20T09:24:37.378+0000][1692266][trace][gc,age      ] GC(212) - age   8:       1272 bytes,      36496 total
[2025-08-20T09:24:37.378+0000][1692266][trace][gc,age      ] GC(212) - age  10:        112 bytes,      36608 total
[2025-08-20T09:24:37.378+0000][1692266][trace][gc,age      ] GC(212) - age  11:         56 bytes,      36664 total
[2025-08-20T09:24:37.378+0000][1692266][trace][gc,age      ] GC(212) - age  15:       1320 bytes,      37984 total
[2025-08-20T09:24:37.378+0000][1692266][info ][gc,heap     ] GC(212) Eden regions: 75->0(75)
[2025-08-20T09:24:37.378+0000][1692266][info ][gc,heap     ] GC(212) Survivor regions: 1->1(10)
[2025-08-20T09:24:37.378+0000][1692266][info ][gc,heap     ] GC(212) Old regions: 35->35
[2025-08-20T09:24:37.378+0000][1692266][info ][gc,heap     ] GC(212) Humongous regions: 0->0
[2025-08-20T09:24:37.378+0000][1692266][info ][gc,metaspace] GC(212) Metaspace: 144601K(148480K)->144601K(148480K) NonClass: 124981K(127040K)->124981K(127040K) Class: 19619K(21440K)->19619K(21440K)
[2025-08-20T09:24:37.378+0000][1692266][info ][gc          ] GC(212) Pause Young (Normal) (G1 Evacuation Pause) 437M->137M(512M) 2.949ms
[2025-08-20T09:24:37.378+0000][1692266][info ][gc,cpu      ] GC(212) User=0.00s Sys=0.00s Real=0.01s
[2025-08-20T09:24:37.378+0000][1692266][info ][safepoint   ] Safepoint "G1CollectForAllocation", Time since last: 444286373600 ns, Reaching safepoint: 8963 ns, Cleanup: 3235 ns, At safepoint: 2987992 ns, Total: 3000190 ns
[2025-08-20T09:32:02.608+0000][1692266][info ][gc,start    ] GC(213) Pause Young (Normal) (G1 Evacuation Pause)
[2025-08-20T09:32:02.608+0000][1692266][info ][gc,task     ] GC(213) Using 1 workers of 1 for evacuation
[2025-08-20T09:32:02.608+0000][1692266][debug][gc,age      ] GC(213) Desired survivor size 20971520 bytes, new threshold 15 (max threshold 15)
[2025-08-20T09:32:02.611+0000][1692266][info ][gc,phases   ] GC(213)   Pre Evacuate Collection Set: 0.1ms
[2025-08-20T09:32:02.611+0000][1692266][info ][gc,phases   ] GC(213)   Merge Heap Roots: 0.0ms
[2025-08-20T09:32:02.611+0000][1692266][info ][gc,phases   ] GC(213)   Evacuate Collection Set: 1.6ms
[2025-08-20T09:32:02.611+0000][1692266][info ][gc,phases   ] GC(213)   Post Evacuate Collection Set: 0.8ms
[2025-08-20T09:32:02.611+0000][1692266][info ][gc,phases   ] GC(213)   Other: 0.0ms
[2025-08-20T09:32:02.611+0000][1692266][trace][gc,age      ] GC(213) Age table with threshold 15 (max threshold 15)
[2025-08-20T09:32:02.611+0000][1692266][trace][gc,age      ] GC(213) - age   1:      87104 bytes,      87104 total
[2025-08-20T09:32:02.611+0000][1692266][trace][gc,age      ] GC(213) - age   2:        680 bytes,      87784 total
[2025-08-20T09:32:02.611+0000][1692266][trace][gc,age      ] GC(213) - age   6:        176 bytes,      87960 total
[2025-08-20T09:32:02.611+0000][1692266][trace][gc,age      ] GC(213) - age   9:       1272 bytes,      89232 total
[2025-08-20T09:32:02.611+0000][1692266][trace][gc,age      ] GC(213) - age  11:        112 bytes,      89344 total
[2025-08-20T09:32:02.611+0000][1692266][trace][gc,age      ] GC(213) - age  12:         56 bytes,      89400 total
[2025-08-20T09:32:02.611+0000][1692266][info ][gc,heap     ] GC(213) Eden regions: 75->0(75)
[2025-08-20T09:32:02.611+0000][1692266][info ][gc,heap     ] GC(213) Survivor regions: 1->1(10)
[2025-08-20T09:32:02.611+0000][1692266][info ][gc,heap     ] GC(213) Old regions: 35->35
[2025-08-20T09:32:02.611+0000][1692266][info ][gc,heap     ] GC(213) Humongous regions: 0->0
[2025-08-20T09:32:02.611+0000][1692266][info ][gc,metaspace] GC(213) Metaspace: 144605K(148480K)->144605K(148480K) NonClass: 124985K(127040K)->124985K(127040K) Class: 19619K(21440K)->19619K(21440K)
[2025-08-20T09:32:02.611+0000][1692266][info ][gc          ] GC(213) Pause Young (Normal) (G1 Evacuation Pause) 437M->137M(512M) 3.104ms
[2025-08-20T09:32:02.611+0000][1692266][info ][gc,cpu      ] GC(213) User=0.01s Sys=0.00s Real=0.00s
[2025-08-20T09:32:02.611+0000][1692266][info ][safepoint   ] Safepoint "G1CollectForAllocation", Time since last: 445229620734 ns, Reaching safepoint: 9665 ns, Cleanup: 3595 ns, At safepoint: 3140523 ns, Total: 3153783 ns
[2025-08-20T09:36:54.628+0000][1692266][info ][safepoint   ] Safepoint "Cleanup", Time since last: 292017403130 ns, Reaching safepoint: 7732 ns, Cleanup: 15694 ns, At safepoint: 2333 ns, Total: 25759 ns
[2025-08-20T09:39:26.866+0000][1692266][info ][gc,start    ] GC(214) Pause Young (Normal) (G1 Evacuation Pause)
[2025-08-20T09:39:26.867+0000][1692266][info ][gc,task     ] GC(214) Using 1 workers of 1 for evacuation
[2025-08-20T09:39:26.867+0000][1692266][debug][gc,age      ] GC(214) Desired survivor size 20971520 bytes, new threshold 15 (max threshold 15)
[2025-08-20T09:39:26.869+0000][1692266][info ][gc,phases   ] GC(214)   Pre Evacuate Collection Set: 0.1ms
[2025-08-20T09:39:26.869+0000][1692266][info ][gc,phases   ] GC(214)   Merge Heap Roots: 0.0ms
[2025-08-20T09:39:26.869+0000][1692266][info ][gc,phases   ] GC(214)   Evacuate Collection Set: 1.3ms
[2025-08-20T09:39:26.869+0000][1692266][info ][gc,phases   ] GC(214)   Post Evacuate Collection Set: 0.8ms
[2025-08-20T09:39:26.869+0000][1692266][info ][gc,phases   ] GC(214)   Other: 0.0ms
[2025-08-20T09:39:26.869+0000][1692266][trace][gc,age      ] GC(214) Age table with threshold 15 (max threshold 15)
[2025-08-20T09:39:26.869+0000][1692266][trace][gc,age      ] GC(214) - age   1:      33720 bytes,      33720 total
[2025-08-20T09:39:26.869+0000][1692266][trace][gc,age      ] GC(214) - age   2:        424 bytes,      34144 total
[2025-08-20T09:39:26.869+0000][1692266][trace][gc,age      ] GC(214) - age   7:        176 bytes,      34320 total
[2025-08-20T09:39:26.869+0000][1692266][trace][gc,age      ] GC(214) - age  10:       1272 bytes,      35592 total
[2025-08-20T09:39:26.869+0000][1692266][trace][gc,age      ] GC(214) - age  12:        112 bytes,      35704 total
[2025-08-20T09:39:26.869+0000][1692266][trace][gc,age      ] GC(214) - age  13:         56 bytes,      35760 total
[2025-08-20T09:39:26.869+0000][1692266][info ][gc,heap     ] GC(214) Eden regions: 75->0(75)
[2025-08-20T09:39:26.869+0000][1692266][info ][gc,heap     ] GC(214) Survivor regions: 1->1(10)
[2025-08-20T09:39:26.869+0000][1692266][info ][gc,heap     ] GC(214) Old regions: 35->35
[2025-08-20T09:39:26.869+0000][1692266][info ][gc,heap     ] GC(214) Humongous regions: 0->0
[2025-08-20T09:39:26.869+0000][1692266][info ][gc,metaspace] GC(214) Metaspace: 144607K(148480K)->144607K(148480K) NonClass: 124987K(127040K)->124987K(127040K) Class: 19619K(21440K)->19619K(21440K)
[2025-08-20T09:39:26.869+0000][1692266][info ][gc          ] GC(214) Pause Young (Normal) (G1 Evacuation Pause) 437M->137M(512M) 2.769ms
[2025-08-20T09:39:26.869+0000][1692266][info ][gc,cpu      ] GC(214) User=0.00s Sys=0.00s Real=0.00s
[2025-08-20T09:39:26.869+0000][1692266][info ][safepoint   ] Safepoint "G1CollectForAllocation", Time since last: 152237561067 ns, Reaching safepoint: 246262 ns, Cleanup: 3896 ns, At safepoint: 2806698 ns, Total: 3056856 ns
[2025-08-20T09:41:54.878+0000][1692266][info ][safepoint   ] Safepoint "Cleanup", Time since last: 148008974414 ns, Reaching safepoint: 40831 ns, Cleanup: 10977 ns, At safepoint: 4737 ns, Total: 56545 ns
[2025-08-20T09:42:04.879+0000][1692266][info ][safepoint   ] Safepoint "Cleanup", Time since last: 10001067932 ns, Reaching safepoint: 24597 ns, Cleanup: 10806 ns, At safepoint: 6820 ns, Total: 42223 ns
[2025-08-20T09:46:49.833+0000][1692266][info ][gc,start    ] GC(215) Pause Young (Normal) (G1 Evacuation Pause)
[2025-08-20T09:46:49.833+0000][1692266][info ][gc,task     ] GC(215) Using 1 workers of 1 for evacuation
[2025-08-20T09:46:49.833+0000][1692266][debug][gc,age      ] GC(215) Desired survivor size 20971520 bytes, new threshold 15 (max threshold 15)
[2025-08-20T09:46:49.836+0000][1692266][info ][gc,phases   ] GC(215)   Pre Evacuate Collection Set: 0.1ms
[2025-08-20T09:46:49.836+0000][1692266][info ][gc,phases   ] GC(215)   Merge Heap Roots: 0.0ms
[2025-08-20T09:46:49.836+0000][1692266][info ][gc,phases   ] GC(215)   Evacuate Collection Set: 1.5ms
[2025-08-20T09:46:49.836+0000][1692266][info ][gc,phases   ] GC(215)   Post Evacuate Collection Set: 1.3ms
[2025-08-20T09:46:49.836+0000][1692266][info ][gc,phases   ] GC(215)   Other: 0.0ms
[2025-08-20T09:46:49.836+0000][1692266][trace][gc,age      ] GC(215) Age table with threshold 15 (max threshold 15)
[2025-08-20T09:46:49.836+0000][1692266][trace][gc,age      ] GC(215) - age   1:      17240 bytes,      17240 total
[2025-08-20T09:46:49.836+0000][1692266][trace][gc,age      ] GC(215) - age   2:        552 bytes,      17792 total
[2025-08-20T09:46:49.836+0000][1692266][trace][gc,age      ] GC(215) - age   8:        176 bytes,      17968 total
[2025-08-20T09:46:49.836+0000][1692266][trace][gc,age      ] GC(215) - age  11:       1272 bytes,      19240 total
[2025-08-20T09:46:49.836+0000][1692266][trace][gc,age      ] GC(215) - age  13:        112 bytes,      19352 total
[2025-08-20T09:46:49.836+0000][1692266][trace][gc,age      ] GC(215) - age  14:         56 bytes,      19408 total
[2025-08-20T09:46:49.836+0000][1692266][info ][gc,heap     ] GC(215) Eden regions: 75->0(75)
[2025-08-20T09:46:49.836+0000][1692266][info ][gc,heap     ] GC(215) Survivor regions: 1->1(10)
[2025-08-20T09:46:49.836+0000][1692266][info ][gc,heap     ] GC(215) Old regions: 35->35
[2025-08-20T09:46:49.836+0000][1692266][info ][gc,heap     ] GC(215) Humongous regions: 0->0
[2025-08-20T09:46:49.836+0000][1692266][info ][gc,metaspace] GC(215) Metaspace: 144607K(148480K)->144607K(148480K) NonClass: 124987K(127040K)->124987K(127040K) Class: 19619K(21440K)->19619K(21440K)
[2025-08-20T09:46:49.836+0000][1692266][info ][gc          ] GC(215) Pause Young (Normal) (G1 Evacuation Pause) 437M->137M(512M) 3.044ms
[2025-08-20T09:46:49.836+0000][1692266][info ][gc,cpu      ] GC(215) User=0.01s Sys=0.00s Real=0.01s
[2025-08-20T09:46:49.836+0000][1692266][info ][safepoint   ] Safepoint "G1CollectForAllocation", Time since last: 284953639887 ns, Reaching safepoint: 8303 ns, Cleanup: 2604 ns, At safepoint: 3083636 ns, Total: 3094543 ns
[2025-08-20T09:54:15.102+0000][1692266][info ][gc,start    ] GC(216) Pause Young (Normal) (G1 Evacuation Pause)
[2025-08-20T09:54:15.102+0000][1692266][info ][gc,task     ] GC(216) Using 1 workers of 1 for evacuation
[2025-08-20T09:54:15.102+0000][1692266][debug][gc,age      ] GC(216) Desired survivor size 20971520 bytes, new threshold 15 (max threshold 15)
[2025-08-20T09:54:15.105+0000][1692266][info ][gc,phases   ] GC(216)   Pre Evacuate Collection Set: 0.1ms
[2025-08-20T09:54:15.105+0000][1692266][info ][gc,phases   ] GC(216)   Merge Heap Roots: 0.0ms
[2025-08-20T09:54:15.105+0000][1692266][info ][gc,phases   ] GC(216)   Evacuate Collection Set: 1.5ms
[2025-08-20T09:54:15.105+0000][1692266][info ][gc,phases   ] GC(216)   Post Evacuate Collection Set: 0.8ms
[2025-08-20T09:54:15.105+0000][1692266][info ][gc,phases   ] GC(216)   Other: 0.0ms
[2025-08-20T09:54:15.105+0000][1692266][trace][gc,age      ] GC(216) Age table with threshold 15 (max threshold 15)
[2025-08-20T09:54:15.105+0000][1692266][trace][gc,age      ] GC(216) - age   1:      17120 bytes,      17120 total
[2025-08-20T09:54:15.105+0000][1692266][trace][gc,age      ] GC(216) - age   2:        112 bytes,      17232 total
[2025-08-20T09:54:15.105+0000][1692266][trace][gc,age      ] GC(216) - age  12:       1272 bytes,      18504 total
[2025-08-20T09:54:15.105+0000][1692266][trace][gc,age      ] GC(216) - age  14:        112 bytes,      18616 total
[2025-08-20T09:54:15.105+0000][1692266][trace][gc,age      ] GC(216) - age  15:         56 bytes,      18672 total
[2025-08-20T09:54:15.105+0000][1692266][info ][gc,heap     ] GC(216) Eden regions: 75->0(75)
[2025-08-20T09:54:15.105+0000][1692266][info ][gc,heap     ] GC(216) Survivor regions: 1->1(10)
[2025-08-20T09:54:15.105+0000][1692266][info ][gc,heap     ] GC(216) Old regions: 35->35
[2025-08-20T09:54:15.105+0000][1692266][info ][gc,heap     ] GC(216) Humongous regions: 0->0
[2025-08-20T09:54:15.105+0000][1692266][info ][gc,metaspace] GC(216) Metaspace: 144607K(148480K)->144607K(148480K) NonClass: 124987K(127040K)->124987K(127040K) Class: 19619K(21440K)->19619K(21440K)
[2025-08-20T09:54:15.105+0000][1692266][info ][gc          ] GC(216) Pause Young (Normal) (G1 Evacuation Pause) 437M->137M(512M) 2.471ms
[2025-08-20T09:54:15.105+0000][1692266][info ][gc,cpu      ] GC(216) User=0.00s Sys=0.00s Real=0.00s
[2025-08-20T09:54:15.105+0000][1692266][info ][safepoint   ] Safepoint "G1CollectForAllocation", Time since last: 445266563240 ns, Reaching safepoint: 6089 ns, Cleanup: 2424 ns, At safepoint: 2508428 ns, Total: 2516941 ns
[2025-08-20T10:01:37.803+0000][1692266][info ][gc,start    ] GC(217) Pause Young (Normal) (G1 Evacuation Pause)
[2025-08-20T10:01:37.804+0000][1692266][info ][gc,task     ] GC(217) Using 1 workers of 1 for evacuation
[2025-08-20T10:01:37.804+0000][1692266][debug][gc,age      ] GC(217) Desired survivor size 20971520 bytes, new threshold 15 (max threshold 15)
[2025-08-20T10:01:37.806+0000][1692266][info ][gc,phases   ] GC(217)   Pre Evacuate Collection Set: 0.1ms
[2025-08-20T10:01:37.806+0000][1692266][info ][gc,phases   ] GC(217)   Merge Heap Roots: 0.0ms
[2025-08-20T10:01:37.806+0000][1692266][info ][gc,phases   ] GC(217)   Evacuate Collection Set: 1.3ms
[2025-08-20T10:01:37.806+0000][1692266][info ][gc,phases   ] GC(217)   Post Evacuate Collection Set: 0.8ms
[2025-08-20T10:01:37.806+0000][1692266][info ][gc,phases   ] GC(217)   Other: 0.0ms
[2025-08-20T10:01:37.806+0000][1692266][trace][gc,age      ] GC(217) Age table with threshold 15 (max threshold 15)
[2025-08-20T10:01:37.806+0000][1692266][trace][gc,age      ] GC(217) - age   1:      15064 bytes,      15064 total
[2025-08-20T10:01:37.806+0000][1692266][trace][gc,age      ] GC(217) - age   2:        856 bytes,      15920 total
[2025-08-20T10:01:37.806+0000][1692266][trace][gc,age      ] GC(217) - age  13:       1272 bytes,      17192 total
[2025-08-20T10:01:37.806+0000][1692266][trace][gc,age      ] GC(217) - age  15:        112 bytes,      17304 total
[2025-08-20T10:01:37.806+0000][1692266][info ][gc,heap     ] GC(217) Eden regions: 75->0(75)
[2025-08-20T10:01:37.806+0000][1692266][info ][gc,heap     ] GC(217) Survivor regions: 1->1(10)
[2025-08-20T10:01:37.806+0000][1692266][info ][gc,heap     ] GC(217) Old regions: 35->35
[2025-08-20T10:01:37.806+0000][1692266][info ][gc,heap     ] GC(217) Humongous regions: 0->0
[2025-08-20T10:01:37.806+0000][1692266][info ][gc,metaspace] GC(217) Metaspace: 144608K(148480K)->144608K(148480K) NonClass: 124989K(127040K)->124989K(127040K) Class: 19619K(21440K)->19619K(21440K)
[2025-08-20T10:01:37.806+0000][1692266][info ][gc          ] GC(217) Pause Young (Normal) (G1 Evacuation Pause) 437M->137M(512M) 2.687ms
[2025-08-20T10:01:37.806+0000][1692266][info ][gc,cpu      ] GC(217) User=0.01s Sys=0.00s Real=0.01s
[2025-08-20T10:01:37.806+0000][1692266][info ][safepoint   ] Safepoint "G1CollectForAllocation", Time since last: 442698448787 ns, Reaching safepoint: 9234 ns, Cleanup: 3275 ns, At safepoint: 2725536 ns, Total: 2738045 ns
[2025-08-20T10:09:02.881+0000][1692266][info ][gc,start    ] GC(218) Pause Young (Normal) (G1 Evacuation Pause)
[2025-08-20T10:09:02.882+0000][1692266][info ][gc,task     ] GC(218) Using 1 workers of 1 for evacuation
[2025-08-20T10:09:02.882+0000][1692266][debug][gc,age      ] GC(218) Desired survivor size 20971520 bytes, new threshold 15 (max threshold 15)
[2025-08-20T10:09:02.884+0000][1692266][info ][gc,phases   ] GC(218)   Pre Evacuate Collection Set: 0.1ms
[2025-08-20T10:09:02.884+0000][1692266][info ][gc,phases   ] GC(218)   Merge Heap Roots: 0.0ms
[2025-08-20T10:09:02.884+0000][1692266][info ][gc,phases   ] GC(218)   Evacuate Collection Set: 1.3ms
[2025-08-20T10:09:02.884+0000][1692266][info ][gc,phases   ] GC(218)   Post Evacuate Collection Set: 0.8ms
[2025-08-20T10:09:02.884+0000][1692266][info ][gc,phases   ] GC(218)   Other: 0.0ms
[2025-08-20T10:09:02.884+0000][1692266][trace][gc,age      ] GC(218) Age table with threshold 15 (max threshold 15)
[2025-08-20T10:09:02.884+0000][1692266][trace][gc,age      ] GC(218) - age   1:      14792 bytes,      14792 total
[2025-08-20T10:09:02.884+0000][1692266][trace][gc,age      ] GC(218) - age   2:        424 bytes,      15216 total
[2025-08-20T10:09:02.884+0000][1692266][trace][gc,age      ] GC(218) - age   3:        176 bytes,      15392 total
[2025-08-20T10:09:02.884+0000][1692266][trace][gc,age      ] GC(218) - age  14:       1272 bytes,      16664 total
[2025-08-20T10:09:02.884+0000][1692266][info ][gc,heap     ] GC(218) Eden regions: 75->0(75)
[2025-08-20T10:09:02.884+0000][1692266][info ][gc,heap     ] GC(218) Survivor regions: 1->1(10)
[2025-08-20T10:09:02.884+0000][1692266][info ][gc,heap     ] GC(218) Old regions: 35->35
[2025-08-20T10:09:02.884+0000][1692266][info ][gc,heap     ] GC(218) Humongous regions: 0->0
[2025-08-20T10:09:02.884+0000][1692266][info ][gc,metaspace] GC(218) Metaspace: 144609K(148480K)->144609K(148480K) NonClass: 124989K(127040K)->124989K(127040K) Class: 19619K(21440K)->19619K(21440K)
[2025-08-20T10:09:02.884+0000][1692266][info ][gc          ] GC(218) Pause Young (Normal) (G1 Evacuation Pause) 437M->137M(512M) 2.800ms
[2025-08-20T10:09:02.884+0000][1692266][info ][gc,cpu      ] GC(218) User=0.00s Sys=0.00s Real=0.00s
[2025-08-20T10:09:02.884+0000][1692266][info ][safepoint   ] Safepoint "G1CollectForAllocation", Time since last: 445075105932 ns, Reaching safepoint: 8212 ns, Cleanup: 2834 ns, At safepoint: 2847009 ns, Total: 2858055 ns
[2025-08-20T10:16:25.954+0000][1692266][info ][gc,start    ] GC(219) Pause Young (Normal) (G1 Evacuation Pause)
[2025-08-20T10:16:25.954+0000][1692266][info ][gc,task     ] GC(219) Using 1 workers of 1 for evacuation
[2025-08-20T10:16:25.954+0000][1692266][debug][gc,age      ] GC(219) Desired survivor size 20971520 bytes, new threshold 15 (max threshold 15)
[2025-08-20T10:16:25.956+0000][1692266][info ][gc,phases   ] GC(219)   Pre Evacuate Collection Set: 0.1ms
[2025-08-20T10:16:25.956+0000][1692266][info ][gc,phases   ] GC(219)   Merge Heap Roots: 0.0ms
[2025-08-20T10:16:25.956+0000][1692266][info ][gc,phases   ] GC(219)   Evacuate Collection Set: 1.3ms
[2025-08-20T10:16:25.956+0000][1692266][info ][gc,phases   ] GC(219)   Post Evacuate Collection Set: 0.8ms
[2025-08-20T10:16:25.956+0000][1692266][info ][gc,phases   ] GC(219)   Other: 0.3ms
[2025-08-20T10:16:25.956+0000][1692266][trace][gc,age      ] GC(219) Age table with threshold 15 (max threshold 15)
[2025-08-20T10:16:25.956+0000][1692266][trace][gc,age      ] GC(219) - age   1:      15456 bytes,      15456 total
[2025-08-20T10:16:25.956+0000][1692266][trace][gc,age      ] GC(219) - age   2:        552 bytes,      16008 total
[2025-08-20T10:16:25.956+0000][1692266][trace][gc,age      ] GC(219) - age   4:        176 bytes,      16184 total
[2025-08-20T10:16:25.956+0000][1692266][trace][gc,age      ] GC(219) - age  15:       1272 bytes,      17456 total
[2025-08-20T10:16:25.956+0000][1692266][info ][gc,heap     ] GC(219) Eden regions: 75->0(75)
[2025-08-20T10:16:25.956+0000][1692266][info ][gc,heap     ] GC(219) Survivor regions: 1->1(10)
[2025-08-20T10:16:25.956+0000][1692266][info ][gc,heap     ] GC(219) Old regions: 35->35
[2025-08-20T10:16:25.956+0000][1692266][info ][gc,heap     ] GC(219) Humongous regions: 0->0
[2025-08-20T10:16:25.956+0000][1692266][info ][gc,metaspace] GC(219) Metaspace: 144609K(148480K)->144609K(148480K) NonClass: 124989K(127040K)->124989K(127040K) Class: 19619K(21440K)->19619K(21440K)
[2025-08-20T10:16:25.956+0000][1692266][info ][gc          ] GC(219) Pause Young (Normal) (G1 Evacuation Pause) 437M->137M(512M) 2.820ms
[2025-08-20T10:16:25.956+0000][1692266][info ][gc,cpu      ] GC(219) User=0.00s Sys=0.00s Real=0.01s
[2025-08-20T10:16:25.956+0000][1692266][info ][safepoint   ] Safepoint "G1CollectForAllocation", Time since last: 443069442237 ns, Reaching safepoint: 7792 ns, Cleanup: 2774 ns, At safepoint: 2857165 ns, Total: 2867731 ns
[2025-08-20T10:23:50.028+0000][1692266][info ][gc,start    ] GC(220) Pause Young (Normal) (G1 Evacuation Pause)
[2025-08-20T10:23:50.232+0000][1692266][info ][gc,task     ] GC(220) Using 1 workers of 1 for evacuation
[2025-08-20T10:23:50.232+0000][1692266][debug][gc,age      ] GC(220) Desired survivor size 20971520 bytes, new threshold 15 (max threshold 15)
[2025-08-20T10:23:50.234+0000][1692266][info ][gc,phases   ] GC(220)   Pre Evacuate Collection Set: 0.1ms
[2025-08-20T10:23:50.234+0000][1692266][info ][gc,phases   ] GC(220)   Merge Heap Roots: 0.0ms
[2025-08-20T10:23:50.234+0000][1692266][info ][gc,phases   ] GC(220)   Evacuate Collection Set: 1.3ms
[2025-08-20T10:23:50.234+0000][1692266][info ][gc,phases   ] GC(220)   Post Evacuate Collection Set: 0.8ms
[2025-08-20T10:23:50.234+0000][1692266][info ][gc,phases   ] GC(220)   Other: 0.1ms
[2025-08-20T10:23:50.234+0000][1692266][trace][gc,age      ] GC(220) Age table with threshold 15 (max threshold 15)
[2025-08-20T10:23:50.234+0000][1692266][trace][gc,age      ] GC(220) - age   1:      16416 bytes,      16416 total
[2025-08-20T10:23:50.234+0000][1692266][trace][gc,age      ] GC(220) - age   2:        216 bytes,      16632 total
[2025-08-20T10:23:50.234+0000][1692266][trace][gc,age      ] GC(220) - age   5:        176 bytes,      16808 total
[2025-08-20T10:23:50.234+0000][1692266][info ][gc,heap     ] GC(220) Eden regions: 75->0(75)
[2025-08-20T10:23:50.234+0000][1692266][info ][gc,heap     ] GC(220) Survivor regions: 1->1(10)
[2025-08-20T10:23:50.234+0000][1692266][info ][gc,heap     ] GC(220) Old regions: 35->35
[2025-08-20T10:23:50.234+0000][1692266][info ][gc,heap     ] GC(220) Humongous regions: 0->0
[2025-08-20T10:23:50.234+0000][1692266][info ][gc,metaspace] GC(220) Metaspace: 144609K(148480K)->144609K(148480K) NonClass: 124989K(127040K)->124989K(127040K) Class: 19619K(21440K)->19619K(21440K)
[2025-08-20T10:23:50.234+0000][1692266][info ][gc          ] GC(220) Pause Young (Normal) (G1 Evacuation Pause) 437M->137M(512M) 206.104ms
[2025-08-20T10:23:50.234+0000][1692266][info ][gc,cpu      ] GC(220) User=0.01s Sys=0.00s Real=0.20s
[2025-08-20T10:23:50.234+0000][1692266][info ][safepoint   ] Safepoint "G1CollectForAllocation", Time since last: 444071709939 ns, Reaching safepoint: 8874 ns, Cleanup: 1983 ns, At safepoint: 206164397 ns, Total: 206175254 ns
[2025-08-20T10:31:12.101+0000][1692266][info ][gc,start    ] GC(221) Pause Young (Normal) (G1 Evacuation Pause)
[2025-08-20T10:31:12.101+0000][1692266][info ][gc,task     ] GC(221) Using 1 workers of 1 for evacuation
[2025-08-20T10:31:12.101+0000][1692266][debug][gc,age      ] GC(221) Desired survivor size 20971520 bytes, new threshold 15 (max threshold 15)
[2025-08-20T10:31:12.104+0000][1692266][info ][gc,phases   ] GC(221)   Pre Evacuate Collection Set: 0.1ms
[2025-08-20T10:31:12.104+0000][1692266][info ][gc,phases   ] GC(221)   Merge Heap Roots: 0.0ms
[2025-08-20T10:31:12.104+0000][1692266][info ][gc,phases   ] GC(221)   Evacuate Collection Set: 1.3ms
[2025-08-20T10:31:12.104+0000][1692266][info ][gc,phases   ] GC(221)   Post Evacuate Collection Set: 0.8ms
[2025-08-20T10:31:12.104+0000][1692266][info ][gc,phases   ] GC(221)   Other: 0.0ms
[2025-08-20T10:31:12.104+0000][1692266][trace][gc,age      ] GC(221) Age table with threshold 15 (max threshold 15)
[2025-08-20T10:31:12.104+0000][1692266][trace][gc,age      ] GC(221) - age   1:      15408 bytes,      15408 total
[2025-08-20T10:31:12.104+0000][1692266][trace][gc,age      ] GC(221) - age   2:       2040 bytes,      17448 total
[2025-08-20T10:31:12.104+0000][1692266][trace][gc,age      ] GC(221) - age   3:        104 bytes,      17552 total
[2025-08-20T10:31:12.104+0000][1692266][trace][gc,age      ] GC(221) - age   6:        176 bytes,      17728 total
[2025-08-20T10:31:12.104+0000][1692266][info ][gc,heap     ] GC(221) Eden regions: 75->0(75)
[2025-08-20T10:31:12.104+0000][1692266][info ][gc,heap     ] GC(221) Survivor regions: 1->1(10)
[2025-08-20T10:31:12.104+0000][1692266][info ][gc,heap     ] GC(221) Old regions: 35->35
[2025-08-20T10:31:12.104+0000][1692266][info ][gc,heap     ] GC(221) Humongous regions: 0->0
[2025-08-20T10:31:12.104+0000][1692266][info ][gc,metaspace] GC(221) Metaspace: 144610K(148480K)->144610K(148480K) NonClass: 124990K(127040K)->124990K(127040K) Class: 19619K(21440K)->19619K(21440K)
[2025-08-20T10:31:12.104+0000][1692266][info ][gc          ] GC(221) Pause Young (Normal) (G1 Evacuation Pause) 437M->137M(512M) 2.646ms
[2025-08-20T10:31:12.104+0000][1692266][info ][gc,cpu      ] GC(221) User=0.00s Sys=0.00s Real=0.00s
[2025-08-20T10:31:12.104+0000][1692266][info ][safepoint   ] Safepoint "G1CollectForAllocation", Time since last: 441866745755 ns, Reaching safepoint: 8172 ns, Cleanup: 3125 ns, At safepoint: 2683182 ns, Total: 2694479 ns
[2025-08-20T10:38:36.326+0000][1692266][info ][gc,start    ] GC(222) Pause Young (Normal) (G1 Evacuation Pause)
[2025-08-20T10:38:36.326+0000][1692266][info ][gc,task     ] GC(222) Using 1 workers of 1 for evacuation
[2025-08-20T10:38:36.326+0000][1692266][debug][gc,age      ] GC(222) Desired survivor size 20971520 bytes, new threshold 15 (max threshold 15)
[2025-08-20T10:38:36.328+0000][1692266][info ][gc,phases   ] GC(222)   Pre Evacuate Collection Set: 0.1ms
[2025-08-20T10:38:36.328+0000][1692266][info ][gc,phases   ] GC(222)   Merge Heap Roots: 0.0ms
[2025-08-20T10:38:36.328+0000][1692266][info ][gc,phases   ] GC(222)   Evacuate Collection Set: 1.3ms
[2025-08-20T10:38:36.328+0000][1692266][info ][gc,phases   ] GC(222)   Post Evacuate Collection Set: 0.8ms
[2025-08-20T10:38:36.328+0000][1692266][info ][gc,phases   ] GC(222)   Other: 0.0ms
[2025-08-20T10:38:36.328+0000][1692266][trace][gc,age      ] GC(222) Age table with threshold 15 (max threshold 15)
[2025-08-20T10:38:36.328+0000][1692266][trace][gc,age      ] GC(222) - age   1:      15080 bytes,      15080 total
[2025-08-20T10:38:36.328+0000][1692266][trace][gc,age      ] GC(222) - age   2:        424 bytes,      15504 total
[2025-08-20T10:38:36.328+0000][1692266][trace][gc,age      ] GC(222) - age   3:       1360 bytes,      16864 total
[2025-08-20T10:38:36.328+0000][1692266][trace][gc,age      ] GC(222) - age   4:        104 bytes,      16968 total
[2025-08-20T10:38:36.328+0000][1692266][trace][gc,age      ] GC(222) - age   7:        176 bytes,      17144 total
[2025-08-20T10:38:36.328+0000][1692266][info ][gc,heap     ] GC(222) Eden regions: 75->0(75)
[2025-08-20T10:38:36.328+0000][1692266][info ][gc,heap     ] GC(222) Survivor regions: 1->1(10)
[2025-08-20T10:38:36.328+0000][1692266][info ][gc,heap     ] GC(222) Old regions: 35->35
[2025-08-20T10:38:36.328+0000][1692266][info ][gc,heap     ] GC(222) Humongous regions: 0->0
[2025-08-20T10:38:36.328+0000][1692266][info ][gc,metaspace] GC(222) Metaspace: 144610K(148480K)->144610K(148480K) NonClass: 124990K(127040K)->124990K(127040K) Class: 19619K(21440K)->19619K(21440K)
[2025-08-20T10:38:36.328+0000][1692266][info ][gc          ] GC(222) Pause Young (Normal) (G1 Evacuation Pause) 437M->137M(512M) 2.593ms
[2025-08-20T10:38:36.328+0000][1692266][info ][gc,cpu      ] GC(222) User=0.00s Sys=0.00s Real=0.00s
[2025-08-20T10:38:36.328+0000][1692266][info ][safepoint   ] Safepoint "G1CollectForAllocation", Time since last: 444221915726 ns, Reaching safepoint: 9875 ns, Cleanup: 3375 ns, At safepoint: 2631054 ns, Total: 2644304 ns
[2025-08-20T10:46:01.464+0000][1692266][info ][gc,start    ] GC(223) Pause Young (Normal) (G1 Evacuation Pause)
[2025-08-20T10:46:01.464+0000][1692266][info ][gc,task     ] GC(223) Using 1 workers of 1 for evacuation
[2025-08-20T10:46:01.464+0000][1692266][debug][gc,age      ] GC(223) Desired survivor size 20971520 bytes, new threshold 15 (max threshold 15)
[2025-08-20T10:46:01.467+0000][1692266][info ][gc,phases   ] GC(223)   Pre Evacuate Collection Set: 0.1ms
[2025-08-20T10:46:01.467+0000][1692266][info ][gc,phases   ] GC(223)   Merge Heap Roots: 0.0ms
[2025-08-20T10:46:01.467+0000][1692266][info ][gc,phases   ] GC(223)   Evacuate Collection Set: 1.7ms
[2025-08-20T10:46:01.467+0000][1692266][info ][gc,phases   ] GC(223)   Post Evacuate Collection Set: 0.8ms
[2025-08-20T10:46:01.467+0000][1692266][info ][gc,phases   ] GC(223)   Other: 0.0ms
[2025-08-20T10:46:01.467+0000][1692266][trace][gc,age      ] GC(223) Age table with threshold 15 (max threshold 15)
[2025-08-20T10:46:01.467+0000][1692266][trace][gc,age      ] GC(223) - age   1:     102920 bytes,     102920 total
[2025-08-20T10:46:01.467+0000][1692266][trace][gc,age      ] GC(223) - age   2:        584 bytes,     103504 total
[2025-08-20T10:46:01.467+0000][1692266][trace][gc,age      ] GC(223) - age   4:       1360 bytes,     104864 total
[2025-08-20T10:46:01.467+0000][1692266][trace][gc,age      ] GC(223) - age   5:        104 bytes,     104968 total
[2025-08-20T10:46:01.467+0000][1692266][trace][gc,age      ] GC(223) - age   8:        176 bytes,     105144 total
[2025-08-20T10:46:01.467+0000][1692266][info ][gc,heap     ] GC(223) Eden regions: 75->0(75)
[2025-08-20T10:46:01.467+0000][1692266][info ][gc,heap     ] GC(223) Survivor regions: 1->1(10)
[2025-08-20T10:46:01.467+0000][1692266][info ][gc,heap     ] GC(223) Old regions: 35->35
[2025-08-20T10:46:01.467+0000][1692266][info ][gc,heap     ] GC(223) Humongous regions: 0->0
[2025-08-20T10:46:01.467+0000][1692266][info ][gc,metaspace] GC(223) Metaspace: 144618K(148480K)->144618K(148480K) NonClass: 124998K(127040K)->124998K(127040K) Class: 19619K(21440K)->19619K(21440K)
[2025-08-20T10:46:01.467+0000][1692266][info ][gc          ] GC(223) Pause Young (Normal) (G1 Evacuation Pause) 437M->137M(512M) 3.180ms
[2025-08-20T10:46:01.467+0000][1692266][info ][gc,cpu      ] GC(223) User=0.00s Sys=0.00s Real=0.01s
[2025-08-20T10:46:01.467+0000][1692266][info ][safepoint   ] Safepoint "G1CollectForAllocation", Time since last: 445135418797 ns, Reaching safepoint: 9114 ns, Cleanup: 3345 ns, At safepoint: 3229327 ns, Total: 3241786 ns
[2025-08-20T10:53:26.285+0000][1692266][info ][gc,start    ] GC(224) Pause Young (Normal) (G1 Evacuation Pause)
[2025-08-20T10:53:26.285+0000][1692266][info ][gc,task     ] GC(224) Using 1 workers of 1 for evacuation
[2025-08-20T10:53:26.285+0000][1692266][debug][gc,age      ] GC(224) Desired survivor size 20971520 bytes, new threshold 15 (max threshold 15)
[2025-08-20T10:53:26.288+0000][1692266][info ][gc,phases   ] GC(224)   Pre Evacuate Collection Set: 0.1ms
[2025-08-20T10:53:26.288+0000][1692266][info ][gc,phases   ] GC(224)   Merge Heap Roots: 0.0ms
[2025-08-20T10:53:26.288+0000][1692266][info ][gc,phases   ] GC(224)   Evacuate Collection Set: 1.5ms
[2025-08-20T10:53:26.288+0000][1692266][info ][gc,phases   ] GC(224)   Post Evacuate Collection Set: 0.8ms
[2025-08-20T10:53:26.288+0000][1692266][info ][gc,phases   ] GC(224)   Other: 0.0ms
[2025-08-20T10:53:26.288+0000][1692266][trace][gc,age      ] GC(224) Age table with threshold 15 (max threshold 15)
[2025-08-20T10:53:26.288+0000][1692266][trace][gc,age      ] GC(224) - age   1:      16992 bytes,      16992 total
[2025-08-20T10:53:26.288+0000][1692266][trace][gc,age      ] GC(224) - age   2:        112 bytes,      17104 total
[2025-08-20T10:53:26.288+0000][1692266][trace][gc,age      ] GC(224) - age   3:         32 bytes,      17136 total
[2025-08-20T10:53:26.288+0000][1692266][trace][gc,age      ] GC(224) - age   5:       1360 bytes,      18496 total
[2025-08-20T10:53:26.288+0000][1692266][trace][gc,age      ] GC(224) - age   6:        104 bytes,      18600 total
[2025-08-20T10:53:26.288+0000][1692266][info ][gc,heap     ] GC(224) Eden regions: 75->0(75)
[2025-08-20T10:53:26.288+0000][1692266][info ][gc,heap     ] GC(224) Survivor regions: 1->1(10)
[2025-08-20T10:53:26.288+0000][1692266][info ][gc,heap     ] GC(224) Old regions: 35->35
[2025-08-20T10:53:26.288+0000][1692266][info ][gc,heap     ] GC(224) Humongous regions: 0->0
[2025-08-20T10:53:26.288+0000][1692266][info ][gc,metaspace] GC(224) Metaspace: 144619K(148480K)->144619K(148480K) NonClass: 124999K(127040K)->124999K(127040K) Class: 19619K(21440K)->19619K(21440K)
[2025-08-20T10:53:26.288+0000][1692266][info ][gc          ] GC(224) Pause Young (Normal) (G1 Evacuation Pause) 437M->137M(512M) 2.806ms
[2025-08-20T10:53:26.288+0000][1692266][info ][gc,cpu      ] GC(224) User=0.01s Sys=0.00s Real=0.01s
[2025-08-20T10:53:26.288+0000][1692266][info ][safepoint   ] Safepoint "G1CollectForAllocation", Time since last: 444817855185 ns, Reaching safepoint: 11557 ns, Cleanup: 3355 ns, At safepoint: 2842613 ns, Total: 2857525 ns
[2025-08-20T10:57:05.300+0000][1692266][info ][safepoint   ] Safepoint "Cleanup", Time since last: 219012618002 ns, Reaching safepoint: 33721 ns, Cleanup: 10727 ns, At safepoint: 4106 ns, Total: 48554 ns
[2025-08-20T11:00:49.565+0000][1692266][info ][gc,start    ] GC(225) Pause Young (Normal) (G1 Evacuation Pause)
[2025-08-20T11:00:49.565+0000][1692266][info ][gc,task     ] GC(225) Using 1 workers of 1 for evacuation
[2025-08-20T11:00:49.565+0000][1692266][debug][gc,age      ] GC(225) Desired survivor size 20971520 bytes, new threshold 15 (max threshold 15)
[2025-08-20T11:00:49.568+0000][1692266][info ][gc,phases   ] GC(225)   Pre Evacuate Collection Set: 0.0ms
[2025-08-20T11:00:49.568+0000][1692266][info ][gc,phases   ] GC(225)   Merge Heap Roots: 0.0ms
[2025-08-20T11:00:49.568+0000][1692266][info ][gc,phases   ] GC(225)   Evacuate Collection Set: 1.2ms
[2025-08-20T11:00:49.568+0000][1692266][info ][gc,phases   ] GC(225)   Post Evacuate Collection Set: 0.8ms
[2025-08-20T11:00:49.568+0000][1692266][info ][gc,phases   ] GC(225)   Other: 0.0ms
[2025-08-20T11:00:49.568+0000][1692266][trace][gc,age      ] GC(225) Age table with threshold 15 (max threshold 15)
[2025-08-20T11:00:49.568+0000][1692266][trace][gc,age      ] GC(225) - age   1:      16136 bytes,      16136 total
[2025-08-20T11:00:49.568+0000][1692266][trace][gc,age      ] GC(225) - age   2:       1280 bytes,      17416 total
[2025-08-20T11:00:49.568+0000][1692266][trace][gc,age      ] GC(225) - age   4:         32 bytes,      17448 total
[2025-08-20T11:00:49.568+0000][1692266][trace][gc,age      ] GC(225) - age   6:       1360 bytes,      18808 total
[2025-08-20T11:00:49.568+0000][1692266][trace][gc,age      ] GC(225) - age   7:        104 bytes,      18912 total
[2025-08-20T11:00:49.568+0000][1692266][info ][gc,heap     ] GC(225) Eden regions: 75->0(75)
[2025-08-20T11:00:49.568+0000][1692266][info ][gc,heap     ] GC(225) Survivor regions: 1->1(10)
[2025-08-20T11:00:49.568+0000][1692266][info ][gc,heap     ] GC(225) Old regions: 35->35
[2025-08-20T11:00:49.568+0000][1692266][info ][gc,heap     ] GC(225) Humongous regions: 0->0
[2025-08-20T11:00:49.568+0000][1692266][info ][gc,metaspace] GC(225) Metaspace: 144619K(148480K)->144619K(148480K) NonClass: 124999K(127040K)->124999K(127040K) Class: 19619K(21440K)->19619K(21440K)
[2025-08-20T11:00:49.568+0000][1692266][info ][gc          ] GC(225) Pause Young (Normal) (G1 Evacuation Pause) 437M->137M(512M) 2.654ms
[2025-08-20T11:00:49.568+0000][1692266][info ][gc,cpu      ] GC(225) User=0.00s Sys=0.00s Real=0.01s
[2025-08-20T11:00:49.568+0000][1692266][info ][safepoint   ] Safepoint "G1CollectForAllocation", Time since last: 224264648005 ns, Reaching safepoint: 9163 ns, Cleanup: 2935 ns, At safepoint: 2692506 ns, Total: 2704604 ns
[2025-08-20T11:02:04.572+0000][1692266][info ][safepoint   ] Safepoint "Cleanup", Time since last: 75004608906 ns, Reaching safepoint: 40561 ns, Cleanup: 8843 ns, At safepoint: 4537 ns, Total: 53941 ns
[2025-08-20T11:08:12.717+0000][1692266][info ][gc,start    ] GC(226) Pause Young (Normal) (G1 Evacuation Pause)
[2025-08-20T11:08:12.717+0000][1692266][info ][gc,task     ] GC(226) Using 1 workers of 1 for evacuation
[2025-08-20T11:08:12.717+0000][1692266][debug][gc,age      ] GC(226) Desired survivor size 20971520 bytes, new threshold 15 (max threshold 15)
[2025-08-20T11:08:12.720+0000][1692266][info ][gc,phases   ] GC(226)   Pre Evacuate Collection Set: 0.1ms
[2025-08-20T11:08:12.720+0000][1692266][info ][gc,phases   ] GC(226)   Merge Heap Roots: 0.0ms
[2025-08-20T11:08:12.720+0000][1692266][info ][gc,phases   ] GC(226)   Evacuate Collection Set: 1.4ms
[2025-08-20T11:08:12.720+0000][1692266][info ][gc,phases   ] GC(226)   Post Evacuate Collection Set: 0.8ms
[2025-08-20T11:08:12.720+0000][1692266][info ][gc,phases   ] GC(226)   Other: 0.0ms
[2025-08-20T11:08:12.720+0000][1692266][trace][gc,age      ] GC(226) Age table with threshold 15 (max threshold 15)
[2025-08-20T11:08:12.720+0000][1692266][trace][gc,age      ] GC(226) - age   1:      17000 bytes,      17000 total
[2025-08-20T11:08:12.720+0000][1692266][trace][gc,age      ] GC(226) - age   3:        176 bytes,      17176 total
[2025-08-20T11:08:12.720+0000][1692266][trace][gc,age      ] GC(226) - age   5:         32 bytes,      17208 total
[2025-08-20T11:08:12.720+0000][1692266][trace][gc,age      ] GC(226) - age   7:       1360 bytes,      18568 total
[2025-08-20T11:08:12.720+0000][1692266][trace][gc,age      ] GC(226) - age   8:        104 bytes,      18672 total
[2025-08-20T11:08:12.720+0000][1692266][info ][gc,heap     ] GC(226) Eden regions: 75->0(75)
[2025-08-20T11:08:12.720+0000][1692266][info ][gc,heap     ] GC(226) Survivor regions: 1->1(10)
[2025-08-20T11:08:12.720+0000][1692266][info ][gc,heap     ] GC(226) Old regions: 35->35
[2025-08-20T11:08:12.720+0000][1692266][info ][gc,heap     ] GC(226) Humongous regions: 0->0
[2025-08-20T11:08:12.720+0000][1692266][info ][gc,metaspace] GC(226) Metaspace: 144619K(148480K)->144619K(148480K) NonClass: 125000K(127040K)->125000K(127040K) Class: 19619K(21440K)->19619K(21440K)
[2025-08-20T11:08:12.720+0000][1692266][info ][gc          ] GC(226) Pause Young (Normal) (G1 Evacuation Pause) 437M->137M(512M) 2.601ms
[2025-08-20T11:08:12.720+0000][1692266][info ][gc,cpu      ] GC(226) User=0.00s Sys=0.00s Real=0.00s
[2025-08-20T11:08:12.720+0000][1692266][info ][safepoint   ] Safepoint "G1CollectForAllocation", Time since last: 368144683629 ns, Reaching safepoint: 8663 ns, Cleanup: 2584 ns, At safepoint: 2646867 ns, Total: 2658114 ns
[2025-08-20T11:09:07.723+0000][1692266][info ][safepoint   ] Safepoint "Cleanup", Time since last: 55003289154 ns, Reaching safepoint: 408898 ns, Cleanup: 12018 ns, At safepoint: 7281 ns, Total: 428197 ns
[2025-08-20T11:15:37.564+0000][1692266][info ][gc,start    ] GC(227) Pause Young (Normal) (G1 Evacuation Pause)
[2025-08-20T11:15:37.670+0000][1692266][info ][gc,task     ] GC(227) Using 1 workers of 1 for evacuation
[2025-08-20T11:15:37.670+0000][1692266][debug][gc,age      ] GC(227) Desired survivor size 20971520 bytes, new threshold 15 (max threshold 15)
[2025-08-20T11:15:37.673+0000][1692266][info ][gc,phases   ] GC(227)   Pre Evacuate Collection Set: 0.1ms
[2025-08-20T11:15:37.673+0000][1692266][info ][gc,phases   ] GC(227)   Merge Heap Roots: 0.0ms
[2025-08-20T11:15:37.673+0000][1692266][info ][gc,phases   ] GC(227)   Evacuate Collection Set: 1.3ms
[2025-08-20T11:15:37.673+0000][1692266][info ][gc,phases   ] GC(227)   Post Evacuate Collection Set: 1.6ms
[2025-08-20T11:15:37.673+0000][1692266][info ][gc,phases   ] GC(227)   Other: 0.1ms
[2025-08-20T11:15:37.673+0000][1692266][trace][gc,age      ] GC(227) Age table with threshold 15 (max threshold 15)
[2025-08-20T11:15:37.673+0000][1692266][trace][gc,age      ] GC(227) - age   1:      14904 bytes,      14904 total
[2025-08-20T11:15:37.673+0000][1692266][trace][gc,age      ] GC(227) - age   2:        664 bytes,      15568 total
[2025-08-20T11:15:37.673+0000][1692266][trace][gc,age      ] GC(227) - age   4:        176 bytes,      15744 total
[2025-08-20T11:15:37.673+0000][1692266][trace][gc,age      ] GC(227) - age   6:         32 bytes,      15776 total
[2025-08-20T11:15:37.673+0000][1692266][trace][gc,age      ] GC(227) - age   8:       1360 bytes,      17136 total
[2025-08-20T11:15:37.673+0000][1692266][trace][gc,age      ] GC(227) - age   9:        104 bytes,      17240 total
[2025-08-20T11:15:37.673+0000][1692266][info ][gc,heap     ] GC(227) Eden regions: 75->0(75)
[2025-08-20T11:15:37.673+0000][1692266][info ][gc,heap     ] GC(227) Survivor regions: 1->1(10)
[2025-08-20T11:15:37.673+0000][1692266][info ][gc,heap     ] GC(227) Old regions: 35->35
[2025-08-20T11:15:37.673+0000][1692266][info ][gc,heap     ] GC(227) Humongous regions: 0->0
[2025-08-20T11:15:37.673+0000][1692266][info ][gc,metaspace] GC(227) Metaspace: 144623K(148544K)->144623K(148544K) NonClass: 125003K(127104K)->125003K(127104K) Class: 19619K(21440K)->19619K(21440K)
[2025-08-20T11:15:37.673+0000][1692266][info ][gc          ] GC(227) Pause Young (Normal) (G1 Evacuation Pause) 437M->137M(512M) 109.150ms
[2025-08-20T11:15:37.673+0000][1692266][info ][gc,cpu      ] GC(227) User=0.00s Sys=0.00s Real=0.11s
[2025-08-20T11:15:37.673+0000][1692266][info ][safepoint   ] Safepoint "G1CollectForAllocation", Time since last: 389840555237 ns, Reaching safepoint: 9144 ns, Cleanup: 3105 ns, At safepoint: 109205926 ns, Total: 109218175 ns
[2025-08-20T11:15:54.585+0000][1692266][info ][gc,start    ] GC(228) Pause Young (Concurrent Start) (CodeCache GC Threshold)
[2025-08-20T11:15:54.585+0000][1692266][info ][gc,task     ] GC(228) Using 1 workers of 1 for evacuation
[2025-08-20T11:15:54.585+0000][1692266][debug][gc,age      ] GC(228) Desired survivor size 20971520 bytes, new threshold 15 (max threshold 15)
[2025-08-20T11:15:54.613+0000][1692266][info ][gc,phases   ] GC(228)   Pre Evacuate Collection Set: 0.8ms
[2025-08-20T11:15:54.613+0000][1692266][info ][gc,phases   ] GC(228)   Merge Heap Roots: 0.0ms
[2025-08-20T11:15:54.613+0000][1692266][info ][gc,phases   ] GC(228)   Evacuate Collection Set: 26.2ms
[2025-08-20T11:15:54.613+0000][1692266][info ][gc,phases   ] GC(228)   Post Evacuate Collection Set: 0.8ms
[2025-08-20T11:15:54.613+0000][1692266][info ][gc,phases   ] GC(228)   Other: 0.0ms
[2025-08-20T11:15:54.613+0000][1692266][trace][gc,age      ] GC(228) Age table with threshold 15 (max threshold 15)
[2025-08-20T11:15:54.613+0000][1692266][trace][gc,age      ] GC(228) - age   1:      14256 bytes,      14256 total
[2025-08-20T11:15:54.613+0000][1692266][trace][gc,age      ] GC(228) - age   2:       2008 bytes,      16264 total
[2025-08-20T11:15:54.613+0000][1692266][trace][gc,age      ] GC(228) - age   3:        584 bytes,      16848 total
[2025-08-20T11:15:54.613+0000][1692266][trace][gc,age      ] GC(228) - age   5:        176 bytes,      17024 total
[2025-08-20T11:15:54.613+0000][1692266][trace][gc,age      ] GC(228) - age   7:         32 bytes,      17056 total
[2025-08-20T11:15:54.613+0000][1692266][trace][gc,age      ] GC(228) - age   9:       1360 bytes,      18416 total
[2025-08-20T11:15:54.613+0000][1692266][trace][gc,age      ] GC(228) - age  10:        104 bytes,      18520 total
[2025-08-20T11:15:54.613+0000][1692266][info ][gc,heap     ] GC(228) Eden regions: 4->0(75)
[2025-08-20T11:15:54.613+0000][1692266][info ][gc,heap     ] GC(228) Survivor regions: 1->1(10)
[2025-08-20T11:15:54.613+0000][1692266][info ][gc,heap     ] GC(228) Old regions: 35->35
[2025-08-20T11:15:54.613+0000][1692266][info ][gc,heap     ] GC(228) Humongous regions: 0->0
[2025-08-20T11:15:54.613+0000][1692266][info ][gc,metaspace] GC(228) Metaspace: 144632K(148544K)->144632K(148544K) NonClass: 125012K(127104K)->125012K(127104K) Class: 19619K(21440K)->19619K(21440K)
[2025-08-20T11:15:54.613+0000][1692266][info ][gc          ] GC(228) Pause Young (Concurrent Start) (CodeCache GC Threshold) 152M->137M(512M) 27.907ms
[2025-08-20T11:15:54.613+0000][1692266][info ][gc,cpu      ] GC(228) User=0.01s Sys=0.01s Real=0.03s
[2025-08-20T11:15:54.613+0000][1692266][info ][safepoint   ] Safepoint "G1TryInitiateConcMark", Time since last: 16911939631 ns, Reaching safepoint: 70316 ns, Cleanup: 2374 ns, At safepoint: 27949958 ns, Total: 28022648 ns
[2025-08-20T11:15:54.618+0000][1692266][info ][gc          ] GC(229) Concurrent Mark Cycle
[2025-08-20T11:15:54.618+0000][1692266][info ][gc,marking  ] GC(229) Concurrent Scan Root Regions
[2025-08-20T11:15:54.655+0000][1692266][info ][gc,marking  ] GC(229) Concurrent Scan Root Regions 37.269ms
[2025-08-20T11:15:54.655+0000][1692266][info ][gc,marking  ] GC(229) Concurrent Mark
[2025-08-20T11:15:54.655+0000][1692266][info ][gc,marking  ] GC(229) Concurrent Mark From Roots
[2025-08-20T11:15:54.655+0000][1692266][info ][gc,task     ] GC(229) Using 1 workers of 1 for marking
[2025-08-20T11:15:55.250+0000][1692266][info ][gc,marking  ] GC(229) Concurrent Mark From Roots 595.112ms
[2025-08-20T11:15:55.250+0000][1692266][info ][gc,marking  ] GC(229) Concurrent Preclean
[2025-08-20T11:15:55.251+0000][1692266][info ][gc,marking  ] GC(229) Concurrent Preclean 0.822ms
[2025-08-20T11:15:55.251+0000][1692266][info ][gc,start    ] GC(229) Pause Remark
[2025-08-20T11:15:56.299+0000][1692266][info ][gc,mmu      ] GC(229) MMU target violated: 201.0ms (200.0ms/201.0ms)
[2025-08-20T11:15:56.299+0000][1692266][info ][gc          ] GC(229) Pause Remark 140M->116M(512M) 1047.879ms
[2025-08-20T11:15:56.299+0000][1692266][info ][gc,cpu      ] GC(229) User=0.05s Sys=0.14s Real=1.05s
[2025-08-20T11:15:56.299+0000][1692266][info ][safepoint   ] Safepoint "G1PauseRemark", Time since last: 638011175 ns, Reaching safepoint: 6109 ns, Cleanup: 2795 ns, At safepoint: 1047936108 ns, Total: 1047945012 ns
[2025-08-20T11:15:56.300+0000][1692266][info ][gc,marking  ] GC(229) Concurrent Mark 1645.086ms
[2025-08-20T11:15:56.300+0000][1692266][info ][gc,marking  ] GC(229) Concurrent Rebuild Remembered Sets and Scrub Regions
[2025-08-20T11:15:56.393+0000][1692266][info ][gc,marking  ] GC(229) Concurrent Rebuild Remembered Sets and Scrub Regions 93.082ms
[2025-08-20T11:15:56.393+0000][1692266][info ][gc,start    ] GC(229) Pause Cleanup
[2025-08-20T11:15:56.394+0000][1692266][info ][gc          ] GC(229) Pause Cleanup 116M->116M(512M) 0.052ms
[2025-08-20T11:15:56.394+0000][1692266][info ][gc,cpu      ] GC(229) User=0.00s Sys=0.00s Real=0.00s
[2025-08-20T11:15:56.394+0000][1692266][info ][safepoint   ] Safepoint "G1PauseCleanup", Time since last: 94286666 ns, Reaching safepoint: 70837 ns, Cleanup: 16515 ns, At safepoint: 91719 ns, Total: 179071 ns
[2025-08-20T11:15:56.394+0000][1692266][info ][gc,marking  ] GC(229) Concurrent Clear Claimed Marks
[2025-08-20T11:15:56.394+0000][1692266][info ][gc,marking  ] GC(229) Concurrent Clear Claimed Marks 0.165ms
[2025-08-20T11:15:56.394+0000][1692266][info ][gc,marking  ] GC(229) Concurrent Cleanup for Next Mark
[2025-08-20T11:15:56.427+0000][1692266][info ][gc,marking  ] GC(229) Concurrent Cleanup for Next Mark 32.904ms
[2025-08-20T11:15:56.427+0000][1692266][info ][gc          ] GC(229) Concurrent Mark Cycle 1808.902ms
[2025-08-20T11:17:04.619+0000][1692266][info ][safepoint   ] Safepoint "Cleanup", Time since last: 68225336266 ns, Reaching safepoint: 38859 ns, Cleanup: 10586 ns, At safepoint: 1943 ns, Total: 51388 ns
[2025-08-20T11:20:52.633+0000][1692266][info ][safepoint   ] Safepoint "Cleanup", Time since last: 228014041592 ns, Reaching safepoint: 41683 ns, Cleanup: 11497 ns, At safepoint: 4567 ns, Total: 57747 ns
[2025-08-20T11:20:54.634+0000][1692266][info ][safepoint   ] Safepoint "Cleanup", Time since last: 2000585611 ns, Reaching safepoint: 6059 ns, Cleanup: 8703 ns, At safepoint: 24598 ns, Total: 39360 ns
[2025-08-20T11:21:38.637+0000][1692266][info ][safepoint   ] Safepoint "Cleanup", Time since last: 44002888866 ns, Reaching safepoint: 42955 ns, Cleanup: 12438 ns, At safepoint: 5158 ns, Total: 60551 ns
[2025-08-20T11:23:18.377+0000][1692266][info ][gc,start    ] GC(230) Pause Young (Prepare Mixed) (G1 Evacuation Pause)
[2025-08-20T11:23:18.378+0000][1692266][info ][gc,task     ] GC(230) Using 1 workers of 1 for evacuation
[2025-08-20T11:23:18.378+0000][1692266][debug][gc,age      ] GC(230) Desired survivor size 20971520 bytes, new threshold 15 (max threshold 15)
[2025-08-20T11:23:18.382+0000][1692266][info ][gc,phases   ] GC(230)   Pre Evacuate Collection Set: 0.1ms
[2025-08-20T11:23:18.382+0000][1692266][info ][gc,phases   ] GC(230)   Merge Heap Roots: 0.1ms
[2025-08-20T11:23:18.382+0000][1692266][info ][gc,phases   ] GC(230)   Evacuate Collection Set: 3.3ms
[2025-08-20T11:23:18.382+0000][1692266][info ][gc,phases   ] GC(230)   Post Evacuate Collection Set: 0.8ms
[2025-08-20T11:23:18.382+0000][1692266][info ][gc,phases   ] GC(230)   Other: 0.0ms
[2025-08-20T11:23:18.382+0000][1692266][trace][gc,age      ] GC(230) Age table with threshold 15 (max threshold 15)
[2025-08-20T11:23:18.382+0000][1692266][trace][gc,age      ] GC(230) - age   1:      17904 bytes,      17904 total
[2025-08-20T11:23:18.382+0000][1692266][trace][gc,age      ] GC(230) - age   2:        168 bytes,      18072 total
[2025-08-20T11:23:18.382+0000][1692266][trace][gc,age      ] GC(230) - age   3:        312 bytes,      18384 total
[2025-08-20T11:23:18.382+0000][1692266][trace][gc,age      ] GC(230) - age   6:        176 bytes,      18560 total
[2025-08-20T11:23:18.382+0000][1692266][trace][gc,age      ] GC(230) - age   8:         32 bytes,      18592 total
[2025-08-20T11:23:18.382+0000][1692266][trace][gc,age      ] GC(230) - age  10:       1360 bytes,      19952 total
[2025-08-20T11:23:18.382+0000][1692266][trace][gc,age      ] GC(230) - age  11:        104 bytes,      20056 total
[2025-08-20T11:23:18.382+0000][1692266][info ][gc,heap     ] GC(230) Eden regions: 75->0(75)
[2025-08-20T11:23:18.382+0000][1692266][info ][gc,heap     ] GC(230) Survivor regions: 1->1(10)
[2025-08-20T11:23:18.382+0000][1692266][info ][gc,heap     ] GC(230) Old regions: 29->29
[2025-08-20T11:23:18.382+0000][1692266][info ][gc,heap     ] GC(230) Humongous regions: 0->0
[2025-08-20T11:23:18.382+0000][1692266][info ][gc,metaspace] GC(230) Metaspace: 141998K(148544K)->141998K(148544K) NonClass: 123041K(127104K)->123041K(127104K) Class: 18957K(21440K)->18957K(21440K)
[2025-08-20T11:23:18.382+0000][1692266][info ][gc          ] GC(230) Pause Young (Prepare Mixed) (G1 Evacuation Pause) 413M->113M(512M) 4.549ms
[2025-08-20T11:23:18.382+0000][1692266][info ][gc,cpu      ] GC(230) User=0.01s Sys=0.00s Real=0.00s
[2025-08-20T11:23:18.382+0000][1692266][info ][safepoint   ] Safepoint "G1CollectForAllocation", Time since last: 99740612568 ns, Reaching safepoint: 8753 ns, Cleanup: 3095 ns, At safepoint: 4592696 ns, Total: 4604544 ns
[2025-08-20T11:28:24.432+0000][1692266][info ][safepoint   ] Safepoint "Cleanup", Time since last: 306050036991 ns, Reaching safepoint: 40962 ns, Cleanup: 8383 ns, At safepoint: 378101 ns, Total: 427446 ns
[2025-08-20T11:30:42.813+0000][1692266][info ][gc,start    ] GC(231) Pause Young (Mixed) (G1 Evacuation Pause)
[2025-08-20T11:30:42.813+0000][1692266][info ][gc,task     ] GC(231) Using 1 workers of 1 for evacuation
[2025-08-20T11:30:42.813+0000][1692266][debug][gc,age      ] GC(231) Desired survivor size 20971520 bytes, new threshold 15 (max threshold 15)
[2025-08-20T11:30:42.816+0000][1692266][info ][gc,phases   ] GC(231)   Pre Evacuate Collection Set: 0.1ms
[2025-08-20T11:30:42.816+0000][1692266][info ][gc,phases   ] GC(231)   Merge Heap Roots: 0.0ms
[2025-08-20T11:30:42.816+0000][1692266][info ][gc,phases   ] GC(231)   Evacuate Collection Set: 1.8ms
[2025-08-20T11:30:42.816+0000][1692266][info ][gc,phases   ] GC(231)   Post Evacuate Collection Set: 1.4ms
[2025-08-20T11:30:42.816+0000][1692266][info ][gc,phases   ] GC(231)   Other: 0.0ms
[2025-08-20T11:30:42.816+0000][1692266][trace][gc,age      ] GC(231) Age table with threshold 15 (max threshold 15)
[2025-08-20T11:30:42.816+0000][1692266][trace][gc,age      ] GC(231) - age   1:      14392 bytes,      14392 total
[2025-08-20T11:30:42.816+0000][1692266][trace][gc,age      ] GC(231) - age   2:       3856 bytes,      18248 total
[2025-08-20T11:30:42.816+0000][1692266][trace][gc,age      ] GC(231) - age   3:         88 bytes,      18336 total
[2025-08-20T11:30:42.816+0000][1692266][trace][gc,age      ] GC(231) - age   4:        312 bytes,      18648 total
[2025-08-20T11:30:42.816+0000][1692266][trace][gc,age      ] GC(231) - age   7:        176 bytes,      18824 total
[2025-08-20T11:30:42.816+0000][1692266][trace][gc,age      ] GC(231) - age   9:         32 bytes,      18856 total
[2025-08-20T11:30:42.816+0000][1692266][trace][gc,age      ] GC(231) - age  11:       1360 bytes,      20216 total
[2025-08-20T11:30:42.816+0000][1692266][trace][gc,age      ] GC(231) - age  12:        104 bytes,      20320 total
[2025-08-20T11:30:42.816+0000][1692266][info ][gc,heap     ] GC(231) Eden regions: 75->0(75)
[2025-08-20T11:30:42.816+0000][1692266][info ][gc,heap     ] GC(231) Survivor regions: 1->1(10)
[2025-08-20T11:30:42.816+0000][1692266][info ][gc,heap     ] GC(231) Old regions: 29->27
[2025-08-20T11:30:42.816+0000][1692266][info ][gc,heap     ] GC(231) Humongous regions: 0->0
[2025-08-20T11:30:42.816+0000][1692266][info ][gc,metaspace] GC(231) Metaspace: 141998K(148544K)->141998K(148544K) NonClass: 123041K(127104K)->123041K(127104K) Class: 18957K(21440K)->18957K(21440K)
[2025-08-20T11:30:42.816+0000][1692266][info ][gc          ] GC(231) Pause Young (Mixed) (G1 Evacuation Pause) 413M->105M(512M) 3.631ms
[2025-08-20T11:30:42.816+0000][1692266][info ][gc,cpu      ] GC(231) User=0.01s Sys=0.00s Real=0.01s
[2025-08-20T11:30:42.816+0000][1692266][info ][safepoint   ] Safepoint "G1CollectForAllocation", Time since last: 138380494456 ns, Reaching safepoint: 9865 ns, Cleanup: 3255 ns, At safepoint: 3668439 ns, Total: 3681559 ns
[2025-08-20T11:38:05.531+0000][1692266][info ][gc,start    ] GC(232) Pause Young (Normal) (G1 Evacuation Pause)
[2025-08-20T11:38:05.532+0000][1692266][info ][gc,task     ] GC(232) Using 1 workers of 1 for evacuation
[2025-08-20T11:38:05.532+0000][1692266][debug][gc,age      ] GC(232) Desired survivor size 20971520 bytes, new threshold 15 (max threshold 15)
[2025-08-20T11:38:05.534+0000][1692266][info ][gc,phases   ] GC(232)   Pre Evacuate Collection Set: 0.1ms
[2025-08-20T11:38:05.534+0000][1692266][info ][gc,phases   ] GC(232)   Merge Heap Roots: 0.0ms
[2025-08-20T11:38:05.534+0000][1692266][info ][gc,phases   ] GC(232)   Evacuate Collection Set: 1.1ms
[2025-08-20T11:38:05.534+0000][1692266][info ][gc,phases   ] GC(232)   Post Evacuate Collection Set: 0.8ms
[2025-08-20T11:38:05.534+0000][1692266][info ][gc,phases   ] GC(232)   Other: 0.0ms
[2025-08-20T11:38:05.534+0000][1692266][trace][gc,age      ] GC(232) Age table with threshold 15 (max threshold 15)
[2025-08-20T11:38:05.534+0000][1692266][trace][gc,age      ] GC(232) - age   1:      15352 bytes,      15352 total
[2025-08-20T11:38:05.534+0000][1692266][trace][gc,age      ] GC(232) - age   3:       2752 bytes,      18104 total
[2025-08-20T11:38:05.534+0000][1692266][trace][gc,age      ] GC(232) - age   4:         88 bytes,      18192 total
[2025-08-20T11:38:05.534+0000][1692266][trace][gc,age      ] GC(232) - age   5:        312 bytes,      18504 total
[2025-08-20T11:38:05.534+0000][1692266][trace][gc,age      ] GC(232) - age   8:        176 bytes,      18680 total
[2025-08-20T11:38:05.534+0000][1692266][trace][gc,age      ] GC(232) - age  10:         32 bytes,      18712 total
[2025-08-20T11:38:05.534+0000][1692266][trace][gc,age      ] GC(232) - age  12:       1360 bytes,      20072 total
[2025-08-20T11:38:05.534+0000][1692266][trace][gc,age      ] GC(232) - age  13:        104 bytes,      20176 total
[2025-08-20T11:38:05.534+0000][1692266][info ][gc,heap     ] GC(232) Eden regions: 75->0(75)
[2025-08-20T11:38:05.534+0000][1692266][info ][gc,heap     ] GC(232) Survivor regions: 1->1(10)
[2025-08-20T11:38:05.534+0000][1692266][info ][gc,heap     ] GC(232) Old regions: 27->27
[2025-08-20T11:38:05.534+0000][1692266][info ][gc,heap     ] GC(232) Humongous regions: 0->0
[2025-08-20T11:38:05.534+0000][1692266][info ][gc,metaspace] GC(232) Metaspace: 141998K(148544K)->141998K(148544K) NonClass: 123041K(127104K)->123041K(127104K) Class: 18957K(21440K)->18957K(21440K)
[2025-08-20T11:38:05.534+0000][1692266][info ][gc          ] GC(232) Pause Young (Normal) (G1 Evacuation Pause) 405M->105M(512M) 2.538ms
[2025-08-20T11:38:05.534+0000][1692266][info ][gc,cpu      ] GC(232) User=0.00s Sys=0.00s Real=0.00s
[2025-08-20T11:38:05.534+0000][1692266][info ][safepoint   ] Safepoint "G1CollectForAllocation", Time since last: 442714986081 ns, Reaching safepoint: 8563 ns, Cleanup: 3165 ns, At safepoint: 2574748 ns, Total: 2586476 ns
[2025-08-20T11:38:09.534+0000][1692266][info ][safepoint   ] Safepoint "Cleanup", Time since last: 4000241584 ns, Reaching safepoint: 6400 ns, Cleanup: 9584 ns, At safepoint: 36015 ns, Total: 51999 ns
[2025-08-20T11:40:09.552+0000][1692266][info ][safepoint   ] Safepoint "Cleanup", Time since last: 120017680963 ns, Reaching safepoint: 6530 ns, Cleanup: 10706 ns, At safepoint: 41072 ns, Total: 58308 ns
[2025-08-20T11:42:09.573+0000][1692266][info ][safepoint   ] Safepoint "Cleanup", Time since last: 120020387179 ns, Reaching safepoint: 6179 ns, Cleanup: 8974 ns, At safepoint: 26790 ns, Total: 41943 ns
[2025-08-20T11:45:29.383+0000][1692266][info ][gc,start    ] GC(233) Pause Young (Concurrent Start) (G1 Evacuation Pause)
[2025-08-20T11:45:29.384+0000][1692266][info ][gc,task     ] GC(233) Using 1 workers of 1 for evacuation
[2025-08-20T11:45:29.384+0000][1692266][debug][gc,age      ] GC(233) Desired survivor size 20971520 bytes, new threshold 15 (max threshold 15)
[2025-08-20T11:45:29.387+0000][1692266][info ][gc,phases   ] GC(233)   Pre Evacuate Collection Set: 0.1ms
[2025-08-20T11:45:29.387+0000][1692266][info ][gc,phases   ] GC(233)   Merge Heap Roots: 0.0ms
[2025-08-20T11:45:29.387+0000][1692266][info ][gc,phases   ] GC(233)   Evacuate Collection Set: 1.9ms
[2025-08-20T11:45:29.387+0000][1692266][info ][gc,phases   ] GC(233)   Post Evacuate Collection Set: 0.7ms
[2025-08-20T11:45:29.387+0000][1692266][info ][gc,phases   ] GC(233)   Other: 0.0ms
[2025-08-20T11:45:29.387+0000][1692266][trace][gc,age      ] GC(233) Age table with threshold 15 (max threshold 15)
[2025-08-20T11:45:29.387+0000][1692266][trace][gc,age      ] GC(233) - age   1:      16072 bytes,      16072 total
[2025-08-20T11:45:29.387+0000][1692266][trace][gc,age      ] GC(233) - age   2:        664 bytes,      16736 total
[2025-08-20T11:45:29.387+0000][1692266][trace][gc,age      ] GC(233) - age   4:       2752 bytes,      19488 total
[2025-08-20T11:45:29.387+0000][1692266][trace][gc,age      ] GC(233) - age   5:         88 bytes,      19576 total
[2025-08-20T11:45:29.387+0000][1692266][trace][gc,age      ] GC(233) - age   6:        312 bytes,      19888 total
[2025-08-20T11:45:29.387+0000][1692266][trace][gc,age      ] GC(233) - age   9:        176 bytes,      20064 total
[2025-08-20T11:45:29.387+0000][1692266][trace][gc,age      ] GC(233) - age  11:         32 bytes,      20096 total
[2025-08-20T11:45:29.387+0000][1692266][trace][gc,age      ] GC(233) - age  13:       1360 bytes,      21456 total
[2025-08-20T11:45:29.387+0000][1692266][trace][gc,age      ] GC(233) - age  14:        104 bytes,      21560 total
[2025-08-20T11:45:29.387+0000][1692266][info ][gc,heap     ] GC(233) Eden regions: 75->0(75)
[2025-08-20T11:45:29.387+0000][1692266][info ][gc,heap     ] GC(233) Survivor regions: 1->1(10)
[2025-08-20T11:45:29.387+0000][1692266][info ][gc,heap     ] GC(233) Old regions: 27->27
[2025-08-20T11:45:29.387+0000][1692266][info ][gc,heap     ] GC(233) Humongous regions: 0->0
[2025-08-20T11:45:29.387+0000][1692266][info ][gc,metaspace] GC(233) Metaspace: 141998K(148544K)->141998K(148544K) NonClass: 123041K(127104K)->123041K(127104K) Class: 18957K(21440K)->18957K(21440K)
[2025-08-20T11:45:29.387+0000][1692266][info ][gc          ] GC(233) Pause Young (Concurrent Start) (G1 Evacuation Pause) 405M->105M(512M) 3.339ms
[2025-08-20T11:45:29.387+0000][1692266][info ][gc,cpu      ] GC(233) User=0.00s Sys=0.00s Real=0.01s
[2025-08-20T11:45:29.387+0000][1692266][info ][safepoint   ] Safepoint "G1CollectForAllocation", Time since last: 199810945767 ns, Reaching safepoint: 9134 ns, Cleanup: 3304 ns, At safepoint: 3379744 ns, Total: 3392182 ns
[2025-08-20T11:45:29.392+0000][1692266][info ][gc          ] GC(234) Concurrent Mark Cycle
[2025-08-20T11:45:29.392+0000][1692266][info ][gc,marking  ] GC(234) Concurrent Scan Root Regions
[2025-08-20T11:45:29.393+0000][1692266][info ][gc,marking  ] GC(234) Concurrent Scan Root Regions 0.737ms
[2025-08-20T11:45:29.393+0000][1692266][info ][gc,marking  ] GC(234) Concurrent Mark
[2025-08-20T11:45:29.393+0000][1692266][info ][gc,marking  ] GC(234) Concurrent Mark From Roots
[2025-08-20T11:45:29.393+0000][1692266][info ][gc,task     ] GC(234) Using 1 workers of 1 for marking
[2025-08-20T11:45:29.499+0000][1692266][info ][gc,marking  ] GC(234) Concurrent Mark From Roots 106.158ms
[2025-08-20T11:45:29.499+0000][1692266][info ][gc,marking  ] GC(234) Concurrent Preclean
[2025-08-20T11:45:29.500+0000][1692266][info ][gc,marking  ] GC(234) Concurrent Preclean 0.303ms
[2025-08-20T11:45:29.500+0000][1692266][info ][gc,start    ] GC(234) Pause Remark
[2025-08-20T11:45:29.554+0000][1692266][info ][gc          ] GC(234) Pause Remark 107M->107M(512M) 54.532ms
[2025-08-20T11:45:29.554+0000][1692266][info ][gc,cpu      ] GC(234) User=0.03s Sys=0.00s Real=0.05s
[2025-08-20T11:45:29.554+0000][1692266][info ][safepoint   ] Safepoint "G1PauseRemark", Time since last: 112803110 ns, Reaching safepoint: 6189 ns, Cleanup: 2854 ns, At safepoint: 54621262 ns, Total: 54630305 ns
[2025-08-20T11:45:29.554+0000][1692266][info ][gc,marking  ] GC(234) Concurrent Mark 161.170ms
[2025-08-20T11:45:29.554+0000][1692266][info ][gc,marking  ] GC(234) Concurrent Rebuild Remembered Sets and Scrub Regions
[2025-08-20T11:45:29.580+0000][1692266][info ][gc,marking  ] GC(234) Concurrent Rebuild Remembered Sets and Scrub Regions 25.951ms
[2025-08-20T11:45:29.580+0000][1692266][info ][gc,start    ] GC(234) Pause Cleanup
[2025-08-20T11:45:29.580+0000][1692266][info ][gc          ] GC(234) Pause Cleanup 107M->107M(512M) 0.037ms
[2025-08-20T11:45:29.580+0000][1692266][info ][gc,cpu      ] GC(234) User=0.00s Sys=0.00s Real=0.00s
[2025-08-20T11:45:29.580+0000][1692266][info ][safepoint   ] Safepoint "G1PauseCleanup", Time since last: 25997638 ns, Reaching safepoint: 4276 ns, Cleanup: 60602 ns, At safepoint: 65429 ns, Total: 130307 ns
[2025-08-20T11:45:29.580+0000][1692266][info ][gc,marking  ] GC(234) Concurrent Clear Claimed Marks
[2025-08-20T11:45:29.581+0000][1692266][info ][gc,marking  ] GC(234) Concurrent Clear Claimed Marks 0.189ms
[2025-08-20T11:45:29.581+0000][1692266][info ][gc,marking  ] GC(234) Concurrent Cleanup for Next Mark
[2025-08-20T11:45:29.601+0000][1692266][info ][gc,marking  ] GC(234) Concurrent Cleanup for Next Mark 19.961ms
[2025-08-20T11:45:29.601+0000][1692266][info ][gc          ] GC(234) Concurrent Mark Cycle 208.219ms
[2025-08-20T11:52:53.682+0000][1692266][info ][gc,start    ] GC(235) Pause Young (Prepare Mixed) (G1 Evacuation Pause)
[2025-08-20T11:52:53.683+0000][1692266][info ][gc,task     ] GC(235) Using 1 workers of 1 for evacuation
[2025-08-20T11:52:53.683+0000][1692266][debug][gc,age      ] GC(235) Desired survivor size 20971520 bytes, new threshold 15 (max threshold 15)
[2025-08-20T11:52:53.686+0000][1692266][info ][gc,phases   ] GC(235)   Pre Evacuate Collection Set: 0.1ms
[2025-08-20T11:52:53.686+0000][1692266][info ][gc,phases   ] GC(235)   Merge Heap Roots: 0.0ms
[2025-08-20T11:52:53.686+0000][1692266][info ][gc,phases   ] GC(235)   Evacuate Collection Set: 1.8ms
[2025-08-20T11:52:53.686+0000][1692266][info ][gc,phases   ] GC(235)   Post Evacuate Collection Set: 0.8ms
[2025-08-20T11:52:53.686+0000][1692266][info ][gc,phases   ] GC(235)   Other: 0.0ms
[2025-08-20T11:52:53.686+0000][1692266][trace][gc,age      ] GC(235) Age table with threshold 15 (max threshold 15)
[2025-08-20T11:52:53.686+0000][1692266][trace][gc,age      ] GC(235) - age   1:      15832 bytes,      15832 total
[2025-08-20T11:52:53.686+0000][1692266][trace][gc,age      ] GC(235) - age   5:       2752 bytes,      18584 total
[2025-08-20T11:52:53.686+0000][1692266][trace][gc,age      ] GC(235) - age   6:         88 bytes,      18672 total
[2025-08-20T11:52:53.686+0000][1692266][trace][gc,age      ] GC(235) - age   7:        312 bytes,      18984 total
[2025-08-20T11:52:53.686+0000][1692266][trace][gc,age      ] GC(235) - age  12:         32 bytes,      19016 total
[2025-08-20T11:52:53.686+0000][1692266][trace][gc,age      ] GC(235) - age  14:       1360 bytes,      20376 total
[2025-08-20T11:52:53.686+0000][1692266][trace][gc,age      ] GC(235) - age  15:        104 bytes,      20480 total
[2025-08-20T11:52:53.686+0000][1692266][info ][gc,heap     ] GC(235) Eden regions: 75->0(75)
[2025-08-20T11:52:53.686+0000][1692266][info ][gc,heap     ] GC(235) Survivor regions: 1->1(10)
[2025-08-20T11:52:53.686+0000][1692266][info ][gc,heap     ] GC(235) Old regions: 27->27
[2025-08-20T11:52:53.686+0000][1692266][info ][gc,heap     ] GC(235) Humongous regions: 0->0
[2025-08-20T11:52:53.686+0000][1692266][info ][gc,metaspace] GC(235) Metaspace: 141998K(148544K)->141998K(148544K) NonClass: 123041K(127104K)->123041K(127104K) Class: 18957K(21440K)->18957K(21440K)
[2025-08-20T11:52:53.686+0000][1692266][info ][gc          ] GC(235) Pause Young (Prepare Mixed) (G1 Evacuation Pause) 405M->105M(512M) 3.195ms
[2025-08-20T11:52:53.686+0000][1692266][info ][gc,cpu      ] GC(235) User=0.00s Sys=0.00s Real=0.01s
[2025-08-20T11:52:53.686+0000][1692266][info ][safepoint   ] Safepoint "G1CollectForAllocation", Time since last: 444102013910 ns, Reaching safepoint: 11858 ns, Cleanup: 2784 ns, At safepoint: 3231420 ns, Total: 3246062 ns
[2025-08-20T12:00:18.756+0000][1692266][info ][gc,start    ] GC(236) Pause Young (Mixed) (G1 Evacuation Pause)
[2025-08-20T12:00:18.756+0000][1692266][info ][gc,task     ] GC(236) Using 1 workers of 1 for evacuation
[2025-08-20T12:00:18.756+0000][1692266][debug][gc,age      ] GC(236) Desired survivor size 20971520 bytes, new threshold 15 (max threshold 15)
[2025-08-20T12:00:18.760+0000][1692266][info ][gc,phases   ] GC(236)   Pre Evacuate Collection Set: 0.1ms
[2025-08-20T12:00:18.760+0000][1692266][info ][gc,phases   ] GC(236)   Merge Heap Roots: 0.0ms
[2025-08-20T12:00:18.760+0000][1692266][info ][gc,phases   ] GC(236)   Evacuate Collection Set: 3.2ms
[2025-08-20T12:00:18.760+0000][1692266][info ][gc,phases   ] GC(236)   Post Evacuate Collection Set: 0.9ms
[2025-08-20T12:00:18.760+0000][1692266][info ][gc,phases   ] GC(236)   Other: 0.0ms
[2025-08-20T12:00:18.760+0000][1692266][trace][gc,age      ] GC(236) Age table with threshold 15 (max threshold 15)
[2025-08-20T12:00:18.760+0000][1692266][trace][gc,age      ] GC(236) - age   1:      14496 bytes,      14496 total
[2025-08-20T12:00:18.760+0000][1692266][trace][gc,age      ] GC(236) - age   2:       1280 bytes,      15776 total
[2025-08-20T12:00:18.760+0000][1692266][trace][gc,age      ] GC(236) - age   6:       2752 bytes,      18528 total
[2025-08-20T12:00:18.760+0000][1692266][trace][gc,age      ] GC(236) - age   7:         88 bytes,      18616 total
[2025-08-20T12:00:18.760+0000][1692266][trace][gc,age      ] GC(236) - age   8:        312 bytes,      18928 total
[2025-08-20T12:00:18.760+0000][1692266][trace][gc,age      ] GC(236) - age  13:         32 bytes,      18960 total
[2025-08-20T12:00:18.760+0000][1692266][trace][gc,age      ] GC(236) - age  15:       1360 bytes,      20320 total
[2025-08-20T12:00:18.760+0000][1692266][info ][gc,heap     ] GC(236) Eden regions: 75->0(75)
[2025-08-20T12:00:18.760+0000][1692266][info ][gc,heap     ] GC(236) Survivor regions: 1->1(10)
[2025-08-20T12:00:18.760+0000][1692266][info ][gc,heap     ] GC(236) Old regions: 27->25
[2025-08-20T12:00:18.760+0000][1692266][info ][gc,heap     ] GC(236) Humongous regions: 0->0
[2025-08-20T12:00:18.760+0000][1692266][info ][gc,metaspace] GC(236) Metaspace: 141998K(148544K)->141998K(148544K) NonClass: 123041K(127104K)->123041K(127104K) Class: 18957K(21440K)->18957K(21440K)
[2025-08-20T12:00:18.760+0000][1692266][info ][gc          ] GC(236) Pause Young (Mixed) (G1 Evacuation Pause) 405M->97M(512M) 4.822ms
[2025-08-20T12:00:18.760+0000][1692266][info ][gc,cpu      ] GC(236) User=0.00s Sys=0.00s Real=0.00s
[2025-08-20T12:00:18.760+0000][1692266][info ][safepoint   ] Safepoint "G1CollectForAllocation", Time since last: 445069876449 ns, Reaching safepoint: 8172 ns, Cleanup: 3055 ns, At safepoint: 4860559 ns, Total: 4871786 ns
[2025-08-20T12:07:40.271+0000][1692266][info ][gc,start    ] GC(237) Pause Young (Concurrent Start) (G1 Evacuation Pause)
[2025-08-20T12:07:40.271+0000][1692266][info ][gc,task     ] GC(237) Using 1 workers of 1 for evacuation
[2025-08-20T12:07:40.271+0000][1692266][debug][gc,age      ] GC(237) Desired survivor size 20971520 bytes, new threshold 15 (max threshold 15)
[2025-08-20T12:07:40.273+0000][1692266][info ][gc,phases   ] GC(237)   Pre Evacuate Collection Set: 0.1ms
[2025-08-20T12:07:40.273+0000][1692266][info ][gc,phases   ] GC(237)   Merge Heap Roots: 0.0ms
[2025-08-20T12:07:40.273+0000][1692266][info ][gc,phases   ] GC(237)   Evacuate Collection Set: 1.7ms
[2025-08-20T12:07:40.273+0000][1692266][info ][gc,phases   ] GC(237)   Post Evacuate Collection Set: 0.7ms
[2025-08-20T12:07:40.273+0000][1692266][info ][gc,phases   ] GC(237)   Other: 0.3ms
[2025-08-20T12:07:40.273+0000][1692266][trace][gc,age      ] GC(237) Age table with threshold 15 (max threshold 15)
[2025-08-20T12:07:40.273+0000][1692266][trace][gc,age      ] GC(237) - age   1:      16840 bytes,      16840 total
[2025-08-20T12:07:40.273+0000][1692266][trace][gc,age      ] GC(237) - age   3:        176 bytes,      17016 total
[2025-08-20T12:07:40.273+0000][1692266][trace][gc,age      ] GC(237) - age   7:       2752 bytes,      19768 total
[2025-08-20T12:07:40.273+0000][1692266][trace][gc,age      ] GC(237) - age   8:         88 bytes,      19856 total
[2025-08-20T12:07:40.273+0000][1692266][trace][gc,age      ] GC(237) - age   9:        312 bytes,      20168 total
[2025-08-20T12:07:40.273+0000][1692266][trace][gc,age      ] GC(237) - age  14:         32 bytes,      20200 total
[2025-08-20T12:07:40.273+0000][1692266][info ][gc,heap     ] GC(237) Eden regions: 75->0(75)
[2025-08-20T12:07:40.273+0000][1692266][info ][gc,heap     ] GC(237) Survivor regions: 1->1(10)
[2025-08-20T12:07:40.273+0000][1692266][info ][gc,heap     ] GC(237) Old regions: 25->25
[2025-08-20T12:07:40.273+0000][1692266][info ][gc,heap     ] GC(237) Humongous regions: 0->0
[2025-08-20T12:07:40.273+0000][1692266][info ][gc,metaspace] GC(237) Metaspace: 141998K(148544K)->141998K(148544K) NonClass: 123041K(127104K)->123041K(127104K) Class: 18957K(21440K)->18957K(21440K)
[2025-08-20T12:07:40.273+0000][1692266][info ][gc          ] GC(237) Pause Young (Concurrent Start) (G1 Evacuation Pause) 397M->97M(512M) 2.985ms
[2025-08-20T12:07:40.273+0000][1692266][info ][gc,cpu      ] GC(237) User=0.00s Sys=0.00s Real=0.00s
[2025-08-20T12:07:40.274+0000][1692266][info ][safepoint   ] Safepoint "G1CollectForAllocation", Time since last: 441510061765 ns, Reaching safepoint: 8202 ns, Cleanup: 2354 ns, At safepoint: 3022914 ns, Total: 3033470 ns
[2025-08-20T12:07:40.275+0000][1692266][info ][gc          ] GC(238) Concurrent Mark Cycle
[2025-08-20T12:07:40.275+0000][1692266][info ][gc,marking  ] GC(238) Concurrent Scan Root Regions
[2025-08-20T12:07:40.276+0000][1692266][info ][gc,marking  ] GC(238) Concurrent Scan Root Regions 0.473ms
[2025-08-20T12:07:40.276+0000][1692266][info ][gc,marking  ] GC(238) Concurrent Mark
[2025-08-20T12:07:40.276+0000][1692266][info ][gc,marking  ] GC(238) Concurrent Mark From Roots
[2025-08-20T12:07:40.276+0000][1692266][info ][gc,task     ] GC(238) Using 1 workers of 1 for marking
[2025-08-20T12:07:40.400+0000][1692266][info ][gc,marking  ] GC(238) Concurrent Mark From Roots 123.779ms
[2025-08-20T12:07:40.400+0000][1692266][info ][gc,marking  ] GC(238) Concurrent Preclean
[2025-08-20T12:07:40.400+0000][1692266][info ][gc,marking  ] GC(238) Concurrent Preclean 0.348ms
[2025-08-20T12:07:40.400+0000][1692266][info ][gc,start    ] GC(238) Pause Remark
[2025-08-20T12:07:40.420+0000][1692266][info ][gc          ] GC(238) Pause Remark 97M->97M(512M) 19.776ms
[2025-08-20T12:07:40.420+0000][1692266][info ][gc,cpu      ] GC(238) User=0.02s Sys=0.00s Real=0.02s
[2025-08-20T12:07:40.420+0000][1692266][info ][safepoint   ] Safepoint "G1PauseRemark", Time since last: 126570192 ns, Reaching safepoint: 6340 ns, Cleanup: 3064 ns, At safepoint: 19831225 ns, Total: 19840629 ns
[2025-08-20T12:07:40.420+0000][1692266][info ][gc,marking  ] GC(238) Concurrent Mark 144.037ms
[2025-08-20T12:07:40.420+0000][1692266][info ][gc,marking  ] GC(238) Concurrent Rebuild Remembered Sets and Scrub Regions
[2025-08-20T12:07:40.464+0000][1692266][info ][gc,marking  ] GC(238) Concurrent Rebuild Remembered Sets and Scrub Regions 44.379ms
[2025-08-20T12:07:40.464+0000][1692266][info ][gc,start    ] GC(238) Pause Cleanup
[2025-08-20T12:07:40.464+0000][1692266][info ][gc          ] GC(238) Pause Cleanup 97M->97M(512M) 0.042ms
[2025-08-20T12:07:40.464+0000][1692266][info ][gc,cpu      ] GC(238) User=0.00s Sys=0.00s Real=0.00s
[2025-08-20T12:07:40.464+0000][1692266][info ][safepoint   ] Safepoint "G1PauseCleanup", Time since last: 44440326 ns, Reaching safepoint: 4687 ns, Cleanup: 1672 ns, At safepoint: 69926 ns, Total: 76285 ns
[2025-08-20T12:07:40.464+0000][1692266][info ][gc,marking  ] GC(238) Concurrent Clear Claimed Marks
[2025-08-20T12:07:40.465+0000][1692266][info ][gc,marking  ] GC(238) Concurrent Clear Claimed Marks 0.172ms
[2025-08-20T12:07:40.465+0000][1692266][info ][gc,marking  ] GC(238) Concurrent Cleanup for Next Mark
[2025-08-20T12:07:40.473+0000][1692266][info ][gc,marking  ] GC(238) Concurrent Cleanup for Next Mark 7.976ms
[2025-08-20T12:07:40.473+0000][1692266][info ][gc          ] GC(238) Concurrent Mark Cycle 197.201ms
[2025-08-20T12:10:10.473+0000][1692266][info ][safepoint   ] Safepoint "Cleanup", Time since last: 150008804166 ns, Reaching safepoint: 7622 ns, Cleanup: 11998 ns, At safepoint: 36675 ns, Total: 56295 ns
[2025-08-20T12:15:05.504+0000][1692266][info ][gc,start    ] GC(239) Pause Young (Prepare Mixed) (G1 Evacuation Pause)
[2025-08-20T12:15:05.504+0000][1692266][info ][gc,task     ] GC(239) Using 1 workers of 1 for evacuation
[2025-08-20T12:15:05.504+0000][1692266][debug][gc,age      ] GC(239) Desired survivor size 20971520 bytes, new threshold 15 (max threshold 15)
[2025-08-20T12:15:05.507+0000][1692266][info ][gc,phases   ] GC(239)   Pre Evacuate Collection Set: 0.1ms
[2025-08-20T12:15:05.507+0000][1692266][info ][gc,phases   ] GC(239)   Merge Heap Roots: 0.0ms
[2025-08-20T12:15:05.507+0000][1692266][info ][gc,phases   ] GC(239)   Evacuate Collection Set: 1.9ms
[2025-08-20T12:15:05.507+0000][1692266][info ][gc,phases   ] GC(239)   Post Evacuate Collection Set: 0.8ms
[2025-08-20T12:15:05.507+0000][1692266][info ][gc,phases   ] GC(239)   Other: 0.0ms
[2025-08-20T12:15:05.507+0000][1692266][trace][gc,age      ] GC(239) Age table with threshold 15 (max threshold 15)
[2025-08-20T12:15:05.507+0000][1692266][trace][gc,age      ] GC(239) - age   1:      16264 bytes,      16264 total
[2025-08-20T12:15:05.507+0000][1692266][trace][gc,age      ] GC(239) - age   2:        664 bytes,      16928 total
[2025-08-20T12:15:05.507+0000][1692266][trace][gc,age      ] GC(239) - age   4:        176 bytes,      17104 total
[2025-08-20T12:15:05.507+0000][1692266][trace][gc,age      ] GC(239) - age   8:       2752 bytes,      19856 total
[2025-08-20T12:15:05.507+0000][1692266][trace][gc,age      ] GC(239) - age   9:         88 bytes,      19944 total
[2025-08-20T12:15:05.507+0000][1692266][trace][gc,age      ] GC(239) - age  10:        312 bytes,      20256 total
[2025-08-20T12:15:05.507+0000][1692266][trace][gc,age      ] GC(239) - age  15:         32 bytes,      20288 total
[2025-08-20T12:15:05.507+0000][1692266][info ][gc,heap     ] GC(239) Eden regions: 75->0(75)
[2025-08-20T12:15:05.507+0000][1692266][info ][gc,heap     ] GC(239) Survivor regions: 1->1(10)
[2025-08-20T12:15:05.507+0000][1692266][info ][gc,heap     ] GC(239) Old regions: 25->25
[2025-08-20T12:15:05.507+0000][1692266][info ][gc,heap     ] GC(239) Humongous regions: 0->0
[2025-08-20T12:15:05.507+0000][1692266][info ][gc,metaspace] GC(239) Metaspace: 141998K(148544K)->141998K(148544K) NonClass: 123041K(127104K)->123041K(127104K) Class: 18957K(21440K)->18957K(21440K)
[2025-08-20T12:15:05.507+0000][1692266][info ][gc          ] GC(239) Pause Young (Prepare Mixed) (G1 Evacuation Pause) 397M->97M(512M) 3.061ms
[2025-08-20T12:15:05.507+0000][1692266][info ][gc,cpu      ] GC(239) User=0.00s Sys=0.00s Real=0.01s
[2025-08-20T12:15:05.507+0000][1692266][info ][safepoint   ] Safepoint "G1CollectForAllocation", Time since last: 295030972236 ns, Reaching safepoint: 8904 ns, Cleanup: 2293 ns, At safepoint: 3099841 ns, Total: 3111038 ns
[2025-08-20T12:22:29.723+0000][1692266][info ][gc,start    ] GC(240) Pause Young (Mixed) (G1 Evacuation Pause)
[2025-08-20T12:22:29.723+0000][1692266][info ][gc,task     ] GC(240) Using 1 workers of 1 for evacuation
[2025-08-20T12:22:29.723+0000][1692266][debug][gc,age      ] GC(240) Desired survivor size 20971520 bytes, new threshold 15 (max threshold 15)
[2025-08-20T12:22:29.737+0000][1692266][info ][gc,phases   ] GC(240)   Pre Evacuate Collection Set: 0.1ms
[2025-08-20T12:22:29.737+0000][1692266][info ][gc,phases   ] GC(240)   Merge Heap Roots: 0.0ms
[2025-08-20T12:22:29.737+0000][1692266][info ][gc,phases   ] GC(240)   Evacuate Collection Set: 12.6ms
[2025-08-20T12:22:29.737+0000][1692266][info ][gc,phases   ] GC(240)   Post Evacuate Collection Set: 0.8ms
[2025-08-20T12:22:29.737+0000][1692266][info ][gc,phases   ] GC(240)   Other: 0.0ms
[2025-08-20T12:22:29.737+0000][1692266][trace][gc,age      ] GC(240) Age table with threshold 15 (max threshold 15)
[2025-08-20T12:22:29.737+0000][1692266][trace][gc,age      ] GC(240) - age   1:      68680 bytes,      68680 total
[2025-08-20T12:22:29.737+0000][1692266][trace][gc,age      ] GC(240) - age   2:         56 bytes,      68736 total
[2025-08-20T12:22:29.737+0000][1692266][trace][gc,age      ] GC(240) - age   5:        176 bytes,      68912 total
[2025-08-20T12:22:29.737+0000][1692266][trace][gc,age      ] GC(240) - age   9:       2752 bytes,      71664 total
[2025-08-20T12:22:29.737+0000][1692266][trace][gc,age      ] GC(240) - age  10:         88 bytes,      71752 total
[2025-08-20T12:22:29.737+0000][1692266][trace][gc,age      ] GC(240) - age  11:        312 bytes,      72064 total
[2025-08-20T12:22:29.737+0000][1692266][info ][gc,heap     ] GC(240) Eden regions: 75->0(75)
[2025-08-20T12:22:29.737+0000][1692266][info ][gc,heap     ] GC(240) Survivor regions: 1->1(10)
[2025-08-20T12:22:29.737+0000][1692266][info ][gc,heap     ] GC(240) Old regions: 25->24
[2025-08-20T12:22:29.737+0000][1692266][info ][gc,heap     ] GC(240) Humongous regions: 0->0
[2025-08-20T12:22:29.737+0000][1692266][info ][gc,metaspace] GC(240) Metaspace: 141998K(148544K)->141998K(148544K) NonClass: 123041K(127104K)->123041K(127104K) Class: 18957K(21440K)->18957K(21440K)
[2025-08-20T12:22:29.737+0000][1692266][info ][gc          ] GC(240) Pause Young (Mixed) (G1 Evacuation Pause) 397M->94M(512M) 14.176ms
[2025-08-20T12:22:29.737+0000][1692266][info ][gc,cpu      ] GC(240) User=0.00s Sys=0.01s Real=0.02s
[2025-08-20T12:22:29.737+0000][1692266][info ][safepoint   ] Safepoint "G1CollectForAllocation", Time since last: 444214991625 ns, Reaching safepoint: 211470 ns, Cleanup: 3144 ns, At safepoint: 14217689 ns, Total: 14432303 ns
[2025-08-20T12:29:53.992+0000][1692266][info ][gc,start    ] GC(241) Pause Young (Concurrent Start) (G1 Evacuation Pause)
[2025-08-20T12:29:53.992+0000][1692266][info ][gc,task     ] GC(241) Using 1 workers of 1 for evacuation
[2025-08-20T12:29:53.992+0000][1692266][debug][gc,age      ] GC(241) Desired survivor size 20971520 bytes, new threshold 15 (max threshold 15)
[2025-08-20T12:29:53.995+0000][1692266][info ][gc,phases   ] GC(241)   Pre Evacuate Collection Set: 0.1ms
[2025-08-20T12:29:53.995+0000][1692266][info ][gc,phases   ] GC(241)   Merge Heap Roots: 0.0ms
[2025-08-20T12:29:53.995+0000][1692266][info ][gc,phases   ] GC(241)   Evacuate Collection Set: 1.7ms
[2025-08-20T12:29:53.995+0000][1692266][info ][gc,phases   ] GC(241)   Post Evacuate Collection Set: 0.7ms
[2025-08-20T12:29:53.995+0000][1692266][info ][gc,phases   ] GC(241)   Other: 0.1ms
[2025-08-20T12:29:53.995+0000][1692266][trace][gc,age      ] GC(241) Age table with threshold 15 (max threshold 15)
[2025-08-20T12:29:53.995+0000][1692266][trace][gc,age      ] GC(241) - age   1:      15824 bytes,      15824 total
[2025-08-20T12:29:53.995+0000][1692266][trace][gc,age      ] GC(241) - age   2:       1640 bytes,      17464 total
[2025-08-20T12:29:53.995+0000][1692266][trace][gc,age      ] GC(241) - age   3:         56 bytes,      17520 total
[2025-08-20T12:29:53.995+0000][1692266][trace][gc,age      ] GC(241) - age   6:        176 bytes,      17696 total
[2025-08-20T12:29:53.995+0000][1692266][trace][gc,age      ] GC(241) - age  10:       2752 bytes,      20448 total
[2025-08-20T12:29:53.995+0000][1692266][trace][gc,age      ] GC(241) - age  11:         88 bytes,      20536 total
[2025-08-20T12:29:53.995+0000][1692266][trace][gc,age      ] GC(241) - age  12:        312 bytes,      20848 total
[2025-08-20T12:29:53.995+0000][1692266][info ][gc,heap     ] GC(241) Eden regions: 75->0(75)
[2025-08-20T12:29:53.995+0000][1692266][info ][gc,heap     ] GC(241) Survivor regions: 1->1(10)
[2025-08-20T12:29:53.995+0000][1692266][info ][gc,heap     ] GC(241) Old regions: 24->24
[2025-08-20T12:29:53.995+0000][1692266][info ][gc,heap     ] GC(241) Humongous regions: 0->0
[2025-08-20T12:29:53.995+0000][1692266][info ][gc,metaspace] GC(241) Metaspace: 141998K(148544K)->141998K(148544K) NonClass: 123041K(127104K)->123041K(127104K) Class: 18957K(21440K)->18957K(21440K)
[2025-08-20T12:29:53.995+0000][1692266][info ][gc          ] GC(241) Pause Young (Concurrent Start) (G1 Evacuation Pause) 394M->94M(512M) 2.953ms
[2025-08-20T12:29:53.995+0000][1692266][info ][gc,cpu      ] GC(241) User=0.00s Sys=0.00s Real=0.00s
[2025-08-20T12:29:53.995+0000][1692266][info ][safepoint   ] Safepoint "G1CollectForAllocation", Time since last: 444255248610 ns, Reaching safepoint: 9524 ns, Cleanup: 3486 ns, At safepoint: 2993720 ns, Total: 3006730 ns
[2025-08-20T12:29:54.000+0000][1692266][info ][gc          ] GC(242) Concurrent Mark Cycle
[2025-08-20T12:29:54.000+0000][1692266][info ][gc,marking  ] GC(242) Concurrent Scan Root Regions
[2025-08-20T12:29:54.001+0000][1692266][info ][gc,marking  ] GC(242) Concurrent Scan Root Regions 1.034ms
[2025-08-20T12:29:54.001+0000][1692266][info ][gc,marking  ] GC(242) Concurrent Mark
[2025-08-20T12:29:54.001+0000][1692266][info ][gc,marking  ] GC(242) Concurrent Mark From Roots
[2025-08-20T12:29:54.001+0000][1692266][info ][gc,task     ] GC(242) Using 1 workers of 1 for marking
[2025-08-20T12:29:54.113+0000][1692266][info ][gc,marking  ] GC(242) Concurrent Mark From Roots 111.323ms
[2025-08-20T12:29:54.113+0000][1692266][info ][gc,marking  ] GC(242) Concurrent Preclean
[2025-08-20T12:29:54.113+0000][1692266][info ][gc,marking  ] GC(242) Concurrent Preclean 0.325ms
[2025-08-20T12:29:54.113+0000][1692266][info ][gc,start    ] GC(242) Pause Remark
[2025-08-20T12:29:54.140+0000][1692266][info ][gc          ] GC(242) Pause Remark 97M->97M(512M) 27.179ms
[2025-08-20T12:29:54.140+0000][1692266][info ][gc,cpu      ] GC(242) User=0.02s Sys=0.00s Real=0.03s
[2025-08-20T12:29:54.140+0000][1692266][info ][safepoint   ] Safepoint "G1PauseRemark", Time since last: 118056265 ns, Reaching safepoint: 5849 ns, Cleanup: 2824 ns, At safepoint: 27242135 ns, Total: 27250808 ns
[2025-08-20T12:29:54.140+0000][1692266][info ][gc,marking  ] GC(242) Concurrent Mark 138.970ms
[2025-08-20T12:29:54.140+0000][1692266][info ][gc,marking  ] GC(242) Concurrent Rebuild Remembered Sets and Scrub Regions
[2025-08-20T12:29:54.186+0000][1692266][info ][gc,marking  ] GC(242) Concurrent Rebuild Remembered Sets and Scrub Regions 45.565ms
[2025-08-20T12:29:54.186+0000][1692266][info ][gc,start    ] GC(242) Pause Cleanup
[2025-08-20T12:29:54.186+0000][1692266][info ][gc          ] GC(242) Pause Cleanup 97M->97M(512M) 0.043ms
[2025-08-20T12:29:54.186+0000][1692266][info ][gc,cpu      ] GC(242) User=0.00s Sys=0.00s Real=0.00s
[2025-08-20T12:29:54.186+0000][1692266][info ][safepoint   ] Safepoint "G1PauseCleanup", Time since last: 45625615 ns, Reaching safepoint: 4507 ns, Cleanup: 1812 ns, At safepoint: 69936 ns, Total: 76255 ns
[2025-08-20T12:29:54.186+0000][1692266][info ][gc,marking  ] GC(242) Concurrent Clear Claimed Marks
[2025-08-20T12:29:54.186+0000][1692266][info ][gc,marking  ] GC(242) Concurrent Clear Claimed Marks 0.178ms
[2025-08-20T12:29:54.186+0000][1692266][info ][gc,marking  ] GC(242) Concurrent Cleanup for Next Mark
[2025-08-20T12:29:54.188+0000][1692266][info ][gc,marking  ] GC(242) Concurrent Cleanup for Next Mark 1.581ms
[2025-08-20T12:29:54.188+0000][1692266][info ][gc          ] GC(242) Concurrent Mark Cycle 187.501ms
[2025-08-20T12:37:18.148+0000][1692266][info ][gc,start    ] GC(243) Pause Young (Prepare Mixed) (G1 Evacuation Pause)
[2025-08-20T12:37:18.148+0000][1692266][info ][gc,task     ] GC(243) Using 1 workers of 1 for evacuation
[2025-08-20T12:37:18.148+0000][1692266][debug][gc,age      ] GC(243) Desired survivor size 20971520 bytes, new threshold 15 (max threshold 15)
[2025-08-20T12:37:18.151+0000][1692266][info ][gc,phases   ] GC(243)   Pre Evacuate Collection Set: 0.1ms
[2025-08-20T12:37:18.151+0000][1692266][info ][gc,phases   ] GC(243)   Merge Heap Roots: 0.0ms
[2025-08-20T12:37:18.151+0000][1692266][info ][gc,phases   ] GC(243)   Evacuate Collection Set: 1.8ms
[2025-08-20T12:37:18.151+0000][1692266][info ][gc,phases   ] GC(243)   Post Evacuate Collection Set: 0.8ms
[2025-08-20T12:37:18.151+0000][1692266][info ][gc,phases   ] GC(243)   Other: 0.0ms
[2025-08-20T12:37:18.151+0000][1692266][trace][gc,age      ] GC(243) Age table with threshold 15 (max threshold 15)
[2025-08-20T12:37:18.151+0000][1692266][trace][gc,age      ] GC(243) - age   1:      15240 bytes,      15240 total
[2025-08-20T12:37:18.151+0000][1692266][trace][gc,age      ] GC(243) - age   2:         64 bytes,      15304 total
[2025-08-20T12:37:18.151+0000][1692266][trace][gc,age      ] GC(243) - age   3:        536 bytes,      15840 total
[2025-08-20T12:37:18.151+0000][1692266][trace][gc,age      ] GC(243) - age   4:         56 bytes,      15896 total
[2025-08-20T12:37:18.151+0000][1692266][trace][gc,age      ] GC(243) - age   7:        176 bytes,      16072 total
[2025-08-20T12:37:18.151+0000][1692266][trace][gc,age      ] GC(243) - age  11:       2752 bytes,      18824 total
[2025-08-20T12:37:18.151+0000][1692266][trace][gc,age      ] GC(243) - age  12:         88 bytes,      18912 total
[2025-08-20T12:37:18.151+0000][1692266][trace][gc,age      ] GC(243) - age  13:        312 bytes,      19224 total
[2025-08-20T12:37:18.151+0000][1692266][info ][gc,heap     ] GC(243) Eden regions: 75->0(75)
[2025-08-20T12:37:18.151+0000][1692266][info ][gc,heap     ] GC(243) Survivor regions: 1->1(10)
[2025-08-20T12:37:18.151+0000][1692266][info ][gc,heap     ] GC(243) Old regions: 24->24
[2025-08-20T12:37:18.151+0000][1692266][info ][gc,heap     ] GC(243) Humongous regions: 0->0
[2025-08-20T12:37:18.151+0000][1692266][info ][gc,metaspace] GC(243) Metaspace: 141998K(148544K)->141998K(148544K) NonClass: 123041K(127104K)->123041K(127104K) Class: 18957K(21440K)->18957K(21440K)
[2025-08-20T12:37:18.151+0000][1692266][info ][gc          ] GC(243) Pause Young (Prepare Mixed) (G1 Evacuation Pause) 394M->94M(512M) 3.110ms
[2025-08-20T12:37:18.151+0000][1692266][info ][gc,cpu      ] GC(243) User=0.00s Sys=0.00s Real=0.00s
[2025-08-20T12:37:18.151+0000][1692266][info ][safepoint   ] Safepoint "G1CollectForAllocation", Time since last: 443961450409 ns, Reaching safepoint: 9975 ns, Cleanup: 3104 ns, At safepoint: 3147904 ns, Total: 3160983 ns
[2025-08-20T12:44:41.846+0000][1692266][info ][gc,start    ] GC(244) Pause Young (Mixed) (G1 Evacuation Pause)
[2025-08-20T12:44:41.846+0000][1692266][info ][gc,task     ] GC(244) Using 1 workers of 1 for evacuation
[2025-08-20T12:44:41.847+0000][1692266][debug][gc,age      ] GC(244) Desired survivor size 20971520 bytes, new threshold 15 (max threshold 15)
[2025-08-20T12:44:41.861+0000][1692266][info ][gc,phases   ] GC(244)   Pre Evacuate Collection Set: 0.1ms
[2025-08-20T12:44:41.861+0000][1692266][info ][gc,phases   ] GC(244)   Merge Heap Roots: 0.0ms
[2025-08-20T12:44:41.861+0000][1692266][info ][gc,phases   ] GC(244)   Evacuate Collection Set: 14.0ms
[2025-08-20T12:44:41.861+0000][1692266][info ][gc,phases   ] GC(244)   Post Evacuate Collection Set: 0.7ms
[2025-08-20T12:44:41.861+0000][1692266][info ][gc,phases   ] GC(244)   Other: 0.0ms
[2025-08-20T12:44:41.861+0000][1692266][trace][gc,age      ] GC(244) Age table with threshold 15 (max threshold 15)
[2025-08-20T12:44:41.861+0000][1692266][trace][gc,age      ] GC(244) - age   1:      16232 bytes,      16232 total
[2025-08-20T12:44:41.861+0000][1692266][trace][gc,age      ] GC(244) - age   2:        664 bytes,      16896 total
[2025-08-20T12:44:41.861+0000][1692266][trace][gc,age      ] GC(244) - age   3:         64 bytes,      16960 total
[2025-08-20T12:44:41.861+0000][1692266][trace][gc,age      ] GC(244) - age   4:        536 bytes,      17496 total
[2025-08-20T12:44:41.861+0000][1692266][trace][gc,age      ] GC(244) - age   5:         56 bytes,      17552 total
[2025-08-20T12:44:41.861+0000][1692266][trace][gc,age      ] GC(244) - age   8:        176 bytes,      17728 total
[2025-08-20T12:44:41.861+0000][1692266][trace][gc,age      ] GC(244) - age  12:       2752 bytes,      20480 total
[2025-08-20T12:44:41.861+0000][1692266][trace][gc,age      ] GC(244) - age  13:         88 bytes,      20568 total
[2025-08-20T12:44:41.861+0000][1692266][trace][gc,age      ] GC(244) - age  14:        312 bytes,      20880 total
[2025-08-20T12:44:41.861+0000][1692266][info ][gc,heap     ] GC(244) Eden regions: 75->0(75)
[2025-08-20T12:44:41.861+0000][1692266][info ][gc,heap     ] GC(244) Survivor regions: 1->1(10)
[2025-08-20T12:44:41.861+0000][1692266][info ][gc,heap     ] GC(244) Old regions: 24->24
[2025-08-20T12:44:41.861+0000][1692266][info ][gc,heap     ] GC(244) Humongous regions: 0->0
[2025-08-20T12:44:41.861+0000][1692266][info ][gc,metaspace] GC(244) Metaspace: 141998K(148544K)->141998K(148544K) NonClass: 123041K(127104K)->123041K(127104K) Class: 18957K(21440K)->18957K(21440K)
[2025-08-20T12:44:41.861+0000][1692266][info ][gc          ] GC(244) Pause Young (Mixed) (G1 Evacuation Pause) 394M->92M(512M) 15.035ms
[2025-08-20T12:44:41.861+0000][1692266][info ][gc,cpu      ] GC(244) User=0.00s Sys=0.00s Real=0.01s
[2025-08-20T12:44:41.861+0000][1692266][info ][safepoint   ] Safepoint "G1CollectForAllocation", Time since last: 443695664629 ns, Reaching safepoint: 14632 ns, Cleanup: 2594 ns, At safepoint: 15077457 ns, Total: 15094683 ns
[2025-08-20T12:52:05.584+0000][1692266][info ][gc,start    ] GC(245) Pause Young (Concurrent Start) (G1 Evacuation Pause)
[2025-08-20T12:52:05.585+0000][1692266][info ][gc,task     ] GC(245) Using 1 workers of 1 for evacuation
[2025-08-20T12:52:05.585+0000][1692266][debug][gc,age      ] GC(245) Desired survivor size 20971520 bytes, new threshold 15 (max threshold 15)
[2025-08-20T12:52:05.587+0000][1692266][info ][gc,phases   ] GC(245)   Pre Evacuate Collection Set: 0.1ms
[2025-08-20T12:52:05.587+0000][1692266][info ][gc,phases   ] GC(245)   Merge Heap Roots: 0.0ms
[2025-08-20T12:52:05.587+0000][1692266][info ][gc,phases   ] GC(245)   Evacuate Collection Set: 1.5ms
[2025-08-20T12:52:05.587+0000][1692266][info ][gc,phases   ] GC(245)   Post Evacuate Collection Set: 0.7ms
[2025-08-20T12:52:05.588+0000][1692266][info ][gc,phases   ] GC(245)   Other: 0.3ms
[2025-08-20T12:52:05.588+0000][1692266][trace][gc,age      ] GC(245) Age table with threshold 15 (max threshold 15)
[2025-08-20T12:52:05.588+0000][1692266][trace][gc,age      ] GC(245) - age   1:      16456 bytes,      16456 total
[2025-08-20T12:52:05.588+0000][1692266][trace][gc,age      ] GC(245) - age   4:         64 bytes,      16520 total
[2025-08-20T12:52:05.588+0000][1692266][trace][gc,age      ] GC(245) - age   5:        536 bytes,      17056 total
[2025-08-20T12:52:05.588+0000][1692266][trace][gc,age      ] GC(245) - age   6:         56 bytes,      17112 total
[2025-08-20T12:52:05.588+0000][1692266][trace][gc,age      ] GC(245) - age  13:       2752 bytes,      19864 total
[2025-08-20T12:52:05.588+0000][1692266][trace][gc,age      ] GC(245) - age  14:         88 bytes,      19952 total
[2025-08-20T12:52:05.588+0000][1692266][trace][gc,age      ] GC(245) - age  15:        312 bytes,      20264 total
[2025-08-20T12:52:05.588+0000][1692266][info ][gc,heap     ] GC(245) Eden regions: 75->0(75)
[2025-08-20T12:52:05.588+0000][1692266][info ][gc,heap     ] GC(245) Survivor regions: 1->1(10)
[2025-08-20T12:52:05.588+0000][1692266][info ][gc,heap     ] GC(245) Old regions: 24->24
[2025-08-20T12:52:05.588+0000][1692266][info ][gc,heap     ] GC(245) Humongous regions: 0->0
[2025-08-20T12:52:05.588+0000][1692266][info ][gc,metaspace] GC(245) Metaspace: 141998K(148544K)->141998K(148544K) NonClass: 123041K(127104K)->123041K(127104K) Class: 18957K(21440K)->18957K(21440K)
[2025-08-20T12:52:05.588+0000][1692266][info ][gc          ] GC(245) Pause Young (Concurrent Start) (G1 Evacuation Pause) 392M->92M(512M) 3.200ms
[2025-08-20T12:52:05.588+0000][1692266][info ][gc,cpu      ] GC(245) User=0.01s Sys=0.00s Real=0.01s
[2025-08-20T12:52:05.588+0000][1692266][info ][safepoint   ] Safepoint "G1CollectForAllocation", Time since last: 443722877820 ns, Reaching safepoint: 8993 ns, Cleanup: 3165 ns, At safepoint: 3248015 ns, Total: 3260173 ns
[2025-08-20T12:52:05.591+0000][1692266][info ][gc          ] GC(246) Concurrent Mark Cycle
[2025-08-20T12:52:05.591+0000][1692266][info ][gc,marking  ] GC(246) Concurrent Scan Root Regions
[2025-08-20T12:52:05.593+0000][1692266][info ][gc,marking  ] GC(246) Concurrent Scan Root Regions 1.189ms
[2025-08-20T12:52:05.593+0000][1692266][info ][gc,marking  ] GC(246) Concurrent Mark
[2025-08-20T12:52:05.593+0000][1692266][info ][gc,marking  ] GC(246) Concurrent Mark From Roots
[2025-08-20T12:52:05.593+0000][1692266][info ][gc,task     ] GC(246) Using 1 workers of 1 for marking
[2025-08-20T12:52:05.696+0000][1692266][info ][gc,marking  ] GC(246) Concurrent Mark From Roots 103.876ms
[2025-08-20T12:52:05.696+0000][1692266][info ][gc,marking  ] GC(246) Concurrent Preclean
[2025-08-20T12:52:05.697+0000][1692266][info ][gc,marking  ] GC(246) Concurrent Preclean 0.252ms
[2025-08-20T12:52:05.697+0000][1692266][info ][gc,start    ] GC(246) Pause Remark
[2025-08-20T12:52:05.760+0000][1692266][info ][gc          ] GC(246) Pause Remark 95M->95M(512M) 62.783ms
[2025-08-20T12:52:05.760+0000][1692266][info ][gc,cpu      ] GC(246) User=0.04s Sys=0.00s Real=0.06s
[2025-08-20T12:52:05.760+0000][1692266][info ][safepoint   ] Safepoint "G1PauseRemark", Time since last: 109177080 ns, Reaching safepoint: 5769 ns, Cleanup: 2734 ns, At safepoint: 62858398 ns, Total: 62866901 ns
[2025-08-20T12:52:05.760+0000][1692266][info ][gc,marking  ] GC(246) Concurrent Mark 167.083ms
[2025-08-20T12:52:05.760+0000][1692266][info ][gc,marking  ] GC(246) Concurrent Rebuild Remembered Sets and Scrub Regions
[2025-08-20T12:52:05.798+0000][1692266][info ][gc,marking  ] GC(246) Concurrent Rebuild Remembered Sets and Scrub Regions 38.414ms
[2025-08-20T12:52:05.798+0000][1692266][info ][gc,start    ] GC(246) Pause Cleanup
[2025-08-20T12:52:05.798+0000][1692266][info ][gc          ] GC(246) Pause Cleanup 95M->95M(512M) 0.040ms
[2025-08-20T12:52:05.798+0000][1692266][info ][gc,cpu      ] GC(246) User=0.00s Sys=0.00s Real=0.00s
[2025-08-20T12:52:05.798+0000][1692266][info ][safepoint   ] Safepoint "G1PauseCleanup", Time since last: 38480506 ns, Reaching safepoint: 4868 ns, Cleanup: 72018 ns, At safepoint: 67592 ns, Total: 144478 ns
[2025-08-20T12:52:05.798+0000][1692266][info ][gc,marking  ] GC(246) Concurrent Clear Claimed Marks
[2025-08-20T12:52:05.798+0000][1692266][info ][gc,marking  ] GC(246) Concurrent Clear Claimed Marks 0.180ms
[2025-08-20T12:52:05.798+0000][1692266][info ][gc,marking  ] GC(246) Concurrent Cleanup for Next Mark
[2025-08-20T12:52:05.799+0000][1692266][info ][gc,marking  ] GC(246) Concurrent Cleanup for Next Mark 0.269ms
[2025-08-20T12:52:05.799+0000][1692266][info ][gc          ] GC(246) Concurrent Mark Cycle 207.363ms
[2025-08-20T12:53:41.804+0000][1692266][info ][safepoint   ] Safepoint "Cleanup", Time since last: 96005838471 ns, Reaching safepoint: 71138 ns, Cleanup: 11808 ns, At safepoint: 6710 ns, Total: 89656 ns
[2025-08-20T12:53:57.806+0000][1692266][info ][safepoint   ] Safepoint "Cleanup", Time since last: 16001488017 ns, Reaching safepoint: 72310 ns, Cleanup: 10976 ns, At safepoint: 2614 ns, Total: 85900 ns
[2025-08-20T12:55:27.811+0000][1692266][info ][safepoint   ] Safepoint "Cleanup", Time since last: 90005453338 ns, Reaching safepoint: 39059 ns, Cleanup: 11568 ns, At safepoint: 2313 ns, Total: 52940 ns
[2025-08-20T12:56:27.815+0000][1692266][info ][safepoint   ] Safepoint "Cleanup", Time since last: 60004170192 ns, Reaching safepoint: 43176 ns, Cleanup: 10786 ns, At safepoint: 4687 ns, Total: 58649 ns
[2025-08-20T12:59:30.847+0000][1692266][info ][gc,start    ] GC(247) Pause Young (Prepare Mixed) (G1 Evacuation Pause)
[2025-08-20T12:59:30.848+0000][1692266][info ][gc,task     ] GC(247) Using 1 workers of 1 for evacuation
[2025-08-20T12:59:30.848+0000][1692266][debug][gc,age      ] GC(247) Desired survivor size 20971520 bytes, new threshold 15 (max threshold 15)
[2025-08-20T12:59:30.850+0000][1692266][info ][gc,phases   ] GC(247)   Pre Evacuate Collection Set: 0.1ms
[2025-08-20T12:59:30.850+0000][1692266][info ][gc,phases   ] GC(247)   Merge Heap Roots: 0.0ms
[2025-08-20T12:59:30.850+0000][1692266][info ][gc,phases   ] GC(247)   Evacuate Collection Set: 1.8ms
[2025-08-20T12:59:30.850+0000][1692266][info ][gc,phases   ] GC(247)   Post Evacuate Collection Set: 0.8ms
[2025-08-20T12:59:30.850+0000][1692266][info ][gc,phases   ] GC(247)   Other: 0.0ms
[2025-08-20T12:59:30.850+0000][1692266][trace][gc,age      ] GC(247) Age table with threshold 15 (max threshold 15)
[2025-08-20T12:59:30.850+0000][1692266][trace][gc,age      ] GC(247) - age   1:      15480 bytes,      15480 total
[2025-08-20T12:59:30.850+0000][1692266][trace][gc,age      ] GC(247) - age   2:       1336 bytes,      16816 total
[2025-08-20T12:59:30.850+0000][1692266][trace][gc,age      ] GC(247) - age   5:         64 bytes,      16880 total
[2025-08-20T12:59:30.850+0000][1692266][trace][gc,age      ] GC(247) - age   6:        536 bytes,      17416 total
[2025-08-20T12:59:30.850+0000][1692266][trace][gc,age      ] GC(247) - age   7:         56 bytes,      17472 total
[2025-08-20T12:59:30.850+0000][1692266][trace][gc,age      ] GC(247) - age  14:       2752 bytes,      20224 total
[2025-08-20T12:59:30.850+0000][1692266][trace][gc,age      ] GC(247) - age  15:         88 bytes,      20312 total
[2025-08-20T12:59:30.850+0000][1692266][info ][gc,heap     ] GC(247) Eden regions: 75->0(75)
[2025-08-20T12:59:30.850+0000][1692266][info ][gc,heap     ] GC(247) Survivor regions: 1->1(10)
[2025-08-20T12:59:30.850+0000][1692266][info ][gc,heap     ] GC(247) Old regions: 24->24
[2025-08-20T12:59:30.850+0000][1692266][info ][gc,heap     ] GC(247) Humongous regions: 0->0
[2025-08-20T12:59:30.850+0000][1692266][info ][gc,metaspace] GC(247) Metaspace: 141998K(148544K)->141998K(148544K) NonClass: 123041K(127104K)->123041K(127104K) Class: 18957K(21440K)->18957K(21440K)
[2025-08-20T12:59:30.850+0000][1692266][info ][gc          ] GC(247) Pause Young (Prepare Mixed) (G1 Evacuation Pause) 392M->92M(512M) 3.191ms
[2025-08-20T12:59:30.850+0000][1692266][info ][gc,cpu      ] GC(247) User=0.00s Sys=0.00s Real=0.00s
[2025-08-20T12:59:30.850+0000][1692266][info ][safepoint   ] Safepoint "G1CollectForAllocation", Time since last: 183031681487 ns, Reaching safepoint: 8242 ns, Cleanup: 2724 ns, At safepoint: 3228165 ns, Total: 3239131 ns
[2025-08-20T13:06:54.453+0000][1692266][info ][gc,start    ] GC(248) Pause Young (Mixed) (G1 Evacuation Pause)
[2025-08-20T13:06:54.453+0000][1692266][info ][gc,task     ] GC(248) Using 1 workers of 1 for evacuation
[2025-08-20T13:06:54.453+0000][1692266][debug][gc,age      ] GC(248) Desired survivor size 20971520 bytes, new threshold 15 (max threshold 15)
[2025-08-20T13:06:54.466+0000][1692266][info ][gc,phases   ] GC(248)   Pre Evacuate Collection Set: 0.1ms
[2025-08-20T13:06:54.466+0000][1692266][info ][gc,phases   ] GC(248)   Merge Heap Roots: 0.0ms
[2025-08-20T13:06:54.466+0000][1692266][info ][gc,phases   ] GC(248)   Evacuate Collection Set: 12.3ms
[2025-08-20T13:06:54.466+0000][1692266][info ][gc,phases   ] GC(248)   Post Evacuate Collection Set: 0.8ms
[2025-08-20T13:06:54.466+0000][1692266][info ][gc,phases   ] GC(248)   Other: 0.0ms
[2025-08-20T13:06:54.466+0000][1692266][trace][gc,age      ] GC(248) Age table with threshold 15 (max threshold 15)
[2025-08-20T13:06:54.466+0000][1692266][trace][gc,age      ] GC(248) - age   1:      15880 bytes,      15880 total
[2025-08-20T13:06:54.466+0000][1692266][trace][gc,age      ] GC(248) - age   2:        232 bytes,      16112 total
[2025-08-20T13:06:54.466+0000][1692266][trace][gc,age      ] GC(248) - age   3:        232 bytes,      16344 total
[2025-08-20T13:06:54.466+0000][1692266][trace][gc,age      ] GC(248) - age   6:         64 bytes,      16408 total
[2025-08-20T13:06:54.466+0000][1692266][trace][gc,age      ] GC(248) - age   7:        536 bytes,      16944 total
[2025-08-20T13:06:54.466+0000][1692266][trace][gc,age      ] GC(248) - age   8:         56 bytes,      17000 total
[2025-08-20T13:06:54.466+0000][1692266][trace][gc,age      ] GC(248) - age  15:       2752 bytes,      19752 total
[2025-08-20T13:06:54.466+0000][1692266][info ][gc,heap     ] GC(248) Eden regions: 75->0(75)
[2025-08-20T13:06:54.466+0000][1692266][info ][gc,heap     ] GC(248) Survivor regions: 1->1(10)
[2025-08-20T13:06:54.466+0000][1692266][info ][gc,heap     ] GC(248) Old regions: 24->23
[2025-08-20T13:06:54.466+0000][1692266][info ][gc,heap     ] GC(248) Humongous regions: 0->0
[2025-08-20T13:06:54.466+0000][1692266][info ][gc,metaspace] GC(248) Metaspace: 141998K(148544K)->141998K(148544K) NonClass: 123041K(127104K)->123041K(127104K) Class: 18957K(21440K)->18957K(21440K)
[2025-08-20T13:06:54.466+0000][1692266][info ][gc          ] GC(248) Pause Young (Mixed) (G1 Evacuation Pause) 392M->90M(512M) 13.711ms
[2025-08-20T13:06:54.466+0000][1692266][info ][gc,cpu      ] GC(248) User=0.00s Sys=0.00s Real=0.02s
[2025-08-20T13:06:54.466+0000][1692266][info ][safepoint   ] Safepoint "G1CollectForAllocation", Time since last: 443602326867 ns, Reaching safepoint: 8373 ns, Cleanup: 3235 ns, At safepoint: 13752467 ns, Total: 13764075 ns
[2025-08-20T13:14:18.315+0000][1692266][info ][gc,start    ] GC(249) Pause Young (Concurrent Start) (G1 Evacuation Pause)
[2025-08-20T13:14:18.315+0000][1692266][info ][gc,task     ] GC(249) Using 1 workers of 1 for evacuation
[2025-08-20T13:14:18.315+0000][1692266][debug][gc,age      ] GC(249) Desired survivor size 20971520 bytes, new threshold 15 (max threshold 15)
[2025-08-20T13:14:18.318+0000][1692266][info ][gc,phases   ] GC(249)   Pre Evacuate Collection Set: 0.1ms
[2025-08-20T13:14:18.318+0000][1692266][info ][gc,phases   ] GC(249)   Merge Heap Roots: 0.0ms
[2025-08-20T13:14:18.318+0000][1692266][info ][gc,phases   ] GC(249)   Evacuate Collection Set: 1.6ms
[2025-08-20T13:14:18.318+0000][1692266][info ][gc,phases   ] GC(249)   Post Evacuate Collection Set: 1.8ms
[2025-08-20T13:14:18.318+0000][1692266][info ][gc,phases   ] GC(249)   Other: 0.1ms
[2025-08-20T13:14:18.318+0000][1692266][trace][gc,age      ] GC(249) Age table with threshold 15 (max threshold 15)
[2025-08-20T13:14:18.318+0000][1692266][trace][gc,age      ] GC(249) - age   1:      16416 bytes,      16416 total
[2025-08-20T13:14:18.318+0000][1692266][trace][gc,age      ] GC(249) - age   2:        664 bytes,      17080 total
[2025-08-20T13:14:18.318+0000][1692266][trace][gc,age      ] GC(249) - age   3:        232 bytes,      17312 total
[2025-08-20T13:14:18.318+0000][1692266][trace][gc,age      ] GC(249) - age   4:        232 bytes,      17544 total
[2025-08-20T13:14:18.318+0000][1692266][trace][gc,age      ] GC(249) - age   7:         64 bytes,      17608 total
[2025-08-20T13:14:18.318+0000][1692266][trace][gc,age      ] GC(249) - age   8:        536 bytes,      18144 total
[2025-08-20T13:14:18.318+0000][1692266][trace][gc,age      ] GC(249) - age   9:         56 bytes,      18200 total
[2025-08-20T13:14:18.318+0000][1692266][info ][gc,heap     ] GC(249) Eden regions: 75->0(75)
[2025-08-20T13:14:18.318+0000][1692266][info ][gc,heap     ] GC(249) Survivor regions: 1->1(10)
[2025-08-20T13:14:18.318+0000][1692266][info ][gc,heap     ] GC(249) Old regions: 23->23
[2025-08-20T13:14:18.318+0000][1692266][info ][gc,heap     ] GC(249) Humongous regions: 0->0
[2025-08-20T13:14:18.318+0000][1692266][info ][gc,metaspace] GC(249) Metaspace: 141998K(148544K)->141998K(148544K) NonClass: 123041K(127104K)->123041K(127104K) Class: 18957K(21440K)->18957K(21440K)
[2025-08-20T13:14:18.318+0000][1692266][info ][gc          ] GC(249) Pause Young (Concurrent Start) (G1 Evacuation Pause) 390M->90M(512M) 3.776ms
[2025-08-20T13:14:18.318+0000][1692266][info ][gc,cpu      ] GC(249) User=0.00s Sys=0.00s Real=0.01s
[2025-08-20T13:14:18.318+0000][1692266][info ][safepoint   ] Safepoint "G1CollectForAllocation", Time since last: 443848114580 ns, Reaching safepoint: 10566 ns, Cleanup: 2493 ns, At safepoint: 3817676 ns, Total: 3830735 ns
[2025-08-20T13:14:18.325+0000][1692266][info ][gc          ] GC(250) Concurrent Mark Cycle
[2025-08-20T13:14:18.325+0000][1692266][info ][gc,marking  ] GC(250) Concurrent Scan Root Regions
[2025-08-20T13:14:18.326+0000][1692266][info ][gc,marking  ] GC(250) Concurrent Scan Root Regions 0.486ms
[2025-08-20T13:14:18.326+0000][1692266][info ][gc,marking  ] GC(250) Concurrent Mark
[2025-08-20T13:14:18.326+0000][1692266][info ][gc,marking  ] GC(250) Concurrent Mark From Roots
[2025-08-20T13:14:18.326+0000][1692266][info ][gc,task     ] GC(250) Using 1 workers of 1 for marking
[2025-08-20T13:14:18.434+0000][1692266][info ][gc,marking  ] GC(250) Concurrent Mark From Roots 107.716ms
[2025-08-20T13:14:18.434+0000][1692266][info ][gc,marking  ] GC(250) Concurrent Preclean
[2025-08-20T13:14:18.434+0000][1692266][info ][gc,marking  ] GC(250) Concurrent Preclean 0.294ms
[2025-08-20T13:14:18.434+0000][1692266][info ][gc,start    ] GC(250) Pause Remark
[2025-08-20T13:14:18.438+0000][1692266][info ][gc          ] GC(250) Pause Remark 91M->91M(512M) 4.185ms
[2025-08-20T13:14:18.438+0000][1692266][info ][gc,cpu      ] GC(250) User=0.01s Sys=0.00s Real=0.01s
[2025-08-20T13:14:18.438+0000][1692266][info ][safepoint   ] Safepoint "G1PauseRemark", Time since last: 115485438 ns, Reaching safepoint: 6169 ns, Cleanup: 2764 ns, At safepoint: 4224740 ns, Total: 4233673 ns
[2025-08-20T13:14:18.438+0000][1692266][info ][gc,marking  ] GC(250) Concurrent Mark 112.313ms
[2025-08-20T13:14:18.438+0000][1692266][info ][gc,marking  ] GC(250) Concurrent Rebuild Remembered Sets and Scrub Regions
[2025-08-20T13:14:18.494+0000][1692266][info ][gc,marking  ] GC(250) Concurrent Rebuild Remembered Sets and Scrub Regions 56.246ms
[2025-08-20T13:14:18.494+0000][1692266][info ][gc,start    ] GC(250) Pause Cleanup
[2025-08-20T13:14:18.495+0000][1692266][info ][gc          ] GC(250) Pause Cleanup 94M->94M(512M) 0.042ms
[2025-08-20T13:14:18.495+0000][1692266][info ][gc,cpu      ] GC(250) User=0.00s Sys=0.00s Real=0.00s
[2025-08-20T13:14:18.495+0000][1692266][info ][safepoint   ] Safepoint "G1PauseCleanup", Time since last: 56304672 ns, Reaching safepoint: 4437 ns, Cleanup: 1683 ns, At safepoint: 69194 ns, Total: 75314 ns
[2025-08-20T13:14:18.495+0000][1692266][info ][gc,marking  ] GC(250) Concurrent Clear Claimed Marks
[2025-08-20T13:14:18.495+0000][1692266][info ][gc,marking  ] GC(250) Concurrent Clear Claimed Marks 0.151ms
[2025-08-20T13:14:18.495+0000][1692266][info ][gc,marking  ] GC(250) Concurrent Cleanup for Next Mark
[2025-08-20T13:14:18.495+0000][1692266][info ][gc,marking  ] GC(250) Concurrent Cleanup for Next Mark 0.249ms
[2025-08-20T13:14:18.495+0000][1692266][info ][gc          ] GC(250) Concurrent Mark Cycle 169.604ms
[2025-08-20T13:21:42.712+0000][1692266][info ][gc,start    ] GC(251) Pause Young (Prepare Mixed) (G1 Evacuation Pause)
[2025-08-20T13:21:42.883+0000][1692266][info ][gc,task     ] GC(251) Using 1 workers of 1 for evacuation
[2025-08-20T13:21:42.883+0000][1692266][debug][gc,age      ] GC(251) Desired survivor size 20971520 bytes, new threshold 15 (max threshold 15)
[2025-08-20T13:21:42.885+0000][1692266][info ][gc,phases   ] GC(251)   Pre Evacuate Collection Set: 0.1ms
[2025-08-20T13:21:42.885+0000][1692266][info ][gc,phases   ] GC(251)   Merge Heap Roots: 0.0ms
[2025-08-20T13:21:42.885+0000][1692266][info ][gc,phases   ] GC(251)   Evacuate Collection Set: 1.7ms
[2025-08-20T13:21:42.885+0000][1692266][info ][gc,phases   ] GC(251)   Post Evacuate Collection Set: 0.8ms
[2025-08-20T13:21:42.885+0000][1692266][info ][gc,phases   ] GC(251)   Other: 0.1ms
[2025-08-20T13:21:42.885+0000][1692266][trace][gc,age      ] GC(251) Age table with threshold 15 (max threshold 15)
[2025-08-20T13:21:42.885+0000][1692266][trace][gc,age      ] GC(251) - age   1:      17120 bytes,      17120 total
[2025-08-20T13:21:42.885+0000][1692266][trace][gc,age      ] GC(251) - age   2:        128 bytes,      17248 total
[2025-08-20T13:21:42.885+0000][1692266][trace][gc,age      ] GC(251) - age   4:        232 bytes,      17480 total
[2025-08-20T13:21:42.885+0000][1692266][trace][gc,age      ] GC(251) - age   5:        232 bytes,      17712 total
[2025-08-20T13:21:42.885+0000][1692266][trace][gc,age      ] GC(251) - age   8:         64 bytes,      17776 total
[2025-08-20T13:21:42.885+0000][1692266][trace][gc,age      ] GC(251) - age   9:        536 bytes,      18312 total
[2025-08-20T13:21:42.885+0000][1692266][trace][gc,age      ] GC(251) - age  10:         56 bytes,      18368 total
[2025-08-20T13:21:42.885+0000][1692266][info ][gc,heap     ] GC(251) Eden regions: 75->0(75)
[2025-08-20T13:21:42.885+0000][1692266][info ][gc,heap     ] GC(251) Survivor regions: 1->1(10)
[2025-08-20T13:21:42.885+0000][1692266][info ][gc,heap     ] GC(251) Old regions: 23->23
[2025-08-20T13:21:42.885+0000][1692266][info ][gc,heap     ] GC(251) Humongous regions: 0->0
[2025-08-20T13:21:42.885+0000][1692266][info ][gc,metaspace] GC(251) Metaspace: 141998K(148544K)->141998K(148544K) NonClass: 123041K(127104K)->123041K(127104K) Class: 18957K(21440K)->18957K(21440K)
[2025-08-20T13:21:42.885+0000][1692266][info ][gc          ] GC(251) Pause Young (Prepare Mixed) (G1 Evacuation Pause) 390M->90M(512M) 173.893ms
[2025-08-20T13:21:42.885+0000][1692266][info ][gc,cpu      ] GC(251) User=0.01s Sys=0.00s Real=0.18s
[2025-08-20T13:21:42.885+0000][1692266][info ][safepoint   ] Safepoint "G1CollectForAllocation", Time since last: 444216963811 ns, Reaching safepoint: 10756 ns, Cleanup: 3185 ns, At safepoint: 173952736 ns, Total: 173966677 ns
[2025-08-20T13:27:58.908+0000][1692266][info ][safepoint   ] Safepoint "Cleanup", Time since last: 376022079818 ns, Reaching safepoint: 38058 ns, Cleanup: 10736 ns, At safepoint: 2333 ns, Total: 51127 ns
[2025-08-20T13:28:28.910+0000][1692266][info ][safepoint   ] Safepoint "Cleanup", Time since last: 30002473314 ns, Reaching safepoint: 39289 ns, Cleanup: 10466 ns, At safepoint: 4757 ns, Total: 54512 ns
[2025-08-20T13:28:43.912+0000][1692266][info ][safepoint   ] Safepoint "Cleanup", Time since last: 15001287584 ns, Reaching safepoint: 239452 ns, Cleanup: 9845 ns, At safepoint: 5648 ns, Total: 254945 ns
[2025-08-20T13:29:07.109+0000][1692266][info ][gc,start    ] GC(252) Pause Young (Mixed) (G1 Evacuation Pause)
[2025-08-20T13:29:07.110+0000][1692266][info ][gc,task     ] GC(252) Using 1 workers of 1 for evacuation
[2025-08-20T13:29:07.110+0000][1692266][debug][gc,age      ] GC(252) Desired survivor size 20971520 bytes, new threshold 15 (max threshold 15)
[2025-08-20T13:29:07.144+0000][1692266][info ][gc,phases   ] GC(252)   Pre Evacuate Collection Set: 0.1ms
[2025-08-20T13:29:07.144+0000][1692266][info ][gc,phases   ] GC(252)   Merge Heap Roots: 0.0ms
[2025-08-20T13:29:07.144+0000][1692266][info ][gc,phases   ] GC(252)   Evacuate Collection Set: 33.2ms
[2025-08-20T13:29:07.144+0000][1692266][info ][gc,phases   ] GC(252)   Post Evacuate Collection Set: 0.8ms
[2025-08-20T13:29:07.144+0000][1692266][info ][gc,phases   ] GC(252)   Other: 0.0ms
[2025-08-20T13:29:07.144+0000][1692266][trace][gc,age      ] GC(252) Age table with threshold 15 (max threshold 15)
[2025-08-20T13:29:07.144+0000][1692266][trace][gc,age      ] GC(252) - age   1:      14936 bytes,      14936 total
[2025-08-20T13:29:07.144+0000][1692266][trace][gc,age      ] GC(252) - age   2:        976 bytes,      15912 total
[2025-08-20T13:29:07.144+0000][1692266][trace][gc,age      ] GC(252) - age   5:        232 bytes,      16144 total
[2025-08-20T13:29:07.144+0000][1692266][trace][gc,age      ] GC(252) - age   6:        232 bytes,      16376 total
[2025-08-20T13:29:07.144+0000][1692266][trace][gc,age      ] GC(252) - age   9:         64 bytes,      16440 total
[2025-08-20T13:29:07.144+0000][1692266][trace][gc,age      ] GC(252) - age  10:        536 bytes,      16976 total
[2025-08-20T13:29:07.144+0000][1692266][trace][gc,age      ] GC(252) - age  11:         56 bytes,      17032 total
[2025-08-20T13:29:07.144+0000][1692266][info ][gc,heap     ] GC(252) Eden regions: 75->0(75)
[2025-08-20T13:29:07.144+0000][1692266][info ][gc,heap     ] GC(252) Survivor regions: 1->1(10)
[2025-08-20T13:29:07.144+0000][1692266][info ][gc,heap     ] GC(252) Old regions: 23->23
[2025-08-20T13:29:07.144+0000][1692266][info ][gc,heap     ] GC(252) Humongous regions: 0->0
[2025-08-20T13:29:07.144+0000][1692266][info ][gc,metaspace] GC(252) Metaspace: 141998K(148544K)->141998K(148544K) NonClass: 123041K(127104K)->123041K(127104K) Class: 18957K(21440K)->18957K(21440K)
[2025-08-20T13:29:07.144+0000][1692266][info ][gc          ] GC(252) Pause Young (Mixed) (G1 Evacuation Pause) 390M->89M(512M) 34.245ms
[2025-08-20T13:29:07.144+0000][1692266][info ][gc,cpu      ] GC(252) User=0.00s Sys=0.00s Real=0.03s
[2025-08-20T13:29:07.144+0000][1692266][info ][safepoint   ] Safepoint "G1CollectForAllocation", Time since last: 23197779510 ns, Reaching safepoint: 9835 ns, Cleanup: 3675 ns, At safepoint: 34292721 ns, Total: 34306231 ns
[2025-08-20T13:31:59.159+0000][1692266][info ][safepoint   ] Safepoint "Cleanup", Time since last: 172014880819 ns, Reaching safepoint: 39650 ns, Cleanup: 15564 ns, At safepoint: 2343 ns, Total: 57557 ns
[2025-08-20T13:33:59.168+0000][1692266][info ][safepoint   ] Safepoint "Cleanup", Time since last: 120009651980 ns, Reaching safepoint: 77227 ns, Cleanup: 13971 ns, At safepoint: 2524 ns, Total: 93722 ns
[2025-08-20T13:36:29.360+0000][1692266][info ][gc,start    ] GC(253) Pause Young (Concurrent Start) (G1 Evacuation Pause)
[2025-08-20T13:36:29.360+0000][1692266][info ][gc,task     ] GC(253) Using 1 workers of 1 for evacuation
[2025-08-20T13:36:29.360+0000][1692266][debug][gc,age      ] GC(253) Desired survivor size 20971520 bytes, new threshold 15 (max threshold 15)
[2025-08-20T13:36:29.362+0000][1692266][info ][gc,phases   ] GC(253)   Pre Evacuate Collection Set: 0.1ms
[2025-08-20T13:36:29.362+0000][1692266][info ][gc,phases   ] GC(253)   Merge Heap Roots: 0.0ms
[2025-08-20T13:36:29.362+0000][1692266][info ][gc,phases   ] GC(253)   Evacuate Collection Set: 1.4ms
[2025-08-20T13:36:29.362+0000][1692266][info ][gc,phases   ] GC(253)   Post Evacuate Collection Set: 0.7ms
[2025-08-20T13:36:29.362+0000][1692266][info ][gc,phases   ] GC(253)   Other: 0.1ms
[2025-08-20T13:36:29.362+0000][1692266][trace][gc,age      ] GC(253) Age table with threshold 15 (max threshold 15)
[2025-08-20T13:36:29.362+0000][1692266][trace][gc,age      ] GC(253) - age   1:      28480 bytes,      28480 total
[2025-08-20T13:36:29.362+0000][1692266][trace][gc,age      ] GC(253) - age   2:        232 bytes,      28712 total
[2025-08-20T13:36:29.362+0000][1692266][trace][gc,age      ] GC(253) - age   6:        232 bytes,      28944 total
[2025-08-20T13:36:29.362+0000][1692266][trace][gc,age      ] GC(253) - age   7:        232 bytes,      29176 total
[2025-08-20T13:36:29.362+0000][1692266][trace][gc,age      ] GC(253) - age  10:         64 bytes,      29240 total
[2025-08-20T13:36:29.362+0000][1692266][trace][gc,age      ] GC(253) - age  11:        536 bytes,      29776 total
[2025-08-20T13:36:29.362+0000][1692266][trace][gc,age      ] GC(253) - age  12:         56 bytes,      29832 total
[2025-08-20T13:36:29.362+0000][1692266][info ][gc,heap     ] GC(253) Eden regions: 75->0(75)
[2025-08-20T13:36:29.362+0000][1692266][info ][gc,heap     ] GC(253) Survivor regions: 1->1(10)
[2025-08-20T13:36:29.362+0000][1692266][info ][gc,heap     ] GC(253) Old regions: 23->23
[2025-08-20T13:36:29.362+0000][1692266][info ][gc,heap     ] GC(253) Humongous regions: 0->0
[2025-08-20T13:36:29.362+0000][1692266][info ][gc,metaspace] GC(253) Metaspace: 141998K(148544K)->141998K(148544K) NonClass: 123041K(127104K)->123041K(127104K) Class: 18957K(21440K)->18957K(21440K)
[2025-08-20T13:36:29.362+0000][1692266][info ][gc          ] GC(253) Pause Young (Concurrent Start) (G1 Evacuation Pause) 389M->89M(512M) 2.793ms
[2025-08-20T13:36:29.362+0000][1692266][info ][gc,cpu      ] GC(253) User=0.00s Sys=0.00s Real=0.00s
[2025-08-20T13:36:29.362+0000][1692266][info ][safepoint   ] Safepoint "G1CollectForAllocation", Time since last: 150191196484 ns, Reaching safepoint: 9645 ns, Cleanup: 3195 ns, At safepoint: 2835715 ns, Total: 2848555 ns
[2025-08-20T13:36:29.366+0000][1692266][info ][gc          ] GC(254) Concurrent Mark Cycle
[2025-08-20T13:36:29.366+0000][1692266][info ][gc,marking  ] GC(254) Concurrent Scan Root Regions
[2025-08-20T13:36:29.368+0000][1692266][info ][gc,marking  ] GC(254) Concurrent Scan Root Regions 1.254ms
[2025-08-20T13:36:29.368+0000][1692266][info ][gc,marking  ] GC(254) Concurrent Mark
[2025-08-20T13:36:29.368+0000][1692266][info ][gc,marking  ] GC(254) Concurrent Mark From Roots
[2025-08-20T13:36:29.368+0000][1692266][info ][gc,task     ] GC(254) Using 1 workers of 1 for marking
[2025-08-20T13:36:29.478+0000][1692266][info ][gc,marking  ] GC(254) Concurrent Mark From Roots 110.784ms
[2025-08-20T13:36:29.478+0000][1692266][info ][gc,marking  ] GC(254) Concurrent Preclean
[2025-08-20T13:36:29.479+0000][1692266][info ][gc,marking  ] GC(254) Concurrent Preclean 0.291ms
[2025-08-20T13:36:29.479+0000][1692266][info ][gc,start    ] GC(254) Pause Remark
[2025-08-20T13:36:29.483+0000][1692266][info ][gc          ] GC(254) Pause Remark 93M->93M(512M) 4.591ms
[2025-08-20T13:36:29.483+0000][1692266][info ][gc,cpu      ] GC(254) User=0.01s Sys=0.00s Real=0.00s
[2025-08-20T13:36:29.483+0000][1692266][info ][safepoint   ] Safepoint "G1PauseRemark", Time since last: 116281928 ns, Reaching safepoint: 5728 ns, Cleanup: 2875 ns, At safepoint: 4634644 ns, Total: 4643247 ns
[2025-08-20T13:36:29.483+0000][1692266][info ][gc,marking  ] GC(254) Concurrent Mark 115.793ms
[2025-08-20T13:36:29.483+0000][1692266][info ][gc,marking  ] GC(254) Concurrent Rebuild Remembered Sets and Scrub Regions
[2025-08-20T13:36:29.535+0000][1692266][info ][gc,marking  ] GC(254) Concurrent Rebuild Remembered Sets and Scrub Regions 52.007ms
[2025-08-20T13:36:29.535+0000][1692266][info ][gc,start    ] GC(254) Pause Cleanup
[2025-08-20T13:36:29.536+0000][1692266][info ][gc          ] GC(254) Pause Cleanup 93M->93M(512M) 0.039ms
[2025-08-20T13:36:29.536+0000][1692266][info ][gc,cpu      ] GC(254) User=0.00s Sys=0.00s Real=0.00s
[2025-08-20T13:36:29.536+0000][1692266][info ][safepoint   ] Safepoint "G1PauseCleanup", Time since last: 52055377 ns, Reaching safepoint: 4737 ns, Cleanup: 2604 ns, At safepoint: 66421 ns, Total: 73762 ns
[2025-08-20T13:36:29.536+0000][1692266][info ][gc,marking  ] GC(254) Concurrent Clear Claimed Marks
[2025-08-20T13:36:29.536+0000][1692266][info ][gc,marking  ] GC(254) Concurrent Clear Claimed Marks 0.153ms
[2025-08-20T13:36:29.536+0000][1692266][info ][gc,marking  ] GC(254) Concurrent Cleanup for Next Mark
[2025-08-20T13:36:29.536+0000][1692266][info ][gc,marking  ] GC(254) Concurrent Cleanup for Next Mark 0.552ms
[2025-08-20T13:36:29.536+0000][1692266][info ][gc          ] GC(254) Concurrent Mark Cycle 169.913ms
[2025-08-20T13:41:59.555+0000][1692266][info ][safepoint   ] Safepoint "Cleanup", Time since last: 330019681726 ns, Reaching safepoint: 41082 ns, Cleanup: 9905 ns, At safepoint: 4446 ns, Total: 55433 ns
[2025-08-20T13:43:53.834+0000][1692266][info ][gc,start    ] GC(255) Pause Young (Prepare Mixed) (G1 Evacuation Pause)
[2025-08-20T13:43:53.834+0000][1692266][info ][gc,task     ] GC(255) Using 1 workers of 1 for evacuation
[2025-08-20T13:43:53.834+0000][1692266][debug][gc,age      ] GC(255) Desired survivor size 20971520 bytes, new threshold 15 (max threshold 15)
[2025-08-20T13:43:53.837+0000][1692266][info ][gc,phases   ] GC(255)   Pre Evacuate Collection Set: 0.1ms
[2025-08-20T13:43:53.837+0000][1692266][info ][gc,phases   ] GC(255)   Merge Heap Roots: 0.0ms
[2025-08-20T13:43:53.837+0000][1692266][info ][gc,phases   ] GC(255)   Evacuate Collection Set: 1.6ms
[2025-08-20T13:43:53.837+0000][1692266][info ][gc,phases   ] GC(255)   Post Evacuate Collection Set: 0.8ms
[2025-08-20T13:43:53.837+0000][1692266][info ][gc,phases   ] GC(255)   Other: 0.0ms
[2025-08-20T13:43:53.837+0000][1692266][trace][gc,age      ] GC(255) Age table with threshold 15 (max threshold 15)
[2025-08-20T13:43:53.837+0000][1692266][trace][gc,age      ] GC(255) - age   1:      14792 bytes,      14792 total
[2025-08-20T13:43:53.837+0000][1692266][trace][gc,age      ] GC(255) - age   2:       2528 bytes,      17320 total
[2025-08-20T13:43:53.837+0000][1692266][trace][gc,age      ] GC(255) - age   3:        232 bytes,      17552 total
[2025-08-20T13:43:53.837+0000][1692266][trace][gc,age      ] GC(255) - age   7:        232 bytes,      17784 total
[2025-08-20T13:43:53.837+0000][1692266][trace][gc,age      ] GC(255) - age   8:        232 bytes,      18016 total
[2025-08-20T13:43:53.837+0000][1692266][trace][gc,age      ] GC(255) - age  11:         64 bytes,      18080 total
[2025-08-20T13:43:53.837+0000][1692266][trace][gc,age      ] GC(255) - age  12:        536 bytes,      18616 total
[2025-08-20T13:43:53.837+0000][1692266][trace][gc,age      ] GC(255) - age  13:         56 bytes,      18672 total
[2025-08-20T13:43:53.837+0000][1692266][info ][gc,heap     ] GC(255) Eden regions: 75->0(75)
[2025-08-20T13:43:53.837+0000][1692266][info ][gc,heap     ] GC(255) Survivor regions: 1->1(10)
[2025-08-20T13:43:53.837+0000][1692266][info ][gc,heap     ] GC(255) Old regions: 23->23
[2025-08-20T13:43:53.837+0000][1692266][info ][gc,heap     ] GC(255) Humongous regions: 0->0
[2025-08-20T13:43:53.837+0000][1692266][info ][gc,metaspace] GC(255) Metaspace: 141998K(148544K)->141998K(148544K) NonClass: 123041K(127104K)->123041K(127104K) Class: 18957K(21440K)->18957K(21440K)
[2025-08-20T13:43:53.837+0000][1692266][info ][gc          ] GC(255) Pause Young (Prepare Mixed) (G1 Evacuation Pause) 389M->89M(512M) 3.008ms
[2025-08-20T13:43:53.837+0000][1692266][info ][gc,cpu      ] GC(255) User=0.00s Sys=0.00s Real=0.01s
[2025-08-20T13:43:53.837+0000][1692266][info ][safepoint   ] Safepoint "G1CollectForAllocation", Time since last: 114278649110 ns, Reaching safepoint: 9104 ns, Cleanup: 3095 ns, At safepoint: 3046535 ns, Total: 3058734 ns
[2025-08-20T13:51:16.909+0000][1692266][info ][gc,start    ] GC(256) Pause Young (Mixed) (G1 Evacuation Pause)
[2025-08-20T13:51:16.909+0000][1692266][info ][gc,task     ] GC(256) Using 1 workers of 1 for evacuation
[2025-08-20T13:51:16.909+0000][1692266][debug][gc,age      ] GC(256) Desired survivor size 20971520 bytes, new threshold 15 (max threshold 15)
[2025-08-20T13:51:16.923+0000][1692266][info ][gc,phases   ] GC(256)   Pre Evacuate Collection Set: 0.1ms
[2025-08-20T13:51:16.923+0000][1692266][info ][gc,phases   ] GC(256)   Merge Heap Roots: 0.0ms
[2025-08-20T13:51:16.923+0000][1692266][info ][gc,phases   ] GC(256)   Evacuate Collection Set: 13.6ms
[2025-08-20T13:51:16.923+0000][1692266][info ][gc,phases   ] GC(256)   Post Evacuate Collection Set: 0.7ms
[2025-08-20T13:51:16.923+0000][1692266][info ][gc,phases   ] GC(256)   Other: 0.0ms
[2025-08-20T13:51:16.923+0000][1692266][trace][gc,age      ] GC(256) Age table with threshold 15 (max threshold 15)
[2025-08-20T13:51:16.923+0000][1692266][trace][gc,age      ] GC(256) - age   1:      15952 bytes,      15952 total
[2025-08-20T13:51:16.923+0000][1692266][trace][gc,age      ] GC(256) - age   2:        128 bytes,      16080 total
[2025-08-20T13:51:16.923+0000][1692266][trace][gc,age      ] GC(256) - age   3:       1864 bytes,      17944 total
[2025-08-20T13:51:16.923+0000][1692266][trace][gc,age      ] GC(256) - age   4:        232 bytes,      18176 total
[2025-08-20T13:51:16.923+0000][1692266][trace][gc,age      ] GC(256) - age   8:        232 bytes,      18408 total
[2025-08-20T13:51:16.923+0000][1692266][trace][gc,age      ] GC(256) - age   9:         56 bytes,      18464 total
[2025-08-20T13:51:16.923+0000][1692266][trace][gc,age      ] GC(256) - age  12:         64 bytes,      18528 total
[2025-08-20T13:51:16.923+0000][1692266][trace][gc,age      ] GC(256) - age  13:        536 bytes,      19064 total
[2025-08-20T13:51:16.923+0000][1692266][trace][gc,age      ] GC(256) - age  14:         56 bytes,      19120 total
[2025-08-20T13:51:16.923+0000][1692266][info ][gc,heap     ] GC(256) Eden regions: 75->0(75)
[2025-08-20T13:51:16.923+0000][1692266][info ][gc,heap     ] GC(256) Survivor regions: 1->1(10)
[2025-08-20T13:51:16.923+0000][1692266][info ][gc,heap     ] GC(256) Old regions: 23->23
[2025-08-20T13:51:16.924+0000][1692266][info ][gc,heap     ] GC(256) Humongous regions: 0->0
[2025-08-20T13:51:16.924+0000][1692266][info ][gc,metaspace] GC(256) Metaspace: 141998K(148544K)->141998K(148544K) NonClass: 123041K(127104K)->123041K(127104K) Class: 18957K(21440K)->18957K(21440K)
[2025-08-20T13:51:16.924+0000][1692266][info ][gc          ] GC(256) Pause Young (Mixed) (G1 Evacuation Pause) 389M->89M(512M) 14.892ms
[2025-08-20T13:51:16.924+0000][1692266][info ][gc,cpu      ] GC(256) User=0.01s Sys=0.00s Real=0.01s
[2025-08-20T13:51:16.924+0000][1692266][info ][safepoint   ] Safepoint "G1CollectForAllocation", Time since last: 443071612185 ns, Reaching safepoint: 8163 ns, Cleanup: 2944 ns, At safepoint: 14932909 ns, Total: 14944016 ns
[2025-08-20T13:58:40.981+0000][1692266][info ][gc,start    ] GC(257) Pause Young (Concurrent Start) (G1 Evacuation Pause)
[2025-08-20T13:58:40.981+0000][1692266][info ][gc,task     ] GC(257) Using 1 workers of 1 for evacuation
[2025-08-20T13:58:40.981+0000][1692266][debug][gc,age      ] GC(257) Desired survivor size 20971520 bytes, new threshold 15 (max threshold 15)
[2025-08-20T13:58:40.983+0000][1692266][info ][gc,phases   ] GC(257)   Pre Evacuate Collection Set: 0.1ms
[2025-08-20T13:58:40.983+0000][1692266][info ][gc,phases   ] GC(257)   Merge Heap Roots: 0.0ms
[2025-08-20T13:58:40.983+0000][1692266][info ][gc,phases   ] GC(257)   Evacuate Collection Set: 1.3ms
[2025-08-20T13:58:40.983+0000][1692266][info ][gc,phases   ] GC(257)   Post Evacuate Collection Set: 0.7ms
[2025-08-20T13:58:40.983+0000][1692266][info ][gc,phases   ] GC(257)   Other: 0.0ms
[2025-08-20T13:58:40.983+0000][1692266][trace][gc,age      ] GC(257) Age table with threshold 15 (max threshold 15)
[2025-08-20T13:58:40.983+0000][1692266][trace][gc,age      ] GC(257) - age   1:      15976 bytes,      15976 total
[2025-08-20T13:58:40.983+0000][1692266][trace][gc,age      ] GC(257) - age   2:       1152 bytes,      17128 total
[2025-08-20T13:58:40.983+0000][1692266][trace][gc,age      ] GC(257) - age   4:       1864 bytes,      18992 total
[2025-08-20T13:58:40.983+0000][1692266][trace][gc,age      ] GC(257) - age   5:        232 bytes,      19224 total
[2025-08-20T13:58:40.983+0000][1692266][trace][gc,age      ] GC(257) - age   9:        232 bytes,      19456 total
[2025-08-20T13:58:40.983+0000][1692266][trace][gc,age      ] GC(257) - age  10:         56 bytes,      19512 total
[2025-08-20T13:58:40.983+0000][1692266][trace][gc,age      ] GC(257) - age  13:         64 bytes,      19576 total
[2025-08-20T13:58:40.983+0000][1692266][trace][gc,age      ] GC(257) - age  14:        536 bytes,      20112 total
[2025-08-20T13:58:40.983+0000][1692266][trace][gc,age      ] GC(257) - age  15:         56 bytes,      20168 total
[2025-08-20T13:58:40.983+0000][1692266][info ][gc,heap     ] GC(257) Eden regions: 75->0(75)
[2025-08-20T13:58:40.983+0000][1692266][info ][gc,heap     ] GC(257) Survivor regions: 1->1(10)
[2025-08-20T13:58:40.983+0000][1692266][info ][gc,heap     ] GC(257) Old regions: 23->23
[2025-08-20T13:58:40.983+0000][1692266][info ][gc,heap     ] GC(257) Humongous regions: 0->0
[2025-08-20T13:58:40.983+0000][1692266][info ][gc,metaspace] GC(257) Metaspace: 141998K(148544K)->141998K(148544K) NonClass: 123041K(127104K)->123041K(127104K) Class: 18957K(21440K)->18957K(21440K)
[2025-08-20T13:58:40.983+0000][1692266][info ][gc          ] GC(257) Pause Young (Concurrent Start) (G1 Evacuation Pause) 389M->89M(512M) 2.596ms
[2025-08-20T13:58:40.983+0000][1692266][info ][gc,cpu      ] GC(257) User=0.01s Sys=0.00s Real=0.00s
[2025-08-20T13:58:40.983+0000][1692266][info ][safepoint   ] Safepoint "G1CollectForAllocation", Time since last: 444057028021 ns, Reaching safepoint: 10405 ns, Cleanup: 2965 ns, At safepoint: 2637654 ns, Total: 2651024 ns
[2025-08-20T13:58:40.989+0000][1692266][info ][gc          ] GC(258) Concurrent Mark Cycle
[2025-08-20T13:58:40.989+0000][1692266][info ][gc,marking  ] GC(258) Concurrent Scan Root Regions
[2025-08-20T13:58:40.990+0000][1692266][info ][gc,marking  ] GC(258) Concurrent Scan Root Regions 0.533ms
[2025-08-20T13:58:40.990+0000][1692266][info ][gc,marking  ] GC(258) Concurrent Mark
[2025-08-20T13:58:40.990+0000][1692266][info ][gc,marking  ] GC(258) Concurrent Mark From Roots
[2025-08-20T13:58:40.990+0000][1692266][info ][gc,task     ] GC(258) Using 1 workers of 1 for marking
[2025-08-20T13:58:41.093+0000][1692266][info ][gc,marking  ] GC(258) Concurrent Mark From Roots 103.002ms
[2025-08-20T13:58:41.093+0000][1692266][info ][gc,marking  ] GC(258) Concurrent Preclean
[2025-08-20T13:58:41.093+0000][1692266][info ][gc,marking  ] GC(258) Concurrent Preclean 0.265ms
[2025-08-20T13:58:41.093+0000][1692266][info ][gc,start    ] GC(258) Pause Remark
[2025-08-20T13:58:41.097+0000][1692266][info ][gc          ] GC(258) Pause Remark 92M->92M(512M) 4.145ms
[2025-08-20T13:58:41.097+0000][1692266][info ][gc,cpu      ] GC(258) User=0.00s Sys=0.00s Real=0.01s
[2025-08-20T13:58:41.097+0000][1692266][info ][safepoint   ] Safepoint "G1PauseRemark", Time since last: 110013357 ns, Reaching safepoint: 5739 ns, Cleanup: 2904 ns, At safepoint: 4186895 ns, Total: 4195538 ns
[2025-08-20T13:58:41.097+0000][1692266][info ][gc,marking  ] GC(258) Concurrent Mark 107.535ms
[2025-08-20T13:58:41.097+0000][1692266][info ][gc,marking  ] GC(258) Concurrent Rebuild Remembered Sets and Scrub Regions
[2025-08-20T13:58:41.146+0000][1692266][info ][gc,marking  ] GC(258) Concurrent Rebuild Remembered Sets and Scrub Regions 48.368ms
[2025-08-20T13:58:41.146+0000][1692266][info ][gc,start    ] GC(258) Pause Cleanup
[2025-08-20T13:58:41.146+0000][1692266][info ][gc          ] GC(258) Pause Cleanup 92M->92M(512M) 0.042ms
[2025-08-20T13:58:41.146+0000][1692266][info ][gc,cpu      ] GC(258) User=0.00s Sys=0.00s Real=0.00s
[2025-08-20T13:58:41.146+0000][1692266][info ][safepoint   ] Safepoint "G1PauseCleanup", Time since last: 48424085 ns, Reaching safepoint: 4446 ns, Cleanup: 1563 ns, At safepoint: 84647 ns, Total: 90656 ns
[2025-08-20T13:58:41.146+0000][1692266][info ][gc,marking  ] GC(258) Concurrent Clear Claimed Marks
[2025-08-20T13:58:41.146+0000][1692266][info ][gc,marking  ] GC(258) Concurrent Clear Claimed Marks 0.142ms
[2025-08-20T13:58:41.146+0000][1692266][info ][gc,marking  ] GC(258) Concurrent Cleanup for Next Mark
[2025-08-20T13:58:41.159+0000][1692266][info ][gc,marking  ] GC(258) Concurrent Cleanup for Next Mark 12.501ms
[2025-08-20T13:58:41.159+0000][1692266][info ][gc          ] GC(258) Concurrent Mark Cycle 169.256ms
[2025-08-20T14:06:05.901+0000][1692266][info ][gc,start    ] GC(259) Pause Young (Prepare Mixed) (G1 Evacuation Pause)
[2025-08-20T14:06:05.901+0000][1692266][info ][gc,task     ] GC(259) Using 1 workers of 1 for evacuation
[2025-08-20T14:06:05.901+0000][1692266][debug][gc,age      ] GC(259) Desired survivor size 20971520 bytes, new threshold 15 (max threshold 15)
[2025-08-20T14:06:05.906+0000][1692266][info ][gc,phases   ] GC(259)   Pre Evacuate Collection Set: 0.1ms
[2025-08-20T14:06:05.906+0000][1692266][info ][gc,phases   ] GC(259)   Merge Heap Roots: 0.0ms
[2025-08-20T14:06:05.906+0000][1692266][info ][gc,phases   ] GC(259)   Evacuate Collection Set: 1.6ms
[2025-08-20T14:06:05.906+0000][1692266][info ][gc,phases   ] GC(259)   Post Evacuate Collection Set: 2.9ms
[2025-08-20T14:06:05.906+0000][1692266][info ][gc,phases   ] GC(259)   Other: 0.0ms
[2025-08-20T14:06:05.906+0000][1692266][trace][gc,age      ] GC(259) Age table with threshold 15 (max threshold 15)
[2025-08-20T14:06:05.906+0000][1692266][trace][gc,age      ] GC(259) - age   1:      17584 bytes,      17584 total
[2025-08-20T14:06:05.906+0000][1692266][trace][gc,age      ] GC(259) - age   2:       1408 bytes,      18992 total
[2025-08-20T14:06:05.906+0000][1692266][trace][gc,age      ] GC(259) - age   3:        176 bytes,      19168 total
[2025-08-20T14:06:05.906+0000][1692266][trace][gc,age      ] GC(259) - age   5:       1864 bytes,      21032 total
[2025-08-20T14:06:05.906+0000][1692266][trace][gc,age      ] GC(259) - age   6:        232 bytes,      21264 total
[2025-08-20T14:06:05.906+0000][1692266][trace][gc,age      ] GC(259) - age  10:        232 bytes,      21496 total
[2025-08-20T14:06:05.906+0000][1692266][trace][gc,age      ] GC(259) - age  11:         56 bytes,      21552 total
[2025-08-20T14:06:05.906+0000][1692266][trace][gc,age      ] GC(259) - age  14:         64 bytes,      21616 total
[2025-08-20T14:06:05.906+0000][1692266][trace][gc,age      ] GC(259) - age  15:        536 bytes,      22152 total
[2025-08-20T14:06:05.906+0000][1692266][info ][gc,heap     ] GC(259) Eden regions: 75->0(75)
[2025-08-20T14:06:05.906+0000][1692266][info ][gc,heap     ] GC(259) Survivor regions: 1->1(10)
[2025-08-20T14:06:05.906+0000][1692266][info ][gc,heap     ] GC(259) Old regions: 23->23
[2025-08-20T14:06:05.906+0000][1692266][info ][gc,heap     ] GC(259) Humongous regions: 0->0
[2025-08-20T14:06:05.906+0000][1692266][info ][gc,metaspace] GC(259) Metaspace: 141998K(148544K)->141998K(148544K) NonClass: 123041K(127104K)->123041K(127104K) Class: 18957K(21440K)->18957K(21440K)
[2025-08-20T14:06:05.906+0000][1692266][info ][gc          ] GC(259) Pause Young (Prepare Mixed) (G1 Evacuation Pause) 389M->89M(512M) 4.863ms
[2025-08-20T14:06:05.906+0000][1692266][info ][gc,cpu      ] GC(259) User=0.01s Sys=0.00s Real=0.01s
[2025-08-20T14:06:05.906+0000][1692266][info ][safepoint   ] Safepoint "G1CollectForAllocation", Time since last: 444755070189 ns, Reaching safepoint: 9785 ns, Cleanup: 2453 ns, At safepoint: 4901244 ns, Total: 4913482 ns
[2025-08-20T14:13:30.126+0000][1692266][info ][gc,start    ] GC(260) Pause Young (Mixed) (G1 Evacuation Pause)
[2025-08-20T14:13:30.126+0000][1692266][info ][gc,task     ] GC(260) Using 1 workers of 1 for evacuation
[2025-08-20T14:13:30.126+0000][1692266][debug][gc,age      ] GC(260) Desired survivor size 20971520 bytes, new threshold 15 (max threshold 15)
[2025-08-20T14:13:30.148+0000][1692266][info ][gc,phases   ] GC(260)   Pre Evacuate Collection Set: 0.1ms
[2025-08-20T14:13:30.148+0000][1692266][info ][gc,phases   ] GC(260)   Merge Heap Roots: 0.1ms
[2025-08-20T14:13:30.148+0000][1692266][info ][gc,phases   ] GC(260)   Evacuate Collection Set: 20.6ms
[2025-08-20T14:13:30.148+0000][1692266][info ][gc,phases   ] GC(260)   Post Evacuate Collection Set: 0.8ms
[2025-08-20T14:13:30.148+0000][1692266][info ][gc,phases   ] GC(260)   Other: 0.0ms
[2025-08-20T14:13:30.148+0000][1692266][trace][gc,age      ] GC(260) Age table with threshold 15 (max threshold 15)
[2025-08-20T14:13:30.148+0000][1692266][trace][gc,age      ] GC(260) - age   1:      18920 bytes,      18920 total
[2025-08-20T14:13:30.148+0000][1692266][trace][gc,age      ] GC(260) - age   2:        664 bytes,      19584 total
[2025-08-20T14:13:30.148+0000][1692266][trace][gc,age      ] GC(260) - age   3:       1408 bytes,      20992 total
[2025-08-20T14:13:30.148+0000][1692266][trace][gc,age      ] GC(260) - age   4:        176 bytes,      21168 total
[2025-08-20T14:13:30.148+0000][1692266][trace][gc,age      ] GC(260) - age   6:       1864 bytes,      23032 total
[2025-08-20T14:13:30.148+0000][1692266][trace][gc,age      ] GC(260) - age   7:        232 bytes,      23264 total
[2025-08-20T14:13:30.148+0000][1692266][trace][gc,age      ] GC(260) - age  11:        232 bytes,      23496 total
[2025-08-20T14:13:30.148+0000][1692266][trace][gc,age      ] GC(260) - age  12:         56 bytes,      23552 total
[2025-08-20T14:13:30.148+0000][1692266][trace][gc,age      ] GC(260) - age  15:         64 bytes,      23616 total
[2025-08-20T14:13:30.148+0000][1692266][info ][gc,heap     ] GC(260) Eden regions: 75->0(75)
[2025-08-20T14:13:30.148+0000][1692266][info ][gc,heap     ] GC(260) Survivor regions: 1->1(10)
[2025-08-20T14:13:30.148+0000][1692266][info ][gc,heap     ] GC(260) Old regions: 23->23
[2025-08-20T14:13:30.148+0000][1692266][info ][gc,heap     ] GC(260) Humongous regions: 0->0
[2025-08-20T14:13:30.148+0000][1692266][info ][gc,metaspace] GC(260) Metaspace: 141998K(148544K)->141998K(148544K) NonClass: 123041K(127104K)->123041K(127104K) Class: 18957K(21440K)->18957K(21440K)
[2025-08-20T14:13:30.148+0000][1692266][info ][gc          ] GC(260) Pause Young (Mixed) (G1 Evacuation Pause) 389M->88M(512M) 21.812ms
[2025-08-20T14:13:30.148+0000][1692266][info ][gc,cpu      ] GC(260) User=0.02s Sys=0.01s Real=0.02s
[2025-08-20T14:13:30.148+0000][1692266][info ][safepoint   ] Safepoint "G1CollectForAllocation", Time since last: 444219676605 ns, Reaching safepoint: 239402 ns, Cleanup: 2864 ns, At safepoint: 21861294 ns, Total: 22103560 ns
[2025-08-20T14:20:52.833+0000][1692266][info ][gc,start    ] GC(261) Pause Young (Concurrent Start) (G1 Evacuation Pause)
[2025-08-20T14:20:52.834+0000][1692266][info ][gc,task     ] GC(261) Using 1 workers of 1 for evacuation
[2025-08-20T14:20:52.834+0000][1692266][debug][gc,age      ] GC(261) Desired survivor size 20971520 bytes, new threshold 15 (max threshold 15)
[2025-08-20T14:20:52.836+0000][1692266][info ][gc,phases   ] GC(261)   Pre Evacuate Collection Set: 0.1ms
[2025-08-20T14:20:52.836+0000][1692266][info ][gc,phases   ] GC(261)   Merge Heap Roots: 0.0ms
[2025-08-20T14:20:52.836+0000][1692266][info ][gc,phases   ] GC(261)   Evacuate Collection Set: 1.5ms
[2025-08-20T14:20:52.836+0000][1692266][info ][gc,phases   ] GC(261)   Post Evacuate Collection Set: 0.7ms
[2025-08-20T14:20:52.836+0000][1692266][info ][gc,phases   ] GC(261)   Other: 0.1ms
[2025-08-20T14:20:52.836+0000][1692266][trace][gc,age      ] GC(261) Age table with threshold 15 (max threshold 15)
[2025-08-20T14:20:52.836+0000][1692266][trace][gc,age      ] GC(261) - age   1:      17200 bytes,      17200 total
[2025-08-20T14:20:52.836+0000][1692266][trace][gc,age      ] GC(261) - age   2:        336 bytes,      17536 total
[2025-08-20T14:20:52.836+0000][1692266][trace][gc,age      ] GC(261) - age   4:       1408 bytes,      18944 total
[2025-08-20T14:20:52.836+0000][1692266][trace][gc,age      ] GC(261) - age   5:        176 bytes,      19120 total
[2025-08-20T14:20:52.836+0000][1692266][trace][gc,age      ] GC(261) - age   7:       1864 bytes,      20984 total
[2025-08-20T14:20:52.836+0000][1692266][trace][gc,age      ] GC(261) - age   8:        232 bytes,      21216 total
[2025-08-20T14:20:52.836+0000][1692266][trace][gc,age      ] GC(261) - age  12:        232 bytes,      21448 total
[2025-08-20T14:20:52.836+0000][1692266][trace][gc,age      ] GC(261) - age  13:         56 bytes,      21504 total
[2025-08-20T14:20:52.836+0000][1692266][info ][gc,heap     ] GC(261) Eden regions: 75->0(75)
[2025-08-20T14:20:52.836+0000][1692266][info ][gc,heap     ] GC(261) Survivor regions: 1->1(10)
[2025-08-20T14:20:52.836+0000][1692266][info ][gc,heap     ] GC(261) Old regions: 23->23
[2025-08-20T14:20:52.836+0000][1692266][info ][gc,heap     ] GC(261) Humongous regions: 0->0
[2025-08-20T14:20:52.836+0000][1692266][info ][gc,metaspace] GC(261) Metaspace: 141998K(148544K)->141998K(148544K) NonClass: 123041K(127104K)->123041K(127104K) Class: 18957K(21440K)->18957K(21440K)
[2025-08-20T14:20:52.836+0000][1692266][info ][gc          ] GC(261) Pause Young (Concurrent Start) (G1 Evacuation Pause) 388M->88M(512M) 2.837ms
[2025-08-20T14:20:52.836+0000][1692266][info ][gc,cpu      ] GC(261) User=0.00s Sys=0.00s Real=0.01s
[2025-08-20T14:20:52.836+0000][1692266][info ][safepoint   ] Safepoint "G1CollectForAllocation", Time since last: 442685631821 ns, Reaching safepoint: 9484 ns, Cleanup: 7351 ns, At safepoint: 2878869 ns, Total: 2895704 ns
[2025-08-20T14:20:52.840+0000][1692266][info ][gc          ] GC(262) Concurrent Mark Cycle
[2025-08-20T14:20:52.840+0000][1692266][info ][gc,marking  ] GC(262) Concurrent Scan Root Regions
[2025-08-20T14:20:52.841+0000][1692266][info ][gc,marking  ] GC(262) Concurrent Scan Root Regions 0.862ms
[2025-08-20T14:20:52.841+0000][1692266][info ][gc,marking  ] GC(262) Concurrent Mark
[2025-08-20T14:20:52.841+0000][1692266][info ][gc,marking  ] GC(262) Concurrent Mark From Roots
[2025-08-20T14:20:52.841+0000][1692266][info ][gc,task     ] GC(262) Using 1 workers of 1 for marking
[2025-08-20T14:20:52.953+0000][1692266][info ][gc,marking  ] GC(262) Concurrent Mark From Roots 111.602ms
[2025-08-20T14:20:52.953+0000][1692266][info ][gc,marking  ] GC(262) Concurrent Preclean
[2025-08-20T14:20:52.953+0000][1692266][info ][gc,marking  ] GC(262) Concurrent Preclean 0.273ms
[2025-08-20T14:20:52.953+0000][1692266][info ][gc,start    ] GC(262) Pause Remark
[2025-08-20T14:20:52.957+0000][1692266][info ][gc          ] GC(262) Pause Remark 91M->91M(512M) 4.117ms
[2025-08-20T14:20:52.957+0000][1692266][info ][gc,cpu      ] GC(262) User=0.00s Sys=0.00s Real=0.01s
[2025-08-20T14:20:52.957+0000][1692266][info ][safepoint   ] Safepoint "G1PauseRemark", Time since last: 116932596 ns, Reaching safepoint: 6089 ns, Cleanup: 2714 ns, At safepoint: 4162849 ns, Total: 4171652 ns
[2025-08-20T14:20:52.957+0000][1692266][info ][gc,marking  ] GC(262) Concurrent Mark 116.117ms
[2025-08-20T14:20:52.957+0000][1692266][info ][gc,marking  ] GC(262) Concurrent Rebuild Remembered Sets and Scrub Regions
[2025-08-20T14:20:53.002+0000][1692266][info ][gc,marking  ] GC(262) Concurrent Rebuild Remembered Sets and Scrub Regions 44.884ms
[2025-08-20T14:20:53.002+0000][1692266][info ][gc,start    ] GC(262) Pause Cleanup
[2025-08-20T14:20:53.002+0000][1692266][info ][gc          ] GC(262) Pause Cleanup 91M->91M(512M) 0.038ms
[2025-08-20T14:20:53.002+0000][1692266][info ][gc,cpu      ] GC(262) User=0.00s Sys=0.00s Real=0.00s
[2025-08-20T14:20:53.002+0000][1692266][info ][safepoint   ] Safepoint "G1PauseCleanup", Time since last: 44933295 ns, Reaching safepoint: 4457 ns, Cleanup: 1091 ns, At safepoint: 64247 ns, Total: 69795 ns
[2025-08-20T14:20:53.002+0000][1692266][info ][gc,marking  ] GC(262) Concurrent Clear Claimed Marks
[2025-08-20T14:20:53.003+0000][1692266][info ][gc,marking  ] GC(262) Concurrent Clear Claimed Marks 0.153ms
[2025-08-20T14:20:53.003+0000][1692266][info ][gc,marking  ] GC(262) Concurrent Cleanup for Next Mark
[2025-08-20T14:20:53.016+0000][1692266][info ][gc,marking  ] GC(262) Concurrent Cleanup for Next Mark 13.046ms
[2025-08-20T14:20:53.016+0000][1692266][info ][gc          ] GC(262) Concurrent Mark Cycle 175.252ms
[2025-08-20T14:28:16.981+0000][1692266][info ][gc,start    ] GC(263) Pause Young (Prepare Mixed) (G1 Evacuation Pause)
[2025-08-20T14:28:16.981+0000][1692266][info ][gc,task     ] GC(263) Using 1 workers of 1 for evacuation
[2025-08-20T14:28:16.981+0000][1692266][debug][gc,age      ] GC(263) Desired survivor size 20971520 bytes, new threshold 15 (max threshold 15)
[2025-08-20T14:28:16.985+0000][1692266][info ][gc,phases   ] GC(263)   Pre Evacuate Collection Set: 0.1ms
[2025-08-20T14:28:16.985+0000][1692266][info ][gc,phases   ] GC(263)   Merge Heap Roots: 0.0ms
[2025-08-20T14:28:16.985+0000][1692266][info ][gc,phases   ] GC(263)   Evacuate Collection Set: 1.6ms
[2025-08-20T14:28:16.985+0000][1692266][info ][gc,phases   ] GC(263)   Post Evacuate Collection Set: 1.9ms
[2025-08-20T14:28:16.985+0000][1692266][info ][gc,phases   ] GC(263)   Other: 0.0ms
[2025-08-20T14:28:16.985+0000][1692266][trace][gc,age      ] GC(263) Age table with threshold 15 (max threshold 15)
[2025-08-20T14:28:16.985+0000][1692266][trace][gc,age      ] GC(263) - age   1:      16416 bytes,      16416 total
[2025-08-20T14:28:16.985+0000][1692266][trace][gc,age      ] GC(263) - age   2:        768 bytes,      17184 total
[2025-08-20T14:28:16.985+0000][1692266][trace][gc,age      ] GC(263) - age   5:       1408 bytes,      18592 total
[2025-08-20T14:28:16.985+0000][1692266][trace][gc,age      ] GC(263) - age   6:        176 bytes,      18768 total
[2025-08-20T14:28:16.985+0000][1692266][trace][gc,age      ] GC(263) - age   8:       1864 bytes,      20632 total
[2025-08-20T14:28:16.985+0000][1692266][trace][gc,age      ] GC(263) - age   9:        232 bytes,      20864 total
[2025-08-20T14:28:16.985+0000][1692266][trace][gc,age      ] GC(263) - age  13:        232 bytes,      21096 total
[2025-08-20T14:28:16.985+0000][1692266][trace][gc,age      ] GC(263) - age  14:         56 bytes,      21152 total
[2025-08-20T14:28:16.985+0000][1692266][info ][gc,heap     ] GC(263) Eden regions: 75->0(75)
[2025-08-20T14:28:16.985+0000][1692266][info ][gc,heap     ] GC(263) Survivor regions: 1->1(10)
[2025-08-20T14:28:16.985+0000][1692266][info ][gc,heap     ] GC(263) Old regions: 23->23
[2025-08-20T14:28:16.985+0000][1692266][info ][gc,heap     ] GC(263) Humongous regions: 0->0
[2025-08-20T14:28:16.985+0000][1692266][info ][gc,metaspace] GC(263) Metaspace: 141998K(148544K)->141998K(148544K) NonClass: 123041K(127104K)->123041K(127104K) Class: 18957K(21440K)->18957K(21440K)
[2025-08-20T14:28:16.985+0000][1692266][info ][gc          ] GC(263) Pause Young (Prepare Mixed) (G1 Evacuation Pause) 388M->88M(512M) 3.919ms
[2025-08-20T14:28:16.985+0000][1692266][info ][gc,cpu      ] GC(263) User=0.00s Sys=0.00s Real=0.00s
[2025-08-20T14:28:16.985+0000][1692266][info ][safepoint   ] Safepoint "G1CollectForAllocation", Time since last: 443978367605 ns, Reaching safepoint: 329447 ns, Cleanup: 2665 ns, At safepoint: 3957668 ns, Total: 4289780 ns
[2025-08-20T14:35:42.342+0000][1692266][info ][gc,start    ] GC(264) Pause Young (Mixed) (G1 Evacuation Pause)
[2025-08-20T14:35:42.343+0000][1692266][info ][gc,task     ] GC(264) Using 1 workers of 1 for evacuation
[2025-08-20T14:35:42.343+0000][1692266][debug][gc,age      ] GC(264) Desired survivor size 20971520 bytes, new threshold 15 (max threshold 15)
[2025-08-20T14:35:42.361+0000][1692266][info ][gc,phases   ] GC(264)   Pre Evacuate Collection Set: 0.1ms
[2025-08-20T14:35:42.361+0000][1692266][info ][gc,phases   ] GC(264)   Merge Heap Roots: 0.1ms
[2025-08-20T14:35:42.361+0000][1692266][info ][gc,phases   ] GC(264)   Evacuate Collection Set: 17.9ms
[2025-08-20T14:35:42.361+0000][1692266][info ][gc,phases   ] GC(264)   Post Evacuate Collection Set: 0.8ms
[2025-08-20T14:35:42.361+0000][1692266][info ][gc,phases   ] GC(264)   Other: 0.0ms
[2025-08-20T14:35:42.361+0000][1692266][trace][gc,age      ] GC(264) Age table with threshold 15 (max threshold 15)
[2025-08-20T14:35:42.361+0000][1692266][trace][gc,age      ] GC(264) - age   1:      16424 bytes,      16424 total
[2025-08-20T14:35:42.361+0000][1692266][trace][gc,age      ] GC(264) - age   2:        112 bytes,      16536 total
[2025-08-20T14:35:42.361+0000][1692266][trace][gc,age      ] GC(264) - age   3:        552 bytes,      17088 total
[2025-08-20T14:35:42.361+0000][1692266][trace][gc,age      ] GC(264) - age   6:       1408 bytes,      18496 total
[2025-08-20T14:35:42.361+0000][1692266][trace][gc,age      ] GC(264) - age   7:        176 bytes,      18672 total
[2025-08-20T14:35:42.361+0000][1692266][trace][gc,age      ] GC(264) - age   9:       1864 bytes,      20536 total
[2025-08-20T14:35:42.361+0000][1692266][trace][gc,age      ] GC(264) - age  10:        232 bytes,      20768 total
[2025-08-20T14:35:42.361+0000][1692266][trace][gc,age      ] GC(264) - age  14:        232 bytes,      21000 total
[2025-08-20T14:35:42.361+0000][1692266][trace][gc,age      ] GC(264) - age  15:         56 bytes,      21056 total
[2025-08-20T14:35:42.361+0000][1692266][info ][gc,heap     ] GC(264) Eden regions: 75->0(75)
[2025-08-20T14:35:42.361+0000][1692266][info ][gc,heap     ] GC(264) Survivor regions: 1->1(10)
[2025-08-20T14:35:42.361+0000][1692266][info ][gc,heap     ] GC(264) Old regions: 23->23
[2025-08-20T14:35:42.361+0000][1692266][info ][gc,heap     ] GC(264) Humongous regions: 0->0
[2025-08-20T14:35:42.361+0000][1692266][info ][gc,metaspace] GC(264) Metaspace: 141998K(148544K)->141998K(148544K) NonClass: 123041K(127104K)->123041K(127104K) Class: 18957K(21440K)->18957K(21440K)
[2025-08-20T14:35:42.361+0000][1692266][info ][gc          ] GC(264) Pause Young (Mixed) (G1 Evacuation Pause) 388M->88M(512M) 19.124ms
[2025-08-20T14:35:42.361+0000][1692266][info ][gc,cpu      ] GC(264) User=0.01s Sys=0.00s Real=0.02s
[2025-08-20T14:35:42.361+0000][1692266][info ][safepoint   ] Safepoint "G1CollectForAllocation", Time since last: 445357280257 ns, Reaching safepoint: 9014 ns, Cleanup: 2664 ns, At safepoint: 19168195 ns, Total: 19179873 ns
[2025-08-20T14:43:05.089+0000][1692266][info ][gc,start    ] GC(265) Pause Young (Concurrent Start) (G1 Evacuation Pause)
[2025-08-20T14:43:05.089+0000][1692266][info ][gc,task     ] GC(265) Using 1 workers of 1 for evacuation
[2025-08-20T14:43:05.089+0000][1692266][debug][gc,age      ] GC(265) Desired survivor size 20971520 bytes, new threshold 15 (max threshold 15)
[2025-08-20T14:43:05.092+0000][1692266][info ][gc,phases   ] GC(265)   Pre Evacuate Collection Set: 0.1ms
[2025-08-20T14:43:05.092+0000][1692266][info ][gc,phases   ] GC(265)   Merge Heap Roots: 0.0ms
[2025-08-20T14:43:05.092+0000][1692266][info ][gc,phases   ] GC(265)   Evacuate Collection Set: 1.2ms
[2025-08-20T14:43:05.092+0000][1692266][info ][gc,phases   ] GC(265)   Post Evacuate Collection Set: 0.8ms
[2025-08-20T14:43:05.092+0000][1692266][info ][gc,phases   ] GC(265)   Other: 0.3ms
[2025-08-20T14:43:05.092+0000][1692266][trace][gc,age      ] GC(265) Age table with threshold 15 (max threshold 15)
[2025-08-20T14:43:05.092+0000][1692266][trace][gc,age      ] GC(265) - age   1:      15368 bytes,      15368 total
[2025-08-20T14:43:05.092+0000][1692266][trace][gc,age      ] GC(265) - age   2:         32 bytes,      15400 total
[2025-08-20T14:43:05.092+0000][1692266][trace][gc,age      ] GC(265) - age   7:       1408 bytes,      16808 total
[2025-08-20T14:43:05.092+0000][1692266][trace][gc,age      ] GC(265) - age   8:        176 bytes,      16984 total
[2025-08-20T14:43:05.092+0000][1692266][trace][gc,age      ] GC(265) - age  10:       1864 bytes,      18848 total
[2025-08-20T14:43:05.092+0000][1692266][trace][gc,age      ] GC(265) - age  11:        232 bytes,      19080 total
[2025-08-20T14:43:05.092+0000][1692266][trace][gc,age      ] GC(265) - age  15:        232 bytes,      19312 total
[2025-08-20T14:43:05.092+0000][1692266][info ][gc,heap     ] GC(265) Eden regions: 75->0(75)
[2025-08-20T14:43:05.092+0000][1692266][info ][gc,heap     ] GC(265) Survivor regions: 1->1(10)
[2025-08-20T14:43:05.092+0000][1692266][info ][gc,heap     ] GC(265) Old regions: 23->23
[2025-08-20T14:43:05.092+0000][1692266][info ][gc,heap     ] GC(265) Humongous regions: 0->0
[2025-08-20T14:43:05.092+0000][1692266][info ][gc,metaspace] GC(265) Metaspace: 141998K(148544K)->141998K(148544K) NonClass: 123041K(127104K)->123041K(127104K) Class: 18957K(21440K)->18957K(21440K)
[2025-08-20T14:43:05.092+0000][1692266][info ][gc          ] GC(265) Pause Young (Concurrent Start) (G1 Evacuation Pause) 388M->88M(512M) 2.943ms
[2025-08-20T14:43:05.092+0000][1692266][info ][gc,cpu      ] GC(265) User=0.00s Sys=0.00s Real=0.00s
[2025-08-20T14:43:05.092+0000][1692266][info ][safepoint   ] Safepoint "G1CollectForAllocation", Time since last: 442727471737 ns, Reaching safepoint: 8723 ns, Cleanup: 2984 ns, At safepoint: 2985120 ns, Total: 2996827 ns
[2025-08-20T14:43:05.098+0000][1692266][info ][gc          ] GC(266) Concurrent Mark Cycle
[2025-08-20T14:43:05.098+0000][1692266][info ][gc,marking  ] GC(266) Concurrent Scan Root Regions
[2025-08-20T14:43:05.099+0000][1692266][info ][gc,marking  ] GC(266) Concurrent Scan Root Regions 1.055ms
[2025-08-20T14:43:05.099+0000][1692266][info ][gc,marking  ] GC(266) Concurrent Mark
[2025-08-20T14:43:05.099+0000][1692266][info ][gc,marking  ] GC(266) Concurrent Mark From Roots
[2025-08-20T14:43:05.099+0000][1692266][info ][gc,task     ] GC(266) Using 1 workers of 1 for marking
[2025-08-20T14:43:05.204+0000][1692266][info ][gc,marking  ] GC(266) Concurrent Mark From Roots 104.862ms
[2025-08-20T14:43:05.204+0000][1692266][info ][gc,marking  ] GC(266) Concurrent Preclean
[2025-08-20T14:43:05.205+0000][1692266][info ][gc,marking  ] GC(266) Concurrent Preclean 0.374ms
[2025-08-20T14:43:05.205+0000][1692266][info ][gc,start    ] GC(266) Pause Remark
[2025-08-20T14:43:05.209+0000][1692266][info ][gc          ] GC(266) Pause Remark 90M->90M(512M) 4.087ms
[2025-08-20T14:43:05.209+0000][1692266][info ][gc,cpu      ] GC(266) User=0.01s Sys=0.00s Real=0.01s
[2025-08-20T14:43:05.209+0000][1692266][info ][safepoint   ] Safepoint "G1PauseRemark", Time since last: 112804869 ns, Reaching safepoint: 6050 ns, Cleanup: 2754 ns, At safepoint: 4127024 ns, Total: 4135828 ns
[2025-08-20T14:43:05.209+0000][1692266][info ][gc,marking  ] GC(266) Concurrent Mark 109.443ms
[2025-08-20T14:43:05.209+0000][1692266][info ][gc,marking  ] GC(266) Concurrent Rebuild Remembered Sets and Scrub Regions
[2025-08-20T14:43:05.254+0000][1692266][info ][gc,marking  ] GC(266) Concurrent Rebuild Remembered Sets and Scrub Regions 45.412ms
[2025-08-20T14:43:05.254+0000][1692266][info ][gc,start    ] GC(266) Pause Cleanup
[2025-08-20T14:43:05.254+0000][1692266][info ][gc          ] GC(266) Pause Cleanup 90M->90M(512M) 0.040ms
[2025-08-20T14:43:05.254+0000][1692266][info ][gc,cpu      ] GC(266) User=0.00s Sys=0.00s Real=0.00s
[2025-08-20T14:43:05.254+0000][1692266][info ][safepoint   ] Safepoint "G1PauseCleanup", Time since last: 45459650 ns, Reaching safepoint: 4577 ns, Cleanup: 1001 ns, At safepoint: 67042 ns, Total: 72620 ns
[2025-08-20T14:43:05.254+0000][1692266][info ][gc,marking  ] GC(266) Concurrent Clear Claimed Marks
[2025-08-20T14:43:05.255+0000][1692266][info ][gc,marking  ] GC(266) Concurrent Clear Claimed Marks 0.138ms
[2025-08-20T14:43:05.255+0000][1692266][info ][gc,marking  ] GC(266) Concurrent Cleanup for Next Mark
[2025-08-20T14:43:05.268+0000][1692266][info ][gc,marking  ] GC(266) Concurrent Cleanup for Next Mark 13.043ms
[2025-08-20T14:43:05.268+0000][1692266][info ][gc          ] GC(266) Concurrent Mark Cycle 169.254ms
[2025-08-20T14:50:28.066+0000][1692266][info ][gc,start    ] GC(267) Pause Young (Prepare Mixed) (G1 Evacuation Pause)
[2025-08-20T14:50:28.066+0000][1692266][info ][gc,task     ] GC(267) Using 1 workers of 1 for evacuation
[2025-08-20T14:50:28.066+0000][1692266][debug][gc,age      ] GC(267) Desired survivor size 20971520 bytes, new threshold 15 (max threshold 15)
[2025-08-20T14:50:28.070+0000][1692266][info ][gc,phases   ] GC(267)   Pre Evacuate Collection Set: 0.1ms
[2025-08-20T14:50:28.070+0000][1692266][info ][gc,phases   ] GC(267)   Merge Heap Roots: 0.1ms
[2025-08-20T14:50:28.070+0000][1692266][info ][gc,phases   ] GC(267)   Evacuate Collection Set: 1.7ms
[2025-08-20T14:50:28.070+0000][1692266][info ][gc,phases   ] GC(267)   Post Evacuate Collection Set: 1.3ms
[2025-08-20T14:50:28.070+0000][1692266][info ][gc,phases   ] GC(267)   Other: 0.0ms
[2025-08-20T14:50:28.070+0000][1692266][trace][gc,age      ] GC(267) Age table with threshold 15 (max threshold 15)
[2025-08-20T14:50:28.070+0000][1692266][trace][gc,age      ] GC(267) - age   1:      15840 bytes,      15840 total
[2025-08-20T14:50:28.070+0000][1692266][trace][gc,age      ] GC(267) - age   2:       1104 bytes,      16944 total
[2025-08-20T14:50:28.070+0000][1692266][trace][gc,age      ] GC(267) - age   3:         32 bytes,      16976 total
[2025-08-20T14:50:28.070+0000][1692266][trace][gc,age      ] GC(267) - age   8:       1408 bytes,      18384 total
[2025-08-20T14:50:28.070+0000][1692266][trace][gc,age      ] GC(267) - age   9:        176 bytes,      18560 total
[2025-08-20T14:50:28.070+0000][1692266][trace][gc,age      ] GC(267) - age  11:       1864 bytes,      20424 total
[2025-08-20T14:50:28.070+0000][1692266][trace][gc,age      ] GC(267) - age  12:        232 bytes,      20656 total
[2025-08-20T14:50:28.070+0000][1692266][info ][gc,heap     ] GC(267) Eden regions: 75->0(75)
[2025-08-20T14:50:28.070+0000][1692266][info ][gc,heap     ] GC(267) Survivor regions: 1->1(10)
[2025-08-20T14:50:28.070+0000][1692266][info ][gc,heap     ] GC(267) Old regions: 23->23
[2025-08-20T14:50:28.070+0000][1692266][info ][gc,heap     ] GC(267) Humongous regions: 0->0
[2025-08-20T14:50:28.070+0000][1692266][info ][gc,metaspace] GC(267) Metaspace: 141998K(148544K)->141998K(148544K) NonClass: 123041K(127104K)->123041K(127104K) Class: 18957K(21440K)->18957K(21440K)
[2025-08-20T14:50:28.070+0000][1692266][info ][gc          ] GC(267) Pause Young (Prepare Mixed) (G1 Evacuation Pause) 388M->89M(512M) 3.459ms
[2025-08-20T14:50:28.070+0000][1692266][info ][gc,cpu      ] GC(267) User=0.00s Sys=0.00s Real=0.00s
[2025-08-20T14:50:28.070+0000][1692266][info ][safepoint   ] Safepoint "G1CollectForAllocation", Time since last: 442811840620 ns, Reaching safepoint: 8273 ns, Cleanup: 2483 ns, At safepoint: 3496783 ns, Total: 3507539 ns
[2025-08-20T14:57:52.483+0000][1692266][info ][gc,start    ] GC(268) Pause Young (Mixed) (G1 Evacuation Pause)
[2025-08-20T14:57:52.483+0000][1692266][info ][gc,task     ] GC(268) Using 1 workers of 1 for evacuation
[2025-08-20T14:57:52.483+0000][1692266][debug][gc,age      ] GC(268) Desired survivor size 20971520 bytes, new threshold 15 (max threshold 15)
[2025-08-20T14:57:52.524+0000][1692266][info ][gc,phases   ] GC(268)   Pre Evacuate Collection Set: 0.1ms
[2025-08-20T14:57:52.524+0000][1692266][info ][gc,phases   ] GC(268)   Merge Heap Roots: 0.2ms
[2025-08-20T14:57:52.524+0000][1692266][info ][gc,phases   ] GC(268)   Evacuate Collection Set: 39.4ms
[2025-08-20T14:57:52.524+0000][1692266][info ][gc,phases   ] GC(268)   Post Evacuate Collection Set: 0.9ms
[2025-08-20T14:57:52.524+0000][1692266][info ][gc,phases   ] GC(268)   Other: 0.4ms
[2025-08-20T14:57:52.524+0000][1692266][trace][gc,age      ] GC(268) Age table with threshold 15 (max threshold 15)
[2025-08-20T14:57:52.524+0000][1692266][trace][gc,age      ] GC(268) - age   1:     103064 bytes,     103064 total
[2025-08-20T14:57:52.524+0000][1692266][trace][gc,age      ] GC(268) - age   4:         32 bytes,     103096 total
[2025-08-20T14:57:52.524+0000][1692266][trace][gc,age      ] GC(268) - age   9:       1408 bytes,     104504 total
[2025-08-20T14:57:52.524+0000][1692266][trace][gc,age      ] GC(268) - age  12:       1864 bytes,     106368 total
[2025-08-20T14:57:52.524+0000][1692266][trace][gc,age      ] GC(268) - age  13:        232 bytes,     106600 total
[2025-08-20T14:57:52.524+0000][1692266][info ][gc,heap     ] GC(268) Eden regions: 75->0(75)
[2025-08-20T14:57:52.524+0000][1692266][info ][gc,heap     ] GC(268) Survivor regions: 1->1(10)
[2025-08-20T14:57:52.524+0000][1692266][info ][gc,heap     ] GC(268) Old regions: 23->23
[2025-08-20T14:57:52.524+0000][1692266][info ][gc,heap     ] GC(268) Humongous regions: 0->0
[2025-08-20T14:57:52.524+0000][1692266][info ][gc,metaspace] GC(268) Metaspace: 141998K(148544K)->141998K(148544K) NonClass: 123041K(127104K)->123041K(127104K) Class: 18957K(21440K)->18957K(21440K)
[2025-08-20T14:57:52.524+0000][1692266][info ][gc          ] GC(268) Pause Young (Mixed) (G1 Evacuation Pause) 389M->88M(512M) 41.345ms
[2025-08-20T14:57:52.524+0000][1692266][info ][gc,cpu      ] GC(268) User=0.03s Sys=0.00s Real=0.04s
[2025-08-20T14:57:52.524+0000][1692266][info ][safepoint   ] Safepoint "G1CollectForAllocation", Time since last: 444413114237 ns, Reaching safepoint: 9415 ns, Cleanup: 3405 ns, At safepoint: 41398685 ns, Total: 41411505 ns
[2025-08-20T15:05:16.800+0000][1692266][info ][gc,start    ] GC(269) Pause Young (Concurrent Start) (G1 Evacuation Pause)
[2025-08-20T15:05:16.800+0000][1692266][info ][gc,task     ] GC(269) Using 1 workers of 1 for evacuation
[2025-08-20T15:05:16.800+0000][1692266][debug][gc,age      ] GC(269) Desired survivor size 20971520 bytes, new threshold 15 (max threshold 15)
[2025-08-20T15:05:16.802+0000][1692266][info ][gc,phases   ] GC(269)   Pre Evacuate Collection Set: 0.1ms
[2025-08-20T15:05:16.802+0000][1692266][info ][gc,phases   ] GC(269)   Merge Heap Roots: 0.0ms
[2025-08-20T15:05:16.802+0000][1692266][info ][gc,phases   ] GC(269)   Evacuate Collection Set: 1.3ms
[2025-08-20T15:05:16.802+0000][1692266][info ][gc,phases   ] GC(269)   Post Evacuate Collection Set: 0.7ms
[2025-08-20T15:05:16.802+0000][1692266][info ][gc,phases   ] GC(269)   Other: 0.0ms
[2025-08-20T15:05:16.802+0000][1692266][trace][gc,age      ] GC(269) Age table with threshold 15 (max threshold 15)
[2025-08-20T15:05:16.802+0000][1692266][trace][gc,age      ] GC(269) - age   1:      28064 bytes,      28064 total
[2025-08-20T15:05:16.802+0000][1692266][trace][gc,age      ] GC(269) - age   2:        840 bytes,      28904 total
[2025-08-20T15:05:16.802+0000][1692266][trace][gc,age      ] GC(269) - age   5:         32 bytes,      28936 total
[2025-08-20T15:05:16.802+0000][1692266][trace][gc,age      ] GC(269) - age  10:       1408 bytes,      30344 total
[2025-08-20T15:05:16.802+0000][1692266][trace][gc,age      ] GC(269) - age  13:       1864 bytes,      32208 total
[2025-08-20T15:05:16.802+0000][1692266][trace][gc,age      ] GC(269) - age  14:        232 bytes,      32440 total
[2025-08-20T15:05:16.802+0000][1692266][info ][gc,heap     ] GC(269) Eden regions: 75->0(75)
[2025-08-20T15:05:16.802+0000][1692266][info ][gc,heap     ] GC(269) Survivor regions: 1->1(10)
[2025-08-20T15:05:16.802+0000][1692266][info ][gc,heap     ] GC(269) Old regions: 23->23
[2025-08-20T15:05:16.802+0000][1692266][info ][gc,heap     ] GC(269) Humongous regions: 0->0
[2025-08-20T15:05:16.802+0000][1692266][info ][gc,metaspace] GC(269) Metaspace: 141998K(148544K)->141998K(148544K) NonClass: 123041K(127104K)->123041K(127104K) Class: 18957K(21440K)->18957K(21440K)
[2025-08-20T15:05:16.802+0000][1692266][info ][gc          ] GC(269) Pause Young (Concurrent Start) (G1 Evacuation Pause) 388M->88M(512M) 2.394ms
[2025-08-20T15:05:16.802+0000][1692266][info ][gc,cpu      ] GC(269) User=0.00s Sys=0.00s Real=0.00s
[2025-08-20T15:05:16.802+0000][1692266][info ][safepoint   ] Safepoint "G1CollectForAllocation", Time since last: 444275708904 ns, Reaching safepoint: 8392 ns, Cleanup: 2614 ns, At safepoint: 2433737 ns, Total: 2444743 ns
[2025-08-20T15:05:16.802+0000][1692266][info ][gc          ] GC(270) Concurrent Mark Cycle
[2025-08-20T15:05:16.802+0000][1692266][info ][gc,marking  ] GC(270) Concurrent Scan Root Regions
[2025-08-20T15:05:16.803+0000][1692266][info ][gc,marking  ] GC(270) Concurrent Scan Root Regions 0.626ms
[2025-08-20T15:05:16.803+0000][1692266][info ][gc,marking  ] GC(270) Concurrent Mark
[2025-08-20T15:05:16.803+0000][1692266][info ][gc,marking  ] GC(270) Concurrent Mark From Roots
[2025-08-20T15:05:16.803+0000][1692266][info ][gc,task     ] GC(270) Using 1 workers of 1 for marking
[2025-08-20T15:05:16.918+0000][1692266][info ][gc,marking  ] GC(270) Concurrent Mark From Roots 114.695ms
[2025-08-20T15:05:16.918+0000][1692266][info ][gc,marking  ] GC(270) Concurrent Preclean
[2025-08-20T15:05:16.918+0000][1692266][info ][gc,marking  ] GC(270) Concurrent Preclean 0.337ms
[2025-08-20T15:05:16.918+0000][1692266][info ][gc,start    ] GC(270) Pause Remark
[2025-08-20T15:05:16.923+0000][1692266][info ][gc          ] GC(270) Pause Remark 90M->90M(512M) 4.508ms
[2025-08-20T15:05:16.923+0000][1692266][info ][gc,cpu      ] GC(270) User=0.01s Sys=0.00s Real=0.00s
[2025-08-20T15:05:16.923+0000][1692266][info ][safepoint   ] Safepoint "G1PauseRemark", Time since last: 115749354 ns, Reaching safepoint: 6360 ns, Cleanup: 2614 ns, At safepoint: 4551585 ns, Total: 4560559 ns
[2025-08-20T15:05:16.923+0000][1692266][info ][gc,marking  ] GC(270) Concurrent Mark 119.665ms
[2025-08-20T15:05:16.923+0000][1692266][info ][gc,marking  ] GC(270) Concurrent Rebuild Remembered Sets and Scrub Regions
[2025-08-20T15:05:16.962+0000][1692266][info ][gc,marking  ] GC(270) Concurrent Rebuild Remembered Sets and Scrub Regions 38.954ms
[2025-08-20T15:05:16.962+0000][1692266][info ][gc,start    ] GC(270) Pause Cleanup
[2025-08-20T15:05:16.962+0000][1692266][info ][gc          ] GC(270) Pause Cleanup 90M->90M(512M) 0.039ms
[2025-08-20T15:05:16.962+0000][1692266][info ][gc,cpu      ] GC(270) User=0.00s Sys=0.00s Real=0.00s
[2025-08-20T15:05:16.962+0000][1692266][info ][safepoint   ] Safepoint "G1PauseCleanup", Time since last: 39010627 ns, Reaching safepoint: 4417 ns, Cleanup: 2574 ns, At safepoint: 64938 ns, Total: 71929 ns
[2025-08-20T15:05:16.962+0000][1692266][info ][gc,marking  ] GC(270) Concurrent Clear Claimed Marks
[2025-08-20T15:05:16.962+0000][1692266][info ][gc,marking  ] GC(270) Concurrent Clear Claimed Marks 0.143ms
[2025-08-20T15:05:16.962+0000][1692266][info ][gc,marking  ] GC(270) Concurrent Cleanup for Next Mark
[2025-08-20T15:05:16.976+0000][1692266][info ][gc,marking  ] GC(270) Concurrent Cleanup for Next Mark 13.998ms
[2025-08-20T15:05:16.976+0000][1692266][info ][gc          ] GC(270) Concurrent Mark Cycle 173.543ms
[2025-08-20T15:12:40.638+0000][1692266][info ][gc,start    ] GC(271) Pause Young (Prepare Mixed) (G1 Evacuation Pause)
[2025-08-20T15:12:40.638+0000][1692266][info ][gc,task     ] GC(271) Using 1 workers of 1 for evacuation
[2025-08-20T15:12:40.638+0000][1692266][debug][gc,age      ] GC(271) Desired survivor size 20971520 bytes, new threshold 15 (max threshold 15)
[2025-08-20T15:12:40.641+0000][1692266][info ][gc,phases   ] GC(271)   Pre Evacuate Collection Set: 0.1ms
[2025-08-20T15:12:40.641+0000][1692266][info ][gc,phases   ] GC(271)   Merge Heap Roots: 0.0ms
[2025-08-20T15:12:40.641+0000][1692266][info ][gc,phases   ] GC(271)   Evacuate Collection Set: 1.7ms
[2025-08-20T15:12:40.641+0000][1692266][info ][gc,phases   ] GC(271)   Post Evacuate Collection Set: 1.2ms
[2025-08-20T15:12:40.641+0000][1692266][info ][gc,phases   ] GC(271)   Other: 0.0ms
[2025-08-20T15:12:40.641+0000][1692266][trace][gc,age      ] GC(271) Age table with threshold 15 (max threshold 15)
[2025-08-20T15:12:40.641+0000][1692266][trace][gc,age      ] GC(271) - age   1:      34328 bytes,      34328 total
[2025-08-20T15:12:40.641+0000][1692266][trace][gc,age      ] GC(271) - age   3:        176 bytes,      34504 total
[2025-08-20T15:12:40.641+0000][1692266][trace][gc,age      ] GC(271) - age   6:         32 bytes,      34536 total
[2025-08-20T15:12:40.641+0000][1692266][trace][gc,age      ] GC(271) - age  11:       1408 bytes,      35944 total
[2025-08-20T15:12:40.641+0000][1692266][trace][gc,age      ] GC(271) - age  14:       1864 bytes,      37808 total
[2025-08-20T15:12:40.641+0000][1692266][trace][gc,age      ] GC(271) - age  15:        232 bytes,      38040 total
[2025-08-20T15:12:40.641+0000][1692266][info ][gc,heap     ] GC(271) Eden regions: 75->0(75)
[2025-08-20T15:12:40.641+0000][1692266][info ][gc,heap     ] GC(271) Survivor regions: 1->1(10)
[2025-08-20T15:12:40.641+0000][1692266][info ][gc,heap     ] GC(271) Old regions: 23->23
[2025-08-20T15:12:40.641+0000][1692266][info ][gc,heap     ] GC(271) Humongous regions: 0->0
[2025-08-20T15:12:40.641+0000][1692266][info ][gc,metaspace] GC(271) Metaspace: 141998K(148544K)->141998K(148544K) NonClass: 123041K(127104K)->123041K(127104K) Class: 18957K(21440K)->18957K(21440K)
[2025-08-20T15:12:40.641+0000][1692266][info ][gc          ] GC(271) Pause Young (Prepare Mixed) (G1 Evacuation Pause) 388M->88M(512M) 3.251ms
[2025-08-20T15:12:40.641+0000][1692266][info ][gc,cpu      ] GC(271) User=0.00s Sys=0.00s Real=0.00s
[2025-08-20T15:12:40.641+0000][1692266][info ][safepoint   ] Safepoint "G1CollectForAllocation", Time since last: 443676043228 ns, Reaching safepoint: 9614 ns, Cleanup: 3496 ns, At safepoint: 3288026 ns, Total: 3301136 ns
[2025-08-20T15:20:04.452+0000][1692266][info ][gc,start    ] GC(272) Pause Young (Mixed) (G1 Evacuation Pause)
[2025-08-20T15:20:04.452+0000][1692266][info ][gc,task     ] GC(272) Using 1 workers of 1 for evacuation
[2025-08-20T15:20:04.452+0000][1692266][debug][gc,age      ] GC(272) Desired survivor size 20971520 bytes, new threshold 15 (max threshold 15)
[2025-08-20T15:20:04.478+0000][1692266][info ][gc,phases   ] GC(272)   Pre Evacuate Collection Set: 0.1ms
[2025-08-20T15:20:04.478+0000][1692266][info ][gc,phases   ] GC(272)   Merge Heap Roots: 0.2ms
[2025-08-20T15:20:04.478+0000][1692266][info ][gc,phases   ] GC(272)   Evacuate Collection Set: 18.9ms
[2025-08-20T15:20:04.478+0000][1692266][info ][gc,phases   ] GC(272)   Post Evacuate Collection Set: 7.1ms
[2025-08-20T15:20:04.478+0000][1692266][info ][gc,phases   ] GC(272)   Other: 0.0ms
[2025-08-20T15:20:04.478+0000][1692266][trace][gc,age      ] GC(272) Age table with threshold 15 (max threshold 15)
[2025-08-20T15:20:04.478+0000][1692266][trace][gc,age      ] GC(272) - age   1:      15736 bytes,      15736 total
[2025-08-20T15:20:04.478+0000][1692266][trace][gc,age      ] GC(272) - age   2:       1104 bytes,      16840 total
[2025-08-20T15:20:04.478+0000][1692266][trace][gc,age      ] GC(272) - age   4:        176 bytes,      17016 total
[2025-08-20T15:20:04.478+0000][1692266][trace][gc,age      ] GC(272) - age   7:         32 bytes,      17048 total
[2025-08-20T15:20:04.478+0000][1692266][trace][gc,age      ] GC(272) - age  12:       1408 bytes,      18456 total
[2025-08-20T15:20:04.478+0000][1692266][trace][gc,age      ] GC(272) - age  15:       1864 bytes,      20320 total
[2025-08-20T15:20:04.478+0000][1692266][info ][gc,heap     ] GC(272) Eden regions: 75->0(75)
[2025-08-20T15:20:04.478+0000][1692266][info ][gc,heap     ] GC(272) Survivor regions: 1->1(10)
[2025-08-20T15:20:04.478+0000][1692266][info ][gc,heap     ] GC(272) Old regions: 23->22
[2025-08-20T15:20:04.478+0000][1692266][info ][gc,heap     ] GC(272) Humongous regions: 0->0
[2025-08-20T15:20:04.478+0000][1692266][info ][gc,metaspace] GC(272) Metaspace: 141998K(148544K)->141998K(148544K) NonClass: 123041K(127104K)->123041K(127104K) Class: 18957K(21440K)->18957K(21440K)
[2025-08-20T15:20:04.478+0000][1692266][info ][gc          ] GC(272) Pause Young (Mixed) (G1 Evacuation Pause) 388M->87M(512M) 26.555ms
[2025-08-20T15:20:04.478+0000][1692266][info ][gc,cpu      ] GC(272) User=0.02s Sys=0.00s Real=0.03s
[2025-08-20T15:20:04.478+0000][1692266][info ][safepoint   ] Safepoint "G1CollectForAllocation", Time since last: 443810354894 ns, Reaching safepoint: 10115 ns, Cleanup: 2594 ns, At safepoint: 26607558 ns, Total: 26620267 ns
[2025-08-20T15:20:17.479+0000][1692266][info ][safepoint   ] Safepoint "Cleanup", Time since last: 13000755474 ns, Reaching safepoint: 47081 ns, Cleanup: 5438 ns, At safepoint: 1893 ns, Total: 54412 ns
[2025-08-20T15:22:17.486+0000][1692266][info ][safepoint   ] Safepoint "Cleanup", Time since last: 120007237518 ns, Reaching safepoint: 38889 ns, Cleanup: 5499 ns, At safepoint: 4366 ns, Total: 48754 ns
[2025-08-20T15:27:29.782+0000][1692266][info ][gc,start    ] GC(273) Pause Young (Concurrent Start) (G1 Evacuation Pause)
[2025-08-20T15:27:29.783+0000][1692266][info ][gc,task     ] GC(273) Using 1 workers of 1 for evacuation
[2025-08-20T15:27:29.783+0000][1692266][debug][gc,age      ] GC(273) Desired survivor size 20971520 bytes, new threshold 15 (max threshold 15)
[2025-08-20T15:27:29.787+0000][1692266][info ][gc,phases   ] GC(273)   Pre Evacuate Collection Set: 0.1ms
[2025-08-20T15:27:29.787+0000][1692266][info ][gc,phases   ] GC(273)   Merge Heap Roots: 0.0ms
[2025-08-20T15:27:29.787+0000][1692266][info ][gc,phases   ] GC(273)   Evacuate Collection Set: 1.2ms
[2025-08-20T15:27:29.787+0000][1692266][info ][gc,phases   ] GC(273)   Post Evacuate Collection Set: 2.9ms
[2025-08-20T15:27:29.787+0000][1692266][info ][gc,phases   ] GC(273)   Other: 0.1ms
[2025-08-20T15:27:29.787+0000][1692266][trace][gc,age      ] GC(273) Age table with threshold 15 (max threshold 15)
[2025-08-20T15:27:29.787+0000][1692266][trace][gc,age      ] GC(273) - age   1:      16848 bytes,      16848 total
[2025-08-20T15:27:29.787+0000][1692266][trace][gc,age      ] GC(273) - age   5:        176 bytes,      17024 total
[2025-08-20T15:27:29.787+0000][1692266][trace][gc,age      ] GC(273) - age   8:         32 bytes,      17056 total
[2025-08-20T15:27:29.787+0000][1692266][trace][gc,age      ] GC(273) - age  13:       1408 bytes,      18464 total
[2025-08-20T15:27:29.787+0000][1692266][info ][gc,heap     ] GC(273) Eden regions: 75->0(75)
[2025-08-20T15:27:29.787+0000][1692266][info ][gc,heap     ] GC(273) Survivor regions: 1->1(10)
[2025-08-20T15:27:29.787+0000][1692266][info ][gc,heap     ] GC(273) Old regions: 22->22
[2025-08-20T15:27:29.787+0000][1692266][info ][gc,heap     ] GC(273) Humongous regions: 0->0
[2025-08-20T15:27:29.787+0000][1692266][info ][gc,metaspace] GC(273) Metaspace: 141998K(148544K)->141998K(148544K) NonClass: 123041K(127104K)->123041K(127104K) Class: 18957K(21440K)->18957K(21440K)
[2025-08-20T15:27:29.787+0000][1692266][info ][gc          ] GC(273) Pause Young (Concurrent Start) (G1 Evacuation Pause) 387M->88M(512M) 4.594ms
[2025-08-20T15:27:29.787+0000][1692266][info ][gc,cpu      ] GC(273) User=0.00s Sys=0.00s Real=0.01s
[2025-08-20T15:27:29.787+0000][1692266][info ][safepoint   ] Safepoint "G1CollectForAllocation", Time since last: 312296112439 ns, Reaching safepoint: 13811 ns, Cleanup: 2634 ns, At safepoint: 4635371 ns, Total: 4651816 ns
[2025-08-20T15:27:29.793+0000][1692266][info ][gc          ] GC(274) Concurrent Mark Cycle
[2025-08-20T15:27:29.793+0000][1692266][info ][gc,marking  ] GC(274) Concurrent Scan Root Regions
[2025-08-20T15:27:29.794+0000][1692266][info ][gc,marking  ] GC(274) Concurrent Scan Root Regions 0.465ms
[2025-08-20T15:27:29.794+0000][1692266][info ][gc,marking  ] GC(274) Concurrent Mark
[2025-08-20T15:27:29.794+0000][1692266][info ][gc,marking  ] GC(274) Concurrent Mark From Roots
[2025-08-20T15:27:29.794+0000][1692266][info ][gc,task     ] GC(274) Using 1 workers of 1 for marking
[2025-08-20T15:27:29.898+0000][1692266][info ][gc,marking  ] GC(274) Concurrent Mark From Roots 104.395ms
[2025-08-20T15:27:29.898+0000][1692266][info ][gc,marking  ] GC(274) Concurrent Preclean
[2025-08-20T15:27:29.899+0000][1692266][info ][gc,marking  ] GC(274) Concurrent Preclean 0.356ms
[2025-08-20T15:27:29.899+0000][1692266][info ][gc,start    ] GC(274) Pause Remark
[2025-08-20T15:27:29.903+0000][1692266][info ][gc          ] GC(274) Pause Remark 88M->88M(512M) 4.021ms
[2025-08-20T15:27:29.903+0000][1692266][info ][gc,cpu      ] GC(274) User=0.00s Sys=0.00s Real=0.00s
[2025-08-20T15:27:29.903+0000][1692266][info ][safepoint   ] Safepoint "G1PauseRemark", Time since last: 111655789 ns, Reaching safepoint: 6440 ns, Cleanup: 2594 ns, At safepoint: 4062766 ns, Total: 4071800 ns
[2025-08-20T15:27:29.903+0000][1692266][info ][gc,marking  ] GC(274) Concurrent Mark 108.901ms
[2025-08-20T15:27:29.903+0000][1692266][info ][gc,marking  ] GC(274) Concurrent Rebuild Remembered Sets and Scrub Regions
[2025-08-20T15:27:29.933+0000][1692266][info ][gc,marking  ] GC(274) Concurrent Rebuild Remembered Sets and Scrub Regions 30.041ms
[2025-08-20T15:27:29.933+0000][1692266][info ][gc,start    ] GC(274) Pause Cleanup
[2025-08-20T15:27:29.933+0000][1692266][info ][gc          ] GC(274) Pause Cleanup 89M->89M(512M) 0.010ms
[2025-08-20T15:27:29.933+0000][1692266][info ][gc,cpu      ] GC(274) User=0.00s Sys=0.00s Real=0.00s
[2025-08-20T15:27:29.933+0000][1692266][info ][safepoint   ] Safepoint "G1PauseCleanup", Time since last: 30079558 ns, Reaching safepoint: 4196 ns, Cleanup: 1162 ns, At safepoint: 46701 ns, Total: 52059 ns
[2025-08-20T15:27:29.933+0000][1692266][info ][gc,marking  ] GC(274) Concurrent Clear Claimed Marks
[2025-08-20T15:27:29.933+0000][1692266][info ][gc,marking  ] GC(274) Concurrent Clear Claimed Marks 0.128ms
[2025-08-20T15:27:29.933+0000][1692266][info ][gc,marking  ] GC(274) Concurrent Cleanup for Next Mark
[2025-08-20T15:27:29.933+0000][1692266][info ][gc,marking  ] GC(274) Concurrent Cleanup for Next Mark 0.264ms
[2025-08-20T15:27:29.933+0000][1692266][info ][gc          ] GC(274) Concurrent Mark Cycle 139.914ms
[2025-08-20T15:34:54.271+0000][1692266][info ][gc,start    ] GC(275) Pause Young (Normal) (G1 Evacuation Pause)
[2025-08-20T15:34:54.272+0000][1692266][info ][gc,task     ] GC(275) Using 1 workers of 1 for evacuation
[2025-08-20T15:34:54.272+0000][1692266][debug][gc,age      ] GC(275) Desired survivor size 20971520 bytes, new threshold 15 (max threshold 15)
[2025-08-20T15:34:54.274+0000][1692266][info ][gc,phases   ] GC(275)   Pre Evacuate Collection Set: 0.1ms
[2025-08-20T15:34:54.274+0000][1692266][info ][gc,phases   ] GC(275)   Merge Heap Roots: 0.0ms
[2025-08-20T15:34:54.274+0000][1692266][info ][gc,phases   ] GC(275)   Evacuate Collection Set: 1.7ms
[2025-08-20T15:34:54.274+0000][1692266][info ][gc,phases   ] GC(275)   Post Evacuate Collection Set: 0.8ms
[2025-08-20T15:34:54.274+0000][1692266][info ][gc,phases   ] GC(275)   Other: 0.0ms
[2025-08-20T15:34:54.274+0000][1692266][trace][gc,age      ] GC(275) Age table with threshold 15 (max threshold 15)
[2025-08-20T15:34:54.274+0000][1692266][trace][gc,age      ] GC(275) - age   1:      34064 bytes,      34064 total
[2025-08-20T15:34:54.274+0000][1692266][trace][gc,age      ] GC(275) - age   2:        664 bytes,      34728 total
[2025-08-20T15:34:54.274+0000][1692266][trace][gc,age      ] GC(275) - age   6:        176 bytes,      34904 total
[2025-08-20T15:34:54.274+0000][1692266][trace][gc,age      ] GC(275) - age   9:         32 bytes,      34936 total
[2025-08-20T15:34:54.274+0000][1692266][trace][gc,age      ] GC(275) - age  14:       1408 bytes,      36344 total
[2025-08-20T15:34:54.274+0000][1692266][info ][gc,heap     ] GC(275) Eden regions: 75->0(75)
[2025-08-20T15:34:54.274+0000][1692266][info ][gc,heap     ] GC(275) Survivor regions: 1->1(10)
[2025-08-20T15:34:54.274+0000][1692266][info ][gc,heap     ] GC(275) Old regions: 22->22
[2025-08-20T15:34:54.274+0000][1692266][info ][gc,heap     ] GC(275) Humongous regions: 0->0
[2025-08-20T15:34:54.274+0000][1692266][info ][gc,metaspace] GC(275) Metaspace: 141998K(148544K)->141998K(148544K) NonClass: 123041K(127104K)->123041K(127104K) Class: 18957K(21440K)->18957K(21440K)
[2025-08-20T15:34:54.274+0000][1692266][info ][gc          ] GC(275) Pause Young (Normal) (G1 Evacuation Pause) 388M->88M(512M) 2.988ms
[2025-08-20T15:34:54.274+0000][1692266][info ][gc,cpu      ] GC(275) User=0.01s Sys=0.00s Real=0.00s
[2025-08-20T15:34:54.274+0000][1692266][info ][safepoint   ] Safepoint "G1CollectForAllocation", Time since last: 444338244797 ns, Reaching safepoint: 8674 ns, Cleanup: 3014 ns, At safepoint: 3026421 ns, Total: 3038109 ns
[2025-08-20T15:42:18.069+0000][1692266][info ][gc,start    ] GC(276) Pause Young (Concurrent Start) (G1 Evacuation Pause)
[2025-08-20T15:42:18.431+0000][1692266][info ][gc,task     ] GC(276) Using 1 workers of 1 for evacuation
[2025-08-20T15:42:18.431+0000][1692266][debug][gc,age      ] GC(276) Desired survivor size 20971520 bytes, new threshold 15 (max threshold 15)
[2025-08-20T15:42:18.434+0000][1692266][info ][gc,phases   ] GC(276)   Pre Evacuate Collection Set: 0.1ms
[2025-08-20T15:42:18.434+0000][1692266][info ][gc,phases   ] GC(276)   Merge Heap Roots: 0.0ms
[2025-08-20T15:42:18.434+0000][1692266][info ][gc,phases   ] GC(276)   Evacuate Collection Set: 1.8ms
[2025-08-20T15:42:18.434+0000][1692266][info ][gc,phases   ] GC(276)   Post Evacuate Collection Set: 1.1ms
[2025-08-20T15:42:18.434+0000][1692266][info ][gc,phases   ] GC(276)   Other: 0.1ms
[2025-08-20T15:42:18.434+0000][1692266][trace][gc,age      ] GC(276) Age table with threshold 15 (max threshold 15)
[2025-08-20T15:42:18.434+0000][1692266][trace][gc,age      ] GC(276) - age   1:      15232 bytes,      15232 total
[2025-08-20T15:42:18.434+0000][1692266][trace][gc,age      ] GC(276) - age   2:         48 bytes,      15280 total
[2025-08-20T15:42:18.434+0000][1692266][trace][gc,age      ] GC(276) - age   7:        176 bytes,      15456 total
[2025-08-20T15:42:18.434+0000][1692266][trace][gc,age      ] GC(276) - age  10:         32 bytes,      15488 total
[2025-08-20T15:42:18.434+0000][1692266][trace][gc,age      ] GC(276) - age  15:       1408 bytes,      16896 total
[2025-08-20T15:42:18.434+0000][1692266][info ][gc,heap     ] GC(276) Eden regions: 75->0(75)
[2025-08-20T15:42:18.434+0000][1692266][info ][gc,heap     ] GC(276) Survivor regions: 1->1(10)
[2025-08-20T15:42:18.434+0000][1692266][info ][gc,heap     ] GC(276) Old regions: 22->22
[2025-08-20T15:42:18.434+0000][1692266][info ][gc,heap     ] GC(276) Humongous regions: 0->0
[2025-08-20T15:42:18.434+0000][1692266][info ][gc,metaspace] GC(276) Metaspace: 141998K(148544K)->141998K(148544K) NonClass: 123041K(127104K)->123041K(127104K) Class: 18957K(21440K)->18957K(21440K)
[2025-08-20T15:42:18.434+0000][1692266][info ][gc          ] GC(276) Pause Young (Concurrent Start) (G1 Evacuation Pause) 388M->88M(512M) 365.609ms
[2025-08-20T15:42:18.434+0000][1692266][info ][gc,cpu      ] GC(276) User=0.00s Sys=0.00s Real=0.36s
[2025-08-20T15:42:18.434+0000][1692266][info ][safepoint   ] Safepoint "G1CollectForAllocation", Time since last: 443794639547 ns, Reaching safepoint: 9234 ns, Cleanup: 3105 ns, At safepoint: 365670334 ns, Total: 365682673 ns
[2025-08-20T15:42:18.434+0000][1692266][info ][gc          ] GC(277) Concurrent Mark Cycle
[2025-08-20T15:42:18.434+0000][1692266][info ][gc,marking  ] GC(277) Concurrent Scan Root Regions
[2025-08-20T15:42:18.440+0000][1692266][info ][gc,marking  ] GC(277) Concurrent Scan Root Regions 5.807ms
[2025-08-20T15:42:18.440+0000][1692266][info ][gc,marking  ] GC(277) Concurrent Mark
[2025-08-20T15:42:18.440+0000][1692266][info ][gc,marking  ] GC(277) Concurrent Mark From Roots
[2025-08-20T15:42:18.440+0000][1692266][info ][gc,task     ] GC(277) Using 1 workers of 1 for marking
[2025-08-20T15:42:18.549+0000][1692266][info ][gc,marking  ] GC(277) Concurrent Mark From Roots 108.819ms
[2025-08-20T15:42:18.549+0000][1692266][info ][gc,marking  ] GC(277) Concurrent Preclean
[2025-08-20T15:42:18.550+0000][1692266][info ][gc,marking  ] GC(277) Concurrent Preclean 0.369ms
[2025-08-20T15:42:18.550+0000][1692266][info ][gc,start    ] GC(277) Pause Remark
[2025-08-20T15:42:18.554+0000][1692266][info ][gc          ] GC(277) Pause Remark 91M->91M(512M) 3.930ms
[2025-08-20T15:42:18.554+0000][1692266][info ][gc,cpu      ] GC(277) User=0.00s Sys=0.00s Real=0.00s
[2025-08-20T15:42:18.554+0000][1692266][info ][safepoint   ] Safepoint "G1PauseRemark", Time since last: 115104083 ns, Reaching safepoint: 6079 ns, Cleanup: 2905 ns, At safepoint: 3976084 ns, Total: 3985068 ns
[2025-08-20T15:42:18.554+0000][1692266][info ][gc,marking  ] GC(277) Concurrent Mark 113.249ms
[2025-08-20T15:42:18.554+0000][1692266][info ][gc,marking  ] GC(277) Concurrent Rebuild Remembered Sets and Scrub Regions
[2025-08-20T15:42:18.601+0000][1692266][info ][gc,marking  ] GC(277) Concurrent Rebuild Remembered Sets and Scrub Regions 47.489ms
[2025-08-20T15:42:18.601+0000][1692266][info ][gc,start    ] GC(277) Pause Cleanup
[2025-08-20T15:42:18.601+0000][1692266][info ][gc          ] GC(277) Pause Cleanup 91M->91M(512M) 0.051ms
[2025-08-20T15:42:18.601+0000][1692266][info ][gc,cpu      ] GC(277) User=0.00s Sys=0.00s Real=0.00s
[2025-08-20T15:42:18.601+0000][1692266][info ][safepoint   ] Safepoint "G1PauseCleanup", Time since last: 47539856 ns, Reaching safepoint: 4407 ns, Cleanup: 1352 ns, At safepoint: 76555 ns, Total: 82314 ns
[2025-08-20T15:42:18.601+0000][1692266][info ][gc,marking  ] GC(277) Concurrent Clear Claimed Marks
[2025-08-20T15:42:18.601+0000][1692266][info ][gc,marking  ] GC(277) Concurrent Clear Claimed Marks 0.144ms
[2025-08-20T15:42:18.601+0000][1692266][info ][gc,marking  ] GC(277) Concurrent Cleanup for Next Mark
[2025-08-20T15:42:18.602+0000][1692266][info ][gc,marking  ] GC(277) Concurrent Cleanup for Next Mark 0.264ms
[2025-08-20T15:42:18.602+0000][1692266][info ][gc          ] GC(277) Concurrent Mark Cycle 167.127ms
[2025-08-20T15:49:41.146+0000][1692266][info ][gc,start    ] GC(278) Pause Young (Prepare Mixed) (G1 Evacuation Pause)
[2025-08-20T15:49:41.147+0000][1692266][info ][gc,task     ] GC(278) Using 1 workers of 1 for evacuation
[2025-08-20T15:49:41.147+0000][1692266][debug][gc,age      ] GC(278) Desired survivor size 20971520 bytes, new threshold 15 (max threshold 15)
[2025-08-20T15:49:41.150+0000][1692266][info ][gc,phases   ] GC(278)   Pre Evacuate Collection Set: 0.1ms
[2025-08-20T15:49:41.150+0000][1692266][info ][gc,phases   ] GC(278)   Merge Heap Roots: 0.0ms
[2025-08-20T15:49:41.150+0000][1692266][info ][gc,phases   ] GC(278)   Evacuate Collection Set: 1.6ms
[2025-08-20T15:49:41.150+0000][1692266][info ][gc,phases   ] GC(278)   Post Evacuate Collection Set: 0.7ms
[2025-08-20T15:49:41.150+0000][1692266][info ][gc,phases   ] GC(278)   Other: 0.3ms
[2025-08-20T15:49:41.150+0000][1692266][trace][gc,age      ] GC(278) Age table with threshold 15 (max threshold 15)
[2025-08-20T15:49:41.150+0000][1692266][trace][gc,age      ] GC(278) - age   1:      14064 bytes,      14064 total
[2025-08-20T15:49:41.150+0000][1692266][trace][gc,age      ] GC(278) - age   2:       1104 bytes,      15168 total
[2025-08-20T15:49:41.150+0000][1692266][trace][gc,age      ] GC(278) - age   3:         48 bytes,      15216 total
[2025-08-20T15:49:41.150+0000][1692266][trace][gc,age      ] GC(278) - age   8:        176 bytes,      15392 total
[2025-08-20T15:49:41.150+0000][1692266][trace][gc,age      ] GC(278) - age  11:         32 bytes,      15424 total
[2025-08-20T15:49:41.150+0000][1692266][info ][gc,heap     ] GC(278) Eden regions: 75->0(75)
[2025-08-20T15:49:41.150+0000][1692266][info ][gc,heap     ] GC(278) Survivor regions: 1->1(10)
[2025-08-20T15:49:41.150+0000][1692266][info ][gc,heap     ] GC(278) Old regions: 22->23
[2025-08-20T15:49:41.150+0000][1692266][info ][gc,heap     ] GC(278) Humongous regions: 0->0
[2025-08-20T15:49:41.150+0000][1692266][info ][gc,metaspace] GC(278) Metaspace: 141998K(148544K)->141998K(148544K) NonClass: 123041K(127104K)->123041K(127104K) Class: 18957K(21440K)->18957K(21440K)
[2025-08-20T15:49:41.150+0000][1692266][info ][gc          ] GC(278) Pause Young (Prepare Mixed) (G1 Evacuation Pause) 388M->88M(512M) 3.276ms
[2025-08-20T15:49:41.150+0000][1692266][info ][gc,cpu      ] GC(278) User=0.01s Sys=0.00s Real=0.00s
[2025-08-20T15:49:41.150+0000][1692266][info ][safepoint   ] Safepoint "G1CollectForAllocation", Time since last: 442545238947 ns, Reaching safepoint: 9555 ns, Cleanup: 2994 ns, At safepoint: 3315314 ns, Total: 3327863 ns
[2025-08-20T15:57:05.696+0000][1692266][info ][gc,start    ] GC(279) Pause Young (Mixed) (G1 Evacuation Pause)
[2025-08-20T15:57:05.697+0000][1692266][info ][gc,task     ] GC(279) Using 1 workers of 1 for evacuation
[2025-08-20T15:57:05.697+0000][1692266][debug][gc,age      ] GC(279) Desired survivor size 20971520 bytes, new threshold 15 (max threshold 15)
[2025-08-20T15:57:05.727+0000][1692266][info ][gc,phases   ] GC(279)   Pre Evacuate Collection Set: 0.1ms
[2025-08-20T15:57:05.727+0000][1692266][info ][gc,phases   ] GC(279)   Merge Heap Roots: 0.2ms
[2025-08-20T15:57:05.727+0000][1692266][info ][gc,phases   ] GC(279)   Evacuate Collection Set: 29.6ms
[2025-08-20T15:57:05.727+0000][1692266][info ][gc,phases   ] GC(279)   Post Evacuate Collection Set: 0.8ms
[2025-08-20T15:57:05.727+0000][1692266][info ][gc,phases   ] GC(279)   Other: 0.0ms
[2025-08-20T15:57:05.727+0000][1692266][trace][gc,age      ] GC(279) Age table with threshold 15 (max threshold 15)
[2025-08-20T15:57:05.727+0000][1692266][trace][gc,age      ] GC(279) - age   1:      16992 bytes,      16992 total
[2025-08-20T15:57:05.727+0000][1692266][trace][gc,age      ] GC(279) - age   4:         48 bytes,      17040 total
[2025-08-20T15:57:05.727+0000][1692266][trace][gc,age      ] GC(279) - age  12:         32 bytes,      17072 total
[2025-08-20T15:57:05.727+0000][1692266][info ][gc,heap     ] GC(279) Eden regions: 75->0(75)
[2025-08-20T15:57:05.727+0000][1692266][info ][gc,heap     ] GC(279) Survivor regions: 1->1(10)
[2025-08-20T15:57:05.727+0000][1692266][info ][gc,heap     ] GC(279) Old regions: 23->22
[2025-08-20T15:57:05.727+0000][1692266][info ][gc,heap     ] GC(279) Humongous regions: 0->0
[2025-08-20T15:57:05.727+0000][1692266][info ][gc,metaspace] GC(279) Metaspace: 141998K(148544K)->141998K(148544K) NonClass: 123041K(127104K)->123041K(127104K) Class: 18957K(21440K)->18957K(21440K)
[2025-08-20T15:57:05.727+0000][1692266][info ][gc          ] GC(279) Pause Young (Mixed) (G1 Evacuation Pause) 388M->87M(512M) 30.981ms
[2025-08-20T15:57:05.727+0000][1692266][info ][gc,cpu      ] GC(279) User=0.02s Sys=0.00s Real=0.03s
[2025-08-20T15:57:05.727+0000][1692266][info ][safepoint   ] Safepoint "G1CollectForAllocation", Time since last: 444546608210 ns, Reaching safepoint: 19880 ns, Cleanup: 2895 ns, At safepoint: 31036618 ns, Total: 31059393 ns
[2025-08-20T16:04:30.234+0000][1692266][info ][gc,start    ] GC(280) Pause Young (Concurrent Start) (G1 Evacuation Pause)
[2025-08-20T16:04:30.234+0000][1692266][info ][gc,task     ] GC(280) Using 1 workers of 1 for evacuation
[2025-08-20T16:04:30.234+0000][1692266][debug][gc,age      ] GC(280) Desired survivor size 20971520 bytes, new threshold 15 (max threshold 15)
[2025-08-20T16:04:30.236+0000][1692266][info ][gc,phases   ] GC(280)   Pre Evacuate Collection Set: 0.1ms
[2025-08-20T16:04:30.236+0000][1692266][info ][gc,phases   ] GC(280)   Merge Heap Roots: 0.0ms
[2025-08-20T16:04:30.236+0000][1692266][info ][gc,phases   ] GC(280)   Evacuate Collection Set: 1.3ms
[2025-08-20T16:04:30.236+0000][1692266][info ][gc,phases   ] GC(280)   Post Evacuate Collection Set: 0.7ms
[2025-08-20T16:04:30.236+0000][1692266][info ][gc,phases   ] GC(280)   Other: 0.0ms
[2025-08-20T16:04:30.236+0000][1692266][trace][gc,age      ] GC(280) Age table with threshold 15 (max threshold 15)
[2025-08-20T16:04:30.236+0000][1692266][trace][gc,age      ] GC(280) - age   1:      85152 bytes,      85152 total
[2025-08-20T16:04:30.236+0000][1692266][trace][gc,age      ] GC(280) - age   2:        840 bytes,      85992 total
[2025-08-20T16:04:30.236+0000][1692266][trace][gc,age      ] GC(280) - age   5:         48 bytes,      86040 total
[2025-08-20T16:04:30.236+0000][1692266][trace][gc,age      ] GC(280) - age  13:         32 bytes,      86072 total
[2025-08-20T16:04:30.236+0000][1692266][info ][gc,heap     ] GC(280) Eden regions: 75->0(75)
[2025-08-20T16:04:30.236+0000][1692266][info ][gc,heap     ] GC(280) Survivor regions: 1->1(10)
[2025-08-20T16:04:30.236+0000][1692266][info ][gc,heap     ] GC(280) Old regions: 22->22
[2025-08-20T16:04:30.236+0000][1692266][info ][gc,heap     ] GC(280) Humongous regions: 0->0
[2025-08-20T16:04:30.236+0000][1692266][info ][gc,metaspace] GC(280) Metaspace: 141998K(148544K)->141998K(148544K) NonClass: 123041K(127104K)->123041K(127104K) Class: 18957K(21440K)->18957K(21440K)
[2025-08-20T16:04:30.236+0000][1692266][info ][gc          ] GC(280) Pause Young (Concurrent Start) (G1 Evacuation Pause) 387M->87M(512M) 2.652ms
[2025-08-20T16:04:30.236+0000][1692266][info ][gc,cpu      ] GC(280) User=0.01s Sys=0.00s Real=0.01s
[2025-08-20T16:04:30.236+0000][1692266][info ][safepoint   ] Safepoint "G1CollectForAllocation", Time since last: 444506051517 ns, Reaching safepoint: 11507 ns, Cleanup: 3275 ns, At safepoint: 2694538 ns, Total: 2709320 ns
[2025-08-20T16:04:30.242+0000][1692266][info ][gc          ] GC(281) Concurrent Mark Cycle
[2025-08-20T16:04:30.242+0000][1692266][info ][gc,marking  ] GC(281) Concurrent Scan Root Regions
[2025-08-20T16:04:30.243+0000][1692266][info ][gc,marking  ] GC(281) Concurrent Scan Root Regions 0.875ms
[2025-08-20T16:04:30.243+0000][1692266][info ][gc,marking  ] GC(281) Concurrent Mark
[2025-08-20T16:04:30.243+0000][1692266][info ][gc,marking  ] GC(281) Concurrent Mark From Roots
[2025-08-20T16:04:30.243+0000][1692266][info ][gc,task     ] GC(281) Using 1 workers of 1 for marking
[2025-08-20T16:04:30.355+0000][1692266][info ][gc,marking  ] GC(281) Concurrent Mark From Roots 111.358ms
[2025-08-20T16:04:30.355+0000][1692266][info ][gc,marking  ] GC(281) Concurrent Preclean
[2025-08-20T16:04:30.355+0000][1692266][info ][gc,marking  ] GC(281) Concurrent Preclean 0.346ms
[2025-08-20T16:04:30.355+0000][1692266][info ][gc,start    ] GC(281) Pause Remark
[2025-08-20T16:04:30.359+0000][1692266][info ][gc          ] GC(281) Pause Remark 90M->90M(512M) 4.049ms
[2025-08-20T16:04:30.359+0000][1692266][info ][gc,cpu      ] GC(281) User=0.00s Sys=0.00s Real=0.01s
[2025-08-20T16:04:30.359+0000][1692266][info ][safepoint   ] Safepoint "G1PauseRemark", Time since last: 118844609 ns, Reaching safepoint: 5859 ns, Cleanup: 2524 ns, At safepoint: 4086599 ns, Total: 4094982 ns
[2025-08-20T16:04:30.359+0000][1692266][info ][gc,marking  ] GC(281) Concurrent Mark 115.868ms
[2025-08-20T16:04:30.359+0000][1692266][info ][gc,marking  ] GC(281) Concurrent Rebuild Remembered Sets and Scrub Regions
[2025-08-20T16:04:30.406+0000][1692266][info ][gc,marking  ] GC(281) Concurrent Rebuild Remembered Sets and Scrub Regions 47.051ms
[2025-08-20T16:04:30.406+0000][1692266][info ][gc,start    ] GC(281) Pause Cleanup
[2025-08-20T16:04:30.406+0000][1692266][info ][gc          ] GC(281) Pause Cleanup 90M->90M(512M) 0.037ms
[2025-08-20T16:04:30.406+0000][1692266][info ][gc,cpu      ] GC(281) User=0.00s Sys=0.00s Real=0.00s
[2025-08-20T16:04:30.406+0000][1692266][info ][safepoint   ] Safepoint "G1PauseCleanup", Time since last: 47103847 ns, Reaching safepoint: 4547 ns, Cleanup: 1342 ns, At safepoint: 62444 ns, Total: 68333 ns
[2025-08-20T16:04:30.406+0000][1692266][info ][gc,marking  ] GC(281) Concurrent Clear Claimed Marks
[2025-08-20T16:04:30.406+0000][1692266][info ][gc,marking  ] GC(281) Concurrent Clear Claimed Marks 0.152ms
[2025-08-20T16:04:30.406+0000][1692266][info ][gc,marking  ] GC(281) Concurrent Cleanup for Next Mark
[2025-08-20T16:04:30.407+0000][1692266][info ][gc,marking  ] GC(281) Concurrent Cleanup for Next Mark 0.260ms
[2025-08-20T16:04:30.407+0000][1692266][info ][gc          ] GC(281) Concurrent Mark Cycle 164.361ms
[2025-08-20T16:11:52.676+0000][1692266][info ][gc,start    ] GC(282) Pause Young (Normal) (G1 Evacuation Pause)
[2025-08-20T16:11:52.676+0000][1692266][info ][gc,task     ] GC(282) Using 1 workers of 1 for evacuation
[2025-08-20T16:11:52.676+0000][1692266][debug][gc,age      ] GC(282) Desired survivor size 20971520 bytes, new threshold 15 (max threshold 15)
[2025-08-20T16:11:52.679+0000][1692266][info ][gc,phases   ] GC(282)   Pre Evacuate Collection Set: 0.1ms
[2025-08-20T16:11:52.679+0000][1692266][info ][gc,phases   ] GC(282)   Merge Heap Roots: 0.0ms
[2025-08-20T16:11:52.679+0000][1692266][info ][gc,phases   ] GC(282)   Evacuate Collection Set: 1.6ms
[2025-08-20T16:11:52.679+0000][1692266][info ][gc,phases   ] GC(282)   Post Evacuate Collection Set: 0.7ms
[2025-08-20T16:11:52.679+0000][1692266][info ][gc,phases   ] GC(282)   Other: 0.0ms
[2025-08-20T16:11:52.679+0000][1692266][trace][gc,age      ] GC(282) Age table with threshold 15 (max threshold 15)
[2025-08-20T16:11:52.679+0000][1692266][trace][gc,age      ] GC(282) - age   1:      15952 bytes,      15952 total
[2025-08-20T16:11:52.679+0000][1692266][trace][gc,age      ] GC(282) - age   2:        128 bytes,      16080 total
[2025-08-20T16:11:52.679+0000][1692266][trace][gc,age      ] GC(282) - age   3:        176 bytes,      16256 total
[2025-08-20T16:11:52.679+0000][1692266][trace][gc,age      ] GC(282) - age   6:         48 bytes,      16304 total
[2025-08-20T16:11:52.679+0000][1692266][trace][gc,age      ] GC(282) - age  14:         32 bytes,      16336 total
[2025-08-20T16:11:52.679+0000][1692266][info ][gc,heap     ] GC(282) Eden regions: 75->0(75)
[2025-08-20T16:11:52.679+0000][1692266][info ][gc,heap     ] GC(282) Survivor regions: 1->1(10)
[2025-08-20T16:11:52.679+0000][1692266][info ][gc,heap     ] GC(282) Old regions: 22->22
[2025-08-20T16:11:52.679+0000][1692266][info ][gc,heap     ] GC(282) Humongous regions: 0->0
[2025-08-20T16:11:52.679+0000][1692266][info ][gc,metaspace] GC(282) Metaspace: 141998K(148544K)->141998K(148544K) NonClass: 123041K(127104K)->123041K(127104K) Class: 18957K(21440K)->18957K(21440K)
[2025-08-20T16:11:52.679+0000][1692266][info ][gc          ] GC(282) Pause Young (Normal) (G1 Evacuation Pause) 387M->87M(512M) 3.044ms
[2025-08-20T16:11:52.679+0000][1692266][info ][gc,cpu      ] GC(282) User=0.00s Sys=0.00s Real=0.00s
[2025-08-20T16:11:52.679+0000][1692266][info ][safepoint   ] Safepoint "G1CollectForAllocation", Time since last: 442269216501 ns, Reaching safepoint: 33681 ns, Cleanup: 3415 ns, At safepoint: 3082054 ns, Total: 3119150 ns
[2025-08-20T16:19:16.407+0000][1692266][info ][gc,start    ] GC(283) Pause Young (Concurrent Start) (G1 Evacuation Pause)
[2025-08-20T16:19:16.407+0000][1692266][info ][gc,task     ] GC(283) Using 1 workers of 1 for evacuation
[2025-08-20T16:19:16.407+0000][1692266][debug][gc,age      ] GC(283) Desired survivor size 20971520 bytes, new threshold 15 (max threshold 15)
[2025-08-20T16:19:16.409+0000][1692266][info ][gc,phases   ] GC(283)   Pre Evacuate Collection Set: 0.1ms
[2025-08-20T16:19:16.409+0000][1692266][info ][gc,phases   ] GC(283)   Merge Heap Roots: 0.0ms
[2025-08-20T16:19:16.409+0000][1692266][info ][gc,phases   ] GC(283)   Evacuate Collection Set: 1.2ms
[2025-08-20T16:19:16.409+0000][1692266][info ][gc,phases   ] GC(283)   Post Evacuate Collection Set: 0.7ms
[2025-08-20T16:19:16.409+0000][1692266][info ][gc,phases   ] GC(283)   Other: 0.0ms
[2025-08-20T16:19:16.409+0000][1692266][trace][gc,age      ] GC(283) Age table with threshold 15 (max threshold 15)
[2025-08-20T16:19:16.409+0000][1692266][trace][gc,age      ] GC(283) - age   1:      14616 bytes,      14616 total
[2025-08-20T16:19:16.409+0000][1692266][trace][gc,age      ] GC(283) - age   2:        976 bytes,      15592 total
[2025-08-20T16:19:16.409+0000][1692266][trace][gc,age      ] GC(283) - age   4:        176 bytes,      15768 total
[2025-08-20T16:19:16.409+0000][1692266][trace][gc,age      ] GC(283) - age   7:         48 bytes,      15816 total
[2025-08-20T16:19:16.409+0000][1692266][trace][gc,age      ] GC(283) - age  15:         32 bytes,      15848 total
[2025-08-20T16:19:16.409+0000][1692266][info ][gc,heap     ] GC(283) Eden regions: 75->0(75)
[2025-08-20T16:19:16.409+0000][1692266][info ][gc,heap     ] GC(283) Survivor regions: 1->1(10)
[2025-08-20T16:19:16.409+0000][1692266][info ][gc,heap     ] GC(283) Old regions: 22->22
[2025-08-20T16:19:16.409+0000][1692266][info ][gc,heap     ] GC(283) Humongous regions: 0->0
[2025-08-20T16:19:16.409+0000][1692266][info ][gc,metaspace] GC(283) Metaspace: 141998K(148544K)->141998K(148544K) NonClass: 123041K(127104K)->123041K(127104K) Class: 18957K(21440K)->18957K(21440K)
[2025-08-20T16:19:16.409+0000][1692266][info ][gc          ] GC(283) Pause Young (Concurrent Start) (G1 Evacuation Pause) 387M->87M(512M) 2.238ms
[2025-08-20T16:19:16.409+0000][1692266][info ][gc,cpu      ] GC(283) User=0.00s Sys=0.00s Real=0.00s
[2025-08-20T16:19:16.409+0000][1692266][info ][safepoint   ] Safepoint "G1CollectForAllocation", Time since last: 443728372829 ns, Reaching safepoint: 5479 ns, Cleanup: 2624 ns, At safepoint: 2278860 ns, Total: 2286963 ns
[2025-08-20T16:19:16.413+0000][1692266][info ][gc          ] GC(284) Concurrent Mark Cycle
[2025-08-20T16:19:16.413+0000][1692266][info ][gc,marking  ] GC(284) Concurrent Scan Root Regions
[2025-08-20T16:19:16.414+0000][1692266][info ][gc,marking  ] GC(284) Concurrent Scan Root Regions 0.501ms
[2025-08-20T16:19:16.414+0000][1692266][info ][gc,marking  ] GC(284) Concurrent Mark
[2025-08-20T16:19:16.414+0000][1692266][info ][gc,marking  ] GC(284) Concurrent Mark From Roots
[2025-08-20T16:19:16.414+0000][1692266][info ][gc,task     ] GC(284) Using 1 workers of 1 for marking
[2025-08-20T16:19:16.526+0000][1692266][info ][gc,marking  ] GC(284) Concurrent Mark From Roots 111.727ms
[2025-08-20T16:19:16.526+0000][1692266][info ][gc,marking  ] GC(284) Concurrent Preclean
[2025-08-20T16:19:16.526+0000][1692266][info ][gc,marking  ] GC(284) Concurrent Preclean 0.329ms
[2025-08-20T16:19:16.526+0000][1692266][info ][gc,start    ] GC(284) Pause Remark
[2025-08-20T16:19:16.530+0000][1692266][info ][gc          ] GC(284) Pause Remark 88M->88M(512M) 4.029ms
[2025-08-20T16:19:16.530+0000][1692266][info ][gc,cpu      ] GC(284) User=0.01s Sys=0.00s Real=0.00s
[2025-08-20T16:19:16.530+0000][1692266][info ][safepoint   ] Safepoint "G1PauseRemark", Time since last: 116711679 ns, Reaching safepoint: 6169 ns, Cleanup: 2514 ns, At safepoint: 4069274 ns, Total: 4077957 ns
[2025-08-20T16:19:16.530+0000][1692266][info ][gc,marking  ] GC(284) Concurrent Mark 116.206ms
[2025-08-20T16:19:16.530+0000][1692266][info ][gc,marking  ] GC(284) Concurrent Rebuild Remembered Sets and Scrub Regions
[2025-08-20T16:19:16.572+0000][1692266][info ][gc,marking  ] GC(284) Concurrent Rebuild Remembered Sets and Scrub Regions 42.074ms
[2025-08-20T16:19:16.572+0000][1692266][info ][gc,start    ] GC(284) Pause Cleanup
[2025-08-20T16:19:16.572+0000][1692266][info ][gc          ] GC(284) Pause Cleanup 88M->88M(512M) 0.036ms
[2025-08-20T16:19:16.572+0000][1692266][info ][gc,cpu      ] GC(284) User=0.00s Sys=0.00s Real=0.00s
[2025-08-20T16:19:16.572+0000][1692266][info ][safepoint   ] Safepoint "G1PauseCleanup", Time since last: 42122866 ns, Reaching safepoint: 4657 ns, Cleanup: 1392 ns, At safepoint: 61643 ns, Total: 67692 ns
[2025-08-20T16:19:16.572+0000][1692266][info ][gc,marking  ] GC(284) Concurrent Clear Claimed Marks
[2025-08-20T16:19:16.572+0000][1692266][info ][gc,marking  ] GC(284) Concurrent Clear Claimed Marks 0.177ms
[2025-08-20T16:19:16.572+0000][1692266][info ][gc,marking  ] GC(284) Concurrent Cleanup for Next Mark
[2025-08-20T16:19:16.573+0000][1692266][info ][gc,marking  ] GC(284) Concurrent Cleanup for Next Mark 0.273ms
[2025-08-20T16:19:16.573+0000][1692266][info ][gc          ] GC(284) Concurrent Mark Cycle 159.376ms
[2025-08-20T16:26:40.714+0000][1692266][info ][gc,start    ] GC(285) Pause Young (Normal) (G1 Evacuation Pause)
[2025-08-20T16:26:40.715+0000][1692266][info ][gc,task     ] GC(285) Using 1 workers of 1 for evacuation
[2025-08-20T16:26:40.715+0000][1692266][debug][gc,age      ] GC(285) Desired survivor size 20971520 bytes, new threshold 15 (max threshold 15)
[2025-08-20T16:26:40.717+0000][1692266][info ][gc,phases   ] GC(285)   Pre Evacuate Collection Set: 0.1ms
[2025-08-20T16:26:40.717+0000][1692266][info ][gc,phases   ] GC(285)   Merge Heap Roots: 0.0ms
[2025-08-20T16:26:40.717+0000][1692266][info ][gc,phases   ] GC(285)   Evacuate Collection Set: 1.7ms
[2025-08-20T16:26:40.717+0000][1692266][info ][gc,phases   ] GC(285)   Post Evacuate Collection Set: 0.8ms
[2025-08-20T16:26:40.717+0000][1692266][info ][gc,phases   ] GC(285)   Other: 0.0ms
[2025-08-20T16:26:40.717+0000][1692266][trace][gc,age      ] GC(285) Age table with threshold 15 (max threshold 15)
[2025-08-20T16:26:40.717+0000][1692266][trace][gc,age      ] GC(285) - age   1:      15944 bytes,      15944 total
[2025-08-20T16:26:40.717+0000][1692266][trace][gc,age      ] GC(285) - age   5:        176 bytes,      16120 total
[2025-08-20T16:26:40.717+0000][1692266][trace][gc,age      ] GC(285) - age   8:         48 bytes,      16168 total
[2025-08-20T16:26:40.717+0000][1692266][info ][gc,heap     ] GC(285) Eden regions: 75->0(75)
[2025-08-20T16:26:40.717+0000][1692266][info ][gc,heap     ] GC(285) Survivor regions: 1->1(10)
[2025-08-20T16:26:40.717+0000][1692266][info ][gc,heap     ] GC(285) Old regions: 22->22
[2025-08-20T16:26:40.717+0000][1692266][info ][gc,heap     ] GC(285) Humongous regions: 0->0
[2025-08-20T16:26:40.717+0000][1692266][info ][gc,metaspace] GC(285) Metaspace: 141998K(148544K)->141998K(148544K) NonClass: 123041K(127104K)->123041K(127104K) Class: 18957K(21440K)->18957K(21440K)
[2025-08-20T16:26:40.717+0000][1692266][info ][gc          ] GC(285) Pause Young (Normal) (G1 Evacuation Pause) 387M->87M(512M) 3.142ms
[2025-08-20T16:26:40.717+0000][1692266][info ][gc,cpu      ] GC(285) User=0.01s Sys=0.00s Real=0.01s
[2025-08-20T16:26:40.717+0000][1692266][info ][safepoint   ] Safepoint "G1CollectForAllocation", Time since last: 444142024305 ns, Reaching safepoint: 8673 ns, Cleanup: 3245 ns, At safepoint: 3181844 ns, Total: 3193762 ns
[2025-08-20T16:34:05.300+0000][1692266][info ][gc,start    ] GC(286) Pause Young (Concurrent Start) (G1 Evacuation Pause)
[2025-08-20T16:34:05.301+0000][1692266][info ][gc,task     ] GC(286) Using 1 workers of 1 for evacuation
[2025-08-20T16:34:05.301+0000][1692266][debug][gc,age      ] GC(286) Desired survivor size 20971520 bytes, new threshold 15 (max threshold 15)
[2025-08-20T16:34:05.303+0000][1692266][info ][gc,phases   ] GC(286)   Pre Evacuate Collection Set: 0.1ms
[2025-08-20T16:34:05.303+0000][1692266][info ][gc,phases   ] GC(286)   Merge Heap Roots: 0.0ms
[2025-08-20T16:34:05.303+0000][1692266][info ][gc,phases   ] GC(286)   Evacuate Collection Set: 1.2ms
[2025-08-20T16:34:05.303+0000][1692266][info ][gc,phases   ] GC(286)   Post Evacuate Collection Set: 0.7ms
[2025-08-20T16:34:05.303+0000][1692266][info ][gc,phases   ] GC(286)   Other: 0.0ms
[2025-08-20T16:34:05.303+0000][1692266][trace][gc,age      ] GC(286) Age table with threshold 15 (max threshold 15)
[2025-08-20T16:34:05.303+0000][1692266][trace][gc,age      ] GC(286) - age   1:      14704 bytes,      14704 total
[2025-08-20T16:34:05.303+0000][1692266][trace][gc,age      ] GC(286) - age   2:        664 bytes,      15368 total
[2025-08-20T16:34:05.303+0000][1692266][trace][gc,age      ] GC(286) - age   6:        176 bytes,      15544 total
[2025-08-20T16:34:05.303+0000][1692266][trace][gc,age      ] GC(286) - age   9:         48 bytes,      15592 total
[2025-08-20T16:34:05.303+0000][1692266][info ][gc,heap     ] GC(286) Eden regions: 75->0(75)
[2025-08-20T16:34:05.303+0000][1692266][info ][gc,heap     ] GC(286) Survivor regions: 1->1(10)
[2025-08-20T16:34:05.303+0000][1692266][info ][gc,heap     ] GC(286) Old regions: 22->22
[2025-08-20T16:34:05.303+0000][1692266][info ][gc,heap     ] GC(286) Humongous regions: 0->0
[2025-08-20T16:34:05.303+0000][1692266][info ][gc,metaspace] GC(286) Metaspace: 141998K(148544K)->141998K(148544K) NonClass: 123041K(127104K)->123041K(127104K) Class: 18957K(21440K)->18957K(21440K)
[2025-08-20T16:34:05.303+0000][1692266][info ][gc          ] GC(286) Pause Young (Concurrent Start) (G1 Evacuation Pause) 387M->87M(512M) 2.601ms
[2025-08-20T16:34:05.303+0000][1692266][info ][gc,cpu      ] GC(286) User=0.01s Sys=0.00s Real=0.00s
[2025-08-20T16:34:05.303+0000][1692266][info ][safepoint   ] Safepoint "G1CollectForAllocation", Time since last: 444582564083 ns, Reaching safepoint: 9895 ns, Cleanup: 3185 ns, At safepoint: 2641118 ns, Total: 2654198 ns
[2025-08-20T16:34:05.306+0000][1692266][info ][gc          ] GC(287) Concurrent Mark Cycle
[2025-08-20T16:34:05.306+0000][1692266][info ][gc,marking  ] GC(287) Concurrent Scan Root Regions
[2025-08-20T16:34:05.307+0000][1692266][info ][gc,marking  ] GC(287) Concurrent Scan Root Regions 0.545ms
[2025-08-20T16:34:05.307+0000][1692266][info ][gc,marking  ] GC(287) Concurrent Mark
[2025-08-20T16:34:05.307+0000][1692266][info ][gc,marking  ] GC(287) Concurrent Mark From Roots
[2025-08-20T16:34:05.307+0000][1692266][info ][gc,task     ] GC(287) Using 1 workers of 1 for marking
[2025-08-20T16:34:05.422+0000][1692266][info ][gc,marking  ] GC(287) Concurrent Mark From Roots 114.938ms
[2025-08-20T16:34:05.422+0000][1692266][info ][gc,marking  ] GC(287) Concurrent Preclean
[2025-08-20T16:34:05.422+0000][1692266][info ][gc,marking  ] GC(287) Concurrent Preclean 0.340ms
[2025-08-20T16:34:05.422+0000][1692266][info ][gc,start    ] GC(287) Pause Remark
[2025-08-20T16:34:05.426+0000][1692266][info ][gc          ] GC(287) Pause Remark 90M->90M(512M) 4.084ms
[2025-08-20T16:34:05.426+0000][1692266][info ][gc,cpu      ] GC(287) User=0.00s Sys=0.00s Real=0.01s
[2025-08-20T16:34:05.426+0000][1692266][info ][safepoint   ] Safepoint "G1PauseRemark", Time since last: 119563335 ns, Reaching safepoint: 5929 ns, Cleanup: 2684 ns, At safepoint: 4142245 ns, Total: 4150858 ns
[2025-08-20T16:34:05.426+0000][1692266][info ][gc,marking  ] GC(287) Concurrent Mark 119.501ms
[2025-08-20T16:34:05.426+0000][1692266][info ][gc,marking  ] GC(287) Concurrent Rebuild Remembered Sets and Scrub Regions
[2025-08-20T16:34:05.461+0000][1692266][info ][gc,marking  ] GC(287) Concurrent Rebuild Remembered Sets and Scrub Regions 34.135ms
[2025-08-20T16:34:05.461+0000][1692266][info ][gc,start    ] GC(287) Pause Cleanup
[2025-08-20T16:34:05.461+0000][1692266][info ][gc          ] GC(287) Pause Cleanup 90M->90M(512M) 0.029ms
[2025-08-20T16:34:05.461+0000][1692266][info ][gc,cpu      ] GC(287) User=0.00s Sys=0.00s Real=0.00s
[2025-08-20T16:34:05.461+0000][1692266][info ][safepoint   ] Safepoint "G1PauseCleanup", Time since last: 34177436 ns, Reaching safepoint: 4046 ns, Cleanup: 1402 ns, At safepoint: 51989 ns, Total: 57437 ns
[2025-08-20T16:34:05.461+0000][1692266][info ][gc,marking  ] GC(287) Concurrent Clear Claimed Marks
[2025-08-20T16:34:05.461+0000][1692266][info ][gc,marking  ] GC(287) Concurrent Clear Claimed Marks 0.112ms
[2025-08-20T16:34:05.461+0000][1692266][info ][gc,marking  ] GC(287) Concurrent Cleanup for Next Mark
[2025-08-20T16:34:05.474+0000][1692266][info ][gc,marking  ] GC(287) Concurrent Cleanup for Next Mark 12.820ms
[2025-08-20T16:34:05.474+0000][1692266][info ][gc          ] GC(287) Concurrent Mark Cycle 167.243ms
[2025-08-20T16:41:28.564+0000][1692266][info ][gc,start    ] GC(288) Pause Young (Normal) (G1 Evacuation Pause)
[2025-08-20T16:41:28.565+0000][1692266][info ][gc,task     ] GC(288) Using 1 workers of 1 for evacuation
[2025-08-20T16:41:28.565+0000][1692266][debug][gc,age      ] GC(288) Desired survivor size 20971520 bytes, new threshold 15 (max threshold 15)
[2025-08-20T16:41:28.567+0000][1692266][info ][gc,phases   ] GC(288)   Pre Evacuate Collection Set: 0.0ms
[2025-08-20T16:41:28.567+0000][1692266][info ][gc,phases   ] GC(288)   Merge Heap Roots: 0.0ms
[2025-08-20T16:41:28.567+0000][1692266][info ][gc,phases   ] GC(288)   Evacuate Collection Set: 1.6ms
[2025-08-20T16:41:28.567+0000][1692266][info ][gc,phases   ] GC(288)   Post Evacuate Collection Set: 0.7ms
[2025-08-20T16:41:28.567+0000][1692266][info ][gc,phases   ] GC(288)   Other: 0.0ms
[2025-08-20T16:41:28.567+0000][1692266][trace][gc,age      ] GC(288) Age table with threshold 15 (max threshold 15)
[2025-08-20T16:41:28.567+0000][1692266][trace][gc,age      ] GC(288) - age   1:      17784 bytes,      17784 total
[2025-08-20T16:41:28.567+0000][1692266][trace][gc,age      ] GC(288) - age   2:        128 bytes,      17912 total
[2025-08-20T16:41:28.567+0000][1692266][trace][gc,age      ] GC(288) - age   7:        176 bytes,      18088 total
[2025-08-20T16:41:28.567+0000][1692266][trace][gc,age      ] GC(288) - age  10:         48 bytes,      18136 total
[2025-08-20T16:41:28.567+0000][1692266][info ][gc,heap     ] GC(288) Eden regions: 75->0(75)
[2025-08-20T16:41:28.567+0000][1692266][info ][gc,heap     ] GC(288) Survivor regions: 1->1(10)
[2025-08-20T16:41:28.567+0000][1692266][info ][gc,heap     ] GC(288) Old regions: 22->22
[2025-08-20T16:41:28.567+0000][1692266][info ][gc,heap     ] GC(288) Humongous regions: 0->0
[2025-08-20T16:41:28.567+0000][1692266][info ][gc,metaspace] GC(288) Metaspace: 141998K(148544K)->141998K(148544K) NonClass: 123041K(127104K)->123041K(127104K) Class: 18957K(21440K)->18957K(21440K)
[2025-08-20T16:41:28.567+0000][1692266][info ][gc          ] GC(288) Pause Young (Normal) (G1 Evacuation Pause) 387M->87M(512M) 2.882ms
[2025-08-20T16:41:28.567+0000][1692266][info ][gc,cpu      ] GC(288) User=0.00s Sys=0.00s Real=0.01s
[2025-08-20T16:41:28.567+0000][1692266][info ][safepoint   ] Safepoint "G1CollectForAllocation", Time since last: 443103431453 ns, Reaching safepoint: 8553 ns, Cleanup: 3165 ns, At safepoint: 2919858 ns, Total: 2931576 ns
[2025-08-20T16:48:52.315+0000][1692266][info ][gc,start    ] GC(289) Pause Young (Concurrent Start) (G1 Evacuation Pause)
[2025-08-20T16:48:52.316+0000][1692266][info ][gc,task     ] GC(289) Using 1 workers of 1 for evacuation
[2025-08-20T16:48:52.316+0000][1692266][debug][gc,age      ] GC(289) Desired survivor size 20971520 bytes, new threshold 15 (max threshold 15)
[2025-08-20T16:48:52.318+0000][1692266][info ][gc,phases   ] GC(289)   Pre Evacuate Collection Set: 0.1ms
[2025-08-20T16:48:52.318+0000][1692266][info ][gc,phases   ] GC(289)   Merge Heap Roots: 0.0ms
[2025-08-20T16:48:52.318+0000][1692266][info ][gc,phases   ] GC(289)   Evacuate Collection Set: 1.2ms
[2025-08-20T16:48:52.318+0000][1692266][info ][gc,phases   ] GC(289)   Post Evacuate Collection Set: 0.7ms
[2025-08-20T16:48:52.318+0000][1692266][info ][gc,phases   ] GC(289)   Other: 0.0ms
[2025-08-20T16:48:52.318+0000][1692266][trace][gc,age      ] GC(289) Age table with threshold 15 (max threshold 15)
[2025-08-20T16:48:52.318+0000][1692266][trace][gc,age      ] GC(289) - age   1:      14712 bytes,      14712 total
[2025-08-20T16:48:52.318+0000][1692266][trace][gc,age      ] GC(289) - age   2:       1040 bytes,      15752 total
[2025-08-20T16:48:52.318+0000][1692266][trace][gc,age      ] GC(289) - age   8:        176 bytes,      15928 total
[2025-08-20T16:48:52.318+0000][1692266][trace][gc,age      ] GC(289) - age  11:         48 bytes,      15976 total
[2025-08-20T16:48:52.318+0000][1692266][info ][gc,heap     ] GC(289) Eden regions: 75->0(75)
[2025-08-20T16:48:52.318+0000][1692266][info ][gc,heap     ] GC(289) Survivor regions: 1->1(10)
[2025-08-20T16:48:52.318+0000][1692266][info ][gc,heap     ] GC(289) Old regions: 22->22
[2025-08-20T16:48:52.318+0000][1692266][info ][gc,heap     ] GC(289) Humongous regions: 0->0
[2025-08-20T16:48:52.318+0000][1692266][info ][gc,metaspace] GC(289) Metaspace: 141998K(148544K)->141998K(148544K) NonClass: 123041K(127104K)->123041K(127104K) Class: 18957K(21440K)->18957K(21440K)
[2025-08-20T16:48:52.318+0000][1692266][info ][gc          ] GC(289) Pause Young (Concurrent Start) (G1 Evacuation Pause) 387M->87M(512M) 2.596ms
[2025-08-20T16:48:52.318+0000][1692266][info ][gc,cpu      ] GC(289) User=0.00s Sys=0.00s Real=0.01s
[2025-08-20T16:48:52.318+0000][1692266][info ][safepoint   ] Safepoint "G1CollectForAllocation", Time since last: 443748098907 ns, Reaching safepoint: 8993 ns, Cleanup: 2955 ns, At safepoint: 2640206 ns, Total: 2652154 ns
[2025-08-20T16:48:52.322+0000][1692266][info ][gc          ] GC(290) Concurrent Mark Cycle
[2025-08-20T16:48:52.322+0000][1692266][info ][gc,marking  ] GC(290) Concurrent Scan Root Regions
[2025-08-20T16:48:52.323+0000][1692266][info ][gc,marking  ] GC(290) Concurrent Scan Root Regions 0.611ms
[2025-08-20T16:48:52.323+0000][1692266][info ][gc,marking  ] GC(290) Concurrent Mark
[2025-08-20T16:48:52.323+0000][1692266][info ][gc,marking  ] GC(290) Concurrent Mark From Roots
[2025-08-20T16:48:52.323+0000][1692266][info ][gc,task     ] GC(290) Using 1 workers of 1 for marking
[2025-08-20T16:48:52.430+0000][1692266][info ][gc,marking  ] GC(290) Concurrent Mark From Roots 107.195ms
[2025-08-20T16:48:52.430+0000][1692266][info ][gc,marking  ] GC(290) Concurrent Preclean
[2025-08-20T16:48:52.430+0000][1692266][info ][gc,marking  ] GC(290) Concurrent Preclean 0.339ms
[2025-08-20T16:48:52.430+0000][1692266][info ][gc,start    ] GC(290) Pause Remark
[2025-08-20T16:48:52.434+0000][1692266][info ][gc          ] GC(290) Pause Remark 88M->88M(512M) 3.980ms
[2025-08-20T16:48:52.434+0000][1692266][info ][gc,cpu      ] GC(290) User=0.00s Sys=0.00s Real=0.00s
[2025-08-20T16:48:52.434+0000][1692266][info ][safepoint   ] Safepoint "G1PauseRemark", Time since last: 112346850 ns, Reaching safepoint: 6100 ns, Cleanup: 2634 ns, At safepoint: 4024407 ns, Total: 4033141 ns
[2025-08-20T16:48:52.434+0000][1692266][info ][gc,marking  ] GC(290) Concurrent Mark 111.639ms
[2025-08-20T16:48:52.434+0000][1692266][info ][gc,marking  ] GC(290) Concurrent Rebuild Remembered Sets and Scrub Regions
[2025-08-20T16:48:52.482+0000][1692266][info ][gc,marking  ] GC(290) Concurrent Rebuild Remembered Sets and Scrub Regions 47.901ms
[2025-08-20T16:48:52.482+0000][1692266][info ][gc,start    ] GC(290) Pause Cleanup
[2025-08-20T16:48:52.482+0000][1692266][info ][gc          ] GC(290) Pause Cleanup 88M->88M(512M) 0.035ms
[2025-08-20T16:48:52.482+0000][1692266][info ][gc,cpu      ] GC(290) User=0.00s Sys=0.00s Real=0.00s
[2025-08-20T16:48:52.482+0000][1692266][info ][safepoint   ] Safepoint "G1PauseCleanup", Time since last: 47964389 ns, Reaching safepoint: 5017 ns, Cleanup: 1933 ns, At safepoint: 62034 ns, Total: 68984 ns
[2025-08-20T16:48:52.482+0000][1692266][info ][gc,marking  ] GC(290) Concurrent Clear Claimed Marks
[2025-08-20T16:48:52.482+0000][1692266][info ][gc,marking  ] GC(290) Concurrent Clear Claimed Marks 0.139ms
[2025-08-20T16:48:52.482+0000][1692266][info ][gc,marking  ] GC(290) Concurrent Cleanup for Next Mark
[2025-08-20T16:48:52.483+0000][1692266][info ][gc,marking  ] GC(290) Concurrent Cleanup for Next Mark 0.274ms
[2025-08-20T16:48:52.483+0000][1692266][info ][gc          ] GC(290) Concurrent Mark Cycle 160.725ms
[2025-08-20T16:56:16.888+0000][1692266][info ][gc,start    ] GC(291) Pause Young (Normal) (G1 Evacuation Pause)
[2025-08-20T16:56:16.888+0000][1692266][info ][gc,task     ] GC(291) Using 1 workers of 1 for evacuation
[2025-08-20T16:56:16.888+0000][1692266][debug][gc,age      ] GC(291) Desired survivor size 20971520 bytes, new threshold 15 (max threshold 15)
[2025-08-20T16:56:16.891+0000][1692266][info ][gc,phases   ] GC(291)   Pre Evacuate Collection Set: 0.1ms
[2025-08-20T16:56:16.891+0000][1692266][info ][gc,phases   ] GC(291)   Merge Heap Roots: 0.0ms
[2025-08-20T16:56:16.891+0000][1692266][info ][gc,phases   ] GC(291)   Evacuate Collection Set: 1.6ms
[2025-08-20T16:56:16.891+0000][1692266][info ][gc,phases   ] GC(291)   Post Evacuate Collection Set: 0.8ms
[2025-08-20T16:56:16.891+0000][1692266][info ][gc,phases   ] GC(291)   Other: 0.0ms
[2025-08-20T16:56:16.891+0000][1692266][trace][gc,age      ] GC(291) Age table with threshold 15 (max threshold 15)
[2025-08-20T16:56:16.891+0000][1692266][trace][gc,age      ] GC(291) - age   1:      16208 bytes,      16208 total
[2025-08-20T16:56:16.891+0000][1692266][trace][gc,age      ] GC(291) - age   3:         64 bytes,      16272 total
[2025-08-20T16:56:16.891+0000][1692266][trace][gc,age      ] GC(291) - age  12:         48 bytes,      16320 total
[2025-08-20T16:56:16.891+0000][1692266][info ][gc,heap     ] GC(291) Eden regions: 75->0(75)
[2025-08-20T16:56:16.891+0000][1692266][info ][gc,heap     ] GC(291) Survivor regions: 1->1(10)
[2025-08-20T16:56:16.891+0000][1692266][info ][gc,heap     ] GC(291) Old regions: 22->22
[2025-08-20T16:56:16.891+0000][1692266][info ][gc,heap     ] GC(291) Humongous regions: 0->0
[2025-08-20T16:56:16.891+0000][1692266][info ][gc,metaspace] GC(291) Metaspace: 142000K(148544K)->142000K(148544K) NonClass: 123043K(127104K)->123043K(127104K) Class: 18957K(21440K)->18957K(21440K)
[2025-08-20T16:56:16.891+0000][1692266][info ][gc          ] GC(291) Pause Young (Normal) (G1 Evacuation Pause) 387M->87M(512M) 2.993ms
[2025-08-20T16:56:16.891+0000][1692266][info ][gc,cpu      ] GC(291) User=0.00s Sys=0.01s Real=0.00s
[2025-08-20T16:56:16.891+0000][1692266][info ][safepoint   ] Safepoint "G1CollectForAllocation", Time since last: 444405720041 ns, Reaching safepoint: 9004 ns, Cleanup: 3475 ns, At safepoint: 3030356 ns, Total: 3042835 ns
[2025-08-20T17:03:41.348+0000][1692266][info ][gc,start    ] GC(292) Pause Young (Concurrent Start) (G1 Evacuation Pause)
[2025-08-20T17:03:41.349+0000][1692266][info ][gc,task     ] GC(292) Using 1 workers of 1 for evacuation
[2025-08-20T17:03:41.349+0000][1692266][debug][gc,age      ] GC(292) Desired survivor size 20971520 bytes, new threshold 15 (max threshold 15)
[2025-08-20T17:03:41.351+0000][1692266][info ][gc,phases   ] GC(292)   Pre Evacuate Collection Set: 0.1ms
[2025-08-20T17:03:41.351+0000][1692266][info ][gc,phases   ] GC(292)   Merge Heap Roots: 0.0ms
[2025-08-20T17:03:41.351+0000][1692266][info ][gc,phases   ] GC(292)   Evacuate Collection Set: 1.2ms
[2025-08-20T17:03:41.351+0000][1692266][info ][gc,phases   ] GC(292)   Post Evacuate Collection Set: 0.7ms
[2025-08-20T17:03:41.351+0000][1692266][info ][gc,phases   ] GC(292)   Other: 0.0ms
[2025-08-20T17:03:41.351+0000][1692266][trace][gc,age      ] GC(292) Age table with threshold 15 (max threshold 15)
[2025-08-20T17:03:41.351+0000][1692266][trace][gc,age      ] GC(292) - age   1:      50776 bytes,      50776 total
[2025-08-20T17:03:41.351+0000][1692266][trace][gc,age      ] GC(292) - age   2:        840 bytes,      51616 total
[2025-08-20T17:03:41.351+0000][1692266][trace][gc,age      ] GC(292) - age   4:         64 bytes,      51680 total
[2025-08-20T17:03:41.351+0000][1692266][trace][gc,age      ] GC(292) - age  13:         48 bytes,      51728 total
[2025-08-20T17:03:41.351+0000][1692266][info ][gc,heap     ] GC(292) Eden regions: 75->0(75)
[2025-08-20T17:03:41.351+0000][1692266][info ][gc,heap     ] GC(292) Survivor regions: 1->1(10)
[2025-08-20T17:03:41.351+0000][1692266][info ][gc,heap     ] GC(292) Old regions: 22->22
[2025-08-20T17:03:41.351+0000][1692266][info ][gc,heap     ] GC(292) Humongous regions: 0->0
[2025-08-20T17:03:41.351+0000][1692266][info ][gc,metaspace] GC(292) Metaspace: 142000K(148544K)->142000K(148544K) NonClass: 123043K(127104K)->123043K(127104K) Class: 18957K(21440K)->18957K(21440K)
[2025-08-20T17:03:41.351+0000][1692266][info ][gc          ] GC(292) Pause Young (Concurrent Start) (G1 Evacuation Pause) 387M->87M(512M) 2.518ms
[2025-08-20T17:03:41.351+0000][1692266][info ][gc,cpu      ] GC(292) User=0.00s Sys=0.00s Real=0.00s
[2025-08-20T17:03:41.351+0000][1692266][info ][safepoint   ] Safepoint "G1CollectForAllocation", Time since last: 444456959673 ns, Reaching safepoint: 229486 ns, Cleanup: 3375 ns, At safepoint: 2558263 ns, Total: 2791124 ns
[2025-08-20T17:03:41.357+0000][1692266][info ][gc          ] GC(293) Concurrent Mark Cycle
[2025-08-20T17:03:41.357+0000][1692266][info ][gc,marking  ] GC(293) Concurrent Scan Root Regions
[2025-08-20T17:03:41.359+0000][1692266][info ][gc,marking  ] GC(293) Concurrent Scan Root Regions 1.225ms
[2025-08-20T17:03:41.359+0000][1692266][info ][gc,marking  ] GC(293) Concurrent Mark
[2025-08-20T17:03:41.359+0000][1692266][info ][gc,marking  ] GC(293) Concurrent Mark From Roots
[2025-08-20T17:03:41.359+0000][1692266][info ][gc,task     ] GC(293) Using 1 workers of 1 for marking
[2025-08-20T17:03:41.459+0000][1692266][info ][gc,marking  ] GC(293) Concurrent Mark From Roots 100.566ms
[2025-08-20T17:03:41.459+0000][1692266][info ][gc,marking  ] GC(293) Concurrent Preclean
[2025-08-20T17:03:41.460+0000][1692266][info ][gc,marking  ] GC(293) Concurrent Preclean 0.306ms
[2025-08-20T17:03:41.460+0000][1692266][info ][gc,start    ] GC(293) Pause Remark
[2025-08-20T17:03:41.464+0000][1692266][info ][gc          ] GC(293) Pause Remark 89M->89M(512M) 4.056ms
[2025-08-20T17:03:41.464+0000][1692266][info ][gc,cpu      ] GC(293) User=0.01s Sys=0.00s Real=0.00s
[2025-08-20T17:03:41.464+0000][1692266][info ][safepoint   ] Safepoint "G1PauseRemark", Time since last: 108846894 ns, Reaching safepoint: 5759 ns, Cleanup: 3355 ns, At safepoint: 4102875 ns, Total: 4111989 ns
[2025-08-20T17:03:41.464+0000][1692266][info ][gc,marking  ] GC(293) Concurrent Mark 105.058ms
[2025-08-20T17:03:41.464+0000][1692266][info ][gc,marking  ] GC(293) Concurrent Rebuild Remembered Sets and Scrub Regions
[2025-08-20T17:03:41.509+0000][1692266][info ][gc,marking  ] GC(293) Concurrent Rebuild Remembered Sets and Scrub Regions 45.197ms
[2025-08-20T17:03:41.509+0000][1692266][info ][gc,start    ] GC(293) Pause Cleanup
[2025-08-20T17:03:41.509+0000][1692266][info ][gc          ] GC(293) Pause Cleanup 89M->89M(512M) 0.035ms
[2025-08-20T17:03:41.509+0000][1692266][info ][gc,cpu      ] GC(293) User=0.00s Sys=0.00s Real=0.00s
[2025-08-20T17:03:41.509+0000][1692266][info ][safepoint   ] Safepoint "G1PauseCleanup", Time since last: 45253400 ns, Reaching safepoint: 4267 ns, Cleanup: 2173 ns, At safepoint: 63837 ns, Total: 70277 ns
[2025-08-20T17:03:41.509+0000][1692266][info ][gc,marking  ] GC(293) Concurrent Clear Claimed Marks
[2025-08-20T17:03:41.509+0000][1692266][info ][gc,marking  ] GC(293) Concurrent Clear Claimed Marks 0.178ms
[2025-08-20T17:03:41.509+0000][1692266][info ][gc,marking  ] GC(293) Concurrent Cleanup for Next Mark
[2025-08-20T17:03:41.525+0000][1692266][info ][gc,marking  ] GC(293) Concurrent Cleanup for Next Mark 15.426ms
[2025-08-20T17:03:41.525+0000][1692266][info ][gc          ] GC(293) Concurrent Mark Cycle 167.246ms
[2025-08-20T17:05:55.518+0000][1692266][info ][safepoint   ] Safepoint "Cleanup", Time since last: 134008745944 ns, Reaching safepoint: 7481 ns, Cleanup: 9474 ns, At safepoint: 2163 ns, Total: 19118 ns
[2025-08-20T17:11:05.160+0000][1692266][info ][gc,start    ] GC(294) Pause Young (Normal) (G1 Evacuation Pause)
[2025-08-20T17:11:05.161+0000][1692266][info ][gc,task     ] GC(294) Using 1 workers of 1 for evacuation
[2025-08-20T17:11:05.161+0000][1692266][debug][gc,age      ] GC(294) Desired survivor size 20971520 bytes, new threshold 15 (max threshold 15)
[2025-08-20T17:11:05.163+0000][1692266][info ][gc,phases   ] GC(294)   Pre Evacuate Collection Set: 0.1ms
[2025-08-20T17:11:05.163+0000][1692266][info ][gc,phases   ] GC(294)   Merge Heap Roots: 0.0ms
[2025-08-20T17:11:05.163+0000][1692266][info ][gc,phases   ] GC(294)   Evacuate Collection Set: 1.6ms
[2025-08-20T17:11:05.163+0000][1692266][info ][gc,phases   ] GC(294)   Post Evacuate Collection Set: 0.7ms
[2025-08-20T17:11:05.163+0000][1692266][info ][gc,phases   ] GC(294)   Other: 0.0ms
[2025-08-20T17:11:05.163+0000][1692266][trace][gc,age      ] GC(294) Age table with threshold 15 (max threshold 15)
[2025-08-20T17:11:05.163+0000][1692266][trace][gc,age      ] GC(294) - age   1:      15848 bytes,      15848 total
[2025-08-20T17:11:05.163+0000][1692266][trace][gc,age      ] GC(294) - age   2:        128 bytes,      15976 total
[2025-08-20T17:11:05.163+0000][1692266][trace][gc,age      ] GC(294) - age   3:        176 bytes,      16152 total
[2025-08-20T17:11:05.163+0000][1692266][trace][gc,age      ] GC(294) - age   5:         64 bytes,      16216 total
[2025-08-20T17:11:05.163+0000][1692266][trace][gc,age      ] GC(294) - age  14:         48 bytes,      16264 total
[2025-08-20T17:11:05.163+0000][1692266][info ][gc,heap     ] GC(294) Eden regions: 75->0(75)
[2025-08-20T17:11:05.163+0000][1692266][info ][gc,heap     ] GC(294) Survivor regions: 1->1(10)
[2025-08-20T17:11:05.163+0000][1692266][info ][gc,heap     ] GC(294) Old regions: 22->22
[2025-08-20T17:11:05.163+0000][1692266][info ][gc,heap     ] GC(294) Humongous regions: 0->0
[2025-08-20T17:11:05.163+0000][1692266][info ][gc,metaspace] GC(294) Metaspace: 142000K(148544K)->142000K(148544K) NonClass: 123043K(127104K)->123043K(127104K) Class: 18957K(21440K)->18957K(21440K)
[2025-08-20T17:11:05.163+0000][1692266][info ][gc          ] GC(294) Pause Young (Normal) (G1 Evacuation Pause) 387M->87M(512M) 3.015ms
[2025-08-20T17:11:05.163+0000][1692266][info ][gc,cpu      ] GC(294) User=0.00s Sys=0.00s Real=0.00s
[2025-08-20T17:11:05.163+0000][1692266][info ][safepoint   ] Safepoint "G1CollectForAllocation", Time since last: 309642696729 ns, Reaching safepoint: 9494 ns, Cleanup: 3576 ns, At safepoint: 3054372 ns, Total: 3067442 ns
[2025-08-20T17:15:56.181+0000][1692266][info ][safepoint   ] Safepoint "Cleanup", Time since last: 291017293903 ns, Reaching safepoint: 7532 ns, Cleanup: 11707 ns, At safepoint: 197298 ns, Total: 216537 ns
[2025-08-20T17:18:28.228+0000][1692266][info ][gc,start    ] GC(295) Pause Young (Concurrent Start) (G1 Evacuation Pause)
[2025-08-20T17:18:28.229+0000][1692266][info ][gc,task     ] GC(295) Using 1 workers of 1 for evacuation
[2025-08-20T17:18:28.229+0000][1692266][debug][gc,age      ] GC(295) Desired survivor size 20971520 bytes, new threshold 15 (max threshold 15)
[2025-08-20T17:18:28.231+0000][1692266][info ][gc,phases   ] GC(295)   Pre Evacuate Collection Set: 0.1ms
[2025-08-20T17:18:28.231+0000][1692266][info ][gc,phases   ] GC(295)   Merge Heap Roots: 0.0ms
[2025-08-20T17:18:28.231+0000][1692266][info ][gc,phases   ] GC(295)   Evacuate Collection Set: 1.2ms
[2025-08-20T17:18:28.231+0000][1692266][info ][gc,phases   ] GC(295)   Post Evacuate Collection Set: 0.7ms
[2025-08-20T17:18:28.231+0000][1692266][info ][gc,phases   ] GC(295)   Other: 0.0ms
[2025-08-20T17:18:28.231+0000][1692266][trace][gc,age      ] GC(295) Age table with threshold 15 (max threshold 15)
[2025-08-20T17:18:28.231+0000][1692266][trace][gc,age      ] GC(295) - age   1:      16000 bytes,      16000 total
[2025-08-20T17:18:28.231+0000][1692266][trace][gc,age      ] GC(295) - age   2:       1080 bytes,      17080 total
[2025-08-20T17:18:28.231+0000][1692266][trace][gc,age      ] GC(295) - age   4:        176 bytes,      17256 total
[2025-08-20T17:18:28.231+0000][1692266][trace][gc,age      ] GC(295) - age   6:         64 bytes,      17320 total
[2025-08-20T17:18:28.231+0000][1692266][trace][gc,age      ] GC(295) - age  15:         48 bytes,      17368 total
[2025-08-20T17:18:28.231+0000][1692266][info ][gc,heap     ] GC(295) Eden regions: 75->0(75)
[2025-08-20T17:18:28.231+0000][1692266][info ][gc,heap     ] GC(295) Survivor regions: 1->1(10)
[2025-08-20T17:18:28.231+0000][1692266][info ][gc,heap     ] GC(295) Old regions: 22->22
[2025-08-20T17:18:28.231+0000][1692266][info ][gc,heap     ] GC(295) Humongous regions: 0->0
[2025-08-20T17:18:28.231+0000][1692266][info ][gc,metaspace] GC(295) Metaspace: 142000K(148544K)->142000K(148544K) NonClass: 123043K(127104K)->123043K(127104K) Class: 18957K(21440K)->18957K(21440K)
[2025-08-20T17:18:28.231+0000][1692266][info ][gc          ] GC(295) Pause Young (Concurrent Start) (G1 Evacuation Pause) 387M->87M(512M) 2.406ms
[2025-08-20T17:18:28.231+0000][1692266][info ][gc,cpu      ] GC(295) User=0.00s Sys=0.00s Real=0.00s
[2025-08-20T17:18:28.231+0000][1692266][info ][safepoint   ] Safepoint "G1CollectForAllocation", Time since last: 152047022491 ns, Reaching safepoint: 209246 ns, Cleanup: 2844 ns, At safepoint: 2448427 ns, Total: 2660517 ns
[2025-08-20T17:18:28.234+0000][1692266][info ][gc          ] GC(296) Concurrent Mark Cycle
[2025-08-20T17:18:28.234+0000][1692266][info ][gc,marking  ] GC(296) Concurrent Scan Root Regions
[2025-08-20T17:18:28.235+0000][1692266][info ][gc,marking  ] GC(296) Concurrent Scan Root Regions 0.702ms
[2025-08-20T17:18:28.235+0000][1692266][info ][gc,marking  ] GC(296) Concurrent Mark
[2025-08-20T17:18:28.235+0000][1692266][info ][gc,marking  ] GC(296) Concurrent Mark From Roots
[2025-08-20T17:18:28.235+0000][1692266][info ][gc,task     ] GC(296) Using 1 workers of 1 for marking
[2025-08-20T17:18:28.340+0000][1692266][info ][gc,marking  ] GC(296) Concurrent Mark From Roots 104.782ms
[2025-08-20T17:18:28.340+0000][1692266][info ][gc,marking  ] GC(296) Concurrent Preclean
[2025-08-20T17:18:28.340+0000][1692266][info ][gc,marking  ] GC(296) Concurrent Preclean 0.327ms
[2025-08-20T17:18:28.340+0000][1692266][info ][gc,start    ] GC(296) Pause Remark
[2025-08-20T17:18:28.344+0000][1692266][info ][gc          ] GC(296) Pause Remark 88M->88M(512M) 4.108ms
[2025-08-20T17:18:28.344+0000][1692266][info ][gc,cpu      ] GC(296) User=0.00s Sys=0.00s Real=0.00s
[2025-08-20T17:18:28.344+0000][1692266][info ][safepoint   ] Safepoint "G1PauseRemark", Time since last: 109552119 ns, Reaching safepoint: 5969 ns, Cleanup: 3435 ns, At safepoint: 4151429 ns, Total: 4160833 ns
[2025-08-20T17:18:28.344+0000][1692266][info ][gc,marking  ] GC(296) Concurrent Mark 109.342ms
[2025-08-20T17:18:28.344+0000][1692266][info ][gc,marking  ] GC(296) Concurrent Rebuild Remembered Sets and Scrub Regions
[2025-08-20T17:18:28.391+0000][1692266][info ][gc,marking  ] GC(296) Concurrent Rebuild Remembered Sets and Scrub Regions 46.468ms
[2025-08-20T17:18:28.391+0000][1692266][info ][gc,start    ] GC(296) Pause Cleanup
[2025-08-20T17:18:28.391+0000][1692266][info ][gc          ] GC(296) Pause Cleanup 88M->88M(512M) 0.033ms
[2025-08-20T17:18:28.391+0000][1692266][info ][gc,cpu      ] GC(296) User=0.00s Sys=0.00s Real=0.00s
[2025-08-20T17:18:28.391+0000][1692266][info ][safepoint   ] Safepoint "G1PauseCleanup", Time since last: 46514214 ns, Reaching safepoint: 4006 ns, Cleanup: 882 ns, At safepoint: 59279 ns, Total: 64167 ns
[2025-08-20T17:18:28.391+0000][1692266][info ][gc,marking  ] GC(296) Concurrent Clear Claimed Marks
[2025-08-20T17:18:28.391+0000][1692266][info ][gc,marking  ] GC(296) Concurrent Clear Claimed Marks 0.153ms
[2025-08-20T17:18:28.391+0000][1692266][info ][gc,marking  ] GC(296) Concurrent Cleanup for Next Mark
[2025-08-20T17:18:28.396+0000][1692266][info ][gc,marking  ] GC(296) Concurrent Cleanup for Next Mark 4.888ms
[2025-08-20T17:18:28.396+0000][1692266][info ][gc          ] GC(296) Concurrent Mark Cycle 161.736ms
[2025-08-20T17:25:52.127+0000][1692266][info ][gc,start    ] GC(297) Pause Young (Normal) (G1 Evacuation Pause)
[2025-08-20T17:25:52.460+0000][1692266][info ][gc,task     ] GC(297) Using 1 workers of 1 for evacuation
[2025-08-20T17:25:52.460+0000][1692266][debug][gc,age      ] GC(297) Desired survivor size 20971520 bytes, new threshold 15 (max threshold 15)
[2025-08-20T17:25:52.462+0000][1692266][info ][gc,phases   ] GC(297)   Pre Evacuate Collection Set: 0.1ms
[2025-08-20T17:25:52.462+0000][1692266][info ][gc,phases   ] GC(297)   Merge Heap Roots: 0.1ms
[2025-08-20T17:25:52.462+0000][1692266][info ][gc,phases   ] GC(297)   Evacuate Collection Set: 1.6ms
[2025-08-20T17:25:52.462+0000][1692266][info ][gc,phases   ] GC(297)   Post Evacuate Collection Set: 0.8ms
[2025-08-20T17:25:52.462+0000][1692266][info ][gc,phases   ] GC(297)   Other: 0.1ms
[2025-08-20T17:25:52.462+0000][1692266][trace][gc,age      ] GC(297) Age table with threshold 15 (max threshold 15)
[2025-08-20T17:25:52.462+0000][1692266][trace][gc,age      ] GC(297) - age   1:      15512 bytes,      15512 total
[2025-08-20T17:25:52.462+0000][1692266][trace][gc,age      ] GC(297) - age   2:         80 bytes,      15592 total
[2025-08-20T17:25:52.462+0000][1692266][trace][gc,age      ] GC(297) - age   3:        104 bytes,      15696 total
[2025-08-20T17:25:52.462+0000][1692266][trace][gc,age      ] GC(297) - age   5:        176 bytes,      15872 total
[2025-08-20T17:25:52.462+0000][1692266][trace][gc,age      ] GC(297) - age   7:         64 bytes,      15936 total
[2025-08-20T17:25:52.462+0000][1692266][info ][gc,heap     ] GC(297) Eden regions: 75->0(75)
[2025-08-20T17:25:52.462+0000][1692266][info ][gc,heap     ] GC(297) Survivor regions: 1->1(10)
[2025-08-20T17:25:52.462+0000][1692266][info ][gc,heap     ] GC(297) Old regions: 22->22
[2025-08-20T17:25:52.462+0000][1692266][info ][gc,heap     ] GC(297) Humongous regions: 0->0
[2025-08-20T17:25:52.462+0000][1692266][info ][gc,metaspace] GC(297) Metaspace: 142000K(148544K)->142000K(148544K) NonClass: 123043K(127104K)->123043K(127104K) Class: 18957K(21440K)->18957K(21440K)
[2025-08-20T17:25:52.462+0000][1692266][info ][gc          ] GC(297) Pause Young (Normal) (G1 Evacuation Pause) 387M->87M(512M) 334.919ms
[2025-08-20T17:25:52.462+0000][1692266][info ][gc,cpu      ] GC(297) User=0.00s Sys=0.00s Real=0.33s
[2025-08-20T17:25:52.462+0000][1692266][info ][safepoint   ] Safepoint "G1CollectForAllocation", Time since last: 443736462534 ns, Reaching safepoint: 8092 ns, Cleanup: 2975 ns, At safepoint: 334978664 ns, Total: 334989731 ns
[2025-08-20T17:29:53.477+0000][1692266][info ][safepoint   ] Safepoint "Cleanup", Time since last: 241014375340 ns, Reaching safepoint: 77406 ns, Cleanup: 11197 ns, At safepoint: 4848 ns, Total: 93451 ns
[2025-08-20T17:33:15.357+0000][1692266][info ][gc,start    ] GC(298) Pause Young (Concurrent Start) (G1 Evacuation Pause)
[2025-08-20T17:33:15.357+0000][1692266][info ][gc,task     ] GC(298) Using 1 workers of 1 for evacuation
[2025-08-20T17:33:15.357+0000][1692266][debug][gc,age      ] GC(298) Desired survivor size 20971520 bytes, new threshold 15 (max threshold 15)
[2025-08-20T17:33:15.359+0000][1692266][info ][gc,phases   ] GC(298)   Pre Evacuate Collection Set: 0.1ms
[2025-08-20T17:33:15.359+0000][1692266][info ][gc,phases   ] GC(298)   Merge Heap Roots: 0.0ms
[2025-08-20T17:33:15.359+0000][1692266][info ][gc,phases   ] GC(298)   Evacuate Collection Set: 1.2ms
[2025-08-20T17:33:15.359+0000][1692266][info ][gc,phases   ] GC(298)   Post Evacuate Collection Set: 0.7ms
[2025-08-20T17:33:15.359+0000][1692266][info ][gc,phases   ] GC(298)   Other: 0.0ms
[2025-08-20T17:33:15.359+0000][1692266][trace][gc,age      ] GC(298) Age table with threshold 15 (max threshold 15)
[2025-08-20T17:33:15.359+0000][1692266][trace][gc,age      ] GC(298) - age   1:      33928 bytes,      33928 total
[2025-08-20T17:33:15.359+0000][1692266][trace][gc,age      ] GC(298) - age   2:        584 bytes,      34512 total
[2025-08-20T17:33:15.359+0000][1692266][trace][gc,age      ] GC(298) - age   4:        104 bytes,      34616 total
[2025-08-20T17:33:15.359+0000][1692266][trace][gc,age      ] GC(298) - age   6:        176 bytes,      34792 total
[2025-08-20T17:33:15.359+0000][1692266][trace][gc,age      ] GC(298) - age   8:         64 bytes,      34856 total
[2025-08-20T17:33:15.359+0000][1692266][info ][gc,heap     ] GC(298) Eden regions: 75->0(75)
[2025-08-20T17:33:15.359+0000][1692266][info ][gc,heap     ] GC(298) Survivor regions: 1->1(10)
[2025-08-20T17:33:15.359+0000][1692266][info ][gc,heap     ] GC(298) Old regions: 22->22
[2025-08-20T17:33:15.359+0000][1692266][info ][gc,heap     ] GC(298) Humongous regions: 0->0
[2025-08-20T17:33:15.359+0000][1692266][info ][gc,metaspace] GC(298) Metaspace: 142000K(148544K)->142000K(148544K) NonClass: 123043K(127104K)->123043K(127104K) Class: 18957K(21440K)->18957K(21440K)
[2025-08-20T17:33:15.359+0000][1692266][info ][gc          ] GC(298) Pause Young (Concurrent Start) (G1 Evacuation Pause) 387M->87M(512M) 2.434ms
[2025-08-20T17:33:15.359+0000][1692266][info ][gc,cpu      ] GC(298) User=0.00s Sys=0.00s Real=0.00s
[2025-08-20T17:33:15.359+0000][1692266][info ][safepoint   ] Safepoint "G1CollectForAllocation", Time since last: 201879923024 ns, Reaching safepoint: 6249 ns, Cleanup: 2784 ns, At safepoint: 2476610 ns, Total: 2485643 ns
[2025-08-20T17:33:15.366+0000][1692266][info ][gc          ] GC(299) Concurrent Mark Cycle
[2025-08-20T17:33:15.366+0000][1692266][info ][gc,marking  ] GC(299) Concurrent Scan Root Regions
[2025-08-20T17:33:15.367+0000][1692266][info ][gc,marking  ] GC(299) Concurrent Scan Root Regions 0.596ms
[2025-08-20T17:33:15.367+0000][1692266][info ][gc,marking  ] GC(299) Concurrent Mark
[2025-08-20T17:33:15.367+0000][1692266][info ][gc,marking  ] GC(299) Concurrent Mark From Roots
[2025-08-20T17:33:15.367+0000][1692266][info ][gc,task     ] GC(299) Using 1 workers of 1 for marking
[2025-08-20T17:33:15.487+0000][1692266][info ][gc,marking  ] GC(299) Concurrent Mark From Roots 120.114ms
[2025-08-20T17:33:15.487+0000][1692266][info ][gc,marking  ] GC(299) Concurrent Preclean
[2025-08-20T17:33:15.488+0000][1692266][info ][gc,marking  ] GC(299) Concurrent Preclean 0.382ms
[2025-08-20T17:33:15.488+0000][1692266][info ][gc,start    ] GC(299) Pause Remark
[2025-08-20T17:33:15.492+0000][1692266][info ][gc          ] GC(299) Pause Remark 89M->89M(512M) 4.081ms
[2025-08-20T17:33:15.492+0000][1692266][info ][gc,cpu      ] GC(299) User=0.01s Sys=0.00s Real=0.00s
[2025-08-20T17:33:15.492+0000][1692266][info ][safepoint   ] Safepoint "G1PauseRemark", Time since last: 128212790 ns, Reaching safepoint: 5799 ns, Cleanup: 2944 ns, At safepoint: 4121894 ns, Total: 4130637 ns
[2025-08-20T17:33:15.492+0000][1692266][info ][gc,marking  ] GC(299) Concurrent Mark 124.696ms
[2025-08-20T17:33:15.492+0000][1692266][info ][gc,marking  ] GC(299) Concurrent Rebuild Remembered Sets and Scrub Regions
[2025-08-20T17:33:15.542+0000][1692266][info ][gc,marking  ] GC(299) Concurrent Rebuild Remembered Sets and Scrub Regions 50.083ms
[2025-08-20T17:33:15.542+0000][1692266][info ][gc,start    ] GC(299) Pause Cleanup
[2025-08-20T17:33:15.542+0000][1692266][info ][gc          ] GC(299) Pause Cleanup 90M->90M(512M) 0.035ms
[2025-08-20T17:33:15.542+0000][1692266][info ][gc,cpu      ] GC(299) User=0.00s Sys=0.00s Real=0.00s
[2025-08-20T17:33:15.542+0000][1692266][info ][safepoint   ] Safepoint "G1PauseCleanup", Time since last: 50137468 ns, Reaching safepoint: 4176 ns, Cleanup: 1542 ns, At safepoint: 60972 ns, Total: 66690 ns
[2025-08-20T17:33:15.542+0000][1692266][info ][gc,marking  ] GC(299) Concurrent Clear Claimed Marks
[2025-08-20T17:33:15.542+0000][1692266][info ][gc,marking  ] GC(299) Concurrent Clear Claimed Marks 0.152ms
[2025-08-20T17:33:15.542+0000][1692266][info ][gc,marking  ] GC(299) Concurrent Cleanup for Next Mark
[2025-08-20T17:33:15.542+0000][1692266][info ][gc,marking  ] GC(299) Concurrent Cleanup for Next Mark 0.262ms
[2025-08-20T17:33:15.542+0000][1692266][info ][gc          ] GC(299) Concurrent Mark Cycle 175.954ms
[2025-08-20T17:40:38.920+0000][1692266][info ][gc,start    ] GC(300) Pause Young (Normal) (G1 Evacuation Pause)
[2025-08-20T17:40:38.920+0000][1692266][info ][gc,task     ] GC(300) Using 1 workers of 1 for evacuation
[2025-08-20T17:40:38.920+0000][1692266][debug][gc,age      ] GC(300) Desired survivor size 20971520 bytes, new threshold 15 (max threshold 15)
[2025-08-20T17:40:38.923+0000][1692266][info ][gc,phases   ] GC(300)   Pre Evacuate Collection Set: 0.1ms
[2025-08-20T17:40:38.923+0000][1692266][info ][gc,phases   ] GC(300)   Merge Heap Roots: 0.0ms
[2025-08-20T17:40:38.923+0000][1692266][info ][gc,phases   ] GC(300)   Evacuate Collection Set: 1.6ms
[2025-08-20T17:40:38.923+0000][1692266][info ][gc,phases   ] GC(300)   Post Evacuate Collection Set: 0.7ms
[2025-08-20T17:40:38.923+0000][1692266][info ][gc,phases   ] GC(300)   Other: 0.4ms
[2025-08-20T17:40:38.923+0000][1692266][trace][gc,age      ] GC(300) Age table with threshold 15 (max threshold 15)
[2025-08-20T17:40:38.923+0000][1692266][trace][gc,age      ] GC(300) - age   1:      16632 bytes,      16632 total
[2025-08-20T17:40:38.923+0000][1692266][trace][gc,age      ] GC(300) - age   2:        552 bytes,      17184 total
[2025-08-20T17:40:38.923+0000][1692266][trace][gc,age      ] GC(300) - age   5:        104 bytes,      17288 total
[2025-08-20T17:40:38.923+0000][1692266][trace][gc,age      ] GC(300) - age   7:        176 bytes,      17464 total
[2025-08-20T17:40:38.923+0000][1692266][trace][gc,age      ] GC(300) - age   9:         64 bytes,      17528 total
[2025-08-20T17:40:38.923+0000][1692266][info ][gc,heap     ] GC(300) Eden regions: 75->0(75)
[2025-08-20T17:40:38.923+0000][1692266][info ][gc,heap     ] GC(300) Survivor regions: 1->1(10)
[2025-08-20T17:40:38.923+0000][1692266][info ][gc,heap     ] GC(300) Old regions: 22->22
[2025-08-20T17:40:38.923+0000][1692266][info ][gc,heap     ] GC(300) Humongous regions: 0->0
[2025-08-20T17:40:38.923+0000][1692266][info ][gc,metaspace] GC(300) Metaspace: 142000K(148544K)->142000K(148544K) NonClass: 123043K(127104K)->123043K(127104K) Class: 18957K(21440K)->18957K(21440K)
[2025-08-20T17:40:38.923+0000][1692266][info ][gc          ] GC(300) Pause Young (Normal) (G1 Evacuation Pause) 387M->87M(512M) 3.028ms
[2025-08-20T17:40:38.923+0000][1692266][info ][gc,cpu      ] GC(300) User=0.00s Sys=0.00s Real=0.00s
[2025-08-20T17:40:38.923+0000][1692266][info ][safepoint   ] Safepoint "G1CollectForAllocation", Time since last: 443378062386 ns, Reaching safepoint: 8703 ns, Cleanup: 2604 ns, At safepoint: 3066430 ns, Total: 3077737 ns
[2025-08-20T17:44:38.938+0000][1692266][info ][safepoint   ] Safepoint "Cleanup", Time since last: 240015351685 ns, Reaching safepoint: 76936 ns, Cleanup: 11498 ns, At safepoint: 5027 ns, Total: 93461 ns
[2025-08-20T17:48:02.602+0000][1692266][info ][gc,start    ] GC(301) Pause Young (Concurrent Start) (G1 Evacuation Pause)
[2025-08-20T17:48:02.602+0000][1692266][info ][gc,task     ] GC(301) Using 1 workers of 1 for evacuation
[2025-08-20T17:48:02.602+0000][1692266][debug][gc,age      ] GC(301) Desired survivor size 20971520 bytes, new threshold 15 (max threshold 15)
[2025-08-20T17:48:02.604+0000][1692266][info ][gc,phases   ] GC(301)   Pre Evacuate Collection Set: 0.1ms
[2025-08-20T17:48:02.604+0000][1692266][info ][gc,phases   ] GC(301)   Merge Heap Roots: 0.0ms
[2025-08-20T17:48:02.604+0000][1692266][info ][gc,phases   ] GC(301)   Evacuate Collection Set: 1.2ms
[2025-08-20T17:48:02.604+0000][1692266][info ][gc,phases   ] GC(301)   Post Evacuate Collection Set: 0.7ms
[2025-08-20T17:48:02.604+0000][1692266][info ][gc,phases   ] GC(301)   Other: 0.0ms
[2025-08-20T17:48:02.604+0000][1692266][trace][gc,age      ] GC(301) Age table with threshold 15 (max threshold 15)
[2025-08-20T17:48:02.604+0000][1692266][trace][gc,age      ] GC(301) - age   1:      14824 bytes,      14824 total
[2025-08-20T17:48:02.604+0000][1692266][trace][gc,age      ] GC(301) - age   2:        552 bytes,      15376 total
[2025-08-20T17:48:02.604+0000][1692266][trace][gc,age      ] GC(301) - age   6:        104 bytes,      15480 total
[2025-08-20T17:48:02.604+0000][1692266][trace][gc,age      ] GC(301) - age   8:        176 bytes,      15656 total
[2025-08-20T17:48:02.604+0000][1692266][trace][gc,age      ] GC(301) - age  10:         64 bytes,      15720 total
[2025-08-20T17:48:02.604+0000][1692266][info ][gc,heap     ] GC(301) Eden regions: 75->0(75)
[2025-08-20T17:48:02.604+0000][1692266][info ][gc,heap     ] GC(301) Survivor regions: 1->1(10)
[2025-08-20T17:48:02.604+0000][1692266][info ][gc,heap     ] GC(301) Old regions: 22->22
[2025-08-20T17:48:02.604+0000][1692266][info ][gc,heap     ] GC(301) Humongous regions: 0->0
[2025-08-20T17:48:02.604+0000][1692266][info ][gc,metaspace] GC(301) Metaspace: 142000K(148544K)->142000K(148544K) NonClass: 123043K(127104K)->123043K(127104K) Class: 18957K(21440K)->18957K(21440K)
[2025-08-20T17:48:02.604+0000][1692266][info ][gc          ] GC(301) Pause Young (Concurrent Start) (G1 Evacuation Pause) 387M->87M(512M) 2.482ms
[2025-08-20T17:48:02.604+0000][1692266][info ][gc,cpu      ] GC(301) User=0.00s Sys=0.00s Real=0.00s
[2025-08-20T17:48:02.604+0000][1692266][info ][safepoint   ] Safepoint "G1CollectForAllocation", Time since last: 203663399767 ns, Reaching safepoint: 8753 ns, Cleanup: 3516 ns, At safepoint: 2523370 ns, Total: 2535639 ns
[2025-08-20T17:48:02.608+0000][1692266][info ][gc          ] GC(302) Concurrent Mark Cycle
[2025-08-20T17:48:02.608+0000][1692266][info ][gc,marking  ] GC(302) Concurrent Scan Root Regions
[2025-08-20T17:48:02.609+0000][1692266][info ][gc,marking  ] GC(302) Concurrent Scan Root Regions 0.674ms
[2025-08-20T17:48:02.609+0000][1692266][info ][gc,marking  ] GC(302) Concurrent Mark
[2025-08-20T17:48:02.609+0000][1692266][info ][gc,marking  ] GC(302) Concurrent Mark From Roots
[2025-08-20T17:48:02.609+0000][1692266][info ][gc,task     ] GC(302) Using 1 workers of 1 for marking
[2025-08-20T17:48:02.708+0000][1692266][info ][gc,marking  ] GC(302) Concurrent Mark From Roots 99.420ms
[2025-08-20T17:48:02.709+0000][1692266][info ][gc,marking  ] GC(302) Concurrent Preclean
[2025-08-20T17:48:02.709+0000][1692266][info ][gc,marking  ] GC(302) Concurrent Preclean 0.372ms
[2025-08-20T17:48:02.709+0000][1692266][info ][gc,start    ] GC(302) Pause Remark
[2025-08-20T17:48:02.713+0000][1692266][info ][gc          ] GC(302) Pause Remark 87M->87M(512M) 4.027ms
[2025-08-20T17:48:02.713+0000][1692266][info ][gc,cpu      ] GC(302) User=0.01s Sys=0.00s Real=0.00s
[2025-08-20T17:48:02.713+0000][1692266][info ][safepoint   ] Safepoint "G1PauseRemark", Time since last: 104517910 ns, Reaching safepoint: 5509 ns, Cleanup: 3004 ns, At safepoint: 4069956 ns, Total: 4078469 ns
[2025-08-20T17:48:02.713+0000][1692266][info ][gc,marking  ] GC(302) Concurrent Mark 103.938ms
[2025-08-20T17:48:02.713+0000][1692266][info ][gc,marking  ] GC(302) Concurrent Rebuild Remembered Sets and Scrub Regions
[2025-08-20T17:48:02.759+0000][1692266][info ][gc,marking  ] GC(302) Concurrent Rebuild Remembered Sets and Scrub Regions 45.945ms
[2025-08-20T17:48:02.759+0000][1692266][info ][gc,start    ] GC(302) Pause Cleanup
[2025-08-20T17:48:02.759+0000][1692266][info ][gc          ] GC(302) Pause Cleanup 87M->87M(512M) 0.033ms
[2025-08-20T17:48:02.759+0000][1692266][info ][gc,cpu      ] GC(302) User=0.00s Sys=0.00s Real=0.00s
[2025-08-20T17:48:02.759+0000][1692266][info ][safepoint   ] Safepoint "G1PauseCleanup", Time since last: 45990915 ns, Reaching safepoint: 4167 ns, Cleanup: 1462 ns, At safepoint: 59149 ns, Total: 64778 ns
[2025-08-20T17:48:02.759+0000][1692266][info ][gc,marking  ] GC(302) Concurrent Clear Claimed Marks
[2025-08-20T17:48:02.759+0000][1692266][info ][gc,marking  ] GC(302) Concurrent Clear Claimed Marks 0.179ms
[2025-08-20T17:48:02.759+0000][1692266][info ][gc,marking  ] GC(302) Concurrent Cleanup for Next Mark
[2025-08-20T17:48:02.767+0000][1692266][info ][gc,marking  ] GC(302) Concurrent Cleanup for Next Mark 7.871ms
[2025-08-20T17:48:02.767+0000][1692266][info ][gc          ] GC(302) Concurrent Mark Cycle 158.756ms
[2025-08-20T17:55:27.161+0000][1692266][info ][gc,start    ] GC(303) Pause Young (Normal) (G1 Evacuation Pause)
[2025-08-20T17:55:27.161+0000][1692266][info ][gc,task     ] GC(303) Using 1 workers of 1 for evacuation
[2025-08-20T17:55:27.161+0000][1692266][debug][gc,age      ] GC(303) Desired survivor size 20971520 bytes, new threshold 15 (max threshold 15)
[2025-08-20T17:55:27.164+0000][1692266][info ][gc,phases   ] GC(303)   Pre Evacuate Collection Set: 0.1ms
[2025-08-20T17:55:27.164+0000][1692266][info ][gc,phases   ] GC(303)   Merge Heap Roots: 0.0ms
[2025-08-20T17:55:27.164+0000][1692266][info ][gc,phases   ] GC(303)   Evacuate Collection Set: 1.7ms
[2025-08-20T17:55:27.164+0000][1692266][info ][gc,phases   ] GC(303)   Post Evacuate Collection Set: 0.7ms
[2025-08-20T17:55:27.164+0000][1692266][info ][gc,phases   ] GC(303)   Other: 0.0ms
[2025-08-20T17:55:27.164+0000][1692266][trace][gc,age      ] GC(303) Age table with threshold 15 (max threshold 15)
[2025-08-20T17:55:27.164+0000][1692266][trace][gc,age      ] GC(303) - age   1:     103008 bytes,     103008 total
[2025-08-20T17:55:27.164+0000][1692266][trace][gc,age      ] GC(303) - age   2:        112 bytes,     103120 total
[2025-08-20T17:55:27.164+0000][1692266][trace][gc,age      ] GC(303) - age   7:        104 bytes,     103224 total
[2025-08-20T17:55:27.164+0000][1692266][trace][gc,age      ] GC(303) - age  11:         64 bytes,     103288 total
[2025-08-20T17:55:27.164+0000][1692266][info ][gc,heap     ] GC(303) Eden regions: 75->0(75)
[2025-08-20T17:55:27.164+0000][1692266][info ][gc,heap     ] GC(303) Survivor regions: 1->1(10)
[2025-08-20T17:55:27.164+0000][1692266][info ][gc,heap     ] GC(303) Old regions: 22->22
[2025-08-20T17:55:27.164+0000][1692266][info ][gc,heap     ] GC(303) Humongous regions: 0->0
[2025-08-20T17:55:27.164+0000][1692266][info ][gc,metaspace] GC(303) Metaspace: 142000K(148544K)->142000K(148544K) NonClass: 123043K(127104K)->123043K(127104K) Class: 18957K(21440K)->18957K(21440K)
[2025-08-20T17:55:27.164+0000][1692266][info ][gc          ] GC(303) Pause Young (Normal) (G1 Evacuation Pause) 387M->87M(512M) 2.936ms
[2025-08-20T17:55:27.164+0000][1692266][info ][gc,cpu      ] GC(303) User=0.00s Sys=0.00s Real=0.00s
[2025-08-20T17:55:27.164+0000][1692266][info ][safepoint   ] Safepoint "G1CollectForAllocation", Time since last: 444401724587 ns, Reaching safepoint: 335657 ns, Cleanup: 3645 ns, At safepoint: 2973750 ns, Total: 3313052 ns
[2025-08-20T18:02:52.435+0000][1692266][info ][gc,start    ] GC(304) Pause Young (Concurrent Start) (G1 Evacuation Pause)
[2025-08-20T18:02:52.435+0000][1692266][info ][gc,task     ] GC(304) Using 1 workers of 1 for evacuation
[2025-08-20T18:02:52.435+0000][1692266][debug][gc,age      ] GC(304) Desired survivor size 20971520 bytes, new threshold 15 (max threshold 15)
[2025-08-20T18:02:52.437+0000][1692266][info ][gc,phases   ] GC(304)   Pre Evacuate Collection Set: 0.1ms
[2025-08-20T18:02:52.437+0000][1692266][info ][gc,phases   ] GC(304)   Merge Heap Roots: 0.0ms
[2025-08-20T18:02:52.437+0000][1692266][info ][gc,phases   ] GC(304)   Evacuate Collection Set: 1.2ms
[2025-08-20T18:02:52.437+0000][1692266][info ][gc,phases   ] GC(304)   Post Evacuate Collection Set: 0.7ms
[2025-08-20T18:02:52.437+0000][1692266][info ][gc,phases   ] GC(304)   Other: 0.0ms
[2025-08-20T18:02:52.437+0000][1692266][trace][gc,age      ] GC(304) Age table with threshold 15 (max threshold 15)
[2025-08-20T18:02:52.437+0000][1692266][trace][gc,age      ] GC(304) - age   1:      15424 bytes,      15424 total
[2025-08-20T18:02:52.437+0000][1692266][trace][gc,age      ] GC(304) - age   2:        728 bytes,      16152 total
[2025-08-20T18:02:52.437+0000][1692266][trace][gc,age      ] GC(304) - age   8:        104 bytes,      16256 total
[2025-08-20T18:02:52.437+0000][1692266][trace][gc,age      ] GC(304) - age  12:         64 bytes,      16320 total
[2025-08-20T18:02:52.437+0000][1692266][info ][gc,heap     ] GC(304) Eden regions: 75->0(75)
[2025-08-20T18:02:52.437+0000][1692266][info ][gc,heap     ] GC(304) Survivor regions: 1->1(10)
[2025-08-20T18:02:52.437+0000][1692266][info ][gc,heap     ] GC(304) Old regions: 22->22
[2025-08-20T18:02:52.437+0000][1692266][info ][gc,heap     ] GC(304) Humongous regions: 0->0
[2025-08-20T18:02:52.437+0000][1692266][info ][gc,metaspace] GC(304) Metaspace: 142000K(148544K)->142000K(148544K) NonClass: 123043K(127104K)->123043K(127104K) Class: 18957K(21440K)->18957K(21440K)
[2025-08-20T18:02:52.437+0000][1692266][info ][gc          ] GC(304) Pause Young (Concurrent Start) (G1 Evacuation Pause) 387M->87M(512M) 2.573ms
[2025-08-20T18:02:52.437+0000][1692266][info ][gc,cpu      ] GC(304) User=0.00s Sys=0.00s Real=0.01s
[2025-08-20T18:02:52.437+0000][1692266][info ][safepoint   ] Safepoint "G1CollectForAllocation", Time since last: 445270553490 ns, Reaching safepoint: 9063 ns, Cleanup: 3476 ns, At safepoint: 2612044 ns, Total: 2624583 ns
[2025-08-20T18:02:52.440+0000][1692266][info ][gc          ] GC(305) Concurrent Mark Cycle
[2025-08-20T18:02:52.440+0000][1692266][info ][gc,marking  ] GC(305) Concurrent Scan Root Regions
[2025-08-20T18:02:52.442+0000][1692266][info ][gc,marking  ] GC(305) Concurrent Scan Root Regions 1.377ms
[2025-08-20T18:02:52.442+0000][1692266][info ][gc,marking  ] GC(305) Concurrent Mark
[2025-08-20T18:02:52.442+0000][1692266][info ][gc,marking  ] GC(305) Concurrent Mark From Roots
[2025-08-20T18:02:52.442+0000][1692266][info ][gc,task     ] GC(305) Using 1 workers of 1 for marking
[2025-08-20T18:02:52.553+0000][1692266][info ][gc,marking  ] GC(305) Concurrent Mark From Roots 111.702ms
[2025-08-20T18:02:52.554+0000][1692266][info ][gc,marking  ] GC(305) Concurrent Preclean
[2025-08-20T18:02:52.554+0000][1692266][info ][gc,marking  ] GC(305) Concurrent Preclean 0.257ms
[2025-08-20T18:02:52.554+0000][1692266][info ][gc,start    ] GC(305) Pause Remark
[2025-08-20T18:02:52.558+0000][1692266][info ][gc          ] GC(305) Pause Remark 90M->90M(512M) 3.924ms
[2025-08-20T18:02:52.558+0000][1692266][info ][gc,cpu      ] GC(305) User=0.01s Sys=0.00s Real=0.01s
[2025-08-20T18:02:52.558+0000][1692266][info ][safepoint   ] Safepoint "G1PauseRemark", Time since last: 116546689 ns, Reaching safepoint: 5499 ns, Cleanup: 2363 ns, At safepoint: 3964757 ns, Total: 3972619 ns
[2025-08-20T18:02:52.558+0000][1692266][info ][gc,marking  ] GC(305) Concurrent Mark 116.006ms
[2025-08-20T18:02:52.558+0000][1692266][info ][gc,marking  ] GC(305) Concurrent Rebuild Remembered Sets and Scrub Regions
[2025-08-20T18:02:52.592+0000][1692266][info ][gc,marking  ] GC(305) Concurrent Rebuild Remembered Sets and Scrub Regions 34.502ms
[2025-08-20T18:02:52.592+0000][1692266][info ][gc,start    ] GC(305) Pause Cleanup
[2025-08-20T18:02:52.592+0000][1692266][info ][gc          ] GC(305) Pause Cleanup 90M->90M(512M) 0.033ms
[2025-08-20T18:02:52.592+0000][1692266][info ][gc,cpu      ] GC(305) User=0.00s Sys=0.00s Real=0.00s
[2025-08-20T18:02:52.592+0000][1692266][info ][safepoint   ] Safepoint "G1PauseCleanup", Time since last: 34541139 ns, Reaching safepoint: 3825 ns, Cleanup: 982 ns, At safepoint: 55784 ns, Total: 60591 ns
[2025-08-20T18:02:52.592+0000][1692266][info ][gc,marking  ] GC(305) Concurrent Clear Claimed Marks
[2025-08-20T18:02:52.593+0000][1692266][info ][gc,marking  ] GC(305) Concurrent Clear Claimed Marks 0.129ms
[2025-08-20T18:02:52.593+0000][1692266][info ][gc,marking  ] GC(305) Concurrent Cleanup for Next Mark
[2025-08-20T18:02:52.605+0000][1692266][info ][gc,marking  ] GC(305) Concurrent Cleanup for Next Mark 12.457ms
[2025-08-20T18:02:52.605+0000][1692266][info ][gc          ] GC(305) Concurrent Mark Cycle 164.606ms
[2025-08-20T18:10:15.702+0000][1692266][info ][gc,start    ] GC(306) Pause Young (Normal) (G1 Evacuation Pause)
[2025-08-20T18:10:15.702+0000][1692266][info ][gc,task     ] GC(306) Using 1 workers of 1 for evacuation
[2025-08-20T18:10:15.702+0000][1692266][debug][gc,age      ] GC(306) Desired survivor size 20971520 bytes, new threshold 15 (max threshold 15)
[2025-08-20T18:10:15.705+0000][1692266][info ][gc,phases   ] GC(306)   Pre Evacuate Collection Set: 0.1ms
[2025-08-20T18:10:15.705+0000][1692266][info ][gc,phases   ] GC(306)   Merge Heap Roots: 0.0ms
[2025-08-20T18:10:15.705+0000][1692266][info ][gc,phases   ] GC(306)   Evacuate Collection Set: 1.7ms
[2025-08-20T18:10:15.705+0000][1692266][info ][gc,phases   ] GC(306)   Post Evacuate Collection Set: 0.8ms
[2025-08-20T18:10:15.705+0000][1692266][info ][gc,phases   ] GC(306)   Other: 0.0ms
[2025-08-20T18:10:15.705+0000][1692266][trace][gc,age      ] GC(306) Age table with threshold 15 (max threshold 15)
[2025-08-20T18:10:15.705+0000][1692266][trace][gc,age      ] GC(306) - age   1:     121472 bytes,     121472 total
[2025-08-20T18:10:15.705+0000][1692266][trace][gc,age      ] GC(306) - age   2:        976 bytes,     122448 total
[2025-08-20T18:10:15.705+0000][1692266][trace][gc,age      ] GC(306) - age   3:        176 bytes,     122624 total
[2025-08-20T18:10:15.705+0000][1692266][trace][gc,age      ] GC(306) - age   9:        104 bytes,     122728 total
[2025-08-20T18:10:15.705+0000][1692266][trace][gc,age      ] GC(306) - age  13:         64 bytes,     122792 total
[2025-08-20T18:10:15.705+0000][1692266][info ][gc,heap     ] GC(306) Eden regions: 75->0(75)
[2025-08-20T18:10:15.705+0000][1692266][info ][gc,heap     ] GC(306) Survivor regions: 1->1(10)
[2025-08-20T18:10:15.705+0000][1692266][info ][gc,heap     ] GC(306) Old regions: 22->22
[2025-08-20T18:10:15.705+0000][1692266][info ][gc,heap     ] GC(306) Humongous regions: 0->0
[2025-08-20T18:10:15.705+0000][1692266][info ][gc,metaspace] GC(306) Metaspace: 142000K(148544K)->142000K(148544K) NonClass: 123043K(127104K)->123043K(127104K) Class: 18957K(21440K)->18957K(21440K)
[2025-08-20T18:10:15.705+0000][1692266][info ][gc          ] GC(306) Pause Young (Normal) (G1 Evacuation Pause) 387M->87M(512M) 2.930ms
[2025-08-20T18:10:15.705+0000][1692266][info ][gc,cpu      ] GC(306) User=0.00s Sys=0.00s Real=0.00s
[2025-08-20T18:10:15.705+0000][1692266][info ][safepoint   ] Safepoint "G1CollectForAllocation", Time since last: 443109631001 ns, Reaching safepoint: 6129 ns, Cleanup: 3015 ns, At safepoint: 2965768 ns, Total: 2974912 ns
[2025-08-20T18:17:39.936+0000][1692266][info ][gc,start    ] GC(307) Pause Young (Concurrent Start) (G1 Evacuation Pause)
[2025-08-20T18:17:39.937+0000][1692266][info ][gc,task     ] GC(307) Using 1 workers of 1 for evacuation
[2025-08-20T18:17:39.937+0000][1692266][debug][gc,age      ] GC(307) Desired survivor size 20971520 bytes, new threshold 15 (max threshold 15)
[2025-08-20T18:17:39.939+0000][1692266][info ][gc,phases   ] GC(307)   Pre Evacuate Collection Set: 0.1ms
[2025-08-20T18:17:39.939+0000][1692266][info ][gc,phases   ] GC(307)   Merge Heap Roots: 0.0ms
[2025-08-20T18:17:39.939+0000][1692266][info ][gc,phases   ] GC(307)   Evacuate Collection Set: 1.3ms
[2025-08-20T18:17:39.939+0000][1692266][info ][gc,phases   ] GC(307)   Post Evacuate Collection Set: 0.7ms
[2025-08-20T18:17:39.939+0000][1692266][info ][gc,phases   ] GC(307)   Other: 0.0ms
[2025-08-20T18:17:39.939+0000][1692266][trace][gc,age      ] GC(307) Age table with threshold 15 (max threshold 15)
[2025-08-20T18:17:39.939+0000][1692266][trace][gc,age      ] GC(307) - age   1:      33904 bytes,      33904 total
[2025-08-20T18:17:39.939+0000][1692266][trace][gc,age      ] GC(307) - age   2:        552 bytes,      34456 total
[2025-08-20T18:17:39.939+0000][1692266][trace][gc,age      ] GC(307) - age   3:        424 bytes,      34880 total
[2025-08-20T18:17:39.939+0000][1692266][trace][gc,age      ] GC(307) - age   4:        176 bytes,      35056 total
[2025-08-20T18:17:39.939+0000][1692266][trace][gc,age      ] GC(307) - age  10:        104 bytes,      35160 total
[2025-08-20T18:17:39.939+0000][1692266][trace][gc,age      ] GC(307) - age  14:         64 bytes,      35224 total
[2025-08-20T18:17:39.939+0000][1692266][info ][gc,heap     ] GC(307) Eden regions: 75->0(75)
[2025-08-20T18:17:39.939+0000][1692266][info ][gc,heap     ] GC(307) Survivor regions: 1->1(10)
[2025-08-20T18:17:39.939+0000][1692266][info ][gc,heap     ] GC(307) Old regions: 22->22
[2025-08-20T18:17:39.939+0000][1692266][info ][gc,heap     ] GC(307) Humongous regions: 0->0
[2025-08-20T18:17:39.939+0000][1692266][info ][gc,metaspace] GC(307) Metaspace: 142000K(148544K)->142000K(148544K) NonClass: 123043K(127104K)->123043K(127104K) Class: 18957K(21440K)->18957K(21440K)
[2025-08-20T18:17:39.939+0000][1692266][info ][gc          ] GC(307) Pause Young (Concurrent Start) (G1 Evacuation Pause) 387M->87M(512M) 2.743ms
[2025-08-20T18:17:39.939+0000][1692266][info ][gc,cpu      ] GC(307) User=0.00s Sys=0.00s Real=0.00s
[2025-08-20T18:17:39.939+0000][1692266][info ][safepoint   ] Safepoint "G1CollectForAllocation", Time since last: 444231028535 ns, Reaching safepoint: 8193 ns, Cleanup: 3445 ns, At safepoint: 2784455 ns, Total: 2796093 ns
[2025-08-20T18:17:39.945+0000][1692266][info ][gc          ] GC(308) Concurrent Mark Cycle
[2025-08-20T18:17:39.945+0000][1692266][info ][gc,marking  ] GC(308) Concurrent Scan Root Regions
[2025-08-20T18:17:39.946+0000][1692266][info ][gc,marking  ] GC(308) Concurrent Scan Root Regions 0.938ms
[2025-08-20T18:17:39.946+0000][1692266][info ][gc,marking  ] GC(308) Concurrent Mark
[2025-08-20T18:17:39.946+0000][1692266][info ][gc,marking  ] GC(308) Concurrent Mark From Roots
[2025-08-20T18:17:39.946+0000][1692266][info ][gc,task     ] GC(308) Using 1 workers of 1 for marking
[2025-08-20T18:17:40.059+0000][1692266][info ][gc,marking  ] GC(308) Concurrent Mark From Roots 112.824ms
[2025-08-20T18:17:40.059+0000][1692266][info ][gc,marking  ] GC(308) Concurrent Preclean
[2025-08-20T18:17:40.059+0000][1692266][info ][gc,marking  ] GC(308) Concurrent Preclean 0.277ms
[2025-08-20T18:17:40.059+0000][1692266][info ][gc,start    ] GC(308) Pause Remark
[2025-08-20T18:17:40.063+0000][1692266][info ][gc          ] GC(308) Pause Remark 90M->90M(512M) 3.964ms
[2025-08-20T18:17:40.063+0000][1692266][info ][gc,cpu      ] GC(308) User=0.00s Sys=0.00s Real=0.00s
[2025-08-20T18:17:40.063+0000][1692266][info ][safepoint   ] Safepoint "G1PauseRemark", Time since last: 120670391 ns, Reaching safepoint: 4998 ns, Cleanup: 2343 ns, At safepoint: 4002224 ns, Total: 4009565 ns
[2025-08-20T18:17:40.063+0000][1692266][info ][gc,marking  ] GC(308) Concurrent Mark 117.177ms
[2025-08-20T18:17:40.063+0000][1692266][info ][gc,marking  ] GC(308) Concurrent Rebuild Remembered Sets and Scrub Regions
[2025-08-20T18:17:40.105+0000][1692266][info ][gc,marking  ] GC(308) Concurrent Rebuild Remembered Sets and Scrub Regions 41.067ms
[2025-08-20T18:17:40.105+0000][1692266][info ][gc,start    ] GC(308) Pause Cleanup
[2025-08-20T18:17:40.105+0000][1692266][info ][gc          ] GC(308) Pause Cleanup 90M->90M(512M) 0.033ms
[2025-08-20T18:17:40.105+0000][1692266][info ][gc,cpu      ] GC(308) User=0.00s Sys=0.00s Real=0.00s
[2025-08-20T18:17:40.105+0000][1692266][info ][safepoint   ] Safepoint "G1PauseCleanup", Time since last: 41113524 ns, Reaching safepoint: 3656 ns, Cleanup: 1472 ns, At safepoint: 58198 ns, Total: 63326 ns
[2025-08-20T18:17:40.105+0000][1692266][info ][gc,marking  ] GC(308) Concurrent Clear Claimed Marks
[2025-08-20T18:17:40.105+0000][1692266][info ][gc,marking  ] GC(308) Concurrent Clear Claimed Marks 0.127ms
[2025-08-20T18:17:40.105+0000][1692266][info ][gc,marking  ] GC(308) Concurrent Cleanup for Next Mark
[2025-08-20T18:17:40.105+0000][1692266][info ][gc,marking  ] GC(308) Concurrent Cleanup for Next Mark 0.264ms
[2025-08-20T18:17:40.105+0000][1692266][info ][gc          ] GC(308) Concurrent Mark Cycle 159.716ms
[2025-08-20T18:25:04.204+0000][1692266][info ][gc,start    ] GC(309) Pause Young (Normal) (G1 Evacuation Pause)
[2025-08-20T18:25:04.204+0000][1692266][info ][gc,task     ] GC(309) Using 1 workers of 1 for evacuation
[2025-08-20T18:25:04.204+0000][1692266][debug][gc,age      ] GC(309) Desired survivor size 20971520 bytes, new threshold 15 (max threshold 15)
[2025-08-20T18:25:04.207+0000][1692266][info ][gc,phases   ] GC(309)   Pre Evacuate Collection Set: 0.1ms
[2025-08-20T18:25:04.207+0000][1692266][info ][gc,phases   ] GC(309)   Merge Heap Roots: 0.0ms
[2025-08-20T18:25:04.207+0000][1692266][info ][gc,phases   ] GC(309)   Evacuate Collection Set: 1.6ms
[2025-08-20T18:25:04.207+0000][1692266][info ][gc,phases   ] GC(309)   Post Evacuate Collection Set: 0.7ms
[2025-08-20T18:25:04.207+0000][1692266][info ][gc,phases   ] GC(309)   Other: 0.2ms
[2025-08-20T18:25:04.207+0000][1692266][trace][gc,age      ] GC(309) Age table with threshold 15 (max threshold 15)
[2025-08-20T18:25:04.207+0000][1692266][trace][gc,age      ] GC(309) - age   1:      17400 bytes,      17400 total
[2025-08-20T18:25:04.207+0000][1692266][trace][gc,age      ] GC(309) - age   2:        112 bytes,      17512 total
[2025-08-20T18:25:04.207+0000][1692266][trace][gc,age      ] GC(309) - age   4:        424 bytes,      17936 total
[2025-08-20T18:25:04.207+0000][1692266][trace][gc,age      ] GC(309) - age   5:        176 bytes,      18112 total
[2025-08-20T18:25:04.207+0000][1692266][trace][gc,age      ] GC(309) - age  11:        104 bytes,      18216 total
[2025-08-20T18:25:04.207+0000][1692266][trace][gc,age      ] GC(309) - age  15:         64 bytes,      18280 total
[2025-08-20T18:25:04.207+0000][1692266][info ][gc,heap     ] GC(309) Eden regions: 75->0(75)
[2025-08-20T18:25:04.207+0000][1692266][info ][gc,heap     ] GC(309) Survivor regions: 1->1(10)
[2025-08-20T18:25:04.207+0000][1692266][info ][gc,heap     ] GC(309) Old regions: 22->22
[2025-08-20T18:25:04.207+0000][1692266][info ][gc,heap     ] GC(309) Humongous regions: 0->0
[2025-08-20T18:25:04.207+0000][1692266][info ][gc,metaspace] GC(309) Metaspace: 142000K(148544K)->142000K(148544K) NonClass: 123043K(127104K)->123043K(127104K) Class: 18957K(21440K)->18957K(21440K)
[2025-08-20T18:25:04.207+0000][1692266][info ][gc          ] GC(309) Pause Young (Normal) (G1 Evacuation Pause) 387M->87M(512M) 3.036ms
[2025-08-20T18:25:04.207+0000][1692266][info ][gc,cpu      ] GC(309) User=0.00s Sys=0.00s Real=0.01s
[2025-08-20T18:25:04.207+0000][1692266][info ][safepoint   ] Safepoint "G1CollectForAllocation", Time since last: 444099340290 ns, Reaching safepoint: 8343 ns, Cleanup: 3325 ns, At safepoint: 3072540 ns, Total: 3084208 ns
[2025-08-20T18:32:25.497+0000][1692266][info ][gc,start    ] GC(310) Pause Young (Concurrent Start) (G1 Evacuation Pause)
[2025-08-20T18:32:25.497+0000][1692266][info ][gc,task     ] GC(310) Using 1 workers of 1 for evacuation
[2025-08-20T18:32:25.497+0000][1692266][debug][gc,age      ] GC(310) Desired survivor size 20971520 bytes, new threshold 15 (max threshold 15)
[2025-08-20T18:32:25.499+0000][1692266][info ][gc,phases   ] GC(310)   Pre Evacuate Collection Set: 0.1ms
[2025-08-20T18:32:25.499+0000][1692266][info ][gc,phases   ] GC(310)   Merge Heap Roots: 0.0ms
[2025-08-20T18:32:25.499+0000][1692266][info ][gc,phases   ] GC(310)   Evacuate Collection Set: 1.2ms
[2025-08-20T18:32:25.499+0000][1692266][info ][gc,phases   ] GC(310)   Post Evacuate Collection Set: 0.7ms
[2025-08-20T18:32:25.499+0000][1692266][info ][gc,phases   ] GC(310)   Other: 0.0ms
[2025-08-20T18:32:25.499+0000][1692266][trace][gc,age      ] GC(310) Age table with threshold 15 (max threshold 15)
[2025-08-20T18:32:25.499+0000][1692266][trace][gc,age      ] GC(310) - age   1:      16504 bytes,      16504 total
[2025-08-20T18:32:25.499+0000][1692266][trace][gc,age      ] GC(310) - age   2:        584 bytes,      17088 total
[2025-08-20T18:32:25.499+0000][1692266][trace][gc,age      ] GC(310) - age   5:        424 bytes,      17512 total
[2025-08-20T18:32:25.499+0000][1692266][trace][gc,age      ] GC(310) - age   6:        176 bytes,      17688 total
[2025-08-20T18:32:25.499+0000][1692266][trace][gc,age      ] GC(310) - age  12:        104 bytes,      17792 total
[2025-08-20T18:32:25.499+0000][1692266][info ][gc,heap     ] GC(310) Eden regions: 75->0(75)
[2025-08-20T18:32:25.499+0000][1692266][info ][gc,heap     ] GC(310) Survivor regions: 1->1(10)
[2025-08-20T18:32:25.499+0000][1692266][info ][gc,heap     ] GC(310) Old regions: 22->22
[2025-08-20T18:32:25.499+0000][1692266][info ][gc,heap     ] GC(310) Humongous regions: 0->0
[2025-08-20T18:32:25.499+0000][1692266][info ][gc,metaspace] GC(310) Metaspace: 142000K(148544K)->142000K(148544K) NonClass: 123043K(127104K)->123043K(127104K) Class: 18957K(21440K)->18957K(21440K)
[2025-08-20T18:32:25.499+0000][1692266][info ][gc          ] GC(310) Pause Young (Concurrent Start) (G1 Evacuation Pause) 387M->87M(512M) 2.325ms
[2025-08-20T18:32:25.499+0000][1692266][info ][gc,cpu      ] GC(310) User=0.00s Sys=0.00s Real=0.00s
[2025-08-20T18:32:25.499+0000][1692266][info ][safepoint   ] Safepoint "G1CollectForAllocation", Time since last: 441289629471 ns, Reaching safepoint: 8232 ns, Cleanup: 2444 ns, At safepoint: 2363820 ns, Total: 2374496 ns
[2025-08-20T18:32:25.505+0000][1692266][info ][gc          ] GC(311) Concurrent Mark Cycle
[2025-08-20T18:32:25.505+0000][1692266][info ][gc,marking  ] GC(311) Concurrent Scan Root Regions
[2025-08-20T18:32:25.506+0000][1692266][info ][gc,marking  ] GC(311) Concurrent Scan Root Regions 0.609ms
[2025-08-20T18:32:25.506+0000][1692266][info ][gc,marking  ] GC(311) Concurrent Mark
[2025-08-20T18:32:25.506+0000][1692266][info ][gc,marking  ] GC(311) Concurrent Mark From Roots
[2025-08-20T18:32:25.506+0000][1692266][info ][gc,task     ] GC(311) Using 1 workers of 1 for marking
[2025-08-20T18:32:25.616+0000][1692266][info ][gc,marking  ] GC(311) Concurrent Mark From Roots 110.132ms
[2025-08-20T18:32:25.616+0000][1692266][info ][gc,marking  ] GC(311) Concurrent Preclean
[2025-08-20T18:32:25.616+0000][1692266][info ][gc,marking  ] GC(311) Concurrent Preclean 0.312ms
[2025-08-20T18:32:25.617+0000][1692266][info ][gc,start    ] GC(311) Pause Remark
[2025-08-20T18:32:25.621+0000][1692266][info ][gc          ] GC(311) Pause Remark 88M->88M(512M) 3.996ms
[2025-08-20T18:32:25.621+0000][1692266][info ][gc,cpu      ] GC(311) User=0.00s Sys=0.00s Real=0.00s
[2025-08-20T18:32:25.621+0000][1692266][info ][safepoint   ] Safepoint "G1PauseRemark", Time since last: 117400102 ns, Reaching safepoint: 5739 ns, Cleanup: 2654 ns, At safepoint: 4041133 ns, Total: 4049526 ns
[2025-08-20T18:32:25.621+0000][1692266][info ][gc,marking  ] GC(311) Concurrent Mark 114.567ms
[2025-08-20T18:32:25.621+0000][1692266][info ][gc,marking  ] GC(311) Concurrent Rebuild Remembered Sets and Scrub Regions
[2025-08-20T18:32:25.669+0000][1692266][info ][gc,marking  ] GC(311) Concurrent Rebuild Remembered Sets and Scrub Regions 48.652ms
[2025-08-20T18:32:25.669+0000][1692266][info ][gc,start    ] GC(311) Pause Cleanup
[2025-08-20T18:32:25.669+0000][1692266][info ][gc          ] GC(311) Pause Cleanup 89M->89M(512M) 0.033ms
[2025-08-20T18:32:25.669+0000][1692266][info ][gc,cpu      ] GC(311) User=0.00s Sys=0.00s Real=0.00s
[2025-08-20T18:32:25.669+0000][1692266][info ][safepoint   ] Safepoint "G1PauseCleanup", Time since last: 48702578 ns, Reaching safepoint: 3736 ns, Cleanup: 891 ns, At safepoint: 58118 ns, Total: 62745 ns
[2025-08-20T18:32:25.669+0000][1692266][info ][gc,marking  ] GC(311) Concurrent Clear Claimed Marks
[2025-08-20T18:32:25.669+0000][1692266][info ][gc,marking  ] GC(311) Concurrent Clear Claimed Marks 0.144ms
[2025-08-20T18:32:25.669+0000][1692266][info ][gc,marking  ] GC(311) Concurrent Cleanup for Next Mark
[2025-08-20T18:32:25.670+0000][1692266][info ][gc,marking  ] GC(311) Concurrent Cleanup for Next Mark 0.257ms
[2025-08-20T18:32:25.670+0000][1692266][info ][gc          ] GC(311) Concurrent Mark Cycle 164.368ms
[2025-08-20T18:39:50.577+0000][1692266][info ][gc,start    ] GC(312) Pause Young (Normal) (G1 Evacuation Pause)
[2025-08-20T18:39:50.578+0000][1692266][info ][gc,task     ] GC(312) Using 1 workers of 1 for evacuation
[2025-08-20T18:39:50.578+0000][1692266][debug][gc,age      ] GC(312) Desired survivor size 20971520 bytes, new threshold 15 (max threshold 15)
[2025-08-20T18:39:50.580+0000][1692266][info ][gc,phases   ] GC(312)   Pre Evacuate Collection Set: 0.0ms
[2025-08-20T18:39:50.580+0000][1692266][info ][gc,phases   ] GC(312)   Merge Heap Roots: 0.0ms
[2025-08-20T18:39:50.580+0000][1692266][info ][gc,phases   ] GC(312)   Evacuate Collection Set: 1.6ms
[2025-08-20T18:39:50.580+0000][1692266][info ][gc,phases   ] GC(312)   Post Evacuate Collection Set: 0.7ms
[2025-08-20T18:39:50.580+0000][1692266][info ][gc,phases   ] GC(312)   Other: 0.0ms
[2025-08-20T18:39:50.580+0000][1692266][trace][gc,age      ] GC(312) Age table with threshold 15 (max threshold 15)
[2025-08-20T18:39:50.580+0000][1692266][trace][gc,age      ] GC(312) - age   1:      15120 bytes,      15120 total
[2025-08-20T18:39:50.580+0000][1692266][trace][gc,age      ] GC(312) - age   2:        552 bytes,      15672 total
[2025-08-20T18:39:50.580+0000][1692266][trace][gc,age      ] GC(312) - age   3:         32 bytes,      15704 total
[2025-08-20T18:39:50.580+0000][1692266][trace][gc,age      ] GC(312) - age   6:        424 bytes,      16128 total
[2025-08-20T18:39:50.580+0000][1692266][trace][gc,age      ] GC(312) - age   7:        176 bytes,      16304 total
[2025-08-20T18:39:50.580+0000][1692266][trace][gc,age      ] GC(312) - age  13:        104 bytes,      16408 total
[2025-08-20T18:39:50.580+0000][1692266][info ][gc,heap     ] GC(312) Eden regions: 75->0(75)
[2025-08-20T18:39:50.580+0000][1692266][info ][gc,heap     ] GC(312) Survivor regions: 1->1(10)
[2025-08-20T18:39:50.580+0000][1692266][info ][gc,heap     ] GC(312) Old regions: 22->22
[2025-08-20T18:39:50.580+0000][1692266][info ][gc,heap     ] GC(312) Humongous regions: 0->0
[2025-08-20T18:39:50.580+0000][1692266][info ][gc,metaspace] GC(312) Metaspace: 142000K(148544K)->142000K(148544K) NonClass: 123043K(127104K)->123043K(127104K) Class: 18957K(21440K)->18957K(21440K)
[2025-08-20T18:39:50.580+0000][1692266][info ][gc          ] GC(312) Pause Young (Normal) (G1 Evacuation Pause) 387M->87M(512M) 3.031ms
[2025-08-20T18:39:50.580+0000][1692266][info ][gc,cpu      ] GC(312) User=0.00s Sys=0.00s Real=0.00s
[2025-08-20T18:39:50.580+0000][1692266][info ][safepoint   ] Safepoint "G1CollectForAllocation", Time since last: 444907835831 ns, Reaching safepoint: 9544 ns, Cleanup: 3345 ns, At safepoint: 3069766 ns, Total: 3082655 ns
[2025-08-20T18:47:14.119+0000][1692266][info ][gc,start    ] GC(313) Pause Young (Concurrent Start) (G1 Evacuation Pause)
[2025-08-20T18:47:14.120+0000][1692266][info ][gc,task     ] GC(313) Using 1 workers of 1 for evacuation
[2025-08-20T18:47:14.120+0000][1692266][debug][gc,age      ] GC(313) Desired survivor size 20971520 bytes, new threshold 15 (max threshold 15)
[2025-08-20T18:47:14.122+0000][1692266][info ][gc,phases   ] GC(313)   Pre Evacuate Collection Set: 0.1ms
[2025-08-20T18:47:14.122+0000][1692266][info ][gc,phases   ] GC(313)   Merge Heap Roots: 0.0ms
[2025-08-20T18:47:14.122+0000][1692266][info ][gc,phases   ] GC(313)   Evacuate Collection Set: 1.3ms
[2025-08-20T18:47:14.122+0000][1692266][info ][gc,phases   ] GC(313)   Post Evacuate Collection Set: 0.7ms
[2025-08-20T18:47:14.122+0000][1692266][info ][gc,phases   ] GC(313)   Other: 0.4ms
[2025-08-20T18:47:14.122+0000][1692266][trace][gc,age      ] GC(313) Age table with threshold 15 (max threshold 15)
[2025-08-20T18:47:14.122+0000][1692266][trace][gc,age      ] GC(313) - age   1:      34032 bytes,      34032 total
[2025-08-20T18:47:14.122+0000][1692266][trace][gc,age      ] GC(313) - age   2:        912 bytes,      34944 total
[2025-08-20T18:47:14.122+0000][1692266][trace][gc,age      ] GC(313) - age   4:         32 bytes,      34976 total
[2025-08-20T18:47:14.122+0000][1692266][trace][gc,age      ] GC(313) - age   7:        424 bytes,      35400 total
[2025-08-20T18:47:14.122+0000][1692266][trace][gc,age      ] GC(313) - age   8:        176 bytes,      35576 total
[2025-08-20T18:47:14.122+0000][1692266][trace][gc,age      ] GC(313) - age  14:        104 bytes,      35680 total
[2025-08-20T18:47:14.122+0000][1692266][info ][gc,heap     ] GC(313) Eden regions: 75->0(75)
[2025-08-20T18:47:14.122+0000][1692266][info ][gc,heap     ] GC(313) Survivor regions: 1->1(10)
[2025-08-20T18:47:14.122+0000][1692266][info ][gc,heap     ] GC(313) Old regions: 22->22
[2025-08-20T18:47:14.122+0000][1692266][info ][gc,heap     ] GC(313) Humongous regions: 0->0
[2025-08-20T18:47:14.122+0000][1692266][info ][gc,metaspace] GC(313) Metaspace: 142000K(148544K)->142000K(148544K) NonClass: 123043K(127104K)->123043K(127104K) Class: 18957K(21440K)->18957K(21440K)
[2025-08-20T18:47:14.122+0000][1692266][info ][gc          ] GC(313) Pause Young (Concurrent Start) (G1 Evacuation Pause) 387M->87M(512M) 2.964ms
[2025-08-20T18:47:14.122+0000][1692266][info ][gc,cpu      ] GC(313) User=0.00s Sys=0.00s Real=0.00s
[2025-08-20T18:47:14.122+0000][1692266][info ][safepoint   ] Safepoint "G1CollectForAllocation", Time since last: 443539185166 ns, Reaching safepoint: 8563 ns, Cleanup: 3265 ns, At safepoint: 3004597 ns, Total: 3016425 ns
[2025-08-20T18:47:14.126+0000][1692266][info ][gc          ] GC(314) Concurrent Mark Cycle
[2025-08-20T18:47:14.126+0000][1692266][info ][gc,marking  ] GC(314) Concurrent Scan Root Regions
[2025-08-20T18:47:14.128+0000][1692266][info ][gc,marking  ] GC(314) Concurrent Scan Root Regions 1.195ms
[2025-08-20T18:47:14.128+0000][1692266][info ][gc,marking  ] GC(314) Concurrent Mark
[2025-08-20T18:47:14.128+0000][1692266][info ][gc,marking  ] GC(314) Concurrent Mark From Roots
[2025-08-20T18:47:14.128+0000][1692266][info ][gc,task     ] GC(314) Using 1 workers of 1 for marking
[2025-08-20T18:47:14.233+0000][1692266][info ][gc,marking  ] GC(314) Concurrent Mark From Roots 105.640ms
[2025-08-20T18:47:14.233+0000][1692266][info ][gc,marking  ] GC(314) Concurrent Preclean
[2025-08-20T18:47:14.234+0000][1692266][info ][gc,marking  ] GC(314) Concurrent Preclean 0.284ms
[2025-08-20T18:47:14.234+0000][1692266][info ][gc,start    ] GC(314) Pause Remark
[2025-08-20T18:47:14.238+0000][1692266][info ][gc          ] GC(314) Pause Remark 90M->90M(512M) 3.997ms
[2025-08-20T18:47:14.238+0000][1692266][info ][gc,cpu      ] GC(314) User=0.01s Sys=0.00s Real=0.01s
[2025-08-20T18:47:14.238+0000][1692266][info ][safepoint   ] Safepoint "G1PauseRemark", Time since last: 111136590 ns, Reaching safepoint: 5438 ns, Cleanup: 2945 ns, At safepoint: 4036455 ns, Total: 4044838 ns
[2025-08-20T18:47:14.238+0000][1692266][info ][gc,marking  ] GC(314) Concurrent Mark 110.038ms
[2025-08-20T18:47:14.238+0000][1692266][info ][gc,marking  ] GC(314) Concurrent Rebuild Remembered Sets and Scrub Regions
[2025-08-20T18:47:14.282+0000][1692266][info ][gc,marking  ] GC(314) Concurrent Rebuild Remembered Sets and Scrub Regions 44.776ms
[2025-08-20T18:47:14.282+0000][1692266][info ][gc,start    ] GC(314) Pause Cleanup
[2025-08-20T18:47:14.282+0000][1692266][info ][gc          ] GC(314) Pause Cleanup 90M->90M(512M) 0.031ms
[2025-08-20T18:47:14.282+0000][1692266][info ][gc,cpu      ] GC(314) User=0.00s Sys=0.00s Real=0.00s
[2025-08-20T18:47:14.282+0000][1692266][info ][safepoint   ] Safepoint "G1PauseCleanup", Time since last: 44818562 ns, Reaching safepoint: 4176 ns, Cleanup: 952 ns, At safepoint: 56145 ns, Total: 61273 ns
[2025-08-20T18:47:14.282+0000][1692266][info ][gc,marking  ] GC(314) Concurrent Clear Claimed Marks
[2025-08-20T18:47:14.283+0000][1692266][info ][gc,marking  ] GC(314) Concurrent Clear Claimed Marks 0.139ms
[2025-08-20T18:47:14.283+0000][1692266][info ][gc,marking  ] GC(314) Concurrent Cleanup for Next Mark
[2025-08-20T18:47:14.283+0000][1692266][info ][gc,marking  ] GC(314) Concurrent Cleanup for Next Mark 0.264ms
[2025-08-20T18:47:14.283+0000][1692266][info ][gc          ] GC(314) Concurrent Mark Cycle 156.550ms
[2025-08-20T18:54:39.058+0000][1692266][info ][gc,start    ] GC(315) Pause Young (Normal) (G1 Evacuation Pause)
[2025-08-20T18:54:39.058+0000][1692266][info ][gc,task     ] GC(315) Using 1 workers of 1 for evacuation
[2025-08-20T18:54:39.058+0000][1692266][debug][gc,age      ] GC(315) Desired survivor size 20971520 bytes, new threshold 15 (max threshold 15)
[2025-08-20T18:54:39.061+0000][1692266][info ][gc,phases   ] GC(315)   Pre Evacuate Collection Set: 0.0ms
[2025-08-20T18:54:39.061+0000][1692266][info ][gc,phases   ] GC(315)   Merge Heap Roots: 0.0ms
[2025-08-20T18:54:39.061+0000][1692266][info ][gc,phases   ] GC(315)   Evacuate Collection Set: 1.6ms
[2025-08-20T18:54:39.061+0000][1692266][info ][gc,phases   ] GC(315)   Post Evacuate Collection Set: 0.7ms
[2025-08-20T18:54:39.061+0000][1692266][info ][gc,phases   ] GC(315)   Other: 0.0ms
[2025-08-20T18:54:39.061+0000][1692266][trace][gc,age      ] GC(315) Age table with threshold 15 (max threshold 15)
[2025-08-20T18:54:39.061+0000][1692266][trace][gc,age      ] GC(315) - age   1:      15624 bytes,      15624 total
[2025-08-20T18:54:39.061+0000][1692266][trace][gc,age      ] GC(315) - age   2:        112 bytes,      15736 total
[2025-08-20T18:54:39.061+0000][1692266][trace][gc,age      ] GC(315) - age   3:        360 bytes,      16096 total
[2025-08-20T18:54:39.061+0000][1692266][trace][gc,age      ] GC(315) - age   5:         32 bytes,      16128 total
[2025-08-20T18:54:39.061+0000][1692266][trace][gc,age      ] GC(315) - age   8:        424 bytes,      16552 total
[2025-08-20T18:54:39.061+0000][1692266][trace][gc,age      ] GC(315) - age  15:        104 bytes,      16656 total
[2025-08-20T18:54:39.061+0000][1692266][info ][gc,heap     ] GC(315) Eden regions: 75->0(75)
[2025-08-20T18:54:39.061+0000][1692266][info ][gc,heap     ] GC(315) Survivor regions: 1->1(10)
[2025-08-20T18:54:39.061+0000][1692266][info ][gc,heap     ] GC(315) Old regions: 22->22
[2025-08-20T18:54:39.061+0000][1692266][info ][gc,heap     ] GC(315) Humongous regions: 0->0
[2025-08-20T18:54:39.061+0000][1692266][info ][gc,metaspace] GC(315) Metaspace: 142000K(148544K)->142000K(148544K) NonClass: 123043K(127104K)->123043K(127104K) Class: 18957K(21440K)->18957K(21440K)
[2025-08-20T18:54:39.061+0000][1692266][info ][gc          ] GC(315) Pause Young (Normal) (G1 Evacuation Pause) 387M->87M(512M) 2.850ms
[2025-08-20T18:54:39.061+0000][1692266][info ][gc,cpu      ] GC(315) User=0.01s Sys=0.00s Real=0.00s
[2025-08-20T18:54:39.061+0000][1692266][info ][safepoint   ] Safepoint "G1CollectForAllocation", Time since last: 444775260644 ns, Reaching safepoint: 7872 ns, Cleanup: 2774 ns, At safepoint: 2885598 ns, Total: 2896244 ns
[2025-08-20T19:02:02.826+0000][1692266][info ][gc,start    ] GC(316) Pause Young (Concurrent Start) (G1 Evacuation Pause)
[2025-08-20T19:02:02.826+0000][1692266][info ][gc,task     ] GC(316) Using 1 workers of 1 for evacuation
[2025-08-20T19:02:02.826+0000][1692266][debug][gc,age      ] GC(316) Desired survivor size 20971520 bytes, new threshold 15 (max threshold 15)
[2025-08-20T19:02:02.828+0000][1692266][info ][gc,phases   ] GC(316)   Pre Evacuate Collection Set: 0.1ms
[2025-08-20T19:02:02.828+0000][1692266][info ][gc,phases   ] GC(316)   Merge Heap Roots: 0.0ms
[2025-08-20T19:02:02.828+0000][1692266][info ][gc,phases   ] GC(316)   Evacuate Collection Set: 1.3ms
[2025-08-20T19:02:02.828+0000][1692266][info ][gc,phases   ] GC(316)   Post Evacuate Collection Set: 0.7ms
[2025-08-20T19:02:02.828+0000][1692266][info ][gc,phases   ] GC(316)   Other: 0.2ms
[2025-08-20T19:02:02.828+0000][1692266][trace][gc,age      ] GC(316) Age table with threshold 15 (max threshold 15)
[2025-08-20T19:02:02.828+0000][1692266][trace][gc,age      ] GC(316) - age   1:      17096 bytes,      17096 total
[2025-08-20T19:02:02.828+0000][1692266][trace][gc,age      ] GC(316) - age   2:        856 bytes,      17952 total
[2025-08-20T19:02:02.828+0000][1692266][trace][gc,age      ] GC(316) - age   4:        360 bytes,      18312 total
[2025-08-20T19:02:02.828+0000][1692266][trace][gc,age      ] GC(316) - age   6:         32 bytes,      18344 total
[2025-08-20T19:02:02.828+0000][1692266][trace][gc,age      ] GC(316) - age   9:        424 bytes,      18768 total
[2025-08-20T19:02:02.828+0000][1692266][info ][gc,heap     ] GC(316) Eden regions: 75->0(75)
[2025-08-20T19:02:02.828+0000][1692266][info ][gc,heap     ] GC(316) Survivor regions: 1->1(10)
[2025-08-20T19:02:02.828+0000][1692266][info ][gc,heap     ] GC(316) Old regions: 22->22
[2025-08-20T19:02:02.828+0000][1692266][info ][gc,heap     ] GC(316) Humongous regions: 0->0
[2025-08-20T19:02:02.828+0000][1692266][info ][gc,metaspace] GC(316) Metaspace: 142000K(148544K)->142000K(148544K) NonClass: 123043K(127104K)->123043K(127104K) Class: 18957K(21440K)->18957K(21440K)
[2025-08-20T19:02:02.828+0000][1692266][info ][gc          ] GC(316) Pause Young (Concurrent Start) (G1 Evacuation Pause) 387M->87M(512M) 2.711ms
[2025-08-20T19:02:02.828+0000][1692266][info ][gc,cpu      ] GC(316) User=0.00s Sys=0.00s Real=0.00s
[2025-08-20T19:02:02.828+0000][1692266][info ][safepoint   ] Safepoint "G1CollectForAllocation", Time since last: 443764925680 ns, Reaching safepoint: 9464 ns, Cleanup: 2985 ns, At safepoint: 2752096 ns, Total: 2764545 ns
[2025-08-20T19:02:02.833+0000][1692266][info ][gc          ] GC(317) Concurrent Mark Cycle
[2025-08-20T19:02:02.833+0000][1692266][info ][gc,marking  ] GC(317) Concurrent Scan Root Regions
[2025-08-20T19:02:02.834+0000][1692266][info ][gc,marking  ] GC(317) Concurrent Scan Root Regions 0.600ms
[2025-08-20T19:02:02.834+0000][1692266][info ][gc,marking  ] GC(317) Concurrent Mark
[2025-08-20T19:02:02.834+0000][1692266][info ][gc,marking  ] GC(317) Concurrent Mark From Roots
[2025-08-20T19:02:02.834+0000][1692266][info ][gc,task     ] GC(317) Using 1 workers of 1 for marking
[2025-08-20T19:02:02.938+0000][1692266][info ][gc,marking  ] GC(317) Concurrent Mark From Roots 104.401ms
[2025-08-20T19:02:02.938+0000][1692266][info ][gc,marking  ] GC(317) Concurrent Preclean
[2025-08-20T19:02:02.939+0000][1692266][info ][gc,marking  ] GC(317) Concurrent Preclean 0.252ms
[2025-08-20T19:02:02.939+0000][1692266][info ][gc,start    ] GC(317) Pause Remark
[2025-08-20T19:02:02.943+0000][1692266][info ][gc          ] GC(317) Pause Remark 90M->90M(512M) 4.002ms
[2025-08-20T19:02:02.943+0000][1692266][info ][gc,cpu      ] GC(317) User=0.00s Sys=0.00s Real=0.00s
[2025-08-20T19:02:02.943+0000][1692266][info ][safepoint   ] Safepoint "G1PauseRemark", Time since last: 110364561 ns, Reaching safepoint: 5939 ns, Cleanup: 2624 ns, At safepoint: 4045459 ns, Total: 4054022 ns
[2025-08-20T19:02:02.943+0000][1692266][info ][gc,marking  ] GC(317) Concurrent Mark 108.780ms
[2025-08-20T19:02:02.943+0000][1692266][info ][gc,marking  ] GC(317) Concurrent Rebuild Remembered Sets and Scrub Regions
[2025-08-20T19:02:02.987+0000][1692266][info ][gc,marking  ] GC(317) Concurrent Rebuild Remembered Sets and Scrub Regions 44.115ms
[2025-08-20T19:02:02.987+0000][1692266][info ][gc,start    ] GC(317) Pause Cleanup
[2025-08-20T19:02:02.987+0000][1692266][info ][gc          ] GC(317) Pause Cleanup 90M->90M(512M) 0.033ms
[2025-08-20T19:02:02.987+0000][1692266][info ][gc,cpu      ] GC(317) User=0.00s Sys=0.00s Real=0.00s
[2025-08-20T19:02:02.987+0000][1692266][info ][safepoint   ] Safepoint "G1PauseCleanup", Time since last: 44160406 ns, Reaching safepoint: 4527 ns, Cleanup: 1703 ns, At safepoint: 58448 ns, Total: 64678 ns
[2025-08-20T19:02:02.987+0000][1692266][info ][gc,marking  ] GC(317) Concurrent Clear Claimed Marks
[2025-08-20T19:02:02.987+0000][1692266][info ][gc,marking  ] GC(317) Concurrent Clear Claimed Marks 0.150ms
[2025-08-20T19:02:02.987+0000][1692266][info ][gc,marking  ] GC(317) Concurrent Cleanup for Next Mark
[2025-08-20T19:02:02.993+0000][1692266][info ][gc,marking  ] GC(317) Concurrent Cleanup for Next Mark 6.313ms
[2025-08-20T19:02:02.993+0000][1692266][info ][gc          ] GC(317) Concurrent Mark Cycle 160.103ms
[2025-08-20T19:09:26.849+0000][1692266][info ][gc,start    ] GC(318) Pause Young (Normal) (G1 Evacuation Pause)
[2025-08-20T19:09:26.849+0000][1692266][info ][gc,task     ] GC(318) Using 1 workers of 1 for evacuation
[2025-08-20T19:09:26.849+0000][1692266][debug][gc,age      ] GC(318) Desired survivor size 20971520 bytes, new threshold 15 (max threshold 15)
[2025-08-20T19:09:26.852+0000][1692266][info ][gc,phases   ] GC(318)   Pre Evacuate Collection Set: 0.1ms
[2025-08-20T19:09:26.852+0000][1692266][info ][gc,phases   ] GC(318)   Merge Heap Roots: 0.0ms
[2025-08-20T19:09:26.852+0000][1692266][info ][gc,phases   ] GC(318)   Evacuate Collection Set: 1.6ms
[2025-08-20T19:09:26.852+0000][1692266][info ][gc,phases   ] GC(318)   Post Evacuate Collection Set: 0.7ms
[2025-08-20T19:09:26.852+0000][1692266][info ][gc,phases   ] GC(318)   Other: 0.0ms
[2025-08-20T19:09:26.852+0000][1692266][trace][gc,age      ] GC(318) Age table with threshold 15 (max threshold 15)
[2025-08-20T19:09:26.852+0000][1692266][trace][gc,age      ] GC(318) - age   1:      16392 bytes,      16392 total
[2025-08-20T19:09:26.852+0000][1692266][trace][gc,age      ] GC(318) - age   2:        424 bytes,      16816 total
[2025-08-20T19:09:26.852+0000][1692266][trace][gc,age      ] GC(318) - age   3:        176 bytes,      16992 total
[2025-08-20T19:09:26.852+0000][1692266][trace][gc,age      ] GC(318) - age   5:        360 bytes,      17352 total
[2025-08-20T19:09:26.852+0000][1692266][trace][gc,age      ] GC(318) - age   7:         32 bytes,      17384 total
[2025-08-20T19:09:26.852+0000][1692266][trace][gc,age      ] GC(318) - age  10:        424 bytes,      17808 total
[2025-08-20T19:09:26.852+0000][1692266][info ][gc,heap     ] GC(318) Eden regions: 75->0(75)
[2025-08-20T19:09:26.852+0000][1692266][info ][gc,heap     ] GC(318) Survivor regions: 1->1(10)
[2025-08-20T19:09:26.852+0000][1692266][info ][gc,heap     ] GC(318) Old regions: 22->22
[2025-08-20T19:09:26.852+0000][1692266][info ][gc,heap     ] GC(318) Humongous regions: 0->0
[2025-08-20T19:09:26.852+0000][1692266][info ][gc,metaspace] GC(318) Metaspace: 142000K(148544K)->142000K(148544K) NonClass: 123043K(127104K)->123043K(127104K) Class: 18957K(21440K)->18957K(21440K)
[2025-08-20T19:09:26.852+0000][1692266][info ][gc          ] GC(318) Pause Young (Normal) (G1 Evacuation Pause) 387M->87M(512M) 2.872ms
[2025-08-20T19:09:26.852+0000][1692266][info ][gc,cpu      ] GC(318) User=0.00s Sys=0.00s Real=0.00s
[2025-08-20T19:09:26.852+0000][1692266][info ][safepoint   ] Safepoint "G1CollectForAllocation", Time since last: 443861729000 ns, Reaching safepoint: 8313 ns, Cleanup: 2403 ns, At safepoint: 2908983 ns, Total: 2919699 ns
[2025-08-20T19:16:52.093+0000][1692266][info ][gc,start    ] GC(319) Pause Young (Concurrent Start) (G1 Evacuation Pause)
[2025-08-20T19:16:52.094+0000][1692266][info ][gc,task     ] GC(319) Using 1 workers of 1 for evacuation
[2025-08-20T19:16:52.094+0000][1692266][debug][gc,age      ] GC(319) Desired survivor size 20971520 bytes, new threshold 15 (max threshold 15)
[2025-08-20T19:16:52.096+0000][1692266][info ][gc,phases   ] GC(319)   Pre Evacuate Collection Set: 0.1ms
[2025-08-20T19:16:52.096+0000][1692266][info ][gc,phases   ] GC(319)   Merge Heap Roots: 0.0ms
[2025-08-20T19:16:52.096+0000][1692266][info ][gc,phases   ] GC(319)   Evacuate Collection Set: 1.2ms
[2025-08-20T19:16:52.096+0000][1692266][info ][gc,phases   ] GC(319)   Post Evacuate Collection Set: 0.7ms
[2025-08-20T19:16:52.096+0000][1692266][info ][gc,phases   ] GC(319)   Other: 0.0ms
[2025-08-20T19:16:52.096+0000][1692266][trace][gc,age      ] GC(319) Age table with threshold 15 (max threshold 15)
[2025-08-20T19:16:52.096+0000][1692266][trace][gc,age      ] GC(319) - age   1:      17056 bytes,      17056 total
[2025-08-20T19:16:52.096+0000][1692266][trace][gc,age      ] GC(319) - age   2:        552 bytes,      17608 total
[2025-08-20T19:16:52.096+0000][1692266][trace][gc,age      ] GC(319) - age   4:        176 bytes,      17784 total
[2025-08-20T19:16:52.096+0000][1692266][trace][gc,age      ] GC(319) - age   6:        360 bytes,      18144 total
[2025-08-20T19:16:52.096+0000][1692266][trace][gc,age      ] GC(319) - age   8:         32 bytes,      18176 total
[2025-08-20T19:16:52.096+0000][1692266][trace][gc,age      ] GC(319) - age  11:        424 bytes,      18600 total
[2025-08-20T19:16:52.096+0000][1692266][info ][gc,heap     ] GC(319) Eden regions: 75->0(75)
[2025-08-20T19:16:52.096+0000][1692266][info ][gc,heap     ] GC(319) Survivor regions: 1->1(10)
[2025-08-20T19:16:52.096+0000][1692266][info ][gc,heap     ] GC(319) Old regions: 22->22
[2025-08-20T19:16:52.096+0000][1692266][info ][gc,heap     ] GC(319) Humongous regions: 0->0
[2025-08-20T19:16:52.096+0000][1692266][info ][gc,metaspace] GC(319) Metaspace: 142000K(148544K)->142000K(148544K) NonClass: 123043K(127104K)->123043K(127104K) Class: 18957K(21440K)->18957K(21440K)
[2025-08-20T19:16:52.096+0000][1692266][info ][gc          ] GC(319) Pause Young (Concurrent Start) (G1 Evacuation Pause) 387M->87M(512M) 2.325ms
[2025-08-20T19:16:52.096+0000][1692266][info ][gc,cpu      ] GC(319) User=0.00s Sys=0.00s Real=0.01s
[2025-08-20T19:16:52.096+0000][1692266][info ][safepoint   ] Safepoint "G1CollectForAllocation", Time since last: 445241810516 ns, Reaching safepoint: 7942 ns, Cleanup: 2514 ns, At safepoint: 2366333 ns, Total: 2376789 ns
[2025-08-20T19:16:52.102+0000][1692266][info ][gc          ] GC(320) Concurrent Mark Cycle
[2025-08-20T19:16:52.102+0000][1692266][info ][gc,marking  ] GC(320) Concurrent Scan Root Regions
[2025-08-20T19:16:52.103+0000][1692266][info ][gc,marking  ] GC(320) Concurrent Scan Root Regions 0.437ms
[2025-08-20T19:16:52.103+0000][1692266][info ][gc,marking  ] GC(320) Concurrent Mark
[2025-08-20T19:16:52.103+0000][1692266][info ][gc,marking  ] GC(320) Concurrent Mark From Roots
[2025-08-20T19:16:52.103+0000][1692266][info ][gc,task     ] GC(320) Using 1 workers of 1 for marking
[2025-08-20T19:16:52.211+0000][1692266][info ][gc,marking  ] GC(320) Concurrent Mark From Roots 108.300ms
[2025-08-20T19:16:52.211+0000][1692266][info ][gc,marking  ] GC(320) Concurrent Preclean
[2025-08-20T19:16:52.211+0000][1692266][info ][gc,marking  ] GC(320) Concurrent Preclean 0.272ms
[2025-08-20T19:16:52.212+0000][1692266][info ][gc,start    ] GC(320) Pause Remark
[2025-08-20T19:16:52.217+0000][1692266][info ][gc          ] GC(320) Pause Remark 88M->88M(512M) 4.853ms
[2025-08-20T19:16:52.217+0000][1692266][info ][gc,cpu      ] GC(320) User=0.00s Sys=0.00s Real=0.01s
[2025-08-20T19:16:52.217+0000][1692266][info ][safepoint   ] Safepoint "G1PauseRemark", Time since last: 116137165 ns, Reaching safepoint: 6049 ns, Cleanup: 2864 ns, At safepoint: 4904016 ns, Total: 4912929 ns
[2025-08-20T19:16:52.217+0000][1692266][info ][gc,marking  ] GC(320) Concurrent Mark 114.058ms
[2025-08-20T19:16:52.217+0000][1692266][info ][gc,marking  ] GC(320) Concurrent Rebuild Remembered Sets and Scrub Regions
[2025-08-20T19:16:52.260+0000][1692266][info ][gc,marking  ] GC(320) Concurrent Rebuild Remembered Sets and Scrub Regions 43.505ms
[2025-08-20T19:16:52.260+0000][1692266][info ][gc,start    ] GC(320) Pause Cleanup
[2025-08-20T19:16:52.260+0000][1692266][info ][gc          ] GC(320) Pause Cleanup 88M->88M(512M) 0.034ms
[2025-08-20T19:16:52.260+0000][1692266][info ][gc,cpu      ] GC(320) User=0.00s Sys=0.00s Real=0.00s
[2025-08-20T19:16:52.260+0000][1692266][info ][safepoint   ] Safepoint "G1PauseCleanup", Time since last: 43554704 ns, Reaching safepoint: 3986 ns, Cleanup: 1372 ns, At safepoint: 61393 ns, Total: 66751 ns
[2025-08-20T19:16:52.260+0000][1692266][info ][gc,marking  ] GC(320) Concurrent Clear Claimed Marks
[2025-08-20T19:16:52.261+0000][1692266][info ][gc,marking  ] GC(320) Concurrent Clear Claimed Marks 0.145ms
[2025-08-20T19:16:52.261+0000][1692266][info ][gc,marking  ] GC(320) Concurrent Cleanup for Next Mark
[2025-08-20T19:16:52.262+0000][1692266][info ][gc,marking  ] GC(320) Concurrent Cleanup for Next Mark 1.439ms
[2025-08-20T19:16:52.262+0000][1692266][info ][gc          ] GC(320) Concurrent Mark Cycle 159.729ms
[2025-08-20T19:24:16.065+0000][1692266][info ][gc,start    ] GC(321) Pause Young (Normal) (G1 Evacuation Pause)
[2025-08-20T19:24:16.065+0000][1692266][info ][gc,task     ] GC(321) Using 1 workers of 1 for evacuation
[2025-08-20T19:24:16.065+0000][1692266][debug][gc,age      ] GC(321) Desired survivor size 20971520 bytes, new threshold 15 (max threshold 15)
[2025-08-20T19:24:16.068+0000][1692266][info ][gc,phases   ] GC(321)   Pre Evacuate Collection Set: 0.1ms
[2025-08-20T19:24:16.068+0000][1692266][info ][gc,phases   ] GC(321)   Merge Heap Roots: 0.0ms
[2025-08-20T19:24:16.068+0000][1692266][info ][gc,phases   ] GC(321)   Evacuate Collection Set: 1.6ms
[2025-08-20T19:24:16.068+0000][1692266][info ][gc,phases   ] GC(321)   Post Evacuate Collection Set: 0.7ms
[2025-08-20T19:24:16.068+0000][1692266][info ][gc,phases   ] GC(321)   Other: 0.0ms
[2025-08-20T19:24:16.068+0000][1692266][trace][gc,age      ] GC(321) Age table with threshold 15 (max threshold 15)
[2025-08-20T19:24:16.068+0000][1692266][trace][gc,age      ] GC(321) - age   1:      15208 bytes,      15208 total
[2025-08-20T19:24:16.068+0000][1692266][trace][gc,age      ] GC(321) - age   2:        112 bytes,      15320 total
[2025-08-20T19:24:16.068+0000][1692266][trace][gc,age      ] GC(321) - age   5:        176 bytes,      15496 total
[2025-08-20T19:24:16.068+0000][1692266][trace][gc,age      ] GC(321) - age   7:        360 bytes,      15856 total
[2025-08-20T19:24:16.068+0000][1692266][trace][gc,age      ] GC(321) - age   9:         32 bytes,      15888 total
[2025-08-20T19:24:16.068+0000][1692266][trace][gc,age      ] GC(321) - age  12:        424 bytes,      16312 total
[2025-08-20T19:24:16.068+0000][1692266][info ][gc,heap     ] GC(321) Eden regions: 75->0(75)
[2025-08-20T19:24:16.068+0000][1692266][info ][gc,heap     ] GC(321) Survivor regions: 1->1(10)
[2025-08-20T19:24:16.068+0000][1692266][info ][gc,heap     ] GC(321) Old regions: 22->22
[2025-08-20T19:24:16.068+0000][1692266][info ][gc,heap     ] GC(321) Humongous regions: 0->0
[2025-08-20T19:24:16.068+0000][1692266][info ][gc,metaspace] GC(321) Metaspace: 142000K(148544K)->142000K(148544K) NonClass: 123043K(127104K)->123043K(127104K) Class: 18957K(21440K)->18957K(21440K)
[2025-08-20T19:24:16.068+0000][1692266][info ][gc          ] GC(321) Pause Young (Normal) (G1 Evacuation Pause) 387M->87M(512M) 3.019ms
[2025-08-20T19:24:16.068+0000][1692266][info ][gc,cpu      ] GC(321) User=0.00s Sys=0.00s Real=0.01s
[2025-08-20T19:24:16.068+0000][1692266][info ][safepoint   ] Safepoint "G1CollectForAllocation", Time since last: 443804445125 ns, Reaching safepoint: 9324 ns, Cleanup: 3435 ns, At safepoint: 3057458 ns, Total: 3070217 ns
[2025-08-20T19:31:40.467+0000][1692266][info ][gc,start    ] GC(322) Pause Young (Concurrent Start) (G1 Evacuation Pause)
[2025-08-20T19:31:40.468+0000][1692266][info ][gc,task     ] GC(322) Using 1 workers of 1 for evacuation
[2025-08-20T19:31:40.468+0000][1692266][debug][gc,age      ] GC(322) Desired survivor size 20971520 bytes, new threshold 15 (max threshold 15)
[2025-08-20T19:31:40.470+0000][1692266][info ][gc,phases   ] GC(322)   Pre Evacuate Collection Set: 0.1ms
[2025-08-20T19:31:40.470+0000][1692266][info ][gc,phases   ] GC(322)   Merge Heap Roots: 0.0ms
[2025-08-20T19:31:40.470+0000][1692266][info ][gc,phases   ] GC(322)   Evacuate Collection Set: 1.2ms
[2025-08-20T19:31:40.470+0000][1692266][info ][gc,phases   ] GC(322)   Post Evacuate Collection Set: 0.7ms
[2025-08-20T19:31:40.470+0000][1692266][info ][gc,phases   ] GC(322)   Other: 0.4ms
[2025-08-20T19:31:40.470+0000][1692266][trace][gc,age      ] GC(322) Age table with threshold 15 (max threshold 15)
[2025-08-20T19:31:40.470+0000][1692266][trace][gc,age      ] GC(322) - age   1:      15344 bytes,      15344 total
[2025-08-20T19:31:40.470+0000][1692266][trace][gc,age      ] GC(322) - age   2:        680 bytes,      16024 total
[2025-08-20T19:31:40.470+0000][1692266][trace][gc,age      ] GC(322) - age   6:        176 bytes,      16200 total
[2025-08-20T19:31:40.470+0000][1692266][trace][gc,age      ] GC(322) - age   8:        360 bytes,      16560 total
[2025-08-20T19:31:40.470+0000][1692266][trace][gc,age      ] GC(322) - age  10:         32 bytes,      16592 total
[2025-08-20T19:31:40.470+0000][1692266][trace][gc,age      ] GC(322) - age  13:        424 bytes,      17016 total
[2025-08-20T19:31:40.470+0000][1692266][info ][gc,heap     ] GC(322) Eden regions: 75->0(75)
[2025-08-20T19:31:40.470+0000][1692266][info ][gc,heap     ] GC(322) Survivor regions: 1->1(10)
[2025-08-20T19:31:40.470+0000][1692266][info ][gc,heap     ] GC(322) Old regions: 22->22
[2025-08-20T19:31:40.470+0000][1692266][info ][gc,heap     ] GC(322) Humongous regions: 0->0
[2025-08-20T19:31:40.470+0000][1692266][info ][gc,metaspace] GC(322) Metaspace: 142000K(148544K)->142000K(148544K) NonClass: 123043K(127104K)->123043K(127104K) Class: 18957K(21440K)->18957K(21440K)
[2025-08-20T19:31:40.470+0000][1692266][info ][gc          ] GC(322) Pause Young (Concurrent Start) (G1 Evacuation Pause) 387M->87M(512M) 2.860ms
[2025-08-20T19:31:40.470+0000][1692266][info ][gc,cpu      ] GC(322) User=0.00s Sys=0.00s Real=0.00s
[2025-08-20T19:31:40.470+0000][1692266][info ][safepoint   ] Safepoint "G1CollectForAllocation", Time since last: 444399379001 ns, Reaching safepoint: 9154 ns, Cleanup: 3435 ns, At safepoint: 2901773 ns, Total: 2914362 ns
[2025-08-20T19:31:40.476+0000][1692266][info ][gc          ] GC(323) Concurrent Mark Cycle
[2025-08-20T19:31:40.476+0000][1692266][info ][gc,marking  ] GC(323) Concurrent Scan Root Regions
[2025-08-20T19:31:40.477+0000][1692266][info ][gc,marking  ] GC(323) Concurrent Scan Root Regions 0.443ms
[2025-08-20T19:31:40.477+0000][1692266][info ][gc,marking  ] GC(323) Concurrent Mark
[2025-08-20T19:31:40.477+0000][1692266][info ][gc,marking  ] GC(323) Concurrent Mark From Roots
[2025-08-20T19:31:40.477+0000][1692266][info ][gc,task     ] GC(323) Using 1 workers of 1 for marking
[2025-08-20T19:31:40.582+0000][1692266][info ][gc,marking  ] GC(323) Concurrent Mark From Roots 105.499ms
[2025-08-20T19:31:40.582+0000][1692266][info ][gc,marking  ] GC(323) Concurrent Preclean
[2025-08-20T19:31:40.583+0000][1692266][info ][gc,marking  ] GC(323) Concurrent Preclean 0.312ms
[2025-08-20T19:31:40.583+0000][1692266][info ][gc,start    ] GC(323) Pause Remark
[2025-08-20T19:31:40.587+0000][1692266][info ][gc          ] GC(323) Pause Remark 87M->87M(512M) 3.992ms
[2025-08-20T19:31:40.587+0000][1692266][info ][gc,cpu      ] GC(323) User=0.01s Sys=0.00s Real=0.01s
[2025-08-20T19:31:40.587+0000][1692266][info ][safepoint   ] Safepoint "G1PauseRemark", Time since last: 112386487 ns, Reaching safepoint: 6540 ns, Cleanup: 2163 ns, At safepoint: 4035305 ns, Total: 4044008 ns
[2025-08-20T19:31:40.587+0000][1692266][info ][gc,marking  ] GC(323) Concurrent Mark 109.916ms
[2025-08-20T19:31:40.587+0000][1692266][info ][gc,marking  ] GC(323) Concurrent Rebuild Remembered Sets and Scrub Regions
[2025-08-20T19:31:40.630+0000][1692266][info ][gc,marking  ] GC(323) Concurrent Rebuild Remembered Sets and Scrub Regions 42.879ms
[2025-08-20T19:31:40.630+0000][1692266][info ][gc,start    ] GC(323) Pause Cleanup
[2025-08-20T19:31:40.630+0000][1692266][info ][gc          ] GC(323) Pause Cleanup 87M->87M(512M) 0.034ms
[2025-08-20T19:31:40.630+0000][1692266][info ][gc,cpu      ] GC(323) User=0.00s Sys=0.00s Real=0.00s
[2025-08-20T19:31:40.630+0000][1692266][info ][safepoint   ] Safepoint "G1PauseCleanup", Time since last: 42931680 ns, Reaching safepoint: 3855 ns, Cleanup: 1543 ns, At safepoint: 60060 ns, Total: 65458 ns
[2025-08-20T19:31:40.630+0000][1692266][info ][gc,marking  ] GC(323) Concurrent Clear Claimed Marks
[2025-08-20T19:31:40.630+0000][1692266][info ][gc,marking  ] GC(323) Concurrent Clear Claimed Marks 0.140ms
[2025-08-20T19:31:40.630+0000][1692266][info ][gc,marking  ] GC(323) Concurrent Cleanup for Next Mark
[2025-08-20T19:31:40.635+0000][1692266][info ][gc,marking  ] GC(323) Concurrent Cleanup for Next Mark 4.828ms
[2025-08-20T19:31:40.635+0000][1692266][info ][gc          ] GC(323) Concurrent Mark Cycle 158.353ms
[2025-08-20T19:34:12.643+0000][1692266][info ][safepoint   ] Safepoint "Cleanup", Time since last: 152012768960 ns, Reaching safepoint: 12518 ns, Cleanup: 3956 ns, At safepoint: 1693 ns, Total: 18167 ns
[2025-08-20T19:39:03.487+0000][1692266][info ][gc,start    ] GC(324) Pause Young (Normal) (G1 Evacuation Pause)
[2025-08-20T19:39:03.487+0000][1692266][info ][gc,task     ] GC(324) Using 1 workers of 1 for evacuation
[2025-08-20T19:39:03.487+0000][1692266][debug][gc,age      ] GC(324) Desired survivor size 20971520 bytes, new threshold 15 (max threshold 15)
[2025-08-20T19:39:03.489+0000][1692266][info ][gc,phases   ] GC(324)   Pre Evacuate Collection Set: 0.0ms
[2025-08-20T19:39:03.489+0000][1692266][info ][gc,phases   ] GC(324)   Merge Heap Roots: 0.0ms
[2025-08-20T19:39:03.489+0000][1692266][info ][gc,phases   ] GC(324)   Evacuate Collection Set: 1.6ms
[2025-08-20T19:39:03.489+0000][1692266][info ][gc,phases   ] GC(324)   Post Evacuate Collection Set: 0.7ms
[2025-08-20T19:39:03.489+0000][1692266][info ][gc,phases   ] GC(324)   Other: 0.0ms
[2025-08-20T19:39:03.489+0000][1692266][trace][gc,age      ] GC(324) Age table with threshold 15 (max threshold 15)
[2025-08-20T19:39:03.489+0000][1692266][trace][gc,age      ] GC(324) - age   1:      26832 bytes,      26832 total
[2025-08-20T19:39:03.489+0000][1692266][trace][gc,age      ] GC(324) - age   2:        424 bytes,      27256 total
[2025-08-20T19:39:03.489+0000][1692266][trace][gc,age      ] GC(324) - age   7:        176 bytes,      27432 total
[2025-08-20T19:39:03.489+0000][1692266][trace][gc,age      ] GC(324) - age   9:        360 bytes,      27792 total
[2025-08-20T19:39:03.489+0000][1692266][trace][gc,age      ] GC(324) - age  11:         32 bytes,      27824 total
[2025-08-20T19:39:03.489+0000][1692266][trace][gc,age      ] GC(324) - age  14:        424 bytes,      28248 total
[2025-08-20T19:39:03.489+0000][1692266][info ][gc,heap     ] GC(324) Eden regions: 75->0(75)
[2025-08-20T19:39:03.489+0000][1692266][info ][gc,heap     ] GC(324) Survivor regions: 1->1(10)
[2025-08-20T19:39:03.489+0000][1692266][info ][gc,heap     ] GC(324) Old regions: 22->22
[2025-08-20T19:39:03.489+0000][1692266][info ][gc,heap     ] GC(324) Humongous regions: 0->0
[2025-08-20T19:39:03.489+0000][1692266][info ][gc,metaspace] GC(324) Metaspace: 142000K(148544K)->142000K(148544K) NonClass: 123043K(127104K)->123043K(127104K) Class: 18957K(21440K)->18957K(21440K)
[2025-08-20T19:39:03.489+0000][1692266][info ][gc          ] GC(324) Pause Young (Normal) (G1 Evacuation Pause) 387M->87M(512M) 2.854ms
[2025-08-20T19:39:03.489+0000][1692266][info ][gc,cpu      ] GC(324) User=0.01s Sys=0.00s Real=0.00s
[2025-08-20T19:39:03.489+0000][1692266][info ][safepoint   ] Safepoint "G1CollectForAllocation", Time since last: 290844011713 ns, Reaching safepoint: 9083 ns, Cleanup: 3455 ns, At safepoint: 2892038 ns, Total: 2904576 ns
[2025-08-20T19:46:28.189+0000][1692266][info ][gc,start    ] GC(325) Pause Young (Concurrent Start) (G1 Evacuation Pause)
[2025-08-20T19:46:28.189+0000][1692266][info ][gc,task     ] GC(325) Using 1 workers of 1 for evacuation
[2025-08-20T19:46:28.189+0000][1692266][debug][gc,age      ] GC(325) Desired survivor size 20971520 bytes, new threshold 15 (max threshold 15)
[2025-08-20T19:46:28.191+0000][1692266][info ][gc,phases   ] GC(325)   Pre Evacuate Collection Set: 0.1ms
[2025-08-20T19:46:28.191+0000][1692266][info ][gc,phases   ] GC(325)   Merge Heap Roots: 0.0ms
[2025-08-20T19:46:28.191+0000][1692266][info ][gc,phases   ] GC(325)   Evacuate Collection Set: 1.2ms
[2025-08-20T19:46:28.191+0000][1692266][info ][gc,phases   ] GC(325)   Post Evacuate Collection Set: 0.7ms
[2025-08-20T19:46:28.191+0000][1692266][info ][gc,phases   ] GC(325)   Other: 0.0ms
[2025-08-20T19:46:28.191+0000][1692266][trace][gc,age      ] GC(325) Age table with threshold 15 (max threshold 15)
[2025-08-20T19:46:28.191+0000][1692266][trace][gc,age      ] GC(325) - age   1:      17056 bytes,      17056 total
[2025-08-20T19:46:28.191+0000][1692266][trace][gc,age      ] GC(325) - age   2:       1952 bytes,      19008 total
[2025-08-20T19:46:28.191+0000][1692266][trace][gc,age      ] GC(325) - age   8:        176 bytes,      19184 total
[2025-08-20T19:46:28.191+0000][1692266][trace][gc,age      ] GC(325) - age  10:        360 bytes,      19544 total
[2025-08-20T19:46:28.191+0000][1692266][trace][gc,age      ] GC(325) - age  12:         32 bytes,      19576 total
[2025-08-20T19:46:28.191+0000][1692266][trace][gc,age      ] GC(325) - age  15:        424 bytes,      20000 total
[2025-08-20T19:46:28.191+0000][1692266][info ][gc,heap     ] GC(325) Eden regions: 75->0(75)
[2025-08-20T19:46:28.191+0000][1692266][info ][gc,heap     ] GC(325) Survivor regions: 1->1(10)
[2025-08-20T19:46:28.191+0000][1692266][info ][gc,heap     ] GC(325) Old regions: 22->22
[2025-08-20T19:46:28.191+0000][1692266][info ][gc,heap     ] GC(325) Humongous regions: 0->0
[2025-08-20T19:46:28.191+0000][1692266][info ][gc,metaspace] GC(325) Metaspace: 142000K(148544K)->142000K(148544K) NonClass: 123043K(127104K)->123043K(127104K) Class: 18957K(21440K)->18957K(21440K)
[2025-08-20T19:46:28.191+0000][1692266][info ][gc          ] GC(325) Pause Young (Concurrent Start) (G1 Evacuation Pause) 387M->87M(512M) 2.459ms
[2025-08-20T19:46:28.191+0000][1692266][info ][gc,cpu      ] GC(325) User=0.00s Sys=0.00s Real=0.00s
[2025-08-20T19:46:28.191+0000][1692266][info ][safepoint   ] Safepoint "G1CollectForAllocation", Time since last: 444699267409 ns, Reaching safepoint: 274094 ns, Cleanup: 2444 ns, At safepoint: 2498383 ns, Total: 2774921 ns
[2025-08-20T19:46:28.196+0000][1692266][info ][gc          ] GC(326) Concurrent Mark Cycle
[2025-08-20T19:46:28.196+0000][1692266][info ][gc,marking  ] GC(326) Concurrent Scan Root Regions
[2025-08-20T19:46:28.197+0000][1692266][info ][gc,marking  ] GC(326) Concurrent Scan Root Regions 0.523ms
[2025-08-20T19:46:28.197+0000][1692266][info ][gc,marking  ] GC(326) Concurrent Mark
[2025-08-20T19:46:28.197+0000][1692266][info ][gc,marking  ] GC(326) Concurrent Mark From Roots
[2025-08-20T19:46:28.197+0000][1692266][info ][gc,task     ] GC(326) Using 1 workers of 1 for marking
[2025-08-20T19:46:28.299+0000][1692266][info ][gc,marking  ] GC(326) Concurrent Mark From Roots 101.792ms
[2025-08-20T19:46:28.299+0000][1692266][info ][gc,marking  ] GC(326) Concurrent Preclean
[2025-08-20T19:46:28.299+0000][1692266][info ][gc,marking  ] GC(326) Concurrent Preclean 0.319ms
[2025-08-20T19:46:28.299+0000][1692266][info ][gc,start    ] GC(326) Pause Remark
[2025-08-20T19:46:28.303+0000][1692266][info ][gc          ] GC(326) Pause Remark 88M->88M(512M) 4.041ms
[2025-08-20T19:46:28.303+0000][1692266][info ][gc,cpu      ] GC(326) User=0.00s Sys=0.00s Real=0.00s
[2025-08-20T19:46:28.303+0000][1692266][info ][safepoint   ] Safepoint "G1PauseRemark", Time since last: 107599171 ns, Reaching safepoint: 5678 ns, Cleanup: 2634 ns, At safepoint: 4087444 ns, Total: 4095756 ns
[2025-08-20T19:46:28.303+0000][1692266][info ][gc,marking  ] GC(326) Concurrent Mark 106.275ms
[2025-08-20T19:46:28.303+0000][1692266][info ][gc,marking  ] GC(326) Concurrent Rebuild Remembered Sets and Scrub Regions
[2025-08-20T19:46:28.359+0000][1692266][info ][gc,marking  ] GC(326) Concurrent Rebuild Remembered Sets and Scrub Regions 56.018ms
[2025-08-20T19:46:28.359+0000][1692266][info ][gc,start    ] GC(326) Pause Cleanup
[2025-08-20T19:46:28.359+0000][1692266][info ][gc          ] GC(326) Pause Cleanup 88M->88M(512M) 0.034ms
[2025-08-20T19:46:28.359+0000][1692266][info ][gc,cpu      ] GC(326) User=0.00s Sys=0.00s Real=0.00s
[2025-08-20T19:46:28.359+0000][1692266][info ][safepoint   ] Safepoint "G1PauseCleanup", Time since last: 56069664 ns, Reaching safepoint: 4707 ns, Cleanup: 1402 ns, At safepoint: 61753 ns, Total: 67862 ns
[2025-08-20T19:46:28.359+0000][1692266][info ][gc,marking  ] GC(326) Concurrent Clear Claimed Marks
[2025-08-20T19:46:28.359+0000][1692266][info ][gc,marking  ] GC(326) Concurrent Clear Claimed Marks 0.165ms
[2025-08-20T19:46:28.359+0000][1692266][info ][gc,marking  ] GC(326) Concurrent Cleanup for Next Mark
[2025-08-20T19:46:28.360+0000][1692266][info ][gc,marking  ] GC(326) Concurrent Cleanup for Next Mark 0.267ms
[2025-08-20T19:46:28.360+0000][1692266][info ][gc          ] GC(326) Concurrent Mark Cycle 163.395ms
[2025-08-20T19:53:53.436+0000][1692266][info ][gc,start    ] GC(327) Pause Young (Normal) (G1 Evacuation Pause)
[2025-08-20T19:53:53.436+0000][1692266][info ][gc,task     ] GC(327) Using 1 workers of 1 for evacuation
[2025-08-20T19:53:53.436+0000][1692266][debug][gc,age      ] GC(327) Desired survivor size 20971520 bytes, new threshold 15 (max threshold 15)
[2025-08-20T19:53:53.438+0000][1692266][info ][gc,phases   ] GC(327)   Pre Evacuate Collection Set: 0.0ms
[2025-08-20T19:53:53.438+0000][1692266][info ][gc,phases   ] GC(327)   Merge Heap Roots: 0.0ms
[2025-08-20T19:53:53.438+0000][1692266][info ][gc,phases   ] GC(327)   Evacuate Collection Set: 1.6ms
[2025-08-20T19:53:53.438+0000][1692266][info ][gc,phases   ] GC(327)   Post Evacuate Collection Set: 0.8ms
[2025-08-20T19:53:53.438+0000][1692266][info ][gc,phases   ] GC(327)   Other: 0.0ms
[2025-08-20T19:53:53.438+0000][1692266][trace][gc,age      ] GC(327) Age table with threshold 15 (max threshold 15)
[2025-08-20T19:53:53.438+0000][1692266][trace][gc,age      ] GC(327) - age   1:      16936 bytes,      16936 total
[2025-08-20T19:53:53.438+0000][1692266][trace][gc,age      ] GC(327) - age   2:        112 bytes,      17048 total
[2025-08-20T19:53:53.438+0000][1692266][trace][gc,age      ] GC(327) - age   3:       1400 bytes,      18448 total
[2025-08-20T19:53:53.438+0000][1692266][trace][gc,age      ] GC(327) - age  11:        360 bytes,      18808 total
[2025-08-20T19:53:53.438+0000][1692266][trace][gc,age      ] GC(327) - age  13:         32 bytes,      18840 total
[2025-08-20T19:53:53.438+0000][1692266][info ][gc,heap     ] GC(327) Eden regions: 75->0(75)
[2025-08-20T19:53:53.438+0000][1692266][info ][gc,heap     ] GC(327) Survivor regions: 1->1(10)
[2025-08-20T19:53:53.439+0000][1692266][info ][gc,heap     ] GC(327) Old regions: 22->22
[2025-08-20T19:53:53.439+0000][1692266][info ][gc,heap     ] GC(327) Humongous regions: 0->0
[2025-08-20T19:53:53.439+0000][1692266][info ][gc,metaspace] GC(327) Metaspace: 142000K(148544K)->142000K(148544K) NonClass: 123043K(127104K)->123043K(127104K) Class: 18957K(21440K)->18957K(21440K)
[2025-08-20T19:53:53.439+0000][1692266][info ][gc          ] GC(327) Pause Young (Normal) (G1 Evacuation Pause) 387M->87M(512M) 2.800ms
[2025-08-20T19:53:53.439+0000][1692266][info ][gc,cpu      ] GC(327) User=0.00s Sys=0.00s Real=0.00s
[2025-08-20T19:53:53.439+0000][1692266][info ][safepoint   ] Safepoint "G1CollectForAllocation", Time since last: 445076395433 ns, Reaching safepoint: 8322 ns, Cleanup: 2704 ns, At safepoint: 2837436 ns, Total: 2848462 ns
[2025-08-20T20:01:17.277+0000][1692266][info ][gc,start    ] GC(328) Pause Young (Concurrent Start) (G1 Evacuation Pause)
[2025-08-20T20:01:17.277+0000][1692266][info ][gc,task     ] GC(328) Using 1 workers of 1 for evacuation
[2025-08-20T20:01:17.277+0000][1692266][debug][gc,age      ] GC(328) Desired survivor size 20971520 bytes, new threshold 15 (max threshold 15)
[2025-08-20T20:01:17.280+0000][1692266][info ][gc,phases   ] GC(328)   Pre Evacuate Collection Set: 0.1ms
[2025-08-20T20:01:17.280+0000][1692266][info ][gc,phases   ] GC(328)   Merge Heap Roots: 0.0ms
[2025-08-20T20:01:17.280+0000][1692266][info ][gc,phases   ] GC(328)   Evacuate Collection Set: 1.3ms
[2025-08-20T20:01:17.280+0000][1692266][info ][gc,phases   ] GC(328)   Post Evacuate Collection Set: 0.7ms
[2025-08-20T20:01:17.280+0000][1692266][info ][gc,phases   ] GC(328)   Other: 0.4ms
[2025-08-20T20:01:17.280+0000][1692266][trace][gc,age      ] GC(328) Age table with threshold 15 (max threshold 15)
[2025-08-20T20:01:17.280+0000][1692266][trace][gc,age      ] GC(328) - age   1:     121992 bytes,     121992 total
[2025-08-20T20:01:17.280+0000][1692266][trace][gc,age      ] GC(328) - age   2:        856 bytes,     122848 total
[2025-08-20T20:01:17.280+0000][1692266][trace][gc,age      ] GC(328) - age   4:       1400 bytes,     124248 total
[2025-08-20T20:01:17.280+0000][1692266][trace][gc,age      ] GC(328) - age  12:        360 bytes,     124608 total
[2025-08-20T20:01:17.280+0000][1692266][trace][gc,age      ] GC(328) - age  14:         32 bytes,     124640 total
[2025-08-20T20:01:17.280+0000][1692266][info ][gc,heap     ] GC(328) Eden regions: 75->0(75)
[2025-08-20T20:01:17.280+0000][1692266][info ][gc,heap     ] GC(328) Survivor regions: 1->1(10)
[2025-08-20T20:01:17.280+0000][1692266][info ][gc,heap     ] GC(328) Old regions: 22->22
[2025-08-20T20:01:17.280+0000][1692266][info ][gc,heap     ] GC(328) Humongous regions: 0->0
[2025-08-20T20:01:17.280+0000][1692266][info ][gc,metaspace] GC(328) Metaspace: 142000K(148544K)->142000K(148544K) NonClass: 123043K(127104K)->123043K(127104K) Class: 18957K(21440K)->18957K(21440K)
[2025-08-20T20:01:17.280+0000][1692266][info ][gc          ] GC(328) Pause Young (Concurrent Start) (G1 Evacuation Pause) 387M->87M(512M) 3.044ms
[2025-08-20T20:01:17.280+0000][1692266][info ][gc,cpu      ] GC(328) User=0.00s Sys=0.00s Real=0.00s
[2025-08-20T20:01:17.280+0000][1692266][info ][safepoint   ] Safepoint "G1CollectForAllocation", Time since last: 443838427097 ns, Reaching safepoint: 6049 ns, Cleanup: 3445 ns, At safepoint: 3094524 ns, Total: 3104018 ns
[2025-08-20T20:01:17.286+0000][1692266][info ][gc          ] GC(329) Concurrent Mark Cycle
[2025-08-20T20:01:17.286+0000][1692266][info ][gc,marking  ] GC(329) Concurrent Scan Root Regions
[2025-08-20T20:01:17.287+0000][1692266][info ][gc,marking  ] GC(329) Concurrent Scan Root Regions 1.087ms
[2025-08-20T20:01:17.287+0000][1692266][info ][gc,marking  ] GC(329) Concurrent Mark
[2025-08-20T20:01:17.287+0000][1692266][info ][gc,marking  ] GC(329) Concurrent Mark From Roots
[2025-08-20T20:01:17.287+0000][1692266][info ][gc,task     ] GC(329) Using 1 workers of 1 for marking
[2025-08-20T20:01:17.391+0000][1692266][info ][gc,marking  ] GC(329) Concurrent Mark From Roots 104.435ms
[2025-08-20T20:01:17.391+0000][1692266][info ][gc,marking  ] GC(329) Concurrent Preclean
[2025-08-20T20:01:17.392+0000][1692266][info ][gc,marking  ] GC(329) Concurrent Preclean 0.370ms
[2025-08-20T20:01:17.392+0000][1692266][info ][gc,start    ] GC(329) Pause Remark
[2025-08-20T20:01:17.396+0000][1692266][info ][gc          ] GC(329) Pause Remark 89M->89M(512M) 4.021ms
[2025-08-20T20:01:17.396+0000][1692266][info ][gc,cpu      ] GC(329) User=0.01s Sys=0.00s Real=0.01s
[2025-08-20T20:01:17.396+0000][1692266][info ][safepoint   ] Safepoint "G1PauseRemark", Time since last: 111578644 ns, Reaching safepoint: 6139 ns, Cleanup: 2995 ns, At safepoint: 4063057 ns, Total: 4072191 ns
[2025-08-20T20:01:17.396+0000][1692266][info ][gc,marking  ] GC(329) Concurrent Mark 108.945ms
[2025-08-20T20:01:17.396+0000][1692266][info ][gc,marking  ] GC(329) Concurrent Rebuild Remembered Sets and Scrub Regions
[2025-08-20T20:01:17.455+0000][1692266][info ][gc,marking  ] GC(329) Concurrent Rebuild Remembered Sets and Scrub Regions 59.044ms
[2025-08-20T20:01:17.455+0000][1692266][info ][gc,start    ] GC(329) Pause Cleanup
[2025-08-20T20:01:17.455+0000][1692266][info ][gc          ] GC(329) Pause Cleanup 89M->89M(512M) 0.040ms
[2025-08-20T20:01:17.455+0000][1692266][info ][gc,cpu      ] GC(329) User=0.00s Sys=0.00s Real=0.00s
[2025-08-20T20:01:17.455+0000][1692266][info ][safepoint   ] Safepoint "G1PauseCleanup", Time since last: 59101054 ns, Reaching safepoint: 4327 ns, Cleanup: 1632 ns, At safepoint: 67252 ns, Total: 73211 ns
[2025-08-20T20:01:17.455+0000][1692266][info ][gc,marking  ] GC(329) Concurrent Clear Claimed Marks
[2025-08-20T20:01:17.455+0000][1692266][info ][gc,marking  ] GC(329) Concurrent Clear Claimed Marks 0.153ms
[2025-08-20T20:01:17.455+0000][1692266][info ][gc,marking  ] GC(329) Concurrent Cleanup for Next Mark
[2025-08-20T20:01:17.455+0000][1692266][info ][gc,marking  ] GC(329) Concurrent Cleanup for Next Mark 0.296ms
[2025-08-20T20:01:17.455+0000][1692266][info ][gc          ] GC(329) Concurrent Mark Cycle 169.686ms
[2025-08-20T20:08:42.541+0000][1692266][info ][gc,start    ] GC(330) Pause Young (Normal) (G1 Evacuation Pause)
[2025-08-20T20:08:42.541+0000][1692266][info ][gc,task     ] GC(330) Using 1 workers of 1 for evacuation
[2025-08-20T20:08:42.541+0000][1692266][debug][gc,age      ] GC(330) Desired survivor size 20971520 bytes, new threshold 15 (max threshold 15)
[2025-08-20T20:08:42.544+0000][1692266][info ][gc,phases   ] GC(330)   Pre Evacuate Collection Set: 0.1ms
[2025-08-20T20:08:42.544+0000][1692266][info ][gc,phases   ] GC(330)   Merge Heap Roots: 0.0ms
[2025-08-20T20:08:42.544+0000][1692266][info ][gc,phases   ] GC(330)   Evacuate Collection Set: 1.6ms
[2025-08-20T20:08:42.544+0000][1692266][info ][gc,phases   ] GC(330)   Post Evacuate Collection Set: 0.7ms
[2025-08-20T20:08:42.544+0000][1692266][info ][gc,phases   ] GC(330)   Other: 0.0ms
[2025-08-20T20:08:42.544+0000][1692266][trace][gc,age      ] GC(330) Age table with threshold 15 (max threshold 15)
[2025-08-20T20:08:42.544+0000][1692266][trace][gc,age      ] GC(330) - age   1:      51144 bytes,      51144 total
[2025-08-20T20:08:42.544+0000][1692266][trace][gc,age      ] GC(330) - age   2:        424 bytes,      51568 total
[2025-08-20T20:08:42.544+0000][1692266][trace][gc,age      ] GC(330) - age   3:        176 bytes,      51744 total
[2025-08-20T20:08:42.544+0000][1692266][trace][gc,age      ] GC(330) - age   5:       1400 bytes,      53144 total
[2025-08-20T20:08:42.544+0000][1692266][trace][gc,age      ] GC(330) - age  13:        360 bytes,      53504 total
[2025-08-20T20:08:42.544+0000][1692266][trace][gc,age      ] GC(330) - age  15:         32 bytes,      53536 total
[2025-08-20T20:08:42.544+0000][1692266][info ][gc,heap     ] GC(330) Eden regions: 75->0(75)
[2025-08-20T20:08:42.544+0000][1692266][info ][gc,heap     ] GC(330) Survivor regions: 1->1(10)
[2025-08-20T20:08:42.544+0000][1692266][info ][gc,heap     ] GC(330) Old regions: 22->22
[2025-08-20T20:08:42.544+0000][1692266][info ][gc,heap     ] GC(330) Humongous regions: 0->0
[2025-08-20T20:08:42.544+0000][1692266][info ][gc,metaspace] GC(330) Metaspace: 142000K(148544K)->142000K(148544K) NonClass: 123043K(127104K)->123043K(127104K) Class: 18957K(21440K)->18957K(21440K)
[2025-08-20T20:08:42.544+0000][1692266][info ][gc          ] GC(330) Pause Young (Normal) (G1 Evacuation Pause) 387M->87M(512M) 2.916ms
[2025-08-20T20:08:42.544+0000][1692266][info ][gc,cpu      ] GC(330) User=0.00s Sys=0.00s Real=0.00s
[2025-08-20T20:08:42.544+0000][1692266][info ][safepoint   ] Safepoint "G1CollectForAllocation", Time since last: 445085968352 ns, Reaching safepoint: 8763 ns, Cleanup: 3064 ns, At safepoint: 2953381 ns, Total: 2965208 ns
[2025-08-20T20:16:04.942+0000][1692266][info ][gc,start    ] GC(331) Pause Young (Concurrent Start) (G1 Evacuation Pause)
[2025-08-20T20:16:04.942+0000][1692266][info ][gc,task     ] GC(331) Using 1 workers of 1 for evacuation
[2025-08-20T20:16:04.942+0000][1692266][debug][gc,age      ] GC(331) Desired survivor size 20971520 bytes, new threshold 15 (max threshold 15)
[2025-08-20T20:16:04.944+0000][1692266][info ][gc,phases   ] GC(331)   Pre Evacuate Collection Set: 0.1ms
[2025-08-20T20:16:04.944+0000][1692266][info ][gc,phases   ] GC(331)   Merge Heap Roots: 0.0ms
[2025-08-20T20:16:04.944+0000][1692266][info ][gc,phases   ] GC(331)   Evacuate Collection Set: 1.2ms
[2025-08-20T20:16:04.944+0000][1692266][info ][gc,phases   ] GC(331)   Post Evacuate Collection Set: 0.7ms
[2025-08-20T20:16:04.944+0000][1692266][info ][gc,phases   ] GC(331)   Other: 0.0ms
[2025-08-20T20:16:04.944+0000][1692266][trace][gc,age      ] GC(331) Age table with threshold 15 (max threshold 15)
[2025-08-20T20:16:04.944+0000][1692266][trace][gc,age      ] GC(331) - age   1:      15144 bytes,      15144 total
[2025-08-20T20:16:04.944+0000][1692266][trace][gc,age      ] GC(331) - age   2:        736 bytes,      15880 total
[2025-08-20T20:16:04.944+0000][1692266][trace][gc,age      ] GC(331) - age   4:        176 bytes,      16056 total
[2025-08-20T20:16:04.944+0000][1692266][trace][gc,age      ] GC(331) - age   6:       1400 bytes,      17456 total
[2025-08-20T20:16:04.944+0000][1692266][trace][gc,age      ] GC(331) - age  14:        360 bytes,      17816 total
[2025-08-20T20:16:04.944+0000][1692266][info ][gc,heap     ] GC(331) Eden regions: 75->0(75)
[2025-08-20T20:16:04.944+0000][1692266][info ][gc,heap     ] GC(331) Survivor regions: 1->1(10)
[2025-08-20T20:16:04.944+0000][1692266][info ][gc,heap     ] GC(331) Old regions: 22->22
[2025-08-20T20:16:04.944+0000][1692266][info ][gc,heap     ] GC(331) Humongous regions: 0->0
[2025-08-20T20:16:04.944+0000][1692266][info ][gc,metaspace] GC(331) Metaspace: 142000K(148544K)->142000K(148544K) NonClass: 123043K(127104K)->123043K(127104K) Class: 18957K(21440K)->18957K(21440K)
[2025-08-20T20:16:04.944+0000][1692266][info ][gc          ] GC(331) Pause Young (Concurrent Start) (G1 Evacuation Pause) 387M->87M(512M) 2.418ms
[2025-08-20T20:16:04.944+0000][1692266][info ][gc,cpu      ] GC(331) User=0.00s Sys=0.00s Real=0.00s
[2025-08-20T20:16:04.944+0000][1692266][info ][safepoint   ] Safepoint "G1CollectForAllocation", Time since last: 442398091406 ns, Reaching safepoint: 8082 ns, Cleanup: 2974 ns, At safepoint: 2465024 ns, Total: 2476080 ns
[2025-08-20T20:16:04.949+0000][1692266][info ][gc          ] GC(332) Concurrent Mark Cycle
[2025-08-20T20:16:04.949+0000][1692266][info ][gc,marking  ] GC(332) Concurrent Scan Root Regions
[2025-08-20T20:16:04.950+0000][1692266][info ][gc,marking  ] GC(332) Concurrent Scan Root Regions 0.467ms
[2025-08-20T20:16:04.950+0000][1692266][info ][gc,marking  ] GC(332) Concurrent Mark
[2025-08-20T20:16:04.950+0000][1692266][info ][gc,marking  ] GC(332) Concurrent Mark From Roots
[2025-08-20T20:16:04.950+0000][1692266][info ][gc,task     ] GC(332) Using 1 workers of 1 for marking
[2025-08-20T20:16:05.057+0000][1692266][info ][gc,marking  ] GC(332) Concurrent Mark From Roots 106.987ms
[2025-08-20T20:16:05.057+0000][1692266][info ][gc,marking  ] GC(332) Concurrent Preclean
[2025-08-20T20:16:05.057+0000][1692266][info ][gc,marking  ] GC(332) Concurrent Preclean 0.314ms
[2025-08-20T20:16:05.057+0000][1692266][info ][gc,start    ] GC(332) Pause Remark
[2025-08-20T20:16:05.061+0000][1692266][info ][gc          ] GC(332) Pause Remark 87M->87M(512M) 4.106ms
[2025-08-20T20:16:05.061+0000][1692266][info ][gc,cpu      ] GC(332) User=0.00s Sys=0.00s Real=0.00s
[2025-08-20T20:16:05.061+0000][1692266][info ][safepoint   ] Safepoint "G1PauseRemark", Time since last: 112816853 ns, Reaching safepoint: 5689 ns, Cleanup: 2734 ns, At safepoint: 4155186 ns, Total: 4163609 ns
[2025-08-20T20:16:05.062+0000][1692266][info ][gc,marking  ] GC(332) Concurrent Mark 112.178ms
[2025-08-20T20:16:05.062+0000][1692266][info ][gc,marking  ] GC(332) Concurrent Rebuild Remembered Sets and Scrub Regions
[2025-08-20T20:16:05.135+0000][1692266][info ][gc,marking  ] GC(332) Concurrent Rebuild Remembered Sets and Scrub Regions 72.692ms
[2025-08-20T20:16:05.135+0000][1692266][info ][gc,start    ] GC(332) Pause Cleanup
[2025-08-20T20:16:05.135+0000][1692266][info ][gc          ] GC(332) Pause Cleanup 87M->87M(512M) 0.041ms
[2025-08-20T20:16:05.135+0000][1692266][info ][gc,cpu      ] GC(332) User=0.00s Sys=0.00s Real=0.00s
[2025-08-20T20:16:05.135+0000][1692266][info ][safepoint   ] Safepoint "G1PauseCleanup", Time since last: 73396558 ns, Reaching safepoint: 4898 ns, Cleanup: 2123 ns, At safepoint: 69365 ns, Total: 76386 ns
[2025-08-20T20:16:05.135+0000][1692266][info ][gc,marking  ] GC(332) Concurrent Clear Claimed Marks
[2025-08-20T20:16:05.135+0000][1692266][info ][gc,marking  ] GC(332) Concurrent Clear Claimed Marks 0.176ms
[2025-08-20T20:16:05.135+0000][1692266][info ][gc,marking  ] GC(332) Concurrent Cleanup for Next Mark
[2025-08-20T20:16:05.135+0000][1692266][info ][gc,marking  ] GC(332) Concurrent Cleanup for Next Mark 0.374ms
[2025-08-20T20:16:05.135+0000][1692266][info ][gc          ] GC(332) Concurrent Mark Cycle 186.060ms
[2025-08-20T20:18:00.142+0000][1692266][info ][safepoint   ] Safepoint "Cleanup", Time since last: 115006686658 ns, Reaching safepoint: 42314 ns, Cleanup: 10636 ns, At safepoint: 4847 ns, Total: 57797 ns
[2025-08-20T20:23:29.342+0000][1692266][info ][gc,start    ] GC(333) Pause Young (Normal) (G1 Evacuation Pause)
[2025-08-20T20:23:29.342+0000][1692266][info ][gc,task     ] GC(333) Using 1 workers of 1 for evacuation
[2025-08-20T20:23:29.342+0000][1692266][debug][gc,age      ] GC(333) Desired survivor size 20971520 bytes, new threshold 15 (max threshold 15)
[2025-08-20T20:23:29.344+0000][1692266][info ][gc,phases   ] GC(333)   Pre Evacuate Collection Set: 0.0ms
[2025-08-20T20:23:29.344+0000][1692266][info ][gc,phases   ] GC(333)   Merge Heap Roots: 0.0ms
[2025-08-20T20:23:29.344+0000][1692266][info ][gc,phases   ] GC(333)   Evacuate Collection Set: 1.7ms
[2025-08-20T20:23:29.344+0000][1692266][info ][gc,phases   ] GC(333)   Post Evacuate Collection Set: 0.8ms
[2025-08-20T20:23:29.344+0000][1692266][info ][gc,phases   ] GC(333)   Other: 0.0ms
[2025-08-20T20:23:29.344+0000][1692266][trace][gc,age      ] GC(333) Age table with threshold 15 (max threshold 15)
[2025-08-20T20:23:29.344+0000][1692266][trace][gc,age      ] GC(333) - age   1:      28616 bytes,      28616 total
[2025-08-20T20:23:29.344+0000][1692266][trace][gc,age      ] GC(333) - age   2:        112 bytes,      28728 total
[2025-08-20T20:23:29.344+0000][1692266][trace][gc,age      ] GC(333) - age   5:        176 bytes,      28904 total
[2025-08-20T20:23:29.344+0000][1692266][trace][gc,age      ] GC(333) - age   7:       1400 bytes,      30304 total
[2025-08-20T20:23:29.344+0000][1692266][trace][gc,age      ] GC(333) - age  15:        360 bytes,      30664 total
[2025-08-20T20:23:29.344+0000][1692266][info ][gc,heap     ] GC(333) Eden regions: 75->0(75)
[2025-08-20T20:23:29.344+0000][1692266][info ][gc,heap     ] GC(333) Survivor regions: 1->1(10)
[2025-08-20T20:23:29.344+0000][1692266][info ][gc,heap     ] GC(333) Old regions: 22->22
[2025-08-20T20:23:29.344+0000][1692266][info ][gc,heap     ] GC(333) Humongous regions: 0->0
[2025-08-20T20:23:29.344+0000][1692266][info ][gc,metaspace] GC(333) Metaspace: 142000K(148544K)->142000K(148544K) NonClass: 123043K(127104K)->123043K(127104K) Class: 18957K(21440K)->18957K(21440K)
[2025-08-20T20:23:29.344+0000][1692266][info ][gc          ] GC(333) Pause Young (Normal) (G1 Evacuation Pause) 387M->87M(512M) 2.802ms
[2025-08-20T20:23:29.344+0000][1692266][info ][gc,cpu      ] GC(333) User=0.00s Sys=0.00s Real=0.00s
[2025-08-20T20:23:29.344+0000][1692266][info ][safepoint   ] Safepoint "G1CollectForAllocation", Time since last: 329199968059 ns, Reaching safepoint: 8753 ns, Cleanup: 2765 ns, At safepoint: 2837796 ns, Total: 2849314 ns
[2025-08-20T20:30:54.162+0000][1692266][info ][gc,start    ] GC(334) Pause Young (Concurrent Start) (G1 Evacuation Pause)
[2025-08-20T20:30:54.162+0000][1692266][info ][gc,task     ] GC(334) Using 1 workers of 1 for evacuation
[2025-08-20T20:30:54.162+0000][1692266][debug][gc,age      ] GC(334) Desired survivor size 20971520 bytes, new threshold 15 (max threshold 15)
[2025-08-20T20:30:54.164+0000][1692266][info ][gc,phases   ] GC(334)   Pre Evacuate Collection Set: 0.1ms
[2025-08-20T20:30:54.164+0000][1692266][info ][gc,phases   ] GC(334)   Merge Heap Roots: 0.0ms
[2025-08-20T20:30:54.164+0000][1692266][info ][gc,phases   ] GC(334)   Evacuate Collection Set: 1.2ms
[2025-08-20T20:30:54.164+0000][1692266][info ][gc,phases   ] GC(334)   Post Evacuate Collection Set: 0.7ms
[2025-08-20T20:30:54.164+0000][1692266][info ][gc,phases   ] GC(334)   Other: 0.0ms
[2025-08-20T20:30:54.164+0000][1692266][trace][gc,age      ] GC(334) Age table with threshold 15 (max threshold 15)
[2025-08-20T20:30:54.164+0000][1692266][trace][gc,age      ] GC(334) - age   1:      14816 bytes,      14816 total
[2025-08-20T20:30:54.164+0000][1692266][trace][gc,age      ] GC(334) - age   2:        704 bytes,      15520 total
[2025-08-20T20:30:54.164+0000][1692266][trace][gc,age      ] GC(334) - age   6:        176 bytes,      15696 total
[2025-08-20T20:30:54.164+0000][1692266][trace][gc,age      ] GC(334) - age   8:       1400 bytes,      17096 total
[2025-08-20T20:30:54.164+0000][1692266][info ][gc,heap     ] GC(334) Eden regions: 75->0(75)
[2025-08-20T20:30:54.164+0000][1692266][info ][gc,heap     ] GC(334) Survivor regions: 1->1(10)
[2025-08-20T20:30:54.164+0000][1692266][info ][gc,heap     ] GC(334) Old regions: 22->22
[2025-08-20T20:30:54.164+0000][1692266][info ][gc,heap     ] GC(334) Humongous regions: 0->0
[2025-08-20T20:30:54.164+0000][1692266][info ][gc,metaspace] GC(334) Metaspace: 142000K(148544K)->142000K(148544K) NonClass: 123043K(127104K)->123043K(127104K) Class: 18957K(21440K)->18957K(21440K)
[2025-08-20T20:30:54.164+0000][1692266][info ][gc          ] GC(334) Pause Young (Concurrent Start) (G1 Evacuation Pause) 387M->87M(512M) 2.476ms
[2025-08-20T20:30:54.164+0000][1692266][info ][gc,cpu      ] GC(334) User=0.00s Sys=0.00s Real=0.00s
[2025-08-20T20:30:54.164+0000][1692266][info ][safepoint   ] Safepoint "G1CollectForAllocation", Time since last: 444816862349 ns, Reaching safepoint: 271520 ns, Cleanup: 3335 ns, At safepoint: 2515930 ns, Total: 2790785 ns
[2025-08-20T20:30:54.164+0000][1692266][info ][gc          ] GC(335) Concurrent Mark Cycle
[2025-08-20T20:30:54.164+0000][1692266][info ][gc,marking  ] GC(335) Concurrent Scan Root Regions
[2025-08-20T20:30:54.165+0000][1692266][info ][gc,marking  ] GC(335) Concurrent Scan Root Regions 0.431ms
[2025-08-20T20:30:54.165+0000][1692266][info ][gc,marking  ] GC(335) Concurrent Mark
[2025-08-20T20:30:54.165+0000][1692266][info ][gc,marking  ] GC(335) Concurrent Mark From Roots
[2025-08-20T20:30:54.165+0000][1692266][info ][gc,task     ] GC(335) Using 1 workers of 1 for marking
[2025-08-20T20:30:54.279+0000][1692266][info ][gc,marking  ] GC(335) Concurrent Mark From Roots 113.948ms
[2025-08-20T20:30:54.279+0000][1692266][info ][gc,marking  ] GC(335) Concurrent Preclean
[2025-08-20T20:30:54.279+0000][1692266][info ][gc,marking  ] GC(335) Concurrent Preclean 0.340ms
[2025-08-20T20:30:54.279+0000][1692266][info ][gc,start    ] GC(335) Pause Remark
[2025-08-20T20:30:54.283+0000][1692266][info ][gc          ] GC(335) Pause Remark 87M->87M(512M) 4.113ms
[2025-08-20T20:30:54.283+0000][1692266][info ][gc,cpu      ] GC(335) User=0.00s Sys=0.00s Real=0.00s
[2025-08-20T20:30:54.283+0000][1692266][info ][safepoint   ] Safepoint "G1PauseRemark", Time since last: 115129489 ns, Reaching safepoint: 5869 ns, Cleanup: 2914 ns, At safepoint: 4160915 ns, Total: 4169698 ns
[2025-08-20T20:30:54.283+0000][1692266][info ][gc,marking  ] GC(335) Concurrent Mark 118.545ms
[2025-08-20T20:30:54.283+0000][1692266][info ][gc,marking  ] GC(335) Concurrent Rebuild Remembered Sets and Scrub Regions
[2025-08-20T20:30:54.332+0000][1692266][info ][gc,marking  ] GC(335) Concurrent Rebuild Remembered Sets and Scrub Regions 48.390ms
[2025-08-20T20:30:54.332+0000][1692266][info ][gc,start    ] GC(335) Pause Cleanup
[2025-08-20T20:30:54.332+0000][1692266][info ][gc          ] GC(335) Pause Cleanup 90M->90M(512M) 0.034ms
[2025-08-20T20:30:54.332+0000][1692266][info ][gc,cpu      ] GC(335) User=0.00s Sys=0.00s Real=0.00s
[2025-08-20T20:30:54.332+0000][1692266][info ][safepoint   ] Safepoint "G1PauseCleanup", Time since last: 48447192 ns, Reaching safepoint: 4387 ns, Cleanup: 1622 ns, At safepoint: 60982 ns, Total: 66991 ns
[2025-08-20T20:30:54.332+0000][1692266][info ][gc,marking  ] GC(335) Concurrent Clear Claimed Marks
[2025-08-20T20:30:54.332+0000][1692266][info ][gc,marking  ] GC(335) Concurrent Clear Claimed Marks 0.146ms
[2025-08-20T20:30:54.332+0000][1692266][info ][gc,marking  ] GC(335) Concurrent Cleanup for Next Mark
[2025-08-20T20:30:54.332+0000][1692266][info ][gc,marking  ] GC(335) Concurrent Cleanup for Next Mark 0.266ms
[2025-08-20T20:30:54.332+0000][1692266][info ][gc          ] GC(335) Concurrent Mark Cycle 167.928ms
[2025-08-20T20:38:17.596+0000][1692266][info ][gc,start    ] GC(336) Pause Young (Normal) (G1 Evacuation Pause)
[2025-08-20T20:38:17.596+0000][1692266][info ][gc,task     ] GC(336) Using 1 workers of 1 for evacuation
[2025-08-20T20:38:17.596+0000][1692266][debug][gc,age      ] GC(336) Desired survivor size 20971520 bytes, new threshold 15 (max threshold 15)
[2025-08-20T20:38:17.598+0000][1692266][info ][gc,phases   ] GC(336)   Pre Evacuate Collection Set: 0.1ms
[2025-08-20T20:38:17.598+0000][1692266][info ][gc,phases   ] GC(336)   Merge Heap Roots: 0.0ms
[2025-08-20T20:38:17.598+0000][1692266][info ][gc,phases   ] GC(336)   Evacuate Collection Set: 1.6ms
[2025-08-20T20:38:17.598+0000][1692266][info ][gc,phases   ] GC(336)   Post Evacuate Collection Set: 0.7ms
[2025-08-20T20:38:17.598+0000][1692266][info ][gc,phases   ] GC(336)   Other: 0.0ms
[2025-08-20T20:38:17.598+0000][1692266][trace][gc,age      ] GC(336) Age table with threshold 15 (max threshold 15)
[2025-08-20T20:38:17.598+0000][1692266][trace][gc,age      ] GC(336) - age   1:      50800 bytes,      50800 total
[2025-08-20T20:38:17.598+0000][1692266][trace][gc,age      ] GC(336) - age   2:        400 bytes,      51200 total
[2025-08-20T20:38:17.598+0000][1692266][trace][gc,age      ] GC(336) - age   7:        176 bytes,      51376 total
[2025-08-20T20:38:17.598+0000][1692266][trace][gc,age      ] GC(336) - age   9:       1400 bytes,      52776 total
[2025-08-20T20:38:17.598+0000][1692266][info ][gc,heap     ] GC(336) Eden regions: 75->0(75)
[2025-08-20T20:38:17.598+0000][1692266][info ][gc,heap     ] GC(336) Survivor regions: 1->1(10)
[2025-08-20T20:38:17.598+0000][1692266][info ][gc,heap     ] GC(336) Old regions: 22->22
[2025-08-20T20:38:17.598+0000][1692266][info ][gc,heap     ] GC(336) Humongous regions: 0->0
[2025-08-20T20:38:17.598+0000][1692266][info ][gc,metaspace] GC(336) Metaspace: 142000K(148544K)->142000K(148544K) NonClass: 123043K(127104K)->123043K(127104K) Class: 18957K(21440K)->18957K(21440K)
[2025-08-20T20:38:17.598+0000][1692266][info ][gc          ] GC(336) Pause Young (Normal) (G1 Evacuation Pause) 387M->87M(512M) 2.878ms
[2025-08-20T20:38:17.598+0000][1692266][info ][gc,cpu      ] GC(336) User=0.00s Sys=0.00s Real=0.00s
[2025-08-20T20:38:17.598+0000][1692266][info ][safepoint   ] Safepoint "G1CollectForAllocation", Time since last: 443263671214 ns, Reaching safepoint: 5778 ns, Cleanup: 3195 ns, At safepoint: 2917017 ns, Total: 2925990 ns
[2025-08-20T20:45:42.881+0000][1692266][info ][gc,start    ] GC(337) Pause Young (Concurrent Start) (G1 Evacuation Pause)
[2025-08-20T20:45:42.882+0000][1692266][info ][gc,task     ] GC(337) Using 1 workers of 1 for evacuation
[2025-08-20T20:45:42.882+0000][1692266][debug][gc,age      ] GC(337) Desired survivor size 20971520 bytes, new threshold 15 (max threshold 15)
[2025-08-20T20:45:42.884+0000][1692266][info ][gc,phases   ] GC(337)   Pre Evacuate Collection Set: 0.1ms
[2025-08-20T20:45:42.884+0000][1692266][info ][gc,phases   ] GC(337)   Merge Heap Roots: 0.0ms
[2025-08-20T20:45:42.884+0000][1692266][info ][gc,phases   ] GC(337)   Evacuate Collection Set: 1.3ms
[2025-08-20T20:45:42.884+0000][1692266][info ][gc,phases   ] GC(337)   Post Evacuate Collection Set: 0.7ms
[2025-08-20T20:45:42.884+0000][1692266][info ][gc,phases   ] GC(337)   Other: 0.0ms
[2025-08-20T20:45:42.884+0000][1692266][trace][gc,age      ] GC(337) Age table with threshold 15 (max threshold 15)
[2025-08-20T20:45:42.884+0000][1692266][trace][gc,age      ] GC(337) - age   1:      17112 bytes,      17112 total
[2025-08-20T20:45:42.884+0000][1692266][trace][gc,age      ] GC(337) - age   2:        664 bytes,      17776 total
[2025-08-20T20:45:42.884+0000][1692266][trace][gc,age      ] GC(337) - age   8:        176 bytes,      17952 total
[2025-08-20T20:45:42.884+0000][1692266][trace][gc,age      ] GC(337) - age  10:       1400 bytes,      19352 total
[2025-08-20T20:45:42.884+0000][1692266][info ][gc,heap     ] GC(337) Eden regions: 75->0(75)
[2025-08-20T20:45:42.884+0000][1692266][info ][gc,heap     ] GC(337) Survivor regions: 1->1(10)
[2025-08-20T20:45:42.884+0000][1692266][info ][gc,heap     ] GC(337) Old regions: 22->22
[2025-08-20T20:45:42.884+0000][1692266][info ][gc,heap     ] GC(337) Humongous regions: 0->0
[2025-08-20T20:45:42.884+0000][1692266][info ][gc,metaspace] GC(337) Metaspace: 142000K(148544K)->142000K(148544K) NonClass: 123043K(127104K)->123043K(127104K) Class: 18957K(21440K)->18957K(21440K)
[2025-08-20T20:45:42.884+0000][1692266][info ][gc          ] GC(337) Pause Young (Concurrent Start) (G1 Evacuation Pause) 387M->87M(512M) 2.554ms
[2025-08-20T20:45:42.884+0000][1692266][info ][gc,cpu      ] GC(337) User=0.00s Sys=0.00s Real=0.00s
[2025-08-20T20:45:42.884+0000][1692266][info ][safepoint   ] Safepoint "G1CollectForAllocation", Time since last: 445282959104 ns, Reaching safepoint: 11387 ns, Cleanup: 3666 ns, At safepoint: 2595480 ns, Total: 2610533 ns
[2025-08-20T20:45:42.888+0000][1692266][info ][gc          ] GC(338) Concurrent Mark Cycle
[2025-08-20T20:45:42.888+0000][1692266][info ][gc,marking  ] GC(338) Concurrent Scan Root Regions
[2025-08-20T20:45:42.889+0000][1692266][info ][gc,marking  ] GC(338) Concurrent Scan Root Regions 0.598ms
[2025-08-20T20:45:42.889+0000][1692266][info ][gc,marking  ] GC(338) Concurrent Mark
[2025-08-20T20:45:42.889+0000][1692266][info ][gc,marking  ] GC(338) Concurrent Mark From Roots
[2025-08-20T20:45:42.889+0000][1692266][info ][gc,task     ] GC(338) Using 1 workers of 1 for marking
[2025-08-20T20:45:42.993+0000][1692266][info ][gc,marking  ] GC(338) Concurrent Mark From Roots 103.838ms
[2025-08-20T20:45:42.993+0000][1692266][info ][gc,marking  ] GC(338) Concurrent Preclean
[2025-08-20T20:45:42.993+0000][1692266][info ][gc,marking  ] GC(338) Concurrent Preclean 0.231ms
[2025-08-20T20:45:42.993+0000][1692266][info ][gc,start    ] GC(338) Pause Remark
[2025-08-20T20:45:42.997+0000][1692266][info ][gc          ] GC(338) Pause Remark 90M->90M(512M) 4.039ms
[2025-08-20T20:45:42.997+0000][1692266][info ][gc,cpu      ] GC(338) User=0.00s Sys=0.00s Real=0.01s
[2025-08-20T20:45:42.997+0000][1692266][info ][safepoint   ] Safepoint "G1PauseRemark", Time since last: 109057337 ns, Reaching safepoint: 5849 ns, Cleanup: 3014 ns, At safepoint: 4082067 ns, Total: 4090930 ns
[2025-08-20T20:45:42.997+0000][1692266][info ][gc,marking  ] GC(338) Concurrent Mark 108.233ms
[2025-08-20T20:45:42.997+0000][1692266][info ][gc,marking  ] GC(338) Concurrent Rebuild Remembered Sets and Scrub Regions
[2025-08-20T20:45:43.046+0000][1692266][info ][gc,marking  ] GC(338) Concurrent Rebuild Remembered Sets and Scrub Regions 48.350ms
[2025-08-20T20:45:43.046+0000][1692266][info ][gc,start    ] GC(338) Pause Cleanup
[2025-08-20T20:45:43.046+0000][1692266][info ][gc          ] GC(338) Pause Cleanup 90M->90M(512M) 0.036ms
[2025-08-20T20:45:43.046+0000][1692266][info ][gc,cpu      ] GC(338) User=0.00s Sys=0.00s Real=0.00s
[2025-08-20T20:45:43.046+0000][1692266][info ][safepoint   ] Safepoint "G1PauseCleanup", Time since last: 48403630 ns, Reaching safepoint: 4127 ns, Cleanup: 1412 ns, At safepoint: 64327 ns, Total: 69866 ns
[2025-08-20T20:45:43.046+0000][1692266][info ][gc,marking  ] GC(338) Concurrent Clear Claimed Marks
[2025-08-20T20:45:43.046+0000][1692266][info ][gc,marking  ] GC(338) Concurrent Clear Claimed Marks 0.153ms
[2025-08-20T20:45:43.046+0000][1692266][info ][gc,marking  ] GC(338) Concurrent Cleanup for Next Mark
[2025-08-20T20:45:43.046+0000][1692266][info ][gc,marking  ] GC(338) Concurrent Cleanup for Next Mark 0.269ms
[2025-08-20T20:45:43.046+0000][1692266][info ][gc          ] GC(338) Concurrent Mark Cycle 157.753ms
[2025-08-20T20:53:05.770+0000][1692266][info ][gc,start    ] GC(339) Pause Young (Normal) (G1 Evacuation Pause)
[2025-08-20T20:53:05.770+0000][1692266][info ][gc,task     ] GC(339) Using 1 workers of 1 for evacuation
[2025-08-20T20:53:05.770+0000][1692266][debug][gc,age      ] GC(339) Desired survivor size 20971520 bytes, new threshold 15 (max threshold 15)
[2025-08-20T20:53:05.772+0000][1692266][info ][gc,phases   ] GC(339)   Pre Evacuate Collection Set: 0.1ms
[2025-08-20T20:53:05.772+0000][1692266][info ][gc,phases   ] GC(339)   Merge Heap Roots: 0.0ms
[2025-08-20T20:53:05.772+0000][1692266][info ][gc,phases   ] GC(339)   Evacuate Collection Set: 1.6ms
[2025-08-20T20:53:05.772+0000][1692266][info ][gc,phases   ] GC(339)   Post Evacuate Collection Set: 0.7ms
[2025-08-20T20:53:05.772+0000][1692266][info ][gc,phases   ] GC(339)   Other: 0.0ms
[2025-08-20T20:53:05.772+0000][1692266][trace][gc,age      ] GC(339) Age table with threshold 15 (max threshold 15)
[2025-08-20T20:53:05.772+0000][1692266][trace][gc,age      ] GC(339) - age   1:      15712 bytes,      15712 total
[2025-08-20T20:53:05.772+0000][1692266][trace][gc,age      ] GC(339) - age  11:       1400 bytes,      17112 total
[2025-08-20T20:53:05.772+0000][1692266][info ][gc,heap     ] GC(339) Eden regions: 75->0(75)
[2025-08-20T20:53:05.772+0000][1692266][info ][gc,heap     ] GC(339) Survivor regions: 1->1(10)
[2025-08-20T20:53:05.772+0000][1692266][info ][gc,heap     ] GC(339) Old regions: 22->22
[2025-08-20T20:53:05.772+0000][1692266][info ][gc,heap     ] GC(339) Humongous regions: 0->0
[2025-08-20T20:53:05.772+0000][1692266][info ][gc,metaspace] GC(339) Metaspace: 142000K(148544K)->142000K(148544K) NonClass: 123043K(127104K)->123043K(127104K) Class: 18957K(21440K)->18957K(21440K)
[2025-08-20T20:53:05.772+0000][1692266][info ][gc          ] GC(339) Pause Young (Normal) (G1 Evacuation Pause) 387M->87M(512M) 2.653ms
[2025-08-20T20:53:05.772+0000][1692266][info ][gc,cpu      ] GC(339) User=0.00s Sys=0.00s Real=0.00s
[2025-08-20T20:53:05.772+0000][1692266][info ][safepoint   ] Safepoint "G1CollectForAllocation", Time since last: 442724022326 ns, Reaching safepoint: 8173 ns, Cleanup: 2644 ns, At safepoint: 2695972 ns, Total: 2706789 ns
[2025-08-20T21:00:30.971+0000][1692266][info ][gc,start    ] GC(340) Pause Young (Concurrent Start) (G1 Evacuation Pause)
[2025-08-20T21:00:30.971+0000][1692266][info ][gc,task     ] GC(340) Using 1 workers of 1 for evacuation
[2025-08-20T21:00:30.971+0000][1692266][debug][gc,age      ] GC(340) Desired survivor size 20971520 bytes, new threshold 15 (max threshold 15)
[2025-08-20T21:00:30.973+0000][1692266][info ][gc,phases   ] GC(340)   Pre Evacuate Collection Set: 0.1ms
[2025-08-20T21:00:30.973+0000][1692266][info ][gc,phases   ] GC(340)   Merge Heap Roots: 0.0ms
[2025-08-20T21:00:30.973+0000][1692266][info ][gc,phases   ] GC(340)   Evacuate Collection Set: 1.3ms
[2025-08-20T21:00:30.973+0000][1692266][info ][gc,phases   ] GC(340)   Post Evacuate Collection Set: 0.8ms
[2025-08-20T21:00:30.973+0000][1692266][info ][gc,phases   ] GC(340)   Other: 0.0ms
[2025-08-20T21:00:30.973+0000][1692266][trace][gc,age      ] GC(340) Age table with threshold 15 (max threshold 15)
[2025-08-20T21:00:30.973+0000][1692266][trace][gc,age      ] GC(340) - age   1:      27648 bytes,      27648 total
[2025-08-20T21:00:30.973+0000][1692266][trace][gc,age      ] GC(340) - age   2:       1280 bytes,      28928 total
[2025-08-20T21:00:30.973+0000][1692266][trace][gc,age      ] GC(340) - age  12:       1400 bytes,      30328 total
[2025-08-20T21:00:30.973+0000][1692266][info ][gc,heap     ] GC(340) Eden regions: 75->0(75)
[2025-08-20T21:00:30.973+0000][1692266][info ][gc,heap     ] GC(340) Survivor regions: 1->1(10)
[2025-08-20T21:00:30.973+0000][1692266][info ][gc,heap     ] GC(340) Old regions: 22->22
[2025-08-20T21:00:30.973+0000][1692266][info ][gc,heap     ] GC(340) Humongous regions: 0->0
[2025-08-20T21:00:30.973+0000][1692266][info ][gc,metaspace] GC(340) Metaspace: 142000K(148544K)->142000K(148544K) NonClass: 123043K(127104K)->123043K(127104K) Class: 18957K(21440K)->18957K(21440K)
[2025-08-20T21:00:30.973+0000][1692266][info ][gc          ] GC(340) Pause Young (Concurrent Start) (G1 Evacuation Pause) 387M->87M(512M) 2.463ms
[2025-08-20T21:00:30.973+0000][1692266][info ][gc,cpu      ] GC(340) User=0.00s Sys=0.00s Real=0.00s
[2025-08-20T21:00:30.973+0000][1692266][info ][safepoint   ] Safepoint "G1CollectForAllocation", Time since last: 445198092127 ns, Reaching safepoint: 8553 ns, Cleanup: 2714 ns, At safepoint: 2502410 ns, Total: 2513677 ns
[2025-08-20T21:00:30.977+0000][1692266][info ][gc          ] GC(341) Concurrent Mark Cycle
[2025-08-20T21:00:30.977+0000][1692266][info ][gc,marking  ] GC(341) Concurrent Scan Root Regions
[2025-08-20T21:00:30.978+0000][1692266][info ][gc,marking  ] GC(341) Concurrent Scan Root Regions 0.598ms
[2025-08-20T21:00:30.978+0000][1692266][info ][gc,marking  ] GC(341) Concurrent Mark
[2025-08-20T21:00:30.978+0000][1692266][info ][gc,marking  ] GC(341) Concurrent Mark From Roots
[2025-08-20T21:00:30.978+0000][1692266][info ][gc,task     ] GC(341) Using 1 workers of 1 for marking
[2025-08-20T21:00:31.083+0000][1692266][info ][gc,marking  ] GC(341) Concurrent Mark From Roots 105.298ms
[2025-08-20T21:00:31.083+0000][1692266][info ][gc,marking  ] GC(341) Concurrent Preclean
[2025-08-20T21:00:31.083+0000][1692266][info ][gc,marking  ] GC(341) Concurrent Preclean 0.306ms
[2025-08-20T21:00:31.084+0000][1692266][info ][gc,start    ] GC(341) Pause Remark
[2025-08-20T21:00:31.088+0000][1692266][info ][gc          ] GC(341) Pause Remark 89M->89M(512M) 3.978ms
[2025-08-20T21:00:31.088+0000][1692266][info ][gc,cpu      ] GC(341) User=0.00s Sys=0.00s Real=0.01s
[2025-08-20T21:00:31.088+0000][1692266][info ][safepoint   ] Safepoint "G1PauseRemark", Time since last: 110495371 ns, Reaching safepoint: 5828 ns, Cleanup: 2945 ns, At safepoint: 4023548 ns, Total: 4032321 ns
[2025-08-20T21:00:31.088+0000][1692266][info ][gc,marking  ] GC(341) Concurrent Mark 109.722ms
[2025-08-20T21:00:31.088+0000][1692266][info ][gc,marking  ] GC(341) Concurrent Rebuild Remembered Sets and Scrub Regions
[2025-08-20T21:00:31.142+0000][1692266][info ][gc,marking  ] GC(341) Concurrent Rebuild Remembered Sets and Scrub Regions 54.640ms
[2025-08-20T21:00:31.142+0000][1692266][info ][gc,start    ] GC(341) Pause Cleanup
[2025-08-20T21:00:31.142+0000][1692266][info ][gc          ] GC(341) Pause Cleanup 91M->91M(512M) 0.034ms
[2025-08-20T21:00:31.142+0000][1692266][info ][gc,cpu      ] GC(341) User=0.00s Sys=0.00s Real=0.00s
[2025-08-20T21:00:31.142+0000][1692266][info ][safepoint   ] Safepoint "G1PauseCleanup", Time since last: 54707239 ns, Reaching safepoint: 3725 ns, Cleanup: 1623 ns, At safepoint: 61443 ns, Total: 66791 ns
[2025-08-20T21:00:31.142+0000][1692266][info ][gc,marking  ] GC(341) Concurrent Clear Claimed Marks
[2025-08-20T21:00:31.142+0000][1692266][info ][gc,marking  ] GC(341) Concurrent Clear Claimed Marks 0.160ms
[2025-08-20T21:00:31.142+0000][1692266][info ][gc,marking  ] GC(341) Concurrent Cleanup for Next Mark
[2025-08-20T21:00:31.143+0000][1692266][info ][gc,marking  ] GC(341) Concurrent Cleanup for Next Mark 0.265ms
[2025-08-20T21:00:31.143+0000][1692266][info ][gc          ] GC(341) Concurrent Mark Cycle 165.531ms
[2025-08-20T21:07:54.814+0000][1692266][info ][gc,start    ] GC(342) Pause Young (Normal) (G1 Evacuation Pause)
[2025-08-20T21:07:54.814+0000][1692266][info ][gc,task     ] GC(342) Using 1 workers of 1 for evacuation
[2025-08-20T21:07:54.814+0000][1692266][debug][gc,age      ] GC(342) Desired survivor size 20971520 bytes, new threshold 15 (max threshold 15)
[2025-08-20T21:07:54.817+0000][1692266][info ][gc,phases   ] GC(342)   Pre Evacuate Collection Set: 0.0ms
[2025-08-20T21:07:54.817+0000][1692266][info ][gc,phases   ] GC(342)   Merge Heap Roots: 0.0ms
[2025-08-20T21:07:54.817+0000][1692266][info ][gc,phases   ] GC(342)   Evacuate Collection Set: 1.6ms
[2025-08-20T21:07:54.817+0000][1692266][info ][gc,phases   ] GC(342)   Post Evacuate Collection Set: 0.8ms
[2025-08-20T21:07:54.817+0000][1692266][info ][gc,phases   ] GC(342)   Other: 0.0ms
[2025-08-20T21:07:54.817+0000][1692266][trace][gc,age      ] GC(342) Age table with threshold 15 (max threshold 15)
[2025-08-20T21:07:54.817+0000][1692266][trace][gc,age      ] GC(342) - age   1:      83552 bytes,      83552 total
[2025-08-20T21:07:54.817+0000][1692266][trace][gc,age      ] GC(342) - age   3:        176 bytes,      83728 total
[2025-08-20T21:07:54.817+0000][1692266][trace][gc,age      ] GC(342) - age  13:       1400 bytes,      85128 total
[2025-08-20T21:07:54.817+0000][1692266][info ][gc,heap     ] GC(342) Eden regions: 75->0(75)
[2025-08-20T21:07:54.817+0000][1692266][info ][gc,heap     ] GC(342) Survivor regions: 1->1(10)
[2025-08-20T21:07:54.817+0000][1692266][info ][gc,heap     ] GC(342) Old regions: 22->22
[2025-08-20T21:07:54.817+0000][1692266][info ][gc,heap     ] GC(342) Humongous regions: 0->0
[2025-08-20T21:07:54.817+0000][1692266][info ][gc,metaspace] GC(342) Metaspace: 142000K(148544K)->142000K(148544K) NonClass: 123043K(127104K)->123043K(127104K) Class: 18957K(21440K)->18957K(21440K)
[2025-08-20T21:07:54.817+0000][1692266][info ][gc          ] GC(342) Pause Young (Normal) (G1 Evacuation Pause) 387M->87M(512M) 2.945ms
[2025-08-20T21:07:54.817+0000][1692266][info ][gc,cpu      ] GC(342) User=0.00s Sys=0.00s Real=0.01s
[2025-08-20T21:07:54.817+0000][1692266][info ][safepoint   ] Safepoint "G1CollectForAllocation", Time since last: 443671743990 ns, Reaching safepoint: 8212 ns, Cleanup: 3285 ns, At safepoint: 2983497 ns, Total: 2994994 ns
[2025-08-20T21:15:19.063+0000][1692266][info ][gc,start    ] GC(343) Pause Young (Concurrent Start) (G1 Evacuation Pause)
[2025-08-20T21:15:19.063+0000][1692266][info ][gc,task     ] GC(343) Using 1 workers of 1 for evacuation
[2025-08-20T21:15:19.063+0000][1692266][debug][gc,age      ] GC(343) Desired survivor size 20971520 bytes, new threshold 15 (max threshold 15)
[2025-08-20T21:15:19.065+0000][1692266][info ][gc,phases   ] GC(343)   Pre Evacuate Collection Set: 0.1ms
[2025-08-20T21:15:19.065+0000][1692266][info ][gc,phases   ] GC(343)   Merge Heap Roots: 0.0ms
[2025-08-20T21:15:19.065+0000][1692266][info ][gc,phases   ] GC(343)   Evacuate Collection Set: 1.2ms
[2025-08-20T21:15:19.065+0000][1692266][info ][gc,phases   ] GC(343)   Post Evacuate Collection Set: 0.7ms
[2025-08-20T21:15:19.065+0000][1692266][info ][gc,phases   ] GC(343)   Other: 0.0ms
[2025-08-20T21:15:19.065+0000][1692266][trace][gc,age      ] GC(343) Age table with threshold 15 (max threshold 15)
[2025-08-20T21:15:19.065+0000][1692266][trace][gc,age      ] GC(343) - age   1:      15104 bytes,      15104 total
[2025-08-20T21:15:19.065+0000][1692266][trace][gc,age      ] GC(343) - age   2:        664 bytes,      15768 total
[2025-08-20T21:15:19.065+0000][1692266][trace][gc,age      ] GC(343) - age   4:        176 bytes,      15944 total
[2025-08-20T21:15:19.065+0000][1692266][trace][gc,age      ] GC(343) - age  14:       1400 bytes,      17344 total
[2025-08-20T21:15:19.065+0000][1692266][info ][gc,heap     ] GC(343) Eden regions: 75->0(75)
[2025-08-20T21:15:19.065+0000][1692266][info ][gc,heap     ] GC(343) Survivor regions: 1->1(10)
[2025-08-20T21:15:19.065+0000][1692266][info ][gc,heap     ] GC(343) Old regions: 22->22
[2025-08-20T21:15:19.065+0000][1692266][info ][gc,heap     ] GC(343) Humongous regions: 0->0
[2025-08-20T21:15:19.065+0000][1692266][info ][gc,metaspace] GC(343) Metaspace: 142000K(148544K)->142000K(148544K) NonClass: 123043K(127104K)->123043K(127104K) Class: 18957K(21440K)->18957K(21440K)
[2025-08-20T21:15:19.065+0000][1692266][info ][gc          ] GC(343) Pause Young (Concurrent Start) (G1 Evacuation Pause) 387M->87M(512M) 2.600ms
[2025-08-20T21:15:19.065+0000][1692266][info ][gc,cpu      ] GC(343) User=0.00s Sys=0.00s Real=0.01s
[2025-08-20T21:15:19.065+0000][1692266][info ][safepoint   ] Safepoint "G1CollectForAllocation", Time since last: 444245766415 ns, Reaching safepoint: 6239 ns, Cleanup: 3075 ns, At safepoint: 2641009 ns, Total: 2650323 ns
[2025-08-20T21:15:19.070+0000][1692266][info ][gc          ] GC(344) Concurrent Mark Cycle
[2025-08-20T21:15:19.070+0000][1692266][info ][gc,marking  ] GC(344) Concurrent Scan Root Regions
[2025-08-20T21:15:19.071+0000][1692266][info ][gc,marking  ] GC(344) Concurrent Scan Root Regions 1.196ms
[2025-08-20T21:15:19.071+0000][1692266][info ][gc,marking  ] GC(344) Concurrent Mark
[2025-08-20T21:15:19.071+0000][1692266][info ][gc,marking  ] GC(344) Concurrent Mark From Roots
[2025-08-20T21:15:19.071+0000][1692266][info ][gc,task     ] GC(344) Using 1 workers of 1 for marking
[2025-08-20T21:15:19.190+0000][1692266][info ][gc,marking  ] GC(344) Concurrent Mark From Roots 118.953ms
[2025-08-20T21:15:19.190+0000][1692266][info ][gc,marking  ] GC(344) Concurrent Preclean
[2025-08-20T21:15:19.190+0000][1692266][info ][gc,marking  ] GC(344) Concurrent Preclean 0.332ms
[2025-08-20T21:15:19.190+0000][1692266][info ][gc,start    ] GC(344) Pause Remark
[2025-08-20T21:15:19.194+0000][1692266][info ][gc          ] GC(344) Pause Remark 90M->90M(512M) 4.014ms
[2025-08-20T21:15:19.194+0000][1692266][info ][gc,cpu      ] GC(344) User=0.01s Sys=0.00s Real=0.00s
[2025-08-20T21:15:19.194+0000][1692266][info ][safepoint   ] Safepoint "G1PauseRemark", Time since last: 124827867 ns, Reaching safepoint: 5989 ns, Cleanup: 2694 ns, At safepoint: 4053533 ns, Total: 4062216 ns
[2025-08-20T21:15:19.194+0000][1692266][info ][gc,marking  ] GC(344) Concurrent Mark 123.422ms
[2025-08-20T21:15:19.194+0000][1692266][info ][gc,marking  ] GC(344) Concurrent Rebuild Remembered Sets and Scrub Regions
[2025-08-20T21:15:19.231+0000][1692266][info ][gc,marking  ] GC(344) Concurrent Rebuild Remembered Sets and Scrub Regions 36.299ms
[2025-08-20T21:15:19.231+0000][1692266][info ][gc,start    ] GC(344) Pause Cleanup
[2025-08-20T21:15:19.231+0000][1692266][info ][gc          ] GC(344) Pause Cleanup 90M->90M(512M) 0.034ms
[2025-08-20T21:15:19.231+0000][1692266][info ][gc,cpu      ] GC(344) User=0.00s Sys=0.00s Real=0.00s
[2025-08-20T21:15:19.231+0000][1692266][info ][safepoint   ] Safepoint "G1PauseCleanup", Time since last: 36355246 ns, Reaching safepoint: 3596 ns, Cleanup: 1332 ns, At safepoint: 72489 ns, Total: 77417 ns
[2025-08-20T21:15:19.231+0000][1692266][info ][gc,marking  ] GC(344) Concurrent Clear Claimed Marks
[2025-08-20T21:15:19.231+0000][1692266][info ][gc,marking  ] GC(344) Concurrent Clear Claimed Marks 0.127ms
[2025-08-20T21:15:19.231+0000][1692266][info ][gc,marking  ] GC(344) Concurrent Cleanup for Next Mark
[2025-08-20T21:15:19.248+0000][1692266][info ][gc,marking  ] GC(344) Concurrent Cleanup for Next Mark 16.664ms
[2025-08-20T21:15:19.248+0000][1692266][info ][gc          ] GC(344) Concurrent Mark Cycle 177.875ms
[2025-08-20T21:22:42.254+0000][1692266][info ][gc,start    ] GC(345) Pause Young (Normal) (G1 Evacuation Pause)
[2025-08-20T21:22:42.255+0000][1692266][info ][gc,task     ] GC(345) Using 1 workers of 1 for evacuation
[2025-08-20T21:22:42.255+0000][1692266][debug][gc,age      ] GC(345) Desired survivor size 20971520 bytes, new threshold 15 (max threshold 15)
[2025-08-20T21:22:42.257+0000][1692266][info ][gc,phases   ] GC(345)   Pre Evacuate Collection Set: 0.1ms
[2025-08-20T21:22:42.257+0000][1692266][info ][gc,phases   ] GC(345)   Merge Heap Roots: 0.0ms
[2025-08-20T21:22:42.257+0000][1692266][info ][gc,phases   ] GC(345)   Evacuate Collection Set: 1.6ms
[2025-08-20T21:22:42.257+0000][1692266][info ][gc,phases   ] GC(345)   Post Evacuate Collection Set: 0.7ms
[2025-08-20T21:22:42.257+0000][1692266][info ][gc,phases   ] GC(345)   Other: 0.0ms
[2025-08-20T21:22:42.257+0000][1692266][trace][gc,age      ] GC(345) Age table with threshold 15 (max threshold 15)
[2025-08-20T21:22:42.257+0000][1692266][trace][gc,age      ] GC(345) - age   1:      84576 bytes,      84576 total
[2025-08-20T21:22:42.257+0000][1692266][trace][gc,age      ] GC(345) - age   5:        176 bytes,      84752 total
[2025-08-20T21:22:42.257+0000][1692266][trace][gc,age      ] GC(345) - age  15:       1400 bytes,      86152 total
[2025-08-20T21:22:42.257+0000][1692266][info ][gc,heap     ] GC(345) Eden regions: 75->0(75)
[2025-08-20T21:22:42.257+0000][1692266][info ][gc,heap     ] GC(345) Survivor regions: 1->1(10)
[2025-08-20T21:22:42.257+0000][1692266][info ][gc,heap     ] GC(345) Old regions: 22->22
[2025-08-20T21:22:42.257+0000][1692266][info ][gc,heap     ] GC(345) Humongous regions: 0->0
[2025-08-20T21:22:42.257+0000][1692266][info ][gc,metaspace] GC(345) Metaspace: 142000K(148544K)->142000K(148544K) NonClass: 123043K(127104K)->123043K(127104K) Class: 18957K(21440K)->18957K(21440K)
[2025-08-20T21:22:42.257+0000][1692266][info ][gc          ] GC(345) Pause Young (Normal) (G1 Evacuation Pause) 387M->87M(512M) 2.870ms
[2025-08-20T21:22:42.257+0000][1692266][info ][gc,cpu      ] GC(345) User=0.00s Sys=0.00s Real=0.01s
[2025-08-20T21:22:42.257+0000][1692266][info ][safepoint   ] Safepoint "G1CollectForAllocation", Time since last: 443023238485 ns, Reaching safepoint: 261865 ns, Cleanup: 3405 ns, At safepoint: 2907562 ns, Total: 3172832 ns
[2025-08-20T21:30:07.423+0000][1692266][info ][gc,start    ] GC(346) Pause Young (Concurrent Start) (G1 Evacuation Pause)
[2025-08-20T21:30:07.423+0000][1692266][info ][gc,task     ] GC(346) Using 1 workers of 1 for evacuation
[2025-08-20T21:30:07.423+0000][1692266][debug][gc,age      ] GC(346) Desired survivor size 20971520 bytes, new threshold 15 (max threshold 15)
[2025-08-20T21:30:07.426+0000][1692266][info ][gc,phases   ] GC(346)   Pre Evacuate Collection Set: 0.1ms
[2025-08-20T21:30:07.426+0000][1692266][info ][gc,phases   ] GC(346)   Merge Heap Roots: 0.0ms
[2025-08-20T21:30:07.426+0000][1692266][info ][gc,phases   ] GC(346)   Evacuate Collection Set: 1.2ms
[2025-08-20T21:30:07.426+0000][1692266][info ][gc,phases   ] GC(346)   Post Evacuate Collection Set: 0.7ms
[2025-08-20T21:30:07.426+0000][1692266][info ][gc,phases   ] GC(346)   Other: 0.0ms
[2025-08-20T21:30:07.426+0000][1692266][trace][gc,age      ] GC(346) Age table with threshold 15 (max threshold 15)
[2025-08-20T21:30:07.426+0000][1692266][trace][gc,age      ] GC(346) - age   1:      14216 bytes,      14216 total
[2025-08-20T21:30:07.426+0000][1692266][trace][gc,age      ] GC(346) - age   2:       1104 bytes,      15320 total
[2025-08-20T21:30:07.426+0000][1692266][trace][gc,age      ] GC(346) - age   6:        176 bytes,      15496 total
[2025-08-20T21:30:07.426+0000][1692266][info ][gc,heap     ] GC(346) Eden regions: 75->0(75)
[2025-08-20T21:30:07.426+0000][1692266][info ][gc,heap     ] GC(346) Survivor regions: 1->1(10)
[2025-08-20T21:30:07.426+0000][1692266][info ][gc,heap     ] GC(346) Old regions: 22->22
[2025-08-20T21:30:07.426+0000][1692266][info ][gc,heap     ] GC(346) Humongous regions: 0->0
[2025-08-20T21:30:07.426+0000][1692266][info ][gc,metaspace] GC(346) Metaspace: 142000K(148544K)->142000K(148544K) NonClass: 123043K(127104K)->123043K(127104K) Class: 18957K(21440K)->18957K(21440K)
[2025-08-20T21:30:07.426+0000][1692266][info ][gc          ] GC(346) Pause Young (Concurrent Start) (G1 Evacuation Pause) 387M->87M(512M) 2.250ms
[2025-08-20T21:30:07.426+0000][1692266][info ][gc,cpu      ] GC(346) User=0.00s Sys=0.00s Real=0.01s
[2025-08-20T21:30:07.426+0000][1692266][info ][safepoint   ] Safepoint "G1CollectForAllocation", Time since last: 445166117663 ns, Reaching safepoint: 8503 ns, Cleanup: 2434 ns, At safepoint: 2290680 ns, Total: 2301617 ns
[2025-08-20T21:30:07.432+0000][1692266][info ][gc          ] GC(347) Concurrent Mark Cycle
[2025-08-20T21:30:07.432+0000][1692266][info ][gc,marking  ] GC(347) Concurrent Scan Root Regions
[2025-08-20T21:30:07.433+0000][1692266][info ][gc,marking  ] GC(347) Concurrent Scan Root Regions 0.439ms
[2025-08-20T21:30:07.433+0000][1692266][info ][gc,marking  ] GC(347) Concurrent Mark
[2025-08-20T21:30:07.433+0000][1692266][info ][gc,marking  ] GC(347) Concurrent Mark From Roots
[2025-08-20T21:30:07.433+0000][1692266][info ][gc,task     ] GC(347) Using 1 workers of 1 for marking
[2025-08-20T21:30:07.534+0000][1692266][info ][gc,marking  ] GC(347) Concurrent Mark From Roots 101.158ms
[2025-08-20T21:30:07.534+0000][1692266][info ][gc,marking  ] GC(347) Concurrent Preclean
[2025-08-20T21:30:07.534+0000][1692266][info ][gc,marking  ] GC(347) Concurrent Preclean 0.304ms
[2025-08-20T21:30:07.534+0000][1692266][info ][gc,start    ] GC(347) Pause Remark
[2025-08-20T21:30:07.538+0000][1692266][info ][gc          ] GC(347) Pause Remark 90M->90M(512M) 3.926ms
[2025-08-20T21:30:07.538+0000][1692266][info ][gc,cpu      ] GC(347) User=0.00s Sys=0.00s Real=0.01s
[2025-08-20T21:30:07.538+0000][1692266][info ][safepoint   ] Safepoint "G1PauseRemark", Time since last: 108733404 ns, Reaching safepoint: 5428 ns, Cleanup: 6260 ns, At safepoint: 3974523 ns, Total: 3986211 ns
[2025-08-20T21:30:07.538+0000][1692266][info ][gc,marking  ] GC(347) Concurrent Mark 105.519ms
[2025-08-20T21:30:07.538+0000][1692266][info ][gc,marking  ] GC(347) Concurrent Rebuild Remembered Sets and Scrub Regions
[2025-08-20T21:30:07.590+0000][1692266][info ][gc,marking  ] GC(347) Concurrent Rebuild Remembered Sets and Scrub Regions 51.216ms
[2025-08-20T21:30:07.590+0000][1692266][info ][gc,start    ] GC(347) Pause Cleanup
[2025-08-20T21:30:07.590+0000][1692266][info ][gc          ] GC(347) Pause Cleanup 90M->90M(512M) 0.033ms
[2025-08-20T21:30:07.590+0000][1692266][info ][gc,cpu      ] GC(347) User=0.00s Sys=0.00s Real=0.00s
[2025-08-20T21:30:07.590+0000][1692266][info ][safepoint   ] Safepoint "G1PauseCleanup", Time since last: 51266800 ns, Reaching safepoint: 4236 ns, Cleanup: 972 ns, At safepoint: 61743 ns, Total: 66951 ns
[2025-08-20T21:30:07.590+0000][1692266][info ][gc,marking  ] GC(347) Concurrent Clear Claimed Marks
[2025-08-20T21:30:07.590+0000][1692266][info ][gc,marking  ] GC(347) Concurrent Clear Claimed Marks 0.157ms
[2025-08-20T21:30:07.590+0000][1692266][info ][gc,marking  ] GC(347) Concurrent Cleanup for Next Mark
[2025-08-20T21:30:07.603+0000][1692266][info ][gc,marking  ] GC(347) Concurrent Cleanup for Next Mark 12.742ms
[2025-08-20T21:30:07.603+0000][1692266][info ][gc          ] GC(347) Concurrent Mark Cycle 170.215ms
[2025-08-20T21:37:32.314+0000][1692266][info ][gc,start    ] GC(348) Pause Young (Normal) (G1 Evacuation Pause)
[2025-08-20T21:37:32.314+0000][1692266][info ][gc,task     ] GC(348) Using 1 workers of 1 for evacuation
[2025-08-20T21:37:32.314+0000][1692266][debug][gc,age      ] GC(348) Desired survivor size 20971520 bytes, new threshold 15 (max threshold 15)
[2025-08-20T21:37:32.317+0000][1692266][info ][gc,phases   ] GC(348)   Pre Evacuate Collection Set: 0.0ms
[2025-08-20T21:37:32.317+0000][1692266][info ][gc,phases   ] GC(348)   Merge Heap Roots: 0.0ms
[2025-08-20T21:37:32.317+0000][1692266][info ][gc,phases   ] GC(348)   Evacuate Collection Set: 1.7ms
[2025-08-20T21:37:32.317+0000][1692266][info ][gc,phases   ] GC(348)   Post Evacuate Collection Set: 0.7ms
[2025-08-20T21:37:32.317+0000][1692266][info ][gc,phases   ] GC(348)   Other: 0.4ms
[2025-08-20T21:37:32.317+0000][1692266][trace][gc,age      ] GC(348) Age table with threshold 15 (max threshold 15)
[2025-08-20T21:37:32.317+0000][1692266][trace][gc,age      ] GC(348) - age   1:      28640 bytes,      28640 total
[2025-08-20T21:37:32.317+0000][1692266][trace][gc,age      ] GC(348) - age   7:        176 bytes,      28816 total
[2025-08-20T21:37:32.317+0000][1692266][info ][gc,heap     ] GC(348) Eden regions: 75->0(75)
[2025-08-20T21:37:32.317+0000][1692266][info ][gc,heap     ] GC(348) Survivor regions: 1->1(10)
[2025-08-20T21:37:32.317+0000][1692266][info ][gc,heap     ] GC(348) Old regions: 22->22
[2025-08-20T21:37:32.317+0000][1692266][info ][gc,heap     ] GC(348) Humongous regions: 0->0
[2025-08-20T21:37:32.317+0000][1692266][info ][gc,metaspace] GC(348) Metaspace: 142021K(148544K)->142021K(148544K) NonClass: 123064K(127104K)->123064K(127104K) Class: 18957K(21440K)->18957K(21440K)
[2025-08-20T21:37:32.317+0000][1692266][info ][gc          ] GC(348) Pause Young (Normal) (G1 Evacuation Pause) 387M->87M(512M) 3.145ms
[2025-08-20T21:37:32.317+0000][1692266][info ][gc,cpu      ] GC(348) User=0.01s Sys=0.00s Real=0.01s
[2025-08-20T21:37:32.317+0000][1692266][info ][safepoint   ] Safepoint "G1CollectForAllocation", Time since last: 444723897653 ns, Reaching safepoint: 8223 ns, Cleanup: 2844 ns, At safepoint: 3180855 ns, Total: 3191922 ns
[2025-08-20T21:44:57.085+0000][1692266][info ][gc,start    ] GC(349) Pause Young (Concurrent Start) (G1 Evacuation Pause)
[2025-08-20T21:44:57.085+0000][1692266][info ][gc,task     ] GC(349) Using 1 workers of 1 for evacuation
[2025-08-20T21:44:57.085+0000][1692266][debug][gc,age      ] GC(349) Desired survivor size 20971520 bytes, new threshold 15 (max threshold 15)
[2025-08-20T21:44:57.088+0000][1692266][info ][gc,phases   ] GC(349)   Pre Evacuate Collection Set: 0.1ms
[2025-08-20T21:44:57.088+0000][1692266][info ][gc,phases   ] GC(349)   Merge Heap Roots: 0.0ms
[2025-08-20T21:44:57.088+0000][1692266][info ][gc,phases   ] GC(349)   Evacuate Collection Set: 1.3ms
[2025-08-20T21:44:57.088+0000][1692266][info ][gc,phases   ] GC(349)   Post Evacuate Collection Set: 0.8ms
[2025-08-20T21:44:57.088+0000][1692266][info ][gc,phases   ] GC(349)   Other: 0.1ms
[2025-08-20T21:44:57.088+0000][1692266][trace][gc,age      ] GC(349) Age table with threshold 15 (max threshold 15)
[2025-08-20T21:44:57.088+0000][1692266][trace][gc,age      ] GC(349) - age   1:     121640 bytes,     121640 total
[2025-08-20T21:44:57.088+0000][1692266][trace][gc,age      ] GC(349) - age   2:        816 bytes,     122456 total
[2025-08-20T21:44:57.088+0000][1692266][trace][gc,age      ] GC(349) - age   8:        176 bytes,     122632 total
[2025-08-20T21:44:57.088+0000][1692266][info ][gc,heap     ] GC(349) Eden regions: 75->0(75)
[2025-08-20T21:44:57.088+0000][1692266][info ][gc,heap     ] GC(349) Survivor regions: 1->1(10)
[2025-08-20T21:44:57.088+0000][1692266][info ][gc,heap     ] GC(349) Old regions: 22->22
[2025-08-20T21:44:57.088+0000][1692266][info ][gc,heap     ] GC(349) Humongous regions: 0->0
[2025-08-20T21:44:57.088+0000][1692266][info ][gc,metaspace] GC(349) Metaspace: 142021K(148544K)->142021K(148544K) NonClass: 123064K(127104K)->123064K(127104K) Class: 18957K(21440K)->18957K(21440K)
[2025-08-20T21:44:57.088+0000][1692266][info ][gc          ] GC(349) Pause Young (Concurrent Start) (G1 Evacuation Pause) 387M->87M(512M) 2.803ms
[2025-08-20T21:44:57.088+0000][1692266][info ][gc,cpu      ] GC(349) User=0.01s Sys=0.00s Real=0.01s
[2025-08-20T21:44:57.088+0000][1692266][info ][safepoint   ] Safepoint "G1CollectForAllocation", Time since last: 444768135982 ns, Reaching safepoint: 8904 ns, Cleanup: 3315 ns, At safepoint: 2844036 ns, Total: 2856255 ns
[2025-08-20T21:44:57.093+0000][1692266][info ][gc          ] GC(350) Concurrent Mark Cycle
[2025-08-20T21:44:57.093+0000][1692266][info ][gc,marking  ] GC(350) Concurrent Scan Root Regions
[2025-08-20T21:44:57.095+0000][1692266][info ][gc,marking  ] GC(350) Concurrent Scan Root Regions 1.135ms
[2025-08-20T21:44:57.095+0000][1692266][info ][gc,marking  ] GC(350) Concurrent Mark
[2025-08-20T21:44:57.095+0000][1692266][info ][gc,marking  ] GC(350) Concurrent Mark From Roots
[2025-08-20T21:44:57.095+0000][1692266][info ][gc,task     ] GC(350) Using 1 workers of 1 for marking
[2025-08-20T21:44:57.203+0000][1692266][info ][gc,marking  ] GC(350) Concurrent Mark From Roots 108.171ms
[2025-08-20T21:44:57.203+0000][1692266][info ][gc,marking  ] GC(350) Concurrent Preclean
[2025-08-20T21:44:57.203+0000][1692266][info ][gc,marking  ] GC(350) Concurrent Preclean 0.389ms
[2025-08-20T21:44:57.203+0000][1692266][info ][gc,start    ] GC(350) Pause Remark
[2025-08-20T21:44:57.207+0000][1692266][info ][gc          ] GC(350) Pause Remark 89M->89M(512M) 4.038ms
[2025-08-20T21:44:57.207+0000][1692266][info ][gc,cpu      ] GC(350) User=0.00s Sys=0.00s Real=0.01s
[2025-08-20T21:44:57.207+0000][1692266][info ][safepoint   ] Safepoint "G1PauseRemark", Time since last: 115394143 ns, Reaching safepoint: 6139 ns, Cleanup: 3135 ns, At safepoint: 4076988 ns, Total: 4086262 ns
[2025-08-20T21:44:57.207+0000][1692266][info ][gc,marking  ] GC(350) Concurrent Mark 112.723ms
[2025-08-20T21:44:57.207+0000][1692266][info ][gc,marking  ] GC(350) Concurrent Rebuild Remembered Sets and Scrub Regions
[2025-08-20T21:44:57.257+0000][1692266][info ][gc,marking  ] GC(350) Concurrent Rebuild Remembered Sets and Scrub Regions 49.532ms
[2025-08-20T21:44:57.257+0000][1692266][info ][gc,start    ] GC(350) Pause Cleanup
[2025-08-20T21:44:57.257+0000][1692266][info ][gc          ] GC(350) Pause Cleanup 89M->89M(512M) 0.036ms
[2025-08-20T21:44:57.257+0000][1692266][info ][gc,cpu      ] GC(350) User=0.00s Sys=0.00s Real=0.00s
[2025-08-20T21:44:57.257+0000][1692266][info ][safepoint   ] Safepoint "G1PauseCleanup", Time since last: 49585849 ns, Reaching safepoint: 4487 ns, Cleanup: 1823 ns, At safepoint: 63395 ns, Total: 69705 ns
[2025-08-20T21:44:57.257+0000][1692266][info ][gc,marking  ] GC(350) Concurrent Clear Claimed Marks
[2025-08-20T21:44:57.257+0000][1692266][info ][gc,marking  ] GC(350) Concurrent Clear Claimed Marks 0.143ms
[2025-08-20T21:44:57.257+0000][1692266][info ][gc,marking  ] GC(350) Concurrent Cleanup for Next Mark
[2025-08-20T21:44:57.257+0000][1692266][info ][gc,marking  ] GC(350) Concurrent Cleanup for Next Mark 0.243ms
[2025-08-20T21:44:57.257+0000][1692266][info ][gc          ] GC(350) Concurrent Mark Cycle 163.932ms
[2025-08-20T21:52:19.924+0000][1692266][info ][gc,start    ] GC(351) Pause Young (Normal) (G1 Evacuation Pause)
[2025-08-20T21:52:19.924+0000][1692266][info ][gc,task     ] GC(351) Using 1 workers of 1 for evacuation
[2025-08-20T21:52:19.924+0000][1692266][debug][gc,age      ] GC(351) Desired survivor size 20971520 bytes, new threshold 15 (max threshold 15)
[2025-08-20T21:52:19.927+0000][1692266][info ][gc,phases   ] GC(351)   Pre Evacuate Collection Set: 0.1ms
[2025-08-20T21:52:19.927+0000][1692266][info ][gc,phases   ] GC(351)   Merge Heap Roots: 0.0ms
[2025-08-20T21:52:19.927+0000][1692266][info ][gc,phases   ] GC(351)   Evacuate Collection Set: 1.6ms
[2025-08-20T21:52:19.927+0000][1692266][info ][gc,phases   ] GC(351)   Post Evacuate Collection Set: 0.7ms
[2025-08-20T21:52:19.927+0000][1692266][info ][gc,phases   ] GC(351)   Other: 0.0ms
[2025-08-20T21:52:19.927+0000][1692266][trace][gc,age      ] GC(351) Age table with threshold 15 (max threshold 15)
[2025-08-20T21:52:19.927+0000][1692266][trace][gc,age      ] GC(351) - age   1:      15448 bytes,      15448 total
[2025-08-20T21:52:19.927+0000][1692266][trace][gc,age      ] GC(351) - age   3:        152 bytes,      15600 total
[2025-08-20T21:52:19.927+0000][1692266][info ][gc,heap     ] GC(351) Eden regions: 75->0(75)
[2025-08-20T21:52:19.927+0000][1692266][info ][gc,heap     ] GC(351) Survivor regions: 1->1(10)
[2025-08-20T21:52:19.927+0000][1692266][info ][gc,heap     ] GC(351) Old regions: 22->22
[2025-08-20T21:52:19.927+0000][1692266][info ][gc,heap     ] GC(351) Humongous regions: 0->0
[2025-08-20T21:52:19.927+0000][1692266][info ][gc,metaspace] GC(351) Metaspace: 142030K(148544K)->142030K(148544K) NonClass: 123073K(127104K)->123073K(127104K) Class: 18957K(21440K)->18957K(21440K)
[2025-08-20T21:52:19.927+0000][1692266][info ][gc          ] GC(351) Pause Young (Normal) (G1 Evacuation Pause) 387M->87M(512M) 3.080ms
[2025-08-20T21:52:19.927+0000][1692266][info ][gc,cpu      ] GC(351) User=0.00s Sys=0.00s Real=0.01s
[2025-08-20T21:52:19.927+0000][1692266][info ][safepoint   ] Safepoint "G1CollectForAllocation", Time since last: 442666672160 ns, Reaching safepoint: 5308 ns, Cleanup: 2854 ns, At safepoint: 3117690 ns, Total: 3125852 ns
[2025-08-20T21:59:44.001+0000][1692266][info ][gc,start    ] GC(352) Pause Young (Concurrent Start) (G1 Evacuation Pause)
[2025-08-20T21:59:44.001+0000][1692266][info ][gc,task     ] GC(352) Using 1 workers of 1 for evacuation
[2025-08-20T21:59:44.001+0000][1692266][debug][gc,age      ] GC(352) Desired survivor size 20971520 bytes, new threshold 15 (max threshold 15)
[2025-08-20T21:59:44.003+0000][1692266][info ][gc,phases   ] GC(352)   Pre Evacuate Collection Set: 0.1ms
[2025-08-20T21:59:44.003+0000][1692266][info ][gc,phases   ] GC(352)   Merge Heap Roots: 0.0ms
[2025-08-20T21:59:44.003+0000][1692266][info ][gc,phases   ] GC(352)   Evacuate Collection Set: 1.2ms
[2025-08-20T21:59:44.003+0000][1692266][info ][gc,phases   ] GC(352)   Post Evacuate Collection Set: 0.7ms
[2025-08-20T21:59:44.003+0000][1692266][info ][gc,phases   ] GC(352)   Other: 0.0ms
[2025-08-20T21:59:44.003+0000][1692266][trace][gc,age      ] GC(352) Age table with threshold 15 (max threshold 15)
[2025-08-20T21:59:44.003+0000][1692266][trace][gc,age      ] GC(352) - age   1:      14144 bytes,      14144 total
[2025-08-20T21:59:44.003+0000][1692266][trace][gc,age      ] GC(352) - age   2:       1384 bytes,      15528 total
[2025-08-20T21:59:44.003+0000][1692266][trace][gc,age      ] GC(352) - age   4:        152 bytes,      15680 total
[2025-08-20T21:59:44.003+0000][1692266][info ][gc,heap     ] GC(352) Eden regions: 75->0(75)
[2025-08-20T21:59:44.003+0000][1692266][info ][gc,heap     ] GC(352) Survivor regions: 1->1(10)
[2025-08-20T21:59:44.003+0000][1692266][info ][gc,heap     ] GC(352) Old regions: 22->22
[2025-08-20T21:59:44.003+0000][1692266][info ][gc,heap     ] GC(352) Humongous regions: 0->0
[2025-08-20T21:59:44.003+0000][1692266][info ][gc,metaspace] GC(352) Metaspace: 142033K(148544K)->142033K(148544K) NonClass: 123076K(127104K)->123076K(127104K) Class: 18957K(21440K)->18957K(21440K)
[2025-08-20T21:59:44.003+0000][1692266][info ][gc          ] GC(352) Pause Young (Concurrent Start) (G1 Evacuation Pause) 387M->87M(512M) 2.501ms
[2025-08-20T21:59:44.003+0000][1692266][info ][gc,cpu      ] GC(352) User=0.00s Sys=0.00s Real=0.00s
[2025-08-20T21:59:44.003+0000][1692266][info ][safepoint   ] Safepoint "G1CollectForAllocation", Time since last: 444073812515 ns, Reaching safepoint: 8463 ns, Cleanup: 2894 ns, At safepoint: 2540668 ns, Total: 2552025 ns
[2025-08-20T21:59:44.008+0000][1692266][info ][gc          ] GC(353) Concurrent Mark Cycle
[2025-08-20T21:59:44.008+0000][1692266][info ][gc,marking  ] GC(353) Concurrent Scan Root Regions
[2025-08-20T21:59:44.009+0000][1692266][info ][gc,marking  ] GC(353) Concurrent Scan Root Regions 0.519ms
[2025-08-20T21:59:44.009+0000][1692266][info ][gc,marking  ] GC(353) Concurrent Mark
[2025-08-20T21:59:44.009+0000][1692266][info ][gc,marking  ] GC(353) Concurrent Mark From Roots
[2025-08-20T21:59:44.009+0000][1692266][info ][gc,task     ] GC(353) Using 1 workers of 1 for marking
[2025-08-20T21:59:44.121+0000][1692266][info ][gc,marking  ] GC(353) Concurrent Mark From Roots 112.491ms
[2025-08-20T21:59:44.121+0000][1692266][info ][gc,marking  ] GC(353) Concurrent Preclean
[2025-08-20T21:59:44.122+0000][1692266][info ][gc,marking  ] GC(353) Concurrent Preclean 0.316ms
[2025-08-20T21:59:44.122+0000][1692266][info ][gc,start    ] GC(353) Pause Remark
[2025-08-20T21:59:44.126+0000][1692266][info ][gc          ] GC(353) Pause Remark 87M->87M(512M) 4.007ms
[2025-08-20T21:59:44.126+0000][1692266][info ][gc,cpu      ] GC(353) User=0.00s Sys=0.00s Real=0.01s
[2025-08-20T21:59:44.126+0000][1692266][info ][safepoint   ] Safepoint "G1PauseRemark", Time since last: 118717323 ns, Reaching safepoint: 5899 ns, Cleanup: 2994 ns, At safepoint: 4044740 ns, Total: 4053633 ns
[2025-08-20T21:59:44.126+0000][1692266][info ][gc,marking  ] GC(353) Concurrent Mark 116.934ms
[2025-08-20T21:59:44.126+0000][1692266][info ][gc,marking  ] GC(353) Concurrent Rebuild Remembered Sets and Scrub Regions
[2025-08-20T21:59:44.162+0000][1692266][info ][gc,marking  ] GC(353) Concurrent Rebuild Remembered Sets and Scrub Regions 36.252ms
[2025-08-20T21:59:44.162+0000][1692266][info ][gc,start    ] GC(353) Pause Cleanup
[2025-08-20T21:59:44.162+0000][1692266][info ][gc          ] GC(353) Pause Cleanup 87M->87M(512M) 0.032ms
[2025-08-20T21:59:44.162+0000][1692266][info ][gc,cpu      ] GC(353) User=0.00s Sys=0.00s Real=0.00s
[2025-08-20T21:59:44.162+0000][1692266][info ][safepoint   ] Safepoint "G1PauseCleanup", Time since last: 36294703 ns, Reaching safepoint: 3866 ns, Cleanup: 1332 ns, At safepoint: 55393 ns, Total: 60591 ns
[2025-08-20T21:59:44.162+0000][1692266][info ][gc,marking  ] GC(353) Concurrent Clear Claimed Marks
[2025-08-20T21:59:44.162+0000][1692266][info ][gc,marking  ] GC(353) Concurrent Clear Claimed Marks 0.136ms
[2025-08-20T21:59:44.162+0000][1692266][info ][gc,marking  ] GC(353) Concurrent Cleanup for Next Mark
[2025-08-20T21:59:44.173+0000][1692266][info ][gc,marking  ] GC(353) Concurrent Cleanup for Next Mark 11.116ms
[2025-08-20T21:59:44.173+0000][1692266][info ][gc          ] GC(353) Concurrent Mark Cycle 165.096ms
[2025-08-20T22:00:19.164+0000][1692266][info ][safepoint   ] Safepoint "Cleanup", Time since last: 35001967601 ns, Reaching safepoint: 7511 ns, Cleanup: 11848 ns, At safepoint: 40241 ns, Total: 59600 ns
[2025-08-20T22:00:52.166+0000][1692266][info ][safepoint   ] Safepoint "Cleanup", Time since last: 33001987139 ns, Reaching safepoint: 43946 ns, Cleanup: 11388 ns, At safepoint: 4757 ns, Total: 60091 ns
[2025-08-20T22:00:57.167+0000][1692266][info ][safepoint   ] Safepoint "Cleanup", Time since last: 5000300164 ns, Reaching safepoint: 7462 ns, Cleanup: 12248 ns, At safepoint: 37296 ns, Total: 57006 ns
[2025-08-20T22:07:08.729+0000][1692266][info ][gc,start    ] GC(354) Pause Young (Normal) (G1 Evacuation Pause)
[2025-08-20T22:07:08.729+0000][1692266][info ][gc,task     ] GC(354) Using 1 workers of 1 for evacuation
[2025-08-20T22:07:08.729+0000][1692266][debug][gc,age      ] GC(354) Desired survivor size 20971520 bytes, new threshold 15 (max threshold 15)
[2025-08-20T22:07:08.732+0000][1692266][info ][gc,phases   ] GC(354)   Pre Evacuate Collection Set: 0.0ms
[2025-08-20T22:07:08.732+0000][1692266][info ][gc,phases   ] GC(354)   Merge Heap Roots: 0.1ms
[2025-08-20T22:07:08.732+0000][1692266][info ][gc,phases   ] GC(354)   Evacuate Collection Set: 1.9ms
[2025-08-20T22:07:08.732+0000][1692266][info ][gc,phases   ] GC(354)   Post Evacuate Collection Set: 0.7ms
[2025-08-20T22:07:08.732+0000][1692266][info ][gc,phases   ] GC(354)   Other: 0.0ms
[2025-08-20T22:07:08.732+0000][1692266][trace][gc,age      ] GC(354) Age table with threshold 15 (max threshold 15)
[2025-08-20T22:07:08.732+0000][1692266][trace][gc,age      ] GC(354) - age   1:      17344 bytes,      17344 total
[2025-08-20T22:07:08.732+0000][1692266][trace][gc,age      ] GC(354) - age   2:        208 bytes,      17552 total
[2025-08-20T22:07:08.732+0000][1692266][trace][gc,age      ] GC(354) - age   3:        280 bytes,      17832 total
[2025-08-20T22:07:08.732+0000][1692266][trace][gc,age      ] GC(354) - age   5:        152 bytes,      17984 total
[2025-08-20T22:07:08.732+0000][1692266][info ][gc,heap     ] GC(354) Eden regions: 75->0(75)
[2025-08-20T22:07:08.732+0000][1692266][info ][gc,heap     ] GC(354) Survivor regions: 1->1(10)
[2025-08-20T22:07:08.732+0000][1692266][info ][gc,heap     ] GC(354) Old regions: 22->22
[2025-08-20T22:07:08.732+0000][1692266][info ][gc,heap     ] GC(354) Humongous regions: 0->0
[2025-08-20T22:07:08.732+0000][1692266][info ][gc,metaspace] GC(354) Metaspace: 142033K(148544K)->142033K(148544K) NonClass: 123076K(127104K)->123076K(127104K) Class: 18957K(21440K)->18957K(21440K)
[2025-08-20T22:07:08.732+0000][1692266][info ][gc          ] GC(354) Pause Young (Normal) (G1 Evacuation Pause) 387M->87M(512M) 2.952ms
[2025-08-20T22:07:08.732+0000][1692266][info ][gc,cpu      ] GC(354) User=0.00s Sys=0.00s Real=0.00s
[2025-08-20T22:07:08.732+0000][1692266][info ][safepoint   ] Safepoint "G1CollectForAllocation", Time since last: 371562512714 ns, Reaching safepoint: 7831 ns, Cleanup: 2474 ns, At safepoint: 2990066 ns, Total: 3000371 ns
[2025-08-20T22:14:33.983+0000][1692266][info ][gc,start    ] GC(355) Pause Young (Concurrent Start) (G1 Evacuation Pause)
[2025-08-20T22:14:33.983+0000][1692266][info ][gc,task     ] GC(355) Using 1 workers of 1 for evacuation
[2025-08-20T22:14:33.983+0000][1692266][debug][gc,age      ] GC(355) Desired survivor size 20971520 bytes, new threshold 15 (max threshold 15)
[2025-08-20T22:14:33.985+0000][1692266][info ][gc,phases   ] GC(355)   Pre Evacuate Collection Set: 0.1ms
[2025-08-20T22:14:33.985+0000][1692266][info ][gc,phases   ] GC(355)   Merge Heap Roots: 0.0ms
[2025-08-20T22:14:33.985+0000][1692266][info ][gc,phases   ] GC(355)   Evacuate Collection Set: 1.3ms
[2025-08-20T22:14:33.985+0000][1692266][info ][gc,phases   ] GC(355)   Post Evacuate Collection Set: 0.8ms
[2025-08-20T22:14:33.986+0000][1692266][info ][gc,phases   ] GC(355)   Other: 0.0ms
[2025-08-20T22:14:33.986+0000][1692266][trace][gc,age      ] GC(355) Age table with threshold 15 (max threshold 15)
[2025-08-20T22:14:33.986+0000][1692266][trace][gc,age      ] GC(355) - age   1:      22808 bytes,      22808 total
[2025-08-20T22:14:33.986+0000][1692266][trace][gc,age      ] GC(355) - age   2:       1008 bytes,      23816 total
[2025-08-20T22:14:33.986+0000][1692266][trace][gc,age      ] GC(355) - age   3:        208 bytes,      24024 total
[2025-08-20T22:14:33.986+0000][1692266][trace][gc,age      ] GC(355) - age   4:        280 bytes,      24304 total
[2025-08-20T22:14:33.986+0000][1692266][trace][gc,age      ] GC(355) - age   6:        152 bytes,      24456 total
[2025-08-20T22:14:33.986+0000][1692266][info ][gc,heap     ] GC(355) Eden regions: 75->0(75)
[2025-08-20T22:14:33.986+0000][1692266][info ][gc,heap     ] GC(355) Survivor regions: 1->1(10)
[2025-08-20T22:14:33.986+0000][1692266][info ][gc,heap     ] GC(355) Old regions: 22->22
[2025-08-20T22:14:33.986+0000][1692266][info ][gc,heap     ] GC(355) Humongous regions: 0->0
[2025-08-20T22:14:33.986+0000][1692266][info ][gc,metaspace] GC(355) Metaspace: 142033K(148544K)->142033K(148544K) NonClass: 123076K(127104K)->123076K(127104K) Class: 18957K(21440K)->18957K(21440K)
[2025-08-20T22:14:33.986+0000][1692266][info ][gc          ] GC(355) Pause Young (Concurrent Start) (G1 Evacuation Pause) 387M->87M(512M) 2.354ms
[2025-08-20T22:14:33.986+0000][1692266][info ][gc,cpu      ] GC(355) User=0.00s Sys=0.00s Real=0.01s
[2025-08-20T22:14:33.986+0000][1692266][info ][safepoint   ] Safepoint "G1CollectForAllocation", Time since last: 445251052391 ns, Reaching safepoint: 8413 ns, Cleanup: 2384 ns, At safepoint: 2392363 ns, Total: 2403160 ns
[2025-08-20T22:14:33.990+0000][1692266][info ][gc          ] GC(356) Concurrent Mark Cycle
[2025-08-20T22:14:33.990+0000][1692266][info ][gc,marking  ] GC(356) Concurrent Scan Root Regions
[2025-08-20T22:14:33.991+0000][1692266][info ][gc,marking  ] GC(356) Concurrent Scan Root Regions 0.874ms
[2025-08-20T22:14:33.991+0000][1692266][info ][gc,marking  ] GC(356) Concurrent Mark
[2025-08-20T22:14:33.991+0000][1692266][info ][gc,marking  ] GC(356) Concurrent Mark From Roots
[2025-08-20T22:14:33.991+0000][1692266][info ][gc,task     ] GC(356) Using 1 workers of 1 for marking
[2025-08-20T22:14:34.099+0000][1692266][info ][gc,marking  ] GC(356) Concurrent Mark From Roots 107.485ms
[2025-08-20T22:14:34.099+0000][1692266][info ][gc,marking  ] GC(356) Concurrent Preclean
[2025-08-20T22:14:34.099+0000][1692266][info ][gc,marking  ] GC(356) Concurrent Preclean 0.331ms
[2025-08-20T22:14:34.099+0000][1692266][info ][gc,start    ] GC(356) Pause Remark
[2025-08-20T22:14:34.103+0000][1692266][info ][gc          ] GC(356) Pause Remark 89M->89M(512M) 4.102ms
[2025-08-20T22:14:34.103+0000][1692266][info ][gc,cpu      ] GC(356) User=0.00s Sys=0.00s Real=0.00s
[2025-08-20T22:14:34.103+0000][1692266][info ][safepoint   ] Safepoint "G1PauseRemark", Time since last: 113559345 ns, Reaching safepoint: 5638 ns, Cleanup: 2945 ns, At safepoint: 4145802 ns, Total: 4154385 ns
[2025-08-20T22:14:34.103+0000][1692266][info ][gc,marking  ] GC(356) Concurrent Mark 112.044ms
[2025-08-20T22:14:34.103+0000][1692266][info ][gc,marking  ] GC(356) Concurrent Rebuild Remembered Sets and Scrub Regions
[2025-08-20T22:14:34.139+0000][1692266][info ][gc,marking  ] GC(356) Concurrent Rebuild Remembered Sets and Scrub Regions 35.808ms
[2025-08-20T22:14:34.139+0000][1692266][info ][gc,start    ] GC(356) Pause Cleanup
[2025-08-20T22:14:34.139+0000][1692266][info ][gc          ] GC(356) Pause Cleanup 89M->89M(512M) 0.035ms
[2025-08-20T22:14:34.139+0000][1692266][info ][gc,cpu      ] GC(356) User=0.00s Sys=0.00s Real=0.00s
[2025-08-20T22:14:34.139+0000][1692266][info ][safepoint   ] Safepoint "G1PauseCleanup", Time since last: 35861467 ns, Reaching safepoint: 3996 ns, Cleanup: 1392 ns, At safepoint: 60521 ns, Total: 65909 ns
[2025-08-20T22:14:34.139+0000][1692266][info ][gc,marking  ] GC(356) Concurrent Clear Claimed Marks
[2025-08-20T22:14:34.139+0000][1692266][info ][gc,marking  ] GC(356) Concurrent Clear Claimed Marks 0.130ms
[2025-08-20T22:14:34.139+0000][1692266][info ][gc,marking  ] GC(356) Concurrent Cleanup for Next Mark
[2025-08-20T22:14:34.154+0000][1692266][info ][gc,marking  ] GC(356) Concurrent Cleanup for Next Mark 14.668ms
[2025-08-20T22:14:34.154+0000][1692266][info ][gc          ] GC(356) Concurrent Mark Cycle 163.687ms
[2025-08-20T22:21:57.230+0000][1692266][info ][gc,start    ] GC(357) Pause Young (Normal) (G1 Evacuation Pause)
[2025-08-20T22:21:57.231+0000][1692266][info ][gc,task     ] GC(357) Using 1 workers of 1 for evacuation
[2025-08-20T22:21:57.231+0000][1692266][debug][gc,age      ] GC(357) Desired survivor size 20971520 bytes, new threshold 15 (max threshold 15)
[2025-08-20T22:21:57.233+0000][1692266][info ][gc,phases   ] GC(357)   Pre Evacuate Collection Set: 0.0ms
[2025-08-20T22:21:57.233+0000][1692266][info ][gc,phases   ] GC(357)   Merge Heap Roots: 0.0ms
[2025-08-20T22:21:57.233+0000][1692266][info ][gc,phases   ] GC(357)   Evacuate Collection Set: 1.6ms
[2025-08-20T22:21:57.233+0000][1692266][info ][gc,phases   ] GC(357)   Post Evacuate Collection Set: 0.7ms
[2025-08-20T22:21:57.233+0000][1692266][info ][gc,phases   ] GC(357)   Other: 0.0ms
[2025-08-20T22:21:57.233+0000][1692266][trace][gc,age      ] GC(357) Age table with threshold 15 (max threshold 15)
[2025-08-20T22:21:57.233+0000][1692266][trace][gc,age      ] GC(357) - age   1:      15352 bytes,      15352 total
[2025-08-20T22:21:57.233+0000][1692266][trace][gc,age      ] GC(357) - age   2:        128 bytes,      15480 total
[2025-08-20T22:21:57.233+0000][1692266][trace][gc,age      ] GC(357) - age   3:        344 bytes,      15824 total
[2025-08-20T22:21:57.233+0000][1692266][trace][gc,age      ] GC(357) - age   4:        208 bytes,      16032 total
[2025-08-20T22:21:57.233+0000][1692266][trace][gc,age      ] GC(357) - age   5:        280 bytes,      16312 total
[2025-08-20T22:21:57.233+0000][1692266][trace][gc,age      ] GC(357) - age   7:        152 bytes,      16464 total
[2025-08-20T22:21:57.234+0000][1692266][info ][gc,heap     ] GC(357) Eden regions: 75->0(75)
[2025-08-20T22:21:57.234+0000][1692266][info ][gc,heap     ] GC(357) Survivor regions: 1->1(10)
[2025-08-20T22:21:57.234+0000][1692266][info ][gc,heap     ] GC(357) Old regions: 22->22
[2025-08-20T22:21:57.234+0000][1692266][info ][gc,heap     ] GC(357) Humongous regions: 0->0
[2025-08-20T22:21:57.234+0000][1692266][info ][gc,metaspace] GC(357) Metaspace: 142033K(148544K)->142033K(148544K) NonClass: 123076K(127104K)->123076K(127104K) Class: 18957K(21440K)->18957K(21440K)
[2025-08-20T22:21:57.234+0000][1692266][info ][gc          ] GC(357) Pause Young (Normal) (G1 Evacuation Pause) 387M->87M(512M) 3.089ms
[2025-08-20T22:21:57.234+0000][1692266][info ][gc,cpu      ] GC(357) User=0.01s Sys=0.00s Real=0.00s
[2025-08-20T22:21:57.234+0000][1692266][info ][safepoint   ] Safepoint "G1CollectForAllocation", Time since last: 443091198748 ns, Reaching safepoint: 5528 ns, Cleanup: 2944 ns, At safepoint: 3124650 ns, Total: 3133122 ns
[2025-08-20T22:29:20.728+0000][1692266][info ][gc,start    ] GC(358) Pause Young (Concurrent Start) (G1 Evacuation Pause)
[2025-08-20T22:29:20.728+0000][1692266][info ][gc,task     ] GC(358) Using 1 workers of 1 for evacuation
[2025-08-20T22:29:20.728+0000][1692266][debug][gc,age      ] GC(358) Desired survivor size 20971520 bytes, new threshold 15 (max threshold 15)
[2025-08-20T22:29:20.730+0000][1692266][info ][gc,phases   ] GC(358)   Pre Evacuate Collection Set: 0.1ms
[2025-08-20T22:29:20.730+0000][1692266][info ][gc,phases   ] GC(358)   Merge Heap Roots: 0.0ms
[2025-08-20T22:29:20.730+0000][1692266][info ][gc,phases   ] GC(358)   Evacuate Collection Set: 1.2ms
[2025-08-20T22:29:20.730+0000][1692266][info ][gc,phases   ] GC(358)   Post Evacuate Collection Set: 0.7ms
[2025-08-20T22:29:20.730+0000][1692266][info ][gc,phases   ] GC(358)   Other: 0.0ms
[2025-08-20T22:29:20.730+0000][1692266][trace][gc,age      ] GC(358) Age table with threshold 15 (max threshold 15)
[2025-08-20T22:29:20.730+0000][1692266][trace][gc,age      ] GC(358) - age   1:      16264 bytes,      16264 total
[2025-08-20T22:29:20.730+0000][1692266][trace][gc,age      ] GC(358) - age   2:        976 bytes,      17240 total
[2025-08-20T22:29:20.730+0000][1692266][trace][gc,age      ] GC(358) - age   4:        344 bytes,      17584 total
[2025-08-20T22:29:20.730+0000][1692266][trace][gc,age      ] GC(358) - age   5:        208 bytes,      17792 total
[2025-08-20T22:29:20.730+0000][1692266][trace][gc,age      ] GC(358) - age   6:        280 bytes,      18072 total
[2025-08-20T22:29:20.730+0000][1692266][trace][gc,age      ] GC(358) - age   8:        152 bytes,      18224 total
[2025-08-20T22:29:20.730+0000][1692266][info ][gc,heap     ] GC(358) Eden regions: 75->0(75)
[2025-08-20T22:29:20.730+0000][1692266][info ][gc,heap     ] GC(358) Survivor regions: 1->1(10)
[2025-08-20T22:29:20.730+0000][1692266][info ][gc,heap     ] GC(358) Old regions: 22->22
[2025-08-20T22:29:20.730+0000][1692266][info ][gc,heap     ] GC(358) Humongous regions: 0->0
[2025-08-20T22:29:20.730+0000][1692266][info ][gc,metaspace] GC(358) Metaspace: 142033K(148544K)->142033K(148544K) NonClass: 123076K(127104K)->123076K(127104K) Class: 18957K(21440K)->18957K(21440K)
[2025-08-20T22:29:20.730+0000][1692266][info ][gc          ] GC(358) Pause Young (Concurrent Start) (G1 Evacuation Pause) 387M->87M(512M) 2.643ms
[2025-08-20T22:29:20.730+0000][1692266][info ][gc,cpu      ] GC(358) User=0.00s Sys=0.00s Real=0.00s
[2025-08-20T22:29:20.730+0000][1692266][info ][safepoint   ] Safepoint "G1CollectForAllocation", Time since last: 443493983759 ns, Reaching safepoint: 6490 ns, Cleanup: 3325 ns, At safepoint: 2682550 ns, Total: 2692365 ns
[2025-08-20T22:29:20.735+0000][1692266][info ][gc          ] GC(359) Concurrent Mark Cycle
[2025-08-20T22:29:20.735+0000][1692266][info ][gc,marking  ] GC(359) Concurrent Scan Root Regions
[2025-08-20T22:29:20.736+0000][1692266][info ][gc,marking  ] GC(359) Concurrent Scan Root Regions 0.739ms
[2025-08-20T22:29:20.736+0000][1692266][info ][gc,marking  ] GC(359) Concurrent Mark
[2025-08-20T22:29:20.736+0000][1692266][info ][gc,marking  ] GC(359) Concurrent Mark From Roots
[2025-08-20T22:29:20.736+0000][1692266][info ][gc,task     ] GC(359) Using 1 workers of 1 for marking
[2025-08-20T22:29:20.841+0000][1692266][info ][gc,marking  ] GC(359) Concurrent Mark From Roots 105.529ms
[2025-08-20T22:29:20.841+0000][1692266][info ][gc,marking  ] GC(359) Concurrent Preclean
[2025-08-20T22:29:20.842+0000][1692266][info ][gc,marking  ] GC(359) Concurrent Preclean 0.374ms
[2025-08-20T22:29:20.842+0000][1692266][info ][gc,start    ] GC(359) Pause Remark
[2025-08-20T22:29:20.846+0000][1692266][info ][gc          ] GC(359) Pause Remark 89M->89M(512M) 4.244ms
[2025-08-20T22:29:20.846+0000][1692266][info ][gc,cpu      ] GC(359) User=0.00s Sys=0.00s Real=0.01s
[2025-08-20T22:29:20.846+0000][1692266][info ][safepoint   ] Safepoint "G1PauseRemark", Time since last: 111477343 ns, Reaching safepoint: 6410 ns, Cleanup: 2734 ns, At safepoint: 4283677 ns, Total: 4292821 ns
[2025-08-20T22:29:20.846+0000][1692266][info ][gc,marking  ] GC(359) Concurrent Mark 110.430ms
[2025-08-20T22:29:20.846+0000][1692266][info ][gc,marking  ] GC(359) Concurrent Rebuild Remembered Sets and Scrub Regions
[2025-08-20T22:29:20.898+0000][1692266][info ][gc,marking  ] GC(359) Concurrent Rebuild Remembered Sets and Scrub Regions 52.232ms
[2025-08-20T22:29:20.898+0000][1692266][info ][gc,start    ] GC(359) Pause Cleanup
[2025-08-20T22:29:20.898+0000][1692266][info ][gc          ] GC(359) Pause Cleanup 89M->89M(512M) 0.032ms
[2025-08-20T22:29:20.898+0000][1692266][info ][gc,cpu      ] GC(359) User=0.00s Sys=0.00s Real=0.00s
[2025-08-20T22:29:20.898+0000][1692266][info ][safepoint   ] Safepoint "G1PauseCleanup", Time since last: 52278003 ns, Reaching safepoint: 3915 ns, Cleanup: 1102 ns, At safepoint: 57948 ns, Total: 62965 ns
[2025-08-20T22:29:20.898+0000][1692266][info ][gc,marking  ] GC(359) Concurrent Clear Claimed Marks
[2025-08-20T22:29:20.898+0000][1692266][info ][gc,marking  ] GC(359) Concurrent Clear Claimed Marks 0.138ms
[2025-08-20T22:29:20.898+0000][1692266][info ][gc,marking  ] GC(359) Concurrent Cleanup for Next Mark
[2025-08-20T22:29:20.899+0000][1692266][info ][gc,marking  ] GC(359) Concurrent Cleanup for Next Mark 0.266ms
[2025-08-20T22:29:20.899+0000][1692266][info ][gc          ] GC(359) Concurrent Mark Cycle 163.954ms
[2025-08-20T22:36:45.227+0000][1692266][info ][gc,start    ] GC(360) Pause Young (Normal) (G1 Evacuation Pause)
[2025-08-20T22:36:45.227+0000][1692266][info ][gc,task     ] GC(360) Using 1 workers of 1 for evacuation
[2025-08-20T22:36:45.227+0000][1692266][debug][gc,age      ] GC(360) Desired survivor size 20971520 bytes, new threshold 15 (max threshold 15)
[2025-08-20T22:36:45.230+0000][1692266][info ][gc,phases   ] GC(360)   Pre Evacuate Collection Set: 0.1ms
[2025-08-20T22:36:45.230+0000][1692266][info ][gc,phases   ] GC(360)   Merge Heap Roots: 0.0ms
[2025-08-20T22:36:45.230+0000][1692266][info ][gc,phases   ] GC(360)   Evacuate Collection Set: 1.6ms
[2025-08-20T22:36:45.230+0000][1692266][info ][gc,phases   ] GC(360)   Post Evacuate Collection Set: 0.7ms
[2025-08-20T22:36:45.230+0000][1692266][info ][gc,phases   ] GC(360)   Other: 0.0ms
[2025-08-20T22:36:45.230+0000][1692266][trace][gc,age      ] GC(360) Age table with threshold 15 (max threshold 15)
[2025-08-20T22:36:45.230+0000][1692266][trace][gc,age      ] GC(360) - age   1:      17584 bytes,      17584 total
[2025-08-20T22:36:45.230+0000][1692266][trace][gc,age      ] GC(360) - age   5:        344 bytes,      17928 total
[2025-08-20T22:36:45.230+0000][1692266][trace][gc,age      ] GC(360) - age   6:        208 bytes,      18136 total
[2025-08-20T22:36:45.230+0000][1692266][trace][gc,age      ] GC(360) - age   7:        280 bytes,      18416 total
[2025-08-20T22:36:45.230+0000][1692266][trace][gc,age      ] GC(360) - age   9:        152 bytes,      18568 total
[2025-08-20T22:36:45.230+0000][1692266][info ][gc,heap     ] GC(360) Eden regions: 75->0(75)
[2025-08-20T22:36:45.230+0000][1692266][info ][gc,heap     ] GC(360) Survivor regions: 1->1(10)
[2025-08-20T22:36:45.230+0000][1692266][info ][gc,heap     ] GC(360) Old regions: 22->22
[2025-08-20T22:36:45.230+0000][1692266][info ][gc,heap     ] GC(360) Humongous regions: 0->0
[2025-08-20T22:36:45.230+0000][1692266][info ][gc,metaspace] GC(360) Metaspace: 142033K(148544K)->142033K(148544K) NonClass: 123076K(127104K)->123076K(127104K) Class: 18957K(21440K)->18957K(21440K)
[2025-08-20T22:36:45.230+0000][1692266][info ][gc          ] GC(360) Pause Young (Normal) (G1 Evacuation Pause) 387M->87M(512M) 2.692ms
[2025-08-20T22:36:45.230+0000][1692266][info ][gc,cpu      ] GC(360) User=0.00s Sys=0.00s Real=0.00s
[2025-08-20T22:36:45.230+0000][1692266][info ][safepoint   ] Safepoint "G1CollectForAllocation", Time since last: 444328873604 ns, Reaching safepoint: 8233 ns, Cleanup: 2584 ns, At safepoint: 2731004 ns, Total: 2741821 ns
[2025-08-20T22:44:09.455+0000][1692266][info ][gc,start    ] GC(361) Pause Young (Concurrent Start) (G1 Evacuation Pause)
[2025-08-20T22:44:09.455+0000][1692266][info ][gc,task     ] GC(361) Using 1 workers of 1 for evacuation
[2025-08-20T22:44:09.455+0000][1692266][debug][gc,age      ] GC(361) Desired survivor size 20971520 bytes, new threshold 15 (max threshold 15)
[2025-08-20T22:44:09.458+0000][1692266][info ][gc,phases   ] GC(361)   Pre Evacuate Collection Set: 0.1ms
[2025-08-20T22:44:09.458+0000][1692266][info ][gc,phases   ] GC(361)   Merge Heap Roots: 0.0ms
[2025-08-20T22:44:09.458+0000][1692266][info ][gc,phases   ] GC(361)   Evacuate Collection Set: 1.2ms
[2025-08-20T22:44:09.458+0000][1692266][info ][gc,phases   ] GC(361)   Post Evacuate Collection Set: 0.7ms
[2025-08-20T22:44:09.458+0000][1692266][info ][gc,phases   ] GC(361)   Other: 0.0ms
[2025-08-20T22:44:09.458+0000][1692266][trace][gc,age      ] GC(361) Age table with threshold 15 (max threshold 15)
[2025-08-20T22:44:09.458+0000][1692266][trace][gc,age      ] GC(361) - age   1:      14688 bytes,      14688 total
[2025-08-20T22:44:09.458+0000][1692266][trace][gc,age      ] GC(361) - age   2:        664 bytes,      15352 total
[2025-08-20T22:44:09.458+0000][1692266][trace][gc,age      ] GC(361) - age   6:        344 bytes,      15696 total
[2025-08-20T22:44:09.458+0000][1692266][trace][gc,age      ] GC(361) - age   7:        208 bytes,      15904 total
[2025-08-20T22:44:09.458+0000][1692266][trace][gc,age      ] GC(361) - age   8:        280 bytes,      16184 total
[2025-08-20T22:44:09.458+0000][1692266][trace][gc,age      ] GC(361) - age  10:        152 bytes,      16336 total
[2025-08-20T22:44:09.458+0000][1692266][info ][gc,heap     ] GC(361) Eden regions: 75->0(75)
[2025-08-20T22:44:09.458+0000][1692266][info ][gc,heap     ] GC(361) Survivor regions: 1->1(10)
[2025-08-20T22:44:09.458+0000][1692266][info ][gc,heap     ] GC(361) Old regions: 22->22
[2025-08-20T22:44:09.458+0000][1692266][info ][gc,heap     ] GC(361) Humongous regions: 0->0
[2025-08-20T22:44:09.458+0000][1692266][info ][gc,metaspace] GC(361) Metaspace: 142033K(148544K)->142033K(148544K) NonClass: 123076K(127104K)->123076K(127104K) Class: 18957K(21440K)->18957K(21440K)
[2025-08-20T22:44:09.458+0000][1692266][info ][gc          ] GC(361) Pause Young (Concurrent Start) (G1 Evacuation Pause) 387M->87M(512M) 2.574ms
[2025-08-20T22:44:09.458+0000][1692266][info ][gc,cpu      ] GC(361) User=0.00s Sys=0.00s Real=0.01s
[2025-08-20T22:44:09.458+0000][1692266][info ][safepoint   ] Safepoint "G1CollectForAllocation", Time since last: 444225034283 ns, Reaching safepoint: 7431 ns, Cleanup: 3075 ns, At safepoint: 2614298 ns, Total: 2624804 ns
[2025-08-20T22:44:09.464+0000][1692266][info ][gc          ] GC(362) Concurrent Mark Cycle
[2025-08-20T22:44:09.464+0000][1692266][info ][gc,marking  ] GC(362) Concurrent Scan Root Regions
[2025-08-20T22:44:09.465+0000][1692266][info ][gc,marking  ] GC(362) Concurrent Scan Root Regions 0.476ms
[2025-08-20T22:44:09.465+0000][1692266][info ][gc,marking  ] GC(362) Concurrent Mark
[2025-08-20T22:44:09.465+0000][1692266][info ][gc,marking  ] GC(362) Concurrent Mark From Roots
[2025-08-20T22:44:09.465+0000][1692266][info ][gc,task     ] GC(362) Using 1 workers of 1 for marking
[2025-08-20T22:44:09.571+0000][1692266][info ][gc,marking  ] GC(362) Concurrent Mark From Roots 106.339ms
[2025-08-20T22:44:09.571+0000][1692266][info ][gc,marking  ] GC(362) Concurrent Preclean
[2025-08-20T22:44:09.571+0000][1692266][info ][gc,marking  ] GC(362) Concurrent Preclean 0.265ms
[2025-08-20T22:44:09.572+0000][1692266][info ][gc,start    ] GC(362) Pause Remark
[2025-08-20T22:44:09.576+0000][1692266][info ][gc          ] GC(362) Pause Remark 87M->87M(512M) 4.017ms
[2025-08-20T22:44:09.576+0000][1692266][info ][gc,cpu      ] GC(362) User=0.00s Sys=0.00s Real=0.01s
[2025-08-20T22:44:09.576+0000][1692266][info ][safepoint   ] Safepoint "G1PauseRemark", Time since last: 113897472 ns, Reaching safepoint: 5809 ns, Cleanup: 2513 ns, At safepoint: 4060202 ns, Total: 4068524 ns
[2025-08-20T22:44:09.576+0000][1692266][info ][gc,marking  ] GC(362) Concurrent Mark 110.735ms
[2025-08-20T22:44:09.576+0000][1692266][info ][gc,marking  ] GC(362) Concurrent Rebuild Remembered Sets and Scrub Regions
[2025-08-20T22:44:09.624+0000][1692266][info ][gc,marking  ] GC(362) Concurrent Rebuild Remembered Sets and Scrub Regions 48.648ms
[2025-08-20T22:44:09.624+0000][1692266][info ][gc,start    ] GC(362) Pause Cleanup
[2025-08-20T22:44:09.624+0000][1692266][info ][gc          ] GC(362) Pause Cleanup 87M->87M(512M) 0.034ms
[2025-08-20T22:44:09.624+0000][1692266][info ][gc,cpu      ] GC(362) User=0.00s Sys=0.00s Real=0.00s
[2025-08-20T22:44:09.624+0000][1692266][info ][safepoint   ] Safepoint "G1PauseCleanup", Time since last: 48696028 ns, Reaching safepoint: 4056 ns, Cleanup: 1362 ns, At safepoint: 60962 ns, Total: 66380 ns
[2025-08-20T22:44:09.624+0000][1692266][info ][gc,marking  ] GC(362) Concurrent Clear Claimed Marks
[2025-08-20T22:44:09.624+0000][1692266][info ][gc,marking  ] GC(362) Concurrent Clear Claimed Marks 0.147ms
[2025-08-20T22:44:09.624+0000][1692266][info ][gc,marking  ] GC(362) Concurrent Cleanup for Next Mark
[2025-08-20T22:44:09.625+0000][1692266][info ][gc,marking  ] GC(362) Concurrent Cleanup for Next Mark 0.261ms
[2025-08-20T22:44:09.625+0000][1692266][info ][gc          ] GC(362) Concurrent Mark Cycle 160.408ms
[2025-08-20T22:51:33.527+0000][1692266][info ][gc,start    ] GC(363) Pause Young (Normal) (G1 Evacuation Pause)
[2025-08-20T22:51:33.527+0000][1692266][info ][gc,task     ] GC(363) Using 1 workers of 1 for evacuation
[2025-08-20T22:51:33.527+0000][1692266][debug][gc,age      ] GC(363) Desired survivor size 20971520 bytes, new threshold 15 (max threshold 15)
[2025-08-20T22:51:33.530+0000][1692266][info ][gc,phases   ] GC(363)   Pre Evacuate Collection Set: 0.0ms
[2025-08-20T22:51:33.530+0000][1692266][info ][gc,phases   ] GC(363)   Merge Heap Roots: 0.0ms
[2025-08-20T22:51:33.530+0000][1692266][info ][gc,phases   ] GC(363)   Evacuate Collection Set: 1.6ms
[2025-08-20T22:51:33.530+0000][1692266][info ][gc,phases   ] GC(363)   Post Evacuate Collection Set: 0.8ms
[2025-08-20T22:51:33.530+0000][1692266][info ][gc,phases   ] GC(363)   Other: 0.0ms
[2025-08-20T22:51:33.530+0000][1692266][trace][gc,age      ] GC(363) Age table with threshold 15 (max threshold 15)
[2025-08-20T22:51:33.530+0000][1692266][trace][gc,age      ] GC(363) - age   1:      16008 bytes,      16008 total
[2025-08-20T22:51:33.530+0000][1692266][trace][gc,age      ] GC(363) - age   2:        128 bytes,      16136 total
[2025-08-20T22:51:33.530+0000][1692266][trace][gc,age      ] GC(363) - age   7:        344 bytes,      16480 total
[2025-08-20T22:51:33.530+0000][1692266][trace][gc,age      ] GC(363) - age   8:        208 bytes,      16688 total
[2025-08-20T22:51:33.530+0000][1692266][trace][gc,age      ] GC(363) - age   9:        104 bytes,      16792 total
[2025-08-20T22:51:33.530+0000][1692266][trace][gc,age      ] GC(363) - age  11:        152 bytes,      16944 total
[2025-08-20T22:51:33.530+0000][1692266][info ][gc,heap     ] GC(363) Eden regions: 75->0(75)
[2025-08-20T22:51:33.530+0000][1692266][info ][gc,heap     ] GC(363) Survivor regions: 1->1(10)
[2025-08-20T22:51:33.530+0000][1692266][info ][gc,heap     ] GC(363) Old regions: 22->22
[2025-08-20T22:51:33.530+0000][1692266][info ][gc,heap     ] GC(363) Humongous regions: 0->0
[2025-08-20T22:51:33.530+0000][1692266][info ][gc,metaspace] GC(363) Metaspace: 142033K(148544K)->142033K(148544K) NonClass: 123076K(127104K)->123076K(127104K) Class: 18957K(21440K)->18957K(21440K)
[2025-08-20T22:51:33.530+0000][1692266][info ][gc          ] GC(363) Pause Young (Normal) (G1 Evacuation Pause) 387M->87M(512M) 2.964ms
[2025-08-20T22:51:33.530+0000][1692266][info ][gc,cpu      ] GC(363) User=0.00s Sys=0.00s Real=0.00s
[2025-08-20T22:51:33.530+0000][1692266][info ][safepoint   ] Safepoint "G1CollectForAllocation", Time since last: 443902433761 ns, Reaching safepoint: 7862 ns, Cleanup: 3155 ns, At safepoint: 3001679 ns, Total: 3012696 ns
[2025-08-20T22:58:56.813+0000][1692266][info ][gc,start    ] GC(364) Pause Young (Concurrent Start) (G1 Evacuation Pause)
[2025-08-20T22:58:56.813+0000][1692266][info ][gc,task     ] GC(364) Using 1 workers of 1 for evacuation
[2025-08-20T22:58:56.813+0000][1692266][debug][gc,age      ] GC(364) Desired survivor size 20971520 bytes, new threshold 15 (max threshold 15)
[2025-08-20T22:58:56.815+0000][1692266][info ][gc,phases   ] GC(364)   Pre Evacuate Collection Set: 0.1ms
[2025-08-20T22:58:56.815+0000][1692266][info ][gc,phases   ] GC(364)   Merge Heap Roots: 0.0ms
[2025-08-20T22:58:56.815+0000][1692266][info ][gc,phases   ] GC(364)   Evacuate Collection Set: 1.2ms
[2025-08-20T22:58:56.815+0000][1692266][info ][gc,phases   ] GC(364)   Post Evacuate Collection Set: 0.7ms
[2025-08-20T22:58:56.815+0000][1692266][info ][gc,phases   ] GC(364)   Other: 0.0ms
[2025-08-20T22:58:56.815+0000][1692266][trace][gc,age      ] GC(364) Age table with threshold 15 (max threshold 15)
[2025-08-20T22:58:56.815+0000][1692266][trace][gc,age      ] GC(364) - age   1:      50408 bytes,      50408 total
[2025-08-20T22:58:56.815+0000][1692266][trace][gc,age      ] GC(364) - age   2:       1152 bytes,      51560 total
[2025-08-20T22:58:56.815+0000][1692266][trace][gc,age      ] GC(364) - age   8:        344 bytes,      51904 total
[2025-08-20T22:58:56.815+0000][1692266][trace][gc,age      ] GC(364) - age   9:        208 bytes,      52112 total
[2025-08-20T22:58:56.815+0000][1692266][trace][gc,age      ] GC(364) - age  10:        104 bytes,      52216 total
[2025-08-20T22:58:56.815+0000][1692266][trace][gc,age      ] GC(364) - age  12:        152 bytes,      52368 total
[2025-08-20T22:58:56.815+0000][1692266][info ][gc,heap     ] GC(364) Eden regions: 75->0(75)
[2025-08-20T22:58:56.815+0000][1692266][info ][gc,heap     ] GC(364) Survivor regions: 1->1(10)
[2025-08-20T22:58:56.815+0000][1692266][info ][gc,heap     ] GC(364) Old regions: 22->22
[2025-08-20T22:58:56.815+0000][1692266][info ][gc,heap     ] GC(364) Humongous regions: 0->0
[2025-08-20T22:58:56.815+0000][1692266][info ][gc,metaspace] GC(364) Metaspace: 142033K(148544K)->142033K(148544K) NonClass: 123076K(127104K)->123076K(127104K) Class: 18957K(21440K)->18957K(21440K)
[2025-08-20T22:58:56.816+0000][1692266][info ][gc          ] GC(364) Pause Young (Concurrent Start) (G1 Evacuation Pause) 387M->87M(512M) 2.626ms
[2025-08-20T22:58:56.816+0000][1692266][info ][gc,cpu      ] GC(364) User=0.01s Sys=0.00s Real=0.01s
[2025-08-20T22:58:56.816+0000][1692266][info ][safepoint   ] Safepoint "G1CollectForAllocation", Time since last: 443282894741 ns, Reaching safepoint: 181134 ns, Cleanup: 3715 ns, At safepoint: 2667308 ns, Total: 2852157 ns
[2025-08-20T22:58:56.822+0000][1692266][info ][gc          ] GC(365) Concurrent Mark Cycle
[2025-08-20T22:58:56.822+0000][1692266][info ][gc,marking  ] GC(365) Concurrent Scan Root Regions
[2025-08-20T22:58:56.824+0000][1692266][info ][gc,marking  ] GC(365) Concurrent Scan Root Regions 1.298ms
[2025-08-20T22:58:56.824+0000][1692266][info ][gc,marking  ] GC(365) Concurrent Mark
[2025-08-20T22:58:56.824+0000][1692266][info ][gc,marking  ] GC(365) Concurrent Mark From Roots
[2025-08-20T22:58:56.824+0000][1692266][info ][gc,task     ] GC(365) Using 1 workers of 1 for marking
[2025-08-20T22:58:56.920+0000][1692266][info ][gc,marking  ] GC(365) Concurrent Mark From Roots 96.409ms
[2025-08-20T22:58:56.920+0000][1692266][info ][gc,marking  ] GC(365) Concurrent Preclean
[2025-08-20T22:58:56.920+0000][1692266][info ][gc,marking  ] GC(365) Concurrent Preclean 0.257ms
[2025-08-20T22:58:56.920+0000][1692266][info ][gc,start    ] GC(365) Pause Remark
[2025-08-20T22:58:56.925+0000][1692266][info ][gc          ] GC(365) Pause Remark 89M->89M(512M) 4.112ms
[2025-08-20T22:58:56.925+0000][1692266][info ][gc,cpu      ] GC(365) User=0.00s Sys=0.00s Real=0.00s
[2025-08-20T22:58:56.925+0000][1692266][info ][safepoint   ] Safepoint "G1PauseRemark", Time since last: 104874887 ns, Reaching safepoint: 5999 ns, Cleanup: 2754 ns, At safepoint: 4159501 ns, Total: 4168254 ns
[2025-08-20T22:58:56.925+0000][1692266][info ][gc,marking  ] GC(365) Concurrent Mark 100.903ms
[2025-08-20T22:58:56.925+0000][1692266][info ][gc,marking  ] GC(365) Concurrent Rebuild Remembered Sets and Scrub Regions
[2025-08-20T22:58:56.988+0000][1692266][info ][gc,marking  ] GC(365) Concurrent Rebuild Remembered Sets and Scrub Regions 63.846ms
[2025-08-20T22:58:56.988+0000][1692266][info ][gc,start    ] GC(365) Pause Cleanup
[2025-08-20T22:58:56.989+0000][1692266][info ][gc          ] GC(365) Pause Cleanup 89M->89M(512M) 0.034ms
[2025-08-20T22:58:56.989+0000][1692266][info ][gc,cpu      ] GC(365) User=0.00s Sys=0.00s Real=0.00s
[2025-08-20T22:58:56.989+0000][1692266][info ][safepoint   ] Safepoint "G1PauseCleanup", Time since last: 63895486 ns, Reaching safepoint: 4276 ns, Cleanup: 1282 ns, At safepoint: 63416 ns, Total: 68974 ns
[2025-08-20T22:58:56.989+0000][1692266][info ][gc,marking  ] GC(365) Concurrent Clear Claimed Marks
[2025-08-20T22:58:56.989+0000][1692266][info ][gc,marking  ] GC(365) Concurrent Clear Claimed Marks 0.163ms
[2025-08-20T22:58:56.989+0000][1692266][info ][gc,marking  ] GC(365) Concurrent Cleanup for Next Mark
[2025-08-20T22:58:56.989+0000][1692266][info ][gc,marking  ] GC(365) Concurrent Cleanup for Next Mark 0.247ms
[2025-08-20T22:58:56.989+0000][1692266][info ][gc          ] GC(365) Concurrent Mark Cycle 166.613ms
[2025-08-20T23:06:21.252+0000][1692266][info ][gc,start    ] GC(366) Pause Young (Normal) (G1 Evacuation Pause)
[2025-08-20T23:06:21.253+0000][1692266][info ][gc,task     ] GC(366) Using 1 workers of 1 for evacuation
[2025-08-20T23:06:21.253+0000][1692266][debug][gc,age      ] GC(366) Desired survivor size 20971520 bytes, new threshold 15 (max threshold 15)
[2025-08-20T23:06:21.255+0000][1692266][info ][gc,phases   ] GC(366)   Pre Evacuate Collection Set: 0.1ms
[2025-08-20T23:06:21.255+0000][1692266][info ][gc,phases   ] GC(366)   Merge Heap Roots: 0.0ms
[2025-08-20T23:06:21.255+0000][1692266][info ][gc,phases   ] GC(366)   Evacuate Collection Set: 1.6ms
[2025-08-20T23:06:21.255+0000][1692266][info ][gc,phases   ] GC(366)   Post Evacuate Collection Set: 0.8ms
[2025-08-20T23:06:21.255+0000][1692266][info ][gc,phases   ] GC(366)   Other: 0.0ms
[2025-08-20T23:06:21.255+0000][1692266][trace][gc,age      ] GC(366) Age table with threshold 15 (max threshold 15)
[2025-08-20T23:06:21.255+0000][1692266][trace][gc,age      ] GC(366) - age   1:      19264 bytes,      19264 total
[2025-08-20T23:06:21.255+0000][1692266][trace][gc,age      ] GC(366) - age   3:        176 bytes,      19440 total
[2025-08-20T23:06:21.255+0000][1692266][trace][gc,age      ] GC(366) - age   9:        344 bytes,      19784 total
[2025-08-20T23:06:21.255+0000][1692266][trace][gc,age      ] GC(366) - age  10:        208 bytes,      19992 total
[2025-08-20T23:06:21.255+0000][1692266][trace][gc,age      ] GC(366) - age  11:        104 bytes,      20096 total
[2025-08-20T23:06:21.255+0000][1692266][trace][gc,age      ] GC(366) - age  13:        152 bytes,      20248 total
[2025-08-20T23:06:21.255+0000][1692266][info ][gc,heap     ] GC(366) Eden regions: 75->0(75)
[2025-08-20T23:06:21.255+0000][1692266][info ][gc,heap     ] GC(366) Survivor regions: 1->1(10)
[2025-08-20T23:06:21.255+0000][1692266][info ][gc,heap     ] GC(366) Old regions: 22->22
[2025-08-20T23:06:21.255+0000][1692266][info ][gc,heap     ] GC(366) Humongous regions: 0->0
[2025-08-20T23:06:21.255+0000][1692266][info ][gc,metaspace] GC(366) Metaspace: 142033K(148544K)->142033K(148544K) NonClass: 123076K(127104K)->123076K(127104K) Class: 18957K(21440K)->18957K(21440K)
[2025-08-20T23:06:21.255+0000][1692266][info ][gc          ] GC(366) Pause Young (Normal) (G1 Evacuation Pause) 387M->87M(512M) 2.763ms
[2025-08-20T23:06:21.255+0000][1692266][info ][gc,cpu      ] GC(366) User=0.00s Sys=0.00s Real=0.00s
[2025-08-20T23:06:21.255+0000][1692266][info ][safepoint   ] Safepoint "G1CollectForAllocation", Time since last: 444263799860 ns, Reaching safepoint: 8443 ns, Cleanup: 2734 ns, At safepoint: 2808891 ns, Total: 2820068 ns
[2025-08-20T23:13:45.758+0000][1692266][info ][gc,start    ] GC(367) Pause Young (Concurrent Start) (G1 Evacuation Pause)
[2025-08-20T23:13:45.759+0000][1692266][info ][gc,task     ] GC(367) Using 1 workers of 1 for evacuation
[2025-08-20T23:13:45.759+0000][1692266][debug][gc,age      ] GC(367) Desired survivor size 20971520 bytes, new threshold 15 (max threshold 15)
[2025-08-20T23:13:45.761+0000][1692266][info ][gc,phases   ] GC(367)   Pre Evacuate Collection Set: 0.1ms
[2025-08-20T23:13:45.761+0000][1692266][info ][gc,phases   ] GC(367)   Merge Heap Roots: 0.0ms
[2025-08-20T23:13:45.761+0000][1692266][info ][gc,phases   ] GC(367)   Evacuate Collection Set: 1.2ms
[2025-08-20T23:13:45.761+0000][1692266][info ][gc,phases   ] GC(367)   Post Evacuate Collection Set: 0.7ms
[2025-08-20T23:13:45.761+0000][1692266][info ][gc,phases   ] GC(367)   Other: 0.1ms
[2025-08-20T23:13:45.761+0000][1692266][trace][gc,age      ] GC(367) Age table with threshold 15 (max threshold 15)
[2025-08-20T23:13:45.761+0000][1692266][trace][gc,age      ] GC(367) - age   1:      14680 bytes,      14680 total
[2025-08-20T23:13:45.761+0000][1692266][trace][gc,age      ] GC(367) - age   2:        664 bytes,      15344 total
[2025-08-20T23:13:45.761+0000][1692266][trace][gc,age      ] GC(367) - age   4:        176 bytes,      15520 total
[2025-08-20T23:13:45.761+0000][1692266][trace][gc,age      ] GC(367) - age  10:        344 bytes,      15864 total
[2025-08-20T23:13:45.761+0000][1692266][trace][gc,age      ] GC(367) - age  11:        208 bytes,      16072 total
[2025-08-20T23:13:45.761+0000][1692266][trace][gc,age      ] GC(367) - age  12:        104 bytes,      16176 total
[2025-08-20T23:13:45.761+0000][1692266][trace][gc,age      ] GC(367) - age  14:        152 bytes,      16328 total
[2025-08-20T23:13:45.761+0000][1692266][info ][gc,heap     ] GC(367) Eden regions: 75->0(75)
[2025-08-20T23:13:45.761+0000][1692266][info ][gc,heap     ] GC(367) Survivor regions: 1->1(10)
[2025-08-20T23:13:45.761+0000][1692266][info ][gc,heap     ] GC(367) Old regions: 22->22
[2025-08-20T23:13:45.761+0000][1692266][info ][gc,heap     ] GC(367) Humongous regions: 0->0
[2025-08-20T23:13:45.761+0000][1692266][info ][gc,metaspace] GC(367) Metaspace: 142033K(148544K)->142033K(148544K) NonClass: 123076K(127104K)->123076K(127104K) Class: 18957K(21440K)->18957K(21440K)
[2025-08-20T23:13:45.761+0000][1692266][info ][gc          ] GC(367) Pause Young (Concurrent Start) (G1 Evacuation Pause) 387M->87M(512M) 2.609ms
[2025-08-20T23:13:45.761+0000][1692266][info ][gc,cpu      ] GC(367) User=0.00s Sys=0.00s Real=0.00s
[2025-08-20T23:13:45.761+0000][1692266][info ][safepoint   ] Safepoint "G1CollectForAllocation", Time since last: 444503180479 ns, Reaching safepoint: 7812 ns, Cleanup: 3215 ns, At safepoint: 2653537 ns, Total: 2664564 ns
[2025-08-20T23:13:45.767+0000][1692266][info ][gc          ] GC(368) Concurrent Mark Cycle
[2025-08-20T23:13:45.767+0000][1692266][info ][gc,marking  ] GC(368) Concurrent Scan Root Regions
[2025-08-20T23:13:45.768+0000][1692266][info ][gc,marking  ] GC(368) Concurrent Scan Root Regions 0.445ms
[2025-08-20T23:13:45.768+0000][1692266][info ][gc,marking  ] GC(368) Concurrent Mark
[2025-08-20T23:13:45.768+0000][1692266][info ][gc,marking  ] GC(368) Concurrent Mark From Roots
[2025-08-20T23:13:45.768+0000][1692266][info ][gc,task     ] GC(368) Using 1 workers of 1 for marking
[2025-08-20T23:13:45.872+0000][1692266][info ][gc,marking  ] GC(368) Concurrent Mark From Roots 103.782ms
[2025-08-20T23:13:45.872+0000][1692266][info ][gc,marking  ] GC(368) Concurrent Preclean
[2025-08-20T23:13:45.872+0000][1692266][info ][gc,marking  ] GC(368) Concurrent Preclean 0.292ms
[2025-08-20T23:13:45.872+0000][1692266][info ][gc,start    ] GC(368) Pause Remark
[2025-08-20T23:13:45.876+0000][1692266][info ][gc          ] GC(368) Pause Remark 87M->87M(512M) 3.981ms
[2025-08-20T23:13:45.876+0000][1692266][info ][gc,cpu      ] GC(368) User=0.00s Sys=0.00s Real=0.01s
[2025-08-20T23:13:45.876+0000][1692266][info ][safepoint   ] Safepoint "G1PauseRemark", Time since last: 110944408 ns, Reaching safepoint: 6079 ns, Cleanup: 3035 ns, At safepoint: 4017646 ns, Total: 4026760 ns
[2025-08-20T23:13:45.876+0000][1692266][info ][gc,marking  ] GC(368) Concurrent Mark 108.165ms
[2025-08-20T23:13:45.876+0000][1692266][info ][gc,marking  ] GC(368) Concurrent Rebuild Remembered Sets and Scrub Regions
[2025-08-20T23:13:45.921+0000][1692266][info ][gc,marking  ] GC(368) Concurrent Rebuild Remembered Sets and Scrub Regions 45.148ms
[2025-08-20T23:13:45.921+0000][1692266][info ][gc,start    ] GC(368) Pause Cleanup
[2025-08-20T23:13:45.921+0000][1692266][info ][gc          ] GC(368) Pause Cleanup 87M->87M(512M) 0.033ms
[2025-08-20T23:13:45.921+0000][1692266][info ][gc,cpu      ] GC(368) User=0.00s Sys=0.00s Real=0.00s
[2025-08-20T23:13:45.921+0000][1692266][info ][safepoint   ] Safepoint "G1PauseCleanup", Time since last: 45191416 ns, Reaching safepoint: 4207 ns, Cleanup: 1161 ns, At safepoint: 59130 ns, Total: 64498 ns
[2025-08-20T23:13:45.921+0000][1692266][info ][gc,marking  ] GC(368) Concurrent Clear Claimed Marks
[2025-08-20T23:13:45.921+0000][1692266][info ][gc,marking  ] GC(368) Concurrent Clear Claimed Marks 0.160ms
[2025-08-20T23:13:45.921+0000][1692266][info ][gc,marking  ] GC(368) Concurrent Cleanup for Next Mark
[2025-08-20T23:13:45.929+0000][1692266][info ][gc,marking  ] GC(368) Concurrent Cleanup for Next Mark 7.211ms
[2025-08-20T23:13:45.929+0000][1692266][info ][gc          ] GC(368) Concurrent Mark Cycle 161.268ms
[2025-08-20T23:21:09.629+0000][1692266][info ][gc,start    ] GC(369) Pause Young (Normal) (G1 Evacuation Pause)
[2025-08-20T23:21:09.629+0000][1692266][info ][gc,task     ] GC(369) Using 1 workers of 1 for evacuation
[2025-08-20T23:21:09.629+0000][1692266][debug][gc,age      ] GC(369) Desired survivor size 20971520 bytes, new threshold 15 (max threshold 15)
[2025-08-20T23:21:09.631+0000][1692266][info ][gc,phases   ] GC(369)   Pre Evacuate Collection Set: 0.0ms
[2025-08-20T23:21:09.631+0000][1692266][info ][gc,phases   ] GC(369)   Merge Heap Roots: 0.0ms
[2025-08-20T23:21:09.631+0000][1692266][info ][gc,phases   ] GC(369)   Evacuate Collection Set: 1.6ms
[2025-08-20T23:21:09.631+0000][1692266][info ][gc,phases   ] GC(369)   Post Evacuate Collection Set: 0.7ms
[2025-08-20T23:21:09.631+0000][1692266][info ][gc,phases   ] GC(369)   Other: 0.0ms
[2025-08-20T23:21:09.631+0000][1692266][trace][gc,age      ] GC(369) Age table with threshold 15 (max threshold 15)
[2025-08-20T23:21:09.631+0000][1692266][trace][gc,age      ] GC(369) - age   1:      33920 bytes,      33920 total
[2025-08-20T23:21:09.631+0000][1692266][trace][gc,age      ] GC(369) - age   2:        128 bytes,      34048 total
[2025-08-20T23:21:09.631+0000][1692266][trace][gc,age      ] GC(369) - age   5:        176 bytes,      34224 total
[2025-08-20T23:21:09.631+0000][1692266][trace][gc,age      ] GC(369) - age  11:        344 bytes,      34568 total
[2025-08-20T23:21:09.631+0000][1692266][trace][gc,age      ] GC(369) - age  12:        208 bytes,      34776 total
[2025-08-20T23:21:09.631+0000][1692266][trace][gc,age      ] GC(369) - age  13:        104 bytes,      34880 total
[2025-08-20T23:21:09.631+0000][1692266][trace][gc,age      ] GC(369) - age  15:        152 bytes,      35032 total
[2025-08-20T23:21:09.631+0000][1692266][info ][gc,heap     ] GC(369) Eden regions: 75->0(75)
[2025-08-20T23:21:09.631+0000][1692266][info ][gc,heap     ] GC(369) Survivor regions: 1->1(10)
[2025-08-20T23:21:09.631+0000][1692266][info ][gc,heap     ] GC(369) Old regions: 22->22
[2025-08-20T23:21:09.631+0000][1692266][info ][gc,heap     ] GC(369) Humongous regions: 0->0
[2025-08-20T23:21:09.631+0000][1692266][info ][gc,metaspace] GC(369) Metaspace: 142033K(148544K)->142033K(148544K) NonClass: 123076K(127104K)->123076K(127104K) Class: 18957K(21440K)->18957K(21440K)
[2025-08-20T23:21:09.631+0000][1692266][info ][gc          ] GC(369) Pause Young (Normal) (G1 Evacuation Pause) 387M->87M(512M) 2.937ms
[2025-08-20T23:21:09.631+0000][1692266][info ][gc,cpu      ] GC(369) User=0.01s Sys=0.00s Real=0.00s
[2025-08-20T23:21:09.631+0000][1692266][info ][safepoint   ] Safepoint "G1CollectForAllocation", Time since last: 443707269162 ns, Reaching safepoint: 8903 ns, Cleanup: 3165 ns, At safepoint: 2974451 ns, Total: 2986519 ns
[2025-08-20T23:28:34.901+0000][1692266][info ][gc,start    ] GC(370) Pause Young (Concurrent Start) (G1 Evacuation Pause)
[2025-08-20T23:28:34.901+0000][1692266][info ][gc,task     ] GC(370) Using 1 workers of 1 for evacuation
[2025-08-20T23:28:34.901+0000][1692266][debug][gc,age      ] GC(370) Desired survivor size 20971520 bytes, new threshold 15 (max threshold 15)
[2025-08-20T23:28:34.904+0000][1692266][info ][gc,phases   ] GC(370)   Pre Evacuate Collection Set: 0.1ms
[2025-08-20T23:28:34.904+0000][1692266][info ][gc,phases   ] GC(370)   Merge Heap Roots: 0.0ms
[2025-08-20T23:28:34.904+0000][1692266][info ][gc,phases   ] GC(370)   Evacuate Collection Set: 1.2ms
[2025-08-20T23:28:34.904+0000][1692266][info ][gc,phases   ] GC(370)   Post Evacuate Collection Set: 0.7ms
[2025-08-20T23:28:34.904+0000][1692266][info ][gc,phases   ] GC(370)   Other: 0.0ms
[2025-08-20T23:28:34.904+0000][1692266][trace][gc,age      ] GC(370) Age table with threshold 15 (max threshold 15)
[2025-08-20T23:28:34.904+0000][1692266][trace][gc,age      ] GC(370) - age   1:      14336 bytes,      14336 total
[2025-08-20T23:28:34.904+0000][1692266][trace][gc,age      ] GC(370) - age   2:        976 bytes,      15312 total
[2025-08-20T23:28:34.904+0000][1692266][trace][gc,age      ] GC(370) - age   6:        176 bytes,      15488 total
[2025-08-20T23:28:34.904+0000][1692266][trace][gc,age      ] GC(370) - age  12:        344 bytes,      15832 total
[2025-08-20T23:28:34.904+0000][1692266][trace][gc,age      ] GC(370) - age  13:        208 bytes,      16040 total
[2025-08-20T23:28:34.904+0000][1692266][trace][gc,age      ] GC(370) - age  14:        104 bytes,      16144 total
[2025-08-20T23:28:34.904+0000][1692266][info ][gc,heap     ] GC(370) Eden regions: 75->0(75)
[2025-08-20T23:28:34.904+0000][1692266][info ][gc,heap     ] GC(370) Survivor regions: 1->1(10)
[2025-08-20T23:28:34.904+0000][1692266][info ][gc,heap     ] GC(370) Old regions: 22->22
[2025-08-20T23:28:34.904+0000][1692266][info ][gc,heap     ] GC(370) Humongous regions: 0->0
[2025-08-20T23:28:34.904+0000][1692266][info ][gc,metaspace] GC(370) Metaspace: 142033K(148544K)->142033K(148544K) NonClass: 123076K(127104K)->123076K(127104K) Class: 18957K(21440K)->18957K(21440K)
[2025-08-20T23:28:34.904+0000][1692266][info ][gc          ] GC(370) Pause Young (Concurrent Start) (G1 Evacuation Pause) 387M->87M(512M) 2.674ms
[2025-08-20T23:28:34.904+0000][1692266][info ][gc,cpu      ] GC(370) User=0.01s Sys=0.00s Real=0.00s
[2025-08-20T23:28:34.904+0000][1692266][info ][safepoint   ] Safepoint "G1CollectForAllocation", Time since last: 445269434139 ns, Reaching safepoint: 10966 ns, Cleanup: 3455 ns, At safepoint: 2715751 ns, Total: 2730172 ns
[2025-08-20T23:28:34.909+0000][1692266][info ][gc          ] GC(371) Concurrent Mark Cycle
[2025-08-20T23:28:34.909+0000][1692266][info ][gc,marking  ] GC(371) Concurrent Scan Root Regions
[2025-08-20T23:28:34.910+0000][1692266][info ][gc,marking  ] GC(371) Concurrent Scan Root Regions 0.788ms
[2025-08-20T23:28:34.910+0000][1692266][info ][gc,marking  ] GC(371) Concurrent Mark
[2025-08-20T23:28:34.910+0000][1692266][info ][gc,marking  ] GC(371) Concurrent Mark From Roots
[2025-08-20T23:28:34.910+0000][1692266][info ][gc,task     ] GC(371) Using 1 workers of 1 for marking
[2025-08-20T23:28:35.017+0000][1692266][info ][gc,marking  ] GC(371) Concurrent Mark From Roots 106.346ms
[2025-08-20T23:28:35.017+0000][1692266][info ][gc,marking  ] GC(371) Concurrent Preclean
[2025-08-20T23:28:35.017+0000][1692266][info ][gc,marking  ] GC(371) Concurrent Preclean 0.349ms
[2025-08-20T23:28:35.017+0000][1692266][info ][gc,start    ] GC(371) Pause Remark
[2025-08-20T23:28:35.021+0000][1692266][info ][gc          ] GC(371) Pause Remark 90M->90M(512M) 4.088ms
[2025-08-20T23:28:35.021+0000][1692266][info ][gc,cpu      ] GC(371) User=0.00s Sys=0.00s Real=0.00s
[2025-08-20T23:28:35.021+0000][1692266][info ][safepoint   ] Safepoint "G1PauseRemark", Time since last: 113275172 ns, Reaching safepoint: 5739 ns, Cleanup: 2884 ns, At safepoint: 4128574 ns, Total: 4137197 ns
[2025-08-20T23:28:35.021+0000][1692266][info ][gc,marking  ] GC(371) Concurrent Mark 110.902ms
[2025-08-20T23:28:35.021+0000][1692266][info ][gc,marking  ] GC(371) Concurrent Rebuild Remembered Sets and Scrub Regions
[2025-08-20T23:28:35.063+0000][1692266][info ][gc,marking  ] GC(371) Concurrent Rebuild Remembered Sets and Scrub Regions 42.052ms
[2025-08-20T23:28:35.063+0000][1692266][info ][gc,start    ] GC(371) Pause Cleanup
[2025-08-20T23:28:35.063+0000][1692266][info ][gc          ] GC(371) Pause Cleanup 90M->90M(512M) 0.032ms
[2025-08-20T23:28:35.063+0000][1692266][info ][gc,cpu      ] GC(371) User=0.00s Sys=0.00s Real=0.00s
[2025-08-20T23:28:35.063+0000][1692266][info ][safepoint   ] Safepoint "G1PauseCleanup", Time since last: 42101869 ns, Reaching safepoint: 3915 ns, Cleanup: 1393 ns, At safepoint: 58147 ns, Total: 63455 ns
[2025-08-20T23:28:35.063+0000][1692266][info ][gc,marking  ] GC(371) Concurrent Clear Claimed Marks
[2025-08-20T23:28:35.063+0000][1692266][info ][gc,marking  ] GC(371) Concurrent Clear Claimed Marks 0.134ms
[2025-08-20T23:28:35.063+0000][1692266][info ][gc,marking  ] GC(371) Concurrent Cleanup for Next Mark
[2025-08-20T23:28:35.072+0000][1692266][info ][gc,marking  ] GC(371) Concurrent Cleanup for Next Mark 8.241ms
[2025-08-20T23:28:35.072+0000][1692266][info ][gc          ] GC(371) Concurrent Mark Cycle 162.264ms
[2025-08-20T23:35:57.439+0000][1692266][info ][gc,start    ] GC(372) Pause Young (Normal) (G1 Evacuation Pause)
[2025-08-20T23:35:57.439+0000][1692266][info ][gc,task     ] GC(372) Using 1 workers of 1 for evacuation
[2025-08-20T23:35:57.439+0000][1692266][debug][gc,age      ] GC(372) Desired survivor size 20971520 bytes, new threshold 15 (max threshold 15)
[2025-08-20T23:35:57.442+0000][1692266][info ][gc,phases   ] GC(372)   Pre Evacuate Collection Set: 0.1ms
[2025-08-20T23:35:57.442+0000][1692266][info ][gc,phases   ] GC(372)   Merge Heap Roots: 0.0ms
[2025-08-20T23:35:57.442+0000][1692266][info ][gc,phases   ] GC(372)   Evacuate Collection Set: 1.6ms
[2025-08-20T23:35:57.442+0000][1692266][info ][gc,phases   ] GC(372)   Post Evacuate Collection Set: 0.8ms
[2025-08-20T23:35:57.442+0000][1692266][info ][gc,phases   ] GC(372)   Other: 0.0ms
[2025-08-20T23:35:57.442+0000][1692266][trace][gc,age      ] GC(372) Age table with threshold 15 (max threshold 15)
[2025-08-20T23:35:57.442+0000][1692266][trace][gc,age      ] GC(372) - age   1:      17432 bytes,      17432 total
[2025-08-20T23:35:57.442+0000][1692266][trace][gc,age      ] GC(372) - age   7:        176 bytes,      17608 total
[2025-08-20T23:35:57.442+0000][1692266][trace][gc,age      ] GC(372) - age  13:        344 bytes,      17952 total
[2025-08-20T23:35:57.442+0000][1692266][trace][gc,age      ] GC(372) - age  14:        208 bytes,      18160 total
[2025-08-20T23:35:57.442+0000][1692266][trace][gc,age      ] GC(372) - age  15:        104 bytes,      18264 total
[2025-08-20T23:35:57.442+0000][1692266][info ][gc,heap     ] GC(372) Eden regions: 75->0(75)
[2025-08-20T23:35:57.442+0000][1692266][info ][gc,heap     ] GC(372) Survivor regions: 1->1(10)
[2025-08-20T23:35:57.442+0000][1692266][info ][gc,heap     ] GC(372) Old regions: 22->22
[2025-08-20T23:35:57.442+0000][1692266][info ][gc,heap     ] GC(372) Humongous regions: 0->0
[2025-08-20T23:35:57.442+0000][1692266][info ][gc,metaspace] GC(372) Metaspace: 142033K(148544K)->142033K(148544K) NonClass: 123076K(127104K)->123076K(127104K) Class: 18957K(21440K)->18957K(21440K)
[2025-08-20T23:35:57.442+0000][1692266][info ][gc          ] GC(372) Pause Young (Normal) (G1 Evacuation Pause) 387M->87M(512M) 2.732ms
[2025-08-20T23:35:57.442+0000][1692266][info ][gc,cpu      ] GC(372) User=0.01s Sys=0.00s Real=0.00s
[2025-08-20T23:35:57.442+0000][1692266][info ][safepoint   ] Safepoint "G1CollectForAllocation", Time since last: 442375642732 ns, Reaching safepoint: 7832 ns, Cleanup: 2574 ns, At safepoint: 2770223 ns, Total: 2780629 ns
[2025-08-20T23:43:22.539+0000][1692266][info ][gc,start    ] GC(373) Pause Young (Concurrent Start) (G1 Evacuation Pause)
[2025-08-20T23:43:22.744+0000][1692266][info ][gc,task     ] GC(373) Using 1 workers of 1 for evacuation
[2025-08-20T23:43:22.744+0000][1692266][debug][gc,age      ] GC(373) Desired survivor size 20971520 bytes, new threshold 15 (max threshold 15)
[2025-08-20T23:43:22.746+0000][1692266][info ][gc,phases   ] GC(373)   Pre Evacuate Collection Set: 0.1ms
[2025-08-20T23:43:22.746+0000][1692266][info ][gc,phases   ] GC(373)   Merge Heap Roots: 0.0ms
[2025-08-20T23:43:22.746+0000][1692266][info ][gc,phases   ] GC(373)   Evacuate Collection Set: 1.4ms
[2025-08-20T23:43:22.746+0000][1692266][info ][gc,phases   ] GC(373)   Post Evacuate Collection Set: 0.7ms
[2025-08-20T23:43:22.746+0000][1692266][info ][gc,phases   ] GC(373)   Other: 0.1ms
[2025-08-20T23:43:22.746+0000][1692266][trace][gc,age      ] GC(373) Age table with threshold 15 (max threshold 15)
[2025-08-20T23:43:22.746+0000][1692266][trace][gc,age      ] GC(373) - age   1:     121456 bytes,     121456 total
[2025-08-20T23:43:22.746+0000][1692266][trace][gc,age      ] GC(373) - age   2:        664 bytes,     122120 total
[2025-08-20T23:43:22.746+0000][1692266][trace][gc,age      ] GC(373) - age   8:        176 bytes,     122296 total
[2025-08-20T23:43:22.746+0000][1692266][trace][gc,age      ] GC(373) - age  14:        344 bytes,     122640 total
[2025-08-20T23:43:22.746+0000][1692266][trace][gc,age      ] GC(373) - age  15:        208 bytes,     122848 total
[2025-08-20T23:43:22.746+0000][1692266][info ][gc,heap     ] GC(373) Eden regions: 75->0(75)
[2025-08-20T23:43:22.746+0000][1692266][info ][gc,heap     ] GC(373) Survivor regions: 1->1(10)
[2025-08-20T23:43:22.746+0000][1692266][info ][gc,heap     ] GC(373) Old regions: 22->22
[2025-08-20T23:43:22.746+0000][1692266][info ][gc,heap     ] GC(373) Humongous regions: 0->0
[2025-08-20T23:43:22.746+0000][1692266][info ][gc,metaspace] GC(373) Metaspace: 142033K(148544K)->142033K(148544K) NonClass: 123076K(127104K)->123076K(127104K) Class: 18957K(21440K)->18957K(21440K)
[2025-08-20T23:43:22.746+0000][1692266][info ][gc          ] GC(373) Pause Young (Concurrent Start) (G1 Evacuation Pause) 387M->87M(512M) 206.964ms
[2025-08-20T23:43:22.746+0000][1692266][info ][gc,cpu      ] GC(373) User=0.00s Sys=0.00s Real=0.21s
[2025-08-20T23:43:22.746+0000][1692266][info ][safepoint   ] Safepoint "G1CollectForAllocation", Time since last: 445097628343 ns, Reaching safepoint: 5989 ns, Cleanup: 3425 ns, At safepoint: 207022679 ns, Total: 207032093 ns
[2025-08-20T23:43:22.746+0000][1692266][info ][gc          ] GC(374) Concurrent Mark Cycle
[2025-08-20T23:43:22.746+0000][1692266][info ][gc,marking  ] GC(374) Concurrent Scan Root Regions
[2025-08-20T23:43:22.753+0000][1692266][info ][gc,marking  ] GC(374) Concurrent Scan Root Regions 7.126ms
[2025-08-20T23:43:22.753+0000][1692266][info ][gc,marking  ] GC(374) Concurrent Mark
[2025-08-20T23:43:22.753+0000][1692266][info ][gc,marking  ] GC(374) Concurrent Mark From Roots
[2025-08-20T23:43:22.753+0000][1692266][info ][gc,task     ] GC(374) Using 1 workers of 1 for marking
[2025-08-20T23:43:22.851+0000][1692266][info ][gc,marking  ] GC(374) Concurrent Mark From Roots 97.246ms
[2025-08-20T23:43:22.851+0000][1692266][info ][gc,marking  ] GC(374) Concurrent Preclean
[2025-08-20T23:43:22.851+0000][1692266][info ][gc,marking  ] GC(374) Concurrent Preclean 0.355ms
[2025-08-20T23:43:22.851+0000][1692266][info ][gc,start    ] GC(374) Pause Remark
[2025-08-20T23:43:22.855+0000][1692266][info ][gc          ] GC(374) Pause Remark 90M->90M(512M) 4.013ms
[2025-08-20T23:43:22.855+0000][1692266][info ][gc,cpu      ] GC(374) User=0.01s Sys=0.00s Real=0.00s
[2025-08-20T23:43:22.855+0000][1692266][info ][safepoint   ] Safepoint "G1PauseRemark", Time since last: 104869059 ns, Reaching safepoint: 5518 ns, Cleanup: 2895 ns, At safepoint: 4056204 ns, Total: 4064617 ns
[2025-08-20T23:43:22.855+0000][1692266][info ][gc,marking  ] GC(374) Concurrent Mark 101.778ms
[2025-08-20T23:43:22.855+0000][1692266][info ][gc,marking  ] GC(374) Concurrent Rebuild Remembered Sets and Scrub Regions
[2025-08-20T23:43:22.919+0000][1692266][info ][gc,marking  ] GC(374) Concurrent Rebuild Remembered Sets and Scrub Regions 63.504ms
[2025-08-20T23:43:22.919+0000][1692266][info ][gc,start    ] GC(374) Pause Cleanup
[2025-08-20T23:43:22.919+0000][1692266][info ][gc          ] GC(374) Pause Cleanup 91M->91M(512M) 0.038ms
[2025-08-20T23:43:22.919+0000][1692266][info ][gc,cpu      ] GC(374) User=0.00s Sys=0.00s Real=0.00s
[2025-08-20T23:43:22.919+0000][1692266][info ][safepoint   ] Safepoint "G1PauseCleanup", Time since last: 63560235 ns, Reaching safepoint: 4737 ns, Cleanup: 1823 ns, At safepoint: 66840 ns, Total: 73400 ns
[2025-08-20T23:43:22.919+0000][1692266][info ][gc,marking  ] GC(374) Concurrent Clear Claimed Marks
[2025-08-20T23:43:22.919+0000][1692266][info ][gc,marking  ] GC(374) Concurrent Clear Claimed Marks 0.157ms
[2025-08-20T23:43:22.919+0000][1692266][info ][gc,marking  ] GC(374) Concurrent Cleanup for Next Mark
[2025-08-20T23:43:22.919+0000][1692266][info ][gc,marking  ] GC(374) Concurrent Cleanup for Next Mark 0.241ms
[2025-08-20T23:43:22.919+0000][1692266][info ][gc          ] GC(374) Concurrent Mark Cycle 172.966ms
[2025-08-20T23:50:45.128+0000][1692266][info ][gc,start    ] GC(375) Pause Young (Normal) (G1 Evacuation Pause)
[2025-08-20T23:50:45.128+0000][1692266][info ][gc,task     ] GC(375) Using 1 workers of 1 for evacuation
[2025-08-20T23:50:45.128+0000][1692266][debug][gc,age      ] GC(375) Desired survivor size 20971520 bytes, new threshold 15 (max threshold 15)
[2025-08-20T23:50:45.131+0000][1692266][info ][gc,phases   ] GC(375)   Pre Evacuate Collection Set: 0.0ms
[2025-08-20T23:50:45.131+0000][1692266][info ][gc,phases   ] GC(375)   Merge Heap Roots: 0.0ms
[2025-08-20T23:50:45.131+0000][1692266][info ][gc,phases   ] GC(375)   Evacuate Collection Set: 1.6ms
[2025-08-20T23:50:45.131+0000][1692266][info ][gc,phases   ] GC(375)   Post Evacuate Collection Set: 0.7ms
[2025-08-20T23:50:45.131+0000][1692266][info ][gc,phases   ] GC(375)   Other: 0.0ms
[2025-08-20T23:50:45.131+0000][1692266][trace][gc,age      ] GC(375) Age table with threshold 15 (max threshold 15)
[2025-08-20T23:50:45.131+0000][1692266][trace][gc,age      ] GC(375) - age   1:      14352 bytes,      14352 total
[2025-08-20T23:50:45.131+0000][1692266][trace][gc,age      ] GC(375) - age   2:        552 bytes,      14904 total
[2025-08-20T23:50:45.131+0000][1692266][trace][gc,age      ] GC(375) - age   3:        552 bytes,      15456 total
[2025-08-20T23:50:45.131+0000][1692266][trace][gc,age      ] GC(375) - age   9:        176 bytes,      15632 total
[2025-08-20T23:50:45.131+0000][1692266][trace][gc,age      ] GC(375) - age  15:        344 bytes,      15976 total
[2025-08-20T23:50:45.131+0000][1692266][info ][gc,heap     ] GC(375) Eden regions: 75->0(75)
[2025-08-20T23:50:45.131+0000][1692266][info ][gc,heap     ] GC(375) Survivor regions: 1->1(10)
[2025-08-20T23:50:45.131+0000][1692266][info ][gc,heap     ] GC(375) Old regions: 22->22
[2025-08-20T23:50:45.131+0000][1692266][info ][gc,heap     ] GC(375) Humongous regions: 0->0
[2025-08-20T23:50:45.131+0000][1692266][info ][gc,metaspace] GC(375) Metaspace: 142033K(148544K)->142033K(148544K) NonClass: 123076K(127104K)->123076K(127104K) Class: 18957K(21440K)->18957K(21440K)
[2025-08-20T23:50:45.131+0000][1692266][info ][gc          ] GC(375) Pause Young (Normal) (G1 Evacuation Pause) 387M->87M(512M) 3.263ms
[2025-08-20T23:50:45.131+0000][1692266][info ][gc,cpu      ] GC(375) User=0.00s Sys=0.00s Real=0.00s
[2025-08-20T23:50:45.131+0000][1692266][info ][safepoint   ] Safepoint "G1CollectForAllocation", Time since last: 442208870051 ns, Reaching safepoint: 8102 ns, Cleanup: 3165 ns, At safepoint: 3299061 ns, Total: 3310328 ns
[2025-08-20T23:58:08.341+0000][1692266][info ][gc,start    ] GC(376) Pause Young (Concurrent Start) (G1 Evacuation Pause)
[2025-08-20T23:58:08.341+0000][1692266][info ][gc,task     ] GC(376) Using 1 workers of 1 for evacuation
[2025-08-20T23:58:08.341+0000][1692266][debug][gc,age      ] GC(376) Desired survivor size 20971520 bytes, new threshold 15 (max threshold 15)
[2025-08-20T23:58:08.344+0000][1692266][info ][gc,phases   ] GC(376)   Pre Evacuate Collection Set: 0.1ms
[2025-08-20T23:58:08.344+0000][1692266][info ][gc,phases   ] GC(376)   Merge Heap Roots: 0.0ms
[2025-08-20T23:58:08.344+0000][1692266][info ][gc,phases   ] GC(376)   Evacuate Collection Set: 1.2ms
[2025-08-20T23:58:08.344+0000][1692266][info ][gc,phases   ] GC(376)   Post Evacuate Collection Set: 0.7ms
[2025-08-20T23:58:08.344+0000][1692266][info ][gc,phases   ] GC(376)   Other: 0.4ms
[2025-08-20T23:58:08.344+0000][1692266][trace][gc,age      ] GC(376) Age table with threshold 15 (max threshold 15)
[2025-08-20T23:58:08.344+0000][1692266][trace][gc,age      ] GC(376) - age   1:      16992 bytes,      16992 total
[2025-08-20T23:58:08.344+0000][1692266][info ][gc,heap     ] GC(376) Eden regions: 75->0(75)
[2025-08-20T23:58:08.344+0000][1692266][info ][gc,heap     ] GC(376) Survivor regions: 1->1(10)
[2025-08-20T23:58:08.344+0000][1692266][info ][gc,heap     ] GC(376) Old regions: 22->22
[2025-08-20T23:58:08.344+0000][1692266][info ][gc,heap     ] GC(376) Humongous regions: 0->0
[2025-08-20T23:58:08.344+0000][1692266][info ][gc,metaspace] GC(376) Metaspace: 142033K(148544K)->142033K(148544K) NonClass: 123076K(127104K)->123076K(127104K) Class: 18957K(21440K)->18957K(21440K)
[2025-08-20T23:58:08.344+0000][1692266][info ][gc          ] GC(376) Pause Young (Concurrent Start) (G1 Evacuation Pause) 387M->87M(512M) 2.489ms
[2025-08-20T23:58:08.344+0000][1692266][info ][gc,cpu      ] GC(376) User=0.00s Sys=0.00s Real=0.00s
[2025-08-20T23:58:08.344+0000][1692266][info ][safepoint   ] Safepoint "G1CollectForAllocation", Time since last: 443210026018 ns, Reaching safepoint: 35593 ns, Cleanup: 2224 ns, At safepoint: 2528137 ns, Total: 2565954 ns
[2025-08-20T23:58:08.350+0000][1692266][info ][gc          ] GC(377) Concurrent Mark Cycle
[2025-08-20T23:58:08.350+0000][1692266][info ][gc,marking  ] GC(377) Concurrent Scan Root Regions
[2025-08-20T23:58:08.351+0000][1692266][info ][gc,marking  ] GC(377) Concurrent Scan Root Regions 0.444ms
[2025-08-20T23:58:08.351+0000][1692266][info ][gc,marking  ] GC(377) Concurrent Mark
[2025-08-20T23:58:08.351+0000][1692266][info ][gc,marking  ] GC(377) Concurrent Mark From Roots
[2025-08-20T23:58:08.351+0000][1692266][info ][gc,task     ] GC(377) Using 1 workers of 1 for marking
[2025-08-20T23:58:08.447+0000][1692266][info ][gc,marking  ] GC(377) Concurrent Mark From Roots 96.076ms
[2025-08-20T23:58:08.447+0000][1692266][info ][gc,marking  ] GC(377) Concurrent Preclean
[2025-08-20T23:58:08.447+0000][1692266][info ][gc,marking  ] GC(377) Concurrent Preclean 0.300ms
[2025-08-20T23:58:08.447+0000][1692266][info ][gc,start    ] GC(377) Pause Remark
[2025-08-20T23:58:08.451+0000][1692266][info ][gc          ] GC(377) Pause Remark 87M->87M(512M) 4.139ms
[2025-08-20T23:58:08.451+0000][1692266][info ][gc,cpu      ] GC(377) User=0.01s Sys=0.00s Real=0.00s
[2025-08-20T23:58:08.451+0000][1692266][info ][safepoint   ] Safepoint "G1PauseRemark", Time since last: 103599044 ns, Reaching safepoint: 5719 ns, Cleanup: 2864 ns, At safepoint: 4186001 ns, Total: 4194584 ns
[2025-08-20T23:58:08.451+0000][1692266][info ][gc,marking  ] GC(377) Concurrent Mark 100.640ms
[2025-08-20T23:58:08.451+0000][1692266][info ][gc,marking  ] GC(377) Concurrent Rebuild Remembered Sets and Scrub Regions
[2025-08-20T23:58:08.506+0000][1692266][info ][gc,marking  ] GC(377) Concurrent Rebuild Remembered Sets and Scrub Regions 54.604ms
[2025-08-20T23:58:08.506+0000][1692266][info ][gc,start    ] GC(377) Pause Cleanup
[2025-08-20T23:58:08.506+0000][1692266][info ][gc          ] GC(377) Pause Cleanup 87M->87M(512M) 0.038ms
[2025-08-20T23:58:08.506+0000][1692266][info ][gc,cpu      ] GC(377) User=0.00s Sys=0.00s Real=0.00s
[2025-08-20T23:58:08.506+0000][1692266][info ][safepoint   ] Safepoint "G1PauseCleanup", Time since last: 54689551 ns, Reaching safepoint: 4286 ns, Cleanup: 1563 ns, At safepoint: 65869 ns, Total: 71718 ns
[2025-08-20T23:58:08.506+0000][1692266][info ][gc,marking  ] GC(377) Concurrent Clear Claimed Marks
[2025-08-20T23:58:08.506+0000][1692266][info ][gc,marking  ] GC(377) Concurrent Clear Claimed Marks 0.158ms
[2025-08-20T23:58:08.506+0000][1692266][info ][gc,marking  ] GC(377) Concurrent Cleanup for Next Mark
[2025-08-20T23:58:08.520+0000][1692266][info ][gc,marking  ] GC(377) Concurrent Cleanup for Next Mark 13.221ms
[2025-08-20T23:58:08.520+0000][1692266][info ][gc          ] GC(377) Concurrent Mark Cycle 169.255ms
[2025-08-21T00:05:34.273+0000][1692266][info ][gc,start    ] GC(378) Pause Young (Normal) (G1 Evacuation Pause)
[2025-08-21T00:05:34.273+0000][1692266][info ][gc,task     ] GC(378) Using 1 workers of 1 for evacuation
[2025-08-21T00:05:34.273+0000][1692266][debug][gc,age      ] GC(378) Desired survivor size 20971520 bytes, new threshold 15 (max threshold 15)
[2025-08-21T00:05:34.276+0000][1692266][info ][gc,phases   ] GC(378)   Pre Evacuate Collection Set: 0.0ms
[2025-08-21T00:05:34.276+0000][1692266][info ][gc,phases   ] GC(378)   Merge Heap Roots: 0.0ms
[2025-08-21T00:05:34.276+0000][1692266][info ][gc,phases   ] GC(378)   Evacuate Collection Set: 1.6ms
[2025-08-21T00:05:34.276+0000][1692266][info ][gc,phases   ] GC(378)   Post Evacuate Collection Set: 0.8ms
[2025-08-21T00:05:34.276+0000][1692266][info ][gc,phases   ] GC(378)   Other: 0.0ms
[2025-08-21T00:05:34.276+0000][1692266][trace][gc,age      ] GC(378) Age table with threshold 15 (max threshold 15)
[2025-08-21T00:05:34.276+0000][1692266][trace][gc,age      ] GC(378) - age   1:      14632 bytes,      14632 total
[2025-08-21T00:05:34.276+0000][1692266][trace][gc,age      ] GC(378) - age   2:        840 bytes,      15472 total
[2025-08-21T00:05:34.276+0000][1692266][info ][gc,heap     ] GC(378) Eden regions: 75->0(75)
[2025-08-21T00:05:34.276+0000][1692266][info ][gc,heap     ] GC(378) Survivor regions: 1->1(10)
[2025-08-21T00:05:34.276+0000][1692266][info ][gc,heap     ] GC(378) Old regions: 22->22
[2025-08-21T00:05:34.276+0000][1692266][info ][gc,heap     ] GC(378) Humongous regions: 0->0
[2025-08-21T00:05:34.276+0000][1692266][info ][gc,metaspace] GC(378) Metaspace: 142033K(148544K)->142033K(148544K) NonClass: 123076K(127104K)->123076K(127104K) Class: 18957K(21440K)->18957K(21440K)
[2025-08-21T00:05:34.276+0000][1692266][info ][gc          ] GC(378) Pause Young (Normal) (G1 Evacuation Pause) 387M->87M(512M) 2.915ms
[2025-08-21T00:05:34.276+0000][1692266][info ][gc,cpu      ] GC(378) User=0.01s Sys=0.00s Real=0.01s
[2025-08-21T00:05:34.276+0000][1692266][info ][safepoint   ] Safepoint "G1CollectForAllocation", Time since last: 445766514310 ns, Reaching safepoint: 8253 ns, Cleanup: 3124 ns, At safepoint: 2952839 ns, Total: 2964216 ns
[2025-08-21T00:12:58.979+0000][1692266][info ][gc,start    ] GC(379) Pause Young (Concurrent Start) (G1 Evacuation Pause)
[2025-08-21T00:12:58.979+0000][1692266][info ][gc,task     ] GC(379) Using 1 workers of 1 for evacuation
[2025-08-21T00:12:58.979+0000][1692266][debug][gc,age      ] GC(379) Desired survivor size 20971520 bytes, new threshold 15 (max threshold 15)
[2025-08-21T00:12:58.981+0000][1692266][info ][gc,phases   ] GC(379)   Pre Evacuate Collection Set: 0.1ms
[2025-08-21T00:12:58.981+0000][1692266][info ][gc,phases   ] GC(379)   Merge Heap Roots: 0.0ms
[2025-08-21T00:12:58.981+0000][1692266][info ][gc,phases   ] GC(379)   Evacuate Collection Set: 1.2ms
[2025-08-21T00:12:58.981+0000][1692266][info ][gc,phases   ] GC(379)   Post Evacuate Collection Set: 0.7ms
[2025-08-21T00:12:58.981+0000][1692266][info ][gc,phases   ] GC(379)   Other: 0.0ms
[2025-08-21T00:12:58.981+0000][1692266][trace][gc,age      ] GC(379) Age table with threshold 15 (max threshold 15)
[2025-08-21T00:12:58.981+0000][1692266][trace][gc,age      ] GC(379) - age   1:      17056 bytes,      17056 total
[2025-08-21T00:12:58.981+0000][1692266][trace][gc,age      ] GC(379) - age   3:        176 bytes,      17232 total
[2025-08-21T00:12:58.981+0000][1692266][info ][gc,heap     ] GC(379) Eden regions: 75->0(75)
[2025-08-21T00:12:58.981+0000][1692266][info ][gc,heap     ] GC(379) Survivor regions: 1->1(10)
[2025-08-21T00:12:58.981+0000][1692266][info ][gc,heap     ] GC(379) Old regions: 22->22
[2025-08-21T00:12:58.981+0000][1692266][info ][gc,heap     ] GC(379) Humongous regions: 0->0
[2025-08-21T00:12:58.981+0000][1692266][info ][gc,metaspace] GC(379) Metaspace: 142033K(148544K)->142033K(148544K) NonClass: 123076K(127104K)->123076K(127104K) Class: 18957K(21440K)->18957K(21440K)
[2025-08-21T00:12:58.981+0000][1692266][info ][gc          ] GC(379) Pause Young (Concurrent Start) (G1 Evacuation Pause) 387M->87M(512M) 2.389ms
[2025-08-21T00:12:58.981+0000][1692266][info ][gc,cpu      ] GC(379) User=0.00s Sys=0.00s Real=0.00s
[2025-08-21T00:12:58.981+0000][1692266][info ][safepoint   ] Safepoint "G1CollectForAllocation", Time since last: 444702875471 ns, Reaching safepoint: 8473 ns, Cleanup: 2644 ns, At safepoint: 2430800 ns, Total: 2441917 ns
[2025-08-21T00:12:58.981+0000][1692266][info ][gc          ] GC(380) Concurrent Mark Cycle
[2025-08-21T00:12:58.981+0000][1692266][info ][gc,marking  ] GC(380) Concurrent Scan Root Regions
[2025-08-21T00:12:58.982+0000][1692266][info ][gc,marking  ] GC(380) Concurrent Scan Root Regions 0.572ms
[2025-08-21T00:12:58.982+0000][1692266][info ][gc,marking  ] GC(380) Concurrent Mark
[2025-08-21T00:12:58.982+0000][1692266][info ][gc,marking  ] GC(380) Concurrent Mark From Roots
[2025-08-21T00:12:58.982+0000][1692266][info ][gc,task     ] GC(380) Using 1 workers of 1 for marking
[2025-08-21T00:12:59.080+0000][1692266][info ][gc,marking  ] GC(380) Concurrent Mark From Roots 98.807ms
[2025-08-21T00:12:59.080+0000][1692266][info ][gc,marking  ] GC(380) Concurrent Preclean
[2025-08-21T00:12:59.081+0000][1692266][info ][gc,marking  ] GC(380) Concurrent Preclean 0.277ms
[2025-08-21T00:12:59.081+0000][1692266][info ][gc,start    ] GC(380) Pause Remark
[2025-08-21T00:12:59.085+0000][1692266][info ][gc          ] GC(380) Pause Remark 90M->90M(512M) 4.078ms
[2025-08-21T00:12:59.085+0000][1692266][info ][gc,cpu      ] GC(380) User=0.00s Sys=0.00s Real=0.00s
[2025-08-21T00:12:59.085+0000][1692266][info ][safepoint   ] Safepoint "G1PauseRemark", Time since last: 99751404 ns, Reaching safepoint: 5699 ns, Cleanup: 2874 ns, At safepoint: 4124368 ns, Total: 4132941 ns
[2025-08-21T00:12:59.085+0000][1692266][info ][gc,marking  ] GC(380) Concurrent Mark 103.290ms
[2025-08-21T00:12:59.085+0000][1692266][info ][gc,marking  ] GC(380) Concurrent Rebuild Remembered Sets and Scrub Regions
[2025-08-21T00:12:59.147+0000][1692266][info ][gc,marking  ] GC(380) Concurrent Rebuild Remembered Sets and Scrub Regions 62.566ms
[2025-08-21T00:12:59.148+0000][1692266][info ][gc,start    ] GC(380) Pause Cleanup
[2025-08-21T00:12:59.148+0000][1692266][info ][gc          ] GC(380) Pause Cleanup 90M->90M(512M) 0.039ms
[2025-08-21T00:12:59.148+0000][1692266][info ][gc,cpu      ] GC(380) User=0.00s Sys=0.00s Real=0.00s
[2025-08-21T00:12:59.148+0000][1692266][info ][safepoint   ] Safepoint "G1PauseCleanup", Time since last: 62627948 ns, Reaching safepoint: 4356 ns, Cleanup: 1793 ns, At safepoint: 68884 ns, Total: 75033 ns
[2025-08-21T00:12:59.148+0000][1692266][info ][gc,marking  ] GC(380) Concurrent Clear Claimed Marks
[2025-08-21T00:12:59.148+0000][1692266][info ][gc,marking  ] GC(380) Concurrent Clear Claimed Marks 0.175ms
[2025-08-21T00:12:59.148+0000][1692266][info ][gc,marking  ] GC(380) Concurrent Cleanup for Next Mark
[2025-08-21T00:12:59.148+0000][1692266][info ][gc,marking  ] GC(380) Concurrent Cleanup for Next Mark 0.325ms
[2025-08-21T00:12:59.148+0000][1692266][info ][gc          ] GC(380) Concurrent Mark Cycle 167.109ms
[2025-08-21T00:20:23.361+0000][1692266][info ][gc,start    ] GC(381) Pause Young (Normal) (G1 Evacuation Pause)
[2025-08-21T00:20:23.361+0000][1692266][info ][gc,task     ] GC(381) Using 1 workers of 1 for evacuation
[2025-08-21T00:20:23.361+0000][1692266][debug][gc,age      ] GC(381) Desired survivor size 20971520 bytes, new threshold 15 (max threshold 15)
[2025-08-21T00:20:23.364+0000][1692266][info ][gc,phases   ] GC(381)   Pre Evacuate Collection Set: 0.1ms
[2025-08-21T00:20:23.364+0000][1692266][info ][gc,phases   ] GC(381)   Merge Heap Roots: 0.0ms
[2025-08-21T00:20:23.364+0000][1692266][info ][gc,phases   ] GC(381)   Evacuate Collection Set: 1.7ms
[2025-08-21T00:20:23.364+0000][1692266][info ][gc,phases   ] GC(381)   Post Evacuate Collection Set: 0.8ms
[2025-08-21T00:20:23.364+0000][1692266][info ][gc,phases   ] GC(381)   Other: 0.0ms
[2025-08-21T00:20:23.364+0000][1692266][trace][gc,age      ] GC(381) Age table with threshold 15 (max threshold 15)
[2025-08-21T00:20:23.364+0000][1692266][trace][gc,age      ] GC(381) - age   1:      86624 bytes,      86624 total
[2025-08-21T00:20:23.364+0000][1692266][trace][gc,age      ] GC(381) - age   2:       1104 bytes,      87728 total
[2025-08-21T00:20:23.364+0000][1692266][trace][gc,age      ] GC(381) - age   4:        176 bytes,      87904 total
[2025-08-21T00:20:23.364+0000][1692266][info ][gc,heap     ] GC(381) Eden regions: 75->0(75)
[2025-08-21T00:20:23.364+0000][1692266][info ][gc,heap     ] GC(381) Survivor regions: 1->1(10)
[2025-08-21T00:20:23.364+0000][1692266][info ][gc,heap     ] GC(381) Old regions: 22->22
[2025-08-21T00:20:23.364+0000][1692266][info ][gc,heap     ] GC(381) Humongous regions: 0->0
[2025-08-21T00:20:23.364+0000][1692266][info ][gc,metaspace] GC(381) Metaspace: 142033K(148544K)->142033K(148544K) NonClass: 123076K(127104K)->123076K(127104K) Class: 18957K(21440K)->18957K(21440K)
[2025-08-21T00:20:23.364+0000][1692266][info ][gc          ] GC(381) Pause Young (Normal) (G1 Evacuation Pause) 387M->87M(512M) 3.049ms
[2025-08-21T00:20:23.364+0000][1692266][info ][gc,cpu      ] GC(381) User=0.00s Sys=0.00s Real=0.00s
[2025-08-21T00:20:23.364+0000][1692266][info ][safepoint   ] Safepoint "G1CollectForAllocation", Time since last: 444213410141 ns, Reaching safepoint: 5999 ns, Cleanup: 3496 ns, At safepoint: 3087111 ns, Total: 3096606 ns
[2025-08-21T00:27:45.875+0000][1692266][info ][gc,start    ] GC(382) Pause Young (Concurrent Start) (G1 Evacuation Pause)
[2025-08-21T00:27:45.875+0000][1692266][info ][gc,task     ] GC(382) Using 1 workers of 1 for evacuation
[2025-08-21T00:27:45.875+0000][1692266][debug][gc,age      ] GC(382) Desired survivor size 20971520 bytes, new threshold 15 (max threshold 15)
[2025-08-21T00:27:45.877+0000][1692266][info ][gc,phases   ] GC(382)   Pre Evacuate Collection Set: 0.1ms
[2025-08-21T00:27:45.877+0000][1692266][info ][gc,phases   ] GC(382)   Merge Heap Roots: 0.0ms
[2025-08-21T00:27:45.877+0000][1692266][info ][gc,phases   ] GC(382)   Evacuate Collection Set: 1.2ms
[2025-08-21T00:27:45.877+0000][1692266][info ][gc,phases   ] GC(382)   Post Evacuate Collection Set: 0.8ms
[2025-08-21T00:27:45.877+0000][1692266][info ][gc,phases   ] GC(382)   Other: 0.0ms
[2025-08-21T00:27:45.877+0000][1692266][trace][gc,age      ] GC(382) Age table with threshold 15 (max threshold 15)
[2025-08-21T00:27:45.877+0000][1692266][trace][gc,age      ] GC(382) - age   1:      15288 bytes,      15288 total
[2025-08-21T00:27:45.877+0000][1692266][trace][gc,age      ] GC(382) - age   5:        176 bytes,      15464 total
[2025-08-21T00:27:45.877+0000][1692266][info ][gc,heap     ] GC(382) Eden regions: 75->0(75)
[2025-08-21T00:27:45.877+0000][1692266][info ][gc,heap     ] GC(382) Survivor regions: 1->1(10)
[2025-08-21T00:27:45.877+0000][1692266][info ][gc,heap     ] GC(382) Old regions: 22->22
[2025-08-21T00:27:45.877+0000][1692266][info ][gc,heap     ] GC(382) Humongous regions: 0->0
[2025-08-21T00:27:45.877+0000][1692266][info ][gc,metaspace] GC(382) Metaspace: 142033K(148544K)->142033K(148544K) NonClass: 123076K(127104K)->123076K(127104K) Class: 18957K(21440K)->18957K(21440K)
[2025-08-21T00:27:45.877+0000][1692266][info ][gc          ] GC(382) Pause Young (Concurrent Start) (G1 Evacuation Pause) 387M->87M(512M) 2.537ms
[2025-08-21T00:27:45.877+0000][1692266][info ][gc,cpu      ] GC(382) User=0.00s Sys=0.00s Real=0.01s
[2025-08-21T00:27:45.877+0000][1692266][info ][safepoint   ] Safepoint "G1CollectForAllocation", Time since last: 442510371182 ns, Reaching safepoint: 8943 ns, Cleanup: 3616 ns, At safepoint: 2579355 ns, Total: 2591914 ns
[2025-08-21T00:27:45.881+0000][1692266][info ][gc          ] GC(383) Concurrent Mark Cycle
[2025-08-21T00:27:45.881+0000][1692266][info ][gc,marking  ] GC(383) Concurrent Scan Root Regions
[2025-08-21T00:27:45.882+0000][1692266][info ][gc,marking  ] GC(383) Concurrent Scan Root Regions 0.470ms
[2025-08-21T00:27:45.882+0000][1692266][info ][gc,marking  ] GC(383) Concurrent Mark
[2025-08-21T00:27:45.882+0000][1692266][info ][gc,marking  ] GC(383) Concurrent Mark From Roots
[2025-08-21T00:27:45.882+0000][1692266][info ][gc,task     ] GC(383) Using 1 workers of 1 for marking
[2025-08-21T00:27:45.977+0000][1692266][info ][gc,marking  ] GC(383) Concurrent Mark From Roots 95.461ms
[2025-08-21T00:27:45.977+0000][1692266][info ][gc,marking  ] GC(383) Concurrent Preclean
[2025-08-21T00:27:45.978+0000][1692266][info ][gc,marking  ] GC(383) Concurrent Preclean 0.330ms
[2025-08-21T00:27:45.978+0000][1692266][info ][gc,start    ] GC(383) Pause Remark
[2025-08-21T00:27:45.982+0000][1692266][info ][gc          ] GC(383) Pause Remark 87M->87M(512M) 3.983ms
[2025-08-21T00:27:45.982+0000][1692266][info ][gc,cpu      ] GC(383) User=0.00s Sys=0.00s Real=0.00s
[2025-08-21T00:27:45.982+0000][1692266][info ][safepoint   ] Safepoint "G1PauseRemark", Time since last: 100636250 ns, Reaching safepoint: 5979 ns, Cleanup: 2874 ns, At safepoint: 4027431 ns, Total: 4036284 ns
[2025-08-21T00:27:45.982+0000][1692266][info ][gc,marking  ] GC(383) Concurrent Mark 99.890ms
[2025-08-21T00:27:45.982+0000][1692266][info ][gc,marking  ] GC(383) Concurrent Rebuild Remembered Sets and Scrub Regions
[2025-08-21T00:27:46.030+0000][1692266][info ][gc,marking  ] GC(383) Concurrent Rebuild Remembered Sets and Scrub Regions 48.083ms
[2025-08-21T00:27:46.030+0000][1692266][info ][gc,start    ] GC(383) Pause Cleanup
[2025-08-21T00:27:46.030+0000][1692266][info ][gc          ] GC(383) Pause Cleanup 87M->87M(512M) 0.033ms
[2025-08-21T00:27:46.030+0000][1692266][info ][gc,cpu      ] GC(383) User=0.00s Sys=0.00s Real=0.00s
[2025-08-21T00:27:46.030+0000][1692266][info ][safepoint   ] Safepoint "G1PauseCleanup", Time since last: 48132721 ns, Reaching safepoint: 4076 ns, Cleanup: 1131 ns, At safepoint: 61483 ns, Total: 66690 ns
[2025-08-21T00:27:46.030+0000][1692266][info ][gc,marking  ] GC(383) Concurrent Clear Claimed Marks
[2025-08-21T00:27:46.030+0000][1692266][info ][gc,marking  ] GC(383) Concurrent Clear Claimed Marks 0.149ms
[2025-08-21T00:27:46.030+0000][1692266][info ][gc,marking  ] GC(383) Concurrent Cleanup for Next Mark
[2025-08-21T00:27:46.043+0000][1692266][info ][gc,marking  ] GC(383) Concurrent Cleanup for Next Mark 13.088ms
[2025-08-21T00:27:46.043+0000][1692266][info ][gc          ] GC(383) Concurrent Mark Cycle 161.833ms
[2025-08-21T00:35:09.839+0000][1692266][info ][gc,start    ] GC(384) Pause Young (Normal) (G1 Evacuation Pause)
[2025-08-21T00:35:09.839+0000][1692266][info ][gc,task     ] GC(384) Using 1 workers of 1 for evacuation
[2025-08-21T00:35:09.839+0000][1692266][debug][gc,age      ] GC(384) Desired survivor size 20971520 bytes, new threshold 15 (max threshold 15)
[2025-08-21T00:35:09.842+0000][1692266][info ][gc,phases   ] GC(384)   Pre Evacuate Collection Set: 0.0ms
[2025-08-21T00:35:09.842+0000][1692266][info ][gc,phases   ] GC(384)   Merge Heap Roots: 0.0ms
[2025-08-21T00:35:09.842+0000][1692266][info ][gc,phases   ] GC(384)   Evacuate Collection Set: 1.6ms
[2025-08-21T00:35:09.842+0000][1692266][info ][gc,phases   ] GC(384)   Post Evacuate Collection Set: 0.7ms
[2025-08-21T00:35:09.842+0000][1692266][info ][gc,phases   ] GC(384)   Other: 0.0ms
[2025-08-21T00:35:09.842+0000][1692266][trace][gc,age      ] GC(384) Age table with threshold 15 (max threshold 15)
[2025-08-21T00:35:09.842+0000][1692266][trace][gc,age      ] GC(384) - age   1:      15968 bytes,      15968 total
[2025-08-21T00:35:09.842+0000][1692266][trace][gc,age      ] GC(384) - age   2:        664 bytes,      16632 total
[2025-08-21T00:35:09.842+0000][1692266][trace][gc,age      ] GC(384) - age   6:        176 bytes,      16808 total
[2025-08-21T00:35:09.842+0000][1692266][info ][gc,heap     ] GC(384) Eden regions: 75->0(75)
[2025-08-21T00:35:09.842+0000][1692266][info ][gc,heap     ] GC(384) Survivor regions: 1->1(10)
[2025-08-21T00:35:09.842+0000][1692266][info ][gc,heap     ] GC(384) Old regions: 22->22
[2025-08-21T00:35:09.842+0000][1692266][info ][gc,heap     ] GC(384) Humongous regions: 0->0
[2025-08-21T00:35:09.842+0000][1692266][info ][gc,metaspace] GC(384) Metaspace: 142033K(148544K)->142033K(148544K) NonClass: 123076K(127104K)->123076K(127104K) Class: 18957K(21440K)->18957K(21440K)
[2025-08-21T00:35:09.842+0000][1692266][info ][gc          ] GC(384) Pause Young (Normal) (G1 Evacuation Pause) 387M->87M(512M) 2.707ms
[2025-08-21T00:35:09.842+0000][1692266][info ][gc,cpu      ] GC(384) User=0.00s Sys=0.00s Real=0.00s
[2025-08-21T00:35:09.842+0000][1692266][info ][safepoint   ] Safepoint "G1CollectForAllocation", Time since last: 443809006559 ns, Reaching safepoint: 9704 ns, Cleanup: 2324 ns, At safepoint: 2743513 ns, Total: 2755541 ns
[2025-08-21T00:42:34.302+0000][1692266][info ][gc,start    ] GC(385) Pause Young (Concurrent Start) (G1 Evacuation Pause)
[2025-08-21T00:42:34.303+0000][1692266][info ][gc,task     ] GC(385) Using 1 workers of 1 for evacuation
[2025-08-21T00:42:34.303+0000][1692266][debug][gc,age      ] GC(385) Desired survivor size 20971520 bytes, new threshold 15 (max threshold 15)
[2025-08-21T00:42:34.305+0000][1692266][info ][gc,phases   ] GC(385)   Pre Evacuate Collection Set: 0.1ms
[2025-08-21T00:42:34.305+0000][1692266][info ][gc,phases   ] GC(385)   Merge Heap Roots: 0.0ms
[2025-08-21T00:42:34.305+0000][1692266][info ][gc,phases   ] GC(385)   Evacuate Collection Set: 1.3ms
[2025-08-21T00:42:34.305+0000][1692266][info ][gc,phases   ] GC(385)   Post Evacuate Collection Set: 0.7ms
[2025-08-21T00:42:34.305+0000][1692266][info ][gc,phases   ] GC(385)   Other: 0.0ms
[2025-08-21T00:42:34.305+0000][1692266][trace][gc,age      ] GC(385) Age table with threshold 15 (max threshold 15)
[2025-08-21T00:42:34.305+0000][1692266][trace][gc,age      ] GC(385) - age   1:     121936 bytes,     121936 total
[2025-08-21T00:42:34.305+0000][1692266][trace][gc,age      ] GC(385) - age   2:        208 bytes,     122144 total
[2025-08-21T00:42:34.305+0000][1692266][trace][gc,age      ] GC(385) - age   7:        176 bytes,     122320 total
[2025-08-21T00:42:34.305+0000][1692266][info ][gc,heap     ] GC(385) Eden regions: 75->0(75)
[2025-08-21T00:42:34.305+0000][1692266][info ][gc,heap     ] GC(385) Survivor regions: 1->1(10)
[2025-08-21T00:42:34.305+0000][1692266][info ][gc,heap     ] GC(385) Old regions: 22->22
[2025-08-21T00:42:34.305+0000][1692266][info ][gc,heap     ] GC(385) Humongous regions: 0->0
[2025-08-21T00:42:34.305+0000][1692266][info ][gc,metaspace] GC(385) Metaspace: 142033K(148544K)->142033K(148544K) NonClass: 123076K(127104K)->123076K(127104K) Class: 18957K(21440K)->18957K(21440K)
[2025-08-21T00:42:34.305+0000][1692266][info ][gc          ] GC(385) Pause Young (Concurrent Start) (G1 Evacuation Pause) 387M->87M(512M) 2.767ms
[2025-08-21T00:42:34.305+0000][1692266][info ][gc,cpu      ] GC(385) User=0.00s Sys=0.00s Real=0.00s
[2025-08-21T00:42:34.305+0000][1692266][info ][safepoint   ] Safepoint "G1CollectForAllocation", Time since last: 444460304835 ns, Reaching safepoint: 9565 ns, Cleanup: 3445 ns, At safepoint: 2808070 ns, Total: 2821080 ns
[2025-08-21T00:42:34.311+0000][1692266][info ][gc          ] GC(386) Concurrent Mark Cycle
[2025-08-21T00:42:34.311+0000][1692266][info ][gc,marking  ] GC(386) Concurrent Scan Root Regions
[2025-08-21T00:42:34.313+0000][1692266][info ][gc,marking  ] GC(386) Concurrent Scan Root Regions 1.239ms
[2025-08-21T00:42:34.313+0000][1692266][info ][gc,marking  ] GC(386) Concurrent Mark
[2025-08-21T00:42:34.313+0000][1692266][info ][gc,marking  ] GC(386) Concurrent Mark From Roots
[2025-08-21T00:42:34.313+0000][1692266][info ][gc,task     ] GC(386) Using 1 workers of 1 for marking
[2025-08-21T00:42:34.408+0000][1692266][info ][gc,marking  ] GC(386) Concurrent Mark From Roots 95.377ms
[2025-08-21T00:42:34.408+0000][1692266][info ][gc,marking  ] GC(386) Concurrent Preclean
[2025-08-21T00:42:34.408+0000][1692266][info ][gc,marking  ] GC(386) Concurrent Preclean 0.318ms
[2025-08-21T00:42:34.408+0000][1692266][info ][gc,start    ] GC(386) Pause Remark
[2025-08-21T00:42:34.412+0000][1692266][info ][gc          ] GC(386) Pause Remark 89M->89M(512M) 4.005ms
[2025-08-21T00:42:34.412+0000][1692266][info ][gc,cpu      ] GC(386) User=0.01s Sys=0.00s Real=0.00s
[2025-08-21T00:42:34.412+0000][1692266][info ][safepoint   ] Safepoint "G1PauseRemark", Time since last: 103557470 ns, Reaching safepoint: 5458 ns, Cleanup: 2764 ns, At safepoint: 4048523 ns, Total: 4056745 ns
[2025-08-21T00:42:34.412+0000][1692266][info ][gc,marking  ] GC(386) Concurrent Mark 99.827ms
[2025-08-21T00:42:34.412+0000][1692266][info ][gc,marking  ] GC(386) Concurrent Rebuild Remembered Sets and Scrub Regions
[2025-08-21T00:42:34.464+0000][1692266][info ][gc,marking  ] GC(386) Concurrent Rebuild Remembered Sets and Scrub Regions 51.334ms
[2025-08-21T00:42:34.464+0000][1692266][info ][gc,start    ] GC(386) Pause Cleanup
[2025-08-21T00:42:34.464+0000][1692266][info ][gc          ] GC(386) Pause Cleanup 89M->89M(512M) 0.034ms
[2025-08-21T00:42:34.464+0000][1692266][info ][gc,cpu      ] GC(386) User=0.00s Sys=0.00s Real=0.00s
[2025-08-21T00:42:34.464+0000][1692266][info ][safepoint   ] Safepoint "G1PauseCleanup", Time since last: 51377850 ns, Reaching safepoint: 3776 ns, Cleanup: 1182 ns, At safepoint: 62244 ns, Total: 67202 ns
[2025-08-21T00:42:34.464+0000][1692266][info ][gc,marking  ] GC(386) Concurrent Clear Claimed Marks
[2025-08-21T00:42:34.464+0000][1692266][info ][gc,marking  ] GC(386) Concurrent Clear Claimed Marks 0.151ms
[2025-08-21T00:42:34.464+0000][1692266][info ][gc,marking  ] GC(386) Concurrent Cleanup for Next Mark
[2025-08-21T00:42:34.477+0000][1692266][info ][gc,marking  ] GC(386) Concurrent Cleanup for Next Mark 12.553ms
[2025-08-21T00:42:34.477+0000][1692266][info ][gc          ] GC(386) Concurrent Mark Cycle 165.250ms
[2025-08-21T00:49:58.588+0000][1692266][info ][gc,start    ] GC(387) Pause Young (Normal) (G1 Evacuation Pause)
[2025-08-21T00:49:58.588+0000][1692266][info ][gc,task     ] GC(387) Using 1 workers of 1 for evacuation
[2025-08-21T00:49:58.588+0000][1692266][debug][gc,age      ] GC(387) Desired survivor size 20971520 bytes, new threshold 15 (max threshold 15)
[2025-08-21T00:49:58.591+0000][1692266][info ][gc,phases   ] GC(387)   Pre Evacuate Collection Set: 0.1ms
[2025-08-21T00:49:58.591+0000][1692266][info ][gc,phases   ] GC(387)   Merge Heap Roots: 0.0ms
[2025-08-21T00:49:58.591+0000][1692266][info ][gc,phases   ] GC(387)   Evacuate Collection Set: 1.8ms
[2025-08-21T00:49:58.591+0000][1692266][info ][gc,phases   ] GC(387)   Post Evacuate Collection Set: 0.7ms
[2025-08-21T00:49:58.591+0000][1692266][info ][gc,phases   ] GC(387)   Other: 0.0ms
[2025-08-21T00:49:58.591+0000][1692266][trace][gc,age      ] GC(387) Age table with threshold 15 (max threshold 15)
[2025-08-21T00:49:58.591+0000][1692266][trace][gc,age      ] GC(387) - age   1:     137672 bytes,     137672 total
[2025-08-21T00:49:58.591+0000][1692266][trace][gc,age      ] GC(387) - age   2:       1104 bytes,     138776 total
[2025-08-21T00:49:58.591+0000][1692266][trace][gc,age      ] GC(387) - age   3:        208 bytes,     138984 total
[2025-08-21T00:49:58.591+0000][1692266][trace][gc,age      ] GC(387) - age   8:        176 bytes,     139160 total
[2025-08-21T00:49:58.591+0000][1692266][info ][gc,heap     ] GC(387) Eden regions: 75->0(75)
[2025-08-21T00:49:58.591+0000][1692266][info ][gc,heap     ] GC(387) Survivor regions: 1->1(10)
[2025-08-21T00:49:58.591+0000][1692266][info ][gc,heap     ] GC(387) Old regions: 22->22
[2025-08-21T00:49:58.591+0000][1692266][info ][gc,heap     ] GC(387) Humongous regions: 0->0
[2025-08-21T00:49:58.591+0000][1692266][info ][gc,metaspace] GC(387) Metaspace: 142033K(148544K)->142033K(148544K) NonClass: 123076K(127104K)->123076K(127104K) Class: 18957K(21440K)->18957K(21440K)
[2025-08-21T00:49:58.591+0000][1692266][info ][gc          ] GC(387) Pause Young (Normal) (G1 Evacuation Pause) 387M->87M(512M) 3.207ms
[2025-08-21T00:49:58.591+0000][1692266][info ][gc,cpu      ] GC(387) User=0.00s Sys=0.00s Real=0.00s
[2025-08-21T00:49:58.591+0000][1692266][info ][safepoint   ] Safepoint "G1CollectForAllocation", Time since last: 444123813267 ns, Reaching safepoint: 10155 ns, Cleanup: 3335 ns, At safepoint: 3246172 ns, Total: 3259662 ns
[2025-08-21T00:57:04.640+0000][1692266][info ][safepoint   ] Safepoint "Cleanup", Time since last: 426048917969 ns, Reaching safepoint: 71818 ns, Cleanup: 10066 ns, At safepoint: 4997 ns, Total: 86881 ns
[2025-08-21T00:57:21.808+0000][1692266][info ][gc,start    ] GC(388) Pause Young (Concurrent Start) (G1 Evacuation Pause)
[2025-08-21T00:57:21.808+0000][1692266][info ][gc,task     ] GC(388) Using 1 workers of 1 for evacuation
[2025-08-21T00:57:21.808+0000][1692266][debug][gc,age      ] GC(388) Desired survivor size 20971520 bytes, new threshold 15 (max threshold 15)
[2025-08-21T00:57:21.810+0000][1692266][info ][gc,phases   ] GC(388)   Pre Evacuate Collection Set: 0.1ms
[2025-08-21T00:57:21.810+0000][1692266][info ][gc,phases   ] GC(388)   Merge Heap Roots: 0.0ms
[2025-08-21T00:57:21.810+0000][1692266][info ][gc,phases   ] GC(388)   Evacuate Collection Set: 1.2ms
[2025-08-21T00:57:21.810+0000][1692266][info ][gc,phases   ] GC(388)   Post Evacuate Collection Set: 0.7ms
[2025-08-21T00:57:21.810+0000][1692266][info ][gc,phases   ] GC(388)   Other: 0.0ms
[2025-08-21T00:57:21.810+0000][1692266][trace][gc,age      ] GC(388) Age table with threshold 15 (max threshold 15)
[2025-08-21T00:57:21.810+0000][1692266][trace][gc,age      ] GC(388) - age   1:      15472 bytes,      15472 total
[2025-08-21T00:57:21.810+0000][1692266][trace][gc,age      ] GC(388) - age   4:        208 bytes,      15680 total
[2025-08-21T00:57:21.810+0000][1692266][info ][gc,heap     ] GC(388) Eden regions: 75->0(75)
[2025-08-21T00:57:21.810+0000][1692266][info ][gc,heap     ] GC(388) Survivor regions: 1->1(10)
[2025-08-21T00:57:21.810+0000][1692266][info ][gc,heap     ] GC(388) Old regions: 22->22
[2025-08-21T00:57:21.810+0000][1692266][info ][gc,heap     ] GC(388) Humongous regions: 0->0
[2025-08-21T00:57:21.810+0000][1692266][info ][gc,metaspace] GC(388) Metaspace: 142033K(148544K)->142033K(148544K) NonClass: 123076K(127104K)->123076K(127104K) Class: 18957K(21440K)->18957K(21440K)
[2025-08-21T00:57:21.810+0000][1692266][info ][gc          ] GC(388) Pause Young (Concurrent Start) (G1 Evacuation Pause) 387M->87M(512M) 2.101ms
[2025-08-21T00:57:21.810+0000][1692266][info ][gc,cpu      ] GC(388) User=0.00s Sys=0.00s Real=0.00s
[2025-08-21T00:57:21.810+0000][1692266][info ][safepoint   ] Safepoint "G1CollectForAllocation", Time since last: 17167746332 ns, Reaching safepoint: 8313 ns, Cleanup: 3285 ns, At safepoint: 2139751 ns, Total: 2151349 ns
[2025-08-21T00:57:21.816+0000][1692266][info ][gc          ] GC(389) Concurrent Mark Cycle
[2025-08-21T00:57:21.816+0000][1692266][info ][gc,marking  ] GC(389) Concurrent Scan Root Regions
[2025-08-21T00:57:21.817+0000][1692266][info ][gc,marking  ] GC(389) Concurrent Scan Root Regions 0.430ms
[2025-08-21T00:57:21.817+0000][1692266][info ][gc,marking  ] GC(389) Concurrent Mark
[2025-08-21T00:57:21.817+0000][1692266][info ][gc,marking  ] GC(389) Concurrent Mark From Roots
[2025-08-21T00:57:21.817+0000][1692266][info ][gc,task     ] GC(389) Using 1 workers of 1 for marking
[2025-08-21T00:57:21.919+0000][1692266][info ][gc,marking  ] GC(389) Concurrent Mark From Roots 101.986ms
[2025-08-21T00:57:21.919+0000][1692266][info ][gc,marking  ] GC(389) Concurrent Preclean
[2025-08-21T00:57:21.919+0000][1692266][info ][gc,marking  ] GC(389) Concurrent Preclean 0.295ms
[2025-08-21T00:57:21.919+0000][1692266][info ][gc,start    ] GC(389) Pause Remark
[2025-08-21T00:57:21.923+0000][1692266][info ][gc          ] GC(389) Pause Remark 87M->87M(512M) 3.996ms
[2025-08-21T00:57:21.923+0000][1692266][info ][gc,cpu      ] GC(389) User=0.00s Sys=0.00s Real=0.00s
[2025-08-21T00:57:21.923+0000][1692266][info ][safepoint   ] Safepoint "G1PauseRemark", Time since last: 109288201 ns, Reaching safepoint: 5759 ns, Cleanup: 3085 ns, At safepoint: 4039790 ns, Total: 4048634 ns
[2025-08-21T00:57:21.923+0000][1692266][info ][gc,marking  ] GC(389) Concurrent Mark 106.395ms
[2025-08-21T00:57:21.923+0000][1692266][info ][gc,marking  ] GC(389) Concurrent Rebuild Remembered Sets and Scrub Regions
[2025-08-21T00:57:21.966+0000][1692266][info ][gc,marking  ] GC(389) Concurrent Rebuild Remembered Sets and Scrub Regions 42.613ms
[2025-08-21T00:57:21.966+0000][1692266][info ][gc,start    ] GC(389) Pause Cleanup
[2025-08-21T00:57:21.966+0000][1692266][info ][gc          ] GC(389) Pause Cleanup 87M->87M(512M) 0.031ms
[2025-08-21T00:57:21.966+0000][1692266][info ][gc,cpu      ] GC(389) User=0.00s Sys=0.00s Real=0.00s
[2025-08-21T00:57:21.966+0000][1692266][info ][safepoint   ] Safepoint "G1PauseCleanup", Time since last: 42658733 ns, Reaching safepoint: 4026 ns, Cleanup: 1101 ns, At safepoint: 56456 ns, Total: 61583 ns
[2025-08-21T00:57:21.966+0000][1692266][info ][gc,marking  ] GC(389) Concurrent Clear Claimed Marks
[2025-08-21T00:57:21.966+0000][1692266][info ][gc,marking  ] GC(389) Concurrent Clear Claimed Marks 0.150ms
[2025-08-21T00:57:21.966+0000][1692266][info ][gc,marking  ] GC(389) Concurrent Cleanup for Next Mark
[2025-08-21T00:57:21.979+0000][1692266][info ][gc,marking  ] GC(389) Concurrent Cleanup for Next Mark 12.540ms
[2025-08-21T00:57:21.979+0000][1692266][info ][gc          ] GC(389) Concurrent Mark Cycle 162.269ms
[2025-08-21T01:04:46.879+0000][1692266][info ][gc,start    ] GC(390) Pause Young (Normal) (G1 Evacuation Pause)
[2025-08-21T01:04:46.880+0000][1692266][info ][gc,task     ] GC(390) Using 1 workers of 1 for evacuation
[2025-08-21T01:04:46.880+0000][1692266][debug][gc,age      ] GC(390) Desired survivor size 20971520 bytes, new threshold 15 (max threshold 15)
[2025-08-21T01:04:46.882+0000][1692266][info ][gc,phases   ] GC(390)   Pre Evacuate Collection Set: 0.0ms
[2025-08-21T01:04:46.882+0000][1692266][info ][gc,phases   ] GC(390)   Merge Heap Roots: 0.0ms
[2025-08-21T01:04:46.882+0000][1692266][info ][gc,phases   ] GC(390)   Evacuate Collection Set: 1.6ms
[2025-08-21T01:04:46.882+0000][1692266][info ][gc,phases   ] GC(390)   Post Evacuate Collection Set: 0.8ms
[2025-08-21T01:04:46.882+0000][1692266][info ][gc,phases   ] GC(390)   Other: 0.0ms
[2025-08-21T01:04:46.882+0000][1692266][trace][gc,age      ] GC(390) Age table with threshold 15 (max threshold 15)
[2025-08-21T01:04:46.882+0000][1692266][trace][gc,age      ] GC(390) - age   1:      15232 bytes,      15232 total
[2025-08-21T01:04:46.882+0000][1692266][trace][gc,age      ] GC(390) - age   2:        840 bytes,      16072 total
[2025-08-21T01:04:46.882+0000][1692266][trace][gc,age      ] GC(390) - age   5:        208 bytes,      16280 total
[2025-08-21T01:04:46.882+0000][1692266][info ][gc,heap     ] GC(390) Eden regions: 75->0(75)
[2025-08-21T01:04:46.882+0000][1692266][info ][gc,heap     ] GC(390) Survivor regions: 1->1(10)
[2025-08-21T01:04:46.882+0000][1692266][info ][gc,heap     ] GC(390) Old regions: 22->22
[2025-08-21T01:04:46.882+0000][1692266][info ][gc,heap     ] GC(390) Humongous regions: 0->0
[2025-08-21T01:04:46.882+0000][1692266][info ][gc,metaspace] GC(390) Metaspace: 142034K(148544K)->142034K(148544K) NonClass: 123076K(127104K)->123076K(127104K) Class: 18957K(21440K)->18957K(21440K)
[2025-08-21T01:04:46.882+0000][1692266][info ][gc          ] GC(390) Pause Young (Normal) (G1 Evacuation Pause) 387M->87M(512M) 3.044ms
[2025-08-21T01:04:46.882+0000][1692266][info ][gc,cpu      ] GC(390) User=0.00s Sys=0.00s Real=0.00s
[2025-08-21T01:04:46.882+0000][1692266][info ][safepoint   ] Safepoint "G1CollectForAllocation", Time since last: 444913128130 ns, Reaching safepoint: 8363 ns, Cleanup: 3285 ns, At safepoint: 3081333 ns, Total: 3092981 ns
[2025-08-21T01:12:11.055+0000][1692266][info ][gc,start    ] GC(391) Pause Young (Concurrent Start) (G1 Evacuation Pause)
[2025-08-21T01:12:11.055+0000][1692266][info ][gc,task     ] GC(391) Using 1 workers of 1 for evacuation
[2025-08-21T01:12:11.055+0000][1692266][debug][gc,age      ] GC(391) Desired survivor size 20971520 bytes, new threshold 15 (max threshold 15)
[2025-08-21T01:12:11.057+0000][1692266][info ][gc,phases   ] GC(391)   Pre Evacuate Collection Set: 0.1ms
[2025-08-21T01:12:11.057+0000][1692266][info ][gc,phases   ] GC(391)   Merge Heap Roots: 0.0ms
[2025-08-21T01:12:11.057+0000][1692266][info ][gc,phases   ] GC(391)   Evacuate Collection Set: 1.3ms
[2025-08-21T01:12:11.057+0000][1692266][info ][gc,phases   ] GC(391)   Post Evacuate Collection Set: 0.7ms
[2025-08-21T01:12:11.057+0000][1692266][info ][gc,phases   ] GC(391)   Other: 0.0ms
[2025-08-21T01:12:11.057+0000][1692266][trace][gc,age      ] GC(391) Age table with threshold 15 (max threshold 15)
[2025-08-21T01:12:11.057+0000][1692266][trace][gc,age      ] GC(391) - age   1:      28360 bytes,      28360 total
[2025-08-21T01:12:11.057+0000][1692266][trace][gc,age      ] GC(391) - age   2:        216 bytes,      28576 total
[2025-08-21T01:12:11.057+0000][1692266][trace][gc,age      ] GC(391) - age   3:        176 bytes,      28752 total
[2025-08-21T01:12:11.057+0000][1692266][trace][gc,age      ] GC(391) - age   6:        208 bytes,      28960 total
[2025-08-21T01:12:11.057+0000][1692266][info ][gc,heap     ] GC(391) Eden regions: 75->0(75)
[2025-08-21T01:12:11.057+0000][1692266][info ][gc,heap     ] GC(391) Survivor regions: 1->1(10)
[2025-08-21T01:12:11.057+0000][1692266][info ][gc,heap     ] GC(391) Old regions: 22->22
[2025-08-21T01:12:11.057+0000][1692266][info ][gc,heap     ] GC(391) Humongous regions: 0->0
[2025-08-21T01:12:11.057+0000][1692266][info ][gc,metaspace] GC(391) Metaspace: 142034K(148544K)->142034K(148544K) NonClass: 123076K(127104K)->123076K(127104K) Class: 18957K(21440K)->18957K(21440K)
[2025-08-21T01:12:11.057+0000][1692266][info ][gc          ] GC(391) Pause Young (Concurrent Start) (G1 Evacuation Pause) 387M->87M(512M) 2.313ms
[2025-08-21T01:12:11.057+0000][1692266][info ][gc,cpu      ] GC(391) User=0.00s Sys=0.00s Real=0.01s
[2025-08-21T01:12:11.057+0000][1692266][info ][safepoint   ] Safepoint "G1CollectForAllocation", Time since last: 444172693953 ns, Reaching safepoint: 8233 ns, Cleanup: 2614 ns, At safepoint: 2351621 ns, Total: 2362468 ns
[2025-08-21T01:12:11.063+0000][1692266][info ][gc          ] GC(392) Concurrent Mark Cycle
[2025-08-21T01:12:11.063+0000][1692266][info ][gc,marking  ] GC(392) Concurrent Scan Root Regions
[2025-08-21T01:12:11.064+0000][1692266][info ][gc,marking  ] GC(392) Concurrent Scan Root Regions 1.582ms
[2025-08-21T01:12:11.064+0000][1692266][info ][gc,marking  ] GC(392) Concurrent Mark
[2025-08-21T01:12:11.064+0000][1692266][info ][gc,marking  ] GC(392) Concurrent Mark From Roots
[2025-08-21T01:12:11.064+0000][1692266][info ][gc,task     ] GC(392) Using 1 workers of 1 for marking
[2025-08-21T01:12:11.170+0000][1692266][info ][gc,marking  ] GC(392) Concurrent Mark From Roots 105.847ms
[2025-08-21T01:12:11.170+0000][1692266][info ][gc,marking  ] GC(392) Concurrent Preclean
[2025-08-21T01:12:11.170+0000][1692266][info ][gc,marking  ] GC(392) Concurrent Preclean 0.262ms
[2025-08-21T01:12:11.171+0000][1692266][info ][gc,start    ] GC(392) Pause Remark
[2025-08-21T01:12:11.174+0000][1692266][info ][gc          ] GC(392) Pause Remark 89M->89M(512M) 3.947ms
[2025-08-21T01:12:11.175+0000][1692266][info ][gc,cpu      ] GC(392) User=0.00s Sys=0.00s Real=0.00s
[2025-08-21T01:12:11.175+0000][1692266][info ][safepoint   ] Safepoint "G1PauseRemark", Time since last: 113338529 ns, Reaching safepoint: 5889 ns, Cleanup: 2915 ns, At safepoint: 4004626 ns, Total: 4013430 ns
[2025-08-21T01:12:11.175+0000][1692266][info ][gc,marking  ] GC(392) Concurrent Mark 110.200ms
[2025-08-21T01:12:11.175+0000][1692266][info ][gc,marking  ] GC(392) Concurrent Rebuild Remembered Sets and Scrub Regions
[2025-08-21T01:12:11.219+0000][1692266][info ][gc,marking  ] GC(392) Concurrent Rebuild Remembered Sets and Scrub Regions 44.485ms
[2025-08-21T01:12:11.219+0000][1692266][info ][gc,start    ] GC(392) Pause Cleanup
[2025-08-21T01:12:11.219+0000][1692266][info ][gc          ] GC(392) Pause Cleanup 91M->91M(512M) 0.035ms
[2025-08-21T01:12:11.219+0000][1692266][info ][gc,cpu      ] GC(392) User=0.00s Sys=0.00s Real=0.00s
[2025-08-21T01:12:11.219+0000][1692266][info ][safepoint   ] Safepoint "G1PauseCleanup", Time since last: 44535048 ns, Reaching safepoint: 4106 ns, Cleanup: 1612 ns, At safepoint: 62184 ns, Total: 67902 ns
[2025-08-21T01:12:11.219+0000][1692266][info ][gc,marking  ] GC(392) Concurrent Clear Claimed Marks
[2025-08-21T01:12:11.219+0000][1692266][info ][gc,marking  ] GC(392) Concurrent Clear Claimed Marks 0.151ms
[2025-08-21T01:12:11.219+0000][1692266][info ][gc,marking  ] GC(392) Concurrent Cleanup for Next Mark
[2025-08-21T01:12:11.232+0000][1692266][info ][gc,marking  ] GC(392) Concurrent Cleanup for Next Mark 12.326ms
[2025-08-21T01:12:11.232+0000][1692266][info ][gc          ] GC(392) Concurrent Mark Cycle 168.898ms
[2025-08-21T01:19:35.024+0000][1692266][info ][gc,start    ] GC(393) Pause Young (Normal) (G1 Evacuation Pause)
[2025-08-21T01:19:35.025+0000][1692266][info ][gc,task     ] GC(393) Using 1 workers of 1 for evacuation
[2025-08-21T01:19:35.025+0000][1692266][debug][gc,age      ] GC(393) Desired survivor size 20971520 bytes, new threshold 15 (max threshold 15)
[2025-08-21T01:19:35.027+0000][1692266][info ][gc,phases   ] GC(393)   Pre Evacuate Collection Set: 0.0ms
[2025-08-21T01:19:35.027+0000][1692266][info ][gc,phases   ] GC(393)   Merge Heap Roots: 0.0ms
[2025-08-21T01:19:35.027+0000][1692266][info ][gc,phases   ] GC(393)   Evacuate Collection Set: 1.6ms
[2025-08-21T01:19:35.027+0000][1692266][info ][gc,phases   ] GC(393)   Post Evacuate Collection Set: 0.8ms
[2025-08-21T01:19:35.027+0000][1692266][info ][gc,phases   ] GC(393)   Other: 0.0ms
[2025-08-21T01:19:35.027+0000][1692266][trace][gc,age      ] GC(393) Age table with threshold 15 (max threshold 15)
[2025-08-21T01:19:35.027+0000][1692266][trace][gc,age      ] GC(393) - age   1:      14216 bytes,      14216 total
[2025-08-21T01:19:35.027+0000][1692266][trace][gc,age      ] GC(393) - age   2:       1104 bytes,      15320 total
[2025-08-21T01:19:35.027+0000][1692266][trace][gc,age      ] GC(393) - age   3:        192 bytes,      15512 total
[2025-08-21T01:19:35.027+0000][1692266][trace][gc,age      ] GC(393) - age   4:        176 bytes,      15688 total
[2025-08-21T01:19:35.027+0000][1692266][trace][gc,age      ] GC(393) - age   7:        208 bytes,      15896 total
[2025-08-21T01:19:35.027+0000][1692266][info ][gc,heap     ] GC(393) Eden regions: 75->0(75)
[2025-08-21T01:19:35.027+0000][1692266][info ][gc,heap     ] GC(393) Survivor regions: 1->1(10)
[2025-08-21T01:19:35.027+0000][1692266][info ][gc,heap     ] GC(393) Old regions: 22->22
[2025-08-21T01:19:35.027+0000][1692266][info ][gc,heap     ] GC(393) Humongous regions: 0->0
[2025-08-21T01:19:35.027+0000][1692266][info ][gc,metaspace] GC(393) Metaspace: 142034K(148544K)->142034K(148544K) NonClass: 123076K(127104K)->123076K(127104K) Class: 18957K(21440K)->18957K(21440K)
[2025-08-21T01:19:35.027+0000][1692266][info ][gc          ] GC(393) Pause Young (Normal) (G1 Evacuation Pause) 387M->87M(512M) 3.070ms
[2025-08-21T01:19:35.027+0000][1692266][info ][gc,cpu      ] GC(393) User=0.01s Sys=0.00s Real=0.01s
[2025-08-21T01:19:35.027+0000][1692266][info ][safepoint   ] Safepoint "G1CollectForAllocation", Time since last: 443804829859 ns, Reaching safepoint: 10196 ns, Cleanup: 3275 ns, At safepoint: 3106941 ns, Total: 3120412 ns
[2025-08-21T01:26:59.094+0000][1692266][info ][gc,start    ] GC(394) Pause Young (Concurrent Start) (G1 Evacuation Pause)
[2025-08-21T01:26:59.095+0000][1692266][info ][gc,task     ] GC(394) Using 1 workers of 1 for evacuation
[2025-08-21T01:26:59.095+0000][1692266][debug][gc,age      ] GC(394) Desired survivor size 20971520 bytes, new threshold 15 (max threshold 15)
[2025-08-21T01:26:59.097+0000][1692266][info ][gc,phases   ] GC(394)   Pre Evacuate Collection Set: 0.1ms
[2025-08-21T01:26:59.097+0000][1692266][info ][gc,phases   ] GC(394)   Merge Heap Roots: 0.0ms
[2025-08-21T01:26:59.097+0000][1692266][info ][gc,phases   ] GC(394)   Evacuate Collection Set: 1.3ms
[2025-08-21T01:26:59.097+0000][1692266][info ][gc,phases   ] GC(394)   Post Evacuate Collection Set: 0.7ms
[2025-08-21T01:26:59.097+0000][1692266][info ][gc,phases   ] GC(394)   Other: 0.0ms
[2025-08-21T01:26:59.097+0000][1692266][trace][gc,age      ] GC(394) Age table with threshold 15 (max threshold 15)
[2025-08-21T01:26:59.097+0000][1692266][trace][gc,age      ] GC(394) - age   1:      51544 bytes,      51544 total
[2025-08-21T01:26:59.097+0000][1692266][trace][gc,age      ] GC(394) - age   4:        192 bytes,      51736 total
[2025-08-21T01:26:59.097+0000][1692266][trace][gc,age      ] GC(394) - age   5:        176 bytes,      51912 total
[2025-08-21T01:26:59.097+0000][1692266][trace][gc,age      ] GC(394) - age   8:        208 bytes,      52120 total
[2025-08-21T01:26:59.097+0000][1692266][info ][gc,heap     ] GC(394) Eden regions: 75->0(75)
[2025-08-21T01:26:59.097+0000][1692266][info ][gc,heap     ] GC(394) Survivor regions: 1->1(10)
[2025-08-21T01:26:59.097+0000][1692266][info ][gc,heap     ] GC(394) Old regions: 22->22
[2025-08-21T01:26:59.097+0000][1692266][info ][gc,heap     ] GC(394) Humongous regions: 0->0
[2025-08-21T01:26:59.097+0000][1692266][info ][gc,metaspace] GC(394) Metaspace: 142034K(148544K)->142034K(148544K) NonClass: 123076K(127104K)->123076K(127104K) Class: 18957K(21440K)->18957K(21440K)
[2025-08-21T01:26:59.097+0000][1692266][info ][gc          ] GC(394) Pause Young (Concurrent Start) (G1 Evacuation Pause) 387M->87M(512M) 2.580ms
[2025-08-21T01:26:59.097+0000][1692266][info ][gc,cpu      ] GC(394) User=0.00s Sys=0.00s Real=0.01s
[2025-08-21T01:26:59.097+0000][1692266][info ][safepoint   ] Safepoint "G1CollectForAllocation", Time since last: 444067135667 ns, Reaching safepoint: 9754 ns, Cleanup: 3536 ns, At safepoint: 2621268 ns, Total: 2634558 ns
[2025-08-21T01:26:59.102+0000][1692266][info ][gc          ] GC(395) Concurrent Mark Cycle
[2025-08-21T01:26:59.102+0000][1692266][info ][gc,marking  ] GC(395) Concurrent Scan Root Regions
[2025-08-21T01:26:59.104+0000][1692266][info ][gc,marking  ] GC(395) Concurrent Scan Root Regions 1.681ms
[2025-08-21T01:26:59.104+0000][1692266][info ][gc,marking  ] GC(395) Concurrent Mark
[2025-08-21T01:26:59.104+0000][1692266][info ][gc,marking  ] GC(395) Concurrent Mark From Roots
[2025-08-21T01:26:59.104+0000][1692266][info ][gc,task     ] GC(395) Using 1 workers of 1 for marking
[2025-08-21T01:26:59.210+0000][1692266][info ][gc,marking  ] GC(395) Concurrent Mark From Roots 105.660ms
[2025-08-21T01:26:59.210+0000][1692266][info ][gc,marking  ] GC(395) Concurrent Preclean
[2025-08-21T01:26:59.210+0000][1692266][info ][gc,marking  ] GC(395) Concurrent Preclean 0.300ms
[2025-08-21T01:26:59.210+0000][1692266][info ][gc,start    ] GC(395) Pause Remark
[2025-08-21T01:26:59.214+0000][1692266][info ][gc          ] GC(395) Pause Remark 90M->90M(512M) 4.048ms
[2025-08-21T01:26:59.214+0000][1692266][info ][gc,cpu      ] GC(395) User=0.01s Sys=0.00s Real=0.00s
[2025-08-21T01:26:59.214+0000][1692266][info ][safepoint   ] Safepoint "G1PauseRemark", Time since last: 113218091 ns, Reaching safepoint: 6019 ns, Cleanup: 2905 ns, At safepoint: 4092970 ns, Total: 4101894 ns
[2025-08-21T01:26:59.214+0000][1692266][info ][gc,marking  ] GC(395) Concurrent Mark 110.135ms
[2025-08-21T01:26:59.214+0000][1692266][info ][gc,marking  ] GC(395) Concurrent Rebuild Remembered Sets and Scrub Regions
[2025-08-21T01:26:59.263+0000][1692266][info ][gc,marking  ] GC(395) Concurrent Rebuild Remembered Sets and Scrub Regions 48.697ms
[2025-08-21T01:26:59.263+0000][1692266][info ][gc,start    ] GC(395) Pause Cleanup
[2025-08-21T01:26:59.263+0000][1692266][info ][gc          ] GC(395) Pause Cleanup 90M->90M(512M) 0.037ms
[2025-08-21T01:26:59.263+0000][1692266][info ][gc,cpu      ] GC(395) User=0.00s Sys=0.00s Real=0.00s
[2025-08-21T01:26:59.263+0000][1692266][info ][safepoint   ] Safepoint "G1PauseCleanup", Time since last: 48747240 ns, Reaching safepoint: 4216 ns, Cleanup: 1282 ns, At safepoint: 62745 ns, Total: 68243 ns
[2025-08-21T01:26:59.263+0000][1692266][info ][gc,marking  ] GC(395) Concurrent Clear Claimed Marks
[2025-08-21T01:26:59.263+0000][1692266][info ][gc,marking  ] GC(395) Concurrent Clear Claimed Marks 0.154ms
[2025-08-21T01:26:59.263+0000][1692266][info ][gc,marking  ] GC(395) Concurrent Cleanup for Next Mark
[2025-08-21T01:26:59.264+0000][1692266][info ][gc,marking  ] GC(395) Concurrent Cleanup for Next Mark 0.552ms
[2025-08-21T01:26:59.264+0000][1692266][info ][gc          ] GC(395) Concurrent Mark Cycle 161.370ms
[2025-08-21T01:30:00.274+0000][1692266][info ][safepoint   ] Safepoint "Cleanup", Time since last: 181010601783 ns, Reaching safepoint: 44006 ns, Cleanup: 13701 ns, At safepoint: 2363 ns, Total: 60070 ns
[2025-08-21T01:31:59.281+0000][1692266][info ][safepoint   ] Safepoint "Cleanup", Time since last: 119007410340 ns, Reaching safepoint: 7631 ns, Cleanup: 13411 ns, At safepoint: 2373 ns, Total: 23415 ns
[2025-08-21T01:34:22.360+0000][1692266][info ][gc,start    ] GC(396) Pause Young (Normal) (G1 Evacuation Pause)
[2025-08-21T01:34:22.360+0000][1692266][info ][gc,task     ] GC(396) Using 1 workers of 1 for evacuation
[2025-08-21T01:34:22.360+0000][1692266][debug][gc,age      ] GC(396) Desired survivor size 20971520 bytes, new threshold 15 (max threshold 15)
[2025-08-21T01:34:22.364+0000][1692266][info ][gc,phases   ] GC(396)   Pre Evacuate Collection Set: 0.1ms
[2025-08-21T01:34:22.364+0000][1692266][info ][gc,phases   ] GC(396)   Merge Heap Roots: 0.1ms
[2025-08-21T01:34:22.364+0000][1692266][info ][gc,phases   ] GC(396)   Evacuate Collection Set: 1.7ms
[2025-08-21T01:34:22.364+0000][1692266][info ][gc,phases   ] GC(396)   Post Evacuate Collection Set: 1.5ms
[2025-08-21T01:34:22.364+0000][1692266][info ][gc,phases   ] GC(396)   Other: 0.0ms
[2025-08-21T01:34:22.364+0000][1692266][trace][gc,age      ] GC(396) Age table with threshold 15 (max threshold 15)
[2025-08-21T01:34:22.364+0000][1692266][trace][gc,age      ] GC(396) - age   1:      24192 bytes,      24192 total
[2025-08-21T01:34:22.364+0000][1692266][trace][gc,age      ] GC(396) - age   2:        664 bytes,      24856 total
[2025-08-21T01:34:22.364+0000][1692266][trace][gc,age      ] GC(396) - age   5:        192 bytes,      25048 total
[2025-08-21T01:34:22.364+0000][1692266][trace][gc,age      ] GC(396) - age   6:        176 bytes,      25224 total
[2025-08-21T01:34:22.364+0000][1692266][trace][gc,age      ] GC(396) - age   9:        208 bytes,      25432 total
[2025-08-21T01:34:22.364+0000][1692266][info ][gc,heap     ] GC(396) Eden regions: 75->0(75)
[2025-08-21T01:34:22.364+0000][1692266][info ][gc,heap     ] GC(396) Survivor regions: 1->1(10)
[2025-08-21T01:34:22.364+0000][1692266][info ][gc,heap     ] GC(396) Old regions: 22->22
[2025-08-21T01:34:22.364+0000][1692266][info ][gc,heap     ] GC(396) Humongous regions: 0->0
[2025-08-21T01:34:22.364+0000][1692266][info ][gc,metaspace] GC(396) Metaspace: 142034K(148544K)->142034K(148544K) NonClass: 123076K(127104K)->123076K(127104K) Class: 18957K(21440K)->18957K(21440K)
[2025-08-21T01:34:22.364+0000][1692266][info ][gc          ] GC(396) Pause Young (Normal) (G1 Evacuation Pause) 387M->87M(512M) 3.591ms
[2025-08-21T01:34:22.364+0000][1692266][info ][gc,cpu      ] GC(396) User=0.01s Sys=0.00s Real=0.00s
[2025-08-21T01:34:22.364+0000][1692266][info ][safepoint   ] Safepoint "G1CollectForAllocation", Time since last: 143078908353 ns, Reaching safepoint: 5679 ns, Cleanup: 2503 ns, At safepoint: 3630182 ns, Total: 3638364 ns
[2025-08-21T01:38:00.376+0000][1692266][info ][safepoint   ] Safepoint "Cleanup", Time since last: 218012688478 ns, Reaching safepoint: 74853 ns, Cleanup: 31347 ns, At safepoint: 2134 ns, Total: 108334 ns
[2025-08-21T01:40:57.387+0000][1692266][info ][safepoint   ] Safepoint "Cleanup", Time since last: 177010779843 ns, Reaching safepoint: 7401 ns, Cleanup: 12619 ns, At safepoint: 68383 ns, Total: 88403 ns
[2025-08-21T01:41:45.250+0000][1692266][info ][gc,start    ] GC(397) Pause Young (Concurrent Start) (G1 Evacuation Pause)
[2025-08-21T01:41:45.250+0000][1692266][info ][gc,task     ] GC(397) Using 1 workers of 1 for evacuation
[2025-08-21T01:41:45.250+0000][1692266][debug][gc,age      ] GC(397) Desired survivor size 20971520 bytes, new threshold 15 (max threshold 15)
[2025-08-21T01:41:45.253+0000][1692266][info ][gc,phases   ] GC(397)   Pre Evacuate Collection Set: 0.1ms
[2025-08-21T01:41:45.253+0000][1692266][info ][gc,phases   ] GC(397)   Merge Heap Roots: 0.0ms
[2025-08-21T01:41:45.253+0000][1692266][info ][gc,phases   ] GC(397)   Evacuate Collection Set: 1.3ms
[2025-08-21T01:41:45.253+0000][1692266][info ][gc,phases   ] GC(397)   Post Evacuate Collection Set: 0.7ms
[2025-08-21T01:41:45.253+0000][1692266][info ][gc,phases   ] GC(397)   Other: 0.0ms
[2025-08-21T01:41:45.253+0000][1692266][trace][gc,age      ] GC(397) Age table with threshold 15 (max threshold 15)
[2025-08-21T01:41:45.253+0000][1692266][trace][gc,age      ] GC(397) - age   1:      62936 bytes,      62936 total
[2025-08-21T01:41:45.253+0000][1692266][trace][gc,age      ] GC(397) - age   2:       1336 bytes,      64272 total
[2025-08-21T01:41:45.253+0000][1692266][trace][gc,age      ] GC(397) - age   6:        192 bytes,      64464 total
[2025-08-21T01:41:45.253+0000][1692266][trace][gc,age      ] GC(397) - age   7:        176 bytes,      64640 total
[2025-08-21T01:41:45.253+0000][1692266][trace][gc,age      ] GC(397) - age  10:        208 bytes,      64848 total
[2025-08-21T01:41:45.253+0000][1692266][info ][gc,heap     ] GC(397) Eden regions: 75->0(75)
[2025-08-21T01:41:45.253+0000][1692266][info ][gc,heap     ] GC(397) Survivor regions: 1->1(10)
[2025-08-21T01:41:45.253+0000][1692266][info ][gc,heap     ] GC(397) Old regions: 22->22
[2025-08-21T01:41:45.253+0000][1692266][info ][gc,heap     ] GC(397) Humongous regions: 0->0
[2025-08-21T01:41:45.253+0000][1692266][info ][gc,metaspace] GC(397) Metaspace: 142035K(148544K)->142035K(148544K) NonClass: 123078K(127104K)->123078K(127104K) Class: 18957K(21440K)->18957K(21440K)
[2025-08-21T01:41:45.253+0000][1692266][info ][gc          ] GC(397) Pause Young (Concurrent Start) (G1 Evacuation Pause) 387M->87M(512M) 2.207ms
[2025-08-21T01:41:45.253+0000][1692266][info ][gc,cpu      ] GC(397) User=0.00s Sys=0.00s Real=0.00s
[2025-08-21T01:41:45.253+0000][1692266][info ][safepoint   ] Safepoint "G1CollectForAllocation", Time since last: 47863085420 ns, Reaching safepoint: 9624 ns, Cleanup: 2224 ns, At safepoint: 2248565 ns, Total: 2260413 ns
[2025-08-21T01:41:45.259+0000][1692266][info ][gc          ] GC(398) Concurrent Mark Cycle
[2025-08-21T01:41:45.259+0000][1692266][info ][gc,marking  ] GC(398) Concurrent Scan Root Regions
[2025-08-21T01:41:45.260+0000][1692266][info ][gc,marking  ] GC(398) Concurrent Scan Root Regions 0.611ms
[2025-08-21T01:41:45.260+0000][1692266][info ][gc,marking  ] GC(398) Concurrent Mark
[2025-08-21T01:41:45.260+0000][1692266][info ][gc,marking  ] GC(398) Concurrent Mark From Roots
[2025-08-21T01:41:45.260+0000][1692266][info ][gc,task     ] GC(398) Using 1 workers of 1 for marking
[2025-08-21T01:41:45.365+0000][1692266][info ][gc,marking  ] GC(398) Concurrent Mark From Roots 105.029ms
[2025-08-21T01:41:45.365+0000][1692266][info ][gc,marking  ] GC(398) Concurrent Preclean
[2025-08-21T01:41:45.365+0000][1692266][info ][gc,marking  ] GC(398) Concurrent Preclean 0.295ms
[2025-08-21T01:41:45.365+0000][1692266][info ][gc,start    ] GC(398) Pause Remark
[2025-08-21T01:41:45.370+0000][1692266][info ][gc          ] GC(398) Pause Remark 87M->87M(512M) 4.159ms
[2025-08-21T01:41:45.370+0000][1692266][info ][gc,cpu      ] GC(398) User=0.00s Sys=0.00s Real=0.00s
[2025-08-21T01:41:45.370+0000][1692266][info ][safepoint   ] Safepoint "G1PauseRemark", Time since last: 112721528 ns, Reaching safepoint: 5939 ns, Cleanup: 2534 ns, At safepoint: 4221345 ns, Total: 4229818 ns
[2025-08-21T01:41:45.370+0000][1692266][info ][gc,marking  ] GC(398) Concurrent Mark 109.624ms
[2025-08-21T01:41:45.370+0000][1692266][info ][gc,marking  ] GC(398) Concurrent Rebuild Remembered Sets and Scrub Regions
[2025-08-21T01:41:45.418+0000][1692266][info ][gc,marking  ] GC(398) Concurrent Rebuild Remembered Sets and Scrub Regions 48.280ms
[2025-08-21T01:41:45.418+0000][1692266][info ][gc,start    ] GC(398) Pause Cleanup
[2025-08-21T01:41:45.418+0000][1692266][info ][gc          ] GC(398) Pause Cleanup 87M->87M(512M) 0.033ms
[2025-08-21T01:41:45.418+0000][1692266][info ][gc,cpu      ] GC(398) User=0.00s Sys=0.00s Real=0.00s
[2025-08-21T01:41:45.418+0000][1692266][info ][safepoint   ] Safepoint "G1PauseCleanup", Time since last: 48324714 ns, Reaching safepoint: 3956 ns, Cleanup: 1221 ns, At safepoint: 58929 ns, Total: 64106 ns
[2025-08-21T01:41:45.418+0000][1692266][info ][gc,marking  ] GC(398) Concurrent Clear Claimed Marks
[2025-08-21T01:41:45.418+0000][1692266][info ][gc,marking  ] GC(398) Concurrent Clear Claimed Marks 0.154ms
[2025-08-21T01:41:45.418+0000][1692266][info ][gc,marking  ] GC(398) Concurrent Cleanup for Next Mark
[2025-08-21T01:41:45.418+0000][1692266][info ][gc,marking  ] GC(398) Concurrent Cleanup for Next Mark 0.271ms
[2025-08-21T01:41:45.418+0000][1692266][info ][gc          ] GC(398) Concurrent Mark Cycle 159.081ms
[2025-08-21T01:45:57.433+0000][1692266][info ][safepoint   ] Safepoint "Cleanup", Time since last: 252014908092 ns, Reaching safepoint: 6991 ns, Cleanup: 11337 ns, At safepoint: 68924 ns, Total: 87252 ns
[2025-08-21T01:49:08.322+0000][1692266][info ][gc,start    ] GC(399) Pause Young (Normal) (G1 Evacuation Pause)
[2025-08-21T01:49:08.323+0000][1692266][info ][gc,task     ] GC(399) Using 1 workers of 1 for evacuation
[2025-08-21T01:49:08.323+0000][1692266][debug][gc,age      ] GC(399) Desired survivor size 20971520 bytes, new threshold 15 (max threshold 15)
[2025-08-21T01:49:08.326+0000][1692266][info ][gc,phases   ] GC(399)   Pre Evacuate Collection Set: 0.0ms
[2025-08-21T01:49:08.326+0000][1692266][info ][gc,phases   ] GC(399)   Merge Heap Roots: 0.0ms
[2025-08-21T01:49:08.326+0000][1692266][info ][gc,phases   ] GC(399)   Evacuate Collection Set: 1.6ms
[2025-08-21T01:49:08.326+0000][1692266][info ][gc,phases   ] GC(399)   Post Evacuate Collection Set: 0.8ms
[2025-08-21T01:49:08.326+0000][1692266][info ][gc,phases   ] GC(399)   Other: 0.0ms
[2025-08-21T01:49:08.326+0000][1692266][trace][gc,age      ] GC(399) Age table with threshold 15 (max threshold 15)
[2025-08-21T01:49:08.326+0000][1692266][trace][gc,age      ] GC(399) - age   1:      14184 bytes,      14184 total
[2025-08-21T01:49:08.326+0000][1692266][trace][gc,age      ] GC(399) - age   2:      39640 bytes,      53824 total
[2025-08-21T01:49:08.326+0000][1692266][trace][gc,age      ] GC(399) - age   3:       1152 bytes,      54976 total
[2025-08-21T01:49:08.326+0000][1692266][trace][gc,age      ] GC(399) - age   7:        192 bytes,      55168 total
[2025-08-21T01:49:08.326+0000][1692266][trace][gc,age      ] GC(399) - age   8:        176 bytes,      55344 total
[2025-08-21T01:49:08.326+0000][1692266][trace][gc,age      ] GC(399) - age  11:        208 bytes,      55552 total
[2025-08-21T01:49:08.326+0000][1692266][info ][gc,heap     ] GC(399) Eden regions: 75->0(75)
[2025-08-21T01:49:08.326+0000][1692266][info ][gc,heap     ] GC(399) Survivor regions: 1->1(10)
[2025-08-21T01:49:08.326+0000][1692266][info ][gc,heap     ] GC(399) Old regions: 22->22
[2025-08-21T01:49:08.326+0000][1692266][info ][gc,heap     ] GC(399) Humongous regions: 0->0
[2025-08-21T01:49:08.326+0000][1692266][info ][gc,metaspace] GC(399) Metaspace: 142035K(148544K)->142035K(148544K) NonClass: 123078K(127104K)->123078K(127104K) Class: 18957K(21440K)->18957K(21440K)
[2025-08-21T01:49:08.326+0000][1692266][info ][gc          ] GC(399) Pause Young (Normal) (G1 Evacuation Pause) 387M->87M(512M) 3.136ms
[2025-08-21T01:49:08.326+0000][1692266][info ][gc,cpu      ] GC(399) User=0.00s Sys=0.00s Real=0.01s
[2025-08-21T01:49:08.326+0000][1692266][info ][safepoint   ] Safepoint "G1CollectForAllocation", Time since last: 190889463801 ns, Reaching safepoint: 7962 ns, Cleanup: 3295 ns, At safepoint: 3173232 ns, Total: 3184489 ns
[2025-08-21T01:56:33.303+0000][1692266][info ][gc,start    ] GC(400) Pause Young (Concurrent Start) (G1 Evacuation Pause)
[2025-08-21T01:56:33.304+0000][1692266][info ][gc,task     ] GC(400) Using 1 workers of 1 for evacuation
[2025-08-21T01:56:33.304+0000][1692266][debug][gc,age      ] GC(400) Desired survivor size 20971520 bytes, new threshold 15 (max threshold 15)
[2025-08-21T01:56:33.306+0000][1692266][info ][gc,phases   ] GC(400)   Pre Evacuate Collection Set: 0.1ms
[2025-08-21T01:56:33.306+0000][1692266][info ][gc,phases   ] GC(400)   Merge Heap Roots: 0.0ms
[2025-08-21T01:56:33.306+0000][1692266][info ][gc,phases   ] GC(400)   Evacuate Collection Set: 1.2ms
[2025-08-21T01:56:33.306+0000][1692266][info ][gc,phases   ] GC(400)   Post Evacuate Collection Set: 1.0ms
[2025-08-21T01:56:33.306+0000][1692266][info ][gc,phases   ] GC(400)   Other: 0.0ms
[2025-08-21T01:56:33.306+0000][1692266][trace][gc,age      ] GC(400) Age table with threshold 15 (max threshold 15)
[2025-08-21T01:56:33.306+0000][1692266][trace][gc,age      ] GC(400) - age   1:      17576 bytes,      17576 total
[2025-08-21T01:56:33.306+0000][1692266][trace][gc,age      ] GC(400) - age   3:      38664 bytes,      56240 total
[2025-08-21T01:56:33.306+0000][1692266][trace][gc,age      ] GC(400) - age   4:       1152 bytes,      57392 total
[2025-08-21T01:56:33.306+0000][1692266][trace][gc,age      ] GC(400) - age   8:        192 bytes,      57584 total
[2025-08-21T01:56:33.306+0000][1692266][trace][gc,age      ] GC(400) - age  12:        208 bytes,      57792 total
[2025-08-21T01:56:33.306+0000][1692266][info ][gc,heap     ] GC(400) Eden regions: 75->0(75)
[2025-08-21T01:56:33.306+0000][1692266][info ][gc,heap     ] GC(400) Survivor regions: 1->1(10)
[2025-08-21T01:56:33.306+0000][1692266][info ][gc,heap     ] GC(400) Old regions: 22->22
[2025-08-21T01:56:33.306+0000][1692266][info ][gc,heap     ] GC(400) Humongous regions: 0->0
[2025-08-21T01:56:33.306+0000][1692266][info ][gc,metaspace] GC(400) Metaspace: 142035K(148544K)->142035K(148544K) NonClass: 123078K(127104K)->123078K(127104K) Class: 18957K(21440K)->18957K(21440K)
[2025-08-21T01:56:33.306+0000][1692266][info ][gc          ] GC(400) Pause Young (Concurrent Start) (G1 Evacuation Pause) 387M->87M(512M) 2.644ms
[2025-08-21T01:56:33.306+0000][1692266][info ][gc,cpu      ] GC(400) User=0.00s Sys=0.00s Real=0.01s
[2025-08-21T01:56:33.306+0000][1692266][info ][safepoint   ] Safepoint "G1CollectForAllocation", Time since last: 444977767897 ns, Reaching safepoint: 12829 ns, Cleanup: 3656 ns, At safepoint: 2683892 ns, Total: 2700377 ns
[2025-08-21T01:56:33.311+0000][1692266][info ][gc          ] GC(401) Concurrent Mark Cycle
[2025-08-21T01:56:33.311+0000][1692266][info ][gc,marking  ] GC(401) Concurrent Scan Root Regions
[2025-08-21T01:56:33.312+0000][1692266][info ][gc,marking  ] GC(401) Concurrent Scan Root Regions 0.594ms
[2025-08-21T01:56:33.312+0000][1692266][info ][gc,marking  ] GC(401) Concurrent Mark
[2025-08-21T01:56:33.312+0000][1692266][info ][gc,marking  ] GC(401) Concurrent Mark From Roots
[2025-08-21T01:56:33.312+0000][1692266][info ][gc,task     ] GC(401) Using 1 workers of 1 for marking
[2025-08-21T01:56:33.419+0000][1692266][info ][gc,marking  ] GC(401) Concurrent Mark From Roots 107.192ms
[2025-08-21T01:56:33.419+0000][1692266][info ][gc,marking  ] GC(401) Concurrent Preclean
[2025-08-21T01:56:33.420+0000][1692266][info ][gc,marking  ] GC(401) Concurrent Preclean 0.343ms
[2025-08-21T01:56:33.420+0000][1692266][info ][gc,start    ] GC(401) Pause Remark
[2025-08-21T01:56:33.424+0000][1692266][info ][gc          ] GC(401) Pause Remark 89M->89M(512M) 4.228ms
[2025-08-21T01:56:33.424+0000][1692266][info ][gc,cpu      ] GC(401) User=0.01s Sys=0.00s Real=0.00s
[2025-08-21T01:56:33.424+0000][1692266][info ][safepoint   ] Safepoint "G1PauseRemark", Time since last: 113466233 ns, Reaching safepoint: 5058 ns, Cleanup: 2063 ns, At safepoint: 4284279 ns, Total: 4291400 ns
[2025-08-21T01:56:33.424+0000][1692266][info ][gc,marking  ] GC(401) Concurrent Mark 111.898ms
[2025-08-21T01:56:33.424+0000][1692266][info ][gc,marking  ] GC(401) Concurrent Rebuild Remembered Sets and Scrub Regions
[2025-08-21T01:56:33.474+0000][1692266][info ][gc,marking  ] GC(401) Concurrent Rebuild Remembered Sets and Scrub Regions 49.883ms
[2025-08-21T01:56:33.474+0000][1692266][info ][gc,start    ] GC(401) Pause Cleanup
[2025-08-21T01:56:33.474+0000][1692266][info ][gc          ] GC(401) Pause Cleanup 89M->89M(512M) 0.034ms
[2025-08-21T01:56:33.474+0000][1692266][info ][gc,cpu      ] GC(401) User=0.00s Sys=0.00s Real=0.00s
[2025-08-21T01:56:33.474+0000][1692266][info ][safepoint   ] Safepoint "G1PauseCleanup", Time since last: 49930710 ns, Reaching safepoint: 3966 ns, Cleanup: 1352 ns, At safepoint: 59840 ns, Total: 65158 ns
[2025-08-21T01:56:33.474+0000][1692266][info ][gc,marking  ] GC(401) Concurrent Clear Claimed Marks
[2025-08-21T01:56:33.474+0000][1692266][info ][gc,marking  ] GC(401) Concurrent Clear Claimed Marks 0.133ms
[2025-08-21T01:56:33.474+0000][1692266][info ][gc,marking  ] GC(401) Concurrent Cleanup for Next Mark
[2025-08-21T01:56:33.474+0000][1692266][info ][gc,marking  ] GC(401) Concurrent Cleanup for Next Mark 0.270ms
[2025-08-21T01:56:33.474+0000][1692266][info ][gc          ] GC(401) Concurrent Mark Cycle 162.922ms
[2025-08-21T02:03:58.283+0000][1692266][info ][gc,start    ] GC(402) Pause Young (Normal) (G1 Evacuation Pause)
[2025-08-21T02:03:58.284+0000][1692266][info ][gc,task     ] GC(402) Using 1 workers of 1 for evacuation
[2025-08-21T02:03:58.284+0000][1692266][debug][gc,age      ] GC(402) Desired survivor size 20971520 bytes, new threshold 15 (max threshold 15)
[2025-08-21T02:03:58.286+0000][1692266][info ][gc,phases   ] GC(402)   Pre Evacuate Collection Set: 0.1ms
[2025-08-21T02:03:58.286+0000][1692266][info ][gc,phases   ] GC(402)   Merge Heap Roots: 0.0ms
[2025-08-21T02:03:58.286+0000][1692266][info ][gc,phases   ] GC(402)   Evacuate Collection Set: 1.6ms
[2025-08-21T02:03:58.286+0000][1692266][info ][gc,phases   ] GC(402)   Post Evacuate Collection Set: 0.8ms
[2025-08-21T02:03:58.286+0000][1692266][info ][gc,phases   ] GC(402)   Other: 0.0ms
[2025-08-21T02:03:58.286+0000][1692266][trace][gc,age      ] GC(402) Age table with threshold 15 (max threshold 15)
[2025-08-21T02:03:58.286+0000][1692266][trace][gc,age      ] GC(402) - age   1:      18696 bytes,      18696 total
[2025-08-21T02:03:58.286+0000][1692266][trace][gc,age      ] GC(402) - age   2:        840 bytes,      19536 total
[2025-08-21T02:03:58.286+0000][1692266][trace][gc,age      ] GC(402) - age   4:      38664 bytes,      58200 total
[2025-08-21T02:03:58.286+0000][1692266][trace][gc,age      ] GC(402) - age   5:       1152 bytes,      59352 total
[2025-08-21T02:03:58.286+0000][1692266][trace][gc,age      ] GC(402) - age   9:        192 bytes,      59544 total
[2025-08-21T02:03:58.286+0000][1692266][trace][gc,age      ] GC(402) - age  13:        208 bytes,      59752 total
[2025-08-21T02:03:58.286+0000][1692266][info ][gc,heap     ] GC(402) Eden regions: 75->0(75)
[2025-08-21T02:03:58.286+0000][1692266][info ][gc,heap     ] GC(402) Survivor regions: 1->1(10)
[2025-08-21T02:03:58.286+0000][1692266][info ][gc,heap     ] GC(402) Old regions: 22->22
[2025-08-21T02:03:58.286+0000][1692266][info ][gc,heap     ] GC(402) Humongous regions: 0->0
[2025-08-21T02:03:58.286+0000][1692266][info ][gc,metaspace] GC(402) Metaspace: 142035K(148544K)->142035K(148544K) NonClass: 123078K(127104K)->123078K(127104K) Class: 18957K(21440K)->18957K(21440K)
[2025-08-21T02:03:58.286+0000][1692266][info ][gc          ] GC(402) Pause Young (Normal) (G1 Evacuation Pause) 387M->87M(512M) 2.730ms
[2025-08-21T02:03:58.286+0000][1692266][info ][gc,cpu      ] GC(402) User=0.00s Sys=0.00s Real=0.01s
[2025-08-21T02:03:58.286+0000][1692266][info ][safepoint   ] Safepoint "G1CollectForAllocation", Time since last: 444809477377 ns, Reaching safepoint: 8352 ns, Cleanup: 2835 ns, At safepoint: 2782872 ns, Total: 2794059 ns
[2025-08-21T02:11:18.843+0000][1692266][info ][gc,start    ] GC(403) Pause Young (Concurrent Start) (G1 Evacuation Pause)
[2025-08-21T02:11:18.843+0000][1692266][info ][gc,task     ] GC(403) Using 1 workers of 1 for evacuation
[2025-08-21T02:11:18.843+0000][1692266][debug][gc,age      ] GC(403) Desired survivor size 20971520 bytes, new threshold 15 (max threshold 15)
[2025-08-21T02:11:18.846+0000][1692266][info ][gc,phases   ] GC(403)   Pre Evacuate Collection Set: 0.1ms
[2025-08-21T02:11:18.846+0000][1692266][info ][gc,phases   ] GC(403)   Merge Heap Roots: 0.0ms
[2025-08-21T02:11:18.846+0000][1692266][info ][gc,phases   ] GC(403)   Evacuate Collection Set: 1.2ms
[2025-08-21T02:11:18.846+0000][1692266][info ][gc,phases   ] GC(403)   Post Evacuate Collection Set: 1.0ms
[2025-08-21T02:11:18.846+0000][1692266][info ][gc,phases   ] GC(403)   Other: 0.0ms
[2025-08-21T02:11:18.846+0000][1692266][trace][gc,age      ] GC(403) Age table with threshold 15 (max threshold 15)
[2025-08-21T02:11:18.846+0000][1692266][trace][gc,age      ] GC(403) - age   1:      17296 bytes,      17296 total
[2025-08-21T02:11:18.846+0000][1692266][trace][gc,age      ] GC(403) - age   2:        128 bytes,      17424 total
[2025-08-21T02:11:18.846+0000][1692266][trace][gc,age      ] GC(403) - age   3:        176 bytes,      17600 total
[2025-08-21T02:11:18.846+0000][1692266][trace][gc,age      ] GC(403) - age   5:      38664 bytes,      56264 total
[2025-08-21T02:11:18.846+0000][1692266][trace][gc,age      ] GC(403) - age   6:       1152 bytes,      57416 total
[2025-08-21T02:11:18.846+0000][1692266][trace][gc,age      ] GC(403) - age  10:        192 bytes,      57608 total
[2025-08-21T02:11:18.846+0000][1692266][trace][gc,age      ] GC(403) - age  14:        208 bytes,      57816 total
[2025-08-21T02:11:18.846+0000][1692266][info ][gc,heap     ] GC(403) Eden regions: 75->0(75)
[2025-08-21T02:11:18.846+0000][1692266][info ][gc,heap     ] GC(403) Survivor regions: 1->1(10)
[2025-08-21T02:11:18.846+0000][1692266][info ][gc,heap     ] GC(403) Old regions: 22->22
[2025-08-21T02:11:18.846+0000][1692266][info ][gc,heap     ] GC(403) Humongous regions: 0->0
[2025-08-21T02:11:18.846+0000][1692266][info ][gc,metaspace] GC(403) Metaspace: 142035K(148544K)->142035K(148544K) NonClass: 123078K(127104K)->123078K(127104K) Class: 18957K(21440K)->18957K(21440K)
[2025-08-21T02:11:18.846+0000][1692266][info ][gc          ] GC(403) Pause Young (Concurrent Start) (G1 Evacuation Pause) 387M->87M(512M) 2.575ms
[2025-08-21T02:11:18.846+0000][1692266][info ][gc,cpu      ] GC(403) User=0.00s Sys=0.00s Real=0.01s
[2025-08-21T02:11:18.846+0000][1692266][info ][safepoint   ] Safepoint "G1CollectForAllocation", Time since last: 440557037401 ns, Reaching safepoint: 10336 ns, Cleanup: 2564 ns, At safepoint: 2614628 ns, Total: 2627528 ns
[2025-08-21T02:11:18.850+0000][1692266][info ][gc          ] GC(404) Concurrent Mark Cycle
[2025-08-21T02:11:18.850+0000][1692266][info ][gc,marking  ] GC(404) Concurrent Scan Root Regions
[2025-08-21T02:11:18.851+0000][1692266][info ][gc,marking  ] GC(404) Concurrent Scan Root Regions 0.624ms
[2025-08-21T02:11:18.851+0000][1692266][info ][gc,marking  ] GC(404) Concurrent Mark
[2025-08-21T02:11:18.851+0000][1692266][info ][gc,marking  ] GC(404) Concurrent Mark From Roots
[2025-08-21T02:11:18.851+0000][1692266][info ][gc,task     ] GC(404) Using 1 workers of 1 for marking
[2025-08-21T02:11:18.953+0000][1692266][info ][gc,marking  ] GC(404) Concurrent Mark From Roots 101.678ms
[2025-08-21T02:11:18.953+0000][1692266][info ][gc,marking  ] GC(404) Concurrent Preclean
[2025-08-21T02:11:18.953+0000][1692266][info ][gc,marking  ] GC(404) Concurrent Preclean 0.254ms
[2025-08-21T02:11:18.953+0000][1692266][info ][gc,start    ] GC(404) Pause Remark
[2025-08-21T02:11:18.957+0000][1692266][info ][gc          ] GC(404) Pause Remark 87M->87M(512M) 4.284ms
[2025-08-21T02:11:18.957+0000][1692266][info ][gc,cpu      ] GC(404) User=0.00s Sys=0.00s Real=0.01s
[2025-08-21T02:11:18.957+0000][1692266][info ][safepoint   ] Safepoint "G1PauseRemark", Time since last: 107321588 ns, Reaching safepoint: 5809 ns, Cleanup: 2584 ns, At safepoint: 4332242 ns, Total: 4340635 ns
[2025-08-21T02:11:18.957+0000][1692266][info ][gc,marking  ] GC(404) Concurrent Mark 106.340ms
[2025-08-21T02:11:18.957+0000][1692266][info ][gc,marking  ] GC(404) Concurrent Rebuild Remembered Sets and Scrub Regions
[2025-08-21T02:11:19.004+0000][1692266][info ][gc,marking  ] GC(404) Concurrent Rebuild Remembered Sets and Scrub Regions 46.075ms
[2025-08-21T02:11:19.004+0000][1692266][info ][gc,start    ] GC(404) Pause Cleanup
[2025-08-21T02:11:19.004+0000][1692266][info ][gc          ] GC(404) Pause Cleanup 87M->87M(512M) 0.031ms
[2025-08-21T02:11:19.004+0000][1692266][info ][gc,cpu      ] GC(404) User=0.00s Sys=0.00s Real=0.00s
[2025-08-21T02:11:19.004+0000][1692266][info ][safepoint   ] Safepoint "G1PauseCleanup", Time since last: 46116711 ns, Reaching safepoint: 4787 ns, Cleanup: 1222 ns, At safepoint: 57437 ns, Total: 63446 ns
[2025-08-21T02:11:19.004+0000][1692266][info ][gc,marking  ] GC(404) Concurrent Clear Claimed Marks
[2025-08-21T02:11:19.004+0000][1692266][info ][gc,marking  ] GC(404) Concurrent Clear Claimed Marks 0.147ms
[2025-08-21T02:11:19.004+0000][1692266][info ][gc,marking  ] GC(404) Concurrent Cleanup for Next Mark
[2025-08-21T02:11:19.017+0000][1692266][info ][gc,marking  ] GC(404) Concurrent Cleanup for Next Mark 12.806ms
[2025-08-21T02:11:19.017+0000][1692266][info ][gc          ] GC(404) Concurrent Mark Cycle 166.129ms
[2025-08-21T02:18:43.499+0000][1692266][info ][gc,start    ] GC(405) Pause Young (Normal) (G1 Evacuation Pause)
[2025-08-21T02:18:43.499+0000][1692266][info ][gc,task     ] GC(405) Using 1 workers of 1 for evacuation
[2025-08-21T02:18:43.499+0000][1692266][debug][gc,age      ] GC(405) Desired survivor size 20971520 bytes, new threshold 15 (max threshold 15)
[2025-08-21T02:18:43.502+0000][1692266][info ][gc,phases   ] GC(405)   Pre Evacuate Collection Set: 0.0ms
[2025-08-21T02:18:43.502+0000][1692266][info ][gc,phases   ] GC(405)   Merge Heap Roots: 0.0ms
[2025-08-21T02:18:43.502+0000][1692266][info ][gc,phases   ] GC(405)   Evacuate Collection Set: 1.7ms
[2025-08-21T02:18:43.502+0000][1692266][info ][gc,phases   ] GC(405)   Post Evacuate Collection Set: 0.8ms
[2025-08-21T02:18:43.502+0000][1692266][info ][gc,phases   ] GC(405)   Other: 0.0ms
[2025-08-21T02:18:43.502+0000][1692266][trace][gc,age      ] GC(405) Age table with threshold 15 (max threshold 15)
[2025-08-21T02:18:43.502+0000][1692266][trace][gc,age      ] GC(405) - age   1:      27512 bytes,      27512 total
[2025-08-21T02:18:43.502+0000][1692266][trace][gc,age      ] GC(405) - age   2:        976 bytes,      28488 total
[2025-08-21T02:18:43.502+0000][1692266][trace][gc,age      ] GC(405) - age   4:        176 bytes,      28664 total
[2025-08-21T02:18:43.502+0000][1692266][trace][gc,age      ] GC(405) - age   6:      38664 bytes,      67328 total
[2025-08-21T02:18:43.502+0000][1692266][trace][gc,age      ] GC(405) - age   7:       1152 bytes,      68480 total
[2025-08-21T02:18:43.502+0000][1692266][trace][gc,age      ] GC(405) - age  11:        192 bytes,      68672 total
[2025-08-21T02:18:43.502+0000][1692266][trace][gc,age      ] GC(405) - age  15:        208 bytes,      68880 total
[2025-08-21T02:18:43.502+0000][1692266][info ][gc,heap     ] GC(405) Eden regions: 75->0(75)
[2025-08-21T02:18:43.502+0000][1692266][info ][gc,heap     ] GC(405) Survivor regions: 1->1(10)
[2025-08-21T02:18:43.502+0000][1692266][info ][gc,heap     ] GC(405) Old regions: 22->22
[2025-08-21T02:18:43.502+0000][1692266][info ][gc,heap     ] GC(405) Humongous regions: 0->0
[2025-08-21T02:18:43.502+0000][1692266][info ][gc,metaspace] GC(405) Metaspace: 142035K(148544K)->142035K(148544K) NonClass: 123078K(127104K)->123078K(127104K) Class: 18957K(21440K)->18957K(21440K)
[2025-08-21T02:18:43.502+0000][1692266][info ][gc          ] GC(405) Pause Young (Normal) (G1 Evacuation Pause) 387M->87M(512M) 2.768ms
[2025-08-21T02:18:43.502+0000][1692266][info ][gc,cpu      ] GC(405) User=0.00s Sys=0.00s Real=0.00s
[2025-08-21T02:18:43.502+0000][1692266][info ][safepoint   ] Safepoint "G1CollectForAllocation", Time since last: 444495690528 ns, Reaching safepoint: 8282 ns, Cleanup: 3095 ns, At safepoint: 2808331 ns, Total: 2819708 ns
[2025-08-21T02:26:06.681+0000][1692266][info ][gc,start    ] GC(406) Pause Young (Concurrent Start) (G1 Evacuation Pause)
[2025-08-21T02:26:06.682+0000][1692266][info ][gc,task     ] GC(406) Using 1 workers of 1 for evacuation
[2025-08-21T02:26:06.682+0000][1692266][debug][gc,age      ] GC(406) Desired survivor size 20971520 bytes, new threshold 15 (max threshold 15)
[2025-08-21T02:26:06.684+0000][1692266][info ][gc,phases   ] GC(406)   Pre Evacuate Collection Set: 0.1ms
[2025-08-21T02:26:06.684+0000][1692266][info ][gc,phases   ] GC(406)   Merge Heap Roots: 0.0ms
[2025-08-21T02:26:06.684+0000][1692266][info ][gc,phases   ] GC(406)   Evacuate Collection Set: 1.2ms
[2025-08-21T02:26:06.684+0000][1692266][info ][gc,phases   ] GC(406)   Post Evacuate Collection Set: 0.7ms
[2025-08-21T02:26:06.684+0000][1692266][info ][gc,phases   ] GC(406)   Other: 0.0ms
[2025-08-21T02:26:06.684+0000][1692266][trace][gc,age      ] GC(406) Age table with threshold 15 (max threshold 15)
[2025-08-21T02:26:06.684+0000][1692266][trace][gc,age      ] GC(406) - age   1:      15832 bytes,      15832 total
[2025-08-21T02:26:06.684+0000][1692266][trace][gc,age      ] GC(406) - age   5:        176 bytes,      16008 total
[2025-08-21T02:26:06.684+0000][1692266][trace][gc,age      ] GC(406) - age   7:      38664 bytes,      54672 total
[2025-08-21T02:26:06.684+0000][1692266][trace][gc,age      ] GC(406) - age   8:       1152 bytes,      55824 total
[2025-08-21T02:26:06.684+0000][1692266][trace][gc,age      ] GC(406) - age  12:        192 bytes,      56016 total
[2025-08-21T02:26:06.684+0000][1692266][info ][gc,heap     ] GC(406) Eden regions: 75->0(75)
[2025-08-21T02:26:06.684+0000][1692266][info ][gc,heap     ] GC(406) Survivor regions: 1->1(10)
[2025-08-21T02:26:06.684+0000][1692266][info ][gc,heap     ] GC(406) Old regions: 22->22
[2025-08-21T02:26:06.684+0000][1692266][info ][gc,heap     ] GC(406) Humongous regions: 0->0
[2025-08-21T02:26:06.684+0000][1692266][info ][gc,metaspace] GC(406) Metaspace: 142035K(148544K)->142035K(148544K) NonClass: 123078K(127104K)->123078K(127104K) Class: 18957K(21440K)->18957K(21440K)
[2025-08-21T02:26:06.684+0000][1692266][info ][gc          ] GC(406) Pause Young (Concurrent Start) (G1 Evacuation Pause) 387M->87M(512M) 2.715ms
[2025-08-21T02:26:06.684+0000][1692266][info ][gc,cpu      ] GC(406) User=0.00s Sys=0.00s Real=0.00s
[2025-08-21T02:26:06.684+0000][1692266][info ][safepoint   ] Safepoint "G1CollectForAllocation", Time since last: 443179245149 ns, Reaching safepoint: 8724 ns, Cleanup: 3044 ns, At safepoint: 2756282 ns, Total: 2768050 ns
[2025-08-21T02:26:06.690+0000][1692266][info ][gc          ] GC(407) Concurrent Mark Cycle
[2025-08-21T02:26:06.690+0000][1692266][info ][gc,marking  ] GC(407) Concurrent Scan Root Regions
[2025-08-21T02:26:06.691+0000][1692266][info ][gc,marking  ] GC(407) Concurrent Scan Root Regions 0.642ms
[2025-08-21T02:26:06.691+0000][1692266][info ][gc,marking  ] GC(407) Concurrent Mark
[2025-08-21T02:26:06.691+0000][1692266][info ][gc,marking  ] GC(407) Concurrent Mark From Roots
[2025-08-21T02:26:06.691+0000][1692266][info ][gc,task     ] GC(407) Using 1 workers of 1 for marking
[2025-08-21T02:26:06.786+0000][1692266][info ][gc,marking  ] GC(407) Concurrent Mark From Roots 95.404ms
[2025-08-21T02:26:06.786+0000][1692266][info ][gc,marking  ] GC(407) Concurrent Preclean
[2025-08-21T02:26:06.787+0000][1692266][info ][gc,marking  ] GC(407) Concurrent Preclean 0.194ms
[2025-08-21T02:26:06.787+0000][1692266][info ][gc,start    ] GC(407) Pause Remark
[2025-08-21T02:26:06.791+0000][1692266][info ][gc          ] GC(407) Pause Remark 87M->87M(512M) 4.206ms
[2025-08-21T02:26:06.791+0000][1692266][info ][gc,cpu      ] GC(407) User=0.01s Sys=0.00s Real=0.00s
[2025-08-21T02:26:06.791+0000][1692266][info ][safepoint   ] Safepoint "G1PauseRemark", Time since last: 102503977 ns, Reaching safepoint: 5598 ns, Cleanup: 2564 ns, At safepoint: 4291390 ns, Total: 4299552 ns
[2025-08-21T02:26:06.791+0000][1692266][info ][gc,marking  ] GC(407) Concurrent Mark 99.960ms
[2025-08-21T02:26:06.791+0000][1692266][info ][gc,marking  ] GC(407) Concurrent Rebuild Remembered Sets and Scrub Regions
[2025-08-21T02:26:06.848+0000][1692266][info ][gc,marking  ] GC(407) Concurrent Rebuild Remembered Sets and Scrub Regions 57.100ms
[2025-08-21T02:26:06.848+0000][1692266][info ][gc,start    ] GC(407) Pause Cleanup
[2025-08-21T02:26:06.848+0000][1692266][info ][gc          ] GC(407) Pause Cleanup 87M->87M(512M) 0.035ms
[2025-08-21T02:26:06.848+0000][1692266][info ][gc,cpu      ] GC(407) User=0.00s Sys=0.00s Real=0.00s
[2025-08-21T02:26:06.848+0000][1692266][info ][safepoint   ] Safepoint "G1PauseCleanup", Time since last: 57151652 ns, Reaching safepoint: 4167 ns, Cleanup: 1221 ns, At safepoint: 63106 ns, Total: 68494 ns
[2025-08-21T02:26:06.848+0000][1692266][info ][gc,marking  ] GC(407) Concurrent Clear Claimed Marks
[2025-08-21T02:26:06.848+0000][1692266][info ][gc,marking  ] GC(407) Concurrent Clear Claimed Marks 0.156ms
[2025-08-21T02:26:06.848+0000][1692266][info ][gc,marking  ] GC(407) Concurrent Cleanup for Next Mark
[2025-08-21T02:26:06.849+0000][1692266][info ][gc,marking  ] GC(407) Concurrent Cleanup for Next Mark 0.258ms
[2025-08-21T02:26:06.849+0000][1692266][info ][gc          ] GC(407) Concurrent Mark Cycle 158.262ms
[2025-08-21T02:33:29.683+0000][1692266][info ][gc,start    ] GC(408) Pause Young (Normal) (G1 Evacuation Pause)
[2025-08-21T02:33:29.683+0000][1692266][info ][gc,task     ] GC(408) Using 1 workers of 1 for evacuation
[2025-08-21T02:33:29.683+0000][1692266][debug][gc,age      ] GC(408) Desired survivor size 20971520 bytes, new threshold 15 (max threshold 15)
[2025-08-21T02:33:29.686+0000][1692266][info ][gc,phases   ] GC(408)   Pre Evacuate Collection Set: 0.1ms
[2025-08-21T02:33:29.686+0000][1692266][info ][gc,phases   ] GC(408)   Merge Heap Roots: 0.0ms
[2025-08-21T02:33:29.686+0000][1692266][info ][gc,phases   ] GC(408)   Evacuate Collection Set: 1.6ms
[2025-08-21T02:33:29.686+0000][1692266][info ][gc,phases   ] GC(408)   Post Evacuate Collection Set: 1.0ms
[2025-08-21T02:33:29.686+0000][1692266][info ][gc,phases   ] GC(408)   Other: 0.0ms
[2025-08-21T02:33:29.686+0000][1692266][trace][gc,age      ] GC(408) Age table with threshold 15 (max threshold 15)
[2025-08-21T02:33:29.686+0000][1692266][trace][gc,age      ] GC(408) - age   1:      16392 bytes,      16392 total
[2025-08-21T02:33:29.686+0000][1692266][trace][gc,age      ] GC(408) - age   2:        664 bytes,      17056 total
[2025-08-21T02:33:29.686+0000][1692266][trace][gc,age      ] GC(408) - age   6:        176 bytes,      17232 total
[2025-08-21T02:33:29.686+0000][1692266][trace][gc,age      ] GC(408) - age   8:      38664 bytes,      55896 total
[2025-08-21T02:33:29.686+0000][1692266][trace][gc,age      ] GC(408) - age   9:       1152 bytes,      57048 total
[2025-08-21T02:33:29.686+0000][1692266][trace][gc,age      ] GC(408) - age  13:        192 bytes,      57240 total
[2025-08-21T02:33:29.686+0000][1692266][info ][gc,heap     ] GC(408) Eden regions: 75->0(75)
[2025-08-21T02:33:29.686+0000][1692266][info ][gc,heap     ] GC(408) Survivor regions: 1->1(10)
[2025-08-21T02:33:29.686+0000][1692266][info ][gc,heap     ] GC(408) Old regions: 22->22
[2025-08-21T02:33:29.686+0000][1692266][info ][gc,heap     ] GC(408) Humongous regions: 0->0
[2025-08-21T02:33:29.686+0000][1692266][info ][gc,metaspace] GC(408) Metaspace: 142035K(148544K)->142035K(148544K) NonClass: 123078K(127104K)->123078K(127104K) Class: 18957K(21440K)->18957K(21440K)
[2025-08-21T02:33:29.686+0000][1692266][info ][gc          ] GC(408) Pause Young (Normal) (G1 Evacuation Pause) 387M->87M(512M) 3.046ms
[2025-08-21T02:33:29.686+0000][1692266][info ][gc,cpu      ] GC(408) User=0.00s Sys=0.00s Real=0.01s
[2025-08-21T02:33:29.686+0000][1692266][info ][safepoint   ] Safepoint "G1CollectForAllocation", Time since last: 442835033773 ns, Reaching safepoint: 8383 ns, Cleanup: 2584 ns, At safepoint: 3091298 ns, Total: 3102265 ns
[2025-08-21T02:40:54.826+0000][1692266][info ][gc,start    ] GC(409) Pause Young (Concurrent Start) (G1 Evacuation Pause)
[2025-08-21T02:40:54.826+0000][1692266][info ][gc,task     ] GC(409) Using 1 workers of 1 for evacuation
[2025-08-21T02:40:54.826+0000][1692266][debug][gc,age      ] GC(409) Desired survivor size 20971520 bytes, new threshold 15 (max threshold 15)
[2025-08-21T02:40:54.828+0000][1692266][info ][gc,phases   ] GC(409)   Pre Evacuate Collection Set: 0.1ms
[2025-08-21T02:40:54.828+0000][1692266][info ][gc,phases   ] GC(409)   Merge Heap Roots: 0.0ms
[2025-08-21T02:40:54.828+0000][1692266][info ][gc,phases   ] GC(409)   Evacuate Collection Set: 1.2ms
[2025-08-21T02:40:54.828+0000][1692266][info ][gc,phases   ] GC(409)   Post Evacuate Collection Set: 0.7ms
[2025-08-21T02:40:54.828+0000][1692266][info ][gc,phases   ] GC(409)   Other: 0.0ms
[2025-08-21T02:40:54.828+0000][1692266][trace][gc,age      ] GC(409) Age table with threshold 15 (max threshold 15)
[2025-08-21T02:40:54.828+0000][1692266][trace][gc,age      ] GC(409) - age   1:      15200 bytes,      15200 total
[2025-08-21T02:40:54.828+0000][1692266][trace][gc,age      ] GC(409) - age   2:        152 bytes,      15352 total
[2025-08-21T02:40:54.828+0000][1692266][trace][gc,age      ] GC(409) - age   7:        176 bytes,      15528 total
[2025-08-21T02:40:54.828+0000][1692266][trace][gc,age      ] GC(409) - age   9:      38664 bytes,      54192 total
[2025-08-21T02:40:54.828+0000][1692266][trace][gc,age      ] GC(409) - age  10:       1152 bytes,      55344 total
[2025-08-21T02:40:54.828+0000][1692266][trace][gc,age      ] GC(409) - age  14:        192 bytes,      55536 total
[2025-08-21T02:40:54.828+0000][1692266][info ][gc,heap     ] GC(409) Eden regions: 75->0(75)
[2025-08-21T02:40:54.828+0000][1692266][info ][gc,heap     ] GC(409) Survivor regions: 1->1(10)
[2025-08-21T02:40:54.828+0000][1692266][info ][gc,heap     ] GC(409) Old regions: 22->22
[2025-08-21T02:40:54.828+0000][1692266][info ][gc,heap     ] GC(409) Humongous regions: 0->0
[2025-08-21T02:40:54.828+0000][1692266][info ][gc,metaspace] GC(409) Metaspace: 142035K(148544K)->142035K(148544K) NonClass: 123078K(127104K)->123078K(127104K) Class: 18957K(21440K)->18957K(21440K)
[2025-08-21T02:40:54.828+0000][1692266][info ][gc          ] GC(409) Pause Young (Concurrent Start) (G1 Evacuation Pause) 387M->87M(512M) 2.452ms
[2025-08-21T02:40:54.828+0000][1692266][info ][gc,cpu      ] GC(409) User=0.00s Sys=0.00s Real=0.00s
[2025-08-21T02:40:54.828+0000][1692266][info ][safepoint   ] Safepoint "G1CollectForAllocation", Time since last: 445138921662 ns, Reaching safepoint: 249868 ns, Cleanup: 3024 ns, At safepoint: 2492865 ns, Total: 2745757 ns
[2025-08-21T02:40:54.834+0000][1692266][info ][gc          ] GC(410) Concurrent Mark Cycle
[2025-08-21T02:40:54.834+0000][1692266][info ][gc,marking  ] GC(410) Concurrent Scan Root Regions
[2025-08-21T02:40:54.835+0000][1692266][info ][gc,marking  ] GC(410) Concurrent Scan Root Regions 0.605ms
[2025-08-21T02:40:54.835+0000][1692266][info ][gc,marking  ] GC(410) Concurrent Mark
[2025-08-21T02:40:54.835+0000][1692266][info ][gc,marking  ] GC(410) Concurrent Mark From Roots
[2025-08-21T02:40:54.835+0000][1692266][info ][gc,task     ] GC(410) Using 1 workers of 1 for marking
[2025-08-21T02:40:54.932+0000][1692266][info ][gc,marking  ] GC(410) Concurrent Mark From Roots 97.510ms
[2025-08-21T02:40:54.933+0000][1692266][info ][gc,marking  ] GC(410) Concurrent Preclean
[2025-08-21T02:40:54.933+0000][1692266][info ][gc,marking  ] GC(410) Concurrent Preclean 0.340ms
[2025-08-21T02:40:54.933+0000][1692266][info ][gc,start    ] GC(410) Pause Remark
[2025-08-21T02:40:54.937+0000][1692266][info ][gc          ] GC(410) Pause Remark 87M->87M(512M) 4.186ms
[2025-08-21T02:40:54.937+0000][1692266][info ][gc,cpu      ] GC(410) User=0.01s Sys=0.00s Real=0.01s
[2025-08-21T02:40:54.937+0000][1692266][info ][safepoint   ] Safepoint "G1PauseRemark", Time since last: 104890309 ns, Reaching safepoint: 5568 ns, Cleanup: 2824 ns, At safepoint: 4241585 ns, Total: 4249977 ns
[2025-08-21T02:40:54.937+0000][1692266][info ][gc,marking  ] GC(410) Concurrent Mark 102.161ms
[2025-08-21T02:40:54.937+0000][1692266][info ][gc,marking  ] GC(410) Concurrent Rebuild Remembered Sets and Scrub Regions
[2025-08-21T02:40:54.983+0000][1692266][info ][gc,marking  ] GC(410) Concurrent Rebuild Remembered Sets and Scrub Regions 45.635ms
[2025-08-21T02:40:54.983+0000][1692266][info ][gc,start    ] GC(410) Pause Cleanup
[2025-08-21T02:40:54.983+0000][1692266][info ][gc          ] GC(410) Pause Cleanup 90M->90M(512M) 0.034ms
[2025-08-21T02:40:54.983+0000][1692266][info ][gc,cpu      ] GC(410) User=0.00s Sys=0.00s Real=0.00s
[2025-08-21T02:40:54.983+0000][1692266][info ][safepoint   ] Safepoint "G1PauseCleanup", Time since last: 45685187 ns, Reaching safepoint: 4297 ns, Cleanup: 1271 ns, At safepoint: 58749 ns, Total: 64317 ns
[2025-08-21T02:40:54.983+0000][1692266][info ][gc,marking  ] GC(410) Concurrent Clear Claimed Marks
[2025-08-21T02:40:54.983+0000][1692266][info ][gc,marking  ] GC(410) Concurrent Clear Claimed Marks 0.143ms
[2025-08-21T02:40:54.983+0000][1692266][info ][gc,marking  ] GC(410) Concurrent Cleanup for Next Mark
[2025-08-21T02:40:54.995+0000][1692266][info ][gc,marking  ] GC(410) Concurrent Cleanup for Next Mark 11.656ms
[2025-08-21T02:40:54.995+0000][1692266][info ][gc          ] GC(410) Concurrent Mark Cycle 160.347ms
[2025-08-21T02:48:17.904+0000][1692266][info ][gc,start    ] GC(411) Pause Young (Normal) (G1 Evacuation Pause)
[2025-08-21T02:48:17.905+0000][1692266][info ][gc,task     ] GC(411) Using 1 workers of 1 for evacuation
[2025-08-21T02:48:17.905+0000][1692266][debug][gc,age      ] GC(411) Desired survivor size 20971520 bytes, new threshold 15 (max threshold 15)
[2025-08-21T02:48:17.907+0000][1692266][info ][gc,phases   ] GC(411)   Pre Evacuate Collection Set: 0.1ms
[2025-08-21T02:48:17.907+0000][1692266][info ][gc,phases   ] GC(411)   Merge Heap Roots: 0.0ms
[2025-08-21T02:48:17.907+0000][1692266][info ][gc,phases   ] GC(411)   Evacuate Collection Set: 1.6ms
[2025-08-21T02:48:17.907+0000][1692266][info ][gc,phases   ] GC(411)   Post Evacuate Collection Set: 0.7ms
[2025-08-21T02:48:17.907+0000][1692266][info ][gc,phases   ] GC(411)   Other: 0.0ms
[2025-08-21T02:48:17.907+0000][1692266][trace][gc,age      ] GC(411) Age table with threshold 15 (max threshold 15)
[2025-08-21T02:48:17.907+0000][1692266][trace][gc,age      ] GC(411) - age   1:      14112 bytes,      14112 total
[2025-08-21T02:48:17.907+0000][1692266][trace][gc,age      ] GC(411) - age   2:        952 bytes,      15064 total
[2025-08-21T02:48:17.907+0000][1692266][trace][gc,age      ] GC(411) - age   8:        176 bytes,      15240 total
[2025-08-21T02:48:17.907+0000][1692266][trace][gc,age      ] GC(411) - age  10:      38664 bytes,      53904 total
[2025-08-21T02:48:17.907+0000][1692266][trace][gc,age      ] GC(411) - age  11:       1152 bytes,      55056 total
[2025-08-21T02:48:17.907+0000][1692266][trace][gc,age      ] GC(411) - age  15:        192 bytes,      55248 total
[2025-08-21T02:48:17.907+0000][1692266][info ][gc,heap     ] GC(411) Eden regions: 75->0(75)
[2025-08-21T02:48:17.907+0000][1692266][info ][gc,heap     ] GC(411) Survivor regions: 1->1(10)
[2025-08-21T02:48:17.907+0000][1692266][info ][gc,heap     ] GC(411) Old regions: 22->22
[2025-08-21T02:48:17.907+0000][1692266][info ][gc,heap     ] GC(411) Humongous regions: 0->0
[2025-08-21T02:48:17.907+0000][1692266][info ][gc,metaspace] GC(411) Metaspace: 142035K(148544K)->142035K(148544K) NonClass: 123078K(127104K)->123078K(127104K) Class: 18957K(21440K)->18957K(21440K)
[2025-08-21T02:48:17.907+0000][1692266][info ][gc          ] GC(411) Pause Young (Normal) (G1 Evacuation Pause) 387M->87M(512M) 3.049ms
[2025-08-21T02:48:17.907+0000][1692266][info ][gc,cpu      ] GC(411) User=0.00s Sys=0.00s Real=0.01s
[2025-08-21T02:48:17.907+0000][1692266][info ][safepoint   ] Safepoint "G1CollectForAllocation", Time since last: 442921267064 ns, Reaching safepoint: 7722 ns, Cleanup: 2964 ns, At safepoint: 3096015 ns, Total: 3106701 ns
[2025-08-21T02:55:42.511+0000][1692266][info ][gc,start    ] GC(412) Pause Young (Concurrent Start) (G1 Evacuation Pause)
[2025-08-21T02:55:42.512+0000][1692266][info ][gc,task     ] GC(412) Using 1 workers of 1 for evacuation
[2025-08-21T02:55:42.512+0000][1692266][debug][gc,age      ] GC(412) Desired survivor size 20971520 bytes, new threshold 15 (max threshold 15)
[2025-08-21T02:55:42.514+0000][1692266][info ][gc,phases   ] GC(412)   Pre Evacuate Collection Set: 0.1ms
[2025-08-21T02:55:42.514+0000][1692266][info ][gc,phases   ] GC(412)   Merge Heap Roots: 0.0ms
[2025-08-21T02:55:42.514+0000][1692266][info ][gc,phases   ] GC(412)   Evacuate Collection Set: 1.3ms
[2025-08-21T02:55:42.514+0000][1692266][info ][gc,phases   ] GC(412)   Post Evacuate Collection Set: 0.7ms
[2025-08-21T02:55:42.514+0000][1692266][info ][gc,phases   ] GC(412)   Other: 0.0ms
[2025-08-21T02:55:42.514+0000][1692266][trace][gc,age      ] GC(412) Age table with threshold 15 (max threshold 15)
[2025-08-21T02:55:42.514+0000][1692266][trace][gc,age      ] GC(412) - age   1:      34576 bytes,      34576 total
[2025-08-21T02:55:42.514+0000][1692266][trace][gc,age      ] GC(412) - age   2:        112 bytes,      34688 total
[2025-08-21T02:55:42.514+0000][1692266][trace][gc,age      ] GC(412) - age  11:      38664 bytes,      73352 total
[2025-08-21T02:55:42.514+0000][1692266][trace][gc,age      ] GC(412) - age  12:       1152 bytes,      74504 total
[2025-08-21T02:55:42.514+0000][1692266][info ][gc,heap     ] GC(412) Eden regions: 75->0(75)
[2025-08-21T02:55:42.514+0000][1692266][info ][gc,heap     ] GC(412) Survivor regions: 1->1(10)
[2025-08-21T02:55:42.514+0000][1692266][info ][gc,heap     ] GC(412) Old regions: 22->22
[2025-08-21T02:55:42.514+0000][1692266][info ][gc,heap     ] GC(412) Humongous regions: 0->0
[2025-08-21T02:55:42.514+0000][1692266][info ][gc,metaspace] GC(412) Metaspace: 142035K(148544K)->142035K(148544K) NonClass: 123078K(127104K)->123078K(127104K) Class: 18957K(21440K)->18957K(21440K)
[2025-08-21T02:55:42.514+0000][1692266][info ][gc          ] GC(412) Pause Young (Concurrent Start) (G1 Evacuation Pause) 387M->87M(512M) 2.684ms
[2025-08-21T02:55:42.514+0000][1692266][info ][gc,cpu      ] GC(412) User=0.00s Sys=0.00s Real=0.00s
[2025-08-21T02:55:42.514+0000][1692266][info ][safepoint   ] Safepoint "G1CollectForAllocation", Time since last: 444604152184 ns, Reaching safepoint: 12118 ns, Cleanup: 3336 ns, At safepoint: 2728159 ns, Total: 2743613 ns
[2025-08-21T02:55:42.514+0000][1692266][info ][gc          ] GC(413) Concurrent Mark Cycle
[2025-08-21T02:55:42.514+0000][1692266][info ][gc,marking  ] GC(413) Concurrent Scan Root Regions
[2025-08-21T02:55:42.518+0000][1692266][info ][gc,marking  ] GC(413) Concurrent Scan Root Regions 4.326ms
[2025-08-21T02:55:42.519+0000][1692266][info ][gc,marking  ] GC(413) Concurrent Mark
[2025-08-21T02:55:42.519+0000][1692266][info ][gc,marking  ] GC(413) Concurrent Mark From Roots
[2025-08-21T02:55:42.519+0000][1692266][info ][gc,task     ] GC(413) Using 1 workers of 1 for marking
[2025-08-21T02:55:42.627+0000][1692266][info ][gc,marking  ] GC(413) Concurrent Mark From Roots 108.132ms
[2025-08-21T02:55:42.627+0000][1692266][info ][gc,marking  ] GC(413) Concurrent Preclean
[2025-08-21T02:55:42.627+0000][1692266][info ][gc,marking  ] GC(413) Concurrent Preclean 0.337ms
[2025-08-21T02:55:42.627+0000][1692266][info ][gc,start    ] GC(413) Pause Remark
[2025-08-21T02:55:42.631+0000][1692266][info ][gc          ] GC(413) Pause Remark 89M->89M(512M) 4.228ms
[2025-08-21T02:55:42.631+0000][1692266][info ][gc,cpu      ] GC(413) User=0.01s Sys=0.00s Real=0.00s
[2025-08-21T02:55:42.631+0000][1692266][info ][safepoint   ] Safepoint "G1PauseRemark", Time since last: 112897362 ns, Reaching safepoint: 5288 ns, Cleanup: 2914 ns, At safepoint: 4269046 ns, Total: 4277248 ns
[2025-08-21T02:55:42.631+0000][1692266][info ][gc,marking  ] GC(413) Concurrent Mark 112.834ms
[2025-08-21T02:55:42.631+0000][1692266][info ][gc,marking  ] GC(413) Concurrent Rebuild Remembered Sets and Scrub Regions
[2025-08-21T02:55:42.674+0000][1692266][info ][gc,marking  ] GC(413) Concurrent Rebuild Remembered Sets and Scrub Regions 42.153ms
[2025-08-21T02:55:42.674+0000][1692266][info ][gc,start    ] GC(413) Pause Cleanup
[2025-08-21T02:55:42.674+0000][1692266][info ][gc          ] GC(413) Pause Cleanup 89M->89M(512M) 0.030ms
[2025-08-21T02:55:42.674+0000][1692266][info ][gc,cpu      ] GC(413) User=0.00s Sys=0.00s Real=0.00s
[2025-08-21T02:55:42.674+0000][1692266][info ][safepoint   ] Safepoint "G1PauseCleanup", Time since last: 42212143 ns, Reaching safepoint: 3916 ns, Cleanup: 861 ns, At safepoint: 55544 ns, Total: 60321 ns
[2025-08-21T02:55:42.674+0000][1692266][info ][gc,marking  ] GC(413) Concurrent Clear Claimed Marks
[2025-08-21T02:55:42.674+0000][1692266][info ][gc,marking  ] GC(413) Concurrent Clear Claimed Marks 0.127ms
[2025-08-21T02:55:42.674+0000][1692266][info ][gc,marking  ] GC(413) Concurrent Cleanup for Next Mark
[2025-08-21T02:55:42.674+0000][1692266][info ][gc,marking  ] GC(413) Concurrent Cleanup for Next Mark 0.268ms
[2025-08-21T02:55:42.674+0000][1692266][info ][gc          ] GC(413) Concurrent Mark Cycle 159.844ms
[2025-08-21T03:03:05.786+0000][1692266][info ][gc,start    ] GC(414) Pause Young (Normal) (G1 Evacuation Pause)
[2025-08-21T03:03:05.786+0000][1692266][info ][gc,task     ] GC(414) Using 1 workers of 1 for evacuation
[2025-08-21T03:03:05.786+0000][1692266][debug][gc,age      ] GC(414) Desired survivor size 20971520 bytes, new threshold 15 (max threshold 15)
[2025-08-21T03:03:05.789+0000][1692266][info ][gc,phases   ] GC(414)   Pre Evacuate Collection Set: 0.0ms
[2025-08-21T03:03:05.789+0000][1692266][info ][gc,phases   ] GC(414)   Merge Heap Roots: 0.0ms
[2025-08-21T03:03:05.789+0000][1692266][info ][gc,phases   ] GC(414)   Evacuate Collection Set: 1.6ms
[2025-08-21T03:03:05.789+0000][1692266][info ][gc,phases   ] GC(414)   Post Evacuate Collection Set: 1.0ms
[2025-08-21T03:03:05.789+0000][1692266][info ][gc,phases   ] GC(414)   Other: 0.0ms
[2025-08-21T03:03:05.789+0000][1692266][trace][gc,age      ] GC(414) Age table with threshold 15 (max threshold 15)
[2025-08-21T03:03:05.789+0000][1692266][trace][gc,age      ] GC(414) - age   1:      16504 bytes,      16504 total
[2025-08-21T03:03:05.789+0000][1692266][trace][gc,age      ] GC(414) - age   2:        728 bytes,      17232 total
[2025-08-21T03:03:05.789+0000][1692266][trace][gc,age      ] GC(414) - age  12:      38664 bytes,      55896 total
[2025-08-21T03:03:05.789+0000][1692266][trace][gc,age      ] GC(414) - age  13:       1152 bytes,      57048 total
[2025-08-21T03:03:05.789+0000][1692266][info ][gc,heap     ] GC(414) Eden regions: 75->0(75)
[2025-08-21T03:03:05.789+0000][1692266][info ][gc,heap     ] GC(414) Survivor regions: 1->1(10)
[2025-08-21T03:03:05.789+0000][1692266][info ][gc,heap     ] GC(414) Old regions: 22->22
[2025-08-21T03:03:05.789+0000][1692266][info ][gc,heap     ] GC(414) Humongous regions: 0->0
[2025-08-21T03:03:05.789+0000][1692266][info ][gc,metaspace] GC(414) Metaspace: 142035K(148544K)->142035K(148544K) NonClass: 123078K(127104K)->123078K(127104K) Class: 18957K(21440K)->18957K(21440K)
[2025-08-21T03:03:05.789+0000][1692266][info ][gc          ] GC(414) Pause Young (Normal) (G1 Evacuation Pause) 387M->87M(512M) 2.983ms
[2025-08-21T03:03:05.789+0000][1692266][info ][gc,cpu      ] GC(414) User=0.00s Sys=0.00s Real=0.00s
[2025-08-21T03:03:05.789+0000][1692266][info ][safepoint   ] Safepoint "G1CollectForAllocation", Time since last: 443112419757 ns, Reaching safepoint: 8002 ns, Cleanup: 2503 ns, At safepoint: 3021513 ns, Total: 3032018 ns
[2025-08-21T03:10:31.062+0000][1692266][info ][gc,start    ] GC(415) Pause Young (Concurrent Start) (G1 Evacuation Pause)
[2025-08-21T03:10:31.063+0000][1692266][info ][gc,task     ] GC(415) Using 1 workers of 1 for evacuation
[2025-08-21T03:10:31.063+0000][1692266][debug][gc,age      ] GC(415) Desired survivor size 20971520 bytes, new threshold 15 (max threshold 15)
[2025-08-21T03:10:31.065+0000][1692266][info ][gc,phases   ] GC(415)   Pre Evacuate Collection Set: 0.1ms
[2025-08-21T03:10:31.065+0000][1692266][info ][gc,phases   ] GC(415)   Merge Heap Roots: 0.0ms
[2025-08-21T03:10:31.065+0000][1692266][info ][gc,phases   ] GC(415)   Evacuate Collection Set: 1.2ms
[2025-08-21T03:10:31.065+0000][1692266][info ][gc,phases   ] GC(415)   Post Evacuate Collection Set: 1.0ms
[2025-08-21T03:10:31.065+0000][1692266][info ][gc,phases   ] GC(415)   Other: 0.1ms
[2025-08-21T03:10:31.065+0000][1692266][trace][gc,age      ] GC(415) Age table with threshold 15 (max threshold 15)
[2025-08-21T03:10:31.065+0000][1692266][trace][gc,age      ] GC(415) - age   1:      15832 bytes,      15832 total
[2025-08-21T03:10:31.065+0000][1692266][trace][gc,age      ] GC(415) - age   2:        552 bytes,      16384 total
[2025-08-21T03:10:31.065+0000][1692266][trace][gc,age      ] GC(415) - age   3:        176 bytes,      16560 total
[2025-08-21T03:10:31.065+0000][1692266][trace][gc,age      ] GC(415) - age  13:      38664 bytes,      55224 total
[2025-08-21T03:10:31.065+0000][1692266][trace][gc,age      ] GC(415) - age  14:       1152 bytes,      56376 total
[2025-08-21T03:10:31.065+0000][1692266][info ][gc,heap     ] GC(415) Eden regions: 75->0(75)
[2025-08-21T03:10:31.065+0000][1692266][info ][gc,heap     ] GC(415) Survivor regions: 1->1(10)
[2025-08-21T03:10:31.065+0000][1692266][info ][gc,heap     ] GC(415) Old regions: 22->22
[2025-08-21T03:10:31.065+0000][1692266][info ][gc,heap     ] GC(415) Humongous regions: 0->0
[2025-08-21T03:10:31.065+0000][1692266][info ][gc,metaspace] GC(415) Metaspace: 142035K(148544K)->142035K(148544K) NonClass: 123078K(127104K)->123078K(127104K) Class: 18957K(21440K)->18957K(21440K)
[2025-08-21T03:10:31.065+0000][1692266][info ][gc          ] GC(415) Pause Young (Concurrent Start) (G1 Evacuation Pause) 387M->87M(512M) 2.927ms
[2025-08-21T03:10:31.065+0000][1692266][info ][gc,cpu      ] GC(415) User=0.00s Sys=0.00s Real=0.00s
[2025-08-21T03:10:31.065+0000][1692266][info ][safepoint   ] Safepoint "G1CollectForAllocation", Time since last: 445272966631 ns, Reaching safepoint: 8743 ns, Cleanup: 3175 ns, At safepoint: 2969264 ns, Total: 2981182 ns
[2025-08-21T03:10:31.069+0000][1692266][info ][gc          ] GC(416) Concurrent Mark Cycle
[2025-08-21T03:10:31.069+0000][1692266][info ][gc,marking  ] GC(416) Concurrent Scan Root Regions
[2025-08-21T03:10:31.070+0000][1692266][info ][gc,marking  ] GC(416) Concurrent Scan Root Regions 0.775ms
[2025-08-21T03:10:31.070+0000][1692266][info ][gc,marking  ] GC(416) Concurrent Mark
[2025-08-21T03:10:31.070+0000][1692266][info ][gc,marking  ] GC(416) Concurrent Mark From Roots
[2025-08-21T03:10:31.070+0000][1692266][info ][gc,task     ] GC(416) Using 1 workers of 1 for marking
[2025-08-21T03:10:31.176+0000][1692266][info ][gc,marking  ] GC(416) Concurrent Mark From Roots 106.324ms
[2025-08-21T03:10:31.177+0000][1692266][info ][gc,marking  ] GC(416) Concurrent Preclean
[2025-08-21T03:10:31.177+0000][1692266][info ][gc,marking  ] GC(416) Concurrent Preclean 0.244ms
[2025-08-21T03:10:31.177+0000][1692266][info ][gc,start    ] GC(416) Pause Remark
[2025-08-21T03:10:31.181+0000][1692266][info ][gc          ] GC(416) Pause Remark 91M->91M(512M) 4.120ms
[2025-08-21T03:10:31.181+0000][1692266][info ][gc,cpu      ] GC(416) User=0.01s Sys=0.00s Real=0.00s
[2025-08-21T03:10:31.181+0000][1692266][info ][safepoint   ] Safepoint "G1PauseRemark", Time since last: 111781965 ns, Reaching safepoint: 4897 ns, Cleanup: 2243 ns, At safepoint: 4162215 ns, Total: 4169355 ns
[2025-08-21T03:10:31.181+0000][1692266][info ][gc,marking  ] GC(416) Concurrent Mark 110.807ms
[2025-08-21T03:10:31.181+0000][1692266][info ][gc,marking  ] GC(416) Concurrent Rebuild Remembered Sets and Scrub Regions
[2025-08-21T03:10:31.221+0000][1692266][info ][gc,marking  ] GC(416) Concurrent Rebuild Remembered Sets and Scrub Regions 40.355ms
[2025-08-21T03:10:31.221+0000][1692266][info ][gc,start    ] GC(416) Pause Cleanup
[2025-08-21T03:10:31.221+0000][1692266][info ][gc          ] GC(416) Pause Cleanup 91M->91M(512M) 0.050ms
[2025-08-21T03:10:31.221+0000][1692266][info ][gc,cpu      ] GC(416) User=0.00s Sys=0.00s Real=0.00s
[2025-08-21T03:10:31.221+0000][1692266][info ][safepoint   ] Safepoint "G1PauseCleanup", Time since last: 40407447 ns, Reaching safepoint: 9164 ns, Cleanup: 2003 ns, At safepoint: 77407 ns, Total: 88574 ns
[2025-08-21T03:10:31.221+0000][1692266][info ][gc,marking  ] GC(416) Concurrent Clear Claimed Marks
[2025-08-21T03:10:31.222+0000][1692266][info ][gc,marking  ] GC(416) Concurrent Clear Claimed Marks 0.141ms
[2025-08-21T03:10:31.222+0000][1692266][info ][gc,marking  ] GC(416) Concurrent Cleanup for Next Mark
[2025-08-21T03:10:31.238+0000][1692266][info ][gc,marking  ] GC(416) Concurrent Cleanup for Next Mark 15.993ms
[2025-08-21T03:10:31.238+0000][1692266][info ][gc          ] GC(416) Concurrent Mark Cycle 168.242ms
[2025-08-21T03:17:55.198+0000][1692266][info ][gc,start    ] GC(417) Pause Young (Normal) (G1 Evacuation Pause)
[2025-08-21T03:17:55.199+0000][1692266][info ][gc,task     ] GC(417) Using 1 workers of 1 for evacuation
[2025-08-21T03:17:55.199+0000][1692266][debug][gc,age      ] GC(417) Desired survivor size 20971520 bytes, new threshold 15 (max threshold 15)
[2025-08-21T03:17:55.201+0000][1692266][info ][gc,phases   ] GC(417)   Pre Evacuate Collection Set: 0.0ms
[2025-08-21T03:17:55.201+0000][1692266][info ][gc,phases   ] GC(417)   Merge Heap Roots: 0.0ms
[2025-08-21T03:17:55.201+0000][1692266][info ][gc,phases   ] GC(417)   Evacuate Collection Set: 1.6ms
[2025-08-21T03:17:55.201+0000][1692266][info ][gc,phases   ] GC(417)   Post Evacuate Collection Set: 0.7ms
[2025-08-21T03:17:55.201+0000][1692266][info ][gc,phases   ] GC(417)   Other: 0.0ms
[2025-08-21T03:17:55.201+0000][1692266][trace][gc,age      ] GC(417) Age table with threshold 15 (max threshold 15)
[2025-08-21T03:17:55.201+0000][1692266][trace][gc,age      ] GC(417) - age   1:      14616 bytes,      14616 total
[2025-08-21T03:17:55.201+0000][1692266][trace][gc,age      ] GC(417) - age   2:        768 bytes,      15384 total
[2025-08-21T03:17:55.201+0000][1692266][trace][gc,age      ] GC(417) - age   4:        176 bytes,      15560 total
[2025-08-21T03:17:55.201+0000][1692266][trace][gc,age      ] GC(417) - age  14:      38664 bytes,      54224 total
[2025-08-21T03:17:55.201+0000][1692266][trace][gc,age      ] GC(417) - age  15:       1152 bytes,      55376 total
[2025-08-21T03:17:55.201+0000][1692266][info ][gc,heap     ] GC(417) Eden regions: 75->0(75)
[2025-08-21T03:17:55.201+0000][1692266][info ][gc,heap     ] GC(417) Survivor regions: 1->1(10)
[2025-08-21T03:17:55.201+0000][1692266][info ][gc,heap     ] GC(417) Old regions: 22->22
[2025-08-21T03:17:55.201+0000][1692266][info ][gc,heap     ] GC(417) Humongous regions: 0->0
[2025-08-21T03:17:55.201+0000][1692266][info ][gc,metaspace] GC(417) Metaspace: 142035K(148544K)->142035K(148544K) NonClass: 123078K(127104K)->123078K(127104K) Class: 18957K(21440K)->18957K(21440K)
[2025-08-21T03:17:55.201+0000][1692266][info ][gc          ] GC(417) Pause Young (Normal) (G1 Evacuation Pause) 387M->87M(512M) 2.935ms
[2025-08-21T03:17:55.201+0000][1692266][info ][gc,cpu      ] GC(417) User=0.01s Sys=0.00s Real=0.00s
[2025-08-21T03:17:55.201+0000][1692266][info ][safepoint   ] Safepoint "G1CollectForAllocation", Time since last: 443976650968 ns, Reaching safepoint: 8613 ns, Cleanup: 2754 ns, At safepoint: 2971637 ns, Total: 2983004 ns
[2025-08-21T03:25:16.612+0000][1692266][info ][gc,start    ] GC(418) Pause Young (Concurrent Start) (G1 Evacuation Pause)
[2025-08-21T03:25:16.612+0000][1692266][info ][gc,task     ] GC(418) Using 1 workers of 1 for evacuation
[2025-08-21T03:25:16.612+0000][1692266][debug][gc,age      ] GC(418) Desired survivor size 20971520 bytes, new threshold 15 (max threshold 15)
[2025-08-21T03:25:16.614+0000][1692266][info ][gc,phases   ] GC(418)   Pre Evacuate Collection Set: 0.1ms
[2025-08-21T03:25:16.614+0000][1692266][info ][gc,phases   ] GC(418)   Merge Heap Roots: 0.0ms
[2025-08-21T03:25:16.614+0000][1692266][info ][gc,phases   ] GC(418)   Evacuate Collection Set: 1.2ms
[2025-08-21T03:25:16.614+0000][1692266][info ][gc,phases   ] GC(418)   Post Evacuate Collection Set: 0.7ms
[2025-08-21T03:25:16.614+0000][1692266][info ][gc,phases   ] GC(418)   Other: 0.0ms
[2025-08-21T03:25:16.614+0000][1692266][trace][gc,age      ] GC(418) Age table with threshold 15 (max threshold 15)
[2025-08-21T03:25:16.614+0000][1692266][trace][gc,age      ] GC(418) - age   1:      16760 bytes,      16760 total
[2025-08-21T03:25:16.614+0000][1692266][trace][gc,age      ] GC(418) - age   2:        112 bytes,      16872 total
[2025-08-21T03:25:16.614+0000][1692266][trace][gc,age      ] GC(418) - age   3:        216 bytes,      17088 total
[2025-08-21T03:25:16.614+0000][1692266][trace][gc,age      ] GC(418) - age   5:        176 bytes,      17264 total
[2025-08-21T03:25:16.614+0000][1692266][trace][gc,age      ] GC(418) - age  15:      38664 bytes,      55928 total
[2025-08-21T03:25:16.614+0000][1692266][info ][gc,heap     ] GC(418) Eden regions: 75->0(75)
[2025-08-21T03:25:16.614+0000][1692266][info ][gc,heap     ] GC(418) Survivor regions: 1->1(10)
[2025-08-21T03:25:16.614+0000][1692266][info ][gc,heap     ] GC(418) Old regions: 22->22
[2025-08-21T03:25:16.614+0000][1692266][info ][gc,heap     ] GC(418) Humongous regions: 0->0
[2025-08-21T03:25:16.614+0000][1692266][info ][gc,metaspace] GC(418) Metaspace: 142035K(148544K)->142035K(148544K) NonClass: 123078K(127104K)->123078K(127104K) Class: 18957K(21440K)->18957K(21440K)
[2025-08-21T03:25:16.614+0000][1692266][info ][gc          ] GC(418) Pause Young (Concurrent Start) (G1 Evacuation Pause) 387M->87M(512M) 2.249ms
[2025-08-21T03:25:16.614+0000][1692266][info ][gc,cpu      ] GC(418) User=0.00s Sys=0.00s Real=0.00s
[2025-08-21T03:25:16.614+0000][1692266][info ][safepoint   ] Safepoint "G1CollectForAllocation", Time since last: 441410829171 ns, Reaching safepoint: 8242 ns, Cleanup: 2414 ns, At safepoint: 2287083 ns, Total: 2297739 ns
[2025-08-21T03:25:16.619+0000][1692266][info ][gc          ] GC(419) Concurrent Mark Cycle
[2025-08-21T03:25:16.619+0000][1692266][info ][gc,marking  ] GC(419) Concurrent Scan Root Regions
[2025-08-21T03:25:16.620+0000][1692266][info ][gc,marking  ] GC(419) Concurrent Scan Root Regions 0.635ms
[2025-08-21T03:25:16.620+0000][1692266][info ][gc,marking  ] GC(419) Concurrent Mark
[2025-08-21T03:25:16.620+0000][1692266][info ][gc,marking  ] GC(419) Concurrent Mark From Roots
[2025-08-21T03:25:16.620+0000][1692266][info ][gc,task     ] GC(419) Using 1 workers of 1 for marking
[2025-08-21T03:25:16.722+0000][1692266][info ][gc,marking  ] GC(419) Concurrent Mark From Roots 101.908ms
[2025-08-21T03:25:16.722+0000][1692266][info ][gc,marking  ] GC(419) Concurrent Preclean
[2025-08-21T03:25:16.722+0000][1692266][info ][gc,marking  ] GC(419) Concurrent Preclean 0.348ms
[2025-08-21T03:25:16.722+0000][1692266][info ][gc,start    ] GC(419) Pause Remark
[2025-08-21T03:25:16.727+0000][1692266][info ][gc          ] GC(419) Pause Remark 87M->87M(512M) 4.274ms
[2025-08-21T03:25:16.727+0000][1692266][info ][gc,cpu      ] GC(419) User=0.00s Sys=0.00s Real=0.01s
[2025-08-21T03:25:16.727+0000][1692266][info ][safepoint   ] Safepoint "G1PauseRemark", Time since last: 108115959 ns, Reaching safepoint: 5839 ns, Cleanup: 2423 ns, At safepoint: 4316388 ns, Total: 4324650 ns
[2025-08-21T03:25:16.727+0000][1692266][info ][gc,marking  ] GC(419) Concurrent Mark 106.646ms
[2025-08-21T03:25:16.727+0000][1692266][info ][gc,marking  ] GC(419) Concurrent Rebuild Remembered Sets and Scrub Regions
[2025-08-21T03:25:16.778+0000][1692266][info ][gc,marking  ] GC(419) Concurrent Rebuild Remembered Sets and Scrub Regions 50.918ms
[2025-08-21T03:25:16.778+0000][1692266][info ][gc,start    ] GC(419) Pause Cleanup
[2025-08-21T03:25:16.778+0000][1692266][info ][gc          ] GC(419) Pause Cleanup 87M->87M(512M) 0.034ms
[2025-08-21T03:25:16.778+0000][1692266][info ][gc,cpu      ] GC(419) User=0.00s Sys=0.00s Real=0.00s
[2025-08-21T03:25:16.778+0000][1692266][info ][safepoint   ] Safepoint "G1PauseCleanup", Time since last: 50969475 ns, Reaching safepoint: 4197 ns, Cleanup: 1252 ns, At safepoint: 61042 ns, Total: 66491 ns
[2025-08-21T03:25:16.778+0000][1692266][info ][gc,marking  ] GC(419) Concurrent Clear Claimed Marks
[2025-08-21T03:25:16.778+0000][1692266][info ][gc,marking  ] GC(419) Concurrent Clear Claimed Marks 0.144ms
[2025-08-21T03:25:16.778+0000][1692266][info ][gc,marking  ] GC(419) Concurrent Cleanup for Next Mark
[2025-08-21T03:25:16.778+0000][1692266][info ][gc,marking  ] GC(419) Concurrent Cleanup for Next Mark 0.262ms
[2025-08-21T03:25:16.778+0000][1692266][info ][gc          ] GC(419) Concurrent Mark Cycle 158.764ms
[2025-08-21T03:32:41.887+0000][1692266][info ][gc,start    ] GC(420) Pause Young (Normal) (G1 Evacuation Pause)
[2025-08-21T03:32:41.887+0000][1692266][info ][gc,task     ] GC(420) Using 1 workers of 1 for evacuation
[2025-08-21T03:32:41.887+0000][1692266][debug][gc,age      ] GC(420) Desired survivor size 20971520 bytes, new threshold 15 (max threshold 15)
[2025-08-21T03:32:41.890+0000][1692266][info ][gc,phases   ] GC(420)   Pre Evacuate Collection Set: 0.1ms
[2025-08-21T03:32:41.890+0000][1692266][info ][gc,phases   ] GC(420)   Merge Heap Roots: 0.0ms
[2025-08-21T03:32:41.890+0000][1692266][info ][gc,phases   ] GC(420)   Evacuate Collection Set: 1.6ms
[2025-08-21T03:32:41.890+0000][1692266][info ][gc,phases   ] GC(420)   Post Evacuate Collection Set: 0.7ms
[2025-08-21T03:32:41.890+0000][1692266][info ][gc,phases   ] GC(420)   Other: 0.0ms
[2025-08-21T03:32:41.890+0000][1692266][trace][gc,age      ] GC(420) Age table with threshold 15 (max threshold 15)
[2025-08-21T03:32:41.890+0000][1692266][trace][gc,age      ] GC(420) - age   1:      16320 bytes,      16320 total
[2025-08-21T03:32:41.890+0000][1692266][trace][gc,age      ] GC(420) - age   2:        552 bytes,      16872 total
[2025-08-21T03:32:41.890+0000][1692266][trace][gc,age      ] GC(420) - age   4:        216 bytes,      17088 total
[2025-08-21T03:32:41.890+0000][1692266][trace][gc,age      ] GC(420) - age   6:        176 bytes,      17264 total
[2025-08-21T03:32:41.890+0000][1692266][info ][gc,heap     ] GC(420) Eden regions: 75->0(75)
[2025-08-21T03:32:41.890+0000][1692266][info ][gc,heap     ] GC(420) Survivor regions: 1->1(10)
[2025-08-21T03:32:41.890+0000][1692266][info ][gc,heap     ] GC(420) Old regions: 22->22
[2025-08-21T03:32:41.890+0000][1692266][info ][gc,heap     ] GC(420) Humongous regions: 0->0
[2025-08-21T03:32:41.890+0000][1692266][info ][gc,metaspace] GC(420) Metaspace: 142035K(148544K)->142035K(148544K) NonClass: 123078K(127104K)->123078K(127104K) Class: 18957K(21440K)->18957K(21440K)
[2025-08-21T03:32:41.890+0000][1692266][info ][gc          ] GC(420) Pause Young (Normal) (G1 Evacuation Pause) 387M->87M(512M) 2.628ms
[2025-08-21T03:32:41.890+0000][1692266][info ][gc,cpu      ] GC(420) User=0.01s Sys=0.00s Real=0.00s
[2025-08-21T03:32:41.890+0000][1692266][info ][safepoint   ] Safepoint "G1CollectForAllocation", Time since last: 445109425396 ns, Reaching safepoint: 8523 ns, Cleanup: 2554 ns, At safepoint: 2664634 ns, Total: 2675711 ns
[2025-08-21T03:40:07.156+0000][1692266][info ][gc,start    ] GC(421) Pause Young (Concurrent Start) (G1 Evacuation Pause)
[2025-08-21T03:40:07.156+0000][1692266][info ][gc,task     ] GC(421) Using 1 workers of 1 for evacuation
[2025-08-21T03:40:07.156+0000][1692266][debug][gc,age      ] GC(421) Desired survivor size 20971520 bytes, new threshold 15 (max threshold 15)
[2025-08-21T03:40:07.159+0000][1692266][info ][gc,phases   ] GC(421)   Pre Evacuate Collection Set: 0.2ms
[2025-08-21T03:40:07.159+0000][1692266][info ][gc,phases   ] GC(421)   Merge Heap Roots: 0.0ms
[2025-08-21T03:40:07.159+0000][1692266][info ][gc,phases   ] GC(421)   Evacuate Collection Set: 1.2ms
[2025-08-21T03:40:07.159+0000][1692266][info ][gc,phases   ] GC(421)   Post Evacuate Collection Set: 1.0ms
[2025-08-21T03:40:07.159+0000][1692266][info ][gc,phases   ] GC(421)   Other: 0.1ms
[2025-08-21T03:40:07.159+0000][1692266][trace][gc,age      ] GC(421) Age table with threshold 15 (max threshold 15)
[2025-08-21T03:40:07.159+0000][1692266][trace][gc,age      ] GC(421) - age   1:      35480 bytes,      35480 total
[2025-08-21T03:40:07.159+0000][1692266][trace][gc,age      ] GC(421) - age   2:        552 bytes,      36032 total
[2025-08-21T03:40:07.159+0000][1692266][trace][gc,age      ] GC(421) - age   5:        216 bytes,      36248 total
[2025-08-21T03:40:07.159+0000][1692266][trace][gc,age      ] GC(421) - age   7:        176 bytes,      36424 total
[2025-08-21T03:40:07.159+0000][1692266][info ][gc,heap     ] GC(421) Eden regions: 75->0(75)
[2025-08-21T03:40:07.159+0000][1692266][info ][gc,heap     ] GC(421) Survivor regions: 1->1(10)
[2025-08-21T03:40:07.159+0000][1692266][info ][gc,heap     ] GC(421) Old regions: 22->22
[2025-08-21T03:40:07.159+0000][1692266][info ][gc,heap     ] GC(421) Humongous regions: 0->0
[2025-08-21T03:40:07.159+0000][1692266][info ][gc,metaspace] GC(421) Metaspace: 142035K(148544K)->142035K(148544K) NonClass: 123078K(127104K)->123078K(127104K) Class: 18957K(21440K)->18957K(21440K)
[2025-08-21T03:40:07.159+0000][1692266][info ][gc          ] GC(421) Pause Young (Concurrent Start) (G1 Evacuation Pause) 387M->87M(512M) 3.127ms
[2025-08-21T03:40:07.159+0000][1692266][info ][gc,cpu      ] GC(421) User=0.00s Sys=0.00s Real=0.00s
[2025-08-21T03:40:07.159+0000][1692266][info ][safepoint   ] Safepoint "G1CollectForAllocation", Time since last: 445266045036 ns, Reaching safepoint: 8693 ns, Cleanup: 3375 ns, At safepoint: 3168204 ns, Total: 3180272 ns
[2025-08-21T03:40:07.163+0000][1692266][info ][gc          ] GC(422) Concurrent Mark Cycle
[2025-08-21T03:40:07.163+0000][1692266][info ][gc,marking  ] GC(422) Concurrent Scan Root Regions
[2025-08-21T03:40:07.165+0000][1692266][info ][gc,marking  ] GC(422) Concurrent Scan Root Regions 1.317ms
[2025-08-21T03:40:07.165+0000][1692266][info ][gc,marking  ] GC(422) Concurrent Mark
[2025-08-21T03:40:07.165+0000][1692266][info ][gc,marking  ] GC(422) Concurrent Mark From Roots
[2025-08-21T03:40:07.165+0000][1692266][info ][gc,task     ] GC(422) Using 1 workers of 1 for marking
[2025-08-21T03:40:07.274+0000][1692266][info ][gc,marking  ] GC(422) Concurrent Mark From Roots 109.324ms
[2025-08-21T03:40:07.274+0000][1692266][info ][gc,marking  ] GC(422) Concurrent Preclean
[2025-08-21T03:40:07.274+0000][1692266][info ][gc,marking  ] GC(422) Concurrent Preclean 0.328ms
[2025-08-21T03:40:07.274+0000][1692266][info ][gc,start    ] GC(422) Pause Remark
[2025-08-21T03:40:07.279+0000][1692266][info ][gc          ] GC(422) Pause Remark 90M->90M(512M) 4.243ms
[2025-08-21T03:40:07.279+0000][1692266][info ][gc,cpu      ] GC(422) User=0.00s Sys=0.00s Real=0.01s
[2025-08-21T03:40:07.279+0000][1692266][info ][safepoint   ] Safepoint "G1PauseRemark", Time since last: 115411675 ns, Reaching safepoint: 5709 ns, Cleanup: 3105 ns, At safepoint: 4288786 ns, Total: 4297600 ns
[2025-08-21T03:40:07.279+0000][1692266][info ][gc,marking  ] GC(422) Concurrent Mark 114.024ms
[2025-08-21T03:40:07.279+0000][1692266][info ][gc,marking  ] GC(422) Concurrent Rebuild Remembered Sets and Scrub Regions
[2025-08-21T03:40:07.315+0000][1692266][info ][gc,marking  ] GC(422) Concurrent Rebuild Remembered Sets and Scrub Regions 36.082ms
[2025-08-21T03:40:07.315+0000][1692266][info ][gc,start    ] GC(422) Pause Cleanup
[2025-08-21T03:40:07.315+0000][1692266][info ][gc          ] GC(422) Pause Cleanup 90M->90M(512M) 0.029ms
[2025-08-21T03:40:07.315+0000][1692266][info ][gc,cpu      ] GC(422) User=0.00s Sys=0.00s Real=0.00s
[2025-08-21T03:40:07.315+0000][1692266][info ][safepoint   ] Safepoint "G1PauseCleanup", Time since last: 36126773 ns, Reaching safepoint: 3946 ns, Cleanup: 831 ns, At safepoint: 54602 ns, Total: 59379 ns
[2025-08-21T03:40:07.315+0000][1692266][info ][gc,marking  ] GC(422) Concurrent Clear Claimed Marks
[2025-08-21T03:40:07.315+0000][1692266][info ][gc,marking  ] GC(422) Concurrent Clear Claimed Marks 0.130ms
[2025-08-21T03:40:07.315+0000][1692266][info ][gc,marking  ] GC(422) Concurrent Cleanup for Next Mark
[2025-08-21T03:40:07.326+0000][1692266][info ][gc,marking  ] GC(422) Concurrent Cleanup for Next Mark 10.589ms
[2025-08-21T03:40:07.326+0000][1692266][info ][gc          ] GC(422) Concurrent Mark Cycle 162.305ms
[2025-08-21T03:47:30.413+0000][1692266][info ][gc,start    ] GC(423) Pause Young (Normal) (G1 Evacuation Pause)
[2025-08-21T03:47:30.414+0000][1692266][info ][gc,task     ] GC(423) Using 1 workers of 1 for evacuation
[2025-08-21T03:47:30.414+0000][1692266][debug][gc,age      ] GC(423) Desired survivor size 20971520 bytes, new threshold 15 (max threshold 15)
[2025-08-21T03:47:30.416+0000][1692266][info ][gc,phases   ] GC(423)   Pre Evacuate Collection Set: 0.1ms
[2025-08-21T03:47:30.416+0000][1692266][info ][gc,phases   ] GC(423)   Merge Heap Roots: 0.0ms
[2025-08-21T03:47:30.416+0000][1692266][info ][gc,phases   ] GC(423)   Evacuate Collection Set: 1.8ms
[2025-08-21T03:47:30.416+0000][1692266][info ][gc,phases   ] GC(423)   Post Evacuate Collection Set: 0.7ms
[2025-08-21T03:47:30.416+0000][1692266][info ][gc,phases   ] GC(423)   Other: 0.0ms
[2025-08-21T03:47:30.416+0000][1692266][trace][gc,age      ] GC(423) Age table with threshold 15 (max threshold 15)
[2025-08-21T03:47:30.416+0000][1692266][trace][gc,age      ] GC(423) - age   1:     138648 bytes,     138648 total
[2025-08-21T03:47:30.416+0000][1692266][trace][gc,age      ] GC(423) - age   2:       2000 bytes,     140648 total
[2025-08-21T03:47:30.416+0000][1692266][trace][gc,age      ] GC(423) - age   6:        216 bytes,     140864 total
[2025-08-21T03:47:30.416+0000][1692266][trace][gc,age      ] GC(423) - age   8:        176 bytes,     141040 total
[2025-08-21T03:47:30.416+0000][1692266][info ][gc,heap     ] GC(423) Eden regions: 75->0(75)
[2025-08-21T03:47:30.416+0000][1692266][info ][gc,heap     ] GC(423) Survivor regions: 1->1(10)
[2025-08-21T03:47:30.416+0000][1692266][info ][gc,heap     ] GC(423) Old regions: 22->22
[2025-08-21T03:47:30.416+0000][1692266][info ][gc,heap     ] GC(423) Humongous regions: 0->0
[2025-08-21T03:47:30.416+0000][1692266][info ][gc,metaspace] GC(423) Metaspace: 142045K(148544K)->142045K(148544K) NonClass: 123088K(127104K)->123088K(127104K) Class: 18957K(21440K)->18957K(21440K)
[2025-08-21T03:47:30.416+0000][1692266][info ][gc          ] GC(423) Pause Young (Normal) (G1 Evacuation Pause) 387M->87M(512M) 3.189ms
[2025-08-21T03:47:30.416+0000][1692266][info ][gc,cpu      ] GC(423) User=0.01s Sys=0.01s Real=0.01s
[2025-08-21T03:47:30.416+0000][1692266][info ][safepoint   ] Safepoint "G1CollectForAllocation", Time since last: 443098355550 ns, Reaching safepoint: 9875 ns, Cleanup: 3285 ns, At safepoint: 3228836 ns, Total: 3241996 ns
[2025-08-21T03:54:52.722+0000][1692266][info ][gc,start    ] GC(424) Pause Young (Concurrent Start) (G1 Evacuation Pause)
[2025-08-21T03:54:52.722+0000][1692266][info ][gc,task     ] GC(424) Using 1 workers of 1 for evacuation
[2025-08-21T03:54:52.722+0000][1692266][debug][gc,age      ] GC(424) Desired survivor size 20971520 bytes, new threshold 15 (max threshold 15)
[2025-08-21T03:54:52.724+0000][1692266][info ][gc,phases   ] GC(424)   Pre Evacuate Collection Set: 0.1ms
[2025-08-21T03:54:52.724+0000][1692266][info ][gc,phases   ] GC(424)   Merge Heap Roots: 0.0ms
[2025-08-21T03:54:52.724+0000][1692266][info ][gc,phases   ] GC(424)   Evacuate Collection Set: 1.2ms
[2025-08-21T03:54:52.724+0000][1692266][info ][gc,phases   ] GC(424)   Post Evacuate Collection Set: 0.7ms
[2025-08-21T03:54:52.724+0000][1692266][info ][gc,phases   ] GC(424)   Other: 0.0ms
[2025-08-21T03:54:52.724+0000][1692266][trace][gc,age      ] GC(424) Age table with threshold 15 (max threshold 15)
[2025-08-21T03:54:52.724+0000][1692266][trace][gc,age      ] GC(424) - age   1:      17152 bytes,      17152 total
[2025-08-21T03:54:52.724+0000][1692266][trace][gc,age      ] GC(424) - age   2:        352 bytes,      17504 total
[2025-08-21T03:54:52.724+0000][1692266][trace][gc,age      ] GC(424) - age   3:       1448 bytes,      18952 total
[2025-08-21T03:54:52.724+0000][1692266][trace][gc,age      ] GC(424) - age   7:        216 bytes,      19168 total
[2025-08-21T03:54:52.724+0000][1692266][info ][gc,heap     ] GC(424) Eden regions: 75->0(75)
[2025-08-21T03:54:52.725+0000][1692266][info ][gc,heap     ] GC(424) Survivor regions: 1->1(10)
[2025-08-21T03:54:52.725+0000][1692266][info ][gc,heap     ] GC(424) Old regions: 22->22
[2025-08-21T03:54:52.725+0000][1692266][info ][gc,heap     ] GC(424) Humongous regions: 0->0
[2025-08-21T03:54:52.725+0000][1692266][info ][gc,metaspace] GC(424) Metaspace: 142046K(148544K)->142046K(148544K) NonClass: 123089K(127104K)->123089K(127104K) Class: 18957K(21440K)->18957K(21440K)
[2025-08-21T03:54:52.725+0000][1692266][info ][gc          ] GC(424) Pause Young (Concurrent Start) (G1 Evacuation Pause) 387M->87M(512M) 2.304ms
[2025-08-21T03:54:52.725+0000][1692266][info ][gc,cpu      ] GC(424) User=0.00s Sys=0.01s Real=0.00s
[2025-08-21T03:54:52.725+0000][1692266][info ][safepoint   ] Safepoint "G1CollectForAllocation", Time since last: 442305694189 ns, Reaching safepoint: 7952 ns, Cleanup: 2484 ns, At safepoint: 2343709 ns, Total: 2354145 ns
[2025-08-21T03:54:52.730+0000][1692266][info ][gc          ] GC(425) Concurrent Mark Cycle
[2025-08-21T03:54:52.730+0000][1692266][info ][gc,marking  ] GC(425) Concurrent Scan Root Regions
[2025-08-21T03:54:52.731+0000][1692266][info ][gc,marking  ] GC(425) Concurrent Scan Root Regions 1.012ms
[2025-08-21T03:54:52.731+0000][1692266][info ][gc,marking  ] GC(425) Concurrent Mark
[2025-08-21T03:54:52.731+0000][1692266][info ][gc,marking  ] GC(425) Concurrent Mark From Roots
[2025-08-21T03:54:52.731+0000][1692266][info ][gc,task     ] GC(425) Using 1 workers of 1 for marking
[2025-08-21T03:54:52.835+0000][1692266][info ][gc,marking  ] GC(425) Concurrent Mark From Roots 103.565ms
[2025-08-21T03:54:52.835+0000][1692266][info ][gc,marking  ] GC(425) Concurrent Preclean
[2025-08-21T03:54:52.835+0000][1692266][info ][gc,marking  ] GC(425) Concurrent Preclean 0.370ms
[2025-08-21T03:54:52.835+0000][1692266][info ][gc,start    ] GC(425) Pause Remark
[2025-08-21T03:54:52.840+0000][1692266][info ][gc          ] GC(425) Pause Remark 87M->87M(512M) 4.162ms
[2025-08-21T03:54:52.840+0000][1692266][info ][gc,cpu      ] GC(425) User=0.00s Sys=0.00s Real=0.00s
[2025-08-21T03:54:52.840+0000][1692266][info ][safepoint   ] Safepoint "G1PauseRemark", Time since last: 110859802 ns, Reaching safepoint: 5649 ns, Cleanup: 3064 ns, At safepoint: 4201184 ns, Total: 4209897 ns
[2025-08-21T03:54:52.840+0000][1692266][info ][gc,marking  ] GC(425) Concurrent Mark 108.217ms
[2025-08-21T03:54:52.840+0000][1692266][info ][gc,marking  ] GC(425) Concurrent Rebuild Remembered Sets and Scrub Regions
[2025-08-21T03:54:52.896+0000][1692266][info ][gc,marking  ] GC(425) Concurrent Rebuild Remembered Sets and Scrub Regions 56.119ms
[2025-08-21T03:54:52.896+0000][1692266][info ][gc,start    ] GC(425) Pause Cleanup
[2025-08-21T03:54:52.896+0000][1692266][info ][gc          ] GC(425) Pause Cleanup 87M->87M(512M) 0.034ms
[2025-08-21T03:54:52.896+0000][1692266][info ][gc,cpu      ] GC(425) User=0.00s Sys=0.00s Real=0.00s
[2025-08-21T03:54:52.896+0000][1692266][info ][safepoint   ] Safepoint "G1PauseCleanup", Time since last: 56170469 ns, Reaching safepoint: 4127 ns, Cleanup: 1512 ns, At safepoint: 62795 ns, Total: 68434 ns
[2025-08-21T03:54:52.896+0000][1692266][info ][gc,marking  ] GC(425) Concurrent Clear Claimed Marks
[2025-08-21T03:54:52.896+0000][1692266][info ][gc,marking  ] GC(425) Concurrent Clear Claimed Marks 0.142ms
[2025-08-21T03:54:52.896+0000][1692266][info ][gc,marking  ] GC(425) Concurrent Cleanup for Next Mark
[2025-08-21T03:54:52.896+0000][1692266][info ][gc,marking  ] GC(425) Concurrent Cleanup for Next Mark 0.232ms
[2025-08-21T03:54:52.896+0000][1692266][info ][gc          ] GC(425) Concurrent Mark Cycle 165.868ms
[2025-08-21T04:02:17.412+0000][1692266][info ][gc,start    ] GC(426) Pause Young (Normal) (G1 Evacuation Pause)
[2025-08-21T04:02:17.413+0000][1692266][info ][gc,task     ] GC(426) Using 1 workers of 1 for evacuation
[2025-08-21T04:02:17.413+0000][1692266][debug][gc,age      ] GC(426) Desired survivor size 20971520 bytes, new threshold 15 (max threshold 15)
[2025-08-21T04:02:17.416+0000][1692266][info ][gc,phases   ] GC(426)   Pre Evacuate Collection Set: 0.5ms
[2025-08-21T04:02:17.416+0000][1692266][info ][gc,phases   ] GC(426)   Merge Heap Roots: 0.0ms
[2025-08-21T04:02:17.416+0000][1692266][info ][gc,phases   ] GC(426)   Evacuate Collection Set: 1.7ms
[2025-08-21T04:02:17.416+0000][1692266][info ][gc,phases   ] GC(426)   Post Evacuate Collection Set: 0.8ms
[2025-08-21T04:02:17.416+0000][1692266][info ][gc,phases   ] GC(426)   Other: 0.0ms
[2025-08-21T04:02:17.416+0000][1692266][trace][gc,age      ] GC(426) Age table with threshold 15 (max threshold 15)
[2025-08-21T04:02:17.416+0000][1692266][trace][gc,age      ] GC(426) - age   1:      23568 bytes,      23568 total
[2025-08-21T04:02:17.416+0000][1692266][trace][gc,age      ] GC(426) - age   2:        728 bytes,      24296 total
[2025-08-21T04:02:17.416+0000][1692266][trace][gc,age      ] GC(426) - age   3:        240 bytes,      24536 total
[2025-08-21T04:02:17.416+0000][1692266][trace][gc,age      ] GC(426) - age   4:       1448 bytes,      25984 total
[2025-08-21T04:02:17.416+0000][1692266][trace][gc,age      ] GC(426) - age   8:        216 bytes,      26200 total
[2025-08-21T04:02:17.416+0000][1692266][info ][gc,heap     ] GC(426) Eden regions: 75->0(75)
[2025-08-21T04:02:17.416+0000][1692266][info ][gc,heap     ] GC(426) Survivor regions: 1->1(10)
[2025-08-21T04:02:17.416+0000][1692266][info ][gc,heap     ] GC(426) Old regions: 22->22
[2025-08-21T04:02:17.416+0000][1692266][info ][gc,heap     ] GC(426) Humongous regions: 0->0
[2025-08-21T04:02:17.416+0000][1692266][info ][gc,metaspace] GC(426) Metaspace: 142046K(148544K)->142046K(148544K) NonClass: 123089K(127104K)->123089K(127104K) Class: 18957K(21440K)->18957K(21440K)
[2025-08-21T04:02:17.416+0000][1692266][info ][gc          ] GC(426) Pause Young (Normal) (G1 Evacuation Pause) 387M->87M(512M) 3.850ms
[2025-08-21T04:02:17.416+0000][1692266][info ][gc,cpu      ] GC(426) User=0.00s Sys=0.00s Real=0.01s
[2025-08-21T04:02:17.416+0000][1692266][info ][safepoint   ] Safepoint "G1CollectForAllocation", Time since last: 444516527310 ns, Reaching safepoint: 9524 ns, Cleanup: 2805 ns, At safepoint: 3888491 ns, Total: 3900820 ns
[2025-08-21T04:09:41.196+0000][1692266][info ][gc,start    ] GC(427) Pause Young (Concurrent Start) (G1 Evacuation Pause)
[2025-08-21T04:09:41.196+0000][1692266][info ][gc,task     ] GC(427) Using 1 workers of 1 for evacuation
[2025-08-21T04:09:41.196+0000][1692266][debug][gc,age      ] GC(427) Desired survivor size 20971520 bytes, new threshold 15 (max threshold 15)
[2025-08-21T04:09:41.199+0000][1692266][info ][gc,phases   ] GC(427)   Pre Evacuate Collection Set: 0.1ms
[2025-08-21T04:09:41.199+0000][1692266][info ][gc,phases   ] GC(427)   Merge Heap Roots: 0.0ms
[2025-08-21T04:09:41.199+0000][1692266][info ][gc,phases   ] GC(427)   Evacuate Collection Set: 1.4ms
[2025-08-21T04:09:41.199+0000][1692266][info ][gc,phases   ] GC(427)   Post Evacuate Collection Set: 0.7ms
[2025-08-21T04:09:41.199+0000][1692266][info ][gc,phases   ] GC(427)   Other: 0.0ms
[2025-08-21T04:09:41.199+0000][1692266][trace][gc,age      ] GC(427) Age table with threshold 15 (max threshold 15)
[2025-08-21T04:09:41.199+0000][1692266][trace][gc,age      ] GC(427) - age   1:     138224 bytes,     138224 total
[2025-08-21T04:09:41.199+0000][1692266][trace][gc,age      ] GC(427) - age   2:        552 bytes,     138776 total
[2025-08-21T04:09:41.199+0000][1692266][trace][gc,age      ] GC(427) - age   3:        176 bytes,     138952 total
[2025-08-21T04:09:41.199+0000][1692266][trace][gc,age      ] GC(427) - age   4:        240 bytes,     139192 total
[2025-08-21T04:09:41.199+0000][1692266][trace][gc,age      ] GC(427) - age   5:       1448 bytes,     140640 total
[2025-08-21T04:09:41.199+0000][1692266][trace][gc,age      ] GC(427) - age   9:        216 bytes,     140856 total
[2025-08-21T04:09:41.199+0000][1692266][info ][gc,heap     ] GC(427) Eden regions: 75->0(75)
[2025-08-21T04:09:41.199+0000][1692266][info ][gc,heap     ] GC(427) Survivor regions: 1->1(10)
[2025-08-21T04:09:41.199+0000][1692266][info ][gc,heap     ] GC(427) Old regions: 22->22
[2025-08-21T04:09:41.199+0000][1692266][info ][gc,heap     ] GC(427) Humongous regions: 0->0
[2025-08-21T04:09:41.199+0000][1692266][info ][gc,metaspace] GC(427) Metaspace: 142046K(148544K)->142046K(148544K) NonClass: 123089K(127104K)->123089K(127104K) Class: 18957K(21440K)->18957K(21440K)
[2025-08-21T04:09:41.199+0000][1692266][info ][gc          ] GC(427) Pause Young (Concurrent Start) (G1 Evacuation Pause) 387M->87M(512M) 2.776ms
[2025-08-21T04:09:41.199+0000][1692266][info ][gc,cpu      ] GC(427) User=0.01s Sys=0.00s Real=0.00s
[2025-08-21T04:09:41.199+0000][1692266][info ][safepoint   ] Safepoint "G1CollectForAllocation", Time since last: 443779686812 ns, Reaching safepoint: 9294 ns, Cleanup: 3295 ns, At safepoint: 2816763 ns, Total: 2829352 ns
[2025-08-21T04:09:41.205+0000][1692266][info ][gc          ] GC(428) Concurrent Mark Cycle
[2025-08-21T04:09:41.205+0000][1692266][info ][gc,marking  ] GC(428) Concurrent Scan Root Regions
[2025-08-21T04:09:41.206+0000][1692266][info ][gc,marking  ] GC(428) Concurrent Scan Root Regions 1.019ms
[2025-08-21T04:09:41.206+0000][1692266][info ][gc,marking  ] GC(428) Concurrent Mark
[2025-08-21T04:09:41.206+0000][1692266][info ][gc,marking  ] GC(428) Concurrent Mark From Roots
[2025-08-21T04:09:41.206+0000][1692266][info ][gc,task     ] GC(428) Using 1 workers of 1 for marking
[2025-08-21T04:09:41.315+0000][1692266][info ][gc,marking  ] GC(428) Concurrent Mark From Roots 108.672ms
[2025-08-21T04:09:41.315+0000][1692266][info ][gc,marking  ] GC(428) Concurrent Preclean
[2025-08-21T04:09:41.315+0000][1692266][info ][gc,marking  ] GC(428) Concurrent Preclean 0.271ms
[2025-08-21T04:09:41.315+0000][1692266][info ][gc,start    ] GC(428) Pause Remark
[2025-08-21T04:09:41.320+0000][1692266][info ][gc          ] GC(428) Pause Remark 89M->89M(512M) 4.176ms
[2025-08-21T04:09:41.320+0000][1692266][info ][gc,cpu      ] GC(428) User=0.00s Sys=0.00s Real=0.00s
[2025-08-21T04:09:41.320+0000][1692266][info ][safepoint   ] Safepoint "G1PauseRemark", Time since last: 116605611 ns, Reaching safepoint: 5278 ns, Cleanup: 2734 ns, At safepoint: 4216757 ns, Total: 4224769 ns
[2025-08-21T04:09:41.320+0000][1692266][info ][gc,marking  ] GC(428) Concurrent Mark 113.244ms
[2025-08-21T04:09:41.320+0000][1692266][info ][gc,marking  ] GC(428) Concurrent Rebuild Remembered Sets and Scrub Regions
[2025-08-21T04:09:41.366+0000][1692266][info ][gc,marking  ] GC(428) Concurrent Rebuild Remembered Sets and Scrub Regions 46.523ms
[2025-08-21T04:09:41.366+0000][1692266][info ][gc,start    ] GC(428) Pause Cleanup
[2025-08-21T04:09:41.366+0000][1692266][info ][gc          ] GC(428) Pause Cleanup 89M->89M(512M) 0.033ms
[2025-08-21T04:09:41.366+0000][1692266][info ][gc,cpu      ] GC(428) User=0.00s Sys=0.00s Real=0.00s
[2025-08-21T04:09:41.366+0000][1692266][info ][safepoint   ] Safepoint "G1PauseCleanup", Time since last: 46568271 ns, Reaching safepoint: 4086 ns, Cleanup: 912 ns, At safepoint: 60110 ns, Total: 65108 ns
[2025-08-21T04:09:41.366+0000][1692266][info ][gc,marking  ] GC(428) Concurrent Clear Claimed Marks
[2025-08-21T04:09:41.366+0000][1692266][info ][gc,marking  ] GC(428) Concurrent Clear Claimed Marks 0.141ms
[2025-08-21T04:09:41.366+0000][1692266][info ][gc,marking  ] GC(428) Concurrent Cleanup for Next Mark
[2025-08-21T04:09:41.367+0000][1692266][info ][gc,marking  ] GC(428) Concurrent Cleanup for Next Mark 0.247ms
[2025-08-21T04:09:41.367+0000][1692266][info ][gc          ] GC(428) Concurrent Mark Cycle 161.315ms
[2025-08-21T04:17:03.529+0000][1692266][info ][gc,start    ] GC(429) Pause Young (Normal) (G1 Evacuation Pause)
[2025-08-21T04:17:03.529+0000][1692266][info ][gc,task     ] GC(429) Using 1 workers of 1 for evacuation
[2025-08-21T04:17:03.529+0000][1692266][debug][gc,age      ] GC(429) Desired survivor size 20971520 bytes, new threshold 15 (max threshold 15)
[2025-08-21T04:17:03.532+0000][1692266][info ][gc,phases   ] GC(429)   Pre Evacuate Collection Set: 0.1ms
[2025-08-21T04:17:03.532+0000][1692266][info ][gc,phases   ] GC(429)   Merge Heap Roots: 0.1ms
[2025-08-21T04:17:03.532+0000][1692266][info ][gc,phases   ] GC(429)   Evacuate Collection Set: 1.6ms
[2025-08-21T04:17:03.532+0000][1692266][info ][gc,phases   ] GC(429)   Post Evacuate Collection Set: 1.0ms
[2025-08-21T04:17:03.532+0000][1692266][info ][gc,phases   ] GC(429)   Other: 0.0ms
[2025-08-21T04:17:03.532+0000][1692266][trace][gc,age      ] GC(429) Age table with threshold 15 (max threshold 15)
[2025-08-21T04:17:03.532+0000][1692266][trace][gc,age      ] GC(429) - age   1:      16448 bytes,      16448 total
[2025-08-21T04:17:03.532+0000][1692266][trace][gc,age      ] GC(429) - age   2:        552 bytes,      17000 total
[2025-08-21T04:17:03.532+0000][1692266][trace][gc,age      ] GC(429) - age   4:        176 bytes,      17176 total
[2025-08-21T04:17:03.532+0000][1692266][trace][gc,age      ] GC(429) - age   5:        240 bytes,      17416 total
[2025-08-21T04:17:03.532+0000][1692266][trace][gc,age      ] GC(429) - age   6:       1448 bytes,      18864 total
[2025-08-21T04:17:03.532+0000][1692266][trace][gc,age      ] GC(429) - age  10:        216 bytes,      19080 total
[2025-08-21T04:17:03.532+0000][1692266][info ][gc,heap     ] GC(429) Eden regions: 75->0(75)
[2025-08-21T04:17:03.532+0000][1692266][info ][gc,heap     ] GC(429) Survivor regions: 1->1(10)
[2025-08-21T04:17:03.532+0000][1692266][info ][gc,heap     ] GC(429) Old regions: 22->22
[2025-08-21T04:17:03.532+0000][1692266][info ][gc,heap     ] GC(429) Humongous regions: 0->0
[2025-08-21T04:17:03.532+0000][1692266][info ][gc,metaspace] GC(429) Metaspace: 142046K(148544K)->142046K(148544K) NonClass: 123089K(127104K)->123089K(127104K) Class: 18957K(21440K)->18957K(21440K)
[2025-08-21T04:17:03.532+0000][1692266][info ][gc          ] GC(429) Pause Young (Normal) (G1 Evacuation Pause) 387M->87M(512M) 3.002ms
[2025-08-21T04:17:03.532+0000][1692266][info ][gc,cpu      ] GC(429) User=0.00s Sys=0.00s Real=0.00s
[2025-08-21T04:17:03.532+0000][1692266][info ][safepoint   ] Safepoint "G1CollectForAllocation", Time since last: 442162785122 ns, Reaching safepoint: 7832 ns, Cleanup: 2463 ns, At safepoint: 3040962 ns, Total: 3051257 ns
[2025-08-21T04:24:27.858+0000][1692266][info ][gc,start    ] GC(430) Pause Young (Concurrent Start) (G1 Evacuation Pause)
[2025-08-21T04:24:27.859+0000][1692266][info ][gc,task     ] GC(430) Using 1 workers of 1 for evacuation
[2025-08-21T04:24:27.859+0000][1692266][debug][gc,age      ] GC(430) Desired survivor size 20971520 bytes, new threshold 15 (max threshold 15)
[2025-08-21T04:24:27.861+0000][1692266][info ][gc,phases   ] GC(430)   Pre Evacuate Collection Set: 0.1ms
[2025-08-21T04:24:27.861+0000][1692266][info ][gc,phases   ] GC(430)   Merge Heap Roots: 0.0ms
[2025-08-21T04:24:27.861+0000][1692266][info ][gc,phases   ] GC(430)   Evacuate Collection Set: 1.2ms
[2025-08-21T04:24:27.861+0000][1692266][info ][gc,phases   ] GC(430)   Post Evacuate Collection Set: 0.7ms
[2025-08-21T04:24:27.861+0000][1692266][info ][gc,phases   ] GC(430)   Other: 0.0ms
[2025-08-21T04:24:27.861+0000][1692266][trace][gc,age      ] GC(430) Age table with threshold 15 (max threshold 15)
[2025-08-21T04:24:27.861+0000][1692266][trace][gc,age      ] GC(430) - age   1:      15344 bytes,      15344 total
[2025-08-21T04:24:27.861+0000][1692266][trace][gc,age      ] GC(430) - age   2:        112 bytes,      15456 total
[2025-08-21T04:24:27.861+0000][1692266][trace][gc,age      ] GC(430) - age   5:        176 bytes,      15632 total
[2025-08-21T04:24:27.861+0000][1692266][trace][gc,age      ] GC(430) - age   6:        240 bytes,      15872 total
[2025-08-21T04:24:27.861+0000][1692266][trace][gc,age      ] GC(430) - age   7:       1448 bytes,      17320 total
[2025-08-21T04:24:27.861+0000][1692266][trace][gc,age      ] GC(430) - age  11:        216 bytes,      17536 total
[2025-08-21T04:24:27.861+0000][1692266][info ][gc,heap     ] GC(430) Eden regions: 75->0(75)
[2025-08-21T04:24:27.861+0000][1692266][info ][gc,heap     ] GC(430) Survivor regions: 1->1(10)
[2025-08-21T04:24:27.861+0000][1692266][info ][gc,heap     ] GC(430) Old regions: 22->22
[2025-08-21T04:24:27.861+0000][1692266][info ][gc,heap     ] GC(430) Humongous regions: 0->0
[2025-08-21T04:24:27.861+0000][1692266][info ][gc,metaspace] GC(430) Metaspace: 142046K(148544K)->142046K(148544K) NonClass: 123089K(127104K)->123089K(127104K) Class: 18957K(21440K)->18957K(21440K)
[2025-08-21T04:24:27.861+0000][1692266][info ][gc          ] GC(430) Pause Young (Concurrent Start) (G1 Evacuation Pause) 387M->87M(512M) 2.565ms
[2025-08-21T04:24:27.861+0000][1692266][info ][gc,cpu      ] GC(430) User=0.00s Sys=0.00s Real=0.00s
[2025-08-21T04:24:27.861+0000][1692266][info ][safepoint   ] Safepoint "G1CollectForAllocation", Time since last: 444326172337 ns, Reaching safepoint: 5398 ns, Cleanup: 2794 ns, At safepoint: 2605875 ns, Total: 2614067 ns
[2025-08-21T04:24:27.867+0000][1692266][info ][gc          ] GC(431) Concurrent Mark Cycle
[2025-08-21T04:24:27.867+0000][1692266][info ][gc,marking  ] GC(431) Concurrent Scan Root Regions
[2025-08-21T04:24:27.868+0000][1692266][info ][gc,marking  ] GC(431) Concurrent Scan Root Regions 0.471ms
[2025-08-21T04:24:27.868+0000][1692266][info ][gc,marking  ] GC(431) Concurrent Mark
[2025-08-21T04:24:27.868+0000][1692266][info ][gc,marking  ] GC(431) Concurrent Mark From Roots
[2025-08-21T04:24:27.868+0000][1692266][info ][gc,task     ] GC(431) Using 1 workers of 1 for marking
[2025-08-21T04:24:27.978+0000][1692266][info ][gc,marking  ] GC(431) Concurrent Mark From Roots 109.662ms
[2025-08-21T04:24:27.978+0000][1692266][info ][gc,marking  ] GC(431) Concurrent Preclean
[2025-08-21T04:24:27.978+0000][1692266][info ][gc,marking  ] GC(431) Concurrent Preclean 0.332ms
[2025-08-21T04:24:27.978+0000][1692266][info ][gc,start    ] GC(431) Pause Remark
[2025-08-21T04:24:27.982+0000][1692266][info ][gc          ] GC(431) Pause Remark 87M->87M(512M) 4.299ms
[2025-08-21T04:24:27.982+0000][1692266][info ][gc,cpu      ] GC(431) User=0.01s Sys=0.00s Real=0.00s
[2025-08-21T04:24:27.982+0000][1692266][info ][safepoint   ] Safepoint "G1PauseRemark", Time since last: 117002232 ns, Reaching safepoint: 33751 ns, Cleanup: 3035 ns, At safepoint: 4341827 ns, Total: 4378613 ns
[2025-08-21T04:24:27.982+0000][1692266][info ][gc,marking  ] GC(431) Concurrent Mark 114.442ms
[2025-08-21T04:24:27.982+0000][1692266][info ][gc,marking  ] GC(431) Concurrent Rebuild Remembered Sets and Scrub Regions
[2025-08-21T04:24:28.016+0000][1692266][info ][gc,marking  ] GC(431) Concurrent Rebuild Remembered Sets and Scrub Regions 33.666ms
[2025-08-21T04:24:28.016+0000][1692266][info ][gc,start    ] GC(431) Pause Cleanup
[2025-08-21T04:24:28.016+0000][1692266][info ][gc          ] GC(431) Pause Cleanup 87M->87M(512M) 0.032ms
[2025-08-21T04:24:28.016+0000][1692266][info ][gc,cpu      ] GC(431) User=0.00s Sys=0.00s Real=0.00s
[2025-08-21T04:24:28.016+0000][1692266][info ][safepoint   ] Safepoint "G1PauseCleanup", Time since last: 33722703 ns, Reaching safepoint: 3876 ns, Cleanup: 1713 ns, At safepoint: 56525 ns, Total: 62114 ns
[2025-08-21T04:24:28.016+0000][1692266][info ][gc,marking  ] GC(431) Concurrent Clear Claimed Marks
[2025-08-21T04:24:28.016+0000][1692266][info ][gc,marking  ] GC(431) Concurrent Clear Claimed Marks 0.116ms
[2025-08-21T04:24:28.016+0000][1692266][info ][gc,marking  ] GC(431) Concurrent Cleanup for Next Mark
[2025-08-21T04:24:28.029+0000][1692266][info ][gc,marking  ] GC(431) Concurrent Cleanup for Next Mark 12.411ms
[2025-08-21T04:24:28.029+0000][1692266][info ][gc          ] GC(431) Concurrent Mark Cycle 161.250ms
[2025-08-21T04:31:51.905+0000][1692266][info ][gc,start    ] GC(432) Pause Young (Normal) (G1 Evacuation Pause)
[2025-08-21T04:31:51.905+0000][1692266][info ][gc,task     ] GC(432) Using 1 workers of 1 for evacuation
[2025-08-21T04:31:51.905+0000][1692266][debug][gc,age      ] GC(432) Desired survivor size 20971520 bytes, new threshold 15 (max threshold 15)
[2025-08-21T04:31:51.908+0000][1692266][info ][gc,phases   ] GC(432)   Pre Evacuate Collection Set: 0.1ms
[2025-08-21T04:31:51.908+0000][1692266][info ][gc,phases   ] GC(432)   Merge Heap Roots: 0.0ms
[2025-08-21T04:31:51.908+0000][1692266][info ][gc,phases   ] GC(432)   Evacuate Collection Set: 1.6ms
[2025-08-21T04:31:51.908+0000][1692266][info ][gc,phases   ] GC(432)   Post Evacuate Collection Set: 0.7ms
[2025-08-21T04:31:51.908+0000][1692266][info ][gc,phases   ] GC(432)   Other: 0.0ms
[2025-08-21T04:31:51.908+0000][1692266][trace][gc,age      ] GC(432) Age table with threshold 15 (max threshold 15)
[2025-08-21T04:31:51.908+0000][1692266][trace][gc,age      ] GC(432) - age   1:      34696 bytes,      34696 total
[2025-08-21T04:31:51.908+0000][1692266][trace][gc,age      ] GC(432) - age   2:        680 bytes,      35376 total
[2025-08-21T04:31:51.908+0000][1692266][trace][gc,age      ] GC(432) - age   6:        176 bytes,      35552 total
[2025-08-21T04:31:51.908+0000][1692266][trace][gc,age      ] GC(432) - age   7:        240 bytes,      35792 total
[2025-08-21T04:31:51.908+0000][1692266][trace][gc,age      ] GC(432) - age   8:       1448 bytes,      37240 total
[2025-08-21T04:31:51.908+0000][1692266][trace][gc,age      ] GC(432) - age  12:        216 bytes,      37456 total
[2025-08-21T04:31:51.908+0000][1692266][info ][gc,heap     ] GC(432) Eden regions: 75->0(75)
[2025-08-21T04:31:51.908+0000][1692266][info ][gc,heap     ] GC(432) Survivor regions: 1->1(10)
[2025-08-21T04:31:51.908+0000][1692266][info ][gc,heap     ] GC(432) Old regions: 22->22
[2025-08-21T04:31:51.908+0000][1692266][info ][gc,heap     ] GC(432) Humongous regions: 0->0
[2025-08-21T04:31:51.908+0000][1692266][info ][gc,metaspace] GC(432) Metaspace: 142046K(148544K)->142046K(148544K) NonClass: 123089K(127104K)->123089K(127104K) Class: 18957K(21440K)->18957K(21440K)
[2025-08-21T04:31:51.908+0000][1692266][info ][gc          ] GC(432) Pause Young (Normal) (G1 Evacuation Pause) 387M->87M(512M) 3.049ms
[2025-08-21T04:31:51.908+0000][1692266][info ][gc,cpu      ] GC(432) User=0.00s Sys=0.00s Real=0.01s
[2025-08-21T04:31:51.908+0000][1692266][info ][safepoint   ] Safepoint "G1CollectForAllocation", Time since last: 443888468192 ns, Reaching safepoint: 8774 ns, Cleanup: 3315 ns, At safepoint: 3087332 ns, Total: 3099421 ns
[2025-08-21T04:39:17.152+0000][1692266][info ][gc,start    ] GC(433) Pause Young (Concurrent Start) (G1 Evacuation Pause)
[2025-08-21T04:39:17.153+0000][1692266][info ][gc,task     ] GC(433) Using 1 workers of 1 for evacuation
[2025-08-21T04:39:17.153+0000][1692266][debug][gc,age      ] GC(433) Desired survivor size 20971520 bytes, new threshold 15 (max threshold 15)
[2025-08-21T04:39:17.155+0000][1692266][info ][gc,phases   ] GC(433)   Pre Evacuate Collection Set: 0.1ms
[2025-08-21T04:39:17.155+0000][1692266][info ][gc,phases   ] GC(433)   Merge Heap Roots: 0.0ms
[2025-08-21T04:39:17.155+0000][1692266][info ][gc,phases   ] GC(433)   Evacuate Collection Set: 1.3ms
[2025-08-21T04:39:17.155+0000][1692266][info ][gc,phases   ] GC(433)   Post Evacuate Collection Set: 0.8ms
[2025-08-21T04:39:17.155+0000][1692266][info ][gc,phases   ] GC(433)   Other: 0.1ms
[2025-08-21T04:39:17.155+0000][1692266][trace][gc,age      ] GC(433) Age table with threshold 15 (max threshold 15)
[2025-08-21T04:39:17.155+0000][1692266][trace][gc,age      ] GC(433) - age   1:      17072 bytes,      17072 total
[2025-08-21T04:39:17.155+0000][1692266][trace][gc,age      ] GC(433) - age   2:        424 bytes,      17496 total
[2025-08-21T04:39:17.155+0000][1692266][trace][gc,age      ] GC(433) - age   7:        176 bytes,      17672 total
[2025-08-21T04:39:17.155+0000][1692266][trace][gc,age      ] GC(433) - age   8:        240 bytes,      17912 total
[2025-08-21T04:39:17.155+0000][1692266][trace][gc,age      ] GC(433) - age   9:       1448 bytes,      19360 total
[2025-08-21T04:39:17.155+0000][1692266][trace][gc,age      ] GC(433) - age  13:        216 bytes,      19576 total
[2025-08-21T04:39:17.155+0000][1692266][info ][gc,heap     ] GC(433) Eden regions: 75->0(75)
[2025-08-21T04:39:17.155+0000][1692266][info ][gc,heap     ] GC(433) Survivor regions: 1->1(10)
[2025-08-21T04:39:17.155+0000][1692266][info ][gc,heap     ] GC(433) Old regions: 22->22
[2025-08-21T04:39:17.155+0000][1692266][info ][gc,heap     ] GC(433) Humongous regions: 0->0
[2025-08-21T04:39:17.155+0000][1692266][info ][gc,metaspace] GC(433) Metaspace: 142046K(148544K)->142046K(148544K) NonClass: 123089K(127104K)->123089K(127104K) Class: 18957K(21440K)->18957K(21440K)
[2025-08-21T04:39:17.155+0000][1692266][info ][gc          ] GC(433) Pause Young (Concurrent Start) (G1 Evacuation Pause) 387M->87M(512M) 2.862ms
[2025-08-21T04:39:17.155+0000][1692266][info ][gc,cpu      ] GC(433) User=0.00s Sys=0.00s Real=0.00s
[2025-08-21T04:39:17.155+0000][1692266][info ][safepoint   ] Safepoint "G1CollectForAllocation", Time since last: 445244567984 ns, Reaching safepoint: 11277 ns, Cleanup: 3655 ns, At safepoint: 2902523 ns, Total: 2917455 ns
[2025-08-21T04:39:17.159+0000][1692266][info ][gc          ] GC(434) Concurrent Mark Cycle
[2025-08-21T04:39:17.159+0000][1692266][info ][gc,marking  ] GC(434) Concurrent Scan Root Regions
[2025-08-21T04:39:17.161+0000][1692266][info ][gc,marking  ] GC(434) Concurrent Scan Root Regions 1.176ms
[2025-08-21T04:39:17.161+0000][1692266][info ][gc,marking  ] GC(434) Concurrent Mark
[2025-08-21T04:39:17.161+0000][1692266][info ][gc,marking  ] GC(434) Concurrent Mark From Roots
[2025-08-21T04:39:17.161+0000][1692266][info ][gc,task     ] GC(434) Using 1 workers of 1 for marking
[2025-08-21T04:39:17.271+0000][1692266][info ][gc,marking  ] GC(434) Concurrent Mark From Roots 110.026ms
[2025-08-21T04:39:17.271+0000][1692266][info ][gc,marking  ] GC(434) Concurrent Preclean
[2025-08-21T04:39:17.271+0000][1692266][info ][gc,marking  ] GC(434) Concurrent Preclean 0.298ms
[2025-08-21T04:39:17.271+0000][1692266][info ][gc,start    ] GC(434) Pause Remark
[2025-08-21T04:39:17.275+0000][1692266][info ][gc          ] GC(434) Pause Remark 90M->90M(512M) 4.183ms
[2025-08-21T04:39:17.275+0000][1692266][info ][gc,cpu      ] GC(434) User=0.01s Sys=0.00s Real=0.00s
[2025-08-21T04:39:17.275+0000][1692266][info ][safepoint   ] Safepoint "G1PauseRemark", Time since last: 115831105 ns, Reaching safepoint: 4947 ns, Cleanup: 2644 ns, At safepoint: 4223247 ns, Total: 4230838 ns
[2025-08-21T04:39:17.275+0000][1692266][info ][gc,marking  ] GC(434) Concurrent Mark 114.626ms
[2025-08-21T04:39:17.275+0000][1692266][info ][gc,marking  ] GC(434) Concurrent Rebuild Remembered Sets and Scrub Regions
[2025-08-21T04:39:17.311+0000][1692266][info ][gc,marking  ] GC(434) Concurrent Rebuild Remembered Sets and Scrub Regions 36.240ms
[2025-08-21T04:39:17.311+0000][1692266][info ][gc,start    ] GC(434) Pause Cleanup
[2025-08-21T04:39:17.311+0000][1692266][info ][gc          ] GC(434) Pause Cleanup 90M->90M(512M) 0.030ms
[2025-08-21T04:39:17.311+0000][1692266][info ][gc,cpu      ] GC(434) User=0.00s Sys=0.00s Real=0.00s
[2025-08-21T04:39:17.312+0000][1692266][info ][safepoint   ] Safepoint "G1PauseCleanup", Time since last: 36281288 ns, Reaching safepoint: 3676 ns, Cleanup: 1121 ns, At safepoint: 53541 ns, Total: 58338 ns
[2025-08-21T04:39:17.312+0000][1692266][info ][gc,marking  ] GC(434) Concurrent Clear Claimed Marks
[2025-08-21T04:39:17.312+0000][1692266][info ][gc,marking  ] GC(434) Concurrent Clear Claimed Marks 0.126ms
[2025-08-21T04:39:17.312+0000][1692266][info ][gc,marking  ] GC(434) Concurrent Cleanup for Next Mark
[2025-08-21T04:39:17.326+0000][1692266][info ][gc,marking  ] GC(434) Concurrent Cleanup for Next Mark 13.939ms
[2025-08-21T04:39:17.326+0000][1692266][info ][gc          ] GC(434) Concurrent Mark Cycle 166.238ms
[2025-08-21T04:46:39.931+0000][1692266][info ][gc,start    ] GC(435) Pause Young (Normal) (G1 Evacuation Pause)
[2025-08-21T04:46:39.931+0000][1692266][info ][gc,task     ] GC(435) Using 1 workers of 1 for evacuation
[2025-08-21T04:46:39.931+0000][1692266][debug][gc,age      ] GC(435) Desired survivor size 20971520 bytes, new threshold 15 (max threshold 15)
[2025-08-21T04:46:39.934+0000][1692266][info ][gc,phases   ] GC(435)   Pre Evacuate Collection Set: 0.1ms
[2025-08-21T04:46:39.934+0000][1692266][info ][gc,phases   ] GC(435)   Merge Heap Roots: 0.0ms
[2025-08-21T04:46:39.934+0000][1692266][info ][gc,phases   ] GC(435)   Evacuate Collection Set: 1.6ms
[2025-08-21T04:46:39.934+0000][1692266][info ][gc,phases   ] GC(435)   Post Evacuate Collection Set: 1.5ms
[2025-08-21T04:46:39.934+0000][1692266][info ][gc,phases   ] GC(435)   Other: 0.0ms
[2025-08-21T04:46:39.934+0000][1692266][trace][gc,age      ] GC(435) Age table with threshold 15 (max threshold 15)
[2025-08-21T04:46:39.934+0000][1692266][trace][gc,age      ] GC(435) - age   1:      16848 bytes,      16848 total
[2025-08-21T04:46:39.934+0000][1692266][trace][gc,age      ] GC(435) - age   2:        552 bytes,      17400 total
[2025-08-21T04:46:39.934+0000][1692266][trace][gc,age      ] GC(435) - age   8:        176 bytes,      17576 total
[2025-08-21T04:46:39.934+0000][1692266][trace][gc,age      ] GC(435) - age   9:        240 bytes,      17816 total
[2025-08-21T04:46:39.934+0000][1692266][trace][gc,age      ] GC(435) - age  10:       1448 bytes,      19264 total
[2025-08-21T04:46:39.934+0000][1692266][trace][gc,age      ] GC(435) - age  14:        216 bytes,      19480 total
[2025-08-21T04:46:39.934+0000][1692266][info ][gc,heap     ] GC(435) Eden regions: 75->0(75)
[2025-08-21T04:46:39.934+0000][1692266][info ][gc,heap     ] GC(435) Survivor regions: 1->1(10)
[2025-08-21T04:46:39.934+0000][1692266][info ][gc,heap     ] GC(435) Old regions: 22->22
[2025-08-21T04:46:39.934+0000][1692266][info ][gc,heap     ] GC(435) Humongous regions: 0->0
[2025-08-21T04:46:39.935+0000][1692266][info ][gc,metaspace] GC(435) Metaspace: 142046K(148544K)->142046K(148544K) NonClass: 123089K(127104K)->123089K(127104K) Class: 18957K(21440K)->18957K(21440K)
[2025-08-21T04:46:39.935+0000][1692266][info ][gc          ] GC(435) Pause Young (Normal) (G1 Evacuation Pause) 387M->87M(512M) 3.481ms
[2025-08-21T04:46:39.935+0000][1692266][info ][gc,cpu      ] GC(435) User=0.01s Sys=0.00s Real=0.00s
[2025-08-21T04:46:39.935+0000][1692266][info ][safepoint   ] Safepoint "G1CollectForAllocation", Time since last: 442619501813 ns, Reaching safepoint: 8263 ns, Cleanup: 2504 ns, At safepoint: 3519154 ns, Total: 3529921 ns
[2025-08-21T04:54:04.145+0000][1692266][info ][gc,start    ] GC(436) Pause Young (Concurrent Start) (G1 Evacuation Pause)
[2025-08-21T04:54:04.146+0000][1692266][info ][gc,task     ] GC(436) Using 1 workers of 1 for evacuation
[2025-08-21T04:54:04.146+0000][1692266][debug][gc,age      ] GC(436) Desired survivor size 20971520 bytes, new threshold 15 (max threshold 15)
[2025-08-21T04:54:04.148+0000][1692266][info ][gc,phases   ] GC(436)   Pre Evacuate Collection Set: 0.1ms
[2025-08-21T04:54:04.148+0000][1692266][info ][gc,phases   ] GC(436)   Merge Heap Roots: 0.0ms
[2025-08-21T04:54:04.148+0000][1692266][info ][gc,phases   ] GC(436)   Evacuate Collection Set: 1.2ms
[2025-08-21T04:54:04.148+0000][1692266][info ][gc,phases   ] GC(436)   Post Evacuate Collection Set: 0.7ms
[2025-08-21T04:54:04.148+0000][1692266][info ][gc,phases   ] GC(436)   Other: 0.0ms
[2025-08-21T04:54:04.148+0000][1692266][trace][gc,age      ] GC(436) Age table with threshold 15 (max threshold 15)
[2025-08-21T04:54:04.148+0000][1692266][trace][gc,age      ] GC(436) - age   1:      15336 bytes,      15336 total
[2025-08-21T04:54:04.148+0000][1692266][trace][gc,age      ] GC(436) - age   2:        112 bytes,      15448 total
[2025-08-21T04:54:04.148+0000][1692266][trace][gc,age      ] GC(436) - age  10:        240 bytes,      15688 total
[2025-08-21T04:54:04.148+0000][1692266][trace][gc,age      ] GC(436) - age  11:       1448 bytes,      17136 total
[2025-08-21T04:54:04.148+0000][1692266][trace][gc,age      ] GC(436) - age  15:        216 bytes,      17352 total
[2025-08-21T04:54:04.148+0000][1692266][info ][gc,heap     ] GC(436) Eden regions: 75->0(75)
[2025-08-21T04:54:04.148+0000][1692266][info ][gc,heap     ] GC(436) Survivor regions: 1->1(10)
[2025-08-21T04:54:04.148+0000][1692266][info ][gc,heap     ] GC(436) Old regions: 22->22
[2025-08-21T04:54:04.148+0000][1692266][info ][gc,heap     ] GC(436) Humongous regions: 0->0
[2025-08-21T04:54:04.148+0000][1692266][info ][gc,metaspace] GC(436) Metaspace: 142049K(148544K)->142049K(148544K) NonClass: 123092K(127104K)->123092K(127104K) Class: 18957K(21440K)->18957K(21440K)
[2025-08-21T04:54:04.148+0000][1692266][info ][gc          ] GC(436) Pause Young (Concurrent Start) (G1 Evacuation Pause) 387M->87M(512M) 2.576ms
[2025-08-21T04:54:04.148+0000][1692266][info ][gc,cpu      ] GC(436) User=0.01s Sys=0.00s Real=0.00s
[2025-08-21T04:54:04.148+0000][1692266][info ][safepoint   ] Safepoint "G1CollectForAllocation", Time since last: 444210860355 ns, Reaching safepoint: 10877 ns, Cleanup: 2894 ns, At safepoint: 2615460 ns, Total: 2629231 ns
[2025-08-21T04:54:04.154+0000][1692266][info ][gc          ] GC(437) Concurrent Mark Cycle
[2025-08-21T04:54:04.154+0000][1692266][info ][gc,marking  ] GC(437) Concurrent Scan Root Regions
[2025-08-21T04:54:04.155+0000][1692266][info ][gc,marking  ] GC(437) Concurrent Scan Root Regions 0.452ms
[2025-08-21T04:54:04.155+0000][1692266][info ][gc,marking  ] GC(437) Concurrent Mark
[2025-08-21T04:54:04.155+0000][1692266][info ][gc,marking  ] GC(437) Concurrent Mark From Roots
[2025-08-21T04:54:04.155+0000][1692266][info ][gc,task     ] GC(437) Using 1 workers of 1 for marking
[2025-08-21T04:54:04.256+0000][1692266][info ][gc,marking  ] GC(437) Concurrent Mark From Roots 101.358ms
[2025-08-21T04:54:04.256+0000][1692266][info ][gc,marking  ] GC(437) Concurrent Preclean
[2025-08-21T04:54:04.257+0000][1692266][info ][gc,marking  ] GC(437) Concurrent Preclean 0.303ms
[2025-08-21T04:54:04.257+0000][1692266][info ][gc,start    ] GC(437) Pause Remark
[2025-08-21T04:54:04.261+0000][1692266][info ][gc          ] GC(437) Pause Remark 88M->88M(512M) 4.141ms
[2025-08-21T04:54:04.261+0000][1692266][info ][gc,cpu      ] GC(437) User=0.00s Sys=0.00s Real=0.00s
[2025-08-21T04:54:04.261+0000][1692266][info ][safepoint   ] Safepoint "G1PauseRemark", Time since last: 108520924 ns, Reaching safepoint: 5468 ns, Cleanup: 2895 ns, At safepoint: 4187132 ns, Total: 4195495 ns
[2025-08-21T04:54:04.261+0000][1692266][info ][gc,marking  ] GC(437) Concurrent Mark 105.931ms
[2025-08-21T04:54:04.261+0000][1692266][info ][gc,marking  ] GC(437) Concurrent Rebuild Remembered Sets and Scrub Regions
[2025-08-21T04:54:04.307+0000][1692266][info ][gc,marking  ] GC(437) Concurrent Rebuild Remembered Sets and Scrub Regions 45.857ms
[2025-08-21T04:54:04.307+0000][1692266][info ][gc,start    ] GC(437) Pause Cleanup
[2025-08-21T04:54:04.307+0000][1692266][info ][gc          ] GC(437) Pause Cleanup 88M->88M(512M) 0.032ms
[2025-08-21T04:54:04.307+0000][1692266][info ][gc,cpu      ] GC(437) User=0.00s Sys=0.00s Real=0.00s
[2025-08-21T04:54:04.307+0000][1692266][info ][safepoint   ] Safepoint "G1PauseCleanup", Time since last: 45909737 ns, Reaching safepoint: 4087 ns, Cleanup: 1071 ns, At safepoint: 60331 ns, Total: 65489 ns
[2025-08-21T04:54:04.307+0000][1692266][info ][gc,marking  ] GC(437) Concurrent Clear Claimed Marks
[2025-08-21T04:54:04.307+0000][1692266][info ][gc,marking  ] GC(437) Concurrent Clear Claimed Marks 0.145ms
[2025-08-21T04:54:04.307+0000][1692266][info ][gc,marking  ] GC(437) Concurrent Cleanup for Next Mark
[2025-08-21T04:54:04.320+0000][1692266][info ][gc,marking  ] GC(437) Concurrent Cleanup for Next Mark 12.714ms
[2025-08-21T04:54:04.320+0000][1692266][info ][gc          ] GC(437) Concurrent Mark Cycle 165.246ms
[2025-08-21T05:01:27.219+0000][1692266][info ][gc,start    ] GC(438) Pause Young (Normal) (G1 Evacuation Pause)
[2025-08-21T05:01:27.219+0000][1692266][info ][gc,task     ] GC(438) Using 1 workers of 1 for evacuation
[2025-08-21T05:01:27.219+0000][1692266][debug][gc,age      ] GC(438) Desired survivor size 20971520 bytes, new threshold 15 (max threshold 15)
[2025-08-21T05:01:27.222+0000][1692266][info ][gc,phases   ] GC(438)   Pre Evacuate Collection Set: 0.1ms
[2025-08-21T05:01:27.222+0000][1692266][info ][gc,phases   ] GC(438)   Merge Heap Roots: 0.0ms
[2025-08-21T05:01:27.222+0000][1692266][info ][gc,phases   ] GC(438)   Evacuate Collection Set: 1.6ms
[2025-08-21T05:01:27.222+0000][1692266][info ][gc,phases   ] GC(438)   Post Evacuate Collection Set: 0.7ms
[2025-08-21T05:01:27.222+0000][1692266][info ][gc,phases   ] GC(438)   Other: 0.0ms
[2025-08-21T05:01:27.222+0000][1692266][trace][gc,age      ] GC(438) Age table with threshold 15 (max threshold 15)
[2025-08-21T05:01:27.222+0000][1692266][trace][gc,age      ] GC(438) - age   1:      15152 bytes,      15152 total
[2025-08-21T05:01:27.222+0000][1692266][trace][gc,age      ] GC(438) - age   2:        856 bytes,      16008 total
[2025-08-21T05:01:27.222+0000][1692266][trace][gc,age      ] GC(438) - age  11:        240 bytes,      16248 total
[2025-08-21T05:01:27.222+0000][1692266][trace][gc,age      ] GC(438) - age  12:       1448 bytes,      17696 total
[2025-08-21T05:01:27.222+0000][1692266][info ][gc,heap     ] GC(438) Eden regions: 75->0(75)
[2025-08-21T05:01:27.222+0000][1692266][info ][gc,heap     ] GC(438) Survivor regions: 1->1(10)
[2025-08-21T05:01:27.222+0000][1692266][info ][gc,heap     ] GC(438) Old regions: 22->22
[2025-08-21T05:01:27.222+0000][1692266][info ][gc,heap     ] GC(438) Humongous regions: 0->0
[2025-08-21T05:01:27.222+0000][1692266][info ][gc,metaspace] GC(438) Metaspace: 142049K(148544K)->142049K(148544K) NonClass: 123092K(127104K)->123092K(127104K) Class: 18957K(21440K)->18957K(21440K)
[2025-08-21T05:01:27.222+0000][1692266][info ][gc          ] GC(438) Pause Young (Normal) (G1 Evacuation Pause) 387M->87M(512M) 2.819ms
[2025-08-21T05:01:27.222+0000][1692266][info ][gc,cpu      ] GC(438) User=0.00s Sys=0.00s Real=0.00s
[2025-08-21T05:01:27.222+0000][1692266][info ][safepoint   ] Safepoint "G1CollectForAllocation", Time since last: 442912014841 ns, Reaching safepoint: 5268 ns, Cleanup: 3045 ns, At safepoint: 2854029 ns, Total: 2862342 ns
[2025-08-21T05:08:50.822+0000][1692266][info ][gc,start    ] GC(439) Pause Young (Concurrent Start) (G1 Evacuation Pause)
[2025-08-21T05:08:50.823+0000][1692266][info ][gc,task     ] GC(439) Using 1 workers of 1 for evacuation
[2025-08-21T05:08:50.823+0000][1692266][debug][gc,age      ] GC(439) Desired survivor size 20971520 bytes, new threshold 15 (max threshold 15)
[2025-08-21T05:08:50.825+0000][1692266][info ][gc,phases   ] GC(439)   Pre Evacuate Collection Set: 0.1ms
[2025-08-21T05:08:50.825+0000][1692266][info ][gc,phases   ] GC(439)   Merge Heap Roots: 0.0ms
[2025-08-21T05:08:50.825+0000][1692266][info ][gc,phases   ] GC(439)   Evacuate Collection Set: 1.2ms
[2025-08-21T05:08:50.825+0000][1692266][info ][gc,phases   ] GC(439)   Post Evacuate Collection Set: 1.0ms
[2025-08-21T05:08:50.825+0000][1692266][info ][gc,phases   ] GC(439)   Other: 0.0ms
[2025-08-21T05:08:50.825+0000][1692266][trace][gc,age      ] GC(439) Age table with threshold 15 (max threshold 15)
[2025-08-21T05:08:50.825+0000][1692266][trace][gc,age      ] GC(439) - age   1:      16992 bytes,      16992 total
[2025-08-21T05:08:50.825+0000][1692266][trace][gc,age      ] GC(439) - age   2:        424 bytes,      17416 total
[2025-08-21T05:08:50.825+0000][1692266][trace][gc,age      ] GC(439) - age   3:        176 bytes,      17592 total
[2025-08-21T05:08:50.825+0000][1692266][trace][gc,age      ] GC(439) - age  12:        240 bytes,      17832 total
[2025-08-21T05:08:50.825+0000][1692266][trace][gc,age      ] GC(439) - age  13:       1448 bytes,      19280 total
[2025-08-21T05:08:50.825+0000][1692266][info ][gc,heap     ] GC(439) Eden regions: 75->0(75)
[2025-08-21T05:08:50.825+0000][1692266][info ][gc,heap     ] GC(439) Survivor regions: 1->1(10)
[2025-08-21T05:08:50.825+0000][1692266][info ][gc,heap     ] GC(439) Old regions: 22->22
[2025-08-21T05:08:50.825+0000][1692266][info ][gc,heap     ] GC(439) Humongous regions: 0->0
[2025-08-21T05:08:50.825+0000][1692266][info ][gc,metaspace] GC(439) Metaspace: 142063K(148544K)->142063K(148544K) NonClass: 123106K(127104K)->123106K(127104K) Class: 18957K(21440K)->18957K(21440K)
[2025-08-21T05:08:50.825+0000][1692266][info ][gc          ] GC(439) Pause Young (Concurrent Start) (G1 Evacuation Pause) 387M->87M(512M) 2.622ms
[2025-08-21T05:08:50.825+0000][1692266][info ][gc,cpu      ] GC(439) User=0.00s Sys=0.00s Real=0.00s
[2025-08-21T05:08:50.825+0000][1692266][info ][safepoint   ] Safepoint "G1CollectForAllocation", Time since last: 443600743801 ns, Reaching safepoint: 9094 ns, Cleanup: 2754 ns, At safepoint: 2670944 ns, Total: 2682792 ns
[2025-08-21T05:08:50.829+0000][1692266][info ][gc          ] GC(440) Concurrent Mark Cycle
[2025-08-21T05:08:50.829+0000][1692266][info ][gc,marking  ] GC(440) Concurrent Scan Root Regions
[2025-08-21T05:08:50.830+0000][1692266][info ][gc,marking  ] GC(440) Concurrent Scan Root Regions 0.442ms
[2025-08-21T05:08:50.830+0000][1692266][info ][gc,marking  ] GC(440) Concurrent Mark
[2025-08-21T05:08:50.830+0000][1692266][info ][gc,marking  ] GC(440) Concurrent Mark From Roots
[2025-08-21T05:08:50.830+0000][1692266][info ][gc,task     ] GC(440) Using 1 workers of 1 for marking
[2025-08-21T05:08:50.936+0000][1692266][info ][gc,marking  ] GC(440) Concurrent Mark From Roots 105.757ms
[2025-08-21T05:08:50.936+0000][1692266][info ][gc,marking  ] GC(440) Concurrent Preclean
[2025-08-21T05:08:50.936+0000][1692266][info ][gc,marking  ] GC(440) Concurrent Preclean 0.326ms
[2025-08-21T05:08:50.936+0000][1692266][info ][gc,start    ] GC(440) Pause Remark
[2025-08-21T05:08:50.940+0000][1692266][info ][gc          ] GC(440) Pause Remark 88M->88M(512M) 4.216ms
[2025-08-21T05:08:50.940+0000][1692266][info ][gc,cpu      ] GC(440) User=0.01s Sys=0.00s Real=0.00s
[2025-08-21T05:08:50.940+0000][1692266][info ][safepoint   ] Safepoint "G1PauseRemark", Time since last: 110931151 ns, Reaching safepoint: 5919 ns, Cleanup: 3025 ns, At safepoint: 4261585 ns, Total: 4270529 ns
[2025-08-21T05:08:50.940+0000][1692266][info ][gc,marking  ] GC(440) Concurrent Mark 110.424ms
[2025-08-21T05:08:50.940+0000][1692266][info ][gc,marking  ] GC(440) Concurrent Rebuild Remembered Sets and Scrub Regions
[2025-08-21T05:08:50.981+0000][1692266][info ][gc,marking  ] GC(440) Concurrent Rebuild Remembered Sets and Scrub Regions 41.125ms
[2025-08-21T05:08:50.981+0000][1692266][info ][gc,start    ] GC(440) Pause Cleanup
[2025-08-21T05:08:50.981+0000][1692266][info ][gc          ] GC(440) Pause Cleanup 88M->88M(512M) 0.034ms
[2025-08-21T05:08:50.981+0000][1692266][info ][gc,cpu      ] GC(440) User=0.00s Sys=0.00s Real=0.00s
[2025-08-21T05:08:50.981+0000][1692266][info ][safepoint   ] Safepoint "G1PauseCleanup", Time since last: 41179297 ns, Reaching safepoint: 4006 ns, Cleanup: 1702 ns, At safepoint: 61093 ns, Total: 66801 ns
[2025-08-21T05:08:50.981+0000][1692266][info ][gc,marking  ] GC(440) Concurrent Clear Claimed Marks
[2025-08-21T05:08:50.982+0000][1692266][info ][gc,marking  ] GC(440) Concurrent Clear Claimed Marks 0.130ms
[2025-08-21T05:08:50.982+0000][1692266][info ][gc,marking  ] GC(440) Concurrent Cleanup for Next Mark
[2025-08-21T05:08:50.996+0000][1692266][info ][gc,marking  ] GC(440) Concurrent Cleanup for Next Mark 14.706ms
[2025-08-21T05:08:50.996+0000][1692266][info ][gc          ] GC(440) Concurrent Mark Cycle 166.986ms
[2025-08-21T05:16:15.373+0000][1692266][info ][gc,start    ] GC(441) Pause Young (Normal) (G1 Evacuation Pause)
[2025-08-21T05:16:15.373+0000][1692266][info ][gc,task     ] GC(441) Using 1 workers of 1 for evacuation
[2025-08-21T05:16:15.373+0000][1692266][debug][gc,age      ] GC(441) Desired survivor size 20971520 bytes, new threshold 15 (max threshold 15)
[2025-08-21T05:16:15.376+0000][1692266][info ][gc,phases   ] GC(441)   Pre Evacuate Collection Set: 0.0ms
[2025-08-21T05:16:15.376+0000][1692266][info ][gc,phases   ] GC(441)   Merge Heap Roots: 0.0ms
[2025-08-21T05:16:15.376+0000][1692266][info ][gc,phases   ] GC(441)   Evacuate Collection Set: 1.6ms
[2025-08-21T05:16:15.376+0000][1692266][info ][gc,phases   ] GC(441)   Post Evacuate Collection Set: 0.8ms
[2025-08-21T05:16:15.376+0000][1692266][info ][gc,phases   ] GC(441)   Other: 0.0ms
[2025-08-21T05:16:15.376+0000][1692266][trace][gc,age      ] GC(441) Age table with threshold 15 (max threshold 15)
[2025-08-21T05:16:15.376+0000][1692266][trace][gc,age      ] GC(441) - age   1:      15296 bytes,      15296 total
[2025-08-21T05:16:15.376+0000][1692266][trace][gc,age      ] GC(441) - age   2:        944 bytes,      16240 total
[2025-08-21T05:16:15.376+0000][1692266][trace][gc,age      ] GC(441) - age   4:        176 bytes,      16416 total
[2025-08-21T05:16:15.376+0000][1692266][trace][gc,age      ] GC(441) - age  13:        240 bytes,      16656 total
[2025-08-21T05:16:15.376+0000][1692266][trace][gc,age      ] GC(441) - age  14:       1448 bytes,      18104 total
[2025-08-21T05:16:15.376+0000][1692266][info ][gc,heap     ] GC(441) Eden regions: 75->0(75)
[2025-08-21T05:16:15.376+0000][1692266][info ][gc,heap     ] GC(441) Survivor regions: 1->1(10)
[2025-08-21T05:16:15.376+0000][1692266][info ][gc,heap     ] GC(441) Old regions: 22->22
[2025-08-21T05:16:15.376+0000][1692266][info ][gc,heap     ] GC(441) Humongous regions: 0->0
[2025-08-21T05:16:15.376+0000][1692266][info ][gc,metaspace] GC(441) Metaspace: 142063K(148544K)->142063K(148544K) NonClass: 123106K(127104K)->123106K(127104K) Class: 18957K(21440K)->18957K(21440K)
[2025-08-21T05:16:15.376+0000][1692266][info ][gc          ] GC(441) Pause Young (Normal) (G1 Evacuation Pause) 387M->87M(512M) 3.095ms
[2025-08-21T05:16:15.376+0000][1692266][info ][gc,cpu      ] GC(441) User=0.01s Sys=0.00s Real=0.01s
[2025-08-21T05:16:15.376+0000][1692266][info ][safepoint   ] Safepoint "G1CollectForAllocation", Time since last: 444391087573 ns, Reaching safepoint: 8182 ns, Cleanup: 3335 ns, At safepoint: 3132741 ns, Total: 3144258 ns
[2025-08-21T05:23:39.115+0000][1692266][info ][gc,start    ] GC(442) Pause Young (Concurrent Start) (G1 Evacuation Pause)
[2025-08-21T05:23:39.115+0000][1692266][info ][gc,task     ] GC(442) Using 1 workers of 1 for evacuation
[2025-08-21T05:23:39.115+0000][1692266][debug][gc,age      ] GC(442) Desired survivor size 20971520 bytes, new threshold 15 (max threshold 15)
[2025-08-21T05:23:39.117+0000][1692266][info ][gc,phases   ] GC(442)   Pre Evacuate Collection Set: 0.1ms
[2025-08-21T05:23:39.117+0000][1692266][info ][gc,phases   ] GC(442)   Merge Heap Roots: 0.0ms
[2025-08-21T05:23:39.117+0000][1692266][info ][gc,phases   ] GC(442)   Evacuate Collection Set: 1.2ms
[2025-08-21T05:23:39.117+0000][1692266][info ][gc,phases   ] GC(442)   Post Evacuate Collection Set: 0.7ms
[2025-08-21T05:23:39.117+0000][1692266][info ][gc,phases   ] GC(442)   Other: 0.0ms
[2025-08-21T05:23:39.117+0000][1692266][trace][gc,age      ] GC(442) Age table with threshold 15 (max threshold 15)
[2025-08-21T05:23:39.117+0000][1692266][trace][gc,age      ] GC(442) - age   1:      17368 bytes,      17368 total
[2025-08-21T05:23:39.117+0000][1692266][trace][gc,age      ] GC(442) - age   2:        112 bytes,      17480 total
[2025-08-21T05:23:39.117+0000][1692266][trace][gc,age      ] GC(442) - age   3:        392 bytes,      17872 total
[2025-08-21T05:23:39.117+0000][1692266][trace][gc,age      ] GC(442) - age   5:        176 bytes,      18048 total
[2025-08-21T05:23:39.117+0000][1692266][trace][gc,age      ] GC(442) - age  14:        240 bytes,      18288 total
[2025-08-21T05:23:39.117+0000][1692266][trace][gc,age      ] GC(442) - age  15:       1448 bytes,      19736 total
[2025-08-21T05:23:39.117+0000][1692266][info ][gc,heap     ] GC(442) Eden regions: 75->0(75)
[2025-08-21T05:23:39.117+0000][1692266][info ][gc,heap     ] GC(442) Survivor regions: 1->1(10)
[2025-08-21T05:23:39.117+0000][1692266][info ][gc,heap     ] GC(442) Old regions: 22->22
[2025-08-21T05:23:39.117+0000][1692266][info ][gc,heap     ] GC(442) Humongous regions: 0->0
[2025-08-21T05:23:39.117+0000][1692266][info ][gc,metaspace] GC(442) Metaspace: 142063K(148544K)->142063K(148544K) NonClass: 123106K(127104K)->123106K(127104K) Class: 18957K(21440K)->18957K(21440K)
[2025-08-21T05:23:39.117+0000][1692266][info ][gc          ] GC(442) Pause Young (Concurrent Start) (G1 Evacuation Pause) 387M->87M(512M) 2.631ms
[2025-08-21T05:23:39.117+0000][1692266][info ][gc,cpu      ] GC(442) User=0.00s Sys=0.00s Real=0.01s
[2025-08-21T05:23:39.117+0000][1692266][info ][safepoint   ] Safepoint "G1CollectForAllocation", Time since last: 443738809804 ns, Reaching safepoint: 8583 ns, Cleanup: 3295 ns, At safepoint: 2670383 ns, Total: 2682261 ns
[2025-08-21T05:23:39.121+0000][1692266][info ][gc          ] GC(443) Concurrent Mark Cycle
[2025-08-21T05:23:39.121+0000][1692266][info ][gc,marking  ] GC(443) Concurrent Scan Root Regions
[2025-08-21T05:23:39.122+0000][1692266][info ][gc,marking  ] GC(443) Concurrent Scan Root Regions 0.746ms
[2025-08-21T05:23:39.122+0000][1692266][info ][gc,marking  ] GC(443) Concurrent Mark
[2025-08-21T05:23:39.122+0000][1692266][info ][gc,marking  ] GC(443) Concurrent Mark From Roots
[2025-08-21T05:23:39.122+0000][1692266][info ][gc,task     ] GC(443) Using 1 workers of 1 for marking
[2025-08-21T05:23:39.219+0000][1692266][info ][gc,marking  ] GC(443) Concurrent Mark From Roots 97.336ms
[2025-08-21T05:23:39.219+0000][1692266][info ][gc,marking  ] GC(443) Concurrent Preclean
[2025-08-21T05:23:39.220+0000][1692266][info ][gc,marking  ] GC(443) Concurrent Preclean 0.244ms
[2025-08-21T05:23:39.220+0000][1692266][info ][gc,start    ] GC(443) Pause Remark
[2025-08-21T05:23:39.224+0000][1692266][info ][gc          ] GC(443) Pause Remark 89M->89M(512M) 4.196ms
[2025-08-21T05:23:39.224+0000][1692266][info ][gc,cpu      ] GC(443) User=0.01s Sys=0.00s Real=0.00s
[2025-08-21T05:23:39.224+0000][1692266][info ][safepoint   ] Safepoint "G1PauseRemark", Time since last: 102593020 ns, Reaching safepoint: 5618 ns, Cleanup: 2884 ns, At safepoint: 4233163 ns, Total: 4241665 ns
[2025-08-21T05:23:39.224+0000][1692266][info ][gc,marking  ] GC(443) Concurrent Mark 101.909ms
[2025-08-21T05:23:39.224+0000][1692266][info ][gc,marking  ] GC(443) Concurrent Rebuild Remembered Sets and Scrub Regions
[2025-08-21T05:23:39.270+0000][1692266][info ][gc,marking  ] GC(443) Concurrent Rebuild Remembered Sets and Scrub Regions 46.352ms
[2025-08-21T05:23:39.270+0000][1692266][info ][gc,start    ] GC(443) Pause Cleanup
[2025-08-21T05:23:39.270+0000][1692266][info ][gc          ] GC(443) Pause Cleanup 90M->90M(512M) 0.032ms
[2025-08-21T05:23:39.270+0000][1692266][info ][gc,cpu      ] GC(443) User=0.00s Sys=0.00s Real=0.00s
[2025-08-21T05:23:39.270+0000][1692266][info ][safepoint   ] Safepoint "G1PauseCleanup", Time since last: 46398979 ns, Reaching safepoint: 3806 ns, Cleanup: 1202 ns, At safepoint: 57296 ns, Total: 62304 ns
[2025-08-21T05:23:39.270+0000][1692266][info ][gc,marking  ] GC(443) Concurrent Clear Claimed Marks
[2025-08-21T05:23:39.271+0000][1692266][info ][gc,marking  ] GC(443) Concurrent Clear Claimed Marks 0.121ms
[2025-08-21T05:23:39.271+0000][1692266][info ][gc,marking  ] GC(443) Concurrent Cleanup for Next Mark
[2025-08-21T05:23:39.279+0000][1692266][info ][gc,marking  ] GC(443) Concurrent Cleanup for Next Mark 8.819ms
[2025-08-21T05:23:39.279+0000][1692266][info ][gc          ] GC(443) Concurrent Mark Cycle 158.098ms
[2025-08-21T05:31:03.517+0000][1692266][info ][gc,start    ] GC(444) Pause Young (Normal) (G1 Evacuation Pause)
[2025-08-21T05:31:03.517+0000][1692266][info ][gc,task     ] GC(444) Using 1 workers of 1 for evacuation
[2025-08-21T05:31:03.517+0000][1692266][debug][gc,age      ] GC(444) Desired survivor size 20971520 bytes, new threshold 15 (max threshold 15)
[2025-08-21T05:31:03.520+0000][1692266][info ][gc,phases   ] GC(444)   Pre Evacuate Collection Set: 0.1ms
[2025-08-21T05:31:03.520+0000][1692266][info ][gc,phases   ] GC(444)   Merge Heap Roots: 0.0ms
[2025-08-21T05:31:03.520+0000][1692266][info ][gc,phases   ] GC(444)   Evacuate Collection Set: 1.6ms
[2025-08-21T05:31:03.520+0000][1692266][info ][gc,phases   ] GC(444)   Post Evacuate Collection Set: 0.8ms
[2025-08-21T05:31:03.520+0000][1692266][info ][gc,phases   ] GC(444)   Other: 0.0ms
[2025-08-21T05:31:03.520+0000][1692266][trace][gc,age      ] GC(444) Age table with threshold 15 (max threshold 15)
[2025-08-21T05:31:03.520+0000][1692266][trace][gc,age      ] GC(444) - age   1:      15936 bytes,      15936 total
[2025-08-21T05:31:03.520+0000][1692266][trace][gc,age      ] GC(444) - age   2:        680 bytes,      16616 total
[2025-08-21T05:31:03.520+0000][1692266][trace][gc,age      ] GC(444) - age   4:        392 bytes,      17008 total
[2025-08-21T05:31:03.520+0000][1692266][trace][gc,age      ] GC(444) - age   6:        176 bytes,      17184 total
[2025-08-21T05:31:03.520+0000][1692266][trace][gc,age      ] GC(444) - age  15:        240 bytes,      17424 total
[2025-08-21T05:31:03.520+0000][1692266][info ][gc,heap     ] GC(444) Eden regions: 75->0(75)
[2025-08-21T05:31:03.520+0000][1692266][info ][gc,heap     ] GC(444) Survivor regions: 1->1(10)
[2025-08-21T05:31:03.520+0000][1692266][info ][gc,heap     ] GC(444) Old regions: 22->22
[2025-08-21T05:31:03.520+0000][1692266][info ][gc,heap     ] GC(444) Humongous regions: 0->0
[2025-08-21T05:31:03.520+0000][1692266][info ][gc,metaspace] GC(444) Metaspace: 142063K(148544K)->142063K(148544K) NonClass: 123106K(127104K)->123106K(127104K) Class: 18957K(21440K)->18957K(21440K)
[2025-08-21T05:31:03.520+0000][1692266][info ][gc          ] GC(444) Pause Young (Normal) (G1 Evacuation Pause) 387M->87M(512M) 3.056ms
[2025-08-21T05:31:03.520+0000][1692266][info ][gc,cpu      ] GC(444) User=0.00s Sys=0.00s Real=0.00s
[2025-08-21T05:31:03.520+0000][1692266][info ][safepoint   ] Safepoint "G1CollectForAllocation", Time since last: 444246449730 ns, Reaching safepoint: 8453 ns, Cleanup: 3064 ns, At safepoint: 3094784 ns, Total: 3106301 ns
[2025-08-21T05:38:26.909+0000][1692266][info ][gc,start    ] GC(445) Pause Young (Concurrent Start) (G1 Evacuation Pause)
[2025-08-21T05:38:26.909+0000][1692266][info ][gc,task     ] GC(445) Using 1 workers of 1 for evacuation
[2025-08-21T05:38:26.909+0000][1692266][debug][gc,age      ] GC(445) Desired survivor size 20971520 bytes, new threshold 15 (max threshold 15)
[2025-08-21T05:38:26.912+0000][1692266][info ][gc,phases   ] GC(445)   Pre Evacuate Collection Set: 0.1ms
[2025-08-21T05:38:26.912+0000][1692266][info ][gc,phases   ] GC(445)   Merge Heap Roots: 0.0ms
[2025-08-21T05:38:26.912+0000][1692266][info ][gc,phases   ] GC(445)   Evacuate Collection Set: 1.2ms
[2025-08-21T05:38:26.912+0000][1692266][info ][gc,phases   ] GC(445)   Post Evacuate Collection Set: 1.0ms
[2025-08-21T05:38:26.912+0000][1692266][info ][gc,phases   ] GC(445)   Other: 0.0ms
[2025-08-21T05:38:26.912+0000][1692266][trace][gc,age      ] GC(445) Age table with threshold 15 (max threshold 15)
[2025-08-21T05:38:26.912+0000][1692266][trace][gc,age      ] GC(445) - age   1:      16416 bytes,      16416 total
[2025-08-21T05:38:26.912+0000][1692266][trace][gc,age      ] GC(445) - age   2:        424 bytes,      16840 total
[2025-08-21T05:38:26.912+0000][1692266][trace][gc,age      ] GC(445) - age   5:        392 bytes,      17232 total
[2025-08-21T05:38:26.912+0000][1692266][trace][gc,age      ] GC(445) - age   7:        176 bytes,      17408 total
[2025-08-21T05:38:26.912+0000][1692266][info ][gc,heap     ] GC(445) Eden regions: 75->0(75)
[2025-08-21T05:38:26.912+0000][1692266][info ][gc,heap     ] GC(445) Survivor regions: 1->1(10)
[2025-08-21T05:38:26.912+0000][1692266][info ][gc,heap     ] GC(445) Old regions: 22->22
[2025-08-21T05:38:26.912+0000][1692266][info ][gc,heap     ] GC(445) Humongous regions: 0->0
[2025-08-21T05:38:26.912+0000][1692266][info ][gc,metaspace] GC(445) Metaspace: 142063K(148544K)->142063K(148544K) NonClass: 123106K(127104K)->123106K(127104K) Class: 18957K(21440K)->18957K(21440K)
[2025-08-21T05:38:26.912+0000][1692266][info ][gc          ] GC(445) Pause Young (Concurrent Start) (G1 Evacuation Pause) 387M->87M(512M) 2.642ms
[2025-08-21T05:38:26.912+0000][1692266][info ][gc,cpu      ] GC(445) User=0.00s Sys=0.00s Real=0.00s
[2025-08-21T05:38:26.912+0000][1692266][info ][safepoint   ] Safepoint "G1CollectForAllocation", Time since last: 443388923351 ns, Reaching safepoint: 6119 ns, Cleanup: 2624 ns, At safepoint: 2682972 ns, Total: 2691715 ns
[2025-08-21T05:38:26.917+0000][1692266][info ][gc          ] GC(446) Concurrent Mark Cycle
[2025-08-21T05:38:26.917+0000][1692266][info ][gc,marking  ] GC(446) Concurrent Scan Root Regions
[2025-08-21T05:38:26.918+0000][1692266][info ][gc,marking  ] GC(446) Concurrent Scan Root Regions 0.422ms
[2025-08-21T05:38:26.918+0000][1692266][info ][gc,marking  ] GC(446) Concurrent Mark
[2025-08-21T05:38:26.918+0000][1692266][info ][gc,marking  ] GC(446) Concurrent Mark From Roots
[2025-08-21T05:38:26.918+0000][1692266][info ][gc,task     ] GC(446) Using 1 workers of 1 for marking
[2025-08-21T05:38:27.031+0000][1692266][info ][gc,marking  ] GC(446) Concurrent Mark From Roots 113.027ms
[2025-08-21T05:38:27.031+0000][1692266][info ][gc,marking  ] GC(446) Concurrent Preclean
[2025-08-21T05:38:27.031+0000][1692266][info ][gc,marking  ] GC(446) Concurrent Preclean 0.377ms
[2025-08-21T05:38:27.031+0000][1692266][info ][gc,start    ] GC(446) Pause Remark
[2025-08-21T05:38:27.036+0000][1692266][info ][gc          ] GC(446) Pause Remark 88M->88M(512M) 4.207ms
[2025-08-21T05:38:27.036+0000][1692266][info ][gc,cpu      ] GC(446) User=0.01s Sys=0.00s Real=0.01s
[2025-08-21T05:38:27.036+0000][1692266][info ][safepoint   ] Safepoint "G1PauseRemark", Time since last: 119596498 ns, Reaching safepoint: 38458 ns, Cleanup: 2824 ns, At safepoint: 4246653 ns, Total: 4287935 ns
[2025-08-21T05:38:27.036+0000][1692266][info ][gc,marking  ] GC(446) Concurrent Mark 117.762ms
[2025-08-21T05:38:27.036+0000][1692266][info ][gc,marking  ] GC(446) Concurrent Rebuild Remembered Sets and Scrub Regions
[2025-08-21T05:38:27.077+0000][1692266][info ][gc,marking  ] GC(446) Concurrent Rebuild Remembered Sets and Scrub Regions 40.945ms
[2025-08-21T05:38:27.077+0000][1692266][info ][gc,start    ] GC(446) Pause Cleanup
[2025-08-21T05:38:27.077+0000][1692266][info ][gc          ] GC(446) Pause Cleanup 88M->88M(512M) 0.030ms
[2025-08-21T05:38:27.077+0000][1692266][info ][gc,cpu      ] GC(446) User=0.00s Sys=0.00s Real=0.00s
[2025-08-21T05:38:27.077+0000][1692266][info ][safepoint   ] Safepoint "G1PauseCleanup", Time since last: 40991724 ns, Reaching safepoint: 3845 ns, Cleanup: 1513 ns, At safepoint: 53210 ns, Total: 58568 ns
[2025-08-21T05:38:27.077+0000][1692266][info ][gc,marking  ] GC(446) Concurrent Clear Claimed Marks
[2025-08-21T05:38:27.077+0000][1692266][info ][gc,marking  ] GC(446) Concurrent Clear Claimed Marks 0.126ms
[2025-08-21T05:38:27.077+0000][1692266][info ][gc,marking  ] GC(446) Concurrent Cleanup for Next Mark
[2025-08-21T05:38:27.077+0000][1692266][info ][gc,marking  ] GC(446) Concurrent Cleanup for Next Mark 0.298ms
[2025-08-21T05:38:27.077+0000][1692266][info ][gc          ] GC(446) Concurrent Mark Cycle 159.682ms
[2025-08-21T05:45:51.672+0000][1692266][info ][gc,start    ] GC(447) Pause Young (Normal) (G1 Evacuation Pause)
[2025-08-21T05:45:51.672+0000][1692266][info ][gc,task     ] GC(447) Using 1 workers of 1 for evacuation
[2025-08-21T05:45:51.672+0000][1692266][debug][gc,age      ] GC(447) Desired survivor size 20971520 bytes, new threshold 15 (max threshold 15)
[2025-08-21T05:45:51.675+0000][1692266][info ][gc,phases   ] GC(447)   Pre Evacuate Collection Set: 0.0ms
[2025-08-21T05:45:51.675+0000][1692266][info ][gc,phases   ] GC(447)   Merge Heap Roots: 0.0ms
[2025-08-21T05:45:51.675+0000][1692266][info ][gc,phases   ] GC(447)   Evacuate Collection Set: 1.6ms
[2025-08-21T05:45:51.675+0000][1692266][info ][gc,phases   ] GC(447)   Post Evacuate Collection Set: 0.8ms
[2025-08-21T05:45:51.675+0000][1692266][info ][gc,phases   ] GC(447)   Other: 0.0ms
[2025-08-21T05:45:51.675+0000][1692266][trace][gc,age      ] GC(447) Age table with threshold 15 (max threshold 15)
[2025-08-21T05:45:51.675+0000][1692266][trace][gc,age      ] GC(447) - age   1:      27696 bytes,      27696 total
[2025-08-21T05:45:51.675+0000][1692266][trace][gc,age      ] GC(447) - age   2:        664 bytes,      28360 total
[2025-08-21T05:45:51.675+0000][1692266][trace][gc,age      ] GC(447) - age   6:        392 bytes,      28752 total
[2025-08-21T05:45:51.675+0000][1692266][trace][gc,age      ] GC(447) - age   8:        176 bytes,      28928 total
[2025-08-21T05:45:51.675+0000][1692266][info ][gc,heap     ] GC(447) Eden regions: 75->0(75)
[2025-08-21T05:45:51.675+0000][1692266][info ][gc,heap     ] GC(447) Survivor regions: 1->1(10)
[2025-08-21T05:45:51.675+0000][1692266][info ][gc,heap     ] GC(447) Old regions: 22->22
[2025-08-21T05:45:51.675+0000][1692266][info ][gc,heap     ] GC(447) Humongous regions: 0->0
[2025-08-21T05:45:51.675+0000][1692266][info ][gc,metaspace] GC(447) Metaspace: 142063K(148544K)->142063K(148544K) NonClass: 123106K(127104K)->123106K(127104K) Class: 18957K(21440K)->18957K(21440K)
[2025-08-21T05:45:51.675+0000][1692266][info ][gc          ] GC(447) Pause Young (Normal) (G1 Evacuation Pause) 387M->87M(512M) 2.725ms
[2025-08-21T05:45:51.675+0000][1692266][info ][gc,cpu      ] GC(447) User=0.00s Sys=0.00s Real=0.00s
[2025-08-21T05:45:51.675+0000][1692266][info ][safepoint   ] Safepoint "G1CollectForAllocation", Time since last: 444595520132 ns, Reaching safepoint: 8523 ns, Cleanup: 2775 ns, At safepoint: 2760298 ns, Total: 2771596 ns
[2025-08-21T05:53:12.465+0000][1692266][info ][gc,start    ] GC(448) Pause Young (Concurrent Start) (G1 Evacuation Pause)
[2025-08-21T05:53:12.465+0000][1692266][info ][gc,task     ] GC(448) Using 1 workers of 1 for evacuation
[2025-08-21T05:53:12.465+0000][1692266][debug][gc,age      ] GC(448) Desired survivor size 20971520 bytes, new threshold 15 (max threshold 15)
[2025-08-21T05:53:12.467+0000][1692266][info ][gc,phases   ] GC(448)   Pre Evacuate Collection Set: 0.1ms
[2025-08-21T05:53:12.467+0000][1692266][info ][gc,phases   ] GC(448)   Merge Heap Roots: 0.0ms
[2025-08-21T05:53:12.467+0000][1692266][info ][gc,phases   ] GC(448)   Evacuate Collection Set: 1.2ms
[2025-08-21T05:53:12.467+0000][1692266][info ][gc,phases   ] GC(448)   Post Evacuate Collection Set: 0.7ms
[2025-08-21T05:53:12.467+0000][1692266][info ][gc,phases   ] GC(448)   Other: 0.0ms
[2025-08-21T05:53:12.467+0000][1692266][trace][gc,age      ] GC(448) Age table with threshold 15 (max threshold 15)
[2025-08-21T05:53:12.467+0000][1692266][trace][gc,age      ] GC(448) - age   1:      17232 bytes,      17232 total
[2025-08-21T05:53:12.467+0000][1692266][trace][gc,age      ] GC(448) - age   7:        392 bytes,      17624 total
[2025-08-21T05:53:12.467+0000][1692266][info ][gc,heap     ] GC(448) Eden regions: 75->0(75)
[2025-08-21T05:53:12.467+0000][1692266][info ][gc,heap     ] GC(448) Survivor regions: 1->1(10)
[2025-08-21T05:53:12.467+0000][1692266][info ][gc,heap     ] GC(448) Old regions: 22->22
[2025-08-21T05:53:12.467+0000][1692266][info ][gc,heap     ] GC(448) Humongous regions: 0->0
[2025-08-21T05:53:12.467+0000][1692266][info ][gc,metaspace] GC(448) Metaspace: 142063K(148544K)->142063K(148544K) NonClass: 123106K(127104K)->123106K(127104K) Class: 18957K(21440K)->18957K(21440K)
[2025-08-21T05:53:12.467+0000][1692266][info ][gc          ] GC(448) Pause Young (Concurrent Start) (G1 Evacuation Pause) 387M->87M(512M) 2.274ms
[2025-08-21T05:53:12.467+0000][1692266][info ][gc,cpu      ] GC(448) User=0.00s Sys=0.00s Real=0.01s
[2025-08-21T05:53:12.467+0000][1692266][info ][safepoint   ] Safepoint "G1CollectForAllocation", Time since last: 440789704033 ns, Reaching safepoint: 8693 ns, Cleanup: 2574 ns, At safepoint: 2312732 ns, Total: 2323999 ns
[2025-08-21T05:53:12.472+0000][1692266][info ][gc          ] GC(449) Concurrent Mark Cycle
[2025-08-21T05:53:12.472+0000][1692266][info ][gc,marking  ] GC(449) Concurrent Scan Root Regions
[2025-08-21T05:53:12.473+0000][1692266][info ][gc,marking  ] GC(449) Concurrent Scan Root Regions 0.443ms
[2025-08-21T05:53:12.473+0000][1692266][info ][gc,marking  ] GC(449) Concurrent Mark
[2025-08-21T05:53:12.473+0000][1692266][info ][gc,marking  ] GC(449) Concurrent Mark From Roots
[2025-08-21T05:53:12.473+0000][1692266][info ][gc,task     ] GC(449) Using 1 workers of 1 for marking
[2025-08-21T05:53:12.578+0000][1692266][info ][gc,marking  ] GC(449) Concurrent Mark From Roots 104.770ms
[2025-08-21T05:53:12.578+0000][1692266][info ][gc,marking  ] GC(449) Concurrent Preclean
[2025-08-21T05:53:12.578+0000][1692266][info ][gc,marking  ] GC(449) Concurrent Preclean 0.249ms
[2025-08-21T05:53:12.578+0000][1692266][info ][gc,start    ] GC(449) Pause Remark
[2025-08-21T05:53:12.582+0000][1692266][info ][gc          ] GC(449) Pause Remark 87M->87M(512M) 4.098ms
[2025-08-21T05:53:12.582+0000][1692266][info ][gc,cpu      ] GC(449) User=0.01s Sys=0.00s Real=0.00s
[2025-08-21T05:53:12.582+0000][1692266][info ][safepoint   ] Safepoint "G1PauseRemark", Time since last: 111001668 ns, Reaching safepoint: 5929 ns, Cleanup: 3015 ns, At safepoint: 4137868 ns, Total: 4146812 ns
[2025-08-21T05:53:12.582+0000][1692266][info ][gc,marking  ] GC(449) Concurrent Mark 109.254ms
[2025-08-21T05:53:12.582+0000][1692266][info ][gc,marking  ] GC(449) Concurrent Rebuild Remembered Sets and Scrub Regions
[2025-08-21T05:53:12.630+0000][1692266][info ][gc,marking  ] GC(449) Concurrent Rebuild Remembered Sets and Scrub Regions 47.897ms
[2025-08-21T05:53:12.630+0000][1692266][info ][gc,start    ] GC(449) Pause Cleanup
[2025-08-21T05:53:12.630+0000][1692266][info ][gc          ] GC(449) Pause Cleanup 87M->87M(512M) 0.033ms
[2025-08-21T05:53:12.630+0000][1692266][info ][gc,cpu      ] GC(449) User=0.00s Sys=0.00s Real=0.00s
[2025-08-21T05:53:12.630+0000][1692266][info ][safepoint   ] Safepoint "G1PauseCleanup", Time since last: 47957543 ns, Reaching safepoint: 4276 ns, Cleanup: 1202 ns, At safepoint: 60091 ns, Total: 65569 ns
[2025-08-21T05:53:12.630+0000][1692266][info ][gc,marking  ] GC(449) Concurrent Clear Claimed Marks
[2025-08-21T05:53:12.630+0000][1692266][info ][gc,marking  ] GC(449) Concurrent Clear Claimed Marks 0.142ms
[2025-08-21T05:53:12.630+0000][1692266][info ][gc,marking  ] GC(449) Concurrent Cleanup for Next Mark
[2025-08-21T05:53:12.631+0000][1692266][info ][gc,marking  ] GC(449) Concurrent Cleanup for Next Mark 0.274ms
[2025-08-21T05:53:12.631+0000][1692266][info ][gc          ] GC(449) Concurrent Mark Cycle 158.153ms
[2025-08-21T06:00:37.571+0000][1692266][info ][gc,start    ] GC(450) Pause Young (Normal) (G1 Evacuation Pause)
[2025-08-21T06:00:37.571+0000][1692266][info ][gc,task     ] GC(450) Using 1 workers of 1 for evacuation
[2025-08-21T06:00:37.571+0000][1692266][debug][gc,age      ] GC(450) Desired survivor size 20971520 bytes, new threshold 15 (max threshold 15)
[2025-08-21T06:00:37.574+0000][1692266][info ][gc,phases   ] GC(450)   Pre Evacuate Collection Set: 0.0ms
[2025-08-21T06:00:37.574+0000][1692266][info ][gc,phases   ] GC(450)   Merge Heap Roots: 0.0ms
[2025-08-21T06:00:37.574+0000][1692266][info ][gc,phases   ] GC(450)   Evacuate Collection Set: 1.6ms
[2025-08-21T06:00:37.574+0000][1692266][info ][gc,phases   ] GC(450)   Post Evacuate Collection Set: 0.7ms
[2025-08-21T06:00:37.574+0000][1692266][info ][gc,phases   ] GC(450)   Other: 0.0ms
[2025-08-21T06:00:37.574+0000][1692266][trace][gc,age      ] GC(450) Age table with threshold 15 (max threshold 15)
[2025-08-21T06:00:37.574+0000][1692266][trace][gc,age      ] GC(450) - age   1:      18248 bytes,      18248 total
[2025-08-21T06:00:37.574+0000][1692266][trace][gc,age      ] GC(450) - age   2:       1280 bytes,      19528 total
[2025-08-21T06:00:37.574+0000][1692266][trace][gc,age      ] GC(450) - age   8:        392 bytes,      19920 total
[2025-08-21T06:00:37.574+0000][1692266][info ][gc,heap     ] GC(450) Eden regions: 75->0(75)
[2025-08-21T06:00:37.574+0000][1692266][info ][gc,heap     ] GC(450) Survivor regions: 1->1(10)
[2025-08-21T06:00:37.574+0000][1692266][info ][gc,heap     ] GC(450) Old regions: 22->22
[2025-08-21T06:00:37.574+0000][1692266][info ][gc,heap     ] GC(450) Humongous regions: 0->0
[2025-08-21T06:00:37.574+0000][1692266][info ][gc,metaspace] GC(450) Metaspace: 142063K(148544K)->142063K(148544K) NonClass: 123106K(127104K)->123106K(127104K) Class: 18957K(21440K)->18957K(21440K)
[2025-08-21T06:00:37.574+0000][1692266][info ][gc          ] GC(450) Pause Young (Normal) (G1 Evacuation Pause) 387M->87M(512M) 2.697ms
[2025-08-21T06:00:37.574+0000][1692266][info ][gc,cpu      ] GC(450) User=0.00s Sys=0.00s Real=0.00s
[2025-08-21T06:00:37.574+0000][1692266][info ][safepoint   ] Safepoint "G1CollectForAllocation", Time since last: 444940831475 ns, Reaching safepoint: 8353 ns, Cleanup: 2734 ns, At safepoint: 2736112 ns, Total: 2747199 ns
[2025-08-21T06:08:00.889+0000][1692266][info ][gc,start    ] GC(451) Pause Young (Normal) (G1 Evacuation Pause)
[2025-08-21T06:08:00.890+0000][1692266][info ][gc,task     ] GC(451) Using 1 workers of 1 for evacuation
[2025-08-21T06:08:00.890+0000][1692266][debug][gc,age      ] GC(451) Desired survivor size 20971520 bytes, new threshold 15 (max threshold 15)
[2025-08-21T06:08:00.891+0000][1692266][info ][gc,phases   ] GC(451)   Pre Evacuate Collection Set: 0.0ms
[2025-08-21T06:08:00.891+0000][1692266][info ][gc,phases   ] GC(451)   Merge Heap Roots: 0.0ms
[2025-08-21T06:08:00.891+0000][1692266][info ][gc,phases   ] GC(451)   Evacuate Collection Set: 0.7ms
[2025-08-21T06:08:00.891+0000][1692266][info ][gc,phases   ] GC(451)   Post Evacuate Collection Set: 0.7ms
[2025-08-21T06:08:00.891+0000][1692266][info ][gc,phases   ] GC(451)   Other: 0.0ms
[2025-08-21T06:08:00.891+0000][1692266][trace][gc,age      ] GC(451) Age table with threshold 15 (max threshold 15)
[2025-08-21T06:08:00.891+0000][1692266][trace][gc,age      ] GC(451) - age   1:      15136 bytes,      15136 total
[2025-08-21T06:08:00.891+0000][1692266][trace][gc,age      ] GC(451) - age   3:        176 bytes,      15312 total
[2025-08-21T06:08:00.891+0000][1692266][trace][gc,age      ] GC(451) - age   9:        392 bytes,      15704 total
[2025-08-21T06:08:00.891+0000][1692266][info ][gc,heap     ] GC(451) Eden regions: 75->0(75)
[2025-08-21T06:08:00.891+0000][1692266][info ][gc,heap     ] GC(451) Survivor regions: 1->1(10)
[2025-08-21T06:08:00.891+0000][1692266][info ][gc,heap     ] GC(451) Old regions: 22->22
[2025-08-21T06:08:00.891+0000][1692266][info ][gc,heap     ] GC(451) Humongous regions: 0->0
[2025-08-21T06:08:00.891+0000][1692266][info ][gc,metaspace] GC(451) Metaspace: 142063K(148544K)->142063K(148544K) NonClass: 123106K(127104K)->123106K(127104K) Class: 18957K(21440K)->18957K(21440K)
[2025-08-21T06:08:00.891+0000][1692266][info ][gc          ] GC(451) Pause Young (Normal) (G1 Evacuation Pause) 387M->87M(512M) 2.051ms
[2025-08-21T06:08:00.891+0000][1692266][info ][gc,cpu      ] GC(451) User=0.00s Sys=0.00s Real=0.00s
[2025-08-21T06:08:00.891+0000][1692266][info ][safepoint   ] Safepoint "G1CollectForAllocation", Time since last: 443315665495 ns, Reaching safepoint: 7531 ns, Cleanup: 3005 ns, At safepoint: 2090557 ns, Total: 2101093 ns
[2025-08-21T06:15:23.255+0000][1692266][info ][gc,start    ] GC(452) Pause Young (Normal) (G1 Evacuation Pause)
[2025-08-21T06:15:23.256+0000][1692266][info ][gc,task     ] GC(452) Using 1 workers of 1 for evacuation
[2025-08-21T06:15:23.256+0000][1692266][debug][gc,age      ] GC(452) Desired survivor size 20971520 bytes, new threshold 15 (max threshold 15)
[2025-08-21T06:15:23.258+0000][1692266][info ][gc,phases   ] GC(452)   Pre Evacuate Collection Set: 0.1ms
[2025-08-21T06:15:23.258+0000][1692266][info ][gc,phases   ] GC(452)   Merge Heap Roots: 0.0ms
[2025-08-21T06:15:23.258+0000][1692266][info ][gc,phases   ] GC(452)   Evacuate Collection Set: 0.7ms
[2025-08-21T06:15:23.258+0000][1692266][info ][gc,phases   ] GC(452)   Post Evacuate Collection Set: 0.8ms
[2025-08-21T06:15:23.258+0000][1692266][info ][gc,phases   ] GC(452)   Other: 0.0ms
[2025-08-21T06:15:23.258+0000][1692266][trace][gc,age      ] GC(452) Age table with threshold 15 (max threshold 15)
[2025-08-21T06:15:23.258+0000][1692266][trace][gc,age      ] GC(452) - age   1:      14712 bytes,      14712 total
[2025-08-21T06:15:23.258+0000][1692266][trace][gc,age      ] GC(452) - age   2:        664 bytes,      15376 total
[2025-08-21T06:15:23.258+0000][1692266][trace][gc,age      ] GC(452) - age   4:        176 bytes,      15552 total
[2025-08-21T06:15:23.258+0000][1692266][trace][gc,age      ] GC(452) - age  10:        392 bytes,      15944 total
[2025-08-21T06:15:23.258+0000][1692266][info ][gc,heap     ] GC(452) Eden regions: 75->0(75)
[2025-08-21T06:15:23.258+0000][1692266][info ][gc,heap     ] GC(452) Survivor regions: 1->1(10)
[2025-08-21T06:15:23.258+0000][1692266][info ][gc,heap     ] GC(452) Old regions: 22->22
[2025-08-21T06:15:23.258+0000][1692266][info ][gc,heap     ] GC(452) Humongous regions: 0->0
[2025-08-21T06:15:23.258+0000][1692266][info ][gc,metaspace] GC(452) Metaspace: 142063K(148544K)->142063K(148544K) NonClass: 123106K(127104K)->123106K(127104K) Class: 18957K(21440K)->18957K(21440K)
[2025-08-21T06:15:23.258+0000][1692266][info ][gc          ] GC(452) Pause Young (Normal) (G1 Evacuation Pause) 387M->87M(512M) 2.184ms
[2025-08-21T06:15:23.258+0000][1692266][info ][gc,cpu      ] GC(452) User=0.00s Sys=0.00s Real=0.00s
[2025-08-21T06:15:23.258+0000][1692266][info ][safepoint   ] Safepoint "G1CollectForAllocation", Time since last: 442363976849 ns, Reaching safepoint: 41903 ns, Cleanup: 2804 ns, At safepoint: 2222887 ns, Total: 2267594 ns
[2025-08-21T06:22:47.033+0000][1692266][info ][gc,start    ] GC(453) Pause Young (Normal) (G1 Evacuation Pause)
[2025-08-21T06:22:47.034+0000][1692266][info ][gc,task     ] GC(453) Using 1 workers of 1 for evacuation
[2025-08-21T06:22:47.034+0000][1692266][debug][gc,age      ] GC(453) Desired survivor size 20971520 bytes, new threshold 15 (max threshold 15)
[2025-08-21T06:22:47.035+0000][1692266][info ][gc,phases   ] GC(453)   Pre Evacuate Collection Set: 0.1ms
[2025-08-21T06:22:47.035+0000][1692266][info ][gc,phases   ] GC(453)   Merge Heap Roots: 0.0ms
[2025-08-21T06:22:47.035+0000][1692266][info ][gc,phases   ] GC(453)   Evacuate Collection Set: 0.7ms
[2025-08-21T06:22:47.035+0000][1692266][info ][gc,phases   ] GC(453)   Post Evacuate Collection Set: 0.7ms
[2025-08-21T06:22:47.035+0000][1692266][info ][gc,phases   ] GC(453)   Other: 0.0ms
[2025-08-21T06:22:47.035+0000][1692266][trace][gc,age      ] GC(453) Age table with threshold 15 (max threshold 15)
[2025-08-21T06:22:47.035+0000][1692266][trace][gc,age      ] GC(453) - age   1:      15208 bytes,      15208 total
[2025-08-21T06:22:47.035+0000][1692266][trace][gc,age      ] GC(453) - age   5:        176 bytes,      15384 total
[2025-08-21T06:22:47.035+0000][1692266][trace][gc,age      ] GC(453) - age  11:        392 bytes,      15776 total
[2025-08-21T06:22:47.035+0000][1692266][info ][gc,heap     ] GC(453) Eden regions: 75->0(75)
[2025-08-21T06:22:47.035+0000][1692266][info ][gc,heap     ] GC(453) Survivor regions: 1->1(10)
[2025-08-21T06:22:47.035+0000][1692266][info ][gc,heap     ] GC(453) Old regions: 22->22
[2025-08-21T06:22:47.035+0000][1692266][info ][gc,heap     ] GC(453) Humongous regions: 0->0
[2025-08-21T06:22:47.035+0000][1692266][info ][gc,metaspace] GC(453) Metaspace: 142063K(148544K)->142063K(148544K) NonClass: 123106K(127104K)->123106K(127104K) Class: 18957K(21440K)->18957K(21440K)
[2025-08-21T06:22:47.035+0000][1692266][info ][gc          ] GC(453) Pause Young (Normal) (G1 Evacuation Pause) 387M->87M(512M) 2.087ms
[2025-08-21T06:22:47.035+0000][1692266][info ][gc,cpu      ] GC(453) User=0.00s Sys=0.00s Real=0.00s
[2025-08-21T06:22:47.035+0000][1692266][info ][safepoint   ] Safepoint "G1CollectForAllocation", Time since last: 443775365715 ns, Reaching safepoint: 7932 ns, Cleanup: 2814 ns, At safepoint: 2122285 ns, Total: 2133031 ns
[2025-08-21T06:30:11.058+0000][1692266][info ][gc,start    ] GC(454) Pause Young (Normal) (G1 Evacuation Pause)
[2025-08-21T06:30:11.059+0000][1692266][info ][gc,task     ] GC(454) Using 1 workers of 1 for evacuation
[2025-08-21T06:30:11.059+0000][1692266][debug][gc,age      ] GC(454) Desired survivor size 20971520 bytes, new threshold 15 (max threshold 15)
[2025-08-21T06:30:11.060+0000][1692266][info ][gc,phases   ] GC(454)   Pre Evacuate Collection Set: 0.0ms
[2025-08-21T06:30:11.060+0000][1692266][info ][gc,phases   ] GC(454)   Merge Heap Roots: 0.0ms
[2025-08-21T06:30:11.060+0000][1692266][info ][gc,phases   ] GC(454)   Evacuate Collection Set: 0.8ms
[2025-08-21T06:30:11.060+0000][1692266][info ][gc,phases   ] GC(454)   Post Evacuate Collection Set: 0.7ms
[2025-08-21T06:30:11.060+0000][1692266][info ][gc,phases   ] GC(454)   Other: 0.0ms
[2025-08-21T06:30:11.060+0000][1692266][trace][gc,age      ] GC(454) Age table with threshold 15 (max threshold 15)
[2025-08-21T06:30:11.060+0000][1692266][trace][gc,age      ] GC(454) - age   1:      84888 bytes,      84888 total
[2025-08-21T06:30:11.060+0000][1692266][trace][gc,age      ] GC(454) - age   2:       1104 bytes,      85992 total
[2025-08-21T06:30:11.060+0000][1692266][trace][gc,age      ] GC(454) - age   6:        176 bytes,      86168 total
[2025-08-21T06:30:11.060+0000][1692266][trace][gc,age      ] GC(454) - age  12:        392 bytes,      86560 total
[2025-08-21T06:30:11.060+0000][1692266][info ][gc,heap     ] GC(454) Eden regions: 75->0(75)
[2025-08-21T06:30:11.060+0000][1692266][info ][gc,heap     ] GC(454) Survivor regions: 1->1(10)
[2025-08-21T06:30:11.060+0000][1692266][info ][gc,heap     ] GC(454) Old regions: 22->22
[2025-08-21T06:30:11.060+0000][1692266][info ][gc,heap     ] GC(454) Humongous regions: 0->0
[2025-08-21T06:30:11.060+0000][1692266][info ][gc,metaspace] GC(454) Metaspace: 142063K(148544K)->142063K(148544K) NonClass: 123106K(127104K)->123106K(127104K) Class: 18957K(21440K)->18957K(21440K)
[2025-08-21T06:30:11.060+0000][1692266][info ][gc          ] GC(454) Pause Young (Normal) (G1 Evacuation Pause) 387M->87M(512M) 2.219ms
[2025-08-21T06:30:11.060+0000][1692266][info ][gc,cpu      ] GC(454) User=0.00s Sys=0.00s Real=0.00s
[2025-08-21T06:30:11.060+0000][1692266][info ][safepoint   ] Safepoint "G1CollectForAllocation", Time since last: 444022770804 ns, Reaching safepoint: 10075 ns, Cleanup: 3125 ns, At safepoint: 2256417 ns, Total: 2269617 ns
[2025-08-21T06:37:35.173+0000][1692266][info ][gc,start    ] GC(455) Pause Young (Normal) (G1 Evacuation Pause)
[2025-08-21T06:37:35.174+0000][1692266][info ][gc,task     ] GC(455) Using 1 workers of 1 for evacuation
[2025-08-21T06:37:35.174+0000][1692266][debug][gc,age      ] GC(455) Desired survivor size 20971520 bytes, new threshold 15 (max threshold 15)
[2025-08-21T06:37:35.175+0000][1692266][info ][gc,phases   ] GC(455)   Pre Evacuate Collection Set: 0.0ms
[2025-08-21T06:37:35.175+0000][1692266][info ][gc,phases   ] GC(455)   Merge Heap Roots: 0.0ms
[2025-08-21T06:37:35.175+0000][1692266][info ][gc,phases   ] GC(455)   Evacuate Collection Set: 0.7ms
[2025-08-21T06:37:35.175+0000][1692266][info ][gc,phases   ] GC(455)   Post Evacuate Collection Set: 0.7ms
[2025-08-21T06:37:35.175+0000][1692266][info ][gc,phases   ] GC(455)   Other: 0.0ms
[2025-08-21T06:37:35.175+0000][1692266][trace][gc,age      ] GC(455) Age table with threshold 15 (max threshold 15)
[2025-08-21T06:37:35.175+0000][1692266][trace][gc,age      ] GC(455) - age   1:      15648 bytes,      15648 total
[2025-08-21T06:37:35.175+0000][1692266][trace][gc,age      ] GC(455) - age   7:        176 bytes,      15824 total
[2025-08-21T06:37:35.175+0000][1692266][trace][gc,age      ] GC(455) - age  13:        392 bytes,      16216 total
[2025-08-21T06:37:35.175+0000][1692266][info ][gc,heap     ] GC(455) Eden regions: 75->0(75)
[2025-08-21T06:37:35.175+0000][1692266][info ][gc,heap     ] GC(455) Survivor regions: 1->1(10)
[2025-08-21T06:37:35.175+0000][1692266][info ][gc,heap     ] GC(455) Old regions: 22->22
[2025-08-21T06:37:35.175+0000][1692266][info ][gc,heap     ] GC(455) Humongous regions: 0->0
[2025-08-21T06:37:35.175+0000][1692266][info ][gc,metaspace] GC(455) Metaspace: 142063K(148544K)->142063K(148544K) NonClass: 123106K(127104K)->123106K(127104K) Class: 18957K(21440K)->18957K(21440K)
[2025-08-21T06:37:35.175+0000][1692266][info ][gc          ] GC(455) Pause Young (Normal) (G1 Evacuation Pause) 387M->87M(512M) 2.078ms
[2025-08-21T06:37:35.175+0000][1692266][info ][gc,cpu      ] GC(455) User=0.00s Sys=0.00s Real=0.00s
[2025-08-21T06:37:35.175+0000][1692266][info ][safepoint   ] Safepoint "G1CollectForAllocation", Time since last: 444112815726 ns, Reaching safepoint: 9033 ns, Cleanup: 2995 ns, At safepoint: 2114103 ns, Total: 2126131 ns
[2025-08-21T06:44:59.433+0000][1692266][info ][gc,start    ] GC(456) Pause Young (Normal) (G1 Evacuation Pause)
[2025-08-21T06:44:59.433+0000][1692266][info ][gc,task     ] GC(456) Using 1 workers of 1 for evacuation
[2025-08-21T06:44:59.433+0000][1692266][debug][gc,age      ] GC(456) Desired survivor size 20971520 bytes, new threshold 15 (max threshold 15)
[2025-08-21T06:44:59.435+0000][1692266][info ][gc,phases   ] GC(456)   Pre Evacuate Collection Set: 0.1ms
[2025-08-21T06:44:59.435+0000][1692266][info ][gc,phases   ] GC(456)   Merge Heap Roots: 0.0ms
[2025-08-21T06:44:59.435+0000][1692266][info ][gc,phases   ] GC(456)   Evacuate Collection Set: 0.8ms
[2025-08-21T06:44:59.435+0000][1692266][info ][gc,phases   ] GC(456)   Post Evacuate Collection Set: 0.7ms
[2025-08-21T06:44:59.435+0000][1692266][info ][gc,phases   ] GC(456)   Other: 0.0ms
[2025-08-21T06:44:59.435+0000][1692266][trace][gc,age      ] GC(456) Age table with threshold 15 (max threshold 15)
[2025-08-21T06:44:59.435+0000][1692266][trace][gc,age      ] GC(456) - age   1:      85528 bytes,      85528 total
[2025-08-21T06:44:59.435+0000][1692266][trace][gc,age      ] GC(456) - age   2:        832 bytes,      86360 total
[2025-08-21T06:44:59.435+0000][1692266][trace][gc,age      ] GC(456) - age   8:        176 bytes,      86536 total
[2025-08-21T06:44:59.435+0000][1692266][trace][gc,age      ] GC(456) - age  14:        392 bytes,      86928 total
[2025-08-21T06:44:59.435+0000][1692266][info ][gc,heap     ] GC(456) Eden regions: 75->0(75)
[2025-08-21T06:44:59.435+0000][1692266][info ][gc,heap     ] GC(456) Survivor regions: 1->1(10)
[2025-08-21T06:44:59.435+0000][1692266][info ][gc,heap     ] GC(456) Old regions: 22->22
[2025-08-21T06:44:59.435+0000][1692266][info ][gc,heap     ] GC(456) Humongous regions: 0->0
[2025-08-21T06:44:59.435+0000][1692266][info ][gc,metaspace] GC(456) Metaspace: 142063K(148544K)->142063K(148544K) NonClass: 123106K(127104K)->123106K(127104K) Class: 18957K(21440K)->18957K(21440K)
[2025-08-21T06:44:59.435+0000][1692266][info ][gc          ] GC(456) Pause Young (Normal) (G1 Evacuation Pause) 387M->87M(512M) 2.079ms
[2025-08-21T06:44:59.435+0000][1692266][info ][gc,cpu      ] GC(456) User=0.00s Sys=0.00s Real=0.00s
[2025-08-21T06:44:59.435+0000][1692266][info ][safepoint   ] Safepoint "G1CollectForAllocation", Time since last: 444257697327 ns, Reaching safepoint: 8302 ns, Cleanup: 3455 ns, At safepoint: 2116787 ns, Total: 2128544 ns
[2025-08-21T06:51:54.460+0000][1692266][info ][safepoint   ] Safepoint "Cleanup", Time since last: 415024684690 ns, Reaching safepoint: 39069 ns, Cleanup: 11107 ns, At safepoint: 4506 ns, Total: 54682 ns
[2025-08-21T06:52:24.593+0000][1692266][info ][gc,start    ] GC(457) Pause Young (Normal) (G1 Evacuation Pause)
[2025-08-21T06:52:24.593+0000][1692266][info ][gc,task     ] GC(457) Using 1 workers of 1 for evacuation
[2025-08-21T06:52:24.593+0000][1692266][debug][gc,age      ] GC(457) Desired survivor size 20971520 bytes, new threshold 15 (max threshold 15)
[2025-08-21T06:52:24.594+0000][1692266][info ][gc,phases   ] GC(457)   Pre Evacuate Collection Set: 0.0ms
[2025-08-21T06:52:24.594+0000][1692266][info ][gc,phases   ] GC(457)   Merge Heap Roots: 0.0ms
[2025-08-21T06:52:24.594+0000][1692266][info ][gc,phases   ] GC(457)   Evacuate Collection Set: 0.7ms
[2025-08-21T06:52:24.594+0000][1692266][info ][gc,phases   ] GC(457)   Post Evacuate Collection Set: 0.7ms
[2025-08-21T06:52:24.594+0000][1692266][info ][gc,phases   ] GC(457)   Other: 0.0ms
[2025-08-21T06:52:24.594+0000][1692266][trace][gc,age      ] GC(457) Age table with threshold 15 (max threshold 15)
[2025-08-21T06:52:24.594+0000][1692266][trace][gc,age      ] GC(457) - age   1:      17072 bytes,      17072 total
[2025-08-21T06:52:24.594+0000][1692266][trace][gc,age      ] GC(457) - age   3:        168 bytes,      17240 total
[2025-08-21T06:52:24.594+0000][1692266][trace][gc,age      ] GC(457) - age  15:        392 bytes,      17632 total
[2025-08-21T06:52:24.594+0000][1692266][info ][gc,heap     ] GC(457) Eden regions: 75->0(75)
[2025-08-21T06:52:24.594+0000][1692266][info ][gc,heap     ] GC(457) Survivor regions: 1->1(10)
[2025-08-21T06:52:24.594+0000][1692266][info ][gc,heap     ] GC(457) Old regions: 22->22
[2025-08-21T06:52:24.594+0000][1692266][info ][gc,heap     ] GC(457) Humongous regions: 0->0
[2025-08-21T06:52:24.594+0000][1692266][info ][gc,metaspace] GC(457) Metaspace: 142063K(148544K)->142063K(148544K) NonClass: 123106K(127104K)->123106K(127104K) Class: 18957K(21440K)->18957K(21440K)
[2025-08-21T06:52:24.594+0000][1692266][info ][gc          ] GC(457) Pause Young (Normal) (G1 Evacuation Pause) 387M->87M(512M) 1.618ms
[2025-08-21T06:52:24.594+0000][1692266][info ][gc,cpu      ] GC(457) User=0.01s Sys=0.00s Real=0.00s
[2025-08-21T06:52:24.594+0000][1692266][info ][safepoint   ] Safepoint "G1CollectForAllocation", Time since last: 30132772191 ns, Reaching safepoint: 7612 ns, Cleanup: 2253 ns, At safepoint: 1660377 ns, Total: 1670242 ns
[2025-08-21T06:59:49.055+0000][1692266][info ][gc,start    ] GC(458) Pause Young (Normal) (G1 Evacuation Pause)
[2025-08-21T06:59:49.056+0000][1692266][info ][gc,task     ] GC(458) Using 1 workers of 1 for evacuation
[2025-08-21T06:59:49.056+0000][1692266][debug][gc,age      ] GC(458) Desired survivor size 20971520 bytes, new threshold 15 (max threshold 15)
[2025-08-21T06:59:49.057+0000][1692266][info ][gc,phases   ] GC(458)   Pre Evacuate Collection Set: 0.0ms
[2025-08-21T06:59:49.057+0000][1692266][info ][gc,phases   ] GC(458)   Merge Heap Roots: 0.0ms
[2025-08-21T06:59:49.057+0000][1692266][info ][gc,phases   ] GC(458)   Evacuate Collection Set: 0.7ms
[2025-08-21T06:59:49.057+0000][1692266][info ][gc,phases   ] GC(458)   Post Evacuate Collection Set: 0.7ms
[2025-08-21T06:59:49.057+0000][1692266][info ][gc,phases   ] GC(458)   Other: 0.0ms
[2025-08-21T06:59:49.057+0000][1692266][trace][gc,age      ] GC(458) Age table with threshold 15 (max threshold 15)
[2025-08-21T06:59:49.057+0000][1692266][trace][gc,age      ] GC(458) - age   1:      15280 bytes,      15280 total
[2025-08-21T06:59:49.057+0000][1692266][trace][gc,age      ] GC(458) - age   2:       1280 bytes,      16560 total
[2025-08-21T06:59:49.057+0000][1692266][trace][gc,age      ] GC(458) - age   4:        168 bytes,      16728 total
[2025-08-21T06:59:49.057+0000][1692266][info ][gc,heap     ] GC(458) Eden regions: 75->0(75)
[2025-08-21T06:59:49.058+0000][1692266][info ][gc,heap     ] GC(458) Survivor regions: 1->1(10)
[2025-08-21T06:59:49.058+0000][1692266][info ][gc,heap     ] GC(458) Old regions: 22->22
[2025-08-21T06:59:49.058+0000][1692266][info ][gc,heap     ] GC(458) Humongous regions: 0->0
[2025-08-21T06:59:49.058+0000][1692266][info ][gc,metaspace] GC(458) Metaspace: 142063K(148544K)->142063K(148544K) NonClass: 123106K(127104K)->123106K(127104K) Class: 18957K(21440K)->18957K(21440K)
[2025-08-21T06:59:49.058+0000][1692266][info ][gc          ] GC(458) Pause Young (Normal) (G1 Evacuation Pause) 387M->87M(512M) 2.059ms
[2025-08-21T06:59:49.058+0000][1692266][info ][gc,cpu      ] GC(458) User=0.00s Sys=0.00s Real=0.00s
[2025-08-21T06:59:49.058+0000][1692266][info ][safepoint   ] Safepoint "G1CollectForAllocation", Time since last: 444461270964 ns, Reaching safepoint: 8613 ns, Cleanup: 3205 ns, At safepoint: 2094623 ns, Total: 2106441 ns
[2025-08-21T07:07:13.411+0000][1692266][info ][gc,start    ] GC(459) Pause Young (Normal) (G1 Evacuation Pause)
[2025-08-21T07:07:13.411+0000][1692266][info ][gc,task     ] GC(459) Using 1 workers of 1 for evacuation
[2025-08-21T07:07:13.411+0000][1692266][debug][gc,age      ] GC(459) Desired survivor size 20971520 bytes, new threshold 15 (max threshold 15)
[2025-08-21T07:07:13.413+0000][1692266][info ][gc,phases   ] GC(459)   Pre Evacuate Collection Set: 0.0ms
[2025-08-21T07:07:13.413+0000][1692266][info ][gc,phases   ] GC(459)   Merge Heap Roots: 0.0ms
[2025-08-21T07:07:13.413+0000][1692266][info ][gc,phases   ] GC(459)   Evacuate Collection Set: 0.8ms
[2025-08-21T07:07:13.413+0000][1692266][info ][gc,phases   ] GC(459)   Post Evacuate Collection Set: 0.8ms
[2025-08-21T07:07:13.413+0000][1692266][info ][gc,phases   ] GC(459)   Other: 0.0ms
[2025-08-21T07:07:13.413+0000][1692266][trace][gc,age      ] GC(459) Age table with threshold 15 (max threshold 15)
[2025-08-21T07:07:13.413+0000][1692266][trace][gc,age      ] GC(459) - age   1:      87984 bytes,      87984 total
[2025-08-21T07:07:13.413+0000][1692266][trace][gc,age      ] GC(459) - age   3:        176 bytes,      88160 total
[2025-08-21T07:07:13.413+0000][1692266][trace][gc,age      ] GC(459) - age   5:        168 bytes,      88328 total
[2025-08-21T07:07:13.413+0000][1692266][info ][gc,heap     ] GC(459) Eden regions: 75->0(75)
[2025-08-21T07:07:13.413+0000][1692266][info ][gc,heap     ] GC(459) Survivor regions: 1->1(10)
[2025-08-21T07:07:13.413+0000][1692266][info ][gc,heap     ] GC(459) Old regions: 22->22
[2025-08-21T07:07:13.413+0000][1692266][info ][gc,heap     ] GC(459) Humongous regions: 0->0
[2025-08-21T07:07:13.413+0000][1692266][info ][gc,metaspace] GC(459) Metaspace: 142063K(148544K)->142063K(148544K) NonClass: 123106K(127104K)->123106K(127104K) Class: 18957K(21440K)->18957K(21440K)
[2025-08-21T07:07:13.413+0000][1692266][info ][gc          ] GC(459) Pause Young (Normal) (G1 Evacuation Pause) 387M->87M(512M) 2.042ms
[2025-08-21T07:07:13.413+0000][1692266][info ][gc,cpu      ] GC(459) User=0.00s Sys=0.00s Real=0.00s
[2025-08-21T07:07:13.413+0000][1692266][info ][safepoint   ] Safepoint "G1CollectForAllocation", Time since last: 444352987894 ns, Reaching safepoint: 9064 ns, Cleanup: 3225 ns, At safepoint: 2078950 ns, Total: 2091239 ns
[2025-08-21T07:14:37.444+0000][1692266][info ][gc,start    ] GC(460) Pause Young (Normal) (G1 Evacuation Pause)
[2025-08-21T07:14:37.444+0000][1692266][info ][gc,task     ] GC(460) Using 1 workers of 1 for evacuation
[2025-08-21T07:14:37.444+0000][1692266][debug][gc,age      ] GC(460) Desired survivor size 20971520 bytes, new threshold 15 (max threshold 15)
[2025-08-21T07:14:37.446+0000][1692266][info ][gc,phases   ] GC(460)   Pre Evacuate Collection Set: 0.1ms
[2025-08-21T07:14:37.446+0000][1692266][info ][gc,phases   ] GC(460)   Merge Heap Roots: 0.0ms
[2025-08-21T07:14:37.446+0000][1692266][info ][gc,phases   ] GC(460)   Evacuate Collection Set: 0.6ms
[2025-08-21T07:14:37.446+0000][1692266][info ][gc,phases   ] GC(460)   Post Evacuate Collection Set: 0.8ms
[2025-08-21T07:14:37.446+0000][1692266][info ][gc,phases   ] GC(460)   Other: 0.0ms
[2025-08-21T07:14:37.446+0000][1692266][trace][gc,age      ] GC(460) Age table with threshold 15 (max threshold 15)
[2025-08-21T07:14:37.446+0000][1692266][trace][gc,age      ] GC(460) - age   1:      14656 bytes,      14656 total
[2025-08-21T07:14:37.446+0000][1692266][trace][gc,age      ] GC(460) - age   2:        664 bytes,      15320 total
[2025-08-21T07:14:37.446+0000][1692266][trace][gc,age      ] GC(460) - age   4:        176 bytes,      15496 total
[2025-08-21T07:14:37.446+0000][1692266][trace][gc,age      ] GC(460) - age   6:        168 bytes,      15664 total
[2025-08-21T07:14:37.446+0000][1692266][info ][gc,heap     ] GC(460) Eden regions: 75->0(75)
[2025-08-21T07:14:37.446+0000][1692266][info ][gc,heap     ] GC(460) Survivor regions: 1->1(10)
[2025-08-21T07:14:37.446+0000][1692266][info ][gc,heap     ] GC(460) Old regions: 22->22
[2025-08-21T07:14:37.446+0000][1692266][info ][gc,heap     ] GC(460) Humongous regions: 0->0
[2025-08-21T07:14:37.446+0000][1692266][info ][gc,metaspace] GC(460) Metaspace: 142063K(148544K)->142063K(148544K) NonClass: 123106K(127104K)->123106K(127104K) Class: 18957K(21440K)->18957K(21440K)
[2025-08-21T07:14:37.446+0000][1692266][info ][gc          ] GC(460) Pause Young (Normal) (G1 Evacuation Pause) 387M->87M(512M) 2.079ms
[2025-08-21T07:14:37.446+0000][1692266][info ][gc,cpu      ] GC(460) User=0.00s Sys=0.00s Real=0.01s
[2025-08-21T07:14:37.446+0000][1692266][info ][safepoint   ] Safepoint "G1CollectForAllocation", Time since last: 444031302286 ns, Reaching safepoint: 8803 ns, Cleanup: 3175 ns, At safepoint: 2118569 ns, Total: 2130547 ns
[2025-08-21T07:22:00.915+0000][1692266][info ][gc,start    ] GC(461) Pause Young (Normal) (G1 Evacuation Pause)
[2025-08-21T07:22:00.916+0000][1692266][info ][gc,task     ] GC(461) Using 1 workers of 1 for evacuation
[2025-08-21T07:22:00.916+0000][1692266][debug][gc,age      ] GC(461) Desired survivor size 20971520 bytes, new threshold 15 (max threshold 15)
[2025-08-21T07:22:00.919+0000][1692266][info ][gc,phases   ] GC(461)   Pre Evacuate Collection Set: 0.0ms
[2025-08-21T07:22:00.919+0000][1692266][info ][gc,phases   ] GC(461)   Merge Heap Roots: 0.0ms
[2025-08-21T07:22:00.919+0000][1692266][info ][gc,phases   ] GC(461)   Evacuate Collection Set: 0.7ms
[2025-08-21T07:22:00.919+0000][1692266][info ][gc,phases   ] GC(461)   Post Evacuate Collection Set: 2.5ms
[2025-08-21T07:22:00.919+0000][1692266][info ][gc,phases   ] GC(461)   Other: 0.0ms
[2025-08-21T07:22:00.919+0000][1692266][trace][gc,age      ] GC(461) Age table with threshold 15 (max threshold 15)
[2025-08-21T07:22:00.919+0000][1692266][trace][gc,age      ] GC(461) - age   1:      16768 bytes,      16768 total
[2025-08-21T07:22:00.919+0000][1692266][trace][gc,age      ] GC(461) - age   2:        128 bytes,      16896 total
[2025-08-21T07:22:00.919+0000][1692266][trace][gc,age      ] GC(461) - age   5:        176 bytes,      17072 total
[2025-08-21T07:22:00.919+0000][1692266][trace][gc,age      ] GC(461) - age   7:        168 bytes,      17240 total
[2025-08-21T07:22:00.919+0000][1692266][info ][gc,heap     ] GC(461) Eden regions: 75->0(75)
[2025-08-21T07:22:00.919+0000][1692266][info ][gc,heap     ] GC(461) Survivor regions: 1->1(10)
[2025-08-21T07:22:00.919+0000][1692266][info ][gc,heap     ] GC(461) Old regions: 22->22
[2025-08-21T07:22:00.919+0000][1692266][info ][gc,heap     ] GC(461) Humongous regions: 0->0
[2025-08-21T07:22:00.919+0000][1692266][info ][gc,metaspace] GC(461) Metaspace: 142063K(148544K)->142063K(148544K) NonClass: 123106K(127104K)->123106K(127104K) Class: 18957K(21440K)->18957K(21440K)
[2025-08-21T07:22:00.919+0000][1692266][info ][gc          ] GC(461) Pause Young (Normal) (G1 Evacuation Pause) 387M->87M(512M) 3.494ms
[2025-08-21T07:22:00.919+0000][1692266][info ][gc,cpu      ] GC(461) User=0.00s Sys=0.00s Real=0.00s
[2025-08-21T07:22:00.919+0000][1692266][info ][safepoint   ] Safepoint "G1CollectForAllocation", Time since last: 443469401837 ns, Reaching safepoint: 5338 ns, Cleanup: 2393 ns, At safepoint: 3530522 ns, Total: 3538253 ns
[2025-08-21T07:29:25.508+0000][1692266][info ][gc,start    ] GC(462) Pause Young (Normal) (G1 Evacuation Pause)
[2025-08-21T07:29:25.689+0000][1692266][info ][gc,task     ] GC(462) Using 1 workers of 1 for evacuation
[2025-08-21T07:29:25.689+0000][1692266][debug][gc,age      ] GC(462) Desired survivor size 20971520 bytes, new threshold 15 (max threshold 15)
[2025-08-21T07:29:25.692+0000][1692266][info ][gc,phases   ] GC(462)   Pre Evacuate Collection Set: 0.2ms
[2025-08-21T07:29:25.692+0000][1692266][info ][gc,phases   ] GC(462)   Merge Heap Roots: 0.0ms
[2025-08-21T07:29:25.692+0000][1692266][info ][gc,phases   ] GC(462)   Evacuate Collection Set: 0.7ms
[2025-08-21T07:29:25.692+0000][1692266][info ][gc,phases   ] GC(462)   Post Evacuate Collection Set: 1.6ms
[2025-08-21T07:29:25.692+0000][1692266][info ][gc,phases   ] GC(462)   Other: 0.1ms
[2025-08-21T07:29:25.692+0000][1692266][trace][gc,age      ] GC(462) Age table with threshold 15 (max threshold 15)
[2025-08-21T07:29:25.692+0000][1692266][trace][gc,age      ] GC(462) - age   1:      16328 bytes,      16328 total
[2025-08-21T07:29:25.692+0000][1692266][trace][gc,age      ] GC(462) - age   2:        976 bytes,      17304 total
[2025-08-21T07:29:25.692+0000][1692266][trace][gc,age      ] GC(462) - age   6:        176 bytes,      17480 total
[2025-08-21T07:29:25.692+0000][1692266][trace][gc,age      ] GC(462) - age   8:        168 bytes,      17648 total
[2025-08-21T07:29:25.692+0000][1692266][info ][gc,heap     ] GC(462) Eden regions: 75->0(75)
[2025-08-21T07:29:25.692+0000][1692266][info ][gc,heap     ] GC(462) Survivor regions: 1->1(10)
[2025-08-21T07:29:25.692+0000][1692266][info ][gc,heap     ] GC(462) Old regions: 22->22
[2025-08-21T07:29:25.692+0000][1692266][info ][gc,heap     ] GC(462) Humongous regions: 0->0
[2025-08-21T07:29:25.692+0000][1692266][info ][gc,metaspace] GC(462) Metaspace: 142063K(148544K)->142063K(148544K) NonClass: 123106K(127104K)->123106K(127104K) Class: 18957K(21440K)->18957K(21440K)
[2025-08-21T07:29:25.692+0000][1692266][info ][gc          ] GC(462) Pause Young (Normal) (G1 Evacuation Pause) 387M->87M(512M) 184.291ms
[2025-08-21T07:29:25.692+0000][1692266][info ][gc,cpu      ] GC(462) User=0.00s Sys=0.00s Real=0.18s
[2025-08-21T07:29:25.692+0000][1692266][info ][safepoint   ] Safepoint "G1CollectForAllocation", Time since last: 444588879848 ns, Reaching safepoint: 10295 ns, Cleanup: 3005 ns, At safepoint: 184350207 ns, Total: 184363507 ns
[2025-08-21T07:34:41.715+0000][1692266][info ][safepoint   ] Safepoint "Cleanup", Time since last: 316022250689 ns, Reaching safepoint: 40391 ns, Cleanup: 18398 ns, At safepoint: 2414 ns, Total: 61203 ns
[2025-08-21T07:36:48.772+0000][1692266][info ][gc,start    ] GC(463) Pause Young (Normal) (G1 Evacuation Pause)
[2025-08-21T07:36:48.773+0000][1692266][info ][gc,task     ] GC(463) Using 1 workers of 1 for evacuation
[2025-08-21T07:36:48.773+0000][1692266][debug][gc,age      ] GC(463) Desired survivor size 20971520 bytes, new threshold 15 (max threshold 15)
[2025-08-21T07:36:48.774+0000][1692266][info ][gc,phases   ] GC(463)   Pre Evacuate Collection Set: 0.0ms
[2025-08-21T07:36:48.774+0000][1692266][info ][gc,phases   ] GC(463)   Merge Heap Roots: 0.0ms
[2025-08-21T07:36:48.774+0000][1692266][info ][gc,phases   ] GC(463)   Evacuate Collection Set: 0.7ms
[2025-08-21T07:36:48.774+0000][1692266][info ][gc,phases   ] GC(463)   Post Evacuate Collection Set: 0.7ms
[2025-08-21T07:36:48.774+0000][1692266][info ][gc,phases   ] GC(463)   Other: 0.0ms
[2025-08-21T07:36:48.774+0000][1692266][trace][gc,age      ] GC(463) Age table with threshold 15 (max threshold 15)
[2025-08-21T07:36:48.774+0000][1692266][trace][gc,age      ] GC(463) - age   1:      25528 bytes,      25528 total
[2025-08-21T07:36:48.774+0000][1692266][trace][gc,age      ] GC(463) - age   7:        176 bytes,      25704 total
[2025-08-21T07:36:48.774+0000][1692266][trace][gc,age      ] GC(463) - age   9:        168 bytes,      25872 total
[2025-08-21T07:36:48.774+0000][1692266][info ][gc,heap     ] GC(463) Eden regions: 75->0(75)
[2025-08-21T07:36:48.774+0000][1692266][info ][gc,heap     ] GC(463) Survivor regions: 1->1(10)
[2025-08-21T07:36:48.774+0000][1692266][info ][gc,heap     ] GC(463) Old regions: 22->22
[2025-08-21T07:36:48.774+0000][1692266][info ][gc,heap     ] GC(463) Humongous regions: 0->0
[2025-08-21T07:36:48.774+0000][1692266][info ][gc,metaspace] GC(463) Metaspace: 142063K(148544K)->142063K(148544K) NonClass: 123106K(127104K)->123106K(127104K) Class: 18957K(21440K)->18957K(21440K)
[2025-08-21T07:36:48.774+0000][1692266][info ][gc          ] GC(463) Pause Young (Normal) (G1 Evacuation Pause) 387M->87M(512M) 2.014ms
[2025-08-21T07:36:48.774+0000][1692266][info ][gc,cpu      ] GC(463) User=0.00s Sys=0.00s Real=0.00s
[2025-08-21T07:36:48.774+0000][1692266][info ][safepoint   ] Safepoint "G1CollectForAllocation", Time since last: 127057738974 ns, Reaching safepoint: 8062 ns, Cleanup: 3055 ns, At safepoint: 2051448 ns, Total: 2062565 ns
[2025-08-21T07:44:12.009+0000][1692266][info ][gc,start    ] GC(464) Pause Young (Normal) (G1 Evacuation Pause)
[2025-08-21T07:44:12.010+0000][1692266][info ][gc,task     ] GC(464) Using 1 workers of 1 for evacuation
[2025-08-21T07:44:12.010+0000][1692266][debug][gc,age      ] GC(464) Desired survivor size 20971520 bytes, new threshold 15 (max threshold 15)
[2025-08-21T07:44:12.012+0000][1692266][info ][gc,phases   ] GC(464)   Pre Evacuate Collection Set: 0.2ms
[2025-08-21T07:44:12.012+0000][1692266][info ][gc,phases   ] GC(464)   Merge Heap Roots: 0.0ms
[2025-08-21T07:44:12.012+0000][1692266][info ][gc,phases   ] GC(464)   Evacuate Collection Set: 0.7ms
[2025-08-21T07:44:12.012+0000][1692266][info ][gc,phases   ] GC(464)   Post Evacuate Collection Set: 1.0ms
[2025-08-21T07:44:12.012+0000][1692266][info ][gc,phases   ] GC(464)   Other: 0.0ms
[2025-08-21T07:44:12.012+0000][1692266][trace][gc,age      ] GC(464) Age table with threshold 15 (max threshold 15)
[2025-08-21T07:44:12.012+0000][1692266][trace][gc,age      ] GC(464) - age   1:      14720 bytes,      14720 total
[2025-08-21T07:44:12.012+0000][1692266][trace][gc,age      ] GC(464) - age   2:       2064 bytes,      16784 total
[2025-08-21T07:44:12.012+0000][1692266][trace][gc,age      ] GC(464) - age   8:        176 bytes,      16960 total
[2025-08-21T07:44:12.012+0000][1692266][trace][gc,age      ] GC(464) - age  10:        168 bytes,      17128 total
[2025-08-21T07:44:12.012+0000][1692266][info ][gc,heap     ] GC(464) Eden regions: 75->0(75)
[2025-08-21T07:44:12.012+0000][1692266][info ][gc,heap     ] GC(464) Survivor regions: 1->1(10)
[2025-08-21T07:44:12.012+0000][1692266][info ][gc,heap     ] GC(464) Old regions: 22->22
[2025-08-21T07:44:12.012+0000][1692266][info ][gc,heap     ] GC(464) Humongous regions: 0->0
[2025-08-21T07:44:12.012+0000][1692266][info ][gc,metaspace] GC(464) Metaspace: 142063K(148544K)->142063K(148544K) NonClass: 123106K(127104K)->123106K(127104K) Class: 18957K(21440K)->18957K(21440K)
[2025-08-21T07:44:12.012+0000][1692266][info ][gc          ] GC(464) Pause Young (Normal) (G1 Evacuation Pause) 387M->87M(512M) 2.574ms
[2025-08-21T07:44:12.012+0000][1692266][info ][gc,cpu      ] GC(464) User=0.00s Sys=0.00s Real=0.00s
[2025-08-21T07:44:12.012+0000][1692266][info ][safepoint   ] Safepoint "G1CollectForAllocation", Time since last: 443235006573 ns, Reaching safepoint: 9374 ns, Cleanup: 2865 ns, At safepoint: 2614862 ns, Total: 2627101 ns
[2025-08-21T07:51:36.725+0000][1692266][info ][gc,start    ] GC(465) Pause Young (Normal) (G1 Evacuation Pause)
[2025-08-21T07:51:36.725+0000][1692266][info ][gc,task     ] GC(465) Using 1 workers of 1 for evacuation
[2025-08-21T07:51:36.725+0000][1692266][debug][gc,age      ] GC(465) Desired survivor size 20971520 bytes, new threshold 15 (max threshold 15)
[2025-08-21T07:51:36.727+0000][1692266][info ][gc,phases   ] GC(465)   Pre Evacuate Collection Set: 0.1ms
[2025-08-21T07:51:36.727+0000][1692266][info ][gc,phases   ] GC(465)   Merge Heap Roots: 0.0ms
[2025-08-21T07:51:36.727+0000][1692266][info ][gc,phases   ] GC(465)   Evacuate Collection Set: 0.6ms
[2025-08-21T07:51:36.727+0000][1692266][info ][gc,phases   ] GC(465)   Post Evacuate Collection Set: 0.8ms
[2025-08-21T07:51:36.727+0000][1692266][info ][gc,phases   ] GC(465)   Other: 0.0ms
[2025-08-21T07:51:36.727+0000][1692266][trace][gc,age      ] GC(465) Age table with threshold 15 (max threshold 15)
[2025-08-21T07:51:36.727+0000][1692266][trace][gc,age      ] GC(465) - age   1:      17776 bytes,      17776 total
[2025-08-21T07:51:36.727+0000][1692266][trace][gc,age      ] GC(465) - age   2:        128 bytes,      17904 total
[2025-08-21T07:51:36.727+0000][1692266][trace][gc,age      ] GC(465) - age   3:       1400 bytes,      19304 total
[2025-08-21T07:51:36.727+0000][1692266][trace][gc,age      ] GC(465) - age  11:        168 bytes,      19472 total
[2025-08-21T07:51:36.727+0000][1692266][info ][gc,heap     ] GC(465) Eden regions: 75->0(75)
[2025-08-21T07:51:36.727+0000][1692266][info ][gc,heap     ] GC(465) Survivor regions: 1->1(10)
[2025-08-21T07:51:36.727+0000][1692266][info ][gc,heap     ] GC(465) Old regions: 22->22
[2025-08-21T07:51:36.727+0000][1692266][info ][gc,heap     ] GC(465) Humongous regions: 0->0
[2025-08-21T07:51:36.727+0000][1692266][info ][gc,metaspace] GC(465) Metaspace: 142063K(148544K)->142063K(148544K) NonClass: 123106K(127104K)->123106K(127104K) Class: 18957K(21440K)->18957K(21440K)
[2025-08-21T07:51:36.727+0000][1692266][info ][gc          ] GC(465) Pause Young (Normal) (G1 Evacuation Pause) 387M->87M(512M) 1.820ms
[2025-08-21T07:51:36.727+0000][1692266][info ][gc,cpu      ] GC(465) User=0.00s Sys=0.00s Real=0.01s
[2025-08-21T07:51:36.727+0000][1692266][info ][safepoint   ] Safepoint "G1CollectForAllocation", Time since last: 444713214304 ns, Reaching safepoint: 9294 ns, Cleanup: 3205 ns, At safepoint: 1858218 ns, Total: 1870717 ns
[2025-08-21T07:58:58.989+0000][1692266][info ][gc,start    ] GC(466) Pause Young (Normal) (G1 Evacuation Pause)
[2025-08-21T07:58:58.990+0000][1692266][info ][gc,task     ] GC(466) Using 1 workers of 1 for evacuation
[2025-08-21T07:58:58.990+0000][1692266][debug][gc,age      ] GC(466) Desired survivor size 20971520 bytes, new threshold 15 (max threshold 15)
[2025-08-21T07:58:58.991+0000][1692266][info ][gc,phases   ] GC(466)   Pre Evacuate Collection Set: 0.0ms
[2025-08-21T07:58:58.991+0000][1692266][info ][gc,phases   ] GC(466)   Merge Heap Roots: 0.0ms
[2025-08-21T07:58:58.991+0000][1692266][info ][gc,phases   ] GC(466)   Evacuate Collection Set: 0.6ms
[2025-08-21T07:58:58.991+0000][1692266][info ][gc,phases   ] GC(466)   Post Evacuate Collection Set: 0.7ms
[2025-08-21T07:58:58.991+0000][1692266][info ][gc,phases   ] GC(466)   Other: 0.0ms
[2025-08-21T07:58:58.991+0000][1692266][trace][gc,age      ] GC(466) Age table with threshold 15 (max threshold 15)
[2025-08-21T07:58:58.991+0000][1692266][trace][gc,age      ] GC(466) - age   1:      14320 bytes,      14320 total
[2025-08-21T07:58:58.991+0000][1692266][trace][gc,age      ] GC(466) - age   2:       1152 bytes,      15472 total
[2025-08-21T07:58:58.991+0000][1692266][trace][gc,age      ] GC(466) - age   4:       1400 bytes,      16872 total
[2025-08-21T07:58:58.991+0000][1692266][trace][gc,age      ] GC(466) - age  12:        168 bytes,      17040 total
[2025-08-21T07:58:58.991+0000][1692266][info ][gc,heap     ] GC(466) Eden regions: 75->0(75)
[2025-08-21T07:58:58.991+0000][1692266][info ][gc,heap     ] GC(466) Survivor regions: 1->1(10)
[2025-08-21T07:58:58.991+0000][1692266][info ][gc,heap     ] GC(466) Old regions: 22->22
[2025-08-21T07:58:58.991+0000][1692266][info ][gc,heap     ] GC(466) Humongous regions: 0->0
[2025-08-21T07:58:58.991+0000][1692266][info ][gc,metaspace] GC(466) Metaspace: 142063K(148544K)->142063K(148544K) NonClass: 123106K(127104K)->123106K(127104K) Class: 18957K(21440K)->18957K(21440K)
[2025-08-21T07:58:58.991+0000][1692266][info ][gc          ] GC(466) Pause Young (Normal) (G1 Evacuation Pause) 387M->87M(512M) 2.075ms
[2025-08-21T07:58:58.991+0000][1692266][info ][gc,cpu      ] GC(466) User=0.00s Sys=0.00s Real=0.00s
[2025-08-21T07:58:58.991+0000][1692266][info ][safepoint   ] Safepoint "G1CollectForAllocation", Time since last: 442262013832 ns, Reaching safepoint: 7662 ns, Cleanup: 3065 ns, At safepoint: 2111441 ns, Total: 2122168 ns
[2025-08-21T08:06:23.110+0000][1692266][info ][gc,start    ] GC(467) Pause Young (Normal) (G1 Evacuation Pause)
[2025-08-21T08:06:23.110+0000][1692266][info ][gc,task     ] GC(467) Using 1 workers of 1 for evacuation
[2025-08-21T08:06:23.110+0000][1692266][debug][gc,age      ] GC(467) Desired survivor size 20971520 bytes, new threshold 15 (max threshold 15)
[2025-08-21T08:06:23.114+0000][1692266][info ][gc,phases   ] GC(467)   Pre Evacuate Collection Set: 0.1ms
[2025-08-21T08:06:23.114+0000][1692266][info ][gc,phases   ] GC(467)   Merge Heap Roots: 0.0ms
[2025-08-21T08:06:23.114+0000][1692266][info ][gc,phases   ] GC(467)   Evacuate Collection Set: 0.7ms
[2025-08-21T08:06:23.114+0000][1692266][info ][gc,phases   ] GC(467)   Post Evacuate Collection Set: 2.9ms
[2025-08-21T08:06:23.114+0000][1692266][info ][gc,phases   ] GC(467)   Other: 0.0ms
[2025-08-21T08:06:23.114+0000][1692266][trace][gc,age      ] GC(467) Age table with threshold 15 (max threshold 15)
[2025-08-21T08:06:23.114+0000][1692266][trace][gc,age      ] GC(467) - age   1:      17400 bytes,      17400 total
[2025-08-21T08:06:23.114+0000][1692266][trace][gc,age      ] GC(467) - age   3:        176 bytes,      17576 total
[2025-08-21T08:06:23.114+0000][1692266][trace][gc,age      ] GC(467) - age   5:       1400 bytes,      18976 total
[2025-08-21T08:06:23.114+0000][1692266][trace][gc,age      ] GC(467) - age  13:        168 bytes,      19144 total
[2025-08-21T08:06:23.114+0000][1692266][info ][gc,heap     ] GC(467) Eden regions: 75->0(75)
[2025-08-21T08:06:23.114+0000][1692266][info ][gc,heap     ] GC(467) Survivor regions: 1->1(10)
[2025-08-21T08:06:23.114+0000][1692266][info ][gc,heap     ] GC(467) Old regions: 22->22
[2025-08-21T08:06:23.114+0000][1692266][info ][gc,heap     ] GC(467) Humongous regions: 0->0
[2025-08-21T08:06:23.114+0000][1692266][info ][gc,metaspace] GC(467) Metaspace: 142063K(148544K)->142063K(148544K) NonClass: 123106K(127104K)->123106K(127104K) Class: 18957K(21440K)->18957K(21440K)
[2025-08-21T08:06:23.114+0000][1692266][info ][gc          ] GC(467) Pause Young (Normal) (G1 Evacuation Pause) 387M->87M(512M) 3.980ms
[2025-08-21T08:06:23.114+0000][1692266][info ][gc,cpu      ] GC(467) User=0.01s Sys=0.00s Real=0.00s
[2025-08-21T08:06:23.114+0000][1692266][info ][safepoint   ] Safepoint "G1CollectForAllocation", Time since last: 444119067732 ns, Reaching safepoint: 8353 ns, Cleanup: 2323 ns, At safepoint: 4017270 ns, Total: 4027946 ns
[2025-08-21T08:13:47.819+0000][1692266][info ][gc,start    ] GC(468) Pause Young (Normal) (G1 Evacuation Pause)
[2025-08-21T08:13:47.819+0000][1692266][info ][gc,task     ] GC(468) Using 1 workers of 1 for evacuation
[2025-08-21T08:13:47.819+0000][1692266][debug][gc,age      ] GC(468) Desired survivor size 20971520 bytes, new threshold 15 (max threshold 15)
[2025-08-21T08:13:47.820+0000][1692266][info ][gc,phases   ] GC(468)   Pre Evacuate Collection Set: 0.0ms
[2025-08-21T08:13:47.820+0000][1692266][info ][gc,phases   ] GC(468)   Merge Heap Roots: 0.0ms
[2025-08-21T08:13:47.820+0000][1692266][info ][gc,phases   ] GC(468)   Evacuate Collection Set: 0.7ms
[2025-08-21T08:13:47.820+0000][1692266][info ][gc,phases   ] GC(468)   Post Evacuate Collection Set: 0.7ms
[2025-08-21T08:13:47.820+0000][1692266][info ][gc,phases   ] GC(468)   Other: 0.0ms
[2025-08-21T08:13:47.820+0000][1692266][trace][gc,age      ] GC(468) Age table with threshold 15 (max threshold 15)
[2025-08-21T08:13:47.820+0000][1692266][trace][gc,age      ] GC(468) - age   1:      15592 bytes,      15592 total
[2025-08-21T08:13:47.820+0000][1692266][trace][gc,age      ] GC(468) - age   2:        664 bytes,      16256 total
[2025-08-21T08:13:47.820+0000][1692266][trace][gc,age      ] GC(468) - age   4:        176 bytes,      16432 total
[2025-08-21T08:13:47.820+0000][1692266][trace][gc,age      ] GC(468) - age   6:       1400 bytes,      17832 total
[2025-08-21T08:13:47.820+0000][1692266][trace][gc,age      ] GC(468) - age  14:        168 bytes,      18000 total
[2025-08-21T08:13:47.820+0000][1692266][info ][gc,heap     ] GC(468) Eden regions: 75->0(75)
[2025-08-21T08:13:47.820+0000][1692266][info ][gc,heap     ] GC(468) Survivor regions: 1->1(10)
[2025-08-21T08:13:47.820+0000][1692266][info ][gc,heap     ] GC(468) Old regions: 22->22
[2025-08-21T08:13:47.820+0000][1692266][info ][gc,heap     ] GC(468) Humongous regions: 0->0
[2025-08-21T08:13:47.820+0000][1692266][info ][gc,metaspace] GC(468) Metaspace: 142076K(148544K)->142076K(148544K) NonClass: 123119K(127104K)->123119K(127104K) Class: 18957K(21440K)->18957K(21440K)
[2025-08-21T08:13:47.820+0000][1692266][info ][gc          ] GC(468) Pause Young (Normal) (G1 Evacuation Pause) 387M->87M(512M) 1.848ms
[2025-08-21T08:13:47.821+0000][1692266][info ][gc,cpu      ] GC(468) User=0.00s Sys=0.00s Real=0.00s
[2025-08-21T08:13:47.821+0000][1692266][info ][safepoint   ] Safepoint "G1CollectForAllocation", Time since last: 444704316918 ns, Reaching safepoint: 8322 ns, Cleanup: 3325 ns, At safepoint: 1884457 ns, Total: 1896104 ns
[2025-08-21T08:21:11.124+0000][1692266][info ][gc,start    ] GC(469) Pause Young (Normal) (G1 Evacuation Pause)
[2025-08-21T08:21:11.124+0000][1692266][info ][gc,task     ] GC(469) Using 1 workers of 1 for evacuation
[2025-08-21T08:21:11.124+0000][1692266][debug][gc,age      ] GC(469) Desired survivor size 20971520 bytes, new threshold 15 (max threshold 15)
[2025-08-21T08:21:11.126+0000][1692266][info ][gc,phases   ] GC(469)   Pre Evacuate Collection Set: 0.1ms
[2025-08-21T08:21:11.126+0000][1692266][info ][gc,phases   ] GC(469)   Merge Heap Roots: 0.0ms
[2025-08-21T08:21:11.126+0000][1692266][info ][gc,phases   ] GC(469)   Evacuate Collection Set: 0.8ms
[2025-08-21T08:21:11.126+0000][1692266][info ][gc,phases   ] GC(469)   Post Evacuate Collection Set: 0.7ms
[2025-08-21T08:21:11.126+0000][1692266][info ][gc,phases   ] GC(469)   Other: 0.0ms
[2025-08-21T08:21:11.126+0000][1692266][trace][gc,age      ] GC(469) Age table with threshold 15 (max threshold 15)
[2025-08-21T08:21:11.126+0000][1692266][trace][gc,age      ] GC(469) - age   1:     121496 bytes,     121496 total
[2025-08-21T08:21:11.126+0000][1692266][trace][gc,age      ] GC(469) - age   2:        128 bytes,     121624 total
[2025-08-21T08:21:11.126+0000][1692266][trace][gc,age      ] GC(469) - age   5:        176 bytes,     121800 total
[2025-08-21T08:21:11.126+0000][1692266][trace][gc,age      ] GC(469) - age   7:       1400 bytes,     123200 total
[2025-08-21T08:21:11.126+0000][1692266][trace][gc,age      ] GC(469) - age  15:        168 bytes,     123368 total
[2025-08-21T08:21:11.126+0000][1692266][info ][gc,heap     ] GC(469) Eden regions: 75->0(75)
[2025-08-21T08:21:11.126+0000][1692266][info ][gc,heap     ] GC(469) Survivor regions: 1->1(10)
[2025-08-21T08:21:11.126+0000][1692266][info ][gc,heap     ] GC(469) Old regions: 22->22
[2025-08-21T08:21:11.126+0000][1692266][info ][gc,heap     ] GC(469) Humongous regions: 0->0
[2025-08-21T08:21:11.126+0000][1692266][info ][gc,metaspace] GC(469) Metaspace: 142076K(148544K)->142076K(148544K) NonClass: 123119K(127104K)->123119K(127104K) Class: 18957K(21440K)->18957K(21440K)
[2025-08-21T08:21:11.126+0000][1692266][info ][gc          ] GC(469) Pause Young (Normal) (G1 Evacuation Pause) 387M->87M(512M) 2.021ms
[2025-08-21T08:21:11.126+0000][1692266][info ][gc,cpu      ] GC(469) User=0.00s Sys=0.00s Real=0.01s
[2025-08-21T08:21:11.126+0000][1692266][info ][safepoint   ] Safepoint "G1CollectForAllocation", Time since last: 443303103184 ns, Reaching safepoint: 8433 ns, Cleanup: 3075 ns, At safepoint: 2058058 ns, Total: 2069566 ns
[2025-08-21T08:28:34.223+0000][1692266][info ][gc,start    ] GC(470) Pause Young (Normal) (G1 Evacuation Pause)
[2025-08-21T08:28:34.223+0000][1692266][info ][gc,task     ] GC(470) Using 1 workers of 1 for evacuation
[2025-08-21T08:28:34.223+0000][1692266][debug][gc,age      ] GC(470) Desired survivor size 20971520 bytes, new threshold 15 (max threshold 15)
[2025-08-21T08:28:34.226+0000][1692266][info ][gc,phases   ] GC(470)   Pre Evacuate Collection Set: 0.0ms
[2025-08-21T08:28:34.226+0000][1692266][info ][gc,phases   ] GC(470)   Merge Heap Roots: 0.0ms
[2025-08-21T08:28:34.226+0000][1692266][info ][gc,phases   ] GC(470)   Evacuate Collection Set: 0.7ms
[2025-08-21T08:28:34.226+0000][1692266][info ][gc,phases   ] GC(470)   Post Evacuate Collection Set: 1.4ms
[2025-08-21T08:28:34.226+0000][1692266][info ][gc,phases   ] GC(470)   Other: 0.0ms
[2025-08-21T08:28:34.226+0000][1692266][trace][gc,age      ] GC(470) Age table with threshold 15 (max threshold 15)
[2025-08-21T08:28:34.226+0000][1692266][trace][gc,age      ] GC(470) - age   1:      16056 bytes,      16056 total
[2025-08-21T08:28:34.226+0000][1692266][trace][gc,age      ] GC(470) - age   2:        976 bytes,      17032 total
[2025-08-21T08:28:34.226+0000][1692266][trace][gc,age      ] GC(470) - age   6:        176 bytes,      17208 total
[2025-08-21T08:28:34.226+0000][1692266][trace][gc,age      ] GC(470) - age   8:       1400 bytes,      18608 total
[2025-08-21T08:28:34.226+0000][1692266][info ][gc,heap     ] GC(470) Eden regions: 75->0(75)
[2025-08-21T08:28:34.226+0000][1692266][info ][gc,heap     ] GC(470) Survivor regions: 1->1(10)
[2025-08-21T08:28:34.226+0000][1692266][info ][gc,heap     ] GC(470) Old regions: 22->22
[2025-08-21T08:28:34.226+0000][1692266][info ][gc,heap     ] GC(470) Humongous regions: 0->0
[2025-08-21T08:28:34.226+0000][1692266][info ][gc,metaspace] GC(470) Metaspace: 142076K(148544K)->142076K(148544K) NonClass: 123119K(127104K)->123119K(127104K) Class: 18957K(21440K)->18957K(21440K)
[2025-08-21T08:28:34.226+0000][1692266][info ][gc          ] GC(470) Pause Young (Normal) (G1 Evacuation Pause) 387M->87M(512M) 2.480ms
[2025-08-21T08:28:34.226+0000][1692266][info ][gc,cpu      ] GC(470) User=0.00s Sys=0.00s Real=0.01s
[2025-08-21T08:28:34.226+0000][1692266][info ][safepoint   ] Safepoint "G1CollectForAllocation", Time since last: 443097536494 ns, Reaching safepoint: 8052 ns, Cleanup: 2504 ns, At safepoint: 2516812 ns, Total: 2527368 ns
[2025-08-21T08:28:58.227+0000][1692266][info ][safepoint   ] Safepoint "Cleanup", Time since last: 24001468475 ns, Reaching safepoint: 39210 ns, Cleanup: 8713 ns, At safepoint: 4206 ns, Total: 52129 ns
[2025-08-21T08:34:59.255+0000][1692266][info ][safepoint   ] Safepoint "Cleanup", Time since last: 361028152779 ns, Reaching safepoint: 34873 ns, Cleanup: 10545 ns, At safepoint: 4778 ns, Total: 50196 ns
[2025-08-21T08:35:58.457+0000][1692266][info ][gc,start    ] GC(471) Pause Young (Normal) (G1 Evacuation Pause)
[2025-08-21T08:35:58.457+0000][1692266][info ][gc,task     ] GC(471) Using 1 workers of 1 for evacuation
[2025-08-21T08:35:58.457+0000][1692266][debug][gc,age      ] GC(471) Desired survivor size 20971520 bytes, new threshold 15 (max threshold 15)
[2025-08-21T08:35:58.459+0000][1692266][info ][gc,phases   ] GC(471)   Pre Evacuate Collection Set: 0.1ms
[2025-08-21T08:35:58.459+0000][1692266][info ][gc,phases   ] GC(471)   Merge Heap Roots: 0.0ms
[2025-08-21T08:35:58.459+0000][1692266][info ][gc,phases   ] GC(471)   Evacuate Collection Set: 0.7ms
[2025-08-21T08:35:58.459+0000][1692266][info ][gc,phases   ] GC(471)   Post Evacuate Collection Set: 0.7ms
[2025-08-21T08:35:58.459+0000][1692266][info ][gc,phases   ] GC(471)   Other: 0.4ms
[2025-08-21T08:35:58.459+0000][1692266][trace][gc,age      ] GC(471) Age table with threshold 15 (max threshold 15)
[2025-08-21T08:35:58.459+0000][1692266][trace][gc,age      ] GC(471) - age   1:      28888 bytes,      28888 total
[2025-08-21T08:35:58.459+0000][1692266][trace][gc,age      ] GC(471) - age   7:        176 bytes,      29064 total
[2025-08-21T08:35:58.459+0000][1692266][trace][gc,age      ] GC(471) - age   9:       1400 bytes,      30464 total
[2025-08-21T08:35:58.459+0000][1692266][info ][gc,heap     ] GC(471) Eden regions: 75->0(75)
[2025-08-21T08:35:58.459+0000][1692266][info ][gc,heap     ] GC(471) Survivor regions: 1->1(10)
[2025-08-21T08:35:58.459+0000][1692266][info ][gc,heap     ] GC(471) Old regions: 22->22
[2025-08-21T08:35:58.459+0000][1692266][info ][gc,heap     ] GC(471) Humongous regions: 0->0
[2025-08-21T08:35:58.459+0000][1692266][info ][gc,metaspace] GC(471) Metaspace: 142076K(148544K)->142076K(148544K) NonClass: 123119K(127104K)->123119K(127104K) Class: 18957K(21440K)->18957K(21440K)
[2025-08-21T08:35:58.459+0000][1692266][info ][gc          ] GC(471) Pause Young (Normal) (G1 Evacuation Pause) 387M->87M(512M) 2.018ms
[2025-08-21T08:35:58.459+0000][1692266][info ][gc,cpu      ] GC(471) User=0.00s Sys=0.00s Real=0.00s
[2025-08-21T08:35:58.459+0000][1692266][info ][safepoint   ] Safepoint "G1CollectForAllocation", Time since last: 59201425139 ns, Reaching safepoint: 5359 ns, Cleanup: 2854 ns, At safepoint: 2051278 ns, Total: 2059491 ns
[2025-08-21T08:43:22.952+0000][1692266][info ][gc,start    ] GC(472) Pause Young (Normal) (G1 Evacuation Pause)
[2025-08-21T08:43:22.952+0000][1692266][info ][gc,task     ] GC(472) Using 1 workers of 1 for evacuation
[2025-08-21T08:43:22.952+0000][1692266][debug][gc,age      ] GC(472) Desired survivor size 20971520 bytes, new threshold 15 (max threshold 15)
[2025-08-21T08:43:22.954+0000][1692266][info ][gc,phases   ] GC(472)   Pre Evacuate Collection Set: 0.0ms
[2025-08-21T08:43:22.954+0000][1692266][info ][gc,phases   ] GC(472)   Merge Heap Roots: 0.0ms
[2025-08-21T08:43:22.954+0000][1692266][info ][gc,phases   ] GC(472)   Evacuate Collection Set: 0.7ms
[2025-08-21T08:43:22.954+0000][1692266][info ][gc,phases   ] GC(472)   Post Evacuate Collection Set: 0.8ms
[2025-08-21T08:43:22.954+0000][1692266][info ][gc,phases   ] GC(472)   Other: 0.0ms
[2025-08-21T08:43:22.954+0000][1692266][trace][gc,age      ] GC(472) Age table with threshold 15 (max threshold 15)
[2025-08-21T08:43:22.954+0000][1692266][trace][gc,age      ] GC(472) - age   1:      34200 bytes,      34200 total
[2025-08-21T08:43:22.954+0000][1692266][trace][gc,age      ] GC(472) - age   2:        664 bytes,      34864 total
[2025-08-21T08:43:22.954+0000][1692266][trace][gc,age      ] GC(472) - age   8:        176 bytes,      35040 total
[2025-08-21T08:43:22.954+0000][1692266][trace][gc,age      ] GC(472) - age  10:       1400 bytes,      36440 total
[2025-08-21T08:43:22.954+0000][1692266][info ][gc,heap     ] GC(472) Eden regions: 75->0(75)
[2025-08-21T08:43:22.954+0000][1692266][info ][gc,heap     ] GC(472) Survivor regions: 1->1(10)
[2025-08-21T08:43:22.954+0000][1692266][info ][gc,heap     ] GC(472) Old regions: 22->22
[2025-08-21T08:43:22.954+0000][1692266][info ][gc,heap     ] GC(472) Humongous regions: 0->0
[2025-08-21T08:43:22.954+0000][1692266][info ][gc,metaspace] GC(472) Metaspace: 142076K(148544K)->142076K(148544K) NonClass: 123119K(127104K)->123119K(127104K) Class: 18957K(21440K)->18957K(21440K)
[2025-08-21T08:43:22.954+0000][1692266][info ][gc          ] GC(472) Pause Young (Normal) (G1 Evacuation Pause) 387M->87M(512M) 2.020ms
[2025-08-21T08:43:22.954+0000][1692266][info ][gc,cpu      ] GC(472) User=0.00s Sys=0.00s Real=0.00s
[2025-08-21T08:43:22.954+0000][1692266][info ][safepoint   ] Safepoint "G1CollectForAllocation", Time since last: 444492721239 ns, Reaching safepoint: 8723 ns, Cleanup: 3446 ns, At safepoint: 2055083 ns, Total: 2067252 ns
[2025-08-21T08:50:45.339+0000][1692266][info ][gc,start    ] GC(473) Pause Young (Normal) (G1 Evacuation Pause)
[2025-08-21T08:50:45.339+0000][1692266][info ][gc,task     ] GC(473) Using 1 workers of 1 for evacuation
[2025-08-21T08:50:45.339+0000][1692266][debug][gc,age      ] GC(473) Desired survivor size 20971520 bytes, new threshold 15 (max threshold 15)
[2025-08-21T08:50:45.342+0000][1692266][info ][gc,phases   ] GC(473)   Pre Evacuate Collection Set: 0.1ms
[2025-08-21T08:50:45.342+0000][1692266][info ][gc,phases   ] GC(473)   Merge Heap Roots: 0.0ms
[2025-08-21T08:50:45.342+0000][1692266][info ][gc,phases   ] GC(473)   Evacuate Collection Set: 0.7ms
[2025-08-21T08:50:45.342+0000][1692266][info ][gc,phases   ] GC(473)   Post Evacuate Collection Set: 1.7ms
[2025-08-21T08:50:45.342+0000][1692266][info ][gc,phases   ] GC(473)   Other: 0.0ms
[2025-08-21T08:50:45.342+0000][1692266][trace][gc,age      ] GC(473) Age table with threshold 15 (max threshold 15)
[2025-08-21T08:50:45.342+0000][1692266][trace][gc,age      ] GC(473) - age   1:      15544 bytes,      15544 total
[2025-08-21T08:50:45.342+0000][1692266][trace][gc,age      ] GC(473) - age   2:        552 bytes,      16096 total
[2025-08-21T08:50:45.342+0000][1692266][trace][gc,age      ] GC(473) - age   3:        552 bytes,      16648 total
[2025-08-21T08:50:45.342+0000][1692266][trace][gc,age      ] GC(473) - age   9:        176 bytes,      16824 total
[2025-08-21T08:50:45.342+0000][1692266][trace][gc,age      ] GC(473) - age  11:       1400 bytes,      18224 total
[2025-08-21T08:50:45.342+0000][1692266][info ][gc,heap     ] GC(473) Eden regions: 75->0(75)
[2025-08-21T08:50:45.342+0000][1692266][info ][gc,heap     ] GC(473) Survivor regions: 1->1(10)
[2025-08-21T08:50:45.342+0000][1692266][info ][gc,heap     ] GC(473) Old regions: 22->22
[2025-08-21T08:50:45.342+0000][1692266][info ][gc,heap     ] GC(473) Humongous regions: 0->0
[2025-08-21T08:50:45.342+0000][1692266][info ][gc,metaspace] GC(473) Metaspace: 142076K(148544K)->142076K(148544K) NonClass: 123119K(127104K)->123119K(127104K) Class: 18957K(21440K)->18957K(21440K)
[2025-08-21T08:50:45.342+0000][1692266][info ][gc          ] GC(473) Pause Young (Normal) (G1 Evacuation Pause) 387M->87M(512M) 2.758ms
[2025-08-21T08:50:45.342+0000][1692266][info ][gc,cpu      ] GC(473) User=0.00s Sys=0.00s Real=0.00s
[2025-08-21T08:50:45.342+0000][1692266][info ][safepoint   ] Safepoint "G1CollectForAllocation", Time since last: 442385457642 ns, Reaching safepoint: 8313 ns, Cleanup: 2614 ns, At safepoint: 2796513 ns, Total: 2807440 ns
[2025-08-21T08:58:10.319+0000][1692266][info ][gc,start    ] GC(474) Pause Young (Normal) (G1 Evacuation Pause)
[2025-08-21T08:58:10.319+0000][1692266][info ][gc,task     ] GC(474) Using 1 workers of 1 for evacuation
[2025-08-21T08:58:10.319+0000][1692266][debug][gc,age      ] GC(474) Desired survivor size 20971520 bytes, new threshold 15 (max threshold 15)
[2025-08-21T08:58:10.320+0000][1692266][info ][gc,phases   ] GC(474)   Pre Evacuate Collection Set: 0.0ms
[2025-08-21T08:58:10.320+0000][1692266][info ][gc,phases   ] GC(474)   Merge Heap Roots: 0.0ms
[2025-08-21T08:58:10.320+0000][1692266][info ][gc,phases   ] GC(474)   Evacuate Collection Set: 0.8ms
[2025-08-21T08:58:10.320+0000][1692266][info ][gc,phases   ] GC(474)   Post Evacuate Collection Set: 0.7ms
[2025-08-21T08:58:10.321+0000][1692266][info ][gc,phases   ] GC(474)   Other: 0.0ms
[2025-08-21T08:58:10.321+0000][1692266][trace][gc,age      ] GC(474) Age table with threshold 15 (max threshold 15)
[2025-08-21T08:58:10.321+0000][1692266][trace][gc,age      ] GC(474) - age   1:      86168 bytes,      86168 total
[2025-08-21T08:58:10.321+0000][1692266][trace][gc,age      ] GC(474) - age  12:       1400 bytes,      87568 total
[2025-08-21T08:58:10.321+0000][1692266][info ][gc,heap     ] GC(474) Eden regions: 75->0(75)
[2025-08-21T08:58:10.321+0000][1692266][info ][gc,heap     ] GC(474) Survivor regions: 1->1(10)
[2025-08-21T08:58:10.321+0000][1692266][info ][gc,heap     ] GC(474) Old regions: 22->22
[2025-08-21T08:58:10.321+0000][1692266][info ][gc,heap     ] GC(474) Humongous regions: 0->0
[2025-08-21T08:58:10.321+0000][1692266][info ][gc,metaspace] GC(474) Metaspace: 142077K(148544K)->142077K(148544K) NonClass: 123120K(127104K)->123120K(127104K) Class: 18957K(21440K)->18957K(21440K)
[2025-08-21T08:58:10.321+0000][1692266][info ][gc          ] GC(474) Pause Young (Normal) (G1 Evacuation Pause) 387M->87M(512M) 1.964ms
[2025-08-21T08:58:10.321+0000][1692266][info ][gc,cpu      ] GC(474) User=0.00s Sys=0.00s Real=0.00s
[2025-08-21T08:58:10.321+0000][1692266][info ][safepoint   ] Safepoint "G1CollectForAllocation", Time since last: 444976311809 ns, Reaching safepoint: 235155 ns, Cleanup: 3365 ns, At safepoint: 2001351 ns, Total: 2239871 ns
[2025-08-21T09:05:32.634+0000][1692266][info ][gc,start    ] GC(475) Pause Young (Normal) (G1 Evacuation Pause)
[2025-08-21T09:05:32.634+0000][1692266][info ][gc,task     ] GC(475) Using 1 workers of 1 for evacuation
[2025-08-21T09:05:32.634+0000][1692266][debug][gc,age      ] GC(475) Desired survivor size 20971520 bytes, new threshold 15 (max threshold 15)
[2025-08-21T09:05:32.636+0000][1692266][info ][gc,phases   ] GC(475)   Pre Evacuate Collection Set: 0.0ms
[2025-08-21T09:05:32.636+0000][1692266][info ][gc,phases   ] GC(475)   Merge Heap Roots: 0.0ms
[2025-08-21T09:05:32.636+0000][1692266][info ][gc,phases   ] GC(475)   Evacuate Collection Set: 0.6ms
[2025-08-21T09:05:32.636+0000][1692266][info ][gc,phases   ] GC(475)   Post Evacuate Collection Set: 0.8ms
[2025-08-21T09:05:32.636+0000][1692266][info ][gc,phases   ] GC(475)   Other: 0.1ms
[2025-08-21T09:05:32.636+0000][1692266][trace][gc,age      ] GC(475) Age table with threshold 15 (max threshold 15)
[2025-08-21T09:05:32.636+0000][1692266][trace][gc,age      ] GC(475) - age   1:      14744 bytes,      14744 total
[2025-08-21T09:05:32.636+0000][1692266][trace][gc,age      ] GC(475) - age   2:        840 bytes,      15584 total
[2025-08-21T09:05:32.636+0000][1692266][trace][gc,age      ] GC(475) - age  13:       1400 bytes,      16984 total
[2025-08-21T09:05:32.636+0000][1692266][info ][gc,heap     ] GC(475) Eden regions: 75->0(75)
[2025-08-21T09:05:32.636+0000][1692266][info ][gc,heap     ] GC(475) Survivor regions: 1->1(10)
[2025-08-21T09:05:32.636+0000][1692266][info ][gc,heap     ] GC(475) Old regions: 22->22
[2025-08-21T09:05:32.636+0000][1692266][info ][gc,heap     ] GC(475) Humongous regions: 0->0
[2025-08-21T09:05:32.636+0000][1692266][info ][gc,metaspace] GC(475) Metaspace: 142077K(148544K)->142077K(148544K) NonClass: 123120K(127104K)->123120K(127104K) Class: 18957K(21440K)->18957K(21440K)
[2025-08-21T09:05:32.636+0000][1692266][info ][gc          ] GC(475) Pause Young (Normal) (G1 Evacuation Pause) 387M->87M(512M) 1.885ms
[2025-08-21T09:05:32.636+0000][1692266][info ][gc,cpu      ] GC(475) User=0.00s Sys=0.00s Real=0.01s
[2025-08-21T09:05:32.636+0000][1692266][info ][safepoint   ] Safepoint "G1CollectForAllocation", Time since last: 442313511917 ns, Reaching safepoint: 5248 ns, Cleanup: 3205 ns, At safepoint: 1921581 ns, Total: 1930034 ns
[2025-08-21T09:12:58.043+0000][1692266][info ][gc,start    ] GC(476) Pause Young (Normal) (G1 Evacuation Pause)
[2025-08-21T09:12:58.043+0000][1692266][info ][gc,task     ] GC(476) Using 1 workers of 1 for evacuation
[2025-08-21T09:12:58.043+0000][1692266][debug][gc,age      ] GC(476) Desired survivor size 20971520 bytes, new threshold 15 (max threshold 15)
[2025-08-21T09:12:58.045+0000][1692266][info ][gc,phases   ] GC(476)   Pre Evacuate Collection Set: 0.1ms
[2025-08-21T09:12:58.045+0000][1692266][info ][gc,phases   ] GC(476)   Merge Heap Roots: 0.0ms
[2025-08-21T09:12:58.045+0000][1692266][info ][gc,phases   ] GC(476)   Evacuate Collection Set: 0.7ms
[2025-08-21T09:12:58.045+0000][1692266][info ][gc,phases   ] GC(476)   Post Evacuate Collection Set: 0.7ms
[2025-08-21T09:12:58.045+0000][1692266][info ][gc,phases   ] GC(476)   Other: 0.2ms
[2025-08-21T09:12:58.045+0000][1692266][trace][gc,age      ] GC(476) Age table with threshold 15 (max threshold 15)
[2025-08-21T09:12:58.045+0000][1692266][trace][gc,age      ] GC(476) - age   1:      15368 bytes,      15368 total
[2025-08-21T09:12:58.045+0000][1692266][trace][gc,age      ] GC(476) - age   3:        176 bytes,      15544 total
[2025-08-21T09:12:58.045+0000][1692266][trace][gc,age      ] GC(476) - age  14:       1400 bytes,      16944 total
[2025-08-21T09:12:58.045+0000][1692266][info ][gc,heap     ] GC(476) Eden regions: 75->0(75)
[2025-08-21T09:12:58.045+0000][1692266][info ][gc,heap     ] GC(476) Survivor regions: 1->1(10)
[2025-08-21T09:12:58.045+0000][1692266][info ][gc,heap     ] GC(476) Old regions: 22->22
[2025-08-21T09:12:58.045+0000][1692266][info ][gc,heap     ] GC(476) Humongous regions: 0->0
[2025-08-21T09:12:58.045+0000][1692266][info ][gc,metaspace] GC(476) Metaspace: 142077K(148544K)->142077K(148544K) NonClass: 123120K(127104K)->123120K(127104K) Class: 18957K(21440K)->18957K(21440K)
[2025-08-21T09:12:58.045+0000][1692266][info ][gc          ] GC(476) Pause Young (Normal) (G1 Evacuation Pause) 387M->87M(512M) 2.190ms
[2025-08-21T09:12:58.045+0000][1692266][info ][gc,cpu      ] GC(476) User=0.00s Sys=0.00s Real=0.00s
[2025-08-21T09:12:58.045+0000][1692266][info ][safepoint   ] Safepoint "G1CollectForAllocation", Time since last: 445406762127 ns, Reaching safepoint: 8904 ns, Cleanup: 3455 ns, At safepoint: 2227562 ns, Total: 2239921 ns
[2025-08-21T09:20:21.835+0000][1692266][info ][gc,start    ] GC(477) Pause Young (Normal) (G1 Evacuation Pause)
[2025-08-21T09:20:21.835+0000][1692266][info ][gc,task     ] GC(477) Using 1 workers of 1 for evacuation
[2025-08-21T09:20:21.835+0000][1692266][debug][gc,age      ] GC(477) Desired survivor size 20971520 bytes, new threshold 15 (max threshold 15)
[2025-08-21T09:20:21.837+0000][1692266][info ][gc,phases   ] GC(477)   Pre Evacuate Collection Set: 0.0ms
[2025-08-21T09:20:21.837+0000][1692266][info ][gc,phases   ] GC(477)   Merge Heap Roots: 0.0ms
[2025-08-21T09:20:21.837+0000][1692266][info ][gc,phases   ] GC(477)   Evacuate Collection Set: 0.7ms
[2025-08-21T09:20:21.837+0000][1692266][info ][gc,phases   ] GC(477)   Post Evacuate Collection Set: 1.4ms
[2025-08-21T09:20:21.838+0000][1692266][info ][gc,phases   ] GC(477)   Other: 0.3ms
[2025-08-21T09:20:21.838+0000][1692266][trace][gc,age      ] GC(477) Age table with threshold 15 (max threshold 15)
[2025-08-21T09:20:21.838+0000][1692266][trace][gc,age      ] GC(477) - age   1:      15824 bytes,      15824 total
[2025-08-21T09:20:21.838+0000][1692266][trace][gc,age      ] GC(477) - age   2:       1104 bytes,      16928 total
[2025-08-21T09:20:21.838+0000][1692266][trace][gc,age      ] GC(477) - age   4:        176 bytes,      17104 total
[2025-08-21T09:20:21.838+0000][1692266][trace][gc,age      ] GC(477) - age  15:       1400 bytes,      18504 total
[2025-08-21T09:20:21.838+0000][1692266][info ][gc,heap     ] GC(477) Eden regions: 75->0(75)
[2025-08-21T09:20:21.838+0000][1692266][info ][gc,heap     ] GC(477) Survivor regions: 1->1(10)
[2025-08-21T09:20:21.838+0000][1692266][info ][gc,heap     ] GC(477) Old regions: 22->22
[2025-08-21T09:20:21.838+0000][1692266][info ][gc,heap     ] GC(477) Humongous regions: 0->0
[2025-08-21T09:20:21.838+0000][1692266][info ][gc,metaspace] GC(477) Metaspace: 142077K(148544K)->142077K(148544K) NonClass: 123120K(127104K)->123120K(127104K) Class: 18957K(21440K)->18957K(21440K)
[2025-08-21T09:20:21.838+0000][1692266][info ][gc          ] GC(477) Pause Young (Normal) (G1 Evacuation Pause) 387M->87M(512M) 2.654ms
[2025-08-21T09:20:21.838+0000][1692266][info ][gc,cpu      ] GC(477) User=0.00s Sys=0.00s Real=0.01s
[2025-08-21T09:20:21.838+0000][1692266][info ][safepoint   ] Safepoint "G1CollectForAllocation", Time since last: 443789856560 ns, Reaching safepoint: 8002 ns, Cleanup: 2493 ns, At safepoint: 2699215 ns, Total: 2709710 ns
[2025-08-21T09:20:51.839+0000][1692266][info ][safepoint   ] Safepoint "Cleanup", Time since last: 30001702073 ns, Reaching safepoint: 69094 ns, Cleanup: 12660 ns, At safepoint: 5848 ns, Total: 87602 ns
[2025-08-21T09:27:45.821+0000][1692266][info ][gc,start    ] GC(478) Pause Young (Normal) (G1 Evacuation Pause)
[2025-08-21T09:27:45.821+0000][1692266][info ][gc,task     ] GC(478) Using 1 workers of 1 for evacuation
[2025-08-21T09:27:45.821+0000][1692266][debug][gc,age      ] GC(478) Desired survivor size 20971520 bytes, new threshold 15 (max threshold 15)
[2025-08-21T09:27:45.823+0000][1692266][info ][gc,phases   ] GC(478)   Pre Evacuate Collection Set: 0.1ms
[2025-08-21T09:27:45.823+0000][1692266][info ][gc,phases   ] GC(478)   Merge Heap Roots: 0.0ms
[2025-08-21T09:27:45.823+0000][1692266][info ][gc,phases   ] GC(478)   Evacuate Collection Set: 0.7ms
[2025-08-21T09:27:45.823+0000][1692266][info ][gc,phases   ] GC(478)   Post Evacuate Collection Set: 0.7ms
[2025-08-21T09:27:45.823+0000][1692266][info ][gc,phases   ] GC(478)   Other: 0.0ms
[2025-08-21T09:27:45.823+0000][1692266][trace][gc,age      ] GC(478) Age table with threshold 15 (max threshold 15)
[2025-08-21T09:27:45.823+0000][1692266][trace][gc,age      ] GC(478) - age   1:      19704 bytes,      19704 total
[2025-08-21T09:27:45.823+0000][1692266][trace][gc,age      ] GC(478) - age   2:        112 bytes,      19816 total
[2025-08-21T09:27:45.823+0000][1692266][trace][gc,age      ] GC(478) - age   5:        176 bytes,      19992 total
[2025-08-21T09:27:45.823+0000][1692266][info ][gc,heap     ] GC(478) Eden regions: 75->0(75)
[2025-08-21T09:27:45.823+0000][1692266][info ][gc,heap     ] GC(478) Survivor regions: 1->1(10)
[2025-08-21T09:27:45.823+0000][1692266][info ][gc,heap     ] GC(478) Old regions: 22->22
[2025-08-21T09:27:45.823+0000][1692266][info ][gc,heap     ] GC(478) Humongous regions: 0->0
[2025-08-21T09:27:45.823+0000][1692266][info ][gc,metaspace] GC(478) Metaspace: 142077K(148544K)->142077K(148544K) NonClass: 123120K(127104K)->123120K(127104K) Class: 18957K(21440K)->18957K(21440K)
[2025-08-21T09:27:45.823+0000][1692266][info ][gc          ] GC(478) Pause Young (Normal) (G1 Evacuation Pause) 387M->87M(512M) 1.776ms
[2025-08-21T09:27:45.823+0000][1692266][info ][gc,cpu      ] GC(478) User=0.00s Sys=0.00s Real=0.00s
[2025-08-21T09:27:45.823+0000][1692266][info ][safepoint   ] Safepoint "G1CollectForAllocation", Time since last: 413981602383 ns, Reaching safepoint: 8182 ns, Cleanup: 3135 ns, At safepoint: 1813288 ns, Total: 1824605 ns
[2025-08-21T09:35:07.576+0000][1692266][info ][gc,start    ] GC(479) Pause Young (Normal) (G1 Evacuation Pause)
[2025-08-21T09:35:07.576+0000][1692266][info ][gc,task     ] GC(479) Using 1 workers of 1 for evacuation
[2025-08-21T09:35:07.576+0000][1692266][debug][gc,age      ] GC(479) Desired survivor size 20971520 bytes, new threshold 15 (max threshold 15)
[2025-08-21T09:35:07.578+0000][1692266][info ][gc,phases   ] GC(479)   Pre Evacuate Collection Set: 0.0ms
[2025-08-21T09:35:07.578+0000][1692266][info ][gc,phases   ] GC(479)   Merge Heap Roots: 0.0ms
[2025-08-21T09:35:07.578+0000][1692266][info ][gc,phases   ] GC(479)   Evacuate Collection Set: 0.7ms
[2025-08-21T09:35:07.578+0000][1692266][info ][gc,phases   ] GC(479)   Post Evacuate Collection Set: 1.1ms
[2025-08-21T09:35:07.578+0000][1692266][info ][gc,phases   ] GC(479)   Other: 0.0ms
[2025-08-21T09:35:07.578+0000][1692266][trace][gc,age      ] GC(479) Age table with threshold 15 (max threshold 15)
[2025-08-21T09:35:07.578+0000][1692266][trace][gc,age      ] GC(479) - age   1:      14904 bytes,      14904 total
[2025-08-21T09:35:07.578+0000][1692266][trace][gc,age      ] GC(479) - age   2:        664 bytes,      15568 total
[2025-08-21T09:35:07.578+0000][1692266][trace][gc,age      ] GC(479) - age   3:        112 bytes,      15680 total
[2025-08-21T09:35:07.578+0000][1692266][trace][gc,age      ] GC(479) - age   6:        176 bytes,      15856 total
[2025-08-21T09:35:07.578+0000][1692266][info ][gc,heap     ] GC(479) Eden regions: 75->0(75)
[2025-08-21T09:35:07.578+0000][1692266][info ][gc,heap     ] GC(479) Survivor regions: 1->1(10)
[2025-08-21T09:35:07.578+0000][1692266][info ][gc,heap     ] GC(479) Old regions: 22->22
[2025-08-21T09:35:07.578+0000][1692266][info ][gc,heap     ] GC(479) Humongous regions: 0->0
[2025-08-21T09:35:07.578+0000][1692266][info ][gc,metaspace] GC(479) Metaspace: 142077K(148544K)->142077K(148544K) NonClass: 123120K(127104K)->123120K(127104K) Class: 18957K(21440K)->18957K(21440K)
[2025-08-21T09:35:07.578+0000][1692266][info ][gc          ] GC(479) Pause Young (Normal) (G1 Evacuation Pause) 387M->87M(512M) 2.112ms
[2025-08-21T09:35:07.578+0000][1692266][info ][gc,cpu      ] GC(479) User=0.00s Sys=0.00s Real=0.00s
[2025-08-21T09:35:07.578+0000][1692266][info ][safepoint   ] Safepoint "G1CollectForAllocation", Time since last: 441753034812 ns, Reaching safepoint: 176847 ns, Cleanup: 2404 ns, At safepoint: 2147602 ns, Total: 2326853 ns
[2025-08-21T09:42:32.389+0000][1692266][info ][gc,start    ] GC(480) Pause Young (Normal) (G1 Evacuation Pause)
[2025-08-21T09:42:32.389+0000][1692266][info ][gc,task     ] GC(480) Using 1 workers of 1 for evacuation
[2025-08-21T09:42:32.389+0000][1692266][debug][gc,age      ] GC(480) Desired survivor size 20971520 bytes, new threshold 15 (max threshold 15)
[2025-08-21T09:42:32.391+0000][1692266][info ][gc,phases   ] GC(480)   Pre Evacuate Collection Set: 0.1ms
[2025-08-21T09:42:32.391+0000][1692266][info ][gc,phases   ] GC(480)   Merge Heap Roots: 0.0ms
[2025-08-21T09:42:32.391+0000][1692266][info ][gc,phases   ] GC(480)   Evacuate Collection Set: 0.6ms
[2025-08-21T09:42:32.391+0000][1692266][info ][gc,phases   ] GC(480)   Post Evacuate Collection Set: 0.7ms
[2025-08-21T09:42:32.391+0000][1692266][info ][gc,phases   ] GC(480)   Other: 0.0ms
[2025-08-21T09:42:32.391+0000][1692266][trace][gc,age      ] GC(480) Age table with threshold 15 (max threshold 15)
[2025-08-21T09:42:32.391+0000][1692266][trace][gc,age      ] GC(480) - age   1:      17328 bytes,      17328 total
[2025-08-21T09:42:32.391+0000][1692266][trace][gc,age      ] GC(480) - age   4:        112 bytes,      17440 total
[2025-08-21T09:42:32.391+0000][1692266][trace][gc,age      ] GC(480) - age   7:        176 bytes,      17616 total
[2025-08-21T09:42:32.391+0000][1692266][info ][gc,heap     ] GC(480) Eden regions: 75->0(75)
[2025-08-21T09:42:32.391+0000][1692266][info ][gc,heap     ] GC(480) Survivor regions: 1->1(10)
[2025-08-21T09:42:32.391+0000][1692266][info ][gc,heap     ] GC(480) Old regions: 22->22
[2025-08-21T09:42:32.391+0000][1692266][info ][gc,heap     ] GC(480) Humongous regions: 0->0
[2025-08-21T09:42:32.391+0000][1692266][info ][gc,metaspace] GC(480) Metaspace: 142077K(148544K)->142077K(148544K) NonClass: 123120K(127104K)->123120K(127104K) Class: 18957K(21440K)->18957K(21440K)
[2025-08-21T09:42:32.391+0000][1692266][info ][gc          ] GC(480) Pause Young (Normal) (G1 Evacuation Pause) 387M->87M(512M) 1.960ms
[2025-08-21T09:42:32.391+0000][1692266][info ][gc,cpu      ] GC(480) User=0.00s Sys=0.00s Real=0.00s
[2025-08-21T09:42:32.391+0000][1692266][info ][safepoint   ] Safepoint "G1CollectForAllocation", Time since last: 444810886529 ns, Reaching safepoint: 8864 ns, Cleanup: 3835 ns, At safepoint: 1995714 ns, Total: 2008413 ns
[2025-08-21T09:49:57.708+0000][1692266][info ][gc,start    ] GC(481) Pause Young (Normal) (G1 Evacuation Pause)
[2025-08-21T09:49:57.708+0000][1692266][info ][gc,task     ] GC(481) Using 1 workers of 1 for evacuation
[2025-08-21T09:49:57.708+0000][1692266][debug][gc,age      ] GC(481) Desired survivor size 20971520 bytes, new threshold 15 (max threshold 15)
[2025-08-21T09:49:57.710+0000][1692266][info ][gc,phases   ] GC(481)   Pre Evacuate Collection Set: 0.0ms
[2025-08-21T09:49:57.710+0000][1692266][info ][gc,phases   ] GC(481)   Merge Heap Roots: 0.0ms
[2025-08-21T09:49:57.710+0000][1692266][info ][gc,phases   ] GC(481)   Evacuate Collection Set: 0.7ms
[2025-08-21T09:49:57.710+0000][1692266][info ][gc,phases   ] GC(481)   Post Evacuate Collection Set: 0.8ms
[2025-08-21T09:49:57.710+0000][1692266][info ][gc,phases   ] GC(481)   Other: 0.0ms
[2025-08-21T09:49:57.710+0000][1692266][trace][gc,age      ] GC(481) Age table with threshold 15 (max threshold 15)
[2025-08-21T09:49:57.710+0000][1692266][trace][gc,age      ] GC(481) - age   1:      50096 bytes,      50096 total
[2025-08-21T09:49:57.710+0000][1692266][trace][gc,age      ] GC(481) - age   2:       1104 bytes,      51200 total
[2025-08-21T09:49:57.710+0000][1692266][trace][gc,age      ] GC(481) - age   5:        112 bytes,      51312 total
[2025-08-21T09:49:57.710+0000][1692266][trace][gc,age      ] GC(481) - age   8:        176 bytes,      51488 total
[2025-08-21T09:49:57.710+0000][1692266][info ][gc,heap     ] GC(481) Eden regions: 75->0(75)
[2025-08-21T09:49:57.710+0000][1692266][info ][gc,heap     ] GC(481) Survivor regions: 1->1(10)
[2025-08-21T09:49:57.710+0000][1692266][info ][gc,heap     ] GC(481) Old regions: 22->22
[2025-08-21T09:49:57.710+0000][1692266][info ][gc,heap     ] GC(481) Humongous regions: 0->0
[2025-08-21T09:49:57.710+0000][1692266][info ][gc,metaspace] GC(481) Metaspace: 142077K(148544K)->142077K(148544K) NonClass: 123120K(127104K)->123120K(127104K) Class: 18957K(21440K)->18957K(21440K)
[2025-08-21T09:49:57.710+0000][1692266][info ][gc          ] GC(481) Pause Young (Normal) (G1 Evacuation Pause) 387M->87M(512M) 2.157ms
[2025-08-21T09:49:57.710+0000][1692266][info ][gc,cpu      ] GC(481) User=0.00s Sys=0.00s Real=0.00s
[2025-08-21T09:49:57.710+0000][1692266][info ][safepoint   ] Safepoint "G1CollectForAllocation", Time since last: 445316415841 ns, Reaching safepoint: 11528 ns, Cleanup: 3806 ns, At safepoint: 2194412 ns, Total: 2209746 ns
[2025-08-21T09:57:20.978+0000][1692266][info ][gc,start    ] GC(482) Pause Young (Normal) (G1 Evacuation Pause)
[2025-08-21T09:57:20.978+0000][1692266][info ][gc,task     ] GC(482) Using 1 workers of 1 for evacuation
[2025-08-21T09:57:20.978+0000][1692266][debug][gc,age      ] GC(482) Desired survivor size 20971520 bytes, new threshold 15 (max threshold 15)
[2025-08-21T09:57:20.980+0000][1692266][info ][gc,phases   ] GC(482)   Pre Evacuate Collection Set: 0.0ms
[2025-08-21T09:57:20.980+0000][1692266][info ][gc,phases   ] GC(482)   Merge Heap Roots: 0.0ms
[2025-08-21T09:57:20.980+0000][1692266][info ][gc,phases   ] GC(482)   Evacuate Collection Set: 0.6ms
[2025-08-21T09:57:20.980+0000][1692266][info ][gc,phases   ] GC(482)   Post Evacuate Collection Set: 0.8ms
[2025-08-21T09:57:20.980+0000][1692266][info ][gc,phases   ] GC(482)   Other: 0.0ms
[2025-08-21T09:57:20.980+0000][1692266][trace][gc,age      ] GC(482) Age table with threshold 15 (max threshold 15)
[2025-08-21T09:57:20.980+0000][1692266][trace][gc,age      ] GC(482) - age   1:      16528 bytes,      16528 total
[2025-08-21T09:57:20.980+0000][1692266][trace][gc,age      ] GC(482) - age   6:        112 bytes,      16640 total
[2025-08-21T09:57:20.980+0000][1692266][info ][gc,heap     ] GC(482) Eden regions: 75->0(75)
[2025-08-21T09:57:20.980+0000][1692266][info ][gc,heap     ] GC(482) Survivor regions: 1->1(10)
[2025-08-21T09:57:20.980+0000][1692266][info ][gc,heap     ] GC(482) Old regions: 22->22
[2025-08-21T09:57:20.980+0000][1692266][info ][gc,heap     ] GC(482) Humongous regions: 0->0
[2025-08-21T09:57:20.980+0000][1692266][info ][gc,metaspace] GC(482) Metaspace: 142077K(148544K)->142077K(148544K) NonClass: 123120K(127104K)->123120K(127104K) Class: 18957K(21440K)->18957K(21440K)
[2025-08-21T09:57:20.980+0000][1692266][info ][gc          ] GC(482) Pause Young (Normal) (G1 Evacuation Pause) 387M->87M(512M) 2.117ms
[2025-08-21T09:57:20.980+0000][1692266][info ][gc,cpu      ] GC(482) User=0.00s Sys=0.00s Real=0.00s
[2025-08-21T09:57:20.980+0000][1692266][info ][safepoint   ] Safepoint "G1CollectForAllocation", Time since last: 443268160538 ns, Reaching safepoint: 39880 ns, Cleanup: 3115 ns, At safepoint: 2151928 ns, Total: 2194923 ns
[2025-08-21T10:04:45.199+0000][1692266][info ][gc,start    ] GC(483) Pause Young (Normal) (G1 Evacuation Pause)
[2025-08-21T10:04:45.199+0000][1692266][info ][gc,task     ] GC(483) Using 1 workers of 1 for evacuation
[2025-08-21T10:04:45.199+0000][1692266][debug][gc,age      ] GC(483) Desired survivor size 20971520 bytes, new threshold 15 (max threshold 15)
[2025-08-21T10:04:45.201+0000][1692266][info ][gc,phases   ] GC(483)   Pre Evacuate Collection Set: 0.1ms
[2025-08-21T10:04:45.201+0000][1692266][info ][gc,phases   ] GC(483)   Merge Heap Roots: 0.0ms
[2025-08-21T10:04:45.201+0000][1692266][info ][gc,phases   ] GC(483)   Evacuate Collection Set: 0.6ms
[2025-08-21T10:04:45.201+0000][1692266][info ][gc,phases   ] GC(483)   Post Evacuate Collection Set: 0.7ms
[2025-08-21T10:04:45.201+0000][1692266][info ][gc,phases   ] GC(483)   Other: 0.3ms
[2025-08-21T10:04:45.201+0000][1692266][trace][gc,age      ] GC(483) Age table with threshold 15 (max threshold 15)
[2025-08-21T10:04:45.201+0000][1692266][trace][gc,age      ] GC(483) - age   1:      14680 bytes,      14680 total
[2025-08-21T10:04:45.201+0000][1692266][trace][gc,age      ] GC(483) - age   2:        840 bytes,      15520 total
[2025-08-21T10:04:45.201+0000][1692266][trace][gc,age      ] GC(483) - age   7:        112 bytes,      15632 total
[2025-08-21T10:04:45.201+0000][1692266][info ][gc,heap     ] GC(483) Eden regions: 75->0(75)
[2025-08-21T10:04:45.201+0000][1692266][info ][gc,heap     ] GC(483) Survivor regions: 1->1(10)
[2025-08-21T10:04:45.201+0000][1692266][info ][gc,heap     ] GC(483) Old regions: 22->22
[2025-08-21T10:04:45.201+0000][1692266][info ][gc,heap     ] GC(483) Humongous regions: 0->0
[2025-08-21T10:04:45.201+0000][1692266][info ][gc,metaspace] GC(483) Metaspace: 142077K(148544K)->142077K(148544K) NonClass: 123120K(127104K)->123120K(127104K) Class: 18957K(21440K)->18957K(21440K)
[2025-08-21T10:04:45.201+0000][1692266][info ][gc          ] GC(483) Pause Young (Normal) (G1 Evacuation Pause) 387M->87M(512M) 2.128ms
[2025-08-21T10:04:45.201+0000][1692266][info ][gc,cpu      ] GC(483) User=0.01s Sys=0.00s Real=0.00s
[2025-08-21T10:04:45.201+0000][1692266][info ][safepoint   ] Safepoint "G1CollectForAllocation", Time since last: 444218601620 ns, Reaching safepoint: 7812 ns, Cleanup: 2844 ns, At safepoint: 2164889 ns, Total: 2175545 ns
[2025-08-21T10:12:09.453+0000][1692266][info ][gc,start    ] GC(484) Pause Young (Normal) (G1 Evacuation Pause)
[2025-08-21T10:12:09.453+0000][1692266][info ][gc,task     ] GC(484) Using 1 workers of 1 for evacuation
[2025-08-21T10:12:09.453+0000][1692266][debug][gc,age      ] GC(484) Desired survivor size 20971520 bytes, new threshold 15 (max threshold 15)
[2025-08-21T10:12:09.455+0000][1692266][info ][gc,phases   ] GC(484)   Pre Evacuate Collection Set: 0.1ms
[2025-08-21T10:12:09.455+0000][1692266][info ][gc,phases   ] GC(484)   Merge Heap Roots: 0.0ms
[2025-08-21T10:12:09.455+0000][1692266][info ][gc,phases   ] GC(484)   Evacuate Collection Set: 0.9ms
[2025-08-21T10:12:09.455+0000][1692266][info ][gc,phases   ] GC(484)   Post Evacuate Collection Set: 0.9ms
[2025-08-21T10:12:09.455+0000][1692266][info ][gc,phases   ] GC(484)   Other: 0.0ms
[2025-08-21T10:12:09.455+0000][1692266][trace][gc,age      ] GC(484) Age table with threshold 15 (max threshold 15)
[2025-08-21T10:12:09.455+0000][1692266][trace][gc,age      ] GC(484) - age   1:      16872 bytes,      16872 total
[2025-08-21T10:12:09.455+0000][1692266][trace][gc,age      ] GC(484) - age   3:        176 bytes,      17048 total
[2025-08-21T10:12:09.455+0000][1692266][trace][gc,age      ] GC(484) - age   8:        112 bytes,      17160 total
[2025-08-21T10:12:09.455+0000][1692266][info ][gc,heap     ] GC(484) Eden regions: 75->0(75)
[2025-08-21T10:12:09.455+0000][1692266][info ][gc,heap     ] GC(484) Survivor regions: 1->1(10)
[2025-08-21T10:12:09.455+0000][1692266][info ][gc,heap     ] GC(484) Old regions: 22->22
[2025-08-21T10:12:09.455+0000][1692266][info ][gc,heap     ] GC(484) Humongous regions: 0->0
[2025-08-21T10:12:09.455+0000][1692266][info ][gc,metaspace] GC(484) Metaspace: 142077K(148544K)->142077K(148544K) NonClass: 123120K(127104K)->123120K(127104K) Class: 18957K(21440K)->18957K(21440K)
[2025-08-21T10:12:09.455+0000][1692266][info ][gc          ] GC(484) Pause Young (Normal) (G1 Evacuation Pause) 387M->87M(512M) 2.079ms
[2025-08-21T10:12:09.455+0000][1692266][info ][gc,cpu      ] GC(484) User=0.01s Sys=0.00s Real=0.01s
[2025-08-21T10:12:09.455+0000][1692266][info ][safepoint   ] Safepoint "G1CollectForAllocation", Time since last: 444252428186 ns, Reaching safepoint: 8222 ns, Cleanup: 2554 ns, At safepoint: 2119450 ns, Total: 2130226 ns
[2025-08-21T10:19:33.830+0000][1692266][info ][gc,start    ] GC(485) Pause Young (Normal) (G1 Evacuation Pause)
[2025-08-21T10:19:33.830+0000][1692266][info ][gc,task     ] GC(485) Using 1 workers of 1 for evacuation
[2025-08-21T10:19:33.830+0000][1692266][debug][gc,age      ] GC(485) Desired survivor size 20971520 bytes, new threshold 15 (max threshold 15)
[2025-08-21T10:19:33.832+0000][1692266][info ][gc,phases   ] GC(485)   Pre Evacuate Collection Set: 0.1ms
[2025-08-21T10:19:33.832+0000][1692266][info ][gc,phases   ] GC(485)   Merge Heap Roots: 0.0ms
[2025-08-21T10:19:33.832+0000][1692266][info ][gc,phases   ] GC(485)   Evacuate Collection Set: 0.8ms
[2025-08-21T10:19:33.832+0000][1692266][info ][gc,phases   ] GC(485)   Post Evacuate Collection Set: 1.2ms
[2025-08-21T10:19:33.832+0000][1692266][info ][gc,phases   ] GC(485)   Other: 0.0ms
[2025-08-21T10:19:33.832+0000][1692266][trace][gc,age      ] GC(485) Age table with threshold 15 (max threshold 15)
[2025-08-21T10:19:33.832+0000][1692266][trace][gc,age      ] GC(485) - age   1:     137672 bytes,     137672 total
[2025-08-21T10:19:33.832+0000][1692266][trace][gc,age      ] GC(485) - age   2:       1104 bytes,     138776 total
[2025-08-21T10:19:33.832+0000][1692266][trace][gc,age      ] GC(485) - age   4:        176 bytes,     138952 total
[2025-08-21T10:19:33.832+0000][1692266][trace][gc,age      ] GC(485) - age   9:        112 bytes,     139064 total
[2025-08-21T10:19:33.832+0000][1692266][info ][gc,heap     ] GC(485) Eden regions: 75->0(75)
[2025-08-21T10:19:33.832+0000][1692266][info ][gc,heap     ] GC(485) Survivor regions: 1->1(10)
[2025-08-21T10:19:33.832+0000][1692266][info ][gc,heap     ] GC(485) Old regions: 22->22
[2025-08-21T10:19:33.832+0000][1692266][info ][gc,heap     ] GC(485) Humongous regions: 0->0
[2025-08-21T10:19:33.832+0000][1692266][info ][gc,metaspace] GC(485) Metaspace: 142077K(148544K)->142077K(148544K) NonClass: 123120K(127104K)->123120K(127104K) Class: 18957K(21440K)->18957K(21440K)
[2025-08-21T10:19:33.832+0000][1692266][info ][gc          ] GC(485) Pause Young (Normal) (G1 Evacuation Pause) 387M->87M(512M) 2.480ms
[2025-08-21T10:19:33.832+0000][1692266][info ][gc,cpu      ] GC(485) User=0.00s Sys=0.00s Real=0.00s
[2025-08-21T10:19:33.832+0000][1692266][info ][safepoint   ] Safepoint "G1CollectForAllocation", Time since last: 444374521616 ns, Reaching safepoint: 8293 ns, Cleanup: 3595 ns, At safepoint: 2514887 ns, Total: 2526775 ns
[2025-08-21T10:26:59.103+0000][1692266][info ][gc,start    ] GC(486) Pause Young (Normal) (G1 Evacuation Pause)
[2025-08-21T10:26:59.104+0000][1692266][info ][gc,task     ] GC(486) Using 1 workers of 1 for evacuation
[2025-08-21T10:26:59.104+0000][1692266][debug][gc,age      ] GC(486) Desired survivor size 20971520 bytes, new threshold 15 (max threshold 15)
[2025-08-21T10:26:59.105+0000][1692266][info ][gc,phases   ] GC(486)   Pre Evacuate Collection Set: 0.2ms
[2025-08-21T10:26:59.105+0000][1692266][info ][gc,phases   ] GC(486)   Merge Heap Roots: 0.0ms
[2025-08-21T10:26:59.105+0000][1692266][info ][gc,phases   ] GC(486)   Evacuate Collection Set: 0.6ms
[2025-08-21T10:26:59.105+0000][1692266][info ][gc,phases   ] GC(486)   Post Evacuate Collection Set: 0.7ms
[2025-08-21T10:26:59.105+0000][1692266][info ][gc,phases   ] GC(486)   Other: 0.2ms
[2025-08-21T10:26:59.105+0000][1692266][trace][gc,age      ] GC(486) Age table with threshold 15 (max threshold 15)
[2025-08-21T10:26:59.105+0000][1692266][trace][gc,age      ] GC(486) - age   1:      16168 bytes,      16168 total
[2025-08-21T10:26:59.105+0000][1692266][trace][gc,age      ] GC(486) - age   5:        176 bytes,      16344 total
[2025-08-21T10:26:59.105+0000][1692266][trace][gc,age      ] GC(486) - age  10:        112 bytes,      16456 total
[2025-08-21T10:26:59.105+0000][1692266][info ][gc,heap     ] GC(486) Eden regions: 75->0(75)
[2025-08-21T10:26:59.105+0000][1692266][info ][gc,heap     ] GC(486) Survivor regions: 1->1(10)
[2025-08-21T10:26:59.105+0000][1692266][info ][gc,heap     ] GC(486) Old regions: 22->22
[2025-08-21T10:26:59.105+0000][1692266][info ][gc,heap     ] GC(486) Humongous regions: 0->0
[2025-08-21T10:26:59.105+0000][1692266][info ][gc,metaspace] GC(486) Metaspace: 142077K(148544K)->142077K(148544K) NonClass: 123120K(127104K)->123120K(127104K) Class: 18957K(21440K)->18957K(21440K)
[2025-08-21T10:26:59.105+0000][1692266][info ][gc          ] GC(486) Pause Young (Normal) (G1 Evacuation Pause) 387M->87M(512M) 2.315ms
[2025-08-21T10:26:59.105+0000][1692266][info ][gc,cpu      ] GC(486) User=0.00s Sys=0.00s Real=0.01s
[2025-08-21T10:26:59.105+0000][1692266][info ][safepoint   ] Safepoint "G1CollectForAllocation", Time since last: 445270715819 ns, Reaching safepoint: 5829 ns, Cleanup: 3074 ns, At safepoint: 2351811 ns, Total: 2360714 ns
[2025-08-21T10:34:22.372+0000][1692266][info ][gc,start    ] GC(487) Pause Young (Normal) (G1 Evacuation Pause)
[2025-08-21T10:34:22.372+0000][1692266][info ][gc,task     ] GC(487) Using 1 workers of 1 for evacuation
[2025-08-21T10:34:22.372+0000][1692266][debug][gc,age      ] GC(487) Desired survivor size 20971520 bytes, new threshold 15 (max threshold 15)
[2025-08-21T10:34:22.373+0000][1692266][info ][gc,phases   ] GC(487)   Pre Evacuate Collection Set: 0.0ms
[2025-08-21T10:34:22.373+0000][1692266][info ][gc,phases   ] GC(487)   Merge Heap Roots: 0.0ms
[2025-08-21T10:34:22.373+0000][1692266][info ][gc,phases   ] GC(487)   Evacuate Collection Set: 0.6ms
[2025-08-21T10:34:22.373+0000][1692266][info ][gc,phases   ] GC(487)   Post Evacuate Collection Set: 0.8ms
[2025-08-21T10:34:22.373+0000][1692266][info ][gc,phases   ] GC(487)   Other: 0.0ms
[2025-08-21T10:34:22.373+0000][1692266][trace][gc,age      ] GC(487) Age table with threshold 15 (max threshold 15)
[2025-08-21T10:34:22.373+0000][1692266][trace][gc,age      ] GC(487) - age   1:      16448 bytes,      16448 total
[2025-08-21T10:34:22.373+0000][1692266][trace][gc,age      ] GC(487) - age   2:        664 bytes,      17112 total
[2025-08-21T10:34:22.373+0000][1692266][trace][gc,age      ] GC(487) - age   6:        176 bytes,      17288 total
[2025-08-21T10:34:22.373+0000][1692266][trace][gc,age      ] GC(487) - age  11:        112 bytes,      17400 total
[2025-08-21T10:34:22.373+0000][1692266][info ][gc,heap     ] GC(487) Eden regions: 75->0(75)
[2025-08-21T10:34:22.373+0000][1692266][info ][gc,heap     ] GC(487) Survivor regions: 1->1(10)
[2025-08-21T10:34:22.373+0000][1692266][info ][gc,heap     ] GC(487) Old regions: 22->22
[2025-08-21T10:34:22.373+0000][1692266][info ][gc,heap     ] GC(487) Humongous regions: 0->0
[2025-08-21T10:34:22.373+0000][1692266][info ][gc,metaspace] GC(487) Metaspace: 142077K(148544K)->142077K(148544K) NonClass: 123120K(127104K)->123120K(127104K) Class: 18957K(21440K)->18957K(21440K)
[2025-08-21T10:34:22.373+0000][1692266][info ][gc          ] GC(487) Pause Young (Normal) (G1 Evacuation Pause) 387M->87M(512M) 1.848ms
[2025-08-21T10:34:22.373+0000][1692266][info ][gc,cpu      ] GC(487) User=0.00s Sys=0.01s Real=0.00s
[2025-08-21T10:34:22.373+0000][1692266][info ][safepoint   ] Safepoint "G1CollectForAllocation", Time since last: 443266044820 ns, Reaching safepoint: 8203 ns, Cleanup: 3044 ns, At safepoint: 1884065 ns, Total: 1895312 ns
[2025-08-21T10:40:34.440+0000][1692266][info ][safepoint   ] Safepoint "Cleanup", Time since last: 372066100009 ns, Reaching safepoint: 28994 ns, Cleanup: 10976 ns, At safepoint: 4667 ns, Total: 44637 ns
[2025-08-21T10:41:47.689+0000][1692266][info ][gc,start    ] GC(488) Pause Young (Normal) (G1 Evacuation Pause)
[2025-08-21T10:41:47.690+0000][1692266][info ][gc,task     ] GC(488) Using 1 workers of 1 for evacuation
[2025-08-21T10:41:47.690+0000][1692266][debug][gc,age      ] GC(488) Desired survivor size 20971520 bytes, new threshold 15 (max threshold 15)
[2025-08-21T10:41:47.691+0000][1692266][info ][gc,phases   ] GC(488)   Pre Evacuate Collection Set: 0.0ms
[2025-08-21T10:41:47.691+0000][1692266][info ][gc,phases   ] GC(488)   Merge Heap Roots: 0.0ms
[2025-08-21T10:41:47.691+0000][1692266][info ][gc,phases   ] GC(488)   Evacuate Collection Set: 0.7ms
[2025-08-21T10:41:47.691+0000][1692266][info ][gc,phases   ] GC(488)   Post Evacuate Collection Set: 0.8ms
[2025-08-21T10:41:47.691+0000][1692266][info ][gc,phases   ] GC(488)   Other: 0.0ms
[2025-08-21T10:41:47.691+0000][1692266][trace][gc,age      ] GC(488) Age table with threshold 15 (max threshold 15)
[2025-08-21T10:41:47.691+0000][1692266][trace][gc,age      ] GC(488) - age   1:      52192 bytes,      52192 total
[2025-08-21T10:41:47.691+0000][1692266][trace][gc,age      ] GC(488) - age   2:        128 bytes,      52320 total
[2025-08-21T10:41:47.691+0000][1692266][trace][gc,age      ] GC(488) - age   7:        176 bytes,      52496 total
[2025-08-21T10:41:47.691+0000][1692266][trace][gc,age      ] GC(488) - age  12:        112 bytes,      52608 total
[2025-08-21T10:41:47.691+0000][1692266][info ][gc,heap     ] GC(488) Eden regions: 75->0(75)
[2025-08-21T10:41:47.691+0000][1692266][info ][gc,heap     ] GC(488) Survivor regions: 1->1(10)
[2025-08-21T10:41:47.691+0000][1692266][info ][gc,heap     ] GC(488) Old regions: 22->22
[2025-08-21T10:41:47.691+0000][1692266][info ][gc,heap     ] GC(488) Humongous regions: 0->0
[2025-08-21T10:41:47.691+0000][1692266][info ][gc,metaspace] GC(488) Metaspace: 142077K(148544K)->142077K(148544K) NonClass: 123120K(127104K)->123120K(127104K) Class: 18957K(21440K)->18957K(21440K)
[2025-08-21T10:41:47.691+0000][1692266][info ][gc          ] GC(488) Pause Young (Normal) (G1 Evacuation Pause) 387M->87M(512M) 1.978ms
[2025-08-21T10:41:47.691+0000][1692266][info ][gc,cpu      ] GC(488) User=0.00s Sys=0.00s Real=0.00s
[2025-08-21T10:41:47.691+0000][1692266][info ][safepoint   ] Safepoint "G1CollectForAllocation", Time since last: 73249889638 ns, Reaching safepoint: 11237 ns, Cleanup: 2674 ns, At safepoint: 2017376 ns, Total: 2031287 ns
[2025-08-21T10:49:11.059+0000][1692266][info ][gc,start    ] GC(489) Pause Young (Normal) (G1 Evacuation Pause)
[2025-08-21T10:49:11.059+0000][1692266][info ][gc,task     ] GC(489) Using 1 workers of 1 for evacuation
[2025-08-21T10:49:11.059+0000][1692266][debug][gc,age      ] GC(489) Desired survivor size 20971520 bytes, new threshold 15 (max threshold 15)
[2025-08-21T10:49:11.060+0000][1692266][info ][gc,phases   ] GC(489)   Pre Evacuate Collection Set: 0.1ms
[2025-08-21T10:49:11.060+0000][1692266][info ][gc,phases   ] GC(489)   Merge Heap Roots: 0.0ms
[2025-08-21T10:49:11.060+0000][1692266][info ][gc,phases   ] GC(489)   Evacuate Collection Set: 0.7ms
[2025-08-21T10:49:11.060+0000][1692266][info ][gc,phases   ] GC(489)   Post Evacuate Collection Set: 0.7ms
[2025-08-21T10:49:11.060+0000][1692266][info ][gc,phases   ] GC(489)   Other: 0.3ms
[2025-08-21T10:49:11.060+0000][1692266][trace][gc,age      ] GC(489) Age table with threshold 15 (max threshold 15)
[2025-08-21T10:49:11.060+0000][1692266][trace][gc,age      ] GC(489) - age   1:      17144 bytes,      17144 total
[2025-08-21T10:49:11.060+0000][1692266][trace][gc,age      ] GC(489) - age   2:        976 bytes,      18120 total
[2025-08-21T10:49:11.060+0000][1692266][trace][gc,age      ] GC(489) - age   8:        176 bytes,      18296 total
[2025-08-21T10:49:11.060+0000][1692266][trace][gc,age      ] GC(489) - age  13:        112 bytes,      18408 total
[2025-08-21T10:49:11.060+0000][1692266][info ][gc,heap     ] GC(489) Eden regions: 75->0(75)
[2025-08-21T10:49:11.060+0000][1692266][info ][gc,heap     ] GC(489) Survivor regions: 1->1(10)
[2025-08-21T10:49:11.060+0000][1692266][info ][gc,heap     ] GC(489) Old regions: 22->22
[2025-08-21T10:49:11.060+0000][1692266][info ][gc,heap     ] GC(489) Humongous regions: 0->0
[2025-08-21T10:49:11.060+0000][1692266][info ][gc,metaspace] GC(489) Metaspace: 142077K(148544K)->142077K(148544K) NonClass: 123120K(127104K)->123120K(127104K) Class: 18957K(21440K)->18957K(21440K)
[2025-08-21T10:49:11.060+0000][1692266][info ][gc          ] GC(489) Pause Young (Normal) (G1 Evacuation Pause) 387M->87M(512M) 1.946ms
[2025-08-21T10:49:11.060+0000][1692266][info ][gc,cpu      ] GC(489) User=0.00s Sys=0.00s Real=0.00s
[2025-08-21T10:49:11.060+0000][1692266][info ][safepoint   ] Safepoint "G1CollectForAllocation", Time since last: 443367012979 ns, Reaching safepoint: 8253 ns, Cleanup: 2123 ns, At safepoint: 1981712 ns, Total: 1992088 ns
[2025-08-21T10:49:20.062+0000][1692266][info ][safepoint   ] Safepoint "Cleanup", Time since last: 9001754390 ns, Reaching safepoint: 35504 ns, Cleanup: 12148 ns, At safepoint: 2324 ns, Total: 49976 ns
[2025-08-21T10:49:34.063+0000][1692266][info ][safepoint   ] Safepoint "Cleanup", Time since last: 14000903912 ns, Reaching safepoint: 35574 ns, Cleanup: 10796 ns, At safepoint: 2484 ns, Total: 48854 ns
[2025-08-21T10:50:52.078+0000][1692266][info ][safepoint   ] Safepoint "Cleanup", Time since last: 78014986125 ns, Reaching safepoint: 41353 ns, Cleanup: 10195 ns, At safepoint: 5068 ns, Total: 56616 ns
[2025-08-21T10:56:36.213+0000][1692266][info ][gc,start    ] GC(490) Pause Young (Normal) (G1 Evacuation Pause)
[2025-08-21T10:56:36.214+0000][1692266][info ][gc,task     ] GC(490) Using 1 workers of 1 for evacuation
[2025-08-21T10:56:36.214+0000][1692266][debug][gc,age      ] GC(490) Desired survivor size 20971520 bytes, new threshold 15 (max threshold 15)
[2025-08-21T10:56:36.215+0000][1692266][info ][gc,phases   ] GC(490)   Pre Evacuate Collection Set: 0.0ms
[2025-08-21T10:56:36.215+0000][1692266][info ][gc,phases   ] GC(490)   Merge Heap Roots: 0.0ms
[2025-08-21T10:56:36.215+0000][1692266][info ][gc,phases   ] GC(490)   Evacuate Collection Set: 0.9ms
[2025-08-21T10:56:36.215+0000][1692266][info ][gc,phases   ] GC(490)   Post Evacuate Collection Set: 0.7ms
[2025-08-21T10:56:36.215+0000][1692266][info ][gc,phases   ] GC(490)   Other: 0.0ms
[2025-08-21T10:56:36.215+0000][1692266][trace][gc,age      ] GC(490) Age table with threshold 15 (max threshold 15)
[2025-08-21T10:56:36.215+0000][1692266][trace][gc,age      ] GC(490) - age   1:     122824 bytes,     122824 total
[2025-08-21T10:56:36.215+0000][1692266][trace][gc,age      ] GC(490) - age   2:        912 bytes,     123736 total
[2025-08-21T10:56:36.215+0000][1692266][trace][gc,age      ] GC(490) - age  14:        112 bytes,     123848 total
[2025-08-21T10:56:36.215+0000][1692266][info ][gc,heap     ] GC(490) Eden regions: 75->0(75)
[2025-08-21T10:56:36.215+0000][1692266][info ][gc,heap     ] GC(490) Survivor regions: 1->1(10)
[2025-08-21T10:56:36.215+0000][1692266][info ][gc,heap     ] GC(490) Old regions: 22->22
[2025-08-21T10:56:36.215+0000][1692266][info ][gc,heap     ] GC(490) Humongous regions: 0->0
[2025-08-21T10:56:36.215+0000][1692266][info ][gc,metaspace] GC(490) Metaspace: 142077K(148544K)->142077K(148544K) NonClass: 123120K(127104K)->123120K(127104K) Class: 18957K(21440K)->18957K(21440K)
[2025-08-21T10:56:36.215+0000][1692266][info ][gc          ] GC(490) Pause Young (Normal) (G1 Evacuation Pause) 387M->87M(512M) 2.000ms
[2025-08-21T10:56:36.215+0000][1692266][info ][gc,cpu      ] GC(490) User=0.00s Sys=0.00s Real=0.00s
[2025-08-21T10:56:36.215+0000][1692266][info ][safepoint   ] Safepoint "G1CollectForAllocation", Time since last: 344134506791 ns, Reaching safepoint: 437271 ns, Cleanup: 3876 ns, At safepoint: 2036735 ns, Total: 2477882 ns
[2025-08-21T11:04:00.905+0000][1692266][info ][gc,start    ] GC(491) Pause Young (Normal) (G1 Evacuation Pause)
[2025-08-21T11:04:00.905+0000][1692266][info ][gc,task     ] GC(491) Using 1 workers of 1 for evacuation
[2025-08-21T11:04:00.905+0000][1692266][debug][gc,age      ] GC(491) Desired survivor size 20971520 bytes, new threshold 15 (max threshold 15)
[2025-08-21T11:04:00.907+0000][1692266][info ][gc,phases   ] GC(491)   Pre Evacuate Collection Set: 0.0ms
[2025-08-21T11:04:00.907+0000][1692266][info ][gc,phases   ] GC(491)   Merge Heap Roots: 0.0ms
[2025-08-21T11:04:00.907+0000][1692266][info ][gc,phases   ] GC(491)   Evacuate Collection Set: 0.6ms
[2025-08-21T11:04:00.907+0000][1692266][info ][gc,phases   ] GC(491)   Post Evacuate Collection Set: 1.0ms
[2025-08-21T11:04:00.907+0000][1692266][info ][gc,phases   ] GC(491)   Other: 0.0ms
[2025-08-21T11:04:00.907+0000][1692266][trace][gc,age      ] GC(491) Age table with threshold 15 (max threshold 15)
[2025-08-21T11:04:00.907+0000][1692266][trace][gc,age      ] GC(491) - age   1:      14624 bytes,      14624 total
[2025-08-21T11:04:00.907+0000][1692266][trace][gc,age      ] GC(491) - age   2:        984 bytes,      15608 total
[2025-08-21T11:04:00.907+0000][1692266][trace][gc,age      ] GC(491) - age   3:        912 bytes,      16520 total
[2025-08-21T11:04:00.907+0000][1692266][trace][gc,age      ] GC(491) - age  15:        112 bytes,      16632 total
[2025-08-21T11:04:00.907+0000][1692266][info ][gc,heap     ] GC(491) Eden regions: 75->0(75)
[2025-08-21T11:04:00.907+0000][1692266][info ][gc,heap     ] GC(491) Survivor regions: 1->1(10)
[2025-08-21T11:04:00.907+0000][1692266][info ][gc,heap     ] GC(491) Old regions: 22->22
[2025-08-21T11:04:00.907+0000][1692266][info ][gc,heap     ] GC(491) Humongous regions: 0->0
[2025-08-21T11:04:00.907+0000][1692266][info ][gc,metaspace] GC(491) Metaspace: 142077K(148544K)->142077K(148544K) NonClass: 123120K(127104K)->123120K(127104K) Class: 18957K(21440K)->18957K(21440K)
[2025-08-21T11:04:00.907+0000][1692266][info ][gc          ] GC(491) Pause Young (Normal) (G1 Evacuation Pause) 387M->87M(512M) 2.141ms
[2025-08-21T11:04:00.907+0000][1692266][info ][gc,cpu      ] GC(491) User=0.00s Sys=0.00s Real=0.01s
[2025-08-21T11:04:00.907+0000][1692266][info ][safepoint   ] Safepoint "G1CollectForAllocation", Time since last: 444689764088 ns, Reaching safepoint: 8353 ns, Cleanup: 3044 ns, At safepoint: 2177047 ns, Total: 2188444 ns
[2025-08-21T11:11:26.500+0000][1692266][info ][gc,start    ] GC(492) Pause Young (Normal) (G1 Evacuation Pause)
[2025-08-21T11:11:26.501+0000][1692266][info ][gc,task     ] GC(492) Using 1 workers of 1 for evacuation
[2025-08-21T11:11:26.501+0000][1692266][debug][gc,age      ] GC(492) Desired survivor size 20971520 bytes, new threshold 15 (max threshold 15)
[2025-08-21T11:11:26.503+0000][1692266][info ][gc,phases   ] GC(492)   Pre Evacuate Collection Set: 0.1ms
[2025-08-21T11:11:26.503+0000][1692266][info ][gc,phases   ] GC(492)   Merge Heap Roots: 0.0ms
[2025-08-21T11:11:26.503+0000][1692266][info ][gc,phases   ] GC(492)   Evacuate Collection Set: 0.7ms
[2025-08-21T11:11:26.503+0000][1692266][info ][gc,phases   ] GC(492)   Post Evacuate Collection Set: 0.7ms
[2025-08-21T11:11:26.503+0000][1692266][info ][gc,phases   ] GC(492)   Other: 0.4ms
[2025-08-21T11:11:26.503+0000][1692266][trace][gc,age      ] GC(492) Age table with threshold 15 (max threshold 15)
[2025-08-21T11:11:26.503+0000][1692266][trace][gc,age      ] GC(492) - age   1:      15976 bytes,      15976 total
[2025-08-21T11:11:26.503+0000][1692266][trace][gc,age      ] GC(492) - age   2:        128 bytes,      16104 total
[2025-08-21T11:11:26.503+0000][1692266][trace][gc,age      ] GC(492) - age   3:        320 bytes,      16424 total
[2025-08-21T11:11:26.503+0000][1692266][trace][gc,age      ] GC(492) - age   4:        912 bytes,      17336 total
[2025-08-21T11:11:26.503+0000][1692266][info ][gc,heap     ] GC(492) Eden regions: 75->0(75)
[2025-08-21T11:11:26.503+0000][1692266][info ][gc,heap     ] GC(492) Survivor regions: 1->1(10)
[2025-08-21T11:11:26.503+0000][1692266][info ][gc,heap     ] GC(492) Old regions: 22->22
[2025-08-21T11:11:26.503+0000][1692266][info ][gc,heap     ] GC(492) Humongous regions: 0->0
[2025-08-21T11:11:26.503+0000][1692266][info ][gc,metaspace] GC(492) Metaspace: 142078K(148544K)->142078K(148544K) NonClass: 123120K(127104K)->123120K(127104K) Class: 18957K(21440K)->18957K(21440K)
[2025-08-21T11:11:26.503+0000][1692266][info ][gc          ] GC(492) Pause Young (Normal) (G1 Evacuation Pause) 387M->87M(512M) 2.405ms
[2025-08-21T11:11:26.503+0000][1692266][info ][gc,cpu      ] GC(492) User=0.00s Sys=0.00s Real=0.00s
[2025-08-21T11:11:26.503+0000][1692266][info ][safepoint   ] Safepoint "G1CollectForAllocation", Time since last: 445592909403 ns, Reaching safepoint: 8613 ns, Cleanup: 3746 ns, At safepoint: 2442368 ns, Total: 2454727 ns
[2025-08-21T11:18:50.370+0000][1692266][info ][gc,start    ] GC(493) Pause Young (Normal) (G1 Evacuation Pause)
[2025-08-21T11:18:50.370+0000][1692266][info ][gc,task     ] GC(493) Using 1 workers of 1 for evacuation
[2025-08-21T11:18:50.370+0000][1692266][debug][gc,age      ] GC(493) Desired survivor size 20971520 bytes, new threshold 15 (max threshold 15)
[2025-08-21T11:18:50.372+0000][1692266][info ][gc,phases   ] GC(493)   Pre Evacuate Collection Set: 0.0ms
[2025-08-21T11:18:50.372+0000][1692266][info ][gc,phases   ] GC(493)   Merge Heap Roots: 0.0ms
[2025-08-21T11:18:50.372+0000][1692266][info ][gc,phases   ] GC(493)   Evacuate Collection Set: 0.7ms
[2025-08-21T11:18:50.372+0000][1692266][info ][gc,phases   ] GC(493)   Post Evacuate Collection Set: 0.7ms
[2025-08-21T11:18:50.372+0000][1692266][info ][gc,phases   ] GC(493)   Other: 0.0ms
[2025-08-21T11:18:50.372+0000][1692266][trace][gc,age      ] GC(493) Age table with threshold 15 (max threshold 15)
[2025-08-21T11:18:50.372+0000][1692266][trace][gc,age      ] GC(493) - age   1:      18736 bytes,      18736 total
[2025-08-21T11:18:50.372+0000][1692266][trace][gc,age      ] GC(493) - age   2:        976 bytes,      19712 total
[2025-08-21T11:18:50.372+0000][1692266][trace][gc,age      ] GC(493) - age   4:        320 bytes,      20032 total
[2025-08-21T11:18:50.372+0000][1692266][trace][gc,age      ] GC(493) - age   5:        912 bytes,      20944 total
[2025-08-21T11:18:50.372+0000][1692266][info ][gc,heap     ] GC(493) Eden regions: 75->0(75)
[2025-08-21T11:18:50.372+0000][1692266][info ][gc,heap     ] GC(493) Survivor regions: 1->1(10)
[2025-08-21T11:18:50.372+0000][1692266][info ][gc,heap     ] GC(493) Old regions: 22->22
[2025-08-21T11:18:50.372+0000][1692266][info ][gc,heap     ] GC(493) Humongous regions: 0->0
[2025-08-21T11:18:50.372+0000][1692266][info ][gc,metaspace] GC(493) Metaspace: 142078K(148544K)->142078K(148544K) NonClass: 123120K(127104K)->123120K(127104K) Class: 18957K(21440K)->18957K(21440K)
[2025-08-21T11:18:50.372+0000][1692266][info ][gc          ] GC(493) Pause Young (Normal) (G1 Evacuation Pause) 387M->87M(512M) 1.731ms
[2025-08-21T11:18:50.372+0000][1692266][info ][gc,cpu      ] GC(493) User=0.00s Sys=0.00s Real=0.00s
[2025-08-21T11:18:50.372+0000][1692266][info ][safepoint   ] Safepoint "G1CollectForAllocation", Time since last: 443867708354 ns, Reaching safepoint: 8974 ns, Cleanup: 2904 ns, At safepoint: 1767519 ns, Total: 1779397 ns
[2025-08-21T11:26:12.401+0000][1692266][info ][gc,start    ] GC(494) Pause Young (Normal) (G1 Evacuation Pause)
[2025-08-21T11:26:12.401+0000][1692266][info ][gc,task     ] GC(494) Using 1 workers of 1 for evacuation
[2025-08-21T11:26:12.401+0000][1692266][debug][gc,age      ] GC(494) Desired survivor size 20971520 bytes, new threshold 15 (max threshold 15)
[2025-08-21T11:26:12.402+0000][1692266][info ][gc,phases   ] GC(494)   Pre Evacuate Collection Set: 0.0ms
[2025-08-21T11:26:12.402+0000][1692266][info ][gc,phases   ] GC(494)   Merge Heap Roots: 0.0ms
[2025-08-21T11:26:12.402+0000][1692266][info ][gc,phases   ] GC(494)   Evacuate Collection Set: 0.7ms
[2025-08-21T11:26:12.402+0000][1692266][info ][gc,phases   ] GC(494)   Post Evacuate Collection Set: 0.9ms
[2025-08-21T11:26:12.402+0000][1692266][info ][gc,phases   ] GC(494)   Other: 0.0ms
[2025-08-21T11:26:12.402+0000][1692266][trace][gc,age      ] GC(494) Age table with threshold 15 (max threshold 15)
[2025-08-21T11:26:12.402+0000][1692266][trace][gc,age      ] GC(494) - age   1:      17584 bytes,      17584 total
[2025-08-21T11:26:12.402+0000][1692266][trace][gc,age      ] GC(494) - age   5:        320 bytes,      17904 total
[2025-08-21T11:26:12.402+0000][1692266][trace][gc,age      ] GC(494) - age   6:        912 bytes,      18816 total
[2025-08-21T11:26:12.402+0000][1692266][info ][gc,heap     ] GC(494) Eden regions: 75->0(75)
[2025-08-21T11:26:12.402+0000][1692266][info ][gc,heap     ] GC(494) Survivor regions: 1->1(10)
[2025-08-21T11:26:12.402+0000][1692266][info ][gc,heap     ] GC(494) Old regions: 22->22
[2025-08-21T11:26:12.402+0000][1692266][info ][gc,heap     ] GC(494) Humongous regions: 0->0
[2025-08-21T11:26:12.402+0000][1692266][info ][gc,metaspace] GC(494) Metaspace: 142078K(148544K)->142078K(148544K) NonClass: 123120K(127104K)->123120K(127104K) Class: 18957K(21440K)->18957K(21440K)
[2025-08-21T11:26:12.403+0000][1692266][info ][gc          ] GC(494) Pause Young (Normal) (G1 Evacuation Pause) 387M->87M(512M) 1.870ms
[2025-08-21T11:26:12.403+0000][1692266][info ][gc,cpu      ] GC(494) User=0.00s Sys=0.00s Real=0.00s
[2025-08-21T11:26:12.403+0000][1692266][info ][safepoint   ] Safepoint "G1CollectForAllocation", Time since last: 442028522515 ns, Reaching safepoint: 7912 ns, Cleanup: 2173 ns, At safepoint: 1906760 ns, Total: 1916845 ns
[2025-08-21T11:33:37.195+0000][1692266][info ][gc,start    ] GC(495) Pause Young (Normal) (G1 Evacuation Pause)
[2025-08-21T11:33:37.195+0000][1692266][info ][gc,task     ] GC(495) Using 1 workers of 1 for evacuation
[2025-08-21T11:33:37.195+0000][1692266][debug][gc,age      ] GC(495) Desired survivor size 20971520 bytes, new threshold 15 (max threshold 15)
[2025-08-21T11:33:37.196+0000][1692266][info ][gc,phases   ] GC(495)   Pre Evacuate Collection Set: 0.1ms
[2025-08-21T11:33:37.196+0000][1692266][info ][gc,phases   ] GC(495)   Merge Heap Roots: 0.0ms
[2025-08-21T11:33:37.196+0000][1692266][info ][gc,phases   ] GC(495)   Evacuate Collection Set: 0.7ms
[2025-08-21T11:33:37.196+0000][1692266][info ][gc,phases   ] GC(495)   Post Evacuate Collection Set: 0.7ms
[2025-08-21T11:33:37.196+0000][1692266][info ][gc,phases   ] GC(495)   Other: 0.0ms
[2025-08-21T11:33:37.196+0000][1692266][trace][gc,age      ] GC(495) Age table with threshold 15 (max threshold 15)
[2025-08-21T11:33:37.196+0000][1692266][trace][gc,age      ] GC(495) - age   1:      18536 bytes,      18536 total
[2025-08-21T11:33:37.196+0000][1692266][trace][gc,age      ] GC(495) - age   2:        664 bytes,      19200 total
[2025-08-21T11:33:37.196+0000][1692266][trace][gc,age      ] GC(495) - age   6:        320 bytes,      19520 total
[2025-08-21T11:33:37.196+0000][1692266][trace][gc,age      ] GC(495) - age   7:        912 bytes,      20432 total
[2025-08-21T11:33:37.196+0000][1692266][info ][gc,heap     ] GC(495) Eden regions: 75->0(75)
[2025-08-21T11:33:37.196+0000][1692266][info ][gc,heap     ] GC(495) Survivor regions: 1->1(10)
[2025-08-21T11:33:37.196+0000][1692266][info ][gc,heap     ] GC(495) Old regions: 22->22
[2025-08-21T11:33:37.196+0000][1692266][info ][gc,heap     ] GC(495) Humongous regions: 0->0
[2025-08-21T11:33:37.196+0000][1692266][info ][gc,metaspace] GC(495) Metaspace: 142078K(148544K)->142078K(148544K) NonClass: 123120K(127104K)->123120K(127104K) Class: 18957K(21440K)->18957K(21440K)
[2025-08-21T11:33:37.196+0000][1692266][info ][gc          ] GC(495) Pause Young (Normal) (G1 Evacuation Pause) 387M->87M(512M) 1.955ms
[2025-08-21T11:33:37.196+0000][1692266][info ][gc,cpu      ] GC(495) User=0.00s Sys=0.00s Real=0.01s
[2025-08-21T11:33:37.196+0000][1692266][info ][safepoint   ] Safepoint "G1CollectForAllocation", Time since last: 444791963093 ns, Reaching safepoint: 9154 ns, Cleanup: 3224 ns, At safepoint: 1990407 ns, Total: 2002785 ns
[2025-08-21T11:41:02.034+0000][1692266][info ][gc,start    ] GC(496) Pause Young (Normal) (G1 Evacuation Pause)
[2025-08-21T11:41:02.034+0000][1692266][info ][gc,task     ] GC(496) Using 1 workers of 1 for evacuation
[2025-08-21T11:41:02.034+0000][1692266][debug][gc,age      ] GC(496) Desired survivor size 20971520 bytes, new threshold 15 (max threshold 15)
[2025-08-21T11:41:02.036+0000][1692266][info ][gc,phases   ] GC(496)   Pre Evacuate Collection Set: 0.1ms
[2025-08-21T11:41:02.036+0000][1692266][info ][gc,phases   ] GC(496)   Merge Heap Roots: 0.0ms
[2025-08-21T11:41:02.036+0000][1692266][info ][gc,phases   ] GC(496)   Evacuate Collection Set: 0.7ms
[2025-08-21T11:41:02.036+0000][1692266][info ][gc,phases   ] GC(496)   Post Evacuate Collection Set: 0.7ms
[2025-08-21T11:41:02.036+0000][1692266][info ][gc,phases   ] GC(496)   Other: 0.0ms
[2025-08-21T11:41:02.036+0000][1692266][trace][gc,age      ] GC(496) Age table with threshold 15 (max threshold 15)
[2025-08-21T11:41:02.036+0000][1692266][trace][gc,age      ] GC(496) - age   1:     121320 bytes,     121320 total
[2025-08-21T11:41:02.036+0000][1692266][trace][gc,age      ] GC(496) - age   2:       4096 bytes,     125416 total
[2025-08-21T11:41:02.036+0000][1692266][trace][gc,age      ] GC(496) - age   7:        320 bytes,     125736 total
[2025-08-21T11:41:02.036+0000][1692266][trace][gc,age      ] GC(496) - age   8:        912 bytes,     126648 total
[2025-08-21T11:41:02.036+0000][1692266][info ][gc,heap     ] GC(496) Eden regions: 75->0(75)
[2025-08-21T11:41:02.036+0000][1692266][info ][gc,heap     ] GC(496) Survivor regions: 1->1(10)
[2025-08-21T11:41:02.036+0000][1692266][info ][gc,heap     ] GC(496) Old regions: 22->22
[2025-08-21T11:41:02.036+0000][1692266][info ][gc,heap     ] GC(496) Humongous regions: 0->0
[2025-08-21T11:41:02.036+0000][1692266][info ][gc,metaspace] GC(496) Metaspace: 142078K(148544K)->142078K(148544K) NonClass: 123120K(127104K)->123120K(127104K) Class: 18957K(21440K)->18957K(21440K)
[2025-08-21T11:41:02.036+0000][1692266][info ][gc          ] GC(496) Pause Young (Normal) (G1 Evacuation Pause) 387M->87M(512M) 1.987ms
[2025-08-21T11:41:02.036+0000][1692266][info ][gc,cpu      ] GC(496) User=0.00s Sys=0.00s Real=0.01s
[2025-08-21T11:41:02.036+0000][1692266][info ][safepoint   ] Safepoint "G1CollectForAllocation", Time since last: 444837098377 ns, Reaching safepoint: 8513 ns, Cleanup: 3725 ns, At safepoint: 2023657 ns, Total: 2035895 ns
[2025-08-21T11:48:25.272+0000][1692266][info ][gc,start    ] GC(497) Pause Young (Normal) (G1 Evacuation Pause)
[2025-08-21T11:48:25.272+0000][1692266][info ][gc,task     ] GC(497) Using 1 workers of 1 for evacuation
[2025-08-21T11:48:25.272+0000][1692266][debug][gc,age      ] GC(497) Desired survivor size 20971520 bytes, new threshold 15 (max threshold 15)
[2025-08-21T11:48:25.273+0000][1692266][info ][gc,phases   ] GC(497)   Pre Evacuate Collection Set: 0.0ms
[2025-08-21T11:48:25.273+0000][1692266][info ][gc,phases   ] GC(497)   Merge Heap Roots: 0.0ms
[2025-08-21T11:48:25.273+0000][1692266][info ][gc,phases   ] GC(497)   Evacuate Collection Set: 0.7ms
[2025-08-21T11:48:25.273+0000][1692266][info ][gc,phases   ] GC(497)   Post Evacuate Collection Set: 0.7ms
[2025-08-21T11:48:25.273+0000][1692266][info ][gc,phases   ] GC(497)   Other: 0.0ms
[2025-08-21T11:48:25.273+0000][1692266][trace][gc,age      ] GC(497) Age table with threshold 15 (max threshold 15)
[2025-08-21T11:48:25.273+0000][1692266][trace][gc,age      ] GC(497) - age   1:      50024 bytes,      50024 total
[2025-08-21T11:48:25.273+0000][1692266][trace][gc,age      ] GC(497) - age   2:        976 bytes,      51000 total
[2025-08-21T11:48:25.273+0000][1692266][trace][gc,age      ] GC(497) - age   3:       3968 bytes,      54968 total
[2025-08-21T11:48:25.273+0000][1692266][trace][gc,age      ] GC(497) - age   8:        320 bytes,      55288 total
[2025-08-21T11:48:25.273+0000][1692266][trace][gc,age      ] GC(497) - age   9:        912 bytes,      56200 total
[2025-08-21T11:48:25.273+0000][1692266][info ][gc,heap     ] GC(497) Eden regions: 75->0(75)
[2025-08-21T11:48:25.273+0000][1692266][info ][gc,heap     ] GC(497) Survivor regions: 1->1(10)
[2025-08-21T11:48:25.273+0000][1692266][info ][gc,heap     ] GC(497) Old regions: 22->22
[2025-08-21T11:48:25.273+0000][1692266][info ][gc,heap     ] GC(497) Humongous regions: 0->0
[2025-08-21T11:48:25.273+0000][1692266][info ][gc,metaspace] GC(497) Metaspace: 142078K(148544K)->142078K(148544K) NonClass: 123120K(127104K)->123120K(127104K) Class: 18957K(21440K)->18957K(21440K)
[2025-08-21T11:48:25.273+0000][1692266][info ][gc          ] GC(497) Pause Young (Normal) (G1 Evacuation Pause) 387M->87M(512M) 1.797ms
[2025-08-21T11:48:25.273+0000][1692266][info ][gc,cpu      ] GC(497) User=0.00s Sys=0.00s Real=0.00s
[2025-08-21T11:48:25.273+0000][1692266][info ][safepoint   ] Safepoint "G1CollectForAllocation", Time since last: 443235955631 ns, Reaching safepoint: 9524 ns, Cleanup: 3275 ns, At safepoint: 1834201 ns, Total: 1847000 ns
[2025-08-21T11:52:36.344+0000][1692266][info ][safepoint   ] Safepoint "Cleanup", Time since last: 251070719550 ns, Reaching safepoint: 30215 ns, Cleanup: 11247 ns, At safepoint: 2534 ns, Total: 43996 ns
[2025-08-21T11:53:37.357+0000][1692266][info ][safepoint   ] Safepoint "Cleanup", Time since last: 61012968985 ns, Reaching safepoint: 28544 ns, Cleanup: 11257 ns, At safepoint: 4657 ns, Total: 44458 ns
[2025-08-21T11:55:48.494+0000][1692266][info ][gc,start    ] GC(498) Pause Young (Normal) (G1 Evacuation Pause)
[2025-08-21T11:55:48.494+0000][1692266][info ][gc,task     ] GC(498) Using 1 workers of 1 for evacuation
[2025-08-21T11:55:48.494+0000][1692266][debug][gc,age      ] GC(498) Desired survivor size 20971520 bytes, new threshold 15 (max threshold 15)
[2025-08-21T11:55:48.496+0000][1692266][info ][gc,phases   ] GC(498)   Pre Evacuate Collection Set: 0.0ms
[2025-08-21T11:55:48.496+0000][1692266][info ][gc,phases   ] GC(498)   Merge Heap Roots: 0.0ms
[2025-08-21T11:55:48.496+0000][1692266][info ][gc,phases   ] GC(498)   Evacuate Collection Set: 0.7ms
[2025-08-21T11:55:48.496+0000][1692266][info ][gc,phases   ] GC(498)   Post Evacuate Collection Set: 1.0ms
[2025-08-21T11:55:48.496+0000][1692266][info ][gc,phases   ] GC(498)   Other: 0.2ms
[2025-08-21T11:55:48.496+0000][1692266][trace][gc,age      ] GC(498) Age table with threshold 15 (max threshold 15)
[2025-08-21T11:55:48.496+0000][1692266][trace][gc,age      ] GC(498) - age   1:      15648 bytes,      15648 total
[2025-08-21T11:55:48.496+0000][1692266][trace][gc,age      ] GC(498) - age   2:        112 bytes,      15760 total
[2025-08-21T11:55:48.496+0000][1692266][trace][gc,age      ] GC(498) - age   4:       3968 bytes,      19728 total
[2025-08-21T11:55:48.496+0000][1692266][trace][gc,age      ] GC(498) - age   9:        144 bytes,      19872 total
[2025-08-21T11:55:48.496+0000][1692266][trace][gc,age      ] GC(498) - age  10:        912 bytes,      20784 total
[2025-08-21T11:55:48.496+0000][1692266][info ][gc,heap     ] GC(498) Eden regions: 75->0(75)
[2025-08-21T11:55:48.496+0000][1692266][info ][gc,heap     ] GC(498) Survivor regions: 1->1(10)
[2025-08-21T11:55:48.496+0000][1692266][info ][gc,heap     ] GC(498) Old regions: 22->22
[2025-08-21T11:55:48.496+0000][1692266][info ][gc,heap     ] GC(498) Humongous regions: 0->0
[2025-08-21T11:55:48.496+0000][1692266][info ][gc,metaspace] GC(498) Metaspace: 142078K(148544K)->142078K(148544K) NonClass: 123120K(127104K)->123120K(127104K) Class: 18957K(21440K)->18957K(21440K)
[2025-08-21T11:55:48.496+0000][1692266][info ][gc          ] GC(498) Pause Young (Normal) (G1 Evacuation Pause) 387M->87M(512M) 2.186ms
[2025-08-21T11:55:48.496+0000][1692266][info ][gc,cpu      ] GC(498) User=0.00s Sys=0.00s Real=0.01s
[2025-08-21T11:55:48.496+0000][1692266][info ][safepoint   ] Safepoint "G1CollectForAllocation", Time since last: 131136421556 ns, Reaching safepoint: 8844 ns, Cleanup: 2553 ns, At safepoint: 2220855 ns, Total: 2232252 ns
[2025-08-21T12:00:58.536+0000][1692266][info ][safepoint   ] Safepoint "Cleanup", Time since last: 310039885293 ns, Reaching safepoint: 7211 ns, Cleanup: 11948 ns, At safepoint: 25709 ns, Total: 44868 ns
[2025-08-21T12:03:11.984+0000][1692266][info ][gc,start    ] GC(499) Pause Young (Normal) (G1 Evacuation Pause)
[2025-08-21T12:03:11.984+0000][1692266][info ][gc,task     ] GC(499) Using 1 workers of 1 for evacuation
[2025-08-21T12:03:11.984+0000][1692266][debug][gc,age      ] GC(499) Desired survivor size 20971520 bytes, new threshold 15 (max threshold 15)
[2025-08-21T12:03:11.986+0000][1692266][info ][gc,phases   ] GC(499)   Pre Evacuate Collection Set: 0.1ms
[2025-08-21T12:03:11.986+0000][1692266][info ][gc,phases   ] GC(499)   Merge Heap Roots: 0.0ms
[2025-08-21T12:03:11.986+0000][1692266][info ][gc,phases   ] GC(499)   Evacuate Collection Set: 0.8ms
[2025-08-21T12:03:11.986+0000][1692266][info ][gc,phases   ] GC(499)   Post Evacuate Collection Set: 0.7ms
[2025-08-21T12:03:11.986+0000][1692266][info ][gc,phases   ] GC(499)   Other: 0.0ms
[2025-08-21T12:03:11.986+0000][1692266][trace][gc,age      ] GC(499) Age table with threshold 15 (max threshold 15)
[2025-08-21T12:03:11.986+0000][1692266][trace][gc,age      ] GC(499) - age   1:     102760 bytes,     102760 total
[2025-08-21T12:03:11.986+0000][1692266][trace][gc,age      ] GC(499) - age   2:        936 bytes,     103696 total
[2025-08-21T12:03:11.986+0000][1692266][trace][gc,age      ] GC(499) - age   5:       3968 bytes,     107664 total
[2025-08-21T12:03:11.986+0000][1692266][trace][gc,age      ] GC(499) - age  10:        144 bytes,     107808 total
[2025-08-21T12:03:11.986+0000][1692266][trace][gc,age      ] GC(499) - age  11:        912 bytes,     108720 total
[2025-08-21T12:03:11.986+0000][1692266][info ][gc,heap     ] GC(499) Eden regions: 75->0(75)
[2025-08-21T12:03:11.986+0000][1692266][info ][gc,heap     ] GC(499) Survivor regions: 1->1(10)
[2025-08-21T12:03:11.986+0000][1692266][info ][gc,heap     ] GC(499) Old regions: 22->22
[2025-08-21T12:03:11.986+0000][1692266][info ][gc,heap     ] GC(499) Humongous regions: 0->0
[2025-08-21T12:03:11.986+0000][1692266][info ][gc,metaspace] GC(499) Metaspace: 142078K(148544K)->142078K(148544K) NonClass: 123120K(127104K)->123120K(127104K) Class: 18957K(21440K)->18957K(21440K)
[2025-08-21T12:03:11.986+0000][1692266][info ][gc          ] GC(499) Pause Young (Normal) (G1 Evacuation Pause) 387M->87M(512M) 1.911ms
[2025-08-21T12:03:11.986+0000][1692266][info ][gc,cpu      ] GC(499) User=0.00s Sys=0.00s Real=0.01s
[2025-08-21T12:03:11.986+0000][1692266][info ][safepoint   ] Safepoint "G1CollectForAllocation", Time since last: 133448326039 ns, Reaching safepoint: 8432 ns, Cleanup: 3265 ns, At safepoint: 1948434 ns, Total: 1960131 ns
[2025-08-21T12:10:36.907+0000][1692266][info ][gc,start    ] GC(500) Pause Young (Normal) (G1 Evacuation Pause)
[2025-08-21T12:10:36.908+0000][1692266][info ][gc,task     ] GC(500) Using 1 workers of 1 for evacuation
[2025-08-21T12:10:36.908+0000][1692266][debug][gc,age      ] GC(500) Desired survivor size 20971520 bytes, new threshold 15 (max threshold 15)
[2025-08-21T12:10:36.910+0000][1692266][info ][gc,phases   ] GC(500)   Pre Evacuate Collection Set: 0.0ms
[2025-08-21T12:10:36.910+0000][1692266][info ][gc,phases   ] GC(500)   Merge Heap Roots: 0.0ms
[2025-08-21T12:10:36.910+0000][1692266][info ][gc,phases   ] GC(500)   Evacuate Collection Set: 0.9ms
[2025-08-21T12:10:36.910+0000][1692266][info ][gc,phases   ] GC(500)   Post Evacuate Collection Set: 0.7ms
[2025-08-21T12:10:36.910+0000][1692266][info ][gc,phases   ] GC(500)   Other: 0.4ms
[2025-08-21T12:10:36.910+0000][1692266][trace][gc,age      ] GC(500) Age table with threshold 15 (max threshold 15)
[2025-08-21T12:10:36.910+0000][1692266][trace][gc,age      ] GC(500) - age   1:      21488 bytes,      21488 total
[2025-08-21T12:10:36.910+0000][1692266][trace][gc,age      ] GC(500) - age   2:        552 bytes,      22040 total
[2025-08-21T12:10:36.910+0000][1692266][trace][gc,age      ] GC(500) - age   3:        384 bytes,      22424 total
[2025-08-21T12:10:36.910+0000][1692266][trace][gc,age      ] GC(500) - age   6:       3968 bytes,      26392 total
[2025-08-21T12:10:36.910+0000][1692266][trace][gc,age      ] GC(500) - age  11:        144 bytes,      26536 total
[2025-08-21T12:10:36.910+0000][1692266][trace][gc,age      ] GC(500) - age  12:        912 bytes,      27448 total
[2025-08-21T12:10:36.910+0000][1692266][info ][gc,heap     ] GC(500) Eden regions: 75->0(75)
[2025-08-21T12:10:36.910+0000][1692266][info ][gc,heap     ] GC(500) Survivor regions: 1->1(10)
[2025-08-21T12:10:36.910+0000][1692266][info ][gc,heap     ] GC(500) Old regions: 22->22
[2025-08-21T12:10:36.910+0000][1692266][info ][gc,heap     ] GC(500) Humongous regions: 0->0
[2025-08-21T12:10:36.910+0000][1692266][info ][gc,metaspace] GC(500) Metaspace: 142078K(148544K)->142078K(148544K) NonClass: 123121K(127104K)->123121K(127104K) Class: 18957K(21440K)->18957K(21440K)
[2025-08-21T12:10:36.910+0000][1692266][info ][gc          ] GC(500) Pause Young (Normal) (G1 Evacuation Pause) 387M->87M(512M) 2.654ms
[2025-08-21T12:10:36.910+0000][1692266][info ][gc,cpu      ] GC(500) User=0.00s Sys=0.00s Real=0.00s
[2025-08-21T12:10:36.910+0000][1692266][info ][safepoint   ] Safepoint "G1CollectForAllocation", Time since last: 444921020420 ns, Reaching safepoint: 8813 ns, Cleanup: 2764 ns, At safepoint: 2690945 ns, Total: 2702522 ns
[2025-08-21T12:16:22.966+0000][1692266][info ][safepoint   ] Safepoint "Cleanup", Time since last: 346056103478 ns, Reaching safepoint: 36014 ns, Cleanup: 11027 ns, At safepoint: 4416 ns, Total: 51457 ns
[2025-08-21T12:17:59.314+0000][1692266][info ][gc,start    ] GC(501) Pause Young (Normal) (G1 Evacuation Pause)
[2025-08-21T12:17:59.314+0000][1692266][info ][gc,task     ] GC(501) Using 1 workers of 1 for evacuation
[2025-08-21T12:17:59.314+0000][1692266][debug][gc,age      ] GC(501) Desired survivor size 20971520 bytes, new threshold 15 (max threshold 15)
[2025-08-21T12:17:59.316+0000][1692266][info ][gc,phases   ] GC(501)   Pre Evacuate Collection Set: 0.0ms
[2025-08-21T12:17:59.316+0000][1692266][info ][gc,phases   ] GC(501)   Merge Heap Roots: 0.0ms
[2025-08-21T12:17:59.316+0000][1692266][info ][gc,phases   ] GC(501)   Evacuate Collection Set: 0.7ms
[2025-08-21T12:17:59.316+0000][1692266][info ][gc,phases   ] GC(501)   Post Evacuate Collection Set: 0.8ms
[2025-08-21T12:17:59.316+0000][1692266][info ][gc,phases   ] GC(501)   Other: 0.0ms
[2025-08-21T12:17:59.316+0000][1692266][trace][gc,age      ] GC(501) Age table with threshold 15 (max threshold 15)
[2025-08-21T12:17:59.316+0000][1692266][trace][gc,age      ] GC(501) - age   1:      16296 bytes,      16296 total
[2025-08-21T12:17:59.316+0000][1692266][trace][gc,age      ] GC(501) - age   2:        552 bytes,      16848 total
[2025-08-21T12:17:59.316+0000][1692266][trace][gc,age      ] GC(501) - age   4:        384 bytes,      17232 total
[2025-08-21T12:17:59.316+0000][1692266][trace][gc,age      ] GC(501) - age   7:       3968 bytes,      21200 total
[2025-08-21T12:17:59.316+0000][1692266][trace][gc,age      ] GC(501) - age  12:        144 bytes,      21344 total
[2025-08-21T12:17:59.316+0000][1692266][trace][gc,age      ] GC(501) - age  13:        912 bytes,      22256 total
[2025-08-21T12:17:59.316+0000][1692266][info ][gc,heap     ] GC(501) Eden regions: 75->0(75)
[2025-08-21T12:17:59.316+0000][1692266][info ][gc,heap     ] GC(501) Survivor regions: 1->1(10)
[2025-08-21T12:17:59.316+0000][1692266][info ][gc,heap     ] GC(501) Old regions: 22->22
[2025-08-21T12:17:59.316+0000][1692266][info ][gc,heap     ] GC(501) Humongous regions: 0->0
[2025-08-21T12:17:59.316+0000][1692266][info ][gc,metaspace] GC(501) Metaspace: 142078K(148544K)->142078K(148544K) NonClass: 123121K(127104K)->123121K(127104K) Class: 18957K(21440K)->18957K(21440K)
[2025-08-21T12:17:59.316+0000][1692266][info ][gc          ] GC(501) Pause Young (Normal) (G1 Evacuation Pause) 387M->87M(512M) 1.878ms
[2025-08-21T12:17:59.316+0000][1692266][info ][gc,cpu      ] GC(501) User=0.00s Sys=0.00s Real=0.01s
[2025-08-21T12:17:59.316+0000][1692266][info ][safepoint   ] Safepoint "G1CollectForAllocation", Time since last: 96348267172 ns, Reaching safepoint: 8463 ns, Cleanup: 2404 ns, At safepoint: 1916865 ns, Total: 1927732 ns
[2025-08-21T12:25:24.589+0000][1692266][info ][gc,start    ] GC(502) Pause Young (Normal) (G1 Evacuation Pause)
[2025-08-21T12:25:24.589+0000][1692266][info ][gc,task     ] GC(502) Using 1 workers of 1 for evacuation
[2025-08-21T12:25:24.589+0000][1692266][debug][gc,age      ] GC(502) Desired survivor size 20971520 bytes, new threshold 15 (max threshold 15)
[2025-08-21T12:25:24.591+0000][1692266][info ][gc,phases   ] GC(502)   Pre Evacuate Collection Set: 0.1ms
[2025-08-21T12:25:24.591+0000][1692266][info ][gc,phases   ] GC(502)   Merge Heap Roots: 0.0ms
[2025-08-21T12:25:24.591+0000][1692266][info ][gc,phases   ] GC(502)   Evacuate Collection Set: 0.7ms
[2025-08-21T12:25:24.591+0000][1692266][info ][gc,phases   ] GC(502)   Post Evacuate Collection Set: 1.0ms
[2025-08-21T12:25:24.591+0000][1692266][info ][gc,phases   ] GC(502)   Other: 0.0ms
[2025-08-21T12:25:24.591+0000][1692266][trace][gc,age      ] GC(502) Age table with threshold 15 (max threshold 15)
[2025-08-21T12:25:24.591+0000][1692266][trace][gc,age      ] GC(502) - age   1:      16968 bytes,      16968 total
[2025-08-21T12:25:24.591+0000][1692266][trace][gc,age      ] GC(502) - age   2:        112 bytes,      17080 total
[2025-08-21T12:25:24.591+0000][1692266][trace][gc,age      ] GC(502) - age   5:        384 bytes,      17464 total
[2025-08-21T12:25:24.591+0000][1692266][trace][gc,age      ] GC(502) - age   8:       3968 bytes,      21432 total
[2025-08-21T12:25:24.591+0000][1692266][trace][gc,age      ] GC(502) - age  13:        144 bytes,      21576 total
[2025-08-21T12:25:24.591+0000][1692266][trace][gc,age      ] GC(502) - age  14:        912 bytes,      22488 total
[2025-08-21T12:25:24.591+0000][1692266][info ][gc,heap     ] GC(502) Eden regions: 75->0(75)
[2025-08-21T12:25:24.591+0000][1692266][info ][gc,heap     ] GC(502) Survivor regions: 1->1(10)
[2025-08-21T12:25:24.591+0000][1692266][info ][gc,heap     ] GC(502) Old regions: 22->22
[2025-08-21T12:25:24.591+0000][1692266][info ][gc,heap     ] GC(502) Humongous regions: 0->0
[2025-08-21T12:25:24.591+0000][1692266][info ][gc,metaspace] GC(502) Metaspace: 142078K(148544K)->142078K(148544K) NonClass: 123121K(127104K)->123121K(127104K) Class: 18957K(21440K)->18957K(21440K)
[2025-08-21T12:25:24.591+0000][1692266][info ][gc          ] GC(502) Pause Young (Normal) (G1 Evacuation Pause) 387M->87M(512M) 2.028ms
[2025-08-21T12:25:24.591+0000][1692266][info ][gc,cpu      ] GC(502) User=0.01s Sys=0.00s Real=0.00s
[2025-08-21T12:25:24.591+0000][1692266][info ][safepoint   ] Safepoint "G1CollectForAllocation", Time since last: 445272545199 ns, Reaching safepoint: 8462 ns, Cleanup: 2544 ns, At safepoint: 2066411 ns, Total: 2077417 ns
[2025-08-21T12:32:48.824+0000][1692266][info ][gc,start    ] GC(503) Pause Young (Normal) (G1 Evacuation Pause)
[2025-08-21T12:32:48.825+0000][1692266][info ][gc,task     ] GC(503) Using 1 workers of 1 for evacuation
[2025-08-21T12:32:48.825+0000][1692266][debug][gc,age      ] GC(503) Desired survivor size 20971520 bytes, new threshold 15 (max threshold 15)
[2025-08-21T12:32:48.826+0000][1692266][info ][gc,phases   ] GC(503)   Pre Evacuate Collection Set: 0.1ms
[2025-08-21T12:32:48.826+0000][1692266][info ][gc,phases   ] GC(503)   Merge Heap Roots: 0.0ms
[2025-08-21T12:32:48.826+0000][1692266][info ][gc,phases   ] GC(503)   Evacuate Collection Set: 0.7ms
[2025-08-21T12:32:48.826+0000][1692266][info ][gc,phases   ] GC(503)   Post Evacuate Collection Set: 0.7ms
[2025-08-21T12:32:48.826+0000][1692266][info ][gc,phases   ] GC(503)   Other: 0.0ms
[2025-08-21T12:32:48.826+0000][1692266][trace][gc,age      ] GC(503) Age table with threshold 15 (max threshold 15)
[2025-08-21T12:32:48.826+0000][1692266][trace][gc,age      ] GC(503) - age   1:      14816 bytes,      14816 total
[2025-08-21T12:32:48.826+0000][1692266][trace][gc,age      ] GC(503) - age   2:        552 bytes,      15368 total
[2025-08-21T12:32:48.826+0000][1692266][trace][gc,age      ] GC(503) - age   6:        384 bytes,      15752 total
[2025-08-21T12:32:48.826+0000][1692266][trace][gc,age      ] GC(503) - age   9:       3968 bytes,      19720 total
[2025-08-21T12:32:48.826+0000][1692266][trace][gc,age      ] GC(503) - age  14:        144 bytes,      19864 total
[2025-08-21T12:32:48.826+0000][1692266][trace][gc,age      ] GC(503) - age  15:        912 bytes,      20776 total
[2025-08-21T12:32:48.826+0000][1692266][info ][gc,heap     ] GC(503) Eden regions: 75->0(75)
[2025-08-21T12:32:48.826+0000][1692266][info ][gc,heap     ] GC(503) Survivor regions: 1->1(10)
[2025-08-21T12:32:48.826+0000][1692266][info ][gc,heap     ] GC(503) Old regions: 22->22
[2025-08-21T12:32:48.826+0000][1692266][info ][gc,heap     ] GC(503) Humongous regions: 0->0
[2025-08-21T12:32:48.826+0000][1692266][info ][gc,metaspace] GC(503) Metaspace: 142078K(148544K)->142078K(148544K) NonClass: 123121K(127104K)->123121K(127104K) Class: 18957K(21440K)->18957K(21440K)
[2025-08-21T12:32:48.826+0000][1692266][info ][gc          ] GC(503) Pause Young (Normal) (G1 Evacuation Pause) 387M->87M(512M) 2.008ms
[2025-08-21T12:32:48.826+0000][1692266][info ][gc,cpu      ] GC(503) User=0.00s Sys=0.00s Real=0.01s
[2025-08-21T12:32:48.826+0000][1692266][info ][safepoint   ] Safepoint "G1CollectForAllocation", Time since last: 444233391973 ns, Reaching safepoint: 8913 ns, Cleanup: 3265 ns, At safepoint: 2046130 ns, Total: 2058308 ns
[2025-08-21T12:40:11.151+0000][1692266][info ][gc,start    ] GC(504) Pause Young (Normal) (G1 Evacuation Pause)
[2025-08-21T12:40:11.152+0000][1692266][info ][gc,task     ] GC(504) Using 1 workers of 1 for evacuation
[2025-08-21T12:40:11.152+0000][1692266][debug][gc,age      ] GC(504) Desired survivor size 20971520 bytes, new threshold 15 (max threshold 15)
[2025-08-21T12:40:11.153+0000][1692266][info ][gc,phases   ] GC(504)   Pre Evacuate Collection Set: 0.0ms
[2025-08-21T12:40:11.153+0000][1692266][info ][gc,phases   ] GC(504)   Merge Heap Roots: 0.0ms
[2025-08-21T12:40:11.153+0000][1692266][info ][gc,phases   ] GC(504)   Evacuate Collection Set: 0.7ms
[2025-08-21T12:40:11.153+0000][1692266][info ][gc,phases   ] GC(504)   Post Evacuate Collection Set: 0.7ms
[2025-08-21T12:40:11.153+0000][1692266][info ][gc,phases   ] GC(504)   Other: 0.0ms
[2025-08-21T12:40:11.153+0000][1692266][trace][gc,age      ] GC(504) Age table with threshold 15 (max threshold 15)
[2025-08-21T12:40:11.153+0000][1692266][trace][gc,age      ] GC(504) - age   1:      14640 bytes,      14640 total
[2025-08-21T12:40:11.153+0000][1692266][trace][gc,age      ] GC(504) - age   2:        552 bytes,      15192 total
[2025-08-21T12:40:11.153+0000][1692266][trace][gc,age      ] GC(504) - age   7:        384 bytes,      15576 total
[2025-08-21T12:40:11.153+0000][1692266][trace][gc,age      ] GC(504) - age  10:       3968 bytes,      19544 total
[2025-08-21T12:40:11.153+0000][1692266][trace][gc,age      ] GC(504) - age  15:        144 bytes,      19688 total
[2025-08-21T12:40:11.153+0000][1692266][info ][gc,heap     ] GC(504) Eden regions: 75->0(75)
[2025-08-21T12:40:11.153+0000][1692266][info ][gc,heap     ] GC(504) Survivor regions: 1->1(10)
[2025-08-21T12:40:11.153+0000][1692266][info ][gc,heap     ] GC(504) Old regions: 22->22
[2025-08-21T12:40:11.153+0000][1692266][info ][gc,heap     ] GC(504) Humongous regions: 0->0
[2025-08-21T12:40:11.153+0000][1692266][info ][gc,metaspace] GC(504) Metaspace: 142078K(148544K)->142078K(148544K) NonClass: 123121K(127104K)->123121K(127104K) Class: 18957K(21440K)->18957K(21440K)
[2025-08-21T12:40:11.153+0000][1692266][info ][gc          ] GC(504) Pause Young (Normal) (G1 Evacuation Pause) 387M->87M(512M) 2.061ms
[2025-08-21T12:40:11.153+0000][1692266][info ][gc,cpu      ] GC(504) User=0.00s Sys=0.00s Real=0.00s
[2025-08-21T12:40:11.153+0000][1692266][info ][safepoint   ] Safepoint "G1CollectForAllocation", Time since last: 442325109827 ns, Reaching safepoint: 9575 ns, Cleanup: 3315 ns, At safepoint: 2101543 ns, Total: 2114433 ns
[2025-08-21T12:47:35.426+0000][1692266][info ][gc,start    ] GC(505) Pause Young (Normal) (G1 Evacuation Pause)
[2025-08-21T12:47:35.426+0000][1692266][info ][gc,task     ] GC(505) Using 1 workers of 1 for evacuation
[2025-08-21T12:47:35.426+0000][1692266][debug][gc,age      ] GC(505) Desired survivor size 20971520 bytes, new threshold 15 (max threshold 15)
[2025-08-21T12:47:35.428+0000][1692266][info ][gc,phases   ] GC(505)   Pre Evacuate Collection Set: 0.0ms
[2025-08-21T12:47:35.428+0000][1692266][info ][gc,phases   ] GC(505)   Merge Heap Roots: 0.0ms
[2025-08-21T12:47:35.428+0000][1692266][info ][gc,phases   ] GC(505)   Evacuate Collection Set: 0.7ms
[2025-08-21T12:47:35.428+0000][1692266][info ][gc,phases   ] GC(505)   Post Evacuate Collection Set: 0.8ms
[2025-08-21T12:47:35.428+0000][1692266][info ][gc,phases   ] GC(505)   Other: 0.0ms
[2025-08-21T12:47:35.428+0000][1692266][trace][gc,age      ] GC(505) Age table with threshold 15 (max threshold 15)
[2025-08-21T12:47:35.428+0000][1692266][trace][gc,age      ] GC(505) - age   1:      16448 bytes,      16448 total
[2025-08-21T12:47:35.428+0000][1692266][trace][gc,age      ] GC(505) - age   2:        552 bytes,      17000 total
[2025-08-21T12:47:35.428+0000][1692266][trace][gc,age      ] GC(505) - age   8:        384 bytes,      17384 total
[2025-08-21T12:47:35.428+0000][1692266][trace][gc,age      ] GC(505) - age  11:       3968 bytes,      21352 total
[2025-08-21T12:47:35.428+0000][1692266][info ][gc,heap     ] GC(505) Eden regions: 75->0(75)
[2025-08-21T12:47:35.428+0000][1692266][info ][gc,heap     ] GC(505) Survivor regions: 1->1(10)
[2025-08-21T12:47:35.428+0000][1692266][info ][gc,heap     ] GC(505) Old regions: 22->22
[2025-08-21T12:47:35.428+0000][1692266][info ][gc,heap     ] GC(505) Humongous regions: 0->0
[2025-08-21T12:47:35.428+0000][1692266][info ][gc,metaspace] GC(505) Metaspace: 142078K(148544K)->142078K(148544K) NonClass: 123121K(127104K)->123121K(127104K) Class: 18957K(21440K)->18957K(21440K)
[2025-08-21T12:47:35.428+0000][1692266][info ][gc          ] GC(505) Pause Young (Normal) (G1 Evacuation Pause) 387M->87M(512M) 1.771ms
[2025-08-21T12:47:35.428+0000][1692266][info ][gc,cpu      ] GC(505) User=0.01s Sys=0.01s Real=0.00s
[2025-08-21T12:47:35.428+0000][1692266][info ][safepoint   ] Safepoint "G1CollectForAllocation", Time since last: 444272793749 ns, Reaching safepoint: 5679 ns, Cleanup: 2393 ns, At safepoint: 1809363 ns, Total: 1817435 ns
[2025-08-21T12:53:09.453+0000][1692266][info ][safepoint   ] Safepoint "Cleanup", Time since last: 334025218179 ns, Reaching safepoint: 34752 ns, Cleanup: 11017 ns, At safepoint: 4587 ns, Total: 50356 ns
[2025-08-21T12:54:58.320+0000][1692266][info ][gc,start    ] GC(506) Pause Young (Normal) (G1 Evacuation Pause)
[2025-08-21T12:54:58.321+0000][1692266][info ][gc,task     ] GC(506) Using 1 workers of 1 for evacuation
[2025-08-21T12:54:58.321+0000][1692266][debug][gc,age      ] GC(506) Desired survivor size 20971520 bytes, new threshold 15 (max threshold 15)
[2025-08-21T12:54:58.322+0000][1692266][info ][gc,phases   ] GC(506)   Pre Evacuate Collection Set: 0.0ms
[2025-08-21T12:54:58.322+0000][1692266][info ][gc,phases   ] GC(506)   Merge Heap Roots: 0.0ms
[2025-08-21T12:54:58.322+0000][1692266][info ][gc,phases   ] GC(506)   Evacuate Collection Set: 0.6ms
[2025-08-21T12:54:58.322+0000][1692266][info ][gc,phases   ] GC(506)   Post Evacuate Collection Set: 0.7ms
[2025-08-21T12:54:58.322+0000][1692266][info ][gc,phases   ] GC(506)   Other: 0.0ms
[2025-08-21T12:54:58.322+0000][1692266][trace][gc,age      ] GC(506) Age table with threshold 15 (max threshold 15)
[2025-08-21T12:54:58.322+0000][1692266][trace][gc,age      ] GC(506) - age   1:      15336 bytes,      15336 total
[2025-08-21T12:54:58.322+0000][1692266][trace][gc,age      ] GC(506) - age   2:        112 bytes,      15448 total
[2025-08-21T12:54:58.322+0000][1692266][trace][gc,age      ] GC(506) - age   9:        208 bytes,      15656 total
[2025-08-21T12:54:58.322+0000][1692266][trace][gc,age      ] GC(506) - age  12:       3968 bytes,      19624 total
[2025-08-21T12:54:58.322+0000][1692266][info ][gc,heap     ] GC(506) Eden regions: 75->0(75)
[2025-08-21T12:54:58.322+0000][1692266][info ][gc,heap     ] GC(506) Survivor regions: 1->1(10)
[2025-08-21T12:54:58.322+0000][1692266][info ][gc,heap     ] GC(506) Old regions: 22->22
[2025-08-21T12:54:58.322+0000][1692266][info ][gc,heap     ] GC(506) Humongous regions: 0->0
[2025-08-21T12:54:58.322+0000][1692266][info ][gc,metaspace] GC(506) Metaspace: 142078K(148544K)->142078K(148544K) NonClass: 123121K(127104K)->123121K(127104K) Class: 18957K(21440K)->18957K(21440K)
[2025-08-21T12:54:58.322+0000][1692266][info ][gc          ] GC(506) Pause Young (Normal) (G1 Evacuation Pause) 387M->87M(512M) 2.081ms
[2025-08-21T12:54:58.322+0000][1692266][info ][gc,cpu      ] GC(506) User=0.00s Sys=0.00s Real=0.00s
[2025-08-21T12:54:58.322+0000][1692266][info ][safepoint   ] Safepoint "G1CollectForAllocation", Time since last: 108867008064 ns, Reaching safepoint: 10045 ns, Cleanup: 3215 ns, At safepoint: 2131218 ns, Total: 2144478 ns
[2025-08-21T12:58:39.355+0000][1692266][info ][safepoint   ] Safepoint "Cleanup", Time since last: 221032601161 ns, Reaching safepoint: 41583 ns, Cleanup: 8593 ns, At safepoint: 4467 ns, Total: 54643 ns
[2025-08-21T13:02:23.393+0000][1692266][info ][gc,start    ] GC(507) Pause Young (Normal) (G1 Evacuation Pause)
[2025-08-21T13:02:23.640+0000][1692266][info ][gc,task     ] GC(507) Using 1 workers of 1 for evacuation
[2025-08-21T13:02:23.640+0000][1692266][debug][gc,age      ] GC(507) Desired survivor size 20971520 bytes, new threshold 15 (max threshold 15)
[2025-08-21T13:02:23.642+0000][1692266][info ][gc,phases   ] GC(507)   Pre Evacuate Collection Set: 0.1ms
[2025-08-21T13:02:23.642+0000][1692266][info ][gc,phases   ] GC(507)   Merge Heap Roots: 0.0ms
[2025-08-21T13:02:23.642+0000][1692266][info ][gc,phases   ] GC(507)   Evacuate Collection Set: 0.7ms
[2025-08-21T13:02:23.642+0000][1692266][info ][gc,phases   ] GC(507)   Post Evacuate Collection Set: 0.8ms
[2025-08-21T13:02:23.642+0000][1692266][info ][gc,phases   ] GC(507)   Other: 0.1ms
[2025-08-21T13:02:23.642+0000][1692266][trace][gc,age      ] GC(507) Age table with threshold 15 (max threshold 15)
[2025-08-21T13:02:23.642+0000][1692266][trace][gc,age      ] GC(507) - age   1:      15160 bytes,      15160 total
[2025-08-21T13:02:23.642+0000][1692266][trace][gc,age      ] GC(507) - age   2:        728 bytes,      15888 total
[2025-08-21T13:02:23.642+0000][1692266][trace][gc,age      ] GC(507) - age  10:        208 bytes,      16096 total
[2025-08-21T13:02:23.642+0000][1692266][trace][gc,age      ] GC(507) - age  13:       3968 bytes,      20064 total
[2025-08-21T13:02:23.642+0000][1692266][info ][gc,heap     ] GC(507) Eden regions: 75->0(75)
[2025-08-21T13:02:23.642+0000][1692266][info ][gc,heap     ] GC(507) Survivor regions: 1->1(10)
[2025-08-21T13:02:23.642+0000][1692266][info ][gc,heap     ] GC(507) Old regions: 22->22
[2025-08-21T13:02:23.642+0000][1692266][info ][gc,heap     ] GC(507) Humongous regions: 0->0
[2025-08-21T13:02:23.642+0000][1692266][info ][gc,metaspace] GC(507) Metaspace: 142078K(148544K)->142078K(148544K) NonClass: 123121K(127104K)->123121K(127104K) Class: 18957K(21440K)->18957K(21440K)
[2025-08-21T13:02:23.642+0000][1692266][info ][gc          ] GC(507) Pause Young (Normal) (G1 Evacuation Pause) 387M->87M(512M) 248.839ms
[2025-08-21T13:02:23.642+0000][1692266][info ][gc,cpu      ] GC(507) User=0.01s Sys=0.00s Real=0.25s
[2025-08-21T13:02:23.642+0000][1692266][info ][safepoint   ] Safepoint "G1CollectForAllocation", Time since last: 224037968052 ns, Reaching safepoint: 7972 ns, Cleanup: 2043 ns, At safepoint: 248898192 ns, Total: 248908207 ns
[2025-08-21T13:09:47.329+0000][1692266][info ][gc,start    ] GC(508) Pause Young (Normal) (G1 Evacuation Pause)
[2025-08-21T13:09:47.329+0000][1692266][info ][gc,task     ] GC(508) Using 1 workers of 1 for evacuation
[2025-08-21T13:09:47.329+0000][1692266][debug][gc,age      ] GC(508) Desired survivor size 20971520 bytes, new threshold 15 (max threshold 15)
[2025-08-21T13:09:47.331+0000][1692266][info ][gc,phases   ] GC(508)   Pre Evacuate Collection Set: 0.0ms
[2025-08-21T13:09:47.331+0000][1692266][info ][gc,phases   ] GC(508)   Merge Heap Roots: 0.0ms
[2025-08-21T13:09:47.331+0000][1692266][info ][gc,phases   ] GC(508)   Evacuate Collection Set: 0.7ms
[2025-08-21T13:09:47.331+0000][1692266][info ][gc,phases   ] GC(508)   Post Evacuate Collection Set: 0.8ms
[2025-08-21T13:09:47.331+0000][1692266][info ][gc,phases   ] GC(508)   Other: 0.0ms
[2025-08-21T13:09:47.331+0000][1692266][trace][gc,age      ] GC(508) Age table with threshold 15 (max threshold 15)
[2025-08-21T13:09:47.331+0000][1692266][trace][gc,age      ] GC(508) - age   1:      33720 bytes,      33720 total
[2025-08-21T13:09:47.331+0000][1692266][trace][gc,age      ] GC(508) - age   2:        920 bytes,      34640 total
[2025-08-21T13:09:47.331+0000][1692266][trace][gc,age      ] GC(508) - age   3:        176 bytes,      34816 total
[2025-08-21T13:09:47.331+0000][1692266][trace][gc,age      ] GC(508) - age  11:        208 bytes,      35024 total
[2025-08-21T13:09:47.331+0000][1692266][trace][gc,age      ] GC(508) - age  14:       3968 bytes,      38992 total
[2025-08-21T13:09:47.331+0000][1692266][info ][gc,heap     ] GC(508) Eden regions: 75->0(75)
[2025-08-21T13:09:47.331+0000][1692266][info ][gc,heap     ] GC(508) Survivor regions: 1->1(10)
[2025-08-21T13:09:47.331+0000][1692266][info ][gc,heap     ] GC(508) Old regions: 22->22
[2025-08-21T13:09:47.331+0000][1692266][info ][gc,heap     ] GC(508) Humongous regions: 0->0
[2025-08-21T13:09:47.331+0000][1692266][info ][gc,metaspace] GC(508) Metaspace: 142078K(148544K)->142078K(148544K) NonClass: 123121K(127104K)->123121K(127104K) Class: 18957K(21440K)->18957K(21440K)
[2025-08-21T13:09:47.331+0000][1692266][info ][gc          ] GC(508) Pause Young (Normal) (G1 Evacuation Pause) 387M->87M(512M) 2.020ms
[2025-08-21T13:09:47.331+0000][1692266][info ][gc,cpu      ] GC(508) User=0.01s Sys=0.00s Real=0.00s
[2025-08-21T13:09:47.331+0000][1692266][info ][safepoint   ] Safepoint "G1CollectForAllocation", Time since last: 443686977749 ns, Reaching safepoint: 10245 ns, Cleanup: 3676 ns, At safepoint: 2056736 ns, Total: 2070657 ns
[2025-08-21T13:17:11.498+0000][1692266][info ][gc,start    ] GC(509) Pause Young (Normal) (G1 Evacuation Pause)
[2025-08-21T13:17:11.498+0000][1692266][info ][gc,task     ] GC(509) Using 1 workers of 1 for evacuation
[2025-08-21T13:17:11.498+0000][1692266][debug][gc,age      ] GC(509) Desired survivor size 20971520 bytes, new threshold 15 (max threshold 15)
[2025-08-21T13:17:11.500+0000][1692266][info ][gc,phases   ] GC(509)   Pre Evacuate Collection Set: 0.1ms
[2025-08-21T13:17:11.500+0000][1692266][info ][gc,phases   ] GC(509)   Merge Heap Roots: 0.0ms
[2025-08-21T13:17:11.500+0000][1692266][info ][gc,phases   ] GC(509)   Evacuate Collection Set: 0.7ms
[2025-08-21T13:17:11.500+0000][1692266][info ][gc,phases   ] GC(509)   Post Evacuate Collection Set: 1.0ms
[2025-08-21T13:17:11.500+0000][1692266][info ][gc,phases   ] GC(509)   Other: 0.0ms
[2025-08-21T13:17:11.500+0000][1692266][trace][gc,age      ] GC(509) Age table with threshold 15 (max threshold 15)
[2025-08-21T13:17:11.500+0000][1692266][trace][gc,age      ] GC(509) - age   1:      16448 bytes,      16448 total
[2025-08-21T13:17:11.500+0000][1692266][trace][gc,age      ] GC(509) - age   2:        552 bytes,      17000 total
[2025-08-21T13:17:11.500+0000][1692266][trace][gc,age      ] GC(509) - age   3:        368 bytes,      17368 total
[2025-08-21T13:17:11.500+0000][1692266][trace][gc,age      ] GC(509) - age   4:        176 bytes,      17544 total
[2025-08-21T13:17:11.500+0000][1692266][trace][gc,age      ] GC(509) - age  12:        208 bytes,      17752 total
[2025-08-21T13:17:11.500+0000][1692266][trace][gc,age      ] GC(509) - age  15:       3968 bytes,      21720 total
[2025-08-21T13:17:11.500+0000][1692266][info ][gc,heap     ] GC(509) Eden regions: 75->0(75)
[2025-08-21T13:17:11.500+0000][1692266][info ][gc,heap     ] GC(509) Survivor regions: 1->1(10)
[2025-08-21T13:17:11.500+0000][1692266][info ][gc,heap     ] GC(509) Old regions: 22->22
[2025-08-21T13:17:11.500+0000][1692266][info ][gc,heap     ] GC(509) Humongous regions: 0->0
[2025-08-21T13:17:11.500+0000][1692266][info ][gc,metaspace] GC(509) Metaspace: 142078K(148544K)->142078K(148544K) NonClass: 123121K(127104K)->123121K(127104K) Class: 18957K(21440K)->18957K(21440K)
[2025-08-21T13:17:11.500+0000][1692266][info ][gc          ] GC(509) Pause Young (Normal) (G1 Evacuation Pause) 387M->87M(512M) 2.048ms
[2025-08-21T13:17:11.500+0000][1692266][info ][gc,cpu      ] GC(509) User=0.00s Sys=0.00s Real=0.00s
[2025-08-21T13:17:11.500+0000][1692266][info ][safepoint   ] Safepoint "G1CollectForAllocation", Time since last: 444166441980 ns, Reaching safepoint: 8012 ns, Cleanup: 2424 ns, At safepoint: 2084037 ns, Total: 2094473 ns
[2025-08-21T13:24:36.776+0000][1692266][info ][gc,start    ] GC(510) Pause Young (Normal) (G1 Evacuation Pause)
[2025-08-21T13:24:36.777+0000][1692266][info ][gc,task     ] GC(510) Using 1 workers of 1 for evacuation
[2025-08-21T13:24:36.777+0000][1692266][debug][gc,age      ] GC(510) Desired survivor size 20971520 bytes, new threshold 15 (max threshold 15)
[2025-08-21T13:24:36.778+0000][1692266][info ][gc,phases   ] GC(510)   Pre Evacuate Collection Set: 0.1ms
[2025-08-21T13:24:36.778+0000][1692266][info ][gc,phases   ] GC(510)   Merge Heap Roots: 0.0ms
[2025-08-21T13:24:36.778+0000][1692266][info ][gc,phases   ] GC(510)   Evacuate Collection Set: 0.7ms
[2025-08-21T13:24:36.778+0000][1692266][info ][gc,phases   ] GC(510)   Post Evacuate Collection Set: 0.8ms
[2025-08-21T13:24:36.778+0000][1692266][info ][gc,phases   ] GC(510)   Other: 0.0ms
[2025-08-21T13:24:36.778+0000][1692266][trace][gc,age      ] GC(510) Age table with threshold 15 (max threshold 15)
[2025-08-21T13:24:36.778+0000][1692266][trace][gc,age      ] GC(510) - age   1:      15240 bytes,      15240 total
[2025-08-21T13:24:36.778+0000][1692266][trace][gc,age      ] GC(510) - age   2:        112 bytes,      15352 total
[2025-08-21T13:24:36.778+0000][1692266][trace][gc,age      ] GC(510) - age   4:        368 bytes,      15720 total
[2025-08-21T13:24:36.778+0000][1692266][trace][gc,age      ] GC(510) - age   5:        176 bytes,      15896 total
[2025-08-21T13:24:36.778+0000][1692266][trace][gc,age      ] GC(510) - age  13:        208 bytes,      16104 total
[2025-08-21T13:24:36.778+0000][1692266][info ][gc,heap     ] GC(510) Eden regions: 75->0(75)
[2025-08-21T13:24:36.778+0000][1692266][info ][gc,heap     ] GC(510) Survivor regions: 1->1(10)
[2025-08-21T13:24:36.778+0000][1692266][info ][gc,heap     ] GC(510) Old regions: 22->22
[2025-08-21T13:24:36.778+0000][1692266][info ][gc,heap     ] GC(510) Humongous regions: 0->0
[2025-08-21T13:24:36.778+0000][1692266][info ][gc,metaspace] GC(510) Metaspace: 142078K(148544K)->142078K(148544K) NonClass: 123121K(127104K)->123121K(127104K) Class: 18957K(21440K)->18957K(21440K)
[2025-08-21T13:24:36.778+0000][1692266][info ][gc          ] GC(510) Pause Young (Normal) (G1 Evacuation Pause) 387M->87M(512M) 2.041ms
[2025-08-21T13:24:36.778+0000][1692266][info ][gc,cpu      ] GC(510) User=0.00s Sys=0.00s Real=0.00s
[2025-08-21T13:24:36.778+0000][1692266][info ][safepoint   ] Safepoint "G1CollectForAllocation", Time since last: 445276643730 ns, Reaching safepoint: 10485 ns, Cleanup: 2644 ns, At safepoint: 2078058 ns, Total: 2091187 ns
[2025-08-21T13:31:58.751+0000][1692266][info ][gc,start    ] GC(511) Pause Young (Normal) (G1 Evacuation Pause)
[2025-08-21T13:31:58.751+0000][1692266][info ][gc,task     ] GC(511) Using 1 workers of 1 for evacuation
[2025-08-21T13:31:58.751+0000][1692266][debug][gc,age      ] GC(511) Desired survivor size 20971520 bytes, new threshold 15 (max threshold 15)
[2025-08-21T13:31:58.753+0000][1692266][info ][gc,phases   ] GC(511)   Pre Evacuate Collection Set: 0.0ms
[2025-08-21T13:31:58.753+0000][1692266][info ][gc,phases   ] GC(511)   Merge Heap Roots: 0.0ms
[2025-08-21T13:31:58.753+0000][1692266][info ][gc,phases   ] GC(511)   Evacuate Collection Set: 0.7ms
[2025-08-21T13:31:58.753+0000][1692266][info ][gc,phases   ] GC(511)   Post Evacuate Collection Set: 0.8ms
[2025-08-21T13:31:58.753+0000][1692266][info ][gc,phases   ] GC(511)   Other: 0.0ms
[2025-08-21T13:31:58.753+0000][1692266][trace][gc,age      ] GC(511) Age table with threshold 15 (max threshold 15)
[2025-08-21T13:31:58.753+0000][1692266][trace][gc,age      ] GC(511) - age   1:      15568 bytes,      15568 total
[2025-08-21T13:31:58.753+0000][1692266][trace][gc,age      ] GC(511) - age   2:        680 bytes,      16248 total
[2025-08-21T13:31:58.753+0000][1692266][trace][gc,age      ] GC(511) - age   5:        368 bytes,      16616 total
[2025-08-21T13:31:58.753+0000][1692266][trace][gc,age      ] GC(511) - age   6:        176 bytes,      16792 total
[2025-08-21T13:31:58.753+0000][1692266][trace][gc,age      ] GC(511) - age  14:        208 bytes,      17000 total
[2025-08-21T13:31:58.753+0000][1692266][info ][gc,heap     ] GC(511) Eden regions: 75->0(75)
[2025-08-21T13:31:58.753+0000][1692266][info ][gc,heap     ] GC(511) Survivor regions: 1->1(10)
[2025-08-21T13:31:58.753+0000][1692266][info ][gc,heap     ] GC(511) Old regions: 22->22
[2025-08-21T13:31:58.753+0000][1692266][info ][gc,heap     ] GC(511) Humongous regions: 0->0
[2025-08-21T13:31:58.753+0000][1692266][info ][gc,metaspace] GC(511) Metaspace: 142078K(148544K)->142078K(148544K) NonClass: 123121K(127104K)->123121K(127104K) Class: 18957K(21440K)->18957K(21440K)
[2025-08-21T13:31:58.753+0000][1692266][info ][gc          ] GC(511) Pause Young (Normal) (G1 Evacuation Pause) 387M->87M(512M) 2.065ms
[2025-08-21T13:31:58.753+0000][1692266][info ][gc,cpu      ] GC(511) User=0.00s Sys=0.00s Real=0.00s
[2025-08-21T13:31:58.753+0000][1692266][info ][safepoint   ] Safepoint "G1CollectForAllocation", Time since last: 441972315481 ns, Reaching safepoint: 5168 ns, Cleanup: 1823 ns, At safepoint: 2102204 ns, Total: 2109195 ns
[2025-08-21T13:34:55.780+0000][1692266][info ][safepoint   ] Safepoint "Cleanup", Time since last: 177027207911 ns, Reaching safepoint: 38248 ns, Cleanup: 11738 ns, At safepoint: 1953 ns, Total: 51939 ns
[2025-08-21T13:39:23.461+0000][1692266][info ][gc,start    ] GC(512) Pause Young (Normal) (G1 Evacuation Pause)
[2025-08-21T13:39:23.462+0000][1692266][info ][gc,task     ] GC(512) Using 1 workers of 1 for evacuation
[2025-08-21T13:39:23.462+0000][1692266][debug][gc,age      ] GC(512) Desired survivor size 20971520 bytes, new threshold 15 (max threshold 15)
[2025-08-21T13:39:23.463+0000][1692266][info ][gc,phases   ] GC(512)   Pre Evacuate Collection Set: 0.1ms
[2025-08-21T13:39:23.463+0000][1692266][info ][gc,phases   ] GC(512)   Merge Heap Roots: 0.0ms
[2025-08-21T13:39:23.463+0000][1692266][info ][gc,phases   ] GC(512)   Evacuate Collection Set: 0.7ms
[2025-08-21T13:39:23.463+0000][1692266][info ][gc,phases   ] GC(512)   Post Evacuate Collection Set: 0.8ms
[2025-08-21T13:39:23.463+0000][1692266][info ][gc,phases   ] GC(512)   Other: 0.0ms
[2025-08-21T13:39:23.463+0000][1692266][trace][gc,age      ] GC(512) Age table with threshold 15 (max threshold 15)
[2025-08-21T13:39:23.463+0000][1692266][trace][gc,age      ] GC(512) - age   1:      26232 bytes,      26232 total
[2025-08-21T13:39:23.463+0000][1692266][trace][gc,age      ] GC(512) - age   2:       1400 bytes,      27632 total
[2025-08-21T13:39:23.463+0000][1692266][trace][gc,age      ] GC(512) - age   6:        368 bytes,      28000 total
[2025-08-21T13:39:23.463+0000][1692266][trace][gc,age      ] GC(512) - age   7:        176 bytes,      28176 total
[2025-08-21T13:39:23.463+0000][1692266][trace][gc,age      ] GC(512) - age  15:        208 bytes,      28384 total
[2025-08-21T13:39:23.463+0000][1692266][info ][gc,heap     ] GC(512) Eden regions: 75->0(75)
[2025-08-21T13:39:23.463+0000][1692266][info ][gc,heap     ] GC(512) Survivor regions: 1->1(10)
[2025-08-21T13:39:23.463+0000][1692266][info ][gc,heap     ] GC(512) Old regions: 22->22
[2025-08-21T13:39:23.463+0000][1692266][info ][gc,heap     ] GC(512) Humongous regions: 0->0
[2025-08-21T13:39:23.463+0000][1692266][info ][gc,metaspace] GC(512) Metaspace: 142078K(148544K)->142078K(148544K) NonClass: 123121K(127104K)->123121K(127104K) Class: 18957K(21440K)->18957K(21440K)
[2025-08-21T13:39:23.463+0000][1692266][info ][gc          ] GC(512) Pause Young (Normal) (G1 Evacuation Pause) 387M->87M(512M) 1.979ms
[2025-08-21T13:39:23.463+0000][1692266][info ][gc,cpu      ] GC(512) User=0.00s Sys=0.00s Real=0.00s
[2025-08-21T13:39:23.463+0000][1692266][info ][safepoint   ] Safepoint "G1CollectForAllocation", Time since last: 267681149061 ns, Reaching safepoint: 8863 ns, Cleanup: 3465 ns, At safepoint: 2016245 ns, Total: 2028573 ns
[2025-08-21T13:46:47.671+0000][1692266][info ][gc,start    ] GC(513) Pause Young (Normal) (G1 Evacuation Pause)
[2025-08-21T13:46:47.671+0000][1692266][info ][gc,task     ] GC(513) Using 1 workers of 1 for evacuation
[2025-08-21T13:46:47.671+0000][1692266][debug][gc,age      ] GC(513) Desired survivor size 20971520 bytes, new threshold 15 (max threshold 15)
[2025-08-21T13:46:47.672+0000][1692266][info ][gc,phases   ] GC(513)   Pre Evacuate Collection Set: 0.0ms
[2025-08-21T13:46:47.672+0000][1692266][info ][gc,phases   ] GC(513)   Merge Heap Roots: 0.0ms
[2025-08-21T13:46:47.672+0000][1692266][info ][gc,phases   ] GC(513)   Evacuate Collection Set: 0.7ms
[2025-08-21T13:46:47.672+0000][1692266][info ][gc,phases   ] GC(513)   Post Evacuate Collection Set: 0.8ms
[2025-08-21T13:46:47.672+0000][1692266][info ][gc,phases   ] GC(513)   Other: 0.0ms
[2025-08-21T13:46:47.672+0000][1692266][trace][gc,age      ] GC(513) Age table with threshold 15 (max threshold 15)
[2025-08-21T13:46:47.672+0000][1692266][trace][gc,age      ] GC(513) - age   1:      16880 bytes,      16880 total
[2025-08-21T13:46:47.672+0000][1692266][trace][gc,age      ] GC(513) - age   2:       1952 bytes,      18832 total
[2025-08-21T13:46:47.672+0000][1692266][trace][gc,age      ] GC(513) - age   3:        432 bytes,      19264 total
[2025-08-21T13:46:47.672+0000][1692266][trace][gc,age      ] GC(513) - age   7:        368 bytes,      19632 total
[2025-08-21T13:46:47.672+0000][1692266][trace][gc,age      ] GC(513) - age   8:        176 bytes,      19808 total
[2025-08-21T13:46:47.672+0000][1692266][info ][gc,heap     ] GC(513) Eden regions: 75->0(75)
[2025-08-21T13:46:47.672+0000][1692266][info ][gc,heap     ] GC(513) Survivor regions: 1->1(10)
[2025-08-21T13:46:47.672+0000][1692266][info ][gc,heap     ] GC(513) Old regions: 22->22
[2025-08-21T13:46:47.672+0000][1692266][info ][gc,heap     ] GC(513) Humongous regions: 0->0
[2025-08-21T13:46:47.672+0000][1692266][info ][gc,metaspace] GC(513) Metaspace: 142078K(148544K)->142078K(148544K) NonClass: 123121K(127104K)->123121K(127104K) Class: 18957K(21440K)->18957K(21440K)
[2025-08-21T13:46:47.672+0000][1692266][info ][gc          ] GC(513) Pause Young (Normal) (G1 Evacuation Pause) 387M->87M(512M) 1.770ms
[2025-08-21T13:46:47.672+0000][1692266][info ][gc,cpu      ] GC(513) User=0.00s Sys=0.00s Real=0.00s
[2025-08-21T13:46:47.672+0000][1692266][info ][safepoint   ] Safepoint "G1CollectForAllocation", Time since last: 444207330059 ns, Reaching safepoint: 8502 ns, Cleanup: 2474 ns, At safepoint: 1808221 ns, Total: 1819197 ns
[2025-08-21T13:54:11.284+0000][1692266][info ][gc,start    ] GC(514) Pause Young (Normal) (G1 Evacuation Pause)
[2025-08-21T13:54:11.284+0000][1692266][info ][gc,task     ] GC(514) Using 1 workers of 1 for evacuation
[2025-08-21T13:54:11.284+0000][1692266][debug][gc,age      ] GC(514) Desired survivor size 20971520 bytes, new threshold 15 (max threshold 15)
[2025-08-21T13:54:11.286+0000][1692266][info ][gc,phases   ] GC(514)   Pre Evacuate Collection Set: 0.1ms
[2025-08-21T13:54:11.286+0000][1692266][info ][gc,phases   ] GC(514)   Merge Heap Roots: 0.0ms
[2025-08-21T13:54:11.286+0000][1692266][info ][gc,phases   ] GC(514)   Evacuate Collection Set: 0.7ms
[2025-08-21T13:54:11.286+0000][1692266][info ][gc,phases   ] GC(514)   Post Evacuate Collection Set: 0.8ms
[2025-08-21T13:54:11.286+0000][1692266][info ][gc,phases   ] GC(514)   Other: 0.0ms
[2025-08-21T13:54:11.286+0000][1692266][trace][gc,age      ] GC(514) Age table with threshold 15 (max threshold 15)
[2025-08-21T13:54:11.286+0000][1692266][trace][gc,age      ] GC(514) - age   1:      15384 bytes,      15384 total
[2025-08-21T13:54:11.286+0000][1692266][trace][gc,age      ] GC(514) - age   2:        112 bytes,      15496 total
[2025-08-21T13:54:11.286+0000][1692266][trace][gc,age      ] GC(514) - age   3:       1400 bytes,      16896 total
[2025-08-21T13:54:11.286+0000][1692266][trace][gc,age      ] GC(514) - age   4:        432 bytes,      17328 total
[2025-08-21T13:54:11.286+0000][1692266][trace][gc,age      ] GC(514) - age   8:        368 bytes,      17696 total
[2025-08-21T13:54:11.286+0000][1692266][info ][gc,heap     ] GC(514) Eden regions: 75->0(75)
[2025-08-21T13:54:11.286+0000][1692266][info ][gc,heap     ] GC(514) Survivor regions: 1->1(10)
[2025-08-21T13:54:11.286+0000][1692266][info ][gc,heap     ] GC(514) Old regions: 22->22
[2025-08-21T13:54:11.286+0000][1692266][info ][gc,heap     ] GC(514) Humongous regions: 0->0
[2025-08-21T13:54:11.286+0000][1692266][info ][gc,metaspace] GC(514) Metaspace: 142078K(148544K)->142078K(148544K) NonClass: 123121K(127104K)->123121K(127104K) Class: 18957K(21440K)->18957K(21440K)
[2025-08-21T13:54:11.286+0000][1692266][info ][gc          ] GC(514) Pause Young (Normal) (G1 Evacuation Pause) 387M->87M(512M) 1.930ms
[2025-08-21T13:54:11.286+0000][1692266][info ][gc,cpu      ] GC(514) User=0.01s Sys=0.00s Real=0.01s
[2025-08-21T13:54:11.286+0000][1692266][info ][safepoint   ] Safepoint "G1CollectForAllocation", Time since last: 443611592898 ns, Reaching safepoint: 8663 ns, Cleanup: 3095 ns, At safepoint: 1966700 ns, Total: 1978458 ns
[2025-08-21T14:01:36.091+0000][1692266][info ][gc,start    ] GC(515) Pause Young (Normal) (G1 Evacuation Pause)
[2025-08-21T14:01:36.092+0000][1692266][info ][gc,task     ] GC(515) Using 1 workers of 1 for evacuation
[2025-08-21T14:01:36.092+0000][1692266][debug][gc,age      ] GC(515) Desired survivor size 20971520 bytes, new threshold 15 (max threshold 15)
[2025-08-21T14:01:36.093+0000][1692266][info ][gc,phases   ] GC(515)   Pre Evacuate Collection Set: 0.0ms
[2025-08-21T14:01:36.093+0000][1692266][info ][gc,phases   ] GC(515)   Merge Heap Roots: 0.0ms
[2025-08-21T14:01:36.093+0000][1692266][info ][gc,phases   ] GC(515)   Evacuate Collection Set: 0.6ms
[2025-08-21T14:01:36.093+0000][1692266][info ][gc,phases   ] GC(515)   Post Evacuate Collection Set: 0.7ms
[2025-08-21T14:01:36.093+0000][1692266][info ][gc,phases   ] GC(515)   Other: 0.0ms
[2025-08-21T14:01:36.093+0000][1692266][trace][gc,age      ] GC(515) Age table with threshold 15 (max threshold 15)
[2025-08-21T14:01:36.093+0000][1692266][trace][gc,age      ] GC(515) - age   1:      15208 bytes,      15208 total
[2025-08-21T14:01:36.093+0000][1692266][trace][gc,age      ] GC(515) - age   2:        856 bytes,      16064 total
[2025-08-21T14:01:36.093+0000][1692266][trace][gc,age      ] GC(515) - age   4:       1400 bytes,      17464 total
[2025-08-21T14:01:36.093+0000][1692266][trace][gc,age      ] GC(515) - age   5:        432 bytes,      17896 total
[2025-08-21T14:01:36.093+0000][1692266][trace][gc,age      ] GC(515) - age   9:        368 bytes,      18264 total
[2025-08-21T14:01:36.093+0000][1692266][info ][gc,heap     ] GC(515) Eden regions: 75->0(75)
[2025-08-21T14:01:36.093+0000][1692266][info ][gc,heap     ] GC(515) Survivor regions: 1->1(10)
[2025-08-21T14:01:36.093+0000][1692266][info ][gc,heap     ] GC(515) Old regions: 22->22
[2025-08-21T14:01:36.093+0000][1692266][info ][gc,heap     ] GC(515) Humongous regions: 0->0
[2025-08-21T14:01:36.093+0000][1692266][info ][gc,metaspace] GC(515) Metaspace: 142078K(148544K)->142078K(148544K) NonClass: 123121K(127104K)->123121K(127104K) Class: 18957K(21440K)->18957K(21440K)
[2025-08-21T14:01:36.093+0000][1692266][info ][gc          ] GC(515) Pause Young (Normal) (G1 Evacuation Pause) 387M->87M(512M) 2.042ms
[2025-08-21T14:01:36.093+0000][1692266][info ][gc,cpu      ] GC(515) User=0.00s Sys=0.00s Real=0.00s
[2025-08-21T14:01:36.093+0000][1692266][info ][safepoint   ] Safepoint "G1CollectForAllocation", Time since last: 444805090677 ns, Reaching safepoint: 5318 ns, Cleanup: 2804 ns, At safepoint: 2082305 ns, Total: 2090427 ns
[2025-08-21T14:08:59.953+0000][1692266][info ][gc,start    ] GC(516) Pause Young (Normal) (G1 Evacuation Pause)
[2025-08-21T14:08:59.954+0000][1692266][info ][gc,task     ] GC(516) Using 1 workers of 1 for evacuation
[2025-08-21T14:08:59.954+0000][1692266][debug][gc,age      ] GC(516) Desired survivor size 20971520 bytes, new threshold 15 (max threshold 15)
[2025-08-21T14:08:59.955+0000][1692266][info ][gc,phases   ] GC(516)   Pre Evacuate Collection Set: 0.0ms
[2025-08-21T14:08:59.955+0000][1692266][info ][gc,phases   ] GC(516)   Merge Heap Roots: 0.0ms
[2025-08-21T14:08:59.955+0000][1692266][info ][gc,phases   ] GC(516)   Evacuate Collection Set: 0.8ms
[2025-08-21T14:08:59.955+0000][1692266][info ][gc,phases   ] GC(516)   Post Evacuate Collection Set: 0.8ms
[2025-08-21T14:08:59.955+0000][1692266][info ][gc,phases   ] GC(516)   Other: 0.0ms
[2025-08-21T14:08:59.955+0000][1692266][trace][gc,age      ] GC(516) Age table with threshold 15 (max threshold 15)
[2025-08-21T14:08:59.955+0000][1692266][trace][gc,age      ] GC(516) - age   1:      85528 bytes,      85528 total
[2025-08-21T14:08:59.955+0000][1692266][trace][gc,age      ] GC(516) - age   2:        424 bytes,      85952 total
[2025-08-21T14:08:59.955+0000][1692266][trace][gc,age      ] GC(516) - age   3:        176 bytes,      86128 total
[2025-08-21T14:08:59.955+0000][1692266][trace][gc,age      ] GC(516) - age   5:       1400 bytes,      87528 total
[2025-08-21T14:08:59.955+0000][1692266][trace][gc,age      ] GC(516) - age   6:        432 bytes,      87960 total
[2025-08-21T14:08:59.955+0000][1692266][trace][gc,age      ] GC(516) - age  10:        368 bytes,      88328 total
[2025-08-21T14:08:59.955+0000][1692266][info ][gc,heap     ] GC(516) Eden regions: 75->0(75)
[2025-08-21T14:08:59.955+0000][1692266][info ][gc,heap     ] GC(516) Survivor regions: 1->1(10)
[2025-08-21T14:08:59.955+0000][1692266][info ][gc,heap     ] GC(516) Old regions: 22->22
[2025-08-21T14:08:59.955+0000][1692266][info ][gc,heap     ] GC(516) Humongous regions: 0->0
[2025-08-21T14:08:59.955+0000][1692266][info ][gc,metaspace] GC(516) Metaspace: 142078K(148544K)->142078K(148544K) NonClass: 123121K(127104K)->123121K(127104K) Class: 18957K(21440K)->18957K(21440K)
[2025-08-21T14:08:59.955+0000][1692266][info ][gc          ] GC(516) Pause Young (Normal) (G1 Evacuation Pause) 387M->87M(512M) 2.202ms
[2025-08-21T14:08:59.955+0000][1692266][info ][gc,cpu      ] GC(516) User=0.00s Sys=0.00s Real=0.01s
[2025-08-21T14:08:59.956+0000][1692266][info ][safepoint   ] Safepoint "G1CollectForAllocation", Time since last: 443860158924 ns, Reaching safepoint: 8893 ns, Cleanup: 3385 ns, At safepoint: 2238991 ns, Total: 2251269 ns
[2025-08-21T14:16:23.786+0000][1692266][info ][gc,start    ] GC(517) Pause Young (Normal) (G1 Evacuation Pause)
[2025-08-21T14:16:23.786+0000][1692266][info ][gc,task     ] GC(517) Using 1 workers of 1 for evacuation
[2025-08-21T14:16:23.786+0000][1692266][debug][gc,age      ] GC(517) Desired survivor size 20971520 bytes, new threshold 15 (max threshold 15)
[2025-08-21T14:16:23.787+0000][1692266][info ][gc,phases   ] GC(517)   Pre Evacuate Collection Set: 0.0ms
[2025-08-21T14:16:23.787+0000][1692266][info ][gc,phases   ] GC(517)   Merge Heap Roots: 0.0ms
[2025-08-21T14:16:23.787+0000][1692266][info ][gc,phases   ] GC(517)   Evacuate Collection Set: 0.7ms
[2025-08-21T14:16:23.787+0000][1692266][info ][gc,phases   ] GC(517)   Post Evacuate Collection Set: 0.9ms
[2025-08-21T14:16:23.787+0000][1692266][info ][gc,phases   ] GC(517)   Other: 0.0ms
[2025-08-21T14:16:23.787+0000][1692266][trace][gc,age      ] GC(517) Age table with threshold 15 (max threshold 15)
[2025-08-21T14:16:23.787+0000][1692266][trace][gc,age      ] GC(517) - age   1:      16848 bytes,      16848 total
[2025-08-21T14:16:23.787+0000][1692266][trace][gc,age      ] GC(517) - age   2:        552 bytes,      17400 total
[2025-08-21T14:16:23.787+0000][1692266][trace][gc,age      ] GC(517) - age   4:        176 bytes,      17576 total
[2025-08-21T14:16:23.787+0000][1692266][trace][gc,age      ] GC(517) - age   6:       1400 bytes,      18976 total
[2025-08-21T14:16:23.787+0000][1692266][trace][gc,age      ] GC(517) - age   7:        432 bytes,      19408 total
[2025-08-21T14:16:23.787+0000][1692266][trace][gc,age      ] GC(517) - age  11:        368 bytes,      19776 total
[2025-08-21T14:16:23.787+0000][1692266][info ][gc,heap     ] GC(517) Eden regions: 75->0(75)
[2025-08-21T14:16:23.787+0000][1692266][info ][gc,heap     ] GC(517) Survivor regions: 1->1(10)
[2025-08-21T14:16:23.787+0000][1692266][info ][gc,heap     ] GC(517) Old regions: 22->22
[2025-08-21T14:16:23.787+0000][1692266][info ][gc,heap     ] GC(517) Humongous regions: 0->0
[2025-08-21T14:16:23.787+0000][1692266][info ][gc,metaspace] GC(517) Metaspace: 142078K(148544K)->142078K(148544K) NonClass: 123121K(127104K)->123121K(127104K) Class: 18957K(21440K)->18957K(21440K)
[2025-08-21T14:16:23.787+0000][1692266][info ][gc          ] GC(517) Pause Young (Normal) (G1 Evacuation Pause) 387M->87M(512M) 1.922ms
[2025-08-21T14:16:23.788+0000][1692266][info ][gc,cpu      ] GC(517) User=0.00s Sys=0.00s Real=0.00s
[2025-08-21T14:16:23.788+0000][1692266][info ][safepoint   ] Safepoint "G1CollectForAllocation", Time since last: 443830031919 ns, Reaching safepoint: 10476 ns, Cleanup: 2363 ns, At safepoint: 1960520 ns, Total: 1973359 ns
[2025-08-21T14:23:48.471+0000][1692266][info ][gc,start    ] GC(518) Pause Young (Normal) (G1 Evacuation Pause)
[2025-08-21T14:23:48.471+0000][1692266][info ][gc,task     ] GC(518) Using 1 workers of 1 for evacuation
[2025-08-21T14:23:48.471+0000][1692266][debug][gc,age      ] GC(518) Desired survivor size 20971520 bytes, new threshold 15 (max threshold 15)
[2025-08-21T14:23:48.473+0000][1692266][info ][gc,phases   ] GC(518)   Pre Evacuate Collection Set: 0.1ms
[2025-08-21T14:23:48.473+0000][1692266][info ][gc,phases   ] GC(518)   Merge Heap Roots: 0.0ms
[2025-08-21T14:23:48.473+0000][1692266][info ][gc,phases   ] GC(518)   Evacuate Collection Set: 0.8ms
[2025-08-21T14:23:48.473+0000][1692266][info ][gc,phases   ] GC(518)   Post Evacuate Collection Set: 0.7ms
[2025-08-21T14:23:48.473+0000][1692266][info ][gc,phases   ] GC(518)   Other: 0.1ms
[2025-08-21T14:23:48.473+0000][1692266][trace][gc,age      ] GC(518) Age table with threshold 15 (max threshold 15)
[2025-08-21T14:23:48.473+0000][1692266][trace][gc,age      ] GC(518) - age   1:     102832 bytes,     102832 total
[2025-08-21T14:23:48.473+0000][1692266][trace][gc,age      ] GC(518) - age   2:        112 bytes,     102944 total
[2025-08-21T14:23:48.473+0000][1692266][trace][gc,age      ] GC(518) - age   5:        176 bytes,     103120 total
[2025-08-21T14:23:48.473+0000][1692266][trace][gc,age      ] GC(518) - age   7:       1400 bytes,     104520 total
[2025-08-21T14:23:48.473+0000][1692266][trace][gc,age      ] GC(518) - age   8:        432 bytes,     104952 total
[2025-08-21T14:23:48.473+0000][1692266][trace][gc,age      ] GC(518) - age  12:        368 bytes,     105320 total
[2025-08-21T14:23:48.473+0000][1692266][info ][gc,heap     ] GC(518) Eden regions: 75->0(75)
[2025-08-21T14:23:48.473+0000][1692266][info ][gc,heap     ] GC(518) Survivor regions: 1->1(10)
[2025-08-21T14:23:48.473+0000][1692266][info ][gc,heap     ] GC(518) Old regions: 22->22
[2025-08-21T14:23:48.473+0000][1692266][info ][gc,heap     ] GC(518) Humongous regions: 0->0
[2025-08-21T14:23:48.473+0000][1692266][info ][gc,metaspace] GC(518) Metaspace: 142082K(148544K)->142082K(148544K) NonClass: 123125K(127104K)->123125K(127104K) Class: 18957K(21440K)->18957K(21440K)
[2025-08-21T14:23:48.473+0000][1692266][info ][gc          ] GC(518) Pause Young (Normal) (G1 Evacuation Pause) 387M->87M(512M) 2.055ms
[2025-08-21T14:23:48.473+0000][1692266][info ][gc,cpu      ] GC(518) User=0.00s Sys=0.00s Real=0.00s
[2025-08-21T14:23:48.473+0000][1692266][info ][safepoint   ] Safepoint "G1CollectForAllocation", Time since last: 444683437708 ns, Reaching safepoint: 9274 ns, Cleanup: 3275 ns, At safepoint: 2091668 ns, Total: 2104217 ns
[2025-08-21T14:31:12.723+0000][1692266][info ][gc,start    ] GC(519) Pause Young (Normal) (G1 Evacuation Pause)
[2025-08-21T14:31:12.723+0000][1692266][info ][gc,task     ] GC(519) Using 1 workers of 1 for evacuation
[2025-08-21T14:31:12.723+0000][1692266][debug][gc,age      ] GC(519) Desired survivor size 20971520 bytes, new threshold 15 (max threshold 15)
[2025-08-21T14:31:12.725+0000][1692266][info ][gc,phases   ] GC(519)   Pre Evacuate Collection Set: 0.1ms
[2025-08-21T14:31:12.725+0000][1692266][info ][gc,phases   ] GC(519)   Merge Heap Roots: 0.0ms
[2025-08-21T14:31:12.725+0000][1692266][info ][gc,phases   ] GC(519)   Evacuate Collection Set: 0.7ms
[2025-08-21T14:31:12.725+0000][1692266][info ][gc,phases   ] GC(519)   Post Evacuate Collection Set: 0.8ms
[2025-08-21T14:31:12.725+0000][1692266][info ][gc,phases   ] GC(519)   Other: 0.0ms
[2025-08-21T14:31:12.725+0000][1692266][trace][gc,age      ] GC(519) Age table with threshold 15 (max threshold 15)
[2025-08-21T14:31:12.725+0000][1692266][trace][gc,age      ] GC(519) - age   1:      15424 bytes,      15424 total
[2025-08-21T14:31:12.725+0000][1692266][trace][gc,age      ] GC(519) - age   2:        680 bytes,      16104 total
[2025-08-21T14:31:12.725+0000][1692266][trace][gc,age      ] GC(519) - age   6:        176 bytes,      16280 total
[2025-08-21T14:31:12.725+0000][1692266][trace][gc,age      ] GC(519) - age   8:       1400 bytes,      17680 total
[2025-08-21T14:31:12.725+0000][1692266][trace][gc,age      ] GC(519) - age   9:        432 bytes,      18112 total
[2025-08-21T14:31:12.725+0000][1692266][trace][gc,age      ] GC(519) - age  13:        368 bytes,      18480 total
[2025-08-21T14:31:12.725+0000][1692266][info ][gc,heap     ] GC(519) Eden regions: 75->0(75)
[2025-08-21T14:31:12.725+0000][1692266][info ][gc,heap     ] GC(519) Survivor regions: 1->1(10)
[2025-08-21T14:31:12.725+0000][1692266][info ][gc,heap     ] GC(519) Old regions: 22->22
[2025-08-21T14:31:12.725+0000][1692266][info ][gc,heap     ] GC(519) Humongous regions: 0->0
[2025-08-21T14:31:12.725+0000][1692266][info ][gc,metaspace] GC(519) Metaspace: 142082K(148544K)->142082K(148544K) NonClass: 123125K(127104K)->123125K(127104K) Class: 18957K(21440K)->18957K(21440K)
[2025-08-21T14:31:12.725+0000][1692266][info ][gc          ] GC(519) Pause Young (Normal) (G1 Evacuation Pause) 387M->87M(512M) 1.919ms
[2025-08-21T14:31:12.725+0000][1692266][info ][gc,cpu      ] GC(519) User=0.00s Sys=0.00s Real=0.00s
[2025-08-21T14:31:12.725+0000][1692266][info ][safepoint   ] Safepoint "G1CollectForAllocation", Time since last: 444250014796 ns, Reaching safepoint: 11548 ns, Cleanup: 3114 ns, At safepoint: 1955513 ns, Total: 1970175 ns
[2025-08-21T14:38:37.508+0000][1692266][info ][gc,start    ] GC(520) Pause Young (Normal) (G1 Evacuation Pause)
[2025-08-21T14:38:37.509+0000][1692266][info ][gc,task     ] GC(520) Using 1 workers of 1 for evacuation
[2025-08-21T14:38:37.509+0000][1692266][debug][gc,age      ] GC(520) Desired survivor size 20971520 bytes, new threshold 15 (max threshold 15)
[2025-08-21T14:38:37.510+0000][1692266][info ][gc,phases   ] GC(520)   Pre Evacuate Collection Set: 0.0ms
[2025-08-21T14:38:37.510+0000][1692266][info ][gc,phases   ] GC(520)   Merge Heap Roots: 0.0ms
[2025-08-21T14:38:37.510+0000][1692266][info ][gc,phases   ] GC(520)   Evacuate Collection Set: 0.7ms
[2025-08-21T14:38:37.510+0000][1692266][info ][gc,phases   ] GC(520)   Post Evacuate Collection Set: 0.8ms
[2025-08-21T14:38:37.510+0000][1692266][info ][gc,phases   ] GC(520)   Other: 0.0ms
[2025-08-21T14:38:37.510+0000][1692266][trace][gc,age      ] GC(520) Age table with threshold 15 (max threshold 15)
[2025-08-21T14:38:37.510+0000][1692266][trace][gc,age      ] GC(520) - age   1:      14832 bytes,      14832 total
[2025-08-21T14:38:37.510+0000][1692266][trace][gc,age      ] GC(520) - age   2:        424 bytes,      15256 total
[2025-08-21T14:38:37.510+0000][1692266][trace][gc,age      ] GC(520) - age   7:        176 bytes,      15432 total
[2025-08-21T14:38:37.510+0000][1692266][trace][gc,age      ] GC(520) - age   9:       1400 bytes,      16832 total
[2025-08-21T14:38:37.510+0000][1692266][trace][gc,age      ] GC(520) - age  10:        432 bytes,      17264 total
[2025-08-21T14:38:37.510+0000][1692266][trace][gc,age      ] GC(520) - age  14:        368 bytes,      17632 total
[2025-08-21T14:38:37.510+0000][1692266][info ][gc,heap     ] GC(520) Eden regions: 75->0(75)
[2025-08-21T14:38:37.510+0000][1692266][info ][gc,heap     ] GC(520) Survivor regions: 1->1(10)
[2025-08-21T14:38:37.510+0000][1692266][info ][gc,heap     ] GC(520) Old regions: 22->22
[2025-08-21T14:38:37.510+0000][1692266][info ][gc,heap     ] GC(520) Humongous regions: 0->0
[2025-08-21T14:38:37.510+0000][1692266][info ][gc,metaspace] GC(520) Metaspace: 142082K(148544K)->142082K(148544K) NonClass: 123125K(127104K)->123125K(127104K) Class: 18957K(21440K)->18957K(21440K)
[2025-08-21T14:38:37.510+0000][1692266][info ][gc          ] GC(520) Pause Young (Normal) (G1 Evacuation Pause) 387M->87M(512M) 2.100ms
[2025-08-21T14:38:37.510+0000][1692266][info ][gc,cpu      ] GC(520) User=0.00s Sys=0.01s Real=0.00s
[2025-08-21T14:38:37.510+0000][1692266][info ][safepoint   ] Safepoint "G1CollectForAllocation", Time since last: 444783054907 ns, Reaching safepoint: 5328 ns, Cleanup: 2995 ns, At safepoint: 2135975 ns, Total: 2144298 ns
[2025-08-21T14:46:00.596+0000][1692266][info ][gc,start    ] GC(521) Pause Young (Normal) (G1 Evacuation Pause)
[2025-08-21T14:46:00.597+0000][1692266][info ][gc,task     ] GC(521) Using 1 workers of 1 for evacuation
[2025-08-21T14:46:00.597+0000][1692266][debug][gc,age      ] GC(521) Desired survivor size 20971520 bytes, new threshold 15 (max threshold 15)
[2025-08-21T14:46:00.598+0000][1692266][info ][gc,phases   ] GC(521)   Pre Evacuate Collection Set: 0.0ms
[2025-08-21T14:46:00.598+0000][1692266][info ][gc,phases   ] GC(521)   Merge Heap Roots: 0.0ms
[2025-08-21T14:46:00.598+0000][1692266][info ][gc,phases   ] GC(521)   Evacuate Collection Set: 0.7ms
[2025-08-21T14:46:00.598+0000][1692266][info ][gc,phases   ] GC(521)   Post Evacuate Collection Set: 0.7ms
[2025-08-21T14:46:00.598+0000][1692266][info ][gc,phases   ] GC(521)   Other: 0.0ms
[2025-08-21T14:46:00.598+0000][1692266][trace][gc,age      ] GC(521) Age table with threshold 15 (max threshold 15)
[2025-08-21T14:46:00.598+0000][1692266][trace][gc,age      ] GC(521) - age   1:      15144 bytes,      15144 total
[2025-08-21T14:46:00.598+0000][1692266][trace][gc,age      ] GC(521) - age   2:        552 bytes,      15696 total
[2025-08-21T14:46:00.598+0000][1692266][trace][gc,age      ] GC(521) - age   8:        176 bytes,      15872 total
[2025-08-21T14:46:00.598+0000][1692266][trace][gc,age      ] GC(521) - age  10:       1400 bytes,      17272 total
[2025-08-21T14:46:00.598+0000][1692266][trace][gc,age      ] GC(521) - age  11:        432 bytes,      17704 total
[2025-08-21T14:46:00.598+0000][1692266][trace][gc,age      ] GC(521) - age  15:        368 bytes,      18072 total
[2025-08-21T14:46:00.598+0000][1692266][info ][gc,heap     ] GC(521) Eden regions: 75->0(75)
[2025-08-21T14:46:00.598+0000][1692266][info ][gc,heap     ] GC(521) Survivor regions: 1->1(10)
[2025-08-21T14:46:00.598+0000][1692266][info ][gc,heap     ] GC(521) Old regions: 22->22
[2025-08-21T14:46:00.598+0000][1692266][info ][gc,heap     ] GC(521) Humongous regions: 0->0
[2025-08-21T14:46:00.598+0000][1692266][info ][gc,metaspace] GC(521) Metaspace: 142082K(148544K)->142082K(148544K) NonClass: 123125K(127104K)->123125K(127104K) Class: 18957K(21440K)->18957K(21440K)
[2025-08-21T14:46:00.598+0000][1692266][info ][gc          ] GC(521) Pause Young (Normal) (G1 Evacuation Pause) 387M->87M(512M) 2.191ms
[2025-08-21T14:46:00.598+0000][1692266][info ][gc,cpu      ] GC(521) User=0.01s Sys=0.00s Real=0.00s
[2025-08-21T14:46:00.598+0000][1692266][info ][safepoint   ] Safepoint "G1CollectForAllocation", Time since last: 443085932447 ns, Reaching safepoint: 8452 ns, Cleanup: 2734 ns, At safepoint: 2227614 ns, Total: 2238800 ns
[2025-08-21T14:53:25.158+0000][1692266][info ][gc,start    ] GC(522) Pause Young (Normal) (G1 Evacuation Pause)
[2025-08-21T14:53:25.158+0000][1692266][info ][gc,task     ] GC(522) Using 1 workers of 1 for evacuation
[2025-08-21T14:53:25.158+0000][1692266][debug][gc,age      ] GC(522) Desired survivor size 20971520 bytes, new threshold 15 (max threshold 15)
[2025-08-21T14:53:25.159+0000][1692266][info ][gc,phases   ] GC(522)   Pre Evacuate Collection Set: 0.0ms
[2025-08-21T14:53:25.159+0000][1692266][info ][gc,phases   ] GC(522)   Merge Heap Roots: 0.0ms
[2025-08-21T14:53:25.159+0000][1692266][info ][gc,phases   ] GC(522)   Evacuate Collection Set: 0.7ms
[2025-08-21T14:53:25.160+0000][1692266][info ][gc,phases   ] GC(522)   Post Evacuate Collection Set: 0.9ms
[2025-08-21T14:53:25.160+0000][1692266][info ][gc,phases   ] GC(522)   Other: 0.0ms
[2025-08-21T14:53:25.160+0000][1692266][trace][gc,age      ] GC(522) Age table with threshold 15 (max threshold 15)
[2025-08-21T14:53:25.160+0000][1692266][trace][gc,age      ] GC(522) - age   1:      17096 bytes,      17096 total
[2025-08-21T14:53:25.160+0000][1692266][trace][gc,age      ] GC(522) - age   2:        112 bytes,      17208 total
[2025-08-21T14:53:25.160+0000][1692266][trace][gc,age      ] GC(522) - age  11:       1400 bytes,      18608 total
[2025-08-21T14:53:25.160+0000][1692266][trace][gc,age      ] GC(522) - age  12:        432 bytes,      19040 total
[2025-08-21T14:53:25.160+0000][1692266][info ][gc,heap     ] GC(522) Eden regions: 75->0(75)
[2025-08-21T14:53:25.160+0000][1692266][info ][gc,heap     ] GC(522) Survivor regions: 1->1(10)
[2025-08-21T14:53:25.160+0000][1692266][info ][gc,heap     ] GC(522) Old regions: 22->22
[2025-08-21T14:53:25.160+0000][1692266][info ][gc,heap     ] GC(522) Humongous regions: 0->0
[2025-08-21T14:53:25.160+0000][1692266][info ][gc,metaspace] GC(522) Metaspace: 142082K(148544K)->142082K(148544K) NonClass: 123125K(127104K)->123125K(127104K) Class: 18957K(21440K)->18957K(21440K)
[2025-08-21T14:53:25.160+0000][1692266][info ][gc          ] GC(522) Pause Young (Normal) (G1 Evacuation Pause) 387M->87M(512M) 1.880ms
[2025-08-21T14:53:25.160+0000][1692266][info ][gc,cpu      ] GC(522) User=0.00s Sys=0.00s Real=0.00s
[2025-08-21T14:53:25.160+0000][1692266][info ][safepoint   ] Safepoint "G1CollectForAllocation", Time since last: 444559237978 ns, Reaching safepoint: 9795 ns, Cleanup: 2443 ns, At safepoint: 1916715 ns, Total: 1928953 ns
[2025-08-21T15:00:48.742+0000][1692266][info ][gc,start    ] GC(523) Pause Young (Normal) (G1 Evacuation Pause)
[2025-08-21T15:00:48.742+0000][1692266][info ][gc,task     ] GC(523) Using 1 workers of 1 for evacuation
[2025-08-21T15:00:48.742+0000][1692266][debug][gc,age      ] GC(523) Desired survivor size 20971520 bytes, new threshold 15 (max threshold 15)
[2025-08-21T15:00:48.744+0000][1692266][info ][gc,phases   ] GC(523)   Pre Evacuate Collection Set: 0.0ms
[2025-08-21T15:00:48.744+0000][1692266][info ][gc,phases   ] GC(523)   Merge Heap Roots: 0.0ms
[2025-08-21T15:00:48.744+0000][1692266][info ][gc,phases   ] GC(523)   Evacuate Collection Set: 0.7ms
[2025-08-21T15:00:48.744+0000][1692266][info ][gc,phases   ] GC(523)   Post Evacuate Collection Set: 0.8ms
[2025-08-21T15:00:48.744+0000][1692266][info ][gc,phases   ] GC(523)   Other: 0.0ms
[2025-08-21T15:00:48.744+0000][1692266][trace][gc,age      ] GC(523) Age table with threshold 15 (max threshold 15)
[2025-08-21T15:00:48.744+0000][1692266][trace][gc,age      ] GC(523) - age   1:      14008 bytes,      14008 total
[2025-08-21T15:00:48.744+0000][1692266][trace][gc,age      ] GC(523) - age   2:       1280 bytes,      15288 total
[2025-08-21T15:00:48.744+0000][1692266][trace][gc,age      ] GC(523) - age  12:       1400 bytes,      16688 total
[2025-08-21T15:00:48.744+0000][1692266][trace][gc,age      ] GC(523) - age  13:        432 bytes,      17120 total
[2025-08-21T15:00:48.744+0000][1692266][info ][gc,heap     ] GC(523) Eden regions: 75->0(75)
[2025-08-21T15:00:48.744+0000][1692266][info ][gc,heap     ] GC(523) Survivor regions: 1->1(10)
[2025-08-21T15:00:48.744+0000][1692266][info ][gc,heap     ] GC(523) Old regions: 22->22
[2025-08-21T15:00:48.744+0000][1692266][info ][gc,heap     ] GC(523) Humongous regions: 0->0
[2025-08-21T15:00:48.744+0000][1692266][info ][gc,metaspace] GC(523) Metaspace: 142082K(148544K)->142082K(148544K) NonClass: 123125K(127104K)->123125K(127104K) Class: 18957K(21440K)->18957K(21440K)
[2025-08-21T15:00:48.744+0000][1692266][info ][gc          ] GC(523) Pause Young (Normal) (G1 Evacuation Pause) 387M->87M(512M) 1.823ms
[2025-08-21T15:00:48.744+0000][1692266][info ][gc,cpu      ] GC(523) User=0.00s Sys=0.00s Real=0.00s
[2025-08-21T15:00:48.744+0000][1692266][info ][safepoint   ] Safepoint "G1CollectForAllocation", Time since last: 443582152666 ns, Reaching safepoint: 7462 ns, Cleanup: 2974 ns, At safepoint: 1858787 ns, Total: 1869223 ns
[2025-08-21T15:08:13.719+0000][1692266][info ][gc,start    ] GC(524) Pause Young (Normal) (G1 Evacuation Pause)
[2025-08-21T15:08:13.719+0000][1692266][info ][gc,task     ] GC(524) Using 1 workers of 1 for evacuation
[2025-08-21T15:08:13.719+0000][1692266][debug][gc,age      ] GC(524) Desired survivor size 20971520 bytes, new threshold 15 (max threshold 15)
[2025-08-21T15:08:13.721+0000][1692266][info ][gc,phases   ] GC(524)   Pre Evacuate Collection Set: 0.0ms
[2025-08-21T15:08:13.721+0000][1692266][info ][gc,phases   ] GC(524)   Merge Heap Roots: 0.0ms
[2025-08-21T15:08:13.721+0000][1692266][info ][gc,phases   ] GC(524)   Evacuate Collection Set: 0.7ms
[2025-08-21T15:08:13.721+0000][1692266][info ][gc,phases   ] GC(524)   Post Evacuate Collection Set: 0.8ms
[2025-08-21T15:08:13.721+0000][1692266][info ][gc,phases   ] GC(524)   Other: 0.0ms
[2025-08-21T15:08:13.721+0000][1692266][trace][gc,age      ] GC(524) Age table with threshold 15 (max threshold 15)
[2025-08-21T15:08:13.721+0000][1692266][trace][gc,age      ] GC(524) - age   1:      23248 bytes,      23248 total
[2025-08-21T15:08:13.721+0000][1692266][trace][gc,age      ] GC(524) - age   3:        176 bytes,      23424 total
[2025-08-21T15:08:13.721+0000][1692266][trace][gc,age      ] GC(524) - age  13:       1400 bytes,      24824 total
[2025-08-21T15:08:13.721+0000][1692266][trace][gc,age      ] GC(524) - age  14:        432 bytes,      25256 total
[2025-08-21T15:08:13.721+0000][1692266][info ][gc,heap     ] GC(524) Eden regions: 75->0(75)
[2025-08-21T15:08:13.721+0000][1692266][info ][gc,heap     ] GC(524) Survivor regions: 1->1(10)
[2025-08-21T15:08:13.721+0000][1692266][info ][gc,heap     ] GC(524) Old regions: 22->22
[2025-08-21T15:08:13.721+0000][1692266][info ][gc,heap     ] GC(524) Humongous regions: 0->0
[2025-08-21T15:08:13.721+0000][1692266][info ][gc,metaspace] GC(524) Metaspace: 142082K(148544K)->142082K(148544K) NonClass: 123125K(127104K)->123125K(127104K) Class: 18957K(21440K)->18957K(21440K)
[2025-08-21T15:08:13.721+0000][1692266][info ][gc          ] GC(524) Pause Young (Normal) (G1 Evacuation Pause) 387M->87M(512M) 1.764ms
[2025-08-21T15:08:13.721+0000][1692266][info ][gc,cpu      ] GC(524) User=0.00s Sys=0.00s Real=0.00s
[2025-08-21T15:08:13.721+0000][1692266][info ][safepoint   ] Safepoint "G1CollectForAllocation", Time since last: 444975513481 ns, Reaching safepoint: 8152 ns, Cleanup: 2564 ns, At safepoint: 1798677 ns, Total: 1809393 ns
[2025-08-21T15:15:36.891+0000][1692266][info ][gc,start    ] GC(525) Pause Young (Normal) (G1 Evacuation Pause)
[2025-08-21T15:15:36.891+0000][1692266][info ][gc,task     ] GC(525) Using 1 workers of 1 for evacuation
[2025-08-21T15:15:36.891+0000][1692266][debug][gc,age      ] GC(525) Desired survivor size 20971520 bytes, new threshold 15 (max threshold 15)
[2025-08-21T15:15:36.893+0000][1692266][info ][gc,phases   ] GC(525)   Pre Evacuate Collection Set: 0.0ms
[2025-08-21T15:15:36.893+0000][1692266][info ][gc,phases   ] GC(525)   Merge Heap Roots: 0.0ms
[2025-08-21T15:15:36.893+0000][1692266][info ][gc,phases   ] GC(525)   Evacuate Collection Set: 0.7ms
[2025-08-21T15:15:36.893+0000][1692266][info ][gc,phases   ] GC(525)   Post Evacuate Collection Set: 0.7ms
[2025-08-21T15:15:36.893+0000][1692266][info ][gc,phases   ] GC(525)   Other: 0.0ms
[2025-08-21T15:15:36.893+0000][1692266][trace][gc,age      ] GC(525) Age table with threshold 15 (max threshold 15)
[2025-08-21T15:15:36.893+0000][1692266][trace][gc,age      ] GC(525) - age   1:      14712 bytes,      14712 total
[2025-08-21T15:15:36.893+0000][1692266][trace][gc,age      ] GC(525) - age   2:        664 bytes,      15376 total
[2025-08-21T15:15:36.893+0000][1692266][trace][gc,age      ] GC(525) - age   4:        176 bytes,      15552 total
[2025-08-21T15:15:36.893+0000][1692266][trace][gc,age      ] GC(525) - age  14:       1400 bytes,      16952 total
[2025-08-21T15:15:36.893+0000][1692266][trace][gc,age      ] GC(525) - age  15:        432 bytes,      17384 total
[2025-08-21T15:15:36.893+0000][1692266][info ][gc,heap     ] GC(525) Eden regions: 75->0(75)
[2025-08-21T15:15:36.893+0000][1692266][info ][gc,heap     ] GC(525) Survivor regions: 1->1(10)
[2025-08-21T15:15:36.893+0000][1692266][info ][gc,heap     ] GC(525) Old regions: 22->22
[2025-08-21T15:15:36.893+0000][1692266][info ][gc,heap     ] GC(525) Humongous regions: 0->0
[2025-08-21T15:15:36.893+0000][1692266][info ][gc,metaspace] GC(525) Metaspace: 142082K(148544K)->142082K(148544K) NonClass: 123125K(127104K)->123125K(127104K) Class: 18957K(21440K)->18957K(21440K)
[2025-08-21T15:15:36.893+0000][1692266][info ][gc          ] GC(525) Pause Young (Normal) (G1 Evacuation Pause) 387M->87M(512M) 2.111ms
[2025-08-21T15:15:36.893+0000][1692266][info ][gc,cpu      ] GC(525) User=0.00s Sys=0.00s Real=0.00s
[2025-08-21T15:15:36.893+0000][1692266][info ][safepoint   ] Safepoint "G1CollectForAllocation", Time since last: 443169652555 ns, Reaching safepoint: 5268 ns, Cleanup: 3496 ns, At safepoint: 2149365 ns, Total: 2158129 ns
[2025-08-21T15:23:00.715+0000][1692266][info ][gc,start    ] GC(526) Pause Young (Normal) (G1 Evacuation Pause)
[2025-08-21T15:23:00.715+0000][1692266][info ][gc,task     ] GC(526) Using 1 workers of 1 for evacuation
[2025-08-21T15:23:00.715+0000][1692266][debug][gc,age      ] GC(526) Desired survivor size 20971520 bytes, new threshold 15 (max threshold 15)
[2025-08-21T15:23:00.717+0000][1692266][info ][gc,phases   ] GC(526)   Pre Evacuate Collection Set: 0.0ms
[2025-08-21T15:23:00.717+0000][1692266][info ][gc,phases   ] GC(526)   Merge Heap Roots: 0.0ms
[2025-08-21T15:23:00.717+0000][1692266][info ][gc,phases   ] GC(526)   Evacuate Collection Set: 0.7ms
[2025-08-21T15:23:00.717+0000][1692266][info ][gc,phases   ] GC(526)   Post Evacuate Collection Set: 0.7ms
[2025-08-21T15:23:00.717+0000][1692266][info ][gc,phases   ] GC(526)   Other: 0.0ms
[2025-08-21T15:23:00.717+0000][1692266][trace][gc,age      ] GC(526) Age table with threshold 15 (max threshold 15)
[2025-08-21T15:23:00.717+0000][1692266][trace][gc,age      ] GC(526) - age   1:      15320 bytes,      15320 total
[2025-08-21T15:23:00.717+0000][1692266][trace][gc,age      ] GC(526) - age   5:        176 bytes,      15496 total
[2025-08-21T15:23:00.717+0000][1692266][trace][gc,age      ] GC(526) - age  15:       1400 bytes,      16896 total
[2025-08-21T15:23:00.717+0000][1692266][info ][gc,heap     ] GC(526) Eden regions: 75->0(75)
[2025-08-21T15:23:00.717+0000][1692266][info ][gc,heap     ] GC(526) Survivor regions: 1->1(10)
[2025-08-21T15:23:00.717+0000][1692266][info ][gc,heap     ] GC(526) Old regions: 22->22
[2025-08-21T15:23:00.717+0000][1692266][info ][gc,heap     ] GC(526) Humongous regions: 0->0
[2025-08-21T15:23:00.717+0000][1692266][info ][gc,metaspace] GC(526) Metaspace: 142082K(148544K)->142082K(148544K) NonClass: 123125K(127104K)->123125K(127104K) Class: 18957K(21440K)->18957K(21440K)
[2025-08-21T15:23:00.717+0000][1692266][info ][gc          ] GC(526) Pause Young (Normal) (G1 Evacuation Pause) 387M->87M(512M) 2.017ms
[2025-08-21T15:23:00.717+0000][1692266][info ][gc,cpu      ] GC(526) User=0.00s Sys=0.00s Real=0.01s
[2025-08-21T15:23:00.717+0000][1692266][info ][safepoint   ] Safepoint "G1CollectForAllocation", Time since last: 443821920177 ns, Reaching safepoint: 8593 ns, Cleanup: 3465 ns, At safepoint: 2054062 ns, Total: 2066120 ns
[2025-08-21T15:30:24.682+0000][1692266][info ][gc,start    ] GC(527) Pause Young (Normal) (G1 Evacuation Pause)
[2025-08-21T15:30:24.682+0000][1692266][info ][gc,task     ] GC(527) Using 1 workers of 1 for evacuation
[2025-08-21T15:30:24.682+0000][1692266][debug][gc,age      ] GC(527) Desired survivor size 20971520 bytes, new threshold 15 (max threshold 15)
[2025-08-21T15:30:24.684+0000][1692266][info ][gc,phases   ] GC(527)   Pre Evacuate Collection Set: 0.1ms
[2025-08-21T15:30:24.684+0000][1692266][info ][gc,phases   ] GC(527)   Merge Heap Roots: 0.0ms
[2025-08-21T15:30:24.684+0000][1692266][info ][gc,phases   ] GC(527)   Evacuate Collection Set: 0.6ms
[2025-08-21T15:30:24.684+0000][1692266][info ][gc,phases   ] GC(527)   Post Evacuate Collection Set: 0.7ms
[2025-08-21T15:30:24.684+0000][1692266][info ][gc,phases   ] GC(527)   Other: 0.0ms
[2025-08-21T15:30:24.684+0000][1692266][trace][gc,age      ] GC(527) Age table with threshold 15 (max threshold 15)
[2025-08-21T15:30:24.684+0000][1692266][trace][gc,age      ] GC(527) - age   1:      14208 bytes,      14208 total
[2025-08-21T15:30:24.684+0000][1692266][trace][gc,age      ] GC(527) - age   2:       1104 bytes,      15312 total
[2025-08-21T15:30:24.684+0000][1692266][trace][gc,age      ] GC(527) - age   6:        176 bytes,      15488 total
[2025-08-21T15:30:24.684+0000][1692266][info ][gc,heap     ] GC(527) Eden regions: 75->0(75)
[2025-08-21T15:30:24.684+0000][1692266][info ][gc,heap     ] GC(527) Survivor regions: 1->1(10)
[2025-08-21T15:30:24.684+0000][1692266][info ][gc,heap     ] GC(527) Old regions: 22->22
[2025-08-21T15:30:24.684+0000][1692266][info ][gc,heap     ] GC(527) Humongous regions: 0->0
[2025-08-21T15:30:24.684+0000][1692266][info ][gc,metaspace] GC(527) Metaspace: 142082K(148544K)->142082K(148544K) NonClass: 123125K(127104K)->123125K(127104K) Class: 18957K(21440K)->18957K(21440K)
[2025-08-21T15:30:24.684+0000][1692266][info ][gc          ] GC(527) Pause Young (Normal) (G1 Evacuation Pause) 387M->87M(512M) 1.942ms
[2025-08-21T15:30:24.684+0000][1692266][info ][gc,cpu      ] GC(527) User=0.01s Sys=0.00s Real=0.00s
[2025-08-21T15:30:24.684+0000][1692266][info ][safepoint   ] Safepoint "G1CollectForAllocation", Time since last: 443965206054 ns, Reaching safepoint: 8623 ns, Cleanup: 3175 ns, At safepoint: 1979620 ns, Total: 1991418 ns
[2025-08-21T15:37:47.916+0000][1692266][info ][gc,start    ] GC(528) Pause Young (Normal) (G1 Evacuation Pause)
[2025-08-21T15:37:47.916+0000][1692266][info ][gc,task     ] GC(528) Using 1 workers of 1 for evacuation
[2025-08-21T15:37:47.916+0000][1692266][debug][gc,age      ] GC(528) Desired survivor size 20971520 bytes, new threshold 15 (max threshold 15)
[2025-08-21T15:37:47.918+0000][1692266][info ][gc,phases   ] GC(528)   Pre Evacuate Collection Set: 0.0ms
[2025-08-21T15:37:47.918+0000][1692266][info ][gc,phases   ] GC(528)   Merge Heap Roots: 0.0ms
[2025-08-21T15:37:47.918+0000][1692266][info ][gc,phases   ] GC(528)   Evacuate Collection Set: 0.8ms
[2025-08-21T15:37:47.918+0000][1692266][info ][gc,phases   ] GC(528)   Post Evacuate Collection Set: 0.7ms
[2025-08-21T15:37:47.918+0000][1692266][info ][gc,phases   ] GC(528)   Other: 0.0ms
[2025-08-21T15:37:47.918+0000][1692266][trace][gc,age      ] GC(528) Age table with threshold 15 (max threshold 15)
[2025-08-21T15:37:47.918+0000][1692266][trace][gc,age      ] GC(528) - age   1:     102512 bytes,     102512 total
[2025-08-21T15:37:47.918+0000][1692266][trace][gc,age      ] GC(528) - age   7:        176 bytes,     102688 total
[2025-08-21T15:37:47.918+0000][1692266][info ][gc,heap     ] GC(528) Eden regions: 75->0(75)
[2025-08-21T15:37:47.918+0000][1692266][info ][gc,heap     ] GC(528) Survivor regions: 1->1(10)
[2025-08-21T15:37:47.918+0000][1692266][info ][gc,heap     ] GC(528) Old regions: 22->22
[2025-08-21T15:37:47.918+0000][1692266][info ][gc,heap     ] GC(528) Humongous regions: 0->0
[2025-08-21T15:37:47.918+0000][1692266][info ][gc,metaspace] GC(528) Metaspace: 142082K(148544K)->142082K(148544K) NonClass: 123125K(127104K)->123125K(127104K) Class: 18957K(21440K)->18957K(21440K)
[2025-08-21T15:37:47.918+0000][1692266][info ][gc          ] GC(528) Pause Young (Normal) (G1 Evacuation Pause) 387M->87M(512M) 2.061ms
[2025-08-21T15:37:47.918+0000][1692266][info ][gc,cpu      ] GC(528) User=0.01s Sys=0.00s Real=0.00s
[2025-08-21T15:37:47.918+0000][1692266][info ][safepoint   ] Safepoint "G1CollectForAllocation", Time since last: 443231600496 ns, Reaching safepoint: 8543 ns, Cleanup: 3705 ns, At safepoint: 2098709 ns, Total: 2110957 ns
[2025-08-21T15:45:12.021+0000][1692266][info ][gc,start    ] GC(529) Pause Young (Normal) (G1 Evacuation Pause)
[2025-08-21T15:45:12.021+0000][1692266][info ][gc,task     ] GC(529) Using 1 workers of 1 for evacuation
[2025-08-21T15:45:12.021+0000][1692266][debug][gc,age      ] GC(529) Desired survivor size 20971520 bytes, new threshold 15 (max threshold 15)
[2025-08-21T15:45:12.023+0000][1692266][info ][gc,phases   ] GC(529)   Pre Evacuate Collection Set: 0.1ms
[2025-08-21T15:45:12.023+0000][1692266][info ][gc,phases   ] GC(529)   Merge Heap Roots: 0.0ms
[2025-08-21T15:45:12.023+0000][1692266][info ][gc,phases   ] GC(529)   Evacuate Collection Set: 0.7ms
[2025-08-21T15:45:12.023+0000][1692266][info ][gc,phases   ] GC(529)   Post Evacuate Collection Set: 1.0ms
[2025-08-21T15:45:12.023+0000][1692266][info ][gc,phases   ] GC(529)   Other: 0.0ms
[2025-08-21T15:45:12.023+0000][1692266][trace][gc,age      ] GC(529) Age table with threshold 15 (max threshold 15)
[2025-08-21T15:45:12.023+0000][1692266][trace][gc,age      ] GC(529) - age   1:      16208 bytes,      16208 total
[2025-08-21T15:45:12.023+0000][1692266][trace][gc,age      ] GC(529) - age   2:        664 bytes,      16872 total
[2025-08-21T15:45:12.023+0000][1692266][trace][gc,age      ] GC(529) - age   8:        176 bytes,      17048 total
[2025-08-21T15:45:12.023+0000][1692266][info ][gc,heap     ] GC(529) Eden regions: 75->0(75)
[2025-08-21T15:45:12.023+0000][1692266][info ][gc,heap     ] GC(529) Survivor regions: 1->1(10)
[2025-08-21T15:45:12.023+0000][1692266][info ][gc,heap     ] GC(529) Old regions: 22->22
[2025-08-21T15:45:12.023+0000][1692266][info ][gc,heap     ] GC(529) Humongous regions: 0->0
[2025-08-21T15:45:12.023+0000][1692266][info ][gc,metaspace] GC(529) Metaspace: 142082K(148544K)->142082K(148544K) NonClass: 123125K(127104K)->123125K(127104K) Class: 18957K(21440K)->18957K(21440K)
[2025-08-21T15:45:12.023+0000][1692266][info ][gc          ] GC(529) Pause Young (Normal) (G1 Evacuation Pause) 387M->87M(512M) 2.072ms
[2025-08-21T15:45:12.023+0000][1692266][info ][gc,cpu      ] GC(529) User=0.00s Sys=0.00s Real=0.00s
[2025-08-21T15:45:12.023+0000][1692266][info ][safepoint   ] Safepoint "G1CollectForAllocation", Time since last: 444103588169 ns, Reaching safepoint: 9815 ns, Cleanup: 2464 ns, At safepoint: 2109866 ns, Total: 2122145 ns
[2025-08-21T15:52:34.414+0000][1692266][info ][gc,start    ] GC(530) Pause Young (Normal) (G1 Evacuation Pause)
[2025-08-21T15:52:34.414+0000][1692266][info ][gc,task     ] GC(530) Using 1 workers of 1 for evacuation
[2025-08-21T15:52:34.414+0000][1692266][debug][gc,age      ] GC(530) Desired survivor size 20971520 bytes, new threshold 15 (max threshold 15)
[2025-08-21T15:52:34.416+0000][1692266][info ][gc,phases   ] GC(530)   Pre Evacuate Collection Set: 0.0ms
[2025-08-21T15:52:34.416+0000][1692266][info ][gc,phases   ] GC(530)   Merge Heap Roots: 0.0ms
[2025-08-21T15:52:34.416+0000][1692266][info ][gc,phases   ] GC(530)   Evacuate Collection Set: 0.6ms
[2025-08-21T15:52:34.416+0000][1692266][info ][gc,phases   ] GC(530)   Post Evacuate Collection Set: 0.8ms
[2025-08-21T15:52:34.416+0000][1692266][info ][gc,phases   ] GC(530)   Other: 0.0ms
[2025-08-21T15:52:34.416+0000][1692266][trace][gc,age      ] GC(530) Age table with threshold 15 (max threshold 15)
[2025-08-21T15:52:34.416+0000][1692266][trace][gc,age      ] GC(530) - age   1:      17320 bytes,      17320 total
[2025-08-21T15:52:34.416+0000][1692266][info ][gc,heap     ] GC(530) Eden regions: 75->0(75)
[2025-08-21T15:52:34.416+0000][1692266][info ][gc,heap     ] GC(530) Survivor regions: 1->1(10)
[2025-08-21T15:52:34.416+0000][1692266][info ][gc,heap     ] GC(530) Old regions: 22->22
[2025-08-21T15:52:34.416+0000][1692266][info ][gc,heap     ] GC(530) Humongous regions: 0->0
[2025-08-21T15:52:34.416+0000][1692266][info ][gc,metaspace] GC(530) Metaspace: 142082K(148544K)->142082K(148544K) NonClass: 123125K(127104K)->123125K(127104K) Class: 18957K(21440K)->18957K(21440K)
[2025-08-21T15:52:34.416+0000][1692266][info ][gc          ] GC(530) Pause Young (Normal) (G1 Evacuation Pause) 387M->87M(512M) 1.991ms
[2025-08-21T15:52:34.416+0000][1692266][info ][gc,cpu      ] GC(530) User=0.00s Sys=0.00s Real=0.01s
[2025-08-21T15:52:34.416+0000][1692266][info ][safepoint   ] Safepoint "G1CollectForAllocation", Time since last: 442390640720 ns, Reaching safepoint: 9705 ns, Cleanup: 3135 ns, At safepoint: 2027061 ns, Total: 2039901 ns
[2025-08-21T15:59:58.330+0000][1692266][info ][gc,start    ] GC(531) Pause Young (Normal) (G1 Evacuation Pause)
[2025-08-21T15:59:58.331+0000][1692266][info ][gc,task     ] GC(531) Using 1 workers of 1 for evacuation
[2025-08-21T15:59:58.331+0000][1692266][debug][gc,age      ] GC(531) Desired survivor size 20971520 bytes, new threshold 15 (max threshold 15)
[2025-08-21T15:59:58.332+0000][1692266][info ][gc,phases   ] GC(531)   Pre Evacuate Collection Set: 0.0ms
[2025-08-21T15:59:58.332+0000][1692266][info ][gc,phases   ] GC(531)   Merge Heap Roots: 0.0ms
[2025-08-21T15:59:58.332+0000][1692266][info ][gc,phases   ] GC(531)   Evacuate Collection Set: 0.6ms
[2025-08-21T15:59:58.332+0000][1692266][info ][gc,phases   ] GC(531)   Post Evacuate Collection Set: 0.7ms
[2025-08-21T15:59:58.332+0000][1692266][info ][gc,phases   ] GC(531)   Other: 0.0ms
[2025-08-21T15:59:58.332+0000][1692266][trace][gc,age      ] GC(531) Age table with threshold 15 (max threshold 15)
[2025-08-21T15:59:58.332+0000][1692266][trace][gc,age      ] GC(531) - age   1:      14008 bytes,      14008 total
[2025-08-21T15:59:58.332+0000][1692266][trace][gc,age      ] GC(531) - age   2:       1280 bytes,      15288 total
[2025-08-21T15:59:58.332+0000][1692266][info ][gc,heap     ] GC(531) Eden regions: 75->0(75)
[2025-08-21T15:59:58.332+0000][1692266][info ][gc,heap     ] GC(531) Survivor regions: 1->1(10)
[2025-08-21T15:59:58.332+0000][1692266][info ][gc,heap     ] GC(531) Old regions: 22->22
[2025-08-21T15:59:58.332+0000][1692266][info ][gc,heap     ] GC(531) Humongous regions: 0->0
[2025-08-21T15:59:58.332+0000][1692266][info ][gc,metaspace] GC(531) Metaspace: 142082K(148544K)->142082K(148544K) NonClass: 123125K(127104K)->123125K(127104K) Class: 18957K(21440K)->18957K(21440K)
[2025-08-21T15:59:58.332+0000][1692266][info ][gc          ] GC(531) Pause Young (Normal) (G1 Evacuation Pause) 387M->87M(512M) 1.996ms
[2025-08-21T15:59:58.332+0000][1692266][info ][gc,cpu      ] GC(531) User=0.00s Sys=0.00s Real=0.00s
[2025-08-21T15:59:58.332+0000][1692266][info ][safepoint   ] Safepoint "G1CollectForAllocation", Time since last: 443914292183 ns, Reaching safepoint: 8303 ns, Cleanup: 3405 ns, At safepoint: 2037617 ns, Total: 2049325 ns
[2025-08-21T16:07:22.839+0000][1692266][info ][gc,start    ] GC(532) Pause Young (Normal) (G1 Evacuation Pause)
[2025-08-21T16:07:22.839+0000][1692266][info ][gc,task     ] GC(532) Using 1 workers of 1 for evacuation
[2025-08-21T16:07:22.839+0000][1692266][debug][gc,age      ] GC(532) Desired survivor size 20971520 bytes, new threshold 15 (max threshold 15)
[2025-08-21T16:07:22.841+0000][1692266][info ][gc,phases   ] GC(532)   Pre Evacuate Collection Set: 0.2ms
[2025-08-21T16:07:22.841+0000][1692266][info ][gc,phases   ] GC(532)   Merge Heap Roots: 0.0ms
[2025-08-21T16:07:22.841+0000][1692266][info ][gc,phases   ] GC(532)   Evacuate Collection Set: 0.8ms
[2025-08-21T16:07:22.841+0000][1692266][info ][gc,phases   ] GC(532)   Post Evacuate Collection Set: 0.8ms
[2025-08-21T16:07:22.841+0000][1692266][info ][gc,phases   ] GC(532)   Other: 0.4ms
[2025-08-21T16:07:22.841+0000][1692266][trace][gc,age      ] GC(532) Age table with threshold 15 (max threshold 15)
[2025-08-21T16:07:22.841+0000][1692266][trace][gc,age      ] GC(532) - age   1:      16968 bytes,      16968 total
[2025-08-21T16:07:22.841+0000][1692266][trace][gc,age      ] GC(532) - age   3:        176 bytes,      17144 total
[2025-08-21T16:07:22.841+0000][1692266][info ][gc,heap     ] GC(532) Eden regions: 75->0(75)
[2025-08-21T16:07:22.841+0000][1692266][info ][gc,heap     ] GC(532) Survivor regions: 1->1(10)
[2025-08-21T16:07:22.841+0000][1692266][info ][gc,heap     ] GC(532) Old regions: 22->22
[2025-08-21T16:07:22.841+0000][1692266][info ][gc,heap     ] GC(532) Humongous regions: 0->0
[2025-08-21T16:07:22.841+0000][1692266][info ][gc,metaspace] GC(532) Metaspace: 142082K(148544K)->142082K(148544K) NonClass: 123125K(127104K)->123125K(127104K) Class: 18957K(21440K)->18957K(21440K)
[2025-08-21T16:07:22.841+0000][1692266][info ][gc          ] GC(532) Pause Young (Normal) (G1 Evacuation Pause) 387M->87M(512M) 2.453ms
[2025-08-21T16:07:22.841+0000][1692266][info ][gc,cpu      ] GC(532) User=0.00s Sys=0.00s Real=0.00s
[2025-08-21T16:07:22.841+0000][1692266][info ][safepoint   ] Safepoint "G1CollectForAllocation", Time since last: 444506523481 ns, Reaching safepoint: 9765 ns, Cleanup: 2674 ns, At safepoint: 2498042 ns, Total: 2510481 ns
[2025-08-21T16:14:46.320+0000][1692266][info ][gc,start    ] GC(533) Pause Young (Normal) (G1 Evacuation Pause)
[2025-08-21T16:14:46.321+0000][1692266][info ][gc,task     ] GC(533) Using 1 workers of 1 for evacuation
[2025-08-21T16:14:46.321+0000][1692266][debug][gc,age      ] GC(533) Desired survivor size 20971520 bytes, new threshold 15 (max threshold 15)
[2025-08-21T16:14:46.322+0000][1692266][info ][gc,phases   ] GC(533)   Pre Evacuate Collection Set: 0.1ms
[2025-08-21T16:14:46.322+0000][1692266][info ][gc,phases   ] GC(533)   Merge Heap Roots: 0.0ms
[2025-08-21T16:14:46.322+0000][1692266][info ][gc,phases   ] GC(533)   Evacuate Collection Set: 0.7ms
[2025-08-21T16:14:46.322+0000][1692266][info ][gc,phases   ] GC(533)   Post Evacuate Collection Set: 0.7ms
[2025-08-21T16:14:46.322+0000][1692266][info ][gc,phases   ] GC(533)   Other: 0.0ms
[2025-08-21T16:14:46.322+0000][1692266][trace][gc,age      ] GC(533) Age table with threshold 15 (max threshold 15)
[2025-08-21T16:14:46.322+0000][1692266][trace][gc,age      ] GC(533) - age   1:      33664 bytes,      33664 total
[2025-08-21T16:14:46.322+0000][1692266][trace][gc,age      ] GC(533) - age   2:        664 bytes,      34328 total
[2025-08-21T16:14:46.322+0000][1692266][trace][gc,age      ] GC(533) - age   4:        176 bytes,      34504 total
[2025-08-21T16:14:46.322+0000][1692266][info ][gc,heap     ] GC(533) Eden regions: 75->0(75)
[2025-08-21T16:14:46.322+0000][1692266][info ][gc,heap     ] GC(533) Survivor regions: 1->1(10)
[2025-08-21T16:14:46.322+0000][1692266][info ][gc,heap     ] GC(533) Old regions: 22->22
[2025-08-21T16:14:46.322+0000][1692266][info ][gc,heap     ] GC(533) Humongous regions: 0->0
[2025-08-21T16:14:46.322+0000][1692266][info ][gc,metaspace] GC(533) Metaspace: 142082K(148544K)->142082K(148544K) NonClass: 123125K(127104K)->123125K(127104K) Class: 18957K(21440K)->18957K(21440K)
[2025-08-21T16:14:46.322+0000][1692266][info ][gc          ] GC(533) Pause Young (Normal) (G1 Evacuation Pause) 387M->87M(512M) 1.765ms
[2025-08-21T16:14:46.322+0000][1692266][info ][gc,cpu      ] GC(533) User=0.00s Sys=0.01s Real=0.00s
[2025-08-21T16:14:46.322+0000][1692266][info ][safepoint   ] Safepoint "G1CollectForAllocation", Time since last: 443479026887 ns, Reaching safepoint: 8152 ns, Cleanup: 3005 ns, At safepoint: 1801610 ns, Total: 1812767 ns
[2025-08-21T16:22:10.562+0000][1692266][info ][gc,start    ] GC(534) Pause Young (Normal) (G1 Evacuation Pause)
[2025-08-21T16:22:10.562+0000][1692266][info ][gc,task     ] GC(534) Using 1 workers of 1 for evacuation
[2025-08-21T16:22:10.562+0000][1692266][debug][gc,age      ] GC(534) Desired survivor size 20971520 bytes, new threshold 15 (max threshold 15)
[2025-08-21T16:22:10.564+0000][1692266][info ][gc,phases   ] GC(534)   Pre Evacuate Collection Set: 0.1ms
[2025-08-21T16:22:10.564+0000][1692266][info ][gc,phases   ] GC(534)   Merge Heap Roots: 0.0ms
[2025-08-21T16:22:10.564+0000][1692266][info ][gc,phases   ] GC(534)   Evacuate Collection Set: 0.7ms
[2025-08-21T16:22:10.564+0000][1692266][info ][gc,phases   ] GC(534)   Post Evacuate Collection Set: 0.7ms
[2025-08-21T16:22:10.564+0000][1692266][info ][gc,phases   ] GC(534)   Other: 0.0ms
[2025-08-21T16:22:10.564+0000][1692266][trace][gc,age      ] GC(534) Age table with threshold 15 (max threshold 15)
[2025-08-21T16:22:10.564+0000][1692266][trace][gc,age      ] GC(534) - age   1:      15560 bytes,      15560 total
[2025-08-21T16:22:10.564+0000][1692266][trace][gc,age      ] GC(534) - age   5:        176 bytes,      15736 total
[2025-08-21T16:22:10.564+0000][1692266][info ][gc,heap     ] GC(534) Eden regions: 75->0(75)
[2025-08-21T16:22:10.564+0000][1692266][info ][gc,heap     ] GC(534) Survivor regions: 1->1(10)
[2025-08-21T16:22:10.564+0000][1692266][info ][gc,heap     ] GC(534) Old regions: 22->22
[2025-08-21T16:22:10.564+0000][1692266][info ][gc,heap     ] GC(534) Humongous regions: 0->0
[2025-08-21T16:22:10.564+0000][1692266][info ][gc,metaspace] GC(534) Metaspace: 142082K(148544K)->142082K(148544K) NonClass: 123125K(127104K)->123125K(127104K) Class: 18957K(21440K)->18957K(21440K)
[2025-08-21T16:22:10.564+0000][1692266][info ][gc          ] GC(534) Pause Young (Normal) (G1 Evacuation Pause) 387M->87M(512M) 2.082ms
[2025-08-21T16:22:10.564+0000][1692266][info ][gc,cpu      ] GC(534) User=0.00s Sys=0.00s Real=0.00s
[2025-08-21T16:22:10.564+0000][1692266][info ][safepoint   ] Safepoint "G1CollectForAllocation", Time since last: 444239504331 ns, Reaching safepoint: 8102 ns, Cleanup: 2904 ns, At safepoint: 2119721 ns, Total: 2130727 ns
[2025-08-21T16:29:33.851+0000][1692266][info ][gc,start    ] GC(535) Pause Young (Normal) (G1 Evacuation Pause)
[2025-08-21T16:29:33.851+0000][1692266][info ][gc,task     ] GC(535) Using 1 workers of 1 for evacuation
[2025-08-21T16:29:33.851+0000][1692266][debug][gc,age      ] GC(535) Desired survivor size 20971520 bytes, new threshold 15 (max threshold 15)
[2025-08-21T16:29:33.853+0000][1692266][info ][gc,phases   ] GC(535)   Pre Evacuate Collection Set: 0.0ms
[2025-08-21T16:29:33.853+0000][1692266][info ][gc,phases   ] GC(535)   Merge Heap Roots: 0.0ms
[2025-08-21T16:29:33.853+0000][1692266][info ][gc,phases   ] GC(535)   Evacuate Collection Set: 0.6ms
[2025-08-21T16:29:33.853+0000][1692266][info ][gc,phases   ] GC(535)   Post Evacuate Collection Set: 0.7ms
[2025-08-21T16:29:33.853+0000][1692266][info ][gc,phases   ] GC(535)   Other: 0.0ms
[2025-08-21T16:29:33.853+0000][1692266][trace][gc,age      ] GC(535) Age table with threshold 15 (max threshold 15)
[2025-08-21T16:29:33.853+0000][1692266][trace][gc,age      ] GC(535) - age   1:      15248 bytes,      15248 total
[2025-08-21T16:29:33.853+0000][1692266][trace][gc,age      ] GC(535) - age   2:       1104 bytes,      16352 total
[2025-08-21T16:29:33.853+0000][1692266][trace][gc,age      ] GC(535) - age   6:        176 bytes,      16528 total
[2025-08-21T16:29:33.853+0000][1692266][info ][gc,heap     ] GC(535) Eden regions: 75->0(75)
[2025-08-21T16:29:33.853+0000][1692266][info ][gc,heap     ] GC(535) Survivor regions: 1->1(10)
[2025-08-21T16:29:33.853+0000][1692266][info ][gc,heap     ] GC(535) Old regions: 22->22
[2025-08-21T16:29:33.853+0000][1692266][info ][gc,heap     ] GC(535) Humongous regions: 0->0
[2025-08-21T16:29:33.853+0000][1692266][info ][gc,metaspace] GC(535) Metaspace: 142082K(148544K)->142082K(148544K) NonClass: 123125K(127104K)->123125K(127104K) Class: 18957K(21440K)->18957K(21440K)
[2025-08-21T16:29:33.853+0000][1692266][info ][gc          ] GC(535) Pause Young (Normal) (G1 Evacuation Pause) 387M->87M(512M) 2.024ms
[2025-08-21T16:29:33.853+0000][1692266][info ][gc,cpu      ] GC(535) User=0.00s Sys=0.00s Real=0.00s
[2025-08-21T16:29:33.853+0000][1692266][info ][safepoint   ] Safepoint "G1CollectForAllocation", Time since last: 443286722660 ns, Reaching safepoint: 10035 ns, Cleanup: 3014 ns, At safepoint: 2059360 ns, Total: 2072409 ns
[2025-08-21T16:36:59.122+0000][1692266][info ][gc,start    ] GC(536) Pause Young (Normal) (G1 Evacuation Pause)
[2025-08-21T16:36:59.122+0000][1692266][info ][gc,task     ] GC(536) Using 1 workers of 1 for evacuation
[2025-08-21T16:36:59.122+0000][1692266][debug][gc,age      ] GC(536) Desired survivor size 20971520 bytes, new threshold 15 (max threshold 15)
[2025-08-21T16:36:59.124+0000][1692266][info ][gc,phases   ] GC(536)   Pre Evacuate Collection Set: 0.0ms
[2025-08-21T16:36:59.124+0000][1692266][info ][gc,phases   ] GC(536)   Merge Heap Roots: 0.0ms
[2025-08-21T16:36:59.124+0000][1692266][info ][gc,phases   ] GC(536)   Evacuate Collection Set: 0.6ms
[2025-08-21T16:36:59.124+0000][1692266][info ][gc,phases   ] GC(536)   Post Evacuate Collection Set: 0.7ms
[2025-08-21T16:36:59.124+0000][1692266][info ][gc,phases   ] GC(536)   Other: 0.0ms
[2025-08-21T16:36:59.124+0000][1692266][trace][gc,age      ] GC(536) Age table with threshold 15 (max threshold 15)
[2025-08-21T16:36:59.124+0000][1692266][trace][gc,age      ] GC(536) - age   1:      15312 bytes,      15312 total
[2025-08-21T16:36:59.124+0000][1692266][trace][gc,age      ] GC(536) - age   7:        176 bytes,      15488 total
[2025-08-21T16:36:59.124+0000][1692266][info ][gc,heap     ] GC(536) Eden regions: 75->0(75)
[2025-08-21T16:36:59.124+0000][1692266][info ][gc,heap     ] GC(536) Survivor regions: 1->1(10)
[2025-08-21T16:36:59.124+0000][1692266][info ][gc,heap     ] GC(536) Old regions: 22->22
[2025-08-21T16:36:59.124+0000][1692266][info ][gc,heap     ] GC(536) Humongous regions: 0->0
[2025-08-21T16:36:59.124+0000][1692266][info ][gc,metaspace] GC(536) Metaspace: 142082K(148544K)->142082K(148544K) NonClass: 123125K(127104K)->123125K(127104K) Class: 18957K(21440K)->18957K(21440K)
[2025-08-21T16:36:59.124+0000][1692266][info ][gc          ] GC(536) Pause Young (Normal) (G1 Evacuation Pause) 387M->87M(512M) 1.913ms
[2025-08-21T16:36:59.124+0000][1692266][info ][gc,cpu      ] GC(536) User=0.00s Sys=0.00s Real=0.00s
[2025-08-21T16:36:59.124+0000][1692266][info ][safepoint   ] Safepoint "G1CollectForAllocation", Time since last: 445268996634 ns, Reaching safepoint: 5829 ns, Cleanup: 3115 ns, At safepoint: 1948001 ns, Total: 1956945 ns
[2025-08-21T16:38:49.142+0000][1692266][info ][safepoint   ] Safepoint "Cleanup", Time since last: 110010131111 ns, Reaching safepoint: 8435568 ns, Cleanup: 13500 ns, At safepoint: 4217 ns, Total: 8453285 ns
[2025-08-21T16:38:50.146+0000][1692266][info ][safepoint   ] Safepoint "Cleanup", Time since last: 1001277809 ns, Reaching safepoint: 2600257 ns, Cleanup: 25488 ns, At safepoint: 3956 ns, Total: 2629701 ns
[2025-08-21T16:38:51.146+0000][1692266][info ][safepoint   ] Safepoint "Cleanup", Time since last: 1000091498 ns, Reaching safepoint: 7081 ns, Cleanup: 21101 ns, At safepoint: 2014 ns, Total: 30196 ns
[2025-08-21T16:38:56.147+0000][1692266][info ][safepoint   ] Safepoint "Cleanup", Time since last: 5000363537 ns, Reaching safepoint: 312943 ns, Cleanup: 12359 ns, At safepoint: 2373 ns, Total: 327675 ns
[2025-08-21T16:39:01.149+0000][1692266][info ][safepoint   ] Safepoint "Cleanup", Time since last: 5000349337 ns, Reaching safepoint: 305321 ns, Cleanup: 12439 ns, At safepoint: 11387 ns, Total: 329147 ns
[2025-08-21T16:39:26.151+0000][1692266][info ][safepoint   ] Safepoint "Cleanup", Time since last: 25003583295 ns, Reaching safepoint: 32810 ns, Cleanup: 11437 ns, At safepoint: 2554 ns, Total: 46801 ns
[2025-08-21T16:39:31.154+0000][1692266][info ][safepoint   ] Safepoint "Cleanup", Time since last: 5002588698 ns, Reaching safepoint: 33561 ns, Cleanup: 10876 ns, At safepoint: 2624 ns, Total: 47061 ns
[2025-08-21T16:39:37.874+0000][1692266][info ][safepoint   ] Safepoint "Cleanup", Time since last: 6720264640 ns, Reaching safepoint: 5047 ns, Cleanup: 17827 ns, At safepoint: 1603 ns, Total: 24477 ns
[2025-08-21T16:39:45.876+0000][1692266][info ][safepoint   ] Safepoint "Cleanup", Time since last: 8001367052 ns, Reaching safepoint: 189877 ns, Cleanup: 12108 ns, At safepoint: 2875 ns, Total: 204860 ns
[2025-08-21T16:40:10.885+0000][1692266][info ][safepoint   ] Safepoint "Cleanup", Time since last: 25008885862 ns, Reaching safepoint: 45709 ns, Cleanup: 10777 ns, At safepoint: 4777 ns, Total: 61263 ns
[2025-08-21T16:40:17.888+0000][1692266][info ][safepoint   ] Safepoint "Cleanup", Time since last: 7003759535 ns, Reaching safepoint: 34693 ns, Cleanup: 10586 ns, At safepoint: 2393 ns, Total: 47672 ns
[2025-08-21T16:40:25.891+0000][1692266][info ][safepoint   ] Safepoint "Cleanup", Time since last: 8002167201 ns, Reaching safepoint: 69305 ns, Cleanup: 10325 ns, At safepoint: 2634 ns, Total: 82264 ns
[2025-08-21T16:41:40.896+0000][1692266][info ][safepoint   ] Safepoint "Cleanup", Time since last: 75004598939 ns, Reaching safepoint: 7391 ns, Cleanup: 12108 ns, At safepoint: 314175 ns, Total: 333674 ns
[2025-08-21T16:44:12.538+0000][1692266][info ][gc,start    ] GC(537) Pause Young (Normal) (G1 Evacuation Pause)
[2025-08-21T16:44:12.542+0000][1692266][info ][gc,task     ] GC(537) Using 1 workers of 1 for evacuation
[2025-08-21T16:44:12.542+0000][1692266][debug][gc,age      ] GC(537) Desired survivor size 20971520 bytes, new threshold 15 (max threshold 15)
[2025-08-21T16:44:12.695+0000][1692266][info ][gc,phases   ] GC(537)   Pre Evacuate Collection Set: 5.5ms
[2025-08-21T16:44:12.695+0000][1692266][info ][gc,phases   ] GC(537)   Merge Heap Roots: 1.1ms
[2025-08-21T16:44:12.695+0000][1692266][info ][gc,phases   ] GC(537)   Evacuate Collection Set: 95.8ms
[2025-08-21T16:44:12.695+0000][1692266][info ][gc,phases   ] GC(537)   Post Evacuate Collection Set: 49.4ms
[2025-08-21T16:44:12.695+0000][1692266][info ][gc,phases   ] GC(537)   Other: 2.4ms
[2025-08-21T16:44:12.695+0000][1692266][trace][gc,age      ] GC(537) Age table with threshold 15 (max threshold 15)
[2025-08-21T16:44:12.695+0000][1692266][trace][gc,age      ] GC(537) - age   1:      74376 bytes,      74376 total
[2025-08-21T16:44:12.695+0000][1692266][trace][gc,age      ] GC(537) - age   2:        664 bytes,      75040 total
[2025-08-21T16:44:12.695+0000][1692266][trace][gc,age      ] GC(537) - age   8:        176 bytes,      75216 total
[2025-08-21T16:44:12.695+0000][1692266][info ][gc,heap     ] GC(537) Eden regions: 75->0(75)
[2025-08-21T16:44:12.695+0000][1692266][info ][gc,heap     ] GC(537) Survivor regions: 1->1(10)
[2025-08-21T16:44:12.695+0000][1692266][info ][gc,heap     ] GC(537) Old regions: 22->22
[2025-08-21T16:44:12.695+0000][1692266][info ][gc,heap     ] GC(537) Humongous regions: 0->0
[2025-08-21T16:44:12.695+0000][1692266][info ][gc,metaspace] GC(537) Metaspace: 142108K(148544K)->142108K(148544K) NonClass: 123148K(127104K)->123148K(127104K) Class: 18959K(21440K)->18959K(21440K)
[2025-08-21T16:44:12.695+0000][1692266][info ][gc          ] GC(537) Pause Young (Normal) (G1 Evacuation Pause) 387M->87M(512M) 157.122ms
[2025-08-21T16:44:12.695+0000][1692266][info ][gc,cpu      ] GC(537) User=0.01s Sys=0.01s Real=0.15s
[2025-08-21T16:44:12.695+0000][1692266][info ][safepoint   ] Safepoint "G1CollectForAllocation", Time since last: 151632410216 ns, Reaching safepoint: 948542 ns, Cleanup: 176627 ns, At safepoint: 165687123 ns, Total: 166812292 ns
[2025-08-21T16:51:36.135+0000][1692266][info ][gc,start    ] GC(538) Pause Young (Normal) (G1 Evacuation Pause)
[2025-08-21T16:51:36.135+0000][1692266][info ][gc,task     ] GC(538) Using 1 workers of 1 for evacuation
[2025-08-21T16:51:36.135+0000][1692266][debug][gc,age      ] GC(538) Desired survivor size 20971520 bytes, new threshold 15 (max threshold 15)
[2025-08-21T16:51:36.137+0000][1692266][info ][gc,phases   ] GC(538)   Pre Evacuate Collection Set: 0.1ms
[2025-08-21T16:51:36.137+0000][1692266][info ][gc,phases   ] GC(538)   Merge Heap Roots: 0.0ms
[2025-08-21T16:51:36.137+0000][1692266][info ][gc,phases   ] GC(538)   Evacuate Collection Set: 1.6ms
[2025-08-21T16:51:36.137+0000][1692266][info ][gc,phases   ] GC(538)   Post Evacuate Collection Set: 0.9ms
[2025-08-21T16:51:36.137+0000][1692266][info ][gc,phases   ] GC(538)   Other: 0.0ms
[2025-08-21T16:51:36.137+0000][1692266][trace][gc,age      ] GC(538) Age table with threshold 15 (max threshold 15)
[2025-08-21T16:51:36.137+0000][1692266][trace][gc,age      ] GC(538) - age   1:      17656 bytes,      17656 total
[2025-08-21T16:51:36.137+0000][1692266][trace][gc,age      ] GC(538) - age   2:      37384 bytes,      55040 total
[2025-08-21T16:51:36.137+0000][1692266][info ][gc,heap     ] GC(538) Eden regions: 75->0(75)
[2025-08-21T16:51:36.137+0000][1692266][info ][gc,heap     ] GC(538) Survivor regions: 1->1(10)
[2025-08-21T16:51:36.137+0000][1692266][info ][gc,heap     ] GC(538) Old regions: 22->22
[2025-08-21T16:51:36.137+0000][1692266][info ][gc,heap     ] GC(538) Humongous regions: 0->0
[2025-08-21T16:51:36.137+0000][1692266][info ][gc,metaspace] GC(538) Metaspace: 142108K(148544K)->142108K(148544K) NonClass: 123148K(127104K)->123148K(127104K) Class: 18959K(21440K)->18959K(21440K)
[2025-08-21T16:51:36.137+0000][1692266][info ][gc          ] GC(538) Pause Young (Normal) (G1 Evacuation Pause) 387M->87M(512M) 2.776ms
[2025-08-21T16:51:36.138+0000][1692266][info ][gc,cpu      ] GC(538) User=0.00s Sys=0.00s Real=0.01s
[2025-08-21T16:51:36.138+0000][1692266][info ][safepoint   ] Safepoint "G1CollectForAllocation", Time since last: 443439808520 ns, Reaching safepoint: 7571 ns, Cleanup: 2504 ns, At safepoint: 2817835 ns, Total: 2827910 ns
[2025-08-21T16:56:18.154+0000][1692266][info ][safepoint   ] Safepoint "Cleanup", Time since last: 282015960341 ns, Reaching safepoint: 40422 ns, Cleanup: 11487 ns, At safepoint: 4707 ns, Total: 56616 ns
[2025-08-21T16:59:00.017+0000][1692266][info ][gc,start    ] GC(539) Pause Young (Normal) (G1 Evacuation Pause)
[2025-08-21T16:59:00.017+0000][1692266][info ][gc,task     ] GC(539) Using 1 workers of 1 for evacuation
[2025-08-21T16:59:00.017+0000][1692266][debug][gc,age      ] GC(539) Desired survivor size 20971520 bytes, new threshold 15 (max threshold 15)
[2025-08-21T16:59:00.020+0000][1692266][info ][gc,phases   ] GC(539)   Pre Evacuate Collection Set: 0.1ms
[2025-08-21T16:59:00.020+0000][1692266][info ][gc,phases   ] GC(539)   Merge Heap Roots: 0.0ms
[2025-08-21T16:59:00.020+0000][1692266][info ][gc,phases   ] GC(539)   Evacuate Collection Set: 1.2ms
[2025-08-21T16:59:00.020+0000][1692266][info ][gc,phases   ] GC(539)   Post Evacuate Collection Set: 0.8ms
[2025-08-21T16:59:00.020+0000][1692266][info ][gc,phases   ] GC(539)   Other: 0.0ms
[2025-08-21T16:59:00.020+0000][1692266][trace][gc,age      ] GC(539) Age table with threshold 15 (max threshold 15)
[2025-08-21T16:59:00.020+0000][1692266][trace][gc,age      ] GC(539) - age   1:      14136 bytes,      14136 total
[2025-08-21T16:59:00.020+0000][1692266][trace][gc,age      ] GC(539) - age   2:       1152 bytes,      15288 total
[2025-08-21T16:59:00.020+0000][1692266][trace][gc,age      ] GC(539) - age   3:      37256 bytes,      52544 total
[2025-08-21T16:59:00.020+0000][1692266][info ][gc,heap     ] GC(539) Eden regions: 75->0(75)
[2025-08-21T16:59:00.020+0000][1692266][info ][gc,heap     ] GC(539) Survivor regions: 1->1(10)
[2025-08-21T16:59:00.020+0000][1692266][info ][gc,heap     ] GC(539) Old regions: 22->22
[2025-08-21T16:59:00.020+0000][1692266][info ][gc,heap     ] GC(539) Humongous regions: 0->0
[2025-08-21T16:59:00.020+0000][1692266][info ][gc,metaspace] GC(539) Metaspace: 142108K(148544K)->142108K(148544K) NonClass: 123148K(127104K)->123148K(127104K) Class: 18959K(21440K)->18959K(21440K)
[2025-08-21T16:59:00.020+0000][1692266][info ][gc          ] GC(539) Pause Young (Normal) (G1 Evacuation Pause) 387M->87M(512M) 2.349ms
[2025-08-21T16:59:00.020+0000][1692266][info ][gc,cpu      ] GC(539) User=0.00s Sys=0.00s Real=0.00s
[2025-08-21T16:59:00.020+0000][1692266][info ][safepoint   ] Safepoint "G1CollectForAllocation", Time since last: 161863783112 ns, Reaching safepoint: 8403 ns, Cleanup: 3105 ns, At safepoint: 2395677 ns, Total: 2407185 ns
[2025-08-21T17:01:18.040+0000][1692266][info ][safepoint   ] Safepoint "Cleanup", Time since last: 138019899378 ns, Reaching safepoint: 34102 ns, Cleanup: 6289 ns, At safepoint: 4437 ns, Total: 44828 ns
[2025-08-21T17:06:24.625+0000][1692266][info ][gc,start    ] GC(540) Pause Young (Normal) (G1 Evacuation Pause)
[2025-08-21T17:06:24.625+0000][1692266][info ][gc,task     ] GC(540) Using 1 workers of 1 for evacuation
[2025-08-21T17:06:24.625+0000][1692266][debug][gc,age      ] GC(540) Desired survivor size 20971520 bytes, new threshold 15 (max threshold 15)
[2025-08-21T17:06:24.627+0000][1692266][info ][gc,phases   ] GC(540)   Pre Evacuate Collection Set: 0.1ms
[2025-08-21T17:06:24.628+0000][1692266][info ][gc,phases   ] GC(540)   Merge Heap Roots: 0.0ms
[2025-08-21T17:06:24.628+0000][1692266][info ][gc,phases   ] GC(540)   Evacuate Collection Set: 0.9ms
[2025-08-21T17:06:24.628+0000][1692266][info ][gc,phases   ] GC(540)   Post Evacuate Collection Set: 0.8ms
[2025-08-21T17:06:24.628+0000][1692266][info ][gc,phases   ] GC(540)   Other: 0.0ms
[2025-08-21T17:06:24.628+0000][1692266][trace][gc,age      ] GC(540) Age table with threshold 15 (max threshold 15)
[2025-08-21T17:06:24.628+0000][1692266][trace][gc,age      ] GC(540) - age   1:      16080 bytes,      16080 total
[2025-08-21T17:06:24.628+0000][1692266][trace][gc,age      ] GC(540) - age   3:        176 bytes,      16256 total
[2025-08-21T17:06:24.628+0000][1692266][trace][gc,age      ] GC(540) - age   4:      37256 bytes,      53512 total
[2025-08-21T17:06:24.628+0000][1692266][info ][gc,heap     ] GC(540) Eden regions: 75->0(75)
[2025-08-21T17:06:24.628+0000][1692266][info ][gc,heap     ] GC(540) Survivor regions: 1->1(10)
[2025-08-21T17:06:24.628+0000][1692266][info ][gc,heap     ] GC(540) Old regions: 22->22
[2025-08-21T17:06:24.628+0000][1692266][info ][gc,heap     ] GC(540) Humongous regions: 0->0
[2025-08-21T17:06:24.628+0000][1692266][info ][gc,metaspace] GC(540) Metaspace: 142108K(148544K)->142108K(148544K) NonClass: 123148K(127104K)->123148K(127104K) Class: 18959K(21440K)->18959K(21440K)
[2025-08-21T17:06:24.628+0000][1692266][info ][gc          ] GC(540) Pause Young (Normal) (G1 Evacuation Pause) 387M->87M(512M) 2.629ms
[2025-08-21T17:06:24.628+0000][1692266][info ][gc,cpu      ] GC(540) User=0.00s Sys=0.00s Real=0.01s
[2025-08-21T17:06:24.628+0000][1692266][info ][safepoint   ] Safepoint "G1CollectForAllocation", Time since last: 306585270342 ns, Reaching safepoint: 8934 ns, Cleanup: 3254 ns, At safepoint: 2669732 ns, Total: 2681920 ns
[2025-08-21T17:13:48.538+0000][1692266][info ][gc,start    ] GC(541) Pause Young (Normal) (G1 Evacuation Pause)
[2025-08-21T17:13:48.538+0000][1692266][info ][gc,task     ] GC(541) Using 1 workers of 1 for evacuation
[2025-08-21T17:13:48.538+0000][1692266][debug][gc,age      ] GC(541) Desired survivor size 20971520 bytes, new threshold 15 (max threshold 15)
[2025-08-21T17:13:48.542+0000][1692266][info ][gc,phases   ] GC(541)   Pre Evacuate Collection Set: 1.3ms
[2025-08-21T17:13:48.542+0000][1692266][info ][gc,phases   ] GC(541)   Merge Heap Roots: 0.0ms
[2025-08-21T17:13:48.542+0000][1692266][info ][gc,phases   ] GC(541)   Evacuate Collection Set: 1.8ms
[2025-08-21T17:13:48.542+0000][1692266][info ][gc,phases   ] GC(541)   Post Evacuate Collection Set: 0.8ms
[2025-08-21T17:13:48.542+0000][1692266][info ][gc,phases   ] GC(541)   Other: 0.0ms
[2025-08-21T17:13:48.542+0000][1692266][trace][gc,age      ] GC(541) Age table with threshold 15 (max threshold 15)
[2025-08-21T17:13:48.542+0000][1692266][trace][gc,age      ] GC(541) - age   1:      58992 bytes,      58992 total
[2025-08-21T17:13:48.542+0000][1692266][trace][gc,age      ] GC(541) - age   2:        664 bytes,      59656 total
[2025-08-21T17:13:48.542+0000][1692266][trace][gc,age      ] GC(541) - age   4:        176 bytes,      59832 total
[2025-08-21T17:13:48.542+0000][1692266][trace][gc,age      ] GC(541) - age   5:      37256 bytes,      97088 total
[2025-08-21T17:13:48.542+0000][1692266][info ][gc,heap     ] GC(541) Eden regions: 75->0(75)
[2025-08-21T17:13:48.542+0000][1692266][info ][gc,heap     ] GC(541) Survivor regions: 1->1(10)
[2025-08-21T17:13:48.542+0000][1692266][info ][gc,heap     ] GC(541) Old regions: 22->22
[2025-08-21T17:13:48.542+0000][1692266][info ][gc,heap     ] GC(541) Humongous regions: 0->0
[2025-08-21T17:13:48.542+0000][1692266][info ][gc,metaspace] GC(541) Metaspace: 142108K(148544K)->142108K(148544K) NonClass: 123148K(127104K)->123148K(127104K) Class: 18959K(21440K)->18959K(21440K)
[2025-08-21T17:13:48.542+0000][1692266][info ][gc          ] GC(541) Pause Young (Normal) (G1 Evacuation Pause) 387M->87M(512M) 4.030ms
[2025-08-21T17:13:48.542+0000][1692266][info ][gc,cpu      ] GC(541) User=0.00s Sys=0.00s Real=0.00s
[2025-08-21T17:13:48.542+0000][1692266][info ][safepoint   ] Safepoint "G1CollectForAllocation", Time since last: 443910410339 ns, Reaching safepoint: 8803 ns, Cleanup: 2153 ns, At safepoint: 4070877 ns, Total: 4081833 ns
[2025-08-21T17:21:12.070+0000][1692266][info ][gc,start    ] GC(542) Pause Young (Normal) (G1 Evacuation Pause)
[2025-08-21T17:21:12.070+0000][1692266][info ][gc,task     ] GC(542) Using 1 workers of 1 for evacuation
[2025-08-21T17:21:12.070+0000][1692266][debug][gc,age      ] GC(542) Desired survivor size 20971520 bytes, new threshold 15 (max threshold 15)
[2025-08-21T17:21:12.076+0000][1692266][info ][gc,phases   ] GC(542)   Pre Evacuate Collection Set: 0.1ms
[2025-08-21T17:21:12.076+0000][1692266][info ][gc,phases   ] GC(542)   Merge Heap Roots: 0.0ms
[2025-08-21T17:21:12.076+0000][1692266][info ][gc,phases   ] GC(542)   Evacuate Collection Set: 4.0ms
[2025-08-21T17:21:12.076+0000][1692266][info ][gc,phases   ] GC(542)   Post Evacuate Collection Set: 0.9ms
[2025-08-21T17:21:12.076+0000][1692266][info ][gc,phases   ] GC(542)   Other: 0.0ms
[2025-08-21T17:21:12.076+0000][1692266][trace][gc,age      ] GC(542) Age table with threshold 15 (max threshold 15)
[2025-08-21T17:21:12.076+0000][1692266][trace][gc,age      ] GC(542) - age   1:      17480 bytes,      17480 total
[2025-08-21T17:21:12.076+0000][1692266][trace][gc,age      ] GC(542) - age   2:        128 bytes,      17608 total
[2025-08-21T17:21:12.076+0000][1692266][trace][gc,age      ] GC(542) - age   5:        176 bytes,      17784 total
[2025-08-21T17:21:12.076+0000][1692266][trace][gc,age      ] GC(542) - age   6:      37256 bytes,      55040 total
[2025-08-21T17:21:12.076+0000][1692266][info ][gc,heap     ] GC(542) Eden regions: 75->0(75)
[2025-08-21T17:21:12.076+0000][1692266][info ][gc,heap     ] GC(542) Survivor regions: 1->1(10)
[2025-08-21T17:21:12.076+0000][1692266][info ][gc,heap     ] GC(542) Old regions: 22->22
[2025-08-21T17:21:12.076+0000][1692266][info ][gc,heap     ] GC(542) Humongous regions: 0->0
[2025-08-21T17:21:12.076+0000][1692266][info ][gc,metaspace] GC(542) Metaspace: 142108K(148544K)->142108K(148544K) NonClass: 123148K(127104K)->123148K(127104K) Class: 18959K(21440K)->18959K(21440K)
[2025-08-21T17:21:12.076+0000][1692266][info ][gc          ] GC(542) Pause Young (Normal) (G1 Evacuation Pause) 387M->87M(512M) 5.274ms
[2025-08-21T17:21:12.076+0000][1692266][info ][gc,cpu      ] GC(542) User=0.00s Sys=0.00s Real=0.01s
[2025-08-21T17:21:12.076+0000][1692266][info ][safepoint   ] Safepoint "G1CollectForAllocation", Time since last: 443528188248 ns, Reaching safepoint: 9103 ns, Cleanup: 2114 ns, At safepoint: 5315746 ns, Total: 5326963 ns
[2025-08-21T17:28:37.307+0000][1692266][info ][gc,start    ] GC(543) Pause Young (Normal) (G1 Evacuation Pause)
[2025-08-21T17:28:37.307+0000][1692266][info ][gc,task     ] GC(543) Using 1 workers of 1 for evacuation
[2025-08-21T17:28:37.307+0000][1692266][debug][gc,age      ] GC(543) Desired survivor size 20971520 bytes, new threshold 15 (max threshold 15)
[2025-08-21T17:28:37.309+0000][1692266][info ][gc,phases   ] GC(543)   Pre Evacuate Collection Set: 0.1ms
[2025-08-21T17:28:37.309+0000][1692266][info ][gc,phases   ] GC(543)   Merge Heap Roots: 0.0ms
[2025-08-21T17:28:37.309+0000][1692266][info ][gc,phases   ] GC(543)   Evacuate Collection Set: 1.0ms
[2025-08-21T17:28:37.309+0000][1692266][info ][gc,phases   ] GC(543)   Post Evacuate Collection Set: 0.8ms
[2025-08-21T17:28:37.309+0000][1692266][info ][gc,phases   ] GC(543)   Other: 0.0ms
[2025-08-21T17:28:37.309+0000][1692266][trace][gc,age      ] GC(543) Age table with threshold 15 (max threshold 15)
[2025-08-21T17:28:37.309+0000][1692266][trace][gc,age      ] GC(543) - age   1:      16208 bytes,      16208 total
[2025-08-21T17:28:37.309+0000][1692266][trace][gc,age      ] GC(543) - age   2:        976 bytes,      17184 total
[2025-08-21T17:28:37.309+0000][1692266][trace][gc,age      ] GC(543) - age   6:        176 bytes,      17360 total
[2025-08-21T17:28:37.309+0000][1692266][trace][gc,age      ] GC(543) - age   7:      37256 bytes,      54616 total
[2025-08-21T17:28:37.309+0000][1692266][info ][gc,heap     ] GC(543) Eden regions: 75->0(75)
[2025-08-21T17:28:37.309+0000][1692266][info ][gc,heap     ] GC(543) Survivor regions: 1->1(10)
[2025-08-21T17:28:37.309+0000][1692266][info ][gc,heap     ] GC(543) Old regions: 22->22
[2025-08-21T17:28:37.309+0000][1692266][info ][gc,heap     ] GC(543) Humongous regions: 0->0
[2025-08-21T17:28:37.309+0000][1692266][info ][gc,metaspace] GC(543) Metaspace: 142108K(148544K)->142108K(148544K) NonClass: 123148K(127104K)->123148K(127104K) Class: 18959K(21440K)->18959K(21440K)
[2025-08-21T17:28:37.309+0000][1692266][info ][gc          ] GC(543) Pause Young (Normal) (G1 Evacuation Pause) 387M->87M(512M) 2.167ms
[2025-08-21T17:28:37.309+0000][1692266][info ][gc,cpu      ] GC(543) User=0.00s Sys=0.00s Real=0.00s
[2025-08-21T17:28:37.309+0000][1692266][info ][safepoint   ] Safepoint "G1CollectForAllocation", Time since last: 445230958849 ns, Reaching safepoint: 8673 ns, Cleanup: 2414 ns, At safepoint: 2208625 ns, Total: 2219712 ns
[2025-08-21T17:36:01.405+0000][1692266][info ][gc,start    ] GC(544) Pause Young (Normal) (G1 Evacuation Pause)
[2025-08-21T17:36:01.406+0000][1692266][info ][gc,task     ] GC(544) Using 1 workers of 1 for evacuation
[2025-08-21T17:36:01.406+0000][1692266][debug][gc,age      ] GC(544) Desired survivor size 20971520 bytes, new threshold 15 (max threshold 15)
[2025-08-21T17:36:01.408+0000][1692266][info ][gc,phases   ] GC(544)   Pre Evacuate Collection Set: 0.2ms
[2025-08-21T17:36:01.408+0000][1692266][info ][gc,phases   ] GC(544)   Merge Heap Roots: 0.0ms
[2025-08-21T17:36:01.408+0000][1692266][info ][gc,phases   ] GC(544)   Evacuate Collection Set: 0.9ms
[2025-08-21T17:36:01.408+0000][1692266][info ][gc,phases   ] GC(544)   Post Evacuate Collection Set: 1.0ms
[2025-08-21T17:36:01.408+0000][1692266][info ][gc,phases   ] GC(544)   Other: 0.0ms
[2025-08-21T17:36:01.408+0000][1692266][trace][gc,age      ] GC(544) Age table with threshold 15 (max threshold 15)
[2025-08-21T17:36:01.408+0000][1692266][trace][gc,age      ] GC(544) - age   1:      15752 bytes,      15752 total
[2025-08-21T17:36:01.408+0000][1692266][trace][gc,age      ] GC(544) - age   7:        176 bytes,      15928 total
[2025-08-21T17:36:01.408+0000][1692266][trace][gc,age      ] GC(544) - age   8:      37256 bytes,      53184 total
[2025-08-21T17:36:01.408+0000][1692266][info ][gc,heap     ] GC(544) Eden regions: 75->0(75)
[2025-08-21T17:36:01.408+0000][1692266][info ][gc,heap     ] GC(544) Survivor regions: 1->1(10)
[2025-08-21T17:36:01.408+0000][1692266][info ][gc,heap     ] GC(544) Old regions: 22->22
[2025-08-21T17:36:01.408+0000][1692266][info ][gc,heap     ] GC(544) Humongous regions: 0->0
[2025-08-21T17:36:01.408+0000][1692266][info ][gc,metaspace] GC(544) Metaspace: 142108K(148544K)->142108K(148544K) NonClass: 123148K(127104K)->123148K(127104K) Class: 18959K(21440K)->18959K(21440K)
[2025-08-21T17:36:01.408+0000][1692266][info ][gc          ] GC(544) Pause Young (Normal) (G1 Evacuation Pause) 387M->87M(512M) 2.738ms
[2025-08-21T17:36:01.408+0000][1692266][info ][gc,cpu      ] GC(544) User=0.00s Sys=0.00s Real=0.01s
[2025-08-21T17:36:01.408+0000][1692266][info ][safepoint   ] Safepoint "G1CollectForAllocation", Time since last: 444096439358 ns, Reaching safepoint: 5418 ns, Cleanup: 3355 ns, At safepoint: 2778886 ns, Total: 2787659 ns
[2025-08-21T17:37:50.423+0000][1692266][info ][safepoint   ] Safepoint "Cleanup", Time since last: 109015125806 ns, Reaching safepoint: 42424 ns, Cleanup: 11076 ns, At safepoint: 4537 ns, Total: 58037 ns
[2025-08-21T17:43:24.768+0000][1692266][info ][gc,start    ] GC(545) Pause Young (Normal) (G1 Evacuation Pause)
[2025-08-21T17:43:24.768+0000][1692266][info ][gc,task     ] GC(545) Using 1 workers of 1 for evacuation
[2025-08-21T17:43:24.768+0000][1692266][debug][gc,age      ] GC(545) Desired survivor size 20971520 bytes, new threshold 15 (max threshold 15)
[2025-08-21T17:43:24.770+0000][1692266][info ][gc,phases   ] GC(545)   Pre Evacuate Collection Set: 0.1ms
[2025-08-21T17:43:24.770+0000][1692266][info ][gc,phases   ] GC(545)   Merge Heap Roots: 0.0ms
[2025-08-21T17:43:24.770+0000][1692266][info ][gc,phases   ] GC(545)   Evacuate Collection Set: 0.9ms
[2025-08-21T17:43:24.770+0000][1692266][info ][gc,phases   ] GC(545)   Post Evacuate Collection Set: 1.0ms
[2025-08-21T17:43:24.770+0000][1692266][info ][gc,phases   ] GC(545)   Other: 0.0ms
[2025-08-21T17:43:24.770+0000][1692266][trace][gc,age      ] GC(545) Age table with threshold 15 (max threshold 15)
[2025-08-21T17:43:24.770+0000][1692266][trace][gc,age      ] GC(545) - age   1:      15928 bytes,      15928 total
[2025-08-21T17:43:24.770+0000][1692266][trace][gc,age      ] GC(545) - age   2:        664 bytes,      16592 total
[2025-08-21T17:43:24.770+0000][1692266][trace][gc,age      ] GC(545) - age   8:        176 bytes,      16768 total
[2025-08-21T17:43:24.770+0000][1692266][trace][gc,age      ] GC(545) - age   9:      37256 bytes,      54024 total
[2025-08-21T17:43:24.770+0000][1692266][info ][gc,heap     ] GC(545) Eden regions: 75->0(75)
[2025-08-21T17:43:24.770+0000][1692266][info ][gc,heap     ] GC(545) Survivor regions: 1->1(10)
[2025-08-21T17:43:24.770+0000][1692266][info ][gc,heap     ] GC(545) Old regions: 22->22
[2025-08-21T17:43:24.770+0000][1692266][info ][gc,heap     ] GC(545) Humongous regions: 0->0
[2025-08-21T17:43:24.770+0000][1692266][info ][gc,metaspace] GC(545) Metaspace: 142108K(148544K)->142108K(148544K) NonClass: 123148K(127104K)->123148K(127104K) Class: 18959K(21440K)->18959K(21440K)
[2025-08-21T17:43:24.770+0000][1692266][info ][gc          ] GC(545) Pause Young (Normal) (G1 Evacuation Pause) 387M->87M(512M) 2.412ms
[2025-08-21T17:43:24.770+0000][1692266][info ][gc,cpu      ] GC(545) User=0.00s Sys=0.00s Real=0.00s
[2025-08-21T17:43:24.770+0000][1692266][info ][safepoint   ] Safepoint "G1CollectForAllocation", Time since last: 334344609137 ns, Reaching safepoint: 8132 ns, Cleanup: 3155 ns, At safepoint: 2452253 ns, Total: 2463540 ns
[2025-08-21T17:50:47.985+0000][1692266][info ][gc,start    ] GC(546) Pause Young (Normal) (G1 Evacuation Pause)
[2025-08-21T17:50:47.985+0000][1692266][info ][gc,task     ] GC(546) Using 1 workers of 1 for evacuation
[2025-08-21T17:50:47.985+0000][1692266][debug][gc,age      ] GC(546) Desired survivor size 20971520 bytes, new threshold 15 (max threshold 15)
[2025-08-21T17:50:47.987+0000][1692266][info ][gc,phases   ] GC(546)   Pre Evacuate Collection Set: 0.1ms
[2025-08-21T17:50:47.987+0000][1692266][info ][gc,phases   ] GC(546)   Merge Heap Roots: 0.0ms
[2025-08-21T17:50:47.987+0000][1692266][info ][gc,phases   ] GC(546)   Evacuate Collection Set: 0.9ms
[2025-08-21T17:50:47.987+0000][1692266][info ][gc,phases   ] GC(546)   Post Evacuate Collection Set: 0.9ms
[2025-08-21T17:50:47.987+0000][1692266][info ][gc,phases   ] GC(546)   Other: 0.0ms
[2025-08-21T17:50:47.987+0000][1692266][trace][gc,age      ] GC(546) Age table with threshold 15 (max threshold 15)
[2025-08-21T17:50:47.987+0000][1692266][trace][gc,age      ] GC(546) - age   1:      15728 bytes,      15728 total
[2025-08-21T17:50:47.987+0000][1692266][trace][gc,age      ] GC(546) - age   2:        552 bytes,      16280 total
[2025-08-21T17:50:47.987+0000][1692266][trace][gc,age      ] GC(546) - age   3:        552 bytes,      16832 total
[2025-08-21T17:50:47.987+0000][1692266][trace][gc,age      ] GC(546) - age   9:        176 bytes,      17008 total
[2025-08-21T17:50:47.987+0000][1692266][trace][gc,age      ] GC(546) - age  10:      37256 bytes,      54264 total
[2025-08-21T17:50:47.987+0000][1692266][info ][gc,heap     ] GC(546) Eden regions: 75->0(75)
[2025-08-21T17:50:47.987+0000][1692266][info ][gc,heap     ] GC(546) Survivor regions: 1->1(10)
[2025-08-21T17:50:47.987+0000][1692266][info ][gc,heap     ] GC(546) Old regions: 22->22
[2025-08-21T17:50:47.987+0000][1692266][info ][gc,heap     ] GC(546) Humongous regions: 0->0
[2025-08-21T17:50:47.987+0000][1692266][info ][gc,metaspace] GC(546) Metaspace: 142108K(148544K)->142108K(148544K) NonClass: 123148K(127104K)->123148K(127104K) Class: 18959K(21440K)->18959K(21440K)
[2025-08-21T17:50:47.987+0000][1692266][info ][gc          ] GC(546) Pause Young (Normal) (G1 Evacuation Pause) 387M->87M(512M) 2.251ms
[2025-08-21T17:50:47.987+0000][1692266][info ][gc,cpu      ] GC(546) User=0.00s Sys=0.00s Real=0.01s
[2025-08-21T17:50:47.987+0000][1692266][info ][safepoint   ] Safepoint "G1CollectForAllocation", Time since last: 443214851575 ns, Reaching safepoint: 9424 ns, Cleanup: 2374 ns, At safepoint: 2288696 ns, Total: 2300494 ns
[2025-08-21T17:58:13.201+0000][1692266][info ][gc,start    ] GC(547) Pause Young (Normal) (G1 Evacuation Pause)
[2025-08-21T17:58:13.201+0000][1692266][info ][gc,task     ] GC(547) Using 1 workers of 1 for evacuation
[2025-08-21T17:58:13.201+0000][1692266][debug][gc,age      ] GC(547) Desired survivor size 20971520 bytes, new threshold 15 (max threshold 15)
[2025-08-21T17:58:13.203+0000][1692266][info ][gc,phases   ] GC(547)   Pre Evacuate Collection Set: 0.1ms
[2025-08-21T17:58:13.204+0000][1692266][info ][gc,phases   ] GC(547)   Merge Heap Roots: 0.0ms
[2025-08-21T17:58:13.204+0000][1692266][info ][gc,phases   ] GC(547)   Evacuate Collection Set: 0.9ms
[2025-08-21T17:58:13.204+0000][1692266][info ][gc,phases   ] GC(547)   Post Evacuate Collection Set: 0.8ms
[2025-08-21T17:58:13.204+0000][1692266][info ][gc,phases   ] GC(547)   Other: 0.0ms
[2025-08-21T17:58:13.204+0000][1692266][trace][gc,age      ] GC(547) Age table with threshold 15 (max threshold 15)
[2025-08-21T17:58:13.204+0000][1692266][trace][gc,age      ] GC(547) - age   1:      15856 bytes,      15856 total
[2025-08-21T17:58:13.204+0000][1692266][trace][gc,age      ] GC(547) - age  11:      37256 bytes,      53112 total
[2025-08-21T17:58:13.204+0000][1692266][info ][gc,heap     ] GC(547) Eden regions: 75->0(75)
[2025-08-21T17:58:13.204+0000][1692266][info ][gc,heap     ] GC(547) Survivor regions: 1->1(10)
[2025-08-21T17:58:13.204+0000][1692266][info ][gc,heap     ] GC(547) Old regions: 22->22
[2025-08-21T17:58:13.204+0000][1692266][info ][gc,heap     ] GC(547) Humongous regions: 0->0
[2025-08-21T17:58:13.204+0000][1692266][info ][gc,metaspace] GC(547) Metaspace: 142108K(148544K)->142108K(148544K) NonClass: 123148K(127104K)->123148K(127104K) Class: 18959K(21440K)->18959K(21440K)
[2025-08-21T17:58:13.204+0000][1692266][info ][gc          ] GC(547) Pause Young (Normal) (G1 Evacuation Pause) 387M->87M(512M) 2.746ms
[2025-08-21T17:58:13.204+0000][1692266][info ][gc,cpu      ] GC(547) User=0.00s Sys=0.00s Real=0.00s
[2025-08-21T17:58:13.204+0000][1692266][info ][safepoint   ] Safepoint "G1CollectForAllocation", Time since last: 445213431077 ns, Reaching safepoint: 9053 ns, Cleanup: 3325 ns, At safepoint: 2790394 ns, Total: 2802772 ns
[2025-08-21T18:05:35.711+0000][1692266][info ][gc,start    ] GC(548) Pause Young (Normal) (G1 Evacuation Pause)
[2025-08-21T18:05:35.711+0000][1692266][info ][gc,task     ] GC(548) Using 1 workers of 1 for evacuation
[2025-08-21T18:05:35.711+0000][1692266][debug][gc,age      ] GC(548) Desired survivor size 20971520 bytes, new threshold 15 (max threshold 15)
[2025-08-21T18:05:35.713+0000][1692266][info ][gc,phases   ] GC(548)   Pre Evacuate Collection Set: 0.2ms
[2025-08-21T18:05:35.713+0000][1692266][info ][gc,phases   ] GC(548)   Merge Heap Roots: 0.0ms
[2025-08-21T18:05:35.713+0000][1692266][info ][gc,phases   ] GC(548)   Evacuate Collection Set: 1.0ms
[2025-08-21T18:05:35.713+0000][1692266][info ][gc,phases   ] GC(548)   Post Evacuate Collection Set: 0.8ms
[2025-08-21T18:05:35.713+0000][1692266][info ][gc,phases   ] GC(548)   Other: 0.0ms
[2025-08-21T18:05:35.713+0000][1692266][trace][gc,age      ] GC(548) Age table with threshold 15 (max threshold 15)
[2025-08-21T18:05:35.713+0000][1692266][trace][gc,age      ] GC(548) - age   1:      14992 bytes,      14992 total
[2025-08-21T18:05:35.713+0000][1692266][trace][gc,age      ] GC(548) - age   2:        840 bytes,      15832 total
[2025-08-21T18:05:35.713+0000][1692266][trace][gc,age      ] GC(548) - age  12:      37256 bytes,      53088 total
[2025-08-21T18:05:35.713+0000][1692266][info ][gc,heap     ] GC(548) Eden regions: 75->0(75)
[2025-08-21T18:05:35.713+0000][1692266][info ][gc,heap     ] GC(548) Survivor regions: 1->1(10)
[2025-08-21T18:05:35.713+0000][1692266][info ][gc,heap     ] GC(548) Old regions: 22->22
[2025-08-21T18:05:35.713+0000][1692266][info ][gc,heap     ] GC(548) Humongous regions: 0->0
[2025-08-21T18:05:35.713+0000][1692266][info ][gc,metaspace] GC(548) Metaspace: 142108K(148544K)->142108K(148544K) NonClass: 123148K(127104K)->123148K(127104K) Class: 18959K(21440K)->18959K(21440K)
[2025-08-21T18:05:35.713+0000][1692266][info ][gc          ] GC(548) Pause Young (Normal) (G1 Evacuation Pause) 387M->87M(512M) 2.203ms
[2025-08-21T18:05:35.713+0000][1692266][info ][gc,cpu      ] GC(548) User=0.00s Sys=0.00s Real=0.00s
[2025-08-21T18:05:35.713+0000][1692266][info ][safepoint   ] Safepoint "G1CollectForAllocation", Time since last: 442507001582 ns, Reaching safepoint: 465764 ns, Cleanup: 3345 ns, At safepoint: 2243658 ns, Total: 2712767 ns
[2025-08-21T18:09:51.754+0000][1692266][info ][safepoint   ] Safepoint "Cleanup", Time since last: 256040589384 ns, Reaching safepoint: 41522 ns, Cleanup: 10897 ns, At safepoint: 5007 ns, Total: 57426 ns
[2025-08-21T18:12:58.649+0000][1692266][info ][gc,start    ] GC(549) Pause Young (Normal) (G1 Evacuation Pause)
[2025-08-21T18:12:58.649+0000][1692266][info ][gc,task     ] GC(549) Using 1 workers of 1 for evacuation
[2025-08-21T18:12:58.649+0000][1692266][debug][gc,age      ] GC(549) Desired survivor size 20971520 bytes, new threshold 15 (max threshold 15)
[2025-08-21T18:12:58.651+0000][1692266][info ][gc,phases   ] GC(549)   Pre Evacuate Collection Set: 0.1ms
[2025-08-21T18:12:58.651+0000][1692266][info ][gc,phases   ] GC(549)   Merge Heap Roots: 0.0ms
[2025-08-21T18:12:58.651+0000][1692266][info ][gc,phases   ] GC(549)   Evacuate Collection Set: 1.4ms
[2025-08-21T18:12:58.651+0000][1692266][info ][gc,phases   ] GC(549)   Post Evacuate Collection Set: 0.9ms
[2025-08-21T18:12:58.651+0000][1692266][info ][gc,phases   ] GC(549)   Other: 0.0ms
[2025-08-21T18:12:58.651+0000][1692266][trace][gc,age      ] GC(549) Age table with threshold 15 (max threshold 15)
[2025-08-21T18:12:58.651+0000][1692266][trace][gc,age      ] GC(549) - age   1:      16872 bytes,      16872 total
[2025-08-21T18:12:58.651+0000][1692266][trace][gc,age      ] GC(549) - age   3:        176 bytes,      17048 total
[2025-08-21T18:12:58.651+0000][1692266][trace][gc,age      ] GC(549) - age  13:      37256 bytes,      54304 total
[2025-08-21T18:12:58.651+0000][1692266][info ][gc,heap     ] GC(549) Eden regions: 75->0(75)
[2025-08-21T18:12:58.651+0000][1692266][info ][gc,heap     ] GC(549) Survivor regions: 1->1(10)
[2025-08-21T18:12:58.651+0000][1692266][info ][gc,heap     ] GC(549) Old regions: 22->22
[2025-08-21T18:12:58.651+0000][1692266][info ][gc,heap     ] GC(549) Humongous regions: 0->0
[2025-08-21T18:12:58.651+0000][1692266][info ][gc,metaspace] GC(549) Metaspace: 142108K(148544K)->142108K(148544K) NonClass: 123148K(127104K)->123148K(127104K) Class: 18959K(21440K)->18959K(21440K)
[2025-08-21T18:12:58.651+0000][1692266][info ][gc          ] GC(549) Pause Young (Normal) (G1 Evacuation Pause) 387M->87M(512M) 2.554ms
[2025-08-21T18:12:58.651+0000][1692266][info ][gc,cpu      ] GC(549) User=0.00s Sys=0.00s Real=0.00s
[2025-08-21T18:12:58.651+0000][1692266][info ][safepoint   ] Safepoint "G1CollectForAllocation", Time since last: 186894850797 ns, Reaching safepoint: 9244 ns, Cleanup: 2314 ns, At safepoint: 2593115 ns, Total: 2604673 ns
[2025-08-21T18:20:22.843+0000][1692266][info ][gc,start    ] GC(550) Pause Young (Normal) (G1 Evacuation Pause)
[2025-08-21T18:20:22.843+0000][1692266][info ][gc,task     ] GC(550) Using 1 workers of 1 for evacuation
[2025-08-21T18:20:22.843+0000][1692266][debug][gc,age      ] GC(550) Desired survivor size 20971520 bytes, new threshold 15 (max threshold 15)
[2025-08-21T18:20:22.845+0000][1692266][info ][gc,phases   ] GC(550)   Pre Evacuate Collection Set: 0.1ms
[2025-08-21T18:20:22.845+0000][1692266][info ][gc,phases   ] GC(550)   Merge Heap Roots: 0.0ms
[2025-08-21T18:20:22.845+0000][1692266][info ][gc,phases   ] GC(550)   Evacuate Collection Set: 1.0ms
[2025-08-21T18:20:22.845+0000][1692266][info ][gc,phases   ] GC(550)   Post Evacuate Collection Set: 0.8ms
[2025-08-21T18:20:22.845+0000][1692266][info ][gc,phases   ] GC(550)   Other: 0.0ms
[2025-08-21T18:20:22.845+0000][1692266][trace][gc,age      ] GC(550) Age table with threshold 15 (max threshold 15)
[2025-08-21T18:20:22.845+0000][1692266][trace][gc,age      ] GC(550) - age   1:      15280 bytes,      15280 total
[2025-08-21T18:20:22.845+0000][1692266][trace][gc,age      ] GC(550) - age   2:       1104 bytes,      16384 total
[2025-08-21T18:20:22.845+0000][1692266][trace][gc,age      ] GC(550) - age   4:        176 bytes,      16560 total
[2025-08-21T18:20:22.845+0000][1692266][trace][gc,age      ] GC(550) - age  14:      37256 bytes,      53816 total
[2025-08-21T18:20:22.845+0000][1692266][info ][gc,heap     ] GC(550) Eden regions: 75->0(75)
[2025-08-21T18:20:22.845+0000][1692266][info ][gc,heap     ] GC(550) Survivor regions: 1->1(10)
[2025-08-21T18:20:22.845+0000][1692266][info ][gc,heap     ] GC(550) Old regions: 22->22
[2025-08-21T18:20:22.845+0000][1692266][info ][gc,heap     ] GC(550) Humongous regions: 0->0
[2025-08-21T18:20:22.845+0000][1692266][info ][gc,metaspace] GC(550) Metaspace: 142108K(148544K)->142108K(148544K) NonClass: 123148K(127104K)->123148K(127104K) Class: 18959K(21440K)->18959K(21440K)
[2025-08-21T18:20:22.845+0000][1692266][info ][gc          ] GC(550) Pause Young (Normal) (G1 Evacuation Pause) 387M->87M(512M) 2.098ms
[2025-08-21T18:20:22.845+0000][1692266][info ][gc,cpu      ] GC(550) User=0.00s Sys=0.00s Real=0.00s
[2025-08-21T18:20:22.845+0000][1692266][info ][safepoint   ] Safepoint "G1CollectForAllocation", Time since last: 444191321373 ns, Reaching safepoint: 9214 ns, Cleanup: 3556 ns, At safepoint: 2136967 ns, Total: 2149737 ns
[2025-08-21T18:27:47.947+0000][1692266][info ][gc,start    ] GC(551) Pause Young (Normal) (G1 Evacuation Pause)
[2025-08-21T18:27:47.947+0000][1692266][info ][gc,task     ] GC(551) Using 1 workers of 1 for evacuation
[2025-08-21T18:27:47.948+0000][1692266][debug][gc,age      ] GC(551) Desired survivor size 20971520 bytes, new threshold 15 (max threshold 15)
[2025-08-21T18:27:47.950+0000][1692266][info ][gc,phases   ] GC(551)   Pre Evacuate Collection Set: 0.2ms
[2025-08-21T18:27:47.950+0000][1692266][info ][gc,phases   ] GC(551)   Merge Heap Roots: 0.0ms
[2025-08-21T18:27:47.950+0000][1692266][info ][gc,phases   ] GC(551)   Evacuate Collection Set: 1.0ms
[2025-08-21T18:27:47.950+0000][1692266][info ][gc,phases   ] GC(551)   Post Evacuate Collection Set: 0.8ms
[2025-08-21T18:27:47.950+0000][1692266][info ][gc,phases   ] GC(551)   Other: 0.0ms
[2025-08-21T18:27:47.950+0000][1692266][trace][gc,age      ] GC(551) Age table with threshold 15 (max threshold 15)
[2025-08-21T18:27:47.950+0000][1692266][trace][gc,age      ] GC(551) - age   1:      15632 bytes,      15632 total
[2025-08-21T18:27:47.950+0000][1692266][trace][gc,age      ] GC(551) - age   5:        176 bytes,      15808 total
[2025-08-21T18:27:47.950+0000][1692266][trace][gc,age      ] GC(551) - age  15:      37256 bytes,      53064 total
[2025-08-21T18:27:47.950+0000][1692266][info ][gc,heap     ] GC(551) Eden regions: 75->0(75)
[2025-08-21T18:27:47.950+0000][1692266][info ][gc,heap     ] GC(551) Survivor regions: 1->1(10)
[2025-08-21T18:27:47.950+0000][1692266][info ][gc,heap     ] GC(551) Old regions: 22->22
[2025-08-21T18:27:47.950+0000][1692266][info ][gc,heap     ] GC(551) Humongous regions: 0->0
[2025-08-21T18:27:47.950+0000][1692266][info ][gc,metaspace] GC(551) Metaspace: 142108K(148544K)->142108K(148544K) NonClass: 123148K(127104K)->123148K(127104K) Class: 18959K(21440K)->18959K(21440K)
[2025-08-21T18:27:47.950+0000][1692266][info ][gc          ] GC(551) Pause Young (Normal) (G1 Evacuation Pause) 387M->87M(512M) 2.232ms
[2025-08-21T18:27:47.950+0000][1692266][info ][gc,cpu      ] GC(551) User=0.00s Sys=0.00s Real=0.00s
[2025-08-21T18:27:47.950+0000][1692266][info ][safepoint   ] Safepoint "G1CollectForAllocation", Time since last: 445102426201 ns, Reaching safepoint: 10937 ns, Cleanup: 3425 ns, At safepoint: 2271751 ns, Total: 2286113 ns
[2025-08-21T18:35:12.067+0000][1692266][info ][gc,start    ] GC(552) Pause Young (Normal) (G1 Evacuation Pause)
[2025-08-21T18:35:12.069+0000][1692266][info ][gc,task     ] GC(552) Using 1 workers of 1 for evacuation
[2025-08-21T18:35:12.069+0000][1692266][debug][gc,age      ] GC(552) Desired survivor size 20971520 bytes, new threshold 15 (max threshold 15)
[2025-08-21T18:35:12.209+0000][1692266][info ][gc,phases   ] GC(552)   Pre Evacuate Collection Set: 2.4ms
[2025-08-21T18:35:12.209+0000][1692266][info ][gc,phases   ] GC(552)   Merge Heap Roots: 1.4ms
[2025-08-21T18:35:12.209+0000][1692266][info ][gc,phases   ] GC(552)   Evacuate Collection Set: 92.2ms
[2025-08-21T18:35:12.209+0000][1692266][info ][gc,phases   ] GC(552)   Post Evacuate Collection Set: 42.9ms
[2025-08-21T18:35:12.209+0000][1692266][info ][gc,phases   ] GC(552)   Other: 0.5ms
[2025-08-21T18:35:12.209+0000][1692266][trace][gc,age      ] GC(552) Age table with threshold 15 (max threshold 15)
[2025-08-21T18:35:12.209+0000][1692266][trace][gc,age      ] GC(552) - age   1:      14752 bytes,      14752 total
[2025-08-21T18:35:12.209+0000][1692266][trace][gc,age      ] GC(552) - age   2:        664 bytes,      15416 total
[2025-08-21T18:35:12.209+0000][1692266][trace][gc,age      ] GC(552) - age   6:        176 bytes,      15592 total
[2025-08-21T18:35:12.209+0000][1692266][info ][gc,heap     ] GC(552) Eden regions: 75->0(75)
[2025-08-21T18:35:12.209+0000][1692266][info ][gc,heap     ] GC(552) Survivor regions: 1->1(10)
[2025-08-21T18:35:12.209+0000][1692266][info ][gc,heap     ] GC(552) Old regions: 22->22
[2025-08-21T18:35:12.209+0000][1692266][info ][gc,heap     ] GC(552) Humongous regions: 0->0
[2025-08-21T18:35:12.209+0000][1692266][info ][gc,metaspace] GC(552) Metaspace: 142108K(148544K)->142108K(148544K) NonClass: 123148K(127104K)->123148K(127104K) Class: 18959K(21440K)->18959K(21440K)
[2025-08-21T18:35:12.209+0000][1692266][info ][gc          ] GC(552) Pause Young (Normal) (G1 Evacuation Pause) 387M->87M(512M) 141.978ms
[2025-08-21T18:35:12.209+0000][1692266][info ][gc,cpu      ] GC(552) User=0.00s Sys=0.02s Real=0.14s
[2025-08-21T18:35:12.209+0000][1692266][info ][safepoint   ] Safepoint "G1CollectForAllocation", Time since last: 444113079539 ns, Reaching safepoint: 203907 ns, Cleanup: 1282126 ns, At safepoint: 145163843 ns, Total: 146649876 ns
[2025-08-21T18:42:35.722+0000][1692266][info ][gc,start    ] GC(553) Pause Young (Normal) (G1 Evacuation Pause)
[2025-08-21T18:42:35.723+0000][1692266][info ][gc,task     ] GC(553) Using 1 workers of 1 for evacuation
[2025-08-21T18:42:35.723+0000][1692266][debug][gc,age      ] GC(553) Desired survivor size 20971520 bytes, new threshold 15 (max threshold 15)
[2025-08-21T18:42:35.771+0000][1692266][info ][gc,phases   ] GC(553)   Pre Evacuate Collection Set: 1.9ms
[2025-08-21T18:42:35.771+0000][1692266][info ][gc,phases   ] GC(553)   Merge Heap Roots: 0.4ms
[2025-08-21T18:42:35.771+0000][1692266][info ][gc,phases   ] GC(553)   Evacuate Collection Set: 30.5ms
[2025-08-21T18:42:35.771+0000][1692266][info ][gc,phases   ] GC(553)   Post Evacuate Collection Set: 14.4ms
[2025-08-21T18:42:35.771+0000][1692266][info ][gc,phases   ] GC(553)   Other: 0.3ms
[2025-08-21T18:42:35.771+0000][1692266][trace][gc,age      ] GC(553) Age table with threshold 15 (max threshold 15)
[2025-08-21T18:42:35.771+0000][1692266][trace][gc,age      ] GC(553) - age   1:     104136 bytes,     104136 total
[2025-08-21T18:42:35.771+0000][1692266][trace][gc,age      ] GC(553) - age   7:        176 bytes,     104312 total
[2025-08-21T18:42:35.771+0000][1692266][info ][gc,heap     ] GC(553) Eden regions: 75->0(75)
[2025-08-21T18:42:35.771+0000][1692266][info ][gc,heap     ] GC(553) Survivor regions: 1->1(10)
[2025-08-21T18:42:35.771+0000][1692266][info ][gc,heap     ] GC(553) Old regions: 22->22
[2025-08-21T18:42:35.771+0000][1692266][info ][gc,heap     ] GC(553) Humongous regions: 0->0
[2025-08-21T18:42:35.771+0000][1692266][info ][gc,metaspace] GC(553) Metaspace: 142108K(148544K)->142108K(148544K) NonClass: 123148K(127104K)->123148K(127104K) Class: 18959K(21440K)->18959K(21440K)
[2025-08-21T18:42:35.771+0000][1692266][info ][gc          ] GC(553) Pause Young (Normal) (G1 Evacuation Pause) 387M->87M(512M) 49.590ms
[2025-08-21T18:42:35.771+0000][1692266][info ][gc,cpu      ] GC(553) User=0.00s Sys=0.01s Real=0.05s
[2025-08-21T18:42:35.771+0000][1692266][info ][safepoint   ] Safepoint "G1CollectForAllocation", Time since last: 443510412100 ns, Reaching safepoint: 151299 ns, Cleanup: 153081 ns, At safepoint: 50998169 ns, Total: 51302549 ns
[2025-08-21T18:42:55.772+0000][1692266][info ][safepoint   ] Safepoint "Cleanup", Time since last: 20001240198 ns, Reaching safepoint: 39780 ns, Cleanup: 10065 ns, At safepoint: 4647 ns, Total: 54492 ns
[2025-08-21T18:43:22.774+0000][1692266][info ][safepoint   ] Safepoint "Cleanup", Time since last: 27001599083 ns, Reaching safepoint: 292191 ns, Cleanup: 10667 ns, At safepoint: 5268 ns, Total: 308126 ns
[2025-08-21T18:50:00.048+0000][1692266][info ][gc,start    ] GC(554) Pause Young (Normal) (G1 Evacuation Pause)
[2025-08-21T18:50:00.048+0000][1692266][info ][gc,task     ] GC(554) Using 1 workers of 1 for evacuation
[2025-08-21T18:50:00.048+0000][1692266][debug][gc,age      ] GC(554) Desired survivor size 20971520 bytes, new threshold 15 (max threshold 15)
[2025-08-21T18:50:00.053+0000][1692266][info ][gc,phases   ] GC(554)   Pre Evacuate Collection Set: 0.0ms
[2025-08-21T18:50:00.053+0000][1692266][info ][gc,phases   ] GC(554)   Merge Heap Roots: 0.0ms
[2025-08-21T18:50:00.053+0000][1692266][info ][gc,phases   ] GC(554)   Evacuate Collection Set: 3.9ms
[2025-08-21T18:50:00.053+0000][1692266][info ][gc,phases   ] GC(554)   Post Evacuate Collection Set: 0.9ms
[2025-08-21T18:50:00.053+0000][1692266][info ][gc,phases   ] GC(554)   Other: 0.0ms
[2025-08-21T18:50:00.053+0000][1692266][trace][gc,age      ] GC(554) Age table with threshold 15 (max threshold 15)
[2025-08-21T18:50:00.053+0000][1692266][trace][gc,age      ] GC(554) - age   1:      15896 bytes,      15896 total
[2025-08-21T18:50:00.053+0000][1692266][trace][gc,age      ] GC(554) - age   2:       1104 bytes,      17000 total
[2025-08-21T18:50:00.053+0000][1692266][trace][gc,age      ] GC(554) - age   8:        176 bytes,      17176 total
[2025-08-21T18:50:00.053+0000][1692266][info ][gc,heap     ] GC(554) Eden regions: 75->0(75)
[2025-08-21T18:50:00.053+0000][1692266][info ][gc,heap     ] GC(554) Survivor regions: 1->1(10)
[2025-08-21T18:50:00.053+0000][1692266][info ][gc,heap     ] GC(554) Old regions: 22->22
[2025-08-21T18:50:00.053+0000][1692266][info ][gc,heap     ] GC(554) Humongous regions: 0->0
[2025-08-21T18:50:00.053+0000][1692266][info ][gc,metaspace] GC(554) Metaspace: 142108K(148544K)->142108K(148544K) NonClass: 123148K(127104K)->123148K(127104K) Class: 18959K(21440K)->18959K(21440K)
[2025-08-21T18:50:00.053+0000][1692266][info ][gc          ] GC(554) Pause Young (Normal) (G1 Evacuation Pause) 387M->87M(512M) 5.141ms
[2025-08-21T18:50:00.053+0000][1692266][info ][gc,cpu      ] GC(554) User=0.00s Sys=0.00s Real=0.00s
[2025-08-21T18:50:00.053+0000][1692266][info ][safepoint   ] Safepoint "G1CollectForAllocation", Time since last: 397273530398 ns, Reaching safepoint: 8623 ns, Cleanup: 2254 ns, At safepoint: 5178590 ns, Total: 5189467 ns
[2025-08-21T18:51:21.058+0000][1692266][info ][safepoint   ] Safepoint "Cleanup", Time since last: 81004848957 ns, Reaching safepoint: 30436 ns, Cleanup: 39109 ns, At safepoint: 2323 ns, Total: 71868 ns
[2025-08-21T18:52:00.062+0000][1692266][info ][safepoint   ] Safepoint "Cleanup", Time since last: 39004301141 ns, Reaching safepoint: 8743 ns, Cleanup: 15243 ns, At safepoint: 2854 ns, Total: 26840 ns
[2025-08-21T18:57:10.683+0000][1692266][info ][gc,start    ] GC(555) Pause Young (Normal) (G1 Evacuation Pause)
[2025-08-21T18:57:10.684+0000][1692266][info ][gc,task     ] GC(555) Using 1 workers of 1 for evacuation
[2025-08-21T18:57:10.684+0000][1692266][debug][gc,age      ] GC(555) Desired survivor size 20971520 bytes, new threshold 15 (max threshold 15)
[2025-08-21T18:57:10.686+0000][1692266][info ][gc,phases   ] GC(555)   Pre Evacuate Collection Set: 0.1ms
[2025-08-21T18:57:10.686+0000][1692266][info ][gc,phases   ] GC(555)   Merge Heap Roots: 0.0ms
[2025-08-21T18:57:10.686+0000][1692266][info ][gc,phases   ] GC(555)   Evacuate Collection Set: 1.8ms
[2025-08-21T18:57:10.686+0000][1692266][info ][gc,phases   ] GC(555)   Post Evacuate Collection Set: 0.8ms
[2025-08-21T18:57:10.686+0000][1692266][info ][gc,phases   ] GC(555)   Other: 0.0ms
[2025-08-21T18:57:10.686+0000][1692266][trace][gc,age      ] GC(555) Age table with threshold 15 (max threshold 15)
[2025-08-21T18:57:10.686+0000][1692266][trace][gc,age      ] GC(555) - age   1:      72416 bytes,      72416 total
[2025-08-21T18:57:10.686+0000][1692266][info ][gc,heap     ] GC(555) Eden regions: 75->0(75)
[2025-08-21T18:57:10.686+0000][1692266][info ][gc,heap     ] GC(555) Survivor regions: 1->1(10)
[2025-08-21T18:57:10.686+0000][1692266][info ][gc,heap     ] GC(555) Old regions: 22->22
[2025-08-21T18:57:10.686+0000][1692266][info ][gc,heap     ] GC(555) Humongous regions: 0->0
[2025-08-21T18:57:10.686+0000][1692266][info ][gc,metaspace] GC(555) Metaspace: 142124K(148544K)->142124K(148544K) NonClass: 123164K(127104K)->123164K(127104K) Class: 18959K(21440K)->18959K(21440K)
[2025-08-21T18:57:10.686+0000][1692266][info ][gc          ] GC(555) Pause Young (Normal) (G1 Evacuation Pause) 387M->87M(512M) 2.950ms
[2025-08-21T18:57:10.686+0000][1692266][info ][gc,cpu      ] GC(555) User=0.00s Sys=0.00s Real=0.01s
[2025-08-21T18:57:10.686+0000][1692266][info ][safepoint   ] Safepoint "G1CollectForAllocation", Time since last: 310621092626 ns, Reaching safepoint: 9134 ns, Cleanup: 2473 ns, At safepoint: 2988613 ns, Total: 3000220 ns
[2025-08-21T19:04:35.384+0000][1692266][info ][gc,start    ] GC(556) Pause Young (Normal) (G1 Evacuation Pause)
[2025-08-21T19:04:35.384+0000][1692266][info ][gc,task     ] GC(556) Using 1 workers of 1 for evacuation
[2025-08-21T19:04:35.384+0000][1692266][debug][gc,age      ] GC(556) Desired survivor size 20971520 bytes, new threshold 15 (max threshold 15)
[2025-08-21T19:04:35.387+0000][1692266][info ][gc,phases   ] GC(556)   Pre Evacuate Collection Set: 0.1ms
[2025-08-21T19:04:35.387+0000][1692266][info ][gc,phases   ] GC(556)   Merge Heap Roots: 0.0ms
[2025-08-21T19:04:35.387+0000][1692266][info ][gc,phases   ] GC(556)   Evacuate Collection Set: 1.8ms
[2025-08-21T19:04:35.387+0000][1692266][info ][gc,phases   ] GC(556)   Post Evacuate Collection Set: 0.8ms
[2025-08-21T19:04:35.387+0000][1692266][info ][gc,phases   ] GC(556)   Other: 0.0ms
[2025-08-21T19:04:35.387+0000][1692266][trace][gc,age      ] GC(556) Age table with threshold 15 (max threshold 15)
[2025-08-21T19:04:35.387+0000][1692266][trace][gc,age      ] GC(556) - age   1:      15696 bytes,      15696 total
[2025-08-21T19:04:35.387+0000][1692266][trace][gc,age      ] GC(556) - age   2:      52176 bytes,      67872 total
[2025-08-21T19:04:35.387+0000][1692266][info ][gc,heap     ] GC(556) Eden regions: 75->0(75)
[2025-08-21T19:04:35.387+0000][1692266][info ][gc,heap     ] GC(556) Survivor regions: 1->1(10)
[2025-08-21T19:04:35.387+0000][1692266][info ][gc,heap     ] GC(556) Old regions: 22->22
[2025-08-21T19:04:35.387+0000][1692266][info ][gc,heap     ] GC(556) Humongous regions: 0->0
[2025-08-21T19:04:35.387+0000][1692266][info ][gc,metaspace] GC(556) Metaspace: 142124K(148544K)->142124K(148544K) NonClass: 123164K(127104K)->123164K(127104K) Class: 18959K(21440K)->18959K(21440K)
[2025-08-21T19:04:35.387+0000][1692266][info ][gc          ] GC(556) Pause Young (Normal) (G1 Evacuation Pause) 387M->87M(512M) 3.065ms
[2025-08-21T19:04:35.387+0000][1692266][info ][gc,cpu      ] GC(556) User=0.00s Sys=0.00s Real=0.01s
[2025-08-21T19:04:35.387+0000][1692266][info ][safepoint   ] Safepoint "G1CollectForAllocation", Time since last: 444697791061 ns, Reaching safepoint: 8893 ns, Cleanup: 3315 ns, At safepoint: 3105329 ns, Total: 3117537 ns
[2025-08-21T19:09:21.407+0000][1692266][info ][safepoint   ] Safepoint "Cleanup", Time since last: 286019720095 ns, Reaching safepoint: 7561 ns, Cleanup: 24337 ns, At safepoint: 2333 ns, Total: 34231 ns
[2025-08-21T19:09:58.416+0000][1692266][info ][safepoint   ] Safepoint "Cleanup", Time since last: 37007924866 ns, Reaching safepoint: 8033 ns, Cleanup: 1435227 ns, At safepoint: 3555 ns, Total: 1446815 ns
[2025-08-21T19:11:47.473+0000][1692266][info ][gc,start    ] GC(557) Pause Young (Normal) (G1 Evacuation Pause)
[2025-08-21T19:11:47.474+0000][1692266][info ][gc,task     ] GC(557) Using 1 workers of 1 for evacuation
[2025-08-21T19:11:47.475+0000][1692266][debug][gc,age      ] GC(557) Desired survivor size 20971520 bytes, new threshold 15 (max threshold 15)
[2025-08-21T19:11:47.571+0000][1692266][info ][gc,phases   ] GC(557)   Pre Evacuate Collection Set: 2.6ms
[2025-08-21T19:11:47.571+0000][1692266][info ][gc,phases   ] GC(557)   Merge Heap Roots: 0.3ms
[2025-08-21T19:11:47.571+0000][1692266][info ][gc,phases   ] GC(557)   Evacuate Collection Set: 53.5ms
[2025-08-21T19:11:47.571+0000][1692266][info ][gc,phases   ] GC(557)   Post Evacuate Collection Set: 37.0ms
[2025-08-21T19:11:47.571+0000][1692266][info ][gc,phases   ] GC(557)   Other: 2.2ms
[2025-08-21T19:11:47.571+0000][1692266][trace][gc,age      ] GC(557) Age table with threshold 15 (max threshold 15)
[2025-08-21T19:11:47.571+0000][1692266][trace][gc,age      ] GC(557) - age   1:      54128 bytes,      54128 total
[2025-08-21T19:11:47.571+0000][1692266][trace][gc,age      ] GC(557) - age   2:        128 bytes,      54256 total
[2025-08-21T19:11:47.571+0000][1692266][trace][gc,age      ] GC(557) - age   3:      19192 bytes,      73448 total
[2025-08-21T19:11:47.571+0000][1692266][info ][gc,heap     ] GC(557) Eden regions: 75->0(75)
[2025-08-21T19:11:47.571+0000][1692266][info ][gc,heap     ] GC(557) Survivor regions: 1->1(10)
[2025-08-21T19:11:47.571+0000][1692266][info ][gc,heap     ] GC(557) Old regions: 22->22
[2025-08-21T19:11:47.571+0000][1692266][info ][gc,heap     ] GC(557) Humongous regions: 0->0
[2025-08-21T19:11:47.572+0000][1692266][info ][gc,metaspace] GC(557) Metaspace: 142134K(148544K)->142134K(148544K) NonClass: 123173K(127104K)->123173K(127104K) Class: 18960K(21440K)->18960K(21440K)
[2025-08-21T19:11:47.576+0000][1692266][info ][gc          ] GC(557) Pause Young (Normal) (G1 Evacuation Pause) 387M->87M(512M) 102.994ms
[2025-08-21T19:11:47.576+0000][1692266][info ][gc,cpu      ] GC(557) User=0.01s Sys=0.01s Real=0.11s
[2025-08-21T19:11:47.576+0000][1692266][info ][safepoint   ] Safepoint "G1CollectForAllocation", Time since last: 109053985078 ns, Reaching safepoint: 10395 ns, Cleanup: 4047 ns, At safepoint: 105968736 ns, Total: 105983178 ns
[2025-08-21T19:19:11.619+0000][1692266][info ][gc,start    ] GC(558) Pause Young (Normal) (G1 Evacuation Pause)
[2025-08-21T19:19:11.620+0000][1692266][info ][gc,task     ] GC(558) Using 1 workers of 1 for evacuation
[2025-08-21T19:19:11.620+0000][1692266][debug][gc,age      ] GC(558) Desired survivor size 20971520 bytes, new threshold 15 (max threshold 15)
[2025-08-21T19:19:11.625+0000][1692266][info ][gc,phases   ] GC(558)   Pre Evacuate Collection Set: 0.0ms
[2025-08-21T19:19:11.625+0000][1692266][info ][gc,phases   ] GC(558)   Merge Heap Roots: 0.0ms
[2025-08-21T19:19:11.625+0000][1692266][info ][gc,phases   ] GC(558)   Evacuate Collection Set: 4.0ms
[2025-08-21T19:19:11.625+0000][1692266][info ][gc,phases   ] GC(558)   Post Evacuate Collection Set: 0.8ms
[2025-08-21T19:19:11.625+0000][1692266][info ][gc,phases   ] GC(558)   Other: 0.0ms
[2025-08-21T19:19:11.625+0000][1692266][trace][gc,age      ] GC(558) Age table with threshold 15 (max threshold 15)
[2025-08-21T19:19:11.625+0000][1692266][trace][gc,age      ] GC(558) - age   1:      16024 bytes,      16024 total
[2025-08-21T19:19:11.625+0000][1692266][trace][gc,age      ] GC(558) - age   2:      35304 bytes,      51328 total
[2025-08-21T19:19:11.625+0000][1692266][trace][gc,age      ] GC(558) - age   4:      19160 bytes,      70488 total
[2025-08-21T19:19:11.625+0000][1692266][info ][gc,heap     ] GC(558) Eden regions: 75->0(75)
[2025-08-21T19:19:11.625+0000][1692266][info ][gc,heap     ] GC(558) Survivor regions: 1->1(10)
[2025-08-21T19:19:11.625+0000][1692266][info ][gc,heap     ] GC(558) Old regions: 22->22
[2025-08-21T19:19:11.625+0000][1692266][info ][gc,heap     ] GC(558) Humongous regions: 0->0
[2025-08-21T19:19:11.625+0000][1692266][info ][gc,metaspace] GC(558) Metaspace: 142134K(148544K)->142134K(148544K) NonClass: 123173K(127104K)->123173K(127104K) Class: 18960K(21440K)->18960K(21440K)
[2025-08-21T19:19:11.625+0000][1692266][info ][gc          ] GC(558) Pause Young (Normal) (G1 Evacuation Pause) 387M->87M(512M) 5.111ms
[2025-08-21T19:19:11.625+0000][1692266][info ][gc,cpu      ] GC(558) User=0.00s Sys=0.00s Real=0.00s
[2025-08-21T19:19:11.625+0000][1692266][info ][safepoint   ] Safepoint "G1CollectForAllocation", Time since last: 444043075194 ns, Reaching safepoint: 7982 ns, Cleanup: 2203 ns, At safepoint: 5154764 ns, Total: 5164949 ns
[2025-08-21T19:26:36.617+0000][1692266][info ][gc,start    ] GC(559) Pause Young (Normal) (G1 Evacuation Pause)
[2025-08-21T19:26:36.617+0000][1692266][info ][gc,task     ] GC(559) Using 1 workers of 1 for evacuation
[2025-08-21T19:26:36.617+0000][1692266][debug][gc,age      ] GC(559) Desired survivor size 20971520 bytes, new threshold 15 (max threshold 15)
[2025-08-21T19:26:36.619+0000][1692266][info ][gc,phases   ] GC(559)   Pre Evacuate Collection Set: 0.0ms
[2025-08-21T19:26:36.619+0000][1692266][info ][gc,phases   ] GC(559)   Merge Heap Roots: 0.0ms
[2025-08-21T19:26:36.619+0000][1692266][info ][gc,phases   ] GC(559)   Evacuate Collection Set: 0.8ms
[2025-08-21T19:26:36.619+0000][1692266][info ][gc,phases   ] GC(559)   Post Evacuate Collection Set: 0.8ms
[2025-08-21T19:26:36.619+0000][1692266][info ][gc,phases   ] GC(559)   Other: 0.0ms
[2025-08-21T19:26:36.619+0000][1692266][trace][gc,age      ] GC(559) Age table with threshold 15 (max threshold 15)
[2025-08-21T19:26:36.619+0000][1692266][trace][gc,age      ] GC(559) - age   1:      16184 bytes,      16184 total
[2025-08-21T19:26:36.619+0000][1692266][trace][gc,age      ] GC(559) - age   3:      34328 bytes,      50512 total
[2025-08-21T19:26:36.619+0000][1692266][trace][gc,age      ] GC(559) - age   5:      19160 bytes,      69672 total
[2025-08-21T19:26:36.619+0000][1692266][info ][gc,heap     ] GC(559) Eden regions: 75->0(75)
[2025-08-21T19:26:36.619+0000][1692266][info ][gc,heap     ] GC(559) Survivor regions: 1->1(10)
[2025-08-21T19:26:36.619+0000][1692266][info ][gc,heap     ] GC(559) Old regions: 22->22
[2025-08-21T19:26:36.619+0000][1692266][info ][gc,heap     ] GC(559) Humongous regions: 0->0
[2025-08-21T19:26:36.619+0000][1692266][info ][gc,metaspace] GC(559) Metaspace: 142134K(148544K)->142134K(148544K) NonClass: 123173K(127104K)->123173K(127104K) Class: 18960K(21440K)->18960K(21440K)
[2025-08-21T19:26:36.619+0000][1692266][info ][gc          ] GC(559) Pause Young (Normal) (G1 Evacuation Pause) 387M->87M(512M) 2.137ms
[2025-08-21T19:26:36.619+0000][1692266][info ][gc,cpu      ] GC(559) User=0.00s Sys=0.00s Real=0.00s
[2025-08-21T19:26:36.619+0000][1692266][info ][safepoint   ] Safepoint "G1CollectForAllocation", Time since last: 444992410596 ns, Reaching safepoint: 7781 ns, Cleanup: 2975 ns, At safepoint: 2174253 ns, Total: 2185009 ns
[2025-08-21T19:34:00.719+0000][1692266][info ][gc,start    ] GC(560) Pause Young (Normal) (G1 Evacuation Pause)
[2025-08-21T19:34:00.720+0000][1692266][info ][gc,task     ] GC(560) Using 1 workers of 1 for evacuation
[2025-08-21T19:34:00.720+0000][1692266][debug][gc,age      ] GC(560) Desired survivor size 20971520 bytes, new threshold 15 (max threshold 15)
[2025-08-21T19:34:00.721+0000][1692266][info ][gc,phases   ] GC(560)   Pre Evacuate Collection Set: 0.1ms
[2025-08-21T19:34:00.722+0000][1692266][info ][gc,phases   ] GC(560)   Merge Heap Roots: 0.0ms
[2025-08-21T19:34:00.722+0000][1692266][info ][gc,phases   ] GC(560)   Evacuate Collection Set: 0.9ms
[2025-08-21T19:34:00.722+0000][1692266][info ][gc,phases   ] GC(560)   Post Evacuate Collection Set: 0.8ms
[2025-08-21T19:34:00.722+0000][1692266][info ][gc,phases   ] GC(560)   Other: 0.0ms
[2025-08-21T19:34:00.722+0000][1692266][trace][gc,age      ] GC(560) Age table with threshold 15 (max threshold 15)
[2025-08-21T19:34:00.722+0000][1692266][trace][gc,age      ] GC(560) - age   1:      15928 bytes,      15928 total
[2025-08-21T19:34:00.722+0000][1692266][trace][gc,age      ] GC(560) - age   2:        664 bytes,      16592 total
[2025-08-21T19:34:00.722+0000][1692266][trace][gc,age      ] GC(560) - age   4:      34328 bytes,      50920 total
[2025-08-21T19:34:00.722+0000][1692266][trace][gc,age      ] GC(560) - age   6:      19160 bytes,      70080 total
[2025-08-21T19:34:00.722+0000][1692266][info ][gc,heap     ] GC(560) Eden regions: 75->0(75)
[2025-08-21T19:34:00.722+0000][1692266][info ][gc,heap     ] GC(560) Survivor regions: 1->1(10)
[2025-08-21T19:34:00.722+0000][1692266][info ][gc,heap     ] GC(560) Old regions: 22->22
[2025-08-21T19:34:00.722+0000][1692266][info ][gc,heap     ] GC(560) Humongous regions: 0->0
[2025-08-21T19:34:00.722+0000][1692266][info ][gc,metaspace] GC(560) Metaspace: 142134K(148544K)->142134K(148544K) NonClass: 123173K(127104K)->123173K(127104K) Class: 18960K(21440K)->18960K(21440K)
[2025-08-21T19:34:00.722+0000][1692266][info ][gc          ] GC(560) Pause Young (Normal) (G1 Evacuation Pause) 387M->87M(512M) 2.130ms
[2025-08-21T19:34:00.722+0000][1692266][info ][gc,cpu      ] GC(560) User=0.00s Sys=0.00s Real=0.00s
[2025-08-21T19:34:00.722+0000][1692266][info ][safepoint   ] Safepoint "G1CollectForAllocation", Time since last: 444100175980 ns, Reaching safepoint: 10986 ns, Cleanup: 3516 ns, At safepoint: 2166681 ns, Total: 2181183 ns
[2025-08-21T19:35:09.726+0000][1692266][info ][safepoint   ] Safepoint "Cleanup", Time since last: 69003894224 ns, Reaching safepoint: 61724 ns, Cleanup: 19088 ns, At safepoint: 2434 ns, Total: 83246 ns
[2025-08-21T19:41:24.509+0000][1692266][info ][gc,start    ] GC(561) Pause Young (Normal) (G1 Evacuation Pause)
[2025-08-21T19:41:24.509+0000][1692266][info ][gc,task     ] GC(561) Using 1 workers of 1 for evacuation
[2025-08-21T19:41:24.509+0000][1692266][debug][gc,age      ] GC(561) Desired survivor size 20971520 bytes, new threshold 15 (max threshold 15)
[2025-08-21T19:41:24.513+0000][1692266][info ][gc,phases   ] GC(561)   Pre Evacuate Collection Set: 0.1ms
[2025-08-21T19:41:24.513+0000][1692266][info ][gc,phases   ] GC(561)   Merge Heap Roots: 0.0ms
[2025-08-21T19:41:24.513+0000][1692266][info ][gc,phases   ] GC(561)   Evacuate Collection Set: 2.5ms
[2025-08-21T19:41:24.513+0000][1692266][info ][gc,phases   ] GC(561)   Post Evacuate Collection Set: 0.8ms
[2025-08-21T19:41:24.513+0000][1692266][info ][gc,phases   ] GC(561)   Other: 0.0ms
[2025-08-21T19:41:24.513+0000][1692266][trace][gc,age      ] GC(561) Age table with threshold 15 (max threshold 15)
[2025-08-21T19:41:24.513+0000][1692266][trace][gc,age      ] GC(561) - age   1:      38800 bytes,      38800 total
[2025-08-21T19:41:24.513+0000][1692266][trace][gc,age      ] GC(561) - age   2:        128 bytes,      38928 total
[2025-08-21T19:41:24.513+0000][1692266][trace][gc,age      ] GC(561) - age   5:      34328 bytes,      73256 total
[2025-08-21T19:41:24.513+0000][1692266][trace][gc,age      ] GC(561) - age   7:      19160 bytes,      92416 total
[2025-08-21T19:41:24.513+0000][1692266][info ][gc,heap     ] GC(561) Eden regions: 75->0(75)
[2025-08-21T19:41:24.513+0000][1692266][info ][gc,heap     ] GC(561) Survivor regions: 1->1(10)
[2025-08-21T19:41:24.513+0000][1692266][info ][gc,heap     ] GC(561) Old regions: 22->22
[2025-08-21T19:41:24.513+0000][1692266][info ][gc,heap     ] GC(561) Humongous regions: 0->0
[2025-08-21T19:41:24.513+0000][1692266][info ][gc,metaspace] GC(561) Metaspace: 142135K(148544K)->142135K(148544K) NonClass: 123174K(127104K)->123174K(127104K) Class: 18960K(21440K)->18960K(21440K)
[2025-08-21T19:41:24.513+0000][1692266][info ][gc          ] GC(561) Pause Young (Normal) (G1 Evacuation Pause) 387M->87M(512M) 3.614ms
[2025-08-21T19:41:24.513+0000][1692266][info ][gc,cpu      ] GC(561) User=0.00s Sys=0.00s Real=0.00s
[2025-08-21T19:41:24.513+0000][1692266][info ][safepoint   ] Safepoint "G1CollectForAllocation", Time since last: 374783712825 ns, Reaching safepoint: 8283 ns, Cleanup: 2383 ns, At safepoint: 3650883 ns, Total: 3661549 ns
[2025-08-21T19:48:48.562+0000][1692266][info ][gc,start    ] GC(562) Pause Young (Normal) (G1 Evacuation Pause)
[2025-08-21T19:48:48.562+0000][1692266][info ][gc,task     ] GC(562) Using 1 workers of 1 for evacuation
[2025-08-21T19:48:48.562+0000][1692266][debug][gc,age      ] GC(562) Desired survivor size 20971520 bytes, new threshold 15 (max threshold 15)
[2025-08-21T19:48:48.565+0000][1692266][info ][gc,phases   ] GC(562)   Pre Evacuate Collection Set: 0.1ms
[2025-08-21T19:48:48.565+0000][1692266][info ][gc,phases   ] GC(562)   Merge Heap Roots: 0.0ms
[2025-08-21T19:48:48.565+0000][1692266][info ][gc,phases   ] GC(562)   Evacuate Collection Set: 1.7ms
[2025-08-21T19:48:48.565+0000][1692266][info ][gc,phases   ] GC(562)   Post Evacuate Collection Set: 0.8ms
[2025-08-21T19:48:48.565+0000][1692266][info ][gc,phases   ] GC(562)   Other: 0.0ms
[2025-08-21T19:48:48.565+0000][1692266][trace][gc,age      ] GC(562) Age table with threshold 15 (max threshold 15)
[2025-08-21T19:48:48.565+0000][1692266][trace][gc,age      ] GC(562) - age   1:      32624 bytes,      32624 total
[2025-08-21T19:48:48.565+0000][1692266][trace][gc,age      ] GC(562) - age   2:       2376 bytes,      35000 total
[2025-08-21T19:48:48.565+0000][1692266][trace][gc,age      ] GC(562) - age   6:      34328 bytes,      69328 total
[2025-08-21T19:48:48.565+0000][1692266][trace][gc,age      ] GC(562) - age   8:      19160 bytes,      88488 total
[2025-08-21T19:48:48.565+0000][1692266][info ][gc,heap     ] GC(562) Eden regions: 75->0(75)
[2025-08-21T19:48:48.565+0000][1692266][info ][gc,heap     ] GC(562) Survivor regions: 1->1(10)
[2025-08-21T19:48:48.565+0000][1692266][info ][gc,heap     ] GC(562) Old regions: 22->22
[2025-08-21T19:48:48.565+0000][1692266][info ][gc,heap     ] GC(562) Humongous regions: 0->0
[2025-08-21T19:48:48.565+0000][1692266][info ][gc,metaspace] GC(562) Metaspace: 142135K(148544K)->142135K(148544K) NonClass: 123174K(127104K)->123174K(127104K) Class: 18960K(21440K)->18960K(21440K)
[2025-08-21T19:48:48.565+0000][1692266][info ][gc          ] GC(562) Pause Young (Normal) (G1 Evacuation Pause) 387M->87M(512M) 2.886ms
[2025-08-21T19:48:48.565+0000][1692266][info ][gc,cpu      ] GC(562) User=0.00s Sys=0.00s Real=0.00s
[2025-08-21T19:48:48.565+0000][1692266][info ][safepoint   ] Safepoint "G1CollectForAllocation", Time since last: 444048812490 ns, Reaching safepoint: 8102 ns, Cleanup: 3455 ns, At safepoint: 2923906 ns, Total: 2935463 ns
[2025-08-21T19:56:12.795+0000][1692266][info ][gc,start    ] GC(563) Pause Young (Normal) (G1 Evacuation Pause)
[2025-08-21T19:56:12.796+0000][1692266][info ][gc,task     ] GC(563) Using 1 workers of 1 for evacuation
[2025-08-21T19:56:12.796+0000][1692266][debug][gc,age      ] GC(563) Desired survivor size 20971520 bytes, new threshold 15 (max threshold 15)
[2025-08-21T19:56:12.797+0000][1692266][info ][gc,phases   ] GC(563)   Pre Evacuate Collection Set: 0.1ms
[2025-08-21T19:56:12.797+0000][1692266][info ][gc,phases   ] GC(563)   Merge Heap Roots: 0.0ms
[2025-08-21T19:56:12.797+0000][1692266][info ][gc,phases   ] GC(563)   Evacuate Collection Set: 0.8ms
[2025-08-21T19:56:12.797+0000][1692266][info ][gc,phases   ] GC(563)   Post Evacuate Collection Set: 0.8ms
[2025-08-21T19:56:12.797+0000][1692266][info ][gc,phases   ] GC(563)   Other: 0.0ms
[2025-08-21T19:56:12.797+0000][1692266][trace][gc,age      ] GC(563) Age table with threshold 15 (max threshold 15)
[2025-08-21T19:56:12.797+0000][1692266][trace][gc,age      ] GC(563) - age   1:      17760 bytes,      17760 total
[2025-08-21T19:56:12.797+0000][1692266][trace][gc,age      ] GC(563) - age   3:       1400 bytes,      19160 total
[2025-08-21T19:56:12.797+0000][1692266][trace][gc,age      ] GC(563) - age   7:      34328 bytes,      53488 total
[2025-08-21T19:56:12.797+0000][1692266][trace][gc,age      ] GC(563) - age   9:      18984 bytes,      72472 total
[2025-08-21T19:56:12.797+0000][1692266][info ][gc,heap     ] GC(563) Eden regions: 75->0(75)
[2025-08-21T19:56:12.797+0000][1692266][info ][gc,heap     ] GC(563) Survivor regions: 1->1(10)
[2025-08-21T19:56:12.797+0000][1692266][info ][gc,heap     ] GC(563) Old regions: 22->22
[2025-08-21T19:56:12.797+0000][1692266][info ][gc,heap     ] GC(563) Humongous regions: 0->0
[2025-08-21T19:56:12.797+0000][1692266][info ][gc,metaspace] GC(563) Metaspace: 142135K(148544K)->142135K(148544K) NonClass: 123174K(127104K)->123174K(127104K) Class: 18960K(21440K)->18960K(21440K)
[2025-08-21T19:56:12.797+0000][1692266][info ][gc          ] GC(563) Pause Young (Normal) (G1 Evacuation Pause) 387M->87M(512M) 1.950ms
[2025-08-21T19:56:12.797+0000][1692266][info ][gc,cpu      ] GC(563) User=0.00s Sys=0.00s Real=0.00s
[2025-08-21T19:56:12.797+0000][1692266][info ][safepoint   ] Safepoint "G1CollectForAllocation", Time since last: 444230694819 ns, Reaching safepoint: 11517 ns, Cleanup: 2384 ns, At safepoint: 1994351 ns, Total: 2008252 ns
[2025-08-21T20:03:37.995+0000][1692266][info ][gc,start    ] GC(564) Pause Young (Normal) (G1 Evacuation Pause)
[2025-08-21T20:03:37.997+0000][1692266][info ][gc,task     ] GC(564) Using 1 workers of 1 for evacuation
[2025-08-21T20:03:37.998+0000][1692266][debug][gc,age      ] GC(564) Desired survivor size 20971520 bytes, new threshold 15 (max threshold 15)
[2025-08-21T20:03:38.066+0000][1692266][info ][gc,phases   ] GC(564)   Pre Evacuate Collection Set: 2.5ms
[2025-08-21T20:03:38.066+0000][1692266][info ][gc,phases   ] GC(564)   Merge Heap Roots: 2.0ms
[2025-08-21T20:03:38.066+0000][1692266][info ][gc,phases   ] GC(564)   Evacuate Collection Set: 41.8ms
[2025-08-21T20:03:38.066+0000][1692266][info ][gc,phases   ] GC(564)   Post Evacuate Collection Set: 19.7ms
[2025-08-21T20:03:38.067+0000][1692266][info ][gc,phases   ] GC(564)   Other: 3.0ms
[2025-08-21T20:03:38.067+0000][1692266][trace][gc,age      ] GC(564) Age table with threshold 15 (max threshold 15)
[2025-08-21T20:03:38.067+0000][1692266][trace][gc,age      ] GC(564) - age   1:      15048 bytes,      15048 total
[2025-08-21T20:03:38.067+0000][1692266][trace][gc,age      ] GC(564) - age   2:        840 bytes,      15888 total
[2025-08-21T20:03:38.067+0000][1692266][trace][gc,age      ] GC(564) - age   4:       1400 bytes,      17288 total
[2025-08-21T20:03:38.067+0000][1692266][trace][gc,age      ] GC(564) - age   8:      34328 bytes,      51616 total
[2025-08-21T20:03:38.067+0000][1692266][trace][gc,age      ] GC(564) - age  10:      18984 bytes,      70600 total
[2025-08-21T20:03:38.067+0000][1692266][info ][gc,heap     ] GC(564) Eden regions: 75->0(75)
[2025-08-21T20:03:38.067+0000][1692266][info ][gc,heap     ] GC(564) Survivor regions: 1->1(10)
[2025-08-21T20:03:38.067+0000][1692266][info ][gc,heap     ] GC(564) Old regions: 22->22
[2025-08-21T20:03:38.067+0000][1692266][info ][gc,heap     ] GC(564) Humongous regions: 0->0
[2025-08-21T20:03:38.068+0000][1692266][info ][gc,metaspace] GC(564) Metaspace: 142135K(148544K)->142135K(148544K) NonClass: 123174K(127104K)->123174K(127104K) Class: 18960K(21440K)->18960K(21440K)
[2025-08-21T20:03:38.068+0000][1692266][info ][gc          ] GC(564) Pause Young (Normal) (G1 Evacuation Pause) 387M->87M(512M) 72.877ms
[2025-08-21T20:03:38.068+0000][1692266][info ][gc,cpu      ] GC(564) User=0.01s Sys=0.01s Real=0.08s
[2025-08-21T20:03:38.068+0000][1692266][info ][safepoint   ] Safepoint "G1CollectForAllocation", Time since last: 445194846474 ns, Reaching safepoint: 207343 ns, Cleanup: 1187834 ns, At safepoint: 74609663 ns, Total: 76004840 ns
[2025-08-21T20:06:01.140+0000][1692266][info ][safepoint   ] Safepoint "Cleanup", Time since last: 143012071273 ns, Reaching safepoint: 59326044 ns, Cleanup: 39900 ns, At safepoint: 9004 ns, Total: 59374948 ns
[2025-08-21T20:06:02.156+0000][1692266][info ][safepoint   ] Safepoint "Cleanup", Time since last: 1001294943 ns, Reaching safepoint: 14716753 ns, Cleanup: 151949 ns, At safepoint: 5709 ns, Total: 14874411 ns
[2025-08-21T20:06:03.161+0000][1692266][info ][safepoint   ] Safepoint "Cleanup", Time since last: 1000077434 ns, Reaching safepoint: 5264670 ns, Cleanup: 88193 ns, At safepoint: 3425 ns, Total: 5356288 ns
[2025-08-21T20:06:04.192+0000][1692266][info ][safepoint   ] Safepoint "Cleanup", Time since last: 1000216225 ns, Reaching safepoint: 30581288 ns, Cleanup: 84668 ns, At safepoint: 5899 ns, Total: 30671855 ns
[2025-08-21T20:06:05.204+0000][1692266][info ][safepoint   ] Safepoint "Cleanup", Time since last: 1000080780 ns, Reaching safepoint: 11528729 ns, Cleanup: 72088 ns, At safepoint: 4397 ns, Total: 11605214 ns
[2025-08-21T20:06:06.241+0000][1692266][info ][safepoint   ] Safepoint "Cleanup", Time since last: 1000082572 ns, Reaching safepoint: 36856685 ns, Cleanup: 15774 ns, At safepoint: 6871 ns, Total: 36879330 ns
[2025-08-21T20:06:07.214+0000][1692266][info ][safepoint   ] Safepoint "ICBufferFull", Time since last: 949521212 ns, Reaching safepoint: 23807400 ns, Cleanup: 122365 ns, At safepoint: 6370 ns, Total: 23936135 ns
[2025-08-21T20:06:07.746+0000][1692266][info ][gc,start    ] GC(565) Pause Young (Normal) (G1 Evacuation Pause)
[2025-08-21T20:06:07.748+0000][1692266][info ][gc,task     ] GC(565) Using 1 workers of 1 for evacuation
[2025-08-21T20:06:07.748+0000][1692266][debug][gc,age      ] GC(565) Desired survivor size 20971520 bytes, new threshold 15 (max threshold 15)
[2025-08-21T20:06:07.955+0000][1692266][info ][gc,mmu      ] GC(565) MMU target violated: 201.0ms (200.0ms/201.0ms)
[2025-08-21T20:06:07.958+0000][1692266][info ][gc,phases   ] GC(565)   Pre Evacuate Collection Set: 0.8ms
[2025-08-21T20:06:07.958+0000][1692266][info ][gc,phases   ] GC(565)   Merge Heap Roots: 0.1ms
[2025-08-21T20:06:07.958+0000][1692266][info ][gc,phases   ] GC(565)   Evacuate Collection Set: 199.8ms
[2025-08-21T20:06:07.958+0000][1692266][info ][gc,phases   ] GC(565)   Post Evacuate Collection Set: 5.8ms
[2025-08-21T20:06:07.958+0000][1692266][info ][gc,phases   ] GC(565)   Other: 1.8ms
[2025-08-21T20:06:07.958+0000][1692266][trace][gc,age      ] GC(565) Age table with threshold 15 (max threshold 15)
[2025-08-21T20:06:07.958+0000][1692266][trace][gc,age      ] GC(565) - age   1:   41472912 bytes,   41472912 total
[2025-08-21T20:06:07.958+0000][1692266][trace][gc,age      ] GC(565) - age   2:       1432 bytes,   41474344 total
[2025-08-21T20:06:07.958+0000][1692266][trace][gc,age      ] GC(565) - age   3:        176 bytes,   41474520 total
[2025-08-21T20:06:07.958+0000][1692266][trace][gc,age      ] GC(565) - age   5:        880 bytes,   41475400 total
[2025-08-21T20:06:07.958+0000][1692266][trace][gc,age      ] GC(565) - age   9:      34216 bytes,   41509616 total
[2025-08-21T20:06:07.958+0000][1692266][trace][gc,age      ] GC(565) - age  11:      18952 bytes,   41528568 total
[2025-08-21T20:06:07.958+0000][1692266][info ][gc,heap     ] GC(565) Eden regions: 75->0(33)
[2025-08-21T20:06:07.958+0000][1692266][info ][gc,heap     ] GC(565) Survivor regions: 1->10(10)
[2025-08-21T20:06:07.958+0000][1692266][info ][gc,heap     ] GC(565) Old regions: 22->23
[2025-08-21T20:06:07.958+0000][1692266][info ][gc,heap     ] GC(565) Humongous regions: 0->0
[2025-08-21T20:06:07.958+0000][1692266][info ][gc,metaspace] GC(565) Metaspace: 142137K(148544K)->142137K(148544K) NonClass: 123177K(127104K)->123177K(127104K) Class: 18960K(21440K)->18960K(21440K)
[2025-08-21T20:06:07.958+0000][1692266][info ][gc          ] GC(565) Pause Young (Normal) (G1 Evacuation Pause) 387M->129M(512M) 212.665ms
[2025-08-21T20:06:07.958+0000][1692266][info ][gc,cpu      ] GC(565) User=0.00s Sys=0.05s Real=0.22s
[2025-08-21T20:06:07.958+0000][1692266][info ][safepoint   ] Safepoint "G1CollectForAllocation", Time since last: 519604863 ns, Reaching safepoint: 8412493 ns, Cleanup: 41913 ns, At safepoint: 215314773 ns, Total: 223769179 ns
[2025-08-21T20:06:08.958+0000][1692266][info ][safepoint   ] Safepoint "Cleanup", Time since last: 1000069453 ns, Reaching safepoint: 97757 ns, Cleanup: 63026 ns, At safepoint: 2523 ns, Total: 163306 ns
[2025-08-21T20:06:09.958+0000][1692266][info ][safepoint   ] Safepoint "Cleanup", Time since last: 1000084596 ns, Reaching safepoint: 7351 ns, Cleanup: 35974 ns, At safepoint: 2264 ns, Total: 45589 ns
[2025-08-21T20:06:38.171+0000][1692266][info ][gc,start    ] GC(566) Pause Young (Normal) (G1 Evacuation Pause)
[2025-08-21T20:06:38.171+0000][1692266][info ][gc,task     ] GC(566) Using 1 workers of 1 for evacuation
[2025-08-21T20:06:38.171+0000][1692266][debug][gc,age      ] GC(566) Desired survivor size 12582912 bytes, new threshold 1 (max threshold 15)
[2025-08-21T20:06:38.176+0000][1692266][info ][gc,phases   ] GC(566)   Pre Evacuate Collection Set: 0.0ms
[2025-08-21T20:06:38.176+0000][1692266][info ][gc,phases   ] GC(566)   Merge Heap Roots: 0.0ms
[2025-08-21T20:06:38.176+0000][1692266][info ][gc,phases   ] GC(566)   Evacuate Collection Set: 3.7ms
[2025-08-21T20:06:38.176+0000][1692266][info ][gc,phases   ] GC(566)   Post Evacuate Collection Set: 0.9ms
[2025-08-21T20:06:38.176+0000][1692266][info ][gc,phases   ] GC(566)   Other: 0.0ms
[2025-08-21T20:06:38.176+0000][1692266][trace][gc,age      ] GC(566) Age table with threshold 1 (max threshold 15)
[2025-08-21T20:06:38.176+0000][1692266][trace][gc,age      ] GC(566) - age   1:      49936 bytes,      49936 total
[2025-08-21T20:06:38.176+0000][1692266][info ][gc,heap     ] GC(566) Eden regions: 33->0(75)
[2025-08-21T20:06:38.176+0000][1692266][info ][gc,heap     ] GC(566) Survivor regions: 10->1(6)
[2025-08-21T20:06:38.176+0000][1692266][info ][gc,heap     ] GC(566) Old regions: 23->23
[2025-08-21T20:06:38.176+0000][1692266][info ][gc,heap     ] GC(566) Humongous regions: 0->0
[2025-08-21T20:06:38.176+0000][1692266][info ][gc,metaspace] GC(566) Metaspace: 142138K(148544K)->142138K(148544K) NonClass: 123178K(127104K)->123178K(127104K) Class: 18960K(21440K)->18960K(21440K)
[2025-08-21T20:06:38.176+0000][1692266][info ][gc          ] GC(566) Pause Young (Normal) (G1 Evacuation Pause) 261M->92M(512M) 4.805ms
[2025-08-21T20:06:38.176+0000][1692266][info ][gc,cpu      ] GC(566) User=0.00s Sys=0.00s Real=0.01s
[2025-08-21T20:06:38.176+0000][1692266][info ][safepoint   ] Safepoint "G1CollectForAllocation", Time since last: 28212997516 ns, Reaching safepoint: 8273 ns, Cleanup: 2503 ns, At safepoint: 4842933 ns, Total: 4853709 ns
[2025-08-21T20:10:55.529+0000][1692266][info ][safepoint   ] Safepoint "Cleanup", Time since last: 257352728871 ns, Reaching safepoint: 34602 ns, Cleanup: 12198 ns, At safepoint: 4447 ns, Total: 51247 ns
[2025-08-21T20:11:56.533+0000][1692266][info ][safepoint   ] Safepoint "Cleanup", Time since last: 61003839910 ns, Reaching safepoint: 19059 ns, Cleanup: 10556 ns, At safepoint: 4577 ns, Total: 34192 ns
[2025-08-21T20:12:02.222+0000][1692266][info ][gc,start    ] GC(567) Pause Young (Normal) (G1 Evacuation Pause)
[2025-08-21T20:12:02.222+0000][1692266][info ][gc,task     ] GC(567) Using 1 workers of 1 for evacuation
[2025-08-21T20:12:02.222+0000][1692266][debug][gc,age      ] GC(567) Desired survivor size 20971520 bytes, new threshold 15 (max threshold 15)
[2025-08-21T20:12:02.230+0000][1692266][info ][gc,phases   ] GC(567)   Pre Evacuate Collection Set: 0.1ms
[2025-08-21T20:12:02.230+0000][1692266][info ][gc,phases   ] GC(567)   Merge Heap Roots: 0.1ms
[2025-08-21T20:12:02.230+0000][1692266][info ][gc,phases   ] GC(567)   Evacuate Collection Set: 5.1ms
[2025-08-21T20:12:02.230+0000][1692266][info ][gc,phases   ] GC(567)   Post Evacuate Collection Set: 1.2ms
[2025-08-21T20:12:02.230+0000][1692266][info ][gc,phases   ] GC(567)   Other: 1.2ms
[2025-08-21T20:12:02.230+0000][1692266][trace][gc,age      ] GC(567) Age table with threshold 15 (max threshold 15)
[2025-08-21T20:12:02.230+0000][1692266][trace][gc,age      ] GC(567) - age   1:   18083096 bytes,   18083096 total
[2025-08-21T20:12:02.230+0000][1692266][trace][gc,age      ] GC(567) - age   2:      36368 bytes,   18119464 total
[2025-08-21T20:12:02.230+0000][1692266][info ][gc,heap     ] GC(567) Eden regions: 75->0(71)
[2025-08-21T20:12:02.230+0000][1692266][info ][gc,heap     ] GC(567) Survivor regions: 1->5(10)
[2025-08-21T20:12:02.230+0000][1692266][info ][gc,heap     ] GC(567) Old regions: 23->23
[2025-08-21T20:12:02.230+0000][1692266][info ][gc,heap     ] GC(567) Humongous regions: 0->0
[2025-08-21T20:12:02.230+0000][1692266][info ][gc,metaspace] GC(567) Metaspace: 142146K(148544K)->142146K(148544K) NonClass: 123185K(127104K)->123185K(127104K) Class: 18960K(21440K)->18960K(21440K)
[2025-08-21T20:12:02.230+0000][1692266][info ][gc          ] GC(567) Pause Young (Normal) (G1 Evacuation Pause) 392M->108M(512M) 7.836ms
[2025-08-21T20:12:02.230+0000][1692266][info ][gc,cpu      ] GC(567) User=0.00s Sys=0.00s Real=0.01s
[2025-08-21T20:12:02.230+0000][1692266][info ][safepoint   ] Safepoint "G1CollectForAllocation", Time since last: 5689559188 ns, Reaching safepoint: 98018 ns, Cleanup: 86000 ns, At safepoint: 7883134 ns, Total: 8067152 ns
[2025-08-21T20:12:03.230+0000][1692266][info ][safepoint   ] Safepoint "Cleanup", Time since last: 1000072487 ns, Reaching safepoint: 6439 ns, Cleanup: 56906 ns, At safepoint: 1843 ns, Total: 65188 ns
[2025-08-21T20:12:10.232+0000][1692266][info ][safepoint   ] Safepoint "Cleanup", Time since last: 7001032312 ns, Reaching safepoint: 400034 ns, Cleanup: 11517 ns, At safepoint: 2875 ns, Total: 414426 ns
[2025-08-21T20:13:38.867+0000][1692266][info ][gc,start    ] GC(568) Pause Young (Normal) (G1 Evacuation Pause)
[2025-08-21T20:13:38.867+0000][1692266][info ][gc,task     ] GC(568) Using 1 workers of 1 for evacuation
[2025-08-21T20:13:38.867+0000][1692266][debug][gc,age      ] GC(568) Desired survivor size 20971520 bytes, new threshold 15 (max threshold 15)
[2025-08-21T20:13:38.872+0000][1692266][info ][gc,phases   ] GC(568)   Pre Evacuate Collection Set: 0.1ms
[2025-08-21T20:13:38.872+0000][1692266][info ][gc,phases   ] GC(568)   Merge Heap Roots: 0.0ms
[2025-08-21T20:13:38.872+0000][1692266][info ][gc,phases   ] GC(568)   Evacuate Collection Set: 3.7ms
[2025-08-21T20:13:38.872+0000][1692266][info ][gc,phases   ] GC(568)   Post Evacuate Collection Set: 1.5ms
[2025-08-21T20:13:38.872+0000][1692266][info ][gc,phases   ] GC(568)   Other: 0.0ms
[2025-08-21T20:13:38.872+0000][1692266][trace][gc,age      ] GC(568) Age table with threshold 15 (max threshold 15)
[2025-08-21T20:13:38.872+0000][1692266][trace][gc,age      ] GC(568) - age   1:      59904 bytes,      59904 total
[2025-08-21T20:13:38.872+0000][1692266][trace][gc,age      ] GC(568) - age   2:      14024 bytes,      73928 total
[2025-08-21T20:13:38.872+0000][1692266][trace][gc,age      ] GC(568) - age   3:      36208 bytes,     110136 total
[2025-08-21T20:13:38.872+0000][1692266][info ][gc,heap     ] GC(568) Eden regions: 71->0(75)
[2025-08-21T20:13:38.872+0000][1692266][info ][gc,heap     ] GC(568) Survivor regions: 5->1(10)
[2025-08-21T20:13:38.872+0000][1692266][info ][gc,heap     ] GC(568) Old regions: 23->23
[2025-08-21T20:13:38.872+0000][1692266][info ][gc,heap     ] GC(568) Humongous regions: 0->0
[2025-08-21T20:13:38.872+0000][1692266][info ][gc,metaspace] GC(568) Metaspace: 142155K(148544K)->142155K(148544K) NonClass: 123194K(127104K)->123194K(127104K) Class: 18960K(21440K)->18960K(21440K)
[2025-08-21T20:13:38.872+0000][1692266][info ][gc          ] GC(568) Pause Young (Normal) (G1 Evacuation Pause) 392M->92M(512M) 5.870ms
[2025-08-21T20:13:38.872+0000][1692266][info ][gc,cpu      ] GC(568) User=0.00s Sys=0.00s Real=0.00s
[2025-08-21T20:13:38.872+0000][1692266][info ][safepoint   ] Safepoint "G1CollectForAllocation", Time since last: 88634766397 ns, Reaching safepoint: 9334 ns, Cleanup: 3506 ns, At safepoint: 5910795 ns, Total: 5923635 ns
[2025-08-21T20:13:55.873+0000][1692266][info ][safepoint   ] Safepoint "Cleanup", Time since last: 17001011516 ns, Reaching safepoint: 41553 ns, Cleanup: 11087 ns, At safepoint: 5608 ns, Total: 58248 ns
[2025-08-21T20:20:59.652+0000][1692266][info ][gc,start    ] GC(569) Pause Young (Normal) (G1 Evacuation Pause)
[2025-08-21T20:20:59.652+0000][1692266][info ][gc,task     ] GC(569) Using 1 workers of 1 for evacuation
[2025-08-21T20:20:59.652+0000][1692266][debug][gc,age      ] GC(569) Desired survivor size 20971520 bytes, new threshold 15 (max threshold 15)
[2025-08-21T20:20:59.655+0000][1692266][info ][gc,phases   ] GC(569)   Pre Evacuate Collection Set: 0.1ms
[2025-08-21T20:20:59.655+0000][1692266][info ][gc,phases   ] GC(569)   Merge Heap Roots: 0.0ms
[2025-08-21T20:20:59.655+0000][1692266][info ][gc,phases   ] GC(569)   Evacuate Collection Set: 1.7ms
[2025-08-21T20:20:59.655+0000][1692266][info ][gc,phases   ] GC(569)   Post Evacuate Collection Set: 0.8ms
[2025-08-21T20:20:59.655+0000][1692266][info ][gc,phases   ] GC(569)   Other: 0.0ms
[2025-08-21T20:20:59.655+0000][1692266][trace][gc,age      ] GC(569) Age table with threshold 15 (max threshold 15)
[2025-08-21T20:20:59.655+0000][1692266][trace][gc,age      ] GC(569) - age   1:      16720 bytes,      16720 total
[2025-08-21T20:20:59.655+0000][1692266][trace][gc,age      ] GC(569) - age   2:      28576 bytes,      45296 total
[2025-08-21T20:20:59.655+0000][1692266][trace][gc,age      ] GC(569) - age   3:      12328 bytes,      57624 total
[2025-08-21T20:20:59.655+0000][1692266][trace][gc,age      ] GC(569) - age   4:      36208 bytes,      93832 total
[2025-08-21T20:20:59.655+0000][1692266][info ][gc,heap     ] GC(569) Eden regions: 75->0(75)
[2025-08-21T20:20:59.655+0000][1692266][info ][gc,heap     ] GC(569) Survivor regions: 1->1(10)
[2025-08-21T20:20:59.655+0000][1692266][info ][gc,heap     ] GC(569) Old regions: 23->23
[2025-08-21T20:20:59.655+0000][1692266][info ][gc,heap     ] GC(569) Humongous regions: 0->0
[2025-08-21T20:20:59.655+0000][1692266][info ][gc,metaspace] GC(569) Metaspace: 142155K(148544K)->142155K(148544K) NonClass: 123194K(127104K)->123194K(127104K) Class: 18960K(21440K)->18960K(21440K)
[2025-08-21T20:20:59.655+0000][1692266][info ][gc          ] GC(569) Pause Young (Normal) (G1 Evacuation Pause) 392M->91M(512M) 2.907ms
[2025-08-21T20:20:59.655+0000][1692266][info ][gc,cpu      ] GC(569) User=0.00s Sys=0.00s Real=0.00s
[2025-08-21T20:20:59.655+0000][1692266][info ][safepoint   ] Safepoint "G1CollectForAllocation", Time since last: 423778451946 ns, Reaching safepoint: 10816 ns, Cleanup: 3646 ns, At safepoint: 2946389 ns, Total: 2960851 ns
[2025-08-21T20:28:22.144+0000][1692266][info ][gc,start    ] GC(570) Pause Young (Normal) (G1 Evacuation Pause)
[2025-08-21T20:28:22.145+0000][1692266][info ][gc,task     ] GC(570) Using 1 workers of 1 for evacuation
[2025-08-21T20:28:22.145+0000][1692266][debug][gc,age      ] GC(570) Desired survivor size 20971520 bytes, new threshold 15 (max threshold 15)
[2025-08-21T20:28:22.147+0000][1692266][info ][gc,phases   ] GC(570)   Pre Evacuate Collection Set: 0.1ms
[2025-08-21T20:28:22.147+0000][1692266][info ][gc,phases   ] GC(570)   Merge Heap Roots: 0.0ms
[2025-08-21T20:28:22.147+0000][1692266][info ][gc,phases   ] GC(570)   Evacuate Collection Set: 0.8ms
[2025-08-21T20:28:22.147+0000][1692266][info ][gc,phases   ] GC(570)   Post Evacuate Collection Set: 0.8ms
[2025-08-21T20:28:22.147+0000][1692266][info ][gc,phases   ] GC(570)   Other: 0.0ms
[2025-08-21T20:28:22.147+0000][1692266][trace][gc,age      ] GC(570) Age table with threshold 15 (max threshold 15)
[2025-08-21T20:28:22.147+0000][1692266][trace][gc,age      ] GC(570) - age   1:      14704 bytes,      14704 total
[2025-08-21T20:28:22.147+0000][1692266][trace][gc,age      ] GC(570) - age   2:       1000 bytes,      15704 total
[2025-08-21T20:28:22.147+0000][1692266][trace][gc,age      ] GC(570) - age   3:      28448 bytes,      44152 total
[2025-08-21T20:28:22.147+0000][1692266][trace][gc,age      ] GC(570) - age   4:      12304 bytes,      56456 total
[2025-08-21T20:28:22.147+0000][1692266][trace][gc,age      ] GC(570) - age   5:      36208 bytes,      92664 total
[2025-08-21T20:28:22.147+0000][1692266][info ][gc,heap     ] GC(570) Eden regions: 75->0(75)
[2025-08-21T20:28:22.147+0000][1692266][info ][gc,heap     ] GC(570) Survivor regions: 1->1(10)
[2025-08-21T20:28:22.147+0000][1692266][info ][gc,heap     ] GC(570) Old regions: 23->23
[2025-08-21T20:28:22.147+0000][1692266][info ][gc,heap     ] GC(570) Humongous regions: 0->0
[2025-08-21T20:28:22.147+0000][1692266][info ][gc,metaspace] GC(570) Metaspace: 142155K(148544K)->142155K(148544K) NonClass: 123194K(127104K)->123194K(127104K) Class: 18960K(21440K)->18960K(21440K)
[2025-08-21T20:28:22.147+0000][1692266][info ][gc          ] GC(570) Pause Young (Normal) (G1 Evacuation Pause) 391M->90M(512M) 2.305ms
[2025-08-21T20:28:22.147+0000][1692266][info ][gc,cpu      ] GC(570) User=0.00s Sys=0.00s Real=0.01s
[2025-08-21T20:28:22.147+0000][1692266][info ][safepoint   ] Safepoint "G1CollectForAllocation", Time since last: 442489522988 ns, Reaching safepoint: 8563 ns, Cleanup: 3916 ns, At safepoint: 2345121 ns, Total: 2357600 ns
[2025-08-21T20:35:09.067+0000][1692266][info ][gc,start    ] GC(571) Pause Young (Normal) (G1 Evacuation Pause)
[2025-08-21T20:35:09.067+0000][1692266][info ][gc,task     ] GC(571) Using 1 workers of 1 for evacuation
[2025-08-21T20:35:09.067+0000][1692266][debug][gc,age      ] GC(571) Desired survivor size 20971520 bytes, new threshold 15 (max threshold 15)
[2025-08-21T20:35:09.071+0000][1692266][info ][gc,phases   ] GC(571)   Pre Evacuate Collection Set: 0.1ms
[2025-08-21T20:35:09.071+0000][1692266][info ][gc,phases   ] GC(571)   Merge Heap Roots: 0.0ms
[2025-08-21T20:35:09.071+0000][1692266][info ][gc,phases   ] GC(571)   Evacuate Collection Set: 2.2ms
[2025-08-21T20:35:09.071+0000][1692266][info ][gc,phases   ] GC(571)   Post Evacuate Collection Set: 1.0ms
[2025-08-21T20:35:09.071+0000][1692266][info ][gc,phases   ] GC(571)   Other: 0.0ms
[2025-08-21T20:35:09.071+0000][1692266][trace][gc,age      ] GC(571) Age table with threshold 15 (max threshold 15)
[2025-08-21T20:35:09.071+0000][1692266][trace][gc,age      ] GC(571) - age   1:    3349056 bytes,    3349056 total
[2025-08-21T20:35:09.071+0000][1692266][trace][gc,age      ] GC(571) - age   2:        112 bytes,    3349168 total
[2025-08-21T20:35:09.071+0000][1692266][trace][gc,age      ] GC(571) - age   3:        600 bytes,    3349768 total
[2025-08-21T20:35:09.071+0000][1692266][trace][gc,age      ] GC(571) - age   4:      17408 bytes,    3367176 total
[2025-08-21T20:35:09.071+0000][1692266][trace][gc,age      ] GC(571) - age   5:       6864 bytes,    3374040 total
[2025-08-21T20:35:09.071+0000][1692266][trace][gc,age      ] GC(571) - age   6:      36208 bytes,    3410248 total
[2025-08-21T20:35:09.071+0000][1692266][info ][gc,heap     ] GC(571) Eden regions: 75->0(75)
[2025-08-21T20:35:09.071+0000][1692266][info ][gc,heap     ] GC(571) Survivor regions: 1->1(10)
[2025-08-21T20:35:09.071+0000][1692266][info ][gc,heap     ] GC(571) Old regions: 23->23
[2025-08-21T20:35:09.071+0000][1692266][info ][gc,heap     ] GC(571) Humongous regions: 0->0
[2025-08-21T20:35:09.071+0000][1692266][info ][gc,metaspace] GC(571) Metaspace: 142160K(148544K)->142160K(148544K) NonClass: 123200K(127104K)->123200K(127104K) Class: 18960K(21440K)->18960K(21440K)
[2025-08-21T20:35:09.071+0000][1692266][info ][gc          ] GC(571) Pause Young (Normal) (G1 Evacuation Pause) 390M->93M(512M) 3.587ms
[2025-08-21T20:35:09.071+0000][1692266][info ][gc,cpu      ] GC(571) User=0.00s Sys=0.00s Real=0.00s
[2025-08-21T20:35:09.071+0000][1692266][info ][safepoint   ] Safepoint "G1CollectForAllocation", Time since last: 406920148111 ns, Reaching safepoint: 27021 ns, Cleanup: 45008 ns, At safepoint: 3630572 ns, Total: 3702601 ns
[2025-08-21T20:35:10.071+0000][1692266][info ][safepoint   ] Safepoint "Cleanup", Time since last: 1000075691 ns, Reaching safepoint: 7081 ns, Cleanup: 59960 ns, At safepoint: 2464 ns, Total: 69505 ns
[2025-08-21T20:35:10.306+0000][1692266][info ][gc,start    ] GC(572) Pause Young (Normal) (G1 Evacuation Pause)
[2025-08-21T20:35:10.306+0000][1692266][info ][gc,task     ] GC(572) Using 1 workers of 1 for evacuation
[2025-08-21T20:35:10.306+0000][1692266][debug][gc,age      ] GC(572) Desired survivor size 20971520 bytes, new threshold 15 (max threshold 15)
[2025-08-21T20:35:10.311+0000][1692266][info ][gc,phases   ] GC(572)   Pre Evacuate Collection Set: 0.1ms
[2025-08-21T20:35:10.311+0000][1692266][info ][gc,phases   ] GC(572)   Merge Heap Roots: 0.0ms
[2025-08-21T20:35:10.311+0000][1692266][info ][gc,phases   ] GC(572)   Evacuate Collection Set: 3.6ms
[2025-08-21T20:35:10.311+0000][1692266][info ][gc,phases   ] GC(572)   Post Evacuate Collection Set: 0.9ms
[2025-08-21T20:35:10.311+0000][1692266][info ][gc,phases   ] GC(572)   Other: 0.0ms
[2025-08-21T20:35:10.311+0000][1692266][trace][gc,age      ] GC(572) Age table with threshold 15 (max threshold 15)
[2025-08-21T20:35:10.311+0000][1692266][trace][gc,age      ] GC(572) - age   1:   12843704 bytes,   12843704 total
[2025-08-21T20:35:10.311+0000][1692266][trace][gc,age      ] GC(572) - age   2:      32064 bytes,   12875768 total
[2025-08-21T20:35:10.311+0000][1692266][trace][gc,age      ] GC(572) - age   3:        112 bytes,   12875880 total
[2025-08-21T20:35:10.311+0000][1692266][trace][gc,age      ] GC(572) - age   4:        600 bytes,   12876480 total
[2025-08-21T20:35:10.311+0000][1692266][trace][gc,age      ] GC(572) - age   5:      17136 bytes,   12893616 total
[2025-08-21T20:35:10.311+0000][1692266][trace][gc,age      ] GC(572) - age   6:       6864 bytes,   12900480 total
[2025-08-21T20:35:10.311+0000][1692266][trace][gc,age      ] GC(572) - age   7:      36048 bytes,   12936528 total
[2025-08-21T20:35:10.311+0000][1692266][info ][gc,heap     ] GC(572) Eden regions: 75->0(72)
[2025-08-21T20:35:10.311+0000][1692266][info ][gc,heap     ] GC(572) Survivor regions: 1->4(10)
[2025-08-21T20:35:10.311+0000][1692266][info ][gc,heap     ] GC(572) Old regions: 23->23
[2025-08-21T20:35:10.311+0000][1692266][info ][gc,heap     ] GC(572) Humongous regions: 0->0
[2025-08-21T20:35:10.311+0000][1692266][info ][gc,metaspace] GC(572) Metaspace: 142181K(148544K)->142181K(148544K) NonClass: 123221K(127104K)->123221K(127104K) Class: 18960K(21440K)->18960K(21440K)
[2025-08-21T20:35:10.311+0000][1692266][info ][gc          ] GC(572) Pause Young (Normal) (G1 Evacuation Pause) 393M->102M(512M) 4.853ms
[2025-08-21T20:35:10.311+0000][1692266][info ][gc,cpu      ] GC(572) User=0.00s Sys=0.00s Real=0.00s
[2025-08-21T20:35:10.311+0000][1692266][info ][safepoint   ] Safepoint "G1CollectForAllocation", Time since last: 235230667 ns, Reaching safepoint: 205781 ns, Cleanup: 14672 ns, At safepoint: 4903294 ns, Total: 5123747 ns
[2025-08-21T20:35:11.311+0000][1692266][info ][safepoint   ] Safepoint "Cleanup", Time since last: 1000070533 ns, Reaching safepoint: 7411 ns, Cleanup: 19390 ns, At safepoint: 2433 ns, Total: 29234 ns
[2025-08-21T20:40:26.984+0000][1692266][info ][safepoint   ] Safepoint "Cleanup", Time since last: 315672710680 ns, Reaching safepoint: 63285 ns, Cleanup: 10797 ns, At safepoint: 4757 ns, Total: 78839 ns
[2025-08-21T20:41:31.298+0000][1692266][info ][gc,start    ] GC(573) Pause Young (Normal) (G1 Evacuation Pause)
[2025-08-21T20:41:31.298+0000][1692266][info ][gc,task     ] GC(573) Using 1 workers of 1 for evacuation
[2025-08-21T20:41:31.298+0000][1692266][debug][gc,age      ] GC(573) Desired survivor size 20971520 bytes, new threshold 15 (max threshold 15)
[2025-08-21T20:41:31.300+0000][1692266][info ][gc,phases   ] GC(573)   Pre Evacuate Collection Set: 0.1ms
[2025-08-21T20:41:31.300+0000][1692266][info ][gc,phases   ] GC(573)   Merge Heap Roots: 0.0ms
[2025-08-21T20:41:31.300+0000][1692266][info ][gc,phases   ] GC(573)   Evacuate Collection Set: 1.0ms
[2025-08-21T20:41:31.300+0000][1692266][info ][gc,phases   ] GC(573)   Post Evacuate Collection Set: 0.8ms
[2025-08-21T20:41:31.300+0000][1692266][info ][gc,phases   ] GC(573)   Other: 0.0ms
[2025-08-21T20:41:31.300+0000][1692266][trace][gc,age      ] GC(573) Age table with threshold 15 (max threshold 15)
[2025-08-21T20:41:31.300+0000][1692266][trace][gc,age      ] GC(573) - age   1:      20448 bytes,      20448 total
[2025-08-21T20:41:31.300+0000][1692266][trace][gc,age      ] GC(573) - age   2:      15352 bytes,      35800 total
[2025-08-21T20:41:31.300+0000][1692266][trace][gc,age      ] GC(573) - age   3:      15544 bytes,      51344 total
[2025-08-21T20:41:31.300+0000][1692266][trace][gc,age      ] GC(573) - age   5:         48 bytes,      51392 total
[2025-08-21T20:41:31.300+0000][1692266][trace][gc,age      ] GC(573) - age   6:      17136 bytes,      68528 total
[2025-08-21T20:41:31.300+0000][1692266][trace][gc,age      ] GC(573) - age   7:       6864 bytes,      75392 total
[2025-08-21T20:41:31.300+0000][1692266][trace][gc,age      ] GC(573) - age   8:      36048 bytes,     111440 total
[2025-08-21T20:41:31.300+0000][1692266][info ][gc,heap     ] GC(573) Eden regions: 72->0(75)
[2025-08-21T20:41:31.300+0000][1692266][info ][gc,heap     ] GC(573) Survivor regions: 4->1(10)
[2025-08-21T20:41:31.300+0000][1692266][info ][gc,heap     ] GC(573) Old regions: 23->23
[2025-08-21T20:41:31.300+0000][1692266][info ][gc,heap     ] GC(573) Humongous regions: 0->0
[2025-08-21T20:41:31.300+0000][1692266][info ][gc,metaspace] GC(573) Metaspace: 142184K(148544K)->142184K(148544K) NonClass: 123223K(127104K)->123223K(127104K) Class: 18960K(21440K)->18960K(21440K)
[2025-08-21T20:41:31.300+0000][1692266][info ][gc          ] GC(573) Pause Young (Normal) (G1 Evacuation Pause) 390M->91M(512M) 2.311ms
[2025-08-21T20:41:31.300+0000][1692266][info ][gc,cpu      ] GC(573) User=0.00s Sys=0.00s Real=0.00s
[2025-08-21T20:41:31.300+0000][1692266][info ][safepoint   ] Safepoint "G1CollectForAllocation", Time since last: 64313708732 ns, Reaching safepoint: 8623 ns, Cleanup: 3766 ns, At safepoint: 2352382 ns, Total: 2364771 ns
[2025-08-21T20:48:54.467+0000][1692266][info ][gc,start    ] GC(574) Pause Young (Normal) (G1 Evacuation Pause)
[2025-08-21T20:48:54.468+0000][1692266][info ][gc,task     ] GC(574) Using 1 workers of 1 for evacuation
[2025-08-21T20:48:54.468+0000][1692266][debug][gc,age      ] GC(574) Desired survivor size 20971520 bytes, new threshold 15 (max threshold 15)
[2025-08-21T20:48:54.469+0000][1692266][info ][gc,phases   ] GC(574)   Pre Evacuate Collection Set: 0.1ms
[2025-08-21T20:48:54.469+0000][1692266][info ][gc,phases   ] GC(574)   Merge Heap Roots: 0.0ms
[2025-08-21T20:48:54.469+0000][1692266][info ][gc,phases   ] GC(574)   Evacuate Collection Set: 1.0ms
[2025-08-21T20:48:54.469+0000][1692266][info ][gc,phases   ] GC(574)   Post Evacuate Collection Set: 0.8ms
[2025-08-21T20:48:54.469+0000][1692266][info ][gc,phases   ] GC(574)   Other: 0.0ms
[2025-08-21T20:48:54.469+0000][1692266][trace][gc,age      ] GC(574) Age table with threshold 15 (max threshold 15)
[2025-08-21T20:48:54.469+0000][1692266][trace][gc,age      ] GC(574) - age   1:      15840 bytes,      15840 total
[2025-08-21T20:48:54.469+0000][1692266][trace][gc,age      ] GC(574) - age   2:       4120 bytes,      19960 total
[2025-08-21T20:48:54.469+0000][1692266][trace][gc,age      ] GC(574) - age   3:      15352 bytes,      35312 total
[2025-08-21T20:48:54.469+0000][1692266][trace][gc,age      ] GC(574) - age   4:      15416 bytes,      50728 total
[2025-08-21T20:48:54.469+0000][1692266][trace][gc,age      ] GC(574) - age   6:         48 bytes,      50776 total
[2025-08-21T20:48:54.469+0000][1692266][trace][gc,age      ] GC(574) - age   7:      17136 bytes,      67912 total
[2025-08-21T20:48:54.469+0000][1692266][trace][gc,age      ] GC(574) - age   8:       6864 bytes,      74776 total
[2025-08-21T20:48:54.469+0000][1692266][trace][gc,age      ] GC(574) - age   9:      36048 bytes,     110824 total
[2025-08-21T20:48:54.469+0000][1692266][info ][gc,heap     ] GC(574) Eden regions: 75->0(75)
[2025-08-21T20:48:54.469+0000][1692266][info ][gc,heap     ] GC(574) Survivor regions: 1->1(10)
[2025-08-21T20:48:54.469+0000][1692266][info ][gc,heap     ] GC(574) Old regions: 23->23
[2025-08-21T20:48:54.469+0000][1692266][info ][gc,heap     ] GC(574) Humongous regions: 0->0
[2025-08-21T20:48:54.469+0000][1692266][info ][gc,metaspace] GC(574) Metaspace: 142184K(148544K)->142184K(148544K) NonClass: 123223K(127104K)->123223K(127104K) Class: 18960K(21440K)->18960K(21440K)
[2025-08-21T20:48:54.470+0000][1692266][info ][gc          ] GC(574) Pause Young (Normal) (G1 Evacuation Pause) 391M->90M(512M) 2.093ms
[2025-08-21T20:48:54.470+0000][1692266][info ][gc,cpu      ] GC(574) User=0.00s Sys=0.00s Real=0.00s
[2025-08-21T20:48:54.470+0000][1692266][info ][safepoint   ] Safepoint "G1CollectForAllocation", Time since last: 443167282500 ns, Reaching safepoint: 9465 ns, Cleanup: 2373 ns, At safepoint: 2129896 ns, Total: 2141734 ns
[2025-08-21T20:56:16.540+0000][1692266][info ][gc,start    ] GC(575) Pause Young (Normal) (G1 Evacuation Pause)
[2025-08-21T20:56:16.540+0000][1692266][info ][gc,task     ] GC(575) Using 1 workers of 1 for evacuation
[2025-08-21T20:56:16.540+0000][1692266][debug][gc,age      ] GC(575) Desired survivor size 20971520 bytes, new threshold 15 (max threshold 15)
[2025-08-21T20:56:16.542+0000][1692266][info ][gc,phases   ] GC(575)   Pre Evacuate Collection Set: 0.0ms
[2025-08-21T20:56:16.542+0000][1692266][info ][gc,phases   ] GC(575)   Merge Heap Roots: 0.0ms
[2025-08-21T20:56:16.542+0000][1692266][info ][gc,phases   ] GC(575)   Evacuate Collection Set: 0.9ms
[2025-08-21T20:56:16.542+0000][1692266][info ][gc,phases   ] GC(575)   Post Evacuate Collection Set: 0.8ms
[2025-08-21T20:56:16.542+0000][1692266][info ][gc,phases   ] GC(575)   Other: 0.0ms
[2025-08-21T20:56:16.542+0000][1692266][trace][gc,age      ] GC(575) Age table with threshold 15 (max threshold 15)
[2025-08-21T20:56:16.542+0000][1692266][trace][gc,age      ] GC(575) - age   1:      16168 bytes,      16168 total
[2025-08-21T20:56:16.542+0000][1692266][trace][gc,age      ] GC(575) - age   3:       3144 bytes,      19312 total
[2025-08-21T20:56:16.542+0000][1692266][trace][gc,age      ] GC(575) - age   4:      15352 bytes,      34664 total
[2025-08-21T20:56:16.542+0000][1692266][trace][gc,age      ] GC(575) - age   5:      15416 bytes,      50080 total
[2025-08-21T20:56:16.542+0000][1692266][trace][gc,age      ] GC(575) - age   7:         48 bytes,      50128 total
[2025-08-21T20:56:16.542+0000][1692266][trace][gc,age      ] GC(575) - age   8:      17136 bytes,      67264 total
[2025-08-21T20:56:16.542+0000][1692266][trace][gc,age      ] GC(575) - age   9:       6864 bytes,      74128 total
[2025-08-21T20:56:16.542+0000][1692266][trace][gc,age      ] GC(575) - age  10:      36048 bytes,     110176 total
[2025-08-21T20:56:16.542+0000][1692266][info ][gc,heap     ] GC(575) Eden regions: 75->0(75)
[2025-08-21T20:56:16.542+0000][1692266][info ][gc,heap     ] GC(575) Survivor regions: 1->1(10)
[2025-08-21T20:56:16.542+0000][1692266][info ][gc,heap     ] GC(575) Old regions: 23->23
[2025-08-21T20:56:16.542+0000][1692266][info ][gc,heap     ] GC(575) Humongous regions: 0->0
[2025-08-21T20:56:16.542+0000][1692266][info ][gc,metaspace] GC(575) Metaspace: 142184K(148544K)->142184K(148544K) NonClass: 123223K(127104K)->123223K(127104K) Class: 18960K(21440K)->18960K(21440K)
[2025-08-21T20:56:16.542+0000][1692266][info ][gc          ] GC(575) Pause Young (Normal) (G1 Evacuation Pause) 390M->90M(512M) 2.170ms
[2025-08-21T20:56:16.542+0000][1692266][info ][gc,cpu      ] GC(575) User=0.00s Sys=0.00s Real=0.00s
[2025-08-21T20:56:16.542+0000][1692266][info ][safepoint   ] Safepoint "G1CollectForAllocation", Time since last: 442070163004 ns, Reaching safepoint: 7602 ns, Cleanup: 2754 ns, At safepoint: 2206862 ns, Total: 2217218 ns
[2025-08-21T21:03:39.911+0000][1692266][info ][gc,start    ] GC(576) Pause Young (Normal) (G1 Evacuation Pause)
[2025-08-21T21:03:39.911+0000][1692266][info ][gc,task     ] GC(576) Using 1 workers of 1 for evacuation
[2025-08-21T21:03:39.911+0000][1692266][debug][gc,age      ] GC(576) Desired survivor size 20971520 bytes, new threshold 15 (max threshold 15)
[2025-08-21T21:03:39.913+0000][1692266][info ][gc,phases   ] GC(576)   Pre Evacuate Collection Set: 0.0ms
[2025-08-21T21:03:39.913+0000][1692266][info ][gc,phases   ] GC(576)   Merge Heap Roots: 0.0ms
[2025-08-21T21:03:39.913+0000][1692266][info ][gc,phases   ] GC(576)   Evacuate Collection Set: 0.9ms
[2025-08-21T21:03:39.913+0000][1692266][info ][gc,phases   ] GC(576)   Post Evacuate Collection Set: 0.8ms
[2025-08-21T21:03:39.913+0000][1692266][info ][gc,phases   ] GC(576)   Other: 0.0ms
[2025-08-21T21:03:39.913+0000][1692266][trace][gc,age      ] GC(576) Age table with threshold 15 (max threshold 15)
[2025-08-21T21:03:39.913+0000][1692266][trace][gc,age      ] GC(576) - age   1:      16608 bytes,      16608 total
[2025-08-21T21:03:39.913+0000][1692266][trace][gc,age      ] GC(576) - age   2:        864 bytes,      17472 total
[2025-08-21T21:03:39.913+0000][1692266][trace][gc,age      ] GC(576) - age   4:       3144 bytes,      20616 total
[2025-08-21T21:03:39.913+0000][1692266][trace][gc,age      ] GC(576) - age   5:      15352 bytes,      35968 total
[2025-08-21T21:03:39.913+0000][1692266][trace][gc,age      ] GC(576) - age   6:      15416 bytes,      51384 total
[2025-08-21T21:03:39.913+0000][1692266][trace][gc,age      ] GC(576) - age   8:         48 bytes,      51432 total
[2025-08-21T21:03:39.913+0000][1692266][trace][gc,age      ] GC(576) - age   9:      17136 bytes,      68568 total
[2025-08-21T21:03:39.913+0000][1692266][trace][gc,age      ] GC(576) - age  10:       6864 bytes,      75432 total
[2025-08-21T21:03:39.913+0000][1692266][trace][gc,age      ] GC(576) - age  11:      36048 bytes,     111480 total
[2025-08-21T21:03:39.913+0000][1692266][info ][gc,heap     ] GC(576) Eden regions: 75->0(75)
[2025-08-21T21:03:39.913+0000][1692266][info ][gc,heap     ] GC(576) Survivor regions: 1->1(10)
[2025-08-21T21:03:39.913+0000][1692266][info ][gc,heap     ] GC(576) Old regions: 23->23
[2025-08-21T21:03:39.913+0000][1692266][info ][gc,heap     ] GC(576) Humongous regions: 0->0
[2025-08-21T21:03:39.913+0000][1692266][info ][gc,metaspace] GC(576) Metaspace: 142184K(148544K)->142184K(148544K) NonClass: 123223K(127104K)->123223K(127104K) Class: 18960K(21440K)->18960K(21440K)
[2025-08-21T21:03:39.913+0000][1692266][info ][gc          ] GC(576) Pause Young (Normal) (G1 Evacuation Pause) 390M->90M(512M) 1.989ms
[2025-08-21T21:03:39.913+0000][1692266][info ][gc,cpu      ] GC(576) User=0.01s Sys=0.00s Real=0.00s
[2025-08-21T21:03:39.913+0000][1692266][info ][safepoint   ] Safepoint "G1CollectForAllocation", Time since last: 443368700212 ns, Reaching safepoint: 7952 ns, Cleanup: 2163 ns, At safepoint: 2024517 ns, Total: 2034632 ns
[2025-08-21T21:11:03.485+0000][1692266][info ][gc,start    ] GC(577) Pause Young (Normal) (G1 Evacuation Pause)
[2025-08-21T21:11:03.485+0000][1692266][info ][gc,task     ] GC(577) Using 1 workers of 1 for evacuation
[2025-08-21T21:11:03.485+0000][1692266][debug][gc,age      ] GC(577) Desired survivor size 20971520 bytes, new threshold 15 (max threshold 15)
[2025-08-21T21:11:03.487+0000][1692266][info ][gc,phases   ] GC(577)   Pre Evacuate Collection Set: 0.1ms
[2025-08-21T21:11:03.487+0000][1692266][info ][gc,phases   ] GC(577)   Merge Heap Roots: 0.0ms
[2025-08-21T21:11:03.487+0000][1692266][info ][gc,phases   ] GC(577)   Evacuate Collection Set: 0.9ms
[2025-08-21T21:11:03.487+0000][1692266][info ][gc,phases   ] GC(577)   Post Evacuate Collection Set: 0.7ms
[2025-08-21T21:11:03.487+0000][1692266][info ][gc,phases   ] GC(577)   Other: 0.0ms
[2025-08-21T21:11:03.487+0000][1692266][trace][gc,age      ] GC(577) Age table with threshold 15 (max threshold 15)
[2025-08-21T21:11:03.487+0000][1692266][trace][gc,age      ] GC(577) - age   1:      15928 bytes,      15928 total
[2025-08-21T21:11:03.487+0000][1692266][trace][gc,age      ] GC(577) - age   2:        128 bytes,      16056 total
[2025-08-21T21:11:03.487+0000][1692266][trace][gc,age      ] GC(577) - age   3:        200 bytes,      16256 total
[2025-08-21T21:11:03.487+0000][1692266][trace][gc,age      ] GC(577) - age   5:       3144 bytes,      19400 total
[2025-08-21T21:11:03.487+0000][1692266][trace][gc,age      ] GC(577) - age   6:      15352 bytes,      34752 total
[2025-08-21T21:11:03.487+0000][1692266][trace][gc,age      ] GC(577) - age   7:      15416 bytes,      50168 total
[2025-08-21T21:11:03.487+0000][1692266][trace][gc,age      ] GC(577) - age   9:         48 bytes,      50216 total
[2025-08-21T21:11:03.487+0000][1692266][trace][gc,age      ] GC(577) - age  10:      17136 bytes,      67352 total
[2025-08-21T21:11:03.487+0000][1692266][trace][gc,age      ] GC(577) - age  11:       6864 bytes,      74216 total
[2025-08-21T21:11:03.487+0000][1692266][trace][gc,age      ] GC(577) - age  12:      36048 bytes,     110264 total
[2025-08-21T21:11:03.487+0000][1692266][info ][gc,heap     ] GC(577) Eden regions: 75->0(75)
[2025-08-21T21:11:03.487+0000][1692266][info ][gc,heap     ] GC(577) Survivor regions: 1->1(10)
[2025-08-21T21:11:03.487+0000][1692266][info ][gc,heap     ] GC(577) Old regions: 23->23
[2025-08-21T21:11:03.487+0000][1692266][info ][gc,heap     ] GC(577) Humongous regions: 0->0
[2025-08-21T21:11:03.487+0000][1692266][info ][gc,metaspace] GC(577) Metaspace: 142184K(148544K)->142184K(148544K) NonClass: 123223K(127104K)->123223K(127104K) Class: 18960K(21440K)->18960K(21440K)
[2025-08-21T21:11:03.487+0000][1692266][info ][gc          ] GC(577) Pause Young (Normal) (G1 Evacuation Pause) 390M->90M(512M) 2.146ms
[2025-08-21T21:11:03.487+0000][1692266][info ][gc,cpu      ] GC(577) User=0.00s Sys=0.00s Real=0.01s
[2025-08-21T21:11:03.487+0000][1692266][info ][safepoint   ] Safepoint "G1CollectForAllocation", Time since last: 443572106979 ns, Reaching safepoint: 7091 ns, Cleanup: 3626 ns, At safepoint: 2190718 ns, Total: 2201435 ns
[2025-08-21T21:18:28.125+0000][1692266][info ][gc,start    ] GC(578) Pause Young (Normal) (G1 Evacuation Pause)
[2025-08-21T21:18:28.126+0000][1692266][info ][gc,task     ] GC(578) Using 1 workers of 1 for evacuation
[2025-08-21T21:18:28.126+0000][1692266][debug][gc,age      ] GC(578) Desired survivor size 20971520 bytes, new threshold 15 (max threshold 15)
[2025-08-21T21:18:28.128+0000][1692266][info ][gc,phases   ] GC(578)   Pre Evacuate Collection Set: 0.1ms
[2025-08-21T21:18:28.128+0000][1692266][info ][gc,phases   ] GC(578)   Merge Heap Roots: 0.0ms
[2025-08-21T21:18:28.128+0000][1692266][info ][gc,phases   ] GC(578)   Evacuate Collection Set: 1.2ms
[2025-08-21T21:18:28.128+0000][1692266][info ][gc,phases   ] GC(578)   Post Evacuate Collection Set: 0.8ms
[2025-08-21T21:18:28.128+0000][1692266][info ][gc,phases   ] GC(578)   Other: 0.0ms
[2025-08-21T21:18:28.128+0000][1692266][trace][gc,age      ] GC(578) Age table with threshold 15 (max threshold 15)
[2025-08-21T21:18:28.128+0000][1692266][trace][gc,age      ] GC(578) - age   1:      21064 bytes,      21064 total
[2025-08-21T21:18:28.128+0000][1692266][trace][gc,age      ] GC(578) - age   2:        976 bytes,      22040 total
[2025-08-21T21:18:28.128+0000][1692266][trace][gc,age      ] GC(578) - age   4:        200 bytes,      22240 total
[2025-08-21T21:18:28.128+0000][1692266][trace][gc,age      ] GC(578) - age   6:       3144 bytes,      25384 total
[2025-08-21T21:18:28.128+0000][1692266][trace][gc,age      ] GC(578) - age   7:      15352 bytes,      40736 total
[2025-08-21T21:18:28.128+0000][1692266][trace][gc,age      ] GC(578) - age   8:      15416 bytes,      56152 total
[2025-08-21T21:18:28.128+0000][1692266][trace][gc,age      ] GC(578) - age  10:         48 bytes,      56200 total
[2025-08-21T21:18:28.128+0000][1692266][trace][gc,age      ] GC(578) - age  11:      17136 bytes,      73336 total
[2025-08-21T21:18:28.128+0000][1692266][trace][gc,age      ] GC(578) - age  12:       6864 bytes,      80200 total
[2025-08-21T21:18:28.128+0000][1692266][trace][gc,age      ] GC(578) - age  13:      36048 bytes,     116248 total
[2025-08-21T21:18:28.128+0000][1692266][info ][gc,heap     ] GC(578) Eden regions: 75->0(75)
[2025-08-21T21:18:28.128+0000][1692266][info ][gc,heap     ] GC(578) Survivor regions: 1->1(10)
[2025-08-21T21:18:28.128+0000][1692266][info ][gc,heap     ] GC(578) Old regions: 23->23
[2025-08-21T21:18:28.128+0000][1692266][info ][gc,heap     ] GC(578) Humongous regions: 0->0
[2025-08-21T21:18:28.128+0000][1692266][info ][gc,metaspace] GC(578) Metaspace: 142184K(148544K)->142184K(148544K) NonClass: 123223K(127104K)->123223K(127104K) Class: 18960K(21440K)->18960K(21440K)
[2025-08-21T21:18:28.128+0000][1692266][info ][gc          ] GC(578) Pause Young (Normal) (G1 Evacuation Pause) 390M->90M(512M) 2.406ms
[2025-08-21T21:18:28.128+0000][1692266][info ][gc,cpu      ] GC(578) User=0.00s Sys=0.00s Real=0.00s
[2025-08-21T21:18:28.128+0000][1692266][info ][safepoint   ] Safepoint "G1CollectForAllocation", Time since last: 444638394024 ns, Reaching safepoint: 8543 ns, Cleanup: 7120 ns, At safepoint: 2441767 ns, Total: 2457430 ns
[2025-08-21T21:25:50.830+0000][1692266][info ][gc,start    ] GC(579) Pause Young (Normal) (G1 Evacuation Pause)
[2025-08-21T21:25:50.831+0000][1692266][info ][gc,task     ] GC(579) Using 1 workers of 1 for evacuation
[2025-08-21T21:25:50.831+0000][1692266][debug][gc,age      ] GC(579) Desired survivor size 20971520 bytes, new threshold 15 (max threshold 15)
[2025-08-21T21:25:50.833+0000][1692266][info ][gc,phases   ] GC(579)   Pre Evacuate Collection Set: 0.1ms
[2025-08-21T21:25:50.833+0000][1692266][info ][gc,phases   ] GC(579)   Merge Heap Roots: 0.0ms
[2025-08-21T21:25:50.833+0000][1692266][info ][gc,phases   ] GC(579)   Evacuate Collection Set: 1.1ms
[2025-08-21T21:25:50.833+0000][1692266][info ][gc,phases   ] GC(579)   Post Evacuate Collection Set: 0.8ms
[2025-08-21T21:25:50.833+0000][1692266][info ][gc,phases   ] GC(579)   Other: 0.0ms
[2025-08-21T21:25:50.833+0000][1692266][trace][gc,age      ] GC(579) Age table with threshold 15 (max threshold 15)
[2025-08-21T21:25:50.833+0000][1692266][trace][gc,age      ] GC(579) - age   1:      15232 bytes,      15232 total
[2025-08-21T21:25:50.833+0000][1692266][trace][gc,age      ] GC(579) - age   2:        112 bytes,      15344 total
[2025-08-21T21:25:50.833+0000][1692266][trace][gc,age      ] GC(579) - age   5:        200 bytes,      15544 total
[2025-08-21T21:25:50.833+0000][1692266][trace][gc,age      ] GC(579) - age   7:       3144 bytes,      18688 total
[2025-08-21T21:25:50.833+0000][1692266][trace][gc,age      ] GC(579) - age   8:      15352 bytes,      34040 total
[2025-08-21T21:25:50.833+0000][1692266][trace][gc,age      ] GC(579) - age   9:      15416 bytes,      49456 total
[2025-08-21T21:25:50.833+0000][1692266][trace][gc,age      ] GC(579) - age  11:         48 bytes,      49504 total
[2025-08-21T21:25:50.833+0000][1692266][trace][gc,age      ] GC(579) - age  12:      17136 bytes,      66640 total
[2025-08-21T21:25:50.833+0000][1692266][trace][gc,age      ] GC(579) - age  13:       6864 bytes,      73504 total
[2025-08-21T21:25:50.833+0000][1692266][trace][gc,age      ] GC(579) - age  14:      36048 bytes,     109552 total
[2025-08-21T21:25:50.833+0000][1692266][info ][gc,heap     ] GC(579) Eden regions: 75->0(75)
[2025-08-21T21:25:50.833+0000][1692266][info ][gc,heap     ] GC(579) Survivor regions: 1->1(10)
[2025-08-21T21:25:50.833+0000][1692266][info ][gc,heap     ] GC(579) Old regions: 23->23
[2025-08-21T21:25:50.833+0000][1692266][info ][gc,heap     ] GC(579) Humongous regions: 0->0
[2025-08-21T21:25:50.833+0000][1692266][info ][gc,metaspace] GC(579) Metaspace: 142184K(148544K)->142184K(148544K) NonClass: 123223K(127104K)->123223K(127104K) Class: 18960K(21440K)->18960K(21440K)
[2025-08-21T21:25:50.833+0000][1692266][info ][gc          ] GC(579) Pause Young (Normal) (G1 Evacuation Pause) 390M->90M(512M) 2.448ms
[2025-08-21T21:25:50.833+0000][1692266][info ][gc,cpu      ] GC(579) User=0.00s Sys=0.00s Real=0.00s
[2025-08-21T21:25:50.833+0000][1692266][info ][safepoint   ] Safepoint "G1CollectForAllocation", Time since last: 442702423993 ns, Reaching safepoint: 9604 ns, Cleanup: 3045 ns, At safepoint: 2484611 ns, Total: 2497260 ns
[2025-08-21T21:33:13.902+0000][1692266][info ][gc,start    ] GC(580) Pause Young (Normal) (G1 Evacuation Pause)
[2025-08-21T21:33:13.902+0000][1692266][info ][gc,task     ] GC(580) Using 1 workers of 1 for evacuation
[2025-08-21T21:33:13.902+0000][1692266][debug][gc,age      ] GC(580) Desired survivor size 20971520 bytes, new threshold 15 (max threshold 15)
[2025-08-21T21:33:13.904+0000][1692266][info ][gc,phases   ] GC(580)   Pre Evacuate Collection Set: 0.0ms
[2025-08-21T21:33:13.904+0000][1692266][info ][gc,phases   ] GC(580)   Merge Heap Roots: 0.0ms
[2025-08-21T21:33:13.904+0000][1692266][info ][gc,phases   ] GC(580)   Evacuate Collection Set: 0.8ms
[2025-08-21T21:33:13.904+0000][1692266][info ][gc,phases   ] GC(580)   Post Evacuate Collection Set: 0.7ms
[2025-08-21T21:33:13.904+0000][1692266][info ][gc,phases   ] GC(580)   Other: 0.0ms
[2025-08-21T21:33:13.904+0000][1692266][trace][gc,age      ] GC(580) Age table with threshold 15 (max threshold 15)
[2025-08-21T21:33:13.904+0000][1692266][trace][gc,age      ] GC(580) - age   1:      15008 bytes,      15008 total
[2025-08-21T21:33:13.904+0000][1692266][trace][gc,age      ] GC(580) - age   2:        552 bytes,      15560 total
[2025-08-21T21:33:13.904+0000][1692266][trace][gc,age      ] GC(580) - age   6:        200 bytes,      15760 total
[2025-08-21T21:33:13.904+0000][1692266][trace][gc,age      ] GC(580) - age   8:       3144 bytes,      18904 total
[2025-08-21T21:33:13.904+0000][1692266][trace][gc,age      ] GC(580) - age   9:      15352 bytes,      34256 total
[2025-08-21T21:33:13.904+0000][1692266][trace][gc,age      ] GC(580) - age  10:      15416 bytes,      49672 total
[2025-08-21T21:33:13.904+0000][1692266][trace][gc,age      ] GC(580) - age  12:         48 bytes,      49720 total
[2025-08-21T21:33:13.904+0000][1692266][trace][gc,age      ] GC(580) - age  13:      17136 bytes,      66856 total
[2025-08-21T21:33:13.904+0000][1692266][trace][gc,age      ] GC(580) - age  14:       6864 bytes,      73720 total
[2025-08-21T21:33:13.904+0000][1692266][trace][gc,age      ] GC(580) - age  15:      36048 bytes,     109768 total
[2025-08-21T21:33:13.904+0000][1692266][info ][gc,heap     ] GC(580) Eden regions: 75->0(75)
[2025-08-21T21:33:13.904+0000][1692266][info ][gc,heap     ] GC(580) Survivor regions: 1->1(10)
[2025-08-21T21:33:13.904+0000][1692266][info ][gc,heap     ] GC(580) Old regions: 23->23
[2025-08-21T21:33:13.904+0000][1692266][info ][gc,heap     ] GC(580) Humongous regions: 0->0
[2025-08-21T21:33:13.904+0000][1692266][info ][gc,metaspace] GC(580) Metaspace: 142184K(148544K)->142184K(148544K) NonClass: 123223K(127104K)->123223K(127104K) Class: 18960K(21440K)->18960K(21440K)
[2025-08-21T21:33:13.904+0000][1692266][info ][gc          ] GC(580) Pause Young (Normal) (G1 Evacuation Pause) 390M->90M(512M) 2.335ms
[2025-08-21T21:33:13.904+0000][1692266][info ][gc,cpu      ] GC(580) User=0.00s Sys=0.00s Real=0.00s
[2025-08-21T21:33:13.904+0000][1692266][info ][safepoint   ] Safepoint "G1CollectForAllocation", Time since last: 443069188075 ns, Reaching safepoint: 7111 ns, Cleanup: 2774 ns, At safepoint: 2369899 ns, Total: 2379784 ns
[2025-08-21T21:40:37.736+0000][1692266][info ][gc,start    ] GC(581) Pause Young (Normal) (G1 Evacuation Pause)
[2025-08-21T21:40:37.736+0000][1692266][info ][gc,task     ] GC(581) Using 1 workers of 1 for evacuation
[2025-08-21T21:40:37.736+0000][1692266][debug][gc,age      ] GC(581) Desired survivor size 20971520 bytes, new threshold 15 (max threshold 15)
[2025-08-21T21:40:37.739+0000][1692266][info ][gc,phases   ] GC(581)   Pre Evacuate Collection Set: 0.1ms
[2025-08-21T21:40:37.739+0000][1692266][info ][gc,phases   ] GC(581)   Merge Heap Roots: 0.0ms
[2025-08-21T21:40:37.739+0000][1692266][info ][gc,phases   ] GC(581)   Evacuate Collection Set: 1.5ms
[2025-08-21T21:40:37.739+0000][1692266][info ][gc,phases   ] GC(581)   Post Evacuate Collection Set: 1.3ms
[2025-08-21T21:40:37.739+0000][1692266][info ][gc,phases   ] GC(581)   Other: 0.0ms
[2025-08-21T21:40:37.739+0000][1692266][trace][gc,age      ] GC(581) Age table with threshold 15 (max threshold 15)
[2025-08-21T21:40:37.739+0000][1692266][trace][gc,age      ] GC(581) - age   1:      14896 bytes,      14896 total
[2025-08-21T21:40:37.739+0000][1692266][trace][gc,age      ] GC(581) - age   2:        552 bytes,      15448 total
[2025-08-21T21:40:37.739+0000][1692266][trace][gc,age      ] GC(581) - age   7:        200 bytes,      15648 total
[2025-08-21T21:40:37.739+0000][1692266][trace][gc,age      ] GC(581) - age   9:       3144 bytes,      18792 total
[2025-08-21T21:40:37.739+0000][1692266][trace][gc,age      ] GC(581) - age  10:      15352 bytes,      34144 total
[2025-08-21T21:40:37.739+0000][1692266][trace][gc,age      ] GC(581) - age  11:      15416 bytes,      49560 total
[2025-08-21T21:40:37.739+0000][1692266][trace][gc,age      ] GC(581) - age  13:         48 bytes,      49608 total
[2025-08-21T21:40:37.739+0000][1692266][trace][gc,age      ] GC(581) - age  14:      17136 bytes,      66744 total
[2025-08-21T21:40:37.739+0000][1692266][trace][gc,age      ] GC(581) - age  15:       6864 bytes,      73608 total
[2025-08-21T21:40:37.739+0000][1692266][info ][gc,heap     ] GC(581) Eden regions: 75->0(75)
[2025-08-21T21:40:37.739+0000][1692266][info ][gc,heap     ] GC(581) Survivor regions: 1->1(10)
[2025-08-21T21:40:37.739+0000][1692266][info ][gc,heap     ] GC(581) Old regions: 23->23
[2025-08-21T21:40:37.739+0000][1692266][info ][gc,heap     ] GC(581) Humongous regions: 0->0
[2025-08-21T21:40:37.739+0000][1692266][info ][gc,metaspace] GC(581) Metaspace: 142184K(148544K)->142184K(148544K) NonClass: 123223K(127104K)->123223K(127104K) Class: 18960K(21440K)->18960K(21440K)
[2025-08-21T21:40:37.739+0000][1692266][info ][gc          ] GC(581) Pause Young (Normal) (G1 Evacuation Pause) 390M->90M(512M) 3.265ms
[2025-08-21T21:40:37.739+0000][1692266][info ][gc,cpu      ] GC(581) User=0.00s Sys=0.00s Real=0.00s
[2025-08-21T21:40:37.739+0000][1692266][info ][safepoint   ] Safepoint "G1CollectForAllocation", Time since last: 443831751165 ns, Reaching safepoint: 11096 ns, Cleanup: 3205 ns, At safepoint: 3307524 ns, Total: 3321825 ns
[2025-08-21T21:45:22.775+0000][1692266][info ][safepoint   ] Safepoint "Cleanup", Time since last: 285017561551 ns, Reaching safepoint: 17922813 ns, Cleanup: 19359 ns, At safepoint: 17727 ns, Total: 17959899 ns
[2025-08-21T21:45:23.788+0000][1692266][info ][safepoint   ] Safepoint "Cleanup", Time since last: 1000344163 ns, Reaching safepoint: 12706807 ns, Cleanup: 20491 ns, At safepoint: 5127 ns, Total: 12732425 ns
[2025-08-21T21:45:24.788+0000][1692266][info ][safepoint   ] Safepoint "Cleanup", Time since last: 1000116340 ns, Reaching safepoint: 6760 ns, Cleanup: 10185 ns, At safepoint: 2925 ns, Total: 19870 ns
[2025-08-21T21:45:25.788+0000][1692266][info ][safepoint   ] Safepoint "Cleanup", Time since last: 1000083409 ns, Reaching safepoint: 182576 ns, Cleanup: 18447 ns, At safepoint: 3215 ns, Total: 204238 ns
[2025-08-21T21:45:28.343+0000][1692266][info ][gc,start    ] GC(582) Pause Young (Normal) (G1 Evacuation Pause)
[2025-08-21T21:45:28.345+0000][1692266][info ][gc,task     ] GC(582) Using 1 workers of 1 for evacuation
[2025-08-21T21:45:28.345+0000][1692266][debug][gc,age      ] GC(582) Desired survivor size 20971520 bytes, new threshold 15 (max threshold 15)
[2025-08-21T21:45:28.388+0000][1692266][info ][gc,phases   ] GC(582)   Pre Evacuate Collection Set: 0.1ms
[2025-08-21T21:45:28.388+0000][1692266][info ][gc,phases   ] GC(582)   Merge Heap Roots: 0.0ms
[2025-08-21T21:45:28.389+0000][1692266][info ][gc,phases   ] GC(582)   Evacuate Collection Set: 33.1ms
[2025-08-21T21:45:28.389+0000][1692266][info ][gc,phases   ] GC(582)   Post Evacuate Collection Set: 6.9ms
[2025-08-21T21:45:28.389+0000][1692266][info ][gc,phases   ] GC(582)   Other: 2.4ms
[2025-08-21T21:45:28.389+0000][1692266][trace][gc,age      ] GC(582) Age table with threshold 15 (max threshold 15)
[2025-08-21T21:45:28.389+0000][1692266][trace][gc,age      ] GC(582) - age   1:   22273952 bytes,   22273952 total
[2025-08-21T21:45:28.389+0000][1692266][trace][gc,age      ] GC(582) - age   2:        664 bytes,   22274616 total
[2025-08-21T21:45:28.389+0000][1692266][trace][gc,age      ] GC(582) - age   8:        200 bytes,   22274816 total
[2025-08-21T21:45:28.389+0000][1692266][trace][gc,age      ] GC(582) - age  10:        296 bytes,   22275112 total
[2025-08-21T21:45:28.389+0000][1692266][trace][gc,age      ] GC(582) - age  11:      15096 bytes,   22290208 total
[2025-08-21T21:45:28.389+0000][1692266][trace][gc,age      ] GC(582) - age  12:      15416 bytes,   22305624 total
[2025-08-21T21:45:28.389+0000][1692266][trace][gc,age      ] GC(582) - age  14:         48 bytes,   22305672 total
[2025-08-21T21:45:28.389+0000][1692266][trace][gc,age      ] GC(582) - age  15:      17104 bytes,   22322776 total
[2025-08-21T21:45:28.389+0000][1692266][info ][gc,heap     ] GC(582) Eden regions: 75->0(70)
[2025-08-21T21:45:28.389+0000][1692266][info ][gc,heap     ] GC(582) Survivor regions: 1->6(10)
[2025-08-21T21:45:28.389+0000][1692266][info ][gc,heap     ] GC(582) Old regions: 23->23
[2025-08-21T21:45:28.389+0000][1692266][info ][gc,heap     ] GC(582) Humongous regions: 0->0
[2025-08-21T21:45:28.389+0000][1692266][info ][gc,metaspace] GC(582) Metaspace: 142195K(148544K)->142195K(148544K) NonClass: 123235K(127104K)->123235K(127104K) Class: 18960K(21440K)->18960K(21440K)
[2025-08-21T21:45:28.389+0000][1692266][info ][gc          ] GC(582) Pause Young (Normal) (G1 Evacuation Pause) 390M->113M(512M) 45.941ms
[2025-08-21T21:45:28.389+0000][1692266][info ][gc,cpu      ] GC(582) User=0.01s Sys=0.01s Real=0.05s
[2025-08-21T21:45:28.389+0000][1692266][info ][safepoint   ] Safepoint "G1CollectForAllocation", Time since last: 2545475435 ns, Reaching safepoint: 5300193 ns, Cleanup: 9465 ns, At safepoint: 49750741 ns, Total: 55060399 ns
[2025-08-21T21:45:29.407+0000][1692266][info ][safepoint   ] Safepoint "Cleanup", Time since last: 1000079714 ns, Reaching safepoint: 17908011 ns, Cleanup: 26249 ns, At safepoint: 4828 ns, Total: 17939088 ns
[2025-08-21T21:45:30.407+0000][1692266][info ][safepoint   ] Safepoint "Cleanup", Time since last: 1000092272 ns, Reaching safepoint: 7672 ns, Cleanup: 10266 ns, At safepoint: 2273 ns, Total: 20211 ns
[2025-08-21T21:45:32.407+0000][1692266][info ][safepoint   ] Safepoint "Cleanup", Time since last: 2000150274 ns, Reaching safepoint: 7611 ns, Cleanup: 11338 ns, At safepoint: 2403 ns, Total: 21352 ns
[2025-08-21T21:49:15.820+0000][1692266][info ][gc,start    ] GC(583) Pause Young (Normal) (G1 Evacuation Pause)
[2025-08-21T21:49:15.820+0000][1692266][info ][gc,task     ] GC(583) Using 1 workers of 1 for evacuation
[2025-08-21T21:49:15.820+0000][1692266][debug][gc,age      ] GC(583) Desired survivor size 20971520 bytes, new threshold 1 (max threshold 15)
[2025-08-21T21:49:15.822+0000][1692266][info ][gc,phases   ] GC(583)   Pre Evacuate Collection Set: 0.1ms
[2025-08-21T21:49:15.823+0000][1692266][info ][gc,phases   ] GC(583)   Merge Heap Roots: 0.0ms
[2025-08-21T21:49:15.823+0000][1692266][info ][gc,phases   ] GC(583)   Evacuate Collection Set: 1.5ms
[2025-08-21T21:49:15.823+0000][1692266][info ][gc,phases   ] GC(583)   Post Evacuate Collection Set: 0.8ms
[2025-08-21T21:49:15.823+0000][1692266][info ][gc,phases   ] GC(583)   Other: 0.0ms
[2025-08-21T21:49:15.823+0000][1692266][trace][gc,age      ] GC(583) Age table with threshold 1 (max threshold 15)
[2025-08-21T21:49:15.823+0000][1692266][trace][gc,age      ] GC(583) - age   1:      22768 bytes,      22768 total
[2025-08-21T21:49:15.823+0000][1692266][info ][gc,heap     ] GC(583) Eden regions: 70->0(75)
[2025-08-21T21:49:15.823+0000][1692266][info ][gc,heap     ] GC(583) Survivor regions: 6->1(10)
[2025-08-21T21:49:15.823+0000][1692266][info ][gc,heap     ] GC(583) Old regions: 23->23
[2025-08-21T21:49:15.823+0000][1692266][info ][gc,heap     ] GC(583) Humongous regions: 0->0
[2025-08-21T21:49:15.823+0000][1692266][info ][gc,metaspace] GC(583) Metaspace: 142234K(148544K)->142234K(148544K) NonClass: 123274K(127104K)->123274K(127104K) Class: 18960K(21440K)->18960K(21440K)
[2025-08-21T21:49:15.823+0000][1692266][info ][gc          ] GC(583) Pause Young (Normal) (G1 Evacuation Pause) 393M->92M(512M) 2.900ms
[2025-08-21T21:49:15.823+0000][1692266][info ][gc,cpu      ] GC(583) User=0.00s Sys=0.00s Real=0.00s
[2025-08-21T21:49:15.823+0000][1692266][info ][safepoint   ] Safepoint "G1CollectForAllocation", Time since last: 223412395324 ns, Reaching safepoint: 8833 ns, Cleanup: 3866 ns, At safepoint: 2940890 ns, Total: 2953589 ns
[2025-08-21T21:56:25.877+0000][1692266][info ][safepoint   ] Safepoint "Cleanup", Time since last: 430035265516 ns, Reaching safepoint: 18966378 ns, Cleanup: 20871 ns, At safepoint: 7481 ns, Total: 18994730 ns
[2025-08-21T21:56:25.914+0000][1692266][info ][gc,start    ] GC(584) Pause Young (Normal) (G1 Evacuation Pause)
[2025-08-21T21:56:25.914+0000][1692266][info ][gc,task     ] GC(584) Using 1 workers of 1 for evacuation
[2025-08-21T21:56:25.914+0000][1692266][debug][gc,age      ] GC(584) Desired survivor size 20971520 bytes, new threshold 15 (max threshold 15)
[2025-08-21T21:56:25.917+0000][1692266][info ][gc,phases   ] GC(584)   Pre Evacuate Collection Set: 0.1ms
[2025-08-21T21:56:25.917+0000][1692266][info ][gc,phases   ] GC(584)   Merge Heap Roots: 0.0ms
[2025-08-21T21:56:25.917+0000][1692266][info ][gc,phases   ] GC(584)   Evacuate Collection Set: 1.7ms
[2025-08-21T21:56:25.917+0000][1692266][info ][gc,phases   ] GC(584)   Post Evacuate Collection Set: 0.8ms
[2025-08-21T21:56:25.917+0000][1692266][info ][gc,phases   ] GC(584)   Other: 0.0ms
[2025-08-21T21:56:25.917+0000][1692266][trace][gc,age      ] GC(584) Age table with threshold 15 (max threshold 15)
[2025-08-21T21:56:25.917+0000][1692266][trace][gc,age      ] GC(584) - age   1:     493136 bytes,     493136 total
[2025-08-21T21:56:25.917+0000][1692266][trace][gc,age      ] GC(584) - age   2:       2968 bytes,     496104 total
[2025-08-21T21:56:25.917+0000][1692266][info ][gc,heap     ] GC(584) Eden regions: 75->0(75)
[2025-08-21T21:56:25.917+0000][1692266][info ][gc,heap     ] GC(584) Survivor regions: 1->1(10)
[2025-08-21T21:56:25.917+0000][1692266][info ][gc,heap     ] GC(584) Old regions: 23->23
[2025-08-21T21:56:25.917+0000][1692266][info ][gc,heap     ] GC(584) Humongous regions: 0->0
[2025-08-21T21:56:25.917+0000][1692266][info ][gc,metaspace] GC(584) Metaspace: 142240K(148544K)->142240K(148544K) NonClass: 123279K(127104K)->123279K(127104K) Class: 18960K(21440K)->18960K(21440K)
[2025-08-21T21:56:25.917+0000][1692266][info ][gc          ] GC(584) Pause Young (Normal) (G1 Evacuation Pause) 392M->91M(512M) 2.693ms
[2025-08-21T21:56:25.917+0000][1692266][info ][gc,cpu      ] GC(584) User=0.01s Sys=0.00s Real=0.01s
[2025-08-21T21:56:25.917+0000][1692266][info ][safepoint   ] Safepoint "G1CollectForAllocation", Time since last: 4227914 ns, Reaching safepoint: 32796229 ns, Cleanup: 8653 ns, At safepoint: 2744634 ns, Total: 35549516 ns
[2025-08-21T21:56:26.936+0000][1692266][info ][safepoint   ] Safepoint "Cleanup", Time since last: 1000073196 ns, Reaching safepoint: 18942201 ns, Cleanup: 29284 ns, At safepoint: 4657 ns, Total: 18976142 ns
[2025-08-21T21:58:41.583+0000][1692266][info ][gc,start    ] GC(585) Pause Young (Normal) (G1 Evacuation Pause)
[2025-08-21T21:58:41.583+0000][1692266][info ][gc,task     ] GC(585) Using 1 workers of 1 for evacuation
[2025-08-21T21:58:41.583+0000][1692266][debug][gc,age      ] GC(585) Desired survivor size 20971520 bytes, new threshold 15 (max threshold 15)
[2025-08-21T21:58:41.585+0000][1692266][info ][gc,phases   ] GC(585)   Pre Evacuate Collection Set: 0.1ms
[2025-08-21T21:58:41.585+0000][1692266][info ][gc,phases   ] GC(585)   Merge Heap Roots: 0.0ms
[2025-08-21T21:58:41.585+0000][1692266][info ][gc,phases   ] GC(585)   Evacuate Collection Set: 0.9ms
[2025-08-21T21:58:41.585+0000][1692266][info ][gc,phases   ] GC(585)   Post Evacuate Collection Set: 0.8ms
[2025-08-21T21:58:41.585+0000][1692266][info ][gc,phases   ] GC(585)   Other: 0.0ms
[2025-08-21T21:58:41.585+0000][1692266][trace][gc,age      ] GC(585) Age table with threshold 15 (max threshold 15)
[2025-08-21T21:58:41.585+0000][1692266][trace][gc,age      ] GC(585) - age   1:      27208 bytes,      27208 total
[2025-08-21T21:58:41.585+0000][1692266][trace][gc,age      ] GC(585) - age   2:       7320 bytes,      34528 total
[2025-08-21T21:58:41.585+0000][1692266][trace][gc,age      ] GC(585) - age   3:       2808 bytes,      37336 total
[2025-08-21T21:58:41.585+0000][1692266][info ][gc,heap     ] GC(585) Eden regions: 75->0(75)
[2025-08-21T21:58:41.585+0000][1692266][info ][gc,heap     ] GC(585) Survivor regions: 1->1(10)
[2025-08-21T21:58:41.585+0000][1692266][info ][gc,heap     ] GC(585) Old regions: 23->23
[2025-08-21T21:58:41.585+0000][1692266][info ][gc,heap     ] GC(585) Humongous regions: 0->0
[2025-08-21T21:58:41.585+0000][1692266][info ][gc,metaspace] GC(585) Metaspace: 142255K(148544K)->142255K(148544K) NonClass: 123295K(127104K)->123295K(127104K) Class: 18960K(21440K)->18960K(21440K)
[2025-08-21T21:58:41.585+0000][1692266][info ][gc          ] GC(585) Pause Young (Normal) (G1 Evacuation Pause) 391M->90M(512M) 1.973ms
[2025-08-21T21:58:41.585+0000][1692266][info ][gc,cpu      ] GC(585) User=0.01s Sys=0.00s Real=0.00s
[2025-08-21T21:58:41.585+0000][1692266][info ][safepoint   ] Safepoint "G1CollectForAllocation", Time since last: 134646943165 ns, Reaching safepoint: 8282 ns, Cleanup: 2684 ns, At safepoint: 2010816 ns, Total: 2021782 ns
[2025-08-21T22:06:04.025+0000][1692266][info ][gc,start    ] GC(586) Pause Young (Normal) (G1 Evacuation Pause)
[2025-08-21T22:06:04.026+0000][1692266][info ][gc,task     ] GC(586) Using 1 workers of 1 for evacuation
[2025-08-21T22:06:04.026+0000][1692266][debug][gc,age      ] GC(586) Desired survivor size 20971520 bytes, new threshold 15 (max threshold 15)
[2025-08-21T22:06:04.027+0000][1692266][info ][gc,phases   ] GC(586)   Pre Evacuate Collection Set: 0.1ms
[2025-08-21T22:06:04.027+0000][1692266][info ][gc,phases   ] GC(586)   Merge Heap Roots: 0.0ms
[2025-08-21T22:06:04.027+0000][1692266][info ][gc,phases   ] GC(586)   Evacuate Collection Set: 0.8ms
[2025-08-21T22:06:04.027+0000][1692266][info ][gc,phases   ] GC(586)   Post Evacuate Collection Set: 0.8ms
[2025-08-21T22:06:04.027+0000][1692266][info ][gc,phases   ] GC(586)   Other: 0.0ms
[2025-08-21T22:06:04.027+0000][1692266][trace][gc,age      ] GC(586) Age table with threshold 15 (max threshold 15)
[2025-08-21T22:06:04.027+0000][1692266][trace][gc,age      ] GC(586) - age   1:      16056 bytes,      16056 total
[2025-08-21T22:06:04.027+0000][1692266][trace][gc,age      ] GC(586) - age   2:      11968 bytes,      28024 total
[2025-08-21T22:06:04.027+0000][1692266][trace][gc,age      ] GC(586) - age   3:       5720 bytes,      33744 total
[2025-08-21T22:06:04.027+0000][1692266][trace][gc,age      ] GC(586) - age   4:       2808 bytes,      36552 total
[2025-08-21T22:06:04.027+0000][1692266][info ][gc,heap     ] GC(586) Eden regions: 75->0(75)
[2025-08-21T22:06:04.027+0000][1692266][info ][gc,heap     ] GC(586) Survivor regions: 1->1(10)
[2025-08-21T22:06:04.027+0000][1692266][info ][gc,heap     ] GC(586) Old regions: 23->23
[2025-08-21T22:06:04.027+0000][1692266][info ][gc,heap     ] GC(586) Humongous regions: 0->0
[2025-08-21T22:06:04.027+0000][1692266][info ][gc,metaspace] GC(586) Metaspace: 142255K(148544K)->142255K(148544K) NonClass: 123295K(127104K)->123295K(127104K) Class: 18960K(21440K)->18960K(21440K)
[2025-08-21T22:06:04.027+0000][1692266][info ][gc          ] GC(586) Pause Young (Normal) (G1 Evacuation Pause) 390M->90M(512M) 2.141ms
[2025-08-21T22:06:04.027+0000][1692266][info ][gc,cpu      ] GC(586) User=0.00s Sys=0.00s Real=0.01s
[2025-08-21T22:06:04.027+0000][1692266][info ][safepoint   ] Safepoint "G1CollectForAllocation", Time since last: 442440607227 ns, Reaching safepoint: 8743 ns, Cleanup: 3095 ns, At safepoint: 2178749 ns, Total: 2190587 ns
[2025-08-21T22:12:31.050+0000][1692266][info ][safepoint   ] Safepoint "Cleanup", Time since last: 387022426073 ns, Reaching safepoint: 33941 ns, Cleanup: 15724 ns, At safepoint: 4757 ns, Total: 54422 ns
[2025-08-21T22:13:27.304+0000][1692266][info ][gc,start    ] GC(587) Pause Young (Normal) (G1 Evacuation Pause)
[2025-08-21T22:13:27.304+0000][1692266][info ][gc,task     ] GC(587) Using 1 workers of 1 for evacuation
[2025-08-21T22:13:27.304+0000][1692266][debug][gc,age      ] GC(587) Desired survivor size 20971520 bytes, new threshold 15 (max threshold 15)
[2025-08-21T22:13:27.306+0000][1692266][info ][gc,phases   ] GC(587)   Pre Evacuate Collection Set: 0.0ms
[2025-08-21T22:13:27.306+0000][1692266][info ][gc,phases   ] GC(587)   Merge Heap Roots: 0.0ms
[2025-08-21T22:13:27.306+0000][1692266][info ][gc,phases   ] GC(587)   Evacuate Collection Set: 0.9ms
[2025-08-21T22:13:27.306+0000][1692266][info ][gc,phases   ] GC(587)   Post Evacuate Collection Set: 0.8ms
[2025-08-21T22:13:27.306+0000][1692266][info ][gc,phases   ] GC(587)   Other: 0.0ms
[2025-08-21T22:13:27.306+0000][1692266][trace][gc,age      ] GC(587) Age table with threshold 15 (max threshold 15)
[2025-08-21T22:13:27.306+0000][1692266][trace][gc,age      ] GC(587) - age   1:      50592 bytes,      50592 total
[2025-08-21T22:13:27.306+0000][1692266][trace][gc,age      ] GC(587) - age   2:        664 bytes,      51256 total
[2025-08-21T22:13:27.306+0000][1692266][trace][gc,age      ] GC(587) - age   3:      11968 bytes,      63224 total
[2025-08-21T22:13:27.306+0000][1692266][trace][gc,age      ] GC(587) - age   4:       5720 bytes,      68944 total
[2025-08-21T22:13:27.306+0000][1692266][trace][gc,age      ] GC(587) - age   5:       2808 bytes,      71752 total
[2025-08-21T22:13:27.306+0000][1692266][info ][gc,heap     ] GC(587) Eden regions: 75->0(75)
[2025-08-21T22:13:27.306+0000][1692266][info ][gc,heap     ] GC(587) Survivor regions: 1->1(10)
[2025-08-21T22:13:27.306+0000][1692266][info ][gc,heap     ] GC(587) Old regions: 23->23
[2025-08-21T22:13:27.306+0000][1692266][info ][gc,heap     ] GC(587) Humongous regions: 0->0
[2025-08-21T22:13:27.306+0000][1692266][info ][gc,metaspace] GC(587) Metaspace: 142255K(148544K)->142255K(148544K) NonClass: 123295K(127104K)->123295K(127104K) Class: 18960K(21440K)->18960K(21440K)
[2025-08-21T22:13:27.306+0000][1692266][info ][gc          ] GC(587) Pause Young (Normal) (G1 Evacuation Pause) 390M->90M(512M) 1.940ms
[2025-08-21T22:13:27.306+0000][1692266][info ][gc,cpu      ] GC(587) User=0.00s Sys=0.00s Real=0.01s
[2025-08-21T22:13:27.306+0000][1692266][info ][safepoint   ] Safepoint "G1CollectForAllocation", Time since last: 56254189520 ns, Reaching safepoint: 8733 ns, Cleanup: 3235 ns, At safepoint: 1977576 ns, Total: 1989544 ns
[2025-08-21T22:13:51.340+0000][1692266][info ][safepoint   ] Safepoint "Cleanup", Time since last: 24001892653 ns, Reaching safepoint: 32270796 ns, Cleanup: 7541 ns, At safepoint: 7872 ns, Total: 32286209 ns
[2025-08-21T22:13:52.346+0000][1692266][info ][safepoint   ] Safepoint "Cleanup", Time since last: 1000110225 ns, Reaching safepoint: 5261955 ns, Cleanup: 11357 ns, At safepoint: 4577 ns, Total: 5277889 ns
[2025-08-21T22:13:54.354+0000][1692266][info ][safepoint   ] Safepoint "Cleanup", Time since last: 2000142171 ns, Reaching safepoint: 8505813 ns, Cleanup: 8193 ns, At safepoint: 5167 ns, Total: 8519173 ns
[2025-08-21T22:13:55.362+0000][1692266][info ][safepoint   ] Safepoint "Cleanup", Time since last: 1000061501 ns, Reaching safepoint: 7319272 ns, Cleanup: 15924 ns, At safepoint: 5047 ns, Total: 7340243 ns
[2025-08-21T22:13:56.371+0000][1692266][info ][safepoint   ] Safepoint "Cleanup", Time since last: 1000101292 ns, Reaching safepoint: 9653876 ns, Cleanup: 9614 ns, At safepoint: 5429 ns, Total: 9668919 ns
[2025-08-21T22:13:57.373+0000][1692266][info ][safepoint   ] Safepoint "Cleanup", Time since last: 1001435085 ns, Reaching safepoint: 5939 ns, Cleanup: 26700 ns, At safepoint: 6019 ns, Total: 38658 ns
[2025-08-21T22:13:58.189+0000][1692266][info ][gc,start    ] GC(588) Pause Young (Normal) (G1 Evacuation Pause)
[2025-08-21T22:13:58.190+0000][1692266][info ][gc,task     ] GC(588) Using 1 workers of 1 for evacuation
[2025-08-21T22:13:58.190+0000][1692266][debug][gc,age      ] GC(588) Desired survivor size 20971520 bytes, new threshold 15 (max threshold 15)
[2025-08-21T22:13:58.197+0000][1692266][info ][gc,phases   ] GC(588)   Pre Evacuate Collection Set: 0.1ms
[2025-08-21T22:13:58.197+0000][1692266][info ][gc,phases   ] GC(588)   Merge Heap Roots: 0.0ms
[2025-08-21T22:13:58.197+0000][1692266][info ][gc,phases   ] GC(588)   Evacuate Collection Set: 2.9ms
[2025-08-21T22:13:58.197+0000][1692266][info ][gc,phases   ] GC(588)   Post Evacuate Collection Set: 3.5ms
[2025-08-21T22:13:58.197+0000][1692266][info ][gc,phases   ] GC(588)   Other: 0.0ms
[2025-08-21T22:13:58.197+0000][1692266][trace][gc,age      ] GC(588) Age table with threshold 15 (max threshold 15)
[2025-08-21T22:13:58.197+0000][1692266][trace][gc,age      ] GC(588) - age   1:     615896 bytes,     615896 total
[2025-08-21T22:13:58.197+0000][1692266][trace][gc,age      ] GC(588) - age   2:       2544 bytes,     618440 total
[2025-08-21T22:13:58.197+0000][1692266][trace][gc,age      ] GC(588) - age   3:        664 bytes,     619104 total
[2025-08-21T22:13:58.197+0000][1692266][trace][gc,age      ] GC(588) - age   4:        576 bytes,     619680 total
[2025-08-21T22:13:58.197+0000][1692266][trace][gc,age      ] GC(588) - age   5:        248 bytes,     619928 total
[2025-08-21T22:13:58.197+0000][1692266][trace][gc,age      ] GC(588) - age   6:       2728 bytes,     622656 total
[2025-08-21T22:13:58.197+0000][1692266][info ][gc,heap     ] GC(588) Eden regions: 75->0(75)
[2025-08-21T22:13:58.197+0000][1692266][info ][gc,heap     ] GC(588) Survivor regions: 1->1(10)
[2025-08-21T22:13:58.197+0000][1692266][info ][gc,heap     ] GC(588) Old regions: 23->23
[2025-08-21T22:13:58.197+0000][1692266][info ][gc,heap     ] GC(588) Humongous regions: 0->0
[2025-08-21T22:13:58.197+0000][1692266][info ][gc,metaspace] GC(588) Metaspace: 142269K(148544K)->142269K(148544K) NonClass: 123309K(127104K)->123309K(127104K) Class: 18960K(21440K)->18960K(21440K)
[2025-08-21T22:13:58.197+0000][1692266][info ][gc          ] GC(588) Pause Young (Normal) (G1 Evacuation Pause) 390M->91M(512M) 7.605ms
[2025-08-21T22:13:58.197+0000][1692266][info ][gc,cpu      ] GC(588) User=0.00s Sys=0.00s Real=0.01s
[2025-08-21T22:13:58.197+0000][1692266][info ][safepoint   ] Safepoint "G1CollectForAllocation", Time since last: 797327612 ns, Reaching safepoint: 18781568 ns, Cleanup: 9805 ns, At safepoint: 7649870 ns, Total: 26441243 ns
[2025-08-21T22:13:59.197+0000][1692266][info ][safepoint   ] Safepoint "Cleanup", Time since last: 1000072268 ns, Reaching safepoint: 6670 ns, Cleanup: 15653 ns, At safepoint: 2294 ns, Total: 24617 ns
[2025-08-21T22:14:01.197+0000][1692266][info ][safepoint   ] Safepoint "Cleanup", Time since last: 2000112556 ns, Reaching safepoint: 7021 ns, Cleanup: 11307 ns, At safepoint: 2213 ns, Total: 20541 ns
[2025-08-21T22:16:31.206+0000][1692266][info ][safepoint   ] Safepoint "Cleanup", Time since last: 150009230472 ns, Reaching safepoint: 42694 ns, Cleanup: 12970 ns, At safepoint: 4717 ns, Total: 60381 ns
[2025-08-21T22:17:05.209+0000][1692266][info ][safepoint   ] Safepoint "Cleanup", Time since last: 34002249464 ns, Reaching safepoint: 469579 ns, Cleanup: 11687 ns, At safepoint: 5378 ns, Total: 486644 ns
[2025-08-21T22:18:39.639+0000][1692266][info ][gc,start    ] GC(589) Pause Young (Normal) (G1 Evacuation Pause)
[2025-08-21T22:18:39.642+0000][1692266][info ][gc,task     ] GC(589) Using 1 workers of 1 for evacuation
[2025-08-21T22:18:39.642+0000][1692266][debug][gc,age      ] GC(589) Desired survivor size 20971520 bytes, new threshold 15 (max threshold 15)
[2025-08-21T22:18:39.667+0000][1692266][info ][gc,phases   ] GC(589)   Pre Evacuate Collection Set: 1.3ms
[2025-08-21T22:18:39.667+0000][1692266][info ][gc,phases   ] GC(589)   Merge Heap Roots: 1.3ms
[2025-08-21T22:18:39.667+0000][1692266][info ][gc,phases   ] GC(589)   Evacuate Collection Set: 10.2ms
[2025-08-21T22:18:39.667+0000][1692266][info ][gc,phases   ] GC(589)   Post Evacuate Collection Set: 6.3ms
[2025-08-21T22:18:39.667+0000][1692266][info ][gc,phases   ] GC(589)   Other: 5.3ms
[2025-08-21T22:18:39.667+0000][1692266][trace][gc,age      ] GC(589) Age table with threshold 15 (max threshold 15)
[2025-08-21T22:18:39.667+0000][1692266][trace][gc,age      ] GC(589) - age   1:      18960 bytes,      18960 total
[2025-08-21T22:18:39.667+0000][1692266][trace][gc,age      ] GC(589) - age   2:      42568 bytes,      61528 total
[2025-08-21T22:18:39.667+0000][1692266][trace][gc,age      ] GC(589) - age   3:        552 bytes,      62080 total
[2025-08-21T22:18:39.667+0000][1692266][trace][gc,age      ] GC(589) - age   4:        552 bytes,      62632 total
[2025-08-21T22:18:39.667+0000][1692266][trace][gc,age      ] GC(589) - age   5:        576 bytes,      63208 total
[2025-08-21T22:18:39.667+0000][1692266][trace][gc,age      ] GC(589) - age   6:        248 bytes,      63456 total
[2025-08-21T22:18:39.667+0000][1692266][trace][gc,age      ] GC(589) - age   7:       2728 bytes,      66184 total
[2025-08-21T22:18:39.667+0000][1692266][info ][gc,heap     ] GC(589) Eden regions: 75->0(75)
[2025-08-21T22:18:39.667+0000][1692266][info ][gc,heap     ] GC(589) Survivor regions: 1->1(10)
[2025-08-21T22:18:39.667+0000][1692266][info ][gc,heap     ] GC(589) Old regions: 23->23
[2025-08-21T22:18:39.667+0000][1692266][info ][gc,heap     ] GC(589) Humongous regions: 0->0
[2025-08-21T22:18:39.668+0000][1692266][info ][gc,metaspace] GC(589) Metaspace: 142270K(148544K)->142270K(148544K) NonClass: 123309K(127104K)->123309K(127104K) Class: 18960K(21440K)->18960K(21440K)
[2025-08-21T22:18:39.668+0000][1692266][info ][gc          ] GC(589) Pause Young (Normal) (G1 Evacuation Pause) 391M->90M(512M) 31.551ms
[2025-08-21T22:18:39.668+0000][1692266][info ][gc,cpu      ] GC(589) User=0.00s Sys=0.00s Real=0.03s
[2025-08-21T22:18:39.669+0000][1692266][info ][safepoint   ] Safepoint "G1CollectForAllocation", Time since last: 94417117748 ns, Reaching safepoint: 30556 ns, Cleanup: 6529209 ns, At safepoint: 35848287 ns, Total: 42408052 ns
[2025-08-21T22:18:47.685+0000][1692266][info ][safepoint   ] Safepoint "Cleanup", Time since last: 8000502915 ns, Reaching safepoint: 16058887 ns, Cleanup: 9354 ns, At safepoint: 6230 ns, Total: 16074471 ns
[2025-08-21T22:18:48.701+0000][1692266][info ][safepoint   ] Safepoint "Cleanup", Time since last: 1000089674 ns, Reaching safepoint: 16144907 ns, Cleanup: 16725 ns, At safepoint: 5909 ns, Total: 16167541 ns
[2025-08-21T22:18:49.703+0000][1692266][info ][safepoint   ] Safepoint "Cleanup", Time since last: 1001288704 ns, Reaching safepoint: 72439 ns, Cleanup: 13751 ns, At safepoint: 4076 ns, Total: 90266 ns
[2025-08-21T22:18:50.713+0000][1692266][info ][safepoint   ] Safepoint "Cleanup", Time since last: 1000087511 ns, Reaching safepoint: 9712374 ns, Cleanup: 23356 ns, At safepoint: 5888 ns, Total: 9741618 ns
[2025-08-21T22:18:51.736+0000][1692266][info ][safepoint   ] Safepoint "Cleanup", Time since last: 1000078677 ns, Reaching safepoint: 23314393 ns, Cleanup: 9825 ns, At safepoint: 7281 ns, Total: 23331499 ns
[2025-08-21T22:18:52.742+0000][1692266][info ][safepoint   ] Safepoint "Cleanup", Time since last: 1000089593 ns, Reaching safepoint: 5771965 ns, Cleanup: 11949 ns, At safepoint: 5308 ns, Total: 5789222 ns
[2025-08-21T22:18:53.757+0000][1692266][info ][safepoint   ] Safepoint "Cleanup", Time since last: 1000090254 ns, Reaching safepoint: 14752745 ns, Cleanup: 12038 ns, At safepoint: 5909 ns, Total: 14770692 ns
[2025-08-21T22:18:54.757+0000][1692266][info ][safepoint   ] Safepoint "Cleanup", Time since last: 1000094812 ns, Reaching safepoint: 5919 ns, Cleanup: 10485 ns, At safepoint: 2114 ns, Total: 18518 ns
[2025-08-21T22:18:55.317+0000][1692266][info ][gc,start    ] GC(590) Pause Young (Normal) (G1 Evacuation Pause)
[2025-08-21T22:18:55.317+0000][1692266][info ][gc,task     ] GC(590) Using 1 workers of 1 for evacuation
[2025-08-21T22:18:55.317+0000][1692266][debug][gc,age      ] GC(590) Desired survivor size 20971520 bytes, new threshold 15 (max threshold 15)
[2025-08-21T22:18:55.413+0000][1692266][info ][gc,phases   ] GC(590)   Pre Evacuate Collection Set: 0.1ms
[2025-08-21T22:18:55.413+0000][1692266][info ][gc,phases   ] GC(590)   Merge Heap Roots: 0.0ms
[2025-08-21T22:18:55.413+0000][1692266][info ][gc,phases   ] GC(590)   Evacuate Collection Set: 92.8ms
[2025-08-21T22:18:55.413+0000][1692266][info ][gc,phases   ] GC(590)   Post Evacuate Collection Set: 2.9ms
[2025-08-21T22:18:55.413+0000][1692266][info ][gc,phases   ] GC(590)   Other: 0.0ms
[2025-08-21T22:18:55.413+0000][1692266][trace][gc,age      ] GC(590) Age table with threshold 15 (max threshold 15)
[2025-08-21T22:18:55.413+0000][1692266][trace][gc,age      ] GC(590) - age   1:   15608760 bytes,   15608760 total
[2025-08-21T22:18:55.413+0000][1692266][trace][gc,age      ] GC(590) - age   2:       8680 bytes,   15617440 total
[2025-08-21T22:18:55.413+0000][1692266][trace][gc,age      ] GC(590) - age   3:      36920 bytes,   15654360 total
[2025-08-21T22:18:55.413+0000][1692266][trace][gc,age      ] GC(590) - age   4:        552 bytes,   15654912 total
[2025-08-21T22:18:55.413+0000][1692266][trace][gc,age      ] GC(590) - age   5:        552 bytes,   15655464 total
[2025-08-21T22:18:55.413+0000][1692266][trace][gc,age      ] GC(590) - age   6:        576 bytes,   15656040 total
[2025-08-21T22:18:55.413+0000][1692266][trace][gc,age      ] GC(590) - age   7:        248 bytes,   15656288 total
[2025-08-21T22:18:55.413+0000][1692266][trace][gc,age      ] GC(590) - age   8:       2648 bytes,   15658936 total
[2025-08-21T22:18:55.413+0000][1692266][info ][gc,heap     ] GC(590) Eden regions: 75->0(72)
[2025-08-21T22:18:55.413+0000][1692266][info ][gc,heap     ] GC(590) Survivor regions: 1->4(10)
[2025-08-21T22:18:55.413+0000][1692266][info ][gc,heap     ] GC(590) Old regions: 23->23
[2025-08-21T22:18:55.413+0000][1692266][info ][gc,heap     ] GC(590) Humongous regions: 0->0
[2025-08-21T22:18:55.413+0000][1692266][info ][gc,metaspace] GC(590) Metaspace: 142282K(148544K)->142282K(148544K) NonClass: 123321K(127104K)->123321K(127104K) Class: 18960K(21440K)->18960K(21440K)
[2025-08-21T22:18:55.413+0000][1692266][info ][gc          ] GC(590) Pause Young (Normal) (G1 Evacuation Pause) 390M->105M(512M) 96.046ms
[2025-08-21T22:18:55.413+0000][1692266][info ][gc,cpu      ] GC(590) User=0.03s Sys=0.03s Real=0.09s
[2025-08-21T22:18:55.413+0000][1692266][info ][safepoint   ] Safepoint "G1CollectForAllocation", Time since last: 559858254 ns, Reaching safepoint: 577382 ns, Cleanup: 14232 ns, At safepoint: 96116306 ns, Total: 96707920 ns
[2025-08-21T22:18:56.413+0000][1692266][info ][safepoint   ] Safepoint "Cleanup", Time since last: 1000074801 ns, Reaching safepoint: 7151 ns, Cleanup: 11548 ns, At safepoint: 2143 ns, Total: 20842 ns
[2025-08-21T22:24:51.740+0000][1692266][info ][gc,start    ] GC(591) Pause Young (Normal) (G1 Evacuation Pause)
[2025-08-21T22:24:51.741+0000][1692266][info ][gc,task     ] GC(591) Using 1 workers of 1 for evacuation
[2025-08-21T22:24:51.741+0000][1692266][debug][gc,age      ] GC(591) Desired survivor size 20971520 bytes, new threshold 15 (max threshold 15)
[2025-08-21T22:24:51.743+0000][1692266][info ][gc,phases   ] GC(591)   Pre Evacuate Collection Set: 0.1ms
[2025-08-21T22:24:51.743+0000][1692266][info ][gc,phases   ] GC(591)   Merge Heap Roots: 0.0ms
[2025-08-21T22:24:51.743+0000][1692266][info ][gc,phases   ] GC(591)   Evacuate Collection Set: 1.1ms
[2025-08-21T22:24:51.743+0000][1692266][info ][gc,phases   ] GC(591)   Post Evacuate Collection Set: 0.8ms
[2025-08-21T22:24:51.743+0000][1692266][info ][gc,phases   ] GC(591)   Other: 0.0ms
[2025-08-21T22:24:51.743+0000][1692266][trace][gc,age      ] GC(591) Age table with threshold 15 (max threshold 15)
[2025-08-21T22:24:51.743+0000][1692266][trace][gc,age      ] GC(591) - age   1:      19560 bytes,      19560 total
[2025-08-21T22:24:51.743+0000][1692266][trace][gc,age      ] GC(591) - age   2:     121128 bytes,     140688 total
[2025-08-21T22:24:51.743+0000][1692266][trace][gc,age      ] GC(591) - age   3:        296 bytes,     140984 total
[2025-08-21T22:24:51.743+0000][1692266][trace][gc,age      ] GC(591) - age   4:      36920 bytes,     177904 total
[2025-08-21T22:24:51.743+0000][1692266][trace][gc,age      ] GC(591) - age   7:        576 bytes,     178480 total
[2025-08-21T22:24:51.743+0000][1692266][trace][gc,age      ] GC(591) - age   8:        248 bytes,     178728 total
[2025-08-21T22:24:51.743+0000][1692266][trace][gc,age      ] GC(591) - age   9:       2648 bytes,     181376 total
[2025-08-21T22:24:51.743+0000][1692266][info ][gc,heap     ] GC(591) Eden regions: 72->0(75)
[2025-08-21T22:24:51.743+0000][1692266][info ][gc,heap     ] GC(591) Survivor regions: 4->1(10)
[2025-08-21T22:24:51.743+0000][1692266][info ][gc,heap     ] GC(591) Old regions: 23->23
[2025-08-21T22:24:51.743+0000][1692266][info ][gc,heap     ] GC(591) Humongous regions: 0->0
[2025-08-21T22:24:51.743+0000][1692266][info ][gc,metaspace] GC(591) Metaspace: 142284K(148544K)->142284K(148544K) NonClass: 123323K(127104K)->123323K(127104K) Class: 18960K(21440K)->18960K(21440K)
[2025-08-21T22:24:51.743+0000][1692266][info ][gc          ] GC(591) Pause Young (Normal) (G1 Evacuation Pause) 393M->91M(512M) 2.571ms
[2025-08-21T22:24:51.743+0000][1692266][info ][gc,cpu      ] GC(591) User=0.01s Sys=0.00s Real=0.00s
[2025-08-21T22:24:51.743+0000][1692266][info ][safepoint   ] Safepoint "G1CollectForAllocation", Time since last: 355326728796 ns, Reaching safepoint: 9033 ns, Cleanup: 3976 ns, At safepoint: 2609551 ns, Total: 2622560 ns
[2025-08-21T22:27:55.774+0000][1692266][info ][safepoint   ] Safepoint "Cleanup", Time since last: 184014126712 ns, Reaching safepoint: 16210956 ns, Cleanup: 968052 ns, At safepoint: 5278 ns, Total: 17184286 ns
[2025-08-21T22:27:57.784+0000][1692266][info ][safepoint   ] Safepoint "Cleanup", Time since last: 2000661679 ns, Reaching safepoint: 9015522 ns, Cleanup: 13501 ns, At safepoint: 4326 ns, Total: 9033349 ns
[2025-08-21T22:27:58.215+0000][1692266][info ][gc,start    ] GC(592) Pause Young (Normal) (G1 Evacuation Pause)
[2025-08-21T22:27:58.218+0000][1692266][info ][gc,task     ] GC(592) Using 1 workers of 1 for evacuation
[2025-08-21T22:27:58.218+0000][1692266][debug][gc,age      ] GC(592) Desired survivor size 20971520 bytes, new threshold 15 (max threshold 15)
[2025-08-21T22:27:58.237+0000][1692266][info ][gc,phases   ] GC(592)   Pre Evacuate Collection Set: 2.0ms
[2025-08-21T22:27:58.237+0000][1692266][info ][gc,phases   ] GC(592)   Merge Heap Roots: 0.4ms
[2025-08-21T22:27:58.239+0000][1692266][info ][gc,phases   ] GC(592)   Evacuate Collection Set: 10.0ms
[2025-08-21T22:27:58.239+0000][1692266][info ][gc,phases   ] GC(592)   Post Evacuate Collection Set: 4.9ms
[2025-08-21T22:27:58.240+0000][1692266][info ][gc,phases   ] GC(592)   Other: 2.0ms
[2025-08-21T22:27:58.240+0000][1692266][trace][gc,age      ] GC(592) Age table with threshold 15 (max threshold 15)
[2025-08-21T22:27:58.240+0000][1692266][trace][gc,age      ] GC(592) - age   1:   15398896 bytes,   15398896 total
[2025-08-21T22:27:58.240+0000][1692266][trace][gc,age      ] GC(592) - age   2:       1184 bytes,   15400080 total
[2025-08-21T22:27:58.240+0000][1692266][trace][gc,age      ] GC(592) - age   3:     118200 bytes,   15518280 total
[2025-08-21T22:27:58.240+0000][1692266][trace][gc,age      ] GC(592) - age   5:      36888 bytes,   15555168 total
[2025-08-21T22:27:58.240+0000][1692266][trace][gc,age      ] GC(592) - age   8:        576 bytes,   15555744 total
[2025-08-21T22:27:58.240+0000][1692266][trace][gc,age      ] GC(592) - age   9:        248 bytes,   15555992 total
[2025-08-21T22:27:58.240+0000][1692266][trace][gc,age      ] GC(592) - age  10:       2648 bytes,   15558640 total
[2025-08-21T22:27:58.240+0000][1692266][info ][gc,heap     ] GC(592) Eden regions: 75->0(72)
[2025-08-21T22:27:58.240+0000][1692266][info ][gc,heap     ] GC(592) Survivor regions: 1->4(10)
[2025-08-21T22:27:58.240+0000][1692266][info ][gc,heap     ] GC(592) Old regions: 23->23
[2025-08-21T22:27:58.240+0000][1692266][info ][gc,heap     ] GC(592) Humongous regions: 0->0
[2025-08-21T22:27:58.240+0000][1692266][info ][gc,metaspace] GC(592) Metaspace: 142294K(148544K)->142294K(148544K) NonClass: 123333K(127104K)->123333K(127104K) Class: 18960K(21440K)->18960K(21440K)
[2025-08-21T22:27:58.240+0000][1692266][info ][gc          ] GC(592) Pause Young (Normal) (G1 Evacuation Pause) 391M->106M(512M) 25.774ms
[2025-08-21T22:27:58.240+0000][1692266][info ][gc,cpu      ] GC(592) User=0.00s Sys=0.00s Real=0.03s
[2025-08-21T22:27:58.240+0000][1692266][info ][safepoint   ] Safepoint "G1CollectForAllocation", Time since last: 427058520 ns, Reaching safepoint: 2371350 ns, Cleanup: 2614 ns, At safepoint: 27118235 ns, Total: 29492199 ns
[2025-08-21T22:27:59.255+0000][1692266][info ][safepoint   ] Safepoint "Cleanup", Time since last: 1000070592 ns, Reaching safepoint: 14735118 ns, Cleanup: 16295 ns, At safepoint: 5178 ns, Total: 14756591 ns
[2025-08-21T22:28:00.273+0000][1692266][info ][safepoint   ] Safepoint "Cleanup", Time since last: 1000091232 ns, Reaching safepoint: 17928671 ns, Cleanup: 21913 ns, At safepoint: 6680 ns, Total: 17957264 ns
[2025-08-21T22:28:01.277+0000][1692266][info ][safepoint   ] Safepoint "Cleanup", Time since last: 1000091914 ns, Reaching safepoint: 3177287 ns, Cleanup: 9224 ns, At safepoint: 3846 ns, Total: 3190357 ns
[2025-08-21T22:28:05.277+0000][1692266][info ][safepoint   ] Safepoint "Cleanup", Time since last: 4000266522 ns, Reaching safepoint: 32719 ns, Cleanup: 29084 ns, At safepoint: 2344 ns, Total: 64147 ns
[2025-08-21T22:28:05.499+0000][1692266][info ][gc,start    ] GC(593) Pause Young (Normal) (G1 Evacuation Pause)
[2025-08-21T22:28:05.499+0000][1692266][info ][gc,task     ] GC(593) Using 1 workers of 1 for evacuation
[2025-08-21T22:28:05.499+0000][1692266][debug][gc,age      ] GC(593) Desired survivor size 20971520 bytes, new threshold 15 (max threshold 15)
[2025-08-21T22:28:05.505+0000][1692266][info ][gc,phases   ] GC(593)   Pre Evacuate Collection Set: 0.1ms
[2025-08-21T22:28:05.505+0000][1692266][info ][gc,phases   ] GC(593)   Merge Heap Roots: 0.0ms
[2025-08-21T22:28:05.505+0000][1692266][info ][gc,phases   ] GC(593)   Evacuate Collection Set: 4.9ms
[2025-08-21T22:28:05.505+0000][1692266][info ][gc,phases   ] GC(593)   Post Evacuate Collection Set: 1.0ms
[2025-08-21T22:28:05.505+0000][1692266][info ][gc,phases   ] GC(593)   Other: 0.0ms
[2025-08-21T22:28:05.505+0000][1692266][trace][gc,age      ] GC(593) Age table with threshold 15 (max threshold 15)
[2025-08-21T22:28:05.505+0000][1692266][trace][gc,age      ] GC(593) - age   1:    5337568 bytes,    5337568 total
[2025-08-21T22:28:05.505+0000][1692266][trace][gc,age      ] GC(593) - age   2:     115416 bytes,    5452984 total
[2025-08-21T22:28:05.505+0000][1692266][trace][gc,age      ] GC(593) - age   3:       1104 bytes,    5454088 total
[2025-08-21T22:28:05.505+0000][1692266][trace][gc,age      ] GC(593) - age   4:     118008 bytes,    5572096 total
[2025-08-21T22:28:05.505+0000][1692266][trace][gc,age      ] GC(593) - age   6:      36808 bytes,    5608904 total
[2025-08-21T22:28:05.506+0000][1692266][trace][gc,age      ] GC(593) - age   9:        576 bytes,    5609480 total
[2025-08-21T22:28:05.506+0000][1692266][trace][gc,age      ] GC(593) - age  10:        248 bytes,    5609728 total
[2025-08-21T22:28:05.506+0000][1692266][trace][gc,age      ] GC(593) - age  11:       2648 bytes,    5612376 total
[2025-08-21T22:28:05.506+0000][1692266][info ][gc,heap     ] GC(593) Eden regions: 72->0(74)
[2025-08-21T22:28:05.506+0000][1692266][info ][gc,heap     ] GC(593) Survivor regions: 4->2(10)
[2025-08-21T22:28:05.506+0000][1692266][info ][gc,heap     ] GC(593) Old regions: 23->23
[2025-08-21T22:28:05.506+0000][1692266][info ][gc,heap     ] GC(593) Humongous regions: 0->0
[2025-08-21T22:28:05.506+0000][1692266][info ][gc,metaspace] GC(593) Metaspace: 142330K(148544K)->142330K(148544K) NonClass: 123370K(127104K)->123370K(127104K) Class: 18960K(21440K)->18960K(21440K)
[2025-08-21T22:28:05.506+0000][1692266][info ][gc          ] GC(593) Pause Young (Normal) (G1 Evacuation Pause) 394M->96M(512M) 6.102ms
[2025-08-21T22:28:05.506+0000][1692266][info ][gc,cpu      ] GC(593) User=0.00s Sys=0.00s Real=0.01s
[2025-08-21T22:28:05.506+0000][1692266][info ][safepoint   ] Safepoint "G1CollectForAllocation", Time since last: 222535433 ns, Reaching safepoint: 6009 ns, Cleanup: 3044 ns, At safepoint: 6142224 ns, Total: 6151277 ns
[2025-08-21T22:28:07.506+0000][1692266][info ][safepoint   ] Safepoint "Cleanup", Time since last: 2000205861 ns, Reaching safepoint: 169326 ns, Cleanup: 15113 ns, At safepoint: 2543 ns, Total: 186982 ns
[2025-08-21T22:28:08.506+0000][1692266][info ][safepoint   ] Safepoint "Cleanup", Time since last: 1000088038 ns, Reaching safepoint: 40702 ns, Cleanup: 10486 ns, At safepoint: 1933 ns, Total: 53121 ns
[2025-08-21T22:28:10.506+0000][1692266][info ][safepoint   ] Safepoint "Cleanup", Time since last: 2000148023 ns, Reaching safepoint: 6420 ns, Cleanup: 11697 ns, At safepoint: 2184 ns, Total: 20301 ns
[2025-08-21T22:28:11.506+0000][1692266][info ][safepoint   ] Safepoint "Cleanup", Time since last: 1000092905 ns, Reaching safepoint: 11117 ns, Cleanup: 13129 ns, At safepoint: 2524 ns, Total: 26770 ns
[2025-08-21T22:28:11.970+0000][1692266][info ][gc,start    ] GC(594) Pause Young (Normal) (G1 Evacuation Pause)
[2025-08-21T22:28:11.970+0000][1692266][info ][gc,task     ] GC(594) Using 1 workers of 1 for evacuation
[2025-08-21T22:28:11.970+0000][1692266][debug][gc,age      ] GC(594) Desired survivor size 20971520 bytes, new threshold 15 (max threshold 15)
[2025-08-21T22:28:11.980+0000][1692266][info ][gc,phases   ] GC(594)   Pre Evacuate Collection Set: 0.1ms
[2025-08-21T22:28:11.980+0000][1692266][info ][gc,phases   ] GC(594)   Merge Heap Roots: 0.0ms
[2025-08-21T22:28:11.980+0000][1692266][info ][gc,phases   ] GC(594)   Evacuate Collection Set: 8.7ms
[2025-08-21T22:28:11.980+0000][1692266][info ][gc,phases   ] GC(594)   Post Evacuate Collection Set: 1.3ms
[2025-08-21T22:28:11.980+0000][1692266][info ][gc,phases   ] GC(594)   Other: 0.0ms
[2025-08-21T22:28:11.980+0000][1692266][trace][gc,age      ] GC(594) Age table with threshold 15 (max threshold 15)
[2025-08-21T22:28:11.980+0000][1692266][trace][gc,age      ] GC(594) - age   1:   14414176 bytes,   14414176 total
[2025-08-21T22:28:11.980+0000][1692266][trace][gc,age      ] GC(594) - age   2:      23592 bytes,   14437768 total
[2025-08-21T22:28:11.980+0000][1692266][trace][gc,age      ] GC(594) - age   3:     109920 bytes,   14547688 total
[2025-08-21T22:28:11.980+0000][1692266][trace][gc,age      ] GC(594) - age   4:       1104 bytes,   14548792 total
[2025-08-21T22:28:11.980+0000][1692266][trace][gc,age      ] GC(594) - age   5:     118008 bytes,   14666800 total
[2025-08-21T22:28:11.980+0000][1692266][trace][gc,age      ] GC(594) - age   7:      36808 bytes,   14703608 total
[2025-08-21T22:28:11.980+0000][1692266][trace][gc,age      ] GC(594) - age  10:        576 bytes,   14704184 total
[2025-08-21T22:28:11.980+0000][1692266][trace][gc,age      ] GC(594) - age  11:        248 bytes,   14704432 total
[2025-08-21T22:28:11.980+0000][1692266][trace][gc,age      ] GC(594) - age  12:       2648 bytes,   14707080 total
[2025-08-21T22:28:11.980+0000][1692266][info ][gc,heap     ] GC(594) Eden regions: 74->0(72)
[2025-08-21T22:28:11.980+0000][1692266][info ][gc,heap     ] GC(594) Survivor regions: 2->4(10)
[2025-08-21T22:28:11.980+0000][1692266][info ][gc,heap     ] GC(594) Old regions: 23->23
[2025-08-21T22:28:11.980+0000][1692266][info ][gc,heap     ] GC(594) Humongous regions: 0->0
[2025-08-21T22:28:11.980+0000][1692266][info ][gc,metaspace] GC(594) Metaspace: 142345K(148544K)->142345K(148544K) NonClass: 123384K(127104K)->123384K(127104K) Class: 18960K(21440K)->18960K(21440K)
[2025-08-21T22:28:11.980+0000][1692266][info ][gc          ] GC(594) Pause Young (Normal) (G1 Evacuation Pause) 392M->106M(512M) 10.318ms
[2025-08-21T22:28:11.980+0000][1692266][info ][gc,cpu      ] GC(594) User=0.00s Sys=0.01s Real=0.01s
[2025-08-21T22:28:11.980+0000][1692266][info ][safepoint   ] Safepoint "G1CollectForAllocation", Time since last: 440395106 ns, Reaching safepoint: 23137415 ns, Cleanup: 11908 ns, At safepoint: 10372371 ns, Total: 33521694 ns
[2025-08-21T22:28:13.986+0000][1692266][info ][safepoint   ] Safepoint "Cleanup", Time since last: 2000128264 ns, Reaching safepoint: 5786857 ns, Cleanup: 11908 ns, At safepoint: 3315 ns, Total: 5802080 ns
[2025-08-21T22:28:14.986+0000][1692266][info ][safepoint   ] Safepoint "Cleanup", Time since last: 1000088188 ns, Reaching safepoint: 6470 ns, Cleanup: 17236 ns, At safepoint: 2354 ns, Total: 26060 ns
[2025-08-21T22:28:15.986+0000][1692266][info ][safepoint   ] Safepoint "Cleanup", Time since last: 1000102089 ns, Reaching safepoint: 6249 ns, Cleanup: 8924 ns, At safepoint: 2293 ns, Total: 17466 ns
[2025-08-21T22:28:16.510+0000][1692266][info ][gc,start    ] GC(595) Pause Young (Normal) (G1 Evacuation Pause)
[2025-08-21T22:28:16.510+0000][1692266][info ][gc,task     ] GC(595) Using 1 workers of 1 for evacuation
[2025-08-21T22:28:16.510+0000][1692266][debug][gc,age      ] GC(595) Desired survivor size 20971520 bytes, new threshold 15 (max threshold 15)
[2025-08-21T22:28:16.513+0000][1692266][info ][gc,phases   ] GC(595)   Pre Evacuate Collection Set: 0.0ms
[2025-08-21T22:28:16.513+0000][1692266][info ][gc,phases   ] GC(595)   Merge Heap Roots: 0.0ms
[2025-08-21T22:28:16.513+0000][1692266][info ][gc,phases   ] GC(595)   Evacuate Collection Set: 2.7ms
[2025-08-21T22:28:16.513+0000][1692266][info ][gc,phases   ] GC(595)   Post Evacuate Collection Set: 0.8ms
[2025-08-21T22:28:16.513+0000][1692266][info ][gc,phases   ] GC(595)   Other: 0.0ms
[2025-08-21T22:28:16.513+0000][1692266][trace][gc,age      ] GC(595) Age table with threshold 15 (max threshold 15)
[2025-08-21T22:28:16.513+0000][1692266][trace][gc,age      ] GC(595) - age   1:    6503728 bytes,    6503728 total
[2025-08-21T22:28:16.513+0000][1692266][trace][gc,age      ] GC(595) - age   2:       6664 bytes,    6510392 total
[2025-08-21T22:28:16.513+0000][1692266][trace][gc,age      ] GC(595) - age   3:      17472 bytes,    6527864 total
[2025-08-21T22:28:16.513+0000][1692266][trace][gc,age      ] GC(595) - age   4:     109144 bytes,    6637008 total
[2025-08-21T22:28:16.513+0000][1692266][trace][gc,age      ] GC(595) - age   5:       1104 bytes,    6638112 total
[2025-08-21T22:28:16.513+0000][1692266][trace][gc,age      ] GC(595) - age   6:     118008 bytes,    6756120 total
[2025-08-21T22:28:16.513+0000][1692266][trace][gc,age      ] GC(595) - age   8:      36808 bytes,    6792928 total
[2025-08-21T22:28:16.513+0000][1692266][trace][gc,age      ] GC(595) - age  11:        576 bytes,    6793504 total
[2025-08-21T22:28:16.513+0000][1692266][trace][gc,age      ] GC(595) - age  12:        248 bytes,    6793752 total
[2025-08-21T22:28:16.513+0000][1692266][trace][gc,age      ] GC(595) - age  13:       2648 bytes,    6796400 total
[2025-08-21T22:28:16.513+0000][1692266][info ][gc,heap     ] GC(595) Eden regions: 72->0(74)
[2025-08-21T22:28:16.513+0000][1692266][info ][gc,heap     ] GC(595) Survivor regions: 4->2(10)
[2025-08-21T22:28:16.513+0000][1692266][info ][gc,heap     ] GC(595) Old regions: 23->23
[2025-08-21T22:28:16.513+0000][1692266][info ][gc,heap     ] GC(595) Humongous regions: 0->0
[2025-08-21T22:28:16.513+0000][1692266][info ][gc,metaspace] GC(595) Metaspace: 142350K(148544K)->142350K(148544K) NonClass: 123389K(127104K)->123389K(127104K) Class: 18960K(21440K)->18960K(21440K)
[2025-08-21T22:28:16.513+0000][1692266][info ][gc          ] GC(595) Pause Young (Normal) (G1 Evacuation Pause) 394M->98M(512M) 3.730ms
[2025-08-21T22:28:16.513+0000][1692266][info ][gc,cpu      ] GC(595) User=0.00s Sys=0.01s Real=0.00s
[2025-08-21T22:28:16.513+0000][1692266][info ][safepoint   ] Safepoint "G1CollectForAllocation", Time since last: 523186321 ns, Reaching safepoint: 5278 ns, Cleanup: 9414 ns, At safepoint: 3772426 ns, Total: 3787118 ns
[2025-08-21T22:28:17.519+0000][1692266][info ][safepoint   ] Safepoint "Cleanup", Time since last: 1000069450 ns, Reaching safepoint: 5264940 ns, Cleanup: 21662 ns, At safepoint: 3586 ns, Total: 5290188 ns
[2025-08-21T22:28:18.519+0000][1692266][info ][safepoint   ] Safepoint "Cleanup", Time since last: 1000088168 ns, Reaching safepoint: 34792 ns, Cleanup: 16485 ns, At safepoint: 1793 ns, Total: 53070 ns
[2025-08-21T22:28:18.662+0000][1692266][info ][gc,start    ] GC(596) Pause Young (Normal) (G1 Evacuation Pause)
[2025-08-21T22:28:18.662+0000][1692266][info ][gc,task     ] GC(596) Using 1 workers of 1 for evacuation
[2025-08-21T22:28:18.662+0000][1692266][debug][gc,age      ] GC(596) Desired survivor size 20971520 bytes, new threshold 15 (max threshold 15)
[2025-08-21T22:28:18.681+0000][1692266][info ][gc,phases   ] GC(596)   Pre Evacuate Collection Set: 0.0ms
[2025-08-21T22:28:18.681+0000][1692266][info ][gc,phases   ] GC(596)   Merge Heap Roots: 0.0ms
[2025-08-21T22:28:18.681+0000][1692266][info ][gc,phases   ] GC(596)   Evacuate Collection Set: 17.7ms
[2025-08-21T22:28:18.681+0000][1692266][info ][gc,phases   ] GC(596)   Post Evacuate Collection Set: 1.0ms
[2025-08-21T22:28:18.681+0000][1692266][info ][gc,phases   ] GC(596)   Other: 0.0ms
[2025-08-21T22:28:18.681+0000][1692266][trace][gc,age      ] GC(596) Age table with threshold 15 (max threshold 15)
[2025-08-21T22:28:18.681+0000][1692266][trace][gc,age      ] GC(596) - age   1:   18575384 bytes,   18575384 total
[2025-08-21T22:28:18.681+0000][1692266][trace][gc,age      ] GC(596) - age   2:       7856 bytes,   18583240 total
[2025-08-21T22:28:18.681+0000][1692266][trace][gc,age      ] GC(596) - age   3:        824 bytes,   18584064 total
[2025-08-21T22:28:18.681+0000][1692266][trace][gc,age      ] GC(596) - age   4:      17472 bytes,   18601536 total
[2025-08-21T22:28:18.681+0000][1692266][trace][gc,age      ] GC(596) - age   5:     109144 bytes,   18710680 total
[2025-08-21T22:28:18.681+0000][1692266][trace][gc,age      ] GC(596) - age   6:       1104 bytes,   18711784 total
[2025-08-21T22:28:18.681+0000][1692266][trace][gc,age      ] GC(596) - age   7:     118008 bytes,   18829792 total
[2025-08-21T22:28:18.681+0000][1692266][trace][gc,age      ] GC(596) - age   9:      36808 bytes,   18866600 total
[2025-08-21T22:28:18.681+0000][1692266][trace][gc,age      ] GC(596) - age  12:        576 bytes,   18867176 total
[2025-08-21T22:28:18.681+0000][1692266][trace][gc,age      ] GC(596) - age  13:        248 bytes,   18867424 total
[2025-08-21T22:28:18.681+0000][1692266][trace][gc,age      ] GC(596) - age  14:       2648 bytes,   18870072 total
[2025-08-21T22:28:18.681+0000][1692266][info ][gc,heap     ] GC(596) Eden regions: 74->0(71)
[2025-08-21T22:28:18.681+0000][1692266][info ][gc,heap     ] GC(596) Survivor regions: 2->5(10)
[2025-08-21T22:28:18.681+0000][1692266][info ][gc,heap     ] GC(596) Old regions: 23->23
[2025-08-21T22:28:18.681+0000][1692266][info ][gc,heap     ] GC(596) Humongous regions: 0->0
[2025-08-21T22:28:18.681+0000][1692266][info ][gc,metaspace] GC(596) Metaspace: 142359K(148544K)->142359K(148544K) NonClass: 123399K(127104K)->123399K(127104K) Class: 18960K(21440K)->18960K(21440K)
[2025-08-21T22:28:18.681+0000][1692266][info ][gc          ] GC(596) Pause Young (Normal) (G1 Evacuation Pause) 394M->110M(512M) 18.881ms
[2025-08-21T22:28:18.681+0000][1692266][info ][gc,cpu      ] GC(596) User=0.00s Sys=0.01s Real=0.02s
[2025-08-21T22:28:18.681+0000][1692266][info ][safepoint   ] Safepoint "G1CollectForAllocation", Time since last: 126102811 ns, Reaching safepoint: 16804993 ns, Cleanup: 5579 ns, At safepoint: 18936291 ns, Total: 35746863 ns
[2025-08-21T22:28:19.693+0000][1692266][info ][safepoint   ] Safepoint "Cleanup", Time since last: 1000068629 ns, Reaching safepoint: 12616650 ns, Cleanup: 19018 ns, At safepoint: 5399 ns, Total: 12641067 ns
[2025-08-21T22:28:19.703+0000][1692266][info ][gc,start    ] GC(597) Pause Young (Normal) (G1 Evacuation Pause)
[2025-08-21T22:28:19.703+0000][1692266][info ][gc,task     ] GC(597) Using 1 workers of 1 for evacuation
[2025-08-21T22:28:19.703+0000][1692266][debug][gc,age      ] GC(597) Desired survivor size 20971520 bytes, new threshold 15 (max threshold 15)
[2025-08-21T22:28:19.707+0000][1692266][info ][gc,phases   ] GC(597)   Pre Evacuate Collection Set: 0.0ms
[2025-08-21T22:28:19.707+0000][1692266][info ][gc,phases   ] GC(597)   Merge Heap Roots: 0.0ms
[2025-08-21T22:28:19.707+0000][1692266][info ][gc,phases   ] GC(597)   Evacuate Collection Set: 2.2ms
[2025-08-21T22:28:19.707+0000][1692266][info ][gc,phases   ] GC(597)   Post Evacuate Collection Set: 1.5ms
[2025-08-21T22:28:19.707+0000][1692266][info ][gc,phases   ] GC(597)   Other: 0.0ms
[2025-08-21T22:28:19.707+0000][1692266][trace][gc,age      ] GC(597) Age table with threshold 15 (max threshold 15)
[2025-08-21T22:28:19.707+0000][1692266][trace][gc,age      ] GC(597) - age   1:    7167248 bytes,    7167248 total
[2025-08-21T22:28:19.707+0000][1692266][trace][gc,age      ] GC(597) - age   2:       7016 bytes,    7174264 total
[2025-08-21T22:28:19.707+0000][1692266][trace][gc,age      ] GC(597) - age   3:       2128 bytes,    7176392 total
[2025-08-21T22:28:19.707+0000][1692266][trace][gc,age      ] GC(597) - age   4:        824 bytes,    7177216 total
[2025-08-21T22:28:19.707+0000][1692266][trace][gc,age      ] GC(597) - age   5:      17472 bytes,    7194688 total
[2025-08-21T22:28:19.707+0000][1692266][trace][gc,age      ] GC(597) - age   6:     109144 bytes,    7303832 total
[2025-08-21T22:28:19.707+0000][1692266][trace][gc,age      ] GC(597) - age   7:       1104 bytes,    7304936 total
[2025-08-21T22:28:19.707+0000][1692266][trace][gc,age      ] GC(597) - age   8:     118008 bytes,    7422944 total
[2025-08-21T22:28:19.707+0000][1692266][trace][gc,age      ] GC(597) - age  10:      36808 bytes,    7459752 total
[2025-08-21T22:28:19.707+0000][1692266][trace][gc,age      ] GC(597) - age  13:        576 bytes,    7460328 total
[2025-08-21T22:28:19.707+0000][1692266][trace][gc,age      ] GC(597) - age  14:        248 bytes,    7460576 total
[2025-08-21T22:28:19.707+0000][1692266][trace][gc,age      ] GC(597) - age  15:       2648 bytes,    7463224 total
[2025-08-21T22:28:19.707+0000][1692266][info ][gc,heap     ] GC(597) Eden regions: 71->0(74)
[2025-08-21T22:28:19.707+0000][1692266][info ][gc,heap     ] GC(597) Survivor regions: 5->2(10)
[2025-08-21T22:28:19.707+0000][1692266][info ][gc,heap     ] GC(597) Old regions: 23->23
[2025-08-21T22:28:19.707+0000][1692266][info ][gc,heap     ] GC(597) Humongous regions: 0->0
[2025-08-21T22:28:19.707+0000][1692266][info ][gc,metaspace] GC(597) Metaspace: 142389K(148544K)->142389K(148544K) NonClass: 123429K(127104K)->123429K(127104K) Class: 18960K(21440K)->18960K(21440K)
[2025-08-21T22:28:19.707+0000][1692266][info ][gc          ] GC(597) Pause Young (Normal) (G1 Evacuation Pause) 394M->98M(512M) 3.843ms
[2025-08-21T22:28:19.707+0000][1692266][info ][gc,cpu      ] GC(597) User=0.00s Sys=0.00s Real=0.01s
[2025-08-21T22:28:19.707+0000][1692266][info ][safepoint   ] Safepoint "G1CollectForAllocation", Time since last: 4982983 ns, Reaching safepoint: 4294024 ns, Cleanup: 2053 ns, At safepoint: 3890444 ns, Total: 8186521 ns
[2025-08-21T22:28:21.490+0000][1692266][info ][gc,start    ] GC(598) Pause Young (Normal) (G1 Evacuation Pause)
[2025-08-21T22:28:21.490+0000][1692266][info ][gc,task     ] GC(598) Using 1 workers of 1 for evacuation
[2025-08-21T22:28:21.490+0000][1692266][debug][gc,age      ] GC(598) Desired survivor size 20971520 bytes, new threshold 15 (max threshold 15)
[2025-08-21T22:28:21.494+0000][1692266][info ][gc,phases   ] GC(598)   Pre Evacuate Collection Set: 0.1ms
[2025-08-21T22:28:21.494+0000][1692266][info ][gc,phases   ] GC(598)   Merge Heap Roots: 0.0ms
[2025-08-21T22:28:21.494+0000][1692266][info ][gc,phases   ] GC(598)   Evacuate Collection Set: 2.3ms
[2025-08-21T22:28:21.494+0000][1692266][info ][gc,phases   ] GC(598)   Post Evacuate Collection Set: 1.0ms
[2025-08-21T22:28:21.494+0000][1692266][info ][gc,phases   ] GC(598)   Other: 0.0ms
[2025-08-21T22:28:21.494+0000][1692266][trace][gc,age      ] GC(598) Age table with threshold 15 (max threshold 15)
[2025-08-21T22:28:21.494+0000][1692266][trace][gc,age      ] GC(598) - age   1:    7012272 bytes,    7012272 total
[2025-08-21T22:28:21.494+0000][1692266][trace][gc,age      ] GC(598) - age   2:       6040 bytes,    7018312 total
[2025-08-21T22:28:21.494+0000][1692266][trace][gc,age      ] GC(598) - age   3:       1352 bytes,    7019664 total
[2025-08-21T22:28:21.494+0000][1692266][trace][gc,age      ] GC(598) - age   4:       1760 bytes,    7021424 total
[2025-08-21T22:28:21.494+0000][1692266][trace][gc,age      ] GC(598) - age   5:        584 bytes,    7022008 total
[2025-08-21T22:28:21.494+0000][1692266][trace][gc,age      ] GC(598) - age   6:      17472 bytes,    7039480 total
[2025-08-21T22:28:21.494+0000][1692266][trace][gc,age      ] GC(598) - age   7:     109144 bytes,    7148624 total
[2025-08-21T22:28:21.494+0000][1692266][trace][gc,age      ] GC(598) - age   8:       1104 bytes,    7149728 total
[2025-08-21T22:28:21.494+0000][1692266][trace][gc,age      ] GC(598) - age   9:     118008 bytes,    7267736 total
[2025-08-21T22:28:21.494+0000][1692266][trace][gc,age      ] GC(598) - age  11:      36808 bytes,    7304544 total
[2025-08-21T22:28:21.494+0000][1692266][trace][gc,age      ] GC(598) - age  14:        576 bytes,    7305120 total
[2025-08-21T22:28:21.494+0000][1692266][trace][gc,age      ] GC(598) - age  15:        248 bytes,    7305368 total
[2025-08-21T22:28:21.494+0000][1692266][info ][gc,heap     ] GC(598) Eden regions: 74->0(74)
[2025-08-21T22:28:21.494+0000][1692266][info ][gc,heap     ] GC(598) Survivor regions: 2->2(10)
[2025-08-21T22:28:21.494+0000][1692266][info ][gc,heap     ] GC(598) Old regions: 23->23
[2025-08-21T22:28:21.494+0000][1692266][info ][gc,heap     ] GC(598) Humongous regions: 0->0
[2025-08-21T22:28:21.494+0000][1692266][info ][gc,metaspace] GC(598) Metaspace: 142395K(148544K)->142395K(148544K) NonClass: 123434K(127104K)->123434K(127104K) Class: 18960K(21440K)->18960K(21440K)
[2025-08-21T22:28:21.494+0000][1692266][info ][gc          ] GC(598) Pause Young (Normal) (G1 Evacuation Pause) 394M->98M(512M) 3.547ms
[2025-08-21T22:28:21.494+0000][1692266][info ][gc,cpu      ] GC(598) User=0.00s Sys=0.00s Real=0.00s
[2025-08-21T22:28:21.494+0000][1692266][info ][safepoint   ] Safepoint "G1CollectForAllocation", Time since last: 1783581032 ns, Reaching safepoint: 5979 ns, Cleanup: 14632 ns, At safepoint: 3594648 ns, Total: 3615259 ns
[2025-08-21T22:29:46.735+0000][1692266][info ][safepoint   ] Safepoint "Cleanup", Time since last: 85241253716 ns, Reaching safepoint: 43145 ns, Cleanup: 10787 ns, At safepoint: 4727 ns, Total: 58659 ns
[2025-08-21T22:29:54.736+0000][1692266][info ][safepoint   ] Safepoint "Cleanup", Time since last: 8000723612 ns, Reaching safepoint: 42574 ns, Cleanup: 10817 ns, At safepoint: 2113 ns, Total: 55504 ns
[2025-08-21T22:30:13.737+0000][1692266][info ][safepoint   ] Safepoint "Cleanup", Time since last: 19001104261 ns, Reaching safepoint: 42224 ns, Cleanup: 10806 ns, At safepoint: 2164 ns, Total: 55194 ns
[2025-08-21T22:30:16.737+0000][1692266][info ][safepoint   ] Safepoint "Cleanup", Time since last: 3000205865 ns, Reaching safepoint: 34172 ns, Cleanup: 14692 ns, At safepoint: 7421 ns, Total: 56285 ns
[2025-08-21T22:34:54.615+0000][1692266][info ][gc,start    ] GC(599) Pause Young (Normal) (G1 Evacuation Pause)
[2025-08-21T22:34:54.616+0000][1692266][info ][gc,task     ] GC(599) Using 1 workers of 1 for evacuation
[2025-08-21T22:34:54.616+0000][1692266][debug][gc,age      ] GC(599) Desired survivor size 20971520 bytes, new threshold 15 (max threshold 15)
[2025-08-21T22:34:54.618+0000][1692266][info ][gc,phases   ] GC(599)   Pre Evacuate Collection Set: 0.1ms
[2025-08-21T22:34:54.618+0000][1692266][info ][gc,phases   ] GC(599)   Merge Heap Roots: 0.0ms
[2025-08-21T22:34:54.618+0000][1692266][info ][gc,phases   ] GC(599)   Evacuate Collection Set: 1.3ms
[2025-08-21T22:34:54.618+0000][1692266][info ][gc,phases   ] GC(599)   Post Evacuate Collection Set: 0.8ms
[2025-08-21T22:34:54.618+0000][1692266][info ][gc,phases   ] GC(599)   Other: 0.0ms
[2025-08-21T22:34:54.618+0000][1692266][trace][gc,age      ] GC(599) Age table with threshold 15 (max threshold 15)
[2025-08-21T22:34:54.618+0000][1692266][trace][gc,age      ] GC(599) - age   1:      15296 bytes,      15296 total
[2025-08-21T22:34:54.618+0000][1692266][trace][gc,age      ] GC(599) - age   2:      11280 bytes,      26576 total
[2025-08-21T22:34:54.618+0000][1692266][trace][gc,age      ] GC(599) - age   3:       5912 bytes,      32488 total
[2025-08-21T22:34:54.618+0000][1692266][trace][gc,age      ] GC(599) - age   4:        592 bytes,      33080 total
[2025-08-21T22:34:54.618+0000][1692266][trace][gc,age      ] GC(599) - age   5:        416 bytes,      33496 total
[2025-08-21T22:34:54.618+0000][1692266][trace][gc,age      ] GC(599) - age   6:        408 bytes,      33904 total
[2025-08-21T22:34:54.618+0000][1692266][trace][gc,age      ] GC(599) - age   7:      10936 bytes,      44840 total
[2025-08-21T22:34:54.618+0000][1692266][trace][gc,age      ] GC(599) - age   8:     107336 bytes,     152176 total
[2025-08-21T22:34:54.618+0000][1692266][trace][gc,age      ] GC(599) - age   9:        552 bytes,     152728 total
[2025-08-21T22:34:54.618+0000][1692266][trace][gc,age      ] GC(599) - age  10:     118008 bytes,     270736 total
[2025-08-21T22:34:54.618+0000][1692266][trace][gc,age      ] GC(599) - age  12:      36808 bytes,     307544 total
[2025-08-21T22:34:54.618+0000][1692266][trace][gc,age      ] GC(599) - age  15:        576 bytes,     308120 total
[2025-08-21T22:34:54.618+0000][1692266][info ][gc,heap     ] GC(599) Eden regions: 74->0(75)
[2025-08-21T22:34:54.618+0000][1692266][info ][gc,heap     ] GC(599) Survivor regions: 2->1(10)
[2025-08-21T22:34:54.618+0000][1692266][info ][gc,heap     ] GC(599) Old regions: 23->23
[2025-08-21T22:34:54.618+0000][1692266][info ][gc,heap     ] GC(599) Humongous regions: 0->0
[2025-08-21T22:34:54.618+0000][1692266][info ][gc,metaspace] GC(599) Metaspace: 142396K(148544K)->142396K(148544K) NonClass: 123435K(127104K)->123435K(127104K) Class: 18960K(21440K)->18960K(21440K)
[2025-08-21T22:34:54.618+0000][1692266][info ][gc          ] GC(599) Pause Young (Normal) (G1 Evacuation Pause) 394M->92M(512M) 2.731ms
[2025-08-21T22:34:54.618+0000][1692266][info ][gc,cpu      ] GC(599) User=0.00s Sys=0.00s Real=0.01s
[2025-08-21T22:34:54.618+0000][1692266][info ][safepoint   ] Safepoint "G1CollectForAllocation", Time since last: 277877647831 ns, Reaching safepoint: 8453 ns, Cleanup: 3064 ns, At safepoint: 2775501 ns, Total: 2787018 ns
[2025-08-21T22:42:14.466+0000][1692266][info ][gc,start    ] GC(600) Pause Young (Normal) (G1 Evacuation Pause)
[2025-08-21T22:42:14.466+0000][1692266][info ][gc,task     ] GC(600) Using 1 workers of 1 for evacuation
[2025-08-21T22:42:14.466+0000][1692266][debug][gc,age      ] GC(600) Desired survivor size 20971520 bytes, new threshold 15 (max threshold 15)
[2025-08-21T22:42:14.469+0000][1692266][info ][gc,phases   ] GC(600)   Pre Evacuate Collection Set: 0.1ms
[2025-08-21T22:42:14.469+0000][1692266][info ][gc,phases   ] GC(600)   Merge Heap Roots: 0.0ms
[2025-08-21T22:42:14.469+0000][1692266][info ][gc,phases   ] GC(600)   Evacuate Collection Set: 1.3ms
[2025-08-21T22:42:14.469+0000][1692266][info ][gc,phases   ] GC(600)   Post Evacuate Collection Set: 0.8ms
[2025-08-21T22:42:14.469+0000][1692266][info ][gc,phases   ] GC(600)   Other: 0.0ms
[2025-08-21T22:42:14.469+0000][1692266][trace][gc,age      ] GC(600) Age table with threshold 15 (max threshold 15)
[2025-08-21T22:42:14.469+0000][1692266][trace][gc,age      ] GC(600) - age   1:      16208 bytes,      16208 total
[2025-08-21T22:42:14.469+0000][1692266][trace][gc,age      ] GC(600) - age   2:         80 bytes,      16288 total
[2025-08-21T22:42:14.469+0000][1692266][trace][gc,age      ] GC(600) - age   3:      11280 bytes,      27568 total
[2025-08-21T22:42:14.469+0000][1692266][trace][gc,age      ] GC(600) - age   4:       5912 bytes,      33480 total
[2025-08-21T22:42:14.469+0000][1692266][trace][gc,age      ] GC(600) - age   5:        592 bytes,      34072 total
[2025-08-21T22:42:14.469+0000][1692266][trace][gc,age      ] GC(600) - age   6:        416 bytes,      34488 total
[2025-08-21T22:42:14.469+0000][1692266][trace][gc,age      ] GC(600) - age   7:        408 bytes,      34896 total
[2025-08-21T22:42:14.469+0000][1692266][trace][gc,age      ] GC(600) - age   8:      10936 bytes,      45832 total
[2025-08-21T22:42:14.469+0000][1692266][trace][gc,age      ] GC(600) - age   9:     107224 bytes,     153056 total
[2025-08-21T22:42:14.469+0000][1692266][trace][gc,age      ] GC(600) - age  11:     118008 bytes,     271064 total
[2025-08-21T22:42:14.469+0000][1692266][trace][gc,age      ] GC(600) - age  13:      36808 bytes,     307872 total
[2025-08-21T22:42:14.469+0000][1692266][info ][gc,heap     ] GC(600) Eden regions: 75->0(75)
[2025-08-21T22:42:14.469+0000][1692266][info ][gc,heap     ] GC(600) Survivor regions: 1->1(10)
[2025-08-21T22:42:14.469+0000][1692266][info ][gc,heap     ] GC(600) Old regions: 23->23
[2025-08-21T22:42:14.469+0000][1692266][info ][gc,heap     ] GC(600) Humongous regions: 0->0
[2025-08-21T22:42:14.469+0000][1692266][info ][gc,metaspace] GC(600) Metaspace: 142396K(148544K)->142396K(148544K) NonClass: 123435K(127104K)->123435K(127104K) Class: 18960K(21440K)->18960K(21440K)
[2025-08-21T22:42:14.469+0000][1692266][info ][gc          ] GC(600) Pause Young (Normal) (G1 Evacuation Pause) 392M->90M(512M) 2.513ms
[2025-08-21T22:42:14.469+0000][1692266][info ][gc,cpu      ] GC(600) User=0.00s Sys=0.00s Real=0.00s
[2025-08-21T22:42:14.469+0000][1692266][info ][safepoint   ] Safepoint "G1CollectForAllocation", Time since last: 439848317140 ns, Reaching safepoint: 9193 ns, Cleanup: 3476 ns, At safepoint: 2549349 ns, Total: 2562018 ns
[2025-08-21T22:49:10.494+0000][1692266][info ][safepoint   ] Safepoint "Cleanup", Time since last: 416025106066 ns, Reaching safepoint: 441106 ns, Cleanup: 11307 ns, At safepoint: 2504 ns, Total: 454917 ns
[2025-08-21T22:49:36.781+0000][1692266][info ][gc,start    ] GC(601) Pause Young (Normal) (G1 Evacuation Pause)
[2025-08-21T22:49:36.781+0000][1692266][info ][gc,task     ] GC(601) Using 1 workers of 1 for evacuation
[2025-08-21T22:49:36.781+0000][1692266][debug][gc,age      ] GC(601) Desired survivor size 20971520 bytes, new threshold 15 (max threshold 15)
[2025-08-21T22:49:36.783+0000][1692266][info ][gc,phases   ] GC(601)   Pre Evacuate Collection Set: 0.1ms
[2025-08-21T22:49:36.783+0000][1692266][info ][gc,phases   ] GC(601)   Merge Heap Roots: 0.0ms
[2025-08-21T22:49:36.783+0000][1692266][info ][gc,phases   ] GC(601)   Evacuate Collection Set: 1.1ms
[2025-08-21T22:49:36.783+0000][1692266][info ][gc,phases   ] GC(601)   Post Evacuate Collection Set: 0.8ms
[2025-08-21T22:49:36.783+0000][1692266][info ][gc,phases   ] GC(601)   Other: 0.0ms
[2025-08-21T22:49:36.783+0000][1692266][trace][gc,age      ] GC(601) Age table with threshold 15 (max threshold 15)
[2025-08-21T22:49:36.783+0000][1692266][trace][gc,age      ] GC(601) - age   1:      15248 bytes,      15248 total
[2025-08-21T22:49:36.783+0000][1692266][trace][gc,age      ] GC(601) - age   2:       1104 bytes,      16352 total
[2025-08-21T22:49:36.783+0000][1692266][trace][gc,age      ] GC(601) - age   3:         80 bytes,      16432 total
[2025-08-21T22:49:36.783+0000][1692266][trace][gc,age      ] GC(601) - age   4:      11280 bytes,      27712 total
[2025-08-21T22:49:36.783+0000][1692266][trace][gc,age      ] GC(601) - age   5:       5912 bytes,      33624 total
[2025-08-21T22:49:36.783+0000][1692266][trace][gc,age      ] GC(601) - age   6:        592 bytes,      34216 total
[2025-08-21T22:49:36.783+0000][1692266][trace][gc,age      ] GC(601) - age   7:        416 bytes,      34632 total
[2025-08-21T22:49:36.783+0000][1692266][trace][gc,age      ] GC(601) - age   8:        408 bytes,      35040 total
[2025-08-21T22:49:36.783+0000][1692266][trace][gc,age      ] GC(601) - age   9:      10936 bytes,      45976 total
[2025-08-21T22:49:36.783+0000][1692266][trace][gc,age      ] GC(601) - age  10:     107224 bytes,     153200 total
[2025-08-21T22:49:36.783+0000][1692266][trace][gc,age      ] GC(601) - age  12:     118008 bytes,     271208 total
[2025-08-21T22:49:36.783+0000][1692266][trace][gc,age      ] GC(601) - age  14:      36808 bytes,     308016 total
[2025-08-21T22:49:36.783+0000][1692266][info ][gc,heap     ] GC(601) Eden regions: 75->0(75)
[2025-08-21T22:49:36.783+0000][1692266][info ][gc,heap     ] GC(601) Survivor regions: 1->1(10)
[2025-08-21T22:49:36.783+0000][1692266][info ][gc,heap     ] GC(601) Old regions: 23->23
[2025-08-21T22:49:36.783+0000][1692266][info ][gc,heap     ] GC(601) Humongous regions: 0->0
[2025-08-21T22:49:36.783+0000][1692266][info ][gc,metaspace] GC(601) Metaspace: 142396K(148544K)->142396K(148544K) NonClass: 123435K(127104K)->123435K(127104K) Class: 18960K(21440K)->18960K(21440K)
[2025-08-21T22:49:36.783+0000][1692266][info ][gc          ] GC(601) Pause Young (Normal) (G1 Evacuation Pause) 390M->91M(512M) 2.126ms
[2025-08-21T22:49:36.783+0000][1692266][info ][gc,cpu      ] GC(601) User=0.00s Sys=0.00s Real=0.00s
[2025-08-21T22:49:36.783+0000][1692266][info ][safepoint   ] Safepoint "G1CollectForAllocation", Time since last: 26286583274 ns, Reaching safepoint: 8412 ns, Cleanup: 3506 ns, At safepoint: 2164318 ns, Total: 2176236 ns
[2025-08-21T22:57:00.860+0000][1692266][info ][gc,start    ] GC(602) Pause Young (Normal) (G1 Evacuation Pause)
[2025-08-21T22:57:00.860+0000][1692266][info ][gc,task     ] GC(602) Using 1 workers of 1 for evacuation
[2025-08-21T22:57:00.860+0000][1692266][debug][gc,age      ] GC(602) Desired survivor size 20971520 bytes, new threshold 15 (max threshold 15)
[2025-08-21T22:57:00.862+0000][1692266][info ][gc,phases   ] GC(602)   Pre Evacuate Collection Set: 0.0ms
[2025-08-21T22:57:00.862+0000][1692266][info ][gc,phases   ] GC(602)   Merge Heap Roots: 0.0ms
[2025-08-21T22:57:00.862+0000][1692266][info ][gc,phases   ] GC(602)   Evacuate Collection Set: 1.0ms
[2025-08-21T22:57:00.862+0000][1692266][info ][gc,phases   ] GC(602)   Post Evacuate Collection Set: 0.8ms
[2025-08-21T22:57:00.862+0000][1692266][info ][gc,phases   ] GC(602)   Other: 0.0ms
[2025-08-21T22:57:00.862+0000][1692266][trace][gc,age      ] GC(602) Age table with threshold 15 (max threshold 15)
[2025-08-21T22:57:00.862+0000][1692266][trace][gc,age      ] GC(602) - age   1:      15416 bytes,      15416 total
[2025-08-21T22:57:00.862+0000][1692266][trace][gc,age      ] GC(602) - age   4:         80 bytes,      15496 total
[2025-08-21T22:57:00.862+0000][1692266][trace][gc,age      ] GC(602) - age   5:      11280 bytes,      26776 total
[2025-08-21T22:57:00.862+0000][1692266][trace][gc,age      ] GC(602) - age   6:       5912 bytes,      32688 total
[2025-08-21T22:57:00.862+0000][1692266][trace][gc,age      ] GC(602) - age   7:        592 bytes,      33280 total
[2025-08-21T22:57:00.862+0000][1692266][trace][gc,age      ] GC(602) - age   8:        416 bytes,      33696 total
[2025-08-21T22:57:00.862+0000][1692266][trace][gc,age      ] GC(602) - age   9:        408 bytes,      34104 total
[2025-08-21T22:57:00.862+0000][1692266][trace][gc,age      ] GC(602) - age  10:      10936 bytes,      45040 total
[2025-08-21T22:57:00.862+0000][1692266][trace][gc,age      ] GC(602) - age  11:     107224 bytes,     152264 total
[2025-08-21T22:57:00.862+0000][1692266][trace][gc,age      ] GC(602) - age  13:     118008 bytes,     270272 total
[2025-08-21T22:57:00.862+0000][1692266][trace][gc,age      ] GC(602) - age  15:      36808 bytes,     307080 total
[2025-08-21T22:57:00.862+0000][1692266][info ][gc,heap     ] GC(602) Eden regions: 75->0(75)
[2025-08-21T22:57:00.862+0000][1692266][info ][gc,heap     ] GC(602) Survivor regions: 1->1(10)
[2025-08-21T22:57:00.862+0000][1692266][info ][gc,heap     ] GC(602) Old regions: 23->23
[2025-08-21T22:57:00.862+0000][1692266][info ][gc,heap     ] GC(602) Humongous regions: 0->0
[2025-08-21T22:57:00.862+0000][1692266][info ][gc,metaspace] GC(602) Metaspace: 142396K(148544K)->142396K(148544K) NonClass: 123435K(127104K)->123435K(127104K) Class: 18960K(21440K)->18960K(21440K)
[2025-08-21T22:57:00.862+0000][1692266][info ][gc          ] GC(602) Pause Young (Normal) (G1 Evacuation Pause) 391M->90M(512M) 2.371ms
[2025-08-21T22:57:00.862+0000][1692266][info ][gc,cpu      ] GC(602) User=0.00s Sys=0.00s Real=0.00s
[2025-08-21T22:57:00.862+0000][1692266][info ][safepoint   ] Safepoint "G1CollectForAllocation", Time since last: 444077050013 ns, Reaching safepoint: 5678 ns, Cleanup: 2033 ns, At safepoint: 2408137 ns, Total: 2415848 ns
[2025-08-21T23:04:23.607+0000][1692266][info ][gc,start    ] GC(603) Pause Young (Normal) (G1 Evacuation Pause)
[2025-08-21T23:04:23.607+0000][1692266][info ][gc,task     ] GC(603) Using 1 workers of 1 for evacuation
[2025-08-21T23:04:23.607+0000][1692266][debug][gc,age      ] GC(603) Desired survivor size 20971520 bytes, new threshold 15 (max threshold 15)
[2025-08-21T23:04:23.609+0000][1692266][info ][gc,phases   ] GC(603)   Pre Evacuate Collection Set: 0.0ms
[2025-08-21T23:04:23.609+0000][1692266][info ][gc,phases   ] GC(603)   Merge Heap Roots: 0.0ms
[2025-08-21T23:04:23.609+0000][1692266][info ][gc,phases   ] GC(603)   Evacuate Collection Set: 1.3ms
[2025-08-21T23:04:23.609+0000][1692266][info ][gc,phases   ] GC(603)   Post Evacuate Collection Set: 0.8ms
[2025-08-21T23:04:23.609+0000][1692266][info ][gc,phases   ] GC(603)   Other: 0.0ms
[2025-08-21T23:04:23.609+0000][1692266][trace][gc,age      ] GC(603) Age table with threshold 15 (max threshold 15)
[2025-08-21T23:04:23.609+0000][1692266][trace][gc,age      ] GC(603) - age   1:      16576 bytes,      16576 total
[2025-08-21T23:04:23.609+0000][1692266][trace][gc,age      ] GC(603) - age   2:        864 bytes,      17440 total
[2025-08-21T23:04:23.609+0000][1692266][trace][gc,age      ] GC(603) - age   5:         80 bytes,      17520 total
[2025-08-21T23:04:23.609+0000][1692266][trace][gc,age      ] GC(603) - age   6:      11280 bytes,      28800 total
[2025-08-21T23:04:23.609+0000][1692266][trace][gc,age      ] GC(603) - age   7:       5912 bytes,      34712 total
[2025-08-21T23:04:23.609+0000][1692266][trace][gc,age      ] GC(603) - age   8:        592 bytes,      35304 total
[2025-08-21T23:04:23.609+0000][1692266][trace][gc,age      ] GC(603) - age   9:        416 bytes,      35720 total
[2025-08-21T23:04:23.609+0000][1692266][trace][gc,age      ] GC(603) - age  10:        408 bytes,      36128 total
[2025-08-21T23:04:23.609+0000][1692266][trace][gc,age      ] GC(603) - age  11:      10936 bytes,      47064 total
[2025-08-21T23:04:23.609+0000][1692266][trace][gc,age      ] GC(603) - age  12:     107224 bytes,     154288 total
[2025-08-21T23:04:23.609+0000][1692266][trace][gc,age      ] GC(603) - age  14:     118008 bytes,     272296 total
[2025-08-21T23:04:23.609+0000][1692266][info ][gc,heap     ] GC(603) Eden regions: 75->0(75)
[2025-08-21T23:04:23.609+0000][1692266][info ][gc,heap     ] GC(603) Survivor regions: 1->1(10)
[2025-08-21T23:04:23.609+0000][1692266][info ][gc,heap     ] GC(603) Old regions: 23->23
[2025-08-21T23:04:23.609+0000][1692266][info ][gc,heap     ] GC(603) Humongous regions: 0->0
[2025-08-21T23:04:23.609+0000][1692266][info ][gc,metaspace] GC(603) Metaspace: 142396K(148544K)->142396K(148544K) NonClass: 123435K(127104K)->123435K(127104K) Class: 18960K(21440K)->18960K(21440K)
[2025-08-21T23:04:23.609+0000][1692266][info ][gc          ] GC(603) Pause Young (Normal) (G1 Evacuation Pause) 390M->90M(512M) 2.448ms
[2025-08-21T23:04:23.609+0000][1692266][info ][gc,cpu      ] GC(603) User=0.01s Sys=0.00s Real=0.00s
[2025-08-21T23:04:23.609+0000][1692266][info ][safepoint   ] Safepoint "G1CollectForAllocation", Time since last: 442744232923 ns, Reaching safepoint: 8223 ns, Cleanup: 2634 ns, At safepoint: 2486814 ns, Total: 2497671 ns
[2025-08-21T23:11:48.839+0000][1692266][info ][gc,start    ] GC(604) Pause Young (Normal) (G1 Evacuation Pause)
[2025-08-21T23:11:48.839+0000][1692266][info ][gc,task     ] GC(604) Using 1 workers of 1 for evacuation
[2025-08-21T23:11:48.839+0000][1692266][debug][gc,age      ] GC(604) Desired survivor size 20971520 bytes, new threshold 15 (max threshold 15)
[2025-08-21T23:11:48.841+0000][1692266][info ][gc,phases   ] GC(604)   Pre Evacuate Collection Set: 0.1ms
[2025-08-21T23:11:48.841+0000][1692266][info ][gc,phases   ] GC(604)   Merge Heap Roots: 0.0ms
[2025-08-21T23:11:48.841+0000][1692266][info ][gc,phases   ] GC(604)   Evacuate Collection Set: 1.0ms
[2025-08-21T23:11:48.841+0000][1692266][info ][gc,phases   ] GC(604)   Post Evacuate Collection Set: 0.8ms
[2025-08-21T23:11:48.841+0000][1692266][info ][gc,phases   ] GC(604)   Other: 0.0ms
[2025-08-21T23:11:48.841+0000][1692266][trace][gc,age      ] GC(604) Age table with threshold 15 (max threshold 15)
[2025-08-21T23:11:48.841+0000][1692266][trace][gc,age      ] GC(604) - age   1:      15984 bytes,      15984 total
[2025-08-21T23:11:48.841+0000][1692266][trace][gc,age      ] GC(604) - age   2:        128 bytes,      16112 total
[2025-08-21T23:11:48.841+0000][1692266][trace][gc,age      ] GC(604) - age   3:        200 bytes,      16312 total
[2025-08-21T23:11:48.841+0000][1692266][trace][gc,age      ] GC(604) - age   6:         80 bytes,      16392 total
[2025-08-21T23:11:48.841+0000][1692266][trace][gc,age      ] GC(604) - age   7:      11280 bytes,      27672 total
[2025-08-21T23:11:48.841+0000][1692266][trace][gc,age      ] GC(604) - age   8:       5912 bytes,      33584 total
[2025-08-21T23:11:48.841+0000][1692266][trace][gc,age      ] GC(604) - age   9:        592 bytes,      34176 total
[2025-08-21T23:11:48.841+0000][1692266][trace][gc,age      ] GC(604) - age  10:        416 bytes,      34592 total
[2025-08-21T23:11:48.841+0000][1692266][trace][gc,age      ] GC(604) - age  11:        408 bytes,      35000 total
[2025-08-21T23:11:48.841+0000][1692266][trace][gc,age      ] GC(604) - age  12:      10936 bytes,      45936 total
[2025-08-21T23:11:48.841+0000][1692266][trace][gc,age      ] GC(604) - age  13:     107224 bytes,     153160 total
[2025-08-21T23:11:48.841+0000][1692266][trace][gc,age      ] GC(604) - age  15:     118008 bytes,     271168 total
[2025-08-21T23:11:48.841+0000][1692266][info ][gc,heap     ] GC(604) Eden regions: 75->0(75)
[2025-08-21T23:11:48.841+0000][1692266][info ][gc,heap     ] GC(604) Survivor regions: 1->1(10)
[2025-08-21T23:11:48.841+0000][1692266][info ][gc,heap     ] GC(604) Old regions: 23->23
[2025-08-21T23:11:48.841+0000][1692266][info ][gc,heap     ] GC(604) Humongous regions: 0->0
[2025-08-21T23:11:48.841+0000][1692266][info ][gc,metaspace] GC(604) Metaspace: 142396K(148544K)->142396K(148544K) NonClass: 123435K(127104K)->123435K(127104K) Class: 18960K(21440K)->18960K(21440K)
[2025-08-21T23:11:48.841+0000][1692266][info ][gc          ] GC(604) Pause Young (Normal) (G1 Evacuation Pause) 390M->90M(512M) 2.437ms
[2025-08-21T23:11:48.841+0000][1692266][info ][gc,cpu      ] GC(604) User=0.00s Sys=0.00s Real=0.00s
[2025-08-21T23:11:48.841+0000][1692266][info ][safepoint   ] Safepoint "G1CollectForAllocation", Time since last: 445229450259 ns, Reaching safepoint: 5468 ns, Cleanup: 3105 ns, At safepoint: 2475648 ns, Total: 2484221 ns
[2025-08-21T23:19:13.077+0000][1692266][info ][gc,start    ] GC(605) Pause Young (Normal) (G1 Evacuation Pause)
[2025-08-21T23:19:13.078+0000][1692266][info ][gc,task     ] GC(605) Using 1 workers of 1 for evacuation
[2025-08-21T23:19:13.078+0000][1692266][debug][gc,age      ] GC(605) Desired survivor size 20971520 bytes, new threshold 15 (max threshold 15)
[2025-08-21T23:19:13.080+0000][1692266][info ][gc,phases   ] GC(605)   Pre Evacuate Collection Set: 0.1ms
[2025-08-21T23:19:13.080+0000][1692266][info ][gc,phases   ] GC(605)   Merge Heap Roots: 0.0ms
[2025-08-21T23:19:13.080+0000][1692266][info ][gc,phases   ] GC(605)   Evacuate Collection Set: 1.5ms
[2025-08-21T23:19:13.080+0000][1692266][info ][gc,phases   ] GC(605)   Post Evacuate Collection Set: 0.8ms
[2025-08-21T23:19:13.080+0000][1692266][info ][gc,phases   ] GC(605)   Other: 0.0ms
[2025-08-21T23:19:13.080+0000][1692266][trace][gc,age      ] GC(605) Age table with threshold 15 (max threshold 15)
[2025-08-21T23:19:13.080+0000][1692266][trace][gc,age      ] GC(605) - age   1:      14608 bytes,      14608 total
[2025-08-21T23:19:13.080+0000][1692266][trace][gc,age      ] GC(605) - age   2:        976 bytes,      15584 total
[2025-08-21T23:19:13.080+0000][1692266][trace][gc,age      ] GC(605) - age   4:        200 bytes,      15784 total
[2025-08-21T23:19:13.080+0000][1692266][trace][gc,age      ] GC(605) - age   7:         80 bytes,      15864 total
[2025-08-21T23:19:13.080+0000][1692266][trace][gc,age      ] GC(605) - age   8:      11280 bytes,      27144 total
[2025-08-21T23:19:13.080+0000][1692266][trace][gc,age      ] GC(605) - age   9:       5912 bytes,      33056 total
[2025-08-21T23:19:13.080+0000][1692266][trace][gc,age      ] GC(605) - age  10:        592 bytes,      33648 total
[2025-08-21T23:19:13.080+0000][1692266][trace][gc,age      ] GC(605) - age  11:        416 bytes,      34064 total
[2025-08-21T23:19:13.080+0000][1692266][trace][gc,age      ] GC(605) - age  12:        408 bytes,      34472 total
[2025-08-21T23:19:13.080+0000][1692266][trace][gc,age      ] GC(605) - age  13:      10936 bytes,      45408 total
[2025-08-21T23:19:13.080+0000][1692266][trace][gc,age      ] GC(605) - age  14:     107224 bytes,     152632 total
[2025-08-21T23:19:13.080+0000][1692266][info ][gc,heap     ] GC(605) Eden regions: 75->0(75)
[2025-08-21T23:19:13.080+0000][1692266][info ][gc,heap     ] GC(605) Survivor regions: 1->1(10)
[2025-08-21T23:19:13.080+0000][1692266][info ][gc,heap     ] GC(605) Old regions: 23->23
[2025-08-21T23:19:13.080+0000][1692266][info ][gc,heap     ] GC(605) Humongous regions: 0->0
[2025-08-21T23:19:13.080+0000][1692266][info ][gc,metaspace] GC(605) Metaspace: 142396K(148544K)->142396K(148544K) NonClass: 123435K(127104K)->123435K(127104K) Class: 18960K(21440K)->18960K(21440K)
[2025-08-21T23:19:13.080+0000][1692266][info ][gc          ] GC(605) Pause Young (Normal) (G1 Evacuation Pause) 390M->90M(512M) 2.946ms
[2025-08-21T23:19:13.080+0000][1692266][info ][gc,cpu      ] GC(605) User=0.01s Sys=0.00s Real=0.00s
[2025-08-21T23:19:13.080+0000][1692266][info ][safepoint   ] Safepoint "G1CollectForAllocation", Time since last: 444236065474 ns, Reaching safepoint: 7491 ns, Cleanup: 3465 ns, At safepoint: 2985598 ns, Total: 2996554 ns
[2025-08-21T23:26:36.182+0000][1692266][info ][gc,start    ] GC(606) Pause Young (Normal) (G1 Evacuation Pause)
[2025-08-21T23:26:36.182+0000][1692266][info ][gc,task     ] GC(606) Using 1 workers of 1 for evacuation
[2025-08-21T23:26:36.182+0000][1692266][debug][gc,age      ] GC(606) Desired survivor size 20971520 bytes, new threshold 15 (max threshold 15)
[2025-08-21T23:26:36.184+0000][1692266][info ][gc,phases   ] GC(606)   Pre Evacuate Collection Set: 0.0ms
[2025-08-21T23:26:36.184+0000][1692266][info ][gc,phases   ] GC(606)   Merge Heap Roots: 0.0ms
[2025-08-21T23:26:36.184+0000][1692266][info ][gc,phases   ] GC(606)   Evacuate Collection Set: 1.2ms
[2025-08-21T23:26:36.184+0000][1692266][info ][gc,phases   ] GC(606)   Post Evacuate Collection Set: 0.8ms
[2025-08-21T23:26:36.184+0000][1692266][info ][gc,phases   ] GC(606)   Other: 0.0ms
[2025-08-21T23:26:36.184+0000][1692266][trace][gc,age      ] GC(606) Age table with threshold 15 (max threshold 15)
[2025-08-21T23:26:36.184+0000][1692266][trace][gc,age      ] GC(606) - age   1:      17408 bytes,      17408 total
[2025-08-21T23:26:36.184+0000][1692266][trace][gc,age      ] GC(606) - age   5:        200 bytes,      17608 total
[2025-08-21T23:26:36.184+0000][1692266][trace][gc,age      ] GC(606) - age   8:         80 bytes,      17688 total
[2025-08-21T23:26:36.184+0000][1692266][trace][gc,age      ] GC(606) - age   9:      11280 bytes,      28968 total
[2025-08-21T23:26:36.184+0000][1692266][trace][gc,age      ] GC(606) - age  10:       5912 bytes,      34880 total
[2025-08-21T23:26:36.184+0000][1692266][trace][gc,age      ] GC(606) - age  11:        592 bytes,      35472 total
[2025-08-21T23:26:36.184+0000][1692266][trace][gc,age      ] GC(606) - age  12:        416 bytes,      35888 total
[2025-08-21T23:26:36.184+0000][1692266][trace][gc,age      ] GC(606) - age  13:        408 bytes,      36296 total
[2025-08-21T23:26:36.184+0000][1692266][trace][gc,age      ] GC(606) - age  14:      10936 bytes,      47232 total
[2025-08-21T23:26:36.184+0000][1692266][trace][gc,age      ] GC(606) - age  15:     107224 bytes,     154456 total
[2025-08-21T23:26:36.184+0000][1692266][info ][gc,heap     ] GC(606) Eden regions: 75->0(75)
[2025-08-21T23:26:36.184+0000][1692266][info ][gc,heap     ] GC(606) Survivor regions: 1->1(10)
[2025-08-21T23:26:36.184+0000][1692266][info ][gc,heap     ] GC(606) Old regions: 23->23
[2025-08-21T23:26:36.184+0000][1692266][info ][gc,heap     ] GC(606) Humongous regions: 0->0
[2025-08-21T23:26:36.184+0000][1692266][info ][gc,metaspace] GC(606) Metaspace: 142396K(148544K)->142396K(148544K) NonClass: 123435K(127104K)->123435K(127104K) Class: 18960K(21440K)->18960K(21440K)
[2025-08-21T23:26:36.184+0000][1692266][info ][gc          ] GC(606) Pause Young (Normal) (G1 Evacuation Pause) 390M->90M(512M) 2.551ms
[2025-08-21T23:26:36.184+0000][1692266][info ][gc,cpu      ] GC(606) User=0.00s Sys=0.00s Real=0.00s
[2025-08-21T23:26:36.184+0000][1692266][info ][safepoint   ] Safepoint "G1CollectForAllocation", Time since last: 443101292295 ns, Reaching safepoint: 8152 ns, Cleanup: 3045 ns, At safepoint: 2589289 ns, Total: 2600486 ns
[2025-08-21T23:34:00.480+0000][1692266][info ][gc,start    ] GC(607) Pause Young (Normal) (G1 Evacuation Pause)
[2025-08-21T23:34:00.481+0000][1692266][info ][gc,task     ] GC(607) Using 1 workers of 1 for evacuation
[2025-08-21T23:34:00.481+0000][1692266][debug][gc,age      ] GC(607) Desired survivor size 20971520 bytes, new threshold 15 (max threshold 15)
[2025-08-21T23:34:00.483+0000][1692266][info ][gc,phases   ] GC(607)   Pre Evacuate Collection Set: 0.1ms
[2025-08-21T23:34:00.483+0000][1692266][info ][gc,phases   ] GC(607)   Merge Heap Roots: 0.0ms
[2025-08-21T23:34:00.483+0000][1692266][info ][gc,phases   ] GC(607)   Evacuate Collection Set: 1.4ms
[2025-08-21T23:34:00.483+0000][1692266][info ][gc,phases   ] GC(607)   Post Evacuate Collection Set: 0.8ms
[2025-08-21T23:34:00.483+0000][1692266][info ][gc,phases   ] GC(607)   Other: 0.0ms
[2025-08-21T23:34:00.483+0000][1692266][trace][gc,age      ] GC(607) Age table with threshold 15 (max threshold 15)
[2025-08-21T23:34:00.483+0000][1692266][trace][gc,age      ] GC(607) - age   1:      16848 bytes,      16848 total
[2025-08-21T23:34:00.483+0000][1692266][trace][gc,age      ] GC(607) - age   2:        664 bytes,      17512 total
[2025-08-21T23:34:00.483+0000][1692266][trace][gc,age      ] GC(607) - age   6:        200 bytes,      17712 total
[2025-08-21T23:34:00.483+0000][1692266][trace][gc,age      ] GC(607) - age   9:         80 bytes,      17792 total
[2025-08-21T23:34:00.483+0000][1692266][trace][gc,age      ] GC(607) - age  10:      11280 bytes,      29072 total
[2025-08-21T23:34:00.483+0000][1692266][trace][gc,age      ] GC(607) - age  11:       5912 bytes,      34984 total
[2025-08-21T23:34:00.483+0000][1692266][trace][gc,age      ] GC(607) - age  12:        592 bytes,      35576 total
[2025-08-21T23:34:00.483+0000][1692266][trace][gc,age      ] GC(607) - age  13:        416 bytes,      35992 total
[2025-08-21T23:34:00.483+0000][1692266][trace][gc,age      ] GC(607) - age  14:        408 bytes,      36400 total
[2025-08-21T23:34:00.483+0000][1692266][trace][gc,age      ] GC(607) - age  15:      10936 bytes,      47336 total
[2025-08-21T23:34:00.483+0000][1692266][info ][gc,heap     ] GC(607) Eden regions: 75->0(75)
[2025-08-21T23:34:00.483+0000][1692266][info ][gc,heap     ] GC(607) Survivor regions: 1->1(10)
[2025-08-21T23:34:00.483+0000][1692266][info ][gc,heap     ] GC(607) Old regions: 23->23
[2025-08-21T23:34:00.483+0000][1692266][info ][gc,heap     ] GC(607) Humongous regions: 0->0
[2025-08-21T23:34:00.483+0000][1692266][info ][gc,metaspace] GC(607) Metaspace: 142396K(148544K)->142396K(148544K) NonClass: 123435K(127104K)->123435K(127104K) Class: 18960K(21440K)->18960K(21440K)
[2025-08-21T23:34:00.483+0000][1692266][info ][gc          ] GC(607) Pause Young (Normal) (G1 Evacuation Pause) 390M->90M(512M) 2.848ms
[2025-08-21T23:34:00.483+0000][1692266][info ][gc,cpu      ] GC(607) User=0.00s Sys=0.00s Real=0.00s
[2025-08-21T23:34:00.483+0000][1692266][info ][safepoint   ] Safepoint "G1CollectForAllocation", Time since last: 444296196692 ns, Reaching safepoint: 8473 ns, Cleanup: 3265 ns, At safepoint: 2886028 ns, Total: 2897766 ns
[2025-08-21T23:41:24.741+0000][1692266][info ][gc,start    ] GC(608) Pause Young (Normal) (G1 Evacuation Pause)
[2025-08-21T23:41:24.741+0000][1692266][info ][gc,task     ] GC(608) Using 1 workers of 1 for evacuation
[2025-08-21T23:41:24.741+0000][1692266][debug][gc,age      ] GC(608) Desired survivor size 20971520 bytes, new threshold 15 (max threshold 15)
[2025-08-21T23:41:24.743+0000][1692266][info ][gc,phases   ] GC(608)   Pre Evacuate Collection Set: 0.0ms
[2025-08-21T23:41:24.743+0000][1692266][info ][gc,phases   ] GC(608)   Merge Heap Roots: 0.0ms
[2025-08-21T23:41:24.743+0000][1692266][info ][gc,phases   ] GC(608)   Evacuate Collection Set: 1.1ms
[2025-08-21T23:41:24.743+0000][1692266][info ][gc,phases   ] GC(608)   Post Evacuate Collection Set: 0.8ms
[2025-08-21T23:41:24.743+0000][1692266][info ][gc,phases   ] GC(608)   Other: 0.0ms
[2025-08-21T23:41:24.743+0000][1692266][trace][gc,age      ] GC(608) Age table with threshold 15 (max threshold 15)
[2025-08-21T23:41:24.743+0000][1692266][trace][gc,age      ] GC(608) - age   1:      17664 bytes,      17664 total
[2025-08-21T23:41:24.743+0000][1692266][trace][gc,age      ] GC(608) - age   2:        128 bytes,      17792 total
[2025-08-21T23:41:24.743+0000][1692266][trace][gc,age      ] GC(608) - age   7:        200 bytes,      17992 total
[2025-08-21T23:41:24.743+0000][1692266][trace][gc,age      ] GC(608) - age  10:         80 bytes,      18072 total
[2025-08-21T23:41:24.743+0000][1692266][trace][gc,age      ] GC(608) - age  11:      11280 bytes,      29352 total
[2025-08-21T23:41:24.743+0000][1692266][trace][gc,age      ] GC(608) - age  12:       5912 bytes,      35264 total
[2025-08-21T23:41:24.743+0000][1692266][trace][gc,age      ] GC(608) - age  13:        592 bytes,      35856 total
[2025-08-21T23:41:24.743+0000][1692266][trace][gc,age      ] GC(608) - age  14:        416 bytes,      36272 total
[2025-08-21T23:41:24.743+0000][1692266][trace][gc,age      ] GC(608) - age  15:        408 bytes,      36680 total
[2025-08-21T23:41:24.743+0000][1692266][info ][gc,heap     ] GC(608) Eden regions: 75->0(75)
[2025-08-21T23:41:24.743+0000][1692266][info ][gc,heap     ] GC(608) Survivor regions: 1->1(10)
[2025-08-21T23:41:24.743+0000][1692266][info ][gc,heap     ] GC(608) Old regions: 23->23
[2025-08-21T23:41:24.743+0000][1692266][info ][gc,heap     ] GC(608) Humongous regions: 0->0
[2025-08-21T23:41:24.743+0000][1692266][info ][gc,metaspace] GC(608) Metaspace: 142396K(148544K)->142396K(148544K) NonClass: 123435K(127104K)->123435K(127104K) Class: 18960K(21440K)->18960K(21440K)
[2025-08-21T23:41:24.743+0000][1692266][info ][gc          ] GC(608) Pause Young (Normal) (G1 Evacuation Pause) 390M->90M(512M) 2.191ms
[2025-08-21T23:41:24.743+0000][1692266][info ][gc,cpu      ] GC(608) User=0.00s Sys=0.00s Real=0.00s
[2025-08-21T23:41:24.743+0000][1692266][info ][safepoint   ] Safepoint "G1CollectForAllocation", Time since last: 444257423851 ns, Reaching safepoint: 8532 ns, Cleanup: 2344 ns, At safepoint: 2229046 ns, Total: 2239922 ns
[2025-08-21T23:48:49.976+0000][1692266][info ][gc,start    ] GC(609) Pause Young (Normal) (G1 Evacuation Pause)
[2025-08-21T23:48:49.977+0000][1692266][info ][gc,task     ] GC(609) Using 1 workers of 1 for evacuation
[2025-08-21T23:48:49.977+0000][1692266][debug][gc,age      ] GC(609) Desired survivor size 20971520 bytes, new threshold 15 (max threshold 15)
[2025-08-21T23:48:49.978+0000][1692266][info ][gc,phases   ] GC(609)   Pre Evacuate Collection Set: 0.1ms
[2025-08-21T23:48:49.978+0000][1692266][info ][gc,phases   ] GC(609)   Merge Heap Roots: 0.0ms
[2025-08-21T23:48:49.978+0000][1692266][info ][gc,phases   ] GC(609)   Evacuate Collection Set: 0.9ms
[2025-08-21T23:48:49.978+0000][1692266][info ][gc,phases   ] GC(609)   Post Evacuate Collection Set: 0.8ms
[2025-08-21T23:48:49.978+0000][1692266][info ][gc,phases   ] GC(609)   Other: 0.0ms
[2025-08-21T23:48:49.978+0000][1692266][trace][gc,age      ] GC(609) Age table with threshold 15 (max threshold 15)
[2025-08-21T23:48:49.978+0000][1692266][trace][gc,age      ] GC(609) - age   1:      16040 bytes,      16040 total
[2025-08-21T23:48:49.978+0000][1692266][trace][gc,age      ] GC(609) - age   2:        976 bytes,      17016 total
[2025-08-21T23:48:49.978+0000][1692266][trace][gc,age      ] GC(609) - age   8:        200 bytes,      17216 total
[2025-08-21T23:48:49.978+0000][1692266][trace][gc,age      ] GC(609) - age  11:         80 bytes,      17296 total
[2025-08-21T23:48:49.978+0000][1692266][trace][gc,age      ] GC(609) - age  12:      11280 bytes,      28576 total
[2025-08-21T23:48:49.978+0000][1692266][trace][gc,age      ] GC(609) - age  13:       5912 bytes,      34488 total
[2025-08-21T23:48:49.978+0000][1692266][trace][gc,age      ] GC(609) - age  14:        592 bytes,      35080 total
[2025-08-21T23:48:49.978+0000][1692266][trace][gc,age      ] GC(609) - age  15:        416 bytes,      35496 total
[2025-08-21T23:48:49.978+0000][1692266][info ][gc,heap     ] GC(609) Eden regions: 75->0(75)
[2025-08-21T23:48:49.978+0000][1692266][info ][gc,heap     ] GC(609) Survivor regions: 1->1(10)
[2025-08-21T23:48:49.978+0000][1692266][info ][gc,heap     ] GC(609) Old regions: 23->23
[2025-08-21T23:48:49.978+0000][1692266][info ][gc,heap     ] GC(609) Humongous regions: 0->0
[2025-08-21T23:48:49.978+0000][1692266][info ][gc,metaspace] GC(609) Metaspace: 142396K(148544K)->142396K(148544K) NonClass: 123435K(127104K)->123435K(127104K) Class: 18960K(21440K)->18960K(21440K)
[2025-08-21T23:48:49.978+0000][1692266][info ][gc          ] GC(609) Pause Young (Normal) (G1 Evacuation Pause) 390M->90M(512M) 2.012ms
[2025-08-21T23:48:49.978+0000][1692266][info ][gc,cpu      ] GC(609) User=0.00s Sys=0.00s Real=0.00s
[2025-08-21T23:48:49.978+0000][1692266][info ][safepoint   ] Safepoint "G1CollectForAllocation", Time since last: 445233496817 ns, Reaching safepoint: 23024 ns, Cleanup: 2805 ns, At safepoint: 2050906 ns, Total: 2076735 ns
[2025-08-21T23:56:14.517+0000][1692266][info ][gc,start    ] GC(610) Pause Young (Normal) (G1 Evacuation Pause)
[2025-08-21T23:56:14.517+0000][1692266][info ][gc,task     ] GC(610) Using 1 workers of 1 for evacuation
[2025-08-21T23:56:14.517+0000][1692266][debug][gc,age      ] GC(610) Desired survivor size 20971520 bytes, new threshold 15 (max threshold 15)
[2025-08-21T23:56:14.519+0000][1692266][info ][gc,phases   ] GC(610)   Pre Evacuate Collection Set: 0.1ms
[2025-08-21T23:56:14.519+0000][1692266][info ][gc,phases   ] GC(610)   Merge Heap Roots: 0.0ms
[2025-08-21T23:56:14.519+0000][1692266][info ][gc,phases   ] GC(610)   Evacuate Collection Set: 0.9ms
[2025-08-21T23:56:14.519+0000][1692266][info ][gc,phases   ] GC(610)   Post Evacuate Collection Set: 0.8ms
[2025-08-21T23:56:14.519+0000][1692266][info ][gc,phases   ] GC(610)   Other: 0.0ms
[2025-08-21T23:56:14.519+0000][1692266][trace][gc,age      ] GC(610) Age table with threshold 15 (max threshold 15)
[2025-08-21T23:56:14.519+0000][1692266][trace][gc,age      ] GC(610) - age   1:      18368 bytes,      18368 total
[2025-08-21T23:56:14.519+0000][1692266][trace][gc,age      ] GC(610) - age   9:         24 bytes,      18392 total
[2025-08-21T23:56:14.519+0000][1692266][trace][gc,age      ] GC(610) - age  12:         80 bytes,      18472 total
[2025-08-21T23:56:14.519+0000][1692266][trace][gc,age      ] GC(610) - age  13:      11280 bytes,      29752 total
[2025-08-21T23:56:14.519+0000][1692266][trace][gc,age      ] GC(610) - age  14:       5912 bytes,      35664 total
[2025-08-21T23:56:14.519+0000][1692266][trace][gc,age      ] GC(610) - age  15:        592 bytes,      36256 total
[2025-08-21T23:56:14.519+0000][1692266][info ][gc,heap     ] GC(610) Eden regions: 75->0(75)
[2025-08-21T23:56:14.519+0000][1692266][info ][gc,heap     ] GC(610) Survivor regions: 1->1(10)
[2025-08-21T23:56:14.519+0000][1692266][info ][gc,heap     ] GC(610) Old regions: 23->23
[2025-08-21T23:56:14.519+0000][1692266][info ][gc,heap     ] GC(610) Humongous regions: 0->0
[2025-08-21T23:56:14.519+0000][1692266][info ][gc,metaspace] GC(610) Metaspace: 142396K(148544K)->142396K(148544K) NonClass: 123435K(127104K)->123435K(127104K) Class: 18960K(21440K)->18960K(21440K)
[2025-08-21T23:56:14.519+0000][1692266][info ][gc          ] GC(610) Pause Young (Normal) (G1 Evacuation Pause) 390M->90M(512M) 2.144ms
[2025-08-21T23:56:14.519+0000][1692266][info ][gc,cpu      ] GC(610) User=0.00s Sys=0.00s Real=0.00s
[2025-08-21T23:56:14.519+0000][1692266][info ][safepoint   ] Safepoint "G1CollectForAllocation", Time since last: 444538368325 ns, Reaching safepoint: 9084 ns, Cleanup: 3014 ns, At safepoint: 2184058 ns, Total: 2196156 ns
[2025-08-22T00:03:37.731+0000][1692266][info ][gc,start    ] GC(611) Pause Young (Normal) (G1 Evacuation Pause)
[2025-08-22T00:03:37.731+0000][1692266][info ][gc,task     ] GC(611) Using 1 workers of 1 for evacuation
[2025-08-22T00:03:37.731+0000][1692266][debug][gc,age      ] GC(611) Desired survivor size 20971520 bytes, new threshold 15 (max threshold 15)
[2025-08-22T00:03:37.733+0000][1692266][info ][gc,phases   ] GC(611)   Pre Evacuate Collection Set: 0.1ms
[2025-08-22T00:03:37.733+0000][1692266][info ][gc,phases   ] GC(611)   Merge Heap Roots: 0.0ms
[2025-08-22T00:03:37.733+0000][1692266][info ][gc,phases   ] GC(611)   Evacuate Collection Set: 0.9ms
[2025-08-22T00:03:37.733+0000][1692266][info ][gc,phases   ] GC(611)   Post Evacuate Collection Set: 0.8ms
[2025-08-22T00:03:37.733+0000][1692266][info ][gc,phases   ] GC(611)   Other: 0.0ms
[2025-08-22T00:03:37.733+0000][1692266][trace][gc,age      ] GC(611) Age table with threshold 15 (max threshold 15)
[2025-08-22T00:03:37.733+0000][1692266][trace][gc,age      ] GC(611) - age   1:      16256 bytes,      16256 total
[2025-08-22T00:03:37.733+0000][1692266][trace][gc,age      ] GC(611) - age   2:       1024 bytes,      17280 total
[2025-08-22T00:03:37.733+0000][1692266][trace][gc,age      ] GC(611) - age  10:         24 bytes,      17304 total
[2025-08-22T00:03:37.733+0000][1692266][trace][gc,age      ] GC(611) - age  13:         80 bytes,      17384 total
[2025-08-22T00:03:37.733+0000][1692266][trace][gc,age      ] GC(611) - age  14:      11280 bytes,      28664 total
[2025-08-22T00:03:37.733+0000][1692266][trace][gc,age      ] GC(611) - age  15:       5912 bytes,      34576 total
[2025-08-22T00:03:37.733+0000][1692266][info ][gc,heap     ] GC(611) Eden regions: 75->0(75)
[2025-08-22T00:03:37.733+0000][1692266][info ][gc,heap     ] GC(611) Survivor regions: 1->1(10)
[2025-08-22T00:03:37.733+0000][1692266][info ][gc,heap     ] GC(611) Old regions: 23->23
[2025-08-22T00:03:37.733+0000][1692266][info ][gc,heap     ] GC(611) Humongous regions: 0->0
[2025-08-22T00:03:37.733+0000][1692266][info ][gc,metaspace] GC(611) Metaspace: 142396K(148544K)->142396K(148544K) NonClass: 123435K(127104K)->123435K(127104K) Class: 18960K(21440K)->18960K(21440K)
[2025-08-22T00:03:37.733+0000][1692266][info ][gc          ] GC(611) Pause Young (Normal) (G1 Evacuation Pause) 390M->90M(512M) 2.300ms
[2025-08-22T00:03:37.733+0000][1692266][info ][gc,cpu      ] GC(611) User=0.00s Sys=0.00s Real=0.00s
[2025-08-22T00:03:37.733+0000][1692266][info ][safepoint   ] Safepoint "G1CollectForAllocation", Time since last: 443211706197 ns, Reaching safepoint: 8964 ns, Cleanup: 2924 ns, At safepoint: 2335727 ns, Total: 2347615 ns
[2025-08-22T00:11:02.583+0000][1692266][info ][gc,start    ] GC(612) Pause Young (Normal) (G1 Evacuation Pause)
[2025-08-22T00:11:02.584+0000][1692266][info ][gc,task     ] GC(612) Using 1 workers of 1 for evacuation
[2025-08-22T00:11:02.584+0000][1692266][debug][gc,age      ] GC(612) Desired survivor size 20971520 bytes, new threshold 15 (max threshold 15)
[2025-08-22T00:11:02.586+0000][1692266][info ][gc,phases   ] GC(612)   Pre Evacuate Collection Set: 0.0ms
[2025-08-22T00:11:02.586+0000][1692266][info ][gc,phases   ] GC(612)   Merge Heap Roots: 0.0ms
[2025-08-22T00:11:02.586+0000][1692266][info ][gc,phases   ] GC(612)   Evacuate Collection Set: 0.9ms
[2025-08-22T00:11:02.586+0000][1692266][info ][gc,phases   ] GC(612)   Post Evacuate Collection Set: 0.8ms
[2025-08-22T00:11:02.586+0000][1692266][info ][gc,phases   ] GC(612)   Other: 0.0ms
[2025-08-22T00:11:02.586+0000][1692266][trace][gc,age      ] GC(612) Age table with threshold 15 (max threshold 15)
[2025-08-22T00:11:02.586+0000][1692266][trace][gc,age      ] GC(612) - age   1:      17616 bytes,      17616 total
[2025-08-22T00:11:02.586+0000][1692266][trace][gc,age      ] GC(612) - age   2:        128 bytes,      17744 total
[2025-08-22T00:11:02.586+0000][1692266][trace][gc,age      ] GC(612) - age   3:        176 bytes,      17920 total
[2025-08-22T00:11:02.586+0000][1692266][trace][gc,age      ] GC(612) - age  11:         24 bytes,      17944 total
[2025-08-22T00:11:02.586+0000][1692266][trace][gc,age      ] GC(612) - age  14:         80 bytes,      18024 total
[2025-08-22T00:11:02.586+0000][1692266][trace][gc,age      ] GC(612) - age  15:      11280 bytes,      29304 total
[2025-08-22T00:11:02.586+0000][1692266][info ][gc,heap     ] GC(612) Eden regions: 75->0(75)
[2025-08-22T00:11:02.586+0000][1692266][info ][gc,heap     ] GC(612) Survivor regions: 1->1(10)
[2025-08-22T00:11:02.586+0000][1692266][info ][gc,heap     ] GC(612) Old regions: 23->23
[2025-08-22T00:11:02.586+0000][1692266][info ][gc,heap     ] GC(612) Humongous regions: 0->0
[2025-08-22T00:11:02.586+0000][1692266][info ][gc,metaspace] GC(612) Metaspace: 142396K(148544K)->142396K(148544K) NonClass: 123435K(127104K)->123435K(127104K) Class: 18960K(21440K)->18960K(21440K)
[2025-08-22T00:11:02.586+0000][1692266][info ][gc          ] GC(612) Pause Young (Normal) (G1 Evacuation Pause) 390M->90M(512M) 2.367ms
[2025-08-22T00:11:02.586+0000][1692266][info ][gc,cpu      ] GC(612) User=0.00s Sys=0.00s Real=0.01s
[2025-08-22T00:11:02.586+0000][1692266][info ][safepoint   ] Safepoint "G1CollectForAllocation", Time since last: 444850308159 ns, Reaching safepoint: 8904 ns, Cleanup: 3345 ns, At safepoint: 2406083 ns, Total: 2418332 ns
[2025-08-22T00:18:26.663+0000][1692266][info ][gc,start    ] GC(613) Pause Young (Normal) (G1 Evacuation Pause)
[2025-08-22T00:18:26.664+0000][1692266][info ][gc,task     ] GC(613) Using 1 workers of 1 for evacuation
[2025-08-22T00:18:26.664+0000][1692266][debug][gc,age      ] GC(613) Desired survivor size 20971520 bytes, new threshold 15 (max threshold 15)
[2025-08-22T00:18:26.666+0000][1692266][info ][gc,phases   ] GC(613)   Pre Evacuate Collection Set: 0.0ms
[2025-08-22T00:18:26.666+0000][1692266][info ][gc,phases   ] GC(613)   Merge Heap Roots: 0.0ms
[2025-08-22T00:18:26.666+0000][1692266][info ][gc,phases   ] GC(613)   Evacuate Collection Set: 0.8ms
[2025-08-22T00:18:26.666+0000][1692266][info ][gc,phases   ] GC(613)   Post Evacuate Collection Set: 0.8ms
[2025-08-22T00:18:26.666+0000][1692266][info ][gc,phases   ] GC(613)   Other: 0.0ms
[2025-08-22T00:18:26.666+0000][1692266][trace][gc,age      ] GC(613) Age table with threshold 15 (max threshold 15)
[2025-08-22T00:18:26.666+0000][1692266][trace][gc,age      ] GC(613) - age   1:      14584 bytes,      14584 total
[2025-08-22T00:18:26.666+0000][1692266][trace][gc,age      ] GC(613) - age   2:        976 bytes,      15560 total
[2025-08-22T00:18:26.666+0000][1692266][trace][gc,age      ] GC(613) - age   4:        176 bytes,      15736 total
[2025-08-22T00:18:26.666+0000][1692266][trace][gc,age      ] GC(613) - age  12:         24 bytes,      15760 total
[2025-08-22T00:18:26.666+0000][1692266][trace][gc,age      ] GC(613) - age  15:         80 bytes,      15840 total
[2025-08-22T00:18:26.666+0000][1692266][info ][gc,heap     ] GC(613) Eden regions: 75->0(75)
[2025-08-22T00:18:26.666+0000][1692266][info ][gc,heap     ] GC(613) Survivor regions: 1->1(10)
[2025-08-22T00:18:26.666+0000][1692266][info ][gc,heap     ] GC(613) Old regions: 23->23
[2025-08-22T00:18:26.666+0000][1692266][info ][gc,heap     ] GC(613) Humongous regions: 0->0
[2025-08-22T00:18:26.666+0000][1692266][info ][gc,metaspace] GC(613) Metaspace: 142396K(148544K)->142396K(148544K) NonClass: 123435K(127104K)->123435K(127104K) Class: 18960K(21440K)->18960K(21440K)
[2025-08-22T00:18:26.666+0000][1692266][info ][gc          ] GC(613) Pause Young (Normal) (G1 Evacuation Pause) 390M->90M(512M) 2.139ms
[2025-08-22T00:18:26.666+0000][1692266][info ][gc,cpu      ] GC(613) User=0.01s Sys=0.00s Real=0.01s
[2025-08-22T00:18:26.666+0000][1692266][info ][safepoint   ] Safepoint "G1CollectForAllocation", Time since last: 444077655922 ns, Reaching safepoint: 9454 ns, Cleanup: 3305 ns, At safepoint: 2175685 ns, Total: 2188444 ns
[2025-08-22T00:25:51.122+0000][1692266][info ][gc,start    ] GC(614) Pause Young (Normal) (G1 Evacuation Pause)
[2025-08-22T00:25:51.122+0000][1692266][info ][gc,task     ] GC(614) Using 1 workers of 1 for evacuation
[2025-08-22T00:25:51.122+0000][1692266][debug][gc,age      ] GC(614) Desired survivor size 20971520 bytes, new threshold 15 (max threshold 15)
[2025-08-22T00:25:51.124+0000][1692266][info ][gc,phases   ] GC(614)   Pre Evacuate Collection Set: 0.1ms
[2025-08-22T00:25:51.124+0000][1692266][info ][gc,phases   ] GC(614)   Merge Heap Roots: 0.0ms
[2025-08-22T00:25:51.124+0000][1692266][info ][gc,phases   ] GC(614)   Evacuate Collection Set: 0.7ms
[2025-08-22T00:25:51.124+0000][1692266][info ][gc,phases   ] GC(614)   Post Evacuate Collection Set: 0.8ms
[2025-08-22T00:25:51.124+0000][1692266][info ][gc,phases   ] GC(614)   Other: 0.0ms
[2025-08-22T00:25:51.124+0000][1692266][trace][gc,age      ] GC(614) Age table with threshold 15 (max threshold 15)
[2025-08-22T00:25:51.124+0000][1692266][trace][gc,age      ] GC(614) - age   1:      16976 bytes,      16976 total
[2025-08-22T00:25:51.124+0000][1692266][trace][gc,age      ] GC(614) - age   2:        112 bytes,      17088 total
[2025-08-22T00:25:51.124+0000][1692266][trace][gc,age      ] GC(614) - age   5:        176 bytes,      17264 total
[2025-08-22T00:25:51.124+0000][1692266][trace][gc,age      ] GC(614) - age  13:         24 bytes,      17288 total
[2025-08-22T00:25:51.124+0000][1692266][info ][gc,heap     ] GC(614) Eden regions: 75->0(75)
[2025-08-22T00:25:51.124+0000][1692266][info ][gc,heap     ] GC(614) Survivor regions: 1->1(10)
[2025-08-22T00:25:51.124+0000][1692266][info ][gc,heap     ] GC(614) Old regions: 23->23
[2025-08-22T00:25:51.124+0000][1692266][info ][gc,heap     ] GC(614) Humongous regions: 0->0
[2025-08-22T00:25:51.124+0000][1692266][info ][gc,metaspace] GC(614) Metaspace: 142396K(148544K)->142396K(148544K) NonClass: 123435K(127104K)->123435K(127104K) Class: 18960K(21440K)->18960K(21440K)
[2025-08-22T00:25:51.124+0000][1692266][info ][gc          ] GC(614) Pause Young (Normal) (G1 Evacuation Pause) 390M->90M(512M) 2.447ms
[2025-08-22T00:25:51.124+0000][1692266][info ][gc,cpu      ] GC(614) User=0.00s Sys=0.00s Real=0.00s
[2025-08-22T00:25:51.124+0000][1692266][info ][safepoint   ] Safepoint "G1CollectForAllocation", Time since last: 444455615644 ns, Reaching safepoint: 333224 ns, Cleanup: 2924 ns, At safepoint: 2484632 ns, Total: 2820780 ns
[2025-08-22T00:33:13.386+0000][1692266][info ][gc,start    ] GC(615) Pause Young (Normal) (G1 Evacuation Pause)
[2025-08-22T00:33:13.387+0000][1692266][info ][gc,task     ] GC(615) Using 1 workers of 1 for evacuation
[2025-08-22T00:33:13.387+0000][1692266][debug][gc,age      ] GC(615) Desired survivor size 20971520 bytes, new threshold 15 (max threshold 15)
[2025-08-22T00:33:13.388+0000][1692266][info ][gc,phases   ] GC(615)   Pre Evacuate Collection Set: 0.0ms
[2025-08-22T00:33:13.388+0000][1692266][info ][gc,phases   ] GC(615)   Merge Heap Roots: 0.0ms
[2025-08-22T00:33:13.388+0000][1692266][info ][gc,phases   ] GC(615)   Evacuate Collection Set: 0.7ms
[2025-08-22T00:33:13.388+0000][1692266][info ][gc,phases   ] GC(615)   Post Evacuate Collection Set: 0.8ms
[2025-08-22T00:33:13.388+0000][1692266][info ][gc,phases   ] GC(615)   Other: 0.0ms
[2025-08-22T00:33:13.388+0000][1692266][trace][gc,age      ] GC(615) Age table with threshold 15 (max threshold 15)
[2025-08-22T00:33:13.388+0000][1692266][trace][gc,age      ] GC(615) - age   1:      14792 bytes,      14792 total
[2025-08-22T00:33:13.388+0000][1692266][trace][gc,age      ] GC(615) - age   2:        552 bytes,      15344 total
[2025-08-22T00:33:13.388+0000][1692266][trace][gc,age      ] GC(615) - age   6:        176 bytes,      15520 total
[2025-08-22T00:33:13.388+0000][1692266][trace][gc,age      ] GC(615) - age  14:         24 bytes,      15544 total
[2025-08-22T00:33:13.389+0000][1692266][info ][gc,heap     ] GC(615) Eden regions: 75->0(75)
[2025-08-22T00:33:13.389+0000][1692266][info ][gc,heap     ] GC(615) Survivor regions: 1->1(10)
[2025-08-22T00:33:13.389+0000][1692266][info ][gc,heap     ] GC(615) Old regions: 23->23
[2025-08-22T00:33:13.389+0000][1692266][info ][gc,heap     ] GC(615) Humongous regions: 0->0
[2025-08-22T00:33:13.389+0000][1692266][info ][gc,metaspace] GC(615) Metaspace: 142396K(148544K)->142396K(148544K) NonClass: 123435K(127104K)->123435K(127104K) Class: 18960K(21440K)->18960K(21440K)
[2025-08-22T00:33:13.389+0000][1692266][info ][gc          ] GC(615) Pause Young (Normal) (G1 Evacuation Pause) 390M->90M(512M) 2.080ms
[2025-08-22T00:33:13.389+0000][1692266][info ][gc,cpu      ] GC(615) User=0.01s Sys=0.00s Real=0.00s
[2025-08-22T00:33:13.389+0000][1692266][info ][safepoint   ] Safepoint "G1CollectForAllocation", Time since last: 442262363879 ns, Reaching safepoint: 8994 ns, Cleanup: 3555 ns, At safepoint: 2118168 ns, Total: 2130717 ns
[2025-08-22T00:40:36.581+0000][1692266][info ][gc,start    ] GC(616) Pause Young (Normal) (G1 Evacuation Pause)
[2025-08-22T00:40:36.581+0000][1692266][info ][gc,task     ] GC(616) Using 1 workers of 1 for evacuation
[2025-08-22T00:40:36.581+0000][1692266][debug][gc,age      ] GC(616) Desired survivor size 20971520 bytes, new threshold 15 (max threshold 15)
[2025-08-22T00:40:36.583+0000][1692266][info ][gc,phases   ] GC(616)   Pre Evacuate Collection Set: 0.1ms
[2025-08-22T00:40:36.583+0000][1692266][info ][gc,phases   ] GC(616)   Merge Heap Roots: 0.0ms
[2025-08-22T00:40:36.583+0000][1692266][info ][gc,phases   ] GC(616)   Evacuate Collection Set: 0.8ms
[2025-08-22T00:40:36.583+0000][1692266][info ][gc,phases   ] GC(616)   Post Evacuate Collection Set: 0.8ms
[2025-08-22T00:40:36.583+0000][1692266][info ][gc,phases   ] GC(616)   Other: 0.0ms
[2025-08-22T00:40:36.583+0000][1692266][trace][gc,age      ] GC(616) Age table with threshold 15 (max threshold 15)
[2025-08-22T00:40:36.583+0000][1692266][trace][gc,age      ] GC(616) - age   1:      16248 bytes,      16248 total
[2025-08-22T00:40:36.583+0000][1692266][trace][gc,age      ] GC(616) - age   2:        552 bytes,      16800 total
[2025-08-22T00:40:36.583+0000][1692266][trace][gc,age      ] GC(616) - age   7:        176 bytes,      16976 total
[2025-08-22T00:40:36.583+0000][1692266][trace][gc,age      ] GC(616) - age  15:         24 bytes,      17000 total
[2025-08-22T00:40:36.583+0000][1692266][info ][gc,heap     ] GC(616) Eden regions: 75->0(75)
[2025-08-22T00:40:36.583+0000][1692266][info ][gc,heap     ] GC(616) Survivor regions: 1->1(10)
[2025-08-22T00:40:36.583+0000][1692266][info ][gc,heap     ] GC(616) Old regions: 23->23
[2025-08-22T00:40:36.583+0000][1692266][info ][gc,heap     ] GC(616) Humongous regions: 0->0
[2025-08-22T00:40:36.583+0000][1692266][info ][gc,metaspace] GC(616) Metaspace: 142396K(148544K)->142396K(148544K) NonClass: 123435K(127104K)->123435K(127104K) Class: 18960K(21440K)->18960K(21440K)
[2025-08-22T00:40:36.583+0000][1692266][info ][gc          ] GC(616) Pause Young (Normal) (G1 Evacuation Pause) 390M->90M(512M) 1.947ms
[2025-08-22T00:40:36.583+0000][1692266][info ][gc,cpu      ] GC(616) User=0.01s Sys=0.00s Real=0.00s
[2025-08-22T00:40:36.583+0000][1692266][info ][safepoint   ] Safepoint "G1CollectForAllocation", Time since last: 443192468065 ns, Reaching safepoint: 7491 ns, Cleanup: 3035 ns, At safepoint: 1984276 ns, Total: 1994802 ns
[2025-08-22T00:48:00.964+0000][1692266][info ][gc,start    ] GC(617) Pause Young (Normal) (G1 Evacuation Pause)
[2025-08-22T00:48:00.965+0000][1692266][info ][gc,task     ] GC(617) Using 1 workers of 1 for evacuation
[2025-08-22T00:48:00.965+0000][1692266][debug][gc,age      ] GC(617) Desired survivor size 20971520 bytes, new threshold 15 (max threshold 15)
[2025-08-22T00:48:00.966+0000][1692266][info ][gc,phases   ] GC(617)   Pre Evacuate Collection Set: 0.0ms
[2025-08-22T00:48:00.966+0000][1692266][info ][gc,phases   ] GC(617)   Merge Heap Roots: 0.0ms
[2025-08-22T00:48:00.966+0000][1692266][info ][gc,phases   ] GC(617)   Evacuate Collection Set: 0.7ms
[2025-08-22T00:48:00.966+0000][1692266][info ][gc,phases   ] GC(617)   Post Evacuate Collection Set: 0.8ms
[2025-08-22T00:48:00.966+0000][1692266][info ][gc,phases   ] GC(617)   Other: 0.0ms
[2025-08-22T00:48:00.966+0000][1692266][trace][gc,age      ] GC(617) Age table with threshold 15 (max threshold 15)
[2025-08-22T00:48:00.966+0000][1692266][trace][gc,age      ] GC(617) - age   1:      14888 bytes,      14888 total
[2025-08-22T00:48:00.966+0000][1692266][trace][gc,age      ] GC(617) - age   2:        552 bytes,      15440 total
[2025-08-22T00:48:00.966+0000][1692266][trace][gc,age      ] GC(617) - age   8:        176 bytes,      15616 total
[2025-08-22T00:48:00.966+0000][1692266][info ][gc,heap     ] GC(617) Eden regions: 75->0(75)
[2025-08-22T00:48:00.966+0000][1692266][info ][gc,heap     ] GC(617) Survivor regions: 1->1(10)
[2025-08-22T00:48:00.966+0000][1692266][info ][gc,heap     ] GC(617) Old regions: 23->23
[2025-08-22T00:48:00.966+0000][1692266][info ][gc,heap     ] GC(617) Humongous regions: 0->0
[2025-08-22T00:48:00.966+0000][1692266][info ][gc,metaspace] GC(617) Metaspace: 142396K(148544K)->142396K(148544K) NonClass: 123435K(127104K)->123435K(127104K) Class: 18960K(21440K)->18960K(21440K)
[2025-08-22T00:48:00.966+0000][1692266][info ][gc          ] GC(617) Pause Young (Normal) (G1 Evacuation Pause) 390M->90M(512M) 2.192ms
[2025-08-22T00:48:00.966+0000][1692266][info ][gc,cpu      ] GC(617) User=0.00s Sys=0.00s Real=0.01s
[2025-08-22T00:48:00.966+0000][1692266][info ][safepoint   ] Safepoint "G1CollectForAllocation", Time since last: 444381013118 ns, Reaching safepoint: 7972 ns, Cleanup: 3255 ns, At safepoint: 2228575 ns, Total: 2239802 ns
[2025-08-22T00:55:25.036+0000][1692266][info ][gc,start    ] GC(618) Pause Young (Normal) (G1 Evacuation Pause)
[2025-08-22T00:55:25.036+0000][1692266][info ][gc,task     ] GC(618) Using 1 workers of 1 for evacuation
[2025-08-22T00:55:25.036+0000][1692266][debug][gc,age      ] GC(618) Desired survivor size 20971520 bytes, new threshold 15 (max threshold 15)
[2025-08-22T00:55:25.038+0000][1692266][info ][gc,phases   ] GC(618)   Pre Evacuate Collection Set: 0.1ms
[2025-08-22T00:55:25.038+0000][1692266][info ][gc,phases   ] GC(618)   Merge Heap Roots: 0.0ms
[2025-08-22T00:55:25.038+0000][1692266][info ][gc,phases   ] GC(618)   Evacuate Collection Set: 0.7ms
[2025-08-22T00:55:25.038+0000][1692266][info ][gc,phases   ] GC(618)   Post Evacuate Collection Set: 0.8ms
[2025-08-22T00:55:25.038+0000][1692266][info ][gc,phases   ] GC(618)   Other: 0.0ms
[2025-08-22T00:55:25.038+0000][1692266][trace][gc,age      ] GC(618) Age table with threshold 15 (max threshold 15)
[2025-08-22T00:55:25.038+0000][1692266][trace][gc,age      ] GC(618) - age   1:      15656 bytes,      15656 total
[2025-08-22T00:55:25.038+0000][1692266][trace][gc,age      ] GC(618) - age   2:        112 bytes,      15768 total
[2025-08-22T00:55:25.038+0000][1692266][info ][gc,heap     ] GC(618) Eden regions: 75->0(75)
[2025-08-22T00:55:25.038+0000][1692266][info ][gc,heap     ] GC(618) Survivor regions: 1->1(10)
[2025-08-22T00:55:25.038+0000][1692266][info ][gc,heap     ] GC(618) Old regions: 23->23
[2025-08-22T00:55:25.038+0000][1692266][info ][gc,heap     ] GC(618) Humongous regions: 0->0
[2025-08-22T00:55:25.038+0000][1692266][info ][gc,metaspace] GC(618) Metaspace: 142396K(148544K)->142396K(148544K) NonClass: 123435K(127104K)->123435K(127104K) Class: 18960K(21440K)->18960K(21440K)
[2025-08-22T00:55:25.038+0000][1692266][info ][gc          ] GC(618) Pause Young (Normal) (G1 Evacuation Pause) 390M->90M(512M) 2.127ms
[2025-08-22T00:55:25.038+0000][1692266][info ][gc,cpu      ] GC(618) User=0.00s Sys=0.00s Real=0.00s
[2025-08-22T00:55:25.038+0000][1692266][info ][safepoint   ] Safepoint "G1CollectForAllocation", Time since last: 444069477483 ns, Reaching safepoint: 8202 ns, Cleanup: 3135 ns, At safepoint: 2165190 ns, Total: 2176527 ns
[2025-08-22T01:00:00.054+0000][1692266][info ][safepoint   ] Safepoint "Cleanup", Time since last: 275016112931 ns, Reaching safepoint: 54833 ns, Cleanup: 7231 ns, At safepoint: 1873 ns, Total: 63937 ns
[2025-08-22T01:02:47.299+0000][1692266][info ][gc,start    ] GC(619) Pause Young (Normal) (G1 Evacuation Pause)
[2025-08-22T01:02:47.299+0000][1692266][info ][gc,task     ] GC(619) Using 1 workers of 1 for evacuation
[2025-08-22T01:02:47.299+0000][1692266][debug][gc,age      ] GC(619) Desired survivor size 20971520 bytes, new threshold 15 (max threshold 15)
[2025-08-22T01:02:47.301+0000][1692266][info ][gc,phases   ] GC(619)   Pre Evacuate Collection Set: 0.0ms
[2025-08-22T01:02:47.301+0000][1692266][info ][gc,phases   ] GC(619)   Merge Heap Roots: 0.0ms
[2025-08-22T01:02:47.301+0000][1692266][info ][gc,phases   ] GC(619)   Evacuate Collection Set: 1.0ms
[2025-08-22T01:02:47.301+0000][1692266][info ][gc,phases   ] GC(619)   Post Evacuate Collection Set: 0.8ms
[2025-08-22T01:02:47.301+0000][1692266][info ][gc,phases   ] GC(619)   Other: 0.0ms
[2025-08-22T01:02:47.301+0000][1692266][trace][gc,age      ] GC(619) Age table with threshold 15 (max threshold 15)
[2025-08-22T01:02:47.301+0000][1692266][trace][gc,age      ] GC(619) - age   1:      16536 bytes,      16536 total
[2025-08-22T01:02:47.301+0000][1692266][trace][gc,age      ] GC(619) - age   2:        728 bytes,      17264 total
[2025-08-22T01:02:47.301+0000][1692266][info ][gc,heap     ] GC(619) Eden regions: 75->0(75)
[2025-08-22T01:02:47.301+0000][1692266][info ][gc,heap     ] GC(619) Survivor regions: 1->1(10)
[2025-08-22T01:02:47.301+0000][1692266][info ][gc,heap     ] GC(619) Old regions: 23->23
[2025-08-22T01:02:47.301+0000][1692266][info ][gc,heap     ] GC(619) Humongous regions: 0->0
[2025-08-22T01:02:47.301+0000][1692266][info ][gc,metaspace] GC(619) Metaspace: 142396K(148544K)->142396K(148544K) NonClass: 123435K(127104K)->123435K(127104K) Class: 18960K(21440K)->18960K(21440K)
[2025-08-22T01:02:47.301+0000][1692266][info ][gc          ] GC(619) Pause Young (Normal) (G1 Evacuation Pause) 390M->90M(512M) 2.071ms
[2025-08-22T01:02:47.301+0000][1692266][info ][gc,cpu      ] GC(619) User=0.00s Sys=0.00s Real=0.00s
[2025-08-22T01:02:47.301+0000][1692266][info ][safepoint   ] Safepoint "G1CollectForAllocation", Time since last: 167244470116 ns, Reaching safepoint: 5758 ns, Cleanup: 2675 ns, At safepoint: 2109144 ns, Total: 2117577 ns
[2025-08-22T01:10:12.573+0000][1692266][info ][gc,start    ] GC(620) Pause Young (Normal) (G1 Evacuation Pause)
[2025-08-22T01:10:12.573+0000][1692266][info ][gc,task     ] GC(620) Using 1 workers of 1 for evacuation
[2025-08-22T01:10:12.573+0000][1692266][debug][gc,age      ] GC(620) Desired survivor size 20971520 bytes, new threshold 15 (max threshold 15)
[2025-08-22T01:10:12.575+0000][1692266][info ][gc,phases   ] GC(620)   Pre Evacuate Collection Set: 0.1ms
[2025-08-22T01:10:12.575+0000][1692266][info ][gc,phases   ] GC(620)   Merge Heap Roots: 0.0ms
[2025-08-22T01:10:12.575+0000][1692266][info ][gc,phases   ] GC(620)   Evacuate Collection Set: 0.7ms
[2025-08-22T01:10:12.575+0000][1692266][info ][gc,phases   ] GC(620)   Post Evacuate Collection Set: 1.0ms
[2025-08-22T01:10:12.575+0000][1692266][info ][gc,phases   ] GC(620)   Other: 0.0ms
[2025-08-22T01:10:12.575+0000][1692266][trace][gc,age      ] GC(620) Age table with threshold 15 (max threshold 15)
[2025-08-22T01:10:12.575+0000][1692266][trace][gc,age      ] GC(620) - age   1:      16448 bytes,      16448 total
[2025-08-22T01:10:12.575+0000][1692266][trace][gc,age      ] GC(620) - age   2:        768 bytes,      17216 total
[2025-08-22T01:10:12.575+0000][1692266][trace][gc,age      ] GC(620) - age   3:        176 bytes,      17392 total
[2025-08-22T01:10:12.575+0000][1692266][info ][gc,heap     ] GC(620) Eden regions: 75->0(75)
[2025-08-22T01:10:12.575+0000][1692266][info ][gc,heap     ] GC(620) Survivor regions: 1->1(10)
[2025-08-22T01:10:12.575+0000][1692266][info ][gc,heap     ] GC(620) Old regions: 23->23
[2025-08-22T01:10:12.575+0000][1692266][info ][gc,heap     ] GC(620) Humongous regions: 0->0
[2025-08-22T01:10:12.575+0000][1692266][info ][gc,metaspace] GC(620) Metaspace: 142396K(148544K)->142396K(148544K) NonClass: 123435K(127104K)->123435K(127104K) Class: 18960K(21440K)->18960K(21440K)
[2025-08-22T01:10:12.575+0000][1692266][info ][gc          ] GC(620) Pause Young (Normal) (G1 Evacuation Pause) 390M->90M(512M) 2.202ms
[2025-08-22T01:10:12.575+0000][1692266][info ][gc,cpu      ] GC(620) User=0.00s Sys=0.00s Real=0.00s
[2025-08-22T01:10:12.575+0000][1692266][info ][safepoint   ] Safepoint "G1CollectForAllocation", Time since last: 445272114626 ns, Reaching safepoint: 8463 ns, Cleanup: 2674 ns, At safepoint: 2240743 ns, Total: 2251880 ns
[2025-08-22T01:17:37.264+0000][1692266][info ][gc,start    ] GC(621) Pause Young (Normal) (G1 Evacuation Pause)
[2025-08-22T01:17:37.512+0000][1692266][info ][gc,task     ] GC(621) Using 1 workers of 1 for evacuation
[2025-08-22T01:17:37.512+0000][1692266][debug][gc,age      ] GC(621) Desired survivor size 20971520 bytes, new threshold 15 (max threshold 15)
[2025-08-22T01:17:37.514+0000][1692266][info ][gc,phases   ] GC(621)   Pre Evacuate Collection Set: 0.1ms
[2025-08-22T01:17:37.514+0000][1692266][info ][gc,phases   ] GC(621)   Merge Heap Roots: 0.0ms
[2025-08-22T01:17:37.514+0000][1692266][info ][gc,phases   ] GC(621)   Evacuate Collection Set: 0.7ms
[2025-08-22T01:17:37.514+0000][1692266][info ][gc,phases   ] GC(621)   Post Evacuate Collection Set: 0.8ms
[2025-08-22T01:17:37.514+0000][1692266][info ][gc,phases   ] GC(621)   Other: 0.1ms
[2025-08-22T01:17:37.514+0000][1692266][trace][gc,age      ] GC(621) Age table with threshold 15 (max threshold 15)
[2025-08-22T01:17:37.514+0000][1692266][trace][gc,age      ] GC(621) - age   1:      14664 bytes,      14664 total
[2025-08-22T01:17:37.514+0000][1692266][trace][gc,age      ] GC(621) - age   2:        552 bytes,      15216 total
[2025-08-22T01:17:37.514+0000][1692266][trace][gc,age      ] GC(621) - age   3:        216 bytes,      15432 total
[2025-08-22T01:17:37.514+0000][1692266][trace][gc,age      ] GC(621) - age   4:        176 bytes,      15608 total
[2025-08-22T01:17:37.514+0000][1692266][info ][gc,heap     ] GC(621) Eden regions: 75->0(75)
[2025-08-22T01:17:37.514+0000][1692266][info ][gc,heap     ] GC(621) Survivor regions: 1->1(10)
[2025-08-22T01:17:37.514+0000][1692266][info ][gc,heap     ] GC(621) Old regions: 23->23
[2025-08-22T01:17:37.514+0000][1692266][info ][gc,heap     ] GC(621) Humongous regions: 0->0
[2025-08-22T01:17:37.514+0000][1692266][info ][gc,metaspace] GC(621) Metaspace: 142396K(148544K)->142396K(148544K) NonClass: 123435K(127104K)->123435K(127104K) Class: 18960K(21440K)->18960K(21440K)
[2025-08-22T01:17:37.514+0000][1692266][info ][gc          ] GC(621) Pause Young (Normal) (G1 Evacuation Pause) 390M->90M(512M) 249.818ms
[2025-08-22T01:17:37.514+0000][1692266][info ][gc,cpu      ] GC(621) User=0.00s Sys=0.00s Real=0.25s
[2025-08-22T01:17:37.514+0000][1692266][info ][safepoint   ] Safepoint "G1CollectForAllocation", Time since last: 444689062540 ns, Reaching safepoint: 9494 ns, Cleanup: 1783 ns, At safepoint: 249878347 ns, Total: 249889624 ns
[2025-08-22T01:25:01.197+0000][1692266][info ][gc,start    ] GC(622) Pause Young (Normal) (G1 Evacuation Pause)
[2025-08-22T01:25:01.198+0000][1692266][info ][gc,task     ] GC(622) Using 1 workers of 1 for evacuation
[2025-08-22T01:25:01.198+0000][1692266][debug][gc,age      ] GC(622) Desired survivor size 20971520 bytes, new threshold 15 (max threshold 15)
[2025-08-22T01:25:01.199+0000][1692266][info ][gc,phases   ] GC(622)   Pre Evacuate Collection Set: 0.1ms
[2025-08-22T01:25:01.199+0000][1692266][info ][gc,phases   ] GC(622)   Merge Heap Roots: 0.0ms
[2025-08-22T01:25:01.199+0000][1692266][info ][gc,phases   ] GC(622)   Evacuate Collection Set: 0.7ms
[2025-08-22T01:25:01.199+0000][1692266][info ][gc,phases   ] GC(622)   Post Evacuate Collection Set: 0.8ms
[2025-08-22T01:25:01.199+0000][1692266][info ][gc,phases   ] GC(622)   Other: 0.0ms
[2025-08-22T01:25:01.199+0000][1692266][trace][gc,age      ] GC(622) Age table with threshold 15 (max threshold 15)
[2025-08-22T01:25:01.199+0000][1692266][trace][gc,age      ] GC(622) - age   1:      16144 bytes,      16144 total
[2025-08-22T01:25:01.199+0000][1692266][trace][gc,age      ] GC(622) - age   2:        112 bytes,      16256 total
[2025-08-22T01:25:01.199+0000][1692266][trace][gc,age      ] GC(622) - age   4:        216 bytes,      16472 total
[2025-08-22T01:25:01.199+0000][1692266][trace][gc,age      ] GC(622) - age   5:        176 bytes,      16648 total
[2025-08-22T01:25:01.199+0000][1692266][info ][gc,heap     ] GC(622) Eden regions: 75->0(75)
[2025-08-22T01:25:01.199+0000][1692266][info ][gc,heap     ] GC(622) Survivor regions: 1->1(10)
[2025-08-22T01:25:01.199+0000][1692266][info ][gc,heap     ] GC(622) Old regions: 23->23
[2025-08-22T01:25:01.199+0000][1692266][info ][gc,heap     ] GC(622) Humongous regions: 0->0
[2025-08-22T01:25:01.199+0000][1692266][info ][gc,metaspace] GC(622) Metaspace: 142396K(148544K)->142396K(148544K) NonClass: 123435K(127104K)->123435K(127104K) Class: 18960K(21440K)->18960K(21440K)
[2025-08-22T01:25:01.199+0000][1692266][info ][gc          ] GC(622) Pause Young (Normal) (G1 Evacuation Pause) 390M->90M(512M) 2.151ms
[2025-08-22T01:25:01.199+0000][1692266][info ][gc,cpu      ] GC(622) User=0.00s Sys=0.00s Real=0.00s
[2025-08-22T01:25:01.199+0000][1692266][info ][safepoint   ] Safepoint "G1CollectForAllocation", Time since last: 443683178553 ns, Reaching safepoint: 8793 ns, Cleanup: 3626 ns, At safepoint: 2191860 ns, Total: 2204279 ns
[2025-08-22T01:30:00.220+0000][1692266][info ][safepoint   ] Safepoint "Cleanup", Time since last: 299020521391 ns, Reaching safepoint: 39840 ns, Cleanup: 16095 ns, At safepoint: 2353 ns, Total: 58288 ns
[2025-08-22T01:31:59.228+0000][1692266][info ][safepoint   ] Safepoint "Cleanup", Time since last: 119007413105 ns, Reaching safepoint: 239982 ns, Cleanup: 15934 ns, At safepoint: 5679 ns, Total: 261595 ns
[2025-08-22T01:32:23.240+0000][1692266][info ][gc,start    ] GC(623) Pause Young (Normal) (G1 Evacuation Pause)
[2025-08-22T01:32:23.240+0000][1692266][info ][gc,task     ] GC(623) Using 1 workers of 1 for evacuation
[2025-08-22T01:32:23.240+0000][1692266][debug][gc,age      ] GC(623) Desired survivor size 20971520 bytes, new threshold 15 (max threshold 15)
[2025-08-22T01:32:23.243+0000][1692266][info ][gc,phases   ] GC(623)   Pre Evacuate Collection Set: 0.1ms
[2025-08-22T01:32:23.243+0000][1692266][info ][gc,phases   ] GC(623)   Merge Heap Roots: 0.0ms
[2025-08-22T01:32:23.243+0000][1692266][info ][gc,phases   ] GC(623)   Evacuate Collection Set: 1.3ms
[2025-08-22T01:32:23.243+0000][1692266][info ][gc,phases   ] GC(623)   Post Evacuate Collection Set: 0.8ms
[2025-08-22T01:32:23.243+0000][1692266][info ][gc,phases   ] GC(623)   Other: 0.0ms
[2025-08-22T01:32:23.243+0000][1692266][trace][gc,age      ] GC(623) Age table with threshold 15 (max threshold 15)
[2025-08-22T01:32:23.243+0000][1692266][trace][gc,age      ] GC(623) - age   1:      26968 bytes,      26968 total
[2025-08-22T01:32:23.243+0000][1692266][trace][gc,age      ] GC(623) - age   2:        552 bytes,      27520 total
[2025-08-22T01:32:23.243+0000][1692266][trace][gc,age      ] GC(623) - age   5:        216 bytes,      27736 total
[2025-08-22T01:32:23.243+0000][1692266][trace][gc,age      ] GC(623) - age   6:        176 bytes,      27912 total
[2025-08-22T01:32:23.243+0000][1692266][info ][gc,heap     ] GC(623) Eden regions: 75->0(75)
[2025-08-22T01:32:23.243+0000][1692266][info ][gc,heap     ] GC(623) Survivor regions: 1->1(10)
[2025-08-22T01:32:23.243+0000][1692266][info ][gc,heap     ] GC(623) Old regions: 23->23
[2025-08-22T01:32:23.243+0000][1692266][info ][gc,heap     ] GC(623) Humongous regions: 0->0
[2025-08-22T01:32:23.243+0000][1692266][info ][gc,metaspace] GC(623) Metaspace: 142396K(148544K)->142396K(148544K) NonClass: 123436K(127104K)->123436K(127104K) Class: 18960K(21440K)->18960K(21440K)
[2025-08-22T01:32:23.243+0000][1692266][info ][gc          ] GC(623) Pause Young (Normal) (G1 Evacuation Pause) 390M->90M(512M) 2.388ms
[2025-08-22T01:32:23.243+0000][1692266][info ][gc,cpu      ] GC(623) User=0.00s Sys=0.00s Real=0.00s
[2025-08-22T01:32:23.243+0000][1692266][info ][safepoint   ] Safepoint "G1CollectForAllocation", Time since last: 24012755126 ns, Reaching safepoint: 9955 ns, Cleanup: 2614 ns, At safepoint: 2428567 ns, Total: 2441136 ns
[2025-08-22T01:35:24.254+0000][1692266][info ][safepoint   ] Safepoint "Cleanup", Time since last: 181010709709 ns, Reaching safepoint: 70136 ns, Cleanup: 20030 ns, At safepoint: 2293 ns, Total: 92459 ns
[2025-08-22T01:38:00.263+0000][1692266][info ][safepoint   ] Safepoint "Cleanup", Time since last: 156009398491 ns, Reaching safepoint: 269958 ns, Cleanup: 36435 ns, At safepoint: 2454 ns, Total: 308847 ns
[2025-08-22T01:39:44.635+0000][1692266][info ][gc,start    ] GC(624) Pause Young (Normal) (G1 Evacuation Pause)
[2025-08-22T01:39:44.635+0000][1692266][info ][gc,task     ] GC(624) Using 1 workers of 1 for evacuation
[2025-08-22T01:39:44.635+0000][1692266][debug][gc,age      ] GC(624) Desired survivor size 20971520 bytes, new threshold 15 (max threshold 15)
[2025-08-22T01:39:44.637+0000][1692266][info ][gc,phases   ] GC(624)   Pre Evacuate Collection Set: 0.1ms
[2025-08-22T01:39:44.637+0000][1692266][info ][gc,phases   ] GC(624)   Merge Heap Roots: 0.0ms
[2025-08-22T01:39:44.637+0000][1692266][info ][gc,phases   ] GC(624)   Evacuate Collection Set: 1.0ms
[2025-08-22T01:39:44.637+0000][1692266][info ][gc,phases   ] GC(624)   Post Evacuate Collection Set: 0.8ms
[2025-08-22T01:39:44.637+0000][1692266][info ][gc,phases   ] GC(624)   Other: 0.0ms
[2025-08-22T01:39:44.637+0000][1692266][trace][gc,age      ] GC(624) Age table with threshold 15 (max threshold 15)
[2025-08-22T01:39:44.637+0000][1692266][trace][gc,age      ] GC(624) - age   1:      80992 bytes,      80992 total
[2025-08-22T01:39:44.637+0000][1692266][trace][gc,age      ] GC(624) - age   2:       1320 bytes,      82312 total
[2025-08-22T01:39:44.637+0000][1692266][trace][gc,age      ] GC(624) - age   6:        216 bytes,      82528 total
[2025-08-22T01:39:44.637+0000][1692266][trace][gc,age      ] GC(624) - age   7:        176 bytes,      82704 total
[2025-08-22T01:39:44.637+0000][1692266][info ][gc,heap     ] GC(624) Eden regions: 75->0(75)
[2025-08-22T01:39:44.637+0000][1692266][info ][gc,heap     ] GC(624) Survivor regions: 1->1(10)
[2025-08-22T01:39:44.637+0000][1692266][info ][gc,heap     ] GC(624) Old regions: 23->23
[2025-08-22T01:39:44.637+0000][1692266][info ][gc,heap     ] GC(624) Humongous regions: 0->0
[2025-08-22T01:39:44.637+0000][1692266][info ][gc,metaspace] GC(624) Metaspace: 142405K(148544K)->142405K(148544K) NonClass: 123444K(127104K)->123444K(127104K) Class: 18960K(21440K)->18960K(21440K)
[2025-08-22T01:39:44.637+0000][1692266][info ][gc          ] GC(624) Pause Young (Normal) (G1 Evacuation Pause) 390M->90M(512M) 2.508ms
[2025-08-22T01:39:44.637+0000][1692266][info ][gc,cpu      ] GC(624) User=0.00s Sys=0.00s Real=0.01s
[2025-08-22T01:39:44.637+0000][1692266][info ][safepoint   ] Safepoint "G1CollectForAllocation", Time since last: 104371200577 ns, Reaching safepoint: 8112 ns, Cleanup: 3786 ns, At safepoint: 2546836 ns, Total: 2558734 ns
[2025-08-22T01:47:08.398+0000][1692266][info ][gc,start    ] GC(625) Pause Young (Normal) (G1 Evacuation Pause)
[2025-08-22T01:47:08.398+0000][1692266][info ][gc,task     ] GC(625) Using 1 workers of 1 for evacuation
[2025-08-22T01:47:08.398+0000][1692266][debug][gc,age      ] GC(625) Desired survivor size 20971520 bytes, new threshold 15 (max threshold 15)
[2025-08-22T01:47:08.400+0000][1692266][info ][gc,phases   ] GC(625)   Pre Evacuate Collection Set: 0.0ms
[2025-08-22T01:47:08.400+0000][1692266][info ][gc,phases   ] GC(625)   Merge Heap Roots: 0.0ms
[2025-08-22T01:47:08.400+0000][1692266][info ][gc,phases   ] GC(625)   Evacuate Collection Set: 0.7ms
[2025-08-22T01:47:08.400+0000][1692266][info ][gc,phases   ] GC(625)   Post Evacuate Collection Set: 0.8ms
[2025-08-22T01:47:08.400+0000][1692266][info ][gc,phases   ] GC(625)   Other: 0.0ms
[2025-08-22T01:47:08.400+0000][1692266][trace][gc,age      ] GC(625) Age table with threshold 15 (max threshold 15)
[2025-08-22T01:47:08.400+0000][1692266][trace][gc,age      ] GC(625) - age   1:      19624 bytes,      19624 total
[2025-08-22T01:47:08.400+0000][1692266][trace][gc,age      ] GC(625) - age   2:      57944 bytes,      77568 total
[2025-08-22T01:47:08.400+0000][1692266][trace][gc,age      ] GC(625) - age   3:        768 bytes,      78336 total
[2025-08-22T01:47:08.400+0000][1692266][trace][gc,age      ] GC(625) - age   7:        216 bytes,      78552 total
[2025-08-22T01:47:08.400+0000][1692266][trace][gc,age      ] GC(625) - age   8:        176 bytes,      78728 total
[2025-08-22T01:47:08.400+0000][1692266][info ][gc,heap     ] GC(625) Eden regions: 75->0(75)
[2025-08-22T01:47:08.400+0000][1692266][info ][gc,heap     ] GC(625) Survivor regions: 1->1(10)
[2025-08-22T01:47:08.400+0000][1692266][info ][gc,heap     ] GC(625) Old regions: 23->23
[2025-08-22T01:47:08.400+0000][1692266][info ][gc,heap     ] GC(625) Humongous regions: 0->0
[2025-08-22T01:47:08.400+0000][1692266][info ][gc,metaspace] GC(625) Metaspace: 142405K(148544K)->142405K(148544K) NonClass: 123444K(127104K)->123444K(127104K) Class: 18960K(21440K)->18960K(21440K)
[2025-08-22T01:47:08.400+0000][1692266][info ][gc          ] GC(625) Pause Young (Normal) (G1 Evacuation Pause) 390M->90M(512M) 1.892ms
[2025-08-22T01:47:08.400+0000][1692266][info ][gc,cpu      ] GC(625) User=0.01s Sys=0.00s Real=0.00s
[2025-08-22T01:47:08.400+0000][1692266][info ][safepoint   ] Safepoint "G1CollectForAllocation", Time since last: 443760550990 ns, Reaching safepoint: 7882 ns, Cleanup: 3175 ns, At safepoint: 1928382 ns, Total: 1939439 ns
[2025-08-22T01:54:30.807+0000][1692266][info ][gc,start    ] GC(626) Pause Young (Normal) (G1 Evacuation Pause)
[2025-08-22T01:54:30.808+0000][1692266][info ][gc,task     ] GC(626) Using 1 workers of 1 for evacuation
[2025-08-22T01:54:30.808+0000][1692266][debug][gc,age      ] GC(626) Desired survivor size 20971520 bytes, new threshold 15 (max threshold 15)
[2025-08-22T01:54:30.809+0000][1692266][info ][gc,phases   ] GC(626)   Pre Evacuate Collection Set: 0.1ms
[2025-08-22T01:54:30.809+0000][1692266][info ][gc,phases   ] GC(626)   Merge Heap Roots: 0.0ms
[2025-08-22T01:54:30.809+0000][1692266][info ][gc,phases   ] GC(626)   Evacuate Collection Set: 0.7ms
[2025-08-22T01:54:30.809+0000][1692266][info ][gc,phases   ] GC(626)   Post Evacuate Collection Set: 0.8ms
[2025-08-22T01:54:30.809+0000][1692266][info ][gc,phases   ] GC(626)   Other: 0.0ms
[2025-08-22T01:54:30.809+0000][1692266][trace][gc,age      ] GC(626) Age table with threshold 15 (max threshold 15)
[2025-08-22T01:54:30.809+0000][1692266][trace][gc,age      ] GC(626) - age   1:      15408 bytes,      15408 total
[2025-08-22T01:54:30.809+0000][1692266][trace][gc,age      ] GC(626) - age   2:        112 bytes,      15520 total
[2025-08-22T01:54:30.809+0000][1692266][trace][gc,age      ] GC(626) - age   3:      57392 bytes,      72912 total
[2025-08-22T01:54:30.809+0000][1692266][trace][gc,age      ] GC(626) - age   4:        768 bytes,      73680 total
[2025-08-22T01:54:30.809+0000][1692266][trace][gc,age      ] GC(626) - age   8:        216 bytes,      73896 total
[2025-08-22T01:54:30.810+0000][1692266][info ][gc,heap     ] GC(626) Eden regions: 75->0(75)
[2025-08-22T01:54:30.810+0000][1692266][info ][gc,heap     ] GC(626) Survivor regions: 1->1(10)
[2025-08-22T01:54:30.810+0000][1692266][info ][gc,heap     ] GC(626) Old regions: 23->23
[2025-08-22T01:54:30.810+0000][1692266][info ][gc,heap     ] GC(626) Humongous regions: 0->0
[2025-08-22T01:54:30.810+0000][1692266][info ][gc,metaspace] GC(626) Metaspace: 142405K(148544K)->142405K(148544K) NonClass: 123444K(127104K)->123444K(127104K) Class: 18960K(21440K)->18960K(21440K)
[2025-08-22T01:54:30.810+0000][1692266][info ][gc          ] GC(626) Pause Young (Normal) (G1 Evacuation Pause) 390M->90M(512M) 2.192ms
[2025-08-22T01:54:30.810+0000][1692266][info ][gc,cpu      ] GC(626) User=0.00s Sys=0.00s Real=0.00s
[2025-08-22T01:54:30.810+0000][1692266][info ][safepoint   ] Safepoint "G1CollectForAllocation", Time since last: 442407710276 ns, Reaching safepoint: 8563 ns, Cleanup: 3686 ns, At safepoint: 2230318 ns, Total: 2242567 ns
[2025-08-22T02:01:54.188+0000][1692266][info ][gc,start    ] GC(627) Pause Young (Normal) (G1 Evacuation Pause)
[2025-08-22T02:01:54.188+0000][1692266][info ][gc,task     ] GC(627) Using 1 workers of 1 for evacuation
[2025-08-22T02:01:54.188+0000][1692266][debug][gc,age      ] GC(627) Desired survivor size 20971520 bytes, new threshold 15 (max threshold 15)
[2025-08-22T02:01:54.190+0000][1692266][info ][gc,phases   ] GC(627)   Pre Evacuate Collection Set: 0.0ms
[2025-08-22T02:01:54.190+0000][1692266][info ][gc,phases   ] GC(627)   Merge Heap Roots: 0.0ms
[2025-08-22T02:01:54.190+0000][1692266][info ][gc,phases   ] GC(627)   Evacuate Collection Set: 0.8ms
[2025-08-22T02:01:54.190+0000][1692266][info ][gc,phases   ] GC(627)   Post Evacuate Collection Set: 0.8ms
[2025-08-22T02:01:54.190+0000][1692266][info ][gc,phases   ] GC(627)   Other: 0.0ms
[2025-08-22T02:01:54.190+0000][1692266][trace][gc,age      ] GC(627) Age table with threshold 15 (max threshold 15)
[2025-08-22T02:01:54.190+0000][1692266][trace][gc,age      ] GC(627) - age   1:      20056 bytes,      20056 total
[2025-08-22T02:01:54.190+0000][1692266][trace][gc,age      ] GC(627) - age   2:        856 bytes,      20912 total
[2025-08-22T02:01:54.190+0000][1692266][trace][gc,age      ] GC(627) - age   4:      57392 bytes,      78304 total
[2025-08-22T02:01:54.190+0000][1692266][trace][gc,age      ] GC(627) - age   5:        768 bytes,      79072 total
[2025-08-22T02:01:54.190+0000][1692266][trace][gc,age      ] GC(627) - age   9:        216 bytes,      79288 total
[2025-08-22T02:01:54.190+0000][1692266][info ][gc,heap     ] GC(627) Eden regions: 75->0(75)
[2025-08-22T02:01:54.190+0000][1692266][info ][gc,heap     ] GC(627) Survivor regions: 1->1(10)
[2025-08-22T02:01:54.190+0000][1692266][info ][gc,heap     ] GC(627) Old regions: 23->23
[2025-08-22T02:01:54.190+0000][1692266][info ][gc,heap     ] GC(627) Humongous regions: 0->0
[2025-08-22T02:01:54.190+0000][1692266][info ][gc,metaspace] GC(627) Metaspace: 142405K(148544K)->142405K(148544K) NonClass: 123444K(127104K)->123444K(127104K) Class: 18960K(21440K)->18960K(21440K)
[2025-08-22T02:01:54.190+0000][1692266][info ][gc          ] GC(627) Pause Young (Normal) (G1 Evacuation Pause) 390M->90M(512M) 1.871ms
[2025-08-22T02:01:54.190+0000][1692266][info ][gc,cpu      ] GC(627) User=0.00s Sys=0.00s Real=0.00s
[2025-08-22T02:01:54.190+0000][1692266][info ][safepoint   ] Safepoint "G1CollectForAllocation", Time since last: 443378379168 ns, Reaching safepoint: 8002 ns, Cleanup: 2684 ns, At safepoint: 1917896 ns, Total: 1928582 ns
[2025-08-22T02:09:17.932+0000][1692266][info ][gc,start    ] GC(628) Pause Young (Normal) (G1 Evacuation Pause)
[2025-08-22T02:09:17.933+0000][1692266][info ][gc,task     ] GC(628) Using 1 workers of 1 for evacuation
[2025-08-22T02:09:17.933+0000][1692266][debug][gc,age      ] GC(628) Desired survivor size 20971520 bytes, new threshold 15 (max threshold 15)
[2025-08-22T02:09:17.936+0000][1692266][info ][gc,phases   ] GC(628)   Pre Evacuate Collection Set: 0.0ms
[2025-08-22T02:09:17.936+0000][1692266][info ][gc,phases   ] GC(628)   Merge Heap Roots: 0.0ms
[2025-08-22T02:09:17.936+0000][1692266][info ][gc,phases   ] GC(628)   Evacuate Collection Set: 0.8ms
[2025-08-22T02:09:17.936+0000][1692266][info ][gc,phases   ] GC(628)   Post Evacuate Collection Set: 2.1ms
[2025-08-22T02:09:17.936+0000][1692266][info ][gc,phases   ] GC(628)   Other: 0.0ms
[2025-08-22T02:09:17.936+0000][1692266][trace][gc,age      ] GC(628) Age table with threshold 15 (max threshold 15)
[2025-08-22T02:09:17.936+0000][1692266][trace][gc,age      ] GC(628) - age   1:      14840 bytes,      14840 total
[2025-08-22T02:09:17.936+0000][1692266][trace][gc,age      ] GC(628) - age   2:        424 bytes,      15264 total
[2025-08-22T02:09:17.936+0000][1692266][trace][gc,age      ] GC(628) - age   3:        176 bytes,      15440 total
[2025-08-22T02:09:17.936+0000][1692266][trace][gc,age      ] GC(628) - age   5:      57392 bytes,      72832 total
[2025-08-22T02:09:17.936+0000][1692266][trace][gc,age      ] GC(628) - age   6:        768 bytes,      73600 total
[2025-08-22T02:09:17.936+0000][1692266][trace][gc,age      ] GC(628) - age  10:        216 bytes,      73816 total
[2025-08-22T02:09:17.936+0000][1692266][info ][gc,heap     ] GC(628) Eden regions: 75->0(75)
[2025-08-22T02:09:17.936+0000][1692266][info ][gc,heap     ] GC(628) Survivor regions: 1->1(10)
[2025-08-22T02:09:17.936+0000][1692266][info ][gc,heap     ] GC(628) Old regions: 23->23
[2025-08-22T02:09:17.936+0000][1692266][info ][gc,heap     ] GC(628) Humongous regions: 0->0
[2025-08-22T02:09:17.936+0000][1692266][info ][gc,metaspace] GC(628) Metaspace: 142405K(148544K)->142405K(148544K) NonClass: 123444K(127104K)->123444K(127104K) Class: 18960K(21440K)->18960K(21440K)
[2025-08-22T02:09:17.936+0000][1692266][info ][gc          ] GC(628) Pause Young (Normal) (G1 Evacuation Pause) 390M->90M(512M) 3.459ms
[2025-08-22T02:09:17.936+0000][1692266][info ][gc,cpu      ] GC(628) User=0.00s Sys=0.00s Real=0.01s
[2025-08-22T02:09:17.936+0000][1692266][info ][safepoint   ] Safepoint "G1CollectForAllocation", Time since last: 443742428269 ns, Reaching safepoint: 11217 ns, Cleanup: 3535 ns, At safepoint: 3497121 ns, Total: 3511873 ns
[2025-08-22T02:16:39.927+0000][1692266][info ][gc,start    ] GC(629) Pause Young (Normal) (G1 Evacuation Pause)
[2025-08-22T02:16:39.928+0000][1692266][info ][gc,task     ] GC(629) Using 1 workers of 1 for evacuation
[2025-08-22T02:16:39.928+0000][1692266][debug][gc,age      ] GC(629) Desired survivor size 20971520 bytes, new threshold 15 (max threshold 15)
[2025-08-22T02:16:39.930+0000][1692266][info ][gc,phases   ] GC(629)   Pre Evacuate Collection Set: 0.2ms
[2025-08-22T02:16:39.930+0000][1692266][info ][gc,phases   ] GC(629)   Merge Heap Roots: 0.0ms
[2025-08-22T02:16:39.930+0000][1692266][info ][gc,phases   ] GC(629)   Evacuate Collection Set: 0.8ms
[2025-08-22T02:16:39.930+0000][1692266][info ][gc,phases   ] GC(629)   Post Evacuate Collection Set: 1.0ms
[2025-08-22T02:16:39.930+0000][1692266][info ][gc,phases   ] GC(629)   Other: 0.0ms
[2025-08-22T02:16:39.930+0000][1692266][trace][gc,age      ] GC(629) Age table with threshold 15 (max threshold 15)
[2025-08-22T02:16:39.930+0000][1692266][trace][gc,age      ] GC(629) - age   1:      16872 bytes,      16872 total
[2025-08-22T02:16:39.930+0000][1692266][trace][gc,age      ] GC(629) - age   2:        552 bytes,      17424 total
[2025-08-22T02:16:39.930+0000][1692266][trace][gc,age      ] GC(629) - age   4:        176 bytes,      17600 total
[2025-08-22T02:16:39.930+0000][1692266][trace][gc,age      ] GC(629) - age   6:      57392 bytes,      74992 total
[2025-08-22T02:16:39.930+0000][1692266][trace][gc,age      ] GC(629) - age   7:        768 bytes,      75760 total
[2025-08-22T02:16:39.930+0000][1692266][trace][gc,age      ] GC(629) - age  11:        216 bytes,      75976 total
[2025-08-22T02:16:39.930+0000][1692266][info ][gc,heap     ] GC(629) Eden regions: 75->0(75)
[2025-08-22T02:16:39.930+0000][1692266][info ][gc,heap     ] GC(629) Survivor regions: 1->1(10)
[2025-08-22T02:16:39.930+0000][1692266][info ][gc,heap     ] GC(629) Old regions: 23->23
[2025-08-22T02:16:39.930+0000][1692266][info ][gc,heap     ] GC(629) Humongous regions: 0->0
[2025-08-22T02:16:39.930+0000][1692266][info ][gc,metaspace] GC(629) Metaspace: 142405K(148544K)->142405K(148544K) NonClass: 123444K(127104K)->123444K(127104K) Class: 18960K(21440K)->18960K(21440K)
[2025-08-22T02:16:39.930+0000][1692266][info ][gc          ] GC(629) Pause Young (Normal) (G1 Evacuation Pause) 390M->90M(512M) 2.322ms
[2025-08-22T02:16:39.930+0000][1692266][info ][gc,cpu      ] GC(629) User=0.00s Sys=0.00s Real=0.00s
[2025-08-22T02:16:39.930+0000][1692266][info ][safepoint   ] Safepoint "G1CollectForAllocation", Time since last: 441991528795 ns, Reaching safepoint: 9344 ns, Cleanup: 2554 ns, At safepoint: 2370560 ns, Total: 2382458 ns
[2025-08-22T02:24:05.200+0000][1692266][info ][gc,start    ] GC(630) Pause Young (Normal) (G1 Evacuation Pause)
[2025-08-22T02:24:05.200+0000][1692266][info ][gc,task     ] GC(630) Using 1 workers of 1 for evacuation
[2025-08-22T02:24:05.200+0000][1692266][debug][gc,age      ] GC(630) Desired survivor size 20971520 bytes, new threshold 15 (max threshold 15)
[2025-08-22T02:24:05.202+0000][1692266][info ][gc,phases   ] GC(630)   Pre Evacuate Collection Set: 0.1ms
[2025-08-22T02:24:05.202+0000][1692266][info ][gc,phases   ] GC(630)   Merge Heap Roots: 0.0ms
[2025-08-22T02:24:05.202+0000][1692266][info ][gc,phases   ] GC(630)   Evacuate Collection Set: 0.8ms
[2025-08-22T02:24:05.202+0000][1692266][info ][gc,phases   ] GC(630)   Post Evacuate Collection Set: 1.1ms
[2025-08-22T02:24:05.202+0000][1692266][info ][gc,phases   ] GC(630)   Other: 0.0ms
[2025-08-22T02:24:05.202+0000][1692266][trace][gc,age      ] GC(630) Age table with threshold 15 (max threshold 15)
[2025-08-22T02:24:05.202+0000][1692266][trace][gc,age      ] GC(630) - age   1:      15456 bytes,      15456 total
[2025-08-22T02:24:05.202+0000][1692266][trace][gc,age      ] GC(630) - age   2:        112 bytes,      15568 total
[2025-08-22T02:24:05.202+0000][1692266][trace][gc,age      ] GC(630) - age   5:        176 bytes,      15744 total
[2025-08-22T02:24:05.202+0000][1692266][trace][gc,age      ] GC(630) - age   7:      57392 bytes,      73136 total
[2025-08-22T02:24:05.202+0000][1692266][trace][gc,age      ] GC(630) - age   8:        768 bytes,      73904 total
[2025-08-22T02:24:05.202+0000][1692266][trace][gc,age      ] GC(630) - age  12:        216 bytes,      74120 total
[2025-08-22T02:24:05.202+0000][1692266][info ][gc,heap     ] GC(630) Eden regions: 75->0(75)
[2025-08-22T02:24:05.202+0000][1692266][info ][gc,heap     ] GC(630) Survivor regions: 1->1(10)
[2025-08-22T02:24:05.202+0000][1692266][info ][gc,heap     ] GC(630) Old regions: 23->23
[2025-08-22T02:24:05.202+0000][1692266][info ][gc,heap     ] GC(630) Humongous regions: 0->0
[2025-08-22T02:24:05.202+0000][1692266][info ][gc,metaspace] GC(630) Metaspace: 142405K(148544K)->142405K(148544K) NonClass: 123444K(127104K)->123444K(127104K) Class: 18960K(21440K)->18960K(21440K)
[2025-08-22T02:24:05.202+0000][1692266][info ][gc          ] GC(630) Pause Young (Normal) (G1 Evacuation Pause) 390M->90M(512M) 2.360ms
[2025-08-22T02:24:05.202+0000][1692266][info ][gc,cpu      ] GC(630) User=0.01s Sys=0.00s Real=0.00s
[2025-08-22T02:24:05.202+0000][1692266][info ][safepoint   ] Safepoint "G1CollectForAllocation", Time since last: 445270099677 ns, Reaching safepoint: 8373 ns, Cleanup: 2674 ns, At safepoint: 2404791 ns, Total: 2415838 ns
[2025-08-22T02:31:28.990+0000][1692266][info ][gc,start    ] GC(631) Pause Young (Normal) (G1 Evacuation Pause)
[2025-08-22T02:31:28.990+0000][1692266][info ][gc,task     ] GC(631) Using 1 workers of 1 for evacuation
[2025-08-22T02:31:28.990+0000][1692266][debug][gc,age      ] GC(631) Desired survivor size 20971520 bytes, new threshold 15 (max threshold 15)
[2025-08-22T02:31:28.992+0000][1692266][info ][gc,phases   ] GC(631)   Pre Evacuate Collection Set: 0.0ms
[2025-08-22T02:31:28.992+0000][1692266][info ][gc,phases   ] GC(631)   Merge Heap Roots: 0.0ms
[2025-08-22T02:31:28.992+0000][1692266][info ][gc,phases   ] GC(631)   Evacuate Collection Set: 0.7ms
[2025-08-22T02:31:28.992+0000][1692266][info ][gc,phases   ] GC(631)   Post Evacuate Collection Set: 0.8ms
[2025-08-22T02:31:28.992+0000][1692266][info ][gc,phases   ] GC(631)   Other: 0.0ms
[2025-08-22T02:31:28.992+0000][1692266][trace][gc,age      ] GC(631) Age table with threshold 15 (max threshold 15)
[2025-08-22T02:31:28.992+0000][1692266][trace][gc,age      ] GC(631) - age   1:      15040 bytes,      15040 total
[2025-08-22T02:31:28.992+0000][1692266][trace][gc,age      ] GC(631) - age   2:        680 bytes,      15720 total
[2025-08-22T02:31:28.992+0000][1692266][trace][gc,age      ] GC(631) - age   6:        176 bytes,      15896 total
[2025-08-22T02:31:28.992+0000][1692266][trace][gc,age      ] GC(631) - age   8:      57392 bytes,      73288 total
[2025-08-22T02:31:28.992+0000][1692266][trace][gc,age      ] GC(631) - age   9:        768 bytes,      74056 total
[2025-08-22T02:31:28.992+0000][1692266][trace][gc,age      ] GC(631) - age  13:        216 bytes,      74272 total
[2025-08-22T02:31:28.992+0000][1692266][info ][gc,heap     ] GC(631) Eden regions: 75->0(75)
[2025-08-22T02:31:28.992+0000][1692266][info ][gc,heap     ] GC(631) Survivor regions: 1->1(10)
[2025-08-22T02:31:28.992+0000][1692266][info ][gc,heap     ] GC(631) Old regions: 23->23
[2025-08-22T02:31:28.992+0000][1692266][info ][gc,heap     ] GC(631) Humongous regions: 0->0
[2025-08-22T02:31:28.992+0000][1692266][info ][gc,metaspace] GC(631) Metaspace: 142405K(148544K)->142405K(148544K) NonClass: 123444K(127104K)->123444K(127104K) Class: 18960K(21440K)->18960K(21440K)
[2025-08-22T02:31:28.992+0000][1692266][info ][gc          ] GC(631) Pause Young (Normal) (G1 Evacuation Pause) 390M->90M(512M) 2.163ms
[2025-08-22T02:31:28.992+0000][1692266][info ][gc,cpu      ] GC(631) User=0.01s Sys=0.00s Real=0.00s
[2025-08-22T02:31:28.992+0000][1692266][info ][safepoint   ] Safepoint "G1CollectForAllocation", Time since last: 443787336147 ns, Reaching safepoint: 7692 ns, Cleanup: 3325 ns, At safepoint: 2202666 ns, Total: 2213683 ns
[2025-08-22T02:38:53.375+0000][1692266][info ][gc,start    ] GC(632) Pause Young (Normal) (G1 Evacuation Pause)
[2025-08-22T02:38:53.375+0000][1692266][info ][gc,task     ] GC(632) Using 1 workers of 1 for evacuation
[2025-08-22T02:38:53.375+0000][1692266][debug][gc,age      ] GC(632) Desired survivor size 20971520 bytes, new threshold 15 (max threshold 15)
[2025-08-22T02:38:53.377+0000][1692266][info ][gc,phases   ] GC(632)   Pre Evacuate Collection Set: 0.1ms
[2025-08-22T02:38:53.377+0000][1692266][info ][gc,phases   ] GC(632)   Merge Heap Roots: 0.0ms
[2025-08-22T02:38:53.377+0000][1692266][info ][gc,phases   ] GC(632)   Evacuate Collection Set: 0.7ms
[2025-08-22T02:38:53.377+0000][1692266][info ][gc,phases   ] GC(632)   Post Evacuate Collection Set: 0.8ms
[2025-08-22T02:38:53.377+0000][1692266][info ][gc,phases   ] GC(632)   Other: 0.0ms
[2025-08-22T02:38:53.377+0000][1692266][trace][gc,age      ] GC(632) Age table with threshold 15 (max threshold 15)
[2025-08-22T02:38:53.377+0000][1692266][trace][gc,age      ] GC(632) - age   1:      15776 bytes,      15776 total
[2025-08-22T02:38:53.377+0000][1692266][trace][gc,age      ] GC(632) - age   2:        424 bytes,      16200 total
[2025-08-22T02:38:53.377+0000][1692266][trace][gc,age      ] GC(632) - age   7:        176 bytes,      16376 total
[2025-08-22T02:38:53.377+0000][1692266][trace][gc,age      ] GC(632) - age   9:      57392 bytes,      73768 total
[2025-08-22T02:38:53.377+0000][1692266][trace][gc,age      ] GC(632) - age  10:        768 bytes,      74536 total
[2025-08-22T02:38:53.377+0000][1692266][trace][gc,age      ] GC(632) - age  14:        216 bytes,      74752 total
[2025-08-22T02:38:53.377+0000][1692266][info ][gc,heap     ] GC(632) Eden regions: 75->0(75)
[2025-08-22T02:38:53.377+0000][1692266][info ][gc,heap     ] GC(632) Survivor regions: 1->1(10)
[2025-08-22T02:38:53.377+0000][1692266][info ][gc,heap     ] GC(632) Old regions: 23->23
[2025-08-22T02:38:53.377+0000][1692266][info ][gc,heap     ] GC(632) Humongous regions: 0->0
[2025-08-22T02:38:53.377+0000][1692266][info ][gc,metaspace] GC(632) Metaspace: 142405K(148544K)->142405K(148544K) NonClass: 123444K(127104K)->123444K(127104K) Class: 18960K(21440K)->18960K(21440K)
[2025-08-22T02:38:53.377+0000][1692266][info ][gc          ] GC(632) Pause Young (Normal) (G1 Evacuation Pause) 390M->90M(512M) 2.048ms
[2025-08-22T02:38:53.377+0000][1692266][info ][gc,cpu      ] GC(632) User=0.00s Sys=0.00s Real=0.01s
[2025-08-22T02:38:53.377+0000][1692266][info ][safepoint   ] Safepoint "G1CollectForAllocation", Time since last: 444382899439 ns, Reaching safepoint: 8272 ns, Cleanup: 3215 ns, At safepoint: 2084628 ns, Total: 2096115 ns
[2025-08-22T02:46:16.024+0000][1692266][info ][gc,start    ] GC(633) Pause Young (Normal) (G1 Evacuation Pause)
[2025-08-22T02:46:16.024+0000][1692266][info ][gc,task     ] GC(633) Using 1 workers of 1 for evacuation
[2025-08-22T02:46:16.024+0000][1692266][debug][gc,age      ] GC(633) Desired survivor size 20971520 bytes, new threshold 15 (max threshold 15)
[2025-08-22T02:46:16.026+0000][1692266][info ][gc,phases   ] GC(633)   Pre Evacuate Collection Set: 0.1ms
[2025-08-22T02:46:16.026+0000][1692266][info ][gc,phases   ] GC(633)   Merge Heap Roots: 0.0ms
[2025-08-22T02:46:16.026+0000][1692266][info ][gc,phases   ] GC(633)   Evacuate Collection Set: 0.8ms
[2025-08-22T02:46:16.026+0000][1692266][info ][gc,phases   ] GC(633)   Post Evacuate Collection Set: 1.0ms
[2025-08-22T02:46:16.026+0000][1692266][info ][gc,phases   ] GC(633)   Other: 0.0ms
[2025-08-22T02:46:16.026+0000][1692266][trace][gc,age      ] GC(633) Age table with threshold 15 (max threshold 15)
[2025-08-22T02:46:16.026+0000][1692266][trace][gc,age      ] GC(633) - age   1:      17032 bytes,      17032 total
[2025-08-22T02:46:16.026+0000][1692266][trace][gc,age      ] GC(633) - age   2:        552 bytes,      17584 total
[2025-08-22T02:46:16.026+0000][1692266][trace][gc,age      ] GC(633) - age   8:        176 bytes,      17760 total
[2025-08-22T02:46:16.026+0000][1692266][trace][gc,age      ] GC(633) - age  10:      57392 bytes,      75152 total
[2025-08-22T02:46:16.026+0000][1692266][trace][gc,age      ] GC(633) - age  11:        768 bytes,      75920 total
[2025-08-22T02:46:16.026+0000][1692266][trace][gc,age      ] GC(633) - age  15:        216 bytes,      76136 total
[2025-08-22T02:46:16.026+0000][1692266][info ][gc,heap     ] GC(633) Eden regions: 75->0(75)
[2025-08-22T02:46:16.026+0000][1692266][info ][gc,heap     ] GC(633) Survivor regions: 1->1(10)
[2025-08-22T02:46:16.026+0000][1692266][info ][gc,heap     ] GC(633) Old regions: 23->23
[2025-08-22T02:46:16.026+0000][1692266][info ][gc,heap     ] GC(633) Humongous regions: 0->0
[2025-08-22T02:46:16.026+0000][1692266][info ][gc,metaspace] GC(633) Metaspace: 142405K(148544K)->142405K(148544K) NonClass: 123444K(127104K)->123444K(127104K) Class: 18960K(21440K)->18960K(21440K)
[2025-08-22T02:46:16.026+0000][1692266][info ][gc          ] GC(633) Pause Young (Normal) (G1 Evacuation Pause) 390M->90M(512M) 2.209ms
[2025-08-22T02:46:16.026+0000][1692266][info ][gc,cpu      ] GC(633) User=0.00s Sys=0.00s Real=0.01s
[2025-08-22T02:46:16.026+0000][1692266][info ][safepoint   ] Safepoint "G1CollectForAllocation", Time since last: 442647225068 ns, Reaching safepoint: 10366 ns, Cleanup: 2534 ns, At safepoint: 2246532 ns, Total: 2259432 ns
[2025-08-22T02:53:40.983+0000][1692266][info ][gc,start    ] GC(634) Pause Young (Normal) (G1 Evacuation Pause)
[2025-08-22T02:53:40.983+0000][1692266][info ][gc,task     ] GC(634) Using 1 workers of 1 for evacuation
[2025-08-22T02:53:40.983+0000][1692266][debug][gc,age      ] GC(634) Desired survivor size 20971520 bytes, new threshold 15 (max threshold 15)
[2025-08-22T02:53:40.986+0000][1692266][info ][gc,phases   ] GC(634)   Pre Evacuate Collection Set: 0.1ms
[2025-08-22T02:53:40.986+0000][1692266][info ][gc,phases   ] GC(634)   Merge Heap Roots: 0.0ms
[2025-08-22T02:53:40.986+0000][1692266][info ][gc,phases   ] GC(634)   Evacuate Collection Set: 1.7ms
[2025-08-22T02:53:40.986+0000][1692266][info ][gc,phases   ] GC(634)   Post Evacuate Collection Set: 0.8ms
[2025-08-22T02:53:40.986+0000][1692266][info ][gc,phases   ] GC(634)   Other: 0.0ms
[2025-08-22T02:53:40.986+0000][1692266][trace][gc,age      ] GC(634) Age table with threshold 15 (max threshold 15)
[2025-08-22T02:53:40.986+0000][1692266][trace][gc,age      ] GC(634) - age   1:      23024 bytes,      23024 total
[2025-08-22T02:53:40.986+0000][1692266][trace][gc,age      ] GC(634) - age   2:        112 bytes,      23136 total
[2025-08-22T02:53:40.986+0000][1692266][trace][gc,age      ] GC(634) - age  11:      57392 bytes,      80528 total
[2025-08-22T02:53:40.986+0000][1692266][trace][gc,age      ] GC(634) - age  12:        768 bytes,      81296 total
[2025-08-22T02:53:40.986+0000][1692266][info ][gc,heap     ] GC(634) Eden regions: 75->0(75)
[2025-08-22T02:53:40.986+0000][1692266][info ][gc,heap     ] GC(634) Survivor regions: 1->1(10)
[2025-08-22T02:53:40.986+0000][1692266][info ][gc,heap     ] GC(634) Old regions: 23->23
[2025-08-22T02:53:40.986+0000][1692266][info ][gc,heap     ] GC(634) Humongous regions: 0->0
[2025-08-22T02:53:40.986+0000][1692266][info ][gc,metaspace] GC(634) Metaspace: 142405K(148544K)->142405K(148544K) NonClass: 123444K(127104K)->123444K(127104K) Class: 18960K(21440K)->18960K(21440K)
[2025-08-22T02:53:40.986+0000][1692266][info ][gc          ] GC(634) Pause Young (Normal) (G1 Evacuation Pause) 390M->90M(512M) 2.827ms
[2025-08-22T02:53:40.986+0000][1692266][info ][gc,cpu      ] GC(634) User=0.00s Sys=0.00s Real=0.01s
[2025-08-22T02:53:40.986+0000][1692266][info ][safepoint   ] Safepoint "G1CollectForAllocation", Time since last: 444956857649 ns, Reaching safepoint: 9024 ns, Cleanup: 2614 ns, At safepoint: 2865266 ns, Total: 2876904 ns
[2025-08-22T03:01:03.337+0000][1692266][info ][gc,start    ] GC(635) Pause Young (Normal) (G1 Evacuation Pause)
[2025-08-22T03:01:03.337+0000][1692266][info ][gc,task     ] GC(635) Using 1 workers of 1 for evacuation
[2025-08-22T03:01:03.337+0000][1692266][debug][gc,age      ] GC(635) Desired survivor size 20971520 bytes, new threshold 15 (max threshold 15)
[2025-08-22T03:01:03.339+0000][1692266][info ][gc,phases   ] GC(635)   Pre Evacuate Collection Set: 0.0ms
[2025-08-22T03:01:03.339+0000][1692266][info ][gc,phases   ] GC(635)   Merge Heap Roots: 0.0ms
[2025-08-22T03:01:03.339+0000][1692266][info ][gc,phases   ] GC(635)   Evacuate Collection Set: 0.7ms
[2025-08-22T03:01:03.339+0000][1692266][info ][gc,phases   ] GC(635)   Post Evacuate Collection Set: 0.8ms
[2025-08-22T03:01:03.339+0000][1692266][info ][gc,phases   ] GC(635)   Other: 0.0ms
[2025-08-22T03:01:03.339+0000][1692266][trace][gc,age      ] GC(635) Age table with threshold 15 (max threshold 15)
[2025-08-22T03:01:03.339+0000][1692266][trace][gc,age      ] GC(635) - age   1:      33184 bytes,      33184 total
[2025-08-22T03:01:03.339+0000][1692266][trace][gc,age      ] GC(635) - age   2:        856 bytes,      34040 total
[2025-08-22T03:01:03.339+0000][1692266][trace][gc,age      ] GC(635) - age  12:      57392 bytes,      91432 total
[2025-08-22T03:01:03.339+0000][1692266][trace][gc,age      ] GC(635) - age  13:        768 bytes,      92200 total
[2025-08-22T03:01:03.339+0000][1692266][info ][gc,heap     ] GC(635) Eden regions: 75->0(75)
[2025-08-22T03:01:03.339+0000][1692266][info ][gc,heap     ] GC(635) Survivor regions: 1->1(10)
[2025-08-22T03:01:03.339+0000][1692266][info ][gc,heap     ] GC(635) Old regions: 23->23
[2025-08-22T03:01:03.339+0000][1692266][info ][gc,heap     ] GC(635) Humongous regions: 0->0
[2025-08-22T03:01:03.339+0000][1692266][info ][gc,metaspace] GC(635) Metaspace: 142405K(148544K)->142405K(148544K) NonClass: 123444K(127104K)->123444K(127104K) Class: 18960K(21440K)->18960K(21440K)
[2025-08-22T03:01:03.339+0000][1692266][info ][gc          ] GC(635) Pause Young (Normal) (G1 Evacuation Pause) 390M->90M(512M) 2.102ms
[2025-08-22T03:01:03.339+0000][1692266][info ][gc,cpu      ] GC(635) User=0.00s Sys=0.00s Real=0.00s
[2025-08-22T03:01:03.339+0000][1692266][info ][safepoint   ] Safepoint "G1CollectForAllocation", Time since last: 442351042447 ns, Reaching safepoint: 8683 ns, Cleanup: 3085 ns, At safepoint: 2138309 ns, Total: 2150077 ns
[2025-08-22T03:08:27.651+0000][1692266][info ][gc,start    ] GC(636) Pause Young (Normal) (G1 Evacuation Pause)
[2025-08-22T03:08:27.652+0000][1692266][info ][gc,task     ] GC(636) Using 1 workers of 1 for evacuation
[2025-08-22T03:08:27.652+0000][1692266][debug][gc,age      ] GC(636) Desired survivor size 20971520 bytes, new threshold 15 (max threshold 15)
[2025-08-22T03:08:27.653+0000][1692266][info ][gc,phases   ] GC(636)   Pre Evacuate Collection Set: 0.1ms
[2025-08-22T03:08:27.653+0000][1692266][info ][gc,phases   ] GC(636)   Merge Heap Roots: 0.0ms
[2025-08-22T03:08:27.653+0000][1692266][info ][gc,phases   ] GC(636)   Evacuate Collection Set: 0.7ms
[2025-08-22T03:08:27.653+0000][1692266][info ][gc,phases   ] GC(636)   Post Evacuate Collection Set: 0.9ms
[2025-08-22T03:08:27.653+0000][1692266][info ][gc,phases   ] GC(636)   Other: 0.0ms
[2025-08-22T03:08:27.653+0000][1692266][trace][gc,age      ] GC(636) Age table with threshold 15 (max threshold 15)
[2025-08-22T03:08:27.653+0000][1692266][trace][gc,age      ] GC(636) - age   1:      15928 bytes,      15928 total
[2025-08-22T03:08:27.653+0000][1692266][trace][gc,age      ] GC(636) - age   2:        424 bytes,      16352 total
[2025-08-22T03:08:27.653+0000][1692266][trace][gc,age      ] GC(636) - age   3:        176 bytes,      16528 total
[2025-08-22T03:08:27.653+0000][1692266][trace][gc,age      ] GC(636) - age  13:      57392 bytes,      73920 total
[2025-08-22T03:08:27.653+0000][1692266][trace][gc,age      ] GC(636) - age  14:        768 bytes,      74688 total
[2025-08-22T03:08:27.653+0000][1692266][info ][gc,heap     ] GC(636) Eden regions: 75->0(75)
[2025-08-22T03:08:27.653+0000][1692266][info ][gc,heap     ] GC(636) Survivor regions: 1->1(10)
[2025-08-22T03:08:27.653+0000][1692266][info ][gc,heap     ] GC(636) Old regions: 23->23
[2025-08-22T03:08:27.653+0000][1692266][info ][gc,heap     ] GC(636) Humongous regions: 0->0
[2025-08-22T03:08:27.653+0000][1692266][info ][gc,metaspace] GC(636) Metaspace: 142405K(148544K)->142405K(148544K) NonClass: 123444K(127104K)->123444K(127104K) Class: 18960K(21440K)->18960K(21440K)
[2025-08-22T03:08:27.653+0000][1692266][info ][gc          ] GC(636) Pause Young (Normal) (G1 Evacuation Pause) 390M->90M(512M) 2.191ms
[2025-08-22T03:08:27.653+0000][1692266][info ][gc,cpu      ] GC(636) User=0.01s Sys=0.00s Real=0.00s
[2025-08-22T03:08:27.653+0000][1692266][info ][safepoint   ] Safepoint "G1CollectForAllocation", Time since last: 444311943417 ns, Reaching safepoint: 8142 ns, Cleanup: 3365 ns, At safepoint: 2236637 ns, Total: 2248144 ns
[2025-08-22T03:15:52.115+0000][1692266][info ][gc,start    ] GC(637) Pause Young (Normal) (G1 Evacuation Pause)
[2025-08-22T03:15:52.115+0000][1692266][info ][gc,task     ] GC(637) Using 1 workers of 1 for evacuation
[2025-08-22T03:15:52.115+0000][1692266][debug][gc,age      ] GC(637) Desired survivor size 20971520 bytes, new threshold 15 (max threshold 15)
[2025-08-22T03:15:52.117+0000][1692266][info ][gc,phases   ] GC(637)   Pre Evacuate Collection Set: 0.1ms
[2025-08-22T03:15:52.117+0000][1692266][info ][gc,phases   ] GC(637)   Merge Heap Roots: 0.0ms
[2025-08-22T03:15:52.117+0000][1692266][info ][gc,phases   ] GC(637)   Evacuate Collection Set: 0.8ms
[2025-08-22T03:15:52.117+0000][1692266][info ][gc,phases   ] GC(637)   Post Evacuate Collection Set: 0.9ms
[2025-08-22T03:15:52.117+0000][1692266][info ][gc,phases   ] GC(637)   Other: 0.0ms
[2025-08-22T03:15:52.117+0000][1692266][trace][gc,age      ] GC(637) Age table with threshold 15 (max threshold 15)
[2025-08-22T03:15:52.117+0000][1692266][trace][gc,age      ] GC(637) - age   1:      16448 bytes,      16448 total
[2025-08-22T03:15:52.117+0000][1692266][trace][gc,age      ] GC(637) - age   2:        632 bytes,      17080 total
[2025-08-22T03:15:52.117+0000][1692266][trace][gc,age      ] GC(637) - age   4:        176 bytes,      17256 total
[2025-08-22T03:15:52.117+0000][1692266][trace][gc,age      ] GC(637) - age  14:      57392 bytes,      74648 total
[2025-08-22T03:15:52.117+0000][1692266][trace][gc,age      ] GC(637) - age  15:        768 bytes,      75416 total
[2025-08-22T03:15:52.117+0000][1692266][info ][gc,heap     ] GC(637) Eden regions: 75->0(75)
[2025-08-22T03:15:52.117+0000][1692266][info ][gc,heap     ] GC(637) Survivor regions: 1->1(10)
[2025-08-22T03:15:52.117+0000][1692266][info ][gc,heap     ] GC(637) Old regions: 23->23
[2025-08-22T03:15:52.117+0000][1692266][info ][gc,heap     ] GC(637) Humongous regions: 0->0
[2025-08-22T03:15:52.117+0000][1692266][info ][gc,metaspace] GC(637) Metaspace: 142405K(148544K)->142405K(148544K) NonClass: 123444K(127104K)->123444K(127104K) Class: 18960K(21440K)->18960K(21440K)
[2025-08-22T03:15:52.117+0000][1692266][info ][gc          ] GC(637) Pause Young (Normal) (G1 Evacuation Pause) 390M->90M(512M) 2.013ms
[2025-08-22T03:15:52.117+0000][1692266][info ][gc,cpu      ] GC(637) User=0.00s Sys=0.00s Real=0.01s
[2025-08-22T03:15:52.117+0000][1692266][info ][safepoint   ] Safepoint "G1CollectForAllocation", Time since last: 444461719763 ns, Reaching safepoint: 5759 ns, Cleanup: 2444 ns, At safepoint: 2049344 ns, Total: 2057547 ns
[2025-08-22T03:23:16.497+0000][1692266][info ][gc,start    ] GC(638) Pause Young (Normal) (G1 Evacuation Pause)
[2025-08-22T03:23:16.498+0000][1692266][info ][gc,task     ] GC(638) Using 1 workers of 1 for evacuation
[2025-08-22T03:23:16.498+0000][1692266][debug][gc,age      ] GC(638) Desired survivor size 20971520 bytes, new threshold 15 (max threshold 15)
[2025-08-22T03:23:16.500+0000][1692266][info ][gc,phases   ] GC(638)   Pre Evacuate Collection Set: 0.0ms
[2025-08-22T03:23:16.500+0000][1692266][info ][gc,phases   ] GC(638)   Merge Heap Roots: 0.0ms
[2025-08-22T03:23:16.500+0000][1692266][info ][gc,phases   ] GC(638)   Evacuate Collection Set: 1.0ms
[2025-08-22T03:23:16.500+0000][1692266][info ][gc,phases   ] GC(638)   Post Evacuate Collection Set: 0.8ms
[2025-08-22T03:23:16.500+0000][1692266][info ][gc,phases   ] GC(638)   Other: 0.0ms
[2025-08-22T03:23:16.500+0000][1692266][trace][gc,age      ] GC(638) Age table with threshold 15 (max threshold 15)
[2025-08-22T03:23:16.500+0000][1692266][trace][gc,age      ] GC(638) - age   1:      15200 bytes,      15200 total
[2025-08-22T03:23:16.500+0000][1692266][trace][gc,age      ] GC(638) - age   2:         32 bytes,      15232 total
[2025-08-22T03:23:16.500+0000][1692266][trace][gc,age      ] GC(638) - age   5:        176 bytes,      15408 total
[2025-08-22T03:23:16.500+0000][1692266][trace][gc,age      ] GC(638) - age  15:      57392 bytes,      72800 total
[2025-08-22T03:23:16.500+0000][1692266][info ][gc,heap     ] GC(638) Eden regions: 75->0(75)
[2025-08-22T03:23:16.500+0000][1692266][info ][gc,heap     ] GC(638) Survivor regions: 1->1(10)
[2025-08-22T03:23:16.500+0000][1692266][info ][gc,heap     ] GC(638) Old regions: 23->23
[2025-08-22T03:23:16.500+0000][1692266][info ][gc,heap     ] GC(638) Humongous regions: 0->0
[2025-08-22T03:23:16.500+0000][1692266][info ][gc,metaspace] GC(638) Metaspace: 142405K(148544K)->142405K(148544K) NonClass: 123444K(127104K)->123444K(127104K) Class: 18960K(21440K)->18960K(21440K)
[2025-08-22T03:23:16.500+0000][1692266][info ][gc          ] GC(638) Pause Young (Normal) (G1 Evacuation Pause) 390M->90M(512M) 2.390ms
[2025-08-22T03:23:16.500+0000][1692266][info ][gc,cpu      ] GC(638) User=0.00s Sys=0.00s Real=0.00s
[2025-08-22T03:23:16.500+0000][1692266][info ][safepoint   ] Safepoint "G1CollectForAllocation", Time since last: 444379747672 ns, Reaching safepoint: 483320 ns, Cleanup: 3375 ns, At safepoint: 2434636 ns, Total: 2921331 ns
[2025-08-22T03:30:40.568+0000][1692266][info ][gc,start    ] GC(639) Pause Young (Normal) (G1 Evacuation Pause)
[2025-08-22T03:30:40.569+0000][1692266][info ][gc,task     ] GC(639) Using 1 workers of 1 for evacuation
[2025-08-22T03:30:40.569+0000][1692266][debug][gc,age      ] GC(639) Desired survivor size 20971520 bytes, new threshold 15 (max threshold 15)
[2025-08-22T03:30:40.571+0000][1692266][info ][gc,phases   ] GC(639)   Pre Evacuate Collection Set: 0.0ms
[2025-08-22T03:30:40.571+0000][1692266][info ][gc,phases   ] GC(639)   Merge Heap Roots: 0.0ms
[2025-08-22T03:30:40.571+0000][1692266][info ][gc,phases   ] GC(639)   Evacuate Collection Set: 1.2ms
[2025-08-22T03:30:40.571+0000][1692266][info ][gc,phases   ] GC(639)   Post Evacuate Collection Set: 0.8ms
[2025-08-22T03:30:40.571+0000][1692266][info ][gc,phases   ] GC(639)   Other: 0.0ms
[2025-08-22T03:30:40.571+0000][1692266][trace][gc,age      ] GC(639) Age table with threshold 15 (max threshold 15)
[2025-08-22T03:30:40.571+0000][1692266][trace][gc,age      ] GC(639) - age   1:      14272 bytes,      14272 total
[2025-08-22T03:30:40.571+0000][1692266][trace][gc,age      ] GC(639) - age   2:       1104 bytes,      15376 total
[2025-08-22T03:30:40.571+0000][1692266][trace][gc,age      ] GC(639) - age   6:        176 bytes,      15552 total
[2025-08-22T03:30:40.571+0000][1692266][info ][gc,heap     ] GC(639) Eden regions: 75->0(75)
[2025-08-22T03:30:40.571+0000][1692266][info ][gc,heap     ] GC(639) Survivor regions: 1->1(10)
[2025-08-22T03:30:40.571+0000][1692266][info ][gc,heap     ] GC(639) Old regions: 23->23
[2025-08-22T03:30:40.571+0000][1692266][info ][gc,heap     ] GC(639) Humongous regions: 0->0
[2025-08-22T03:30:40.571+0000][1692266][info ][gc,metaspace] GC(639) Metaspace: 142405K(148544K)->142405K(148544K) NonClass: 123444K(127104K)->123444K(127104K) Class: 18960K(21440K)->18960K(21440K)
[2025-08-22T03:30:40.571+0000][1692266][info ][gc          ] GC(639) Pause Young (Normal) (G1 Evacuation Pause) 390M->90M(512M) 2.639ms
[2025-08-22T03:30:40.571+0000][1692266][info ][gc,cpu      ] GC(639) User=0.01s Sys=0.00s Real=0.00s
[2025-08-22T03:30:40.571+0000][1692266][info ][safepoint   ] Safepoint "G1CollectForAllocation", Time since last: 444068645020 ns, Reaching safepoint: 7802 ns, Cleanup: 2935 ns, At safepoint: 2677493 ns, Total: 2688230 ns
[2025-08-22T03:38:03.841+0000][1692266][info ][gc,start    ] GC(640) Pause Young (Normal) (G1 Evacuation Pause)
[2025-08-22T03:38:03.842+0000][1692266][info ][gc,task     ] GC(640) Using 1 workers of 1 for evacuation
[2025-08-22T03:38:03.842+0000][1692266][debug][gc,age      ] GC(640) Desired survivor size 20971520 bytes, new threshold 15 (max threshold 15)
[2025-08-22T03:38:03.843+0000][1692266][info ][gc,phases   ] GC(640)   Pre Evacuate Collection Set: 0.1ms
[2025-08-22T03:38:03.843+0000][1692266][info ][gc,phases   ] GC(640)   Merge Heap Roots: 0.0ms
[2025-08-22T03:38:03.843+0000][1692266][info ][gc,phases   ] GC(640)   Evacuate Collection Set: 0.7ms
[2025-08-22T03:38:03.843+0000][1692266][info ][gc,phases   ] GC(640)   Post Evacuate Collection Set: 0.8ms
[2025-08-22T03:38:03.844+0000][1692266][info ][gc,phases   ] GC(640)   Other: 0.0ms
[2025-08-22T03:38:03.844+0000][1692266][trace][gc,age      ] GC(640) Age table with threshold 15 (max threshold 15)
[2025-08-22T03:38:03.844+0000][1692266][trace][gc,age      ] GC(640) - age   1:      16536 bytes,      16536 total
[2025-08-22T03:38:03.844+0000][1692266][trace][gc,age      ] GC(640) - age   7:        176 bytes,      16712 total
[2025-08-22T03:38:03.844+0000][1692266][info ][gc,heap     ] GC(640) Eden regions: 75->0(75)
[2025-08-22T03:38:03.844+0000][1692266][info ][gc,heap     ] GC(640) Survivor regions: 1->1(10)
[2025-08-22T03:38:03.844+0000][1692266][info ][gc,heap     ] GC(640) Old regions: 23->23
[2025-08-22T03:38:03.844+0000][1692266][info ][gc,heap     ] GC(640) Humongous regions: 0->0
[2025-08-22T03:38:03.844+0000][1692266][info ][gc,metaspace] GC(640) Metaspace: 142405K(148544K)->142405K(148544K) NonClass: 123444K(127104K)->123444K(127104K) Class: 18960K(21440K)->18960K(21440K)
[2025-08-22T03:38:03.844+0000][1692266][info ][gc          ] GC(640) Pause Young (Normal) (G1 Evacuation Pause) 390M->90M(512M) 2.114ms
[2025-08-22T03:38:03.844+0000][1692266][info ][gc,cpu      ] GC(640) User=0.00s Sys=0.00s Real=0.00s
[2025-08-22T03:38:03.844+0000][1692266][info ][safepoint   ] Safepoint "G1CollectForAllocation", Time since last: 443270256255 ns, Reaching safepoint: 8373 ns, Cleanup: 3405 ns, At safepoint: 2151669 ns, Total: 2163447 ns
[2025-08-22T03:45:28.179+0000][1692266][info ][gc,start    ] GC(641) Pause Young (Normal) (G1 Evacuation Pause)
[2025-08-22T03:45:28.179+0000][1692266][info ][gc,task     ] GC(641) Using 1 workers of 1 for evacuation
[2025-08-22T03:45:28.179+0000][1692266][debug][gc,age      ] GC(641) Desired survivor size 20971520 bytes, new threshold 15 (max threshold 15)
[2025-08-22T03:45:28.181+0000][1692266][info ][gc,phases   ] GC(641)   Pre Evacuate Collection Set: 0.1ms
[2025-08-22T03:45:28.181+0000][1692266][info ][gc,phases   ] GC(641)   Merge Heap Roots: 0.0ms
[2025-08-22T03:45:28.181+0000][1692266][info ][gc,phases   ] GC(641)   Evacuate Collection Set: 0.7ms
[2025-08-22T03:45:28.181+0000][1692266][info ][gc,phases   ] GC(641)   Post Evacuate Collection Set: 0.9ms
[2025-08-22T03:45:28.181+0000][1692266][info ][gc,phases   ] GC(641)   Other: 0.0ms
[2025-08-22T03:45:28.181+0000][1692266][trace][gc,age      ] GC(641) Age table with threshold 15 (max threshold 15)
[2025-08-22T03:45:28.181+0000][1692266][trace][gc,age      ] GC(641) - age   1:      16208 bytes,      16208 total
[2025-08-22T03:45:28.181+0000][1692266][trace][gc,age      ] GC(641) - age   2:        664 bytes,      16872 total
[2025-08-22T03:45:28.181+0000][1692266][trace][gc,age      ] GC(641) - age   8:        176 bytes,      17048 total
[2025-08-22T03:45:28.181+0000][1692266][info ][gc,heap     ] GC(641) Eden regions: 75->0(75)
[2025-08-22T03:45:28.181+0000][1692266][info ][gc,heap     ] GC(641) Survivor regions: 1->1(10)
[2025-08-22T03:45:28.181+0000][1692266][info ][gc,heap     ] GC(641) Old regions: 23->23
[2025-08-22T03:45:28.181+0000][1692266][info ][gc,heap     ] GC(641) Humongous regions: 0->0
[2025-08-22T03:45:28.181+0000][1692266][info ][gc,metaspace] GC(641) Metaspace: 142405K(148544K)->142405K(148544K) NonClass: 123444K(127104K)->123444K(127104K) Class: 18960K(21440K)->18960K(21440K)
[2025-08-22T03:45:28.181+0000][1692266][info ][gc          ] GC(641) Pause Young (Normal) (G1 Evacuation Pause) 390M->90M(512M) 1.986ms
[2025-08-22T03:45:28.181+0000][1692266][info ][gc,cpu      ] GC(641) User=0.00s Sys=0.00s Real=0.00s
[2025-08-22T03:45:28.181+0000][1692266][info ][safepoint   ] Safepoint "G1CollectForAllocation", Time since last: 444335199368 ns, Reaching safepoint: 9324 ns, Cleanup: 2684 ns, At safepoint: 2024116 ns, Total: 2036124 ns
[2025-08-22T03:52:51.784+0000][1692266][info ][gc,start    ] GC(642) Pause Young (Normal) (G1 Evacuation Pause)
[2025-08-22T03:52:51.785+0000][1692266][info ][gc,task     ] GC(642) Using 1 workers of 1 for evacuation
[2025-08-22T03:52:51.785+0000][1692266][debug][gc,age      ] GC(642) Desired survivor size 20971520 bytes, new threshold 15 (max threshold 15)
[2025-08-22T03:52:51.786+0000][1692266][info ][gc,phases   ] GC(642)   Pre Evacuate Collection Set: 0.1ms
[2025-08-22T03:52:51.786+0000][1692266][info ][gc,phases   ] GC(642)   Merge Heap Roots: 0.0ms
[2025-08-22T03:52:51.786+0000][1692266][info ][gc,phases   ] GC(642)   Evacuate Collection Set: 0.7ms
[2025-08-22T03:52:51.786+0000][1692266][info ][gc,phases   ] GC(642)   Post Evacuate Collection Set: 0.8ms
[2025-08-22T03:52:51.786+0000][1692266][info ][gc,phases   ] GC(642)   Other: 0.0ms
[2025-08-22T03:52:51.786+0000][1692266][trace][gc,age      ] GC(642) Age table with threshold 15 (max threshold 15)
[2025-08-22T03:52:51.786+0000][1692266][trace][gc,age      ] GC(642) - age   1:      15520 bytes,      15520 total
[2025-08-22T03:52:51.786+0000][1692266][info ][gc,heap     ] GC(642) Eden regions: 75->0(75)
[2025-08-22T03:52:51.786+0000][1692266][info ][gc,heap     ] GC(642) Survivor regions: 1->1(10)
[2025-08-22T03:52:51.786+0000][1692266][info ][gc,heap     ] GC(642) Old regions: 23->23
[2025-08-22T03:52:51.786+0000][1692266][info ][gc,heap     ] GC(642) Humongous regions: 0->0
[2025-08-22T03:52:51.786+0000][1692266][info ][gc,metaspace] GC(642) Metaspace: 142405K(148544K)->142405K(148544K) NonClass: 123444K(127104K)->123444K(127104K) Class: 18960K(21440K)->18960K(21440K)
[2025-08-22T03:52:51.786+0000][1692266][info ][gc          ] GC(642) Pause Young (Normal) (G1 Evacuation Pause) 390M->90M(512M) 2.104ms
[2025-08-22T03:52:51.786+0000][1692266][info ][gc,cpu      ] GC(642) User=0.00s Sys=0.00s Real=0.01s
[2025-08-22T03:52:51.786+0000][1692266][info ][safepoint   ] Safepoint "G1CollectForAllocation", Time since last: 443603309439 ns, Reaching safepoint: 7432 ns, Cleanup: 3224 ns, At safepoint: 2140172 ns, Total: 2150828 ns
[2025-08-22T04:00:14.855+0000][1692266][info ][gc,start    ] GC(643) Pause Young (Normal) (G1 Evacuation Pause)
[2025-08-22T04:00:14.855+0000][1692266][info ][gc,task     ] GC(643) Using 1 workers of 1 for evacuation
[2025-08-22T04:00:14.855+0000][1692266][debug][gc,age      ] GC(643) Desired survivor size 20971520 bytes, new threshold 15 (max threshold 15)
[2025-08-22T04:00:14.857+0000][1692266][info ][gc,phases   ] GC(643)   Pre Evacuate Collection Set: 0.0ms
[2025-08-22T04:00:14.857+0000][1692266][info ][gc,phases   ] GC(643)   Merge Heap Roots: 0.0ms
[2025-08-22T04:00:14.857+0000][1692266][info ][gc,phases   ] GC(643)   Evacuate Collection Set: 0.7ms
[2025-08-22T04:00:14.857+0000][1692266][info ][gc,phases   ] GC(643)   Post Evacuate Collection Set: 0.8ms
[2025-08-22T04:00:14.857+0000][1692266][info ][gc,phases   ] GC(643)   Other: 0.0ms
[2025-08-22T04:00:14.857+0000][1692266][trace][gc,age      ] GC(643) Age table with threshold 15 (max threshold 15)
[2025-08-22T04:00:14.857+0000][1692266][trace][gc,age      ] GC(643) - age   1:      14192 bytes,      14192 total
[2025-08-22T04:00:14.857+0000][1692266][trace][gc,age      ] GC(643) - age   2:       1280 bytes,      15472 total
[2025-08-22T04:00:14.857+0000][1692266][info ][gc,heap     ] GC(643) Eden regions: 75->0(75)
[2025-08-22T04:00:14.857+0000][1692266][info ][gc,heap     ] GC(643) Survivor regions: 1->1(10)
[2025-08-22T04:00:14.857+0000][1692266][info ][gc,heap     ] GC(643) Old regions: 23->23
[2025-08-22T04:00:14.857+0000][1692266][info ][gc,heap     ] GC(643) Humongous regions: 0->0
[2025-08-22T04:00:14.857+0000][1692266][info ][gc,metaspace] GC(643) Metaspace: 142405K(148544K)->142405K(148544K) NonClass: 123444K(127104K)->123444K(127104K) Class: 18960K(21440K)->18960K(21440K)
[2025-08-22T04:00:14.857+0000][1692266][info ][gc          ] GC(643) Pause Young (Normal) (G1 Evacuation Pause) 390M->90M(512M) 2.095ms
[2025-08-22T04:00:14.857+0000][1692266][info ][gc,cpu      ] GC(643) User=0.00s Sys=0.00s Real=0.01s
[2025-08-22T04:00:14.857+0000][1692266][info ][safepoint   ] Safepoint "G1CollectForAllocation", Time since last: 443068602951 ns, Reaching safepoint: 43235 ns, Cleanup: 3355 ns, At safepoint: 2132039 ns, Total: 2178629 ns
[2025-08-22T04:07:40.192+0000][1692266][info ][gc,start    ] GC(644) Pause Young (Normal) (G1 Evacuation Pause)
[2025-08-22T04:07:40.192+0000][1692266][info ][gc,task     ] GC(644) Using 1 workers of 1 for evacuation
[2025-08-22T04:07:40.192+0000][1692266][debug][gc,age      ] GC(644) Desired survivor size 20971520 bytes, new threshold 15 (max threshold 15)
[2025-08-22T04:07:40.194+0000][1692266][info ][gc,phases   ] GC(644)   Pre Evacuate Collection Set: 0.1ms
[2025-08-22T04:07:40.194+0000][1692266][info ][gc,phases   ] GC(644)   Merge Heap Roots: 0.0ms
[2025-08-22T04:07:40.194+0000][1692266][info ][gc,phases   ] GC(644)   Evacuate Collection Set: 0.8ms
[2025-08-22T04:07:40.194+0000][1692266][info ][gc,phases   ] GC(644)   Post Evacuate Collection Set: 0.8ms
[2025-08-22T04:07:40.194+0000][1692266][info ][gc,phases   ] GC(644)   Other: 0.0ms
[2025-08-22T04:07:40.194+0000][1692266][trace][gc,age      ] GC(644) Age table with threshold 15 (max threshold 15)
[2025-08-22T04:07:40.194+0000][1692266][trace][gc,age      ] GC(644) - age   1:      34816 bytes,      34816 total
[2025-08-22T04:07:40.194+0000][1692266][trace][gc,age      ] GC(644) - age   3:        176 bytes,      34992 total
[2025-08-22T04:07:40.194+0000][1692266][info ][gc,heap     ] GC(644) Eden regions: 75->0(75)
[2025-08-22T04:07:40.194+0000][1692266][info ][gc,heap     ] GC(644) Survivor regions: 1->1(10)
[2025-08-22T04:07:40.194+0000][1692266][info ][gc,heap     ] GC(644) Old regions: 23->23
[2025-08-22T04:07:40.194+0000][1692266][info ][gc,heap     ] GC(644) Humongous regions: 0->0
[2025-08-22T04:07:40.194+0000][1692266][info ][gc,metaspace] GC(644) Metaspace: 142405K(148544K)->142405K(148544K) NonClass: 123444K(127104K)->123444K(127104K) Class: 18960K(21440K)->18960K(21440K)
[2025-08-22T04:07:40.194+0000][1692266][info ][gc          ] GC(644) Pause Young (Normal) (G1 Evacuation Pause) 390M->90M(512M) 2.069ms
[2025-08-22T04:07:40.194+0000][1692266][info ][gc,cpu      ] GC(644) User=0.01s Sys=0.00s Real=0.00s
[2025-08-22T04:07:40.194+0000][1692266][info ][safepoint   ] Safepoint "G1CollectForAllocation", Time since last: 445334473145 ns, Reaching safepoint: 8502 ns, Cleanup: 3546 ns, At safepoint: 2107161 ns, Total: 2119209 ns
[2025-08-22T04:15:04.425+0000][1692266][info ][gc,start    ] GC(645) Pause Young (Normal) (G1 Evacuation Pause)
[2025-08-22T04:15:04.425+0000][1692266][info ][gc,task     ] GC(645) Using 1 workers of 1 for evacuation
[2025-08-22T04:15:04.425+0000][1692266][debug][gc,age      ] GC(645) Desired survivor size 20971520 bytes, new threshold 15 (max threshold 15)
[2025-08-22T04:15:04.426+0000][1692266][info ][gc,phases   ] GC(645)   Pre Evacuate Collection Set: 0.1ms
[2025-08-22T04:15:04.426+0000][1692266][info ][gc,phases   ] GC(645)   Merge Heap Roots: 0.0ms
[2025-08-22T04:15:04.426+0000][1692266][info ][gc,phases   ] GC(645)   Evacuate Collection Set: 0.7ms
[2025-08-22T04:15:04.426+0000][1692266][info ][gc,phases   ] GC(645)   Post Evacuate Collection Set: 0.9ms
[2025-08-22T04:15:04.426+0000][1692266][info ][gc,phases   ] GC(645)   Other: 0.0ms
[2025-08-22T04:15:04.426+0000][1692266][trace][gc,age      ] GC(645) Age table with threshold 15 (max threshold 15)
[2025-08-22T04:15:04.426+0000][1692266][trace][gc,age      ] GC(645) - age   1:      16208 bytes,      16208 total
[2025-08-22T04:15:04.427+0000][1692266][trace][gc,age      ] GC(645) - age   2:        664 bytes,      16872 total
[2025-08-22T04:15:04.427+0000][1692266][trace][gc,age      ] GC(645) - age   4:        176 bytes,      17048 total
[2025-08-22T04:15:04.427+0000][1692266][info ][gc,heap     ] GC(645) Eden regions: 75->0(75)
[2025-08-22T04:15:04.427+0000][1692266][info ][gc,heap     ] GC(645) Survivor regions: 1->1(10)
[2025-08-22T04:15:04.427+0000][1692266][info ][gc,heap     ] GC(645) Old regions: 23->23
[2025-08-22T04:15:04.427+0000][1692266][info ][gc,heap     ] GC(645) Humongous regions: 0->0
[2025-08-22T04:15:04.427+0000][1692266][info ][gc,metaspace] GC(645) Metaspace: 142405K(148544K)->142405K(148544K) NonClass: 123444K(127104K)->123444K(127104K) Class: 18960K(21440K)->18960K(21440K)
[2025-08-22T04:15:04.427+0000][1692266][info ][gc          ] GC(645) Pause Young (Normal) (G1 Evacuation Pause) 390M->90M(512M) 1.988ms
[2025-08-22T04:15:04.427+0000][1692266][info ][gc,cpu      ] GC(645) User=0.00s Sys=0.00s Real=0.01s
[2025-08-22T04:15:04.427+0000][1692266][info ][safepoint   ] Safepoint "G1CollectForAllocation", Time since last: 444230879257 ns, Reaching safepoint: 8092 ns, Cleanup: 2694 ns, At safepoint: 2025188 ns, Total: 2035974 ns
[2025-08-22T04:22:29.071+0000][1692266][info ][gc,start    ] GC(646) Pause Young (Normal) (G1 Evacuation Pause)
[2025-08-22T04:22:29.072+0000][1692266][info ][gc,task     ] GC(646) Using 1 workers of 1 for evacuation
[2025-08-22T04:22:29.072+0000][1692266][debug][gc,age      ] GC(646) Desired survivor size 20971520 bytes, new threshold 15 (max threshold 15)
[2025-08-22T04:22:29.073+0000][1692266][info ][gc,phases   ] GC(646)   Pre Evacuate Collection Set: 0.1ms
[2025-08-22T04:22:29.073+0000][1692266][info ][gc,phases   ] GC(646)   Merge Heap Roots: 0.0ms
[2025-08-22T04:22:29.073+0000][1692266][info ][gc,phases   ] GC(646)   Evacuate Collection Set: 0.7ms
[2025-08-22T04:22:29.073+0000][1692266][info ][gc,phases   ] GC(646)   Post Evacuate Collection Set: 0.8ms
[2025-08-22T04:22:29.073+0000][1692266][info ][gc,phases   ] GC(646)   Other: 0.0ms
[2025-08-22T04:22:29.073+0000][1692266][trace][gc,age      ] GC(646) Age table with threshold 15 (max threshold 15)
[2025-08-22T04:22:29.073+0000][1692266][trace][gc,age      ] GC(646) - age   1:      15408 bytes,      15408 total
[2025-08-22T04:22:29.073+0000][1692266][trace][gc,age      ] GC(646) - age   5:        176 bytes,      15584 total
[2025-08-22T04:22:29.073+0000][1692266][info ][gc,heap     ] GC(646) Eden regions: 75->0(75)
[2025-08-22T04:22:29.073+0000][1692266][info ][gc,heap     ] GC(646) Survivor regions: 1->1(10)
[2025-08-22T04:22:29.073+0000][1692266][info ][gc,heap     ] GC(646) Old regions: 23->23
[2025-08-22T04:22:29.073+0000][1692266][info ][gc,heap     ] GC(646) Humongous regions: 0->0
[2025-08-22T04:22:29.073+0000][1692266][info ][gc,metaspace] GC(646) Metaspace: 142405K(148544K)->142405K(148544K) NonClass: 123444K(127104K)->123444K(127104K) Class: 18960K(21440K)->18960K(21440K)
[2025-08-22T04:22:29.073+0000][1692266][info ][gc          ] GC(646) Pause Young (Normal) (G1 Evacuation Pause) 390M->90M(512M) 2.221ms
[2025-08-22T04:22:29.073+0000][1692266][info ][gc,cpu      ] GC(646) User=0.00s Sys=0.00s Real=0.00s
[2025-08-22T04:22:29.073+0000][1692266][info ][safepoint   ] Safepoint "G1CollectForAllocation", Time since last: 444644378923 ns, Reaching safepoint: 9845 ns, Cleanup: 3375 ns, At safepoint: 2257028 ns, Total: 2270248 ns
[2025-08-22T04:29:52.143+0000][1692266][info ][gc,start    ] GC(647) Pause Young (Normal) (G1 Evacuation Pause)
[2025-08-22T04:29:52.144+0000][1692266][info ][gc,task     ] GC(647) Using 1 workers of 1 for evacuation
[2025-08-22T04:29:52.144+0000][1692266][debug][gc,age      ] GC(647) Desired survivor size 20971520 bytes, new threshold 15 (max threshold 15)
[2025-08-22T04:29:52.145+0000][1692266][info ][gc,phases   ] GC(647)   Pre Evacuate Collection Set: 0.1ms
[2025-08-22T04:29:52.145+0000][1692266][info ][gc,phases   ] GC(647)   Merge Heap Roots: 0.0ms
[2025-08-22T04:29:52.145+0000][1692266][info ][gc,phases   ] GC(647)   Evacuate Collection Set: 0.7ms
[2025-08-22T04:29:52.145+0000][1692266][info ][gc,phases   ] GC(647)   Post Evacuate Collection Set: 0.8ms
[2025-08-22T04:29:52.145+0000][1692266][info ][gc,phases   ] GC(647)   Other: 0.0ms
[2025-08-22T04:29:52.145+0000][1692266][trace][gc,age      ] GC(647) Age table with threshold 15 (max threshold 15)
[2025-08-22T04:29:52.145+0000][1692266][trace][gc,age      ] GC(647) - age   1:      14192 bytes,      14192 total
[2025-08-22T04:29:52.145+0000][1692266][trace][gc,age      ] GC(647) - age   2:       1104 bytes,      15296 total
[2025-08-22T04:29:52.145+0000][1692266][trace][gc,age      ] GC(647) - age   6:        176 bytes,      15472 total
[2025-08-22T04:29:52.145+0000][1692266][info ][gc,heap     ] GC(647) Eden regions: 75->0(75)
[2025-08-22T04:29:52.145+0000][1692266][info ][gc,heap     ] GC(647) Survivor regions: 1->1(10)
[2025-08-22T04:29:52.145+0000][1692266][info ][gc,heap     ] GC(647) Old regions: 23->23
[2025-08-22T04:29:52.145+0000][1692266][info ][gc,heap     ] GC(647) Humongous regions: 0->0
[2025-08-22T04:29:52.145+0000][1692266][info ][gc,metaspace] GC(647) Metaspace: 142405K(148544K)->142405K(148544K) NonClass: 123444K(127104K)->123444K(127104K) Class: 18960K(21440K)->18960K(21440K)
[2025-08-22T04:29:52.145+0000][1692266][info ][gc          ] GC(647) Pause Young (Normal) (G1 Evacuation Pause) 390M->90M(512M) 2.116ms
[2025-08-22T04:29:52.145+0000][1692266][info ][gc,cpu      ] GC(647) User=0.00s Sys=0.00s Real=0.01s
[2025-08-22T04:29:52.145+0000][1692266][info ][safepoint   ] Safepoint "G1CollectForAllocation", Time since last: 443070113010 ns, Reaching safepoint: 7332 ns, Cleanup: 2914 ns, At safepoint: 2160062 ns, Total: 2170308 ns
[2025-08-22T04:37:15.338+0000][1692266][info ][gc,start    ] GC(648) Pause Young (Normal) (G1 Evacuation Pause)
[2025-08-22T04:37:15.338+0000][1692266][info ][gc,task     ] GC(648) Using 1 workers of 1 for evacuation
[2025-08-22T04:37:15.338+0000][1692266][debug][gc,age      ] GC(648) Desired survivor size 20971520 bytes, new threshold 15 (max threshold 15)
[2025-08-22T04:37:15.340+0000][1692266][info ][gc,phases   ] GC(648)   Pre Evacuate Collection Set: 0.1ms
[2025-08-22T04:37:15.340+0000][1692266][info ][gc,phases   ] GC(648)   Merge Heap Roots: 0.0ms
[2025-08-22T04:37:15.340+0000][1692266][info ][gc,phases   ] GC(648)   Evacuate Collection Set: 1.2ms
[2025-08-22T04:37:15.340+0000][1692266][info ][gc,phases   ] GC(648)   Post Evacuate Collection Set: 0.8ms
[2025-08-22T04:37:15.340+0000][1692266][info ][gc,phases   ] GC(648)   Other: 0.0ms
[2025-08-22T04:37:15.340+0000][1692266][trace][gc,age      ] GC(648) Age table with threshold 15 (max threshold 15)
[2025-08-22T04:37:15.340+0000][1692266][trace][gc,age      ] GC(648) - age   1:     122064 bytes,     122064 total
[2025-08-22T04:37:15.340+0000][1692266][trace][gc,age      ] GC(648) - age   7:        176 bytes,     122240 total
[2025-08-22T04:37:15.340+0000][1692266][info ][gc,heap     ] GC(648) Eden regions: 75->0(75)
[2025-08-22T04:37:15.340+0000][1692266][info ][gc,heap     ] GC(648) Survivor regions: 1->1(10)
[2025-08-22T04:37:15.340+0000][1692266][info ][gc,heap     ] GC(648) Old regions: 23->23
[2025-08-22T04:37:15.340+0000][1692266][info ][gc,heap     ] GC(648) Humongous regions: 0->0
[2025-08-22T04:37:15.340+0000][1692266][info ][gc,metaspace] GC(648) Metaspace: 142405K(148544K)->142405K(148544K) NonClass: 123444K(127104K)->123444K(127104K) Class: 18960K(21440K)->18960K(21440K)
[2025-08-22T04:37:15.340+0000][1692266][info ][gc          ] GC(648) Pause Young (Normal) (G1 Evacuation Pause) 390M->91M(512M) 2.331ms
[2025-08-22T04:37:15.340+0000][1692266][info ][gc,cpu      ] GC(648) User=0.00s Sys=0.00s Real=0.00s
[2025-08-22T04:37:15.340+0000][1692266][info ][safepoint   ] Safepoint "G1CollectForAllocation", Time since last: 443192297366 ns, Reaching safepoint: 9855 ns, Cleanup: 2904 ns, At safepoint: 2367325 ns, Total: 2380084 ns
[2025-08-22T04:44:40.757+0000][1692266][info ][gc,start    ] GC(649) Pause Young (Normal) (G1 Evacuation Pause)
[2025-08-22T04:44:40.757+0000][1692266][info ][gc,task     ] GC(649) Using 1 workers of 1 for evacuation
[2025-08-22T04:44:40.757+0000][1692266][debug][gc,age      ] GC(649) Desired survivor size 20971520 bytes, new threshold 15 (max threshold 15)
[2025-08-22T04:44:40.759+0000][1692266][info ][gc,phases   ] GC(649)   Pre Evacuate Collection Set: 0.1ms
[2025-08-22T04:44:40.759+0000][1692266][info ][gc,phases   ] GC(649)   Merge Heap Roots: 0.0ms
[2025-08-22T04:44:40.759+0000][1692266][info ][gc,phases   ] GC(649)   Evacuate Collection Set: 0.7ms
[2025-08-22T04:44:40.759+0000][1692266][info ][gc,phases   ] GC(649)   Post Evacuate Collection Set: 1.0ms
[2025-08-22T04:44:40.759+0000][1692266][info ][gc,phases   ] GC(649)   Other: 0.0ms
[2025-08-22T04:44:40.759+0000][1692266][trace][gc,age      ] GC(649) Age table with threshold 15 (max threshold 15)
[2025-08-22T04:44:40.759+0000][1692266][trace][gc,age      ] GC(649) - age   1:      14688 bytes,      14688 total
[2025-08-22T04:44:40.759+0000][1692266][trace][gc,age      ] GC(649) - age   2:        664 bytes,      15352 total
[2025-08-22T04:44:40.759+0000][1692266][trace][gc,age      ] GC(649) - age   8:        176 bytes,      15528 total
[2025-08-22T04:44:40.759+0000][1692266][info ][gc,heap     ] GC(649) Eden regions: 75->0(75)
[2025-08-22T04:44:40.759+0000][1692266][info ][gc,heap     ] GC(649) Survivor regions: 1->1(10)
[2025-08-22T04:44:40.759+0000][1692266][info ][gc,heap     ] GC(649) Old regions: 23->23
[2025-08-22T04:44:40.759+0000][1692266][info ][gc,heap     ] GC(649) Humongous regions: 0->0
[2025-08-22T04:44:40.759+0000][1692266][info ][gc,metaspace] GC(649) Metaspace: 142405K(148544K)->142405K(148544K) NonClass: 123444K(127104K)->123444K(127104K) Class: 18960K(21440K)->18960K(21440K)
[2025-08-22T04:44:40.759+0000][1692266][info ][gc          ] GC(649) Pause Young (Normal) (G1 Evacuation Pause) 391M->90M(512M) 2.169ms
[2025-08-22T04:44:40.759+0000][1692266][info ][gc,cpu      ] GC(649) User=0.00s Sys=0.00s Real=0.00s
[2025-08-22T04:44:40.759+0000][1692266][info ][safepoint   ] Safepoint "G1CollectForAllocation", Time since last: 445416530419 ns, Reaching safepoint: 8072 ns, Cleanup: 2895 ns, At safepoint: 2206001 ns, Total: 2216968 ns
[2025-08-22T04:52:04.430+0000][1692266][info ][gc,start    ] GC(650) Pause Young (Normal) (G1 Evacuation Pause)
[2025-08-22T04:52:04.431+0000][1692266][info ][gc,task     ] GC(650) Using 1 workers of 1 for evacuation
[2025-08-22T04:52:04.431+0000][1692266][debug][gc,age      ] GC(650) Desired survivor size 20971520 bytes, new threshold 15 (max threshold 15)
[2025-08-22T04:52:04.432+0000][1692266][info ][gc,phases   ] GC(650)   Pre Evacuate Collection Set: 0.1ms
[2025-08-22T04:52:04.432+0000][1692266][info ][gc,phases   ] GC(650)   Merge Heap Roots: 0.0ms
[2025-08-22T04:52:04.432+0000][1692266][info ][gc,phases   ] GC(650)   Evacuate Collection Set: 0.9ms
[2025-08-22T04:52:04.432+0000][1692266][info ][gc,phases   ] GC(650)   Post Evacuate Collection Set: 0.8ms
[2025-08-22T04:52:04.432+0000][1692266][info ][gc,phases   ] GC(650)   Other: 0.0ms
[2025-08-22T04:52:04.432+0000][1692266][trace][gc,age      ] GC(650) Age table with threshold 15 (max threshold 15)
[2025-08-22T04:52:04.433+0000][1692266][trace][gc,age      ] GC(650) - age   1:      15760 bytes,      15760 total
[2025-08-22T04:52:04.433+0000][1692266][trace][gc,age      ] GC(650) - age   2:        128 bytes,      15888 total
[2025-08-22T04:52:04.433+0000][1692266][info ][gc,heap     ] GC(650) Eden regions: 75->0(75)
[2025-08-22T04:52:04.433+0000][1692266][info ][gc,heap     ] GC(650) Survivor regions: 1->1(10)
[2025-08-22T04:52:04.433+0000][1692266][info ][gc,heap     ] GC(650) Old regions: 23->23
[2025-08-22T04:52:04.433+0000][1692266][info ][gc,heap     ] GC(650) Humongous regions: 0->0
[2025-08-22T04:52:04.433+0000][1692266][info ][gc,metaspace] GC(650) Metaspace: 142405K(148544K)->142405K(148544K) NonClass: 123444K(127104K)->123444K(127104K) Class: 18960K(21440K)->18960K(21440K)
[2025-08-22T04:52:04.433+0000][1692266][info ][gc          ] GC(650) Pause Young (Normal) (G1 Evacuation Pause) 390M->90M(512M) 2.404ms
[2025-08-22T04:52:04.433+0000][1692266][info ][gc,cpu      ] GC(650) User=0.00s Sys=0.00s Real=0.00s
[2025-08-22T04:52:04.433+0000][1692266][info ][safepoint   ] Safepoint "G1CollectForAllocation", Time since last: 443671187181 ns, Reaching safepoint: 10616 ns, Cleanup: 3275 ns, At safepoint: 2441837 ns, Total: 2455728 ns
[2025-08-22T04:59:29.127+0000][1692266][info ][gc,start    ] GC(651) Pause Young (Normal) (G1 Evacuation Pause)
[2025-08-22T04:59:29.127+0000][1692266][info ][gc,task     ] GC(651) Using 1 workers of 1 for evacuation
[2025-08-22T04:59:29.128+0000][1692266][debug][gc,age      ] GC(651) Desired survivor size 20971520 bytes, new threshold 15 (max threshold 15)
[2025-08-22T04:59:29.129+0000][1692266][info ][gc,phases   ] GC(651)   Pre Evacuate Collection Set: 0.1ms
[2025-08-22T04:59:29.129+0000][1692266][info ][gc,phases   ] GC(651)   Merge Heap Roots: 0.0ms
[2025-08-22T04:59:29.129+0000][1692266][info ][gc,phases   ] GC(651)   Evacuate Collection Set: 0.7ms
[2025-08-22T04:59:29.129+0000][1692266][info ][gc,phases   ] GC(651)   Post Evacuate Collection Set: 0.8ms
[2025-08-22T04:59:29.129+0000][1692266][info ][gc,phases   ] GC(651)   Other: 0.0ms
[2025-08-22T04:59:29.129+0000][1692266][trace][gc,age      ] GC(651) Age table with threshold 15 (max threshold 15)
[2025-08-22T04:59:29.129+0000][1692266][trace][gc,age      ] GC(651) - age   1:      33136 bytes,      33136 total
[2025-08-22T04:59:29.129+0000][1692266][trace][gc,age      ] GC(651) - age   2:       1152 bytes,      34288 total
[2025-08-22T04:59:29.129+0000][1692266][info ][gc,heap     ] GC(651) Eden regions: 75->0(75)
[2025-08-22T04:59:29.129+0000][1692266][info ][gc,heap     ] GC(651) Survivor regions: 1->1(10)
[2025-08-22T04:59:29.129+0000][1692266][info ][gc,heap     ] GC(651) Old regions: 23->23
[2025-08-22T04:59:29.129+0000][1692266][info ][gc,heap     ] GC(651) Humongous regions: 0->0
[2025-08-22T04:59:29.129+0000][1692266][info ][gc,metaspace] GC(651) Metaspace: 142405K(148544K)->142405K(148544K) NonClass: 123444K(127104K)->123444K(127104K) Class: 18960K(21440K)->18960K(21440K)
[2025-08-22T04:59:29.129+0000][1692266][info ][gc          ] GC(651) Pause Young (Normal) (G1 Evacuation Pause) 390M->90M(512M) 1.996ms
[2025-08-22T04:59:29.129+0000][1692266][info ][gc,cpu      ] GC(651) User=0.00s Sys=0.00s Real=0.00s
[2025-08-22T04:59:29.129+0000][1692266][info ][safepoint   ] Safepoint "G1CollectForAllocation", Time since last: 444694568263 ns, Reaching safepoint: 8422 ns, Cleanup: 3465 ns, At safepoint: 2036005 ns, Total: 2047892 ns
[2025-08-22T05:06:51.541+0000][1692266][info ][gc,start    ] GC(652) Pause Young (Normal) (G1 Evacuation Pause)
[2025-08-22T05:06:51.541+0000][1692266][info ][gc,task     ] GC(652) Using 1 workers of 1 for evacuation
[2025-08-22T05:06:51.541+0000][1692266][debug][gc,age      ] GC(652) Desired survivor size 20971520 bytes, new threshold 15 (max threshold 15)
[2025-08-22T05:06:51.543+0000][1692266][info ][gc,phases   ] GC(652)   Pre Evacuate Collection Set: 0.0ms
[2025-08-22T05:06:51.543+0000][1692266][info ][gc,phases   ] GC(652)   Merge Heap Roots: 0.0ms
[2025-08-22T05:06:51.543+0000][1692266][info ][gc,phases   ] GC(652)   Evacuate Collection Set: 0.7ms
[2025-08-22T05:06:51.543+0000][1692266][info ][gc,phases   ] GC(652)   Post Evacuate Collection Set: 0.9ms
[2025-08-22T05:06:51.543+0000][1692266][info ][gc,phases   ] GC(652)   Other: 0.0ms
[2025-08-22T05:06:51.543+0000][1692266][trace][gc,age      ] GC(652) Age table with threshold 15 (max threshold 15)
[2025-08-22T05:06:51.543+0000][1692266][trace][gc,age      ] GC(652) - age   1:      17608 bytes,      17608 total
[2025-08-22T05:06:51.543+0000][1692266][trace][gc,age      ] GC(652) - age   3:        176 bytes,      17784 total
[2025-08-22T05:06:51.543+0000][1692266][info ][gc,heap     ] GC(652) Eden regions: 75->0(75)
[2025-08-22T05:06:51.543+0000][1692266][info ][gc,heap     ] GC(652) Survivor regions: 1->1(10)
[2025-08-22T05:06:51.543+0000][1692266][info ][gc,heap     ] GC(652) Old regions: 23->23
[2025-08-22T05:06:51.543+0000][1692266][info ][gc,heap     ] GC(652) Humongous regions: 0->0
[2025-08-22T05:06:51.543+0000][1692266][info ][gc,metaspace] GC(652) Metaspace: 142405K(148544K)->142405K(148544K) NonClass: 123444K(127104K)->123444K(127104K) Class: 18960K(21440K)->18960K(21440K)
[2025-08-22T05:06:51.543+0000][1692266][info ][gc          ] GC(652) Pause Young (Normal) (G1 Evacuation Pause) 390M->90M(512M) 1.961ms
[2025-08-22T05:06:51.543+0000][1692266][info ][gc,cpu      ] GC(652) User=0.00s Sys=0.00s Real=0.00s
[2025-08-22T05:06:51.543+0000][1692266][info ][safepoint   ] Safepoint "G1CollectForAllocation", Time since last: 442411440403 ns, Reaching safepoint: 5238 ns, Cleanup: 2373 ns, At safepoint: 1997697 ns, Total: 2005308 ns
[2025-08-22T05:14:16.573+0000][1692266][info ][gc,start    ] GC(653) Pause Young (Normal) (G1 Evacuation Pause)
[2025-08-22T05:14:16.573+0000][1692266][info ][gc,task     ] GC(653) Using 1 workers of 1 for evacuation
[2025-08-22T05:14:16.573+0000][1692266][debug][gc,age      ] GC(653) Desired survivor size 20971520 bytes, new threshold 15 (max threshold 15)
[2025-08-22T05:14:16.575+0000][1692266][info ][gc,phases   ] GC(653)   Pre Evacuate Collection Set: 0.0ms
[2025-08-22T05:14:16.575+0000][1692266][info ][gc,phases   ] GC(653)   Merge Heap Roots: 0.0ms
[2025-08-22T05:14:16.575+0000][1692266][info ][gc,phases   ] GC(653)   Evacuate Collection Set: 0.7ms
[2025-08-22T05:14:16.575+0000][1692266][info ][gc,phases   ] GC(653)   Post Evacuate Collection Set: 0.8ms
[2025-08-22T05:14:16.575+0000][1692266][info ][gc,phases   ] GC(653)   Other: 0.0ms
[2025-08-22T05:14:16.575+0000][1692266][trace][gc,age      ] GC(653) Age table with threshold 15 (max threshold 15)
[2025-08-22T05:14:16.575+0000][1692266][trace][gc,age      ] GC(653) - age   1:      14608 bytes,      14608 total
[2025-08-22T05:14:16.575+0000][1692266][trace][gc,age      ] GC(653) - age   2:        664 bytes,      15272 total
[2025-08-22T05:14:16.575+0000][1692266][trace][gc,age      ] GC(653) - age   4:        176 bytes,      15448 total
[2025-08-22T05:14:16.575+0000][1692266][info ][gc,heap     ] GC(653) Eden regions: 75->0(75)
[2025-08-22T05:14:16.575+0000][1692266][info ][gc,heap     ] GC(653) Survivor regions: 1->1(10)
[2025-08-22T05:14:16.575+0000][1692266][info ][gc,heap     ] GC(653) Old regions: 23->23
[2025-08-22T05:14:16.575+0000][1692266][info ][gc,heap     ] GC(653) Humongous regions: 0->0
[2025-08-22T05:14:16.575+0000][1692266][info ][gc,metaspace] GC(653) Metaspace: 142405K(148544K)->142405K(148544K) NonClass: 123444K(127104K)->123444K(127104K) Class: 18960K(21440K)->18960K(21440K)
[2025-08-22T05:14:16.575+0000][1692266][info ][gc          ] GC(653) Pause Young (Normal) (G1 Evacuation Pause) 390M->90M(512M) 1.899ms
[2025-08-22T05:14:16.575+0000][1692266][info ][gc,cpu      ] GC(653) User=0.00s Sys=0.00s Real=0.00s
[2025-08-22T05:14:16.575+0000][1692266][info ][safepoint   ] Safepoint "G1CollectForAllocation", Time since last: 445030268000 ns, Reaching safepoint: 7652 ns, Cleanup: 2784 ns, At safepoint: 1934992 ns, Total: 1945428 ns
[2025-08-22T05:21:41.994+0000][1692266][info ][gc,start    ] GC(654) Pause Young (Normal) (G1 Evacuation Pause)
[2025-08-22T05:21:41.995+0000][1692266][info ][gc,task     ] GC(654) Using 1 workers of 1 for evacuation
[2025-08-22T05:21:41.995+0000][1692266][debug][gc,age      ] GC(654) Desired survivor size 20971520 bytes, new threshold 15 (max threshold 15)
[2025-08-22T05:21:41.997+0000][1692266][info ][gc,phases   ] GC(654)   Pre Evacuate Collection Set: 0.1ms
[2025-08-22T05:21:41.997+0000][1692266][info ][gc,phases   ] GC(654)   Merge Heap Roots: 0.0ms
[2025-08-22T05:21:41.997+0000][1692266][info ][gc,phases   ] GC(654)   Evacuate Collection Set: 0.8ms
[2025-08-22T05:21:41.997+0000][1692266][info ][gc,phases   ] GC(654)   Post Evacuate Collection Set: 0.8ms
[2025-08-22T05:21:41.997+0000][1692266][info ][gc,phases   ] GC(654)   Other: 0.0ms
[2025-08-22T05:21:41.997+0000][1692266][trace][gc,age      ] GC(654) Age table with threshold 15 (max threshold 15)
[2025-08-22T05:21:41.997+0000][1692266][trace][gc,age      ] GC(654) - age   1:      17160 bytes,      17160 total
[2025-08-22T05:21:41.997+0000][1692266][trace][gc,age      ] GC(654) - age   2:        128 bytes,      17288 total
[2025-08-22T05:21:41.997+0000][1692266][trace][gc,age      ] GC(654) - age   5:        176 bytes,      17464 total
[2025-08-22T05:21:41.997+0000][1692266][info ][gc,heap     ] GC(654) Eden regions: 75->0(75)
[2025-08-22T05:21:41.997+0000][1692266][info ][gc,heap     ] GC(654) Survivor regions: 1->1(10)
[2025-08-22T05:21:41.997+0000][1692266][info ][gc,heap     ] GC(654) Old regions: 23->23
[2025-08-22T05:21:41.997+0000][1692266][info ][gc,heap     ] GC(654) Humongous regions: 0->0
[2025-08-22T05:21:41.997+0000][1692266][info ][gc,metaspace] GC(654) Metaspace: 142405K(148544K)->142405K(148544K) NonClass: 123444K(127104K)->123444K(127104K) Class: 18960K(21440K)->18960K(21440K)
[2025-08-22T05:21:41.997+0000][1692266][info ][gc          ] GC(654) Pause Young (Normal) (G1 Evacuation Pause) 390M->90M(512M) 2.299ms
[2025-08-22T05:21:41.997+0000][1692266][info ][gc,cpu      ] GC(654) User=0.00s Sys=0.00s Real=0.01s
[2025-08-22T05:21:41.997+0000][1692266][info ][safepoint   ] Safepoint "G1CollectForAllocation", Time since last: 445419515442 ns, Reaching safepoint: 8703 ns, Cleanup: 9715 ns, At safepoint: 2339122 ns, Total: 2357540 ns
[2025-08-22T05:29:04.303+0000][1692266][info ][gc,start    ] GC(655) Pause Young (Normal) (G1 Evacuation Pause)
[2025-08-22T05:29:04.303+0000][1692266][info ][gc,task     ] GC(655) Using 1 workers of 1 for evacuation
[2025-08-22T05:29:04.303+0000][1692266][debug][gc,age      ] GC(655) Desired survivor size 20971520 bytes, new threshold 15 (max threshold 15)
[2025-08-22T05:29:04.305+0000][1692266][info ][gc,phases   ] GC(655)   Pre Evacuate Collection Set: 0.1ms
[2025-08-22T05:29:04.305+0000][1692266][info ][gc,phases   ] GC(655)   Merge Heap Roots: 0.0ms
[2025-08-22T05:29:04.305+0000][1692266][info ][gc,phases   ] GC(655)   Evacuate Collection Set: 0.7ms
[2025-08-22T05:29:04.305+0000][1692266][info ][gc,phases   ] GC(655)   Post Evacuate Collection Set: 0.8ms
[2025-08-22T05:29:04.305+0000][1692266][info ][gc,phases   ] GC(655)   Other: 0.1ms
[2025-08-22T05:29:04.305+0000][1692266][trace][gc,age      ] GC(655) Age table with threshold 15 (max threshold 15)
[2025-08-22T05:29:04.305+0000][1692266][trace][gc,age      ] GC(655) - age   1:      14312 bytes,      14312 total
[2025-08-22T05:29:04.305+0000][1692266][trace][gc,age      ] GC(655) - age   2:        976 bytes,      15288 total
[2025-08-22T05:29:04.305+0000][1692266][trace][gc,age      ] GC(655) - age   6:        176 bytes,      15464 total
[2025-08-22T05:29:04.305+0000][1692266][info ][gc,heap     ] GC(655) Eden regions: 75->0(75)
[2025-08-22T05:29:04.305+0000][1692266][info ][gc,heap     ] GC(655) Survivor regions: 1->1(10)
[2025-08-22T05:29:04.305+0000][1692266][info ][gc,heap     ] GC(655) Old regions: 23->23
[2025-08-22T05:29:04.305+0000][1692266][info ][gc,heap     ] GC(655) Humongous regions: 0->0
[2025-08-22T05:29:04.305+0000][1692266][info ][gc,metaspace] GC(655) Metaspace: 142405K(148544K)->142405K(148544K) NonClass: 123444K(127104K)->123444K(127104K) Class: 18960K(21440K)->18960K(21440K)
[2025-08-22T05:29:04.305+0000][1692266][info ][gc          ] GC(655) Pause Young (Normal) (G1 Evacuation Pause) 390M->90M(512M) 2.147ms
[2025-08-22T05:29:04.305+0000][1692266][info ][gc,cpu      ] GC(655) User=0.00s Sys=0.00s Real=0.00s
[2025-08-22T05:29:04.305+0000][1692266][info ][safepoint   ] Safepoint "G1CollectForAllocation", Time since last: 442306085122 ns, Reaching safepoint: 9955 ns, Cleanup: 3355 ns, At safepoint: 2184529 ns, Total: 2197839 ns
[2025-08-22T05:36:28.564+0000][1692266][info ][gc,start    ] GC(656) Pause Young (Normal) (G1 Evacuation Pause)
[2025-08-22T05:36:28.564+0000][1692266][info ][gc,task     ] GC(656) Using 1 workers of 1 for evacuation
[2025-08-22T05:36:28.564+0000][1692266][debug][gc,age      ] GC(656) Desired survivor size 20971520 bytes, new threshold 15 (max threshold 15)
[2025-08-22T05:36:28.566+0000][1692266][info ][gc,phases   ] GC(656)   Pre Evacuate Collection Set: 0.1ms
[2025-08-22T05:36:28.566+0000][1692266][info ][gc,phases   ] GC(656)   Merge Heap Roots: 0.0ms
[2025-08-22T05:36:28.566+0000][1692266][info ][gc,phases   ] GC(656)   Evacuate Collection Set: 0.7ms
[2025-08-22T05:36:28.566+0000][1692266][info ][gc,phases   ] GC(656)   Post Evacuate Collection Set: 0.8ms
[2025-08-22T05:36:28.566+0000][1692266][info ][gc,phases   ] GC(656)   Other: 0.0ms
[2025-08-22T05:36:28.566+0000][1692266][trace][gc,age      ] GC(656) Age table with threshold 15 (max threshold 15)
[2025-08-22T05:36:28.566+0000][1692266][trace][gc,age      ] GC(656) - age   1:      52000 bytes,      52000 total
[2025-08-22T05:36:28.566+0000][1692266][trace][gc,age      ] GC(656) - age   7:        176 bytes,      52176 total
[2025-08-22T05:36:28.566+0000][1692266][info ][gc,heap     ] GC(656) Eden regions: 75->0(75)
[2025-08-22T05:36:28.566+0000][1692266][info ][gc,heap     ] GC(656) Survivor regions: 1->1(10)
[2025-08-22T05:36:28.566+0000][1692266][info ][gc,heap     ] GC(656) Old regions: 23->23
[2025-08-22T05:36:28.566+0000][1692266][info ][gc,heap     ] GC(656) Humongous regions: 0->0
[2025-08-22T05:36:28.566+0000][1692266][info ][gc,metaspace] GC(656) Metaspace: 142406K(148544K)->142406K(148544K) NonClass: 123446K(127104K)->123446K(127104K) Class: 18960K(21440K)->18960K(21440K)
[2025-08-22T05:36:28.566+0000][1692266][info ][gc          ] GC(656) Pause Young (Normal) (G1 Evacuation Pause) 390M->90M(512M) 2.166ms
[2025-08-22T05:36:28.566+0000][1692266][info ][gc,cpu      ] GC(656) User=0.00s Sys=0.00s Real=0.01s
[2025-08-22T05:36:28.566+0000][1692266][info ][safepoint   ] Safepoint "G1CollectForAllocation", Time since last: 444258951137 ns, Reaching safepoint: 8502 ns, Cleanup: 3285 ns, At safepoint: 2212000 ns, Total: 2223787 ns
[2025-08-22T05:43:52.993+0000][1692266][info ][gc,start    ] GC(657) Pause Young (Normal) (G1 Evacuation Pause)
[2025-08-22T05:43:52.993+0000][1692266][info ][gc,task     ] GC(657) Using 1 workers of 1 for evacuation
[2025-08-22T05:43:52.993+0000][1692266][debug][gc,age      ] GC(657) Desired survivor size 20971520 bytes, new threshold 15 (max threshold 15)
[2025-08-22T05:43:52.996+0000][1692266][info ][gc,phases   ] GC(657)   Pre Evacuate Collection Set: 0.1ms
[2025-08-22T05:43:52.996+0000][1692266][info ][gc,phases   ] GC(657)   Merge Heap Roots: 0.0ms
[2025-08-22T05:43:52.996+0000][1692266][info ][gc,phases   ] GC(657)   Evacuate Collection Set: 0.7ms
[2025-08-22T05:43:52.996+0000][1692266][info ][gc,phases   ] GC(657)   Post Evacuate Collection Set: 1.9ms
[2025-08-22T05:43:52.996+0000][1692266][info ][gc,phases   ] GC(657)   Other: 0.0ms
[2025-08-22T05:43:52.996+0000][1692266][trace][gc,age      ] GC(657) Age table with threshold 15 (max threshold 15)
[2025-08-22T05:43:52.996+0000][1692266][trace][gc,age      ] GC(657) - age   1:      16416 bytes,      16416 total
[2025-08-22T05:43:52.996+0000][1692266][trace][gc,age      ] GC(657) - age   2:        880 bytes,      17296 total
[2025-08-22T05:43:52.996+0000][1692266][trace][gc,age      ] GC(657) - age   8:        176 bytes,      17472 total
[2025-08-22T05:43:52.996+0000][1692266][info ][gc,heap     ] GC(657) Eden regions: 75->0(75)
[2025-08-22T05:43:52.996+0000][1692266][info ][gc,heap     ] GC(657) Survivor regions: 1->1(10)
[2025-08-22T05:43:52.996+0000][1692266][info ][gc,heap     ] GC(657) Old regions: 23->23
[2025-08-22T05:43:52.996+0000][1692266][info ][gc,heap     ] GC(657) Humongous regions: 0->0
[2025-08-22T05:43:52.996+0000][1692266][info ][gc,metaspace] GC(657) Metaspace: 142406K(148544K)->142406K(148544K) NonClass: 123446K(127104K)->123446K(127104K) Class: 18960K(21440K)->18960K(21440K)
[2025-08-22T05:43:52.996+0000][1692266][info ][gc          ] GC(657) Pause Young (Normal) (G1 Evacuation Pause) 390M->90M(512M) 3.021ms
[2025-08-22T05:43:52.996+0000][1692266][info ][gc,cpu      ] GC(657) User=0.00s Sys=0.00s Real=0.01s
[2025-08-22T05:43:52.996+0000][1692266][info ][safepoint   ] Safepoint "G1CollectForAllocation", Time since last: 444427068623 ns, Reaching safepoint: 8513 ns, Cleanup: 2634 ns, At safepoint: 3058088 ns, Total: 3069235 ns
[2025-08-22T05:51:18.138+0000][1692266][info ][gc,start    ] GC(658) Pause Young (Normal) (G1 Evacuation Pause)
[2025-08-22T05:51:18.139+0000][1692266][info ][gc,task     ] GC(658) Using 1 workers of 1 for evacuation
[2025-08-22T05:51:18.139+0000][1692266][debug][gc,age      ] GC(658) Desired survivor size 20971520 bytes, new threshold 15 (max threshold 15)
[2025-08-22T05:51:18.141+0000][1692266][info ][gc,phases   ] GC(658)   Pre Evacuate Collection Set: 0.0ms
[2025-08-22T05:51:18.141+0000][1692266][info ][gc,phases   ] GC(658)   Merge Heap Roots: 0.0ms
[2025-08-22T05:51:18.141+0000][1692266][info ][gc,phases   ] GC(658)   Evacuate Collection Set: 1.2ms
[2025-08-22T05:51:18.141+0000][1692266][info ][gc,phases   ] GC(658)   Post Evacuate Collection Set: 0.8ms
[2025-08-22T05:51:18.141+0000][1692266][info ][gc,phases   ] GC(658)   Other: 0.0ms
[2025-08-22T05:51:18.141+0000][1692266][trace][gc,age      ] GC(658) Age table with threshold 15 (max threshold 15)
[2025-08-22T05:51:18.141+0000][1692266][trace][gc,age      ] GC(658) - age   1:      85760 bytes,      85760 total
[2025-08-22T05:51:18.141+0000][1692266][trace][gc,age      ] GC(658) - age   2:        128 bytes,      85888 total
[2025-08-22T05:51:18.141+0000][1692266][trace][gc,age      ] GC(658) - age   3:        216 bytes,      86104 total
[2025-08-22T05:51:18.141+0000][1692266][info ][gc,heap     ] GC(658) Eden regions: 75->0(75)
[2025-08-22T05:51:18.141+0000][1692266][info ][gc,heap     ] GC(658) Survivor regions: 1->1(10)
[2025-08-22T05:51:18.141+0000][1692266][info ][gc,heap     ] GC(658) Old regions: 23->23
[2025-08-22T05:51:18.141+0000][1692266][info ][gc,heap     ] GC(658) Humongous regions: 0->0
[2025-08-22T05:51:18.141+0000][1692266][info ][gc,metaspace] GC(658) Metaspace: 142410K(148544K)->142410K(148544K) NonClass: 123450K(127104K)->123450K(127104K) Class: 18960K(21440K)->18960K(21440K)
[2025-08-22T05:51:18.141+0000][1692266][info ][gc          ] GC(658) Pause Young (Normal) (G1 Evacuation Pause) 390M->90M(512M) 2.589ms
[2025-08-22T05:51:18.141+0000][1692266][info ][gc,cpu      ] GC(658) User=0.00s Sys=0.00s Real=0.00s
[2025-08-22T05:51:18.141+0000][1692266][info ][safepoint   ] Safepoint "G1CollectForAllocation", Time since last: 445141937106 ns, Reaching safepoint: 8603 ns, Cleanup: 3525 ns, At safepoint: 2627818 ns, Total: 2639946 ns
[2025-08-22T05:58:43.003+0000][1692266][info ][gc,start    ] GC(659) Pause Young (Normal) (G1 Evacuation Pause)
[2025-08-22T05:58:43.004+0000][1692266][info ][gc,task     ] GC(659) Using 1 workers of 1 for evacuation
[2025-08-22T05:58:43.004+0000][1692266][debug][gc,age      ] GC(659) Desired survivor size 20971520 bytes, new threshold 15 (max threshold 15)
[2025-08-22T05:58:43.005+0000][1692266][info ][gc,phases   ] GC(659)   Pre Evacuate Collection Set: 0.0ms
[2025-08-22T05:58:43.005+0000][1692266][info ][gc,phases   ] GC(659)   Merge Heap Roots: 0.0ms
[2025-08-22T05:58:43.005+0000][1692266][info ][gc,phases   ] GC(659)   Evacuate Collection Set: 0.7ms
[2025-08-22T05:58:43.005+0000][1692266][info ][gc,phases   ] GC(659)   Post Evacuate Collection Set: 0.8ms
[2025-08-22T05:58:43.005+0000][1692266][info ][gc,phases   ] GC(659)   Other: 0.0ms
[2025-08-22T05:58:43.005+0000][1692266][trace][gc,age      ] GC(659) Age table with threshold 15 (max threshold 15)
[2025-08-22T05:58:43.005+0000][1692266][trace][gc,age      ] GC(659) - age   1:      14496 bytes,      14496 total
[2025-08-22T05:58:43.005+0000][1692266][trace][gc,age      ] GC(659) - age   2:       1272 bytes,      15768 total
[2025-08-22T05:58:43.005+0000][1692266][trace][gc,age      ] GC(659) - age   4:        216 bytes,      15984 total
[2025-08-22T05:58:43.005+0000][1692266][info ][gc,heap     ] GC(659) Eden regions: 75->0(75)
[2025-08-22T05:58:43.005+0000][1692266][info ][gc,heap     ] GC(659) Survivor regions: 1->1(10)
[2025-08-22T05:58:43.005+0000][1692266][info ][gc,heap     ] GC(659) Old regions: 23->23
[2025-08-22T05:58:43.005+0000][1692266][info ][gc,heap     ] GC(659) Humongous regions: 0->0
[2025-08-22T05:58:43.005+0000][1692266][info ][gc,metaspace] GC(659) Metaspace: 142410K(148544K)->142410K(148544K) NonClass: 123450K(127104K)->123450K(127104K) Class: 18960K(21440K)->18960K(21440K)
[2025-08-22T05:58:43.005+0000][1692266][info ][gc          ] GC(659) Pause Young (Normal) (G1 Evacuation Pause) 390M->90M(512M) 2.142ms
[2025-08-22T05:58:43.005+0000][1692266][info ][gc,cpu      ] GC(659) User=0.00s Sys=0.00s Real=0.01s
[2025-08-22T05:58:43.005+0000][1692266][info ][safepoint   ] Safepoint "G1CollectForAllocation", Time since last: 444862366477 ns, Reaching safepoint: 8032 ns, Cleanup: 3505 ns, At safepoint: 2181865 ns, Total: 2193402 ns
[2025-08-22T06:06:07.799+0000][1692266][info ][gc,start    ] GC(660) Pause Young (Normal) (G1 Evacuation Pause)
[2025-08-22T06:06:07.799+0000][1692266][info ][gc,task     ] GC(660) Using 1 workers of 1 for evacuation
[2025-08-22T06:06:07.799+0000][1692266][debug][gc,age      ] GC(660) Desired survivor size 20971520 bytes, new threshold 15 (max threshold 15)
[2025-08-22T06:06:07.801+0000][1692266][info ][gc,phases   ] GC(660)   Pre Evacuate Collection Set: 0.1ms
[2025-08-22T06:06:07.801+0000][1692266][info ][gc,phases   ] GC(660)   Merge Heap Roots: 0.0ms
[2025-08-22T06:06:07.801+0000][1692266][info ][gc,phases   ] GC(660)   Evacuate Collection Set: 0.8ms
[2025-08-22T06:06:07.801+0000][1692266][info ][gc,phases   ] GC(660)   Post Evacuate Collection Set: 0.8ms
[2025-08-22T06:06:07.801+0000][1692266][info ][gc,phases   ] GC(660)   Other: 0.0ms
[2025-08-22T06:06:07.801+0000][1692266][trace][gc,age      ] GC(660) Age table with threshold 15 (max threshold 15)
[2025-08-22T06:06:07.801+0000][1692266][trace][gc,age      ] GC(660) - age   1:      17224 bytes,      17224 total
[2025-08-22T06:06:07.801+0000][1692266][trace][gc,age      ] GC(660) - age   3:        296 bytes,      17520 total
[2025-08-22T06:06:07.801+0000][1692266][trace][gc,age      ] GC(660) - age   5:        216 bytes,      17736 total
[2025-08-22T06:06:07.801+0000][1692266][info ][gc,heap     ] GC(660) Eden regions: 75->0(75)
[2025-08-22T06:06:07.801+0000][1692266][info ][gc,heap     ] GC(660) Survivor regions: 1->1(10)
[2025-08-22T06:06:07.801+0000][1692266][info ][gc,heap     ] GC(660) Old regions: 23->23
[2025-08-22T06:06:07.801+0000][1692266][info ][gc,heap     ] GC(660) Humongous regions: 0->0
[2025-08-22T06:06:07.801+0000][1692266][info ][gc,metaspace] GC(660) Metaspace: 142410K(148544K)->142410K(148544K) NonClass: 123450K(127104K)->123450K(127104K) Class: 18960K(21440K)->18960K(21440K)
[2025-08-22T06:06:07.801+0000][1692266][info ][gc          ] GC(660) Pause Young (Normal) (G1 Evacuation Pause) 390M->90M(512M) 2.328ms
[2025-08-22T06:06:07.801+0000][1692266][info ][gc,cpu      ] GC(660) User=0.01s Sys=0.00s Real=0.00s
[2025-08-22T06:06:07.801+0000][1692266][info ][safepoint   ] Safepoint "G1CollectForAllocation", Time since last: 444793259227 ns, Reaching safepoint: 9634 ns, Cleanup: 3646 ns, At safepoint: 2369648 ns, Total: 2382928 ns
[2025-08-22T06:13:32.109+0000][1692266][info ][gc,start    ] GC(661) Pause Young (Normal) (G1 Evacuation Pause)
[2025-08-22T06:13:32.109+0000][1692266][info ][gc,task     ] GC(661) Using 1 workers of 1 for evacuation
[2025-08-22T06:13:32.109+0000][1692266][debug][gc,age      ] GC(661) Desired survivor size 20971520 bytes, new threshold 15 (max threshold 15)
[2025-08-22T06:13:32.111+0000][1692266][info ][gc,phases   ] GC(661)   Pre Evacuate Collection Set: 0.0ms
[2025-08-22T06:13:32.111+0000][1692266][info ][gc,phases   ] GC(661)   Merge Heap Roots: 0.0ms
[2025-08-22T06:13:32.111+0000][1692266][info ][gc,phases   ] GC(661)   Evacuate Collection Set: 0.7ms
[2025-08-22T06:13:32.111+0000][1692266][info ][gc,phases   ] GC(661)   Post Evacuate Collection Set: 0.8ms
[2025-08-22T06:13:32.111+0000][1692266][info ][gc,phases   ] GC(661)   Other: 0.0ms
[2025-08-22T06:13:32.111+0000][1692266][trace][gc,age      ] GC(661) Age table with threshold 15 (max threshold 15)
[2025-08-22T06:13:32.111+0000][1692266][trace][gc,age      ] GC(661) - age   1:      16448 bytes,      16448 total
[2025-08-22T06:13:32.111+0000][1692266][trace][gc,age      ] GC(661) - age   2:        664 bytes,      17112 total
[2025-08-22T06:13:32.111+0000][1692266][trace][gc,age      ] GC(661) - age   4:        296 bytes,      17408 total
[2025-08-22T06:13:32.111+0000][1692266][trace][gc,age      ] GC(661) - age   6:        216 bytes,      17624 total
[2025-08-22T06:13:32.111+0000][1692266][info ][gc,heap     ] GC(661) Eden regions: 75->0(75)
[2025-08-22T06:13:32.111+0000][1692266][info ][gc,heap     ] GC(661) Survivor regions: 1->1(10)
[2025-08-22T06:13:32.111+0000][1692266][info ][gc,heap     ] GC(661) Old regions: 23->23
[2025-08-22T06:13:32.111+0000][1692266][info ][gc,heap     ] GC(661) Humongous regions: 0->0
[2025-08-22T06:13:32.111+0000][1692266][info ][gc,metaspace] GC(661) Metaspace: 142410K(148544K)->142410K(148544K) NonClass: 123450K(127104K)->123450K(127104K) Class: 18960K(21440K)->18960K(21440K)
[2025-08-22T06:13:32.111+0000][1692266][info ][gc          ] GC(661) Pause Young (Normal) (G1 Evacuation Pause) 390M->90M(512M) 1.988ms
[2025-08-22T06:13:32.111+0000][1692266][info ][gc,cpu      ] GC(661) User=0.01s Sys=0.00s Real=0.00s
[2025-08-22T06:13:32.111+0000][1692266][info ][safepoint   ] Safepoint "G1CollectForAllocation", Time since last: 444307553637 ns, Reaching safepoint: 10326 ns, Cleanup: 3175 ns, At safepoint: 2022914 ns, Total: 2036415 ns
[2025-08-22T06:20:55.320+0000][1692266][info ][gc,start    ] GC(662) Pause Young (Normal) (G1 Evacuation Pause)
[2025-08-22T06:20:55.320+0000][1692266][info ][gc,task     ] GC(662) Using 1 workers of 1 for evacuation
[2025-08-22T06:20:55.320+0000][1692266][debug][gc,age      ] GC(662) Desired survivor size 20971520 bytes, new threshold 15 (max threshold 15)
[2025-08-22T06:20:55.322+0000][1692266][info ][gc,phases   ] GC(662)   Pre Evacuate Collection Set: 0.0ms
[2025-08-22T06:20:55.322+0000][1692266][info ][gc,phases   ] GC(662)   Merge Heap Roots: 0.0ms
[2025-08-22T06:20:55.322+0000][1692266][info ][gc,phases   ] GC(662)   Evacuate Collection Set: 0.8ms
[2025-08-22T06:20:55.322+0000][1692266][info ][gc,phases   ] GC(662)   Post Evacuate Collection Set: 0.8ms
[2025-08-22T06:20:55.322+0000][1692266][info ][gc,phases   ] GC(662)   Other: 0.0ms
[2025-08-22T06:20:55.322+0000][1692266][trace][gc,age      ] GC(662) Age table with threshold 15 (max threshold 15)
[2025-08-22T06:20:55.322+0000][1692266][trace][gc,age      ] GC(662) - age   1:      16488 bytes,      16488 total
[2025-08-22T06:20:55.322+0000][1692266][trace][gc,age      ] GC(662) - age   2:        152 bytes,      16640 total
[2025-08-22T06:20:55.322+0000][1692266][trace][gc,age      ] GC(662) - age   5:        296 bytes,      16936 total
[2025-08-22T06:20:55.322+0000][1692266][trace][gc,age      ] GC(662) - age   7:        216 bytes,      17152 total
[2025-08-22T06:20:55.322+0000][1692266][info ][gc,heap     ] GC(662) Eden regions: 75->0(75)
[2025-08-22T06:20:55.322+0000][1692266][info ][gc,heap     ] GC(662) Survivor regions: 1->1(10)
[2025-08-22T06:20:55.322+0000][1692266][info ][gc,heap     ] GC(662) Old regions: 23->23
[2025-08-22T06:20:55.322+0000][1692266][info ][gc,heap     ] GC(662) Humongous regions: 0->0
[2025-08-22T06:20:55.322+0000][1692266][info ][gc,metaspace] GC(662) Metaspace: 142410K(148544K)->142410K(148544K) NonClass: 123450K(127104K)->123450K(127104K) Class: 18960K(21440K)->18960K(21440K)
[2025-08-22T06:20:55.322+0000][1692266][info ][gc          ] GC(662) Pause Young (Normal) (G1 Evacuation Pause) 390M->90M(512M) 2.210ms
[2025-08-22T06:20:55.322+0000][1692266][info ][gc,cpu      ] GC(662) User=0.00s Sys=0.00s Real=0.00s
[2025-08-22T06:20:55.322+0000][1692266][info ][safepoint   ] Safepoint "G1CollectForAllocation", Time since last: 443209319877 ns, Reaching safepoint: 8443 ns, Cleanup: 3475 ns, At safepoint: 2248205 ns, Total: 2260123 ns
[2025-08-22T06:28:19.577+0000][1692266][info ][gc,start    ] GC(663) Pause Young (Normal) (G1 Evacuation Pause)
[2025-08-22T06:28:19.577+0000][1692266][info ][gc,task     ] GC(663) Using 1 workers of 1 for evacuation
[2025-08-22T06:28:19.577+0000][1692266][debug][gc,age      ] GC(663) Desired survivor size 20971520 bytes, new threshold 15 (max threshold 15)
[2025-08-22T06:28:19.579+0000][1692266][info ][gc,phases   ] GC(663)   Pre Evacuate Collection Set: 0.8ms
[2025-08-22T06:28:19.579+0000][1692266][info ][gc,phases   ] GC(663)   Merge Heap Roots: 0.0ms
[2025-08-22T06:28:19.579+0000][1692266][info ][gc,phases   ] GC(663)   Evacuate Collection Set: 0.8ms
[2025-08-22T06:28:19.579+0000][1692266][info ][gc,phases   ] GC(663)   Post Evacuate Collection Set: 0.9ms
[2025-08-22T06:28:19.579+0000][1692266][info ][gc,phases   ] GC(663)   Other: 0.0ms
[2025-08-22T06:28:19.579+0000][1692266][trace][gc,age      ] GC(663) Age table with threshold 15 (max threshold 15)
[2025-08-22T06:28:19.579+0000][1692266][trace][gc,age      ] GC(663) - age   1:      23296 bytes,      23296 total
[2025-08-22T06:28:19.579+0000][1692266][trace][gc,age      ] GC(663) - age   2:        952 bytes,      24248 total
[2025-08-22T06:28:19.579+0000][1692266][trace][gc,age      ] GC(663) - age   6:        296 bytes,      24544 total
[2025-08-22T06:28:19.579+0000][1692266][trace][gc,age      ] GC(663) - age   8:        216 bytes,      24760 total
[2025-08-22T06:28:19.579+0000][1692266][info ][gc,heap     ] GC(663) Eden regions: 75->0(75)
[2025-08-22T06:28:19.579+0000][1692266][info ][gc,heap     ] GC(663) Survivor regions: 1->1(10)
[2025-08-22T06:28:19.579+0000][1692266][info ][gc,heap     ] GC(663) Old regions: 23->23
[2025-08-22T06:28:19.579+0000][1692266][info ][gc,heap     ] GC(663) Humongous regions: 0->0
[2025-08-22T06:28:19.579+0000][1692266][info ][gc,metaspace] GC(663) Metaspace: 142410K(148544K)->142410K(148544K) NonClass: 123450K(127104K)->123450K(127104K) Class: 18960K(21440K)->18960K(21440K)
[2025-08-22T06:28:19.579+0000][1692266][info ][gc          ] GC(663) Pause Young (Normal) (G1 Evacuation Pause) 390M->90M(512M) 2.792ms
[2025-08-22T06:28:19.579+0000][1692266][info ][gc,cpu      ] GC(663) User=0.00s Sys=0.00s Real=0.00s
[2025-08-22T06:28:19.579+0000][1692266][info ][safepoint   ] Safepoint "G1CollectForAllocation", Time since last: 444254271461 ns, Reaching safepoint: 7982 ns, Cleanup: 2634 ns, At safepoint: 2836152 ns, Total: 2846768 ns
[2025-08-22T06:35:42.365+0000][1692266][info ][gc,start    ] GC(664) Pause Young (Normal) (G1 Evacuation Pause)
[2025-08-22T06:35:42.366+0000][1692266][info ][gc,task     ] GC(664) Using 1 workers of 1 for evacuation
[2025-08-22T06:35:42.366+0000][1692266][debug][gc,age      ] GC(664) Desired survivor size 20971520 bytes, new threshold 15 (max threshold 15)
[2025-08-22T06:35:42.367+0000][1692266][info ][gc,phases   ] GC(664)   Pre Evacuate Collection Set: 0.0ms
[2025-08-22T06:35:42.367+0000][1692266][info ][gc,phases   ] GC(664)   Merge Heap Roots: 0.0ms
[2025-08-22T06:35:42.367+0000][1692266][info ][gc,phases   ] GC(664)   Evacuate Collection Set: 0.7ms
[2025-08-22T06:35:42.367+0000][1692266][info ][gc,phases   ] GC(664)   Post Evacuate Collection Set: 0.8ms
[2025-08-22T06:35:42.367+0000][1692266][info ][gc,phases   ] GC(664)   Other: 0.0ms
[2025-08-22T06:35:42.367+0000][1692266][trace][gc,age      ] GC(664) Age table with threshold 15 (max threshold 15)
[2025-08-22T06:35:42.367+0000][1692266][trace][gc,age      ] GC(664) - age   1:      14608 bytes,      14608 total
[2025-08-22T06:35:42.367+0000][1692266][trace][gc,age      ] GC(664) - age   2:        112 bytes,      14720 total
[2025-08-22T06:35:42.367+0000][1692266][trace][gc,age      ] GC(664) - age   3:        552 bytes,      15272 total
[2025-08-22T06:35:42.367+0000][1692266][trace][gc,age      ] GC(664) - age   7:        296 bytes,      15568 total
[2025-08-22T06:35:42.367+0000][1692266][trace][gc,age      ] GC(664) - age   9:        216 bytes,      15784 total
[2025-08-22T06:35:42.367+0000][1692266][info ][gc,heap     ] GC(664) Eden regions: 75->0(75)
[2025-08-22T06:35:42.368+0000][1692266][info ][gc,heap     ] GC(664) Survivor regions: 1->1(10)
[2025-08-22T06:35:42.368+0000][1692266][info ][gc,heap     ] GC(664) Old regions: 23->23
[2025-08-22T06:35:42.368+0000][1692266][info ][gc,heap     ] GC(664) Humongous regions: 0->0
[2025-08-22T06:35:42.368+0000][1692266][info ][gc,metaspace] GC(664) Metaspace: 142410K(148544K)->142410K(148544K) NonClass: 123450K(127104K)->123450K(127104K) Class: 18960K(21440K)->18960K(21440K)
[2025-08-22T06:35:42.368+0000][1692266][info ][gc          ] GC(664) Pause Young (Normal) (G1 Evacuation Pause) 390M->90M(512M) 2.115ms
[2025-08-22T06:35:42.368+0000][1692266][info ][gc,cpu      ] GC(664) User=0.01s Sys=0.00s Real=0.00s
[2025-08-22T06:35:42.368+0000][1692266][info ][safepoint   ] Safepoint "G1CollectForAllocation", Time since last: 442786014367 ns, Reaching safepoint: 8934 ns, Cleanup: 3265 ns, At safepoint: 2152410 ns, Total: 2164609 ns
[2025-08-22T06:43:05.258+0000][1692266][info ][gc,start    ] GC(665) Pause Young (Normal) (G1 Evacuation Pause)
[2025-08-22T06:43:05.258+0000][1692266][info ][gc,task     ] GC(665) Using 1 workers of 1 for evacuation
[2025-08-22T06:43:05.258+0000][1692266][debug][gc,age      ] GC(665) Desired survivor size 20971520 bytes, new threshold 15 (max threshold 15)
[2025-08-22T06:43:05.260+0000][1692266][info ][gc,phases   ] GC(665)   Pre Evacuate Collection Set: 0.1ms
[2025-08-22T06:43:05.260+0000][1692266][info ][gc,phases   ] GC(665)   Merge Heap Roots: 0.0ms
[2025-08-22T06:43:05.260+0000][1692266][info ][gc,phases   ] GC(665)   Evacuate Collection Set: 0.7ms
[2025-08-22T06:43:05.260+0000][1692266][info ][gc,phases   ] GC(665)   Post Evacuate Collection Set: 1.1ms
[2025-08-22T06:43:05.260+0000][1692266][info ][gc,phases   ] GC(665)   Other: 0.0ms
[2025-08-22T06:43:05.260+0000][1692266][trace][gc,age      ] GC(665) Age table with threshold 15 (max threshold 15)
[2025-08-22T06:43:05.260+0000][1692266][trace][gc,age      ] GC(665) - age   1:      15352 bytes,      15352 total
[2025-08-22T06:43:05.260+0000][1692266][trace][gc,age      ] GC(665) - age   8:        296 bytes,      15648 total
[2025-08-22T06:43:05.260+0000][1692266][trace][gc,age      ] GC(665) - age  10:        216 bytes,      15864 total
[2025-08-22T06:43:05.260+0000][1692266][info ][gc,heap     ] GC(665) Eden regions: 75->0(75)
[2025-08-22T06:43:05.260+0000][1692266][info ][gc,heap     ] GC(665) Survivor regions: 1->1(10)
[2025-08-22T06:43:05.260+0000][1692266][info ][gc,heap     ] GC(665) Old regions: 23->23
[2025-08-22T06:43:05.260+0000][1692266][info ][gc,heap     ] GC(665) Humongous regions: 0->0
[2025-08-22T06:43:05.260+0000][1692266][info ][gc,metaspace] GC(665) Metaspace: 142410K(148544K)->142410K(148544K) NonClass: 123450K(127104K)->123450K(127104K) Class: 18960K(21440K)->18960K(21440K)
[2025-08-22T06:43:05.260+0000][1692266][info ][gc          ] GC(665) Pause Young (Normal) (G1 Evacuation Pause) 390M->90M(512M) 2.236ms
[2025-08-22T06:43:05.260+0000][1692266][info ][gc,cpu      ] GC(665) User=0.00s Sys=0.00s Real=0.00s
[2025-08-22T06:43:05.260+0000][1692266][info ][safepoint   ] Safepoint "G1CollectForAllocation", Time since last: 442890310961 ns, Reaching safepoint: 8022 ns, Cleanup: 2785 ns, At safepoint: 2272060 ns, Total: 2282867 ns
[2025-08-22T06:50:29.508+0000][1692266][info ][gc,start    ] GC(666) Pause Young (Normal) (G1 Evacuation Pause)
[2025-08-22T06:50:29.509+0000][1692266][info ][gc,task     ] GC(666) Using 1 workers of 1 for evacuation
[2025-08-22T06:50:29.509+0000][1692266][debug][gc,age      ] GC(666) Desired survivor size 20971520 bytes, new threshold 15 (max threshold 15)
[2025-08-22T06:50:29.510+0000][1692266][info ][gc,phases   ] GC(666)   Pre Evacuate Collection Set: 0.0ms
[2025-08-22T06:50:29.510+0000][1692266][info ][gc,phases   ] GC(666)   Merge Heap Roots: 0.0ms
[2025-08-22T06:50:29.510+0000][1692266][info ][gc,phases   ] GC(666)   Evacuate Collection Set: 0.7ms
[2025-08-22T06:50:29.510+0000][1692266][info ][gc,phases   ] GC(666)   Post Evacuate Collection Set: 0.8ms
[2025-08-22T06:50:29.510+0000][1692266][info ][gc,phases   ] GC(666)   Other: 0.0ms
[2025-08-22T06:50:29.510+0000][1692266][trace][gc,age      ] GC(666) Age table with threshold 15 (max threshold 15)
[2025-08-22T06:50:29.510+0000][1692266][trace][gc,age      ] GC(666) - age   1:      14112 bytes,      14112 total
[2025-08-22T06:50:29.510+0000][1692266][trace][gc,age      ] GC(666) - age   2:       1104 bytes,      15216 total
[2025-08-22T06:50:29.510+0000][1692266][trace][gc,age      ] GC(666) - age   9:        296 bytes,      15512 total
[2025-08-22T06:50:29.510+0000][1692266][trace][gc,age      ] GC(666) - age  11:        216 bytes,      15728 total
[2025-08-22T06:50:29.510+0000][1692266][info ][gc,heap     ] GC(666) Eden regions: 75->0(75)
[2025-08-22T06:50:29.510+0000][1692266][info ][gc,heap     ] GC(666) Survivor regions: 1->1(10)
[2025-08-22T06:50:29.510+0000][1692266][info ][gc,heap     ] GC(666) Old regions: 23->23
[2025-08-22T06:50:29.510+0000][1692266][info ][gc,heap     ] GC(666) Humongous regions: 0->0
[2025-08-22T06:50:29.510+0000][1692266][info ][gc,metaspace] GC(666) Metaspace: 142410K(148544K)->142410K(148544K) NonClass: 123450K(127104K)->123450K(127104K) Class: 18960K(21440K)->18960K(21440K)
[2025-08-22T06:50:29.510+0000][1692266][info ][gc          ] GC(666) Pause Young (Normal) (G1 Evacuation Pause) 390M->90M(512M) 2.102ms
[2025-08-22T06:50:29.510+0000][1692266][info ][gc,cpu      ] GC(666) User=0.01s Sys=0.00s Real=0.00s
[2025-08-22T06:50:29.510+0000][1692266][info ][safepoint   ] Safepoint "G1CollectForAllocation", Time since last: 444247899081 ns, Reaching safepoint: 9123 ns, Cleanup: 3345 ns, At safepoint: 2140142 ns, Total: 2152610 ns
[2025-08-22T06:57:52.628+0000][1692266][info ][gc,start    ] GC(667) Pause Young (Normal) (G1 Evacuation Pause)
[2025-08-22T06:57:52.628+0000][1692266][info ][gc,task     ] GC(667) Using 1 workers of 1 for evacuation
[2025-08-22T06:57:52.629+0000][1692266][debug][gc,age      ] GC(667) Desired survivor size 20971520 bytes, new threshold 15 (max threshold 15)
[2025-08-22T06:57:52.630+0000][1692266][info ][gc,phases   ] GC(667)   Pre Evacuate Collection Set: 0.0ms
[2025-08-22T06:57:52.630+0000][1692266][info ][gc,phases   ] GC(667)   Merge Heap Roots: 0.0ms
[2025-08-22T06:57:52.630+0000][1692266][info ][gc,phases   ] GC(667)   Evacuate Collection Set: 0.7ms
[2025-08-22T06:57:52.630+0000][1692266][info ][gc,phases   ] GC(667)   Post Evacuate Collection Set: 0.8ms
[2025-08-22T06:57:52.630+0000][1692266][info ][gc,phases   ] GC(667)   Other: 0.0ms
[2025-08-22T06:57:52.630+0000][1692266][trace][gc,age      ] GC(667) Age table with threshold 15 (max threshold 15)
[2025-08-22T06:57:52.630+0000][1692266][trace][gc,age      ] GC(667) - age   1:      16560 bytes,      16560 total
[2025-08-22T06:57:52.630+0000][1692266][trace][gc,age      ] GC(667) - age  10:        120 bytes,      16680 total
[2025-08-22T06:57:52.630+0000][1692266][trace][gc,age      ] GC(667) - age  12:        216 bytes,      16896 total
[2025-08-22T06:57:52.630+0000][1692266][info ][gc,heap     ] GC(667) Eden regions: 75->0(75)
[2025-08-22T06:57:52.630+0000][1692266][info ][gc,heap     ] GC(667) Survivor regions: 1->1(10)
[2025-08-22T06:57:52.630+0000][1692266][info ][gc,heap     ] GC(667) Old regions: 23->23
[2025-08-22T06:57:52.630+0000][1692266][info ][gc,heap     ] GC(667) Humongous regions: 0->0
[2025-08-22T06:57:52.630+0000][1692266][info ][gc,metaspace] GC(667) Metaspace: 142410K(148544K)->142410K(148544K) NonClass: 123450K(127104K)->123450K(127104K) Class: 18960K(21440K)->18960K(21440K)
[2025-08-22T06:57:52.630+0000][1692266][info ][gc          ] GC(667) Pause Young (Normal) (G1 Evacuation Pause) 390M->90M(512M) 2.044ms
[2025-08-22T06:57:52.630+0000][1692266][info ][gc,cpu      ] GC(667) User=0.00s Sys=0.00s Real=0.00s
[2025-08-22T06:57:52.630+0000][1692266][info ][safepoint   ] Safepoint "G1CollectForAllocation", Time since last: 443117882550 ns, Reaching safepoint: 5708 ns, Cleanup: 3335 ns, At safepoint: 2079360 ns, Total: 2088403 ns
[2025-08-22T07:05:16.213+0000][1692266][info ][gc,start    ] GC(668) Pause Young (Normal) (G1 Evacuation Pause)
[2025-08-22T07:05:16.213+0000][1692266][info ][gc,task     ] GC(668) Using 1 workers of 1 for evacuation
[2025-08-22T07:05:16.213+0000][1692266][debug][gc,age      ] GC(668) Desired survivor size 20971520 bytes, new threshold 15 (max threshold 15)
[2025-08-22T07:05:16.215+0000][1692266][info ][gc,phases   ] GC(668)   Pre Evacuate Collection Set: 0.1ms
[2025-08-22T07:05:16.215+0000][1692266][info ][gc,phases   ] GC(668)   Merge Heap Roots: 0.0ms
[2025-08-22T07:05:16.215+0000][1692266][info ][gc,phases   ] GC(668)   Evacuate Collection Set: 0.8ms
[2025-08-22T07:05:16.215+0000][1692266][info ][gc,phases   ] GC(668)   Post Evacuate Collection Set: 1.0ms
[2025-08-22T07:05:16.215+0000][1692266][info ][gc,phases   ] GC(668)   Other: 0.2ms
[2025-08-22T07:05:16.215+0000][1692266][trace][gc,age      ] GC(668) Age table with threshold 15 (max threshold 15)
[2025-08-22T07:05:16.215+0000][1692266][trace][gc,age      ] GC(668) - age   1:      16240 bytes,      16240 total
[2025-08-22T07:05:16.215+0000][1692266][trace][gc,age      ] GC(668) - age   2:        840 bytes,      17080 total
[2025-08-22T07:05:16.215+0000][1692266][trace][gc,age      ] GC(668) - age  11:        120 bytes,      17200 total
[2025-08-22T07:05:16.215+0000][1692266][trace][gc,age      ] GC(668) - age  13:        216 bytes,      17416 total
[2025-08-22T07:05:16.215+0000][1692266][info ][gc,heap     ] GC(668) Eden regions: 75->0(75)
[2025-08-22T07:05:16.215+0000][1692266][info ][gc,heap     ] GC(668) Survivor regions: 1->1(10)
[2025-08-22T07:05:16.215+0000][1692266][info ][gc,heap     ] GC(668) Old regions: 23->23
[2025-08-22T07:05:16.215+0000][1692266][info ][gc,heap     ] GC(668) Humongous regions: 0->0
[2025-08-22T07:05:16.215+0000][1692266][info ][gc,metaspace] GC(668) Metaspace: 142410K(148544K)->142410K(148544K) NonClass: 123450K(127104K)->123450K(127104K) Class: 18960K(21440K)->18960K(21440K)
[2025-08-22T07:05:16.215+0000][1692266][info ][gc          ] GC(668) Pause Young (Normal) (G1 Evacuation Pause) 390M->90M(512M) 2.279ms
[2025-08-22T07:05:16.215+0000][1692266][info ][gc,cpu      ] GC(668) User=0.00s Sys=0.00s Real=0.00s
[2025-08-22T07:05:16.215+0000][1692266][info ][safepoint   ] Safepoint "G1CollectForAllocation", Time since last: 443582747568 ns, Reaching safepoint: 7682 ns, Cleanup: 2604 ns, At safepoint: 2315086 ns, Total: 2325372 ns
[2025-08-22T07:12:40.760+0000][1692266][info ][gc,start    ] GC(669) Pause Young (Normal) (G1 Evacuation Pause)
[2025-08-22T07:12:40.760+0000][1692266][info ][gc,task     ] GC(669) Using 1 workers of 1 for evacuation
[2025-08-22T07:12:40.760+0000][1692266][debug][gc,age      ] GC(669) Desired survivor size 20971520 bytes, new threshold 15 (max threshold 15)
[2025-08-22T07:12:40.761+0000][1692266][info ][gc,phases   ] GC(669)   Pre Evacuate Collection Set: 0.1ms
[2025-08-22T07:12:40.761+0000][1692266][info ][gc,phases   ] GC(669)   Merge Heap Roots: 0.0ms
[2025-08-22T07:12:40.761+0000][1692266][info ][gc,phases   ] GC(669)   Evacuate Collection Set: 0.7ms
[2025-08-22T07:12:40.761+0000][1692266][info ][gc,phases   ] GC(669)   Post Evacuate Collection Set: 0.8ms
[2025-08-22T07:12:40.761+0000][1692266][info ][gc,phases   ] GC(669)   Other: 0.0ms
[2025-08-22T07:12:40.761+0000][1692266][trace][gc,age      ] GC(669) Age table with threshold 15 (max threshold 15)
[2025-08-22T07:12:40.761+0000][1692266][trace][gc,age      ] GC(669) - age   1:      15352 bytes,      15352 total
[2025-08-22T07:12:40.761+0000][1692266][trace][gc,age      ] GC(669) - age   2:         32 bytes,      15384 total
[2025-08-22T07:12:40.761+0000][1692266][trace][gc,age      ] GC(669) - age   3:        176 bytes,      15560 total
[2025-08-22T07:12:40.761+0000][1692266][trace][gc,age      ] GC(669) - age  12:        120 bytes,      15680 total
[2025-08-22T07:12:40.761+0000][1692266][trace][gc,age      ] GC(669) - age  14:        216 bytes,      15896 total
[2025-08-22T07:12:40.761+0000][1692266][info ][gc,heap     ] GC(669) Eden regions: 75->0(75)
[2025-08-22T07:12:40.761+0000][1692266][info ][gc,heap     ] GC(669) Survivor regions: 1->1(10)
[2025-08-22T07:12:40.761+0000][1692266][info ][gc,heap     ] GC(669) Old regions: 23->23
[2025-08-22T07:12:40.761+0000][1692266][info ][gc,heap     ] GC(669) Humongous regions: 0->0
[2025-08-22T07:12:40.761+0000][1692266][info ][gc,metaspace] GC(669) Metaspace: 142410K(148544K)->142410K(148544K) NonClass: 123450K(127104K)->123450K(127104K) Class: 18960K(21440K)->18960K(21440K)
[2025-08-22T07:12:40.761+0000][1692266][info ][gc          ] GC(669) Pause Young (Normal) (G1 Evacuation Pause) 390M->90M(512M) 1.950ms
[2025-08-22T07:12:40.761+0000][1692266][info ][gc,cpu      ] GC(669) User=0.00s Sys=0.00s Real=0.00s
[2025-08-22T07:12:40.761+0000][1692266][info ][safepoint   ] Safepoint "G1CollectForAllocation", Time since last: 444544271353 ns, Reaching safepoint: 7811 ns, Cleanup: 3446 ns, At safepoint: 1988442 ns, Total: 1999699 ns
[2025-08-22T07:20:05.291+0000][1692266][info ][gc,start    ] GC(670) Pause Young (Normal) (G1 Evacuation Pause)
[2025-08-22T07:20:05.291+0000][1692266][info ][gc,task     ] GC(670) Using 1 workers of 1 for evacuation
[2025-08-22T07:20:05.291+0000][1692266][debug][gc,age      ] GC(670) Desired survivor size 20971520 bytes, new threshold 15 (max threshold 15)
[2025-08-22T07:20:05.293+0000][1692266][info ][gc,phases   ] GC(670)   Pre Evacuate Collection Set: 0.1ms
[2025-08-22T07:20:05.293+0000][1692266][info ][gc,phases   ] GC(670)   Merge Heap Roots: 0.0ms
[2025-08-22T07:20:05.293+0000][1692266][info ][gc,phases   ] GC(670)   Evacuate Collection Set: 0.8ms
[2025-08-22T07:20:05.293+0000][1692266][info ][gc,phases   ] GC(670)   Post Evacuate Collection Set: 0.8ms
[2025-08-22T07:20:05.293+0000][1692266][info ][gc,phases   ] GC(670)   Other: 0.0ms
[2025-08-22T07:20:05.293+0000][1692266][trace][gc,age      ] GC(670) Age table with threshold 15 (max threshold 15)
[2025-08-22T07:20:05.293+0000][1692266][trace][gc,age      ] GC(670) - age   1:      15760 bytes,      15760 total
[2025-08-22T07:20:05.293+0000][1692266][trace][gc,age      ] GC(670) - age   2:       1104 bytes,      16864 total
[2025-08-22T07:20:05.293+0000][1692266][trace][gc,age      ] GC(670) - age   3:         32 bytes,      16896 total
[2025-08-22T07:20:05.293+0000][1692266][trace][gc,age      ] GC(670) - age   4:        176 bytes,      17072 total
[2025-08-22T07:20:05.293+0000][1692266][trace][gc,age      ] GC(670) - age  13:        120 bytes,      17192 total
[2025-08-22T07:20:05.293+0000][1692266][trace][gc,age      ] GC(670) - age  15:        216 bytes,      17408 total
[2025-08-22T07:20:05.293+0000][1692266][info ][gc,heap     ] GC(670) Eden regions: 75->0(75)
[2025-08-22T07:20:05.293+0000][1692266][info ][gc,heap     ] GC(670) Survivor regions: 1->1(10)
[2025-08-22T07:20:05.293+0000][1692266][info ][gc,heap     ] GC(670) Old regions: 23->23
[2025-08-22T07:20:05.293+0000][1692266][info ][gc,heap     ] GC(670) Humongous regions: 0->0
[2025-08-22T07:20:05.293+0000][1692266][info ][gc,metaspace] GC(670) Metaspace: 142410K(148544K)->142410K(148544K) NonClass: 123450K(127104K)->123450K(127104K) Class: 18960K(21440K)->18960K(21440K)
[2025-08-22T07:20:05.293+0000][1692266][info ][gc          ] GC(670) Pause Young (Normal) (G1 Evacuation Pause) 390M->90M(512M) 2.057ms
[2025-08-22T07:20:05.293+0000][1692266][info ][gc,cpu      ] GC(670) User=0.01s Sys=0.00s Real=0.00s
[2025-08-22T07:20:05.293+0000][1692266][info ][safepoint   ] Safepoint "G1CollectForAllocation", Time since last: 444529522639 ns, Reaching safepoint: 8403 ns, Cleanup: 3305 ns, At safepoint: 2097076 ns, Total: 2108784 ns
[2025-08-22T07:27:27.419+0000][1692266][info ][gc,start    ] GC(671) Pause Young (Normal) (G1 Evacuation Pause)
[2025-08-22T07:27:27.419+0000][1692266][info ][gc,task     ] GC(671) Using 1 workers of 1 for evacuation
[2025-08-22T07:27:27.419+0000][1692266][debug][gc,age      ] GC(671) Desired survivor size 20971520 bytes, new threshold 15 (max threshold 15)
[2025-08-22T07:27:27.421+0000][1692266][info ][gc,phases   ] GC(671)   Pre Evacuate Collection Set: 0.1ms
[2025-08-22T07:27:27.421+0000][1692266][info ][gc,phases   ] GC(671)   Merge Heap Roots: 0.0ms
[2025-08-22T07:27:27.421+0000][1692266][info ][gc,phases   ] GC(671)   Evacuate Collection Set: 0.7ms
[2025-08-22T07:27:27.421+0000][1692266][info ][gc,phases   ] GC(671)   Post Evacuate Collection Set: 0.9ms
[2025-08-22T07:27:27.421+0000][1692266][info ][gc,phases   ] GC(671)   Other: 0.0ms
[2025-08-22T07:27:27.421+0000][1692266][trace][gc,age      ] GC(671) Age table with threshold 15 (max threshold 15)
[2025-08-22T07:27:27.421+0000][1692266][trace][gc,age      ] GC(671) - age   1:      15304 bytes,      15304 total
[2025-08-22T07:27:27.421+0000][1692266][trace][gc,age      ] GC(671) - age   4:         32 bytes,      15336 total
[2025-08-22T07:27:27.421+0000][1692266][trace][gc,age      ] GC(671) - age   5:        176 bytes,      15512 total
[2025-08-22T07:27:27.421+0000][1692266][trace][gc,age      ] GC(671) - age  14:        120 bytes,      15632 total
[2025-08-22T07:27:27.421+0000][1692266][info ][gc,heap     ] GC(671) Eden regions: 75->0(75)
[2025-08-22T07:27:27.421+0000][1692266][info ][gc,heap     ] GC(671) Survivor regions: 1->1(10)
[2025-08-22T07:27:27.421+0000][1692266][info ][gc,heap     ] GC(671) Old regions: 23->23
[2025-08-22T07:27:27.421+0000][1692266][info ][gc,heap     ] GC(671) Humongous regions: 0->0
[2025-08-22T07:27:27.421+0000][1692266][info ][gc,metaspace] GC(671) Metaspace: 142410K(148544K)->142410K(148544K) NonClass: 123450K(127104K)->123450K(127104K) Class: 18960K(21440K)->18960K(21440K)
[2025-08-22T07:27:27.421+0000][1692266][info ][gc          ] GC(671) Pause Young (Normal) (G1 Evacuation Pause) 390M->90M(512M) 1.894ms
[2025-08-22T07:27:27.421+0000][1692266][info ][gc,cpu      ] GC(671) User=0.00s Sys=0.00s Real=0.00s
[2025-08-22T07:27:27.421+0000][1692266][info ][safepoint   ] Safepoint "G1CollectForAllocation", Time since last: 442125850739 ns, Reaching safepoint: 9254 ns, Cleanup: 2654 ns, At safepoint: 1931396 ns, Total: 1943304 ns
[2025-08-22T07:34:52.674+0000][1692266][info ][gc,start    ] GC(672) Pause Young (Normal) (G1 Evacuation Pause)
[2025-08-22T07:34:52.674+0000][1692266][info ][gc,task     ] GC(672) Using 1 workers of 1 for evacuation
[2025-08-22T07:34:52.674+0000][1692266][debug][gc,age      ] GC(672) Desired survivor size 20971520 bytes, new threshold 15 (max threshold 15)
[2025-08-22T07:34:52.676+0000][1692266][info ][gc,phases   ] GC(672)   Pre Evacuate Collection Set: 0.0ms
[2025-08-22T07:34:52.676+0000][1692266][info ][gc,phases   ] GC(672)   Merge Heap Roots: 0.0ms
[2025-08-22T07:34:52.676+0000][1692266][info ][gc,phases   ] GC(672)   Evacuate Collection Set: 0.7ms
[2025-08-22T07:34:52.676+0000][1692266][info ][gc,phases   ] GC(672)   Post Evacuate Collection Set: 1.0ms
[2025-08-22T07:34:52.676+0000][1692266][info ][gc,phases   ] GC(672)   Other: 0.0ms
[2025-08-22T07:34:52.676+0000][1692266][trace][gc,age      ] GC(672) Age table with threshold 15 (max threshold 15)
[2025-08-22T07:34:52.676+0000][1692266][trace][gc,age      ] GC(672) - age   1:      16208 bytes,      16208 total
[2025-08-22T07:34:52.676+0000][1692266][trace][gc,age      ] GC(672) - age   2:        664 bytes,      16872 total
[2025-08-22T07:34:52.676+0000][1692266][trace][gc,age      ] GC(672) - age   5:         32 bytes,      16904 total
[2025-08-22T07:34:52.676+0000][1692266][trace][gc,age      ] GC(672) - age   6:        176 bytes,      17080 total
[2025-08-22T07:34:52.676+0000][1692266][trace][gc,age      ] GC(672) - age  15:        120 bytes,      17200 total
[2025-08-22T07:34:52.676+0000][1692266][info ][gc,heap     ] GC(672) Eden regions: 75->0(75)
[2025-08-22T07:34:52.676+0000][1692266][info ][gc,heap     ] GC(672) Survivor regions: 1->1(10)
[2025-08-22T07:34:52.676+0000][1692266][info ][gc,heap     ] GC(672) Old regions: 23->23
[2025-08-22T07:34:52.676+0000][1692266][info ][gc,heap     ] GC(672) Humongous regions: 0->0
[2025-08-22T07:34:52.676+0000][1692266][info ][gc,metaspace] GC(672) Metaspace: 142410K(148544K)->142410K(148544K) NonClass: 123450K(127104K)->123450K(127104K) Class: 18960K(21440K)->18960K(21440K)
[2025-08-22T07:34:52.676+0000][1692266][info ][gc          ] GC(672) Pause Young (Normal) (G1 Evacuation Pause) 390M->90M(512M) 2.136ms
[2025-08-22T07:34:52.676+0000][1692266][info ][gc,cpu      ] GC(672) User=0.01s Sys=0.01s Real=0.01s
[2025-08-22T07:34:52.676+0000][1692266][info ][safepoint   ] Safepoint "G1CollectForAllocation", Time since last: 445253321226 ns, Reaching safepoint: 5027 ns, Cleanup: 2464 ns, At safepoint: 2173462 ns, Total: 2180953 ns
[2025-08-22T07:35:37.679+0000][1692266][info ][safepoint   ] Safepoint "Cleanup", Time since last: 45002966849 ns, Reaching safepoint: 25759 ns, Cleanup: 5749 ns, At safepoint: 1803 ns, Total: 33311 ns
[2025-08-22T07:42:17.150+0000][1692266][info ][gc,start    ] GC(673) Pause Young (Normal) (G1 Evacuation Pause)
[2025-08-22T07:42:17.150+0000][1692266][info ][gc,task     ] GC(673) Using 1 workers of 1 for evacuation
[2025-08-22T07:42:17.151+0000][1692266][debug][gc,age      ] GC(673) Desired survivor size 20971520 bytes, new threshold 15 (max threshold 15)
[2025-08-22T07:42:17.152+0000][1692266][info ][gc,phases   ] GC(673)   Pre Evacuate Collection Set: 0.0ms
[2025-08-22T07:42:17.152+0000][1692266][info ][gc,phases   ] GC(673)   Merge Heap Roots: 0.0ms
[2025-08-22T07:42:17.152+0000][1692266][info ][gc,phases   ] GC(673)   Evacuate Collection Set: 0.7ms
[2025-08-22T07:42:17.152+0000][1692266][info ][gc,phases   ] GC(673)   Post Evacuate Collection Set: 0.9ms
[2025-08-22T07:42:17.152+0000][1692266][info ][gc,phases   ] GC(673)   Other: 0.0ms
[2025-08-22T07:42:17.152+0000][1692266][trace][gc,age      ] GC(673) Age table with threshold 15 (max threshold 15)
[2025-08-22T07:42:17.152+0000][1692266][trace][gc,age      ] GC(673) - age   1:      25312 bytes,      25312 total
[2025-08-22T07:42:17.152+0000][1692266][trace][gc,age      ] GC(673) - age   6:         32 bytes,      25344 total
[2025-08-22T07:42:17.152+0000][1692266][trace][gc,age      ] GC(673) - age   7:        176 bytes,      25520 total
[2025-08-22T07:42:17.152+0000][1692266][info ][gc,heap     ] GC(673) Eden regions: 75->0(75)
[2025-08-22T07:42:17.152+0000][1692266][info ][gc,heap     ] GC(673) Survivor regions: 1->1(10)
[2025-08-22T07:42:17.152+0000][1692266][info ][gc,heap     ] GC(673) Old regions: 23->23
[2025-08-22T07:42:17.152+0000][1692266][info ][gc,heap     ] GC(673) Humongous regions: 0->0
[2025-08-22T07:42:17.152+0000][1692266][info ][gc,metaspace] GC(673) Metaspace: 142410K(148544K)->142410K(148544K) NonClass: 123450K(127104K)->123450K(127104K) Class: 18960K(21440K)->18960K(21440K)
[2025-08-22T07:42:17.152+0000][1692266][info ][gc          ] GC(673) Pause Young (Normal) (G1 Evacuation Pause) 390M->90M(512M) 2.240ms
[2025-08-22T07:42:17.152+0000][1692266][info ][gc,cpu      ] GC(673) User=0.00s Sys=0.00s Real=0.00s
[2025-08-22T07:42:17.152+0000][1692266][info ][safepoint   ] Safepoint "G1CollectForAllocation", Time since last: 399470599940 ns, Reaching safepoint: 7881 ns, Cleanup: 3115 ns, At safepoint: 2277960 ns, Total: 2288956 ns
[2025-08-22T07:49:41.257+0000][1692266][info ][gc,start    ] GC(674) Pause Young (Normal) (G1 Evacuation Pause)
[2025-08-22T07:49:41.258+0000][1692266][info ][gc,task     ] GC(674) Using 1 workers of 1 for evacuation
[2025-08-22T07:49:41.258+0000][1692266][debug][gc,age      ] GC(674) Desired survivor size 20971520 bytes, new threshold 15 (max threshold 15)
[2025-08-22T07:49:41.259+0000][1692266][info ][gc,phases   ] GC(674)   Pre Evacuate Collection Set: 0.1ms
[2025-08-22T07:49:41.259+0000][1692266][info ][gc,phases   ] GC(674)   Merge Heap Roots: 0.0ms
[2025-08-22T07:49:41.259+0000][1692266][info ][gc,phases   ] GC(674)   Evacuate Collection Set: 0.7ms
[2025-08-22T07:49:41.259+0000][1692266][info ][gc,phases   ] GC(674)   Post Evacuate Collection Set: 0.9ms
[2025-08-22T07:49:41.259+0000][1692266][info ][gc,phases   ] GC(674)   Other: 0.0ms
[2025-08-22T07:49:41.259+0000][1692266][trace][gc,age      ] GC(674) Age table with threshold 15 (max threshold 15)
[2025-08-22T07:49:41.259+0000][1692266][trace][gc,age      ] GC(674) - age   1:      15952 bytes,      15952 total
[2025-08-22T07:49:41.259+0000][1692266][trace][gc,age      ] GC(674) - age   2:       2504 bytes,      18456 total
[2025-08-22T07:49:41.259+0000][1692266][trace][gc,age      ] GC(674) - age   7:         32 bytes,      18488 total
[2025-08-22T07:49:41.259+0000][1692266][trace][gc,age      ] GC(674) - age   8:        176 bytes,      18664 total
[2025-08-22T07:49:41.260+0000][1692266][info ][gc,heap     ] GC(674) Eden regions: 75->0(75)
[2025-08-22T07:49:41.260+0000][1692266][info ][gc,heap     ] GC(674) Survivor regions: 1->1(10)
[2025-08-22T07:49:41.260+0000][1692266][info ][gc,heap     ] GC(674) Old regions: 23->23
[2025-08-22T07:49:41.260+0000][1692266][info ][gc,heap     ] GC(674) Humongous regions: 0->0
[2025-08-22T07:49:41.260+0000][1692266][info ][gc,metaspace] GC(674) Metaspace: 142410K(148544K)->142410K(148544K) NonClass: 123450K(127104K)->123450K(127104K) Class: 18960K(21440K)->18960K(21440K)
[2025-08-22T07:49:41.260+0000][1692266][info ][gc          ] GC(674) Pause Young (Normal) (G1 Evacuation Pause) 390M->90M(512M) 2.273ms
[2025-08-22T07:49:41.260+0000][1692266][info ][gc,cpu      ] GC(674) User=0.00s Sys=0.00s Real=0.00s
[2025-08-22T07:49:41.260+0000][1692266][info ][safepoint   ] Safepoint "G1CollectForAllocation", Time since last: 444104907186 ns, Reaching safepoint: 8543 ns, Cleanup: 3044 ns, At safepoint: 2312392 ns, Total: 2323979 ns
[2025-08-22T07:57:04.436+0000][1692266][info ][gc,start    ] GC(675) Pause Young (Normal) (G1 Evacuation Pause)
[2025-08-22T07:57:04.436+0000][1692266][info ][gc,task     ] GC(675) Using 1 workers of 1 for evacuation
[2025-08-22T07:57:04.436+0000][1692266][debug][gc,age      ] GC(675) Desired survivor size 20971520 bytes, new threshold 15 (max threshold 15)
[2025-08-22T07:57:04.438+0000][1692266][info ][gc,phases   ] GC(675)   Pre Evacuate Collection Set: 0.1ms
[2025-08-22T07:57:04.438+0000][1692266][info ][gc,phases   ] GC(675)   Merge Heap Roots: 0.0ms
[2025-08-22T07:57:04.438+0000][1692266][info ][gc,phases   ] GC(675)   Evacuate Collection Set: 0.7ms
[2025-08-22T07:57:04.438+0000][1692266][info ][gc,phases   ] GC(675)   Post Evacuate Collection Set: 0.8ms
[2025-08-22T07:57:04.438+0000][1692266][info ][gc,phases   ] GC(675)   Other: 0.0ms
[2025-08-22T07:57:04.438+0000][1692266][trace][gc,age      ] GC(675) Age table with threshold 15 (max threshold 15)
[2025-08-22T07:57:04.438+0000][1692266][trace][gc,age      ] GC(675) - age   1:      15648 bytes,      15648 total
[2025-08-22T07:57:04.438+0000][1692266][trace][gc,age      ] GC(675) - age   3:       1400 bytes,      17048 total
[2025-08-22T07:57:04.438+0000][1692266][trace][gc,age      ] GC(675) - age   8:         32 bytes,      17080 total
[2025-08-22T07:57:04.438+0000][1692266][info ][gc,heap     ] GC(675) Eden regions: 75->0(75)
[2025-08-22T07:57:04.438+0000][1692266][info ][gc,heap     ] GC(675) Survivor regions: 1->1(10)
[2025-08-22T07:57:04.438+0000][1692266][info ][gc,heap     ] GC(675) Old regions: 23->23
[2025-08-22T07:57:04.438+0000][1692266][info ][gc,heap     ] GC(675) Humongous regions: 0->0
[2025-08-22T07:57:04.438+0000][1692266][info ][gc,metaspace] GC(675) Metaspace: 142410K(148544K)->142410K(148544K) NonClass: 123450K(127104K)->123450K(127104K) Class: 18960K(21440K)->18960K(21440K)
[2025-08-22T07:57:04.438+0000][1692266][info ][gc          ] GC(675) Pause Young (Normal) (G1 Evacuation Pause) 390M->90M(512M) 1.986ms
[2025-08-22T07:57:04.438+0000][1692266][info ][gc,cpu      ] GC(675) User=0.00s Sys=0.00s Real=0.00s
[2025-08-22T07:57:04.438+0000][1692266][info ][safepoint   ] Safepoint "G1CollectForAllocation", Time since last: 443176003431 ns, Reaching safepoint: 144538 ns, Cleanup: 2153 ns, At safepoint: 2022514 ns, Total: 2169205 ns
[2025-08-22T07:57:23.446+0000][1692266][info ][safepoint   ] Safepoint "Cleanup", Time since last: 19008470410 ns, Reaching safepoint: 19820 ns, Cleanup: 10456 ns, At safepoint: 4987 ns, Total: 35263 ns
[2025-08-22T08:04:28.817+0000][1692266][info ][gc,start    ] GC(676) Pause Young (Normal) (G1 Evacuation Pause)
[2025-08-22T08:04:28.818+0000][1692266][info ][gc,task     ] GC(676) Using 1 workers of 1 for evacuation
[2025-08-22T08:04:28.818+0000][1692266][debug][gc,age      ] GC(676) Desired survivor size 20971520 bytes, new threshold 15 (max threshold 15)
[2025-08-22T08:04:28.819+0000][1692266][info ][gc,phases   ] GC(676)   Pre Evacuate Collection Set: 0.1ms
[2025-08-22T08:04:28.819+0000][1692266][info ][gc,phases   ] GC(676)   Merge Heap Roots: 0.0ms
[2025-08-22T08:04:28.819+0000][1692266][info ][gc,phases   ] GC(676)   Evacuate Collection Set: 0.7ms
[2025-08-22T08:04:28.819+0000][1692266][info ][gc,phases   ] GC(676)   Post Evacuate Collection Set: 1.0ms
[2025-08-22T08:04:28.819+0000][1692266][info ][gc,phases   ] GC(676)   Other: 0.1ms
[2025-08-22T08:04:28.819+0000][1692266][trace][gc,age      ] GC(676) Age table with threshold 15 (max threshold 15)
[2025-08-22T08:04:28.819+0000][1692266][trace][gc,age      ] GC(676) - age   1:      16232 bytes,      16232 total
[2025-08-22T08:04:28.819+0000][1692266][trace][gc,age      ] GC(676) - age   2:        840 bytes,      17072 total
[2025-08-22T08:04:28.819+0000][1692266][trace][gc,age      ] GC(676) - age   4:       1400 bytes,      18472 total
[2025-08-22T08:04:28.820+0000][1692266][trace][gc,age      ] GC(676) - age   9:         32 bytes,      18504 total
[2025-08-22T08:04:28.820+0000][1692266][info ][gc,heap     ] GC(676) Eden regions: 75->0(75)
[2025-08-22T08:04:28.820+0000][1692266][info ][gc,heap     ] GC(676) Survivor regions: 1->1(10)
[2025-08-22T08:04:28.820+0000][1692266][info ][gc,heap     ] GC(676) Old regions: 23->23
[2025-08-22T08:04:28.820+0000][1692266][info ][gc,heap     ] GC(676) Humongous regions: 0->0
[2025-08-22T08:04:28.820+0000][1692266][info ][gc,metaspace] GC(676) Metaspace: 142410K(148544K)->142410K(148544K) NonClass: 123450K(127104K)->123450K(127104K) Class: 18960K(21440K)->18960K(21440K)
[2025-08-22T08:04:28.820+0000][1692266][info ][gc          ] GC(676) Pause Young (Normal) (G1 Evacuation Pause) 390M->90M(512M) 2.214ms
[2025-08-22T08:04:28.820+0000][1692266][info ][gc,cpu      ] GC(676) User=0.00s Sys=0.01s Real=0.00s
[2025-08-22T08:04:28.820+0000][1692266][info ][safepoint   ] Safepoint "G1CollectForAllocation", Time since last: 425371060636 ns, Reaching safepoint: 7621 ns, Cleanup: 2424 ns, At safepoint: 2254925 ns, Total: 2264970 ns
[2025-08-22T08:09:53.839+0000][1692266][info ][safepoint   ] Safepoint "Cleanup", Time since last: 325019246823 ns, Reaching safepoint: 31498 ns, Cleanup: 10976 ns, At safepoint: 4497 ns, Total: 46971 ns
[2025-08-22T08:11:53.453+0000][1692266][info ][gc,start    ] GC(677) Pause Young (Normal) (G1 Evacuation Pause)
[2025-08-22T08:11:53.492+0000][1692266][info ][gc,task     ] GC(677) Using 1 workers of 1 for evacuation
[2025-08-22T08:11:53.492+0000][1692266][debug][gc,age      ] GC(677) Desired survivor size 20971520 bytes, new threshold 15 (max threshold 15)
[2025-08-22T08:11:53.495+0000][1692266][info ][gc,phases   ] GC(677)   Pre Evacuate Collection Set: 0.1ms
[2025-08-22T08:11:53.495+0000][1692266][info ][gc,phases   ] GC(677)   Merge Heap Roots: 0.0ms
[2025-08-22T08:11:53.495+0000][1692266][info ][gc,phases   ] GC(677)   Evacuate Collection Set: 1.8ms
[2025-08-22T08:11:53.495+0000][1692266][info ][gc,phases   ] GC(677)   Post Evacuate Collection Set: 1.0ms
[2025-08-22T08:11:53.495+0000][1692266][info ][gc,phases   ] GC(677)   Other: 0.1ms
[2025-08-22T08:11:53.495+0000][1692266][trace][gc,age      ] GC(677) Age table with threshold 15 (max threshold 15)
[2025-08-22T08:11:53.495+0000][1692266][trace][gc,age      ] GC(677) - age   1:      22552 bytes,      22552 total
[2025-08-22T08:11:53.495+0000][1692266][trace][gc,age      ] GC(677) - age   2:        128 bytes,      22680 total
[2025-08-22T08:11:53.495+0000][1692266][trace][gc,age      ] GC(677) - age   3:        176 bytes,      22856 total
[2025-08-22T08:11:53.495+0000][1692266][trace][gc,age      ] GC(677) - age   5:       1400 bytes,      24256 total
[2025-08-22T08:11:53.495+0000][1692266][trace][gc,age      ] GC(677) - age  10:         32 bytes,      24288 total
[2025-08-22T08:11:53.495+0000][1692266][info ][gc,heap     ] GC(677) Eden regions: 75->0(75)
[2025-08-22T08:11:53.495+0000][1692266][info ][gc,heap     ] GC(677) Survivor regions: 1->1(10)
[2025-08-22T08:11:53.495+0000][1692266][info ][gc,heap     ] GC(677) Old regions: 23->23
[2025-08-22T08:11:53.495+0000][1692266][info ][gc,heap     ] GC(677) Humongous regions: 0->0
[2025-08-22T08:11:53.495+0000][1692266][info ][gc,metaspace] GC(677) Metaspace: 142410K(148544K)->142410K(148544K) NonClass: 123450K(127104K)->123450K(127104K) Class: 18960K(21440K)->18960K(21440K)
[2025-08-22T08:11:53.495+0000][1692266][info ][gc          ] GC(677) Pause Young (Normal) (G1 Evacuation Pause) 390M->90M(512M) 41.725ms
[2025-08-22T08:11:53.495+0000][1692266][info ][gc,cpu      ] GC(677) User=0.00s Sys=0.00s Real=0.04s
[2025-08-22T08:11:53.495+0000][1692266][info ][safepoint   ] Safepoint "G1CollectForAllocation", Time since last: 119614385832 ns, Reaching safepoint: 8183 ns, Cleanup: 2734 ns, At safepoint: 41775550 ns, Total: 41786467 ns
[2025-08-22T08:19:16.663+0000][1692266][info ][gc,start    ] GC(678) Pause Young (Normal) (G1 Evacuation Pause)
[2025-08-22T08:19:16.664+0000][1692266][info ][gc,task     ] GC(678) Using 1 workers of 1 for evacuation
[2025-08-22T08:19:16.664+0000][1692266][debug][gc,age      ] GC(678) Desired survivor size 20971520 bytes, new threshold 15 (max threshold 15)
[2025-08-22T08:19:16.666+0000][1692266][info ][gc,phases   ] GC(678)   Pre Evacuate Collection Set: 0.0ms
[2025-08-22T08:19:16.666+0000][1692266][info ][gc,phases   ] GC(678)   Merge Heap Roots: 0.0ms
[2025-08-22T08:19:16.666+0000][1692266][info ][gc,phases   ] GC(678)   Evacuate Collection Set: 0.7ms
[2025-08-22T08:19:16.666+0000][1692266][info ][gc,phases   ] GC(678)   Post Evacuate Collection Set: 0.8ms
[2025-08-22T08:19:16.666+0000][1692266][info ][gc,phases   ] GC(678)   Other: 0.0ms
[2025-08-22T08:19:16.666+0000][1692266][trace][gc,age      ] GC(678) Age table with threshold 15 (max threshold 15)
[2025-08-22T08:19:16.666+0000][1692266][trace][gc,age      ] GC(678) - age   1:      14312 bytes,      14312 total
[2025-08-22T08:19:16.666+0000][1692266][trace][gc,age      ] GC(678) - age   2:        976 bytes,      15288 total
[2025-08-22T08:19:16.666+0000][1692266][trace][gc,age      ] GC(678) - age   4:        176 bytes,      15464 total
[2025-08-22T08:19:16.666+0000][1692266][trace][gc,age      ] GC(678) - age   6:       1400 bytes,      16864 total
[2025-08-22T08:19:16.666+0000][1692266][trace][gc,age      ] GC(678) - age  11:         32 bytes,      16896 total
[2025-08-22T08:19:16.666+0000][1692266][info ][gc,heap     ] GC(678) Eden regions: 75->0(75)
[2025-08-22T08:19:16.666+0000][1692266][info ][gc,heap     ] GC(678) Survivor regions: 1->1(10)
[2025-08-22T08:19:16.666+0000][1692266][info ][gc,heap     ] GC(678) Old regions: 23->23
[2025-08-22T08:19:16.666+0000][1692266][info ][gc,heap     ] GC(678) Humongous regions: 0->0
[2025-08-22T08:19:16.666+0000][1692266][info ][gc,metaspace] GC(678) Metaspace: 142410K(148544K)->142410K(148544K) NonClass: 123450K(127104K)->123450K(127104K) Class: 18960K(21440K)->18960K(21440K)
[2025-08-22T08:19:16.666+0000][1692266][info ][gc          ] GC(678) Pause Young (Normal) (G1 Evacuation Pause) 390M->90M(512M) 2.197ms
[2025-08-22T08:19:16.666+0000][1692266][info ][gc,cpu      ] GC(678) User=0.00s Sys=0.00s Real=0.01s
[2025-08-22T08:19:16.666+0000][1692266][info ][safepoint   ] Safepoint "G1CollectForAllocation", Time since last: 443168338044 ns, Reaching safepoint: 11186 ns, Cleanup: 3285 ns, At safepoint: 2233843 ns, Total: 2248314 ns
[2025-08-22T08:26:39.694+0000][1692266][info ][gc,start    ] GC(679) Pause Young (Normal) (G1 Evacuation Pause)
[2025-08-22T08:26:39.694+0000][1692266][info ][gc,task     ] GC(679) Using 1 workers of 1 for evacuation
[2025-08-22T08:26:39.694+0000][1692266][debug][gc,age      ] GC(679) Desired survivor size 20971520 bytes, new threshold 15 (max threshold 15)
[2025-08-22T08:26:39.696+0000][1692266][info ][gc,phases   ] GC(679)   Pre Evacuate Collection Set: 0.1ms
[2025-08-22T08:26:39.696+0000][1692266][info ][gc,phases   ] GC(679)   Merge Heap Roots: 0.0ms
[2025-08-22T08:26:39.696+0000][1692266][info ][gc,phases   ] GC(679)   Evacuate Collection Set: 0.7ms
[2025-08-22T08:26:39.696+0000][1692266][info ][gc,phases   ] GC(679)   Post Evacuate Collection Set: 0.9ms
[2025-08-22T08:26:39.696+0000][1692266][info ][gc,phases   ] GC(679)   Other: 0.2ms
[2025-08-22T08:26:39.696+0000][1692266][trace][gc,age      ] GC(679) Age table with threshold 15 (max threshold 15)
[2025-08-22T08:26:39.696+0000][1692266][trace][gc,age      ] GC(679) - age   1:      17256 bytes,      17256 total
[2025-08-22T08:26:39.696+0000][1692266][trace][gc,age      ] GC(679) - age   5:        176 bytes,      17432 total
[2025-08-22T08:26:39.696+0000][1692266][trace][gc,age      ] GC(679) - age   7:       1400 bytes,      18832 total
[2025-08-22T08:26:39.696+0000][1692266][trace][gc,age      ] GC(679) - age  12:         32 bytes,      18864 total
[2025-08-22T08:26:39.696+0000][1692266][info ][gc,heap     ] GC(679) Eden regions: 75->0(75)
[2025-08-22T08:26:39.696+0000][1692266][info ][gc,heap     ] GC(679) Survivor regions: 1->1(10)
[2025-08-22T08:26:39.696+0000][1692266][info ][gc,heap     ] GC(679) Old regions: 23->23
[2025-08-22T08:26:39.696+0000][1692266][info ][gc,heap     ] GC(679) Humongous regions: 0->0
[2025-08-22T08:26:39.696+0000][1692266][info ][gc,metaspace] GC(679) Metaspace: 142410K(148544K)->142410K(148544K) NonClass: 123450K(127104K)->123450K(127104K) Class: 18960K(21440K)->18960K(21440K)
[2025-08-22T08:26:39.696+0000][1692266][info ][gc          ] GC(679) Pause Young (Normal) (G1 Evacuation Pause) 390M->90M(512M) 2.138ms
[2025-08-22T08:26:39.696+0000][1692266][info ][gc,cpu      ] GC(679) User=0.00s Sys=0.00s Real=0.01s
[2025-08-22T08:26:39.696+0000][1692266][info ][safepoint   ] Safepoint "G1CollectForAllocation", Time since last: 443028241127 ns, Reaching safepoint: 7762 ns, Cleanup: 2624 ns, At safepoint: 2178459 ns, Total: 2188845 ns
[2025-08-22T08:34:02.884+0000][1692266][info ][gc,start    ] GC(680) Pause Young (Normal) (G1 Evacuation Pause)
[2025-08-22T08:34:02.884+0000][1692266][info ][gc,task     ] GC(680) Using 1 workers of 1 for evacuation
[2025-08-22T08:34:02.884+0000][1692266][debug][gc,age      ] GC(680) Desired survivor size 20971520 bytes, new threshold 15 (max threshold 15)
[2025-08-22T08:34:02.886+0000][1692266][info ][gc,phases   ] GC(680)   Pre Evacuate Collection Set: 0.1ms
[2025-08-22T08:34:02.886+0000][1692266][info ][gc,phases   ] GC(680)   Merge Heap Roots: 0.0ms
[2025-08-22T08:34:02.886+0000][1692266][info ][gc,phases   ] GC(680)   Evacuate Collection Set: 0.7ms
[2025-08-22T08:34:02.886+0000][1692266][info ][gc,phases   ] GC(680)   Post Evacuate Collection Set: 0.8ms
[2025-08-22T08:34:02.886+0000][1692266][info ][gc,phases   ] GC(680)   Other: 0.0ms
[2025-08-22T08:34:02.886+0000][1692266][trace][gc,age      ] GC(680) Age table with threshold 15 (max threshold 15)
[2025-08-22T08:34:02.886+0000][1692266][trace][gc,age      ] GC(680) - age   1:      14704 bytes,      14704 total
[2025-08-22T08:34:02.886+0000][1692266][trace][gc,age      ] GC(680) - age   2:        664 bytes,      15368 total
[2025-08-22T08:34:02.886+0000][1692266][trace][gc,age      ] GC(680) - age   6:        176 bytes,      15544 total
[2025-08-22T08:34:02.886+0000][1692266][trace][gc,age      ] GC(680) - age   8:       1400 bytes,      16944 total
[2025-08-22T08:34:02.886+0000][1692266][trace][gc,age      ] GC(680) - age  13:         32 bytes,      16976 total
[2025-08-22T08:34:02.886+0000][1692266][info ][gc,heap     ] GC(680) Eden regions: 75->0(75)
[2025-08-22T08:34:02.886+0000][1692266][info ][gc,heap     ] GC(680) Survivor regions: 1->1(10)
[2025-08-22T08:34:02.886+0000][1692266][info ][gc,heap     ] GC(680) Old regions: 23->23
[2025-08-22T08:34:02.886+0000][1692266][info ][gc,heap     ] GC(680) Humongous regions: 0->0
[2025-08-22T08:34:02.886+0000][1692266][info ][gc,metaspace] GC(680) Metaspace: 142410K(148544K)->142410K(148544K) NonClass: 123450K(127104K)->123450K(127104K) Class: 18960K(21440K)->18960K(21440K)
[2025-08-22T08:34:02.886+0000][1692266][info ][gc          ] GC(680) Pause Young (Normal) (G1 Evacuation Pause) 390M->90M(512M) 2.088ms
[2025-08-22T08:34:02.886+0000][1692266][info ][gc,cpu      ] GC(680) User=0.00s Sys=0.00s Real=0.01s
[2025-08-22T08:34:02.886+0000][1692266][info ][safepoint   ] Safepoint "G1CollectForAllocation", Time since last: 443188033139 ns, Reaching safepoint: 7631 ns, Cleanup: 3486 ns, At safepoint: 2124327 ns, Total: 2135444 ns
[2025-08-22T08:41:26.136+0000][1692266][info ][gc,start    ] GC(681) Pause Young (Normal) (G1 Evacuation Pause)
[2025-08-22T08:41:26.137+0000][1692266][info ][gc,task     ] GC(681) Using 1 workers of 1 for evacuation
[2025-08-22T08:41:26.137+0000][1692266][debug][gc,age      ] GC(681) Desired survivor size 20971520 bytes, new threshold 15 (max threshold 15)
[2025-08-22T08:41:26.139+0000][1692266][info ][gc,phases   ] GC(681)   Pre Evacuate Collection Set: 0.1ms
[2025-08-22T08:41:26.139+0000][1692266][info ][gc,phases   ] GC(681)   Merge Heap Roots: 0.0ms
[2025-08-22T08:41:26.139+0000][1692266][info ][gc,phases   ] GC(681)   Evacuate Collection Set: 0.8ms
[2025-08-22T08:41:26.139+0000][1692266][info ][gc,phases   ] GC(681)   Post Evacuate Collection Set: 0.8ms
[2025-08-22T08:41:26.139+0000][1692266][info ][gc,phases   ] GC(681)   Other: 0.3ms
[2025-08-22T08:41:26.139+0000][1692266][trace][gc,age      ] GC(681) Age table with threshold 15 (max threshold 15)
[2025-08-22T08:41:26.139+0000][1692266][trace][gc,age      ] GC(681) - age   1:     102992 bytes,     102992 total
[2025-08-22T08:41:26.139+0000][1692266][trace][gc,age      ] GC(681) - age   2:        128 bytes,     103120 total
[2025-08-22T08:41:26.139+0000][1692266][trace][gc,age      ] GC(681) - age   7:        176 bytes,     103296 total
[2025-08-22T08:41:26.139+0000][1692266][trace][gc,age      ] GC(681) - age   9:       1400 bytes,     104696 total
[2025-08-22T08:41:26.139+0000][1692266][trace][gc,age      ] GC(681) - age  14:         32 bytes,     104728 total
[2025-08-22T08:41:26.139+0000][1692266][info ][gc,heap     ] GC(681) Eden regions: 75->0(75)
[2025-08-22T08:41:26.139+0000][1692266][info ][gc,heap     ] GC(681) Survivor regions: 1->1(10)
[2025-08-22T08:41:26.139+0000][1692266][info ][gc,heap     ] GC(681) Old regions: 23->23
[2025-08-22T08:41:26.139+0000][1692266][info ][gc,heap     ] GC(681) Humongous regions: 0->0
[2025-08-22T08:41:26.139+0000][1692266][info ][gc,metaspace] GC(681) Metaspace: 142410K(148544K)->142410K(148544K) NonClass: 123450K(127104K)->123450K(127104K) Class: 18960K(21440K)->18960K(21440K)
[2025-08-22T08:41:26.139+0000][1692266][info ][gc          ] GC(681) Pause Young (Normal) (G1 Evacuation Pause) 390M->91M(512M) 2.465ms
[2025-08-22T08:41:26.139+0000][1692266][info ][gc,cpu      ] GC(681) User=0.00s Sys=0.00s Real=0.00s
[2025-08-22T08:41:26.139+0000][1692266][info ][safepoint   ] Safepoint "G1CollectForAllocation", Time since last: 443250190898 ns, Reaching safepoint: 10085 ns, Cleanup: 3506 ns, At safepoint: 2501937 ns, Total: 2515528 ns
[2025-08-22T08:48:50.526+0000][1692266][info ][gc,start    ] GC(682) Pause Young (Normal) (G1 Evacuation Pause)
[2025-08-22T08:48:50.526+0000][1692266][info ][gc,task     ] GC(682) Using 1 workers of 1 for evacuation
[2025-08-22T08:48:50.526+0000][1692266][debug][gc,age      ] GC(682) Desired survivor size 20971520 bytes, new threshold 15 (max threshold 15)
[2025-08-22T08:48:50.528+0000][1692266][info ][gc,phases   ] GC(682)   Pre Evacuate Collection Set: 0.1ms
[2025-08-22T08:48:50.528+0000][1692266][info ][gc,phases   ] GC(682)   Merge Heap Roots: 0.0ms
[2025-08-22T08:48:50.528+0000][1692266][info ][gc,phases   ] GC(682)   Evacuate Collection Set: 0.7ms
[2025-08-22T08:48:50.528+0000][1692266][info ][gc,phases   ] GC(682)   Post Evacuate Collection Set: 1.2ms
[2025-08-22T08:48:50.528+0000][1692266][info ][gc,phases   ] GC(682)   Other: 0.0ms
[2025-08-22T08:48:50.528+0000][1692266][trace][gc,age      ] GC(682) Age table with threshold 15 (max threshold 15)
[2025-08-22T08:48:50.528+0000][1692266][trace][gc,age      ] GC(682) - age   1:      14320 bytes,      14320 total
[2025-08-22T08:48:50.528+0000][1692266][trace][gc,age      ] GC(682) - age   2:        976 bytes,      15296 total
[2025-08-22T08:48:50.528+0000][1692266][trace][gc,age      ] GC(682) - age   8:        176 bytes,      15472 total
[2025-08-22T08:48:50.528+0000][1692266][trace][gc,age      ] GC(682) - age  10:       1400 bytes,      16872 total
[2025-08-22T08:48:50.528+0000][1692266][trace][gc,age      ] GC(682) - age  15:         32 bytes,      16904 total
[2025-08-22T08:48:50.528+0000][1692266][info ][gc,heap     ] GC(682) Eden regions: 75->0(75)
[2025-08-22T08:48:50.528+0000][1692266][info ][gc,heap     ] GC(682) Survivor regions: 1->1(10)
[2025-08-22T08:48:50.528+0000][1692266][info ][gc,heap     ] GC(682) Old regions: 23->23
[2025-08-22T08:48:50.528+0000][1692266][info ][gc,heap     ] GC(682) Humongous regions: 0->0
[2025-08-22T08:48:50.528+0000][1692266][info ][gc,metaspace] GC(682) Metaspace: 142410K(148544K)->142410K(148544K) NonClass: 123450K(127104K)->123450K(127104K) Class: 18960K(21440K)->18960K(21440K)
[2025-08-22T08:48:50.528+0000][1692266][info ][gc          ] GC(682) Pause Young (Normal) (G1 Evacuation Pause) 391M->90M(512M) 2.252ms
[2025-08-22T08:48:50.528+0000][1692266][info ][gc,cpu      ] GC(682) User=0.00s Sys=0.00s Real=0.00s
[2025-08-22T08:48:50.528+0000][1692266][info ][safepoint   ] Safepoint "G1CollectForAllocation", Time since last: 444387240176 ns, Reaching safepoint: 8192 ns, Cleanup: 2754 ns, At safepoint: 2290629 ns, Total: 2301575 ns
[2025-08-22T08:56:15.113+0000][1692266][info ][gc,start    ] GC(683) Pause Young (Normal) (G1 Evacuation Pause)
[2025-08-22T08:56:15.114+0000][1692266][info ][gc,task     ] GC(683) Using 1 workers of 1 for evacuation
[2025-08-22T08:56:15.114+0000][1692266][debug][gc,age      ] GC(683) Desired survivor size 20971520 bytes, new threshold 15 (max threshold 15)
[2025-08-22T08:56:15.115+0000][1692266][info ][gc,phases   ] GC(683)   Pre Evacuate Collection Set: 0.1ms
[2025-08-22T08:56:15.115+0000][1692266][info ][gc,phases   ] GC(683)   Merge Heap Roots: 0.0ms
[2025-08-22T08:56:15.115+0000][1692266][info ][gc,phases   ] GC(683)   Evacuate Collection Set: 0.7ms
[2025-08-22T08:56:15.115+0000][1692266][info ][gc,phases   ] GC(683)   Post Evacuate Collection Set: 0.8ms
[2025-08-22T08:56:15.115+0000][1692266][info ][gc,phases   ] GC(683)   Other: 0.0ms
[2025-08-22T08:56:15.115+0000][1692266][trace][gc,age      ] GC(683) Age table with threshold 15 (max threshold 15)
[2025-08-22T08:56:15.115+0000][1692266][trace][gc,age      ] GC(683) - age   1:      16136 bytes,      16136 total
[2025-08-22T08:56:15.115+0000][1692266][trace][gc,age      ] GC(683) - age  11:       1400 bytes,      17536 total
[2025-08-22T08:56:15.115+0000][1692266][info ][gc,heap     ] GC(683) Eden regions: 75->0(75)
[2025-08-22T08:56:15.115+0000][1692266][info ][gc,heap     ] GC(683) Survivor regions: 1->1(10)
[2025-08-22T08:56:15.115+0000][1692266][info ][gc,heap     ] GC(683) Old regions: 23->23
[2025-08-22T08:56:15.115+0000][1692266][info ][gc,heap     ] GC(683) Humongous regions: 0->0
[2025-08-22T08:56:15.115+0000][1692266][info ][gc,metaspace] GC(683) Metaspace: 142410K(148544K)->142410K(148544K) NonClass: 123450K(127104K)->123450K(127104K) Class: 18960K(21440K)->18960K(21440K)
[2025-08-22T08:56:15.115+0000][1692266][info ][gc          ] GC(683) Pause Young (Normal) (G1 Evacuation Pause) 390M->90M(512M) 2.094ms
[2025-08-22T08:56:15.115+0000][1692266][info ][gc,cpu      ] GC(683) User=0.00s Sys=0.00s Real=0.01s
[2025-08-22T08:56:15.115+0000][1692266][info ][safepoint   ] Safepoint "G1CollectForAllocation", Time since last: 444584859384 ns, Reaching safepoint: 8122 ns, Cleanup: 3215 ns, At safepoint: 2130767 ns, Total: 2142104 ns
[2025-08-22T08:56:56.120+0000][1692266][info ][safepoint   ] Safepoint "Cleanup", Time since last: 41004389646 ns, Reaching safepoint: 5899 ns, Cleanup: 9224 ns, At safepoint: 37817 ns, Total: 52940 ns
[2025-08-22T09:03:39.064+0000][1692266][info ][gc,start    ] GC(684) Pause Young (Normal) (G1 Evacuation Pause)
[2025-08-22T09:03:39.064+0000][1692266][info ][gc,task     ] GC(684) Using 1 workers of 1 for evacuation
[2025-08-22T09:03:39.064+0000][1692266][debug][gc,age      ] GC(684) Desired survivor size 20971520 bytes, new threshold 15 (max threshold 15)
[2025-08-22T09:03:39.066+0000][1692266][info ][gc,phases   ] GC(684)   Pre Evacuate Collection Set: 0.1ms
[2025-08-22T09:03:39.066+0000][1692266][info ][gc,phases   ] GC(684)   Merge Heap Roots: 0.0ms
[2025-08-22T09:03:39.066+0000][1692266][info ][gc,phases   ] GC(684)   Evacuate Collection Set: 0.8ms
[2025-08-22T09:03:39.066+0000][1692266][info ][gc,phases   ] GC(684)   Post Evacuate Collection Set: 0.8ms
[2025-08-22T09:03:39.066+0000][1692266][info ][gc,phases   ] GC(684)   Other: 0.0ms
[2025-08-22T09:03:39.066+0000][1692266][trace][gc,age      ] GC(684) Age table with threshold 15 (max threshold 15)
[2025-08-22T09:03:39.066+0000][1692266][trace][gc,age      ] GC(684) - age   1:      16928 bytes,      16928 total
[2025-08-22T09:03:39.066+0000][1692266][trace][gc,age      ] GC(684) - age   2:        840 bytes,      17768 total
[2025-08-22T09:03:39.066+0000][1692266][trace][gc,age      ] GC(684) - age  12:       1400 bytes,      19168 total
[2025-08-22T09:03:39.066+0000][1692266][info ][gc,heap     ] GC(684) Eden regions: 75->0(75)
[2025-08-22T09:03:39.066+0000][1692266][info ][gc,heap     ] GC(684) Survivor regions: 1->1(10)
[2025-08-22T09:03:39.066+0000][1692266][info ][gc,heap     ] GC(684) Old regions: 23->23
[2025-08-22T09:03:39.066+0000][1692266][info ][gc,heap     ] GC(684) Humongous regions: 0->0
[2025-08-22T09:03:39.066+0000][1692266][info ][gc,metaspace] GC(684) Metaspace: 142410K(148544K)->142410K(148544K) NonClass: 123450K(127104K)->123450K(127104K) Class: 18960K(21440K)->18960K(21440K)
[2025-08-22T09:03:39.066+0000][1692266][info ][gc          ] GC(684) Pause Young (Normal) (G1 Evacuation Pause) 390M->90M(512M) 2.187ms
[2025-08-22T09:03:39.066+0000][1692266][info ][gc,cpu      ] GC(684) User=0.01s Sys=0.00s Real=0.01s
[2025-08-22T09:03:39.066+0000][1692266][info ][safepoint   ] Safepoint "G1CollectForAllocation", Time since last: 402943909724 ns, Reaching safepoint: 9094 ns, Cleanup: 3375 ns, At safepoint: 2235035 ns, Total: 2247504 ns
[2025-08-22T09:11:01.331+0000][1692266][info ][gc,start    ] GC(685) Pause Young (Normal) (G1 Evacuation Pause)
[2025-08-22T09:11:01.331+0000][1692266][info ][gc,task     ] GC(685) Using 1 workers of 1 for evacuation
[2025-08-22T09:11:01.331+0000][1692266][debug][gc,age      ] GC(685) Desired survivor size 20971520 bytes, new threshold 15 (max threshold 15)
[2025-08-22T09:11:01.333+0000][1692266][info ][gc,phases   ] GC(685)   Pre Evacuate Collection Set: 0.0ms
[2025-08-22T09:11:01.333+0000][1692266][info ][gc,phases   ] GC(685)   Merge Heap Roots: 0.0ms
[2025-08-22T09:11:01.333+0000][1692266][info ][gc,phases   ] GC(685)   Evacuate Collection Set: 0.7ms
[2025-08-22T09:11:01.333+0000][1692266][info ][gc,phases   ] GC(685)   Post Evacuate Collection Set: 1.0ms
[2025-08-22T09:11:01.333+0000][1692266][info ][gc,phases   ] GC(685)   Other: 0.0ms
