[2025-08-28T14:20:29.243+0000][1106612][info][gc,init] CardTable entry size: 512
[2025-08-28T14:20:29.243+0000][1106612][info][gc     ] Using G1
[2025-08-28T14:20:29.252+0000][1106612][info][gc,init] Version: 21.0.2+13-58 (release)
[2025-08-28T14:20:29.252+0000][1106612][info][gc,init] CPUs: 48 total, 48 available
[2025-08-28T14:20:29.252+0000][1106612][info][gc,init] Memory: 377G
[2025-08-28T14:20:29.252+0000][1106612][info][gc,init] Large Page Support: Disabled
[2025-08-28T14:20:29.252+0000][1106612][info][gc,init] NUMA Support: Disabled
[2025-08-28T14:20:29.252+0000][1106612][info][gc,init] Compressed Oops: Enabled (32-bit)
[2025-08-28T14:20:29.252+0000][1106612][info][gc,init] Heap Region Size: 4M
[2025-08-28T14:20:29.252+0000][1106612][info][gc,init] Heap Min Capacity: 512M
[2025-08-28T14:20:29.252+0000][1106612][info][gc,init] Heap Initial Capacity: 512M
[2025-08-28T14:20:29.252+0000][1106612][info][gc,init] Heap Max Capacity: 512M
[2025-08-28T14:20:29.252+0000][1106612][info][gc,init] Pre-touch: Enabled
[2025-08-28T14:20:29.252+0000][1106612][info][gc,init] Parallel Workers: 33
[2025-08-28T14:20:29.252+0000][1106612][info][gc,init] Concurrent Workers: 8
[2025-08-28T14:20:29.252+0000][1106612][info][gc,init] Concurrent Refinement Workers: 33
[2025-08-28T14:20:29.252+0000][1106612][info][gc,init] Periodic GC: Disabled
[2025-08-28T14:20:29.258+0000][1106612][info][gc,metaspace] CDS archive(s) mapped at: [0x000014ad8f000000-0x000014ad8fca6000-0x000014ad8fca6000), size 13262848, SharedBaseAddress: 0x000014ad8f000000, ArchiveRelocationMode: 1.
[2025-08-28T14:20:29.258+0000][1106612][info][gc,metaspace] Compressed class space mapped at: 0x000014ad90000000-0x000014add0000000, reserved size: 1073741824
[2025-08-28T14:20:29.258+0000][1106612][info][gc,metaspace] Narrow klass base: 0x000014ad8f000000, Narrow klass shift: 0, Narrow klass range: 0x100000000
[2025-08-28T14:20:29.357+0000][1106612][info][gc,start    ] GC(0) Pause Young (Normal) (G1 Evacuation Pause)
[2025-08-28T14:20:29.358+0000][1106612][info][gc,task     ] GC(0) Using 12 workers of 33 for evacuation
[2025-08-28T14:20:29.358+0000][1106612][debug][gc,age      ] GC(0) Desired survivor size 2097152 bytes, new threshold 15 (max threshold 15)
[2025-08-28T14:20:29.358+0000][1106612][info ][gc,phases   ] GC(0)   Pre Evacuate Collection Set: 0.1ms
[2025-08-28T14:20:29.358+0000][1106612][info ][gc,phases   ] GC(0)   Merge Heap Roots: 0.1ms
[2025-08-28T14:20:29.358+0000][1106612][info ][gc,phases   ] GC(0)   Evacuate Collection Set: 0.4ms
[2025-08-28T14:20:29.358+0000][1106612][info ][gc,phases   ] GC(0)   Post Evacuate Collection Set: 0.2ms
[2025-08-28T14:20:29.358+0000][1106612][info ][gc,phases   ] GC(0)   Other: 0.0ms
[2025-08-28T14:20:29.358+0000][1106612][trace][gc,age      ] GC(0) Age table with threshold 15 (max threshold 15)
[2025-08-28T14:20:29.358+0000][1106612][trace][gc,age      ] GC(0) - age   1:     760992 bytes,     760992 total
[2025-08-28T14:20:29.358+0000][1106612][info ][gc,heap     ] GC(0) Eden regions: 6->0(23)
[2025-08-28T14:20:29.358+0000][1106612][info ][gc,heap     ] GC(0) Survivor regions: 0->1(1)
[2025-08-28T14:20:29.358+0000][1106612][info ][gc,heap     ] GC(0) Old regions: 1->1
[2025-08-28T14:20:29.358+0000][1106612][info ][gc,heap     ] GC(0) Humongous regions: 0->0
[2025-08-28T14:20:29.358+0000][1106612][info ][gc,metaspace] GC(0) Metaspace: 891K(1024K)->891K(1024K) NonClass: 830K(896K)->830K(896K) Class: 60K(128K)->60K(128K)
[2025-08-28T14:20:29.358+0000][1106612][info ][gc          ] GC(0) Pause Young (Normal) (G1 Evacuation Pause) 24M->2M(512M) 0.907ms
[2025-08-28T14:20:29.358+0000][1106612][info ][gc,cpu      ] GC(0) User=0.01s Sys=0.00s Real=0.00s
[2025-08-28T14:20:29.358+0000][1106612][info ][safepoint   ] Safepoint "G1CollectForAllocation", Time since last: 96089782 ns, Reaching safepoint: 68833 ns, Cleanup: 113571 ns, At safepoint: 955045 ns, Total: 1137449 ns
[2025-08-28T14:20:29.495+0000][1106612][info ][safepoint   ] Safepoint "ICBufferFull", Time since last: 136540614 ns, Reaching safepoint: 4947 ns, Cleanup: 131047 ns, At safepoint: 6790 ns, Total: 142784 ns
[2025-08-28T14:20:29.636+0000][1106612][info ][safepoint   ] Safepoint "ICBufferFull", Time since last: 140751251 ns, Reaching safepoint: 69304 ns, Cleanup: 162444 ns, At safepoint: 3505 ns, Total: 235253 ns
[2025-08-28T14:20:29.804+0000][1106612][info ][safepoint   ] Safepoint "ICBufferFull", Time since last: 167910764 ns, Reaching safepoint: 3815 ns, Cleanup: 206911 ns, At safepoint: 1242 ns, Total: 211968 ns
[2025-08-28T14:20:29.934+0000][1106612][info ][safepoint   ] Safepoint "ICBufferFull", Time since last: 129155529 ns, Reaching safepoint: 68383 ns, Cleanup: 116675 ns, At safepoint: 3145 ns, Total: 188203 ns
[2025-08-28T14:20:30.153+0000][1106612][info ][gc,start    ] GC(1) Pause Young (Normal) (G1 Evacuation Pause)
[2025-08-28T14:20:30.153+0000][1106612][info ][gc,task     ] GC(1) Using 12 workers of 33 for evacuation
[2025-08-28T14:20:30.153+0000][1106612][debug][gc,age      ] GC(1) Desired survivor size 6291456 bytes, new threshold 15 (max threshold 15)
[2025-08-28T14:20:30.159+0000][1106612][info ][gc,phases   ] GC(1)   Pre Evacuate Collection Set: 0.1ms
[2025-08-28T14:20:30.159+0000][1106612][info ][gc,phases   ] GC(1)   Merge Heap Roots: 0.0ms
[2025-08-28T14:20:30.159+0000][1106612][info ][gc,phases   ] GC(1)   Evacuate Collection Set: 4.8ms
[2025-08-28T14:20:30.159+0000][1106612][info ][gc,phases   ] GC(1)   Post Evacuate Collection Set: 1.1ms
[2025-08-28T14:20:30.159+0000][1106612][info ][gc,phases   ] GC(1)   Other: 0.1ms
[2025-08-28T14:20:30.159+0000][1106612][trace][gc,age      ] GC(1) Age table with threshold 15 (max threshold 15)
[2025-08-28T14:20:30.159+0000][1106612][trace][gc,age      ] GC(1) - age   1:    8479504 bytes,    8479504 total
[2025-08-28T14:20:30.159+0000][1106612][trace][gc,age      ] GC(1) - age   2:     741192 bytes,    9220696 total
[2025-08-28T14:20:30.159+0000][1106612][info ][gc,heap     ] GC(1) Eden regions: 23->0(24)
[2025-08-28T14:20:30.159+0000][1106612][info ][gc,heap     ] GC(1) Survivor regions: 1->3(3)
[2025-08-28T14:20:30.159+0000][1106612][info ][gc,heap     ] GC(1) Old regions: 1->1
[2025-08-28T14:20:30.159+0000][1106612][info ][gc,heap     ] GC(1) Humongous regions: 0->0
[2025-08-28T14:20:30.159+0000][1106612][info ][gc,metaspace] GC(1) Metaspace: 20338K(20864K)->20338K(20864K) NonClass: 18067K(18368K)->18067K(18368K) Class: 2270K(2496K)->2270K(2496K)
[2025-08-28T14:20:30.159+0000][1106612][info ][gc          ] GC(1) Pause Young (Normal) (G1 Evacuation Pause) 94M->10M(512M) 6.127ms
[2025-08-28T14:20:30.159+0000][1106612][info ][gc,cpu      ] GC(1) User=0.06s Sys=0.00s Real=0.00s
[2025-08-28T14:20:30.159+0000][1106612][info ][safepoint   ] Safepoint "G1CollectForAllocation", Time since last: 219559740 ns, Reaching safepoint: 4306 ns, Cleanup: 110526 ns, At safepoint: 6173665 ns, Total: 6288497 ns
[2025-08-28T14:20:30.325+0000][1106612][info ][safepoint   ] Safepoint "ICBufferFull", Time since last: 165128083 ns, Reaching safepoint: 4287 ns, Cleanup: 129554 ns, At safepoint: 5759 ns, Total: 139600 ns
[2025-08-28T14:20:30.331+0000][1106612][info ][gc,start    ] GC(2) Pause Young (Concurrent Start) (Metadata GC Threshold)
[2025-08-28T14:20:30.331+0000][1106612][info ][gc,task     ] GC(2) Using 12 workers of 33 for evacuation
[2025-08-28T14:20:30.331+0000][1106612][debug][gc,age      ] GC(2) Desired survivor size 8388608 bytes, new threshold 1 (max threshold 15)
[2025-08-28T14:20:30.335+0000][1106612][info ][gc,phases   ] GC(2)   Pre Evacuate Collection Set: 0.2ms
[2025-08-28T14:20:30.335+0000][1106612][info ][gc,phases   ] GC(2)   Merge Heap Roots: 0.0ms
[2025-08-28T14:20:30.335+0000][1106612][info ][gc,phases   ] GC(2)   Evacuate Collection Set: 3.4ms
[2025-08-28T14:20:30.335+0000][1106612][info ][gc,phases   ] GC(2)   Post Evacuate Collection Set: 0.6ms
[2025-08-28T14:20:30.335+0000][1106612][info ][gc,phases   ] GC(2)   Other: 0.1ms
[2025-08-28T14:20:30.335+0000][1106612][trace][gc,age      ] GC(2) Age table with threshold 1 (max threshold 15)
[2025-08-28T14:20:30.335+0000][1106612][trace][gc,age      ] GC(2) - age   1:     946304 bytes,     946304 total
[2025-08-28T14:20:30.335+0000][1106612][info ][gc,heap     ] GC(2) Eden regions: 14->0(29)
[2025-08-28T14:20:30.335+0000][1106612][info ][gc,heap     ] GC(2) Survivor regions: 3->1(4)
[2025-08-28T14:20:30.335+0000][1106612][info ][gc,heap     ] GC(2) Old regions: 1->4
[2025-08-28T14:20:30.335+0000][1106612][info ][gc,heap     ] GC(2) Humongous regions: 0->0
[2025-08-28T14:20:30.335+0000][1106612][info ][gc,metaspace] GC(2) Metaspace: 20982K(21504K)->20982K(21504K) NonClass: 18661K(18944K)->18661K(18944K) Class: 2320K(2560K)->2320K(2560K)
[2025-08-28T14:20:30.335+0000][1106612][info ][gc          ] GC(2) Pause Young (Concurrent Start) (Metadata GC Threshold) 66M->10M(512M) 4.399ms
[2025-08-28T14:20:30.335+0000][1106612][info ][gc,cpu      ] GC(2) User=0.05s Sys=0.01s Real=0.00s
[2025-08-28T14:20:30.335+0000][1106612][info ][gc          ] GC(3) Concurrent Mark Cycle
[2025-08-28T14:20:30.335+0000][1106612][info ][gc,marking  ] GC(3) Concurrent Scan Root Regions
[2025-08-28T14:20:30.335+0000][1106612][info ][safepoint   ] Safepoint "CollectForMetadataAllocation", Time since last: 6123259 ns, Reaching safepoint: 68343 ns, Cleanup: 19660 ns, At safepoint: 4503726 ns, Total: 4591729 ns
[2025-08-28T14:20:30.337+0000][1106612][info ][gc,marking  ] GC(3) Concurrent Scan Root Regions 1.939ms
[2025-08-28T14:20:30.337+0000][1106612][info ][gc,marking  ] GC(3) Concurrent Mark
[2025-08-28T14:20:30.337+0000][1106612][info ][gc,marking  ] GC(3) Concurrent Mark From Roots
[2025-08-28T14:20:30.338+0000][1106612][info ][gc,task     ] GC(3) Using 8 workers of 8 for marking
[2025-08-28T14:20:30.340+0000][1106612][info ][gc,marking  ] GC(3) Concurrent Mark From Roots 2.681ms
[2025-08-28T14:20:30.340+0000][1106612][info ][gc,marking  ] GC(3) Concurrent Preclean
[2025-08-28T14:20:30.340+0000][1106612][info ][gc,marking  ] GC(3) Concurrent Preclean 0.007ms
[2025-08-28T14:20:30.340+0000][1106612][info ][gc,start    ] GC(3) Pause Remark
[2025-08-28T14:20:30.342+0000][1106612][info ][gc          ] GC(3) Pause Remark 13M->13M(512M) 1.568ms
[2025-08-28T14:20:30.342+0000][1106612][info ][gc,cpu      ] GC(3) User=0.02s Sys=0.00s Real=0.01s
[2025-08-28T14:20:30.342+0000][1106612][info ][safepoint   ] Safepoint "G1PauseRemark", Time since last: 4658749 ns, Reaching safepoint: 66720 ns, Cleanup: 20110 ns, At safepoint: 1594576 ns, Total: 1681406 ns
[2025-08-28T14:20:30.342+0000][1106612][info ][gc,marking  ] GC(3) Concurrent Mark 4.414ms
[2025-08-28T14:20:30.342+0000][1106612][info ][gc,marking  ] GC(3) Concurrent Rebuild Remembered Sets and Scrub Regions
[2025-08-28T14:20:30.344+0000][1106612][info ][gc,marking  ] GC(3) Concurrent Rebuild Remembered Sets and Scrub Regions 2.630ms
[2025-08-28T14:20:30.344+0000][1106612][info ][gc,start    ] GC(3) Pause Cleanup
[2025-08-28T14:20:30.344+0000][1106612][info ][gc          ] GC(3) Pause Cleanup 13M->13M(512M) 0.042ms
[2025-08-28T14:20:30.344+0000][1106612][info ][gc,cpu      ] GC(3) User=0.01s Sys=0.00s Real=0.00s
[2025-08-28T14:20:30.344+0000][1106612][info ][safepoint   ] Safepoint "G1PauseCleanup", Time since last: 2662530 ns, Reaching safepoint: 65629 ns, Cleanup: 1873 ns, At safepoint: 55363 ns, Total: 122865 ns
[2025-08-28T14:20:30.344+0000][1106612][info ][gc,marking  ] GC(3) Concurrent Clear Claimed Marks
[2025-08-28T14:20:30.345+0000][1106612][info ][gc,marking  ] GC(3) Concurrent Clear Claimed Marks 0.072ms
[2025-08-28T14:20:30.345+0000][1106612][info ][gc,marking  ] GC(3) Concurrent Cleanup for Next Mark
[2025-08-28T14:20:30.345+0000][1106612][info ][gc,marking  ] GC(3) Concurrent Cleanup for Next Mark 0.127ms
[2025-08-28T14:20:30.345+0000][1106612][info ][gc          ] GC(3) Concurrent Mark Cycle 9.417ms
[2025-08-28T14:20:30.514+0000][1106612][info ][gc,start    ] GC(4) Pause Young (Prepare Mixed) (G1 Evacuation Pause)
[2025-08-28T14:20:30.514+0000][1106612][info ][gc,task     ] GC(4) Using 12 workers of 33 for evacuation
[2025-08-28T14:20:30.514+0000][1106612][debug][gc,age      ] GC(4) Desired survivor size 8388608 bytes, new threshold 15 (max threshold 15)
[2025-08-28T14:20:30.515+0000][1106612][info ][gc,phases   ] GC(4)   Pre Evacuate Collection Set: 0.1ms
[2025-08-28T14:20:30.515+0000][1106612][info ][gc,phases   ] GC(4)   Merge Heap Roots: 0.0ms
[2025-08-28T14:20:30.515+0000][1106612][info ][gc,phases   ] GC(4)   Evacuate Collection Set: 0.6ms
[2025-08-28T14:20:30.515+0000][1106612][info ][gc,phases   ] GC(4)   Post Evacuate Collection Set: 0.3ms
[2025-08-28T14:20:30.515+0000][1106612][info ][gc,phases   ] GC(4)   Other: 0.0ms
[2025-08-28T14:20:30.515+0000][1106612][trace][gc,age      ] GC(4) Age table with threshold 15 (max threshold 15)
[2025-08-28T14:20:30.515+0000][1106612][trace][gc,age      ] GC(4) - age   1:    1943552 bytes,    1943552 total
[2025-08-28T14:20:30.515+0000][1106612][trace][gc,age      ] GC(4) - age   2:     941224 bytes,    2884776 total
[2025-08-28T14:20:30.515+0000][1106612][info ][gc,heap     ] GC(4) Eden regions: 29->0(74)
[2025-08-28T14:20:30.515+0000][1106612][info ][gc,heap     ] GC(4) Survivor regions: 1->1(4)
[2025-08-28T14:20:30.515+0000][1106612][info ][gc,heap     ] GC(4) Old regions: 4->4
[2025-08-28T14:20:30.515+0000][1106612][info ][gc,heap     ] GC(4) Humongous regions: 0->0
[2025-08-28T14:20:30.515+0000][1106612][info ][gc,metaspace] GC(4) Metaspace: 22789K(23424K)->22789K(23424K) NonClass: 20261K(20608K)->20261K(20608K) Class: 2527K(2816K)->2527K(2816K)
[2025-08-28T14:20:30.515+0000][1106612][info ][gc          ] GC(4) Pause Young (Prepare Mixed) (G1 Evacuation Pause) 126M->12M(512M) 1.194ms
[2025-08-28T14:20:30.515+0000][1106612][info ][gc,cpu      ] GC(4) User=0.01s Sys=0.00s Real=0.00s
[2025-08-28T14:20:30.515+0000][1106612][info ][safepoint   ] Safepoint "G1CollectForAllocation", Time since last: 169379640 ns, Reaching safepoint: 4177 ns, Cleanup: 101803 ns, At safepoint: 1240073 ns, Total: 1346053 ns
[2025-08-28T14:20:30.758+0000][1106612][info ][safepoint   ] Safepoint "ICBufferFull", Time since last: 242857601 ns, Reaching safepoint: 4176 ns, Cleanup: 164027 ns, At safepoint: 2784 ns, Total: 170987 ns
[2025-08-28T14:20:31.013+0000][1106612][info ][gc,start    ] GC(5) Pause Young (Mixed) (G1 Evacuation Pause)
[2025-08-28T14:20:31.013+0000][1106612][info ][gc,task     ] GC(5) Using 12 workers of 33 for evacuation
[2025-08-28T14:20:31.013+0000][1106612][debug][gc,age      ] GC(5) Desired survivor size 20971520 bytes, new threshold 15 (max threshold 15)
[2025-08-28T14:20:31.019+0000][1106612][info ][gc,phases   ] GC(5)   Pre Evacuate Collection Set: 0.1ms
[2025-08-28T14:20:31.019+0000][1106612][info ][gc,phases   ] GC(5)   Merge Heap Roots: 0.1ms
[2025-08-28T14:20:31.019+0000][1106612][info ][gc,phases   ] GC(5)   Evacuate Collection Set: 5.2ms
[2025-08-28T14:20:31.019+0000][1106612][info ][gc,phases   ] GC(5)   Post Evacuate Collection Set: 0.7ms
[2025-08-28T14:20:31.019+0000][1106612][info ][gc,phases   ] GC(5)   Other: 0.1ms
[2025-08-28T14:20:31.019+0000][1106612][trace][gc,age      ] GC(5) Age table with threshold 15 (max threshold 15)
[2025-08-28T14:20:31.019+0000][1106612][trace][gc,age      ] GC(5) - age   1:    8269896 bytes,    8269896 total
[2025-08-28T14:20:31.019+0000][1106612][trace][gc,age      ] GC(5) - age   2:    1926720 bytes,   10196616 total
[2025-08-28T14:20:31.019+0000][1106612][trace][gc,age      ] GC(5) - age   3:     940928 bytes,   11137544 total
[2025-08-28T14:20:31.019+0000][1106612][info ][gc,heap     ] GC(5) Eden regions: 74->0(73)
[2025-08-28T14:20:31.019+0000][1106612][info ][gc,heap     ] GC(5) Survivor regions: 1->3(10)
[2025-08-28T14:20:31.019+0000][1106612][info ][gc,heap     ] GC(5) Old regions: 4->3
[2025-08-28T14:20:31.019+0000][1106612][info ][gc,heap     ] GC(5) Humongous regions: 0->0
[2025-08-28T14:20:31.019+0000][1106612][info ][gc,metaspace] GC(5) Metaspace: 29963K(30656K)->29963K(30656K) NonClass: 26557K(26944K)->26557K(26944K) Class: 3405K(3712K)->3405K(3712K)
[2025-08-28T14:20:31.019+0000][1106612][info ][gc          ] GC(5) Pause Young (Mixed) (G1 Evacuation Pause) 308M->20M(512M) 6.170ms
[2025-08-28T14:20:31.019+0000][1106612][info ][gc,cpu      ] GC(5) User=0.05s Sys=0.01s Real=0.00s
[2025-08-28T14:20:31.019+0000][1106612][info ][safepoint   ] Safepoint "G1CollectForAllocation", Time since last: 254484830 ns, Reaching safepoint: 4046 ns, Cleanup: 144347 ns, At safepoint: 6230610 ns, Total: 6379003 ns
[2025-08-28T14:20:31.242+0000][1106612][info ][gc,start    ] GC(6) Pause Young (Normal) (G1 Evacuation Pause)
[2025-08-28T14:20:31.242+0000][1106612][info ][gc,task     ] GC(6) Using 12 workers of 33 for evacuation
[2025-08-28T14:20:31.242+0000][1106612][debug][gc,age      ] GC(6) Desired survivor size 20971520 bytes, new threshold 15 (max threshold 15)
[2025-08-28T14:20:31.245+0000][1106612][info ][gc,phases   ] GC(6)   Pre Evacuate Collection Set: 0.1ms
[2025-08-28T14:20:31.245+0000][1106612][info ][gc,phases   ] GC(6)   Merge Heap Roots: 0.1ms
[2025-08-28T14:20:31.245+0000][1106612][info ][gc,phases   ] GC(6)   Evacuate Collection Set: 1.9ms
[2025-08-28T14:20:31.245+0000][1106612][info ][gc,phases   ] GC(6)   Post Evacuate Collection Set: 0.5ms
[2025-08-28T14:20:31.245+0000][1106612][info ][gc,phases   ] GC(6)   Other: 0.1ms
[2025-08-28T14:20:31.245+0000][1106612][trace][gc,age      ] GC(6) Age table with threshold 15 (max threshold 15)
[2025-08-28T14:20:31.245+0000][1106612][trace][gc,age      ] GC(6) - age   1:    5527400 bytes,    5527400 total
[2025-08-28T14:20:31.245+0000][1106612][trace][gc,age      ] GC(6) - age   2:    7583400 bytes,   13110800 total
[2025-08-28T14:20:31.245+0000][1106612][trace][gc,age      ] GC(6) - age   3:    1925184 bytes,   15035984 total
[2025-08-28T14:20:31.245+0000][1106612][trace][gc,age      ] GC(6) - age   4:     940896 bytes,   15976880 total
[2025-08-28T14:20:31.245+0000][1106612][info ][gc,heap     ] GC(6) Eden regions: 73->0(71)
[2025-08-28T14:20:31.245+0000][1106612][info ][gc,heap     ] GC(6) Survivor regions: 3->5(10)
[2025-08-28T14:20:31.245+0000][1106612][info ][gc,heap     ] GC(6) Old regions: 3->3
[2025-08-28T14:20:31.245+0000][1106612][info ][gc,heap     ] GC(6) Humongous regions: 0->0
[2025-08-28T14:20:31.245+0000][1106612][info ][gc,metaspace] GC(6) Metaspace: 30572K(31360K)->30572K(31360K) NonClass: 27074K(27520K)->27074K(27520K) Class: 3497K(3840K)->3497K(3840K)
[2025-08-28T14:20:31.245+0000][1106612][info ][gc          ] GC(6) Pause Young (Normal) (G1 Evacuation Pause) 312M->26M(512M) 2.758ms
[2025-08-28T14:20:31.245+0000][1106612][info ][gc,cpu      ] GC(6) User=0.02s Sys=0.01s Real=0.00s
[2025-08-28T14:20:31.245+0000][1106612][info ][safepoint   ] Safepoint "G1CollectForAllocation", Time since last: 223158707 ns, Reaching safepoint: 5899 ns, Cleanup: 79709 ns, At safepoint: 2821650 ns, Total: 2907258 ns
[2025-08-28T14:20:31.412+0000][1106612][info ][gc,start    ] GC(7) Pause Young (Concurrent Start) (Metadata GC Threshold)
[2025-08-28T14:20:31.412+0000][1106612][info ][gc,task     ] GC(7) Using 12 workers of 33 for evacuation
[2025-08-28T14:20:31.412+0000][1106612][debug][gc,age      ] GC(7) Desired survivor size 20971520 bytes, new threshold 15 (max threshold 15)
[2025-08-28T14:20:31.415+0000][1106612][info ][gc,phases   ] GC(7)   Pre Evacuate Collection Set: 0.2ms
[2025-08-28T14:20:31.415+0000][1106612][info ][gc,phases   ] GC(7)   Merge Heap Roots: 0.0ms
[2025-08-28T14:20:31.415+0000][1106612][info ][gc,phases   ] GC(7)   Evacuate Collection Set: 2.4ms
[2025-08-28T14:20:31.415+0000][1106612][info ][gc,phases   ] GC(7)   Post Evacuate Collection Set: 0.5ms
[2025-08-28T14:20:31.415+0000][1106612][info ][gc,phases   ] GC(7)   Other: 0.1ms
[2025-08-28T14:20:31.415+0000][1106612][trace][gc,age      ] GC(7) Age table with threshold 15 (max threshold 15)
[2025-08-28T14:20:31.415+0000][1106612][trace][gc,age      ] GC(7) - age   1:    2614208 bytes,    2614208 total
[2025-08-28T14:20:31.415+0000][1106612][trace][gc,age      ] GC(7) - age   2:    2332264 bytes,    4946472 total
[2025-08-28T14:20:31.415+0000][1106612][trace][gc,age      ] GC(7) - age   3:    7582328 bytes,   12528800 total
[2025-08-28T14:20:31.415+0000][1106612][trace][gc,age      ] GC(7) - age   4:    1925184 bytes,   14453984 total
[2025-08-28T14:20:31.415+0000][1106612][trace][gc,age      ] GC(7) - age   5:     940752 bytes,   15394736 total
[2025-08-28T14:20:31.415+0000][1106612][info ][gc,heap     ] GC(7) Eden regions: 10->0(72)
[2025-08-28T14:20:31.415+0000][1106612][info ][gc,heap     ] GC(7) Survivor regions: 5->4(10)
[2025-08-28T14:20:31.415+0000][1106612][info ][gc,heap     ] GC(7) Old regions: 3->3
[2025-08-28T14:20:31.415+0000][1106612][info ][gc,heap     ] GC(7) Humongous regions: 0->0
[2025-08-28T14:20:31.415+0000][1106612][info ][gc,metaspace] GC(7) Metaspace: 35272K(36096K)->35272K(36096K) NonClass: 31297K(31808K)->31297K(31808K) Class: 3975K(4288K)->3975K(4288K)
[2025-08-28T14:20:31.415+0000][1106612][info ][gc          ] GC(7) Pause Young (Concurrent Start) (Metadata GC Threshold) 66M->25M(512M) 3.287ms
[2025-08-28T14:20:31.415+0000][1106612][info ][gc,cpu      ] GC(7) User=0.03s Sys=0.00s Real=0.00s
[2025-08-28T14:20:31.415+0000][1106612][info ][gc          ] GC(8) Concurrent Mark Cycle
[2025-08-28T14:20:31.415+0000][1106612][info ][safepoint   ] Safepoint "CollectForMetadataAllocation", Time since last: 166209958 ns, Reaching safepoint: 4927 ns, Cleanup: 130727 ns, At safepoint: 3386117 ns, Total: 3521771 ns
[2025-08-28T14:20:31.415+0000][1106612][info ][gc,marking  ] GC(8) Concurrent Scan Root Regions
[2025-08-28T14:20:31.416+0000][1106612][info ][gc,marking  ] GC(8) Concurrent Scan Root Regions 1.497ms
[2025-08-28T14:20:31.416+0000][1106612][info ][gc,marking  ] GC(8) Concurrent Mark
[2025-08-28T14:20:31.416+0000][1106612][info ][gc,marking  ] GC(8) Concurrent Mark From Roots
[2025-08-28T14:20:31.416+0000][1106612][info ][gc,task     ] GC(8) Using 8 workers of 8 for marking
[2025-08-28T14:20:31.419+0000][1106612][info ][gc,marking  ] GC(8) Concurrent Mark From Roots 2.989ms
[2025-08-28T14:20:31.419+0000][1106612][info ][gc,marking  ] GC(8) Concurrent Preclean
[2025-08-28T14:20:31.419+0000][1106612][info ][gc,marking  ] GC(8) Concurrent Preclean 0.060ms
[2025-08-28T14:20:31.420+0000][1106612][info ][gc,start    ] GC(8) Pause Remark
[2025-08-28T14:20:31.427+0000][1106612][info ][gc          ] GC(8) Pause Remark 27M->27M(512M) 7.041ms
[2025-08-28T14:20:31.427+0000][1106612][info ][gc,cpu      ] GC(8) User=0.07s Sys=0.00s Real=0.01s
[2025-08-28T14:20:31.427+0000][1106612][info ][safepoint   ] Safepoint "G1PauseRemark", Time since last: 4587302 ns, Reaching safepoint: 84277 ns, Cleanup: 7100 ns, At safepoint: 7069351 ns, Total: 7160728 ns
[2025-08-28T14:20:31.427+0000][1106612][info ][gc,marking  ] GC(8) Concurrent Mark 10.264ms
[2025-08-28T14:20:31.427+0000][1106612][info ][gc,marking  ] GC(8) Concurrent Rebuild Remembered Sets and Scrub Regions
[2025-08-28T14:20:31.428+0000][1106612][info ][gc,marking  ] GC(8) Concurrent Rebuild Remembered Sets and Scrub Regions 1.539ms
[2025-08-28T14:20:31.428+0000][1106612][info ][gc,start    ] GC(8) Pause Cleanup
[2025-08-28T14:20:31.428+0000][1106612][info ][gc          ] GC(8) Pause Cleanup 27M->27M(512M) 0.043ms
[2025-08-28T14:20:31.428+0000][1106612][info ][gc,cpu      ] GC(8) User=0.00s Sys=0.00s Real=0.00s
[2025-08-28T14:20:31.428+0000][1106612][info ][safepoint   ] Safepoint "G1PauseCleanup", Time since last: 1613794 ns, Reaching safepoint: 66020 ns, Cleanup: 5298 ns, At safepoint: 59329 ns, Total: 130647 ns
[2025-08-28T14:20:31.428+0000][1106612][info ][gc,marking  ] GC(8) Concurrent Clear Claimed Marks
[2025-08-28T14:20:31.428+0000][1106612][info ][gc,marking  ] GC(8) Concurrent Clear Claimed Marks 0.022ms
[2025-08-28T14:20:31.428+0000][1106612][info ][gc,marking  ] GC(8) Concurrent Cleanup for Next Mark
[2025-08-28T14:20:31.429+0000][1106612][info ][gc,marking  ] GC(8) Concurrent Cleanup for Next Mark 0.151ms
[2025-08-28T14:20:31.429+0000][1106612][info ][gc          ] GC(8) Concurrent Mark Cycle 13.737ms
[2025-08-28T14:20:31.748+0000][1106612][info ][gc,start    ] GC(9) Pause Young (Normal) (G1 Evacuation Pause)
[2025-08-28T14:20:31.748+0000][1106612][info ][gc,task     ] GC(9) Using 12 workers of 33 for evacuation
[2025-08-28T14:20:31.748+0000][1106612][debug][gc,age      ] GC(9) Desired survivor size 20971520 bytes, new threshold 15 (max threshold 15)
[2025-08-28T14:20:31.752+0000][1106612][info ][gc,phases   ] GC(9)   Pre Evacuate Collection Set: 0.1ms
[2025-08-28T14:20:31.752+0000][1106612][info ][gc,phases   ] GC(9)   Merge Heap Roots: 0.1ms
[2025-08-28T14:20:31.752+0000][1106612][info ][gc,phases   ] GC(9)   Evacuate Collection Set: 3.1ms
[2025-08-28T14:20:31.752+0000][1106612][info ][gc,phases   ] GC(9)   Post Evacuate Collection Set: 0.8ms
[2025-08-28T14:20:31.752+0000][1106612][info ][gc,phases   ] GC(9)   Other: 0.1ms
[2025-08-28T14:20:31.752+0000][1106612][trace][gc,age      ] GC(9) Age table with threshold 15 (max threshold 15)
[2025-08-28T14:20:31.752+0000][1106612][trace][gc,age      ] GC(9) - age   1:    7565488 bytes,    7565488 total
[2025-08-28T14:20:31.752+0000][1106612][trace][gc,age      ] GC(9) - age   2:    2597320 bytes,   10162808 total
[2025-08-28T14:20:31.752+0000][1106612][trace][gc,age      ] GC(9) - age   3:    2330808 bytes,   12493616 total
[2025-08-28T14:20:31.752+0000][1106612][trace][gc,age      ] GC(9) - age   4:    7572784 bytes,   20066400 total
[2025-08-28T14:20:31.752+0000][1106612][trace][gc,age      ] GC(9) - age   5:    1922016 bytes,   21988416 total
[2025-08-28T14:20:31.752+0000][1106612][trace][gc,age      ] GC(9) - age   6:     940656 bytes,   22929072 total
[2025-08-28T14:20:31.752+0000][1106612][info ][gc,heap     ] GC(9) Eden regions: 72->0(70)
[2025-08-28T14:20:31.752+0000][1106612][info ][gc,heap     ] GC(9) Survivor regions: 4->6(10)
[2025-08-28T14:20:31.752+0000][1106612][info ][gc,heap     ] GC(9) Old regions: 3->3
[2025-08-28T14:20:31.752+0000][1106612][info ][gc,heap     ] GC(9) Humongous regions: 0->0
[2025-08-28T14:20:31.752+0000][1106612][info ][gc,metaspace] GC(9) Metaspace: 37459K(38400K)->37459K(38400K) NonClass: 33191K(33728K)->33191K(33728K) Class: 4267K(4672K)->4267K(4672K)
[2025-08-28T14:20:31.752+0000][1106612][info ][gc          ] GC(9) Pause Young (Normal) (G1 Evacuation Pause) 313M->32M(512M) 4.171ms
[2025-08-28T14:20:31.752+0000][1106612][info ][gc,cpu      ] GC(9) User=0.05s Sys=0.00s Real=0.01s
[2025-08-28T14:20:31.752+0000][1106612][info ][safepoint   ] Safepoint "G1CollectForAllocation", Time since last: 318980716 ns, Reaching safepoint: 3926 ns, Cleanup: 130977 ns, At safepoint: 4220290 ns, Total: 4355193 ns
[2025-08-28T14:20:31.975+0000][1106612][info ][gc,start    ] GC(10) Pause Young (Normal) (G1 Evacuation Pause)
[2025-08-28T14:20:31.975+0000][1106612][info ][gc,task     ] GC(10) Using 12 workers of 33 for evacuation
[2025-08-28T14:20:31.975+0000][1106612][debug][gc,age      ] GC(10) Desired survivor size 20971520 bytes, new threshold 5 (max threshold 15)
[2025-08-28T14:20:31.978+0000][1106612][info ][gc,phases   ] GC(10)   Pre Evacuate Collection Set: 0.1ms
[2025-08-28T14:20:31.978+0000][1106612][info ][gc,phases   ] GC(10)   Merge Heap Roots: 0.0ms
[2025-08-28T14:20:31.978+0000][1106612][info ][gc,phases   ] GC(10)   Evacuate Collection Set: 2.7ms
[2025-08-28T14:20:31.978+0000][1106612][info ][gc,phases   ] GC(10)   Post Evacuate Collection Set: 0.5ms
[2025-08-28T14:20:31.978+0000][1106612][info ][gc,phases   ] GC(10)   Other: 0.0ms
[2025-08-28T14:20:31.978+0000][1106612][trace][gc,age      ] GC(10) Age table with threshold 5 (max threshold 15)
[2025-08-28T14:20:31.978+0000][1106612][trace][gc,age      ] GC(10) - age   1:    4273392 bytes,    4273392 total
[2025-08-28T14:20:31.978+0000][1106612][trace][gc,age      ] GC(10) - age   2:    5640000 bytes,    9913392 total
[2025-08-28T14:20:31.978+0000][1106612][trace][gc,age      ] GC(10) - age   3:    2597288 bytes,   12510680 total
[2025-08-28T14:20:31.978+0000][1106612][trace][gc,age      ] GC(10) - age   4:    2330680 bytes,   14841360 total
[2025-08-28T14:20:31.978+0000][1106612][trace][gc,age      ] GC(10) - age   5:    7570624 bytes,   22411984 total
[2025-08-28T14:20:31.978+0000][1106612][info ][gc,heap     ] GC(10) Eden regions: 70->0(70)
[2025-08-28T14:20:31.978+0000][1106612][info ][gc,heap     ] GC(10) Survivor regions: 6->6(10)
[2025-08-28T14:20:31.978+0000][1106612][info ][gc,heap     ] GC(10) Old regions: 3->3
[2025-08-28T14:20:31.978+0000][1106612][info ][gc,heap     ] GC(10) Humongous regions: 0->0
[2025-08-28T14:20:31.978+0000][1106612][info ][gc,metaspace] GC(10) Metaspace: 38165K(39168K)->38165K(39168K) NonClass: 33796K(34368K)->33796K(34368K) Class: 4368K(4800K)->4368K(4800K)
[2025-08-28T14:20:31.978+0000][1106612][info ][gc          ] GC(10) Pause Young (Normal) (G1 Evacuation Pause) 312M->34M(512M) 3.480ms
[2025-08-28T14:20:31.978+0000][1106612][info ][gc,cpu      ] GC(10) User=0.02s Sys=0.01s Real=0.00s
[2025-08-28T14:20:31.978+0000][1106612][info ][safepoint   ] Safepoint "G1CollectForAllocation", Time since last: 222895091 ns, Reaching safepoint: 5548 ns, Cleanup: 61472 ns, At safepoint: 3523253 ns, Total: 3590273 ns
[2025-08-28T14:20:32.227+0000][1106612][info ][safepoint   ] Safepoint "ICBufferFull", Time since last: 248707310 ns, Reaching safepoint: 4988 ns, Cleanup: 148563 ns, At safepoint: 3035 ns, Total: 156586 ns
[2025-08-28T14:20:32.569+0000][1106612][info ][gc,start    ] GC(11) Pause Young (Normal) (G1 Evacuation Pause)
[2025-08-28T14:20:32.569+0000][1106612][info ][gc,task     ] GC(11) Using 12 workers of 33 for evacuation
[2025-08-28T14:20:32.569+0000][1106612][debug][gc,age      ] GC(11) Desired survivor size 20971520 bytes, new threshold 5 (max threshold 15)
[2025-08-28T14:20:32.573+0000][1106612][info ][gc,phases   ] GC(11)   Pre Evacuate Collection Set: 0.1ms
[2025-08-28T14:20:32.574+0000][1106612][info ][gc,phases   ] GC(11)   Merge Heap Roots: 0.1ms
[2025-08-28T14:20:32.574+0000][1106612][info ][gc,phases   ] GC(11)   Evacuate Collection Set: 3.7ms
[2025-08-28T14:20:32.574+0000][1106612][info ][gc,phases   ] GC(11)   Post Evacuate Collection Set: 1.0ms
[2025-08-28T14:20:32.574+0000][1106612][info ][gc,phases   ] GC(11)   Other: 0.1ms
[2025-08-28T14:20:32.574+0000][1106612][trace][gc,age      ] GC(11) Age table with threshold 5 (max threshold 15)
[2025-08-28T14:20:32.574+0000][1106612][trace][gc,age      ] GC(11) - age   1:    4828352 bytes,    4828352 total
[2025-08-28T14:20:32.574+0000][1106612][trace][gc,age      ] GC(11) - age   2:    3353608 bytes,    8181960 total
[2025-08-28T14:20:32.574+0000][1106612][trace][gc,age      ] GC(11) - age   3:    5616040 bytes,   13798000 total
[2025-08-28T14:20:32.574+0000][1106612][trace][gc,age      ] GC(11) - age   4:    2594872 bytes,   16392872 total
[2025-08-28T14:20:32.574+0000][1106612][trace][gc,age      ] GC(11) - age   5:    2323368 bytes,   18716240 total
[2025-08-28T14:20:32.574+0000][1106612][info ][gc,heap     ] GC(11) Eden regions: 70->0(70)
[2025-08-28T14:20:32.574+0000][1106612][info ][gc,heap     ] GC(11) Survivor regions: 6->6(10)
[2025-08-28T14:20:32.574+0000][1106612][info ][gc,heap     ] GC(11) Old regions: 3->5
[2025-08-28T14:20:32.574+0000][1106612][info ][gc,heap     ] GC(11) Humongous regions: 0->0
[2025-08-28T14:20:32.574+0000][1106612][info ][gc,metaspace] GC(11) Metaspace: 49247K(50432K)->49247K(50432K) NonClass: 43490K(44160K)->43490K(44160K) Class: 5757K(6272K)->5757K(6272K)
[2025-08-28T14:20:32.574+0000][1106612][info ][gc          ] GC(11) Pause Young (Normal) (G1 Evacuation Pause) 314M->39M(512M) 5.070ms
[2025-08-28T14:20:32.574+0000][1106612][info ][gc,cpu      ] GC(11) User=0.06s Sys=0.00s Real=0.01s
[2025-08-28T14:20:32.574+0000][1106612][info ][safepoint   ] Safepoint "G1CollectForAllocation", Time since last: 341295691 ns, Reaching safepoint: 3656 ns, Cleanup: 140711 ns, At safepoint: 5143017 ns, Total: 5287384 ns
[2025-08-28T14:20:32.599+0000][1106612][info ][gc,heap,exit] Heap
[2025-08-28T14:20:32.599+0000][1106612][info ][gc,heap,exit]  garbage-first heap   total 524288K, used 77737K [0x00000000e0000000, 0x0000000100000000)
[2025-08-28T14:20:32.599+0000][1106612][info ][gc,heap,exit]   region size 4096K, 15 young (61440K), 6 survivors (24576K)
[2025-08-28T14:20:32.599+0000][1106612][info ][gc,heap,exit]  Metaspace       used 49497K, committed 50752K, reserved 1114112K
[2025-08-28T14:20:32.599+0000][1106612][info ][gc,heap,exit]   class space    used 5797K, committed 6336K, reserved 1048576K
