[2025-08-28T12:59:43.584+0000][1088069][info][gc,init] CardTable entry size: 512
[2025-08-28T12:59:43.584+0000][1088069][info][gc     ] Using G1
[2025-08-28T12:59:43.592+0000][1088069][info][gc,init] Version: 21.0.2+13-58 (release)
[2025-08-28T12:59:43.592+0000][1088069][info][gc,init] CPUs: 48 total, 48 available
[2025-08-28T12:59:43.592+0000][1088069][info][gc,init] Memory: 377G
[2025-08-28T12:59:43.592+0000][1088069][info][gc,init] Large Page Support: Disabled
[2025-08-28T12:59:43.592+0000][1088069][info][gc,init] NUMA Support: Disabled
[2025-08-28T12:59:43.592+0000][1088069][info][gc,init] Compressed Oops: Enabled (32-bit)
[2025-08-28T12:59:43.592+0000][1088069][info][gc,init] Heap Region Size: 4M
[2025-08-28T12:59:43.592+0000][1088069][info][gc,init] Heap Min Capacity: 512M
[2025-08-28T12:59:43.592+0000][1088069][info][gc,init] Heap Initial Capacity: 512M
[2025-08-28T12:59:43.592+0000][1088069][info][gc,init] Heap Max Capacity: 512M
[2025-08-28T12:59:43.592+0000][1088069][info][gc,init] Pre-touch: Enabled
[2025-08-28T12:59:43.592+0000][1088069][info][gc,init] Parallel Workers: 33
[2025-08-28T12:59:43.592+0000][1088069][info][gc,init] Concurrent Workers: 8
[2025-08-28T12:59:43.592+0000][1088069][info][gc,init] Concurrent Refinement Workers: 33
[2025-08-28T12:59:43.592+0000][1088069][info][gc,init] Periodic GC: Disabled
[2025-08-28T12:59:43.598+0000][1088069][info][gc,metaspace] CDS archive(s) mapped at: [0x00001463e3000000-0x00001463e3ca6000-0x00001463e3ca6000), size 13262848, SharedBaseAddress: 0x00001463e3000000, ArchiveRelocationMode: 1.
[2025-08-28T12:59:43.598+0000][1088069][info][gc,metaspace] Compressed class space mapped at: 0x00001463e4000000-0x0000146424000000, reserved size: 1073741824
[2025-08-28T12:59:43.598+0000][1088069][info][gc,metaspace] Narrow klass base: 0x00001463e3000000, Narrow klass shift: 0, Narrow klass range: 0x100000000
[2025-08-28T12:59:43.702+0000][1088069][info][gc,start    ] GC(0) Pause Young (Normal) (G1 Evacuation Pause)
[2025-08-28T12:59:43.703+0000][1088069][info][gc,task     ] GC(0) Using 12 workers of 33 for evacuation
[2025-08-28T12:59:43.703+0000][1088069][debug][gc,age      ] GC(0) Desired survivor size 2097152 bytes, new threshold 15 (max threshold 15)
[2025-08-28T12:59:43.704+0000][1088069][info ][gc,phases   ] GC(0)   Pre Evacuate Collection Set: 0.1ms
[2025-08-28T12:59:43.704+0000][1088069][info ][gc,phases   ] GC(0)   Merge Heap Roots: 0.0ms
[2025-08-28T12:59:43.704+0000][1088069][info ][gc,phases   ] GC(0)   Evacuate Collection Set: 0.4ms
[2025-08-28T12:59:43.704+0000][1088069][info ][gc,phases   ] GC(0)   Post Evacuate Collection Set: 0.3ms
[2025-08-28T12:59:43.704+0000][1088069][info ][gc,phases   ] GC(0)   Other: 0.1ms
[2025-08-28T12:59:43.704+0000][1088069][trace][gc,age      ] GC(0) Age table with threshold 15 (max threshold 15)
[2025-08-28T12:59:43.704+0000][1088069][trace][gc,age      ] GC(0) - age   1:    1914944 bytes,    1914944 total
[2025-08-28T12:59:43.704+0000][1088069][info ][gc,heap     ] GC(0) Eden regions: 6->0(21)
[2025-08-28T12:59:43.704+0000][1088069][info ][gc,heap     ] GC(0) Survivor regions: 0->1(1)
[2025-08-28T12:59:43.704+0000][1088069][info ][gc,heap     ] GC(0) Old regions: 1->1
[2025-08-28T12:59:43.704+0000][1088069][info ][gc,heap     ] GC(0) Humongous regions: 0->0
[2025-08-28T12:59:43.704+0000][1088069][info ][gc,metaspace] GC(0) Metaspace: 1009K(1152K)->1009K(1152K) NonClass: 940K(1024K)->940K(1024K) Class: 68K(128K)->68K(128K)
[2025-08-28T12:59:43.704+0000][1088069][info ][gc          ] GC(0) Pause Young (Normal) (G1 Evacuation Pause) 25M->3M(512M) 1.159ms
[2025-08-28T12:59:43.704+0000][1088069][info ][gc,cpu      ] GC(0) User=0.02s Sys=0.00s Real=0.00s
[2025-08-28T12:59:43.704+0000][1088069][info ][safepoint   ] Safepoint "G1CollectForAllocation", Time since last: 101136498 ns, Reaching safepoint: 4196 ns, Cleanup: 125168 ns, At safepoint: 1225482 ns, Total: 1354846 ns
[2025-08-28T12:59:43.839+0000][1088069][info ][safepoint   ] Safepoint "ICBufferFull", Time since last: 134750640 ns, Reaching safepoint: 74161 ns, Cleanup: 240211 ns, At safepoint: 9214 ns, Total: 323586 ns
[2025-08-28T12:59:43.984+0000][1088069][info ][safepoint   ] Safepoint "ICBufferFull", Time since last: 144970727 ns, Reaching safepoint: 71688 ns, Cleanup: 253611 ns, At safepoint: 6079 ns, Total: 331378 ns
[2025-08-28T12:59:44.162+0000][1088069][info ][safepoint   ] Safepoint "ICBufferFull", Time since last: 177514821 ns, Reaching safepoint: 5659 ns, Cleanup: 272940 ns, At safepoint: 3335 ns, Total: 281934 ns
[2025-08-28T12:59:44.271+0000][1088069][info ][safepoint   ] Safepoint "ICBufferFull", Time since last: 108667775 ns, Reaching safepoint: 6249 ns, Cleanup: 238649 ns, At safepoint: 5038 ns, Total: 249936 ns
[2025-08-28T12:59:44.465+0000][1088069][info ][gc,start    ] GC(1) Pause Young (Normal) (G1 Evacuation Pause)
[2025-08-28T12:59:44.465+0000][1088069][info ][gc,task     ] GC(1) Using 12 workers of 33 for evacuation
[2025-08-28T12:59:44.465+0000][1088069][debug][gc,age      ] GC(1) Desired survivor size 6291456 bytes, new threshold 15 (max threshold 15)
[2025-08-28T12:59:44.472+0000][1088069][info ][gc,phases   ] GC(1)   Pre Evacuate Collection Set: 0.1ms
[2025-08-28T12:59:44.472+0000][1088069][info ][gc,phases   ] GC(1)   Merge Heap Roots: 0.0ms
[2025-08-28T12:59:44.472+0000][1088069][info ][gc,phases   ] GC(1)   Evacuate Collection Set: 5.0ms
[2025-08-28T12:59:44.472+0000][1088069][info ][gc,phases   ] GC(1)   Post Evacuate Collection Set: 1.2ms
[2025-08-28T12:59:44.472+0000][1088069][info ][gc,phases   ] GC(1)   Other: 0.1ms
[2025-08-28T12:59:44.472+0000][1088069][trace][gc,age      ] GC(1) Age table with threshold 15 (max threshold 15)
[2025-08-28T12:59:44.472+0000][1088069][trace][gc,age      ] GC(1) - age   1:    7339232 bytes,    7339232 total
[2025-08-28T12:59:44.472+0000][1088069][trace][gc,age      ] GC(1) - age   2:    1816288 bytes,    9155520 total
[2025-08-28T12:59:44.472+0000][1088069][info ][gc,heap     ] GC(1) Eden regions: 21->0(23)
[2025-08-28T12:59:44.472+0000][1088069][info ][gc,heap     ] GC(1) Survivor regions: 1->3(3)
[2025-08-28T12:59:44.472+0000][1088069][info ][gc,heap     ] GC(1) Old regions: 1->1
[2025-08-28T12:59:44.472+0000][1088069][info ][gc,heap     ] GC(1) Humongous regions: 0->0
[2025-08-28T12:59:44.472+0000][1088069][info ][gc,metaspace] GC(1) Metaspace: 20282K(20864K)->20282K(20864K) NonClass: 18012K(18368K)->18012K(18368K) Class: 2269K(2496K)->2269K(2496K)
[2025-08-28T12:59:44.472+0000][1088069][info ][gc          ] GC(1) Pause Young (Normal) (G1 Evacuation Pause) 87M->10M(512M) 6.585ms
[2025-08-28T12:59:44.472+0000][1088069][info ][gc,cpu      ] GC(1) User=0.06s Sys=0.00s Real=0.01s
[2025-08-28T12:59:44.472+0000][1088069][info ][safepoint   ] Safepoint "G1CollectForAllocation", Time since last: 194161856 ns, Reaching safepoint: 74803 ns, Cleanup: 156004 ns, At safepoint: 6645777 ns, Total: 6876584 ns
[2025-08-28T12:59:44.634+0000][1088069][info ][safepoint   ] Safepoint "ICBufferFull", Time since last: 161557462 ns, Reaching safepoint: 7581 ns, Cleanup: 206531 ns, At safepoint: 5798 ns, Total: 219910 ns
[2025-08-28T12:59:44.667+0000][1088069][info ][gc,start    ] GC(2) Pause Young (Concurrent Start) (Metadata GC Threshold)
[2025-08-28T12:59:44.667+0000][1088069][info ][gc,task     ] GC(2) Using 12 workers of 33 for evacuation
[2025-08-28T12:59:44.667+0000][1088069][debug][gc,age      ] GC(2) Desired survivor size 8388608 bytes, new threshold 2 (max threshold 15)
[2025-08-28T12:59:44.672+0000][1088069][info ][gc,phases   ] GC(2)   Pre Evacuate Collection Set: 0.2ms
[2025-08-28T12:59:44.672+0000][1088069][info ][gc,phases   ] GC(2)   Merge Heap Roots: 0.0ms
[2025-08-28T12:59:44.672+0000][1088069][info ][gc,phases   ] GC(2)   Evacuate Collection Set: 3.5ms
[2025-08-28T12:59:44.672+0000][1088069][info ][gc,phases   ] GC(2)   Post Evacuate Collection Set: 0.7ms
[2025-08-28T12:59:44.672+0000][1088069][info ][gc,phases   ] GC(2)   Other: 0.1ms
[2025-08-28T12:59:44.672+0000][1088069][trace][gc,age      ] GC(2) Age table with threshold 2 (max threshold 15)
[2025-08-28T12:59:44.672+0000][1088069][trace][gc,age      ] GC(2) - age   1:     968656 bytes,     968656 total
[2025-08-28T12:59:44.672+0000][1088069][trace][gc,age      ] GC(2) - age   2:    6403904 bytes,    7372560 total
[2025-08-28T12:59:44.672+0000][1088069][info ][gc,heap     ] GC(2) Eden regions: 16->0(30)
[2025-08-28T12:59:44.672+0000][1088069][info ][gc,heap     ] GC(2) Survivor regions: 3->2(4)
[2025-08-28T12:59:44.672+0000][1088069][info ][gc,heap     ] GC(2) Old regions: 1->2
[2025-08-28T12:59:44.672+0000][1088069][info ][gc,heap     ] GC(2) Humongous regions: 0->0
[2025-08-28T12:59:44.672+0000][1088069][info ][gc,metaspace] GC(2) Metaspace: 20976K(21504K)->20976K(21504K) NonClass: 18656K(18944K)->18656K(18944K) Class: 2319K(2560K)->2319K(2560K)
[2025-08-28T12:59:44.672+0000][1088069][info ][gc          ] GC(2) Pause Young (Concurrent Start) (Metadata GC Threshold) 73M->10M(512M) 4.680ms
[2025-08-28T12:59:44.672+0000][1088069][info ][gc,cpu      ] GC(2) User=0.06s Sys=0.00s Real=0.01s
[2025-08-28T12:59:44.672+0000][1088069][info ][gc          ] GC(3) Concurrent Mark Cycle
[2025-08-28T12:59:44.672+0000][1088069][info ][gc,marking  ] GC(3) Concurrent Scan Root Regions
[2025-08-28T12:59:44.672+0000][1088069][info ][safepoint   ] Safepoint "CollectForMetadataAllocation", Time since last: 33434843 ns, Reaching safepoint: 6089 ns, Cleanup: 77276 ns, At safepoint: 4817029 ns, Total: 4900394 ns
[2025-08-28T12:59:44.672+0000][1088069][info ][safepoint   ] Safepoint "CollectForMetadataAllocation", Time since last: 41552 ns, Reaching safepoint: 3926 ns, Cleanup: 591 ns, At safepoint: 5849 ns, Total: 10366 ns
[2025-08-28T12:59:44.674+0000][1088069][info ][gc,marking  ] GC(3) Concurrent Scan Root Regions 1.897ms
[2025-08-28T12:59:44.674+0000][1088069][info ][gc,marking  ] GC(3) Concurrent Mark
[2025-08-28T12:59:44.674+0000][1088069][info ][gc,marking  ] GC(3) Concurrent Mark From Roots
[2025-08-28T12:59:44.674+0000][1088069][info ][gc,task     ] GC(3) Using 8 workers of 8 for marking
[2025-08-28T12:59:44.677+0000][1088069][info ][gc,marking  ] GC(3) Concurrent Mark From Roots 3.430ms
[2025-08-28T12:59:44.677+0000][1088069][info ][gc,marking  ] GC(3) Concurrent Preclean
[2025-08-28T12:59:44.677+0000][1088069][info ][gc,marking  ] GC(3) Concurrent Preclean 0.007ms
[2025-08-28T12:59:44.677+0000][1088069][info ][gc,start    ] GC(3) Pause Remark
[2025-08-28T12:59:44.679+0000][1088069][info ][gc          ] GC(3) Pause Remark 13M->13M(512M) 2.043ms
[2025-08-28T12:59:44.679+0000][1088069][info ][gc,cpu      ] GC(3) User=0.02s Sys=0.00s Real=0.00s
[2025-08-28T12:59:44.679+0000][1088069][info ][safepoint   ] Safepoint "G1PauseRemark", Time since last: 5291742 ns, Reaching safepoint: 67511 ns, Cleanup: 15393 ns, At safepoint: 2082980 ns, Total: 2165884 ns
[2025-08-28T12:59:44.679+0000][1088069][info ][gc,marking  ] GC(3) Concurrent Mark 5.647ms
[2025-08-28T12:59:44.679+0000][1088069][info ][gc,marking  ] GC(3) Concurrent Rebuild Remembered Sets and Scrub Regions
[2025-08-28T12:59:44.680+0000][1088069][info ][gc,marking  ] GC(3) Concurrent Rebuild Remembered Sets and Scrub Regions 0.430ms
[2025-08-28T12:59:44.680+0000][1088069][info ][gc,start    ] GC(3) Pause Cleanup
[2025-08-28T12:59:44.680+0000][1088069][info ][gc          ] GC(3) Pause Cleanup 13M->13M(512M) 0.045ms
[2025-08-28T12:59:44.680+0000][1088069][info ][gc,cpu      ] GC(3) User=0.00s Sys=0.00s Real=0.00s
[2025-08-28T12:59:44.680+0000][1088069][info ][safepoint   ] Safepoint "G1PauseCleanup", Time since last: 464388 ns, Reaching safepoint: 67522 ns, Cleanup: 8052 ns, At safepoint: 64176 ns, Total: 139750 ns
[2025-08-28T12:59:44.680+0000][1088069][info ][gc,marking  ] GC(3) Concurrent Clear Claimed Marks
[2025-08-28T12:59:44.680+0000][1088069][info ][gc,marking  ] GC(3) Concurrent Clear Claimed Marks 0.021ms
[2025-08-28T12:59:44.680+0000][1088069][info ][gc,marking  ] GC(3) Concurrent Cleanup for Next Mark
[2025-08-28T12:59:44.680+0000][1088069][info ][gc,marking  ] GC(3) Concurrent Cleanup for Next Mark 0.099ms
[2025-08-28T12:59:44.680+0000][1088069][info ][gc          ] GC(3) Concurrent Mark Cycle 8.325ms
[2025-08-28T12:59:44.874+0000][1088069][info ][gc,start    ] GC(4) Pause Young (Prepare Mixed) (G1 Evacuation Pause)
[2025-08-28T12:59:44.874+0000][1088069][info ][gc,task     ] GC(4) Using 12 workers of 33 for evacuation
[2025-08-28T12:59:44.874+0000][1088069][debug][gc,age      ] GC(4) Desired survivor size 8388608 bytes, new threshold 15 (max threshold 15)
[2025-08-28T12:59:44.878+0000][1088069][info ][gc,phases   ] GC(4)   Pre Evacuate Collection Set: 0.1ms
[2025-08-28T12:59:44.878+0000][1088069][info ][gc,phases   ] GC(4)   Merge Heap Roots: 0.0ms
[2025-08-28T12:59:44.878+0000][1088069][info ][gc,phases   ] GC(4)   Evacuate Collection Set: 3.5ms
[2025-08-28T12:59:44.878+0000][1088069][info ][gc,phases   ] GC(4)   Post Evacuate Collection Set: 0.7ms
[2025-08-28T12:59:44.878+0000][1088069][info ][gc,phases   ] GC(4)   Other: 0.1ms
[2025-08-28T12:59:44.878+0000][1088069][trace][gc,age      ] GC(4) Age table with threshold 15 (max threshold 15)
[2025-08-28T12:59:44.878+0000][1088069][trace][gc,age      ] GC(4) - age   1:    2583016 bytes,    2583016 total
[2025-08-28T12:59:44.878+0000][1088069][trace][gc,age      ] GC(4) - age   2:     958216 bytes,    3541232 total
[2025-08-28T12:59:44.878+0000][1088069][trace][gc,age      ] GC(4) - age   3:    6395248 bytes,    9936480 total
[2025-08-28T12:59:44.878+0000][1088069][info ][gc,heap     ] GC(4) Eden regions: 30->0(67)
[2025-08-28T12:59:44.878+0000][1088069][info ][gc,heap     ] GC(4) Survivor regions: 2->3(4)
[2025-08-28T12:59:44.878+0000][1088069][info ][gc,heap     ] GC(4) Old regions: 2->2
[2025-08-28T12:59:44.878+0000][1088069][info ][gc,heap     ] GC(4) Humongous regions: 0->0
[2025-08-28T12:59:44.878+0000][1088069][info ][gc,metaspace] GC(4) Metaspace: 23503K(24128K)->23503K(24128K) NonClass: 20923K(21248K)->20923K(21248K) Class: 2580K(2880K)->2580K(2880K)
[2025-08-28T12:59:44.878+0000][1088069][info ][gc          ] GC(4) Pause Young (Prepare Mixed) (G1 Evacuation Pause) 130M->13M(512M) 4.540ms
[2025-08-28T12:59:44.878+0000][1088069][info ][gc,cpu      ] GC(4) User=0.05s Sys=0.00s Real=0.00s
[2025-08-28T12:59:44.878+0000][1088069][info ][safepoint   ] Safepoint "G1CollectForAllocation", Time since last: 193489246 ns, Reaching safepoint: 8483 ns, Cleanup: 195504 ns, At safepoint: 4598500 ns, Total: 4802487 ns
[2025-08-28T12:59:45.107+0000][1088069][info ][safepoint   ] Safepoint "ICBufferFull", Time since last: 228008087 ns, Reaching safepoint: 4838 ns, Cleanup: 270135 ns, At safepoint: 2935 ns, Total: 277908 ns
[2025-08-28T12:59:45.330+0000][1088069][info ][gc,start    ] GC(5) Pause Young (Mixed) (G1 Evacuation Pause)
[2025-08-28T12:59:45.330+0000][1088069][info ][gc,task     ] GC(5) Using 12 workers of 33 for evacuation
[2025-08-28T12:59:45.330+0000][1088069][debug][gc,age      ] GC(5) Desired survivor size 18874368 bytes, new threshold 15 (max threshold 15)
[2025-08-28T12:59:45.339+0000][1088069][info ][gc,phases   ] GC(5)   Pre Evacuate Collection Set: 0.1ms
[2025-08-28T12:59:45.339+0000][1088069][info ][gc,phases   ] GC(5)   Merge Heap Roots: 0.0ms
[2025-08-28T12:59:45.339+0000][1088069][info ][gc,phases   ] GC(5)   Evacuate Collection Set: 8.2ms
[2025-08-28T12:59:45.339+0000][1088069][info ][gc,phases   ] GC(5)   Post Evacuate Collection Set: 1.1ms
[2025-08-28T12:59:45.339+0000][1088069][info ][gc,phases   ] GC(5)   Other: 0.1ms
[2025-08-28T12:59:45.339+0000][1088069][trace][gc,age      ] GC(5) Age table with threshold 15 (max threshold 15)
[2025-08-28T12:59:45.339+0000][1088069][trace][gc,age      ] GC(5) - age   1:    8868512 bytes,    8868512 total
[2025-08-28T12:59:45.339+0000][1088069][trace][gc,age      ] GC(5) - age   2:    2561840 bytes,   11430352 total
[2025-08-28T12:59:45.339+0000][1088069][trace][gc,age      ] GC(5) - age   3:     957920 bytes,   12388272 total
[2025-08-28T12:59:45.339+0000][1088069][trace][gc,age      ] GC(5) - age   4:    6390800 bytes,   18779072 total
[2025-08-28T12:59:45.339+0000][1088069][info ][gc,heap     ] GC(5) Eden regions: 67->0(71)
[2025-08-28T12:59:45.339+0000][1088069][info ][gc,heap     ] GC(5) Survivor regions: 3->5(9)
[2025-08-28T12:59:45.339+0000][1088069][info ][gc,heap     ] GC(5) Old regions: 2->1
[2025-08-28T12:59:45.339+0000][1088069][info ][gc,heap     ] GC(5) Humongous regions: 0->0
[2025-08-28T12:59:45.339+0000][1088069][info ][gc,metaspace] GC(5) Metaspace: 29848K(30528K)->29848K(30528K) NonClass: 26449K(26816K)->26449K(26816K) Class: 3399K(3712K)->3399K(3712K)
[2025-08-28T12:59:45.339+0000][1088069][info ][gc          ] GC(5) Pause Young (Mixed) (G1 Evacuation Pause) 281M->21M(512M) 9.695ms
[2025-08-28T12:59:45.339+0000][1088069][info ][gc,cpu      ] GC(5) User=0.09s Sys=0.01s Real=0.01s
[2025-08-28T12:59:45.339+0000][1088069][info ][safepoint   ] Safepoint "G1CollectForAllocation", Time since last: 222667993 ns, Reaching safepoint: 7781 ns, Cleanup: 209615 ns, At safepoint: 9754549 ns, Total: 9971945 ns
[2025-08-28T12:59:45.546+0000][1088069][info ][gc,start    ] GC(6) Pause Young (Normal) (G1 Evacuation Pause)
[2025-08-28T12:59:45.546+0000][1088069][info ][gc,task     ] GC(6) Using 12 workers of 33 for evacuation
[2025-08-28T12:59:45.546+0000][1088069][debug][gc,age      ] GC(6) Desired survivor size 20971520 bytes, new threshold 15 (max threshold 15)
[2025-08-28T12:59:45.552+0000][1088069][info ][gc,phases   ] GC(6)   Pre Evacuate Collection Set: 0.1ms
[2025-08-28T12:59:45.552+0000][1088069][info ][gc,phases   ] GC(6)   Merge Heap Roots: 0.1ms
[2025-08-28T12:59:45.552+0000][1088069][info ][gc,phases   ] GC(6)   Evacuate Collection Set: 4.5ms
[2025-08-28T12:59:45.552+0000][1088069][info ][gc,phases   ] GC(6)   Post Evacuate Collection Set: 1.0ms
[2025-08-28T12:59:45.552+0000][1088069][info ][gc,phases   ] GC(6)   Other: 0.1ms
[2025-08-28T12:59:45.552+0000][1088069][trace][gc,age      ] GC(6) Age table with threshold 15 (max threshold 15)
[2025-08-28T12:59:45.552+0000][1088069][trace][gc,age      ] GC(6) - age   1:    4789920 bytes,    4789920 total
[2025-08-28T12:59:45.552+0000][1088069][trace][gc,age      ] GC(6) - age   2:    6736272 bytes,   11526192 total
[2025-08-28T12:59:45.552+0000][1088069][trace][gc,age      ] GC(6) - age   3:    2561456 bytes,   14087648 total
[2025-08-28T12:59:45.552+0000][1088069][trace][gc,age      ] GC(6) - age   4:     957920 bytes,   15045568 total
[2025-08-28T12:59:45.552+0000][1088069][trace][gc,age      ] GC(6) - age   5:    6390800 bytes,   21436368 total
[2025-08-28T12:59:45.552+0000][1088069][info ][gc,heap     ] GC(6) Eden regions: 71->0(70)
[2025-08-28T12:59:45.552+0000][1088069][info ][gc,heap     ] GC(6) Survivor regions: 5->6(10)
[2025-08-28T12:59:45.552+0000][1088069][info ][gc,heap     ] GC(6) Old regions: 1->1
[2025-08-28T12:59:45.552+0000][1088069][info ][gc,heap     ] GC(6) Humongous regions: 0->0
[2025-08-28T12:59:45.552+0000][1088069][info ][gc,metaspace] GC(6) Metaspace: 30489K(31296K)->30489K(31296K) NonClass: 27005K(27456K)->27005K(27456K) Class: 3483K(3840K)->3483K(3840K)
[2025-08-28T12:59:45.552+0000][1088069][info ][gc          ] GC(6) Pause Young (Normal) (G1 Evacuation Pause) 305M->24M(512M) 5.830ms
[2025-08-28T12:59:45.552+0000][1088069][info ][gc,cpu      ] GC(6) User=0.05s Sys=0.00s Real=0.01s
[2025-08-28T12:59:45.552+0000][1088069][info ][safepoint   ] Safepoint "G1CollectForAllocation", Time since last: 206820218 ns, Reaching safepoint: 7441 ns, Cleanup: 106831 ns, At safepoint: 5884943 ns, Total: 5999215 ns
[2025-08-28T12:59:45.755+0000][1088069][info ][gc,start    ] GC(7) Pause Young (Concurrent Start) (Metadata GC Threshold)
[2025-08-28T12:59:45.755+0000][1088069][info ][gc,task     ] GC(7) Using 12 workers of 33 for evacuation
[2025-08-28T12:59:45.755+0000][1088069][debug][gc,age      ] GC(7) Desired survivor size 20971520 bytes, new threshold 5 (max threshold 15)
[2025-08-28T12:59:45.761+0000][1088069][info ][gc,phases   ] GC(7)   Pre Evacuate Collection Set: 0.2ms
[2025-08-28T12:59:45.761+0000][1088069][info ][gc,phases   ] GC(7)   Merge Heap Roots: 0.0ms
[2025-08-28T12:59:45.761+0000][1088069][info ][gc,phases   ] GC(7)   Evacuate Collection Set: 5.0ms
[2025-08-28T12:59:45.761+0000][1088069][info ][gc,phases   ] GC(7)   Post Evacuate Collection Set: 0.6ms
[2025-08-28T12:59:45.761+0000][1088069][info ][gc,phases   ] GC(7)   Other: 0.1ms
[2025-08-28T12:59:45.761+0000][1088069][trace][gc,age      ] GC(7) Age table with threshold 5 (max threshold 15)
[2025-08-28T12:59:45.761+0000][1088069][trace][gc,age      ] GC(7) - age   1:    2745440 bytes,    2745440 total
[2025-08-28T12:59:45.761+0000][1088069][trace][gc,age      ] GC(7) - age   2:    2422880 bytes,    5168320 total
[2025-08-28T12:59:45.761+0000][1088069][trace][gc,age      ] GC(7) - age   3:    6732176 bytes,   11900496 total
[2025-08-28T12:59:45.761+0000][1088069][trace][gc,age      ] GC(7) - age   4:    2560304 bytes,   14460800 total
[2025-08-28T12:59:45.761+0000][1088069][trace][gc,age      ] GC(7) - age   5:     957712 bytes,   15418512 total
[2025-08-28T12:59:45.761+0000][1088069][info ][gc,heap     ] GC(7) Eden regions: 19->0(71)
[2025-08-28T12:59:45.761+0000][1088069][info ][gc,heap     ] GC(7) Survivor regions: 6->5(10)
[2025-08-28T12:59:45.761+0000][1088069][info ][gc,heap     ] GC(7) Old regions: 1->3
[2025-08-28T12:59:45.761+0000][1088069][info ][gc,heap     ] GC(7) Humongous regions: 0->0
[2025-08-28T12:59:45.761+0000][1088069][info ][gc,metaspace] GC(7) Metaspace: 35270K(36096K)->35270K(36096K) NonClass: 31294K(31808K)->31294K(31808K) Class: 3975K(4288K)->3975K(4288K)
[2025-08-28T12:59:45.761+0000][1088069][info ][gc          ] GC(7) Pause Young (Concurrent Start) (Metadata GC Threshold) 98M->25M(512M) 6.013ms
[2025-08-28T12:59:45.761+0000][1088069][info ][gc,cpu      ] GC(7) User=0.05s Sys=0.00s Real=0.01s
[2025-08-28T12:59:45.761+0000][1088069][info ][gc          ] GC(8) Concurrent Mark Cycle
[2025-08-28T12:59:45.761+0000][1088069][info ][safepoint   ] Safepoint "CollectForMetadataAllocation", Time since last: 202974309 ns, Reaching safepoint: 7401 ns, Cleanup: 177768 ns, At safepoint: 6122460 ns, Total: 6307629 ns
[2025-08-28T12:59:45.761+0000][1088069][info ][gc,marking  ] GC(8) Concurrent Scan Root Regions
[2025-08-28T12:59:45.763+0000][1088069][info ][gc,marking  ] GC(8) Concurrent Scan Root Regions 1.470ms
[2025-08-28T12:59:45.763+0000][1088069][info ][gc,marking  ] GC(8) Concurrent Mark
[2025-08-28T12:59:45.763+0000][1088069][info ][gc,marking  ] GC(8) Concurrent Mark From Roots
[2025-08-28T12:59:45.763+0000][1088069][info ][gc,task     ] GC(8) Using 8 workers of 8 for marking
[2025-08-28T12:59:45.765+0000][1088069][info ][gc,marking  ] GC(8) Concurrent Mark From Roots 1.677ms
[2025-08-28T12:59:45.765+0000][1088069][info ][gc,marking  ] GC(8) Concurrent Preclean
[2025-08-28T12:59:45.765+0000][1088069][info ][gc,marking  ] GC(8) Concurrent Preclean 0.017ms
[2025-08-28T12:59:45.765+0000][1088069][info ][gc,start    ] GC(8) Pause Remark
[2025-08-28T12:59:45.768+0000][1088069][info ][gc          ] GC(8) Pause Remark 27M->27M(512M) 3.401ms
[2025-08-28T12:59:45.768+0000][1088069][info ][gc,cpu      ] GC(8) User=0.02s Sys=0.00s Real=0.00s
[2025-08-28T12:59:45.768+0000][1088069][info ][safepoint   ] Safepoint "G1PauseRemark", Time since last: 3217104 ns, Reaching safepoint: 23195 ns, Cleanup: 1072 ns, At safepoint: 3425667 ns, Total: 3449934 ns
[2025-08-28T12:59:45.768+0000][1088069][info ][gc,marking  ] GC(8) Concurrent Mark 5.201ms
[2025-08-28T12:59:45.768+0000][1088069][info ][gc,marking  ] GC(8) Concurrent Rebuild Remembered Sets and Scrub Regions
[2025-08-28T12:59:45.769+0000][1088069][info ][gc,marking  ] GC(8) Concurrent Rebuild Remembered Sets and Scrub Regions 1.301ms
[2025-08-28T12:59:45.769+0000][1088069][info ][gc,start    ] GC(8) Pause Cleanup
[2025-08-28T12:59:45.769+0000][1088069][info ][gc          ] GC(8) Pause Cleanup 27M->27M(512M) 0.048ms
[2025-08-28T12:59:45.769+0000][1088069][info ][gc,cpu      ] GC(8) User=0.00s Sys=0.00s Real=0.00s
[2025-08-28T12:59:45.769+0000][1088069][info ][safepoint   ] Safepoint "G1PauseCleanup", Time since last: 1361446 ns, Reaching safepoint: 66580 ns, Cleanup: 7712 ns, At safepoint: 64216 ns, Total: 138508 ns
[2025-08-28T12:59:45.770+0000][1088069][info ][gc,marking  ] GC(8) Concurrent Clear Claimed Marks
[2025-08-28T12:59:45.770+0000][1088069][info ][gc,marking  ] GC(8) Concurrent Clear Claimed Marks 0.031ms
[2025-08-28T12:59:45.770+0000][1088069][info ][gc,marking  ] GC(8) Concurrent Cleanup for Next Mark
[2025-08-28T12:59:45.770+0000][1088069][info ][gc,marking  ] GC(8) Concurrent Cleanup for Next Mark 0.110ms
[2025-08-28T12:59:45.770+0000][1088069][info ][gc          ] GC(8) Concurrent Mark Cycle 8.384ms
[2025-08-28T12:59:46.086+0000][1088069][info ][gc,start    ] GC(9) Pause Young (Normal) (G1 Evacuation Pause)
[2025-08-28T12:59:46.086+0000][1088069][info ][gc,task     ] GC(9) Using 12 workers of 33 for evacuation
[2025-08-28T12:59:46.086+0000][1088069][debug][gc,age      ] GC(9) Desired survivor size 20971520 bytes, new threshold 15 (max threshold 15)
[2025-08-28T12:59:46.090+0000][1088069][info ][gc,phases   ] GC(9)   Pre Evacuate Collection Set: 0.3ms
[2025-08-28T12:59:46.090+0000][1088069][info ][gc,phases   ] GC(9)   Merge Heap Roots: 0.1ms
[2025-08-28T12:59:46.090+0000][1088069][info ][gc,phases   ] GC(9)   Evacuate Collection Set: 3.1ms
[2025-08-28T12:59:46.090+0000][1088069][info ][gc,phases   ] GC(9)   Post Evacuate Collection Set: 1.0ms
[2025-08-28T12:59:46.090+0000][1088069][info ][gc,phases   ] GC(9)   Other: 0.1ms
[2025-08-28T12:59:46.090+0000][1088069][trace][gc,age      ] GC(9) Age table with threshold 15 (max threshold 15)
[2025-08-28T12:59:46.090+0000][1088069][trace][gc,age      ] GC(9) - age   1:    6046520 bytes,    6046520 total
[2025-08-28T12:59:46.090+0000][1088069][trace][gc,age      ] GC(9) - age   2:    2728256 bytes,    8774776 total
[2025-08-28T12:59:46.090+0000][1088069][trace][gc,age      ] GC(9) - age   3:    2421480 bytes,   11196256 total
[2025-08-28T12:59:46.090+0000][1088069][trace][gc,age      ] GC(9) - age   4:    6727384 bytes,   17923640 total
[2025-08-28T12:59:46.090+0000][1088069][trace][gc,age      ] GC(9) - age   5:    2559760 bytes,   20483400 total
[2025-08-28T12:59:46.090+0000][1088069][trace][gc,age      ] GC(9) - age   6:     957648 bytes,   21441048 total
[2025-08-28T12:59:46.090+0000][1088069][info ][gc,heap     ] GC(9) Eden regions: 71->0(70)
[2025-08-28T12:59:46.090+0000][1088069][info ][gc,heap     ] GC(9) Survivor regions: 5->6(10)
[2025-08-28T12:59:46.090+0000][1088069][info ][gc,heap     ] GC(9) Old regions: 3->3
[2025-08-28T12:59:46.090+0000][1088069][info ][gc,heap     ] GC(9) Humongous regions: 0->0
[2025-08-28T12:59:46.090+0000][1088069][info ][gc,metaspace] GC(9) Metaspace: 37572K(38528K)->37572K(38528K) NonClass: 33291K(33856K)->33291K(33856K) Class: 4280K(4672K)->4280K(4672K)
[2025-08-28T12:59:46.091+0000][1088069][info ][gc          ] GC(9) Pause Young (Normal) (G1 Evacuation Pause) 309M->32M(512M) 4.725ms
[2025-08-28T12:59:46.091+0000][1088069][info ][gc,cpu      ] GC(9) User=0.04s Sys=0.01s Real=0.00s
[2025-08-28T12:59:46.091+0000][1088069][info ][safepoint   ] Safepoint "G1CollectForAllocation", Time since last: 316063509 ns, Reaching safepoint: 23435 ns, Cleanup: 158848 ns, At safepoint: 4790709 ns, Total: 4972992 ns
[2025-08-28T12:59:46.307+0000][1088069][info ][gc,start    ] GC(10) Pause Young (Normal) (G1 Evacuation Pause)
[2025-08-28T12:59:46.307+0000][1088069][info ][gc,task     ] GC(10) Using 12 workers of 33 for evacuation
[2025-08-28T12:59:46.307+0000][1088069][debug][gc,age      ] GC(10) Desired survivor size 20971520 bytes, new threshold 6 (max threshold 15)
[2025-08-28T12:59:46.311+0000][1088069][info ][gc,phases   ] GC(10)   Pre Evacuate Collection Set: 0.1ms
[2025-08-28T12:59:46.311+0000][1088069][info ][gc,phases   ] GC(10)   Merge Heap Roots: 0.1ms
[2025-08-28T12:59:46.311+0000][1088069][info ][gc,phases   ] GC(10)   Evacuate Collection Set: 2.7ms
[2025-08-28T12:59:46.311+0000][1088069][info ][gc,phases   ] GC(10)   Post Evacuate Collection Set: 0.7ms
[2025-08-28T12:59:46.311+0000][1088069][info ][gc,phases   ] GC(10)   Other: 0.1ms
[2025-08-28T12:59:46.311+0000][1088069][trace][gc,age      ] GC(10) Age table with threshold 6 (max threshold 15)
[2025-08-28T12:59:46.311+0000][1088069][trace][gc,age      ] GC(10) - age   1:    3661240 bytes,    3661240 total
[2025-08-28T12:59:46.311+0000][1088069][trace][gc,age      ] GC(10) - age   2:    5640104 bytes,    9301344 total
[2025-08-28T12:59:46.311+0000][1088069][trace][gc,age      ] GC(10) - age   3:    2726160 bytes,   12027504 total
[2025-08-28T12:59:46.311+0000][1088069][trace][gc,age      ] GC(10) - age   4:    2421352 bytes,   14448856 total
[2025-08-28T12:59:46.311+0000][1088069][trace][gc,age      ] GC(10) - age   5:    6725416 bytes,   21174272 total
[2025-08-28T12:59:46.311+0000][1088069][trace][gc,age      ] GC(10) - age   6:    2558544 bytes,   23732816 total
[2025-08-28T12:59:46.311+0000][1088069][info ][gc,heap     ] GC(10) Eden regions: 70->0(69)
[2025-08-28T12:59:46.311+0000][1088069][info ][gc,heap     ] GC(10) Survivor regions: 6->7(10)
[2025-08-28T12:59:46.311+0000][1088069][info ][gc,heap     ] GC(10) Old regions: 3->3
[2025-08-28T12:59:46.311+0000][1088069][info ][gc,heap     ] GC(10) Humongous regions: 0->0
[2025-08-28T12:59:46.311+0000][1088069][info ][gc,metaspace] GC(10) Metaspace: 38276K(39232K)->38276K(39232K) NonClass: 33895K(34432K)->33895K(34432K) Class: 4381K(4800K)->4381K(4800K)
[2025-08-28T12:59:46.311+0000][1088069][info ][gc          ] GC(10) Pause Young (Normal) (G1 Evacuation Pause) 312M->35M(512M) 3.820ms
[2025-08-28T12:59:46.311+0000][1088069][info ][gc,cpu      ] GC(10) User=0.04s Sys=0.00s Real=0.01s
[2025-08-28T12:59:46.311+0000][1088069][info ][safepoint   ] Safepoint "G1CollectForAllocation", Time since last: 216556660 ns, Reaching safepoint: 8272 ns, Cleanup: 86420 ns, At safepoint: 3882064 ns, Total: 3976756 ns
[2025-08-28T12:59:46.565+0000][1088069][info ][safepoint   ] Safepoint "ICBufferFull", Time since last: 253583529 ns, Reaching safepoint: 7532 ns, Cleanup: 228283 ns, At safepoint: 5658 ns, Total: 241473 ns
[2025-08-28T12:59:46.902+0000][1088069][info ][gc,start    ] GC(11) Pause Young (Normal) (G1 Evacuation Pause)
[2025-08-28T12:59:46.902+0000][1088069][info ][gc,task     ] GC(11) Using 12 workers of 33 for evacuation
[2025-08-28T12:59:46.902+0000][1088069][debug][gc,age      ] GC(11) Desired survivor size 20971520 bytes, new threshold 5 (max threshold 15)
[2025-08-28T12:59:46.908+0000][1088069][info ][gc,phases   ] GC(11)   Pre Evacuate Collection Set: 0.1ms
[2025-08-28T12:59:46.908+0000][1088069][info ][gc,phases   ] GC(11)   Merge Heap Roots: 0.1ms
[2025-08-28T12:59:46.908+0000][1088069][info ][gc,phases   ] GC(11)   Evacuate Collection Set: 5.2ms
[2025-08-28T12:59:46.908+0000][1088069][info ][gc,phases   ] GC(11)   Post Evacuate Collection Set: 0.8ms
[2025-08-28T12:59:46.908+0000][1088069][info ][gc,phases   ] GC(11)   Other: 0.1ms
[2025-08-28T12:59:46.908+0000][1088069][trace][gc,age      ] GC(11) Age table with threshold 5 (max threshold 15)
[2025-08-28T12:59:46.908+0000][1088069][trace][gc,age      ] GC(11) - age   1:    4821144 bytes,    4821144 total
[2025-08-28T12:59:46.908+0000][1088069][trace][gc,age      ] GC(11) - age   2:    3357560 bytes,    8178704 total
[2025-08-28T12:59:46.908+0000][1088069][trace][gc,age      ] GC(11) - age   3:    5615976 bytes,   13794680 total
[2025-08-28T12:59:46.908+0000][1088069][trace][gc,age      ] GC(11) - age   4:    2720272 bytes,   16514952 total
[2025-08-28T12:59:46.908+0000][1088069][trace][gc,age      ] GC(11) - age   5:    2419384 bytes,   18934336 total
[2025-08-28T12:59:46.908+0000][1088069][info ][gc,heap     ] GC(11) Eden regions: 69->0(71)
[2025-08-28T12:59:46.908+0000][1088069][info ][gc,heap     ] GC(11) Survivor regions: 7->5(10)
[2025-08-28T12:59:46.908+0000][1088069][info ][gc,heap     ] GC(11) Old regions: 3->5
[2025-08-28T12:59:46.908+0000][1088069][info ][gc,heap     ] GC(11) Humongous regions: 0->0
[2025-08-28T12:59:46.908+0000][1088069][info ][gc,metaspace] GC(11) Metaspace: 49363K(50560K)->49363K(50560K) NonClass: 43592K(44288K)->43592K(44288K) Class: 5770K(6272K)->5770K(6272K)
[2025-08-28T12:59:46.909+0000][1088069][info ][gc          ] GC(11) Pause Young (Normal) (G1 Evacuation Pause) 311M->39M(512M) 6.377ms
[2025-08-28T12:59:46.909+0000][1088069][info ][gc,cpu      ] GC(11) User=0.06s Sys=0.01s Real=0.00s
[2025-08-28T12:59:46.909+0000][1088069][info ][safepoint   ] Safepoint "G1CollectForAllocation", Time since last: 336995453 ns, Reaching safepoint: 7181 ns, Cleanup: 194922 ns, At safepoint: 6433498 ns, Total: 6635601 ns
[2025-08-28T12:59:47.372+0000][1088069][info ][gc,start    ] GC(12) Pause Young (Concurrent Start) (Metadata GC Threshold)
[2025-08-28T12:59:47.373+0000][1088069][info ][gc,task     ] GC(12) Using 12 workers of 33 for evacuation
[2025-08-28T12:59:47.373+0000][1088069][debug][gc,age      ] GC(12) Desired survivor size 20971520 bytes, new threshold 15 (max threshold 15)
[2025-08-28T12:59:47.379+0000][1088069][info ][gc,phases   ] GC(12)   Pre Evacuate Collection Set: 0.2ms
[2025-08-28T12:59:47.379+0000][1088069][info ][gc,phases   ] GC(12)   Merge Heap Roots: 0.1ms
[2025-08-28T12:59:47.379+0000][1088069][info ][gc,phases   ] GC(12)   Evacuate Collection Set: 4.9ms
[2025-08-28T12:59:47.379+0000][1088069][info ][gc,phases   ] GC(12)   Post Evacuate Collection Set: 0.9ms
[2025-08-28T12:59:47.379+0000][1088069][info ][gc,phases   ] GC(12)   Other: 0.1ms
[2025-08-28T12:59:47.379+0000][1088069][trace][gc,age      ] GC(12) Age table with threshold 15 (max threshold 15)
[2025-08-28T12:59:47.379+0000][1088069][trace][gc,age      ] GC(12) - age   1:    2088728 bytes,    2088728 total
[2025-08-28T12:59:47.379+0000][1088069][trace][gc,age      ] GC(12) - age   2:    4634392 bytes,    6723120 total
[2025-08-28T12:59:47.379+0000][1088069][trace][gc,age      ] GC(12) - age   3:    3356312 bytes,   10079432 total
[2025-08-28T12:59:47.379+0000][1088069][trace][gc,age      ] GC(12) - age   4:    5613488 bytes,   15692920 total
[2025-08-28T12:59:47.379+0000][1088069][trace][gc,age      ] GC(12) - age   5:    2720272 bytes,   18413192 total
[2025-08-28T12:59:47.379+0000][1088069][trace][gc,age      ] GC(12) - age   6:    2418776 bytes,   20831968 total
[2025-08-28T12:59:47.379+0000][1088069][info ][gc,heap     ] GC(12) Eden regions: 23->0(70)
[2025-08-28T12:59:47.379+0000][1088069][info ][gc,heap     ] GC(12) Survivor regions: 5->6(10)
[2025-08-28T12:59:47.379+0000][1088069][info ][gc,heap     ] GC(12) Old regions: 5->5
[2025-08-28T12:59:47.379+0000][1088069][info ][gc,heap     ] GC(12) Humongous regions: 0->0
[2025-08-28T12:59:47.379+0000][1088069][info ][gc,metaspace] GC(12) Metaspace: 59144K(60480K)->59144K(60480K) NonClass: 51891K(52672K)->51891K(52672K) Class: 7253K(7808K)->7253K(7808K)
[2025-08-28T12:59:47.379+0000][1088069][info ][gc          ] GC(12) Pause Young (Concurrent Start) (Metadata GC Threshold) 131M->41M(512M) 6.573ms
[2025-08-28T12:59:47.379+0000][1088069][info ][gc,cpu      ] GC(12) User=0.06s Sys=0.00s Real=0.00s
[2025-08-28T12:59:47.379+0000][1088069][info ][gc          ] GC(13) Concurrent Mark Cycle
[2025-08-28T12:59:47.379+0000][1088069][info ][gc,marking  ] GC(13) Concurrent Scan Root Regions
[2025-08-28T12:59:47.379+0000][1088069][info ][safepoint   ] Safepoint "CollectForMetadataAllocation", Time since last: 463346671 ns, Reaching safepoint: 9113 ns, Cleanup: 164708 ns, At safepoint: 6700639 ns, Total: 6874460 ns
[2025-08-28T12:59:47.381+0000][1088069][info ][gc,marking  ] GC(13) Concurrent Scan Root Regions 1.756ms
[2025-08-28T12:59:47.381+0000][1088069][info ][gc,marking  ] GC(13) Concurrent Mark
[2025-08-28T12:59:47.381+0000][1088069][info ][gc,marking  ] GC(13) Concurrent Mark From Roots
[2025-08-28T12:59:47.381+0000][1088069][info ][gc,task     ] GC(13) Using 8 workers of 8 for marking
[2025-08-28T12:59:47.384+0000][1088069][info ][gc,marking  ] GC(13) Concurrent Mark From Roots 3.616ms
[2025-08-28T12:59:47.384+0000][1088069][info ][gc,marking  ] GC(13) Concurrent Preclean
[2025-08-28T12:59:47.384+0000][1088069][info ][gc,marking  ] GC(13) Concurrent Preclean 0.072ms
[2025-08-28T12:59:47.384+0000][1088069][info ][gc,start    ] GC(13) Pause Remark
[2025-08-28T12:59:47.394+0000][1088069][info ][gc          ] GC(13) Pause Remark 45M->45M(512M) 9.512ms
[2025-08-28T12:59:47.394+0000][1088069][info ][gc,cpu      ] GC(13) User=0.09s Sys=0.00s Real=0.01s
[2025-08-28T12:59:47.394+0000][1088069][info ][safepoint   ] Safepoint "G1PauseRemark", Time since last: 5498763 ns, Reaching safepoint: 70275 ns, Cleanup: 6871 ns, At safepoint: 9578844 ns, Total: 9655990 ns
[2025-08-28T12:59:47.394+0000][1088069][info ][gc,marking  ] GC(13) Concurrent Mark 13.422ms
[2025-08-28T12:59:47.394+0000][1088069][info ][gc,marking  ] GC(13) Concurrent Rebuild Remembered Sets and Scrub Regions
[2025-08-28T12:59:47.395+0000][1088069][info ][gc,marking  ] GC(13) Concurrent Rebuild Remembered Sets and Scrub Regions 1.124ms
[2025-08-28T12:59:47.395+0000][1088069][info ][gc,start    ] GC(13) Pause Cleanup
[2025-08-28T12:59:47.395+0000][1088069][info ][gc          ] GC(13) Pause Cleanup 45M->45M(512M) 0.041ms
[2025-08-28T12:59:47.395+0000][1088069][info ][gc,cpu      ] GC(13) User=0.00s Sys=0.00s Real=0.00s
[2025-08-28T12:59:47.395+0000][1088069][info ][safepoint   ] Safepoint "G1PauseCleanup", Time since last: 1200263 ns, Reaching safepoint: 68073 ns, Cleanup: 14992 ns, At safepoint: 58578 ns, Total: 141643 ns
[2025-08-28T12:59:47.395+0000][1088069][info ][gc,marking  ] GC(13) Concurrent Clear Claimed Marks
[2025-08-28T12:59:47.395+0000][1088069][info ][gc,marking  ] GC(13) Concurrent Clear Claimed Marks 0.027ms
[2025-08-28T12:59:47.395+0000][1088069][info ][gc,marking  ] GC(13) Concurrent Cleanup for Next Mark
[2025-08-28T12:59:47.395+0000][1088069][info ][gc,marking  ] GC(13) Concurrent Cleanup for Next Mark 0.130ms
[2025-08-28T12:59:47.395+0000][1088069][info ][gc          ] GC(13) Concurrent Mark Cycle 16.721ms
[2025-08-28T12:59:47.784+0000][1088069][info ][safepoint   ] Safepoint "ICBufferFull", Time since last: 388887331 ns, Reaching safepoint: 4376 ns, Cleanup: 132509 ns, At safepoint: 5348 ns, Total: 142233 ns
[2025-08-28T12:59:48.260+0000][1088069][info ][gc,start    ] GC(14) Pause Young (Normal) (G1 Evacuation Pause)
[2025-08-28T12:59:48.260+0000][1088069][info ][gc,task     ] GC(14) Using 12 workers of 33 for evacuation
[2025-08-28T12:59:48.260+0000][1088069][debug][gc,age      ] GC(14) Desired survivor size 20971520 bytes, new threshold 15 (max threshold 15)
[2025-08-28T12:59:48.267+0000][1088069][info ][gc,phases   ] GC(14)   Pre Evacuate Collection Set: 0.1ms
[2025-08-28T12:59:48.267+0000][1088069][info ][gc,phases   ] GC(14)   Merge Heap Roots: 0.1ms
[2025-08-28T12:59:48.267+0000][1088069][info ][gc,phases   ] GC(14)   Evacuate Collection Set: 5.7ms
[2025-08-28T12:59:48.267+0000][1088069][info ][gc,phases   ] GC(14)   Post Evacuate Collection Set: 1.0ms
[2025-08-28T12:59:48.267+0000][1088069][info ][gc,phases   ] GC(14)   Other: 0.1ms
[2025-08-28T12:59:48.267+0000][1088069][trace][gc,age      ] GC(14) Age table with threshold 15 (max threshold 15)
[2025-08-28T12:59:48.267+0000][1088069][trace][gc,age      ] GC(14) - age   1:    7314256 bytes,    7314256 total
[2025-08-28T12:59:48.267+0000][1088069][trace][gc,age      ] GC(14) - age   2:    1930712 bytes,    9244968 total
[2025-08-28T12:59:48.267+0000][1088069][trace][gc,age      ] GC(14) - age   3:    4568976 bytes,   13813944 total
[2025-08-28T12:59:48.267+0000][1088069][trace][gc,age      ] GC(14) - age   4:    3343944 bytes,   17157888 total
[2025-08-28T12:59:48.267+0000][1088069][trace][gc,age      ] GC(14) - age   5:    5593336 bytes,   22751224 total
[2025-08-28T12:59:48.267+0000][1088069][trace][gc,age      ] GC(14) - age   6:    2713224 bytes,   25464448 total
[2025-08-28T12:59:48.267+0000][1088069][trace][gc,age      ] GC(14) - age   7:    2404928 bytes,   27869376 total
[2025-08-28T12:59:48.267+0000][1088069][info ][gc,heap     ] GC(14) Eden regions: 70->0(68)
[2025-08-28T12:59:48.267+0000][1088069][info ][gc,heap     ] GC(14) Survivor regions: 6->8(10)
[2025-08-28T12:59:48.267+0000][1088069][info ][gc,heap     ] GC(14) Old regions: 5->5
[2025-08-28T12:59:48.267+0000][1088069][info ][gc,heap     ] GC(14) Humongous regions: 0->0
[2025-08-28T12:59:48.267+0000][1088069][info ][gc,metaspace] GC(14) Metaspace: 67475K(69120K)->67475K(69120K) NonClass: 58929K(59904K)->58929K(59904K) Class: 8546K(9216K)->8546K(9216K)
[2025-08-28T12:59:48.267+0000][1088069][info ][gc          ] GC(14) Pause Young (Normal) (G1 Evacuation Pause) 321M->48M(512M) 7.110ms
[2025-08-28T12:59:48.267+0000][1088069][info ][gc,cpu      ] GC(14) User=0.06s Sys=0.01s Real=0.01s
[2025-08-28T12:59:48.267+0000][1088069][info ][safepoint   ] Safepoint "G1CollectForAllocation", Time since last: 475723139 ns, Reaching safepoint: 12018 ns, Cleanup: 102344 ns, At safepoint: 7174861 ns, Total: 7289223 ns
[2025-08-28T12:59:48.509+0000][1088069][info ][safepoint   ] Safepoint "ICBufferFull", Time since last: 241603418 ns, Reaching safepoint: 4797 ns, Cleanup: 129214 ns, At safepoint: 3335 ns, Total: 137346 ns
[2025-08-28T12:59:48.826+0000][1088069][info ][gc,start    ] GC(15) Pause Young (Normal) (G1 Evacuation Pause)
[2025-08-28T12:59:48.826+0000][1088069][info ][gc,task     ] GC(15) Using 12 workers of 33 for evacuation
[2025-08-28T12:59:48.826+0000][1088069][debug][gc,age      ] GC(15) Desired survivor size 20971520 bytes, new threshold 5 (max threshold 15)
[2025-08-28T12:59:48.838+0000][1088069][info ][gc,phases   ] GC(15)   Pre Evacuate Collection Set: 0.4ms
[2025-08-28T12:59:48.838+0000][1088069][info ][gc,phases   ] GC(15)   Merge Heap Roots: 0.1ms
[2025-08-28T12:59:48.838+0000][1088069][info ][gc,phases   ] GC(15)   Evacuate Collection Set: 10.0ms
[2025-08-28T12:59:48.838+0000][1088069][info ][gc,phases   ] GC(15)   Post Evacuate Collection Set: 1.1ms
[2025-08-28T12:59:48.838+0000][1088069][info ][gc,phases   ] GC(15)   Other: 0.1ms
[2025-08-28T12:59:48.838+0000][1088069][trace][gc,age      ] GC(15) Age table with threshold 5 (max threshold 15)
[2025-08-28T12:59:48.838+0000][1088069][trace][gc,age      ] GC(15) - age   1:    3779184 bytes,    3779184 total
[2025-08-28T12:59:48.838+0000][1088069][trace][gc,age      ] GC(15) - age   2:    6503936 bytes,   10283120 total
[2025-08-28T12:59:48.838+0000][1088069][trace][gc,age      ] GC(15) - age   3:    1902840 bytes,   12185960 total
[2025-08-28T12:59:48.838+0000][1088069][trace][gc,age      ] GC(15) - age   4:    4534640 bytes,   16720600 total
[2025-08-28T12:59:48.838+0000][1088069][trace][gc,age      ] GC(15) - age   5:    3305288 bytes,   20025888 total
[2025-08-28T12:59:48.838+0000][1088069][info ][gc,heap     ] GC(15) Eden regions: 68->0(70)
[2025-08-28T12:59:48.838+0000][1088069][info ][gc,heap     ] GC(15) Survivor regions: 8->6(10)
[2025-08-28T12:59:48.838+0000][1088069][info ][gc,heap     ] GC(15) Old regions: 5->8
[2025-08-28T12:59:48.838+0000][1088069][info ][gc,heap     ] GC(15) Humongous regions: 0->0
[2025-08-28T12:59:48.838+0000][1088069][info ][gc,metaspace] GC(15) Metaspace: 72282K(73984K)->72282K(73984K) NonClass: 62988K(64000K)->62988K(64000K) Class: 9294K(9984K)->9294K(9984K)
[2025-08-28T12:59:48.838+0000][1088069][info ][gc          ] GC(15) Pause Young (Normal) (G1 Evacuation Pause) 320M->51M(512M) 11.885ms
[2025-08-28T12:59:48.838+0000][1088069][info ][gc,cpu      ] GC(15) User=0.11s Sys=0.02s Real=0.01s
[2025-08-28T12:59:48.838+0000][1088069][info ][safepoint   ] Safepoint "G1CollectForAllocation", Time since last: 317175509 ns, Reaching safepoint: 19219 ns, Cleanup: 68173 ns, At safepoint: 11968214 ns, Total: 12055606 ns
[2025-08-28T12:59:49.189+0000][1088069][info ][safepoint   ] Safepoint "ICBufferFull", Time since last: 350857363 ns, Reaching safepoint: 6870 ns, Cleanup: 259691 ns, At safepoint: 3495 ns, Total: 270056 ns
[2025-08-28T12:59:49.795+0000][1088069][info ][gc,start    ] GC(16) Pause Young (Normal) (G1 Evacuation Pause)
[2025-08-28T12:59:49.795+0000][1088069][info ][gc,task     ] GC(16) Using 12 workers of 33 for evacuation
[2025-08-28T12:59:49.795+0000][1088069][debug][gc,age      ] GC(16) Desired survivor size 20971520 bytes, new threshold 15 (max threshold 15)
[2025-08-28T12:59:49.804+0000][1088069][info ][gc,phases   ] GC(16)   Pre Evacuate Collection Set: 0.1ms
[2025-08-28T12:59:49.804+0000][1088069][info ][gc,phases   ] GC(16)   Merge Heap Roots: 0.1ms
[2025-08-28T12:59:49.804+0000][1088069][info ][gc,phases   ] GC(16)   Evacuate Collection Set: 7.0ms
[2025-08-28T12:59:49.804+0000][1088069][info ][gc,phases   ] GC(16)   Post Evacuate Collection Set: 1.1ms
[2025-08-28T12:59:49.804+0000][1088069][info ][gc,phases   ] GC(16)   Other: 0.1ms
[2025-08-28T12:59:49.804+0000][1088069][trace][gc,age      ] GC(16) Age table with threshold 15 (max threshold 15)
[2025-08-28T12:59:49.804+0000][1088069][trace][gc,age      ] GC(16) - age   1:    6096912 bytes,    6096912 total
[2025-08-28T12:59:49.804+0000][1088069][trace][gc,age      ] GC(16) - age   2:    3686104 bytes,    9783016 total
[2025-08-28T12:59:49.804+0000][1088069][trace][gc,age      ] GC(16) - age   3:    6488096 bytes,   16271112 total
[2025-08-28T12:59:49.804+0000][1088069][trace][gc,age      ] GC(16) - age   4:    1896384 bytes,   18167496 total
[2025-08-28T12:59:49.804+0000][1088069][trace][gc,age      ] GC(16) - age   5:    4391320 bytes,   22558816 total
[2025-08-28T12:59:49.804+0000][1088069][trace][gc,age      ] GC(16) - age   6:    3302800 bytes,   25861616 total
[2025-08-28T12:59:49.804+0000][1088069][info ][gc,heap     ] GC(16) Eden regions: 70->0(69)
[2025-08-28T12:59:49.804+0000][1088069][info ][gc,heap     ] GC(16) Survivor regions: 6->7(10)
[2025-08-28T12:59:49.804+0000][1088069][info ][gc,heap     ] GC(16) Old regions: 8->8
[2025-08-28T12:59:49.804+0000][1088069][info ][gc,heap     ] GC(16) Humongous regions: 0->0
[2025-08-28T12:59:49.804+0000][1088069][info ][gc,metaspace] GC(16) Metaspace: 85755K(87552K)->85755K(87552K) NonClass: 74680K(75712K)->74680K(75712K) Class: 11074K(11840K)->11074K(11840K)
[2025-08-28T12:59:49.804+0000][1088069][info ][gc          ] GC(16) Pause Young (Normal) (G1 Evacuation Pause) 331M->56M(512M) 8.441ms
[2025-08-28T12:59:49.804+0000][1088069][info ][gc,cpu      ] GC(16) User=0.09s Sys=0.00s Real=0.01s
[2025-08-28T12:59:49.804+0000][1088069][info ][safepoint   ] Safepoint "G1CollectForAllocation", Time since last: 605720145 ns, Reaching safepoint: 4727 ns, Cleanup: 124837 ns, At safepoint: 8496728 ns, Total: 8626292 ns
[2025-08-28T12:59:50.176+0000][1088069][info ][safepoint   ] Safepoint "ICBufferFull", Time since last: 371907796 ns, Reaching safepoint: 4957 ns, Cleanup: 145148 ns, At safepoint: 1412 ns, Total: 151517 ns
[2025-08-28T12:59:50.364+0000][1088069][info ][gc,start    ] GC(17) Pause Young (Concurrent Start) (Metadata GC Threshold)
[2025-08-28T12:59:50.364+0000][1088069][info ][gc,task     ] GC(17) Using 12 workers of 33 for evacuation
[2025-08-28T12:59:50.364+0000][1088069][debug][gc,age      ] GC(17) Desired survivor size 20971520 bytes, new threshold 5 (max threshold 15)
[2025-08-28T12:59:50.375+0000][1088069][info ][gc,phases   ] GC(17)   Pre Evacuate Collection Set: 0.6ms
[2025-08-28T12:59:50.375+0000][1088069][info ][gc,phases   ] GC(17)   Merge Heap Roots: 0.1ms
[2025-08-28T12:59:50.375+0000][1088069][info ][gc,phases   ] GC(17)   Evacuate Collection Set: 9.5ms
[2025-08-28T12:59:50.375+0000][1088069][info ][gc,phases   ] GC(17)   Post Evacuate Collection Set: 1.1ms
[2025-08-28T12:59:50.375+0000][1088069][info ][gc,phases   ] GC(17)   Other: 0.1ms
[2025-08-28T12:59:50.375+0000][1088069][trace][gc,age      ] GC(17) Age table with threshold 5 (max threshold 15)
[2025-08-28T12:59:50.375+0000][1088069][trace][gc,age      ] GC(17) - age   1:    4339144 bytes,    4339144 total
[2025-08-28T12:59:50.375+0000][1088069][trace][gc,age      ] GC(17) - age   2:    5808584 bytes,   10147728 total
[2025-08-28T12:59:50.375+0000][1088069][trace][gc,age      ] GC(17) - age   3:    3662896 bytes,   13810624 total
[2025-08-28T12:59:50.375+0000][1088069][trace][gc,age      ] GC(17) - age   4:    6480776 bytes,   20291400 total
[2025-08-28T12:59:50.375+0000][1088069][trace][gc,age      ] GC(17) - age   5:    1894144 bytes,   22185544 total
[2025-08-28T12:59:50.375+0000][1088069][info ][gc,heap     ] GC(17) Eden regions: 33->0(70)
[2025-08-28T12:59:50.375+0000][1088069][info ][gc,heap     ] GC(17) Survivor regions: 7->6(10)
[2025-08-28T12:59:50.375+0000][1088069][info ][gc,heap     ] GC(17) Old regions: 8->10
[2025-08-28T12:59:50.375+0000][1088069][info ][gc,heap     ] GC(17) Humongous regions: 0->0
[2025-08-28T12:59:50.375+0000][1088069][info ][gc,metaspace] GC(17) Metaspace: 99225K(101056K)->99225K(101056K) NonClass: 86342K(87360K)->86342K(87360K) Class: 12882K(13696K)->12882K(13696K)
[2025-08-28T12:59:50.375+0000][1088069][info ][gc          ] GC(17) Pause Young (Concurrent Start) (Metadata GC Threshold) 187M->60M(512M) 11.517ms
[2025-08-28T12:59:50.375+0000][1088069][info ][gc,cpu      ] GC(17) User=0.11s Sys=0.00s Real=0.01s
[2025-08-28T12:59:50.375+0000][1088069][info ][gc          ] GC(18) Concurrent Mark Cycle
[2025-08-28T12:59:50.375+0000][1088069][info ][gc,marking  ] GC(18) Concurrent Scan Root Regions
[2025-08-28T12:59:50.375+0000][1088069][info ][safepoint   ] Safepoint "CollectForMetadataAllocation", Time since last: 187996432 ns, Reaching safepoint: 3956 ns, Cleanup: 26420 ns, At safepoint: 11644628 ns, Total: 11675004 ns
[2025-08-28T12:59:50.378+0000][1088069][info ][gc,marking  ] GC(18) Concurrent Scan Root Regions 2.693ms
[2025-08-28T12:59:50.378+0000][1088069][info ][gc,marking  ] GC(18) Concurrent Mark
[2025-08-28T12:59:50.378+0000][1088069][info ][gc,marking  ] GC(18) Concurrent Mark From Roots
[2025-08-28T12:59:50.378+0000][1088069][info ][gc,task     ] GC(18) Using 8 workers of 8 for marking
[2025-08-28T12:59:50.382+0000][1088069][info ][gc,marking  ] GC(18) Concurrent Mark From Roots 3.401ms
[2025-08-28T12:59:50.382+0000][1088069][info ][gc,marking  ] GC(18) Concurrent Preclean
[2025-08-28T12:59:50.382+0000][1088069][info ][gc,marking  ] GC(18) Concurrent Preclean 0.101ms
[2025-08-28T12:59:50.382+0000][1088069][info ][gc,start    ] GC(18) Pause Remark
[2025-08-28T12:59:50.386+0000][1088069][info ][gc          ] GC(18) Pause Remark 62M->62M(512M) 4.513ms
[2025-08-28T12:59:50.386+0000][1088069][info ][gc,cpu      ] GC(18) User=0.03s Sys=0.01s Real=0.00s
[2025-08-28T12:59:50.386+0000][1088069][info ][safepoint   ] Safepoint "G1PauseRemark", Time since last: 6239767 ns, Reaching safepoint: 66940 ns, Cleanup: 9495 ns, At safepoint: 4542646 ns, Total: 4619081 ns
[2025-08-28T12:59:50.386+0000][1088069][info ][gc,marking  ] GC(18) Concurrent Mark 8.182ms
[2025-08-28T12:59:50.386+0000][1088069][info ][gc,marking  ] GC(18) Concurrent Rebuild Remembered Sets and Scrub Regions
[2025-08-28T12:59:50.388+0000][1088069][info ][gc,marking  ] GC(18) Concurrent Rebuild Remembered Sets and Scrub Regions 1.378ms
[2025-08-28T12:59:50.388+0000][1088069][info ][gc,start    ] GC(18) Pause Cleanup
[2025-08-28T12:59:50.388+0000][1088069][info ][gc          ] GC(18) Pause Cleanup 62M->62M(512M) 0.039ms
[2025-08-28T12:59:50.388+0000][1088069][info ][gc,cpu      ] GC(18) User=0.00s Sys=0.00s Real=0.00s
[2025-08-28T12:59:50.388+0000][1088069][info ][safepoint   ] Safepoint "G1PauseCleanup", Time since last: 1437250 ns, Reaching safepoint: 65658 ns, Cleanup: 12379 ns, At safepoint: 53651 ns, Total: 131688 ns
[2025-08-28T12:59:50.388+0000][1088069][info ][gc,marking  ] GC(18) Concurrent Clear Claimed Marks
[2025-08-28T12:59:50.388+0000][1088069][info ][gc,marking  ] GC(18) Concurrent Clear Claimed Marks 0.105ms
[2025-08-28T12:59:50.388+0000][1088069][info ][gc,marking  ] GC(18) Concurrent Cleanup for Next Mark
[2025-08-28T12:59:50.388+0000][1088069][info ][gc,marking  ] GC(18) Concurrent Cleanup for Next Mark 0.285ms
[2025-08-28T12:59:50.388+0000][1088069][info ][gc          ] GC(18) Concurrent Mark Cycle 12.898ms
[2025-08-28T12:59:50.700+0000][1088069][info ][safepoint   ] Safepoint "ICBufferFull", Time since last: 311415313 ns, Reaching safepoint: 76595 ns, Cleanup: 156225 ns, At safepoint: 5508 ns, Total: 238328 ns
[2025-08-28T12:59:51.214+0000][1088069][info ][safepoint   ] Safepoint "ICBufferFull", Time since last: 513815840 ns, Reaching safepoint: 3646 ns, Cleanup: 157887 ns, At safepoint: 3245 ns, Total: 164778 ns
[2025-08-28T12:59:51.428+0000][1088069][info ][safepoint   ] Safepoint "ICBufferFull", Time since last: 213805495 ns, Reaching safepoint: 71578 ns, Cleanup: 149805 ns, At safepoint: 3666 ns, Total: 225049 ns
[2025-08-28T12:59:51.825+0000][1088069][info ][safepoint   ] Safepoint "ICBufferFull", Time since last: 397039610 ns, Reaching safepoint: 8143 ns, Cleanup: 162414 ns, At safepoint: 4767 ns, Total: 175324 ns
[2025-08-28T12:59:52.086+0000][1088069][info ][safepoint   ] Safepoint "ICBufferFull", Time since last: 260721255 ns, Reaching safepoint: 9304 ns, Cleanup: 197267 ns, At safepoint: 3725 ns, Total: 210296 ns
[2025-08-28T12:59:52.387+0000][1088069][info ][gc,start    ] GC(19) Pause Young (Normal) (G1 Evacuation Pause)
[2025-08-28T12:59:52.387+0000][1088069][info ][gc,task     ] GC(19) Using 12 workers of 33 for evacuation
[2025-08-28T12:59:52.387+0000][1088069][debug][gc,age      ] GC(19) Desired survivor size 20971520 bytes, new threshold 5 (max threshold 15)
[2025-08-28T12:59:52.406+0000][1088069][info ][gc,phases   ] GC(19)   Pre Evacuate Collection Set: 0.1ms
[2025-08-28T12:59:52.406+0000][1088069][info ][gc,phases   ] GC(19)   Merge Heap Roots: 0.1ms
[2025-08-28T12:59:52.406+0000][1088069][info ][gc,phases   ] GC(19)   Evacuate Collection Set: 16.2ms
[2025-08-28T12:59:52.406+0000][1088069][info ][gc,phases   ] GC(19)   Post Evacuate Collection Set: 2.0ms
[2025-08-28T12:59:52.406+0000][1088069][info ][gc,phases   ] GC(19)   Other: 0.1ms
[2025-08-28T12:59:52.406+0000][1088069][trace][gc,age      ] GC(19) Age table with threshold 5 (max threshold 15)
[2025-08-28T12:59:52.406+0000][1088069][trace][gc,age      ] GC(19) - age   1:   18529544 bytes,   18529544 total
[2025-08-28T12:59:52.406+0000][1088069][trace][gc,age      ] GC(19) - age   2:    4107120 bytes,   22636664 total
[2025-08-28T12:59:52.406+0000][1088069][trace][gc,age      ] GC(19) - age   3:    5772176 bytes,   28408840 total
[2025-08-28T12:59:52.406+0000][1088069][trace][gc,age      ] GC(19) - age   4:    3626312 bytes,   32035152 total
[2025-08-28T12:59:52.406+0000][1088069][trace][gc,age      ] GC(19) - age   5:    6350928 bytes,   38386080 total
[2025-08-28T12:59:52.406+0000][1088069][info ][gc,heap     ] GC(19) Eden regions: 70->0(66)
[2025-08-28T12:59:52.406+0000][1088069][info ][gc,heap     ] GC(19) Survivor regions: 6->10(10)
[2025-08-28T12:59:52.406+0000][1088069][info ][gc,heap     ] GC(19) Old regions: 10->10
[2025-08-28T12:59:52.406+0000][1088069][info ][gc,heap     ] GC(19) Humongous regions: 0->0
[2025-08-28T12:59:52.406+0000][1088069][info ][gc,metaspace] GC(19) Metaspace: 134108K(137920K)->134108K(137920K) NonClass: 115631K(117632K)->115631K(117632K) Class: 18476K(20288K)->18476K(20288K)
[2025-08-28T12:59:52.406+0000][1088069][info ][gc          ] GC(19) Pause Young (Normal) (G1 Evacuation Pause) 340M->79M(512M) 18.728ms
[2025-08-28T12:59:52.406+0000][1088069][info ][gc,cpu      ] GC(19) User=0.17s Sys=0.01s Real=0.02s
[2025-08-28T12:59:52.406+0000][1088069][info ][safepoint   ] Safepoint "G1CollectForAllocation", Time since last: 301331150 ns, Reaching safepoint: 10176 ns, Cleanup: 93300 ns, At safepoint: 18841112 ns, Total: 18944588 ns
[2025-08-28T12:59:52.595+0000][1088069][info ][safepoint   ] Safepoint "ICBufferFull", Time since last: 189194573 ns, Reaching safepoint: 9764 ns, Cleanup: 243747 ns, At safepoint: 4376 ns, Total: 257887 ns
[2025-08-28T12:59:52.743+0000][1088069][info ][safepoint   ] Safepoint "ICBufferFull", Time since last: 147164574 ns, Reaching safepoint: 19780 ns, Cleanup: 176946 ns, At safepoint: 10646 ns, Total: 207372 ns
[2025-08-28T12:59:52.907+0000][1088069][info ][safepoint   ] Safepoint "ICBufferFull", Time since last: 163795315 ns, Reaching safepoint: 18898 ns, Cleanup: 228704 ns, At safepoint: 10756 ns, Total: 258358 ns
[2025-08-28T12:59:52.986+0000][1088069][info ][safepoint   ] Safepoint "ICBufferFull", Time since last: 79101776 ns, Reaching safepoint: 76024 ns, Cleanup: 204338 ns, At safepoint: 5718 ns, Total: 286080 ns
[2025-08-28T12:59:53.092+0000][1088069][info ][safepoint   ] Safepoint "ICBufferFull", Time since last: 105601437 ns, Reaching safepoint: 147602 ns, Cleanup: 244658 ns, At safepoint: 14051 ns, Total: 406311 ns
[2025-08-28T12:59:53.381+0000][1088069][info ][safepoint   ] Safepoint "ICBufferFull", Time since last: 288857155 ns, Reaching safepoint: 40471 ns, Cleanup: 180952 ns, At safepoint: 3485 ns, Total: 224908 ns
[2025-08-28T12:59:53.610+0000][1088069][info ][gc,start    ] GC(20) Pause Young (Normal) (G1 Evacuation Pause)
[2025-08-28T12:59:53.610+0000][1088069][info ][gc,task     ] GC(20) Using 12 workers of 33 for evacuation
[2025-08-28T12:59:53.610+0000][1088069][debug][gc,age      ] GC(20) Desired survivor size 20971520 bytes, new threshold 2 (max threshold 15)
[2025-08-28T12:59:53.627+0000][1088069][info ][gc,phases   ] GC(20)   Pre Evacuate Collection Set: 0.2ms
[2025-08-28T12:59:53.627+0000][1088069][info ][gc,phases   ] GC(20)   Merge Heap Roots: 0.1ms
[2025-08-28T12:59:53.627+0000][1088069][info ][gc,phases   ] GC(20)   Evacuate Collection Set: 15.1ms
[2025-08-28T12:59:53.627+0000][1088069][info ][gc,phases   ] GC(20)   Post Evacuate Collection Set: 1.3ms
[2025-08-28T12:59:53.627+0000][1088069][info ][gc,phases   ] GC(20)   Other: 0.1ms
[2025-08-28T12:59:53.627+0000][1088069][trace][gc,age      ] GC(20) Age table with threshold 2 (max threshold 15)
[2025-08-28T12:59:53.627+0000][1088069][trace][gc,age      ] GC(20) - age   1:   16333936 bytes,   16333936 total
[2025-08-28T12:59:53.627+0000][1088069][trace][gc,age      ] GC(20) - age   2:   17913776 bytes,   34247712 total
[2025-08-28T12:59:53.627+0000][1088069][info ][gc,heap     ] GC(20) Eden regions: 66->0(66)
[2025-08-28T12:59:53.627+0000][1088069][info ][gc,heap     ] GC(20) Survivor regions: 10->10(10)
[2025-08-28T12:59:53.627+0000][1088069][info ][gc,heap     ] GC(20) Old regions: 10->15
[2025-08-28T12:59:53.627+0000][1088069][info ][gc,heap     ] GC(20) Humongous regions: 0->0
[2025-08-28T12:59:53.627+0000][1088069][info ][gc,metaspace] GC(20) Metaspace: 138730K(142656K)->138730K(142656K) NonClass: 119720K(121792K)->119720K(121792K) Class: 19009K(20864K)->19009K(20864K)
[2025-08-28T12:59:53.627+0000][1088069][info ][gc          ] GC(20) Pause Young (Normal) (G1 Evacuation Pause) 343M->97M(512M) 16.856ms
[2025-08-28T12:59:53.627+0000][1088069][info ][gc,cpu      ] GC(20) User=0.15s Sys=0.01s Real=0.02s
[2025-08-28T12:59:53.627+0000][1088069][info ][safepoint   ] Safepoint "G1CollectForAllocation", Time since last: 228963724 ns, Reaching safepoint: 9544 ns, Cleanup: 66400 ns, At safepoint: 16969860 ns, Total: 17045804 ns
[2025-08-28T12:59:54.822+0000][1088069][info ][safepoint   ] Safepoint "Cleanup", Time since last: 1194334395 ns, Reaching safepoint: 9414 ns, Cleanup: 208714 ns, At safepoint: 3515 ns, Total: 221643 ns
[2025-08-28T12:59:55.334+0000][1088069][info ][gc,start    ] GC(21) Pause Young (Normal) (G1 Evacuation Pause)
[2025-08-28T12:59:55.334+0000][1088069][info ][gc,task     ] GC(21) Using 12 workers of 33 for evacuation
[2025-08-28T12:59:55.334+0000][1088069][debug][gc,age      ] GC(21) Desired survivor size 20971520 bytes, new threshold 2 (max threshold 15)
[2025-08-28T12:59:55.347+0000][1088069][info ][gc,phases   ] GC(21)   Pre Evacuate Collection Set: 0.2ms
[2025-08-28T12:59:55.347+0000][1088069][info ][gc,phases   ] GC(21)   Merge Heap Roots: 0.1ms
[2025-08-28T12:59:55.347+0000][1088069][info ][gc,phases   ] GC(21)   Evacuate Collection Set: 10.9ms
[2025-08-28T12:59:55.347+0000][1088069][info ][gc,phases   ] GC(21)   Post Evacuate Collection Set: 1.0ms
[2025-08-28T12:59:55.347+0000][1088069][info ][gc,phases   ] GC(21)   Other: 0.1ms
[2025-08-28T12:59:55.347+0000][1088069][trace][gc,age      ] GC(21) Age table with threshold 2 (max threshold 15)
[2025-08-28T12:59:55.347+0000][1088069][trace][gc,age      ] GC(21) - age   1:    1698968 bytes,    1698968 total
[2025-08-28T12:59:55.347+0000][1088069][trace][gc,age      ] GC(21) - age   2:   14833232 bytes,   16532200 total
[2025-08-28T12:59:55.347+0000][1088069][info ][gc,heap     ] GC(21) Eden regions: 66->0(71)
[2025-08-28T12:59:55.347+0000][1088069][info ][gc,heap     ] GC(21) Survivor regions: 10->5(10)
[2025-08-28T12:59:55.347+0000][1088069][info ][gc,heap     ] GC(21) Old regions: 15->20
[2025-08-28T12:59:55.347+0000][1088069][info ][gc,heap     ] GC(21) Humongous regions: 0->0
[2025-08-28T12:59:55.347+0000][1088069][info ][gc,metaspace] GC(21) Metaspace: 138898K(142848K)->138898K(142848K) NonClass: 119889K(121984K)->119889K(121984K) Class: 19009K(20864K)->19009K(20864K)
[2025-08-28T12:59:55.347+0000][1088069][info ][gc          ] GC(21) Pause Young (Normal) (G1 Evacuation Pause) 361M->97M(512M) 12.495ms
[2025-08-28T12:59:55.347+0000][1088069][info ][gc,cpu      ] GC(21) User=0.10s Sys=0.01s Real=0.01s
[2025-08-28T12:59:55.347+0000][1088069][info ][safepoint   ] Safepoint "G1CollectForAllocation", Time since last: 512266232 ns, Reaching safepoint: 10075 ns, Cleanup: 59099 ns, At safepoint: 12645722 ns, Total: 12714896 ns
[2025-08-28T12:59:56.543+0000][1088069][info ][safepoint   ] Safepoint "Cleanup", Time since last: 1195545245 ns, Reaching safepoint: 71217 ns, Cleanup: 61542 ns, At safepoint: 4968 ns, Total: 137727 ns
[2025-08-28T12:59:57.224+0000][1088069][info ][gc,start    ] GC(22) Pause Young (Normal) (G1 Evacuation Pause)
[2025-08-28T12:59:57.224+0000][1088069][info ][gc,task     ] GC(22) Using 12 workers of 33 for evacuation
[2025-08-28T12:59:57.224+0000][1088069][debug][gc,age      ] GC(22) Desired survivor size 20971520 bytes, new threshold 15 (max threshold 15)
[2025-08-28T12:59:57.228+0000][1088069][info ][gc,phases   ] GC(22)   Pre Evacuate Collection Set: 0.1ms
[2025-08-28T12:59:57.228+0000][1088069][info ][gc,phases   ] GC(22)   Merge Heap Roots: 0.1ms
[2025-08-28T12:59:57.228+0000][1088069][info ][gc,phases   ] GC(22)   Evacuate Collection Set: 3.0ms
[2025-08-28T12:59:57.228+0000][1088069][info ][gc,phases   ] GC(22)   Post Evacuate Collection Set: 0.6ms
[2025-08-28T12:59:57.228+0000][1088069][info ][gc,phases   ] GC(22)   Other: 0.1ms
[2025-08-28T12:59:57.228+0000][1088069][trace][gc,age      ] GC(22) Age table with threshold 15 (max threshold 15)
[2025-08-28T12:59:57.228+0000][1088069][trace][gc,age      ] GC(22) - age   1:    1047536 bytes,    1047536 total
[2025-08-28T12:59:57.228+0000][1088069][trace][gc,age      ] GC(22) - age   2:      15352 bytes,    1062888 total
[2025-08-28T12:59:57.228+0000][1088069][trace][gc,age      ] GC(22) - age   3:   14833200 bytes,   15896088 total
[2025-08-28T12:59:57.228+0000][1088069][info ][gc,heap     ] GC(22) Eden regions: 71->0(71)
[2025-08-28T12:59:57.228+0000][1088069][info ][gc,heap     ] GC(22) Survivor regions: 5->5(10)
[2025-08-28T12:59:57.228+0000][1088069][info ][gc,heap     ] GC(22) Old regions: 20->20
[2025-08-28T12:59:57.228+0000][1088069][info ][gc,heap     ] GC(22) Humongous regions: 0->0
[2025-08-28T12:59:57.228+0000][1088069][info ][gc,metaspace] GC(22) Metaspace: 138944K(142912K)->138944K(142912K) NonClass: 119935K(122048K)->119935K(122048K) Class: 19009K(20864K)->19009K(20864K)
[2025-08-28T12:59:57.228+0000][1088069][info ][gc          ] GC(22) Pause Young (Normal) (G1 Evacuation Pause) 381M->96M(512M) 3.993ms
[2025-08-28T12:59:57.228+0000][1088069][info ][gc,cpu      ] GC(22) User=0.03s Sys=0.01s Real=0.00s
[2025-08-28T12:59:57.228+0000][1088069][info ][safepoint   ] Safepoint "G1CollectForAllocation", Time since last: 681271894 ns, Reaching safepoint: 11827 ns, Cleanup: 34512 ns, At safepoint: 4106812 ns, Total: 4153151 ns
[2025-08-28T12:59:58.272+0000][1088069][info ][safepoint   ] Safepoint "Cleanup", Time since last: 1043563264 ns, Reaching safepoint: 5739 ns, Cleanup: 48262 ns, At safepoint: 3245 ns, Total: 57246 ns
[2025-08-28T12:59:59.102+0000][1088069][info ][gc,start    ] GC(23) Pause Young (Normal) (G1 Evacuation Pause)
[2025-08-28T12:59:59.102+0000][1088069][info ][gc,task     ] GC(23) Using 12 workers of 33 for evacuation
[2025-08-28T12:59:59.102+0000][1088069][debug][gc,age      ] GC(23) Desired survivor size 20971520 bytes, new threshold 15 (max threshold 15)
[2025-08-28T12:59:59.107+0000][1088069][info ][gc,phases   ] GC(23)   Pre Evacuate Collection Set: 0.3ms
[2025-08-28T12:59:59.107+0000][1088069][info ][gc,phases   ] GC(23)   Merge Heap Roots: 0.1ms
[2025-08-28T12:59:59.107+0000][1088069][info ][gc,phases   ] GC(23)   Evacuate Collection Set: 3.3ms
[2025-08-28T12:59:59.107+0000][1088069][info ][gc,phases   ] GC(23)   Post Evacuate Collection Set: 0.6ms
[2025-08-28T12:59:59.107+0000][1088069][info ][gc,phases   ] GC(23)   Other: 0.1ms
[2025-08-28T12:59:59.107+0000][1088069][trace][gc,age      ] GC(23) Age table with threshold 15 (max threshold 15)
[2025-08-28T12:59:59.107+0000][1088069][trace][gc,age      ] GC(23) - age   1:     986384 bytes,     986384 total
[2025-08-28T12:59:59.107+0000][1088069][trace][gc,age      ] GC(23) - age   2:      13104 bytes,     999488 total
[2025-08-28T12:59:59.107+0000][1088069][trace][gc,age      ] GC(23) - age   3:      14640 bytes,    1014128 total
[2025-08-28T12:59:59.107+0000][1088069][trace][gc,age      ] GC(23) - age   4:   14833200 bytes,   15847328 total
[2025-08-28T12:59:59.107+0000][1088069][info ][gc,heap     ] GC(23) Eden regions: 71->0(71)
[2025-08-28T12:59:59.107+0000][1088069][info ][gc,heap     ] GC(23) Survivor regions: 5->5(10)
[2025-08-28T12:59:59.107+0000][1088069][info ][gc,heap     ] GC(23) Old regions: 20->20
[2025-08-28T12:59:59.107+0000][1088069][info ][gc,heap     ] GC(23) Humongous regions: 0->0
[2025-08-28T12:59:59.107+0000][1088069][info ][gc,metaspace] GC(23) Metaspace: 138994K(142912K)->138994K(142912K) NonClass: 119985K(122048K)->119985K(122048K) Class: 19009K(20864K)->19009K(20864K)
[2025-08-28T12:59:59.107+0000][1088069][info ][gc          ] GC(23) Pause Young (Normal) (G1 Evacuation Pause) 380M->96M(512M) 4.462ms
[2025-08-28T12:59:59.107+0000][1088069][info ][gc,cpu      ] GC(23) User=0.03s Sys=0.00s Real=0.00s
[2025-08-28T12:59:59.107+0000][1088069][info ][safepoint   ] Safepoint "G1CollectForAllocation", Time since last: 830574854 ns, Reaching safepoint: 48754 ns, Cleanup: 18187 ns, At safepoint: 4580293 ns, Total: 4647234 ns
[2025-08-28T13:00:00.621+0000][1088069][info ][safepoint   ] Safepoint "Cleanup", Time since last: 1514470191 ns, Reaching safepoint: 72569 ns, Cleanup: 29335 ns, At safepoint: 4416 ns, Total: 106320 ns
[2025-08-28T13:00:00.989+0000][1088069][info ][gc,start    ] GC(24) Pause Young (Normal) (G1 Evacuation Pause)
[2025-08-28T13:00:00.989+0000][1088069][info ][gc,task     ] GC(24) Using 12 workers of 33 for evacuation
[2025-08-28T13:00:00.989+0000][1088069][debug][gc,age      ] GC(24) Desired survivor size 20971520 bytes, new threshold 15 (max threshold 15)
[2025-08-28T13:00:00.993+0000][1088069][info ][gc,phases   ] GC(24)   Pre Evacuate Collection Set: 0.1ms
[2025-08-28T13:00:00.993+0000][1088069][info ][gc,phases   ] GC(24)   Merge Heap Roots: 0.1ms
[2025-08-28T13:00:00.993+0000][1088069][info ][gc,phases   ] GC(24)   Evacuate Collection Set: 2.9ms
[2025-08-28T13:00:00.993+0000][1088069][info ][gc,phases   ] GC(24)   Post Evacuate Collection Set: 0.6ms
[2025-08-28T13:00:00.993+0000][1088069][info ][gc,phases   ] GC(24)   Other: 0.1ms
[2025-08-28T13:00:00.993+0000][1088069][trace][gc,age      ] GC(24) Age table with threshold 15 (max threshold 15)
[2025-08-28T13:00:00.993+0000][1088069][trace][gc,age      ] GC(24) - age   1:    1106088 bytes,    1106088 total
[2025-08-28T13:00:00.993+0000][1088069][trace][gc,age      ] GC(24) - age   2:       2832 bytes,    1108920 total
[2025-08-28T13:00:00.993+0000][1088069][trace][gc,age      ] GC(24) - age   3:      12944 bytes,    1121864 total
[2025-08-28T13:00:00.993+0000][1088069][trace][gc,age      ] GC(24) - age   4:      14640 bytes,    1136504 total
[2025-08-28T13:00:00.993+0000][1088069][trace][gc,age      ] GC(24) - age   5:   14833200 bytes,   15969704 total
[2025-08-28T13:00:00.993+0000][1088069][info ][gc,heap     ] GC(24) Eden regions: 71->0(71)
[2025-08-28T13:00:00.993+0000][1088069][info ][gc,heap     ] GC(24) Survivor regions: 5->5(10)
[2025-08-28T13:00:00.993+0000][1088069][info ][gc,heap     ] GC(24) Old regions: 20->20
[2025-08-28T13:00:00.993+0000][1088069][info ][gc,heap     ] GC(24) Humongous regions: 0->0
[2025-08-28T13:00:00.993+0000][1088069][info ][gc,metaspace] GC(24) Metaspace: 139024K(142912K)->139024K(142912K) NonClass: 120015K(122048K)->120015K(122048K) Class: 19009K(20864K)->19009K(20864K)
[2025-08-28T13:00:00.993+0000][1088069][info ][gc          ] GC(24) Pause Young (Normal) (G1 Evacuation Pause) 380M->96M(512M) 3.962ms
[2025-08-28T13:00:00.993+0000][1088069][info ][gc,cpu      ] GC(24) User=0.02s Sys=0.00s Real=0.01s
[2025-08-28T13:00:00.993+0000][1088069][info ][safepoint   ] Safepoint "G1CollectForAllocation", Time since last: 367840048 ns, Reaching safepoint: 11277 ns, Cleanup: 23655 ns, At safepoint: 4080622 ns, Total: 4115554 ns
[2025-08-28T13:00:01.859+0000][1088069][info ][safepoint   ] Safepoint "ICBufferFull", Time since last: 865322881 ns, Reaching safepoint: 84807 ns, Cleanup: 217357 ns, At safepoint: 22423 ns, Total: 324587 ns
[2025-08-28T13:00:02.524+0000][1088069][info ][safepoint   ] Safepoint "ICBufferFull", Time since last: 664701645 ns, Reaching safepoint: 11457 ns, Cleanup: 251098 ns, At safepoint: 1973 ns, Total: 264528 ns
[2025-08-28T13:00:03.032+0000][1088069][info ][safepoint   ] Safepoint "ICBufferFull", Time since last: 507884293 ns, Reaching safepoint: 18908 ns, Cleanup: 234403 ns, At safepoint: 6109 ns, Total: 259420 ns
[2025-08-28T13:00:03.300+0000][1088069][info ][gc,start    ] GC(25) Pause Young (Normal) (G1 Evacuation Pause)
[2025-08-28T13:00:03.300+0000][1088069][info ][gc,task     ] GC(25) Using 12 workers of 33 for evacuation
[2025-08-28T13:00:03.300+0000][1088069][debug][gc,age      ] GC(25) Desired survivor size 20971520 bytes, new threshold 15 (max threshold 15)
[2025-08-28T13:00:03.305+0000][1088069][info ][gc,phases   ] GC(25)   Pre Evacuate Collection Set: 0.1ms
[2025-08-28T13:00:03.305+0000][1088069][info ][gc,phases   ] GC(25)   Merge Heap Roots: 0.1ms
[2025-08-28T13:00:03.305+0000][1088069][info ][gc,phases   ] GC(25)   Evacuate Collection Set: 3.5ms
[2025-08-28T13:00:03.305+0000][1088069][info ][gc,phases   ] GC(25)   Post Evacuate Collection Set: 0.8ms
[2025-08-28T13:00:03.305+0000][1088069][info ][gc,phases   ] GC(25)   Other: 0.1ms
[2025-08-28T13:00:03.305+0000][1088069][trace][gc,age      ] GC(25) Age table with threshold 15 (max threshold 15)
[2025-08-28T13:00:03.305+0000][1088069][trace][gc,age      ] GC(25) - age   1:    3260448 bytes,    3260448 total
[2025-08-28T13:00:03.305+0000][1088069][trace][gc,age      ] GC(25) - age   2:       4400 bytes,    3264848 total
[2025-08-28T13:00:03.305+0000][1088069][trace][gc,age      ] GC(25) - age   3:       2136 bytes,    3266984 total
[2025-08-28T13:00:03.305+0000][1088069][trace][gc,age      ] GC(25) - age   4:       2272 bytes,    3269256 total
[2025-08-28T13:00:03.305+0000][1088069][trace][gc,age      ] GC(25) - age   5:      10016 bytes,    3279272 total
[2025-08-28T13:00:03.305+0000][1088069][trace][gc,age      ] GC(25) - age   6:   12728592 bytes,   16007864 total
[2025-08-28T13:00:03.305+0000][1088069][info ][gc,heap     ] GC(25) Eden regions: 71->0(71)
[2025-08-28T13:00:03.305+0000][1088069][info ][gc,heap     ] GC(25) Survivor regions: 5->5(10)
[2025-08-28T13:00:03.305+0000][1088069][info ][gc,heap     ] GC(25) Old regions: 20->20
[2025-08-28T13:00:03.305+0000][1088069][info ][gc,heap     ] GC(25) Humongous regions: 0->0
[2025-08-28T13:00:03.305+0000][1088069][info ][gc,metaspace] GC(25) Metaspace: 140383K(144320K)->140383K(144320K) NonClass: 121159K(123264K)->121159K(123264K) Class: 19223K(21056K)->19223K(21056K)
[2025-08-28T13:00:03.305+0000][1088069][info ][gc          ] GC(25) Pause Young (Normal) (G1 Evacuation Pause) 380M->95M(512M) 4.754ms
[2025-08-28T13:00:03.305+0000][1088069][info ][gc,cpu      ] GC(25) User=0.03s Sys=0.00s Real=0.01s
[2025-08-28T13:00:03.305+0000][1088069][info ][safepoint   ] Safepoint "G1CollectForAllocation", Time since last: 267780086 ns, Reaching safepoint: 9334 ns, Cleanup: 64407 ns, At safepoint: 4844209 ns, Total: 4917950 ns
[2025-08-28T13:00:04.350+0000][1088069][info ][safepoint   ] Safepoint "Cleanup", Time since last: 1044880785 ns, Reaching safepoint: 38648 ns, Cleanup: 32749 ns, At safepoint: 3455 ns, Total: 74852 ns
[2025-08-28T13:00:06.156+0000][1088069][info ][gc,start    ] GC(26) Pause Young (Normal) (G1 Evacuation Pause)
[2025-08-28T13:00:06.156+0000][1088069][info ][gc,task     ] GC(26) Using 12 workers of 33 for evacuation
[2025-08-28T13:00:06.156+0000][1088069][debug][gc,age      ] GC(26) Desired survivor size 20971520 bytes, new threshold 15 (max threshold 15)
[2025-08-28T13:00:06.161+0000][1088069][info ][gc,phases   ] GC(26)   Pre Evacuate Collection Set: 0.2ms
[2025-08-28T13:00:06.161+0000][1088069][info ][gc,phases   ] GC(26)   Merge Heap Roots: 0.1ms
[2025-08-28T13:00:06.161+0000][1088069][info ][gc,phases   ] GC(26)   Evacuate Collection Set: 3.3ms
[2025-08-28T13:00:06.161+0000][1088069][info ][gc,phases   ] GC(26)   Post Evacuate Collection Set: 0.8ms
[2025-08-28T13:00:06.161+0000][1088069][info ][gc,phases   ] GC(26)   Other: 0.1ms
[2025-08-28T13:00:06.161+0000][1088069][trace][gc,age      ] GC(26) Age table with threshold 15 (max threshold 15)
[2025-08-28T13:00:06.161+0000][1088069][trace][gc,age      ] GC(26) - age   1:     610640 bytes,     610640 total
[2025-08-28T13:00:06.161+0000][1088069][trace][gc,age      ] GC(26) - age   2:    2619408 bytes,    3230048 total
[2025-08-28T13:00:06.161+0000][1088069][trace][gc,age      ] GC(26) - age   3:       4400 bytes,    3234448 total
[2025-08-28T13:00:06.161+0000][1088069][trace][gc,age      ] GC(26) - age   4:       1424 bytes,    3235872 total
[2025-08-28T13:00:06.161+0000][1088069][trace][gc,age      ] GC(26) - age   5:       2272 bytes,    3238144 total
[2025-08-28T13:00:06.161+0000][1088069][trace][gc,age      ] GC(26) - age   6:      10016 bytes,    3248160 total
[2025-08-28T13:00:06.161+0000][1088069][trace][gc,age      ] GC(26) - age   7:   12728560 bytes,   15976720 total
[2025-08-28T13:00:06.161+0000][1088069][info ][gc,heap     ] GC(26) Eden regions: 71->0(71)
[2025-08-28T13:00:06.161+0000][1088069][info ][gc,heap     ] GC(26) Survivor regions: 5->5(10)
[2025-08-28T13:00:06.161+0000][1088069][info ][gc,heap     ] GC(26) Old regions: 20->20
[2025-08-28T13:00:06.161+0000][1088069][info ][gc,heap     ] GC(26) Humongous regions: 0->0
[2025-08-28T13:00:06.161+0000][1088069][info ][gc,metaspace] GC(26) Metaspace: 140387K(144320K)->140387K(144320K) NonClass: 121163K(123264K)->121163K(123264K) Class: 19223K(21056K)->19223K(21056K)
[2025-08-28T13:00:06.161+0000][1088069][info ][gc          ] GC(26) Pause Young (Normal) (G1 Evacuation Pause) 379M->95M(512M) 4.603ms
[2025-08-28T13:00:06.161+0000][1088069][info ][gc,cpu      ] GC(26) User=0.03s Sys=0.00s Real=0.01s
[2025-08-28T13:00:06.161+0000][1088069][info ][safepoint   ] Safepoint "G1CollectForAllocation", Time since last: 1806491275 ns, Reaching safepoint: 18718 ns, Cleanup: 15423 ns, At safepoint: 4698701 ns, Total: 4732842 ns
[2025-08-28T13:00:07.481+0000][1088069][info ][safepoint   ] Safepoint "Cleanup", Time since last: 1320248002 ns, Reaching safepoint: 57797 ns, Cleanup: 22523 ns, At safepoint: 4978 ns, Total: 85298 ns
[2025-08-28T13:00:08.996+0000][1088069][info ][gc,start    ] GC(27) Pause Young (Normal) (G1 Evacuation Pause)
[2025-08-28T13:00:08.996+0000][1088069][info ][gc,task     ] GC(27) Using 12 workers of 33 for evacuation
[2025-08-28T13:00:08.996+0000][1088069][debug][gc,age      ] GC(27) Desired survivor size 20971520 bytes, new threshold 15 (max threshold 15)
[2025-08-28T13:00:09.002+0000][1088069][info ][gc,phases   ] GC(27)   Pre Evacuate Collection Set: 0.3ms
[2025-08-28T13:00:09.002+0000][1088069][info ][gc,phases   ] GC(27)   Merge Heap Roots: 0.2ms
[2025-08-28T13:00:09.002+0000][1088069][info ][gc,phases   ] GC(27)   Evacuate Collection Set: 4.9ms
[2025-08-28T13:00:09.002+0000][1088069][info ][gc,phases   ] GC(27)   Post Evacuate Collection Set: 0.9ms
[2025-08-28T13:00:09.002+0000][1088069][info ][gc,phases   ] GC(27)   Other: 0.1ms
[2025-08-28T13:00:09.002+0000][1088069][trace][gc,age      ] GC(27) Age table with threshold 15 (max threshold 15)
[2025-08-28T13:00:09.002+0000][1088069][trace][gc,age      ] GC(27) - age   1:       8376 bytes,       8376 total
[2025-08-28T13:00:09.002+0000][1088069][trace][gc,age      ] GC(27) - age   2:        776 bytes,       9152 total
[2025-08-28T13:00:09.002+0000][1088069][trace][gc,age      ] GC(27) - age   3:    2619408 bytes,    2628560 total
[2025-08-28T13:00:09.002+0000][1088069][trace][gc,age      ] GC(27) - age   4:       4400 bytes,    2632960 total
[2025-08-28T13:00:09.002+0000][1088069][trace][gc,age      ] GC(27) - age   5:       1424 bytes,    2634384 total
[2025-08-28T13:00:09.002+0000][1088069][trace][gc,age      ] GC(27) - age   6:       2272 bytes,    2636656 total
[2025-08-28T13:00:09.002+0000][1088069][trace][gc,age      ] GC(27) - age   7:      10016 bytes,    2646672 total
[2025-08-28T13:00:09.002+0000][1088069][trace][gc,age      ] GC(27) - age   8:   12728560 bytes,   15375232 total
[2025-08-28T13:00:09.002+0000][1088069][info ][gc,heap     ] GC(27) Eden regions: 71->0(71)
[2025-08-28T13:00:09.002+0000][1088069][info ][gc,heap     ] GC(27) Survivor regions: 5->5(10)
[2025-08-28T13:00:09.002+0000][1088069][info ][gc,heap     ] GC(27) Old regions: 20->20
[2025-08-28T13:00:09.002+0000][1088069][info ][gc,heap     ] GC(27) Humongous regions: 0->0
[2025-08-28T13:00:09.002+0000][1088069][info ][gc,metaspace] GC(27) Metaspace: 140390K(144320K)->140390K(144320K) NonClass: 121166K(123264K)->121166K(123264K) Class: 19223K(21056K)->19223K(21056K)
[2025-08-28T13:00:09.002+0000][1088069][info ][gc          ] GC(27) Pause Young (Normal) (G1 Evacuation Pause) 379M->95M(512M) 6.495ms
[2025-08-28T13:00:09.002+0000][1088069][info ][gc,cpu      ] GC(27) User=0.04s Sys=0.00s Real=0.01s
[2025-08-28T13:00:09.002+0000][1088069][info ][safepoint   ] Safepoint "G1CollectForAllocation", Time since last: 1514211132 ns, Reaching safepoint: 59990 ns, Cleanup: 6049 ns, At safepoint: 6615482 ns, Total: 6681521 ns
[2025-08-28T13:00:10.192+0000][1088069][info ][safepoint   ] Safepoint "Cleanup", Time since last: 1189467446 ns, Reaching safepoint: 75363 ns, Cleanup: 20341 ns, At safepoint: 5137 ns, Total: 100841 ns
[2025-08-28T13:00:11.378+0000][1088069][info ][safepoint   ] Safepoint "Cleanup", Time since last: 1186424043 ns, Reaching safepoint: 8934 ns, Cleanup: 33921 ns, At safepoint: 5498 ns, Total: 48353 ns
[2025-08-28T13:00:11.826+0000][1088069][info ][gc,start    ] GC(28) Pause Young (Normal) (G1 Evacuation Pause)
[2025-08-28T13:00:11.826+0000][1088069][info ][gc,task     ] GC(28) Using 12 workers of 33 for evacuation
[2025-08-28T13:00:11.826+0000][1088069][debug][gc,age      ] GC(28) Desired survivor size 20971520 bytes, new threshold 15 (max threshold 15)
[2025-08-28T13:00:11.831+0000][1088069][info ][gc,phases   ] GC(28)   Pre Evacuate Collection Set: 0.2ms
[2025-08-28T13:00:11.831+0000][1088069][info ][gc,phases   ] GC(28)   Merge Heap Roots: 0.1ms
[2025-08-28T13:00:11.831+0000][1088069][info ][gc,phases   ] GC(28)   Evacuate Collection Set: 3.5ms
[2025-08-28T13:00:11.831+0000][1088069][info ][gc,phases   ] GC(28)   Post Evacuate Collection Set: 0.7ms
[2025-08-28T13:00:11.831+0000][1088069][info ][gc,phases   ] GC(28)   Other: 0.1ms
[2025-08-28T13:00:11.831+0000][1088069][trace][gc,age      ] GC(28) Age table with threshold 15 (max threshold 15)
[2025-08-28T13:00:11.831+0000][1088069][trace][gc,age      ] GC(28) - age   1:     157800 bytes,     157800 total
[2025-08-28T13:00:11.831+0000][1088069][trace][gc,age      ] GC(28) - age   2:        408 bytes,     158208 total
[2025-08-28T13:00:11.831+0000][1088069][trace][gc,age      ] GC(28) - age   3:         64 bytes,     158272 total
[2025-08-28T13:00:11.831+0000][1088069][trace][gc,age      ] GC(28) - age   4:    2619168 bytes,    2777440 total
[2025-08-28T13:00:11.831+0000][1088069][trace][gc,age      ] GC(28) - age   5:       4400 bytes,    2781840 total
[2025-08-28T13:00:11.831+0000][1088069][trace][gc,age      ] GC(28) - age   6:       1424 bytes,    2783264 total
[2025-08-28T13:00:11.831+0000][1088069][trace][gc,age      ] GC(28) - age   7:       2272 bytes,    2785536 total
[2025-08-28T13:00:11.831+0000][1088069][trace][gc,age      ] GC(28) - age   8:      10016 bytes,    2795552 total
[2025-08-28T13:00:11.831+0000][1088069][trace][gc,age      ] GC(28) - age   9:   12728560 bytes,   15524112 total
[2025-08-28T13:00:11.831+0000][1088069][info ][gc,heap     ] GC(28) Eden regions: 71->0(71)
[2025-08-28T13:00:11.831+0000][1088069][info ][gc,heap     ] GC(28) Survivor regions: 5->5(10)
[2025-08-28T13:00:11.831+0000][1088069][info ][gc,heap     ] GC(28) Old regions: 20->20
[2025-08-28T13:00:11.831+0000][1088069][info ][gc,heap     ] GC(28) Humongous regions: 0->0
[2025-08-28T13:00:11.831+0000][1088069][info ][gc,metaspace] GC(28) Metaspace: 140400K(144320K)->140400K(144320K) NonClass: 121177K(123264K)->121177K(123264K) Class: 19223K(21056K)->19223K(21056K)
[2025-08-28T13:00:11.831+0000][1088069][info ][gc          ] GC(28) Pause Young (Normal) (G1 Evacuation Pause) 379M->95M(512M) 4.716ms
[2025-08-28T13:00:11.831+0000][1088069][info ][gc,cpu      ] GC(28) User=0.03s Sys=0.00s Real=0.01s
[2025-08-28T13:00:11.831+0000][1088069][info ][safepoint   ] Safepoint "G1CollectForAllocation", Time since last: 447786464 ns, Reaching safepoint: 17216 ns, Cleanup: 27491 ns, At safepoint: 4815937 ns, Total: 4860644 ns
[2025-08-28T13:00:13.393+0000][1088069][info ][safepoint   ] Safepoint "Cleanup", Time since last: 1562098703 ns, Reaching safepoint: 8383 ns, Cleanup: 22874 ns, At safepoint: 5969 ns, Total: 37226 ns
[2025-08-28T13:00:14.626+0000][1088069][info ][gc,start    ] GC(29) Pause Young (Normal) (G1 Evacuation Pause)
[2025-08-28T13:00:14.626+0000][1088069][info ][gc,task     ] GC(29) Using 12 workers of 33 for evacuation
[2025-08-28T13:00:14.626+0000][1088069][debug][gc,age      ] GC(29) Desired survivor size 20971520 bytes, new threshold 15 (max threshold 15)
[2025-08-28T13:00:14.631+0000][1088069][info ][gc,phases   ] GC(29)   Pre Evacuate Collection Set: 0.2ms
[2025-08-28T13:00:14.631+0000][1088069][info ][gc,phases   ] GC(29)   Merge Heap Roots: 0.1ms
[2025-08-28T13:00:14.631+0000][1088069][info ][gc,phases   ] GC(29)   Evacuate Collection Set: 3.8ms
[2025-08-28T13:00:14.631+0000][1088069][info ][gc,phases   ] GC(29)   Post Evacuate Collection Set: 0.7ms
[2025-08-28T13:00:14.631+0000][1088069][info ][gc,phases   ] GC(29)   Other: 0.1ms
[2025-08-28T13:00:14.631+0000][1088069][trace][gc,age      ] GC(29) Age table with threshold 15 (max threshold 15)
[2025-08-28T13:00:14.631+0000][1088069][trace][gc,age      ] GC(29) - age   1:       7864 bytes,       7864 total
[2025-08-28T13:00:14.631+0000][1088069][trace][gc,age      ] GC(29) - age   2:       1224 bytes,       9088 total
[2025-08-28T13:00:14.631+0000][1088069][trace][gc,age      ] GC(29) - age   3:        128 bytes,       9216 total
[2025-08-28T13:00:14.631+0000][1088069][trace][gc,age      ] GC(29) - age   4:         32 bytes,       9248 total
[2025-08-28T13:00:14.631+0000][1088069][trace][gc,age      ] GC(29) - age   5:    2619168 bytes,    2628416 total
[2025-08-28T13:00:14.631+0000][1088069][trace][gc,age      ] GC(29) - age   6:       4400 bytes,    2632816 total
[2025-08-28T13:00:14.631+0000][1088069][trace][gc,age      ] GC(29) - age   7:       1424 bytes,    2634240 total
[2025-08-28T13:00:14.631+0000][1088069][trace][gc,age      ] GC(29) - age   8:       2272 bytes,    2636512 total
[2025-08-28T13:00:14.631+0000][1088069][trace][gc,age      ] GC(29) - age   9:      10016 bytes,    2646528 total
[2025-08-28T13:00:14.631+0000][1088069][trace][gc,age      ] GC(29) - age  10:   12728560 bytes,   15375088 total
[2025-08-28T13:00:14.631+0000][1088069][info ][gc,heap     ] GC(29) Eden regions: 71->0(71)
[2025-08-28T13:00:14.631+0000][1088069][info ][gc,heap     ] GC(29) Survivor regions: 5->5(10)
[2025-08-28T13:00:14.631+0000][1088069][info ][gc,heap     ] GC(29) Old regions: 20->20
[2025-08-28T13:00:14.631+0000][1088069][info ][gc,heap     ] GC(29) Humongous regions: 0->0
[2025-08-28T13:00:14.631+0000][1088069][info ][gc,metaspace] GC(29) Metaspace: 140402K(144320K)->140402K(144320K) NonClass: 121179K(123264K)->121179K(123264K) Class: 19223K(21056K)->19223K(21056K)
[2025-08-28T13:00:14.631+0000][1088069][info ][gc          ] GC(29) Pause Young (Normal) (G1 Evacuation Pause) 379M->95M(512M) 5.047ms
[2025-08-28T13:00:14.631+0000][1088069][info ][gc,cpu      ] GC(29) User=0.03s Sys=0.01s Real=0.01s
[2025-08-28T13:00:14.631+0000][1088069][info ][safepoint   ] Safepoint "G1CollectForAllocation", Time since last: 1232469025 ns, Reaching safepoint: 97387 ns, Cleanup: 6299 ns, At safepoint: 5141386 ns, Total: 5245072 ns
[2025-08-28T13:00:15.925+0000][1088069][info ][safepoint   ] Safepoint "Cleanup", Time since last: 1294396555 ns, Reaching safepoint: 16605 ns, Cleanup: 22143 ns, At safepoint: 3155 ns, Total: 41903 ns
[2025-08-28T13:00:16.925+0000][1088069][info ][safepoint   ] Safepoint "Cleanup", Time since last: 1000142776 ns, Reaching safepoint: 16615 ns, Cleanup: 20741 ns, At safepoint: 2944 ns, Total: 40300 ns
[2025-08-28T13:00:17.497+0000][1088069][info ][gc,start    ] GC(30) Pause Young (Normal) (G1 Evacuation Pause)
[2025-08-28T13:00:17.497+0000][1088069][info ][gc,task     ] GC(30) Using 12 workers of 33 for evacuation
[2025-08-28T13:00:17.497+0000][1088069][debug][gc,age      ] GC(30) Desired survivor size 20971520 bytes, new threshold 15 (max threshold 15)
[2025-08-28T13:00:17.502+0000][1088069][info ][gc,phases   ] GC(30)   Pre Evacuate Collection Set: 0.2ms
[2025-08-28T13:00:17.502+0000][1088069][info ][gc,phases   ] GC(30)   Merge Heap Roots: 0.1ms
[2025-08-28T13:00:17.502+0000][1088069][info ][gc,phases   ] GC(30)   Evacuate Collection Set: 3.3ms
[2025-08-28T13:00:17.502+0000][1088069][info ][gc,phases   ] GC(30)   Post Evacuate Collection Set: 0.8ms
[2025-08-28T13:00:17.502+0000][1088069][info ][gc,phases   ] GC(30)   Other: 0.1ms
[2025-08-28T13:00:17.502+0000][1088069][trace][gc,age      ] GC(30) Age table with threshold 15 (max threshold 15)
[2025-08-28T13:00:17.502+0000][1088069][trace][gc,age      ] GC(30) - age   1:       7672 bytes,       7672 total
[2025-08-28T13:00:17.502+0000][1088069][trace][gc,age      ] GC(30) - age   2:       1056 bytes,       8728 total
[2025-08-28T13:00:17.502+0000][1088069][trace][gc,age      ] GC(30) - age   3:       1224 bytes,       9952 total
[2025-08-28T13:00:17.502+0000][1088069][trace][gc,age      ] GC(30) - age   4:        128 bytes,      10080 total
[2025-08-28T13:00:17.502+0000][1088069][trace][gc,age      ] GC(30) - age   5:         32 bytes,      10112 total
[2025-08-28T13:00:17.502+0000][1088069][trace][gc,age      ] GC(30) - age   6:    2619032 bytes,    2629144 total
[2025-08-28T13:00:17.502+0000][1088069][trace][gc,age      ] GC(30) - age   7:       4400 bytes,    2633544 total
[2025-08-28T13:00:17.502+0000][1088069][trace][gc,age      ] GC(30) - age   8:       1424 bytes,    2634968 total
[2025-08-28T13:00:17.502+0000][1088069][trace][gc,age      ] GC(30) - age   9:       2272 bytes,    2637240 total
[2025-08-28T13:00:17.502+0000][1088069][trace][gc,age      ] GC(30) - age  10:      10016 bytes,    2647256 total
[2025-08-28T13:00:17.502+0000][1088069][trace][gc,age      ] GC(30) - age  11:   12728424 bytes,   15375680 total
[2025-08-28T13:00:17.502+0000][1088069][info ][gc,heap     ] GC(30) Eden regions: 71->0(71)
[2025-08-28T13:00:17.502+0000][1088069][info ][gc,heap     ] GC(30) Survivor regions: 5->5(10)
[2025-08-28T13:00:17.502+0000][1088069][info ][gc,heap     ] GC(30) Old regions: 20->20
[2025-08-28T13:00:17.502+0000][1088069][info ][gc,heap     ] GC(30) Humongous regions: 0->0
[2025-08-28T13:00:17.502+0000][1088069][info ][gc,metaspace] GC(30) Metaspace: 140421K(144320K)->140421K(144320K) NonClass: 121197K(123264K)->121197K(123264K) Class: 19223K(21056K)->19223K(21056K)
[2025-08-28T13:00:17.502+0000][1088069][info ][gc          ] GC(30) Pause Young (Normal) (G1 Evacuation Pause) 379M->95M(512M) 4.568ms
[2025-08-28T13:00:17.502+0000][1088069][info ][gc,cpu      ] GC(30) User=0.02s Sys=0.01s Real=0.01s
[2025-08-28T13:00:17.502+0000][1088069][info ][safepoint   ] Safepoint "G1CollectForAllocation", Time since last: 571911798 ns, Reaching safepoint: 17727 ns, Cleanup: 6570 ns, At safepoint: 4664770 ns, Total: 4689067 ns
[2025-08-28T13:00:18.502+0000][1088069][info ][safepoint   ] Safepoint "Cleanup", Time since last: 1000102926 ns, Reaching safepoint: 16475 ns, Cleanup: 57236 ns, At safepoint: 3395 ns, Total: 77106 ns
[2025-08-28T13:00:19.502+0000][1088069][info ][safepoint   ] Safepoint "Cleanup", Time since last: 1000144508 ns, Reaching safepoint: 52279 ns, Cleanup: 19910 ns, At safepoint: 3535 ns, Total: 75724 ns
[2025-08-28T13:00:20.277+0000][1088069][info ][gc,start    ] GC(31) Pause Young (Normal) (G1 Evacuation Pause)
[2025-08-28T13:00:20.277+0000][1088069][info ][gc,task     ] GC(31) Using 12 workers of 33 for evacuation
[2025-08-28T13:00:20.277+0000][1088069][debug][gc,age      ] GC(31) Desired survivor size 20971520 bytes, new threshold 15 (max threshold 15)
[2025-08-28T13:00:20.283+0000][1088069][info ][gc,phases   ] GC(31)   Pre Evacuate Collection Set: 0.1ms
[2025-08-28T13:00:20.283+0000][1088069][info ][gc,phases   ] GC(31)   Merge Heap Roots: 0.1ms
[2025-08-28T13:00:20.283+0000][1088069][info ][gc,phases   ] GC(31)   Evacuate Collection Set: 4.5ms
[2025-08-28T13:00:20.283+0000][1088069][info ][gc,phases   ] GC(31)   Post Evacuate Collection Set: 0.7ms
[2025-08-28T13:00:20.283+0000][1088069][info ][gc,phases   ] GC(31)   Other: 0.1ms
[2025-08-28T13:00:20.283+0000][1088069][trace][gc,age      ] GC(31) Age table with threshold 15 (max threshold 15)
[2025-08-28T13:00:20.283+0000][1088069][trace][gc,age      ] GC(31) - age   1:      10048 bytes,      10048 total
[2025-08-28T13:00:20.283+0000][1088069][trace][gc,age      ] GC(31) - age   2:        872 bytes,      10920 total
[2025-08-28T13:00:20.283+0000][1088069][trace][gc,age      ] GC(31) - age   3:        344 bytes,      11264 total
[2025-08-28T13:00:20.283+0000][1088069][trace][gc,age      ] GC(31) - age   4:        976 bytes,      12240 total
[2025-08-28T13:00:20.283+0000][1088069][trace][gc,age      ] GC(31) - age   5:        128 bytes,      12368 total
[2025-08-28T13:00:20.283+0000][1088069][trace][gc,age      ] GC(31) - age   6:         32 bytes,      12400 total
[2025-08-28T13:00:20.283+0000][1088069][trace][gc,age      ] GC(31) - age   7:    2618808 bytes,    2631208 total
[2025-08-28T13:00:20.283+0000][1088069][trace][gc,age      ] GC(31) - age   8:       4400 bytes,    2635608 total
[2025-08-28T13:00:20.283+0000][1088069][trace][gc,age      ] GC(31) - age   9:       1424 bytes,    2637032 total
[2025-08-28T13:00:20.283+0000][1088069][trace][gc,age      ] GC(31) - age  10:       2272 bytes,    2639304 total
[2025-08-28T13:00:20.283+0000][1088069][trace][gc,age      ] GC(31) - age  11:      10016 bytes,    2649320 total
[2025-08-28T13:00:20.283+0000][1088069][trace][gc,age      ] GC(31) - age  12:   12728424 bytes,   15377744 total
[2025-08-28T13:00:20.283+0000][1088069][info ][gc,heap     ] GC(31) Eden regions: 71->0(71)
[2025-08-28T13:00:20.283+0000][1088069][info ][gc,heap     ] GC(31) Survivor regions: 5->5(10)
[2025-08-28T13:00:20.283+0000][1088069][info ][gc,heap     ] GC(31) Old regions: 20->20
[2025-08-28T13:00:20.283+0000][1088069][info ][gc,heap     ] GC(31) Humongous regions: 0->0
[2025-08-28T13:00:20.283+0000][1088069][info ][gc,metaspace] GC(31) Metaspace: 140423K(144320K)->140423K(144320K) NonClass: 121199K(123264K)->121199K(123264K) Class: 19223K(21056K)->19223K(21056K)
[2025-08-28T13:00:20.283+0000][1088069][info ][gc          ] GC(31) Pause Young (Normal) (G1 Evacuation Pause) 379M->95M(512M) 5.748ms
[2025-08-28T13:00:20.283+0000][1088069][info ][gc,cpu      ] GC(31) User=0.03s Sys=0.00s Real=0.01s
[2025-08-28T13:00:20.283+0000][1088069][info ][safepoint   ] Safepoint "G1CollectForAllocation", Time since last: 774464827 ns, Reaching safepoint: 211197 ns, Cleanup: 16866 ns, At safepoint: 5843601 ns, Total: 6071664 ns
[2025-08-28T13:00:22.379+0000][1088069][info ][safepoint   ] Safepoint "Cleanup", Time since last: 2096050058 ns, Reaching safepoint: 9274 ns, Cleanup: 21683 ns, At safepoint: 5087 ns, Total: 36044 ns
[2025-08-28T13:00:23.072+0000][1088069][info ][gc,start    ] GC(32) Pause Young (Normal) (G1 Evacuation Pause)
[2025-08-28T13:00:23.072+0000][1088069][info ][gc,task     ] GC(32) Using 12 workers of 33 for evacuation
[2025-08-28T13:00:23.072+0000][1088069][debug][gc,age      ] GC(32) Desired survivor size 20971520 bytes, new threshold 15 (max threshold 15)
[2025-08-28T13:00:23.076+0000][1088069][info ][gc,phases   ] GC(32)   Pre Evacuate Collection Set: 0.2ms
[2025-08-28T13:00:23.076+0000][1088069][info ][gc,phases   ] GC(32)   Merge Heap Roots: 0.1ms
[2025-08-28T13:00:23.076+0000][1088069][info ][gc,phases   ] GC(32)   Evacuate Collection Set: 3.1ms
[2025-08-28T13:00:23.076+0000][1088069][info ][gc,phases   ] GC(32)   Post Evacuate Collection Set: 0.9ms
[2025-08-28T13:00:23.076+0000][1088069][info ][gc,phases   ] GC(32)   Other: 0.1ms
[2025-08-28T13:00:23.076+0000][1088069][trace][gc,age      ] GC(32) Age table with threshold 15 (max threshold 15)
[2025-08-28T13:00:23.076+0000][1088069][trace][gc,age      ] GC(32) - age   1:     739376 bytes,     739376 total
[2025-08-28T13:00:23.076+0000][1088069][trace][gc,age      ] GC(32) - age   2:       1408 bytes,     740784 total
[2025-08-28T13:00:23.076+0000][1088069][trace][gc,age      ] GC(32) - age   3:        872 bytes,     741656 total
[2025-08-28T13:00:23.076+0000][1088069][trace][gc,age      ] GC(32) - age   4:        344 bytes,     742000 total
[2025-08-28T13:00:23.076+0000][1088069][trace][gc,age      ] GC(32) - age   5:        736 bytes,     742736 total
[2025-08-28T13:00:23.076+0000][1088069][trace][gc,age      ] GC(32) - age   6:        128 bytes,     742864 total
[2025-08-28T13:00:23.076+0000][1088069][trace][gc,age      ] GC(32) - age   7:         32 bytes,     742896 total
[2025-08-28T13:00:23.076+0000][1088069][trace][gc,age      ] GC(32) - age   8:    2597352 bytes,    3340248 total
[2025-08-28T13:00:23.076+0000][1088069][trace][gc,age      ] GC(32) - age   9:       4400 bytes,    3344648 total
[2025-08-28T13:00:23.076+0000][1088069][trace][gc,age      ] GC(32) - age  10:       1424 bytes,    3346072 total
[2025-08-28T13:00:23.076+0000][1088069][trace][gc,age      ] GC(32) - age  11:       2272 bytes,    3348344 total
[2025-08-28T13:00:23.076+0000][1088069][trace][gc,age      ] GC(32) - age  12:      10016 bytes,    3358360 total
[2025-08-28T13:00:23.076+0000][1088069][trace][gc,age      ] GC(32) - age  13:   12727504 bytes,   16085864 total
[2025-08-28T13:00:23.076+0000][1088069][info ][gc,heap     ] GC(32) Eden regions: 71->0(71)
[2025-08-28T13:00:23.076+0000][1088069][info ][gc,heap     ] GC(32) Survivor regions: 5->5(10)
[2025-08-28T13:00:23.076+0000][1088069][info ][gc,heap     ] GC(32) Old regions: 20->20
[2025-08-28T13:00:23.076+0000][1088069][info ][gc,heap     ] GC(32) Humongous regions: 0->0
[2025-08-28T13:00:23.076+0000][1088069][info ][gc,metaspace] GC(32) Metaspace: 140697K(144640K)->140697K(144640K) NonClass: 121421K(123520K)->121421K(123520K) Class: 19276K(21120K)->19276K(21120K)
[2025-08-28T13:00:23.076+0000][1088069][info ][gc          ] GC(32) Pause Young (Normal) (G1 Evacuation Pause) 379M->96M(512M) 4.490ms
[2025-08-28T13:00:23.076+0000][1088069][info ][gc,cpu      ] GC(32) User=0.03s Sys=0.00s Real=0.00s
[2025-08-28T13:00:23.076+0000][1088069][info ][safepoint   ] Safepoint "G1CollectForAllocation", Time since last: 692510724 ns, Reaching safepoint: 17156 ns, Cleanup: 31477 ns, At safepoint: 4599512 ns, Total: 4648145 ns
[2025-08-28T13:00:24.321+0000][1088069][info ][safepoint   ] Safepoint "Cleanup", Time since last: 1245131924 ns, Reaching safepoint: 52409 ns, Cleanup: 23545 ns, At safepoint: 6049 ns, Total: 82003 ns
[2025-08-28T13:00:25.322+0000][1088069][info ][safepoint   ] Safepoint "Cleanup", Time since last: 1000143978 ns, Reaching safepoint: 17015 ns, Cleanup: 22534 ns, At safepoint: 3355 ns, Total: 42904 ns
[2025-08-28T13:00:25.913+0000][1088069][info ][gc,start    ] GC(33) Pause Young (Normal) (G1 Evacuation Pause)
[2025-08-28T13:00:25.913+0000][1088069][info ][gc,task     ] GC(33) Using 12 workers of 33 for evacuation
[2025-08-28T13:00:25.913+0000][1088069][debug][gc,age      ] GC(33) Desired survivor size 20971520 bytes, new threshold 15 (max threshold 15)
[2025-08-28T13:00:25.918+0000][1088069][info ][gc,phases   ] GC(33)   Pre Evacuate Collection Set: 0.2ms
[2025-08-28T13:00:25.918+0000][1088069][info ][gc,phases   ] GC(33)   Merge Heap Roots: 0.1ms
[2025-08-28T13:00:25.918+0000][1088069][info ][gc,phases   ] GC(33)   Evacuate Collection Set: 3.6ms
[2025-08-28T13:00:25.918+0000][1088069][info ][gc,phases   ] GC(33)   Post Evacuate Collection Set: 0.7ms
[2025-08-28T13:00:25.918+0000][1088069][info ][gc,phases   ] GC(33)   Other: 0.1ms
[2025-08-28T13:00:25.918+0000][1088069][trace][gc,age      ] GC(33) Age table with threshold 15 (max threshold 15)
[2025-08-28T13:00:25.918+0000][1088069][trace][gc,age      ] GC(33) - age   1:       8936 bytes,       8936 total
[2025-08-28T13:00:25.918+0000][1088069][trace][gc,age      ] GC(33) - age   2:     110608 bytes,     119544 total
[2025-08-28T13:00:25.918+0000][1088069][trace][gc,age      ] GC(33) - age   3:        696 bytes,     120240 total
[2025-08-28T13:00:25.918+0000][1088069][trace][gc,age      ] GC(33) - age   4:        872 bytes,     121112 total
[2025-08-28T13:00:25.918+0000][1088069][trace][gc,age      ] GC(33) - age   5:         80 bytes,     121192 total
[2025-08-28T13:00:25.918+0000][1088069][trace][gc,age      ] GC(33) - age   6:        736 bytes,     121928 total
[2025-08-28T13:00:25.918+0000][1088069][trace][gc,age      ] GC(33) - age   7:        128 bytes,     122056 total
[2025-08-28T13:00:25.918+0000][1088069][trace][gc,age      ] GC(33) - age   8:         32 bytes,     122088 total
[2025-08-28T13:00:25.918+0000][1088069][trace][gc,age      ] GC(33) - age   9:    2597352 bytes,    2719440 total
[2025-08-28T13:00:25.918+0000][1088069][trace][gc,age      ] GC(33) - age  10:       4400 bytes,    2723840 total
[2025-08-28T13:00:25.918+0000][1088069][trace][gc,age      ] GC(33) - age  11:       1424 bytes,    2725264 total
[2025-08-28T13:00:25.918+0000][1088069][trace][gc,age      ] GC(33) - age  12:       2272 bytes,    2727536 total
[2025-08-28T13:00:25.918+0000][1088069][trace][gc,age      ] GC(33) - age  13:       9984 bytes,    2737520 total
[2025-08-28T13:00:25.918+0000][1088069][trace][gc,age      ] GC(33) - age  14:   12727504 bytes,   15465024 total
[2025-08-28T13:00:25.918+0000][1088069][info ][gc,heap     ] GC(33) Eden regions: 71->0(72)
[2025-08-28T13:00:25.918+0000][1088069][info ][gc,heap     ] GC(33) Survivor regions: 5->4(10)
[2025-08-28T13:00:25.918+0000][1088069][info ][gc,heap     ] GC(33) Old regions: 20->20
[2025-08-28T13:00:25.918+0000][1088069][info ][gc,heap     ] GC(33) Humongous regions: 0->0
[2025-08-28T13:00:25.918+0000][1088069][info ][gc,metaspace] GC(33) Metaspace: 140700K(144640K)->140700K(144640K) NonClass: 121424K(123520K)->121424K(123520K) Class: 19276K(21120K)->19276K(21120K)
[2025-08-28T13:00:25.918+0000][1088069][info ][gc          ] GC(33) Pause Young (Normal) (G1 Evacuation Pause) 380M->94M(512M) 4.787ms
[2025-08-28T13:00:25.918+0000][1088069][info ][gc,cpu      ] GC(33) User=0.03s Sys=0.00s Real=0.00s
[2025-08-28T13:00:25.918+0000][1088069][info ][safepoint   ] Safepoint "G1CollectForAllocation", Time since last: 591486554 ns, Reaching safepoint: 16735 ns, Cleanup: 6309 ns, At safepoint: 4885922 ns, Total: 4908966 ns
[2025-08-28T13:00:26.918+0000][1088069][info ][safepoint   ] Safepoint "Cleanup", Time since last: 1000104829 ns, Reaching safepoint: 16836 ns, Cleanup: 24717 ns, At safepoint: 3355 ns, Total: 44908 ns
[2025-08-28T13:00:28.857+0000][1088069][info ][gc,start    ] GC(34) Pause Young (Normal) (G1 Evacuation Pause)
[2025-08-28T13:00:28.857+0000][1088069][info ][gc,task     ] GC(34) Using 12 workers of 33 for evacuation
[2025-08-28T13:00:28.857+0000][1088069][debug][gc,age      ] GC(34) Desired survivor size 20971520 bytes, new threshold 15 (max threshold 15)
[2025-08-28T13:00:28.862+0000][1088069][info ][gc,phases   ] GC(34)   Pre Evacuate Collection Set: 0.2ms
[2025-08-28T13:00:28.862+0000][1088069][info ][gc,phases   ] GC(34)   Merge Heap Roots: 0.1ms
[2025-08-28T13:00:28.862+0000][1088069][info ][gc,phases   ] GC(34)   Evacuate Collection Set: 3.3ms
[2025-08-28T13:00:28.862+0000][1088069][info ][gc,phases   ] GC(34)   Post Evacuate Collection Set: 0.8ms
[2025-08-28T13:00:28.862+0000][1088069][info ][gc,phases   ] GC(34)   Other: 0.2ms
[2025-08-28T13:00:28.862+0000][1088069][trace][gc,age      ] GC(34) Age table with threshold 15 (max threshold 15)
[2025-08-28T13:00:28.862+0000][1088069][trace][gc,age      ] GC(34) - age   1:     223456 bytes,     223456 total
[2025-08-28T13:00:28.862+0000][1088069][trace][gc,age      ] GC(34) - age   2:       1928 bytes,     225384 total
[2025-08-28T13:00:28.862+0000][1088069][trace][gc,age      ] GC(34) - age   3:     110608 bytes,     335992 total
[2025-08-28T13:00:28.862+0000][1088069][trace][gc,age      ] GC(34) - age   4:        696 bytes,     336688 total
[2025-08-28T13:00:28.862+0000][1088069][trace][gc,age      ] GC(34) - age   5:        872 bytes,     337560 total
[2025-08-28T13:00:28.862+0000][1088069][trace][gc,age      ] GC(34) - age   6:         80 bytes,     337640 total
[2025-08-28T13:00:28.862+0000][1088069][trace][gc,age      ] GC(34) - age   7:        736 bytes,     338376 total
[2025-08-28T13:00:28.862+0000][1088069][trace][gc,age      ] GC(34) - age   8:        128 bytes,     338504 total
[2025-08-28T13:00:28.862+0000][1088069][trace][gc,age      ] GC(34) - age   9:         32 bytes,     338536 total
[2025-08-28T13:00:28.862+0000][1088069][trace][gc,age      ] GC(34) - age  10:    2597352 bytes,    2935888 total
[2025-08-28T13:00:28.862+0000][1088069][trace][gc,age      ] GC(34) - age  11:       4400 bytes,    2940288 total
[2025-08-28T13:00:28.862+0000][1088069][trace][gc,age      ] GC(34) - age  12:       1424 bytes,    2941712 total
[2025-08-28T13:00:28.862+0000][1088069][trace][gc,age      ] GC(34) - age  13:       2272 bytes,    2943984 total
[2025-08-28T13:00:28.862+0000][1088069][trace][gc,age      ] GC(34) - age  14:       9984 bytes,    2953968 total
[2025-08-28T13:00:28.862+0000][1088069][trace][gc,age      ] GC(34) - age  15:   12727504 bytes,   15681472 total
[2025-08-28T13:00:28.862+0000][1088069][info ][gc,heap     ] GC(34) Eden regions: 72->0(71)
[2025-08-28T13:00:28.862+0000][1088069][info ][gc,heap     ] GC(34) Survivor regions: 4->5(10)
[2025-08-28T13:00:28.862+0000][1088069][info ][gc,heap     ] GC(34) Old regions: 20->20
[2025-08-28T13:00:28.862+0000][1088069][info ][gc,heap     ] GC(34) Humongous regions: 0->0
[2025-08-28T13:00:28.862+0000][1088069][info ][gc,metaspace] GC(34) Metaspace: 140703K(144640K)->140703K(144640K) NonClass: 121427K(123520K)->121427K(123520K) Class: 19276K(21120K)->19276K(21120K)
[2025-08-28T13:00:28.862+0000][1088069][info ][gc          ] GC(34) Pause Young (Normal) (G1 Evacuation Pause) 382M->95M(512M) 4.713ms
[2025-08-28T13:00:28.862+0000][1088069][info ][gc,cpu      ] GC(34) User=0.03s Sys=0.00s Real=0.01s
[2025-08-28T13:00:28.862+0000][1088069][info ][safepoint   ] Safepoint "G1CollectForAllocation", Time since last: 1939035290 ns, Reaching safepoint: 97126 ns, Cleanup: 6109 ns, At safepoint: 4837660 ns, Total: 4940895 ns
[2025-08-28T13:00:29.862+0000][1088069][info ][safepoint   ] Safepoint "Cleanup", Time since last: 1000068404 ns, Reaching safepoint: 55904 ns, Cleanup: 22424 ns, At safepoint: 3225 ns, Total: 81553 ns
[2025-08-28T13:00:30.862+0000][1088069][info ][safepoint   ] Safepoint "Cleanup", Time since last: 1000139491 ns, Reaching safepoint: 16715 ns, Cleanup: 16114 ns, At safepoint: 3696 ns, Total: 36525 ns
[2025-08-28T13:00:31.631+0000][1088069][info ][gc,start    ] GC(35) Pause Young (Normal) (G1 Evacuation Pause)
[2025-08-28T13:00:31.631+0000][1088069][info ][gc,task     ] GC(35) Using 12 workers of 33 for evacuation
[2025-08-28T13:00:31.631+0000][1088069][debug][gc,age      ] GC(35) Desired survivor size 20971520 bytes, new threshold 15 (max threshold 15)
[2025-08-28T13:00:31.636+0000][1088069][info ][gc,phases   ] GC(35)   Pre Evacuate Collection Set: 0.2ms
[2025-08-28T13:00:31.636+0000][1088069][info ][gc,phases   ] GC(35)   Merge Heap Roots: 0.1ms
[2025-08-28T13:00:31.636+0000][1088069][info ][gc,phases   ] GC(35)   Evacuate Collection Set: 4.0ms
[2025-08-28T13:00:31.636+0000][1088069][info ][gc,phases   ] GC(35)   Post Evacuate Collection Set: 0.6ms
[2025-08-28T13:00:31.636+0000][1088069][info ][gc,phases   ] GC(35)   Other: 0.1ms
[2025-08-28T13:00:31.636+0000][1088069][trace][gc,age      ] GC(35) Age table with threshold 15 (max threshold 15)
[2025-08-28T13:00:31.636+0000][1088069][trace][gc,age      ] GC(35) - age   1:     692896 bytes,     692896 total
[2025-08-28T13:00:31.636+0000][1088069][trace][gc,age      ] GC(35) - age   2:        696 bytes,     693592 total
[2025-08-28T13:00:31.636+0000][1088069][trace][gc,age      ] GC(35) - age   3:       1216 bytes,     694808 total
[2025-08-28T13:00:31.636+0000][1088069][trace][gc,age      ] GC(35) - age   4:     110368 bytes,     805176 total
[2025-08-28T13:00:31.636+0000][1088069][trace][gc,age      ] GC(35) - age   5:        696 bytes,     805872 total
[2025-08-28T13:00:31.636+0000][1088069][trace][gc,age      ] GC(35) - age   6:        592 bytes,     806464 total
[2025-08-28T13:00:31.636+0000][1088069][trace][gc,age      ] GC(35) - age   7:         80 bytes,     806544 total
[2025-08-28T13:00:31.636+0000][1088069][trace][gc,age      ] GC(35) - age   8:        736 bytes,     807280 total
[2025-08-28T13:00:31.636+0000][1088069][trace][gc,age      ] GC(35) - age   9:        128 bytes,     807408 total
[2025-08-28T13:00:31.636+0000][1088069][trace][gc,age      ] GC(35) - age  10:         32 bytes,     807440 total
[2025-08-28T13:00:31.636+0000][1088069][trace][gc,age      ] GC(35) - age  11:    2597352 bytes,    3404792 total
[2025-08-28T13:00:31.636+0000][1088069][trace][gc,age      ] GC(35) - age  12:       4400 bytes,    3409192 total
[2025-08-28T13:00:31.636+0000][1088069][trace][gc,age      ] GC(35) - age  13:       1424 bytes,    3410616 total
[2025-08-28T13:00:31.636+0000][1088069][trace][gc,age      ] GC(35) - age  14:       2272 bytes,    3412888 total
[2025-08-28T13:00:31.636+0000][1088069][trace][gc,age      ] GC(35) - age  15:       9984 bytes,    3422872 total
[2025-08-28T13:00:31.636+0000][1088069][info ][gc,heap     ] GC(35) Eden regions: 71->0(74)
[2025-08-28T13:00:31.636+0000][1088069][info ][gc,heap     ] GC(35) Survivor regions: 5->2(10)
[2025-08-28T13:00:31.636+0000][1088069][info ][gc,heap     ] GC(35) Old regions: 20->23
[2025-08-28T13:00:31.636+0000][1088069][info ][gc,heap     ] GC(35) Humongous regions: 0->0
[2025-08-28T13:00:31.636+0000][1088069][info ][gc,metaspace] GC(35) Metaspace: 140707K(144640K)->140707K(144640K) NonClass: 121431K(123520K)->121431K(123520K) Class: 19276K(21120K)->19276K(21120K)
[2025-08-28T13:00:31.636+0000][1088069][info ][gc          ] GC(35) Pause Young (Normal) (G1 Evacuation Pause) 379M->97M(512M) 5.107ms
[2025-08-28T13:00:31.636+0000][1088069][info ][gc,cpu      ] GC(35) User=0.04s Sys=0.00s Real=0.00s
[2025-08-28T13:00:31.636+0000][1088069][info ][safepoint   ] Safepoint "G1CollectForAllocation", Time since last: 768214965 ns, Reaching safepoint: 16995 ns, Cleanup: 15974 ns, At safepoint: 5205423 ns, Total: 5238392 ns
[2025-08-28T13:00:32.636+0000][1088069][info ][safepoint   ] Safepoint "Cleanup", Time since last: 1000077437 ns, Reaching safepoint: 17226 ns, Cleanup: 18238 ns, At safepoint: 3204 ns, Total: 38668 ns
[2025-08-28T13:00:33.636+0000][1088069][info ][safepoint   ] Safepoint "Cleanup", Time since last: 1000140193 ns, Reaching safepoint: 17035 ns, Cleanup: 15704 ns, At safepoint: 3345 ns, Total: 36084 ns
[2025-08-28T13:00:34.518+0000][1088069][info ][gc,start    ] GC(36) Pause Young (Normal) (G1 Evacuation Pause)
[2025-08-28T13:00:34.518+0000][1088069][info ][gc,task     ] GC(36) Using 12 workers of 33 for evacuation
[2025-08-28T13:00:34.518+0000][1088069][debug][gc,age      ] GC(36) Desired survivor size 20971520 bytes, new threshold 15 (max threshold 15)
[2025-08-28T13:00:34.521+0000][1088069][info ][gc,phases   ] GC(36)   Pre Evacuate Collection Set: 0.2ms
[2025-08-28T13:00:34.521+0000][1088069][info ][gc,phases   ] GC(36)   Merge Heap Roots: 0.1ms
[2025-08-28T13:00:34.521+0000][1088069][info ][gc,phases   ] GC(36)   Evacuate Collection Set: 1.8ms
[2025-08-28T13:00:34.521+0000][1088069][info ][gc,phases   ] GC(36)   Post Evacuate Collection Set: 0.5ms
[2025-08-28T13:00:34.521+0000][1088069][info ][gc,phases   ] GC(36)   Other: 0.1ms
[2025-08-28T13:00:34.521+0000][1088069][trace][gc,age      ] GC(36) Age table with threshold 15 (max threshold 15)
[2025-08-28T13:00:34.521+0000][1088069][trace][gc,age      ] GC(36) - age   1:     676680 bytes,     676680 total
[2025-08-28T13:00:34.521+0000][1088069][trace][gc,age      ] GC(36) - age   2:        800 bytes,     677480 total
[2025-08-28T13:00:34.521+0000][1088069][trace][gc,age      ] GC(36) - age   3:        696 bytes,     678176 total
[2025-08-28T13:00:34.521+0000][1088069][trace][gc,age      ] GC(36) - age   4:       1216 bytes,     679392 total
[2025-08-28T13:00:34.521+0000][1088069][trace][gc,age      ] GC(36) - age   5:     110368 bytes,     789760 total
[2025-08-28T13:00:34.521+0000][1088069][trace][gc,age      ] GC(36) - age   6:        696 bytes,     790456 total
[2025-08-28T13:00:34.521+0000][1088069][trace][gc,age      ] GC(36) - age   7:        592 bytes,     791048 total
[2025-08-28T13:00:34.521+0000][1088069][trace][gc,age      ] GC(36) - age   8:         80 bytes,     791128 total
[2025-08-28T13:00:34.521+0000][1088069][trace][gc,age      ] GC(36) - age   9:        736 bytes,     791864 total
[2025-08-28T13:00:34.521+0000][1088069][trace][gc,age      ] GC(36) - age  10:        128 bytes,     791992 total
[2025-08-28T13:00:34.521+0000][1088069][trace][gc,age      ] GC(36) - age  11:         32 bytes,     792024 total
[2025-08-28T13:00:34.521+0000][1088069][trace][gc,age      ] GC(36) - age  12:    2596976 bytes,    3389000 total
[2025-08-28T13:00:34.521+0000][1088069][trace][gc,age      ] GC(36) - age  13:       4400 bytes,    3393400 total
[2025-08-28T13:00:34.521+0000][1088069][trace][gc,age      ] GC(36) - age  14:       1424 bytes,    3394824 total
[2025-08-28T13:00:34.521+0000][1088069][trace][gc,age      ] GC(36) - age  15:       2272 bytes,    3397096 total
[2025-08-28T13:00:34.521+0000][1088069][info ][gc,heap     ] GC(36) Eden regions: 74->0(75)
[2025-08-28T13:00:34.521+0000][1088069][info ][gc,heap     ] GC(36) Survivor regions: 2->1(10)
[2025-08-28T13:00:34.521+0000][1088069][info ][gc,heap     ] GC(36) Old regions: 23->24
[2025-08-28T13:00:34.521+0000][1088069][info ][gc,heap     ] GC(36) Humongous regions: 0->0
[2025-08-28T13:00:34.521+0000][1088069][info ][gc,metaspace] GC(36) Metaspace: 140709K(144640K)->140709K(144640K) NonClass: 121433K(123520K)->121433K(123520K) Class: 19276K(21120K)->19276K(21120K)
[2025-08-28T13:00:34.521+0000][1088069][info ][gc          ] GC(36) Pause Young (Normal) (G1 Evacuation Pause) 393M->96M(512M) 2.784ms
[2025-08-28T13:00:34.521+0000][1088069][info ][gc,cpu      ] GC(36) User=0.01s Sys=0.00s Real=0.01s
[2025-08-28T13:00:34.521+0000][1088069][info ][safepoint   ] Safepoint "G1CollectForAllocation", Time since last: 882053942 ns, Reaching safepoint: 54081 ns, Cleanup: 6070 ns, At safepoint: 2881029 ns, Total: 2941180 ns
[2025-08-28T13:00:36.093+0000][1088069][info ][safepoint   ] Safepoint "Cleanup", Time since last: 1571984960 ns, Reaching safepoint: 17125 ns, Cleanup: 14742 ns, At safepoint: 3055 ns, Total: 34922 ns
[2025-08-28T13:00:37.599+0000][1088069][info ][gc,start    ] GC(37) Pause Young (Normal) (G1 Evacuation Pause)
[2025-08-28T13:00:37.599+0000][1088069][info ][gc,task     ] GC(37) Using 12 workers of 33 for evacuation
[2025-08-28T13:00:37.599+0000][1088069][debug][gc,age      ] GC(37) Desired survivor size 20971520 bytes, new threshold 15 (max threshold 15)
[2025-08-28T13:00:37.602+0000][1088069][info ][gc,phases   ] GC(37)   Pre Evacuate Collection Set: 0.2ms
[2025-08-28T13:00:37.602+0000][1088069][info ][gc,phases   ] GC(37)   Merge Heap Roots: 0.1ms
[2025-08-28T13:00:37.602+0000][1088069][info ][gc,phases   ] GC(37)   Evacuate Collection Set: 2.0ms
[2025-08-28T13:00:37.602+0000][1088069][info ][gc,phases   ] GC(37)   Post Evacuate Collection Set: 0.5ms
[2025-08-28T13:00:37.602+0000][1088069][info ][gc,phases   ] GC(37)   Other: 0.1ms
[2025-08-28T13:00:37.602+0000][1088069][trace][gc,age      ] GC(37) Age table with threshold 15 (max threshold 15)
[2025-08-28T13:00:37.602+0000][1088069][trace][gc,age      ] GC(37) - age   1:     189288 bytes,     189288 total
[2025-08-28T13:00:37.602+0000][1088069][trace][gc,age      ] GC(37) - age   2:       1184 bytes,     190472 total
[2025-08-28T13:00:37.602+0000][1088069][trace][gc,age      ] GC(37) - age   3:        768 bytes,     191240 total
[2025-08-28T13:00:37.602+0000][1088069][trace][gc,age      ] GC(37) - age   5:       1216 bytes,     192456 total
[2025-08-28T13:00:37.602+0000][1088069][trace][gc,age      ] GC(37) - age   6:     110368 bytes,     302824 total
[2025-08-28T13:00:37.602+0000][1088069][trace][gc,age      ] GC(37) - age   7:        696 bytes,     303520 total
[2025-08-28T13:00:37.602+0000][1088069][trace][gc,age      ] GC(37) - age   8:        592 bytes,     304112 total
[2025-08-28T13:00:37.602+0000][1088069][trace][gc,age      ] GC(37) - age   9:         80 bytes,     304192 total
[2025-08-28T13:00:37.602+0000][1088069][trace][gc,age      ] GC(37) - age  10:        736 bytes,     304928 total
[2025-08-28T13:00:37.602+0000][1088069][trace][gc,age      ] GC(37) - age  11:        128 bytes,     305056 total
[2025-08-28T13:00:37.602+0000][1088069][trace][gc,age      ] GC(37) - age  12:         32 bytes,     305088 total
[2025-08-28T13:00:37.602+0000][1088069][trace][gc,age      ] GC(37) - age  13:    2596976 bytes,    2902064 total
[2025-08-28T13:00:37.602+0000][1088069][trace][gc,age      ] GC(37) - age  14:       4400 bytes,    2906464 total
[2025-08-28T13:00:37.602+0000][1088069][trace][gc,age      ] GC(37) - age  15:       1424 bytes,    2907888 total
[2025-08-28T13:00:37.602+0000][1088069][info ][gc,heap     ] GC(37) Eden regions: 75->0(75)
[2025-08-28T13:00:37.602+0000][1088069][info ][gc,heap     ] GC(37) Survivor regions: 1->1(10)
[2025-08-28T13:00:37.602+0000][1088069][info ][gc,heap     ] GC(37) Old regions: 24->24
[2025-08-28T13:00:37.602+0000][1088069][info ][gc,heap     ] GC(37) Humongous regions: 0->0
[2025-08-28T13:00:37.602+0000][1088069][info ][gc,metaspace] GC(37) Metaspace: 140721K(144640K)->140721K(144640K) NonClass: 121444K(123520K)->121444K(123520K) Class: 19276K(21120K)->19276K(21120K)
[2025-08-28T13:00:37.602+0000][1088069][info ][gc          ] GC(37) Pause Young (Normal) (G1 Evacuation Pause) 396M->96M(512M) 3.011ms
[2025-08-28T13:00:37.602+0000][1088069][info ][gc,cpu      ] GC(37) User=0.01s Sys=0.00s Real=0.01s
[2025-08-28T13:00:37.602+0000][1088069][info ][safepoint   ] Safepoint "G1CollectForAllocation", Time since last: 1506060584 ns, Reaching safepoint: 18008 ns, Cleanup: 20010 ns, At safepoint: 3108551 ns, Total: 3146569 ns
[2025-08-28T13:00:40.524+0000][1088069][info ][gc,start    ] GC(38) Pause Young (Normal) (G1 Evacuation Pause)
[2025-08-28T13:00:40.524+0000][1088069][info ][gc,task     ] GC(38) Using 12 workers of 33 for evacuation
[2025-08-28T13:00:40.524+0000][1088069][debug][gc,age      ] GC(38) Desired survivor size 20971520 bytes, new threshold 15 (max threshold 15)
[2025-08-28T13:00:40.527+0000][1088069][info ][gc,phases   ] GC(38)   Pre Evacuate Collection Set: 0.2ms
[2025-08-28T13:00:40.527+0000][1088069][info ][gc,phases   ] GC(38)   Merge Heap Roots: 0.1ms
[2025-08-28T13:00:40.527+0000][1088069][info ][gc,phases   ] GC(38)   Evacuate Collection Set: 2.2ms
[2025-08-28T13:00:40.527+0000][1088069][info ][gc,phases   ] GC(38)   Post Evacuate Collection Set: 0.5ms
[2025-08-28T13:00:40.527+0000][1088069][info ][gc,phases   ] GC(38)   Other: 0.1ms
[2025-08-28T13:00:40.527+0000][1088069][trace][gc,age      ] GC(38) Age table with threshold 15 (max threshold 15)
[2025-08-28T13:00:40.527+0000][1088069][trace][gc,age      ] GC(38) - age   1:       7248 bytes,       7248 total
[2025-08-28T13:00:40.527+0000][1088069][trace][gc,age      ] GC(38) - age   2:       1400 bytes,       8648 total
[2025-08-28T13:00:40.527+0000][1088069][trace][gc,age      ] GC(38) - age   3:        472 bytes,       9120 total
[2025-08-28T13:00:40.527+0000][1088069][trace][gc,age      ] GC(38) - age   4:        768 bytes,       9888 total
[2025-08-28T13:00:40.527+0000][1088069][trace][gc,age      ] GC(38) - age   6:       1216 bytes,      11104 total
[2025-08-28T13:00:40.527+0000][1088069][trace][gc,age      ] GC(38) - age   7:     110368 bytes,     121472 total
[2025-08-28T13:00:40.527+0000][1088069][trace][gc,age      ] GC(38) - age   8:        472 bytes,     121944 total
[2025-08-28T13:00:40.527+0000][1088069][trace][gc,age      ] GC(38) - age   9:        592 bytes,     122536 total
[2025-08-28T13:00:40.527+0000][1088069][trace][gc,age      ] GC(38) - age  10:         80 bytes,     122616 total
[2025-08-28T13:00:40.527+0000][1088069][trace][gc,age      ] GC(38) - age  11:        736 bytes,     123352 total
[2025-08-28T13:00:40.527+0000][1088069][trace][gc,age      ] GC(38) - age  12:        128 bytes,     123480 total
[2025-08-28T13:00:40.527+0000][1088069][trace][gc,age      ] GC(38) - age  13:         32 bytes,     123512 total
[2025-08-28T13:00:40.527+0000][1088069][trace][gc,age      ] GC(38) - age  14:    2596976 bytes,    2720488 total
[2025-08-28T13:00:40.527+0000][1088069][trace][gc,age      ] GC(38) - age  15:       4400 bytes,    2724888 total
[2025-08-28T13:00:40.527+0000][1088069][info ][gc,heap     ] GC(38) Eden regions: 75->0(75)
[2025-08-28T13:00:40.527+0000][1088069][info ][gc,heap     ] GC(38) Survivor regions: 1->1(10)
[2025-08-28T13:00:40.527+0000][1088069][info ][gc,heap     ] GC(38) Old regions: 24->24
[2025-08-28T13:00:40.527+0000][1088069][info ][gc,heap     ] GC(38) Humongous regions: 0->0
[2025-08-28T13:00:40.527+0000][1088069][info ][gc,metaspace] GC(38) Metaspace: 140726K(144704K)->140726K(144704K) NonClass: 121449K(123584K)->121449K(123584K) Class: 19276K(21120K)->19276K(21120K)
[2025-08-28T13:00:40.528+0000][1088069][info ][gc          ] GC(38) Pause Young (Normal) (G1 Evacuation Pause) 396M->96M(512M) 3.190ms
[2025-08-28T13:00:40.528+0000][1088069][info ][gc,cpu      ] GC(38) User=0.01s Sys=0.02s Real=0.00s
[2025-08-28T13:00:40.528+0000][1088069][info ][safepoint   ] Safepoint "G1CollectForAllocation", Time since last: 2921790988 ns, Reaching safepoint: 53961 ns, Cleanup: 24707 ns, At safepoint: 3285978 ns, Total: 3364646 ns
[2025-08-28T13:00:41.528+0000][1088069][info ][safepoint   ] Safepoint "Cleanup", Time since last: 1000082335 ns, Reaching safepoint: 16746 ns, Cleanup: 18557 ns, At safepoint: 3115 ns, Total: 38418 ns
[2025-08-28T13:00:43.462+0000][1088069][info ][gc,start    ] GC(39) Pause Young (Normal) (G1 Evacuation Pause)
[2025-08-28T13:00:43.462+0000][1088069][info ][gc,task     ] GC(39) Using 12 workers of 33 for evacuation
[2025-08-28T13:00:43.462+0000][1088069][debug][gc,age      ] GC(39) Desired survivor size 20971520 bytes, new threshold 15 (max threshold 15)
[2025-08-28T13:00:43.466+0000][1088069][info ][gc,phases   ] GC(39)   Pre Evacuate Collection Set: 0.1ms
[2025-08-28T13:00:43.466+0000][1088069][info ][gc,phases   ] GC(39)   Merge Heap Roots: 0.1ms
[2025-08-28T13:00:43.466+0000][1088069][info ][gc,phases   ] GC(39)   Evacuate Collection Set: 2.4ms
[2025-08-28T13:00:43.466+0000][1088069][info ][gc,phases   ] GC(39)   Post Evacuate Collection Set: 0.5ms
[2025-08-28T13:00:43.466+0000][1088069][info ][gc,phases   ] GC(39)   Other: 0.1ms
[2025-08-28T13:00:43.466+0000][1088069][trace][gc,age      ] GC(39) Age table with threshold 15 (max threshold 15)
[2025-08-28T13:00:43.466+0000][1088069][trace][gc,age      ] GC(39) - age   1:     404600 bytes,     404600 total
[2025-08-28T13:00:43.466+0000][1088069][trace][gc,age      ] GC(39) - age   2:        968 bytes,     405568 total
[2025-08-28T13:00:43.466+0000][1088069][trace][gc,age      ] GC(39) - age   3:       1400 bytes,     406968 total
[2025-08-28T13:00:43.466+0000][1088069][trace][gc,age      ] GC(39) - age   4:        472 bytes,     407440 total
[2025-08-28T13:00:43.466+0000][1088069][trace][gc,age      ] GC(39) - age   5:        528 bytes,     407968 total
[2025-08-28T13:00:43.466+0000][1088069][trace][gc,age      ] GC(39) - age   7:       1216 bytes,     409184 total
[2025-08-28T13:00:43.466+0000][1088069][trace][gc,age      ] GC(39) - age   8:     110368 bytes,     519552 total
[2025-08-28T13:00:43.466+0000][1088069][trace][gc,age      ] GC(39) - age   9:        472 bytes,     520024 total
[2025-08-28T13:00:43.466+0000][1088069][trace][gc,age      ] GC(39) - age  10:        592 bytes,     520616 total
[2025-08-28T13:00:43.466+0000][1088069][trace][gc,age      ] GC(39) - age  11:         80 bytes,     520696 total
[2025-08-28T13:00:43.466+0000][1088069][trace][gc,age      ] GC(39) - age  12:        736 bytes,     521432 total
[2025-08-28T13:00:43.466+0000][1088069][trace][gc,age      ] GC(39) - age  13:        128 bytes,     521560 total
[2025-08-28T13:00:43.466+0000][1088069][trace][gc,age      ] GC(39) - age  14:         32 bytes,     521592 total
[2025-08-28T13:00:43.466+0000][1088069][trace][gc,age      ] GC(39) - age  15:    2596976 bytes,    3118568 total
[2025-08-28T13:00:43.466+0000][1088069][info ][gc,heap     ] GC(39) Eden regions: 75->0(75)
[2025-08-28T13:00:43.466+0000][1088069][info ][gc,heap     ] GC(39) Survivor regions: 1->1(10)
[2025-08-28T13:00:43.466+0000][1088069][info ][gc,heap     ] GC(39) Old regions: 24->24
[2025-08-28T13:00:43.466+0000][1088069][info ][gc,heap     ] GC(39) Humongous regions: 0->0
[2025-08-28T13:00:43.466+0000][1088069][info ][gc,metaspace] GC(39) Metaspace: 140729K(144704K)->140729K(144704K) NonClass: 121453K(123584K)->121453K(123584K) Class: 19276K(21120K)->19276K(21120K)
[2025-08-28T13:00:43.466+0000][1088069][info ][gc          ] GC(39) Pause Young (Normal) (G1 Evacuation Pause) 396M->96M(512M) 3.702ms
[2025-08-28T13:00:43.466+0000][1088069][info ][gc,cpu      ] GC(39) User=0.01s Sys=0.00s Real=0.00s
[2025-08-28T13:00:43.466+0000][1088069][info ][safepoint   ] Safepoint "G1CollectForAllocation", Time since last: 1934128677 ns, Reaching safepoint: 209355 ns, Cleanup: 6309 ns, At safepoint: 3797076 ns, Total: 4012740 ns
[2025-08-28T13:00:45.620+0000][1088069][info ][safepoint   ] Safepoint "Cleanup", Time since last: 2153721011 ns, Reaching safepoint: 133110 ns, Cleanup: 15694 ns, At safepoint: 3355 ns, Total: 152159 ns
[2025-08-28T13:00:46.358+0000][1088069][info ][gc,start    ] GC(40) Pause Young (Normal) (G1 Evacuation Pause)
[2025-08-28T13:00:46.358+0000][1088069][info ][gc,task     ] GC(40) Using 12 workers of 33 for evacuation
[2025-08-28T13:00:46.358+0000][1088069][debug][gc,age      ] GC(40) Desired survivor size 20971520 bytes, new threshold 15 (max threshold 15)
[2025-08-28T13:00:46.361+0000][1088069][info ][gc,phases   ] GC(40)   Pre Evacuate Collection Set: 0.2ms
[2025-08-28T13:00:46.361+0000][1088069][info ][gc,phases   ] GC(40)   Merge Heap Roots: 0.1ms
[2025-08-28T13:00:46.361+0000][1088069][info ][gc,phases   ] GC(40)   Evacuate Collection Set: 2.0ms
[2025-08-28T13:00:46.361+0000][1088069][info ][gc,phases   ] GC(40)   Post Evacuate Collection Set: 0.5ms
[2025-08-28T13:00:46.361+0000][1088069][info ][gc,phases   ] GC(40)   Other: 0.1ms
[2025-08-28T13:00:46.361+0000][1088069][trace][gc,age      ] GC(40) Age table with threshold 15 (max threshold 15)
[2025-08-28T13:00:46.361+0000][1088069][trace][gc,age      ] GC(40) - age   1:       7264 bytes,       7264 total
[2025-08-28T13:00:46.361+0000][1088069][trace][gc,age      ] GC(40) - age   2:        344 bytes,       7608 total
[2025-08-28T13:00:46.361+0000][1088069][trace][gc,age      ] GC(40) - age   3:        256 bytes,       7864 total
[2025-08-28T13:00:46.361+0000][1088069][trace][gc,age      ] GC(40) - age   4:       1400 bytes,       9264 total
[2025-08-28T13:00:46.361+0000][1088069][trace][gc,age      ] GC(40) - age   5:        472 bytes,       9736 total
[2025-08-28T13:00:46.361+0000][1088069][trace][gc,age      ] GC(40) - age   6:        528 bytes,      10264 total
[2025-08-28T13:00:46.361+0000][1088069][trace][gc,age      ] GC(40) - age   8:       1216 bytes,      11480 total
[2025-08-28T13:00:46.361+0000][1088069][trace][gc,age      ] GC(40) - age   9:     110368 bytes,     121848 total
[2025-08-28T13:00:46.361+0000][1088069][trace][gc,age      ] GC(40) - age  10:        472 bytes,     122320 total
[2025-08-28T13:00:46.361+0000][1088069][trace][gc,age      ] GC(40) - age  11:        592 bytes,     122912 total
[2025-08-28T13:00:46.361+0000][1088069][trace][gc,age      ] GC(40) - age  12:         80 bytes,     122992 total
[2025-08-28T13:00:46.361+0000][1088069][trace][gc,age      ] GC(40) - age  13:        456 bytes,     123448 total
[2025-08-28T13:00:46.361+0000][1088069][trace][gc,age      ] GC(40) - age  14:        128 bytes,     123576 total
[2025-08-28T13:00:46.361+0000][1088069][trace][gc,age      ] GC(40) - age  15:         32 bytes,     123608 total
[2025-08-28T13:00:46.361+0000][1088069][info ][gc,heap     ] GC(40) Eden regions: 75->0(75)
[2025-08-28T13:00:46.361+0000][1088069][info ][gc,heap     ] GC(40) Survivor regions: 1->1(10)
[2025-08-28T13:00:46.361+0000][1088069][info ][gc,heap     ] GC(40) Old regions: 24->25
[2025-08-28T13:00:46.361+0000][1088069][info ][gc,heap     ] GC(40) Humongous regions: 0->0
[2025-08-28T13:00:46.361+0000][1088069][info ][gc,metaspace] GC(40) Metaspace: 140730K(144704K)->140730K(144704K) NonClass: 121453K(123584K)->121453K(123584K) Class: 19276K(21120K)->19276K(21120K)
[2025-08-28T13:00:46.361+0000][1088069][info ][gc          ] GC(40) Pause Young (Normal) (G1 Evacuation Pause) 396M->96M(512M) 3.005ms
[2025-08-28T13:00:46.361+0000][1088069][info ][gc,cpu      ] GC(40) User=0.02s Sys=0.00s Real=0.01s
[2025-08-28T13:00:46.361+0000][1088069][info ][safepoint   ] Safepoint "G1CollectForAllocation", Time since last: 738554394 ns, Reaching safepoint: 16405 ns, Cleanup: 6149 ns, At safepoint: 3103614 ns, Total: 3126168 ns
[2025-08-28T13:00:48.362+0000][1088069][info ][safepoint   ] Safepoint "Cleanup", Time since last: 2000187234 ns, Reaching safepoint: 16715 ns, Cleanup: 30015 ns, At safepoint: 3315 ns, Total: 50045 ns
[2025-08-28T13:00:49.283+0000][1088069][info ][gc,start    ] GC(41) Pause Young (Normal) (G1 Evacuation Pause)
[2025-08-28T13:00:49.284+0000][1088069][info ][gc,task     ] GC(41) Using 12 workers of 33 for evacuation
[2025-08-28T13:00:49.284+0000][1088069][debug][gc,age      ] GC(41) Desired survivor size 20971520 bytes, new threshold 15 (max threshold 15)
[2025-08-28T13:00:49.286+0000][1088069][info ][gc,phases   ] GC(41)   Pre Evacuate Collection Set: 0.2ms
[2025-08-28T13:00:49.286+0000][1088069][info ][gc,phases   ] GC(41)   Merge Heap Roots: 0.1ms
[2025-08-28T13:00:49.286+0000][1088069][info ][gc,phases   ] GC(41)   Evacuate Collection Set: 1.4ms
[2025-08-28T13:00:49.286+0000][1088069][info ][gc,phases   ] GC(41)   Post Evacuate Collection Set: 0.5ms
[2025-08-28T13:00:49.286+0000][1088069][info ][gc,phases   ] GC(41)   Other: 0.1ms
[2025-08-28T13:00:49.286+0000][1088069][trace][gc,age      ] GC(41) Age table with threshold 15 (max threshold 15)
[2025-08-28T13:00:49.286+0000][1088069][trace][gc,age      ] GC(41) - age   1:       7368 bytes,       7368 total
[2025-08-28T13:00:49.286+0000][1088069][trace][gc,age      ] GC(41) - age   2:        272 bytes,       7640 total
[2025-08-28T13:00:49.286+0000][1088069][trace][gc,age      ] GC(41) - age   3:        344 bytes,       7984 total
[2025-08-28T13:00:49.286+0000][1088069][trace][gc,age      ] GC(41) - age   4:        256 bytes,       8240 total
[2025-08-28T13:00:49.286+0000][1088069][trace][gc,age      ] GC(41) - age   5:       1400 bytes,       9640 total
[2025-08-28T13:00:49.286+0000][1088069][trace][gc,age      ] GC(41) - age   6:        472 bytes,      10112 total
[2025-08-28T13:00:49.286+0000][1088069][trace][gc,age      ] GC(41) - age   7:        528 bytes,      10640 total
[2025-08-28T13:00:49.286+0000][1088069][trace][gc,age      ] GC(41) - age   9:       1216 bytes,      11856 total
[2025-08-28T13:00:49.286+0000][1088069][trace][gc,age      ] GC(41) - age  10:     110120 bytes,     121976 total
[2025-08-28T13:00:49.286+0000][1088069][trace][gc,age      ] GC(41) - age  11:        296 bytes,     122272 total
[2025-08-28T13:00:49.286+0000][1088069][trace][gc,age      ] GC(41) - age  12:        592 bytes,     122864 total
[2025-08-28T13:00:49.286+0000][1088069][trace][gc,age      ] GC(41) - age  13:         80 bytes,     122944 total
[2025-08-28T13:00:49.286+0000][1088069][trace][gc,age      ] GC(41) - age  14:        456 bytes,     123400 total
[2025-08-28T13:00:49.286+0000][1088069][trace][gc,age      ] GC(41) - age  15:        128 bytes,     123528 total
[2025-08-28T13:00:49.286+0000][1088069][info ][gc,heap     ] GC(41) Eden regions: 75->0(75)
[2025-08-28T13:00:49.286+0000][1088069][info ][gc,heap     ] GC(41) Survivor regions: 1->1(10)
[2025-08-28T13:00:49.286+0000][1088069][info ][gc,heap     ] GC(41) Old regions: 25->25
[2025-08-28T13:00:49.286+0000][1088069][info ][gc,heap     ] GC(41) Humongous regions: 0->0
[2025-08-28T13:00:49.286+0000][1088069][info ][gc,metaspace] GC(41) Metaspace: 140730K(144704K)->140730K(144704K) NonClass: 121454K(123584K)->121454K(123584K) Class: 19276K(21120K)->19276K(21120K)
[2025-08-28T13:00:49.286+0000][1088069][info ][gc          ] GC(41) Pause Young (Normal) (G1 Evacuation Pause) 396M->96M(512M) 2.449ms
[2025-08-28T13:00:49.286+0000][1088069][info ][gc,cpu      ] GC(41) User=0.01s Sys=0.00s Real=0.00s
[2025-08-28T13:00:49.286+0000][1088069][info ][safepoint   ] Safepoint "G1CollectForAllocation", Time since last: 921741371 ns, Reaching safepoint: 16545 ns, Cleanup: 15523 ns, At safepoint: 2598555 ns, Total: 2630623 ns
[2025-08-28T13:00:51.384+0000][1088069][info ][safepoint   ] Safepoint "Cleanup", Time since last: 2097780879 ns, Reaching safepoint: 16936 ns, Cleanup: 26920 ns, At safepoint: 3295 ns, Total: 47151 ns
[2025-08-28T13:00:52.384+0000][1088069][info ][safepoint   ] Safepoint "Cleanup", Time since last: 1000130778 ns, Reaching safepoint: 16625 ns, Cleanup: 32820 ns, At safepoint: 3385 ns, Total: 52830 ns
[2025-08-28T13:00:52.538+0000][1088069][info ][gc,start    ] GC(42) Pause Young (Normal) (G1 Evacuation Pause)
[2025-08-28T13:00:52.539+0000][1088069][info ][gc,task     ] GC(42) Using 12 workers of 33 for evacuation
[2025-08-28T13:00:52.539+0000][1088069][debug][gc,age      ] GC(42) Desired survivor size 20971520 bytes, new threshold 15 (max threshold 15)
[2025-08-28T13:00:52.541+0000][1088069][info ][gc,phases   ] GC(42)   Pre Evacuate Collection Set: 0.2ms
[2025-08-28T13:00:52.541+0000][1088069][info ][gc,phases   ] GC(42)   Merge Heap Roots: 0.1ms
[2025-08-28T13:00:52.541+0000][1088069][info ][gc,phases   ] GC(42)   Evacuate Collection Set: 1.4ms
[2025-08-28T13:00:52.541+0000][1088069][info ][gc,phases   ] GC(42)   Post Evacuate Collection Set: 0.5ms
[2025-08-28T13:00:52.541+0000][1088069][info ][gc,phases   ] GC(42)   Other: 0.1ms
[2025-08-28T13:00:52.541+0000][1088069][trace][gc,age      ] GC(42) Age table with threshold 15 (max threshold 15)
[2025-08-28T13:00:52.541+0000][1088069][trace][gc,age      ] GC(42) - age   1:     699000 bytes,     699000 total
[2025-08-28T13:00:52.541+0000][1088069][trace][gc,age      ] GC(42) - age   2:       1088 bytes,     700088 total
[2025-08-28T13:00:52.541+0000][1088069][trace][gc,age      ] GC(42) - age   3:        272 bytes,     700360 total
[2025-08-28T13:00:52.541+0000][1088069][trace][gc,age      ] GC(42) - age   4:        104 bytes,     700464 total
[2025-08-28T13:00:52.541+0000][1088069][trace][gc,age      ] GC(42) - age   5:        256 bytes,     700720 total
[2025-08-28T13:00:52.541+0000][1088069][trace][gc,age      ] GC(42) - age   6:        952 bytes,     701672 total
[2025-08-28T13:00:52.541+0000][1088069][trace][gc,age      ] GC(42) - age   7:        472 bytes,     702144 total
[2025-08-28T13:00:52.541+0000][1088069][trace][gc,age      ] GC(42) - age   8:        528 bytes,     702672 total
[2025-08-28T13:00:52.541+0000][1088069][trace][gc,age      ] GC(42) - age  10:       1216 bytes,     703888 total
[2025-08-28T13:00:52.541+0000][1088069][trace][gc,age      ] GC(42) - age  11:     103200 bytes,     807088 total
[2025-08-28T13:00:52.541+0000][1088069][trace][gc,age      ] GC(42) - age  12:        296 bytes,     807384 total
[2025-08-28T13:00:52.541+0000][1088069][trace][gc,age      ] GC(42) - age  13:        592 bytes,     807976 total
[2025-08-28T13:00:52.541+0000][1088069][trace][gc,age      ] GC(42) - age  14:         80 bytes,     808056 total
[2025-08-28T13:00:52.541+0000][1088069][trace][gc,age      ] GC(42) - age  15:        456 bytes,     808512 total
[2025-08-28T13:00:52.541+0000][1088069][info ][gc,heap     ] GC(42) Eden regions: 75->0(75)
[2025-08-28T13:00:52.541+0000][1088069][info ][gc,heap     ] GC(42) Survivor regions: 1->1(10)
[2025-08-28T13:00:52.541+0000][1088069][info ][gc,heap     ] GC(42) Old regions: 25->25
[2025-08-28T13:00:52.541+0000][1088069][info ][gc,heap     ] GC(42) Humongous regions: 0->0
[2025-08-28T13:00:52.541+0000][1088069][info ][gc,metaspace] GC(42) Metaspace: 140734K(144704K)->140734K(144704K) NonClass: 121458K(123584K)->121458K(123584K) Class: 19276K(21120K)->19276K(21120K)
[2025-08-28T13:00:52.541+0000][1088069][info ][gc          ] GC(42) Pause Young (Normal) (G1 Evacuation Pause) 396M->97M(512M) 2.351ms
[2025-08-28T13:00:52.541+0000][1088069][info ][gc,cpu      ] GC(42) User=0.01s Sys=0.00s Real=0.01s
[2025-08-28T13:00:52.541+0000][1088069][info ][safepoint   ] Safepoint "G1CollectForAllocation", Time since last: 154366157 ns, Reaching safepoint: 17046 ns, Cleanup: 27531 ns, At safepoint: 2447879 ns, Total: 2492456 ns
[2025-08-28T13:00:54.541+0000][1088069][info ][safepoint   ] Safepoint "Cleanup", Time since last: 2000179222 ns, Reaching safepoint: 17065 ns, Cleanup: 15303 ns, At safepoint: 3305 ns, Total: 35673 ns
[2025-08-28T13:00:55.470+0000][1088069][info ][gc,start    ] GC(43) Pause Young (Normal) (G1 Evacuation Pause)
[2025-08-28T13:00:55.471+0000][1088069][info ][gc,task     ] GC(43) Using 12 workers of 33 for evacuation
[2025-08-28T13:00:55.471+0000][1088069][debug][gc,age      ] GC(43) Desired survivor size 20971520 bytes, new threshold 15 (max threshold 15)
[2025-08-28T13:00:55.472+0000][1088069][info ][gc,phases   ] GC(43)   Pre Evacuate Collection Set: 0.2ms
[2025-08-28T13:00:55.472+0000][1088069][info ][gc,phases   ] GC(43)   Merge Heap Roots: 0.1ms
[2025-08-28T13:00:55.472+0000][1088069][info ][gc,phases   ] GC(43)   Evacuate Collection Set: 1.2ms
[2025-08-28T13:00:55.472+0000][1088069][info ][gc,phases   ] GC(43)   Post Evacuate Collection Set: 0.5ms
[2025-08-28T13:00:55.472+0000][1088069][info ][gc,phases   ] GC(43)   Other: 0.1ms
[2025-08-28T13:00:55.472+0000][1088069][trace][gc,age      ] GC(43) Age table with threshold 15 (max threshold 15)
[2025-08-28T13:00:55.472+0000][1088069][trace][gc,age      ] GC(43) - age   1:       7304 bytes,       7304 total
[2025-08-28T13:00:55.472+0000][1088069][trace][gc,age      ] GC(43) - age   2:       8992 bytes,      16296 total
[2025-08-28T13:00:55.472+0000][1088069][trace][gc,age      ] GC(43) - age   3:        376 bytes,      16672 total
[2025-08-28T13:00:55.472+0000][1088069][trace][gc,age      ] GC(43) - age   4:        272 bytes,      16944 total
[2025-08-28T13:00:55.472+0000][1088069][trace][gc,age      ] GC(43) - age   5:        104 bytes,      17048 total
[2025-08-28T13:00:55.472+0000][1088069][trace][gc,age      ] GC(43) - age   6:        256 bytes,      17304 total
[2025-08-28T13:00:55.472+0000][1088069][trace][gc,age      ] GC(43) - age   7:        952 bytes,      18256 total
[2025-08-28T13:00:55.472+0000][1088069][trace][gc,age      ] GC(43) - age   8:        472 bytes,      18728 total
[2025-08-28T13:00:55.472+0000][1088069][trace][gc,age      ] GC(43) - age   9:        528 bytes,      19256 total
[2025-08-28T13:00:55.472+0000][1088069][trace][gc,age      ] GC(43) - age  11:       1216 bytes,      20472 total
[2025-08-28T13:00:55.473+0000][1088069][trace][gc,age      ] GC(43) - age  12:     102832 bytes,     123304 total
[2025-08-28T13:00:55.473+0000][1088069][trace][gc,age      ] GC(43) - age  13:        296 bytes,     123600 total
[2025-08-28T13:00:55.473+0000][1088069][trace][gc,age      ] GC(43) - age  14:        592 bytes,     124192 total
[2025-08-28T13:00:55.473+0000][1088069][trace][gc,age      ] GC(43) - age  15:         80 bytes,     124272 total
[2025-08-28T13:00:55.473+0000][1088069][info ][gc,heap     ] GC(43) Eden regions: 75->0(75)
[2025-08-28T13:00:55.473+0000][1088069][info ][gc,heap     ] GC(43) Survivor regions: 1->1(10)
[2025-08-28T13:00:55.473+0000][1088069][info ][gc,heap     ] GC(43) Old regions: 25->25
[2025-08-28T13:00:55.473+0000][1088069][info ][gc,heap     ] GC(43) Humongous regions: 0->0
[2025-08-28T13:00:55.473+0000][1088069][info ][gc,metaspace] GC(43) Metaspace: 140735K(144704K)->140735K(144704K) NonClass: 121458K(123584K)->121458K(123584K) Class: 19276K(21120K)->19276K(21120K)
[2025-08-28T13:00:55.473+0000][1088069][info ][gc          ] GC(43) Pause Young (Normal) (G1 Evacuation Pause) 397M->96M(512M) 2.089ms
[2025-08-28T13:00:55.473+0000][1088069][info ][gc,cpu      ] GC(43) User=0.01s Sys=0.01s Real=0.01s
[2025-08-28T13:00:55.473+0000][1088069][info ][safepoint   ] Safepoint "G1CollectForAllocation", Time since last: 929271968 ns, Reaching safepoint: 52028 ns, Cleanup: 16054 ns, At safepoint: 2205254 ns, Total: 2273336 ns
[2025-08-28T13:00:57.473+0000][1088069][info ][safepoint   ] Safepoint "Cleanup", Time since last: 2000192192 ns, Reaching safepoint: 16685 ns, Cleanup: 15183 ns, At safepoint: 3264 ns, Total: 35132 ns
[2025-08-28T13:00:58.426+0000][1088069][info ][gc,start    ] GC(44) Pause Young (Normal) (G1 Evacuation Pause)
[2025-08-28T13:00:58.426+0000][1088069][info ][gc,task     ] GC(44) Using 12 workers of 33 for evacuation
[2025-08-28T13:00:58.426+0000][1088069][debug][gc,age      ] GC(44) Desired survivor size 20971520 bytes, new threshold 15 (max threshold 15)
[2025-08-28T13:00:58.429+0000][1088069][info ][gc,phases   ] GC(44)   Pre Evacuate Collection Set: 0.2ms
[2025-08-28T13:00:58.429+0000][1088069][info ][gc,phases   ] GC(44)   Merge Heap Roots: 0.1ms
[2025-08-28T13:00:58.429+0000][1088069][info ][gc,phases   ] GC(44)   Evacuate Collection Set: 2.0ms
[2025-08-28T13:00:58.429+0000][1088069][info ][gc,phases   ] GC(44)   Post Evacuate Collection Set: 0.5ms
[2025-08-28T13:00:58.429+0000][1088069][info ][gc,phases   ] GC(44)   Other: 0.1ms
[2025-08-28T13:00:58.429+0000][1088069][trace][gc,age      ] GC(44) Age table with threshold 15 (max threshold 15)
[2025-08-28T13:00:58.429+0000][1088069][trace][gc,age      ] GC(44) - age   1:     109720 bytes,     109720 total
[2025-08-28T13:00:58.429+0000][1088069][trace][gc,age      ] GC(44) - age   2:       1112 bytes,     110832 total
[2025-08-28T13:00:58.429+0000][1088069][trace][gc,age      ] GC(44) - age   3:       8992 bytes,     119824 total
[2025-08-28T13:00:58.429+0000][1088069][trace][gc,age      ] GC(44) - age   4:        376 bytes,     120200 total
[2025-08-28T13:00:58.429+0000][1088069][trace][gc,age      ] GC(44) - age   5:        272 bytes,     120472 total
[2025-08-28T13:00:58.429+0000][1088069][trace][gc,age      ] GC(44) - age   6:        104 bytes,     120576 total
[2025-08-28T13:00:58.429+0000][1088069][trace][gc,age      ] GC(44) - age   7:        256 bytes,     120832 total
[2025-08-28T13:00:58.429+0000][1088069][trace][gc,age      ] GC(44) - age   8:        952 bytes,     121784 total
[2025-08-28T13:00:58.429+0000][1088069][trace][gc,age      ] GC(44) - age   9:        472 bytes,     122256 total
[2025-08-28T13:00:58.429+0000][1088069][trace][gc,age      ] GC(44) - age  10:        528 bytes,     122784 total
[2025-08-28T13:00:58.429+0000][1088069][trace][gc,age      ] GC(44) - age  12:       1216 bytes,     124000 total
[2025-08-28T13:00:58.429+0000][1088069][trace][gc,age      ] GC(44) - age  13:     102832 bytes,     226832 total
[2025-08-28T13:00:58.429+0000][1088069][trace][gc,age      ] GC(44) - age  14:        296 bytes,     227128 total
[2025-08-28T13:00:58.429+0000][1088069][trace][gc,age      ] GC(44) - age  15:        592 bytes,     227720 total
[2025-08-28T13:00:58.429+0000][1088069][info ][gc,heap     ] GC(44) Eden regions: 75->0(75)
[2025-08-28T13:00:58.429+0000][1088069][info ][gc,heap     ] GC(44) Survivor regions: 1->1(10)
[2025-08-28T13:00:58.429+0000][1088069][info ][gc,heap     ] GC(44) Old regions: 25->25
[2025-08-28T13:00:58.429+0000][1088069][info ][gc,heap     ] GC(44) Humongous regions: 0->0
[2025-08-28T13:00:58.429+0000][1088069][info ][gc,metaspace] GC(44) Metaspace: 140744K(144704K)->140744K(144704K) NonClass: 121468K(123584K)->121468K(123584K) Class: 19276K(21120K)->19276K(21120K)
[2025-08-28T13:00:58.429+0000][1088069][info ][gc          ] GC(44) Pause Young (Normal) (G1 Evacuation Pause) 396M->96M(512M) 2.952ms
[2025-08-28T13:00:58.429+0000][1088069][info ][gc,cpu      ] GC(44) User=0.01s Sys=0.00s Real=0.00s
[2025-08-28T13:00:58.429+0000][1088069][info ][safepoint   ] Safepoint "G1CollectForAllocation", Time since last: 952612502 ns, Reaching safepoint: 208574 ns, Cleanup: 23545 ns, At safepoint: 3044705 ns, Total: 3276824 ns
[2025-08-28T13:00:59.429+0000][1088069][info ][safepoint   ] Safepoint "Cleanup", Time since last: 1000086391 ns, Reaching safepoint: 16766 ns, Cleanup: 15573 ns, At safepoint: 3355 ns, Total: 35694 ns
[2025-08-28T13:01:01.321+0000][1088069][info ][gc,start    ] GC(45) Pause Young (Normal) (G1 Evacuation Pause)
[2025-08-28T13:01:01.322+0000][1088069][info ][gc,task     ] GC(45) Using 12 workers of 33 for evacuation
[2025-08-28T13:01:01.322+0000][1088069][debug][gc,age      ] GC(45) Desired survivor size 20971520 bytes, new threshold 15 (max threshold 15)
[2025-08-28T13:01:01.324+0000][1088069][info ][gc,phases   ] GC(45)   Pre Evacuate Collection Set: 0.2ms
[2025-08-28T13:01:01.324+0000][1088069][info ][gc,phases   ] GC(45)   Merge Heap Roots: 0.1ms
[2025-08-28T13:01:01.324+0000][1088069][info ][gc,phases   ] GC(45)   Evacuate Collection Set: 1.6ms
[2025-08-28T13:01:01.324+0000][1088069][info ][gc,phases   ] GC(45)   Post Evacuate Collection Set: 0.4ms
[2025-08-28T13:01:01.324+0000][1088069][info ][gc,phases   ] GC(45)   Other: 0.1ms
[2025-08-28T13:01:01.324+0000][1088069][trace][gc,age      ] GC(45) Age table with threshold 15 (max threshold 15)
[2025-08-28T13:01:01.324+0000][1088069][trace][gc,age      ] GC(45) - age   1:       7456 bytes,       7456 total
[2025-08-28T13:01:01.324+0000][1088069][trace][gc,age      ] GC(45) - age   2:       2488 bytes,       9944 total
[2025-08-28T13:01:01.324+0000][1088069][trace][gc,age      ] GC(45) - age   3:        400 bytes,      10344 total
[2025-08-28T13:01:01.324+0000][1088069][trace][gc,age      ] GC(45) - age   4:       8752 bytes,      19096 total
[2025-08-28T13:01:01.324+0000][1088069][trace][gc,age      ] GC(45) - age   5:        376 bytes,      19472 total
[2025-08-28T13:01:01.324+0000][1088069][trace][gc,age      ] GC(45) - age   6:        272 bytes,      19744 total
[2025-08-28T13:01:01.324+0000][1088069][trace][gc,age      ] GC(45) - age   7:        104 bytes,      19848 total
[2025-08-28T13:01:01.324+0000][1088069][trace][gc,age      ] GC(45) - age   8:         32 bytes,      19880 total
[2025-08-28T13:01:01.324+0000][1088069][trace][gc,age      ] GC(45) - age   9:        952 bytes,      20832 total
[2025-08-28T13:01:01.324+0000][1088069][trace][gc,age      ] GC(45) - age  10:        472 bytes,      21304 total
[2025-08-28T13:01:01.324+0000][1088069][trace][gc,age      ] GC(45) - age  11:        528 bytes,      21832 total
[2025-08-28T13:01:01.324+0000][1088069][trace][gc,age      ] GC(45) - age  13:       1216 bytes,      23048 total
[2025-08-28T13:01:01.324+0000][1088069][trace][gc,age      ] GC(45) - age  14:     102832 bytes,     125880 total
[2025-08-28T13:01:01.324+0000][1088069][trace][gc,age      ] GC(45) - age  15:        296 bytes,     126176 total
[2025-08-28T13:01:01.324+0000][1088069][info ][gc,heap     ] GC(45) Eden regions: 75->0(75)
[2025-08-28T13:01:01.324+0000][1088069][info ][gc,heap     ] GC(45) Survivor regions: 1->1(10)
[2025-08-28T13:01:01.324+0000][1088069][info ][gc,heap     ] GC(45) Old regions: 25->25
[2025-08-28T13:01:01.324+0000][1088069][info ][gc,heap     ] GC(45) Humongous regions: 0->0
[2025-08-28T13:01:01.324+0000][1088069][info ][gc,metaspace] GC(45) Metaspace: 140750K(144704K)->140750K(144704K) NonClass: 121474K(123584K)->121474K(123584K) Class: 19276K(21120K)->19276K(21120K)
[2025-08-28T13:01:01.324+0000][1088069][info ][gc          ] GC(45) Pause Young (Normal) (G1 Evacuation Pause) 396M->96M(512M) 2.579ms
[2025-08-28T13:01:01.324+0000][1088069][info ][gc,cpu      ] GC(45) User=0.01s Sys=0.00s Real=0.00s
[2025-08-28T13:01:01.324+0000][1088069][info ][safepoint   ] Safepoint "G1CollectForAllocation", Time since last: 1892511966 ns, Reaching safepoint: 46410 ns, Cleanup: 5318 ns, At safepoint: 2668690 ns, Total: 2720418 ns
[2025-08-28T13:01:02.324+0000][1088069][info ][safepoint   ] Safepoint "Cleanup", Time since last: 1000090974 ns, Reaching safepoint: 16986 ns, Cleanup: 24286 ns, At safepoint: 3255 ns, Total: 44527 ns
[2025-08-28T13:01:03.324+0000][1088069][info ][safepoint   ] Safepoint "Cleanup", Time since last: 1000118896 ns, Reaching safepoint: 16966 ns, Cleanup: 23565 ns, At safepoint: 3265 ns, Total: 43796 ns
[2025-08-28T13:01:04.247+0000][1088069][info ][gc,start    ] GC(46) Pause Young (Normal) (G1 Evacuation Pause)
[2025-08-28T13:01:04.247+0000][1088069][info ][gc,task     ] GC(46) Using 12 workers of 33 for evacuation
[2025-08-28T13:01:04.247+0000][1088069][debug][gc,age      ] GC(46) Desired survivor size 20971520 bytes, new threshold 15 (max threshold 15)
[2025-08-28T13:01:04.249+0000][1088069][info ][gc,phases   ] GC(46)   Pre Evacuate Collection Set: 0.2ms
[2025-08-28T13:01:04.249+0000][1088069][info ][gc,phases   ] GC(46)   Merge Heap Roots: 0.1ms
[2025-08-28T13:01:04.249+0000][1088069][info ][gc,phases   ] GC(46)   Evacuate Collection Set: 2.0ms
[2025-08-28T13:01:04.249+0000][1088069][info ][gc,phases   ] GC(46)   Post Evacuate Collection Set: 0.4ms
[2025-08-28T13:01:04.249+0000][1088069][info ][gc,phases   ] GC(46)   Other: 0.1ms
[2025-08-28T13:01:04.249+0000][1088069][trace][gc,age      ] GC(46) Age table with threshold 15 (max threshold 15)
[2025-08-28T13:01:04.249+0000][1088069][trace][gc,age      ] GC(46) - age   1:       9768 bytes,       9768 total
[2025-08-28T13:01:04.249+0000][1088069][trace][gc,age      ] GC(46) - age   2:        464 bytes,      10232 total
[2025-08-28T13:01:04.249+0000][1088069][trace][gc,age      ] GC(46) - age   3:       2488 bytes,      12720 total
[2025-08-28T13:01:04.249+0000][1088069][trace][gc,age      ] GC(46) - age   4:        400 bytes,      13120 total
[2025-08-28T13:01:04.249+0000][1088069][trace][gc,age      ] GC(46) - age   5:       8752 bytes,      21872 total
[2025-08-28T13:01:04.249+0000][1088069][trace][gc,age      ] GC(46) - age   6:        376 bytes,      22248 total
[2025-08-28T13:01:04.249+0000][1088069][trace][gc,age      ] GC(46) - age   7:        272 bytes,      22520 total
[2025-08-28T13:01:04.249+0000][1088069][trace][gc,age      ] GC(46) - age   8:        104 bytes,      22624 total
[2025-08-28T13:01:04.249+0000][1088069][trace][gc,age      ] GC(46) - age   9:         32 bytes,      22656 total
[2025-08-28T13:01:04.249+0000][1088069][trace][gc,age      ] GC(46) - age  10:        704 bytes,      23360 total
[2025-08-28T13:01:04.249+0000][1088069][trace][gc,age      ] GC(46) - age  11:        472 bytes,      23832 total
[2025-08-28T13:01:04.249+0000][1088069][trace][gc,age      ] GC(46) - age  12:        528 bytes,      24360 total
[2025-08-28T13:01:04.249+0000][1088069][trace][gc,age      ] GC(46) - age  14:       1216 bytes,      25576 total
[2025-08-28T13:01:04.249+0000][1088069][trace][gc,age      ] GC(46) - age  15:     102800 bytes,     128376 total
[2025-08-28T13:01:04.249+0000][1088069][info ][gc,heap     ] GC(46) Eden regions: 75->0(75)
[2025-08-28T13:01:04.249+0000][1088069][info ][gc,heap     ] GC(46) Survivor regions: 1->1(10)
[2025-08-28T13:01:04.249+0000][1088069][info ][gc,heap     ] GC(46) Old regions: 25->25
[2025-08-28T13:01:04.249+0000][1088069][info ][gc,heap     ] GC(46) Humongous regions: 0->0
[2025-08-28T13:01:04.249+0000][1088069][info ][gc,metaspace] GC(46) Metaspace: 140751K(144704K)->140751K(144704K) NonClass: 121474K(123584K)->121474K(123584K) Class: 19276K(21120K)->19276K(21120K)
[2025-08-28T13:01:04.249+0000][1088069][info ][gc          ] GC(46) Pause Young (Normal) (G1 Evacuation Pause) 396M->96M(512M) 2.882ms
[2025-08-28T13:01:04.249+0000][1088069][info ][gc,cpu      ] GC(46) User=0.01s Sys=0.00s Real=0.00s
[2025-08-28T13:01:04.249+0000][1088069][info ][safepoint   ] Safepoint "G1CollectForAllocation", Time since last: 921985222 ns, Reaching safepoint: 83005 ns, Cleanup: 6700 ns, At safepoint: 2975130 ns, Total: 3064835 ns
[2025-08-28T13:01:07.322+0000][1088069][info ][safepoint   ] Safepoint "Cleanup", Time since last: 3072371068 ns, Reaching safepoint: 50897 ns, Cleanup: 14902 ns, At safepoint: 3635 ns, Total: 69434 ns
[2025-08-28T13:01:07.576+0000][1088069][info ][gc,start    ] GC(47) Pause Young (Normal) (G1 Evacuation Pause)
[2025-08-28T13:01:07.576+0000][1088069][info ][gc,task     ] GC(47) Using 12 workers of 33 for evacuation
[2025-08-28T13:01:07.576+0000][1088069][debug][gc,age      ] GC(47) Desired survivor size 20971520 bytes, new threshold 15 (max threshold 15)
[2025-08-28T13:01:07.578+0000][1088069][info ][gc,phases   ] GC(47)   Pre Evacuate Collection Set: 0.2ms
[2025-08-28T13:01:07.578+0000][1088069][info ][gc,phases   ] GC(47)   Merge Heap Roots: 0.1ms
[2025-08-28T13:01:07.578+0000][1088069][info ][gc,phases   ] GC(47)   Evacuate Collection Set: 1.4ms
[2025-08-28T13:01:07.578+0000][1088069][info ][gc,phases   ] GC(47)   Post Evacuate Collection Set: 0.3ms
[2025-08-28T13:01:07.578+0000][1088069][info ][gc,phases   ] GC(47)   Other: 0.1ms
[2025-08-28T13:01:07.578+0000][1088069][trace][gc,age      ] GC(47) Age table with threshold 15 (max threshold 15)
[2025-08-28T13:01:07.578+0000][1088069][trace][gc,age      ] GC(47) - age   1:     624808 bytes,     624808 total
[2025-08-28T13:01:07.578+0000][1088069][trace][gc,age      ] GC(47) - age   2:       1608 bytes,     626416 total
[2025-08-28T13:01:07.578+0000][1088069][trace][gc,age      ] GC(47) - age   3:        464 bytes,     626880 total
[2025-08-28T13:01:07.578+0000][1088069][trace][gc,age      ] GC(47) - age   4:       2488 bytes,     629368 total
[2025-08-28T13:01:07.578+0000][1088069][trace][gc,age      ] GC(47) - age   5:        400 bytes,     629768 total
[2025-08-28T13:01:07.578+0000][1088069][trace][gc,age      ] GC(47) - age   6:       8304 bytes,     638072 total
[2025-08-28T13:01:07.578+0000][1088069][trace][gc,age      ] GC(47) - age   7:        376 bytes,     638448 total
[2025-08-28T13:01:07.578+0000][1088069][trace][gc,age      ] GC(47) - age   8:        272 bytes,     638720 total
[2025-08-28T13:01:07.578+0000][1088069][trace][gc,age      ] GC(47) - age   9:        104 bytes,     638824 total
[2025-08-28T13:01:07.578+0000][1088069][trace][gc,age      ] GC(47) - age  10:         32 bytes,     638856 total
[2025-08-28T13:01:07.578+0000][1088069][trace][gc,age      ] GC(47) - age  11:        704 bytes,     639560 total
[2025-08-28T13:01:07.578+0000][1088069][trace][gc,age      ] GC(47) - age  12:        472 bytes,     640032 total
[2025-08-28T13:01:07.578+0000][1088069][trace][gc,age      ] GC(47) - age  13:        528 bytes,     640560 total
[2025-08-28T13:01:07.578+0000][1088069][trace][gc,age      ] GC(47) - age  15:       1216 bytes,     641776 total
[2025-08-28T13:01:07.578+0000][1088069][info ][gc,heap     ] GC(47) Eden regions: 75->0(75)
[2025-08-28T13:01:07.578+0000][1088069][info ][gc,heap     ] GC(47) Survivor regions: 1->1(10)
[2025-08-28T13:01:07.578+0000][1088069][info ][gc,heap     ] GC(47) Old regions: 25->25
[2025-08-28T13:01:07.578+0000][1088069][info ][gc,heap     ] GC(47) Humongous regions: 0->0
[2025-08-28T13:01:07.578+0000][1088069][info ][gc,metaspace] GC(47) Metaspace: 140753K(144704K)->140753K(144704K) NonClass: 121477K(123584K)->121477K(123584K) Class: 19276K(21120K)->19276K(21120K)
[2025-08-28T13:01:07.578+0000][1088069][info ][gc          ] GC(47) Pause Young (Normal) (G1 Evacuation Pause) 396M->97M(512M) 2.146ms
[2025-08-28T13:01:07.578+0000][1088069][info ][gc,cpu      ] GC(47) User=0.01s Sys=0.00s Real=0.00s
[2025-08-28T13:01:07.578+0000][1088069][info ][safepoint   ] Safepoint "G1CollectForAllocation", Time since last: 253971099 ns, Reaching safepoint: 17987 ns, Cleanup: 6130 ns, At safepoint: 2238774 ns, Total: 2262891 ns
[2025-08-28T13:01:10.455+0000][1088069][info ][gc,start    ] GC(48) Pause Young (Normal) (G1 Evacuation Pause)
[2025-08-28T13:01:10.455+0000][1088069][info ][gc,task     ] GC(48) Using 12 workers of 33 for evacuation
[2025-08-28T13:01:10.455+0000][1088069][debug][gc,age      ] GC(48) Desired survivor size 20971520 bytes, new threshold 15 (max threshold 15)
[2025-08-28T13:01:10.457+0000][1088069][info ][gc,phases   ] GC(48)   Pre Evacuate Collection Set: 0.1ms
[2025-08-28T13:01:10.457+0000][1088069][info ][gc,phases   ] GC(48)   Merge Heap Roots: 0.1ms
[2025-08-28T13:01:10.457+0000][1088069][info ][gc,phases   ] GC(48)   Evacuate Collection Set: 1.2ms
[2025-08-28T13:01:10.457+0000][1088069][info ][gc,phases   ] GC(48)   Post Evacuate Collection Set: 0.3ms
[2025-08-28T13:01:10.457+0000][1088069][info ][gc,phases   ] GC(48)   Other: 0.1ms
[2025-08-28T13:01:10.457+0000][1088069][trace][gc,age      ] GC(48) Age table with threshold 15 (max threshold 15)
[2025-08-28T13:01:10.457+0000][1088069][trace][gc,age      ] GC(48) - age   1:     657728 bytes,     657728 total
[2025-08-28T13:01:10.457+0000][1088069][trace][gc,age      ] GC(48) - age   2:        696 bytes,     658424 total
[2025-08-28T13:01:10.457+0000][1088069][trace][gc,age      ] GC(48) - age   3:        896 bytes,     659320 total
[2025-08-28T13:01:10.457+0000][1088069][trace][gc,age      ] GC(48) - age   4:        464 bytes,     659784 total
[2025-08-28T13:01:10.457+0000][1088069][trace][gc,age      ] GC(48) - age   5:       2488 bytes,     662272 total
[2025-08-28T13:01:10.457+0000][1088069][trace][gc,age      ] GC(48) - age   6:        400 bytes,     662672 total
[2025-08-28T13:01:10.457+0000][1088069][trace][gc,age      ] GC(48) - age   7:       8304 bytes,     670976 total
[2025-08-28T13:01:10.457+0000][1088069][trace][gc,age      ] GC(48) - age   8:        376 bytes,     671352 total
[2025-08-28T13:01:10.457+0000][1088069][trace][gc,age      ] GC(48) - age   9:        272 bytes,     671624 total
[2025-08-28T13:01:10.457+0000][1088069][trace][gc,age      ] GC(48) - age  10:        104 bytes,     671728 total
[2025-08-28T13:01:10.457+0000][1088069][trace][gc,age      ] GC(48) - age  11:         32 bytes,     671760 total
[2025-08-28T13:01:10.457+0000][1088069][trace][gc,age      ] GC(48) - age  12:        704 bytes,     672464 total
[2025-08-28T13:01:10.457+0000][1088069][trace][gc,age      ] GC(48) - age  13:        472 bytes,     672936 total
[2025-08-28T13:01:10.457+0000][1088069][trace][gc,age      ] GC(48) - age  14:        528 bytes,     673464 total
[2025-08-28T13:01:10.457+0000][1088069][info ][gc,heap     ] GC(48) Eden regions: 75->0(75)
[2025-08-28T13:01:10.457+0000][1088069][info ][gc,heap     ] GC(48) Survivor regions: 1->1(10)
[2025-08-28T13:01:10.457+0000][1088069][info ][gc,heap     ] GC(48) Old regions: 25->25
[2025-08-28T13:01:10.457+0000][1088069][info ][gc,heap     ] GC(48) Humongous regions: 0->0
[2025-08-28T13:01:10.457+0000][1088069][info ][gc,metaspace] GC(48) Metaspace: 140756K(144704K)->140756K(144704K) NonClass: 121479K(123584K)->121479K(123584K) Class: 19276K(21120K)->19276K(21120K)
[2025-08-28T13:01:10.457+0000][1088069][info ][gc          ] GC(48) Pause Young (Normal) (G1 Evacuation Pause) 397M->97M(512M) 1.958ms
[2025-08-28T13:01:10.457+0000][1088069][info ][gc,cpu      ] GC(48) User=0.00s Sys=0.01s Real=0.00s
[2025-08-28T13:01:10.457+0000][1088069][info ][safepoint   ] Safepoint "G1CollectForAllocation", Time since last: 2877049936 ns, Reaching safepoint: 44628 ns, Cleanup: 5247 ns, At safepoint: 2045043 ns, Total: 2094918 ns
[2025-08-28T13:01:11.457+0000][1088069][info ][safepoint   ] Safepoint "Cleanup", Time since last: 1000094951 ns, Reaching safepoint: 16855 ns, Cleanup: 15243 ns, At safepoint: 3185 ns, Total: 35283 ns
[2025-08-28T13:01:13.392+0000][1088069][info ][gc,start    ] GC(49) Pause Young (Normal) (G1 Evacuation Pause)
[2025-08-28T13:01:13.393+0000][1088069][info ][gc,task     ] GC(49) Using 12 workers of 33 for evacuation
[2025-08-28T13:01:13.393+0000][1088069][debug][gc,age      ] GC(49) Desired survivor size 20971520 bytes, new threshold 15 (max threshold 15)
[2025-08-28T13:01:13.395+0000][1088069][info ][gc,phases   ] GC(49)   Pre Evacuate Collection Set: 0.2ms
[2025-08-28T13:01:13.395+0000][1088069][info ][gc,phases   ] GC(49)   Merge Heap Roots: 0.1ms
[2025-08-28T13:01:13.395+0000][1088069][info ][gc,phases   ] GC(49)   Evacuate Collection Set: 1.7ms
[2025-08-28T13:01:13.395+0000][1088069][info ][gc,phases   ] GC(49)   Post Evacuate Collection Set: 0.3ms
[2025-08-28T13:01:13.395+0000][1088069][info ][gc,phases   ] GC(49)   Other: 0.1ms
[2025-08-28T13:01:13.395+0000][1088069][trace][gc,age      ] GC(49) Age table with threshold 15 (max threshold 15)
[2025-08-28T13:01:13.395+0000][1088069][trace][gc,age      ] GC(49) - age   1:     241664 bytes,     241664 total
[2025-08-28T13:01:13.395+0000][1088069][trace][gc,age      ] GC(49) - age   2:        944 bytes,     242608 total
[2025-08-28T13:01:13.395+0000][1088069][trace][gc,age      ] GC(49) - age   3:        696 bytes,     243304 total
[2025-08-28T13:01:13.395+0000][1088069][trace][gc,age      ] GC(49) - age   4:        896 bytes,     244200 total
[2025-08-28T13:01:13.395+0000][1088069][trace][gc,age      ] GC(49) - age   5:        224 bytes,     244424 total
[2025-08-28T13:01:13.395+0000][1088069][trace][gc,age      ] GC(49) - age   6:       2488 bytes,     246912 total
[2025-08-28T13:01:13.395+0000][1088069][trace][gc,age      ] GC(49) - age   7:        400 bytes,     247312 total
[2025-08-28T13:01:13.395+0000][1088069][trace][gc,age      ] GC(49) - age   8:       8304 bytes,     255616 total
[2025-08-28T13:01:13.395+0000][1088069][trace][gc,age      ] GC(49) - age   9:        376 bytes,     255992 total
[2025-08-28T13:01:13.395+0000][1088069][trace][gc,age      ] GC(49) - age  10:        272 bytes,     256264 total
[2025-08-28T13:01:13.395+0000][1088069][trace][gc,age      ] GC(49) - age  11:        104 bytes,     256368 total
[2025-08-28T13:01:13.395+0000][1088069][trace][gc,age      ] GC(49) - age  12:         32 bytes,     256400 total
[2025-08-28T13:01:13.395+0000][1088069][trace][gc,age      ] GC(49) - age  13:        704 bytes,     257104 total
[2025-08-28T13:01:13.395+0000][1088069][trace][gc,age      ] GC(49) - age  14:        472 bytes,     257576 total
[2025-08-28T13:01:13.395+0000][1088069][trace][gc,age      ] GC(49) - age  15:        528 bytes,     258104 total
[2025-08-28T13:01:13.395+0000][1088069][info ][gc,heap     ] GC(49) Eden regions: 75->0(75)
[2025-08-28T13:01:13.395+0000][1088069][info ][gc,heap     ] GC(49) Survivor regions: 1->1(10)
[2025-08-28T13:01:13.395+0000][1088069][info ][gc,heap     ] GC(49) Old regions: 25->25
[2025-08-28T13:01:13.395+0000][1088069][info ][gc,heap     ] GC(49) Humongous regions: 0->0
[2025-08-28T13:01:13.395+0000][1088069][info ][gc,metaspace] GC(49) Metaspace: 140770K(144704K)->140770K(144704K) NonClass: 121493K(123584K)->121493K(123584K) Class: 19276K(21120K)->19276K(21120K)
[2025-08-28T13:01:13.395+0000][1088069][info ][gc          ] GC(49) Pause Young (Normal) (G1 Evacuation Pause) 397M->96M(512M) 2.514ms
[2025-08-28T13:01:13.395+0000][1088069][info ][gc,cpu      ] GC(49) User=0.01s Sys=0.00s Real=0.00s
[2025-08-28T13:01:13.395+0000][1088069][info ][safepoint   ] Safepoint "G1CollectForAllocation", Time since last: 1935007877 ns, Reaching safepoint: 17516 ns, Cleanup: 16465 ns, At safepoint: 2605145 ns, Total: 2639126 ns
[2025-08-28T13:01:14.395+0000][1088069][info ][safepoint   ] Safepoint "Cleanup", Time since last: 1000095731 ns, Reaching safepoint: 17727 ns, Cleanup: 30746 ns, At safepoint: 2794 ns, Total: 51267 ns
[2025-08-28T13:01:15.395+0000][1088069][info ][safepoint   ] Safepoint "Cleanup", Time since last: 1000107860 ns, Reaching safepoint: 49684 ns, Cleanup: 15654 ns, At safepoint: 3095 ns, Total: 68433 ns
[2025-08-28T13:01:16.318+0000][1088069][info ][gc,start    ] GC(50) Pause Young (Normal) (G1 Evacuation Pause)
[2025-08-28T13:01:16.318+0000][1088069][info ][gc,task     ] GC(50) Using 12 workers of 33 for evacuation
[2025-08-28T13:01:16.318+0000][1088069][debug][gc,age      ] GC(50) Desired survivor size 20971520 bytes, new threshold 15 (max threshold 15)
[2025-08-28T13:01:16.320+0000][1088069][info ][gc,phases   ] GC(50)   Pre Evacuate Collection Set: 0.2ms
[2025-08-28T13:01:16.320+0000][1088069][info ][gc,phases   ] GC(50)   Merge Heap Roots: 0.1ms
[2025-08-28T13:01:16.320+0000][1088069][info ][gc,phases   ] GC(50)   Evacuate Collection Set: 1.2ms
[2025-08-28T13:01:16.320+0000][1088069][info ][gc,phases   ] GC(50)   Post Evacuate Collection Set: 0.3ms
[2025-08-28T13:01:16.320+0000][1088069][info ][gc,phases   ] GC(50)   Other: 0.1ms
[2025-08-28T13:01:16.320+0000][1088069][trace][gc,age      ] GC(50) Age table with threshold 15 (max threshold 15)
[2025-08-28T13:01:16.320+0000][1088069][trace][gc,age      ] GC(50) - age   1:     624160 bytes,     624160 total
[2025-08-28T13:01:16.320+0000][1088069][trace][gc,age      ] GC(50) - age   2:       4320 bytes,     628480 total
[2025-08-28T13:01:16.320+0000][1088069][trace][gc,age      ] GC(50) - age   3:        232 bytes,     628712 total
[2025-08-28T13:01:16.320+0000][1088069][trace][gc,age      ] GC(50) - age   4:        696 bytes,     629408 total
[2025-08-28T13:01:16.320+0000][1088069][trace][gc,age      ] GC(50) - age   5:        896 bytes,     630304 total
[2025-08-28T13:01:16.320+0000][1088069][trace][gc,age      ] GC(50) - age   6:        224 bytes,     630528 total
[2025-08-28T13:01:16.320+0000][1088069][trace][gc,age      ] GC(50) - age   7:       2488 bytes,     633016 total
[2025-08-28T13:01:16.320+0000][1088069][trace][gc,age      ] GC(50) - age   8:        400 bytes,     633416 total
[2025-08-28T13:01:16.320+0000][1088069][trace][gc,age      ] GC(50) - age   9:       8304 bytes,     641720 total
[2025-08-28T13:01:16.320+0000][1088069][trace][gc,age      ] GC(50) - age  10:        376 bytes,     642096 total
[2025-08-28T13:01:16.320+0000][1088069][trace][gc,age      ] GC(50) - age  11:        272 bytes,     642368 total
[2025-08-28T13:01:16.320+0000][1088069][trace][gc,age      ] GC(50) - age  12:        104 bytes,     642472 total
[2025-08-28T13:01:16.320+0000][1088069][trace][gc,age      ] GC(50) - age  13:         32 bytes,     642504 total
[2025-08-28T13:01:16.320+0000][1088069][trace][gc,age      ] GC(50) - age  14:        704 bytes,     643208 total
[2025-08-28T13:01:16.320+0000][1088069][trace][gc,age      ] GC(50) - age  15:        472 bytes,     643680 total
[2025-08-28T13:01:16.320+0000][1088069][info ][gc,heap     ] GC(50) Eden regions: 75->0(75)
[2025-08-28T13:01:16.320+0000][1088069][info ][gc,heap     ] GC(50) Survivor regions: 1->1(10)
[2025-08-28T13:01:16.320+0000][1088069][info ][gc,heap     ] GC(50) Old regions: 25->25
[2025-08-28T13:01:16.320+0000][1088069][info ][gc,heap     ] GC(50) Humongous regions: 0->0
[2025-08-28T13:01:16.320+0000][1088069][info ][gc,metaspace] GC(50) Metaspace: 140772K(144704K)->140772K(144704K) NonClass: 121496K(123584K)->121496K(123584K) Class: 19276K(21120K)->19276K(21120K)
[2025-08-28T13:01:16.320+0000][1088069][info ][gc          ] GC(50) Pause Young (Normal) (G1 Evacuation Pause) 396M->97M(512M) 2.021ms
[2025-08-28T13:01:16.320+0000][1088069][info ][gc,cpu      ] GC(50) User=0.01s Sys=0.00s Real=0.00s
[2025-08-28T13:01:16.320+0000][1088069][info ][safepoint   ] Safepoint "G1CollectForAllocation", Time since last: 922410911 ns, Reaching safepoint: 17046 ns, Cleanup: 16144 ns, At safepoint: 2118563 ns, Total: 2151753 ns
[2025-08-28T13:01:19.268+0000][1088069][info ][gc,start    ] GC(51) Pause Young (Normal) (G1 Evacuation Pause)
[2025-08-28T13:01:19.268+0000][1088069][info ][gc,task     ] GC(51) Using 12 workers of 33 for evacuation
[2025-08-28T13:01:19.268+0000][1088069][debug][gc,age      ] GC(51) Desired survivor size 20971520 bytes, new threshold 15 (max threshold 15)
[2025-08-28T13:01:19.269+0000][1088069][info ][gc,phases   ] GC(51)   Pre Evacuate Collection Set: 0.2ms
[2025-08-28T13:01:19.269+0000][1088069][info ][gc,phases   ] GC(51)   Merge Heap Roots: 0.1ms
[2025-08-28T13:01:19.269+0000][1088069][info ][gc,phases   ] GC(51)   Evacuate Collection Set: 1.2ms
[2025-08-28T13:01:19.270+0000][1088069][info ][gc,phases   ] GC(51)   Post Evacuate Collection Set: 0.3ms
[2025-08-28T13:01:19.270+0000][1088069][info ][gc,phases   ] GC(51)   Other: 0.1ms
[2025-08-28T13:01:19.270+0000][1088069][trace][gc,age      ] GC(51) Age table with threshold 15 (max threshold 15)
[2025-08-28T13:01:19.270+0000][1088069][trace][gc,age      ] GC(51) - age   1:     675744 bytes,     675744 total
[2025-08-28T13:01:19.270+0000][1088069][trace][gc,age      ] GC(51) - age   2:       1064 bytes,     676808 total
[2025-08-28T13:01:19.270+0000][1088069][trace][gc,age      ] GC(51) - age   3:       4320 bytes,     681128 total
[2025-08-28T13:01:19.270+0000][1088069][trace][gc,age      ] GC(51) - age   4:        232 bytes,     681360 total
[2025-08-28T13:01:19.270+0000][1088069][trace][gc,age      ] GC(51) - age   5:        696 bytes,     682056 total
[2025-08-28T13:01:19.270+0000][1088069][trace][gc,age      ] GC(51) - age   6:        896 bytes,     682952 total
[2025-08-28T13:01:19.270+0000][1088069][trace][gc,age      ] GC(51) - age   8:       2488 bytes,     685440 total
[2025-08-28T13:01:19.270+0000][1088069][trace][gc,age      ] GC(51) - age   9:        400 bytes,     685840 total
[2025-08-28T13:01:19.270+0000][1088069][trace][gc,age      ] GC(51) - age  10:       8304 bytes,     694144 total
[2025-08-28T13:01:19.270+0000][1088069][trace][gc,age      ] GC(51) - age  11:        200 bytes,     694344 total
[2025-08-28T13:01:19.270+0000][1088069][trace][gc,age      ] GC(51) - age  12:        272 bytes,     694616 total
[2025-08-28T13:01:19.270+0000][1088069][trace][gc,age      ] GC(51) - age  13:        104 bytes,     694720 total
[2025-08-28T13:01:19.270+0000][1088069][trace][gc,age      ] GC(51) - age  14:         32 bytes,     694752 total
[2025-08-28T13:01:19.270+0000][1088069][trace][gc,age      ] GC(51) - age  15:        704 bytes,     695456 total
[2025-08-28T13:01:19.270+0000][1088069][info ][gc,heap     ] GC(51) Eden regions: 75->0(75)
[2025-08-28T13:01:19.270+0000][1088069][info ][gc,heap     ] GC(51) Survivor regions: 1->1(10)
[2025-08-28T13:01:19.270+0000][1088069][info ][gc,heap     ] GC(51) Old regions: 25->25
[2025-08-28T13:01:19.270+0000][1088069][info ][gc,heap     ] GC(51) Humongous regions: 0->0
[2025-08-28T13:01:19.270+0000][1088069][info ][gc,metaspace] GC(51) Metaspace: 140773K(144704K)->140773K(144704K) NonClass: 121496K(123584K)->121496K(123584K) Class: 19277K(21120K)->19277K(21120K)
[2025-08-28T13:01:19.270+0000][1088069][info ][gc          ] GC(51) Pause Young (Normal) (G1 Evacuation Pause) 397M->97M(512M) 1.998ms
[2025-08-28T13:01:19.270+0000][1088069][info ][gc,cpu      ] GC(51) User=0.00s Sys=0.00s Real=0.00s
[2025-08-28T13:01:19.270+0000][1088069][info ][safepoint   ] Safepoint "G1CollectForAllocation", Time since last: 2947606346 ns, Reaching safepoint: 17176 ns, Cleanup: 15543 ns, At safepoint: 2099665 ns, Total: 2132384 ns
[2025-08-28T13:01:21.168+0000][1088069][info ][safepoint   ] Safepoint "Cleanup", Time since last: 1898075583 ns, Reaching safepoint: 47601 ns, Cleanup: 14913 ns, At safepoint: 3455 ns, Total: 65969 ns
[2025-08-28T13:01:22.168+0000][1088069][info ][safepoint   ] Safepoint "Cleanup", Time since last: 1000104585 ns, Reaching safepoint: 16244 ns, Cleanup: 21292 ns, At safepoint: 3055 ns, Total: 40591 ns
[2025-08-28T13:01:22.521+0000][1088069][info ][gc,start    ] GC(52) Pause Young (Normal) (G1 Evacuation Pause)
[2025-08-28T13:01:22.521+0000][1088069][info ][gc,task     ] GC(52) Using 12 workers of 33 for evacuation
[2025-08-28T13:01:22.521+0000][1088069][debug][gc,age      ] GC(52) Desired survivor size 20971520 bytes, new threshold 15 (max threshold 15)
[2025-08-28T13:01:22.523+0000][1088069][info ][gc,phases   ] GC(52)   Pre Evacuate Collection Set: 0.2ms
[2025-08-28T13:01:22.523+0000][1088069][info ][gc,phases   ] GC(52)   Merge Heap Roots: 0.1ms
[2025-08-28T13:01:22.523+0000][1088069][info ][gc,phases   ] GC(52)   Evacuate Collection Set: 1.2ms
[2025-08-28T13:01:22.523+0000][1088069][info ][gc,phases   ] GC(52)   Post Evacuate Collection Set: 0.3ms
[2025-08-28T13:01:22.523+0000][1088069][info ][gc,phases   ] GC(52)   Other: 0.1ms
[2025-08-28T13:01:22.523+0000][1088069][trace][gc,age      ] GC(52) Age table with threshold 15 (max threshold 15)
[2025-08-28T13:01:22.523+0000][1088069][trace][gc,age      ] GC(52) - age   1:     683360 bytes,     683360 total
[2025-08-28T13:01:22.523+0000][1088069][trace][gc,age      ] GC(52) - age   2:       1544 bytes,     684904 total
[2025-08-28T13:01:22.523+0000][1088069][trace][gc,age      ] GC(52) - age   3:       1064 bytes,     685968 total
[2025-08-28T13:01:22.523+0000][1088069][trace][gc,age      ] GC(52) - age   4:       4080 bytes,     690048 total
[2025-08-28T13:01:22.523+0000][1088069][trace][gc,age      ] GC(52) - age   5:        232 bytes,     690280 total
[2025-08-28T13:01:22.523+0000][1088069][trace][gc,age      ] GC(52) - age   6:        248 bytes,     690528 total
[2025-08-28T13:01:22.523+0000][1088069][trace][gc,age      ] GC(52) - age   7:        896 bytes,     691424 total
[2025-08-28T13:01:22.523+0000][1088069][trace][gc,age      ] GC(52) - age   9:       2488 bytes,     693912 total
[2025-08-28T13:01:22.523+0000][1088069][trace][gc,age      ] GC(52) - age  10:        368 bytes,     694280 total
[2025-08-28T13:01:22.523+0000][1088069][trace][gc,age      ] GC(52) - age  11:       2352 bytes,     696632 total
[2025-08-28T13:01:22.523+0000][1088069][trace][gc,age      ] GC(52) - age  12:        200 bytes,     696832 total
[2025-08-28T13:01:22.523+0000][1088069][trace][gc,age      ] GC(52) - age  13:        272 bytes,     697104 total
[2025-08-28T13:01:22.523+0000][1088069][trace][gc,age      ] GC(52) - age  14:        104 bytes,     697208 total
[2025-08-28T13:01:22.523+0000][1088069][trace][gc,age      ] GC(52) - age  15:         32 bytes,     697240 total
[2025-08-28T13:01:22.523+0000][1088069][info ][gc,heap     ] GC(52) Eden regions: 75->0(75)
[2025-08-28T13:01:22.523+0000][1088069][info ][gc,heap     ] GC(52) Survivor regions: 1->1(10)
[2025-08-28T13:01:22.523+0000][1088069][info ][gc,heap     ] GC(52) Old regions: 25->25
[2025-08-28T13:01:22.523+0000][1088069][info ][gc,heap     ] GC(52) Humongous regions: 0->0
[2025-08-28T13:01:22.523+0000][1088069][info ][gc,metaspace] GC(52) Metaspace: 140774K(144704K)->140774K(144704K) NonClass: 121497K(123584K)->121497K(123584K) Class: 19277K(21120K)->19277K(21120K)
[2025-08-28T13:01:22.523+0000][1088069][info ][gc          ] GC(52) Pause Young (Normal) (G1 Evacuation Pause) 397M->97M(512M) 1.989ms
[2025-08-28T13:01:22.523+0000][1088069][info ][gc,cpu      ] GC(52) User=0.00s Sys=0.01s Real=0.00s
[2025-08-28T13:01:22.523+0000][1088069][info ][safepoint   ] Safepoint "G1CollectForAllocation", Time since last: 353005128 ns, Reaching safepoint: 18267 ns, Cleanup: 23976 ns, At safepoint: 2082790 ns, Total: 2125033 ns
[2025-08-28T13:01:23.523+0000][1088069][info ][safepoint   ] Safepoint "Cleanup", Time since last: 1000100629 ns, Reaching safepoint: 16454 ns, Cleanup: 15544 ns, At safepoint: 3255 ns, Total: 35253 ns
[2025-08-28T13:01:24.523+0000][1088069][info ][safepoint   ] Safepoint "Cleanup", Time since last: 1000124925 ns, Reaching safepoint: 17276 ns, Cleanup: 22453 ns, At safepoint: 3155 ns, Total: 42884 ns
[2025-08-28T13:01:25.446+0000][1088069][info ][gc,start    ] GC(53) Pause Young (Normal) (G1 Evacuation Pause)
[2025-08-28T13:01:25.446+0000][1088069][info ][gc,task     ] GC(53) Using 12 workers of 33 for evacuation
[2025-08-28T13:01:25.446+0000][1088069][debug][gc,age      ] GC(53) Desired survivor size 20971520 bytes, new threshold 15 (max threshold 15)
[2025-08-28T13:01:25.448+0000][1088069][info ][gc,phases   ] GC(53)   Pre Evacuate Collection Set: 0.2ms
[2025-08-28T13:01:25.448+0000][1088069][info ][gc,phases   ] GC(53)   Merge Heap Roots: 0.1ms
[2025-08-28T13:01:25.448+0000][1088069][info ][gc,phases   ] GC(53)   Evacuate Collection Set: 1.3ms
[2025-08-28T13:01:25.448+0000][1088069][info ][gc,phases   ] GC(53)   Post Evacuate Collection Set: 0.3ms
[2025-08-28T13:01:25.448+0000][1088069][info ][gc,phases   ] GC(53)   Other: 0.1ms
[2025-08-28T13:01:25.448+0000][1088069][trace][gc,age      ] GC(53) Age table with threshold 15 (max threshold 15)
[2025-08-28T13:01:25.448+0000][1088069][trace][gc,age      ] GC(53) - age   1:     641784 bytes,     641784 total
[2025-08-28T13:01:25.448+0000][1088069][trace][gc,age      ] GC(53) - age   2:       7528 bytes,     649312 total
[2025-08-28T13:01:25.448+0000][1088069][trace][gc,age      ] GC(53) - age   3:        832 bytes,     650144 total
[2025-08-28T13:01:25.448+0000][1088069][trace][gc,age      ] GC(53) - age   4:       1064 bytes,     651208 total
[2025-08-28T13:01:25.448+0000][1088069][trace][gc,age      ] GC(53) - age   5:       4080 bytes,     655288 total
[2025-08-28T13:01:25.448+0000][1088069][trace][gc,age      ] GC(53) - age   6:        232 bytes,     655520 total
[2025-08-28T13:01:25.448+0000][1088069][trace][gc,age      ] GC(53) - age   7:        248 bytes,     655768 total
[2025-08-28T13:01:25.448+0000][1088069][trace][gc,age      ] GC(53) - age   8:        896 bytes,     656664 total
[2025-08-28T13:01:25.448+0000][1088069][trace][gc,age      ] GC(53) - age  10:       2488 bytes,     659152 total
[2025-08-28T13:01:25.448+0000][1088069][trace][gc,age      ] GC(53) - age  12:       2168 bytes,     661320 total
[2025-08-28T13:01:25.448+0000][1088069][trace][gc,age      ] GC(53) - age  13:        200 bytes,     661520 total
[2025-08-28T13:01:25.448+0000][1088069][trace][gc,age      ] GC(53) - age  14:        272 bytes,     661792 total
[2025-08-28T13:01:25.448+0000][1088069][trace][gc,age      ] GC(53) - age  15:        104 bytes,     661896 total
[2025-08-28T13:01:25.448+0000][1088069][info ][gc,heap     ] GC(53) Eden regions: 75->0(75)
[2025-08-28T13:01:25.448+0000][1088069][info ][gc,heap     ] GC(53) Survivor regions: 1->1(10)
[2025-08-28T13:01:25.448+0000][1088069][info ][gc,heap     ] GC(53) Old regions: 25->25
[2025-08-28T13:01:25.448+0000][1088069][info ][gc,heap     ] GC(53) Humongous regions: 0->0
[2025-08-28T13:01:25.448+0000][1088069][info ][gc,metaspace] GC(53) Metaspace: 140775K(144704K)->140775K(144704K) NonClass: 121498K(123584K)->121498K(123584K) Class: 19277K(21120K)->19277K(21120K)
[2025-08-28T13:01:25.448+0000][1088069][info ][gc          ] GC(53) Pause Young (Normal) (G1 Evacuation Pause) 397M->97M(512M) 2.100ms
[2025-08-28T13:01:25.448+0000][1088069][info ][gc,cpu      ] GC(53) User=0.00s Sys=0.00s Real=0.00s
[2025-08-28T13:01:25.448+0000][1088069][info ][safepoint   ] Safepoint "G1CollectForAllocation", Time since last: 922632224 ns, Reaching safepoint: 17597 ns, Cleanup: 18598 ns, At safepoint: 2194848 ns, Total: 2231043 ns
[2025-08-28T13:01:26.448+0000][1088069][info ][safepoint   ] Safepoint "Cleanup", Time since last: 1000088260 ns, Reaching safepoint: 49624 ns, Cleanup: 15584 ns, At safepoint: 3215 ns, Total: 68423 ns
[2025-08-28T13:01:28.408+0000][1088069][info ][gc,start    ] GC(54) Pause Young (Normal) (G1 Evacuation Pause)
[2025-08-28T13:01:28.408+0000][1088069][info ][gc,task     ] GC(54) Using 12 workers of 33 for evacuation
[2025-08-28T13:01:28.408+0000][1088069][debug][gc,age      ] GC(54) Desired survivor size 20971520 bytes, new threshold 15 (max threshold 15)
[2025-08-28T13:01:28.411+0000][1088069][info ][gc,phases   ] GC(54)   Pre Evacuate Collection Set: 0.2ms
[2025-08-28T13:01:28.411+0000][1088069][info ][gc,phases   ] GC(54)   Merge Heap Roots: 0.1ms
[2025-08-28T13:01:28.411+0000][1088069][info ][gc,phases   ] GC(54)   Evacuate Collection Set: 1.9ms
[2025-08-28T13:01:28.411+0000][1088069][info ][gc,phases   ] GC(54)   Post Evacuate Collection Set: 0.3ms
[2025-08-28T13:01:28.411+0000][1088069][info ][gc,phases   ] GC(54)   Other: 0.1ms
[2025-08-28T13:01:28.411+0000][1088069][trace][gc,age      ] GC(54) Age table with threshold 15 (max threshold 15)
[2025-08-28T13:01:28.411+0000][1088069][trace][gc,age      ] GC(54) - age   1:     222728 bytes,     222728 total
[2025-08-28T13:01:28.411+0000][1088069][trace][gc,age      ] GC(54) - age   2:       1912 bytes,     224640 total
[2025-08-28T13:01:28.411+0000][1088069][trace][gc,age      ] GC(54) - age   3:       7528 bytes,     232168 total
[2025-08-28T13:01:28.411+0000][1088069][trace][gc,age      ] GC(54) - age   4:        832 bytes,     233000 total
[2025-08-28T13:01:28.411+0000][1088069][trace][gc,age      ] GC(54) - age   5:       1064 bytes,     234064 total
[2025-08-28T13:01:28.411+0000][1088069][trace][gc,age      ] GC(54) - age   6:       4080 bytes,     238144 total
[2025-08-28T13:01:28.411+0000][1088069][trace][gc,age      ] GC(54) - age   7:        232 bytes,     238376 total
[2025-08-28T13:01:28.411+0000][1088069][trace][gc,age      ] GC(54) - age   8:        248 bytes,     238624 total
[2025-08-28T13:01:28.411+0000][1088069][trace][gc,age      ] GC(54) - age   9:        896 bytes,     239520 total
[2025-08-28T13:01:28.411+0000][1088069][trace][gc,age      ] GC(54) - age  11:       2488 bytes,     242008 total
[2025-08-28T13:01:28.411+0000][1088069][trace][gc,age      ] GC(54) - age  13:       2168 bytes,     244176 total
[2025-08-28T13:01:28.411+0000][1088069][trace][gc,age      ] GC(54) - age  14:        200 bytes,     244376 total
[2025-08-28T13:01:28.411+0000][1088069][trace][gc,age      ] GC(54) - age  15:        272 bytes,     244648 total
[2025-08-28T13:01:28.411+0000][1088069][info ][gc,heap     ] GC(54) Eden regions: 75->0(75)
[2025-08-28T13:01:28.411+0000][1088069][info ][gc,heap     ] GC(54) Survivor regions: 1->1(10)
[2025-08-28T13:01:28.411+0000][1088069][info ][gc,heap     ] GC(54) Old regions: 25->25
[2025-08-28T13:01:28.411+0000][1088069][info ][gc,heap     ] GC(54) Humongous regions: 0->0
[2025-08-28T13:01:28.411+0000][1088069][info ][gc,metaspace] GC(54) Metaspace: 140776K(144704K)->140776K(144704K) NonClass: 121499K(123584K)->121499K(123584K) Class: 19277K(21120K)->19277K(21120K)
[2025-08-28T13:01:28.411+0000][1088069][info ][gc          ] GC(54) Pause Young (Normal) (G1 Evacuation Pause) 397M->96M(512M) 2.732ms
[2025-08-28T13:01:28.411+0000][1088069][info ][gc,cpu      ] GC(54) User=0.01s Sys=0.00s Real=0.01s
[2025-08-28T13:01:28.411+0000][1088069][info ][safepoint   ] Safepoint "G1CollectForAllocation", Time since last: 1959746400 ns, Reaching safepoint: 211517 ns, Cleanup: 16085 ns, At safepoint: 2824313 ns, Total: 3051915 ns
[2025-08-28T13:01:29.411+0000][1088069][info ][safepoint   ] Safepoint "Cleanup", Time since last: 1000106198 ns, Reaching safepoint: 17205 ns, Cleanup: 15123 ns, At safepoint: 3335 ns, Total: 35663 ns
[2025-08-28T13:01:31.333+0000][1088069][info ][gc,start    ] GC(55) Pause Young (Normal) (G1 Evacuation Pause)
[2025-08-28T13:01:31.333+0000][1088069][info ][gc,task     ] GC(55) Using 12 workers of 33 for evacuation
[2025-08-28T13:01:31.333+0000][1088069][debug][gc,age      ] GC(55) Desired survivor size 20971520 bytes, new threshold 15 (max threshold 15)
[2025-08-28T13:01:31.336+0000][1088069][info ][gc,phases   ] GC(55)   Pre Evacuate Collection Set: 0.2ms
[2025-08-28T13:01:31.336+0000][1088069][info ][gc,phases   ] GC(55)   Merge Heap Roots: 0.1ms
[2025-08-28T13:01:31.336+0000][1088069][info ][gc,phases   ] GC(55)   Evacuate Collection Set: 2.0ms
[2025-08-28T13:01:31.336+0000][1088069][info ][gc,phases   ] GC(55)   Post Evacuate Collection Set: 0.3ms
[2025-08-28T13:01:31.336+0000][1088069][info ][gc,phases   ] GC(55)   Other: 0.1ms
[2025-08-28T13:01:31.336+0000][1088069][trace][gc,age      ] GC(55) Age table with threshold 15 (max threshold 15)
[2025-08-28T13:01:31.336+0000][1088069][trace][gc,age      ] GC(55) - age   1:      13240 bytes,      13240 total
[2025-08-28T13:01:31.336+0000][1088069][trace][gc,age      ] GC(55) - age   3:       1200 bytes,      14440 total
[2025-08-28T13:01:31.336+0000][1088069][trace][gc,age      ] GC(55) - age   4:       7288 bytes,      21728 total
[2025-08-28T13:01:31.336+0000][1088069][trace][gc,age      ] GC(55) - age   5:        832 bytes,      22560 total
[2025-08-28T13:01:31.336+0000][1088069][trace][gc,age      ] GC(55) - age   6:       1064 bytes,      23624 total
[2025-08-28T13:01:31.336+0000][1088069][trace][gc,age      ] GC(55) - age   7:       4080 bytes,      27704 total
[2025-08-28T13:01:31.336+0000][1088069][trace][gc,age      ] GC(55) - age   8:        232 bytes,      27936 total
[2025-08-28T13:01:31.336+0000][1088069][trace][gc,age      ] GC(55) - age   9:        248 bytes,      28184 total
[2025-08-28T13:01:31.336+0000][1088069][trace][gc,age      ] GC(55) - age  10:        896 bytes,      29080 total
[2025-08-28T13:01:31.336+0000][1088069][trace][gc,age      ] GC(55) - age  12:       2488 bytes,      31568 total
[2025-08-28T13:01:31.336+0000][1088069][trace][gc,age      ] GC(55) - age  14:       2168 bytes,      33736 total
[2025-08-28T13:01:31.336+0000][1088069][trace][gc,age      ] GC(55) - age  15:        200 bytes,      33936 total
[2025-08-28T13:01:31.336+0000][1088069][info ][gc,heap     ] GC(55) Eden regions: 75->0(75)
[2025-08-28T13:01:31.336+0000][1088069][info ][gc,heap     ] GC(55) Survivor regions: 1->1(10)
[2025-08-28T13:01:31.336+0000][1088069][info ][gc,heap     ] GC(55) Old regions: 25->25
[2025-08-28T13:01:31.336+0000][1088069][info ][gc,heap     ] GC(55) Humongous regions: 0->0
[2025-08-28T13:01:31.336+0000][1088069][info ][gc,metaspace] GC(55) Metaspace: 140778K(144704K)->140778K(144704K) NonClass: 121501K(123584K)->121501K(123584K) Class: 19277K(21120K)->19277K(21120K)
[2025-08-28T13:01:31.336+0000][1088069][info ][gc          ] GC(55) Pause Young (Normal) (G1 Evacuation Pause) 396M->96M(512M) 2.774ms
[2025-08-28T13:01:31.336+0000][1088069][info ][gc,cpu      ] GC(55) User=0.01s Sys=0.00s Real=0.00s
[2025-08-28T13:01:31.336+0000][1088069][info ][safepoint   ] Safepoint "G1CollectForAllocation", Time since last: 1921705119 ns, Reaching safepoint: 243956 ns, Cleanup: 20221 ns, At safepoint: 2863532 ns, Total: 3127709 ns
[2025-08-28T13:01:32.336+0000][1088069][info ][safepoint   ] Safepoint "Cleanup", Time since last: 1000098145 ns, Reaching safepoint: 17557 ns, Cleanup: 15243 ns, At safepoint: 2984 ns, Total: 35784 ns
[2025-08-28T13:01:33.336+0000][1088069][info ][safepoint   ] Safepoint "Cleanup", Time since last: 1000135702 ns, Reaching safepoint: 16665 ns, Cleanup: 17857 ns, At safepoint: 3525 ns, Total: 38047 ns
[2025-08-28T13:01:34.258+0000][1088069][info ][gc,start    ] GC(56) Pause Young (Normal) (G1 Evacuation Pause)
[2025-08-28T13:01:34.258+0000][1088069][info ][gc,task     ] GC(56) Using 12 workers of 33 for evacuation
[2025-08-28T13:01:34.258+0000][1088069][debug][gc,age      ] GC(56) Desired survivor size 20971520 bytes, new threshold 15 (max threshold 15)
[2025-08-28T13:01:34.260+0000][1088069][info ][gc,phases   ] GC(56)   Pre Evacuate Collection Set: 0.2ms
[2025-08-28T13:01:34.260+0000][1088069][info ][gc,phases   ] GC(56)   Merge Heap Roots: 0.1ms
[2025-08-28T13:01:34.260+0000][1088069][info ][gc,phases   ] GC(56)   Evacuate Collection Set: 1.3ms
[2025-08-28T13:01:34.260+0000][1088069][info ][gc,phases   ] GC(56)   Post Evacuate Collection Set: 0.3ms
[2025-08-28T13:01:34.260+0000][1088069][info ][gc,phases   ] GC(56)   Other: 0.1ms
[2025-08-28T13:01:34.260+0000][1088069][trace][gc,age      ] GC(56) Age table with threshold 15 (max threshold 15)
[2025-08-28T13:01:34.260+0000][1088069][trace][gc,age      ] GC(56) - age   1:       9088 bytes,       9088 total
[2025-08-28T13:01:34.260+0000][1088069][trace][gc,age      ] GC(56) - age   2:       4368 bytes,      13456 total
[2025-08-28T13:01:34.260+0000][1088069][trace][gc,age      ] GC(56) - age   4:       1200 bytes,      14656 total
[2025-08-28T13:01:34.260+0000][1088069][trace][gc,age      ] GC(56) - age   5:       7288 bytes,      21944 total
[2025-08-28T13:01:34.260+0000][1088069][trace][gc,age      ] GC(56) - age   6:        832 bytes,      22776 total
[2025-08-28T13:01:34.260+0000][1088069][trace][gc,age      ] GC(56) - age   7:       1064 bytes,      23840 total
[2025-08-28T13:01:34.260+0000][1088069][trace][gc,age      ] GC(56) - age   8:       4080 bytes,      27920 total
[2025-08-28T13:01:34.260+0000][1088069][trace][gc,age      ] GC(56) - age   9:        232 bytes,      28152 total
[2025-08-28T13:01:34.260+0000][1088069][trace][gc,age      ] GC(56) - age  10:        248 bytes,      28400 total
[2025-08-28T13:01:34.260+0000][1088069][trace][gc,age      ] GC(56) - age  11:        896 bytes,      29296 total
[2025-08-28T13:01:34.260+0000][1088069][trace][gc,age      ] GC(56) - age  13:       2488 bytes,      31784 total
[2025-08-28T13:01:34.260+0000][1088069][trace][gc,age      ] GC(56) - age  15:       2168 bytes,      33952 total
[2025-08-28T13:01:34.260+0000][1088069][info ][gc,heap     ] GC(56) Eden regions: 75->0(75)
[2025-08-28T13:01:34.260+0000][1088069][info ][gc,heap     ] GC(56) Survivor regions: 1->1(10)
[2025-08-28T13:01:34.260+0000][1088069][info ][gc,heap     ] GC(56) Old regions: 25->25
[2025-08-28T13:01:34.260+0000][1088069][info ][gc,heap     ] GC(56) Humongous regions: 0->0
[2025-08-28T13:01:34.260+0000][1088069][info ][gc,metaspace] GC(56) Metaspace: 140782K(144704K)->140782K(144704K) NonClass: 121505K(123584K)->121505K(123584K) Class: 19277K(21120K)->19277K(21120K)
[2025-08-28T13:01:34.260+0000][1088069][info ][gc          ] GC(56) Pause Young (Normal) (G1 Evacuation Pause) 396M->96M(512M) 2.094ms
[2025-08-28T13:01:34.261+0000][1088069][info ][gc,cpu      ] GC(56) User=0.01s Sys=0.00s Real=0.00s
[2025-08-28T13:01:34.261+0000][1088069][info ][safepoint   ] Safepoint "G1CollectForAllocation", Time since last: 921646563 ns, Reaching safepoint: 211277 ns, Cleanup: 16505 ns, At safepoint: 2199665 ns, Total: 2427447 ns
[2025-08-28T13:01:36.261+0000][1088069][info ][safepoint   ] Safepoint "Cleanup", Time since last: 2000182259 ns, Reaching safepoint: 161213 ns, Cleanup: 20390 ns, At safepoint: 3325 ns, Total: 184928 ns
[2025-08-28T13:01:37.355+0000][1088069][info ][safepoint   ] Safepoint "Cleanup", Time since last: 1094282397 ns, Reaching safepoint: 16936 ns, Cleanup: 14862 ns, At safepoint: 3145 ns, Total: 34943 ns
[2025-08-28T13:01:37.516+0000][1088069][info ][gc,start    ] GC(57) Pause Young (Normal) (G1 Evacuation Pause)
[2025-08-28T13:01:37.516+0000][1088069][info ][gc,task     ] GC(57) Using 12 workers of 33 for evacuation
[2025-08-28T13:01:37.516+0000][1088069][debug][gc,age      ] GC(57) Desired survivor size 20971520 bytes, new threshold 15 (max threshold 15)
[2025-08-28T13:01:37.521+0000][1088069][info ][gc,phases   ] GC(57)   Pre Evacuate Collection Set: 0.3ms
[2025-08-28T13:01:37.521+0000][1088069][info ][gc,phases   ] GC(57)   Merge Heap Roots: 0.1ms
[2025-08-28T13:01:37.521+0000][1088069][info ][gc,phases   ] GC(57)   Evacuate Collection Set: 3.3ms
[2025-08-28T13:01:37.521+0000][1088069][info ][gc,phases   ] GC(57)   Post Evacuate Collection Set: 0.4ms
[2025-08-28T13:01:37.521+0000][1088069][info ][gc,phases   ] GC(57)   Other: 0.1ms
[2025-08-28T13:01:37.521+0000][1088069][trace][gc,age      ] GC(57) Age table with threshold 15 (max threshold 15)
[2025-08-28T13:01:37.521+0000][1088069][trace][gc,age      ] GC(57) - age   1:       7824 bytes,       7824 total
[2025-08-28T13:01:37.521+0000][1088069][trace][gc,age      ] GC(57) - age   2:        928 bytes,       8752 total
[2025-08-28T13:01:37.521+0000][1088069][trace][gc,age      ] GC(57) - age   3:       4368 bytes,      13120 total
[2025-08-28T13:01:37.521+0000][1088069][trace][gc,age      ] GC(57) - age   5:       1200 bytes,      14320 total
[2025-08-28T13:01:37.521+0000][1088069][trace][gc,age      ] GC(57) - age   6:       6840 bytes,      21160 total
[2025-08-28T13:01:37.521+0000][1088069][trace][gc,age      ] GC(57) - age   7:        832 bytes,      21992 total
[2025-08-28T13:01:37.521+0000][1088069][trace][gc,age      ] GC(57) - age   8:       1064 bytes,      23056 total
[2025-08-28T13:01:37.521+0000][1088069][trace][gc,age      ] GC(57) - age   9:       4080 bytes,      27136 total
[2025-08-28T13:01:37.521+0000][1088069][trace][gc,age      ] GC(57) - age  10:        232 bytes,      27368 total
[2025-08-28T13:01:37.521+0000][1088069][trace][gc,age      ] GC(57) - age  11:        248 bytes,      27616 total
[2025-08-28T13:01:37.521+0000][1088069][trace][gc,age      ] GC(57) - age  12:        896 bytes,      28512 total
[2025-08-28T13:01:37.521+0000][1088069][trace][gc,age      ] GC(57) - age  14:       2488 bytes,      31000 total
[2025-08-28T13:01:37.521+0000][1088069][info ][gc,heap     ] GC(57) Eden regions: 75->0(75)
[2025-08-28T13:01:37.521+0000][1088069][info ][gc,heap     ] GC(57) Survivor regions: 1->1(10)
[2025-08-28T13:01:37.521+0000][1088069][info ][gc,heap     ] GC(57) Old regions: 25->25
[2025-08-28T13:01:37.521+0000][1088069][info ][gc,heap     ] GC(57) Humongous regions: 0->0
[2025-08-28T13:01:37.521+0000][1088069][info ][gc,metaspace] GC(57) Metaspace: 140785K(144704K)->140785K(144704K) NonClass: 121508K(123584K)->121508K(123584K) Class: 19277K(21120K)->19277K(21120K)
[2025-08-28T13:01:37.521+0000][1088069][info ][gc          ] GC(57) Pause Young (Normal) (G1 Evacuation Pause) 396M->96M(512M) 4.406ms
[2025-08-28T13:01:37.521+0000][1088069][info ][gc,cpu      ] GC(57) User=0.01s Sys=0.00s Real=0.01s
[2025-08-28T13:01:37.521+0000][1088069][info ][safepoint   ] Safepoint "G1CollectForAllocation", Time since last: 160916063 ns, Reaching safepoint: 16886 ns, Cleanup: 5949 ns, At safepoint: 4503086 ns, Total: 4525921 ns
[2025-08-28T13:01:40.441+0000][1088069][info ][gc,start    ] GC(58) Pause Young (Normal) (G1 Evacuation Pause)
[2025-08-28T13:01:40.441+0000][1088069][info ][gc,task     ] GC(58) Using 12 workers of 33 for evacuation
[2025-08-28T13:01:40.441+0000][1088069][debug][gc,age      ] GC(58) Desired survivor size 20971520 bytes, new threshold 15 (max threshold 15)
[2025-08-28T13:01:40.444+0000][1088069][info ][gc,phases   ] GC(58)   Pre Evacuate Collection Set: 0.1ms
[2025-08-28T13:01:40.444+0000][1088069][info ][gc,phases   ] GC(58)   Merge Heap Roots: 0.1ms
[2025-08-28T13:01:40.444+0000][1088069][info ][gc,phases   ] GC(58)   Evacuate Collection Set: 1.5ms
[2025-08-28T13:01:40.444+0000][1088069][info ][gc,phases   ] GC(58)   Post Evacuate Collection Set: 0.3ms
[2025-08-28T13:01:40.444+0000][1088069][info ][gc,phases   ] GC(58)   Other: 0.1ms
[2025-08-28T13:01:40.444+0000][1088069][trace][gc,age      ] GC(58) Age table with threshold 15 (max threshold 15)
[2025-08-28T13:01:40.444+0000][1088069][trace][gc,age      ] GC(58) - age   1:       9192 bytes,       9192 total
[2025-08-28T13:01:40.444+0000][1088069][trace][gc,age      ] GC(58) - age   2:       1568 bytes,      10760 total
[2025-08-28T13:01:40.444+0000][1088069][trace][gc,age      ] GC(58) - age   3:        216 bytes,      10976 total
[2025-08-28T13:01:40.444+0000][1088069][trace][gc,age      ] GC(58) - age   4:       4368 bytes,      15344 total
[2025-08-28T13:01:40.444+0000][1088069][trace][gc,age      ] GC(58) - age   6:       1200 bytes,      16544 total
[2025-08-28T13:01:40.444+0000][1088069][trace][gc,age      ] GC(58) - age   7:       6840 bytes,      23384 total
[2025-08-28T13:01:40.444+0000][1088069][trace][gc,age      ] GC(58) - age   8:        608 bytes,      23992 total
[2025-08-28T13:01:40.444+0000][1088069][trace][gc,age      ] GC(58) - age   9:       1064 bytes,      25056 total
[2025-08-28T13:01:40.444+0000][1088069][trace][gc,age      ] GC(58) - age  10:       4080 bytes,      29136 total
[2025-08-28T13:01:40.444+0000][1088069][trace][gc,age      ] GC(58) - age  11:        232 bytes,      29368 total
[2025-08-28T13:01:40.444+0000][1088069][trace][gc,age      ] GC(58) - age  12:        248 bytes,      29616 total
[2025-08-28T13:01:40.444+0000][1088069][trace][gc,age      ] GC(58) - age  13:        896 bytes,      30512 total
[2025-08-28T13:01:40.444+0000][1088069][trace][gc,age      ] GC(58) - age  15:       2488 bytes,      33000 total
[2025-08-28T13:01:40.444+0000][1088069][info ][gc,heap     ] GC(58) Eden regions: 75->0(75)
[2025-08-28T13:01:40.444+0000][1088069][info ][gc,heap     ] GC(58) Survivor regions: 1->1(10)
[2025-08-28T13:01:40.444+0000][1088069][info ][gc,heap     ] GC(58) Old regions: 25->25
[2025-08-28T13:01:40.444+0000][1088069][info ][gc,heap     ] GC(58) Humongous regions: 0->0
[2025-08-28T13:01:40.444+0000][1088069][info ][gc,metaspace] GC(58) Metaspace: 140787K(144704K)->140787K(144704K) NonClass: 121510K(123584K)->121510K(123584K) Class: 19277K(21120K)->19277K(21120K)
[2025-08-28T13:01:40.444+0000][1088069][info ][gc          ] GC(58) Pause Young (Normal) (G1 Evacuation Pause) 396M->96M(512M) 2.269ms
[2025-08-28T13:01:40.444+0000][1088069][info ][gc,cpu      ] GC(58) User=0.01s Sys=0.00s Real=0.00s
[2025-08-28T13:01:40.444+0000][1088069][info ][safepoint   ] Safepoint "G1CollectForAllocation", Time since last: 2920536741 ns, Reaching safepoint: 146620 ns, Cleanup: 6360 ns, At safepoint: 2362459 ns, Total: 2515439 ns
[2025-08-28T13:01:41.444+0000][1088069][info ][safepoint   ] Safepoint "Cleanup", Time since last: 1000088070 ns, Reaching safepoint: 48263 ns, Cleanup: 21943 ns, At safepoint: 6179 ns, Total: 76385 ns
[2025-08-28T13:01:42.444+0000][1088069][info ][safepoint   ] Safepoint "Cleanup", Time since last: 1000131686 ns, Reaching safepoint: 62704 ns, Cleanup: 14592 ns, At safepoint: 3054 ns, Total: 80350 ns
[2025-08-28T13:01:43.392+0000][1088069][info ][gc,start    ] GC(59) Pause Young (Normal) (G1 Evacuation Pause)
[2025-08-28T13:01:43.392+0000][1088069][info ][gc,task     ] GC(59) Using 12 workers of 33 for evacuation
[2025-08-28T13:01:43.392+0000][1088069][debug][gc,age      ] GC(59) Desired survivor size 20971520 bytes, new threshold 15 (max threshold 15)
[2025-08-28T13:01:43.395+0000][1088069][info ][gc,phases   ] GC(59)   Pre Evacuate Collection Set: 0.3ms
[2025-08-28T13:01:43.395+0000][1088069][info ][gc,phases   ] GC(59)   Merge Heap Roots: 0.1ms
[2025-08-28T13:01:43.395+0000][1088069][info ][gc,phases   ] GC(59)   Evacuate Collection Set: 2.3ms
[2025-08-28T13:01:43.395+0000][1088069][info ][gc,phases   ] GC(59)   Post Evacuate Collection Set: 0.6ms
[2025-08-28T13:01:43.395+0000][1088069][info ][gc,phases   ] GC(59)   Other: 0.1ms
[2025-08-28T13:01:43.395+0000][1088069][trace][gc,age      ] GC(59) Age table with threshold 15 (max threshold 15)
[2025-08-28T13:01:43.395+0000][1088069][trace][gc,age      ] GC(59) - age   1:     622368 bytes,     622368 total
[2025-08-28T13:01:43.395+0000][1088069][trace][gc,age      ] GC(59) - age   2:        936 bytes,     623304 total
[2025-08-28T13:01:43.395+0000][1088069][trace][gc,age      ] GC(59) - age   3:       1568 bytes,     624872 total
[2025-08-28T13:01:43.395+0000][1088069][trace][gc,age      ] GC(59) - age   4:        216 bytes,     625088 total
[2025-08-28T13:01:43.395+0000][1088069][trace][gc,age      ] GC(59) - age   5:       4128 bytes,     629216 total
[2025-08-28T13:01:43.395+0000][1088069][trace][gc,age      ] GC(59) - age   7:       1200 bytes,     630416 total
[2025-08-28T13:01:43.395+0000][1088069][trace][gc,age      ] GC(59) - age   8:       6840 bytes,     637256 total
[2025-08-28T13:01:43.395+0000][1088069][trace][gc,age      ] GC(59) - age   9:        608 bytes,     637864 total
[2025-08-28T13:01:43.395+0000][1088069][trace][gc,age      ] GC(59) - age  10:       1064 bytes,     638928 total
[2025-08-28T13:01:43.395+0000][1088069][trace][gc,age      ] GC(59) - age  11:       4080 bytes,     643008 total
[2025-08-28T13:01:43.395+0000][1088069][trace][gc,age      ] GC(59) - age  12:        232 bytes,     643240 total
[2025-08-28T13:01:43.395+0000][1088069][trace][gc,age      ] GC(59) - age  13:        248 bytes,     643488 total
[2025-08-28T13:01:43.395+0000][1088069][trace][gc,age      ] GC(59) - age  14:        896 bytes,     644384 total
[2025-08-28T13:01:43.395+0000][1088069][info ][gc,heap     ] GC(59) Eden regions: 75->0(75)
[2025-08-28T13:01:43.395+0000][1088069][info ][gc,heap     ] GC(59) Survivor regions: 1->1(10)
[2025-08-28T13:01:43.395+0000][1088069][info ][gc,heap     ] GC(59) Old regions: 25->25
[2025-08-28T13:01:43.395+0000][1088069][info ][gc,heap     ] GC(59) Humongous regions: 0->0
[2025-08-28T13:01:43.395+0000][1088069][info ][gc,metaspace] GC(59) Metaspace: 140789K(144704K)->140789K(144704K) NonClass: 121512K(123584K)->121512K(123584K) Class: 19277K(21120K)->19277K(21120K)
[2025-08-28T13:01:43.395+0000][1088069][info ][gc          ] GC(59) Pause Young (Normal) (G1 Evacuation Pause) 396M->97M(512M) 3.544ms
[2025-08-28T13:01:43.395+0000][1088069][info ][gc,cpu      ] GC(59) User=0.00s Sys=0.01s Real=0.00s
[2025-08-28T13:01:43.395+0000][1088069][info ][safepoint   ] Safepoint "G1CollectForAllocation", Time since last: 947394753 ns, Reaching safepoint: 15643 ns, Cleanup: 15213 ns, At safepoint: 3733811 ns, Total: 3764667 ns
[2025-08-28T13:01:46.329+0000][1088069][info ][gc,start    ] GC(60) Pause Young (Normal) (G1 Evacuation Pause)
[2025-08-28T13:01:46.329+0000][1088069][info ][gc,task     ] GC(60) Using 12 workers of 33 for evacuation
[2025-08-28T13:01:46.329+0000][1088069][debug][gc,age      ] GC(60) Desired survivor size 20971520 bytes, new threshold 15 (max threshold 15)
[2025-08-28T13:01:46.331+0000][1088069][info ][gc,phases   ] GC(60)   Pre Evacuate Collection Set: 0.2ms
[2025-08-28T13:01:46.331+0000][1088069][info ][gc,phases   ] GC(60)   Merge Heap Roots: 0.1ms
[2025-08-28T13:01:46.331+0000][1088069][info ][gc,phases   ] GC(60)   Evacuate Collection Set: 1.3ms
[2025-08-28T13:01:46.331+0000][1088069][info ][gc,phases   ] GC(60)   Post Evacuate Collection Set: 0.4ms
[2025-08-28T13:01:46.331+0000][1088069][info ][gc,phases   ] GC(60)   Other: 0.1ms
[2025-08-28T13:01:46.331+0000][1088069][trace][gc,age      ] GC(60) Age table with threshold 15 (max threshold 15)
[2025-08-28T13:01:46.331+0000][1088069][trace][gc,age      ] GC(60) - age   1:       6968 bytes,       6968 total
[2025-08-28T13:01:46.331+0000][1088069][trace][gc,age      ] GC(60) - age   2:        416 bytes,       7384 total
[2025-08-28T13:01:46.331+0000][1088069][trace][gc,age      ] GC(60) - age   3:        224 bytes,       7608 total
[2025-08-28T13:01:46.331+0000][1088069][trace][gc,age      ] GC(60) - age   4:       1320 bytes,       8928 total
[2025-08-28T13:01:46.331+0000][1088069][trace][gc,age      ] GC(60) - age   5:        216 bytes,       9144 total
[2025-08-28T13:01:46.331+0000][1088069][trace][gc,age      ] GC(60) - age   6:       4128 bytes,      13272 total
[2025-08-28T13:01:46.331+0000][1088069][trace][gc,age      ] GC(60) - age   8:       1200 bytes,      14472 total
[2025-08-28T13:01:46.331+0000][1088069][trace][gc,age      ] GC(60) - age   9:       6840 bytes,      21312 total
[2025-08-28T13:01:46.331+0000][1088069][trace][gc,age      ] GC(60) - age  10:        608 bytes,      21920 total
[2025-08-28T13:01:46.331+0000][1088069][trace][gc,age      ] GC(60) - age  11:       1064 bytes,      22984 total
[2025-08-28T13:01:46.331+0000][1088069][trace][gc,age      ] GC(60) - age  12:       4080 bytes,      27064 total
[2025-08-28T13:01:46.331+0000][1088069][trace][gc,age      ] GC(60) - age  13:        232 bytes,      27296 total
[2025-08-28T13:01:46.331+0000][1088069][trace][gc,age      ] GC(60) - age  14:        248 bytes,      27544 total
[2025-08-28T13:01:46.331+0000][1088069][trace][gc,age      ] GC(60) - age  15:        896 bytes,      28440 total
[2025-08-28T13:01:46.331+0000][1088069][info ][gc,heap     ] GC(60) Eden regions: 75->0(75)
[2025-08-28T13:01:46.331+0000][1088069][info ][gc,heap     ] GC(60) Survivor regions: 1->1(10)
[2025-08-28T13:01:46.331+0000][1088069][info ][gc,heap     ] GC(60) Old regions: 25->25
[2025-08-28T13:01:46.331+0000][1088069][info ][gc,heap     ] GC(60) Humongous regions: 0->0
[2025-08-28T13:01:46.331+0000][1088069][info ][gc,metaspace] GC(60) Metaspace: 140792K(144704K)->140792K(144704K) NonClass: 121515K(123584K)->121515K(123584K) Class: 19277K(21120K)->19277K(21120K)
[2025-08-28T13:01:46.331+0000][1088069][info ][gc          ] GC(60) Pause Young (Normal) (G1 Evacuation Pause) 397M->96M(512M) 2.183ms
[2025-08-28T13:01:46.331+0000][1088069][info ][gc,cpu      ] GC(60) User=0.01s Sys=0.00s Real=0.01s
[2025-08-28T13:01:46.331+0000][1088069][info ][safepoint   ] Safepoint "G1CollectForAllocation", Time since last: 2933335371 ns, Reaching safepoint: 40351 ns, Cleanup: 9394 ns, At safepoint: 2309971 ns, Total: 2359716 ns
[2025-08-28T13:01:49.254+0000][1088069][info ][gc,start    ] GC(61) Pause Young (Normal) (G1 Evacuation Pause)
[2025-08-28T13:01:49.254+0000][1088069][info ][gc,task     ] GC(61) Using 12 workers of 33 for evacuation
[2025-08-28T13:01:49.254+0000][1088069][debug][gc,age      ] GC(61) Desired survivor size 20971520 bytes, new threshold 15 (max threshold 15)
[2025-08-28T13:01:49.256+0000][1088069][info ][gc,phases   ] GC(61)   Pre Evacuate Collection Set: 0.2ms
[2025-08-28T13:01:49.256+0000][1088069][info ][gc,phases   ] GC(61)   Merge Heap Roots: 0.1ms
[2025-08-28T13:01:49.256+0000][1088069][info ][gc,phases   ] GC(61)   Evacuate Collection Set: 1.1ms
[2025-08-28T13:01:49.256+0000][1088069][info ][gc,phases   ] GC(61)   Post Evacuate Collection Set: 0.3ms
[2025-08-28T13:01:49.256+0000][1088069][info ][gc,phases   ] GC(61)   Other: 0.1ms
[2025-08-28T13:01:49.256+0000][1088069][trace][gc,age      ] GC(61) Age table with threshold 15 (max threshold 15)
[2025-08-28T13:01:49.256+0000][1088069][trace][gc,age      ] GC(61) - age   1:     676280 bytes,     676280 total
[2025-08-28T13:01:49.256+0000][1088069][trace][gc,age      ] GC(61) - age   3:        416 bytes,     676696 total
[2025-08-28T13:01:49.256+0000][1088069][trace][gc,age      ] GC(61) - age   4:        224 bytes,     676920 total
[2025-08-28T13:01:49.256+0000][1088069][trace][gc,age      ] GC(61) - age   5:       1320 bytes,     678240 total
[2025-08-28T13:01:49.256+0000][1088069][trace][gc,age      ] GC(61) - age   6:        216 bytes,     678456 total
[2025-08-28T13:01:49.256+0000][1088069][trace][gc,age      ] GC(61) - age   7:       4128 bytes,     682584 total
[2025-08-28T13:01:49.256+0000][1088069][trace][gc,age      ] GC(61) - age   9:       1200 bytes,     683784 total
[2025-08-28T13:01:49.256+0000][1088069][trace][gc,age      ] GC(61) - age  10:       6840 bytes,     690624 total
[2025-08-28T13:01:49.256+0000][1088069][trace][gc,age      ] GC(61) - age  11:        432 bytes,     691056 total
[2025-08-28T13:01:49.256+0000][1088069][trace][gc,age      ] GC(61) - age  12:       1064 bytes,     692120 total
[2025-08-28T13:01:49.256+0000][1088069][trace][gc,age      ] GC(61) - age  13:       4080 bytes,     696200 total
[2025-08-28T13:01:49.256+0000][1088069][trace][gc,age      ] GC(61) - age  14:        232 bytes,     696432 total
[2025-08-28T13:01:49.256+0000][1088069][trace][gc,age      ] GC(61) - age  15:        248 bytes,     696680 total
[2025-08-28T13:01:49.256+0000][1088069][info ][gc,heap     ] GC(61) Eden regions: 75->0(75)
[2025-08-28T13:01:49.256+0000][1088069][info ][gc,heap     ] GC(61) Survivor regions: 1->1(10)
[2025-08-28T13:01:49.256+0000][1088069][info ][gc,heap     ] GC(61) Old regions: 25->25
[2025-08-28T13:01:49.256+0000][1088069][info ][gc,heap     ] GC(61) Humongous regions: 0->0
[2025-08-28T13:01:49.256+0000][1088069][info ][gc,metaspace] GC(61) Metaspace: 140792K(144704K)->140792K(144704K) NonClass: 121515K(123584K)->121515K(123584K) Class: 19277K(21120K)->19277K(21120K)
[2025-08-28T13:01:49.256+0000][1088069][info ][gc          ] GC(61) Pause Young (Normal) (G1 Evacuation Pause) 396M->97M(512M) 1.838ms
[2025-08-28T13:01:49.256+0000][1088069][info ][gc,cpu      ] GC(61) User=0.01s Sys=0.00s Real=0.00s
[2025-08-28T13:01:49.256+0000][1088069][info ][safepoint   ] Safepoint "G1CollectForAllocation", Time since last: 2922894834 ns, Reaching safepoint: 16655 ns, Cleanup: 5659 ns, At safepoint: 1932854 ns, Total: 1955168 ns
[2025-08-28T13:01:51.256+0000][1088069][info ][safepoint   ] Safepoint "Cleanup", Time since last: 2000122008 ns, Reaching safepoint: 47612 ns, Cleanup: 25158 ns, At safepoint: 5889 ns, Total: 78659 ns
[2025-08-28T13:01:52.179+0000][1088069][info ][gc,start    ] GC(62) Pause Young (Normal) (G1 Evacuation Pause)
[2025-08-28T13:01:52.179+0000][1088069][info ][gc,task     ] GC(62) Using 12 workers of 33 for evacuation
[2025-08-28T13:01:52.179+0000][1088069][debug][gc,age      ] GC(62) Desired survivor size 20971520 bytes, new threshold 15 (max threshold 15)
[2025-08-28T13:01:52.181+0000][1088069][info ][gc,phases   ] GC(62)   Pre Evacuate Collection Set: 0.2ms
[2025-08-28T13:01:52.181+0000][1088069][info ][gc,phases   ] GC(62)   Merge Heap Roots: 0.1ms
[2025-08-28T13:01:52.181+0000][1088069][info ][gc,phases   ] GC(62)   Evacuate Collection Set: 1.2ms
[2025-08-28T13:01:52.181+0000][1088069][info ][gc,phases   ] GC(62)   Post Evacuate Collection Set: 0.3ms
[2025-08-28T13:01:52.181+0000][1088069][info ][gc,phases   ] GC(62)   Other: 0.1ms
[2025-08-28T13:01:52.181+0000][1088069][trace][gc,age      ] GC(62) Age table with threshold 15 (max threshold 15)
[2025-08-28T13:01:52.181+0000][1088069][trace][gc,age      ] GC(62) - age   1:     679880 bytes,     679880 total
[2025-08-28T13:01:52.181+0000][1088069][trace][gc,age      ] GC(62) - age   2:       1416 bytes,     681296 total
[2025-08-28T13:01:52.181+0000][1088069][trace][gc,age      ] GC(62) - age   4:        176 bytes,     681472 total
[2025-08-28T13:01:52.181+0000][1088069][trace][gc,age      ] GC(62) - age   5:        224 bytes,     681696 total
[2025-08-28T13:01:52.181+0000][1088069][trace][gc,age      ] GC(62) - age   6:       1320 bytes,     683016 total
[2025-08-28T13:01:52.181+0000][1088069][trace][gc,age      ] GC(62) - age   7:        216 bytes,     683232 total
[2025-08-28T13:01:52.181+0000][1088069][trace][gc,age      ] GC(62) - age   8:       4128 bytes,     687360 total
[2025-08-28T13:01:52.181+0000][1088069][trace][gc,age      ] GC(62) - age  10:       1136 bytes,     688496 total
[2025-08-28T13:01:52.181+0000][1088069][trace][gc,age      ] GC(62) - age  11:       1376 bytes,     689872 total
[2025-08-28T13:01:52.181+0000][1088069][trace][gc,age      ] GC(62) - age  12:        432 bytes,     690304 total
[2025-08-28T13:01:52.181+0000][1088069][trace][gc,age      ] GC(62) - age  13:       1064 bytes,     691368 total
[2025-08-28T13:01:52.181+0000][1088069][trace][gc,age      ] GC(62) - age  14:       4080 bytes,     695448 total
[2025-08-28T13:01:52.181+0000][1088069][trace][gc,age      ] GC(62) - age  15:        232 bytes,     695680 total
[2025-08-28T13:01:52.181+0000][1088069][info ][gc,heap     ] GC(62) Eden regions: 75->0(75)
[2025-08-28T13:01:52.181+0000][1088069][info ][gc,heap     ] GC(62) Survivor regions: 1->1(10)
[2025-08-28T13:01:52.181+0000][1088069][info ][gc,heap     ] GC(62) Old regions: 25->25
[2025-08-28T13:01:52.181+0000][1088069][info ][gc,heap     ] GC(62) Humongous regions: 0->0
[2025-08-28T13:01:52.181+0000][1088069][info ][gc,metaspace] GC(62) Metaspace: 140805K(144704K)->140805K(144704K) NonClass: 121528K(123584K)->121528K(123584K) Class: 19277K(21120K)->19277K(21120K)
[2025-08-28T13:01:52.181+0000][1088069][info ][gc          ] GC(62) Pause Young (Normal) (G1 Evacuation Pause) 397M->97M(512M) 2.033ms
[2025-08-28T13:01:52.181+0000][1088069][info ][gc,cpu      ] GC(62) User=0.00s Sys=0.00s Real=0.01s
[2025-08-28T13:01:52.181+0000][1088069][info ][safepoint   ] Safepoint "G1CollectForAllocation", Time since last: 923286407 ns, Reaching safepoint: 16094 ns, Cleanup: 45558 ns, At safepoint: 2124312 ns, Total: 2185964 ns
[2025-08-28T13:01:53.182+0000][1088069][info ][safepoint   ] Safepoint "Cleanup", Time since last: 1000093769 ns, Reaching safepoint: 56204 ns, Cleanup: 22214 ns, At safepoint: 3455 ns, Total: 81873 ns
[2025-08-28T13:01:55.129+0000][1088069][info ][safepoint   ] Safepoint "Cleanup", Time since last: 1947404284 ns, Reaching safepoint: 14812 ns, Cleanup: 19119 ns, At safepoint: 3065 ns, Total: 36996 ns
[2025-08-28T13:01:55.705+0000][1088069][info ][gc,start    ] GC(63) Pause Young (Normal) (G1 Evacuation Pause)
[2025-08-28T13:01:55.706+0000][1088069][info ][gc,task     ] GC(63) Using 12 workers of 33 for evacuation
[2025-08-28T13:01:55.706+0000][1088069][debug][gc,age      ] GC(63) Desired survivor size 20971520 bytes, new threshold 15 (max threshold 15)
[2025-08-28T13:01:55.708+0000][1088069][info ][gc,phases   ] GC(63)   Pre Evacuate Collection Set: 0.2ms
[2025-08-28T13:01:55.708+0000][1088069][info ][gc,phases   ] GC(63)   Merge Heap Roots: 0.1ms
[2025-08-28T13:01:55.708+0000][1088069][info ][gc,phases   ] GC(63)   Evacuate Collection Set: 1.6ms
[2025-08-28T13:01:55.708+0000][1088069][info ][gc,phases   ] GC(63)   Post Evacuate Collection Set: 0.3ms
[2025-08-28T13:01:55.708+0000][1088069][info ][gc,phases   ] GC(63)   Other: 0.1ms
[2025-08-28T13:01:55.708+0000][1088069][trace][gc,age      ] GC(63) Age table with threshold 15 (max threshold 15)
[2025-08-28T13:01:55.708+0000][1088069][trace][gc,age      ] GC(63) - age   1:     291512 bytes,     291512 total
[2025-08-28T13:01:55.708+0000][1088069][trace][gc,age      ] GC(63) - age   2:       7912 bytes,     299424 total
[2025-08-28T13:01:55.708+0000][1088069][trace][gc,age      ] GC(63) - age   3:        704 bytes,     300128 total
[2025-08-28T13:01:55.708+0000][1088069][trace][gc,age      ] GC(63) - age   5:        176 bytes,     300304 total
[2025-08-28T13:01:55.708+0000][1088069][trace][gc,age      ] GC(63) - age   6:        224 bytes,     300528 total
[2025-08-28T13:01:55.708+0000][1088069][trace][gc,age      ] GC(63) - age   7:        872 bytes,     301400 total
[2025-08-28T13:01:55.708+0000][1088069][trace][gc,age      ] GC(63) - age   8:        216 bytes,     301616 total
[2025-08-28T13:01:55.708+0000][1088069][trace][gc,age      ] GC(63) - age   9:       4128 bytes,     305744 total
[2025-08-28T13:01:55.708+0000][1088069][trace][gc,age      ] GC(63) - age  11:        584 bytes,     306328 total
[2025-08-28T13:01:55.708+0000][1088069][trace][gc,age      ] GC(63) - age  12:        760 bytes,     307088 total
[2025-08-28T13:01:55.708+0000][1088069][trace][gc,age      ] GC(63) - age  13:        432 bytes,     307520 total
[2025-08-28T13:01:55.708+0000][1088069][trace][gc,age      ] GC(63) - age  14:       1064 bytes,     308584 total
[2025-08-28T13:01:55.708+0000][1088069][trace][gc,age      ] GC(63) - age  15:       4080 bytes,     312664 total
[2025-08-28T13:01:55.708+0000][1088069][info ][gc,heap     ] GC(63) Eden regions: 75->0(75)
[2025-08-28T13:01:55.708+0000][1088069][info ][gc,heap     ] GC(63) Survivor regions: 1->1(10)
[2025-08-28T13:01:55.708+0000][1088069][info ][gc,heap     ] GC(63) Old regions: 25->25
[2025-08-28T13:01:55.708+0000][1088069][info ][gc,heap     ] GC(63) Humongous regions: 0->0
[2025-08-28T13:01:55.708+0000][1088069][info ][gc,metaspace] GC(63) Metaspace: 140814K(144768K)->140814K(144768K) NonClass: 121537K(123648K)->121537K(123648K) Class: 19277K(21120K)->19277K(21120K)
[2025-08-28T13:01:55.708+0000][1088069][info ][gc          ] GC(63) Pause Young (Normal) (G1 Evacuation Pause) 397M->97M(512M) 2.403ms
[2025-08-28T13:01:55.708+0000][1088069][info ][gc,cpu      ] GC(63) User=0.00s Sys=0.01s Real=0.00s
[2025-08-28T13:01:55.708+0000][1088069][info ][safepoint   ] Safepoint "G1CollectForAllocation", Time since last: 576038179 ns, Reaching safepoint: 271478 ns, Cleanup: 25318 ns, At safepoint: 2491564 ns, Total: 2788360 ns
[2025-08-28T13:01:56.708+0000][1088069][info ][safepoint   ] Safepoint "Cleanup", Time since last: 1000086407 ns, Reaching safepoint: 50736 ns, Cleanup: 19219 ns, At safepoint: 5769 ns, Total: 75724 ns
[2025-08-28T13:01:58.643+0000][1088069][info ][gc,start    ] GC(64) Pause Young (Normal) (G1 Evacuation Pause)
[2025-08-28T13:01:58.643+0000][1088069][info ][gc,task     ] GC(64) Using 12 workers of 33 for evacuation
[2025-08-28T13:01:58.643+0000][1088069][debug][gc,age      ] GC(64) Desired survivor size 20971520 bytes, new threshold 15 (max threshold 15)
[2025-08-28T13:01:58.645+0000][1088069][info ][gc,phases   ] GC(64)   Pre Evacuate Collection Set: 0.2ms
[2025-08-28T13:01:58.645+0000][1088069][info ][gc,phases   ] GC(64)   Merge Heap Roots: 0.1ms
[2025-08-28T13:01:58.645+0000][1088069][info ][gc,phases   ] GC(64)   Evacuate Collection Set: 1.2ms
[2025-08-28T13:01:58.645+0000][1088069][info ][gc,phases   ] GC(64)   Post Evacuate Collection Set: 0.3ms
[2025-08-28T13:01:58.645+0000][1088069][info ][gc,phases   ] GC(64)   Other: 0.1ms
[2025-08-28T13:01:58.645+0000][1088069][trace][gc,age      ] GC(64) Age table with threshold 15 (max threshold 15)
[2025-08-28T13:01:58.645+0000][1088069][trace][gc,age      ] GC(64) - age   1:     675936 bytes,     675936 total
[2025-08-28T13:01:58.645+0000][1088069][trace][gc,age      ] GC(64) - age   2:       2680 bytes,     678616 total
[2025-08-28T13:01:58.645+0000][1088069][trace][gc,age      ] GC(64) - age   3:       7912 bytes,     686528 total
[2025-08-28T13:01:58.645+0000][1088069][trace][gc,age      ] GC(64) - age   4:        704 bytes,     687232 total
[2025-08-28T13:01:58.645+0000][1088069][trace][gc,age      ] GC(64) - age   6:        176 bytes,     687408 total
[2025-08-28T13:01:58.645+0000][1088069][trace][gc,age      ] GC(64) - age   8:        872 bytes,     688280 total
[2025-08-28T13:01:58.645+0000][1088069][trace][gc,age      ] GC(64) - age   9:        216 bytes,     688496 total
[2025-08-28T13:01:58.645+0000][1088069][trace][gc,age      ] GC(64) - age  10:       4128 bytes,     692624 total
[2025-08-28T13:01:58.645+0000][1088069][trace][gc,age      ] GC(64) - age  12:        584 bytes,     693208 total
[2025-08-28T13:01:58.645+0000][1088069][trace][gc,age      ] GC(64) - age  13:        760 bytes,     693968 total
[2025-08-28T13:01:58.645+0000][1088069][trace][gc,age      ] GC(64) - age  14:        432 bytes,     694400 total
[2025-08-28T13:01:58.645+0000][1088069][trace][gc,age      ] GC(64) - age  15:       1064 bytes,     695464 total
[2025-08-28T13:01:58.645+0000][1088069][info ][gc,heap     ] GC(64) Eden regions: 75->0(75)
[2025-08-28T13:01:58.645+0000][1088069][info ][gc,heap     ] GC(64) Survivor regions: 1->1(10)
[2025-08-28T13:01:58.645+0000][1088069][info ][gc,heap     ] GC(64) Old regions: 25->25
[2025-08-28T13:01:58.645+0000][1088069][info ][gc,heap     ] GC(64) Humongous regions: 0->0
[2025-08-28T13:01:58.645+0000][1088069][info ][gc,metaspace] GC(64) Metaspace: 140826K(144768K)->140826K(144768K) NonClass: 121549K(123648K)->121549K(123648K) Class: 19277K(21120K)->19277K(21120K)
[2025-08-28T13:01:58.645+0000][1088069][info ][gc          ] GC(64) Pause Young (Normal) (G1 Evacuation Pause) 397M->97M(512M) 2.066ms
[2025-08-28T13:01:58.645+0000][1088069][info ][gc,cpu      ] GC(64) User=0.01s Sys=0.00s Real=0.00s
[2025-08-28T13:01:58.645+0000][1088069][info ][safepoint   ] Safepoint "G1CollectForAllocation", Time since last: 1934881588 ns, Reaching safepoint: 17065 ns, Cleanup: 5999 ns, At safepoint: 2207007 ns, Total: 2230071 ns
[2025-08-28T13:02:01.593+0000][1088069][info ][gc,start    ] GC(65) Pause Young (Normal) (G1 Evacuation Pause)
[2025-08-28T13:02:01.593+0000][1088069][info ][gc,task     ] GC(65) Using 12 workers of 33 for evacuation
[2025-08-28T13:02:01.593+0000][1088069][debug][gc,age      ] GC(65) Desired survivor size 20971520 bytes, new threshold 15 (max threshold 15)
[2025-08-28T13:02:01.595+0000][1088069][info ][gc,phases   ] GC(65)   Pre Evacuate Collection Set: 0.2ms
[2025-08-28T13:02:01.595+0000][1088069][info ][gc,phases   ] GC(65)   Merge Heap Roots: 0.1ms
[2025-08-28T13:02:01.595+0000][1088069][info ][gc,phases   ] GC(65)   Evacuate Collection Set: 1.7ms
[2025-08-28T13:02:01.595+0000][1088069][info ][gc,phases   ] GC(65)   Post Evacuate Collection Set: 0.3ms
[2025-08-28T13:02:01.595+0000][1088069][info ][gc,phases   ] GC(65)   Other: 0.1ms
[2025-08-28T13:02:01.595+0000][1088069][trace][gc,age      ] GC(65) Age table with threshold 15 (max threshold 15)
[2025-08-28T13:02:01.595+0000][1088069][trace][gc,age      ] GC(65) - age   1:     174344 bytes,     174344 total
[2025-08-28T13:02:01.595+0000][1088069][trace][gc,age      ] GC(65) - age   2:        872 bytes,     175216 total
[2025-08-28T13:02:01.595+0000][1088069][trace][gc,age      ] GC(65) - age   3:       1968 bytes,     177184 total
[2025-08-28T13:02:01.595+0000][1088069][trace][gc,age      ] GC(65) - age   4:       7672 bytes,     184856 total
[2025-08-28T13:02:01.595+0000][1088069][trace][gc,age      ] GC(65) - age   5:        704 bytes,     185560 total
[2025-08-28T13:02:01.595+0000][1088069][trace][gc,age      ] GC(65) - age   7:        176 bytes,     185736 total
[2025-08-28T13:02:01.595+0000][1088069][trace][gc,age      ] GC(65) - age   9:        872 bytes,     186608 total
[2025-08-28T13:02:01.595+0000][1088069][trace][gc,age      ] GC(65) - age  10:        216 bytes,     186824 total
[2025-08-28T13:02:01.595+0000][1088069][trace][gc,age      ] GC(65) - age  11:       4128 bytes,     190952 total
[2025-08-28T13:02:01.595+0000][1088069][trace][gc,age      ] GC(65) - age  13:        584 bytes,     191536 total
[2025-08-28T13:02:01.595+0000][1088069][trace][gc,age      ] GC(65) - age  14:        760 bytes,     192296 total
[2025-08-28T13:02:01.595+0000][1088069][trace][gc,age      ] GC(65) - age  15:        432 bytes,     192728 total
[2025-08-28T13:02:01.595+0000][1088069][info ][gc,heap     ] GC(65) Eden regions: 75->0(75)
[2025-08-28T13:02:01.595+0000][1088069][info ][gc,heap     ] GC(65) Survivor regions: 1->1(10)
[2025-08-28T13:02:01.595+0000][1088069][info ][gc,heap     ] GC(65) Old regions: 25->25
[2025-08-28T13:02:01.595+0000][1088069][info ][gc,heap     ] GC(65) Humongous regions: 0->0
[2025-08-28T13:02:01.595+0000][1088069][info ][gc,metaspace] GC(65) Metaspace: 140836K(144768K)->140836K(144768K) NonClass: 121559K(123648K)->121559K(123648K) Class: 19277K(21120K)->19277K(21120K)
[2025-08-28T13:02:01.595+0000][1088069][info ][gc          ] GC(65) Pause Young (Normal) (G1 Evacuation Pause) 397M->96M(512M) 2.501ms
[2025-08-28T13:02:01.596+0000][1088069][info ][gc,cpu      ] GC(65) User=0.01s Sys=0.00s Real=0.00s
[2025-08-28T13:02:01.596+0000][1088069][info ][safepoint   ] Safepoint "G1CollectForAllocation", Time since last: 2947480696 ns, Reaching safepoint: 244538 ns, Cleanup: 17957 ns, At safepoint: 2592515 ns, Total: 2855010 ns
[2025-08-28T13:02:04.530+0000][1088069][info ][gc,start    ] GC(66) Pause Young (Normal) (G1 Evacuation Pause)
[2025-08-28T13:02:04.530+0000][1088069][info ][gc,task     ] GC(66) Using 12 workers of 33 for evacuation
[2025-08-28T13:02:04.530+0000][1088069][debug][gc,age      ] GC(66) Desired survivor size 20971520 bytes, new threshold 15 (max threshold 15)
[2025-08-28T13:02:04.532+0000][1088069][info ][gc,phases   ] GC(66)   Pre Evacuate Collection Set: 0.1ms
[2025-08-28T13:02:04.532+0000][1088069][info ][gc,phases   ] GC(66)   Merge Heap Roots: 0.1ms
[2025-08-28T13:02:04.532+0000][1088069][info ][gc,phases   ] GC(66)   Evacuate Collection Set: 1.3ms
[2025-08-28T13:02:04.532+0000][1088069][info ][gc,phases   ] GC(66)   Post Evacuate Collection Set: 0.3ms
[2025-08-28T13:02:04.532+0000][1088069][info ][gc,phases   ] GC(66)   Other: 0.1ms
[2025-08-28T13:02:04.532+0000][1088069][trace][gc,age      ] GC(66) Age table with threshold 15 (max threshold 15)
[2025-08-28T13:02:04.532+0000][1088069][trace][gc,age      ] GC(66) - age   1:       7440 bytes,       7440 total
[2025-08-28T13:02:04.532+0000][1088069][trace][gc,age      ] GC(66) - age   2:        320 bytes,       7760 total
[2025-08-28T13:02:04.532+0000][1088069][trace][gc,age      ] GC(66) - age   3:        872 bytes,       8632 total
[2025-08-28T13:02:04.532+0000][1088069][trace][gc,age      ] GC(66) - age   4:       1968 bytes,      10600 total
[2025-08-28T13:02:04.532+0000][1088069][trace][gc,age      ] GC(66) - age   5:       7672 bytes,      18272 total
[2025-08-28T13:02:04.532+0000][1088069][trace][gc,age      ] GC(66) - age   6:        704 bytes,      18976 total
[2025-08-28T13:02:04.532+0000][1088069][trace][gc,age      ] GC(66) - age   8:        176 bytes,      19152 total
[2025-08-28T13:02:04.532+0000][1088069][trace][gc,age      ] GC(66) - age  10:        872 bytes,      20024 total
[2025-08-28T13:02:04.532+0000][1088069][trace][gc,age      ] GC(66) - age  11:        216 bytes,      20240 total
[2025-08-28T13:02:04.532+0000][1088069][trace][gc,age      ] GC(66) - age  12:       4128 bytes,      24368 total
[2025-08-28T13:02:04.532+0000][1088069][trace][gc,age      ] GC(66) - age  14:        584 bytes,      24952 total
[2025-08-28T13:02:04.532+0000][1088069][trace][gc,age      ] GC(66) - age  15:        760 bytes,      25712 total
[2025-08-28T13:02:04.532+0000][1088069][info ][gc,heap     ] GC(66) Eden regions: 75->0(75)
[2025-08-28T13:02:04.532+0000][1088069][info ][gc,heap     ] GC(66) Survivor regions: 1->1(10)
[2025-08-28T13:02:04.532+0000][1088069][info ][gc,heap     ] GC(66) Old regions: 25->25
[2025-08-28T13:02:04.532+0000][1088069][info ][gc,heap     ] GC(66) Humongous regions: 0->0
[2025-08-28T13:02:04.532+0000][1088069][info ][gc,metaspace] GC(66) Metaspace: 140848K(144768K)->140848K(144768K) NonClass: 121571K(123648K)->121571K(123648K) Class: 19277K(21120K)->19277K(21120K)
[2025-08-28T13:02:04.532+0000][1088069][info ][gc          ] GC(66) Pause Young (Normal) (G1 Evacuation Pause) 396M->96M(512M) 2.062ms
[2025-08-28T13:02:04.532+0000][1088069][info ][gc,cpu      ] GC(66) User=0.01s Sys=0.00s Real=0.01s
[2025-08-28T13:02:04.532+0000][1088069][info ][safepoint   ] Safepoint "G1CollectForAllocation", Time since last: 2934625701 ns, Reaching safepoint: 16665 ns, Cleanup: 6430 ns, At safepoint: 2159235 ns, Total: 2182330 ns
[2025-08-28T13:02:05.532+0000][1088069][info ][safepoint   ] Safepoint "Cleanup", Time since last: 1000104657 ns, Reaching safepoint: 16535 ns, Cleanup: 14993 ns, At safepoint: 3014 ns, Total: 34542 ns
[2025-08-28T13:02:07.480+0000][1088069][info ][gc,start    ] GC(67) Pause Young (Normal) (G1 Evacuation Pause)
[2025-08-28T13:02:07.481+0000][1088069][info ][gc,task     ] GC(67) Using 12 workers of 33 for evacuation
[2025-08-28T13:02:07.481+0000][1088069][debug][gc,age      ] GC(67) Desired survivor size 20971520 bytes, new threshold 15 (max threshold 15)
[2025-08-28T13:02:07.482+0000][1088069][info ][gc,phases   ] GC(67)   Pre Evacuate Collection Set: 0.2ms
[2025-08-28T13:02:07.482+0000][1088069][info ][gc,phases   ] GC(67)   Merge Heap Roots: 0.1ms
[2025-08-28T13:02:07.483+0000][1088069][info ][gc,phases   ] GC(67)   Evacuate Collection Set: 1.3ms
[2025-08-28T13:02:07.483+0000][1088069][info ][gc,phases   ] GC(67)   Post Evacuate Collection Set: 0.3ms
[2025-08-28T13:02:07.483+0000][1088069][info ][gc,phases   ] GC(67)   Other: 0.1ms
[2025-08-28T13:02:07.483+0000][1088069][trace][gc,age      ] GC(67) Age table with threshold 15 (max threshold 15)
[2025-08-28T13:02:07.483+0000][1088069][trace][gc,age      ] GC(67) - age   1:     657472 bytes,     657472 total
[2025-08-28T13:02:07.483+0000][1088069][trace][gc,age      ] GC(67) - age   2:       1184 bytes,     658656 total
[2025-08-28T13:02:07.483+0000][1088069][trace][gc,age      ] GC(67) - age   3:        320 bytes,     658976 total
[2025-08-28T13:02:07.483+0000][1088069][trace][gc,age      ] GC(67) - age   4:        872 bytes,     659848 total
[2025-08-28T13:02:07.483+0000][1088069][trace][gc,age      ] GC(67) - age   5:       1968 bytes,     661816 total
[2025-08-28T13:02:07.483+0000][1088069][trace][gc,age      ] GC(67) - age   6:       7672 bytes,     669488 total
[2025-08-28T13:02:07.483+0000][1088069][trace][gc,age      ] GC(67) - age   7:        704 bytes,     670192 total
[2025-08-28T13:02:07.483+0000][1088069][trace][gc,age      ] GC(67) - age   9:        176 bytes,     670368 total
[2025-08-28T13:02:07.483+0000][1088069][trace][gc,age      ] GC(67) - age  11:        872 bytes,     671240 total
[2025-08-28T13:02:07.483+0000][1088069][trace][gc,age      ] GC(67) - age  12:        216 bytes,     671456 total
[2025-08-28T13:02:07.483+0000][1088069][trace][gc,age      ] GC(67) - age  13:       4128 bytes,     675584 total
[2025-08-28T13:02:07.483+0000][1088069][trace][gc,age      ] GC(67) - age  15:        584 bytes,     676168 total
[2025-08-28T13:02:07.483+0000][1088069][info ][gc,heap     ] GC(67) Eden regions: 75->0(75)
[2025-08-28T13:02:07.483+0000][1088069][info ][gc,heap     ] GC(67) Survivor regions: 1->1(10)
[2025-08-28T13:02:07.483+0000][1088069][info ][gc,heap     ] GC(67) Old regions: 25->25
[2025-08-28T13:02:07.483+0000][1088069][info ][gc,heap     ] GC(67) Humongous regions: 0->0
[2025-08-28T13:02:07.483+0000][1088069][info ][gc,metaspace] GC(67) Metaspace: 140849K(144768K)->140849K(144768K) NonClass: 121572K(123648K)->121572K(123648K) Class: 19277K(21120K)->19277K(21120K)
[2025-08-28T13:02:07.483+0000][1088069][info ][gc          ] GC(67) Pause Young (Normal) (G1 Evacuation Pause) 396M->97M(512M) 2.112ms
[2025-08-28T13:02:07.483+0000][1088069][info ][gc,cpu      ] GC(67) User=0.01s Sys=0.00s Real=0.01s
[2025-08-28T13:02:07.483+0000][1088069][info ][safepoint   ] Safepoint "G1CollectForAllocation", Time since last: 1947881531 ns, Reaching safepoint: 54282 ns, Cleanup: 6479 ns, At safepoint: 2203261 ns, Total: 2264022 ns
[2025-08-28T13:02:10.418+0000][1088069][info ][gc,start    ] GC(68) Pause Young (Normal) (G1 Evacuation Pause)
[2025-08-28T13:02:10.418+0000][1088069][info ][gc,task     ] GC(68) Using 12 workers of 33 for evacuation
[2025-08-28T13:02:10.418+0000][1088069][debug][gc,age      ] GC(68) Desired survivor size 20971520 bytes, new threshold 15 (max threshold 15)
[2025-08-28T13:02:10.420+0000][1088069][info ][gc,phases   ] GC(68)   Pre Evacuate Collection Set: 0.2ms
[2025-08-28T13:02:10.420+0000][1088069][info ][gc,phases   ] GC(68)   Merge Heap Roots: 0.1ms
[2025-08-28T13:02:10.420+0000][1088069][info ][gc,phases   ] GC(68)   Evacuate Collection Set: 1.6ms
[2025-08-28T13:02:10.420+0000][1088069][info ][gc,phases   ] GC(68)   Post Evacuate Collection Set: 0.3ms
[2025-08-28T13:02:10.420+0000][1088069][info ][gc,phases   ] GC(68)   Other: 0.1ms
[2025-08-28T13:02:10.420+0000][1088069][trace][gc,age      ] GC(68) Age table with threshold 15 (max threshold 15)
[2025-08-28T13:02:10.420+0000][1088069][trace][gc,age      ] GC(68) - age   1:     256528 bytes,     256528 total
[2025-08-28T13:02:10.420+0000][1088069][trace][gc,age      ] GC(68) - age   3:        472 bytes,     257000 total
[2025-08-28T13:02:10.420+0000][1088069][trace][gc,age      ] GC(68) - age   4:        320 bytes,     257320 total
[2025-08-28T13:02:10.420+0000][1088069][trace][gc,age      ] GC(68) - age   5:        872 bytes,     258192 total
[2025-08-28T13:02:10.420+0000][1088069][trace][gc,age      ] GC(68) - age   6:       1968 bytes,     260160 total
[2025-08-28T13:02:10.420+0000][1088069][trace][gc,age      ] GC(68) - age   7:       7672 bytes,     267832 total
[2025-08-28T13:02:10.420+0000][1088069][trace][gc,age      ] GC(68) - age   8:        704 bytes,     268536 total
[2025-08-28T13:02:10.420+0000][1088069][trace][gc,age      ] GC(68) - age  10:        176 bytes,     268712 total
[2025-08-28T13:02:10.420+0000][1088069][trace][gc,age      ] GC(68) - age  12:        872 bytes,     269584 total
[2025-08-28T13:02:10.420+0000][1088069][trace][gc,age      ] GC(68) - age  13:        216 bytes,     269800 total
[2025-08-28T13:02:10.420+0000][1088069][trace][gc,age      ] GC(68) - age  14:       4128 bytes,     273928 total
[2025-08-28T13:02:10.420+0000][1088069][info ][gc,heap     ] GC(68) Eden regions: 75->0(75)
[2025-08-28T13:02:10.420+0000][1088069][info ][gc,heap     ] GC(68) Survivor regions: 1->1(10)
[2025-08-28T13:02:10.420+0000][1088069][info ][gc,heap     ] GC(68) Old regions: 25->25
[2025-08-28T13:02:10.420+0000][1088069][info ][gc,heap     ] GC(68) Humongous regions: 0->0
[2025-08-28T13:02:10.420+0000][1088069][info ][gc,metaspace] GC(68) Metaspace: 140849K(144768K)->140849K(144768K) NonClass: 121572K(123648K)->121572K(123648K) Class: 19277K(21120K)->19277K(21120K)
[2025-08-28T13:02:10.420+0000][1088069][info ][gc          ] GC(68) Pause Young (Normal) (G1 Evacuation Pause) 397M->97M(512M) 2.438ms
[2025-08-28T13:02:10.420+0000][1088069][info ][gc,cpu      ] GC(68) User=0.01s Sys=0.00s Real=0.00s
[2025-08-28T13:02:10.420+0000][1088069][info ][safepoint   ] Safepoint "G1CollectForAllocation", Time since last: 2934916291 ns, Reaching safepoint: 300172 ns, Cleanup: 6149 ns, At safepoint: 2589261 ns, Total: 2895582 ns
[2025-08-28T13:02:13.368+0000][1088069][info ][gc,start    ] GC(69) Pause Young (Normal) (G1 Evacuation Pause)
[2025-08-28T13:02:13.368+0000][1088069][info ][gc,task     ] GC(69) Using 12 workers of 33 for evacuation
[2025-08-28T13:02:13.368+0000][1088069][debug][gc,age      ] GC(69) Desired survivor size 20971520 bytes, new threshold 15 (max threshold 15)
[2025-08-28T13:02:13.370+0000][1088069][info ][gc,phases   ] GC(69)   Pre Evacuate Collection Set: 0.2ms
[2025-08-28T13:02:13.370+0000][1088069][info ][gc,phases   ] GC(69)   Merge Heap Roots: 0.1ms
[2025-08-28T13:02:13.370+0000][1088069][info ][gc,phases   ] GC(69)   Evacuate Collection Set: 1.3ms
[2025-08-28T13:02:13.370+0000][1088069][info ][gc,phases   ] GC(69)   Post Evacuate Collection Set: 0.3ms
[2025-08-28T13:02:13.370+0000][1088069][info ][gc,phases   ] GC(69)   Other: 0.1ms
[2025-08-28T13:02:13.370+0000][1088069][trace][gc,age      ] GC(69) Age table with threshold 15 (max threshold 15)
[2025-08-28T13:02:13.370+0000][1088069][trace][gc,age      ] GC(69) - age   1:     336560 bytes,     336560 total
[2025-08-28T13:02:13.370+0000][1088069][trace][gc,age      ] GC(69) - age   2:        712 bytes,     337272 total
[2025-08-28T13:02:13.370+0000][1088069][trace][gc,age      ] GC(69) - age   4:        472 bytes,     337744 total
[2025-08-28T13:02:13.370+0000][1088069][trace][gc,age      ] GC(69) - age   5:         80 bytes,     337824 total
[2025-08-28T13:02:13.370+0000][1088069][trace][gc,age      ] GC(69) - age   6:        872 bytes,     338696 total
[2025-08-28T13:02:13.370+0000][1088069][trace][gc,age      ] GC(69) - age   7:       1968 bytes,     340664 total
[2025-08-28T13:02:13.370+0000][1088069][trace][gc,age      ] GC(69) - age   8:       7672 bytes,     348336 total
[2025-08-28T13:02:13.370+0000][1088069][trace][gc,age      ] GC(69) - age   9:        704 bytes,     349040 total
[2025-08-28T13:02:13.370+0000][1088069][trace][gc,age      ] GC(69) - age  11:        176 bytes,     349216 total
[2025-08-28T13:02:13.370+0000][1088069][trace][gc,age      ] GC(69) - age  13:        872 bytes,     350088 total
[2025-08-28T13:02:13.370+0000][1088069][trace][gc,age      ] GC(69) - age  14:        216 bytes,     350304 total
[2025-08-28T13:02:13.370+0000][1088069][trace][gc,age      ] GC(69) - age  15:       4128 bytes,     354432 total
[2025-08-28T13:02:13.370+0000][1088069][info ][gc,heap     ] GC(69) Eden regions: 75->0(75)
[2025-08-28T13:02:13.370+0000][1088069][info ][gc,heap     ] GC(69) Survivor regions: 1->1(10)
[2025-08-28T13:02:13.370+0000][1088069][info ][gc,heap     ] GC(69) Old regions: 25->25
[2025-08-28T13:02:13.370+0000][1088069][info ][gc,heap     ] GC(69) Humongous regions: 0->0
[2025-08-28T13:02:13.370+0000][1088069][info ][gc,metaspace] GC(69) Metaspace: 140849K(144768K)->140849K(144768K) NonClass: 121572K(123648K)->121572K(123648K) Class: 19277K(21120K)->19277K(21120K)
[2025-08-28T13:02:13.370+0000][1088069][info ][gc          ] GC(69) Pause Young (Normal) (G1 Evacuation Pause) 397M->97M(512M) 2.123ms
[2025-08-28T13:02:13.370+0000][1088069][info ][gc,cpu      ] GC(69) User=0.01s Sys=0.00s Real=0.00s
[2025-08-28T13:02:13.370+0000][1088069][info ][safepoint   ] Safepoint "G1CollectForAllocation", Time since last: 2947159299 ns, Reaching safepoint: 45979 ns, Cleanup: 6029 ns, At safepoint: 2217172 ns, Total: 2269180 ns
[2025-08-28T13:02:15.268+0000][1088069][info ][safepoint   ] Safepoint "Cleanup", Time since last: 1898158209 ns, Reaching safepoint: 16584 ns, Cleanup: 23546 ns, At safepoint: 3535 ns, Total: 43665 ns
[2025-08-28T13:02:16.700+0000][1088069][info ][gc,start    ] GC(70) Pause Young (Normal) (G1 Evacuation Pause)
[2025-08-28T13:02:16.700+0000][1088069][info ][gc,task     ] GC(70) Using 12 workers of 33 for evacuation
[2025-08-28T13:02:16.700+0000][1088069][debug][gc,age      ] GC(70) Desired survivor size 20971520 bytes, new threshold 15 (max threshold 15)
[2025-08-28T13:02:16.702+0000][1088069][info ][gc,phases   ] GC(70)   Pre Evacuate Collection Set: 0.1ms
[2025-08-28T13:02:16.702+0000][1088069][info ][gc,phases   ] GC(70)   Merge Heap Roots: 0.1ms
[2025-08-28T13:02:16.702+0000][1088069][info ][gc,phases   ] GC(70)   Evacuate Collection Set: 1.3ms
[2025-08-28T13:02:16.702+0000][1088069][info ][gc,phases   ] GC(70)   Post Evacuate Collection Set: 0.3ms
[2025-08-28T13:02:16.702+0000][1088069][info ][gc,phases   ] GC(70)   Other: 0.1ms
[2025-08-28T13:02:16.702+0000][1088069][trace][gc,age      ] GC(70) Age table with threshold 15 (max threshold 15)
[2025-08-28T13:02:16.702+0000][1088069][trace][gc,age      ] GC(70) - age   1:     659488 bytes,     659488 total
[2025-08-28T13:02:16.702+0000][1088069][trace][gc,age      ] GC(70) - age   2:        240 bytes,     659728 total
[2025-08-28T13:02:16.702+0000][1088069][trace][gc,age      ] GC(70) - age   5:        472 bytes,     660200 total
[2025-08-28T13:02:16.702+0000][1088069][trace][gc,age      ] GC(70) - age   6:         80 bytes,     660280 total
[2025-08-28T13:02:16.702+0000][1088069][trace][gc,age      ] GC(70) - age   7:        872 bytes,     661152 total
[2025-08-28T13:02:16.702+0000][1088069][trace][gc,age      ] GC(70) - age   8:       1272 bytes,     662424 total
[2025-08-28T13:02:16.702+0000][1088069][trace][gc,age      ] GC(70) - age   9:       7672 bytes,     670096 total
[2025-08-28T13:02:16.702+0000][1088069][trace][gc,age      ] GC(70) - age  10:        704 bytes,     670800 total
[2025-08-28T13:02:16.702+0000][1088069][trace][gc,age      ] GC(70) - age  12:        176 bytes,     670976 total
[2025-08-28T13:02:16.702+0000][1088069][trace][gc,age      ] GC(70) - age  14:        872 bytes,     671848 total
[2025-08-28T13:02:16.702+0000][1088069][trace][gc,age      ] GC(70) - age  15:        216 bytes,     672064 total
[2025-08-28T13:02:16.702+0000][1088069][info ][gc,heap     ] GC(70) Eden regions: 75->0(75)
[2025-08-28T13:02:16.702+0000][1088069][info ][gc,heap     ] GC(70) Survivor regions: 1->1(10)
[2025-08-28T13:02:16.702+0000][1088069][info ][gc,heap     ] GC(70) Old regions: 25->25
[2025-08-28T13:02:16.702+0000][1088069][info ][gc,heap     ] GC(70) Humongous regions: 0->0
[2025-08-28T13:02:16.702+0000][1088069][info ][gc,metaspace] GC(70) Metaspace: 140860K(144768K)->140860K(144768K) NonClass: 121583K(123648K)->121583K(123648K) Class: 19277K(21120K)->19277K(21120K)
[2025-08-28T13:02:16.702+0000][1088069][info ][gc          ] GC(70) Pause Young (Normal) (G1 Evacuation Pause) 397M->97M(512M) 2.137ms
[2025-08-28T13:02:16.702+0000][1088069][info ][gc,cpu      ] GC(70) User=0.01s Sys=0.00s Real=0.01s
[2025-08-28T13:02:16.702+0000][1088069][info ][safepoint   ] Safepoint "G1CollectForAllocation", Time since last: 1432087758 ns, Reaching safepoint: 15894 ns, Cleanup: 6270 ns, At safepoint: 2280817 ns, Total: 2302981 ns
[2025-08-28T13:02:19.625+0000][1088069][info ][gc,start    ] GC(71) Pause Young (Normal) (G1 Evacuation Pause)
[2025-08-28T13:02:19.625+0000][1088069][info ][gc,task     ] GC(71) Using 12 workers of 33 for evacuation
[2025-08-28T13:02:19.625+0000][1088069][debug][gc,age      ] GC(71) Desired survivor size 20971520 bytes, new threshold 15 (max threshold 15)
[2025-08-28T13:02:19.627+0000][1088069][info ][gc,phases   ] GC(71)   Pre Evacuate Collection Set: 0.1ms
[2025-08-28T13:02:19.627+0000][1088069][info ][gc,phases   ] GC(71)   Merge Heap Roots: 0.1ms
[2025-08-28T13:02:19.627+0000][1088069][info ][gc,phases   ] GC(71)   Evacuate Collection Set: 1.3ms
[2025-08-28T13:02:19.627+0000][1088069][info ][gc,phases   ] GC(71)   Post Evacuate Collection Set: 0.3ms
[2025-08-28T13:02:19.627+0000][1088069][info ][gc,phases   ] GC(71)   Other: 0.1ms
[2025-08-28T13:02:19.627+0000][1088069][trace][gc,age      ] GC(71) Age table with threshold 15 (max threshold 15)
[2025-08-28T13:02:19.627+0000][1088069][trace][gc,age      ] GC(71) - age   1:      40456 bytes,      40456 total
[2025-08-28T13:02:19.627+0000][1088069][trace][gc,age      ] GC(71) - age   2:        696 bytes,      41152 total
[2025-08-28T13:02:19.627+0000][1088069][trace][gc,age      ] GC(71) - age   3:        240 bytes,      41392 total
[2025-08-28T13:02:19.627+0000][1088069][trace][gc,age      ] GC(71) - age   6:        472 bytes,      41864 total
[2025-08-28T13:02:19.627+0000][1088069][trace][gc,age      ] GC(71) - age   7:         80 bytes,      41944 total
[2025-08-28T13:02:19.627+0000][1088069][trace][gc,age      ] GC(71) - age   8:        648 bytes,      42592 total
[2025-08-28T13:02:19.627+0000][1088069][trace][gc,age      ] GC(71) - age   9:       1272 bytes,      43864 total
[2025-08-28T13:02:19.627+0000][1088069][trace][gc,age      ] GC(71) - age  10:       7672 bytes,      51536 total
[2025-08-28T13:02:19.627+0000][1088069][trace][gc,age      ] GC(71) - age  11:        528 bytes,      52064 total
[2025-08-28T13:02:19.627+0000][1088069][trace][gc,age      ] GC(71) - age  13:        176 bytes,      52240 total
[2025-08-28T13:02:19.627+0000][1088069][trace][gc,age      ] GC(71) - age  15:        872 bytes,      53112 total
[2025-08-28T13:02:19.627+0000][1088069][info ][gc,heap     ] GC(71) Eden regions: 75->0(75)
[2025-08-28T13:02:19.627+0000][1088069][info ][gc,heap     ] GC(71) Survivor regions: 1->1(10)
[2025-08-28T13:02:19.627+0000][1088069][info ][gc,heap     ] GC(71) Old regions: 25->25
[2025-08-28T13:02:19.627+0000][1088069][info ][gc,heap     ] GC(71) Humongous regions: 0->0
[2025-08-28T13:02:19.627+0000][1088069][info ][gc,metaspace] GC(71) Metaspace: 140861K(144768K)->140861K(144768K) NonClass: 121584K(123648K)->121584K(123648K) Class: 19277K(21120K)->19277K(21120K)
[2025-08-28T13:02:19.627+0000][1088069][info ][gc          ] GC(71) Pause Young (Normal) (G1 Evacuation Pause) 397M->96M(512M) 2.083ms
[2025-08-28T13:02:19.627+0000][1088069][info ][gc,cpu      ] GC(71) User=0.00s Sys=0.00s Real=0.00s
[2025-08-28T13:02:19.627+0000][1088069][info ][safepoint   ] Safepoint "G1CollectForAllocation", Time since last: 2922562206 ns, Reaching safepoint: 45970 ns, Cleanup: 5999 ns, At safepoint: 2221338 ns, Total: 2273307 ns
[2025-08-28T13:02:22.563+0000][1088069][info ][gc,start    ] GC(72) Pause Young (Normal) (G1 Evacuation Pause)
[2025-08-28T13:02:22.563+0000][1088069][info ][gc,task     ] GC(72) Using 12 workers of 33 for evacuation
[2025-08-28T13:02:22.563+0000][1088069][debug][gc,age      ] GC(72) Desired survivor size 20971520 bytes, new threshold 15 (max threshold 15)
[2025-08-28T13:02:22.565+0000][1088069][info ][gc,phases   ] GC(72)   Pre Evacuate Collection Set: 0.2ms
[2025-08-28T13:02:22.565+0000][1088069][info ][gc,phases   ] GC(72)   Merge Heap Roots: 0.1ms
[2025-08-28T13:02:22.565+0000][1088069][info ][gc,phases   ] GC(72)   Evacuate Collection Set: 1.6ms
[2025-08-28T13:02:22.565+0000][1088069][info ][gc,phases   ] GC(72)   Post Evacuate Collection Set: 0.3ms
[2025-08-28T13:02:22.565+0000][1088069][info ][gc,phases   ] GC(72)   Other: 0.1ms
[2025-08-28T13:02:22.565+0000][1088069][trace][gc,age      ] GC(72) Age table with threshold 15 (max threshold 15)
[2025-08-28T13:02:22.565+0000][1088069][trace][gc,age      ] GC(72) - age   1:      15504 bytes,      15504 total
[2025-08-28T13:02:22.565+0000][1088069][trace][gc,age      ] GC(72) - age   2:       1112 bytes,      16616 total
[2025-08-28T13:02:22.565+0000][1088069][trace][gc,age      ] GC(72) - age   3:        696 bytes,      17312 total
[2025-08-28T13:02:22.565+0000][1088069][trace][gc,age      ] GC(72) - age   7:        472 bytes,      17784 total
[2025-08-28T13:02:22.565+0000][1088069][trace][gc,age      ] GC(72) - age   8:         80 bytes,      17864 total
[2025-08-28T13:02:22.565+0000][1088069][trace][gc,age      ] GC(72) - age   9:        648 bytes,      18512 total
[2025-08-28T13:02:22.565+0000][1088069][trace][gc,age      ] GC(72) - age  10:        592 bytes,      19104 total
[2025-08-28T13:02:22.565+0000][1088069][trace][gc,age      ] GC(72) - age  11:       2184 bytes,      21288 total
[2025-08-28T13:02:22.565+0000][1088069][trace][gc,age      ] GC(72) - age  12:        528 bytes,      21816 total
[2025-08-28T13:02:22.565+0000][1088069][trace][gc,age      ] GC(72) - age  14:        176 bytes,      21992 total
[2025-08-28T13:02:22.565+0000][1088069][info ][gc,heap     ] GC(72) Eden regions: 75->0(75)
[2025-08-28T13:02:22.565+0000][1088069][info ][gc,heap     ] GC(72) Survivor regions: 1->1(10)
[2025-08-28T13:02:22.565+0000][1088069][info ][gc,heap     ] GC(72) Old regions: 25->25
[2025-08-28T13:02:22.565+0000][1088069][info ][gc,heap     ] GC(72) Humongous regions: 0->0
[2025-08-28T13:02:22.565+0000][1088069][info ][gc,metaspace] GC(72) Metaspace: 140863K(144768K)->140863K(144768K) NonClass: 121586K(123648K)->121586K(123648K) Class: 19277K(21120K)->19277K(21120K)
[2025-08-28T13:02:22.565+0000][1088069][info ][gc          ] GC(72) Pause Young (Normal) (G1 Evacuation Pause) 396M->96M(512M) 2.337ms
[2025-08-28T13:02:22.565+0000][1088069][info ][gc,cpu      ] GC(72) User=0.01s Sys=0.00s Real=0.00s
[2025-08-28T13:02:22.565+0000][1088069][info ][safepoint   ] Safepoint "G1CollectForAllocation", Time since last: 2935345696 ns, Reaching safepoint: 181643 ns, Cleanup: 16936 ns, At safepoint: 2433186 ns, Total: 2631765 ns
[2025-08-28T13:02:25.488+0000][1088069][info ][gc,start    ] GC(73) Pause Young (Normal) (G1 Evacuation Pause)
[2025-08-28T13:02:25.488+0000][1088069][info ][gc,task     ] GC(73) Using 12 workers of 33 for evacuation
[2025-08-28T13:02:25.488+0000][1088069][debug][gc,age      ] GC(73) Desired survivor size 20971520 bytes, new threshold 15 (max threshold 15)
[2025-08-28T13:02:25.490+0000][1088069][info ][gc,phases   ] GC(73)   Pre Evacuate Collection Set: 0.2ms
[2025-08-28T13:02:25.490+0000][1088069][info ][gc,phases   ] GC(73)   Merge Heap Roots: 0.1ms
[2025-08-28T13:02:25.490+0000][1088069][info ][gc,phases   ] GC(73)   Evacuate Collection Set: 1.8ms
[2025-08-28T13:02:25.490+0000][1088069][info ][gc,phases   ] GC(73)   Post Evacuate Collection Set: 0.3ms
[2025-08-28T13:02:25.490+0000][1088069][info ][gc,phases   ] GC(73)   Other: 0.1ms
[2025-08-28T13:02:25.490+0000][1088069][trace][gc,age      ] GC(73) Age table with threshold 15 (max threshold 15)
[2025-08-28T13:02:25.490+0000][1088069][trace][gc,age      ] GC(73) - age   1:      92008 bytes,      92008 total
[2025-08-28T13:02:25.490+0000][1088069][trace][gc,age      ] GC(73) - age   2:       7216 bytes,      99224 total
[2025-08-28T13:02:25.490+0000][1088069][trace][gc,age      ] GC(73) - age   3:        400 bytes,      99624 total
[2025-08-28T13:02:25.490+0000][1088069][trace][gc,age      ] GC(73) - age   4:        696 bytes,     100320 total
[2025-08-28T13:02:25.490+0000][1088069][trace][gc,age      ] GC(73) - age   8:        472 bytes,     100792 total
[2025-08-28T13:02:25.490+0000][1088069][trace][gc,age      ] GC(73) - age   9:         80 bytes,     100872 total
[2025-08-28T13:02:25.490+0000][1088069][trace][gc,age      ] GC(73) - age  10:        648 bytes,     101520 total
[2025-08-28T13:02:25.490+0000][1088069][trace][gc,age      ] GC(73) - age  11:        224 bytes,     101744 total
[2025-08-28T13:02:25.490+0000][1088069][trace][gc,age      ] GC(73) - age  12:       2184 bytes,     103928 total
[2025-08-28T13:02:25.490+0000][1088069][trace][gc,age      ] GC(73) - age  13:        528 bytes,     104456 total
[2025-08-28T13:02:25.490+0000][1088069][trace][gc,age      ] GC(73) - age  15:        176 bytes,     104632 total
[2025-08-28T13:02:25.490+0000][1088069][info ][gc,heap     ] GC(73) Eden regions: 75->0(75)
[2025-08-28T13:02:25.490+0000][1088069][info ][gc,heap     ] GC(73) Survivor regions: 1->1(10)
[2025-08-28T13:02:25.490+0000][1088069][info ][gc,heap     ] GC(73) Old regions: 25->25
[2025-08-28T13:02:25.490+0000][1088069][info ][gc,heap     ] GC(73) Humongous regions: 0->0
[2025-08-28T13:02:25.490+0000][1088069][info ][gc,metaspace] GC(73) Metaspace: 140863K(144768K)->140863K(144768K) NonClass: 121586K(123648K)->121586K(123648K) Class: 19277K(21120K)->19277K(21120K)
[2025-08-28T13:02:25.490+0000][1088069][info ][gc          ] GC(73) Pause Young (Normal) (G1 Evacuation Pause) 396M->96M(512M) 2.516ms
[2025-08-28T13:02:25.490+0000][1088069][info ][gc,cpu      ] GC(73) User=0.00s Sys=0.00s Real=0.00s
[2025-08-28T13:02:25.490+0000][1088069][info ][safepoint   ] Safepoint "G1CollectForAllocation", Time since last: 2922274934 ns, Reaching safepoint: 134623 ns, Cleanup: 6199 ns, At safepoint: 2611254 ns, Total: 2752076 ns
[2025-08-28T13:02:28.437+0000][1088069][info ][gc,start    ] GC(74) Pause Young (Normal) (G1 Evacuation Pause)
[2025-08-28T13:02:28.438+0000][1088069][info ][gc,task     ] GC(74) Using 12 workers of 33 for evacuation
[2025-08-28T13:02:28.438+0000][1088069][debug][gc,age      ] GC(74) Desired survivor size 20971520 bytes, new threshold 15 (max threshold 15)
[2025-08-28T13:02:28.440+0000][1088069][info ][gc,phases   ] GC(74)   Pre Evacuate Collection Set: 0.2ms
[2025-08-28T13:02:28.440+0000][1088069][info ][gc,phases   ] GC(74)   Merge Heap Roots: 0.1ms
[2025-08-28T13:02:28.440+0000][1088069][info ][gc,phases   ] GC(74)   Evacuate Collection Set: 1.5ms
[2025-08-28T13:02:28.440+0000][1088069][info ][gc,phases   ] GC(74)   Post Evacuate Collection Set: 0.5ms
[2025-08-28T13:02:28.440+0000][1088069][info ][gc,phases   ] GC(74)   Other: 0.1ms
[2025-08-28T13:02:28.440+0000][1088069][trace][gc,age      ] GC(74) Age table with threshold 15 (max threshold 15)
[2025-08-28T13:02:28.440+0000][1088069][trace][gc,age      ] GC(74) - age   1:       6256 bytes,       6256 total
[2025-08-28T13:02:28.440+0000][1088069][trace][gc,age      ] GC(74) - age   2:       1176 bytes,       7432 total
[2025-08-28T13:02:28.440+0000][1088069][trace][gc,age      ] GC(74) - age   3:       7216 bytes,      14648 total
[2025-08-28T13:02:28.440+0000][1088069][trace][gc,age      ] GC(74) - age   4:        400 bytes,      15048 total
[2025-08-28T13:02:28.440+0000][1088069][trace][gc,age      ] GC(74) - age   5:        696 bytes,      15744 total
[2025-08-28T13:02:28.440+0000][1088069][trace][gc,age      ] GC(74) - age   9:        472 bytes,      16216 total
[2025-08-28T13:02:28.440+0000][1088069][trace][gc,age      ] GC(74) - age  10:         80 bytes,      16296 total
[2025-08-28T13:02:28.440+0000][1088069][trace][gc,age      ] GC(74) - age  11:        648 bytes,      16944 total
[2025-08-28T13:02:28.440+0000][1088069][trace][gc,age      ] GC(74) - age  12:        224 bytes,      17168 total
[2025-08-28T13:02:28.440+0000][1088069][trace][gc,age      ] GC(74) - age  13:       2184 bytes,      19352 total
[2025-08-28T13:02:28.440+0000][1088069][trace][gc,age      ] GC(74) - age  14:        528 bytes,      19880 total
[2025-08-28T13:02:28.440+0000][1088069][info ][gc,heap     ] GC(74) Eden regions: 75->0(75)
[2025-08-28T13:02:28.440+0000][1088069][info ][gc,heap     ] GC(74) Survivor regions: 1->1(10)
[2025-08-28T13:02:28.440+0000][1088069][info ][gc,heap     ] GC(74) Old regions: 25->25
[2025-08-28T13:02:28.440+0000][1088069][info ][gc,heap     ] GC(74) Humongous regions: 0->0
[2025-08-28T13:02:28.440+0000][1088069][info ][gc,metaspace] GC(74) Metaspace: 140863K(144768K)->140863K(144768K) NonClass: 121586K(123648K)->121586K(123648K) Class: 19277K(21120K)->19277K(21120K)
[2025-08-28T13:02:28.440+0000][1088069][info ][gc          ] GC(74) Pause Young (Normal) (G1 Evacuation Pause) 396M->96M(512M) 2.521ms
[2025-08-28T13:02:28.440+0000][1088069][info ][gc,cpu      ] GC(74) User=0.00s Sys=0.00s Real=0.00s
[2025-08-28T13:02:28.440+0000][1088069][info ][safepoint   ] Safepoint "G1CollectForAllocation", Time since last: 2947088453 ns, Reaching safepoint: 51027 ns, Cleanup: 6189 ns, At safepoint: 2615560 ns, Total: 2672776 ns
[2025-08-28T13:02:31.363+0000][1088069][info ][gc,start    ] GC(75) Pause Young (Normal) (G1 Evacuation Pause)
[2025-08-28T13:02:31.363+0000][1088069][info ][gc,task     ] GC(75) Using 12 workers of 33 for evacuation
[2025-08-28T13:02:31.363+0000][1088069][debug][gc,age      ] GC(75) Desired survivor size 20971520 bytes, new threshold 15 (max threshold 15)
[2025-08-28T13:02:31.365+0000][1088069][info ][gc,phases   ] GC(75)   Pre Evacuate Collection Set: 0.2ms
[2025-08-28T13:02:31.365+0000][1088069][info ][gc,phases   ] GC(75)   Merge Heap Roots: 0.0ms
[2025-08-28T13:02:31.365+0000][1088069][info ][gc,phases   ] GC(75)   Evacuate Collection Set: 1.0ms
[2025-08-28T13:02:31.365+0000][1088069][info ][gc,phases   ] GC(75)   Post Evacuate Collection Set: 0.4ms
[2025-08-28T13:02:31.365+0000][1088069][info ][gc,phases   ] GC(75)   Other: 0.1ms
[2025-08-28T13:02:31.365+0000][1088069][trace][gc,age      ] GC(75) Age table with threshold 15 (max threshold 15)
[2025-08-28T13:02:31.365+0000][1088069][trace][gc,age      ] GC(75) - age   1:     676016 bytes,     676016 total
[2025-08-28T13:02:31.365+0000][1088069][trace][gc,age      ] GC(75) - age   3:        464 bytes,     676480 total
[2025-08-28T13:02:31.365+0000][1088069][trace][gc,age      ] GC(75) - age   4:       6976 bytes,     683456 total
[2025-08-28T13:02:31.365+0000][1088069][trace][gc,age      ] GC(75) - age   5:        400 bytes,     683856 total
[2025-08-28T13:02:31.365+0000][1088069][trace][gc,age      ] GC(75) - age   6:        696 bytes,     684552 total
[2025-08-28T13:02:31.365+0000][1088069][trace][gc,age      ] GC(75) - age  10:        472 bytes,     685024 total
[2025-08-28T13:02:31.365+0000][1088069][trace][gc,age      ] GC(75) - age  11:         80 bytes,     685104 total
[2025-08-28T13:02:31.365+0000][1088069][trace][gc,age      ] GC(75) - age  12:        648 bytes,     685752 total
[2025-08-28T13:02:31.365+0000][1088069][trace][gc,age      ] GC(75) - age  13:        224 bytes,     685976 total
[2025-08-28T13:02:31.365+0000][1088069][trace][gc,age      ] GC(75) - age  14:       2184 bytes,     688160 total
[2025-08-28T13:02:31.365+0000][1088069][trace][gc,age      ] GC(75) - age  15:        528 bytes,     688688 total
[2025-08-28T13:02:31.365+0000][1088069][info ][gc,heap     ] GC(75) Eden regions: 75->0(75)
[2025-08-28T13:02:31.365+0000][1088069][info ][gc,heap     ] GC(75) Survivor regions: 1->1(10)
[2025-08-28T13:02:31.365+0000][1088069][info ][gc,heap     ] GC(75) Old regions: 25->25
[2025-08-28T13:02:31.365+0000][1088069][info ][gc,heap     ] GC(75) Humongous regions: 0->0
[2025-08-28T13:02:31.365+0000][1088069][info ][gc,metaspace] GC(75) Metaspace: 140863K(144768K)->140863K(144768K) NonClass: 121586K(123648K)->121586K(123648K) Class: 19277K(21120K)->19277K(21120K)
[2025-08-28T13:02:31.365+0000][1088069][info ][gc          ] GC(75) Pause Young (Normal) (G1 Evacuation Pause) 396M->97M(512M) 1.849ms
[2025-08-28T13:02:31.365+0000][1088069][info ][gc,cpu      ] GC(75) User=0.00s Sys=0.00s Real=0.00s
[2025-08-28T13:02:31.365+0000][1088069][info ][safepoint   ] Safepoint "G1CollectForAllocation", Time since last: 2922758101 ns, Reaching safepoint: 16435 ns, Cleanup: 6169 ns, At safepoint: 2006816 ns, Total: 2029420 ns
[2025-08-28T13:02:33.254+0000][1088069][info ][safepoint   ] Safepoint "ICBufferFull", Time since last: 1889021478 ns, Reaching safepoint: 99680 ns, Cleanup: 195233 ns, At safepoint: 127031 ns, Total: 421944 ns
[2025-08-28T13:02:33.256+0000][1088069][info ][safepoint   ] Safepoint "ICBufferFull", Time since last: 1076898 ns, Reaching safepoint: 85589 ns, Cleanup: 2514 ns, At safepoint: 146039 ns, Total: 234142 ns
[2025-08-28T13:02:33.338+0000][1088069][info ][safepoint   ] Safepoint "ICBufferFull", Time since last: 82597342 ns, Reaching safepoint: 92880 ns, Cleanup: 134893 ns, At safepoint: 46610 ns, Total: 274383 ns
[2025-08-28T13:02:33.438+0000][1088069][info ][safepoint   ] Safepoint "ICBufferFull", Time since last: 98870175 ns, Reaching safepoint: 28643 ns, Cleanup: 213141 ns, At safepoint: 44386 ns, Total: 286170 ns
[2025-08-28T13:02:33.445+0000][1088069][info ][gc,start    ] GC(76) Pause Young (Normal) (G1 Evacuation Pause)
[2025-08-28T13:02:33.445+0000][1088069][info ][gc,task     ] GC(76) Using 12 workers of 33 for evacuation
[2025-08-28T13:02:33.445+0000][1088069][debug][gc,age      ] GC(76) Desired survivor size 20971520 bytes, new threshold 15 (max threshold 15)
[2025-08-28T13:02:33.449+0000][1088069][info ][gc,phases   ] GC(76)   Pre Evacuate Collection Set: 0.2ms
[2025-08-28T13:02:33.449+0000][1088069][info ][gc,phases   ] GC(76)   Merge Heap Roots: 0.1ms
[2025-08-28T13:02:33.449+0000][1088069][info ][gc,phases   ] GC(76)   Evacuate Collection Set: 3.7ms
[2025-08-28T13:02:33.449+0000][1088069][info ][gc,phases   ] GC(76)   Post Evacuate Collection Set: 0.8ms
[2025-08-28T13:02:33.449+0000][1088069][info ][gc,phases   ] GC(76)   Other: 0.1ms
[2025-08-28T13:02:33.449+0000][1088069][trace][gc,age      ] GC(76) Age table with threshold 15 (max threshold 15)
[2025-08-28T13:02:33.449+0000][1088069][trace][gc,age      ] GC(76) - age   1:    9834880 bytes,    9834880 total
[2025-08-28T13:02:33.449+0000][1088069][trace][gc,age      ] GC(76) - age   2:        952 bytes,    9835832 total
[2025-08-28T13:02:33.449+0000][1088069][trace][gc,age      ] GC(76) - age   4:        464 bytes,    9836296 total
[2025-08-28T13:02:33.449+0000][1088069][trace][gc,age      ] GC(76) - age   5:       6944 bytes,    9843240 total
[2025-08-28T13:02:33.449+0000][1088069][trace][gc,age      ] GC(76) - age   6:        400 bytes,    9843640 total
[2025-08-28T13:02:33.450+0000][1088069][trace][gc,age      ] GC(76) - age   7:        696 bytes,    9844336 total
[2025-08-28T13:02:33.450+0000][1088069][trace][gc,age      ] GC(76) - age  11:        472 bytes,    9844808 total
[2025-08-28T13:02:33.450+0000][1088069][trace][gc,age      ] GC(76) - age  12:         80 bytes,    9844888 total
[2025-08-28T13:02:33.450+0000][1088069][trace][gc,age      ] GC(76) - age  13:        648 bytes,    9845536 total
[2025-08-28T13:02:33.450+0000][1088069][trace][gc,age      ] GC(76) - age  14:        192 bytes,    9845728 total
[2025-08-28T13:02:33.450+0000][1088069][trace][gc,age      ] GC(76) - age  15:       2184 bytes,    9847912 total
[2025-08-28T13:02:33.450+0000][1088069][info ][gc,heap     ] GC(76) Eden regions: 75->0(73)
[2025-08-28T13:02:33.450+0000][1088069][info ][gc,heap     ] GC(76) Survivor regions: 1->3(10)
[2025-08-28T13:02:33.450+0000][1088069][info ][gc,heap     ] GC(76) Old regions: 25->25
[2025-08-28T13:02:33.450+0000][1088069][info ][gc,heap     ] GC(76) Humongous regions: 0->0
[2025-08-28T13:02:33.450+0000][1088069][info ][gc,metaspace] GC(76) Metaspace: 143967K(147968K)->143967K(147968K) NonClass: 124146K(126272K)->124146K(126272K) Class: 19821K(21696K)->19821K(21696K)
[2025-08-28T13:02:33.450+0000][1088069][info ][gc          ] GC(76) Pause Young (Normal) (G1 Evacuation Pause) 397M->106M(512M) 5.049ms
[2025-08-28T13:02:33.450+0000][1088069][info ][gc,cpu      ] GC(76) User=0.03s Sys=0.01s Real=0.00s
[2025-08-28T13:02:33.450+0000][1088069][info ][safepoint   ] Safepoint "G1CollectForAllocation", Time since last: 6710554 ns, Reaching safepoint: 83596 ns, Cleanup: 26400 ns, At safepoint: 5283680 ns, Total: 5393676 ns
[2025-08-28T13:02:33.670+0000][1088069][info ][gc,start    ] GC(77) Pause Young (Normal) (G1 Evacuation Pause)
[2025-08-28T13:02:33.670+0000][1088069][info ][gc,task     ] GC(77) Using 12 workers of 33 for evacuation
[2025-08-28T13:02:33.670+0000][1088069][debug][gc,age      ] GC(77) Desired survivor size 20971520 bytes, new threshold 15 (max threshold 15)
[2025-08-28T13:02:33.674+0000][1088069][info ][gc,phases   ] GC(77)   Pre Evacuate Collection Set: 0.2ms
[2025-08-28T13:02:33.674+0000][1088069][info ][gc,phases   ] GC(77)   Merge Heap Roots: 0.1ms
[2025-08-28T13:02:33.674+0000][1088069][info ][gc,phases   ] GC(77)   Evacuate Collection Set: 2.9ms
[2025-08-28T13:02:33.674+0000][1088069][info ][gc,phases   ] GC(77)   Post Evacuate Collection Set: 0.7ms
[2025-08-28T13:02:33.674+0000][1088069][info ][gc,phases   ] GC(77)   Other: 0.1ms
[2025-08-28T13:02:33.674+0000][1088069][trace][gc,age      ] GC(77) Age table with threshold 15 (max threshold 15)
[2025-08-28T13:02:33.674+0000][1088069][trace][gc,age      ] GC(77) - age   1:   37708496 bytes,   37708496 total
[2025-08-28T13:02:33.674+0000][1088069][trace][gc,age      ] GC(77) - age   2:    1254664 bytes,   38963160 total
[2025-08-28T13:02:33.674+0000][1088069][trace][gc,age      ] GC(77) - age   3:        952 bytes,   38964112 total
[2025-08-28T13:02:33.674+0000][1088069][trace][gc,age      ] GC(77) - age   5:        432 bytes,   38964544 total
[2025-08-28T13:02:33.674+0000][1088069][trace][gc,age      ] GC(77) - age   6:       6864 bytes,   38971408 total
[2025-08-28T13:02:33.674+0000][1088069][trace][gc,age      ] GC(77) - age   7:        400 bytes,   38971808 total
[2025-08-28T13:02:33.674+0000][1088069][trace][gc,age      ] GC(77) - age   8:        696 bytes,   38972504 total
[2025-08-28T13:02:33.674+0000][1088069][trace][gc,age      ] GC(77) - age  12:        472 bytes,   38972976 total
[2025-08-28T13:02:33.674+0000][1088069][trace][gc,age      ] GC(77) - age  13:         80 bytes,   38973056 total
[2025-08-28T13:02:33.674+0000][1088069][trace][gc,age      ] GC(77) - age  14:        648 bytes,   38973704 total
[2025-08-28T13:02:33.674+0000][1088069][trace][gc,age      ] GC(77) - age  15:        112 bytes,   38973816 total
[2025-08-28T13:02:33.674+0000][1088069][info ][gc,heap     ] GC(77) Eden regions: 73->0(66)
[2025-08-28T13:02:33.674+0000][1088069][info ][gc,heap     ] GC(77) Survivor regions: 3->10(10)
[2025-08-28T13:02:33.674+0000][1088069][info ][gc,heap     ] GC(77) Old regions: 25->25
[2025-08-28T13:02:33.674+0000][1088069][info ][gc,heap     ] GC(77) Humongous regions: 0->0
[2025-08-28T13:02:33.674+0000][1088069][info ][gc,metaspace] GC(77) Metaspace: 144125K(148096K)->144125K(148096K) NonClass: 124304K(126400K)->124304K(126400K) Class: 19821K(21696K)->19821K(21696K)
[2025-08-28T13:02:33.674+0000][1088069][info ][gc          ] GC(77) Pause Young (Normal) (G1 Evacuation Pause) 398M->134M(512M) 4.024ms
[2025-08-28T13:02:33.674+0000][1088069][info ][gc,cpu      ] GC(77) User=0.03s Sys=0.00s Real=0.01s
[2025-08-28T13:02:33.674+0000][1088069][info ][safepoint   ] Safepoint "G1CollectForAllocation", Time since last: 219930777 ns, Reaching safepoint: 21983 ns, Cleanup: 132249 ns, At safepoint: 4166321 ns, Total: 4320553 ns
[2025-08-28T13:02:34.525+0000][1088069][info ][safepoint   ] Safepoint "ICBufferFull", Time since last: 850997333 ns, Reaching safepoint: 150777 ns, Cleanup: 176365 ns, At safepoint: 11037 ns, Total: 338179 ns
[2025-08-28T13:02:34.525+0000][1088069][info ][safepoint   ] Safepoint "ICBufferFull", Time since last: 41662 ns, Reaching safepoint: 70927 ns, Cleanup: 2854 ns, At safepoint: 8733 ns, Total: 82514 ns
[2025-08-28T13:02:34.915+0000][1088069][info ][gc,start    ] GC(78) Pause Young (Normal) (G1 Evacuation Pause)
[2025-08-28T13:02:34.915+0000][1088069][info ][gc,task     ] GC(78) Using 12 workers of 33 for evacuation
[2025-08-28T13:02:34.915+0000][1088069][debug][gc,age      ] GC(78) Desired survivor size 20971520 bytes, new threshold 1 (max threshold 15)
[2025-08-28T13:02:34.919+0000][1088069][info ][gc,phases   ] GC(78)   Pre Evacuate Collection Set: 0.2ms
[2025-08-28T13:02:34.919+0000][1088069][info ][gc,phases   ] GC(78)   Merge Heap Roots: 0.1ms
[2025-08-28T13:02:34.919+0000][1088069][info ][gc,phases   ] GC(78)   Evacuate Collection Set: 3.7ms
[2025-08-28T13:02:34.919+0000][1088069][info ][gc,phases   ] GC(78)   Post Evacuate Collection Set: 0.5ms
[2025-08-28T13:02:34.919+0000][1088069][info ][gc,phases   ] GC(78)   Other: 0.1ms
[2025-08-28T13:02:34.919+0000][1088069][trace][gc,age      ] GC(78) Age table with threshold 1 (max threshold 15)
[2025-08-28T13:02:34.919+0000][1088069][trace][gc,age      ] GC(78) - age   1:    1966704 bytes,    1966704 total
[2025-08-28T13:02:34.919+0000][1088069][info ][gc,heap     ] GC(78) Eden regions: 66->0(75)
[2025-08-28T13:02:34.919+0000][1088069][info ][gc,heap     ] GC(78) Survivor regions: 10->1(10)
[2025-08-28T13:02:34.919+0000][1088069][info ][gc,heap     ] GC(78) Old regions: 25->25
[2025-08-28T13:02:34.919+0000][1088069][info ][gc,heap     ] GC(78) Humongous regions: 0->0
[2025-08-28T13:02:34.919+0000][1088069][info ][gc,metaspace] GC(78) Metaspace: 144223K(148224K)->144223K(148224K) NonClass: 124401K(126528K)->124401K(126528K) Class: 19821K(21696K)->19821K(21696K)
[2025-08-28T13:02:34.919+0000][1088069][info ][gc          ] GC(78) Pause Young (Normal) (G1 Evacuation Pause) 398M->100M(512M) 4.627ms
[2025-08-28T13:02:34.919+0000][1088069][info ][gc,cpu      ] GC(78) User=0.02s Sys=0.00s Real=0.00s
[2025-08-28T13:02:34.919+0000][1088069][info ][safepoint   ] Safepoint "G1CollectForAllocation", Time since last: 389239975 ns, Reaching safepoint: 23295 ns, Cleanup: 63225 ns, At safepoint: 4739662 ns, Total: 4826182 ns
[2025-08-28T13:02:35.322+0000][1088069][info ][safepoint   ] Safepoint "ICBufferFull", Time since last: 402027631 ns, Reaching safepoint: 22885 ns, Cleanup: 186660 ns, At safepoint: 9785 ns, Total: 219330 ns
[2025-08-28T13:02:35.541+0000][1088069][info ][gc,start    ] GC(79) Pause Young (Normal) (G1 Evacuation Pause)
[2025-08-28T13:02:35.541+0000][1088069][info ][gc,task     ] GC(79) Using 12 workers of 33 for evacuation
[2025-08-28T13:02:35.541+0000][1088069][debug][gc,age      ] GC(79) Desired survivor size 20971520 bytes, new threshold 15 (max threshold 15)
[2025-08-28T13:02:35.544+0000][1088069][info ][gc,phases   ] GC(79)   Pre Evacuate Collection Set: 0.2ms
[2025-08-28T13:02:35.544+0000][1088069][info ][gc,phases   ] GC(79)   Merge Heap Roots: 0.1ms
[2025-08-28T13:02:35.544+0000][1088069][info ][gc,phases   ] GC(79)   Evacuate Collection Set: 1.9ms
[2025-08-28T13:02:35.544+0000][1088069][info ][gc,phases   ] GC(79)   Post Evacuate Collection Set: 0.5ms
[2025-08-28T13:02:35.544+0000][1088069][info ][gc,phases   ] GC(79)   Other: 0.0ms
[2025-08-28T13:02:35.544+0000][1088069][trace][gc,age      ] GC(79) Age table with threshold 15 (max threshold 15)
[2025-08-28T13:02:35.544+0000][1088069][trace][gc,age      ] GC(79) - age   1:    9786280 bytes,    9786280 total
[2025-08-28T13:02:35.544+0000][1088069][trace][gc,age      ] GC(79) - age   2:      50784 bytes,    9837064 total
[2025-08-28T13:02:35.544+0000][1088069][info ][gc,heap     ] GC(79) Eden regions: 75->0(73)
[2025-08-28T13:02:35.544+0000][1088069][info ][gc,heap     ] GC(79) Survivor regions: 1->3(10)
[2025-08-28T13:02:35.544+0000][1088069][info ][gc,heap     ] GC(79) Old regions: 25->25
[2025-08-28T13:02:35.544+0000][1088069][info ][gc,heap     ] GC(79) Humongous regions: 0->0
[2025-08-28T13:02:35.544+0000][1088069][info ][gc,metaspace] GC(79) Metaspace: 144371K(148416K)->144371K(148416K) NonClass: 124543K(126720K)->124543K(126720K) Class: 19827K(21696K)->19827K(21696K)
[2025-08-28T13:02:35.544+0000][1088069][info ][gc          ] GC(79) Pause Young (Normal) (G1 Evacuation Pause) 400M->107M(512M) 2.924ms
[2025-08-28T13:02:35.544+0000][1088069][info ][gc,cpu      ] GC(79) User=0.01s Sys=0.01s Real=0.00s
[2025-08-28T13:02:35.544+0000][1088069][info ][safepoint   ] Safepoint "G1CollectForAllocation", Time since last: 219338567 ns, Reaching safepoint: 86170 ns, Cleanup: 85118 ns, At safepoint: 3041711 ns, Total: 3212999 ns
[2025-08-28T13:02:36.223+0000][1088069][info ][gc,start    ] GC(80) Pause Young (Normal) (G1 Evacuation Pause)
[2025-08-28T13:02:36.223+0000][1088069][info ][gc,task     ] GC(80) Using 12 workers of 33 for evacuation
[2025-08-28T13:02:36.223+0000][1088069][debug][gc,age      ] GC(80) Desired survivor size 20971520 bytes, new threshold 15 (max threshold 15)
[2025-08-28T13:02:36.226+0000][1088069][info ][gc,phases   ] GC(80)   Pre Evacuate Collection Set: 0.2ms
[2025-08-28T13:02:36.226+0000][1088069][info ][gc,phases   ] GC(80)   Merge Heap Roots: 0.1ms
[2025-08-28T13:02:36.226+0000][1088069][info ][gc,phases   ] GC(80)   Evacuate Collection Set: 2.1ms
[2025-08-28T13:02:36.226+0000][1088069][info ][gc,phases   ] GC(80)   Post Evacuate Collection Set: 0.4ms
[2025-08-28T13:02:36.226+0000][1088069][info ][gc,phases   ] GC(80)   Other: 0.1ms
[2025-08-28T13:02:36.226+0000][1088069][trace][gc,age      ] GC(80) Age table with threshold 15 (max threshold 15)
[2025-08-28T13:02:36.226+0000][1088069][trace][gc,age      ] GC(80) - age   1:    2829344 bytes,    2829344 total
[2025-08-28T13:02:36.226+0000][1088069][trace][gc,age      ] GC(80) - age   2:     222064 bytes,    3051408 total
[2025-08-28T13:02:36.226+0000][1088069][trace][gc,age      ] GC(80) - age   3:      47152 bytes,    3098560 total
[2025-08-28T13:02:36.226+0000][1088069][info ][gc,heap     ] GC(80) Eden regions: 73->0(75)
[2025-08-28T13:02:36.226+0000][1088069][info ][gc,heap     ] GC(80) Survivor regions: 3->1(10)
[2025-08-28T13:02:36.226+0000][1088069][info ][gc,heap     ] GC(80) Old regions: 25->25
[2025-08-28T13:02:36.226+0000][1088069][info ][gc,heap     ] GC(80) Humongous regions: 0->0
[2025-08-28T13:02:36.226+0000][1088069][info ][gc,metaspace] GC(80) Metaspace: 144410K(148416K)->144410K(148416K) NonClass: 124581K(126720K)->124581K(126720K) Class: 19828K(21696K)->19828K(21696K)
[2025-08-28T13:02:36.226+0000][1088069][info ][gc          ] GC(80) Pause Young (Normal) (G1 Evacuation Pause) 399M->100M(512M) 3.017ms
[2025-08-28T13:02:36.226+0000][1088069][info ][gc,cpu      ] GC(80) User=0.02s Sys=0.00s Real=0.00s
[2025-08-28T13:02:36.226+0000][1088069][info ][safepoint   ] Safepoint "G1CollectForAllocation", Time since last: 678857232 ns, Reaching safepoint: 22184 ns, Cleanup: 103996 ns, At safepoint: 3120529 ns, Total: 3246709 ns
[2025-08-28T13:02:36.711+0000][1088069][info ][gc,start    ] GC(81) Pause Young (Normal) (G1 Evacuation Pause)
[2025-08-28T13:02:36.711+0000][1088069][info ][gc,task     ] GC(81) Using 12 workers of 33 for evacuation
[2025-08-28T13:02:36.711+0000][1088069][debug][gc,age      ] GC(81) Desired survivor size 20971520 bytes, new threshold 15 (max threshold 15)
[2025-08-28T13:02:36.714+0000][1088069][info ][gc,phases   ] GC(81)   Pre Evacuate Collection Set: 0.2ms
[2025-08-28T13:02:36.714+0000][1088069][info ][gc,phases   ] GC(81)   Merge Heap Roots: 0.1ms
[2025-08-28T13:02:36.714+0000][1088069][info ][gc,phases   ] GC(81)   Evacuate Collection Set: 2.2ms
[2025-08-28T13:02:36.714+0000][1088069][info ][gc,phases   ] GC(81)   Post Evacuate Collection Set: 0.6ms
[2025-08-28T13:02:36.714+0000][1088069][info ][gc,phases   ] GC(81)   Other: 0.1ms
[2025-08-28T13:02:36.714+0000][1088069][trace][gc,age      ] GC(81) Age table with threshold 15 (max threshold 15)
[2025-08-28T13:02:36.714+0000][1088069][trace][gc,age      ] GC(81) - age   1:   13725704 bytes,   13725704 total
[2025-08-28T13:02:36.714+0000][1088069][trace][gc,age      ] GC(81) - age   2:      77872 bytes,   13803576 total
[2025-08-28T13:02:36.714+0000][1088069][trace][gc,age      ] GC(81) - age   3:     212920 bytes,   14016496 total
[2025-08-28T13:02:36.714+0000][1088069][trace][gc,age      ] GC(81) - age   4:      47120 bytes,   14063616 total
[2025-08-28T13:02:36.714+0000][1088069][info ][gc,heap     ] GC(81) Eden regions: 75->0(72)
[2025-08-28T13:02:36.714+0000][1088069][info ][gc,heap     ] GC(81) Survivor regions: 1->4(10)
[2025-08-28T13:02:36.714+0000][1088069][info ][gc,heap     ] GC(81) Old regions: 25->25
[2025-08-28T13:02:36.714+0000][1088069][info ][gc,heap     ] GC(81) Humongous regions: 0->0
[2025-08-28T13:02:36.714+0000][1088069][info ][gc,metaspace] GC(81) Metaspace: 144433K(148480K)->144433K(148480K) NonClass: 124605K(126784K)->124605K(126784K) Class: 19828K(21696K)->19828K(21696K)
[2025-08-28T13:02:36.714+0000][1088069][info ][gc          ] GC(81) Pause Young (Normal) (G1 Evacuation Pause) 400M->111M(512M) 3.323ms
[2025-08-28T13:02:36.714+0000][1088069][info ][gc,cpu      ] GC(81) User=0.02s Sys=0.00s Real=0.00s
[2025-08-28T13:02:36.714+0000][1088069][info ][safepoint   ] Safepoint "G1CollectForAllocation", Time since last: 484313214 ns, Reaching safepoint: 26961 ns, Cleanup: 114913 ns, At safepoint: 3512488 ns, Total: 3654362 ns
[2025-08-28T13:02:37.085+0000][1088069][info ][gc,start    ] GC(82) Pause Young (Normal) (G1 Evacuation Pause)
[2025-08-28T13:02:37.085+0000][1088069][info ][gc,task     ] GC(82) Using 12 workers of 33 for evacuation
[2025-08-28T13:02:37.085+0000][1088069][debug][gc,age      ] GC(82) Desired survivor size 20971520 bytes, new threshold 15 (max threshold 15)
[2025-08-28T13:02:37.089+0000][1088069][info ][gc,phases   ] GC(82)   Pre Evacuate Collection Set: 0.2ms
[2025-08-28T13:02:37.089+0000][1088069][info ][gc,phases   ] GC(82)   Merge Heap Roots: 0.1ms
[2025-08-28T13:02:37.089+0000][1088069][info ][gc,phases   ] GC(82)   Evacuate Collection Set: 2.3ms
[2025-08-28T13:02:37.089+0000][1088069][info ][gc,phases   ] GC(82)   Post Evacuate Collection Set: 0.5ms
[2025-08-28T13:02:37.089+0000][1088069][info ][gc,phases   ] GC(82)   Other: 0.1ms
[2025-08-28T13:02:37.089+0000][1088069][trace][gc,age      ] GC(82) Age table with threshold 15 (max threshold 15)
[2025-08-28T13:02:37.089+0000][1088069][trace][gc,age      ] GC(82) - age   1:   28187992 bytes,   28187992 total
[2025-08-28T13:02:37.089+0000][1088069][trace][gc,age      ] GC(82) - age   2:      58336 bytes,   28246328 total
[2025-08-28T13:02:37.089+0000][1088069][trace][gc,age      ] GC(82) - age   3:      73928 bytes,   28320256 total
[2025-08-28T13:02:37.089+0000][1088069][trace][gc,age      ] GC(82) - age   4:     212920 bytes,   28533176 total
[2025-08-28T13:02:37.089+0000][1088069][trace][gc,age      ] GC(82) - age   5:      47120 bytes,   28580296 total
[2025-08-28T13:02:37.089+0000][1088069][info ][gc,heap     ] GC(82) Eden regions: 72->0(69)
[2025-08-28T13:02:37.089+0000][1088069][info ][gc,heap     ] GC(82) Survivor regions: 4->7(10)
[2025-08-28T13:02:37.089+0000][1088069][info ][gc,heap     ] GC(82) Old regions: 25->25
[2025-08-28T13:02:37.089+0000][1088069][info ][gc,heap     ] GC(82) Humongous regions: 0->0
[2025-08-28T13:02:37.089+0000][1088069][info ][gc,metaspace] GC(82) Metaspace: 144453K(148480K)->144453K(148480K) NonClass: 124625K(126784K)->124625K(126784K) Class: 19828K(21696K)->19828K(21696K)
[2025-08-28T13:02:37.089+0000][1088069][info ][gc          ] GC(82) Pause Young (Normal) (G1 Evacuation Pause) 399M->125M(512M) 3.394ms
[2025-08-28T13:02:37.089+0000][1088069][info ][gc,cpu      ] GC(82) User=0.02s Sys=0.00s Real=0.00s
[2025-08-28T13:02:37.089+0000][1088069][info ][safepoint   ] Safepoint "G1CollectForAllocation", Time since last: 370907175 ns, Reaching safepoint: 24908 ns, Cleanup: 49724 ns, At safepoint: 3527051 ns, Total: 3601683 ns
[2025-08-28T13:02:37.426+0000][1088069][info ][gc,start    ] GC(83) Pause Young (Normal) (G1 Evacuation Pause)
[2025-08-28T13:02:37.426+0000][1088069][info ][gc,task     ] GC(83) Using 12 workers of 33 for evacuation
[2025-08-28T13:02:37.426+0000][1088069][debug][gc,age      ] GC(83) Desired survivor size 20971520 bytes, new threshold 1 (max threshold 15)
[2025-08-28T13:02:37.429+0000][1088069][info ][gc,phases   ] GC(83)   Pre Evacuate Collection Set: 0.2ms
[2025-08-28T13:02:37.429+0000][1088069][info ][gc,phases   ] GC(83)   Merge Heap Roots: 0.1ms
[2025-08-28T13:02:37.429+0000][1088069][info ][gc,phases   ] GC(83)   Evacuate Collection Set: 2.1ms
[2025-08-28T13:02:37.429+0000][1088069][info ][gc,phases   ] GC(83)   Post Evacuate Collection Set: 0.6ms
[2025-08-28T13:02:37.429+0000][1088069][info ][gc,phases   ] GC(83)   Other: 0.1ms
[2025-08-28T13:02:37.429+0000][1088069][trace][gc,age      ] GC(83) Age table with threshold 1 (max threshold 15)
[2025-08-28T13:02:37.429+0000][1088069][trace][gc,age      ] GC(83) - age   1:   25178344 bytes,   25178344 total
[2025-08-28T13:02:37.429+0000][1088069][info ][gc,heap     ] GC(83) Eden regions: 69->0(69)
[2025-08-28T13:02:37.429+0000][1088069][info ][gc,heap     ] GC(83) Survivor regions: 7->7(10)
[2025-08-28T13:02:37.429+0000][1088069][info ][gc,heap     ] GC(83) Old regions: 25->25
[2025-08-28T13:02:37.429+0000][1088069][info ][gc,heap     ] GC(83) Humongous regions: 0->0
[2025-08-28T13:02:37.429+0000][1088069][info ][gc,metaspace] GC(83) Metaspace: 144504K(148544K)->144504K(148544K) NonClass: 124675K(126848K)->124675K(126848K) Class: 19828K(21696K)->19828K(21696K)
[2025-08-28T13:02:37.429+0000][1088069][info ][gc          ] GC(83) Pause Young (Normal) (G1 Evacuation Pause) 401M->122M(512M) 3.166ms
[2025-08-28T13:02:37.429+0000][1088069][info ][gc,cpu      ] GC(83) User=0.02s Sys=0.00s Real=0.00s
[2025-08-28T13:02:37.429+0000][1088069][info ][safepoint   ] Safepoint "G1CollectForAllocation", Time since last: 336826440 ns, Reaching safepoint: 28173 ns, Cleanup: 60441 ns, At safepoint: 3298967 ns, Total: 3387581 ns
[2025-08-28T13:02:37.907+0000][1088069][info ][gc,start    ] GC(84) Pause Young (Normal) (G1 Evacuation Pause)
[2025-08-28T13:02:37.907+0000][1088069][info ][gc,task     ] GC(84) Using 12 workers of 33 for evacuation
[2025-08-28T13:02:37.907+0000][1088069][debug][gc,age      ] GC(84) Desired survivor size 20971520 bytes, new threshold 1 (max threshold 15)
[2025-08-28T13:02:37.911+0000][1088069][info ][gc,phases   ] GC(84)   Pre Evacuate Collection Set: 0.2ms
[2025-08-28T13:02:37.911+0000][1088069][info ][gc,phases   ] GC(84)   Merge Heap Roots: 0.1ms
[2025-08-28T13:02:37.911+0000][1088069][info ][gc,phases   ] GC(84)   Evacuate Collection Set: 2.3ms
[2025-08-28T13:02:37.911+0000][1088069][info ][gc,phases   ] GC(84)   Post Evacuate Collection Set: 0.6ms
[2025-08-28T13:02:37.911+0000][1088069][info ][gc,phases   ] GC(84)   Other: 0.1ms
[2025-08-28T13:02:37.911+0000][1088069][trace][gc,age      ] GC(84) Age table with threshold 1 (max threshold 15)
[2025-08-28T13:02:37.911+0000][1088069][trace][gc,age      ] GC(84) - age   1:   37535768 bytes,   37535768 total
[2025-08-28T13:02:37.911+0000][1088069][info ][gc,heap     ] GC(84) Eden regions: 69->0(66)
[2025-08-28T13:02:37.911+0000][1088069][info ][gc,heap     ] GC(84) Survivor regions: 7->10(10)
[2025-08-28T13:02:37.911+0000][1088069][info ][gc,heap     ] GC(84) Old regions: 25->25
[2025-08-28T13:02:37.911+0000][1088069][info ][gc,heap     ] GC(84) Humongous regions: 0->0
[2025-08-28T13:02:37.911+0000][1088069][info ][gc,metaspace] GC(84) Metaspace: 144520K(148544K)->144520K(148544K) NonClass: 124691K(126848K)->124691K(126848K) Class: 19828K(21696K)->19828K(21696K)
[2025-08-28T13:02:37.911+0000][1088069][info ][gc          ] GC(84) Pause Young (Normal) (G1 Evacuation Pause) 398M->134M(512M) 3.425ms
[2025-08-28T13:02:37.911+0000][1088069][info ][gc,cpu      ] GC(84) User=0.02s Sys=0.01s Real=0.01s
[2025-08-28T13:02:37.911+0000][1088069][info ][safepoint   ] Safepoint "G1CollectForAllocation", Time since last: 477998034 ns, Reaching safepoint: 93651 ns, Cleanup: 87271 ns, At safepoint: 3564617 ns, Total: 3745539 ns
[2025-08-28T13:02:38.911+0000][1088069][info ][safepoint   ] Safepoint "Cleanup", Time since last: 1000082469 ns, Reaching safepoint: 26179 ns, Cleanup: 15033 ns, At safepoint: 3215 ns, Total: 44427 ns
[2025-08-28T13:02:39.089+0000][1088069][info ][gc,start    ] GC(85) Pause Young (Normal) (G1 Evacuation Pause)
[2025-08-28T13:02:39.089+0000][1088069][info ][gc,task     ] GC(85) Using 12 workers of 33 for evacuation
[2025-08-28T13:02:39.089+0000][1088069][debug][gc,age      ] GC(85) Desired survivor size 20971520 bytes, new threshold 1 (max threshold 15)
[2025-08-28T13:02:39.091+0000][1088069][info ][gc,phases   ] GC(85)   Pre Evacuate Collection Set: 0.2ms
[2025-08-28T13:02:39.091+0000][1088069][info ][gc,phases   ] GC(85)   Merge Heap Roots: 0.1ms
[2025-08-28T13:02:39.091+0000][1088069][info ][gc,phases   ] GC(85)   Evacuate Collection Set: 1.2ms
[2025-08-28T13:02:39.091+0000][1088069][info ][gc,phases   ] GC(85)   Post Evacuate Collection Set: 0.3ms
[2025-08-28T13:02:39.091+0000][1088069][info ][gc,phases   ] GC(85)   Other: 0.1ms
[2025-08-28T13:02:39.091+0000][1088069][trace][gc,age      ] GC(85) Age table with threshold 1 (max threshold 15)
[2025-08-28T13:02:39.091+0000][1088069][trace][gc,age      ] GC(85) - age   1:      11752 bytes,      11752 total
[2025-08-28T13:02:39.091+0000][1088069][info ][gc,heap     ] GC(85) Eden regions: 66->0(75)
[2025-08-28T13:02:39.091+0000][1088069][info ][gc,heap     ] GC(85) Survivor regions: 10->1(10)
[2025-08-28T13:02:39.091+0000][1088069][info ][gc,heap     ] GC(85) Old regions: 25->25
[2025-08-28T13:02:39.091+0000][1088069][info ][gc,heap     ] GC(85) Humongous regions: 0->0
[2025-08-28T13:02:39.091+0000][1088069][info ][gc,metaspace] GC(85) Metaspace: 144527K(148544K)->144527K(148544K) NonClass: 124698K(126848K)->124698K(126848K) Class: 19828K(21696K)->19828K(21696K)
[2025-08-28T13:02:39.091+0000][1088069][info ][gc          ] GC(85) Pause Young (Normal) (G1 Evacuation Pause) 398M->98M(512M) 1.952ms
[2025-08-28T13:02:39.091+0000][1088069][info ][gc,cpu      ] GC(85) User=0.01s Sys=0.00s Real=0.01s
[2025-08-28T13:02:39.091+0000][1088069][info ][safepoint   ] Safepoint "G1CollectForAllocation", Time since last: 178205435 ns, Reaching safepoint: 26470 ns, Cleanup: 5128 ns, At safepoint: 2083511 ns, Total: 2115109 ns
[2025-08-28T13:02:42.015+0000][1088069][info ][gc,start    ] GC(86) Pause Young (Normal) (G1 Evacuation Pause)
[2025-08-28T13:02:42.015+0000][1088069][info ][gc,task     ] GC(86) Using 12 workers of 33 for evacuation
[2025-08-28T13:02:42.015+0000][1088069][debug][gc,age      ] GC(86) Desired survivor size 20971520 bytes, new threshold 15 (max threshold 15)
[2025-08-28T13:02:42.017+0000][1088069][info ][gc,phases   ] GC(86)   Pre Evacuate Collection Set: 0.2ms
[2025-08-28T13:02:42.017+0000][1088069][info ][gc,phases   ] GC(86)   Merge Heap Roots: 0.0ms
[2025-08-28T13:02:42.017+0000][1088069][info ][gc,phases   ] GC(86)   Evacuate Collection Set: 1.5ms
[2025-08-28T13:02:42.017+0000][1088069][info ][gc,phases   ] GC(86)   Post Evacuate Collection Set: 0.3ms
[2025-08-28T13:02:42.017+0000][1088069][info ][gc,phases   ] GC(86)   Other: 0.1ms
[2025-08-28T13:02:42.017+0000][1088069][trace][gc,age      ] GC(86) Age table with threshold 15 (max threshold 15)
[2025-08-28T13:02:42.017+0000][1088069][trace][gc,age      ] GC(86) - age   1:     675024 bytes,     675024 total
[2025-08-28T13:02:42.017+0000][1088069][trace][gc,age      ] GC(86) - age   2:       5816 bytes,     680840 total
[2025-08-28T13:02:42.017+0000][1088069][info ][gc,heap     ] GC(86) Eden regions: 75->0(75)
[2025-08-28T13:02:42.017+0000][1088069][info ][gc,heap     ] GC(86) Survivor regions: 1->1(10)
[2025-08-28T13:02:42.017+0000][1088069][info ][gc,heap     ] GC(86) Old regions: 25->25
[2025-08-28T13:02:42.017+0000][1088069][info ][gc,heap     ] GC(86) Humongous regions: 0->0
[2025-08-28T13:02:42.017+0000][1088069][info ][gc,metaspace] GC(86) Metaspace: 144527K(148544K)->144527K(148544K) NonClass: 124698K(126848K)->124698K(126848K) Class: 19828K(21696K)->19828K(21696K)
[2025-08-28T13:02:42.017+0000][1088069][info ][gc          ] GC(86) Pause Young (Normal) (G1 Evacuation Pause) 398M->99M(512M) 2.284ms
[2025-08-28T13:02:42.017+0000][1088069][info ][gc,cpu      ] GC(86) User=0.01s Sys=0.00s Real=0.00s
[2025-08-28T13:02:42.017+0000][1088069][info ][safepoint   ] Safepoint "G1CollectForAllocation", Time since last: 2923287636 ns, Reaching safepoint: 33841 ns, Cleanup: 5798 ns, At safepoint: 2419997 ns, Total: 2459636 ns
[2025-08-28T13:02:44.964+0000][1088069][info ][gc,start    ] GC(87) Pause Young (Normal) (G1 Evacuation Pause)
[2025-08-28T13:02:44.964+0000][1088069][info ][gc,task     ] GC(87) Using 12 workers of 33 for evacuation
[2025-08-28T13:02:44.964+0000][1088069][debug][gc,age      ] GC(87) Desired survivor size 20971520 bytes, new threshold 15 (max threshold 15)
[2025-08-28T13:02:44.967+0000][1088069][info ][gc,phases   ] GC(87)   Pre Evacuate Collection Set: 0.2ms
[2025-08-28T13:02:44.967+0000][1088069][info ][gc,phases   ] GC(87)   Merge Heap Roots: 0.1ms
[2025-08-28T13:02:44.967+0000][1088069][info ][gc,phases   ] GC(87)   Evacuate Collection Set: 1.7ms
[2025-08-28T13:02:44.967+0000][1088069][info ][gc,phases   ] GC(87)   Post Evacuate Collection Set: 0.3ms
[2025-08-28T13:02:44.967+0000][1088069][info ][gc,phases   ] GC(87)   Other: 0.1ms
[2025-08-28T13:02:44.967+0000][1088069][trace][gc,age      ] GC(87) Age table with threshold 15 (max threshold 15)
[2025-08-28T13:02:44.967+0000][1088069][trace][gc,age      ] GC(87) - age   1:       8968 bytes,       8968 total
[2025-08-28T13:02:44.967+0000][1088069][trace][gc,age      ] GC(87) - age   2:        288 bytes,       9256 total
[2025-08-28T13:02:44.967+0000][1088069][trace][gc,age      ] GC(87) - age   3:       5640 bytes,      14896 total
[2025-08-28T13:02:44.967+0000][1088069][info ][gc,heap     ] GC(87) Eden regions: 75->0(75)
[2025-08-28T13:02:44.967+0000][1088069][info ][gc,heap     ] GC(87) Survivor regions: 1->1(10)
[2025-08-28T13:02:44.967+0000][1088069][info ][gc,heap     ] GC(87) Old regions: 25->25
[2025-08-28T13:02:44.967+0000][1088069][info ][gc,heap     ] GC(87) Humongous regions: 0->0
[2025-08-28T13:02:44.967+0000][1088069][info ][gc,metaspace] GC(87) Metaspace: 144527K(148544K)->144527K(148544K) NonClass: 124698K(126848K)->124698K(126848K) Class: 19828K(21696K)->19828K(21696K)
[2025-08-28T13:02:44.967+0000][1088069][info ][gc          ] GC(87) Pause Young (Normal) (G1 Evacuation Pause) 399M->98M(512M) 2.447ms
[2025-08-28T13:02:44.967+0000][1088069][info ][gc,cpu      ] GC(87) User=0.01s Sys=0.00s Real=0.00s
[2025-08-28T13:02:44.967+0000][1088069][info ][safepoint   ] Safepoint "G1CollectForAllocation", Time since last: 2947185008 ns, Reaching safepoint: 27331 ns, Cleanup: 9725 ns, At safepoint: 2586867 ns, Total: 2623923 ns
[2025-08-28T13:02:47.902+0000][1088069][info ][gc,start    ] GC(88) Pause Young (Normal) (G1 Evacuation Pause)
[2025-08-28T13:02:47.902+0000][1088069][info ][gc,task     ] GC(88) Using 12 workers of 33 for evacuation
[2025-08-28T13:02:47.902+0000][1088069][debug][gc,age      ] GC(88) Desired survivor size 20971520 bytes, new threshold 15 (max threshold 15)
[2025-08-28T13:02:47.904+0000][1088069][info ][gc,phases   ] GC(88)   Pre Evacuate Collection Set: 0.2ms
[2025-08-28T13:02:47.904+0000][1088069][info ][gc,phases   ] GC(88)   Merge Heap Roots: 0.1ms
[2025-08-28T13:02:47.904+0000][1088069][info ][gc,phases   ] GC(88)   Evacuate Collection Set: 1.4ms
[2025-08-28T13:02:47.904+0000][1088069][info ][gc,phases   ] GC(88)   Post Evacuate Collection Set: 0.3ms
[2025-08-28T13:02:47.904+0000][1088069][info ][gc,phases   ] GC(88)   Other: 0.1ms
[2025-08-28T13:02:47.904+0000][1088069][trace][gc,age      ] GC(88) Age table with threshold 15 (max threshold 15)
[2025-08-28T13:02:47.904+0000][1088069][trace][gc,age      ] GC(88) - age   1:     640304 bytes,     640304 total
[2025-08-28T13:02:47.904+0000][1088069][trace][gc,age      ] GC(88) - age   2:        712 bytes,     641016 total
[2025-08-28T13:02:47.904+0000][1088069][trace][gc,age      ] GC(88) - age   3:        288 bytes,     641304 total
[2025-08-28T13:02:47.904+0000][1088069][trace][gc,age      ] GC(88) - age   4:       5640 bytes,     646944 total
[2025-08-28T13:02:47.904+0000][1088069][info ][gc,heap     ] GC(88) Eden regions: 75->0(75)
[2025-08-28T13:02:47.904+0000][1088069][info ][gc,heap     ] GC(88) Survivor regions: 1->1(10)
[2025-08-28T13:02:47.904+0000][1088069][info ][gc,heap     ] GC(88) Old regions: 25->25
[2025-08-28T13:02:47.904+0000][1088069][info ][gc,heap     ] GC(88) Humongous regions: 0->0
[2025-08-28T13:02:47.904+0000][1088069][info ][gc,metaspace] GC(88) Metaspace: 144527K(148544K)->144527K(148544K) NonClass: 124698K(126848K)->124698K(126848K) Class: 19828K(21696K)->19828K(21696K)
[2025-08-28T13:02:47.904+0000][1088069][info ][gc          ] GC(88) Pause Young (Normal) (G1 Evacuation Pause) 398M->99M(512M) 2.199ms
[2025-08-28T13:02:47.904+0000][1088069][info ][gc,cpu      ] GC(88) User=0.01s Sys=0.00s Real=0.00s
[2025-08-28T13:02:47.904+0000][1088069][info ][safepoint   ] Safepoint "G1CollectForAllocation", Time since last: 2935243303 ns, Reaching safepoint: 57366 ns, Cleanup: 6119 ns, At safepoint: 2334318 ns, Total: 2397803 ns
[2025-08-28T13:02:50.852+0000][1088069][info ][gc,start    ] GC(89) Pause Young (Normal) (G1 Evacuation Pause)
[2025-08-28T13:02:50.852+0000][1088069][info ][gc,task     ] GC(89) Using 12 workers of 33 for evacuation
[2025-08-28T13:02:50.852+0000][1088069][debug][gc,age      ] GC(89) Desired survivor size 20971520 bytes, new threshold 15 (max threshold 15)
[2025-08-28T13:02:50.856+0000][1088069][info ][gc,phases   ] GC(89)   Pre Evacuate Collection Set: 0.4ms
[2025-08-28T13:02:50.856+0000][1088069][info ][gc,phases   ] GC(89)   Merge Heap Roots: 0.1ms
[2025-08-28T13:02:50.856+0000][1088069][info ][gc,phases   ] GC(89)   Evacuate Collection Set: 2.6ms
[2025-08-28T13:02:50.856+0000][1088069][info ][gc,phases   ] GC(89)   Post Evacuate Collection Set: 0.4ms
[2025-08-28T13:02:50.856+0000][1088069][info ][gc,phases   ] GC(89)   Other: 0.1ms
[2025-08-28T13:02:50.856+0000][1088069][trace][gc,age      ] GC(89) Age table with threshold 15 (max threshold 15)
[2025-08-28T13:02:50.856+0000][1088069][trace][gc,age      ] GC(89) - age   1:      25008 bytes,      25008 total
[2025-08-28T13:02:50.856+0000][1088069][trace][gc,age      ] GC(89) - age   4:        288 bytes,      25296 total
[2025-08-28T13:02:50.856+0000][1088069][trace][gc,age      ] GC(89) - age   5:       5640 bytes,      30936 total
[2025-08-28T13:02:50.856+0000][1088069][info ][gc,heap     ] GC(89) Eden regions: 75->0(75)
[2025-08-28T13:02:50.856+0000][1088069][info ][gc,heap     ] GC(89) Survivor regions: 1->1(10)
[2025-08-28T13:02:50.856+0000][1088069][info ][gc,heap     ] GC(89) Old regions: 25->25
[2025-08-28T13:02:50.856+0000][1088069][info ][gc,heap     ] GC(89) Humongous regions: 0->0
[2025-08-28T13:02:50.856+0000][1088069][info ][gc,metaspace] GC(89) Metaspace: 144527K(148544K)->144527K(148544K) NonClass: 124698K(126848K)->124698K(126848K) Class: 19828K(21696K)->19828K(21696K)
[2025-08-28T13:02:50.856+0000][1088069][info ][gc          ] GC(89) Pause Young (Normal) (G1 Evacuation Pause) 399M->98M(512M) 3.649ms
[2025-08-28T13:02:50.856+0000][1088069][info ][gc,cpu      ] GC(89) User=0.00s Sys=0.01s Real=0.00s
[2025-08-28T13:02:50.856+0000][1088069][info ][safepoint   ] Safepoint "G1CollectForAllocation", Time since last: 2947305619 ns, Reaching safepoint: 249595 ns, Cleanup: 16264 ns, At safepoint: 3789565 ns, Total: 4055424 ns
[2025-08-28T13:02:51.856+0000][1088069][info ][safepoint   ] Safepoint "Cleanup", Time since last: 1000093325 ns, Reaching safepoint: 92269 ns, Cleanup: 18317 ns, At safepoint: 5869 ns, Total: 116455 ns
[2025-08-28T13:02:52.856+0000][1088069][info ][safepoint   ] Safepoint "Cleanup", Time since last: 1000120036 ns, Reaching safepoint: 101702 ns, Cleanup: 56876 ns, At safepoint: 3215 ns, Total: 161793 ns
[2025-08-28T13:02:53.777+0000][1088069][info ][gc,start    ] GC(90) Pause Young (Normal) (G1 Evacuation Pause)
[2025-08-28T13:02:53.777+0000][1088069][info ][gc,task     ] GC(90) Using 12 workers of 33 for evacuation
[2025-08-28T13:02:53.777+0000][1088069][debug][gc,age      ] GC(90) Desired survivor size 20971520 bytes, new threshold 15 (max threshold 15)
[2025-08-28T13:02:53.781+0000][1088069][info ][gc,phases   ] GC(90)   Pre Evacuate Collection Set: 0.4ms
[2025-08-28T13:02:53.781+0000][1088069][info ][gc,phases   ] GC(90)   Merge Heap Roots: 0.1ms
[2025-08-28T13:02:53.781+0000][1088069][info ][gc,phases   ] GC(90)   Evacuate Collection Set: 2.7ms
[2025-08-28T13:02:53.781+0000][1088069][info ][gc,phases   ] GC(90)   Post Evacuate Collection Set: 0.5ms
[2025-08-28T13:02:53.781+0000][1088069][info ][gc,phases   ] GC(90)   Other: 0.1ms
[2025-08-28T13:02:53.781+0000][1088069][trace][gc,age      ] GC(90) Age table with threshold 15 (max threshold 15)
[2025-08-28T13:02:53.781+0000][1088069][trace][gc,age      ] GC(90) - age   1:     664000 bytes,     664000 total
[2025-08-28T13:02:53.781+0000][1088069][trace][gc,age      ] GC(90) - age   2:       2160 bytes,     666160 total
[2025-08-28T13:02:53.781+0000][1088069][trace][gc,age      ] GC(90) - age   5:         48 bytes,     666208 total
[2025-08-28T13:02:53.781+0000][1088069][trace][gc,age      ] GC(90) - age   6:       5560 bytes,     671768 total
[2025-08-28T13:02:53.781+0000][1088069][info ][gc,heap     ] GC(90) Eden regions: 75->0(75)
[2025-08-28T13:02:53.781+0000][1088069][info ][gc,heap     ] GC(90) Survivor regions: 1->1(10)
[2025-08-28T13:02:53.781+0000][1088069][info ][gc,heap     ] GC(90) Old regions: 25->25
[2025-08-28T13:02:53.781+0000][1088069][info ][gc,heap     ] GC(90) Humongous regions: 0->0
[2025-08-28T13:02:53.781+0000][1088069][info ][gc,metaspace] GC(90) Metaspace: 144529K(148544K)->144529K(148544K) NonClass: 124700K(126848K)->124700K(126848K) Class: 19828K(21696K)->19828K(21696K)
[2025-08-28T13:02:53.781+0000][1088069][info ][gc          ] GC(90) Pause Young (Normal) (G1 Evacuation Pause) 398M->99M(512M) 3.839ms
[2025-08-28T13:02:53.781+0000][1088069][info ][gc,cpu      ] GC(90) User=0.01s Sys=0.00s Real=0.01s
[2025-08-28T13:02:53.781+0000][1088069][info ][safepoint   ] Safepoint "G1CollectForAllocation", Time since last: 920808551 ns, Reaching safepoint: 26229 ns, Cleanup: 16946 ns, At safepoint: 3986320 ns, Total: 4029495 ns
[2025-08-28T13:02:56.715+0000][1088069][info ][gc,start    ] GC(91) Pause Young (Normal) (G1 Evacuation Pause)
[2025-08-28T13:02:56.715+0000][1088069][info ][gc,task     ] GC(91) Using 12 workers of 33 for evacuation
[2025-08-28T13:02:56.715+0000][1088069][debug][gc,age      ] GC(91) Desired survivor size 20971520 bytes, new threshold 15 (max threshold 15)
[2025-08-28T13:02:56.717+0000][1088069][info ][gc,phases   ] GC(91)   Pre Evacuate Collection Set: 0.2ms
[2025-08-28T13:02:56.717+0000][1088069][info ][gc,phases   ] GC(91)   Merge Heap Roots: 0.1ms
[2025-08-28T13:02:56.717+0000][1088069][info ][gc,phases   ] GC(91)   Evacuate Collection Set: 1.4ms
[2025-08-28T13:02:56.717+0000][1088069][info ][gc,phases   ] GC(91)   Post Evacuate Collection Set: 0.3ms
[2025-08-28T13:02:56.717+0000][1088069][info ][gc,phases   ] GC(91)   Other: 0.1ms
[2025-08-28T13:02:56.717+0000][1088069][trace][gc,age      ] GC(91) Age table with threshold 15 (max threshold 15)
[2025-08-28T13:02:56.717+0000][1088069][trace][gc,age      ] GC(91) - age   1:     640152 bytes,     640152 total
[2025-08-28T13:02:56.717+0000][1088069][trace][gc,age      ] GC(91) - age   2:       8688 bytes,     648840 total
[2025-08-28T13:02:56.717+0000][1088069][trace][gc,age      ] GC(91) - age   3:       1448 bytes,     650288 total
[2025-08-28T13:02:56.717+0000][1088069][trace][gc,age      ] GC(91) - age   6:         48 bytes,     650336 total
[2025-08-28T13:02:56.717+0000][1088069][trace][gc,age      ] GC(91) - age   7:       5560 bytes,     655896 total
[2025-08-28T13:02:56.717+0000][1088069][info ][gc,heap     ] GC(91) Eden regions: 75->0(75)
[2025-08-28T13:02:56.717+0000][1088069][info ][gc,heap     ] GC(91) Survivor regions: 1->1(10)
[2025-08-28T13:02:56.717+0000][1088069][info ][gc,heap     ] GC(91) Old regions: 25->25
[2025-08-28T13:02:56.717+0000][1088069][info ][gc,heap     ] GC(91) Humongous regions: 0->0
[2025-08-28T13:02:56.717+0000][1088069][info ][gc,metaspace] GC(91) Metaspace: 144529K(148544K)->144529K(148544K) NonClass: 124700K(126848K)->124700K(126848K) Class: 19828K(21696K)->19828K(21696K)
[2025-08-28T13:02:56.717+0000][1088069][info ][gc          ] GC(91) Pause Young (Normal) (G1 Evacuation Pause) 399M->99M(512M) 2.230ms
[2025-08-28T13:02:56.717+0000][1088069][info ][gc,cpu      ] GC(91) User=0.01s Sys=0.00s Real=0.00s
[2025-08-28T13:02:56.717+0000][1088069][info ][safepoint   ] Safepoint "G1CollectForAllocation", Time since last: 2933642838 ns, Reaching safepoint: 24747 ns, Cleanup: 5839 ns, At safepoint: 2374267 ns, Total: 2404853 ns
[2025-08-28T13:03:00.237+0000][1088069][info ][gc,start    ] GC(92) Pause Young (Normal) (G1 Evacuation Pause)
[2025-08-28T13:03:00.237+0000][1088069][info ][gc,task     ] GC(92) Using 12 workers of 33 for evacuation
[2025-08-28T13:03:00.237+0000][1088069][debug][gc,age      ] GC(92) Desired survivor size 20971520 bytes, new threshold 15 (max threshold 15)
[2025-08-28T13:03:00.239+0000][1088069][info ][gc,phases   ] GC(92)   Pre Evacuate Collection Set: 0.2ms
[2025-08-28T13:03:00.239+0000][1088069][info ][gc,phases   ] GC(92)   Merge Heap Roots: 0.1ms
[2025-08-28T13:03:00.239+0000][1088069][info ][gc,phases   ] GC(92)   Evacuate Collection Set: 1.7ms
[2025-08-28T13:03:00.239+0000][1088069][info ][gc,phases   ] GC(92)   Post Evacuate Collection Set: 0.3ms
[2025-08-28T13:03:00.239+0000][1088069][info ][gc,phases   ] GC(92)   Other: 0.1ms
[2025-08-28T13:03:00.239+0000][1088069][trace][gc,age      ] GC(92) Age table with threshold 15 (max threshold 15)
[2025-08-28T13:03:00.239+0000][1088069][trace][gc,age      ] GC(92) - age   1:      10024 bytes,      10024 total
[2025-08-28T13:03:00.239+0000][1088069][trace][gc,age      ] GC(92) - age   3:       8688 bytes,      18712 total
[2025-08-28T13:03:00.239+0000][1088069][trace][gc,age      ] GC(92) - age   4:       1448 bytes,      20160 total
[2025-08-28T13:03:00.239+0000][1088069][trace][gc,age      ] GC(92) - age   7:         48 bytes,      20208 total
[2025-08-28T13:03:00.239+0000][1088069][trace][gc,age      ] GC(92) - age   8:       5560 bytes,      25768 total
[2025-08-28T13:03:00.239+0000][1088069][info ][gc,heap     ] GC(92) Eden regions: 75->0(75)
[2025-08-28T13:03:00.239+0000][1088069][info ][gc,heap     ] GC(92) Survivor regions: 1->1(10)
[2025-08-28T13:03:00.239+0000][1088069][info ][gc,heap     ] GC(92) Old regions: 25->25
[2025-08-28T13:03:00.239+0000][1088069][info ][gc,heap     ] GC(92) Humongous regions: 0->0
[2025-08-28T13:03:00.239+0000][1088069][info ][gc,metaspace] GC(92) Metaspace: 144530K(148544K)->144530K(148544K) NonClass: 124701K(126848K)->124701K(126848K) Class: 19828K(21696K)->19828K(21696K)
[2025-08-28T13:03:00.239+0000][1088069][info ][gc          ] GC(92) Pause Young (Normal) (G1 Evacuation Pause) 399M->98M(512M) 2.427ms
[2025-08-28T13:03:00.239+0000][1088069][info ][gc,cpu      ] GC(92) User=0.00s Sys=0.00s Real=0.00s
[2025-08-28T13:03:00.239+0000][1088069][info ][safepoint   ] Safepoint "G1CollectForAllocation", Time since last: 3518959624 ns, Reaching safepoint: 301733 ns, Cleanup: 5368 ns, At safepoint: 2557263 ns, Total: 2864364 ns
[2025-08-28T13:03:01.239+0000][1088069][info ][safepoint   ] Safepoint "Cleanup", Time since last: 1000094417 ns, Reaching safepoint: 27531 ns, Cleanup: 14833 ns, At safepoint: 3405 ns, Total: 45769 ns
[2025-08-28T13:03:03.026+0000][1088069][info ][gc,start    ] GC(93) Pause Young (Normal) (G1 Evacuation Pause)
[2025-08-28T13:03:03.026+0000][1088069][info ][gc,task     ] GC(93) Using 12 workers of 33 for evacuation
[2025-08-28T13:03:03.026+0000][1088069][debug][gc,age      ] GC(93) Desired survivor size 20971520 bytes, new threshold 15 (max threshold 15)
[2025-08-28T13:03:03.029+0000][1088069][info ][gc,phases   ] GC(93)   Pre Evacuate Collection Set: 0.2ms
[2025-08-28T13:03:03.029+0000][1088069][info ][gc,phases   ] GC(93)   Merge Heap Roots: 0.1ms
[2025-08-28T13:03:03.029+0000][1088069][info ][gc,phases   ] GC(93)   Evacuate Collection Set: 1.6ms
[2025-08-28T13:03:03.029+0000][1088069][info ][gc,phases   ] GC(93)   Post Evacuate Collection Set: 0.3ms
[2025-08-28T13:03:03.029+0000][1088069][info ][gc,phases   ] GC(93)   Other: 0.1ms
[2025-08-28T13:03:03.029+0000][1088069][trace][gc,age      ] GC(93) Age table with threshold 15 (max threshold 15)
[2025-08-28T13:03:03.029+0000][1088069][trace][gc,age      ] GC(93) - age   1:     206568 bytes,     206568 total
[2025-08-28T13:03:03.029+0000][1088069][trace][gc,age      ] GC(93) - age   2:       1728 bytes,     208296 total
[2025-08-28T13:03:03.029+0000][1088069][trace][gc,age      ] GC(93) - age   4:       8448 bytes,     216744 total
[2025-08-28T13:03:03.029+0000][1088069][trace][gc,age      ] GC(93) - age   5:       1448 bytes,     218192 total
[2025-08-28T13:03:03.029+0000][1088069][trace][gc,age      ] GC(93) - age   8:         48 bytes,     218240 total
[2025-08-28T13:03:03.029+0000][1088069][trace][gc,age      ] GC(93) - age   9:       5560 bytes,     223800 total
[2025-08-28T13:03:03.029+0000][1088069][info ][gc,heap     ] GC(93) Eden regions: 75->0(75)
[2025-08-28T13:03:03.029+0000][1088069][info ][gc,heap     ] GC(93) Survivor regions: 1->1(10)
[2025-08-28T13:03:03.029+0000][1088069][info ][gc,heap     ] GC(93) Old regions: 25->25
[2025-08-28T13:03:03.029+0000][1088069][info ][gc,heap     ] GC(93) Humongous regions: 0->0
[2025-08-28T13:03:03.029+0000][1088069][info ][gc,metaspace] GC(93) Metaspace: 144530K(148544K)->144530K(148544K) NonClass: 124701K(126848K)->124701K(126848K) Class: 19828K(21696K)->19828K(21696K)
[2025-08-28T13:03:03.029+0000][1088069][info ][gc          ] GC(93) Pause Young (Normal) (G1 Evacuation Pause) 398M->98M(512M) 2.343ms
[2025-08-28T13:03:03.029+0000][1088069][info ][gc,cpu      ] GC(93) User=0.01s Sys=0.01s Real=0.00s
[2025-08-28T13:03:03.029+0000][1088069][info ][safepoint   ] Safepoint "G1CollectForAllocation", Time since last: 1786935330 ns, Reaching safepoint: 122484 ns, Cleanup: 5178 ns, At safepoint: 2476231 ns, Total: 2603893 ns
[2025-08-28T13:03:05.952+0000][1088069][info ][gc,start    ] GC(94) Pause Young (Normal) (G1 Evacuation Pause)
[2025-08-28T13:03:05.952+0000][1088069][info ][gc,task     ] GC(94) Using 12 workers of 33 for evacuation
[2025-08-28T13:03:05.952+0000][1088069][debug][gc,age      ] GC(94) Desired survivor size 20971520 bytes, new threshold 15 (max threshold 15)
[2025-08-28T13:03:05.954+0000][1088069][info ][gc,phases   ] GC(94)   Pre Evacuate Collection Set: 0.2ms
[2025-08-28T13:03:05.954+0000][1088069][info ][gc,phases   ] GC(94)   Merge Heap Roots: 0.1ms
[2025-08-28T13:03:05.954+0000][1088069][info ][gc,phases   ] GC(94)   Evacuate Collection Set: 1.2ms
[2025-08-28T13:03:05.954+0000][1088069][info ][gc,phases   ] GC(94)   Post Evacuate Collection Set: 0.3ms
[2025-08-28T13:03:05.954+0000][1088069][info ][gc,phases   ] GC(94)   Other: 0.1ms
[2025-08-28T13:03:05.954+0000][1088069][trace][gc,age      ] GC(94) Age table with threshold 15 (max threshold 15)
[2025-08-28T13:03:05.954+0000][1088069][trace][gc,age      ] GC(94) - age   1:       6768 bytes,       6768 total
[2025-08-28T13:03:05.954+0000][1088069][trace][gc,age      ] GC(94) - age   2:        240 bytes,       7008 total
[2025-08-28T13:03:05.954+0000][1088069][trace][gc,age      ] GC(94) - age   3:       1016 bytes,       8024 total
[2025-08-28T13:03:05.954+0000][1088069][trace][gc,age      ] GC(94) - age   5:       8448 bytes,      16472 total
[2025-08-28T13:03:05.954+0000][1088069][trace][gc,age      ] GC(94) - age   6:       1448 bytes,      17920 total
[2025-08-28T13:03:05.954+0000][1088069][trace][gc,age      ] GC(94) - age   9:         48 bytes,      17968 total
[2025-08-28T13:03:05.954+0000][1088069][trace][gc,age      ] GC(94) - age  10:       5560 bytes,      23528 total
[2025-08-28T13:03:05.954+0000][1088069][info ][gc,heap     ] GC(94) Eden regions: 75->0(75)
[2025-08-28T13:03:05.954+0000][1088069][info ][gc,heap     ] GC(94) Survivor regions: 1->1(10)
[2025-08-28T13:03:05.954+0000][1088069][info ][gc,heap     ] GC(94) Old regions: 25->25
[2025-08-28T13:03:05.954+0000][1088069][info ][gc,heap     ] GC(94) Humongous regions: 0->0
[2025-08-28T13:03:05.954+0000][1088069][info ][gc,metaspace] GC(94) Metaspace: 144530K(148544K)->144530K(148544K) NonClass: 124701K(126848K)->124701K(126848K) Class: 19828K(21696K)->19828K(21696K)
[2025-08-28T13:03:05.954+0000][1088069][info ][gc          ] GC(94) Pause Young (Normal) (G1 Evacuation Pause) 398M->98M(512M) 2.024ms
[2025-08-28T13:03:05.954+0000][1088069][info ][gc,cpu      ] GC(94) User=0.01s Sys=0.00s Real=0.00s
[2025-08-28T13:03:05.954+0000][1088069][info ][safepoint   ] Safepoint "G1CollectForAllocation", Time since last: 2922902257 ns, Reaching safepoint: 25689 ns, Cleanup: 6519 ns, At safepoint: 2177393 ns, Total: 2209601 ns
[2025-08-28T13:03:06.954+0000][1088069][info ][safepoint   ] Safepoint "Cleanup", Time since last: 1000086565 ns, Reaching safepoint: 26279 ns, Cleanup: 16265 ns, At safepoint: 3615 ns, Total: 46159 ns
[2025-08-28T13:03:08.914+0000][1088069][info ][gc,start    ] GC(95) Pause Young (Normal) (G1 Evacuation Pause)
[2025-08-28T13:03:08.914+0000][1088069][info ][gc,task     ] GC(95) Using 12 workers of 33 for evacuation
[2025-08-28T13:03:08.914+0000][1088069][debug][gc,age      ] GC(95) Desired survivor size 20971520 bytes, new threshold 15 (max threshold 15)
[2025-08-28T13:03:08.916+0000][1088069][info ][gc,phases   ] GC(95)   Pre Evacuate Collection Set: 0.2ms
[2025-08-28T13:03:08.916+0000][1088069][info ][gc,phases   ] GC(95)   Merge Heap Roots: 0.1ms
[2025-08-28T13:03:08.916+0000][1088069][info ][gc,phases   ] GC(95)   Evacuate Collection Set: 1.5ms
[2025-08-28T13:03:08.916+0000][1088069][info ][gc,phases   ] GC(95)   Post Evacuate Collection Set: 0.3ms
[2025-08-28T13:03:08.916+0000][1088069][info ][gc,phases   ] GC(95)   Other: 0.1ms
[2025-08-28T13:03:08.916+0000][1088069][trace][gc,age      ] GC(95) Age table with threshold 15 (max threshold 15)
[2025-08-28T13:03:08.916+0000][1088069][trace][gc,age      ] GC(95) - age   1:     534320 bytes,     534320 total
[2025-08-28T13:03:08.916+0000][1088069][trace][gc,age      ] GC(95) - age   2:        712 bytes,     535032 total
[2025-08-28T13:03:08.916+0000][1088069][trace][gc,age      ] GC(95) - age   3:        240 bytes,     535272 total
[2025-08-28T13:03:08.916+0000][1088069][trace][gc,age      ] GC(95) - age   4:       1016 bytes,     536288 total
[2025-08-28T13:03:08.916+0000][1088069][trace][gc,age      ] GC(95) - age   6:       8448 bytes,     544736 total
[2025-08-28T13:03:08.916+0000][1088069][trace][gc,age      ] GC(95) - age   7:       1448 bytes,     546184 total
[2025-08-28T13:03:08.916+0000][1088069][trace][gc,age      ] GC(95) - age  10:         48 bytes,     546232 total
[2025-08-28T13:03:08.916+0000][1088069][trace][gc,age      ] GC(95) - age  11:       5560 bytes,     551792 total
[2025-08-28T13:03:08.916+0000][1088069][info ][gc,heap     ] GC(95) Eden regions: 75->0(75)
[2025-08-28T13:03:08.916+0000][1088069][info ][gc,heap     ] GC(95) Survivor regions: 1->1(10)
[2025-08-28T13:03:08.916+0000][1088069][info ][gc,heap     ] GC(95) Old regions: 25->25
[2025-08-28T13:03:08.916+0000][1088069][info ][gc,heap     ] GC(95) Humongous regions: 0->0
[2025-08-28T13:03:08.916+0000][1088069][info ][gc,metaspace] GC(95) Metaspace: 144530K(148544K)->144530K(148544K) NonClass: 124701K(126848K)->124701K(126848K) Class: 19828K(21696K)->19828K(21696K)
[2025-08-28T13:03:08.916+0000][1088069][info ][gc          ] GC(95) Pause Young (Normal) (G1 Evacuation Pause) 398M->99M(512M) 2.206ms
[2025-08-28T13:03:08.916+0000][1088069][info ][gc,cpu      ] GC(95) User=0.01s Sys=0.00s Real=0.00s
[2025-08-28T13:03:08.916+0000][1088069][info ][safepoint   ] Safepoint "G1CollectForAllocation", Time since last: 1959633229 ns, Reaching safepoint: 58428 ns, Cleanup: 6310 ns, At safepoint: 2339745 ns, Total: 2404483 ns
[2025-08-28T13:03:11.839+0000][1088069][info ][gc,start    ] GC(96) Pause Young (Normal) (G1 Evacuation Pause)
[2025-08-28T13:03:11.839+0000][1088069][info ][gc,task     ] GC(96) Using 12 workers of 33 for evacuation
[2025-08-28T13:03:11.839+0000][1088069][debug][gc,age      ] GC(96) Desired survivor size 20971520 bytes, new threshold 15 (max threshold 15)
[2025-08-28T13:03:11.841+0000][1088069][info ][gc,phases   ] GC(96)   Pre Evacuate Collection Set: 0.2ms
[2025-08-28T13:03:11.841+0000][1088069][info ][gc,phases   ] GC(96)   Merge Heap Roots: 0.1ms
[2025-08-28T13:03:11.841+0000][1088069][info ][gc,phases   ] GC(96)   Evacuate Collection Set: 1.3ms
[2025-08-28T13:03:11.841+0000][1088069][info ][gc,phases   ] GC(96)   Post Evacuate Collection Set: 0.3ms
[2025-08-28T13:03:11.841+0000][1088069][info ][gc,phases   ] GC(96)   Other: 0.1ms
[2025-08-28T13:03:11.841+0000][1088069][trace][gc,age      ] GC(96) Age table with threshold 15 (max threshold 15)
[2025-08-28T13:03:11.841+0000][1088069][trace][gc,age      ] GC(96) - age   1:       7208 bytes,       7208 total
[2025-08-28T13:03:11.841+0000][1088069][trace][gc,age      ] GC(96) - age   5:       1016 bytes,       8224 total
[2025-08-28T13:03:11.841+0000][1088069][trace][gc,age      ] GC(96) - age   7:       8448 bytes,      16672 total
[2025-08-28T13:03:11.841+0000][1088069][trace][gc,age      ] GC(96) - age   8:       1448 bytes,      18120 total
[2025-08-28T13:03:11.841+0000][1088069][trace][gc,age      ] GC(96) - age  11:         48 bytes,      18168 total
[2025-08-28T13:03:11.841+0000][1088069][trace][gc,age      ] GC(96) - age  12:       5560 bytes,      23728 total
[2025-08-28T13:03:11.841+0000][1088069][info ][gc,heap     ] GC(96) Eden regions: 75->0(75)
[2025-08-28T13:03:11.841+0000][1088069][info ][gc,heap     ] GC(96) Survivor regions: 1->1(10)
[2025-08-28T13:03:11.841+0000][1088069][info ][gc,heap     ] GC(96) Old regions: 25->25
[2025-08-28T13:03:11.841+0000][1088069][info ][gc,heap     ] GC(96) Humongous regions: 0->0
[2025-08-28T13:03:11.841+0000][1088069][info ][gc,metaspace] GC(96) Metaspace: 144531K(148544K)->144531K(148544K) NonClass: 124702K(126848K)->124702K(126848K) Class: 19828K(21696K)->19828K(21696K)
[2025-08-28T13:03:11.841+0000][1088069][info ][gc          ] GC(96) Pause Young (Normal) (G1 Evacuation Pause) 399M->98M(512M) 2.101ms
[2025-08-28T13:03:11.841+0000][1088069][info ][gc,cpu      ] GC(96) User=0.01s Sys=0.00s Real=0.01s
[2025-08-28T13:03:11.841+0000][1088069][info ][safepoint   ] Safepoint "G1CollectForAllocation", Time since last: 2922537245 ns, Reaching safepoint: 25438 ns, Cleanup: 6490 ns, At safepoint: 2244673 ns, Total: 2276601 ns
[2025-08-28T13:03:14.764+0000][1088069][info ][gc,start    ] GC(97) Pause Young (Normal) (G1 Evacuation Pause)
[2025-08-28T13:03:14.764+0000][1088069][info ][gc,task     ] GC(97) Using 12 workers of 33 for evacuation
[2025-08-28T13:03:14.764+0000][1088069][debug][gc,age      ] GC(97) Desired survivor size 20971520 bytes, new threshold 15 (max threshold 15)
[2025-08-28T13:03:14.766+0000][1088069][info ][gc,phases   ] GC(97)   Pre Evacuate Collection Set: 0.2ms
[2025-08-28T13:03:14.766+0000][1088069][info ][gc,phases   ] GC(97)   Merge Heap Roots: 0.1ms
[2025-08-28T13:03:14.766+0000][1088069][info ][gc,phases   ] GC(97)   Evacuate Collection Set: 1.4ms
[2025-08-28T13:03:14.766+0000][1088069][info ][gc,phases   ] GC(97)   Post Evacuate Collection Set: 0.3ms
[2025-08-28T13:03:14.766+0000][1088069][info ][gc,phases   ] GC(97)   Other: 0.1ms
[2025-08-28T13:03:14.766+0000][1088069][trace][gc,age      ] GC(97) Age table with threshold 15 (max threshold 15)
[2025-08-28T13:03:14.766+0000][1088069][trace][gc,age      ] GC(97) - age   1:       6968 bytes,       6968 total
[2025-08-28T13:03:14.766+0000][1088069][trace][gc,age      ] GC(97) - age   2:        240 bytes,       7208 total
[2025-08-28T13:03:14.766+0000][1088069][trace][gc,age      ] GC(97) - age   6:        704 bytes,       7912 total
[2025-08-28T13:03:14.766+0000][1088069][trace][gc,age      ] GC(97) - age   8:       8448 bytes,      16360 total
[2025-08-28T13:03:14.766+0000][1088069][trace][gc,age      ] GC(97) - age   9:       1448 bytes,      17808 total
[2025-08-28T13:03:14.766+0000][1088069][trace][gc,age      ] GC(97) - age  12:         48 bytes,      17856 total
[2025-08-28T13:03:14.766+0000][1088069][trace][gc,age      ] GC(97) - age  13:       5560 bytes,      23416 total
[2025-08-28T13:03:14.766+0000][1088069][info ][gc,heap     ] GC(97) Eden regions: 75->0(75)
[2025-08-28T13:03:14.766+0000][1088069][info ][gc,heap     ] GC(97) Survivor regions: 1->1(10)
[2025-08-28T13:03:14.766+0000][1088069][info ][gc,heap     ] GC(97) Old regions: 25->25
[2025-08-28T13:03:14.766+0000][1088069][info ][gc,heap     ] GC(97) Humongous regions: 0->0
[2025-08-28T13:03:14.766+0000][1088069][info ][gc,metaspace] GC(97) Metaspace: 144531K(148544K)->144531K(148544K) NonClass: 124702K(126848K)->124702K(126848K) Class: 19828K(21696K)->19828K(21696K)
[2025-08-28T13:03:14.766+0000][1088069][info ][gc          ] GC(97) Pause Young (Normal) (G1 Evacuation Pause) 398M->98M(512M) 2.226ms
[2025-08-28T13:03:14.766+0000][1088069][info ][gc,cpu      ] GC(97) User=0.01s Sys=0.00s Real=0.00s
[2025-08-28T13:03:14.766+0000][1088069][info ][safepoint   ] Safepoint "G1CollectForAllocation", Time since last: 2922700346 ns, Reaching safepoint: 62404 ns, Cleanup: 5849 ns, At safepoint: 2360196 ns, Total: 2428449 ns
[2025-08-28T13:03:17.701+0000][1088069][info ][gc,start    ] GC(98) Pause Young (Normal) (G1 Evacuation Pause)
[2025-08-28T13:03:17.701+0000][1088069][info ][gc,task     ] GC(98) Using 12 workers of 33 for evacuation
[2025-08-28T13:03:17.701+0000][1088069][debug][gc,age      ] GC(98) Desired survivor size 20971520 bytes, new threshold 15 (max threshold 15)
[2025-08-28T13:03:17.704+0000][1088069][info ][gc,phases   ] GC(98)   Pre Evacuate Collection Set: 0.3ms
[2025-08-28T13:03:17.704+0000][1088069][info ][gc,phases   ] GC(98)   Merge Heap Roots: 0.1ms
[2025-08-28T13:03:17.704+0000][1088069][info ][gc,phases   ] GC(98)   Evacuate Collection Set: 1.5ms
[2025-08-28T13:03:17.704+0000][1088069][info ][gc,phases   ] GC(98)   Post Evacuate Collection Set: 0.4ms
[2025-08-28T13:03:17.704+0000][1088069][info ][gc,phases   ] GC(98)   Other: 0.1ms
[2025-08-28T13:03:17.704+0000][1088069][trace][gc,age      ] GC(98) Age table with threshold 15 (max threshold 15)
[2025-08-28T13:03:17.704+0000][1088069][trace][gc,age      ] GC(98) - age   1:     270560 bytes,     270560 total
[2025-08-28T13:03:17.704+0000][1088069][trace][gc,age      ] GC(98) - age   2:        712 bytes,     271272 total
[2025-08-28T13:03:17.704+0000][1088069][trace][gc,age      ] GC(98) - age   3:        240 bytes,     271512 total
[2025-08-28T13:03:17.704+0000][1088069][trace][gc,age      ] GC(98) - age   7:        480 bytes,     271992 total
[2025-08-28T13:03:17.704+0000][1088069][trace][gc,age      ] GC(98) - age   9:       8448 bytes,     280440 total
[2025-08-28T13:03:17.704+0000][1088069][trace][gc,age      ] GC(98) - age  10:       1448 bytes,     281888 total
[2025-08-28T13:03:17.704+0000][1088069][trace][gc,age      ] GC(98) - age  13:         48 bytes,     281936 total
[2025-08-28T13:03:17.704+0000][1088069][trace][gc,age      ] GC(98) - age  14:       5560 bytes,     287496 total
[2025-08-28T13:03:17.704+0000][1088069][info ][gc,heap     ] GC(98) Eden regions: 75->0(75)
[2025-08-28T13:03:17.704+0000][1088069][info ][gc,heap     ] GC(98) Survivor regions: 1->1(10)
[2025-08-28T13:03:17.704+0000][1088069][info ][gc,heap     ] GC(98) Old regions: 25->25
[2025-08-28T13:03:17.704+0000][1088069][info ][gc,heap     ] GC(98) Humongous regions: 0->0
[2025-08-28T13:03:17.704+0000][1088069][info ][gc,metaspace] GC(98) Metaspace: 144531K(148544K)->144531K(148544K) NonClass: 124702K(126848K)->124702K(126848K) Class: 19828K(21696K)->19828K(21696K)
[2025-08-28T13:03:17.704+0000][1088069][info ][gc          ] GC(98) Pause Young (Normal) (G1 Evacuation Pause) 398M->98M(512M) 2.483ms
[2025-08-28T13:03:17.704+0000][1088069][info ][gc,cpu      ] GC(98) User=0.01s Sys=0.01s Real=0.00s
[2025-08-28T13:03:17.704+0000][1088069][info ][safepoint   ] Safepoint "G1CollectForAllocation", Time since last: 2935196144 ns, Reaching safepoint: 77216 ns, Cleanup: 16856 ns, At safepoint: 2709351 ns, Total: 2803423 ns
[2025-08-28T13:03:20.651+0000][1088069][info ][gc,start    ] GC(99) Pause Young (Normal) (G1 Evacuation Pause)
[2025-08-28T13:03:20.651+0000][1088069][info ][gc,task     ] GC(99) Using 12 workers of 33 for evacuation
[2025-08-28T13:03:20.651+0000][1088069][debug][gc,age      ] GC(99) Desired survivor size 20971520 bytes, new threshold 15 (max threshold 15)
[2025-08-28T13:03:20.653+0000][1088069][info ][gc,phases   ] GC(99)   Pre Evacuate Collection Set: 0.2ms
[2025-08-28T13:03:20.653+0000][1088069][info ][gc,phases   ] GC(99)   Merge Heap Roots: 0.1ms
[2025-08-28T13:03:20.653+0000][1088069][info ][gc,phases   ] GC(99)   Evacuate Collection Set: 1.5ms
[2025-08-28T13:03:20.653+0000][1088069][info ][gc,phases   ] GC(99)   Post Evacuate Collection Set: 0.3ms
[2025-08-28T13:03:20.653+0000][1088069][info ][gc,phases   ] GC(99)   Other: 0.1ms
[2025-08-28T13:03:20.653+0000][1088069][trace][gc,age      ] GC(99) Age table with threshold 15 (max threshold 15)
[2025-08-28T13:03:20.653+0000][1088069][trace][gc,age      ] GC(99) - age   1:      40232 bytes,      40232 total
[2025-08-28T13:03:20.653+0000][1088069][trace][gc,age      ] GC(99) - age   2:        224 bytes,      40456 total
[2025-08-28T13:03:20.653+0000][1088069][trace][gc,age      ] GC(99) - age   4:        240 bytes,      40696 total
[2025-08-28T13:03:20.653+0000][1088069][trace][gc,age      ] GC(99) - age   8:        480 bytes,      41176 total
[2025-08-28T13:03:20.653+0000][1088069][trace][gc,age      ] GC(99) - age  10:       8448 bytes,      49624 total
[2025-08-28T13:03:20.653+0000][1088069][trace][gc,age      ] GC(99) - age  11:       1272 bytes,      50896 total
[2025-08-28T13:03:20.653+0000][1088069][trace][gc,age      ] GC(99) - age  14:         48 bytes,      50944 total
[2025-08-28T13:03:20.653+0000][1088069][trace][gc,age      ] GC(99) - age  15:       5560 bytes,      56504 total
[2025-08-28T13:03:20.653+0000][1088069][info ][gc,heap     ] GC(99) Eden regions: 75->0(75)
[2025-08-28T13:03:20.653+0000][1088069][info ][gc,heap     ] GC(99) Survivor regions: 1->1(10)
[2025-08-28T13:03:20.653+0000][1088069][info ][gc,heap     ] GC(99) Old regions: 25->25
[2025-08-28T13:03:20.653+0000][1088069][info ][gc,heap     ] GC(99) Humongous regions: 0->0
[2025-08-28T13:03:20.653+0000][1088069][info ][gc,metaspace] GC(99) Metaspace: 144533K(148544K)->144533K(148544K) NonClass: 124704K(126848K)->124704K(126848K) Class: 19828K(21696K)->19828K(21696K)
[2025-08-28T13:03:20.653+0000][1088069][info ][gc          ] GC(99) Pause Young (Normal) (G1 Evacuation Pause) 398M->98M(512M) 2.201ms
[2025-08-28T13:03:20.653+0000][1088069][info ][gc,cpu      ] GC(99) User=0.01s Sys=0.00s Real=0.00s
[2025-08-28T13:03:20.653+0000][1088069][info ][safepoint   ] Safepoint "G1CollectForAllocation", Time since last: 2947019011 ns, Reaching safepoint: 58538 ns, Cleanup: 4997 ns, At safepoint: 2323772 ns, Total: 2387307 ns
[2025-08-28T13:03:23.576+0000][1088069][info ][gc,start    ] GC(100) Pause Young (Normal) (G1 Evacuation Pause)
[2025-08-28T13:03:23.576+0000][1088069][info ][gc,task     ] GC(100) Using 12 workers of 33 for evacuation
[2025-08-28T13:03:23.576+0000][1088069][debug][gc,age      ] GC(100) Desired survivor size 20971520 bytes, new threshold 15 (max threshold 15)
[2025-08-28T13:03:23.579+0000][1088069][info ][gc,phases   ] GC(100)   Pre Evacuate Collection Set: 0.2ms
[2025-08-28T13:03:23.579+0000][1088069][info ][gc,phases   ] GC(100)   Merge Heap Roots: 0.1ms
[2025-08-28T13:03:23.579+0000][1088069][info ][gc,phases   ] GC(100)   Evacuate Collection Set: 1.8ms
[2025-08-28T13:03:23.579+0000][1088069][info ][gc,phases   ] GC(100)   Post Evacuate Collection Set: 0.3ms
[2025-08-28T13:03:23.579+0000][1088069][info ][gc,phases   ] GC(100)   Other: 0.1ms
[2025-08-28T13:03:23.579+0000][1088069][trace][gc,age      ] GC(100) Age table with threshold 15 (max threshold 15)
[2025-08-28T13:03:23.579+0000][1088069][trace][gc,age      ] GC(100) - age   1:      48792 bytes,      48792 total
[2025-08-28T13:03:23.579+0000][1088069][trace][gc,age      ] GC(100) - age   2:        888 bytes,      49680 total
[2025-08-28T13:03:23.579+0000][1088069][trace][gc,age      ] GC(100) - age   3:        224 bytes,      49904 total
[2025-08-28T13:03:23.579+0000][1088069][trace][gc,age      ] GC(100) - age   9:        480 bytes,      50384 total
[2025-08-28T13:03:23.579+0000][1088069][trace][gc,age      ] GC(100) - age  11:       2000 bytes,      52384 total
[2025-08-28T13:03:23.579+0000][1088069][trace][gc,age      ] GC(100) - age  12:       1272 bytes,      53656 total
[2025-08-28T13:03:23.579+0000][1088069][trace][gc,age      ] GC(100) - age  15:         48 bytes,      53704 total
[2025-08-28T13:03:23.579+0000][1088069][info ][gc,heap     ] GC(100) Eden regions: 75->0(75)
[2025-08-28T13:03:23.579+0000][1088069][info ][gc,heap     ] GC(100) Survivor regions: 1->1(10)
[2025-08-28T13:03:23.579+0000][1088069][info ][gc,heap     ] GC(100) Old regions: 25->25
[2025-08-28T13:03:23.579+0000][1088069][info ][gc,heap     ] GC(100) Humongous regions: 0->0
[2025-08-28T13:03:23.579+0000][1088069][info ][gc,metaspace] GC(100) Metaspace: 144535K(148544K)->144535K(148544K) NonClass: 124706K(126848K)->124706K(126848K) Class: 19828K(21696K)->19828K(21696K)
[2025-08-28T13:03:23.579+0000][1088069][info ][gc          ] GC(100) Pause Young (Normal) (G1 Evacuation Pause) 398M->98M(512M) 2.542ms
[2025-08-28T13:03:23.579+0000][1088069][info ][gc,cpu      ] GC(100) User=0.01s Sys=0.00s Real=0.00s
[2025-08-28T13:03:23.579+0000][1088069][info ][safepoint   ] Safepoint "G1CollectForAllocation", Time since last: 2922740577 ns, Reaching safepoint: 187091 ns, Cleanup: 5679 ns, At safepoint: 2658745 ns, Total: 2851515 ns
[2025-08-28T13:03:27.192+0000][1088069][info ][gc,start    ] GC(101) Pause Young (Normal) (G1 Evacuation Pause)
[2025-08-28T13:03:27.192+0000][1088069][info ][gc,task     ] GC(101) Using 12 workers of 33 for evacuation
[2025-08-28T13:03:27.192+0000][1088069][debug][gc,age      ] GC(101) Desired survivor size 20971520 bytes, new threshold 15 (max threshold 15)
[2025-08-28T13:03:27.194+0000][1088069][info ][gc,phases   ] GC(101)   Pre Evacuate Collection Set: 0.2ms
[2025-08-28T13:03:27.194+0000][1088069][info ][gc,phases   ] GC(101)   Merge Heap Roots: 0.1ms
[2025-08-28T13:03:27.194+0000][1088069][info ][gc,phases   ] GC(101)   Evacuate Collection Set: 1.4ms
[2025-08-28T13:03:27.194+0000][1088069][info ][gc,phases   ] GC(101)   Post Evacuate Collection Set: 0.3ms
[2025-08-28T13:03:27.194+0000][1088069][info ][gc,phases   ] GC(101)   Other: 0.1ms
[2025-08-28T13:03:27.194+0000][1088069][trace][gc,age      ] GC(101) Age table with threshold 15 (max threshold 15)
[2025-08-28T13:03:27.194+0000][1088069][trace][gc,age      ] GC(101) - age   1:     658544 bytes,     658544 total
[2025-08-28T13:03:27.194+0000][1088069][trace][gc,age      ] GC(101) - age   2:       7448 bytes,     665992 total
[2025-08-28T13:03:27.194+0000][1088069][trace][gc,age      ] GC(101) - age   3:        176 bytes,     666168 total
[2025-08-28T13:03:27.194+0000][1088069][trace][gc,age      ] GC(101) - age   4:        224 bytes,     666392 total
[2025-08-28T13:03:27.194+0000][1088069][trace][gc,age      ] GC(101) - age  12:       2000 bytes,     668392 total
[2025-08-28T13:03:27.194+0000][1088069][trace][gc,age      ] GC(101) - age  13:       1272 bytes,     669664 total
[2025-08-28T13:03:27.194+0000][1088069][info ][gc,heap     ] GC(101) Eden regions: 75->0(75)
[2025-08-28T13:03:27.194+0000][1088069][info ][gc,heap     ] GC(101) Survivor regions: 1->1(10)
[2025-08-28T13:03:27.194+0000][1088069][info ][gc,heap     ] GC(101) Old regions: 25->25
[2025-08-28T13:03:27.194+0000][1088069][info ][gc,heap     ] GC(101) Humongous regions: 0->0
[2025-08-28T13:03:27.194+0000][1088069][info ][gc,metaspace] GC(101) Metaspace: 144535K(148544K)->144535K(148544K) NonClass: 124707K(126848K)->124707K(126848K) Class: 19828K(21696K)->19828K(21696K)
[2025-08-28T13:03:27.194+0000][1088069][info ][gc          ] GC(101) Pause Young (Normal) (G1 Evacuation Pause) 398M->99M(512M) 2.120ms
[2025-08-28T13:03:27.194+0000][1088069][info ][gc,cpu      ] GC(101) User=0.01s Sys=0.00s Real=0.00s
[2025-08-28T13:03:27.194+0000][1088069][info ][safepoint   ] Safepoint "G1CollectForAllocation", Time since last: 3612795634 ns, Reaching safepoint: 25238 ns, Cleanup: 5959 ns, At safepoint: 2241338 ns, Total: 2272535 ns
[2025-08-28T13:03:28.194+0000][1088069][info ][safepoint   ] Safepoint "Cleanup", Time since last: 1000093963 ns, Reaching safepoint: 27101 ns, Cleanup: 13300 ns, At safepoint: 3215 ns, Total: 43616 ns
[2025-08-28T13:03:30.117+0000][1088069][info ][gc,start    ] GC(102) Pause Young (Normal) (G1 Evacuation Pause)
[2025-08-28T13:03:30.117+0000][1088069][info ][gc,task     ] GC(102) Using 12 workers of 33 for evacuation
[2025-08-28T13:03:30.117+0000][1088069][debug][gc,age      ] GC(102) Desired survivor size 20971520 bytes, new threshold 15 (max threshold 15)
[2025-08-28T13:03:30.119+0000][1088069][info ][gc,phases   ] GC(102)   Pre Evacuate Collection Set: 0.2ms
[2025-08-28T13:03:30.119+0000][1088069][info ][gc,phases   ] GC(102)   Merge Heap Roots: 0.1ms
[2025-08-28T13:03:30.119+0000][1088069][info ][gc,phases   ] GC(102)   Evacuate Collection Set: 1.4ms
[2025-08-28T13:03:30.119+0000][1088069][info ][gc,phases   ] GC(102)   Post Evacuate Collection Set: 0.3ms
[2025-08-28T13:03:30.119+0000][1088069][info ][gc,phases   ] GC(102)   Other: 0.1ms
[2025-08-28T13:03:30.119+0000][1088069][trace][gc,age      ] GC(102) Age table with threshold 15 (max threshold 15)
[2025-08-28T13:03:30.119+0000][1088069][trace][gc,age      ] GC(102) - age   1:     623096 bytes,     623096 total
[2025-08-28T13:03:30.119+0000][1088069][trace][gc,age      ] GC(102) - age   2:        792 bytes,     623888 total
[2025-08-28T13:03:30.119+0000][1088069][trace][gc,age      ] GC(102) - age   3:       7448 bytes,     631336 total
[2025-08-28T13:03:30.119+0000][1088069][trace][gc,age      ] GC(102) - age   4:        176 bytes,     631512 total
[2025-08-28T13:03:30.119+0000][1088069][trace][gc,age      ] GC(102) - age   5:        224 bytes,     631736 total
[2025-08-28T13:03:30.119+0000][1088069][trace][gc,age      ] GC(102) - age  13:       2000 bytes,     633736 total
[2025-08-28T13:03:30.119+0000][1088069][trace][gc,age      ] GC(102) - age  14:       1272 bytes,     635008 total
[2025-08-28T13:03:30.119+0000][1088069][info ][gc,heap     ] GC(102) Eden regions: 75->0(75)
[2025-08-28T13:03:30.119+0000][1088069][info ][gc,heap     ] GC(102) Survivor regions: 1->1(10)
[2025-08-28T13:03:30.119+0000][1088069][info ][gc,heap     ] GC(102) Old regions: 25->25
[2025-08-28T13:03:30.119+0000][1088069][info ][gc,heap     ] GC(102) Humongous regions: 0->0
[2025-08-28T13:03:30.119+0000][1088069][info ][gc,metaspace] GC(102) Metaspace: 144535K(148544K)->144535K(148544K) NonClass: 124707K(126848K)->124707K(126848K) Class: 19828K(21696K)->19828K(21696K)
[2025-08-28T13:03:30.119+0000][1088069][info ][gc          ] GC(102) Pause Young (Normal) (G1 Evacuation Pause) 399M->99M(512M) 2.217ms
[2025-08-28T13:03:30.119+0000][1088069][info ][gc,cpu      ] GC(102) User=0.00s Sys=0.00s Real=0.00s
[2025-08-28T13:03:30.119+0000][1088069][info ][safepoint   ] Safepoint "G1CollectForAllocation", Time since last: 1922631180 ns, Reaching safepoint: 55523 ns, Cleanup: 5609 ns, At safepoint: 2333997 ns, Total: 2395129 ns
[2025-08-28T13:03:33.067+0000][1088069][info ][gc,start    ] GC(103) Pause Young (Normal) (G1 Evacuation Pause)
[2025-08-28T13:03:33.067+0000][1088069][info ][gc,task     ] GC(103) Using 12 workers of 33 for evacuation
[2025-08-28T13:03:33.067+0000][1088069][debug][gc,age      ] GC(103) Desired survivor size 20971520 bytes, new threshold 15 (max threshold 15)
[2025-08-28T13:03:33.070+0000][1088069][info ][gc,phases   ] GC(103)   Pre Evacuate Collection Set: 0.4ms
[2025-08-28T13:03:33.070+0000][1088069][info ][gc,phases   ] GC(103)   Merge Heap Roots: 0.1ms
[2025-08-28T13:03:33.070+0000][1088069][info ][gc,phases   ] GC(103)   Evacuate Collection Set: 1.9ms
[2025-08-28T13:03:33.070+0000][1088069][info ][gc,phases   ] GC(103)   Post Evacuate Collection Set: 0.4ms
[2025-08-28T13:03:33.070+0000][1088069][info ][gc,phases   ] GC(103)   Other: 0.1ms
[2025-08-28T13:03:33.070+0000][1088069][trace][gc,age      ] GC(103) Age table with threshold 15 (max threshold 15)
[2025-08-28T13:03:33.070+0000][1088069][trace][gc,age      ] GC(103) - age   1:     622192 bytes,     622192 total
[2025-08-28T13:03:33.070+0000][1088069][trace][gc,age      ] GC(103) - age   2:        712 bytes,     622904 total
[2025-08-28T13:03:33.070+0000][1088069][trace][gc,age      ] GC(103) - age   3:        792 bytes,     623696 total
[2025-08-28T13:03:33.070+0000][1088069][trace][gc,age      ] GC(103) - age   4:       7208 bytes,     630904 total
[2025-08-28T13:03:33.070+0000][1088069][trace][gc,age      ] GC(103) - age   5:        176 bytes,     631080 total
[2025-08-28T13:03:33.070+0000][1088069][trace][gc,age      ] GC(103) - age   6:        224 bytes,     631304 total
[2025-08-28T13:03:33.070+0000][1088069][trace][gc,age      ] GC(103) - age  14:       2000 bytes,     633304 total
[2025-08-28T13:03:33.070+0000][1088069][trace][gc,age      ] GC(103) - age  15:       1272 bytes,     634576 total
[2025-08-28T13:03:33.070+0000][1088069][info ][gc,heap     ] GC(103) Eden regions: 75->0(75)
[2025-08-28T13:03:33.070+0000][1088069][info ][gc,heap     ] GC(103) Survivor regions: 1->1(10)
[2025-08-28T13:03:33.070+0000][1088069][info ][gc,heap     ] GC(103) Old regions: 25->25
[2025-08-28T13:03:33.070+0000][1088069][info ][gc,heap     ] GC(103) Humongous regions: 0->0
[2025-08-28T13:03:33.070+0000][1088069][info ][gc,metaspace] GC(103) Metaspace: 144535K(148544K)->144535K(148544K) NonClass: 124707K(126848K)->124707K(126848K) Class: 19828K(21696K)->19828K(21696K)
[2025-08-28T13:03:33.070+0000][1088069][info ][gc          ] GC(103) Pause Young (Normal) (G1 Evacuation Pause) 399M->99M(512M) 3.009ms
[2025-08-28T13:03:33.070+0000][1088069][info ][gc,cpu      ] GC(103) User=0.01s Sys=0.00s Real=0.00s
[2025-08-28T13:03:33.070+0000][1088069][info ][safepoint   ] Safepoint "G1CollectForAllocation", Time since last: 2947803840 ns, Reaching safepoint: 55984 ns, Cleanup: 6881 ns, At safepoint: 3148040 ns, Total: 3210905 ns
[2025-08-28T13:03:35.929+0000][1088069][info ][gc,start    ] GC(104) Pause Young (Normal) (G1 Evacuation Pause)
[2025-08-28T13:03:35.929+0000][1088069][info ][gc,task     ] GC(104) Using 12 workers of 33 for evacuation
[2025-08-28T13:03:35.929+0000][1088069][debug][gc,age      ] GC(104) Desired survivor size 20971520 bytes, new threshold 15 (max threshold 15)
[2025-08-28T13:03:35.932+0000][1088069][info ][gc,phases   ] GC(104)   Pre Evacuate Collection Set: 0.2ms
[2025-08-28T13:03:35.932+0000][1088069][info ][gc,phases   ] GC(104)   Merge Heap Roots: 0.1ms
[2025-08-28T13:03:35.932+0000][1088069][info ][gc,phases   ] GC(104)   Evacuate Collection Set: 1.6ms
[2025-08-28T13:03:35.932+0000][1088069][info ][gc,phases   ] GC(104)   Post Evacuate Collection Set: 0.3ms
[2025-08-28T13:03:35.932+0000][1088069][info ][gc,phases   ] GC(104)   Other: 0.1ms
[2025-08-28T13:03:35.932+0000][1088069][trace][gc,age      ] GC(104) Age table with threshold 15 (max threshold 15)
[2025-08-28T13:03:35.932+0000][1088069][trace][gc,age      ] GC(104) - age   1:     644688 bytes,     644688 total
[2025-08-28T13:03:35.932+0000][1088069][trace][gc,age      ] GC(104) - age   2:        240 bytes,     644928 total
[2025-08-28T13:03:35.932+0000][1088069][trace][gc,age      ] GC(104) - age   4:        792 bytes,     645720 total
[2025-08-28T13:03:35.932+0000][1088069][trace][gc,age      ] GC(104) - age   5:       7208 bytes,     652928 total
[2025-08-28T13:03:35.932+0000][1088069][trace][gc,age      ] GC(104) - age   6:        176 bytes,     653104 total
[2025-08-28T13:03:35.932+0000][1088069][trace][gc,age      ] GC(104) - age   7:        224 bytes,     653328 total
[2025-08-28T13:03:35.932+0000][1088069][trace][gc,age      ] GC(104) - age  15:       2000 bytes,     655328 total
[2025-08-28T13:03:35.932+0000][1088069][info ][gc,heap     ] GC(104) Eden regions: 75->0(75)
[2025-08-28T13:03:35.932+0000][1088069][info ][gc,heap     ] GC(104) Survivor regions: 1->1(10)
[2025-08-28T13:03:35.932+0000][1088069][info ][gc,heap     ] GC(104) Old regions: 25->25
[2025-08-28T13:03:35.932+0000][1088069][info ][gc,heap     ] GC(104) Humongous regions: 0->0
[2025-08-28T13:03:35.932+0000][1088069][info ][gc,metaspace] GC(104) Metaspace: 144535K(148544K)->144535K(148544K) NonClass: 124707K(126848K)->124707K(126848K) Class: 19828K(21696K)->19828K(21696K)
[2025-08-28T13:03:35.932+0000][1088069][info ][gc          ] GC(104) Pause Young (Normal) (G1 Evacuation Pause) 399M->99M(512M) 2.434ms
[2025-08-28T13:03:35.932+0000][1088069][info ][gc,cpu      ] GC(104) User=0.01s Sys=0.00s Real=0.01s
[2025-08-28T13:03:35.932+0000][1088069][info ][safepoint   ] Safepoint "G1CollectForAllocation", Time since last: 2858786471 ns, Reaching safepoint: 127622 ns, Cleanup: 5859 ns, At safepoint: 2570412 ns, Total: 2703893 ns
[2025-08-28T13:03:38.854+0000][1088069][info ][gc,start    ] GC(105) Pause Young (Normal) (G1 Evacuation Pause)
[2025-08-28T13:03:38.854+0000][1088069][info ][gc,task     ] GC(105) Using 12 workers of 33 for evacuation
[2025-08-28T13:03:38.854+0000][1088069][debug][gc,age      ] GC(105) Desired survivor size 20971520 bytes, new threshold 15 (max threshold 15)
[2025-08-28T13:03:38.857+0000][1088069][info ][gc,phases   ] GC(105)   Pre Evacuate Collection Set: 0.2ms
[2025-08-28T13:03:38.857+0000][1088069][info ][gc,phases   ] GC(105)   Merge Heap Roots: 0.1ms
[2025-08-28T13:03:38.857+0000][1088069][info ][gc,phases   ] GC(105)   Evacuate Collection Set: 1.7ms
[2025-08-28T13:03:38.857+0000][1088069][info ][gc,phases   ] GC(105)   Post Evacuate Collection Set: 0.3ms
[2025-08-28T13:03:38.857+0000][1088069][info ][gc,phases   ] GC(105)   Other: 0.1ms
[2025-08-28T13:03:38.857+0000][1088069][trace][gc,age      ] GC(105) Age table with threshold 15 (max threshold 15)
[2025-08-28T13:03:38.857+0000][1088069][trace][gc,age      ] GC(105) - age   1:      58096 bytes,      58096 total
[2025-08-28T13:03:38.857+0000][1088069][trace][gc,age      ] GC(105) - age   2:        712 bytes,      58808 total
[2025-08-28T13:03:38.857+0000][1088069][trace][gc,age      ] GC(105) - age   3:        240 bytes,      59048 total
[2025-08-28T13:03:38.857+0000][1088069][trace][gc,age      ] GC(105) - age   5:        792 bytes,      59840 total
[2025-08-28T13:03:38.857+0000][1088069][trace][gc,age      ] GC(105) - age   6:       7208 bytes,      67048 total
[2025-08-28T13:03:38.857+0000][1088069][trace][gc,age      ] GC(105) - age   7:        176 bytes,      67224 total
[2025-08-28T13:03:38.857+0000][1088069][info ][gc,heap     ] GC(105) Eden regions: 75->0(75)
[2025-08-28T13:03:38.857+0000][1088069][info ][gc,heap     ] GC(105) Survivor regions: 1->1(10)
[2025-08-28T13:03:38.857+0000][1088069][info ][gc,heap     ] GC(105) Old regions: 25->25
[2025-08-28T13:03:38.857+0000][1088069][info ][gc,heap     ] GC(105) Humongous regions: 0->0
[2025-08-28T13:03:38.857+0000][1088069][info ][gc,metaspace] GC(105) Metaspace: 144535K(148544K)->144535K(148544K) NonClass: 124707K(126848K)->124707K(126848K) Class: 19828K(21696K)->19828K(21696K)
[2025-08-28T13:03:38.857+0000][1088069][info ][gc          ] GC(105) Pause Young (Normal) (G1 Evacuation Pause) 399M->98M(512M) 2.502ms
[2025-08-28T13:03:38.857+0000][1088069][info ][gc,cpu      ] GC(105) User=0.01s Sys=0.00s Real=0.00s
[2025-08-28T13:03:38.857+0000][1088069][info ][safepoint   ] Safepoint "G1CollectForAllocation", Time since last: 2922261998 ns, Reaching safepoint: 188733 ns, Cleanup: 6580 ns, At safepoint: 2634469 ns, Total: 2829782 ns
[2025-08-28T13:03:41.804+0000][1088069][info ][gc,start    ] GC(106) Pause Young (Normal) (G1 Evacuation Pause)
[2025-08-28T13:03:41.804+0000][1088069][info ][gc,task     ] GC(106) Using 12 workers of 33 for evacuation
[2025-08-28T13:03:41.804+0000][1088069][debug][gc,age      ] GC(106) Desired survivor size 20971520 bytes, new threshold 15 (max threshold 15)
[2025-08-28T13:03:41.807+0000][1088069][info ][gc,phases   ] GC(106)   Pre Evacuate Collection Set: 0.2ms
[2025-08-28T13:03:41.807+0000][1088069][info ][gc,phases   ] GC(106)   Merge Heap Roots: 0.1ms
[2025-08-28T13:03:41.807+0000][1088069][info ][gc,phases   ] GC(106)   Evacuate Collection Set: 2.7ms
[2025-08-28T13:03:41.807+0000][1088069][info ][gc,phases   ] GC(106)   Post Evacuate Collection Set: 0.3ms
[2025-08-28T13:03:41.807+0000][1088069][info ][gc,phases   ] GC(106)   Other: 0.1ms
[2025-08-28T13:03:41.807+0000][1088069][trace][gc,age      ] GC(106) Age table with threshold 15 (max threshold 15)
[2025-08-28T13:03:41.807+0000][1088069][trace][gc,age      ] GC(106) - age   1:       6920 bytes,       6920 total
[2025-08-28T13:03:41.807+0000][1088069][trace][gc,age      ] GC(106) - age   2:        256 bytes,       7176 total
[2025-08-28T13:03:41.807+0000][1088069][trace][gc,age      ] GC(106) - age   6:        480 bytes,       7656 total
[2025-08-28T13:03:41.807+0000][1088069][trace][gc,age      ] GC(106) - age   7:       7208 bytes,      14864 total
[2025-08-28T13:03:41.807+0000][1088069][trace][gc,age      ] GC(106) - age   8:        176 bytes,      15040 total
[2025-08-28T13:03:41.807+0000][1088069][info ][gc,heap     ] GC(106) Eden regions: 75->0(75)
[2025-08-28T13:03:41.807+0000][1088069][info ][gc,heap     ] GC(106) Survivor regions: 1->1(10)
[2025-08-28T13:03:41.807+0000][1088069][info ][gc,heap     ] GC(106) Old regions: 25->25
[2025-08-28T13:03:41.807+0000][1088069][info ][gc,heap     ] GC(106) Humongous regions: 0->0
[2025-08-28T13:03:41.807+0000][1088069][info ][gc,metaspace] GC(106) Metaspace: 144536K(148544K)->144536K(148544K) NonClass: 124707K(126848K)->124707K(126848K) Class: 19828K(21696K)->19828K(21696K)
[2025-08-28T13:03:41.807+0000][1088069][info ][gc          ] GC(106) Pause Young (Normal) (G1 Evacuation Pause) 398M->98M(512M) 3.523ms
[2025-08-28T13:03:41.808+0000][1088069][info ][gc,cpu      ] GC(106) User=0.01s Sys=0.00s Real=0.00s
[2025-08-28T13:03:41.808+0000][1088069][info ][safepoint   ] Safepoint "G1CollectForAllocation", Time since last: 2946946802 ns, Reaching safepoint: 23846 ns, Cleanup: 11848 ns, At safepoint: 3792389 ns, Total: 3828083 ns
[2025-08-28T13:03:44.729+0000][1088069][info ][gc,start    ] GC(107) Pause Young (Normal) (G1 Evacuation Pause)
[2025-08-28T13:03:44.729+0000][1088069][info ][gc,task     ] GC(107) Using 12 workers of 33 for evacuation
[2025-08-28T13:03:44.729+0000][1088069][debug][gc,age      ] GC(107) Desired survivor size 20971520 bytes, new threshold 15 (max threshold 15)
[2025-08-28T13:03:44.732+0000][1088069][info ][gc,phases   ] GC(107)   Pre Evacuate Collection Set: 0.2ms
[2025-08-28T13:03:44.732+0000][1088069][info ][gc,phases   ] GC(107)   Merge Heap Roots: 0.1ms
[2025-08-28T13:03:44.732+0000][1088069][info ][gc,phases   ] GC(107)   Evacuate Collection Set: 2.1ms
[2025-08-28T13:03:44.732+0000][1088069][info ][gc,phases   ] GC(107)   Post Evacuate Collection Set: 0.4ms
[2025-08-28T13:03:44.732+0000][1088069][info ][gc,phases   ] GC(107)   Other: 0.1ms
[2025-08-28T13:03:44.732+0000][1088069][trace][gc,age      ] GC(107) Age table with threshold 15 (max threshold 15)
[2025-08-28T13:03:44.732+0000][1088069][trace][gc,age      ] GC(107) - age   1:       8968 bytes,       8968 total
[2025-08-28T13:03:44.732+0000][1088069][trace][gc,age      ] GC(107) - age   2:        240 bytes,       9208 total
[2025-08-28T13:03:44.732+0000][1088069][trace][gc,age      ] GC(107) - age   3:        256 bytes,       9464 total
[2025-08-28T13:03:44.732+0000][1088069][trace][gc,age      ] GC(107) - age   7:        480 bytes,       9944 total
[2025-08-28T13:03:44.732+0000][1088069][trace][gc,age      ] GC(107) - age   8:       7208 bytes,      17152 total
[2025-08-28T13:03:44.732+0000][1088069][trace][gc,age      ] GC(107) - age   9:        176 bytes,      17328 total
[2025-08-28T13:03:44.732+0000][1088069][info ][gc,heap     ] GC(107) Eden regions: 75->0(75)
[2025-08-28T13:03:44.732+0000][1088069][info ][gc,heap     ] GC(107) Survivor regions: 1->1(10)
[2025-08-28T13:03:44.732+0000][1088069][info ][gc,heap     ] GC(107) Old regions: 25->25
[2025-08-28T13:03:44.732+0000][1088069][info ][gc,heap     ] GC(107) Humongous regions: 0->0
[2025-08-28T13:03:44.732+0000][1088069][info ][gc,metaspace] GC(107) Metaspace: 144536K(148544K)->144536K(148544K) NonClass: 124707K(126848K)->124707K(126848K) Class: 19828K(21696K)->19828K(21696K)
[2025-08-28T13:03:44.732+0000][1088069][info ][gc          ] GC(107) Pause Young (Normal) (G1 Evacuation Pause) 398M->98M(512M) 3.087ms
[2025-08-28T13:03:44.732+0000][1088069][info ][gc,cpu      ] GC(107) User=0.01s Sys=0.00s Real=0.01s
[2025-08-28T13:03:44.732+0000][1088069][info ][safepoint   ] Safepoint "G1CollectForAllocation", Time since last: 2921301915 ns, Reaching safepoint: 255343 ns, Cleanup: 6200 ns, At safepoint: 3316474 ns, Total: 3578017 ns
[2025-08-28T13:03:47.667+0000][1088069][info ][gc,start    ] GC(108) Pause Young (Normal) (G1 Evacuation Pause)
[2025-08-28T13:03:47.667+0000][1088069][info ][gc,task     ] GC(108) Using 12 workers of 33 for evacuation
[2025-08-28T13:03:47.667+0000][1088069][debug][gc,age      ] GC(108) Desired survivor size 20971520 bytes, new threshold 15 (max threshold 15)
[2025-08-28T13:03:47.669+0000][1088069][info ][gc,phases   ] GC(108)   Pre Evacuate Collection Set: 0.2ms
[2025-08-28T13:03:47.669+0000][1088069][info ][gc,phases   ] GC(108)   Merge Heap Roots: 0.1ms
[2025-08-28T13:03:47.669+0000][1088069][info ][gc,phases   ] GC(108)   Evacuate Collection Set: 1.6ms
[2025-08-28T13:03:47.669+0000][1088069][info ][gc,phases   ] GC(108)   Post Evacuate Collection Set: 0.3ms
[2025-08-28T13:03:47.669+0000][1088069][info ][gc,phases   ] GC(108)   Other: 0.1ms
[2025-08-28T13:03:47.669+0000][1088069][trace][gc,age      ] GC(108) Age table with threshold 15 (max threshold 15)
[2025-08-28T13:03:47.669+0000][1088069][trace][gc,age      ] GC(108) - age   1:       8256 bytes,       8256 total
[2025-08-28T13:03:47.669+0000][1088069][trace][gc,age      ] GC(108) - age   2:        712 bytes,       8968 total
[2025-08-28T13:03:47.669+0000][1088069][trace][gc,age      ] GC(108) - age   3:        240 bytes,       9208 total
[2025-08-28T13:03:47.669+0000][1088069][trace][gc,age      ] GC(108) - age   4:        256 bytes,       9464 total
[2025-08-28T13:03:47.669+0000][1088069][trace][gc,age      ] GC(108) - age   8:        480 bytes,       9944 total
[2025-08-28T13:03:47.669+0000][1088069][trace][gc,age      ] GC(108) - age   9:       7208 bytes,      17152 total
[2025-08-28T13:03:47.669+0000][1088069][trace][gc,age      ] GC(108) - age  10:        176 bytes,      17328 total
[2025-08-28T13:03:47.669+0000][1088069][info ][gc,heap     ] GC(108) Eden regions: 75->0(75)
[2025-08-28T13:03:47.669+0000][1088069][info ][gc,heap     ] GC(108) Survivor regions: 1->1(10)
[2025-08-28T13:03:47.669+0000][1088069][info ][gc,heap     ] GC(108) Old regions: 25->25
[2025-08-28T13:03:47.669+0000][1088069][info ][gc,heap     ] GC(108) Humongous regions: 0->0
[2025-08-28T13:03:47.669+0000][1088069][info ][gc,metaspace] GC(108) Metaspace: 144536K(148544K)->144536K(148544K) NonClass: 124707K(126848K)->124707K(126848K) Class: 19828K(21696K)->19828K(21696K)
[2025-08-28T13:03:47.669+0000][1088069][info ][gc          ] GC(108) Pause Young (Normal) (G1 Evacuation Pause) 398M->98M(512M) 2.440ms
[2025-08-28T13:03:47.669+0000][1088069][info ][gc,cpu      ] GC(108) User=0.01s Sys=0.00s Real=0.00s
[2025-08-28T13:03:47.669+0000][1088069][info ][safepoint   ] Safepoint "G1CollectForAllocation", Time since last: 2934115700 ns, Reaching safepoint: 155904 ns, Cleanup: 5599 ns, At safepoint: 2569902 ns, Total: 2731405 ns
[2025-08-28T13:03:50.592+0000][1088069][info ][gc,start    ] GC(109) Pause Young (Normal) (G1 Evacuation Pause)
[2025-08-28T13:03:50.592+0000][1088069][info ][gc,task     ] GC(109) Using 12 workers of 33 for evacuation
[2025-08-28T13:03:50.592+0000][1088069][debug][gc,age      ] GC(109) Desired survivor size 20971520 bytes, new threshold 15 (max threshold 15)
[2025-08-28T13:03:50.594+0000][1088069][info ][gc,phases   ] GC(109)   Pre Evacuate Collection Set: 0.2ms
[2025-08-28T13:03:50.594+0000][1088069][info ][gc,phases   ] GC(109)   Merge Heap Roots: 0.1ms
[2025-08-28T13:03:50.594+0000][1088069][info ][gc,phases   ] GC(109)   Evacuate Collection Set: 1.4ms
[2025-08-28T13:03:50.594+0000][1088069][info ][gc,phases   ] GC(109)   Post Evacuate Collection Set: 0.3ms
[2025-08-28T13:03:50.594+0000][1088069][info ][gc,phases   ] GC(109)   Other: 0.1ms
[2025-08-28T13:03:50.594+0000][1088069][trace][gc,age      ] GC(109) Age table with threshold 15 (max threshold 15)
[2025-08-28T13:03:50.594+0000][1088069][trace][gc,age      ] GC(109) - age   1:       8640 bytes,       8640 total
[2025-08-28T13:03:50.594+0000][1088069][trace][gc,age      ] GC(109) - age   4:        240 bytes,       8880 total
[2025-08-28T13:03:50.594+0000][1088069][trace][gc,age      ] GC(109) - age   5:        256 bytes,       9136 total
[2025-08-28T13:03:50.594+0000][1088069][trace][gc,age      ] GC(109) - age   9:        480 bytes,       9616 total
[2025-08-28T13:03:50.594+0000][1088069][trace][gc,age      ] GC(109) - age  10:       7208 bytes,      16824 total
[2025-08-28T13:03:50.594+0000][1088069][info ][gc,heap     ] GC(109) Eden regions: 75->0(75)
[2025-08-28T13:03:50.594+0000][1088069][info ][gc,heap     ] GC(109) Survivor regions: 1->1(10)
[2025-08-28T13:03:50.594+0000][1088069][info ][gc,heap     ] GC(109) Old regions: 25->25
[2025-08-28T13:03:50.594+0000][1088069][info ][gc,heap     ] GC(109) Humongous regions: 0->0
[2025-08-28T13:03:50.594+0000][1088069][info ][gc,metaspace] GC(109) Metaspace: 144536K(148544K)->144536K(148544K) NonClass: 124707K(126848K)->124707K(126848K) Class: 19828K(21696K)->19828K(21696K)
[2025-08-28T13:03:50.594+0000][1088069][info ][gc          ] GC(109) Pause Young (Normal) (G1 Evacuation Pause) 398M->98M(512M) 2.183ms
[2025-08-28T13:03:50.594+0000][1088069][info ][gc,cpu      ] GC(109) User=0.00s Sys=0.01s Real=0.00s
[2025-08-28T13:03:50.594+0000][1088069][info ][safepoint   ] Safepoint "G1CollectForAllocation", Time since last: 2922145181 ns, Reaching safepoint: 23776 ns, Cleanup: 6049 ns, At safepoint: 2320948 ns, Total: 2350773 ns
[2025-08-28T13:03:53.517+0000][1088069][info ][gc,start    ] GC(110) Pause Young (Normal) (G1 Evacuation Pause)
[2025-08-28T13:03:53.517+0000][1088069][info ][gc,task     ] GC(110) Using 12 workers of 33 for evacuation
[2025-08-28T13:03:53.517+0000][1088069][debug][gc,age      ] GC(110) Desired survivor size 20971520 bytes, new threshold 15 (max threshold 15)
[2025-08-28T13:03:53.519+0000][1088069][info ][gc,phases   ] GC(110)   Pre Evacuate Collection Set: 0.2ms
[2025-08-28T13:03:53.519+0000][1088069][info ][gc,phases   ] GC(110)   Merge Heap Roots: 0.1ms
[2025-08-28T13:03:53.519+0000][1088069][info ][gc,phases   ] GC(110)   Evacuate Collection Set: 1.4ms
[2025-08-28T13:03:53.519+0000][1088069][info ][gc,phases   ] GC(110)   Post Evacuate Collection Set: 0.3ms
[2025-08-28T13:03:53.519+0000][1088069][info ][gc,phases   ] GC(110)   Other: 0.1ms
[2025-08-28T13:03:53.519+0000][1088069][trace][gc,age      ] GC(110) Age table with threshold 15 (max threshold 15)
[2025-08-28T13:03:53.519+0000][1088069][trace][gc,age      ] GC(110) - age   1:     631000 bytes,     631000 total
[2025-08-28T13:03:53.519+0000][1088069][trace][gc,age      ] GC(110) - age   2:       2384 bytes,     633384 total
[2025-08-28T13:03:53.519+0000][1088069][trace][gc,age      ] GC(110) - age   6:        256 bytes,     633640 total
[2025-08-28T13:03:53.519+0000][1088069][trace][gc,age      ] GC(110) - age  10:        480 bytes,     634120 total
[2025-08-28T13:03:53.519+0000][1088069][trace][gc,age      ] GC(110) - age  11:        672 bytes,     634792 total
[2025-08-28T13:03:53.519+0000][1088069][info ][gc,heap     ] GC(110) Eden regions: 75->0(75)
[2025-08-28T13:03:53.519+0000][1088069][info ][gc,heap     ] GC(110) Survivor regions: 1->1(10)
[2025-08-28T13:03:53.519+0000][1088069][info ][gc,heap     ] GC(110) Old regions: 25->25
[2025-08-28T13:03:53.519+0000][1088069][info ][gc,heap     ] GC(110) Humongous regions: 0->0
[2025-08-28T13:03:53.519+0000][1088069][info ][gc,metaspace] GC(110) Metaspace: 144538K(148544K)->144538K(148544K) NonClass: 124709K(126848K)->124709K(126848K) Class: 19828K(21696K)->19828K(21696K)
[2025-08-28T13:03:53.519+0000][1088069][info ][gc          ] GC(110) Pause Young (Normal) (G1 Evacuation Pause) 398M->99M(512M) 2.301ms
[2025-08-28T13:03:53.519+0000][1088069][info ][gc,cpu      ] GC(110) User=0.01s Sys=0.00s Real=0.00s
[2025-08-28T13:03:53.519+0000][1088069][info ][safepoint   ] Safepoint "G1CollectForAllocation", Time since last: 2922936591 ns, Reaching safepoint: 27301 ns, Cleanup: 6640 ns, At safepoint: 2447318 ns, Total: 2481259 ns
[2025-08-28T13:03:57.210+0000][1088069][info ][gc,start    ] GC(111) Pause Young (Normal) (G1 Evacuation Pause)
[2025-08-28T13:03:57.210+0000][1088069][info ][gc,task     ] GC(111) Using 12 workers of 33 for evacuation
[2025-08-28T13:03:57.210+0000][1088069][debug][gc,age      ] GC(111) Desired survivor size 20971520 bytes, new threshold 15 (max threshold 15)
[2025-08-28T13:03:57.212+0000][1088069][info ][gc,phases   ] GC(111)   Pre Evacuate Collection Set: 0.2ms
[2025-08-28T13:03:57.212+0000][1088069][info ][gc,phases   ] GC(111)   Merge Heap Roots: 0.1ms
[2025-08-28T13:03:57.212+0000][1088069][info ][gc,phases   ] GC(111)   Evacuate Collection Set: 1.6ms
[2025-08-28T13:03:57.212+0000][1088069][info ][gc,phases   ] GC(111)   Post Evacuate Collection Set: 0.3ms
[2025-08-28T13:03:57.212+0000][1088069][info ][gc,phases   ] GC(111)   Other: 0.1ms
[2025-08-28T13:03:57.212+0000][1088069][trace][gc,age      ] GC(111) Age table with threshold 15 (max threshold 15)
[2025-08-28T13:03:57.212+0000][1088069][trace][gc,age      ] GC(111) - age   1:       9984 bytes,       9984 total
[2025-08-28T13:03:57.212+0000][1088069][trace][gc,age      ] GC(111) - age   2:       8184 bytes,      18168 total
[2025-08-28T13:03:57.212+0000][1088069][trace][gc,age      ] GC(111) - age   3:       1672 bytes,      19840 total
[2025-08-28T13:03:57.212+0000][1088069][trace][gc,age      ] GC(111) - age   7:         32 bytes,      19872 total
[2025-08-28T13:03:57.212+0000][1088069][trace][gc,age      ] GC(111) - age  12:        672 bytes,      20544 total
[2025-08-28T13:03:57.212+0000][1088069][info ][gc,heap     ] GC(111) Eden regions: 75->0(75)
[2025-08-28T13:03:57.212+0000][1088069][info ][gc,heap     ] GC(111) Survivor regions: 1->1(10)
[2025-08-28T13:03:57.212+0000][1088069][info ][gc,heap     ] GC(111) Old regions: 25->25
[2025-08-28T13:03:57.212+0000][1088069][info ][gc,heap     ] GC(111) Humongous regions: 0->0
[2025-08-28T13:03:57.212+0000][1088069][info ][gc,metaspace] GC(111) Metaspace: 144538K(148544K)->144538K(148544K) NonClass: 124709K(126848K)->124709K(126848K) Class: 19828K(21696K)->19828K(21696K)
[2025-08-28T13:03:57.212+0000][1088069][info ][gc          ] GC(111) Pause Young (Normal) (G1 Evacuation Pause) 399M->98M(512M) 2.329ms
[2025-08-28T13:03:57.212+0000][1088069][info ][gc,cpu      ] GC(111) User=0.01s Sys=0.00s Real=0.01s
[2025-08-28T13:03:57.212+0000][1088069][info ][safepoint   ] Safepoint "G1CollectForAllocation", Time since last: 3690174655 ns, Reaching safepoint: 229114 ns, Cleanup: 6480 ns, At safepoint: 2464533 ns, Total: 2700127 ns
[2025-08-28T13:03:58.212+0000][1088069][info ][safepoint   ] Safepoint "Cleanup", Time since last: 1000086923 ns, Reaching safepoint: 31257 ns, Cleanup: 15884 ns, At safepoint: 3405 ns, Total: 50546 ns
[2025-08-28T13:04:00.123+0000][1088069][info ][gc,start    ] GC(112) Pause Young (Normal) (G1 Evacuation Pause)
[2025-08-28T13:04:00.123+0000][1088069][info ][gc,task     ] GC(112) Using 12 workers of 33 for evacuation
[2025-08-28T13:04:00.123+0000][1088069][debug][gc,age      ] GC(112) Desired survivor size 20971520 bytes, new threshold 15 (max threshold 15)
[2025-08-28T13:04:00.125+0000][1088069][info ][gc,phases   ] GC(112)   Pre Evacuate Collection Set: 0.2ms
[2025-08-28T13:04:00.125+0000][1088069][info ][gc,phases   ] GC(112)   Merge Heap Roots: 0.1ms
[2025-08-28T13:04:00.125+0000][1088069][info ][gc,phases   ] GC(112)   Evacuate Collection Set: 1.7ms
[2025-08-28T13:04:00.125+0000][1088069][info ][gc,phases   ] GC(112)   Post Evacuate Collection Set: 0.3ms
[2025-08-28T13:04:00.125+0000][1088069][info ][gc,phases   ] GC(112)   Other: 0.1ms
[2025-08-28T13:04:00.125+0000][1088069][trace][gc,age      ] GC(112) Age table with threshold 15 (max threshold 15)
[2025-08-28T13:04:00.125+0000][1088069][trace][gc,age      ] GC(112) - age   1:       7976 bytes,       7976 total
[2025-08-28T13:04:00.125+0000][1088069][trace][gc,age      ] GC(112) - age   2:        704 bytes,       8680 total
[2025-08-28T13:04:00.125+0000][1088069][trace][gc,age      ] GC(112) - age   3:       8184 bytes,      16864 total
[2025-08-28T13:04:00.125+0000][1088069][trace][gc,age      ] GC(112) - age   4:       1672 bytes,      18536 total
[2025-08-28T13:04:00.125+0000][1088069][trace][gc,age      ] GC(112) - age   8:         32 bytes,      18568 total
[2025-08-28T13:04:00.125+0000][1088069][trace][gc,age      ] GC(112) - age  13:        672 bytes,      19240 total
[2025-08-28T13:04:00.125+0000][1088069][info ][gc,heap     ] GC(112) Eden regions: 75->0(75)
[2025-08-28T13:04:00.125+0000][1088069][info ][gc,heap     ] GC(112) Survivor regions: 1->1(10)
[2025-08-28T13:04:00.125+0000][1088069][info ][gc,heap     ] GC(112) Old regions: 25->25
[2025-08-28T13:04:00.125+0000][1088069][info ][gc,heap     ] GC(112) Humongous regions: 0->0
[2025-08-28T13:04:00.125+0000][1088069][info ][gc,metaspace] GC(112) Metaspace: 144538K(148544K)->144538K(148544K) NonClass: 124709K(126848K)->124709K(126848K) Class: 19828K(21696K)->19828K(21696K)
[2025-08-28T13:04:00.126+0000][1088069][info ][gc          ] GC(112) Pause Young (Normal) (G1 Evacuation Pause) 398M->98M(512M) 2.519ms
[2025-08-28T13:04:00.126+0000][1088069][info ][gc,cpu      ] GC(112) User=0.01s Sys=0.00s Real=0.00s
[2025-08-28T13:04:00.126+0000][1088069][info ][safepoint   ] Safepoint "G1CollectForAllocation", Time since last: 1910616635 ns, Reaching safepoint: 62985 ns, Cleanup: 6149 ns, At safepoint: 2661610 ns, Total: 2730744 ns
[2025-08-28T13:04:01.126+0000][1088069][info ][safepoint   ] Safepoint "Cleanup", Time since last: 1000072702 ns, Reaching safepoint: 29614 ns, Cleanup: 21783 ns, At safepoint: 3765 ns, Total: 55162 ns
[2025-08-28T13:04:02.302+0000][1088069][info ][gc,start    ] GC(113) Pause Young (Normal) (G1 Evacuation Pause)
[2025-08-28T13:04:02.302+0000][1088069][info ][gc,task     ] GC(113) Using 12 workers of 33 for evacuation
[2025-08-28T13:04:02.302+0000][1088069][debug][gc,age      ] GC(113) Desired survivor size 20971520 bytes, new threshold 15 (max threshold 15)
[2025-08-28T13:04:02.305+0000][1088069][info ][gc,phases   ] GC(113)   Pre Evacuate Collection Set: 0.2ms
[2025-08-28T13:04:02.305+0000][1088069][info ][gc,phases   ] GC(113)   Merge Heap Roots: 0.2ms
[2025-08-28T13:04:02.305+0000][1088069][info ][gc,phases   ] GC(113)   Evacuate Collection Set: 2.0ms
[2025-08-28T13:04:02.305+0000][1088069][info ][gc,phases   ] GC(113)   Post Evacuate Collection Set: 0.5ms
[2025-08-28T13:04:02.305+0000][1088069][info ][gc,phases   ] GC(113)   Other: 0.1ms
[2025-08-28T13:04:02.305+0000][1088069][trace][gc,age      ] GC(113) Age table with threshold 15 (max threshold 15)
[2025-08-28T13:04:02.305+0000][1088069][trace][gc,age      ] GC(113) - age   1:   12224240 bytes,   12224240 total
[2025-08-28T13:04:02.305+0000][1088069][trace][gc,age      ] GC(113) - age   2:        712 bytes,   12224952 total
[2025-08-28T13:04:02.305+0000][1088069][trace][gc,age      ] GC(113) - age   3:        704 bytes,   12225656 total
[2025-08-28T13:04:02.305+0000][1088069][trace][gc,age      ] GC(113) - age   4:       7912 bytes,   12233568 total
[2025-08-28T13:04:02.305+0000][1088069][trace][gc,age      ] GC(113) - age   5:       1672 bytes,   12235240 total
[2025-08-28T13:04:02.305+0000][1088069][trace][gc,age      ] GC(113) - age   9:         32 bytes,   12235272 total
[2025-08-28T13:04:02.305+0000][1088069][trace][gc,age      ] GC(113) - age  14:        640 bytes,   12235912 total
[2025-08-28T13:04:02.305+0000][1088069][info ][gc,heap     ] GC(113) Eden regions: 75->0(73)
[2025-08-28T13:04:02.305+0000][1088069][info ][gc,heap     ] GC(113) Survivor regions: 1->3(10)
[2025-08-28T13:04:02.305+0000][1088069][info ][gc,heap     ] GC(113) Old regions: 25->25
[2025-08-28T13:04:02.305+0000][1088069][info ][gc,heap     ] GC(113) Humongous regions: 0->0
[2025-08-28T13:04:02.305+0000][1088069][info ][gc,metaspace] GC(113) Metaspace: 144560K(148544K)->144560K(148544K) NonClass: 124730K(126848K)->124730K(126848K) Class: 19829K(21696K)->19829K(21696K)
[2025-08-28T13:04:02.305+0000][1088069][info ][gc          ] GC(113) Pause Young (Normal) (G1 Evacuation Pause) 398M->110M(512M) 3.135ms
[2025-08-28T13:04:02.305+0000][1088069][info ][gc,cpu      ] GC(113) User=0.01s Sys=0.01s Real=0.00s
[2025-08-28T13:04:02.305+0000][1088069][info ][safepoint   ] Safepoint "G1CollectForAllocation", Time since last: 1176089348 ns, Reaching safepoint: 92229 ns, Cleanup: 42373 ns, At safepoint: 3267220 ns, Total: 3401822 ns
[2025-08-28T13:04:02.427+0000][1088069][info ][gc,start    ] GC(114) Pause Young (Normal) (G1 Evacuation Pause)
[2025-08-28T13:04:02.427+0000][1088069][info ][gc,task     ] GC(114) Using 12 workers of 33 for evacuation
[2025-08-28T13:04:02.427+0000][1088069][debug][gc,age      ] GC(114) Desired survivor size 20971520 bytes, new threshold 15 (max threshold 15)
[2025-08-28T13:04:02.430+0000][1088069][info ][gc,phases   ] GC(114)   Pre Evacuate Collection Set: 0.2ms
[2025-08-28T13:04:02.430+0000][1088069][info ][gc,phases   ] GC(114)   Merge Heap Roots: 0.1ms
[2025-08-28T13:04:02.430+0000][1088069][info ][gc,phases   ] GC(114)   Evacuate Collection Set: 1.7ms
[2025-08-28T13:04:02.430+0000][1088069][info ][gc,phases   ] GC(114)   Post Evacuate Collection Set: 0.5ms
[2025-08-28T13:04:02.430+0000][1088069][info ][gc,phases   ] GC(114)   Other: 0.1ms
[2025-08-28T13:04:02.430+0000][1088069][trace][gc,age      ] GC(114) Age table with threshold 15 (max threshold 15)
[2025-08-28T13:04:02.430+0000][1088069][trace][gc,age      ] GC(114) - age   1:   13038880 bytes,   13038880 total
[2025-08-28T13:04:02.430+0000][1088069][trace][gc,age      ] GC(114) - age   2:     133776 bytes,   13172656 total
[2025-08-28T13:04:02.430+0000][1088069][trace][gc,age      ] GC(114) - age   3:        712 bytes,   13173368 total
[2025-08-28T13:04:02.430+0000][1088069][trace][gc,age      ] GC(114) - age   4:        704 bytes,   13174072 total
[2025-08-28T13:04:02.430+0000][1088069][trace][gc,age      ] GC(114) - age   5:       7832 bytes,   13181904 total
[2025-08-28T13:04:02.430+0000][1088069][trace][gc,age      ] GC(114) - age   6:       1672 bytes,   13183576 total
[2025-08-28T13:04:02.430+0000][1088069][trace][gc,age      ] GC(114) - age  10:         32 bytes,   13183608 total
[2025-08-28T13:04:02.430+0000][1088069][trace][gc,age      ] GC(114) - age  15:        560 bytes,   13184168 total
[2025-08-28T13:04:02.430+0000][1088069][info ][gc,heap     ] GC(114) Eden regions: 73->0(72)
[2025-08-28T13:04:02.430+0000][1088069][info ][gc,heap     ] GC(114) Survivor regions: 3->4(10)
[2025-08-28T13:04:02.430+0000][1088069][info ][gc,heap     ] GC(114) Old regions: 25->25
[2025-08-28T13:04:02.430+0000][1088069][info ][gc,heap     ] GC(114) Humongous regions: 0->0
[2025-08-28T13:04:02.430+0000][1088069][info ][gc,metaspace] GC(114) Metaspace: 144565K(148544K)->144565K(148544K) NonClass: 124736K(126848K)->124736K(126848K) Class: 19829K(21696K)->19829K(21696K)
[2025-08-28T13:04:02.430+0000][1088069][info ][gc          ] GC(114) Pause Young (Normal) (G1 Evacuation Pause) 402M->111M(512M) 2.767ms
[2025-08-28T13:04:02.430+0000][1088069][info ][gc,cpu      ] GC(114) User=0.01s Sys=0.00s Real=0.00s
[2025-08-28T13:04:02.430+0000][1088069][info ][safepoint   ] Safepoint "G1CollectForAllocation", Time since last: 121733573 ns, Reaching safepoint: 27571 ns, Cleanup: 70456 ns, At safepoint: 2905066 ns, Total: 3003093 ns
[2025-08-28T13:04:03.231+0000][1088069][info ][gc,start    ] GC(115) Pause Young (Normal) (G1 Evacuation Pause)
[2025-08-28T13:04:03.231+0000][1088069][info ][gc,task     ] GC(115) Using 12 workers of 33 for evacuation
[2025-08-28T13:04:03.231+0000][1088069][debug][gc,age      ] GC(115) Desired survivor size 20971520 bytes, new threshold 15 (max threshold 15)
[2025-08-28T13:04:03.235+0000][1088069][info ][gc,phases   ] GC(115)   Pre Evacuate Collection Set: 0.2ms
[2025-08-28T13:04:03.235+0000][1088069][info ][gc,phases   ] GC(115)   Merge Heap Roots: 0.1ms
[2025-08-28T13:04:03.235+0000][1088069][info ][gc,phases   ] GC(115)   Evacuate Collection Set: 2.4ms
[2025-08-28T13:04:03.235+0000][1088069][info ][gc,phases   ] GC(115)   Post Evacuate Collection Set: 0.6ms
[2025-08-28T13:04:03.235+0000][1088069][info ][gc,phases   ] GC(115)   Other: 0.1ms
[2025-08-28T13:04:03.235+0000][1088069][trace][gc,age      ] GC(115) Age table with threshold 15 (max threshold 15)
[2025-08-28T13:04:03.235+0000][1088069][trace][gc,age      ] GC(115) - age   1:   37817120 bytes,   37817120 total
[2025-08-28T13:04:03.235+0000][1088069][trace][gc,age      ] GC(115) - age   2:      20840 bytes,   37837960 total
[2025-08-28T13:04:03.235+0000][1088069][trace][gc,age      ] GC(115) - age   3:     111832 bytes,   37949792 total
[2025-08-28T13:04:03.235+0000][1088069][trace][gc,age      ] GC(115) - age   4:        712 bytes,   37950504 total
[2025-08-28T13:04:03.235+0000][1088069][trace][gc,age      ] GC(115) - age   5:        704 bytes,   37951208 total
[2025-08-28T13:04:03.235+0000][1088069][trace][gc,age      ] GC(115) - age   6:       7832 bytes,   37959040 total
[2025-08-28T13:04:03.235+0000][1088069][trace][gc,age      ] GC(115) - age   7:       1672 bytes,   37960712 total
[2025-08-28T13:04:03.235+0000][1088069][trace][gc,age      ] GC(115) - age  11:         32 bytes,   37960744 total
[2025-08-28T13:04:03.235+0000][1088069][info ][gc,heap     ] GC(115) Eden regions: 72->0(66)
[2025-08-28T13:04:03.235+0000][1088069][info ][gc,heap     ] GC(115) Survivor regions: 4->10(10)
[2025-08-28T13:04:03.235+0000][1088069][info ][gc,heap     ] GC(115) Old regions: 25->25
[2025-08-28T13:04:03.235+0000][1088069][info ][gc,heap     ] GC(115) Humongous regions: 0->0
[2025-08-28T13:04:03.235+0000][1088069][info ][gc,metaspace] GC(115) Metaspace: 144596K(148608K)->144596K(148608K) NonClass: 124766K(126912K)->124766K(126912K) Class: 19829K(21696K)->19829K(21696K)
[2025-08-28T13:04:03.235+0000][1088069][info ][gc          ] GC(115) Pause Young (Normal) (G1 Evacuation Pause) 399M->135M(512M) 3.561ms
[2025-08-28T13:04:03.235+0000][1088069][info ][gc,cpu      ] GC(115) User=0.02s Sys=0.01s Real=0.00s
[2025-08-28T13:04:03.235+0000][1088069][info ][safepoint   ] Safepoint "G1CollectForAllocation", Time since last: 801326679 ns, Reaching safepoint: 27562 ns, Cleanup: 45849 ns, At safepoint: 3691076 ns, Total: 3764487 ns
[2025-08-28T13:04:03.748+0000][1088069][info ][gc,start    ] GC(116) Pause Young (Normal) (G1 Evacuation Pause)
[2025-08-28T13:04:03.748+0000][1088069][info ][gc,task     ] GC(116) Using 12 workers of 33 for evacuation
[2025-08-28T13:04:03.748+0000][1088069][debug][gc,age      ] GC(116) Desired survivor size 20971520 bytes, new threshold 1 (max threshold 15)
[2025-08-28T13:04:03.750+0000][1088069][info ][gc,phases   ] GC(116)   Pre Evacuate Collection Set: 0.2ms
[2025-08-28T13:04:03.750+0000][1088069][info ][gc,phases   ] GC(116)   Merge Heap Roots: 0.2ms
[2025-08-28T13:04:03.750+0000][1088069][info ][gc,phases   ] GC(116)   Evacuate Collection Set: 1.7ms
[2025-08-28T13:04:03.750+0000][1088069][info ][gc,phases   ] GC(116)   Post Evacuate Collection Set: 0.5ms
[2025-08-28T13:04:03.750+0000][1088069][info ][gc,phases   ] GC(116)   Other: 0.1ms
[2025-08-28T13:04:03.750+0000][1088069][trace][gc,age      ] GC(116) Age table with threshold 1 (max threshold 15)
[2025-08-28T13:04:03.750+0000][1088069][trace][gc,age      ] GC(116) - age   1:   17968944 bytes,   17968944 total
[2025-08-28T13:04:03.750+0000][1088069][info ][gc,heap     ] GC(116) Eden regions: 66->0(71)
[2025-08-28T13:04:03.750+0000][1088069][info ][gc,heap     ] GC(116) Survivor regions: 10->5(10)
[2025-08-28T13:04:03.750+0000][1088069][info ][gc,heap     ] GC(116) Old regions: 25->25
[2025-08-28T13:04:03.750+0000][1088069][info ][gc,heap     ] GC(116) Humongous regions: 0->0
[2025-08-28T13:04:03.750+0000][1088069][info ][gc,metaspace] GC(116) Metaspace: 144619K(148672K)->144619K(148672K) NonClass: 124790K(126976K)->124790K(126976K) Class: 19829K(21696K)->19829K(21696K)
[2025-08-28T13:04:03.750+0000][1088069][info ][gc          ] GC(116) Pause Young (Normal) (G1 Evacuation Pause) 399M->116M(512M) 2.802ms
[2025-08-28T13:04:03.750+0000][1088069][info ][gc,cpu      ] GC(116) User=0.02s Sys=0.00s Real=0.00s
[2025-08-28T13:04:03.750+0000][1088069][info ][safepoint   ] Safepoint "G1CollectForAllocation", Time since last: 512430907 ns, Reaching safepoint: 26930 ns, Cleanup: 52529 ns, At safepoint: 2944565 ns, Total: 3024024 ns
[2025-08-28T13:04:04.229+0000][1088069][info ][gc,start    ] GC(117) Pause Young (Normal) (G1 Evacuation Pause)
[2025-08-28T13:04:04.229+0000][1088069][info ][gc,task     ] GC(117) Using 12 workers of 33 for evacuation
[2025-08-28T13:04:04.229+0000][1088069][debug][gc,age      ] GC(117) Desired survivor size 20971520 bytes, new threshold 15 (max threshold 15)
[2025-08-28T13:04:04.231+0000][1088069][info ][gc,phases   ] GC(117)   Pre Evacuate Collection Set: 0.2ms
[2025-08-28T13:04:04.231+0000][1088069][info ][gc,phases   ] GC(117)   Merge Heap Roots: 0.1ms
[2025-08-28T13:04:04.231+0000][1088069][info ][gc,phases   ] GC(117)   Evacuate Collection Set: 1.7ms
[2025-08-28T13:04:04.231+0000][1088069][info ][gc,phases   ] GC(117)   Post Evacuate Collection Set: 0.5ms
[2025-08-28T13:04:04.231+0000][1088069][info ][gc,phases   ] GC(117)   Other: 0.1ms
[2025-08-28T13:04:04.231+0000][1088069][trace][gc,age      ] GC(117) Age table with threshold 15 (max threshold 15)
[2025-08-28T13:04:04.231+0000][1088069][trace][gc,age      ] GC(117) - age   1:      72000 bytes,      72000 total
[2025-08-28T13:04:04.231+0000][1088069][trace][gc,age      ] GC(117) - age   2:      71912 bytes,     143912 total
[2025-08-28T13:04:04.231+0000][1088069][info ][gc,heap     ] GC(117) Eden regions: 71->0(75)
[2025-08-28T13:04:04.231+0000][1088069][info ][gc,heap     ] GC(117) Survivor regions: 5->1(10)
[2025-08-28T13:04:04.231+0000][1088069][info ][gc,heap     ] GC(117) Old regions: 25->25
[2025-08-28T13:04:04.231+0000][1088069][info ][gc,heap     ] GC(117) Humongous regions: 0->0
[2025-08-28T13:04:04.231+0000][1088069][info ][gc,metaspace] GC(117) Metaspace: 144639K(148672K)->144639K(148672K) NonClass: 124810K(126976K)->124810K(126976K) Class: 19829K(21696K)->19829K(21696K)
[2025-08-28T13:04:04.231+0000][1088069][info ][gc          ] GC(117) Pause Young (Normal) (G1 Evacuation Pause) 400M->99M(512M) 2.764ms
[2025-08-28T13:04:04.231+0000][1088069][info ][gc,cpu      ] GC(117) User=0.02s Sys=0.00s Real=0.01s
[2025-08-28T13:04:04.231+0000][1088069][info ][safepoint   ] Safepoint "G1CollectForAllocation", Time since last: 478044573 ns, Reaching safepoint: 31808 ns, Cleanup: 57667 ns, At safepoint: 2908741 ns, Total: 2998216 ns
[2025-08-28T13:04:04.792+0000][1088069][info ][gc,start    ] GC(118) Pause Young (Normal) (G1 Evacuation Pause)
[2025-08-28T13:04:04.792+0000][1088069][info ][gc,task     ] GC(118) Using 12 workers of 33 for evacuation
[2025-08-28T13:04:04.792+0000][1088069][debug][gc,age      ] GC(118) Desired survivor size 20971520 bytes, new threshold 15 (max threshold 15)
[2025-08-28T13:04:04.795+0000][1088069][info ][gc,phases   ] GC(118)   Pre Evacuate Collection Set: 0.2ms
[2025-08-28T13:04:04.795+0000][1088069][info ][gc,phases   ] GC(118)   Merge Heap Roots: 0.1ms
[2025-08-28T13:04:04.795+0000][1088069][info ][gc,phases   ] GC(118)   Evacuate Collection Set: 1.7ms
[2025-08-28T13:04:04.795+0000][1088069][info ][gc,phases   ] GC(118)   Post Evacuate Collection Set: 0.5ms
[2025-08-28T13:04:04.795+0000][1088069][info ][gc,phases   ] GC(118)   Other: 0.1ms
[2025-08-28T13:04:04.795+0000][1088069][trace][gc,age      ] GC(118) Age table with threshold 15 (max threshold 15)
[2025-08-28T13:04:04.795+0000][1088069][trace][gc,age      ] GC(118) - age   1:    3979248 bytes,    3979248 total
[2025-08-28T13:04:04.795+0000][1088069][trace][gc,age      ] GC(118) - age   2:      50976 bytes,    4030224 total
[2025-08-28T13:04:04.795+0000][1088069][trace][gc,age      ] GC(118) - age   3:      68128 bytes,    4098352 total
[2025-08-28T13:04:04.795+0000][1088069][info ][gc,heap     ] GC(118) Eden regions: 75->0(75)
[2025-08-28T13:04:04.795+0000][1088069][info ][gc,heap     ] GC(118) Survivor regions: 1->1(10)
[2025-08-28T13:04:04.795+0000][1088069][info ][gc,heap     ] GC(118) Old regions: 25->25
[2025-08-28T13:04:04.795+0000][1088069][info ][gc,heap     ] GC(118) Humongous regions: 0->0
[2025-08-28T13:04:04.795+0000][1088069][info ][gc,metaspace] GC(118) Metaspace: 144644K(148672K)->144644K(148672K) NonClass: 124814K(126976K)->124814K(126976K) Class: 19829K(21696K)->19829K(21696K)
[2025-08-28T13:04:04.795+0000][1088069][info ][gc          ] GC(118) Pause Young (Normal) (G1 Evacuation Pause) 399M->102M(512M) 2.643ms
[2025-08-28T13:04:04.795+0000][1088069][info ][gc,cpu      ] GC(118) User=0.01s Sys=0.00s Real=0.00s
[2025-08-28T13:04:04.795+0000][1088069][info ][safepoint   ] Safepoint "G1CollectForAllocation", Time since last: 560260381 ns, Reaching safepoint: 28903 ns, Cleanup: 52489 ns, At safepoint: 2775771 ns, Total: 2857163 ns
[2025-08-28T13:04:05.348+0000][1088069][info ][gc,start    ] GC(119) Pause Young (Normal) (G1 Evacuation Pause)
[2025-08-28T13:04:05.348+0000][1088069][info ][gc,task     ] GC(119) Using 12 workers of 33 for evacuation
[2025-08-28T13:04:05.348+0000][1088069][debug][gc,age      ] GC(119) Desired survivor size 20971520 bytes, new threshold 15 (max threshold 15)
[2025-08-28T13:04:05.351+0000][1088069][info ][gc,phases   ] GC(119)   Pre Evacuate Collection Set: 0.2ms
[2025-08-28T13:04:05.351+0000][1088069][info ][gc,phases   ] GC(119)   Merge Heap Roots: 0.1ms
[2025-08-28T13:04:05.351+0000][1088069][info ][gc,phases   ] GC(119)   Evacuate Collection Set: 1.9ms
[2025-08-28T13:04:05.351+0000][1088069][info ][gc,phases   ] GC(119)   Post Evacuate Collection Set: 0.5ms
[2025-08-28T13:04:05.351+0000][1088069][info ][gc,phases   ] GC(119)   Other: 0.1ms
[2025-08-28T13:04:05.351+0000][1088069][trace][gc,age      ] GC(119) Age table with threshold 15 (max threshold 15)
[2025-08-28T13:04:05.351+0000][1088069][trace][gc,age      ] GC(119) - age   1:     559344 bytes,     559344 total
[2025-08-28T13:04:05.351+0000][1088069][trace][gc,age      ] GC(119) - age   2:      21584 bytes,     580928 total
[2025-08-28T13:04:05.351+0000][1088069][trace][gc,age      ] GC(119) - age   3:      48952 bytes,     629880 total
[2025-08-28T13:04:05.351+0000][1088069][trace][gc,age      ] GC(119) - age   4:      68128 bytes,     698008 total
[2025-08-28T13:04:05.351+0000][1088069][info ][gc,heap     ] GC(119) Eden regions: 75->0(75)
[2025-08-28T13:04:05.351+0000][1088069][info ][gc,heap     ] GC(119) Survivor regions: 1->1(10)
[2025-08-28T13:04:05.351+0000][1088069][info ][gc,heap     ] GC(119) Old regions: 25->25
[2025-08-28T13:04:05.351+0000][1088069][info ][gc,heap     ] GC(119) Humongous regions: 0->0
[2025-08-28T13:04:05.351+0000][1088069][info ][gc,metaspace] GC(119) Metaspace: 144645K(148672K)->144645K(148672K) NonClass: 124815K(126976K)->124815K(126976K) Class: 19829K(21696K)->19829K(21696K)
[2025-08-28T13:04:05.351+0000][1088069][info ][gc          ] GC(119) Pause Young (Normal) (G1 Evacuation Pause) 402M->99M(512M) 2.884ms
[2025-08-28T13:04:05.351+0000][1088069][info ][gc,cpu      ] GC(119) User=0.00s Sys=0.01s Real=0.01s
[2025-08-28T13:04:05.351+0000][1088069][info ][safepoint   ] Safepoint "G1CollectForAllocation", Time since last: 553381305 ns, Reaching safepoint: 30305 ns, Cleanup: 36114 ns, At safepoint: 3020379 ns, Total: 3086798 ns
[2025-08-28T13:04:05.585+0000][1088069][info ][gc,start    ] GC(120) Pause Young (Normal) (G1 Evacuation Pause)
[2025-08-28T13:04:05.585+0000][1088069][info ][gc,task     ] GC(120) Using 12 workers of 33 for evacuation
[2025-08-28T13:04:05.585+0000][1088069][debug][gc,age      ] GC(120) Desired survivor size 20971520 bytes, new threshold 15 (max threshold 15)
[2025-08-28T13:04:05.588+0000][1088069][info ][gc,phases   ] GC(120)   Pre Evacuate Collection Set: 0.2ms
[2025-08-28T13:04:05.588+0000][1088069][info ][gc,phases   ] GC(120)   Merge Heap Roots: 0.1ms
[2025-08-28T13:04:05.588+0000][1088069][info ][gc,phases   ] GC(120)   Evacuate Collection Set: 2.5ms
[2025-08-28T13:04:05.588+0000][1088069][info ][gc,phases   ] GC(120)   Post Evacuate Collection Set: 0.5ms
[2025-08-28T13:04:05.588+0000][1088069][info ][gc,phases   ] GC(120)   Other: 0.1ms
[2025-08-28T13:04:05.588+0000][1088069][trace][gc,age      ] GC(120) Age table with threshold 15 (max threshold 15)
[2025-08-28T13:04:05.588+0000][1088069][trace][gc,age      ] GC(120) - age   1:     906280 bytes,     906280 total
[2025-08-28T13:04:05.588+0000][1088069][trace][gc,age      ] GC(120) - age   2:       7872 bytes,     914152 total
[2025-08-28T13:04:05.588+0000][1088069][trace][gc,age      ] GC(120) - age   3:      15080 bytes,     929232 total
[2025-08-28T13:04:05.588+0000][1088069][trace][gc,age      ] GC(120) - age   4:      48952 bytes,     978184 total
[2025-08-28T13:04:05.588+0000][1088069][trace][gc,age      ] GC(120) - age   5:      68096 bytes,    1046280 total
[2025-08-28T13:04:05.588+0000][1088069][info ][gc,heap     ] GC(120) Eden regions: 75->0(75)
[2025-08-28T13:04:05.588+0000][1088069][info ][gc,heap     ] GC(120) Survivor regions: 1->1(10)
[2025-08-28T13:04:05.588+0000][1088069][info ][gc,heap     ] GC(120) Old regions: 25->25
[2025-08-28T13:04:05.588+0000][1088069][info ][gc,heap     ] GC(120) Humongous regions: 0->0
[2025-08-28T13:04:05.588+0000][1088069][info ][gc,metaspace] GC(120) Metaspace: 144689K(148736K)->144689K(148736K) NonClass: 124859K(127040K)->124859K(127040K) Class: 19829K(21696K)->19829K(21696K)
[2025-08-28T13:04:05.588+0000][1088069][info ][gc          ] GC(120) Pause Young (Normal) (G1 Evacuation Pause) 399M->100M(512M) 3.491ms
[2025-08-28T13:04:05.588+0000][1088069][info ][gc,cpu      ] GC(120) User=0.01s Sys=0.00s Real=0.00s
[2025-08-28T13:04:05.588+0000][1088069][info ][safepoint   ] Safepoint "G1CollectForAllocation", Time since last: 233323423 ns, Reaching safepoint: 28683 ns, Cleanup: 18037 ns, At safepoint: 3623195 ns, Total: 3669915 ns
[2025-08-28T13:04:06.070+0000][1088069][info ][gc,start    ] GC(121) Pause Young (Normal) (G1 Evacuation Pause)
[2025-08-28T13:04:06.070+0000][1088069][info ][gc,task     ] GC(121) Using 12 workers of 33 for evacuation
[2025-08-28T13:04:06.070+0000][1088069][debug][gc,age      ] GC(121) Desired survivor size 20971520 bytes, new threshold 15 (max threshold 15)
[2025-08-28T13:04:06.074+0000][1088069][info ][gc,phases   ] GC(121)   Pre Evacuate Collection Set: 0.2ms
[2025-08-28T13:04:06.074+0000][1088069][info ][gc,phases   ] GC(121)   Merge Heap Roots: 0.1ms
[2025-08-28T13:04:06.074+0000][1088069][info ][gc,phases   ] GC(121)   Evacuate Collection Set: 2.8ms
[2025-08-28T13:04:06.074+0000][1088069][info ][gc,phases   ] GC(121)   Post Evacuate Collection Set: 0.6ms
[2025-08-28T13:04:06.074+0000][1088069][info ][gc,phases   ] GC(121)   Other: 0.1ms
[2025-08-28T13:04:06.074+0000][1088069][trace][gc,age      ] GC(121) Age table with threshold 15 (max threshold 15)
[2025-08-28T13:04:06.074+0000][1088069][trace][gc,age      ] GC(121) - age   1:   11144960 bytes,   11144960 total
[2025-08-28T13:04:06.074+0000][1088069][trace][gc,age      ] GC(121) - age   2:       4808 bytes,   11149768 total
[2025-08-28T13:04:06.074+0000][1088069][trace][gc,age      ] GC(121) - age   3:       1664 bytes,   11151432 total
[2025-08-28T13:04:06.074+0000][1088069][trace][gc,age      ] GC(121) - age   4:      15080 bytes,   11166512 total
[2025-08-28T13:04:06.074+0000][1088069][trace][gc,age      ] GC(121) - age   5:      48952 bytes,   11215464 total
[2025-08-28T13:04:06.074+0000][1088069][trace][gc,age      ] GC(121) - age   6:      68096 bytes,   11283560 total
[2025-08-28T13:04:06.074+0000][1088069][info ][gc,heap     ] GC(121) Eden regions: 75->0(73)
[2025-08-28T13:04:06.074+0000][1088069][info ][gc,heap     ] GC(121) Survivor regions: 1->3(10)
[2025-08-28T13:04:06.074+0000][1088069][info ][gc,heap     ] GC(121) Old regions: 25->25
[2025-08-28T13:04:06.074+0000][1088069][info ][gc,heap     ] GC(121) Humongous regions: 0->0
[2025-08-28T13:04:06.074+0000][1088069][info ][gc,metaspace] GC(121) Metaspace: 144714K(148736K)->144714K(148736K) NonClass: 124884K(127040K)->124884K(127040K) Class: 19829K(21696K)->19829K(21696K)
[2025-08-28T13:04:06.074+0000][1088069][info ][gc          ] GC(121) Pause Young (Normal) (G1 Evacuation Pause) 400M->109M(512M) 3.820ms
[2025-08-28T13:04:06.074+0000][1088069][info ][gc,cpu      ] GC(121) User=0.01s Sys=0.00s Real=0.01s
[2025-08-28T13:04:06.074+0000][1088069][info ][safepoint   ] Safepoint "G1CollectForAllocation", Time since last: 481619365 ns, Reaching safepoint: 93911 ns, Cleanup: 27972 ns, At safepoint: 3971378 ns, Total: 4093261 ns
[2025-08-28T13:04:06.504+0000][1088069][info ][gc,start    ] GC(122) Pause Young (Normal) (G1 Evacuation Pause)
[2025-08-28T13:04:06.504+0000][1088069][info ][gc,task     ] GC(122) Using 12 workers of 33 for evacuation
[2025-08-28T13:04:06.504+0000][1088069][debug][gc,age      ] GC(122) Desired survivor size 20971520 bytes, new threshold 15 (max threshold 15)
[2025-08-28T13:04:06.506+0000][1088069][info ][gc,phases   ] GC(122)   Pre Evacuate Collection Set: 0.2ms
[2025-08-28T13:04:06.506+0000][1088069][info ][gc,phases   ] GC(122)   Merge Heap Roots: 0.1ms
[2025-08-28T13:04:06.506+0000][1088069][info ][gc,phases   ] GC(122)   Evacuate Collection Set: 1.6ms
[2025-08-28T13:04:06.506+0000][1088069][info ][gc,phases   ] GC(122)   Post Evacuate Collection Set: 0.5ms
[2025-08-28T13:04:06.506+0000][1088069][info ][gc,phases   ] GC(122)   Other: 0.1ms
[2025-08-28T13:04:06.506+0000][1088069][trace][gc,age      ] GC(122) Age table with threshold 15 (max threshold 15)
[2025-08-28T13:04:06.506+0000][1088069][trace][gc,age      ] GC(122) - age   1:   12211216 bytes,   12211216 total
[2025-08-28T13:04:06.506+0000][1088069][trace][gc,age      ] GC(122) - age   2:      12856 bytes,   12224072 total
[2025-08-28T13:04:06.506+0000][1088069][trace][gc,age      ] GC(122) - age   3:       1112 bytes,   12225184 total
[2025-08-28T13:04:06.506+0000][1088069][trace][gc,age      ] GC(122) - age   4:        344 bytes,   12225528 total
[2025-08-28T13:04:06.506+0000][1088069][trace][gc,age      ] GC(122) - age   5:      15048 bytes,   12240576 total
[2025-08-28T13:04:06.506+0000][1088069][trace][gc,age      ] GC(122) - age   6:      48952 bytes,   12289528 total
[2025-08-28T13:04:06.506+0000][1088069][trace][gc,age      ] GC(122) - age   7:      68096 bytes,   12357624 total
[2025-08-28T13:04:06.506+0000][1088069][info ][gc,heap     ] GC(122) Eden regions: 73->0(72)
[2025-08-28T13:04:06.506+0000][1088069][info ][gc,heap     ] GC(122) Survivor regions: 3->4(10)
[2025-08-28T13:04:06.506+0000][1088069][info ][gc,heap     ] GC(122) Old regions: 25->25
[2025-08-28T13:04:06.506+0000][1088069][info ][gc,heap     ] GC(122) Humongous regions: 0->0
[2025-08-28T13:04:06.506+0000][1088069][info ][gc,metaspace] GC(122) Metaspace: 144716K(148736K)->144716K(148736K) NonClass: 124887K(127040K)->124887K(127040K) Class: 19829K(21696K)->19829K(21696K)
[2025-08-28T13:04:06.506+0000][1088069][info ][gc          ] GC(122) Pause Young (Normal) (G1 Evacuation Pause) 401M->111M(512M) 2.588ms
[2025-08-28T13:04:06.506+0000][1088069][info ][gc,cpu      ] GC(122) User=0.01s Sys=0.01s Real=0.00s
[2025-08-28T13:04:06.506+0000][1088069][info ][safepoint   ] Safepoint "G1CollectForAllocation", Time since last: 429672552 ns, Reaching safepoint: 28253 ns, Cleanup: 21452 ns, At safepoint: 2735892 ns, Total: 2785597 ns
[2025-08-28T13:04:09.285+0000][1088069][info ][gc,start    ] GC(123) Pause Young (Normal) (G1 Evacuation Pause)
[2025-08-28T13:04:09.285+0000][1088069][info ][gc,task     ] GC(123) Using 12 workers of 33 for evacuation
[2025-08-28T13:04:09.285+0000][1088069][debug][gc,age      ] GC(123) Desired survivor size 20971520 bytes, new threshold 15 (max threshold 15)
[2025-08-28T13:04:09.287+0000][1088069][info ][gc,phases   ] GC(123)   Pre Evacuate Collection Set: 0.2ms
[2025-08-28T13:04:09.287+0000][1088069][info ][gc,phases   ] GC(123)   Merge Heap Roots: 0.1ms
[2025-08-28T13:04:09.287+0000][1088069][info ][gc,phases   ] GC(123)   Evacuate Collection Set: 1.8ms
[2025-08-28T13:04:09.287+0000][1088069][info ][gc,phases   ] GC(123)   Post Evacuate Collection Set: 0.5ms
[2025-08-28T13:04:09.287+0000][1088069][info ][gc,phases   ] GC(123)   Other: 0.1ms
[2025-08-28T13:04:09.287+0000][1088069][trace][gc,age      ] GC(123) Age table with threshold 15 (max threshold 15)
[2025-08-28T13:04:09.287+0000][1088069][trace][gc,age      ] GC(123) - age   1:     676264 bytes,     676264 total
[2025-08-28T13:04:09.287+0000][1088069][trace][gc,age      ] GC(123) - age   2:       8928 bytes,     685192 total
[2025-08-28T13:04:09.287+0000][1088069][trace][gc,age      ] GC(123) - age   3:      12232 bytes,     697424 total
[2025-08-28T13:04:09.287+0000][1088069][trace][gc,age      ] GC(123) - age   4:        864 bytes,     698288 total
[2025-08-28T13:04:09.287+0000][1088069][trace][gc,age      ] GC(123) - age   5:        344 bytes,     698632 total
[2025-08-28T13:04:09.287+0000][1088069][trace][gc,age      ] GC(123) - age   6:      14656 bytes,     713288 total
[2025-08-28T13:04:09.287+0000][1088069][trace][gc,age      ] GC(123) - age   7:      48632 bytes,     761920 total
[2025-08-28T13:04:09.287+0000][1088069][trace][gc,age      ] GC(123) - age   8:      68096 bytes,     830016 total
[2025-08-28T13:04:09.287+0000][1088069][info ][gc,heap     ] GC(123) Eden regions: 72->0(75)
[2025-08-28T13:04:09.287+0000][1088069][info ][gc,heap     ] GC(123) Survivor regions: 4->1(10)
[2025-08-28T13:04:09.287+0000][1088069][info ][gc,heap     ] GC(123) Old regions: 25->25
[2025-08-28T13:04:09.287+0000][1088069][info ][gc,heap     ] GC(123) Humongous regions: 0->0
[2025-08-28T13:04:09.287+0000][1088069][info ][gc,metaspace] GC(123) Metaspace: 144750K(148800K)->144750K(148800K) NonClass: 124921K(127104K)->124921K(127104K) Class: 19829K(21696K)->19829K(21696K)
[2025-08-28T13:04:09.287+0000][1088069][info ][gc          ] GC(123) Pause Young (Normal) (G1 Evacuation Pause) 399M->99M(512M) 2.721ms
[2025-08-28T13:04:09.287+0000][1088069][info ][gc,cpu      ] GC(123) User=0.01s Sys=0.00s Real=0.00s
[2025-08-28T13:04:09.287+0000][1088069][info ][safepoint   ] Safepoint "G1CollectForAllocation", Time since last: 2778266661 ns, Reaching safepoint: 29504 ns, Cleanup: 6259 ns, At safepoint: 2882552 ns, Total: 2918315 ns
[2025-08-28T13:04:11.288+0000][1088069][info ][safepoint   ] Safepoint "Cleanup", Time since last: 2000194908 ns, Reaching safepoint: 63876 ns, Cleanup: 16384 ns, At safepoint: 3836 ns, Total: 84096 ns
[2025-08-28T13:04:12.184+0000][1088069][info ][gc,start    ] GC(124) Pause Young (Normal) (G1 Evacuation Pause)
[2025-08-28T13:04:12.184+0000][1088069][info ][gc,task     ] GC(124) Using 12 workers of 33 for evacuation
[2025-08-28T13:04:12.184+0000][1088069][debug][gc,age      ] GC(124) Desired survivor size 20971520 bytes, new threshold 15 (max threshold 15)
[2025-08-28T13:04:12.187+0000][1088069][info ][gc,phases   ] GC(124)   Pre Evacuate Collection Set: 0.2ms
[2025-08-28T13:04:12.187+0000][1088069][info ][gc,phases   ] GC(124)   Merge Heap Roots: 0.1ms
[2025-08-28T13:04:12.187+0000][1088069][info ][gc,phases   ] GC(124)   Evacuate Collection Set: 1.9ms
[2025-08-28T13:04:12.187+0000][1088069][info ][gc,phases   ] GC(124)   Post Evacuate Collection Set: 0.4ms
[2025-08-28T13:04:12.187+0000][1088069][info ][gc,phases   ] GC(124)   Other: 0.1ms
[2025-08-28T13:04:12.187+0000][1088069][trace][gc,age      ] GC(124) Age table with threshold 15 (max threshold 15)
[2025-08-28T13:04:12.187+0000][1088069][trace][gc,age      ] GC(124) - age   1:       6520 bytes,       6520 total
[2025-08-28T13:04:12.187+0000][1088069][trace][gc,age      ] GC(124) - age   2:       1632 bytes,       8152 total
[2025-08-28T13:04:12.187+0000][1088069][trace][gc,age      ] GC(124) - age   3:       8928 bytes,      17080 total
[2025-08-28T13:04:12.187+0000][1088069][trace][gc,age      ] GC(124) - age   4:      12232 bytes,      29312 total
[2025-08-28T13:04:12.187+0000][1088069][trace][gc,age      ] GC(124) - age   5:        864 bytes,      30176 total
[2025-08-28T13:04:12.187+0000][1088069][trace][gc,age      ] GC(124) - age   6:        344 bytes,      30520 total
[2025-08-28T13:04:12.187+0000][1088069][trace][gc,age      ] GC(124) - age   7:      14656 bytes,      45176 total
[2025-08-28T13:04:12.187+0000][1088069][trace][gc,age      ] GC(124) - age   8:      48632 bytes,      93808 total
[2025-08-28T13:04:12.187+0000][1088069][trace][gc,age      ] GC(124) - age   9:      68096 bytes,     161904 total
[2025-08-28T13:04:12.187+0000][1088069][info ][gc,heap     ] GC(124) Eden regions: 75->0(75)
[2025-08-28T13:04:12.187+0000][1088069][info ][gc,heap     ] GC(124) Survivor regions: 1->1(10)
[2025-08-28T13:04:12.187+0000][1088069][info ][gc,heap     ] GC(124) Old regions: 25->25
[2025-08-28T13:04:12.187+0000][1088069][info ][gc,heap     ] GC(124) Humongous regions: 0->0
[2025-08-28T13:04:12.187+0000][1088069][info ][gc,metaspace] GC(124) Metaspace: 144755K(148800K)->144755K(148800K) NonClass: 124926K(127104K)->124926K(127104K) Class: 19829K(21696K)->19829K(21696K)
[2025-08-28T13:04:12.187+0000][1088069][info ][gc          ] GC(124) Pause Young (Normal) (G1 Evacuation Pause) 399M->99M(512M) 2.851ms
[2025-08-28T13:04:12.187+0000][1088069][info ][gc,cpu      ] GC(124) User=0.02s Sys=0.00s Real=0.00s
[2025-08-28T13:04:12.187+0000][1088069][info ][safepoint   ] Safepoint "G1CollectForAllocation", Time since last: 896554451 ns, Reaching safepoint: 29535 ns, Cleanup: 6570 ns, At safepoint: 3001039 ns, Total: 3037144 ns
[2025-08-28T13:04:15.110+0000][1088069][info ][gc,start    ] GC(125) Pause Young (Normal) (G1 Evacuation Pause)
[2025-08-28T13:04:15.110+0000][1088069][info ][gc,task     ] GC(125) Using 12 workers of 33 for evacuation
[2025-08-28T13:04:15.110+0000][1088069][debug][gc,age      ] GC(125) Desired survivor size 20971520 bytes, new threshold 15 (max threshold 15)
[2025-08-28T13:04:15.112+0000][1088069][info ][gc,phases   ] GC(125)   Pre Evacuate Collection Set: 0.2ms
[2025-08-28T13:04:15.112+0000][1088069][info ][gc,phases   ] GC(125)   Merge Heap Roots: 0.1ms
[2025-08-28T13:04:15.112+0000][1088069][info ][gc,phases   ] GC(125)   Evacuate Collection Set: 1.6ms
[2025-08-28T13:04:15.112+0000][1088069][info ][gc,phases   ] GC(125)   Post Evacuate Collection Set: 0.4ms
[2025-08-28T13:04:15.112+0000][1088069][info ][gc,phases   ] GC(125)   Other: 0.1ms
[2025-08-28T13:04:15.112+0000][1088069][trace][gc,age      ] GC(125) Age table with threshold 15 (max threshold 15)
[2025-08-28T13:04:15.112+0000][1088069][trace][gc,age      ] GC(125) - age   1:     673616 bytes,     673616 total
[2025-08-28T13:04:15.112+0000][1088069][trace][gc,age      ] GC(125) - age   2:        264 bytes,     673880 total
[2025-08-28T13:04:15.112+0000][1088069][trace][gc,age      ] GC(125) - age   3:        920 bytes,     674800 total
[2025-08-28T13:04:15.112+0000][1088069][trace][gc,age      ] GC(125) - age   4:       8928 bytes,     683728 total
[2025-08-28T13:04:15.112+0000][1088069][trace][gc,age      ] GC(125) - age   5:      12232 bytes,     695960 total
[2025-08-28T13:04:15.112+0000][1088069][trace][gc,age      ] GC(125) - age   6:        864 bytes,     696824 total
[2025-08-28T13:04:15.112+0000][1088069][trace][gc,age      ] GC(125) - age   7:        344 bytes,     697168 total
[2025-08-28T13:04:15.112+0000][1088069][trace][gc,age      ] GC(125) - age   8:      14656 bytes,     711824 total
[2025-08-28T13:04:15.112+0000][1088069][trace][gc,age      ] GC(125) - age   9:      48632 bytes,     760456 total
[2025-08-28T13:04:15.112+0000][1088069][trace][gc,age      ] GC(125) - age  10:      68096 bytes,     828552 total
[2025-08-28T13:04:15.112+0000][1088069][info ][gc,heap     ] GC(125) Eden regions: 75->0(75)
[2025-08-28T13:04:15.112+0000][1088069][info ][gc,heap     ] GC(125) Survivor regions: 1->1(10)
[2025-08-28T13:04:15.112+0000][1088069][info ][gc,heap     ] GC(125) Old regions: 25->25
[2025-08-28T13:04:15.112+0000][1088069][info ][gc,heap     ] GC(125) Humongous regions: 0->0
[2025-08-28T13:04:15.112+0000][1088069][info ][gc,metaspace] GC(125) Metaspace: 144755K(148800K)->144755K(148800K) NonClass: 124926K(127104K)->124926K(127104K) Class: 19829K(21696K)->19829K(21696K)
[2025-08-28T13:04:15.112+0000][1088069][info ][gc          ] GC(125) Pause Young (Normal) (G1 Evacuation Pause) 399M->99M(512M) 2.536ms
[2025-08-28T13:04:15.112+0000][1088069][info ][gc,cpu      ] GC(125) User=0.01s Sys=0.01s Real=0.01s
[2025-08-28T13:04:15.112+0000][1088069][info ][safepoint   ] Safepoint "G1CollectForAllocation", Time since last: 2922175351 ns, Reaching safepoint: 67371 ns, Cleanup: 6670 ns, At safepoint: 2699236 ns, Total: 2773277 ns
[2025-08-28T13:04:18.040+0000][1088069][info ][gc,start    ] GC(126) Pause Young (Normal) (G1 Evacuation Pause)
[2025-08-28T13:04:18.040+0000][1088069][info ][gc,task     ] GC(126) Using 12 workers of 33 for evacuation
[2025-08-28T13:04:18.040+0000][1088069][debug][gc,age      ] GC(126) Desired survivor size 20971520 bytes, new threshold 15 (max threshold 15)
[2025-08-28T13:04:18.043+0000][1088069][info ][gc,phases   ] GC(126)   Pre Evacuate Collection Set: 0.2ms
[2025-08-28T13:04:18.043+0000][1088069][info ][gc,phases   ] GC(126)   Merge Heap Roots: 0.1ms
[2025-08-28T13:04:18.043+0000][1088069][info ][gc,phases   ] GC(126)   Evacuate Collection Set: 1.7ms
[2025-08-28T13:04:18.043+0000][1088069][info ][gc,phases   ] GC(126)   Post Evacuate Collection Set: 0.4ms
[2025-08-28T13:04:18.043+0000][1088069][info ][gc,phases   ] GC(126)   Other: 0.1ms
[2025-08-28T13:04:18.043+0000][1088069][trace][gc,age      ] GC(126) Age table with threshold 15 (max threshold 15)
[2025-08-28T13:04:18.043+0000][1088069][trace][gc,age      ] GC(126) - age   1:       6480 bytes,       6480 total
[2025-08-28T13:04:18.043+0000][1088069][trace][gc,age      ] GC(126) - age   2:        712 bytes,       7192 total
[2025-08-28T13:04:18.043+0000][1088069][trace][gc,age      ] GC(126) - age   3:        264 bytes,       7456 total
[2025-08-28T13:04:18.043+0000][1088069][trace][gc,age      ] GC(126) - age   4:        920 bytes,       8376 total
[2025-08-28T13:04:18.043+0000][1088069][trace][gc,age      ] GC(126) - age   5:       8928 bytes,      17304 total
[2025-08-28T13:04:18.043+0000][1088069][trace][gc,age      ] GC(126) - age   6:      12232 bytes,      29536 total
[2025-08-28T13:04:18.043+0000][1088069][trace][gc,age      ] GC(126) - age   7:        864 bytes,      30400 total
[2025-08-28T13:04:18.043+0000][1088069][trace][gc,age      ] GC(126) - age   8:        344 bytes,      30744 total
[2025-08-28T13:04:18.043+0000][1088069][trace][gc,age      ] GC(126) - age   9:      14656 bytes,      45400 total
[2025-08-28T13:04:18.043+0000][1088069][trace][gc,age      ] GC(126) - age  10:      48632 bytes,      94032 total
[2025-08-28T13:04:18.043+0000][1088069][trace][gc,age      ] GC(126) - age  11:      68096 bytes,     162128 total
[2025-08-28T13:04:18.043+0000][1088069][info ][gc,heap     ] GC(126) Eden regions: 75->0(75)
[2025-08-28T13:04:18.043+0000][1088069][info ][gc,heap     ] GC(126) Survivor regions: 1->1(10)
[2025-08-28T13:04:18.043+0000][1088069][info ][gc,heap     ] GC(126) Old regions: 25->25
[2025-08-28T13:04:18.043+0000][1088069][info ][gc,heap     ] GC(126) Humongous regions: 0->0
[2025-08-28T13:04:18.043+0000][1088069][info ][gc,metaspace] GC(126) Metaspace: 144755K(148800K)->144755K(148800K) NonClass: 124926K(127104K)->124926K(127104K) Class: 19829K(21696K)->19829K(21696K)
[2025-08-28T13:04:18.043+0000][1088069][info ][gc          ] GC(126) Pause Young (Normal) (G1 Evacuation Pause) 399M->99M(512M) 2.600ms
[2025-08-28T13:04:18.043+0000][1088069][info ][gc,cpu      ] GC(126) User=0.01s Sys=0.00s Real=0.01s
[2025-08-28T13:04:18.043+0000][1088069][info ][safepoint   ] Safepoint "G1CollectForAllocation", Time since last: 2927629577 ns, Reaching safepoint: 29324 ns, Cleanup: 5869 ns, At safepoint: 2746446 ns, Total: 2781639 ns
[2025-08-28T13:04:20.965+0000][1088069][info ][gc,start    ] GC(127) Pause Young (Normal) (G1 Evacuation Pause)
[2025-08-28T13:04:20.965+0000][1088069][info ][gc,task     ] GC(127) Using 12 workers of 33 for evacuation
[2025-08-28T13:04:20.965+0000][1088069][debug][gc,age      ] GC(127) Desired survivor size 20971520 bytes, new threshold 15 (max threshold 15)
[2025-08-28T13:04:20.968+0000][1088069][info ][gc,phases   ] GC(127)   Pre Evacuate Collection Set: 0.2ms
[2025-08-28T13:04:20.968+0000][1088069][info ][gc,phases   ] GC(127)   Merge Heap Roots: 0.1ms
[2025-08-28T13:04:20.968+0000][1088069][info ][gc,phases   ] GC(127)   Evacuate Collection Set: 1.7ms
[2025-08-28T13:04:20.968+0000][1088069][info ][gc,phases   ] GC(127)   Post Evacuate Collection Set: 0.4ms
[2025-08-28T13:04:20.968+0000][1088069][info ][gc,phases   ] GC(127)   Other: 0.1ms
[2025-08-28T13:04:20.968+0000][1088069][trace][gc,age      ] GC(127) Age table with threshold 15 (max threshold 15)
[2025-08-28T13:04:20.968+0000][1088069][trace][gc,age      ] GC(127) - age   1:     657520 bytes,     657520 total
[2025-08-28T13:04:20.968+0000][1088069][trace][gc,age      ] GC(127) - age   2:        224 bytes,     657744 total
[2025-08-28T13:04:20.968+0000][1088069][trace][gc,age      ] GC(127) - age   4:        264 bytes,     658008 total
[2025-08-28T13:04:20.968+0000][1088069][trace][gc,age      ] GC(127) - age   5:        920 bytes,     658928 total
[2025-08-28T13:04:20.968+0000][1088069][trace][gc,age      ] GC(127) - age   6:       8928 bytes,     667856 total
[2025-08-28T13:04:20.968+0000][1088069][trace][gc,age      ] GC(127) - age   7:      12232 bytes,     680088 total
[2025-08-28T13:04:20.968+0000][1088069][trace][gc,age      ] GC(127) - age   8:        864 bytes,     680952 total
[2025-08-28T13:04:20.968+0000][1088069][trace][gc,age      ] GC(127) - age   9:        344 bytes,     681296 total
[2025-08-28T13:04:20.968+0000][1088069][trace][gc,age      ] GC(127) - age  10:      14656 bytes,     695952 total
[2025-08-28T13:04:20.968+0000][1088069][trace][gc,age      ] GC(127) - age  11:      48632 bytes,     744584 total
[2025-08-28T13:04:20.968+0000][1088069][trace][gc,age      ] GC(127) - age  12:      68096 bytes,     812680 total
[2025-08-28T13:04:20.968+0000][1088069][info ][gc,heap     ] GC(127) Eden regions: 75->0(75)
[2025-08-28T13:04:20.968+0000][1088069][info ][gc,heap     ] GC(127) Survivor regions: 1->1(10)
[2025-08-28T13:04:20.968+0000][1088069][info ][gc,heap     ] GC(127) Old regions: 25->25
[2025-08-28T13:04:20.968+0000][1088069][info ][gc,heap     ] GC(127) Humongous regions: 0->0
[2025-08-28T13:04:20.968+0000][1088069][info ][gc,metaspace] GC(127) Metaspace: 144755K(148800K)->144755K(148800K) NonClass: 124926K(127104K)->124926K(127104K) Class: 19829K(21696K)->19829K(21696K)
[2025-08-28T13:04:20.968+0000][1088069][info ][gc          ] GC(127) Pause Young (Normal) (G1 Evacuation Pause) 399M->99M(512M) 2.636ms
[2025-08-28T13:04:20.968+0000][1088069][info ][gc,cpu      ] GC(127) User=0.01s Sys=0.00s Real=0.00s
[2025-08-28T13:04:20.968+0000][1088069][info ][safepoint   ] Safepoint "G1CollectForAllocation", Time since last: 2922505699 ns, Reaching safepoint: 63135 ns, Cleanup: 5849 ns, At safepoint: 2787177 ns, Total: 2856161 ns
[2025-08-28T13:04:21.968+0000][1088069][info ][safepoint   ] Safepoint "Cleanup", Time since last: 1000103155 ns, Reaching safepoint: 29885 ns, Cleanup: 24907 ns, At safepoint: 3646 ns, Total: 58438 ns
[2025-08-28T13:04:22.968+0000][1088069][info ][safepoint   ] Safepoint "Cleanup", Time since last: 1000126640 ns, Reaching safepoint: 28783 ns, Cleanup: 17056 ns, At safepoint: 3685 ns, Total: 49524 ns
[2025-08-28T13:04:23.903+0000][1088069][info ][gc,start    ] GC(128) Pause Young (Normal) (G1 Evacuation Pause)
[2025-08-28T13:04:23.903+0000][1088069][info ][gc,task     ] GC(128) Using 12 workers of 33 for evacuation
[2025-08-28T13:04:23.903+0000][1088069][debug][gc,age      ] GC(128) Desired survivor size 20971520 bytes, new threshold 15 (max threshold 15)
[2025-08-28T13:04:23.905+0000][1088069][info ][gc,phases   ] GC(128)   Pre Evacuate Collection Set: 0.2ms
[2025-08-28T13:04:23.905+0000][1088069][info ][gc,phases   ] GC(128)   Merge Heap Roots: 0.1ms
[2025-08-28T13:04:23.905+0000][1088069][info ][gc,phases   ] GC(128)   Evacuate Collection Set: 1.7ms
[2025-08-28T13:04:23.905+0000][1088069][info ][gc,phases   ] GC(128)   Post Evacuate Collection Set: 0.4ms
[2025-08-28T13:04:23.905+0000][1088069][info ][gc,phases   ] GC(128)   Other: 0.1ms
[2025-08-28T13:04:23.905+0000][1088069][trace][gc,age      ] GC(128) Age table with threshold 15 (max threshold 15)
[2025-08-28T13:04:23.905+0000][1088069][trace][gc,age      ] GC(128) - age   1:     426296 bytes,     426296 total
[2025-08-28T13:04:23.905+0000][1088069][trace][gc,age      ] GC(128) - age   2:        912 bytes,     427208 total
[2025-08-28T13:04:23.905+0000][1088069][trace][gc,age      ] GC(128) - age   3:        224 bytes,     427432 total
[2025-08-28T13:04:23.905+0000][1088069][trace][gc,age      ] GC(128) - age   5:         24 bytes,     427456 total
[2025-08-28T13:04:23.905+0000][1088069][trace][gc,age      ] GC(128) - age   6:        920 bytes,     428376 total
[2025-08-28T13:04:23.905+0000][1088069][trace][gc,age      ] GC(128) - age   7:       8928 bytes,     437304 total
[2025-08-28T13:04:23.905+0000][1088069][trace][gc,age      ] GC(128) - age   8:      12120 bytes,     449424 total
[2025-08-28T13:04:23.905+0000][1088069][trace][gc,age      ] GC(128) - age   9:        864 bytes,     450288 total
[2025-08-28T13:04:23.905+0000][1088069][trace][gc,age      ] GC(128) - age  10:        344 bytes,     450632 total
[2025-08-28T13:04:23.905+0000][1088069][trace][gc,age      ] GC(128) - age  11:      14656 bytes,     465288 total
[2025-08-28T13:04:23.905+0000][1088069][trace][gc,age      ] GC(128) - age  12:      48632 bytes,     513920 total
[2025-08-28T13:04:23.905+0000][1088069][trace][gc,age      ] GC(128) - age  13:      68096 bytes,     582016 total
[2025-08-28T13:04:23.905+0000][1088069][info ][gc,heap     ] GC(128) Eden regions: 75->0(75)
[2025-08-28T13:04:23.905+0000][1088069][info ][gc,heap     ] GC(128) Survivor regions: 1->1(10)
[2025-08-28T13:04:23.905+0000][1088069][info ][gc,heap     ] GC(128) Old regions: 25->25
[2025-08-28T13:04:23.905+0000][1088069][info ][gc,heap     ] GC(128) Humongous regions: 0->0
[2025-08-28T13:04:23.905+0000][1088069][info ][gc,metaspace] GC(128) Metaspace: 144756K(148800K)->144756K(148800K) NonClass: 124926K(127104K)->124926K(127104K) Class: 19829K(21696K)->19829K(21696K)
[2025-08-28T13:04:23.905+0000][1088069][info ][gc          ] GC(128) Pause Young (Normal) (G1 Evacuation Pause) 399M->99M(512M) 2.601ms
[2025-08-28T13:04:23.905+0000][1088069][info ][gc,cpu      ] GC(128) User=0.01s Sys=0.00s Real=0.00s
[2025-08-28T13:04:23.905+0000][1088069][info ][safepoint   ] Safepoint "G1CollectForAllocation", Time since last: 934157496 ns, Reaching safepoint: 27481 ns, Cleanup: 4587 ns, At safepoint: 2756501 ns, Total: 2788569 ns
[2025-08-28T13:04:27.547+0000][1088069][info ][gc,start    ] GC(129) Pause Young (Normal) (G1 Evacuation Pause)
[2025-08-28T13:04:27.547+0000][1088069][info ][gc,task     ] GC(129) Using 12 workers of 33 for evacuation
[2025-08-28T13:04:27.547+0000][1088069][debug][gc,age      ] GC(129) Desired survivor size 20971520 bytes, new threshold 15 (max threshold 15)
[2025-08-28T13:04:27.549+0000][1088069][info ][gc,phases   ] GC(129)   Pre Evacuate Collection Set: 0.2ms
[2025-08-28T13:04:27.549+0000][1088069][info ][gc,phases   ] GC(129)   Merge Heap Roots: 0.1ms
[2025-08-28T13:04:27.549+0000][1088069][info ][gc,phases   ] GC(129)   Evacuate Collection Set: 1.7ms
[2025-08-28T13:04:27.549+0000][1088069][info ][gc,phases   ] GC(129)   Post Evacuate Collection Set: 0.4ms
[2025-08-28T13:04:27.549+0000][1088069][info ][gc,phases   ] GC(129)   Other: 0.1ms
[2025-08-28T13:04:27.549+0000][1088069][trace][gc,age      ] GC(129) Age table with threshold 15 (max threshold 15)
[2025-08-28T13:04:27.549+0000][1088069][trace][gc,age      ] GC(129) - age   1:       7688 bytes,       7688 total
[2025-08-28T13:04:27.549+0000][1088069][trace][gc,age      ] GC(129) - age   2:       7448 bytes,      15136 total
[2025-08-28T13:04:27.549+0000][1088069][trace][gc,age      ] GC(129) - age   3:        200 bytes,      15336 total
[2025-08-28T13:04:27.549+0000][1088069][trace][gc,age      ] GC(129) - age   4:        224 bytes,      15560 total
[2025-08-28T13:04:27.549+0000][1088069][trace][gc,age      ] GC(129) - age   6:         24 bytes,      15584 total
[2025-08-28T13:04:27.549+0000][1088069][trace][gc,age      ] GC(129) - age   7:        920 bytes,      16504 total
[2025-08-28T13:04:27.549+0000][1088069][trace][gc,age      ] GC(129) - age   8:       8928 bytes,      25432 total
[2025-08-28T13:04:27.549+0000][1088069][trace][gc,age      ] GC(129) - age   9:      12120 bytes,      37552 total
[2025-08-28T13:04:27.549+0000][1088069][trace][gc,age      ] GC(129) - age  10:        864 bytes,      38416 total
[2025-08-28T13:04:27.549+0000][1088069][trace][gc,age      ] GC(129) - age  11:        344 bytes,      38760 total
[2025-08-28T13:04:27.549+0000][1088069][trace][gc,age      ] GC(129) - age  12:      14656 bytes,      53416 total
[2025-08-28T13:04:27.549+0000][1088069][trace][gc,age      ] GC(129) - age  13:      48632 bytes,     102048 total
[2025-08-28T13:04:27.549+0000][1088069][trace][gc,age      ] GC(129) - age  14:      68096 bytes,     170144 total
[2025-08-28T13:04:27.549+0000][1088069][info ][gc,heap     ] GC(129) Eden regions: 75->0(75)
[2025-08-28T13:04:27.549+0000][1088069][info ][gc,heap     ] GC(129) Survivor regions: 1->1(10)
[2025-08-28T13:04:27.549+0000][1088069][info ][gc,heap     ] GC(129) Old regions: 25->25
[2025-08-28T13:04:27.549+0000][1088069][info ][gc,heap     ] GC(129) Humongous regions: 0->0
[2025-08-28T13:04:27.549+0000][1088069][info ][gc,metaspace] GC(129) Metaspace: 144756K(148800K)->144756K(148800K) NonClass: 124926K(127104K)->124926K(127104K) Class: 19829K(21696K)->19829K(21696K)
[2025-08-28T13:04:27.549+0000][1088069][info ][gc          ] GC(129) Pause Young (Normal) (G1 Evacuation Pause) 399M->99M(512M) 2.707ms
[2025-08-28T13:04:27.549+0000][1088069][info ][gc,cpu      ] GC(129) User=0.01s Sys=0.00s Real=0.00s
[2025-08-28T13:04:27.549+0000][1088069][info ][safepoint   ] Safepoint "G1CollectForAllocation", Time since last: 3640905922 ns, Reaching safepoint: 303256 ns, Cleanup: 5768 ns, At safepoint: 2853998 ns, Total: 3163022 ns
[2025-08-28T13:04:30.472+0000][1088069][info ][gc,start    ] GC(130) Pause Young (Normal) (G1 Evacuation Pause)
[2025-08-28T13:04:30.472+0000][1088069][info ][gc,task     ] GC(130) Using 12 workers of 33 for evacuation
[2025-08-28T13:04:30.472+0000][1088069][debug][gc,age      ] GC(130) Desired survivor size 20971520 bytes, new threshold 15 (max threshold 15)
[2025-08-28T13:04:30.474+0000][1088069][info ][gc,phases   ] GC(130)   Pre Evacuate Collection Set: 0.2ms
[2025-08-28T13:04:30.474+0000][1088069][info ][gc,phases   ] GC(130)   Merge Heap Roots: 0.1ms
[2025-08-28T13:04:30.474+0000][1088069][info ][gc,phases   ] GC(130)   Evacuate Collection Set: 1.8ms
[2025-08-28T13:04:30.474+0000][1088069][info ][gc,phases   ] GC(130)   Post Evacuate Collection Set: 0.4ms
[2025-08-28T13:04:30.474+0000][1088069][info ][gc,phases   ] GC(130)   Other: 0.1ms
[2025-08-28T13:04:30.474+0000][1088069][trace][gc,age      ] GC(130) Age table with threshold 15 (max threshold 15)
[2025-08-28T13:04:30.474+0000][1088069][trace][gc,age      ] GC(130) - age   1:     639288 bytes,     639288 total
[2025-08-28T13:04:30.474+0000][1088069][trace][gc,age      ] GC(130) - age   2:        720 bytes,     640008 total
[2025-08-28T13:04:30.474+0000][1088069][trace][gc,age      ] GC(130) - age   3:       7448 bytes,     647456 total
[2025-08-28T13:04:30.474+0000][1088069][trace][gc,age      ] GC(130) - age   4:        200 bytes,     647656 total
[2025-08-28T13:04:30.474+0000][1088069][trace][gc,age      ] GC(130) - age   5:        224 bytes,     647880 total
[2025-08-28T13:04:30.474+0000][1088069][trace][gc,age      ] GC(130) - age   7:         24 bytes,     647904 total
[2025-08-28T13:04:30.474+0000][1088069][trace][gc,age      ] GC(130) - age   8:        920 bytes,     648824 total
[2025-08-28T13:04:30.474+0000][1088069][trace][gc,age      ] GC(130) - age   9:       8928 bytes,     657752 total
[2025-08-28T13:04:30.474+0000][1088069][trace][gc,age      ] GC(130) - age  10:      12120 bytes,     669872 total
[2025-08-28T13:04:30.474+0000][1088069][trace][gc,age      ] GC(130) - age  11:        864 bytes,     670736 total
[2025-08-28T13:04:30.474+0000][1088069][trace][gc,age      ] GC(130) - age  12:        344 bytes,     671080 total
[2025-08-28T13:04:30.474+0000][1088069][trace][gc,age      ] GC(130) - age  13:      14656 bytes,     685736 total
[2025-08-28T13:04:30.474+0000][1088069][trace][gc,age      ] GC(130) - age  14:      48632 bytes,     734368 total
[2025-08-28T13:04:30.474+0000][1088069][trace][gc,age      ] GC(130) - age  15:      68096 bytes,     802464 total
[2025-08-28T13:04:30.474+0000][1088069][info ][gc,heap     ] GC(130) Eden regions: 75->0(75)
[2025-08-28T13:04:30.474+0000][1088069][info ][gc,heap     ] GC(130) Survivor regions: 1->1(10)
[2025-08-28T13:04:30.474+0000][1088069][info ][gc,heap     ] GC(130) Old regions: 25->25
[2025-08-28T13:04:30.474+0000][1088069][info ][gc,heap     ] GC(130) Humongous regions: 0->0
[2025-08-28T13:04:30.474+0000][1088069][info ][gc,metaspace] GC(130) Metaspace: 144756K(148800K)->144756K(148800K) NonClass: 124926K(127104K)->124926K(127104K) Class: 19829K(21696K)->19829K(21696K)
[2025-08-28T13:04:30.474+0000][1088069][info ][gc          ] GC(130) Pause Young (Normal) (G1 Evacuation Pause) 399M->99M(512M) 2.742ms
[2025-08-28T13:04:30.474+0000][1088069][info ][gc,cpu      ] GC(130) User=0.01s Sys=0.00s Real=0.00s
[2025-08-28T13:04:30.474+0000][1088069][info ][safepoint   ] Safepoint "G1CollectForAllocation", Time since last: 2922149384 ns, Reaching safepoint: 77406 ns, Cleanup: 5879 ns, At safepoint: 2893788 ns, Total: 2977073 ns
[2025-08-28T13:04:33.434+0000][1088069][info ][gc,start    ] GC(131) Pause Young (Normal) (G1 Evacuation Pause)
[2025-08-28T13:04:33.434+0000][1088069][info ][gc,task     ] GC(131) Using 12 workers of 33 for evacuation
[2025-08-28T13:04:33.434+0000][1088069][debug][gc,age      ] GC(131) Desired survivor size 20971520 bytes, new threshold 15 (max threshold 15)
[2025-08-28T13:04:33.436+0000][1088069][info ][gc,phases   ] GC(131)   Pre Evacuate Collection Set: 0.2ms
[2025-08-28T13:04:33.436+0000][1088069][info ][gc,phases   ] GC(131)   Merge Heap Roots: 0.1ms
[2025-08-28T13:04:33.437+0000][1088069][info ][gc,phases   ] GC(131)   Evacuate Collection Set: 1.8ms
[2025-08-28T13:04:33.437+0000][1088069][info ][gc,phases   ] GC(131)   Post Evacuate Collection Set: 0.4ms
[2025-08-28T13:04:33.437+0000][1088069][info ][gc,phases   ] GC(131)   Other: 0.1ms
[2025-08-28T13:04:33.437+0000][1088069][trace][gc,age      ] GC(131) Age table with threshold 15 (max threshold 15)
[2025-08-28T13:04:33.437+0000][1088069][trace][gc,age      ] GC(131) - age   1:       6496 bytes,       6496 total
[2025-08-28T13:04:33.437+0000][1088069][trace][gc,age      ] GC(131) - age   2:        712 bytes,       7208 total
[2025-08-28T13:04:33.437+0000][1088069][trace][gc,age      ] GC(131) - age   3:        720 bytes,       7928 total
[2025-08-28T13:04:33.437+0000][1088069][trace][gc,age      ] GC(131) - age   4:       7208 bytes,      15136 total
[2025-08-28T13:04:33.437+0000][1088069][trace][gc,age      ] GC(131) - age   5:        200 bytes,      15336 total
[2025-08-28T13:04:33.437+0000][1088069][trace][gc,age      ] GC(131) - age   6:        224 bytes,      15560 total
[2025-08-28T13:04:33.437+0000][1088069][trace][gc,age      ] GC(131) - age   8:         24 bytes,      15584 total
[2025-08-28T13:04:33.437+0000][1088069][trace][gc,age      ] GC(131) - age   9:        920 bytes,      16504 total
[2025-08-28T13:04:33.437+0000][1088069][trace][gc,age      ] GC(131) - age  10:       8928 bytes,      25432 total
[2025-08-28T13:04:33.437+0000][1088069][trace][gc,age      ] GC(131) - age  11:      12120 bytes,      37552 total
[2025-08-28T13:04:33.437+0000][1088069][trace][gc,age      ] GC(131) - age  12:        864 bytes,      38416 total
[2025-08-28T13:04:33.437+0000][1088069][trace][gc,age      ] GC(131) - age  13:        344 bytes,      38760 total
[2025-08-28T13:04:33.437+0000][1088069][trace][gc,age      ] GC(131) - age  14:      14656 bytes,      53416 total
[2025-08-28T13:04:33.437+0000][1088069][trace][gc,age      ] GC(131) - age  15:      48632 bytes,     102048 total
[2025-08-28T13:04:33.437+0000][1088069][info ][gc,heap     ] GC(131) Eden regions: 75->0(75)
[2025-08-28T13:04:33.437+0000][1088069][info ][gc,heap     ] GC(131) Survivor regions: 1->1(10)
[2025-08-28T13:04:33.437+0000][1088069][info ][gc,heap     ] GC(131) Old regions: 25->25
[2025-08-28T13:04:33.437+0000][1088069][info ][gc,heap     ] GC(131) Humongous regions: 0->0
[2025-08-28T13:04:33.437+0000][1088069][info ][gc,metaspace] GC(131) Metaspace: 144756K(148800K)->144756K(148800K) NonClass: 124926K(127104K)->124926K(127104K) Class: 19829K(21696K)->19829K(21696K)
[2025-08-28T13:04:33.437+0000][1088069][info ][gc          ] GC(131) Pause Young (Normal) (G1 Evacuation Pause) 399M->99M(512M) 2.674ms
[2025-08-28T13:04:33.437+0000][1088069][info ][gc,cpu      ] GC(131) User=0.01s Sys=0.00s Real=0.00s
[2025-08-28T13:04:33.437+0000][1088069][info ][safepoint   ] Safepoint "G1CollectForAllocation", Time since last: 2959280120 ns, Reaching safepoint: 28773 ns, Cleanup: 6159 ns, At safepoint: 2822541 ns, Total: 2857473 ns
[2025-08-28T13:04:36.359+0000][1088069][info ][gc,start    ] GC(132) Pause Young (Normal) (G1 Evacuation Pause)
[2025-08-28T13:04:36.359+0000][1088069][info ][gc,task     ] GC(132) Using 12 workers of 33 for evacuation
[2025-08-28T13:04:36.359+0000][1088069][debug][gc,age      ] GC(132) Desired survivor size 20971520 bytes, new threshold 15 (max threshold 15)
[2025-08-28T13:04:36.362+0000][1088069][info ][gc,phases   ] GC(132)   Pre Evacuate Collection Set: 0.2ms
[2025-08-28T13:04:36.362+0000][1088069][info ][gc,phases   ] GC(132)   Merge Heap Roots: 0.1ms
[2025-08-28T13:04:36.362+0000][1088069][info ][gc,phases   ] GC(132)   Evacuate Collection Set: 1.5ms
[2025-08-28T13:04:36.362+0000][1088069][info ][gc,phases   ] GC(132)   Post Evacuate Collection Set: 0.4ms
[2025-08-28T13:04:36.362+0000][1088069][info ][gc,phases   ] GC(132)   Other: 0.1ms
[2025-08-28T13:04:36.362+0000][1088069][trace][gc,age      ] GC(132) Age table with threshold 15 (max threshold 15)
[2025-08-28T13:04:36.362+0000][1088069][trace][gc,age      ] GC(132) - age   1:     608984 bytes,     608984 total
[2025-08-28T13:04:36.362+0000][1088069][trace][gc,age      ] GC(132) - age   2:        240 bytes,     609224 total
[2025-08-28T13:04:36.362+0000][1088069][trace][gc,age      ] GC(132) - age   4:        720 bytes,     609944 total
[2025-08-28T13:04:36.362+0000][1088069][trace][gc,age      ] GC(132) - age   5:       7208 bytes,     617152 total
[2025-08-28T13:04:36.362+0000][1088069][trace][gc,age      ] GC(132) - age   6:        200 bytes,     617352 total
[2025-08-28T13:04:36.362+0000][1088069][trace][gc,age      ] GC(132) - age   9:         24 bytes,     617376 total
[2025-08-28T13:04:36.362+0000][1088069][trace][gc,age      ] GC(132) - age  10:        920 bytes,     618296 total
[2025-08-28T13:04:36.362+0000][1088069][trace][gc,age      ] GC(132) - age  11:       8928 bytes,     627224 total
[2025-08-28T13:04:36.362+0000][1088069][trace][gc,age      ] GC(132) - age  12:      12120 bytes,     639344 total
[2025-08-28T13:04:36.362+0000][1088069][trace][gc,age      ] GC(132) - age  13:        864 bytes,     640208 total
[2025-08-28T13:04:36.362+0000][1088069][trace][gc,age      ] GC(132) - age  14:        344 bytes,     640552 total
[2025-08-28T13:04:36.362+0000][1088069][trace][gc,age      ] GC(132) - age  15:      14656 bytes,     655208 total
[2025-08-28T13:04:36.362+0000][1088069][info ][gc,heap     ] GC(132) Eden regions: 75->0(75)
[2025-08-28T13:04:36.362+0000][1088069][info ][gc,heap     ] GC(132) Survivor regions: 1->1(10)
[2025-08-28T13:04:36.362+0000][1088069][info ][gc,heap     ] GC(132) Old regions: 25->25
[2025-08-28T13:04:36.362+0000][1088069][info ][gc,heap     ] GC(132) Humongous regions: 0->0
[2025-08-28T13:04:36.362+0000][1088069][info ][gc,metaspace] GC(132) Metaspace: 144756K(148800K)->144756K(148800K) NonClass: 124926K(127104K)->124926K(127104K) Class: 19829K(21696K)->19829K(21696K)
[2025-08-28T13:04:36.362+0000][1088069][info ][gc          ] GC(132) Pause Young (Normal) (G1 Evacuation Pause) 399M->99M(512M) 2.419ms
[2025-08-28T13:04:36.362+0000][1088069][info ][gc,cpu      ] GC(132) User=0.01s Sys=0.00s Real=0.01s
[2025-08-28T13:04:36.362+0000][1088069][info ][safepoint   ] Safepoint "G1CollectForAllocation", Time since last: 2922365098 ns, Reaching safepoint: 66400 ns, Cleanup: 6409 ns, At safepoint: 2577182 ns, Total: 2649991 ns
[2025-08-28T13:04:39.296+0000][1088069][info ][gc,start    ] GC(133) Pause Young (Normal) (G1 Evacuation Pause)
[2025-08-28T13:04:39.297+0000][1088069][info ][gc,task     ] GC(133) Using 12 workers of 33 for evacuation
[2025-08-28T13:04:39.297+0000][1088069][debug][gc,age      ] GC(133) Desired survivor size 20971520 bytes, new threshold 15 (max threshold 15)
[2025-08-28T13:04:39.299+0000][1088069][info ][gc,phases   ] GC(133)   Pre Evacuate Collection Set: 0.2ms
[2025-08-28T13:04:39.299+0000][1088069][info ][gc,phases   ] GC(133)   Merge Heap Roots: 0.1ms
[2025-08-28T13:04:39.299+0000][1088069][info ][gc,phases   ] GC(133)   Evacuate Collection Set: 2.1ms
[2025-08-28T13:04:39.299+0000][1088069][info ][gc,phases   ] GC(133)   Post Evacuate Collection Set: 0.3ms
[2025-08-28T13:04:39.299+0000][1088069][info ][gc,phases   ] GC(133)   Other: 0.1ms
[2025-08-28T13:04:39.299+0000][1088069][trace][gc,age      ] GC(133) Age table with threshold 15 (max threshold 15)
[2025-08-28T13:04:39.299+0000][1088069][trace][gc,age      ] GC(133) - age   1:     107976 bytes,     107976 total
[2025-08-28T13:04:39.299+0000][1088069][trace][gc,age      ] GC(133) - age   2:        256 bytes,     108232 total
[2025-08-28T13:04:39.299+0000][1088069][trace][gc,age      ] GC(133) - age   3:        240 bytes,     108472 total
[2025-08-28T13:04:39.299+0000][1088069][trace][gc,age      ] GC(133) - age   5:        592 bytes,     109064 total
[2025-08-28T13:04:39.299+0000][1088069][trace][gc,age      ] GC(133) - age   6:       7208 bytes,     116272 total
[2025-08-28T13:04:39.299+0000][1088069][trace][gc,age      ] GC(133) - age   7:        200 bytes,     116472 total
[2025-08-28T13:04:39.299+0000][1088069][trace][gc,age      ] GC(133) - age  10:         24 bytes,     116496 total
[2025-08-28T13:04:39.299+0000][1088069][trace][gc,age      ] GC(133) - age  11:        920 bytes,     117416 total
[2025-08-28T13:04:39.299+0000][1088069][trace][gc,age      ] GC(133) - age  12:       8928 bytes,     126344 total
[2025-08-28T13:04:39.299+0000][1088069][trace][gc,age      ] GC(133) - age  13:      12120 bytes,     138464 total
[2025-08-28T13:04:39.299+0000][1088069][trace][gc,age      ] GC(133) - age  14:        864 bytes,     139328 total
[2025-08-28T13:04:39.299+0000][1088069][trace][gc,age      ] GC(133) - age  15:        344 bytes,     139672 total
[2025-08-28T13:04:39.299+0000][1088069][info ][gc,heap     ] GC(133) Eden regions: 75->0(75)
[2025-08-28T13:04:39.299+0000][1088069][info ][gc,heap     ] GC(133) Survivor regions: 1->1(10)
[2025-08-28T13:04:39.299+0000][1088069][info ][gc,heap     ] GC(133) Old regions: 25->25
[2025-08-28T13:04:39.299+0000][1088069][info ][gc,heap     ] GC(133) Humongous regions: 0->0
[2025-08-28T13:04:39.299+0000][1088069][info ][gc,metaspace] GC(133) Metaspace: 144756K(148800K)->144756K(148800K) NonClass: 124926K(127104K)->124926K(127104K) Class: 19829K(21696K)->19829K(21696K)
[2025-08-28T13:04:39.299+0000][1088069][info ][gc          ] GC(133) Pause Young (Normal) (G1 Evacuation Pause) 399M->99M(512M) 2.854ms
[2025-08-28T13:04:39.299+0000][1088069][info ][gc,cpu      ] GC(133) User=0.01s Sys=0.00s Real=0.00s
[2025-08-28T13:04:39.299+0000][1088069][info ][safepoint   ] Safepoint "G1CollectForAllocation", Time since last: 2934689775 ns, Reaching safepoint: 27461 ns, Cleanup: 4487 ns, At safepoint: 2995561 ns, Total: 3027509 ns
[2025-08-28T13:04:42.246+0000][1088069][info ][gc,start    ] GC(134) Pause Young (Normal) (G1 Evacuation Pause)
[2025-08-28T13:04:42.247+0000][1088069][info ][gc,task     ] GC(134) Using 12 workers of 33 for evacuation
[2025-08-28T13:04:42.247+0000][1088069][debug][gc,age      ] GC(134) Desired survivor size 20971520 bytes, new threshold 15 (max threshold 15)
[2025-08-28T13:04:42.249+0000][1088069][info ][gc,phases   ] GC(134)   Pre Evacuate Collection Set: 0.2ms
[2025-08-28T13:04:42.249+0000][1088069][info ][gc,phases   ] GC(134)   Merge Heap Roots: 0.1ms
[2025-08-28T13:04:42.249+0000][1088069][info ][gc,phases   ] GC(134)   Evacuate Collection Set: 2.0ms
[2025-08-28T13:04:42.249+0000][1088069][info ][gc,phases   ] GC(134)   Post Evacuate Collection Set: 0.3ms
[2025-08-28T13:04:42.249+0000][1088069][info ][gc,phases   ] GC(134)   Other: 0.1ms
[2025-08-28T13:04:42.249+0000][1088069][trace][gc,age      ] GC(134) Age table with threshold 15 (max threshold 15)
[2025-08-28T13:04:42.249+0000][1088069][trace][gc,age      ] GC(134) - age   1:       8432 bytes,       8432 total
[2025-08-28T13:04:42.249+0000][1088069][trace][gc,age      ] GC(134) - age   2:        712 bytes,       9144 total
[2025-08-28T13:04:42.249+0000][1088069][trace][gc,age      ] GC(134) - age   3:        256 bytes,       9400 total
[2025-08-28T13:04:42.249+0000][1088069][trace][gc,age      ] GC(134) - age   6:        592 bytes,       9992 total
[2025-08-28T13:04:42.249+0000][1088069][trace][gc,age      ] GC(134) - age   7:       7208 bytes,      17200 total
[2025-08-28T13:04:42.249+0000][1088069][trace][gc,age      ] GC(134) - age   8:        200 bytes,      17400 total
[2025-08-28T13:04:42.249+0000][1088069][trace][gc,age      ] GC(134) - age  11:         24 bytes,      17424 total
[2025-08-28T13:04:42.249+0000][1088069][trace][gc,age      ] GC(134) - age  12:        920 bytes,      18344 total
[2025-08-28T13:04:42.249+0000][1088069][trace][gc,age      ] GC(134) - age  13:       8928 bytes,      27272 total
[2025-08-28T13:04:42.249+0000][1088069][trace][gc,age      ] GC(134) - age  14:      12120 bytes,      39392 total
[2025-08-28T13:04:42.249+0000][1088069][trace][gc,age      ] GC(134) - age  15:        864 bytes,      40256 total
[2025-08-28T13:04:42.249+0000][1088069][info ][gc,heap     ] GC(134) Eden regions: 75->0(75)
[2025-08-28T13:04:42.249+0000][1088069][info ][gc,heap     ] GC(134) Survivor regions: 1->1(10)
[2025-08-28T13:04:42.249+0000][1088069][info ][gc,heap     ] GC(134) Old regions: 25->25
[2025-08-28T13:04:42.249+0000][1088069][info ][gc,heap     ] GC(134) Humongous regions: 0->0
[2025-08-28T13:04:42.249+0000][1088069][info ][gc,metaspace] GC(134) Metaspace: 144756K(148800K)->144756K(148800K) NonClass: 124927K(127104K)->124927K(127104K) Class: 19829K(21696K)->19829K(21696K)
[2025-08-28T13:04:42.249+0000][1088069][info ][gc          ] GC(134) Pause Young (Normal) (G1 Evacuation Pause) 399M->99M(512M) 2.915ms
[2025-08-28T13:04:42.249+0000][1088069][info ][gc,cpu      ] GC(134) User=0.01s Sys=0.00s Real=0.00s
[2025-08-28T13:04:42.249+0000][1088069][info ][safepoint   ] Safepoint "G1CollectForAllocation", Time since last: 2946923054 ns, Reaching safepoint: 66350 ns, Cleanup: 5939 ns, At safepoint: 3060588 ns, Total: 3132877 ns
[2025-08-28T13:04:44.681+0000][1088069][info ][safepoint   ] Safepoint "Cleanup", Time since last: 2431729217 ns, Reaching safepoint: 28122 ns, Cleanup: 13210 ns, At safepoint: 3866 ns, Total: 45198 ns
[2025-08-28T13:04:45.150+0000][1088069][info ][gc,start    ] GC(135) Pause Young (Normal) (G1 Evacuation Pause)
[2025-08-28T13:04:45.150+0000][1088069][info ][gc,task     ] GC(135) Using 12 workers of 33 for evacuation
[2025-08-28T13:04:45.150+0000][1088069][debug][gc,age      ] GC(135) Desired survivor size 20971520 bytes, new threshold 15 (max threshold 15)
[2025-08-28T13:04:45.152+0000][1088069][info ][gc,phases   ] GC(135)   Pre Evacuate Collection Set: 0.2ms
[2025-08-28T13:04:45.152+0000][1088069][info ][gc,phases   ] GC(135)   Merge Heap Roots: 0.1ms
[2025-08-28T13:04:45.152+0000][1088069][info ][gc,phases   ] GC(135)   Evacuate Collection Set: 1.5ms
[2025-08-28T13:04:45.152+0000][1088069][info ][gc,phases   ] GC(135)   Post Evacuate Collection Set: 0.3ms
[2025-08-28T13:04:45.152+0000][1088069][info ][gc,phases   ] GC(135)   Other: 0.1ms
[2025-08-28T13:04:45.152+0000][1088069][trace][gc,age      ] GC(135) Age table with threshold 15 (max threshold 15)
[2025-08-28T13:04:45.152+0000][1088069][trace][gc,age      ] GC(135) - age   1:       6728 bytes,       6728 total
[2025-08-28T13:04:45.152+0000][1088069][trace][gc,age      ] GC(135) - age   2:        240 bytes,       6968 total
[2025-08-28T13:04:45.152+0000][1088069][trace][gc,age      ] GC(135) - age   4:        256 bytes,       7224 total
[2025-08-28T13:04:45.152+0000][1088069][trace][gc,age      ] GC(135) - age   7:        592 bytes,       7816 total
[2025-08-28T13:04:45.152+0000][1088069][trace][gc,age      ] GC(135) - age   8:       7208 bytes,      15024 total
[2025-08-28T13:04:45.152+0000][1088069][trace][gc,age      ] GC(135) - age   9:        200 bytes,      15224 total
[2025-08-28T13:04:45.152+0000][1088069][trace][gc,age      ] GC(135) - age  12:         24 bytes,      15248 total
[2025-08-28T13:04:45.152+0000][1088069][trace][gc,age      ] GC(135) - age  13:        920 bytes,      16168 total
[2025-08-28T13:04:45.152+0000][1088069][trace][gc,age      ] GC(135) - age  14:       8928 bytes,      25096 total
[2025-08-28T13:04:45.152+0000][1088069][trace][gc,age      ] GC(135) - age  15:      12120 bytes,      37216 total
[2025-08-28T13:04:45.152+0000][1088069][info ][gc,heap     ] GC(135) Eden regions: 75->0(75)
[2025-08-28T13:04:45.152+0000][1088069][info ][gc,heap     ] GC(135) Survivor regions: 1->1(10)
[2025-08-28T13:04:45.152+0000][1088069][info ][gc,heap     ] GC(135) Old regions: 25->25
[2025-08-28T13:04:45.152+0000][1088069][info ][gc,heap     ] GC(135) Humongous regions: 0->0
[2025-08-28T13:04:45.152+0000][1088069][info ][gc,metaspace] GC(135) Metaspace: 144756K(148800K)->144756K(148800K) NonClass: 124927K(127104K)->124927K(127104K) Class: 19829K(21696K)->19829K(21696K)
[2025-08-28T13:04:45.152+0000][1088069][info ][gc          ] GC(135) Pause Young (Normal) (G1 Evacuation Pause) 399M->99M(512M) 2.370ms
[2025-08-28T13:04:45.152+0000][1088069][info ][gc,cpu      ] GC(135) User=0.00s Sys=0.01s Real=0.01s
[2025-08-28T13:04:45.152+0000][1088069][info ][safepoint   ] Safepoint "G1CollectForAllocation", Time since last: 468181084 ns, Reaching safepoint: 27150 ns, Cleanup: 5909 ns, At safepoint: 2511724 ns, Total: 2544783 ns
[2025-08-28T13:04:48.097+0000][1088069][info ][gc,start    ] GC(136) Pause Young (Normal) (G1 Evacuation Pause)
[2025-08-28T13:04:48.097+0000][1088069][info ][gc,task     ] GC(136) Using 12 workers of 33 for evacuation
[2025-08-28T13:04:48.097+0000][1088069][debug][gc,age      ] GC(136) Desired survivor size 20971520 bytes, new threshold 15 (max threshold 15)
[2025-08-28T13:04:48.099+0000][1088069][info ][gc,phases   ] GC(136)   Pre Evacuate Collection Set: 0.2ms
[2025-08-28T13:04:48.099+0000][1088069][info ][gc,phases   ] GC(136)   Merge Heap Roots: 0.1ms
[2025-08-28T13:04:48.099+0000][1088069][info ][gc,phases   ] GC(136)   Evacuate Collection Set: 1.5ms
[2025-08-28T13:04:48.099+0000][1088069][info ][gc,phases   ] GC(136)   Post Evacuate Collection Set: 0.5ms
[2025-08-28T13:04:48.099+0000][1088069][info ][gc,phases   ] GC(136)   Other: 0.1ms
[2025-08-28T13:04:48.099+0000][1088069][trace][gc,age      ] GC(136) Age table with threshold 15 (max threshold 15)
[2025-08-28T13:04:48.099+0000][1088069][trace][gc,age      ] GC(136) - age   1:       6256 bytes,       6256 total
[2025-08-28T13:04:48.099+0000][1088069][trace][gc,age      ] GC(136) - age   2:        760 bytes,       7016 total
[2025-08-28T13:04:48.099+0000][1088069][trace][gc,age      ] GC(136) - age   3:        240 bytes,       7256 total
[2025-08-28T13:04:48.099+0000][1088069][trace][gc,age      ] GC(136) - age   5:        256 bytes,       7512 total
[2025-08-28T13:04:48.099+0000][1088069][trace][gc,age      ] GC(136) - age   8:        592 bytes,       8104 total
[2025-08-28T13:04:48.099+0000][1088069][trace][gc,age      ] GC(136) - age   9:       7208 bytes,      15312 total
[2025-08-28T13:04:48.099+0000][1088069][trace][gc,age      ] GC(136) - age  10:        200 bytes,      15512 total
[2025-08-28T13:04:48.099+0000][1088069][trace][gc,age      ] GC(136) - age  13:         24 bytes,      15536 total
[2025-08-28T13:04:48.099+0000][1088069][trace][gc,age      ] GC(136) - age  14:        920 bytes,      16456 total
[2025-08-28T13:04:48.099+0000][1088069][trace][gc,age      ] GC(136) - age  15:       8928 bytes,      25384 total
[2025-08-28T13:04:48.099+0000][1088069][info ][gc,heap     ] GC(136) Eden regions: 75->0(75)
[2025-08-28T13:04:48.099+0000][1088069][info ][gc,heap     ] GC(136) Survivor regions: 1->1(10)
[2025-08-28T13:04:48.099+0000][1088069][info ][gc,heap     ] GC(136) Old regions: 25->25
[2025-08-28T13:04:48.099+0000][1088069][info ][gc,heap     ] GC(136) Humongous regions: 0->0
[2025-08-28T13:04:48.099+0000][1088069][info ][gc,metaspace] GC(136) Metaspace: 144756K(148800K)->144756K(148800K) NonClass: 124927K(127104K)->124927K(127104K) Class: 19829K(21696K)->19829K(21696K)
[2025-08-28T13:04:48.099+0000][1088069][info ][gc          ] GC(136) Pause Young (Normal) (G1 Evacuation Pause) 399M->99M(512M) 2.455ms
[2025-08-28T13:04:48.099+0000][1088069][info ][gc,cpu      ] GC(136) User=0.01s Sys=0.00s Real=0.00s
[2025-08-28T13:04:48.099+0000][1088069][info ][safepoint   ] Safepoint "G1CollectForAllocation", Time since last: 2944451952 ns, Reaching safepoint: 50726 ns, Cleanup: 5839 ns, At safepoint: 2697332 ns, Total: 2753897 ns
[2025-08-28T13:04:51.022+0000][1088069][info ][gc,start    ] GC(137) Pause Young (Normal) (G1 Evacuation Pause)
[2025-08-28T13:04:51.022+0000][1088069][info ][gc,task     ] GC(137) Using 12 workers of 33 for evacuation
[2025-08-28T13:04:51.022+0000][1088069][debug][gc,age      ] GC(137) Desired survivor size 20971520 bytes, new threshold 15 (max threshold 15)
[2025-08-28T13:04:51.024+0000][1088069][info ][gc,phases   ] GC(137)   Pre Evacuate Collection Set: 0.2ms
[2025-08-28T13:04:51.024+0000][1088069][info ][gc,phases   ] GC(137)   Merge Heap Roots: 0.1ms
[2025-08-28T13:04:51.024+0000][1088069][info ][gc,phases   ] GC(137)   Evacuate Collection Set: 1.7ms
[2025-08-28T13:04:51.024+0000][1088069][info ][gc,phases   ] GC(137)   Post Evacuate Collection Set: 0.4ms
[2025-08-28T13:04:51.024+0000][1088069][info ][gc,phases   ] GC(137)   Other: 0.1ms
[2025-08-28T13:04:51.024+0000][1088069][trace][gc,age      ] GC(137) Age table with threshold 15 (max threshold 15)
[2025-08-28T13:04:51.024+0000][1088069][trace][gc,age      ] GC(137) - age   1:      10496 bytes,      10496 total
[2025-08-28T13:04:51.024+0000][1088069][trace][gc,age      ] GC(137) - age   3:         48 bytes,      10544 total
[2025-08-28T13:04:51.024+0000][1088069][trace][gc,age      ] GC(137) - age   4:        240 bytes,      10784 total
[2025-08-28T13:04:51.024+0000][1088069][trace][gc,age      ] GC(137) - age   6:        256 bytes,      11040 total
[2025-08-28T13:04:51.024+0000][1088069][trace][gc,age      ] GC(137) - age   9:        592 bytes,      11632 total
[2025-08-28T13:04:51.024+0000][1088069][trace][gc,age      ] GC(137) - age  10:       7208 bytes,      18840 total
[2025-08-28T13:04:51.024+0000][1088069][trace][gc,age      ] GC(137) - age  11:         24 bytes,      18864 total
[2025-08-28T13:04:51.024+0000][1088069][trace][gc,age      ] GC(137) - age  14:         24 bytes,      18888 total
[2025-08-28T13:04:51.024+0000][1088069][trace][gc,age      ] GC(137) - age  15:        920 bytes,      19808 total
[2025-08-28T13:04:51.024+0000][1088069][info ][gc,heap     ] GC(137) Eden regions: 75->0(75)
[2025-08-28T13:04:51.024+0000][1088069][info ][gc,heap     ] GC(137) Survivor regions: 1->1(10)
[2025-08-28T13:04:51.024+0000][1088069][info ][gc,heap     ] GC(137) Old regions: 25->25
[2025-08-28T13:04:51.024+0000][1088069][info ][gc,heap     ] GC(137) Humongous regions: 0->0
[2025-08-28T13:04:51.024+0000][1088069][info ][gc,metaspace] GC(137) Metaspace: 144756K(148800K)->144756K(148800K) NonClass: 124927K(127104K)->124927K(127104K) Class: 19829K(21696K)->19829K(21696K)
[2025-08-28T13:04:51.024+0000][1088069][info ][gc          ] GC(137) Pause Young (Normal) (G1 Evacuation Pause) 399M->99M(512M) 2.650ms
[2025-08-28T13:04:51.024+0000][1088069][info ][gc,cpu      ] GC(137) User=0.01s Sys=0.00s Real=0.00s
[2025-08-28T13:04:51.024+0000][1088069][info ][safepoint   ] Safepoint "G1CollectForAllocation", Time since last: 2922214952 ns, Reaching safepoint: 64747 ns, Cleanup: 6120 ns, At safepoint: 2798795 ns, Total: 2869662 ns
[2025-08-28T13:04:52.024+0000][1088069][info ][safepoint   ] Safepoint "Cleanup", Time since last: 1000101272 ns, Reaching safepoint: 29073 ns, Cleanup: 21943 ns, At safepoint: 3946 ns, Total: 54962 ns
[2025-08-28T13:04:53.025+0000][1088069][info ][safepoint   ] Safepoint "Cleanup", Time since last: 1000135313 ns, Reaching safepoint: 28062 ns, Cleanup: 23616 ns, At safepoint: 3686 ns, Total: 55364 ns
[2025-08-28T13:04:53.859+0000][1088069][info ][gc,start    ] GC(138) Pause Young (Normal) (G1 Evacuation Pause)
[2025-08-28T13:04:53.859+0000][1088069][info ][gc,task     ] GC(138) Using 12 workers of 33 for evacuation
[2025-08-28T13:04:53.859+0000][1088069][debug][gc,age      ] GC(138) Desired survivor size 20971520 bytes, new threshold 15 (max threshold 15)
[2025-08-28T13:04:53.862+0000][1088069][info ][gc,phases   ] GC(138)   Pre Evacuate Collection Set: 0.2ms
[2025-08-28T13:04:53.862+0000][1088069][info ][gc,phases   ] GC(138)   Merge Heap Roots: 0.1ms
[2025-08-28T13:04:53.862+0000][1088069][info ][gc,phases   ] GC(138)   Evacuate Collection Set: 1.6ms
[2025-08-28T13:04:53.862+0000][1088069][info ][gc,phases   ] GC(138)   Post Evacuate Collection Set: 0.5ms
[2025-08-28T13:04:53.862+0000][1088069][info ][gc,phases   ] GC(138)   Other: 0.1ms
[2025-08-28T13:04:53.862+0000][1088069][trace][gc,age      ] GC(138) Age table with threshold 15 (max threshold 15)
[2025-08-28T13:04:53.862+0000][1088069][trace][gc,age      ] GC(138) - age   1:     486032 bytes,     486032 total
[2025-08-28T13:04:53.862+0000][1088069][trace][gc,age      ] GC(138) - age   2:       2272 bytes,     488304 total
[2025-08-28T13:04:53.862+0000][1088069][trace][gc,age      ] GC(138) - age   4:         48 bytes,     488352 total
[2025-08-28T13:04:53.862+0000][1088069][trace][gc,age      ] GC(138) - age   7:        256 bytes,     488608 total
[2025-08-28T13:04:53.862+0000][1088069][trace][gc,age      ] GC(138) - age  10:        592 bytes,     489200 total
[2025-08-28T13:04:53.862+0000][1088069][trace][gc,age      ] GC(138) - age  11:        448 bytes,     489648 total
[2025-08-28T13:04:53.862+0000][1088069][trace][gc,age      ] GC(138) - age  12:         24 bytes,     489672 total
[2025-08-28T13:04:53.862+0000][1088069][trace][gc,age      ] GC(138) - age  15:         24 bytes,     489696 total
[2025-08-28T13:04:53.862+0000][1088069][info ][gc,heap     ] GC(138) Eden regions: 75->0(75)
[2025-08-28T13:04:53.862+0000][1088069][info ][gc,heap     ] GC(138) Survivor regions: 1->1(10)
[2025-08-28T13:04:53.862+0000][1088069][info ][gc,heap     ] GC(138) Old regions: 25->25
[2025-08-28T13:04:53.862+0000][1088069][info ][gc,heap     ] GC(138) Humongous regions: 0->0
[2025-08-28T13:04:53.862+0000][1088069][info ][gc,metaspace] GC(138) Metaspace: 144813K(148864K)->144813K(148864K) NonClass: 124972K(127104K)->124972K(127104K) Class: 19841K(21760K)->19841K(21760K)
[2025-08-28T13:04:53.862+0000][1088069][info ][gc          ] GC(138) Pause Young (Normal) (G1 Evacuation Pause) 399M->99M(512M) 2.576ms
[2025-08-28T13:04:53.862+0000][1088069][info ][gc,cpu      ] GC(138) User=0.01s Sys=0.00s Real=0.01s
[2025-08-28T13:04:53.862+0000][1088069][info ][safepoint   ] Safepoint "G1CollectForAllocation", Time since last: 834335138 ns, Reaching safepoint: 28813 ns, Cleanup: 6650 ns, At safepoint: 2721579 ns, Total: 2757042 ns
[2025-08-28T13:04:54.862+0000][1088069][info ][safepoint   ] Safepoint "Cleanup", Time since last: 1000098859 ns, Reaching safepoint: 28853 ns, Cleanup: 89254 ns, At safepoint: 4186 ns, Total: 122293 ns
[2025-08-28T13:04:55.862+0000][1088069][info ][safepoint   ] Safepoint "Cleanup", Time since last: 1000132319 ns, Reaching safepoint: 63846 ns, Cleanup: 15533 ns, At safepoint: 6470 ns, Total: 85849 ns
[2025-08-28T13:04:56.722+0000][1088069][info ][gc,start    ] GC(139) Pause Young (Normal) (G1 Evacuation Pause)
[2025-08-28T13:04:56.722+0000][1088069][info ][gc,task     ] GC(139) Using 12 workers of 33 for evacuation
[2025-08-28T13:04:56.722+0000][1088069][debug][gc,age      ] GC(139) Desired survivor size 20971520 bytes, new threshold 15 (max threshold 15)
[2025-08-28T13:04:56.724+0000][1088069][info ][gc,phases   ] GC(139)   Pre Evacuate Collection Set: 0.2ms
[2025-08-28T13:04:56.724+0000][1088069][info ][gc,phases   ] GC(139)   Merge Heap Roots: 0.1ms
[2025-08-28T13:04:56.724+0000][1088069][info ][gc,phases   ] GC(139)   Evacuate Collection Set: 1.4ms
[2025-08-28T13:04:56.724+0000][1088069][info ][gc,phases   ] GC(139)   Post Evacuate Collection Set: 0.5ms
[2025-08-28T13:04:56.724+0000][1088069][info ][gc,phases   ] GC(139)   Other: 0.1ms
[2025-08-28T13:04:56.724+0000][1088069][trace][gc,age      ] GC(139) Age table with threshold 15 (max threshold 15)
[2025-08-28T13:04:56.724+0000][1088069][trace][gc,age      ] GC(139) - age   1:    1080496 bytes,    1080496 total
[2025-08-28T13:04:56.724+0000][1088069][trace][gc,age      ] GC(139) - age   2:      31904 bytes,    1112400 total
[2025-08-28T13:04:56.724+0000][1088069][trace][gc,age      ] GC(139) - age   3:       1560 bytes,    1113960 total
[2025-08-28T13:04:56.724+0000][1088069][trace][gc,age      ] GC(139) - age   5:         48 bytes,    1114008 total
[2025-08-28T13:04:56.724+0000][1088069][trace][gc,age      ] GC(139) - age   8:         32 bytes,    1114040 total
[2025-08-28T13:04:56.724+0000][1088069][trace][gc,age      ] GC(139) - age  11:        592 bytes,    1114632 total
[2025-08-28T13:04:56.724+0000][1088069][trace][gc,age      ] GC(139) - age  12:        448 bytes,    1115080 total
[2025-08-28T13:04:56.724+0000][1088069][trace][gc,age      ] GC(139) - age  13:         24 bytes,    1115104 total
[2025-08-28T13:04:56.724+0000][1088069][info ][gc,heap     ] GC(139) Eden regions: 75->0(75)
[2025-08-28T13:04:56.724+0000][1088069][info ][gc,heap     ] GC(139) Survivor regions: 1->1(10)
[2025-08-28T13:04:56.724+0000][1088069][info ][gc,heap     ] GC(139) Old regions: 25->25
[2025-08-28T13:04:56.724+0000][1088069][info ][gc,heap     ] GC(139) Humongous regions: 0->0
[2025-08-28T13:04:56.724+0000][1088069][info ][gc,metaspace] GC(139) Metaspace: 144855K(148928K)->144855K(148928K) NonClass: 125002K(127168K)->125002K(127168K) Class: 19853K(21760K)->19853K(21760K)
[2025-08-28T13:04:56.724+0000][1088069][info ][gc          ] GC(139) Pause Young (Normal) (G1 Evacuation Pause) 399M->100M(512M) 2.395ms
[2025-08-28T13:04:56.724+0000][1088069][info ][gc,cpu      ] GC(139) User=0.01s Sys=0.00s Real=0.00s
[2025-08-28T13:04:56.724+0000][1088069][info ][safepoint   ] Safepoint "G1CollectForAllocation", Time since last: 859669972 ns, Reaching safepoint: 29424 ns, Cleanup: 6450 ns, At safepoint: 2544062 ns, Total: 2579936 ns
[2025-08-28T13:04:59.851+0000][1088069][info ][gc,start    ] GC(140) Pause Young (Normal) (G1 Evacuation Pause)
[2025-08-28T13:04:59.851+0000][1088069][info ][gc,task     ] GC(140) Using 12 workers of 33 for evacuation
[2025-08-28T13:04:59.851+0000][1088069][debug][gc,age      ] GC(140) Desired survivor size 20971520 bytes, new threshold 15 (max threshold 15)
[2025-08-28T13:04:59.853+0000][1088069][info ][gc,phases   ] GC(140)   Pre Evacuate Collection Set: 0.2ms
[2025-08-28T13:04:59.853+0000][1088069][info ][gc,phases   ] GC(140)   Merge Heap Roots: 0.1ms
[2025-08-28T13:04:59.853+0000][1088069][info ][gc,phases   ] GC(140)   Evacuate Collection Set: 1.4ms
[2025-08-28T13:04:59.853+0000][1088069][info ][gc,phases   ] GC(140)   Post Evacuate Collection Set: 0.5ms
[2025-08-28T13:04:59.853+0000][1088069][info ][gc,phases   ] GC(140)   Other: 0.1ms
[2025-08-28T13:04:59.853+0000][1088069][trace][gc,age      ] GC(140) Age table with threshold 15 (max threshold 15)
[2025-08-28T13:04:59.853+0000][1088069][trace][gc,age      ] GC(140) - age   1:       6800 bytes,       6800 total
[2025-08-28T13:04:59.853+0000][1088069][trace][gc,age      ] GC(140) - age   2:     405960 bytes,     412760 total
[2025-08-28T13:04:59.853+0000][1088069][trace][gc,age      ] GC(140) - age   3:      31904 bytes,     444664 total
[2025-08-28T13:04:59.853+0000][1088069][trace][gc,age      ] GC(140) - age   4:       1560 bytes,     446224 total
[2025-08-28T13:04:59.854+0000][1088069][trace][gc,age      ] GC(140) - age   6:         48 bytes,     446272 total
[2025-08-28T13:04:59.854+0000][1088069][trace][gc,age      ] GC(140) - age  12:        592 bytes,     446864 total
[2025-08-28T13:04:59.854+0000][1088069][trace][gc,age      ] GC(140) - age  13:        448 bytes,     447312 total
[2025-08-28T13:04:59.854+0000][1088069][trace][gc,age      ] GC(140) - age  14:         24 bytes,     447336 total
[2025-08-28T13:04:59.854+0000][1088069][info ][gc,heap     ] GC(140) Eden regions: 75->0(75)
[2025-08-28T13:04:59.854+0000][1088069][info ][gc,heap     ] GC(140) Survivor regions: 1->1(10)
[2025-08-28T13:04:59.854+0000][1088069][info ][gc,heap     ] GC(140) Old regions: 25->25
[2025-08-28T13:04:59.854+0000][1088069][info ][gc,heap     ] GC(140) Humongous regions: 0->0
[2025-08-28T13:04:59.854+0000][1088069][info ][gc,metaspace] GC(140) Metaspace: 144855K(148928K)->144855K(148928K) NonClass: 125002K(127168K)->125002K(127168K) Class: 19853K(21760K)->19853K(21760K)
[2025-08-28T13:04:59.854+0000][1088069][info ][gc          ] GC(140) Pause Young (Normal) (G1 Evacuation Pause) 400M->99M(512M) 2.451ms
[2025-08-28T13:04:59.854+0000][1088069][info ][gc,cpu      ] GC(140) User=0.01s Sys=0.00s Real=0.00s
[2025-08-28T13:04:59.854+0000][1088069][info ][safepoint   ] Safepoint "G1CollectForAllocation", Time since last: 3126612067 ns, Reaching safepoint: 30526 ns, Cleanup: 5838 ns, At safepoint: 2612926 ns, Total: 2649290 ns
[2025-08-28T13:05:02.813+0000][1088069][info ][gc,start    ] GC(141) Pause Young (Normal) (G1 Evacuation Pause)
[2025-08-28T13:05:02.813+0000][1088069][info ][gc,task     ] GC(141) Using 12 workers of 33 for evacuation
[2025-08-28T13:05:02.813+0000][1088069][debug][gc,age      ] GC(141) Desired survivor size 20971520 bytes, new threshold 15 (max threshold 15)
[2025-08-28T13:05:02.815+0000][1088069][info ][gc,phases   ] GC(141)   Pre Evacuate Collection Set: 0.2ms
[2025-08-28T13:05:02.815+0000][1088069][info ][gc,phases   ] GC(141)   Merge Heap Roots: 0.1ms
[2025-08-28T13:05:02.815+0000][1088069][info ][gc,phases   ] GC(141)   Evacuate Collection Set: 1.5ms
[2025-08-28T13:05:02.815+0000][1088069][info ][gc,phases   ] GC(141)   Post Evacuate Collection Set: 0.5ms
[2025-08-28T13:05:02.815+0000][1088069][info ][gc,phases   ] GC(141)   Other: 0.1ms
[2025-08-28T13:05:02.815+0000][1088069][trace][gc,age      ] GC(141) Age table with threshold 15 (max threshold 15)
[2025-08-28T13:05:02.815+0000][1088069][trace][gc,age      ] GC(141) - age   1:       6560 bytes,       6560 total
[2025-08-28T13:05:02.815+0000][1088069][trace][gc,age      ] GC(141) - age   2:        744 bytes,       7304 total
[2025-08-28T13:05:02.815+0000][1088069][trace][gc,age      ] GC(141) - age   3:     405960 bytes,     413264 total
[2025-08-28T13:05:02.815+0000][1088069][trace][gc,age      ] GC(141) - age   4:      31632 bytes,     444896 total
[2025-08-28T13:05:02.815+0000][1088069][trace][gc,age      ] GC(141) - age   5:       1560 bytes,     446456 total
[2025-08-28T13:05:02.815+0000][1088069][trace][gc,age      ] GC(141) - age   7:         48 bytes,     446504 total
[2025-08-28T13:05:02.815+0000][1088069][trace][gc,age      ] GC(141) - age  13:        592 bytes,     447096 total
[2025-08-28T13:05:02.815+0000][1088069][trace][gc,age      ] GC(141) - age  14:        448 bytes,     447544 total
[2025-08-28T13:05:02.815+0000][1088069][trace][gc,age      ] GC(141) - age  15:         24 bytes,     447568 total
[2025-08-28T13:05:02.815+0000][1088069][info ][gc,heap     ] GC(141) Eden regions: 75->0(75)
[2025-08-28T13:05:02.815+0000][1088069][info ][gc,heap     ] GC(141) Survivor regions: 1->1(10)
[2025-08-28T13:05:02.815+0000][1088069][info ][gc,heap     ] GC(141) Old regions: 25->25
[2025-08-28T13:05:02.815+0000][1088069][info ][gc,heap     ] GC(141) Humongous regions: 0->0
[2025-08-28T13:05:02.815+0000][1088069][info ][gc,metaspace] GC(141) Metaspace: 144855K(148928K)->144855K(148928K) NonClass: 125002K(127168K)->125002K(127168K) Class: 19853K(21760K)->19853K(21760K)
[2025-08-28T13:05:02.815+0000][1088069][info ][gc          ] GC(141) Pause Young (Normal) (G1 Evacuation Pause) 399M->99M(512M) 2.483ms
[2025-08-28T13:05:02.815+0000][1088069][info ][gc,cpu      ] GC(141) User=0.01s Sys=0.00s Real=0.00s
[2025-08-28T13:05:02.816+0000][1088069][info ][safepoint   ] Safepoint "G1CollectForAllocation", Time since last: 2959234582 ns, Reaching safepoint: 29054 ns, Cleanup: 6319 ns, At safepoint: 2635440 ns, Total: 2670813 ns
[2025-08-28T13:05:05.738+0000][1088069][info ][gc,start    ] GC(142) Pause Young (Normal) (G1 Evacuation Pause)
[2025-08-28T13:05:05.738+0000][1088069][info ][gc,task     ] GC(142) Using 12 workers of 33 for evacuation
[2025-08-28T13:05:05.738+0000][1088069][debug][gc,age      ] GC(142) Desired survivor size 20971520 bytes, new threshold 15 (max threshold 15)
[2025-08-28T13:05:05.740+0000][1088069][info ][gc,phases   ] GC(142)   Pre Evacuate Collection Set: 0.2ms
[2025-08-28T13:05:05.740+0000][1088069][info ][gc,phases   ] GC(142)   Merge Heap Roots: 0.1ms
[2025-08-28T13:05:05.740+0000][1088069][info ][gc,phases   ] GC(142)   Evacuate Collection Set: 1.4ms
[2025-08-28T13:05:05.740+0000][1088069][info ][gc,phases   ] GC(142)   Post Evacuate Collection Set: 0.5ms
[2025-08-28T13:05:05.740+0000][1088069][info ][gc,phases   ] GC(142)   Other: 0.1ms
[2025-08-28T13:05:05.740+0000][1088069][trace][gc,age      ] GC(142) Age table with threshold 15 (max threshold 15)
[2025-08-28T13:05:05.740+0000][1088069][trace][gc,age      ] GC(142) - age   1:       7000 bytes,       7000 total
[2025-08-28T13:05:05.740+0000][1088069][trace][gc,age      ] GC(142) - age   2:        272 bytes,       7272 total
[2025-08-28T13:05:05.740+0000][1088069][trace][gc,age      ] GC(142) - age   3:         32 bytes,       7304 total
[2025-08-28T13:05:05.740+0000][1088069][trace][gc,age      ] GC(142) - age   4:     405960 bytes,     413264 total
[2025-08-28T13:05:05.740+0000][1088069][trace][gc,age      ] GC(142) - age   5:      31632 bytes,     444896 total
[2025-08-28T13:05:05.740+0000][1088069][trace][gc,age      ] GC(142) - age   6:       1560 bytes,     446456 total
[2025-08-28T13:05:05.740+0000][1088069][trace][gc,age      ] GC(142) - age   8:         48 bytes,     446504 total
[2025-08-28T13:05:05.740+0000][1088069][trace][gc,age      ] GC(142) - age  14:        592 bytes,     447096 total
[2025-08-28T13:05:05.740+0000][1088069][trace][gc,age      ] GC(142) - age  15:        448 bytes,     447544 total
[2025-08-28T13:05:05.740+0000][1088069][info ][gc,heap     ] GC(142) Eden regions: 75->0(75)
[2025-08-28T13:05:05.740+0000][1088069][info ][gc,heap     ] GC(142) Survivor regions: 1->1(10)
[2025-08-28T13:05:05.740+0000][1088069][info ][gc,heap     ] GC(142) Old regions: 25->25
[2025-08-28T13:05:05.740+0000][1088069][info ][gc,heap     ] GC(142) Humongous regions: 0->0
[2025-08-28T13:05:05.740+0000][1088069][info ][gc,metaspace] GC(142) Metaspace: 144855K(148928K)->144855K(148928K) NonClass: 125002K(127168K)->125002K(127168K) Class: 19853K(21760K)->19853K(21760K)
[2025-08-28T13:05:05.740+0000][1088069][info ][gc          ] GC(142) Pause Young (Normal) (G1 Evacuation Pause) 399M->99M(512M) 2.352ms
[2025-08-28T13:05:05.740+0000][1088069][info ][gc,cpu      ] GC(142) User=0.02s Sys=0.01s Real=0.00s
[2025-08-28T13:05:05.741+0000][1088069][info ][safepoint   ] Safepoint "G1CollectForAllocation", Time since last: 2922444296 ns, Reaching safepoint: 62434 ns, Cleanup: 5949 ns, At safepoint: 2494428 ns, Total: 2562811 ns
[2025-08-28T13:05:08.688+0000][1088069][info ][gc,start    ] GC(143) Pause Young (Normal) (G1 Evacuation Pause)
[2025-08-28T13:05:08.688+0000][1088069][info ][gc,task     ] GC(143) Using 12 workers of 33 for evacuation
[2025-08-28T13:05:08.688+0000][1088069][debug][gc,age      ] GC(143) Desired survivor size 20971520 bytes, new threshold 15 (max threshold 15)
[2025-08-28T13:05:08.691+0000][1088069][info ][gc,phases   ] GC(143)   Pre Evacuate Collection Set: 0.2ms
[2025-08-28T13:05:08.691+0000][1088069][info ][gc,phases   ] GC(143)   Merge Heap Roots: 0.1ms
[2025-08-28T13:05:08.691+0000][1088069][info ][gc,phases   ] GC(143)   Evacuate Collection Set: 1.4ms
[2025-08-28T13:05:08.691+0000][1088069][info ][gc,phases   ] GC(143)   Post Evacuate Collection Set: 0.5ms
[2025-08-28T13:05:08.691+0000][1088069][info ][gc,phases   ] GC(143)   Other: 0.1ms
[2025-08-28T13:05:08.691+0000][1088069][trace][gc,age      ] GC(143) Age table with threshold 15 (max threshold 15)
[2025-08-28T13:05:08.691+0000][1088069][trace][gc,age      ] GC(143) - age   1:     639440 bytes,     639440 total
[2025-08-28T13:05:08.691+0000][1088069][trace][gc,age      ] GC(143) - age   2:        744 bytes,     640184 total
[2025-08-28T13:05:08.691+0000][1088069][trace][gc,age      ] GC(143) - age   3:        272 bytes,     640456 total
[2025-08-28T13:05:08.691+0000][1088069][trace][gc,age      ] GC(143) - age   4:         32 bytes,     640488 total
[2025-08-28T13:05:08.691+0000][1088069][trace][gc,age      ] GC(143) - age   5:     405960 bytes,    1046448 total
[2025-08-28T13:05:08.691+0000][1088069][trace][gc,age      ] GC(143) - age   6:      31632 bytes,    1078080 total
[2025-08-28T13:05:08.691+0000][1088069][trace][gc,age      ] GC(143) - age   7:       1560 bytes,    1079640 total
[2025-08-28T13:05:08.691+0000][1088069][trace][gc,age      ] GC(143) - age   9:         48 bytes,    1079688 total
[2025-08-28T13:05:08.691+0000][1088069][trace][gc,age      ] GC(143) - age  15:        592 bytes,    1080280 total
[2025-08-28T13:05:08.691+0000][1088069][info ][gc,heap     ] GC(143) Eden regions: 75->0(75)
[2025-08-28T13:05:08.691+0000][1088069][info ][gc,heap     ] GC(143) Survivor regions: 1->1(10)
[2025-08-28T13:05:08.691+0000][1088069][info ][gc,heap     ] GC(143) Old regions: 25->25
[2025-08-28T13:05:08.691+0000][1088069][info ][gc,heap     ] GC(143) Humongous regions: 0->0
[2025-08-28T13:05:08.691+0000][1088069][info ][gc,metaspace] GC(143) Metaspace: 144855K(148928K)->144855K(148928K) NonClass: 125002K(127168K)->125002K(127168K) Class: 19853K(21760K)->19853K(21760K)
[2025-08-28T13:05:08.691+0000][1088069][info ][gc          ] GC(143) Pause Young (Normal) (G1 Evacuation Pause) 399M->100M(512M) 2.333ms
[2025-08-28T13:05:08.691+0000][1088069][info ][gc,cpu      ] GC(143) User=0.01s Sys=0.00s Real=0.01s
[2025-08-28T13:05:08.691+0000][1088069][info ][safepoint   ] Safepoint "G1CollectForAllocation", Time since last: 2947759106 ns, Reaching safepoint: 28123 ns, Cleanup: 5969 ns, At safepoint: 2481419 ns, Total: 2515511 ns
[2025-08-28T13:05:11.613+0000][1088069][info ][gc,start    ] GC(144) Pause Young (Normal) (G1 Evacuation Pause)
[2025-08-28T13:05:11.613+0000][1088069][info ][gc,task     ] GC(144) Using 12 workers of 33 for evacuation
[2025-08-28T13:05:11.613+0000][1088069][debug][gc,age      ] GC(144) Desired survivor size 20971520 bytes, new threshold 15 (max threshold 15)
[2025-08-28T13:05:11.615+0000][1088069][info ][gc,phases   ] GC(144)   Pre Evacuate Collection Set: 0.2ms
[2025-08-28T13:05:11.615+0000][1088069][info ][gc,phases   ] GC(144)   Merge Heap Roots: 0.1ms
[2025-08-28T13:05:11.615+0000][1088069][info ][gc,phases   ] GC(144)   Evacuate Collection Set: 1.4ms
[2025-08-28T13:05:11.615+0000][1088069][info ][gc,phases   ] GC(144)   Post Evacuate Collection Set: 0.5ms
[2025-08-28T13:05:11.615+0000][1088069][info ][gc,phases   ] GC(144)   Other: 0.1ms
[2025-08-28T13:05:11.615+0000][1088069][trace][gc,age      ] GC(144) Age table with threshold 15 (max threshold 15)
[2025-08-28T13:05:11.615+0000][1088069][trace][gc,age      ] GC(144) - age   1:     221776 bytes,     221776 total
[2025-08-28T13:05:11.615+0000][1088069][trace][gc,age      ] GC(144) - age   3:         32 bytes,     221808 total
[2025-08-28T13:05:11.615+0000][1088069][trace][gc,age      ] GC(144) - age   4:         32 bytes,     221840 total
[2025-08-28T13:05:11.615+0000][1088069][trace][gc,age      ] GC(144) - age   5:         32 bytes,     221872 total
[2025-08-28T13:05:11.615+0000][1088069][trace][gc,age      ] GC(144) - age   6:     405960 bytes,     627832 total
[2025-08-28T13:05:11.615+0000][1088069][trace][gc,age      ] GC(144) - age   7:      31632 bytes,     659464 total
[2025-08-28T13:05:11.615+0000][1088069][trace][gc,age      ] GC(144) - age   8:       1560 bytes,     661024 total
[2025-08-28T13:05:11.615+0000][1088069][trace][gc,age      ] GC(144) - age  10:         48 bytes,     661072 total
[2025-08-28T13:05:11.615+0000][1088069][info ][gc,heap     ] GC(144) Eden regions: 75->0(75)
[2025-08-28T13:05:11.615+0000][1088069][info ][gc,heap     ] GC(144) Survivor regions: 1->1(10)
[2025-08-28T13:05:11.615+0000][1088069][info ][gc,heap     ] GC(144) Old regions: 25->25
[2025-08-28T13:05:11.615+0000][1088069][info ][gc,heap     ] GC(144) Humongous regions: 0->0
[2025-08-28T13:05:11.615+0000][1088069][info ][gc,metaspace] GC(144) Metaspace: 144855K(148928K)->144855K(148928K) NonClass: 125002K(127168K)->125002K(127168K) Class: 19853K(21760K)->19853K(21760K)
[2025-08-28T13:05:11.615+0000][1088069][info ][gc          ] GC(144) Pause Young (Normal) (G1 Evacuation Pause) 400M->99M(512M) 2.307ms
[2025-08-28T13:05:11.615+0000][1088069][info ][gc,cpu      ] GC(144) User=0.01s Sys=0.00s Real=0.00s
[2025-08-28T13:05:11.615+0000][1088069][info ][safepoint   ] Safepoint "G1CollectForAllocation", Time since last: 2921997685 ns, Reaching safepoint: 57797 ns, Cleanup: 5899 ns, At safepoint: 2462210 ns, Total: 2525906 ns
[2025-08-28T13:05:14.539+0000][1088069][info ][gc,start    ] GC(145) Pause Young (Normal) (G1 Evacuation Pause)
[2025-08-28T13:05:14.539+0000][1088069][info ][gc,task     ] GC(145) Using 12 workers of 33 for evacuation
[2025-08-28T13:05:14.539+0000][1088069][debug][gc,age      ] GC(145) Desired survivor size 20971520 bytes, new threshold 15 (max threshold 15)
[2025-08-28T13:05:14.541+0000][1088069][info ][gc,phases   ] GC(145)   Pre Evacuate Collection Set: 0.2ms
[2025-08-28T13:05:14.541+0000][1088069][info ][gc,phases   ] GC(145)   Merge Heap Roots: 0.1ms
[2025-08-28T13:05:14.541+0000][1088069][info ][gc,phases   ] GC(145)   Evacuate Collection Set: 1.5ms
[2025-08-28T13:05:14.541+0000][1088069][info ][gc,phases   ] GC(145)   Post Evacuate Collection Set: 0.6ms
[2025-08-28T13:05:14.541+0000][1088069][info ][gc,phases   ] GC(145)   Other: 0.1ms
[2025-08-28T13:05:14.541+0000][1088069][trace][gc,age      ] GC(145) Age table with threshold 15 (max threshold 15)
[2025-08-28T13:05:14.541+0000][1088069][trace][gc,age      ] GC(145) - age   1:     673208 bytes,     673208 total
[2025-08-28T13:05:14.541+0000][1088069][trace][gc,age      ] GC(145) - age   2:        240 bytes,     673448 total
[2025-08-28T13:05:14.541+0000][1088069][trace][gc,age      ] GC(145) - age   4:         32 bytes,     673480 total
[2025-08-28T13:05:14.541+0000][1088069][trace][gc,age      ] GC(145) - age   5:         32 bytes,     673512 total
[2025-08-28T13:05:14.541+0000][1088069][trace][gc,age      ] GC(145) - age   6:         32 bytes,     673544 total
[2025-08-28T13:05:14.541+0000][1088069][trace][gc,age      ] GC(145) - age   7:     405736 bytes,    1079280 total
[2025-08-28T13:05:14.541+0000][1088069][trace][gc,age      ] GC(145) - age   8:      31632 bytes,    1110912 total
[2025-08-28T13:05:14.541+0000][1088069][trace][gc,age      ] GC(145) - age   9:       1560 bytes,    1112472 total
[2025-08-28T13:05:14.541+0000][1088069][trace][gc,age      ] GC(145) - age  11:         48 bytes,    1112520 total
[2025-08-28T13:05:14.541+0000][1088069][info ][gc,heap     ] GC(145) Eden regions: 75->0(75)
[2025-08-28T13:05:14.541+0000][1088069][info ][gc,heap     ] GC(145) Survivor regions: 1->1(10)
[2025-08-28T13:05:14.541+0000][1088069][info ][gc,heap     ] GC(145) Old regions: 25->25
[2025-08-28T13:05:14.541+0000][1088069][info ][gc,heap     ] GC(145) Humongous regions: 0->0
[2025-08-28T13:05:14.541+0000][1088069][info ][gc,metaspace] GC(145) Metaspace: 144855K(148928K)->144855K(148928K) NonClass: 125002K(127168K)->125002K(127168K) Class: 19853K(21760K)->19853K(21760K)
[2025-08-28T13:05:14.541+0000][1088069][info ][gc          ] GC(145) Pause Young (Normal) (G1 Evacuation Pause) 399M->100M(512M) 2.585ms
[2025-08-28T13:05:14.541+0000][1088069][info ][gc,cpu      ] GC(145) User=0.01s Sys=0.00s Real=0.01s
[2025-08-28T13:05:14.541+0000][1088069][info ][safepoint   ] Safepoint "G1CollectForAllocation", Time since last: 2923034953 ns, Reaching safepoint: 28874 ns, Cleanup: 6219 ns, At safepoint: 2736533 ns, Total: 2771626 ns
[2025-08-28T13:05:17.501+0000][1088069][info ][gc,start    ] GC(146) Pause Young (Normal) (G1 Evacuation Pause)
[2025-08-28T13:05:17.501+0000][1088069][info ][gc,task     ] GC(146) Using 12 workers of 33 for evacuation
[2025-08-28T13:05:17.501+0000][1088069][debug][gc,age      ] GC(146) Desired survivor size 20971520 bytes, new threshold 15 (max threshold 15)
[2025-08-28T13:05:17.503+0000][1088069][info ][gc,phases   ] GC(146)   Pre Evacuate Collection Set: 0.2ms
[2025-08-28T13:05:17.503+0000][1088069][info ][gc,phases   ] GC(146)   Merge Heap Roots: 0.1ms
[2025-08-28T13:05:17.503+0000][1088069][info ][gc,phases   ] GC(146)   Evacuate Collection Set: 1.6ms
[2025-08-28T13:05:17.503+0000][1088069][info ][gc,phases   ] GC(146)   Post Evacuate Collection Set: 0.5ms
[2025-08-28T13:05:17.503+0000][1088069][info ][gc,phases   ] GC(146)   Other: 0.1ms
[2025-08-28T13:05:17.503+0000][1088069][trace][gc,age      ] GC(146) Age table with threshold 15 (max threshold 15)
[2025-08-28T13:05:17.503+0000][1088069][trace][gc,age      ] GC(146) - age   1:     288800 bytes,     288800 total
[2025-08-28T13:05:17.503+0000][1088069][trace][gc,age      ] GC(146) - age   2:        936 bytes,     289736 total
[2025-08-28T13:05:17.503+0000][1088069][trace][gc,age      ] GC(146) - age   3:        240 bytes,     289976 total
[2025-08-28T13:05:17.503+0000][1088069][trace][gc,age      ] GC(146) - age   6:         32 bytes,     290008 total
[2025-08-28T13:05:17.503+0000][1088069][trace][gc,age      ] GC(146) - age   7:         32 bytes,     290040 total
[2025-08-28T13:05:17.503+0000][1088069][trace][gc,age      ] GC(146) - age   8:     405736 bytes,     695776 total
[2025-08-28T13:05:17.503+0000][1088069][trace][gc,age      ] GC(146) - age   9:      31632 bytes,     727408 total
[2025-08-28T13:05:17.503+0000][1088069][trace][gc,age      ] GC(146) - age  10:       1560 bytes,     728968 total
[2025-08-28T13:05:17.503+0000][1088069][trace][gc,age      ] GC(146) - age  12:         48 bytes,     729016 total
[2025-08-28T13:05:17.503+0000][1088069][info ][gc,heap     ] GC(146) Eden regions: 75->0(75)
[2025-08-28T13:05:17.503+0000][1088069][info ][gc,heap     ] GC(146) Survivor regions: 1->1(10)
[2025-08-28T13:05:17.503+0000][1088069][info ][gc,heap     ] GC(146) Old regions: 25->25
[2025-08-28T13:05:17.503+0000][1088069][info ][gc,heap     ] GC(146) Humongous regions: 0->0
[2025-08-28T13:05:17.503+0000][1088069][info ][gc,metaspace] GC(146) Metaspace: 144855K(148928K)->144855K(148928K) NonClass: 125002K(127168K)->125002K(127168K) Class: 19853K(21760K)->19853K(21760K)
[2025-08-28T13:05:17.503+0000][1088069][info ][gc          ] GC(146) Pause Young (Normal) (G1 Evacuation Pause) 400M->99M(512M) 2.727ms
[2025-08-28T13:05:17.503+0000][1088069][info ][gc,cpu      ] GC(146) User=0.01s Sys=0.00s Real=0.01s
[2025-08-28T13:05:17.503+0000][1088069][info ][safepoint   ] Safepoint "G1CollectForAllocation", Time since last: 2959242864 ns, Reaching safepoint: 64937 ns, Cleanup: 6080 ns, At safepoint: 2963253 ns, Total: 3034270 ns
[2025-08-28T13:05:20.426+0000][1088069][info ][gc,start    ] GC(147) Pause Young (Normal) (G1 Evacuation Pause)
[2025-08-28T13:05:20.426+0000][1088069][info ][gc,task     ] GC(147) Using 12 workers of 33 for evacuation
[2025-08-28T13:05:20.426+0000][1088069][debug][gc,age      ] GC(147) Desired survivor size 20971520 bytes, new threshold 15 (max threshold 15)
[2025-08-28T13:05:20.428+0000][1088069][info ][gc,phases   ] GC(147)   Pre Evacuate Collection Set: 0.2ms
[2025-08-28T13:05:20.428+0000][1088069][info ][gc,phases   ] GC(147)   Merge Heap Roots: 0.1ms
[2025-08-28T13:05:20.428+0000][1088069][info ][gc,phases   ] GC(147)   Evacuate Collection Set: 1.3ms
[2025-08-28T13:05:20.428+0000][1088069][info ][gc,phases   ] GC(147)   Post Evacuate Collection Set: 0.5ms
[2025-08-28T13:05:20.428+0000][1088069][info ][gc,phases   ] GC(147)   Other: 0.1ms
[2025-08-28T13:05:20.428+0000][1088069][trace][gc,age      ] GC(147) Age table with threshold 15 (max threshold 15)
[2025-08-28T13:05:20.428+0000][1088069][trace][gc,age      ] GC(147) - age   1:     674488 bytes,     674488 total
[2025-08-28T13:05:20.428+0000][1088069][trace][gc,age      ] GC(147) - age   3:        224 bytes,     674712 total
[2025-08-28T13:05:20.428+0000][1088069][trace][gc,age      ] GC(147) - age   4:        240 bytes,     674952 total
[2025-08-28T13:05:20.428+0000][1088069][trace][gc,age      ] GC(147) - age   7:         32 bytes,     674984 total
[2025-08-28T13:05:20.428+0000][1088069][trace][gc,age      ] GC(147) - age   8:         32 bytes,     675016 total
[2025-08-28T13:05:20.428+0000][1088069][trace][gc,age      ] GC(147) - age   9:     405736 bytes,    1080752 total
[2025-08-28T13:05:20.428+0000][1088069][trace][gc,age      ] GC(147) - age  10:      31632 bytes,    1112384 total
[2025-08-28T13:05:20.428+0000][1088069][trace][gc,age      ] GC(147) - age  11:       1384 bytes,    1113768 total
[2025-08-28T13:05:20.428+0000][1088069][trace][gc,age      ] GC(147) - age  13:         48 bytes,    1113816 total
[2025-08-28T13:05:20.428+0000][1088069][info ][gc,heap     ] GC(147) Eden regions: 75->0(75)
[2025-08-28T13:05:20.428+0000][1088069][info ][gc,heap     ] GC(147) Survivor regions: 1->1(10)
[2025-08-28T13:05:20.428+0000][1088069][info ][gc,heap     ] GC(147) Old regions: 25->25
[2025-08-28T13:05:20.428+0000][1088069][info ][gc,heap     ] GC(147) Humongous regions: 0->0
[2025-08-28T13:05:20.428+0000][1088069][info ][gc,metaspace] GC(147) Metaspace: 144855K(148928K)->144855K(148928K) NonClass: 125002K(127168K)->125002K(127168K) Class: 19853K(21760K)->19853K(21760K)
[2025-08-28T13:05:20.428+0000][1088069][info ][gc          ] GC(147) Pause Young (Normal) (G1 Evacuation Pause) 399M->100M(512M) 2.307ms
[2025-08-28T13:05:20.428+0000][1088069][info ][gc,cpu      ] GC(147) User=0.01s Sys=0.00s Real=0.00s
[2025-08-28T13:05:20.428+0000][1088069][info ][safepoint   ] Safepoint "G1CollectForAllocation", Time since last: 2922280107 ns, Reaching safepoint: 29134 ns, Cleanup: 5898 ns, At safepoint: 2456151 ns, Total: 2491183 ns
[2025-08-28T13:05:22.428+0000][1088069][info ][safepoint   ] Safepoint "Cleanup", Time since last: 2000157779 ns, Reaching safepoint: 59610 ns, Cleanup: 22113 ns, At safepoint: 3255 ns, Total: 84978 ns
[2025-08-28T13:05:23.350+0000][1088069][info ][gc,start    ] GC(148) Pause Young (Normal) (G1 Evacuation Pause)
[2025-08-28T13:05:23.350+0000][1088069][info ][gc,task     ] GC(148) Using 12 workers of 33 for evacuation
[2025-08-28T13:05:23.350+0000][1088069][debug][gc,age      ] GC(148) Desired survivor size 20971520 bytes, new threshold 15 (max threshold 15)
[2025-08-28T13:05:23.353+0000][1088069][info ][gc,phases   ] GC(148)   Pre Evacuate Collection Set: 0.2ms
[2025-08-28T13:05:23.353+0000][1088069][info ][gc,phases   ] GC(148)   Merge Heap Roots: 0.1ms
[2025-08-28T13:05:23.353+0000][1088069][info ][gc,phases   ] GC(148)   Evacuate Collection Set: 1.7ms
[2025-08-28T13:05:23.353+0000][1088069][info ][gc,phases   ] GC(148)   Post Evacuate Collection Set: 0.5ms
[2025-08-28T13:05:23.353+0000][1088069][info ][gc,phases   ] GC(148)   Other: 0.1ms
[2025-08-28T13:05:23.353+0000][1088069][trace][gc,age      ] GC(148) Age table with threshold 15 (max threshold 15)
[2025-08-28T13:05:23.353+0000][1088069][trace][gc,age      ] GC(148) - age   1:      16016 bytes,      16016 total
[2025-08-28T13:05:23.353+0000][1088069][trace][gc,age      ] GC(148) - age   2:        920 bytes,      16936 total
[2025-08-28T13:05:23.353+0000][1088069][trace][gc,age      ] GC(148) - age   4:        224 bytes,      17160 total
[2025-08-28T13:05:23.353+0000][1088069][trace][gc,age      ] GC(148) - age   8:         32 bytes,      17192 total
[2025-08-28T13:05:23.353+0000][1088069][trace][gc,age      ] GC(148) - age   9:         32 bytes,      17224 total
[2025-08-28T13:05:23.353+0000][1088069][trace][gc,age      ] GC(148) - age  10:     405736 bytes,     422960 total
[2025-08-28T13:05:23.353+0000][1088069][trace][gc,age      ] GC(148) - age  11:      24648 bytes,     447608 total
[2025-08-28T13:05:23.353+0000][1088069][trace][gc,age      ] GC(148) - age  12:       1384 bytes,     448992 total
[2025-08-28T13:05:23.353+0000][1088069][trace][gc,age      ] GC(148) - age  14:         48 bytes,     449040 total
[2025-08-28T13:05:23.353+0000][1088069][info ][gc,heap     ] GC(148) Eden regions: 75->0(75)
[2025-08-28T13:05:23.353+0000][1088069][info ][gc,heap     ] GC(148) Survivor regions: 1->1(10)
[2025-08-28T13:05:23.353+0000][1088069][info ][gc,heap     ] GC(148) Old regions: 25->25
[2025-08-28T13:05:23.353+0000][1088069][info ][gc,heap     ] GC(148) Humongous regions: 0->0
[2025-08-28T13:05:23.353+0000][1088069][info ][gc,metaspace] GC(148) Metaspace: 144857K(148928K)->144857K(148928K) NonClass: 125003K(127168K)->125003K(127168K) Class: 19853K(21760K)->19853K(21760K)
[2025-08-28T13:05:23.353+0000][1088069][info ][gc          ] GC(148) Pause Young (Normal) (G1 Evacuation Pause) 400M->99M(512M) 2.677ms
[2025-08-28T13:05:23.353+0000][1088069][info ][gc,cpu      ] GC(148) User=0.01s Sys=0.00s Real=0.01s
[2025-08-28T13:05:23.353+0000][1088069][info ][safepoint   ] Safepoint "G1CollectForAllocation", Time since last: 921833011 ns, Reaching safepoint: 28272 ns, Cleanup: 5809 ns, At safepoint: 2930524 ns, Total: 2964605 ns
[2025-08-28T13:05:24.353+0000][1088069][info ][safepoint   ] Safepoint "Cleanup", Time since last: 1000093892 ns, Reaching safepoint: 26910 ns, Cleanup: 15854 ns, At safepoint: 2914 ns, Total: 45678 ns
[2025-08-28T13:05:26.275+0000][1088069][info ][gc,start    ] GC(149) Pause Young (Normal) (G1 Evacuation Pause)
[2025-08-28T13:05:26.276+0000][1088069][info ][gc,task     ] GC(149) Using 12 workers of 33 for evacuation
[2025-08-28T13:05:26.276+0000][1088069][debug][gc,age      ] GC(149) Desired survivor size 20971520 bytes, new threshold 15 (max threshold 15)
[2025-08-28T13:05:26.278+0000][1088069][info ][gc,phases   ] GC(149)   Pre Evacuate Collection Set: 0.2ms
[2025-08-28T13:05:26.278+0000][1088069][info ][gc,phases   ] GC(149)   Merge Heap Roots: 0.1ms
[2025-08-28T13:05:26.278+0000][1088069][info ][gc,phases   ] GC(149)   Evacuate Collection Set: 1.7ms
[2025-08-28T13:05:26.278+0000][1088069][info ][gc,phases   ] GC(149)   Post Evacuate Collection Set: 0.5ms
[2025-08-28T13:05:26.278+0000][1088069][info ][gc,phases   ] GC(149)   Other: 0.1ms
[2025-08-28T13:05:26.278+0000][1088069][trace][gc,age      ] GC(149) Age table with threshold 15 (max threshold 15)
[2025-08-28T13:05:26.278+0000][1088069][trace][gc,age      ] GC(149) - age   1:       8936 bytes,       8936 total
[2025-08-28T13:05:26.278+0000][1088069][trace][gc,age      ] GC(149) - age   2:       7824 bytes,      16760 total
[2025-08-28T13:05:26.278+0000][1088069][trace][gc,age      ] GC(149) - age   3:        176 bytes,      16936 total
[2025-08-28T13:05:26.278+0000][1088069][trace][gc,age      ] GC(149) - age   5:        224 bytes,      17160 total
[2025-08-28T13:05:26.278+0000][1088069][trace][gc,age      ] GC(149) - age   9:         32 bytes,      17192 total
[2025-08-28T13:05:26.278+0000][1088069][trace][gc,age      ] GC(149) - age  10:         32 bytes,      17224 total
[2025-08-28T13:05:26.278+0000][1088069][trace][gc,age      ] GC(149) - age  11:     405736 bytes,     422960 total
[2025-08-28T13:05:26.278+0000][1088069][trace][gc,age      ] GC(149) - age  12:      24648 bytes,     447608 total
[2025-08-28T13:05:26.278+0000][1088069][trace][gc,age      ] GC(149) - age  13:       1384 bytes,     448992 total
[2025-08-28T13:05:26.278+0000][1088069][trace][gc,age      ] GC(149) - age  15:         48 bytes,     449040 total
[2025-08-28T13:05:26.278+0000][1088069][info ][gc,heap     ] GC(149) Eden regions: 75->0(75)
[2025-08-28T13:05:26.278+0000][1088069][info ][gc,heap     ] GC(149) Survivor regions: 1->1(10)
[2025-08-28T13:05:26.278+0000][1088069][info ][gc,heap     ] GC(149) Old regions: 25->25
[2025-08-28T13:05:26.278+0000][1088069][info ][gc,heap     ] GC(149) Humongous regions: 0->0
[2025-08-28T13:05:26.278+0000][1088069][info ][gc,metaspace] GC(149) Metaspace: 144857K(148928K)->144857K(148928K) NonClass: 125003K(127168K)->125003K(127168K) Class: 19853K(21760K)->19853K(21760K)
[2025-08-28T13:05:26.278+0000][1088069][info ][gc          ] GC(149) Pause Young (Normal) (G1 Evacuation Pause) 399M->99M(512M) 2.597ms
[2025-08-28T13:05:26.278+0000][1088069][info ][gc,cpu      ] GC(149) User=0.01s Sys=0.00s Real=0.00s
[2025-08-28T13:05:26.278+0000][1088069][info ][safepoint   ] Safepoint "G1CollectForAllocation", Time since last: 1921934775 ns, Reaching safepoint: 59990 ns, Cleanup: 5238 ns, At safepoint: 2738395 ns, Total: 2803623 ns
[2025-08-28T13:05:29.426+0000][1088069][info ][gc,start    ] GC(150) Pause Young (Normal) (G1 Evacuation Pause)
[2025-08-28T13:05:29.426+0000][1088069][info ][gc,task     ] GC(150) Using 12 workers of 33 for evacuation
[2025-08-28T13:05:29.426+0000][1088069][debug][gc,age      ] GC(150) Desired survivor size 20971520 bytes, new threshold 15 (max threshold 15)
[2025-08-28T13:05:29.428+0000][1088069][info ][gc,phases   ] GC(150)   Pre Evacuate Collection Set: 0.2ms
[2025-08-28T13:05:29.428+0000][1088069][info ][gc,phases   ] GC(150)   Merge Heap Roots: 0.1ms
[2025-08-28T13:05:29.428+0000][1088069][info ][gc,phases   ] GC(150)   Evacuate Collection Set: 1.8ms
[2025-08-28T13:05:29.428+0000][1088069][info ][gc,phases   ] GC(150)   Post Evacuate Collection Set: 0.5ms
[2025-08-28T13:05:29.428+0000][1088069][info ][gc,phases   ] GC(150)   Other: 0.1ms
[2025-08-28T13:05:29.428+0000][1088069][trace][gc,age      ] GC(150) Age table with threshold 15 (max threshold 15)
[2025-08-28T13:05:29.428+0000][1088069][trace][gc,age      ] GC(150) - age   1:       8936 bytes,       8936 total
[2025-08-28T13:05:29.428+0000][1088069][trace][gc,age      ] GC(150) - age   3:       7824 bytes,      16760 total
[2025-08-28T13:05:29.428+0000][1088069][trace][gc,age      ] GC(150) - age   4:        176 bytes,      16936 total
[2025-08-28T13:05:29.428+0000][1088069][trace][gc,age      ] GC(150) - age   6:        224 bytes,      17160 total
[2025-08-28T13:05:29.428+0000][1088069][trace][gc,age      ] GC(150) - age  10:         32 bytes,      17192 total
[2025-08-28T13:05:29.428+0000][1088069][trace][gc,age      ] GC(150) - age  11:         32 bytes,      17224 total
[2025-08-28T13:05:29.428+0000][1088069][trace][gc,age      ] GC(150) - age  12:     405736 bytes,     422960 total
[2025-08-28T13:05:29.428+0000][1088069][trace][gc,age      ] GC(150) - age  13:      24648 bytes,     447608 total
[2025-08-28T13:05:29.428+0000][1088069][trace][gc,age      ] GC(150) - age  14:       1384 bytes,     448992 total
[2025-08-28T13:05:29.428+0000][1088069][info ][gc,heap     ] GC(150) Eden regions: 75->0(75)
[2025-08-28T13:05:29.428+0000][1088069][info ][gc,heap     ] GC(150) Survivor regions: 1->1(10)
[2025-08-28T13:05:29.428+0000][1088069][info ][gc,heap     ] GC(150) Old regions: 25->25
[2025-08-28T13:05:29.428+0000][1088069][info ][gc,heap     ] GC(150) Humongous regions: 0->0
[2025-08-28T13:05:29.428+0000][1088069][info ][gc,metaspace] GC(150) Metaspace: 144857K(148928K)->144857K(148928K) NonClass: 125003K(127168K)->125003K(127168K) Class: 19853K(21760K)->19853K(21760K)
[2025-08-28T13:05:29.428+0000][1088069][info ][gc          ] GC(150) Pause Young (Normal) (G1 Evacuation Pause) 399M->99M(512M) 2.745ms
[2025-08-28T13:05:29.428+0000][1088069][info ][gc,cpu      ] GC(150) User=0.01s Sys=0.00s Real=0.00s
[2025-08-28T13:05:29.428+0000][1088069][info ][safepoint   ] Safepoint "G1CollectForAllocation", Time since last: 3147372717 ns, Reaching safepoint: 26099 ns, Cleanup: 4827 ns, At safepoint: 2893628 ns, Total: 2924554 ns
[2025-08-28T13:05:32.276+0000][1088069][info ][gc,start    ] GC(151) Pause Young (Normal) (G1 Evacuation Pause)
[2025-08-28T13:05:32.276+0000][1088069][info ][gc,task     ] GC(151) Using 12 workers of 33 for evacuation
[2025-08-28T13:05:32.276+0000][1088069][debug][gc,age      ] GC(151) Desired survivor size 20971520 bytes, new threshold 15 (max threshold 15)
[2025-08-28T13:05:32.278+0000][1088069][info ][gc,phases   ] GC(151)   Pre Evacuate Collection Set: 0.2ms
[2025-08-28T13:05:32.278+0000][1088069][info ][gc,phases   ] GC(151)   Merge Heap Roots: 0.1ms
[2025-08-28T13:05:32.278+0000][1088069][info ][gc,phases   ] GC(151)   Evacuate Collection Set: 1.8ms
[2025-08-28T13:05:32.278+0000][1088069][info ][gc,phases   ] GC(151)   Post Evacuate Collection Set: 0.4ms
[2025-08-28T13:05:32.278+0000][1088069][info ][gc,phases   ] GC(151)   Other: 0.1ms
[2025-08-28T13:05:32.278+0000][1088069][trace][gc,age      ] GC(151) Age table with threshold 15 (max threshold 15)
[2025-08-28T13:05:32.278+0000][1088069][trace][gc,age      ] GC(151) - age   1:     107504 bytes,     107504 total
[2025-08-28T13:05:32.278+0000][1088069][trace][gc,age      ] GC(151) - age   2:        744 bytes,     108248 total
[2025-08-28T13:05:32.278+0000][1088069][trace][gc,age      ] GC(151) - age   4:       7584 bytes,     115832 total
[2025-08-28T13:05:32.278+0000][1088069][trace][gc,age      ] GC(151) - age   5:        176 bytes,     116008 total
[2025-08-28T13:05:32.278+0000][1088069][trace][gc,age      ] GC(151) - age   7:        224 bytes,     116232 total
[2025-08-28T13:05:32.278+0000][1088069][trace][gc,age      ] GC(151) - age  11:         32 bytes,     116264 total
[2025-08-28T13:05:32.278+0000][1088069][trace][gc,age      ] GC(151) - age  12:         32 bytes,     116296 total
[2025-08-28T13:05:32.278+0000][1088069][trace][gc,age      ] GC(151) - age  13:     405736 bytes,     522032 total
[2025-08-28T13:05:32.278+0000][1088069][trace][gc,age      ] GC(151) - age  14:      24648 bytes,     546680 total
[2025-08-28T13:05:32.278+0000][1088069][trace][gc,age      ] GC(151) - age  15:       1384 bytes,     548064 total
[2025-08-28T13:05:32.278+0000][1088069][info ][gc,heap     ] GC(151) Eden regions: 75->0(75)
[2025-08-28T13:05:32.278+0000][1088069][info ][gc,heap     ] GC(151) Survivor regions: 1->1(10)
[2025-08-28T13:05:32.278+0000][1088069][info ][gc,heap     ] GC(151) Old regions: 25->25
[2025-08-28T13:05:32.278+0000][1088069][info ][gc,heap     ] GC(151) Humongous regions: 0->0
[2025-08-28T13:05:32.278+0000][1088069][info ][gc,metaspace] GC(151) Metaspace: 144857K(148928K)->144857K(148928K) NonClass: 125003K(127168K)->125003K(127168K) Class: 19853K(21760K)->19853K(21760K)
[2025-08-28T13:05:32.278+0000][1088069][info ][gc          ] GC(151) Pause Young (Normal) (G1 Evacuation Pause) 399M->99M(512M) 2.643ms
[2025-08-28T13:05:32.278+0000][1088069][info ][gc,cpu      ] GC(151) User=0.01s Sys=0.00s Real=0.00s
[2025-08-28T13:05:32.278+0000][1088069][info ][safepoint   ] Safepoint "G1CollectForAllocation", Time since last: 2846947835 ns, Reaching safepoint: 58538 ns, Cleanup: 5087 ns, At safepoint: 2777764 ns, Total: 2841389 ns
[2025-08-28T13:05:35.201+0000][1088069][info ][gc,start    ] GC(152) Pause Young (Normal) (G1 Evacuation Pause)
[2025-08-28T13:05:35.201+0000][1088069][info ][gc,task     ] GC(152) Using 12 workers of 33 for evacuation
[2025-08-28T13:05:35.201+0000][1088069][debug][gc,age      ] GC(152) Desired survivor size 20971520 bytes, new threshold 15 (max threshold 15)
[2025-08-28T13:05:35.203+0000][1088069][info ][gc,phases   ] GC(152)   Pre Evacuate Collection Set: 0.2ms
[2025-08-28T13:05:35.203+0000][1088069][info ][gc,phases   ] GC(152)   Merge Heap Roots: 0.1ms
[2025-08-28T13:05:35.203+0000][1088069][info ][gc,phases   ] GC(152)   Evacuate Collection Set: 1.7ms
[2025-08-28T13:05:35.203+0000][1088069][info ][gc,phases   ] GC(152)   Post Evacuate Collection Set: 0.5ms
[2025-08-28T13:05:35.203+0000][1088069][info ][gc,phases   ] GC(152)   Other: 0.1ms
[2025-08-28T13:05:35.203+0000][1088069][trace][gc,age      ] GC(152) Age table with threshold 15 (max threshold 15)
[2025-08-28T13:05:35.203+0000][1088069][trace][gc,age      ] GC(152) - age   1:     471208 bytes,     471208 total
[2025-08-28T13:05:35.203+0000][1088069][trace][gc,age      ] GC(152) - age   2:        240 bytes,     471448 total
[2025-08-28T13:05:35.203+0000][1088069][trace][gc,age      ] GC(152) - age   3:         32 bytes,     471480 total
[2025-08-28T13:05:35.203+0000][1088069][trace][gc,age      ] GC(152) - age   5:       7584 bytes,     479064 total
[2025-08-28T13:05:35.203+0000][1088069][trace][gc,age      ] GC(152) - age   6:        176 bytes,     479240 total
[2025-08-28T13:05:35.203+0000][1088069][trace][gc,age      ] GC(152) - age  12:         32 bytes,     479272 total
[2025-08-28T13:05:35.203+0000][1088069][trace][gc,age      ] GC(152) - age  13:         32 bytes,     479304 total
[2025-08-28T13:05:35.203+0000][1088069][trace][gc,age      ] GC(152) - age  14:     405736 bytes,     885040 total
[2025-08-28T13:05:35.203+0000][1088069][trace][gc,age      ] GC(152) - age  15:      24648 bytes,     909688 total
[2025-08-28T13:05:35.203+0000][1088069][info ][gc,heap     ] GC(152) Eden regions: 75->0(75)
[2025-08-28T13:05:35.203+0000][1088069][info ][gc,heap     ] GC(152) Survivor regions: 1->1(10)
[2025-08-28T13:05:35.203+0000][1088069][info ][gc,heap     ] GC(152) Old regions: 25->25
[2025-08-28T13:05:35.203+0000][1088069][info ][gc,heap     ] GC(152) Humongous regions: 0->0
[2025-08-28T13:05:35.203+0000][1088069][info ][gc,metaspace] GC(152) Metaspace: 144857K(148928K)->144857K(148928K) NonClass: 125003K(127168K)->125003K(127168K) Class: 19853K(21760K)->19853K(21760K)
[2025-08-28T13:05:35.203+0000][1088069][info ][gc          ] GC(152) Pause Young (Normal) (G1 Evacuation Pause) 399M->100M(512M) 2.696ms
[2025-08-28T13:05:35.203+0000][1088069][info ][gc,cpu      ] GC(152) User=0.01s Sys=0.00s Real=0.01s
[2025-08-28T13:05:35.203+0000][1088069][info ][safepoint   ] Safepoint "G1CollectForAllocation", Time since last: 2922238502 ns, Reaching safepoint: 27281 ns, Cleanup: 5819 ns, At safepoint: 2841840 ns, Total: 2874940 ns
[2025-08-28T13:05:38.151+0000][1088069][info ][gc,start    ] GC(153) Pause Young (Normal) (G1 Evacuation Pause)
[2025-08-28T13:05:38.151+0000][1088069][info ][gc,task     ] GC(153) Using 12 workers of 33 for evacuation
[2025-08-28T13:05:38.151+0000][1088069][debug][gc,age      ] GC(153) Desired survivor size 20971520 bytes, new threshold 15 (max threshold 15)
[2025-08-28T13:05:38.153+0000][1088069][info ][gc,phases   ] GC(153)   Pre Evacuate Collection Set: 0.2ms
[2025-08-28T13:05:38.153+0000][1088069][info ][gc,phases   ] GC(153)   Merge Heap Roots: 0.1ms
[2025-08-28T13:05:38.153+0000][1088069][info ][gc,phases   ] GC(153)   Evacuate Collection Set: 1.5ms
[2025-08-28T13:05:38.153+0000][1088069][info ][gc,phases   ] GC(153)   Post Evacuate Collection Set: 0.5ms
[2025-08-28T13:05:38.153+0000][1088069][info ][gc,phases   ] GC(153)   Other: 0.1ms
[2025-08-28T13:05:38.153+0000][1088069][trace][gc,age      ] GC(153) Age table with threshold 15 (max threshold 15)
[2025-08-28T13:05:38.153+0000][1088069][trace][gc,age      ] GC(153) - age   1:     640336 bytes,     640336 total
[2025-08-28T13:05:38.153+0000][1088069][trace][gc,age      ] GC(153) - age   2:        936 bytes,     641272 total
[2025-08-28T13:05:38.153+0000][1088069][trace][gc,age      ] GC(153) - age   3:        240 bytes,     641512 total
[2025-08-28T13:05:38.153+0000][1088069][trace][gc,age      ] GC(153) - age   6:       7584 bytes,     649096 total
[2025-08-28T13:05:38.153+0000][1088069][trace][gc,age      ] GC(153) - age   7:        176 bytes,     649272 total
[2025-08-28T13:05:38.153+0000][1088069][trace][gc,age      ] GC(153) - age  13:         32 bytes,     649304 total
[2025-08-28T13:05:38.153+0000][1088069][trace][gc,age      ] GC(153) - age  14:         32 bytes,     649336 total
[2025-08-28T13:05:38.153+0000][1088069][trace][gc,age      ] GC(153) - age  15:     405736 bytes,    1055072 total
[2025-08-28T13:05:38.153+0000][1088069][info ][gc,heap     ] GC(153) Eden regions: 75->0(75)
[2025-08-28T13:05:38.153+0000][1088069][info ][gc,heap     ] GC(153) Survivor regions: 1->1(10)
[2025-08-28T13:05:38.153+0000][1088069][info ][gc,heap     ] GC(153) Old regions: 25->25
[2025-08-28T13:05:38.153+0000][1088069][info ][gc,heap     ] GC(153) Humongous regions: 0->0
[2025-08-28T13:05:38.153+0000][1088069][info ][gc,metaspace] GC(153) Metaspace: 144857K(148928K)->144857K(148928K) NonClass: 125003K(127168K)->125003K(127168K) Class: 19853K(21760K)->19853K(21760K)
[2025-08-28T13:05:38.153+0000][1088069][info ][gc          ] GC(153) Pause Young (Normal) (G1 Evacuation Pause) 400M->100M(512M) 2.485ms
[2025-08-28T13:05:38.153+0000][1088069][info ][gc,cpu      ] GC(153) User=0.01s Sys=0.00s Real=0.00s
[2025-08-28T13:05:38.153+0000][1088069][info ][safepoint   ] Safepoint "G1CollectForAllocation", Time since last: 2947203677 ns, Reaching safepoint: 62063 ns, Cleanup: 6640 ns, At safepoint: 2641059 ns, Total: 2709762 ns
[2025-08-28T13:05:41.088+0000][1088069][info ][gc,start    ] GC(154) Pause Young (Normal) (G1 Evacuation Pause)
[2025-08-28T13:05:41.088+0000][1088069][info ][gc,task     ] GC(154) Using 12 workers of 33 for evacuation
[2025-08-28T13:05:41.088+0000][1088069][debug][gc,age      ] GC(154) Desired survivor size 20971520 bytes, new threshold 15 (max threshold 15)
[2025-08-28T13:05:41.090+0000][1088069][info ][gc,phases   ] GC(154)   Pre Evacuate Collection Set: 0.2ms
[2025-08-28T13:05:41.090+0000][1088069][info ][gc,phases   ] GC(154)   Merge Heap Roots: 0.1ms
[2025-08-28T13:05:41.090+0000][1088069][info ][gc,phases   ] GC(154)   Evacuate Collection Set: 1.3ms
[2025-08-28T13:05:41.090+0000][1088069][info ][gc,phases   ] GC(154)   Post Evacuate Collection Set: 0.3ms
[2025-08-28T13:05:41.090+0000][1088069][info ][gc,phases   ] GC(154)   Other: 0.1ms
[2025-08-28T13:05:41.090+0000][1088069][trace][gc,age      ] GC(154) Age table with threshold 15 (max threshold 15)
[2025-08-28T13:05:41.090+0000][1088069][trace][gc,age      ] GC(154) - age   1:       7000 bytes,       7000 total
[2025-08-28T13:05:41.090+0000][1088069][trace][gc,age      ] GC(154) - age   3:        224 bytes,       7224 total
[2025-08-28T13:05:41.090+0000][1088069][trace][gc,age      ] GC(154) - age   4:        240 bytes,       7464 total
[2025-08-28T13:05:41.090+0000][1088069][trace][gc,age      ] GC(154) - age   7:       7584 bytes,      15048 total
[2025-08-28T13:05:41.090+0000][1088069][trace][gc,age      ] GC(154) - age   8:        176 bytes,      15224 total
[2025-08-28T13:05:41.090+0000][1088069][trace][gc,age      ] GC(154) - age  14:         32 bytes,      15256 total
[2025-08-28T13:05:41.090+0000][1088069][trace][gc,age      ] GC(154) - age  15:         32 bytes,      15288 total
[2025-08-28T13:05:41.090+0000][1088069][info ][gc,heap     ] GC(154) Eden regions: 75->0(75)
[2025-08-28T13:05:41.090+0000][1088069][info ][gc,heap     ] GC(154) Survivor regions: 1->1(10)
[2025-08-28T13:05:41.090+0000][1088069][info ][gc,heap     ] GC(154) Old regions: 25->25
[2025-08-28T13:05:41.090+0000][1088069][info ][gc,heap     ] GC(154) Humongous regions: 0->0
[2025-08-28T13:05:41.090+0000][1088069][info ][gc,metaspace] GC(154) Metaspace: 144857K(148928K)->144857K(148928K) NonClass: 125003K(127168K)->125003K(127168K) Class: 19853K(21760K)->19853K(21760K)
[2025-08-28T13:05:41.090+0000][1088069][info ][gc          ] GC(154) Pause Young (Normal) (G1 Evacuation Pause) 400M->99M(512M) 2.148ms
[2025-08-28T13:05:41.090+0000][1088069][info ][gc,cpu      ] GC(154) User=0.01s Sys=0.01s Real=0.00s
[2025-08-28T13:05:41.090+0000][1088069][info ][safepoint   ] Safepoint "G1CollectForAllocation", Time since last: 2934619156 ns, Reaching safepoint: 27481 ns, Cleanup: 6220 ns, At safepoint: 2297252 ns, Total: 2330953 ns
[2025-08-28T13:05:43.965+0000][1088069][info ][gc,start    ] GC(155) Pause Young (Normal) (G1 Evacuation Pause)
[2025-08-28T13:05:43.965+0000][1088069][info ][gc,task     ] GC(155) Using 12 workers of 33 for evacuation
[2025-08-28T13:05:43.965+0000][1088069][debug][gc,age      ] GC(155) Desired survivor size 20971520 bytes, new threshold 15 (max threshold 15)
[2025-08-28T13:05:43.967+0000][1088069][info ][gc,phases   ] GC(155)   Pre Evacuate Collection Set: 0.2ms
[2025-08-28T13:05:43.967+0000][1088069][info ][gc,phases   ] GC(155)   Merge Heap Roots: 0.1ms
[2025-08-28T13:05:43.967+0000][1088069][info ][gc,phases   ] GC(155)   Evacuate Collection Set: 1.6ms
[2025-08-28T13:05:43.967+0000][1088069][info ][gc,phases   ] GC(155)   Post Evacuate Collection Set: 0.3ms
[2025-08-28T13:05:43.967+0000][1088069][info ][gc,phases   ] GC(155)   Other: 0.1ms
[2025-08-28T13:05:43.967+0000][1088069][trace][gc,age      ] GC(155) Age table with threshold 15 (max threshold 15)
[2025-08-28T13:05:43.967+0000][1088069][trace][gc,age      ] GC(155) - age   1:       8464 bytes,       8464 total
[2025-08-28T13:05:43.967+0000][1088069][trace][gc,age      ] GC(155) - age   2:        712 bytes,       9176 total
[2025-08-28T13:05:43.967+0000][1088069][trace][gc,age      ] GC(155) - age   4:        224 bytes,       9400 total
[2025-08-28T13:05:43.967+0000][1088069][trace][gc,age      ] GC(155) - age   8:       7584 bytes,      16984 total
[2025-08-28T13:05:43.967+0000][1088069][trace][gc,age      ] GC(155) - age   9:        176 bytes,      17160 total
[2025-08-28T13:05:43.967+0000][1088069][trace][gc,age      ] GC(155) - age  15:         32 bytes,      17192 total
[2025-08-28T13:05:43.967+0000][1088069][info ][gc,heap     ] GC(155) Eden regions: 75->0(75)
[2025-08-28T13:05:43.967+0000][1088069][info ][gc,heap     ] GC(155) Survivor regions: 1->1(10)
[2025-08-28T13:05:43.967+0000][1088069][info ][gc,heap     ] GC(155) Old regions: 25->25
[2025-08-28T13:05:43.967+0000][1088069][info ][gc,heap     ] GC(155) Humongous regions: 0->0
[2025-08-28T13:05:43.967+0000][1088069][info ][gc,metaspace] GC(155) Metaspace: 144857K(148928K)->144857K(148928K) NonClass: 125003K(127168K)->125003K(127168K) Class: 19853K(21760K)->19853K(21760K)
[2025-08-28T13:05:43.967+0000][1088069][info ][gc          ] GC(155) Pause Young (Normal) (G1 Evacuation Pause) 399M->99M(512M) 2.446ms
[2025-08-28T13:05:43.967+0000][1088069][info ][gc,cpu      ] GC(155) User=0.01s Sys=0.01s Real=0.00s
[2025-08-28T13:05:43.967+0000][1088069][info ][safepoint   ] Safepoint "G1CollectForAllocation", Time since last: 2874707528 ns, Reaching safepoint: 29825 ns, Cleanup: 5989 ns, At safepoint: 2597132 ns, Total: 2632946 ns
[2025-08-28T13:05:46.891+0000][1088069][info ][gc,start    ] GC(156) Pause Young (Normal) (G1 Evacuation Pause)
[2025-08-28T13:05:46.891+0000][1088069][info ][gc,task     ] GC(156) Using 12 workers of 33 for evacuation
[2025-08-28T13:05:46.891+0000][1088069][debug][gc,age      ] GC(156) Desired survivor size 20971520 bytes, new threshold 15 (max threshold 15)
[2025-08-28T13:05:46.892+0000][1088069][info ][gc,phases   ] GC(156)   Pre Evacuate Collection Set: 0.2ms
[2025-08-28T13:05:46.892+0000][1088069][info ][gc,phases   ] GC(156)   Merge Heap Roots: 0.1ms
[2025-08-28T13:05:46.892+0000][1088069][info ][gc,phases   ] GC(156)   Evacuate Collection Set: 1.2ms
[2025-08-28T13:05:46.892+0000][1088069][info ][gc,phases   ] GC(156)   Post Evacuate Collection Set: 0.3ms
[2025-08-28T13:05:46.892+0000][1088069][info ][gc,phases   ] GC(156)   Other: 0.1ms
[2025-08-28T13:05:46.892+0000][1088069][trace][gc,age      ] GC(156) Age table with threshold 15 (max threshold 15)
[2025-08-28T13:05:46.892+0000][1088069][trace][gc,age      ] GC(156) - age   1:     622920 bytes,     622920 total
[2025-08-28T13:05:46.892+0000][1088069][trace][gc,age      ] GC(156) - age   2:        240 bytes,     623160 total
[2025-08-28T13:05:46.892+0000][1088069][trace][gc,age      ] GC(156) - age   5:        224 bytes,     623384 total
[2025-08-28T13:05:46.892+0000][1088069][trace][gc,age      ] GC(156) - age   9:       7584 bytes,     630968 total
[2025-08-28T13:05:46.892+0000][1088069][trace][gc,age      ] GC(156) - age  10:        176 bytes,     631144 total
[2025-08-28T13:05:46.892+0000][1088069][info ][gc,heap     ] GC(156) Eden regions: 75->0(75)
[2025-08-28T13:05:46.892+0000][1088069][info ][gc,heap     ] GC(156) Survivor regions: 1->1(10)
[2025-08-28T13:05:46.892+0000][1088069][info ][gc,heap     ] GC(156) Old regions: 25->25
[2025-08-28T13:05:46.892+0000][1088069][info ][gc,heap     ] GC(156) Humongous regions: 0->0
[2025-08-28T13:05:46.892+0000][1088069][info ][gc,metaspace] GC(156) Metaspace: 144857K(148928K)->144857K(148928K) NonClass: 125003K(127168K)->125003K(127168K) Class: 19853K(21760K)->19853K(21760K)
[2025-08-28T13:05:46.892+0000][1088069][info ][gc          ] GC(156) Pause Young (Normal) (G1 Evacuation Pause) 399M->100M(512M) 1.973ms
[2025-08-28T13:05:46.892+0000][1088069][info ][gc,cpu      ] GC(156) User=0.01s Sys=0.00s Real=0.01s
[2025-08-28T13:05:46.893+0000][1088069][info ][safepoint   ] Safepoint "G1CollectForAllocation", Time since last: 2922833256 ns, Reaching safepoint: 63456 ns, Cleanup: 5949 ns, At safepoint: 2115789 ns, Total: 2185194 ns
[2025-08-28T13:05:49.828+0000][1088069][info ][gc,start    ] GC(157) Pause Young (Normal) (G1 Evacuation Pause)
[2025-08-28T13:05:49.828+0000][1088069][info ][gc,task     ] GC(157) Using 12 workers of 33 for evacuation
[2025-08-28T13:05:49.828+0000][1088069][debug][gc,age      ] GC(157) Desired survivor size 20971520 bytes, new threshold 15 (max threshold 15)
[2025-08-28T13:05:49.830+0000][1088069][info ][gc,phases   ] GC(157)   Pre Evacuate Collection Set: 0.2ms
[2025-08-28T13:05:49.830+0000][1088069][info ][gc,phases   ] GC(157)   Merge Heap Roots: 0.1ms
[2025-08-28T13:05:49.830+0000][1088069][info ][gc,phases   ] GC(157)   Evacuate Collection Set: 1.2ms
[2025-08-28T13:05:49.830+0000][1088069][info ][gc,phases   ] GC(157)   Post Evacuate Collection Set: 0.4ms
[2025-08-28T13:05:49.830+0000][1088069][info ][gc,phases   ] GC(157)   Other: 0.1ms
[2025-08-28T13:05:49.830+0000][1088069][trace][gc,age      ] GC(157) Age table with threshold 15 (max threshold 15)
[2025-08-28T13:05:49.830+0000][1088069][trace][gc,age      ] GC(157) - age   1:       7344 bytes,       7344 total
[2025-08-28T13:05:49.830+0000][1088069][trace][gc,age      ] GC(157) - age   2:        256 bytes,       7600 total
[2025-08-28T13:05:49.830+0000][1088069][trace][gc,age      ] GC(157) - age   3:        240 bytes,       7840 total
[2025-08-28T13:05:49.830+0000][1088069][trace][gc,age      ] GC(157) - age   6:        224 bytes,       8064 total
[2025-08-28T13:05:49.830+0000][1088069][trace][gc,age      ] GC(157) - age  10:       7584 bytes,      15648 total
[2025-08-28T13:05:49.830+0000][1088069][info ][gc,heap     ] GC(157) Eden regions: 75->0(75)
[2025-08-28T13:05:49.830+0000][1088069][info ][gc,heap     ] GC(157) Survivor regions: 1->1(10)
[2025-08-28T13:05:49.830+0000][1088069][info ][gc,heap     ] GC(157) Old regions: 25->25
[2025-08-28T13:05:49.830+0000][1088069][info ][gc,heap     ] GC(157) Humongous regions: 0->0
[2025-08-28T13:05:49.830+0000][1088069][info ][gc,metaspace] GC(157) Metaspace: 144857K(148928K)->144857K(148928K) NonClass: 125003K(127168K)->125003K(127168K) Class: 19853K(21760K)->19853K(21760K)
[2025-08-28T13:05:49.830+0000][1088069][info ][gc          ] GC(157) Pause Young (Normal) (G1 Evacuation Pause) 400M->99M(512M) 2.213ms
[2025-08-28T13:05:49.830+0000][1088069][info ][gc,cpu      ] GC(157) User=0.01s Sys=0.00s Real=0.00s
[2025-08-28T13:05:49.830+0000][1088069][info ][safepoint   ] Safepoint "G1CollectForAllocation", Time since last: 2934928190 ns, Reaching safepoint: 29575 ns, Cleanup: 5849 ns, At safepoint: 2457422 ns, Total: 2492846 ns
[2025-08-28T13:05:51.830+0000][1088069][info ][safepoint   ] Safepoint "Cleanup", Time since last: 2000152912 ns, Reaching safepoint: 48763 ns, Cleanup: 16635 ns, At safepoint: 5719 ns, Total: 71117 ns
[2025-08-28T13:05:52.752+0000][1088069][info ][gc,start    ] GC(158) Pause Young (Normal) (G1 Evacuation Pause)
[2025-08-28T13:05:52.752+0000][1088069][info ][gc,task     ] GC(158) Using 12 workers of 33 for evacuation
[2025-08-28T13:05:52.752+0000][1088069][debug][gc,age      ] GC(158) Desired survivor size 20971520 bytes, new threshold 15 (max threshold 15)
[2025-08-28T13:05:52.754+0000][1088069][info ][gc,phases   ] GC(158)   Pre Evacuate Collection Set: 0.2ms
[2025-08-28T13:05:52.754+0000][1088069][info ][gc,phases   ] GC(158)   Merge Heap Roots: 0.1ms
[2025-08-28T13:05:52.754+0000][1088069][info ][gc,phases   ] GC(158)   Evacuate Collection Set: 1.3ms
[2025-08-28T13:05:52.754+0000][1088069][info ][gc,phases   ] GC(158)   Post Evacuate Collection Set: 0.3ms
[2025-08-28T13:05:52.754+0000][1088069][info ][gc,phases   ] GC(158)   Other: 0.1ms
[2025-08-28T13:05:52.754+0000][1088069][trace][gc,age      ] GC(158) Age table with threshold 15 (max threshold 15)
[2025-08-28T13:05:52.754+0000][1088069][trace][gc,age      ] GC(158) - age   1:      15152 bytes,      15152 total
[2025-08-28T13:05:52.754+0000][1088069][trace][gc,age      ] GC(158) - age   2:       1088 bytes,      16240 total
[2025-08-28T13:05:52.754+0000][1088069][trace][gc,age      ] GC(158) - age   3:        224 bytes,      16464 total
[2025-08-28T13:05:52.754+0000][1088069][trace][gc,age      ] GC(158) - age  11:       1504 bytes,      17968 total
[2025-08-28T13:05:52.754+0000][1088069][info ][gc,heap     ] GC(158) Eden regions: 75->0(75)
[2025-08-28T13:05:52.754+0000][1088069][info ][gc,heap     ] GC(158) Survivor regions: 1->1(10)
[2025-08-28T13:05:52.754+0000][1088069][info ][gc,heap     ] GC(158) Old regions: 25->25
[2025-08-28T13:05:52.754+0000][1088069][info ][gc,heap     ] GC(158) Humongous regions: 0->0
[2025-08-28T13:05:52.755+0000][1088069][info ][gc,metaspace] GC(158) Metaspace: 144857K(148928K)->144857K(148928K) NonClass: 125004K(127168K)->125004K(127168K) Class: 19853K(21760K)->19853K(21760K)
[2025-08-28T13:05:52.755+0000][1088069][info ][gc          ] GC(158) Pause Young (Normal) (G1 Evacuation Pause) 399M->99M(512M) 2.086ms
[2025-08-28T13:05:52.755+0000][1088069][info ][gc,cpu      ] GC(158) User=0.01s Sys=0.00s Real=0.00s
[2025-08-28T13:05:52.755+0000][1088069][info ][safepoint   ] Safepoint "G1CollectForAllocation", Time since last: 922144138 ns, Reaching safepoint: 26931 ns, Cleanup: 15483 ns, At safepoint: 2214888 ns, Total: 2257302 ns
[2025-08-28T13:05:55.678+0000][1088069][info ][gc,start    ] GC(159) Pause Young (Normal) (G1 Evacuation Pause)
[2025-08-28T13:05:55.678+0000][1088069][info ][gc,task     ] GC(159) Using 12 workers of 33 for evacuation
[2025-08-28T13:05:55.678+0000][1088069][debug][gc,age      ] GC(159) Desired survivor size 20971520 bytes, new threshold 15 (max threshold 15)
[2025-08-28T13:05:55.680+0000][1088069][info ][gc,phases   ] GC(159)   Pre Evacuate Collection Set: 0.2ms
[2025-08-28T13:05:55.680+0000][1088069][info ][gc,phases   ] GC(159)   Merge Heap Roots: 0.1ms
[2025-08-28T13:05:55.680+0000][1088069][info ][gc,phases   ] GC(159)   Evacuate Collection Set: 1.2ms
[2025-08-28T13:05:55.680+0000][1088069][info ][gc,phases   ] GC(159)   Post Evacuate Collection Set: 0.3ms
[2025-08-28T13:05:55.680+0000][1088069][info ][gc,phases   ] GC(159)   Other: 0.0ms
[2025-08-28T13:05:55.680+0000][1088069][trace][gc,age      ] GC(159) Age table with threshold 15 (max threshold 15)
[2025-08-28T13:05:55.680+0000][1088069][trace][gc,age      ] GC(159) - age   1:     659224 bytes,     659224 total
[2025-08-28T13:05:55.680+0000][1088069][trace][gc,age      ] GC(159) - age   2:       8240 bytes,     667464 total
[2025-08-28T13:05:55.680+0000][1088069][trace][gc,age      ] GC(159) - age   3:        376 bytes,     667840 total
[2025-08-28T13:05:55.680+0000][1088069][trace][gc,age      ] GC(159) - age   4:        224 bytes,     668064 total
[2025-08-28T13:05:55.680+0000][1088069][trace][gc,age      ] GC(159) - age  12:       1136 bytes,     669200 total
[2025-08-28T13:05:55.680+0000][1088069][info ][gc,heap     ] GC(159) Eden regions: 75->0(75)
[2025-08-28T13:05:55.680+0000][1088069][info ][gc,heap     ] GC(159) Survivor regions: 1->1(10)
[2025-08-28T13:05:55.680+0000][1088069][info ][gc,heap     ] GC(159) Old regions: 25->25
[2025-08-28T13:05:55.680+0000][1088069][info ][gc,heap     ] GC(159) Humongous regions: 0->0
[2025-08-28T13:05:55.680+0000][1088069][info ][gc,metaspace] GC(159) Metaspace: 144857K(148928K)->144857K(148928K) NonClass: 125004K(127168K)->125004K(127168K) Class: 19853K(21760K)->19853K(21760K)
[2025-08-28T13:05:55.680+0000][1088069][info ][gc          ] GC(159) Pause Young (Normal) (G1 Evacuation Pause) 399M->100M(512M) 1.997ms
[2025-08-28T13:05:55.680+0000][1088069][info ][gc,cpu      ] GC(159) User=0.01s Sys=0.01s Real=0.00s
[2025-08-28T13:05:55.680+0000][1088069][info ][safepoint   ] Safepoint "G1CollectForAllocation", Time since last: 2923127368 ns, Reaching safepoint: 25659 ns, Cleanup: 4606 ns, At safepoint: 2119616 ns, Total: 2149881 ns
[2025-08-28T13:05:58.628+0000][1088069][info ][gc,start    ] GC(160) Pause Young (Normal) (G1 Evacuation Pause)
[2025-08-28T13:05:58.628+0000][1088069][info ][gc,task     ] GC(160) Using 12 workers of 33 for evacuation
[2025-08-28T13:05:58.628+0000][1088069][debug][gc,age      ] GC(160) Desired survivor size 20971520 bytes, new threshold 15 (max threshold 15)
[2025-08-28T13:05:58.630+0000][1088069][info ][gc,phases   ] GC(160)   Pre Evacuate Collection Set: 0.2ms
[2025-08-28T13:05:58.630+0000][1088069][info ][gc,phases   ] GC(160)   Merge Heap Roots: 0.1ms
[2025-08-28T13:05:58.630+0000][1088069][info ][gc,phases   ] GC(160)   Evacuate Collection Set: 1.1ms
[2025-08-28T13:05:58.630+0000][1088069][info ][gc,phases   ] GC(160)   Post Evacuate Collection Set: 0.4ms
[2025-08-28T13:05:58.630+0000][1088069][info ][gc,phases   ] GC(160)   Other: 0.1ms
[2025-08-28T13:05:58.630+0000][1088069][trace][gc,age      ] GC(160) Age table with threshold 15 (max threshold 15)
[2025-08-28T13:05:58.630+0000][1088069][trace][gc,age      ] GC(160) - age   1:     659328 bytes,     659328 total
[2025-08-28T13:05:58.630+0000][1088069][trace][gc,age      ] GC(160) - age   2:       1144 bytes,     660472 total
[2025-08-28T13:05:58.630+0000][1088069][trace][gc,age      ] GC(160) - age   3:       8240 bytes,     668712 total
[2025-08-28T13:05:58.630+0000][1088069][trace][gc,age      ] GC(160) - age   4:        376 bytes,     669088 total
[2025-08-28T13:05:58.630+0000][1088069][trace][gc,age      ] GC(160) - age   5:        224 bytes,     669312 total
[2025-08-28T13:05:58.630+0000][1088069][trace][gc,age      ] GC(160) - age  13:       1136 bytes,     670448 total
[2025-08-28T13:05:58.630+0000][1088069][info ][gc,heap     ] GC(160) Eden regions: 75->0(75)
[2025-08-28T13:05:58.630+0000][1088069][info ][gc,heap     ] GC(160) Survivor regions: 1->1(10)
[2025-08-28T13:05:58.630+0000][1088069][info ][gc,heap     ] GC(160) Old regions: 25->25
[2025-08-28T13:05:58.630+0000][1088069][info ][gc,heap     ] GC(160) Humongous regions: 0->0
[2025-08-28T13:05:58.630+0000][1088069][info ][gc,metaspace] GC(160) Metaspace: 144857K(148928K)->144857K(148928K) NonClass: 125004K(127168K)->125004K(127168K) Class: 19853K(21760K)->19853K(21760K)
[2025-08-28T13:05:58.630+0000][1088069][info ][gc          ] GC(160) Pause Young (Normal) (G1 Evacuation Pause) 400M->100M(512M) 2.077ms
[2025-08-28T13:05:58.630+0000][1088069][info ][gc,cpu      ] GC(160) User=0.01s Sys=0.00s Real=0.00s
[2025-08-28T13:05:58.630+0000][1088069][info ][safepoint   ] Safepoint "G1CollectForAllocation", Time since last: 2947653592 ns, Reaching safepoint: 56225 ns, Cleanup: 4537 ns, At safepoint: 2299335 ns, Total: 2360097 ns
[2025-08-28T13:06:01.790+0000][1088069][info ][gc,start    ] GC(161) Pause Young (Normal) (G1 Evacuation Pause)
[2025-08-28T13:06:01.790+0000][1088069][info ][gc,task     ] GC(161) Using 12 workers of 33 for evacuation
[2025-08-28T13:06:01.790+0000][1088069][debug][gc,age      ] GC(161) Desired survivor size 20971520 bytes, new threshold 15 (max threshold 15)
[2025-08-28T13:06:01.793+0000][1088069][info ][gc,phases   ] GC(161)   Pre Evacuate Collection Set: 0.2ms
[2025-08-28T13:06:01.793+0000][1088069][info ][gc,phases   ] GC(161)   Merge Heap Roots: 0.0ms
[2025-08-28T13:06:01.793+0000][1088069][info ][gc,phases   ] GC(161)   Evacuate Collection Set: 1.7ms
[2025-08-28T13:06:01.793+0000][1088069][info ][gc,phases   ] GC(161)   Post Evacuate Collection Set: 0.4ms
[2025-08-28T13:06:01.793+0000][1088069][info ][gc,phases   ] GC(161)   Other: 0.1ms
[2025-08-28T13:06:01.793+0000][1088069][trace][gc,age      ] GC(161) Age table with threshold 15 (max threshold 15)
[2025-08-28T13:06:01.793+0000][1088069][trace][gc,age      ] GC(161) - age   1:     141208 bytes,     141208 total
[2025-08-28T13:06:01.793+0000][1088069][trace][gc,age      ] GC(161) - age   2:        616 bytes,     141824 total
[2025-08-28T13:06:01.793+0000][1088069][trace][gc,age      ] GC(161) - age   3:        432 bytes,     142256 total
[2025-08-28T13:06:01.793+0000][1088069][trace][gc,age      ] GC(161) - age   4:       8000 bytes,     150256 total
[2025-08-28T13:06:01.793+0000][1088069][trace][gc,age      ] GC(161) - age   5:        376 bytes,     150632 total
[2025-08-28T13:06:01.793+0000][1088069][trace][gc,age      ] GC(161) - age   6:        224 bytes,     150856 total
[2025-08-28T13:06:01.793+0000][1088069][trace][gc,age      ] GC(161) - age  14:       1136 bytes,     151992 total
[2025-08-28T13:06:01.793+0000][1088069][info ][gc,heap     ] GC(161) Eden regions: 75->0(75)
[2025-08-28T13:06:01.793+0000][1088069][info ][gc,heap     ] GC(161) Survivor regions: 1->1(10)
[2025-08-28T13:06:01.793+0000][1088069][info ][gc,heap     ] GC(161) Old regions: 25->25
[2025-08-28T13:06:01.793+0000][1088069][info ][gc,heap     ] GC(161) Humongous regions: 0->0
[2025-08-28T13:06:01.793+0000][1088069][info ][gc,metaspace] GC(161) Metaspace: 144857K(148928K)->144857K(148928K) NonClass: 125004K(127168K)->125004K(127168K) Class: 19853K(21760K)->19853K(21760K)
[2025-08-28T13:06:01.793+0000][1088069][info ][gc          ] GC(161) Pause Young (Normal) (G1 Evacuation Pause) 400M->99M(512M) 2.483ms
[2025-08-28T13:06:01.793+0000][1088069][info ][gc,cpu      ] GC(161) User=0.01s Sys=0.00s Real=0.01s
[2025-08-28T13:06:01.793+0000][1088069][info ][safepoint   ] Safepoint "G1CollectForAllocation", Time since last: 3160135495 ns, Reaching safepoint: 29264 ns, Cleanup: 5729 ns, At safepoint: 2648930 ns, Total: 2683923 ns
[2025-08-28T13:06:04.716+0000][1088069][info ][gc,start    ] GC(162) Pause Young (Normal) (G1 Evacuation Pause)
[2025-08-28T13:06:04.716+0000][1088069][info ][gc,task     ] GC(162) Using 12 workers of 33 for evacuation
[2025-08-28T13:06:04.716+0000][1088069][debug][gc,age      ] GC(162) Desired survivor size 20971520 bytes, new threshold 15 (max threshold 15)
[2025-08-28T13:06:04.719+0000][1088069][info ][gc,phases   ] GC(162)   Pre Evacuate Collection Set: 0.4ms
[2025-08-28T13:06:04.719+0000][1088069][info ][gc,phases   ] GC(162)   Merge Heap Roots: 0.1ms
[2025-08-28T13:06:04.719+0000][1088069][info ][gc,phases   ] GC(162)   Evacuate Collection Set: 2.7ms
[2025-08-28T13:06:04.719+0000][1088069][info ][gc,phases   ] GC(162)   Post Evacuate Collection Set: 0.6ms
[2025-08-28T13:06:04.719+0000][1088069][info ][gc,phases   ] GC(162)   Other: 0.1ms
[2025-08-28T13:06:04.719+0000][1088069][trace][gc,age      ] GC(162) Age table with threshold 15 (max threshold 15)
[2025-08-28T13:06:04.719+0000][1088069][trace][gc,age      ] GC(162) - age   1:     640584 bytes,     640584 total
[2025-08-28T13:06:04.719+0000][1088069][trace][gc,age      ] GC(162) - age   2:        240 bytes,     640824 total
[2025-08-28T13:06:04.719+0000][1088069][trace][gc,age      ] GC(162) - age   3:        616 bytes,     641440 total
[2025-08-28T13:06:04.719+0000][1088069][trace][gc,age      ] GC(162) - age   4:        432 bytes,     641872 total
[2025-08-28T13:06:04.719+0000][1088069][trace][gc,age      ] GC(162) - age   5:       8000 bytes,     649872 total
[2025-08-28T13:06:04.719+0000][1088069][trace][gc,age      ] GC(162) - age   6:        376 bytes,     650248 total
[2025-08-28T13:06:04.719+0000][1088069][trace][gc,age      ] GC(162) - age   7:        224 bytes,     650472 total
[2025-08-28T13:06:04.719+0000][1088069][trace][gc,age      ] GC(162) - age  15:       1136 bytes,     651608 total
[2025-08-28T13:06:04.719+0000][1088069][info ][gc,heap     ] GC(162) Eden regions: 75->0(75)
[2025-08-28T13:06:04.719+0000][1088069][info ][gc,heap     ] GC(162) Survivor regions: 1->1(10)
[2025-08-28T13:06:04.719+0000][1088069][info ][gc,heap     ] GC(162) Old regions: 25->25
[2025-08-28T13:06:04.720+0000][1088069][info ][gc,heap     ] GC(162) Humongous regions: 0->0
[2025-08-28T13:06:04.720+0000][1088069][info ][gc,metaspace] GC(162) Metaspace: 144857K(148928K)->144857K(148928K) NonClass: 125004K(127168K)->125004K(127168K) Class: 19853K(21760K)->19853K(21760K)
[2025-08-28T13:06:04.720+0000][1088069][info ][gc          ] GC(162) Pause Young (Normal) (G1 Evacuation Pause) 399M->100M(512M) 3.914ms
[2025-08-28T13:06:04.720+0000][1088069][info ][gc,cpu      ] GC(162) User=0.01s Sys=0.01s Real=0.00s
[2025-08-28T13:06:04.720+0000][1088069][info ][safepoint   ] Safepoint "G1CollectForAllocation", Time since last: 2922586796 ns, Reaching safepoint: 224537 ns, Cleanup: 6340 ns, At safepoint: 4072569 ns, Total: 4303446 ns
[2025-08-28T13:06:07.678+0000][1088069][info ][gc,start    ] GC(163) Pause Young (Normal) (G1 Evacuation Pause)
[2025-08-28T13:06:07.678+0000][1088069][info ][gc,task     ] GC(163) Using 12 workers of 33 for evacuation
[2025-08-28T13:06:07.678+0000][1088069][debug][gc,age      ] GC(163) Desired survivor size 20971520 bytes, new threshold 15 (max threshold 15)
[2025-08-28T13:06:07.680+0000][1088069][info ][gc,phases   ] GC(163)   Pre Evacuate Collection Set: 0.2ms
[2025-08-28T13:06:07.680+0000][1088069][info ][gc,phases   ] GC(163)   Merge Heap Roots: 0.1ms
[2025-08-28T13:06:07.680+0000][1088069][info ][gc,phases   ] GC(163)   Evacuate Collection Set: 1.1ms
[2025-08-28T13:06:07.680+0000][1088069][info ][gc,phases   ] GC(163)   Post Evacuate Collection Set: 0.3ms
[2025-08-28T13:06:07.680+0000][1088069][info ][gc,phases   ] GC(163)   Other: 0.1ms
[2025-08-28T13:06:07.680+0000][1088069][trace][gc,age      ] GC(163) Age table with threshold 15 (max threshold 15)
[2025-08-28T13:06:07.680+0000][1088069][trace][gc,age      ] GC(163) - age   1:     591040 bytes,     591040 total
[2025-08-28T13:06:07.680+0000][1088069][trace][gc,age      ] GC(163) - age   2:        712 bytes,     591752 total
[2025-08-28T13:06:07.680+0000][1088069][trace][gc,age      ] GC(163) - age   3:        240 bytes,     591992 total
[2025-08-28T13:06:07.680+0000][1088069][trace][gc,age      ] GC(163) - age   4:        616 bytes,     592608 total
[2025-08-28T13:06:07.680+0000][1088069][trace][gc,age      ] GC(163) - age   5:        432 bytes,     593040 total
[2025-08-28T13:06:07.680+0000][1088069][trace][gc,age      ] GC(163) - age   6:       8000 bytes,     601040 total
[2025-08-28T13:06:07.680+0000][1088069][trace][gc,age      ] GC(163) - age   7:        376 bytes,     601416 total
[2025-08-28T13:06:07.680+0000][1088069][trace][gc,age      ] GC(163) - age   8:        224 bytes,     601640 total
[2025-08-28T13:06:07.680+0000][1088069][info ][gc,heap     ] GC(163) Eden regions: 75->0(75)
[2025-08-28T13:06:07.680+0000][1088069][info ][gc,heap     ] GC(163) Survivor regions: 1->1(10)
[2025-08-28T13:06:07.680+0000][1088069][info ][gc,heap     ] GC(163) Old regions: 25->25
[2025-08-28T13:06:07.680+0000][1088069][info ][gc,heap     ] GC(163) Humongous regions: 0->0
[2025-08-28T13:06:07.680+0000][1088069][info ][gc,metaspace] GC(163) Metaspace: 144857K(148928K)->144857K(148928K) NonClass: 125004K(127168K)->125004K(127168K) Class: 19853K(21760K)->19853K(21760K)
[2025-08-28T13:06:07.680+0000][1088069][info ][gc          ] GC(163) Pause Young (Normal) (G1 Evacuation Pause) 400M->100M(512M) 1.876ms
[2025-08-28T13:06:07.680+0000][1088069][info ][gc,cpu      ] GC(163) User=0.00s Sys=0.00s Real=0.00s
[2025-08-28T13:06:07.680+0000][1088069][info ][safepoint   ] Safepoint "G1CollectForAllocation", Time since last: 2958055844 ns, Reaching safepoint: 62805 ns, Cleanup: 5889 ns, At safepoint: 2021347 ns, Total: 2090041 ns
[2025-08-28T13:06:10.603+0000][1088069][info ][gc,start    ] GC(164) Pause Young (Normal) (G1 Evacuation Pause)
[2025-08-28T13:06:10.603+0000][1088069][info ][gc,task     ] GC(164) Using 12 workers of 33 for evacuation
[2025-08-28T13:06:10.603+0000][1088069][debug][gc,age      ] GC(164) Desired survivor size 20971520 bytes, new threshold 15 (max threshold 15)
[2025-08-28T13:06:10.605+0000][1088069][info ][gc,phases   ] GC(164)   Pre Evacuate Collection Set: 0.2ms
[2025-08-28T13:06:10.605+0000][1088069][info ][gc,phases   ] GC(164)   Merge Heap Roots: 0.1ms
[2025-08-28T13:06:10.605+0000][1088069][info ][gc,phases   ] GC(164)   Evacuate Collection Set: 1.7ms
[2025-08-28T13:06:10.605+0000][1088069][info ][gc,phases   ] GC(164)   Post Evacuate Collection Set: 0.3ms
[2025-08-28T13:06:10.605+0000][1088069][info ][gc,phases   ] GC(164)   Other: 0.1ms
[2025-08-28T13:06:10.605+0000][1088069][trace][gc,age      ] GC(164) Age table with threshold 15 (max threshold 15)
[2025-08-28T13:06:10.605+0000][1088069][trace][gc,age      ] GC(164) - age   1:       8904 bytes,       8904 total
[2025-08-28T13:06:10.605+0000][1088069][trace][gc,age      ] GC(164) - age   4:        240 bytes,       9144 total
[2025-08-28T13:06:10.605+0000][1088069][trace][gc,age      ] GC(164) - age   5:        616 bytes,       9760 total
[2025-08-28T13:06:10.605+0000][1088069][trace][gc,age      ] GC(164) - age   6:        432 bytes,      10192 total
[2025-08-28T13:06:10.605+0000][1088069][trace][gc,age      ] GC(164) - age   7:       8000 bytes,      18192 total
[2025-08-28T13:06:10.605+0000][1088069][trace][gc,age      ] GC(164) - age   8:        376 bytes,      18568 total
[2025-08-28T13:06:10.605+0000][1088069][trace][gc,age      ] GC(164) - age   9:        224 bytes,      18792 total
[2025-08-28T13:06:10.605+0000][1088069][info ][gc,heap     ] GC(164) Eden regions: 75->0(75)
[2025-08-28T13:06:10.605+0000][1088069][info ][gc,heap     ] GC(164) Survivor regions: 1->1(10)
[2025-08-28T13:06:10.605+0000][1088069][info ][gc,heap     ] GC(164) Old regions: 25->25
[2025-08-28T13:06:10.605+0000][1088069][info ][gc,heap     ] GC(164) Humongous regions: 0->0
[2025-08-28T13:06:10.605+0000][1088069][info ][gc,metaspace] GC(164) Metaspace: 144857K(148928K)->144857K(148928K) NonClass: 125004K(127168K)->125004K(127168K) Class: 19853K(21760K)->19853K(21760K)
[2025-08-28T13:06:10.605+0000][1088069][info ][gc          ] GC(164) Pause Young (Normal) (G1 Evacuation Pause) 400M->99M(512M) 2.542ms
[2025-08-28T13:06:10.605+0000][1088069][info ][gc,cpu      ] GC(164) User=0.00s Sys=0.00s Real=0.00s
[2025-08-28T13:06:10.605+0000][1088069][info ][safepoint   ] Safepoint "G1CollectForAllocation", Time since last: 2922809800 ns, Reaching safepoint: 29134 ns, Cleanup: 6330 ns, At safepoint: 2724133 ns, Total: 2759597 ns
[2025-08-28T13:06:13.553+0000][1088069][info ][gc,start    ] GC(165) Pause Young (Normal) (G1 Evacuation Pause)
[2025-08-28T13:06:13.553+0000][1088069][info ][gc,task     ] GC(165) Using 12 workers of 33 for evacuation
[2025-08-28T13:06:13.553+0000][1088069][debug][gc,age      ] GC(165) Desired survivor size 20971520 bytes, new threshold 15 (max threshold 15)
[2025-08-28T13:06:13.555+0000][1088069][info ][gc,phases   ] GC(165)   Pre Evacuate Collection Set: 0.2ms
[2025-08-28T13:06:13.555+0000][1088069][info ][gc,phases   ] GC(165)   Merge Heap Roots: 0.1ms
[2025-08-28T13:06:13.555+0000][1088069][info ][gc,phases   ] GC(165)   Evacuate Collection Set: 1.2ms
[2025-08-28T13:06:13.555+0000][1088069][info ][gc,phases   ] GC(165)   Post Evacuate Collection Set: 0.3ms
[2025-08-28T13:06:13.555+0000][1088069][info ][gc,phases   ] GC(165)   Other: 0.4ms
[2025-08-28T13:06:13.555+0000][1088069][trace][gc,age      ] GC(165) Age table with threshold 15 (max threshold 15)
[2025-08-28T13:06:13.555+0000][1088069][trace][gc,age      ] GC(165) - age   1:     658672 bytes,     658672 total
[2025-08-28T13:06:13.555+0000][1088069][trace][gc,age      ] GC(165) - age   2:        712 bytes,     659384 total
[2025-08-28T13:06:13.555+0000][1088069][trace][gc,age      ] GC(165) - age   6:        616 bytes,     660000 total
[2025-08-28T13:06:13.555+0000][1088069][trace][gc,age      ] GC(165) - age   7:        432 bytes,     660432 total
[2025-08-28T13:06:13.555+0000][1088069][trace][gc,age      ] GC(165) - age   8:       7776 bytes,     668208 total
[2025-08-28T13:06:13.555+0000][1088069][trace][gc,age      ] GC(165) - age   9:        376 bytes,     668584 total
[2025-08-28T13:06:13.555+0000][1088069][trace][gc,age      ] GC(165) - age  10:        224 bytes,     668808 total
[2025-08-28T13:06:13.555+0000][1088069][info ][gc,heap     ] GC(165) Eden regions: 75->0(75)
[2025-08-28T13:06:13.555+0000][1088069][info ][gc,heap     ] GC(165) Survivor regions: 1->1(10)
[2025-08-28T13:06:13.555+0000][1088069][info ][gc,heap     ] GC(165) Old regions: 25->25
[2025-08-28T13:06:13.555+0000][1088069][info ][gc,heap     ] GC(165) Humongous regions: 0->0
[2025-08-28T13:06:13.555+0000][1088069][info ][gc,metaspace] GC(165) Metaspace: 144858K(148928K)->144858K(148928K) NonClass: 125005K(127168K)->125005K(127168K) Class: 19853K(21760K)->19853K(21760K)
[2025-08-28T13:06:13.555+0000][1088069][info ][gc          ] GC(165) Pause Young (Normal) (G1 Evacuation Pause) 399M->100M(512M) 2.321ms
[2025-08-28T13:06:13.555+0000][1088069][info ][gc,cpu      ] GC(165) User=0.01s Sys=0.00s Real=0.00s
[2025-08-28T13:06:13.555+0000][1088069][info ][safepoint   ] Safepoint "G1CollectForAllocation", Time since last: 2947370107 ns, Reaching safepoint: 66119 ns, Cleanup: 6390 ns, At safepoint: 2469881 ns, Total: 2542390 ns
[2025-08-28T13:06:16.403+0000][1088069][info ][gc,start    ] GC(166) Pause Young (Normal) (G1 Evacuation Pause)
[2025-08-28T13:06:16.403+0000][1088069][info ][gc,task     ] GC(166) Using 12 workers of 33 for evacuation
[2025-08-28T13:06:16.403+0000][1088069][debug][gc,age      ] GC(166) Desired survivor size 20971520 bytes, new threshold 15 (max threshold 15)
[2025-08-28T13:06:16.405+0000][1088069][info ][gc,phases   ] GC(166)   Pre Evacuate Collection Set: 0.2ms
[2025-08-28T13:06:16.405+0000][1088069][info ][gc,phases   ] GC(166)   Merge Heap Roots: 0.1ms
[2025-08-28T13:06:16.405+0000][1088069][info ][gc,phases   ] GC(166)   Evacuate Collection Set: 1.2ms
[2025-08-28T13:06:16.405+0000][1088069][info ][gc,phases   ] GC(166)   Post Evacuate Collection Set: 0.3ms
[2025-08-28T13:06:16.405+0000][1088069][info ][gc,phases   ] GC(166)   Other: 0.1ms
[2025-08-28T13:06:16.405+0000][1088069][trace][gc,age      ] GC(166) Age table with threshold 15 (max threshold 15)
[2025-08-28T13:06:16.405+0000][1088069][trace][gc,age      ] GC(166) - age   1:       6968 bytes,       6968 total
[2025-08-28T13:06:16.405+0000][1088069][trace][gc,age      ] GC(166) - age   2:        592 bytes,       7560 total
[2025-08-28T13:06:16.405+0000][1088069][trace][gc,age      ] GC(166) - age   7:        616 bytes,       8176 total
[2025-08-28T13:06:16.405+0000][1088069][trace][gc,age      ] GC(166) - age   8:        432 bytes,       8608 total
[2025-08-28T13:06:16.405+0000][1088069][trace][gc,age      ] GC(166) - age   9:       7776 bytes,      16384 total
[2025-08-28T13:06:16.405+0000][1088069][trace][gc,age      ] GC(166) - age  10:        376 bytes,      16760 total
[2025-08-28T13:06:16.405+0000][1088069][trace][gc,age      ] GC(166) - age  11:        224 bytes,      16984 total
[2025-08-28T13:06:16.405+0000][1088069][info ][gc,heap     ] GC(166) Eden regions: 75->0(75)
[2025-08-28T13:06:16.405+0000][1088069][info ][gc,heap     ] GC(166) Survivor regions: 1->1(10)
[2025-08-28T13:06:16.405+0000][1088069][info ][gc,heap     ] GC(166) Old regions: 25->25
[2025-08-28T13:06:16.405+0000][1088069][info ][gc,heap     ] GC(166) Humongous regions: 0->0
[2025-08-28T13:06:16.405+0000][1088069][info ][gc,metaspace] GC(166) Metaspace: 144858K(148928K)->144858K(148928K) NonClass: 125005K(127168K)->125005K(127168K) Class: 19853K(21760K)->19853K(21760K)
[2025-08-28T13:06:16.405+0000][1088069][info ][gc          ] GC(166) Pause Young (Normal) (G1 Evacuation Pause) 400M->99M(512M) 2.078ms
[2025-08-28T13:06:16.405+0000][1088069][info ][gc,cpu      ] GC(166) User=0.00s Sys=0.00s Real=0.00s
[2025-08-28T13:06:16.405+0000][1088069][info ][safepoint   ] Safepoint "G1CollectForAllocation", Time since last: 2847307165 ns, Reaching safepoint: 28683 ns, Cleanup: 6499 ns, At safepoint: 2238084 ns, Total: 2273266 ns
[2025-08-28T13:06:18.405+0000][1088069][info ][safepoint   ] Safepoint "Cleanup", Time since last: 2000207804 ns, Reaching safepoint: 57526 ns, Cleanup: 20371 ns, At safepoint: 3705 ns, Total: 81602 ns
[2025-08-28T13:06:19.794+0000][1088069][info ][gc,start    ] GC(167) Pause Young (Normal) (G1 Evacuation Pause)
[2025-08-28T13:06:19.794+0000][1088069][info ][gc,task     ] GC(167) Using 12 workers of 33 for evacuation
[2025-08-28T13:06:19.794+0000][1088069][debug][gc,age      ] GC(167) Desired survivor size 20971520 bytes, new threshold 15 (max threshold 15)
[2025-08-28T13:06:19.796+0000][1088069][info ][gc,phases   ] GC(167)   Pre Evacuate Collection Set: 0.2ms
[2025-08-28T13:06:19.796+0000][1088069][info ][gc,phases   ] GC(167)   Merge Heap Roots: 0.1ms
[2025-08-28T13:06:19.796+0000][1088069][info ][gc,phases   ] GC(167)   Evacuate Collection Set: 1.2ms
[2025-08-28T13:06:19.796+0000][1088069][info ][gc,phases   ] GC(167)   Post Evacuate Collection Set: 0.3ms
[2025-08-28T13:06:19.796+0000][1088069][info ][gc,phases   ] GC(167)   Other: 0.1ms
[2025-08-28T13:06:19.796+0000][1088069][trace][gc,age      ] GC(167) Age table with threshold 15 (max threshold 15)
[2025-08-28T13:06:19.796+0000][1088069][trace][gc,age      ] GC(167) - age   1:       7936 bytes,       7936 total
[2025-08-28T13:06:19.796+0000][1088069][trace][gc,age      ] GC(167) - age   3:        592 bytes,       8528 total
[2025-08-28T13:06:19.796+0000][1088069][trace][gc,age      ] GC(167) - age   8:        616 bytes,       9144 total
[2025-08-28T13:06:19.796+0000][1088069][trace][gc,age      ] GC(167) - age   9:        432 bytes,       9576 total
[2025-08-28T13:06:19.796+0000][1088069][trace][gc,age      ] GC(167) - age  10:       7592 bytes,      17168 total
[2025-08-28T13:06:19.796+0000][1088069][trace][gc,age      ] GC(167) - age  11:        200 bytes,      17368 total
[2025-08-28T13:06:19.796+0000][1088069][trace][gc,age      ] GC(167) - age  12:        224 bytes,      17592 total
[2025-08-28T13:06:19.796+0000][1088069][info ][gc,heap     ] GC(167) Eden regions: 75->0(75)
[2025-08-28T13:06:19.796+0000][1088069][info ][gc,heap     ] GC(167) Survivor regions: 1->1(10)
[2025-08-28T13:06:19.796+0000][1088069][info ][gc,heap     ] GC(167) Old regions: 25->25
[2025-08-28T13:06:19.796+0000][1088069][info ][gc,heap     ] GC(167) Humongous regions: 0->0
[2025-08-28T13:06:19.796+0000][1088069][info ][gc,metaspace] GC(167) Metaspace: 144858K(148928K)->144858K(148928K) NonClass: 125005K(127168K)->125005K(127168K) Class: 19853K(21760K)->19853K(21760K)
[2025-08-28T13:06:19.796+0000][1088069][info ][gc          ] GC(167) Pause Young (Normal) (G1 Evacuation Pause) 399M->99M(512M) 2.006ms
[2025-08-28T13:06:19.796+0000][1088069][info ][gc,cpu      ] GC(167) User=0.01s Sys=0.00s Real=0.00s
[2025-08-28T13:06:19.796+0000][1088069][info ][safepoint   ] Safepoint "G1CollectForAllocation", Time since last: 1388584350 ns, Reaching safepoint: 28953 ns, Cleanup: 6069 ns, At safepoint: 2157472 ns, Total: 2192494 ns
[2025-08-28T13:06:22.719+0000][1088069][info ][gc,start    ] GC(168) Pause Young (Normal) (G1 Evacuation Pause)
[2025-08-28T13:06:22.719+0000][1088069][info ][gc,task     ] GC(168) Using 12 workers of 33 for evacuation
[2025-08-28T13:06:22.719+0000][1088069][debug][gc,age      ] GC(168) Desired survivor size 20971520 bytes, new threshold 15 (max threshold 15)
[2025-08-28T13:06:22.721+0000][1088069][info ][gc,phases   ] GC(168)   Pre Evacuate Collection Set: 0.2ms
[2025-08-28T13:06:22.721+0000][1088069][info ][gc,phases   ] GC(168)   Merge Heap Roots: 0.1ms
[2025-08-28T13:06:22.721+0000][1088069][info ][gc,phases   ] GC(168)   Evacuate Collection Set: 1.3ms
[2025-08-28T13:06:22.721+0000][1088069][info ][gc,phases   ] GC(168)   Post Evacuate Collection Set: 0.3ms
[2025-08-28T13:06:22.721+0000][1088069][info ][gc,phases   ] GC(168)   Other: 0.1ms
[2025-08-28T13:06:22.721+0000][1088069][trace][gc,age      ] GC(168) Age table with threshold 15 (max threshold 15)
[2025-08-28T13:06:22.721+0000][1088069][trace][gc,age      ] GC(168) - age   1:      13336 bytes,      13336 total
[2025-08-28T13:06:22.721+0000][1088069][trace][gc,age      ] GC(168) - age   2:       1680 bytes,      15016 total
[2025-08-28T13:06:22.721+0000][1088069][trace][gc,age      ] GC(168) - age   4:        352 bytes,      15368 total
[2025-08-28T13:06:22.721+0000][1088069][trace][gc,age      ] GC(168) - age   9:        616 bytes,      15984 total
[2025-08-28T13:06:22.721+0000][1088069][trace][gc,age      ] GC(168) - age  10:        400 bytes,      16384 total
[2025-08-28T13:06:22.721+0000][1088069][trace][gc,age      ] GC(168) - age  11:       1544 bytes,      17928 total
[2025-08-28T13:06:22.721+0000][1088069][trace][gc,age      ] GC(168) - age  12:        200 bytes,      18128 total
[2025-08-28T13:06:22.721+0000][1088069][trace][gc,age      ] GC(168) - age  13:        224 bytes,      18352 total
[2025-08-28T13:06:22.721+0000][1088069][info ][gc,heap     ] GC(168) Eden regions: 75->0(75)
[2025-08-28T13:06:22.721+0000][1088069][info ][gc,heap     ] GC(168) Survivor regions: 1->1(10)
[2025-08-28T13:06:22.721+0000][1088069][info ][gc,heap     ] GC(168) Old regions: 25->25
[2025-08-28T13:06:22.721+0000][1088069][info ][gc,heap     ] GC(168) Humongous regions: 0->0
[2025-08-28T13:06:22.721+0000][1088069][info ][gc,metaspace] GC(168) Metaspace: 144858K(148928K)->144858K(148928K) NonClass: 125005K(127168K)->125005K(127168K) Class: 19853K(21760K)->19853K(21760K)
[2025-08-28T13:06:22.721+0000][1088069][info ][gc          ] GC(168) Pause Young (Normal) (G1 Evacuation Pause) 399M->99M(512M) 2.186ms
[2025-08-28T13:06:22.721+0000][1088069][info ][gc,cpu      ] GC(168) User=0.01s Sys=0.00s Real=0.01s
[2025-08-28T13:06:22.721+0000][1088069][info ][safepoint   ] Safepoint "G1CollectForAllocation", Time since last: 2922825324 ns, Reaching safepoint: 63325 ns, Cleanup: 5769 ns, At safepoint: 2333436 ns, Total: 2402530 ns
[2025-08-28T13:06:25.644+0000][1088069][info ][gc,start    ] GC(169) Pause Young (Normal) (G1 Evacuation Pause)
[2025-08-28T13:06:25.644+0000][1088069][info ][gc,task     ] GC(169) Using 12 workers of 33 for evacuation
[2025-08-28T13:06:25.644+0000][1088069][debug][gc,age      ] GC(169) Desired survivor size 20971520 bytes, new threshold 15 (max threshold 15)
[2025-08-28T13:06:25.646+0000][1088069][info ][gc,phases   ] GC(169)   Pre Evacuate Collection Set: 0.2ms
[2025-08-28T13:06:25.646+0000][1088069][info ][gc,phases   ] GC(169)   Merge Heap Roots: 0.1ms
[2025-08-28T13:06:25.646+0000][1088069][info ][gc,phases   ] GC(169)   Evacuate Collection Set: 1.2ms
[2025-08-28T13:06:25.646+0000][1088069][info ][gc,phases   ] GC(169)   Post Evacuate Collection Set: 0.4ms
[2025-08-28T13:06:25.646+0000][1088069][info ][gc,phases   ] GC(169)   Other: 0.1ms
[2025-08-28T13:06:25.646+0000][1088069][trace][gc,age      ] GC(169) Age table with threshold 15 (max threshold 15)
[2025-08-28T13:06:25.646+0000][1088069][trace][gc,age      ] GC(169) - age   1:     710176 bytes,     710176 total
[2025-08-28T13:06:25.646+0000][1088069][trace][gc,age      ] GC(169) - age   2:       7048 bytes,     717224 total
[2025-08-28T13:06:25.646+0000][1088069][trace][gc,age      ] GC(169) - age   3:        968 bytes,     718192 total
[2025-08-28T13:06:25.646+0000][1088069][trace][gc,age      ] GC(169) - age   5:        352 bytes,     718544 total
[2025-08-28T13:06:25.646+0000][1088069][trace][gc,age      ] GC(169) - age  10:        616 bytes,     719160 total
[2025-08-28T13:06:25.646+0000][1088069][trace][gc,age      ] GC(169) - age  12:       1544 bytes,     720704 total
[2025-08-28T13:06:25.646+0000][1088069][trace][gc,age      ] GC(169) - age  13:        200 bytes,     720904 total
[2025-08-28T13:06:25.646+0000][1088069][trace][gc,age      ] GC(169) - age  14:        224 bytes,     721128 total
[2025-08-28T13:06:25.646+0000][1088069][info ][gc,heap     ] GC(169) Eden regions: 75->0(75)
[2025-08-28T13:06:25.646+0000][1088069][info ][gc,heap     ] GC(169) Survivor regions: 1->1(10)
[2025-08-28T13:06:25.646+0000][1088069][info ][gc,heap     ] GC(169) Old regions: 25->25
[2025-08-28T13:06:25.646+0000][1088069][info ][gc,heap     ] GC(169) Humongous regions: 0->0
[2025-08-28T13:06:25.646+0000][1088069][info ][gc,metaspace] GC(169) Metaspace: 144858K(148928K)->144858K(148928K) NonClass: 125005K(127168K)->125005K(127168K) Class: 19853K(21760K)->19853K(21760K)
[2025-08-28T13:06:25.646+0000][1088069][info ][gc          ] GC(169) Pause Young (Normal) (G1 Evacuation Pause) 399M->100M(512M) 2.184ms
[2025-08-28T13:06:25.646+0000][1088069][info ][gc,cpu      ] GC(169) User=0.01s Sys=0.00s Real=0.00s
[2025-08-28T13:06:25.646+0000][1088069][info ][safepoint   ] Safepoint "G1CollectForAllocation", Time since last: 2922771994 ns, Reaching safepoint: 29183 ns, Cleanup: 6230 ns, At safepoint: 2334227 ns, Total: 2369640 ns
[2025-08-28T13:06:28.538+0000][1088069][info ][gc,start    ] GC(170) Pause Young (Normal) (G1 Evacuation Pause)
[2025-08-28T13:06:28.538+0000][1088069][info ][gc,task     ] GC(170) Using 12 workers of 33 for evacuation
[2025-08-28T13:06:28.538+0000][1088069][debug][gc,age      ] GC(170) Desired survivor size 20971520 bytes, new threshold 15 (max threshold 15)
[2025-08-28T13:06:28.540+0000][1088069][info ][gc,phases   ] GC(170)   Pre Evacuate Collection Set: 0.2ms
[2025-08-28T13:06:28.540+0000][1088069][info ][gc,phases   ] GC(170)   Merge Heap Roots: 0.0ms
[2025-08-28T13:06:28.540+0000][1088069][info ][gc,phases   ] GC(170)   Evacuate Collection Set: 1.5ms
[2025-08-28T13:06:28.540+0000][1088069][info ][gc,phases   ] GC(170)   Post Evacuate Collection Set: 0.3ms
[2025-08-28T13:06:28.540+0000][1088069][info ][gc,phases   ] GC(170)   Other: 0.1ms
[2025-08-28T13:06:28.540+0000][1088069][trace][gc,age      ] GC(170) Age table with threshold 15 (max threshold 15)
[2025-08-28T13:06:28.540+0000][1088069][trace][gc,age      ] GC(170) - age   1:      57808 bytes,      57808 total
[2025-08-28T13:06:28.540+0000][1088069][trace][gc,age      ] GC(170) - age   2:       1112 bytes,      58920 total
[2025-08-28T13:06:28.540+0000][1088069][trace][gc,age      ] GC(170) - age   3:       7048 bytes,      65968 total
[2025-08-28T13:06:28.540+0000][1088069][trace][gc,age      ] GC(170) - age   4:        968 bytes,      66936 total
[2025-08-28T13:06:28.540+0000][1088069][trace][gc,age      ] GC(170) - age   6:        352 bytes,      67288 total
[2025-08-28T13:06:28.540+0000][1088069][trace][gc,age      ] GC(170) - age  11:        616 bytes,      67904 total
[2025-08-28T13:06:28.540+0000][1088069][trace][gc,age      ] GC(170) - age  13:       1544 bytes,      69448 total
[2025-08-28T13:06:28.540+0000][1088069][trace][gc,age      ] GC(170) - age  14:        200 bytes,      69648 total
[2025-08-28T13:06:28.540+0000][1088069][trace][gc,age      ] GC(170) - age  15:        224 bytes,      69872 total
[2025-08-28T13:06:28.540+0000][1088069][info ][gc,heap     ] GC(170) Eden regions: 75->0(75)
[2025-08-28T13:06:28.540+0000][1088069][info ][gc,heap     ] GC(170) Survivor regions: 1->1(10)
[2025-08-28T13:06:28.540+0000][1088069][info ][gc,heap     ] GC(170) Old regions: 25->25
[2025-08-28T13:06:28.540+0000][1088069][info ][gc,heap     ] GC(170) Humongous regions: 0->0
[2025-08-28T13:06:28.540+0000][1088069][info ][gc,metaspace] GC(170) Metaspace: 144858K(148928K)->144858K(148928K) NonClass: 125005K(127168K)->125005K(127168K) Class: 19853K(21760K)->19853K(21760K)
[2025-08-28T13:06:28.540+0000][1088069][info ][gc          ] GC(170) Pause Young (Normal) (G1 Evacuation Pause) 400M->99M(512M) 2.249ms
[2025-08-28T13:06:28.540+0000][1088069][info ][gc,cpu      ] GC(170) User=0.01s Sys=0.00s Real=0.00s
[2025-08-28T13:06:28.540+0000][1088069][info ][safepoint   ] Safepoint "G1CollectForAllocation", Time since last: 2891863744 ns, Reaching safepoint: 28473 ns, Cleanup: 6950 ns, At safepoint: 2379114 ns, Total: 2414537 ns
[2025-08-28T13:06:31.463+0000][1088069][info ][gc,start    ] GC(171) Pause Young (Normal) (G1 Evacuation Pause)
[2025-08-28T13:06:31.463+0000][1088069][info ][gc,task     ] GC(171) Using 12 workers of 33 for evacuation
[2025-08-28T13:06:31.463+0000][1088069][debug][gc,age      ] GC(171) Desired survivor size 20971520 bytes, new threshold 15 (max threshold 15)
[2025-08-28T13:06:31.466+0000][1088069][info ][gc,phases   ] GC(171)   Pre Evacuate Collection Set: 0.2ms
[2025-08-28T13:06:31.466+0000][1088069][info ][gc,phases   ] GC(171)   Merge Heap Roots: 0.1ms
[2025-08-28T13:06:31.466+0000][1088069][info ][gc,phases   ] GC(171)   Evacuate Collection Set: 1.6ms
[2025-08-28T13:06:31.466+0000][1088069][info ][gc,phases   ] GC(171)   Post Evacuate Collection Set: 0.3ms
[2025-08-28T13:06:31.466+0000][1088069][info ][gc,phases   ] GC(171)   Other: 0.1ms
[2025-08-28T13:06:31.466+0000][1088069][trace][gc,age      ] GC(171) Age table with threshold 15 (max threshold 15)
[2025-08-28T13:06:31.466+0000][1088069][trace][gc,age      ] GC(171) - age   1:     108472 bytes,     108472 total
[2025-08-28T13:06:31.466+0000][1088069][trace][gc,age      ] GC(171) - age   3:        400 bytes,     108872 total
[2025-08-28T13:06:31.466+0000][1088069][trace][gc,age      ] GC(171) - age   4:       6808 bytes,     115680 total
[2025-08-28T13:06:31.466+0000][1088069][trace][gc,age      ] GC(171) - age   5:        968 bytes,     116648 total
[2025-08-28T13:06:31.466+0000][1088069][trace][gc,age      ] GC(171) - age   7:        128 bytes,     116776 total
[2025-08-28T13:06:31.466+0000][1088069][trace][gc,age      ] GC(171) - age  12:        616 bytes,     117392 total
[2025-08-28T13:06:31.466+0000][1088069][trace][gc,age      ] GC(171) - age  14:       1544 bytes,     118936 total
[2025-08-28T13:06:31.466+0000][1088069][trace][gc,age      ] GC(171) - age  15:        200 bytes,     119136 total
[2025-08-28T13:06:31.466+0000][1088069][info ][gc,heap     ] GC(171) Eden regions: 75->0(75)
[2025-08-28T13:06:31.466+0000][1088069][info ][gc,heap     ] GC(171) Survivor regions: 1->1(10)
[2025-08-28T13:06:31.466+0000][1088069][info ][gc,heap     ] GC(171) Old regions: 25->25
[2025-08-28T13:06:31.466+0000][1088069][info ][gc,heap     ] GC(171) Humongous regions: 0->0
[2025-08-28T13:06:31.466+0000][1088069][info ][gc,metaspace] GC(171) Metaspace: 144858K(148928K)->144858K(148928K) NonClass: 125005K(127168K)->125005K(127168K) Class: 19853K(21760K)->19853K(21760K)
[2025-08-28T13:06:31.466+0000][1088069][info ][gc          ] GC(171) Pause Young (Normal) (G1 Evacuation Pause) 399M->99M(512M) 2.360ms
[2025-08-28T13:06:31.466+0000][1088069][info ][gc,cpu      ] GC(171) User=0.01s Sys=0.00s Real=0.00s
[2025-08-28T13:06:31.466+0000][1088069][info ][safepoint   ] Safepoint "G1CollectForAllocation", Time since last: 2922629062 ns, Reaching safepoint: 28253 ns, Cleanup: 6019 ns, At safepoint: 2496680 ns, Total: 2530952 ns
[2025-08-28T13:06:34.388+0000][1088069][info ][gc,start    ] GC(172) Pause Young (Normal) (G1 Evacuation Pause)
[2025-08-28T13:06:34.388+0000][1088069][info ][gc,task     ] GC(172) Using 12 workers of 33 for evacuation
[2025-08-28T13:06:34.388+0000][1088069][debug][gc,age      ] GC(172) Desired survivor size 20971520 bytes, new threshold 15 (max threshold 15)
[2025-08-28T13:06:34.391+0000][1088069][info ][gc,phases   ] GC(172)   Pre Evacuate Collection Set: 0.2ms
[2025-08-28T13:06:34.391+0000][1088069][info ][gc,phases   ] GC(172)   Merge Heap Roots: 0.1ms
[2025-08-28T13:06:34.391+0000][1088069][info ][gc,phases   ] GC(172)   Evacuate Collection Set: 1.6ms
[2025-08-28T13:06:34.391+0000][1088069][info ][gc,phases   ] GC(172)   Post Evacuate Collection Set: 0.3ms
[2025-08-28T13:06:34.391+0000][1088069][info ][gc,phases   ] GC(172)   Other: 0.1ms
[2025-08-28T13:06:34.391+0000][1088069][trace][gc,age      ] GC(172) Age table with threshold 15 (max threshold 15)
[2025-08-28T13:06:34.391+0000][1088069][trace][gc,age      ] GC(172) - age   1:     141000 bytes,     141000 total
[2025-08-28T13:06:34.391+0000][1088069][trace][gc,age      ] GC(172) - age   2:        464 bytes,     141464 total
[2025-08-28T13:06:34.391+0000][1088069][trace][gc,age      ] GC(172) - age   4:        400 bytes,     141864 total
[2025-08-28T13:06:34.391+0000][1088069][trace][gc,age      ] GC(172) - age   5:       6808 bytes,     148672 total
[2025-08-28T13:06:34.391+0000][1088069][trace][gc,age      ] GC(172) - age   6:        968 bytes,     149640 total
[2025-08-28T13:06:34.391+0000][1088069][trace][gc,age      ] GC(172) - age   8:        128 bytes,     149768 total
[2025-08-28T13:06:34.391+0000][1088069][trace][gc,age      ] GC(172) - age  13:        616 bytes,     150384 total
[2025-08-28T13:06:34.391+0000][1088069][trace][gc,age      ] GC(172) - age  15:       1544 bytes,     151928 total
[2025-08-28T13:06:34.391+0000][1088069][info ][gc,heap     ] GC(172) Eden regions: 75->0(75)
[2025-08-28T13:06:34.391+0000][1088069][info ][gc,heap     ] GC(172) Survivor regions: 1->1(10)
[2025-08-28T13:06:34.391+0000][1088069][info ][gc,heap     ] GC(172) Old regions: 25->25
[2025-08-28T13:06:34.391+0000][1088069][info ][gc,heap     ] GC(172) Humongous regions: 0->0
[2025-08-28T13:06:34.391+0000][1088069][info ][gc,metaspace] GC(172) Metaspace: 144858K(148928K)->144858K(148928K) NonClass: 125005K(127168K)->125005K(127168K) Class: 19853K(21760K)->19853K(21760K)
[2025-08-28T13:06:34.391+0000][1088069][info ][gc          ] GC(172) Pause Young (Normal) (G1 Evacuation Pause) 399M->99M(512M) 2.340ms
[2025-08-28T13:06:34.391+0000][1088069][info ][gc,cpu      ] GC(172) User=0.01s Sys=0.00s Real=0.01s
[2025-08-28T13:06:34.391+0000][1088069][info ][safepoint   ] Safepoint "G1CollectForAllocation", Time since last: 2922529192 ns, Reaching safepoint: 28683 ns, Cleanup: 6009 ns, At safepoint: 2471263 ns, Total: 2505955 ns
[2025-08-28T13:06:37.326+0000][1088069][info ][gc,start    ] GC(173) Pause Young (Normal) (G1 Evacuation Pause)
[2025-08-28T13:06:37.326+0000][1088069][info ][gc,task     ] GC(173) Using 12 workers of 33 for evacuation
[2025-08-28T13:06:37.326+0000][1088069][debug][gc,age      ] GC(173) Desired survivor size 20971520 bytes, new threshold 15 (max threshold 15)
[2025-08-28T13:06:37.328+0000][1088069][info ][gc,phases   ] GC(173)   Pre Evacuate Collection Set: 0.2ms
[2025-08-28T13:06:37.328+0000][1088069][info ][gc,phases   ] GC(173)   Merge Heap Roots: 0.1ms
[2025-08-28T13:06:37.328+0000][1088069][info ][gc,phases   ] GC(173)   Evacuate Collection Set: 1.2ms
[2025-08-28T13:06:37.328+0000][1088069][info ][gc,phases   ] GC(173)   Post Evacuate Collection Set: 0.5ms
[2025-08-28T13:06:37.328+0000][1088069][info ][gc,phases   ] GC(173)   Other: 0.1ms
[2025-08-28T13:06:37.328+0000][1088069][trace][gc,age      ] GC(173) Age table with threshold 15 (max threshold 15)
[2025-08-28T13:06:37.328+0000][1088069][trace][gc,age      ] GC(173) - age   1:       6288 bytes,       6288 total
[2025-08-28T13:06:37.328+0000][1088069][trace][gc,age      ] GC(173) - age   2:        712 bytes,       7000 total
[2025-08-28T13:06:37.328+0000][1088069][trace][gc,age      ] GC(173) - age   3:        464 bytes,       7464 total
[2025-08-28T13:06:37.328+0000][1088069][trace][gc,age      ] GC(173) - age   5:        400 bytes,       7864 total
[2025-08-28T13:06:37.328+0000][1088069][trace][gc,age      ] GC(173) - age   6:       6808 bytes,      14672 total
[2025-08-28T13:06:37.328+0000][1088069][trace][gc,age      ] GC(173) - age   7:        968 bytes,      15640 total
[2025-08-28T13:06:37.328+0000][1088069][trace][gc,age      ] GC(173) - age   9:        128 bytes,      15768 total
[2025-08-28T13:06:37.328+0000][1088069][trace][gc,age      ] GC(173) - age  14:        616 bytes,      16384 total
[2025-08-28T13:06:37.328+0000][1088069][info ][gc,heap     ] GC(173) Eden regions: 75->0(75)
[2025-08-28T13:06:37.328+0000][1088069][info ][gc,heap     ] GC(173) Survivor regions: 1->1(10)
[2025-08-28T13:06:37.328+0000][1088069][info ][gc,heap     ] GC(173) Old regions: 25->25
[2025-08-28T13:06:37.328+0000][1088069][info ][gc,heap     ] GC(173) Humongous regions: 0->0
[2025-08-28T13:06:37.328+0000][1088069][info ][gc,metaspace] GC(173) Metaspace: 144858K(148928K)->144858K(148928K) NonClass: 125005K(127168K)->125005K(127168K) Class: 19853K(21760K)->19853K(21760K)
[2025-08-28T13:06:37.328+0000][1088069][info ][gc          ] GC(173) Pause Young (Normal) (G1 Evacuation Pause) 399M->99M(512M) 2.124ms
[2025-08-28T13:06:37.328+0000][1088069][info ][gc,cpu      ] GC(173) User=0.00s Sys=0.00s Real=0.00s
[2025-08-28T13:06:37.328+0000][1088069][info ][safepoint   ] Safepoint "G1CollectForAllocation", Time since last: 2935012956 ns, Reaching safepoint: 29104 ns, Cleanup: 5989 ns, At safepoint: 2269609 ns, Total: 2304702 ns
[2025-08-28T13:06:40.251+0000][1088069][info ][gc,start    ] GC(174) Pause Young (Normal) (G1 Evacuation Pause)
[2025-08-28T13:06:40.251+0000][1088069][info ][gc,task     ] GC(174) Using 12 workers of 33 for evacuation
[2025-08-28T13:06:40.251+0000][1088069][debug][gc,age      ] GC(174) Desired survivor size 20971520 bytes, new threshold 15 (max threshold 15)
[2025-08-28T13:06:40.254+0000][1088069][info ][gc,phases   ] GC(174)   Pre Evacuate Collection Set: 0.3ms
[2025-08-28T13:06:40.254+0000][1088069][info ][gc,phases   ] GC(174)   Merge Heap Roots: 0.1ms
[2025-08-28T13:06:40.254+0000][1088069][info ][gc,phases   ] GC(174)   Evacuate Collection Set: 1.5ms
[2025-08-28T13:06:40.254+0000][1088069][info ][gc,phases   ] GC(174)   Post Evacuate Collection Set: 0.5ms
[2025-08-28T13:06:40.254+0000][1088069][info ][gc,phases   ] GC(174)   Other: 0.1ms
[2025-08-28T13:06:40.254+0000][1088069][trace][gc,age      ] GC(174) Age table with threshold 15 (max threshold 15)
[2025-08-28T13:06:40.254+0000][1088069][trace][gc,age      ] GC(174) - age   1:     658824 bytes,     658824 total
[2025-08-28T13:06:40.254+0000][1088069][trace][gc,age      ] GC(174) - age   4:        464 bytes,     659288 total
[2025-08-28T13:06:40.254+0000][1088069][trace][gc,age      ] GC(174) - age   6:        400 bytes,     659688 total
[2025-08-28T13:06:40.254+0000][1088069][trace][gc,age      ] GC(174) - age   7:       6808 bytes,     666496 total
[2025-08-28T13:06:40.254+0000][1088069][trace][gc,age      ] GC(174) - age   8:        968 bytes,     667464 total
[2025-08-28T13:06:40.254+0000][1088069][trace][gc,age      ] GC(174) - age  10:        128 bytes,     667592 total
[2025-08-28T13:06:40.254+0000][1088069][trace][gc,age      ] GC(174) - age  15:        616 bytes,     668208 total
[2025-08-28T13:06:40.254+0000][1088069][info ][gc,heap     ] GC(174) Eden regions: 75->0(75)
[2025-08-28T13:06:40.254+0000][1088069][info ][gc,heap     ] GC(174) Survivor regions: 1->1(10)
[2025-08-28T13:06:40.254+0000][1088069][info ][gc,heap     ] GC(174) Old regions: 25->25
[2025-08-28T13:06:40.254+0000][1088069][info ][gc,heap     ] GC(174) Humongous regions: 0->0
[2025-08-28T13:06:40.254+0000][1088069][info ][gc,metaspace] GC(174) Metaspace: 144858K(148928K)->144858K(148928K) NonClass: 125005K(127168K)->125005K(127168K) Class: 19853K(21760K)->19853K(21760K)
[2025-08-28T13:06:40.254+0000][1088069][info ][gc          ] GC(174) Pause Young (Normal) (G1 Evacuation Pause) 399M->100M(512M) 2.697ms
[2025-08-28T13:06:40.254+0000][1088069][info ][gc,cpu      ] GC(174) User=0.01s Sys=0.00s Real=0.00s
[2025-08-28T13:06:40.254+0000][1088069][info ][safepoint   ] Safepoint "G1CollectForAllocation", Time since last: 2923178337 ns, Reaching safepoint: 38208 ns, Cleanup: 7741 ns, At safepoint: 2960708 ns, Total: 3006657 ns
[2025-08-28T13:06:43.201+0000][1088069][info ][gc,start    ] GC(175) Pause Young (Normal) (G1 Evacuation Pause)
[2025-08-28T13:06:43.201+0000][1088069][info ][gc,task     ] GC(175) Using 12 workers of 33 for evacuation
[2025-08-28T13:06:43.201+0000][1088069][debug][gc,age      ] GC(175) Desired survivor size 20971520 bytes, new threshold 15 (max threshold 15)
[2025-08-28T13:06:43.204+0000][1088069][info ][gc,phases   ] GC(175)   Pre Evacuate Collection Set: 0.2ms
[2025-08-28T13:06:43.204+0000][1088069][info ][gc,phases   ] GC(175)   Merge Heap Roots: 0.1ms
[2025-08-28T13:06:43.204+0000][1088069][info ][gc,phases   ] GC(175)   Evacuate Collection Set: 1.7ms
[2025-08-28T13:06:43.204+0000][1088069][info ][gc,phases   ] GC(175)   Post Evacuate Collection Set: 0.5ms
[2025-08-28T13:06:43.204+0000][1088069][info ][gc,phases   ] GC(175)   Other: 0.1ms
[2025-08-28T13:06:43.204+0000][1088069][trace][gc,age      ] GC(175) Age table with threshold 15 (max threshold 15)
[2025-08-28T13:06:43.204+0000][1088069][trace][gc,age      ] GC(175) - age   1:      72608 bytes,      72608 total
[2025-08-28T13:06:43.204+0000][1088069][trace][gc,age      ] GC(175) - age   2:        712 bytes,      73320 total
[2025-08-28T13:06:43.204+0000][1088069][trace][gc,age      ] GC(175) - age   5:        224 bytes,      73544 total
[2025-08-28T13:06:43.204+0000][1088069][trace][gc,age      ] GC(175) - age   7:        400 bytes,      73944 total
[2025-08-28T13:06:43.204+0000][1088069][trace][gc,age      ] GC(175) - age   8:       6808 bytes,      80752 total
[2025-08-28T13:06:43.204+0000][1088069][trace][gc,age      ] GC(175) - age   9:        968 bytes,      81720 total
[2025-08-28T13:06:43.204+0000][1088069][trace][gc,age      ] GC(175) - age  11:        128 bytes,      81848 total
[2025-08-28T13:06:43.204+0000][1088069][info ][gc,heap     ] GC(175) Eden regions: 75->0(75)
[2025-08-28T13:06:43.204+0000][1088069][info ][gc,heap     ] GC(175) Survivor regions: 1->1(10)
[2025-08-28T13:06:43.204+0000][1088069][info ][gc,heap     ] GC(175) Old regions: 25->25
[2025-08-28T13:06:43.204+0000][1088069][info ][gc,heap     ] GC(175) Humongous regions: 0->0
[2025-08-28T13:06:43.204+0000][1088069][info ][gc,metaspace] GC(175) Metaspace: 144858K(148928K)->144858K(148928K) NonClass: 125005K(127168K)->125005K(127168K) Class: 19853K(21760K)->19853K(21760K)
[2025-08-28T13:06:43.204+0000][1088069][info ][gc          ] GC(175) Pause Young (Normal) (G1 Evacuation Pause) 400M->99M(512M) 2.745ms
[2025-08-28T13:06:43.204+0000][1088069][info ][gc,cpu      ] GC(175) User=0.01s Sys=0.01s Real=0.00s
[2025-08-28T13:06:43.204+0000][1088069][info ][safepoint   ] Safepoint "G1CollectForAllocation", Time since last: 2946712572 ns, Reaching safepoint: 36875 ns, Cleanup: 7582 ns, At safepoint: 3019335 ns, Total: 3063792 ns
[2025-08-28T13:06:46.102+0000][1088069][info ][gc,start    ] GC(176) Pause Young (Normal) (G1 Evacuation Pause)
[2025-08-28T13:06:46.102+0000][1088069][info ][gc,task     ] GC(176) Using 12 workers of 33 for evacuation
[2025-08-28T13:06:46.102+0000][1088069][debug][gc,age      ] GC(176) Desired survivor size 20971520 bytes, new threshold 15 (max threshold 15)
[2025-08-28T13:06:46.104+0000][1088069][info ][gc,phases   ] GC(176)   Pre Evacuate Collection Set: 0.3ms
[2025-08-28T13:06:46.104+0000][1088069][info ][gc,phases   ] GC(176)   Merge Heap Roots: 0.1ms
[2025-08-28T13:06:46.104+0000][1088069][info ][gc,phases   ] GC(176)   Evacuate Collection Set: 1.6ms
[2025-08-28T13:06:46.104+0000][1088069][info ][gc,phases   ] GC(176)   Post Evacuate Collection Set: 0.5ms
[2025-08-28T13:06:46.104+0000][1088069][info ][gc,phases   ] GC(176)   Other: 0.1ms
[2025-08-28T13:06:46.104+0000][1088069][trace][gc,age      ] GC(176) Age table with threshold 15 (max threshold 15)
[2025-08-28T13:06:46.104+0000][1088069][trace][gc,age      ] GC(176) - age   1:     655624 bytes,     655624 total
[2025-08-28T13:06:46.104+0000][1088069][trace][gc,age      ] GC(176) - age   2:        240 bytes,     655864 total
[2025-08-28T13:06:46.104+0000][1088069][trace][gc,age      ] GC(176) - age   6:        224 bytes,     656088 total
[2025-08-28T13:06:46.104+0000][1088069][trace][gc,age      ] GC(176) - age   8:        400 bytes,     656488 total
[2025-08-28T13:06:46.104+0000][1088069][trace][gc,age      ] GC(176) - age   9:       6808 bytes,     663296 total
[2025-08-28T13:06:46.104+0000][1088069][trace][gc,age      ] GC(176) - age  10:        968 bytes,     664264 total
[2025-08-28T13:06:46.104+0000][1088069][trace][gc,age      ] GC(176) - age  12:        128 bytes,     664392 total
[2025-08-28T13:06:46.104+0000][1088069][info ][gc,heap     ] GC(176) Eden regions: 75->0(75)
[2025-08-28T13:06:46.104+0000][1088069][info ][gc,heap     ] GC(176) Survivor regions: 1->1(10)
[2025-08-28T13:06:46.104+0000][1088069][info ][gc,heap     ] GC(176) Old regions: 25->25
[2025-08-28T13:06:46.104+0000][1088069][info ][gc,heap     ] GC(176) Humongous regions: 0->0
[2025-08-28T13:06:46.104+0000][1088069][info ][gc,metaspace] GC(176) Metaspace: 144858K(148928K)->144858K(148928K) NonClass: 125005K(127168K)->125005K(127168K) Class: 19853K(21760K)->19853K(21760K)
[2025-08-28T13:06:46.104+0000][1088069][info ][gc          ] GC(176) Pause Young (Normal) (G1 Evacuation Pause) 399M->100M(512M) 2.805ms
[2025-08-28T13:06:46.104+0000][1088069][info ][gc,cpu      ] GC(176) User=0.01s Sys=0.00s Real=0.00s
[2025-08-28T13:06:46.104+0000][1088069][info ][safepoint   ] Safepoint "G1CollectForAllocation", Time since last: 2897372480 ns, Reaching safepoint: 37357 ns, Cleanup: 8362 ns, At safepoint: 3099707 ns, Total: 3145426 ns
[2025-08-28T13:06:49.051+0000][1088069][info ][gc,start    ] GC(177) Pause Young (Normal) (G1 Evacuation Pause)
[2025-08-28T13:06:49.051+0000][1088069][info ][gc,task     ] GC(177) Using 12 workers of 33 for evacuation
[2025-08-28T13:06:49.051+0000][1088069][debug][gc,age      ] GC(177) Desired survivor size 20971520 bytes, new threshold 15 (max threshold 15)
[2025-08-28T13:06:49.054+0000][1088069][info ][gc,phases   ] GC(177)   Pre Evacuate Collection Set: 0.2ms
[2025-08-28T13:06:49.054+0000][1088069][info ][gc,phases   ] GC(177)   Merge Heap Roots: 0.1ms
[2025-08-28T13:06:49.054+0000][1088069][info ][gc,phases   ] GC(177)   Evacuate Collection Set: 1.8ms
[2025-08-28T13:06:49.054+0000][1088069][info ][gc,phases   ] GC(177)   Post Evacuate Collection Set: 0.5ms
[2025-08-28T13:06:49.054+0000][1088069][info ][gc,phases   ] GC(177)   Other: 0.1ms
[2025-08-28T13:06:49.054+0000][1088069][trace][gc,age      ] GC(177) Age table with threshold 15 (max threshold 15)
[2025-08-28T13:06:49.054+0000][1088069][trace][gc,age      ] GC(177) - age   1:     624088 bytes,     624088 total
[2025-08-28T13:06:49.054+0000][1088069][trace][gc,age      ] GC(177) - age   2:        712 bytes,     624800 total
[2025-08-28T13:06:49.054+0000][1088069][trace][gc,age      ] GC(177) - age   3:        240 bytes,     625040 total
[2025-08-28T13:06:49.054+0000][1088069][trace][gc,age      ] GC(177) - age   7:        224 bytes,     625264 total
[2025-08-28T13:06:49.054+0000][1088069][trace][gc,age      ] GC(177) - age   9:        400 bytes,     625664 total
[2025-08-28T13:06:49.054+0000][1088069][trace][gc,age      ] GC(177) - age  10:       6808 bytes,     632472 total
[2025-08-28T13:06:49.054+0000][1088069][trace][gc,age      ] GC(177) - age  11:        792 bytes,     633264 total
[2025-08-28T13:06:49.054+0000][1088069][trace][gc,age      ] GC(177) - age  13:        128 bytes,     633392 total
[2025-08-28T13:06:49.054+0000][1088069][info ][gc,heap     ] GC(177) Eden regions: 75->0(75)
[2025-08-28T13:06:49.054+0000][1088069][info ][gc,heap     ] GC(177) Survivor regions: 1->1(10)
[2025-08-28T13:06:49.054+0000][1088069][info ][gc,heap     ] GC(177) Old regions: 25->25
[2025-08-28T13:06:49.054+0000][1088069][info ][gc,heap     ] GC(177) Humongous regions: 0->0
[2025-08-28T13:06:49.054+0000][1088069][info ][gc,metaspace] GC(177) Metaspace: 144858K(148928K)->144858K(148928K) NonClass: 125005K(127168K)->125005K(127168K) Class: 19853K(21760K)->19853K(21760K)
[2025-08-28T13:06:49.054+0000][1088069][info ][gc          ] GC(177) Pause Young (Normal) (G1 Evacuation Pause) 400M->100M(512M) 2.847ms
[2025-08-28T13:06:49.054+0000][1088069][info ][gc,cpu      ] GC(177) User=0.01s Sys=0.01s Real=0.00s
[2025-08-28T13:06:49.054+0000][1088069][info ][safepoint   ] Safepoint "G1CollectForAllocation", Time since last: 2946706833 ns, Reaching safepoint: 75143 ns, Cleanup: 5829 ns, At safepoint: 3091574 ns, Total: 3172546 ns
[2025-08-28T13:06:50.054+0000][1088069][info ][safepoint   ] Safepoint "Cleanup", Time since last: 1000091993 ns, Reaching safepoint: 29594 ns, Cleanup: 16895 ns, At safepoint: 3866 ns, Total: 50355 ns
[2025-08-28T13:06:52.004+0000][1088069][info ][gc,start    ] GC(178) Pause Young (Normal) (G1 Evacuation Pause)
[2025-08-28T13:06:52.004+0000][1088069][info ][gc,task     ] GC(178) Using 12 workers of 33 for evacuation
[2025-08-28T13:06:52.004+0000][1088069][debug][gc,age      ] GC(178) Desired survivor size 20971520 bytes, new threshold 15 (max threshold 15)
[2025-08-28T13:06:52.007+0000][1088069][info ][gc,phases   ] GC(178)   Pre Evacuate Collection Set: 0.2ms
[2025-08-28T13:06:52.007+0000][1088069][info ][gc,phases   ] GC(178)   Merge Heap Roots: 0.1ms
[2025-08-28T13:06:52.007+0000][1088069][info ][gc,phases   ] GC(178)   Evacuate Collection Set: 2.2ms
[2025-08-28T13:06:52.007+0000][1088069][info ][gc,phases   ] GC(178)   Post Evacuate Collection Set: 0.4ms
[2025-08-28T13:06:52.007+0000][1088069][info ][gc,phases   ] GC(178)   Other: 0.1ms
[2025-08-28T13:06:52.007+0000][1088069][trace][gc,age      ] GC(178) Age table with threshold 15 (max threshold 15)
[2025-08-28T13:06:52.007+0000][1088069][trace][gc,age      ] GC(178) - age   1:     669272 bytes,     669272 total
[2025-08-28T13:06:52.007+0000][1088069][trace][gc,age      ] GC(178) - age   2:        376 bytes,     669648 total
[2025-08-28T13:06:52.007+0000][1088069][trace][gc,age      ] GC(178) - age  10:        368 bytes,     670016 total
[2025-08-28T13:06:52.007+0000][1088069][trace][gc,age      ] GC(178) - age  11:       1312 bytes,     671328 total
[2025-08-28T13:06:52.007+0000][1088069][trace][gc,age      ] GC(178) - age  12:        664 bytes,     671992 total
[2025-08-28T13:06:52.007+0000][1088069][trace][gc,age      ] GC(178) - age  14:        128 bytes,     672120 total
[2025-08-28T13:06:52.007+0000][1088069][info ][gc,heap     ] GC(178) Eden regions: 75->0(75)
[2025-08-28T13:06:52.007+0000][1088069][info ][gc,heap     ] GC(178) Survivor regions: 1->1(10)
[2025-08-28T13:06:52.007+0000][1088069][info ][gc,heap     ] GC(178) Old regions: 25->25
[2025-08-28T13:06:52.007+0000][1088069][info ][gc,heap     ] GC(178) Humongous regions: 0->0
[2025-08-28T13:06:52.007+0000][1088069][info ][gc,metaspace] GC(178) Metaspace: 144859K(148928K)->144859K(148928K) NonClass: 125006K(127168K)->125006K(127168K) Class: 19853K(21760K)->19853K(21760K)
[2025-08-28T13:06:52.007+0000][1088069][info ][gc          ] GC(178) Pause Young (Normal) (G1 Evacuation Pause) 400M->100M(512M) 3.066ms
[2025-08-28T13:06:52.007+0000][1088069][info ][gc,cpu      ] GC(178) User=0.01s Sys=0.00s Real=0.00s
[2025-08-28T13:06:52.007+0000][1088069][info ][safepoint   ] Safepoint "G1CollectForAllocation", Time since last: 1949306504 ns, Reaching safepoint: 28764 ns, Cleanup: 15102 ns, At safepoint: 3310173 ns, Total: 3354039 ns
[2025-08-28T13:06:53.007+0000][1088069][info ][safepoint   ] Safepoint "Cleanup", Time since last: 1000090240 ns, Reaching safepoint: 28082 ns, Cleanup: 13761 ns, At safepoint: 3746 ns, Total: 45589 ns
[2025-08-28T13:06:55.116+0000][1088069][info ][gc,start    ] GC(179) Pause Young (Normal) (G1 Evacuation Pause)
[2025-08-28T13:06:55.116+0000][1088069][info ][gc,task     ] GC(179) Using 12 workers of 33 for evacuation
[2025-08-28T13:06:55.116+0000][1088069][debug][gc,age      ] GC(179) Desired survivor size 20971520 bytes, new threshold 15 (max threshold 15)
[2025-08-28T13:06:55.119+0000][1088069][info ][gc,phases   ] GC(179)   Pre Evacuate Collection Set: 0.2ms
[2025-08-28T13:06:55.119+0000][1088069][info ][gc,phases   ] GC(179)   Merge Heap Roots: 0.1ms
[2025-08-28T13:06:55.119+0000][1088069][info ][gc,phases   ] GC(179)   Evacuate Collection Set: 2.4ms
[2025-08-28T13:06:55.119+0000][1088069][info ][gc,phases   ] GC(179)   Post Evacuate Collection Set: 0.5ms
[2025-08-28T13:06:55.119+0000][1088069][info ][gc,phases   ] GC(179)   Other: 0.1ms
[2025-08-28T13:06:55.119+0000][1088069][trace][gc,age      ] GC(179) Age table with threshold 15 (max threshold 15)
[2025-08-28T13:06:55.119+0000][1088069][trace][gc,age      ] GC(179) - age   1:      11280 bytes,      11280 total
[2025-08-28T13:06:55.119+0000][1088069][trace][gc,age      ] GC(179) - age   2:      10720 bytes,      22000 total
[2025-08-28T13:06:55.119+0000][1088069][trace][gc,age      ] GC(179) - age   3:        376 bytes,      22376 total
[2025-08-28T13:06:55.119+0000][1088069][trace][gc,age      ] GC(179) - age  12:        760 bytes,      23136 total
[2025-08-28T13:06:55.119+0000][1088069][trace][gc,age      ] GC(179) - age  13:        664 bytes,      23800 total
[2025-08-28T13:06:55.119+0000][1088069][trace][gc,age      ] GC(179) - age  15:        128 bytes,      23928 total
[2025-08-28T13:06:55.119+0000][1088069][info ][gc,heap     ] GC(179) Eden regions: 75->0(75)
[2025-08-28T13:06:55.119+0000][1088069][info ][gc,heap     ] GC(179) Survivor regions: 1->1(10)
[2025-08-28T13:06:55.119+0000][1088069][info ][gc,heap     ] GC(179) Old regions: 25->25
[2025-08-28T13:06:55.119+0000][1088069][info ][gc,heap     ] GC(179) Humongous regions: 0->0
[2025-08-28T13:06:55.119+0000][1088069][info ][gc,metaspace] GC(179) Metaspace: 144860K(148928K)->144860K(148928K) NonClass: 125007K(127168K)->125007K(127168K) Class: 19853K(21760K)->19853K(21760K)
[2025-08-28T13:06:55.119+0000][1088069][info ][gc          ] GC(179) Pause Young (Normal) (G1 Evacuation Pause) 400M->99M(512M) 3.373ms
[2025-08-28T13:06:55.120+0000][1088069][info ][gc,cpu      ] GC(179) User=0.01s Sys=0.00s Real=0.00s
[2025-08-28T13:06:55.120+0000][1088069][info ][safepoint   ] Safepoint "G1CollectForAllocation", Time since last: 2108616590 ns, Reaching safepoint: 30245 ns, Cleanup: 6720 ns, At safepoint: 3606778 ns, Total: 3643743 ns
[2025-08-28T13:06:58.042+0000][1088069][info ][gc,start    ] GC(180) Pause Young (Normal) (G1 Evacuation Pause)
[2025-08-28T13:06:58.042+0000][1088069][info ][gc,task     ] GC(180) Using 12 workers of 33 for evacuation
[2025-08-28T13:06:58.042+0000][1088069][debug][gc,age      ] GC(180) Desired survivor size 20971520 bytes, new threshold 15 (max threshold 15)
[2025-08-28T13:06:58.045+0000][1088069][info ][gc,phases   ] GC(180)   Pre Evacuate Collection Set: 0.2ms
[2025-08-28T13:06:58.045+0000][1088069][info ][gc,phases   ] GC(180)   Merge Heap Roots: 0.1ms
[2025-08-28T13:06:58.045+0000][1088069][info ][gc,phases   ] GC(180)   Evacuate Collection Set: 2.2ms
[2025-08-28T13:06:58.045+0000][1088069][info ][gc,phases   ] GC(180)   Post Evacuate Collection Set: 0.4ms
[2025-08-28T13:06:58.045+0000][1088069][info ][gc,phases   ] GC(180)   Other: 0.1ms
[2025-08-28T13:06:58.045+0000][1088069][trace][gc,age      ] GC(180) Age table with threshold 15 (max threshold 15)
[2025-08-28T13:06:58.045+0000][1088069][trace][gc,age      ] GC(180) - age   1:       8024 bytes,       8024 total
[2025-08-28T13:06:58.045+0000][1088069][trace][gc,age      ] GC(180) - age   2:       3088 bytes,      11112 total
[2025-08-28T13:06:58.045+0000][1088069][trace][gc,age      ] GC(180) - age   3:      10720 bytes,      21832 total
[2025-08-28T13:06:58.045+0000][1088069][trace][gc,age      ] GC(180) - age   4:        376 bytes,      22208 total
[2025-08-28T13:06:58.045+0000][1088069][trace][gc,age      ] GC(180) - age  13:        760 bytes,      22968 total
[2025-08-28T13:06:58.045+0000][1088069][trace][gc,age      ] GC(180) - age  14:        664 bytes,      23632 total
[2025-08-28T13:06:58.045+0000][1088069][info ][gc,heap     ] GC(180) Eden regions: 75->0(75)
[2025-08-28T13:06:58.045+0000][1088069][info ][gc,heap     ] GC(180) Survivor regions: 1->1(10)
[2025-08-28T13:06:58.045+0000][1088069][info ][gc,heap     ] GC(180) Old regions: 25->25
[2025-08-28T13:06:58.045+0000][1088069][info ][gc,heap     ] GC(180) Humongous regions: 0->0
[2025-08-28T13:06:58.045+0000][1088069][info ][gc,metaspace] GC(180) Metaspace: 144860K(148928K)->144860K(148928K) NonClass: 125007K(127168K)->125007K(127168K) Class: 19853K(21760K)->19853K(21760K)
[2025-08-28T13:06:58.045+0000][1088069][info ][gc          ] GC(180) Pause Young (Normal) (G1 Evacuation Pause) 399M->99M(512M) 3.159ms
[2025-08-28T13:06:58.045+0000][1088069][info ][gc,cpu      ] GC(180) User=0.01s Sys=0.00s Real=0.00s
[2025-08-28T13:06:58.045+0000][1088069][info ][safepoint   ] Safepoint "G1CollectForAllocation", Time since last: 2922070674 ns, Reaching safepoint: 30896 ns, Cleanup: 6780 ns, At safepoint: 3397684 ns, Total: 3435360 ns
[2025-08-28T13:07:01.154+0000][1088069][info ][gc,start    ] GC(181) Pause Young (Normal) (G1 Evacuation Pause)
[2025-08-28T13:07:01.154+0000][1088069][info ][gc,task     ] GC(181) Using 12 workers of 33 for evacuation
[2025-08-28T13:07:01.154+0000][1088069][debug][gc,age      ] GC(181) Desired survivor size 20971520 bytes, new threshold 15 (max threshold 15)
[2025-08-28T13:07:01.156+0000][1088069][info ][gc,phases   ] GC(181)   Pre Evacuate Collection Set: 0.2ms
[2025-08-28T13:07:01.156+0000][1088069][info ][gc,phases   ] GC(181)   Merge Heap Roots: 0.1ms
[2025-08-28T13:07:01.156+0000][1088069][info ][gc,phases   ] GC(181)   Evacuate Collection Set: 2.0ms
[2025-08-28T13:07:01.156+0000][1088069][info ][gc,phases   ] GC(181)   Post Evacuate Collection Set: 0.3ms
[2025-08-28T13:07:01.156+0000][1088069][info ][gc,phases   ] GC(181)   Other: 0.1ms
[2025-08-28T13:07:01.156+0000][1088069][trace][gc,age      ] GC(181) Age table with threshold 15 (max threshold 15)
[2025-08-28T13:07:01.156+0000][1088069][trace][gc,age      ] GC(181) - age   1:     675592 bytes,     675592 total
[2025-08-28T13:07:01.156+0000][1088069][trace][gc,age      ] GC(181) - age   2:         32 bytes,     675624 total
[2025-08-28T13:07:01.156+0000][1088069][trace][gc,age      ] GC(181) - age   3:       2376 bytes,     678000 total
[2025-08-28T13:07:01.156+0000][1088069][trace][gc,age      ] GC(181) - age   4:      10480 bytes,     688480 total
[2025-08-28T13:07:01.156+0000][1088069][trace][gc,age      ] GC(181) - age   5:        376 bytes,     688856 total
[2025-08-28T13:07:01.156+0000][1088069][trace][gc,age      ] GC(181) - age  14:        760 bytes,     689616 total
[2025-08-28T13:07:01.156+0000][1088069][trace][gc,age      ] GC(181) - age  15:        664 bytes,     690280 total
[2025-08-28T13:07:01.156+0000][1088069][info ][gc,heap     ] GC(181) Eden regions: 75->0(75)
[2025-08-28T13:07:01.156+0000][1088069][info ][gc,heap     ] GC(181) Survivor regions: 1->1(10)
[2025-08-28T13:07:01.156+0000][1088069][info ][gc,heap     ] GC(181) Old regions: 25->25
[2025-08-28T13:07:01.156+0000][1088069][info ][gc,heap     ] GC(181) Humongous regions: 0->0
[2025-08-28T13:07:01.157+0000][1088069][info ][gc,metaspace] GC(181) Metaspace: 144860K(148928K)->144860K(148928K) NonClass: 125007K(127168K)->125007K(127168K) Class: 19853K(21760K)->19853K(21760K)
[2025-08-28T13:07:01.157+0000][1088069][info ][gc          ] GC(181) Pause Young (Normal) (G1 Evacuation Pause) 399M->100M(512M) 2.847ms
[2025-08-28T13:07:01.157+0000][1088069][info ][gc,cpu      ] GC(181) User=0.01s Sys=0.00s Real=0.00s
[2025-08-28T13:07:01.157+0000][1088069][info ][safepoint   ] Safepoint "G1CollectForAllocation", Time since last: 3108492098 ns, Reaching safepoint: 30115 ns, Cleanup: 4186 ns, At safepoint: 3053317 ns, Total: 3087618 ns
[2025-08-28T13:07:04.104+0000][1088069][info ][gc,start    ] GC(182) Pause Young (Normal) (G1 Evacuation Pause)
[2025-08-28T13:07:04.104+0000][1088069][info ][gc,task     ] GC(182) Using 12 workers of 33 for evacuation
[2025-08-28T13:07:04.104+0000][1088069][debug][gc,age      ] GC(182) Desired survivor size 20971520 bytes, new threshold 15 (max threshold 15)
[2025-08-28T13:07:04.107+0000][1088069][info ][gc,phases   ] GC(182)   Pre Evacuate Collection Set: 0.2ms
[2025-08-28T13:07:04.107+0000][1088069][info ][gc,phases   ] GC(182)   Merge Heap Roots: 0.1ms
[2025-08-28T13:07:04.107+0000][1088069][info ][gc,phases   ] GC(182)   Evacuate Collection Set: 2.1ms
[2025-08-28T13:07:04.107+0000][1088069][info ][gc,phases   ] GC(182)   Post Evacuate Collection Set: 0.4ms
[2025-08-28T13:07:04.107+0000][1088069][info ][gc,phases   ] GC(182)   Other: 0.1ms
[2025-08-28T13:07:04.107+0000][1088069][trace][gc,age      ] GC(182) Age table with threshold 15 (max threshold 15)
[2025-08-28T13:07:04.107+0000][1088069][trace][gc,age      ] GC(182) - age   1:     676544 bytes,     676544 total
[2025-08-28T13:07:04.107+0000][1088069][trace][gc,age      ] GC(182) - age   2:        776 bytes,     677320 total
[2025-08-28T13:07:04.107+0000][1088069][trace][gc,age      ] GC(182) - age   3:         32 bytes,     677352 total
[2025-08-28T13:07:04.107+0000][1088069][trace][gc,age      ] GC(182) - age   4:       2376 bytes,     679728 total
[2025-08-28T13:07:04.107+0000][1088069][trace][gc,age      ] GC(182) - age   5:      10480 bytes,     690208 total
[2025-08-28T13:07:04.107+0000][1088069][trace][gc,age      ] GC(182) - age   6:        376 bytes,     690584 total
[2025-08-28T13:07:04.107+0000][1088069][trace][gc,age      ] GC(182) - age  15:        760 bytes,     691344 total
[2025-08-28T13:07:04.107+0000][1088069][info ][gc,heap     ] GC(182) Eden regions: 75->0(75)
[2025-08-28T13:07:04.107+0000][1088069][info ][gc,heap     ] GC(182) Survivor regions: 1->1(10)
[2025-08-28T13:07:04.107+0000][1088069][info ][gc,heap     ] GC(182) Old regions: 25->25
[2025-08-28T13:07:04.107+0000][1088069][info ][gc,heap     ] GC(182) Humongous regions: 0->0
[2025-08-28T13:07:04.107+0000][1088069][info ][gc,metaspace] GC(182) Metaspace: 144860K(148928K)->144860K(148928K) NonClass: 125007K(127168K)->125007K(127168K) Class: 19853K(21760K)->19853K(21760K)
[2025-08-28T13:07:04.107+0000][1088069][info ][gc          ] GC(182) Pause Young (Normal) (G1 Evacuation Pause) 400M->100M(512M) 3.058ms
[2025-08-28T13:07:04.107+0000][1088069][info ][gc,cpu      ] GC(182) User=0.01s Sys=0.00s Real=0.00s
[2025-08-28T13:07:04.107+0000][1088069][info ][safepoint   ] Safepoint "G1CollectForAllocation", Time since last: 2947059653 ns, Reaching safepoint: 30546 ns, Cleanup: 5759 ns, At safepoint: 3273978 ns, Total: 3310283 ns
[2025-08-28T13:07:07.029+0000][1088069][info ][gc,start    ] GC(183) Pause Young (Normal) (G1 Evacuation Pause)
[2025-08-28T13:07:07.029+0000][1088069][info ][gc,task     ] GC(183) Using 12 workers of 33 for evacuation
[2025-08-28T13:07:07.029+0000][1088069][debug][gc,age      ] GC(183) Desired survivor size 20971520 bytes, new threshold 15 (max threshold 15)
[2025-08-28T13:07:07.033+0000][1088069][info ][gc,phases   ] GC(183)   Pre Evacuate Collection Set: 0.3ms
[2025-08-28T13:07:07.033+0000][1088069][info ][gc,phases   ] GC(183)   Merge Heap Roots: 0.1ms
[2025-08-28T13:07:07.033+0000][1088069][info ][gc,phases   ] GC(183)   Evacuate Collection Set: 2.5ms
[2025-08-28T13:07:07.033+0000][1088069][info ][gc,phases   ] GC(183)   Post Evacuate Collection Set: 0.5ms
[2025-08-28T13:07:07.033+0000][1088069][info ][gc,phases   ] GC(183)   Other: 0.1ms
[2025-08-28T13:07:07.033+0000][1088069][trace][gc,age      ] GC(183) Age table with threshold 15 (max threshold 15)
[2025-08-28T13:07:07.033+0000][1088069][trace][gc,age      ] GC(183) - age   1:       8528 bytes,       8528 total
[2025-08-28T13:07:07.033+0000][1088069][trace][gc,age      ] GC(183) - age   2:        176 bytes,       8704 total
[2025-08-28T13:07:07.033+0000][1088069][trace][gc,age      ] GC(183) - age   3:        240 bytes,       8944 total
[2025-08-28T13:07:07.033+0000][1088069][trace][gc,age      ] GC(183) - age   4:         32 bytes,       8976 total
[2025-08-28T13:07:07.033+0000][1088069][trace][gc,age      ] GC(183) - age   5:       2376 bytes,      11352 total
[2025-08-28T13:07:07.033+0000][1088069][trace][gc,age      ] GC(183) - age   6:      10480 bytes,      21832 total
[2025-08-28T13:07:07.033+0000][1088069][trace][gc,age      ] GC(183) - age   7:        376 bytes,      22208 total
[2025-08-28T13:07:07.033+0000][1088069][info ][gc,heap     ] GC(183) Eden regions: 75->0(75)
[2025-08-28T13:07:07.033+0000][1088069][info ][gc,heap     ] GC(183) Survivor regions: 1->1(10)
[2025-08-28T13:07:07.033+0000][1088069][info ][gc,heap     ] GC(183) Old regions: 25->25
[2025-08-28T13:07:07.033+0000][1088069][info ][gc,heap     ] GC(183) Humongous regions: 0->0
[2025-08-28T13:07:07.033+0000][1088069][info ][gc,metaspace] GC(183) Metaspace: 144860K(148928K)->144860K(148928K) NonClass: 125007K(127168K)->125007K(127168K) Class: 19853K(21760K)->19853K(21760K)
[2025-08-28T13:07:07.033+0000][1088069][info ][gc          ] GC(183) Pause Young (Normal) (G1 Evacuation Pause) 400M->99M(512M) 3.683ms
[2025-08-28T13:07:07.033+0000][1088069][info ][gc,cpu      ] GC(183) User=0.01s Sys=0.00s Real=0.01s
[2025-08-28T13:07:07.033+0000][1088069][info ][safepoint   ] Safepoint "G1CollectForAllocation", Time since last: 2922122471 ns, Reaching safepoint: 34852 ns, Cleanup: 6350 ns, At safepoint: 3954902 ns, Total: 3996104 ns
[2025-08-28T13:07:09.954+0000][1088069][info ][gc,start    ] GC(184) Pause Young (Normal) (G1 Evacuation Pause)
[2025-08-28T13:07:09.954+0000][1088069][info ][gc,task     ] GC(184) Using 12 workers of 33 for evacuation
[2025-08-28T13:07:09.954+0000][1088069][debug][gc,age      ] GC(184) Desired survivor size 20971520 bytes, new threshold 15 (max threshold 15)
[2025-08-28T13:07:09.957+0000][1088069][info ][gc,phases   ] GC(184)   Pre Evacuate Collection Set: 0.2ms
[2025-08-28T13:07:09.957+0000][1088069][info ][gc,phases   ] GC(184)   Merge Heap Roots: 0.1ms
[2025-08-28T13:07:09.957+0000][1088069][info ][gc,phases   ] GC(184)   Evacuate Collection Set: 2.1ms
[2025-08-28T13:07:09.957+0000][1088069][info ][gc,phases   ] GC(184)   Post Evacuate Collection Set: 0.4ms
[2025-08-28T13:07:09.957+0000][1088069][info ][gc,phases   ] GC(184)   Other: 0.1ms
[2025-08-28T13:07:09.957+0000][1088069][trace][gc,age      ] GC(184) Age table with threshold 15 (max threshold 15)
[2025-08-28T13:07:09.957+0000][1088069][trace][gc,age      ] GC(184) - age   1:       8928 bytes,       8928 total
[2025-08-28T13:07:09.957+0000][1088069][trace][gc,age      ] GC(184) - age   4:        240 bytes,       9168 total
[2025-08-28T13:07:09.957+0000][1088069][trace][gc,age      ] GC(184) - age   5:         32 bytes,       9200 total
[2025-08-28T13:07:09.957+0000][1088069][trace][gc,age      ] GC(184) - age   6:       2376 bytes,      11576 total
[2025-08-28T13:07:09.957+0000][1088069][trace][gc,age      ] GC(184) - age   7:      10256 bytes,      21832 total
[2025-08-28T13:07:09.957+0000][1088069][trace][gc,age      ] GC(184) - age   8:        376 bytes,      22208 total
[2025-08-28T13:07:09.957+0000][1088069][info ][gc,heap     ] GC(184) Eden regions: 75->0(75)
[2025-08-28T13:07:09.957+0000][1088069][info ][gc,heap     ] GC(184) Survivor regions: 1->1(10)
[2025-08-28T13:07:09.957+0000][1088069][info ][gc,heap     ] GC(184) Old regions: 25->25
[2025-08-28T13:07:09.957+0000][1088069][info ][gc,heap     ] GC(184) Humongous regions: 0->0
[2025-08-28T13:07:09.957+0000][1088069][info ][gc,metaspace] GC(184) Metaspace: 144860K(148928K)->144860K(148928K) NonClass: 125007K(127168K)->125007K(127168K) Class: 19853K(21760K)->19853K(21760K)
[2025-08-28T13:07:09.957+0000][1088069][info ][gc          ] GC(184) Pause Young (Normal) (G1 Evacuation Pause) 399M->99M(512M) 3.087ms
[2025-08-28T13:07:09.957+0000][1088069][info ][gc,cpu      ] GC(184) User=0.01s Sys=0.00s Real=0.00s
[2025-08-28T13:07:09.957+0000][1088069][info ][safepoint   ] Safepoint "G1CollectForAllocation", Time since last: 2920655638 ns, Reaching safepoint: 36675 ns, Cleanup: 8203 ns, At safepoint: 3342372 ns, Total: 3387250 ns
[2025-08-28T13:07:13.367+0000][1088069][info ][gc,start    ] GC(185) Pause Young (Normal) (G1 Evacuation Pause)
[2025-08-28T13:07:13.367+0000][1088069][info ][gc,task     ] GC(185) Using 12 workers of 33 for evacuation
[2025-08-28T13:07:13.367+0000][1088069][debug][gc,age      ] GC(185) Desired survivor size 20971520 bytes, new threshold 15 (max threshold 15)
[2025-08-28T13:07:13.371+0000][1088069][info ][gc,phases   ] GC(185)   Pre Evacuate Collection Set: 0.2ms
[2025-08-28T13:07:13.371+0000][1088069][info ][gc,phases   ] GC(185)   Merge Heap Roots: 0.1ms
[2025-08-28T13:07:13.371+0000][1088069][info ][gc,phases   ] GC(185)   Evacuate Collection Set: 3.4ms
[2025-08-28T13:07:13.371+0000][1088069][info ][gc,phases   ] GC(185)   Post Evacuate Collection Set: 0.4ms
[2025-08-28T13:07:13.371+0000][1088069][info ][gc,phases   ] GC(185)   Other: 0.1ms
[2025-08-28T13:07:13.371+0000][1088069][trace][gc,age      ] GC(185) Age table with threshold 15 (max threshold 15)
[2025-08-28T13:07:13.371+0000][1088069][trace][gc,age      ] GC(185) - age   1:       8264 bytes,       8264 total
[2025-08-28T13:07:13.371+0000][1088069][trace][gc,age      ] GC(185) - age   2:        936 bytes,       9200 total
[2025-08-28T13:07:13.371+0000][1088069][trace][gc,age      ] GC(185) - age   6:         32 bytes,       9232 total
[2025-08-28T13:07:13.371+0000][1088069][trace][gc,age      ] GC(185) - age   7:       2376 bytes,      11608 total
[2025-08-28T13:07:13.371+0000][1088069][trace][gc,age      ] GC(185) - age   8:      10224 bytes,      21832 total
[2025-08-28T13:07:13.371+0000][1088069][trace][gc,age      ] GC(185) - age   9:        376 bytes,      22208 total
[2025-08-28T13:07:13.371+0000][1088069][info ][gc,heap     ] GC(185) Eden regions: 75->0(75)
[2025-08-28T13:07:13.371+0000][1088069][info ][gc,heap     ] GC(185) Survivor regions: 1->1(10)
[2025-08-28T13:07:13.371+0000][1088069][info ][gc,heap     ] GC(185) Old regions: 25->25
[2025-08-28T13:07:13.371+0000][1088069][info ][gc,heap     ] GC(185) Humongous regions: 0->0
[2025-08-28T13:07:13.371+0000][1088069][info ][gc,metaspace] GC(185) Metaspace: 144860K(148928K)->144860K(148928K) NonClass: 125007K(127168K)->125007K(127168K) Class: 19853K(21760K)->19853K(21760K)
[2025-08-28T13:07:13.371+0000][1088069][info ][gc          ] GC(185) Pause Young (Normal) (G1 Evacuation Pause) 399M->99M(512M) 4.437ms
[2025-08-28T13:07:13.371+0000][1088069][info ][gc,cpu      ] GC(185) User=0.01s Sys=0.00s Real=0.01s
[2025-08-28T13:07:13.371+0000][1088069][info ][safepoint   ] Safepoint "G1CollectForAllocation", Time since last: 3409416347 ns, Reaching safepoint: 36054 ns, Cleanup: 7451 ns, At safepoint: 4738370 ns, Total: 4781875 ns
[2025-08-28T13:07:16.315+0000][1088069][info ][gc,start    ] GC(186) Pause Young (Normal) (G1 Evacuation Pause)
[2025-08-28T13:07:16.315+0000][1088069][info ][gc,task     ] GC(186) Using 12 workers of 33 for evacuation
[2025-08-28T13:07:16.315+0000][1088069][debug][gc,age      ] GC(186) Desired survivor size 20971520 bytes, new threshold 15 (max threshold 15)
[2025-08-28T13:07:16.318+0000][1088069][info ][gc,phases   ] GC(186)   Pre Evacuate Collection Set: 0.2ms
[2025-08-28T13:07:16.318+0000][1088069][info ][gc,phases   ] GC(186)   Merge Heap Roots: 0.1ms
[2025-08-28T13:07:16.318+0000][1088069][info ][gc,phases   ] GC(186)   Evacuate Collection Set: 2.1ms
[2025-08-28T13:07:16.318+0000][1088069][info ][gc,phases   ] GC(186)   Post Evacuate Collection Set: 0.5ms
[2025-08-28T13:07:16.318+0000][1088069][info ][gc,phases   ] GC(186)   Other: 0.1ms
[2025-08-28T13:07:16.318+0000][1088069][trace][gc,age      ] GC(186) Age table with threshold 15 (max threshold 15)
[2025-08-28T13:07:16.318+0000][1088069][trace][gc,age      ] GC(186) - age   1:     642088 bytes,     642088 total
[2025-08-28T13:07:16.318+0000][1088069][trace][gc,age      ] GC(186) - age   2:        272 bytes,     642360 total
[2025-08-28T13:07:16.318+0000][1088069][trace][gc,age      ] GC(186) - age   3:        224 bytes,     642584 total
[2025-08-28T13:07:16.318+0000][1088069][trace][gc,age      ] GC(186) - age   7:         32 bytes,     642616 total
[2025-08-28T13:07:16.318+0000][1088069][trace][gc,age      ] GC(186) - age   8:       2376 bytes,     644992 total
[2025-08-28T13:07:16.318+0000][1088069][trace][gc,age      ] GC(186) - age   9:      10224 bytes,     655216 total
[2025-08-28T13:07:16.318+0000][1088069][trace][gc,age      ] GC(186) - age  10:        376 bytes,     655592 total
[2025-08-28T13:07:16.318+0000][1088069][info ][gc,heap     ] GC(186) Eden regions: 75->0(75)
[2025-08-28T13:07:16.318+0000][1088069][info ][gc,heap     ] GC(186) Survivor regions: 1->1(10)
[2025-08-28T13:07:16.318+0000][1088069][info ][gc,heap     ] GC(186) Old regions: 25->25
[2025-08-28T13:07:16.318+0000][1088069][info ][gc,heap     ] GC(186) Humongous regions: 0->0
[2025-08-28T13:07:16.318+0000][1088069][info ][gc,metaspace] GC(186) Metaspace: 144860K(148928K)->144860K(148928K) NonClass: 125007K(127168K)->125007K(127168K) Class: 19853K(21760K)->19853K(21760K)
[2025-08-28T13:07:16.318+0000][1088069][info ][gc          ] GC(186) Pause Young (Normal) (G1 Evacuation Pause) 399M->100M(512M) 3.248ms
[2025-08-28T13:07:16.318+0000][1088069][info ][gc,cpu      ] GC(186) User=0.01s Sys=0.00s Real=0.00s
[2025-08-28T13:07:16.318+0000][1088069][info ][safepoint   ] Safepoint "G1CollectForAllocation", Time since last: 2943175207 ns, Reaching safepoint: 80090 ns, Cleanup: 6810 ns, At safepoint: 3544436 ns, Total: 3631336 ns
[2025-08-28T13:07:19.253+0000][1088069][info ][gc,start    ] GC(187) Pause Young (Normal) (G1 Evacuation Pause)
[2025-08-28T13:07:19.253+0000][1088069][info ][gc,task     ] GC(187) Using 12 workers of 33 for evacuation
[2025-08-28T13:07:19.253+0000][1088069][debug][gc,age      ] GC(187) Desired survivor size 20971520 bytes, new threshold 15 (max threshold 15)
[2025-08-28T13:07:19.256+0000][1088069][info ][gc,phases   ] GC(187)   Pre Evacuate Collection Set: 0.2ms
[2025-08-28T13:07:19.256+0000][1088069][info ][gc,phases   ] GC(187)   Merge Heap Roots: 0.1ms
[2025-08-28T13:07:19.256+0000][1088069][info ][gc,phases   ] GC(187)   Evacuate Collection Set: 2.3ms
[2025-08-28T13:07:19.256+0000][1088069][info ][gc,phases   ] GC(187)   Post Evacuate Collection Set: 0.5ms
[2025-08-28T13:07:19.256+0000][1088069][info ][gc,phases   ] GC(187)   Other: 0.1ms
[2025-08-28T13:07:19.256+0000][1088069][trace][gc,age      ] GC(187) Age table with threshold 15 (max threshold 15)
[2025-08-28T13:07:19.256+0000][1088069][trace][gc,age      ] GC(187) - age   1:       8376 bytes,       8376 total
[2025-08-28T13:07:19.256+0000][1088069][trace][gc,age      ] GC(187) - age   2:        536 bytes,       8912 total
[2025-08-28T13:07:19.256+0000][1088069][trace][gc,age      ] GC(187) - age   3:        240 bytes,       9152 total
[2025-08-28T13:07:19.256+0000][1088069][trace][gc,age      ] GC(187) - age   4:        224 bytes,       9376 total
[2025-08-28T13:07:19.256+0000][1088069][trace][gc,age      ] GC(187) - age   8:         32 bytes,       9408 total
[2025-08-28T13:07:19.256+0000][1088069][trace][gc,age      ] GC(187) - age   9:       2376 bytes,      11784 total
[2025-08-28T13:07:19.256+0000][1088069][trace][gc,age      ] GC(187) - age  10:      10224 bytes,      22008 total
[2025-08-28T13:07:19.256+0000][1088069][trace][gc,age      ] GC(187) - age  11:        200 bytes,      22208 total
[2025-08-28T13:07:19.256+0000][1088069][info ][gc,heap     ] GC(187) Eden regions: 75->0(75)
[2025-08-28T13:07:19.256+0000][1088069][info ][gc,heap     ] GC(187) Survivor regions: 1->1(10)
[2025-08-28T13:07:19.256+0000][1088069][info ][gc,heap     ] GC(187) Old regions: 25->25
[2025-08-28T13:07:19.256+0000][1088069][info ][gc,heap     ] GC(187) Humongous regions: 0->0
[2025-08-28T13:07:19.256+0000][1088069][info ][gc,metaspace] GC(187) Metaspace: 144862K(148928K)->144862K(148928K) NonClass: 125008K(127168K)->125008K(127168K) Class: 19853K(21760K)->19853K(21760K)
[2025-08-28T13:07:19.256+0000][1088069][info ][gc          ] GC(187) Pause Young (Normal) (G1 Evacuation Pause) 400M->99M(512M) 3.349ms
[2025-08-28T13:07:19.256+0000][1088069][info ][gc,cpu      ] GC(187) User=0.01s Sys=0.00s Real=0.00s
[2025-08-28T13:07:19.256+0000][1088069][info ][safepoint   ] Safepoint "G1CollectForAllocation", Time since last: 2934238308 ns, Reaching safepoint: 29795 ns, Cleanup: 6860 ns, At safepoint: 3628673 ns, Total: 3665328 ns
[2025-08-28T13:07:22.190+0000][1088069][info ][gc,start    ] GC(188) Pause Young (Normal) (G1 Evacuation Pause)
[2025-08-28T13:07:22.190+0000][1088069][info ][gc,task     ] GC(188) Using 12 workers of 33 for evacuation
[2025-08-28T13:07:22.190+0000][1088069][debug][gc,age      ] GC(188) Desired survivor size 20971520 bytes, new threshold 15 (max threshold 15)
[2025-08-28T13:07:22.193+0000][1088069][info ][gc,phases   ] GC(188)   Pre Evacuate Collection Set: 0.2ms
[2025-08-28T13:07:22.193+0000][1088069][info ][gc,phases   ] GC(188)   Merge Heap Roots: 0.1ms
[2025-08-28T13:07:22.193+0000][1088069][info ][gc,phases   ] GC(188)   Evacuate Collection Set: 2.3ms
[2025-08-28T13:07:22.193+0000][1088069][info ][gc,phases   ] GC(188)   Post Evacuate Collection Set: 0.5ms
[2025-08-28T13:07:22.193+0000][1088069][info ][gc,phases   ] GC(188)   Other: 0.1ms
[2025-08-28T13:07:22.193+0000][1088069][trace][gc,age      ] GC(188) Age table with threshold 15 (max threshold 15)
[2025-08-28T13:07:22.193+0000][1088069][trace][gc,age      ] GC(188) - age   1:     114136 bytes,     114136 total
[2025-08-28T13:07:22.193+0000][1088069][trace][gc,age      ] GC(188) - age   2:        384 bytes,     114520 total
[2025-08-28T13:07:22.193+0000][1088069][trace][gc,age      ] GC(188) - age   5:        224 bytes,     114744 total
[2025-08-28T13:07:22.193+0000][1088069][trace][gc,age      ] GC(188) - age   9:         32 bytes,     114776 total
[2025-08-28T13:07:22.193+0000][1088069][trace][gc,age      ] GC(188) - age  10:       2216 bytes,     116992 total
[2025-08-28T13:07:22.193+0000][1088069][trace][gc,age      ] GC(188) - age  11:       4736 bytes,     121728 total
[2025-08-28T13:07:22.193+0000][1088069][trace][gc,age      ] GC(188) - age  12:        200 bytes,     121928 total
[2025-08-28T13:07:22.193+0000][1088069][info ][gc,heap     ] GC(188) Eden regions: 75->0(75)
[2025-08-28T13:07:22.193+0000][1088069][info ][gc,heap     ] GC(188) Survivor regions: 1->1(10)
[2025-08-28T13:07:22.193+0000][1088069][info ][gc,heap     ] GC(188) Old regions: 25->25
[2025-08-28T13:07:22.193+0000][1088069][info ][gc,heap     ] GC(188) Humongous regions: 0->0
[2025-08-28T13:07:22.193+0000][1088069][info ][gc,metaspace] GC(188) Metaspace: 144863K(148928K)->144863K(148928K) NonClass: 125009K(127168K)->125009K(127168K) Class: 19853K(21760K)->19853K(21760K)
[2025-08-28T13:07:22.193+0000][1088069][info ][gc          ] GC(188) Pause Young (Normal) (G1 Evacuation Pause) 399M->99M(512M) 3.509ms
[2025-08-28T13:07:22.193+0000][1088069][info ][gc,cpu      ] GC(188) User=0.00s Sys=0.01s Real=0.01s
[2025-08-28T13:07:22.193+0000][1088069][info ][safepoint   ] Safepoint "G1CollectForAllocation", Time since last: 2933322872 ns, Reaching safepoint: 34041 ns, Cleanup: 16845 ns, At safepoint: 3798057 ns, Total: 3848943 ns
[2025-08-28T13:07:25.315+0000][1088069][info ][gc,start    ] GC(189) Pause Young (Normal) (G1 Evacuation Pause)
[2025-08-28T13:07:25.315+0000][1088069][info ][gc,task     ] GC(189) Using 12 workers of 33 for evacuation
[2025-08-28T13:07:25.315+0000][1088069][debug][gc,age      ] GC(189) Desired survivor size 20971520 bytes, new threshold 15 (max threshold 15)
[2025-08-28T13:07:25.318+0000][1088069][info ][gc,phases   ] GC(189)   Pre Evacuate Collection Set: 0.3ms
[2025-08-28T13:07:25.318+0000][1088069][info ][gc,phases   ] GC(189)   Merge Heap Roots: 0.1ms
[2025-08-28T13:07:25.318+0000][1088069][info ][gc,phases   ] GC(189)   Evacuate Collection Set: 2.2ms
[2025-08-28T13:07:25.318+0000][1088069][info ][gc,phases   ] GC(189)   Post Evacuate Collection Set: 0.5ms
[2025-08-28T13:07:25.318+0000][1088069][info ][gc,phases   ] GC(189)   Other: 0.1ms
[2025-08-28T13:07:25.318+0000][1088069][trace][gc,age      ] GC(189) Age table with threshold 15 (max threshold 15)
[2025-08-28T13:07:25.318+0000][1088069][trace][gc,age      ] GC(189) - age   1:     628064 bytes,     628064 total
[2025-08-28T13:07:25.318+0000][1088069][trace][gc,age      ] GC(189) - age   2:       6176 bytes,     634240 total
[2025-08-28T13:07:25.318+0000][1088069][trace][gc,age      ] GC(189) - age   3:        208 bytes,     634448 total
[2025-08-28T13:07:25.318+0000][1088069][trace][gc,age      ] GC(189) - age   6:        224 bytes,     634672 total
[2025-08-28T13:07:25.318+0000][1088069][trace][gc,age      ] GC(189) - age  10:         32 bytes,     634704 total
[2025-08-28T13:07:25.318+0000][1088069][trace][gc,age      ] GC(189) - age  11:       1296 bytes,     636000 total
[2025-08-28T13:07:25.318+0000][1088069][trace][gc,age      ] GC(189) - age  12:       4736 bytes,     640736 total
[2025-08-28T13:07:25.318+0000][1088069][trace][gc,age      ] GC(189) - age  13:        200 bytes,     640936 total
[2025-08-28T13:07:25.318+0000][1088069][info ][gc,heap     ] GC(189) Eden regions: 75->0(75)
[2025-08-28T13:07:25.318+0000][1088069][info ][gc,heap     ] GC(189) Survivor regions: 1->1(10)
[2025-08-28T13:07:25.318+0000][1088069][info ][gc,heap     ] GC(189) Old regions: 25->25
[2025-08-28T13:07:25.318+0000][1088069][info ][gc,heap     ] GC(189) Humongous regions: 0->0
[2025-08-28T13:07:25.318+0000][1088069][info ][gc,metaspace] GC(189) Metaspace: 144864K(148928K)->144864K(148928K) NonClass: 125011K(127168K)->125011K(127168K) Class: 19853K(21760K)->19853K(21760K)
[2025-08-28T13:07:25.318+0000][1088069][info ][gc          ] GC(189) Pause Young (Normal) (G1 Evacuation Pause) 399M->100M(512M) 3.422ms
[2025-08-28T13:07:25.319+0000][1088069][info ][gc,cpu      ] GC(189) User=0.01s Sys=0.00s Real=0.00s
[2025-08-28T13:07:25.319+0000][1088069][info ][safepoint   ] Safepoint "G1CollectForAllocation", Time since last: 3121644271 ns, Reaching safepoint: 36064 ns, Cleanup: 6860 ns, At safepoint: 3735273 ns, Total: 3778197 ns
[2025-08-28T13:07:28.265+0000][1088069][info ][gc,start    ] GC(190) Pause Young (Normal) (G1 Evacuation Pause)
[2025-08-28T13:07:28.265+0000][1088069][info ][gc,task     ] GC(190) Using 12 workers of 33 for evacuation
[2025-08-28T13:07:28.265+0000][1088069][debug][gc,age      ] GC(190) Desired survivor size 20971520 bytes, new threshold 15 (max threshold 15)
[2025-08-28T13:07:28.268+0000][1088069][info ][gc,phases   ] GC(190)   Pre Evacuate Collection Set: 0.2ms
[2025-08-28T13:07:28.268+0000][1088069][info ][gc,phases   ] GC(190)   Merge Heap Roots: 0.1ms
[2025-08-28T13:07:28.268+0000][1088069][info ][gc,phases   ] GC(190)   Evacuate Collection Set: 2.2ms
[2025-08-28T13:07:28.268+0000][1088069][info ][gc,phases   ] GC(190)   Post Evacuate Collection Set: 0.5ms
[2025-08-28T13:07:28.268+0000][1088069][info ][gc,phases   ] GC(190)   Other: 0.1ms
[2025-08-28T13:07:28.268+0000][1088069][trace][gc,age      ] GC(190) Age table with threshold 15 (max threshold 15)
[2025-08-28T13:07:28.268+0000][1088069][trace][gc,age      ] GC(190) - age   1:     674840 bytes,     674840 total
[2025-08-28T13:07:28.268+0000][1088069][trace][gc,age      ] GC(190) - age   2:       2016 bytes,     676856 total
[2025-08-28T13:07:28.268+0000][1088069][trace][gc,age      ] GC(190) - age   3:       6176 bytes,     683032 total
[2025-08-28T13:07:28.268+0000][1088069][trace][gc,age      ] GC(190) - age   4:        208 bytes,     683240 total
[2025-08-28T13:07:28.268+0000][1088069][trace][gc,age      ] GC(190) - age   7:        224 bytes,     683464 total
[2025-08-28T13:07:28.268+0000][1088069][trace][gc,age      ] GC(190) - age  11:         32 bytes,     683496 total
[2025-08-28T13:07:28.268+0000][1088069][trace][gc,age      ] GC(190) - age  12:       1296 bytes,     684792 total
[2025-08-28T13:07:28.268+0000][1088069][trace][gc,age      ] GC(190) - age  13:       4736 bytes,     689528 total
[2025-08-28T13:07:28.268+0000][1088069][trace][gc,age      ] GC(190) - age  14:        200 bytes,     689728 total
[2025-08-28T13:07:28.268+0000][1088069][info ][gc,heap     ] GC(190) Eden regions: 75->0(75)
[2025-08-28T13:07:28.268+0000][1088069][info ][gc,heap     ] GC(190) Survivor regions: 1->1(10)
[2025-08-28T13:07:28.268+0000][1088069][info ][gc,heap     ] GC(190) Old regions: 25->25
[2025-08-28T13:07:28.268+0000][1088069][info ][gc,heap     ] GC(190) Humongous regions: 0->0
[2025-08-28T13:07:28.268+0000][1088069][info ][gc,metaspace] GC(190) Metaspace: 144864K(148928K)->144864K(148928K) NonClass: 125011K(127168K)->125011K(127168K) Class: 19853K(21760K)->19853K(21760K)
[2025-08-28T13:07:28.268+0000][1088069][info ][gc          ] GC(190) Pause Young (Normal) (G1 Evacuation Pause) 400M->100M(512M) 3.233ms
[2025-08-28T13:07:28.268+0000][1088069][info ][gc,cpu      ] GC(190) User=0.01s Sys=0.00s Real=0.00s
[2025-08-28T13:07:28.268+0000][1088069][info ][safepoint   ] Safepoint "G1CollectForAllocation", Time since last: 2946071689 ns, Reaching safepoint: 37416 ns, Cleanup: 7612 ns, At safepoint: 3528161 ns, Total: 3573189 ns
[2025-08-28T13:07:31.389+0000][1088069][info ][gc,start    ] GC(191) Pause Young (Normal) (G1 Evacuation Pause)
[2025-08-28T13:07:31.390+0000][1088069][info ][gc,task     ] GC(191) Using 12 workers of 33 for evacuation
[2025-08-28T13:07:31.390+0000][1088069][debug][gc,age      ] GC(191) Desired survivor size 20971520 bytes, new threshold 15 (max threshold 15)
[2025-08-28T13:07:31.392+0000][1088069][info ][gc,phases   ] GC(191)   Pre Evacuate Collection Set: 0.3ms
[2025-08-28T13:07:31.392+0000][1088069][info ][gc,phases   ] GC(191)   Merge Heap Roots: 0.1ms
[2025-08-28T13:07:31.392+0000][1088069][info ][gc,phases   ] GC(191)   Evacuate Collection Set: 1.9ms
[2025-08-28T13:07:31.392+0000][1088069][info ][gc,phases   ] GC(191)   Post Evacuate Collection Set: 0.5ms
[2025-08-28T13:07:31.392+0000][1088069][info ][gc,phases   ] GC(191)   Other: 0.1ms
[2025-08-28T13:07:31.392+0000][1088069][trace][gc,age      ] GC(191) Age table with threshold 15 (max threshold 15)
[2025-08-28T13:07:31.392+0000][1088069][trace][gc,age      ] GC(191) - age   1:     643848 bytes,     643848 total
[2025-08-28T13:07:31.392+0000][1088069][trace][gc,age      ] GC(191) - age   3:       1304 bytes,     645152 total
[2025-08-28T13:07:31.392+0000][1088069][trace][gc,age      ] GC(191) - age   4:       5936 bytes,     651088 total
[2025-08-28T13:07:31.392+0000][1088069][trace][gc,age      ] GC(191) - age   5:        208 bytes,     651296 total
[2025-08-28T13:07:31.392+0000][1088069][trace][gc,age      ] GC(191) - age  12:         32 bytes,     651328 total
[2025-08-28T13:07:31.392+0000][1088069][trace][gc,age      ] GC(191) - age  13:       1296 bytes,     652624 total
[2025-08-28T13:07:31.392+0000][1088069][trace][gc,age      ] GC(191) - age  14:       4736 bytes,     657360 total
[2025-08-28T13:07:31.392+0000][1088069][trace][gc,age      ] GC(191) - age  15:        200 bytes,     657560 total
[2025-08-28T13:07:31.392+0000][1088069][info ][gc,heap     ] GC(191) Eden regions: 75->0(75)
[2025-08-28T13:07:31.392+0000][1088069][info ][gc,heap     ] GC(191) Survivor regions: 1->1(10)
[2025-08-28T13:07:31.392+0000][1088069][info ][gc,heap     ] GC(191) Old regions: 25->25
[2025-08-28T13:07:31.392+0000][1088069][info ][gc,heap     ] GC(191) Humongous regions: 0->0
[2025-08-28T13:07:31.392+0000][1088069][info ][gc,metaspace] GC(191) Metaspace: 144864K(148928K)->144864K(148928K) NonClass: 125011K(127168K)->125011K(127168K) Class: 19853K(21760K)->19853K(21760K)
[2025-08-28T13:07:31.392+0000][1088069][info ][gc          ] GC(191) Pause Young (Normal) (G1 Evacuation Pause) 400M->100M(512M) 2.932ms
[2025-08-28T13:07:31.392+0000][1088069][info ][gc,cpu      ] GC(191) User=0.01s Sys=0.01s Real=0.01s
[2025-08-28T13:07:31.392+0000][1088069][info ][safepoint   ] Safepoint "G1CollectForAllocation", Time since last: 3120974038 ns, Reaching safepoint: 35674 ns, Cleanup: 6199 ns, At safepoint: 3089763 ns, Total: 3131636 ns
[2025-08-28T13:07:34.352+0000][1088069][info ][gc,start    ] GC(192) Pause Young (Normal) (G1 Evacuation Pause)
[2025-08-28T13:07:34.352+0000][1088069][info ][gc,task     ] GC(192) Using 12 workers of 33 for evacuation
[2025-08-28T13:07:34.352+0000][1088069][debug][gc,age      ] GC(192) Desired survivor size 20971520 bytes, new threshold 15 (max threshold 15)
[2025-08-28T13:07:34.356+0000][1088069][info ][gc,phases   ] GC(192)   Pre Evacuate Collection Set: 0.3ms
[2025-08-28T13:07:34.356+0000][1088069][info ][gc,phases   ] GC(192)   Merge Heap Roots: 0.1ms
[2025-08-28T13:07:34.356+0000][1088069][info ][gc,phases   ] GC(192)   Evacuate Collection Set: 3.5ms
[2025-08-28T13:07:34.356+0000][1088069][info ][gc,phases   ] GC(192)   Post Evacuate Collection Set: 0.4ms
[2025-08-28T13:07:34.356+0000][1088069][info ][gc,phases   ] GC(192)   Other: 0.1ms
[2025-08-28T13:07:34.356+0000][1088069][trace][gc,age      ] GC(192) Age table with threshold 15 (max threshold 15)
[2025-08-28T13:07:34.356+0000][1088069][trace][gc,age      ] GC(192) - age   1:       8368 bytes,       8368 total
[2025-08-28T13:07:34.356+0000][1088069][trace][gc,age      ] GC(192) - age   2:       1000 bytes,       9368 total
[2025-08-28T13:07:34.356+0000][1088069][trace][gc,age      ] GC(192) - age   4:       1304 bytes,      10672 total
[2025-08-28T13:07:34.356+0000][1088069][trace][gc,age      ] GC(192) - age   5:       5936 bytes,      16608 total
[2025-08-28T13:07:34.356+0000][1088069][trace][gc,age      ] GC(192) - age   6:        208 bytes,      16816 total
[2025-08-28T13:07:34.356+0000][1088069][trace][gc,age      ] GC(192) - age  13:         32 bytes,      16848 total
[2025-08-28T13:07:34.356+0000][1088069][trace][gc,age      ] GC(192) - age  14:       1296 bytes,      18144 total
[2025-08-28T13:07:34.356+0000][1088069][trace][gc,age      ] GC(192) - age  15:       4736 bytes,      22880 total
[2025-08-28T13:07:34.356+0000][1088069][info ][gc,heap     ] GC(192) Eden regions: 75->0(75)
[2025-08-28T13:07:34.356+0000][1088069][info ][gc,heap     ] GC(192) Survivor regions: 1->1(10)
[2025-08-28T13:07:34.356+0000][1088069][info ][gc,heap     ] GC(192) Old regions: 25->25
[2025-08-28T13:07:34.356+0000][1088069][info ][gc,heap     ] GC(192) Humongous regions: 0->0
[2025-08-28T13:07:34.356+0000][1088069][info ][gc,metaspace] GC(192) Metaspace: 144864K(148928K)->144864K(148928K) NonClass: 125011K(127168K)->125011K(127168K) Class: 19853K(21760K)->19853K(21760K)
[2025-08-28T13:07:34.356+0000][1088069][info ][gc          ] GC(192) Pause Young (Normal) (G1 Evacuation Pause) 400M->99M(512M) 4.504ms
[2025-08-28T13:07:34.356+0000][1088069][info ][gc,cpu      ] GC(192) User=0.01s Sys=0.00s Real=0.00s
[2025-08-28T13:07:34.356+0000][1088069][info ][safepoint   ] Safepoint "G1CollectForAllocation", Time since last: 2959342412 ns, Reaching safepoint: 34432 ns, Cleanup: 6349 ns, At safepoint: 4675746 ns, Total: 4716527 ns
[2025-08-28T13:07:37.277+0000][1088069][info ][gc,start    ] GC(193) Pause Young (Normal) (G1 Evacuation Pause)
[2025-08-28T13:07:37.277+0000][1088069][info ][gc,task     ] GC(193) Using 12 workers of 33 for evacuation
[2025-08-28T13:07:37.277+0000][1088069][debug][gc,age      ] GC(193) Desired survivor size 20971520 bytes, new threshold 15 (max threshold 15)
[2025-08-28T13:07:37.280+0000][1088069][info ][gc,phases   ] GC(193)   Pre Evacuate Collection Set: 0.3ms
[2025-08-28T13:07:37.280+0000][1088069][info ][gc,phases   ] GC(193)   Merge Heap Roots: 0.1ms
[2025-08-28T13:07:37.280+0000][1088069][info ][gc,phases   ] GC(193)   Evacuate Collection Set: 2.3ms
[2025-08-28T13:07:37.280+0000][1088069][info ][gc,phases   ] GC(193)   Post Evacuate Collection Set: 0.5ms
[2025-08-28T13:07:37.280+0000][1088069][info ][gc,phases   ] GC(193)   Other: 0.1ms
[2025-08-28T13:07:37.280+0000][1088069][trace][gc,age      ] GC(193) Age table with threshold 15 (max threshold 15)
[2025-08-28T13:07:37.280+0000][1088069][trace][gc,age      ] GC(193) - age   1:     658648 bytes,     658648 total
[2025-08-28T13:07:37.280+0000][1088069][trace][gc,age      ] GC(193) - age   2:        176 bytes,     658824 total
[2025-08-28T13:07:37.280+0000][1088069][trace][gc,age      ] GC(193) - age   3:        464 bytes,     659288 total
[2025-08-28T13:07:37.280+0000][1088069][trace][gc,age      ] GC(193) - age   5:       1304 bytes,     660592 total
[2025-08-28T13:07:37.280+0000][1088069][trace][gc,age      ] GC(193) - age   6:       5936 bytes,     666528 total
[2025-08-28T13:07:37.280+0000][1088069][trace][gc,age      ] GC(193) - age   7:        208 bytes,     666736 total
[2025-08-28T13:07:37.280+0000][1088069][trace][gc,age      ] GC(193) - age  14:         32 bytes,     666768 total
[2025-08-28T13:07:37.280+0000][1088069][trace][gc,age      ] GC(193) - age  15:       1296 bytes,     668064 total
[2025-08-28T13:07:37.281+0000][1088069][info ][gc,heap     ] GC(193) Eden regions: 75->0(75)
[2025-08-28T13:07:37.281+0000][1088069][info ][gc,heap     ] GC(193) Survivor regions: 1->1(10)
[2025-08-28T13:07:37.281+0000][1088069][info ][gc,heap     ] GC(193) Old regions: 25->25
[2025-08-28T13:07:37.281+0000][1088069][info ][gc,heap     ] GC(193) Humongous regions: 0->0
[2025-08-28T13:07:37.281+0000][1088069][info ][gc,metaspace] GC(193) Metaspace: 144864K(148928K)->144864K(148928K) NonClass: 125011K(127168K)->125011K(127168K) Class: 19853K(21760K)->19853K(21760K)
[2025-08-28T13:07:37.281+0000][1088069][info ][gc          ] GC(193) Pause Young (Normal) (G1 Evacuation Pause) 399M->100M(512M) 3.429ms
[2025-08-28T13:07:37.281+0000][1088069][info ][gc,cpu      ] GC(193) User=0.01s Sys=0.00s Real=0.01s
[2025-08-28T13:07:37.281+0000][1088069][info ][safepoint   ] Safepoint "G1CollectForAllocation", Time since last: 2920499333 ns, Reaching safepoint: 31798 ns, Cleanup: 5078 ns, At safepoint: 3701892 ns, Total: 3738768 ns
[2025-08-28T13:07:40.227+0000][1088069][info ][gc,start    ] GC(194) Pause Young (Normal) (G1 Evacuation Pause)
[2025-08-28T13:07:40.227+0000][1088069][info ][gc,task     ] GC(194) Using 12 workers of 33 for evacuation
[2025-08-28T13:07:40.227+0000][1088069][debug][gc,age      ] GC(194) Desired survivor size 20971520 bytes, new threshold 15 (max threshold 15)
[2025-08-28T13:07:40.231+0000][1088069][info ][gc,phases   ] GC(194)   Pre Evacuate Collection Set: 0.3ms
[2025-08-28T13:07:40.231+0000][1088069][info ][gc,phases   ] GC(194)   Merge Heap Roots: 0.1ms
[2025-08-28T13:07:40.231+0000][1088069][info ][gc,phases   ] GC(194)   Evacuate Collection Set: 2.7ms
[2025-08-28T13:07:40.231+0000][1088069][info ][gc,phases   ] GC(194)   Post Evacuate Collection Set: 0.5ms
[2025-08-28T13:07:40.231+0000][1088069][info ][gc,phases   ] GC(194)   Other: 0.1ms
[2025-08-28T13:07:40.231+0000][1088069][trace][gc,age      ] GC(194) Age table with threshold 15 (max threshold 15)
[2025-08-28T13:07:40.231+0000][1088069][trace][gc,age      ] GC(194) - age   1:       8904 bytes,       8904 total
[2025-08-28T13:07:40.231+0000][1088069][trace][gc,age      ] GC(194) - age   4:        464 bytes,       9368 total
[2025-08-28T13:07:40.231+0000][1088069][trace][gc,age      ] GC(194) - age   6:       1304 bytes,      10672 total
[2025-08-28T13:07:40.231+0000][1088069][trace][gc,age      ] GC(194) - age   7:       5936 bytes,      16608 total
[2025-08-28T13:07:40.231+0000][1088069][trace][gc,age      ] GC(194) - age   8:        208 bytes,      16816 total
[2025-08-28T13:07:40.231+0000][1088069][trace][gc,age      ] GC(194) - age  15:         32 bytes,      16848 total
[2025-08-28T13:07:40.231+0000][1088069][info ][gc,heap     ] GC(194) Eden regions: 75->0(75)
[2025-08-28T13:07:40.231+0000][1088069][info ][gc,heap     ] GC(194) Survivor regions: 1->1(10)
[2025-08-28T13:07:40.231+0000][1088069][info ][gc,heap     ] GC(194) Old regions: 25->25
[2025-08-28T13:07:40.231+0000][1088069][info ][gc,heap     ] GC(194) Humongous regions: 0->0
[2025-08-28T13:07:40.231+0000][1088069][info ][gc,metaspace] GC(194) Metaspace: 144864K(148928K)->144864K(148928K) NonClass: 125011K(127168K)->125011K(127168K) Class: 19853K(21760K)->19853K(21760K)
[2025-08-28T13:07:40.231+0000][1088069][info ][gc          ] GC(194) Pause Young (Normal) (G1 Evacuation Pause) 400M->99M(512M) 3.780ms
[2025-08-28T13:07:40.231+0000][1088069][info ][gc,cpu      ] GC(194) User=0.01s Sys=0.00s Real=0.01s
[2025-08-28T13:07:40.231+0000][1088069][info ][safepoint   ] Safepoint "G1CollectForAllocation", Time since last: 2946220865 ns, Reaching safepoint: 33530 ns, Cleanup: 6460 ns, At safepoint: 4063906 ns, Total: 4103896 ns
[2025-08-28T13:07:43.759+0000][1088069][info ][gc,start    ] GC(195) Pause Young (Normal) (G1 Evacuation Pause)
[2025-08-28T13:07:43.759+0000][1088069][info ][gc,task     ] GC(195) Using 12 workers of 33 for evacuation
[2025-08-28T13:07:43.759+0000][1088069][debug][gc,age      ] GC(195) Desired survivor size 20971520 bytes, new threshold 15 (max threshold 15)
[2025-08-28T13:07:43.763+0000][1088069][info ][gc,phases   ] GC(195)   Pre Evacuate Collection Set: 0.2ms
[2025-08-28T13:07:43.763+0000][1088069][info ][gc,phases   ] GC(195)   Merge Heap Roots: 0.1ms
[2025-08-28T13:07:43.763+0000][1088069][info ][gc,phases   ] GC(195)   Evacuate Collection Set: 2.9ms
[2025-08-28T13:07:43.763+0000][1088069][info ][gc,phases   ] GC(195)   Post Evacuate Collection Set: 0.5ms
[2025-08-28T13:07:43.763+0000][1088069][info ][gc,phases   ] GC(195)   Other: 0.1ms
[2025-08-28T13:07:43.763+0000][1088069][trace][gc,age      ] GC(195) Age table with threshold 15 (max threshold 15)
[2025-08-28T13:07:43.763+0000][1088069][trace][gc,age      ] GC(195) - age   1:     643344 bytes,     643344 total
[2025-08-28T13:07:43.763+0000][1088069][trace][gc,age      ] GC(195) - age   2:        712 bytes,     644056 total
[2025-08-28T13:07:43.763+0000][1088069][trace][gc,age      ] GC(195) - age   5:        224 bytes,     644280 total
[2025-08-28T13:07:43.763+0000][1088069][trace][gc,age      ] GC(195) - age   7:       1304 bytes,     645584 total
[2025-08-28T13:07:43.763+0000][1088069][trace][gc,age      ] GC(195) - age   8:       5936 bytes,     651520 total
[2025-08-28T13:07:43.763+0000][1088069][trace][gc,age      ] GC(195) - age   9:        208 bytes,     651728 total
[2025-08-28T13:07:43.763+0000][1088069][info ][gc,heap     ] GC(195) Eden regions: 75->0(75)
[2025-08-28T13:07:43.763+0000][1088069][info ][gc,heap     ] GC(195) Survivor regions: 1->1(10)
[2025-08-28T13:07:43.763+0000][1088069][info ][gc,heap     ] GC(195) Old regions: 25->25
[2025-08-28T13:07:43.763+0000][1088069][info ][gc,heap     ] GC(195) Humongous regions: 0->0
[2025-08-28T13:07:43.763+0000][1088069][info ][gc,metaspace] GC(195) Metaspace: 144864K(148928K)->144864K(148928K) NonClass: 125011K(127168K)->125011K(127168K) Class: 19853K(21760K)->19853K(21760K)
[2025-08-28T13:07:43.763+0000][1088069][info ][gc          ] GC(195) Pause Young (Normal) (G1 Evacuation Pause) 399M->100M(512M) 4.042ms
[2025-08-28T13:07:43.763+0000][1088069][info ][gc,cpu      ] GC(195) User=0.01s Sys=0.00s Real=0.01s
[2025-08-28T13:07:43.763+0000][1088069][info ][safepoint   ] Safepoint "G1CollectForAllocation", Time since last: 3527603250 ns, Reaching safepoint: 31257 ns, Cleanup: 4356 ns, At safepoint: 4325981 ns, Total: 4361594 ns
[2025-08-28T13:07:46.614+0000][1088069][info ][gc,start    ] GC(196) Pause Young (Normal) (G1 Evacuation Pause)
[2025-08-28T13:07:46.614+0000][1088069][info ][gc,task     ] GC(196) Using 12 workers of 33 for evacuation
[2025-08-28T13:07:46.614+0000][1088069][debug][gc,age      ] GC(196) Desired survivor size 20971520 bytes, new threshold 15 (max threshold 15)
[2025-08-28T13:07:46.619+0000][1088069][info ][gc,phases   ] GC(196)   Pre Evacuate Collection Set: 0.3ms
[2025-08-28T13:07:46.619+0000][1088069][info ][gc,phases   ] GC(196)   Merge Heap Roots: 0.1ms
[2025-08-28T13:07:46.619+0000][1088069][info ][gc,phases   ] GC(196)   Evacuate Collection Set: 3.6ms
[2025-08-28T13:07:46.619+0000][1088069][info ][gc,phases   ] GC(196)   Post Evacuate Collection Set: 0.5ms
[2025-08-28T13:07:46.619+0000][1088069][info ][gc,phases   ] GC(196)   Other: 0.1ms
[2025-08-28T13:07:46.619+0000][1088069][trace][gc,age      ] GC(196) Age table with threshold 15 (max threshold 15)
[2025-08-28T13:07:46.619+0000][1088069][trace][gc,age      ] GC(196) - age   1:       8936 bytes,       8936 total
[2025-08-28T13:07:46.619+0000][1088069][trace][gc,age      ] GC(196) - age   2:        240 bytes,       9176 total
[2025-08-28T13:07:46.619+0000][1088069][trace][gc,age      ] GC(196) - age   6:        224 bytes,       9400 total
[2025-08-28T13:07:46.619+0000][1088069][trace][gc,age      ] GC(196) - age   8:       1304 bytes,      10704 total
[2025-08-28T13:07:46.619+0000][1088069][trace][gc,age      ] GC(196) - age   9:       5936 bytes,      16640 total
[2025-08-28T13:07:46.619+0000][1088069][trace][gc,age      ] GC(196) - age  10:        208 bytes,      16848 total
[2025-08-28T13:07:46.619+0000][1088069][info ][gc,heap     ] GC(196) Eden regions: 75->0(75)
[2025-08-28T13:07:46.619+0000][1088069][info ][gc,heap     ] GC(196) Survivor regions: 1->1(10)
[2025-08-28T13:07:46.619+0000][1088069][info ][gc,heap     ] GC(196) Old regions: 25->25
[2025-08-28T13:07:46.619+0000][1088069][info ][gc,heap     ] GC(196) Humongous regions: 0->0
[2025-08-28T13:07:46.619+0000][1088069][info ][gc,metaspace] GC(196) Metaspace: 144864K(148928K)->144864K(148928K) NonClass: 125011K(127168K)->125011K(127168K) Class: 19853K(21760K)->19853K(21760K)
[2025-08-28T13:07:46.619+0000][1088069][info ][gc          ] GC(196) Pause Young (Normal) (G1 Evacuation Pause) 400M->99M(512M) 4.700ms
[2025-08-28T13:07:46.619+0000][1088069][info ][gc,cpu      ] GC(196) User=0.01s Sys=0.00s Real=0.00s
[2025-08-28T13:07:46.619+0000][1088069][info ][safepoint   ] Safepoint "G1CollectForAllocation", Time since last: 2851051064 ns, Reaching safepoint: 36715 ns, Cleanup: 8042 ns, At safepoint: 4934946 ns, Total: 4979703 ns
[2025-08-28T13:07:49.540+0000][1088069][info ][gc,start    ] GC(197) Pause Young (Normal) (G1 Evacuation Pause)
[2025-08-28T13:07:49.540+0000][1088069][info ][gc,task     ] GC(197) Using 12 workers of 33 for evacuation
[2025-08-28T13:07:49.540+0000][1088069][debug][gc,age      ] GC(197) Desired survivor size 20971520 bytes, new threshold 15 (max threshold 15)
[2025-08-28T13:07:49.543+0000][1088069][info ][gc,phases   ] GC(197)   Pre Evacuate Collection Set: 0.2ms
[2025-08-28T13:07:49.543+0000][1088069][info ][gc,phases   ] GC(197)   Merge Heap Roots: 0.1ms
[2025-08-28T13:07:49.543+0000][1088069][info ][gc,phases   ] GC(197)   Evacuate Collection Set: 2.1ms
[2025-08-28T13:07:49.543+0000][1088069][info ][gc,phases   ] GC(197)   Post Evacuate Collection Set: 0.5ms
[2025-08-28T13:07:49.543+0000][1088069][info ][gc,phases   ] GC(197)   Other: 0.1ms
[2025-08-28T13:07:49.543+0000][1088069][trace][gc,age      ] GC(197) Age table with threshold 15 (max threshold 15)
[2025-08-28T13:07:49.543+0000][1088069][trace][gc,age      ] GC(197) - age   1:     659376 bytes,     659376 total
[2025-08-28T13:07:49.543+0000][1088069][trace][gc,age      ] GC(197) - age   2:         32 bytes,     659408 total
[2025-08-28T13:07:49.543+0000][1088069][trace][gc,age      ] GC(197) - age   3:        240 bytes,     659648 total
[2025-08-28T13:07:49.543+0000][1088069][trace][gc,age      ] GC(197) - age   7:        224 bytes,     659872 total
[2025-08-28T13:07:49.543+0000][1088069][trace][gc,age      ] GC(197) - age   9:       1304 bytes,     661176 total
[2025-08-28T13:07:49.543+0000][1088069][trace][gc,age      ] GC(197) - age  10:       5936 bytes,     667112 total
[2025-08-28T13:07:49.543+0000][1088069][trace][gc,age      ] GC(197) - age  11:         32 bytes,     667144 total
[2025-08-28T13:07:49.543+0000][1088069][info ][gc,heap     ] GC(197) Eden regions: 75->0(75)
[2025-08-28T13:07:49.543+0000][1088069][info ][gc,heap     ] GC(197) Survivor regions: 1->1(10)
[2025-08-28T13:07:49.543+0000][1088069][info ][gc,heap     ] GC(197) Old regions: 25->25
[2025-08-28T13:07:49.543+0000][1088069][info ][gc,heap     ] GC(197) Humongous regions: 0->0
[2025-08-28T13:07:49.543+0000][1088069][info ][gc,metaspace] GC(197) Metaspace: 144864K(148928K)->144864K(148928K) NonClass: 125011K(127168K)->125011K(127168K) Class: 19853K(21760K)->19853K(21760K)
[2025-08-28T13:07:49.543+0000][1088069][info ][gc          ] GC(197) Pause Young (Normal) (G1 Evacuation Pause) 399M->100M(512M) 3.062ms
[2025-08-28T13:07:49.543+0000][1088069][info ][gc,cpu      ] GC(197) User=0.01s Sys=0.00s Real=0.01s
[2025-08-28T13:07:49.543+0000][1088069][info ][safepoint   ] Safepoint "G1CollectForAllocation", Time since last: 2920649839 ns, Reaching safepoint: 64927 ns, Cleanup: 7231 ns, At safepoint: 3321662 ns, Total: 3393820 ns
[2025-08-28T13:07:52.489+0000][1088069][info ][gc,start    ] GC(198) Pause Young (Normal) (G1 Evacuation Pause)
[2025-08-28T13:07:52.489+0000][1088069][info ][gc,task     ] GC(198) Using 12 workers of 33 for evacuation
[2025-08-28T13:07:52.489+0000][1088069][debug][gc,age      ] GC(198) Desired survivor size 20971520 bytes, new threshold 15 (max threshold 15)
[2025-08-28T13:07:52.494+0000][1088069][info ][gc,phases   ] GC(198)   Pre Evacuate Collection Set: 0.2ms
[2025-08-28T13:07:52.494+0000][1088069][info ][gc,phases   ] GC(198)   Merge Heap Roots: 0.1ms
[2025-08-28T13:07:52.494+0000][1088069][info ][gc,phases   ] GC(198)   Evacuate Collection Set: 3.4ms
[2025-08-28T13:07:52.494+0000][1088069][info ][gc,phases   ] GC(198)   Post Evacuate Collection Set: 0.4ms
[2025-08-28T13:07:52.494+0000][1088069][info ][gc,phases   ] GC(198)   Other: 0.1ms
[2025-08-28T13:07:52.494+0000][1088069][trace][gc,age      ] GC(198) Age table with threshold 15 (max threshold 15)
[2025-08-28T13:07:52.494+0000][1088069][trace][gc,age      ] GC(198) - age   1:     197960 bytes,     197960 total
[2025-08-28T13:07:52.494+0000][1088069][trace][gc,age      ] GC(198) - age   2:       1088 bytes,     199048 total
[2025-08-28T13:07:52.494+0000][1088069][trace][gc,age      ] GC(198) - age   3:         32 bytes,     199080 total
[2025-08-28T13:07:52.494+0000][1088069][trace][gc,age      ] GC(198) - age  10:        776 bytes,     199856 total
[2025-08-28T13:07:52.494+0000][1088069][trace][gc,age      ] GC(198) - age  11:        536 bytes,     200392 total
[2025-08-28T13:07:52.494+0000][1088069][trace][gc,age      ] GC(198) - age  12:         32 bytes,     200424 total
[2025-08-28T13:07:52.494+0000][1088069][info ][gc,heap     ] GC(198) Eden regions: 75->0(75)
[2025-08-28T13:07:52.494+0000][1088069][info ][gc,heap     ] GC(198) Survivor regions: 1->1(10)
[2025-08-28T13:07:52.494+0000][1088069][info ][gc,heap     ] GC(198) Old regions: 25->25
[2025-08-28T13:07:52.494+0000][1088069][info ][gc,heap     ] GC(198) Humongous regions: 0->0
[2025-08-28T13:07:52.494+0000][1088069][info ][gc,metaspace] GC(198) Metaspace: 144866K(148928K)->144866K(148928K) NonClass: 125013K(127168K)->125013K(127168K) Class: 19853K(21760K)->19853K(21760K)
[2025-08-28T13:07:52.494+0000][1088069][info ][gc          ] GC(198) Pause Young (Normal) (G1 Evacuation Pause) 400M->99M(512M) 4.356ms
[2025-08-28T13:07:52.494+0000][1088069][info ][gc,cpu      ] GC(198) User=0.00s Sys=0.01s Real=0.01s
[2025-08-28T13:07:52.494+0000][1088069][info ][safepoint   ] Safepoint "G1CollectForAllocation", Time since last: 2946089797 ns, Reaching safepoint: 29244 ns, Cleanup: 16645 ns, At safepoint: 4575095 ns, Total: 4620984 ns
[2025-08-28T13:07:55.415+0000][1088069][info ][gc,start    ] GC(199) Pause Young (Normal) (G1 Evacuation Pause)
[2025-08-28T13:07:55.415+0000][1088069][info ][gc,task     ] GC(199) Using 12 workers of 33 for evacuation
[2025-08-28T13:07:55.415+0000][1088069][debug][gc,age      ] GC(199) Desired survivor size 20971520 bytes, new threshold 15 (max threshold 15)
[2025-08-28T13:07:55.424+0000][1088069][info ][gc,phases   ] GC(199)   Pre Evacuate Collection Set: 0.7ms
[2025-08-28T13:07:55.424+0000][1088069][info ][gc,phases   ] GC(199)   Merge Heap Roots: 0.1ms
[2025-08-28T13:07:55.424+0000][1088069][info ][gc,phases   ] GC(199)   Evacuate Collection Set: 6.0ms
[2025-08-28T13:07:55.424+0000][1088069][info ][gc,phases   ] GC(199)   Post Evacuate Collection Set: 1.4ms
[2025-08-28T13:07:55.424+0000][1088069][info ][gc,phases   ] GC(199)   Other: 0.1ms
[2025-08-28T13:07:55.424+0000][1088069][trace][gc,age      ] GC(199) Age table with threshold 15 (max threshold 15)
[2025-08-28T13:07:55.424+0000][1088069][trace][gc,age      ] GC(199) - age   1:     644000 bytes,     644000 total
[2025-08-28T13:07:55.424+0000][1088069][trace][gc,age      ] GC(199) - age   2:       8128 bytes,     652128 total
[2025-08-28T13:07:55.424+0000][1088069][trace][gc,age      ] GC(199) - age   3:        376 bytes,     652504 total
[2025-08-28T13:07:55.424+0000][1088069][trace][gc,age      ] GC(199) - age   4:         32 bytes,     652536 total
[2025-08-28T13:07:55.424+0000][1088069][trace][gc,age      ] GC(199) - age  11:        224 bytes,     652760 total
[2025-08-28T13:07:55.424+0000][1088069][trace][gc,age      ] GC(199) - age  12:        536 bytes,     653296 total
[2025-08-28T13:07:55.424+0000][1088069][trace][gc,age      ] GC(199) - age  13:         32 bytes,     653328 total
[2025-08-28T13:07:55.424+0000][1088069][info ][gc,heap     ] GC(199) Eden regions: 75->0(75)
[2025-08-28T13:07:55.424+0000][1088069][info ][gc,heap     ] GC(199) Survivor regions: 1->1(10)
[2025-08-28T13:07:55.424+0000][1088069][info ][gc,heap     ] GC(199) Old regions: 25->25
[2025-08-28T13:07:55.424+0000][1088069][info ][gc,heap     ] GC(199) Humongous regions: 0->0
[2025-08-28T13:07:55.424+0000][1088069][info ][gc,metaspace] GC(199) Metaspace: 144866K(148928K)->144866K(148928K) NonClass: 125013K(127168K)->125013K(127168K) Class: 19853K(21760K)->19853K(21760K)
[2025-08-28T13:07:55.424+0000][1088069][info ][gc          ] GC(199) Pause Young (Normal) (G1 Evacuation Pause) 399M->100M(512M) 8.464ms
[2025-08-28T13:07:55.424+0000][1088069][info ][gc,cpu      ] GC(199) User=0.01s Sys=0.01s Real=0.01s
[2025-08-28T13:07:55.424+0000][1088069][info ][safepoint   ] Safepoint "G1CollectForAllocation", Time since last: 2921136991 ns, Reaching safepoint: 122254 ns, Cleanup: 7220 ns, At safepoint: 8699693 ns, Total: 8829167 ns
[2025-08-28T13:07:58.750+0000][1088069][info ][gc,start    ] GC(200) Pause Young (Normal) (G1 Evacuation Pause)
[2025-08-28T13:07:58.750+0000][1088069][info ][gc,task     ] GC(200) Using 12 workers of 33 for evacuation
[2025-08-28T13:07:58.750+0000][1088069][debug][gc,age      ] GC(200) Desired survivor size 20971520 bytes, new threshold 15 (max threshold 15)
[2025-08-28T13:07:58.755+0000][1088069][info ][gc,phases   ] GC(200)   Pre Evacuate Collection Set: 0.2ms
[2025-08-28T13:07:58.755+0000][1088069][info ][gc,phases   ] GC(200)   Merge Heap Roots: 0.1ms
[2025-08-28T13:07:58.755+0000][1088069][info ][gc,phases   ] GC(200)   Evacuate Collection Set: 3.6ms
[2025-08-28T13:07:58.755+0000][1088069][info ][gc,phases   ] GC(200)   Post Evacuate Collection Set: 0.8ms
[2025-08-28T13:07:58.755+0000][1088069][info ][gc,phases   ] GC(200)   Other: 0.1ms
[2025-08-28T13:07:58.755+0000][1088069][trace][gc,age      ] GC(200) Age table with threshold 15 (max threshold 15)
[2025-08-28T13:07:58.755+0000][1088069][trace][gc,age      ] GC(200) - age   1:       8224 bytes,       8224 total
[2025-08-28T13:07:58.755+0000][1088069][trace][gc,age      ] GC(200) - age   2:       1328 bytes,       9552 total
[2025-08-28T13:07:58.755+0000][1088069][trace][gc,age      ] GC(200) - age   3:       8128 bytes,      17680 total
[2025-08-28T13:07:58.755+0000][1088069][trace][gc,age      ] GC(200) - age   4:        376 bytes,      18056 total
[2025-08-28T13:07:58.755+0000][1088069][trace][gc,age      ] GC(200) - age   5:         32 bytes,      18088 total
[2025-08-28T13:07:58.755+0000][1088069][trace][gc,age      ] GC(200) - age  12:        224 bytes,      18312 total
[2025-08-28T13:07:58.755+0000][1088069][trace][gc,age      ] GC(200) - age  13:        536 bytes,      18848 total
[2025-08-28T13:07:58.755+0000][1088069][trace][gc,age      ] GC(200) - age  14:         32 bytes,      18880 total
[2025-08-28T13:07:58.755+0000][1088069][info ][gc,heap     ] GC(200) Eden regions: 75->0(75)
[2025-08-28T13:07:58.755+0000][1088069][info ][gc,heap     ] GC(200) Survivor regions: 1->1(10)
[2025-08-28T13:07:58.755+0000][1088069][info ][gc,heap     ] GC(200) Old regions: 25->25
[2025-08-28T13:07:58.755+0000][1088069][info ][gc,heap     ] GC(200) Humongous regions: 0->0
[2025-08-28T13:07:58.755+0000][1088069][info ][gc,metaspace] GC(200) Metaspace: 144866K(148928K)->144866K(148928K) NonClass: 125013K(127168K)->125013K(127168K) Class: 19853K(21760K)->19853K(21760K)
[2025-08-28T13:07:58.755+0000][1088069][info ][gc          ] GC(200) Pause Young (Normal) (G1 Evacuation Pause) 400M->99M(512M) 5.051ms
[2025-08-28T13:07:58.755+0000][1088069][info ][gc,cpu      ] GC(200) User=0.00s Sys=0.00s Real=0.01s
[2025-08-28T13:07:58.755+0000][1088069][info ][safepoint   ] Safepoint "G1CollectForAllocation", Time since last: 3325916308 ns, Reaching safepoint: 37746 ns, Cleanup: 7852 ns, At safepoint: 5300916 ns, Total: 5346514 ns
[2025-08-28T13:08:01.675+0000][1088069][info ][gc,start    ] GC(201) Pause Young (Normal) (G1 Evacuation Pause)
[2025-08-28T13:08:01.675+0000][1088069][info ][gc,task     ] GC(201) Using 12 workers of 33 for evacuation
[2025-08-28T13:08:01.675+0000][1088069][debug][gc,age      ] GC(201) Desired survivor size 20971520 bytes, new threshold 15 (max threshold 15)
[2025-08-28T13:08:01.680+0000][1088069][info ][gc,phases   ] GC(201)   Pre Evacuate Collection Set: 0.2ms
[2025-08-28T13:08:01.680+0000][1088069][info ][gc,phases   ] GC(201)   Merge Heap Roots: 0.1ms
[2025-08-28T13:08:01.680+0000][1088069][info ][gc,phases   ] GC(201)   Evacuate Collection Set: 3.8ms
[2025-08-28T13:08:01.680+0000][1088069][info ][gc,phases   ] GC(201)   Post Evacuate Collection Set: 0.7ms
[2025-08-28T13:08:01.680+0000][1088069][info ][gc,phases   ] GC(201)   Other: 0.1ms
[2025-08-28T13:08:01.680+0000][1088069][trace][gc,age      ] GC(201) Age table with threshold 15 (max threshold 15)
[2025-08-28T13:08:01.680+0000][1088069][trace][gc,age      ] GC(201) - age   1:     660792 bytes,     660792 total
[2025-08-28T13:08:01.680+0000][1088069][trace][gc,age      ] GC(201) - age   2:         32 bytes,     660824 total
[2025-08-28T13:08:01.680+0000][1088069][trace][gc,age      ] GC(201) - age   3:        616 bytes,     661440 total
[2025-08-28T13:08:01.680+0000][1088069][trace][gc,age      ] GC(201) - age   4:       7888 bytes,     669328 total
[2025-08-28T13:08:01.680+0000][1088069][trace][gc,age      ] GC(201) - age   5:        376 bytes,     669704 total
[2025-08-28T13:08:01.680+0000][1088069][trace][gc,age      ] GC(201) - age   6:         32 bytes,     669736 total
[2025-08-28T13:08:01.680+0000][1088069][trace][gc,age      ] GC(201) - age  13:        224 bytes,     669960 total
[2025-08-28T13:08:01.680+0000][1088069][trace][gc,age      ] GC(201) - age  14:        536 bytes,     670496 total
[2025-08-28T13:08:01.680+0000][1088069][trace][gc,age      ] GC(201) - age  15:         32 bytes,     670528 total
[2025-08-28T13:08:01.680+0000][1088069][info ][gc,heap     ] GC(201) Eden regions: 75->0(75)
[2025-08-28T13:08:01.680+0000][1088069][info ][gc,heap     ] GC(201) Survivor regions: 1->1(10)
[2025-08-28T13:08:01.680+0000][1088069][info ][gc,heap     ] GC(201) Old regions: 25->25
[2025-08-28T13:08:01.680+0000][1088069][info ][gc,heap     ] GC(201) Humongous regions: 0->0
[2025-08-28T13:08:01.680+0000][1088069][info ][gc,metaspace] GC(201) Metaspace: 144877K(148928K)->144877K(148928K) NonClass: 125024K(127168K)->125024K(127168K) Class: 19853K(21760K)->19853K(21760K)
[2025-08-28T13:08:01.680+0000][1088069][info ][gc          ] GC(201) Pause Young (Normal) (G1 Evacuation Pause) 399M->100M(512M) 5.050ms
[2025-08-28T13:08:01.680+0000][1088069][info ][gc,cpu      ] GC(201) User=0.01s Sys=0.00s Real=0.00s
[2025-08-28T13:08:01.680+0000][1088069][info ][safepoint   ] Safepoint "G1CollectForAllocation", Time since last: 2919935836 ns, Reaching safepoint: 37316 ns, Cleanup: 7461 ns, At safepoint: 5364952 ns, Total: 5409729 ns
[2025-08-28T13:08:04.613+0000][1088069][info ][gc,start    ] GC(202) Pause Young (Normal) (G1 Evacuation Pause)
[2025-08-28T13:08:04.613+0000][1088069][info ][gc,task     ] GC(202) Using 12 workers of 33 for evacuation
[2025-08-28T13:08:04.613+0000][1088069][debug][gc,age      ] GC(202) Desired survivor size 20971520 bytes, new threshold 15 (max threshold 15)
[2025-08-28T13:08:04.617+0000][1088069][info ][gc,phases   ] GC(202)   Pre Evacuate Collection Set: 0.2ms
[2025-08-28T13:08:04.617+0000][1088069][info ][gc,phases   ] GC(202)   Merge Heap Roots: 0.1ms
[2025-08-28T13:08:04.617+0000][1088069][info ][gc,phases   ] GC(202)   Evacuate Collection Set: 3.4ms
[2025-08-28T13:08:04.617+0000][1088069][info ][gc,phases   ] GC(202)   Post Evacuate Collection Set: 0.5ms
[2025-08-28T13:08:04.617+0000][1088069][info ][gc,phases   ] GC(202)   Other: 0.1ms
[2025-08-28T13:08:04.617+0000][1088069][trace][gc,age      ] GC(202) Age table with threshold 15 (max threshold 15)
[2025-08-28T13:08:04.617+0000][1088069][trace][gc,age      ] GC(202) - age   1:     627672 bytes,     627672 total
[2025-08-28T13:08:04.617+0000][1088069][trace][gc,age      ] GC(202) - age   2:        240 bytes,     627912 total
[2025-08-28T13:08:04.617+0000][1088069][trace][gc,age      ] GC(202) - age   3:         32 bytes,     627944 total
[2025-08-28T13:08:04.617+0000][1088069][trace][gc,age      ] GC(202) - age   4:        616 bytes,     628560 total
[2025-08-28T13:08:04.617+0000][1088069][trace][gc,age      ] GC(202) - age   5:       7888 bytes,     636448 total
[2025-08-28T13:08:04.617+0000][1088069][trace][gc,age      ] GC(202) - age   6:        376 bytes,     636824 total
[2025-08-28T13:08:04.617+0000][1088069][trace][gc,age      ] GC(202) - age   7:         32 bytes,     636856 total
[2025-08-28T13:08:04.617+0000][1088069][trace][gc,age      ] GC(202) - age  14:        224 bytes,     637080 total
[2025-08-28T13:08:04.617+0000][1088069][trace][gc,age      ] GC(202) - age  15:        536 bytes,     637616 total
[2025-08-28T13:08:04.617+0000][1088069][info ][gc,heap     ] GC(202) Eden regions: 75->0(75)
[2025-08-28T13:08:04.617+0000][1088069][info ][gc,heap     ] GC(202) Survivor regions: 1->1(10)
[2025-08-28T13:08:04.617+0000][1088069][info ][gc,heap     ] GC(202) Old regions: 25->25
[2025-08-28T13:08:04.617+0000][1088069][info ][gc,heap     ] GC(202) Humongous regions: 0->0
[2025-08-28T13:08:04.617+0000][1088069][info ][gc,metaspace] GC(202) Metaspace: 144877K(148928K)->144877K(148928K) NonClass: 125024K(127168K)->125024K(127168K) Class: 19853K(21760K)->19853K(21760K)
[2025-08-28T13:08:04.617+0000][1088069][info ][gc          ] GC(202) Pause Young (Normal) (G1 Evacuation Pause) 400M->100M(512M) 4.546ms
[2025-08-28T13:08:04.617+0000][1088069][info ][gc,cpu      ] GC(202) User=0.00s Sys=0.00s Real=0.00s
[2025-08-28T13:08:04.617+0000][1088069][info ][safepoint   ] Safepoint "G1CollectForAllocation", Time since last: 2931951452 ns, Reaching safepoint: 38267 ns, Cleanup: 20812 ns, At safepoint: 4755996 ns, Total: 4815075 ns
[2025-08-28T13:08:07.562+0000][1088069][info ][gc,start    ] GC(203) Pause Young (Normal) (G1 Evacuation Pause)
[2025-08-28T13:08:07.562+0000][1088069][info ][gc,task     ] GC(203) Using 12 workers of 33 for evacuation
[2025-08-28T13:08:07.562+0000][1088069][debug][gc,age      ] GC(203) Desired survivor size 20971520 bytes, new threshold 15 (max threshold 15)
[2025-08-28T13:08:07.565+0000][1088069][info ][gc,phases   ] GC(203)   Pre Evacuate Collection Set: 0.2ms
[2025-08-28T13:08:07.565+0000][1088069][info ][gc,phases   ] GC(203)   Merge Heap Roots: 0.1ms
[2025-08-28T13:08:07.565+0000][1088069][info ][gc,phases   ] GC(203)   Evacuate Collection Set: 2.2ms
[2025-08-28T13:08:07.565+0000][1088069][info ][gc,phases   ] GC(203)   Post Evacuate Collection Set: 0.6ms
[2025-08-28T13:08:07.565+0000][1088069][info ][gc,phases   ] GC(203)   Other: 0.1ms
[2025-08-28T13:08:07.565+0000][1088069][trace][gc,age      ] GC(203) Age table with threshold 15 (max threshold 15)
[2025-08-28T13:08:07.565+0000][1088069][trace][gc,age      ] GC(203) - age   1:       8192 bytes,       8192 total
[2025-08-28T13:08:07.565+0000][1088069][trace][gc,age      ] GC(203) - age   2:        744 bytes,       8936 total
[2025-08-28T13:08:07.565+0000][1088069][trace][gc,age      ] GC(203) - age   3:        240 bytes,       9176 total
[2025-08-28T13:08:07.565+0000][1088069][trace][gc,age      ] GC(203) - age   4:         32 bytes,       9208 total
[2025-08-28T13:08:07.565+0000][1088069][trace][gc,age      ] GC(203) - age   5:        616 bytes,       9824 total
[2025-08-28T13:08:07.565+0000][1088069][trace][gc,age      ] GC(203) - age   6:       7888 bytes,      17712 total
[2025-08-28T13:08:07.565+0000][1088069][trace][gc,age      ] GC(203) - age   7:        376 bytes,      18088 total
[2025-08-28T13:08:07.565+0000][1088069][trace][gc,age      ] GC(203) - age   8:         32 bytes,      18120 total
[2025-08-28T13:08:07.565+0000][1088069][trace][gc,age      ] GC(203) - age  15:        224 bytes,      18344 total
[2025-08-28T13:08:07.565+0000][1088069][info ][gc,heap     ] GC(203) Eden regions: 75->0(75)
[2025-08-28T13:08:07.565+0000][1088069][info ][gc,heap     ] GC(203) Survivor regions: 1->1(10)
[2025-08-28T13:08:07.565+0000][1088069][info ][gc,heap     ] GC(203) Old regions: 25->25
[2025-08-28T13:08:07.565+0000][1088069][info ][gc,heap     ] GC(203) Humongous regions: 0->0
[2025-08-28T13:08:07.565+0000][1088069][info ][gc,metaspace] GC(203) Metaspace: 144877K(148928K)->144877K(148928K) NonClass: 125024K(127168K)->125024K(127168K) Class: 19853K(21760K)->19853K(21760K)
[2025-08-28T13:08:07.565+0000][1088069][info ][gc          ] GC(203) Pause Young (Normal) (G1 Evacuation Pause) 400M->99M(512M) 3.346ms
[2025-08-28T13:08:07.566+0000][1088069][info ][gc,cpu      ] GC(203) User=0.01s Sys=0.00s Real=0.00s
[2025-08-28T13:08:07.566+0000][1088069][info ][safepoint   ] Safepoint "G1CollectForAllocation", Time since last: 2944853119 ns, Reaching safepoint: 31608 ns, Cleanup: 7070 ns, At safepoint: 3619970 ns, Total: 3658648 ns
[2025-08-28T13:08:10.487+0000][1088069][info ][gc,start    ] GC(204) Pause Young (Normal) (G1 Evacuation Pause)
[2025-08-28T13:08:10.487+0000][1088069][info ][gc,task     ] GC(204) Using 12 workers of 33 for evacuation
[2025-08-28T13:08:10.487+0000][1088069][debug][gc,age      ] GC(204) Desired survivor size 20971520 bytes, new threshold 15 (max threshold 15)
[2025-08-28T13:08:10.491+0000][1088069][info ][gc,phases   ] GC(204)   Pre Evacuate Collection Set: 0.2ms
[2025-08-28T13:08:10.492+0000][1088069][info ][gc,phases   ] GC(204)   Merge Heap Roots: 0.1ms
[2025-08-28T13:08:10.492+0000][1088069][info ][gc,phases   ] GC(204)   Evacuate Collection Set: 3.2ms
[2025-08-28T13:08:10.492+0000][1088069][info ][gc,phases   ] GC(204)   Post Evacuate Collection Set: 0.6ms
[2025-08-28T13:08:10.492+0000][1088069][info ][gc,phases   ] GC(204)   Other: 0.1ms
[2025-08-28T13:08:10.492+0000][1088069][trace][gc,age      ] GC(204) Age table with threshold 15 (max threshold 15)
[2025-08-28T13:08:10.492+0000][1088069][trace][gc,age      ] GC(204) - age   1:       9128 bytes,       9128 total
[2025-08-28T13:08:10.492+0000][1088069][trace][gc,age      ] GC(204) - age   3:         32 bytes,       9160 total
[2025-08-28T13:08:10.492+0000][1088069][trace][gc,age      ] GC(204) - age   4:        240 bytes,       9400 total
[2025-08-28T13:08:10.492+0000][1088069][trace][gc,age      ] GC(204) - age   5:         32 bytes,       9432 total
[2025-08-28T13:08:10.492+0000][1088069][trace][gc,age      ] GC(204) - age   6:        616 bytes,      10048 total
[2025-08-28T13:08:10.492+0000][1088069][trace][gc,age      ] GC(204) - age   7:       7664 bytes,      17712 total
[2025-08-28T13:08:10.492+0000][1088069][trace][gc,age      ] GC(204) - age   8:        376 bytes,      18088 total
[2025-08-28T13:08:10.492+0000][1088069][trace][gc,age      ] GC(204) - age   9:         32 bytes,      18120 total
[2025-08-28T13:08:10.492+0000][1088069][info ][gc,heap     ] GC(204) Eden regions: 75->0(75)
[2025-08-28T13:08:10.492+0000][1088069][info ][gc,heap     ] GC(204) Survivor regions: 1->1(10)
[2025-08-28T13:08:10.492+0000][1088069][info ][gc,heap     ] GC(204) Old regions: 25->25
[2025-08-28T13:08:10.492+0000][1088069][info ][gc,heap     ] GC(204) Humongous regions: 0->0
[2025-08-28T13:08:10.492+0000][1088069][info ][gc,metaspace] GC(204) Metaspace: 144877K(148928K)->144877K(148928K) NonClass: 125024K(127168K)->125024K(127168K) Class: 19853K(21760K)->19853K(21760K)
[2025-08-28T13:08:10.492+0000][1088069][info ][gc          ] GC(204) Pause Young (Normal) (G1 Evacuation Pause) 399M->99M(512M) 4.412ms
[2025-08-28T13:08:10.492+0000][1088069][info ][gc,cpu      ] GC(204) User=0.00s Sys=0.00s Real=0.01s
[2025-08-28T13:08:10.492+0000][1088069][info ][safepoint   ] Safepoint "G1CollectForAllocation", Time since last: 2921435510 ns, Reaching safepoint: 31227 ns, Cleanup: 6389 ns, At safepoint: 4676257 ns, Total: 4713873 ns
[2025-08-28T13:08:13.413+0000][1088069][info ][gc,start    ] GC(205) Pause Young (Normal) (G1 Evacuation Pause)
[2025-08-28T13:08:13.413+0000][1088069][info ][gc,task     ] GC(205) Using 12 workers of 33 for evacuation
[2025-08-28T13:08:13.413+0000][1088069][debug][gc,age      ] GC(205) Desired survivor size 20971520 bytes, new threshold 15 (max threshold 15)
[2025-08-28T13:08:13.416+0000][1088069][info ][gc,phases   ] GC(205)   Pre Evacuate Collection Set: 0.2ms
[2025-08-28T13:08:13.416+0000][1088069][info ][gc,phases   ] GC(205)   Merge Heap Roots: 0.1ms
[2025-08-28T13:08:13.416+0000][1088069][info ][gc,phases   ] GC(205)   Evacuate Collection Set: 2.3ms
[2025-08-28T13:08:13.416+0000][1088069][info ][gc,phases   ] GC(205)   Post Evacuate Collection Set: 0.5ms
[2025-08-28T13:08:13.416+0000][1088069][info ][gc,phases   ] GC(205)   Other: 0.1ms
[2025-08-28T13:08:13.416+0000][1088069][trace][gc,age      ] GC(205) Age table with threshold 15 (max threshold 15)
[2025-08-28T13:08:13.416+0000][1088069][trace][gc,age      ] GC(205) - age   1:       8232 bytes,       8232 total
[2025-08-28T13:08:13.416+0000][1088069][trace][gc,age      ] GC(205) - age   2:        936 bytes,       9168 total
[2025-08-28T13:08:13.416+0000][1088069][trace][gc,age      ] GC(205) - age   4:         32 bytes,       9200 total
[2025-08-28T13:08:13.416+0000][1088069][trace][gc,age      ] GC(205) - age   6:         32 bytes,       9232 total
[2025-08-28T13:08:13.416+0000][1088069][trace][gc,age      ] GC(205) - age   7:        616 bytes,       9848 total
[2025-08-28T13:08:13.416+0000][1088069][trace][gc,age      ] GC(205) - age   8:       7664 bytes,      17512 total
[2025-08-28T13:08:13.416+0000][1088069][trace][gc,age      ] GC(205) - age   9:        376 bytes,      17888 total
[2025-08-28T13:08:13.416+0000][1088069][trace][gc,age      ] GC(205) - age  10:         32 bytes,      17920 total
[2025-08-28T13:08:13.416+0000][1088069][info ][gc,heap     ] GC(205) Eden regions: 75->0(75)
[2025-08-28T13:08:13.416+0000][1088069][info ][gc,heap     ] GC(205) Survivor regions: 1->1(10)
[2025-08-28T13:08:13.416+0000][1088069][info ][gc,heap     ] GC(205) Old regions: 25->25
[2025-08-28T13:08:13.416+0000][1088069][info ][gc,heap     ] GC(205) Humongous regions: 0->0
[2025-08-28T13:08:13.416+0000][1088069][info ][gc,metaspace] GC(205) Metaspace: 144877K(148928K)->144877K(148928K) NonClass: 125024K(127168K)->125024K(127168K) Class: 19853K(21760K)->19853K(21760K)
[2025-08-28T13:08:13.416+0000][1088069][info ][gc          ] GC(205) Pause Young (Normal) (G1 Evacuation Pause) 399M->99M(512M) 3.471ms
[2025-08-28T13:08:13.416+0000][1088069][info ][gc,cpu      ] GC(205) User=0.00s Sys=0.00s Real=0.00s
[2025-08-28T13:08:13.416+0000][1088069][info ][safepoint   ] Safepoint "G1CollectForAllocation", Time since last: 2920579203 ns, Reaching safepoint: 32960 ns, Cleanup: 6560 ns, At safepoint: 3743565 ns, Total: 3783085 ns
[2025-08-28T13:08:16.525+0000][1088069][info ][gc,start    ] GC(206) Pause Young (Normal) (G1 Evacuation Pause)
[2025-08-28T13:08:16.525+0000][1088069][info ][gc,task     ] GC(206) Using 12 workers of 33 for evacuation
[2025-08-28T13:08:16.525+0000][1088069][debug][gc,age      ] GC(206) Desired survivor size 20971520 bytes, new threshold 15 (max threshold 15)
[2025-08-28T13:08:16.529+0000][1088069][info ][gc,phases   ] GC(206)   Pre Evacuate Collection Set: 0.2ms
[2025-08-28T13:08:16.529+0000][1088069][info ][gc,phases   ] GC(206)   Merge Heap Roots: 0.1ms
[2025-08-28T13:08:16.529+0000][1088069][info ][gc,phases   ] GC(206)   Evacuate Collection Set: 3.6ms
[2025-08-28T13:08:16.530+0000][1088069][info ][gc,phases   ] GC(206)   Post Evacuate Collection Set: 0.6ms
[2025-08-28T13:08:16.530+0000][1088069][info ][gc,phases   ] GC(206)   Other: 0.1ms
[2025-08-28T13:08:16.530+0000][1088069][trace][gc,age      ] GC(206) Age table with threshold 15 (max threshold 15)
[2025-08-28T13:08:16.530+0000][1088069][trace][gc,age      ] GC(206) - age   1:       8904 bytes,       8904 total
[2025-08-28T13:08:16.530+0000][1088069][trace][gc,age      ] GC(206) - age   2:        240 bytes,       9144 total
[2025-08-28T13:08:16.530+0000][1088069][trace][gc,age      ] GC(206) - age   3:        224 bytes,       9368 total
[2025-08-28T13:08:16.530+0000][1088069][trace][gc,age      ] GC(206) - age   5:         32 bytes,       9400 total
[2025-08-28T13:08:16.530+0000][1088069][trace][gc,age      ] GC(206) - age   7:         32 bytes,       9432 total
[2025-08-28T13:08:16.530+0000][1088069][trace][gc,age      ] GC(206) - age   8:        616 bytes,      10048 total
[2025-08-28T13:08:16.530+0000][1088069][trace][gc,age      ] GC(206) - age   9:       7664 bytes,      17712 total
[2025-08-28T13:08:16.530+0000][1088069][trace][gc,age      ] GC(206) - age  10:        376 bytes,      18088 total
[2025-08-28T13:08:16.530+0000][1088069][trace][gc,age      ] GC(206) - age  11:         32 bytes,      18120 total
[2025-08-28T13:08:16.530+0000][1088069][info ][gc,heap     ] GC(206) Eden regions: 75->0(75)
[2025-08-28T13:08:16.530+0000][1088069][info ][gc,heap     ] GC(206) Survivor regions: 1->1(10)
[2025-08-28T13:08:16.530+0000][1088069][info ][gc,heap     ] GC(206) Old regions: 25->25
[2025-08-28T13:08:16.530+0000][1088069][info ][gc,heap     ] GC(206) Humongous regions: 0->0
[2025-08-28T13:08:16.530+0000][1088069][info ][gc,metaspace] GC(206) Metaspace: 144877K(148928K)->144877K(148928K) NonClass: 125024K(127168K)->125024K(127168K) Class: 19853K(21760K)->19853K(21760K)
[2025-08-28T13:08:16.530+0000][1088069][info ][gc          ] GC(206) Pause Young (Normal) (G1 Evacuation Pause) 399M->99M(512M) 4.845ms
[2025-08-28T13:08:16.530+0000][1088069][info ][gc,cpu      ] GC(206) User=0.01s Sys=0.00s Real=0.00s
[2025-08-28T13:08:16.530+0000][1088069][info ][safepoint   ] Safepoint "G1CollectForAllocation", Time since last: 3108400730 ns, Reaching safepoint: 82634 ns, Cleanup: 6930 ns, At safepoint: 5156519 ns, Total: 5246083 ns
[2025-08-28T13:08:19.450+0000][1088069][info ][gc,start    ] GC(207) Pause Young (Normal) (G1 Evacuation Pause)
[2025-08-28T13:08:19.450+0000][1088069][info ][gc,task     ] GC(207) Using 12 workers of 33 for evacuation
[2025-08-28T13:08:19.450+0000][1088069][debug][gc,age      ] GC(207) Desired survivor size 20971520 bytes, new threshold 15 (max threshold 15)
[2025-08-28T13:08:19.455+0000][1088069][info ][gc,phases   ] GC(207)   Pre Evacuate Collection Set: 0.2ms
[2025-08-28T13:08:19.455+0000][1088069][info ][gc,phases   ] GC(207)   Merge Heap Roots: 0.1ms
[2025-08-28T13:08:19.455+0000][1088069][info ][gc,phases   ] GC(207)   Evacuate Collection Set: 3.7ms
[2025-08-28T13:08:19.455+0000][1088069][info ][gc,phases   ] GC(207)   Post Evacuate Collection Set: 0.6ms
[2025-08-28T13:08:19.455+0000][1088069][info ][gc,phases   ] GC(207)   Other: 0.1ms
[2025-08-28T13:08:19.455+0000][1088069][trace][gc,age      ] GC(207) Age table with threshold 15 (max threshold 15)
[2025-08-28T13:08:19.455+0000][1088069][trace][gc,age      ] GC(207) - age   1:       9080 bytes,       9080 total
[2025-08-28T13:08:19.455+0000][1088069][trace][gc,age      ] GC(207) - age   3:        240 bytes,       9320 total
[2025-08-28T13:08:19.455+0000][1088069][trace][gc,age      ] GC(207) - age   4:        224 bytes,       9544 total
[2025-08-28T13:08:19.455+0000][1088069][trace][gc,age      ] GC(207) - age   6:         32 bytes,       9576 total
[2025-08-28T13:08:19.455+0000][1088069][trace][gc,age      ] GC(207) - age   8:         32 bytes,       9608 total
[2025-08-28T13:08:19.455+0000][1088069][trace][gc,age      ] GC(207) - age   9:        616 bytes,      10224 total
[2025-08-28T13:08:19.455+0000][1088069][trace][gc,age      ] GC(207) - age  10:       7480 bytes,      17704 total
[2025-08-28T13:08:19.455+0000][1088069][trace][gc,age      ] GC(207) - age  11:        200 bytes,      17904 total
[2025-08-28T13:08:19.455+0000][1088069][trace][gc,age      ] GC(207) - age  12:         32 bytes,      17936 total
[2025-08-28T13:08:19.455+0000][1088069][info ][gc,heap     ] GC(207) Eden regions: 75->0(75)
[2025-08-28T13:08:19.455+0000][1088069][info ][gc,heap     ] GC(207) Survivor regions: 1->1(10)
[2025-08-28T13:08:19.455+0000][1088069][info ][gc,heap     ] GC(207) Old regions: 25->25
[2025-08-28T13:08:19.455+0000][1088069][info ][gc,heap     ] GC(207) Humongous regions: 0->0
[2025-08-28T13:08:19.455+0000][1088069][info ][gc,metaspace] GC(207) Metaspace: 144877K(148928K)->144877K(148928K) NonClass: 125024K(127168K)->125024K(127168K) Class: 19853K(21760K)->19853K(21760K)
[2025-08-28T13:08:19.455+0000][1088069][info ][gc          ] GC(207) Pause Young (Normal) (G1 Evacuation Pause) 399M->99M(512M) 4.949ms
[2025-08-28T13:08:19.455+0000][1088069][info ][gc,cpu      ] GC(207) User=0.01s Sys=0.00s Real=0.01s
[2025-08-28T13:08:19.455+0000][1088069][info ][safepoint   ] Safepoint "G1CollectForAllocation", Time since last: 2919783757 ns, Reaching safepoint: 37076 ns, Cleanup: 7902 ns, At safepoint: 5264721 ns, Total: 5309699 ns
[2025-08-28T13:08:22.375+0000][1088069][info ][gc,start    ] GC(208) Pause Young (Normal) (G1 Evacuation Pause)
[2025-08-28T13:08:22.375+0000][1088069][info ][gc,task     ] GC(208) Using 12 workers of 33 for evacuation
[2025-08-28T13:08:22.375+0000][1088069][debug][gc,age      ] GC(208) Desired survivor size 20971520 bytes, new threshold 15 (max threshold 15)
[2025-08-28T13:08:22.380+0000][1088069][info ][gc,phases   ] GC(208)   Pre Evacuate Collection Set: 0.2ms
[2025-08-28T13:08:22.380+0000][1088069][info ][gc,phases   ] GC(208)   Merge Heap Roots: 0.1ms
[2025-08-28T13:08:22.380+0000][1088069][info ][gc,phases   ] GC(208)   Evacuate Collection Set: 3.8ms
[2025-08-28T13:08:22.380+0000][1088069][info ][gc,phases   ] GC(208)   Post Evacuate Collection Set: 0.7ms
[2025-08-28T13:08:22.380+0000][1088069][info ][gc,phases   ] GC(208)   Other: 0.1ms
[2025-08-28T13:08:22.380+0000][1088069][trace][gc,age      ] GC(208) Age table with threshold 15 (max threshold 15)
[2025-08-28T13:08:22.380+0000][1088069][trace][gc,age      ] GC(208) - age   1:     698080 bytes,     698080 total
[2025-08-28T13:08:22.380+0000][1088069][trace][gc,age      ] GC(208) - age   2:        888 bytes,     698968 total
[2025-08-28T13:08:22.380+0000][1088069][trace][gc,age      ] GC(208) - age   5:        224 bytes,     699192 total
[2025-08-28T13:08:22.380+0000][1088069][trace][gc,age      ] GC(208) - age   7:         32 bytes,     699224 total
[2025-08-28T13:08:22.380+0000][1088069][trace][gc,age      ] GC(208) - age   9:         32 bytes,     699256 total
[2025-08-28T13:08:22.380+0000][1088069][trace][gc,age      ] GC(208) - age  10:        552 bytes,     699808 total
[2025-08-28T13:08:22.380+0000][1088069][trace][gc,age      ] GC(208) - age  11:       1984 bytes,     701792 total
[2025-08-28T13:08:22.380+0000][1088069][trace][gc,age      ] GC(208) - age  12:        200 bytes,     701992 total
[2025-08-28T13:08:22.380+0000][1088069][trace][gc,age      ] GC(208) - age  13:         32 bytes,     702024 total
[2025-08-28T13:08:22.380+0000][1088069][info ][gc,heap     ] GC(208) Eden regions: 75->0(75)
[2025-08-28T13:08:22.380+0000][1088069][info ][gc,heap     ] GC(208) Survivor regions: 1->1(10)
[2025-08-28T13:08:22.380+0000][1088069][info ][gc,heap     ] GC(208) Old regions: 25->25
[2025-08-28T13:08:22.380+0000][1088069][info ][gc,heap     ] GC(208) Humongous regions: 0->0
[2025-08-28T13:08:22.380+0000][1088069][info ][gc,metaspace] GC(208) Metaspace: 144880K(148928K)->144880K(148928K) NonClass: 125027K(127168K)->125027K(127168K) Class: 19853K(21760K)->19853K(21760K)
[2025-08-28T13:08:22.380+0000][1088069][info ][gc          ] GC(208) Pause Young (Normal) (G1 Evacuation Pause) 399M->100M(512M) 5.119ms
[2025-08-28T13:08:22.380+0000][1088069][info ][gc,cpu      ] GC(208) User=0.00s Sys=0.00s Real=0.00s
[2025-08-28T13:08:22.380+0000][1088069][info ][safepoint   ] Safepoint "G1CollectForAllocation", Time since last: 2920149668 ns, Reaching safepoint: 32088 ns, Cleanup: 18888 ns, At safepoint: 5385954 ns, Total: 5436930 ns
[2025-08-28T13:08:23.381+0000][1088069][info ][safepoint   ] Safepoint "Cleanup", Time since last: 1000110091 ns, Reaching safepoint: 36725 ns, Cleanup: 20491 ns, At safepoint: 4667 ns, Total: 61883 ns
[2025-08-28T13:08:25.787+0000][1088069][info ][gc,start    ] GC(209) Pause Young (Normal) (G1 Evacuation Pause)
[2025-08-28T13:08:25.787+0000][1088069][info ][gc,task     ] GC(209) Using 12 workers of 33 for evacuation
[2025-08-28T13:08:25.787+0000][1088069][debug][gc,age      ] GC(209) Desired survivor size 20971520 bytes, new threshold 15 (max threshold 15)
[2025-08-28T13:08:25.792+0000][1088069][info ][gc,phases   ] GC(209)   Pre Evacuate Collection Set: 0.2ms
[2025-08-28T13:08:25.792+0000][1088069][info ][gc,phases   ] GC(209)   Merge Heap Roots: 0.1ms
[2025-08-28T13:08:25.792+0000][1088069][info ][gc,phases   ] GC(209)   Evacuate Collection Set: 3.6ms
[2025-08-28T13:08:25.792+0000][1088069][info ][gc,phases   ] GC(209)   Post Evacuate Collection Set: 0.6ms
[2025-08-28T13:08:25.792+0000][1088069][info ][gc,phases   ] GC(209)   Other: 0.1ms
[2025-08-28T13:08:25.792+0000][1088069][trace][gc,age      ] GC(209) Age table with threshold 15 (max threshold 15)
[2025-08-28T13:08:25.792+0000][1088069][trace][gc,age      ] GC(209) - age   1:     175888 bytes,     175888 total
[2025-08-28T13:08:25.792+0000][1088069][trace][gc,age      ] GC(209) - age   2:       6336 bytes,     182224 total
[2025-08-28T13:08:25.792+0000][1088069][trace][gc,age      ] GC(209) - age   3:        176 bytes,     182400 total
[2025-08-28T13:08:25.792+0000][1088069][trace][gc,age      ] GC(209) - age   6:        224 bytes,     182624 total
[2025-08-28T13:08:25.792+0000][1088069][trace][gc,age      ] GC(209) - age  10:         32 bytes,     182656 total
[2025-08-28T13:08:25.792+0000][1088069][trace][gc,age      ] GC(209) - age  12:       1616 bytes,     184272 total
[2025-08-28T13:08:25.792+0000][1088069][trace][gc,age      ] GC(209) - age  13:        200 bytes,     184472 total
[2025-08-28T13:08:25.792+0000][1088069][trace][gc,age      ] GC(209) - age  14:         32 bytes,     184504 total
[2025-08-28T13:08:25.792+0000][1088069][info ][gc,heap     ] GC(209) Eden regions: 75->0(75)
[2025-08-28T13:08:25.792+0000][1088069][info ][gc,heap     ] GC(209) Survivor regions: 1->1(10)
[2025-08-28T13:08:25.792+0000][1088069][info ][gc,heap     ] GC(209) Old regions: 25->25
[2025-08-28T13:08:25.792+0000][1088069][info ][gc,heap     ] GC(209) Humongous regions: 0->0
[2025-08-28T13:08:25.792+0000][1088069][info ][gc,metaspace] GC(209) Metaspace: 144881K(148928K)->144881K(148928K) NonClass: 125028K(127168K)->125028K(127168K) Class: 19853K(21760K)->19853K(21760K)
[2025-08-28T13:08:25.792+0000][1088069][info ][gc          ] GC(209) Pause Young (Normal) (G1 Evacuation Pause) 400M->99M(512M) 4.746ms
[2025-08-28T13:08:25.792+0000][1088069][info ][gc,cpu      ] GC(209) User=0.01s Sys=0.00s Real=0.01s
[2025-08-28T13:08:25.792+0000][1088069][info ][safepoint   ] Safepoint "G1CollectForAllocation", Time since last: 2406212131 ns, Reaching safepoint: 38407 ns, Cleanup: 7752 ns, At safepoint: 5069939 ns, Total: 5116098 ns
[2025-08-28T13:08:29.325+0000][1088069][info ][gc,start    ] GC(210) Pause Young (Normal) (G1 Evacuation Pause)
[2025-08-28T13:08:29.325+0000][1088069][info ][gc,task     ] GC(210) Using 12 workers of 33 for evacuation
[2025-08-28T13:08:29.325+0000][1088069][debug][gc,age      ] GC(210) Desired survivor size 20971520 bytes, new threshold 15 (max threshold 15)
[2025-08-28T13:08:29.330+0000][1088069][info ][gc,phases   ] GC(210)   Pre Evacuate Collection Set: 0.2ms
[2025-08-28T13:08:29.330+0000][1088069][info ][gc,phases   ] GC(210)   Merge Heap Roots: 0.1ms
[2025-08-28T13:08:29.330+0000][1088069][info ][gc,phases   ] GC(210)   Evacuate Collection Set: 4.0ms
[2025-08-28T13:08:29.330+0000][1088069][info ][gc,phases   ] GC(210)   Post Evacuate Collection Set: 0.6ms
[2025-08-28T13:08:29.330+0000][1088069][info ][gc,phases   ] GC(210)   Other: 0.1ms
[2025-08-28T13:08:29.330+0000][1088069][trace][gc,age      ] GC(210) Age table with threshold 15 (max threshold 15)
[2025-08-28T13:08:29.330+0000][1088069][trace][gc,age      ] GC(210) - age   1:     658288 bytes,     658288 total
[2025-08-28T13:08:29.330+0000][1088069][trace][gc,age      ] GC(210) - age   2:       2464 bytes,     660752 total
[2025-08-28T13:08:29.330+0000][1088069][trace][gc,age      ] GC(210) - age   3:       6336 bytes,     667088 total
[2025-08-28T13:08:29.330+0000][1088069][trace][gc,age      ] GC(210) - age   4:        176 bytes,     667264 total
[2025-08-28T13:08:29.330+0000][1088069][trace][gc,age      ] GC(210) - age   7:        224 bytes,     667488 total
[2025-08-28T13:08:29.330+0000][1088069][trace][gc,age      ] GC(210) - age  11:         32 bytes,     667520 total
[2025-08-28T13:08:29.330+0000][1088069][trace][gc,age      ] GC(210) - age  13:       1616 bytes,     669136 total
[2025-08-28T13:08:29.330+0000][1088069][trace][gc,age      ] GC(210) - age  14:        200 bytes,     669336 total
[2025-08-28T13:08:29.330+0000][1088069][trace][gc,age      ] GC(210) - age  15:         32 bytes,     669368 total
[2025-08-28T13:08:29.330+0000][1088069][info ][gc,heap     ] GC(210) Eden regions: 75->0(75)
[2025-08-28T13:08:29.330+0000][1088069][info ][gc,heap     ] GC(210) Survivor regions: 1->1(10)
[2025-08-28T13:08:29.330+0000][1088069][info ][gc,heap     ] GC(210) Old regions: 25->25
[2025-08-28T13:08:29.330+0000][1088069][info ][gc,heap     ] GC(210) Humongous regions: 0->0
[2025-08-28T13:08:29.330+0000][1088069][info ][gc,metaspace] GC(210) Metaspace: 144881K(148928K)->144881K(148928K) NonClass: 125028K(127168K)->125028K(127168K) Class: 19853K(21760K)->19853K(21760K)
[2025-08-28T13:08:29.330+0000][1088069][info ][gc          ] GC(210) Pause Young (Normal) (G1 Evacuation Pause) 399M->100M(512M) 5.199ms
[2025-08-28T13:08:29.330+0000][1088069][info ][gc,cpu      ] GC(210) User=0.00s Sys=0.00s Real=0.00s
[2025-08-28T13:08:29.330+0000][1088069][info ][safepoint   ] Safepoint "G1CollectForAllocation", Time since last: 3532629402 ns, Reaching safepoint: 37376 ns, Cleanup: 7471 ns, At safepoint: 5517611 ns, Total: 5562458 ns
[2025-08-28T13:08:32.250+0000][1088069][info ][gc,start    ] GC(211) Pause Young (Normal) (G1 Evacuation Pause)
[2025-08-28T13:08:32.251+0000][1088069][info ][gc,task     ] GC(211) Using 12 workers of 33 for evacuation
[2025-08-28T13:08:32.251+0000][1088069][debug][gc,age      ] GC(211) Desired survivor size 20971520 bytes, new threshold 15 (max threshold 15)
[2025-08-28T13:08:32.254+0000][1088069][info ][gc,phases   ] GC(211)   Pre Evacuate Collection Set: 0.2ms
[2025-08-28T13:08:32.254+0000][1088069][info ][gc,phases   ] GC(211)   Merge Heap Roots: 0.1ms
[2025-08-28T13:08:32.254+0000][1088069][info ][gc,phases   ] GC(211)   Evacuate Collection Set: 3.0ms
[2025-08-28T13:08:32.254+0000][1088069][info ][gc,phases   ] GC(211)   Post Evacuate Collection Set: 0.5ms
[2025-08-28T13:08:32.254+0000][1088069][info ][gc,phases   ] GC(211)   Other: 0.1ms
[2025-08-28T13:08:32.254+0000][1088069][trace][gc,age      ] GC(211) Age table with threshold 15 (max threshold 15)
[2025-08-28T13:08:32.254+0000][1088069][trace][gc,age      ] GC(211) - age   1:     692664 bytes,     692664 total
[2025-08-28T13:08:32.254+0000][1088069][trace][gc,age      ] GC(211) - age   2:        176 bytes,     692840 total
[2025-08-28T13:08:32.254+0000][1088069][trace][gc,age      ] GC(211) - age   3:       1928 bytes,     694768 total
[2025-08-28T13:08:32.254+0000][1088069][trace][gc,age      ] GC(211) - age   4:       6096 bytes,     700864 total
[2025-08-28T13:08:32.254+0000][1088069][trace][gc,age      ] GC(211) - age   5:        176 bytes,     701040 total
[2025-08-28T13:08:32.254+0000][1088069][trace][gc,age      ] GC(211) - age  12:         32 bytes,     701072 total
[2025-08-28T13:08:32.254+0000][1088069][trace][gc,age      ] GC(211) - age  14:       1616 bytes,     702688 total
[2025-08-28T13:08:32.254+0000][1088069][trace][gc,age      ] GC(211) - age  15:        200 bytes,     702888 total
[2025-08-28T13:08:32.255+0000][1088069][info ][gc,heap     ] GC(211) Eden regions: 75->0(75)
[2025-08-28T13:08:32.255+0000][1088069][info ][gc,heap     ] GC(211) Survivor regions: 1->1(10)
[2025-08-28T13:08:32.255+0000][1088069][info ][gc,heap     ] GC(211) Old regions: 25->25
[2025-08-28T13:08:32.255+0000][1088069][info ][gc,heap     ] GC(211) Humongous regions: 0->0
[2025-08-28T13:08:32.255+0000][1088069][info ][gc,metaspace] GC(211) Metaspace: 144881K(148928K)->144881K(148928K) NonClass: 125028K(127168K)->125028K(127168K) Class: 19853K(21760K)->19853K(21760K)
[2025-08-28T13:08:32.255+0000][1088069][info ][gc          ] GC(211) Pause Young (Normal) (G1 Evacuation Pause) 400M->100M(512M) 4.124ms
[2025-08-28T13:08:32.255+0000][1088069][info ][gc,cpu      ] GC(211) User=0.01s Sys=0.00s Real=0.01s
[2025-08-28T13:08:32.255+0000][1088069][info ][safepoint   ] Safepoint "G1CollectForAllocation", Time since last: 2920056538 ns, Reaching safepoint: 38207 ns, Cleanup: 7752 ns, At safepoint: 4436116 ns, Total: 4482075 ns
[2025-08-28T13:08:35.187+0000][1088069][info ][gc,start    ] GC(212) Pause Young (Normal) (G1 Evacuation Pause)
[2025-08-28T13:08:35.187+0000][1088069][info ][gc,task     ] GC(212) Using 12 workers of 33 for evacuation
[2025-08-28T13:08:35.187+0000][1088069][debug][gc,age      ] GC(212) Desired survivor size 20971520 bytes, new threshold 15 (max threshold 15)
[2025-08-28T13:08:35.191+0000][1088069][info ][gc,phases   ] GC(212)   Pre Evacuate Collection Set: 0.2ms
[2025-08-28T13:08:35.191+0000][1088069][info ][gc,phases   ] GC(212)   Merge Heap Roots: 0.0ms
[2025-08-28T13:08:35.191+0000][1088069][info ][gc,phases   ] GC(212)   Evacuate Collection Set: 3.3ms
[2025-08-28T13:08:35.191+0000][1088069][info ][gc,phases   ] GC(212)   Post Evacuate Collection Set: 0.5ms
[2025-08-28T13:08:35.191+0000][1088069][info ][gc,phases   ] GC(212)   Other: 0.1ms
[2025-08-28T13:08:35.191+0000][1088069][trace][gc,age      ] GC(212) Age table with threshold 15 (max threshold 15)
[2025-08-28T13:08:35.191+0000][1088069][trace][gc,age      ] GC(212) - age   1:       8904 bytes,       8904 total
[2025-08-28T13:08:35.191+0000][1088069][trace][gc,age      ] GC(212) - age   2:        464 bytes,       9368 total
[2025-08-28T13:08:35.191+0000][1088069][trace][gc,age      ] GC(212) - age   4:       1928 bytes,      11296 total
[2025-08-28T13:08:35.191+0000][1088069][trace][gc,age      ] GC(212) - age   5:       6096 bytes,      17392 total
[2025-08-28T13:08:35.191+0000][1088069][trace][gc,age      ] GC(212) - age   6:        176 bytes,      17568 total
[2025-08-28T13:08:35.191+0000][1088069][trace][gc,age      ] GC(212) - age  13:         32 bytes,      17600 total
[2025-08-28T13:08:35.191+0000][1088069][trace][gc,age      ] GC(212) - age  15:       1616 bytes,      19216 total
[2025-08-28T13:08:35.191+0000][1088069][info ][gc,heap     ] GC(212) Eden regions: 75->0(75)
[2025-08-28T13:08:35.191+0000][1088069][info ][gc,heap     ] GC(212) Survivor regions: 1->1(10)
[2025-08-28T13:08:35.191+0000][1088069][info ][gc,heap     ] GC(212) Old regions: 25->25
[2025-08-28T13:08:35.191+0000][1088069][info ][gc,heap     ] GC(212) Humongous regions: 0->0
[2025-08-28T13:08:35.191+0000][1088069][info ][gc,metaspace] GC(212) Metaspace: 144881K(148928K)->144881K(148928K) NonClass: 125028K(127168K)->125028K(127168K) Class: 19853K(21760K)->19853K(21760K)
[2025-08-28T13:08:35.191+0000][1088069][info ][gc          ] GC(212) Pause Young (Normal) (G1 Evacuation Pause) 400M->99M(512M) 4.292ms
[2025-08-28T13:08:35.192+0000][1088069][info ][gc,cpu      ] GC(212) User=0.01s Sys=0.00s Real=0.01s
[2025-08-28T13:08:35.192+0000][1088069][info ][safepoint   ] Safepoint "G1CollectForAllocation", Time since last: 2932248134 ns, Reaching safepoint: 32078 ns, Cleanup: 6970 ns, At safepoint: 4521835 ns, Total: 4560883 ns
[2025-08-28T13:08:38.137+0000][1088069][info ][gc,start    ] GC(213) Pause Young (Normal) (G1 Evacuation Pause)
[2025-08-28T13:08:38.137+0000][1088069][info ][gc,task     ] GC(213) Using 12 workers of 33 for evacuation
[2025-08-28T13:08:38.137+0000][1088069][debug][gc,age      ] GC(213) Desired survivor size 20971520 bytes, new threshold 15 (max threshold 15)
[2025-08-28T13:08:38.140+0000][1088069][info ][gc,phases   ] GC(213)   Pre Evacuate Collection Set: 0.2ms
[2025-08-28T13:08:38.140+0000][1088069][info ][gc,phases   ] GC(213)   Merge Heap Roots: 0.1ms
[2025-08-28T13:08:38.140+0000][1088069][info ][gc,phases   ] GC(213)   Evacuate Collection Set: 2.3ms
[2025-08-28T13:08:38.140+0000][1088069][info ][gc,phases   ] GC(213)   Post Evacuate Collection Set: 0.6ms
[2025-08-28T13:08:38.140+0000][1088069][info ][gc,phases   ] GC(213)   Other: 0.1ms
[2025-08-28T13:08:38.140+0000][1088069][trace][gc,age      ] GC(213) Age table with threshold 15 (max threshold 15)
[2025-08-28T13:08:38.140+0000][1088069][trace][gc,age      ] GC(213) - age   1:     288768 bytes,     288768 total
[2025-08-28T13:08:38.140+0000][1088069][trace][gc,age      ] GC(213) - age   2:        712 bytes,     289480 total
[2025-08-28T13:08:38.140+0000][1088069][trace][gc,age      ] GC(213) - age   3:        464 bytes,     289944 total
[2025-08-28T13:08:38.140+0000][1088069][trace][gc,age      ] GC(213) - age   5:       1928 bytes,     291872 total
[2025-08-28T13:08:38.140+0000][1088069][trace][gc,age      ] GC(213) - age   6:       6096 bytes,     297968 total
[2025-08-28T13:08:38.140+0000][1088069][trace][gc,age      ] GC(213) - age   7:        176 bytes,     298144 total
[2025-08-28T13:08:38.140+0000][1088069][trace][gc,age      ] GC(213) - age  14:         32 bytes,     298176 total
[2025-08-28T13:08:38.140+0000][1088069][info ][gc,heap     ] GC(213) Eden regions: 75->0(75)
[2025-08-28T13:08:38.140+0000][1088069][info ][gc,heap     ] GC(213) Survivor regions: 1->1(10)
[2025-08-28T13:08:38.140+0000][1088069][info ][gc,heap     ] GC(213) Old regions: 25->25
[2025-08-28T13:08:38.140+0000][1088069][info ][gc,heap     ] GC(213) Humongous regions: 0->0
[2025-08-28T13:08:38.140+0000][1088069][info ][gc,metaspace] GC(213) Metaspace: 144881K(148928K)->144881K(148928K) NonClass: 125028K(127168K)->125028K(127168K) Class: 19853K(21760K)->19853K(21760K)
[2025-08-28T13:08:38.140+0000][1088069][info ][gc          ] GC(213) Pause Young (Normal) (G1 Evacuation Pause) 399M->99M(512M) 3.412ms
[2025-08-28T13:08:38.140+0000][1088069][info ][gc,cpu      ] GC(213) User=0.00s Sys=0.00s Real=0.00s
[2025-08-28T13:08:38.141+0000][1088069][info ][safepoint   ] Safepoint "G1CollectForAllocation", Time since last: 2945310260 ns, Reaching safepoint: 32719 ns, Cleanup: 7021 ns, At safepoint: 3639419 ns, Total: 3679159 ns
[2025-08-28T13:08:41.074+0000][1088069][info ][gc,start    ] GC(214) Pause Young (Normal) (G1 Evacuation Pause)
[2025-08-28T13:08:41.075+0000][1088069][info ][gc,task     ] GC(214) Using 12 workers of 33 for evacuation
[2025-08-28T13:08:41.075+0000][1088069][debug][gc,age      ] GC(214) Desired survivor size 20971520 bytes, new threshold 15 (max threshold 15)
[2025-08-28T13:08:41.079+0000][1088069][info ][gc,phases   ] GC(214)   Pre Evacuate Collection Set: 0.2ms
[2025-08-28T13:08:41.079+0000][1088069][info ][gc,phases   ] GC(214)   Merge Heap Roots: 0.1ms
[2025-08-28T13:08:41.079+0000][1088069][info ][gc,phases   ] GC(214)   Evacuate Collection Set: 3.3ms
[2025-08-28T13:08:41.079+0000][1088069][info ][gc,phases   ] GC(214)   Post Evacuate Collection Set: 0.7ms
[2025-08-28T13:08:41.079+0000][1088069][info ][gc,phases   ] GC(214)   Other: 0.1ms
[2025-08-28T13:08:41.079+0000][1088069][trace][gc,age      ] GC(214) Age table with threshold 15 (max threshold 15)
[2025-08-28T13:08:41.079+0000][1088069][trace][gc,age      ] GC(214) - age   1:       8904 bytes,       8904 total
[2025-08-28T13:08:41.079+0000][1088069][trace][gc,age      ] GC(214) - age   4:        464 bytes,       9368 total
[2025-08-28T13:08:41.079+0000][1088069][trace][gc,age      ] GC(214) - age   6:       1928 bytes,      11296 total
[2025-08-28T13:08:41.079+0000][1088069][trace][gc,age      ] GC(214) - age   7:       6096 bytes,      17392 total
[2025-08-28T13:08:41.079+0000][1088069][trace][gc,age      ] GC(214) - age   8:        176 bytes,      17568 total
[2025-08-28T13:08:41.079+0000][1088069][trace][gc,age      ] GC(214) - age  15:         32 bytes,      17600 total
[2025-08-28T13:08:41.079+0000][1088069][info ][gc,heap     ] GC(214) Eden regions: 75->0(75)
[2025-08-28T13:08:41.079+0000][1088069][info ][gc,heap     ] GC(214) Survivor regions: 1->1(10)
[2025-08-28T13:08:41.079+0000][1088069][info ][gc,heap     ] GC(214) Old regions: 25->25
[2025-08-28T13:08:41.079+0000][1088069][info ][gc,heap     ] GC(214) Humongous regions: 0->0
[2025-08-28T13:08:41.079+0000][1088069][info ][gc,metaspace] GC(214) Metaspace: 144881K(148928K)->144881K(148928K) NonClass: 125028K(127168K)->125028K(127168K) Class: 19853K(21760K)->19853K(21760K)
[2025-08-28T13:08:41.079+0000][1088069][info ][gc          ] GC(214) Pause Young (Normal) (G1 Evacuation Pause) 399M->99M(512M) 4.540ms
[2025-08-28T13:08:41.079+0000][1088069][info ][gc,cpu      ] GC(214) User=0.00s Sys=0.00s Real=0.00s
[2025-08-28T13:08:41.079+0000][1088069][info ][safepoint   ] Safepoint "G1CollectForAllocation", Time since last: 2933822437 ns, Reaching safepoint: 31828 ns, Cleanup: 3955 ns, At safepoint: 4707765 ns, Total: 4743548 ns
[2025-08-28T13:08:44.082+0000][1088069][info ][gc,start    ] GC(215) Pause Young (Normal) (G1 Evacuation Pause)
[2025-08-28T13:08:44.083+0000][1088069][info ][gc,task     ] GC(215) Using 12 workers of 33 for evacuation
[2025-08-28T13:08:44.083+0000][1088069][debug][gc,age      ] GC(215) Desired survivor size 20971520 bytes, new threshold 15 (max threshold 15)
[2025-08-28T13:08:44.087+0000][1088069][info ][gc,phases   ] GC(215)   Pre Evacuate Collection Set: 0.2ms
[2025-08-28T13:08:44.087+0000][1088069][info ][gc,phases   ] GC(215)   Merge Heap Roots: 0.1ms
[2025-08-28T13:08:44.087+0000][1088069][info ][gc,phases   ] GC(215)   Evacuate Collection Set: 3.6ms
[2025-08-28T13:08:44.087+0000][1088069][info ][gc,phases   ] GC(215)   Post Evacuate Collection Set: 0.7ms
[2025-08-28T13:08:44.087+0000][1088069][info ][gc,phases   ] GC(215)   Other: 0.1ms
[2025-08-28T13:08:44.087+0000][1088069][trace][gc,age      ] GC(215) Age table with threshold 15 (max threshold 15)
[2025-08-28T13:08:44.087+0000][1088069][trace][gc,age      ] GC(215) - age   1:     676120 bytes,     676120 total
[2025-08-28T13:08:44.087+0000][1088069][trace][gc,age      ] GC(215) - age   2:        536 bytes,     676656 total
[2025-08-28T13:08:44.087+0000][1088069][trace][gc,age      ] GC(215) - age   5:        224 bytes,     676880 total
[2025-08-28T13:08:44.087+0000][1088069][trace][gc,age      ] GC(215) - age   7:       1928 bytes,     678808 total
[2025-08-28T13:08:44.087+0000][1088069][trace][gc,age      ] GC(215) - age   8:       6096 bytes,     684904 total
[2025-08-28T13:08:44.087+0000][1088069][trace][gc,age      ] GC(215) - age   9:        176 bytes,     685080 total
[2025-08-28T13:08:44.087+0000][1088069][info ][gc,heap     ] GC(215) Eden regions: 75->0(75)
[2025-08-28T13:08:44.087+0000][1088069][info ][gc,heap     ] GC(215) Survivor regions: 1->1(10)
[2025-08-28T13:08:44.087+0000][1088069][info ][gc,heap     ] GC(215) Old regions: 25->25
[2025-08-28T13:08:44.087+0000][1088069][info ][gc,heap     ] GC(215) Humongous regions: 0->0
[2025-08-28T13:08:44.087+0000][1088069][info ][gc,metaspace] GC(215) Metaspace: 144881K(148928K)->144881K(148928K) NonClass: 125028K(127168K)->125028K(127168K) Class: 19853K(21760K)->19853K(21760K)
[2025-08-28T13:08:44.087+0000][1088069][info ][gc          ] GC(215) Pause Young (Normal) (G1 Evacuation Pause) 399M->100M(512M) 4.888ms
[2025-08-28T13:08:44.088+0000][1088069][info ][gc,cpu      ] GC(215) User=0.01s Sys=0.00s Real=0.00s
[2025-08-28T13:08:44.088+0000][1088069][info ][safepoint   ] Safepoint "G1CollectForAllocation", Time since last: 3003252479 ns, Reaching safepoint: 32759 ns, Cleanup: 5008 ns, At safepoint: 5162588 ns, Total: 5200355 ns
[2025-08-28T13:08:47.008+0000][1088069][info ][gc,start    ] GC(216) Pause Young (Normal) (G1 Evacuation Pause)
[2025-08-28T13:08:47.008+0000][1088069][info ][gc,task     ] GC(216) Using 12 workers of 33 for evacuation
[2025-08-28T13:08:47.008+0000][1088069][debug][gc,age      ] GC(216) Desired survivor size 20971520 bytes, new threshold 15 (max threshold 15)
[2025-08-28T13:08:47.013+0000][1088069][info ][gc,phases   ] GC(216)   Pre Evacuate Collection Set: 0.2ms
[2025-08-28T13:08:47.013+0000][1088069][info ][gc,phases   ] GC(216)   Merge Heap Roots: 0.1ms
[2025-08-28T13:08:47.013+0000][1088069][info ][gc,phases   ] GC(216)   Evacuate Collection Set: 3.3ms
[2025-08-28T13:08:47.013+0000][1088069][info ][gc,phases   ] GC(216)   Post Evacuate Collection Set: 0.8ms
[2025-08-28T13:08:47.013+0000][1088069][info ][gc,phases   ] GC(216)   Other: 0.1ms
[2025-08-28T13:08:47.013+0000][1088069][trace][gc,age      ] GC(216) Age table with threshold 15 (max threshold 15)
[2025-08-28T13:08:47.013+0000][1088069][trace][gc,age      ] GC(216) - age   1:     656024 bytes,     656024 total
[2025-08-28T13:08:47.013+0000][1088069][trace][gc,age      ] GC(216) - age   2:        416 bytes,     656440 total
[2025-08-28T13:08:47.013+0000][1088069][trace][gc,age      ] GC(216) - age   6:        224 bytes,     656664 total
[2025-08-28T13:08:47.013+0000][1088069][trace][gc,age      ] GC(216) - age   8:       1928 bytes,     658592 total
[2025-08-28T13:08:47.013+0000][1088069][trace][gc,age      ] GC(216) - age   9:       6096 bytes,     664688 total
[2025-08-28T13:08:47.013+0000][1088069][trace][gc,age      ] GC(216) - age  10:        176 bytes,     664864 total
[2025-08-28T13:08:47.013+0000][1088069][info ][gc,heap     ] GC(216) Eden regions: 75->0(75)
[2025-08-28T13:08:47.013+0000][1088069][info ][gc,heap     ] GC(216) Survivor regions: 1->1(10)
[2025-08-28T13:08:47.013+0000][1088069][info ][gc,heap     ] GC(216) Old regions: 25->25
[2025-08-28T13:08:47.013+0000][1088069][info ][gc,heap     ] GC(216) Humongous regions: 0->0
[2025-08-28T13:08:47.013+0000][1088069][info ][gc,metaspace] GC(216) Metaspace: 144881K(148928K)->144881K(148928K) NonClass: 125028K(127168K)->125028K(127168K) Class: 19853K(21760K)->19853K(21760K)
[2025-08-28T13:08:47.013+0000][1088069][info ][gc          ] GC(216) Pause Young (Normal) (G1 Evacuation Pause) 400M->100M(512M) 4.630ms
[2025-08-28T13:08:47.013+0000][1088069][info ][gc,cpu      ] GC(216) User=0.01s Sys=0.00s Real=0.01s
[2025-08-28T13:08:47.013+0000][1088069][info ][safepoint   ] Safepoint "G1CollectForAllocation", Time since last: 2920476762 ns, Reaching safepoint: 31287 ns, Cleanup: 5028 ns, At safepoint: 4853353 ns, Total: 4889668 ns
[2025-08-28T13:08:49.957+0000][1088069][info ][gc,start    ] GC(217) Pause Young (Normal) (G1 Evacuation Pause)
[2025-08-28T13:08:49.958+0000][1088069][info ][gc,task     ] GC(217) Using 12 workers of 33 for evacuation
[2025-08-28T13:08:49.958+0000][1088069][debug][gc,age      ] GC(217) Desired survivor size 20971520 bytes, new threshold 15 (max threshold 15)
[2025-08-28T13:08:49.963+0000][1088069][info ][gc,phases   ] GC(217)   Pre Evacuate Collection Set: 0.2ms
[2025-08-28T13:08:49.963+0000][1088069][info ][gc,phases   ] GC(217)   Merge Heap Roots: 0.1ms
[2025-08-28T13:08:49.963+0000][1088069][info ][gc,phases   ] GC(217)   Evacuate Collection Set: 3.9ms
[2025-08-28T13:08:49.963+0000][1088069][info ][gc,phases   ] GC(217)   Post Evacuate Collection Set: 0.9ms
[2025-08-28T13:08:49.963+0000][1088069][info ][gc,phases   ] GC(217)   Other: 0.1ms
[2025-08-28T13:08:49.963+0000][1088069][trace][gc,age      ] GC(217) Age table with threshold 15 (max threshold 15)
[2025-08-28T13:08:49.963+0000][1088069][trace][gc,age      ] GC(217) - age   1:     642256 bytes,     642256 total
[2025-08-28T13:08:49.963+0000][1088069][trace][gc,age      ] GC(217) - age   3:        240 bytes,     642496 total
[2025-08-28T13:08:49.963+0000][1088069][trace][gc,age      ] GC(217) - age   9:       1928 bytes,     644424 total
[2025-08-28T13:08:49.963+0000][1088069][trace][gc,age      ] GC(217) - age  10:       6096 bytes,     650520 total
[2025-08-28T13:08:49.963+0000][1088069][info ][gc,heap     ] GC(217) Eden regions: 75->0(75)
[2025-08-28T13:08:49.963+0000][1088069][info ][gc,heap     ] GC(217) Survivor regions: 1->1(10)
[2025-08-28T13:08:49.963+0000][1088069][info ][gc,heap     ] GC(217) Old regions: 25->25
[2025-08-28T13:08:49.963+0000][1088069][info ][gc,heap     ] GC(217) Humongous regions: 0->0
[2025-08-28T13:08:49.963+0000][1088069][info ][gc,metaspace] GC(217) Metaspace: 144881K(148928K)->144881K(148928K) NonClass: 125028K(127168K)->125028K(127168K) Class: 19853K(21760K)->19853K(21760K)
[2025-08-28T13:08:49.963+0000][1088069][info ][gc          ] GC(217) Pause Young (Normal) (G1 Evacuation Pause) 400M->100M(512M) 5.289ms
[2025-08-28T13:08:49.963+0000][1088069][info ][gc,cpu      ] GC(217) User=0.01s Sys=0.00s Real=0.01s
[2025-08-28T13:08:49.963+0000][1088069][info ][safepoint   ] Safepoint "G1CollectForAllocation", Time since last: 2944414534 ns, Reaching safepoint: 32358 ns, Cleanup: 4477 ns, At safepoint: 5514096 ns, Total: 5550931 ns
[2025-08-28T13:08:52.895+0000][1088069][info ][gc,start    ] GC(218) Pause Young (Normal) (G1 Evacuation Pause)
[2025-08-28T13:08:52.895+0000][1088069][info ][gc,task     ] GC(218) Using 12 workers of 33 for evacuation
[2025-08-28T13:08:52.895+0000][1088069][debug][gc,age      ] GC(218) Desired survivor size 20971520 bytes, new threshold 15 (max threshold 15)
[2025-08-28T13:08:52.899+0000][1088069][info ][gc,phases   ] GC(218)   Pre Evacuate Collection Set: 0.2ms
[2025-08-28T13:08:52.899+0000][1088069][info ][gc,phases   ] GC(218)   Merge Heap Roots: 0.1ms
[2025-08-28T13:08:52.899+0000][1088069][info ][gc,phases   ] GC(218)   Evacuate Collection Set: 2.8ms
[2025-08-28T13:08:52.899+0000][1088069][info ][gc,phases   ] GC(218)   Post Evacuate Collection Set: 0.9ms
[2025-08-28T13:08:52.899+0000][1088069][info ][gc,phases   ] GC(218)   Other: 0.1ms
[2025-08-28T13:08:52.899+0000][1088069][trace][gc,age      ] GC(218) Age table with threshold 15 (max threshold 15)
[2025-08-28T13:08:52.899+0000][1088069][trace][gc,age      ] GC(218) - age   1:      20920 bytes,      20920 total
[2025-08-28T13:08:52.899+0000][1088069][trace][gc,age      ] GC(218) - age   2:       1312 bytes,      22232 total
[2025-08-28T13:08:52.899+0000][1088069][trace][gc,age      ] GC(218) - age  10:        848 bytes,      23080 total
[2025-08-28T13:08:52.899+0000][1088069][trace][gc,age      ] GC(218) - age  11:        696 bytes,      23776 total
[2025-08-28T13:08:52.899+0000][1088069][info ][gc,heap     ] GC(218) Eden regions: 75->0(75)
[2025-08-28T13:08:52.899+0000][1088069][info ][gc,heap     ] GC(218) Survivor regions: 1->1(10)
[2025-08-28T13:08:52.899+0000][1088069][info ][gc,heap     ] GC(218) Old regions: 25->25
[2025-08-28T13:08:52.899+0000][1088069][info ][gc,heap     ] GC(218) Humongous regions: 0->0
[2025-08-28T13:08:52.899+0000][1088069][info ][gc,metaspace] GC(218) Metaspace: 144882K(148928K)->144882K(148928K) NonClass: 125029K(127168K)->125029K(127168K) Class: 19853K(21760K)->19853K(21760K)
[2025-08-28T13:08:52.899+0000][1088069][info ][gc          ] GC(218) Pause Young (Normal) (G1 Evacuation Pause) 400M->99M(512M) 4.189ms
[2025-08-28T13:08:52.899+0000][1088069][info ][gc,cpu      ] GC(218) User=0.01s Sys=0.00s Real=0.00s
[2025-08-28T13:08:52.899+0000][1088069][info ][safepoint   ] Safepoint "G1CollectForAllocation", Time since last: 2931782241 ns, Reaching safepoint: 27351 ns, Cleanup: 4507 ns, At safepoint: 4439281 ns, Total: 4471139 ns
[2025-08-28T13:08:55.820+0000][1088069][info ][gc,start    ] GC(219) Pause Young (Normal) (G1 Evacuation Pause)
[2025-08-28T13:08:55.820+0000][1088069][info ][gc,task     ] GC(219) Using 12 workers of 33 for evacuation
[2025-08-28T13:08:55.820+0000][1088069][debug][gc,age      ] GC(219) Desired survivor size 20971520 bytes, new threshold 15 (max threshold 15)
[2025-08-28T13:08:55.825+0000][1088069][info ][gc,phases   ] GC(219)   Pre Evacuate Collection Set: 0.2ms
[2025-08-28T13:08:55.825+0000][1088069][info ][gc,phases   ] GC(219)   Merge Heap Roots: 0.1ms
[2025-08-28T13:08:55.825+0000][1088069][info ][gc,phases   ] GC(219)   Evacuate Collection Set: 3.7ms
[2025-08-28T13:08:55.825+0000][1088069][info ][gc,phases   ] GC(219)   Post Evacuate Collection Set: 0.8ms
[2025-08-28T13:08:55.825+0000][1088069][info ][gc,phases   ] GC(219)   Other: 0.1ms
[2025-08-28T13:08:55.825+0000][1088069][trace][gc,age      ] GC(219) Age table with threshold 15 (max threshold 15)
[2025-08-28T13:08:55.825+0000][1088069][trace][gc,age      ] GC(219) - age   1:     239968 bytes,     239968 total
[2025-08-28T13:08:55.825+0000][1088069][trace][gc,age      ] GC(219) - age   2:      12728 bytes,     252696 total
[2025-08-28T13:08:55.825+0000][1088069][trace][gc,age      ] GC(219) - age   3:        600 bytes,     253296 total
[2025-08-28T13:08:55.825+0000][1088069][trace][gc,age      ] GC(219) - age  11:        848 bytes,     254144 total
[2025-08-28T13:08:55.825+0000][1088069][trace][gc,age      ] GC(219) - age  12:        696 bytes,     254840 total
[2025-08-28T13:08:55.825+0000][1088069][info ][gc,heap     ] GC(219) Eden regions: 75->0(75)
[2025-08-28T13:08:55.825+0000][1088069][info ][gc,heap     ] GC(219) Survivor regions: 1->1(10)
[2025-08-28T13:08:55.825+0000][1088069][info ][gc,heap     ] GC(219) Old regions: 25->25
[2025-08-28T13:08:55.825+0000][1088069][info ][gc,heap     ] GC(219) Humongous regions: 0->0
[2025-08-28T13:08:55.825+0000][1088069][info ][gc,metaspace] GC(219) Metaspace: 144883K(148928K)->144883K(148928K) NonClass: 125029K(127168K)->125029K(127168K) Class: 19853K(21760K)->19853K(21760K)
[2025-08-28T13:08:55.825+0000][1088069][info ][gc          ] GC(219) Pause Young (Normal) (G1 Evacuation Pause) 399M->99M(512M) 5.111ms
[2025-08-28T13:08:55.825+0000][1088069][info ][gc,cpu      ] GC(219) User=0.00s Sys=0.00s Real=0.01s
[2025-08-28T13:08:55.825+0000][1088069][info ][safepoint   ] Safepoint "G1CollectForAllocation", Time since last: 2920579958 ns, Reaching safepoint: 31687 ns, Cleanup: 6790 ns, At safepoint: 5357050 ns, Total: 5395527 ns
[2025-08-28T13:08:58.825+0000][1088069][info ][safepoint   ] Safepoint "Cleanup", Time since last: 3000226573 ns, Reaching safepoint: 28673 ns, Cleanup: 13440 ns, At safepoint: 3695 ns, Total: 45808 ns
[2025-08-28T13:08:59.232+0000][1088069][info ][gc,start    ] GC(220) Pause Young (Normal) (G1 Evacuation Pause)
[2025-08-28T13:08:59.232+0000][1088069][info ][gc,task     ] GC(220) Using 12 workers of 33 for evacuation
[2025-08-28T13:08:59.232+0000][1088069][debug][gc,age      ] GC(220) Desired survivor size 20971520 bytes, new threshold 15 (max threshold 15)
[2025-08-28T13:08:59.237+0000][1088069][info ][gc,phases   ] GC(220)   Pre Evacuate Collection Set: 0.2ms
[2025-08-28T13:08:59.237+0000][1088069][info ][gc,phases   ] GC(220)   Merge Heap Roots: 0.1ms
[2025-08-28T13:08:59.237+0000][1088069][info ][gc,phases   ] GC(220)   Evacuate Collection Set: 3.6ms
[2025-08-28T13:08:59.237+0000][1088069][info ][gc,phases   ] GC(220)   Post Evacuate Collection Set: 0.8ms
[2025-08-28T13:08:59.237+0000][1088069][info ][gc,phases   ] GC(220)   Other: 0.1ms
[2025-08-28T13:08:59.237+0000][1088069][trace][gc,age      ] GC(220) Age table with threshold 15 (max threshold 15)
[2025-08-28T13:08:59.237+0000][1088069][trace][gc,age      ] GC(220) - age   1:       8440 bytes,       8440 total
[2025-08-28T13:08:59.237+0000][1088069][trace][gc,age      ] GC(220) - age   2:        536 bytes,       8976 total
[2025-08-28T13:08:59.237+0000][1088069][trace][gc,age      ] GC(220) - age   3:      12728 bytes,      21704 total
[2025-08-28T13:08:59.237+0000][1088069][trace][gc,age      ] GC(220) - age   4:        600 bytes,      22304 total
[2025-08-28T13:08:59.237+0000][1088069][trace][gc,age      ] GC(220) - age  12:        848 bytes,      23152 total
[2025-08-28T13:08:59.237+0000][1088069][trace][gc,age      ] GC(220) - age  13:        696 bytes,      23848 total
[2025-08-28T13:08:59.237+0000][1088069][info ][gc,heap     ] GC(220) Eden regions: 75->0(75)
[2025-08-28T13:08:59.237+0000][1088069][info ][gc,heap     ] GC(220) Survivor regions: 1->1(10)
[2025-08-28T13:08:59.237+0000][1088069][info ][gc,heap     ] GC(220) Old regions: 25->25
[2025-08-28T13:08:59.237+0000][1088069][info ][gc,heap     ] GC(220) Humongous regions: 0->0
[2025-08-28T13:08:59.237+0000][1088069][info ][gc,metaspace] GC(220) Metaspace: 144883K(148928K)->144883K(148928K) NonClass: 125029K(127168K)->125029K(127168K) Class: 19853K(21760K)->19853K(21760K)
[2025-08-28T13:08:59.237+0000][1088069][info ][gc          ] GC(220) Pause Young (Normal) (G1 Evacuation Pause) 399M->99M(512M) 4.983ms
[2025-08-28T13:08:59.237+0000][1088069][info ][gc,cpu      ] GC(220) User=0.00s Sys=0.00s Real=0.00s
[2025-08-28T13:08:59.237+0000][1088069][info ][safepoint   ] Safepoint "G1CollectForAllocation", Time since last: 406563130 ns, Reaching safepoint: 28794 ns, Cleanup: 6580 ns, At safepoint: 5239273 ns, Total: 5274647 ns
[2025-08-28T13:09:02.158+0000][1088069][info ][gc,start    ] GC(221) Pause Young (Normal) (G1 Evacuation Pause)
[2025-08-28T13:09:02.158+0000][1088069][info ][gc,task     ] GC(221) Using 12 workers of 33 for evacuation
[2025-08-28T13:09:02.158+0000][1088069][debug][gc,age      ] GC(221) Desired survivor size 20971520 bytes, new threshold 15 (max threshold 15)
[2025-08-28T13:09:02.162+0000][1088069][info ][gc,phases   ] GC(221)   Pre Evacuate Collection Set: 0.2ms
[2025-08-28T13:09:02.162+0000][1088069][info ][gc,phases   ] GC(221)   Merge Heap Roots: 0.1ms
[2025-08-28T13:09:02.162+0000][1088069][info ][gc,phases   ] GC(221)   Evacuate Collection Set: 2.9ms
[2025-08-28T13:09:02.162+0000][1088069][info ][gc,phases   ] GC(221)   Post Evacuate Collection Set: 0.7ms
[2025-08-28T13:09:02.162+0000][1088069][info ][gc,phases   ] GC(221)   Other: 0.1ms
[2025-08-28T13:09:02.162+0000][1088069][trace][gc,age      ] GC(221) Age table with threshold 15 (max threshold 15)
[2025-08-28T13:09:02.162+0000][1088069][trace][gc,age      ] GC(221) - age   1:     642152 bytes,     642152 total
[2025-08-28T13:09:02.162+0000][1088069][trace][gc,age      ] GC(221) - age   2:        208 bytes,     642360 total
[2025-08-28T13:09:02.162+0000][1088069][trace][gc,age      ] GC(221) - age   4:      12488 bytes,     654848 total
[2025-08-28T13:09:02.162+0000][1088069][trace][gc,age      ] GC(221) - age   5:        600 bytes,     655448 total
[2025-08-28T13:09:02.162+0000][1088069][trace][gc,age      ] GC(221) - age  13:        848 bytes,     656296 total
[2025-08-28T13:09:02.162+0000][1088069][trace][gc,age      ] GC(221) - age  14:        696 bytes,     656992 total
[2025-08-28T13:09:02.162+0000][1088069][info ][gc,heap     ] GC(221) Eden regions: 75->0(75)
[2025-08-28T13:09:02.162+0000][1088069][info ][gc,heap     ] GC(221) Survivor regions: 1->1(10)
[2025-08-28T13:09:02.162+0000][1088069][info ][gc,heap     ] GC(221) Old regions: 25->25
[2025-08-28T13:09:02.162+0000][1088069][info ][gc,heap     ] GC(221) Humongous regions: 0->0
[2025-08-28T13:09:02.162+0000][1088069][info ][gc,metaspace] GC(221) Metaspace: 144883K(148928K)->144883K(148928K) NonClass: 125029K(127168K)->125029K(127168K) Class: 19853K(21760K)->19853K(21760K)
[2025-08-28T13:09:02.162+0000][1088069][info ][gc          ] GC(221) Pause Young (Normal) (G1 Evacuation Pause) 399M->100M(512M) 4.226ms
[2025-08-28T13:09:02.162+0000][1088069][info ][gc,cpu      ] GC(221) User=0.01s Sys=0.00s Real=0.01s
[2025-08-28T13:09:02.162+0000][1088069][info ][safepoint   ] Safepoint "G1CollectForAllocation", Time since last: 2920517864 ns, Reaching safepoint: 70766 ns, Cleanup: 6720 ns, At safepoint: 4499472 ns, Total: 4576958 ns
[2025-08-28T13:09:05.108+0000][1088069][info ][gc,start    ] GC(222) Pause Young (Normal) (G1 Evacuation Pause)
[2025-08-28T13:09:05.108+0000][1088069][info ][gc,task     ] GC(222) Using 12 workers of 33 for evacuation
[2025-08-28T13:09:05.108+0000][1088069][debug][gc,age      ] GC(222) Desired survivor size 20971520 bytes, new threshold 15 (max threshold 15)
[2025-08-28T13:09:05.112+0000][1088069][info ][gc,phases   ] GC(222)   Pre Evacuate Collection Set: 0.2ms
[2025-08-28T13:09:05.112+0000][1088069][info ][gc,phases   ] GC(222)   Merge Heap Roots: 0.1ms
[2025-08-28T13:09:05.112+0000][1088069][info ][gc,phases   ] GC(222)   Evacuate Collection Set: 3.5ms
[2025-08-28T13:09:05.112+0000][1088069][info ][gc,phases   ] GC(222)   Post Evacuate Collection Set: 0.7ms
[2025-08-28T13:09:05.112+0000][1088069][info ][gc,phases   ] GC(222)   Other: 0.1ms
[2025-08-28T13:09:05.113+0000][1088069][trace][gc,age      ] GC(222) Age table with threshold 15 (max threshold 15)
[2025-08-28T13:09:05.113+0000][1088069][trace][gc,age      ] GC(222) - age   1:     660296 bytes,     660296 total
[2025-08-28T13:09:05.113+0000][1088069][trace][gc,age      ] GC(222) - age   2:        240 bytes,     660536 total
[2025-08-28T13:09:05.113+0000][1088069][trace][gc,age      ] GC(222) - age   3:         32 bytes,     660568 total
[2025-08-28T13:09:05.113+0000][1088069][trace][gc,age      ] GC(222) - age   5:      12488 bytes,     673056 total
[2025-08-28T13:09:05.113+0000][1088069][trace][gc,age      ] GC(222) - age   6:        600 bytes,     673656 total
[2025-08-28T13:09:05.113+0000][1088069][trace][gc,age      ] GC(222) - age  14:        848 bytes,     674504 total
[2025-08-28T13:09:05.113+0000][1088069][trace][gc,age      ] GC(222) - age  15:        696 bytes,     675200 total
[2025-08-28T13:09:05.113+0000][1088069][info ][gc,heap     ] GC(222) Eden regions: 75->0(75)
[2025-08-28T13:09:05.113+0000][1088069][info ][gc,heap     ] GC(222) Survivor regions: 1->1(10)
[2025-08-28T13:09:05.113+0000][1088069][info ][gc,heap     ] GC(222) Old regions: 25->25
[2025-08-28T13:09:05.113+0000][1088069][info ][gc,heap     ] GC(222) Humongous regions: 0->0
[2025-08-28T13:09:05.113+0000][1088069][info ][gc,metaspace] GC(222) Metaspace: 144883K(148928K)->144883K(148928K) NonClass: 125029K(127168K)->125029K(127168K) Class: 19853K(21760K)->19853K(21760K)
[2025-08-28T13:09:05.113+0000][1088069][info ][gc          ] GC(222) Pause Young (Normal) (G1 Evacuation Pause) 400M->100M(512M) 4.850ms
[2025-08-28T13:09:05.113+0000][1088069][info ][gc,cpu      ] GC(222) User=0.01s Sys=0.00s Real=0.01s
[2025-08-28T13:09:05.113+0000][1088069][info ][safepoint   ] Safepoint "G1CollectForAllocation", Time since last: 2945282418 ns, Reaching safepoint: 29053 ns, Cleanup: 6129 ns, At safepoint: 5101877 ns, Total: 5137059 ns
[2025-08-28T13:09:07.113+0000][1088069][info ][safepoint   ] Safepoint "Cleanup", Time since last: 2000157214 ns, Reaching safepoint: 32950 ns, Cleanup: 12338 ns, At safepoint: 3596 ns, Total: 48884 ns
[2025-08-28T13:09:08.070+0000][1088069][info ][gc,start    ] GC(223) Pause Young (Normal) (G1 Evacuation Pause)
[2025-08-28T13:09:08.070+0000][1088069][info ][gc,task     ] GC(223) Using 12 workers of 33 for evacuation
[2025-08-28T13:09:08.070+0000][1088069][debug][gc,age      ] GC(223) Desired survivor size 20971520 bytes, new threshold 15 (max threshold 15)
[2025-08-28T13:09:08.074+0000][1088069][info ][gc,phases   ] GC(223)   Pre Evacuate Collection Set: 0.3ms
[2025-08-28T13:09:08.075+0000][1088069][info ][gc,phases   ] GC(223)   Merge Heap Roots: 0.1ms
[2025-08-28T13:09:08.075+0000][1088069][info ][gc,phases   ] GC(223)   Evacuate Collection Set: 3.5ms
[2025-08-28T13:09:08.075+0000][1088069][info ][gc,phases   ] GC(223)   Post Evacuate Collection Set: 0.9ms
[2025-08-28T13:09:08.075+0000][1088069][info ][gc,phases   ] GC(223)   Other: 0.1ms
[2025-08-28T13:09:08.075+0000][1088069][trace][gc,age      ] GC(223) Age table with threshold 15 (max threshold 15)
[2025-08-28T13:09:08.075+0000][1088069][trace][gc,age      ] GC(223) - age   1:       8192 bytes,       8192 total
[2025-08-28T13:09:08.075+0000][1088069][trace][gc,age      ] GC(223) - age   2:        712 bytes,       8904 total
[2025-08-28T13:09:08.075+0000][1088069][trace][gc,age      ] GC(223) - age   3:        240 bytes,       9144 total
[2025-08-28T13:09:08.075+0000][1088069][trace][gc,age      ] GC(223) - age   4:         32 bytes,       9176 total
[2025-08-28T13:09:08.075+0000][1088069][trace][gc,age      ] GC(223) - age   6:      12488 bytes,      21664 total
[2025-08-28T13:09:08.075+0000][1088069][trace][gc,age      ] GC(223) - age   7:        600 bytes,      22264 total
[2025-08-28T13:09:08.075+0000][1088069][trace][gc,age      ] GC(223) - age  15:        848 bytes,      23112 total
[2025-08-28T13:09:08.075+0000][1088069][info ][gc,heap     ] GC(223) Eden regions: 75->0(75)
[2025-08-28T13:09:08.075+0000][1088069][info ][gc,heap     ] GC(223) Survivor regions: 1->1(10)
[2025-08-28T13:09:08.075+0000][1088069][info ][gc,heap     ] GC(223) Old regions: 25->25
[2025-08-28T13:09:08.075+0000][1088069][info ][gc,heap     ] GC(223) Humongous regions: 0->0
[2025-08-28T13:09:08.075+0000][1088069][info ][gc,metaspace] GC(223) Metaspace: 144883K(148928K)->144883K(148928K) NonClass: 125029K(127168K)->125029K(127168K) Class: 19853K(21760K)->19853K(21760K)
[2025-08-28T13:09:08.075+0000][1088069][info ][gc          ] GC(223) Pause Young (Normal) (G1 Evacuation Pause) 400M->99M(512M) 5.068ms
[2025-08-28T13:09:08.075+0000][1088069][info ][gc,cpu      ] GC(223) User=0.01s Sys=0.00s Real=0.01s
[2025-08-28T13:09:08.075+0000][1088069][info ][safepoint   ] Safepoint "G1CollectForAllocation", Time since last: 956528900 ns, Reaching safepoint: 30786 ns, Cleanup: 4547 ns, At safepoint: 5330620 ns, Total: 5365953 ns
[2025-08-28T13:09:10.995+0000][1088069][info ][gc,start    ] GC(224) Pause Young (Normal) (G1 Evacuation Pause)
[2025-08-28T13:09:10.995+0000][1088069][info ][gc,task     ] GC(224) Using 12 workers of 33 for evacuation
[2025-08-28T13:09:10.995+0000][1088069][debug][gc,age      ] GC(224) Desired survivor size 20971520 bytes, new threshold 15 (max threshold 15)
[2025-08-28T13:09:11.000+0000][1088069][info ][gc,phases   ] GC(224)   Pre Evacuate Collection Set: 0.3ms
[2025-08-28T13:09:11.000+0000][1088069][info ][gc,phases   ] GC(224)   Merge Heap Roots: 0.1ms
[2025-08-28T13:09:11.000+0000][1088069][info ][gc,phases   ] GC(224)   Evacuate Collection Set: 3.8ms
[2025-08-28T13:09:11.000+0000][1088069][info ][gc,phases   ] GC(224)   Post Evacuate Collection Set: 0.8ms
[2025-08-28T13:09:11.000+0000][1088069][info ][gc,phases   ] GC(224)   Other: 0.1ms
[2025-08-28T13:09:11.000+0000][1088069][trace][gc,age      ] GC(224) Age table with threshold 15 (max threshold 15)
[2025-08-28T13:09:11.000+0000][1088069][trace][gc,age      ] GC(224) - age   1:     642312 bytes,     642312 total
[2025-08-28T13:09:11.000+0000][1088069][trace][gc,age      ] GC(224) - age   4:        240 bytes,     642552 total
[2025-08-28T13:09:11.000+0000][1088069][trace][gc,age      ] GC(224) - age   5:         32 bytes,     642584 total
[2025-08-28T13:09:11.000+0000][1088069][trace][gc,age      ] GC(224) - age   7:      12488 bytes,     655072 total
[2025-08-28T13:09:11.000+0000][1088069][trace][gc,age      ] GC(224) - age   8:        376 bytes,     655448 total
[2025-08-28T13:09:11.000+0000][1088069][info ][gc,heap     ] GC(224) Eden regions: 75->0(75)
[2025-08-28T13:09:11.000+0000][1088069][info ][gc,heap     ] GC(224) Survivor regions: 1->1(10)
[2025-08-28T13:09:11.000+0000][1088069][info ][gc,heap     ] GC(224) Old regions: 25->25
[2025-08-28T13:09:11.000+0000][1088069][info ][gc,heap     ] GC(224) Humongous regions: 0->0
[2025-08-28T13:09:11.000+0000][1088069][info ][gc,metaspace] GC(224) Metaspace: 144883K(148928K)->144883K(148928K) NonClass: 125029K(127168K)->125029K(127168K) Class: 19853K(21760K)->19853K(21760K)
[2025-08-28T13:09:11.000+0000][1088069][info ][gc          ] GC(224) Pause Young (Normal) (G1 Evacuation Pause) 399M->100M(512M) 5.182ms
[2025-08-28T13:09:11.000+0000][1088069][info ][gc,cpu      ] GC(224) User=0.00s Sys=0.00s Real=0.00s
[2025-08-28T13:09:11.000+0000][1088069][info ][safepoint   ] Safepoint "G1CollectForAllocation", Time since last: 2919918283 ns, Reaching safepoint: 35584 ns, Cleanup: 7461 ns, At safepoint: 5418663 ns, Total: 5461708 ns
[2025-08-28T13:09:14.157+0000][1088069][info ][gc,start    ] GC(225) Pause Young (Normal) (G1 Evacuation Pause)
[2025-08-28T13:09:14.157+0000][1088069][info ][gc,task     ] GC(225) Using 12 workers of 33 for evacuation
[2025-08-28T13:09:14.157+0000][1088069][debug][gc,age      ] GC(225) Desired survivor size 20971520 bytes, new threshold 15 (max threshold 15)
[2025-08-28T13:09:14.161+0000][1088069][info ][gc,phases   ] GC(225)   Pre Evacuate Collection Set: 0.3ms
[2025-08-28T13:09:14.161+0000][1088069][info ][gc,phases   ] GC(225)   Merge Heap Roots: 0.1ms
[2025-08-28T13:09:14.161+0000][1088069][info ][gc,phases   ] GC(225)   Evacuate Collection Set: 2.0ms
[2025-08-28T13:09:14.161+0000][1088069][info ][gc,phases   ] GC(225)   Post Evacuate Collection Set: 0.7ms
[2025-08-28T13:09:14.161+0000][1088069][info ][gc,phases   ] GC(225)   Other: 0.1ms
[2025-08-28T13:09:14.161+0000][1088069][trace][gc,age      ] GC(225) Age table with threshold 15 (max threshold 15)
[2025-08-28T13:09:14.161+0000][1088069][trace][gc,age      ] GC(225) - age   1:       8608 bytes,       8608 total
[2025-08-28T13:09:14.161+0000][1088069][trace][gc,age      ] GC(225) - age   2:        760 bytes,       9368 total
[2025-08-28T13:09:14.161+0000][1088069][trace][gc,age      ] GC(225) - age   6:         32 bytes,       9400 total
[2025-08-28T13:09:14.161+0000][1088069][trace][gc,age      ] GC(225) - age   8:      12488 bytes,      21888 total
[2025-08-28T13:09:14.161+0000][1088069][trace][gc,age      ] GC(225) - age   9:        376 bytes,      22264 total
[2025-08-28T13:09:14.161+0000][1088069][info ][gc,heap     ] GC(225) Eden regions: 75->0(75)
[2025-08-28T13:09:14.161+0000][1088069][info ][gc,heap     ] GC(225) Survivor regions: 1->1(10)
[2025-08-28T13:09:14.161+0000][1088069][info ][gc,heap     ] GC(225) Old regions: 25->25
[2025-08-28T13:09:14.161+0000][1088069][info ][gc,heap     ] GC(225) Humongous regions: 0->0
[2025-08-28T13:09:14.161+0000][1088069][info ][gc,metaspace] GC(225) Metaspace: 144883K(148928K)->144883K(148928K) NonClass: 125029K(127168K)->125029K(127168K) Class: 19853K(21760K)->19853K(21760K)
[2025-08-28T13:09:14.161+0000][1088069][info ][gc          ] GC(225) Pause Young (Normal) (G1 Evacuation Pause) 400M->99M(512M) 3.362ms
[2025-08-28T13:09:14.161+0000][1088069][info ][gc,cpu      ] GC(225) User=0.01s Sys=0.00s Real=0.01s
[2025-08-28T13:09:14.161+0000][1088069][info ][safepoint   ] Safepoint "G1CollectForAllocation", Time since last: 3156936509 ns, Reaching safepoint: 31978 ns, Cleanup: 6450 ns, At safepoint: 3630896 ns, Total: 3669324 ns
[2025-08-28T13:09:16.946+0000][1088069][info ][gc,start    ] GC(226) Pause Young (Normal) (G1 Evacuation Pause)
[2025-08-28T13:09:16.946+0000][1088069][info ][gc,task     ] GC(226) Using 12 workers of 33 for evacuation
[2025-08-28T13:09:16.946+0000][1088069][debug][gc,age      ] GC(226) Desired survivor size 20971520 bytes, new threshold 15 (max threshold 15)
[2025-08-28T13:09:16.950+0000][1088069][info ][gc,phases   ] GC(226)   Pre Evacuate Collection Set: 0.2ms
[2025-08-28T13:09:16.950+0000][1088069][info ][gc,phases   ] GC(226)   Merge Heap Roots: 0.1ms
[2025-08-28T13:09:16.950+0000][1088069][info ][gc,phases   ] GC(226)   Evacuate Collection Set: 2.9ms
[2025-08-28T13:09:16.950+0000][1088069][info ][gc,phases   ] GC(226)   Post Evacuate Collection Set: 0.9ms
[2025-08-28T13:09:16.950+0000][1088069][info ][gc,phases   ] GC(226)   Other: 0.1ms
[2025-08-28T13:09:16.950+0000][1088069][trace][gc,age      ] GC(226) Age table with threshold 15 (max threshold 15)
[2025-08-28T13:09:16.950+0000][1088069][trace][gc,age      ] GC(226) - age   1:     640696 bytes,     640696 total
[2025-08-28T13:09:16.950+0000][1088069][trace][gc,age      ] GC(226) - age   2:        416 bytes,     641112 total
[2025-08-28T13:09:16.950+0000][1088069][trace][gc,age      ] GC(226) - age   3:        224 bytes,     641336 total
[2025-08-28T13:09:16.950+0000][1088069][trace][gc,age      ] GC(226) - age   7:         32 bytes,     641368 total
[2025-08-28T13:09:16.950+0000][1088069][trace][gc,age      ] GC(226) - age   9:      12488 bytes,     653856 total
[2025-08-28T13:09:16.950+0000][1088069][trace][gc,age      ] GC(226) - age  10:        376 bytes,     654232 total
[2025-08-28T13:09:16.950+0000][1088069][info ][gc,heap     ] GC(226) Eden regions: 75->0(75)
[2025-08-28T13:09:16.950+0000][1088069][info ][gc,heap     ] GC(226) Survivor regions: 1->1(10)
[2025-08-28T13:09:16.950+0000][1088069][info ][gc,heap     ] GC(226) Old regions: 25->25
[2025-08-28T13:09:16.950+0000][1088069][info ][gc,heap     ] GC(226) Humongous regions: 0->0
[2025-08-28T13:09:16.950+0000][1088069][info ][gc,metaspace] GC(226) Metaspace: 144883K(148928K)->144883K(148928K) NonClass: 125029K(127168K)->125029K(127168K) Class: 19853K(21760K)->19853K(21760K)
[2025-08-28T13:09:16.950+0000][1088069][info ][gc          ] GC(226) Pause Young (Normal) (G1 Evacuation Pause) 399M->100M(512M) 4.280ms
[2025-08-28T13:09:16.950+0000][1088069][info ][gc,cpu      ] GC(226) User=0.00s Sys=0.00s Real=0.00s
[2025-08-28T13:09:16.950+0000][1088069][info ][safepoint   ] Safepoint "G1CollectForAllocation", Time since last: 2784709806 ns, Reaching safepoint: 24587 ns, Cleanup: 5258 ns, At safepoint: 4504529 ns, Total: 4534374 ns
[2025-08-28T13:09:19.895+0000][1088069][info ][gc,start    ] GC(227) Pause Young (Normal) (G1 Evacuation Pause)
[2025-08-28T13:09:19.895+0000][1088069][info ][gc,task     ] GC(227) Using 12 workers of 33 for evacuation
[2025-08-28T13:09:19.895+0000][1088069][debug][gc,age      ] GC(227) Desired survivor size 20971520 bytes, new threshold 15 (max threshold 15)
[2025-08-28T13:09:19.899+0000][1088069][info ][gc,phases   ] GC(227)   Pre Evacuate Collection Set: 0.2ms
[2025-08-28T13:09:19.899+0000][1088069][info ][gc,phases   ] GC(227)   Merge Heap Roots: 0.1ms
[2025-08-28T13:09:19.899+0000][1088069][info ][gc,phases   ] GC(227)   Evacuate Collection Set: 3.0ms
[2025-08-28T13:09:19.899+0000][1088069][info ][gc,phases   ] GC(227)   Post Evacuate Collection Set: 1.2ms
[2025-08-28T13:09:19.899+0000][1088069][info ][gc,phases   ] GC(227)   Other: 0.1ms
[2025-08-28T13:09:19.899+0000][1088069][trace][gc,age      ] GC(227) Age table with threshold 15 (max threshold 15)
[2025-08-28T13:09:19.899+0000][1088069][trace][gc,age      ] GC(227) - age   1:       9080 bytes,       9080 total
[2025-08-28T13:09:19.899+0000][1088069][trace][gc,age      ] GC(227) - age   2:        720 bytes,       9800 total
[2025-08-28T13:09:19.899+0000][1088069][trace][gc,age      ] GC(227) - age   3:        240 bytes,      10040 total
[2025-08-28T13:09:19.899+0000][1088069][trace][gc,age      ] GC(227) - age   4:        224 bytes,      10264 total
[2025-08-28T13:09:19.899+0000][1088069][trace][gc,age      ] GC(227) - age   8:         32 bytes,      10296 total
[2025-08-28T13:09:19.899+0000][1088069][trace][gc,age      ] GC(227) - age  10:      12488 bytes,      22784 total
[2025-08-28T13:09:19.899+0000][1088069][trace][gc,age      ] GC(227) - age  11:        200 bytes,      22984 total
[2025-08-28T13:09:19.899+0000][1088069][info ][gc,heap     ] GC(227) Eden regions: 75->0(75)
[2025-08-28T13:09:19.899+0000][1088069][info ][gc,heap     ] GC(227) Survivor regions: 1->1(10)
[2025-08-28T13:09:19.899+0000][1088069][info ][gc,heap     ] GC(227) Old regions: 25->25
[2025-08-28T13:09:19.899+0000][1088069][info ][gc,heap     ] GC(227) Humongous regions: 0->0
[2025-08-28T13:09:19.899+0000][1088069][info ][gc,metaspace] GC(227) Metaspace: 144883K(148928K)->144883K(148928K) NonClass: 125029K(127168K)->125029K(127168K) Class: 19853K(21760K)->19853K(21760K)
[2025-08-28T13:09:19.899+0000][1088069][info ][gc          ] GC(227) Pause Young (Normal) (G1 Evacuation Pause) 400M->99M(512M) 4.697ms
[2025-08-28T13:09:19.899+0000][1088069][info ][gc,cpu      ] GC(227) User=0.01s Sys=0.00s Real=0.00s
[2025-08-28T13:09:19.899+0000][1088069][info ][safepoint   ] Safepoint "G1CollectForAllocation", Time since last: 2944473663 ns, Reaching safepoint: 28402 ns, Cleanup: 5338 ns, At safepoint: 4928286 ns, Total: 4962026 ns
[2025-08-28T13:09:22.832+0000][1088069][info ][gc,start    ] GC(228) Pause Young (Normal) (G1 Evacuation Pause)
[2025-08-28T13:09:22.832+0000][1088069][info ][gc,task     ] GC(228) Using 12 workers of 33 for evacuation
[2025-08-28T13:09:22.832+0000][1088069][debug][gc,age      ] GC(228) Desired survivor size 20971520 bytes, new threshold 15 (max threshold 15)
[2025-08-28T13:09:22.837+0000][1088069][info ][gc,phases   ] GC(228)   Pre Evacuate Collection Set: 0.2ms
[2025-08-28T13:09:22.837+0000][1088069][info ][gc,phases   ] GC(228)   Merge Heap Roots: 0.1ms
[2025-08-28T13:09:22.837+0000][1088069][info ][gc,phases   ] GC(228)   Evacuate Collection Set: 3.3ms
[2025-08-28T13:09:22.837+0000][1088069][info ][gc,phases   ] GC(228)   Post Evacuate Collection Set: 1.1ms
[2025-08-28T13:09:22.837+0000][1088069][info ][gc,phases   ] GC(228)   Other: 0.1ms
[2025-08-28T13:09:22.837+0000][1088069][trace][gc,age      ] GC(228) Age table with threshold 15 (max threshold 15)
[2025-08-28T13:09:22.837+0000][1088069][trace][gc,age      ] GC(228) - age   1:      15304 bytes,      15304 total
[2025-08-28T13:09:22.837+0000][1088069][trace][gc,age      ] GC(228) - age   2:        888 bytes,      16192 total
[2025-08-28T13:09:22.837+0000][1088069][trace][gc,age      ] GC(228) - age   3:        720 bytes,      16912 total
[2025-08-28T13:09:22.837+0000][1088069][trace][gc,age      ] GC(228) - age   5:        224 bytes,      17136 total
[2025-08-28T13:09:22.837+0000][1088069][trace][gc,age      ] GC(228) - age   9:         32 bytes,      17168 total
[2025-08-28T13:09:22.837+0000][1088069][trace][gc,age      ] GC(228) - age  11:       6376 bytes,      23544 total
[2025-08-28T13:09:22.837+0000][1088069][trace][gc,age      ] GC(228) - age  12:        200 bytes,      23744 total
[2025-08-28T13:09:22.837+0000][1088069][info ][gc,heap     ] GC(228) Eden regions: 75->0(75)
[2025-08-28T13:09:22.837+0000][1088069][info ][gc,heap     ] GC(228) Survivor regions: 1->1(10)
[2025-08-28T13:09:22.837+0000][1088069][info ][gc,heap     ] GC(228) Old regions: 25->25
[2025-08-28T13:09:22.837+0000][1088069][info ][gc,heap     ] GC(228) Humongous regions: 0->0
[2025-08-28T13:09:22.837+0000][1088069][info ][gc,metaspace] GC(228) Metaspace: 144884K(148928K)->144884K(148928K) NonClass: 125031K(127168K)->125031K(127168K) Class: 19853K(21760K)->19853K(21760K)
[2025-08-28T13:09:22.837+0000][1088069][info ][gc          ] GC(228) Pause Young (Normal) (G1 Evacuation Pause) 399M->99M(512M) 4.937ms
[2025-08-28T13:09:22.837+0000][1088069][info ][gc,cpu      ] GC(228) User=0.00s Sys=0.00s Real=0.00s
[2025-08-28T13:09:22.837+0000][1088069][info ][safepoint   ] Safepoint "G1CollectForAllocation", Time since last: 2932718478 ns, Reaching safepoint: 30045 ns, Cleanup: 16024 ns, At safepoint: 5186414 ns, Total: 5232483 ns
[2025-08-28T13:09:25.757+0000][1088069][info ][gc,start    ] GC(229) Pause Young (Normal) (G1 Evacuation Pause)
[2025-08-28T13:09:25.758+0000][1088069][info ][gc,task     ] GC(229) Using 12 workers of 33 for evacuation
[2025-08-28T13:09:25.758+0000][1088069][debug][gc,age      ] GC(229) Desired survivor size 20971520 bytes, new threshold 15 (max threshold 15)
[2025-08-28T13:09:25.763+0000][1088069][info ][gc,phases   ] GC(229)   Pre Evacuate Collection Set: 0.2ms
[2025-08-28T13:09:25.763+0000][1088069][info ][gc,phases   ] GC(229)   Merge Heap Roots: 0.1ms
[2025-08-28T13:09:25.763+0000][1088069][info ][gc,phases   ] GC(229)   Evacuate Collection Set: 3.7ms
[2025-08-28T13:09:25.763+0000][1088069][info ][gc,phases   ] GC(229)   Post Evacuate Collection Set: 1.1ms
[2025-08-28T13:09:25.763+0000][1088069][info ][gc,phases   ] GC(229)   Other: 0.1ms
[2025-08-28T13:09:25.763+0000][1088069][trace][gc,age      ] GC(229) Age table with threshold 15 (max threshold 15)
[2025-08-28T13:09:25.763+0000][1088069][trace][gc,age      ] GC(229) - age   1:     642920 bytes,     642920 total
[2025-08-28T13:09:25.763+0000][1088069][trace][gc,age      ] GC(229) - age   2:       7080 bytes,     650000 total
[2025-08-28T13:09:25.763+0000][1088069][trace][gc,age      ] GC(229) - age   3:        176 bytes,     650176 total
[2025-08-28T13:09:25.763+0000][1088069][trace][gc,age      ] GC(229) - age   4:        720 bytes,     650896 total
[2025-08-28T13:09:25.763+0000][1088069][trace][gc,age      ] GC(229) - age   6:        224 bytes,     651120 total
[2025-08-28T13:09:25.763+0000][1088069][trace][gc,age      ] GC(229) - age  10:         32 bytes,     651152 total
[2025-08-28T13:09:25.763+0000][1088069][trace][gc,age      ] GC(229) - age  12:       6008 bytes,     657160 total
[2025-08-28T13:09:25.763+0000][1088069][trace][gc,age      ] GC(229) - age  13:        200 bytes,     657360 total
[2025-08-28T13:09:25.763+0000][1088069][info ][gc,heap     ] GC(229) Eden regions: 75->0(75)
[2025-08-28T13:09:25.763+0000][1088069][info ][gc,heap     ] GC(229) Survivor regions: 1->1(10)
[2025-08-28T13:09:25.763+0000][1088069][info ][gc,heap     ] GC(229) Old regions: 25->25
[2025-08-28T13:09:25.763+0000][1088069][info ][gc,heap     ] GC(229) Humongous regions: 0->0
[2025-08-28T13:09:25.763+0000][1088069][info ][gc,metaspace] GC(229) Metaspace: 144884K(148928K)->144884K(148928K) NonClass: 125031K(127168K)->125031K(127168K) Class: 19853K(21760K)->19853K(21760K)
[2025-08-28T13:09:25.763+0000][1088069][info ][gc          ] GC(229) Pause Young (Normal) (G1 Evacuation Pause) 399M->100M(512M) 5.398ms
[2025-08-28T13:09:25.763+0000][1088069][info ][gc,cpu      ] GC(229) User=0.01s Sys=0.00s Real=0.01s
[2025-08-28T13:09:25.763+0000][1088069][info ][safepoint   ] Safepoint "G1CollectForAllocation", Time since last: 2919884983 ns, Reaching safepoint: 32038 ns, Cleanup: 6730 ns, At safepoint: 5660967 ns, Total: 5699735 ns
[2025-08-28T13:09:28.895+0000][1088069][info ][gc,start    ] GC(230) Pause Young (Normal) (G1 Evacuation Pause)
[2025-08-28T13:09:28.895+0000][1088069][info ][gc,task     ] GC(230) Using 12 workers of 33 for evacuation
[2025-08-28T13:09:28.895+0000][1088069][debug][gc,age      ] GC(230) Desired survivor size 20971520 bytes, new threshold 15 (max threshold 15)
[2025-08-28T13:09:28.900+0000][1088069][info ][gc,phases   ] GC(230)   Pre Evacuate Collection Set: 0.2ms
[2025-08-28T13:09:28.900+0000][1088069][info ][gc,phases   ] GC(230)   Merge Heap Roots: 0.1ms
[2025-08-28T13:09:28.900+0000][1088069][info ][gc,phases   ] GC(230)   Evacuate Collection Set: 3.5ms
[2025-08-28T13:09:28.900+0000][1088069][info ][gc,phases   ] GC(230)   Post Evacuate Collection Set: 1.3ms
[2025-08-28T13:09:28.900+0000][1088069][info ][gc,phases   ] GC(230)   Other: 0.1ms
[2025-08-28T13:09:28.900+0000][1088069][trace][gc,age      ] GC(230) Age table with threshold 15 (max threshold 15)
[2025-08-28T13:09:28.900+0000][1088069][trace][gc,age      ] GC(230) - age   1:       8416 bytes,       8416 total
[2025-08-28T13:09:28.900+0000][1088069][trace][gc,age      ] GC(230) - age   2:       1112 bytes,       9528 total
[2025-08-28T13:09:28.900+0000][1088069][trace][gc,age      ] GC(230) - age   3:       7080 bytes,      16608 total
[2025-08-28T13:09:28.900+0000][1088069][trace][gc,age      ] GC(230) - age   4:        176 bytes,      16784 total
[2025-08-28T13:09:28.900+0000][1088069][trace][gc,age      ] GC(230) - age   5:        720 bytes,      17504 total
[2025-08-28T13:09:28.900+0000][1088069][trace][gc,age      ] GC(230) - age  11:         32 bytes,      17536 total
[2025-08-28T13:09:28.900+0000][1088069][trace][gc,age      ] GC(230) - age  13:       6008 bytes,      23544 total
[2025-08-28T13:09:28.900+0000][1088069][trace][gc,age      ] GC(230) - age  14:        200 bytes,      23744 total
[2025-08-28T13:09:28.900+0000][1088069][info ][gc,heap     ] GC(230) Eden regions: 75->0(75)
[2025-08-28T13:09:28.900+0000][1088069][info ][gc,heap     ] GC(230) Survivor regions: 1->1(10)
[2025-08-28T13:09:28.900+0000][1088069][info ][gc,heap     ] GC(230) Old regions: 25->25
[2025-08-28T13:09:28.900+0000][1088069][info ][gc,heap     ] GC(230) Humongous regions: 0->0
[2025-08-28T13:09:28.900+0000][1088069][info ][gc,metaspace] GC(230) Metaspace: 144884K(148928K)->144884K(148928K) NonClass: 125031K(127168K)->125031K(127168K) Class: 19853K(21760K)->19853K(21760K)
[2025-08-28T13:09:28.900+0000][1088069][info ][gc          ] GC(230) Pause Young (Normal) (G1 Evacuation Pause) 400M->99M(512M) 5.390ms
[2025-08-28T13:09:28.900+0000][1088069][info ][gc,cpu      ] GC(230) User=0.01s Sys=0.00s Real=0.00s
[2025-08-28T13:09:28.900+0000][1088069][info ][safepoint   ] Safepoint "G1CollectForAllocation", Time since last: 3131655830 ns, Reaching safepoint: 34512 ns, Cleanup: 6810 ns, At safepoint: 5673306 ns, Total: 5714628 ns
[2025-08-28T13:09:31.876+0000][1088069][info ][gc,start    ] GC(231) Pause Young (Normal) (G1 Evacuation Pause)
[2025-08-28T13:09:31.877+0000][1088069][info ][gc,task     ] GC(231) Using 12 workers of 33 for evacuation
[2025-08-28T13:09:31.877+0000][1088069][debug][gc,age      ] GC(231) Desired survivor size 20971520 bytes, new threshold 15 (max threshold 15)
[2025-08-28T13:09:31.881+0000][1088069][info ][gc,phases   ] GC(231)   Pre Evacuate Collection Set: 0.2ms
[2025-08-28T13:09:31.881+0000][1088069][info ][gc,phases   ] GC(231)   Merge Heap Roots: 0.1ms
[2025-08-28T13:09:31.881+0000][1088069][info ][gc,phases   ] GC(231)   Evacuate Collection Set: 3.2ms
[2025-08-28T13:09:31.881+0000][1088069][info ][gc,phases   ] GC(231)   Post Evacuate Collection Set: 0.9ms
[2025-08-28T13:09:31.881+0000][1088069][info ][gc,phases   ] GC(231)   Other: 0.1ms
[2025-08-28T13:09:31.881+0000][1088069][trace][gc,age      ] GC(231) Age table with threshold 15 (max threshold 15)
[2025-08-28T13:09:31.881+0000][1088069][trace][gc,age      ] GC(231) - age   1:     625272 bytes,     625272 total
[2025-08-28T13:09:31.881+0000][1088069][trace][gc,age      ] GC(231) - age   2:        224 bytes,     625496 total
[2025-08-28T13:09:31.881+0000][1088069][trace][gc,age      ] GC(231) - age   3:        400 bytes,     625896 total
[2025-08-28T13:09:31.881+0000][1088069][trace][gc,age      ] GC(231) - age   4:       6840 bytes,     632736 total
[2025-08-28T13:09:31.881+0000][1088069][trace][gc,age      ] GC(231) - age   5:        176 bytes,     632912 total
[2025-08-28T13:09:31.881+0000][1088069][trace][gc,age      ] GC(231) - age   6:        720 bytes,     633632 total
[2025-08-28T13:09:31.881+0000][1088069][trace][gc,age      ] GC(231) - age  12:         32 bytes,     633664 total
[2025-08-28T13:09:31.881+0000][1088069][trace][gc,age      ] GC(231) - age  14:       6008 bytes,     639672 total
[2025-08-28T13:09:31.881+0000][1088069][trace][gc,age      ] GC(231) - age  15:        200 bytes,     639872 total
[2025-08-28T13:09:31.881+0000][1088069][info ][gc,heap     ] GC(231) Eden regions: 75->0(75)
[2025-08-28T13:09:31.881+0000][1088069][info ][gc,heap     ] GC(231) Survivor regions: 1->1(10)
[2025-08-28T13:09:31.881+0000][1088069][info ][gc,heap     ] GC(231) Old regions: 25->25
[2025-08-28T13:09:31.881+0000][1088069][info ][gc,heap     ] GC(231) Humongous regions: 0->0
[2025-08-28T13:09:31.881+0000][1088069][info ][gc,metaspace] GC(231) Metaspace: 144885K(148928K)->144885K(148928K) NonClass: 125031K(127168K)->125031K(127168K) Class: 19853K(21760K)->19853K(21760K)
[2025-08-28T13:09:31.881+0000][1088069][info ][gc          ] GC(231) Pause Young (Normal) (G1 Evacuation Pause) 399M->100M(512M) 4.764ms
[2025-08-28T13:09:31.881+0000][1088069][info ][gc,cpu      ] GC(231) User=0.01s Sys=0.00s Real=0.01s
[2025-08-28T13:09:31.881+0000][1088069][info ][safepoint   ] Safepoint "G1CollectForAllocation", Time since last: 2975924203 ns, Reaching safepoint: 34011 ns, Cleanup: 6760 ns, At safepoint: 5066323 ns, Total: 5107094 ns
[2025-08-28T13:09:34.826+0000][1088069][info ][gc,start    ] GC(232) Pause Young (Normal) (G1 Evacuation Pause)
[2025-08-28T13:09:34.826+0000][1088069][info ][gc,task     ] GC(232) Using 12 workers of 33 for evacuation
[2025-08-28T13:09:34.826+0000][1088069][debug][gc,age      ] GC(232) Desired survivor size 20971520 bytes, new threshold 15 (max threshold 15)
[2025-08-28T13:09:34.830+0000][1088069][info ][gc,phases   ] GC(232)   Pre Evacuate Collection Set: 0.2ms
[2025-08-28T13:09:34.830+0000][1088069][info ][gc,phases   ] GC(232)   Merge Heap Roots: 0.1ms
[2025-08-28T13:09:34.830+0000][1088069][info ][gc,phases   ] GC(232)   Evacuate Collection Set: 3.3ms
[2025-08-28T13:09:34.830+0000][1088069][info ][gc,phases   ] GC(232)   Post Evacuate Collection Set: 0.8ms
[2025-08-28T13:09:34.830+0000][1088069][info ][gc,phases   ] GC(232)   Other: 0.1ms
[2025-08-28T13:09:34.830+0000][1088069][trace][gc,age      ] GC(232) Age table with threshold 15 (max threshold 15)
[2025-08-28T13:09:34.830+0000][1088069][trace][gc,age      ] GC(232) - age   1:       8904 bytes,       8904 total
[2025-08-28T13:09:34.830+0000][1088069][trace][gc,age      ] GC(232) - age   2:        240 bytes,       9144 total
[2025-08-28T13:09:34.830+0000][1088069][trace][gc,age      ] GC(232) - age   3:        224 bytes,       9368 total
[2025-08-28T13:09:34.830+0000][1088069][trace][gc,age      ] GC(232) - age   4:        400 bytes,       9768 total
[2025-08-28T13:09:34.830+0000][1088069][trace][gc,age      ] GC(232) - age   5:       6840 bytes,      16608 total
[2025-08-28T13:09:34.830+0000][1088069][trace][gc,age      ] GC(232) - age   6:        176 bytes,      16784 total
[2025-08-28T13:09:34.830+0000][1088069][trace][gc,age      ] GC(232) - age   7:        720 bytes,      17504 total
[2025-08-28T13:09:34.830+0000][1088069][trace][gc,age      ] GC(232) - age  13:         32 bytes,      17536 total
[2025-08-28T13:09:34.830+0000][1088069][trace][gc,age      ] GC(232) - age  15:       6008 bytes,      23544 total
[2025-08-28T13:09:34.830+0000][1088069][info ][gc,heap     ] GC(232) Eden regions: 75->0(75)
[2025-08-28T13:09:34.830+0000][1088069][info ][gc,heap     ] GC(232) Survivor regions: 1->1(10)
[2025-08-28T13:09:34.830+0000][1088069][info ][gc,heap     ] GC(232) Old regions: 25->25
[2025-08-28T13:09:34.830+0000][1088069][info ][gc,heap     ] GC(232) Humongous regions: 0->0
[2025-08-28T13:09:34.830+0000][1088069][info ][gc,metaspace] GC(232) Metaspace: 144885K(148928K)->144885K(148928K) NonClass: 125031K(127168K)->125031K(127168K) Class: 19853K(21760K)->19853K(21760K)
[2025-08-28T13:09:34.830+0000][1088069][info ][gc          ] GC(232) Pause Young (Normal) (G1 Evacuation Pause) 400M->99M(512M) 4.594ms
[2025-08-28T13:09:34.831+0000][1088069][info ][gc,cpu      ] GC(232) User=0.01s Sys=0.00s Real=0.00s
[2025-08-28T13:09:34.831+0000][1088069][info ][safepoint   ] Safepoint "G1CollectForAllocation", Time since last: 2944225920 ns, Reaching safepoint: 63025 ns, Cleanup: 6820 ns, At safepoint: 4850269 ns, Total: 4920114 ns
[2025-08-28T13:09:37.763+0000][1088069][info ][gc,start    ] GC(233) Pause Young (Normal) (G1 Evacuation Pause)
[2025-08-28T13:09:37.764+0000][1088069][info ][gc,task     ] GC(233) Using 12 workers of 33 for evacuation
[2025-08-28T13:09:37.764+0000][1088069][debug][gc,age      ] GC(233) Desired survivor size 20971520 bytes, new threshold 15 (max threshold 15)
[2025-08-28T13:09:37.768+0000][1088069][info ][gc,phases   ] GC(233)   Pre Evacuate Collection Set: 0.2ms
[2025-08-28T13:09:37.768+0000][1088069][info ][gc,phases   ] GC(233)   Merge Heap Roots: 0.1ms
[2025-08-28T13:09:37.768+0000][1088069][info ][gc,phases   ] GC(233)   Evacuate Collection Set: 3.3ms
[2025-08-28T13:09:37.768+0000][1088069][info ][gc,phases   ] GC(233)   Post Evacuate Collection Set: 0.7ms
[2025-08-28T13:09:37.768+0000][1088069][info ][gc,phases   ] GC(233)   Other: 0.1ms
[2025-08-28T13:09:37.768+0000][1088069][trace][gc,age      ] GC(233) Age table with threshold 15 (max threshold 15)
[2025-08-28T13:09:37.768+0000][1088069][trace][gc,age      ] GC(233) - age   1:     711600 bytes,     711600 total
[2025-08-28T13:09:37.768+0000][1088069][trace][gc,age      ] GC(233) - age   2:        712 bytes,     712312 total
[2025-08-28T13:09:37.768+0000][1088069][trace][gc,age      ] GC(233) - age   3:        240 bytes,     712552 total
[2025-08-28T13:09:37.768+0000][1088069][trace][gc,age      ] GC(233) - age   4:        224 bytes,     712776 total
[2025-08-28T13:09:37.768+0000][1088069][trace][gc,age      ] GC(233) - age   5:        400 bytes,     713176 total
[2025-08-28T13:09:37.768+0000][1088069][trace][gc,age      ] GC(233) - age   6:       6840 bytes,     720016 total
[2025-08-28T13:09:37.768+0000][1088069][trace][gc,age      ] GC(233) - age   7:        176 bytes,     720192 total
[2025-08-28T13:09:37.768+0000][1088069][trace][gc,age      ] GC(233) - age   8:        720 bytes,     720912 total
[2025-08-28T13:09:37.768+0000][1088069][trace][gc,age      ] GC(233) - age  14:         32 bytes,     720944 total
[2025-08-28T13:09:37.768+0000][1088069][info ][gc,heap     ] GC(233) Eden regions: 75->0(75)
[2025-08-28T13:09:37.768+0000][1088069][info ][gc,heap     ] GC(233) Survivor regions: 1->1(10)
[2025-08-28T13:09:37.768+0000][1088069][info ][gc,heap     ] GC(233) Old regions: 25->25
[2025-08-28T13:09:37.768+0000][1088069][info ][gc,heap     ] GC(233) Humongous regions: 0->0
[2025-08-28T13:09:37.768+0000][1088069][info ][gc,metaspace] GC(233) Metaspace: 144885K(148928K)->144885K(148928K) NonClass: 125031K(127168K)->125031K(127168K) Class: 19853K(21760K)->19853K(21760K)
[2025-08-28T13:09:37.768+0000][1088069][info ][gc          ] GC(233) Pause Young (Normal) (G1 Evacuation Pause) 399M->100M(512M) 4.597ms
[2025-08-28T13:09:37.768+0000][1088069][info ][gc,cpu      ] GC(233) User=0.01s Sys=0.00s Real=0.00s
[2025-08-28T13:09:37.768+0000][1088069][info ][safepoint   ] Safepoint "G1CollectForAllocation", Time since last: 2932747871 ns, Reaching safepoint: 28974 ns, Cleanup: 5999 ns, At safepoint: 4791549 ns, Total: 4826522 ns
[2025-08-28T13:09:40.714+0000][1088069][info ][gc,start    ] GC(234) Pause Young (Normal) (G1 Evacuation Pause)
[2025-08-28T13:09:40.714+0000][1088069][info ][gc,task     ] GC(234) Using 12 workers of 33 for evacuation
[2025-08-28T13:09:40.714+0000][1088069][debug][gc,age      ] GC(234) Desired survivor size 20971520 bytes, new threshold 15 (max threshold 15)
[2025-08-28T13:09:40.718+0000][1088069][info ][gc,phases   ] GC(234)   Pre Evacuate Collection Set: 0.2ms
[2025-08-28T13:09:40.718+0000][1088069][info ][gc,phases   ] GC(234)   Merge Heap Roots: 0.1ms
[2025-08-28T13:09:40.718+0000][1088069][info ][gc,phases   ] GC(234)   Evacuate Collection Set: 3.4ms
[2025-08-28T13:09:40.718+0000][1088069][info ][gc,phases   ] GC(234)   Post Evacuate Collection Set: 0.7ms
[2025-08-28T13:09:40.718+0000][1088069][info ][gc,phases   ] GC(234)   Other: 0.1ms
[2025-08-28T13:09:40.718+0000][1088069][trace][gc,age      ] GC(234) Age table with threshold 15 (max threshold 15)
[2025-08-28T13:09:40.718+0000][1088069][trace][gc,age      ] GC(234) - age   1:     659432 bytes,     659432 total
[2025-08-28T13:09:40.718+0000][1088069][trace][gc,age      ] GC(234) - age   4:        240 bytes,     659672 total
[2025-08-28T13:09:40.718+0000][1088069][trace][gc,age      ] GC(234) - age   5:        224 bytes,     659896 total
[2025-08-28T13:09:40.718+0000][1088069][trace][gc,age      ] GC(234) - age   6:        400 bytes,     660296 total
[2025-08-28T13:09:40.718+0000][1088069][trace][gc,age      ] GC(234) - age   7:       6840 bytes,     667136 total
[2025-08-28T13:09:40.718+0000][1088069][trace][gc,age      ] GC(234) - age   8:        176 bytes,     667312 total
[2025-08-28T13:09:40.718+0000][1088069][trace][gc,age      ] GC(234) - age   9:        720 bytes,     668032 total
[2025-08-28T13:09:40.718+0000][1088069][trace][gc,age      ] GC(234) - age  15:         32 bytes,     668064 total
[2025-08-28T13:09:40.718+0000][1088069][info ][gc,heap     ] GC(234) Eden regions: 75->0(75)
[2025-08-28T13:09:40.718+0000][1088069][info ][gc,heap     ] GC(234) Survivor regions: 1->1(10)
[2025-08-28T13:09:40.718+0000][1088069][info ][gc,heap     ] GC(234) Old regions: 25->25
[2025-08-28T13:09:40.718+0000][1088069][info ][gc,heap     ] GC(234) Humongous regions: 0->0
[2025-08-28T13:09:40.718+0000][1088069][info ][gc,metaspace] GC(234) Metaspace: 144885K(148928K)->144885K(148928K) NonClass: 125031K(127168K)->125031K(127168K) Class: 19853K(21760K)->19853K(21760K)
[2025-08-28T13:09:40.718+0000][1088069][info ][gc          ] GC(234) Pause Young (Normal) (G1 Evacuation Pause) 400M->100M(512M) 4.745ms
[2025-08-28T13:09:40.718+0000][1088069][info ][gc,cpu      ] GC(234) User=0.01s Sys=0.00s Real=0.00s
[2025-08-28T13:09:40.718+0000][1088069][info ][safepoint   ] Safepoint "G1CollectForAllocation", Time since last: 2945250021 ns, Reaching safepoint: 29023 ns, Cleanup: 5328 ns, At safepoint: 5000544 ns, Total: 5034895 ns
[2025-08-28T13:09:43.826+0000][1088069][info ][gc,start    ] GC(235) Pause Young (Normal) (G1 Evacuation Pause)
[2025-08-28T13:09:43.826+0000][1088069][info ][gc,task     ] GC(235) Using 12 workers of 33 for evacuation
[2025-08-28T13:09:43.826+0000][1088069][debug][gc,age      ] GC(235) Desired survivor size 20971520 bytes, new threshold 15 (max threshold 15)
[2025-08-28T13:09:43.831+0000][1088069][info ][gc,phases   ] GC(235)   Pre Evacuate Collection Set: 0.2ms
[2025-08-28T13:09:43.831+0000][1088069][info ][gc,phases   ] GC(235)   Merge Heap Roots: 0.1ms
[2025-08-28T13:09:43.831+0000][1088069][info ][gc,phases   ] GC(235)   Evacuate Collection Set: 3.5ms
[2025-08-28T13:09:43.831+0000][1088069][info ][gc,phases   ] GC(235)   Post Evacuate Collection Set: 0.7ms
[2025-08-28T13:09:43.831+0000][1088069][info ][gc,phases   ] GC(235)   Other: 0.1ms
[2025-08-28T13:09:43.831+0000][1088069][trace][gc,age      ] GC(235) Age table with threshold 15 (max threshold 15)
[2025-08-28T13:09:43.831+0000][1088069][trace][gc,age      ] GC(235) - age   1:     625424 bytes,     625424 total
[2025-08-28T13:09:43.831+0000][1088069][trace][gc,age      ] GC(235) - age   2:        712 bytes,     626136 total
[2025-08-28T13:09:43.831+0000][1088069][trace][gc,age      ] GC(235) - age   6:        224 bytes,     626360 total
[2025-08-28T13:09:43.831+0000][1088069][trace][gc,age      ] GC(235) - age   7:        400 bytes,     626760 total
[2025-08-28T13:09:43.831+0000][1088069][trace][gc,age      ] GC(235) - age   8:       6840 bytes,     633600 total
[2025-08-28T13:09:43.831+0000][1088069][trace][gc,age      ] GC(235) - age   9:        176 bytes,     633776 total
[2025-08-28T13:09:43.831+0000][1088069][trace][gc,age      ] GC(235) - age  10:        720 bytes,     634496 total
[2025-08-28T13:09:43.831+0000][1088069][info ][gc,heap     ] GC(235) Eden regions: 75->0(75)
[2025-08-28T13:09:43.831+0000][1088069][info ][gc,heap     ] GC(235) Survivor regions: 1->1(10)
[2025-08-28T13:09:43.831+0000][1088069][info ][gc,heap     ] GC(235) Old regions: 25->25
[2025-08-28T13:09:43.831+0000][1088069][info ][gc,heap     ] GC(235) Humongous regions: 0->0
[2025-08-28T13:09:43.831+0000][1088069][info ][gc,metaspace] GC(235) Metaspace: 144885K(148928K)->144885K(148928K) NonClass: 125031K(127168K)->125031K(127168K) Class: 19853K(21760K)->19853K(21760K)
[2025-08-28T13:09:43.831+0000][1088069][info ][gc          ] GC(235) Pause Young (Normal) (G1 Evacuation Pause) 400M->100M(512M) 4.691ms
[2025-08-28T13:09:43.831+0000][1088069][info ][gc,cpu      ] GC(235) User=0.01s Sys=0.00s Real=0.01s
[2025-08-28T13:09:43.831+0000][1088069][info ][safepoint   ] Safepoint "G1CollectForAllocation", Time since last: 3107544621 ns, Reaching safepoint: 31858 ns, Cleanup: 7501 ns, At safepoint: 4952000 ns, Total: 4991359 ns
[2025-08-28T13:09:46.776+0000][1088069][info ][gc,start    ] GC(236) Pause Young (Normal) (G1 Evacuation Pause)
[2025-08-28T13:09:46.776+0000][1088069][info ][gc,task     ] GC(236) Using 12 workers of 33 for evacuation
[2025-08-28T13:09:46.776+0000][1088069][debug][gc,age      ] GC(236) Desired survivor size 20971520 bytes, new threshold 15 (max threshold 15)
[2025-08-28T13:09:46.780+0000][1088069][info ][gc,phases   ] GC(236)   Pre Evacuate Collection Set: 0.2ms
[2025-08-28T13:09:46.780+0000][1088069][info ][gc,phases   ] GC(236)   Merge Heap Roots: 0.1ms
[2025-08-28T13:09:46.780+0000][1088069][info ][gc,phases   ] GC(236)   Evacuate Collection Set: 3.1ms
[2025-08-28T13:09:46.780+0000][1088069][info ][gc,phases   ] GC(236)   Post Evacuate Collection Set: 0.7ms
[2025-08-28T13:09:46.780+0000][1088069][info ][gc,phases   ] GC(236)   Other: 0.1ms
[2025-08-28T13:09:46.780+0000][1088069][trace][gc,age      ] GC(236) Age table with threshold 15 (max threshold 15)
[2025-08-28T13:09:46.780+0000][1088069][trace][gc,age      ] GC(236) - age   1:       8904 bytes,       8904 total
[2025-08-28T13:09:46.780+0000][1088069][trace][gc,age      ] GC(236) - age   2:        240 bytes,       9144 total
[2025-08-28T13:09:46.780+0000][1088069][trace][gc,age      ] GC(236) - age   7:        224 bytes,       9368 total
[2025-08-28T13:09:46.780+0000][1088069][trace][gc,age      ] GC(236) - age   8:        400 bytes,       9768 total
[2025-08-28T13:09:46.780+0000][1088069][trace][gc,age      ] GC(236) - age   9:       6840 bytes,      16608 total
[2025-08-28T13:09:46.780+0000][1088069][trace][gc,age      ] GC(236) - age  10:        176 bytes,      16784 total
[2025-08-28T13:09:46.780+0000][1088069][trace][gc,age      ] GC(236) - age  11:        720 bytes,      17504 total
[2025-08-28T13:09:46.780+0000][1088069][info ][gc,heap     ] GC(236) Eden regions: 75->0(75)
[2025-08-28T13:09:46.780+0000][1088069][info ][gc,heap     ] GC(236) Survivor regions: 1->1(10)
[2025-08-28T13:09:46.780+0000][1088069][info ][gc,heap     ] GC(236) Old regions: 25->25
[2025-08-28T13:09:46.780+0000][1088069][info ][gc,heap     ] GC(236) Humongous regions: 0->0
[2025-08-28T13:09:46.780+0000][1088069][info ][gc,metaspace] GC(236) Metaspace: 144885K(148928K)->144885K(148928K) NonClass: 125031K(127168K)->125031K(127168K) Class: 19853K(21760K)->19853K(21760K)
[2025-08-28T13:09:46.780+0000][1088069][info ][gc          ] GC(236) Pause Young (Normal) (G1 Evacuation Pause) 400M->99M(512M) 4.422ms
[2025-08-28T13:09:46.780+0000][1088069][info ][gc,cpu      ] GC(236) User=0.01s Sys=0.00s Real=0.00s
[2025-08-28T13:09:46.780+0000][1088069][info ][safepoint   ] Safepoint "G1CollectForAllocation", Time since last: 2944539833 ns, Reaching safepoint: 30105 ns, Cleanup: 6029 ns, At safepoint: 4686170 ns, Total: 4722304 ns
[2025-08-28T13:09:47.780+0000][1088069][info ][safepoint   ] Safepoint "Cleanup", Time since last: 1000123784 ns, Reaching safepoint: 30936 ns, Cleanup: 17086 ns, At safepoint: 4086 ns, Total: 52108 ns
[2025-08-28T13:09:49.701+0000][1088069][info ][gc,start    ] GC(237) Pause Young (Normal) (G1 Evacuation Pause)
[2025-08-28T13:09:49.701+0000][1088069][info ][gc,task     ] GC(237) Using 12 workers of 33 for evacuation
[2025-08-28T13:09:49.701+0000][1088069][debug][gc,age      ] GC(237) Desired survivor size 20971520 bytes, new threshold 15 (max threshold 15)
[2025-08-28T13:09:49.705+0000][1088069][info ][gc,phases   ] GC(237)   Pre Evacuate Collection Set: 0.2ms
[2025-08-28T13:09:49.705+0000][1088069][info ][gc,phases   ] GC(237)   Merge Heap Roots: 0.1ms
[2025-08-28T13:09:49.705+0000][1088069][info ][gc,phases   ] GC(237)   Evacuate Collection Set: 3.3ms
[2025-08-28T13:09:49.705+0000][1088069][info ][gc,phases   ] GC(237)   Post Evacuate Collection Set: 0.7ms
[2025-08-28T13:09:49.705+0000][1088069][info ][gc,phases   ] GC(237)   Other: 0.1ms
[2025-08-28T13:09:49.705+0000][1088069][trace][gc,age      ] GC(237) Age table with threshold 15 (max threshold 15)
[2025-08-28T13:09:49.705+0000][1088069][trace][gc,age      ] GC(237) - age   1:     142312 bytes,     142312 total
[2025-08-28T13:09:49.705+0000][1088069][trace][gc,age      ] GC(237) - age   3:        240 bytes,     142552 total
[2025-08-28T13:09:49.705+0000][1088069][trace][gc,age      ] GC(237) - age   9:        400 bytes,     142952 total
[2025-08-28T13:09:49.705+0000][1088069][trace][gc,age      ] GC(237) - age  10:       6840 bytes,     149792 total
[2025-08-28T13:09:49.705+0000][1088069][trace][gc,age      ] GC(237) - age  12:        720 bytes,     150512 total
[2025-08-28T13:09:49.705+0000][1088069][info ][gc,heap     ] GC(237) Eden regions: 75->0(75)
[2025-08-28T13:09:49.705+0000][1088069][info ][gc,heap     ] GC(237) Survivor regions: 1->1(10)
[2025-08-28T13:09:49.705+0000][1088069][info ][gc,heap     ] GC(237) Old regions: 25->25
[2025-08-28T13:09:49.705+0000][1088069][info ][gc,heap     ] GC(237) Humongous regions: 0->0
[2025-08-28T13:09:49.705+0000][1088069][info ][gc,metaspace] GC(237) Metaspace: 144885K(148928K)->144885K(148928K) NonClass: 125031K(127168K)->125031K(127168K) Class: 19853K(21760K)->19853K(21760K)
[2025-08-28T13:09:49.705+0000][1088069][info ][gc          ] GC(237) Pause Young (Normal) (G1 Evacuation Pause) 399M->99M(512M) 4.539ms
[2025-08-28T13:09:49.705+0000][1088069][info ][gc,cpu      ] GC(237) User=0.01s Sys=0.00s Real=0.00s
[2025-08-28T13:09:49.705+0000][1088069][info ][safepoint   ] Safepoint "G1CollectForAllocation", Time since last: 1920178134 ns, Reaching safepoint: 31507 ns, Cleanup: 6890 ns, At safepoint: 4735204 ns, Total: 4773601 ns
[2025-08-28T13:09:52.532+0000][1088069][info ][gc,start    ] GC(238) Pause Young (Normal) (G1 Evacuation Pause)
[2025-08-28T13:09:52.532+0000][1088069][info ][gc,task     ] GC(238) Using 12 workers of 33 for evacuation
[2025-08-28T13:09:52.532+0000][1088069][debug][gc,age      ] GC(238) Desired survivor size 20971520 bytes, new threshold 15 (max threshold 15)
[2025-08-28T13:09:52.537+0000][1088069][info ][gc,phases   ] GC(238)   Pre Evacuate Collection Set: 0.2ms
[2025-08-28T13:09:52.537+0000][1088069][info ][gc,phases   ] GC(238)   Merge Heap Roots: 0.1ms
[2025-08-28T13:09:52.537+0000][1088069][info ][gc,phases   ] GC(238)   Evacuate Collection Set: 3.2ms
[2025-08-28T13:09:52.537+0000][1088069][info ][gc,phases   ] GC(238)   Post Evacuate Collection Set: 0.9ms
[2025-08-28T13:09:52.537+0000][1088069][info ][gc,phases   ] GC(238)   Other: 0.1ms
[2025-08-28T13:09:52.537+0000][1088069][trace][gc,age      ] GC(238) Age table with threshold 15 (max threshold 15)
[2025-08-28T13:09:52.537+0000][1088069][trace][gc,age      ] GC(238) - age   1:      32256 bytes,      32256 total
[2025-08-28T13:09:52.537+0000][1088069][trace][gc,age      ] GC(238) - age   2:       2056 bytes,      34312 total
[2025-08-28T13:09:52.537+0000][1088069][trace][gc,age      ] GC(238) - age  10:        368 bytes,      34680 total
[2025-08-28T13:09:52.537+0000][1088069][trace][gc,age      ] GC(238) - age  11:        584 bytes,      35264 total
[2025-08-28T13:09:52.537+0000][1088069][trace][gc,age      ] GC(238) - age  13:        720 bytes,      35984 total
[2025-08-28T13:09:52.537+0000][1088069][info ][gc,heap     ] GC(238) Eden regions: 75->0(75)
[2025-08-28T13:09:52.537+0000][1088069][info ][gc,heap     ] GC(238) Survivor regions: 1->1(10)
[2025-08-28T13:09:52.537+0000][1088069][info ][gc,heap     ] GC(238) Old regions: 25->25
[2025-08-28T13:09:52.537+0000][1088069][info ][gc,heap     ] GC(238) Humongous regions: 0->0
[2025-08-28T13:09:52.537+0000][1088069][info ][gc,metaspace] GC(238) Metaspace: 144911K(148992K)->144911K(148992K) NonClass: 125051K(127232K)->125051K(127232K) Class: 19859K(21760K)->19859K(21760K)
[2025-08-28T13:09:52.537+0000][1088069][info ][gc          ] GC(238) Pause Young (Normal) (G1 Evacuation Pause) 399M->99M(512M) 4.551ms
[2025-08-28T13:09:52.537+0000][1088069][info ][gc,cpu      ] GC(238) User=0.00s Sys=0.00s Real=0.00s
[2025-08-28T13:09:52.537+0000][1088069][info ][safepoint   ] Safepoint "G1CollectForAllocation", Time since last: 2826571231 ns, Reaching safepoint: 33490 ns, Cleanup: 55233 ns, At safepoint: 4793041 ns, Total: 4881764 ns
[2025-08-28T13:09:54.537+0000][1088069][info ][safepoint   ] Safepoint "Cleanup", Time since last: 2000165544 ns, Reaching safepoint: 32909 ns, Cleanup: 18538 ns, At safepoint: 4537 ns, Total: 55984 ns
[2025-08-28T13:09:55.476+0000][1088069][info ][gc,start    ] GC(239) Pause Young (Normal) (G1 Evacuation Pause)
[2025-08-28T13:09:55.476+0000][1088069][info ][gc,task     ] GC(239) Using 12 workers of 33 for evacuation
[2025-08-28T13:09:55.476+0000][1088069][debug][gc,age      ] GC(239) Desired survivor size 20971520 bytes, new threshold 15 (max threshold 15)
[2025-08-28T13:09:55.480+0000][1088069][info ][gc,phases   ] GC(239)   Pre Evacuate Collection Set: 0.2ms
[2025-08-28T13:09:55.480+0000][1088069][info ][gc,phases   ] GC(239)   Merge Heap Roots: 0.1ms
[2025-08-28T13:09:55.480+0000][1088069][info ][gc,phases   ] GC(239)   Evacuate Collection Set: 3.3ms
[2025-08-28T13:09:55.480+0000][1088069][info ][gc,phases   ] GC(239)   Post Evacuate Collection Set: 0.8ms
[2025-08-28T13:09:55.480+0000][1088069][info ][gc,phases   ] GC(239)   Other: 0.1ms
[2025-08-28T13:09:55.480+0000][1088069][trace][gc,age      ] GC(239) Age table with threshold 15 (max threshold 15)
[2025-08-28T13:09:55.480+0000][1088069][trace][gc,age      ] GC(239) - age   1:       9800 bytes,       9800 total
[2025-08-28T13:09:55.480+0000][1088069][trace][gc,age      ] GC(239) - age   2:      25560 bytes,      35360 total
[2025-08-28T13:09:55.480+0000][1088069][trace][gc,age      ] GC(239) - age   3:       1344 bytes,      36704 total
[2025-08-28T13:09:55.480+0000][1088069][trace][gc,age      ] GC(239) - age  12:        448 bytes,      37152 total
[2025-08-28T13:09:55.480+0000][1088069][trace][gc,age      ] GC(239) - age  14:        720 bytes,      37872 total
[2025-08-28T13:09:55.480+0000][1088069][info ][gc,heap     ] GC(239) Eden regions: 75->0(75)
[2025-08-28T13:09:55.480+0000][1088069][info ][gc,heap     ] GC(239) Survivor regions: 1->1(10)
[2025-08-28T13:09:55.480+0000][1088069][info ][gc,heap     ] GC(239) Old regions: 25->25
[2025-08-28T13:09:55.480+0000][1088069][info ][gc,heap     ] GC(239) Humongous regions: 0->0
[2025-08-28T13:09:55.480+0000][1088069][info ][gc,metaspace] GC(239) Metaspace: 144911K(148992K)->144911K(148992K) NonClass: 125051K(127232K)->125051K(127232K) Class: 19859K(21760K)->19859K(21760K)
[2025-08-28T13:09:55.480+0000][1088069][info ][gc          ] GC(239) Pause Young (Normal) (G1 Evacuation Pause) 399M->99M(512M) 4.686ms
[2025-08-28T13:09:55.480+0000][1088069][info ][gc,cpu      ] GC(239) User=0.01s Sys=0.00s Real=0.00s
[2025-08-28T13:09:55.480+0000][1088069][info ][safepoint   ] Safepoint "G1CollectForAllocation", Time since last: 938481774 ns, Reaching safepoint: 31938 ns, Cleanup: 6680 ns, At safepoint: 4953883 ns, Total: 4992501 ns
[2025-08-28T13:09:58.851+0000][1088069][info ][gc,start    ] GC(240) Pause Young (Normal) (G1 Evacuation Pause)
[2025-08-28T13:09:58.851+0000][1088069][info ][gc,task     ] GC(240) Using 12 workers of 33 for evacuation
[2025-08-28T13:09:58.851+0000][1088069][debug][gc,age      ] GC(240) Desired survivor size 20971520 bytes, new threshold 15 (max threshold 15)
[2025-08-28T13:09:58.856+0000][1088069][info ][gc,phases   ] GC(240)   Pre Evacuate Collection Set: 0.2ms
[2025-08-28T13:09:58.856+0000][1088069][info ][gc,phases   ] GC(240)   Merge Heap Roots: 0.1ms
[2025-08-28T13:09:58.856+0000][1088069][info ][gc,phases   ] GC(240)   Evacuate Collection Set: 3.3ms
[2025-08-28T13:09:58.856+0000][1088069][info ][gc,phases   ] GC(240)   Post Evacuate Collection Set: 1.0ms
[2025-08-28T13:09:58.856+0000][1088069][info ][gc,phases   ] GC(240)   Other: 0.1ms
[2025-08-28T13:09:58.856+0000][1088069][trace][gc,age      ] GC(240) Age table with threshold 15 (max threshold 15)
[2025-08-28T13:09:58.856+0000][1088069][trace][gc,age      ] GC(240) - age   1:     658720 bytes,     658720 total
[2025-08-28T13:09:58.856+0000][1088069][trace][gc,age      ] GC(240) - age   2:       1608 bytes,     660328 total
[2025-08-28T13:09:58.856+0000][1088069][trace][gc,age      ] GC(240) - age   3:      25560 bytes,     685888 total
[2025-08-28T13:09:58.856+0000][1088069][trace][gc,age      ] GC(240) - age   4:       1344 bytes,     687232 total
[2025-08-28T13:09:58.856+0000][1088069][trace][gc,age      ] GC(240) - age  13:        448 bytes,     687680 total
[2025-08-28T13:09:58.856+0000][1088069][trace][gc,age      ] GC(240) - age  15:        720 bytes,     688400 total
[2025-08-28T13:09:58.856+0000][1088069][info ][gc,heap     ] GC(240) Eden regions: 75->0(75)
[2025-08-28T13:09:58.856+0000][1088069][info ][gc,heap     ] GC(240) Survivor regions: 1->1(10)
[2025-08-28T13:09:58.856+0000][1088069][info ][gc,heap     ] GC(240) Old regions: 25->25
[2025-08-28T13:09:58.856+0000][1088069][info ][gc,heap     ] GC(240) Humongous regions: 0->0
[2025-08-28T13:09:58.856+0000][1088069][info ][gc,metaspace] GC(240) Metaspace: 144911K(148992K)->144911K(148992K) NonClass: 125051K(127232K)->125051K(127232K) Class: 19859K(21760K)->19859K(21760K)
[2025-08-28T13:09:58.856+0000][1088069][info ][gc          ] GC(240) Pause Young (Normal) (G1 Evacuation Pause) 399M->100M(512M) 4.905ms
[2025-08-28T13:09:58.856+0000][1088069][info ][gc,cpu      ] GC(240) User=0.01s Sys=0.00s Real=0.00s
[2025-08-28T13:09:58.856+0000][1088069][info ][safepoint   ] Safepoint "G1CollectForAllocation", Time since last: 3370556009 ns, Reaching safepoint: 32068 ns, Cleanup: 6900 ns, At safepoint: 5143579 ns, Total: 5182547 ns
[2025-08-28T13:10:01.776+0000][1088069][info ][gc,start    ] GC(241) Pause Young (Normal) (G1 Evacuation Pause)
[2025-08-28T13:10:01.776+0000][1088069][info ][gc,task     ] GC(241) Using 12 workers of 33 for evacuation
[2025-08-28T13:10:01.776+0000][1088069][debug][gc,age      ] GC(241) Desired survivor size 20971520 bytes, new threshold 15 (max threshold 15)
[2025-08-28T13:10:01.781+0000][1088069][info ][gc,phases   ] GC(241)   Pre Evacuate Collection Set: 0.2ms
[2025-08-28T13:10:01.781+0000][1088069][info ][gc,phases   ] GC(241)   Merge Heap Roots: 0.1ms
[2025-08-28T13:10:01.781+0000][1088069][info ][gc,phases   ] GC(241)   Evacuate Collection Set: 3.2ms
[2025-08-28T13:10:01.781+0000][1088069][info ][gc,phases   ] GC(241)   Post Evacuate Collection Set: 0.9ms
[2025-08-28T13:10:01.781+0000][1088069][info ][gc,phases   ] GC(241)   Other: 0.1ms
[2025-08-28T13:10:01.781+0000][1088069][trace][gc,age      ] GC(241) Age table with threshold 15 (max threshold 15)
[2025-08-28T13:10:01.781+0000][1088069][trace][gc,age      ] GC(241) - age   1:     658808 bytes,     658808 total
[2025-08-28T13:10:01.781+0000][1088069][trace][gc,age      ] GC(241) - age   3:        896 bytes,     659704 total
[2025-08-28T13:10:01.781+0000][1088069][trace][gc,age      ] GC(241) - age   4:      25320 bytes,     685024 total
[2025-08-28T13:10:01.781+0000][1088069][trace][gc,age      ] GC(241) - age   5:       1344 bytes,     686368 total
[2025-08-28T13:10:01.781+0000][1088069][trace][gc,age      ] GC(241) - age  14:        448 bytes,     686816 total
[2025-08-28T13:10:01.781+0000][1088069][info ][gc,heap     ] GC(241) Eden regions: 75->0(75)
[2025-08-28T13:10:01.781+0000][1088069][info ][gc,heap     ] GC(241) Survivor regions: 1->1(10)
[2025-08-28T13:10:01.781+0000][1088069][info ][gc,heap     ] GC(241) Old regions: 25->25
[2025-08-28T13:10:01.781+0000][1088069][info ][gc,heap     ] GC(241) Humongous regions: 0->0
[2025-08-28T13:10:01.781+0000][1088069][info ][gc,metaspace] GC(241) Metaspace: 144911K(148992K)->144911K(148992K) NonClass: 125051K(127232K)->125051K(127232K) Class: 19859K(21760K)->19859K(21760K)
[2025-08-28T13:10:01.781+0000][1088069][info ][gc          ] GC(241) Pause Young (Normal) (G1 Evacuation Pause) 400M->100M(512M) 4.556ms
[2025-08-28T13:10:01.781+0000][1088069][info ][gc,cpu      ] GC(241) User=0.00s Sys=0.00s Real=0.01s
[2025-08-28T13:10:01.781+0000][1088069][info ][safepoint   ] Safepoint "G1CollectForAllocation", Time since last: 2919971760 ns, Reaching safepoint: 30476 ns, Cleanup: 15533 ns, At safepoint: 4755204 ns, Total: 4801213 ns
[2025-08-28T13:10:04.726+0000][1088069][info ][gc,start    ] GC(242) Pause Young (Normal) (G1 Evacuation Pause)
[2025-08-28T13:10:04.726+0000][1088069][info ][gc,task     ] GC(242) Using 12 workers of 33 for evacuation
[2025-08-28T13:10:04.726+0000][1088069][debug][gc,age      ] GC(242) Desired survivor size 20971520 bytes, new threshold 15 (max threshold 15)
[2025-08-28T13:10:04.730+0000][1088069][info ][gc,phases   ] GC(242)   Pre Evacuate Collection Set: 0.2ms
[2025-08-28T13:10:04.730+0000][1088069][info ][gc,phases   ] GC(242)   Merge Heap Roots: 0.1ms
[2025-08-28T13:10:04.730+0000][1088069][info ][gc,phases   ] GC(242)   Evacuate Collection Set: 3.2ms
[2025-08-28T13:10:04.730+0000][1088069][info ][gc,phases   ] GC(242)   Post Evacuate Collection Set: 0.7ms
[2025-08-28T13:10:04.730+0000][1088069][info ][gc,phases   ] GC(242)   Other: 0.1ms
[2025-08-28T13:10:04.730+0000][1088069][trace][gc,age      ] GC(242) Age table with threshold 15 (max threshold 15)
[2025-08-28T13:10:04.730+0000][1088069][trace][gc,age      ] GC(242) - age   1:      75008 bytes,      75008 total
[2025-08-28T13:10:04.730+0000][1088069][trace][gc,age      ] GC(242) - age   2:        240 bytes,      75248 total
[2025-08-28T13:10:04.730+0000][1088069][trace][gc,age      ] GC(242) - age   4:        896 bytes,      76144 total
[2025-08-28T13:10:04.730+0000][1088069][trace][gc,age      ] GC(242) - age   5:      25320 bytes,     101464 total
[2025-08-28T13:10:04.730+0000][1088069][trace][gc,age      ] GC(242) - age   6:       1344 bytes,     102808 total
[2025-08-28T13:10:04.730+0000][1088069][trace][gc,age      ] GC(242) - age  15:        448 bytes,     103256 total
[2025-08-28T13:10:04.730+0000][1088069][info ][gc,heap     ] GC(242) Eden regions: 75->0(75)
[2025-08-28T13:10:04.730+0000][1088069][info ][gc,heap     ] GC(242) Survivor regions: 1->1(10)
[2025-08-28T13:10:04.730+0000][1088069][info ][gc,heap     ] GC(242) Old regions: 25->25
[2025-08-28T13:10:04.730+0000][1088069][info ][gc,heap     ] GC(242) Humongous regions: 0->0
[2025-08-28T13:10:04.730+0000][1088069][info ][gc,metaspace] GC(242) Metaspace: 144911K(148992K)->144911K(148992K) NonClass: 125051K(127232K)->125051K(127232K) Class: 19859K(21760K)->19859K(21760K)
[2025-08-28T13:10:04.730+0000][1088069][info ][gc          ] GC(242) Pause Young (Normal) (G1 Evacuation Pause) 400M->99M(512M) 4.348ms
[2025-08-28T13:10:04.730+0000][1088069][info ][gc,cpu      ] GC(242) User=0.00s Sys=0.01s Real=0.00s
[2025-08-28T13:10:04.730+0000][1088069][info ][safepoint   ] Safepoint "G1CollectForAllocation", Time since last: 2944401284 ns, Reaching safepoint: 95334 ns, Cleanup: 5268 ns, At safepoint: 4536615 ns, Total: 4637217 ns
[2025-08-28T13:10:07.663+0000][1088069][info ][gc,start    ] GC(243) Pause Young (Normal) (G1 Evacuation Pause)
[2025-08-28T13:10:07.663+0000][1088069][info ][gc,task     ] GC(243) Using 12 workers of 33 for evacuation
[2025-08-28T13:10:07.663+0000][1088069][debug][gc,age      ] GC(243) Desired survivor size 20971520 bytes, new threshold 15 (max threshold 15)
[2025-08-28T13:10:07.667+0000][1088069][info ][gc,phases   ] GC(243)   Pre Evacuate Collection Set: 0.3ms
[2025-08-28T13:10:07.667+0000][1088069][info ][gc,phases   ] GC(243)   Merge Heap Roots: 0.1ms
[2025-08-28T13:10:07.667+0000][1088069][info ][gc,phases   ] GC(243)   Evacuate Collection Set: 2.2ms
[2025-08-28T13:10:07.667+0000][1088069][info ][gc,phases   ] GC(243)   Post Evacuate Collection Set: 0.8ms
[2025-08-28T13:10:07.667+0000][1088069][info ][gc,phases   ] GC(243)   Other: 0.1ms
[2025-08-28T13:10:07.667+0000][1088069][trace][gc,age      ] GC(243) Age table with threshold 15 (max threshold 15)
[2025-08-28T13:10:07.667+0000][1088069][trace][gc,age      ] GC(243) - age   1:       8448 bytes,       8448 total
[2025-08-28T13:10:07.667+0000][1088069][trace][gc,age      ] GC(243) - age   2:        712 bytes,       9160 total
[2025-08-28T13:10:07.667+0000][1088069][trace][gc,age      ] GC(243) - age   3:        240 bytes,       9400 total
[2025-08-28T13:10:07.667+0000][1088069][trace][gc,age      ] GC(243) - age   5:        896 bytes,      10296 total
[2025-08-28T13:10:07.667+0000][1088069][trace][gc,age      ] GC(243) - age   6:      25320 bytes,      35616 total
[2025-08-28T13:10:07.667+0000][1088069][trace][gc,age      ] GC(243) - age   7:       1120 bytes,      36736 total
[2025-08-28T13:10:07.667+0000][1088069][info ][gc,heap     ] GC(243) Eden regions: 75->0(75)
[2025-08-28T13:10:07.667+0000][1088069][info ][gc,heap     ] GC(243) Survivor regions: 1->1(10)
[2025-08-28T13:10:07.667+0000][1088069][info ][gc,heap     ] GC(243) Old regions: 25->25
[2025-08-28T13:10:07.667+0000][1088069][info ][gc,heap     ] GC(243) Humongous regions: 0->0
[2025-08-28T13:10:07.667+0000][1088069][info ][gc,metaspace] GC(243) Metaspace: 144911K(148992K)->144911K(148992K) NonClass: 125051K(127232K)->125051K(127232K) Class: 19859K(21760K)->19859K(21760K)
[2025-08-28T13:10:07.667+0000][1088069][info ][gc          ] GC(243) Pause Young (Normal) (G1 Evacuation Pause) 399M->99M(512M) 3.676ms
[2025-08-28T13:10:07.667+0000][1088069][info ][gc,cpu      ] GC(243) User=0.00s Sys=0.00s Real=0.00s
[2025-08-28T13:10:07.667+0000][1088069][info ][safepoint   ] Safepoint "G1CollectForAllocation", Time since last: 2932827501 ns, Reaching safepoint: 66330 ns, Cleanup: 7642 ns, At safepoint: 3938135 ns, Total: 4012107 ns
[2025-08-28T13:10:08.667+0000][1088069][info ][safepoint   ] Safepoint "Cleanup", Time since last: 1000108740 ns, Reaching safepoint: 31107 ns, Cleanup: 17577 ns, At safepoint: 4567 ns, Total: 53251 ns
[2025-08-28T13:10:10.589+0000][1088069][info ][gc,start    ] GC(244) Pause Young (Normal) (G1 Evacuation Pause)
[2025-08-28T13:10:10.589+0000][1088069][info ][gc,task     ] GC(244) Using 12 workers of 33 for evacuation
[2025-08-28T13:10:10.589+0000][1088069][debug][gc,age      ] GC(244) Desired survivor size 20971520 bytes, new threshold 15 (max threshold 15)
[2025-08-28T13:10:10.594+0000][1088069][info ][gc,phases   ] GC(244)   Pre Evacuate Collection Set: 0.2ms
[2025-08-28T13:10:10.594+0000][1088069][info ][gc,phases   ] GC(244)   Merge Heap Roots: 0.1ms
[2025-08-28T13:10:10.594+0000][1088069][info ][gc,phases   ] GC(244)   Evacuate Collection Set: 3.5ms
[2025-08-28T13:10:10.594+0000][1088069][info ][gc,phases   ] GC(244)   Post Evacuate Collection Set: 0.8ms
[2025-08-28T13:10:10.594+0000][1088069][info ][gc,phases   ] GC(244)   Other: 0.1ms
[2025-08-28T13:10:10.594+0000][1088069][trace][gc,age      ] GC(244) Age table with threshold 15 (max threshold 15)
[2025-08-28T13:10:10.594+0000][1088069][trace][gc,age      ] GC(244) - age   1:       8704 bytes,       8704 total
[2025-08-28T13:10:10.594+0000][1088069][trace][gc,age      ] GC(244) - age   2:        256 bytes,       8960 total
[2025-08-28T13:10:10.594+0000][1088069][trace][gc,age      ] GC(244) - age   4:        240 bytes,       9200 total
[2025-08-28T13:10:10.594+0000][1088069][trace][gc,age      ] GC(244) - age   6:        896 bytes,      10096 total
[2025-08-28T13:10:10.594+0000][1088069][trace][gc,age      ] GC(244) - age   7:      25320 bytes,      35416 total
[2025-08-28T13:10:10.594+0000][1088069][trace][gc,age      ] GC(244) - age   8:       1120 bytes,      36536 total
[2025-08-28T13:10:10.594+0000][1088069][info ][gc,heap     ] GC(244) Eden regions: 75->0(75)
[2025-08-28T13:10:10.594+0000][1088069][info ][gc,heap     ] GC(244) Survivor regions: 1->1(10)
[2025-08-28T13:10:10.594+0000][1088069][info ][gc,heap     ] GC(244) Old regions: 25->25
[2025-08-28T13:10:10.594+0000][1088069][info ][gc,heap     ] GC(244) Humongous regions: 0->0
[2025-08-28T13:10:10.594+0000][1088069][info ][gc,metaspace] GC(244) Metaspace: 144911K(148992K)->144911K(148992K) NonClass: 125051K(127232K)->125051K(127232K) Class: 19859K(21760K)->19859K(21760K)
[2025-08-28T13:10:10.594+0000][1088069][info ][gc          ] GC(244) Pause Young (Normal) (G1 Evacuation Pause) 399M->99M(512M) 4.857ms
[2025-08-28T13:10:10.594+0000][1088069][info ][gc,cpu      ] GC(244) User=0.00s Sys=0.00s Real=0.01s
[2025-08-28T13:10:10.594+0000][1088069][info ][safepoint   ] Safepoint "G1CollectForAllocation", Time since last: 1921644349 ns, Reaching safepoint: 32469 ns, Cleanup: 7241 ns, At safepoint: 5115235 ns, Total: 5154945 ns
[2025-08-28T13:10:13.727+0000][1088069][info ][gc,start    ] GC(245) Pause Young (Normal) (G1 Evacuation Pause)
[2025-08-28T13:10:13.727+0000][1088069][info ][gc,task     ] GC(245) Using 12 workers of 33 for evacuation
[2025-08-28T13:10:13.727+0000][1088069][debug][gc,age      ] GC(245) Desired survivor size 20971520 bytes, new threshold 15 (max threshold 15)
[2025-08-28T13:10:13.731+0000][1088069][info ][gc,phases   ] GC(245)   Pre Evacuate Collection Set: 0.2ms
[2025-08-28T13:10:13.731+0000][1088069][info ][gc,phases   ] GC(245)   Merge Heap Roots: 0.1ms
[2025-08-28T13:10:13.731+0000][1088069][info ][gc,phases   ] GC(245)   Evacuate Collection Set: 2.8ms
[2025-08-28T13:10:13.731+0000][1088069][info ][gc,phases   ] GC(245)   Post Evacuate Collection Set: 0.7ms
[2025-08-28T13:10:13.731+0000][1088069][info ][gc,phases   ] GC(245)   Other: 0.1ms
[2025-08-28T13:10:13.731+0000][1088069][trace][gc,age      ] GC(245) Age table with threshold 15 (max threshold 15)
[2025-08-28T13:10:13.731+0000][1088069][trace][gc,age      ] GC(245) - age   1:       8232 bytes,       8232 total
[2025-08-28T13:10:13.731+0000][1088069][trace][gc,age      ] GC(245) - age   2:        712 bytes,       8944 total
[2025-08-28T13:10:13.731+0000][1088069][trace][gc,age      ] GC(245) - age   3:        256 bytes,       9200 total
[2025-08-28T13:10:13.731+0000][1088069][trace][gc,age      ] GC(245) - age   7:        896 bytes,      10096 total
[2025-08-28T13:10:13.731+0000][1088069][trace][gc,age      ] GC(245) - age   8:      25320 bytes,      35416 total
[2025-08-28T13:10:13.731+0000][1088069][trace][gc,age      ] GC(245) - age   9:       1120 bytes,      36536 total
[2025-08-28T13:10:13.731+0000][1088069][info ][gc,heap     ] GC(245) Eden regions: 75->0(75)
[2025-08-28T13:10:13.731+0000][1088069][info ][gc,heap     ] GC(245) Survivor regions: 1->1(10)
[2025-08-28T13:10:13.731+0000][1088069][info ][gc,heap     ] GC(245) Old regions: 25->25
[2025-08-28T13:10:13.731+0000][1088069][info ][gc,heap     ] GC(245) Humongous regions: 0->0
[2025-08-28T13:10:13.731+0000][1088069][info ][gc,metaspace] GC(245) Metaspace: 144911K(148992K)->144911K(148992K) NonClass: 125051K(127232K)->125051K(127232K) Class: 19859K(21760K)->19859K(21760K)
[2025-08-28T13:10:13.731+0000][1088069][info ][gc          ] GC(245) Pause Young (Normal) (G1 Evacuation Pause) 399M->99M(512M) 4.033ms
[2025-08-28T13:10:13.731+0000][1088069][info ][gc,cpu      ] GC(245) User=0.00s Sys=0.00s Real=0.01s
[2025-08-28T13:10:13.731+0000][1088069][info ][safepoint   ] Safepoint "G1CollectForAllocation", Time since last: 3133054084 ns, Reaching safepoint: 32088 ns, Cleanup: 6620 ns, At safepoint: 4246191 ns, Total: 4284899 ns
[2025-08-28T13:10:16.689+0000][1088069][info ][gc,start    ] GC(246) Pause Young (Normal) (G1 Evacuation Pause)
[2025-08-28T13:10:16.689+0000][1088069][info ][gc,task     ] GC(246) Using 12 workers of 33 for evacuation
[2025-08-28T13:10:16.689+0000][1088069][debug][gc,age      ] GC(246) Desired survivor size 20971520 bytes, new threshold 15 (max threshold 15)
[2025-08-28T13:10:16.693+0000][1088069][info ][gc,phases   ] GC(246)   Pre Evacuate Collection Set: 0.2ms
[2025-08-28T13:10:16.693+0000][1088069][info ][gc,phases   ] GC(246)   Merge Heap Roots: 0.1ms
[2025-08-28T13:10:16.693+0000][1088069][info ][gc,phases   ] GC(246)   Evacuate Collection Set: 3.2ms
[2025-08-28T13:10:16.693+0000][1088069][info ][gc,phases   ] GC(246)   Post Evacuate Collection Set: 0.6ms
[2025-08-28T13:10:16.693+0000][1088069][info ][gc,phases   ] GC(246)   Other: 0.1ms
[2025-08-28T13:10:16.693+0000][1088069][trace][gc,age      ] GC(246) Age table with threshold 15 (max threshold 15)
[2025-08-28T13:10:16.693+0000][1088069][trace][gc,age      ] GC(246) - age   1:     660296 bytes,     660296 total
[2025-08-28T13:10:16.693+0000][1088069][trace][gc,age      ] GC(246) - age   2:        240 bytes,     660536 total
[2025-08-28T13:10:16.693+0000][1088069][trace][gc,age      ] GC(246) - age   4:        256 bytes,     660792 total
[2025-08-28T13:10:16.693+0000][1088069][trace][gc,age      ] GC(246) - age   8:        896 bytes,     661688 total
[2025-08-28T13:10:16.693+0000][1088069][trace][gc,age      ] GC(246) - age   9:      25320 bytes,     687008 total
[2025-08-28T13:10:16.693+0000][1088069][trace][gc,age      ] GC(246) - age  10:       1120 bytes,     688128 total
[2025-08-28T13:10:16.693+0000][1088069][info ][gc,heap     ] GC(246) Eden regions: 75->0(75)
[2025-08-28T13:10:16.693+0000][1088069][info ][gc,heap     ] GC(246) Survivor regions: 1->1(10)
[2025-08-28T13:10:16.693+0000][1088069][info ][gc,heap     ] GC(246) Old regions: 25->25
[2025-08-28T13:10:16.693+0000][1088069][info ][gc,heap     ] GC(246) Humongous regions: 0->0
[2025-08-28T13:10:16.693+0000][1088069][info ][gc,metaspace] GC(246) Metaspace: 144911K(148992K)->144911K(148992K) NonClass: 125051K(127232K)->125051K(127232K) Class: 19859K(21760K)->19859K(21760K)
[2025-08-28T13:10:16.693+0000][1088069][info ][gc          ] GC(246) Pause Young (Normal) (G1 Evacuation Pause) 399M->100M(512M) 4.146ms
[2025-08-28T13:10:16.693+0000][1088069][info ][gc,cpu      ] GC(246) User=0.01s Sys=0.00s Real=0.01s
[2025-08-28T13:10:16.693+0000][1088069][info ][safepoint   ] Safepoint "G1CollectForAllocation", Time since last: 2957183351 ns, Reaching safepoint: 29534 ns, Cleanup: 5839 ns, At safepoint: 4354784 ns, Total: 4390157 ns
[2025-08-28T13:10:19.599+0000][1088069][info ][gc,start    ] GC(247) Pause Young (Normal) (G1 Evacuation Pause)
[2025-08-28T13:10:19.599+0000][1088069][info ][gc,task     ] GC(247) Using 12 workers of 33 for evacuation
[2025-08-28T13:10:19.599+0000][1088069][debug][gc,age      ] GC(247) Desired survivor size 20971520 bytes, new threshold 15 (max threshold 15)
[2025-08-28T13:10:19.602+0000][1088069][info ][gc,phases   ] GC(247)   Pre Evacuate Collection Set: 0.2ms
[2025-08-28T13:10:19.602+0000][1088069][info ][gc,phases   ] GC(247)   Merge Heap Roots: 0.1ms
[2025-08-28T13:10:19.602+0000][1088069][info ][gc,phases   ] GC(247)   Evacuate Collection Set: 2.6ms
[2025-08-28T13:10:19.602+0000][1088069][info ][gc,phases   ] GC(247)   Post Evacuate Collection Set: 0.7ms
[2025-08-28T13:10:19.602+0000][1088069][info ][gc,phases   ] GC(247)   Other: 0.1ms
[2025-08-28T13:10:19.602+0000][1088069][trace][gc,age      ] GC(247) Age table with threshold 15 (max threshold 15)
[2025-08-28T13:10:19.602+0000][1088069][trace][gc,age      ] GC(247) - age   1:       9080 bytes,       9080 total
[2025-08-28T13:10:19.602+0000][1088069][trace][gc,age      ] GC(247) - age   3:        240 bytes,       9320 total
[2025-08-28T13:10:19.602+0000][1088069][trace][gc,age      ] GC(247) - age   5:        256 bytes,       9576 total
[2025-08-28T13:10:19.602+0000][1088069][trace][gc,age      ] GC(247) - age   9:        896 bytes,      10472 total
[2025-08-28T13:10:19.602+0000][1088069][trace][gc,age      ] GC(247) - age  10:      25320 bytes,      35792 total
[2025-08-28T13:10:19.602+0000][1088069][trace][gc,age      ] GC(247) - age  11:        944 bytes,      36736 total
[2025-08-28T13:10:19.602+0000][1088069][info ][gc,heap     ] GC(247) Eden regions: 75->0(75)
[2025-08-28T13:10:19.602+0000][1088069][info ][gc,heap     ] GC(247) Survivor regions: 1->1(10)
[2025-08-28T13:10:19.602+0000][1088069][info ][gc,heap     ] GC(247) Old regions: 25->25
[2025-08-28T13:10:19.602+0000][1088069][info ][gc,heap     ] GC(247) Humongous regions: 0->0
[2025-08-28T13:10:19.602+0000][1088069][info ][gc,metaspace] GC(247) Metaspace: 144915K(148992K)->144915K(148992K) NonClass: 125056K(127232K)->125056K(127232K) Class: 19859K(21760K)->19859K(21760K)
[2025-08-28T13:10:19.602+0000][1088069][info ][gc          ] GC(247) Pause Young (Normal) (G1 Evacuation Pause) 400M->99M(512M) 3.858ms
[2025-08-28T13:10:19.603+0000][1088069][info ][gc,cpu      ] GC(247) User=0.01s Sys=0.00s Real=0.01s
[2025-08-28T13:10:19.603+0000][1088069][info ][safepoint   ] Safepoint "G1CollectForAllocation", Time since last: 2905569894 ns, Reaching safepoint: 37437 ns, Cleanup: 8232 ns, At safepoint: 4172249 ns, Total: 4217918 ns
[2025-08-28T13:10:22.711+0000][1088069][info ][gc,start    ] GC(248) Pause Young (Normal) (G1 Evacuation Pause)
[2025-08-28T13:10:22.711+0000][1088069][info ][gc,task     ] GC(248) Using 12 workers of 33 for evacuation
[2025-08-28T13:10:22.711+0000][1088069][debug][gc,age      ] GC(248) Desired survivor size 20971520 bytes, new threshold 15 (max threshold 15)
[2025-08-28T13:10:22.717+0000][1088069][info ][gc,phases   ] GC(248)   Pre Evacuate Collection Set: 0.2ms
[2025-08-28T13:10:22.717+0000][1088069][info ][gc,phases   ] GC(248)   Merge Heap Roots: 0.1ms
[2025-08-28T13:10:22.717+0000][1088069][info ][gc,phases   ] GC(248)   Evacuate Collection Set: 4.1ms
[2025-08-28T13:10:22.717+0000][1088069][info ][gc,phases   ] GC(248)   Post Evacuate Collection Set: 0.7ms
[2025-08-28T13:10:22.717+0000][1088069][info ][gc,phases   ] GC(248)   Other: 0.1ms
[2025-08-28T13:10:22.717+0000][1088069][trace][gc,age      ] GC(248) Age table with threshold 15 (max threshold 15)
[2025-08-28T13:10:22.717+0000][1088069][trace][gc,age      ] GC(248) - age   1:     649784 bytes,     649784 total
[2025-08-28T13:10:22.717+0000][1088069][trace][gc,age      ] GC(248) - age   2:        888 bytes,     650672 total
[2025-08-28T13:10:22.717+0000][1088069][trace][gc,age      ] GC(248) - age   6:        256 bytes,     650928 total
[2025-08-28T13:10:22.717+0000][1088069][trace][gc,age      ] GC(248) - age  10:        648 bytes,     651576 total
[2025-08-28T13:10:22.717+0000][1088069][trace][gc,age      ] GC(248) - age  11:      19008 bytes,     670584 total
[2025-08-28T13:10:22.717+0000][1088069][trace][gc,age      ] GC(248) - age  12:        944 bytes,     671528 total
[2025-08-28T13:10:22.717+0000][1088069][info ][gc,heap     ] GC(248) Eden regions: 75->0(75)
[2025-08-28T13:10:22.717+0000][1088069][info ][gc,heap     ] GC(248) Survivor regions: 1->1(10)
[2025-08-28T13:10:22.717+0000][1088069][info ][gc,heap     ] GC(248) Old regions: 25->25
[2025-08-28T13:10:22.717+0000][1088069][info ][gc,heap     ] GC(248) Humongous regions: 0->0
[2025-08-28T13:10:22.717+0000][1088069][info ][gc,metaspace] GC(248) Metaspace: 144916K(148992K)->144916K(148992K) NonClass: 125056K(127232K)->125056K(127232K) Class: 19859K(21760K)->19859K(21760K)
[2025-08-28T13:10:22.717+0000][1088069][info ][gc          ] GC(248) Pause Young (Normal) (G1 Evacuation Pause) 399M->100M(512M) 5.440ms
[2025-08-28T13:10:22.717+0000][1088069][info ][gc,cpu      ] GC(248) User=0.01s Sys=0.00s Real=0.00s
[2025-08-28T13:10:22.717+0000][1088069][info ][safepoint   ] Safepoint "G1CollectForAllocation", Time since last: 3108609876 ns, Reaching safepoint: 36975 ns, Cleanup: 7982 ns, At safepoint: 5738443 ns, Total: 5783400 ns
[2025-08-28T13:10:24.717+0000][1088069][info ][safepoint   ] Safepoint "Cleanup", Time since last: 2000174312 ns, Reaching safepoint: 36035 ns, Cleanup: 22654 ns, At safepoint: 4857 ns, Total: 63546 ns
[2025-08-28T13:10:25.636+0000][1088069][info ][gc,start    ] GC(249) Pause Young (Normal) (G1 Evacuation Pause)
[2025-08-28T13:10:25.636+0000][1088069][info ][gc,task     ] GC(249) Using 12 workers of 33 for evacuation
[2025-08-28T13:10:25.637+0000][1088069][debug][gc,age      ] GC(249) Desired survivor size 20971520 bytes, new threshold 15 (max threshold 15)
[2025-08-28T13:10:25.641+0000][1088069][info ][gc,phases   ] GC(249)   Pre Evacuate Collection Set: 0.2ms
[2025-08-28T13:10:25.641+0000][1088069][info ][gc,phases   ] GC(249)   Merge Heap Roots: 0.0ms
[2025-08-28T13:10:25.641+0000][1088069][info ][gc,phases   ] GC(249)   Evacuate Collection Set: 3.3ms
[2025-08-28T13:10:25.641+0000][1088069][info ][gc,phases   ] GC(249)   Post Evacuate Collection Set: 0.6ms
[2025-08-28T13:10:25.641+0000][1088069][info ][gc,phases   ] GC(249)   Other: 0.1ms
[2025-08-28T13:10:25.641+0000][1088069][trace][gc,age      ] GC(249) Age table with threshold 15 (max threshold 15)
[2025-08-28T13:10:25.641+0000][1088069][trace][gc,age      ] GC(249) - age   1:       9104 bytes,       9104 total
[2025-08-28T13:10:25.641+0000][1088069][trace][gc,age      ] GC(249) - age   2:       7080 bytes,      16184 total
[2025-08-28T13:10:25.641+0000][1088069][trace][gc,age      ] GC(249) - age   3:        176 bytes,      16360 total
[2025-08-28T13:10:25.641+0000][1088069][trace][gc,age      ] GC(249) - age   7:        256 bytes,      16616 total
[2025-08-28T13:10:25.641+0000][1088069][trace][gc,age      ] GC(249) - age  11:        280 bytes,      16896 total
[2025-08-28T13:10:25.641+0000][1088069][trace][gc,age      ] GC(249) - age  12:      19008 bytes,      35904 total
[2025-08-28T13:10:25.641+0000][1088069][trace][gc,age      ] GC(249) - age  13:        944 bytes,      36848 total
[2025-08-28T13:10:25.641+0000][1088069][info ][gc,heap     ] GC(249) Eden regions: 75->0(75)
[2025-08-28T13:10:25.641+0000][1088069][info ][gc,heap     ] GC(249) Survivor regions: 1->1(10)
[2025-08-28T13:10:25.641+0000][1088069][info ][gc,heap     ] GC(249) Old regions: 25->25
[2025-08-28T13:10:25.641+0000][1088069][info ][gc,heap     ] GC(249) Humongous regions: 0->0
[2025-08-28T13:10:25.641+0000][1088069][info ][gc,metaspace] GC(249) Metaspace: 144916K(148992K)->144916K(148992K) NonClass: 125056K(127232K)->125056K(127232K) Class: 19859K(21760K)->19859K(21760K)
[2025-08-28T13:10:25.641+0000][1088069][info ][gc          ] GC(249) Pause Young (Normal) (G1 Evacuation Pause) 400M->99M(512M) 4.431ms
[2025-08-28T13:10:25.641+0000][1088069][info ][gc,cpu      ] GC(249) User=0.01s Sys=0.00s Real=0.01s
[2025-08-28T13:10:25.641+0000][1088069][info ][safepoint   ] Safepoint "G1CollectForAllocation", Time since last: 919040214 ns, Reaching safepoint: 37537 ns, Cleanup: 7541 ns, At safepoint: 4700333 ns, Total: 4745411 ns
[2025-08-28T13:10:28.874+0000][1088069][info ][gc,start    ] GC(250) Pause Young (Normal) (G1 Evacuation Pause)
[2025-08-28T13:10:28.874+0000][1088069][info ][gc,task     ] GC(250) Using 12 workers of 33 for evacuation
[2025-08-28T13:10:28.874+0000][1088069][debug][gc,age      ] GC(250) Desired survivor size 20971520 bytes, new threshold 15 (max threshold 15)
[2025-08-28T13:10:28.878+0000][1088069][info ][gc,phases   ] GC(250)   Pre Evacuate Collection Set: 0.2ms
[2025-08-28T13:10:28.878+0000][1088069][info ][gc,phases   ] GC(250)   Merge Heap Roots: 0.1ms
[2025-08-28T13:10:28.878+0000][1088069][info ][gc,phases   ] GC(250)   Evacuate Collection Set: 3.4ms
[2025-08-28T13:10:28.878+0000][1088069][info ][gc,phases   ] GC(250)   Post Evacuate Collection Set: 0.6ms
[2025-08-28T13:10:28.878+0000][1088069][info ][gc,phases   ] GC(250)   Other: 0.1ms
[2025-08-28T13:10:28.878+0000][1088069][trace][gc,age      ] GC(250) Age table with threshold 15 (max threshold 15)
[2025-08-28T13:10:28.878+0000][1088069][trace][gc,age      ] GC(250) - age   1:       8216 bytes,       8216 total
[2025-08-28T13:10:28.878+0000][1088069][trace][gc,age      ] GC(250) - age   2:       1112 bytes,       9328 total
[2025-08-28T13:10:28.878+0000][1088069][trace][gc,age      ] GC(250) - age   3:       7080 bytes,      16408 total
[2025-08-28T13:10:28.878+0000][1088069][trace][gc,age      ] GC(250) - age   4:        176 bytes,      16584 total
[2025-08-28T13:10:28.878+0000][1088069][trace][gc,age      ] GC(250) - age   8:         32 bytes,      16616 total
[2025-08-28T13:10:28.878+0000][1088069][trace][gc,age      ] GC(250) - age  12:        280 bytes,      16896 total
[2025-08-28T13:10:28.878+0000][1088069][trace][gc,age      ] GC(250) - age  13:      19008 bytes,      35904 total
[2025-08-28T13:10:28.878+0000][1088069][trace][gc,age      ] GC(250) - age  14:        944 bytes,      36848 total
[2025-08-28T13:10:28.878+0000][1088069][info ][gc,heap     ] GC(250) Eden regions: 75->0(75)
[2025-08-28T13:10:28.878+0000][1088069][info ][gc,heap     ] GC(250) Survivor regions: 1->1(10)
[2025-08-28T13:10:28.878+0000][1088069][info ][gc,heap     ] GC(250) Old regions: 25->25
[2025-08-28T13:10:28.878+0000][1088069][info ][gc,heap     ] GC(250) Humongous regions: 0->0
[2025-08-28T13:10:28.878+0000][1088069][info ][gc,metaspace] GC(250) Metaspace: 144916K(148992K)->144916K(148992K) NonClass: 125056K(127232K)->125056K(127232K) Class: 19859K(21760K)->19859K(21760K)
[2025-08-28T13:10:28.878+0000][1088069][info ][gc          ] GC(250) Pause Young (Normal) (G1 Evacuation Pause) 399M->99M(512M) 4.521ms
[2025-08-28T13:10:28.878+0000][1088069][info ][gc,cpu      ] GC(250) User=0.01s Sys=0.00s Real=0.00s
[2025-08-28T13:10:28.878+0000][1088069][info ][safepoint   ] Safepoint "G1CollectForAllocation", Time since last: 3232646021 ns, Reaching safepoint: 37796 ns, Cleanup: 8453 ns, At safepoint: 4779893 ns, Total: 4826142 ns
[2025-08-28T13:10:30.504+0000][1088069][info ][safepoint   ] Safepoint "Cleanup", Time since last: 1625428503 ns, Reaching safepoint: 16574 ns, Cleanup: 15324 ns, At safepoint: 2704 ns, Total: 34602 ns
[2025-08-28T13:10:31.504+0000][1088069][info ][safepoint   ] Safepoint "Cleanup", Time since last: 1000142654 ns, Reaching safepoint: 36615 ns, Cleanup: 72289 ns, At safepoint: 4647 ns, Total: 113551 ns
[2025-08-28T13:10:34.505+0000][1088069][info ][safepoint   ] Safepoint "Cleanup", Time since last: 3000289034 ns, Reaching safepoint: 37066 ns, Cleanup: 24206 ns, At safepoint: 4978 ns, Total: 66250 ns
[2025-08-28T13:10:36.505+0000][1088069][info ][safepoint   ] Safepoint "Cleanup", Time since last: 2000182464 ns, Reaching safepoint: 30887 ns, Cleanup: 56945 ns, At safepoint: 4247 ns, Total: 92079 ns
[2025-08-28T13:10:37.505+0000][1088069][info ][safepoint   ] Safepoint "Cleanup", Time since last: 1000143325 ns, Reaching safepoint: 36014 ns, Cleanup: 87542 ns, At safepoint: 10586 ns, Total: 134142 ns
[2025-08-28T13:10:38.505+0000][1088069][info ][safepoint   ] Safepoint "Cleanup", Time since last: 1000139119 ns, Reaching safepoint: 72579 ns, Cleanup: 109945 ns, At safepoint: 7612 ns, Total: 190136 ns
[2025-08-28T13:11:21.800+0000][1088069][info ][safepoint   ] Safepoint "Cleanup", Time since last: 43294457548 ns, Reaching safepoint: 65859 ns, Cleanup: 17025 ns, At safepoint: 3956 ns, Total: 86840 ns
[2025-08-28T13:11:37.801+0000][1088069][info ][safepoint   ] Safepoint "Cleanup", Time since last: 16001281577 ns, Reaching safepoint: 37136 ns, Cleanup: 21142 ns, At safepoint: 4436 ns, Total: 62714 ns
[2025-08-28T13:12:09.804+0000][1088069][info ][safepoint   ] Safepoint "Cleanup", Time since last: 32002813280 ns, Reaching safepoint: 36755 ns, Cleanup: 20341 ns, At safepoint: 4486 ns, Total: 61582 ns
[2025-08-28T13:12:36.806+0000][1088069][info ][safepoint   ] Safepoint "Cleanup", Time since last: 27002155577 ns, Reaching safepoint: 65008 ns, Cleanup: 17055 ns, At safepoint: 3856 ns, Total: 85919 ns
[2025-08-28T13:13:10.809+0000][1088069][info ][safepoint   ] Safepoint "Cleanup", Time since last: 34002691222 ns, Reaching safepoint: 36925 ns, Cleanup: 22104 ns, At safepoint: 5007 ns, Total: 64036 ns
[2025-08-28T13:13:11.809+0000][1088069][info ][safepoint   ] Safepoint "Cleanup", Time since last: 1000158589 ns, Reaching safepoint: 30516 ns, Cleanup: 17136 ns, At safepoint: 4337 ns, Total: 51989 ns
[2025-08-28T13:13:18.810+0000][1088069][info ][safepoint   ] Safepoint "Cleanup", Time since last: 7000560397 ns, Reaching safepoint: 37416 ns, Cleanup: 40851 ns, At safepoint: 4978 ns, Total: 83245 ns
[2025-08-28T13:13:22.811+0000][1088069][info ][safepoint   ] Safepoint "Cleanup", Time since last: 4000406504 ns, Reaching safepoint: 59720 ns, Cleanup: 24026 ns, At safepoint: 4827 ns, Total: 88573 ns
[2025-08-28T13:13:27.266+0000][1088069][info ][gc,start    ] GC(251) Pause Young (Normal) (G1 Evacuation Pause)
[2025-08-28T13:13:27.266+0000][1088069][info ][gc,task     ] GC(251) Using 12 workers of 33 for evacuation
[2025-08-28T13:13:27.266+0000][1088069][debug][gc,age      ] GC(251) Desired survivor size 20971520 bytes, new threshold 15 (max threshold 15)
[2025-08-28T13:13:27.270+0000][1088069][info ][gc,phases   ] GC(251)   Pre Evacuate Collection Set: 0.3ms
[2025-08-28T13:13:27.271+0000][1088069][info ][gc,phases   ] GC(251)   Merge Heap Roots: 0.1ms
[2025-08-28T13:13:27.271+0000][1088069][info ][gc,phases   ] GC(251)   Evacuate Collection Set: 3.0ms
[2025-08-28T13:13:27.271+0000][1088069][info ][gc,phases   ] GC(251)   Post Evacuate Collection Set: 0.8ms
[2025-08-28T13:13:27.271+0000][1088069][info ][gc,phases   ] GC(251)   Other: 0.1ms
[2025-08-28T13:13:27.271+0000][1088069][trace][gc,age      ] GC(251) Age table with threshold 15 (max threshold 15)
[2025-08-28T13:13:27.271+0000][1088069][trace][gc,age      ] GC(251) - age   1:     702648 bytes,     702648 total
[2025-08-28T13:13:27.271+0000][1088069][trace][gc,age      ] GC(251) - age   2:        224 bytes,     702872 total
[2025-08-28T13:13:27.271+0000][1088069][trace][gc,age      ] GC(251) - age   4:        112 bytes,     702984 total
[2025-08-28T13:13:27.271+0000][1088069][trace][gc,age      ] GC(251) - age   9:         32 bytes,     703016 total
[2025-08-28T13:13:27.271+0000][1088069][trace][gc,age      ] GC(251) - age  13:        184 bytes,     703200 total
[2025-08-28T13:13:27.271+0000][1088069][trace][gc,age      ] GC(251) - age  14:      16936 bytes,     720136 total
[2025-08-28T13:13:27.271+0000][1088069][trace][gc,age      ] GC(251) - age  15:        768 bytes,     720904 total
[2025-08-28T13:13:27.271+0000][1088069][info ][gc,heap     ] GC(251) Eden regions: 75->0(75)
[2025-08-28T13:13:27.271+0000][1088069][info ][gc,heap     ] GC(251) Survivor regions: 1->1(10)
[2025-08-28T13:13:27.271+0000][1088069][info ][gc,heap     ] GC(251) Old regions: 25->25
[2025-08-28T13:13:27.271+0000][1088069][info ][gc,heap     ] GC(251) Humongous regions: 0->0
[2025-08-28T13:13:27.271+0000][1088069][info ][gc,metaspace] GC(251) Metaspace: 145089K(149184K)->145089K(149184K) NonClass: 125211K(127360K)->125211K(127360K) Class: 19878K(21824K)->19878K(21824K)
[2025-08-28T13:13:27.271+0000][1088069][info ][gc          ] GC(251) Pause Young (Normal) (G1 Evacuation Pause) 399M->100M(512M) 4.409ms
[2025-08-28T13:13:27.271+0000][1088069][info ][gc,cpu      ] GC(251) User=0.00s Sys=0.00s Real=0.01s
[2025-08-28T13:13:27.271+0000][1088069][info ][safepoint   ] Safepoint "G1CollectForAllocation", Time since last: 4455538279 ns, Reaching safepoint: 36775 ns, Cleanup: 7251 ns, At safepoint: 4718100 ns, Total: 4762126 ns
[2025-08-28T13:13:52.273+0000][1088069][info ][safepoint   ] Safepoint "Cleanup", Time since last: 25001987962 ns, Reaching safepoint: 77766 ns, Cleanup: 21613 ns, At safepoint: 7591 ns, Total: 106970 ns
[2025-08-28T13:14:10.274+0000][1088069][info ][safepoint   ] Safepoint "Cleanup", Time since last: 18001530094 ns, Reaching safepoint: 36625 ns, Cleanup: 19309 ns, At safepoint: 4276 ns, Total: 60210 ns
[2025-08-28T13:14:22.276+0000][1088069][info ][safepoint   ] Safepoint "Cleanup", Time since last: 12001053046 ns, Reaching safepoint: 41072 ns, Cleanup: 27702 ns, At safepoint: 4957 ns, Total: 73731 ns
[2025-08-28T13:14:23.276+0000][1088069][info ][safepoint   ] Safepoint "Cleanup", Time since last: 1000190705 ns, Reaching safepoint: 36184 ns, Cleanup: 24257 ns, At safepoint: 4727 ns, Total: 65168 ns
[2025-08-28T13:14:52.278+0000][1088069][info ][safepoint   ] Safepoint "Cleanup", Time since last: 29002378140 ns, Reaching safepoint: 30686 ns, Cleanup: 23786 ns, At safepoint: 4086 ns, Total: 58558 ns
[2025-08-28T13:14:53.279+0000][1088069][info ][safepoint   ] Safepoint "Cleanup", Time since last: 1000157475 ns, Reaching safepoint: 36685 ns, Cleanup: 21142 ns, At safepoint: 4687 ns, Total: 62514 ns
[2025-08-28T13:14:55.279+0000][1088069][info ][safepoint   ] Safepoint "Cleanup", Time since last: 2000251173 ns, Reaching safepoint: 30706 ns, Cleanup: 17937 ns, At safepoint: 3676 ns, Total: 52319 ns
[2025-08-28T13:15:01.279+0000][1088069][info ][safepoint   ] Safepoint "Cleanup", Time since last: 6000498350 ns, Reaching safepoint: 69384 ns, Cleanup: 16745 ns, At safepoint: 6760 ns, Total: 92889 ns
[2025-08-28T13:15:22.281+0000][1088069][info ][safepoint   ] Safepoint "Cleanup", Time since last: 21001702332 ns, Reaching safepoint: 29535 ns, Cleanup: 17116 ns, At safepoint: 3595 ns, Total: 50246 ns
[2025-08-28T13:15:50.885+0000][1088069][info ][safepoint   ] Safepoint "Cleanup", Time since last: 28603675322 ns, Reaching safepoint: 28603 ns, Cleanup: 16625 ns, At safepoint: 3466 ns, Total: 48694 ns
[2025-08-28T13:16:24.888+0000][1088069][info ][safepoint   ] Safepoint "Cleanup", Time since last: 34002825627 ns, Reaching safepoint: 63445 ns, Cleanup: 15854 ns, At safepoint: 3636 ns, Total: 82935 ns
[2025-08-28T13:16:39.889+0000][1088069][info ][safepoint   ] Safepoint "Cleanup", Time since last: 15001300751 ns, Reaching safepoint: 57306 ns, Cleanup: 20201 ns, At safepoint: 3936 ns, Total: 81443 ns
[2025-08-28T13:16:59.891+0000][1088069][info ][safepoint   ] Safepoint "Cleanup", Time since last: 20001742130 ns, Reaching safepoint: 90627 ns, Cleanup: 15513 ns, At safepoint: 6300 ns, Total: 112440 ns
[2025-08-28T13:17:22.893+0000][1088069][info ][safepoint   ] Safepoint "Cleanup", Time since last: 23002052145 ns, Reaching safepoint: 57026 ns, Cleanup: 14712 ns, At safepoint: 3596 ns, Total: 75334 ns
[2025-08-28T13:17:52.896+0000][1088069][info ][safepoint   ] Safepoint "Cleanup", Time since last: 30002567069 ns, Reaching safepoint: 29484 ns, Cleanup: 15233 ns, At safepoint: 3596 ns, Total: 48313 ns
[2025-08-28T13:18:02.897+0000][1088069][info ][safepoint   ] Safepoint "Cleanup", Time since last: 10000911290 ns, Reaching safepoint: 66790 ns, Cleanup: 19039 ns, At safepoint: 3705 ns, Total: 89534 ns
[2025-08-28T13:18:21.899+0000][1088069][info ][safepoint   ] Safepoint "Cleanup", Time since last: 19001638481 ns, Reaching safepoint: 63595 ns, Cleanup: 16145 ns, At safepoint: 3705 ns, Total: 83445 ns
[2025-08-28T13:18:22.899+0000][1088069][info ][safepoint   ] Safepoint "Cleanup", Time since last: 1000138212 ns, Reaching safepoint: 28883 ns, Cleanup: 16385 ns, At safepoint: 3896 ns, Total: 49164 ns
[2025-08-28T13:18:31.900+0000][1088069][info ][safepoint   ] Safepoint "Cleanup", Time since last: 9000852554 ns, Reaching safepoint: 102103 ns, Cleanup: 15524 ns, At safepoint: 7871 ns, Total: 125498 ns
[2025-08-28T13:19:24.852+0000][1088069][info ][gc,start    ] GC(252) Pause Young (Normal) (G1 Evacuation Pause)
[2025-08-28T13:19:24.852+0000][1088069][info ][gc,task     ] GC(252) Using 12 workers of 33 for evacuation
[2025-08-28T13:19:24.852+0000][1088069][debug][gc,age      ] GC(252) Desired survivor size 20971520 bytes, new threshold 15 (max threshold 15)
[2025-08-28T13:19:24.857+0000][1088069][info ][gc,phases   ] GC(252)   Pre Evacuate Collection Set: 1.6ms
[2025-08-28T13:19:24.857+0000][1088069][info ][gc,phases   ] GC(252)   Merge Heap Roots: 0.1ms
[2025-08-28T13:19:24.857+0000][1088069][info ][gc,phases   ] GC(252)   Evacuate Collection Set: 3.0ms
[2025-08-28T13:19:24.857+0000][1088069][info ][gc,phases   ] GC(252)   Post Evacuate Collection Set: 0.6ms
[2025-08-28T13:19:24.857+0000][1088069][info ][gc,phases   ] GC(252)   Other: 0.1ms
[2025-08-28T13:19:24.857+0000][1088069][trace][gc,age      ] GC(252) Age table with threshold 15 (max threshold 15)
[2025-08-28T13:19:24.857+0000][1088069][trace][gc,age      ] GC(252) - age   1:      47768 bytes,      47768 total
[2025-08-28T13:19:24.857+0000][1088069][trace][gc,age      ] GC(252) - age   2:     680424 bytes,     728192 total
[2025-08-28T13:19:24.857+0000][1088069][trace][gc,age      ] GC(252) - age   3:        224 bytes,     728416 total
[2025-08-28T13:19:24.857+0000][1088069][trace][gc,age      ] GC(252) - age   5:        112 bytes,     728528 total
[2025-08-28T13:19:24.857+0000][1088069][trace][gc,age      ] GC(252) - age  14:        184 bytes,     728712 total
[2025-08-28T13:19:24.857+0000][1088069][trace][gc,age      ] GC(252) - age  15:      16584 bytes,     745296 total
[2025-08-28T13:19:24.857+0000][1088069][info ][gc,heap     ] GC(252) Eden regions: 75->0(75)
[2025-08-28T13:19:24.857+0000][1088069][info ][gc,heap     ] GC(252) Survivor regions: 1->1(10)
[2025-08-28T13:19:24.857+0000][1088069][info ][gc,heap     ] GC(252) Old regions: 25->25
[2025-08-28T13:19:24.857+0000][1088069][info ][gc,heap     ] GC(252) Humongous regions: 0->0
[2025-08-28T13:19:24.857+0000][1088069][info ][gc,metaspace] GC(252) Metaspace: 145156K(149248K)->145156K(149248K) NonClass: 125273K(127424K)->125273K(127424K) Class: 19882K(21824K)->19882K(21824K)
[2025-08-28T13:19:24.857+0000][1088069][info ][gc          ] GC(252) Pause Young (Normal) (G1 Evacuation Pause) 400M->100M(512M) 5.514ms
[2025-08-28T13:19:24.857+0000][1088069][info ][gc,cpu      ] GC(252) User=0.02s Sys=0.00s Real=0.00s
[2025-08-28T13:19:24.857+0000][1088069][info ][safepoint   ] Safepoint "G1CollectForAllocation", Time since last: 52951975123 ns, Reaching safepoint: 66329 ns, Cleanup: 6069 ns, At safepoint: 5755551 ns, Total: 5827949 ns
[2025-08-28T13:19:42.859+0000][1088069][info ][safepoint   ] Safepoint "Cleanup", Time since last: 18001190201 ns, Reaching safepoint: 54912 ns, Cleanup: 15384 ns, At safepoint: 3575 ns, Total: 73871 ns
[2025-08-28T13:19:44.859+0000][1088069][info ][safepoint   ] Safepoint "Cleanup", Time since last: 2000147150 ns, Reaching safepoint: 28023 ns, Cleanup: 25538 ns, At safepoint: 38928 ns, Total: 92489 ns
[2025-08-28T13:19:47.859+0000][1088069][info ][safepoint   ] Safepoint "Cleanup", Time since last: 3000221878 ns, Reaching safepoint: 28603 ns, Cleanup: 15813 ns, At safepoint: 3746 ns, Total: 48162 ns
[2025-08-28T13:19:49.860+0000][1088069][info ][safepoint   ] Safepoint "Cleanup", Time since last: 2000163745 ns, Reaching safepoint: 27712 ns, Cleanup: 18998 ns, At safepoint: 67953 ns, Total: 114663 ns
[2025-08-28T13:19:51.860+0000][1088069][info ][safepoint   ] Safepoint "Cleanup", Time since last: 2000192368 ns, Reaching safepoint: 30856 ns, Cleanup: 15403 ns, At safepoint: 3706 ns, Total: 49965 ns
[2025-08-28T13:19:52.860+0000][1088069][info ][safepoint   ] Safepoint "Cleanup", Time since last: 1000119604 ns, Reaching safepoint: 27542 ns, Cleanup: 16895 ns, At safepoint: 3696 ns, Total: 48133 ns
[2025-08-28T13:20:02.861+0000][1088069][info ][safepoint   ] Safepoint "Cleanup", Time since last: 10000763210 ns, Reaching safepoint: 62474 ns, Cleanup: 18097 ns, At safepoint: 3495 ns, Total: 84066 ns
[2025-08-28T13:20:52.970+0000][1088069][info ][safepoint   ] Safepoint "Cleanup", Time since last: 50108889382 ns, Reaching safepoint: 28623 ns, Cleanup: 18638 ns, At safepoint: 3906 ns, Total: 51167 ns
[2025-08-28T13:21:12.971+0000][1088069][info ][safepoint   ] Safepoint "Cleanup", Time since last: 20001428741 ns, Reaching safepoint: 63165 ns, Cleanup: 20852 ns, At safepoint: 3495 ns, Total: 87512 ns
[2025-08-28T13:21:22.972+0000][1088069][info ][safepoint   ] Safepoint "Cleanup", Time since last: 10000681852 ns, Reaching safepoint: 64917 ns, Cleanup: 15574 ns, At safepoint: 3545 ns, Total: 84036 ns
[2025-08-28T13:21:32.973+0000][1088069][info ][safepoint   ] Safepoint "Cleanup", Time since last: 10000776249 ns, Reaching safepoint: 61923 ns, Cleanup: 15222 ns, At safepoint: 5899 ns, Total: 83044 ns
[2025-08-28T13:21:51.974+0000][1088069][info ][safepoint   ] Safepoint "Cleanup", Time since last: 19001409806 ns, Reaching safepoint: 63946 ns, Cleanup: 15904 ns, At safepoint: 6119 ns, Total: 85969 ns
[2025-08-28T13:22:02.975+0000][1088069][info ][safepoint   ] Safepoint "Cleanup", Time since last: 11000541885 ns, Reaching safepoint: 90997 ns, Cleanup: 20470 ns, At safepoint: 6180 ns, Total: 117647 ns
[2025-08-28T13:22:22.977+0000][1088069][info ][safepoint   ] Safepoint "Cleanup", Time since last: 20001436561 ns, Reaching safepoint: 65148 ns, Cleanup: 19409 ns, At safepoint: 7011 ns, Total: 91568 ns
[2025-08-28T13:23:16.125+0000][1088069][info ][gc,start    ] GC(253) Pause Young (Normal) (G1 Evacuation Pause)
[2025-08-28T13:23:16.125+0000][1088069][info ][gc,task     ] GC(253) Using 12 workers of 33 for evacuation
[2025-08-28T13:23:16.125+0000][1088069][debug][gc,age      ] GC(253) Desired survivor size 20971520 bytes, new threshold 15 (max threshold 15)
[2025-08-28T13:23:16.129+0000][1088069][info ][gc,phases   ] GC(253)   Pre Evacuate Collection Set: 0.2ms
[2025-08-28T13:23:16.129+0000][1088069][info ][gc,phases   ] GC(253)   Merge Heap Roots: 0.1ms
[2025-08-28T13:23:16.129+0000][1088069][info ][gc,phases   ] GC(253)   Evacuate Collection Set: 2.7ms
[2025-08-28T13:23:16.129+0000][1088069][info ][gc,phases   ] GC(253)   Post Evacuate Collection Set: 0.6ms
[2025-08-28T13:23:16.129+0000][1088069][info ][gc,phases   ] GC(253)   Other: 0.1ms
[2025-08-28T13:23:16.129+0000][1088069][trace][gc,age      ] GC(253) Age table with threshold 15 (max threshold 15)
[2025-08-28T13:23:16.129+0000][1088069][trace][gc,age      ] GC(253) - age   1:   20085352 bytes,   20085352 total
[2025-08-28T13:23:16.129+0000][1088069][trace][gc,age      ] GC(253) - age   2:      32544 bytes,   20117896 total
[2025-08-28T13:23:16.129+0000][1088069][trace][gc,age      ] GC(253) - age   3:     666352 bytes,   20784248 total
[2025-08-28T13:23:16.129+0000][1088069][trace][gc,age      ] GC(253) - age   4:        224 bytes,   20784472 total
[2025-08-28T13:23:16.129+0000][1088069][trace][gc,age      ] GC(253) - age   6:         80 bytes,   20784552 total
[2025-08-28T13:23:16.129+0000][1088069][info ][gc,heap     ] GC(253) Eden regions: 75->0(71)
[2025-08-28T13:23:16.129+0000][1088069][info ][gc,heap     ] GC(253) Survivor regions: 1->5(10)
[2025-08-28T13:23:16.129+0000][1088069][info ][gc,heap     ] GC(253) Old regions: 25->25
[2025-08-28T13:23:16.129+0000][1088069][info ][gc,heap     ] GC(253) Humongous regions: 0->0
[2025-08-28T13:23:16.129+0000][1088069][info ][gc,metaspace] GC(253) Metaspace: 145220K(149312K)->145220K(149312K) NonClass: 125337K(127488K)->125337K(127488K) Class: 19882K(21824K)->19882K(21824K)
[2025-08-28T13:23:16.129+0000][1088069][info ][gc          ] GC(253) Pause Young (Normal) (G1 Evacuation Pause) 400M->119M(512M) 3.864ms
[2025-08-28T13:23:16.129+0000][1088069][info ][gc,cpu      ] GC(253) User=0.02s Sys=0.01s Real=0.00s
[2025-08-28T13:23:16.129+0000][1088069][info ][safepoint   ] Safepoint "G1CollectForAllocation", Time since last: 53148551228 ns, Reaching safepoint: 97166 ns, Cleanup: 46069 ns, At safepoint: 4004280 ns, Total: 4147515 ns
[2025-08-28T13:23:16.660+0000][1088069][info ][gc,start    ] GC(254) Pause Young (Normal) (G1 Evacuation Pause)
[2025-08-28T13:23:16.660+0000][1088069][info ][gc,task     ] GC(254) Using 12 workers of 33 for evacuation
[2025-08-28T13:23:16.660+0000][1088069][debug][gc,age      ] GC(254) Desired survivor size 20971520 bytes, new threshold 15 (max threshold 15)
[2025-08-28T13:23:16.663+0000][1088069][info ][gc,phases   ] GC(254)   Pre Evacuate Collection Set: 0.2ms
[2025-08-28T13:23:16.663+0000][1088069][info ][gc,phases   ] GC(254)   Merge Heap Roots: 0.1ms
[2025-08-28T13:23:16.663+0000][1088069][info ][gc,phases   ] GC(254)   Evacuate Collection Set: 2.0ms
[2025-08-28T13:23:16.663+0000][1088069][info ][gc,phases   ] GC(254)   Post Evacuate Collection Set: 0.6ms
[2025-08-28T13:23:16.663+0000][1088069][info ][gc,phases   ] GC(254)   Other: 0.1ms
[2025-08-28T13:23:16.663+0000][1088069][trace][gc,age      ] GC(254) Age table with threshold 15 (max threshold 15)
[2025-08-28T13:23:16.663+0000][1088069][trace][gc,age      ] GC(254) - age   1:   12330280 bytes,   12330280 total
[2025-08-28T13:23:16.663+0000][1088069][trace][gc,age      ] GC(254) - age   2:      67248 bytes,   12397528 total
[2025-08-28T13:23:16.663+0000][1088069][trace][gc,age      ] GC(254) - age   3:      24112 bytes,   12421640 total
[2025-08-28T13:23:16.663+0000][1088069][trace][gc,age      ] GC(254) - age   4:     666112 bytes,   13087752 total
[2025-08-28T13:23:16.663+0000][1088069][trace][gc,age      ] GC(254) - age   5:        224 bytes,   13087976 total
[2025-08-28T13:23:16.663+0000][1088069][info ][gc,heap     ] GC(254) Eden regions: 71->0(72)
[2025-08-28T13:23:16.663+0000][1088069][info ][gc,heap     ] GC(254) Survivor regions: 5->4(10)
[2025-08-28T13:23:16.663+0000][1088069][info ][gc,heap     ] GC(254) Old regions: 25->25
[2025-08-28T13:23:16.663+0000][1088069][info ][gc,heap     ] GC(254) Humongous regions: 0->0
[2025-08-28T13:23:16.663+0000][1088069][info ][gc,metaspace] GC(254) Metaspace: 145220K(149312K)->145220K(149312K) NonClass: 125337K(127488K)->125337K(127488K) Class: 19882K(21824K)->19882K(21824K)
[2025-08-28T13:23:16.663+0000][1088069][info ][gc          ] GC(254) Pause Young (Normal) (G1 Evacuation Pause) 403M->113M(512M) 3.096ms
[2025-08-28T13:23:16.663+0000][1088069][info ][gc,cpu      ] GC(254) User=0.01s Sys=0.01s Real=0.01s
[2025-08-28T13:23:16.663+0000][1088069][info ][safepoint   ] Safepoint "G1CollectForAllocation", Time since last: 530570665 ns, Reaching safepoint: 29394 ns, Cleanup: 39730 ns, At safepoint: 3235895 ns, Total: 3305019 ns
[2025-08-28T13:23:17.513+0000][1088069][info ][gc,start    ] GC(255) Pause Young (Normal) (G1 Evacuation Pause)
[2025-08-28T13:23:17.513+0000][1088069][info ][gc,task     ] GC(255) Using 12 workers of 33 for evacuation
[2025-08-28T13:23:17.513+0000][1088069][debug][gc,age      ] GC(255) Desired survivor size 20971520 bytes, new threshold 15 (max threshold 15)
[2025-08-28T13:23:17.516+0000][1088069][info ][gc,phases   ] GC(255)   Pre Evacuate Collection Set: 0.2ms
[2025-08-28T13:23:17.516+0000][1088069][info ][gc,phases   ] GC(255)   Merge Heap Roots: 0.1ms
[2025-08-28T13:23:17.516+0000][1088069][info ][gc,phases   ] GC(255)   Evacuate Collection Set: 1.8ms
[2025-08-28T13:23:17.516+0000][1088069][info ][gc,phases   ] GC(255)   Post Evacuate Collection Set: 0.5ms
[2025-08-28T13:23:17.516+0000][1088069][info ][gc,phases   ] GC(255)   Other: 0.1ms
[2025-08-28T13:23:17.516+0000][1088069][trace][gc,age      ] GC(255) Age table with threshold 15 (max threshold 15)
[2025-08-28T13:23:17.516+0000][1088069][trace][gc,age      ] GC(255) - age   1:    7118328 bytes,    7118328 total
[2025-08-28T13:23:17.516+0000][1088069][trace][gc,age      ] GC(255) - age   2:      12576 bytes,    7130904 total
[2025-08-28T13:23:17.516+0000][1088069][trace][gc,age      ] GC(255) - age   3:      47160 bytes,    7178064 total
[2025-08-28T13:23:17.516+0000][1088069][trace][gc,age      ] GC(255) - age   4:      24112 bytes,    7202176 total
[2025-08-28T13:23:17.516+0000][1088069][trace][gc,age      ] GC(255) - age   5:     666112 bytes,    7868288 total
[2025-08-28T13:23:17.516+0000][1088069][trace][gc,age      ] GC(255) - age   6:        224 bytes,    7868512 total
[2025-08-28T13:23:17.516+0000][1088069][info ][gc,heap     ] GC(255) Eden regions: 72->0(74)
[2025-08-28T13:23:17.516+0000][1088069][info ][gc,heap     ] GC(255) Survivor regions: 4->2(10)
[2025-08-28T13:23:17.516+0000][1088069][info ][gc,heap     ] GC(255) Old regions: 25->25
[2025-08-28T13:23:17.516+0000][1088069][info ][gc,heap     ] GC(255) Humongous regions: 0->0
[2025-08-28T13:23:17.516+0000][1088069][info ][gc,metaspace] GC(255) Metaspace: 145230K(149312K)->145230K(149312K) NonClass: 125347K(127488K)->125347K(127488K) Class: 19882K(21824K)->19882K(21824K)
[2025-08-28T13:23:17.516+0000][1088069][info ][gc          ] GC(255) Pause Young (Normal) (G1 Evacuation Pause) 401M->107M(512M) 2.872ms
[2025-08-28T13:23:17.516+0000][1088069][info ][gc,cpu      ] GC(255) User=0.02s Sys=0.00s Real=0.00s
[2025-08-28T13:23:17.516+0000][1088069][info ][safepoint   ] Safepoint "G1CollectForAllocation", Time since last: 850058520 ns, Reaching safepoint: 29214 ns, Cleanup: 51838 ns, At safepoint: 3010376 ns, Total: 3091428 ns
[2025-08-28T13:23:17.518+0000][1088069][info ][gc,start    ] GC(256) Pause Young (Concurrent Start) (CodeCache GC Threshold)
[2025-08-28T13:23:17.518+0000][1088069][info ][gc,task     ] GC(256) Using 12 workers of 33 for evacuation
[2025-08-28T13:23:17.518+0000][1088069][debug][gc,age      ] GC(256) Desired survivor size 20971520 bytes, new threshold 15 (max threshold 15)
[2025-08-28T13:23:17.522+0000][1088069][info ][gc,phases   ] GC(256)   Pre Evacuate Collection Set: 0.3ms
[2025-08-28T13:23:17.522+0000][1088069][info ][gc,phases   ] GC(256)   Merge Heap Roots: 0.0ms
[2025-08-28T13:23:17.522+0000][1088069][info ][gc,phases   ] GC(256)   Evacuate Collection Set: 3.2ms
[2025-08-28T13:23:17.522+0000][1088069][info ][gc,phases   ] GC(256)   Post Evacuate Collection Set: 0.3ms
[2025-08-28T13:23:17.522+0000][1088069][info ][gc,phases   ] GC(256)   Other: 0.1ms
[2025-08-28T13:23:17.522+0000][1088069][trace][gc,age      ] GC(256) Age table with threshold 15 (max threshold 15)
[2025-08-28T13:23:17.522+0000][1088069][trace][gc,age      ] GC(256) - age   1:    1312192 bytes,    1312192 total
[2025-08-28T13:23:17.522+0000][1088069][trace][gc,age      ] GC(256) - age   2:    7031824 bytes,    8344016 total
[2025-08-28T13:23:17.522+0000][1088069][trace][gc,age      ] GC(256) - age   3:      11664 bytes,    8355680 total
[2025-08-28T13:23:17.522+0000][1088069][trace][gc,age      ] GC(256) - age   4:      47160 bytes,    8402840 total
[2025-08-28T13:23:17.522+0000][1088069][trace][gc,age      ] GC(256) - age   5:      24112 bytes,    8426952 total
[2025-08-28T13:23:17.522+0000][1088069][trace][gc,age      ] GC(256) - age   6:     666112 bytes,    9093064 total
[2025-08-28T13:23:17.522+0000][1088069][trace][gc,age      ] GC(256) - age   7:        224 bytes,    9093288 total
[2025-08-28T13:23:17.522+0000][1088069][info ][gc,heap     ] GC(256) Eden regions: 2->0(73)
[2025-08-28T13:23:17.522+0000][1088069][info ][gc,heap     ] GC(256) Survivor regions: 2->3(10)
[2025-08-28T13:23:17.522+0000][1088069][info ][gc,heap     ] GC(256) Old regions: 25->25
[2025-08-28T13:23:17.522+0000][1088069][info ][gc,heap     ] GC(256) Humongous regions: 0->0
[2025-08-28T13:23:17.522+0000][1088069][info ][gc,metaspace] GC(256) Metaspace: 145230K(149312K)->145230K(149312K) NonClass: 125347K(127488K)->125347K(127488K) Class: 19882K(21824K)->19882K(21824K)
[2025-08-28T13:23:17.522+0000][1088069][info ][gc          ] GC(256) Pause Young (Concurrent Start) (CodeCache GC Threshold) 112M->108M(512M) 3.993ms
[2025-08-28T13:23:17.522+0000][1088069][info ][gc,cpu      ] GC(256) User=0.01s Sys=0.00s Real=0.01s
[2025-08-28T13:23:17.522+0000][1088069][info ][gc          ] GC(257) Concurrent Mark Cycle
[2025-08-28T13:23:17.522+0000][1088069][info ][safepoint   ] Safepoint "G1TryInitiateConcMark", Time since last: 2083732 ns, Reaching safepoint: 80571 ns, Cleanup: 1032 ns, At safepoint: 4047245 ns, Total: 4128848 ns
[2025-08-28T13:23:17.523+0000][1088069][info ][gc,marking  ] GC(257) Concurrent Scan Root Regions
[2025-08-28T13:23:17.524+0000][1088069][info ][gc,marking  ] GC(257) Concurrent Scan Root Regions 1.204ms
[2025-08-28T13:23:17.524+0000][1088069][info ][gc,marking  ] GC(257) Concurrent Mark
[2025-08-28T13:23:17.524+0000][1088069][info ][gc,marking  ] GC(257) Concurrent Mark From Roots
[2025-08-28T13:23:17.524+0000][1088069][info ][gc,task     ] GC(257) Using 8 workers of 8 for marking
[2025-08-28T13:23:17.538+0000][1088069][info ][gc,marking  ] GC(257) Concurrent Mark From Roots 13.829ms
[2025-08-28T13:23:17.538+0000][1088069][info ][gc,marking  ] GC(257) Concurrent Preclean
[2025-08-28T13:23:17.538+0000][1088069][info ][gc,marking  ] GC(257) Concurrent Preclean 0.831ms
[2025-08-28T13:23:17.538+0000][1088069][info ][gc,start    ] GC(257) Pause Remark
[2025-08-28T13:23:17.613+0000][1088069][info ][gc          ] GC(257) Pause Remark 159M->159M(512M) 74.234ms
[2025-08-28T13:23:17.613+0000][1088069][info ][gc,cpu      ] GC(257) User=0.16s Sys=0.53s Real=0.08s
[2025-08-28T13:23:17.613+0000][1088069][info ][safepoint   ] Safepoint "G1PauseRemark", Time since last: 15942497 ns, Reaching safepoint: 17737 ns, Cleanup: 1542 ns, At safepoint: 74417699 ns, Total: 74436978 ns
[2025-08-28T13:23:17.613+0000][1088069][info ][gc,marking  ] GC(257) Concurrent Mark 89.175ms
[2025-08-28T13:23:17.613+0000][1088069][info ][gc,marking  ] GC(257) Concurrent Rebuild Remembered Sets and Scrub Regions
[2025-08-28T13:23:17.622+0000][1088069][info ][gc,marking  ] GC(257) Concurrent Rebuild Remembered Sets and Scrub Regions 8.823ms
[2025-08-28T13:23:17.622+0000][1088069][info ][gc,start    ] GC(257) Pause Cleanup
[2025-08-28T13:23:17.622+0000][1088069][info ][gc          ] GC(257) Pause Cleanup 162M->162M(512M) 0.105ms
[2025-08-28T13:23:17.622+0000][1088069][info ][gc,cpu      ] GC(257) User=0.00s Sys=0.00s Real=0.00s
[2025-08-28T13:23:17.622+0000][1088069][info ][safepoint   ] Safepoint "G1PauseCleanup", Time since last: 8971268 ns, Reaching safepoint: 86670 ns, Cleanup: 20531 ns, At safepoint: 166610 ns, Total: 273811 ns
[2025-08-28T13:23:17.622+0000][1088069][info ][gc,marking  ] GC(257) Concurrent Clear Claimed Marks
[2025-08-28T13:23:17.622+0000][1088069][info ][gc,marking  ] GC(257) Concurrent Clear Claimed Marks 0.358ms
[2025-08-28T13:23:17.622+0000][1088069][info ][gc,marking  ] GC(257) Concurrent Cleanup for Next Mark
[2025-08-28T13:23:17.623+0000][1088069][info ][gc,marking  ] GC(257) Concurrent Cleanup for Next Mark 0.291ms
[2025-08-28T13:23:17.623+0000][1088069][info ][gc          ] GC(257) Concurrent Mark Cycle 100.313ms
[2025-08-28T13:23:17.932+0000][1088069][info ][gc,start    ] GC(258) Pause Young (Prepare Mixed) (G1 Evacuation Pause)
[2025-08-28T13:23:17.932+0000][1088069][info ][gc,task     ] GC(258) Using 12 workers of 33 for evacuation
[2025-08-28T13:23:17.932+0000][1088069][debug][gc,age      ] GC(258) Desired survivor size 20971520 bytes, new threshold 15 (max threshold 15)
[2025-08-28T13:23:17.935+0000][1088069][info ][gc,phases   ] GC(258)   Pre Evacuate Collection Set: 0.2ms
[2025-08-28T13:23:17.935+0000][1088069][info ][gc,phases   ] GC(258)   Merge Heap Roots: 0.1ms
[2025-08-28T13:23:17.935+0000][1088069][info ][gc,phases   ] GC(258)   Evacuate Collection Set: 1.9ms
[2025-08-28T13:23:17.935+0000][1088069][info ][gc,phases   ] GC(258)   Post Evacuate Collection Set: 0.6ms
[2025-08-28T13:23:17.935+0000][1088069][info ][gc,phases   ] GC(258)   Other: 0.1ms
[2025-08-28T13:23:17.935+0000][1088069][trace][gc,age      ] GC(258) Age table with threshold 15 (max threshold 15)
[2025-08-28T13:23:17.935+0000][1088069][trace][gc,age      ] GC(258) - age   1:   12440912 bytes,   12440912 total
[2025-08-28T13:23:17.935+0000][1088069][trace][gc,age      ] GC(258) - age   2:        912 bytes,   12441824 total
[2025-08-28T13:23:17.935+0000][1088069][trace][gc,age      ] GC(258) - age   3:      37688 bytes,   12479512 total
[2025-08-28T13:23:17.935+0000][1088069][trace][gc,age      ] GC(258) - age   4:      10520 bytes,   12490032 total
[2025-08-28T13:23:17.935+0000][1088069][trace][gc,age      ] GC(258) - age   5:      47032 bytes,   12537064 total
[2025-08-28T13:23:17.935+0000][1088069][trace][gc,age      ] GC(258) - age   6:      24032 bytes,   12561096 total
[2025-08-28T13:23:17.935+0000][1088069][trace][gc,age      ] GC(258) - age   7:     665696 bytes,   13226792 total
[2025-08-28T13:23:17.935+0000][1088069][trace][gc,age      ] GC(258) - age   8:        224 bytes,   13227016 total
[2025-08-28T13:23:17.935+0000][1088069][info ][gc,heap     ] GC(258) Eden regions: 73->0(72)
[2025-08-28T13:23:17.935+0000][1088069][info ][gc,heap     ] GC(258) Survivor regions: 3->4(10)
[2025-08-28T13:23:17.935+0000][1088069][info ][gc,heap     ] GC(258) Old regions: 25->25
[2025-08-28T13:23:17.935+0000][1088069][info ][gc,heap     ] GC(258) Humongous regions: 0->0
[2025-08-28T13:23:17.935+0000][1088069][info ][gc,metaspace] GC(258) Metaspace: 142377K(149312K)->142377K(149312K) NonClass: 123212K(127488K)->123212K(127488K) Class: 19165K(21824K)->19165K(21824K)
[2025-08-28T13:23:17.935+0000][1088069][info ][gc          ] GC(258) Pause Young (Prepare Mixed) (G1 Evacuation Pause) 400M->112M(512M) 2.983ms
[2025-08-28T13:23:17.935+0000][1088069][info ][gc,cpu      ] GC(258) User=0.02s Sys=0.00s Real=0.00s
[2025-08-28T13:23:17.935+0000][1088069][info ][safepoint   ] Safepoint "G1CollectForAllocation", Time since last: 309695063 ns, Reaching safepoint: 27431 ns, Cleanup: 47782 ns, At safepoint: 3120702 ns, Total: 3195915 ns
[2025-08-28T13:23:18.558+0000][1088069][info ][gc,start    ] GC(259) Pause Young (Mixed) (G1 Evacuation Pause)
[2025-08-28T13:23:18.558+0000][1088069][info ][gc,task     ] GC(259) Using 12 workers of 33 for evacuation
[2025-08-28T13:23:18.558+0000][1088069][debug][gc,age      ] GC(259) Desired survivor size 20971520 bytes, new threshold 15 (max threshold 15)
[2025-08-28T13:23:18.566+0000][1088069][info ][gc,phases   ] GC(259)   Pre Evacuate Collection Set: 0.2ms
[2025-08-28T13:23:18.566+0000][1088069][info ][gc,phases   ] GC(259)   Merge Heap Roots: 0.1ms
[2025-08-28T13:23:18.566+0000][1088069][info ][gc,phases   ] GC(259)   Evacuate Collection Set: 6.5ms
[2025-08-28T13:23:18.566+0000][1088069][info ][gc,phases   ] GC(259)   Post Evacuate Collection Set: 0.8ms
[2025-08-28T13:23:18.566+0000][1088069][info ][gc,phases   ] GC(259)   Other: 0.1ms
[2025-08-28T13:23:18.566+0000][1088069][trace][gc,age      ] GC(259) Age table with threshold 15 (max threshold 15)
[2025-08-28T13:23:18.566+0000][1088069][trace][gc,age      ] GC(259) - age   1:   27352736 bytes,   27352736 total
[2025-08-28T13:23:18.566+0000][1088069][trace][gc,age      ] GC(259) - age   2:      11200 bytes,   27363936 total
[2025-08-28T13:23:18.566+0000][1088069][trace][gc,age      ] GC(259) - age   4:      32032 bytes,   27395968 total
[2025-08-28T13:23:18.566+0000][1088069][trace][gc,age      ] GC(259) - age   5:      10520 bytes,   27406488 total
[2025-08-28T13:23:18.566+0000][1088069][trace][gc,age      ] GC(259) - age   6:      47032 bytes,   27453520 total
[2025-08-28T13:23:18.566+0000][1088069][trace][gc,age      ] GC(259) - age   7:      24032 bytes,   27477552 total
[2025-08-28T13:23:18.566+0000][1088069][trace][gc,age      ] GC(259) - age   8:     608232 bytes,   28085784 total
[2025-08-28T13:23:18.566+0000][1088069][info ][gc,heap     ] GC(259) Eden regions: 72->0(69)
[2025-08-28T13:23:18.566+0000][1088069][info ][gc,heap     ] GC(259) Survivor regions: 4->7(10)
[2025-08-28T13:23:18.566+0000][1088069][info ][gc,heap     ] GC(259) Old regions: 25->24
[2025-08-28T13:23:18.566+0000][1088069][info ][gc,heap     ] GC(259) Humongous regions: 0->0
[2025-08-28T13:23:18.566+0000][1088069][info ][gc,metaspace] GC(259) Metaspace: 142379K(149312K)->142379K(149312K) NonClass: 123214K(127488K)->123214K(127488K) Class: 19165K(21824K)->19165K(21824K)
[2025-08-28T13:23:18.566+0000][1088069][info ][gc          ] GC(259) Pause Young (Mixed) (G1 Evacuation Pause) 400M->122M(512M) 7.791ms
[2025-08-28T13:23:18.566+0000][1088069][info ][gc,cpu      ] GC(259) User=0.04s Sys=0.00s Real=0.01s
[2025-08-28T13:23:18.566+0000][1088069][info ][safepoint   ] Safepoint "G1CollectForAllocation", Time since last: 622921584 ns, Reaching safepoint: 98919 ns, Cleanup: 19690 ns, At safepoint: 7949531 ns, Total: 8068140 ns
[2025-08-28T13:23:18.916+0000][1088069][info ][gc,start    ] GC(260) Pause Young (Normal) (G1 Evacuation Pause)
[2025-08-28T13:23:18.916+0000][1088069][info ][gc,task     ] GC(260) Using 12 workers of 33 for evacuation
[2025-08-28T13:23:18.916+0000][1088069][debug][gc,age      ] GC(260) Desired survivor size 20971520 bytes, new threshold 1 (max threshold 15)
[2025-08-28T13:23:18.919+0000][1088069][info ][gc,phases   ] GC(260)   Pre Evacuate Collection Set: 0.2ms
[2025-08-28T13:23:18.919+0000][1088069][info ][gc,phases   ] GC(260)   Merge Heap Roots: 0.1ms
[2025-08-28T13:23:18.919+0000][1088069][info ][gc,phases   ] GC(260)   Evacuate Collection Set: 2.1ms
[2025-08-28T13:23:18.919+0000][1088069][info ][gc,phases   ] GC(260)   Post Evacuate Collection Set: 0.5ms
[2025-08-28T13:23:18.919+0000][1088069][info ][gc,phases   ] GC(260)   Other: 0.1ms
[2025-08-28T13:23:18.919+0000][1088069][trace][gc,age      ] GC(260) Age table with threshold 1 (max threshold 15)
[2025-08-28T13:23:18.919+0000][1088069][trace][gc,age      ] GC(260) - age   1:   24315248 bytes,   24315248 total
[2025-08-28T13:23:18.919+0000][1088069][info ][gc,heap     ] GC(260) Eden regions: 69->0(70)
[2025-08-28T13:23:18.919+0000][1088069][info ][gc,heap     ] GC(260) Survivor regions: 7->6(10)
[2025-08-28T13:23:18.919+0000][1088069][info ][gc,heap     ] GC(260) Old regions: 24->25
[2025-08-28T13:23:18.919+0000][1088069][info ][gc,heap     ] GC(260) Humongous regions: 0->0
[2025-08-28T13:23:18.919+0000][1088069][info ][gc,metaspace] GC(260) Metaspace: 142395K(149312K)->142395K(149312K) NonClass: 123229K(127488K)->123229K(127488K) Class: 19166K(21824K)->19166K(21824K)
[2025-08-28T13:23:18.919+0000][1088069][info ][gc          ] GC(260) Pause Young (Normal) (G1 Evacuation Pause) 398M->120M(512M) 3.135ms
[2025-08-28T13:23:18.919+0000][1088069][info ][gc,cpu      ] GC(260) User=0.02s Sys=0.00s Real=0.00s
[2025-08-28T13:23:18.919+0000][1088069][info ][safepoint   ] Safepoint "G1CollectForAllocation", Time since last: 349595088 ns, Reaching safepoint: 30366 ns, Cleanup: 25528 ns, At safepoint: 3288354 ns, Total: 3344248 ns
[2025-08-28T13:23:19.568+0000][1088069][info ][gc,start    ] GC(261) Pause Young (Normal) (G1 Evacuation Pause)
[2025-08-28T13:23:19.568+0000][1088069][info ][gc,task     ] GC(261) Using 12 workers of 33 for evacuation
[2025-08-28T13:23:19.568+0000][1088069][debug][gc,age      ] GC(261) Desired survivor size 20971520 bytes, new threshold 1 (max threshold 15)
[2025-08-28T13:23:19.571+0000][1088069][info ][gc,phases   ] GC(261)   Pre Evacuate Collection Set: 0.2ms
[2025-08-28T13:23:19.571+0000][1088069][info ][gc,phases   ] GC(261)   Merge Heap Roots: 0.1ms
[2025-08-28T13:23:19.571+0000][1088069][info ][gc,phases   ] GC(261)   Evacuate Collection Set: 2.2ms
[2025-08-28T13:23:19.571+0000][1088069][info ][gc,phases   ] GC(261)   Post Evacuate Collection Set: 0.4ms
[2025-08-28T13:23:19.571+0000][1088069][info ][gc,phases   ] GC(261)   Other: 0.1ms
[2025-08-28T13:23:19.571+0000][1088069][trace][gc,age      ] GC(261) Age table with threshold 1 (max threshold 15)
[2025-08-28T13:23:19.571+0000][1088069][trace][gc,age      ] GC(261) - age   1:    2616368 bytes,    2616368 total
[2025-08-28T13:23:19.571+0000][1088069][info ][gc,heap     ] GC(261) Eden regions: 70->0(75)
[2025-08-28T13:23:19.571+0000][1088069][info ][gc,heap     ] GC(261) Survivor regions: 6->1(10)
[2025-08-28T13:23:19.571+0000][1088069][info ][gc,heap     ] GC(261) Old regions: 25->25
[2025-08-28T13:23:19.571+0000][1088069][info ][gc,heap     ] GC(261) Humongous regions: 0->0
[2025-08-28T13:23:19.571+0000][1088069][info ][gc,metaspace] GC(261) Metaspace: 142412K(149312K)->142412K(149312K) NonClass: 123245K(127488K)->123245K(127488K) Class: 19166K(21824K)->19166K(21824K)
[2025-08-28T13:23:19.571+0000][1088069][info ][gc          ] GC(261) Pause Young (Normal) (G1 Evacuation Pause) 400M->99M(512M) 3.092ms
[2025-08-28T13:23:19.571+0000][1088069][info ][gc,cpu      ] GC(261) User=0.01s Sys=0.00s Real=0.01s
[2025-08-28T13:23:19.571+0000][1088069][info ][safepoint   ] Safepoint "G1CollectForAllocation", Time since last: 649106180 ns, Reaching safepoint: 98468 ns, Cleanup: 44076 ns, At safepoint: 3235464 ns, Total: 3378008 ns
[2025-08-28T13:23:19.918+0000][1088069][info ][gc,start    ] GC(262) Pause Young (Normal) (G1 Evacuation Pause)
[2025-08-28T13:23:19.918+0000][1088069][info ][gc,task     ] GC(262) Using 12 workers of 33 for evacuation
[2025-08-28T13:23:19.918+0000][1088069][debug][gc,age      ] GC(262) Desired survivor size 20971520 bytes, new threshold 15 (max threshold 15)
[2025-08-28T13:23:19.921+0000][1088069][info ][gc,phases   ] GC(262)   Pre Evacuate Collection Set: 0.2ms
[2025-08-28T13:23:19.921+0000][1088069][info ][gc,phases   ] GC(262)   Merge Heap Roots: 0.1ms
[2025-08-28T13:23:19.921+0000][1088069][info ][gc,phases   ] GC(262)   Evacuate Collection Set: 1.9ms
[2025-08-28T13:23:19.921+0000][1088069][info ][gc,phases   ] GC(262)   Post Evacuate Collection Set: 0.6ms
[2025-08-28T13:23:19.921+0000][1088069][info ][gc,phases   ] GC(262)   Other: 0.1ms
[2025-08-28T13:23:19.921+0000][1088069][trace][gc,age      ] GC(262) Age table with threshold 15 (max threshold 15)
[2025-08-28T13:23:19.921+0000][1088069][trace][gc,age      ] GC(262) - age   1:   18810136 bytes,   18810136 total
[2025-08-28T13:23:19.921+0000][1088069][trace][gc,age      ] GC(262) - age   2:      13152 bytes,   18823288 total
[2025-08-28T13:23:19.921+0000][1088069][info ][gc,heap     ] GC(262) Eden regions: 75->0(71)
[2025-08-28T13:23:19.921+0000][1088069][info ][gc,heap     ] GC(262) Survivor regions: 1->5(10)
[2025-08-28T13:23:19.921+0000][1088069][info ][gc,heap     ] GC(262) Old regions: 25->25
[2025-08-28T13:23:19.921+0000][1088069][info ][gc,heap     ] GC(262) Humongous regions: 0->0
[2025-08-28T13:23:19.921+0000][1088069][info ][gc,metaspace] GC(262) Metaspace: 142415K(149312K)->142415K(149312K) NonClass: 123249K(127488K)->123249K(127488K) Class: 19166K(21824K)->19166K(21824K)
[2025-08-28T13:23:19.921+0000][1088069][info ][gc          ] GC(262) Pause Young (Normal) (G1 Evacuation Pause) 399M->114M(512M) 2.947ms
[2025-08-28T13:23:19.921+0000][1088069][info ][gc,cpu      ] GC(262) User=0.02s Sys=0.00s Real=0.01s
[2025-08-28T13:23:19.921+0000][1088069][info ][safepoint   ] Safepoint "G1CollectForAllocation", Time since last: 346100174 ns, Reaching safepoint: 55784 ns, Cleanup: 22033 ns, At safepoint: 3133251 ns, Total: 3211068 ns
[2025-08-28T13:23:20.270+0000][1088069][info ][gc,start    ] GC(263) Pause Young (Normal) (G1 Evacuation Pause)
[2025-08-28T13:23:20.270+0000][1088069][info ][gc,task     ] GC(263) Using 12 workers of 33 for evacuation
[2025-08-28T13:23:20.270+0000][1088069][debug][gc,age      ] GC(263) Desired survivor size 20971520 bytes, new threshold 15 (max threshold 15)
[2025-08-28T13:23:20.272+0000][1088069][info ][gc,phases   ] GC(263)   Pre Evacuate Collection Set: 0.2ms
[2025-08-28T13:23:20.272+0000][1088069][info ][gc,phases   ] GC(263)   Merge Heap Roots: 0.1ms
[2025-08-28T13:23:20.272+0000][1088069][info ][gc,phases   ] GC(263)   Evacuate Collection Set: 1.9ms
[2025-08-28T13:23:20.272+0000][1088069][info ][gc,phases   ] GC(263)   Post Evacuate Collection Set: 0.5ms
[2025-08-28T13:23:20.272+0000][1088069][info ][gc,phases   ] GC(263)   Other: 0.1ms
[2025-08-28T13:23:20.272+0000][1088069][trace][gc,age      ] GC(263) Age table with threshold 15 (max threshold 15)
[2025-08-28T13:23:20.272+0000][1088069][trace][gc,age      ] GC(263) - age   1:   21589592 bytes,   21589592 total
[2025-08-28T13:23:20.272+0000][1088069][trace][gc,age      ] GC(263) - age   2:      10344 bytes,   21599936 total
[2025-08-28T13:23:20.272+0000][1088069][trace][gc,age      ] GC(263) - age   3:       1912 bytes,   21601848 total
[2025-08-28T13:23:20.272+0000][1088069][info ][gc,heap     ] GC(263) Eden regions: 71->0(70)
[2025-08-28T13:23:20.272+0000][1088069][info ][gc,heap     ] GC(263) Survivor regions: 5->6(10)
[2025-08-28T13:23:20.272+0000][1088069][info ][gc,heap     ] GC(263) Old regions: 25->25
[2025-08-28T13:23:20.272+0000][1088069][info ][gc,heap     ] GC(263) Humongous regions: 0->0
[2025-08-28T13:23:20.272+0000][1088069][info ][gc,metaspace] GC(263) Metaspace: 142416K(149312K)->142416K(149312K) NonClass: 123249K(127488K)->123249K(127488K) Class: 19166K(21824K)->19166K(21824K)
[2025-08-28T13:23:20.272+0000][1088069][info ][gc          ] GC(263) Pause Young (Normal) (G1 Evacuation Pause) 398M->117M(512M) 2.882ms
[2025-08-28T13:23:20.272+0000][1088069][info ][gc,cpu      ] GC(263) User=0.02s Sys=0.00s Real=0.01s
[2025-08-28T13:23:20.272+0000][1088069][info ][safepoint   ] Safepoint "G1CollectForAllocation", Time since last: 348626041 ns, Reaching safepoint: 28012 ns, Cleanup: 18308 ns, At safepoint: 3039099 ns, Total: 3085419 ns
[2025-08-28T13:23:23.273+0000][1088069][info ][safepoint   ] Safepoint "Cleanup", Time since last: 3000258391 ns, Reaching safepoint: 29244 ns, Cleanup: 15283 ns, At safepoint: 3405 ns, Total: 47932 ns
[2025-08-28T13:23:51.021+0000][1088069][info ][safepoint   ] Safepoint "Cleanup", Time since last: 27747944237 ns, Reaching safepoint: 63235 ns, Cleanup: 15373 ns, At safepoint: 6209 ns, Total: 84817 ns
[2025-08-28T13:24:53.026+0000][1088069][info ][safepoint   ] Safepoint "Cleanup", Time since last: 62004741717 ns, Reaching safepoint: 27972 ns, Cleanup: 18167 ns, At safepoint: 10155 ns, Total: 56294 ns
[2025-08-28T13:25:12.027+0000][1088069][info ][safepoint   ] Safepoint "Cleanup", Time since last: 19001208588 ns, Reaching safepoint: 93310 ns, Cleanup: 15374 ns, At safepoint: 6379 ns, Total: 115063 ns
[2025-08-28T13:25:51.030+0000][1088069][info ][safepoint   ] Safepoint "Cleanup", Time since last: 39002743765 ns, Reaching safepoint: 60281 ns, Cleanup: 14332 ns, At safepoint: 6469 ns, Total: 81082 ns
[2025-08-28T13:27:14.035+0000][1088069][info ][safepoint   ] Safepoint "Cleanup", Time since last: 83005494805 ns, Reaching safepoint: 64807 ns, Cleanup: 15413 ns, At safepoint: 3726 ns, Total: 83946 ns
[2025-08-28T13:27:23.037+0000][1088069][info ][safepoint   ] Safepoint "Cleanup", Time since last: 9001166091 ns, Reaching safepoint: 62804 ns, Cleanup: 20762 ns, At safepoint: 3585 ns, Total: 87151 ns
[2025-08-28T13:27:52.170+0000][1088069][info ][gc,start    ] GC(264) Pause Young (Normal) (G1 Evacuation Pause)
[2025-08-28T13:27:52.170+0000][1088069][info ][gc,task     ] GC(264) Using 12 workers of 33 for evacuation
[2025-08-28T13:27:52.170+0000][1088069][debug][gc,age      ] GC(264) Desired survivor size 20971520 bytes, new threshold 1 (max threshold 15)
[2025-08-28T13:27:52.173+0000][1088069][info ][gc,phases   ] GC(264)   Pre Evacuate Collection Set: 0.2ms
[2025-08-28T13:27:52.173+0000][1088069][info ][gc,phases   ] GC(264)   Merge Heap Roots: 0.1ms
[2025-08-28T13:27:52.173+0000][1088069][info ][gc,phases   ] GC(264)   Evacuate Collection Set: 1.8ms
[2025-08-28T13:27:52.173+0000][1088069][info ][gc,phases   ] GC(264)   Post Evacuate Collection Set: 0.3ms
[2025-08-28T13:27:52.173+0000][1088069][info ][gc,phases   ] GC(264)   Other: 0.1ms
[2025-08-28T13:27:52.173+0000][1088069][trace][gc,age      ] GC(264) Age table with threshold 1 (max threshold 15)
[2025-08-28T13:27:52.173+0000][1088069][trace][gc,age      ] GC(264) - age   1:      48104 bytes,      48104 total
[2025-08-28T13:27:52.173+0000][1088069][info ][gc,heap     ] GC(264) Eden regions: 70->0(75)
[2025-08-28T13:27:52.173+0000][1088069][info ][gc,heap     ] GC(264) Survivor regions: 6->1(10)
[2025-08-28T13:27:52.173+0000][1088069][info ][gc,heap     ] GC(264) Old regions: 25->25
[2025-08-28T13:27:52.173+0000][1088069][info ][gc,heap     ] GC(264) Humongous regions: 0->0
[2025-08-28T13:27:52.173+0000][1088069][info ][gc,metaspace] GC(264) Metaspace: 142432K(149312K)->142432K(149312K) NonClass: 123266K(127488K)->123266K(127488K) Class: 19166K(21824K)->19166K(21824K)
[2025-08-28T13:27:52.173+0000][1088069][info ][gc          ] GC(264) Pause Young (Normal) (G1 Evacuation Pause) 397M->97M(512M) 2.557ms
[2025-08-28T13:27:52.173+0000][1088069][info ][gc,cpu      ] GC(264) User=0.01s Sys=0.00s Real=0.01s
[2025-08-28T13:27:52.173+0000][1088069][info ][safepoint   ] Safepoint "G1CollectForAllocation", Time since last: 29133516786 ns, Reaching safepoint: 53801 ns, Cleanup: 5629 ns, At safepoint: 2708279 ns, Total: 2767709 ns
[2025-08-28T13:28:41.176+0000][1088069][info ][safepoint   ] Safepoint "Cleanup", Time since last: 49003093270 ns, Reaching safepoint: 62424 ns, Cleanup: 14762 ns, At safepoint: 4176 ns, Total: 81362 ns
[2025-08-28T13:29:23.179+0000][1088069][info ][safepoint   ] Safepoint "Cleanup", Time since last: 42002618233 ns, Reaching safepoint: 64226 ns, Cleanup: 14272 ns, At safepoint: 261102 ns, Total: 339600 ns
[2025-08-28T13:29:40.180+0000][1088069][info ][safepoint   ] Safepoint "Cleanup", Time since last: 17001122979 ns, Reaching safepoint: 61422 ns, Cleanup: 15503 ns, At safepoint: 3606 ns, Total: 80531 ns
[2025-08-28T13:29:50.181+0000][1088069][info ][safepoint   ] Safepoint "Cleanup", Time since last: 10000697961 ns, Reaching safepoint: 27541 ns, Cleanup: 15704 ns, At safepoint: 4046 ns, Total: 47291 ns
[2025-08-28T13:30:09.182+0000][1088069][info ][safepoint   ] Safepoint "Cleanup", Time since last: 19001207638 ns, Reaching safepoint: 60561 ns, Cleanup: 15083 ns, At safepoint: 6490 ns, Total: 82134 ns
[2025-08-28T13:31:53.189+0000][1088069][info ][safepoint   ] Safepoint "Cleanup", Time since last: 104006394978 ns, Reaching safepoint: 66600 ns, Cleanup: 18297 ns, At safepoint: 4107 ns, Total: 89004 ns
[2025-08-28T13:32:16.191+0000][1088069][info ][safepoint   ] Safepoint "Cleanup", Time since last: 23001840379 ns, Reaching safepoint: 79219 ns, Cleanup: 15904 ns, At safepoint: 4757 ns, Total: 99880 ns
[2025-08-28T13:32:53.193+0000][1088069][info ][safepoint   ] Safepoint "Cleanup", Time since last: 37002399949 ns, Reaching safepoint: 65549 ns, Cleanup: 15333 ns, At safepoint: 3746 ns, Total: 84628 ns
[2025-08-28T13:33:26.195+0000][1088069][info ][safepoint   ] Safepoint "Cleanup", Time since last: 33002066389 ns, Reaching safepoint: 64777 ns, Cleanup: 15123 ns, At safepoint: 4116 ns, Total: 84016 ns
[2025-08-28T13:33:28.196+0000][1088069][info ][safepoint   ] Safepoint "Cleanup", Time since last: 2000163304 ns, Reaching safepoint: 64907 ns, Cleanup: 14071 ns, At safepoint: 6791 ns, Total: 85769 ns
[2025-08-28T13:33:33.196+0000][1088069][info ][safepoint   ] Safepoint "Cleanup", Time since last: 5000452589 ns, Reaching safepoint: 26811 ns, Cleanup: 14912 ns, At safepoint: 3605 ns, Total: 45328 ns
[2025-08-28T13:33:53.179+0000][1088069][info ][safepoint   ] Safepoint "Cleanup", Time since last: 19983329595 ns, Reaching safepoint: 62053 ns, Cleanup: 17677 ns, At safepoint: 3956 ns, Total: 83686 ns
[2025-08-28T13:33:55.334+0000][1088069][info ][gc,start    ] GC(265) Pause Young (Normal) (G1 Evacuation Pause)
[2025-08-28T13:33:55.334+0000][1088069][info ][gc,task     ] GC(265) Using 12 workers of 33 for evacuation
[2025-08-28T13:33:55.334+0000][1088069][debug][gc,age      ] GC(265) Desired survivor size 20971520 bytes, new threshold 15 (max threshold 15)
[2025-08-28T13:33:55.336+0000][1088069][info ][gc,phases   ] GC(265)   Pre Evacuate Collection Set: 0.2ms
[2025-08-28T13:33:55.336+0000][1088069][info ][gc,phases   ] GC(265)   Merge Heap Roots: 0.1ms
[2025-08-28T13:33:55.336+0000][1088069][info ][gc,phases   ] GC(265)   Evacuate Collection Set: 1.5ms
[2025-08-28T13:33:55.336+0000][1088069][info ][gc,phases   ] GC(265)   Post Evacuate Collection Set: 0.3ms
[2025-08-28T13:33:55.336+0000][1088069][info ][gc,phases   ] GC(265)   Other: 0.1ms
[2025-08-28T13:33:55.336+0000][1088069][trace][gc,age      ] GC(265) Age table with threshold 15 (max threshold 15)
[2025-08-28T13:33:55.336+0000][1088069][trace][gc,age      ] GC(265) - age   1:      34896 bytes,      34896 total
[2025-08-28T13:33:55.336+0000][1088069][trace][gc,age      ] GC(265) - age   2:      19544 bytes,      54440 total
[2025-08-28T13:33:55.336+0000][1088069][info ][gc,heap     ] GC(265) Eden regions: 75->0(75)
[2025-08-28T13:33:55.336+0000][1088069][info ][gc,heap     ] GC(265) Survivor regions: 1->1(10)
[2025-08-28T13:33:55.336+0000][1088069][info ][gc,heap     ] GC(265) Old regions: 25->25
[2025-08-28T13:33:55.336+0000][1088069][info ][gc,heap     ] GC(265) Humongous regions: 0->0
[2025-08-28T13:33:55.336+0000][1088069][info ][gc,metaspace] GC(265) Metaspace: 142508K(149312K)->142508K(149312K) NonClass: 123341K(127488K)->123341K(127488K) Class: 19166K(21824K)->19166K(21824K)
[2025-08-28T13:33:55.336+0000][1088069][info ][gc          ] GC(265) Pause Young (Normal) (G1 Evacuation Pause) 397M->96M(512M) 2.367ms
[2025-08-28T13:33:55.336+0000][1088069][info ][gc,cpu      ] GC(265) User=0.01s Sys=0.00s Real=0.00s
[2025-08-28T13:33:55.336+0000][1088069][info ][safepoint   ] Safepoint "G1CollectForAllocation", Time since last: 2154066055 ns, Reaching safepoint: 53641 ns, Cleanup: 6410 ns, At safepoint: 2627337 ns, Total: 2687388 ns
[2025-08-28T13:34:10.337+0000][1088069][info ][safepoint   ] Safepoint "Cleanup", Time since last: 15000931900 ns, Reaching safepoint: 65098 ns, Cleanup: 14371 ns, At safepoint: 3926 ns, Total: 83395 ns
[2025-08-28T13:34:22.338+0000][1088069][info ][safepoint   ] Safepoint "Cleanup", Time since last: 12000830286 ns, Reaching safepoint: 65278 ns, Cleanup: 14231 ns, At safepoint: 4196 ns, Total: 83705 ns
[2025-08-28T13:34:23.338+0000][1088069][info ][safepoint   ] Safepoint "Cleanup", Time since last: 1000103470 ns, Reaching safepoint: 28002 ns, Cleanup: 13770 ns, At safepoint: 3626 ns, Total: 45398 ns
[2025-08-28T13:34:43.340+0000][1088069][info ][safepoint   ] Safepoint "Cleanup", Time since last: 20001257288 ns, Reaching safepoint: 73360 ns, Cleanup: 14912 ns, At safepoint: 4086 ns, Total: 92358 ns
[2025-08-28T13:34:46.340+0000][1088069][info ][safepoint   ] Safepoint "Cleanup", Time since last: 3000267675 ns, Reaching safepoint: 94061 ns, Cleanup: 15123 ns, At safepoint: 4547 ns, Total: 113731 ns
[2025-08-28T13:34:48.340+0000][1088069][info ][safepoint   ] Safepoint "Cleanup", Time since last: 2000221777 ns, Reaching safepoint: 27602 ns, Cleanup: 14992 ns, At safepoint: 3726 ns, Total: 46320 ns
[2025-08-28T13:34:52.341+0000][1088069][info ][safepoint   ] Safepoint "Cleanup", Time since last: 4000298778 ns, Reaching safepoint: 37427 ns, Cleanup: 29824 ns, At safepoint: 3906 ns, Total: 71157 ns
[2025-08-28T13:34:53.341+0000][1088069][info ][safepoint   ] Safepoint "Cleanup", Time since last: 1000136353 ns, Reaching safepoint: 28032 ns, Cleanup: 13951 ns, At safepoint: 3745 ns, Total: 45728 ns
[2025-08-28T13:35:03.342+0000][1088069][info ][safepoint   ] Safepoint "Cleanup", Time since last: 10000715079 ns, Reaching safepoint: 69274 ns, Cleanup: 14421 ns, At safepoint: 7822 ns, Total: 91517 ns
[2025-08-28T13:35:23.343+0000][1088069][info ][safepoint   ] Safepoint "Cleanup", Time since last: 20001403006 ns, Reaching safepoint: 68172 ns, Cleanup: 19720 ns, At safepoint: 3805 ns, Total: 91697 ns
[2025-08-28T13:35:52.345+0000][1088069][info ][safepoint   ] Safepoint "Cleanup", Time since last: 29002195157 ns, Reaching safepoint: 28463 ns, Cleanup: 15263 ns, At safepoint: 39159 ns, Total: 82885 ns
[2025-08-28T13:36:02.346+0000][1088069][info ][safepoint   ] Safepoint "Cleanup", Time since last: 10000850504 ns, Reaching safepoint: 64758 ns, Cleanup: 14902 ns, At safepoint: 3776 ns, Total: 83436 ns
[2025-08-28T13:36:22.348+0000][1088069][info ][safepoint   ] Safepoint "Cleanup", Time since last: 20001542739 ns, Reaching safepoint: 64807 ns, Cleanup: 14482 ns, At safepoint: 3675 ns, Total: 82964 ns
[2025-08-28T13:36:52.350+0000][1088069][info ][safepoint   ] Safepoint "Cleanup", Time since last: 30002180281 ns, Reaching safepoint: 64977 ns, Cleanup: 15273 ns, At safepoint: 3906 ns, Total: 84156 ns
[2025-08-28T13:37:52.355+0000][1088069][info ][safepoint   ] Safepoint "Cleanup", Time since last: 60004561577 ns, Reaching safepoint: 63876 ns, Cleanup: 14291 ns, At safepoint: 3796 ns, Total: 81963 ns
[2025-08-28T13:38:22.357+0000][1088069][info ][safepoint   ] Safepoint "Cleanup", Time since last: 30002209893 ns, Reaching safepoint: 65879 ns, Cleanup: 16945 ns, At safepoint: 4016 ns, Total: 86840 ns
[2025-08-28T13:39:22.362+0000][1088069][info ][safepoint   ] Safepoint "Cleanup", Time since last: 60004293814 ns, Reaching safepoint: 91858 ns, Cleanup: 14012 ns, At safepoint: 3855 ns, Total: 109725 ns
[2025-08-28T13:39:27.362+0000][1088069][info ][safepoint   ] Safepoint "Cleanup", Time since last: 5000406225 ns, Reaching safepoint: 63386 ns, Cleanup: 14622 ns, At safepoint: 6419 ns, Total: 84427 ns
